1.064: [GC 1.064: [ParNew
Desired survivor size 1343488 bytes, new threshold 1 (max 4)
- age   1:    1750400 bytes,    1750400 total
: 16000K->1731K(18624K), 0.0151029 secs] 16000K->1731K(81280K), 0.0151899 secs] [Times: user=0.03 sys=0.01, real=0.01 secs] 
1.149: [Full GC (System) 1.149: [CMS: 0K->1602K(62656K), 0.0761581 secs] 4659K->1602K(81280K), [CMS Perm : 10118K->10064K(21248K)], 0.0762653 secs] [Times: user=0.06 sys=0.01, real=0.08 secs] 
1.227: [Full GC (System) 1.227: [CMS: 1602K->1598K(62656K), 0.0537057 secs] 1602K->1598K(81280K), [CMS Perm : 10064K->10064K(21248K)], 0.0537841 secs] [Times: user=0.05 sys=0.00, real=0.06 secs] 
7.364: [GC 7.364: [ParNew
Desired survivor size 1343488 bytes, new threshold 1 (max 4)
- age   1:    2686744 bytes,    2686744 total
: 16000K->2624K(18624K), 0.0252735 secs] 17598K->5138K(81280K), 0.0253561 secs] [Times: user=0.04 sys=0.00, real=0.02 secs] 
9.723: [GC 9.723: [ParNew
Desired survivor size 1343488 bytes, new threshold 4 (max 4)
- age   1:    1316704 bytes,    1316704 total
: 18575K->2304K(18624K), 0.0275180 secs] 21089K->7595K(81280K), 0.0276006 secs] [Times: user=0.03 sys=0.01, real=0.02 secs] 
9.769: [GC 9.769: [ParNew
Desired survivor size 1343488 bytes, new threshold 2 (max 4)
- age   1:     123448 bytes,     123448 total
- age   2:    1265352 bytes,    1388800 total
: 18268K->1651K(18624K), 0.0061120 secs] 23559K->6941K(81280K), 0.0062003 secs] [Times: user=0.01 sys=0.00, real=0.01 secs] 
9.789: [GC 9.789: [ParNew
Desired survivor size 1343488 bytes, new threshold 4 (max 4)
- age   1:     163216 bytes,     163216 total
: 17637K->1339K(18624K), 0.0091816 secs] 22928K->7864K(81280K), 0.0092723 secs] [Times: user=0.01 sys=0.00, real=0.01 secs] 
9.811: [GC 9.811: [ParNew
Desired survivor size 1343488 bytes, new threshold 4 (max 4)
- age   1:     192400 bytes,     192400 total
- age   2:       1016 bytes,     193416 total
: 17337K->347K(18624K), 0.0007142 secs] 23862K->6872K(81280K), 0.0008003 secs] [Times: user=0.00 sys=0.00, real=0.01 secs] 
9.824: [GC 9.824: [ParNew
Desired survivor size 1343488 bytes, new threshold 4 (max 4)
- age   1:     217888 bytes,     217888 total
- age   3:       1016 bytes,     218904 total
: 16324K->292K(18624K), 0.0006090 secs] 22849K->6817K(81280K), 0.0006656 secs] [Times: user=0.00 sys=0.00, real=0.00 secs] 
9.838: [GC 9.838: [ParNew
Desired survivor size 1343488 bytes, new threshold 4 (max 4)
- age   1:     163064 bytes,     163064 total
- age   4:       1016 bytes,     164080 total
: 16266K->169K(18624K), 0.0010288 secs] 22792K->6694K(81280K), 0.0011206 secs] [Times: user=0.01 sys=0.00, real=0.00 secs] 
9.852: [GC 9.852: [ParNew
Desired survivor size 1343488 bytes, new threshold 4 (max 4)
- age   1:     259320 bytes,     259320 total
: 16157K->255K(18624K), 0.0007205 secs] 22683K->6782K(81280K), 0.0008089 secs] [Times: user=0.00 sys=0.00, real=0.00 secs] 
9.917: [GC 9.918: [ParNew
Desired survivor size 1343488 bytes, new threshold 4 (max 4)
- age   1:     104080 bytes,     104080 total
: 16250K->104K(18624K), 0.0009196 secs] 22777K->6630K(81280K), 0.0009914 secs] [Times: user=0.00 sys=0.00, real=0.00 secs] 
9.932: [GC 9.932: [ParNew
Desired survivor size 1343488 bytes, new threshold 4 (max 4)
- age   1:     132312 bytes,     132312 total
- age   2:      13960 bytes,     146272 total
: 16102K->144K(18624K), 0.0008695 secs] 22628K->6671K(81280K), 0.0009376 secs] [Times: user=0.00 sys=0.00, real=0.00 secs] 
9.953: [GC 9.953: [ParNew
Desired survivor size 1343488 bytes, new threshold 4 (max 4)
- age   1:     229560 bytes,     229560 total
- age   3:      13256 bytes,     242816 total
: 16144K->240K(18624K), 0.0007033 secs] 22671K->6766K(81280K), 0.0007721 secs] [Times: user=0.00 sys=0.00, real=0.00 secs] 
9.972: [GC 9.972: [ParNew
Desired survivor size 1343488 bytes, new threshold 4 (max 4)
- age   1:     278912 bytes,     278912 total
- age   2:       4272 bytes,     283184 total
- age   4:      13256 bytes,     296440 total
: 16229K->290K(18624K), 0.0041488 secs] 22755K->6816K(81280K), 0.0042568 secs] [Times: user=0.01 sys=0.00, real=0.00 secs] 
9.993: [GC 9.993: [ParNew
Desired survivor size 1343488 bytes, new threshold 4 (max 4)
- age   1:     166512 bytes,     166512 total
- age   2:       9176 bytes,     175688 total
- age   3:       4272 bytes,     179960 total
: 16280K->186K(18624K), 0.0011516 secs] 22807K->6726K(81280K), 0.0012307 secs] [Times: user=0.00 sys=0.00, real=0.00 secs] 
10.007: [GC 10.007: [ParNew
Desired survivor size 1343488 bytes, new threshold 4 (max 4)
- age   1:     242432 bytes,     242432 total
- age   3:       9176 bytes,     251608 total
- age   4:       4272 bytes,     255880 total
: 16175K->251K(18624K), 0.0010358 secs] 22714K->6790K(81280K), 0.0011003 secs] [Times: user=0.01 sys=0.00, real=0.00 secs] 
10.021: [GC 10.021: [ParNew
Desired survivor size 1343488 bytes, new threshold 4 (max 4)
- age   1:     357192 bytes,     357192 total
- age   4:       9176 bytes,     366368 total
: 16238K->361K(18624K), 0.0012102 secs] 22777K->6904K(81280K), 0.0012908 secs] [Times: user=0.00 sys=0.00, real=0.01 secs] 
10.041: [GC 10.041: [ParNew
Desired survivor size 1343488 bytes, new threshold 4 (max 4)
- age   1:     352016 bytes,     352016 total
: 16265K->348K(18624K), 0.0017226 secs] 22808K->6901K(81280K), 0.0018298 secs] [Times: user=0.01 sys=0.00, real=0.01 secs] 
10.056: [GC 10.056: [ParNew
Desired survivor size 1343488 bytes, new threshold 4 (max 4)
- age   1:     138272 bytes,     138272 total
: 16328K->138K(18624K), 0.0006520 secs] 22880K->6691K(81280K), 0.0007199 secs] [Times: user=0.00 sys=0.00, real=0.00 secs] 
10.073: [GC 10.073: [ParNew
Desired survivor size 1343488 bytes, new threshold 4 (max 4)
- age   1:     176592 bytes,     176592 total
: 16138K->174K(18624K), 0.0007675 secs] 22691K->6727K(81280K), 0.0008245 secs] [Times: user=0.00 sys=0.00, real=0.00 secs] 
10.087: [GC 10.087: [ParNew
Desired survivor size 1343488 bytes, new threshold 4 (max 4)
- age   1:     115144 bytes,     115144 total
- age   2:       1392 bytes,     116536 total
: 16168K->115K(18624K), 0.0006610 secs] 22720K->6668K(81280K), 0.0007268 secs] [Times: user=0.00 sys=0.00, real=0.00 secs] 
10.099: [GC 10.099: [ParNew
Desired survivor size 1343488 bytes, new threshold 4 (max 4)
- age   1:     260808 bytes,     260808 total
- age   2:      10144 bytes,     270952 total
- age   3:       1392 bytes,     272344 total
: 16096K->269K(18624K), 0.0007140 secs] 22648K->6822K(81280K), 0.0007812 secs] [Times: user=0.00 sys=0.00, real=0.00 secs] 
10.112: [GC 10.112: [ParNew
Desired survivor size 1343488 bytes, new threshold 4 (max 4)
- age   1:     211768 bytes,     211768 total
- age   3:      10144 bytes,     221912 total
- age   4:       1392 bytes,     223304 total
: 16251K->222K(18624K), 0.0008029 secs] 22804K->6774K(81280K), 0.0008759 secs] [Times: user=0.00 sys=0.00, real=0.00 secs] 
10.127: [GC 10.127: [ParNew
Desired survivor size 1343488 bytes, new threshold 4 (max 4)
- age   1:     284984 bytes,     284984 total
- age   4:      10144 bytes,     295128 total
: 16121K->289K(18624K), 0.0012153 secs] 22674K->6843K(81280K), 0.0012970 secs] [Times: user=0.00 sys=0.00, real=0.00 secs] 
10.141: [GC 10.141: [ParNew
Desired survivor size 1343488 bytes, new threshold 4 (max 4)
- age   1:     267016 bytes,     267016 total
: 16239K->270K(18624K), 0.0007591 secs] 22793K->6834K(81280K), 0.0008469 secs] [Times: user=0.00 sys=0.00, real=0.01 secs] 
10.154: [GC 10.154: [ParNew
Desired survivor size 1343488 bytes, new threshold 4 (max 4)
- age   1:     392368 bytes,     392368 total
: 16144K->387K(18624K), 0.0007633 secs] 22708K->6950K(81280K), 0.0008374 secs] [Times: user=0.00 sys=0.00, real=0.00 secs] 
10.170: [GC 10.170: [ParNew
Desired survivor size 1343488 bytes, new threshold 4 (max 4)
- age   1:     241712 bytes,     241712 total
: 16387K->238K(18624K), 0.0005885 secs] 22950K->6802K(81280K), 0.0006425 secs] [Times: user=0.00 sys=0.00, real=0.00 secs] 
10.187: [GC 10.188: [ParNew
Desired survivor size 1343488 bytes, new threshold 4 (max 4)
- age   1:     154304 bytes,     154304 total
- age   2:        568 bytes,     154872 total
: 16229K->153K(18624K), 0.0008492 secs] 22793K->6716K(81280K), 0.0009717 secs] [Times: user=0.00 sys=0.00, real=0.00 secs] 
10.204: [GC 10.204: [ParNew
Desired survivor size 1343488 bytes, new threshold 4 (max 4)
- age   1:     315904 bytes,     315904 total
- age   2:      21048 bytes,     336952 total
- age   3:        568 bytes,     337520 total
: 16150K->341K(18624K), 0.0008620 secs] 22714K->6905K(81280K), 0.0009569 secs] [Times: user=0.00 sys=0.00, real=0.00 secs] 
10.216: [GC 10.216: [ParNew
Desired survivor size 1343488 bytes, new threshold 4 (max 4)
- age   1:     449824 bytes,     449824 total
- age   2:        704 bytes,     450528 total
- age   3:      21048 bytes,     471576 total
- age   4:        568 bytes,     472144 total
: 16336K->479K(18624K), 0.0012469 secs] 22900K->7042K(81280K), 0.0013424 secs] [Times: user=0.00 sys=0.00, real=0.00 secs] 
10.229: [GC 10.229: [ParNew
Desired survivor size 1343488 bytes, new threshold 4 (max 4)
- age   1:     256440 bytes,     256440 total
- age   3:        704 bytes,     257144 total
- age   4:      21048 bytes,     278192 total
: 16467K->276K(18624K), 0.0008973 secs] 23031K->6840K(81280K), 0.0009787 secs] [Times: user=0.00 sys=0.00, real=0.00 secs] 
10.241: [GC 10.242: [ParNew
Desired survivor size 1343488 bytes, new threshold 4 (max 4)
- age   1:     425472 bytes,     425472 total
- age   4:        704 bytes,     426176 total
: 16267K->424K(18624K), 0.0014496 secs] 22831K->7009K(81280K), 0.0015469 secs] [Times: user=0.00 sys=0.00, real=0.00 secs] 
10.261: [GC 10.261: [ParNew
Desired survivor size 1343488 bytes, new threshold 4 (max 4)
- age   1:     638872 bytes,     638872 total
: 16377K->626K(18624K), 0.0017857 secs] 22962K->7211K(81280K), 0.0018602 secs] [Times: user=0.00 sys=0.00, real=0.01 secs] 
10.275: [GC 10.275: [ParNew
Desired survivor size 1343488 bytes, new threshold 4 (max 4)
- age   1:     273624 bytes,     273624 total
- age   2:     236872 bytes,     510496 total
: 16623K->503K(18624K), 0.0009451 secs] 23208K->7088K(81280K), 0.0010234 secs] [Times: user=0.00 sys=0.00, real=0.00 secs] 
10.299: [GC 10.299: [ParNew
Desired survivor size 1343488 bytes, new threshold 4 (max 4)
- age   1:     404344 bytes,     404344 total
- age   2:        960 bytes,     405304 total
- age   3:     236872 bytes,     642176 total
: 16495K->630K(18624K), 0.0027904 secs] 23079K->7215K(81280K), 0.0028616 secs] [Times: user=0.01 sys=0.00, real=0.01 secs] 
10.313: [GC 10.314: [ParNew
Desired survivor size 1343488 bytes, new threshold 4 (max 4)
- age   1:     569192 bytes,     569192 total
- age   2:     107160 bytes,     676352 total
- age   3:        960 bytes,     677312 total
- age   4:       5520 bytes,     682832 total
: 16630K->678K(18624K), 0.0015224 secs] 23215K->7263K(81280K), 0.0016222 secs] [Times: user=0.00 sys=0.00, real=0.00 secs] 
10.328: [GC 10.328: [ParNew
Desired survivor size 1343488 bytes, new threshold 4 (max 4)
- age   1:     202576 bytes,     202576 total
- age   2:     522320 bytes,     724896 total
- age   3:      13504 bytes,     738400 total
- age   4:        960 bytes,     739360 total
: 16665K->736K(18624K), 0.0011867 secs] 23249K->7327K(81280K), 0.0013985 secs] [Times: user=0.00 sys=0.00, real=0.00 secs] 
10.347: [GC 10.347: [ParNew
Desired survivor size 1343488 bytes, new threshold 4 (max 4)
- age   1:     388608 bytes,     388608 total
- age   2:     103592 bytes,     492200 total
- age   3:     236600 bytes,     728800 total
- age   4:      13504 bytes,     742304 total
: 16731K->733K(18624K), 0.0010963 secs] 23322K->7324K(81280K), 0.0011790 secs] [Times: user=0.00 sys=0.00, real=0.00 secs] 
10.364: [GC 10.364: [ParNew
Desired survivor size 1343488 bytes, new threshold 4 (max 4)
- age   1:     522400 bytes,     522400 total
- age   2:      76680 bytes,     599080 total
- age   3:     103592 bytes,     702672 total
- age   4:       1824 bytes,     704496 total
: 16674K->695K(18624K), 0.0014873 secs] 23265K->7299K(81280K), 0.0015655 secs] [Times: user=0.01 sys=0.00, real=0.00 secs] 
10.384: [GC 10.384: [ParNew
Desired survivor size 1343488 bytes, new threshold 4 (max 4)
- age   1:     342784 bytes,     342784 total
- age   2:     491512 bytes,     834296 total
- age   4:      51832 bytes,     886128 total
: 16685K->869K(18624K), 0.0022392 secs] 23289K->7475K(81280K), 0.0023760 secs] [Times: user=0.00 sys=0.00, real=0.00 secs] 
10.401: [GC 10.401: [ParNew
Desired survivor size 1343488 bytes, new threshold 4 (max 4)
- age   1:     674064 bytes,     674064 total
- age   2:     139536 bytes,     813600 total
- age   3:       3528 bytes,     817128 total
: 16839K->803K(18624K), 0.0012198 secs] 23445K->7409K(81280K), 0.0013157 secs] [Times: user=0.00 sys=0.00, real=0.01 secs] 
10.413: [GC 10.413: [ParNew
Desired survivor size 1343488 bytes, new threshold 4 (max 4)
- age   1:     551368 bytes,     551368 total
- age   2:     332008 bytes,     883376 total
- age   3:      28456 bytes,     911832 total
- age   4:       3528 bytes,     915360 total
: 16726K->898K(18624K), 0.0015137 secs] 23332K->7504K(81280K), 0.0016173 secs] [Times: user=0.00 sys=0.00, real=0.00 secs] 
10.429: [GC 10.429: [ParNew
Desired survivor size 1343488 bytes, new threshold 4 (max 4)
- age   1:     768768 bytes,     768768 total
- age   4:      28456 bytes,     797224 total
: 16870K->779K(18624K), 0.0016435 secs] 23477K->7389K(81280K), 0.0017156 secs] [Times: user=0.00 sys=0.00, real=0.00 secs] 
10.445: [GC 10.446: [ParNew
Desired survivor size 1343488 bytes, new threshold 4 (max 4)
- age   1:     492160 bytes,     492160 total
- age   2:     276960 bytes,     769120 total
: 16697K->757K(18624K), 0.0016950 secs] 23307K->7394K(81280K), 0.0018285 secs] [Times: user=0.00 sys=0.01, real=0.00 secs] 
10.462: [GC 10.462: [ParNew
Desired survivor size 1343488 bytes, new threshold 4 (max 4)
- age   1:     388784 bytes,     388784 total
- age   2:     227152 bytes,     615936 total
- age   3:     168024 bytes,     783960 total
: 16697K->768K(18624K), 0.0025775 secs] 23335K->7405K(81280K), 0.0026752 secs] [Times: user=0.01 sys=0.00, real=0.00 secs] 
10.485: [GC 10.485: [ParNew
Desired survivor size 1343488 bytes, new threshold 4 (max 4)
- age   1:     582784 bytes,     582784 total
- age   2:     168632 bytes,     751416 total
- age   4:     168024 bytes,     919440 total
: 16703K->898K(18624K), 0.0017730 secs] 23340K->7535K(81280K), 0.0018634 secs] [Times: user=0.00 sys=0.00, real=0.00 secs] 
10.509: [GC 10.509: [ParNew
Desired survivor size 1343488 bytes, new threshold 4 (max 4)
- age   1:     314976 bytes,     314976 total
- age   2:     169800 bytes,     484776 total
: 16881K->474K(18624K), 0.0032561 secs] 23519K->7111K(81280K), 0.0033383 secs] [Times: user=0.00 sys=0.00, real=0.01 secs] 
10.526: [GC 10.527: [ParNew
Desired survivor size 1343488 bytes, new threshold 4 (max 4)
- age   1:     498728 bytes,     498728 total
- age   2:       1344 bytes,     500072 total
- age   3:        704 bytes,     500776 total
: 16406K->491K(18624K), 0.0037440 secs] 23043K->7128K(81280K), 0.0038239 secs] [Times: user=0.00 sys=0.00, real=0.00 secs] 
10.559: [GC 10.559: [ParNew
Desired survivor size 1343488 bytes, new threshold 4 (max 4)
- age   1:     337208 bytes,     337208 total
- age   2:     359464 bytes,     696672 total
- age   3:        528 bytes,     697200 total
: 16460K->686K(18624K), 0.0014021 secs] 23097K->7324K(81280K), 0.0014770 secs] [Times: user=0.00 sys=0.00, real=0.00 secs] 
10.572: [GC 10.573: [ParNew
Desired survivor size 1343488 bytes, new threshold 4 (max 4)
- age   1:     644640 bytes,     644640 total
- age   2:     130360 bytes,     775000 total
- age   3:       8280 bytes,     783280 total
- age   4:        528 bytes,     783808 total
: 16650K->778K(18624K), 0.0021944 secs] 23287K->7415K(81280K), 0.0022927 secs] [Times: user=0.01 sys=0.00, real=0.00 secs] 
10.587: [GC 10.587: [ParNew
Desired survivor size 1343488 bytes, new threshold 4 (max 4)
- age   1:     335800 bytes,     335800 total
- age   2:     498552 bytes,     834352 total
- age   3:      13208 bytes,     847560 total
- age   4:       8280 bytes,     855840 total
: 16768K->845K(18624K), 0.0019446 secs] 23406K->7483K(81280K), 0.0020507 secs] [Times: user=0.01 sys=0.00, real=0.00 secs] 
10.604: [GC 10.604: [ParNew
Desired survivor size 1343488 bytes, new threshold 4 (max 4)
- age   1:     265688 bytes,     265688 total
- age   2:       3184 bytes,     268872 total
- age   3:     257384 bytes,     526256 total
- age   4:      12264 bytes,     538520 total
: 16845K->537K(18624K), 0.0013675 secs] 23483K->7183K(81280K), 0.0014415 secs] [Times: user=0.00 sys=0.00, real=0.00 secs] 
10.620: [GC 10.620: [ParNew
Desired survivor size 1343488 bytes, new threshold 4 (max 4)
- age   1:     141544 bytes,     141544 total
- age   2:     204720 bytes,     346264 total
- age   3:       3184 bytes,     349448 total
- age   4:      58312 bytes,     407760 total
: 16526K->410K(18624K), 0.0046639 secs] 23172K->7068K(81280K), 0.0047840 secs] [Times: user=0.00 sys=0.00, real=0.01 secs] 
10.648: [GC 10.648: [ParNew
Desired survivor size 1343488 bytes, new threshold 4 (max 4)
- age   1:     275792 bytes,     275792 total
- age   2:      72624 bytes,     348416 total
- age   3:     204600 bytes,     553016 total
- age   4:       3184 bytes,     556200 total
: 16405K->551K(18624K), 0.0016960 secs] 23063K->7266K(81280K), 0.0017790 secs] [Times: user=0.00 sys=0.00, real=0.00 secs] 
10.663: [GC 10.663: [ParNew
Desired survivor size 1343488 bytes, new threshold 4 (max 4)
- age   1:     624088 bytes,     624088 total
- age   2:      96136 bytes,     720224 total
- age   3:      72624 bytes,     792848 total
- age   4:       7888 bytes,     800736 total
: 16551K->806K(18624K), 0.0015448 secs] 23266K->7525K(81280K), 0.0016358 secs] [Times: user=0.01 sys=0.00, real=0.00 secs] 
10.683: [GC 10.684: [ParNew
Desired survivor size 1343488 bytes, new threshold 4 (max 4)
- age   1:     770464 bytes,     770464 total
- age   2:     242136 bytes,    1012600 total
- age   3:      94904 bytes,    1107504 total
: 16797K->1125K(18624K), 0.0016493 secs] 23515K->7850K(81280K), 0.0023369 secs] [Times: user=0.01 sys=0.00, real=0.00 secs] 
10.698: [GC 10.698: [ParNew
Desired survivor size 1343488 bytes, new threshold 4 (max 4)
- age   1:     516680 bytes,     516680 total
- age   2:     505840 bytes,    1022520 total
- age   3:       5976 bytes,    1028496 total
- age   4:      94904 bytes,    1123400 total
: 17098K->1104K(18624K), 0.0018432 secs] 23823K->7830K(81280K), 0.0019400 secs] [Times: user=0.00 sys=0.00, real=0.00 secs] 
10.711: [GC 10.711: [ParNew
Desired survivor size 1343488 bytes, new threshold 4 (max 4)
- age   1:     821096 bytes,     821096 total
- age   2:     204784 bytes,    1025880 total
- age   3:       8288 bytes,    1034168 total
- age   4:       5976 bytes,    1040144 total
: 17087K->1027K(18624K), 0.0017124 secs] 23812K->7804K(81280K), 0.0018424 secs] [Times: user=0.00 sys=0.00, real=0.01 secs] 
10.726: [GC 10.726: [ParNew
Desired survivor size 1343488 bytes, new threshold 4 (max 4)
- age   1:     997064 bytes,     997064 total
- age   2:     157960 bytes,    1155024 total
- age   3:      44232 bytes,    1199256 total
- age   4:       8288 bytes,    1207544 total
: 16998K->1194K(18624K), 0.0014209 secs] 23774K->7976K(81280K), 0.0015041 secs] [Times: user=0.01 sys=0.00, real=0.00 secs] 
10.738: [GC 10.739: [ParNew
Desired survivor size 1343488 bytes, new threshold 4 (max 4)
- age   1:     306776 bytes,     306776 total
- age   2:     781848 bytes,    1088624 total
: 17192K->1090K(18624K), 0.0016396 secs] 23974K->7880K(81280K), 0.0017192 secs] [Times: user=0.01 sys=0.00, real=0.00 secs] 
10.754: [GC 10.754: [ParNew
Desired survivor size 1343488 bytes, new threshold 4 (max 4)
- age   1:     235232 bytes,     235232 total
- age   2:     269400 bytes,     504632 total
- age   3:     663512 bytes,    1168144 total
: 17070K->1163K(18624K), 0.0021225 secs] 23861K->7954K(81280K), 0.0022104 secs] [Times: user=0.00 sys=0.00, real=0.00 secs] 
10.768: [GC 10.769: [ParNew
Desired survivor size 1343488 bytes, new threshold 4 (max 4)
- age   1:     641752 bytes,     641752 total
- age   3:     269400 bytes,     911152 total
- age   4:      81192 bytes,     992344 total
: 17163K->974K(18624K), 0.0014040 secs] 23954K->7765K(81280K), 0.0015121 secs] [Times: user=0.00 sys=0.00, real=0.00 secs] 
10.784: [GC 10.784: [ParNew
Desired survivor size 1343488 bytes, new threshold 4 (max 4)
- age   1:     718496 bytes,     718496 total
- age   2:     452352 bytes,    1170848 total
- age   4:      80864 bytes,    1251712 total
: 16908K->1224K(18624K), 0.0025444 secs] 23699K->8094K(81280K), 0.0026552 secs] [Times: user=0.01 sys=0.00, real=0.00 secs] 
10.798: [GC 10.798: [ParNew
Desired survivor size 1343488 bytes, new threshold 4 (max 4)
- age   1:     555816 bytes,     555816 total
- age   2:     503696 bytes,    1059512 total
- age   3:     263504 bytes,    1323016 total
: 17174K->1294K(18624K), 0.0014956 secs] 24043K->8243K(81280K), 0.0015732 secs] [Times: user=0.01 sys=0.00, real=0.00 secs] 
10.813: [GC 10.813: [ParNew
Desired survivor size 1343488 bytes, new threshold 3 (max 4)
- age   1:     876984 bytes,     876984 total
- age   3:     502992 bytes,    1379976 total
: 17279K->1349K(18624K), 0.0017224 secs] 24228K->8298K(81280K), 0.0018162 secs] [Times: user=0.00 sys=0.00, real=0.00 secs] 
10.826: [GC 10.826: [ParNew
Desired survivor size 1343488 bytes, new threshold 4 (max 4)
- age   1:     359320 bytes,     359320 total
- age   2:     525304 bytes,     884624 total
: 17344K->867K(18624K), 0.0022907 secs] 24293K->8080K(81280K), 0.0023887 secs] [Times: user=0.00 sys=0.00, real=0.00 secs] 
10.840: [GC 10.840: [ParNew
Desired survivor size 1343488 bytes, new threshold 3 (max 4)
- age   1:     670040 bytes,     670040 total
- age   2:     238328 bytes,     908368 total
- age   3:     525304 bytes,    1433672 total
: 16848K->1409K(18624K), 0.0021070 secs] 24060K->8621K(81280K), 0.0021996 secs] [Times: user=0.00 sys=0.00, real=0.01 secs] 
10.854: [GC 10.854: [ParNew
Desired survivor size 1343488 bytes, new threshold 4 (max 4)
- age   1:     523800 bytes,     523800 total
- age   2:     448712 bytes,     972512 total
: 17361K->956K(18624K), 0.0023372 secs] 24573K->8681K(81280K), 0.0024255 secs] [Times: user=0.01 sys=0.00, real=0.00 secs] 
10.869: [GC 10.869: [ParNew
Desired survivor size 1343488 bytes, new threshold 4 (max 4)
- age   1:     421088 bytes,     421088 total
- age   2:     274344 bytes,     695432 total
- age   3:     448712 bytes,    1144144 total
: 16827K->1120K(18624K), 0.0013977 secs] 24552K->8846K(81280K), 0.0014883 secs] [Times: user=0.01 sys=0.00, real=0.00 secs] 
10.883: [GC 10.883: [ParNew
Desired survivor size 1343488 bytes, new threshold 4 (max 4)
- age   1:     595664 bytes,     595664 total
- age   2:     124024 bytes,     719688 total
- age   3:     274344 bytes,     994032 total
: 17110K->974K(18624K), 0.0015706 secs] 24836K->8699K(81280K), 0.0016896 secs] [Times: user=0.00 sys=0.01, real=0.00 secs] 
10.899: [GC 10.899: [ParNew
Desired survivor size 1343488 bytes, new threshold 4 (max 4)
- age   1:     719536 bytes,     719536 total
- age   2:     439592 bytes,    1159128 total
- age   3:     124024 bytes,    1283152 total
- age   4:     189896 bytes,    1473048 total
: 16962K->1441K(18624K), 0.0016934 secs] 24688K->9167K(81280K), 0.0017739 secs] [Times: user=0.00 sys=0.00, real=0.00 secs] 
10.915: [GC 10.915: [ParNew
Desired survivor size 1343488 bytes, new threshold 4 (max 4)
- age   1:     474184 bytes,     474184 total
- age   2:     341792 bytes,     815976 total
- age   3:     439592 bytes,    1255568 total
: 17428K->1228K(18624K), 0.0014797 secs] 25153K->8953K(81280K), 0.0015881 secs] [Times: user=0.00 sys=0.00, real=0.00 secs] 
10.929: [GC 10.929: [ParNew
Desired survivor size 1343488 bytes, new threshold 4 (max 4)
- age   1:     572264 bytes,     572264 total
- age   2:     397880 bytes,     970144 total
- age   3:      82976 bytes,    1053120 total
- age   4:     439592 bytes,    1492712 total
: 17197K->1460K(18624K), 0.0016818 secs] 24923K->9185K(81280K), 0.0017784 secs] [Times: user=0.00 sys=0.00, real=0.00 secs] 
10.944: [GC 10.944: [ParNew
Desired survivor size 1343488 bytes, new threshold 4 (max 4)
- age   1:     576912 bytes,     576912 total
- age   2:     399464 bytes,     976376 total
- age   3:     200232 bytes,    1176608 total
- age   4:      82976 bytes,    1259584 total
: 17443K->1231K(18624K), 0.0022977 secs] 25168K->9157K(81280K), 0.0024268 secs] [Times: user=0.00 sys=0.00, real=0.00 secs] 
10.960: [GC 10.960: [ParNew
Desired survivor size 1343488 bytes, new threshold 4 (max 4)
- age   1:     585808 bytes,     585808 total
- age   2:     390928 bytes,     976736 total
- age   3:     169432 bytes,    1146168 total
- age   4:        680 bytes,    1146848 total
: 17221K->1122K(18624K), 0.0014740 secs] 25147K->9129K(81280K), 0.0015568 secs] [Times: user=0.01 sys=0.00, real=0.01 secs] 
10.974: [GC 10.974: [ParNew
Desired survivor size 1343488 bytes, new threshold 3 (max 4)
- age   1:     627648 bytes,     627648 total
- age   2:     380128 bytes,    1007776 total
- age   3:     390928 bytes,    1398704 total
: 17111K->1367K(18624K), 0.0018121 secs] 25119K->9375K(81280K), 0.0019249 secs] [Times: user=0.00 sys=0.00, real=0.00 secs] 
10.995: [GC 10.995: [ParNew
Desired survivor size 1343488 bytes, new threshold 4 (max 4)
- age   1:     647192 bytes,     647192 total
- age   2:      71672 bytes,     718864 total
- age   3:       5280 bytes,     724144 total
: 17355K->711K(18624K), 0.0030566 secs] 25363K->9036K(81280K), 0.0031422 secs] [Times: user=0.01 sys=0.00, real=0.00 secs] 
11.013: [GC 11.014: [ParNew
Desired survivor size 1343488 bytes, new threshold 4 (max 4)
- age   1:     924888 bytes,     924888 total
- age   2:     300160 bytes,    1225048 total
- age   4:       5280 bytes,    1230328 total
: 16647K->1221K(18624K), 0.0016190 secs] 24972K->9546K(81280K), 0.0017490 secs] [Times: user=0.01 sys=0.00, real=0.00 secs] 
11.029: [GC 11.029: [ParNew
Desired survivor size 1343488 bytes, new threshold 4 (max 4)
- age   1:     600408 bytes,     600408 total
- age   2:     403944 bytes,    1004352 total
- age   3:     210280 bytes,    1214632 total
: 17195K->1218K(18624K), 0.0018719 secs] 25520K->9548K(81280K), 0.0019761 secs] [Times: user=0.00 sys=0.00, real=0.00 secs] 
11.045: [GC 11.045: [ParNew
Desired survivor size 1343488 bytes, new threshold 4 (max 4)
- age   1:     658720 bytes,     658720 total
- age   2:     198160 bytes,     856880 total
- age   3:     317816 bytes,    1174696 total
- age   4:      70112 bytes,    1244808 total
: 17157K->1247K(18624K), 0.0017626 secs] 25488K->9577K(81280K), 0.0018593 secs] [Times: user=0.00 sys=0.00, real=0.00 secs] 
11.061: [GC 11.061: [ParNew
Desired survivor size 1343488 bytes, new threshold 4 (max 4)
- age   1:     320080 bytes,     320080 total
- age   2:     321320 bytes,     641400 total
- age   3:       5360 bytes,     646760 total
- age   4:     317776 bytes,     964536 total
: 17235K->1021K(18624K), 0.0019101 secs] 25565K->9419K(81280K), 0.0020116 secs] [Times: user=0.00 sys=0.00, real=0.01 secs] 
11.079: [GC 11.079: [ParNew
Desired survivor size 1343488 bytes, new threshold 4 (max 4)
- age   1:     248280 bytes,     248280 total
- age   2:     246864 bytes,     495144 total
- age   3:     148384 bytes,     643528 total
- age   4:       5360 bytes,     648888 total
: 16939K->647K(18624K), 0.0015909 secs] 25338K->9356K(81280K), 0.0016815 secs] [Times: user=0.00 sys=0.00, real=0.00 secs] 
11.094: [GC 11.094: [ParNew
Desired survivor size 1343488 bytes, new threshold 4 (max 4)
- age   1:     833928 bytes,     833928 total
- age   2:     141584 bytes,     975512 total
- age   3:      76168 bytes,    1051680 total
- age   4:     148384 bytes,    1200064 total
: 16639K->1177K(18624K), 0.0017970 secs] 25348K->9891K(81280K), 0.0019080 secs] [Times: user=0.00 sys=0.00, real=0.00 secs] 
11.109: [GC 11.109: [ParNew
Desired survivor size 1343488 bytes, new threshold 4 (max 4)
- age   1:     547992 bytes,     547992 total
- age   2:     419768 bytes,     967760 total
- age   3:     141584 bytes,    1109344 total
- age   4:      76168 bytes,    1185512 total
: 17167K->1167K(18624K), 0.0015098 secs] 25881K->9952K(81280K), 0.0015957 secs] [Times: user=0.00 sys=0.00, real=0.00 secs] 
11.126: [GC 11.126: [ParNew
Desired survivor size 1343488 bytes, new threshold 4 (max 4)
- age   1:     406256 bytes,     406256 total
- age   2:     315712 bytes,     721968 total
- age   3:      74408 bytes,     796376 total
- age   4:     141584 bytes,     937960 total
: 17145K->924K(18624K), 0.0014554 secs] 25930K->9783K(81280K), 0.0015834 secs] [Times: user=0.00 sys=0.00, real=0.00 secs] 
11.139: [GC 11.139: [ParNew
Desired survivor size 1343488 bytes, new threshold 4 (max 4)
- age   1:     335744 bytes,     335744 total
- age   2:     366184 bytes,     701928 total
- age   3:     195336 bytes,     897264 total
- age   4:      74408 bytes,     971672 total
: 16919K->962K(18624K), 0.0014896 secs] 25778K->9958K(81280K), 0.0016037 secs] [Times: user=0.01 sys=0.00, real=0.00 secs] 
11.152: [GC 11.152: [ParNew
Desired survivor size 1343488 bytes, new threshold 4 (max 4)
- age   1:     501896 bytes,     501896 total
- age   2:       4864 bytes,     506760 total
- age   3:     366184 bytes,     872944 total
- age   4:     195336 bytes,    1068280 total
: 16950K->1047K(18624K), 0.0017873 secs] 25946K->10116K(81280K), 0.0019011 secs] [Times: user=0.00 sys=0.00, real=0.00 secs] 
11.166: [GC 11.166: [ParNew
Desired survivor size 1343488 bytes, new threshold 4 (max 4)
- age   1:     394872 bytes,     394872 total
- age   2:     279904 bytes,     674776 total
- age   3:       4864 bytes,     679640 total
- age   4:     366184 bytes,    1045824 total
: 17019K->1032K(18624K), 0.0018983 secs] 26088K->10291K(81280K), 0.0019850 secs] [Times: user=0.00 sys=0.00, real=0.00 secs] 
11.182: [GC 11.182: [ParNew
Desired survivor size 1343488 bytes, new threshold 4 (max 4)
- age   1:     692112 bytes,     692112 total
- age   2:     234304 bytes,     926416 total
- age   3:     279904 bytes,    1206320 total
- age   4:       4864 bytes,    1211184 total
: 17021K->1188K(18624K), 0.0024018 secs] 26281K->10485K(81280K), 0.0024799 secs] [Times: user=0.00 sys=0.00, real=0.00 secs] 
11.199: [GC 11.199: [ParNew
Desired survivor size 1343488 bytes, new threshold 4 (max 4)
- age   1:     167768 bytes,     167768 total
- age   2:     597256 bytes,     765024 total
- age   3:      55096 bytes,     820120 total
- age   4:     279904 bytes,    1100024 total
: 17188K->1082K(18624K), 0.0015377 secs] 26485K->10384K(81280K), 0.0016243 secs] [Times: user=0.01 sys=0.00, real=0.00 secs] 
11.214: [GC 11.214: [ParNew
Desired survivor size 1343488 bytes, new threshold 4 (max 4)
- age   1:     424088 bytes,     424088 total
- age   2:     167768 bytes,     591856 total
- age   3:     359192 bytes,     951048 total
- age   4:      55096 bytes,    1006144 total
: 17029K->987K(18624K), 0.0018066 secs] 26331K->10562K(81280K), 0.0019099 secs] [Times: user=0.00 sys=0.00, real=0.00 secs] 
11.228: [GC 11.228: [ParNew
Desired survivor size 1343488 bytes, new threshold 4 (max 4)
- age   1:     377760 bytes,     377760 total
- age   2:      25016 bytes,     402776 total
- age   3:     167768 bytes,     570544 total
- age   4:     359192 bytes,     929736 total
: 16972K->930K(18624K), 0.0016382 secs] 26547K->10558K(81280K), 0.0017506 secs] [Times: user=0.01 sys=0.00, real=0.00 secs] 
11.242: [GC 11.243: [ParNew
Desired survivor size 1343488 bytes, new threshold 4 (max 4)
- age   1:     827544 bytes,     827544 total
- age   2:     216104 bytes,    1043648 total
- age   3:      25016 bytes,    1068664 total
- age   4:      51040 bytes,    1119704 total
: 16921K->1098K(18624K), 0.0017827 secs] 26550K->10917K(81280K), 0.0018726 secs] [Times: user=0.01 sys=0.00, real=0.00 secs] 
11.256: [GC 11.257: [ParNew
Desired survivor size 1343488 bytes, new threshold 4 (max 4)
- age   1:     373288 bytes,     373288 total
- age   2:     661048 bytes,    1034336 total
- age   3:     216104 bytes,    1250440 total
- age   4:      25016 bytes,    1275456 total
: 17076K->1283K(18624K), 0.0017895 secs] 26895K->11151K(81280K), 0.0018947 secs] [Times: user=0.00 sys=0.00, real=0.00 secs] 
11.270: [GC 11.270: [ParNew
Desired survivor size 1343488 bytes, new threshold 4 (max 4)
- age   1:     409144 bytes,     409144 total
- age   2:     201344 bytes,     610488 total
- age   3:     329072 bytes,     939560 total
- age   4:     216104 bytes,    1155664 total
: 17283K->1170K(18624K), 0.0018899 secs] 27151K->11062K(81280K), 0.0020423 secs] [Times: user=0.00 sys=0.00, real=0.01 secs] 
11.283: [GC 11.283: [ParNew
Desired survivor size 1343488 bytes, new threshold 4 (max 4)
- age   1:     806848 bytes,     806848 total
- age   2:      30176 bytes,     837024 total
- age   3:     201344 bytes,    1038368 total
- age   4:     329072 bytes,    1367440 total
: 17161K->1341K(18624K), 0.0024480 secs] 27054K->11445K(81280K), 0.0025357 secs] [Times: user=0.00 sys=0.00, real=0.00 secs] 
11.298: [GC 11.298: [ParNew
Desired survivor size 1343488 bytes, new threshold 4 (max 4)
- age   1:     383576 bytes,     383576 total
- age   2:     521296 bytes,     904872 total
- age   3:      30176 bytes,     935048 total
- age   4:     201344 bytes,    1136392 total
: 17328K->1145K(18624K), 0.0019159 secs] 27432K->11570K(81280K), 0.0020326 secs] [Times: user=0.01 sys=0.00, real=0.00 secs] 
11.312: [GC 11.312: [ParNew
Desired survivor size 1343488 bytes, new threshold 4 (max 4)
- age   1:     569776 bytes,     569776 total
- age   2:      48312 bytes,     618088 total
- age   3:     521296 bytes,    1139384 total
- age   4:         40 bytes,    1139424 total
: 17130K->1121K(18624K), 0.0016068 secs] 27555K->11614K(81280K), 0.0016996 secs] [Times: user=0.01 sys=0.00, real=0.00 secs] 
11.329: [GC 11.329: [ParNew
Desired survivor size 1343488 bytes, new threshold 4 (max 4)
- age   1:     770280 bytes,     770280 total
- age   2:     340920 bytes,    1111200 total
- age   3:      48312 bytes,    1159512 total
- age   4:     521296 bytes,    1680808 total
: 17121K->1643K(18624K), 0.0022992 secs] 27614K->12137K(81280K), 0.0023976 secs] [Times: user=0.01 sys=0.00, real=0.00 secs] 
11.343: [GC 11.344: [ParNew
Desired survivor size 1343488 bytes, new threshold 2 (max 4)
- age   1:     733840 bytes,     733840 total
- age   2:     746976 bytes,    1480816 total
- age   4:      48312 bytes,    1529128 total
: 17615K->1495K(18624K), 0.0033732 secs] 28109K->12497K(81280K), 0.0034760 secs] [Times: user=0.00 sys=0.01, real=0.00 secs] 
11.362: [GC 11.362: [ParNew
Desired survivor size 1343488 bytes, new threshold 2 (max 4)
- age   1:    1208832 bytes,    1208832 total
- age   2:     230840 bytes,    1439672 total
: 17494K->1409K(18624K), 0.0024704 secs] 28497K->12659K(81280K), 0.0025497 secs] [Times: user=0.00 sys=0.00, real=0.00 secs] 
11.379: [GC 11.380: [ParNew
Desired survivor size 1343488 bytes, new threshold 4 (max 4)
- age   1:     386800 bytes,     386800 total
- age   2:     866176 bytes,    1252976 total
: 17409K->1225K(18624K), 0.0021518 secs] 28659K->12701K(81280K), 0.0032024 secs] [Times: user=0.01 sys=0.00, real=0.01 secs] 
11.397: [GC 11.398: [ParNew
Desired survivor size 1343488 bytes, new threshold 4 (max 4)
- age   1:     770096 bytes,     770096 total
- age   2:     318752 bytes,    1088848 total
- age   3:     213952 bytes,    1302800 total
: 17225K->1275K(18624K), 0.0017471 secs] 28701K->12751K(81280K), 0.0018270 secs] [Times: user=0.00 sys=0.00, real=0.00 secs] 
11.412: [GC 11.412: [ParNew
Desired survivor size 1343488 bytes, new threshold 3 (max 4)
- age   1:     624400 bytes,     624400 total
- age   2:     444664 bytes,    1069064 total
- age   3:     318752 bytes,    1387816 total
- age   4:      56144 bytes,    1443960 total
: 17217K->1417K(18624K), 0.0016420 secs] 28693K->12893K(81280K), 0.0017436 secs] [Times: user=0.00 sys=0.00, real=0.00 secs] 
11.426: [GC 11.426: [ParNew
Desired survivor size 1343488 bytes, new threshold 3 (max 4)
- age   1:     717440 bytes,     717440 total
- age   2:     528968 bytes,    1246408 total
- age   3:     162440 bytes,    1408848 total
: 17416K->1382K(18624K), 0.0019337 secs] 28892K->13083K(81280K), 0.0020694 secs] [Times: user=0.00 sys=0.00, real=0.00 secs] 
11.443: [GC 11.443: [ParNew
Desired survivor size 1343488 bytes, new threshold 4 (max 4)
- age   1:     200296 bytes,     200296 total
- age   2:     513008 bytes,     713304 total
- age   3:     528968 bytes,    1242272 total
: 17364K->1216K(18624K), 0.0020842 secs] 29065K->13075K(81280K), 0.0025365 secs] [Times: user=0.00 sys=0.00, real=0.00 secs] 
11.459: [GC 11.459: [ParNew
Desired survivor size 1343488 bytes, new threshold 4 (max 4)
- age   1:     257808 bytes,     257808 total
- age   2:     118256 bytes,     376064 total
- age   3:     167696 bytes,     543760 total
- age   4:     528968 bytes,    1072728 total
: 17177K->1050K(18624K), 0.0012349 secs] 29036K->12909K(81280K), 0.0013083 secs] [Times: user=0.00 sys=0.00, real=0.00 secs] 
11.473: [GC 11.473: [ParNew
Desired survivor size 1343488 bytes, new threshold 4 (max 4)
- age   1:     358136 bytes,     358136 total
- age   2:     183736 bytes,     541872 total
- age   3:       2728 bytes,     544600 total
: 17044K->534K(18624K), 0.0018054 secs] 28903K->12910K(81280K), 0.0019133 secs] [Times: user=0.01 sys=0.00, real=0.00 secs] 
11.486: [GC 11.487: [ParNew
Desired survivor size 1343488 bytes, new threshold 4 (max 4)
- age   1:     719544 bytes,     719544 total
- age   2:     296616 bytes,    1016160 total
- age   3:     183736 bytes,    1199896 total
- age   4:       2728 bytes,    1202624 total
: 16473K->1177K(18624K), 0.0025680 secs] 28849K->13552K(81280K), 0.0027885 secs] [Times: user=0.01 sys=0.00, real=0.00 secs] 
11.502: [GC 11.502: [ParNew
Desired survivor size 1343488 bytes, new threshold 4 (max 4)
- age   1:     375376 bytes,     375376 total
- age   2:     440248 bytes,     815624 total
- age   3:     296616 bytes,    1112240 total
- age   4:     183736 bytes,    1295976 total
: 17146K->1268K(18624K), 0.0018800 secs] 29521K->13647K(81280K), 0.0019919 secs] [Times: user=0.01 sys=0.00, real=0.00 secs] 
11.516: [GC 11.516: [ParNew
Desired survivor size 1343488 bytes, new threshold 4 (max 4)
- age   1:     521472 bytes,     521472 total
- age   2:     232280 bytes,     753752 total
- age   3:     180544 bytes,     934296 total
: 17267K->915K(18624K), 0.0017549 secs] 29645K->13473K(81280K), 0.0018417 secs] [Times: user=0.00 sys=0.00, real=0.00 secs] 
11.536: [GC 11.536: [ParNew
Desired survivor size 1343488 bytes, new threshold 4 (max 4)
- age   1:     789816 bytes,     789816 total
- age   2:     401680 bytes,    1191496 total
- age   3:     129664 bytes,    1321160 total
- age   4:     180544 bytes,    1501704 total
: 16915K->1468K(18624K), 0.0048694 secs] 29473K->14026K(81280K), 0.0049562 secs] [Times: user=0.01 sys=0.00, real=0.01 secs] 
11.556: [GC 11.556: [ParNew
Desired survivor size 1343488 bytes, new threshold 4 (max 4)
- age   1:     350216 bytes,     350216 total
- age   2:     341952 bytes,     692168 total
- age   3:     401680 bytes,    1093848 total
- age   4:     129664 bytes,    1223512 total
: 17403K->1196K(18624K), 0.0021383 secs] 29961K->13930K(81280K), 0.0022311 secs] [Times: user=0.00 sys=0.00, real=0.00 secs] 
11.573: [GC 11.573: [ParNew
Desired survivor size 1343488 bytes, new threshold 4 (max 4)
- age   1:     374488 bytes,     374488 total
- age   2:     121832 bytes,     496320 total
- age   3:     341952 bytes,     838272 total
- age   4:     401680 bytes,    1239952 total
: 17170K->1212K(18624K), 0.0019836 secs] 29905K->14073K(81280K), 0.0020817 secs] [Times: user=0.00 sys=0.00, real=0.00 secs] 
11.596: [GC 11.596: [ParNew
Desired survivor size 1343488 bytes, new threshold 4 (max 4)
- age   1:     579496 bytes,     579496 total
- age   2:     217552 bytes,     797048 total
- age   3:     121832 bytes,     918880 total
- age   4:     341248 bytes,    1260128 total
: 17190K->1232K(18624K), 0.0037614 secs] 30051K->14284K(81280K), 0.0038927 secs] [Times: user=0.00 sys=0.00, real=0.00 secs] 
11.611: [GC 11.611: [ParNew
Desired survivor size 1343488 bytes, new threshold 4 (max 4)
- age   1:     288592 bytes,     288592 total
- age   2:     173584 bytes,     462176 total
- age   3:     217552 bytes,     679728 total
- age   4:     121832 bytes,     801560 total
: 17216K->790K(18624K), 0.0021021 secs] 30268K->14175K(81280K), 0.0021930 secs] [Times: user=0.00 sys=0.00, real=0.00 secs] 
11.627: [GC 11.627: [ParNew
Desired survivor size 1343488 bytes, new threshold 3 (max 4)
- age   1:    1211312 bytes,    1211312 total
- age   2:      67896 bytes,    1279208 total
- age   3:     173584 bytes,    1452792 total
- age   4:         40 bytes,    1452832 total
: 16768K->1423K(18624K), 0.0015718 secs] 30153K->14808K(81280K), 0.0017225 secs] [Times: user=0.01 sys=0.00, real=0.00 secs] 
11.642: [GC 11.642: [ParNew
Desired survivor size 1343488 bytes, new threshold 4 (max 4)
- age   1:     278496 bytes,     278496 total
- age   2:     800040 bytes,    1078536 total
- age   3:      67896 bytes,    1146432 total
: 17423K->1126K(18624K), 0.0019297 secs] 30808K->14681K(81280K), 0.0020704 secs] [Times: user=0.00 sys=0.00, real=0.00 secs] 
11.656: [GC 11.657: [ParNew
Desired survivor size 1343488 bytes, new threshold 4 (max 4)
- age   1:     344824 bytes,     344824 total
- age   2:     110752 bytes,     455576 total
- age   3:     800040 bytes,    1255616 total
- age   4:      67896 bytes,    1323512 total
: 17109K->1294K(18624K), 0.0016142 secs] 30664K->14848K(81280K), 0.0017118 secs] [Times: user=0.00 sys=0.00, real=0.00 secs] 
11.673: [GC 11.673: [ParNew
Desired survivor size 1343488 bytes, new threshold 4 (max 4)
- age   1:     926424 bytes,     926424 total
- age   2:     225536 bytes,    1151960 total
- age   3:       3928 bytes,    1155888 total
- age   4:     541744 bytes,    1697632 total
: 17290K->1659K(18624K), 0.0026879 secs] 30845K->15281K(81280K), 0.0027954 secs] [Times: user=0.00 sys=0.00, real=0.00 secs] 
11.688: [GC 11.688: [ParNew
Desired survivor size 1343488 bytes, new threshold 2 (max 4)
- age   1:     754000 bytes,     754000 total
- age   2:     680792 bytes,    1434792 total
- age   3:     225536 bytes,    1660328 total
- age   4:       3848 bytes,    1664176 total
: 17656K->1633K(18624K), 0.0027051 secs] 31277K->15550K(81280K), 0.0027958 secs] [Times: user=0.01 sys=0.00, real=0.00 secs] 
11.703: [GC 11.704: [ParNew
Desired survivor size 1343488 bytes, new threshold 2 (max 4)
- age   1:     731528 bytes,     731528 total
- age   2:     728608 bytes,    1460136 total
: 17612K->1441K(18624K), 0.0025720 secs] 31529K->15866K(81280K), 0.0027113 secs] [Times: user=0.00 sys=0.00, real=0.00 secs] 
11.725: [GC 11.726: [ParNew
Desired survivor size 1343488 bytes, new threshold 4 (max 4)
- age   1:     356464 bytes,     356464 total
- age   2:     412488 bytes,     768952 total
: 17441K->752K(18624K), 0.0020711 secs] 31866K->15741K(81280K), 0.0021736 secs] [Times: user=0.00 sys=0.00, real=0.00 secs] 
11.742: [GC 11.742: [ParNew
Desired survivor size 1343488 bytes, new threshold 4 (max 4)
- age   1:     328432 bytes,     328432 total
- age   2:     341016 bytes,     669448 total
- age   3:     412488 bytes,    1081936 total
: 16752K->1070K(18624K), 0.0012598 secs] 31741K->16059K(81280K), 0.0013359 secs] [Times: user=0.00 sys=0.00, real=0.00 secs] 
11.758: [GC 11.758: [ParNew
Desired survivor size 1343488 bytes, new threshold 4 (max 4)
- age   1:     553424 bytes,     553424 total
- age   2:     275616 bytes,     829040 total
- age   3:     286304 bytes,    1115344 total
- age   4:     412488 bytes,    1527832 total
: 17051K->1513K(18624K), 0.0031322 secs] 32040K->16503K(81280K), 0.0032759 secs] [Times: user=0.00 sys=0.00, real=0.01 secs] 
11.773: [GC 11.774: [ParNew
Desired survivor size 1343488 bytes, new threshold 4 (max 4)
- age   1:     355312 bytes,     355312 total
- age   2:     241880 bytes,     597192 total
- age   3:      19624 bytes,     616816 total
- age   4:     286304 bytes,     903120 total
: 17499K->942K(18624K), 0.0021354 secs] 32488K->16334K(81280K), 0.0022335 secs] [Times: user=0.00 sys=0.00, real=0.00 secs] 
11.789: [GC 11.789: [ParNew
Desired survivor size 1343488 bytes, new threshold 4 (max 4)
- age   1:     413448 bytes,     413448 total
- age   2:      70704 bytes,     484152 total
- age   3:     241880 bytes,     726032 total
- age   4:      19624 bytes,     745656 total
: 16916K->767K(18624K), 0.0018320 secs] 32308K->16439K(81280K), 0.0019349 secs] [Times: user=0.00 sys=0.00, real=0.00 secs] 
11.806: [GC 11.806: [ParNew
Desired survivor size 1343488 bytes, new threshold 4 (max 4)
- age   1:     933864 bytes,     933864 total
- age   2:     176664 bytes,    1110528 total
- age   3:      70704 bytes,    1181232 total
- age   4:     241880 bytes,    1423112 total
: 16767K->1431K(18624K), 0.0017652 secs] 32439K->17121K(81280K), 0.0018987 secs] [Times: user=0.00 sys=0.00, real=0.00 secs] 
11.820: [GC 11.820: [ParNew
Desired survivor size 1343488 bytes, new threshold 4 (max 4)
- age   1:     573144 bytes,     573144 total
- age   2:     570088 bytes,    1143232 total
- age   3:     176664 bytes,    1319896 total
- age   4:      70704 bytes,    1390600 total
: 17413K->1383K(18624K), 0.0019345 secs] 33104K->17310K(81280K), 0.0020216 secs] [Times: user=0.00 sys=0.01, real=0.01 secs] 
11.834: [GC 11.835: [ParNew
Desired survivor size 1343488 bytes, new threshold 3 (max 4)
- age   1:     544384 bytes,     544384 total
- age   2:     510440 bytes,    1054824 total
- age   3:     570088 bytes,    1624912 total
- age   4:     176664 bytes,    1801576 total
: 17383K->1767K(18624K), 0.0033004 secs] 33310K->17763K(81280K), 0.0033932 secs] [Times: user=0.01 sys=0.00, real=0.00 secs] 
11.850: [GC 11.850: [ParNew
Desired survivor size 1343488 bytes, new threshold 4 (max 4)
- age   1:     570088 bytes,     570088 total
- age   2:     149056 bytes,     719144 total
- age   3:     510440 bytes,    1229584 total
: 17765K->1206K(18624K), 0.0025213 secs] 33761K->17494K(81280K), 0.0026289 secs] [Times: user=0.01 sys=0.00, real=0.01 secs] 
11.865: [GC 11.865: [ParNew
Desired survivor size 1343488 bytes, new threshold 4 (max 4)
- age   1:     384872 bytes,     384872 total
- age   2:     280312 bytes,     665184 total
- age   3:     149056 bytes,     814240 total
- age   4:     224024 bytes,    1038264 total
: 17183K->1020K(18624K), 0.0013282 secs] 33471K->17308K(81280K), 0.0014358 secs] [Times: user=0.00 sys=0.00, real=0.00 secs] 
11.879: [GC 11.879: [ParNew
Desired survivor size 1343488 bytes, new threshold 2 (max 4)
- age   1:    1217176 bytes,    1217176 total
- age   2:     226416 bytes,    1443592 total
- age   3:     117088 bytes,    1560680 total
- age   4:     149056 bytes,    1709736 total
: 17005K->1672K(18624K), 0.0036242 secs] 33293K->18178K(81280K), 0.0037642 secs] [Times: user=0.00 sys=0.00, real=0.01 secs] 
11.895: [GC 11.895: [ParNew
Desired survivor size 1343488 bytes, new threshold 2 (max 4)
- age   1:     624968 bytes,     624968 total
- age   2:    1045912 bytes,    1670880 total
: 17672K->1636K(18624K), 0.0023052 secs] 34178K->18401K(81280K), 0.0024056 secs] [Times: user=0.00 sys=0.00, real=0.00 secs] 
11.909: [GC 11.909: [ParNew
Desired survivor size 1343488 bytes, new threshold 4 (max 4)
- age   1:     341064 bytes,     341064 total
- age   2:     391032 bytes,     732096 total
: 17607K->718K(18624K), 0.0032391 secs] 34373K->18451K(81280K), 0.0033504 secs] [Times: user=0.01 sys=0.01, real=0.01 secs] 
11.924: [GC 11.924: [ParNew
Desired survivor size 1343488 bytes, new threshold 4 (max 4)
- age   1:     449536 bytes,     449536 total
- age   2:     341064 bytes,     790600 total
- age   3:     391032 bytes,    1181632 total
: 16660K->1157K(18624K), 0.0016674 secs] 34393K->18890K(81280K), 0.0017740 secs] [Times: user=0.00 sys=0.00, real=0.00 secs] 
11.942: [GC 11.942: [ParNew
Desired survivor size 1343488 bytes, new threshold 4 (max 4)
- age   1:     632280 bytes,     632280 total
- age   2:     231992 bytes,     864272 total
- age   3:     341064 bytes,    1205336 total
- age   4:     391032 bytes,    1596368 total
: 17154K->1560K(18624K), 0.0020019 secs] 34887K->19293K(81280K), 0.0021272 secs] [Times: user=0.00 sys=0.00, real=0.00 secs] 
11.955: [GC 11.955: [ParNew
Desired survivor size 1343488 bytes, new threshold 3 (max 4)
- age   1:     828320 bytes,     828320 total
- age   2:     474320 bytes,    1302640 total
- age   3:     231992 bytes,    1534632 total
- age   4:     341064 bytes,    1875696 total
: 17553K->1836K(18624K), 0.0027223 secs] 35286K->19830K(81280K), 0.0028153 secs] [Times: user=0.00 sys=0.00, real=0.00 secs] 
11.971: [GC 11.971: [ParNew
Desired survivor size 1343488 bytes, new threshold 3 (max 4)
- age   1:     413256 bytes,     413256 total
- age   2:     589536 bytes,    1002792 total
- age   3:     437584 bytes,    1440376 total
: 17823K->1409K(18624K), 0.0025034 secs] 35817K->19882K(81280K), 0.0026473 secs] [Times: user=0.01 sys=0.00, real=0.01 secs] 
11.985: [GC 11.985: [ParNew
Desired survivor size 1343488 bytes, new threshold 4 (max 4)
- age   1:     625736 bytes,     625736 total
- age   2:     279816 bytes,     905552 total
- age   3:      81904 bytes,     987456 total
: 17409K->970K(18624K), 0.0024387 secs] 35882K->19756K(81280K), 0.0025358 secs] [Times: user=0.00 sys=0.00, real=0.00 secs] 
12.000: [GC 12.000: [ParNew
Desired survivor size 1343488 bytes, new threshold 1 (max 4)
- age   1:    1360328 bytes,    1360328 total
- age   2:     564736 bytes,    1925064 total
- age   3:     279816 bytes,    2204880 total
- age   4:      81904 bytes,    2286784 total
: 16922K->2234K(18624K), 0.0027572 secs] 35707K->21020K(81280K), 0.0028682 secs] [Times: user=0.00 sys=0.00, real=0.01 secs] 
12.015: [GC 12.016: [ParNew
Desired survivor size 1343488 bytes, new threshold 4 (max 4)
- age   1:     886088 bytes,     886088 total
: 18230K->869K(18624K), 0.0042832 secs] 37016K->21115K(81280K), 0.0044018 secs] [Times: user=0.01 sys=0.00, real=0.00 secs] 
12.035: [GC 12.035: [ParNew
Desired survivor size 1343488 bytes, new threshold 4 (max 4)
- age   1:     587992 bytes,     587992 total
- age   2:     526712 bytes,    1114704 total
: 16852K->1091K(18624K), 0.0020724 secs] 37098K->21336K(81280K), 0.0021755 secs] [Times: user=0.01 sys=0.00, real=0.00 secs] 
12.048: [GC 12.048: [ParNew
Desired survivor size 1343488 bytes, new threshold 3 (max 4)
- age   1:     523736 bytes,     523736 total
- age   2:     433072 bytes,     956808 total
- age   3:     404840 bytes,    1361648 total
: 17080K->1332K(18624K), 0.0019906 secs] 37325K->21578K(81280K), 0.0021267 secs] [Times: user=0.01 sys=0.00, real=0.00 secs] 
12.064: [GC 12.064: [ParNew
Desired survivor size 1343488 bytes, new threshold 2 (max 4)
- age   1:    1257904 bytes,    1257904 total
- age   2:     523736 bytes,    1781640 total
- age   3:     129136 bytes,    1910776 total
: 17295K->1868K(18624K), 0.0024888 secs] 37540K->22509K(81280K), 0.0025783 secs] [Times: user=0.00 sys=0.00, real=0.00 secs] 
12.078: [GC 12.078: [ParNew
Desired survivor size 1343488 bytes, new threshold 4 (max 4)
- age   1:     377328 bytes,     377328 total
- age   2:     859416 bytes,    1236744 total
: 17855K->1211K(18624K), 0.0023635 secs] 38496K->22172K(81280K), 0.0024920 secs] [Times: user=0.00 sys=0.00, real=0.00 secs] 
12.093: [GC 12.093: [ParNew
Desired survivor size 1343488 bytes, new threshold 4 (max 4)
- age   1:     257440 bytes,     257440 total
- age   2:     377328 bytes,     634768 total
- age   3:     499080 bytes,    1133848 total
: 17211K->1110K(18624K), 0.0014134 secs] 38172K->22072K(81280K), 0.0015180 secs] [Times: user=0.01 sys=0.00, real=0.00 secs] 
12.106: [GC 12.106: [ParNew
Desired survivor size 1343488 bytes, new threshold 4 (max 4)
- age   1:     624640 bytes,     624640 total
- age   2:     216552 bytes,     841192 total
- age   3:     336400 bytes,    1177592 total
- age   4:     499080 bytes,    1676672 total
: 17072K->1640K(18624K), 0.0028787 secs] 38034K->22602K(81280K), 0.0029872 secs] [Times: user=0.01 sys=0.01, real=0.00 secs] 
12.120: [GC 12.120: [ParNew
Desired survivor size 1343488 bytes, new threshold 4 (max 4)
- age   1:     170600 bytes,     170600 total
- age   2:     352640 bytes,     523240 total
- age   3:     216552 bytes,     739792 total
- age   4:     336400 bytes,    1076192 total
: 17590K->1054K(18624K), 0.0023648 secs] 38552K->22503K(81280K), 0.0024577 secs] [Times: user=0.00 sys=0.00, real=0.01 secs] 
12.135: [GC 12.135: [ParNew
Desired survivor size 1343488 bytes, new threshold 4 (max 4)
- age   1:     333328 bytes,     333328 total
- age   2:      95136 bytes,     428464 total
- age   3:     352640 bytes,     781104 total
- age   4:     216552 bytes,     997656 total
: 17051K->977K(18624K), 0.0018505 secs] 38499K->22754K(81280K), 0.0019346 secs] [Times: user=0.00 sys=0.00, real=0.00 secs] 
12.150: [GC 12.150: [ParNew
Desired survivor size 1343488 bytes, new threshold 4 (max 4)
- age   1:     744968 bytes,     744968 total
- age   2:     249056 bytes,     994024 total
- age   3:      95048 bytes,    1089072 total
- age   4:     309424 bytes,    1398496 total
: 16901K->1369K(18624K), 0.0018248 secs] 38678K->23358K(81280K), 0.0019112 secs] [Times: user=0.00 sys=0.00, real=0.01 secs] 
12.171: [GC 12.171: [ParNew
Desired survivor size 1343488 bytes, new threshold 4 (max 4)
- age   1:     449144 bytes,     449144 total
- age   2:     150496 bytes,     599640 total
- age   3:     161592 bytes,     761232 total
- age   4:      95048 bytes,     856280 total
: 17314K->838K(18624K), 0.0015308 secs] 39303K->23129K(81280K), 0.0016106 secs] [Times: user=0.00 sys=0.00, real=0.01 secs] 
12.186: [GC 12.186: [ParNew
Desired survivor size 1343488 bytes, new threshold 4 (max 4)
- age   1:     228816 bytes,     228816 total
- age   2:     102184 bytes,     331000 total
- age   3:     150496 bytes,     481496 total
- age   4:     161592 bytes,     643088 total
: 16838K->629K(18624K), 0.0014842 secs] 39129K->23013K(81280K), 0.0015664 secs] [Times: user=0.00 sys=0.00, real=0.00 secs] 
12.200: [GC 12.200: [ParNew
Desired survivor size 1343488 bytes, new threshold 4 (max 4)
- age   1:     555304 bytes,     555304 total
- age   2:     181000 bytes,     736304 total
- age   3:      11784 bytes,     748088 total
- age   4:     150496 bytes,     898584 total
: 16621K->880K(18624K), 0.0016089 secs] 39005K->23422K(81280K), 0.0017006 secs] [Times: user=0.00 sys=0.00, real=0.01 secs] 
12.213: [GC 12.213: [ParNew
Desired survivor size 1343488 bytes, new threshold 4 (max 4)
- age   1:     505904 bytes,     505904 total
- age   2:     146744 bytes,     652648 total
- age   3:       8144 bytes,     660792 total
- age   4:      11784 bytes,     672576 total
: 16867K->660K(18624K), 0.0014882 secs] 39408K->23349K(81280K), 0.0015742 secs] [Times: user=0.00 sys=0.00, real=0.00 secs] 
12.229: [GC 12.229: [ParNew
Desired survivor size 1343488 bytes, new threshold 4 (max 4)
- age   1:     794888 bytes,     794888 total
- age   2:     369432 bytes,    1164320 total
- age   3:      94944 bytes,    1259264 total
- age   4:       8144 bytes,    1267408 total
: 16630K->1244K(18624K), 0.0016666 secs] 39318K->23944K(81280K), 0.0017752 secs] [Times: user=0.00 sys=0.00, real=0.00 secs] 
12.242: [GC 12.242: [ParNew
Desired survivor size 1343488 bytes, new threshold 4 (max 4)
- age   1:     206376 bytes,     206376 total
- age   2:     377416 bytes,     583792 total
- age   3:     369432 bytes,     953224 total
- age   4:      94944 bytes,    1048168 total
: 17204K->1031K(18624K), 0.0017114 secs] 39904K->23739K(81280K), 0.0018184 secs] [Times: user=0.00 sys=0.00, real=0.00 secs] 
12.259: [GC 12.259: [ParNew
Desired survivor size 1343488 bytes, new threshold 4 (max 4)
- age   1:     903968 bytes,     903968 total
- age   3:     163384 bytes,    1067352 total
- age   4:     130992 bytes,    1198344 total
: 17019K->1172K(18624K), 0.0019089 secs] 39727K->23972K(81280K), 0.0020110 secs] [Times: user=0.01 sys=0.00, real=0.00 secs] 
12.272: [GC 12.272: [ParNew
Desired survivor size 1343488 bytes, new threshold 4 (max 4)
- age   1:     463520 bytes,     463520 total
- age   2:     670080 bytes,    1133600 total
- age   4:     163384 bytes,    1296984 total
: 17165K->1269K(18624K), 0.0019469 secs] 39965K->24197K(81280K), 0.0020439 secs] [Times: user=0.00 sys=0.00, real=0.00 secs] 
12.292: [GC 12.292: [ParNew
Desired survivor size 1343488 bytes, new threshold 4 (max 4)
- age   1:     731944 bytes,     731944 total
- age   2:     349304 bytes,    1081248 total
- age   3:     153560 bytes,    1234808 total
: 17249K->1209K(18624K), 0.0027521 secs] 40177K->24296K(81280K), 0.0028457 secs] [Times: user=0.01 sys=0.00, real=0.00 secs] 
12.312: [GC 12.313: [ParNew
Desired survivor size 1343488 bytes, new threshold 4 (max 4)
- age   1:     400688 bytes,     400688 total
- age   2:     579848 bytes,     980536 total
- age   3:     349304 bytes,    1329840 total
- age   4:     153560 bytes,    1483400 total
: 17118K->1449K(18624K), 0.0017022 secs] 40205K->24537K(81280K), 0.0018320 secs] [Times: user=0.00 sys=0.00, real=0.00 secs] 
12.325: [GC 12.326: [ParNew
Desired survivor size 1343488 bytes, new threshold 4 (max 4)
- age   1:     661104 bytes,     661104 total
- age   2:     241464 bytes,     902568 total
- age   3:     337000 bytes,    1239568 total
- age   4:     349304 bytes,    1588872 total
: 17435K->1567K(18624K), 0.0031435 secs] 40523K->24805K(81280K), 0.0032707 secs] [Times: user=0.01 sys=0.01, real=0.00 secs] 
12.344: [GC 12.344: [ParNew
Desired survivor size 1343488 bytes, new threshold 4 (max 4)
- age   1:     486008 bytes,     486008 total
- age   2:     458640 bytes,     944648 total
- age   3:     240136 bytes,    1184784 total
- age   4:     337000 bytes,    1521784 total
: 17567K->1487K(18624K), 0.0022697 secs] 40805K->25066K(81280K), 0.0023521 secs] [Times: user=0.00 sys=0.00, real=0.00 secs] 
12.359: [GC 12.359: [ParNew
Desired survivor size 1343488 bytes, new threshold 2 (max 4)
- age   1:    1205344 bytes,    1205344 total
- age   2:     139056 bytes,    1344400 total
- age   3:     335728 bytes,    1680128 total
- age   4:      82688 bytes,    1762816 total
: 17453K->1741K(18624K), 0.0023502 secs] 41032K->25649K(81280K), 0.0024587 secs] [Times: user=0.01 sys=0.00, real=0.00 secs] 
12.376: [GC 12.376: [ParNew
Desired survivor size 1343488 bytes, new threshold 4 (max 4)
- age   1:     696328 bytes,     696328 total
- age   2:     446904 bytes,    1143232 total
: 17741K->1130K(18624K), 0.0025317 secs] 41649K->25582K(81280K), 0.0026441 secs] [Times: user=0.00 sys=0.00, real=0.00 secs] 
12.393: [GC 12.393: [ParNew
Desired survivor size 1343488 bytes, new threshold 3 (max 4)
- age   1:     688608 bytes,     688608 total
- age   2:     320144 bytes,    1008752 total
- age   3:     446904 bytes,    1455656 total
: 17127K->1422K(18624K), 0.0016719 secs] 41579K->25874K(81280K), 0.0017573 secs] [Times: user=0.01 sys=0.00, real=0.00 secs] 
12.407: [GC 12.407: [ParNew
Desired survivor size 1343488 bytes, new threshold 4 (max 4)
- age   1:     499632 bytes,     499632 total
- age   2:     297808 bytes,     797440 total
- age   3:     320144 bytes,    1117584 total
: 17384K->1102K(18624K), 0.0028436 secs] 41836K->25990K(81280K), 0.0030040 secs] [Times: user=0.01 sys=0.00, real=0.00 secs] 
12.422: [GC 12.422: [ParNew
Desired survivor size 1343488 bytes, new threshold 4 (max 4)
- age   1:     264848 bytes,     264848 total
- age   2:     386984 bytes,     651832 total
- age   3:     134776 bytes,     786608 total
- age   4:     320072 bytes,    1106680 total
: 17102K->1090K(18624K), 0.0015733 secs] 41990K->25978K(81280K), 0.0016824 secs] [Times: user=0.00 sys=0.01, real=0.00 secs] 
12.438: [GC 12.438: [ParNew
Desired survivor size 1343488 bytes, new threshold 4 (max 4)
- age   1:     235808 bytes,     235808 total
- age   2:     215056 bytes,     450864 total
- age   3:     386984 bytes,     837848 total
- age   4:     134776 bytes,     972624 total
: 17073K->969K(18624K), 0.0019240 secs] 41961K->26170K(81280K), 0.0020050 secs] [Times: user=0.01 sys=0.00, real=0.00 secs] 
12.454: [GC 12.454: [ParNew
Desired survivor size 1343488 bytes, new threshold 1 (max 4)
- age   1:    1455128 bytes,    1455128 total
- age   2:     178472 bytes,    1633600 total
- age   3:     215056 bytes,    1848656 total
- age   4:     386984 bytes,    2235640 total
: 16968K->2218K(18624K), 0.0031146 secs] 42169K->27551K(81280K), 0.0032027 secs] [Times: user=0.01 sys=0.00, real=0.00 secs] 
12.468: [GC 12.468: [ParNew
Desired survivor size 1343488 bytes, new threshold 4 (max 4)
- age   1:     286064 bytes,     286064 total
: 18211K->312K(18624K), 0.0046145 secs] 43544K->27453K(81280K), 0.0047146 secs] [Times: user=0.00 sys=0.00, real=0.01 secs] 
12.485: [GC 12.485: [ParNew
Desired survivor size 1343488 bytes, new threshold 4 (max 4)
- age   1:     609336 bytes,     609336 total
- age   2:     166752 bytes,     776088 total
: 16291K->794K(18624K), 0.0013432 secs] 43432K->27936K(81280K), 0.0014718 secs] [Times: user=0.00 sys=0.00, real=0.00 secs] 
12.501: [GC 12.501: [ParNew
Desired survivor size 1343488 bytes, new threshold 4 (max 4)
- age   1:     417440 bytes,     417440 total
- age   2:     415816 bytes,     833256 total
- age   3:     166752 bytes,    1000008 total
: 16777K->985K(18624K), 0.0015276 secs] 43919K->28126K(81280K), 0.0016302 secs] [Times: user=0.00 sys=0.00, real=0.01 secs] 
12.514: [GC 12.514: [ParNew
Desired survivor size 1343488 bytes, new threshold 4 (max 4)
- age   1:     424960 bytes,     424960 total
- age   2:     214544 bytes,     639504 total
- age   3:     147728 bytes,     787232 total
- age   4:      46952 bytes,     834184 total
: 16981K->817K(18624K), 0.0015255 secs] 44123K->27959K(81280K), 0.0016349 secs] [Times: user=0.00 sys=0.00, real=0.00 secs] 
12.528: [GC 12.528: [ParNew
Desired survivor size 1343488 bytes, new threshold 3 (max 4)
- age   1:    1117888 bytes,    1117888 total
- age   2:     149240 bytes,    1267128 total
- age   3:     214544 bytes,    1481672 total
- age   4:      82760 bytes,    1564432 total
: 16765K->1529K(18624K), 0.0018765 secs] 43907K->28717K(81280K), 0.0021165 secs] [Times: user=0.01 sys=0.00, real=0.00 secs] 
12.544: [GC 12.544: [ParNew
Desired survivor size 1343488 bytes, new threshold 4 (max 4)
- age   1:     413920 bytes,     413920 total
- age   2:     640864 bytes,    1054784 total
- age   3:     149240 bytes,    1204024 total
: 17523K->1178K(18624K), 0.0023535 secs] 44710K->28656K(81280K), 0.0024449 secs] [Times: user=0.01 sys=0.00, real=0.00 secs] 
12.558: [GC 12.558: [ParNew
Desired survivor size 1343488 bytes, new threshold 4 (max 4)
- age   1:     451000 bytes,     451000 total
- age   2:     254456 bytes,     705456 total
- age   3:     507240 bytes,    1212696 total
- age   4:     149240 bytes,    1361936 total
: 17135K->1330K(18624K), 0.0022327 secs] 44613K->28808K(81280K), 0.0023502 secs] [Times: user=0.00 sys=0.00, real=0.00 secs] 
12.571: [GC 12.571: [ParNew
Desired survivor size 1343488 bytes, new threshold 4 (max 4)
- age   1:     276384 bytes,     276384 total
- age   2:     249600 bytes,     525984 total
- age   3:      88528 bytes,     614512 total
- age   4:     341216 bytes,     955728 total
: 17322K->937K(18624K), 0.0016563 secs] 44800K->28561K(81280K), 0.0019229 secs] [Times: user=0.00 sys=0.00, real=0.01 secs] 
12.584: [GC 12.584: [ParNew
Desired survivor size 1343488 bytes, new threshold 3 (max 4)
- age   1:     975024 bytes,     975024 total
- age   2:     191232 bytes,    1166256 total
- age   3:     249600 bytes,    1415856 total
- age   4:      88528 bytes,    1504384 total
: 16918K->1473K(18624K), 0.0048101 secs] 44542K->29430K(81280K), 0.0049056 secs] [Times: user=0.01 sys=0.00, real=0.00 secs] 
12.602: [GC 12.602: [ParNew
Desired survivor size 1343488 bytes, new threshold 4 (max 4)
- age   1:     492664 bytes,     492664 total
- age   2:     391320 bytes,     883984 total
- age   3:     191232 bytes,    1075216 total
: 17458K->1057K(18624K), 0.0024047 secs] 45414K->29345K(81280K), 0.0024909 secs] [Times: user=0.01 sys=0.00, real=0.00 secs] 
12.617: [GC 12.617: [ParNew
Desired survivor size 1343488 bytes, new threshold 4 (max 4)
- age   1:    1013016 bytes,    1013016 total
- age   2:      64120 bytes,    1077136 total
- age   3:     222208 bytes,    1299344 total
- age   4:     191232 bytes,    1490576 total
: 17028K->1458K(18624K), 0.0018923 secs] 45315K->29745K(81280K), 0.0019936 secs] [Times: user=0.00 sys=0.00, real=0.00 secs] 
12.630: [GC 12.630: [ParNew
Desired survivor size 1343488 bytes, new threshold 4 (max 4)
- age   1:     384888 bytes,     384888 total
- age   2:     861184 bytes,    1246072 total
- age   3:      64120 bytes,    1310192 total
- age   4:     222208 bytes,    1532400 total
: 17455K->1498K(18624K), 0.0018195 secs] 45742K->29786K(81280K), 0.0019201 secs] [Times: user=0.00 sys=0.00, real=0.01 secs] 
12.646: [GC 12.646: [ParNew
Desired survivor size 1343488 bytes, new threshold 4 (max 4)
- age   1:     246240 bytes,     246240 total
- age   2:     210192 bytes,     456432 total
- age   3:     861184 bytes,    1317616 total
- age   4:      64120 bytes,    1381736 total
: 17464K->1351K(18624K), 0.0023211 secs] 45751K->29856K(81280K), 0.0024592 secs] [Times: user=0.00 sys=0.00, real=0.00 secs] 
12.660: [GC 12.660: [ParNew
Desired survivor size 1343488 bytes, new threshold 4 (max 4)
- age   1:     534296 bytes,     534296 total
- age   2:      80216 bytes,     614512 total
- age   3:     210192 bytes,     824704 total
- age   4:     234808 bytes,    1059512 total
: 17299K->1038K(18624K), 0.0019376 secs] 45804K->29604K(81280K), 0.0021536 secs] [Times: user=0.00 sys=0.00, real=0.01 secs] 
12.677: [GC 12.677: [ParNew
Desired survivor size 1343488 bytes, new threshold 4 (max 4)
- age   1:     497616 bytes,     497616 total
- age   2:      85440 bytes,     583056 total
- age   3:      80216 bytes,     663272 total
- age   4:     210192 bytes,     873464 total
: 16922K->855K(18624K), 0.0019200 secs] 45489K->29562K(81280K), 0.0020041 secs] [Times: user=0.01 sys=0.00, real=0.00 secs] 
12.691: [GC 12.691: [ParNew
Desired survivor size 1343488 bytes, new threshold 1 (max 4)
- age   1:    1483688 bytes,    1483688 total
- age   2:     350216 bytes,    1833904 total
- age   3:      85440 bytes,    1919344 total
: 16838K->1876K(18624K), 0.0031515 secs] 45545K->30788K(81280K), 0.0033403 secs] [Times: user=0.01 sys=0.00, real=0.01 secs] 
12.707: [GC 12.707: [ParNew
Desired survivor size 1343488 bytes, new threshold 4 (max 4)
- age   1:     490200 bytes,     490200 total
: 17875K->479K(18624K), 0.0029748 secs] 46786K->30379K(81280K), 0.0030760 secs] [Times: user=0.00 sys=0.00, real=0.00 secs] 
12.722: [GC 12.722: [ParNew
Desired survivor size 1343488 bytes, new threshold 4 (max 4)
- age   1:     776480 bytes,     776480 total
- age   2:     326048 bytes,    1102528 total
: 16454K->1079K(18624K), 0.0024133 secs] 46354K->30978K(81280K), 0.0025482 secs] [Times: user=0.00 sys=0.01, real=0.00 secs] 
12.737: [GC 12.737: [ParNew
Desired survivor size 1343488 bytes, new threshold 4 (max 4)
- age   1:     281032 bytes,     281032 total
- age   2:     685704 bytes,     966736 total
- age   3:     326048 bytes,    1292784 total
: 17049K->1264K(18624K), 0.0023353 secs] 46949K->31164K(81280K), 0.0024470 secs] [Times: user=0.00 sys=0.00, real=0.00 secs] 
12.751: [GC 12.751: [ParNew
Desired survivor size 1343488 bytes, new threshold 3 (max 4)
- age   1:     938640 bytes,     938640 total
- age   2:     161264 bytes,    1099904 total
- age   3:     685704 bytes,    1785608 total
- age   4:     326048 bytes,    2111656 total
: 17261K->2064K(18624K), 0.0043303 secs] 47161K->31963K(81280K), 0.0044313 secs] [Times: user=0.00 sys=0.00, real=0.00 secs] 
12.768: [GC 12.768: [ParNew
Desired survivor size 1343488 bytes, new threshold 3 (max 4)
- age   1:     440880 bytes,     440880 total
- age   2:     854192 bytes,    1295072 total
- age   3:     161264 bytes,    1456336 total
: 18052K->1424K(18624K), 0.0036610 secs] 47952K->31977K(81280K), 0.0037644 secs] [Times: user=0.01 sys=0.00, real=0.01 secs] 
12.783: [GC 12.783: [ParNew
Desired survivor size 1343488 bytes, new threshold 3 (max 4)
- age   1:     266056 bytes,     266056 total
- age   2:     348456 bytes,     614512 total
- age   3:     854192 bytes,    1468704 total
: 17420K->1435K(18624K), 0.0021845 secs] 47973K->32045K(81280K), 0.0022958 secs] [Times: user=0.00 sys=0.00, real=0.00 secs] 
12.800: [GC 12.801: [ParNew
Desired survivor size 1343488 bytes, new threshold 4 (max 4)
- age   1:     530840 bytes,     530840 total
- age   2:     213088 bytes,     743928 total
- age   3:      87344 bytes,     831272 total
: 17435K->812K(18624K), 0.0031148 secs] 48045K->32255K(81280K), 0.0032210 secs] [Times: user=0.00 sys=0.00, real=0.01 secs] 
12.818: [GC 12.818: [ParNew
Desired survivor size 1343488 bytes, new threshold 4 (max 4)
- age   1:     373432 bytes,     373432 total
- age   2:     327216 bytes,     700648 total
- age   3:     213088 bytes,     913736 total
- age   4:      87240 bytes,    1000976 total
: 16799K->981K(18624K), 0.0021242 secs] 48243K->32425K(81280K), 0.0022111 secs] [Times: user=0.00 sys=0.01, real=0.00 secs] 
12.831: [GC 12.831: [ParNew
Desired survivor size 1343488 bytes, new threshold 4 (max 4)
- age   1:     229792 bytes,     229792 total
- age   2:     203096 bytes,     432888 total
- age   3:     327216 bytes,     760104 total
- age   4:     213088 bytes,     973192 total
: 16936K->953K(18624K), 0.0020640 secs] 48380K->32482K(81280K), 0.0021599 secs] [Times: user=0.00 sys=0.00, real=0.01 secs] 
12.851: [GC 12.852: [ParNew
Desired survivor size 1343488 bytes, new threshold 4 (max 4)
- age   1:     562496 bytes,     562496 total
- age   2:     181968 bytes,     744464 total
- age   3:      54592 bytes,     799056 total
- age   4:     327176 bytes,    1126232 total
: 16924K->1104K(18624K), 0.0147344 secs] 48453K->32797K(81280K), 0.0149288 secs] [Times: user=0.01 sys=0.00, real=0.01 secs] 
12.880: [GC 12.880: [ParNew
Desired survivor size 1343488 bytes, new threshold 4 (max 4)
- age   1:     463328 bytes,     463328 total
- age   2:     179456 bytes,     642784 total
- age   3:     181968 bytes,     824752 total
- age   4:      54592 bytes,     879344 total
: 17074K->865K(18624K), 0.0016922 secs] 48767K->32706K(81280K), 0.0017877 secs] [Times: user=0.01 sys=0.00, real=0.01 secs] 
12.895: [GC 12.895: [ParNew
Desired survivor size 1343488 bytes, new threshold 4 (max 4)
- age   1:     550912 bytes,     550912 total
- age   2:     304072 bytes,     854984 total
- age   3:      81640 bytes,     936624 total
- age   4:     181968 bytes,    1118592 total
: 16865K->1095K(18624K), 0.0019275 secs] 48706K->32989K(81280K), 0.0020284 secs] [Times: user=0.00 sys=0.00, real=0.00 secs] 
12.909: [GC 12.909: [ParNew
Desired survivor size 1343488 bytes, new threshold 2 (max 4)
- age   1:    1330120 bytes,    1330120 total
- age   2:     485128 bytes,    1815248 total
- age   3:     148376 bytes,    1963624 total
- age   4:       3728 bytes,    1967352 total
: 17055K->1925K(18624K), 0.0023998 secs] 48950K->33997K(81280K), 0.0024884 secs] [Times: user=0.01 sys=0.00, real=0.01 secs] 
12.924: [GC 12.924: [ParNew
Desired survivor size 1343488 bytes, new threshold 2 (max 4)
- age   1:     753000 bytes,     753000 total
- age   2:    1244768 bytes,    1997768 total
: 17919K->1963K(18624K), 0.0034734 secs] 49991K->34600K(81280K), 0.0035728 secs] [Times: user=0.01 sys=0.00, real=0.00 secs] 
12.941: [GC 12.941: [ParNew
Desired survivor size 1343488 bytes, new threshold 4 (max 4)
- age   1:     263672 bytes,     263672 total
- age   2:     580200 bytes,     843872 total
: 17934K->826K(18624K), 0.0033092 secs] 50572K->34359K(81280K), 0.0034038 secs] [Times: user=0.00 sys=0.00, real=0.01 secs] 
12.956: [GC 12.956: [ParNew
Desired survivor size 1343488 bytes, new threshold 4 (max 4)
- age   1:     310688 bytes,     310688 total
- age   2:     139616 bytes,     450304 total
- age   3:     580200 bytes,    1030504 total
: 16781K->1008K(18624K), 0.0019727 secs] 50313K->34541K(81280K), 0.0020686 secs] [Times: user=0.00 sys=0.00, real=0.00 secs] 
12.970: [GC 12.970: [ParNew
Desired survivor size 1343488 bytes, new threshold 4 (max 4)
- age   1:     912776 bytes,     912776 total
- age   2:     242480 bytes,    1155256 total
- age   3:     139616 bytes,    1294872 total
- age   4:     580200 bytes,    1875072 total
: 17001K->1831K(18624K), 0.0022415 secs] 50534K->35364K(81280K), 0.0023506 secs] [Times: user=0.00 sys=0.00, real=0.01 secs] 
12.986: [GC [1 CMS-initial-mark: 33532K(62656K)] 49652K(81280K), 0.0014191 secs] [Times: user=0.00 sys=0.00, real=0.00 secs] 
12.987: [CMS-concurrent-mark-start]
12.990: [GC 12.990: [ParNew
Desired survivor size 1343488 bytes, new threshold 1 (max 4)
- age   1:    1530056 bytes,    1530056 total
- age   2:     818320 bytes,    2348376 total
- age   3:     242440 bytes,    2590816 total
- age   4:      84448 bytes,    2675264 total
: 17769K->2614K(18624K), 0.0038676 secs] 51301K->36453K(81280K), 0.0039464 secs] [Times: user=0.00 sys=0.00, real=0.01 secs] 
13.020: [GC 13.020: [ParNew
Desired survivor size 1343488 bytes, new threshold 4 (max 4)
- age   1:     748304 bytes,     748304 total
: 18614K->735K(18624K), 0.0056333 secs] 52453K->36685K(81280K), 0.0057843 secs] [Times: user=0.00 sys=0.01, real=0.01 secs] 
13.039: [GC 13.040: [ParNew
Desired survivor size 1343488 bytes, new threshold 4 (max 4)
- age   1:     594264 bytes,     594264 total
- age   2:     641744 bytes,    1236008 total
: 16668K->1216K(18624K), 0.0016186 secs] 52617K->37165K(81280K), 0.0017006 secs] [Times: user=0.01 sys=0.00, real=0.00 secs] 
13.056: [GC 13.056: [ParNew
Desired survivor size 1343488 bytes, new threshold 4 (max 4)
- age   1:     213776 bytes,     213776 total
- age   2:     417128 bytes,     630904 total
- age   3:     641744 bytes,    1272648 total
: 17205K->1246K(18624K), 0.0016898 secs] 53155K->37196K(81280K), 0.0017912 secs] [Times: user=0.00 sys=0.00, real=0.00 secs] 
13.071: [CMS-concurrent-mark: 0.068/0.084 secs] [Times: user=0.13 sys=0.01, real=0.08 secs] 
13.071: [CMS-concurrent-preclean-start]
13.072: [GC 13.072: [ParNew
Desired survivor size 1343488 bytes, new threshold 4 (max 4)
- age   1:     438536 bytes,     438536 total
- age   2:     169568 bytes,     608104 total
- age   3:     417128 bytes,    1025232 total
- age   4:     641744 bytes,    1666976 total
: 17246K->1633K(18624K), 0.0020352 secs] 53196K->37583K(81280K), 0.0021219 secs] [Times: user=0.00 sys=0.00, real=0.00 secs] 
13.075: [CMS-concurrent-preclean: 0.001/0.004 secs] [Times: user=0.00 sys=0.00, real=0.01 secs] 
13.077: [GC[YG occupancy: 3081 K (18624 K)]13.077: [Rescan (parallel) , 0.0009121 secs]13.078: [weak refs processing, 0.0000365 secs] [1 CMS-remark: 35949K(62656K)] 39030K(81280K), 0.0010300 secs] [Times: user=0.01 sys=0.00, real=0.00 secs] 
13.078: [CMS-concurrent-sweep-start]
13.090: [GC 13.090: [ParNew
Desired survivor size 1343488 bytes, new threshold 4 (max 4)
- age   1:     873176 bytes,     873176 total
- age   2:     280064 bytes,    1153240 total
- age   3:     169568 bytes,    1322808 total
- age   4:     251216 bytes,    1574024 total
: 17584K->1545K(18624K), 0.0029999 secs] 53428K->38016K(81280K), 0.0031009 secs] [Times: user=0.00 sys=0.00, real=0.01 secs] 
13.097: [CMS-concurrent-sweep: 0.016/0.019 secs] [Times: user=0.03 sys=0.00, real=0.02 secs] 
13.111: [GC 13.111: [ParNew
Desired survivor size 1343488 bytes, new threshold 2 (max 4)
- age   1:     801640 bytes,     801640 total
- age   2:     621200 bytes,    1422840 total
- age   3:     280008 bytes,    1702848 total
- age   4:     102344 bytes,    1805192 total
: 17545K->1765K(18624K), 0.0021544 secs] 27770K->12236K(81280K), 0.0022624 secs] [Times: user=0.00 sys=0.00, real=0.01 secs] 
13.125: [GC 13.125: [ParNew
Desired survivor size 1343488 bytes, new threshold 4 (max 4)
- age   1:     344136 bytes,     344136 total
- age   2:     801640 bytes,    1145776 total
: 17733K->1122K(18624K), 0.0025470 secs] 28204K->12363K(81280K), 0.0026860 secs] [Times: user=0.00 sys=0.00, real=0.00 secs] 
13.141: [GC 13.141: [ParNew
Desired survivor size 1343488 bytes, new threshold 4 (max 4)
- age   1:     329528 bytes,     329528 total
- age   2:     158952 bytes,     488480 total
- age   3:     801640 bytes,    1290120 total
: 17112K->1267K(18624K), 0.0016238 secs] 28354K->12508K(81280K), 0.0018693 secs] [Times: user=0.00 sys=0.00, real=0.01 secs] 
13.159: [GC 13.160: [ParNew
Desired survivor size 1343488 bytes, new threshold 4 (max 4)
- age   1:     211544 bytes,     211544 total
- age   2:     151832 bytes,     363376 total
- age   3:     158952 bytes,     522328 total
- age   4:     628704 bytes,    1151032 total
: 17213K->1130K(18624K), 0.0018445 secs] 28455K->12371K(81280K), 0.0019523 secs] [Times: user=0.00 sys=0.00, real=0.01 secs] 
13.173: [GC 13.173: [ParNew
Desired survivor size 1343488 bytes, new threshold 4 (max 4)
- age   1:    1025656 bytes,    1025656 total
- age   2:       8536 bytes,    1034192 total
- age   4:       1984 bytes,    1036176 total
: 17102K->1031K(18624K), 0.0041317 secs] 28344K->12887K(81280K), 0.0042360 secs] [Times: user=0.00 sys=0.00, real=0.00 secs] 
13.189: [GC 13.189: [ParNew
Desired survivor size 1343488 bytes, new threshold 4 (max 4)
- age   1:     335088 bytes,     335088 total
- age   2:     475184 bytes,     810272 total
- age   3:       8104 bytes,     818376 total
: 17018K->805K(18624K), 0.0014208 secs] 28874K->12662K(81280K), 0.0015819 secs] [Times: user=0.00 sys=0.00, real=0.00 secs] 
13.203: [GC 13.203: [ParNew
Desired survivor size 1343488 bytes, new threshold 4 (max 4)
- age   1:     533232 bytes,     533232 total
- age   2:      46736 bytes,     579968 total
- age   3:     166880 bytes,     746848 total
- age   4:       8104 bytes,     754952 total
: 16798K->741K(18624K), 0.0012896 secs] 28655K->12599K(81280K), 0.0013830 secs] [Times: user=0.00 sys=0.00, real=0.00 secs] 
13.217: [GC 13.217: [ParNew
Desired survivor size 1343488 bytes, new threshold 4 (max 4)
- age   1:     408944 bytes,     408944 total
- age   2:      65392 bytes,     474336 total
- age   3:      46616 bytes,     520952 total
- age   4:     166880 bytes,     687832 total
: 16694K->678K(18624K), 0.0013254 secs] 28552K->12544K(81280K), 0.0014356 secs] [Times: user=0.00 sys=0.00, real=0.00 secs] 
13.229: [GC 13.230: [ParNew
Desired survivor size 1343488 bytes, new threshold 4 (max 4)
- age   1:     813632 bytes,     813632 total
- age   2:        760 bytes,     814392 total
- age   3:      65392 bytes,     879784 total
- age   4:      46616 bytes,     926400 total
: 16600K->905K(18624K), 0.0019279 secs] 28466K->12934K(81280K), 0.0021066 secs] [Times: user=0.01 sys=0.00, real=0.01 secs] 
13.246: [GC 13.246: [ParNew
Desired survivor size 1343488 bytes, new threshold 2 (max 4)
- age   1:     922544 bytes,     922544 total
- age   2:     642616 bytes,    1565160 total
- age   3:        760 bytes,    1565920 total
- age   4:      65392 bytes,    1631312 total
: 16895K->1595K(18624K), 0.0017899 secs] 28924K->13669K(81280K), 0.0018787 secs] [Times: user=0.01 sys=0.00, real=0.00 secs] 
13.260: [GC 13.260: [ParNew
Desired survivor size 1343488 bytes, new threshold 4 (max 4)
- age   1:     218080 bytes,     218080 total
- age   2:     731368 bytes,     949448 total
: 17577K->930K(18624K), 0.0017793 secs] 29651K->13531K(81280K), 0.0018886 secs] [Times: user=0.00 sys=0.00, real=0.01 secs] 
13.264: [CMS-concurrent-reset-start]
13.266: [CMS-concurrent-reset: 0.001/0.001 secs] [Times: user=0.00 sys=0.00, real=0.00 secs] 
13.274: [GC 13.275: [ParNew
Desired survivor size 1343488 bytes, new threshold 3 (max 4)
- age   1:     586808 bytes,     586808 total
- age   2:     191904 bytes,     778712 total
- age   3:     731368 bytes,    1510080 total
: 16905K->1477K(18624K), 0.0020831 secs] 29507K->14078K(81280K), 0.0021866 secs] [Times: user=0.01 sys=0.01, real=0.00 secs] 
13.288: [GC 13.289: [ParNew
Desired survivor size 1343488 bytes, new threshold 4 (max 4)
- age   1:     210320 bytes,     210320 total
- age   2:     518320 bytes,     728640 total
- age   3:     165728 bytes,     894368 total
: 17448K->875K(18624K), 0.0037874 secs] 30050K->14022K(81280K), 0.0039082 secs] [Times: user=0.01 sys=0.00, real=0.01 secs] 
13.308: [GC 13.308: [ParNew
Desired survivor size 1343488 bytes, new threshold 4 (max 4)
- age   1:     219760 bytes,     219760 total
- age   2:     145272 bytes,     365032 total
- age   3:     518320 bytes,     883352 total
- age   4:      42840 bytes,     926192 total
: 16773K->906K(18624K), 0.0020637 secs] 29920K->14053K(81280K), 0.0021872 secs] [Times: user=0.00 sys=0.00, real=0.00 secs] 
13.323: [GC 13.323: [ParNew
Desired survivor size 1343488 bytes, new threshold 4 (max 4)
- age   1:     878296 bytes,     878296 total
- age   2:      93096 bytes,     971392 total
- age   3:     145272 bytes,    1116664 total
- age   4:     518320 bytes,    1634984 total
: 16880K->1597K(18624K), 0.0019178 secs] 30027K->14786K(81280K), 0.0020082 secs] [Times: user=0.00 sys=0.00, real=0.00 secs] 
13.341: [GC 13.341: [ParNew
Desired survivor size 1343488 bytes, new threshold 4 (max 4)
- age   1:     312376 bytes,     312376 total
- age   2:     639760 bytes,     952136 total
- age   3:      93096 bytes,    1045232 total
- age   4:     145272 bytes,    1190504 total
: 17549K->1166K(18624K), 0.0024234 secs] 30738K->14860K(81280K), 0.0025636 secs] [Times: user=0.01 sys=0.00, real=0.01 secs] 
13.354: [GC 13.354: [ParNew
Desired survivor size 1343488 bytes, new threshold 4 (max 4)
- age   1:     420408 bytes,     420408 total
- age   2:     242216 bytes,     662624 total
- age   3:     639760 bytes,    1302384 total
- age   4:      93096 bytes,    1395480 total
: 17155K->1368K(18624K), 0.0019718 secs] 30850K->15062K(81280K), 0.0020669 secs] [Times: user=0.01 sys=0.00, real=0.00 secs] 
13.369: [GC 13.369: [ParNew
Desired survivor size 1343488 bytes, new threshold 4 (max 4)
- age   1:     758200 bytes,     758200 total
- age   2:      97232 bytes,     855432 total
- age   3:     241976 bytes,    1097408 total
- age   4:     365544 bytes,    1462952 total
: 17368K->1439K(18624K), 0.0023443 secs] 31062K->15225K(81280K), 0.0024510 secs] [Times: user=0.00 sys=0.00, real=0.00 secs] 
13.391: [GC 13.391: [ParNew
Desired survivor size 1343488 bytes, new threshold 4 (max 4)
- age   1:     394096 bytes,     394096 total
- age   2:     498848 bytes,     892944 total
- age   3:      97232 bytes,     990176 total
- age   4:     241976 bytes,    1232152 total
: 17438K->1215K(18624K), 0.0019708 secs] 31224K->15357K(81280K), 0.0020536 secs] [Times: user=0.00 sys=0.00, real=0.01 secs] 
13.405: [GC 13.405: [ParNew
Desired survivor size 1343488 bytes, new threshold 3 (max 4)
- age   1:     870584 bytes,     870584 total
- age   2:     378136 bytes,    1248720 total
- age   3:     421008 bytes,    1669728 total
- age   4:      97232 bytes,    1766960 total
: 17178K->1744K(18624K), 0.0026913 secs] 31320K->16123K(81280K), 0.0027956 secs] [Times: user=0.01 sys=0.00, real=0.00 secs] 
13.420: [GC 13.420: [ParNew
Desired survivor size 1343488 bytes, new threshold 4 (max 4)
- age   1:     318296 bytes,     318296 total
- age   2:     560024 bytes,     878320 total
- age   3:     203240 bytes,    1081560 total
: 17741K->1072K(18624K), 0.0020681 secs] 32120K->15957K(81280K), 0.0021858 secs] [Times: user=0.00 sys=0.00, real=0.01 secs] 
13.437: [GC 13.437: [ParNew
Desired survivor size 1343488 bytes, new threshold 2 (max 4)
- age   1:    1261088 bytes,    1261088 total
- age   2:     170928 bytes,    1432016 total
- age   3:     560024 bytes,    1992040 total
- age   4:     202536 bytes,    2194576 total
: 17056K->2147K(18624K), 0.0033528 secs] 31941K->17032K(81280K), 0.0034519 secs] [Times: user=0.00 sys=0.00, real=0.00 secs] 
13.452: [GC 13.452: [ParNew
Desired survivor size 1343488 bytes, new threshold 2 (max 4)
- age   1:     457512 bytes,     457512 total
- age   2:    1119504 bytes,    1577016 total
: 18130K->1558K(18624K), 0.0028209 secs] 33015K->17267K(81280K), 0.0029746 secs] [Times: user=0.01 sys=0.00, real=0.00 secs] 
13.468: [GC 13.469: [ParNew
Desired survivor size 1343488 bytes, new threshold 4 (max 4)
- age   1:     464880 bytes,     464880 total
- age   2:     403344 bytes,     868224 total
: 17519K->852K(18624K), 0.0022464 secs] 33228K->17654K(81280K), 0.0023577 secs] [Times: user=0.01 sys=0.00, real=0.00 secs] 
13.482: [GC 13.482: [ParNew
Desired survivor size 1343488 bytes, new threshold 4 (max 4)
- age   1:     495128 bytes,     495128 total
- age   2:     350632 bytes,     845760 total
- age   3:     403344 bytes,    1249104 total
: 16834K->1223K(18624K), 0.0019081 secs] 33636K->18025K(81280K), 0.0020134 secs] [Times: user=0.00 sys=0.00, real=0.00 secs] 
13.498: [GC 13.498: [ParNew
Desired survivor size 1343488 bytes, new threshold 4 (max 4)
- age   1:     395736 bytes,     395736 total
- age   2:     365496 bytes,     761232 total
- age   3:     350632 bytes,    1111864 total
- age   4:     403344 bytes,    1515208 total
: 17159K->1482K(18624K), 0.0020411 secs] 33961K->18285K(81280K), 0.0021382 secs] [Times: user=0.00 sys=0.00, real=0.00 secs] 
13.513: [GC 13.513: [ParNew
Desired survivor size 1343488 bytes, new threshold 4 (max 4)
- age   1:     606120 bytes,     606120 total
- age   2:     157448 bytes,     763568 total
- age   3:     244120 bytes,    1007688 total
- age   4:     350632 bytes,    1358320 total
: 17482K->1328K(18624K), 0.0021151 secs] 34285K->18524K(81280K), 0.0022683 secs] [Times: user=0.00 sys=0.00, real=0.00 secs] 
13.527: [GC 13.527: [ParNew
Desired survivor size 1343488 bytes, new threshold 4 (max 4)
- age   1:     590168 bytes,     590168 total
- age   2:     451920 bytes,    1042088 total
- age   3:     157448 bytes,    1199536 total
- age   4:     244120 bytes,    1443656 total
: 17322K->1411K(18624K), 0.0034931 secs] 34518K->18923K(81280K), 0.0037314 secs] [Times: user=0.01 sys=0.00, real=0.00 secs] 
13.543: [GC 13.543: [ParNew
Desired survivor size 1343488 bytes, new threshold 3 (max 4)
- age   1:     717240 bytes,     717240 total
- age   2:     357888 bytes,    1075128 total
- age   3:     451920 bytes,    1527048 total
- age   4:     157448 bytes,    1684496 total
: 17384K->1648K(18624K), 0.0034585 secs] 34896K->19398K(81280K), 0.0036512 secs] [Times: user=0.01 sys=0.00, real=0.00 secs] 
13.560: [GC 13.560: [ParNew
Desired survivor size 1343488 bytes, new threshold 2 (max 4)
- age   1:     823744 bytes,     823744 total
- age   2:     634496 bytes,    1458240 total
- age   3:     197336 bytes,    1655576 total
: 17551K->1620K(18624K), 0.0026024 secs] 35301K->19965K(81280K), 0.0027193 secs] [Times: user=0.00 sys=0.00, real=0.01 secs] 
13.577: [GC 13.577: [ParNew
Desired survivor size 1343488 bytes, new threshold 2 (max 4)
- age   1:     877624 bytes,     877624 total
- age   2:     683944 bytes,    1561568 total
: 17584K->1527K(18624K), 0.0029653 secs] 35929K->20685K(81280K), 0.0030641 secs] [Times: user=0.00 sys=0.01, real=0.00 secs] 
13.591: [GC 13.591: [ParNew
Desired survivor size 1343488 bytes, new threshold 2 (max 4)
- age   1:     895224 bytes,     895224 total
- age   2:     719680 bytes,    1614904 total
: 17486K->1579K(18624K), 0.0034258 secs] 36644K->21405K(81280K), 0.0035815 secs] [Times: user=0.01 sys=0.00, real=0.01 secs] 
13.607: [GC 13.607: [ParNew
Desired survivor size 1343488 bytes, new threshold 4 (max 4)
- age   1:     588720 bytes,     588720 total
- age   2:     729888 bytes,    1318608 total
: 17572K->1289K(18624K), 0.0026215 secs] 37397K->21818K(81280K), 0.0027311 secs] [Times: user=0.00 sys=0.00, real=0.00 secs] 
13.623: [GC 13.623: [ParNew
Desired survivor size 1343488 bytes, new threshold 3 (max 4)
- age   1:      81152 bytes,      81152 total
- age   2:     567504 bytes,     648656 total
- age   3:     729888 bytes,    1378544 total
: 17284K->1347K(18624K), 0.0018529 secs] 37812K->21876K(81280K), 0.0019774 secs] [Times: user=0.00 sys=0.00, real=0.00 secs] 
13.639: [GC 13.639: [ParNew
Desired survivor size 1343488 bytes, new threshold 4 (max 4)
- age   1:     855104 bytes,     855104 total
- age   2:       6336 bytes,     861440 total
- age   3:     466728 bytes,    1328168 total
: 17322K->1300K(18624K), 0.0030283 secs] 37850K->22541K(81280K), 0.0031298 secs] [Times: user=0.01 sys=0.00, real=0.01 secs] 
13.654: [GC 13.654: [ParNew
Desired survivor size 1343488 bytes, new threshold 2 (max 4)
- age   1:     646784 bytes,     646784 total
- age   2:     786184 bytes,    1432968 total
- age   3:       6336 bytes,    1439304 total
- age   4:     382424 bytes,    1821728 total
: 17282K->1785K(18624K), 0.0021294 secs] 38523K->23026K(81280K), 0.0022433 secs] [Times: user=0.00 sys=0.00, real=0.00 secs] 
13.668: [GC 13.668: [ParNew
Desired survivor size 1343488 bytes, new threshold 2 (max 4)
- age   1:    1284776 bytes,    1284776 total
- age   2:     404512 bytes,    1689288 total
: 17755K->1664K(18624K), 0.0031119 secs] 38996K->24023K(81280K), 0.0032272 secs] [Times: user=0.01 sys=0.00, real=0.01 secs] 
13.683: [GC 13.683: [ParNew
Desired survivor size 1343488 bytes, new threshold 2 (max 4)
- age   1:     803848 bytes,     803848 total
- age   2:    1148800 bytes,    1952648 total
: 17622K->1910K(18624K), 0.0031358 secs] 39981K->24664K(81280K), 0.0032502 secs] [Times: user=0.01 sys=0.00, real=0.00 secs] 
13.698: [GC 13.698: [ParNew
Desired survivor size 1343488 bytes, new threshold 4 (max 4)
- age   1:     647392 bytes,     647392 total
- age   2:     387648 bytes,    1035040 total
: 17866K->1014K(18624K), 0.0025357 secs] 40620K->24774K(81280K), 0.0027129 secs] [Times: user=0.00 sys=0.00, real=0.00 secs] 
13.715: [GC 13.715: [ParNew
Desired survivor size 1343488 bytes, new threshold 4 (max 4)
- age   1:     306352 bytes,     306352 total
- age   2:     533768 bytes,     840120 total
- age   3:     387648 bytes,    1227768 total
: 16991K->1200K(18624K), 0.0021036 secs] 40751K->24960K(81280K), 0.0022071 secs] [Times: user=0.00 sys=0.00, real=0.00 secs] 
13.729: [GC 13.729: [ParNew
Desired survivor size 1343488 bytes, new threshold 4 (max 4)
- age   1:     549688 bytes,     549688 total
- age   2:     253184 bytes,     802872 total
- age   3:     325504 bytes,    1128376 total
- age   4:     126552 bytes,    1254928 total
: 17161K->1229K(18624K), 0.0022019 secs] 40921K->24989K(81280K), 0.0023243 secs] [Times: user=0.01 sys=0.00, real=0.00 secs] 
13.743: [GC 13.743: [ParNew
Desired survivor size 1343488 bytes, new threshold 4 (max 4)
- age   1:     520632 bytes,     520632 total
- age   2:     380632 bytes,     901264 total
- age   3:     253184 bytes,    1154448 total
- age   4:     190784 bytes,    1345232 total
: 17200K->1317K(18624K), 0.0022227 secs] 40960K->25200K(81280K), 0.0023288 secs] [Times: user=0.01 sys=0.00, real=0.00 secs] 
13.757: [GC 13.757: [ParNew
Desired survivor size 1343488 bytes, new threshold 4 (max 4)
- age   1:     565160 bytes,     565160 total
- age   2:     283784 bytes,     848944 total
- age   3:     380632 bytes,    1229576 total
- age   4:     253184 bytes,    1482760 total
: 17317K->1450K(18624K), 0.0024269 secs] 41200K->25521K(81280K), 0.0025211 secs] [Times: user=0.00 sys=0.00, real=0.00 secs] 
13.773: [GC 13.773: [ParNew
Desired survivor size 1343488 bytes, new threshold 2 (max 4)
- age   1:    1217256 bytes,    1217256 total
- age   2:     565120 bytes,    1782376 total
- age   3:     283784 bytes,    2066160 total
- age   4:     380632 bytes,    2446792 total
: 17442K->2389K(18624K), 0.0033892 secs] 41513K->26707K(81280K), 0.0035097 secs] [Times: user=0.00 sys=0.00, real=0.00 secs] 
13.788: [GC 13.788: [ParNew
Desired survivor size 1343488 bytes, new threshold 2 (max 4)
- age   1:     613352 bytes,     613352 total
- age   2:    1087328 bytes,    1700680 total
: 18362K->1662K(18624K), 0.0036418 secs] 42679K->26845K(81280K), 0.0037331 secs] [Times: user=0.01 sys=0.00, real=0.01 secs] 
13.805: [GC 13.805: [ParNew
Desired survivor size 1343488 bytes, new threshold 4 (max 4)
- age   1:     330760 bytes,     330760 total
- age   2:     440768 bytes,     771528 total
: 17644K->758K(18624K), 0.0027837 secs] 42826K->27002K(81280K), 0.0028760 secs] [Times: user=0.00 sys=0.00, real=0.00 secs] 
13.819: [GC 13.820: [ParNew
Desired survivor size 1343488 bytes, new threshold 4 (max 4)
- age   1:     623912 bytes,     623912 total
- age   2:     188016 bytes,     811928 total
- age   3:     440768 bytes,    1252696 total
: 16713K->1225K(18624K), 0.0019579 secs] 42958K->27470K(81280K), 0.0020568 secs] [Times: user=0.00 sys=0.00, real=0.01 secs] 
13.833: [GC 13.833: [ParNew
Desired survivor size 1343488 bytes, new threshold 3 (max 4)
- age   1:     809584 bytes,     809584 total
- age   2:     519728 bytes,    1329312 total
- age   3:     188016 bytes,    1517328 total
- age   4:     233952 bytes,    1751280 total
: 17218K->1712K(18624K), 0.0034698 secs] 43463K->27957K(81280K), 0.0035734 secs] [Times: user=0.01 sys=0.00, real=0.00 secs] 
13.849: [GC 13.849: [ParNew
Desired survivor size 1343488 bytes, new threshold 2 (max 4)
- age   1:     975624 bytes,     975624 total
- age   2:     617608 bytes,    1593232 total
- age   3:     519728 bytes,    2112960 total
: 17698K->2066K(18624K), 0.0031993 secs] 43942K->28723K(81280K), 0.0033051 secs] [Times: user=0.00 sys=0.00, real=0.01 secs] 
13.867: [GC 13.867: [ParNew
Desired survivor size 1343488 bytes, new threshold 2 (max 4)
- age   1:     475824 bytes,     475824 total
- age   2:     889952 bytes,    1365776 total
: 18066K->1336K(18624K), 0.0032246 secs] 44723K->29103K(81280K), 0.0033322 secs] [Times: user=0.01 sys=0.00, real=0.00 secs] 
13.882: [GC 13.883: [ParNew
Desired survivor size 1343488 bytes, new threshold 2 (max 4)
- age   1:    1078696 bytes,    1078696 total
- age   2:     426776 bytes,    1505472 total
: 17311K->1473K(18624K), 0.0025791 secs] 45079K->29533K(81280K), 0.0026822 secs] [Times: user=0.00 sys=0.00, real=0.00 secs] 
13.898: [GC 13.898: [ParNew
Desired survivor size 1343488 bytes, new threshold 2 (max 4)
- age   1:     941536 bytes,     941536 total
- age   2:    1023528 bytes,    1965064 total
: 17447K->1923K(18624K), 0.0028531 secs] 45508K->30153K(81280K), 0.0029885 secs] [Times: user=0.00 sys=0.00, real=0.00 secs] 
13.914: [GC 13.914: [ParNew
Desired survivor size 1343488 bytes, new threshold 2 (max 4)
- age   1:    1090744 bytes,    1090744 total
- age   2:     839880 bytes,    1930624 total
: 17920K->1887K(18624K), 0.0032753 secs] 46150K->31117K(81280K), 0.0034135 secs] [Times: user=0.01 sys=0.00, real=0.00 secs] 
13.930: [GC 13.930: [ParNew
Desired survivor size 1343488 bytes, new threshold 2 (max 4)
- age   1:     547224 bytes,     547224 total
- age   2:     849912 bytes,    1397136 total
: 17872K->1366K(18624K), 0.0024767 secs] 47102K->31416K(81280K), 0.0026518 secs] [Times: user=0.00 sys=0.00, real=0.01 secs] 
13.945: [GC 13.945: [ParNew
Desired survivor size 1343488 bytes, new threshold 4 (max 4)
- age   1:     420392 bytes,     420392 total
- age   2:     184264 bytes,     604656 total
: 17355K->592K(18624K), 0.0022386 secs] 47405K->31297K(81280K), 0.0023315 secs] [Times: user=0.00 sys=0.00, real=0.00 secs] 
13.960: [GC 13.960: [ParNew
Desired survivor size 1343488 bytes, new threshold 4 (max 4)
- age   1:     636312 bytes,     636312 total
- age   2:     343512 bytes,     979824 total
- age   3:     184264 bytes,    1164088 total
: 16550K->1138K(18624K), 0.0020825 secs] 47256K->31843K(81280K), 0.0021917 secs] [Times: user=0.00 sys=0.00, real=0.01 secs] 
13.973: [GC 13.973: [ParNew
Desired survivor size 1343488 bytes, new threshold 2 (max 4)
- age   1:     819368 bytes,     819368 total
- age   2:     569792 bytes,    1389160 total
- age   3:     259008 bytes,    1648168 total
- age   4:      99688 bytes,    1747856 total
: 17137K->1709K(18624K), 0.0023552 secs] 47842K->32415K(81280K), 0.0024975 secs] [Times: user=0.01 sys=0.00, real=0.00 secs] 
13.989: [GC 13.989: [ParNew
Desired survivor size 1343488 bytes, new threshold 4 (max 4)
- age   1:     550280 bytes,     550280 total
- age   2:     778424 bytes,    1328704 total
: 17709K->1299K(18624K), 0.0022579 secs] 48415K->32875K(81280K), 0.0023542 secs] [Times: user=0.00 sys=0.00, real=0.01 secs] 
14.009: [GC 14.010: [ParNew
Desired survivor size 1343488 bytes, new threshold 2 (max 4)
- age   1:     914904 bytes,     914904 total
- age   2:     467136 bytes,    1382040 total
- age   3:     778424 bytes,    2160464 total
: 17293K->2111K(18624K), 0.0025871 secs] 48869K->33686K(81280K), 0.0026965 secs] [Times: user=0.00 sys=0.00, real=0.01 secs] 
14.025: [GC 14.025: [ParNew
Desired survivor size 1343488 bytes, new threshold 2 (max 4)
- age   1:    1050976 bytes,    1050976 total
- age   2:     586752 bytes,    1637728 total
: 18111K->1611K(18624K), 0.0032284 secs] 49686K->34402K(81280K), 0.0033279 secs] [Times: user=0.01 sys=0.00, real=0.00 secs] 
14.040: [GC 14.040: [ParNew
Desired survivor size 1343488 bytes, new threshold 2 (max 4)
- age   1:     511344 bytes,     511344 total
- age   2:     919784 bytes,    1431128 total
: 17556K->1409K(18624K), 0.0027270 secs] 50347K->34773K(81280K), 0.0028196 secs] [Times: user=0.00 sys=0.00, real=0.01 secs] 
14.058: [GC 14.058: [ParNew
Desired survivor size 1343488 bytes, new threshold 4 (max 4)
- age   1:     446592 bytes,     446592 total
- age   2:     391512 bytes,     838104 total
: 17409K->822K(18624K), 0.0023507 secs] 50773K->35084K(81280K), 0.0024474 secs] [Times: user=0.00 sys=0.00, real=0.00 secs] 
14.072: [GC 14.072: [ParNew
Desired survivor size 1343488 bytes, new threshold 2 (max 4)
- age   1:    1066728 bytes,    1066728 total
- age   2:     446552 bytes,    1513280 total
- age   3:     391512 bytes,    1904792 total
: 16789K->1862K(18624K), 0.0026882 secs] 51051K->36123K(81280K), 0.0028500 secs] [Times: user=0.01 sys=0.00, real=0.00 secs] 
14.086: [GC 14.086: [ParNew
Desired survivor size 1343488 bytes, new threshold 2 (max 4)
- age   1:     721616 bytes,     721616 total
- age   2:     851400 bytes,    1573016 total
: 17815K->1540K(18624K), 0.0030747 secs] 52076K->36492K(81280K), 0.0031831 secs] [Times: user=0.00 sys=0.00, real=0.00 secs] 
14.104: [GC 14.104: [ParNew
Desired survivor size 1343488 bytes, new threshold 1 (max 4)
- age   1:    1378640 bytes,    1378640 total
- age   2:     516480 bytes,    1895120 total
: 17523K->1853K(18624K), 0.0038853 secs] 52474K->37635K(81280K), 0.0039996 secs] [Times: user=0.00 sys=0.00, real=0.00 secs] 
14.125: [GC 14.125: [ParNew
Desired survivor size 1343488 bytes, new threshold 4 (max 4)
- age   1:     371832 bytes,     371832 total
: 17852K->365K(18624K), 0.0026633 secs] 53634K->37675K(81280K), 0.0027875 secs] [Times: user=0.01 sys=0.00, real=0.00 secs] 
14.140: [GC 14.140: [ParNew
Desired survivor size 1343488 bytes, new threshold 4 (max 4)
- age   1:     423376 bytes,     423376 total
- age   2:      28344 bytes,     451720 total
: 16354K->443K(18624K), 0.0012385 secs] 53664K->37752K(81280K), 0.0013147 secs] [Times: user=0.01 sys=0.00, real=0.01 secs] 
14.156: [GC 14.156: [ParNew
Desired survivor size 1343488 bytes, new threshold 4 (max 4)
- age   1:      67024 bytes,      67024 total
- age   2:     406536 bytes,     473560 total
- age   3:      26936 bytes,     500496 total
: 16427K->490K(18624K), 0.0014811 secs] 53736K->37800K(81280K), 0.0015841 secs] [Times: user=0.00 sys=0.00, real=0.00 secs] 
14.172: [GC 14.172: [ParNew
Desired survivor size 1343488 bytes, new threshold 4 (max 4)
- age   1:     269800 bytes,     269800 total
- age   2:      55368 bytes,     325168 total
- age   3:     406536 bytes,     731704 total
- age   4:      26936 bytes,     758640 total
: 16490K->743K(18624K), 0.0018885 secs] 53800K->38053K(81280K), 0.0020358 secs] [Times: user=0.01 sys=0.00, real=0.00 secs] 
14.186: [GC 14.186: [ParNew
Desired survivor size 1343488 bytes, new threshold 4 (max 4)
- age   1:     342512 bytes,     342512 total
- age   2:     269800 bytes,     612312 total
- age   3:      55328 bytes,     667640 total
- age   4:      50160 bytes,     717800 total
: 16743K->714K(18624K), 0.0021821 secs] 54053K->38050K(81280K), 0.0022820 secs] [Times: user=0.01 sys=0.00, real=0.00 secs] 
14.199: [GC 14.199: [ParNew
Desired survivor size 1343488 bytes, new threshold 4 (max 4)
- age   1:     611432 bytes,     611432 total
- age   2:     330064 bytes,     941496 total
- age   3:     269800 bytes,    1211296 total
- age   4:      55328 bytes,    1266624 total
: 16613K->1249K(18624K), 0.0020824 secs] 53949K->38634K(81280K), 0.0022088 secs] [Times: user=0.00 sys=0.00, real=0.01 secs] 
14.213: [GC 14.213: [ParNew
Desired survivor size 1343488 bytes, new threshold 4 (max 4)
- age   1:     215472 bytes,     215472 total
- age   2:     207904 bytes,     423376 total
- age   3:     330064 bytes,     753440 total
- age   4:     269800 bytes,    1023240 total
: 17239K->1004K(18624K), 0.0018409 secs] 54624K->38443K(81280K), 0.0019564 secs] [Times: user=0.00 sys=0.00, real=0.00 secs] 
14.226: [GC 14.226: [ParNew
Desired survivor size 1343488 bytes, new threshold 4 (max 4)
- age   1:     179880 bytes,     179880 total
- age   2:      66488 bytes,     246368 total
- age   3:     207904 bytes,     454272 total
- age   4:     330064 bytes,     784336 total
: 16985K->768K(18624K), 0.0019837 secs] 54424K->38470K(81280K), 0.0020789 secs] [Times: user=0.00 sys=0.00, real=0.00 secs] 
14.240: [GC 14.240: [ParNew
Desired survivor size 1343488 bytes, new threshold 4 (max 4)
- age   1:     754808 bytes,     754808 total
- age   3:      66488 bytes,     821296 total
- age   4:     207904 bytes,    1029200 total
: 16768K->1008K(18624K), 0.0018442 secs] 54470K->39033K(81280K), 0.0019295 secs] [Times: user=0.01 sys=0.00, real=0.01 secs] 
14.253: [GC 14.253: [ParNew
Desired survivor size 1343488 bytes, new threshold 4 (max 4)
- age   1:     163888 bytes,     163888 total
- age   2:     509544 bytes,     673432 total
- age   4:      66488 bytes,     739920 total
: 16988K->723K(18624K), 0.0019730 secs] 55013K->38951K(81280K), 0.0021192 secs] [Times: user=0.00 sys=0.00, real=0.00 secs] 
14.267: [GC 14.267: [ParNew
Desired survivor size 1343488 bytes, new threshold 3 (max 4)
- age   1:     908592 bytes,     908592 total
- age   2:      90760 bytes,     999352 total
- age   3:     419112 bytes,    1418464 total
: 16718K->1385K(18624K), 0.0022519 secs] 54946K->39678K(81280K), 0.0023658 secs] [Times: user=0.00 sys=0.00, real=0.00 secs] 
14.280: [GC 14.280: [ParNew
Desired survivor size 1343488 bytes, new threshold 4 (max 4)
- age   1:     558584 bytes,     558584 total
- age   2:     467824 bytes,    1026408 total
- age   3:      90760 bytes,    1117168 total
: 17316K->1096K(18624K), 0.0020846 secs] 55609K->39677K(81280K), 0.0022061 secs] [Times: user=0.00 sys=0.00, real=0.01 secs] 
14.295: [GC 14.295: [ParNew
Desired survivor size 1343488 bytes, new threshold 3 (max 4)
- age   1:     896432 bytes,     896432 total
- age   2:     293080 bytes,    1189512 total
- age   3:     467824 bytes,    1657336 total
- age   4:      90760 bytes,    1748096 total
: 17052K->1710K(18624K), 0.0021450 secs] 55633K->40291K(81280K), 0.0022463 secs] [Times: user=0.00 sys=0.00, real=0.00 secs] 
14.308: [GC 14.309: [ParNew
Desired survivor size 1343488 bytes, new threshold 2 (max 4)
- age   1:    1260240 bytes,    1260240 total
- age   2:     425912 bytes,    1686152 total
: 17672K->1649K(18624K), 0.0024304 secs] 56253K->40547K(81280K), 0.0025660 secs] [Times: user=0.01 sys=0.00, real=0.01 secs] 
14.322: [GC 14.322: [ParNew
Desired survivor size 1343488 bytes, new threshold 2 (max 4)
- age   1:     497472 bytes,     497472 total
- age   2:    1091864 bytes,    1589336 total
: 17644K->1555K(18624K), 0.0029863 secs] 56541K->40792K(81280K), 0.0031234 secs] [Times: user=0.00 sys=0.00, real=0.00 secs] 
14.338: [GC 14.338: [ParNew
Desired survivor size 1343488 bytes, new threshold 4 (max 4)
- age   1:     701168 bytes,     701168 total
: 17523K->688K(18624K), 0.0023679 secs] 56760K->40549K(81280K), 0.0024650 secs] [Times: user=0.00 sys=0.00, real=0.00 secs] 
14.354: [GC 14.354: [ParNew
Desired survivor size 1343488 bytes, new threshold 4 (max 4)
- age   1:     599872 bytes,     599872 total
- age   2:     532456 bytes,    1132328 total
: 16680K->1109K(18624K), 0.0021721 secs] 56542K->40970K(81280K), 0.0022657 secs] [Times: user=0.01 sys=0.00, real=0.00 secs] 
14.367: [GC 14.367: [ParNew
Desired survivor size 1343488 bytes, new threshold 4 (max 4)
- age   1:     424488 bytes,     424488 total
- age   2:     485424 bytes,     909912 total
- age   3:     398024 bytes,    1307936 total
: 17083K->1280K(18624K), 0.0021001 secs] 56945K->41141K(81280K), 0.0022139 secs] [Times: user=0.01 sys=0.00, real=0.00 secs] 
14.384: [GC 14.384: [ParNew
Desired survivor size 1343488 bytes, new threshold 4 (max 4)
- age   1:     242360 bytes,     242360 total
- age   2:     179216 bytes,     421576 total
- age   3:     485424 bytes,     907000 total
- age   4:     311536 bytes,    1218536 total
: 17149K->1195K(18624K), 0.0025795 secs] 57010K->41056K(81280K), 0.0026788 secs] [Times: user=0.00 sys=0.00, real=0.00 secs] 
14.400: [GC 14.400: [ParNew
Desired survivor size 1343488 bytes, new threshold 4 (max 4)
- age   1:     840600 bytes,     840600 total
- age   2:      90496 bytes,     931096 total
- age   3:     179216 bytes,    1110312 total
- age   4:     224352 bytes,    1334664 total
: 17180K->1307K(18624K), 0.0022176 secs] 57042K->41472K(81280K), 0.0023129 secs] [Times: user=0.00 sys=0.00, real=0.01 secs] 
14.415: [GC 14.415: [ParNew
Desired survivor size 1343488 bytes, new threshold 2 (max 4)
- age   1:     793352 bytes,     793352 total
- age   2:     676808 bytes,    1470160 total
- age   3:       2168 bytes,    1472328 total
- age   4:     179216 bytes,    1651544 total
: 17290K->1617K(18624K), 0.0026590 secs] 57456K->42002K(81280K), 0.0027784 secs] [Times: user=0.01 sys=0.01, real=0.00 secs] 
14.430: [GC 14.430: [ParNew
Desired survivor size 1343488 bytes, new threshold 4 (max 4)
- age   1:     312352 bytes,     312352 total
- age   2:     548312 bytes,     860664 total
: 17598K->848K(18624K), 0.0022462 secs] 57982K->41742K(81280K), 0.0023441 secs] [Times: user=0.00 sys=0.00, real=0.01 secs] 
14.445: [GC 14.445: [ParNew
Desired survivor size 1343488 bytes, new threshold 4 (max 4)
- age   1:     299912 bytes,     299912 total
- age   2:     312352 bytes,     612264 total
- age   3:     181544 bytes,     793808 total
: 16842K->783K(18624K), 0.0013963 secs] 57736K->41677K(81280K), 0.0015013 secs] [Times: user=0.00 sys=0.00, real=0.00 secs] 
14.459: [GC 14.459: [ParNew
Desired survivor size 1343488 bytes, new threshold 3 (max 4)
- age   1:     780464 bytes,     780464 total
- age   2:     299912 bytes,    1080376 total
- age   3:     312352 bytes,    1392728 total
- age   4:     181544 bytes,    1574272 total
: 16781K->1538K(18624K), 0.0021462 secs] 57675K->42432K(81280K), 0.0022662 secs] [Times: user=0.00 sys=0.00, real=0.00 secs] 
14.472: [GC 14.472: [ParNew
Desired survivor size 1343488 bytes, new threshold 4 (max 4)
- age   1:     195824 bytes,     195824 total
- age   2:     717144 bytes,     912968 total
- age   3:      86384 bytes,     999352 total
: 17510K->980K(18624K), 0.0022115 secs] 58403K->42216K(81280K), 0.0023267 secs] [Times: user=0.01 sys=0.00, real=0.00 secs] 
14.486: [GC 14.486: [ParNew
Desired survivor size 1343488 bytes, new threshold 1 (max 4)
- age   1:    1459952 bytes,    1459952 total
- age   2:     165456 bytes,    1625408 total
- age   3:     717144 bytes,    2342552 total
: 16948K->2290K(18624K), 0.0045631 secs] 58184K->43526K(81280K), 0.0046908 secs] [Times: user=0.01 sys=0.00, real=0.00 secs] 
14.502: [GC 14.502: [ParNew
Desired survivor size 1343488 bytes, new threshold 4 (max 4)
- age   1:     378184 bytes,     378184 total
: 18271K->369K(18624K), 0.0049315 secs] 59507K->43661K(81280K), 0.0050338 secs] [Times: user=0.00 sys=0.01, real=0.00 secs] 
14.518: [GC 14.518: [ParNew
Desired survivor size 1343488 bytes, new threshold 4 (max 4)
- age   1:     293312 bytes,     293312 total
- age   2:     237944 bytes,     531256 total
: 16365K->521K(18624K), 0.0014547 secs] 59658K->43813K(81280K), 0.0015627 secs] [Times: user=0.00 sys=0.00, real=0.00 secs] 
14.533: [GC 14.533: [ParNew
Desired survivor size 1343488 bytes, new threshold 4 (max 4)
- age   1:     704464 bytes,     704464 total
- age   2:     163312 bytes,     867776 total
- age   3:     237944 bytes,    1105720 total
: 16448K->1081K(18624K), 0.0017644 secs] 59740K->44373K(81280K), 0.0018547 secs] [Times: user=0.00 sys=0.00, real=0.00 secs] 
14.546: [GC 14.546: [ParNew
Desired survivor size 1343488 bytes, new threshold 4 (max 4)
- age   1:     460464 bytes,     460464 total
- age   2:     553880 bytes,    1014344 total
- age   3:     132728 bytes,    1147072 total
- age   4:      87968 bytes,    1235040 total
: 17047K->1210K(18624K), 0.0021921 secs] 60340K->44502K(81280K), 0.0022823 secs] [Times: user=0.00 sys=0.00, real=0.00 secs] 
14.561: [GC 14.561: [ParNew
Desired survivor size 1343488 bytes, new threshold 4 (max 4)
- age   1:     384640 bytes,     384640 total
- age   2:     350624 bytes,     735264 total
- age   3:     553880 bytes,    1289144 total
- age   4:     132728 bytes,    1421872 total
: 17196K->1391K(18624K), 0.0025163 secs] 60488K->44769K(81280K), 0.0026298 secs] [Times: user=0.01 sys=0.00, real=0.01 secs] 
14.575: [GC 14.575: [ParNew
Desired survivor size 1343488 bytes, new threshold 4 (max 4)
- age   1:     890736 bytes,     890736 total
- age   2:      77256 bytes,     967992 total
- age   3:     350624 bytes,    1318616 total
- age   4:     339528 bytes,    1658144 total
: 17361K->1621K(18624K), 0.0027233 secs] 60739K->45129K(81280K), 0.0028496 secs] [Times: user=0.00 sys=0.00, real=0.00 secs] 
14.594: [GC 14.594: [ParNew
Desired survivor size 1343488 bytes, new threshold 4 (max 4)
- age   1:     262112 bytes,     262112 total
- age   2:     634640 bytes,     896752 total
- age   3:      77256 bytes,     974008 total
- age   4:     350624 bytes,    1324632 total
: 17597K->1295K(18624K), 0.0029565 secs] 61105K->45135K(81280K), 0.0030901 secs] [Times: user=0.01 sys=0.00, real=0.00 secs] 
14.609: [GC 14.609: [ParNew
Desired survivor size 1343488 bytes, new threshold 4 (max 4)
- age   1:     162208 bytes,     162208 total
- age   2:     247672 bytes,     409880 total
- age   3:     453216 bytes,     863096 total
- age   4:      77256 bytes,     940352 total
: 17295K->920K(18624K), 0.0020587 secs] 61135K->45102K(81280K), 0.0021895 secs] [Times: user=0.01 sys=0.00, real=0.00 secs] 
14.625: [GC 14.626: [ParNew
Desired survivor size 1343488 bytes, new threshold 4 (max 4)
- age   1:     750904 bytes,     750904 total
- age   2:     133376 bytes,     884280 total
- age   3:     233224 bytes,    1117504 total
- age   4:     452512 bytes,    1570016 total
: 16919K->1537K(18624K), 0.0023006 secs] 61100K->45794K(81280K), 0.0024152 secs] [Times: user=0.01 sys=0.01, real=0.00 secs] 
14.642: [GC 14.642: [ParNew
Desired survivor size 1343488 bytes, new threshold 4 (max 4)
- age   1:     465096 bytes,     465096 total
- age   2:     405328 bytes,     870424 total
- age   3:     133376 bytes,    1003800 total
- age   4:     233224 bytes,    1237024 total
: 17536K->1213K(18624K), 0.0026820 secs] 61793K->45912K(81280K), 0.0027822 secs] [Times: user=0.00 sys=0.00, real=0.00 secs] 
14.658: [GC 14.658: [ParNew
Desired survivor size 1343488 bytes, new threshold 2 (max 4)
- age   1:    1145528 bytes,    1145528 total
- age   2:     423848 bytes,    1569376 total
- age   3:     232744 bytes,    1802120 total
: 17198K->1768K(18624K), 0.0041731 secs] 61897K->46528K(81280K), 0.0042824 secs] [Times: user=0.01 sys=0.00, real=0.01 secs] 
14.683: [GC 14.683: [ParNew
Desired survivor size 1343488 bytes, new threshold 2 (max 4)
- age   1:     540456 bytes,     540456 total
- age   2:     886296 bytes,    1426752 total
: 17768K->1399K(18624K), 0.0052267 secs] 62528K->46650K(81280K), 0.0053203 secs] [Times: user=0.00 sys=0.00, real=0.00 secs] 
14.714: [GC 14.714: [ParNew
Desired survivor size 1343488 bytes, new threshold 4 (max 4)
- age   1:     774416 bytes,     774416 total
- age   2:     540272 bytes,    1314688 total
: 17360K->1285K(18624K), 0.0028431 secs] 62611K->47402K(81280K), 0.0029472 secs] [Times: user=0.00 sys=0.00, real=0.00 secs] 
14.729: [GC 14.729: [ParNew
Desired survivor size 1343488 bytes, new threshold 1 (max 4)
- age   1:    1351728 bytes,    1351728 total
- age   2:     727480 bytes,    2079208 total
- age   3:     431448 bytes,    2510656 total
: 17263K->2455K(18624K), 0.0032451 secs] 63380K->48571K(81280K), 0.0033452 secs] [Times: user=0.00 sys=0.00, real=0.01 secs] 
14.745: [GC 14.745: [ParNew
Desired survivor size 1343488 bytes, new threshold 4 (max 4)
- age   1:     690464 bytes,     690464 total
: 18446K->677K(18624K), 0.0058704 secs] 64563K->49151K(81280K), 0.0059608 secs] [Times: user=0.01 sys=0.01, real=0.00 secs] 
14.751: [GC [1 CMS-initial-mark: 48473K(62656K)] 49253K(81280K), 0.0007732 secs] [Times: user=0.00 sys=0.00, real=0.01 secs] 
14.752: [CMS-concurrent-mark-start]
14.781: [GC 14.781: [ParNew
Desired survivor size 1343488 bytes, new threshold 2 (max 4)
- age   1:     943440 bytes,     943440 total
- age   2:     595552 bytes,    1538992 total
: 16677K->1504K(18624K), 0.0031717 secs] 65151K->49978K(81280K), 0.0032521 secs] [Times: user=0.00 sys=0.00, real=0.01 secs] 
14.810: [GC 14.810: [ParNew
Desired survivor size 1343488 bytes, new threshold 4 (max 4)
- age   1:     225720 bytes,     225720 total
- age   2:     839360 bytes,    1065080 total
: 17466K->1041K(18624K), 0.0055050 secs] 65940K->49893K(81280K), 0.0056015 secs] [Times: user=0.01 sys=0.00, real=0.01 secs] 
14.829: [CMS-concurrent-mark: 0.066/0.077 secs] [Times: user=0.13 sys=0.00, real=0.07 secs] 
14.829: [CMS-concurrent-preclean-start]
14.829: [CMS-concurrent-preclean: 0.000/0.000 secs] [Times: user=0.00 sys=0.00, real=0.00 secs] 
14.829: [CMS-concurrent-abortable-preclean-start]
14.834: [GC 14.834: [ParNew
Desired survivor size 1343488 bytes, new threshold 3 (max 4)
- age   1:     523240 bytes,     523240 total
- age   3:     839360 bytes,    1362600 total
: 17001K->1334K(18624K), 0.0029275 secs] 65853K->50186K(81280K), 0.0031126 secs] [Times: user=0.00 sys=0.01, real=0.00 secs] 
14.849: [GC 14.849: [ParNew
Desired survivor size 1343488 bytes, new threshold 4 (max 4)
- age   1:     559624 bytes,     559624 total
- age   2:     282536 bytes,     842160 total
: 17309K->825K(18624K), 0.0030449 secs] 66161K->50497K(81280K), 0.0031344 secs] [Times: user=0.00 sys=0.00, real=0.01 secs] 
14.864: [GC 14.864: [ParNew
Desired survivor size 1343488 bytes, new threshold 4 (max 4)
- age   1:     382344 bytes,     382344 total
- age   2:     129048 bytes,     511392 total
- age   3:     120408 bytes,     631800 total
: 16801K->620K(18624K), 0.0014121 secs] 66473K->50292K(81280K), 0.0015060 secs] [Times: user=0.00 sys=0.00, real=0.00 secs] 
14.882: [GC 14.882: [ParNew
Desired survivor size 1343488 bytes, new threshold 4 (max 4)
- age   1:     644376 bytes,     644376 total
- age   2:     216304 bytes,     860680 total
- age   3:     129048 bytes,     989728 total
: 16557K->969K(18624K), 0.0016241 secs] 66229K->50641K(81280K), 0.0017178 secs] [Times: user=0.00 sys=0.00, real=0.00 secs] 
14.896: [GC 14.896: [ParNew
Desired survivor size 1343488 bytes, new threshold 4 (max 4)
- age   1:     181872 bytes,     181872 total
- age   2:     374976 bytes,     556848 total
- age   3:     216304 bytes,     773152 total
- age   4:     129048 bytes,     902200 total
: 16963K->884K(18624K), 0.0017349 secs] 66634K->50555K(81280K), 0.0018305 secs] [Times: user=0.00 sys=0.00, real=0.00 secs] 
14.914: [GC 14.914: [ParNew
Desired survivor size 1343488 bytes, new threshold 4 (max 4)
- age   1:     382448 bytes,     382448 total
- age   2:     145048 bytes,     527496 total
- age   3:     193096 bytes,     720592 total
- age   4:     216304 bytes,     936896 total
: 16884K->917K(18624K), 0.0034879 secs] 66555K->50715K(81280K), 0.0035763 secs] [Times: user=0.01 sys=0.00, real=0.00 secs] 
14.931: [GC 14.931: [ParNew
Desired survivor size 1343488 bytes, new threshold 4 (max 4)
- age   1:     460480 bytes,     460480 total
- age   2:     120568 bytes,     581048 total
- age   3:     145048 bytes,     726096 total
- age   4:     193096 bytes,     919192 total
: 16866K->906K(18624K), 0.0022783 secs] 66664K->50915K(81280K), 0.0023817 secs] [Times: user=0.01 sys=0.01, real=0.01 secs] 
14.945: [GC 14.945: [ParNew
Desired survivor size 1343488 bytes, new threshold 4 (max 4)
- age   1:     729936 bytes,     729936 total
- age   2:     225696 bytes,     955632 total
- age   3:     120568 bytes,    1076200 total
- age   4:     145048 bytes,    1221248 total
: 16902K->1206K(18624K), 0.0030298 secs] 66911K->51403K(81280K), 0.0031266 secs] [Times: user=0.01 sys=0.00, real=0.00 secs] 
14.961: [GC 14.961: [ParNew
Desired survivor size 1343488 bytes, new threshold 3 (max 4)
- age   1:     535448 bytes,     535448 total
- age   2:     652408 bytes,    1187856 total
- age   3:     224216 bytes,    1412072 total
- age   4:     120568 bytes,    1532640 total
: 17195K->1501K(18624K), 0.0026887 secs] 67392K->51840K(81280K), 0.0027844 secs] [Times: user=0.00 sys=0.00, real=0.00 secs] 
14.976: [GC 14.976: [ParNew
Desired survivor size 1343488 bytes, new threshold 2 (max 4)
- age   1:    1326648 bytes,    1326648 total
- age   2:     477672 bytes,    1804320 total
- age   3:     652408 bytes,    2456728 total
: 17497K->2408K(18624K), 0.0032013 secs] 67836K->53084K(81280K), 0.0032959 secs] [Times: user=0.01 sys=0.00, real=0.00 secs] 
14.991: [GC 14.991: [ParNew
Desired survivor size 1343488 bytes, new threshold 2 (max 4)
- age   1:     935328 bytes,     935328 total
- age   2:    1182808 bytes,    2118136 total
: 18407K->2081K(18624K), 0.0056586 secs] 69083K->53701K(81280K), 0.0057466 secs] [Times: user=0.00 sys=0.00, real=0.01 secs] 
15.007: [GC 15.007: [ParNew
Desired survivor size 1343488 bytes, new threshold 2 (max 4)
- age   1:     500560 bytes,     500560 total
- age   2:     913152 bytes,    1413712 total
: 18067K->1386K(18624K), 0.0047586 secs] 69688K->53917K(81280K), 0.0049108 secs] [Times: user=0.01 sys=0.01, real=0.01 secs] 
15.025: [GC 15.025: [ParNew
Desired survivor size 1343488 bytes, new threshold 4 (max 4)
- age   1:     533408 bytes,     533408 total
- age   2:     475232 bytes,    1008640 total
: 17323K->988K(18624K), 0.0017625 secs] 69854K->53645K(81280K), 0.0018846 secs] [Times: user=0.00 sys=0.00, real=0.00 secs] 
15.038: [GC 15.038: [ParNew
Desired survivor size 1343488 bytes, new threshold 4 (max 4)
- age   1:     369616 bytes,     369616 total
- age   2:     433184 bytes,     802800 total
- age   3:     475232 bytes,    1278032 total
: 16973K->1249K(18624K), 0.0026681 secs] 69630K->53906K(81280K), 0.0027891 secs] [Times: user=0.00 sys=0.00, real=0.00 secs] 
15.052: [GC 15.052: [ParNew
Desired survivor size 1343488 bytes, new threshold 4 (max 4)
- age   1:     371344 bytes,     371344 total
- age   2:     328168 bytes,     699512 total
- age   3:     433184 bytes,    1132696 total
- age   4:     475232 bytes,    1607928 total
: 17211K->1571K(18624K), 0.0029092 secs] 69868K->54228K(81280K), 0.0030018 secs] [Times: user=0.00 sys=0.00, real=0.00 secs] 
15.069: [GC 15.069: [ParNew
Desired survivor size 1343488 bytes, new threshold 3 (max 4)
- age   1:     876520 bytes,     876520 total
- age   2:     215592 bytes,    1092112 total
- age   3:     328168 bytes,    1420280 total
- age   4:     433184 bytes,    1853464 total
: 17452K->1812K(18624K), 0.0037579 secs] 70108K->54933K(81280K), 0.0038527 secs] [Times: user=0.00 sys=0.00, real=0.01 secs] 
15.085: [GC 15.085: [ParNew
Desired survivor size 1343488 bytes, new threshold 4 (max 4)
- age   1:     702528 bytes,     702528 total
- age   2:     471832 bytes,    1174360 total
- age   3:      72496 bytes,    1246856 total
: 17812K->1219K(18624K), 0.0018087 secs] 70933K->54393K(81280K), 0.0018958 secs] [Times: user=0.00 sys=0.00, real=0.00 secs] 
15.105: [GC 15.105: [ParNew
Desired survivor size 1343488 bytes, new threshold 4 (max 4)
- age   1:     259656 bytes,     259656 total
- age   2:     358496 bytes,     618152 total
- age   3:     471832 bytes,    1089984 total
- age   4:      72496 bytes,    1162480 total
: 17159K->1136K(18624K), 0.0016638 secs] 70333K->54311K(81280K), 0.0017486 secs] [Times: user=0.00 sys=0.00, real=0.00 secs] 
15.120: [GC 15.120: [ParNew
Desired survivor size 1343488 bytes, new threshold 4 (max 4)
- age   1:     225504 bytes,     225504 total
- age   2:     128408 bytes,     353912 total
- age   3:     358496 bytes,     712408 total
- age   4:     471832 bytes,    1184240 total
: 17073K->1157K(18624K), 0.0023511 secs] 70248K->54402K(81280K), 0.0024626 secs] [Times: user=0.00 sys=0.00, real=0.01 secs] 
15.136: [GC 15.136: [ParNew
Desired survivor size 1343488 bytes, new threshold 4 (max 4)
- age   1:     134072 bytes,     134072 total
- age   2:      74056 bytes,     208128 total
- age   3:     127704 bytes,     335832 total
- age   4:     358496 bytes,     694328 total
: 17145K->684K(18624K), 0.0033132 secs] 70390K->54390K(81280K), 0.0034159 secs] [Times: user=0.01 sys=0.01, real=0.00 secs] 
15.152: [GC 15.152: [ParNew
Desired survivor size 1343488 bytes, new threshold 4 (max 4)
- age   1:    1226496 bytes,    1226496 total
- age   2:       5320 bytes,    1231816 total
- age   3:      74056 bytes,    1305872 total
- age   4:     127704 bytes,    1433576 total
: 16654K->1414K(18624K), 0.0037348 secs] 70359K->55470K(81280K), 0.0038490 secs] [Times: user=0.00 sys=0.00, real=0.00 secs] 
15.168: [GC 15.168: [ParNew
Desired survivor size 1343488 bytes, new threshold 4 (max 4)
- age   1:     315968 bytes,     315968 total
- age   2:     902144 bytes,    1218112 total
- age   3:       5320 bytes,    1223432 total
- age   4:      74056 bytes,    1297488 total
: 17385K->1276K(18624K), 0.0024186 secs] 71441K->55425K(81280K), 0.0025102 secs] [Times: user=0.00 sys=0.00, real=0.00 secs] 
15.183: [GC 15.183: [ParNew
Desired survivor size 1343488 bytes, new threshold 3 (max 4)
- age   1:     407176 bytes,     407176 total
- age   2:     242192 bytes,     649368 total
- age   3:     707720 bytes,    1357088 total
- age   4:       5320 bytes,    1362408 total
: 17253K->1338K(18624K), 0.0020584 secs] 71402K->55560K(81280K), 0.0021981 secs] [Times: user=0.00 sys=0.00, real=0.00 secs] 
15.197: [GC 15.197: [ParNew
Desired survivor size 1343488 bytes, new threshold 4 (max 4)
- age   1:     738336 bytes,     738336 total
- age   3:     242192 bytes,     980528 total
: 17331K->962K(18624K), 0.0032838 secs] 71553K->55880K(81280K), 0.0033868 secs] [Times: user=0.01 sys=0.00, real=0.00 secs] 
15.212: [GC 15.212: [ParNew
Desired survivor size 1343488 bytes, new threshold 2 (max 4)
- age   1:     967544 bytes,     967544 total
- age   2:     536688 bytes,    1504232 total
- age   4:     242136 bytes,    1746368 total
: 16894K->1708K(18624K), 0.0020410 secs] 71812K->56626K(81280K), 0.0021450 secs] [Times: user=0.01 sys=0.01, real=0.00 secs] 
15.226: [GC 15.226: [ParNew
Desired survivor size 1343488 bytes, new threshold 4 (max 4)
- age   1:     422552 bytes,     422552 total
- age   2:     895840 bytes,    1318392 total
: 17640K->1289K(18624K), 0.0034558 secs] 72558K->56669K(81280K), 0.0035681 secs] [Times: user=0.00 sys=0.00, real=0.00 secs] 
15.242: [GC 15.242: [ParNew
Desired survivor size 1343488 bytes, new threshold 4 (max 4)
- age   1:     693384 bytes,     693384 total
- age   2:     370064 bytes,    1063448 total
- age   3:     256344 bytes,    1319792 total
: 17289K->1292K(18624K), 0.0017931 secs] 72669K->56673K(81280K), 0.0018909 secs] [Times: user=0.00 sys=0.00, real=0.00 secs] 
15.257: [GC 15.258: [ParNew
Desired survivor size 1343488 bytes, new threshold 3 (max 4)
- age   1:     678952 bytes,     678952 total
- age   2:     584960 bytes,    1263912 total
- age   3:     261544 bytes,    1525456 total
- age   4:     256344 bytes,    1781800 total
: 17289K->1743K(18624K), 0.0026200 secs] 72670K->57124K(81280K), 0.0027342 secs] [Times: user=0.00 sys=0.00, real=0.00 secs] 
15.272: [GC 15.272: [ParNew
Desired survivor size 1343488 bytes, new threshold 4 (max 4)
- age   1:     277872 bytes,     277872 total
- age   2:     452464 bytes,     730336 total
- age   3:     584960 bytes,    1315296 total
: 17718K->1289K(18624K), 0.0029226 secs] 73099K->57175K(81280K), 0.0030169 secs] [Times: user=0.00 sys=0.00, real=0.00 secs] 
15.286: [GC 15.286: [ParNew
Desired survivor size 1343488 bytes, new threshold 4 (max 4)
- age   1:     352752 bytes,     352752 total
- age   2:     248776 bytes,     601528 total
- age   3:     452464 bytes,    1053992 total
- age   4:     584960 bytes,    1638952 total
: 17250K->1608K(18624K), 0.0022049 secs] 73137K->57495K(81280K), 0.0023057 secs] [Times: user=0.01 sys=0.00, real=0.00 secs] 
15.301: [GC 15.302: [ParNew
Desired survivor size 1343488 bytes, new threshold 1 (max 4)
- age   1:    1546784 bytes,    1546784 total
- age   2:     157384 bytes,    1704168 total
- age   3:      19640 bytes,    1723808 total
- age   4:     197840 bytes,    1921648 total
: 17607K->1882K(18624K), 0.0030233 secs] 73494K->58340K(81280K), 0.0031364 secs] [Times: user=0.00 sys=0.00, real=0.00 secs] 
15.316: [GC 15.316: [ParNew
Desired survivor size 1343488 bytes, new threshold 4 (max 4)
- age   1:     482176 bytes,     482176 total
: 17878K->483K(18624K), 0.0031518 secs] 74336K->57930K(81280K), 0.0032456 secs] [Times: user=0.00 sys=0.01, real=0.00 secs] 
15.332: [GC 15.332: [ParNew
Desired survivor size 1343488 bytes, new threshold 4 (max 4)
- age   1:     539224 bytes,     539224 total
- age   2:     304560 bytes,     843784 total
: 16453K->827K(18624K), 0.0016285 secs] 73900K->58275K(81280K), 0.0017287 secs] [Times: user=0.00 sys=0.00, real=0.00 secs] 
15.346: [GC 15.346: [ParNew
Desired survivor size 1343488 bytes, new threshold 4 (max 4)
- age   1:     351104 bytes,     351104 total
- age   2:     293984 bytes,     645088 total
- age   3:     259352 bytes,     904440 total
: 16777K->886K(18624K), 0.0016588 secs] 74224K->58334K(81280K), 0.0017566 secs] [Times: user=0.01 sys=0.00, real=0.00 secs] 
15.360: [GC 15.360: [ParNew
Desired survivor size 1343488 bytes, new threshold 4 (max 4)
- age   1:     643528 bytes,     643528 total
- age   2:     260512 bytes,     904040 total
- age   3:     211312 bytes,    1115352 total
- age   4:     259352 bytes,    1374704 total
: 16886K->1346K(18624K), 0.0019425 secs] 74333K->58793K(81280K), 0.0020847 secs] [Times: user=0.00 sys=0.00, real=0.01 secs] 
15.376: [GC 15.376: [ParNew
Desired survivor size 1343488 bytes, new threshold 4 (max 4)
- age   1:     287152 bytes,     287152 total
- age   2:     496408 bytes,     783560 total
- age   3:     260512 bytes,    1044072 total
- age   4:     211312 bytes,    1255384 total
: 17340K->1228K(18624K), 0.0023090 secs] 74788K->58929K(81280K), 0.0024098 secs] [Times: user=0.00 sys=0.00, real=0.00 secs] 
15.390: [GC 15.390: [ParNew
Desired survivor size 1343488 bytes, new threshold 4 (max 4)
- age   1:     343648 bytes,     343648 total
- age   2:     172864 bytes,     516512 total
- age   3:     496408 bytes,    1012920 total
- age   4:     260512 bytes,    1273432 total
: 17228K->1247K(18624K), 0.0032104 secs] 74928K->59154K(81280K), 0.0033340 secs] [Times: user=0.00 sys=0.00, real=0.01 secs] 
15.404: [GC 15.405: [ParNew
Desired survivor size 1343488 bytes, new threshold 4 (max 4)
- age   1:    1107744 bytes,    1107744 total
- age   2:     175272 bytes,    1283016 total
- age   3:        704 bytes,    1283720 total
- age   4:     496408 bytes,    1780128 total
: 17239K->1741K(18624K), 0.0027565 secs] 75146K->59903K(81280K), 0.0028679 secs] [Times: user=0.01 sys=0.00, real=0.00 secs] 
15.421: [GC 15.421: [ParNew
Desired survivor size 1343488 bytes, new threshold 2 (max 4)
- age   1:     825032 bytes,     825032 total
- age   2:     863472 bytes,    1688504 total
- age   3:      99888 bytes,    1788392 total
: 17724K->1751K(18624K), 0.0029548 secs] 75886K->60397K(81280K), 0.0030504 secs] [Times: user=0.00 sys=0.01, real=0.01 secs] 
15.436: [GC 15.436: [ParNew
Desired survivor size 1343488 bytes, new threshold 2 (max 4)
- age   1:     792088 bytes,     792088 total
- age   2:     667552 bytes,    1459640 total
: 17688K->1427K(18624K), 0.0042225 secs] 76334K->60719K(81280K), 0.0043446 secs] [Times: user=0.01 sys=0.00, real=0.00 secs] 
15.452: [GC 15.452: [ParNew
Desired survivor size 1343488 bytes, new threshold 4 (max 4)
- age   1:     325864 bytes,     325864 total
- age   2:     663040 bytes,     988904 total
: 17413K->967K(18624K), 0.0024561 secs] 76704K->60598K(81280K), 0.0025653 secs] [Times: user=0.00 sys=0.00, real=0.00 secs] 
15.467: [GC 15.467: [ParNew
Desired survivor size 1343488 bytes, new threshold 3 (max 4)
- age   1:     503424 bytes,     503424 total
- age   2:     186048 bytes,     689472 total
- age   3:     663040 bytes,    1352512 total
: 16957K->1326K(18624K), 0.0021798 secs] 76589K->60958K(81280K), 0.0022831 secs] [Times: user=0.00 sys=0.00, real=0.00 secs] 
15.480: [GC 15.480: [ParNew
Desired survivor size 1343488 bytes, new threshold 2 (max 4)
- age   1:    1043368 bytes,    1043368 total
- age   2:     349224 bytes,    1392592 total
- age   3:     186048 bytes,    1578640 total
: 17237K->1545K(18624K), 0.0034052 secs] 76868K->61824K(81472K), 0.0035226 secs] [Times: user=0.01 sys=0.00, real=0.01 secs] 
15.498: [GC 15.498: [ParNew
Desired survivor size 1343488 bytes, new threshold 2 (max 4)
- age   1:     384752 bytes,     384752 total
- age   2:     963792 bytes,    1348544 total
: 17501K->1324K(18624K), 0.0029002 secs] 77780K->61876K(81856K), 0.0030153 secs] [Times: user=0.00 sys=0.00, real=0.00 secs] 
15.517: [GC 15.517: [ParNew
Desired survivor size 1343488 bytes, new threshold 4 (max 4)
- age   1:     648416 bytes,     648416 total
- age   2:     360048 bytes,    1008464 total
: 17265K->987K(18624K), 0.0031103 secs] 77817K->62480K(82816K), 0.0031964 secs] [Times: user=0.00 sys=0.00, real=0.00 secs] 
15.535: [GC 15.535: [ParNew
Desired survivor size 1343488 bytes, new threshold 4 (max 4)
- age   1:     591528 bytes,     591528 total
- age   2:     209008 bytes,     800536 total
- age   3:     360048 bytes,    1160584 total
: 16963K->1136K(18624K), 0.0026155 secs] 78456K->62630K(82816K), 0.0027218 secs] [Times: user=0.01 sys=0.00, real=0.00 secs] 
15.549: [GC 15.549: [ParNew
Desired survivor size 1343488 bytes, new threshold 4 (max 4)
- age   1:     503536 bytes,     503536 total
- age   2:     547416 bytes,    1050952 total
- age   3:     149104 bytes,    1200056 total
- age   4:     302448 bytes,    1502504 total
: 17135K->1470K(18624K), 0.0027399 secs] 78629K->62963K(82816K), 0.0028496 secs] [Times: user=0.01 sys=0.00, real=0.01 secs] 
15.567: [GC 15.567: [ParNew
Desired survivor size 1343488 bytes, new threshold 3 (max 4)
- age   1:     851872 bytes,     851872 total
- age   2:     323000 bytes,    1174872 total
- age   3:     547416 bytes,    1722288 total
- age   4:     149104 bytes,    1871392 total
: 17470K->1833K(18624K), 0.0027708 secs] 78963K->63622K(83200K), 0.0028605 secs] [Times: user=0.00 sys=0.00, real=0.00 secs] 
15.582: [GC 15.582: [ParNew
Desired survivor size 1343488 bytes, new threshold 3 (max 4)
- age   1:     363320 bytes,     363320 total
- age   2:     851872 bytes,    1215192 total
- age   3:     220776 bytes,    1435968 total
: 17819K->1408K(18624K), 0.0029617 secs] 79608K->63474K(83392K), 0.0030553 secs] [Times: user=0.01 sys=0.00, real=0.00 secs] 
15.598: [GC 15.598: [ParNew (promotion failed)
Desired survivor size 1343488 bytes, new threshold 3 (max 4)
- age   1:     692360 bytes,     692360 total
- age   2:     262376 bytes,     954736 total
- age   3:     851872 bytes,    1806608 total
: 17395K->17756K(18624K), 0.0027477 secs]15.601: [CMS15.602: [CMS-concurrent-abortable-preclean: 0.026/0.772 secs] [Times: user=1.15 sys=0.08, real=0.78 secs] 
 (concurrent mode failure): 62169K->8780K(64768K), 0.0909138 secs] 79462K->8780K(83392K), [CMS Perm : 10688K->10687K(21248K)], 0.0938215 secs] [Times: user=0.09 sys=0.01, real=0.10 secs] 
15.702: [GC 15.703: [ParNew
Desired survivor size 1343488 bytes, new threshold 4 (max 4)
- age   1:     330224 bytes,     330224 total
: 15956K->326K(18624K), 0.0008878 secs] 24736K->9106K(83392K), 0.0009644 secs] [Times: user=0.00 sys=0.00, real=0.00 secs] 
15.715: [GC 15.715: [ParNew
Desired survivor size 1343488 bytes, new threshold 4 (max 4)
- age   1:     667360 bytes,     667360 total
- age   2:     289072 bytes,     956432 total
: 16305K->937K(18624K), 0.0015577 secs] 25085K->9717K(83392K), 0.0016716 secs] [Times: user=0.01 sys=0.00, real=0.00 secs] 
15.729: [GC 15.730: [ParNew
Desired survivor size 1343488 bytes, new threshold 3 (max 4)
- age   1:     875272 bytes,     875272 total
- age   2:     461056 bytes,    1336328 total
- age   3:     289072 bytes,    1625400 total
: 16871K->1590K(18624K), 0.0017654 secs] 25651K->10370K(83392K), 0.0018630 secs] [Times: user=0.00 sys=0.00, real=0.00 secs] 
15.743: [GC 15.743: [ParNew
Desired survivor size 1343488 bytes, new threshold 4 (max 4)
- age   1:     209368 bytes,     209368 total
- age   2:     601688 bytes,     811056 total
- age   3:     461056 bytes,    1272112 total
: 17580K->1243K(18624K), 0.0020596 secs] 26360K->10310K(83392K), 0.0021539 secs] [Times: user=0.00 sys=0.00, real=0.00 secs] 
15.759: [GC 15.759: [ParNew
Desired survivor size 1343488 bytes, new threshold 4 (max 4)
- age   1:     560656 bytes,     560656 total
- age   2:      41920 bytes,     602576 total
- age   3:     402568 bytes,    1005144 total
- age   4:     224192 bytes,    1229336 total
: 17197K->1203K(18624K), 0.0022031 secs] 26264K->10269K(83392K), 0.0023313 secs] [Times: user=0.00 sys=0.00, real=0.00 secs] 
15.774: [GC 15.775: [ParNew
Desired survivor size 1343488 bytes, new threshold 4 (max 4)
- age   1:     309784 bytes,     309784 total
- age   2:     241536 bytes,     551320 total
- age   4:     402568 bytes,     953888 total
: 17203K->934K(18624K), 0.0017431 secs] 26269K->10219K(83392K), 0.0018351 secs] [Times: user=0.01 sys=0.00, real=0.00 secs] 
15.789: [GC 15.790: [ParNew
Desired survivor size 1343488 bytes, new threshold 1 (max 4)
- age   1:    1434128 bytes,    1434128 total
- age   2:     307240 bytes,    1741368 total
- age   3:     241536 bytes,    1982904 total
: 16920K->1941K(18624K), 0.0031137 secs] 26205K->11620K(83392K), 0.0032460 secs] [Times: user=0.00 sys=0.00, real=0.01 secs] 
15.805: [GC 15.805: [ParNew
Desired survivor size 1343488 bytes, new threshold 4 (max 4)
- age   1:     791720 bytes,     791720 total
: 17901K->779K(18624K), 0.0029324 secs] 27579K->12329K(83392K), 0.0030347 secs] [Times: user=0.01 sys=0.01, real=0.00 secs] 
15.819: [GC 15.820: [ParNew
Desired survivor size 1343488 bytes, new threshold 2 (max 4)
- age   1:    1002272 bytes,    1002272 total
- age   2:     572640 bytes,    1574912 total
: 16737K->1541K(18624K), 0.0018944 secs] 28287K->13091K(83392K), 0.0019995 secs] [Times: user=0.01 sys=0.00, real=0.01 secs] 
15.839: [GC 15.839: [ParNew
Desired survivor size 1343488 bytes, new threshold 2 (max 4)
- age   1:     858624 bytes,     858624 total
- age   2:     747576 bytes,    1606200 total
: 17518K->1571K(18624K), 0.0024822 secs] 29068K->13681K(83392K), 0.0026096 secs] [Times: user=0.00 sys=0.00, real=0.01 secs] 
15.857: [GC 15.857: [ParNew
Desired survivor size 1343488 bytes, new threshold 4 (max 4)
- age   1:     629944 bytes,     629944 total
- age   2:     365568 bytes,     995512 total
: 17558K->973K(18624K), 0.0027904 secs] 29667K->13812K(83392K), 0.0029118 secs] [Times: user=0.01 sys=0.00, real=0.00 secs] 
15.873: [GC 15.873: [ParNew
Desired survivor size 1343488 bytes, new threshold 2 (max 4)
- age   1:     879016 bytes,     879016 total
- age   2:     576888 bytes,    1455904 total
- age   3:     172088 bytes,    1627992 total
: 16924K->1592K(18624K), 0.0017420 secs] 29763K->14431K(83392K), 0.0018638 secs] [Times: user=0.00 sys=0.00, real=0.00 secs] 
15.889: [GC 15.889: [ParNew
Desired survivor size 1343488 bytes, new threshold 2 (max 4)
- age   1:     712512 bytes,     712512 total
- age   2:     671800 bytes,    1384312 total
: 17592K->1358K(18624K), 0.0021908 secs] 30431K->14881K(83392K), 0.0023012 secs] [Times: user=0.01 sys=0.00, real=0.00 secs] 
15.904: [GC 15.904: [ParNew
Desired survivor size 1343488 bytes, new threshold 4 (max 4)
- age   1:     577744 bytes,     577744 total
- age   2:     638288 bytes,    1216032 total
: 17324K->1191K(18624K), 0.0020999 secs] 30847K->15299K(83392K), 0.0022170 secs] [Times: user=0.01 sys=0.00, real=0.00 secs] 
15.919: [GC 15.919: [ParNew
Desired survivor size 1343488 bytes, new threshold 3 (max 4)
- age   1:     636024 bytes,     636024 total
- age   2:     505008 bytes,    1141032 total
- age   3:     447176 bytes,    1588208 total
: 17163K->1556K(18624K), 0.0020166 secs] 31272K->15664K(83392K), 0.0021304 secs] [Times: user=0.00 sys=0.00, real=0.00 secs] 
15.932: [GC 15.932: [ParNew
Desired survivor size 1343488 bytes, new threshold 4 (max 4)
- age   1:     155296 bytes,     155296 total
- age   2:     597352 bytes,     752648 total
- age   3:     505008 bytes,    1257656 total
: 17502K->1233K(18624K), 0.0023483 secs] 31611K->15778K(83392K), 0.0024517 secs] [Times: user=0.00 sys=0.00, real=0.00 secs] 
15.948: [GC 15.948: [ParNew
Desired survivor size 1343488 bytes, new threshold 3 (max 4)
- age   1:     896848 bytes,     896848 total
- age   2:      95112 bytes,     991960 total
- age   3:     398192 bytes,    1390152 total
- age   4:     282104 bytes,    1672256 total
: 17218K->1634K(18624K), 0.0020648 secs] 31763K->16179K(83392K), 0.0021766 secs] [Times: user=0.01 sys=0.00, real=0.00 secs] 
15.962: [GC 15.962: [ParNew
Desired survivor size 1343488 bytes, new threshold 2 (max 4)
- age   1:     787376 bytes,     787376 total
- age   2:     831808 bytes,    1619184 total
- age   3:      95112 bytes,    1714296 total
: 17573K->1677K(18624K), 0.0024725 secs] 32118K->16682K(83392K), 0.0026030 secs] [Times: user=0.01 sys=0.00, real=0.00 secs] 
15.977: [GC 15.978: [ParNew
Desired survivor size 1343488 bytes, new threshold 4 (max 4)
- age   1:     364656 bytes,     364656 total
- age   2:     337160 bytes,     701816 total
: 17638K->689K(18624K), 0.0019211 secs] 32642K->16599K(83392K), 0.0020373 secs] [Times: user=0.00 sys=0.00, real=0.00 secs] 
15.992: [GC 15.992: [ParNew
Desired survivor size 1343488 bytes, new threshold 1 (max 4)
- age   1:    1403736 bytes,    1403736 total
- age   2:     311824 bytes,    1715560 total
- age   3:     220128 bytes,    1935688 total
: 16676K->1893K(18624K), 0.0021493 secs] 32585K->17803K(83392K), 0.0023249 secs] [Times: user=0.00 sys=0.00, real=0.00 secs] 
16.007: [GC 16.007: [ParNew
Desired survivor size 1343488 bytes, new threshold 4 (max 4)
- age   1:     342712 bytes,     342712 total
: 17879K->336K(18624K), 0.0032495 secs] 33789K->18066K(83392K), 0.0033626 secs] [Times: user=0.01 sys=0.00, real=0.00 secs] 
16.023: [GC 16.023: [ParNew
Desired survivor size 1343488 bytes, new threshold 4 (max 4)
- age   1:     333680 bytes,     333680 total
- age   2:     314920 bytes,     648600 total
: 16325K->636K(18624K), 0.0013539 secs] 34055K->18367K(83392K), 0.0014581 secs] [Times: user=0.00 sys=0.00, real=0.00 secs] 
16.036: [GC 16.036: [ParNew
Desired survivor size 1343488 bytes, new threshold 4 (max 4)
- age   1:     628904 bytes,     628904 total
- age   2:     306752 bytes,     935656 total
- age   3:     188216 bytes,    1123872 total
: 16608K->1098K(18624K), 0.0020711 secs] 34338K->18828K(83392K), 0.0021902 secs] [Times: user=0.00 sys=0.00, real=0.00 secs] 
16.050: [GC 16.050: [ParNew
Desired survivor size 1343488 bytes, new threshold 4 (max 4)
- age   1:     178184 bytes,     178184 total
- age   2:     594448 bytes,     772632 total
- age   3:     306752 bytes,    1079384 total
- age   4:     188216 bytes,    1267600 total
: 17068K->1241K(18624K), 0.0018780 secs] 34798K->18971K(83392K), 0.0020041 secs] [Times: user=0.00 sys=0.00, real=0.01 secs] 
16.065: [GC 16.065: [ParNew
Desired survivor size 1343488 bytes, new threshold 4 (max 4)
- age   1:     328008 bytes,     328008 total
- age   2:     105576 bytes,     433584 total
- age   3:     594408 bytes,    1027992 total
- age   4:     306752 bytes,    1334744 total
: 17236K->1306K(18624K), 0.0021309 secs] 34966K->19220K(83392K), 0.0022411 secs] [Times: user=0.00 sys=0.00, real=0.00 secs] 
16.078: [GC 16.078: [ParNew
Desired survivor size 1343488 bytes, new threshold 4 (max 4)
- age   1:     910496 bytes,     910496 total
- age   2:     280784 bytes,    1191280 total
- age   3:     105576 bytes,    1296856 total
- age   4:     594408 bytes,    1891264 total
: 17274K->1850K(18624K), 0.0029068 secs] 35188K->20063K(83392K), 0.0030253 secs] [Times: user=0.01 sys=0.00, real=0.00 secs] 
16.094: [GC 16.094: [ParNew
Desired survivor size 1343488 bytes, new threshold 2 (max 4)
- age   1:     875560 bytes,     875560 total
- age   2:     802056 bytes,    1677616 total
- age   3:     224776 bytes,    1902392 total
- age   4:     105576 bytes,    2007968 total
: 17831K->1964K(18624K), 0.0027532 secs] 36044K->20570K(83392K), 0.0028762 secs] [Times: user=0.01 sys=0.01, real=0.00 secs] 
16.109: [GC 16.109: [ParNew
Desired survivor size 1343488 bytes, new threshold 2 (max 4)
- age   1:     774408 bytes,     774408 total
- age   2:     817808 bytes,    1592216 total
: 17964K->1557K(18624K), 0.0029775 secs] 36570K->21213K(83392K), 0.0030662 secs] [Times: user=0.00 sys=0.00, real=0.01 secs] 
16.123: [GC 16.124: [ParNew
Desired survivor size 1343488 bytes, new threshold 4 (max 4)
- age   1:     259088 bytes,     259088 total
- age   2:     706208 bytes,     965296 total
: 17481K->945K(18624K), 0.0024758 secs] 37137K->21400K(83392K), 0.0025944 secs] [Times: user=0.01 sys=0.00, real=0.00 secs] 
16.140: [GC 16.140: [ParNew
Desired survivor size 1343488 bytes, new threshold 1 (max 4)
- age   1:    1688784 bytes,    1688784 total
- age   2:     259088 bytes,    1947872 total
- age   3:     349920 bytes,    2297792 total
: 16916K->2246K(18624K), 0.0022965 secs] 37371K->22701K(83392K), 0.0023874 secs] [Times: user=0.00 sys=0.00, real=0.01 secs] 
16.154: [GC 16.154: [ParNew
Desired survivor size 1343488 bytes, new threshold 4 (max 4)
- age   1:     405288 bytes,     405288 total
: 18225K->399K(18624K), 0.0027103 secs] 38680K->22764K(83392K), 0.0028279 secs] [Times: user=0.00 sys=0.00, real=0.00 secs] 
16.170: [GC 16.170: [ParNew
Desired survivor size 1343488 bytes, new threshold 4 (max 4)
- age   1:     131200 bytes,     131200 total
- age   2:     345648 bytes,     476848 total
: 16347K->468K(18624K), 0.0023074 secs] 38711K->22832K(83392K), 0.0024559 secs] [Times: user=0.01 sys=0.00, real=0.01 secs] 
16.186: [GC 16.186: [ParNew
Desired survivor size 1343488 bytes, new threshold 4 (max 4)
- age   1:     800552 bytes,     800552 total
- age   2:      63024 bytes,     863576 total
- age   3:     345648 bytes,    1209224 total
: 16462K->1183K(18624K), 0.0019184 secs] 38826K->23548K(83392K), 0.0020016 secs] [Times: user=0.00 sys=0.00, real=0.00 secs] 
16.201: [GC 16.202: [ParNew
Desired survivor size 1343488 bytes, new threshold 4 (max 4)
- age   1:     536376 bytes,     536376 total
- age   2:     481312 bytes,    1017688 total
- age   3:      62992 bytes,    1080680 total
- age   4:     224392 bytes,    1305072 total
: 17182K->1277K(18624K), 0.0017322 secs] 39546K->23641K(83392K), 0.0018437 secs] [Times: user=0.01 sys=0.00, real=0.00 secs] 
16.219: [GC 16.219: [ParNew
Desired survivor size 1343488 bytes, new threshold 3 (max 4)
- age   1:     658880 bytes,     658880 total
- age   2:     536376 bytes,    1195256 total
- age   3:     434480 bytes,    1629736 total
- age   4:      62120 bytes,    1691856 total
: 17180K->1653K(18624K), 0.0018367 secs] 39545K->24073K(83392K), 0.0019657 secs] [Times: user=0.00 sys=0.00, real=0.00 secs] 
16.236: [GC 16.236: [ParNew
Desired survivor size 1343488 bytes, new threshold 3 (max 4)
- age   1:     814704 bytes,     814704 total
- age   2:     486296 bytes,    1301000 total
- age   3:     218320 bytes,    1519320 total
: 17637K->1486K(18624K), 0.0025866 secs] 40056K->24329K(83392K), 0.0027249 secs] [Times: user=0.00 sys=0.00, real=0.00 secs] 
16.252: [GC 16.252: [ParNew
Desired survivor size 1343488 bytes, new threshold 3 (max 4)
- age   1:     397264 bytes,     397264 total
- age   2:     734336 bytes,    1131600 total
- age   3:     486296 bytes,    1617896 total
: 17466K->1581K(18624K), 0.0021942 secs] 40310K->24639K(83392K), 0.0022960 secs] [Times: user=0.01 sys=0.00, real=0.00 secs] 
16.265: [GC 16.265: [ParNew
Desired survivor size 1343488 bytes, new threshold 3 (max 4)
- age   1:     466648 bytes,     466648 total
- age   2:     281776 bytes,     748424 total
- age   3:     734336 bytes,    1482760 total
: 17579K->1450K(18624K), 0.0026250 secs] 40636K->24982K(83392K), 0.0027398 secs] [Times: user=0.01 sys=0.00, real=0.00 secs] 
16.281: [GC 16.281: [ParNew
Desired survivor size 1343488 bytes, new threshold 4 (max 4)
- age   1:     709440 bytes,     709440 total
- age   2:     147160 bytes,     856600 total
: 17450K->839K(18624K), 0.0015432 secs] 40982K->24748K(83392K), 0.0016453 secs] [Times: user=0.00 sys=0.00, real=0.01 secs] 
16.294: [GC 16.294: [ParNew
Desired survivor size 1343488 bytes, new threshold 4 (max 4)
- age   1:     543792 bytes,     543792 total
- age   2:     515920 bytes,    1059712 total
- age   3:     147160 bytes,    1206872 total
: 16802K->1181K(18624K), 0.0019687 secs] 40711K->25090K(83392K), 0.0021247 secs] [Times: user=0.00 sys=0.00, real=0.00 secs] 
16.307: [GC 16.307: [ParNew
Desired survivor size 1343488 bytes, new threshold 3 (max 4)
- age   1:     547008 bytes,     547008 total
- age   2:     407000 bytes,     954008 total
- age   3:     515920 bytes,    1469928 total
- age   4:     147160 bytes,    1617088 total
: 17177K->1582K(18624K), 0.0020710 secs] 41086K->25491K(83392K), 0.0021853 secs] [Times: user=0.01 sys=0.00, real=0.00 secs] 
16.322: [GC 16.322: [ParNew
Desired survivor size 1343488 bytes, new threshold 4 (max 4)
- age   1:     231776 bytes,     231776 total
- age   2:     400952 bytes,     632728 total
- age   3:     407000 bytes,    1039728 total
: 17550K->1018K(18624K), 0.0021929 secs] 41459K->25575K(83392K), 0.0023294 secs] [Times: user=0.00 sys=0.00, real=0.00 secs] 
16.338: [GC 16.338: [ParNew
Desired survivor size 1343488 bytes, new threshold 4 (max 4)
- age   1:     720136 bytes,     720136 total
- age   2:     191536 bytes,     911672 total
- age   3:     400952 bytes,    1312624 total
- age   4:     407000 bytes,    1719624 total
: 16956K->1680K(18624K), 0.0021806 secs] 41512K->26236K(83392K), 0.0023207 secs] [Times: user=0.01 sys=0.00, real=0.00 secs] 
16.351: [GC 16.352: [ParNew
Desired survivor size 1343488 bytes, new threshold 2 (max 4)
- age   1:     974432 bytes,     974432 total
- age   2:     652648 bytes,    1627080 total
- age   3:      33816 bytes,    1660896 total
- age   4:     400952 bytes,    2061848 total
: 17633K->2020K(18624K), 0.0030236 secs] 42190K->26974K(83392K), 0.0032858 secs] [Times: user=0.00 sys=0.00, real=0.00 secs] 
16.367: [GC 16.367: [ParNew
Desired survivor size 1343488 bytes, new threshold 4 (max 4)
- age   1:     563992 bytes,     563992 total
- age   2:     730928 bytes,    1294920 total
: 18016K->1276K(18624K), 0.0028883 secs] 42970K->27214K(83392K), 0.0030322 secs] [Times: user=0.01 sys=0.00, real=0.00 secs] 
16.386: [GC 16.386: [ParNew
Desired survivor size 1343488 bytes, new threshold 3 (max 4)
- age   1:     590624 bytes,     590624 total
- age   2:     168376 bytes,     759000 total
- age   3:     730928 bytes,    1489928 total
: 17252K->1457K(18624K), 0.0019171 secs] 43191K->27396K(83392K), 0.0020688 secs] [Times: user=0.01 sys=0.00, real=0.00 secs] 
16.403: [GC 16.404: [ParNew
Desired survivor size 1343488 bytes, new threshold 4 (max 4)
- age   1:     392520 bytes,     392520 total
- age   2:     532272 bytes,     924792 total
- age   3:     168376 bytes,    1093168 total
: 17457K->1069K(18624K), 0.0016512 secs] 43396K->27267K(83392K), 0.0017290 secs] [Times: user=0.00 sys=0.00, real=0.00 secs] 
16.418: [GC 16.418: [ParNew
Desired survivor size 1343488 bytes, new threshold 3 (max 4)
- age   1:     649896 bytes,     649896 total
- age   2:     252488 bytes,     902384 total
- age   3:     461504 bytes,    1363888 total
: 17036K->1334K(18624K), 0.0018968 secs] 43234K->27532K(83392K), 0.0020294 secs] [Times: user=0.00 sys=0.00, real=0.00 secs] 
16.437: [GC 16.437: [ParNew
Desired survivor size 1343488 bytes, new threshold 4 (max 4)
- age   1:     336488 bytes,     336488 total
- age   2:     123776 bytes,     460264 total
- age   3:     252488 bytes,     712752 total
: 17263K->703K(18624K), 0.0032751 secs] 43461K->27352K(83392K), 0.0033711 secs] [Times: user=0.01 sys=0.00, real=0.00 secs] 
16.451: [GC 16.451: [ParNew
Desired survivor size 1343488 bytes, new threshold 4 (max 4)
- age   1:     246096 bytes,     246096 total
- age   2:     235304 bytes,     481400 total
- age   3:     123776 bytes,     605176 total
- age   4:     252488 bytes,     857664 total
: 16702K->852K(18624K), 0.0015446 secs] 43350K->27501K(83392K), 0.0016581 secs] [Times: user=0.00 sys=0.00, real=0.01 secs] 
16.464: [GC 16.465: [ParNew
Desired survivor size 1343488 bytes, new threshold 4 (max 4)
- age   1:     667928 bytes,     667928 total
- age   2:     168640 bytes,     836568 total
- age   3:       9528 bytes,     846096 total
- age   4:     123736 bytes,     969832 total
: 16774K->954K(18624K), 0.0017208 secs] 43423K->27849K(83392K), 0.0018248 secs] [Times: user=0.00 sys=0.00, real=0.00 secs] 
16.483: [GC 16.483: [ParNew
Desired survivor size 1343488 bytes, new threshold 4 (max 4)
- age   1:     334760 bytes,     334760 total
- age   2:     190992 bytes,     525752 total
- age   3:     168640 bytes,     694392 total
- age   4:       9528 bytes,     703920 total
: 16954K->695K(18624K), 0.0015665 secs] 43849K->27711K(83392K), 0.0017116 secs] [Times: user=0.00 sys=0.00, real=0.00 secs] 
16.497: [GC 16.498: [ParNew
Desired survivor size 1343488 bytes, new threshold 4 (max 4)
- age   1:     635816 bytes,     635816 total
- age   2:      81744 bytes,     717560 total
- age   3:     190992 bytes,     908552 total
- age   4:     168640 bytes,    1077192 total
: 16695K->1054K(18624K), 0.0016957 secs] 43711K->28080K(83392K), 0.0017927 secs] [Times: user=0.01 sys=0.00, real=0.00 secs] 
16.512: [GC 16.512: [ParNew
Desired survivor size 1343488 bytes, new threshold 4 (max 4)
- age   1:     548752 bytes,     548752 total
- age   2:     613544 bytes,    1162296 total
- age   3:      54616 bytes,    1216912 total
- age   4:      39224 bytes,    1256136 total
: 17022K->1238K(18624K), 0.0018187 secs] 44048K->28428K(83392K), 0.0019615 secs] [Times: user=0.00 sys=0.00, real=0.00 secs] 
16.525: [GC 16.526: [ParNew
Desired survivor size 1343488 bytes, new threshold 3 (max 4)
- age   1:     783456 bytes,     783456 total
- age   2:     426544 bytes,    1210000 total
- age   3:     613544 bytes,    1823544 total
- age   4:      54616 bytes,    1878160 total
: 17231K->1844K(18624K), 0.0025560 secs] 44421K->29073K(83392K), 0.0026682 secs] [Times: user=0.00 sys=0.00, real=0.00 secs] 
16.543: [GC 16.543: [ParNew
Desired survivor size 1343488 bytes, new threshold 4 (max 4)
- age   1:     485584 bytes,     485584 total
- age   2:     237424 bytes,     723008 total
- age   3:     426544 bytes,    1149552 total
: 17842K->1139K(18624K), 0.0020570 secs] 45070K->29020K(83392K), 0.0021678 secs] [Times: user=0.00 sys=0.00, real=0.00 secs] 
16.556: [GC 16.556: [ParNew
Desired survivor size 1343488 bytes, new threshold 3 (max 4)
- age   1:     886976 bytes,     886976 total
- age   2:     329896 bytes,    1216872 total
- age   3:     237424 bytes,    1454296 total
- age   4:     193016 bytes,    1647312 total
: 17133K->1612K(18624K), 0.0020869 secs] 45014K->29493K(83392K), 0.0021886 secs] [Times: user=0.01 sys=0.00, real=0.00 secs] 
16.570: [GC 16.570: [ParNew
Desired survivor size 1343488 bytes, new threshold 2 (max 4)
- age   1:     693728 bytes,     693728 total
- age   2:     818432 bytes,    1512160 total
- age   3:     329896 bytes,    1842056 total
: 17608K->1807K(18624K), 0.0026157 secs] 45489K->30016K(83392K), 0.0027338 secs] [Times: user=0.01 sys=0.00, real=0.01 secs] 
16.586: [GC 16.586: [ParNew
Desired survivor size 1343488 bytes, new threshold 4 (max 4)
- age   1:     678880 bytes,     678880 total
- age   2:     623736 bytes,    1302616 total
: 17792K->1273K(18624K), 0.0029000 secs] 46001K->30604K(83392K), 0.0030029 secs] [Times: user=0.00 sys=0.00, real=0.00 secs] 
16.599: [GC 16.599: [ParNew
Desired survivor size 1343488 bytes, new threshold 3 (max 4)
- age   1:     273128 bytes,     273128 total
- age   2:     633016 bytes,     906144 total
- age   3:     518136 bytes,    1424280 total
: 17246K->1391K(18624K), 0.0027159 secs] 46576K->30722K(83392K), 0.0028293 secs] [Times: user=0.01 sys=0.00, real=0.01 secs] 
16.614: [GC 16.614: [ParNew
Desired survivor size 1343488 bytes, new threshold 4 (max 4)
- age   1:     661288 bytes,     661288 total
- age   2:     202944 bytes,     864232 total
- age   3:     231752 bytes,    1095984 total
: 17375K->1071K(18624K), 0.0017510 secs] 46706K->30766K(83392K), 0.0018512 secs] [Times: user=0.01 sys=0.01, real=0.00 secs] 
16.628: [GC 16.628: [ParNew
Desired survivor size 1343488 bytes, new threshold 4 (max 4)
- age   1:     272608 bytes,     272608 total
- age   2:     626112 bytes,     898720 total
- age   3:     141936 bytes,    1040656 total
- age   4:     231752 bytes,    1272408 total
: 17042K->1246K(18624K), 0.0017252 secs] 46736K->30940K(83392K), 0.0018452 secs] [Times: user=0.00 sys=0.00, real=0.00 secs] 
16.642: [GC 16.642: [ParNew
Desired survivor size 1343488 bytes, new threshold 4 (max 4)
- age   1:     456488 bytes,     456488 total
- age   2:      64776 bytes,     521264 total
- age   3:     626080 bytes,    1147344 total
- age   4:      81032 bytes,    1228376 total
: 17170K->1206K(18624K), 0.0018751 secs] 46864K->31127K(83392K), 0.0019742 secs] [Times: user=0.00 sys=0.00, real=0.00 secs] 
16.658: [GC 16.658: [ParNew
Desired survivor size 1343488 bytes, new threshold 4 (max 4)
- age   1:     268880 bytes,     268880 total
- age   2:     316640 bytes,     585520 total
- age   3:      64776 bytes,     650296 total
- age   4:     626080 bytes,    1276376 total
: 17206K->1248K(18624K), 0.0020052 secs] 47127K->31248K(83392K), 0.0021286 secs] [Times: user=0.01 sys=0.00, real=0.00 secs] 
16.674: [GC 16.674: [ParNew
Desired survivor size 1343488 bytes, new threshold 4 (max 4)
- age   1:     174944 bytes,     174944 total
- age   2:       6360 bytes,     181304 total
- age   3:     316640 bytes,     497944 total
- age   4:      64776 bytes,     562720 total
: 17231K->553K(18624K), 0.0019968 secs] 47231K->31165K(83392K), 0.0021315 secs] [Times: user=0.00 sys=0.00, real=0.00 secs] 
16.687: [GC 16.687: [ParNew
Desired survivor size 1343488 bytes, new threshold 4 (max 4)
- age   1:     279568 bytes,     279568 total
- age   2:      94008 bytes,     373576 total
- age   3:       6360 bytes,     379936 total
- age   4:     316640 bytes,     696576 total
: 16528K->691K(18624K), 0.0020174 secs] 47139K->31303K(83392K), 0.0021304 secs] [Times: user=0.00 sys=0.00, real=0.00 secs] 
16.702: [GC 16.702: [ParNew
Desired survivor size 1343488 bytes, new threshold 4 (max 4)
- age   1:     199728 bytes,     199728 total
- age   2:      84312 bytes,     284040 total
- age   3:       8248 bytes,     292288 total
- age   4:       5528 bytes,     297816 total
: 16691K->299K(18624K), 0.0014182 secs] 47303K->31220K(83392K), 0.0015050 secs] [Times: user=0.00 sys=0.00, real=0.00 secs] 
16.717: [GC 16.717: [ParNew
Desired survivor size 1343488 bytes, new threshold 4 (max 4)
- age   1:     964944 bytes,     964944 total
- age   2:      30568 bytes,     995512 total
- age   3:      84272 bytes,    1079784 total
- age   4:       8248 bytes,    1088032 total
: 16299K->1075K(18624K), 0.0014810 secs] 47220K->32001K(83392K), 0.0015684 secs] [Times: user=0.01 sys=0.00, real=0.00 secs] 
16.735: [GC 16.735: [ParNew
Desired survivor size 1343488 bytes, new threshold 1 (max 4)
- age   1:    1514120 bytes,    1514120 total
- age   2:     705624 bytes,    2219744 total
- age   3:      30568 bytes,    2250312 total
- age   4:      84272 bytes,    2334584 total
: 17071K->2285K(18624K), 0.0026877 secs] 47997K->33220K(83392K), 0.0028090 secs] [Times: user=0.00 sys=0.00, real=0.00 secs] 
16.750: [GC 16.750: [ParNew
Desired survivor size 1343488 bytes, new threshold 4 (max 4)
- age   1:     544032 bytes,     544032 total
: 18175K->536K(18624K), 0.0028033 secs] 49109K->33442K(83392K), 0.0029651 secs] [Times: user=0.00 sys=0.01, real=0.01 secs] 
16.767: [GC 16.767: [ParNew
Desired survivor size 1343488 bytes, new threshold 4 (max 4)
- age   1:     823080 bytes,     823080 total
- age   2:      87128 bytes,     910208 total
: 16513K->892K(18624K), 0.0034318 secs] 49420K->33799K(83392K), 0.0035421 secs] [Times: user=0.00 sys=0.00, real=0.00 secs] 
16.784: [GC 16.784: [ParNew
Desired survivor size 1343488 bytes, new threshold 4 (max 4)
- age   1:     337608 bytes,     337608 total
- age   2:     657120 bytes,     994728 total
- age   3:      87128 bytes,    1081856 total
: 16847K->1059K(18624K), 0.0027207 secs] 49753K->33966K(83392K), 0.0029350 secs] [Times: user=0.00 sys=0.00, real=0.00 secs] 
16.804: [GC 16.804: [ParNew
Desired survivor size 1343488 bytes, new threshold 4 (max 4)
- age   1:     343880 bytes,     343880 total
- age   2:     251320 bytes,     595200 total
- age   3:     657120 bytes,    1252320 total
- age   4:      87128 bytes,    1339448 total
: 17024K->1310K(18624K), 0.0019857 secs] 49930K->34217K(83392K), 0.0020764 secs] [Times: user=0.01 sys=0.00, real=0.00 secs] 
16.818: [GC 16.818: [ParNew
Desired survivor size 1343488 bytes, new threshold 4 (max 4)
- age   1:     110752 bytes,     110752 total
- age   2:     301656 bytes,     412408 total
- age   3:     251320 bytes,     663728 total
- age   4:     657120 bytes,    1320848 total
: 17308K->1292K(18624K), 0.0025224 secs] 50215K->34284K(83392K), 0.0026412 secs] [Times: user=0.00 sys=0.00, real=0.00 secs] 
16.834: [GC 16.834: [ParNew
Desired survivor size 1343488 bytes, new threshold 4 (max 4)
- age   1:     262040 bytes,     262040 total
- age   2:      63024 bytes,     325064 total
- age   3:     145688 bytes,     470752 total
- age   4:     251320 bytes,     722072 total
: 17292K->709K(18624K), 0.0028118 secs] 50284K->34342K(83392K), 0.0028986 secs] [Times: user=0.00 sys=0.00, real=0.00 secs] 
16.848: [GC 16.848: [ParNew
Desired survivor size 1343488 bytes, new threshold 4 (max 4)
- age   1:     197104 bytes,     197104 total
- age   2:     196296 bytes,     393400 total
- age   3:      63024 bytes,     456424 total
- age   4:     145688 bytes,     602112 total
: 16676K->593K(18624K), 0.0017816 secs] 50310K->34472K(83392K), 0.0019509 secs] [Times: user=0.00 sys=0.00, real=0.00 secs] 
16.861: [GC 16.862: [ParNew
Desired survivor size 1343488 bytes, new threshold 4 (max 4)
- age   1:     442200 bytes,     442200 total
- age   2:     129616 bytes,     571816 total
- age   3:     196296 bytes,     768112 total
- age   4:      63024 bytes,     831136 total
: 16590K->821K(18624K), 0.0017499 secs] 50469K->34842K(83392K), 0.0018476 secs] [Times: user=0.01 sys=0.00, real=0.00 secs] 
16.875: [GC 16.875: [ParNew
Desired survivor size 1343488 bytes, new threshold 4 (max 4)
- age   1:     229344 bytes,     229344 total
- age   2:     360408 bytes,     589752 total
- age   3:     129616 bytes,     719368 total
- age   4:      26008 bytes,     745376 total
: 16811K->733K(18624K), 0.0016438 secs] 50832K->34816K(83392K), 0.0017538 secs] [Times: user=0.01 sys=0.00, real=0.00 secs] 
16.889: [GC 16.890: [ParNew
Desired survivor size 1343488 bytes, new threshold 4 (max 4)
- age   1:     710928 bytes,     710928 total
- age   2:     169064 bytes,     879992 total
- age   3:     360408 bytes,    1240400 total
- age   4:     129616 bytes,    1370016 total
: 16733K->1342K(18624K), 0.0028637 secs] 50816K->35451K(83392K), 0.0029624 secs] [Times: user=0.00 sys=0.00, real=0.01 secs] 
16.904: [GC 16.904: [ParNew
Desired survivor size 1343488 bytes, new threshold 4 (max 4)
- age   1:     241344 bytes,     241344 total
- age   2:     548584 bytes,     789928 total
- age   3:     169064 bytes,     958992 total
- age   4:     186408 bytes,    1145400 total
: 17342K->1132K(18624K), 0.0018007 secs] 51450K->35366K(83392K), 0.0019127 secs] [Times: user=0.01 sys=0.01, real=0.00 secs] 
16.917: [GC 16.917: [ParNew
Desired survivor size 1343488 bytes, new threshold 4 (max 4)
- age   1:     469728 bytes,     469728 total
- age   2:     168720 bytes,     638448 total
- age   3:     349544 bytes,     987992 total
: 17113K->973K(18624K), 0.0019615 secs] 51348K->35318K(83392K), 0.0020712 secs] [Times: user=0.01 sys=0.00, real=0.00 secs] 
16.935: [GC 16.935: [ParNew
Desired survivor size 1343488 bytes, new threshold 4 (max 4)
- age   1:     429560 bytes,     429560 total
- age   2:     219960 bytes,     649520 total
- age   3:     168720 bytes,     818240 total
- age   4:     349544 bytes,    1167784 total
: 16952K->1145K(18624K), 0.0027785 secs] 51298K->35490K(83392K), 0.0029128 secs] [Times: user=0.01 sys=0.00, real=0.00 secs] 
16.950: [GC 16.950: [ParNew
Desired survivor size 1343488 bytes, new threshold 4 (max 4)
- age   1:     445984 bytes,     445984 total
- age   2:     257792 bytes,     703776 total
- age   3:     219960 bytes,     923736 total
- age   4:     168720 bytes,    1092456 total
: 17114K->1082K(18624K), 0.0018562 secs] 51459K->35768K(83392K), 0.0019386 secs] [Times: user=0.00 sys=0.00, real=0.01 secs] 
16.965: [GC 16.965: [ParNew
Desired survivor size 1343488 bytes, new threshold 4 (max 4)
- age   1:     264576 bytes,     264576 total
- age   2:     157896 bytes,     422472 total
- age   3:     147984 bytes,     570456 total
- age   4:     219960 bytes,     790416 total
: 17065K->773K(18624K), 0.0020866 secs] 51751K->35624K(83392K), 0.0021964 secs] [Times: user=0.00 sys=0.00, real=0.00 secs] 
16.978: [GC 16.978: [ParNew
Desired survivor size 1343488 bytes, new threshold 4 (max 4)
- age   1:     178200 bytes,     178200 total
- age   2:      41152 bytes,     219352 total
- age   3:     157896 bytes,     377248 total
- age   4:     147984 bytes,     525232 total
: 16752K->516K(18624K), 0.0015443 secs] 51603K->35582K(83392K), 0.0016427 secs] [Times: user=0.00 sys=0.00, real=0.00 secs] 
16.991: [GC 16.991: [ParNew
Desired survivor size 1343488 bytes, new threshold 4 (max 4)
- age   1:    1134136 bytes,    1134136 total
- age   2:      59912 bytes,    1194048 total
- age   3:      41152 bytes,    1235200 total
: 16456K->1209K(18624K), 0.0021529 secs] 51522K->36420K(83392K), 0.0022744 secs] [Times: user=0.00 sys=0.00, real=0.01 secs] 
17.007: [GC 17.007: [ParNew
Desired survivor size 1343488 bytes, new threshold 4 (max 4)
- age   1:     341888 bytes,     341888 total
- age   2:     498728 bytes,     840616 total
- age   3:      59912 bytes,     900528 total
- age   4:      41152 bytes,     941680 total
: 17206K->922K(18624K), 0.0014284 secs] 52417K->36133K(83392K), 0.0015677 secs] [Times: user=0.00 sys=0.00, real=0.00 secs] 
17.021: [GC 17.021: [ParNew
Desired survivor size 1343488 bytes, new threshold 4 (max 4)
- age   1:     488208 bytes,     488208 total
- age   2:     109432 bytes,     597640 total
- age   3:     419056 bytes,    1016696 total
- age   4:      59912 bytes,    1076608 total
: 16891K->1054K(18624K), 0.0015309 secs] 52102K->36305K(83392K), 0.0016409 secs] [Times: user=0.00 sys=0.00, real=0.01 secs] 
17.033: [GC 17.033: [ParNew
Desired survivor size 1343488 bytes, new threshold 4 (max 4)
- age   1:     549480 bytes,     549480 total
- age   2:     244040 bytes,     793520 total
- age   3:       8856 bytes,     802376 total
- age   4:     359696 bytes,    1162072 total
: 17051K->1137K(18624K), 0.0030220 secs] 52302K->36446K(83392K), 0.0031358 secs] [Times: user=0.00 sys=0.01, real=0.00 secs] 
17.047: [GC 17.047: [ParNew
Desired survivor size 1343488 bytes, new threshold 4 (max 4)
- age   1:     263048 bytes,     263048 total
- age   2:     479400 bytes,     742448 total
- age   3:     244040 bytes,     986488 total
- age   4:       8856 bytes,     995344 total
: 17058K->973K(18624K), 0.0021672 secs] 52367K->36634K(83392K), 0.0022825 secs] [Times: user=0.00 sys=0.00, real=0.00 secs] 
17.065: [GC 17.065: [ParNew
Desired survivor size 1343488 bytes, new threshold 4 (max 4)
- age   1:     566792 bytes,     566792 total
- age   2:     185608 bytes,     752400 total
- age   3:     220576 bytes,     972976 total
- age   4:     244040 bytes,    1217016 total
: 16912K->1194K(18624K), 0.0018873 secs] 52572K->36863K(83392K), 0.0019794 secs] [Times: user=0.01 sys=0.00, real=0.00 secs] 
17.081: [GC 17.081: [ParNew
Desired survivor size 1343488 bytes, new threshold 4 (max 4)
- age   1:     203352 bytes,     203352 total
- age   2:     324856 bytes,     528208 total
- age   3:     185608 bytes,     713816 total
- age   4:     103216 bytes,     817032 total
: 17194K->801K(18624K), 0.0017536 secs] 52863K->36708K(83392K), 0.0018447 secs] [Times: user=0.00 sys=0.00, real=0.01 secs] 
17.095: [GC 17.095: [ParNew
Desired survivor size 1343488 bytes, new threshold 4 (max 4)
- age   1:     547416 bytes,     547416 total
- age   2:     120552 bytes,     667968 total
- age   3:     162536 bytes,     830504 total
- age   4:     185608 bytes,    1016112 total
: 16763K->1002K(18624K), 0.0014449 secs] 52671K->36951K(83392K), 0.0015547 secs] [Times: user=0.00 sys=0.00, real=0.00 secs] 
17.109: [GC 17.109: [ParNew
Desired survivor size 1343488 bytes, new threshold 4 (max 4)
- age   1:     315464 bytes,     315464 total
- age   2:     292304 bytes,     607768 total
- age   3:     120552 bytes,     728320 total
- age   4:     162536 bytes,     890856 total
: 16982K->875K(18624K), 0.0015306 secs] 52931K->37006K(83392K), 0.0016649 secs] [Times: user=0.00 sys=0.00, real=0.00 secs] 
17.123: [GC 17.123: [ParNew
Desired survivor size 1343488 bytes, new threshold 4 (max 4)
- age   1:     141912 bytes,     141912 total
- age   2:     202176 bytes,     344088 total
- age   3:     202528 bytes,     546616 total
- age   4:     120552 bytes,     667168 total
: 16847K->658K(18624K), 0.0013779 secs] 52978K->36948K(83392K), 0.0014933 secs] [Times: user=0.01 sys=0.00, real=0.00 secs] 
17.135: [GC 17.136: [ParNew
Desired survivor size 1343488 bytes, new threshold 4 (max 4)
- age   1:     628128 bytes,     628128 total
- age   2:      60176 bytes,     688304 total
- age   3:     202176 bytes,     890480 total
- age   4:     202528 bytes,    1093008 total
: 16625K->1072K(18624K), 0.0018209 secs] 52915K->37479K(83392K), 0.0019582 secs] [Times: user=0.01 sys=0.00, real=0.00 secs] 
17.149: [GC 17.149: [ParNew
Desired survivor size 1343488 bytes, new threshold 4 (max 4)
- age   1:     439856 bytes,     439856 total
- age   2:     519360 bytes,     959216 total
- age   3:      60176 bytes,    1019392 total
- age   4:     202176 bytes,    1221568 total
: 17061K->1196K(18624K), 0.0021202 secs] 53468K->37802K(83392K), 0.0022960 secs] [Times: user=0.00 sys=0.00, real=0.01 secs] 
17.163: [GC 17.163: [ParNew
Desired survivor size 1343488 bytes, new threshold 4 (max 4)
- age   1:     324104 bytes,     324104 total
- age   2:     381360 bytes,     705464 total
- age   3:     396608 bytes,    1102072 total
- age   4:      60176 bytes,    1162248 total
: 17158K->1137K(18624K), 0.0020289 secs] 53764K->37939K(83392K), 0.0021246 secs] [Times: user=0.00 sys=0.00, real=0.00 secs] 
17.176: [GC 17.176: [ParNew
Desired survivor size 1343488 bytes, new threshold 4 (max 4)
- age   1:     554304 bytes,     554304 total
- age   2:     249944 bytes,     804248 total
- age   3:     366920 bytes,    1171168 total
- age   4:     311712 bytes,    1482880 total
: 17136K->1450K(18624K), 0.0022456 secs] 53938K->38311K(83392K), 0.0023725 secs] [Times: user=0.01 sys=0.01, real=0.00 secs] 
17.200: [GC 17.200: [ParNew
Desired survivor size 1343488 bytes, new threshold 4 (max 4)
- age   1:     304952 bytes,     304952 total
- age   2:     226016 bytes,     530968 total
- age   3:     185456 bytes,     716424 total
- age   4:     366920 bytes,    1083344 total
: 17432K->1059K(18624K), 0.0030964 secs] 54294K->38225K(83392K), 0.0031978 secs] [Times: user=0.00 sys=0.00, real=0.01 secs] 
17.219: [GC 17.219: [ParNew
Desired survivor size 1343488 bytes, new threshold 4 (max 4)
- age   1:     776056 bytes,     776056 total
- age   2:     273464 bytes,    1049520 total
- age   3:     111624 bytes,    1161144 total
- age   4:     185456 bytes,    1346600 total
: 16998K->1322K(18624K), 0.0021685 secs] 54164K->38846K(83392K), 0.0024304 secs] [Times: user=0.00 sys=0.00, real=0.00 secs] 
17.237: [GC 17.237: [ParNew
Desired survivor size 1343488 bytes, new threshold 2 (max 4)
- age   1:     721680 bytes,     721680 total
- age   2:     715136 bytes,    1436816 total
- age   3:     273464 bytes,    1710280 total
- age   4:     111624 bytes,    1821904 total
: 17312K->1782K(18624K), 0.0030087 secs] 54836K->39487K(83392K), 0.0031212 secs] [Times: user=0.00 sys=0.00, real=0.00 secs] 
17.251: [GC 17.251: [ParNew
Desired survivor size 1343488 bytes, new threshold 4 (max 4)
- age   1:     617216 bytes,     617216 total
- age   2:     676400 bytes,    1293616 total
: 17780K->1270K(18624K), 0.0058775 secs] 55486K->39697K(83392K), 0.0059756 secs] [Times: user=0.01 sys=0.00, real=0.01 secs] 
17.268: [GC 17.268: [ParNew
Desired survivor size 1343488 bytes, new threshold 3 (max 4)
- age   1:     304256 bytes,     304256 total
- age   2:     571544 bytes,     875800 total
- age   3:     676400 bytes,    1552200 total
: 17270K->1517K(18624K), 0.0024150 secs] 55697K->39944K(83392K), 0.0025098 secs] [Times: user=0.00 sys=0.00, real=0.00 secs] 
17.285: [GC 17.285: [ParNew
Desired survivor size 1343488 bytes, new threshold 4 (max 4)
- age   1:     203944 bytes,     203944 total
- age   2:     239312 bytes,     443256 total
- age   3:     316472 bytes,     759728 total
: 17508K->744K(18624K), 0.0025992 secs] 55935K->39740K(83392K), 0.0026918 secs] [Times: user=0.00 sys=0.00, real=0.00 secs] 
17.300: [GC 17.300: [ParNew
Desired survivor size 1343488 bytes, new threshold 4 (max 4)
- age   1:     308136 bytes,     308136 total
- age   2:      74096 bytes,     382232 total
- age   3:     239312 bytes,     621544 total
- age   4:     316472 bytes,     938016 total
: 16740K->917K(18624K), 0.0015391 secs] 55737K->39914K(83392K), 0.0016468 secs] [Times: user=0.00 sys=0.00, real=0.01 secs] 
17.314: [GC 17.314: [ParNew
Desired survivor size 1343488 bytes, new threshold 4 (max 4)
- age   1:     478360 bytes,     478360 total
- age   2:     199624 bytes,     677984 total
- age   3:      34008 bytes,     711992 total
- age   4:     239312 bytes,     951304 total
: 16889K->930K(18624K), 0.0020876 secs] 55886K->40236K(83392K), 0.0022042 secs] [Times: user=0.00 sys=0.00, real=0.00 secs] 
17.328: [GC 17.328: [ParNew
Desired survivor size 1343488 bytes, new threshold 4 (max 4)
- age   1:     585704 bytes,     585704 total
- age   2:     436776 bytes,    1022480 total
- age   3:     199624 bytes,    1222104 total
- age   4:        392 bytes,    1222496 total
: 16912K->1196K(18624K), 0.0018738 secs] 56218K->40736K(83392K), 0.0020135 secs] [Times: user=0.01 sys=0.00, real=0.00 secs] 
17.350: [GC 17.350: [ParNew
Desired survivor size 1343488 bytes, new threshold 3 (max 4)
- age   1:     546440 bytes,     546440 total
- age   2:     499240 bytes,    1045680 total
- age   3:     436776 bytes,    1482456 total
- age   4:     199624 bytes,    1682080 total
: 17196K->1643K(18624K), 0.0020443 secs] 56736K->41183K(83392K), 0.0021505 secs] [Times: user=0.00 sys=0.00, real=0.01 secs] 
17.364: [GC 17.364: [ParNew
Desired survivor size 1343488 bytes, new threshold 3 (max 4)
- age   1:     764696 bytes,     764696 total
- age   2:     274008 bytes,    1038704 total
- age   3:     499240 bytes,    1537944 total
: 17598K->1506K(18624K), 0.0030156 secs] 57138K->41667K(83392K), 0.0031291 secs] [Times: user=0.00 sys=0.00, real=0.00 secs] 
17.386: [GC 17.386: [ParNew
Desired survivor size 1343488 bytes, new threshold 4 (max 4)
- age   1:     119216 bytes,     119216 total
- age   2:     621664 bytes,     740880 total
- age   3:     272984 bytes,    1013864 total
: 17506K->992K(18624K), 0.0022340 secs] 57667K->41553K(83392K), 0.0023300 secs] [Times: user=0.00 sys=0.00, real=0.00 secs] 
17.400: [GC 17.400: [ParNew
Desired survivor size 1343488 bytes, new threshold 4 (max 4)
- age   1:     201080 bytes,     201080 total
- age   2:      11952 bytes,     213032 total
- age   3:     552808 bytes,     765840 total
- age   4:     272984 bytes,    1038824 total
: 16956K->1025K(18624K), 0.0020723 secs] 57516K->41586K(83392K), 0.0021655 secs] [Times: user=0.00 sys=0.00, real=0.01 secs] 
17.414: [GC 17.414: [ParNew
Desired survivor size 1343488 bytes, new threshold 4 (max 4)
- age   1:     576928 bytes,     576928 total
- age   2:     159520 bytes,     736448 total
- age   3:      11952 bytes,     748400 total
- age   4:     552808 bytes,    1301208 total
: 17025K->1280K(18624K), 0.0020603 secs] 57586K->42106K(83392K), 0.0021570 secs] [Times: user=0.01 sys=0.00, real=0.00 secs] 
17.429: [GC 17.429: [ParNew
Desired survivor size 1343488 bytes, new threshold 4 (max 4)
- age   1:     547000 bytes,     547000 total
- age   2:     433992 bytes,     980992 total
- age   3:     159520 bytes,    1140512 total
- age   4:      11952 bytes,    1152464 total
: 17259K->1131K(18624K), 0.0021518 secs] 58086K->42498K(83392K), 0.0022695 secs] [Times: user=0.00 sys=0.00, real=0.00 secs] 
17.444: [GC 17.444: [ParNew
Desired survivor size 1343488 bytes, new threshold 4 (max 4)
- age   1:     160312 bytes,     160312 total
- age   2:     387688 bytes,     548000 total
- age   3:     433960 bytes,     981960 total
- age   4:     159520 bytes,    1141480 total
: 17071K->1124K(18624K), 0.0017727 secs] 58437K->42502K(83392K), 0.0019062 secs] [Times: user=0.00 sys=0.00, real=0.00 secs] 
17.458: [GC 17.458: [ParNew
Desired survivor size 1343488 bytes, new threshold 4 (max 4)
- age   1:     575984 bytes,     575984 total
- age   3:     220808 bytes,     796792 total
- age   4:     346296 bytes,    1143088 total
: 17123K->1121K(18624K), 0.0021014 secs] 58501K->42654K(83392K), 0.0022165 secs] [Times: user=0.00 sys=0.00, real=0.00 secs] 
17.471: [GC 17.471: [ParNew
Desired survivor size 1343488 bytes, new threshold 4 (max 4)
- age   1:     436776 bytes,     436776 total
- age   2:     271760 bytes,     708536 total
- age   4:     151848 bytes,     860384 total
: 17095K->844K(18624K), 0.0019008 secs] 58628K->42716K(83392K), 0.0020074 secs] [Times: user=0.01 sys=0.00, real=0.01 secs] 
17.485: [GC 17.485: [ParNew
Desired survivor size 1343488 bytes, new threshold 4 (max 4)
- age   1:    1151648 bytes,    1151648 total
- age   2:      47520 bytes,    1199168 total
- age   3:     104112 bytes,    1303280 total
: 16840K->1275K(18624K), 0.0024803 secs] 58712K->43295K(83392K), 0.0025720 secs] [Times: user=0.00 sys=0.00, real=0.00 secs] 
17.499: [GC 17.499: [ParNew
Desired survivor size 1343488 bytes, new threshold 4 (max 4)
- age   1:     109008 bytes,     109008 total
- age   2:     753032 bytes,     862040 total
- age   3:      47520 bytes,     909560 total
- age   4:     104112 bytes,    1013672 total
: 17253K->991K(18624K), 0.0018095 secs] 59273K->43011K(83392K), 0.0019548 secs] [Times: user=0.00 sys=0.00, real=0.00 secs] 
17.514: [GC 17.514: [ParNew
Desired survivor size 1343488 bytes, new threshold 4 (max 4)
- age   1:     418664 bytes,     418664 total
- age   2:     109008 bytes,     527672 total
- age   3:     396992 bytes,     924664 total
- age   4:      47520 bytes,     972184 total
: 16984K->952K(18624K), 0.0020893 secs] 59004K->43074K(83392K), 0.0021898 secs] [Times: user=0.00 sys=0.00, real=0.00 secs] 
17.527: [GC 17.527: [ParNew
Desired survivor size 1343488 bytes, new threshold 4 (max 4)
- age   1:     596584 bytes,     596584 total
- age   2:     262792 bytes,     859376 total
- age   3:      31024 bytes,     890400 total
- age   4:     396992 bytes,    1287392 total
: 16891K->1260K(18624K), 0.0024595 secs] 59013K->43428K(83392K), 0.0025680 secs] [Times: user=0.01 sys=0.00, real=0.00 secs] 
17.543: [GC 17.543: [ParNew
Desired survivor size 1343488 bytes, new threshold 4 (max 4)
- age   1:     439320 bytes,     439320 total
- age   2:     539792 bytes,     979112 total
- age   3:     262792 bytes,    1241904 total
- age   4:      31024 bytes,    1272928 total
: 17223K->1251K(18624K), 0.0021451 secs] 59392K->43807K(83392K), 0.0022444 secs] [Times: user=0.01 sys=0.00, real=0.00 secs] 
17.557: [GC 17.558: [ParNew
Desired survivor size 1343488 bytes, new threshold 4 (max 4)
- age   1:     315376 bytes,     315376 total
- age   2:     326272 bytes,     641648 total
- age   3:     214360 bytes,     856008 total
- age   4:     262792 bytes,    1118800 total
: 17233K->1096K(18624K), 0.0016663 secs] 59789K->43682K(83392K), 0.0017830 secs] [Times: user=0.00 sys=0.00, real=0.00 secs] 
17.572: [GC 17.572: [ParNew
Desired survivor size 1343488 bytes, new threshold 4 (max 4)
- age   1:     126512 bytes,     126512 total
- age   2:     249384 bytes,     375896 total
- age   3:     274192 bytes,     650088 total
- age   4:     214360 bytes,     864448 total
: 17008K->852K(18624K), 0.0020710 secs] 59594K->43611K(83392K), 0.0021910 secs] [Times: user=0.00 sys=0.00, real=0.00 secs] 
17.586: [GC 17.586: [ParNew
Desired survivor size 1343488 bytes, new threshold 4 (max 4)
- age   1:     688912 bytes,     688912 total
- age   2:      70144 bytes,     759056 total
- age   3:     249384 bytes,    1008440 total
- age   4:     274192 bytes,    1282632 total
: 16837K->1255K(18624K), 0.0039957 secs] 59596K->44222K(83392K), 0.0040934 secs] [Times: user=0.00 sys=0.00, real=0.00 secs] 
17.601: [GC 17.601: [ParNew
Desired survivor size 1343488 bytes, new threshold 4 (max 4)
- age   1:     542336 bytes,     542336 total
- age   2:     538128 bytes,    1080464 total
- age   3:      70144 bytes,    1150608 total
- age   4:     249384 bytes,    1399992 total
: 17226K->1369K(18624K), 0.0034681 secs] 60194K->44604K(83392K), 0.0035611 secs] [Times: user=0.01 sys=0.00, real=0.01 secs] 
17.616: [GC 17.616: [ParNew
Desired survivor size 1343488 bytes, new threshold 4 (max 4)
- age   1:     424176 bytes,     424176 total
- age   2:     469128 bytes,     893304 total
- age   3:     393008 bytes,    1286312 total
- age   4:      70144 bytes,    1356456 total
: 17332K->1326K(18624K), 0.0022027 secs] 60567K->44805K(83392K), 0.0023064 secs] [Times: user=0.01 sys=0.00, real=0.00 secs] 
17.629: [GC 17.630: [ParNew
Desired survivor size 1343488 bytes, new threshold 4 (max 4)
- age   1:     439360 bytes,     439360 total
- age   2:     372280 bytes,     811640 total
- age   3:     469128 bytes,    1280768 total
- age   4:     283200 bytes,    1563968 total
: 17322K->1529K(18624K), 0.0021714 secs] 60801K->45077K(83392K), 0.0022748 secs] [Times: user=0.00 sys=0.00, real=0.01 secs] 
17.644: [GC 17.644: [ParNew
Desired survivor size 1343488 bytes, new threshold 4 (max 4)
- age   1:     445424 bytes,     445424 total
- age   2:     327576 bytes,     773000 total
- age   3:      94944 bytes,     867944 total
- age   4:     356280 bytes,    1224224 total
: 17516K->1198K(18624K), 0.0021772 secs] 61063K->45022K(83392K), 0.0023286 secs] [Times: user=0.00 sys=0.00, real=0.00 secs] 
17.659: [GC 17.659: [ParNew
Desired survivor size 1343488 bytes, new threshold 4 (max 4)
- age   1:     394808 bytes,     394808 total
- age   2:     110024 bytes,     504832 total
- age   3:     327576 bytes,     832408 total
- age   4:      94944 bytes,     927352 total
: 17195K->909K(18624K), 0.0016917 secs] 61019K->44905K(83392K), 0.0017935 secs] [Times: user=0.00 sys=0.00, real=0.00 secs] 
17.672: [GC 17.672: [ParNew
Desired survivor size 1343488 bytes, new threshold 4 (max 4)
- age   1:     294560 bytes,     294560 total
- age   2:     347096 bytes,     641656 total
- age   3:     110024 bytes,     751680 total
- age   4:     327576 bytes,    1079256 total
: 16888K->1057K(18624K), 0.0020261 secs] 60885K->45146K(83392K), 0.0021243 secs] [Times: user=0.01 sys=0.00, real=0.00 secs] 
17.685: [GC 17.685: [ParNew
Desired survivor size 1343488 bytes, new threshold 4 (max 4)
- age   1:      99688 bytes,      99688 total
- age   2:     243408 bytes,     343096 total
- age   3:     347096 bytes,     690192 total
- age   4:     110024 bytes,     800216 total
: 17050K->785K(18624K), 0.0029799 secs] 61139K->45085K(83392K), 0.0030949 secs] [Times: user=0.00 sys=0.00, real=0.00 secs] 
17.699: [GC 17.699: [ParNew
Desired survivor size 1343488 bytes, new threshold 4 (max 4)
- age   1:     203040 bytes,     203040 total
- age   2:      56480 bytes,     259520 total
- age   3:     243408 bytes,     502928 total
- age   4:     347096 bytes,     850024 total
: 16765K->833K(18624K), 0.0016415 secs] 61065K->45241K(83392K), 0.0017646 secs] [Times: user=0.00 sys=0.00, real=0.00 secs] 
17.712: [GC 17.712: [ParNew
Desired survivor size 1343488 bytes, new threshold 4 (max 4)
- age   1:    1031512 bytes,    1031512 total
- age   2:     151888 bytes,    1183400 total
- age   3:      56480 bytes,    1239880 total
- age   4:     243408 bytes,    1483288 total
: 16832K->1451K(18624K), 0.0023058 secs] 61240K->46198K(83392K), 0.0028030 secs] [Times: user=0.00 sys=0.00, real=0.00 secs] 
17.730: [GC 17.730: [ParNew
Desired survivor size 1343488 bytes, new threshold 2 (max 4)
- age   1:     699368 bytes,     699368 total
- age   2:     810944 bytes,    1510312 total
: 17417K->1477K(18624K), 0.0021691 secs] 62164K->46461K(83392K), 0.0022618 secs] [Times: user=0.01 sys=0.00, real=0.01 secs] 
17.746: [GC 17.746: [ParNew
Desired survivor size 1343488 bytes, new threshold 4 (max 4)
- age   1:     381968 bytes,     381968 total
- age   2:     318912 bytes,     700880 total
: 17477K->685K(18624K), 0.0019640 secs] 62461K->46262K(83392K), 0.0020782 secs] [Times: user=0.01 sys=0.00, real=0.00 secs] 
17.759: [GC 17.759: [ParNew
Desired survivor size 1343488 bytes, new threshold 2 (max 4)
- age   1:    1286312 bytes,    1286312 total
- age   2:     381968 bytes,    1668280 total
- age   3:     241032 bytes,    1909312 total
: 16666K->1870K(18624K), 0.0025031 secs] 62242K->47446K(83392K), 0.0026162 secs] [Times: user=0.01 sys=0.00, real=0.01 secs] 
17.776: [GC 17.776: [ParNew
Desired survivor size 1343488 bytes, new threshold 2 (max 4)
- age   1:     300304 bytes,     300304 total
- age   2:    1098040 bytes,    1398344 total
: 17866K->1377K(18624K), 0.0021569 secs] 63442K->47444K(83392K), 0.0022490 secs] [Times: user=0.00 sys=0.00, real=0.00 secs] 
17.789: [GC 17.789: [ParNew
Desired survivor size 1343488 bytes, new threshold 4 (max 4)
- age   1:     185992 bytes,     185992 total
- age   2:     245800 bytes,     431792 total
: 17357K->424K(18624K), 0.0021090 secs] 63424K->47258K(83392K), 0.0022034 secs] [Times: user=0.01 sys=0.00, real=0.01 secs] 
17.804: [GC 17.804: [ParNew
Desired survivor size 1343488 bytes, new threshold 4 (max 4)
- age   1:     577584 bytes,     577584 total
- age   2:     116936 bytes,     694520 total
- age   3:     245800 bytes,     940320 total
: 16392K->923K(18624K), 0.0018913 secs] 63225K->47757K(83392K), 0.0020546 secs] [Times: user=0.00 sys=0.00, real=0.00 secs] 
17.818: [GC 17.818: [ParNew
Desired survivor size 1343488 bytes, new threshold 4 (max 4)
- age   1:     540456 bytes,     540456 total
- age   2:     503888 bytes,    1044344 total
- age   3:     116936 bytes,    1161280 total
- age   4:     245800 bytes,    1407080 total
: 16889K->1381K(18624K), 0.0023371 secs] 63722K->48215K(83392K), 0.0024732 secs] [Times: user=0.00 sys=0.00, real=0.00 secs] 
17.832: [GC 17.832: [ParNew
Desired survivor size 1343488 bytes, new threshold 3 (max 4)
- age   1:     440008 bytes,     440008 total
- age   2:     460832 bytes,     900840 total
- age   3:     503888 bytes,    1404728 total
- age   4:     116936 bytes,    1521664 total
: 17341K->1488K(18624K), 0.0021690 secs] 64175K->48559K(83392K), 0.0022639 secs] [Times: user=0.00 sys=0.00, real=0.00 secs] 
17.846: [GC 17.846: [ParNew
Desired survivor size 1343488 bytes, new threshold 3 (max 4)
- age   1:     856800 bytes,     856800 total
- age   2:     201808 bytes,    1058608 total
- age   3:     460832 bytes,    1519440 total
: 17433K->1485K(18624K), 0.0026060 secs] 64504K->49106K(83392K), 0.0027092 secs] [Times: user=0.00 sys=0.00, real=0.00 secs] 
17.860: [GC 17.860: [ParNew
Desired survivor size 1343488 bytes, new threshold 2 (max 4)
- age   1:     801472 bytes,     801472 total
- age   2:     546904 bytes,    1348376 total
- age   3:     201808 bytes,    1550184 total
: 17476K->1516K(18624K), 0.0024710 secs] 65097K->49587K(83392K), 0.0025863 secs] [Times: user=0.01 sys=0.00, real=0.01 secs] 
17.874: [GC 17.874: [ParNew
Desired survivor size 1343488 bytes, new threshold 4 (max 4)
- age   1:     241752 bytes,     241752 total
- age   2:     756040 bytes,     997792 total
: 17496K->978K(18624K), 0.0024800 secs] 65567K->49592K(83392K), 0.0026102 secs] [Times: user=0.00 sys=0.00, real=0.00 secs] 
17.888: [GC 17.888: [ParNew
Desired survivor size 1343488 bytes, new threshold 3 (max 4)
- age   1:     986520 bytes,     986520 total
- age   3:     756040 bytes,    1742560 total
: 16946K->1705K(18624K), 0.0024976 secs] 65560K->50319K(83392K), 0.0025968 secs] [Times: user=0.00 sys=0.00, real=0.00 secs] 
17.901: [GC 17.901: [ParNew
Desired survivor size 1343488 bytes, new threshold 4 (max 4)
- age   1:     406240 bytes,     406240 total
- age   2:     841296 bytes,    1247536 total
: 17650K->1221K(18624K), 0.0025285 secs] 66265K->50574K(83392K), 0.0026378 secs] [Times: user=0.01 sys=0.00, real=0.01 secs] 
17.915: [GC 17.915: [ParNew
Desired survivor size 1343488 bytes, new threshold 3 (max 4)
- age   1:     478264 bytes,     478264 total
- age   2:     249736 bytes,     728000 total
- age   3:     841296 bytes,    1569296 total
: 17172K->1536K(18624K), 0.0024476 secs] 66525K->50888K(83392K), 0.0025614 secs] [Times: user=0.00 sys=0.00, real=0.00 secs] 
17.930: [GC 17.930: [ParNew
Desired survivor size 1343488 bytes, new threshold 4 (max 4)
- age   1:     390232 bytes,     390232 total
- age   2:     315280 bytes,     705512 total
- age   3:     249736 bytes,     955248 total
: 17492K->936K(18624K), 0.0024775 secs] 66844K->51110K(83392K), 0.0025909 secs] [Times: user=0.00 sys=0.00, real=0.01 secs] 
17.946: [GC 17.946: [ParNew
Desired survivor size 1343488 bytes, new threshold 4 (max 4)
- age   1:     261248 bytes,     261248 total
- age   2:     224400 bytes,     485648 total
- age   3:     268992 bytes,     754640 total
- age   4:     249736 bytes,    1004376 total
: 16936K->983K(18624K), 0.0020447 secs] 67110K->51157K(83392K), 0.0021471 secs] [Times: user=0.00 sys=0.00, real=0.00 secs] 
17.959: [GC 17.960: [ParNew
Desired survivor size 1343488 bytes, new threshold 4 (max 4)
- age   1:     149400 bytes,     149400 total
- age   2:     250568 bytes,     399968 total
- age   3:     224400 bytes,     624368 total
- age   4:     268992 bytes,     893360 total
: 16977K->875K(18624K), 0.0017214 secs] 67151K->51293K(83392K), 0.0018093 secs] [Times: user=0.00 sys=0.00, real=0.00 secs] 
17.972: [GC 17.972: [ParNew
Desired survivor size 1343488 bytes, new threshold 4 (max 4)
- age   1:     142768 bytes,     142768 total
- age   2:     138704 bytes,     281472 total
- age   3:     165176 bytes,     446648 total
- age   4:     224400 bytes,     671048 total
: 16860K->664K(18624K), 0.0022011 secs] 67278K->51345K(83392K), 0.0023691 secs] [Times: user=0.01 sys=0.00, real=0.00 secs] 
17.987: [GC 17.987: [ParNew
Desired survivor size 1343488 bytes, new threshold 4 (max 4)
- age   1:     704648 bytes,     704648 total
- age   3:     138704 bytes,     843352 total
- age   4:      79848 bytes,     923200 total
: 16596K->907K(18624K), 0.0017936 secs] 67277K->51807K(83392K), 0.0019024 secs] [Times: user=0.01 sys=0.00, real=0.00 secs] 
18.002: [GC 18.002: [ParNew
Desired survivor size 1343488 bytes, new threshold 4 (max 4)
- age   1:     591976 bytes,     591976 total
- age   2:     165920 bytes,     757896 total
- age   4:     138704 bytes,     896600 total
: 16868K->885K(18624K), 0.0015204 secs] 67768K->51862K(83392K), 0.0015939 secs] [Times: user=0.00 sys=0.00, real=0.00 secs] 
18.016: [GC 18.016: [ParNew
Desired survivor size 1343488 bytes, new threshold 4 (max 4)
- age   1:     270160 bytes,     270160 total
- age   2:     474800 bytes,     744960 total
- age   3:     165920 bytes,     910880 total
: 16874K->893K(18624K), 0.0019931 secs] 67851K->51975K(83392K), 0.0021059 secs] [Times: user=0.00 sys=0.00, real=0.00 secs] 
18.029: [GC 18.029: [ParNew
Desired survivor size 1343488 bytes, new threshold 4 (max 4)
- age   1:     173368 bytes,     173368 total
- age   2:     216104 bytes,     389472 total
- age   3:     319480 bytes,     708952 total
- age   4:     165920 bytes,     874872 total
: 16849K->857K(18624K), 0.0015370 secs] 67931K->51939K(83392K), 0.0016374 secs] [Times: user=0.00 sys=0.00, real=0.00 secs] 
18.043: [GC 18.043: [ParNew
Desired survivor size 1343488 bytes, new threshold 4 (max 4)
- age   1:     488648 bytes,     488648 total
- age   2:      56832 bytes,     545480 total
- age   3:      61424 bytes,     606904 total
- age   4:     319480 bytes,     926384 total
: 16819K->908K(18624K), 0.0014946 secs] 67901K->52152K(83392K), 0.0016076 secs] [Times: user=0.00 sys=0.00, real=0.00 secs] 
18.060: [GC 18.061: [ParNew
Desired survivor size 1343488 bytes, new threshold 4 (max 4)
- age   1:     337344 bytes,     337344 total
- age   2:     244792 bytes,     582136 total
- age   3:      56792 bytes,     638928 total
- age   4:      61424 bytes,     700352 total
: 16908K->686K(18624K), 0.0013821 secs] 68152K->52073K(83392K), 0.0014690 secs] [Times: user=0.00 sys=0.00, real=0.01 secs] 
18.073: [GC 18.073: [ParNew
Desired survivor size 1343488 bytes, new threshold 4 (max 4)
- age   1:     368080 bytes,     368080 total
- age   2:       5848 bytes,     373928 total
- age   3:     244792 bytes,     618720 total
- age   4:      56792 bytes,     675512 total
: 16659K->662K(18624K), 0.0021676 secs] 68046K->52109K(83392K), 0.0022722 secs] [Times: user=0.00 sys=0.00, real=0.00 secs] 
18.088: [GC 18.088: [ParNew
Desired survivor size 1343488 bytes, new threshold 4 (max 4)
- age   1:     491400 bytes,     491400 total
- age   2:     154040 bytes,     645440 total
- age   3:       5848 bytes,     651288 total
- age   4:     244792 bytes,     896080 total
: 16625K->877K(18624K), 0.0016986 secs] 68072K->52380K(83392K), 0.0018005 secs] [Times: user=0.00 sys=0.00, real=0.00 secs] 
18.101: [GC 18.101: [ParNew
Desired survivor size 1343488 bytes, new threshold 4 (max 4)
- age   1:     805168 bytes,     805168 total
- age   2:     251696 bytes,    1056864 total
- age   3:      69048 bytes,    1125912 total
- age   4:       5848 bytes,    1131760 total
: 16872K->1108K(18624K), 0.0020359 secs] 68375K->52849K(83392K), 0.0021364 secs] [Times: user=0.00 sys=0.00, real=0.01 secs] 
18.115: [GC 18.115: [ParNew
Desired survivor size 1343488 bytes, new threshold 3 (max 4)
- age   1:     672960 bytes,     672960 total
- age   2:     496344 bytes,    1169304 total
- age   3:     251696 bytes,    1421000 total
- age   4:      69048 bytes,    1490048 total
: 17099K->1460K(18624K), 0.0022751 secs] 68840K->53208K(83392K), 0.0024417 secs] [Times: user=0.01 sys=0.00, real=0.00 secs] 
18.128: [GC 18.129: [ParNew
Desired survivor size 1343488 bytes, new threshold 3 (max 4)
- age   1:     404600 bytes,     404600 total
- age   2:     588784 bytes,     993384 total
- age   3:     381192 bytes,    1374576 total
: 17424K->1345K(18624K), 0.0021574 secs] 69171K->53241K(83392K), 0.0022716 secs] [Times: user=0.00 sys=0.00, real=0.00 secs] 
18.149: [GC 18.149: [ParNew
Desired survivor size 1343488 bytes, new threshold 4 (max 4)
- age   1:     332904 bytes,     332904 total
- age   3:     588784 bytes,     921688 total
: 17314K->902K(18624K), 0.0019730 secs] 69210K->53169K(83392K), 0.0020692 secs] [Times: user=0.00 sys=0.00, real=0.01 secs] 
18.164: [GC 18.164: [ParNew
Desired survivor size 1343488 bytes, new threshold 4 (max 4)
- age   1:     427920 bytes,     427920 total
- age   2:     206320 bytes,     634240 total
- age   4:     510064 bytes,    1144304 total
: 16854K->1118K(18624K), 0.0015640 secs] 69122K->53386K(83392K), 0.0016658 secs] [Times: user=0.01 sys=0.00, real=0.00 secs] 
18.177: [GC 18.177: [ParNew
Desired survivor size 1343488 bytes, new threshold 3 (max 4)
- age   1:     884056 bytes,     884056 total
- age   2:     302672 bytes,    1186728 total
- age   3:     206240 bytes,    1392968 total
: 17099K->1363K(18624K), 0.0027889 secs] 69367K->54067K(83392K), 0.0029003 secs] [Times: user=0.01 sys=0.00, real=0.00 secs] 
18.192: [GC 18.193: [ParNew
Desired survivor size 1343488 bytes, new threshold 3 (max 4)
- age   1:     677192 bytes,     677192 total
- age   2:     617952 bytes,    1295144 total
- age   3:     302672 bytes,    1597816 total
: 17348K->1563K(18624K), 0.0023131 secs] 70051K->54375K(83392K), 0.0024139 secs] [Times: user=0.00 sys=0.01, real=0.00 secs] 
18.206: [GC 18.206: [ParNew
Desired survivor size 1343488 bytes, new threshold 4 (max 4)
- age   1:     159832 bytes,     159832 total
- age   2:     650184 bytes,     810016 total
- age   3:     353160 bytes,    1163176 total
: 17553K->1141K(18624K), 0.0021788 secs] 70365K->54249K(83392K), 0.0022948 secs] [Times: user=0.01 sys=0.00, real=0.00 secs] 
18.222: [GC 18.222: [ParNew
Desired survivor size 1343488 bytes, new threshold 4 (max 4)
- age   1:     377800 bytes,     377800 total
- age   2:      72728 bytes,     450528 total
- age   3:     223600 bytes,     674128 total
- age   4:     353160 bytes,    1027288 total
: 17141K->1005K(18624K), 0.0024558 secs] 70249K->54113K(83392K), 0.0025884 secs] [Times: user=0.00 sys=0.00, real=0.00 secs] 
18.236: [GC 18.236: [ParNew
Desired survivor size 1343488 bytes, new threshold 4 (max 4)
- age   1:     190248 bytes,     190248 total
- age   2:     218928 bytes,     409176 total
- age   3:      71104 bytes,     480280 total
- age   4:     223600 bytes,     703880 total
: 16991K->699K(18624K), 0.0020410 secs] 70099K->54151K(83392K), 0.0021641 secs] [Times: user=0.00 sys=0.00, real=0.00 secs] 
18.253: [GC 18.253: [ParNew
Desired survivor size 1343488 bytes, new threshold 4 (max 4)
- age   1:     878496 bytes,     878496 total
- age   2:     155496 bytes,    1033992 total
- age   3:        400 bytes,    1034392 total
- age   4:      71104 bytes,    1105496 total
: 16697K->1084K(18624K), 0.0017060 secs] 70149K->54755K(83392K), 0.0018033 secs] [Times: user=0.00 sys=0.00, real=0.00 secs] 
18.265: [GC 18.266: [ParNew
Desired survivor size 1343488 bytes, new threshold 4 (max 4)
- age   1:     344728 bytes,     344728 total
- age   2:     594696 bytes,     939424 total
- age   3:      79656 bytes,    1019080 total
- age   4:        400 bytes,    1019480 total
: 17064K->1002K(18624K), 0.0018100 secs] 70735K->54742K(83392K), 0.0019331 secs] [Times: user=0.00 sys=0.00, real=0.00 secs] 
18.279: [GC 18.279: [ParNew
Desired survivor size 1343488 bytes, new threshold 3 (max 4)
- age   1:    1060160 bytes,    1060160 total
- age   2:     236168 bytes,    1296328 total
- age   3:     436680 bytes,    1733008 total
- age   4:      79656 bytes,    1812664 total
: 16994K->1777K(18624K), 0.0026157 secs] 70734K->55518K(83392K), 0.0027543 secs] [Times: user=0.00 sys=0.00, real=0.01 secs] 
18.293: [GC 18.293: [ParNew
Desired survivor size 1343488 bytes, new threshold 2 (max 4)
- age   1:     373072 bytes,     373072 total
- age   2:     991776 bytes,    1364848 total
- age   3:     156464 bytes,    1521312 total
: 17777K->1498K(18624K), 0.0025726 secs] 71517K->55677K(83392K), 0.0026725 secs] [Times: user=0.01 sys=0.00, real=0.00 secs] 
18.307: [GC 18.307: [ParNew
Desired survivor size 1343488 bytes, new threshold 4 (max 4)
- age   1:     323368 bytes,     323368 total
- age   2:     300432 bytes,     623800 total
: 17436K->612K(18624K), 0.0022124 secs] 71614K->55758K(83392K), 0.0023325 secs] [Times: user=0.00 sys=0.00, real=0.00 secs] 
18.309: [GC [1 CMS-initial-mark: 55146K(64768K)] 55835K(83392K), 0.0006993 secs] [Times: user=0.00 sys=0.00, real=0.00 secs] 
18.310: [CMS-concurrent-mark-start]
18.328: [GC 18.328: [ParNew
Desired survivor size 1343488 bytes, new threshold 3 (max 4)
- age   1:     741272 bytes,     741272 total
- age   2:     323368 bytes,    1064640 total
- age   3:     300432 bytes,    1365072 total
: 16571K->1334K(18624K), 0.0018832 secs] 71717K->56480K(83392K), 0.0021059 secs] [Times: user=0.00 sys=0.00, real=0.00 secs] 
18.342: [GC 18.342: [ParNew
Desired survivor size 1343488 bytes, new threshold 3 (max 4)
- age   1:     570664 bytes,     570664 total
- age   2:     665248 bytes,    1235912 total
- age   3:     323368 bytes,    1559280 total
: 17333K->1524K(18624K), 0.0028744 secs] 72479K->56964K(83392K), 0.0029780 secs] [Times: user=0.01 sys=0.00, real=0.00 secs] 
18.361: [GC 18.362: [ParNew
Desired survivor size 1343488 bytes, new threshold 4 (max 4)
- age   1:     386104 bytes,     386104 total
- age   2:     484296 bytes,     870400 total
- age   3:     237520 bytes,    1107920 total
: 17516K->1084K(18624K), 0.0018862 secs] 72956K->56763K(83392K), 0.0019894 secs] [Times: user=0.00 sys=0.00, real=0.00 secs] 
18.377: [GC 18.377: [ParNew
Desired survivor size 1343488 bytes, new threshold 3 (max 4)
- age   1:     693576 bytes,     693576 total
- age   2:     378128 bytes,    1071704 total
- age   3:     484296 bytes,    1556000 total
- age   4:     237520 bytes,    1793520 total
: 17056K->1756K(18624K), 0.0021631 secs] 72735K->57435K(83392K), 0.0022557 secs] [Times: user=0.00 sys=0.00, real=0.00 secs] 
18.394: [GC 18.394: [ParNew
Desired survivor size 1343488 bytes, new threshold 4 (max 4)
- age   1:     176072 bytes,     176072 total
- age   2:     678576 bytes,     854648 total
- age   3:     216008 bytes,    1070656 total
: 17755K->1052K(18624K), 0.0022481 secs] 73434K->57436K(83392K), 0.0023898 secs] [Times: user=0.01 sys=0.00, real=0.00 secs] 
18.404: [CMS-concurrent-mark: 0.078/0.094 secs] [Times: user=0.15 sys=0.01, real=0.10 secs] 
18.404: [CMS-concurrent-preclean-start]
18.405: [CMS-concurrent-preclean: 0.001/0.001 secs] [Times: user=0.00 sys=0.00, real=0.00 secs] 
18.405: [CMS-concurrent-abortable-preclean-start]
18.409: [GC 18.409: [ParNew
Desired survivor size 1343488 bytes, new threshold 4 (max 4)
- age   1:     413288 bytes,     413288 total
- age   2:      98168 bytes,     511456 total
- age   3:     347880 bytes,     859336 total
- age   4:     216008 bytes,    1075344 total
: 17024K->1053K(18624K), 0.0020600 secs] 73407K->57436K(83392K), 0.0021549 secs] [Times: user=0.00 sys=0.00, real=0.01 secs] 
18.426: [GC 18.426: [ParNew
Desired survivor size 1343488 bytes, new threshold 4 (max 4)
- age   1:     253160 bytes,     253160 total
- age   2:      79976 bytes,     333136 total
- age   3:      98168 bytes,     431304 total
- age   4:     347880 bytes,     779184 total
: 17015K->767K(18624K), 0.0016631 secs] 73399K->57282K(83392K), 0.0017517 secs] [Times: user=0.01 sys=0.00, real=0.00 secs] 
18.442: [GC 18.442: [ParNew
Desired survivor size 1343488 bytes, new threshold 1 (max 4)
- age   1:    1462448 bytes,    1462448 total
- age   2:        704 bytes,    1463152 total
- age   3:      79976 bytes,    1543128 total
- age   4:      98168 bytes,    1641296 total
: 16759K->1605K(18624K), 0.0026771 secs] 73274K->58460K(83392K), 0.0027682 secs] [Times: user=0.01 sys=0.00, real=0.00 secs] 
18.455: [GC 18.455: [ParNew
Desired survivor size 1343488 bytes, new threshold 4 (max 4)
- age   1:     728680 bytes,     728680 total
: 17594K->715K(18624K), 0.0027241 secs] 74449K->58719K(83392K), 0.0028248 secs] [Times: user=0.00 sys=0.00, real=0.00 secs] 
18.471: [GC 18.471: [ParNew
Desired survivor size 1343488 bytes, new threshold 4 (max 4)
- age   1:     236600 bytes,     236600 total
- age   2:     620352 bytes,     856952 total
: 16655K->840K(18624K), 0.0015496 secs] 74659K->58844K(83392K), 0.0016357 secs] [Times: user=0.01 sys=0.00, real=0.01 secs] 
18.484: [GC 18.484: [ParNew
Desired survivor size 1343488 bytes, new threshold 2 (max 4)
- age   1:    1169128 bytes,    1169128 total
- age   2:     205680 bytes,    1374808 total
- age   3:     620352 bytes,    1995160 total
: 16827K->1951K(18624K), 0.0032519 secs] 74830K->59955K(83392K), 0.0033674 secs] [Times: user=0.01 sys=0.01, real=0.00 secs] 
18.500: [GC 18.500: [ParNew
Desired survivor size 1343488 bytes, new threshold 2 (max 4)
- age   1:     528360 bytes,     528360 total
- age   2:    1093840 bytes,    1622200 total
: 17935K->1587K(18624K), 0.0031538 secs] 75939K->60398K(83392K), 0.0032736 secs] [Times: user=0.00 sys=0.00, real=0.01 secs] 
18.514: [GC 18.514: [ParNew
Desired survivor size 1343488 bytes, new threshold 4 (max 4)
- age   1:     636912 bytes,     636912 total
- age   2:     286624 bytes,     923536 total
: 17570K->905K(18624K), 0.0032715 secs] 76381K->60348K(83392K), 0.0033752 secs] [Times: user=0.00 sys=0.00, real=0.00 secs] 
18.529: [GC 18.529: [ParNew
Desired survivor size 1343488 bytes, new threshold 4 (max 4)
- age   1:     189248 bytes,     189248 total
- age   2:     588544 bytes,     777792 total
- age   3:     286624 bytes,    1064416 total
: 16861K->1043K(18624K), 0.0018998 secs] 76304K->60485K(83392K), 0.0020008 secs] [Times: user=0.00 sys=0.00, real=0.00 secs] 
18.544: [GC 18.544: [ParNew
Desired survivor size 1343488 bytes, new threshold 4 (max 4)
- age   1:     374344 bytes,     374344 total
- age   2:     133600 bytes,     507944 total
- age   3:     441208 bytes,     949152 total
- age   4:     286624 bytes,    1235776 total
: 17043K->1210K(18624K), 0.0020330 secs] 76485K->60653K(83392K), 0.0021558 secs] [Times: user=0.00 sys=0.00, real=0.00 secs] 
18.559: [GC 18.559: [ParNew
Desired survivor size 1343488 bytes, new threshold 4 (max 4)
- age   1:     204528 bytes,     204528 total
- age   2:     348936 bytes,     553464 total
- age   4:     441208 bytes,     994672 total
: 17183K->974K(18624K), 0.0019327 secs] 76626K->60697K(83392K), 0.0020473 secs] [Times: user=0.01 sys=0.00, real=0.00 secs] 
18.574: [GC 18.574: [ParNew
Desired survivor size 1343488 bytes, new threshold 4 (max 4)
- age   1:     193032 bytes,     193032 total
- age   2:     103576 bytes,     296608 total
- age   3:     348936 bytes,     645544 total
: 16941K->633K(18624K), 0.0017202 secs] 76664K->60787K(83392K), 0.0018060 secs] [Times: user=0.00 sys=0.00, real=0.00 secs] 
18.587: [GC 18.587: [ParNew
Desired survivor size 1343488 bytes, new threshold 4 (max 4)
- age   1:     334472 bytes,     334472 total
- age   2:      74496 bytes,     408968 total
- age   3:     103576 bytes,     512544 total
- age   4:     197208 bytes,     709752 total
: 16487K->696K(18624K), 0.0021058 secs] 76641K->60850K(83392K), 0.0022015 secs] [Times: user=0.00 sys=0.00, real=0.00 secs] 
18.602: [GC 18.602: [ParNew
Desired survivor size 1343488 bytes, new threshold 2 (max 4)
- age   1:    1303552 bytes,    1303552 total
- age   2:      98968 bytes,    1402520 total
- age   3:      74496 bytes,    1477016 total
- age   4:     103576 bytes,    1580592 total
: 16629K->1546K(18624K), 0.0024302 secs] 76783K->61818K(83392K), 0.0025335 secs] [Times: user=0.00 sys=0.00, real=0.00 secs] 
18.618: [GC 18.618: [ParNew
Desired survivor size 1343488 bytes, new threshold 2 (max 4)
- age   1:     304216 bytes,     304216 total
- age   2:    1223944 bytes,    1528160 total
: 17504K->1495K(18624K), 0.0028845 secs] 77776K->61941K(83392K), 0.0029768 secs] [Times: user=0.01 sys=0.00, real=0.00 secs] 
18.633: [GC 18.633: [ParNew
Desired survivor size 1343488 bytes, new threshold 4 (max 4)
- age   1:     617768 bytes,     617768 total
- age   2:     249808 bytes,     867576 total
: 17485K->850K(18624K), 0.0024413 secs] 77931K->61772K(83392K), 0.0025386 secs] [Times: user=0.00 sys=0.00, real=0.00 secs] 
18.647: [GC 18.647: [ParNew
Desired survivor size 1343488 bytes, new threshold 3 (max 4)
- age   1:     628312 bytes,     628312 total
- age   2:     533424 bytes,    1161736 total
- age   3:     249808 bytes,    1411544 total
: 16766K->1381K(18624K), 0.0020824 secs] 77689K->62303K(83392K), 0.0021930 secs] [Times: user=0.00 sys=0.00, real=0.00 secs] 
18.661: [GC 18.661: [ParNew
Desired survivor size 1343488 bytes, new threshold 4 (max 4)
- age   1:     443360 bytes,     443360 total
- age   2:     375384 bytes,     818744 total
- age   3:     360536 bytes,    1179280 total
: 17381K->1154K(18624K), 0.0018570 secs] 78303K->62076K(83392K), 0.0019589 secs] [Times: user=0.01 sys=0.00, real=0.01 secs] 
18.675: [GC 18.675: [ParNew
Desired survivor size 1343488 bytes, new threshold 2 (max 4)
- age   1:     958568 bytes,     958568 total
- age   2:     443176 bytes,    1401744 total
- age   3:     375384 bytes,    1777128 total
- age   4:     204048 bytes,    1981176 total
: 17147K->1937K(18624K), 0.0027076 secs] 78070K->62859K(83392K), 0.0029346 secs] [Times: user=0.00 sys=0.00, real=0.00 secs] 
18.691: [GC 18.691: [ParNew
Desired survivor size 1343488 bytes, new threshold 4 (max 4)
- age   1:     203272 bytes,     203272 total
- age   2:     882400 bytes,    1085672 total
: 17925K->1062K(18624K), 0.0026590 secs] 78848K->62983K(83392K), 0.0027730 secs] [Times: user=0.00 sys=0.00, real=0.01 secs] 
18.705: [GC 18.705: [ParNew
Desired survivor size 1343488 bytes, new threshold 4 (max 4)
- age   1:     337168 bytes,     337168 total
- age   2:      94800 bytes,     431968 total
- age   3:     643656 bytes,    1075624 total
: 17056K->1057K(18624K), 0.0017822 secs] 78977K->62978K(83392K), 0.0018755 secs] [Times: user=0.01 sys=0.00, real=0.00 secs] 
18.724: [GC 18.724: [ParNew
Desired survivor size 1343488 bytes, new threshold 4 (max 4)
- age   1:     874832 bytes,     874832 total
- age   2:     312136 bytes,    1186968 total
- age   3:      94800 bytes,    1281768 total
- age   4:     643656 bytes,    1925424 total
: 17051K->1889K(18624K), 0.0030104 secs] 78972K->63810K(83392K), 0.0031324 secs] [Times: user=0.00 sys=0.00, real=0.00 secs] 
18.743: [GC 18.743: [ParNew
Desired survivor size 1343488 bytes, new threshold 2 (max 4)
- age   1:     893088 bytes,     893088 total
- age   2:     809424 bytes,    1702512 total
- age   3:     162432 bytes,    1864944 total
- age   4:       7384 bytes,    1872328 total
: 17878K->1834K(18624K), 0.0029673 secs] 79799K->64215K(83392K), 0.0030822 secs] [Times: user=0.00 sys=0.00, real=0.00 secs] 
18.761: [GC 18.761: [ParNew
Desired survivor size 1343488 bytes, new threshold 4 (max 4)
- age   1:     690536 bytes,     690536 total
- age   2:     537640 bytes,    1228176 total
: 17785K->1207K(18624K), 0.0027776 secs] 80166K->64386K(83392K), 0.0028961 secs] [Times: user=0.01 sys=0.00, real=0.01 secs] 
18.776: [GC 18.777: [ParNew
Desired survivor size 1343488 bytes, new threshold 3 (max 4)
- age   1:     692104 bytes,     692104 total
- age   2:     591776 bytes,    1283880 total
- age   3:     451160 bytes,    1735040 total
: 17168K->1696K(18624K), 0.0023534 secs] 80347K->64874K(83392K), 0.0024738 secs] [Times: user=0.00 sys=0.00, real=0.00 secs] 
18.793: [GC 18.793: [ParNew
Desired survivor size 1343488 bytes, new threshold 3 (max 4)
- age   1:     311736 bytes,     311736 total
- age   2:     534952 bytes,     846688 total
- age   3:     591776 bytes,    1438464 total
: 17644K->1405K(18624K), 0.0023337 secs] 80823K->64828K(83392K), 0.0024682 secs] [Times: user=0.00 sys=0.00, real=0.00 secs] 
18.811: [GC 18.812: [ParNew
Desired survivor size 1343488 bytes, new threshold 4 (max 4)
- age   1:     474464 bytes,     474464 total
- age   2:     140768 bytes,     615232 total
- age   3:     534952 bytes,    1150184 total
: 17402K->1128K(18624K), 0.0022250 secs] 80825K->65129K(83392K), 0.0023650 secs] [Times: user=0.00 sys=0.00, real=0.00 secs] 
18.814: [CMS-concurrent-abortable-preclean: 0.014/0.408 secs] [Times: user=0.61 sys=0.03, real=0.41 secs] 
18.819: [GC[YG occupancy: 7200 K (18624 K)]18.819: [Rescan (parallel) , 0.0011385 secs]18.820: [weak refs processing, 0.0000060 secs] [1 CMS-remark: 64000K(64768K)] 71201K(83392K), 0.0012200 secs] [Times: user=0.00 sys=0.00, real=0.00 secs] 
18.820: [CMS-concurrent-sweep-start]
18.828: [Full GC 18.828: [CMS18.833: [CMS-concurrent-sweep: 0.012/0.012 secs] [Times: user=0.02 sys=0.00, real=0.02 secs] 
 (concurrent mode failure): 63985K->7951K(64768K), 0.0895496 secs] 81101K->7951K(83392K), [CMS Perm : 10696K->10696K(21248K)], 0.0896445 secs] [Times: user=0.09 sys=0.00, real=0.09 secs] 
18.930: [GC 18.930: [ParNew
Desired survivor size 1343488 bytes, new threshold 4 (max 4)
- age   1:     455408 bytes,     455408 total
: 15951K->455K(18624K), 0.0014630 secs] 23903K->8407K(83392K), 0.0015688 secs] [Times: user=0.00 sys=0.00, real=0.01 secs] 
18.947: [GC 18.947: [ParNew
Desired survivor size 1343488 bytes, new threshold 4 (max 4)
- age   1:     552008 bytes,     552008 total
- age   2:     287984 bytes,     839992 total
: 16450K->822K(18624K), 0.0011125 secs] 24402K->8774K(83392K), 0.0011917 secs] [Times: user=0.00 sys=0.00, real=0.00 secs] 
18.961: [GC 18.961: [ParNew
Desired survivor size 1343488 bytes, new threshold 4 (max 4)
- age   1:     564344 bytes,     564344 total
- age   2:     465632 bytes,    1029976 total
- age   3:     287944 bytes,    1317920 total
: 16798K->1292K(18624K), 0.0016061 secs] 24750K->9244K(83392K), 0.0017033 secs] [Times: user=0.01 sys=0.00, real=0.01 secs] 
18.974: [GC 18.974: [ParNew
Desired survivor size 1343488 bytes, new threshold 4 (max 4)
- age   1:     303536 bytes,     303536 total
- age   2:     452816 bytes,     756352 total
- age   3:     465632 bytes,    1221984 total
- age   4:     261304 bytes,    1483288 total
: 17250K->1455K(18624K), 0.0021291 secs] 25202K->9407K(83392K), 0.0022410 secs] [Times: user=0.00 sys=0.00, real=0.00 secs] 
18.992: [GC 18.992: [ParNew
Desired survivor size 1343488 bytes, new threshold 4 (max 4)
- age   1:     565776 bytes,     565776 total
- age   2:      65304 bytes,     631080 total
- age   3:     326472 bytes,     957552 total
- age   4:     462704 bytes,    1420256 total
: 17433K->1393K(18624K), 0.0019603 secs] 25385K->9466K(83392K), 0.0020908 secs] [Times: user=0.00 sys=0.00, real=0.00 secs] 
19.009: [GC 19.009: [ParNew
Desired survivor size 1343488 bytes, new threshold 4 (max 4)
- age   1:     347536 bytes,     347536 total
- age   2:     553440 bytes,     900976 total
- age   4:     326472 bytes,    1227448 total
: 17382K->1206K(18624K), 0.0022116 secs] 25454K->9600K(83392K), 0.0023186 secs] [Times: user=0.00 sys=0.00, real=0.01 secs] 
19.024: [GC 19.024: [ParNew
Desired survivor size 1343488 bytes, new threshold 4 (max 4)
- age   1:     248472 bytes,     248472 total
- age   2:     277544 bytes,     526016 total
- age   3:     553440 bytes,    1079456 total
: 17199K->1058K(18624K), 0.0018321 secs] 25593K->9771K(83392K), 0.0021372 secs] [Times: user=0.00 sys=0.00, real=0.00 secs] 
19.040: [GC 19.040: [ParNew
Desired survivor size 1343488 bytes, new threshold 4 (max 4)
- age   1:     410632 bytes,     410632 total
- age   2:     172560 bytes,     583192 total
- age   3:       6560 bytes,     589752 total
- age   4:     466656 bytes,    1056408 total
: 17035K->1034K(18624K), 0.0013404 secs] 25747K->9747K(83392K), 0.0014255 secs] [Times: user=0.01 sys=0.00, real=0.01 secs] 
19.053: [GC 19.054: [ParNew
Desired survivor size 1343488 bytes, new threshold 4 (max 4)
- age   1:     105088 bytes,     105088 total
- age   2:     323224 bytes,     428312 total
- age   3:     172560 bytes,     600872 total
- age   4:       4760 bytes,     605632 total
: 17020K->597K(18624K), 0.0015171 secs] 25732K->9765K(83392K), 0.0015907 secs] [Times: user=0.00 sys=0.00, real=0.00 secs] 
19.067: [GC 19.067: [ParNew
Desired survivor size 1343488 bytes, new threshold 4 (max 4)
- age   1:     577296 bytes,     577296 total
- age   2:       6512 bytes,     583808 total
- age   3:     323224 bytes,     907032 total
- age   4:     172560 bytes,    1079592 total
: 16572K->1058K(18624K), 0.0015067 secs] 25740K->10231K(83392K), 0.0016182 secs] [Times: user=0.00 sys=0.00, real=0.00 secs] 
19.080: [GC 19.080: [ParNew
Desired survivor size 1343488 bytes, new threshold 4 (max 4)
- age   1:     388488 bytes,     388488 total
- age   2:     447440 bytes,     835928 total
- age   3:       6512 bytes,     842440 total
- age   4:     323224 bytes,    1165664 total
: 17041K->1143K(18624K), 0.0016886 secs] 26214K->10484K(83392K), 0.0018095 secs] [Times: user=0.00 sys=0.00, real=0.01 secs] 
19.099: [GC 19.099: [ParNew
Desired survivor size 1343488 bytes, new threshold 4 (max 4)
- age   1:     226448 bytes,     226448 total
- age   2:     120848 bytes,     347296 total
- age   3:     373760 bytes,     721056 total
- age   4:       6472 bytes,     727528 total
: 17143K->712K(18624K), 0.0011510 secs] 26484K->10304K(83392K), 0.0012252 secs] [Times: user=0.00 sys=0.00, real=0.00 secs] 
19.113: [GC 19.113: [ParNew
Desired survivor size 1343488 bytes, new threshold 4 (max 4)
- age   1:     161200 bytes,     161200 total
- age   2:     150600 bytes,     311800 total
- age   3:      63096 bytes,     374896 total
- age   4:     373760 bytes,     748656 total
: 16707K->738K(18624K), 0.0014221 secs] 26300K->10336K(83392K), 0.0015146 secs] [Times: user=0.00 sys=0.00, real=0.00 secs] 
19.126: [GC 19.126: [ParNew
Desired survivor size 1343488 bytes, new threshold 4 (max 4)
- age   1:     190400 bytes,     190400 total
- age   2:      88904 bytes,     279304 total
- age   3:     150600 bytes,     429904 total
: 16737K->425K(18624K), 0.0012043 secs] 26336K->10389K(83392K), 0.0012910 secs] [Times: user=0.00 sys=0.00, real=0.00 secs] 
19.145: [GC 19.145: [ParNew
Desired survivor size 1343488 bytes, new threshold 4 (max 4)
- age   1:     357576 bytes,     357576 total
- age   2:      67232 bytes,     424808 total
- age   3:      10216 bytes,     435024 total
- age   4:     149896 bytes,     584920 total
: 16425K->586K(18624K), 0.0012689 secs] 26389K->10550K(83392K), 0.0013505 secs] [Times: user=0.00 sys=0.00, real=0.00 secs] 
19.161: [GC 19.161: [ParNew
Desired survivor size 1343488 bytes, new threshold 4 (max 4)
- age   1:     257448 bytes,     257448 total
- age   2:      89976 bytes,     347424 total
- age   3:      67232 bytes,     414656 total
- age   4:      10184 bytes,     424840 total
: 16576K->423K(18624K), 0.0012237 secs] 26539K->10533K(83392K), 0.0013138 secs] [Times: user=0.00 sys=0.00, real=0.01 secs] 
19.173: [GC 19.173: [ParNew
Desired survivor size 1343488 bytes, new threshold 4 (max 4)
- age   1:     783728 bytes,     783728 total
- age   2:      79704 bytes,     863432 total
- age   3:      89976 bytes,     953408 total
- age   4:      67232 bytes,    1020640 total
: 16387K->1005K(18624K), 0.0022827 secs] 26497K->11125K(83392K), 0.0024399 secs] [Times: user=0.00 sys=0.00, real=0.00 secs] 
19.188: [GC 19.188: [ParNew
Desired survivor size 1343488 bytes, new threshold 4 (max 4)
- age   1:     565840 bytes,     565840 total
- age   2:     649168 bytes,    1215008 total
- age   3:         32 bytes,    1215040 total
- age   4:      89976 bytes,    1305016 total
: 16989K->1277K(18624K), 0.0018272 secs] 27109K->11462K(83392K), 0.0019251 secs] [Times: user=0.00 sys=0.00, real=0.00 secs] 
19.202: [GC 19.202: [ParNew
Desired survivor size 1343488 bytes, new threshold 4 (max 4)
- age   1:     543776 bytes,     543776 total
- age   2:     312376 bytes,     856152 total
- age   3:     210896 bytes,    1067048 total
- age   4:         32 bytes,    1067080 total
: 17252K->1045K(18624K), 0.0013920 secs] 27438K->11319K(83392K), 0.0015171 secs] [Times: user=0.00 sys=0.00, real=0.00 secs] 
19.214: [GC 19.214: [ParNew
Desired survivor size 1343488 bytes, new threshold 4 (max 4)
- age   1:     190080 bytes,     190080 total
- age   2:     464792 bytes,     654872 total
- age   3:     312376 bytes,     967248 total
- age   4:     210896 bytes,    1178144 total
: 17022K->1152K(18624K), 0.0016979 secs] 27296K->11425K(83392K), 0.0018505 secs] [Times: user=0.00 sys=0.00, real=0.00 secs] 
19.228: [GC 19.228: [ParNew
Desired survivor size 1343488 bytes, new threshold 4 (max 4)
- age   1:     885888 bytes,     885888 total
- age   2:      25376 bytes,     911264 total
- age   4:     312376 bytes,    1223640 total
: 17087K->1196K(18624K), 0.0016916 secs] 27360K->11676K(83392K), 0.0017903 secs] [Times: user=0.01 sys=0.00, real=0.00 secs] 
19.242: [GC 19.242: [ParNew
Desired survivor size 1343488 bytes, new threshold 4 (max 4)
- age   1:     545952 bytes,     545952 total
- age   2:     542944 bytes,    1088896 total
- age   3:      25376 bytes,    1114272 total
: 17182K->1089K(18624K), 0.0019068 secs] 27661K->11874K(83392K), 0.0020137 secs] [Times: user=0.00 sys=0.00, real=0.00 secs] 
19.255: [GC 19.255: [ParNew
Desired survivor size 1343488 bytes, new threshold 4 (max 4)
- age   1:     387720 bytes,     387720 total
- age   2:     498392 bytes,     886112 total
- age   3:     131968 bytes,    1018080 total
- age   4:      25376 bytes,    1043456 total
: 17014K->1022K(18624K), 0.0017769 secs] 27799K->11807K(83392K), 0.0018799 secs] [Times: user=0.00 sys=0.00, real=0.00 secs] 
19.269: [GC 19.269: [ParNew
Desired survivor size 1343488 bytes, new threshold 4 (max 4)
- age   1:     241096 bytes,     241096 total
- age   2:     250504 bytes,     491600 total
- age   3:     199592 bytes,     691192 total
- age   4:     131968 bytes,     823160 total
: 16921K->807K(18624K), 0.0014637 secs] 27705K->11616K(83392K), 0.0015522 secs] [Times: user=0.00 sys=0.00, real=0.00 secs] 
19.282: [GC 19.282: [ParNew
Desired survivor size 1343488 bytes, new threshold 4 (max 4)
- age   1:     406968 bytes,     406968 total
- age   2:      58480 bytes,     465448 total
- age   3:      84544 bytes,     549992 total
- age   4:     199592 bytes,     749584 total
: 16738K->735K(18624K), 0.0014910 secs] 27547K->11673K(83392K), 0.0016027 secs] [Times: user=0.00 sys=0.00, real=0.00 secs] 
19.295: [GC 19.296: [ParNew
Desired survivor size 1343488 bytes, new threshold 4 (max 4)
- age   1:     836176 bytes,     836176 total
- age   4:      84544 bytes,     920720 total
: 16709K->902K(18624K), 0.0020196 secs] 27647K->12035K(83392K), 0.0021329 secs] [Times: user=0.00 sys=0.00, real=0.00 secs] 
19.309: [GC 19.310: [ParNew
Desired survivor size 1343488 bytes, new threshold 4 (max 4)
- age   1:     358008 bytes,     358008 total
- age   2:     568496 bytes,     926504 total
: 16788K->908K(18624K), 0.0014617 secs] 27921K->12123K(83392K), 0.0015853 secs] [Times: user=0.00 sys=0.00, real=0.00 secs] 
19.323: [GC 19.324: [ParNew
Desired survivor size 1343488 bytes, new threshold 4 (max 4)
- age   1:     476056 bytes,     476056 total
- age   2:     202784 bytes,     678840 total
- age   3:     153184 bytes,     832024 total
: 16878K->815K(18624K), 0.0012950 secs] 28094K->12031K(83392K), 0.0014342 secs] [Times: user=0.00 sys=0.00, real=0.00 secs] 
19.338: [GC 19.338: [ParNew
Desired survivor size 1343488 bytes, new threshold 4 (max 4)
- age   1:     660696 bytes,     660696 total
- age   2:     393032 bytes,    1053728 total
- age   3:      78704 bytes,    1132432 total
- age   4:     153184 bytes,    1285616 total
: 16781K->1258K(18624K), 0.0015730 secs] 27997K->12474K(83392K), 0.0016620 secs] [Times: user=0.01 sys=0.00, real=0.00 secs] 
19.355: [GC 19.355: [ParNew
Desired survivor size 1343488 bytes, new threshold 4 (max 4)
- age   1:     561208 bytes,     561208 total
- age   2:     338752 bytes,     899960 total
- age   3:      79704 bytes,     979664 total
- age   4:      78704 bytes,    1058368 total
: 17204K->1036K(18624K), 0.0015127 secs] 28420K->12401K(83392K), 0.0016365 secs] [Times: user=0.01 sys=0.00, real=0.00 secs] 
19.372: [GC 19.372: [ParNew
Desired survivor size 1343488 bytes, new threshold 4 (max 4)
- age   1:     220920 bytes,     220920 total
- age   2:     396456 bytes,     617376 total
- age   3:     338752 bytes,     956128 total
- age   4:      79704 bytes,    1035832 total
: 17035K->1012K(18624K), 0.0013679 secs] 28400K->12454K(83392K), 0.0015211 secs] [Times: user=0.00 sys=0.00, real=0.00 secs] 
19.385: [GC 19.386: [ParNew
Desired survivor size 1343488 bytes, new threshold 4 (max 4)
- age   1:     234824 bytes,     234824 total
- age   2:     187568 bytes,     422392 total
- age   3:     327264 bytes,     749656 total
- age   4:     338752 bytes,    1088408 total
: 16958K->1063K(18624K), 0.0023678 secs] 28400K->12583K(83392K), 0.0024659 secs] [Times: user=0.00 sys=0.00, real=0.00 secs] 
19.400: [GC 19.400: [ParNew
Desired survivor size 1343488 bytes, new threshold 4 (max 4)
- age   1:     453264 bytes,     453264 total
- age   2:      72728 bytes,     525992 total
- age   3:      45456 bytes,     571448 total
- age   4:     164080 bytes,     735528 total
: 17014K->722K(18624K), 0.0013345 secs] 28534K->12572K(83392K), 0.0014427 secs] [Times: user=0.00 sys=0.00, real=0.01 secs] 
19.414: [GC 19.414: [ParNew
Desired survivor size 1343488 bytes, new threshold 4 (max 4)
- age   1:     288352 bytes,     288352 total
- age   2:     168248 bytes,     456600 total
- age   3:      72728 bytes,     529328 total
- age   4:      44968 bytes,     574296 total
: 16722K->561K(18624K), 0.0015448 secs] 28572K->12572K(83392K), 0.0016479 secs] [Times: user=0.00 sys=0.00, real=0.00 secs] 
19.430: [GC 19.430: [ParNew
Desired survivor size 1343488 bytes, new threshold 4 (max 4)
- age   1:     386840 bytes,     386840 total
- age   2:       4128 bytes,     390968 total
- age   3:     104912 bytes,     495880 total
- age   4:      72728 bytes,     568608 total
: 16518K->559K(18624K), 0.0010422 secs] 28529K->12614K(83392K), 0.0011242 secs] [Times: user=0.00 sys=0.00, real=0.00 secs] 
19.445: [GC 19.446: [ParNew
Desired survivor size 1343488 bytes, new threshold 4 (max 4)
- age   1:     653936 bytes,     653936 total
- age   2:     200328 bytes,     854264 total
- age   3:       3040 bytes,     857304 total
- age   4:        320 bytes,     857624 total
: 16556K->840K(18624K), 0.0012928 secs] 28611K->12966K(83392K), 0.0013829 secs] [Times: user=0.01 sys=0.00, real=0.00 secs] 
19.458: [GC 19.458: [ParNew
Desired survivor size 1343488 bytes, new threshold 2 (max 4)
- age   1:    1010240 bytes,    1010240 total
- age   2:     543832 bytes,    1554072 total
- age   3:     200328 bytes,    1754400 total
- age   4:       3040 bytes,    1757440 total
: 16810K->1722K(18624K), 0.0019358 secs] 28936K->13848K(83392K), 0.0020330 secs] [Times: user=0.00 sys=0.00, real=0.00 secs] 
19.472: [GC 19.472: [ParNew
Desired survivor size 1343488 bytes, new threshold 2 (max 4)
- age   1:     568864 bytes,     568864 total
- age   2:     792032 bytes,    1360896 total
: 17663K->1342K(18624K), 0.0024075 secs] 29789K->14200K(83392K), 0.0025148 secs] [Times: user=0.00 sys=0.00, real=0.00 secs] 
19.486: [GC 19.486: [ParNew
Desired survivor size 1343488 bytes, new threshold 4 (max 4)
- age   1:     544776 bytes,     544776 total
- age   2:     504248 bytes,    1049024 total
: 17311K->1026K(18624K), 0.0041825 secs] 30168K->14430K(83392K), 0.0042826 secs] [Times: user=0.01 sys=0.00, real=0.00 secs] 
19.506: [GC 19.506: [ParNew
Desired survivor size 1343488 bytes, new threshold 3 (max 4)
- age   1:     942392 bytes,     942392 total
- age   2:     308704 bytes,    1251096 total
- age   3:     336560 bytes,    1587656 total
: 17026K->1552K(18624K), 0.0027977 secs] 30430K->14956K(83392K), 0.0028948 secs] [Times: user=0.00 sys=0.01, real=0.00 secs] 
19.520: [GC 19.520: [ParNew
Desired survivor size 1343488 bytes, new threshold 3 (max 4)
- age   1:     306240 bytes,     306240 total
- age   2:     922264 bytes,    1228504 total
- age   3:     295864 bytes,    1524368 total
: 17547K->1490K(18624K), 0.0023211 secs] 30952K->15141K(83392K), 0.0024450 secs] [Times: user=0.00 sys=0.00, real=0.01 secs] 
19.534: [GC 19.535: [ParNew
Desired survivor size 1343488 bytes, new threshold 3 (max 4)
- age   1:     238144 bytes,     238144 total
- age   2:     275968 bytes,     514112 total
- age   3:     922264 bytes,    1436376 total
: 17485K->1404K(18624K), 0.0022595 secs] 31136K->15192K(83392K), 0.0026327 secs] [Times: user=0.00 sys=0.00, real=0.00 secs] 
19.554: [GC 19.554: [ParNew
Desired survivor size 1343488 bytes, new threshold 4 (max 4)
- age   1:     335912 bytes,     335912 total
- age   2:      75832 bytes,     411744 total
- age   3:      20024 bytes,     431768 total
: 17404K->424K(18624K), 0.0016028 secs] 31192K->14875K(83392K), 0.0016930 secs] [Times: user=0.01 sys=0.00, real=0.00 secs] 
19.569: [GC 19.569: [ParNew
Desired survivor size 1343488 bytes, new threshold 4 (max 4)
- age   1:     701936 bytes,     701936 total
- age   2:     250024 bytes,     951960 total
- age   3:        416 bytes,     952376 total
- age   4:      20024 bytes,     972400 total
: 16423K->951K(18624K), 0.0014150 secs] 30874K->15402K(83392K), 0.0015111 secs] [Times: user=0.00 sys=0.00, real=0.00 secs] 
19.582: [GC 19.583: [ParNew
Desired survivor size 1343488 bytes, new threshold 2 (max 4)
- age   1:     778072 bytes,     778072 total
- age   2:     634256 bytes,    1412328 total
- age   3:     250024 bytes,    1662352 total
- age   4:        416 bytes,    1662768 total
: 16935K->1630K(18624K), 0.0022773 secs] 31386K->16081K(83392K), 0.0023930 secs] [Times: user=0.00 sys=0.00, real=0.00 secs] 
19.596: [GC 19.596: [ParNew
Desired survivor size 1343488 bytes, new threshold 4 (max 4)
- age   1:     444968 bytes,     444968 total
- age   2:     451864 bytes,     896832 total
: 17627K->881K(18624K), 0.0025446 secs] 32078K->16196K(83392K), 0.0026471 secs] [Times: user=0.00 sys=0.00, real=0.00 secs] 
19.613: [GC 19.613: [ParNew
Desired survivor size 1343488 bytes, new threshold 4 (max 4)
- age   1:     330952 bytes,     330952 total
- age   2:     327840 bytes,     658792 total
- age   3:     280040 bytes,     938832 total
: 16881K->919K(18624K), 0.0015142 secs] 32196K->16234K(83392K), 0.0016086 secs] [Times: user=0.01 sys=0.00, real=0.00 secs] 
19.629: [GC 19.629: [ParNew
Desired survivor size 1343488 bytes, new threshold 4 (max 4)
- age   1:     659208 bytes,     659208 total
- age   2:      70544 bytes,     729752 total
- age   3:      46832 bytes,     776584 total
- age   4:     280040 bytes,    1056624 total
: 16919K->1036K(18624K), 0.0023206 secs] 32234K->16351K(83392K), 0.0024222 secs] [Times: user=0.01 sys=0.00, real=0.00 secs] 
19.645: [GC 19.645: [ParNew
Desired survivor size 1343488 bytes, new threshold 4 (max 4)
- age   1:     468360 bytes,     468360 total
- age   2:     486384 bytes,     954744 total
- age   3:       3520 bytes,     958264 total
- age   4:      46832 bytes,    1005096 total
: 17034K->985K(18624K), 0.0036365 secs] 32349K->16573K(83392K), 0.0037524 secs] [Times: user=0.00 sys=0.00, real=0.00 secs] 
19.663: [GC 19.663: [ParNew
Desired survivor size 1343488 bytes, new threshold 4 (max 4)
- age   1:     252192 bytes,     252192 total
- age   2:     449720 bytes,     701912 total
- age   3:     228584 bytes,     930496 total
- age   4:       3520 bytes,     934016 total
: 16931K->925K(18624K), 0.0014866 secs] 32520K->16559K(83392K), 0.0015807 secs] [Times: user=0.00 sys=0.00, real=0.00 secs] 
19.696: [GC 19.696: [ParNew
Desired survivor size 1343488 bytes, new threshold 4 (max 4)
- age   1:     629744 bytes,     629744 total
- age   2:     220576 bytes,     850320 total
- age   3:     180544 bytes,    1030864 total
- age   4:      90728 bytes,    1121592 total
: 16886K->1096K(18624K), 0.0018139 secs] 32521K->16734K(83392K), 0.0019372 secs] [Times: user=0.00 sys=0.00, real=0.00 secs] 
19.715: [GC 19.715: [ParNew
Desired survivor size 1343488 bytes, new threshold 4 (max 4)
- age   1:     383024 bytes,     383024 total
- age   2:     138560 bytes,     521584 total
- age   3:     180512 bytes,     702096 total
- age   4:     180504 bytes,     882600 total
: 17053K->872K(18624K), 0.0046524 secs] 32691K->16520K(83392K), 0.0047431 secs] [Times: user=0.01 sys=0.00, real=0.00 secs] 
19.731: [GC 19.731: [ParNew
Desired survivor size 1343488 bytes, new threshold 4 (max 4)
- age   1:     648496 bytes,     648496 total
- age   2:     305928 bytes,     954424 total
- age   3:        704 bytes,     955128 total
- age   4:     180512 bytes,    1135640 total
: 16848K->1111K(18624K), 0.0035798 secs] 32496K->16935K(83392K), 0.0037460 secs] [Times: user=0.00 sys=0.00, real=0.01 secs] 
19.753: [GC 19.754: [ParNew
Desired survivor size 1343488 bytes, new threshold 4 (max 4)
- age   1:     195912 bytes,     195912 total
- age   2:     554120 bytes,     750032 total
- age   3:     225776 bytes,     975808 total
- age   4:        704 bytes,     976512 total
: 17012K->956K(18624K), 0.0017748 secs] 32836K->16957K(83392K), 0.0018690 secs] [Times: user=0.00 sys=0.00, real=0.00 secs] 
19.789: [GC 19.789: [ParNew
Desired survivor size 1343488 bytes, new threshold 4 (max 4)
- age   1:     556736 bytes,     556736 total
- age   3:     400544 bytes,     957280 total
- age   4:      67488 bytes,    1024768 total
: 16945K->1003K(18624K), 0.0030349 secs] 32946K->17004K(83392K), 0.0031198 secs] [Times: user=0.00 sys=0.00, real=0.01 secs] 
19.811: [GC 19.811: [ParNew
Desired survivor size 1343488 bytes, new threshold 4 (max 4)
- age   1:     439912 bytes,     439912 total
- age   2:     302664 bytes,     742576 total
- age   4:     400544 bytes,    1143120 total
: 17003K->1128K(18624K), 0.0025817 secs] 33004K->17194K(83392K), 0.0026720 secs] [Times: user=0.00 sys=0.00, real=0.01 secs] 
19.831: [GC 19.832: [ParNew
Desired survivor size 1343488 bytes, new threshold 4 (max 4)
- age   1:     370344 bytes,     370344 total
- age   2:     333928 bytes,     704272 total
- age   3:     218960 bytes,     923232 total
: 17128K->926K(18624K), 0.0025161 secs] 33194K->17383K(83392K), 0.0026371 secs] [Times: user=0.01 sys=0.00, real=0.01 secs] 
19.851: [GC 19.851: [ParNew
Desired survivor size 1343488 bytes, new threshold 4 (max 4)
- age   1:     576360 bytes,     576360 total
- age   2:     275352 bytes,     851712 total
- age   3:     333928 bytes,    1185640 total
- age   4:     198856 bytes,    1384496 total
: 16909K->1393K(18624K), 0.0029140 secs] 33367K->17851K(83392K), 0.0030119 secs] [Times: user=0.00 sys=0.00, real=0.01 secs] 
19.869: [GC 19.869: [ParNew
Desired survivor size 1343488 bytes, new threshold 4 (max 4)
- age   1:     768120 bytes,     768120 total
- age   2:     261256 bytes,    1029376 total
- age   3:     186392 bytes,    1215768 total
- age   4:     202248 bytes,    1418016 total
: 17385K->1404K(18624K), 0.0031281 secs] 33842K->18055K(83392K), 0.0032292 secs] [Times: user=0.00 sys=0.00, real=0.01 secs] 
19.887: [GC 19.887: [ParNew
Desired survivor size 1343488 bytes, new threshold 4 (max 4)
- age   1:     531360 bytes,     531360 total
- age   2:     133648 bytes,     665008 total
- age   3:     261256 bytes,     926264 total
- age   4:     186392 bytes,    1112656 total
: 17319K->1131K(18624K), 0.0016907 secs] 33971K->17981K(83392K), 0.0017968 secs] [Times: user=0.01 sys=0.00, real=0.00 secs] 
19.906: [GC 19.906: [ParNew
Desired survivor size 1343488 bytes, new threshold 4 (max 4)
- age   1:     495056 bytes,     495056 total
- age   2:     526288 bytes,    1021344 total
- age   3:     133648 bytes,    1154992 total
- age   4:     261256 bytes,    1416248 total
: 17106K->1415K(18624K), 0.0048141 secs] 33955K->18446K(83392K), 0.0049330 secs] [Times: user=0.00 sys=0.00, real=0.00 secs] 
19.924: [GC 19.924: [ParNew
Desired survivor size 1343488 bytes, new threshold 4 (max 4)
- age   1:     317392 bytes,     317392 total
- age   2:     440816 bytes,     758208 total
- age   3:     446032 bytes,    1204240 total
- age   4:     133648 bytes,    1337888 total
: 17399K->1308K(18624K), 0.0029310 secs] 34431K->18595K(83392K), 0.0030261 secs] [Times: user=0.01 sys=0.00, real=0.00 secs] 
19.941: [GC 19.941: [ParNew
Desired survivor size 1343488 bytes, new threshold 4 (max 4)
- age   1:     644176 bytes,     644176 total
- age   2:     281888 bytes,     926064 total
- age   3:     242320 bytes,    1168384 total
- age   4:      92144 bytes,    1260528 total
: 17274K->1234K(18624K), 0.0027397 secs] 34560K->18651K(83392K), 0.0029647 secs] [Times: user=0.00 sys=0.00, real=0.01 secs] 
19.956: [GC 19.956: [ParNew
Desired survivor size 1343488 bytes, new threshold 4 (max 4)
- age   1:     210128 bytes,     210128 total
- age   2:     412264 bytes,     622392 total
- age   3:     281888 bytes,     904280 total
- age   4:     242320 bytes,    1146600 total
: 17225K->1123K(18624K), 0.0023773 secs] 34642K->18540K(83392K), 0.0024730 secs] [Times: user=0.01 sys=0.00, real=0.00 secs] 
19.971: [GC 19.971: [ParNew
Desired survivor size 1343488 bytes, new threshold 4 (max 4)
- age   1:     304360 bytes,     304360 total
- age   2:     129856 bytes,     434216 total
- age   3:     297856 bytes,     732072 total
- age   4:     111552 bytes,     843624 total
: 17113K->828K(18624K), 0.0026357 secs] 34530K->18482K(83392K), 0.0027263 secs] [Times: user=0.01 sys=0.00, real=0.01 secs] 
19.987: [GC 19.987: [ParNew
Desired survivor size 1343488 bytes, new threshold 4 (max 4)
- age   1:     563000 bytes,     563000 total
- age   2:     136960 bytes,     699960 total
- age   3:      28080 bytes,     728040 total
- age   4:     243440 bytes,     971480 total
: 16794K->950K(18624K), 0.0019626 secs] 34448K->18712K(83392K), 0.0024520 secs] [Times: user=0.00 sys=0.00, real=0.00 secs] 
20.001: [GC 20.001: [ParNew
Desired survivor size 1343488 bytes, new threshold 4 (max 4)
- age   1:     378840 bytes,     378840 total
- age   2:     511736 bytes,     890576 total
- age   3:      60656 bytes,     951232 total
- age   4:      28080 bytes,     979312 total
: 16926K->959K(18624K), 0.0037262 secs] 34688K->18960K(83392K), 0.0038298 secs] [Times: user=0.01 sys=0.00, real=0.01 secs] 
20.022: [GC 20.022: [ParNew
Desired survivor size 1343488 bytes, new threshold 4 (max 4)
- age   1:     531360 bytes,     531360 total
- age   2:     205080 bytes,     736440 total
- age   3:      50792 bytes,     787232 total
- age   4:      60656 bytes,     847888 total
: 16959K->831K(18624K), 0.0067785 secs] 34960K->18859K(83392K), 0.0068866 secs] [Times: user=0.01 sys=0.00, real=0.00 secs] 
20.041: [GC 20.041: [ParNew
Desired survivor size 1343488 bytes, new threshold 4 (max 4)
- age   1:     316168 bytes,     316168 total
- age   2:     531360 bytes,     847528 total
- age   3:     205080 bytes,    1052608 total
- age   4:      50792 bytes,    1103400 total
: 16814K->1078K(18624K), 0.0027331 secs] 34842K->19106K(83392K), 0.0028548 secs] [Times: user=0.01 sys=0.00, real=0.01 secs] 
20.059: [GC 20.059: [ParNew
Desired survivor size 1343488 bytes, new threshold 4 (max 4)
- age   1:     746712 bytes,     746712 total
- age   2:      81152 bytes,     827864 total
- age   3:     360672 bytes,    1188536 total
- age   4:     205080 bytes,    1393616 total
: 17041K->1363K(18624K), 0.0021793 secs] 35069K->19440K(83392K), 0.0023340 secs] [Times: user=0.00 sys=0.00, real=0.00 secs] 
20.074: [GC 20.074: [ParNew
Desired survivor size 1343488 bytes, new threshold 4 (max 4)
- age   1:     736120 bytes,     736120 total
- age   2:     361848 bytes,    1097968 total
- age   3:      81152 bytes,    1179120 total
- age   4:     303272 bytes,    1482392 total
: 17336K->1450K(18624K), 0.0022962 secs] 35413K->19727K(83392K), 0.0024163 secs] [Times: user=0.01 sys=0.00, real=0.00 secs] 
20.089: [GC 20.089: [ParNew
Desired survivor size 1343488 bytes, new threshold 4 (max 4)
- age   1:     191480 bytes,     191480 total
- age   2:     567456 bytes,     758936 total
- age   3:     333896 bytes,    1092832 total
- age   4:      81152 bytes,    1173984 total
: 17448K->1148K(18624K), 0.0018811 secs] 35726K->19529K(83392K), 0.0019643 secs] [Times: user=0.00 sys=0.00, real=0.00 secs] 
20.102: [GC 20.102: [ParNew
Desired survivor size 1343488 bytes, new threshold 4 (max 4)
- age   1:     556576 bytes,     556576 total
- age   2:     191392 bytes,     747968 total
- age   3:     482416 bytes,    1230384 total
- age   4:     333896 bytes,    1564280 total
: 17135K->1529K(18624K), 0.0028002 secs] 35515K->19988K(83392K), 0.0028976 secs] [Times: user=0.00 sys=0.00, real=0.00 secs] 
20.126: [GC 20.126: [ParNew
Desired survivor size 1343488 bytes, new threshold 4 (max 4)
- age   1:     351912 bytes,     351912 total
- age   2:     190728 bytes,     542640 total
- age   3:     191304 bytes,     733944 total
- age   4:     317232 bytes,    1051176 total
: 17529K->1028K(18624K), 0.0026841 secs] 35988K->19814K(83392K), 0.0028075 secs] [Times: user=0.00 sys=0.00, real=0.00 secs] 
20.148: [GC 20.148: [ParNew
Desired survivor size 1343488 bytes, new threshold 4 (max 4)
- age   1:     496888 bytes,     496888 total
- age   2:     350504 bytes,     847392 total
- age   3:     190728 bytes,    1038120 total
- age   4:     151064 bytes,    1189184 total
: 17004K->1163K(18624K), 0.0019721 secs] 35790K->20142K(83392K), 0.0020573 secs] [Times: user=0.01 sys=0.00, real=0.00 secs] 
20.164: [GC 20.164: [ParNew
Desired survivor size 1343488 bytes, new threshold 4 (max 4)
- age   1:     340216 bytes,     340216 total
- age   2:     337048 bytes,     677264 total
- age   3:     213376 bytes,     890640 total
- age   4:     190728 bytes,    1081368 total
: 17072K->1063K(18624K), 0.0016541 secs] 36051K->20155K(83392K), 0.0017549 secs] [Times: user=0.01 sys=0.00, real=0.00 secs] 
20.188: [GC 20.188: [ParNew
Desired survivor size 1343488 bytes, new threshold 4 (max 4)
- age   1:      92680 bytes,      92680 total
- age   2:     264360 bytes,     357040 total
- age   3:      77256 bytes,     434296 total
- age   4:     213376 bytes,     647672 total
: 16925K->646K(18624K), 0.0015349 secs] 36018K->19924K(83392K), 0.0016265 secs] [Times: user=0.00 sys=0.00, real=0.00 secs] 
20.205: [GC 20.205: [ParNew
Desired survivor size 1343488 bytes, new threshold 4 (max 4)
- age   1:     397552 bytes,     397552 total
- age   2:      11496 bytes,     409048 total
- age   3:       5208 bytes,     414256 total
- age   4:      77256 bytes,     491512 total
: 16579K->504K(18624K), 0.0015147 secs] 35858K->19991K(83392K), 0.0016352 secs] [Times: user=0.00 sys=0.00, real=0.00 secs] 
20.232: [GC 20.232: [ParNew
Desired survivor size 1343488 bytes, new threshold 4 (max 4)
- age   1:     173912 bytes,     173912 total
- age   2:     251976 bytes,     425888 total
- age   3:       8880 bytes,     434768 total
- age   4:       5096 bytes,     439864 total
: 16492K->440K(18624K), 0.0015163 secs] 35979K->20003K(83392K), 0.0016003 secs] [Times: user=0.00 sys=0.00, real=0.00 secs] 
20.257: [GC 20.257: [ParNew
Desired survivor size 1343488 bytes, new threshold 4 (max 4)
- age   1:     639032 bytes,     639032 total
- age   2:      33944 bytes,     672976 total
- age   3:     167984 bytes,     840960 total
- age   4:       8392 bytes,     849352 total
: 16440K->844K(18624K), 0.0023842 secs] 36003K->20412K(83392K), 0.0024686 secs] [Times: user=0.01 sys=0.00, real=0.00 secs] 
20.277: [GC 20.278: [ParNew
Desired survivor size 1343488 bytes, new threshold 4 (max 4)
- age   1:     305144 bytes,     305144 total
- age   2:     297200 bytes,     602344 total
- age   3:      33944 bytes,     636288 total
- age   4:     167984 bytes,     804272 total
: 16831K->799K(18624K), 0.0016726 secs] 36399K->20375K(83392K), 0.0017662 secs] [Times: user=0.01 sys=0.00, real=0.00 secs] 
20.297: [GC 20.297: [ParNew
Desired survivor size 1343488 bytes, new threshold 4 (max 4)
- age   1:     414400 bytes,     414400 total
- age   2:     186512 bytes,     600912 total
- age   3:     182616 bytes,     783528 total
- age   4:      33944 bytes,     817472 total
: 16736K->812K(18624K), 0.0024189 secs] 36312K->20552K(83392K), 0.0025281 secs] [Times: user=0.00 sys=0.00, real=0.00 secs] 
20.313: [GC 20.313: [ParNew
Desired survivor size 1343488 bytes, new threshold 4 (max 4)
- age   1:     837152 bytes,     837152 total
- age   2:     233336 bytes,    1070488 total
- age   3:     163248 bytes,    1233736 total
- age   4:     182616 bytes,    1416352 total
: 16783K->1400K(18624K), 0.0024104 secs] 36523K->21173K(83392K), 0.0025126 secs] [Times: user=0.01 sys=0.00, real=0.00 secs] 
20.328: [GC 20.328: [ParNew
Desired survivor size 1343488 bytes, new threshold 4 (max 4)
- age   1:     245344 bytes,     245344 total
- age   2:     741064 bytes,     986408 total
- age   3:     115128 bytes,    1101536 total
- age   4:       8416 bytes,    1109952 total
: 17360K->1087K(18624K), 0.0017998 secs] 37133K->21039K(83392K), 0.0019748 secs] [Times: user=0.01 sys=0.00, real=0.00 secs] 
20.343: [GC 20.344: [ParNew
Desired survivor size 1343488 bytes, new threshold 4 (max 4)
- age   1:     544032 bytes,     544032 total
- age   2:     165720 bytes,     709752 total
- age   3:     507544 bytes,    1217296 total
- age   4:     115128 bytes,    1332424 total
: 17039K->1306K(18624K), 0.0018078 secs] 36991K->21266K(83392K), 0.0019072 secs] [Times: user=0.01 sys=0.00, real=0.00 secs] 
20.359: [GC 20.359: [ParNew
Desired survivor size 1343488 bytes, new threshold 4 (max 4)
- age   1:     765040 bytes,     765040 total
- age   2:      92856 bytes,     857896 total
- age   3:     165720 bytes,    1023616 total
- age   4:     318808 bytes,    1342424 total
: 17301K->1318K(18624K), 0.0015855 secs] 37261K->21390K(83392K), 0.0016687 secs] [Times: user=0.00 sys=0.00, real=0.00 secs] 
20.373: [GC 20.373: [ParNew
Desired survivor size 1343488 bytes, new threshold 4 (max 4)
- age   1:     222344 bytes,     222344 total
- age   2:     666768 bytes,     889112 total
- age   3:      91544 bytes,     980656 total
- age   4:      71640 bytes,    1052296 total
: 17265K->1030K(18624K), 0.0016666 secs] 37338K->21413K(83392K), 0.0017977 secs] [Times: user=0.00 sys=0.00, real=0.00 secs] 
20.389: [GC 20.389: [ParNew
Desired survivor size 1343488 bytes, new threshold 4 (max 4)
- age   1:     460288 bytes,     460288 total
- age   2:      84960 bytes,     545248 total
- age   3:     666768 bytes,    1212016 total
- age   4:      91544 bytes,    1303560 total
: 17029K->1274K(18624K), 0.0025841 secs] 37412K->21658K(83392K), 0.0026758 secs] [Times: user=0.01 sys=0.01, real=0.00 secs] 
20.403: [GC 20.404: [ParNew
Desired survivor size 1343488 bytes, new threshold 4 (max 4)
- age   1:     247784 bytes,     247784 total
- age   2:     453720 bytes,     701504 total
- age   3:       2000 bytes,     703504 total
- age   4:     319704 bytes,    1023208 total
: 17251K->999K(18624K), 0.0031807 secs] 37634K->21472K(83392K), 0.0032721 secs] [Times: user=0.00 sys=0.00, real=0.00 secs] 
20.418: [GC 20.418: [ParNew
Desired survivor size 1343488 bytes, new threshold 4 (max 4)
- age   1:     256056 bytes,     256056 total
- age   2:     169208 bytes,     425264 total
- age   3:     453720 bytes,     878984 total
- age   4:       2000 bytes,     880984 total
: 16963K->865K(18624K), 0.0029397 secs] 37436K->21598K(83392K), 0.0036710 secs] [Times: user=0.00 sys=0.00, real=0.00 secs] 
20.436: [GC 20.436: [ParNew
Desired survivor size 1343488 bytes, new threshold 4 (max 4)
- age   1:     397960 bytes,     397960 total
- age   2:     196920 bytes,     594880 total
- age   3:     169208 bytes,     764088 total
- age   4:     453720 bytes,    1217808 total
: 16865K->1194K(18624K), 0.0041855 secs] 37598K->21929K(83392K), 0.0042816 secs] [Times: user=0.00 sys=0.00, real=0.00 secs] 
20.452: [GC 20.452: [ParNew
Desired survivor size 1343488 bytes, new threshold 4 (max 4)
- age   1:     500504 bytes,     500504 total
- age   2:     383600 bytes,     884104 total
- age   3:      30024 bytes,     914128 total
- age   4:      80936 bytes,     995064 total
: 17193K->982K(18624K), 0.0036575 secs] 37928K->22044K(83392K), 0.0037827 secs] [Times: user=0.01 sys=0.00, real=0.00 secs] 
20.469: [GC 20.469: [ParNew
Desired survivor size 1343488 bytes, new threshold 3 (max 4)
- age   1:     606688 bytes,     606688 total
- age   2:     500504 bytes,    1107192 total
- age   3:     381744 bytes,    1488936 total
: 16981K->1459K(18624K), 0.0022026 secs] 38043K->22520K(83392K), 0.0022945 secs] [Times: user=0.00 sys=0.00, real=0.00 secs] 
20.483: [GC 20.483: [ParNew
Desired survivor size 1343488 bytes, new threshold 2 (max 4)
- age   1:     968232 bytes,     968232 total
- age   2:     406808 bytes,    1375040 total
- age   3:     500504 bytes,    1875544 total
: 17455K->1833K(18624K), 0.0077476 secs] 38516K->23267K(83392K), 0.0078421 secs] [Times: user=0.01 sys=0.01, real=0.00 secs] 
20.502: [GC 20.503: [ParNew
Desired survivor size 1343488 bytes, new threshold 2 (max 4)
- age   1:     485368 bytes,     485368 total
- age   2:     885128 bytes,    1370496 total
: 17813K->1347K(18624K), 0.0027755 secs] 39247K->23452K(83392K), 0.0028899 secs] [Times: user=0.01 sys=0.00, real=0.00 secs] 
20.518: [GC 20.518: [ParNew
Desired survivor size 1343488 bytes, new threshold 4 (max 4)
- age   1:     357760 bytes,     357760 total
- age   2:     290920 bytes,     648680 total
: 17322K->635K(18624K), 0.0041974 secs] 39427K->23605K(83392K), 0.0043078 secs] [Times: user=0.01 sys=0.00, real=0.01 secs] 
20.543: [GC 20.543: [ParNew
Desired survivor size 1343488 bytes, new threshold 4 (max 4)
- age   1:     523984 bytes,     523984 total
- age   2:     226944 bytes,     750928 total
- age   3:     290920 bytes,    1041848 total
: 16542K->1020K(18624K), 0.0033149 secs] 39512K->23990K(83392K), 0.0034122 secs] [Times: user=0.01 sys=0.00, real=0.00 secs] 
20.560: [GC 20.560: [ParNew
Desired survivor size 1343488 bytes, new threshold 4 (max 4)
- age   1:     609496 bytes,     609496 total
- age   2:     371920 bytes,     981416 total
- age   3:     136416 bytes,    1117832 total
- age   4:     290920 bytes,    1408752 total
: 16981K->1376K(18624K), 0.0024945 secs] 39951K->24346K(83392K), 0.0025935 secs] [Times: user=0.01 sys=0.00, real=0.01 secs] 
20.577: [GC 20.577: [ParNew
Desired survivor size 1343488 bytes, new threshold 3 (max 4)
- age   1:     446640 bytes,     446640 total
- age   2:     540904 bytes,     987544 total
- age   3:     371920 bytes,    1359464 total
- age   4:     136416 bytes,    1495880 total
: 17328K->1463K(18624K), 0.0060470 secs] 40298K->24433K(83392K), 0.0061488 secs] [Times: user=0.01 sys=0.01, real=0.01 secs] 
20.595: [GC 20.595: [ParNew
Desired survivor size 1343488 bytes, new threshold 3 (max 4)
- age   1:     642208 bytes,     642208 total
- age   2:     338072 bytes,     980280 total
- age   3:     540904 bytes,    1521184 total
: 17443K->1487K(18624K), 0.0059899 secs] 40413K->24953K(83392K), 0.0060933 secs] [Times: user=0.01 sys=0.00, real=0.00 secs] 
20.616: [GC 20.616: [ParNew
Desired survivor size 1343488 bytes, new threshold 4 (max 4)
- age   1:     429640 bytes,     429640 total
- age   2:     468424 bytes,     898064 total
- age   3:     236440 bytes,    1134504 total
: 17466K->1108K(18624K), 0.0030329 secs] 40932K->24743K(83392K), 0.0031274 secs] [Times: user=0.00 sys=0.00, real=0.00 secs] 
20.632: [GC 20.632: [ParNew
Desired survivor size 1343488 bytes, new threshold 3 (max 4)
- age   1:     630752 bytes,     630752 total
- age   2:     334400 bytes,     965152 total
- age   3:     468424 bytes,    1433576 total
- age   4:     236440 bytes,    1670016 total
: 17107K->1631K(18624K), 0.0040939 secs] 40742K->25266K(83392K), 0.0041951 secs] [Times: user=0.01 sys=0.00, real=0.00 secs] 
20.647: [GC 20.647: [ParNew
Desired survivor size 1343488 bytes, new threshold 4 (max 4)
- age   1:     436240 bytes,     436240 total
- age   2:     451696 bytes,     887936 total
- age   3:     334400 bytes,    1222336 total
: 17621K->1196K(18624K), 0.0025441 secs] 41257K->25062K(83392K), 0.0026658 secs] [Times: user=0.00 sys=0.00, real=0.00 secs] 
20.663: [GC 20.663: [ParNew
Desired survivor size 1343488 bytes, new threshold 4 (max 4)
- age   1:     389672 bytes,     389672 total
- age   2:     368360 bytes,     758032 total
- age   3:      45760 bytes,     803792 total
- age   4:     334400 bytes,    1138192 total
: 17173K->1113K(18624K), 0.0043834 secs] 41039K->24979K(83392K), 0.0045711 secs] [Times: user=0.01 sys=0.00, real=0.00 secs] 
20.679: [GC 20.679: [ParNew
Desired survivor size 1343488 bytes, new threshold 4 (max 4)
- age   1:     370216 bytes,     370216 total
- age   2:     248288 bytes,     618504 total
- age   3:     314152 bytes,     932656 total
- age   4:      45760 bytes,     978416 total
: 17088K->956K(18624K), 0.0026071 secs] 40954K->25148K(83392K), 0.0027030 secs] [Times: user=0.00 sys=0.00, real=0.01 secs] 
20.695: [GC 20.695: [ParNew
Desired survivor size 1343488 bytes, new threshold 4 (max 4)
- age   1:     393688 bytes,     393688 total
- age   2:     233528 bytes,     627216 total
- age   3:     206048 bytes,     833264 total
- age   4:     234176 bytes,    1067440 total
: 16932K->1044K(18624K), 0.0024659 secs] 41125K->25281K(83392K), 0.0026205 secs] [Times: user=0.00 sys=0.00, real=0.00 secs] 
20.708: [GC 20.709: [ParNew
Desired survivor size 1343488 bytes, new threshold 4 (max 4)
- age   1:     588952 bytes,     588952 total
- age   2:      88480 bytes,     677432 total
- age   3:     233528 bytes,     910960 total
- age   4:     206048 bytes,    1117008 total
: 16971K->1093K(18624K), 0.0023512 secs] 41209K->25559K(83392K), 0.0024664 secs] [Times: user=0.01 sys=0.00, real=0.00 secs] 
20.724: [GC 20.724: [ParNew
Desired survivor size 1343488 bytes, new threshold 4 (max 4)
- age   1:     513416 bytes,     513416 total
- age   2:     400464 bytes,     913880 total
- age   3:      88480 bytes,    1002360 total
- age   4:     233528 bytes,    1235888 total
: 17093K->1209K(18624K), 0.0023276 secs] 41559K->25876K(83392K), 0.0024276 secs] [Times: user=0.00 sys=0.00, real=0.00 secs] 
20.744: [GC 20.744: [ParNew
Desired survivor size 1343488 bytes, new threshold 4 (max 4)
- age   1:     436336 bytes,     436336 total
- age   2:     415440 bytes,     851776 total
- age   3:      50544 bytes,     902320 total
- age   4:      88480 bytes,     990800 total
: 17171K->976K(18624K), 0.0018650 secs] 41839K->25871K(83392K), 0.0019729 secs] [Times: user=0.01 sys=0.00, real=0.00 secs] 
20.758: [GC 20.758: [ParNew
Desired survivor size 1343488 bytes, new threshold 4 (max 4)
- age   1:     261072 bytes,     261072 total
- age   2:     384248 bytes,     645320 total
- age   3:     415440 bytes,    1060760 total
- age   4:      50544 bytes,    1111304 total
: 16976K->1099K(18624K), 0.0019171 secs] 41871K->25995K(83392K), 0.0020070 secs] [Times: user=0.01 sys=0.00, real=0.00 secs] 
20.776: [GC 20.776: [ParNew
Desired survivor size 1343488 bytes, new threshold 4 (max 4)
- age   1:     489800 bytes,     489800 total
- age   2:     145216 bytes,     635016 total
- age   3:     384248 bytes,    1019264 total
- age   4:     415440 bytes,    1434704 total
: 17094K->1405K(18624K), 0.0020114 secs] 41990K->26350K(83392K), 0.0021486 secs] [Times: user=0.00 sys=0.00, real=0.00 secs] 
20.790: [GC 20.790: [ParNew
Desired survivor size 1343488 bytes, new threshold 4 (max 4)
- age   1:     172008 bytes,     172008 total
- age   2:     266536 bytes,     438544 total
- age   3:     145216 bytes,     583760 total
- age   4:     384248 bytes,     968008 total
: 17398K->960K(18624K), 0.0025856 secs] 42343K->26311K(83392K), 0.0026839 secs] [Times: user=0.00 sys=0.00, real=0.01 secs] 
20.803: [GC 20.804: [ParNew
Desired survivor size 1343488 bytes, new threshold 4 (max 4)
- age   1:     315704 bytes,     315704 total
- age   2:      78072 bytes,     393776 total
- age   3:      88280 bytes,     482056 total
- age   4:     145216 bytes,     627272 total
: 16951K->629K(18624K), 0.0014511 secs] 42302K->26355K(83392K), 0.0015497 secs] [Times: user=0.00 sys=0.00, real=0.00 secs] 
20.816: [GC 20.816: [ParNew
Desired survivor size 1343488 bytes, new threshold 4 (max 4)
- age   1:     407632 bytes,     407632 total
- age   2:     128256 bytes,     535888 total
- age   3:      78072 bytes,     613960 total
- age   4:       8400 bytes,     622360 total
: 16618K->613K(18624K), 0.0012709 secs] 42344K->26341K(83392K), 0.0013623 secs] [Times: user=0.01 sys=0.00, real=0.00 secs] 
20.833: [GC 20.833: [ParNew
Desired survivor size 1343488 bytes, new threshold 4 (max 4)
- age   1:     314960 bytes,     314960 total
- age   2:     296272 bytes,     611232 total
- age   3:     128256 bytes,     739488 total
- age   4:      78072 bytes,     817560 total
: 16511K->802K(18624K), 0.0023092 secs] 42239K->26538K(83392K), 0.0024205 secs] [Times: user=0.00 sys=0.00, real=0.00 secs] 
20.853: [GC 20.853: [ParNew
Desired survivor size 1343488 bytes, new threshold 4 (max 4)
- age   1:     437744 bytes,     437744 total
- age   2:     228600 bytes,     666344 total
- age   3:     296272 bytes,     962616 total
- age   4:     128256 bytes,    1090872 total
: 16722K->1068K(18624K), 0.0026954 secs] 42459K->26881K(83392K), 0.0028728 secs] [Times: user=0.00 sys=0.00, real=0.00 secs] 
20.877: [GC 20.877: [ParNew
Desired survivor size 1343488 bytes, new threshold 4 (max 4)
- age   1:     713032 bytes,     713032 total
- age   2:     353576 bytes,    1066608 total
- age   3:     228600 bytes,    1295208 total
- age   4:     296272 bytes,    1591480 total
: 17034K->1557K(18624K), 0.0020399 secs] 42847K->27495K(83392K), 0.0021840 secs] [Times: user=0.00 sys=0.00, real=0.00 secs] 
20.893: [GC 20.893: [ParNew
Desired survivor size 1343488 bytes, new threshold 4 (max 4)
- age   1:     584216 bytes,     584216 total
- age   2:     629008 bytes,    1213224 total
- age   4:     176832 bytes,    1390056 total
: 17495K->1360K(18624K), 0.0028641 secs] 43433K->27587K(83392K), 0.0030133 secs] [Times: user=0.00 sys=0.00, real=0.00 secs] 
20.915: [GC 20.916: [ParNew
Desired survivor size 1343488 bytes, new threshold 3 (max 4)
- age   1:     372568 bytes,     372568 total
- age   2:     414168 bytes,     786736 total
- age   3:     629008 bytes,    1415744 total
: 17285K->1383K(18624K), 0.0045400 secs] 43512K->27712K(83392K), 0.0046515 secs] [Times: user=0.01 sys=0.00, real=0.00 secs] 
20.933: [GC 20.933: [ParNew
Desired survivor size 1343488 bytes, new threshold 4 (max 4)
- age   1:     745032 bytes,     745032 total
- age   2:     175112 bytes,     920144 total
- age   3:     414168 bytes,    1334312 total
: 17352K->1304K(18624K), 0.0025026 secs] 43680K->28247K(83392K), 0.0026150 secs] [Times: user=0.00 sys=0.00, real=0.00 secs] 
20.950: [GC 20.950: [ParNew
Desired survivor size 1343488 bytes, new threshold 4 (max 4)
- age   1:     400248 bytes,     400248 total
- age   2:     678656 bytes,    1078904 total
- age   3:     175112 bytes,    1254016 total
- age   4:       2944 bytes,    1256960 total
: 17263K->1232K(18624K), 0.0020929 secs] 44206K->28175K(83392K), 0.0021876 secs] [Times: user=0.00 sys=0.00, real=0.01 secs] 
20.964: [GC 20.964: [ParNew
Desired survivor size 1343488 bytes, new threshold 3 (max 4)
- age   1:     542208 bytes,     542208 total
- age   2:     200816 bytes,     743024 total
- age   3:     678656 bytes,    1421680 total
- age   4:     175112 bytes,    1596792 total
: 17210K->1560K(18624K), 0.0023433 secs] 44153K->28506K(83392K), 0.0025225 secs] [Times: user=0.00 sys=0.00, real=0.00 secs] 
20.985: [GC 20.985: [ParNew
Desired survivor size 1343488 bytes, new threshold 4 (max 4)
- age   1:     496800 bytes,     496800 total
- age   2:     481552 bytes,     978352 total
: 17560K->960K(18624K), 0.0023478 secs] 44506K->28293K(83392K), 0.0024323 secs] [Times: user=0.01 sys=0.00, real=0.00 secs] 
20.999: [GC 20.999: [ParNew
Desired survivor size 1343488 bytes, new threshold 4 (max 4)
- age   1:     264448 bytes,     264448 total
- age   2:     127816 bytes,     392264 total
- age   3:     200744 bytes,     593008 total
: 16932K->583K(18624K), 0.0013056 secs] 44265K->27916K(83392K), 0.0013858 secs] [Times: user=0.00 sys=0.00, real=0.00 secs] 
21.014: [GC 21.014: [ParNew
Desired survivor size 1343488 bytes, new threshold 4 (max 4)
- age   1:     403088 bytes,     403088 total
- age   2:     180176 bytes,     583264 total
- age   3:      46592 bytes,     629856 total
- age   4:      57608 bytes,     687464 total
: 16522K->672K(18624K), 0.0013319 secs] 43856K->28006K(83392K), 0.0014114 secs] [Times: user=0.00 sys=0.01, real=0.00 secs] 
21.027: [GC 21.027: [ParNew
Desired survivor size 1343488 bytes, new threshold 4 (max 4)
- age   1:     246072 bytes,     246072 total
- age   2:     318608 bytes,     564680 total
- age   3:     111968 bytes,     676648 total
- age   4:      46592 bytes,     723240 total
: 16672K->708K(18624K), 0.0013890 secs] 44006K->28098K(83392K), 0.0014745 secs] [Times: user=0.00 sys=0.00, real=0.00 secs] 
21.042: [GC 21.042: [ParNew
Desired survivor size 1343488 bytes, new threshold 4 (max 4)
- age   1:     227896 bytes,     227896 total
- age   2:     173528 bytes,     401424 total
- age   3:     100800 bytes,     502224 total
- age   4:     111912 bytes,     614136 total
: 16671K->612K(18624K), 0.0025231 secs] 44061K->28047K(83392K), 0.0026707 secs] [Times: user=0.01 sys=0.00, real=0.00 secs] 
21.059: [GC 21.059: [ParNew
Desired survivor size 1343488 bytes, new threshold 4 (max 4)
- age   1:     594360 bytes,     594360 total
- age   2:     169776 bytes,     764136 total
- age   3:     173528 bytes,     937664 total
- age   4:     100800 bytes,    1038464 total
: 16612K->1022K(18624K), 0.0014801 secs] 44047K->28459K(83392K), 0.0015759 secs] [Times: user=0.00 sys=0.00, real=0.00 secs] 
21.073: [GC 21.073: [ParNew
Desired survivor size 1343488 bytes, new threshold 4 (max 4)
- age   1:     602840 bytes,     602840 total
- age   2:     412440 bytes,    1015280 total
- age   3:      91504 bytes,    1106784 total
- age   4:     173528 bytes,    1280312 total
: 17015K->1264K(18624K), 0.0018887 secs] 44452K->28799K(83392K), 0.0019967 secs] [Times: user=0.00 sys=0.00, real=0.00 secs] 
21.087: [GC 21.087: [ParNew
Desired survivor size 1343488 bytes, new threshold 4 (max 4)
- age   1:     230432 bytes,     230432 total
- age   2:     507176 bytes,     737608 total
- age   3:     315712 bytes,    1053320 total
- age   4:      13512 bytes,    1066832 total
: 17244K->1046K(18624K), 0.0017693 secs] 44780K->28751K(83392K), 0.0018608 secs] [Times: user=0.00 sys=0.00, real=0.00 secs] 
21.105: [GC 21.105: [ParNew
Desired survivor size 1343488 bytes, new threshold 4 (max 4)
- age   1:     540472 bytes,     540472 total
- age   2:      80304 bytes,     620776 total
- age   3:     507176 bytes,    1127952 total
- age   4:     315712 bytes,    1443664 total
: 17032K->1428K(18624K), 0.0018120 secs] 44737K->29146K(83392K), 0.0019130 secs] [Times: user=0.00 sys=0.00, real=0.00 secs] 
21.119: [GC 21.119: [ParNew
Desired survivor size 1343488 bytes, new threshold 4 (max 4)
- age   1:     530616 bytes,     530616 total
- age   2:     402136 bytes,     932752 total
- age   3:      80304 bytes,    1013056 total
- age   4:      82832 bytes,    1095888 total
: 17413K->1101K(18624K), 0.0019070 secs] 45131K->29127K(83392K), 0.0020017 secs] [Times: user=0.00 sys=0.00, real=0.00 secs] 
21.132: [GC 21.132: [ParNew
Desired survivor size 1343488 bytes, new threshold 4 (max 4)
- age   1:     218256 bytes,     218256 total
- age   2:     466096 bytes,     684352 total
- age   3:     353752 bytes,    1038104 total
- age   4:      80304 bytes,    1118408 total
: 17069K->1104K(18624K), 0.0024390 secs] 45096K->29211K(83392K), 0.0025341 secs] [Times: user=0.00 sys=0.00, real=0.00 secs] 
21.146: [GC 21.146: [ParNew
Desired survivor size 1343488 bytes, new threshold 4 (max 4)
- age   1:     402952 bytes,     402952 total
- age   2:     150152 bytes,     553104 total
- age   3:     370688 bytes,     923792 total
- age   4:     268608 bytes,    1192400 total
: 17040K->1171K(18624K), 0.0017959 secs] 45148K->29356K(83392K), 0.0019035 secs] [Times: user=0.01 sys=0.00, real=0.00 secs] 
21.159: [GC 21.159: [ParNew
Desired survivor size 1343488 bytes, new threshold 4 (max 4)
- age   1:     683904 bytes,     683904 total
- age   2:     330320 bytes,    1014224 total
- age   3:     150152 bytes,    1164376 total
- age   4:     370688 bytes,    1535064 total
: 17101K->1508K(18624K), 0.0022915 secs] 45287K->29956K(83392K), 0.0024740 secs] [Times: user=0.01 sys=0.00, real=0.00 secs] 
21.179: [GC 21.179: [ParNew
Desired survivor size 1343488 bytes, new threshold 4 (max 4)
- age   1:     565552 bytes,     565552 total
- age   2:     373504 bytes,     939056 total
: 17508K->919K(18624K), 0.0015951 secs] 45956K->29661K(83392K), 0.0016937 secs] [Times: user=0.00 sys=0.00, real=0.00 secs] 
21.193: [GC 21.193: [ParNew
Desired survivor size 1343488 bytes, new threshold 4 (max 4)
- age   1:     387608 bytes,     387608 total
- age   2:     405912 bytes,     793520 total
- age   3:     230336 bytes,    1023856 total
: 16893K->1003K(18624K), 0.0014348 secs] 45635K->29744K(83392K), 0.0015256 secs] [Times: user=0.00 sys=0.00, real=0.00 secs] 
21.207: [GC 21.207: [ParNew
Desired survivor size 1343488 bytes, new threshold 4 (max 4)
- age   1:     379016 bytes,     379016 total
- age   2:     324000 bytes,     703016 total
- age   3:     322096 bytes,    1025112 total
- age   4:     230336 bytes,    1255448 total
: 16958K->1229K(18624K), 0.0021239 secs] 45700K->29971K(83392K), 0.0022314 secs] [Times: user=0.01 sys=0.00, real=0.00 secs] 
21.220: [GC 21.220: [ParNew
Desired survivor size 1343488 bytes, new threshold 4 (max 4)
- age   1:     333480 bytes,     333480 total
- age   2:     295280 bytes,     628760 total
- age   3:     324000 bytes,     952760 total
- age   4:     322096 bytes,    1274856 total
: 17179K->1253K(18624K), 0.0021901 secs] 45921K->30219K(83392K), 0.0022931 secs] [Times: user=0.00 sys=0.00, real=0.01 secs] 
21.235: [GC 21.235: [ParNew
Desired survivor size 1343488 bytes, new threshold 4 (max 4)
- age   1:     551824 bytes,     551824 total
- age   3:     295280 bytes,     847104 total
- age   4:       9008 bytes,     856112 total
: 17200K->859K(18624K), 0.0018130 secs] 46166K->30141K(83392K), 0.0019198 secs] [Times: user=0.00 sys=0.00, real=0.00 secs] 
21.249: [GC 21.249: [ParNew
Desired survivor size 1343488 bytes, new threshold 4 (max 4)
- age   1:     145336 bytes,     145336 total
- age   2:     379056 bytes,     524392 total
- age   4:     178776 bytes,     703168 total
: 16848K->699K(18624K), 0.0013862 secs] 46130K->29989K(83392K), 0.0015175 secs] [Times: user=0.01 sys=0.00, real=0.00 secs] 
21.266: [GC 21.266: [ParNew
Desired survivor size 1343488 bytes, new threshold 4 (max 4)
- age   1:     328728 bytes,     328728 total
- age   2:      66384 bytes,     395112 total
- age   3:      80280 bytes,     475392 total
: 16699K->469K(18624K), 0.0018604 secs] 45989K->29934K(83392K), 0.0019608 secs] [Times: user=0.00 sys=0.00, real=0.00 secs] 
21.283: [GC 21.283: [ParNew
Desired survivor size 1343488 bytes, new threshold 4 (max 4)
- age   1:     510144 bytes,     510144 total
- age   2:     183192 bytes,     693336 total
- age   3:      66384 bytes,     759720 total
- age   4:      80280 bytes,     840000 total
: 16456K->826K(18624K), 0.0021970 secs] 45921K->30291K(83392K), 0.0024572 secs] [Times: user=0.00 sys=0.00, real=0.00 secs] 
21.298: [GC 21.298: [ParNew
Desired survivor size 1343488 bytes, new threshold 4 (max 4)
- age   1:     454496 bytes,     454496 total
- age   2:     445360 bytes,     899856 total
- age   3:     183192 bytes,    1083048 total
- age   4:      41584 bytes,    1124632 total
: 16826K->1102K(18624K), 0.0020872 secs] 46291K->30646K(83392K), 0.0021962 secs] [Times: user=0.00 sys=0.00, real=0.00 secs] 
21.313: [GC 21.313: [ParNew
Desired survivor size 1343488 bytes, new threshold 4 (max 4)
- age   1:     406432 bytes,     406432 total
- age   2:     342304 bytes,     748736 total
- age   3:     326992 bytes,    1075728 total
- age   4:      20880 bytes,    1096608 total
: 17046K->1075K(18624K), 0.0018777 secs] 46589K->30659K(83392K), 0.0019801 secs] [Times: user=0.00 sys=0.00, real=0.00 secs] 
21.335: [GC 21.335: [ParNew
Desired survivor size 1343488 bytes, new threshold 4 (max 4)
- age   1:     429296 bytes,     429296 total
- age   2:     288184 bytes,     717480 total
- age   3:     342304 bytes,    1059784 total
- age   4:     326288 bytes,    1386072 total
: 17065K->1364K(18624K), 0.0026927 secs] 46649K->30968K(83392K), 0.0027848 secs] [Times: user=0.01 sys=0.00, real=0.00 secs] 
21.351: [GC 21.351: [ParNew
Desired survivor size 1343488 bytes, new threshold 4 (max 4)
- age   1:     447008 bytes,     447008 total
- age   2:     104696 bytes,     551704 total
- age   3:     288152 bytes,     839856 total
- age   4:     101552 bytes,     941408 total
: 17361K->931K(18624K), 0.0017245 secs] 46965K->30854K(83392K), 0.0018119 secs] [Times: user=0.00 sys=0.00, real=0.01 secs] 
21.367: [GC 21.367: [ParNew
Desired survivor size 1343488 bytes, new threshold 4 (max 4)
- age   1:     871152 bytes,     871152 total
- age   2:     178448 bytes,    1049600 total
- age   3:     104696 bytes,    1154296 total
- age   4:     167928 bytes,    1322224 total
: 16931K->1312K(18624K), 0.0019346 secs] 46854K->31333K(83392K), 0.0020855 secs] [Times: user=0.00 sys=0.00, real=0.00 secs] 
21.388: [GC 21.388: [ParNew
Desired survivor size 1343488 bytes, new threshold 4 (max 4)
- age   1:     271840 bytes,     271840 total
- age   2:     492192 bytes,     764032 total
- age   3:     178448 bytes,     942480 total
- age   4:     104696 bytes,    1047176 total
: 17307K->1029K(18624K), 0.0025036 secs] 47329K->31215K(83392K), 0.0025916 secs] [Times: user=0.00 sys=0.00, real=0.00 secs] 
21.404: [GC 21.404: [ParNew
Desired survivor size 1343488 bytes, new threshold 4 (max 4)
- age   1:     117800 bytes,     117800 total
- age   2:     255232 bytes,     373032 total
- age   3:     492192 bytes,     865224 total
- age   4:      17912 bytes,     883136 total
: 17028K->870K(18624K), 0.0015234 secs] 47214K->31158K(83392K), 0.0016058 secs] [Times: user=0.00 sys=0.00, real=0.00 secs] 
21.417: [GC 21.417: [ParNew
Desired survivor size 1343488 bytes, new threshold 4 (max 4)
- age   1:     440448 bytes,     440448 total
- age   2:      87072 bytes,     527520 total
- age   3:     255232 bytes,     782752 total
- age   4:     367896 bytes,    1150648 total
: 16847K->1143K(18624K), 0.0019080 secs] 47135K->31432K(83392K), 0.0020071 secs] [Times: user=0.00 sys=0.00, real=0.00 secs] 
21.432: [GC 21.432: [ParNew
Desired survivor size 1343488 bytes, new threshold 4 (max 4)
- age   1:     199352 bytes,     199352 total
- age   2:     336352 bytes,     535704 total
- age   3:      87072 bytes,     622776 total
- age   4:     255232 bytes,     878008 total
: 17143K->871K(18624K), 0.0017154 secs] 47431K->31439K(83392K), 0.0018655 secs] [Times: user=0.01 sys=0.00, real=0.00 secs] 
21.447: [GC 21.447: [ParNew
Desired survivor size 1343488 bytes, new threshold 4 (max 4)
- age   1:     379768 bytes,     379768 total
- age   2:      83800 bytes,     463568 total
- age   3:      41936 bytes,     505504 total
- age   4:      87072 bytes,     592576 total
: 16852K->598K(18624K), 0.0015133 secs] 47420K->31415K(83392K), 0.0016250 secs] [Times: user=0.00 sys=0.00, real=0.00 secs] 
21.461: [GC 21.461: [ParNew
Desired survivor size 1343488 bytes, new threshold 4 (max 4)
- age   1:     487912 bytes,     487912 total
- age   2:     211472 bytes,     699384 total
- age   3:      83800 bytes,     783184 total
- age   4:      41936 bytes,     825120 total
: 16569K->809K(18624K), 0.0016296 secs] 47386K->31711K(83392K), 0.0017401 secs] [Times: user=0.00 sys=0.00, real=0.01 secs] 
21.476: [GC 21.477: [ParNew
Desired survivor size 1343488 bytes, new threshold 4 (max 4)
- age   1:     394560 bytes,     394560 total
- age   2:     446968 bytes,     841528 total
- age   3:     211472 bytes,    1053000 total
- age   4:      83800 bytes,    1136800 total
: 16806K->1113K(18624K), 0.0017329 secs] 47708K->32056K(83392K), 0.0018253 secs] [Times: user=0.01 sys=0.00, real=0.00 secs] 
21.492: [GC 21.492: [ParNew
Desired survivor size 1343488 bytes, new threshold 4 (max 4)
- age   1:     269392 bytes,     269392 total
- age   2:     272544 bytes,     541936 total
- age   3:     446968 bytes,     988904 total
- age   4:     211472 bytes,    1200376 total
: 17095K->1180K(18624K), 0.0016711 secs] 48038K->32204K(83392K), 0.0017573 secs] [Times: user=0.01 sys=0.00, real=0.00 secs] 
21.506: [GC 21.506: [ParNew
Desired survivor size 1343488 bytes, new threshold 4 (max 4)
- age   1:     387928 bytes,     387928 total
- age   2:     252648 bytes,     640576 total
- age   3:     272544 bytes,     913120 total
- age   4:     283872 bytes,    1196992 total
: 17150K->1181K(18624K), 0.0017693 secs] 48174K->32330K(83392K), 0.0018792 secs] [Times: user=0.00 sys=0.00, real=0.00 secs] 
21.520: [GC 21.520: [ParNew
Desired survivor size 1343488 bytes, new threshold 4 (max 4)
- age   1:     666376 bytes,     666376 total
- age   2:     207784 bytes,     874160 total
- age   3:     252648 bytes,    1126808 total
- age   4:     272544 bytes,    1399352 total
: 17134K->1384K(18624K), 0.0023038 secs] 48282K->32809K(83392K), 0.0024178 secs] [Times: user=0.00 sys=0.00, real=0.01 secs] 
21.536: [GC 21.536: [ParNew
Desired survivor size 1343488 bytes, new threshold 3 (max 4)
- age   1:     620048 bytes,     620048 total
- age   2:     593736 bytes,    1213784 total
- age   3:     131512 bytes,    1345296 total
- age   4:     252648 bytes,    1597944 total
: 17315K->1569K(18624K), 0.0019365 secs] 48741K->33260K(83392K), 0.0020266 secs] [Times: user=0.00 sys=0.00, real=0.00 secs] 
21.551: [GC 21.551: [ParNew
Desired survivor size 1343488 bytes, new threshold 3 (max 4)
- age   1:     266944 bytes,     266944 total
- age   2:     535248 bytes,     802192 total
- age   3:     593736 bytes,    1395928 total
: 17566K->1369K(18624K), 0.0018488 secs] 49258K->33197K(83392K), 0.0019373 secs] [Times: user=0.00 sys=0.00, real=0.01 secs] 
21.564: [GC 21.564: [ParNew
Desired survivor size 1343488 bytes, new threshold 4 (max 4)
- age   1:     358328 bytes,     358328 total
- age   2:     236808 bytes,     595136 total
- age   3:     169000 bytes,     764136 total
: 17358K->749K(18624K), 0.0022121 secs] 49186K->33157K(83392K), 0.0023062 secs] [Times: user=0.01 sys=0.00, real=0.00 secs] 
21.579: [GC 21.579: [ParNew
Desired survivor size 1343488 bytes, new threshold 4 (max 4)
- age   1:     657648 bytes,     657648 total
- age   2:      70256 bytes,     727904 total
- age   3:     236808 bytes,     964712 total
- age   4:     169000 bytes,    1133712 total
: 16749K->1109K(18624K), 0.0015820 secs] 49157K->33517K(83392K), 0.0018082 secs] [Times: user=0.00 sys=0.00, real=0.00 secs] 
21.593: [GC 21.594: [ParNew
Desired survivor size 1343488 bytes, new threshold 4 (max 4)
- age   1:     539816 bytes,     539816 total
- age   2:     553400 bytes,    1093216 total
- age   3:      70224 bytes,    1163440 total
- age   4:     236808 bytes,    1400248 total
: 17106K->1370K(18624K), 0.0024023 secs] 49514K->33942K(83392K), 0.0025022 secs] [Times: user=0.00 sys=0.01, real=0.00 secs] 
21.609: [GC 21.609: [ParNew
Desired survivor size 1343488 bytes, new threshold 4 (max 4)
- age   1:     303736 bytes,     303736 total
- age   2:     532600 bytes,     836336 total
- age   3:     384760 bytes,    1221096 total
: 17342K->1196K(18624K), 0.0017437 secs] 49915K->33831K(83392K), 0.0018288 secs] [Times: user=0.00 sys=0.00, real=0.00 secs] 
21.623: [GC 21.623: [ParNew
Desired survivor size 1343488 bytes, new threshold 3 (max 4)
- age   1:     795472 bytes,     795472 total
- age   2:     276720 bytes,    1072192 total
- age   3:     532600 bytes,    1604792 total
- age   4:     221672 bytes,    1826464 total
: 17192K->1792K(18624K), 0.0022291 secs] 49827K->34428K(83392K), 0.0023457 secs] [Times: user=0.01 sys=0.00, real=0.00 secs] 
21.641: [GC 21.641: [ParNew
Desired survivor size 1343488 bytes, new threshold 2 (max 4)
- age   1:     622272 bytes,     622272 total
- age   2:     729080 bytes,    1351352 total
- age   3:      84896 bytes,    1436248 total
: 17766K->1407K(18624K), 0.0026967 secs] 50402K->34779K(83392K), 0.0027834 secs] [Times: user=0.01 sys=0.00, real=0.01 secs] 
21.656: [GC 21.656: [ParNew
Desired survivor size 1343488 bytes, new threshold 4 (max 4)
- age   1:     402176 bytes,     402176 total
- age   2:     503472 bytes,     905648 total
: 17397K->886K(18624K), 0.0022291 secs] 50769K->35053K(83392K), 0.0023453 secs] [Times: user=0.00 sys=0.00, real=0.00 secs] 
21.670: [GC 21.670: [ParNew
Desired survivor size 1343488 bytes, new threshold 4 (max 4)
- age   1:     340392 bytes,     340392 total
- age   2:     369280 bytes,     709672 total
- age   3:     503472 bytes,    1213144 total
: 16856K->1186K(18624K), 0.0020021 secs] 51023K->35353K(83392K), 0.0021071 secs] [Times: user=0.00 sys=0.00, real=0.01 secs] 
21.683: [GC 21.683: [ParNew
Desired survivor size 1343488 bytes, new threshold 4 (max 4)
- age   1:     611704 bytes,     611704 total
- age   2:      84672 bytes,     696376 total
- age   3:     369280 bytes,    1065656 total
- age   4:     503472 bytes,    1569128 total
: 17167K->1534K(18624K), 0.0023032 secs] 51333K->35701K(83392K), 0.0024151 secs] [Times: user=0.01 sys=0.00, real=0.00 secs] 
21.697: [GC 21.698: [ParNew
Desired survivor size 1343488 bytes, new threshold 4 (max 4)
- age   1:     575808 bytes,     575808 total
- age   2:     516320 bytes,    1092128 total
- age   3:      84672 bytes,    1176800 total
- age   4:     270632 bytes,    1447432 total
: 17484K->1417K(18624K), 0.0027006 secs] 51650K->36075K(83392K), 0.0028141 secs] [Times: user=0.01 sys=0.00, real=0.00 secs] 
21.713: [GC 21.713: [ParNew
Desired survivor size 1343488 bytes, new threshold 3 (max 4)
- age   1:     773072 bytes,     773072 total
- age   2:     435592 bytes,    1208664 total
- age   3:     516320 bytes,    1724984 total
- age   4:      84672 bytes,    1809656 total
: 17379K->1770K(18624K), 0.0021169 secs] 52037K->36647K(83392K), 0.0022073 secs] [Times: user=0.00 sys=0.00, real=0.00 secs] 
21.728: [GC 21.728: [ParNew
Desired survivor size 1343488 bytes, new threshold 4 (max 4)
- age   1:     210288 bytes,     210288 total
- age   2:     676352 bytes,     886640 total
- age   3:     435592 bytes,    1322232 total
: 17727K->1293K(18624K), 0.0027234 secs] 52604K->36757K(83392K), 0.0028376 secs] [Times: user=0.00 sys=0.00, real=0.00 secs] 
21.743: [GC 21.743: [ParNew
Desired survivor size 1343488 bytes, new threshold 4 (max 4)
- age   1:     159728 bytes,     159728 total
- age   2:      73248 bytes,     232976 total
- age   3:     676352 bytes,     909328 total
- age   4:     435592 bytes,    1344920 total
: 17265K->1315K(18624K), 0.0020092 secs] 52729K->36779K(83392K), 0.0021056 secs] [Times: user=0.00 sys=0.00, real=0.00 secs] 
21.756: [GC 21.756: [ParNew
Desired survivor size 1343488 bytes, new threshold 4 (max 4)
- age   1:     199032 bytes,     199032 total
- age   2:     115904 bytes,     314936 total
- age   3:      18080 bytes,     333016 total
- age   4:     676352 bytes,    1009368 total
: 17304K->988K(18624K), 0.0021197 secs] 52768K->36877K(83392K), 0.0022114 secs] [Times: user=0.01 sys=0.00, real=0.00 secs] 
21.770: [GC 21.771: [ParNew
Desired survivor size 1343488 bytes, new threshold 4 (max 4)
- age   1:     299304 bytes,     299304 total
- age   2:     147880 bytes,     447184 total
- age   3:      83008 bytes,     530192 total
- age   4:      18080 bytes,     548272 total
: 16970K->538K(18624K), 0.0016186 secs] 52860K->36984K(83392K), 0.0017283 secs] [Times: user=0.00 sys=0.00, real=0.01 secs] 
21.786: [GC 21.786: [ParNew
Desired survivor size 1343488 bytes, new threshold 4 (max 4)
- age   1:     420496 bytes,     420496 total
- age   2:     224816 bytes,     645312 total
- age   3:     147880 bytes,     793192 total
- age   4:      83008 bytes,     876200 total
: 16535K->858K(18624K), 0.0023525 secs] 52981K->37322K(83392K), 0.0024477 secs] [Times: user=0.00 sys=0.00, real=0.00 secs] 
21.800: [GC 21.800: [ParNew
Desired survivor size 1343488 bytes, new threshold 4 (max 4)
- age   1:     192616 bytes,     192616 total
- age   2:     382672 bytes,     575288 total
- age   3:     224776 bytes,     800064 total
- age   4:     147880 bytes,     947944 total
: 16854K->927K(18624K), 0.0022359 secs] 53317K->37472K(83392K), 0.0024133 secs] [Times: user=0.00 sys=0.00, real=0.01 secs] 
21.817: [GC 21.817: [ParNew
Desired survivor size 1343488 bytes, new threshold 4 (max 4)
- age   1:     240648 bytes,     240648 total
- age   2:     192576 bytes,     433224 total
- age   3:     382672 bytes,     815896 total
: 16898K->798K(18624K), 0.0014591 secs] 53442K->37464K(83392K), 0.0016243 secs] [Times: user=0.00 sys=0.00, real=0.00 secs] 
21.831: [GC 21.831: [ParNew
Desired survivor size 1343488 bytes, new threshold 4 (max 4)
- age   1:     486744 bytes,     486744 total
- age   2:     120904 bytes,     607648 total
- age   3:      97440 bytes,     705088 total
- age   4:     382672 bytes,    1087760 total
: 16767K->1065K(18624K), 0.0015959 secs] 53433K->37731K(83392K), 0.0016840 secs] [Times: user=0.00 sys=0.00, real=0.01 secs] 
21.844: [GC 21.844: [ParNew
Desired survivor size 1343488 bytes, new threshold 4 (max 4)
- age   1:     379944 bytes,     379944 total
- age   2:     166552 bytes,     546496 total
- age   3:     120200 bytes,     666696 total
- age   4:      97440 bytes,     764136 total
: 16976K->748K(18624K), 0.0018147 secs] 53642K->37788K(83392K), 0.0019594 secs] [Times: user=0.01 sys=0.00, real=0.00 secs] 
21.857: [GC 21.857: [ParNew
Desired survivor size 1343488 bytes, new threshold 4 (max 4)
- age   1:    1043032 bytes,    1043032 total
- age   2:        624 bytes,    1043656 total
- age   3:     166552 bytes,    1210208 total
- age   4:     120200 bytes,    1330408 total
: 16718K->1301K(18624K), 0.0022139 secs] 53758K->38392K(83392K), 0.0023123 secs] [Times: user=0.00 sys=0.00, real=0.00 secs] 
21.873: [GC 21.874: [ParNew
Desired survivor size 1343488 bytes, new threshold 4 (max 4)
- age   1:     591584 bytes,     591584 total
- age   2:     424032 bytes,    1015616 total
- age   3:        624 bytes,    1016240 total
- age   4:     166552 bytes,    1182792 total
: 17293K->1156K(18624K), 0.0021975 secs] 54385K->38365K(83392K), 0.0022953 secs] [Times: user=0.00 sys=0.01, real=0.00 secs] 
21.889: [GC 21.889: [ParNew
Desired survivor size 1343488 bytes, new threshold 4 (max 4)
- age   1:     459000 bytes,     459000 total
- age   2:     339856 bytes,     798856 total
- age   3:     288520 bytes,    1087376 total
- age   4:        624 bytes,    1088000 total
: 17154K->1064K(18624K), 0.0016169 secs] 54362K->38435K(83392K), 0.0017029 secs] [Times: user=0.00 sys=0.00, real=0.00 secs] 
21.903: [GC 21.903: [ParNew
Desired survivor size 1343488 bytes, new threshold 3 (max 4)
- age   1:     653728 bytes,     653728 total
- age   2:     377872 bytes,    1031600 total
- age   3:     339856 bytes,    1371456 total
- age   4:     288520 bytes,    1659976 total
: 17024K->1623K(18624K), 0.0020437 secs] 54395K->38995K(83392K), 0.0021768 secs] [Times: user=0.01 sys=0.00, real=0.00 secs] 
21.917: [GC 21.917: [ParNew
Desired survivor size 1343488 bytes, new threshold 4 (max 4)
- age   1:     393168 bytes,     393168 total
- age   2:     456424 bytes,     849592 total
- age   3:     377872 bytes,    1227464 total
: 17547K->1201K(18624K), 0.0024118 secs] 54918K->38904K(83392K), 0.0025452 secs] [Times: user=0.01 sys=0.00, real=0.00 secs] 
21.932: [GC 21.932: [ParNew
Desired survivor size 1343488 bytes, new threshold 3 (max 4)
- age   1:     931088 bytes,     931088 total
- age   2:     333824 bytes,    1264912 total
- age   3:     276504 bytes,    1541416 total
- age   4:     377872 bytes,    1919288 total
: 17172K->1877K(18624K), 0.0022770 secs] 54874K->39579K(83392K), 0.0023779 secs] [Times: user=0.00 sys=0.00, real=0.00 secs] 
21.949: [GC 21.949: [ParNew
Desired survivor size 1343488 bytes, new threshold 3 (max 4)
- age   1:     458592 bytes,     458592 total
- age   2:     715392 bytes,    1173984 total
- age   3:     333728 bytes,    1507712 total
: 17877K->1474K(18624K), 0.0023437 secs] 55579K->39446K(83392K), 0.0024365 secs] [Times: user=0.01 sys=0.00, real=0.01 secs] 
21.963: [GC 21.964: [ParNew
Desired survivor size 1343488 bytes, new threshold 3 (max 4)
- age   1:     493272 bytes,     493272 total
- age   2:     456776 bytes,     950048 total
- age   3:     485960 bytes,    1436008 total
: 17462K->1407K(18624K), 0.0023678 secs] 55434K->39561K(83392K), 0.0025053 secs] [Times: user=0.00 sys=0.00, real=0.00 secs] 
21.978: [GC 21.979: [ParNew
Desired survivor size 1343488 bytes, new threshold 4 (max 4)
- age   1:     392960 bytes,     392960 total
- age   2:     471152 bytes,     864112 total
- age   3:     456776 bytes,    1320888 total
: 17400K->1298K(18624K), 0.0021950 secs] 55554K->39886K(83392K), 0.0023163 secs] [Times: user=0.00 sys=0.00, real=0.00 secs] 
21.993: [GC 21.994: [ParNew
Desired survivor size 1343488 bytes, new threshold 4 (max 4)
- age   1:     412568 bytes,     412568 total
- age   2:     293456 bytes,     706024 total
- age   3:     314704 bytes,    1020728 total
- age   4:     456776 bytes,    1477504 total
: 17290K->1448K(18624K), 0.0019550 secs] 55878K->40036K(83392K), 0.0020670 secs] [Times: user=0.00 sys=0.00, real=0.00 secs] 
22.007: [GC 22.007: [ParNew
Desired survivor size 1343488 bytes, new threshold 4 (max 4)
- age   1:     525688 bytes,     525688 total
- age   2:     234760 bytes,     760448 total
- age   3:     293456 bytes,    1053904 total
- age   4:     314704 bytes,    1368608 total
: 17436K->1342K(18624K), 0.0020839 secs] 56025K->39938K(83392K), 0.0023526 secs] [Times: user=0.01 sys=0.00, real=0.00 secs] 
22.022: [GC 22.022: [ParNew
Desired survivor size 1343488 bytes, new threshold 4 (max 4)
- age   1:     501856 bytes,     501856 total
- age   2:     525688 bytes,    1027544 total
- age   3:     234760 bytes,    1262304 total
- age   4:     173696 bytes,    1436000 total
: 17313K->1405K(18624K), 0.0020353 secs] 55909K->40247K(83392K), 0.0021572 secs] [Times: user=0.00 sys=0.00, real=0.00 secs] 
22.037: [GC 22.037: [ParNew
Desired survivor size 1343488 bytes, new threshold 4 (max 4)
- age   1:     657632 bytes,     657632 total
- age   2:     243528 bytes,     901160 total
- age   3:     414352 bytes,    1315512 total
- age   4:     165560 bytes,    1481072 total
: 17341K->1449K(18624K), 0.0018725 secs] 56184K->40460K(83392K), 0.0019568 secs] [Times: user=0.00 sys=0.00, real=0.00 secs] 
22.051: [GC 22.051: [ParNew
Desired survivor size 1343488 bytes, new threshold 4 (max 4)
- age   1:     504808 bytes,     504808 total
- age   2:     213872 bytes,     718680 total
- age   3:     243528 bytes,     962208 total
- age   4:     260040 bytes,    1222248 total
: 17449K->1196K(18624K), 0.0018647 secs] 56460K->40370K(83392K), 0.0019569 secs] [Times: user=0.01 sys=0.00, real=0.01 secs] 
22.067: [GC 22.067: [ParNew
Desired survivor size 1343488 bytes, new threshold 4 (max 4)
- age   1:     489016 bytes,     489016 total
- age   2:     369144 bytes,     858160 total
- age   3:     145776 bytes,    1003936 total
- age   4:     243528 bytes,    1247464 total
: 17147K->1220K(18624K), 0.0020576 secs] 56320K->40433K(83392K), 0.0021461 secs] [Times: user=0.00 sys=0.00, real=0.00 secs] 
22.084: [GC 22.084: [ParNew
Desired survivor size 1343488 bytes, new threshold 4 (max 4)
- age   1:     325232 bytes,     325232 total
- age   2:     146840 bytes,     472072 total
- age   3:     369144 bytes,     841216 total
- age   4:     145776 bytes,     986992 total
: 17220K->969K(18624K), 0.0025105 secs] 56433K->40419K(83392K), 0.0026239 secs] [Times: user=0.01 sys=0.00, real=0.00 secs] 
22.097: [GC 22.098: [ParNew
Desired survivor size 1343488 bytes, new threshold 4 (max 4)
- age   1:     273048 bytes,     273048 total
- age   2:     282024 bytes,     555072 total
- age   3:     146840 bytes,     701912 total
- age   4:     369144 bytes,    1071056 total
: 16942K->1050K(18624K), 0.0019103 secs] 56392K->40642K(83392K), 0.0020131 secs] [Times: user=0.01 sys=0.00, real=0.00 secs] 
22.119: [GC 22.119: [ParNew
Desired survivor size 1343488 bytes, new threshold 4 (max 4)
- age   1:     415864 bytes,     415864 total
- age   2:     170744 bytes,     586608 total
- age   3:     282024 bytes,     868632 total
- age   4:     146840 bytes,    1015472 total
: 17049K->994K(18624K), 0.0018915 secs] 56641K->40947K(83392K), 0.0019822 secs] [Times: user=0.00 sys=0.00, real=0.00 secs] 
22.134: [GC 22.134: [ParNew
Desired survivor size 1343488 bytes, new threshold 4 (max 4)
- age   1:     181200 bytes,     181200 total
- age   2:     366696 bytes,     547896 total
- age   3:      54208 bytes,     602104 total
- age   4:     282024 bytes,     884128 total
: 16981K->875K(18624K), 0.0017139 secs] 56934K->40972K(83392K), 0.0018721 secs] [Times: user=0.01 sys=0.00, real=0.00 secs] 
22.147: [GC 22.147: [ParNew
Desired survivor size 1343488 bytes, new threshold 4 (max 4)
- age   1:     421904 bytes,     421904 total
- age   2:     157048 bytes,     578952 total
- age   3:     206088 bytes,     785040 total
- age   4:      54208 bytes,     839248 total
: 16872K->835K(18624K), 0.0017396 secs] 56968K->41207K(83392K), 0.0018399 secs] [Times: user=0.00 sys=0.00, real=0.00 secs] 
22.161: [GC 22.161: [ParNew
Desired survivor size 1343488 bytes, new threshold 4 (max 4)
- age   1:     228424 bytes,     228424 total
- age   2:     131272 bytes,     359696 total
- age   3:     157048 bytes,     516744 total
- age   4:     146360 bytes,     663104 total
: 16819K->663K(18624K), 0.0016918 secs] 57191K->41087K(83392K), 0.0018339 secs] [Times: user=0.00 sys=0.00, real=0.01 secs] 
22.174: [GC 22.175: [ParNew
Desired survivor size 1343488 bytes, new threshold 4 (max 4)
- age   1:     335504 bytes,     335504 total
- age   2:      94960 bytes,     430464 total
- age   3:     131272 bytes,     561736 total
- age   4:     157048 bytes,     718784 total
: 16661K->721K(18624K), 0.0018105 secs] 57085K->41289K(83392K), 0.0019182 secs] [Times: user=0.00 sys=0.00, real=0.00 secs] 
22.188: [GC 22.188: [ParNew
Desired survivor size 1343488 bytes, new threshold 4 (max 4)
- age   1:     145640 bytes,     145640 total
- age   2:     112040 bytes,     257680 total
- age   3:      94960 bytes,     352640 total
- age   4:     131272 bytes,     483912 total
: 16720K->475K(18624K), 0.0013799 secs] 57287K->41196K(83392K), 0.0014689 secs] [Times: user=0.01 sys=0.00, real=0.00 secs] 
22.202: [GC 22.202: [ParNew
Desired survivor size 1343488 bytes, new threshold 4 (max 4)
- age   1:     890384 bytes,     890384 total
- age   2:     107064 bytes,     997448 total
- age   3:     112040 bytes,    1109488 total
- age   4:      94960 bytes,    1204448 total
: 16475K->1192K(18624K), 0.0019097 secs] 57196K->42041K(83392K), 0.0020293 secs] [Times: user=0.00 sys=0.00, real=0.00 secs] 
22.216: [GC 22.217: [ParNew
Desired survivor size 1343488 bytes, new threshold 4 (max 4)
- age   1:     406136 bytes,     406136 total
- age   2:     518592 bytes,     924728 total
- age   3:     106984 bytes,    1031712 total
- age   4:     112040 bytes,    1143752 total
: 17171K->1123K(18624K), 0.0019302 secs] 58020K->42065K(83392K), 0.0020441 secs] [Times: user=0.00 sys=0.00, real=0.00 secs] 
22.231: [GC 22.231: [ParNew
Desired survivor size 1343488 bytes, new threshold 4 (max 4)
- age   1:     214328 bytes,     214328 total
- age   2:     112080 bytes,     326408 total
- age   3:     518592 bytes,     845000 total
- age   4:     106984 bytes,     951984 total
: 17052K->933K(18624K), 0.0015453 secs] 57994K->41984K(83392K), 0.0016278 secs] [Times: user=0.00 sys=0.00, real=0.01 secs] 
22.245: [GC 22.245: [ParNew
Desired survivor size 1343488 bytes, new threshold 3 (max 4)
- age   1:    1292872 bytes,    1292872 total
- age   3:     112080 bytes,    1404952 total
- age   4:     518592 bytes,    1923544 total
: 16896K->1887K(18624K), 0.0024656 secs] 57947K->43042K(83392K), 0.0025836 secs] [Times: user=0.01 sys=0.00, real=0.00 secs] 
22.259: [GC 22.259: [ParNew
Desired survivor size 1343488 bytes, new threshold 4 (max 4)
- age   1:     356496 bytes,     356496 total
- age   2:     856552 bytes,    1213048 total
: 17875K->1188K(18624K), 0.0022323 secs] 59031K->42959K(83392K), 0.0023619 secs] [Times: user=0.00 sys=0.00, real=0.00 secs] 
22.274: [GC 22.274: [ParNew
Desired survivor size 1343488 bytes, new threshold 4 (max 4)
- age   1:     197816 bytes,     197816 total
- age   2:     307008 bytes,     504824 total
- age   3:     490360 bytes,     995184 total
: 17179K->975K(18624K), 0.0016495 secs] 58951K->42747K(83392K), 0.0017753 secs] [Times: user=0.00 sys=0.00, real=0.00 secs] 
22.288: [GC 22.288: [ParNew
Desired survivor size 1343488 bytes, new threshold 4 (max 4)
- age   1:     726176 bytes,     726176 total
- age   2:     142736 bytes,     868912 total
- age   3:     135728 bytes,    1004640 total
- age   4:     417824 bytes,    1422464 total
: 16922K->1392K(18624K), 0.0021277 secs] 58694K->43164K(83392K), 0.0022443 secs] [Times: user=0.00 sys=0.00, real=0.00 secs] 
22.303: [GC 22.303: [ParNew
Desired survivor size 1343488 bytes, new threshold 4 (max 4)
- age   1:     213808 bytes,     213808 total
- age   2:     533856 bytes,     747664 total
- age   3:     142704 bytes,     890368 total
- age   4:     135728 bytes,    1026096 total
: 17368K->1005K(18624K), 0.0017678 secs] 59139K->43104K(83392K), 0.0018705 secs] [Times: user=0.01 sys=0.00, real=0.00 secs] 
22.317: [GC 22.317: [ParNew
Desired survivor size 1343488 bytes, new threshold 4 (max 4)
- age   1:     884056 bytes,     884056 total
- age   2:     128992 bytes,    1013048 total
- age   3:     219000 bytes,    1232048 total
- age   4:     142704 bytes,    1374752 total
: 16955K->1346K(18624K), 0.0018590 secs] 59055K->43577K(83392K), 0.0019997 secs] [Times: user=0.01 sys=0.00, real=0.00 secs] 
22.331: [GC 22.332: [ParNew
Desired survivor size 1343488 bytes, new threshold 4 (max 4)
- age   1:     166504 bytes,     166504 total
- age   2:     355960 bytes,     522464 total
- age   3:     128992 bytes,     651456 total
- age   4:     219000 bytes,     870456 total
: 17345K->850K(18624K), 0.0044549 secs] 59577K->43221K(83392K), 0.0045753 secs] [Times: user=0.00 sys=0.00, real=0.00 secs] 
22.348: [GC 22.348: [ParNew
Desired survivor size 1343488 bytes, new threshold 4 (max 4)
- age   1:     455312 bytes,     455312 total
- age   2:      85584 bytes,     540896 total
- age   3:     355960 bytes,     896856 total
- age   4:     128992 bytes,    1025848 total
: 16781K->1004K(18624K), 0.0017613 secs] 59152K->43589K(83392K), 0.0018539 secs] [Times: user=0.00 sys=0.00, real=0.00 secs] 
22.363: [GC 22.363: [ParNew
Desired survivor size 1343488 bytes, new threshold 4 (max 4)
- age   1:     578808 bytes,     578808 total
- age   2:     281968 bytes,     860776 total
- age   3:      84880 bytes,     945656 total
- age   4:     355960 bytes,    1301616 total
: 16970K->1273K(18624K), 0.0019320 secs] 59555K->43984K(83392K), 0.0020510 secs] [Times: user=0.01 sys=0.00, real=0.00 secs] 
22.377: [GC 22.377: [ParNew
Desired survivor size 1343488 bytes, new threshold 4 (max 4)
- age   1:     395432 bytes,     395432 total
- age   2:     422064 bytes,     817496 total
- age   3:     281968 bytes,    1099464 total
- age   4:      84880 bytes,    1184344 total
: 17216K->1158K(18624K), 0.0021455 secs] 59927K->44217K(83392K), 0.0022623 secs] [Times: user=0.01 sys=0.00, real=0.00 secs] 
22.392: [GC 22.392: [ParNew
Desired survivor size 1343488 bytes, new threshold 4 (max 4)
- age   1:     563776 bytes,     563776 total
- age   2:     329456 bytes,     893232 total
- age   3:     421984 bytes,    1315216 total
- age   4:     281968 bytes,    1597184 total
: 17124K->1561K(18624K), 0.0024648 secs] 60182K->44702K(83392K), 0.0025833 secs] [Times: user=0.00 sys=0.00, real=0.00 secs] 
22.406: [GC 22.406: [ParNew
Desired survivor size 1343488 bytes, new threshold 4 (max 4)
- age   1:     487624 bytes,     487624 total
- age   2:     497896 bytes,     985520 total
- age   3:     195856 bytes,    1181376 total
- age   4:     278704 bytes,    1460080 total
: 17558K->1428K(18624K), 0.0022677 secs] 60699K->44845K(83392K), 0.0024082 secs] [Times: user=0.00 sys=0.00, real=0.00 secs] 
22.420: [GC 22.420: [ParNew
Desired survivor size 1343488 bytes, new threshold 4 (max 4)
- age   1:     833080 bytes,     833080 total
- age   3:     497896 bytes,    1330976 total
- age   4:     195856 bytes,    1526832 total
: 17400K->1494K(18624K), 0.0022889 secs] 60817K->45099K(83392K), 0.0024057 secs] [Times: user=0.01 sys=0.00, real=0.01 secs] 
22.434: [GC 22.434: [ParNew
Desired survivor size 1343488 bytes, new threshold 4 (max 4)
- age   1:     825208 bytes,     825208 total
- age   2:     403152 bytes,    1228360 total
- age   4:     272816 bytes,    1501176 total
: 17470K->1468K(18624K), 0.0024389 secs] 61075K->45192K(83392K), 0.0025547 secs] [Times: user=0.00 sys=0.00, real=0.00 secs] 
22.448: [GC 22.448: [ParNew
Desired survivor size 1343488 bytes, new threshold 4 (max 4)
- age   1:     233312 bytes,     233312 total
- age   2:     670368 bytes,     903680 total
- age   3:     155240 bytes,    1058920 total
: 17457K->1037K(18624K), 0.0019379 secs] 61180K->45026K(83392K), 0.0020347 secs] [Times: user=0.00 sys=0.00, real=0.00 secs] 
22.462: [GC 22.463: [ParNew
Desired survivor size 1343488 bytes, new threshold 4 (max 4)
- age   1:     725624 bytes,     725624 total
- age   2:     160576 bytes,     886200 total
- age   3:     396592 bytes,    1282792 total
- age   4:     155240 bytes,    1438032 total
: 16981K->1406K(18624K), 0.0021831 secs] 60971K->45396K(83392K), 0.0022839 secs] [Times: user=0.00 sys=0.00, real=0.00 secs] 
22.477: [GC 22.477: [ParNew
Desired survivor size 1343488 bytes, new threshold 2 (max 4)
- age   1:     910520 bytes,     910520 total
- age   2:     611840 bytes,    1522360 total
- age   3:     160576 bytes,    1682936 total
- age   4:     110416 bytes,    1793352 total
: 17406K->1754K(18624K), 0.0023475 secs] 61396K->45895K(83392K), 0.0024425 secs] [Times: user=0.01 sys=0.00, real=0.00 secs] 
22.492: [GC 22.492: [ParNew
Desired survivor size 1343488 bytes, new threshold 4 (max 4)
- age   1:     394184 bytes,     394184 total
- age   2:     869368 bytes,    1263552 total
: 17753K->1237K(18624K), 0.0024656 secs] 61894K->45913K(83392K), 0.0025704 secs] [Times: user=0.00 sys=0.00, real=0.00 secs] 
22.507: [GC 22.507: [ParNew
Desired survivor size 1343488 bytes, new threshold 4 (max 4)
- age   1:     147688 bytes,     147688 total
- age   2:     264464 bytes,     412152 total
- age   3:     869368 bytes,    1281520 total
: 17225K->1255K(18624K), 0.0021854 secs] 61901K->45930K(83392K), 0.0022947 secs] [Times: user=0.00 sys=0.00, real=0.00 secs] 
22.521: [GC 22.521: [ParNew
Desired survivor size 1343488 bytes, new threshold 4 (max 4)
- age   1:     396784 bytes,     396784 total
- age   2:      96864 bytes,     493648 total
- age   3:     264464 bytes,     758112 total
- age   4:     400560 bytes,    1158672 total
: 17255K->1134K(18624K), 0.0017406 secs] 61930K->45810K(83392K), 0.0018441 secs] [Times: user=0.00 sys=0.00, real=0.01 secs] 
22.539: [GC 22.540: [ParNew
Desired survivor size 1343488 bytes, new threshold 4 (max 4)
- age   1:     401656 bytes,     401656 total
- age   2:     224256 bytes,     625912 total
- age   3:      96864 bytes,     722776 total
- age   4:      95408 bytes,     818184 total
: 17072K->801K(18624K), 0.0017325 secs] 61748K->45868K(83392K), 0.0018131 secs] [Times: user=0.00 sys=0.00, real=0.00 secs] 
22.556: [GC 22.556: [ParNew
Desired survivor size 1343488 bytes, new threshold 4 (max 4)
- age   1:     354568 bytes,     354568 total
- age   2:     249712 bytes,     604280 total
- age   3:     224256 bytes,     828536 total
- age   4:      96864 bytes,     925400 total
: 16787K->905K(18624K), 0.0016177 secs] 61854K->46065K(83392K), 0.0017035 secs] [Times: user=0.01 sys=0.00, real=0.00 secs] 
22.569: [GC 22.570: [ParNew
Desired survivor size 1343488 bytes, new threshold 4 (max 4)
- age   1:     359664 bytes,     359664 total
- age   2:     285616 bytes,     645280 total
- age   3:     185192 bytes,     830472 total
- age   4:     224256 bytes,    1054728 total
: 16821K->1031K(18624K), 0.0018990 secs] 61981K->46286K(83392K), 0.0019973 secs] [Times: user=0.00 sys=0.00, real=0.00 secs] 
22.586: [GC 22.586: [ParNew
Desired survivor size 1343488 bytes, new threshold 4 (max 4)
- age   1:     378160 bytes,     378160 total
- age   2:     140648 bytes,     518808 total
- age   3:     145488 bytes,     664296 total
- age   4:     185192 bytes,     849488 total
: 17031K->834K(18624K), 0.0020330 secs] 62286K->46308K(83392K), 0.0021296 secs] [Times: user=0.00 sys=0.01, real=0.00 secs] 
22.599: [GC 22.599: [ParNew
Desired survivor size 1343488 bytes, new threshold 4 (max 4)
- age   1:     306496 bytes,     306496 total
- age   2:     233160 bytes,     539656 total
- age   4:     145488 bytes,     685144 total
: 16730K->678K(18624K), 0.0015937 secs] 62204K->46333K(83392K), 0.0016919 secs] [Times: user=0.01 sys=0.00, real=0.00 secs] 
22.614: [GC 22.614: [ParNew
Desired survivor size 1343488 bytes, new threshold 4 (max 4)
- age   1:     970864 bytes,     970864 total
- age   3:     233160 bytes,    1204024 total
: 16665K->1188K(18624K), 0.0020183 secs] 62320K->46985K(83392K), 0.0021256 secs] [Times: user=0.01 sys=0.00, real=0.00 secs] 
22.628: [GC 22.629: [ParNew
Desired survivor size 1343488 bytes, new threshold 4 (max 4)
- age   1:     429792 bytes,     429792 total
- age   2:     340960 bytes,     770752 total
- age   4:     233160 bytes,    1003912 total
: 17182K->985K(18624K), 0.0015406 secs] 62979K->46782K(83392K), 0.0016577 secs] [Times: user=0.00 sys=0.00, real=0.00 secs] 
22.642: [GC 22.643: [ParNew
Desired survivor size 1343488 bytes, new threshold 2 (max 4)
- age   1:    1236544 bytes,    1236544 total
- age   2:     239808 bytes,    1476352 total
- age   3:     340960 bytes,    1817312 total
: 16985K->1785K(18624K), 0.0039673 secs] 62782K->47809K(83392K), 0.0040844 secs] [Times: user=0.00 sys=0.00, real=0.00 secs] 
22.658: [GC 22.658: [ParNew
Desired survivor size 1343488 bytes, new threshold 2 (max 4)
- age   1:     616128 bytes,     616128 total
- age   2:     915312 bytes,    1531440 total
: 17758K->1497K(18624K), 0.0029390 secs] 63782K->48088K(83392K), 0.0030444 secs] [Times: user=0.01 sys=0.00, real=0.00 secs] 
22.672: [GC 22.672: [ParNew
Desired survivor size 1343488 bytes, new threshold 4 (max 4)
- age   1:     414536 bytes,     414536 total
- age   2:     534616 bytes,     949152 total
: 17483K->933K(18624K), 0.0027671 secs] 64074K->48418K(83392K), 0.0028879 secs] [Times: user=0.00 sys=0.00, real=0.00 secs] 
22.686: [GC 22.686: [ParNew
Desired survivor size 1343488 bytes, new threshold 4 (max 4)
- age   1:     436384 bytes,     436384 total
- age   2:     299816 bytes,     736200 total
- age   3:     534616 bytes,    1270816 total
: 16929K->1244K(18624K), 0.0019766 secs] 64415K->48730K(83392K), 0.0021179 secs] [Times: user=0.00 sys=0.00, real=0.00 secs] 
22.701: [GC 22.701: [ParNew
Desired survivor size 1343488 bytes, new threshold 4 (max 4)
- age   1:     493000 bytes,     493000 total
- age   2:     398656 bytes,     891656 total
- age   3:     134560 bytes,    1026216 total
- age   4:     534616 bytes,    1560832 total
: 17199K->1527K(18624K), 0.0021405 secs] 64685K->49013K(83392K), 0.0022505 secs] [Times: user=0.01 sys=0.00, real=0.01 secs] 
22.715: [GC 22.715: [ParNew
Desired survivor size 1343488 bytes, new threshold 4 (max 4)
- age   1:     504384 bytes,     504384 total
- age   2:     408664 bytes,     913048 total
- age   3:     238704 bytes,    1151752 total
- age   4:     134560 bytes,    1286312 total
: 17469K->1259K(18624K), 0.0023006 secs] 64954K->49189K(83392K), 0.0024171 secs] [Times: user=0.00 sys=0.00, real=0.00 secs] 
22.729: [GC 22.729: [ParNew
Desired survivor size 1343488 bytes, new threshold 4 (max 4)
- age   1:     761504 bytes,     761504 total
- age   2:     114584 bytes,     876088 total
- age   3:     408664 bytes,    1284752 total
- age   4:     238704 bytes,    1523456 total
: 17208K->1491K(18624K), 0.0024638 secs] 65138K->49552K(83392K), 0.0025796 secs] [Times: user=0.00 sys=0.00, real=0.00 secs] 
22.743: [GC 22.743: [ParNew
Desired survivor size 1343488 bytes, new threshold 4 (max 4)
- age   1:     355664 bytes,     355664 total
- age   2:     646032 bytes,    1001696 total
- age   3:     114584 bytes,    1116280 total
- age   4:     206288 bytes,    1322568 total
: 17448K->1295K(18624K), 0.0022720 secs] 65509K->49589K(83392K), 0.0024000 secs] [Times: user=0.00 sys=0.00, real=0.00 secs] 
22.756: [GC 22.757: [ParNew
Desired survivor size 1343488 bytes, new threshold 4 (max 4)
- age   1:     239672 bytes,     239672 total
- age   2:     285600 bytes,     525272 total
- age   3:     646032 bytes,    1171304 total
- age   4:     114584 bytes,    1285888 total
: 17211K->1258K(18624K), 0.0024987 secs] 65505K->49594K(83392K), 0.0026333 secs] [Times: user=0.01 sys=0.00, real=0.00 secs] 
22.771: [GC 22.771: [ParNew
Desired survivor size 1343488 bytes, new threshold 4 (max 4)
- age   1:     440704 bytes,     440704 total
- age   2:      78008 bytes,     518712 total
- age   3:     165712 bytes,     684424 total
- age   4:     227528 bytes,     911952 total
: 17258K->892K(18624K), 0.0015692 secs] 65594K->49228K(83392K), 0.0016536 secs] [Times: user=0.00 sys=0.00, real=0.01 secs] 
22.785: [GC 22.785: [ParNew
Desired survivor size 1343488 bytes, new threshold 4 (max 4)
- age   1:     772840 bytes,     772840 total
- age   2:     271432 bytes,    1044272 total
- age   3:      77976 bytes,    1122248 total
- age   4:     165712 bytes,    1287960 total
: 16884K->1259K(18624K), 0.0020383 secs] 65221K->49817K(83392K), 0.0021442 secs] [Times: user=0.00 sys=0.00, real=0.00 secs] 
22.798: [GC 22.798: [ParNew
Desired survivor size 1343488 bytes, new threshold 4 (max 4)
- age   1:     428112 bytes,     428112 total
- age   2:     491896 bytes,     920008 total
- age   3:     271432 bytes,    1191440 total
- age   4:      77976 bytes,    1269416 total
: 17207K->1241K(18624K), 0.0022739 secs] 65765K->49961K(83392K), 0.0023721 secs] [Times: user=0.00 sys=0.00, real=0.00 secs] 
22.813: [GC 22.813: [ParNew
Desired survivor size 1343488 bytes, new threshold 4 (max 4)
- age   1:     763248 bytes,     763248 total
- age   2:     156528 bytes,     919776 total
- age   3:     407872 bytes,    1327648 total
- age   4:     271432 bytes,    1599080 total
: 17200K->1564K(18624K), 0.0022977 secs] 65920K->50360K(83392K), 0.0023978 secs] [Times: user=0.01 sys=0.00, real=0.00 secs] 
22.826: [GC 22.827: [ParNew
Desired survivor size 1343488 bytes, new threshold 4 (max 4)
- age   1:     659080 bytes,     659080 total
- age   2:     167952 bytes,     827032 total
- age   3:     156528 bytes,     983560 total
- age   4:     238552 bytes,    1222112 total
: 17496K->1197K(18624K), 0.0021093 secs] 66292K->50258K(83392K), 0.0022220 secs] [Times: user=0.00 sys=0.00, real=0.00 secs] 
22.841: [GC 22.841: [ParNew
Desired survivor size 1343488 bytes, new threshold 4 (max 4)
- age   1:     238592 bytes,     238592 total
- age   3:     167952 bytes,     406544 total
- age   4:     156528 bytes,     563072 total
: 17164K->552K(18624K), 0.0038731 secs] 66226K->49846K(83392K), 0.0040100 secs] [Times: user=0.00 sys=0.00, real=0.01 secs] 
22.862: [GC 22.862: [ParNew
Desired survivor size 1343488 bytes, new threshold 4 (max 4)
- age   1:     541128 bytes,     541128 total
- age   2:      68696 bytes,     609824 total
- age   4:     167952 bytes,     777776 total
: 16544K->760K(18624K), 0.0016328 secs] 65839K->50208K(83392K), 0.0017278 secs] [Times: user=0.01 sys=0.00, real=0.00 secs] 
22.875: [GC 22.875: [ParNew
Desired survivor size 1343488 bytes, new threshold 4 (max 4)
- age   1:     302480 bytes,     302480 total
- age   2:     434712 bytes,     737192 total
- age   3:      68696 bytes,     805888 total
: 16757K->790K(18624K), 0.0024340 secs] 66204K->50402K(83392K), 0.0025785 secs] [Times: user=0.00 sys=0.01, real=0.00 secs] 
22.891: [GC 22.891: [ParNew
Desired survivor size 1343488 bytes, new threshold 4 (max 4)
- age   1:     203936 bytes,     203936 total
- age   2:      30920 bytes,     234856 total
- age   3:     178688 bytes,     413544 total
- age   4:      68696 bytes,     482240 total
: 16785K->472K(18624K), 0.0016440 secs] 66396K->50083K(83392K), 0.0017377 secs] [Times: user=0.00 sys=0.00, real=0.01 secs] 
22.914: [GC 22.914: [ParNew
Desired survivor size 1343488 bytes, new threshold 4 (max 4)
- age   1:     721632 bytes,     721632 total
- age   2:     115808 bytes,     837440 total
- age   3:      30920 bytes,     868360 total
- age   4:     178576 bytes,    1046936 total
: 16467K->1025K(18624K), 0.0021960 secs] 66079K->50638K(83392K), 0.0022856 secs] [Times: user=0.01 sys=0.00, real=0.00 secs] 
22.928: [GC 22.928: [ParNew
Desired survivor size 1343488 bytes, new threshold 4 (max 4)
- age   1:     282040 bytes,     282040 total
- age   2:     398400 bytes,     680440 total
- age   3:     115808 bytes,     796248 total
- age   4:      30920 bytes,     827168 total
: 16970K->821K(18624K), 0.0017887 secs] 66584K->50609K(83392K), 0.0018963 secs] [Times: user=0.01 sys=0.00, real=0.00 secs] 
22.941: [GC 22.941: [ParNew
Desired survivor size 1343488 bytes, new threshold 4 (max 4)
- age   1:     427168 bytes,     427168 total
- age   2:     175800 bytes,     602968 total
- age   3:     370192 bytes,     973160 total
- age   4:     115808 bytes,    1088968 total
: 16769K->1094K(18624K), 0.0022920 secs] 66556K->50912K(83392K), 0.0024051 secs] [Times: user=0.00 sys=0.00, real=0.01 secs] 
22.955: [GC 22.955: [ParNew
Desired survivor size 1343488 bytes, new threshold 4 (max 4)
- age   1:     124752 bytes,     124752 total
- age   2:     231640 bytes,     356392 total
- age   3:     175800 bytes,     532192 total
- age   4:     370192 bytes,     902384 total
: 17069K->896K(18624K), 0.0020301 secs] 66887K->50827K(83392K), 0.0021946 secs] [Times: user=0.00 sys=0.00, real=0.00 secs] 
22.971: [GC 22.971: [ParNew
Desired survivor size 1343488 bytes, new threshold 4 (max 4)
- age   1:     163792 bytes,     163792 total
- age   2:      67480 bytes,     231272 total
- age   3:     231640 bytes,     462912 total
- age   4:     175800 bytes,     638712 total
: 16887K->654K(18624K), 0.0021408 secs] 66818K->50946K(83392K), 0.0022530 secs] [Times: user=0.00 sys=0.00, real=0.01 secs] 
22.986: [GC 22.986: [ParNew
Desired survivor size 1343488 bytes, new threshold 4 (max 4)
- age   1:     719264 bytes,     719264 total
- age   2:      95872 bytes,     815136 total
- age   4:     231640 bytes,    1046776 total
: 16653K->1037K(18624K), 0.0018956 secs] 66945K->51501K(83392K), 0.0019844 secs] [Times: user=0.01 sys=0.00, real=0.00 secs] 
23.008: [GC 23.008: [ParNew
Desired survivor size 1343488 bytes, new threshold 2 (max 4)
- age   1:     731496 bytes,     731496 total
- age   2:     653776 bytes,    1385272 total
- age   3:      95872 bytes,    1481144 total
: 17037K->1451K(18624K), 0.0024500 secs] 67501K->52142K(83392K), 0.0025328 secs] [Times: user=0.00 sys=0.00, real=0.00 secs] 
23.028: [GC 23.029: [ParNew
Desired survivor size 1343488 bytes, new threshold 4 (max 4)
- age   1:     172096 bytes,     172096 total
- age   2:     469792 bytes,     641888 total
: 17451K->633K(18624K), 0.0020299 secs] 68142K->52055K(83392K), 0.0021307 secs] [Times: user=0.00 sys=0.00, real=0.00 secs] 
23.043: [GC 23.043: [ParNew
Desired survivor size 1343488 bytes, new threshold 4 (max 4)
- age   1:     342984 bytes,     342984 total
- age   2:     159024 bytes,     502008 total
- age   3:     469792 bytes,     971800 total
: 16630K->961K(18624K), 0.0019990 secs] 68053K->52383K(83392K), 0.0020999 secs] [Times: user=0.00 sys=0.00, real=0.00 secs] 
23.061: [GC 23.061: [ParNew
Desired survivor size 1343488 bytes, new threshold 4 (max 4)
- age   1:     547344 bytes,     547344 total
- age   2:     197576 bytes,     744920 total
- age   3:     159024 bytes,     903944 total
- age   4:     469792 bytes,    1373736 total
: 16950K->1346K(18624K), 0.0018733 secs] 68372K->52768K(83392K), 0.0019909 secs] [Times: user=0.01 sys=0.00, real=0.01 secs] 
23.076: [GC 23.076: [ParNew
Desired survivor size 1343488 bytes, new threshold 4 (max 4)
- age   1:     286248 bytes,     286248 total
- age   2:     390472 bytes,     676720 total
- age   3:     197576 bytes,     874296 total
- age   4:     159024 bytes,    1033320 total
: 17346K->1023K(18624K), 0.0019787 secs] 68768K->52904K(83392K), 0.0020735 secs] [Times: user=0.00 sys=0.00, real=0.00 secs] 
23.089: [GC 23.089: [ParNew
Desired survivor size 1343488 bytes, new threshold 4 (max 4)
- age   1:     174200 bytes,     174200 total
- age   2:      74568 bytes,     248768 total
- age   3:     390472 bytes,     639240 total
- age   4:     197576 bytes,     836816 total
: 17012K->844K(18624K), 0.0023514 secs] 68894K->52880K(83392K), 0.0024772 secs] [Times: user=0.00 sys=0.00, real=0.01 secs] 
23.103: [GC 23.103: [ParNew
Desired survivor size 1343488 bytes, new threshold 4 (max 4)
- age   1:     324488 bytes,     324488 total
- age   2:      34456 bytes,     358944 total
- age   3:      21376 bytes,     380320 total
- age   4:     390472 bytes,     770792 total
: 16791K->759K(18624K), 0.0017611 secs] 68828K->52988K(83392K), 0.0018536 secs] [Times: user=0.00 sys=0.00, real=0.00 secs] 
23.115: [GC 23.116: [ParNew
Desired survivor size 1343488 bytes, new threshold 4 (max 4)
- age   1:     787192 bytes,     787192 total
- age   2:     324488 bytes,    1111680 total
- age   3:      34456 bytes,    1146136 total
- age   4:      21376 bytes,    1167512 total
: 16713K->1150K(18624K), 0.0022711 secs] 68942K->53761K(83392K), 0.0023674 secs] [Times: user=0.01 sys=0.00, real=0.00 secs] 
23.131: [GC 23.131: [ParNew
Desired survivor size 1343488 bytes, new threshold 4 (max 4)
- age   1:     672376 bytes,     672376 total
- age   2:     510752 bytes,    1183128 total
- age   3:      70184 bytes,    1253312 total
- age   4:      34456 bytes,    1287768 total
: 17144K->1261K(18624K), 0.0017803 secs] 69755K->53892K(83392K), 0.0020111 secs] [Times: user=0.01 sys=0.00, real=0.01 secs] 
23.144: [GC 23.145: [ParNew
Desired survivor size 1343488 bytes, new threshold 4 (max 4)
- age   1:     604248 bytes,     604248 total
- age   2:     487480 bytes,    1091728 total
- age   3:     251720 bytes,    1343448 total
- age   4:      70184 bytes,    1413632 total
: 17183K->1383K(18624K), 0.0019512 secs] 69815K->54048K(83392K), 0.0020429 secs] [Times: user=0.00 sys=0.00, real=0.00 secs] 
23.158: [GC 23.158: [ParNew
Desired survivor size 1343488 bytes, new threshold 3 (max 4)
- age   1:     337104 bytes,     337104 total
- age   2:     520072 bytes,     857176 total
- age   3:     487480 bytes,    1344656 total
- age   4:     251720 bytes,    1596376 total
: 17382K->1561K(18624K), 0.0028513 secs] 70047K->54295K(83392K), 0.0029677 secs] [Times: user=0.00 sys=0.00, real=0.00 secs] 
23.173: [GC 23.173: [ParNew
Desired survivor size 1343488 bytes, new threshold 4 (max 4)
- age   1:     375136 bytes,     375136 total
- age   2:     306824 bytes,     681960 total
- age   3:     520072 bytes,    1202032 total
: 17541K->1176K(18624K), 0.0027721 secs] 70274K->54448K(83392K), 0.0028941 secs] [Times: user=0.01 sys=0.00, real=0.00 secs] 
23.190: [GC 23.190: [ParNew
Desired survivor size 1343488 bytes, new threshold 4 (max 4)
- age   1:     713536 bytes,     713536 total
- age   2:      38952 bytes,     752488 total
- age   3:     201504 bytes,     953992 total
- age   4:     403640 bytes,    1357632 total
: 17173K->1328K(18624K), 0.0022481 secs] 70445K->54600K(83392K), 0.0023498 secs] [Times: user=0.01 sys=0.00, real=0.01 secs] 
23.207: [GC 23.208: [ParNew
Desired survivor size 1343488 bytes, new threshold 4 (max 4)
- age   1:     236872 bytes,     236872 total
- age   2:     635056 bytes,     871928 total
- age   3:      38952 bytes,     910880 total
- age   4:     201504 bytes,    1112384 total
: 17327K->1089K(18624K), 0.0023135 secs] 70599K->54696K(83392K), 0.0024105 secs] [Times: user=0.00 sys=0.00, real=0.00 secs] 
23.221: [GC 23.221: [ParNew
Desired survivor size 1343488 bytes, new threshold 4 (max 4)
- age   1:     189848 bytes,     189848 total
- age   2:     229384 bytes,     419232 total
- age   3:     318704 bytes,     737936 total
- age   4:      38952 bytes,     776888 total
: 17082K->761K(18624K), 0.0018083 secs] 70689K->54565K(83392K), 0.0019046 secs] [Times: user=0.01 sys=0.00, real=0.01 secs] 
23.235: [GC 23.235: [ParNew
Desired survivor size 1343488 bytes, new threshold 4 (max 4)
- age   1:     586192 bytes,     586192 total
- age   2:      24608 bytes,     610800 total
- age   3:     112976 bytes,     723776 total
- age   4:      45624 bytes,     769400 total
: 16737K->760K(18624K), 0.0025547 secs] 70541K->54602K(83392K), 0.0026577 secs] [Times: user=0.01 sys=0.00, real=0.00 secs] 
23.248: [GC 23.249: [ParNew
Desired survivor size 1343488 bytes, new threshold 4 (max 4)
- age   1:     584208 bytes,     584208 total
- age   2:     522648 bytes,    1106856 total
- age   3:      24608 bytes,    1131464 total
- age   4:     112976 bytes,    1244440 total
: 16735K->1220K(18624K), 0.0019217 secs] 70577K->55107K(83392K), 0.0020411 secs] [Times: user=0.00 sys=0.00, real=0.00 secs] 
23.263: [GC 23.263: [ParNew
Desired survivor size 1343488 bytes, new threshold 3 (max 4)
- age   1:     608712 bytes,     608712 total
- age   2:     345680 bytes,     954392 total
- age   3:     441400 bytes,    1395792 total
- age   4:      24608 bytes,    1420400 total
: 17201K->1396K(18624K), 0.0021436 secs] 71088K->55393K(83392K), 0.0022421 secs] [Times: user=0.00 sys=0.00, real=0.00 secs] 
23.277: [GC 23.277: [ParNew
Desired survivor size 1343488 bytes, new threshold 4 (max 4)
- age   1:     393872 bytes,     393872 total
- age   2:     527792 bytes,     921664 total
- age   3:     345680 bytes,    1267344 total
: 17381K->1241K(18624K), 0.0023812 secs] 71377K->55613K(83392K), 0.0024950 secs] [Times: user=0.00 sys=0.00, real=0.00 secs] 
23.292: [GC 23.292: [ParNew
Desired survivor size 1343488 bytes, new threshold 3 (max 4)
- age   1:     730152 bytes,     730152 total
- age   2:     212744 bytes,     942896 total
- age   3:     527792 bytes,    1470688 total
- age   4:     345680 bytes,    1816368 total
: 17240K->1777K(18624K), 0.0020785 secs] 71613K->56149K(83392K), 0.0021760 secs] [Times: user=0.01 sys=0.00, real=0.00 secs] 
23.307: [GC 23.307: [ParNew
Desired survivor size 1343488 bytes, new threshold 4 (max 4)
- age   1:     411192 bytes,     411192 total
- age   2:     560400 bytes,     971592 total
- age   3:     150856 bytes,    1122448 total
: 17777K->1099K(18624K), 0.0023045 secs] 72149K->56053K(83392K), 0.0024065 secs] [Times: user=0.00 sys=0.01, real=0.00 secs] 
23.321: [GC 23.321: [ParNew
Desired survivor size 1343488 bytes, new threshold 4 (max 4)
- age   1:     344016 bytes,     344016 total
- age   2:     296016 bytes,     640032 total
- age   3:     560400 bytes,    1200432 total
- age   4:     150856 bytes,    1351288 total
: 17082K->1323K(18624K), 0.0022704 secs] 72036K->56276K(83392K), 0.0023791 secs] [Times: user=0.00 sys=0.00, real=0.01 secs] 
23.336: [GC 23.336: [ParNew
Desired survivor size 1343488 bytes, new threshold 4 (max 4)
- age   1:     723064 bytes,     723064 total
- age   2:     177288 bytes,     900352 total
- age   3:     200728 bytes,    1101080 total
- age   4:     324280 bytes,    1425360 total
: 17294K->1395K(18624K), 0.0026615 secs] 72248K->56496K(83392K), 0.0027783 secs] [Times: user=0.01 sys=0.00, real=0.00 secs] 
23.349: [GC 23.350: [ParNew
Desired survivor size 1343488 bytes, new threshold 4 (max 4)
- age   1:     479160 bytes,     479160 total
- age   2:     281008 bytes,     760168 total
- age   3:     177288 bytes,     937456 total
- age   4:     200728 bytes,    1138184 total
: 17379K->1114K(18624K), 0.0020720 secs] 72480K->56532K(83392K), 0.0021745 secs] [Times: user=0.01 sys=0.00, real=0.01 secs] 
23.367: [GC 23.367: [ParNew
Desired survivor size 1343488 bytes, new threshold 4 (max 4)
- age   1:    1021544 bytes,    1021544 total
- age   2:     112688 bytes,    1134232 total
- age   3:     197992 bytes,    1332224 total
- age   4:     177288 bytes,    1509512 total
: 17095K->1476K(18624K), 0.0023561 secs] 72512K->57090K(83392K), 0.0024779 secs] [Times: user=0.00 sys=0.00, real=0.00 secs] 
23.382: [GC 23.382: [ParNew
Desired survivor size 1343488 bytes, new threshold 4 (max 4)
- age   1:     310216 bytes,     310216 total
- age   2:     885728 bytes,    1195944 total
- age   3:     112688 bytes,    1308632 total
- age   4:     197992 bytes,    1506624 total
: 17464K->1474K(18624K), 0.0034151 secs] 73077K->57261K(83392K), 0.0035310 secs] [Times: user=0.01 sys=0.00, real=0.00 secs] 
23.398: [GC 23.398: [ParNew
Desired survivor size 1343488 bytes, new threshold 3 (max 4)
- age   1:     674432 bytes,     674432 total
- age   2:     153448 bytes,     827880 total
- age   3:     651704 bytes,    1479584 total
- age   4:     112688 bytes,    1592272 total
: 17463K->1562K(18624K), 0.0022032 secs] 73250K->57542K(83392K), 0.0023186 secs] [Times: user=0.00 sys=0.00, real=0.00 secs] 
23.412: [GC 23.412: [ParNew
Desired survivor size 1343488 bytes, new threshold 4 (max 4)
- age   1:     503872 bytes,     503872 total
- age   2:     572176 bytes,    1076048 total
- age   3:      42944 bytes,    1118992 total
: 17549K->1095K(18624K), 0.0019847 secs] 73529K->57448K(83392K), 0.0021279 secs] [Times: user=0.00 sys=0.00, real=0.00 secs] 
23.425: [GC 23.425: [ParNew
Desired survivor size 1343488 bytes, new threshold 4 (max 4)
- age   1:     321456 bytes,     321456 total
- age   2:     180888 bytes,     502344 total
- age   3:     572176 bytes,    1074520 total
- age   4:       6184 bytes,    1080704 total
: 17095K->1058K(18624K), 0.0025048 secs] 73447K->57411K(83392K), 0.0026042 secs] [Times: user=0.01 sys=0.00, real=0.00 secs] 
23.440: [GC 23.441: [ParNew
Desired survivor size 1343488 bytes, new threshold 4 (max 4)
- age   1:     464136 bytes,     464136 total
- age   2:      26064 bytes,     490200 total
- age   3:     180888 bytes,     671088 total
- age   4:     572176 bytes,    1243264 total
: 17024K->1220K(18624K), 0.0017179 secs] 73377K->57578K(83392K), 0.0018556 secs] [Times: user=0.01 sys=0.00, real=0.01 secs] 
23.455: [GC 23.455: [ParNew
Desired survivor size 1343488 bytes, new threshold 4 (max 4)
- age   1:     457328 bytes,     457328 total
- age   2:     158752 bytes,     616080 total
- age   3:      26064 bytes,     642144 total
- age   4:     180888 bytes,     823032 total
: 17209K->806K(18624K), 0.0019044 secs] 73567K->57723K(83392K), 0.0020052 secs] [Times: user=0.00 sys=0.00, real=0.00 secs] 
23.470: [GC 23.470: [ParNew
Desired survivor size 1343488 bytes, new threshold 4 (max 4)
- age   1:     510856 bytes,     510856 total
- age   2:     193304 bytes,     704160 total
- age   3:     158752 bytes,     862912 total
- age   4:      26064 bytes,     888976 total
: 16804K->870K(18624K), 0.0016387 secs] 73721K->57964K(83392K), 0.0017330 secs] [Times: user=0.00 sys=0.00, real=0.00 secs] 
23.486: [GC 23.486: [ParNew
Desired survivor size 1343488 bytes, new threshold 3 (max 4)
- age   1:    1003600 bytes,    1003600 total
- age   2:     316560 bytes,    1320160 total
- age   3:     193304 bytes,    1513464 total
- age   4:     158752 bytes,    1672216 total
: 16846K->1635K(18624K), 0.0047119 secs] 73940K->58754K(83392K), 0.0048267 secs] [Times: user=0.00 sys=0.00, real=0.00 secs] 
23.505: [GC 23.505: [ParNew
Desired survivor size 1343488 bytes, new threshold 4 (max 4)
- age   1:     320544 bytes,     320544 total
- age   2:     924848 bytes,    1245392 total
: 17616K->1218K(18624K), 0.0023850 secs] 74735K->58658K(83392K), 0.0024986 secs] [Times: user=0.00 sys=0.00, real=0.00 secs] 
23.519: [GC 23.519: [ParNew
Desired survivor size 1343488 bytes, new threshold 3 (max 4)
- age   1:     469920 bytes,     469920 total
- age   2:     267344 bytes,     737264 total
- age   3:     864208 bytes,    1601472 total
: 17215K->1566K(18624K), 0.0023436 secs] 74654K->59005K(83392K), 0.0024550 secs] [Times: user=0.01 sys=0.00, real=0.01 secs] 
23.533: [GC 23.533: [ParNew
Desired survivor size 1343488 bytes, new threshold 4 (max 4)
- age   1:     128392 bytes,     128392 total
- age   2:     440824 bytes,     569216 total
- age   3:     267344 bytes,     836560 total
: 17539K->819K(18624K), 0.0033134 secs] 74979K->58963K(83392K), 0.0034188 secs] [Times: user=0.01 sys=0.00, real=0.00 secs] 
23.549: [GC 23.550: [ParNew
Desired survivor size 1343488 bytes, new threshold 4 (max 4)
- age   1:     124560 bytes,     124560 total
- age   2:      55176 bytes,     179736 total
- age   3:     440824 bytes,     620560 total
- age   4:     267344 bytes,     887904 total
: 16793K->868K(18624K), 0.0020642 secs] 74938K->59012K(83392K), 0.0021730 secs] [Times: user=0.01 sys=0.00, real=0.01 secs] 
23.564: [GC 23.564: [ParNew
Desired survivor size 1343488 bytes, new threshold 2 (max 4)
- age   1:    1304520 bytes,    1304520 total
- age   2:      79280 bytes,    1383800 total
- age   3:      55176 bytes,    1438976 total
- age   4:     370720 bytes,    1809696 total
: 16828K->1769K(18624K), 0.0030239 secs] 74972K->60174K(83392K), 0.0031259 secs] [Times: user=0.00 sys=0.00, real=0.00 secs] 
23.570: [GC [1 CMS-initial-mark: 58405K(64768K)] 62606K(83392K), 0.0008419 secs] [Times: user=0.00 sys=0.00, real=0.00 secs] 
23.571: [CMS-concurrent-mark-start]
23.586: [GC 23.586: [ParNew
Desired survivor size 1343488 bytes, new threshold 2 (max 4)
- age   1:     634264 bytes,     634264 total
- age   2:    1184776 bytes,    1819040 total
: 17740K->1779K(18624K), 0.0034827 secs] 76145K->60479K(83392K), 0.0035902 secs] [Times: user=0.01 sys=0.00, real=0.00 secs] 
23.605: [GC 23.605: [ParNew
Desired survivor size 1343488 bytes, new threshold 4 (max 4)
- age   1:     432832 bytes,     432832 total
- age   2:     591944 bytes,    1024776 total
: 17771K->1003K(18624K), 0.0020149 secs] 76471K->60386K(83392K), 0.0021186 secs] [Times: user=0.00 sys=0.00, real=0.00 secs] 
23.622: [GC 23.622: [ParNew
Desired survivor size 1343488 bytes, new threshold 3 (max 4)
- age   1:     427360 bytes,     427360 total
- age   2:     379488 bytes,     806848 total
- age   3:     591944 bytes,    1398792 total
: 16995K->1368K(18624K), 0.0021869 secs] 76378K->60751K(83392K), 0.0023114 secs] [Times: user=0.00 sys=0.00, real=0.00 secs] 
23.639: [GC 23.639: [ParNew
Desired survivor size 1343488 bytes, new threshold 4 (max 4)
- age   1:     313136 bytes,     313136 total
- age   2:     370240 bytes,     683376 total
- age   3:     379488 bytes,    1062864 total
: 17318K->1041K(18624K), 0.0020645 secs] 76701K->61002K(83392K), 0.0021475 secs] [Times: user=0.01 sys=0.00, real=0.00 secs] 
23.652: [CMS-concurrent-mark: 0.068/0.081 secs] [Times: user=0.12 sys=0.01, real=0.09 secs] 
23.652: [CMS-concurrent-preclean-start]
23.652: [CMS-concurrent-preclean: 0.000/0.000 secs] [Times: user=0.00 sys=0.00, real=0.00 secs] 
23.652: [CMS-concurrent-abortable-preclean-start]
23.655: [GC 23.655: [ParNew
Desired survivor size 1343488 bytes, new threshold 4 (max 4)
- age   1:     333304 bytes,     333304 total
- age   2:     252120 bytes,     585424 total
- age   3:     370240 bytes,     955664 total
- age   4:     379488 bytes,    1335152 total
: 17013K->1307K(18624K), 0.0019585 secs] 76975K->61268K(83392K), 0.0021026 secs] [Times: user=0.00 sys=0.00, real=0.00 secs] 
23.668: [GC 23.668: [ParNew
Desired survivor size 1343488 bytes, new threshold 4 (max 4)
- age   1:     554568 bytes,     554568 total
- age   2:     168296 bytes,     722864 total
- age   3:     252120 bytes,     974984 total
- age   4:     370240 bytes,    1345224 total
: 17271K->1316K(18624K), 0.0026894 secs] 77232K->61603K(83392K), 0.0028014 secs] [Times: user=0.01 sys=0.00, real=0.00 secs] 
23.684: [GC 23.684: [ParNew
Desired survivor size 1343488 bytes, new threshold 4 (max 4)
- age   1:     438792 bytes,     438792 total
- age   2:     517288 bytes,     956080 total
- age   3:     110488 bytes,    1066568 total
- age   4:      82616 bytes,    1149184 total
: 17286K->1125K(18624K), 0.0018698 secs] 77573K->61774K(83392K), 0.0019579 secs] [Times: user=0.00 sys=0.00, real=0.00 secs] 
23.700: [GC 23.700: [ParNew
Desired survivor size 1343488 bytes, new threshold 4 (max 4)
- age   1:     519112 bytes,     519112 total
- age   2:     222128 bytes,     741240 total
- age   3:     517288 bytes,    1258528 total
- age   4:     110488 bytes,    1369016 total
: 17125K->1338K(18624K), 0.0018795 secs] 77774K->62068K(83392K), 0.0019834 secs] [Times: user=0.00 sys=0.00, real=0.01 secs] 
23.714: [GC 23.714: [ParNew
Desired survivor size 1343488 bytes, new threshold 4 (max 4)
- age   1:     241760 bytes,     241760 total
- age   2:     518816 bytes,     760576 total
- age   3:     178016 bytes,     938592 total
- age   4:     517288 bytes,    1455880 total
: 17338K->1423K(18624K), 0.0026344 secs] 78068K->62204K(83392K), 0.0027292 secs] [Times: user=0.00 sys=0.00, real=0.00 secs] 
23.729: [GC 23.729: [ParNew
Desired survivor size 1343488 bytes, new threshold 4 (max 4)
- age   1:     290216 bytes,     290216 total
- age   2:     189248 bytes,     479464 total
- age   3:     518816 bytes,     998280 total
- age   4:     118696 bytes,    1116976 total
: 17369K->1092K(18624K), 0.0023452 secs] 78150K->62029K(83392K), 0.0024434 secs] [Times: user=0.00 sys=0.00, real=0.00 secs] 
23.744: [GC 23.744: [ParNew
Desired survivor size 1343488 bytes, new threshold 4 (max 4)
- age   1:     648896 bytes,     648896 total
- age   2:     217184 bytes,     866080 total
- age   3:       8736 bytes,     874816 total
- age   4:     432432 bytes,    1307248 total
: 17042K->1285K(18624K), 0.0021109 secs] 77979K->62338K(83392K), 0.0022098 secs] [Times: user=0.00 sys=0.00, real=0.00 secs] 
23.760: [GC 23.761: [ParNew
Desired survivor size 1343488 bytes, new threshold 4 (max 4)
- age   1:     327200 bytes,     327200 total
- age   2:     584744 bytes,     911944 total
- age   3:     217184 bytes,    1129128 total
- age   4:       8736 bytes,    1137864 total
: 17273K->1117K(18624K), 0.0021795 secs] 78326K->62423K(83392K), 0.0023155 secs] [Times: user=0.01 sys=0.00, real=0.01 secs] 
23.778: [GC 23.778: [ParNew
Desired survivor size 1343488 bytes, new threshold 4 (max 4)
- age   1:     238896 bytes,     238896 total
- age   2:     266544 bytes,     505440 total
- age   3:     584744 bytes,    1090184 total
- age   4:      53504 bytes,    1143688 total
: 17084K->1123K(18624K), 0.0021423 secs] 78391K->62436K(83392K), 0.0022421 secs] [Times: user=0.01 sys=0.00, real=0.00 secs] 
23.793: [GC 23.793: [ParNew
Desired survivor size 1343488 bytes, new threshold 4 (max 4)
- age   1:     345992 bytes,     345992 total
- age   2:     119656 bytes,     465648 total
- age   3:     128280 bytes,     593928 total
- age   4:     300504 bytes,     894432 total
: 17080K->882K(18624K), 0.0015793 secs] 78393K->62247K(83392K), 0.0017215 secs] [Times: user=0.00 sys=0.00, real=0.00 secs] 
23.809: [GC 23.809: [ParNew
Desired survivor size 1343488 bytes, new threshold 4 (max 4)
- age   1:     212800 bytes,     212800 total
- age   2:     268456 bytes,     481256 total
- age   3:     119656 bytes,     600912 total
- age   4:     128280 bytes,     729192 total
: 16804K->718K(18624K), 0.0020087 secs] 78170K->62291K(83392K), 0.0021073 secs] [Times: user=0.00 sys=0.00, real=0.00 secs] 
23.828: [GC 23.828: [ParNew
Desired survivor size 1343488 bytes, new threshold 4 (max 4)
- age   1:     600656 bytes,     600656 total
- age   2:       1112 bytes,     601768 total
- age   3:     268416 bytes,     870184 total
- age   4:     118584 bytes,     988768 total
: 16718K->975K(18624K), 0.0020684 secs] 78291K->62606K(83392K), 0.0021569 secs] [Times: user=0.01 sys=0.00, real=0.00 secs] 
23.843: [GC 23.843: [ParNew
Desired survivor size 1343488 bytes, new threshold 4 (max 4)
- age   1:     114032 bytes,     114032 total
- age   2:     401952 bytes,     515984 total
- age   3:       1112 bytes,     517096 total
- age   4:     268416 bytes,     785512 total
: 16950K->780K(18624K), 0.0020673 secs] 78581K->62527K(83392K), 0.0022117 secs] [Times: user=0.01 sys=0.00, real=0.00 secs] 
23.857: [GC 23.858: [ParNew
Desired survivor size 1343488 bytes, new threshold 4 (max 4)
- age   1:     535528 bytes,     535528 total
- age   2:      29376 bytes,     564904 total
- age   3:      64568 bytes,     629472 total
- age   4:        120 bytes,     629592 total
: 16780K->621K(18624K), 0.0019368 secs] 78527K->62630K(83392K), 0.0020319 secs] [Times: user=0.00 sys=0.00, real=0.00 secs] 
23.873: [GC 23.873: [ParNew
Desired survivor size 1343488 bytes, new threshold 4 (max 4)
- age   1:     445184 bytes,     445184 total
- age   2:     317472 bytes,     762656 total
- age   3:      29376 bytes,     792032 total
- age   4:      64568 bytes,     856600 total
: 16604K->842K(18624K), 0.0018857 secs] 78613K->62851K(83392K), 0.0019982 secs] [Times: user=0.00 sys=0.00, real=0.00 secs] 
23.894: [GC 23.894: [ParNew
Desired survivor size 1343488 bytes, new threshold 4 (max 4)
- age   1:     162488 bytes,     162488 total
- age   2:     376224 bytes,     538712 total
- age   3:     204192 bytes,     742904 total
- age   4:      29048 bytes,     771952 total
: 16840K->761K(18624K), 0.0024420 secs] 78849K->62833K(83392K), 0.0025541 secs] [Times: user=0.01 sys=0.00, real=0.00 secs] 
23.910: [GC 23.911: [ParNew
Desired survivor size 1343488 bytes, new threshold 4 (max 4)
- age   1:     378048 bytes,     378048 total
- age   2:      87104 bytes,     465152 total
- age   3:     175880 bytes,     641032 total
- age   4:      58728 bytes,     699760 total
: 16758K->691K(18624K), 0.0027239 secs] 78831K->62791K(83392K), 0.0028096 secs] [Times: user=0.00 sys=0.00, real=0.01 secs] 
23.927: [GC 23.927: [ParNew
Desired survivor size 1343488 bytes, new threshold 4 (max 4)
- age   1:     390936 bytes,     390936 total
- age   2:     370560 bytes,     761496 total
- age   3:      87104 bytes,     848600 total
- age   4:     175880 bytes,    1024480 total
: 16669K->1013K(18624K), 0.0021443 secs] 78770K->63171K(83392K), 0.0022501 secs] [Times: user=0.00 sys=0.00, real=0.00 secs] 
23.944: [GC 23.944: [ParNew
Desired survivor size 1343488 bytes, new threshold 4 (max 4)
- age   1:     380472 bytes,     380472 total
- age   2:     369816 bytes,     750288 total
- age   3:     369856 bytes,    1120144 total
- age   4:      87104 bytes,    1207248 total
: 16969K->1188K(18624K), 0.0020830 secs] 79127K->63518K(83392K), 0.0022547 secs] [Times: user=0.01 sys=0.00, real=0.00 secs] 
23.958: [GC 23.958: [ParNew
Desired survivor size 1343488 bytes, new threshold 3 (max 4)
- age   1:     917200 bytes,     917200 total
- age   2:     276328 bytes,    1193528 total
- age   3:     369816 bytes,    1563344 total
- age   4:     289960 bytes,    1853304 total
: 17155K->1824K(18624K), 0.0026997 secs] 79484K->64239K(83392K), 0.0028024 secs] [Times: user=0.00 sys=0.00, real=0.00 secs] 
23.975: [GC 23.975: [ParNew
Desired survivor size 1343488 bytes, new threshold 3 (max 4)
- age   1:     417608 bytes,     417608 total
- age   2:     798536 bytes,    1216144 total
- age   3:     241872 bytes,    1458016 total
: 17818K->1432K(18624K), 0.0029925 secs] 80233K->64491K(83392K), 0.0030949 secs] [Times: user=0.00 sys=0.00, real=0.00 secs] 
23.991: [GC 23.991: [ParNew
Desired survivor size 1343488 bytes, new threshold 4 (max 4)
- age   1:     194168 bytes,     194168 total
- age   2:     194504 bytes,     388672 total
- age   3:     642640 bytes,    1031312 total
: 17425K->1011K(18624K), 0.0025345 secs] 80484K->64304K(83392K), 0.0026275 secs] [Times: user=0.01 sys=0.00, real=0.01 secs] 
24.006: [GC 24.006: [ParNew
Desired survivor size 1343488 bytes, new threshold 4 (max 4)
- age   1:     227800 bytes,     227800 total
- age   2:     155336 bytes,     383136 total
- age   3:     194504 bytes,     577640 total
- age   4:     466880 bytes,    1044520 total
: 16986K->1022K(18624K), 0.0019385 secs] 80279K->64315K(83392K), 0.0020302 secs] [Times: user=0.00 sys=0.00, real=0.00 secs] 
24.019: [GC 24.019: [ParNew
Desired survivor size 1343488 bytes, new threshold 4 (max 4)
- age   1:     888520 bytes,     888520 total
- age   2:      30264 bytes,     918784 total
- age   3:     155336 bytes,    1074120 total
- age   4:     194472 bytes,    1268592 total
: 17005K->1241K(18624K), 0.0025597 secs] 80299K->64911K(83392K), 0.0026982 secs] [Times: user=0.00 sys=0.00, real=0.01 secs] 
24.034: [GC 24.034: [ParNew (promotion failed)
Desired survivor size 1343488 bytes, new threshold 4 (max 4)
- age   1:     732952 bytes,     732952 total
- age   2:     500560 bytes,    1233512 total
- age   3:      30264 bytes,    1263776 total
- age   4:     155336 bytes,    1419112 total
: 17203K->17350K(18624K), 0.0030094 secs]24.037: [CMS24.038: [CMS-concurrent-abortable-preclean: 0.015/0.384 secs] [Times: user=0.57 sys=0.02, real=0.38 secs] 
 (concurrent mode failure): 63813K->8278K(64768K), 0.0876095 secs] 80873K->8278K(83392K), [CMS Perm : 10698K->10698K(21248K)], 0.0907758 secs] [Times: user=0.09 sys=0.01, real=0.09 secs] 
24.141: [GC 24.141: [ParNew
Desired survivor size 1343488 bytes, new threshold 4 (max 4)
- age   1:     441032 bytes,     441032 total
: 15996K->434K(18624K), 0.0008942 secs] 24275K->8713K(83392K), 0.0009571 secs] [Times: user=0.01 sys=0.00, real=0.01 secs] 
24.158: [GC 24.158: [ParNew
Desired survivor size 1343488 bytes, new threshold 4 (max 4)
- age   1:     572648 bytes,     572648 total
- age   2:     440992 bytes,    1013640 total
: 16431K->993K(18624K), 0.0013668 secs] 24710K->9272K(83392K), 0.0014670 secs] [Times: user=0.01 sys=0.00, real=0.00 secs] 
24.175: [GC 24.175: [ParNew
Desired survivor size 1343488 bytes, new threshold 4 (max 4)
- age   1:     372552 bytes,     372552 total
- age   2:     407912 bytes,     780464 total
- age   3:     440992 bytes,    1221456 total
: 16989K->1196K(18624K), 0.0013016 secs] 25268K->9474K(83392K), 0.0014127 secs] [Times: user=0.01 sys=0.00, real=0.00 secs] 
24.189: [GC 24.189: [ParNew
Desired survivor size 1343488 bytes, new threshold 4 (max 4)
- age   1:     431608 bytes,     431608 total
- age   2:     106464 bytes,     538072 total
- age   3:     252008 bytes,     790080 total
- age   4:     440992 bytes,    1231072 total
: 17190K->1205K(18624K), 0.0019836 secs] 25468K->9484K(83392K), 0.0020838 secs] [Times: user=0.01 sys=0.00, real=0.00 secs] 
24.203: [GC 24.203: [ParNew
Desired survivor size 1343488 bytes, new threshold 4 (max 4)
- age   1:     419960 bytes,     419960 total
- age   3:     106464 bytes,     526424 total
- age   4:     252008 bytes,     778432 total
: 17192K->763K(18624K), 0.0018532 secs] 25470K->9477K(83392K), 0.0019711 secs] [Times: user=0.01 sys=0.00, real=0.00 secs] 
24.217: [GC 24.217: [ParNew
Desired survivor size 1343488 bytes, new threshold 4 (max 4)
- age   1:     323264 bytes,     323264 total
- age   2:     136816 bytes,     460080 total
- age   4:     106464 bytes,     566544 total
: 16684K->557K(18624K), 0.0011921 secs] 25398K->9490K(83392K), 0.0012693 secs] [Times: user=0.00 sys=0.00, real=0.00 secs] 
24.230: [GC 24.230: [ParNew
Desired survivor size 1343488 bytes, new threshold 4 (max 4)
- age   1:     437928 bytes,     437928 total
- age   2:     240896 bytes,     678824 total
: 16553K->666K(18624K), 0.0010787 secs] 25486K->9703K(83392K), 0.0011862 secs] [Times: user=0.00 sys=0.00, real=0.00 secs] 
24.243: [GC 24.243: [ParNew
Desired survivor size 1343488 bytes, new threshold 4 (max 4)
- age   1:     353872 bytes,     353872 total
- age   2:     365184 bytes,     719056 total
: 16658K->706K(18624K), 0.0010771 secs] 25695K->9743K(83392K), 0.0011942 secs] [Times: user=0.00 sys=0.00, real=0.00 secs] 
24.258: [GC 24.258: [ParNew
Desired survivor size 1343488 bytes, new threshold 4 (max 4)
- age   1:     249704 bytes,     249704 total
- age   2:     146000 bytes,     395704 total
- age   3:     281000 bytes,     676704 total
: 16665K->664K(18624K), 0.0013305 secs] 25702K->9701K(83392K), 0.0014309 secs] [Times: user=0.00 sys=0.00, real=0.00 secs] 
24.271: [GC 24.272: [ParNew
Desired survivor size 1343488 bytes, new threshold 4 (max 4)
- age   1:     336368 bytes,     336368 total
- age   2:     125704 bytes,     462072 total
- age   3:     146000 bytes,     608072 total
- age   4:     281000 bytes,     889072 total
: 16658K->871K(18624K), 0.0013073 secs] 25695K->9909K(83392K), 0.0014177 secs] [Times: user=0.00 sys=0.00, real=0.01 secs] 
24.287: [GC 24.287: [ParNew
Desired survivor size 1343488 bytes, new threshold 4 (max 4)
- age   1:     881920 bytes,     881920 total
- age   2:     130496 bytes,    1012416 total
- age   3:     125704 bytes,    1138120 total
- age   4:     146000 bytes,    1284120 total
: 16826K->1257K(18624K), 0.0015739 secs] 25863K->10569K(83392K), 0.0016572 secs] [Times: user=0.00 sys=0.00, real=0.00 secs] 
24.301: [GC 24.301: [ParNew
Desired survivor size 1343488 bytes, new threshold 4 (max 4)
- age   1:     599176 bytes,     599176 total
- age   2:     417720 bytes,    1016896 total
- age   3:     130496 bytes,    1147392 total
- age   4:     125704 bytes,    1273096 total
: 17239K->1246K(18624K), 0.0028207 secs] 26550K->10700K(83392K), 0.0029264 secs] [Times: user=0.00 sys=0.00, real=0.01 secs] 
24.317: [GC 24.317: [ParNew
Desired survivor size 1343488 bytes, new threshold 4 (max 4)
- age   1:     309808 bytes,     309808 total
- age   2:     529904 bytes,     839712 total
- age   3:     344024 bytes,    1183736 total
- age   4:     130496 bytes,    1314232 total
: 17228K->1287K(18624K), 0.0015545 secs] 26682K->10863K(83392K), 0.0016412 secs] [Times: user=0.00 sys=0.00, real=0.00 secs] 
24.330: [GC 24.330: [ParNew
Desired survivor size 1343488 bytes, new threshold 4 (max 4)
- age   1:     367784 bytes,     367784 total
- age   2:     159280 bytes,     527064 total
- age   3:     451392 bytes,     978456 total
- age   4:     344024 bytes,    1322480 total
: 17264K->1295K(18624K), 0.0024289 secs] 26841K->10999K(83392K), 0.0025405 secs] [Times: user=0.00 sys=0.00, real=0.01 secs] 
24.346: [GC 24.346: [ParNew
Desired survivor size 1343488 bytes, new threshold 4 (max 4)
- age   1:     409368 bytes,     409368 total
- age   2:     322480 bytes,     731848 total
: 17295K->718K(18624K), 0.0013689 secs] 26999K->10758K(83392K), 0.0014737 secs] [Times: user=0.00 sys=0.00, real=0.00 secs] 
24.359: [GC 24.359: [ParNew
Desired survivor size 1343488 bytes, new threshold 4 (max 4)
- age   1:     756984 bytes,     756984 total
- age   2:     240016 bytes,     997000 total
- age   3:     322448 bytes,    1319448 total
: 16618K->1292K(18624K), 0.0021441 secs] 26659K->11332K(83392K), 0.0023253 secs] [Times: user=0.00 sys=0.00, real=0.01 secs] 
24.375: [GC 24.375: [ParNew
Desired survivor size 1343488 bytes, new threshold 4 (max 4)
- age   1:     367752 bytes,     367752 total
- age   2:     567960 bytes,     935712 total
- age   3:     239984 bytes,    1175696 total
- age   4:     322448 bytes,    1498144 total
: 17286K->1466K(18624K), 0.0017215 secs] 27326K->11506K(83392K), 0.0018431 secs] [Times: user=0.01 sys=0.00, real=0.00 secs] 
24.390: [GC 24.390: [ParNew
Desired survivor size 1343488 bytes, new threshold 4 (max 4)
- age   1:     749240 bytes,     749240 total
- age   2:     164672 bytes,     913912 total
- age   3:     301944 bytes,    1215856 total
- age   4:     239984 bytes,    1455840 total
: 17446K->1425K(18624K), 0.0023437 secs] 27486K->11780K(83392K), 0.0024342 secs] [Times: user=0.01 sys=0.00, real=0.01 secs] 
24.403: [GC 24.404: [ParNew
Desired survivor size 1343488 bytes, new threshold 3 (max 4)
- age   1:     735952 bytes,     735952 total
- age   2:     566072 bytes,    1302024 total
- age   3:     164672 bytes,    1466696 total
- age   4:     301944 bytes,    1768640 total
: 17386K->1730K(18624K), 0.0031078 secs] 27741K->12320K(83392K), 0.0032170 secs] [Times: user=0.00 sys=0.00, real=0.00 secs] 
24.418: [GC 24.419: [ParNew
Desired survivor size 1343488 bytes, new threshold 3 (max 4)
- age   1:     302232 bytes,     302232 total
- age   2:     656872 bytes,     959104 total
- age   3:     518768 bytes,    1477872 total
: 17716K->1446K(18624K), 0.0021214 secs] 28306K->12331K(83392K), 0.0022528 secs] [Times: user=0.00 sys=0.00, real=0.00 secs] 
24.434: [GC 24.434: [ParNew
Desired survivor size 1343488 bytes, new threshold 4 (max 4)
- age   1:     415776 bytes,     415776 total
- age   2:     167400 bytes,     583176 total
- age   3:     656872 bytes,    1240048 total
: 17420K->1214K(18624K), 0.0018481 secs] 28304K->12366K(83392K), 0.0019642 secs] [Times: user=0.00 sys=0.00, real=0.00 secs] 
24.450: [GC 24.450: [ParNew
Desired survivor size 1343488 bytes, new threshold 4 (max 4)
- age   1:     413120 bytes,     413120 total
- age   2:     168664 bytes,     581784 total
- age   3:     167400 bytes,     749184 total
- age   4:     368424 bytes,    1117608 total
: 17199K->1092K(18624K), 0.0018996 secs] 28350K->12244K(83392K), 0.0019855 secs] [Times: user=0.00 sys=0.00, real=0.01 secs] 
24.473: [GC 24.473: [ParNew
Desired survivor size 1343488 bytes, new threshold 4 (max 4)
- age   1:      70728 bytes,      70728 total
- age   2:     272312 bytes,     343040 total
- age   3:     168664 bytes,     511704 total
- age   4:     167400 bytes,     679104 total
: 17082K->664K(18624K), 0.0023428 secs] 28234K->12176K(83392K), 0.0024318 secs] [Times: user=0.00 sys=0.00, real=0.00 secs] 
24.488: [GC 24.488: [ParNew
Desired survivor size 1343488 bytes, new threshold 4 (max 4)
- age   1:     629768 bytes,     629768 total
- age   2:       7728 bytes,     637496 total
- age   3:     166616 bytes,     804112 total
- age   4:     168664 bytes,     972776 total
: 16649K->952K(18624K), 0.0020647 secs] 28161K->12627K(83392K), 0.0021606 secs] [Times: user=0.00 sys=0.00, real=0.00 secs] 
24.502: [GC 24.502: [ParNew
Desired survivor size 1343488 bytes, new threshold 4 (max 4)
- age   1:     397320 bytes,     397320 total
- age   2:     287432 bytes,     684752 total
- age   3:       7728 bytes,     692480 total
- age   4:     166616 bytes,     859096 total
: 16942K->847K(18624K), 0.0016696 secs] 28617K->12687K(83392K), 0.0017774 secs] [Times: user=0.00 sys=0.00, real=0.00 secs] 
24.516: [GC 24.516: [ParNew
Desired survivor size 1343488 bytes, new threshold 4 (max 4)
- age   1:     479024 bytes,     479024 total
- age   2:     115056 bytes,     594080 total
- age   3:     287432 bytes,     881512 total
- age   4:       7728 bytes,     889240 total
: 16796K->873K(18624K), 0.0014784 secs] 28636K->12876K(83392K), 0.0016913 secs] [Times: user=0.00 sys=0.00, real=0.00 secs] 
24.535: [GC 24.535: [ParNew
Desired survivor size 1343488 bytes, new threshold 4 (max 4)
- age   1:     669352 bytes,     669352 total
- age   2:     162312 bytes,     831664 total
- age   3:      61808 bytes,     893472 total
- age   4:     287432 bytes,    1180904 total
: 16853K->1158K(18624K), 0.0014675 secs] 28855K->13168K(83392K), 0.0015542 secs] [Times: user=0.00 sys=0.00, real=0.00 secs] 
24.548: [GC 24.548: [ParNew
Desired survivor size 1343488 bytes, new threshold 4 (max 4)
- age   1:     486648 bytes,     486648 total
- age   2:     448928 bytes,     935576 total
- age   3:     162312 bytes,    1097888 total
- age   4:      61808 bytes,    1159696 total
: 17095K->1135K(18624K), 0.0018297 secs] 29105K->13425K(83392K), 0.0019283 secs] [Times: user=0.00 sys=0.01, real=0.00 secs] 
24.561: [GC 24.561: [ParNew
Desired survivor size 1343488 bytes, new threshold 4 (max 4)
- age   1:     211072 bytes,     211072 total
- age   2:     267584 bytes,     478656 total
- age   3:     448224 bytes,     926880 total
- age   4:     162312 bytes,    1089192 total
: 17135K->1065K(18624K), 0.0018463 secs] 29425K->13416K(83392K), 0.0019371 secs] [Times: user=0.00 sys=0.00, real=0.01 secs] 
24.581: [GC 24.581: [ParNew
Desired survivor size 1343488 bytes, new threshold 4 (max 4)
- age   1:     753256 bytes,     753256 total
- age   2:     129648 bytes,     882904 total
- age   3:     166120 bytes,    1049024 total
- age   4:     448224 bytes,    1497248 total
: 17043K->1465K(18624K), 0.0018533 secs] 29394K->13975K(83392K), 0.0019638 secs] [Times: user=0.00 sys=0.00, real=0.01 secs] 
24.595: [GC 24.595: [ParNew
Desired survivor size 1343488 bytes, new threshold 4 (max 4)
- age   1:     418384 bytes,     418384 total
- age   2:     639776 bytes,    1058160 total
- age   3:     129648 bytes,    1187808 total
- age   4:     166120 bytes,    1353928 total
: 17444K->1326K(18624K), 0.0019440 secs] 29953K->14107K(83392K), 0.0020576 secs] [Times: user=0.00 sys=0.00, real=0.00 secs] 
24.609: [GC 24.610: [ParNew
Desired survivor size 1343488 bytes, new threshold 4 (max 4)
- age   1:     186984 bytes,     186984 total
- age   2:     340296 bytes,     527280 total
- age   3:     546208 bytes,    1073488 total
- age   4:      82824 bytes,    1156312 total
: 17315K->1134K(18624K), 0.0019896 secs] 30097K->14077K(83392K), 0.0021102 secs] [Times: user=0.00 sys=0.00, real=0.01 secs] 
24.625: [GC 24.626: [ParNew
Desired survivor size 1343488 bytes, new threshold 4 (max 4)
- age   1:     441568 bytes,     441568 total
- age   2:     186984 bytes,     628552 total
- age   3:     340296 bytes,     968848 total
- age   4:     546168 bytes,    1515016 total
: 17129K->1489K(18624K), 0.0018942 secs] 30073K->14513K(83392K), 0.0019991 secs] [Times: user=0.00 sys=0.00, real=0.00 secs] 
24.640: [GC 24.641: [ParNew
Desired survivor size 1343488 bytes, new threshold 4 (max 4)
- age   1:     219672 bytes,     219672 total
- age   2:     295280 bytes,     514952 total
- age   3:     186984 bytes,     701936 total
- age   4:     254888 bytes,     956824 total
: 17489K->941K(18624K), 0.0020760 secs] 30513K->14262K(83392K), 0.0022642 secs] [Times: user=0.00 sys=0.00, real=0.01 secs] 
24.657: [GC 24.657: [ParNew
Desired survivor size 1343488 bytes, new threshold 4 (max 4)
- age   1:     534296 bytes,     534296 total
- age   2:     134984 bytes,     669280 total
- age   3:     295248 bytes,     964528 total
- age   4:     186984 bytes,    1151512 total
: 16924K->1126K(18624K), 0.0022557 secs] 30245K->14619K(83392K), 0.0023633 secs] [Times: user=0.00 sys=0.00, real=0.00 secs] 
24.671: [GC 24.671: [ParNew
Desired survivor size 1343488 bytes, new threshold 4 (max 4)
- age   1:     424920 bytes,     424920 total
- age   2:     335960 bytes,     760880 total
- age   3:     134984 bytes,     895864 total
- age   4:     295248 bytes,    1191112 total
: 17113K->1165K(18624K), 0.0019011 secs] 30606K->14841K(83392K), 0.0020171 secs] [Times: user=0.00 sys=0.00, real=0.01 secs] 
24.685: [GC 24.685: [ParNew
Desired survivor size 1343488 bytes, new threshold 4 (max 4)
- age   1:     576664 bytes,     576664 total
- age   2:     112880 bytes,     689544 total
- age   3:     335960 bytes,    1025504 total
- age   4:     134984 bytes,    1160488 total
: 17142K->1135K(18624K), 0.0046117 secs] 30818K->15099K(83392K), 0.0047677 secs] [Times: user=0.01 sys=0.01, real=0.00 secs] 
24.701: [GC 24.701: [ParNew
Desired survivor size 1343488 bytes, new threshold 4 (max 4)
- age   1:     605624 bytes,     605624 total
- age   2:     257064 bytes,     862688 total
- age   3:     112880 bytes,     975568 total
- age   4:     335960 bytes,    1311528 total
: 17126K->1281K(18624K), 0.0032716 secs] 31090K->15377K(83392K), 0.0033664 secs] [Times: user=0.01 sys=0.00, real=0.01 secs] 
24.718: [GC 24.718: [ParNew
Desired survivor size 1343488 bytes, new threshold 4 (max 4)
- age   1:     392792 bytes,     392792 total
- age   2:     288608 bytes,     681400 total
- age   3:     257064 bytes,     938464 total
- age   4:     112880 bytes,    1051344 total
: 17188K->1027K(18624K), 0.0022687 secs] 31284K->15450K(83392K), 0.0023479 secs] [Times: user=0.00 sys=0.00, real=0.00 secs] 
24.736: [GC 24.736: [ParNew
Desired survivor size 1343488 bytes, new threshold 4 (max 4)
- age   1:     561688 bytes,     561688 total
- age   2:        824 bytes,     562512 total
- age   3:     288608 bytes,     851120 total
- age   4:      84504 bytes,     935624 total
: 17023K->915K(18624K), 0.0028328 secs] 31446K->15448K(83392K), 0.0029430 secs] [Times: user=0.00 sys=0.00, real=0.00 secs] 
24.751: [GC 24.751: [ParNew
Desired survivor size 1343488 bytes, new threshold 2 (max 4)
- age   1:     889272 bytes,     889272 total
- age   2:     475984 bytes,    1365256 total
- age   3:        824 bytes,    1366080 total
- age   4:     288608 bytes,    1654688 total
: 16913K->1617K(18624K), 0.0026703 secs] 31447K->16233K(83392K), 0.0027842 secs] [Times: user=0.00 sys=0.00, real=0.01 secs] 
24.773: [GC 24.773: [ParNew
Desired survivor size 1343488 bytes, new threshold 2 (max 4)
- age   1:     625312 bytes,     625312 total
- age   2:     738592 bytes,    1363904 total
: 17610K->1335K(18624K), 0.0039683 secs] 32226K->16485K(83392K), 0.0040605 secs] [Times: user=0.00 sys=0.00, real=0.00 secs] 
24.790: [GC 24.791: [ParNew
Desired survivor size 1343488 bytes, new threshold 2 (max 4)
- age   1:     897544 bytes,     897544 total
- age   2:     540592 bytes,    1438136 total
: 17327K->1414K(18624K), 0.0045594 secs] 32477K->17285K(83392K), 0.0046698 secs] [Times: user=0.00 sys=0.00, real=0.01 secs] 
24.812: [GC 24.812: [ParNew
Desired survivor size 1343488 bytes, new threshold 4 (max 4)
- age   1:     612664 bytes,     612664 total
- age   2:     445968 bytes,    1058632 total
: 17413K->1038K(18624K), 0.0024898 secs] 33284K->17372K(83392K), 0.0025981 secs] [Times: user=0.00 sys=0.00, real=0.00 secs] 
24.826: [GC 24.826: [ParNew
Desired survivor size 1343488 bytes, new threshold 3 (max 4)
- age   1:     638424 bytes,     638424 total
- age   2:     478280 bytes,    1116704 total
- age   3:     445968 bytes,    1562672 total
: 16987K->1529K(18624K), 0.0050112 secs] 33321K->17863K(83392K), 0.0051081 secs] [Times: user=0.00 sys=0.01, real=0.00 secs] 
24.846: [GC 24.846: [ParNew
Desired survivor size 1343488 bytes, new threshold 3 (max 4)
- age   1:     373392 bytes,     373392 total
- age   2:     498320 bytes,     871712 total
- age   3:     478280 bytes,    1349992 total
: 17511K->1320K(18624K), 0.0029868 secs] 33845K->18090K(83392K), 0.0030763 secs] [Times: user=0.00 sys=0.00, real=0.00 secs] 
24.862: [GC 24.862: [ParNew
Desired survivor size 1343488 bytes, new threshold 4 (max 4)
- age   1:     317464 bytes,     317464 total
- age   2:     217456 bytes,     534920 total
- age   3:     262200 bytes,     797120 total
: 17320K->779K(18624K), 0.0024499 secs] 34090K->17888K(83392K), 0.0025482 secs] [Times: user=0.00 sys=0.00, real=0.00 secs] 
24.881: [GC 24.881: [ParNew
Desired survivor size 1343488 bytes, new threshold 4 (max 4)
- age   1:     345080 bytes,     345080 total
- age   2:     248872 bytes,     593952 total
- age   3:     217456 bytes,     811408 total
- age   4:     262200 bytes,    1073608 total
: 16779K->1052K(18624K), 0.0037100 secs] 33887K->18160K(83392K), 0.0038505 secs] [Times: user=0.00 sys=0.00, real=0.01 secs] 
24.897: [GC 24.897: [ParNew
Desired survivor size 1343488 bytes, new threshold 4 (max 4)
- age   1:     365264 bytes,     365264 total
- age   2:     330968 bytes,     696232 total
- age   3:     248872 bytes,     945104 total
- age   4:     217456 bytes,    1162560 total
: 17034K->1140K(18624K), 0.0027540 secs] 34143K->18505K(83392K), 0.0028528 secs] [Times: user=0.00 sys=0.00, real=0.00 secs] 
24.913: [GC 24.913: [ParNew
Desired survivor size 1343488 bytes, new threshold 4 (max 4)
- age   1:     309408 bytes,     309408 total
- age   2:     314344 bytes,     623752 total
- age   3:     178376 bytes,     802128 total
- age   4:     248872 bytes,    1051000 total
: 17132K->1044K(18624K), 0.0020082 secs] 34496K->18621K(83392K), 0.0021022 secs] [Times: user=0.00 sys=0.00, real=0.00 secs] 
24.928: [GC 24.928: [ParNew
Desired survivor size 1343488 bytes, new threshold 4 (max 4)
- age   1:     496176 bytes,     496176 total
- age   2:     229800 bytes,     725976 total
- age   3:     314344 bytes,    1040320 total
- age   4:     178376 bytes,    1218696 total
: 16920K->1198K(18624K), 0.0022417 secs] 34497K->18782K(83392K), 0.0023300 secs] [Times: user=0.01 sys=0.00, real=0.00 secs] 
24.944: [GC 24.944: [ParNew
Desired survivor size 1343488 bytes, new threshold 4 (max 4)
- age   1:     475696 bytes,     475696 total
- age   2:     410824 bytes,     886520 total
- age   3:     229800 bytes,    1116320 total
- age   4:     314344 bytes,    1430664 total
: 17188K->1403K(18624K), 0.0033010 secs] 34772K->19161K(83392K), 0.0033954 secs] [Times: user=0.01 sys=0.00, real=0.00 secs] 
24.959: [GC 24.959: [ParNew
Desired survivor size 1343488 bytes, new threshold 4 (max 4)
- age   1:     432320 bytes,     432320 total
- age   2:     430712 bytes,     863032 total
- age   3:     163520 bytes,    1026552 total
- age   4:     229800 bytes,    1256352 total
: 17388K->1230K(18624K), 0.0025491 secs] 35146K->19295K(83392K), 0.0026486 secs] [Times: user=0.01 sys=0.00, real=0.01 secs] 
24.975: [GC 24.975: [ParNew
Desired survivor size 1343488 bytes, new threshold 3 (max 4)
- age   1:     552664 bytes,     552664 total
- age   2:     403656 bytes,     956320 total
- age   3:     430712 bytes,    1387032 total
- age   4:       2880 bytes,    1389912 total
: 17195K->1361K(18624K), 0.0022099 secs] 35261K->19650K(83392K), 0.0023142 secs] [Times: user=0.00 sys=0.00, real=0.00 secs] 
24.993: [GC 24.993: [ParNew
Desired survivor size 1343488 bytes, new threshold 4 (max 4)
- age   1:     349864 bytes,     349864 total
- age   2:     478984 bytes,     828848 total
- age   3:     374664 bytes,    1203512 total
: 17353K->1183K(18624K), 0.0028894 secs] 35642K->19895K(83392K), 0.0029904 secs] [Times: user=0.00 sys=0.00, real=0.00 secs] 
25.007: [GC 25.008: [ParNew
Desired survivor size 1343488 bytes, new threshold 4 (max 4)
- age   1:     366760 bytes,     366760 total
- age   2:     238632 bytes,     605392 total
- age   3:     337016 bytes,     942408 total
- age   4:     374664 bytes,    1317072 total
: 17180K->1289K(18624K), 0.0021226 secs] 35892K->20002K(83392K), 0.0022452 secs] [Times: user=0.01 sys=0.00, real=0.00 secs] 
25.027: [GC 25.027: [ParNew
Desired survivor size 1343488 bytes, new threshold 4 (max 4)
- age   1:     634392 bytes,     634392 total
- age   2:     330128 bytes,     964520 total
- age   3:     238632 bytes,    1203152 total
- age   4:     174504 bytes,    1377656 total
: 17281K->1348K(18624K), 0.0020832 secs] 35994K->20128K(83392K), 0.0021846 secs] [Times: user=0.01 sys=0.00, real=0.00 secs] 
25.041: [GC 25.041: [ParNew
Desired survivor size 1343488 bytes, new threshold 4 (max 4)
- age   1:     445480 bytes,     445480 total
- age   2:     566424 bytes,    1011904 total
- age   3:     330128 bytes,    1342032 total
- age   4:     238632 bytes,    1580664 total
: 17311K->1552K(18624K), 0.0046825 secs] 36091K->20503K(83392K), 0.0048515 secs] [Times: user=0.00 sys=0.00, real=0.01 secs] 
25.057: [GC 25.057: [ParNew
Desired survivor size 1343488 bytes, new threshold 4 (max 4)
- age   1:     523680 bytes,     523680 total
- age   2:     111512 bytes,     635192 total
- age   3:     566424 bytes,    1201616 total
- age   4:     330128 bytes,    1531744 total
: 17516K->1499K(18624K), 0.0023788 secs] 36467K->20683K(83392K), 0.0025197 secs] [Times: user=0.00 sys=0.00, real=0.00 secs] 
25.073: [GC 25.073: [ParNew
Desired survivor size 1343488 bytes, new threshold 4 (max 4)
- age   1:     463712 bytes,     463712 total
- age   2:     457800 bytes,     921512 total
- age   3:      55632 bytes,     977144 total
- age   4:     461600 bytes,    1438744 total
: 17382K->1407K(18624K), 0.0022945 secs] 36566K->20913K(83392K), 0.0024182 secs] [Times: user=0.00 sys=0.00, real=0.00 secs] 
25.088: [GC 25.088: [ParNew
Desired survivor size 1343488 bytes, new threshold 3 (max 4)
- age   1:     538416 bytes,     538416 total
- age   2:     393816 bytes,     932232 total
- age   3:     457800 bytes,    1390032 total
- age   4:      55632 bytes,    1445664 total
: 17390K->1414K(18624K), 0.0022744 secs] 36897K->21211K(83392K), 0.0023681 secs] [Times: user=0.00 sys=0.00, real=0.00 secs] 
25.102: [GC 25.102: [ParNew
Desired survivor size 1343488 bytes, new threshold 3 (max 4)
- age   1:     754016 bytes,     754016 total
- age   2:     387856 bytes,    1141872 total
- age   3:     393816 bytes,    1535688 total
: 17403K->1500K(18624K), 0.0025602 secs] 37200K->21799K(83392K), 0.0026654 secs] [Times: user=0.01 sys=0.00, real=0.01 secs] 
25.118: [GC 25.118: [ParNew
Desired survivor size 1343488 bytes, new threshold 4 (max 4)
- age   1:     104416 bytes,     104416 total
- age   2:     742912 bytes,     847328 total
- age   3:     387856 bytes,    1235184 total
: 17477K->1210K(18624K), 0.0018240 secs] 37776K->21893K(83392K), 0.0019012 secs] [Times: user=0.00 sys=0.00, real=0.00 secs] 
25.136: [GC 25.136: [ParNew
Desired survivor size 1343488 bytes, new threshold 4 (max 4)
- age   1:     313424 bytes,     313424 total
- age   2:      48672 bytes,     362096 total
- age   3:     742912 bytes,    1105008 total
- age   4:     387856 bytes,    1492864 total
: 17210K->1459K(18624K), 0.0026429 secs] 37892K->22142K(83392K), 0.0027817 secs] [Times: user=0.00 sys=0.01, real=0.00 secs] 
25.151: [GC 25.151: [ParNew
Desired survivor size 1343488 bytes, new threshold 4 (max 4)
- age   1:     232240 bytes,     232240 total
- age   2:     274920 bytes,     507160 total
- age   3:      48672 bytes,     555832 total
- age   4:     497912 bytes,    1053744 total
: 17423K->1030K(18624K), 0.0018545 secs] 38106K->22091K(83392K), 0.0019498 secs] [Times: user=0.00 sys=0.00, real=0.01 secs] 
25.164: [GC 25.164: [ParNew
Desired survivor size 1343488 bytes, new threshold 4 (max 4)
- age   1:     789520 bytes,     789520 total
- age   2:     190680 bytes,     980200 total
- age   3:     274920 bytes,    1255120 total
- age   4:      34896 bytes,    1290016 total
: 16996K->1281K(18624K), 0.0030389 secs] 38058K->22550K(83392K), 0.0031926 secs] [Times: user=0.01 sys=0.00, real=0.00 secs] 
25.184: [GC 25.184: [ParNew
Desired survivor size 1343488 bytes, new threshold 3 (max 4)
- age   1:     523368 bytes,     523368 total
- age   2:     694528 bytes,    1217896 total
- age   3:     190680 bytes,    1408576 total
- age   4:     274920 bytes,    1683496 total
: 17264K->1654K(18624K), 0.0025872 secs] 38533K->22957K(83392K), 0.0026902 secs] [Times: user=0.00 sys=0.00, real=0.00 secs] 
25.197: [GC 25.197: [ParNew
Desired survivor size 1343488 bytes, new threshold 4 (max 4)
- age   1:     109744 bytes,     109744 total
- age   2:     450248 bytes,     559992 total
- age   3:     694528 bytes,    1254520 total
: 17643K->1243K(18624K), 0.0026092 secs] 38946K->23002K(83392K), 0.0027081 secs] [Times: user=0.00 sys=0.00, real=0.00 secs] 
25.212: [GC 25.212: [ParNew
Desired survivor size 1343488 bytes, new threshold 4 (max 4)
- age   1:     730968 bytes,     730968 total
- age   2:      78720 bytes,     809688 total
- age   3:     279952 bytes,    1089640 total
- age   4:     694528 bytes,    1784168 total
: 17218K->1747K(18624K), 0.0022702 secs] 38976K->23505K(83392K), 0.0024432 secs] [Times: user=0.01 sys=0.00, real=0.00 secs] 
25.226: [GC 25.226: [ParNew
Desired survivor size 1343488 bytes, new threshold 4 (max 4)
- age   1:     378736 bytes,     378736 total
- age   2:     661104 bytes,    1039840 total
- age   4:     279952 bytes,    1319792 total
: 17714K->1293K(18624K), 0.0029876 secs] 39472K->23729K(83392K), 0.0031007 secs] [Times: user=0.00 sys=0.00, real=0.00 secs] 
25.241: [GC 25.241: [ParNew
Desired survivor size 1343488 bytes, new threshold 4 (max 4)
- age   1:     431008 bytes,     431008 total
- age   2:     217208 bytes,     648216 total
- age   3:     661104 bytes,    1309320 total
: 17280K->1282K(18624K), 0.0018644 secs] 39716K->23890K(83392K), 0.0019560 secs] [Times: user=0.00 sys=0.00, real=0.01 secs] 
25.254: [GC 25.254: [ParNew
Desired survivor size 1343488 bytes, new threshold 4 (max 4)
- age   1:     321776 bytes,     321776 total
- age   2:     289416 bytes,     611192 total
- age   3:     217208 bytes,     828400 total
- age   4:     661104 bytes,    1489504 total
: 17254K->1458K(18624K), 0.0019861 secs] 39862K->24066K(83392K), 0.0021070 secs] [Times: user=0.00 sys=0.00, real=0.00 secs] 
25.269: [GC 25.269: [ParNew
Desired survivor size 1343488 bytes, new threshold 4 (max 4)
- age   1:     840096 bytes,     840096 total
- age   2:     171888 bytes,    1011984 total
- age   3:     289416 bytes,    1301400 total
- age   4:     217208 bytes,    1518608 total
: 17412K->1488K(18624K), 0.0022765 secs] 40019K->24741K(83392K), 0.0023771 secs] [Times: user=0.01 sys=0.00, real=0.00 secs] 
25.282: [GC 25.282: [ParNew
Desired survivor size 1343488 bytes, new threshold 4 (max 4)
- age   1:     455888 bytes,     455888 total
- age   2:     688632 bytes,    1144520 total
- age   3:     171888 bytes,    1316408 total
- age   4:     289416 bytes,    1605824 total
: 17486K->1574K(18624K), 0.0026132 secs] 40739K->25039K(83392K), 0.0027135 secs] [Times: user=0.00 sys=0.00, real=0.00 secs] 
25.299: [GC 25.300: [ParNew
Desired survivor size 1343488 bytes, new threshold 4 (max 4)
- age   1:     462608 bytes,     462608 total
- age   2:     300464 bytes,     763072 total
- age   3:     303712 bytes,    1066784 total
- age   4:     171888 bytes,    1238672 total
: 17529K->1217K(18624K), 0.0020672 secs] 40994K->24965K(83392K), 0.0021631 secs] [Times: user=0.00 sys=0.00, real=0.01 secs] 
25.313: [GC 25.313: [ParNew
Desired survivor size 1343488 bytes, new threshold 4 (max 4)
- age   1:     158472 bytes,     158472 total
- age   2:     387320 bytes,     545792 total
- age   3:     279456 bytes,     825248 total
- age   4:     251928 bytes,    1077176 total
: 17207K->1054K(18624K), 0.0018119 secs] 40955K->24970K(83392K), 0.0019475 secs] [Times: user=0.00 sys=0.00, real=0.00 secs] 
25.328: [GC 25.328: [ParNew
Desired survivor size 1343488 bytes, new threshold 4 (max 4)
- age   1:     731672 bytes,     731672 total
- age   2:      55080 bytes,     786752 total
- age   3:     387320 bytes,    1174072 total
- age   4:     279456 bytes,    1453528 total
: 17045K->1422K(18624K), 0.0020541 secs] 40961K->25583K(83392K), 0.0021889 secs] [Times: user=0.00 sys=0.00, real=0.00 secs] 
25.345: [GC 25.345: [ParNew
Desired survivor size 1343488 bytes, new threshold 4 (max 4)
- age   1:     504256 bytes,     504256 total
- age   2:     558216 bytes,    1062472 total
- age   3:      55080 bytes,    1117552 total
- age   4:     387320 bytes,    1504872 total
: 17417K->1472K(18624K), 0.0021357 secs] 41578K->25906K(83392K), 0.0022342 secs] [Times: user=0.01 sys=0.00, real=0.00 secs] 
25.359: [GC 25.359: [ParNew
Desired survivor size 1343488 bytes, new threshold 4 (max 4)
- age   1:     610432 bytes,     610432 total
- age   2:     321512 bytes,     931944 total
- age   3:     326256 bytes,    1258200 total
- age   4:      55080 bytes,    1313280 total
: 17463K->1285K(18624K), 0.0033624 secs] 41898K->26098K(83392K), 0.0035288 secs] [Times: user=0.01 sys=0.00, real=0.01 secs] 
25.374: [GC 25.374: [ParNew
Desired survivor size 1343488 bytes, new threshold 3 (max 4)
- age   1:     581024 bytes,     581024 total
- age   2:     527344 bytes,    1108368 total
- age   3:     321512 bytes,    1429880 total
- age   4:     161592 bytes,    1591472 total
: 17260K->1557K(18624K), 0.0020888 secs] 42073K->26370K(83392K), 0.0021994 secs] [Times: user=0.00 sys=0.00, real=0.00 secs] 
25.389: [GC 25.389: [ParNew
Desired survivor size 1343488 bytes, new threshold 4 (max 4)
- age   1:     225960 bytes,     225960 total
- age   2:     556320 bytes,     782280 total
- age   3:     527304 bytes,    1309584 total
: 17523K->1282K(18624K), 0.0019025 secs] 42335K->26567K(83392K), 0.0020140 secs] [Times: user=0.00 sys=0.00, real=0.00 secs] 
25.403: [GC 25.403: [ParNew
Desired survivor size 1343488 bytes, new threshold 4 (max 4)
- age   1:     359840 bytes,     359840 total
- age   2:     170296 bytes,     530136 total
- age   3:     443640 bytes,     973776 total
- age   4:     467392 bytes,    1441168 total
: 17255K->1410K(18624K), 0.0022862 secs] 42539K->26695K(83392K), 0.0024009 secs] [Times: user=0.00 sys=0.00, real=0.00 secs] 
25.417: [GC 25.417: [ParNew
Desired survivor size 1343488 bytes, new threshold 4 (max 4)
- age   1:     686472 bytes,     686472 total
- age   2:     180512 bytes,     866984 total
- age   3:     170296 bytes,    1037280 total
- age   4:     443640 bytes,    1480920 total
: 17381K->1448K(18624K), 0.0025024 secs] 42665K->27189K(83392K), 0.0025987 secs] [Times: user=0.01 sys=0.00, real=0.00 secs] 
25.436: [GC 25.436: [ParNew
Desired survivor size 1343488 bytes, new threshold 4 (max 4)
- age   1:     380760 bytes,     380760 total
- age   2:     452464 bytes,     833224 total
- age   3:         40 bytes,     833264 total
- age   4:      86424 bytes,     919688 total
: 17448K->900K(18624K), 0.0023224 secs] 43189K->27074K(83392K), 0.0024114 secs] [Times: user=0.00 sys=0.00, real=0.00 secs] 
25.451: [GC 25.451: [ParNew
Desired survivor size 1343488 bytes, new threshold 4 (max 4)
- age   1:     260856 bytes,     260856 total
- age   2:     317088 bytes,     577944 total
- age   3:     452464 bytes,    1030408 total
- age   4:         40 bytes,    1030448 total
: 16900K->1009K(18624K), 0.0014914 secs] 43074K->27183K(83392K), 0.0015910 secs] [Times: user=0.01 sys=0.00, real=0.01 secs] 
25.464: [GC 25.464: [ParNew
Desired survivor size 1343488 bytes, new threshold 4 (max 4)
- age   1:     283232 bytes,     283232 total
- age   2:     176904 bytes,     460136 total
- age   3:     316976 bytes,     777112 total
- age   4:     452464 bytes,    1229576 total
: 17003K->1207K(18624K), 0.0018970 secs] 43177K->27381K(83392K), 0.0020136 secs] [Times: user=0.01 sys=0.00, real=0.00 secs] 
25.478: [GC 25.478: [ParNew
Desired survivor size 1343488 bytes, new threshold 4 (max 4)
- age   1:     843264 bytes,     843264 total
- age   2:     139504 bytes,     982768 total
- age   3:     176904 bytes,    1159672 total
- age   4:     316976 bytes,    1476648 total
: 17187K->1447K(18624K), 0.0025759 secs] 43361K->28063K(83392K), 0.0026996 secs] [Times: user=0.00 sys=0.00, real=0.00 secs] 
25.495: [GC 25.495: [ParNew
Desired survivor size 1343488 bytes, new threshold 4 (max 4)
- age   1:     276528 bytes,     276528 total
- age   2:     635056 bytes,     911584 total
- age   3:     139504 bytes,    1051088 total
- age   4:     176904 bytes,    1227992 total
: 17430K->1205K(18624K), 0.0026252 secs] 44046K->28131K(83392K), 0.0027432 secs] [Times: user=0.00 sys=0.00, real=0.00 secs] 
25.511: [GC 25.511: [ParNew
Desired survivor size 1343488 bytes, new threshold 4 (max 4)
- age   1:     513208 bytes,     513208 total
- age   2:      84488 bytes,     597696 total
- age   3:     149760 bytes,     747456 total
- age   4:     139504 bytes,     886960 total
: 17186K->867K(18624K), 0.0020046 secs] 44112K->27965K(83392K), 0.0020928 secs] [Times: user=0.00 sys=0.00, real=0.01 secs] 
25.525: [GC 25.525: [ParNew
Desired survivor size 1343488 bytes, new threshold 4 (max 4)
- age   1:     234648 bytes,     234648 total
- age   2:     482184 bytes,     716832 total
- age   3:      84488 bytes,     801320 total
- age   4:     149760 bytes,     951080 total
: 16841K->932K(18624K), 0.0025473 secs] 43939K->28034K(83392K), 0.0026872 secs] [Times: user=0.00 sys=0.01, real=0.00 secs] 
25.540: [GC 25.540: [ParNew
Desired survivor size 1343488 bytes, new threshold 4 (max 4)
- age   1:     326624 bytes,     326624 total
- age   2:      77288 bytes,     403912 total
- age   3:     482184 bytes,     886096 total
- age   4:      84488 bytes,     970584 total
: 16880K->949K(18624K), 0.0029141 secs] 43982K->28197K(83392K), 0.0030182 secs] [Times: user=0.00 sys=0.00, real=0.01 secs] 
25.555: [GC 25.555: [ParNew
Desired survivor size 1343488 bytes, new threshold 4 (max 4)
- age   1:     475760 bytes,     475760 total
- age   2:     265104 bytes,     740864 total
- age   4:     482184 bytes,    1223048 total
: 16941K->1197K(18624K), 0.0017049 secs] 44189K->28527K(83392K), 0.0018127 secs] [Times: user=0.00 sys=0.00, real=0.00 secs] 
25.570: [GC 25.570: [ParNew
Desired survivor size 1343488 bytes, new threshold 4 (max 4)
- age   1:     671200 bytes,     671200 total
- age   2:     237232 bytes,     908432 total
- age   3:     265104 bytes,    1173536 total
: 17165K->1149K(18624K), 0.0019169 secs] 44496K->28950K(83392K), 0.0020270 secs] [Times: user=0.01 sys=0.00, real=0.01 secs] 
25.584: [GC 25.584: [ParNew
Desired survivor size 1343488 bytes, new threshold 2 (max 4)
- age   1:     731512 bytes,     731512 total
- age   2:     624280 bytes,    1355792 total
- age   3:     237232 bytes,    1593024 total
: 17084K->1558K(18624K), 0.0022676 secs] 44886K->29360K(83392K), 0.0024057 secs] [Times: user=0.01 sys=0.00, real=0.00 secs] 
25.598: [GC 25.598: [ParNew
Desired survivor size 1343488 bytes, new threshold 4 (max 4)
- age   1:     312096 bytes,     312096 total
- age   2:     678168 bytes,     990264 total
: 17534K->970K(18624K), 0.0021788 secs] 45335K->29546K(83392K), 0.0022835 secs] [Times: user=0.00 sys=0.00, real=0.00 secs] 
25.612: [GC 25.612: [ParNew
Desired survivor size 1343488 bytes, new threshold 4 (max 4)
- age   1:     402792 bytes,     402792 total
- age   2:     206784 bytes,     609576 total
- age   3:     678168 bytes,    1287744 total
: 16969K->1260K(18624K), 0.0018482 secs] 45545K->29837K(83392K), 0.0019493 secs] [Times: user=0.00 sys=0.00, real=0.00 secs] 
25.628: [GC 25.628: [ParNew
Desired survivor size 1343488 bytes, new threshold 4 (max 4)
- age   1:     251088 bytes,     251088 total
- age   2:     357776 bytes,     608864 total
- age   3:     206784 bytes,     815648 total
- age   4:     678168 bytes,    1493816 total
: 17260K->1460K(18624K), 0.0020282 secs] 45837K->30036K(83392K), 0.0021329 secs] [Times: user=0.00 sys=0.00, real=0.00 secs] 
25.642: [GC 25.642: [ParNew
Desired survivor size 1343488 bytes, new threshold 4 (max 4)
- age   1:     422664 bytes,     422664 total
- age   2:     178560 bytes,     601224 total
- age   3:      75408 bytes,     676632 total
- age   4:     206784 bytes,     883416 total
: 17450K->866K(18624K), 0.0021392 secs] 46027K->30105K(83392K), 0.0022567 secs] [Times: user=0.00 sys=0.00, real=0.00 secs] 
25.658: [GC 25.658: [ParNew
Desired survivor size 1343488 bytes, new threshold 4 (max 4)
- age   1:     747048 bytes,     747048 total
- age   2:     293992 bytes,    1041040 total
- age   3:     178560 bytes,    1219600 total
- age   4:      75408 bytes,    1295008 total
: 16799K->1269K(18624K), 0.0024169 secs] 46037K->30709K(83392K), 0.0025149 secs] [Times: user=0.00 sys=0.00, real=0.00 secs] 
25.675: [GC 25.675: [ParNew
Desired survivor size 1343488 bytes, new threshold 3 (max 4)
- age   1:     691208 bytes,     691208 total
- age   2:     599736 bytes,    1290944 total
- age   3:     293992 bytes,    1584936 total
- age   4:     178560 bytes,    1763496 total
: 17255K->1735K(18624K), 0.0029799 secs] 46696K->31249K(83392K), 0.0031172 secs] [Times: user=0.01 sys=0.00, real=0.00 secs] 
25.695: [GC 25.695: [ParNew
Desired survivor size 1343488 bytes, new threshold 3 (max 4)
- age   1:     298144 bytes,     298144 total
- age   2:     618680 bytes,     916824 total
- age   3:     599736 bytes,    1516560 total
: 17735K->1485K(18624K), 0.0023599 secs] 47249K->31461K(83392K), 0.0025143 secs] [Times: user=0.00 sys=0.00, real=0.00 secs] 
25.710: [GC 25.710: [ParNew
Desired survivor size 1343488 bytes, new threshold 4 (max 4)
- age   1:     386976 bytes,     386976 total
- age   2:     233512 bytes,     620488 total
- age   3:     396856 bytes,    1017344 total
: 17469K->1001K(18624K), 0.0022392 secs] 47444K->31563K(83392K), 0.0023578 secs] [Times: user=0.00 sys=0.00, real=0.01 secs] 
25.728: [GC 25.728: [ParNew
Desired survivor size 1343488 bytes, new threshold 4 (max 4)
- age   1:     350272 bytes,     350272 total
- age   2:     238792 bytes,     589064 total
- age   3:     156616 bytes,     745680 total
- age   4:     189408 bytes,     935088 total
: 17001K->922K(18624K), 0.0013762 secs] 47563K->31483K(83392K), 0.0014501 secs] [Times: user=0.01 sys=0.00, real=0.00 secs] 
25.741: [GC 25.741: [ParNew
Desired survivor size 1343488 bytes, new threshold 4 (max 4)
- age   1:     560648 bytes,     560648 total
- age   2:     277560 bytes,     838208 total
- age   3:     222544 bytes,    1060752 total
- age   4:     155912 bytes,    1216664 total
: 16922K->1202K(18624K), 0.0020830 secs] 47483K->31897K(83392K), 0.0021924 secs] [Times: user=0.01 sys=0.00, real=0.01 secs] 
25.755: [GC 25.755: [ParNew
Desired survivor size 1343488 bytes, new threshold 4 (max 4)
- age   1:     370928 bytes,     370928 total
- age   2:     471328 bytes,     842256 total
- age   3:     277560 bytes,    1119816 total
- age   4:     211432 bytes,    1331248 total
: 17185K->1309K(18624K), 0.0020325 secs] 47880K->32010K(83392K), 0.0021770 secs] [Times: user=0.00 sys=0.00, real=0.00 secs] 
25.770: [GC 25.770: [ParNew
Desired survivor size 1343488 bytes, new threshold 3 (max 4)
- age   1:     577112 bytes,     577112 total
- age   2:     298280 bytes,     875392 total
- age   3:     471328 bytes,    1346720 total
- age   4:     222656 bytes,    1569376 total
: 17298K->1545K(18624K), 0.0025090 secs] 47999K->32384K(83392K), 0.0026471 secs] [Times: user=0.00 sys=0.00, real=0.01 secs] 
25.786: [GC 25.786: [ParNew
Desired survivor size 1343488 bytes, new threshold 4 (max 4)
- age   1:     290776 bytes,     290776 total
- age   2:     328352 bytes,     619128 total
- age   3:     298280 bytes,     917408 total
: 17478K->940K(18624K), 0.0024637 secs] 48317K->32251K(83392K), 0.0025635 secs] [Times: user=0.01 sys=0.00, real=0.00 secs] 
25.802: [GC 25.802: [ParNew
Desired survivor size 1343488 bytes, new threshold 4 (max 4)
- age   1:     378152 bytes,     378152 total
- age   2:     127800 bytes,     505952 total
- age   3:     328352 bytes,     834304 total
- age   4:     298280 bytes,    1132584 total
: 16861K->1124K(18624K), 0.0017250 secs] 48172K->32435K(83392K), 0.0018322 secs] [Times: user=0.01 sys=0.00, real=0.00 secs] 
25.815: [GC 25.815: [ParNew
Desired survivor size 1343488 bytes, new threshold 4 (max 4)
- age   1:     342208 bytes,     342208 total
- age   2:     336584 bytes,     678792 total
- age   3:     127800 bytes,     806592 total
- age   4:     109368 bytes,     915960 total
: 17121K->900K(18624K), 0.0016126 secs] 48431K->32240K(83392K), 0.0017099 secs] [Times: user=0.00 sys=0.00, real=0.00 secs] 
25.827: [GC 25.828: [ParNew
Desired survivor size 1343488 bytes, new threshold 4 (max 4)
- age   1:     422200 bytes,     422200 total
- age   2:     264768 bytes,     686968 total
- age   3:     336584 bytes,    1023552 total
- age   4:     127800 bytes,    1151352 total
: 16840K->1130K(18624K), 0.0018347 secs] 48180K->32577K(83392K), 0.0019314 secs] [Times: user=0.00 sys=0.00, real=0.00 secs] 
25.844: [GC 25.844: [ParNew
Desired survivor size 1343488 bytes, new threshold 4 (max 4)
- age   1:     324128 bytes,     324128 total
- age   2:     116528 bytes,     440656 total
- age   3:     264728 bytes,     705384 total
- age   4:     298440 bytes,    1003824 total
: 17076K->983K(18624K), 0.0014980 secs] 48523K->32555K(83392K), 0.0016026 secs] [Times: user=0.00 sys=0.00, real=0.04 secs] 
25.896: [GC 25.896: [ParNew
Desired survivor size 1343488 bytes, new threshold 4 (max 4)
- age   1:     164856 bytes,     164856 total
- age   2:     324040 bytes,     488896 total
- age   3:     116528 bytes,     605424 total
- age   4:     264728 bytes,     870152 total
: 16983K->852K(18624K), 0.0022143 secs] 48555K->32655K(83392K), 0.0024656 secs] [Times: user=0.00 sys=0.00, real=0.00 secs] 
25.911: [GC 25.911: [ParNew
Desired survivor size 1343488 bytes, new threshold 4 (max 4)
- age   1:     402592 bytes,     402592 total
- age   2:     133096 bytes,     535688 total
- age   3:     197408 bytes,     733096 total
- age   4:     116496 bytes,     849592 total
: 16847K->832K(18624K), 0.0014798 secs] 48650K->32894K(83392K), 0.0015656 secs] [Times: user=0.01 sys=0.00, real=0.01 secs] 
25.924: [GC 25.924: [ParNew
Desired survivor size 1343488 bytes, new threshold 4 (max 4)
- age   1:     296416 bytes,     296416 total
- age   2:     228576 bytes,     524992 total
- age   3:      65080 bytes,     590072 total
- age   4:     197408 bytes,     787480 total
: 16788K->772K(18624K), 0.0015347 secs] 48850K->32948K(83392K), 0.0016822 secs] [Times: user=0.01 sys=0.00, real=0.00 secs] 
25.938: [GC 25.938: [ParNew
Desired survivor size 1343488 bytes, new threshold 4 (max 4)
- age   1:     332904 bytes,     332904 total
- age   2:     115416 bytes,     448320 total
- age   3:     228576 bytes,     676896 total
- age   4:      65080 bytes,     741976 total
: 16761K->725K(18624K), 0.0020247 secs] 48936K->33035K(83392K), 0.0021409 secs] [Times: user=0.00 sys=0.00, real=0.00 secs] 
25.951: [GC 25.952: [ParNew
Desired survivor size 1343488 bytes, new threshold 4 (max 4)
- age   1:     750848 bytes,     750848 total
- age   2:      62008 bytes,     812856 total
- age   3:     115416 bytes,     928272 total
- age   4:     228576 bytes,    1156848 total
: 16707K->1138K(18624K), 0.0017280 secs] 49018K->33511K(83392K), 0.0018358 secs] [Times: user=0.00 sys=0.00, real=0.01 secs] 
25.966: [GC 25.966: [ParNew
Desired survivor size 1343488 bytes, new threshold 4 (max 4)
- age   1:     289368 bytes,     289368 total
- age   2:     422968 bytes,     712336 total
- age   3:      62008 bytes,     774344 total
- age   4:     115416 bytes,     889760 total
: 17124K->872K(18624K), 0.0015573 secs] 49496K->33468K(83392K), 0.0016515 secs] [Times: user=0.00 sys=0.00, real=0.00 secs] 
25.980: [GC 25.980: [ParNew
Desired survivor size 1343488 bytes, new threshold 4 (max 4)
- age   1:     327832 bytes,     327832 total
- age   2:     178632 bytes,     506464 total
- age   3:     167928 bytes,     674392 total
- age   4:      62008 bytes,     736400 total
: 16842K->722K(18624K), 0.0015976 secs] 49438K->33431K(83392K), 0.0017105 secs] [Times: user=0.01 sys=0.00, real=0.00 secs] 
25.994: [GC 25.994: [ParNew
Desired survivor size 1343488 bytes, new threshold 4 (max 4)
- age   1:     365848 bytes,     365848 total
- age   2:     296152 bytes,     662000 total
- age   4:     167928 bytes,     829928 total
: 16708K->813K(18624K), 0.0012674 secs] 49417K->33583K(83392K), 0.0013487 secs] [Times: user=0.01 sys=0.01, real=0.00 secs] 
26.011: [GC 26.011: [ParNew
Desired survivor size 1343488 bytes, new threshold 4 (max 4)
- age   1:     219608 bytes,     219608 total
- age   2:     312496 bytes,     532104 total
- age   3:     209664 bytes,     741768 total
: 16800K->726K(18624K), 0.0016890 secs] 49569K->33659K(83392K), 0.0017940 secs] [Times: user=0.00 sys=0.00, real=0.01 secs] 
26.024: [GC 26.024: [ParNew
Desired survivor size 1343488 bytes, new threshold 4 (max 4)
- age   1:     262504 bytes,     262504 total
- age   2:     176608 bytes,     439112 total
- age   3:      77760 bytes,     516872 total
- age   4:     209664 bytes,     726536 total
: 16725K->713K(18624K), 0.0015814 secs] 49658K->33646K(83392K), 0.0017064 secs] [Times: user=0.00 sys=0.00, real=0.00 secs] 
26.036: [GC 26.037: [ParNew
Desired survivor size 1343488 bytes, new threshold 4 (max 4)
- age   1:      80568 bytes,      80568 total
- age   2:     165768 bytes,     246336 total
- age   3:     176608 bytes,     422944 total
- age   4:      77760 bytes,     500704 total
: 16699K->494K(18624K), 0.0019482 secs] 49632K->33632K(83392K), 0.0022303 secs] [Times: user=0.00 sys=0.00, real=0.00 secs] 
26.050: [GC 26.050: [ParNew
Desired survivor size 1343488 bytes, new threshold 4 (max 4)
- age   1:     316184 bytes,     316184 total
- age   2:      51800 bytes,     367984 total
- age   3:     165768 bytes,     533752 total
- age   4:     176608 bytes,     710360 total
: 16490K->696K(18624K), 0.0020226 secs] 49628K->33910K(83392K), 0.0021333 secs] [Times: user=0.01 sys=0.00, real=0.01 secs] 
26.064: [GC 26.064: [ParNew
Desired survivor size 1343488 bytes, new threshold 4 (max 4)
- age   1:     905136 bytes,     905136 total
- age   2:      78688 bytes,     983824 total
- age   3:      51800 bytes,    1035624 total
- age   4:     165768 bytes,    1201392 total
: 16651K->1179K(18624K), 0.0021648 secs] 49864K->34566K(83392K), 0.0022579 secs] [Times: user=0.00 sys=0.00, real=0.00 secs] 
26.077: [GC 26.077: [ParNew
Desired survivor size 1343488 bytes, new threshold 4 (max 4)
- age   1:     419832 bytes,     419832 total
- age   2:     517496 bytes,     937328 total
- age   3:      78688 bytes,    1016016 total
- age   4:      51800 bytes,    1067816 total
: 17138K->1046K(18624K), 0.0019046 secs] 50524K->34594K(83392K), 0.0020239 secs] [Times: user=0.00 sys=0.00, real=0.00 secs] 
26.090: [GC 26.091: [ParNew
Desired survivor size 1343488 bytes, new threshold 3 (max 4)
- age   1:     859088 bytes,     859088 total
- age   2:     249792 bytes,    1108880 total
- age   3:     263968 bytes,    1372848 total
- age   4:      78688 bytes,    1451536 total
: 17003K->1421K(18624K), 0.0022016 secs] 50551K->35020K(83392K), 0.0023141 secs] [Times: user=0.00 sys=0.00, real=0.01 secs] 
26.109: [GC 26.109: [ParNew
Desired survivor size 1343488 bytes, new threshold 4 (max 4)
- age   1:     661496 bytes,     661496 total
- age   2:     262496 bytes,     923992 total
- age   3:     111248 bytes,    1035240 total
: 17421K->1014K(18624K), 0.0021998 secs] 51020K->34947K(83392K), 0.0023047 secs] [Times: user=0.01 sys=0.00, real=0.00 secs] 
26.123: [GC 26.123: [ParNew
Desired survivor size 1343488 bytes, new threshold 3 (max 4)
- age   1:     649056 bytes,     649056 total
- age   2:     590112 bytes,    1239168 total
- age   3:     262496 bytes,    1501664 total
: 17014K->1470K(18624K), 0.0021121 secs] 50947K->35403K(83392K), 0.0022078 secs] [Times: user=0.00 sys=0.00, real=0.00 secs] 
26.137: [GC 26.137: [ParNew
Desired survivor size 1343488 bytes, new threshold 4 (max 4)
- age   1:     530872 bytes,     530872 total
- age   2:     195624 bytes,     726496 total
- age   3:     590080 bytes,    1316576 total
: 17436K->1293K(18624K), 0.0020960 secs] 51369K->35482K(83392K), 0.0022019 secs] [Times: user=0.00 sys=0.01, real=0.00 secs] 
26.152: [GC 26.152: [ParNew
Desired survivor size 1343488 bytes, new threshold 4 (max 4)
- age   1:     278816 bytes,     278816 total
- age   2:     290472 bytes,     569288 total
- age   3:     195624 bytes,     764912 total
- age   4:     590080 bytes,    1354992 total
: 17270K->1325K(18624K), 0.0020937 secs] 51460K->35515K(83392K), 0.0022098 secs] [Times: user=0.00 sys=0.00, real=0.00 secs] 
26.165: [GC 26.165: [ParNew
Desired survivor size 1343488 bytes, new threshold 4 (max 4)
- age   1:     790264 bytes,     790264 total
- age   3:      31568 bytes,     821832 total
- age   4:     195624 bytes,    1017456 total
: 17299K->998K(18624K), 0.0023127 secs] 51489K->35596K(83392K), 0.0024275 secs] [Times: user=0.01 sys=0.00, real=0.00 secs] 
26.180: [GC 26.180: [ParNew
Desired survivor size 1343488 bytes, new threshold 4 (max 4)
- age   1:     136728 bytes,     136728 total
- age   2:     492544 bytes,     629272 total
- age   4:      31568 bytes,     660840 total
: 16991K->649K(18624K), 0.0013383 secs] 51588K->35437K(83392K), 0.0014297 secs] [Times: user=0.00 sys=0.00, real=0.01 secs] 
26.197: [GC 26.197: [ParNew
Desired survivor size 1343488 bytes, new threshold 4 (max 4)
- age   1:     256880 bytes,     256880 total
- age   3:      58480 bytes,     315360 total
: 16616K->310K(18624K), 0.0013532 secs] 51404K->35130K(83392K), 0.0014779 secs] [Times: user=0.01 sys=0.00, real=0.00 secs] 
26.217: [GC 26.217: [ParNew
Desired survivor size 1343488 bytes, new threshold 4 (max 4)
- age   1:     187056 bytes,     187056 total
- age   2:      59448 bytes,     246504 total
- age   4:      58480 bytes,     304984 total
: 16309K->301K(18624K), 0.0013229 secs] 51128K->35120K(83392K), 0.0014059 secs] [Times: user=0.00 sys=0.00, real=0.00 secs] 
26.231: [GC 26.231: [ParNew
Desired survivor size 1343488 bytes, new threshold 4 (max 4)
- age   1:     770536 bytes,     770536 total
- age   2:      64672 bytes,     835208 total
- age   3:      59448 bytes,     894656 total
: 16301K->877K(18624K), 0.0014468 secs] 51120K->35753K(83392K), 0.0015430 secs] [Times: user=0.00 sys=0.00, real=0.01 secs] 
26.245: [GC 26.245: [ParNew
Desired survivor size 1343488 bytes, new threshold 4 (max 4)
- age   1:     687096 bytes,     687096 total
- age   2:     459656 bytes,    1146752 total
- age   3:      64456 bytes,    1211208 total
- age   4:      59448 bytes,    1270656 total
: 16835K->1246K(18624K), 0.0017342 secs] 51712K->36122K(83392K), 0.0018248 secs] [Times: user=0.01 sys=0.00, real=0.00 secs] 
26.260: [GC 26.260: [ParNew
Desired survivor size 1343488 bytes, new threshold 4 (max 4)
- age   1:     240992 bytes,     240992 total
- age   2:     358080 bytes,     599072 total
- age   3:     329592 bytes,     928664 total
- age   4:      64456 bytes,     993120 total
: 17244K->984K(18624K), 0.0015173 secs] 52120K->35918K(83392K), 0.0016015 secs] [Times: user=0.00 sys=0.00, real=0.00 secs] 
26.273: [GC 26.274: [ParNew
Desired survivor size 1343488 bytes, new threshold 4 (max 4)
- age   1:     563936 bytes,     563936 total
- age   2:     136400 bytes,     700336 total
- age   3:     358080 bytes,    1058416 total
- age   4:     271104 bytes,    1329520 total
: 16944K->1305K(18624K), 0.0018730 secs] 51879K->36303K(83392K), 0.0019683 secs] [Times: user=0.00 sys=0.00, real=0.00 secs] 
26.288: [GC 26.288: [ParNew
Desired survivor size 1343488 bytes, new threshold 4 (max 4)
- age   1:     674992 bytes,     674992 total
- age   2:      30448 bytes,     705440 total
- age   3:     136400 bytes,     841840 total
- age   4:     358080 bytes,    1199920 total
: 17295K->1180K(18624K), 0.0019203 secs] 52292K->36442K(83392K), 0.0020261 secs] [Times: user=0.00 sys=0.00, real=0.00 secs] 
26.301: [GC 26.301: [ParNew
Desired survivor size 1343488 bytes, new threshold 4 (max 4)
- age   1:     220856 bytes,     220856 total
- age   2:     485928 bytes,     706784 total
- age   3:      30448 bytes,     737232 total
- age   4:     136400 bytes,     873632 total
: 17134K->859K(18624K), 0.0018152 secs] 52396K->36471K(83392K), 0.0019279 secs] [Times: user=0.01 sys=0.00, real=0.01 secs] 
26.314: [GC 26.314: [ParNew
Desired survivor size 1343488 bytes, new threshold 4 (max 4)
- age   1:     472112 bytes,     472112 total
- age   2:     115432 bytes,     587544 total
- age   4:      30448 bytes,     617992 total
: 16829K->607K(18624K), 0.0017198 secs] 52441K->36352K(83392K), 0.0018234 secs] [Times: user=0.00 sys=0.00, real=0.00 secs] 
26.329: [GC 26.329: [ParNew
Desired survivor size 1343488 bytes, new threshold 4 (max 4)
- age   1:     521248 bytes,     521248 total
- age   2:     174848 bytes,     696096 total
: 16591K->683K(18624K), 0.0013713 secs] 52336K->36458K(83392K), 0.0014561 secs] [Times: user=0.00 sys=0.00, real=0.00 secs] 
26.342: [GC 26.342: [ParNew
Desired survivor size 1343488 bytes, new threshold 4 (max 4)
- age   1:     250120 bytes,     250120 total
- age   2:     268816 bytes,     518936 total
- age   3:     174848 bytes,     693784 total
: 16672K->681K(18624K), 0.0012643 secs] 52447K->36456K(83392K), 0.0013480 secs] [Times: user=0.00 sys=0.00, real=0.00 secs] 
26.358: [GC 26.358: [ParNew
Desired survivor size 1343488 bytes, new threshold 4 (max 4)
- age   1:     802432 bytes,     802432 total
- age   2:     106016 bytes,     908448 total
- age   3:      90008 bytes,     998456 total
- age   4:     174848 bytes,    1173304 total
: 16633K->1148K(18624K), 0.0018148 secs] 52408K->36923K(83392K), 0.0019671 secs] [Times: user=0.00 sys=0.00, real=0.00 secs] 
26.372: [GC 26.372: [ParNew
Desired survivor size 1343488 bytes, new threshold 4 (max 4)
- age   1:     498944 bytes,     498944 total
- age   2:     571136 bytes,    1070080 total
- age   3:     106016 bytes,    1176096 total
: 17093K->1149K(18624K), 0.0021937 secs] 52868K->36975K(83392K), 0.0023157 secs] [Times: user=0.00 sys=0.00, real=0.00 secs] 
26.386: [GC 26.386: [ParNew
Desired survivor size 1343488 bytes, new threshold 4 (max 4)
- age   1:     297296 bytes,     297296 total
- age   2:     438192 bytes,     735488 total
- age   3:     571136 bytes,    1306624 total
- age   4:     106016 bytes,    1412640 total
: 17097K->1382K(18624K), 0.0032323 secs] 52924K->37208K(83392K), 0.0033329 secs] [Times: user=0.01 sys=0.00, real=0.00 secs] 
26.401: [GC 26.401: [ParNew
Desired survivor size 1343488 bytes, new threshold 4 (max 4)
- age   1:     260440 bytes,     260440 total
- age   2:     239600 bytes,     500040 total
- age   3:     253984 bytes,     754024 total
- age   4:     509008 bytes,    1263032 total
: 17382K->1235K(18624K), 0.0018439 secs] 53208K->37165K(83392K), 0.0019385 secs] [Times: user=0.00 sys=0.01, real=0.01 secs] 
26.415: [GC 26.415: [ParNew
Desired survivor size 1343488 bytes, new threshold 4 (max 4)
- age   1:     301808 bytes,     301808 total
- age   2:      66928 bytes,     368736 total
- age   3:     239600 bytes,     608336 total
: 17221K->597K(18624K), 0.0021656 secs] 53151K->37024K(83392K), 0.0022902 secs] [Times: user=0.00 sys=0.00, real=0.00 secs] 
26.428: [GC 26.429: [ParNew
Desired survivor size 1343488 bytes, new threshold 4 (max 4)
- age   1:     386192 bytes,     386192 total
- age   2:     236864 bytes,     623056 total
- age   3:      66928 bytes,     689984 total
- age   4:     239600 bytes,     929584 total
: 16569K->913K(18624K), 0.0016761 secs] 52996K->37340K(83392K), 0.0017778 secs] [Times: user=0.00 sys=0.00, real=0.00 secs] 
26.442: [GC 26.442: [ParNew
Desired survivor size 1343488 bytes, new threshold 4 (max 4)
- age   1:     761000 bytes,     761000 total
- age   2:     111000 bytes,     872000 total
- age   3:     236864 bytes,    1108864 total
- age   4:      66928 bytes,    1175792 total
: 16839K->1149K(18624K), 0.0022350 secs] 53266K->37810K(83392K), 0.0023389 secs] [Times: user=0.00 sys=0.00, real=0.00 secs] 
26.456: [GC 26.456: [ParNew
Desired survivor size 1343488 bytes, new threshold 4 (max 4)
- age   1:     568512 bytes,     568512 total
- age   2:     677992 bytes,    1246504 total
- age   3:      75368 bytes,    1321872 total
- age   4:     236864 bytes,    1558736 total
: 17139K->1527K(18624K), 0.0024790 secs] 53800K->38253K(83392K), 0.0027872 secs] [Times: user=0.01 sys=0.00, real=0.00 secs] 
26.473: [GC 26.473: [ParNew
Desired survivor size 1343488 bytes, new threshold 4 (max 4)
- age   1:     447904 bytes,     447904 total
- age   2:     295168 bytes,     743072 total
- age   3:     326048 bytes,    1069120 total
- age   4:      75368 bytes,    1144488 total
: 17527K->1120K(18624K), 0.0020725 secs] 54253K->38078K(83392K), 0.0021983 secs] [Times: user=0.00 sys=0.00, real=0.00 secs] 
26.490: [GC 26.491: [ParNew
Desired survivor size 1343488 bytes, new threshold 4 (max 4)
- age   1:     526576 bytes,     526576 total
- age   2:     116272 bytes,     642848 total
- age   3:     235504 bytes,     878352 total
- age   4:     326048 bytes,    1204400 total
: 17098K->1178K(18624K), 0.0021851 secs] 54055K->38210K(83392K), 0.0022675 secs] [Times: user=0.01 sys=0.00, real=0.01 secs] 
26.504: [GC 26.504: [ParNew
Desired survivor size 1343488 bytes, new threshold 4 (max 4)
- age   1:     294768 bytes,     294768 total
- age   2:     204040 bytes,     498808 total
- age   3:     116272 bytes,     615080 total
- age   4:     235504 bytes,     850584 total
: 17163K->839K(18624K), 0.0017233 secs] 54194K->38188K(83392K), 0.0018326 secs] [Times: user=0.01 sys=0.00, real=0.00 secs] 
26.517: [GC 26.517: [ParNew
Desired survivor size 1343488 bytes, new threshold 4 (max 4)
- age   1:     116200 bytes,     116200 total
- age   2:     252832 bytes,     369032 total
- age   3:     143040 bytes,     512072 total
- age   4:     116272 bytes,     628344 total
: 16825K->622K(18624K), 0.0017013 secs] 54175K->38201K(83392K), 0.0018143 secs] [Times: user=0.00 sys=0.00, real=0.00 secs] 
26.535: [GC 26.535: [ParNew
Desired survivor size 1343488 bytes, new threshold 4 (max 4)
- age   1:     397648 bytes,     397648 total
- age   2:      66808 bytes,     464456 total
- age   3:      51200 bytes,     515656 total
- age   4:      73744 bytes,     589400 total
: 16583K->576K(18624K), 0.0016869 secs] 54163K->38250K(83392K), 0.0017737 secs] [Times: user=0.00 sys=0.00, real=0.00 secs] 
26.549: [GC 26.549: [ParNew
Desired survivor size 1343488 bytes, new threshold 4 (max 4)
- age   1:     695072 bytes,     695072 total
- age   2:     210568 bytes,     905640 total
- age   3:      66808 bytes,     972448 total
- age   4:      51200 bytes,    1023648 total
: 16572K->1008K(18624K), 0.0018938 secs] 54246K->38753K(83392K), 0.0019996 secs] [Times: user=0.00 sys=0.00, real=0.00 secs] 
26.562: [GC 26.562: [ParNew
Desired survivor size 1343488 bytes, new threshold 4 (max 4)
- age   1:     467688 bytes,     467688 total
- age   2:     468464 bytes,     936152 total
- age   3:     210568 bytes,    1146720 total
- age   4:      66808 bytes,    1213528 total
: 16920K->1191K(18624K), 0.0019668 secs] 54665K->38986K(83392K), 0.0020833 secs] [Times: user=0.00 sys=0.00, real=0.00 secs] 
26.581: [GC 26.581: [ParNew
Desired survivor size 1343488 bytes, new threshold 4 (max 4)
- age   1:     374624 bytes,     374624 total
- age   2:      67456 bytes,     442080 total
- age   3:     402224 bytes,     844304 total
- age   4:     210536 bytes,    1054840 total
: 17168K->1034K(18624K), 0.0015980 secs] 54964K->38895K(83392K), 0.0017350 secs] [Times: user=0.00 sys=0.00, real=0.01 secs] 
26.594: [GC 26.594: [ParNew
Desired survivor size 1343488 bytes, new threshold 4 (max 4)
- age   1:     281128 bytes,     281128 total
- age   2:     197632 bytes,     478760 total
- age   3:      67456 bytes,     546216 total
- age   4:     400200 bytes,     946416 total
: 17002K->931K(18624K), 0.0020567 secs] 54862K->38929K(83392K), 0.0021537 secs] [Times: user=0.00 sys=0.00, real=0.00 secs] 
26.609: [GC 26.609: [ParNew
Desired survivor size 1343488 bytes, new threshold 4 (max 4)
- age   1:     406968 bytes,     406968 total
- age   2:     227456 bytes,     634424 total
- age   3:     197392 bytes,     831816 total
- age   4:      67456 bytes,     899272 total
: 16931K->891K(18624K), 0.0016972 secs] 54929K->39279K(83392K), 0.0017923 secs] [Times: user=0.00 sys=0.00, real=0.00 secs] 
26.622: [GC 26.623: [ParNew
Desired survivor size 1343488 bytes, new threshold 4 (max 4)
- age   1:     344864 bytes,     344864 total
- age   2:     165248 bytes,     510112 total
- age   3:     227456 bytes,     737568 total
- age   4:     197392 bytes,     934960 total
: 16870K->916K(18624K), 0.0020763 secs] 55259K->39371K(83392K), 0.0021995 secs] [Times: user=0.00 sys=0.00, real=0.00 secs] 
26.636: [GC 26.636: [ParNew
Desired survivor size 1343488 bytes, new threshold 4 (max 4)
- age   1:    1062416 bytes,    1062416 total
- age   2:       8496 bytes,    1070912 total
- age   3:     165248 bytes,    1236160 total
- age   4:     227456 bytes,    1463616 total
: 16909K->1435K(18624K), 0.0029518 secs] 55364K->40083K(83392K), 0.0030563 secs] [Times: user=0.01 sys=0.00, real=0.00 secs] 
26.651: [GC 26.651: [ParNew
Desired survivor size 1343488 bytes, new threshold 4 (max 4)
- age   1:     463712 bytes,     463712 total
- age   2:     561376 bytes,    1025088 total
- age   3:       8496 bytes,    1033584 total
- age   4:     165168 bytes,    1198752 total
: 17435K->1174K(18624K), 0.0018395 secs] 56083K->40043K(83392K), 0.0019531 secs] [Times: user=0.00 sys=0.00, real=0.01 secs] 
26.666: [GC 26.666: [ParNew
Desired survivor size 1343488 bytes, new threshold 4 (max 4)
- age   1:     235016 bytes,     235016 total
- age   2:     440352 bytes,     675368 total
- age   3:     305712 bytes,     981080 total
- age   4:       8496 bytes,     989576 total
: 17174K->969K(18624K), 0.0015904 secs] 56043K->40000K(83392K), 0.0017477 secs] [Times: user=0.00 sys=0.00, real=0.00 secs] 
26.679: [GC 26.679: [ParNew
Desired survivor size 1343488 bytes, new threshold 4 (max 4)
- age   1:     398800 bytes,     398800 total
- age   2:      66800 bytes,     465600 total
- age   3:     370192 bytes,     835792 total
- age   4:     305712 bytes,    1141504 total
: 16926K->1122K(18624K), 0.0017799 secs] 55957K->40161K(83392K), 0.0020448 secs] [Times: user=0.00 sys=0.00, real=0.00 secs] 
26.694: [GC 26.694: [ParNew
Desired survivor size 1343488 bytes, new threshold 4 (max 4)
- age   1:     540696 bytes,     540696 total
- age   2:      37448 bytes,     578144 total
- age   3:      66800 bytes,     644944 total
- age   4:     297168 bytes,     942112 total
: 17094K->920K(18624K), 0.0016653 secs] 56133K->40258K(83392K), 0.0017572 secs] [Times: user=0.01 sys=0.00, real=0.00 secs] 
26.708: [GC 26.708: [ParNew
Desired survivor size 1343488 bytes, new threshold 4 (max 4)
- age   1:     402248 bytes,     402248 total
- age   2:        400 bytes,     402648 total
- age   3:      37448 bytes,     440096 total
- age   4:      66800 bytes,     506896 total
: 16861K->496K(18624K), 0.0013303 secs] 56199K->40124K(83392K), 0.0014437 secs] [Times: user=0.00 sys=0.00, real=0.00 secs] 
26.722: [GC 26.722: [ParNew
Desired survivor size 1343488 bytes, new threshold 4 (max 4)
- age   1:     372984 bytes,     372984 total
- age   2:     245024 bytes,     618008 total
- age   3:        400 bytes,     618408 total
- age   4:      37448 bytes,     655856 total
: 16478K->642K(18624K), 0.0020898 secs] 56106K->40335K(83392K), 0.0021913 secs] [Times: user=0.00 sys=0.00, real=0.00 secs] 
26.736: [GC 26.736: [ParNew
Desired survivor size 1343488 bytes, new threshold 4 (max 4)
- age   1:     784264 bytes,     784264 total
- age   2:     213416 bytes,     997680 total
- age   3:       1200 bytes,     998880 total
- age   4:        400 bytes,     999280 total
: 16621K->979K(18624K), 0.0018811 secs] 56314K->40709K(83392K), 0.0020070 secs] [Times: user=0.00 sys=0.00, real=0.00 secs] 
26.751: [GC 26.751: [ParNew
Desired survivor size 1343488 bytes, new threshold 4 (max 4)
- age   1:     347848 bytes,     347848 total
- age   2:     556824 bytes,     904672 total
- age   3:     129184 bytes,    1033856 total
- age   4:       1200 bytes,    1035056 total
: 16972K->1014K(18624K), 0.0016876 secs] 56702K->40744K(83392K), 0.0017842 secs] [Times: user=0.00 sys=0.00, real=0.01 secs] 
26.765: [GC 26.765: [ParNew
Desired survivor size 1343488 bytes, new threshold 4 (max 4)
- age   1:     539944 bytes,     539944 total
- age   2:     250984 bytes,     790928 total
- age   3:     392104 bytes,    1183032 total
- age   4:     129184 bytes,    1312216 total
: 17013K->1284K(18624K), 0.0016915 secs] 56743K->41015K(83392K), 0.0018035 secs] [Times: user=0.00 sys=0.00, real=0.00 secs] 
26.778: [GC 26.779: [ParNew
Desired survivor size 1343488 bytes, new threshold 4 (max 4)
- age   1:     332488 bytes,     332488 total
- age   2:     227336 bytes,     559824 total
- age   3:     250984 bytes,     810808 total
- age   4:     392104 bytes,    1202912 total
: 17265K->1177K(18624K), 0.0018995 secs] 56997K->40952K(83392K), 0.0019958 secs] [Times: user=0.01 sys=0.00, real=0.00 secs] 
26.795: [GC 26.795: [ParNew
Desired survivor size 1343488 bytes, new threshold 4 (max 4)
- age   1:     845264 bytes,     845264 total
- age   2:     247440 bytes,    1092704 total
- age   3:     227336 bytes,    1320040 total
- age   4:     250984 bytes,    1571024 total
: 17150K->1536K(18624K), 0.0030001 secs] 56926K->41694K(83392K), 0.0031080 secs] [Times: user=0.00 sys=0.00, real=0.00 secs] 
26.810: [GC 26.811: [ParNew
Desired survivor size 1343488 bytes, new threshold 2 (max 4)
- age   1:     598256 bytes,     598256 total
- age   2:     790624 bytes,    1388880 total
- age   3:        376 bytes,    1389256 total
- age   4:      74456 bytes,    1463712 total
: 17524K->1431K(18624K), 0.0023106 secs] 57682K->41773K(83392K), 0.0025573 secs] [Times: user=0.00 sys=0.00, real=0.01 secs] 
26.825: [GC 26.825: [ParNew
Desired survivor size 1343488 bytes, new threshold 4 (max 4)
- age   1:     271632 bytes,     271632 total
- age   2:     531816 bytes,     803448 total
: 17325K->788K(18624K), 0.0018862 secs] 57667K->41552K(83392K), 0.0019854 secs] [Times: user=0.00 sys=0.01, real=0.00 secs] 
26.839: [GC 26.839: [ParNew
Desired survivor size 1343488 bytes, new threshold 4 (max 4)
- age   1:     372264 bytes,     372264 total
- age   2:     203248 bytes,     575512 total
- age   3:     531816 bytes,    1107328 total
: 16788K->1084K(18624K), 0.0020495 secs] 57552K->41848K(83392K), 0.0021629 secs] [Times: user=0.01 sys=0.00, real=0.00 secs] 
26.853: [GC 26.853: [ParNew
Desired survivor size 1343488 bytes, new threshold 4 (max 4)
- age   1:     205912 bytes,     205912 total
- age   2:     298584 bytes,     504496 total
- age   4:     531816 bytes,    1036312 total
: 17060K->1014K(18624K), 0.0016789 secs] 57824K->41779K(83392K), 0.0017729 secs] [Times: user=0.01 sys=0.00, real=0.00 secs] 
26.867: [GC 26.867: [ParNew
Desired survivor size 1343488 bytes, new threshold 3 (max 4)
- age   1:    1105664 bytes,    1105664 total
- age   2:     128456 bytes,    1234120 total
- age   3:     298584 bytes,    1532704 total
: 17014K->1499K(18624K), 0.0019154 secs] 57778K->42485K(83392K), 0.0020093 secs] [Times: user=0.00 sys=0.00, real=0.00 secs] 
26.880: [GC 26.880: [ParNew
Desired survivor size 1343488 bytes, new threshold 2 (max 4)
- age   1:    1023704 bytes,    1023704 total
- age   2:     966552 bytes,    1990256 total
- age   3:     128456 bytes,    2118712 total
: 17467K->2072K(18624K), 0.0028272 secs] 58453K->43350K(83392K), 0.0029113 secs] [Times: user=0.01 sys=0.00, real=0.01 secs] 
26.896: [GC 26.896: [ParNew
Desired survivor size 1343488 bytes, new threshold 2 (max 4)
- age   1:     539120 bytes,     539120 total
- age   2:     988528 bytes,    1527648 total
: 18037K->1495K(18624K), 0.0025273 secs] 59315K->43453K(83392K), 0.0026246 secs] [Times: user=0.01 sys=0.00, real=0.00 secs] 
26.909: [GC 26.909: [ParNew
Desired survivor size 1343488 bytes, new threshold 4 (max 4)
- age   1:     546160 bytes,     546160 total
- age   2:     471904 bytes,    1018064 total
: 17491K->997K(18624K), 0.0026222 secs] 59449K->43921K(83392K), 0.0029099 secs] [Times: user=0.00 sys=0.00, real=0.01 secs] 
26.924: [GC 26.924: [ParNew
Desired survivor size 1343488 bytes, new threshold 4 (max 4)
- age   1:     277856 bytes,     277856 total
- age   2:     476248 bytes,     754104 total
- age   3:     471904 bytes,    1226008 total
: 16994K->1200K(18624K), 0.0019675 secs] 59917K->44124K(83392K), 0.0020738 secs] [Times: user=0.00 sys=0.00, real=0.00 secs] 
26.939: [GC 26.939: [ParNew
Desired survivor size 1343488 bytes, new threshold 3 (max 4)
- age   1:     717416 bytes,     717416 total
- age   2:     230648 bytes,     948064 total
- age   3:     476248 bytes,    1424312 total
- age   4:     471904 bytes,    1896216 total
: 17177K->1853K(18624K), 0.0021428 secs] 60100K->44776K(83392K), 0.0022395 secs] [Times: user=0.01 sys=0.00, real=0.00 secs] 
26.953: [GC 26.954: [ParNew
Desired survivor size 1343488 bytes, new threshold 3 (max 4)
- age   1:     597104 bytes,     597104 total
- age   2:     654000 bytes,    1251104 total
- age   3:     119304 bytes,    1370408 total
: 17852K->1342K(18624K), 0.0028061 secs] 60776K->45028K(83392K), 0.0029321 secs] [Times: user=0.00 sys=0.00, real=0.00 secs] 
26.974: [GC 26.974: [ParNew
Desired survivor size 1343488 bytes, new threshold 4 (max 4)
- age   1:      92792 bytes,      92792 total
- age   2:     431672 bytes,     524464 total
- age   3:     654000 bytes,    1178464 total
: 17320K->1153K(18624K), 0.0016603 secs] 61006K->44955K(83392K), 0.0017735 secs] [Times: user=0.01 sys=0.00, real=0.00 secs] 
26.989: [GC 26.989: [ParNew
Desired survivor size 1343488 bytes, new threshold 1 (max 4)
- age   1:    1579752 bytes,    1579752 total
- age   2:       8624 bytes,    1588376 total
- age   3:     431672 bytes,    2020048 total
- age   4:     654000 bytes,    2674048 total
: 17145K->2614K(18624K), 0.0034817 secs] 60947K->46569K(83392K), 0.0036187 secs] [Times: user=0.00 sys=0.00, real=0.01 secs] 
27.004: [GC 27.004: [ParNew
Desired survivor size 1343488 bytes, new threshold 4 (max 4)
- age   1:     244640 bytes,     244640 total
: 18575K->246K(18624K), 0.0032566 secs] 62529K->46668K(83392K), 0.0033933 secs] [Times: user=0.00 sys=0.00, real=0.00 secs] 
27.008: [GC [1 CMS-initial-mark: 46421K(64768K)] 46791K(83392K), 0.0009154 secs] [Times: user=0.01 sys=0.00, real=0.00 secs] 
27.009: [CMS-concurrent-mark-start]
27.028: [GC 27.028: [ParNew
Desired survivor size 1343488 bytes, new threshold 4 (max 4)
- age   1:     557192 bytes,     557192 total
- age   2:     115600 bytes,     672792 total
: 16207K->659K(18624K), 0.0013056 secs] 62629K->47081K(83392K), 0.0013860 secs] [Times: user=0.00 sys=0.00, real=0.00 secs] 
27.042: [GC 27.042: [ParNew
Desired survivor size 1343488 bytes, new threshold 4 (max 4)
- age   1:     254624 bytes,     254624 total
- age   2:     475680 bytes,     730304 total
- age   3:     115600 bytes,     845904 total
: 16659K->828K(18624K), 0.0014380 secs] 63081K->47250K(83392K), 0.0015234 secs] [Times: user=0.01 sys=0.00, real=0.00 secs] 
27.057: [GC 27.057: [ParNew
Desired survivor size 1343488 bytes, new threshold 4 (max 4)
- age   1:     411312 bytes,     411312 total
- age   2:      87200 bytes,     498512 total
- age   3:     475680 bytes,     974192 total
- age   4:     115600 bytes,    1089792 total
: 16811K->1067K(18624K), 0.0019436 secs] 63233K->47489K(83392K), 0.0020306 secs] [Times: user=0.00 sys=0.00, real=0.00 secs] 
27.079: [GC 27.079: [ParNew
Desired survivor size 1343488 bytes, new threshold 4 (max 4)
- age   1:     641408 bytes,     641408 total
- age   2:     324800 bytes,     966208 total
- age   3:       2128 bytes,     968336 total
- age   4:     475680 bytes,    1444016 total
: 17007K->1411K(18624K), 0.0021835 secs] 63429K->47946K(83392K), 0.0022854 secs] [Times: user=0.01 sys=0.00, real=0.01 secs] 
27.096: [CMS-concurrent-mark: 0.075/0.087 secs] [Times: user=0.13 sys=0.00, real=0.09 secs] 
27.096: [CMS-concurrent-preclean-start]
27.096: [CMS-concurrent-preclean: 0.001/0.001 secs] [Times: user=0.00 sys=0.00, real=0.00 secs] 
27.096: [CMS-concurrent-abortable-preclean-start]
27.098: [GC 27.098: [ParNew
Desired survivor size 1343488 bytes, new threshold 4 (max 4)
- age   1:     260760 bytes,     260760 total
- age   2:     500952 bytes,     761712 total
- age   3:     324800 bytes,    1086512 total
- age   4:       2128 bytes,    1088640 total
: 17363K->1063K(18624K), 0.0022606 secs] 63898K->48063K(83392K), 0.0023548 secs] [Times: user=0.01 sys=0.00, real=0.00 secs] 
27.113: [GC 27.113: [ParNew
Desired survivor size 1343488 bytes, new threshold 4 (max 4)
- age   1:     447272 bytes,     447272 total
- age   2:      67624 bytes,     514896 total
- age   3:     364240 bytes,     879136 total
- age   4:     324800 bytes,    1203936 total
: 17053K->1185K(18624K), 0.0018644 secs] 64052K->48186K(83392K), 0.0019642 secs] [Times: user=0.00 sys=0.00, real=0.00 secs] 
27.132: [GC 27.133: [ParNew
Desired survivor size 1343488 bytes, new threshold 4 (max 4)
- age   1:      60568 bytes,      60568 total
- age   2:     274712 bytes,     335280 total
- age   3:      67624 bytes,     402904 total
- age   4:     363912 bytes,     766816 total
: 17185K->751K(18624K), 0.0020373 secs] 64186K->48070K(83392K), 0.0021411 secs] [Times: user=0.00 sys=0.00, real=0.00 secs] 
27.147: [GC 27.147: [ParNew
Desired survivor size 1343488 bytes, new threshold 4 (max 4)
- age   1:     198000 bytes,     198000 total
- age   2:      21240 bytes,     219240 total
- age   3:     274712 bytes,     493952 total
- age   4:      67624 bytes,     561576 total
: 16751K->560K(18624K), 0.0017687 secs] 64070K->48151K(83392K), 0.0018744 secs] [Times: user=0.00 sys=0.00, real=0.00 secs] 
27.162: [GC 27.162: [ParNew
Desired survivor size 1343488 bytes, new threshold 4 (max 4)
- age   1:     670192 bytes,     670192 total
- age   2:     198000 bytes,     868192 total
- age   3:      21240 bytes,     889432 total
- age   4:     274712 bytes,    1164144 total
: 16560K->1141K(18624K), 0.0019401 secs] 64151K->48798K(83392K), 0.0020818 secs] [Times: user=0.01 sys=0.00, real=0.00 secs] 
27.177: [GC 27.177: [ParNew
Desired survivor size 1343488 bytes, new threshold 4 (max 4)
- age   1:     638408 bytes,     638408 total
- age   2:     421176 bytes,    1059584 total
- age   3:     198000 bytes,    1257584 total
- age   4:      21240 bytes,    1278824 total
: 17062K->1261K(18624K), 0.0024928 secs] 64719K->49186K(83392K), 0.0026205 secs] [Times: user=0.00 sys=0.00, real=0.00 secs] 
27.193: [GC 27.193: [ParNew
Desired survivor size 1343488 bytes, new threshold 4 (max 4)
- age   1:     291712 bytes,     291712 total
- age   2:     508120 bytes,     799832 total
- age   3:     421176 bytes,    1221008 total
- age   4:     198000 bytes,    1419008 total
: 17232K->1406K(18624K), 0.0022842 secs] 65157K->49354K(83392K), 0.0024062 secs] [Times: user=0.01 sys=0.00, real=0.00 secs] 
27.207: [GC 27.207: [ParNew
Desired survivor size 1343488 bytes, new threshold 4 (max 4)
- age   1:     256184 bytes,     256184 total
- age   2:     167736 bytes,     423920 total
- age   3:     507312 bytes,     931232 total
- age   4:     328792 bytes,    1260024 total
: 17402K->1239K(18624K), 0.0023044 secs] 65350K->49380K(83392K), 0.0024008 secs] [Times: user=0.00 sys=0.00, real=0.00 secs] 
27.221: [GC 27.221: [ParNew
Desired survivor size 1343488 bytes, new threshold 4 (max 4)
- age   1:     336944 bytes,     336944 total
- age   2:     241312 bytes,     578256 total
- age   3:     167736 bytes,     745992 total
- age   4:     253768 bytes,     999760 total
: 17223K->983K(18624K), 0.0023282 secs] 65365K->49446K(83392K), 0.0024621 secs] [Times: user=0.00 sys=0.00, real=0.01 secs] 
27.235: [GC 27.235: [ParNew
Desired survivor size 1343488 bytes, new threshold 4 (max 4)
- age   1:     408048 bytes,     408048 total
- age   2:     310304 bytes,     718352 total
- age   3:       9816 bytes,     728168 total
- age   4:     115408 bytes,     843576 total
: 16934K->830K(18624K), 0.0024805 secs] 65397K->49379K(83392K), 0.0025685 secs] [Times: user=0.01 sys=0.00, real=0.00 secs] 
27.255: [GC 27.255: [ParNew
Desired survivor size 1343488 bytes, new threshold 4 (max 4)
- age   1:     662432 bytes,     662432 total
- age   2:     271888 bytes,     934320 total
- age   3:     310304 bytes,    1244624 total
- age   4:       9816 bytes,    1254440 total
: 16830K->1226K(18624K), 0.0017514 secs] 65379K->49888K(83392K), 0.0018322 secs] [Times: user=0.00 sys=0.00, real=0.00 secs] 
27.270: [GC 27.270: [ParNew
Desired survivor size 1343488 bytes, new threshold 2 (max 4)
- age   1:     958960 bytes,     958960 total
- age   2:     635424 bytes,    1594384 total
- age   3:     271888 bytes,    1866272 total
- age   4:     310304 bytes,    2176576 total
: 17217K->2131K(18624K), 0.0024956 secs] 65878K->50802K(83392K), 0.0025947 secs] [Times: user=0.00 sys=0.00, real=0.01 secs] 
27.286: [GC 27.286: [ParNew
Desired survivor size 1343488 bytes, new threshold 4 (max 4)
- age   1:     205304 bytes,     205304 total
- age   2:     899608 bytes,    1104912 total
: 18118K->1081K(18624K), 0.0031204 secs] 66789K->50660K(83392K), 0.0032338 secs] [Times: user=0.01 sys=0.00, real=0.00 secs] 
27.304: [GC 27.304: [ParNew
Desired survivor size 1343488 bytes, new threshold 4 (max 4)
- age   1:     378616 bytes,     378616 total
- age   2:      54408 bytes,     433024 total
- age   3:     899608 bytes,    1332632 total
: 17081K->1302K(18624K), 0.0025362 secs] 66660K->50881K(83392K), 0.0026659 secs] [Times: user=0.00 sys=0.00, real=0.00 secs] 
27.318: [GC 27.318: [ParNew
Desired survivor size 1343488 bytes, new threshold 4 (max 4)
- age   1:     169440 bytes,     169440 total
- age   2:     270176 bytes,     439616 total
- age   3:      54408 bytes,     494024 total
- age   4:     899608 bytes,    1393632 total
: 17246K->1365K(18624K), 0.0023009 secs] 66825K->50943K(83392K), 0.0024731 secs] [Times: user=0.00 sys=0.00, real=0.00 secs] 
27.333: [GC 27.333: [ParNew
Desired survivor size 1343488 bytes, new threshold 4 (max 4)
- age   1:     511736 bytes,     511736 total
- age   2:     113528 bytes,     625264 total
- age   3:     270176 bytes,     895440 total
- age   4:      54408 bytes,     949848 total
: 17317K->933K(18624K), 0.0026159 secs] 66896K->51390K(83392K), 0.0027304 secs] [Times: user=0.01 sys=0.00, real=0.00 secs] 
27.350: [GC 27.350: [ParNew
Desired survivor size 1343488 bytes, new threshold 4 (max 4)
- age   1:     848704 bytes,     848704 total
- age   2:     245264 bytes,    1093968 total
- age   3:      55912 bytes,    1149880 total
- age   4:     270176 bytes,    1420056 total
: 16897K->1395K(18624K), 0.0019752 secs] 67354K->51905K(83392K), 0.0020665 secs] [Times: user=0.00 sys=0.00, real=0.01 secs] 
27.369: [GC 27.369: [ParNew
Desired survivor size 1343488 bytes, new threshold 4 (max 4)
- age   1:     116504 bytes,     116504 total
- age   2:     762144 bytes,     878648 total
- age   3:     144088 bytes,    1022736 total
: 17350K->1004K(18624K), 0.0021017 secs] 67860K->51778K(83392K), 0.0021958 secs] [Times: user=0.00 sys=0.00, real=0.00 secs] 
27.382: [GC 27.382: [ParNew
Desired survivor size 1343488 bytes, new threshold 4 (max 4)
- age   1:     287560 bytes,     287560 total
- age   2:      16440 bytes,     304000 total
- age   3:     762144 bytes,    1066144 total
- age   4:     144088 bytes,    1210232 total
: 16997K->1192K(18624K), 0.0027935 secs] 67772K->51967K(83392K), 0.0029022 secs] [Times: user=0.00 sys=0.00, real=0.00 secs] 
27.398: [GC 27.398: [ParNew
Desired survivor size 1343488 bytes, new threshold 4 (max 4)
- age   1:     439744 bytes,     439744 total
- age   2:     222944 bytes,     662688 total
- age   3:      16440 bytes,     679128 total
- age   4:     762144 bytes,    1441272 total
: 17182K->1410K(18624K), 0.0020883 secs] 67956K->52325K(83392K), 0.0021807 secs] [Times: user=0.00 sys=0.00, real=0.00 secs] 
27.412: [GC 27.412: [ParNew
Desired survivor size 1343488 bytes, new threshold 4 (max 4)
- age   1:     177808 bytes,     177808 total
- age   2:     350936 bytes,     528744 total
- age   3:     222944 bytes,     751688 total
- age   4:      16440 bytes,     768128 total
: 17382K->760K(18624K), 0.0024479 secs] 68297K->52420K(83392K), 0.0025476 secs] [Times: user=0.00 sys=0.00, real=0.00 secs] 
27.427: [GC 27.427: [ParNew
Desired survivor size 1343488 bytes, new threshold 4 (max 4)
- age   1:     331624 bytes,     331624 total
- age   2:     116384 bytes,     448008 total
- age   3:     350936 bytes,     798944 total
- age   4:     204928 bytes,    1003872 total
: 16730K->995K(18624K), 0.0016826 secs] 68389K->52671K(83392K), 0.0017751 secs] [Times: user=0.00 sys=0.00, real=0.00 secs] 
27.440: [GC 27.440: [ParNew
Desired survivor size 1343488 bytes, new threshold 4 (max 4)
- age   1:     209864 bytes,     209864 total
- age   2:     267464 bytes,     477328 total
- age   4:     350976 bytes,     828304 total
: 16966K->814K(18624K), 0.0024740 secs] 68641K->52689K(83392K), 0.0025946 secs] [Times: user=0.01 sys=0.00, real=0.01 secs] 
27.454: [GC 27.454: [ParNew
Desired survivor size 1343488 bytes, new threshold 4 (max 4)
- age   1:     480296 bytes,     480296 total
- age   2:      90008 bytes,     570304 total
- age   3:     267464 bytes,     837768 total
: 16803K->825K(18624K), 0.0021657 secs] 68678K->53043K(83392K), 0.0022795 secs] [Times: user=0.00 sys=0.00, real=0.00 secs] 
27.469: [GC 27.469: [ParNew
Desired survivor size 1343488 bytes, new threshold 4 (max 4)
- age   1:     390744 bytes,     390744 total
- age   2:     273192 bytes,     663936 total
- age   3:      60008 bytes,     723944 total
- age   4:     153544 bytes,     877488 total
: 16825K->858K(18624K), 0.0013686 secs] 69043K->53076K(83392K), 0.0014471 secs] [Times: user=0.00 sys=0.00, real=0.00 secs] 
27.483: [GC 27.483: [ParNew
Desired survivor size 1343488 bytes, new threshold 4 (max 4)
- age   1:     428584 bytes,     428584 total
- age   2:     344840 bytes,     773424 total
- age   3:     273352 bytes,    1046776 total
: 16858K->1026K(18624K), 0.0018881 secs] 69076K->53245K(83392K), 0.0020341 secs] [Times: user=0.00 sys=0.00, real=0.00 secs] 
27.499: [GC 27.499: [ParNew
Desired survivor size 1343488 bytes, new threshold 4 (max 4)
- age   1:     348992 bytes,     348992 total
- age   2:      26416 bytes,     375408 total
- age   3:     344840 bytes,     720248 total
- age   4:     249184 bytes,     969432 total
: 17026K->950K(18624K), 0.0014581 secs] 69244K->53168K(83392K), 0.0015441 secs] [Times: user=0.00 sys=0.00, real=0.00 secs] 
27.513: [GC 27.514: [ParNew
Desired survivor size 1343488 bytes, new threshold 4 (max 4)
- age   1:     362752 bytes,     362752 total
- age   2:     236432 bytes,     599184 total
- age   3:      26416 bytes,     625600 total
- age   4:     344840 bytes,     970440 total
: 16889K->955K(18624K), 0.0018311 secs] 69107K->53328K(83392K), 0.0019323 secs] [Times: user=0.01 sys=0.00, real=0.00 secs] 
27.535: [GC 27.535: [ParNew
Desired survivor size 1343488 bytes, new threshold 4 (max 4)
- age   1:     616216 bytes,     616216 total
- age   2:     295848 bytes,     912064 total
- age   3:     236432 bytes,    1148496 total
- age   4:      26416 bytes,    1174912 total
: 16927K->1150K(18624K), 0.0021196 secs] 69300K->53860K(83392K), 0.0021989 secs] [Times: user=0.00 sys=0.00, real=0.00 secs] 
27.550: [GC 27.550: [ParNew
Desired survivor size 1343488 bytes, new threshold 3 (max 4)
- age   1:     524576 bytes,     524576 total
- age   2:     593376 bytes,    1117952 total
- age   3:     295848 bytes,    1413800 total
- age   4:     158640 bytes,    1572440 total
: 17136K->1539K(18624K), 0.0020406 secs] 69846K->54249K(83392K), 0.0021280 secs] [Times: user=0.00 sys=0.00, real=0.01 secs] 
27.564: [GC 27.565: [ParNew
Desired survivor size 1343488 bytes, new threshold 3 (max 4)
- age   1:     353640 bytes,     353640 total
- age   2:     469904 bytes,     823544 total
- age   3:     593376 bytes,    1416920 total
: 17523K->1386K(18624K), 0.0025553 secs] 70234K->54540K(83392K), 0.0026684 secs] [Times: user=0.01 sys=0.00, real=0.00 secs] 
27.578: [GC 27.579: [ParNew
Desired survivor size 1343488 bytes, new threshold 4 (max 4)
- age   1:     687936 bytes,     687936 total
- age   2:     155976 bytes,     843912 total
- age   3:     389560 bytes,    1233472 total
: 17356K->1214K(18624K), 0.0027382 secs] 70510K->54948K(83392K), 0.0030072 secs] [Times: user=0.00 sys=0.00, real=0.00 secs] 
27.593: [GC 27.593: [ParNew
Desired survivor size 1343488 bytes, new threshold 4 (max 4)
- age   1:     305960 bytes,     305960 total
- age   2:     646368 bytes,     952328 total
- age   3:      88136 bytes,    1040464 total
- age   4:     223376 bytes,    1263840 total
: 17195K->1237K(18624K), 0.0023470 secs] 70928K->54971K(83392K), 0.0024432 secs] [Times: user=0.00 sys=0.00, real=0.00 secs] 
27.607: [GC 27.607: [ParNew
Desired survivor size 1343488 bytes, new threshold 4 (max 4)
- age   1:     308560 bytes,     308560 total
- age   2:     265872 bytes,     574432 total
- age   3:     379800 bytes,     954232 total
- age   4:      88136 bytes,    1042368 total
: 17189K->1021K(18624K), 0.0020446 secs] 70923K->54972K(83392K), 0.0021634 secs] [Times: user=0.00 sys=0.00, real=0.00 secs] 
27.622: [GC 27.622: [ParNew
Desired survivor size 1343488 bytes, new threshold 4 (max 4)
- age   1:     445064 bytes,     445064 total
- age   2:     254088 bytes,     699152 total
- age   3:     265872 bytes,     965024 total
- age   4:     379800 bytes,    1344824 total
: 17021K->1315K(18624K), 0.0021004 secs] 70972K->55352K(83392K), 0.0021956 secs] [Times: user=0.01 sys=0.00, real=0.00 secs] 
27.636: [GC 27.636: [ParNew
Desired survivor size 1343488 bytes, new threshold 4 (max 4)
- age   1:     423768 bytes,     423768 total
- age   2:     214304 bytes,     638072 total
- age   3:     254056 bytes,     892128 total
- age   4:     218568 bytes,    1110696 total
: 17306K->1088K(18624K), 0.0022235 secs] 71344K->55496K(83392K), 0.0023155 secs] [Times: user=0.00 sys=0.00, real=0.00 secs] 
27.650: [GC 27.650: [ParNew
Desired survivor size 1343488 bytes, new threshold 4 (max 4)
- age   1:     378000 bytes,     378000 total
- age   2:     258528 bytes,     636528 total
- age   3:     214304 bytes,     850832 total
- age   4:      85768 bytes,     936600 total
: 17082K->916K(18624K), 0.0018818 secs] 71491K->55538K(83392K), 0.0020023 secs] [Times: user=0.00 sys=0.00, real=0.01 secs] 
27.663: [GC 27.663: [ParNew
Desired survivor size 1343488 bytes, new threshold 4 (max 4)
- age   1:     484320 bytes,     484320 total
- age   2:     293648 bytes,     777968 total
- age   3:     258528 bytes,    1036496 total
- age   4:     214304 bytes,    1250800 total
: 16915K->1223K(18624K), 0.0022126 secs] 71537K->55929K(83392K), 0.0023245 secs] [Times: user=0.00 sys=0.00, real=0.00 secs] 
27.680: [GC 27.681: [ParNew
Desired survivor size 1343488 bytes, new threshold 4 (max 4)
- age   1:     221608 bytes,     221608 total
- age   2:     140040 bytes,     361648 total
- age   3:     155320 bytes,     516968 total
- age   4:     258528 bytes,     775496 total
: 17214K->760K(18624K), 0.0019462 secs] 71920K->55675K(83392K), 0.0020589 secs] [Times: user=0.00 sys=0.00, real=0.01 secs] 
27.696: [GC 27.696: [ParNew
Desired survivor size 1343488 bytes, new threshold 4 (max 4)
- age   1:     192072 bytes,     192072 total
- age   2:     142200 bytes,     334272 total
- age   3:     140040 bytes,     474312 total
- age   4:      84344 bytes,     558656 total
: 16751K->550K(18624K), 0.0013826 secs] 71666K->55671K(83392K), 0.0014726 secs] [Times: user=0.00 sys=0.00, real=0.00 secs] 
27.708: [GC 27.708: [ParNew
Desired survivor size 1343488 bytes, new threshold 4 (max 4)
- age   1:     369032 bytes,     369032 total
- age   2:      47232 bytes,     416264 total
- age   3:     142200 bytes,     558464 total
- age   4:     140040 bytes,     698504 total
: 16549K->684K(18624K), 0.0015840 secs] 71670K->55888K(83392K), 0.0016775 secs] [Times: user=0.01 sys=0.00, real=0.00 secs] 
27.722: [GC 27.722: [ParNew
Desired survivor size 1343488 bytes, new threshold 4 (max 4)
- age   1:     180456 bytes,     180456 total
- age   2:     202648 bytes,     383104 total
- age   3:      47232 bytes,     430336 total
- age   4:     142200 bytes,     572536 total
: 16641K->562K(18624K), 0.0016089 secs] 71844K->55902K(83392K), 0.0017026 secs] [Times: user=0.00 sys=0.00, real=0.00 secs] 
27.735: [GC 27.735: [ParNew
Desired survivor size 1343488 bytes, new threshold 4 (max 4)
- age   1:     796144 bytes,     796144 total
- age   3:     112832 bytes,     908976 total
- age   4:      47232 bytes,     956208 total
: 16551K->937K(18624K), 0.0019081 secs] 71891K->56416K(83392K), 0.0020193 secs] [Times: user=0.00 sys=0.00, real=0.00 secs] 
27.750: [GC 27.750: [ParNew
Desired survivor size 1343488 bytes, new threshold 4 (max 4)
- age   1:     576392 bytes,     576392 total
- age   2:     622008 bytes,    1198400 total
- age   4:     112832 bytes,    1311232 total
: 16869K->1283K(18624K), 0.0018265 secs] 72348K->56809K(83392K), 0.0019207 secs] [Times: user=0.00 sys=0.00, real=0.01 secs] 
27.764: [GC 27.764: [ParNew
Desired survivor size 1343488 bytes, new threshold 4 (max 4)
- age   1:     258512 bytes,     258512 total
- age   2:     366192 bytes,     624704 total
- age   3:     622008 bytes,    1246712 total
: 17282K->1220K(18624K), 0.0019577 secs] 72807K->56856K(83392K), 0.0020774 secs] [Times: user=0.01 sys=0.00, real=0.00 secs] 
27.778: [GC 27.779: [ParNew
Desired survivor size 1343488 bytes, new threshold 4 (max 4)
- age   1:     267240 bytes,     267240 total
- age   2:     210896 bytes,     478136 total
- age   3:     160472 bytes,     638608 total
- age   4:     531320 bytes,    1169928 total
: 17209K->1145K(18624K), 0.0020654 secs] 72845K->56781K(83392K), 0.0021627 secs] [Times: user=0.00 sys=0.00, real=0.00 secs] 
27.793: [GC 27.793: [ParNew
Desired survivor size 1343488 bytes, new threshold 4 (max 4)
- age   1:     617512 bytes,     617512 total
- age   2:     199752 bytes,     817264 total
- age   3:     210896 bytes,    1028160 total
- age   4:     160472 bytes,    1188632 total
: 17127K->1163K(18624K), 0.0023424 secs] 72762K->57045K(83392K), 0.0025537 secs] [Times: user=0.00 sys=0.00, real=0.00 secs] 
27.806: [GC 27.806: [ParNew
Desired survivor size 1343488 bytes, new threshold 4 (max 4)
- age   1:     422680 bytes,     422680 total
- age   2:     569792 bytes,     992472 total
- age   3:     145344 bytes,    1137816 total
- age   4:     210896 bytes,    1348712 total
: 17144K->1320K(18624K), 0.0022791 secs] 73026K->57358K(83392K), 0.0024083 secs] [Times: user=0.01 sys=0.00, real=0.00 secs] 
27.820: [GC 27.820: [ParNew
Desired survivor size 1343488 bytes, new threshold 4 (max 4)
- age   1:     353624 bytes,     353624 total
- age   2:     314240 bytes,     667864 total
- age   3:     569792 bytes,    1237656 total
- age   4:     145344 bytes,    1383000 total
: 17276K->1353K(18624K), 0.0022114 secs] 73314K->57598K(83392K), 0.0023093 secs] [Times: user=0.01 sys=0.00, real=0.01 secs] 
27.833: [GC 27.833: [ParNew
Desired survivor size 1343488 bytes, new threshold 4 (max 4)
- age   1:     560272 bytes,     560272 total
- age   2:     235408 bytes,     795680 total
- age   3:     200056 bytes,     995736 total
- age   4:     569792 bytes,    1565528 total
: 17326K->1532K(18624K), 0.0031550 secs] 73570K->57918K(83392K), 0.0032555 secs] [Times: user=0.00 sys=0.00, real=0.00 secs] 
27.848: [GC 27.848: [ParNew
Desired survivor size 1343488 bytes, new threshold 4 (max 4)
- age   1:     816112 bytes,     816112 total
- age   2:     275448 bytes,    1091560 total
- age   3:     235408 bytes,    1326968 total
- age   4:     200056 bytes,    1527024 total
: 17531K->1494K(18624K), 0.0030860 secs] 73917K->58437K(83392K), 0.0032057 secs] [Times: user=0.01 sys=0.00, real=0.00 secs] 
27.863: [GC 27.864: [ParNew
Desired survivor size 1343488 bytes, new threshold 3 (max 4)
- age   1:     516328 bytes,     516328 total
- age   2:     578144 bytes,    1094472 total
- age   3:     275448 bytes,    1369920 total
- age   4:     114144 bytes,    1484064 total
: 17475K->1452K(18624K), 0.0023155 secs] 74418K->58590K(83392K), 0.0024287 secs] [Times: user=0.00 sys=0.00, real=0.00 secs] 
27.880: [GC 27.881: [ParNew
Desired survivor size 1343488 bytes, new threshold 4 (max 4)
- age   1:     431320 bytes,     431320 total
- age   2:     346576 bytes,     777896 total
- age   3:     509568 bytes,    1287464 total
: 17411K->1260K(18624K), 0.0023145 secs] 74550K->58778K(83392K), 0.0024233 secs] [Times: user=0.00 sys=0.00, real=0.01 secs] 
27.895: [GC 27.895: [ParNew
Desired survivor size 1343488 bytes, new threshold 4 (max 4)
- age   1:     545872 bytes,     545872 total
- age   2:     286096 bytes,     831968 total
- age   3:     346576 bytes,    1178544 total
- age   4:     509568 bytes,    1688112 total
: 17241K->1651K(18624K), 0.0025257 secs] 74760K->59169K(83392K), 0.0026803 secs] [Times: user=0.00 sys=0.00, real=0.00 secs] 
27.909: [GC 27.909: [ParNew
Desired survivor size 1343488 bytes, new threshold 4 (max 4)
- age   1:     195648 bytes,     195648 total
- age   2:     407512 bytes,     603160 total
- age   3:     286096 bytes,     889256 total
- age   4:     346576 bytes,    1235832 total
: 17623K->1209K(18624K), 0.0023298 secs] 75142K->59225K(83392K), 0.0024309 secs] [Times: user=0.01 sys=0.00, real=0.00 secs] 
27.923: [GC 27.923: [ParNew
Desired survivor size 1343488 bytes, new threshold 4 (max 4)
- age   1:     435208 bytes,     435208 total
- age   3:     407512 bytes,     842720 total
- age   4:     286096 bytes,    1128816 total
: 17177K->1105K(18624K), 0.0020756 secs] 75193K->59460K(83392K), 0.0022044 secs] [Times: user=0.00 sys=0.00, real=0.00 secs] 
27.937: [GC 27.937: [ParNew
Desired survivor size 1343488 bytes, new threshold 4 (max 4)
- age   1:     534856 bytes,     534856 total
- age   2:     380128 bytes,     914984 total
- age   4:     407512 bytes,    1322496 total
: 17088K->1295K(18624K), 0.0027907 secs] 75443K->59929K(83392K), 0.0029060 secs] [Times: user=0.00 sys=0.00, real=0.00 secs] 
27.951: [GC 27.951: [ParNew
Desired survivor size 1343488 bytes, new threshold 3 (max 4)
- age   1:     736936 bytes,     736936 total
- age   2:     318848 bytes,    1055784 total
- age   3:     380128 bytes,    1435912 total
: 17275K->1405K(18624K), 0.0023211 secs] 75910K->60437K(83392K), 0.0024869 secs] [Times: user=0.01 sys=0.00, real=0.01 secs] 
27.965: [GC 27.965: [ParNew
Desired survivor size 1343488 bytes, new threshold 4 (max 4)
- age   1:     322936 bytes,     322936 total
- age   2:     628136 bytes,     951072 total
- age   3:     240872 bytes,    1191944 total
: 17310K->1167K(18624K), 0.0022431 secs] 76342K->60447K(83392K), 0.0023547 secs] [Times: user=0.00 sys=0.00, real=0.00 secs] 
27.978: [GC 27.979: [ParNew
Desired survivor size 1343488 bytes, new threshold 3 (max 4)
- age   1:     792328 bytes,     792328 total
- age   2:     178792 bytes,     971120 total
- age   3:     628136 bytes,    1599256 total
- age   4:      85600 bytes,    1684856 total
: 17072K->1648K(18624K), 0.0022601 secs] 76352K->60928K(83392K), 0.0023568 secs] [Times: user=0.00 sys=0.00, real=0.00 secs] 
27.993: [GC 27.993: [ParNew
Desired survivor size 1343488 bytes, new threshold 1 (max 4)
- age   1:    1359344 bytes,    1359344 total
- age   2:     632816 bytes,    1992160 total
- age   3:     178792 bytes,    2170952 total
: 17601K->2123K(18624K), 0.0035787 secs] 76881K->62100K(83392K), 0.0037820 secs] [Times: user=0.01 sys=0.00, real=0.00 secs] 
28.010: [GC 28.010: [ParNew
Desired survivor size 1343488 bytes, new threshold 4 (max 4)
- age   1:     331728 bytes,     331728 total
: 18114K->327K(18624K), 0.0029353 secs] 78091K->62318K(83392K), 0.0030539 secs] [Times: user=0.00 sys=0.00, real=0.01 secs] 
28.024: [GC 28.024: [ParNew
Desired survivor size 1343488 bytes, new threshold 4 (max 4)
- age   1:     226928 bytes,     226928 total
- age   2:     214808 bytes,     441736 total
: 16290K->434K(18624K), 0.0016592 secs] 78281K->62426K(83392K), 0.0017504 secs] [Times: user=0.00 sys=0.00, real=0.00 secs] 
28.038: [GC 28.038: [ParNew
Desired survivor size 1343488 bytes, new threshold 4 (max 4)
- age   1:     302936 bytes,     302936 total
- age   2:     162784 bytes,     465720 total
- age   3:     214808 bytes,     680528 total
: 16420K->668K(18624K), 0.0014765 secs] 78411K->62659K(83392K), 0.0015769 secs] [Times: user=0.01 sys=0.00, real=0.00 secs] 
28.051: [GC 28.051: [ParNew
Desired survivor size 1343488 bytes, new threshold 4 (max 4)
- age   1:     320264 bytes,     320264 total
- age   2:     234544 bytes,     554808 total
- age   3:      79680 bytes,     634488 total
- age   4:     133680 bytes,     768168 total
: 16645K->753K(18624K), 0.0016833 secs] 78636K->62744K(83392K), 0.0018045 secs] [Times: user=0.01 sys=0.00, real=0.01 secs] 
28.064: [GC 28.064: [ParNew
Desired survivor size 1343488 bytes, new threshold 4 (max 4)
- age   1:     284680 bytes,     284680 total
- age   2:     235632 bytes,     520312 total
- age   3:     234544 bytes,     754856 total
- age   4:      79680 bytes,     834536 total
: 16706K->818K(18624K), 0.0022887 secs] 78697K->62940K(83392K), 0.0023970 secs] [Times: user=0.00 sys=0.00, real=0.00 secs] 
28.082: [GC 28.082: [ParNew
Desired survivor size 1343488 bytes, new threshold 4 (max 4)
- age   1:     443312 bytes,     443312 total
- age   2:      54072 bytes,     497384 total
- age   3:     164256 bytes,     661640 total
- age   4:     234544 bytes,     896184 total
: 16818K->878K(18624K), 0.0020164 secs] 78940K->63078K(83392K), 0.0021093 secs] [Times: user=0.00 sys=0.00, real=0.00 secs] 
28.095: [GC 28.095: [ParNew
Desired survivor size 1343488 bytes, new threshold 4 (max 4)
- age   1:     447968 bytes,     447968 total
- age   2:     361800 bytes,     809768 total
- age   3:      54072 bytes,     863840 total
- age   4:     164256 bytes,    1028096 total
: 16851K->1007K(18624K), 0.0019659 secs] 79050K->63435K(83392K), 0.0020754 secs] [Times: user=0.01 sys=0.00, real=0.00 secs] 
28.114: [GC 28.114: [ParNew
Desired survivor size 1343488 bytes, new threshold 3 (max 4)
- age   1:     893304 bytes,     893304 total
- age   2:     361592 bytes,    1254896 total
- age   3:     361800 bytes,    1616696 total
- age   4:      54072 bytes,    1670768 total
: 16964K->1632K(18624K), 0.0028098 secs] 79393K->64061K(83392K), 0.0029492 secs] [Times: user=0.00 sys=0.00, real=0.00 secs] 
28.128: [GC 28.128: [ParNew
Desired survivor size 1343488 bytes, new threshold 2 (max 4)
- age   1:     924624 bytes,     924624 total
- age   2:     829896 bytes,    1754520 total
- age   3:     361592 bytes,    2116112 total
: 17617K->2073K(18624K), 0.0031271 secs] 80046K->64795K(83392K), 0.0032324 secs] [Times: user=0.01 sys=0.00, real=0.00 secs] 
28.144: [GC 28.144: [ParNew
Desired survivor size 1343488 bytes, new threshold 4 (max 4)
- age   1:     454504 bytes,     454504 total
- age   2:     725616 bytes,    1180120 total
: 18073K->1156K(18624K), 0.0027185 secs] 80795K->64900K(83392K), 0.0029026 secs] [Times: user=0.00 sys=0.00, real=0.00 secs] 
28.147: [CMS-concurrent-abortable-preclean: 0.042/1.050 secs] [Times: user=1.63 sys=0.07, real=1.05 secs] 
28.149: [GC[YG occupancy: 2460 K (18624 K)]28.149: [Rescan (parallel) , 0.0013716 secs]28.150: [weak refs processing, 0.0000055 secs] [1 CMS-remark: 63744K(64768K)] 66204K(83392K), 0.0014571 secs] [Times: user=0.01 sys=0.00, real=0.00 secs] 
28.151: [CMS-concurrent-sweep-start]
28.164: [CMS-concurrent-sweep: 0.012/0.012 secs] [Times: user=0.02 sys=0.01, real=0.02 secs] 
28.164: [CMS-concurrent-reset-start]
28.167: [GC 28.167: [ParNew
Desired survivor size 1343488 bytes, new threshold 3 (max 4)
- age   1:     492984 bytes,     492984 total
- age   2:     379736 bytes,     872720 total
- age   3:     725616 bytes,    1598336 total
: 17149K->1565K(18624K), 0.0019212 secs] 43257K->27673K(83392K), 0.0020192 secs] [Times: user=0.01 sys=0.00, real=0.00 secs] 
28.170: [CMS-concurrent-reset: 0.002/0.006 secs] [Times: user=0.01 sys=0.00, real=0.00 secs] 
28.180: [GC 28.180: [ParNew
Desired survivor size 1343488 bytes, new threshold 4 (max 4)
- age   1:     364760 bytes,     364760 total
- age   2:     221792 bytes,     586552 total
- age   3:     283088 bytes,     869640 total
: 17564K->861K(18624K), 0.0022945 secs] 43671K->27677K(83392K), 0.0023930 secs] [Times: user=0.00 sys=0.00, real=0.01 secs] 
28.194: [GC 28.195: [ParNew
Desired survivor size 1343488 bytes, new threshold 4 (max 4)
- age   1:     293352 bytes,     293352 total
- age   2:     233616 bytes,     526968 total
- age   3:     221792 bytes,     748760 total
- age   4:      82984 bytes,     831744 total
: 16832K->820K(18624K), 0.0017171 secs] 43648K->27636K(83392K), 0.0018261 secs] [Times: user=0.00 sys=0.00, real=0.00 secs] 
28.209: [GC 28.209: [ParNew
Desired survivor size 1343488 bytes, new threshold 4 (max 4)
- age   1:     748808 bytes,     748808 total
- age   2:     224048 bytes,     972856 total
- age   3:     233616 bytes,    1206472 total
- age   4:     221792 bytes,    1428264 total
: 16804K->1407K(18624K), 0.0022055 secs] 43620K->28230K(83392K), 0.0023592 secs] [Times: user=0.00 sys=0.00, real=0.01 secs] 
28.224: [GC 28.224: [ParNew
Desired survivor size 1343488 bytes, new threshold 4 (max 4)
- age   1:     435224 bytes,     435224 total
- age   2:     664640 bytes,    1099864 total
- age   3:      51152 bytes,    1151016 total
: 17366K->1131K(18624K), 0.0018254 secs] 44188K->28171K(83392K), 0.0019415 secs] [Times: user=0.01 sys=0.00, real=0.00 secs] 
28.239: [GC 28.239: [ParNew
Desired survivor size 1343488 bytes, new threshold 3 (max 4)
- age   1:     884176 bytes,     884176 total
- age   2:     388912 bytes,    1273088 total
- age   3:     597056 bytes,    1870144 total
- age   4:      51152 bytes,    1921296 total
: 17027K->1879K(18624K), 0.0020430 secs] 44066K->28919K(83392K), 0.0021277 secs] [Times: user=0.00 sys=0.00, real=0.00 secs] 
28.252: [GC 28.252: [ParNew
Desired survivor size 1343488 bytes, new threshold 2 (max 4)
- age   1:     575832 bytes,     575832 total
- age   2:     829768 bytes,    1405600 total
- age   3:     304208 bytes,    1709808 total
: 17877K->1673K(18624K), 0.0028721 secs] 44917K->29345K(83392K), 0.0029949 secs] [Times: user=0.00 sys=0.00, real=0.00 secs] 
28.267: [GC 28.267: [ParNew
Desired survivor size 1343488 bytes, new threshold 4 (max 4)
- age   1:     444816 bytes,     444816 total
- age   2:     258200 bytes,     703016 total
: 17661K->689K(18624K), 0.0045523 secs] 45334K->29338K(83392K), 0.0047000 secs] [Times: user=0.01 sys=0.00, real=0.01 secs] 
28.284: [GC 28.284: [ParNew
Desired survivor size 1343488 bytes, new threshold 4 (max 4)
- age   1:     489808 bytes,     489808 total
- age   2:     171592 bytes,     661400 total
- age   3:     258200 bytes,     919600 total
: 16619K->901K(18624K), 0.0020296 secs] 45268K->29550K(83392K), 0.0021353 secs] [Times: user=0.00 sys=0.00, real=0.00 secs] 
28.297: [GC 28.298: [ParNew
Desired survivor size 1343488 bytes, new threshold 4 (max 4)
- age   1:     197512 bytes,     197512 total
- age   2:     408016 bytes,     605528 total
- age   3:     156576 bytes,     762104 total
- age   4:     128216 bytes,     890320 total
: 16889K->872K(18624K), 0.0019002 secs] 45538K->29521K(83392K), 0.0020241 secs] [Times: user=0.00 sys=0.00, real=0.00 secs] 
28.312: [GC 28.312: [ParNew
Desired survivor size 1343488 bytes, new threshold 4 (max 4)
- age   1:     603848 bytes,     603848 total
- age   2:     113776 bytes,     717624 total
- age   3:     408016 bytes,    1125640 total
- age   4:     156576 bytes,    1282216 total
: 16865K->1255K(18624K), 0.0021080 secs] 45515K->30029K(83392K), 0.0022020 secs] [Times: user=0.00 sys=0.00, real=0.00 secs] 
28.325: [GC 28.325: [ParNew
Desired survivor size 1343488 bytes, new threshold 4 (max 4)
- age   1:     854648 bytes,     854648 total
- age   2:     378656 bytes,    1233304 total
- age   3:      45088 bytes,    1278392 total
- age   4:     408016 bytes,    1686408 total
: 17248K->1648K(18624K), 0.0025158 secs] 46023K->30576K(83392K), 0.0026340 secs] [Times: user=0.01 sys=0.00, real=0.00 secs] 
28.344: [GC 28.344: [ParNew
Desired survivor size 1343488 bytes, new threshold 4 (max 4)
- age   1:     291912 bytes,     291912 total
- age   2:     622888 bytes,     914800 total
- age   3:     378656 bytes,    1293456 total
- age   4:      45088 bytes,    1338544 total
: 17648K->1310K(18624K), 0.0022305 secs] 46576K->30636K(83392K), 0.0023336 secs] [Times: user=0.00 sys=0.00, real=0.00 secs] 
28.358: [GC 28.358: [ParNew
Desired survivor size 1343488 bytes, new threshold 4 (max 4)
- age   1:     401848 bytes,     401848 total
- age   2:     103136 bytes,     504984 total
- age   3:     622888 bytes,    1127872 total
- age   4:     378656 bytes,    1506528 total
: 17310K->1475K(18624K), 0.0022579 secs] 46636K->30845K(83392K), 0.0023590 secs] [Times: user=0.00 sys=0.00, real=0.00 secs] 
28.373: [GC 28.373: [ParNew
Desired survivor size 1343488 bytes, new threshold 4 (max 4)
- age   1:     581056 bytes,     581056 total
- age   2:     212936 bytes,     793992 total
- age   3:     103136 bytes,     897128 total
- age   4:     622888 bytes,    1520016 total
: 17409K->1492K(18624K), 0.0024473 secs] 46779K->31231K(83392K), 0.0025668 secs] [Times: user=0.01 sys=0.00, real=0.00 secs] 
28.387: [GC 28.387: [ParNew
Desired survivor size 1343488 bytes, new threshold 4 (max 4)
- age   1:     191296 bytes,     191296 total
- age   2:     448448 bytes,     639744 total
- age   3:     212936 bytes,     852680 total
- age   4:     103136 bytes,     955816 total
: 17474K->936K(18624K), 0.0021225 secs] 47213K->31208K(83392K), 0.0022303 secs] [Times: user=0.00 sys=0.00, real=0.00 secs] 
28.401: [GC 28.401: [ParNew
Desired survivor size 1343488 bytes, new threshold 4 (max 4)
- age   1:     602408 bytes,     602408 total
- age   2:      50792 bytes,     653200 total
- age   3:     448448 bytes,    1101648 total
- age   4:     212936 bytes,    1314584 total
: 16914K->1288K(18624K), 0.0024363 secs] 47185K->31660K(83392K), 0.0026698 secs] [Times: user=0.00 sys=0.00, real=0.01 secs] 
28.416: [GC 28.416: [ParNew
Desired survivor size 1343488 bytes, new threshold 4 (max 4)
- age   1:     667568 bytes,     667568 total
- age   2:     416088 bytes,    1083656 total
- age   3:      50792 bytes,    1134448 total
- age   4:     448448 bytes,    1582896 total
: 17280K->1552K(18624K), 0.0024872 secs] 47652K->32132K(83392K), 0.0026823 secs] [Times: user=0.01 sys=0.00, real=0.00 secs] 
28.434: [GC 28.434: [ParNew
Desired survivor size 1343488 bytes, new threshold 4 (max 4)
- age   1:     179544 bytes,     179544 total
- age   2:     549544 bytes,     729088 total
- age   3:     416088 bytes,    1145176 total
- age   4:      50792 bytes,    1195968 total
: 17548K->1168K(18624K), 0.0041193 secs] 48128K->32187K(83392K), 0.0042232 secs] [Times: user=0.00 sys=0.00, real=0.00 secs] 
28.451: [GC 28.451: [ParNew
Desired survivor size 1343488 bytes, new threshold 4 (max 4)
- age   1:     361600 bytes,     361600 total
- age   2:     110912 bytes,     472512 total
- age   3:     343912 bytes,     816424 total
- age   4:     416088 bytes,    1232512 total
: 17168K->1207K(18624K), 0.0018643 secs] 48187K->32274K(83392K), 0.0019612 secs] [Times: user=0.00 sys=0.00, real=0.01 secs] 
28.466: [GC 28.466: [ParNew
Desired survivor size 1343488 bytes, new threshold 4 (max 4)
- age   1:     948936 bytes,     948936 total
- age   2:     223264 bytes,    1172200 total
- age   3:     110912 bytes,    1283112 total
- age   4:      84672 bytes,    1367784 total
: 17201K->1339K(18624K), 0.0017845 secs] 48269K->32438K(83392K), 0.0018837 secs] [Times: user=0.01 sys=0.00, real=0.00 secs] 
28.480: [GC 28.480: [ParNew
Desired survivor size 1343488 bytes, new threshold 3 (max 4)
- age   1:     517208 bytes,     517208 total
- age   2:     789224 bytes,    1306432 total
- age   3:     223264 bytes,    1529696 total
- age   4:      45768 bytes,    1575464 total
: 17335K->1543K(18624K), 0.0020829 secs] 48434K->32724K(83392K), 0.0021874 secs] [Times: user=0.00 sys=0.00, real=0.01 secs] 
28.495: [GC 28.495: [ParNew
Desired survivor size 1343488 bytes, new threshold 4 (max 4)
- age   1:      96408 bytes,      96408 total
- age   2:     452248 bytes,     548656 total
- age   3:     789224 bytes,    1337880 total
: 17531K->1310K(18624K), 0.0021263 secs] 48712K->32753K(83392K), 0.0022411 secs] [Times: user=0.00 sys=0.00, real=0.00 secs] 
28.510: [GC 28.510: [ParNew
Desired survivor size 1343488 bytes, new threshold 4 (max 4)
- age   1:     362696 bytes,     362696 total
- age   2:      76656 bytes,     439352 total
- age   3:     452248 bytes,     891600 total
- age   4:     707712 bytes,    1599312 total
: 17310K->1565K(18624K), 0.0023007 secs] 48753K->33008K(83392K), 0.0023992 secs] [Times: user=0.00 sys=0.00, real=0.01 secs] 
28.524: [GC 28.524: [ParNew
Desired survivor size 1343488 bytes, new threshold 4 (max 4)
- age   1:     190112 bytes,     190112 total
- age   2:     333688 bytes,     523800 total
- age   3:      76656 bytes,     600456 total
- age   4:     452216 bytes,    1052672 total
: 17546K->1031K(18624K), 0.0019101 secs] 48990K->32803K(83392K), 0.0020046 secs] [Times: user=0.01 sys=0.00, real=0.00 secs] 
28.539: [GC 28.540: [ParNew
Desired survivor size 1343488 bytes, new threshold 4 (max 4)
- age   1:     390896 bytes,     390896 total
- age   2:      79064 bytes,     469960 total
- age   3:     333688 bytes,     803648 total
- age   4:       6656 bytes,     810304 total
: 16995K->793K(18624K), 0.0022659 secs] 48766K->33007K(83392K), 0.0023565 secs] [Times: user=0.00 sys=0.00, real=0.01 secs] 
28.554: [GC 28.554: [ParNew
Desired survivor size 1343488 bytes, new threshold 4 (max 4)
- age   1:     429168 bytes,     429168 total
- age   2:     155904 bytes,     585072 total
- age   3:      79064 bytes,     664136 total
- age   4:     333688 bytes,     997824 total
: 16740K->978K(18624K), 0.0016076 secs] 48954K->33198K(83392K), 0.0017061 secs] [Times: user=0.00 sys=0.00, real=0.00 secs] 
28.567: [GC 28.567: [ParNew
Desired survivor size 1343488 bytes, new threshold 4 (max 4)
- age   1:     339664 bytes,     339664 total
- age   2:     229416 bytes,     569080 total
- age   4:      79064 bytes,     648144 total
: 16939K->636K(18624K), 0.0017190 secs] 49159K->33181K(83392K), 0.0018274 secs] [Times: user=0.00 sys=0.00, real=0.00 secs] 
28.581: [GC 28.581: [ParNew
Desired survivor size 1343488 bytes, new threshold 4 (max 4)
- age   1:     298096 bytes,     298096 total
- age   2:     237368 bytes,     535464 total
- age   3:     229112 bytes,     764576 total
: 16621K->748K(18624K), 0.0017569 secs] 49167K->33294K(83392K), 0.0019399 secs] [Times: user=0.00 sys=0.00, real=0.01 secs] 
28.594: [GC 28.594: [ParNew
Desired survivor size 1343488 bytes, new threshold 4 (max 4)
- age   1:     148112 bytes,     148112 total
- age   2:     128376 bytes,     276488 total
- age   3:     237368 bytes,     513856 total
- age   4:     229112 bytes,     742968 total
: 16689K->728K(18624K), 0.0019169 secs] 49235K->33273K(83392K), 0.0020028 secs] [Times: user=0.00 sys=0.00, real=0.00 secs] 
28.608: [GC 28.608: [ParNew
Desired survivor size 1343488 bytes, new threshold 4 (max 4)
- age   1:     531920 bytes,     531920 total
- age   3:     128376 bytes,     660296 total
- age   4:     237368 bytes,     897664 total
: 16704K->878K(18624K), 0.0018654 secs] 49249K->33648K(83392K), 0.0019768 secs] [Times: user=0.00 sys=0.00, real=0.00 secs] 
28.622: [GC 28.622: [ParNew
Desired survivor size 1343488 bytes, new threshold 4 (max 4)
- age   1:     132088 bytes,     132088 total
- age   2:     298808 bytes,     430896 total
- age   4:     128376 bytes,     559272 total
: 16822K->548K(18624K), 0.0020024 secs] 49591K->33549K(83392K), 0.0021001 secs] [Times: user=0.01 sys=0.00, real=0.00 secs] 
28.640: [GC 28.640: [ParNew
Desired survivor size 1343488 bytes, new threshold 4 (max 4)
- age   1:     829304 bytes,     829304 total
- age   2:      77992 bytes,     907296 total
- age   3:     165248 bytes,    1072544 total
: 16423K->1050K(18624K), 0.0018356 secs] 49424K->34176K(83392K), 0.0019508 secs] [Times: user=0.01 sys=0.00, real=0.01 secs] 
28.654: [GC 28.654: [ParNew
Desired survivor size 1343488 bytes, new threshold 4 (max 4)
- age   1:     584944 bytes,     584944 total
- age   2:     331064 bytes,     916008 total
- age   3:      77992 bytes,     994000 total
- age   4:     165248 bytes,    1159248 total
: 17040K->1134K(18624K), 0.0016524 secs] 50166K->34261K(83392K), 0.0017654 secs] [Times: user=0.00 sys=0.00, real=0.00 secs] 
28.672: [GC 28.672: [ParNew
Desired survivor size 1343488 bytes, new threshold 3 (max 4)
- age   1:     628504 bytes,     628504 total
- age   2:     499808 bytes,    1128312 total
- age   3:     330232 bytes,    1458544 total
- age   4:      77992 bytes,    1536536 total
: 17134K->1502K(18624K), 0.0023376 secs] 50261K->34790K(83392K), 0.0024330 secs] [Times: user=0.01 sys=0.00, real=0.00 secs] 
28.687: [GC 28.687: [ParNew
Desired survivor size 1343488 bytes, new threshold 3 (max 4)
- age   1:     882104 bytes,     882104 total
- age   2:     309504 bytes,    1191608 total
- age   3:     243008 bytes,    1434616 total
: 17490K->1406K(18624K), 0.0026984 secs] 50778K->35092K(83392K), 0.0028658 secs] [Times: user=0.00 sys=0.00, real=0.00 secs] 
28.702: [GC 28.702: [ParNew
Desired survivor size 1343488 bytes, new threshold 3 (max 4)
- age   1:     502824 bytes,     502824 total
- age   2:     569736 bytes,    1072560 total
- age   3:     308264 bytes,    1380824 total
: 17391K->1357K(18624K), 0.0020602 secs] 51078K->35281K(83392K), 0.0021590 secs] [Times: user=0.00 sys=0.00, real=0.00 secs] 
28.716: [GC 28.716: [ParNew
Desired survivor size 1343488 bytes, new threshold 4 (max 4)
- age   1:     383944 bytes,     383944 total
- age   2:     408712 bytes,     792656 total
- age   3:     267136 bytes,    1059792 total
: 17323K->1042K(18624K), 0.0022083 secs] 51247K->35267K(83392K), 0.0023233 secs] [Times: user=0.01 sys=0.00, real=0.00 secs] 
28.731: [GC 28.731: [ParNew
Desired survivor size 1343488 bytes, new threshold 2 (max 4)
- age   1:    1337184 bytes,    1337184 total
- age   2:     315400 bytes,    1652584 total
- age   3:     408712 bytes,    2061296 total
- age   4:     155872 bytes,    2217168 total
: 17013K->2170K(18624K), 0.0027677 secs] 51238K->36395K(83392K), 0.0028990 secs] [Times: user=0.00 sys=0.00, real=0.01 secs] 
28.745: [GC 28.745: [ParNew
Desired survivor size 1343488 bytes, new threshold 2 (max 4)
- age   1:     358576 bytes,     358576 total
- age   2:    1177472 bytes,    1536048 total
: 18150K->1503K(18624K), 0.0030703 secs] 52375K->36357K(83392K), 0.0032675 secs] [Times: user=0.00 sys=0.00, real=0.00 secs] 
28.762: [GC 28.762: [ParNew
Desired survivor size 1343488 bytes, new threshold 4 (max 4)
- age   1:     658512 bytes,     658512 total
- age   2:     273672 bytes,     932184 total
: 17486K->913K(18624K), 0.0026438 secs] 52339K->36916K(83392K), 0.0027424 secs] [Times: user=0.01 sys=0.00, real=0.00 secs] 
28.779: [GC 28.779: [ParNew
Desired survivor size 1343488 bytes, new threshold 4 (max 4)
- age   1:     233056 bytes,     233056 total
- age   2:     285144 bytes,     518200 total
- age   3:     273672 bytes,     791872 total
: 16908K->775K(18624K), 0.0014768 secs] 52912K->36778K(83392K), 0.0015723 secs] [Times: user=0.00 sys=0.00, real=0.00 secs] 
28.795: [GC 28.795: [ParNew
Desired survivor size 1343488 bytes, new threshold 4 (max 4)
- age   1:     422704 bytes,     422704 total
- age   2:     154352 bytes,     577056 total
- age   3:     284408 bytes,     861464 total
- age   4:     273672 bytes,    1135136 total
: 16740K->1110K(18624K), 0.0017423 secs] 52743K->37113K(83392K), 0.0018335 secs] [Times: user=0.00 sys=0.00, real=0.00 secs] 
28.808: [GC 28.808: [ParNew
Desired survivor size 1343488 bytes, new threshold 4 (max 4)
- age   1:     373064 bytes,     373064 total
- age   2:     422704 bytes,     795768 total
- age   3:     154352 bytes,     950120 total
- age   4:     284408 bytes,    1234528 total
: 17110K->1208K(18624K), 0.0019035 secs] 53113K->37241K(83392K), 0.0019975 secs] [Times: user=0.01 sys=0.00, real=0.00 secs] 
28.822: [GC 28.822: [ParNew
Desired survivor size 1343488 bytes, new threshold 4 (max 4)
- age   1:     289080 bytes,     289080 total
- age   2:     373064 bytes,     662144 total
- age   3:     420120 bytes,    1082264 total
- age   4:     153968 bytes,    1236232 total
: 17201K->1217K(18624K), 0.0025175 secs] 53234K->37528K(83392K), 0.0026165 secs] [Times: user=0.00 sys=0.00, real=0.00 secs] 
28.838: [GC 28.838: [ParNew
Desired survivor size 1343488 bytes, new threshold 4 (max 4)
- age   1:     187352 bytes,     187352 total
- age   2:     288520 bytes,     475872 total
- age   3:     289376 bytes,     765248 total
- age   4:     170360 bytes,     935608 total
: 17147K->915K(18624K), 0.0017788 secs] 53457K->37376K(83392K), 0.0018659 secs] [Times: user=0.00 sys=0.00, real=0.00 secs] 
28.851: [GC 28.851: [ParNew
Desired survivor size 1343488 bytes, new threshold 4 (max 4)
- age   1:     658600 bytes,     658600 total
- age   2:      95560 bytes,     754160 total
- age   3:     103096 bytes,     857256 total
- age   4:     206272 bytes,    1063528 total
: 16881K->1052K(18624K), 0.0018273 secs] 53342K->37680K(83392K), 0.0019365 secs] [Times: user=0.01 sys=0.00, real=0.01 secs] 
28.864: [GC 28.864: [ParNew
Desired survivor size 1343488 bytes, new threshold 4 (max 4)
- age   1:     117776 bytes,     117776 total
- age   2:     242992 bytes,     360768 total
- age   3:      95560 bytes,     456328 total
- age   4:     103096 bytes,     559424 total
: 17000K->550K(18624K), 0.0016913 secs] 53627K->37379K(83392K), 0.0017866 secs] [Times: user=0.00 sys=0.00, real=0.00 secs] 
28.877: [GC 28.877: [ParNew
Desired survivor size 1343488 bytes, new threshold 4 (max 4)
- age   1:     365608 bytes,     365608 total
- age   2:      32600 bytes,     398208 total
- age   3:      44152 bytes,     442360 total
- age   4:      95560 bytes,     537920 total
: 16529K->533K(18624K), 0.0014762 secs] 53357K->37462K(83392K), 0.0015711 secs] [Times: user=0.00 sys=0.00, real=0.00 secs] 
28.898: [GC 28.898: [ParNew
Desired survivor size 1343488 bytes, new threshold 4 (max 4)
- age   1:    1088584 bytes,    1088584 total
- age   2:      24472 bytes,    1113056 total
- age   3:      31872 bytes,    1144928 total
- age   4:      44152 bytes,    1189080 total
: 16509K->1168K(18624K), 0.0017612 secs] 53438K->38190K(83392K), 0.0018669 secs] [Times: user=0.01 sys=0.00, real=0.00 secs] 
28.915: [GC 28.915: [ParNew
Desired survivor size 1343488 bytes, new threshold 4 (max 4)
- age   1:     297304 bytes,     297304 total
- age   2:     637880 bytes,     935184 total
- age   3:      24472 bytes,     959656 total
- age   4:      31872 bytes,     991528 total
: 17149K->978K(18624K), 0.0017230 secs] 54171K->38044K(83392K), 0.0018608 secs] [Times: user=0.01 sys=0.00, real=0.00 secs] 
28.929: [GC 28.929: [ParNew
Desired survivor size 1343488 bytes, new threshold 4 (max 4)
- age   1:     607824 bytes,     607824 total
- age   2:     297304 bytes,     905128 total
- age   3:     302848 bytes,    1207976 total
- age   4:      24472 bytes,    1232448 total
: 16973K->1207K(18624K), 0.0024821 secs] 54039K->38304K(83392K), 0.0026230 secs] [Times: user=0.01 sys=0.00, real=0.00 secs] 
28.943: [GC 28.943: [ParNew
Desired survivor size 1343488 bytes, new threshold 3 (max 4)
- age   1:     839744 bytes,     839744 total
- age   2:     457760 bytes,    1297504 total
- age   3:     276200 bytes,    1573704 total
- age   4:     303048 bytes,    1876752 total
: 17160K->1836K(18624K), 0.0024105 secs] 54257K->38957K(83392K), 0.0025112 secs] [Times: user=0.00 sys=0.00, real=0.00 secs] 
28.959: [GC 28.959: [ParNew
Desired survivor size 1343488 bytes, new threshold 3 (max 4)
- age   1:     548192 bytes,     548192 total
- age   2:     348136 bytes,     896328 total
- age   3:     457760 bytes,    1354088 total
: 17816K->1333K(18624K), 0.0025254 secs] 54936K->39020K(83392K), 0.0026519 secs] [Times: user=0.00 sys=0.00, real=0.01 secs] 
28.976: [GC 28.976: [ParNew
Desired survivor size 1343488 bytes, new threshold 2 (max 4)
- age   1:     853104 bytes,     853104 total
- age   2:     494184 bytes,    1347288 total
- age   3:     348136 bytes,    1695424 total
: 17324K->1657K(18624K), 0.0023112 secs] 55010K->39542K(83392K), 0.0024377 secs] [Times: user=0.00 sys=0.00, real=0.00 secs] 
28.995: [GC 28.996: [ParNew
Desired survivor size 1343488 bytes, new threshold 2 (max 4)
- age   1:     708032 bytes,     708032 total
- age   2:     820888 bytes,    1528920 total
: 17620K->1495K(18624K), 0.0027124 secs] 55504K->39720K(83392K), 0.0028302 secs] [Times: user=0.00 sys=0.00, real=0.00 secs] 
29.012: [GC 29.012: [ParNew
Desired survivor size 1343488 bytes, new threshold 4 (max 4)
- age   1:     125880 bytes,     125880 total
- age   2:     402392 bytes,     528272 total
: 17488K->518K(18624K), 0.0024998 secs] 55713K->39544K(83392K), 0.0026124 secs] [Times: user=0.01 sys=0.00, real=0.00 secs] 
29.027: [GC 29.028: [ParNew
Desired survivor size 1343488 bytes, new threshold 4 (max 4)
- age   1:     763288 bytes,     763288 total
- age   2:      10456 bytes,     773744 total
- age   3:     329080 bytes,    1102824 total
: 16508K->1081K(18624K), 0.0016126 secs] 55534K->40106K(83392K), 0.0017042 secs] [Times: user=0.01 sys=0.00, real=0.00 secs] 
29.041: [GC 29.041: [ParNew
Desired survivor size 1343488 bytes, new threshold 4 (max 4)
- age   1:     193704 bytes,     193704 total
- age   2:     716368 bytes,     910072 total
- age   3:      10456 bytes,     920528 total
- age   4:     173384 bytes,    1093912 total
: 17081K->1074K(18624K), 0.0020111 secs] 56106K->40099K(83392K), 0.0020955 secs] [Times: user=0.00 sys=0.00, real=0.01 secs] 
29.056: [GC 29.056: [ParNew
Desired survivor size 1343488 bytes, new threshold 4 (max 4)
- age   1:     249488 bytes,     249488 total
- age   2:     161912 bytes,     411400 total
- age   3:     513456 bytes,     924856 total
- age   4:      10456 bytes,     935312 total
: 17060K->922K(18624K), 0.0018821 secs] 56086K->40117K(83392K), 0.0019987 secs] [Times: user=0.00 sys=0.00, real=0.00 secs] 
29.069: [GC 29.070: [ParNew
Desired survivor size 1343488 bytes, new threshold 4 (max 4)
- age   1:     519888 bytes,     519888 total
- age   2:     208800 bytes,     728688 total
- age   3:     161792 bytes,     890480 total
- age   4:     403648 bytes,    1294128 total
: 16922K->1269K(18624K), 0.0018405 secs] 56117K->40475K(83392K), 0.0019438 secs] [Times: user=0.00 sys=0.00, real=0.01 secs] 
29.084: [GC 29.084: [ParNew
Desired survivor size 1343488 bytes, new threshold 4 (max 4)
- age   1:     367504 bytes,     367504 total
- age   2:     342368 bytes,     709872 total
- age   3:     208800 bytes,     918672 total
- age   4:        160 bytes,     918832 total
: 17253K->901K(18624K), 0.0022386 secs] 56459K->40500K(83392K), 0.0024250 secs] [Times: user=0.00 sys=0.00, real=0.00 secs] 
29.105: [GC 29.105: [ParNew
Desired survivor size 1343488 bytes, new threshold 4 (max 4)
- age   1:     238760 bytes,     238760 total
- age   2:      69000 bytes,     307760 total
- age   3:     342368 bytes,     650128 total
- age   4:     208800 bytes,     858928 total
: 16879K->840K(18624K), 0.0014899 secs] 56479K->40439K(83392K), 0.0015983 secs] [Times: user=0.00 sys=0.00, real=0.00 secs] 
29.119: [GC 29.119: [ParNew
Desired survivor size 1343488 bytes, new threshold 4 (max 4)
- age   1:     357832 bytes,     357832 total
- age   2:     238760 bytes,     596592 total
- age   3:      69000 bytes,     665592 total
- age   4:     195280 bytes,     860872 total
: 16840K->849K(18624K), 0.0016403 secs] 56439K->40609K(83392K), 0.0017484 secs] [Times: user=0.00 sys=0.00, real=0.00 secs] 
29.133: [GC 29.133: [ParNew
Desired survivor size 1343488 bytes, new threshold 4 (max 4)
- age   1:     234856 bytes,     234856 total
- age   2:     357832 bytes,     592688 total
- age   3:     178608 bytes,     771296 total
- age   4:      69000 bytes,     840296 total
: 16746K->833K(18624K), 0.0016609 secs] 56506K->40712K(83392K), 0.0017711 secs] [Times: user=0.01 sys=0.00, real=0.00 secs] 
29.148: [GC 29.148: [ParNew
Desired survivor size 1343488 bytes, new threshold 4 (max 4)
- age   1:     685336 bytes,     685336 total
- age   3:     237552 bytes,     922888 total
- age   4:     178576 bytes,    1101464 total
: 16781K->1084K(18624K), 0.0025411 secs] 56661K->41030K(83392K), 0.0026309 secs] [Times: user=0.00 sys=0.00, real=0.00 secs] 
29.165: [GC 29.165: [ParNew
Desired survivor size 1343488 bytes, new threshold 4 (max 4)
- age   1:     635928 bytes,     635928 total
- age   2:      36600 bytes,     672528 total
- age   4:     237552 bytes,     910080 total
: 17072K->899K(18624K), 0.0024058 secs] 57019K->41017K(83392K), 0.0025503 secs] [Times: user=0.01 sys=0.00, real=0.00 secs] 
29.179: [GC 29.179: [ParNew
Desired survivor size 1343488 bytes, new threshold 4 (max 4)
- age   1:     371944 bytes,     371944 total
- age   2:     275216 bytes,     647160 total
- age   3:      36600 bytes,     683760 total
: 16761K->672K(18624K), 0.0015224 secs] 56878K->41021K(83392K), 0.0016220 secs] [Times: user=0.01 sys=0.00, real=0.00 secs] 
29.193: [GC 29.193: [ParNew
Desired survivor size 1343488 bytes, new threshold 4 (max 4)
- age   1:     276976 bytes,     276976 total
- age   2:     185224 bytes,     462200 total
- age   3:       9920 bytes,     472120 total
- age   4:      36600 bytes,     508720 total
: 16659K->502K(18624K), 0.0013348 secs] 57008K->40851K(83392K), 0.0014211 secs] [Times: user=0.00 sys=0.00, real=0.00 secs] 
29.205: [GC 29.205: [ParNew
Desired survivor size 1343488 bytes, new threshold 4 (max 4)
- age   1:     262336 bytes,     262336 total
- age   2:     112232 bytes,     374568 total
- age   3:      35472 bytes,     410040 total
- age   4:       9920 bytes,     419960 total
: 16485K->414K(18624K), 0.0014078 secs] 56835K->40800K(83392K), 0.0015104 secs] [Times: user=0.00 sys=0.00, real=0.00 secs] 
29.218: [GC 29.218: [ParNew
Desired survivor size 1343488 bytes, new threshold 4 (max 4)
- age   1:     297472 bytes,     297472 total
- age   2:      67488 bytes,     364960 total
- age   3:      68008 bytes,     432968 total
: 16409K->430K(18624K), 0.0013578 secs] 56794K->40825K(83392K), 0.0014430 secs] [Times: user=0.00 sys=0.00, real=0.00 secs] 
29.231: [GC 29.231: [ParNew
Desired survivor size 1343488 bytes, new threshold 4 (max 4)
- age   1:     570432 bytes,     570432 total
- age   2:     217240 bytes,     787672 total
- age   3:      67488 bytes,     855160 total
- age   4:      68008 bytes,     923168 total
: 16372K->905K(18624K), 0.0018005 secs] 56767K->41299K(83392K), 0.0019097 secs] [Times: user=0.00 sys=0.00, real=0.01 secs] 
29.247: [GC 29.247: [ParNew
Desired survivor size 1343488 bytes, new threshold 4 (max 4)
- age   1:     577328 bytes,     577328 total
- age   2:     417632 bytes,     994960 total
- age   3:     217240 bytes,    1212200 total
- age   4:      67488 bytes,    1279688 total
: 16896K->1252K(18624K), 0.0026644 secs] 57291K->41713K(83392K), 0.0027769 secs] [Times: user=0.00 sys=0.00, real=0.00 secs] 
29.262: [GC 29.262: [ParNew
Desired survivor size 1343488 bytes, new threshold 3 (max 4)
- age   1:     696416 bytes,     696416 total
- age   2:     251784 bytes,     948200 total
- age   3:     417600 bytes,    1365800 total
- age   4:     173152 bytes,    1538952 total
: 17244K->1505K(18624K), 0.0019780 secs] 57705K->42032K(83392K), 0.0020974 secs] [Times: user=0.01 sys=0.00, real=0.00 secs] 
29.276: [GC 29.276: [ParNew
Desired survivor size 1343488 bytes, new threshold 3 (max 4)
- age   1:     636456 bytes,     636456 total
- age   2:     651096 bytes,    1287552 total
- age   3:     153024 bytes,    1440576 total
: 17480K->1409K(18624K), 0.0029066 secs] 58007K->42430K(83392K), 0.0030269 secs] [Times: user=0.01 sys=0.00, real=0.00 secs] 
29.291: [GC 29.291: [ParNew
Desired survivor size 1343488 bytes, new threshold 3 (max 4)
- age   1:     232784 bytes,     232784 total
- age   2:     583544 bytes,     816328 total
- age   3:     651096 bytes,    1467424 total
: 17408K->1436K(18624K), 0.0022154 secs] 58429K->42554K(83392K), 0.0023281 secs] [Times: user=0.00 sys=0.00, real=0.01 secs] 
29.305: [GC 29.305: [ParNew
Desired survivor size 1343488 bytes, new threshold 4 (max 4)
- age   1:     234328 bytes,     234328 total
- age   3:     583544 bytes,     817872 total
: 17392K->802K(18624K), 0.0023170 secs] 58509K->42555K(83392K), 0.0024322 secs] [Times: user=0.00 sys=0.00, real=0.00 secs] 
29.319: [GC 29.319: [ParNew
Desired survivor size 1343488 bytes, new threshold 4 (max 4)
- age   1:     196584 bytes,     196584 total
- age   2:     165176 bytes,     361760 total
- age   4:     423832 bytes,     785592 total
: 16783K->770K(18624K), 0.0017084 secs] 58537K->42524K(83392K), 0.0018024 secs] [Times: user=0.01 sys=0.00, real=0.00 secs] 
29.332: [GC 29.332: [ParNew
Desired survivor size 1343488 bytes, new threshold 3 (max 4)
- age   1:    1062792 bytes,    1062792 total
- age   2:     156496 bytes,    1219288 total
- age   3:     165176 bytes,    1384464 total
: 16759K->1355K(18624K), 0.0023931 secs] 58512K->43456K(83392K), 0.0024919 secs] [Times: user=0.00 sys=0.00, real=0.00 secs] 
29.346: [GC 29.346: [ParNew
Desired survivor size 1343488 bytes, new threshold 3 (max 4)
- age   1:     246728 bytes,     246728 total
- age   2:    1017776 bytes,    1264504 total
- age   3:     156496 bytes,    1421000 total
: 17310K->1391K(18624K), 0.0027944 secs] 59411K->43653K(83392K), 0.0029099 secs] [Times: user=0.00 sys=0.00, real=0.00 secs] 
29.360: [GC 29.360: [ParNew
Desired survivor size 1343488 bytes, new threshold 3 (max 4)
- age   1:     726776 bytes,     726776 total
- age   2:     194408 bytes,     921184 total
- age   3:     814200 bytes,    1735384 total
: 17365K->1698K(18624K), 0.0024916 secs] 59628K->44083K(83392K), 0.0025968 secs] [Times: user=0.01 sys=0.00, real=0.01 secs] 
29.374: [GC 29.374: [ParNew
Desired survivor size 1343488 bytes, new threshold 3 (max 4)
- age   1:     543200 bytes,     543200 total
- age   2:     662616 bytes,    1205816 total
- age   3:     194408 bytes,    1400224 total
: 17677K->1370K(18624K), 0.0025980 secs] 60062K->44217K(83392K), 0.0027098 secs] [Times: user=0.00 sys=0.00, real=0.00 secs] 
29.392: [GC 29.392: [ParNew
Desired survivor size 1343488 bytes, new threshold 3 (max 4)
- age   1:     679760 bytes,     679760 total
- age   2:     491104 bytes,    1170864 total
- age   3:     280136 bytes,    1451000 total
: 17307K->1419K(18624K), 0.0024790 secs] 60153K->44455K(83392K), 0.0026612 secs] [Times: user=0.00 sys=0.00, real=0.00 secs] 
29.406: [GC 29.406: [ParNew
Desired survivor size 1343488 bytes, new threshold 4 (max 4)
- age   1:     784440 bytes,     784440 total
- age   2:     262048 bytes,    1046488 total
- age   3:     162640 bytes,    1209128 total
: 17411K->1183K(18624K), 0.0025582 secs] 60448K->44493K(83392K), 0.0027146 secs] [Times: user=0.00 sys=0.00, real=0.00 secs] 
29.422: [GC 29.422: [ParNew
Desired survivor size 1343488 bytes, new threshold 4 (max 4)
- age   1:     380112 bytes,     380112 total
- age   2:     676352 bytes,    1056464 total
- age   3:     262048 bytes,    1318512 total
- age   4:     162640 bytes,    1481152 total
: 17158K->1448K(18624K), 0.0019174 secs] 60468K->44758K(83392K), 0.0020295 secs] [Times: user=0.01 sys=0.00, real=0.01 secs] 
29.436: [GC 29.436: [ParNew
Desired survivor size 1343488 bytes, new threshold 3 (max 4)
- age   1:     481584 bytes,     481584 total
- age   2:     321624 bytes,     803208 total
- age   3:     565080 bytes,    1368288 total
- age   4:     262048 bytes,    1630336 total
: 17439K->1593K(18624K), 0.0026626 secs] 60749K->44995K(83392K), 0.0027610 secs] [Times: user=0.00 sys=0.00, real=0.00 secs] 
29.455: [GC 29.455: [ParNew
Desired survivor size 1343488 bytes, new threshold 4 (max 4)
- age   1:     542584 bytes,     542584 total
- age   2:     351144 bytes,     893728 total
- age   3:     321624 bytes,    1215352 total
: 17544K->1188K(18624K), 0.0025189 secs] 60946K->45397K(83392K), 0.0026249 secs] [Times: user=0.00 sys=0.00, real=0.00 secs] 
29.469: [GC 29.469: [ParNew
Desired survivor size 1343488 bytes, new threshold 4 (max 4)
- age   1:     223888 bytes,     223888 total
- age   2:     424360 bytes,     648248 total
- age   3:     351144 bytes,     999392 total
- age   4:     237504 bytes,    1236896 total
: 17146K->1209K(18624K), 0.0020175 secs] 61355K->45418K(83392K), 0.0021174 secs] [Times: user=0.00 sys=0.00, real=0.00 secs] 
29.491: [GC 29.491: [ParNew
Desired survivor size 1343488 bytes, new threshold 4 (max 4)
- age   1:     338400 bytes,     338400 total
- age   2:      59992 bytes,     398392 total
- age   3:     423656 bytes,     822048 total
- age   4:     351144 bytes,    1173192 total
: 17185K->1148K(18624K), 0.0028211 secs] 61394K->45589K(83392K), 0.0029164 secs] [Times: user=0.00 sys=0.00, real=0.01 secs] 
29.505: [GC 29.505: [ParNew
Desired survivor size 1343488 bytes, new threshold 4 (max 4)
- age   1:     241080 bytes,     241080 total
- age   2:     263112 bytes,     504192 total
- age   3:      59992 bytes,     564184 total
- age   4:     423656 bytes,     987840 total
: 17111K->966K(18624K), 0.0020721 secs] 61552K->45750K(83392K), 0.0021925 secs] [Times: user=0.00 sys=0.00, real=0.00 secs] 
29.520: [GC 29.521: [ParNew
Desired survivor size 1343488 bytes, new threshold 4 (max 4)
- age   1:     407448 bytes,     407448 total
- age   2:     162104 bytes,     569552 total
- age   3:      13824 bytes,     583376 total
: 16953K->575K(18624K), 0.0017433 secs] 61737K->45773K(83392K), 0.0018489 secs] [Times: user=0.00 sys=0.00, real=0.01 secs] 
29.536: [GC 29.536: [ParNew
Desired survivor size 1343488 bytes, new threshold 4 (max 4)
- age   1:     377904 bytes,     377904 total
- age   2:     364504 bytes,     742408 total
- age   3:     162104 bytes,     904512 total
- age   4:      13824 bytes,     918336 total
: 16473K->903K(18624K), 0.0019159 secs] 61670K->46101K(83392K), 0.0020559 secs] [Times: user=0.00 sys=0.00, real=0.00 secs] 
29.549: [GC 29.549: [ParNew
Desired survivor size 1343488 bytes, new threshold 4 (max 4)
- age   1:     422000 bytes,     422000 total
- age   2:     320784 bytes,     742784 total
- age   3:     242728 bytes,     985512 total
- age   4:     162104 bytes,    1147616 total
: 16898K->1134K(18624K), 0.0021314 secs] 62095K->46345K(83392K), 0.0022297 secs] [Times: user=0.00 sys=0.00, real=0.00 secs] 
29.567: [GC 29.567: [ParNew
Desired survivor size 1343488 bytes, new threshold 4 (max 4)
- age   1:     408472 bytes,     408472 total
- age   2:     173144 bytes,     581616 total
- age   3:     106016 bytes,     687632 total
- age   4:     161136 bytes,     848768 total
: 17134K->831K(18624K), 0.0017417 secs] 62345K->46095K(83392K), 0.0018306 secs] [Times: user=0.00 sys=0.00, real=0.00 secs] 
29.582: [GC 29.582: [ParNew
Desired survivor size 1343488 bytes, new threshold 4 (max 4)
- age   1:     456592 bytes,     456592 total
- age   2:     283816 bytes,     740408 total
- age   3:     113504 bytes,     853912 total
- age   4:     106016 bytes,     959928 total
: 16800K->945K(18624K), 0.0018275 secs] 62064K->46367K(83392K), 0.0019176 secs] [Times: user=0.00 sys=0.00, real=0.00 secs] 
29.596: [GC 29.596: [ParNew
Desired survivor size 1343488 bytes, new threshold 4 (max 4)
- age   1:     473288 bytes,     473288 total
- age   2:     197808 bytes,     671096 total
- age   3:     283816 bytes,     954912 total
- age   4:     113504 bytes,    1068416 total
: 16925K->1055K(18624K), 0.0018491 secs] 62346K->46580K(83392K), 0.0019442 secs] [Times: user=0.01 sys=0.00, real=0.00 secs] 
29.611: [GC 29.611: [ParNew
Desired survivor size 1343488 bytes, new threshold 4 (max 4)
- age   1:     731632 bytes,     731632 total
- age   2:     200056 bytes,     931688 total
- age   3:      15648 bytes,     947336 total
- age   4:     283816 bytes,    1231152 total
: 17046K->1225K(18624K), 0.0020976 secs] 62571K->46861K(83392K), 0.0021953 secs] [Times: user=0.01 sys=0.00, real=0.01 secs] 
29.626: [GC 29.626: [ParNew
Desired survivor size 1343488 bytes, new threshold 4 (max 4)
- age   1:     133968 bytes,     133968 total
- age   2:     650352 bytes,     784320 total
- age   3:     199720 bytes,     984040 total
- age   4:      14920 bytes,     998960 total
: 17210K->994K(18624K), 0.0022161 secs] 62846K->46904K(83392K), 0.0023432 secs] [Times: user=0.00 sys=0.00, real=0.00 secs] 
29.640: [GC 29.640: [ParNew
Desired survivor size 1343488 bytes, new threshold 4 (max 4)
- age   1:     147008 bytes,     147008 total
- age   2:       5272 bytes,     152280 total
- age   3:     526424 bytes,     678704 total
- age   4:     133376 bytes,     812080 total
: 16994K->804K(18624K), 0.0015183 secs] 62904K->46730K(83392K), 0.0016045 secs] [Times: user=0.00 sys=0.00, real=0.00 secs] 
29.653: [GC 29.653: [ParNew
Desired survivor size 1343488 bytes, new threshold 4 (max 4)
- age   1:     652912 bytes,     652912 total
- age   2:      60568 bytes,     713480 total
- age   3:       5272 bytes,     718752 total
- age   4:     229032 bytes,     947784 total
: 16747K->928K(18624K), 0.0016725 secs] 62672K->46855K(83392K), 0.0017818 secs] [Times: user=0.00 sys=0.00, real=0.00 secs] 
29.667: [GC 29.667: [ParNew
Desired survivor size 1343488 bytes, new threshold 4 (max 4)
- age   1:     441528 bytes,     441528 total
- age   2:     201216 bytes,     642744 total
- age   3:      60568 bytes,     703312 total
- age   4:       5272 bytes,     708584 total
: 16816K->695K(18624K), 0.0015786 secs] 62742K->46777K(83392K), 0.0016618 secs] [Times: user=0.00 sys=0.00, real=0.00 secs] 
29.679: [GC 29.679: [ParNew
Desired survivor size 1343488 bytes, new threshold 4 (max 4)
- age   1:     522024 bytes,     522024 total
- age   2:        832 bytes,     522856 total
- age   3:     201216 bytes,     724072 total
- age   4:      60568 bytes,     784640 total
: 16663K->769K(18624K), 0.0016890 secs] 62744K->46855K(83392K), 0.0017881 secs] [Times: user=0.01 sys=0.00, real=0.00 secs] 
29.693: [GC 29.693: [ParNew
Desired survivor size 1343488 bytes, new threshold 4 (max 4)
- age   1:     195376 bytes,     195376 total
- age   2:     395440 bytes,     590816 total
- age   3:        832 bytes,     591648 total
- age   4:     201216 bytes,     792864 total
: 16762K->775K(18624K), 0.0017834 secs] 62849K->46862K(83392K), 0.0019229 secs] [Times: user=0.00 sys=0.00, real=0.00 secs] 
29.709: [GC 29.709: [ParNew
Desired survivor size 1343488 bytes, new threshold 4 (max 4)
- age   1:     376496 bytes,     376496 total
- age   2:      92080 bytes,     468576 total
- age   3:     161600 bytes,     630176 total
- age   4:        704 bytes,     630880 total
: 16755K->617K(18624K), 0.0014633 secs] 62842K->46768K(83392K), 0.0015518 secs] [Times: user=0.00 sys=0.00, real=0.00 secs] 
29.723: [GC 29.723: [ParNew
Desired survivor size 1343488 bytes, new threshold 4 (max 4)
- age   1:     391600 bytes,     391600 total
- age   2:      80824 bytes,     472424 total
- age   3:      92080 bytes,     564504 total
- age   4:     161600 bytes,     726104 total
: 16578K->712K(18624K), 0.0013556 secs] 62728K->46863K(83392K), 0.0015734 secs] [Times: user=0.00 sys=0.00, real=0.00 secs] 
29.737: [GC 29.737: [ParNew
Desired survivor size 1343488 bytes, new threshold 2 (max 4)
- age   1:    1321656 bytes,    1321656 total
- age   2:     338448 bytes,    1660104 total
- age   3:      80824 bytes,    1740928 total
- age   4:      27560 bytes,    1768488 total
: 16644K->1730K(18624K), 0.0026824 secs] 62795K->48038K(83392K), 0.0027851 secs] [Times: user=0.00 sys=0.00, real=0.00 secs] 
29.752: [GC 29.752: [ParNew
Desired survivor size 1343488 bytes, new threshold 4 (max 4)
- age   1:     278544 bytes,     278544 total
- age   2:     561712 bytes,     840256 total
: 17721K->828K(18624K), 0.0019003 secs] 64030K->47573K(83392K), 0.0020093 secs] [Times: user=0.00 sys=0.00, real=0.00 secs] 
29.767: [GC 29.767: [ParNew
Desired survivor size 1343488 bytes, new threshold 4 (max 4)
- age   1:     264928 bytes,     264928 total
- age   2:     198296 bytes,     463224 total
- age   3:     561680 bytes,    1024904 total
: 16807K->1002K(18624K), 0.0017111 secs] 63552K->47747K(83392K), 0.0018068 secs] [Times: user=0.00 sys=0.00, real=0.00 secs] 
29.781: [GC 29.781: [ParNew
Desired survivor size 1343488 bytes, new threshold 4 (max 4)
- age   1:     692528 bytes,     692528 total
- age   2:      96408 bytes,     788936 total
- age   3:     198296 bytes,     987232 total
- age   4:     561680 bytes,    1548912 total
: 16998K->1516K(18624K), 0.0021498 secs] 63743K->48261K(83392K), 0.0022501 secs] [Times: user=0.00 sys=0.00, real=0.01 secs] 
29.796: [GC 29.796: [ParNew
Desired survivor size 1343488 bytes, new threshold 4 (max 4)
- age   1:     429672 bytes,     429672 total
- age   2:     396296 bytes,     825968 total
- age   3:      96408 bytes,     922376 total
- age   4:     198296 bytes,    1120672 total
: 17501K->1099K(18624K), 0.0024111 secs] 64246K->48392K(83392K), 0.0025057 secs] [Times: user=0.00 sys=0.00, real=0.00 secs] 
29.811: [GC 29.811: [ParNew
Desired survivor size 1343488 bytes, new threshold 4 (max 4)
- age   1:     378264 bytes,     378264 total
- age   3:     396296 bytes,     774560 total
- age   4:      96408 bytes,     870968 total
: 17094K->857K(18624K), 0.0030046 secs] 64388K->48344K(83392K), 0.0031149 secs] [Times: user=0.01 sys=0.00, real=0.01 secs] 
29.825: [GC 29.825: [ParNew
Desired survivor size 1343488 bytes, new threshold 4 (max 4)
- age   1:     490536 bytes,     490536 total
- age   2:     170040 bytes,     660576 total
- age   4:     396296 bytes,    1056872 total
: 16851K->1041K(18624K), 0.0019389 secs] 64339K->48622K(83392K), 0.0020318 secs] [Times: user=0.00 sys=0.00, real=0.00 secs] 
29.838: [GC 29.838: [ParNew
Desired survivor size 1343488 bytes, new threshold 4 (max 4)
- age   1:     693208 bytes,     693208 total
- age   2:     340072 bytes,    1033280 total
- age   3:     170040 bytes,    1203320 total
: 16969K->1179K(18624K), 0.0030687 secs] 64550K->49147K(83392K), 0.0031931 secs] [Times: user=0.00 sys=0.00, real=0.00 secs] 
29.852: [GC 29.853: [ParNew
Desired survivor size 1343488 bytes, new threshold 2 (max 4)
- age   1:     980920 bytes,     980920 total
- age   2:     416848 bytes,    1397768 total
- age   3:     340072 bytes,    1737840 total
- age   4:     170040 bytes,    1907880 total
: 17152K->1866K(18624K), 0.0025986 secs] 65121K->49835K(83392K), 0.0027113 secs] [Times: user=0.00 sys=0.01, real=0.00 secs] 
29.870: [GC 29.870: [ParNew
Desired survivor size 1343488 bytes, new threshold 4 (max 4)
- age   1:     609616 bytes,     609616 total
- age   2:     600496 bytes,    1210112 total
: 17817K->1184K(18624K), 0.0025689 secs] 65785K->49891K(83392K), 0.0026663 secs] [Times: user=0.01 sys=0.00, real=0.01 secs] 
29.888: [GC 29.888: [ParNew
Desired survivor size 1343488 bytes, new threshold 3 (max 4)
- age   1:     501568 bytes,     501568 total
- age   2:     463616 bytes,     965184 total
- age   3:     600496 bytes,    1565680 total
: 17141K->1530K(18624K), 0.0021302 secs] 65848K->50238K(83392K), 0.0024389 secs] [Times: user=0.01 sys=0.00, real=0.00 secs] 
29.906: [GC 29.906: [ParNew
Desired survivor size 1343488 bytes, new threshold 4 (max 4)
- age   1:     750360 bytes,     750360 total
- age   2:     171016 bytes,     921376 total
- age   3:     320304 bytes,    1241680 total
: 17480K->1214K(18624K), 0.0040852 secs] 66187K->50401K(83392K), 0.0041794 secs] [Times: user=0.01 sys=0.00, real=0.00 secs] 
29.932: [GC 29.932: [ParNew
Desired survivor size 1343488 bytes, new threshold 4 (max 4)
- age   1:     366400 bytes,     366400 total
- age   2:     437112 bytes,     803512 total
- age   3:     171016 bytes,     974528 total
- age   4:     125904 bytes,    1100432 total
: 17180K->1077K(18624K), 0.0017485 secs] 66368K->50265K(83392K), 0.0018579 secs] [Times: user=0.00 sys=0.00, real=0.00 secs] 
29.949: [GC 29.949: [ParNew
Desired survivor size 1343488 bytes, new threshold 4 (max 4)
- age   1:     428576 bytes,     428576 total
- age   2:       6920 bytes,     435496 total
- age   3:     436408 bytes,     871904 total
- age   4:     171016 bytes,    1042920 total
: 17056K->1020K(18624K), 0.0065054 secs] 66244K->50330K(83392K), 0.0065997 secs] [Times: user=0.00 sys=0.00, real=0.01 secs] 
29.981: [GC 29.981: [ParNew
Desired survivor size 1343488 bytes, new threshold 4 (max 4)
- age   1:     291752 bytes,     291752 total
- age   2:     115352 bytes,     407104 total
- age   3:       6920 bytes,     414024 total
- age   4:     436408 bytes,     850432 total
: 17020K->840K(18624K), 0.0016500 secs] 66330K->50317K(83392K), 0.0017710 secs] [Times: user=0.00 sys=0.00, real=0.01 secs] 
29.995: [GC 29.995: [ParNew
Desired survivor size 1343488 bytes, new threshold 4 (max 4)
- age   1:      81112 bytes,      81112 total
- age   2:     291416 bytes,     372528 total
- age   3:      16896 bytes,     389424 total
- age   4:       6920 bytes,     396344 total
: 16798K->405K(18624K), 0.0018139 secs] 66275K->50308K(83392K), 0.0019208 secs] [Times: user=0.01 sys=0.00, real=0.00 secs] 
30.009: [GC 30.009: [ParNew
Desired survivor size 1343488 bytes, new threshold 4 (max 4)
- age   1:     644464 bytes,     644464 total
- age   2:       2464 bytes,     646928 total
- age   3:     291416 bytes,     938344 total
- age   4:      16896 bytes,     955240 total
: 16383K->946K(18624K), 0.0019058 secs] 66286K->50856K(83392K), 0.0020108 secs] [Times: user=0.00 sys=0.00, real=0.00 secs] 
30.024: [GC 30.024: [ParNew
Desired survivor size 1343488 bytes, new threshold 4 (max 4)
- age   1:     385728 bytes,     385728 total
- age   2:     335592 bytes,     721320 total
- age   3:       2464 bytes,     723784 total
- age   4:     291416 bytes,    1015200 total
: 16945K->1014K(18624K), 0.0031872 secs] 66855K->50941K(83392K), 0.0032778 secs] [Times: user=0.00 sys=0.00, real=0.00 secs] 
30.040: [GC 30.041: [ParNew
Desired survivor size 1343488 bytes, new threshold 4 (max 4)
- age   1:     457760 bytes,     457760 total
- age   2:     288392 bytes,     746152 total
- age   3:     335592 bytes,    1081744 total
- age   4:       2464 bytes,    1084208 total
: 17014K->1090K(18624K), 0.0024272 secs] 66941K->51301K(83392K), 0.0025503 secs] [Times: user=0.01 sys=0.00, real=0.01 secs] 
30.054: [GC 30.054: [ParNew
Desired survivor size 1343488 bytes, new threshold 4 (max 4)
- age   1:     243464 bytes,     243464 total
- age   2:     447080 bytes,     690544 total
- age   3:     152584 bytes,     843128 total
- age   4:     190368 bytes,    1033496 total
: 17071K->1017K(18624K), 0.0022754 secs] 67282K->51231K(83392K), 0.0024032 secs] [Times: user=0.01 sys=0.00, real=0.00 secs] 
30.068: [GC 30.068: [ParNew
Desired survivor size 1343488 bytes, new threshold 4 (max 4)
- age   1:     787328 bytes,     787328 total
- age   2:     159280 bytes,     946608 total
- age   3:     236912 bytes,    1183520 total
- age   4:      88440 bytes,    1271960 total
: 16993K->1246K(18624K), 0.0019422 secs] 67206K->51646K(83392K), 0.0020322 secs] [Times: user=0.00 sys=0.00, real=0.00 secs] 
30.081: [GC 30.101: [ParNew
Desired survivor size 1343488 bytes, new threshold 4 (max 4)
- age   1:     428472 bytes,     428472 total
- age   2:     451624 bytes,     880096 total
- age   3:      98256 bytes,     978352 total
- age   4:     236912 bytes,    1215264 total
: 17186K->1194K(18624K), 0.0018256 secs] 67585K->51680K(83392K), 0.0019293 secs] [Times: user=0.00 sys=0.00, real=0.03 secs] 
30.115: [GC 30.116: [ParNew
Desired survivor size 1343488 bytes, new threshold 4 (max 4)
- age   1:     636848 bytes,     636848 total
- age   2:     394840 bytes,    1031688 total
- age   3:     214752 bytes,    1246440 total
- age   4:      98256 bytes,    1344696 total
: 17179K->1319K(18624K), 0.0023542 secs] 67665K->52036K(83392K), 0.0024687 secs] [Times: user=0.01 sys=0.00, real=0.00 secs] 
30.129: [GC 30.129: [ParNew
Desired survivor size 1343488 bytes, new threshold 3 (max 4)
- age   1:     578472 bytes,     578472 total
- age   2:     508224 bytes,    1086696 total
- age   3:     394840 bytes,    1481536 total
: 17308K->1457K(18624K), 0.0023863 secs] 68025K->52270K(83392K), 0.0024883 secs] [Times: user=0.00 sys=0.00, real=0.00 secs] 
30.143: [GC 30.143: [ParNew
Desired survivor size 1343488 bytes, new threshold 4 (max 4)
- age   1:     148936 bytes,     148936 total
- age   2:     520624 bytes,     669560 total
- age   3:     261144 bytes,     930704 total
: 17436K->911K(18624K), 0.0019932 secs] 68249K->52110K(83392K), 0.0020893 secs] [Times: user=0.00 sys=0.00, real=0.00 secs] 
30.157: [GC 30.157: [ParNew
Desired survivor size 1343488 bytes, new threshold 4 (max 4)
- age   1:     527088 bytes,     527088 total
- age   2:      84704 bytes,     611792 total
- age   3:     275336 bytes,     887128 total
- age   4:     261144 bytes,    1148272 total
: 16885K->1125K(18624K), 0.0019440 secs] 68084K->52324K(83392K), 0.0020418 secs] [Times: user=0.00 sys=0.00, real=0.00 secs] 
30.172: [GC 30.172: [ParNew
Desired survivor size 1343488 bytes, new threshold 4 (max 4)
- age   1:     888520 bytes,     888520 total
- age   2:     228952 bytes,    1117472 total
- age   3:      84704 bytes,    1202176 total
- age   4:     275336 bytes,    1477512 total
: 17093K->1454K(18624K), 0.0023621 secs] 68292K->52908K(83392K), 0.0024836 secs] [Times: user=0.01 sys=0.00, real=0.01 secs] 
30.187: [GC 30.187: [ParNew
Desired survivor size 1343488 bytes, new threshold 4 (max 4)
- age   1:     754968 bytes,     754968 total
- age   2:     445112 bytes,    1200080 total
- age   3:      86440 bytes,    1286520 total
: 17419K->1259K(18624K), 0.0019409 secs] 68873K->52982K(83392K), 0.0020310 secs] [Times: user=0.00 sys=0.00, real=0.00 secs] 
30.200: [GC 30.200: [ParNew
Desired survivor size 1343488 bytes, new threshold 3 (max 4)
- age   1:     521832 bytes,     521832 total
- age   2:     433888 bytes,     955720 total
- age   3:     445112 bytes,    1400832 total
- age   4:      86440 bytes,    1487272 total
: 17242K->1455K(18624K), 0.0022518 secs] 68965K->53178K(83392K), 0.0023595 secs] [Times: user=0.00 sys=0.00, real=0.01 secs] 
30.213: [GC 30.213: [ParNew
Desired survivor size 1343488 bytes, new threshold 4 (max 4)
- age   1:     155640 bytes,     155640 total
- age   2:     495208 bytes,     650848 total
- age   3:     377992 bytes,    1028840 total
: 17429K->1008K(18624K), 0.0030103 secs] 69152K->53249K(83392K), 0.0031149 secs] [Times: user=0.01 sys=0.00, real=0.00 secs] 
30.227: [GC 30.228: [ParNew
Desired survivor size 1343488 bytes, new threshold 4 (max 4)
- age   1:     448152 bytes,     448152 total
- age   2:      40576 bytes,     488728 total
- age   3:     495208 bytes,     983936 total
- age   4:     329560 bytes,    1313496 total
: 16938K->1286K(18624K), 0.0023396 secs] 69180K->53527K(83392K), 0.0025264 secs] [Times: user=0.00 sys=0.00, real=0.00 secs] 
30.246: [GC 30.246: [ParNew
Desired survivor size 1343488 bytes, new threshold 4 (max 4)
- age   1:     495144 bytes,     495144 total
- age   2:     361848 bytes,     856992 total
- age   3:      40576 bytes,     897568 total
- age   4:     495208 bytes,    1392776 total
: 17228K->1361K(18624K), 0.0022354 secs] 69470K->53925K(83392K), 0.0023809 secs] [Times: user=0.01 sys=0.00, real=0.00 secs] 
30.260: [GC 30.260: [ParNew
Desired survivor size 1343488 bytes, new threshold 3 (max 4)
- age   1:     866416 bytes,     866416 total
- age   2:     408624 bytes,    1275040 total
- age   3:     324816 bytes,    1599856 total
- age   4:      40576 bytes,    1640432 total
: 17359K->1606K(18624K), 0.0027958 secs] 69923K->54505K(83392K), 0.0029308 secs] [Times: user=0.00 sys=0.00, real=0.01 secs] 
30.275: [GC 30.275: [ParNew
Desired survivor size 1343488 bytes, new threshold 2 (max 4)
- age   1:     775752 bytes,     775752 total
- age   2:     721968 bytes,    1497720 total
- age   3:     408624 bytes,    1906344 total
: 17580K->1866K(18624K), 0.0029487 secs] 70479K->54969K(83392K), 0.0030524 secs] [Times: user=0.00 sys=0.00, real=0.00 secs] 
30.290: [GC 30.290: [ParNew
Desired survivor size 1343488 bytes, new threshold 4 (max 4)
- age   1:     293480 bytes,     293480 total
- age   2:     287424 bytes,     580904 total
: 17853K->581K(18624K), 0.0025279 secs] 70955K->54788K(83392K), 0.0026269 secs] [Times: user=0.01 sys=0.00, real=0.01 secs] 
30.293: [GC [1 CMS-initial-mark: 54206K(64768K)] 55205K(83392K), 0.0006771 secs] [Times: user=0.00 sys=0.00, real=0.00 secs] 
30.294: [CMS-concurrent-mark-start]
30.307: [GC 30.307: [ParNew
Desired survivor size 1343488 bytes, new threshold 4 (max 4)
- age   1:     772320 bytes,     772320 total
- age   2:     223576 bytes,     995896 total
- age   3:      96656 bytes,    1092552 total
: 16581K->1070K(18624K), 0.0018008 secs] 70788K->55276K(83392K), 0.0018907 secs] [Times: user=0.01 sys=0.00, real=0.00 secs] 
30.323: [GC 30.324: [ParNew
Desired survivor size 1343488 bytes, new threshold 4 (max 4)
- age   1:     183320 bytes,     183320 total
- age   2:     652168 bytes,     835488 total
- age   3:      86440 bytes,     921928 total
- age   4:      96656 bytes,    1018584 total
: 17059K->997K(18624K), 0.0018671 secs] 71266K->55204K(83392K), 0.0019744 secs] [Times: user=0.00 sys=0.00, real=0.00 secs] 
30.340: [GC 30.340: [ParNew
Desired survivor size 1343488 bytes, new threshold 4 (max 4)
- age   1:     600824 bytes,     600824 total
- age   2:     126016 bytes,     726840 total
- age   3:     542560 bytes,    1269400 total
: 16958K->1242K(18624K), 0.0018875 secs] 71164K->55543K(83392K), 0.0019733 secs] [Times: user=0.00 sys=0.00, real=0.01 secs] 
30.356: [GC 30.356: [ParNew
Desired survivor size 1343488 bytes, new threshold 4 (max 4)
- age   1:     508120 bytes,     508120 total
- age   2:     400208 bytes,     908328 total
- age   3:     126016 bytes,    1034344 total
- age   4:     472552 bytes,    1506896 total
: 17233K->1474K(18624K), 0.0019378 secs] 71534K->55775K(83392K), 0.0021533 secs] [Times: user=0.01 sys=0.00, real=0.00 secs] 
30.371: [CMS-concurrent-mark: 0.062/0.077 secs] [Times: user=0.12 sys=0.01, real=0.07 secs] 
30.371: [CMS-concurrent-preclean-start]
30.372: [CMS-concurrent-preclean: 0.000/0.000 secs] [Times: user=0.00 sys=0.00, real=0.00 secs] 
30.372: [CMS-concurrent-abortable-preclean-start]
30.382: [GC 30.382: [ParNew
Desired survivor size 1343488 bytes, new threshold 4 (max 4)
- age   1:     380680 bytes,     380680 total
- age   2:     444008 bytes,     824688 total
- age   4:     126016 bytes,     950704 total
: 17474K->929K(18624K), 0.0020576 secs] 71775K->55587K(83392K), 0.0021756 secs] [Times: user=0.00 sys=0.00, real=0.00 secs] 
30.397: [GC 30.397: [ParNew
Desired survivor size 1343488 bytes, new threshold 4 (max 4)
- age   1:     626440 bytes,     626440 total
- age   2:     179504 bytes,     805944 total
- age   3:     444008 bytes,    1249952 total
: 16893K->1227K(18624K), 0.0020109 secs] 71551K->56008K(83392K), 0.0021414 secs] [Times: user=0.00 sys=0.00, real=0.00 secs] 
30.411: [GC 30.412: [ParNew
Desired survivor size 1343488 bytes, new threshold 4 (max 4)
- age   1:     142560 bytes,     142560 total
- age   2:     606176 bytes,     748736 total
- age   3:      23008 bytes,     771744 total
- age   4:     288360 bytes,    1060104 total
: 17214K->1042K(18624K), 0.0016465 secs] 71995K->55824K(83392K), 0.0017880 secs] [Times: user=0.01 sys=0.00, real=0.01 secs] 
30.426: [GC 30.426: [ParNew
Desired survivor size 1343488 bytes, new threshold 4 (max 4)
- age   1:      63408 bytes,      63408 total
- age   2:      81640 bytes,     145048 total
- age   3:     487552 bytes,     632600 total
- age   4:      23008 bytes,     655608 total
: 17019K->647K(18624K), 0.0018392 secs] 71801K->55710K(83392K), 0.0019472 secs] [Times: user=0.01 sys=0.00, real=0.00 secs] 
30.440: [GC 30.440: [ParNew
Desired survivor size 1343488 bytes, new threshold 4 (max 4)
- age   1:     265976 bytes,     265976 total
- age   2:      24168 bytes,     290144 total
- age   3:      81640 bytes,     371784 total
- age   4:     169896 bytes,     541680 total
: 16640K->544K(18624K), 0.0014139 secs] 71703K->55630K(83392K), 0.0014988 secs] [Times: user=0.00 sys=0.00, real=0.00 secs] 
30.454: [GC 30.454: [ParNew
Desired survivor size 1343488 bytes, new threshold 4 (max 4)
- age   1:     535640 bytes,     535640 total
- age   2:     223752 bytes,     759392 total
- age   3:      24168 bytes,     783560 total
- age   4:      81640 bytes,     865200 total
: 16479K->847K(18624K), 0.0017233 secs] 71565K->56099K(83392K), 0.0018316 secs] [Times: user=0.00 sys=0.00, real=0.00 secs] 
30.469: [GC 30.469: [ParNew
Desired survivor size 1343488 bytes, new threshold 4 (max 4)
- age   1:     450384 bytes,     450384 total
- age   2:     439384 bytes,     889768 total
- age   3:      54392 bytes,     944160 total
- age   4:      24168 bytes,     968328 total
: 16847K->947K(18624K), 0.0014887 secs] 72099K->56278K(83392K), 0.0015696 secs] [Times: user=0.00 sys=0.00, real=0.00 secs] 
30.486: [GC 30.486: [ParNew
Desired survivor size 1343488 bytes, new threshold 4 (max 4)
- age   1:     587640 bytes,     587640 total
- age   2:     347272 bytes,     934912 total
- age   3:     397360 bytes,    1332272 total
: 16863K->1304K(18624K), 0.0056861 secs] 72195K->56659K(83392K), 0.0058519 secs] [Times: user=0.01 sys=0.00, real=0.00 secs] 
30.505: [GC 30.505: [ParNew
Desired survivor size 1343488 bytes, new threshold 4 (max 4)
- age   1:     235016 bytes,     235016 total
- age   2:     233928 bytes,     468944 total
- age   3:     346568 bytes,     815512 total
- age   4:     397360 bytes,    1212872 total
: 17303K->1186K(18624K), 0.0018581 secs] 72658K->56541K(83392K), 0.0019541 secs] [Times: user=0.00 sys=0.00, real=0.00 secs] 
30.518: [GC 30.519: [ParNew
Desired survivor size 1343488 bytes, new threshold 4 (max 4)
- age   1:     458392 bytes,     458392 total
- age   2:     128368 bytes,     586760 total
- age   3:     155656 bytes,     742416 total
- age   4:     346568 bytes,    1088984 total
: 17167K->1066K(18624K), 0.0023918 secs] 72521K->56809K(83392K), 0.0024911 secs] [Times: user=0.00 sys=0.00, real=0.00 secs] 
30.536: [GC 30.536: [ParNew
Desired survivor size 1343488 bytes, new threshold 4 (max 4)
- age   1:     430864 bytes,     430864 total
- age   2:     194528 bytes,     625392 total
- age   3:     127920 bytes,     753312 total
- age   4:     155656 bytes,     908968 total
: 17011K->893K(18624K), 0.0025693 secs] 72754K->56974K(83392K), 0.0026716 secs] [Times: user=0.01 sys=0.00, real=0.00 secs] 
30.550: [GC 30.550: [ParNew
Desired survivor size 1343488 bytes, new threshold 4 (max 4)
- age   1:     377912 bytes,     377912 total
- age   2:       1800 bytes,     379712 total
- age   3:     194528 bytes,     574240 total
- age   4:     127808 bytes,     702048 total
: 16875K->690K(18624K), 0.0018637 secs] 72956K->56924K(83392K), 0.0019640 secs] [Times: user=0.00 sys=0.00, real=0.01 secs] 
30.568: [GC 30.568: [ParNew
Desired survivor size 1343488 bytes, new threshold 4 (max 4)
- age   1:     397752 bytes,     397752 total
- age   2:      22696 bytes,     420448 total
- age   3:       1800 bytes,     422248 total
- age   4:     194528 bytes,     616776 total
: 16690K->614K(18624K), 0.0015476 secs] 72924K->56860K(83392K), 0.0016462 secs] [Times: user=0.00 sys=0.00, real=0.00 secs] 
30.584: [GC 30.584: [ParNew
Desired survivor size 1343488 bytes, new threshold 4 (max 4)
- age   1:     547464 bytes,     547464 total
- age   2:     132120 bytes,     679584 total
- age   3:      22696 bytes,     702280 total
- age   4:       1800 bytes,     704080 total
: 16614K->696K(18624K), 0.0022384 secs] 72860K->57133K(83392K), 0.0023693 secs] [Times: user=0.00 sys=0.01, real=0.00 secs] 
30.587: [CMS-concurrent-abortable-preclean: 0.007/0.215 secs] [Times: user=0.32 sys=0.02, real=0.22 secs] 
30.587: [GC[YG occupancy: 748 K (18624 K)]30.587: [Rescan (parallel) , 0.0010071 secs]30.588: [weak refs processing, 0.0000236 secs] [1 CMS-remark: 56436K(64768K)] 57185K(83392K), 0.0010782 secs] [Times: user=0.00 sys=0.00, real=0.00 secs] 
30.588: [CMS-concurrent-sweep-start]
30.598: [CMS-concurrent-sweep: 0.010/0.010 secs] [Times: user=0.02 sys=0.00, real=0.01 secs] 
30.599: [CMS-concurrent-reset-start]
30.599: [CMS-concurrent-reset: 0.001/0.001 secs] [Times: user=0.00 sys=0.00, real=0.00 secs] 
30.611: [GC 30.611: [ParNew
Desired survivor size 1343488 bytes, new threshold 4 (max 4)
- age   1:     530104 bytes,     530104 total
- age   2:     384096 bytes,     914200 total
- age   3:     132120 bytes,    1046320 total
- age   4:      22696 bytes,    1069016 total
: 16691K->1056K(18624K), 0.0027707 secs] 26291K->10658K(83392K), 0.0029056 secs] [Times: user=0.01 sys=0.00, real=0.01 secs] 
30.627: [GC 30.627: [ParNew
Desired survivor size 1343488 bytes, new threshold 4 (max 4)
- age   1:      84120 bytes,      84120 total
- age   2:     462768 bytes,     546888 total
- age   3:     384096 bytes,     930984 total
- age   4:     132120 bytes,    1063104 total
: 17028K->1076K(18624K), 0.0016374 secs] 26630K->10700K(83392K), 0.0017543 secs] [Times: user=0.00 sys=0.00, real=0.00 secs] 
30.640: [GC 30.641: [ParNew
Desired survivor size 1343488 bytes, new threshold 4 (max 4)
- age   1:     306024 bytes,     306024 total
- age   2:       7304 bytes,     313328 total
- age   3:     104608 bytes,     417936 total
- age   4:     384096 bytes,     802032 total
: 17069K->814K(18624K), 0.0022993 secs] 26693K->10567K(83392K), 0.0024118 secs] [Times: user=0.00 sys=0.00, real=0.01 secs] 
30.655: [GC 30.655: [ParNew
Desired survivor size 1343488 bytes, new threshold 4 (max 4)
- age   1:     119968 bytes,     119968 total
- age   2:     191104 bytes,     311072 total
- age   3:       7304 bytes,     318376 total
- age   4:     104608 bytes,     422984 total
: 16802K->445K(18624K), 0.0014977 secs] 26555K->10573K(83392K), 0.0016070 secs] [Times: user=0.00 sys=0.00, real=0.00 secs] 
30.668: [GC 30.669: [ParNew
Desired survivor size 1343488 bytes, new threshold 4 (max 4)
- age   1:      97888 bytes,      97888 total
- age   2:      88168 bytes,     186056 total
- age   3:      85056 bytes,     271112 total
- age   4:       7304 bytes,     278416 total
: 16394K->288K(18624K), 0.0013548 secs] 26523K->10518K(83392K), 0.0014648 secs] [Times: user=0.00 sys=0.00, real=0.00 secs] 
30.685: [GC 30.685: [ParNew
Desired survivor size 1343488 bytes, new threshold 4 (max 4)
- age   1:     263152 bytes,     263152 total
- age   2:      58384 bytes,     321536 total
- age   3:      88168 bytes,     409704 total
: 16248K->405K(18624K), 0.0021684 secs] 26479K->10643K(83392K), 0.0022628 secs] [Times: user=0.00 sys=0.00, real=0.00 secs] 
30.699: [GC 30.700: [ParNew
Desired survivor size 1343488 bytes, new threshold 4 (max 4)
- age   1:     395504 bytes,     395504 total
- age   2:     193144 bytes,     588648 total
- age   3:      58384 bytes,     647032 total
- age   4:      88168 bytes,     735200 total
: 16400K->720K(18624K), 0.0013638 secs] 26638K->10958K(83392K), 0.0014706 secs] [Times: user=0.01 sys=0.00, real=0.00 secs] 
30.712: [GC 30.713: [ParNew
Desired survivor size 1343488 bytes, new threshold 3 (max 4)
- age   1:     927296 bytes,     927296 total
- age   2:     318048 bytes,    1245344 total
- age   3:     193144 bytes,    1438488 total
: 16658K->1409K(18624K), 0.0019094 secs] 26896K->11733K(83392K), 0.0020047 secs] [Times: user=0.01 sys=0.00, real=0.00 secs] 
30.726: [GC 30.726: [ParNew
Desired survivor size 1343488 bytes, new threshold 4 (max 4)
- age   1:     123224 bytes,     123224 total
- age   2:     728432 bytes,     851656 total
- age   3:     318048 bytes,    1169704 total
: 17409K->1147K(18624K), 0.0019911 secs] 27733K->11659K(83392K), 0.0021357 secs] [Times: user=0.00 sys=0.00, real=0.00 secs] 
30.740: [GC 30.740: [ParNew
Desired survivor size 1343488 bytes, new threshold 4 (max 4)
- age   1:     766576 bytes,     766576 total
- age   2:      58704 bytes,     825280 total
- age   3:     495728 bytes,    1321008 total
- age   4:     318048 bytes,    1639056 total
: 17105K->1604K(18624K), 0.0022770 secs] 27617K->12117K(83392K), 0.0023797 secs] [Times: user=0.00 sys=0.00, real=0.01 secs] 
30.755: [GC 30.755: [ParNew
Desired survivor size 1343488 bytes, new threshold 4 (max 4)
- age   1:     185184 bytes,     185184 total
- age   2:     709376 bytes,     894560 total
- age   3:      31336 bytes,     925896 total
- age   4:     495728 bytes,    1421624 total
: 17592K->1393K(18624K), 0.0021498 secs] 28105K->12181K(83392K), 0.0022609 secs] [Times: user=0.01 sys=0.00, real=0.00 secs] 
30.769: [GC 30.769: [ParNew
Desired survivor size 1343488 bytes, new threshold 3 (max 4)
- age   1:     724624 bytes,     724624 total
- age   2:     101544 bytes,     826168 total
- age   3:     709376 bytes,    1535544 total
- age   4:      31336 bytes,    1566880 total
: 17378K->1534K(18624K), 0.0023904 secs] 28166K->12747K(83392K), 0.0024987 secs] [Times: user=0.00 sys=0.00, real=0.01 secs] 
30.784: [GC 30.784: [ParNew
Desired survivor size 1343488 bytes, new threshold 4 (max 4)
- age   1:     277288 bytes,     277288 total
- age   2:     579616 bytes,     856904 total
- age   3:      98760 bytes,     955664 total
: 17532K->937K(18624K), 0.0023368 secs] 28746K->12874K(83392K), 0.0024331 secs] [Times: user=0.01 sys=0.00, real=0.00 secs] 
30.798: [GC 30.798: [ParNew
Desired survivor size 1343488 bytes, new threshold 4 (max 4)
- age   1:      65808 bytes,      65808 total
- age   2:     264432 bytes,     330240 total
- age   3:     579616 bytes,     909856 total
- age   4:       4680 bytes,     914536 total
: 16908K->906K(18624K), 0.0018299 secs] 28845K->12843K(83392K), 0.0019268 secs] [Times: user=0.01 sys=0.00, real=0.00 secs] 
30.811: [GC 30.811: [ParNew
Desired survivor size 1343488 bytes, new threshold 4 (max 4)
- age   1:     315808 bytes,     315808 total
- age   2:      40184 bytes,     355992 total
- age   3:     252096 bytes,     608088 total
- age   4:     579616 bytes,    1187704 total
: 16884K->1163K(18624K), 0.0020956 secs] 28821K->13104K(83392K), 0.0021908 secs] [Times: user=0.00 sys=0.00, real=0.01 secs] 
30.826: [GC 30.826: [ParNew
Desired survivor size 1343488 bytes, new threshold 4 (max 4)
- age   1:     419824 bytes,     419824 total
- age   2:     136656 bytes,     556480 total
- age   4:     173160 bytes,     729640 total
: 17141K->716K(18624K), 0.0018110 secs] 29082K->13224K(83392K), 0.0019065 secs] [Times: user=0.00 sys=0.00, real=0.00 secs] 
30.840: [GC 30.840: [ParNew
Desired survivor size 1343488 bytes, new threshold 4 (max 4)
- age   1:     528008 bytes,     528008 total
- age   2:     338728 bytes,     866736 total
- age   3:     136656 bytes,    1003392 total
: 16692K->994K(18624K), 0.0017966 secs] 29200K->13670K(83392K), 0.0019003 secs] [Times: user=0.00 sys=0.00, real=0.01 secs] 
30.853: [GC 30.853: [ParNew
Desired survivor size 1343488 bytes, new threshold 3 (max 4)
- age   1:     676856 bytes,     676856 total
- age   2:     329504 bytes,    1006360 total
- age   3:     338728 bytes,    1345088 total
: 16987K->1316K(18624K), 0.0019742 secs] 29664K->13992K(83392K), 0.0020869 secs] [Times: user=0.01 sys=0.00, real=0.00 secs] 
30.868: [GC 30.868: [ParNew
Desired survivor size 1343488 bytes, new threshold 4 (max 4)
- age   1:     164384 bytes,     164384 total
- age   2:     639120 bytes,     803504 total
- age   3:     329504 bytes,    1133008 total
: 17303K->1109K(18624K), 0.0021421 secs] 29980K->14069K(83392K), 0.0022338 secs] [Times: user=0.01 sys=0.00, real=0.00 secs] 
30.882: [GC 30.882: [ParNew
Desired survivor size 1343488 bytes, new threshold 4 (max 4)
- age   1:     355072 bytes,     355072 total
- age   2:     132280 bytes,     487352 total
- age   3:     569208 bytes,    1056560 total
- age   4:     133528 bytes,    1190088 total
: 17091K->1165K(18624K), 0.0018664 secs] 30050K->14124K(83392K), 0.0020475 secs] [Times: user=0.00 sys=0.00, real=0.00 secs] 
30.895: [GC 30.895: [ParNew
Desired survivor size 1343488 bytes, new threshold 4 (max 4)
- age   1:     422920 bytes,     422920 total
- age   2:     314432 bytes,     737352 total
- age   3:     132280 bytes,     869632 total
- age   4:     569208 bytes,    1438840 total
: 17160K->1408K(18624K), 0.0022046 secs] 30119K->14497K(83392K), 0.0023002 secs] [Times: user=0.00 sys=0.00, real=0.00 secs] 
30.910: [GC 30.910: [ParNew
Desired survivor size 1343488 bytes, new threshold 4 (max 4)
- age   1:     665992 bytes,     665992 total
- age   2:     259576 bytes,     925568 total
- age   3:     214072 bytes,    1139640 total
- age   4:     132280 bytes,    1271920 total
: 17365K->1245K(18624K), 0.0025846 secs] 30454K->14891K(83392K), 0.0026777 secs] [Times: user=0.00 sys=0.00, real=0.01 secs] 
30.925: [GC 30.925: [ParNew
Desired survivor size 1343488 bytes, new threshold 3 (max 4)
- age   1:     593880 bytes,     593880 total
- age   2:     530520 bytes,    1124400 total
- age   3:     259576 bytes,    1383976 total
- age   4:         32 bytes,    1384008 total
: 17208K->1355K(18624K), 0.0021350 secs] 30854K->15000K(83392K), 0.0022406 secs] [Times: user=0.01 sys=0.00, real=0.00 secs] 
30.940: [GC 30.940: [ParNew
Desired survivor size 1343488 bytes, new threshold 3 (max 4)
- age   1:     635568 bytes,     635568 total
- age   2:     453696 bytes,    1089264 total
- age   3:     530520 bytes,    1619784 total
: 17341K->1585K(18624K), 0.0022498 secs] 30987K->15484K(83392K), 0.0023301 secs] [Times: user=0.01 sys=0.00, real=0.01 secs] 
30.954: [GC 30.954: [ParNew
Desired survivor size 1343488 bytes, new threshold 4 (max 4)
- age   1:     651736 bytes,     651736 total
- age   2:     166376 bytes,     818112 total
- age   3:     453696 bytes,    1271808 total
: 17579K->1245K(18624K), 0.0022273 secs] 31478K->15662K(83392K), 0.0023492 secs] [Times: user=0.00 sys=0.00, real=0.00 secs] 
30.969: [GC 30.969: [ParNew
Desired survivor size 1343488 bytes, new threshold 4 (max 4)
- age   1:     226400 bytes,     226400 total
- age   2:     542512 bytes,     768912 total
- age   3:     166376 bytes,     935288 total
- age   4:     315248 bytes,    1250536 total
: 17207K->1224K(18624K), 0.0017305 secs] 31624K->15641K(83392K), 0.0018429 secs] [Times: user=0.00 sys=0.00, real=0.00 secs] 
30.983: [GC 30.983: [ParNew
Desired survivor size 1343488 bytes, new threshold 4 (max 4)
- age   1:     334832 bytes,     334832 total
- age   2:      63360 bytes,     398192 total
- age   3:     542424 bytes,     940616 total
- age   4:     121032 bytes,    1061648 total
: 17221K->1040K(18624K), 0.0021164 secs] 31638K->15765K(83392K), 0.0022348 secs] [Times: user=0.01 sys=0.00, real=0.00 secs] 
30.998: [GC 30.998: [ParNew
Desired survivor size 1343488 bytes, new threshold 4 (max 4)
- age   1:     354896 bytes,     354896 total
- age   2:     165800 bytes,     520696 total
- age   3:      63360 bytes,     584056 total
- age   4:     542424 bytes,    1126480 total
: 16961K->1103K(18624K), 0.0017882 secs] 31686K->15946K(83392K), 0.0018941 secs] [Times: user=0.01 sys=0.00, real=0.00 secs] 
31.012: [GC 31.012: [ParNew
Desired survivor size 1343488 bytes, new threshold 4 (max 4)
- age   1:     603688 bytes,     603688 total
- age   2:     308688 bytes,     912376 total
- age   3:     165800 bytes,    1078176 total
- age   4:      63360 bytes,    1141536 total
: 17076K->1118K(18624K), 0.0021723 secs] 31919K->16078K(83392K), 0.0022659 secs] [Times: user=0.00 sys=0.01, real=0.00 secs] 
31.027: [GC 31.027: [ParNew
Desired survivor size 1343488 bytes, new threshold 4 (max 4)
- age   1:     295688 bytes,     295688 total
- age   2:     447752 bytes,     743440 total
- age   3:     138376 bytes,     881816 total
- age   4:      53096 bytes,     934912 total
: 17098K->916K(18624K), 0.0015505 secs] 32058K->15938K(83392K), 0.0016975 secs] [Times: user=0.00 sys=0.00, real=0.00 secs] 
31.041: [GC 31.041: [ParNew
Desired survivor size 1343488 bytes, new threshold 4 (max 4)
- age   1:     580616 bytes,     580616 total
- age   2:      57120 bytes,     637736 total
- age   3:     386312 bytes,    1024048 total
- age   4:     138376 bytes,    1162424 total
: 16894K->1138K(18624K), 0.0019605 secs] 31916K->16212K(83392K), 0.0020750 secs] [Times: user=0.00 sys=0.00, real=0.01 secs] 
31.055: [GC 31.055: [ParNew
Desired survivor size 1343488 bytes, new threshold 4 (max 4)
- age   1:     612888 bytes,     612888 total
- age   2:     495984 bytes,    1108872 total
- age   4:     301608 bytes,    1410480 total
: 17071K->1380K(18624K), 0.0019134 secs] 32145K->16590K(83392K), 0.0020194 secs] [Times: user=0.00 sys=0.00, real=0.00 secs] 
31.069: [GC 31.069: [ParNew
Desired survivor size 1343488 bytes, new threshold 4 (max 4)
- age   1:     439816 bytes,     439816 total
- age   2:     527888 bytes,     967704 total
- age   3:     318888 bytes,    1286592 total
: 17369K->1260K(18624K), 0.0018528 secs] 32578K->16553K(83392K), 0.0019438 secs] [Times: user=0.01 sys=0.00, real=0.00 secs] 
31.086: [GC 31.086: [ParNew
Desired survivor size 1343488 bytes, new threshold 4 (max 4)
- age   1:     753232 bytes,     753232 total
- age   2:     193168 bytes,     946400 total
- age   4:     254776 bytes,    1201176 total
: 17244K->1175K(18624K), 0.0027163 secs] 32537K->16469K(83392K), 0.0028243 secs] [Times: user=0.01 sys=0.00, real=0.00 secs] 
31.101: [GC 31.101: [ParNew
Desired survivor size 1343488 bytes, new threshold 2 (max 4)
- age   1:     923456 bytes,     923456 total
- age   2:     462280 bytes,    1385736 total
- age   3:     193168 bytes,    1578904 total
: 17150K->1544K(18624K), 0.0021965 secs] 32444K->17086K(83392K), 0.0022976 secs] [Times: user=0.00 sys=0.00, real=0.01 secs] 
31.116: [GC 31.116: [ParNew
Desired survivor size 1343488 bytes, new threshold 4 (max 4)
- age   1:     624064 bytes,     624064 total
- age   2:     493680 bytes,    1117744 total
: 17494K->1094K(18624K), 0.0019337 secs] 33037K->17276K(83392K), 0.0020455 secs] [Times: user=0.00 sys=0.00, real=0.00 secs] 
31.136: [GC 31.136: [ParNew
Desired survivor size 1343488 bytes, new threshold 4 (max 4)
- age   1:     626064 bytes,     626064 total
- age   2:     292184 bytes,     918248 total
- age   3:     241752 bytes,    1160000 total
: 17094K->1135K(18624K), 0.0025134 secs] 33276K->17318K(83392K), 0.0026443 secs] [Times: user=0.01 sys=0.01, real=0.00 secs] 
31.151: [GC 31.151: [ParNew
Desired survivor size 1343488 bytes, new threshold 4 (max 4)
- age   1:     461592 bytes,     461592 total
- age   2:     382240 bytes,     843832 total
- age   3:     292184 bytes,    1136016 total
- age   4:     241752 bytes,    1377768 total
: 17105K->1347K(18624K), 0.0019192 secs] 33288K->17530K(83392K), 0.0020210 secs] [Times: user=0.00 sys=0.00, real=0.01 secs] 
31.171: [GC 31.171: [ParNew
Desired survivor size 1343488 bytes, new threshold 2 (max 4)
- age   1:    1012032 bytes,    1012032 total
- age   2:     375160 bytes,    1387192 total
- age   3:     265360 bytes,    1652552 total
- age   4:     292184 bytes,    1944736 total
: 17316K->1902K(18624K), 0.0045462 secs] 33498K->18321K(83392K), 0.0046420 secs] [Times: user=0.00 sys=0.00, real=0.01 secs] 
31.189: [GC 31.189: [ParNew
Desired survivor size 1343488 bytes, new threshold 4 (max 4)
- age   1:     373880 bytes,     373880 total
- age   2:     861496 bytes,    1235376 total
: 17899K->1208K(18624K), 0.0035366 secs] 34317K->18322K(83392K), 0.0036218 secs] [Times: user=0.01 sys=0.01, real=0.01 secs] 
31.208: [GC 31.208: [ParNew
Desired survivor size 1343488 bytes, new threshold 1 (max 4)
- age   1:    1446120 bytes,    1446120 total
- age   2:     214712 bytes,    1660832 total
- age   3:     861496 bytes,    2522328 total
: 17168K->2463K(18624K), 0.0025484 secs] 34283K->19578K(83392K), 0.0026867 secs] [Times: user=0.01 sys=0.00, real=0.00 secs] 
31.227: [GC 31.228: [ParNew
Desired survivor size 1343488 bytes, new threshold 4 (max 4)
- age   1:     410056 bytes,     410056 total
: 18425K->404K(18624K), 0.0027473 secs] 35539K->19390K(83392K), 0.0028715 secs] [Times: user=0.01 sys=0.00, real=0.00 secs] 
31.244: [GC 31.244: [ParNew
Desired survivor size 1343488 bytes, new threshold 4 (max 4)
- age   1:     449120 bytes,     449120 total
- age   2:     345096 bytes,     794216 total
: 16318K->778K(18624K), 0.0013765 secs] 35303K->19764K(83392K), 0.0014600 secs] [Times: user=0.00 sys=0.00, real=0.00 secs] 
31.258: [GC 31.258: [ParNew
Desired survivor size 1343488 bytes, new threshold 4 (max 4)
- age   1:     128688 bytes,     128688 total
- age   2:     383240 bytes,     511928 total
- age   3:     345096 bytes,     857024 total
: 16751K->848K(18624K), 0.0018215 secs] 35736K->19834K(83392K), 0.0019348 secs] [Times: user=0.00 sys=0.00, real=0.00 secs] 
31.272: [GC 31.272: [ParNew
Desired survivor size 1343488 bytes, new threshold 4 (max 4)
- age   1:     302736 bytes,     302736 total
- age   2:      69056 bytes,     371792 total
- age   3:     383240 bytes,     755032 total
- age   4:     345096 bytes,    1100128 total
: 16806K->1085K(18624K), 0.0017279 secs] 35792K->20070K(83392K), 0.0018120 secs] [Times: user=0.00 sys=0.00, real=0.00 secs] 
31.287: [GC 31.288: [ParNew
Desired survivor size 1343488 bytes, new threshold 4 (max 4)
- age   1:     444392 bytes,     444392 total
- age   2:     175992 bytes,     620384 total
- age   3:      69056 bytes,     689440 total
- age   4:       4240 bytes,     693680 total
: 17085K->685K(18624K), 0.0013437 secs] 36070K->19792K(83392K), 0.0014216 secs] [Times: user=0.00 sys=0.00, real=0.00 secs] 
31.303: [GC 31.303: [ParNew
Desired survivor size 1343488 bytes, new threshold 4 (max 4)
- age   1:     151032 bytes,     151032 total
- age   2:     379120 bytes,     530152 total
- age   3:     175960 bytes,     706112 total
: 16594K->694K(18624K), 0.0014161 secs] 35701K->19805K(83392K), 0.0015049 secs] [Times: user=0.00 sys=0.00, real=0.00 secs] 
31.318: [GC 31.319: [ParNew
Desired survivor size 1343488 bytes, new threshold 4 (max 4)
- age   1:     325936 bytes,     325936 total
- age   2:       5568 bytes,     331504 total
- age   3:     379120 bytes,     710624 total
- age   4:     175960 bytes,     886584 total
: 16691K->870K(18624K), 0.0022744 secs] 35803K->19981K(83392K), 0.0023724 secs] [Times: user=0.01 sys=0.00, real=0.00 secs] 
31.332: [GC 31.332: [ParNew
Desired survivor size 1343488 bytes, new threshold 4 (max 4)
- age   1:     155912 bytes,     155912 total
- age   2:      89000 bytes,     244912 total
- age   3:       5456 bytes,     250368 total
- age   4:     379120 bytes,     629488 total
: 16855K->621K(18624K), 0.0018457 secs] 35967K->19904K(83392K), 0.0019483 secs] [Times: user=0.00 sys=0.01, real=0.00 secs] 
31.346: [GC 31.346: [ParNew
Desired survivor size 1343488 bytes, new threshold 4 (max 4)
- age   1:     152752 bytes,     152752 total
- age   2:      64992 bytes,     217744 total
- age   3:      89000 bytes,     306744 total
- age   4:       5456 bytes,     312200 total
: 16593K->322K(18624K), 0.0014975 secs] 35876K->19975K(83392K), 0.0015797 secs] [Times: user=0.00 sys=0.00, real=0.00 secs] 
31.359: [GC 31.360: [ParNew
Desired survivor size 1343488 bytes, new threshold 4 (max 4)
- age   1:     574392 bytes,     574392 total
- age   2:      40096 bytes,     614488 total
- age   3:      64992 bytes,     679480 total
- age   4:      89000 bytes,     768480 total
: 16286K->761K(18624K), 0.0014007 secs] 35939K->20419K(83392K), 0.0014880 secs] [Times: user=0.00 sys=0.00, real=0.00 secs] 
31.372: [GC 31.372: [ParNew
Desired survivor size 1343488 bytes, new threshold 4 (max 4)
- age   1:     299696 bytes,     299696 total
- age   2:     456152 bytes,     755848 total
- age   3:      40096 bytes,     795944 total
- age   4:      64992 bytes,     860936 total
: 16749K->849K(18624K), 0.0018238 secs] 36408K->20595K(83392K), 0.0020083 secs] [Times: user=0.00 sys=0.00, real=0.00 secs] 
31.387: [GC 31.387: [ParNew
Desired survivor size 1343488 bytes, new threshold 4 (max 4)
- age   1:     463056 bytes,     463056 total
- age   2:       1904 bytes,     464960 total
- age   3:     250288 bytes,     715248 total
- age   4:      40096 bytes,     755344 total
: 16812K->738K(18624K), 0.0019655 secs] 36557K->20547K(83392K), 0.0020991 secs] [Times: user=0.00 sys=0.00, real=0.00 secs] 
31.399: [GC 31.399: [ParNew
Desired survivor size 1343488 bytes, new threshold 4 (max 4)
- age   1:     625600 bytes,     625600 total
- age   2:     192536 bytes,     818136 total
- age   3:       1904 bytes,     820040 total
- age   4:     250288 bytes,    1070328 total
: 16672K->1048K(18624K), 0.0018302 secs] 36481K->20896K(83392K), 0.0019274 secs] [Times: user=0.01 sys=0.00, real=0.00 secs] 
31.413: [GC 31.413: [ParNew
Desired survivor size 1343488 bytes, new threshold 2 (max 4)
- age   1:     882920 bytes,     882920 total
- age   2:     540552 bytes,    1423472 total
- age   3:     161624 bytes,    1585096 total
- age   4:       1904 bytes,    1587000 total
: 16988K->1553K(18624K), 0.0025436 secs] 36837K->21645K(83392K), 0.0026472 secs] [Times: user=0.01 sys=0.00, real=0.00 secs] 
31.427: [GC 31.427: [ParNew
Desired survivor size 1343488 bytes, new threshold 4 (max 4)
- age   1:     530488 bytes,     530488 total
- age   2:     535952 bytes,    1066440 total
: 17529K->1045K(18624K), 0.0020830 secs] 37621K->21667K(83392K), 0.0021755 secs] [Times: user=0.00 sys=0.00, real=0.00 secs] 
31.442: [GC 31.442: [ParNew
Desired survivor size 1343488 bytes, new threshold 4 (max 4)
- age   1:     524840 bytes,     524840 total
- age   2:     449664 bytes,     974504 total
- age   3:     280048 bytes,    1254552 total
: 16982K->1228K(18624K), 0.0017502 secs] 37604K->21851K(83392K), 0.0018433 secs] [Times: user=0.00 sys=0.00, real=0.00 secs] 
31.456: [GC 31.456: [ParNew
Desired survivor size 1343488 bytes, new threshold 2 (max 4)
- age   1:     920384 bytes,     920384 total
- age   2:     438400 bytes,    1358784 total
- age   3:     121464 bytes,    1480248 total
- age   4:     262648 bytes,    1742896 total
: 17199K->1705K(18624K), 0.0021178 secs] 37822K->22327K(83392K), 0.0022138 secs] [Times: user=0.01 sys=0.00, real=0.00 secs] 
31.471: [GC 31.471: [ParNew
Desired survivor size 1343488 bytes, new threshold 4 (max 4)
- age   1:     504912 bytes,     504912 total
- age   2:     474296 bytes,     979208 total
: 17638K->960K(18624K), 0.0027061 secs] 38261K->22267K(83392K), 0.0028140 secs] [Times: user=0.00 sys=0.00, real=0.01 secs] 
31.485: [GC 31.485: [ParNew
Desired survivor size 1343488 bytes, new threshold 1 (max 4)
- age   1:    1506160 bytes,    1506160 total
- age   2:     251112 bytes,    1757272 total
- age   3:     301760 bytes,    2059032 total
: 16946K->2014K(18624K), 0.0045944 secs] 38253K->23321K(83392K), 0.0046904 secs] [Times: user=0.00 sys=0.00, real=0.00 secs] 
31.501: [GC 31.501: [ParNew
Desired survivor size 1343488 bytes, new threshold 4 (max 4)
- age   1:     395960 bytes,     395960 total
: 18012K->390K(18624K), 0.0028419 secs] 39319K->23580K(83392K), 0.0029608 secs] [Times: user=0.01 sys=0.00, real=0.01 secs] 
31.517: [GC 31.517: [ParNew
Desired survivor size 1343488 bytes, new threshold 4 (max 4)
- age   1:     385184 bytes,     385184 total
- age   2:     284152 bytes,     669336 total
: 16376K->655K(18624K), 0.0020157 secs] 39567K->23845K(83392K), 0.0020949 secs] [Times: user=0.00 sys=0.00, real=0.00 secs] 
31.532: [GC 31.532: [ParNew
Desired survivor size 1343488 bytes, new threshold 4 (max 4)
- age   1:     305520 bytes,     305520 total
- age   2:     301760 bytes,     607280 total
- age   3:     284152 bytes,     891432 total
: 16630K->873K(18624K), 0.0012800 secs] 39821K->24064K(83392K), 0.0013586 secs] [Times: user=0.00 sys=0.00, real=0.00 secs] 
31.547: [GC 31.547: [ParNew
Desired survivor size 1343488 bytes, new threshold 4 (max 4)
- age   1:     402856 bytes,     402856 total
- age   2:     264944 bytes,     667800 total
- age   3:     301760 bytes,     969560 total
- age   4:     284152 bytes,    1253712 total
: 16858K->1225K(18624K), 0.0024043 secs] 40048K->24416K(83392K), 0.0025553 secs] [Times: user=0.00 sys=0.00, real=0.00 secs] 
31.562: [GC 31.562: [ParNew
Desired survivor size 1343488 bytes, new threshold 2 (max 4)
- age   1:    1265688 bytes,    1265688 total
- age   2:     280296 bytes,    1545984 total
- age   4:     301760 bytes,    1847744 total
: 17217K->1807K(18624K), 0.0027946 secs] 40408K->25275K(83392K), 0.0028969 secs] [Times: user=0.00 sys=0.00, real=0.01 secs] 
31.576: [GC 31.576: [ParNew
Desired survivor size 1343488 bytes, new threshold 2 (max 4)
- age   1:     308432 bytes,     308432 total
- age   2:    1157440 bytes,    1465872 total
: 17792K->1434K(18624K), 0.0027987 secs] 41260K->25433K(83392K), 0.0029130 secs] [Times: user=0.00 sys=0.00, real=0.00 secs] 
31.591: [GC 31.591: [ParNew
Desired survivor size 1343488 bytes, new threshold 4 (max 4)
- age   1:     765240 bytes,     765240 total
- age   2:     195488 bytes,     960728 total
: 17365K->942K(18624K), 0.0026438 secs] 41363K->26070K(83392K), 0.0027392 secs] [Times: user=0.01 sys=0.00, real=0.01 secs] 
31.605: [GC 31.605: [ParNew
Desired survivor size 1343488 bytes, new threshold 4 (max 4)
- age   1:     105080 bytes,     105080 total
- age   2:     698848 bytes,     803928 total
- age   3:     195448 bytes,     999376 total
: 16929K->979K(18624K), 0.0016658 secs] 42057K->26108K(83392K), 0.0017872 secs] [Times: user=0.00 sys=0.00, real=0.00 secs] 
31.618: [GC 31.618: [ParNew
Desired survivor size 1343488 bytes, new threshold 3 (max 4)
- age   1:     598944 bytes,     598944 total
- age   2:      71464 bytes,     670408 total
- age   3:     698848 bytes,    1369256 total
- age   4:     156248 bytes,    1525504 total
: 16936K->1493K(18624K), 0.0023267 secs] 42064K->26621K(83392K), 0.0024609 secs] [Times: user=0.00 sys=0.00, real=0.00 secs] 
31.638: [GC 31.638: [ParNew
Desired survivor size 1343488 bytes, new threshold 4 (max 4)
- age   1:     760128 bytes,     760128 total
- age   2:     194712 bytes,     954840 total
- age   3:      71464 bytes,    1026304 total
: 17457K->1004K(18624K), 0.0023458 secs] 42586K->26968K(83392K), 0.0024430 secs] [Times: user=0.00 sys=0.00, real=0.00 secs] 
31.653: [GC 31.653: [ParNew
Desired survivor size 1343488 bytes, new threshold 2 (max 4)
- age   1:     798768 bytes,     798768 total
- age   2:     679848 bytes,    1478616 total
- age   3:     194712 bytes,    1673328 total
- age   4:      71464 bytes,    1744792 total
: 16955K->1706K(18624K), 0.0024070 secs] 42919K->27669K(83392K), 0.0025078 secs] [Times: user=0.00 sys=0.00, real=0.00 secs] 
31.668: [GC 31.668: [ParNew
Desired survivor size 1343488 bytes, new threshold 4 (max 4)
- age   1:     177680 bytes,     177680 total
- age   2:     715032 bytes,     892712 total
: 17673K->875K(18624K), 0.0022933 secs] 43637K->27610K(83392K), 0.0024115 secs] [Times: user=0.01 sys=0.00, real=0.00 secs] 
31.683: [GC 31.683: [ParNew
Desired survivor size 1343488 bytes, new threshold 4 (max 4)
- age   1:     369568 bytes,     369568 total
- age   2:      85328 bytes,     454896 total
- age   3:     715032 bytes,    1169928 total
: 16847K->1146K(18624K), 0.0017358 secs] 43581K->27880K(83392K), 0.0018422 secs] [Times: user=0.00 sys=0.00, real=0.00 secs] 
31.698: [GC 31.698: [ParNew
Desired survivor size 1343488 bytes, new threshold 4 (max 4)
- age   1:     715104 bytes,     715104 total
- age   2:     369568 bytes,    1084672 total
- age   3:      85328 bytes,    1170000 total
- age   4:     279608 bytes,    1449608 total
: 17123K->1419K(18624K), 0.0021052 secs] 43858K->28153K(83392K), 0.0022105 secs] [Times: user=0.00 sys=0.00, real=0.00 secs] 
31.717: [GC 31.718: [ParNew
Desired survivor size 1343488 bytes, new threshold 4 (max 4)
- age   1:     228584 bytes,     228584 total
- age   2:     542296 bytes,     770880 total
- age   4:      85328 bytes,     856208 total
: 17419K->837K(18624K), 0.0021201 secs] 44153K->27845K(83392K), 0.0022038 secs] [Times: user=0.01 sys=0.00, real=0.00 secs] 
31.738: [GC 31.738: [ParNew
Desired survivor size 1343488 bytes, new threshold 4 (max 4)
- age   1:     743808 bytes,     743808 total
- age   2:       5896 bytes,     749704 total
- age   3:     542256 bytes,    1291960 total
: 16827K->1265K(18624K), 0.0020405 secs] 43834K->28356K(83392K), 0.0021683 secs] [Times: user=0.00 sys=0.00, real=0.00 secs] 
31.752: [GC 31.752: [ParNew
Desired survivor size 1343488 bytes, new threshold 4 (max 4)
- age   1:     295496 bytes,     295496 total
- age   2:     731936 bytes,    1027432 total
- age   3:       5680 bytes,    1033112 total
- age   4:     407336 bytes,    1440448 total
: 17238K->1412K(18624K), 0.0021457 secs] 44329K->28503K(83392K), 0.0022462 secs] [Times: user=0.00 sys=0.00, real=0.00 secs] 
31.770: [GC 31.770: [ParNew
Desired survivor size 1343488 bytes, new threshold 4 (max 4)
- age   1:     441912 bytes,     441912 total
- age   2:     242152 bytes,     684064 total
- age   3:     569056 bytes,    1253120 total
- age   4:       5680 bytes,    1258800 total
: 17352K->1240K(18624K), 0.0019662 secs] 44443K->28406K(83392K), 0.0020537 secs] [Times: user=0.00 sys=0.00, real=0.01 secs] 
31.784: [GC 31.785: [ParNew
Desired survivor size 1343488 bytes, new threshold 4 (max 4)
- age   1:     601264 bytes,     601264 total
- age   2:     360400 bytes,     961664 total
- age   3:     106424 bytes,    1068088 total
- age   4:     335808 bytes,    1403896 total
: 17176K->1387K(18624K), 0.0027574 secs] 44341K->28558K(83392K), 0.0028736 secs] [Times: user=0.01 sys=0.00, real=0.00 secs] 
31.804: [GC 31.804: [ParNew
Desired survivor size 1343488 bytes, new threshold 4 (max 4)
- age   1:     266352 bytes,     266352 total
- age   2:     362920 bytes,     629272 total
- age   3:     359632 bytes,     988904 total
- age   4:     106424 bytes,    1095328 total
: 17374K->1082K(18624K), 0.0019781 secs] 44544K->28581K(83392K), 0.0020940 secs] [Times: user=0.00 sys=0.00, real=0.00 secs] 
31.818: [GC 31.818: [ParNew
Desired survivor size 1343488 bytes, new threshold 4 (max 4)
- age   1:     131168 bytes,     131168 total
- age   2:     250704 bytes,     381872 total
- age   3:     362920 bytes,     744792 total
- age   4:     169232 bytes,     914024 total
: 17082K->904K(18624K), 0.0019958 secs] 44581K->28507K(83392K), 0.0021147 secs] [Times: user=0.00 sys=0.00, real=0.00 secs] 
31.833: [GC 31.833: [ParNew
Desired survivor size 1343488 bytes, new threshold 4 (max 4)
- age   1:     374640 bytes,     374640 total
- age   2:      76416 bytes,     451056 total
- age   3:      82736 bytes,     533792 total
- age   4:     362920 bytes,     896712 total
: 16892K->886K(18624K), 0.0018225 secs] 44495K->28543K(83392K), 0.0019128 secs] [Times: user=0.01 sys=0.00, real=0.00 secs] 
31.848: [GC 31.848: [ParNew
Desired survivor size 1343488 bytes, new threshold 4 (max 4)
- age   1:     172424 bytes,     172424 total
- age   2:     180304 bytes,     352728 total
- age   3:      76416 bytes,     429144 total
- age   4:      82736 bytes,     511880 total
: 16886K->507K(18624K), 0.0017046 secs] 44543K->28520K(83392K), 0.0017986 secs] [Times: user=0.00 sys=0.00, real=0.00 secs] 
31.861: [GC 31.861: [ParNew
Desired survivor size 1343488 bytes, new threshold 4 (max 4)
- age   1:     653192 bytes,     653192 total
- age   2:     159752 bytes,     812944 total
- age   3:      67624 bytes,     880568 total
- age   4:       2808 bytes,     883376 total
: 16498K->877K(18624K), 0.0015976 secs] 44510K->28901K(83392K), 0.0016939 secs] [Times: user=0.00 sys=0.00, real=0.01 secs] 
31.873: [GC 31.873: [ParNew
Desired survivor size 1343488 bytes, new threshold 4 (max 4)
- age   1:     360376 bytes,     360376 total
- age   2:     538624 bytes,     899000 total
- age   3:     159912 bytes,    1058912 total
- age   4:       7904 bytes,    1066816 total
: 16818K->1073K(18624K), 0.0020627 secs] 44842K->29100K(83392K), 0.0021614 secs] [Times: user=0.01 sys=0.00, real=0.00 secs] 
31.887: [GC 31.887: [ParNew
Desired survivor size 1343488 bytes, new threshold 4 (max 4)
- age   1:     514088 bytes,     514088 total
- age   2:     173784 bytes,     687872 total
- age   3:     538624 bytes,    1226496 total
- age   4:     159792 bytes,    1386288 total
: 17014K->1370K(18624K), 0.0021198 secs] 45041K->29405K(83392K), 0.0023155 secs] [Times: user=0.00 sys=0.00, real=0.00 secs] 
31.902: [GC 31.902: [ParNew
Desired survivor size 1343488 bytes, new threshold 4 (max 4)
- age   1:     284256 bytes,     284256 total
- age   2:     448704 bytes,     732960 total
- age   3:        200 bytes,     733160 total
- age   4:     538624 bytes,    1271784 total
: 17356K->1249K(18624K), 0.0021532 secs] 45391K->29435K(83392K), 0.0022889 secs] [Times: user=0.00 sys=0.00, real=0.00 secs] 
31.917: [GC 31.917: [ParNew
Desired survivor size 1343488 bytes, new threshold 4 (max 4)
- age   1:     302664 bytes,     302664 total
- age   2:     132672 bytes,     435336 total
- age   3:     448704 bytes,     884040 total
- age   4:        200 bytes,     884240 total
: 17243K->865K(18624K), 0.0017981 secs] 45430K->29288K(83392K), 0.0019078 secs] [Times: user=0.01 sys=0.00, real=0.00 secs] 
31.931: [GC 31.931: [ParNew
Desired survivor size 1343488 bytes, new threshold 4 (max 4)
- age   1:     908568 bytes,     908568 total
- age   2:     224680 bytes,    1133248 total
- age   3:      70352 bytes,    1203600 total
- age   4:     150520 bytes,    1354120 total
: 16808K->1324K(18624K), 0.0018728 secs] 45232K->29747K(83392K), 0.0019743 secs] [Times: user=0.01 sys=0.00, real=0.01 secs] 
31.945: [GC 31.945: [ParNew
Desired survivor size 1343488 bytes, new threshold 4 (max 4)
- age   1:     301024 bytes,     301024 total
- age   2:     764344 bytes,    1065368 total
- age   3:      67160 bytes,    1132528 total
- age   4:       3128 bytes,    1135656 total
: 17324K->1111K(18624K), 0.0018859 secs] 45747K->29681K(83392K), 0.0019851 secs] [Times: user=0.00 sys=0.00, real=0.00 secs] 
31.963: [GC 31.963: [ParNew
Desired survivor size 1343488 bytes, new threshold 4 (max 4)
- age   1:     122888 bytes,     122888 total
- age   2:     130424 bytes,     253312 total
- age   3:     408896 bytes,     662208 total
- age   4:      67160 bytes,     729368 total
: 17092K->715K(18624K), 0.0013743 secs] 45663K->29288K(83392K), 0.0014666 secs] [Times: user=0.00 sys=0.00, real=0.00 secs] 
31.977: [GC 31.977: [ParNew
Desired survivor size 1343488 bytes, new threshold 4 (max 4)
- age   1:     451792 bytes,     451792 total
- age   2:      90864 bytes,     542656 total
- age   3:     130424 bytes,     673080 total
- age   4:     408896 bytes,    1081976 total
: 16710K->1059K(18624K), 0.0020112 secs] 45283K->29697K(83392K), 0.0021095 secs] [Times: user=0.00 sys=0.00, real=0.00 secs] 
31.991: [GC 31.991: [ParNew
Desired survivor size 1343488 bytes, new threshold 4 (max 4)
- age   1:     501728 bytes,     501728 total
- age   2:     310248 bytes,     811976 total
- age   3:       5360 bytes,     817336 total
- age   4:     130424 bytes,     947760 total
: 17059K->931K(18624K), 0.0024718 secs] 45697K->29969K(83392K), 0.0025753 secs] [Times: user=0.00 sys=0.00, real=0.01 secs] 
32.010: [GC 32.010: [ParNew
Desired survivor size 1343488 bytes, new threshold 4 (max 4)
- age   1:     593328 bytes,     593328 total
- age   2:     222384 bytes,     815712 total
- age   3:     211648 bytes,    1027360 total
- age   4:       5360 bytes,    1032720 total
: 16917K->1014K(18624K), 0.0017888 secs] 45955K->30179K(83392K), 0.0018710 secs] [Times: user=0.01 sys=0.00, real=0.01 secs] 
32.024: [GC 32.024: [ParNew
Desired survivor size 1343488 bytes, new threshold 3 (max 4)
- age   1:     771928 bytes,     771928 total
- age   2:     426560 bytes,    1198488 total
- age   3:     222384 bytes,    1420872 total
- age   4:     211648 bytes,    1632520 total
: 16988K->1605K(18624K), 0.0027129 secs] 46153K->30775K(83392K), 0.0029920 secs] [Times: user=0.00 sys=0.00, real=0.00 secs] 
32.038: [GC 32.038: [ParNew
Desired survivor size 1343488 bytes, new threshold 4 (max 4)
- age   1:     268736 bytes,     268736 total
- age   2:     739728 bytes,    1008464 total
- age   3:     216800 bytes,    1225264 total
: 17598K->1211K(18624K), 0.0021947 secs] 46768K->30807K(83392K), 0.0022785 secs] [Times: user=0.00 sys=0.00, real=0.00 secs] 
32.053: [GC 32.053: [ParNew
Desired survivor size 1343488 bytes, new threshold 4 (max 4)
- age   1:     262808 bytes,     262808 total
- age   2:     246624 bytes,     509432 total
- age   3:     447496 bytes,     956928 total
- age   4:     216800 bytes,    1173728 total
: 17188K->1151K(18624K), 0.0016885 secs] 46784K->30747K(83392K), 0.0018356 secs] [Times: user=0.01 sys=0.00, real=0.00 secs] 
32.067: [GC 32.067: [ParNew
Desired survivor size 1343488 bytes, new threshold 4 (max 4)
- age   1:     287088 bytes,     287088 total
- age   2:     154856 bytes,     441944 total
- age   3:     246624 bytes,     688568 total
- age   4:     233752 bytes,     922320 total
: 17147K->909K(18624K), 0.0016187 secs] 46743K->30717K(83392K), 0.0017294 secs] [Times: user=0.00 sys=0.00, real=0.00 secs] 
32.082: [GC 32.083: [ParNew
Desired survivor size 1343488 bytes, new threshold 4 (max 4)
- age   1:     244088 bytes,     244088 total
- age   2:     241456 bytes,     485544 total
- age   4:     123232 bytes,     608776 total
: 16872K->598K(18624K), 0.0019141 secs] 46680K->30634K(83392K), 0.0019945 secs] [Times: user=0.00 sys=0.00, real=0.00 secs] 
32.097: [GC 32.097: [ParNew
Desired survivor size 1343488 bytes, new threshold 4 (max 4)
- age   1:     490288 bytes,     490288 total
- age   2:     220400 bytes,     710688 total
- age   3:     241456 bytes,     952144 total
: 16543K->933K(18624K), 0.0019307 secs] 46579K->31089K(83392K), 0.0021250 secs] [Times: user=0.00 sys=0.00, real=0.00 secs] 
32.111: [GC 32.111: [ParNew
Desired survivor size 1343488 bytes, new threshold 4 (max 4)
- age   1:     387120 bytes,     387120 total
- age   2:     452680 bytes,     839800 total
- age   3:      77928 bytes,     917728 total
- age   4:     241456 bytes,    1159184 total
: 16917K->1132K(18624K), 0.0024446 secs] 47074K->31288K(83392K), 0.0025487 secs] [Times: user=0.01 sys=0.00, real=0.01 secs] 
32.125: [GC 32.125: [ParNew
Desired survivor size 1343488 bytes, new threshold 4 (max 4)
- age   1:     273648 bytes,     273648 total
- age   2:     299680 bytes,     573328 total
- age   3:     399928 bytes,     973256 total
: 17088K->953K(18624K), 0.0023152 secs] 47244K->31346K(83392K), 0.0024399 secs] [Times: user=0.01 sys=0.00, real=0.00 secs] 
32.140: [GC 32.140: [ParNew
Desired survivor size 1343488 bytes, new threshold 4 (max 4)
- age   1:     197800 bytes,     197800 total
- age   2:      51888 bytes,     249688 total
- age   3:     248720 bytes,     498408 total
- age   4:     399816 bytes,     898224 total
: 16947K->879K(18624K), 0.0014784 secs] 47339K->31271K(83392K), 0.0015582 secs] [Times: user=0.00 sys=0.00, real=0.00 secs] 
32.152: [GC 32.152: [ParNew
Desired survivor size 1343488 bytes, new threshold 4 (max 4)
- age   1:     265048 bytes,     265048 total
- age   2:      87800 bytes,     352848 total
- age   3:      51888 bytes,     404736 total
- age   4:     149992 bytes,     554728 total
: 16868K->542K(18624K), 0.0022284 secs] 47260K->31324K(83392K), 0.0023285 secs] [Times: user=0.00 sys=0.00, real=0.00 secs] 
32.166: [GC 32.166: [ParNew
Desired survivor size 1343488 bytes, new threshold 4 (max 4)
- age   1:     910160 bytes,     910160 total
- age   2:      27040 bytes,     937200 total
- age   3:      87800 bytes,    1025000 total
- age   4:      51888 bytes,    1076888 total
: 16527K->1058K(18624K), 0.0019885 secs] 47309K->31987K(83392K), 0.0020864 secs] [Times: user=0.00 sys=0.00, real=0.00 secs] 
32.179: [GC 32.179: [ParNew
Desired survivor size 1343488 bytes, new threshold 4 (max 4)
- age   1:     544704 bytes,     544704 total
- age   2:     634296 bytes,    1179000 total
- age   3:      27040 bytes,    1206040 total
- age   4:      87800 bytes,    1293840 total
: 17042K->1266K(18624K), 0.0021912 secs] 47971K->32246K(83392K), 0.0023186 secs] [Times: user=0.01 sys=0.00, real=0.00 secs] 
32.194: [GC 32.194: [ParNew
Desired survivor size 1343488 bytes, new threshold 4 (max 4)
- age   1:     313824 bytes,     313824 total
- age   2:     383008 bytes,     696832 total
- age   3:     594976 bytes,    1291808 total
- age   4:      27040 bytes,    1318848 total
: 17261K->1293K(18624K), 0.0022957 secs] 48241K->32358K(83392K), 0.0024463 secs] [Times: user=0.00 sys=0.00, real=0.00 secs] 
32.208: [GC 32.208: [ParNew
Desired survivor size 1343488 bytes, new threshold 3 (max 4)
- age   1:     916016 bytes,     916016 total
- age   2:     245624 bytes,    1161640 total
- age   3:     383008 bytes,    1544648 total
- age   4:     594976 bytes,    2139624 total
: 17253K->2092K(18624K), 0.0028303 secs] 48318K->33158K(83392K), 0.0029379 secs] [Times: user=0.00 sys=0.00, real=0.00 secs] 
32.222: [GC 32.222: [ParNew
Desired survivor size 1343488 bytes, new threshold 4 (max 4)
- age   1:     399744 bytes,     399744 total
- age   2:     644848 bytes,    1044592 total
- age   3:     107840 bytes,    1152432 total
: 18082K->1128K(18624K), 0.0025054 secs] 49147K->32955K(83392K), 0.0026280 secs] [Times: user=0.01 sys=0.00, real=0.00 secs] 
32.237: [GC 32.237: [ParNew
Desired survivor size 1343488 bytes, new threshold 4 (max 4)
- age   1:     678616 bytes,     678616 total
- age   2:     273160 bytes,     951776 total
- age   3:     345784 bytes,    1297560 total
- age   4:     107840 bytes,    1405400 total
: 17115K->1375K(18624K), 0.0028860 secs] 48941K->33202K(83392K), 0.0029864 secs] [Times: user=0.00 sys=0.00, real=0.00 secs] 
32.251: [GC 32.251: [ParNew
Desired survivor size 1343488 bytes, new threshold 4 (max 4)
- age   1:     417784 bytes,     417784 total
- age   2:     530552 bytes,     948336 total
- age   3:     273160 bytes,    1221496 total
- age   4:     217960 bytes,    1439456 total
: 17357K->1409K(18624K), 0.0020797 secs] 49184K->33340K(83392K), 0.0021823 secs] [Times: user=0.00 sys=0.00, real=0.01 secs] 
32.264: [GC 32.264: [ParNew
Desired survivor size 1343488 bytes, new threshold 3 (max 4)
- age   1:     580328 bytes,     580328 total
- age   2:     261872 bytes,     842200 total
- age   3:     530552 bytes,    1372752 total
- age   4:     273160 bytes,    1645912 total
: 17397K->1610K(18624K), 0.0023642 secs] 49328K->33755K(83392K), 0.0024960 secs] [Times: user=0.01 sys=0.00, real=0.00 secs] 
32.281: [GC 32.281: [ParNew
Desired survivor size 1343488 bytes, new threshold 4 (max 4)
- age   1:     474096 bytes,     474096 total
- age   2:     230104 bytes,     704200 total
- age   3:     107032 bytes,     811232 total
: 17591K->794K(18624K), 0.0022636 secs] 49735K->33724K(83392K), 0.0023659 secs] [Times: user=0.00 sys=0.00, real=0.01 secs] 
32.297: [GC 32.297: [ParNew
Desired survivor size 1343488 bytes, new threshold 4 (max 4)
- age   1:     432584 bytes,     432584 total
- age   2:     435328 bytes,     867912 total
- age   3:     230104 bytes,    1098016 total
: 16771K->1075K(18624K), 0.0018095 secs] 49701K->34004K(83392K), 0.0019188 secs] [Times: user=0.00 sys=0.00, real=0.00 secs] 
32.310: [GC 32.310: [ParNew
Desired survivor size 1343488 bytes, new threshold 4 (max 4)
- age   1:     542088 bytes,     542088 total
- age   2:     381416 bytes,     923504 total
- age   3:      37472 bytes,     960976 total
- age   4:     230104 bytes,    1191080 total
: 17037K->1165K(18624K), 0.0017632 secs] 49966K->34095K(83392K), 0.0018547 secs] [Times: user=0.00 sys=0.00, real=0.00 secs] 
32.326: [GC 32.326: [ParNew
Desired survivor size 1343488 bytes, new threshold 4 (max 4)
- age   1:     384992 bytes,     384992 total
- age   2:     290368 bytes,     675360 total
- age   3:     381416 bytes,    1056776 total
- age   4:        120 bytes,    1056896 total
: 17125K->1034K(18624K), 0.0017715 secs] 50054K->34188K(83392K), 0.0018842 secs] [Times: user=0.00 sys=0.00, real=0.00 secs] 
32.339: [GC 32.339: [ParNew
Desired survivor size 1343488 bytes, new threshold 4 (max 4)
- age   1:     358536 bytes,     358536 total
- age   2:     271456 bytes,     629992 total
- age   3:      56480 bytes,     686472 total
- age   4:     334584 bytes,    1021056 total
: 16996K->1004K(18624K), 0.0024291 secs] 50151K->34158K(83392K), 0.0025326 secs] [Times: user=0.00 sys=0.00, real=0.01 secs] 
32.352: [GC 32.353: [ParNew
Desired survivor size 1343488 bytes, new threshold 4 (max 4)
- age   1:     885560 bytes,     885560 total
- age   3:     103160 bytes,     988720 total
- age   4:      56480 bytes,    1045200 total
: 16938K->1029K(18624K), 0.0022764 secs] 50092K->34418K(83392K), 0.0024449 secs] [Times: user=0.00 sys=0.00, real=0.00 secs] 
32.366: [GC 32.366: [ParNew
Desired survivor size 1343488 bytes, new threshold 4 (max 4)
- age   1:     280504 bytes,     280504 total
- age   2:     832200 bytes,    1112704 total
- age   4:     103160 bytes,    1215864 total
: 17001K->1193K(18624K), 0.0021610 secs] 50390K->34637K(83392K), 0.0022633 secs] [Times: user=0.01 sys=0.00, real=0.00 secs] 
32.381: [GC 32.381: [ParNew
Desired survivor size 1343488 bytes, new threshold 4 (max 4)
- age   1:     324760 bytes,     324760 total
- age   2:     106632 bytes,     431392 total
- age   3:     832200 bytes,    1263592 total
: 17150K->1241K(18624K), 0.0019045 secs] 50595K->34693K(83392K), 0.0019938 secs] [Times: user=0.00 sys=0.00, real=0.01 secs] 
32.394: [GC 32.394: [ParNew
Desired survivor size 1343488 bytes, new threshold 4 (max 4)
- age   1:     840320 bytes,     840320 total
- age   2:     208200 bytes,    1048520 total
- age   3:     106632 bytes,    1155152 total
- age   4:     270240 bytes,    1425392 total
: 17240K->1394K(18624K), 0.0022106 secs] 50693K->34846K(83392K), 0.0023261 secs] [Times: user=0.00 sys=0.00, real=0.00 secs] 
32.409: [GC 32.409: [ParNew
Desired survivor size 1343488 bytes, new threshold 4 (max 4)
- age   1:     420992 bytes,     420992 total
- age   2:     675424 bytes,    1096416 total
- age   3:      63288 bytes,    1159704 total
- age   4:     106632 bytes,    1266336 total
: 17372K->1239K(18624K), 0.0020417 secs] 50825K->34897K(83392K), 0.0021364 secs] [Times: user=0.00 sys=0.00, real=0.00 secs] 
32.423: [GC 32.423: [ParNew
Desired survivor size 1343488 bytes, new threshold 4 (max 4)
- age   1:     471144 bytes,     471144 total
- age   2:     122888 bytes,     594032 total
- age   3:     360984 bytes,     955016 total
- age   4:      63288 bytes,    1018304 total
: 17115K->997K(18624K), 0.0020665 secs] 50774K->34760K(83392K), 0.0022780 secs] [Times: user=0.01 sys=0.00, real=0.00 secs] 
32.438: [GC 32.438: [ParNew
Desired survivor size 1343488 bytes, new threshold 4 (max 4)
- age   1:     628608 bytes,     628608 total
- age   2:     220488 bytes,     849096 total
- age   4:     360952 bytes,    1210048 total
: 16984K->1185K(18624K), 0.0016491 secs] 50746K->35009K(83392K), 0.0017377 secs] [Times: user=0.01 sys=0.00, real=0.00 secs] 
32.453: [GC 32.453: [ParNew
Desired survivor size 1343488 bytes, new threshold 4 (max 4)
- age   1:     497432 bytes,     497432 total
- age   2:     264216 bytes,     761648 total
- age   3:      66376 bytes,     828024 total
: 17141K->812K(18624K), 0.0018563 secs] 50965K->34929K(83392K), 0.0019666 secs] [Times: user=0.00 sys=0.00, real=0.00 secs] 
32.467: [GC 32.467: [ParNew
Desired survivor size 1343488 bytes, new threshold 4 (max 4)
- age   1:     364104 bytes,     364104 total
- age   2:     242096 bytes,     606200 total
- age   3:     102136 bytes,     708336 total
: 16756K->695K(18624K), 0.0013468 secs] 50874K->34812K(83392K), 0.0014366 secs] [Times: user=0.00 sys=0.00, real=0.00 secs] 
32.479: [GC 32.479: [ParNew
Desired survivor size 1343488 bytes, new threshold 4 (max 4)
- age   1:     215696 bytes,     215696 total
- age   2:     122296 bytes,     337992 total
- age   3:     205000 bytes,     542992 total
- age   4:     102136 bytes,     645128 total
: 16692K->633K(18624K), 0.0014442 secs] 50809K->34750K(83392K), 0.0015329 secs] [Times: user=0.00 sys=0.00, real=0.00 secs] 
32.495: [GC 32.495: [ParNew
Desired survivor size 1343488 bytes, new threshold 4 (max 4)
- age   1:     355144 bytes,     355144 total
- age   2:         64 bytes,     355208 total
- age   3:     122296 bytes,     477504 total
- age   4:     167968 bytes,     645472 total
: 16607K->633K(18624K), 0.0015147 secs] 50725K->34851K(83392K), 0.0016188 secs] [Times: user=0.00 sys=0.00, real=0.00 secs] 
32.508: [GC 32.508: [ParNew
Desired survivor size 1343488 bytes, new threshold 4 (max 4)
- age   1:     258904 bytes,     258904 total
- age   2:     246528 bytes,     505432 total
- age   4:      67880 bytes,     573312 total
: 16578K->563K(18624K), 0.0017071 secs] 50795K->34944K(83392K), 0.0018632 secs] [Times: user=0.00 sys=0.01, real=0.00 secs] 
32.520: [GC 32.520: [ParNew
Desired survivor size 1343488 bytes, new threshold 4 (max 4)
- age   1:     127608 bytes,     127608 total
- age   2:      57216 bytes,     184824 total
- age   3:     246528 bytes,     431352 total
: 16486K->424K(18624K), 0.0012881 secs] 50867K->34872K(83392K), 0.0014037 secs] [Times: user=0.00 sys=0.00, real=0.01 secs] 
32.533: [GC 32.533: [ParNew
Desired survivor size 1343488 bytes, new threshold 4 (max 4)
- age   1:     717512 bytes,     717512 total
- age   2:      79880 bytes,     797392 total
- age   3:      57216 bytes,     854608 total
- age   4:     111232 bytes,     965840 total
: 16358K->946K(18624K), 0.0019840 secs] 50805K->35394K(83392K), 0.0023390 secs] [Times: user=0.01 sys=0.00, real=0.00 secs] 
32.549: [GC 32.549: [ParNew
Desired survivor size 1343488 bytes, new threshold 4 (max 4)
- age   1:     343664 bytes,     343664 total
- age   2:     135664 bytes,     479328 total
- age   3:      79880 bytes,     559208 total
- age   4:      57216 bytes,     616424 total
: 16905K->605K(18624K), 0.0013536 secs] 51352K->35161K(83392K), 0.0015484 secs] [Times: user=0.01 sys=0.00, real=0.00 secs] 
32.563: [GC 32.563: [ParNew
Desired survivor size 1343488 bytes, new threshold 4 (max 4)
- age   1:     329576 bytes,     329576 total
- age   2:     210024 bytes,     539600 total
- age   3:     135664 bytes,     675264 total
- age   4:      79880 bytes,     755144 total
: 16596K->741K(18624K), 0.0016608 secs] 51153K->35353K(83392K), 0.0017702 secs] [Times: user=0.01 sys=0.00, real=0.00 secs] 
32.577: [GC 32.577: [ParNew
Desired survivor size 1343488 bytes, new threshold 4 (max 4)
- age   1:     671232 bytes,     671232 total
- age   2:     118712 bytes,     789944 total
- age   3:     210024 bytes,     999968 total
- age   4:     135664 bytes,    1135632 total
: 16721K->1111K(18624K), 0.0017264 secs] 51333K->35801K(83392K), 0.0018154 secs] [Times: user=0.00 sys=0.00, real=0.00 secs] 
32.594: [GC 32.594: [ParNew
Desired survivor size 1343488 bytes, new threshold 3 (max 4)
- age   1:     983848 bytes,     983848 total
- age   2:     321072 bytes,    1304920 total
- age   3:     118712 bytes,    1423632 total
- age   4:     210024 bytes,    1633656 total
: 17051K->1597K(18624K), 0.0025931 secs] 51741K->36420K(83392K), 0.0026956 secs] [Times: user=0.00 sys=0.00, real=0.00 secs] 
32.614: [GC 32.614: [ParNew
Desired survivor size 1343488 bytes, new threshold 4 (max 4)
- age   1:     316480 bytes,     316480 total
- age   2:     643560 bytes,     960040 total
- age   3:     255280 bytes,    1215320 total
: 17547K->1189K(18624K), 0.0019887 secs] 52370K->36332K(83392K), 0.0021046 secs] [Times: user=0.00 sys=0.00, real=0.00 secs] 
32.627: [GC 32.627: [ParNew
Desired survivor size 1343488 bytes, new threshold 2 (max 4)
- age   1:    1225112 bytes,    1225112 total
- age   2:     254944 bytes,    1480056 total
- age   3:     403992 bytes,    1884048 total
- age   4:     255280 bytes,    2139328 total
: 17181K->2092K(18624K), 0.0028407 secs] 52325K->37236K(83392K), 0.0029656 secs] [Times: user=0.01 sys=0.00, real=0.00 secs] 
32.648: [GC 32.649: [ParNew
Desired survivor size 1343488 bytes, new threshold 2 (max 4)
- age   1:     674320 bytes,     674320 total
- age   2:     894488 bytes,    1568808 total
: 18092K->1536K(18624K), 0.0029776 secs] 53236K->37571K(83392K), 0.0030837 secs] [Times: user=0.00 sys=0.00, real=0.00 secs] 
32.664: [GC 32.664: [ParNew
Desired survivor size 1343488 bytes, new threshold 4 (max 4)
- age   1:     486936 bytes,     486936 total
- age   2:     606208 bytes,    1093144 total
: 17522K->1076K(18624K), 0.0025099 secs] 53558K->37985K(83392K), 0.0026325 secs] [Times: user=0.01 sys=0.01, real=0.00 secs] 
32.679: [GC 32.679: [ParNew
Desired survivor size 1343488 bytes, new threshold 3 (max 4)
- age   1:     414640 bytes,     414640 total
- age   2:     428440 bytes,     843080 total
- age   3:     521776 bytes,    1364856 total
: 17030K->1351K(18624K), 0.0020914 secs] 53939K->38261K(83392K), 0.0022670 secs] [Times: user=0.00 sys=0.00, real=0.00 secs] 
32.695: [GC 32.695: [ParNew
Desired survivor size 1343488 bytes, new threshold 3 (max 4)
- age   1:     999528 bytes,     999528 total
- age   2:     177344 bytes,    1176872 total
- age   3:     428440 bytes,    1605312 total
: 17351K->1594K(18624K), 0.0024523 secs] 54261K->39013K(83392K), 0.0025787 secs] [Times: user=0.00 sys=0.00, real=0.00 secs] 
32.711: [GC 32.711: [ParNew
Desired survivor size 1343488 bytes, new threshold 2 (max 4)
- age   1:     771088 bytes,     771088 total
- age   2:     826720 bytes,    1597808 total
- age   3:     177344 bytes,    1775152 total
: 17587K->1738K(18624K), 0.0029108 secs] 55006K->39495K(83392K), 0.0030371 secs] [Times: user=0.00 sys=0.00, real=0.01 secs] 
32.725: [GC 32.725: [ParNew
Desired survivor size 1343488 bytes, new threshold 4 (max 4)
- age   1:     448256 bytes,     448256 total
- age   2:     678224 bytes,    1126480 total
: 17728K->1102K(18624K), 0.0027599 secs] 55486K->39840K(83392K), 0.0028688 secs] [Times: user=0.01 sys=0.00, real=0.00 secs] 
32.745: [GC 32.745: [ParNew
Desired survivor size 1343488 bytes, new threshold 4 (max 4)
- age   1:     422976 bytes,     422976 total
- age   2:     305088 bytes,     728064 total
- age   3:     174448 bytes,     902512 total
: 17102K->882K(18624K), 0.0016248 secs] 55840K->39620K(83392K), 0.0017142 secs] [Times: user=0.00 sys=0.00, real=0.00 secs] 
32.757: [GC 32.757: [ParNew
Desired survivor size 1343488 bytes, new threshold 4 (max 4)
- age   1:      49064 bytes,      49064 total
- age   2:     412904 bytes,     461968 total
- age   3:     305088 bytes,     767056 total
- age   4:     174448 bytes,     941504 total
: 16867K->921K(18624K), 0.0022147 secs] 55605K->39659K(83392K), 0.0023397 secs] [Times: user=0.01 sys=0.00, real=0.00 secs] 
32.774: [GC 32.774: [ParNew
Desired survivor size 1343488 bytes, new threshold 4 (max 4)
- age   1:     709400 bytes,     709400 total
- age   2:      24584 bytes,     733984 total
- age   3:     412904 bytes,    1146888 total
- age   4:     305088 bytes,    1451976 total
: 16898K->1420K(18624K), 0.0022640 secs] 55636K->40328K(83392K), 0.0023722 secs] [Times: user=0.00 sys=0.00, real=0.00 secs] 
32.788: [GC 32.788: [ParNew
Desired survivor size 1343488 bytes, new threshold 4 (max 4)
- age   1:     444504 bytes,     444504 total
- age   2:     684072 bytes,    1128576 total
- age   3:      24584 bytes,    1153160 total
- age   4:     412904 bytes,    1566064 total
: 17393K->1535K(18624K), 0.0023460 secs] 56300K->40741K(83392K), 0.0024426 secs] [Times: user=0.01 sys=0.00, real=0.00 secs] 
32.802: [GC 32.802: [ParNew
Desired survivor size 1343488 bytes, new threshold 3 (max 4)
- age   1:     858896 bytes,     858896 total
- age   2:     390152 bytes,    1249048 total
- age   3:     624032 bytes,    1873080 total
- age   4:      24584 bytes,    1897664 total
: 17532K->1863K(18624K), 0.0027133 secs] 56738K->41472K(83392K), 0.0028277 secs] [Times: user=0.01 sys=0.00, real=0.00 secs] 
32.816: [GC 32.816: [ParNew
Desired survivor size 1343488 bytes, new threshold 3 (max 4)
- age   1:     425032 bytes,     425032 total
- age   2:     825888 bytes,    1250920 total
- age   3:      94976 bytes,    1345896 total
: 17852K->1323K(18624K), 0.0022145 secs] 57461K->41316K(83392K), 0.0023489 secs] [Times: user=0.00 sys=0.00, real=0.00 secs] 
32.832: [GC 32.832: [ParNew
Desired survivor size 1343488 bytes, new threshold 3 (max 4)
- age   1:     583480 bytes,     583480 total
- age   2:     389800 bytes,     973280 total
- age   3:     825888 bytes,    1799168 total
: 17322K->1760K(18624K), 0.0025044 secs] 57315K->41846K(83392K), 0.0026049 secs] [Times: user=0.01 sys=0.00, real=0.01 secs] 
32.849: [GC 32.849: [ParNew
Desired survivor size 1343488 bytes, new threshold 3 (max 4)
- age   1:     655280 bytes,     655280 total
- age   2:     385952 bytes,    1041232 total
- age   3:     389800 bytes,    1431032 total
: 17747K->1400K(18624K), 0.0029146 secs] 57833K->42236K(83392K), 0.0031007 secs] [Times: user=0.00 sys=0.00, real=0.01 secs] 
32.863: [GC 32.863: [ParNew
Desired survivor size 1343488 bytes, new threshold 4 (max 4)
- age   1:     325192 bytes,     325192 total
- age   2:     545472 bytes,     870664 total
- age   3:      22624 bytes,     893288 total
: 17389K->875K(18624K), 0.0026178 secs] 58224K->42091K(83392K), 0.0027336 secs] [Times: user=0.00 sys=0.00, real=0.00 secs] 
32.881: [GC 32.881: [ParNew
Desired survivor size 1343488 bytes, new threshold 4 (max 4)
- age   1:     274312 bytes,     274312 total
- age   2:     241024 bytes,     515336 total
- age   3:     545472 bytes,    1060808 total
- age   4:      14232 bytes,    1075040 total
: 16874K->1053K(18624K), 0.0018608 secs] 58090K->42270K(83392K), 0.0019438 secs] [Times: user=0.01 sys=0.00, real=0.01 secs] 
32.894: [GC 32.894: [ParNew
Desired survivor size 1343488 bytes, new threshold 4 (max 4)
- age   1:     199344 bytes,     199344 total
- age   2:     260800 bytes,     460144 total
- age   3:     241024 bytes,     701168 total
- age   4:     545472 bytes,    1246640 total
: 17048K->1221K(18624K), 0.0028810 secs] 58264K->42451K(83392K), 0.0029810 secs] [Times: user=0.01 sys=0.00, real=0.00 secs] 
32.910: [GC 32.910: [ParNew
Desired survivor size 1343488 bytes, new threshold 4 (max 4)
- age   1:     331152 bytes,     331152 total
- age   2:     172624 bytes,     503776 total
- age   3:     260800 bytes,     764576 total
- age   4:     212944 bytes,     977520 total
: 17200K->957K(18624K), 0.0026286 secs] 58431K->42720K(83392K), 0.0027397 secs] [Times: user=0.00 sys=0.00, real=0.01 secs] 
32.924: [GC 32.924: [ParNew
Desired survivor size 1343488 bytes, new threshold 4 (max 4)
- age   1:     504976 bytes,     504976 total
- age   2:     268376 bytes,     773352 total
- age   3:     172624 bytes,     945976 total
- age   4:     260280 bytes,    1206256 total
: 16957K->1181K(18624K), 0.0019038 secs] 58720K->43112K(83392K), 0.0019924 secs] [Times: user=0.00 sys=0.00, real=0.00 secs] 
32.938: [GC 32.938: [ParNew
Desired survivor size 1343488 bytes, new threshold 4 (max 4)
- age   1:     124816 bytes,     124816 total
- age   2:     504976 bytes,     629792 total
- age   3:     268344 bytes,     898136 total
- age   4:     172624 bytes,    1070760 total
: 17181K->1048K(18624K), 0.0025561 secs] 59112K->43233K(83392K), 0.0026669 secs] [Times: user=0.01 sys=0.00, real=0.00 secs] 
32.954: [GC 32.954: [ParNew
Desired survivor size 1343488 bytes, new threshold 4 (max 4)
- age   1:     327760 bytes,     327760 total
- age   2:      43016 bytes,     370776 total
- age   3:     444840 bytes,     815616 total
- age   4:     268344 bytes,    1083960 total
: 17048K->1061K(18624K), 0.0017939 secs] 59233K->43415K(83392K), 0.0018852 secs] [Times: user=0.00 sys=0.00, real=0.00 secs] 
32.969: [GC 32.969: [ParNew
Desired survivor size 1343488 bytes, new threshold 4 (max 4)
- age   1:     311976 bytes,     311976 total
- age   2:      71224 bytes,     383200 total
- age   3:      43016 bytes,     426216 total
- age   4:     444840 bytes,     871056 total
: 17051K->853K(18624K), 0.0021565 secs] 59405K->43469K(83392K), 0.0022730 secs] [Times: user=0.01 sys=0.00, real=0.00 secs] 
32.983: [GC 32.983: [ParNew
Desired survivor size 1343488 bytes, new threshold 4 (max 4)
- age   1:     214632 bytes,     214632 total
- age   2:     273840 bytes,     488472 total
- age   3:      71192 bytes,     559664 total
- age   4:       3680 bytes,     563344 total
: 16837K->561K(18624K), 0.0017319 secs] 59453K->43536K(83392K), 0.0018433 secs] [Times: user=0.01 sys=0.00, real=0.00 secs] 
33.000: [GC 33.000: [ParNew
Desired survivor size 1343488 bytes, new threshold 4 (max 4)
- age   1:     696096 bytes,     696096 total
- age   2:     133536 bytes,     829632 total
- age   3:     273840 bytes,    1103472 total
- age   4:      71192 bytes,    1174664 total
: 16561K->1154K(18624K), 0.0019501 secs] 59536K->44133K(83392K), 0.0020399 secs] [Times: user=0.01 sys=0.00, real=0.01 secs] 
33.015: [GC 33.015: [ParNew
Desired survivor size 1343488 bytes, new threshold 2 (max 4)
- age   1:    1004888 bytes,    1004888 total
- age   2:     509968 bytes,    1514856 total
- age   3:      90320 bytes,    1605176 total
- age   4:     273840 bytes,    1879016 total
: 17147K->1868K(18624K), 0.0029224 secs] 60126K->44917K(83392K), 0.0030722 secs] [Times: user=0.00 sys=0.00, real=0.00 secs] 
33.032: [GC 33.032: [ParNew
Desired survivor size 1343488 bytes, new threshold 4 (max 4)
- age   1:     268888 bytes,     268888 total
- age   2:     421096 bytes,     689984 total
: 17868K->701K(18624K), 0.0028792 secs] 60917K->44525K(83392K), 0.0029710 secs] [Times: user=0.01 sys=0.00, real=0.00 secs] 
33.046: [GC 33.046: [ParNew
Desired survivor size 1343488 bytes, new threshold 4 (max 4)
- age   1:     645016 bytes,     645016 total
- age   2:       7280 bytes,     652296 total
- age   3:     421096 bytes,    1073392 total
: 16687K->1088K(18624K), 0.0018830 secs] 60512K->44913K(83392K), 0.0020094 secs] [Times: user=0.01 sys=0.00, real=0.00 secs] 
33.062: [GC 33.062: [ParNew
Desired survivor size 1343488 bytes, new threshold 4 (max 4)
- age   1:     195288 bytes,     195288 total
- age   2:     564192 bytes,     759480 total
- age   3:       7280 bytes,     766760 total
- age   4:     421096 bytes,    1187856 total
: 17059K->1164K(18624K), 0.0018412 secs] 60884K->44989K(83392K), 0.0019255 secs] [Times: user=0.01 sys=0.00, real=0.00 secs] 
33.077: [GC 33.077: [ParNew
Desired survivor size 1343488 bytes, new threshold 4 (max 4)
- age   1:     543256 bytes,     543256 total
- age   2:     112264 bytes,     655520 total
- age   3:     308480 bytes,     964000 total
- age   4:       5576 bytes,     969576 total
: 17161K->948K(18624K), 0.0025465 secs] 60986K->45183K(83392K), 0.0026523 secs] [Times: user=0.00 sys=0.00, real=0.00 secs] 
33.091: [GC 33.091: [ParNew
Desired survivor size 1343488 bytes, new threshold 4 (max 4)
- age   1:     586160 bytes,     586160 total
- age   2:     501240 bytes,    1087400 total
- age   3:     112264 bytes,    1199664 total
- age   4:     228600 bytes,    1428264 total
: 16933K->1403K(18624K), 0.0021997 secs] 61169K->45643K(83392K), 0.0022990 secs] [Times: user=0.00 sys=0.00, real=0.01 secs] 
33.110: [GC 33.110: [ParNew
Desired survivor size 1343488 bytes, new threshold 4 (max 4)
- age   1:     228664 bytes,     228664 total
- age   2:     537776 bytes,     766440 total
- age   3:     246592 bytes,    1013032 total
- age   4:     112264 bytes,    1125296 total
: 17383K->1107K(18624K), 0.0032892 secs] 61624K->45571K(83392K), 0.0033682 secs] [Times: user=0.00 sys=0.01, real=0.01 secs] 
33.124: [GC 33.124: [ParNew
Desired survivor size 1343488 bytes, new threshold 4 (max 4)
- age   1:     389904 bytes,     389904 total
- age   2:     198536 bytes,     588440 total
- age   3:     537776 bytes,    1126216 total
- age   4:      91648 bytes,    1217864 total
: 17105K->1196K(18624K), 0.0026825 secs] 61569K->45764K(83392K), 0.0027991 secs] [Times: user=0.01 sys=0.00, real=0.00 secs] 
33.138: [GC 33.139: [ParNew
Desired survivor size 1343488 bytes, new threshold 4 (max 4)
- age   1:     217064 bytes,     217064 total
- age   2:     300480 bytes,     517544 total
- age   3:     196152 bytes,     713696 total
- age   4:     537776 bytes,    1251472 total
: 17196K->1228K(18624K), 0.0025913 secs] 61763K->45886K(83392K), 0.0027137 secs] [Times: user=0.00 sys=0.00, real=0.00 secs] 
33.153: [GC 33.154: [ParNew
Desired survivor size 1343488 bytes, new threshold 3 (max 4)
- age   1:    1099760 bytes,    1099760 total
- age   2:     111480 bytes,    1211240 total
- age   3:     300480 bytes,    1511720 total
- age   4:      32704 bytes,    1544424 total
: 17220K->1510K(18624K), 0.0029102 secs] 61878K->46560K(83392K), 0.0030138 secs] [Times: user=0.00 sys=0.00, real=0.00 secs] 
33.169: [GC 33.169: [ParNew
Desired survivor size 1343488 bytes, new threshold 2 (max 4)
- age   1:     512672 bytes,     512672 total
- age   2:    1080120 bytes,    1592792 total
- age   3:      46840 bytes,    1639632 total
: 17493K->1604K(18624K), 0.0025651 secs] 62543K->46978K(83392K), 0.0027068 secs] [Times: user=0.01 sys=0.00, real=0.01 secs] 
33.183: [GC 33.183: [ParNew
Desired survivor size 1343488 bytes, new threshold 4 (max 4)
- age   1:     373240 bytes,     373240 total
- age   2:     342176 bytes,     715416 total
: 17599K->704K(18624K), 0.0030752 secs] 62973K->47179K(83392K), 0.0031948 secs] [Times: user=0.01 sys=0.00, real=0.00 secs] 
33.197: [GC 33.198: [ParNew
Desired survivor size 1343488 bytes, new threshold 4 (max 4)
- age   1:     542672 bytes,     542672 total
- age   2:     269096 bytes,     811768 total
- age   3:     207512 bytes,    1019280 total
: 16675K->998K(18624K), 0.0017323 secs] 63150K->47473K(83392K), 0.0018325 secs] [Times: user=0.00 sys=0.00, real=0.00 secs] 
33.212: [GC 33.212: [ParNew
Desired survivor size 1343488 bytes, new threshold 3 (max 4)
- age   1:     682096 bytes,     682096 total
- age   2:     485568 bytes,    1167664 total
- age   3:     183128 bytes,    1350792 total
- age   4:     151864 bytes,    1502656 total
: 16981K->1470K(18624K), 0.0022827 secs] 63456K->47945K(83392K), 0.0023877 secs] [Times: user=0.00 sys=0.00, real=0.01 secs] 
33.225: [GC 33.225: [ParNew
Desired survivor size 1343488 bytes, new threshold 3 (max 4)
- age   1:     271904 bytes,     271904 total
- age   2:     623616 bytes,     895520 total
- age   3:     485568 bytes,    1381088 total
: 17433K->1352K(18624K), 0.0026634 secs] 63908K->48154K(83392K), 0.0027683 secs] [Times: user=0.01 sys=0.00, real=0.00 secs] 
33.239: [GC 33.240: [ParNew
Desired survivor size 1343488 bytes, new threshold 4 (max 4)
- age   1:     479344 bytes,     479344 total
- age   2:     190720 bytes,     670064 total
- age   3:     548192 bytes,    1218256 total
: 17349K->1193K(18624K), 0.0024074 secs] 64151K->48469K(83392K), 0.0025403 secs] [Times: user=0.01 sys=0.00, real=0.01 secs] 
33.253: [GC 33.253: [ParNew
Desired survivor size 1343488 bytes, new threshold 4 (max 4)
- age   1:     175960 bytes,     175960 total
- age   2:     425288 bytes,     601248 total
- age   3:     190720 bytes,     791968 total
- age   4:     548192 bytes,    1340160 total
: 17185K->1312K(18624K), 0.0022909 secs] 64462K->48588K(83392K), 0.0024118 secs] [Times: user=0.00 sys=0.01, real=0.00 secs] 
33.267: [GC 33.268: [ParNew
Desired survivor size 1343488 bytes, new threshold 4 (max 4)
- age   1:     447760 bytes,     447760 total
- age   2:      59424 bytes,     507184 total
- age   3:     179592 bytes,     686776 total
- age   4:     190720 bytes,     877496 total
: 17306K->860K(18624K), 0.0021305 secs] 64582K->48633K(83392K), 0.0022748 secs] [Times: user=0.00 sys=0.00, real=0.00 secs] 
33.282: [GC 33.282: [ParNew
Desired survivor size 1343488 bytes, new threshold 4 (max 4)
- age   1:     881456 bytes,     881456 total
- age   2:     384336 bytes,    1265792 total
- age   3:      59424 bytes,    1325216 total
- age   4:     179592 bytes,    1504808 total
: 16855K->1473K(18624K), 0.0032754 secs] 64627K->49245K(83392K), 0.0033816 secs] [Times: user=0.01 sys=0.00, real=0.00 secs] 
33.297: [GC 33.297: [ParNew
Desired survivor size 1343488 bytes, new threshold 4 (max 4)
- age   1:      80312 bytes,      80312 total
- age   2:     839296 bytes,     919608 total
- age   3:     384336 bytes,    1303944 total
- age   4:      59424 bytes,    1363368 total
: 17461K->1334K(18624K), 0.0024938 secs] 65233K->49282K(83392K), 0.0025983 secs] [Times: user=0.00 sys=0.00, real=0.00 secs] 
33.311: [GC 33.311: [ParNew
Desired survivor size 1343488 bytes, new threshold 4 (max 4)
- age   1:     279640 bytes,     279640 total
- age   2:      49488 bytes,     329128 total
- age   3:     839296 bytes,    1168424 total
- age   4:     384336 bytes,    1552760 total
: 17334K->1519K(18624K), 0.0022688 secs] 65282K->49525K(83392K), 0.0023613 secs] [Times: user=0.00 sys=0.00, real=0.01 secs] 
33.326: [GC 33.326: [ParNew
Desired survivor size 1343488 bytes, new threshold 4 (max 4)
- age   1:     287256 bytes,     287256 total
- age   2:     119128 bytes,     406384 total
- age   3:      49488 bytes,     455872 total
- age   4:     442152 bytes,     898024 total
: 17487K->879K(18624K), 0.0017708 secs] 65493K->49261K(83392K), 0.0019130 secs] [Times: user=0.01 sys=0.00, real=0.00 secs] 
33.340: [GC 33.340: [ParNew
Desired survivor size 1343488 bytes, new threshold 4 (max 4)
- age   1:     284928 bytes,     284928 total
- age   2:     218680 bytes,     503608 total
- age   3:     119128 bytes,     622736 total
- age   4:      49488 bytes,     672224 total
: 16879K->659K(18624K), 0.0017085 secs] 65261K->49304K(83392K), 0.0018134 secs] [Times: user=0.00 sys=0.00, real=0.01 secs] 
33.353: [GC 33.353: [ParNew
Desired survivor size 1343488 bytes, new threshold 4 (max 4)
- age   1:     277672 bytes,     277672 total
- age   2:     147872 bytes,     425544 total
- age   3:     218648 bytes,     644192 total
- age   4:        808 bytes,     645000 total
: 16648K->633K(18624K), 0.0020001 secs] 65292K->49326K(83392K), 0.0022805 secs] [Times: user=0.00 sys=0.00, real=0.00 secs] 
33.367: [GC 33.367: [ParNew
Desired survivor size 1343488 bytes, new threshold 4 (max 4)
- age   1:     234872 bytes,     234872 total
- age   2:     115824 bytes,     350696 total
- age   3:     147872 bytes,     498568 total
- age   4:     218648 bytes,     717216 total
: 16526K->702K(18624K), 0.0014343 secs] 65219K->49396K(83392K), 0.0015358 secs] [Times: user=0.00 sys=0.00, real=0.00 secs] 
33.380: [GC 33.380: [ParNew
Desired survivor size 1343488 bytes, new threshold 4 (max 4)
- age   1:     447520 bytes,     447520 total
- age   3:     115824 bytes,     563344 total
- age   4:     147872 bytes,     711216 total
: 16676K->696K(18624K), 0.0018518 secs] 65370K->49603K(83392K), 0.0019626 secs] [Times: user=0.00 sys=0.00, real=0.01 secs] 
33.393: [GC 33.393: [ParNew
Desired survivor size 1343488 bytes, new threshold 4 (max 4)
- age   1:     452368 bytes,     452368 total
- age   2:     118624 bytes,     570992 total
- age   4:     115824 bytes,     686816 total
: 16594K->672K(18624K), 0.0022464 secs] 65501K->49723K(83392K), 0.0023333 secs] [Times: user=0.01 sys=0.00, real=0.00 secs] 
33.406: [GC 33.406: [ParNew
Desired survivor size 1343488 bytes, new threshold 4 (max 4)
- age   1:     358136 bytes,     358136 total
- age   2:     137952 bytes,     496088 total
- age   3:     118624 bytes,     614712 total
: 16669K->604K(18624K), 0.0014750 secs] 65721K->49768K(83392K), 0.0015710 secs] [Times: user=0.01 sys=0.00, real=0.00 secs] 
33.419: [GC 33.419: [ParNew
Desired survivor size 1343488 bytes, new threshold 4 (max 4)
- age   1:     162696 bytes,     162696 total
- age   2:     113648 bytes,     276344 total
- age   3:     137952 bytes,     414296 total
- age   4:     118624 bytes,     532920 total
: 16602K->524K(18624K), 0.0014289 secs] 65767K->49688K(83392K), 0.0015189 secs] [Times: user=0.00 sys=0.00, real=0.00 secs] 
33.435: [GC 33.435: [ParNew
Desired survivor size 1343488 bytes, new threshold 4 (max 4)
- age   1:     259024 bytes,     259024 total
- age   2:      87408 bytes,     346432 total
- age   4:     137952 bytes,     484384 total
: 16481K->476K(18624K), 0.0024003 secs] 65645K->49757K(83392K), 0.0024911 secs] [Times: user=0.00 sys=0.00, real=0.00 secs] 
33.448: [GC 33.448: [ParNew
Desired survivor size 1343488 bytes, new threshold 4 (max 4)
- age   1:     393704 bytes,     393704 total
- age   2:      39544 bytes,     433248 total
- age   3:      87408 bytes,     520656 total
: 16445K->510K(18624K), 0.0018111 secs] 65725K->49925K(83392K), 0.0019069 secs] [Times: user=0.00 sys=0.00, real=0.00 secs] 
33.462: [GC 33.462: [ParNew
Desired survivor size 1343488 bytes, new threshold 4 (max 4)
- age   1:     541200 bytes,     541200 total
- age   2:     327808 bytes,     869008 total
- age   3:      39544 bytes,     908552 total
- age   4:      87408 bytes,     995960 total
: 16449K->975K(18624K), 0.0019056 secs] 65864K->50390K(83392K), 0.0020225 secs] [Times: user=0.00 sys=0.00, real=0.00 secs] 
33.478: [GC 33.479: [ParNew
Desired survivor size 1343488 bytes, new threshold 4 (max 4)
- age   1:     224784 bytes,     224784 total
- age   2:     403160 bytes,     627944 total
- age   3:     327808 bytes,     955752 total
- age   4:      39544 bytes,     995296 total
: 16963K->971K(18624K), 0.0020031 secs] 66378K->50472K(83392K), 0.0025092 secs] [Times: user=0.00 sys=0.00, real=0.00 secs] 
33.494: [GC 33.494: [ParNew
Desired survivor size 1343488 bytes, new threshold 4 (max 4)
- age   1:     580784 bytes,     580784 total
- age   2:     210224 bytes,     791008 total
- age   3:     335232 bytes,    1126240 total
- age   4:     327808 bytes,    1454048 total
: 16956K->1430K(18624K), 0.0022145 secs] 66456K->50969K(83392K), 0.0023161 secs] [Times: user=0.00 sys=0.00, real=0.00 secs] 
33.509: [GC 33.509: [ParNew
Desired survivor size 1343488 bytes, new threshold 3 (max 4)
- age   1:     699048 bytes,     699048 total
- age   2:     555760 bytes,    1254808 total
- age   3:     210224 bytes,    1465032 total
- age   4:     335232 bytes,    1800264 total
: 17420K->1776K(18624K), 0.0023191 secs] 66959K->51392K(83392K), 0.0024178 secs] [Times: user=0.01 sys=0.00, real=0.00 secs] 
33.524: [GC 33.524: [ParNew
Desired survivor size 1343488 bytes, new threshold 3 (max 4)
- age   1:     549144 bytes,     549144 total
- age   2:     615328 bytes,    1164472 total
- age   3:     334904 bytes,    1499376 total
: 17776K->1476K(18624K), 0.0026165 secs] 67392K->51491K(83392K), 0.0027152 secs] [Times: user=0.00 sys=0.00, real=0.00 secs] 
33.539: [GC 33.539: [ParNew
Desired survivor size 1343488 bytes, new threshold 3 (max 4)
- age   1:     579216 bytes,     579216 total
- age   2:     549144 bytes,    1128360 total
- age   3:     447376 bytes,    1575736 total
: 17416K->1542K(18624K), 0.0024913 secs] 67431K->51884K(83392K), 0.0025956 secs] [Times: user=0.00 sys=0.00, real=0.01 secs] 
33.554: [GC 33.554: [ParNew
Desired survivor size 1343488 bytes, new threshold 4 (max 4)
- age   1:     336992 bytes,     336992 total
- age   2:     497488 bytes,     834480 total
- age   3:     465008 bytes,    1299488 total
: 17500K->1272K(18624K), 0.0028254 secs] 67842K->52051K(83392K), 0.0029339 secs] [Times: user=0.01 sys=0.00, real=0.00 secs] 
33.569: [GC 33.569: [ParNew
Desired survivor size 1343488 bytes, new threshold 4 (max 4)
- age   1:     448544 bytes,     448544 total
- age   2:     252352 bytes,     700896 total
- age   3:     402112 bytes,    1103008 total
- age   4:     465008 bytes,    1568016 total
: 17237K->1534K(18624K), 0.0026642 secs] 68015K->52313K(83392K), 0.0027695 secs] [Times: user=0.01 sys=0.00, real=0.00 secs] 
33.583: [GC 33.583: [ParNew
Desired survivor size 1343488 bytes, new threshold 4 (max 4)
- age   1:     290416 bytes,     290416 total
- age   2:     393456 bytes,     683872 total
- age   3:     165992 bytes,     849864 total
- age   4:     348040 bytes,    1197904 total
: 17534K->1172K(18624K), 0.0024848 secs] 68313K->52405K(83392K), 0.0026153 secs] [Times: user=0.00 sys=0.00, real=0.00 secs] 
33.600: [GC 33.601: [ParNew
Desired survivor size 1343488 bytes, new threshold 4 (max 4)
- age   1:     604760 bytes,     604760 total
- age   2:     119496 bytes,     724256 total
- age   3:     393456 bytes,    1117712 total
- age   4:     165952 bytes,    1283664 total
: 17114K->1254K(18624K), 0.0031194 secs] 68347K->52827K(83392K), 0.0032284 secs] [Times: user=0.00 sys=0.00, real=0.01 secs] 
33.618: [GC 33.618: [ParNew
Desired survivor size 1343488 bytes, new threshold 4 (max 4)
- age   1:     282096 bytes,     282096 total
- age   2:     518664 bytes,     800760 total
- age   3:     119496 bytes,     920256 total
- age   4:     306552 bytes,    1226808 total
: 17227K->1200K(18624K), 0.0019155 secs] 68800K->52935K(83392K), 0.0020294 secs] [Times: user=0.00 sys=0.00, real=0.00 secs] 
33.633: [GC 33.634: [ParNew
Desired survivor size 1343488 bytes, new threshold 3 (max 4)
- age   1:     918776 bytes,     918776 total
- age   2:     112048 bytes,    1030824 total
- age   3:     390328 bytes,    1421152 total
- age   4:     119496 bytes,    1540648 total
: 17155K->1512K(18624K), 0.0034836 secs] 68890K->53546K(83392K), 0.0037679 secs] [Times: user=0.00 sys=0.00, real=0.00 secs] 
33.648: [GC 33.648: [ParNew
Desired survivor size 1343488 bytes, new threshold 4 (max 4)
- age   1:     374752 bytes,     374752 total
- age   2:     748728 bytes,    1123480 total
- age   3:     112048 bytes,    1235528 total
: 17449K->1215K(18624K), 0.0024358 secs] 69483K->53490K(83392K), 0.0026365 secs] [Times: user=0.00 sys=0.00, real=0.00 secs] 
33.665: [GC 33.666: [ParNew
Desired survivor size 1343488 bytes, new threshold 4 (max 4)
- age   1:     517912 bytes,     517912 total
- age   2:     288376 bytes,     806288 total
- age   3:     472488 bytes,    1278776 total
- age   4:      97728 bytes,    1376504 total
: 17215K->1344K(18624K), 0.0021827 secs] 69490K->53620K(83392K), 0.0022828 secs] [Times: user=0.01 sys=0.00, real=0.00 secs] 
33.681: [GC 33.681: [ParNew
Desired survivor size 1343488 bytes, new threshold 4 (max 4)
- age   1:     596296 bytes,     596296 total
- age   2:     377984 bytes,     974280 total
- age   3:     288376 bytes,    1262656 total
- age   4:     472488 bytes,    1735144 total
: 17324K->1699K(18624K), 0.0024641 secs] 69600K->54070K(83392K), 0.0025607 secs] [Times: user=0.00 sys=0.00, real=0.01 secs] 
33.697: [GC 33.697: [ParNew
Desired survivor size 1343488 bytes, new threshold 4 (max 4)
- age   1:     345360 bytes,     345360 total
- age   2:     385672 bytes,     731032 total
- age   3:     377496 bytes,    1108528 total
- age   4:     288376 bytes,    1396904 total
: 17685K->1366K(18624K), 0.0028980 secs] 70056K->54198K(83392K), 0.0030040 secs] [Times: user=0.00 sys=0.00, real=0.00 secs] 
33.713: [GC 33.713: [ParNew
Desired survivor size 1343488 bytes, new threshold 4 (max 4)
- age   1:      81344 bytes,      81344 total
- age   2:     168504 bytes,     249848 total
- age   3:     214264 bytes,     464112 total
- age   4:     377384 bytes,     841496 total
: 17366K->825K(18624K), 0.0016242 secs] 70198K->53775K(83392K), 0.0017234 secs] [Times: user=0.00 sys=0.00, real=0.00 secs] 
33.727: [GC 33.727: [ParNew
Desired survivor size 1343488 bytes, new threshold 4 (max 4)
- age   1:     551144 bytes,     551144 total
- age   2:      61432 bytes,     612576 total
- age   3:     168504 bytes,     781080 total
- age   4:     214264 bytes,     995344 total
: 16816K->978K(18624K), 0.0021976 secs] 69767K->54297K(83392K), 0.0022897 secs] [Times: user=0.00 sys=0.00, real=0.00 secs] 
33.741: [GC 33.741: [ParNew
Desired survivor size 1343488 bytes, new threshold 4 (max 4)
- age   1:     631680 bytes,     631680 total
- age   2:     510048 bytes,    1141728 total
- age   3:      61432 bytes,    1203160 total
- age   4:     168504 bytes,    1371664 total
: 16968K->1349K(18624K), 0.0023137 secs] 70288K->54877K(83392K), 0.0024312 secs] [Times: user=0.00 sys=0.00, real=0.01 secs] 
33.758: [GC 33.758: [ParNew
Desired survivor size 1343488 bytes, new threshold 4 (max 4)
- age   1:     251576 bytes,     251576 total
- age   2:     372040 bytes,     623616 total
- age   3:     337288 bytes,     960904 total
- age   4:      61432 bytes,    1022336 total
: 17349K->1002K(18624K), 0.0021487 secs] 70877K->54695K(83392K), 0.0022404 secs] [Times: user=0.01 sys=0.00, real=0.00 secs] 
33.772: [GC 33.772: [ParNew
Desired survivor size 1343488 bytes, new threshold 4 (max 4)
- age   1:     308120 bytes,     308120 total
- age   2:     208328 bytes,     516448 total
- age   3:     372040 bytes,     888488 total
- age   4:     337288 bytes,    1225776 total
: 16973K->1202K(18624K), 0.0020026 secs] 70666K->54955K(83392K), 0.0020877 secs] [Times: user=0.00 sys=0.00, real=0.00 secs] 
33.786: [GC 33.786: [ParNew
Desired survivor size 1343488 bytes, new threshold 4 (max 4)
- age   1:     213800 bytes,     213800 total
- age   2:     258712 bytes,     472512 total
- age   3:     171560 bytes,     644072 total
- age   4:     372040 bytes,    1016112 total
: 17202K->994K(18624K), 0.0026849 secs] 70955K->55077K(83392K), 0.0028133 secs] [Times: user=0.01 sys=0.00, real=0.00 secs] 
33.803: [GC 33.803: [ParNew
Desired survivor size 1343488 bytes, new threshold 4 (max 4)
- age   1:     938192 bytes,     938192 total
- age   2:      22800 bytes,     960992 total
- age   3:     258712 bytes,    1219704 total
- age   4:     111288 bytes,    1330992 total
: 16964K->1304K(18624K), 0.0020136 secs] 71047K->55659K(83392K), 0.0021659 secs] [Times: user=0.01 sys=0.00, real=0.00 secs] 
33.817: [GC 33.817: [ParNew
Desired survivor size 1343488 bytes, new threshold 4 (max 4)
- age   1:     382440 bytes,     382440 total
- age   2:     671224 bytes,    1053664 total
- age   3:      22800 bytes,    1076464 total
- age   4:     258712 bytes,    1335176 total
: 17265K->1314K(18624K), 0.0023526 secs] 71620K->55728K(83392K), 0.0024583 secs] [Times: user=0.00 sys=0.00, real=0.00 secs] 
33.830: [GC 33.830: [ParNew
Desired survivor size 1343488 bytes, new threshold 4 (max 4)
- age   1:     140896 bytes,     140896 total
- age   2:     278904 bytes,     419800 total
- age   3:     430456 bytes,     850256 total
- age   4:      22800 bytes,     873056 total
: 17261K->857K(18624K), 0.0018681 secs] 71674K->55523K(83392K), 0.0019613 secs] [Times: user=0.00 sys=0.00, real=0.01 secs] 
33.845: [GC 33.845: [ParNew
Desired survivor size 1343488 bytes, new threshold 4 (max 4)
- age   1:     560552 bytes,     560552 total
- age   2:      84104 bytes,     644656 total
- age   3:     278904 bytes,     923560 total
- age   4:     429752 bytes,    1353312 total
: 16815K->1329K(18624K), 0.0020906 secs] 71482K->56018K(83392K), 0.0021968 secs] [Times: user=0.01 sys=0.00, real=0.00 secs] 
33.862: [GC 33.862: [ParNew
Desired survivor size 1343488 bytes, new threshold 4 (max 4)
- age   1:     256920 bytes,     256920 total
- age   2:     417520 bytes,     674440 total
- age   3:      84104 bytes,     758544 total
- age   4:     278904 bytes,    1037448 total
: 17329K->1015K(18624K), 0.0021837 secs] 72018K->56124K(83392K), 0.0022699 secs] [Times: user=0.01 sys=0.00, real=0.00 secs] 
33.875: [GC 33.875: [ParNew
Desired survivor size 1343488 bytes, new threshold 4 (max 4)
- age   1:      88760 bytes,      88760 total
- age   2:     241288 bytes,     330048 total
- age   3:     417480 bytes,     747528 total
- age   4:      84104 bytes,     831632 total
: 16995K->818K(18624K), 0.0022473 secs] 72104K->56198K(83392K), 0.0023577 secs] [Times: user=0.01 sys=0.00, real=0.00 secs] 
33.889: [GC 33.889: [ParNew
Desired survivor size 1343488 bytes, new threshold 4 (max 4)
- age   1:     427744 bytes,     427744 total
- age   2:      88760 bytes,     516504 total
- age   3:     219864 bytes,     736368 total
- age   4:     417480 bytes,    1153848 total
: 16817K->1141K(18624K), 0.0027008 secs] 72198K->56604K(83392K), 0.0028135 secs] [Times: user=0.00 sys=0.00, real=0.00 secs] 
33.903: [GC 33.903: [ParNew
Desired survivor size 1343488 bytes, new threshold 4 (max 4)
- age   1:     365432 bytes,     365432 total
- age   2:     350192 bytes,     715624 total
- age   3:      88760 bytes,     804384 total
- age   4:      19528 bytes,     823912 total
: 17120K->819K(18624K), 0.0017853 secs] 72583K->56530K(83392K), 0.0020517 secs] [Times: user=0.00 sys=0.00, real=0.00 secs] 
33.916: [GC 33.916: [ParNew
Desired survivor size 1343488 bytes, new threshold 4 (max 4)
- age   1:     653528 bytes,     653528 total
- age   3:     312912 bytes,     966440 total
- age   4:      88760 bytes,    1055200 total
: 16791K->1041K(18624K), 0.0021467 secs] 72502K->56772K(83392K), 0.0022467 secs] [Times: user=0.00 sys=0.00, real=0.00 secs] 
33.930: [GC 33.930: [ParNew
Desired survivor size 1343488 bytes, new threshold 4 (max 4)
- age   1:     419728 bytes,     419728 total
- age   2:     247200 bytes,     666928 total
- age   4:     312912 bytes,     979840 total
: 17032K->960K(18624K), 0.0019337 secs] 72763K->56777K(83392K), 0.0020500 secs] [Times: user=0.01 sys=0.00, real=0.01 secs] 
33.945: [GC 33.945: [ParNew
Desired survivor size 1343488 bytes, new threshold 4 (max 4)
- age   1:     162600 bytes,     162600 total
- age   2:     305376 bytes,     467976 total
- age   3:     247200 bytes,     715176 total
: 16939K->702K(18624K), 0.0019557 secs] 72755K->56806K(83392K), 0.0020454 secs] [Times: user=0.00 sys=0.00, real=0.00 secs] 
33.958: [GC 33.958: [ParNew
Desired survivor size 1343488 bytes, new threshold 4 (max 4)
- age   1:     404256 bytes,     404256 total
- age   2:     106640 bytes,     510896 total
- age   3:     168288 bytes,     679184 total
- age   4:     247200 bytes,     926384 total
: 16678K->908K(18624K), 0.0018966 secs] 72783K->57013K(83392K), 0.0020405 secs] [Times: user=0.00 sys=0.00, real=0.00 secs] 
33.971: [GC 33.972: [ParNew
Desired survivor size 1343488 bytes, new threshold 4 (max 4)
- age   1:     189728 bytes,     189728 total
- age   2:     278928 bytes,     468656 total
- age   3:     106640 bytes,     575296 total
- age   4:     168288 bytes,     743584 total
: 16855K->729K(18624K), 0.0016433 secs] 72959K->57076K(83392K), 0.0017305 secs] [Times: user=0.00 sys=0.00, real=0.01 secs] 
33.985: [GC 33.985: [ParNew
Desired survivor size 1343488 bytes, new threshold 4 (max 4)
- age   1:     625208 bytes,     625208 total
- age   2:     151056 bytes,     776264 total
- age   3:     278928 bytes,    1055192 total
- age   4:     106640 bytes,    1161832 total
: 16713K->1136K(18624K), 0.0027779 secs] 73059K->57647K(83392K), 0.0028774 secs] [Times: user=0.01 sys=0.00, real=0.00 secs] 
34.000: [GC 34.000: [ParNew
Desired survivor size 1343488 bytes, new threshold 4 (max 4)
- age   1:     351464 bytes,     351464 total
- age   2:     330896 bytes,     682360 total
- age   3:     151056 bytes,     833416 total
- age   4:     278928 bytes,    1112344 total
: 17133K->1088K(18624K), 0.0018440 secs] 73643K->57703K(83392K), 0.0019600 secs] [Times: user=0.00 sys=0.00, real=0.01 secs] 
34.013: [GC 34.013: [ParNew
Desired survivor size 1343488 bytes, new threshold 4 (max 4)
- age   1:     325248 bytes,     325248 total
- age   2:      99480 bytes,     424728 total
- age   3:     199728 bytes,     624456 total
- age   4:     151056 bytes,     775512 total
: 17087K->758K(18624K), 0.0022309 secs] 73701K->57645K(83392K), 0.0023467 secs] [Times: user=0.00 sys=0.00, real=0.00 secs] 
34.027: [GC 34.027: [ParNew
Desired survivor size 1343488 bytes, new threshold 4 (max 4)
- age   1:     707840 bytes,     707840 total
- age   2:     134712 bytes,     842552 total
- age   3:      71480 bytes,     914032 total
- age   4:     199728 bytes,    1113760 total
: 16706K->1090K(18624K), 0.0019396 secs] 73593K->58124K(83392K), 0.0020569 secs] [Times: user=0.00 sys=0.00, real=0.00 secs] 
34.041: [GC 34.041: [ParNew
Desired survivor size 1343488 bytes, new threshold 3 (max 4)
- age   1:     647520 bytes,     647520 total
- age   2:     677808 bytes,    1325328 total
- age   3:     134712 bytes,    1460040 total
- age   4:      71480 bytes,    1531520 total
: 17073K->1501K(18624K), 0.0025129 secs] 74108K->58730K(83392K), 0.0026221 secs] [Times: user=0.01 sys=0.00, real=0.01 secs] 
34.056: [GC 34.056: [ParNew
Desired survivor size 1343488 bytes, new threshold 3 (max 4)
- age   1:     227648 bytes,     227648 total
- age   2:     531264 bytes,     758912 total
- age   3:     595176 bytes,    1354088 total
: 17476K->1325K(18624K), 0.0017853 secs] 74705K->58625K(83392K), 0.0018961 secs] [Times: user=0.01 sys=0.00, real=0.00 secs] 
34.070: [GC 34.071: [ParNew
Desired survivor size 1343488 bytes, new threshold 3 (max 4)
- age   1:     783120 bytes,     783120 total
- age   2:     171712 bytes,     954832 total
- age   3:     531264 bytes,    1486096 total
: 17310K->1454K(18624K), 0.0021818 secs] 74609K->58918K(83392K), 0.0023937 secs] [Times: user=0.00 sys=0.00, real=0.01 secs] 
34.091: [GC 34.091: [ParNew
Desired survivor size 1343488 bytes, new threshold 4 (max 4)
- age   1:     106440 bytes,     106440 total
- age   2:     172704 bytes,     279144 total
- age   3:     171712 bytes,     450856 total
: 17454K->442K(18624K), 0.0017170 secs] 74918K->58424K(83392K), 0.0018131 secs] [Times: user=0.00 sys=0.00, real=0.01 secs] 
34.105: [GC 34.105: [ParNew
Desired survivor size 1343488 bytes, new threshold 4 (max 4)
- age   1:     385472 bytes,     385472 total
- age   2:       4064 bytes,     389536 total
- age   3:     172704 bytes,     562240 total
- age   4:      81104 bytes,     643344 total
: 16440K->631K(18624K), 0.0020516 secs] 74423K->58614K(83392K), 0.0022387 secs] [Times: user=0.01 sys=0.00, real=0.00 secs] 
34.118: [GC 34.119: [ParNew
Desired survivor size 1343488 bytes, new threshold 4 (max 4)
- age   1:     404784 bytes,     404784 total
- age   2:     183096 bytes,     587880 total
- age   3:       4064 bytes,     591944 total
- age   4:     172704 bytes,     764648 total
: 16593K->748K(18624K), 0.0023978 secs] 74575K->58809K(83392K), 0.0025150 secs] [Times: user=0.01 sys=0.00, real=0.00 secs] 
34.132: [GC 34.132: [ParNew
Desired survivor size 1343488 bytes, new threshold 4 (max 4)
- age   1:     522256 bytes,     522256 total
- age   2:     189232 bytes,     711488 total
- age   3:     183096 bytes,     894584 total
- age   4:       4064 bytes,     898648 total
: 16710K->879K(18624K), 0.0021672 secs] 74771K->59109K(83392K), 0.0022566 secs] [Times: user=0.00 sys=0.00, real=0.00 secs] 
34.146: [GC 34.146: [ParNew
Desired survivor size 1343488 bytes, new threshold 4 (max 4)
- age   1:     225392 bytes,     225392 total
- age   2:     295432 bytes,     520824 total
- age   3:     152632 bytes,     673456 total
- age   4:     183096 bytes,     856552 total
: 16851K->840K(18624K), 0.0017569 secs] 75081K->59074K(83392K), 0.0018551 secs] [Times: user=0.00 sys=0.01, real=0.00 secs] 
34.160: [GC 34.160: [ParNew
Desired survivor size 1343488 bytes, new threshold 4 (max 4)
- age   1:     510072 bytes,     510072 total
- age   2:      98800 bytes,     608872 total
- age   3:     295432 bytes,     904304 total
- age   4:      79424 bytes,     983728 total
: 16827K->964K(18624K), 0.0018316 secs] 75062K->59376K(83392K), 0.0019453 secs] [Times: user=0.00 sys=0.00, real=0.01 secs] 
34.173: [GC 34.173: [ParNew
Desired survivor size 1343488 bytes, new threshold 4 (max 4)
- age   1:     739656 bytes,     739656 total
- age   2:     305424 bytes,    1045080 total
- age   3:      98760 bytes,    1143840 total
- age   4:     295432 bytes,    1439272 total
: 16960K->1409K(18624K), 0.0022117 secs] 75373K->59899K(83392K), 0.0023134 secs] [Times: user=0.01 sys=0.00, real=0.00 secs] 
34.187: [GC 34.187: [ParNew
Desired survivor size 1343488 bytes, new threshold 4 (max 4)
- age   1:     339984 bytes,     339984 total
- age   2:     487560 bytes,     827544 total
- age   3:     264880 bytes,    1092424 total
- age   4:      98760 bytes,    1191184 total
: 17335K->1166K(18624K), 0.0022293 secs] 75825K->59945K(83392K), 0.0023284 secs] [Times: user=0.00 sys=0.00, real=0.00 secs] 
34.200: [GC 34.200: [ParNew
Desired survivor size 1343488 bytes, new threshold 4 (max 4)
- age   1:     186000 bytes,     186000 total
- age   2:     296256 bytes,     482256 total
- age   3:     250736 bytes,     732992 total
- age   4:     264880 bytes,     997872 total
: 17163K->977K(18624K), 0.0022845 secs] 75942K->59853K(83392K), 0.0023968 secs] [Times: user=0.00 sys=0.00, real=0.01 secs] 
34.214: [GC 34.214: [ParNew
Desired survivor size 1343488 bytes, new threshold 4 (max 4)
- age   1:     587312 bytes,     587312 total
- age   2:     103632 bytes,     690944 total
- age   3:     296256 bytes,     987200 total
- age   4:     250736 bytes,    1237936 total
: 16949K->1212K(18624K), 0.0020987 secs] 75825K->60346K(83392K), 0.0021962 secs] [Times: user=0.01 sys=0.00, real=0.00 secs] 
34.228: [GC 34.228: [ParNew
Desired survivor size 1343488 bytes, new threshold 4 (max 4)
- age   1:     412424 bytes,     412424 total
- age   2:     531384 bytes,     943808 total
- age   3:     103632 bytes,    1047440 total
- age   4:     296256 bytes,    1343696 total
: 17207K->1314K(18624K), 0.0025553 secs] 76341K->60640K(83392K), 0.0026638 secs] [Times: user=0.01 sys=0.00, real=0.00 secs] 
34.243: [GC 34.243: [ParNew
Desired survivor size 1343488 bytes, new threshold 3 (max 4)
- age   1:     731680 bytes,     731680 total
- age   2:     354136 bytes,    1085816 total
- age   3:     531384 bytes,    1617200 total
- age   4:     103632 bytes,    1720832 total
: 17290K->1683K(18624K), 0.0023508 secs] 76615K->61156K(83392K), 0.0024538 secs] [Times: user=0.00 sys=0.00, real=0.00 secs] 
34.256: [GC 34.256: [ParNew
Desired survivor size 1343488 bytes, new threshold 3 (max 4)
- age   1:     451016 bytes,     451016 total
- age   2:     542448 bytes,     993464 total
- age   3:     354136 bytes,    1347600 total
: 17671K->1318K(18624K), 0.0049445 secs] 77144K->61412K(83392K), 0.0050507 secs] [Times: user=0.00 sys=0.00, real=0.00 secs] 
34.276: [GC 34.276: [ParNew
Desired survivor size 1343488 bytes, new threshold 4 (max 4)
- age   1:     475016 bytes,     475016 total
- age   2:     409488 bytes,     884504 total
- age   3:     202784 bytes,    1087288 total
: 17318K->1064K(18624K), 0.0017923 secs] 77412K->61326K(83392K), 0.0018751 secs] [Times: user=0.01 sys=0.00, real=0.00 secs] 
34.290: [GC 34.291: [ParNew
Desired survivor size 1343488 bytes, new threshold 4 (max 4)
- age   1:     481768 bytes,     481768 total
- age   2:     424208 bytes,     905976 total
- age   3:     317088 bytes,    1223064 total
- age   4:     202784 bytes,    1425848 total
: 17001K->1394K(18624K), 0.0024364 secs] 77264K->61657K(83392K), 0.0025334 secs] [Times: user=0.00 sys=0.01, real=0.01 secs] 
34.304: [GC 34.305: [ParNew
Desired survivor size 1343488 bytes, new threshold 4 (max 4)
- age   1:     218520 bytes,     218520 total
- age   2:     243208 bytes,     461728 total
- age   3:     424208 bytes,     885936 total
- age   4:     317088 bytes,    1203024 total
: 17347K->1177K(18624K), 0.0023420 secs] 77609K->61637K(83392K), 0.0024568 secs] [Times: user=0.00 sys=0.00, real=0.00 secs] 
34.308: [GC [1 CMS-initial-mark: 60460K(64768K)] 61872K(83392K), 0.0009718 secs] [Times: user=0.00 sys=0.00, real=0.00 secs] 
34.310: [CMS-concurrent-mark-start]
34.322: [GC 34.322: [ParNew
Desired survivor size 1343488 bytes, new threshold 4 (max 4)
- age   1:     194120 bytes,     194120 total
- age   2:     159288 bytes,     353408 total
- age   3:     243208 bytes,     596616 total
- age   4:     424208 bytes,    1020824 total
: 17121K->999K(18624K), 0.0020692 secs] 77581K->61769K(83392K), 0.0021585 secs] [Times: user=0.00 sys=0.00, real=0.00 secs] 
34.347: [GC 34.348: [ParNew
Desired survivor size 1343488 bytes, new threshold 4 (max 4)
- age   1:     319136 bytes,     319136 total
- age   2:     129968 bytes,     449104 total
- age   3:     159288 bytes,     608392 total
- age   4:     243208 bytes,     851600 total
: 16986K->833K(18624K), 0.0019865 secs] 77756K->62017K(83392K), 0.0020673 secs] [Times: user=0.00 sys=0.00, real=0.00 secs] 
34.368: [GC 34.368: [ParNew
Desired survivor size 1343488 bytes, new threshold 4 (max 4)
- age   1:     128456 bytes,     128456 total
- age   2:     189008 bytes,     317464 total
- age   3:     129968 bytes,     447432 total
- age   4:     159288 bytes,     606720 total
: 16833K->595K(18624K), 0.0018550 secs] 78017K->62016K(83392K), 0.0019469 secs] [Times: user=0.01 sys=0.00, real=0.00 secs] 
34.384: [GC 34.384: [ParNew
Desired survivor size 1343488 bytes, new threshold 4 (max 4)
- age   1:     399744 bytes,     399744 total
- age   2:      61000 bytes,     460744 total
- age   3:     188976 bytes,     649720 total
- age   4:      61992 bytes,     711712 total
: 16585K->708K(18624K), 0.0024792 secs] 78007K->62285K(83392K), 0.0025880 secs] [Times: user=0.00 sys=0.00, real=0.00 secs] 
34.388: [CMS-concurrent-mark: 0.067/0.078 secs] [Times: user=0.13 sys=0.00, real=0.08 secs] 
34.388: [CMS-concurrent-preclean-start]
34.388: [CMS-concurrent-preclean: 0.000/0.000 secs] [Times: user=0.00 sys=0.00, real=0.00 secs] 
34.388: [CMS-concurrent-abortable-preclean-start]
34.398: [GC 34.398: [ParNew
Desired survivor size 1343488 bytes, new threshold 4 (max 4)
- age   1:     564024 bytes,     564024 total
- age   2:     138304 bytes,     702328 total
- age   3:      61000 bytes,     763328 total
- age   4:     188976 bytes,     952304 total
: 16701K->942K(18624K), 0.0019827 secs] 78278K->62580K(83392K), 0.0020773 secs] [Times: user=0.01 sys=0.00, real=0.00 secs] 
34.412: [GC 34.412: [ParNew
Desired survivor size 1343488 bytes, new threshold 4 (max 4)
- age   1:     854672 bytes,     854672 total
- age   2:     262496 bytes,    1117168 total
- age   3:     138304 bytes,    1255472 total
- age   4:      61000 bytes,    1316472 total
: 16940K->1320K(18624K), 0.0020417 secs] 78577K->63142K(83392K), 0.0021849 secs] [Times: user=0.01 sys=0.00, real=0.01 secs] 
34.425: [GC 34.425: [ParNew
Desired survivor size 1343488 bytes, new threshold 4 (max 4)
- age   1:     588304 bytes,     588304 total
- age   2:     433992 bytes,    1022296 total
- age   3:      79848 bytes,    1102144 total
- age   4:     138304 bytes,    1240448 total
: 17303K->1231K(18624K), 0.0021933 secs] 79126K->63113K(83392K), 0.0022916 secs] [Times: user=0.00 sys=0.00, real=0.00 secs] 
34.446: [GC 34.446: [ParNew
Desired survivor size 1343488 bytes, new threshold 4 (max 4)
- age   1:     304336 bytes,     304336 total
- age   2:     155696 bytes,     460032 total
- age   3:     263360 bytes,     723392 total
- age   4:      79848 bytes,     803240 total
: 17231K->787K(18624K), 0.0017557 secs] 79113K->62803K(83392K), 0.0018323 secs] [Times: user=0.00 sys=0.00, real=0.00 secs] 
34.461: [GC 34.461: [ParNew
Desired survivor size 1343488 bytes, new threshold 4 (max 4)
- age   1:     877360 bytes,     877360 total
- age   2:     196272 bytes,    1073632 total
- age   3:     155696 bytes,    1229328 total
- age   4:     263360 bytes,    1492688 total
: 16778K->1461K(18624K), 0.0024048 secs] 78795K->63555K(83392K), 0.0025010 secs] [Times: user=0.01 sys=0.00, real=0.01 secs] 
34.476: [GC 34.476: [ParNew
Desired survivor size 1343488 bytes, new threshold 2 (max 4)
- age   1:     648336 bytes,     648336 total
- age   2:     767256 bytes,    1415592 total
- age   3:       2264 bytes,    1417856 total
- age   4:     155696 bytes,    1573552 total
: 17448K->1541K(18624K), 0.0021521 secs] 79542K->63893K(83392K), 0.0022562 secs] [Times: user=0.00 sys=0.00, real=0.00 secs] 
34.492: [GC 34.492: [ParNew
Desired survivor size 1343488 bytes, new threshold 4 (max 4)
- age   1:     439568 bytes,     439568 total
- age   2:     528600 bytes,     968168 total
: 17536K->949K(18624K), 0.0023003 secs] 79888K->63962K(83392K), 0.0024271 secs] [Times: user=0.01 sys=0.00, real=0.00 secs] 
34.508: [GC 34.508: [ParNew
Desired survivor size 1343488 bytes, new threshold 4 (max 4)
- age   1:     325752 bytes,     325752 total
- age   2:     422952 bytes,     748704 total
- age   3:     356040 bytes,    1104744 total
: 16880K->1082K(18624K), 0.0023841 secs] 79893K->64095K(83392K), 0.0025037 secs] [Times: user=0.01 sys=0.00, real=0.00 secs] 
34.522: [GC 34.522: [ParNew
Desired survivor size 1343488 bytes, new threshold 4 (max 4)
- age   1:     126632 bytes,     126632 total
- age   2:     257368 bytes,     384000 total
- age   3:     422952 bytes,     806952 total
- age   4:     218304 bytes,    1025256 total
: 17075K->1005K(18624K), 0.0020208 secs] 80089K->64019K(83392K), 0.0021225 secs] [Times: user=0.00 sys=0.00, real=0.00 secs] 
34.540: [GC 34.540: [ParNew
Desired survivor size 1343488 bytes, new threshold 4 (max 4)
- age   1:     225976 bytes,     225976 total
- age   2:      73720 bytes,     299696 total
- age   3:     202616 bytes,     502312 total
- age   4:     361448 bytes,     863760 total
: 17005K->848K(18624K), 0.0019145 secs] 80019K->64074K(83392K), 0.0020004 secs] [Times: user=0.00 sys=0.00, real=0.01 secs] 
34.555: [GC 34.555: [ParNew
Desired survivor size 1343488 bytes, new threshold 4 (max 4)
- age   1:     471480 bytes,     471480 total
- age   2:     136448 bytes,     607928 total
- age   3:      73720 bytes,     681648 total
- age   4:     202616 bytes,     884264 total
: 16805K->877K(18624K), 0.0019005 secs] 80032K->64322K(83392K), 0.0020248 secs] [Times: user=0.01 sys=0.00, real=0.00 secs] 
34.570: [GC 34.570: [ParNew
Desired survivor size 1343488 bytes, new threshold 4 (max 4)
- age   1:     472688 bytes,     472688 total
- age   2:     205144 bytes,     677832 total
- age   3:      77096 bytes,     754928 total
- age   4:      73680 bytes,     828608 total
: 16849K->813K(18624K), 0.0016978 secs] 80295K->64457K(83392K), 0.0017882 secs] [Times: user=0.00 sys=0.00, real=0.01 secs] 
34.583: [GC 34.583: [ParNew
Desired survivor size 1343488 bytes, new threshold 4 (max 4)
- age   1:     445472 bytes,     445472 total
- age   2:     428952 bytes,     874424 total
- age   3:     205144 bytes,    1079568 total
- age   4:      77096 bytes,    1156664 total
: 16809K->1132K(18624K), 0.0023821 secs] 80452K->64847K(83392K), 0.0026146 secs] [Times: user=0.00 sys=0.00, real=0.00 secs] 
34.597: [GC 34.597: [ParNew
Desired survivor size 1343488 bytes, new threshold 4 (max 4)
- age   1:     191616 bytes,     191616 total
- age   2:     422632 bytes,     614248 total
- age   3:     197752 bytes,     812000 total
- age   4:     205144 bytes,    1017144 total
: 17129K->1001K(18624K), 0.0020526 secs] 80844K->64792K(83392K), 0.0021525 secs] [Times: user=0.00 sys=0.00, real=0.00 secs] 
34.611: [GC 34.611: [ParNew (promotion failed)
Desired survivor size 1343488 bytes, new threshold 4 (max 4)
- age   1:     242816 bytes,     242816 total
- age   2:     160592 bytes,     403408 total
- age   3:     422632 bytes,     826040 total
- age   4:      67936 bytes,     893976 total
: 17001K->16874K(18624K), 0.0021123 secs]34.614: [CMS34.614: [CMS-concurrent-abortable-preclean: 0.009/0.226 secs] [Times: user=0.34 sys=0.02, real=0.23 secs] 
 (concurrent mode failure): 63864K->8169K(64768K), 0.0873151 secs] 80792K->8169K(83392K), [CMS Perm : 10706K->10706K(21248K)], 0.0895961 secs] [Times: user=0.09 sys=0.00, real=0.09 secs] 
34.714: [GC 34.714: [ParNew
Desired survivor size 1343488 bytes, new threshold 4 (max 4)
- age   1:     575088 bytes,     575088 total
: 16000K->565K(18624K), 0.0009998 secs] 24169K->8735K(83392K), 0.0010942 secs] [Times: user=0.00 sys=0.00, real=0.00 secs] 
34.727: [GC 34.727: [ParNew
Desired survivor size 1343488 bytes, new threshold 4 (max 4)
- age   1:     718776 bytes,     718776 total
- age   2:     492728 bytes,    1211504 total
: 16529K->1185K(18624K), 0.0015299 secs] 24698K->9355K(83392K), 0.0016233 secs] [Times: user=0.00 sys=0.00, real=0.00 secs] 
34.742: [GC 34.742: [ParNew
Desired survivor size 1343488 bytes, new threshold 3 (max 4)
- age   1:     318776 bytes,     318776 total
- age   2:     634072 bytes,     952848 total
- age   3:     492728 bytes,    1445576 total
: 17152K->1415K(18624K), 0.0017004 secs] 25322K->9584K(83392K), 0.0018575 secs] [Times: user=0.00 sys=0.00, real=0.01 secs] 
34.756: [GC 34.756: [ParNew
Desired survivor size 1343488 bytes, new threshold 4 (max 4)
- age   1:     351648 bytes,     351648 total
- age   2:     212136 bytes,     563784 total
- age   3:     634072 bytes,    1197856 total
: 17414K->1171K(18624K), 0.0029394 secs] 25584K->9826K(83392K), 0.0030499 secs] [Times: user=0.00 sys=0.00, real=0.00 secs] 
34.771: [GC 34.771: [ParNew
Desired survivor size 1343488 bytes, new threshold 4 (max 4)
- age   1:     733536 bytes,     733536 total
- age   2:     281640 bytes,    1015176 total
- age   3:     212136 bytes,    1227312 total
- age   4:     634072 bytes,    1861384 total
: 17112K->1821K(18624K), 0.0019604 secs] 25766K->10476K(83392K), 0.0021194 secs] [Times: user=0.00 sys=0.00, real=0.01 secs] 
34.785: [GC 34.785: [ParNew
Desired survivor size 1343488 bytes, new threshold 4 (max 4)
- age   1:     384472 bytes,     384472 total
- age   2:     213112 bytes,     597584 total
- age   3:     281640 bytes,     879224 total
- age   4:     212136 bytes,    1091360 total
: 17809K->1067K(18624K), 0.0022757 secs] 26464K->10341K(83392K), 0.0023992 secs] [Times: user=0.01 sys=0.00, real=0.00 secs] 
34.799: [GC 34.799: [ParNew
Desired survivor size 1343488 bytes, new threshold 4 (max 4)
- age   1:     351696 bytes,     351696 total
- age   2:      82744 bytes,     434440 total
- age   3:     213112 bytes,     647552 total
- age   4:     220728 bytes,     868280 total
: 17047K->851K(18624K), 0.0016264 secs] 26321K->10332K(83392K), 0.0017279 secs] [Times: user=0.01 sys=0.00, real=0.00 secs] 
34.812: [GC 34.812: [ParNew
Desired survivor size 1343488 bytes, new threshold 4 (max 4)
- age   1:     546296 bytes,     546296 total
- age   2:     233320 bytes,     779616 total
- age   3:      82744 bytes,     862360 total
- age   4:     213112 bytes,    1075472 total
: 16841K->1053K(18624K), 0.0021254 secs] 26322K->10665K(83392K), 0.0023025 secs] [Times: user=0.00 sys=0.00, real=0.00 secs] 
34.826: [GC 34.826: [ParNew
Desired survivor size 1343488 bytes, new threshold 4 (max 4)
- age   1:     561792 bytes,     561792 total
- age   2:     221576 bytes,     783368 total
- age   3:     233320 bytes,    1016688 total
- age   4:      82744 bytes,    1099432 total
: 17051K->1077K(18624K), 0.0018341 secs] 26664K->10897K(83392K), 0.0019181 secs] [Times: user=0.00 sys=0.00, real=0.00 secs] 
34.841: [GC 34.841: [ParNew
Desired survivor size 1343488 bytes, new threshold 4 (max 4)
- age   1:     251888 bytes,     251888 total
- age   2:     155680 bytes,     407568 total
- age   3:     221576 bytes,     629144 total
- age   4:     233320 bytes,     862464 total
: 17015K->844K(18624K), 0.0018557 secs] 26836K->10746K(83392K), 0.0019556 secs] [Times: user=0.00 sys=0.00, real=0.01 secs] 
34.854: [GC 34.854: [ParNew
Desired survivor size 1343488 bytes, new threshold 4 (max 4)
- age   1:     484648 bytes,     484648 total
- age   2:     169128 bytes,     653776 total
- age   3:     155680 bytes,     809456 total
- age   4:     221576 bytes,    1031032 total
: 16792K->1009K(18624K), 0.0021341 secs] 26693K->11138K(83392K), 0.0022609 secs] [Times: user=0.00 sys=0.00, real=0.00 secs] 
34.870: [GC 34.870: [ParNew
Desired survivor size 1343488 bytes, new threshold 2 (max 4)
- age   1:    1056760 bytes,    1056760 total
- age   2:     358632 bytes,    1415392 total
- age   3:     169128 bytes,    1584520 total
- age   4:     155680 bytes,    1740200 total
: 16971K->1702K(18624K), 0.0023935 secs] 27100K->12047K(83392K), 0.0024980 secs] [Times: user=0.01 sys=0.00, real=0.01 secs] 
34.886: [GC 34.886: [ParNew
Desired survivor size 1343488 bytes, new threshold 2 (max 4)
- age   1:     631840 bytes,     631840 total
- age   2:     775264 bytes,    1407104 total
: 17694K->1376K(18624K), 0.0021846 secs] 28040K->12306K(83392K), 0.0022919 secs] [Times: user=0.00 sys=0.00, real=0.00 secs] 
34.900: [GC 34.901: [ParNew
Desired survivor size 1343488 bytes, new threshold 4 (max 4)
- age   1:     112840 bytes,     112840 total
- age   2:     617120 bytes,     729960 total
: 17376K->715K(18624K), 0.0017212 secs] 28306K->12168K(83392K), 0.0018352 secs] [Times: user=0.00 sys=0.00, real=0.01 secs] 
34.914: [GC 34.914: [ParNew
Desired survivor size 1343488 bytes, new threshold 4 (max 4)
- age   1:     264824 bytes,     264824 total
- age   2:      85720 bytes,     350544 total
- age   3:     617120 bytes,     967664 total
: 16709K->948K(18624K), 0.0017739 secs] 28163K->12401K(83392K), 0.0018957 secs] [Times: user=0.00 sys=0.00, real=0.00 secs] 
34.928: [GC 34.928: [ParNew
Desired survivor size 1343488 bytes, new threshold 4 (max 4)
- age   1:     577128 bytes,     577128 total
- age   2:     109128 bytes,     686256 total
- age   3:      84384 bytes,     770640 total
- age   4:     299472 bytes,    1070112 total
: 16940K->1049K(18624K), 0.0014874 secs] 28394K->12503K(83392K), 0.0015818 secs] [Times: user=0.00 sys=0.00, real=0.00 secs] 
34.942: [GC 34.942: [ParNew
Desired survivor size 1343488 bytes, new threshold 4 (max 4)
- age   1:     247448 bytes,     247448 total
- age   2:     430808 bytes,     678256 total
- age   3:      72496 bytes,     750752 total
- age   4:      84384 bytes,     835136 total
: 16999K->822K(18624K), 0.0014900 secs] 28452K->12473K(83392K), 0.0015789 secs] [Times: user=0.00 sys=0.00, real=0.00 secs] 
34.956: [GC 34.956: [ParNew
Desired survivor size 1343488 bytes, new threshold 3 (max 4)
- age   1:     824000 bytes,     824000 total
- age   2:     131552 bytes,     955552 total
- age   3:     428872 bytes,    1384424 total
- age   4:      72496 bytes,    1456920 total
: 16810K->1426K(18624K), 0.0018812 secs] 28461K->13159K(83392K), 0.0019813 secs] [Times: user=0.01 sys=0.00, real=0.00 secs] 
34.969: [GC 34.969: [ParNew
Desired survivor size 1343488 bytes, new threshold 4 (max 4)
- age   1:     349720 bytes,     349720 total
- age   2:     802992 bytes,    1152712 total
- age   3:     131552 bytes,    1284264 total
: 17404K->1262K(18624K), 0.0022030 secs] 29138K->13433K(83392K), 0.0023820 secs] [Times: user=0.00 sys=0.00, real=0.00 secs] 
34.983: [GC 34.983: [ParNew
Desired survivor size 1343488 bytes, new threshold 4 (max 4)
- age   1:     350360 bytes,     350360 total
- age   2:     319592 bytes,     669952 total
- age   3:     650240 bytes,    1320192 total
- age   4:     131552 bytes,    1451744 total
: 17237K->1421K(18624K), 0.0021667 secs] 29408K->13592K(83392K), 0.0022848 secs] [Times: user=0.00 sys=0.00, real=0.00 secs] 
34.998: [GC 34.998: [ParNew
Desired survivor size 1343488 bytes, new threshold 1 (max 4)
- age   1:    1612608 bytes,    1612608 total
- age   2:     237720 bytes,    1850328 total
- age   3:     319592 bytes,    2169920 total
- age   4:     176496 bytes,    2346416 total
: 17331K->2295K(18624K), 0.0027017 secs] 29502K->14595K(83392K), 0.0028130 secs] [Times: user=0.00 sys=0.00, real=0.00 secs] 
35.014: [GC 35.014: [ParNew
Desired survivor size 1343488 bytes, new threshold 4 (max 4)
- age   1:     410840 bytes,     410840 total
: 18220K->404K(18624K), 0.0025744 secs] 30520K->14546K(83392K), 0.0026920 secs] [Times: user=0.01 sys=0.00, real=0.00 secs] 
35.032: [GC 35.032: [ParNew
Desired survivor size 1343488 bytes, new threshold 4 (max 4)
- age   1:     557744 bytes,     557744 total
- age   2:     246168 bytes,     803912 total
: 16314K->787K(18624K), 0.0011016 secs] 30456K->14929K(83392K), 0.0012004 secs] [Times: user=0.01 sys=0.00, real=0.01 secs] 
35.045: [GC 35.045: [ParNew
Desired survivor size 1343488 bytes, new threshold 4 (max 4)
- age   1:     514328 bytes,     514328 total
- age   2:     488792 bytes,    1003120 total
- age   3:     246168 bytes,    1249288 total
: 16741K->1222K(18624K), 0.0022807 secs] 30883K->15364K(83392K), 0.0023611 secs] [Times: user=0.01 sys=0.00, real=0.00 secs] 
35.063: [GC 35.063: [ParNew
Desired survivor size 1343488 bytes, new threshold 4 (max 4)
- age   1:     459680 bytes,     459680 total
- age   2:     268056 bytes,     727736 total
- age   3:     324008 bytes,    1051744 total
- age   4:     246168 bytes,    1297912 total
: 17179K->1269K(18624K), 0.0015272 secs] 31321K->15411K(83392K), 0.0016162 secs] [Times: user=0.00 sys=0.00, real=0.00 secs] 
35.081: [GC 35.081: [ParNew
Desired survivor size 1343488 bytes, new threshold 3 (max 4)
- age   1:     844544 bytes,     844544 total
- age   2:     399728 bytes,    1244272 total
- age   3:     268016 bytes,    1512288 total
- age   4:     236880 bytes,    1749168 total
: 17269K->1712K(18624K), 0.0026609 secs] 31410K->16094K(83392K), 0.0027660 secs] [Times: user=0.00 sys=0.00, real=0.01 secs] 
35.096: [GC 35.096: [ParNew
Desired survivor size 1343488 bytes, new threshold 3 (max 4)
- age   1:     770896 bytes,     770896 total
- age   2:     533944 bytes,    1304840 total
- age   3:     399728 bytes,    1704568 total
: 17692K->1677K(18624K), 0.0030760 secs] 32074K->16552K(83392K), 0.0032156 secs] [Times: user=0.01 sys=0.00, real=0.00 secs] 
35.112: [GC 35.113: [ParNew
Desired survivor size 1343488 bytes, new threshold 4 (max 4)
- age   1:     266424 bytes,     266424 total
- age   2:     716656 bytes,     983080 total
- age   3:     283408 bytes,    1266488 total
: 17677K->1241K(18624K), 0.0021843 secs] 32552K->16505K(83392K), 0.0023062 secs] [Times: user=0.00 sys=0.00, real=0.00 secs] 
35.128: [GC 35.129: [ParNew
Desired survivor size 1343488 bytes, new threshold 3 (max 4)
- age   1:     510416 bytes,     510416 total
- age   2:     180024 bytes,     690440 total
- age   3:     716656 bytes,    1407096 total
- age   4:     283408 bytes,    1690504 total
: 17231K->1660K(18624K), 0.0029054 secs] 32494K->16923K(83392K), 0.0030267 secs] [Times: user=0.00 sys=0.00, real=0.00 secs] 
35.143: [GC 35.143: [ParNew
Desired survivor size 1343488 bytes, new threshold 4 (max 4)
- age   1:     551680 bytes,     551680 total
- age   2:     461024 bytes,    1012704 total
- age   3:       8800 bytes,    1021504 total
: 17641K->1003K(18624K), 0.0024123 secs] 32905K->16858K(83392K), 0.0025130 secs] [Times: user=0.00 sys=0.00, real=0.00 secs] 
35.158: [GC 35.158: [ParNew
Desired survivor size 1343488 bytes, new threshold 4 (max 4)
- age   1:     254792 bytes,     254792 total
- age   2:     436232 bytes,     691024 total
- age   3:     461024 bytes,    1152048 total
- age   4:       8160 bytes,    1160208 total
: 17001K->1136K(18624K), 0.0015540 secs] 32857K->16991K(83392K), 0.0016470 secs] [Times: user=0.00 sys=0.00, real=0.00 secs] 
35.172: [GC 35.172: [ParNew
Desired survivor size 1343488 bytes, new threshold 4 (max 4)
- age   1:     638656 bytes,     638656 total
- age   2:     171440 bytes,     810096 total
- age   3:     267216 bytes,    1077312 total
- age   4:     460320 bytes,    1537632 total
: 17069K->1505K(18624K), 0.0021016 secs] 32924K->17367K(83392K), 0.0022157 secs] [Times: user=0.00 sys=0.00, real=0.00 secs] 
35.187: [GC 35.187: [ParNew
Desired survivor size 1343488 bytes, new threshold 4 (max 4)
- age   1:     633104 bytes,     633104 total
- age   2:     571832 bytes,    1204936 total
- age   3:      51264 bytes,    1256200 total
- age   4:     267216 bytes,    1523416 total
: 17494K->1491K(18624K), 0.0030400 secs] 33357K->17803K(83392K), 0.0031367 secs] [Times: user=0.00 sys=0.00, real=0.00 secs] 
35.203: [GC 35.203: [ParNew
Desired survivor size 1343488 bytes, new threshold 3 (max 4)
- age   1:     732872 bytes,     732872 total
- age   2:     473560 bytes,    1206432 total
- age   3:     571832 bytes,    1778264 total
- age   4:      51264 bytes,    1829528 total
: 17424K->1787K(18624K), 0.0024191 secs] 33736K->18360K(83392K), 0.0025247 secs] [Times: user=0.00 sys=0.00, real=0.00 secs] 
35.218: [GC 35.218: [ParNew
Desired survivor size 1343488 bytes, new threshold 3 (max 4)
- age   1:     592968 bytes,     592968 total
- age   2:     654904 bytes,    1247872 total
- age   3:     399784 bytes,    1647656 total
: 17734K->1612K(18624K), 0.0022845 secs] 34307K->18524K(83392K), 0.0023954 secs] [Times: user=0.01 sys=0.00, real=0.00 secs] 
35.231: [GC 35.231: [ParNew
Desired survivor size 1343488 bytes, new threshold 3 (max 4)
- age   1:     616216 bytes,     616216 total
- age   2:     436768 bytes,    1052984 total
- age   3:     654904 bytes,    1707888 total
: 17549K->1670K(18624K), 0.0030575 secs] 34461K->18972K(83392K), 0.0031540 secs] [Times: user=0.00 sys=0.00, real=0.01 secs] 
35.247: [GC 35.247: [ParNew
Desired survivor size 1343488 bytes, new threshold 3 (max 4)
- age   1:     632536 bytes,     632536 total
- age   2:     461352 bytes,    1093888 total
- age   3:     436768 bytes,    1530656 total
: 17637K->1496K(18624K), 0.0026391 secs] 34939K->19438K(83392K), 0.0027311 secs] [Times: user=0.00 sys=0.00, real=0.00 secs] 
35.264: [GC 35.264: [ParNew
Desired survivor size 1343488 bytes, new threshold 4 (max 4)
- age   1:     252920 bytes,     252920 total
- age   2:     548512 bytes,     801432 total
- age   3:     461352 bytes,    1262784 total
: 17446K->1233K(18624K), 0.0021389 secs] 35388K->19602K(83392K), 0.0022508 secs] [Times: user=0.00 sys=0.00, real=0.00 secs] 
35.281: [GC 35.281: [ParNew
Desired survivor size 1343488 bytes, new threshold 4 (max 4)
- age   1:     347832 bytes,     347832 total
- age   2:      80392 bytes,     428224 total
- age   3:     268592 bytes,     696816 total
- age   4:     461352 bytes,    1158168 total
: 17232K->1136K(18624K), 0.0019065 secs] 35601K->19504K(83392K), 0.0019988 secs] [Times: user=0.00 sys=0.00, real=0.01 secs] 
35.295: [GC 35.295: [ParNew
Desired survivor size 1343488 bytes, new threshold 4 (max 4)
- age   1:     113344 bytes,     113344 total
- age   2:     300400 bytes,     413744 total
- age   3:      80392 bytes,     494136 total
- age   4:     268592 bytes,     762728 total
: 17135K->754K(18624K), 0.0018274 secs] 35503K->19573K(83392K), 0.0019655 secs] [Times: user=0.01 sys=0.00, real=0.00 secs] 
35.311: [GC 35.311: [ParNew
Desired survivor size 1343488 bytes, new threshold 4 (max 4)
- age   1:     284616 bytes,     284616 total
- age   2:      28088 bytes,     312704 total
- age   3:     215520 bytes,     528224 total
- age   4:      80392 bytes,     608616 total
: 16754K->619K(18624K), 0.0016607 secs] 35573K->19700K(83392K), 0.0018003 secs] [Times: user=0.00 sys=0.00, real=0.01 secs] 
35.324: [GC 35.324: [ParNew
Desired survivor size 1343488 bytes, new threshold 4 (max 4)
- age   1:     882048 bytes,     882048 total
- age   2:     230632 bytes,    1112680 total
- age   3:      28088 bytes,    1140768 total
- age   4:     215520 bytes,    1356288 total
: 16610K->1327K(18624K), 0.0018953 secs] 35691K->20485K(83392K), 0.0020336 secs] [Times: user=0.00 sys=0.00, real=0.00 secs] 
35.342: [GC 35.342: [ParNew
Desired survivor size 1343488 bytes, new threshold 3 (max 4)
- age   1:     486776 bytes,     486776 total
- age   2:     821128 bytes,    1307904 total
- age   3:     230632 bytes,    1538536 total
- age   4:      28088 bytes,    1566624 total
: 17282K->1533K(18624K), 0.0023981 secs] 36440K->20901K(83392K), 0.0024935 secs] [Times: user=0.00 sys=0.00, real=0.01 secs] 
35.357: [GC 35.357: [ParNew
Desired survivor size 1343488 bytes, new threshold 3 (max 4)
- age   1:     339216 bytes,     339216 total
- age   2:     305672 bytes,     644888 total
- age   3:     821128 bytes,    1466016 total
: 17530K->1436K(18624K), 0.0023331 secs] 36898K->21056K(83392K), 0.0024442 secs] [Times: user=0.01 sys=0.00, real=0.00 secs] 
35.371: [GC 35.371: [ParNew
Desired survivor size 1343488 bytes, new threshold 4 (max 4)
- age   1:     385800 bytes,     385800 total
- age   2:     256552 bytes,     642352 total
- age   3:     304936 bytes,     947288 total
: 17436K->937K(18624K), 0.0018137 secs] 37056K->21045K(83392K), 0.0020501 secs] [Times: user=0.00 sys=0.00, real=0.01 secs] 
35.385: [GC 35.385: [ParNew
Desired survivor size 1343488 bytes, new threshold 4 (max 4)
- age   1:     190360 bytes,     190360 total
- age   2:     257000 bytes,     447360 total
- age   3:     256552 bytes,     703912 total
- age   4:     304936 bytes,    1008848 total
: 16908K->989K(18624K), 0.0018847 secs] 37016K->21098K(83392K), 0.0019723 secs] [Times: user=0.00 sys=0.00, real=0.00 secs] 
35.398: [GC 35.398: [ParNew
Desired survivor size 1343488 bytes, new threshold 4 (max 4)
- age   1:     720920 bytes,     720920 total
- age   2:     138024 bytes,     858944 total
- age   3:     257000 bytes,    1115944 total
- age   4:     256552 bytes,    1372496 total
: 16957K->1347K(18624K), 0.0021203 secs] 37065K->21753K(83392K), 0.0022107 secs] [Times: user=0.01 sys=0.00, real=0.00 secs] 
35.412: [GC 35.412: [ParNew
Desired survivor size 1343488 bytes, new threshold 4 (max 4)
- age   1:     382736 bytes,     382736 total
- age   2:     486624 bytes,     869360 total
- age   3:     138024 bytes,    1007384 total
- age   4:     257000 bytes,    1264384 total
: 17278K->1237K(18624K), 0.0019940 secs] 37684K->21893K(83392K), 0.0021040 secs] [Times: user=0.01 sys=0.00, real=0.01 secs] 
35.426: [GC 35.426: [ParNew
Desired survivor size 1343488 bytes, new threshold 3 (max 4)
- age   1:     601464 bytes,     601464 total
- age   2:     336528 bytes,     937992 total
- age   3:     486624 bytes,    1424616 total
- age   4:     138024 bytes,    1562640 total
: 17212K->1528K(18624K), 0.0019448 secs] 37869K->22436K(83392K), 0.0020362 secs] [Times: user=0.00 sys=0.00, real=0.00 secs] 
35.445: [GC 35.445: [ParNew
Desired survivor size 1343488 bytes, new threshold 4 (max 4)
- age   1:     369056 bytes,     369056 total
- age   2:     435024 bytes,     804080 total
- age   3:     336528 bytes,    1140608 total
: 17528K->1115K(18624K), 0.0019046 secs] 38436K->22632K(83392K), 0.0019888 secs] [Times: user=0.00 sys=0.00, real=0.00 secs] 
35.459: [GC 35.459: [ParNew
Desired survivor size 1343488 bytes, new threshold 4 (max 4)
- age   1:     429904 bytes,     429904 total
- age   2:     361640 bytes,     791544 total
- age   3:     280680 bytes,    1072224 total
- age   4:     270664 bytes,    1342888 total
: 17097K->1318K(18624K), 0.0017325 secs] 38615K->22835K(83392K), 0.0018334 secs] [Times: user=0.00 sys=0.00, real=0.00 secs] 
35.473: [GC 35.473: [ParNew
Desired survivor size 1343488 bytes, new threshold 3 (max 4)
- age   1:     659320 bytes,     659320 total
- age   2:     411504 bytes,    1070824 total
- age   3:     361640 bytes,    1432464 total
- age   4:     280680 bytes,    1713144 total
: 17292K->1687K(18624K), 0.0023222 secs] 38809K->23469K(83392K), 0.0024706 secs] [Times: user=0.01 sys=0.00, real=0.00 secs] 
35.486: [GC 35.486: [ParNew
Desired survivor size 1343488 bytes, new threshold 4 (max 4)
- age   1:     235864 bytes,     235864 total
- age   2:     598280 bytes,     834144 total
- age   3:     411504 bytes,    1245648 total
: 17686K->1233K(18624K), 0.0046171 secs] 39467K->23642K(83392K), 0.0047385 secs] [Times: user=0.00 sys=0.00, real=0.00 secs] 
35.502: [GC 35.503: [ParNew
Desired survivor size 1343488 bytes, new threshold 4 (max 4)
- age   1:     198872 bytes,     198872 total
- age   2:     189168 bytes,     388040 total
- age   3:     598240 bytes,     986280 total
- age   4:     411504 bytes,    1397784 total
: 17203K->1370K(18624K), 0.0018811 secs] 39612K->23779K(83392K), 0.0019741 secs] [Times: user=0.00 sys=0.00, real=0.00 secs] 
35.516: [GC 35.516: [ParNew
Desired survivor size 1343488 bytes, new threshold 4 (max 4)
- age   1:     354792 bytes,     354792 total
- age   2:     167480 bytes,     522272 total
- age   3:     189168 bytes,     711440 total
- age   4:     221688 bytes,     933128 total
: 17365K->915K(18624K), 0.0017339 secs] 39774K->23725K(83392K), 0.0018505 secs] [Times: user=0.00 sys=0.00, real=0.00 secs] 
35.530: [GC 35.530: [ParNew
Desired survivor size 1343488 bytes, new threshold 4 (max 4)
- age   1:     537112 bytes,     537112 total
- age   2:     270088 bytes,     807200 total
- age   3:     167480 bytes,     974680 total
- age   4:     189168 bytes,    1163848 total
: 16877K->1140K(18624K), 0.0028960 secs] 39688K->24167K(83392K), 0.0029900 secs] [Times: user=0.00 sys=0.00, real=0.01 secs] 
35.552: [GC 35.552: [ParNew
Desired survivor size 1343488 bytes, new threshold 4 (max 4)
- age   1:     411072 bytes,     411072 total
- age   2:     293336 bytes,     704408 total
- age   3:     270088 bytes,     974496 total
- age   4:     167480 bytes,    1141976 total
: 17140K->1118K(18624K), 0.0017187 secs] 40167K->24330K(83392K), 0.0018471 secs] [Times: user=0.00 sys=0.00, real=0.00 secs] 
35.570: [GC 35.571: [ParNew
Desired survivor size 1343488 bytes, new threshold 4 (max 4)
- age   1:     465240 bytes,     465240 total
- age   2:     409416 bytes,     874656 total
- age   3:     178856 bytes,    1053512 total
- age   4:     151768 bytes,    1205280 total
: 17110K->1181K(18624K), 0.0019501 secs] 40322K->24557K(83392K), 0.0022145 secs] [Times: user=0.00 sys=0.00, real=0.01 secs] 
35.584: [GC 35.585: [ParNew
Desired survivor size 1343488 bytes, new threshold 4 (max 4)
- age   1:     162456 bytes,     162456 total
- age   2:     356472 bytes,     518928 total
- age   3:     409416 bytes,     928344 total
- age   4:     178856 bytes,    1107200 total
: 17101K->1095K(18624K), 0.0019308 secs] 40476K->24619K(83392K), 0.0020376 secs] [Times: user=0.00 sys=0.00, real=0.00 secs] 
35.602: [GC 35.602: [ParNew
Desired survivor size 1343488 bytes, new threshold 4 (max 4)
- age   1:     175128 bytes,     175128 total
- age   3:     298960 bytes,     474088 total
- age   4:     409416 bytes,     883504 total
: 17095K->878K(18624K), 0.0020801 secs] 40619K->24461K(83392K), 0.0021651 secs] [Times: user=0.00 sys=0.00, real=0.00 secs] 
35.615: [GC 35.615: [ParNew
Desired survivor size 1343488 bytes, new threshold 4 (max 4)
- age   1:     679656 bytes,     679656 total
- age   2:     175128 bytes,     854784 total
- age   4:     298960 bytes,    1153744 total
: 16861K->1144K(18624K), 0.0028402 secs] 40443K->25085K(83392K), 0.0029751 secs] [Times: user=0.00 sys=0.00, real=0.00 secs] 
35.629: [GC 35.629: [ParNew
Desired survivor size 1343488 bytes, new threshold 4 (max 4)
- age   1:     383120 bytes,     383120 total
- age   2:     379096 bytes,     762216 total
- age   3:     175128 bytes,     937344 total
: 17109K->923K(18624K), 0.0017304 secs] 41051K->25159K(83392K), 0.0018306 secs] [Times: user=0.01 sys=0.00, real=0.00 secs] 
35.643: [GC 35.643: [ParNew
Desired survivor size 1343488 bytes, new threshold 4 (max 4)
- age   1:     323136 bytes,     323136 total
- age   2:         32 bytes,     323168 total
- age   3:     201008 bytes,     524176 total
- age   4:     132792 bytes,     656968 total
: 16891K->645K(18624K), 0.0011856 secs] 41126K->24881K(83392K), 0.0012749 secs] [Times: user=0.00 sys=0.00, real=0.00 secs] 
35.655: [GC 35.656: [ParNew
Desired survivor size 1343488 bytes, new threshold 4 (max 4)
- age   1:     259712 bytes,     259712 total
- age   2:     323136 bytes,     582848 total
- age   3:         32 bytes,     582880 total
- age   4:     201008 bytes,     783888 total
: 16637K->768K(18624K), 0.0015839 secs] 40872K->25133K(83392K), 0.0016870 secs] [Times: user=0.00 sys=0.00, real=0.00 secs] 
35.669: [GC 35.669: [ParNew
Desired survivor size 1343488 bytes, new threshold 4 (max 4)
- age   1:     191992 bytes,     191992 total
- age   2:     129184 bytes,     321176 total
- age   3:     323136 bytes,     644312 total
- age   4:         32 bytes,     644344 total
: 16749K->630K(18624K), 0.0015196 secs] 41114K->25192K(83392K), 0.0016143 secs] [Times: user=0.00 sys=0.00, real=0.00 secs] 
35.682: [GC 35.682: [ParNew
Desired survivor size 1343488 bytes, new threshold 4 (max 4)
- age   1:     249088 bytes,     249088 total
- age   2:      28136 bytes,     277224 total
- age   3:     129184 bytes,     406408 total
- age   4:     323136 bytes,     729544 total
: 16622K->714K(18624K), 0.0014609 secs] 41183K->25276K(83392K), 0.0015583 secs] [Times: user=0.00 sys=0.00, real=0.01 secs] 
35.695: [GC 35.696: [ParNew
Desired survivor size 1343488 bytes, new threshold 4 (max 4)
- age   1:     968248 bytes,     968248 total
- age   2:      58928 bytes,    1027176 total
- age   3:      28136 bytes,    1055312 total
- age   4:     129184 bytes,    1184496 total
: 16594K->1161K(18624K), 0.0018024 secs] 41155K->26037K(83392K), 0.0019606 secs] [Times: user=0.01 sys=0.00, real=0.00 secs] 
35.708: [GC 35.709: [ParNew
Desired survivor size 1343488 bytes, new threshold 4 (max 4)
- age   1:     318016 bytes,     318016 total
- age   2:     746976 bytes,    1064992 total
- age   3:      58928 bytes,    1123920 total
- age   4:      28136 bytes,    1152056 total
: 17115K->1129K(18624K), 0.0021635 secs] 41992K->26132K(83392K), 0.0022667 secs] [Times: user=0.01 sys=0.00, real=0.00 secs] 
35.724: [GC 35.724: [ParNew
Desired survivor size 1343488 bytes, new threshold 4 (max 4)
- age   1:     502368 bytes,     502368 total
- age   2:     162320 bytes,     664688 total
- age   3:     672224 bytes,    1336912 total
- age   4:      58928 bytes,    1395840 total
: 17060K->1368K(18624K), 0.0019560 secs] 42063K->26399K(83392K), 0.0020507 secs] [Times: user=0.01 sys=0.00, real=0.00 secs] 
35.739: [GC 35.740: [ParNew
Desired survivor size 1343488 bytes, new threshold 4 (max 4)
- age   1:     383088 bytes,     383088 total
- age   2:     331752 bytes,     714840 total
- age   3:     162320 bytes,     877160 total
- age   4:     440984 bytes,    1318144 total
: 17307K->1290K(18624K), 0.0034499 secs] 42337K->26378K(83392K), 0.0036034 secs] [Times: user=0.01 sys=0.00, real=0.01 secs] 
35.755: [GC 35.755: [ParNew
Desired survivor size 1343488 bytes, new threshold 4 (max 4)
- age   1:     113576 bytes,     113576 total
- age   2:     303016 bytes,     416592 total
- age   3:     304736 bytes,     721328 total
- age   4:     162320 bytes,     883648 total
: 17286K->865K(18624K), 0.0018953 secs] 42374K->26196K(83392K), 0.0020008 secs] [Times: user=0.00 sys=0.00, real=0.00 secs] 
35.771: [GC 35.771: [ParNew
Desired survivor size 1343488 bytes, new threshold 4 (max 4)
- age   1:     305568 bytes,     305568 total
- age   2:      45464 bytes,     351032 total
- age   3:     302312 bytes,     653344 total
- age   4:     222944 bytes,     876288 total
: 16825K->859K(18624K), 0.0013670 secs] 42156K->26348K(83392K), 0.0014488 secs] [Times: user=0.00 sys=0.00, real=0.01 secs] 
35.786: [GC 35.786: [ParNew
Desired survivor size 1343488 bytes, new threshold 4 (max 4)
- age   1:     337944 bytes,     337944 total
- age   2:       1888 bytes,     339832 total
- age   3:      45464 bytes,     385296 total
- age   4:     302312 bytes,     687608 total
: 16843K->674K(18624K), 0.0015552 secs] 42333K->26381K(83392K), 0.0017063 secs] [Times: user=0.00 sys=0.00, real=0.00 secs] 
35.799: [GC 35.799: [ParNew
Desired survivor size 1343488 bytes, new threshold 4 (max 4)
- age   1:     581912 bytes,     581912 total
- age   2:      95648 bytes,     677560 total
- age   3:       1888 bytes,     679448 total
- age   4:      45464 bytes,     724912 total
: 16661K->714K(18624K), 0.0018082 secs] 42368K->26716K(83392K), 0.0019090 secs] [Times: user=0.01 sys=0.00, real=0.00 secs] 
35.814: [GC 35.814: [ParNew
Desired survivor size 1343488 bytes, new threshold 4 (max 4)
- age   1:     545368 bytes,     545368 total
- age   2:     501632 bytes,    1047000 total
- age   3:      95648 bytes,    1142648 total
- age   4:       1888 bytes,    1144536 total
: 16701K->1122K(18624K), 0.0017843 secs] 42703K->27169K(83392K), 0.0019154 secs] [Times: user=0.01 sys=0.00, real=0.00 secs] 
35.827: [GC 35.828: [ParNew
Desired survivor size 1343488 bytes, new threshold 4 (max 4)
- age   1:     415704 bytes,     415704 total
- age   2:     160712 bytes,     576416 total
- age   3:     501632 bytes,    1078048 total
- age   4:       9160 bytes,    1087208 total
: 17121K->1068K(18624K), 0.0016379 secs] 43168K->27116K(83392K), 0.0017426 secs] [Times: user=0.00 sys=0.00, real=0.00 secs] 
35.841: [GC 35.841: [ParNew
Desired survivor size 1343488 bytes, new threshold 4 (max 4)
- age   1:     563232 bytes,     563232 total
- age   2:     278784 bytes,     842016 total
- age   3:     160712 bytes,    1002728 total
- age   4:     108064 bytes,    1110792 total
: 17055K->1093K(18624K), 0.0019215 secs] 43104K->27151K(83392K), 0.0020513 secs] [Times: user=0.00 sys=0.00, real=0.01 secs] 
35.854: [GC 35.854: [ParNew
Desired survivor size 1343488 bytes, new threshold 4 (max 4)
- age   1:     121864 bytes,     121864 total
- age   2:     535232 bytes,     657096 total
- age   3:      30912 bytes,     688008 total
- age   4:     160712 bytes,     848720 total
: 17066K->831K(18624K), 0.0016628 secs] 43123K->26994K(83392K), 0.0017619 secs] [Times: user=0.00 sys=0.00, real=0.00 secs] 
35.867: [GC 35.867: [ParNew
Desired survivor size 1343488 bytes, new threshold 4 (max 4)
- age   1:     404912 bytes,     404912 total
- age   2:      36728 bytes,     441640 total
- age   3:     290040 bytes,     731680 total
- age   4:      30912 bytes,     762592 total
: 16785K->747K(18624K), 0.0014602 secs] 42948K->27067K(83392K), 0.0015585 secs] [Times: user=0.00 sys=0.00, real=0.00 secs] 
35.885: [GC 35.885: [ParNew
Desired survivor size 1343488 bytes, new threshold 4 (max 4)
- age   1:     714856 bytes,     714856 total
- age   2:      34456 bytes,     749312 total
- age   3:      36728 bytes,     786040 total
- age   4:      45016 bytes,     831056 total
: 16727K->813K(18624K), 0.0016701 secs] 43047K->27164K(83392K), 0.0017752 secs] [Times: user=0.00 sys=0.00, real=0.00 secs] 
35.901: [GC 35.901: [ParNew
Desired survivor size 1343488 bytes, new threshold 4 (max 4)
- age   1:     492960 bytes,     492960 total
- age   2:     382448 bytes,     875408 total
- age   3:      34456 bytes,     909864 total
- age   4:      36728 bytes,     946592 total
: 16770K->927K(18624K), 0.0013555 secs] 43120K->27321K(83392K), 0.0014604 secs] [Times: user=0.01 sys=0.00, real=0.01 secs] 
35.918: [GC 35.918: [ParNew
Desired survivor size 1343488 bytes, new threshold 3 (max 4)
- age   1:     888432 bytes,     888432 total
- age   2:     305080 bytes,    1193512 total
- age   3:     382448 bytes,    1575960 total
- age   4:      34456 bytes,    1610416 total
: 16892K->1574K(18624K), 0.0021653 secs] 43286K->27969K(83392K), 0.0022579 secs] [Times: user=0.01 sys=0.00, real=0.00 secs] 
35.931: [GC 35.932: [ParNew
Desired survivor size 1343488 bytes, new threshold 2 (max 4)
- age   1:     784256 bytes,     784256 total
- age   2:     665696 bytes,    1449952 total
- age   3:     305080 bytes,    1755032 total
: 17553K->1718K(18624K), 0.0021980 secs] 43947K->28358K(83392K), 0.0025402 secs] [Times: user=0.00 sys=0.00, real=0.01 secs] 
35.948: [GC 35.948: [ParNew
Desired survivor size 1343488 bytes, new threshold 4 (max 4)
- age   1:     245952 bytes,     245952 total
- age   2:     586080 bytes,     832032 total
: 17718K->815K(18624K), 0.0018379 secs] 44358K->28077K(83392K), 0.0019281 secs] [Times: user=0.00 sys=0.01, real=0.00 secs] 
35.961: [GC 35.961: [ParNew
Desired survivor size 1343488 bytes, new threshold 4 (max 4)
- age   1:     371184 bytes,     371184 total
- age   2:     164376 bytes,     535560 total
- age   3:     503328 bytes,    1038888 total
: 16783K->1017K(18624K), 0.0016557 secs] 44045K->28279K(83392K), 0.0017521 secs] [Times: user=0.01 sys=0.00, real=0.01 secs] 
35.974: [GC 35.974: [ParNew
Desired survivor size 1343488 bytes, new threshold 4 (max 4)
- age   1:     363304 bytes,     363304 total
- age   2:     189304 bytes,     552608 total
- age   3:     164376 bytes,     716984 total
- age   4:     503328 bytes,    1220312 total
: 17009K->1195K(18624K), 0.0018137 secs] 44271K->28456K(83392K), 0.0019136 secs] [Times: user=0.00 sys=0.00, real=0.00 secs] 
35.987: [GC 35.987: [ParNew
Desired survivor size 1343488 bytes, new threshold 4 (max 4)
- age   1:     328984 bytes,     328984 total
- age   2:     261040 bytes,     590024 total
- age   3:      90568 bytes,     680592 total
- age   4:     164376 bytes,     844968 total
: 17193K->828K(18624K), 0.0020802 secs] 44455K->28480K(83392K), 0.0021976 secs] [Times: user=0.00 sys=0.00, real=0.00 secs] 
36.002: [GC 36.002: [ParNew
Desired survivor size 1343488 bytes, new threshold 4 (max 4)
- age   1:     394936 bytes,     394936 total
- age   3:     261040 bytes,     655976 total
- age   4:      90568 bytes,     746544 total
: 16788K->733K(18624K), 0.0013375 secs] 44440K->28546K(83392K), 0.0014558 secs] [Times: user=0.00 sys=0.00, real=0.00 secs] 
36.016: [GC 36.016: [ParNew
Desired survivor size 1343488 bytes, new threshold 4 (max 4)
- age   1:     157824 bytes,     157824 total
- age   2:     165824 bytes,     323648 total
- age   4:     261040 bytes,     584688 total
: 16691K->574K(18624K), 0.0012050 secs] 44504K->28476K(83392K), 0.0013539 secs] [Times: user=0.00 sys=0.00, real=0.00 secs] 
36.028: [GC 36.028: [ParNew
Desired survivor size 1343488 bytes, new threshold 4 (max 4)
- age   1:     341560 bytes,     341560 total
- age   2:     110104 bytes,     451664 total
- age   3:         32 bytes,     451696 total
: 16532K->444K(18624K), 0.0012460 secs] 44433K->28601K(83392K), 0.0013348 secs] [Times: user=0.01 sys=0.00, real=0.00 secs] 
36.042: [GC 36.042: [ParNew
Desired survivor size 1343488 bytes, new threshold 4 (max 4)
- age   1:     641888 bytes,     641888 total
- age   2:     108912 bytes,     750800 total
- age   3:     110104 bytes,     860904 total
: 16380K->842K(18624K), 0.0020543 secs] 44536K->28999K(83392K), 0.0021536 secs] [Times: user=0.00 sys=0.00, real=0.01 secs] 
36.056: [GC 36.056: [ParNew
Desired survivor size 1343488 bytes, new threshold 4 (max 4)
- age   1:     221584 bytes,     221584 total
- age   2:     443752 bytes,     665336 total
- age   4:     110104 bytes,     775440 total
: 16792K->760K(18624K), 0.0018506 secs] 44949K->28916K(83392K), 0.0019633 secs] [Times: user=0.00 sys=0.00, real=0.00 secs] 
36.069: [GC 36.070: [ParNew
Desired survivor size 1343488 bytes, new threshold 4 (max 4)
- age   1:     248032 bytes,     248032 total
- age   2:     164792 bytes,     412824 total
- age   3:     253848 bytes,     666672 total
: 16637K->654K(18624K), 0.0015216 secs] 44793K->28918K(83392K), 0.0016092 secs] [Times: user=0.00 sys=0.00, real=0.00 secs] 
36.084: [GC 36.084: [ParNew
Desired survivor size 1343488 bytes, new threshold 4 (max 4)
- age   1:     195656 bytes,     195656 total
- age   2:     179920 bytes,     375576 total
- age   3:      51000 bytes,     426576 total
- age   4:     253736 bytes,     680312 total
: 16647K->672K(18624K), 0.0014618 secs] 44911K->28936K(83392K), 0.0015640 secs] [Times: user=0.00 sys=0.00, real=0.00 secs] 
36.097: [GC 36.097: [ParNew
Desired survivor size 1343488 bytes, new threshold 4 (max 4)
- age   1:     141040 bytes,     141040 total
- age   2:     182360 bytes,     323400 total
- age   4:      51000 bytes,     374400 total
: 16656K->371K(18624K), 0.0020523 secs] 44920K->28883K(83392K), 0.0021752 secs] [Times: user=0.01 sys=0.00, real=0.00 secs] 
36.111: [GC 36.111: [ParNew
Desired survivor size 1343488 bytes, new threshold 4 (max 4)
- age   1:     564624 bytes,     564624 total
- age   2:     120680 bytes,     685304 total
- age   3:     182360 bytes,     867664 total
: 16369K->847K(18624K), 0.0015041 secs] 44881K->29409K(83392K), 0.0016090 secs] [Times: user=0.00 sys=0.00, real=0.01 secs] 
36.123: [GC 36.124: [ParNew
Desired survivor size 1343488 bytes, new threshold 3 (max 4)
- age   1:     876368 bytes,     876368 total
- age   2:     415688 bytes,    1292056 total
- age   3:     120680 bytes,    1412736 total
- age   4:     182360 bytes,    1595096 total
: 16843K->1570K(18624K), 0.0020855 secs] 45405K->30132K(83392K), 0.0021887 secs] [Times: user=0.00 sys=0.00, real=0.00 secs] 
36.139: [GC 36.139: [ParNew
Desired survivor size 1343488 bytes, new threshold 3 (max 4)
- age   1:     674928 bytes,     674928 total
- age   2:     445168 bytes,    1120096 total
- age   3:     415688 bytes,    1535784 total
: 17501K->1505K(18624K), 0.0024246 secs] 46063K->30363K(83392K), 0.0026965 secs] [Times: user=0.01 sys=0.00, real=0.00 secs] 
36.153: [GC 36.153: [ParNew
Desired survivor size 1343488 bytes, new threshold 4 (max 4)
- age   1:     574864 bytes,     574864 total
- age   2:     278568 bytes,     853432 total
- age   3:     240944 bytes,    1094376 total
: 17482K->1078K(18624K), 0.0022200 secs] 46339K->30342K(83392K), 0.0023273 secs] [Times: user=0.01 sys=0.00, real=0.00 secs] 
36.166: [GC 36.166: [ParNew
Desired survivor size 1343488 bytes, new threshold 4 (max 4)
- age   1:     383480 bytes,     383480 total
- age   2:     238184 bytes,     621664 total
- age   3:     278568 bytes,     900232 total
- age   4:     240944 bytes,    1141176 total
: 17070K->1118K(18624K), 0.0017306 secs] 46334K->30381K(83392K), 0.0018379 secs] [Times: user=0.00 sys=0.00, real=0.00 secs] 
36.179: [GC 36.179: [ParNew
Desired survivor size 1343488 bytes, new threshold 4 (max 4)
- age   1:     363872 bytes,     363872 total
- age   2:     192616 bytes,     556488 total
- age   3:     238184 bytes,     794672 total
- age   4:     278568 bytes,    1073240 total
: 17105K->1051K(18624K), 0.0018715 secs] 46368K->30550K(83392K), 0.0019961 secs] [Times: user=0.00 sys=0.00, real=0.00 secs] 
36.194: [GC 36.194: [ParNew
Desired survivor size 1343488 bytes, new threshold 4 (max 4)
- age   1:     600392 bytes,     600392 total
- age   2:     224096 bytes,     824488 total
- age   3:     192616 bytes,    1017104 total
- age   4:     238184 bytes,    1255288 total
: 17033K->1229K(18624K), 0.0028742 secs] 46532K->31000K(83392K), 0.0029659 secs] [Times: user=0.00 sys=0.00, real=0.00 secs] 
36.209: [GC 36.209: [ParNew
Desired survivor size 1343488 bytes, new threshold 2 (max 4)
- age   1:    1032120 bytes,    1032120 total
- age   2:     501632 bytes,    1533752 total
- age   3:     224096 bytes,    1757848 total
- age   4:     192616 bytes,    1950464 total
: 17174K->1908K(18624K), 0.0023659 secs] 46945K->31911K(83392K), 0.0025962 secs] [Times: user=0.00 sys=0.00, real=0.00 secs] 
36.223: [GC 36.223: [ParNew
Desired survivor size 1343488 bytes, new threshold 4 (max 4)
- age   1:     341192 bytes,     341192 total
- age   2:     619928 bytes,     961120 total
: 17878K->942K(18624K), 0.0023044 secs] 47881K->31842K(83392K), 0.0024133 secs] [Times: user=0.01 sys=0.01, real=0.00 secs] 
36.236: [GC 36.236: [ParNew
Desired survivor size 1343488 bytes, new threshold 3 (max 4)
- age   1:    1264176 bytes,    1264176 total
- age   3:     402104 bytes,    1666280 total
: 16869K->1628K(18624K), 0.0027407 secs] 47769K->32529K(83392K), 0.0028680 secs] [Times: user=0.00 sys=0.00, real=0.00 secs] 
36.255: [GC 36.255: [ParNew
Desired survivor size 1343488 bytes, new threshold 4 (max 4)
- age   1:     242152 bytes,     242152 total
- age   2:     802432 bytes,    1044584 total
: 17575K->1022K(18624K), 0.0027293 secs] 48475K->32315K(83392K), 0.0028616 secs] [Times: user=0.00 sys=0.00, real=0.00 secs] 
36.268: [GC 36.268: [ParNew
Desired survivor size 1343488 bytes, new threshold 4 (max 4)
- age   1:     320872 bytes,     320872 total
- age   2:      61944 bytes,     382816 total
- age   3:     485856 bytes,     868672 total
: 17004K->851K(18624K), 0.0013887 secs] 48297K->32143K(83392K), 0.0014765 secs] [Times: user=0.00 sys=0.00, real=0.00 secs] 
36.282: [GC 36.282: [ParNew
Desired survivor size 1343488 bytes, new threshold 4 (max 4)
- age   1:     312952 bytes,     312952 total
- age   2:      65976 bytes,     378928 total
- age   3:      61432 bytes,     440360 total
- age   4:     485856 bytes,     926216 total
: 16832K->907K(18624K), 0.0016337 secs] 48125K->32200K(83392K), 0.0017308 secs] [Times: user=0.00 sys=0.00, real=0.00 secs] 
36.296: [GC 36.296: [ParNew
Desired survivor size 1343488 bytes, new threshold 4 (max 4)
- age   1:     410064 bytes,     410064 total
- age   2:     144568 bytes,     554632 total
- age   3:      65976 bytes,     620608 total
- age   4:      61432 bytes,     682040 total
: 16905K->672K(18624K), 0.0017859 secs] 48198K->32440K(83392K), 0.0018842 secs] [Times: user=0.00 sys=0.00, real=0.00 secs] 
36.309: [GC 36.309: [ParNew
Desired survivor size 1343488 bytes, new threshold 4 (max 4)
- age   1:     659488 bytes,     659488 total
- age   2:     250328 bytes,     909816 total
- age   3:     144568 bytes,    1054384 total
- age   4:      65976 bytes,    1120360 total
: 16654K->1103K(18624K), 0.0018793 secs] 48422K->32930K(83392K), 0.0019726 secs] [Times: user=0.00 sys=0.00, real=0.00 secs] 
36.323: [GC 36.324: [ParNew
Desired survivor size 1343488 bytes, new threshold 4 (max 4)
- age   1:     476848 bytes,     476848 total
- age   2:     350104 bytes,     826952 total
- age   3:     250328 bytes,    1077280 total
- age   4:     144568 bytes,    1221848 total
: 17062K->1198K(18624K), 0.0019134 secs] 48889K->33090K(83392K), 0.0020395 secs] [Times: user=0.01 sys=0.00, real=0.00 secs] 
36.336: [GC 36.337: [ParNew
Desired survivor size 1343488 bytes, new threshold 3 (max 4)
- age   1:    1128888 bytes,    1128888 total
- age   2:      71192 bytes,    1200080 total
- age   3:     272144 bytes,    1472224 total
- age   4:     250328 bytes,    1722552 total
: 17196K->1690K(18624K), 0.0032990 secs] 49088K->33723K(83392K), 0.0034118 secs] [Times: user=0.00 sys=0.00, real=0.00 secs] 
36.352: [GC 36.352: [ParNew
Desired survivor size 1343488 bytes, new threshold 2 (max 4)
- age   1:     623032 bytes,     623032 total
- age   2:    1065784 bytes,    1688816 total
- age   3:      71192 bytes,    1760008 total
: 17675K->1722K(18624K), 0.0028306 secs] 49708K->34265K(83392K), 0.0029357 secs] [Times: user=0.00 sys=0.00, real=0.00 secs] 
36.367: [GC 36.367: [ParNew
Desired survivor size 1343488 bytes, new threshold 4 (max 4)
- age   1:     196784 bytes,     196784 total
- age   2:     589312 bytes,     786096 total
: 17716K->771K(18624K), 0.0021434 secs] 50259K->34138K(83392K), 0.0023264 secs] [Times: user=0.01 sys=0.00, real=0.00 secs] 
36.380: [GC 36.380: [ParNew
Desired survivor size 1343488 bytes, new threshold 4 (max 4)
- age   1:     691536 bytes,     691536 total
- age   2:      41920 bytes,     733456 total
- age   3:     589312 bytes,    1322768 total
: 16748K->1295K(18624K), 0.0021415 secs] 50116K->34662K(83392K), 0.0022432 secs] [Times: user=0.00 sys=0.00, real=0.01 secs] 
36.395: [GC 36.395: [ParNew
Desired survivor size 1343488 bytes, new threshold 2 (max 4)
- age   1:     764776 bytes,     764776 total
- age   2:     652304 bytes,    1417080 total
- age   3:      41920 bytes,    1459000 total
- age   4:     589312 bytes,    2048312 total
: 17295K->2003K(18624K), 0.0021972 secs] 50662K->35370K(83392K), 0.0022987 secs] [Times: user=0.00 sys=0.00, real=0.00 secs] 
36.410: [GC 36.410: [ParNew
Desired survivor size 1343488 bytes, new threshold 4 (max 4)
- age   1:     497792 bytes,     497792 total
- age   2:     725448 bytes,    1223240 total
: 17987K->1198K(18624K), 0.0024883 secs] 51355K->35565K(83392K), 0.0026379 secs] [Times: user=0.00 sys=0.00, real=0.01 secs] 
36.425: [GC 36.425: [ParNew
Desired survivor size 1343488 bytes, new threshold 3 (max 4)
- age   1:     559904 bytes,     559904 total
- age   2:     455856 bytes,    1015760 total
- age   3:     547456 bytes,    1563216 total
: 17162K->1529K(18624K), 0.0021147 secs] 51529K->35897K(83392K), 0.0022244 secs] [Times: user=0.01 sys=0.00, real=0.00 secs] 
36.440: [GC 36.440: [ParNew
Desired survivor size 1343488 bytes, new threshold 3 (max 4)
- age   1:     558760 bytes,     558760 total
- age   2:     511424 bytes,    1070184 total
- age   3:     455856 bytes,    1526040 total
: 17486K->1493K(18624K), 0.0027580 secs] 51853K->36395K(83392K), 0.0028594 secs] [Times: user=0.00 sys=0.00, real=0.01 secs] 
36.454: [GC 36.454: [ParNew
Desired survivor size 1343488 bytes, new threshold 3 (max 4)
- age   1:     620616 bytes,     620616 total
- age   2:     478472 bytes,    1099088 total
- age   3:     375168 bytes,    1474256 total
: 17459K->1443K(18624K), 0.0022208 secs] 52360K->36563K(83392K), 0.0023232 secs] [Times: user=0.00 sys=0.00, real=0.00 secs] 
36.469: [GC 36.469: [ParNew
Desired survivor size 1343488 bytes, new threshold 2 (max 4)
- age   1:     967304 bytes,     967304 total
- age   2:     458624 bytes,    1425928 total
- age   3:     478472 bytes,    1904400 total
: 17411K->1863K(18624K), 0.0024830 secs] 52531K->37349K(83392K), 0.0026457 secs] [Times: user=0.01 sys=0.00, real=0.01 secs] 
36.484: [GC 36.484: [ParNew
Desired survivor size 1343488 bytes, new threshold 2 (max 4)
- age   1:     689792 bytes,     689792 total
- age   2:     882504 bytes,    1572296 total
: 17855K->1539K(18624K), 0.0028333 secs] 53342K->37492K(83392K), 0.0029302 secs] [Times: user=0.00 sys=0.00, real=0.00 secs] 
36.501: [GC 36.501: [ParNew
Desired survivor size 1343488 bytes, new threshold 4 (max 4)
- age   1:     841016 bytes,     841016 total
- age   2:     304336 bytes,    1145352 total
: 17481K->1122K(18624K), 0.0021446 secs] 53435K->37580K(83392K), 0.0022639 secs] [Times: user=0.00 sys=0.00, real=0.01 secs] 
36.518: [GC 36.518: [ParNew
Desired survivor size 1343488 bytes, new threshold 2 (max 4)
- age   1:     960512 bytes,     960512 total
- age   2:     772064 bytes,    1732576 total
- age   3:     304336 bytes,    2036912 total
: 17115K->1991K(18624K), 0.0025983 secs] 53574K->38450K(83392K), 0.0027143 secs] [Times: user=0.01 sys=0.00, real=0.00 secs] 
36.533: [GC 36.533: [ParNew
Desired survivor size 1343488 bytes, new threshold 2 (max 4)
- age   1:     818968 bytes,     818968 total
- age   2:     930240 bytes,    1749208 total
: 17961K->1710K(18624K), 0.0044973 secs] 54419K->39220K(83392K), 0.0046136 secs] [Times: user=0.01 sys=0.00, real=0.00 secs] 
36.548: [GC 36.549: [ParNew
Desired survivor size 1343488 bytes, new threshold 4 (max 4)
- age   1:     168864 bytes,     168864 total
- age   2:     628792 bytes,     797656 total
: 17663K->782K(18624K), 0.0023006 secs] 55173K->39201K(83392K), 0.0024025 secs] [Times: user=0.00 sys=0.00, real=0.00 secs] 
36.563: [GC 36.563: [ParNew
Desired survivor size 1343488 bytes, new threshold 4 (max 4)
- age   1:     534488 bytes,     534488 total
- age   2:         32 bytes,     534520 total
- age   3:     530160 bytes,    1064680 total
: 16734K->1041K(18624K), 0.0018009 secs] 55152K->39460K(83392K), 0.0019184 secs] [Times: user=0.00 sys=0.00, real=0.00 secs] 
36.577: [GC 36.577: [ParNew
Desired survivor size 1343488 bytes, new threshold 4 (max 4)
- age   1:     654992 bytes,     654992 total
- age   2:     408912 bytes,    1063904 total
- age   3:         32 bytes,    1063936 total
- age   4:     399048 bytes,    1462984 total
: 17014K->1432K(18624K), 0.0022573 secs] 55432K->39850K(83392K), 0.0024721 secs] [Times: user=0.01 sys=0.00, real=0.00 secs] 
36.591: [GC 36.591: [ParNew
Desired survivor size 1343488 bytes, new threshold 3 (max 4)
- age   1:     554536 bytes,     554536 total
- age   2:     654992 bytes,    1209528 total
- age   3:     408912 bytes,    1618440 total
- age   4:         32 bytes,    1618472 total
: 17392K->1583K(18624K), 0.0027908 secs] 55810K->40391K(83392K), 0.0029459 secs] [Times: user=0.00 sys=0.00, real=0.01 secs] 
36.608: [GC 36.608: [ParNew
Desired survivor size 1343488 bytes, new threshold 3 (max 4)
- age   1:     834184 bytes,     834184 total
- age   2:     493096 bytes,    1327280 total
- age   3:     612048 bytes,    1939328 total
: 17421K->1899K(18624K), 0.0035534 secs] 56229K->41106K(83392K), 0.0037372 secs] [Times: user=0.00 sys=0.00, real=0.00 secs] 
36.625: [GC 36.625: [ParNew
Desired survivor size 1343488 bytes, new threshold 2 (max 4)
- age   1:     705280 bytes,     705280 total
- age   2:     749648 bytes,    1454928 total
- age   3:     329728 bytes,    1784656 total
: 17887K->1751K(18624K), 0.0037823 secs] 57095K->41556K(83392K), 0.0038876 secs] [Times: user=0.00 sys=0.00, real=0.00 secs] 
36.650: [GC 36.650: [ParNew
Desired survivor size 1343488 bytes, new threshold 4 (max 4)
- age   1:     259264 bytes,     259264 total
- age   2:     367720 bytes,     626984 total
: 17745K->614K(18624K), 0.0030955 secs] 57550K->41473K(83392K), 0.0031861 secs] [Times: user=0.00 sys=0.00, real=0.01 secs] 
36.670: [GC 36.670: [ParNew
Desired survivor size 1343488 bytes, new threshold 4 (max 4)
- age   1:     650728 bytes,     650728 total
- age   2:     172744 bytes,     823472 total
- age   3:     140032 bytes,     963504 total
: 16588K->941K(18624K), 0.0025853 secs] 57447K->41800K(83392K), 0.0026788 secs] [Times: user=0.00 sys=0.00, real=0.01 secs] 
36.686: [GC 36.687: [ParNew
Desired survivor size 1343488 bytes, new threshold 3 (max 4)
- age   1:     719368 bytes,     719368 total
- age   2:     582840 bytes,    1302208 total
- age   3:     172744 bytes,    1474952 total
- age   4:     140032 bytes,    1614984 total
: 16892K->1578K(18624K), 0.0020769 secs] 57751K->42437K(83392K), 0.0027857 secs] [Times: user=0.00 sys=0.00, real=0.00 secs] 
36.700: [GC 36.700: [ParNew
Desired survivor size 1343488 bytes, new threshold 3 (max 4)
- age   1:     565088 bytes,     565088 total
- age   2:     646632 bytes,    1211720 total
- age   3:     582840 bytes,    1794560 total
: 17577K->1755K(18624K), 0.0025959 secs] 58436K->42920K(83392K), 0.0027152 secs] [Times: user=0.00 sys=0.00, real=0.01 secs] 
36.717: [GC 36.717: [ParNew
Desired survivor size 1343488 bytes, new threshold 3 (max 4)
- age   1:     615984 bytes,     615984 total
- age   2:     243200 bytes,     859184 total
- age   3:     646632 bytes,    1505816 total
: 17739K->1472K(18624K), 0.0042668 secs] 58904K->43205K(83392K), 0.0044042 secs] [Times: user=0.01 sys=0.00, real=0.00 secs] 
36.734: [GC 36.734: [ParNew
Desired survivor size 1343488 bytes, new threshold 4 (max 4)
- age   1:     318288 bytes,     318288 total
- age   2:     534192 bytes,     852480 total
- age   3:     243200 bytes,    1095680 total
: 17463K->1072K(18624K), 0.0027653 secs] 59196K->43192K(83392K), 0.0028795 secs] [Times: user=0.01 sys=0.00, real=0.00 secs] 
36.747: [GC 36.747: [ParNew
Desired survivor size 1343488 bytes, new threshold 4 (max 4)
- age   1:     198128 bytes,     198128 total
- age   2:     168328 bytes,     366456 total
- age   3:     534192 bytes,     900648 total
- age   4:     243200 bytes,    1143848 total
: 17066K->1119K(18624K), 0.0017156 secs] 59186K->43239K(83392K), 0.0018123 secs] [Times: user=0.00 sys=0.00, real=0.00 secs] 
36.764: [GC 36.764: [ParNew
Desired survivor size 1343488 bytes, new threshold 4 (max 4)
- age   1:     634776 bytes,     634776 total
- age   2:     146032 bytes,     780808 total
- age   3:     168288 bytes,     949096 total
- age   4:     534192 bytes,    1483288 total
: 17083K->1450K(18624K), 0.0021817 secs] 59203K->43727K(83392K), 0.0022913 secs] [Times: user=0.00 sys=0.00, real=0.00 secs] 
36.777: [GC 36.777: [ParNew
Desired survivor size 1343488 bytes, new threshold 4 (max 4)
- age   1:     385832 bytes,     385832 total
- age   2:     601152 bytes,     986984 total
- age   3:     146032 bytes,    1133016 total
- age   4:     168288 bytes,    1301304 total
: 17447K->1273K(18624K), 0.0026031 secs] 59724K->44072K(83392K), 0.0027523 secs] [Times: user=0.01 sys=0.00, real=0.00 secs] 
36.791: [GC 36.791: [ParNew
Desired survivor size 1343488 bytes, new threshold 4 (max 4)
- age   1:     519976 bytes,     519976 total
- age   2:     260760 bytes,     780736 total
- age   3:     497624 bytes,    1278360 total
- age   4:     146032 bytes,    1424392 total
: 17230K->1393K(18624K), 0.0027561 secs] 60030K->44357K(83392K), 0.0028639 secs] [Times: user=0.00 sys=0.00, real=0.01 secs] 
36.806: [GC 36.806: [ParNew
Desired survivor size 1343488 bytes, new threshold 4 (max 4)
- age   1:     693648 bytes,     693648 total
- age   2:     266168 bytes,     959816 total
- age   3:     260760 bytes,    1220576 total
- age   4:     497624 bytes,    1718200 total
: 17343K->1680K(18624K), 0.0021595 secs] 60307K->44786K(83392K), 0.0022874 secs] [Times: user=0.00 sys=0.00, real=0.00 secs] 
36.820: [GC 36.820: [ParNew
Desired survivor size 1343488 bytes, new threshold 4 (max 4)
- age   1:     301080 bytes,     301080 total
- age   2:     377480 bytes,     678560 total
- age   3:     266168 bytes,     944728 total
- age   4:     260760 bytes,    1205488 total
: 17624K->1179K(18624K), 0.0021766 secs] 60731K->44771K(83392K), 0.0022773 secs] [Times: user=0.00 sys=0.00, real=0.01 secs] 
36.834: [GC 36.834: [ParNew
Desired survivor size 1343488 bytes, new threshold 4 (max 4)
- age   1:     664584 bytes,     664584 total
- age   2:     241344 bytes,     905928 total
- age   3:     118224 bytes,    1024152 total
- age   4:     266168 bytes,    1290320 total
: 17139K->1261K(18624K), 0.0030505 secs] 60731K->44987K(83392K), 0.0031704 secs] [Times: user=0.01 sys=0.00, real=0.00 secs] 
36.849: [GC 36.849: [ParNew
Desired survivor size 1343488 bytes, new threshold 2 (max 4)
- age   1:     802040 bytes,     802040 total
- age   2:     555776 bytes,    1357816 total
- age   3:     241344 bytes,    1599160 total
- age   4:     118224 bytes,    1717384 total
: 17234K->1678K(18624K), 0.0021742 secs] 60960K->45501K(83392K), 0.0022724 secs] [Times: user=0.00 sys=0.00, real=0.00 secs] 
36.866: [GC 36.866: [ParNew
Desired survivor size 1343488 bytes, new threshold 4 (max 4)
- age   1:     457624 bytes,     457624 total
- age   2:     732864 bytes,    1190488 total
: 17642K->1164K(18624K), 0.0024990 secs] 61465K->45881K(83392K), 0.0025932 secs] [Times: user=0.01 sys=0.00, real=0.00 secs] 
36.881: [GC 36.881: [ParNew
Desired survivor size 1343488 bytes, new threshold 4 (max 4)
- age   1:     568488 bytes,     568488 total
- age   2:     394208 bytes,     962696 total
- age   3:     248224 bytes,    1210920 total
: 17155K->1186K(18624K), 0.0020827 secs] 61872K->45902K(83392K), 0.0021914 secs] [Times: user=0.00 sys=0.00, real=0.01 secs] 
36.895: [GC 36.895: [ParNew
Desired survivor size 1343488 bytes, new threshold 3 (max 4)
- age   1:     807424 bytes,     807424 total
- age   2:     434112 bytes,    1241536 total
- age   3:     394208 bytes,    1635744 total
- age   4:     157792 bytes,    1793536 total
: 17164K->1759K(18624K), 0.0023641 secs] 61881K->46475K(83392K), 0.0024827 secs] [Times: user=0.00 sys=0.00, real=0.00 secs] 
36.915: [GC 36.916: [ParNew
Desired survivor size 1343488 bytes, new threshold 2 (max 4)
- age   1:     670824 bytes,     670824 total
- age   2:     728256 bytes,    1399080 total
- age   3:     434112 bytes,    1833192 total
: 17753K->1794K(18624K), 0.0029868 secs] 62470K->47050K(83392K), 0.0031056 secs] [Times: user=0.01 sys=0.01, real=0.00 secs] 
36.933: [GC 36.933: [ParNew
Desired survivor size 1343488 bytes, new threshold 4 (max 4)
- age   1:     680088 bytes,     680088 total
- age   2:     506936 bytes,    1187024 total
: 17778K->1162K(18624K), 0.0028043 secs] 63034K->47388K(83392K), 0.0029113 secs] [Times: user=0.01 sys=0.00, real=0.00 secs] 
36.949: [GC 36.949: [ParNew
Desired survivor size 1343488 bytes, new threshold 2 (max 4)
- age   1:    1199456 bytes,    1199456 total
- age   2:     595376 bytes,    1794832 total
- age   3:     169672 bytes,    1964504 total
: 17114K->1927K(18624K), 0.0025971 secs] 63340K->48153K(83392K), 0.0027701 secs] [Times: user=0.01 sys=0.00, real=0.00 secs] 
36.967: [GC 36.967: [ParNew
Desired survivor size 1343488 bytes, new threshold 4 (max 4)
- age   1:     119136 bytes,     119136 total
- age   2:    1028848 bytes,    1147984 total
: 17894K->1137K(18624K), 0.0023310 secs] 64120K->48110K(83392K), 0.0024542 secs] [Times: user=0.00 sys=0.00, real=0.00 secs] 
36.981: [GC 36.981: [ParNew
Desired survivor size 1343488 bytes, new threshold 3 (max 4)
- age   1:     765080 bytes,     765080 total
- age   2:      47760 bytes,     812840 total
- age   3:    1028848 bytes,    1841688 total
: 17087K->1799K(18624K), 0.0026237 secs] 64060K->48772K(83392K), 0.0027491 secs] [Times: user=0.01 sys=0.00, real=0.01 secs] 
36.998: [GC 36.998: [ParNew
Desired survivor size 1343488 bytes, new threshold 4 (max 4)
- age   1:     215744 bytes,     215744 total
- age   2:     705448 bytes,     921192 total
- age   3:      47760 bytes,     968952 total
: 17772K->950K(18624K), 0.0025697 secs] 64745K->48927K(83392K), 0.0026858 secs] [Times: user=0.00 sys=0.00, real=0.00 secs] 
37.001: [GC [1 CMS-initial-mark: 47977K(64768K)] 49080K(83392K), 0.0007649 secs] [Times: user=0.00 sys=0.00, real=0.00 secs] 
37.002: [CMS-concurrent-mark-start]
37.018: [GC 37.018: [ParNew
Desired survivor size 1343488 bytes, new threshold 4 (max 4)
- age   1:     442208 bytes,     442208 total
- age   2:       5160 bytes,     447368 total
- age   3:     705448 bytes,    1152816 total
- age   4:      47760 bytes,    1200576 total
: 16888K->1174K(18624K), 0.0017964 secs] 64866K->49152K(83392K), 0.0018778 secs] [Times: user=0.00 sys=0.00, real=0.00 secs] 
37.073: [CMS-concurrent-mark: 0.068/0.071 secs] [Times: user=0.07 sys=0.00, real=0.08 secs] 
37.073: [CMS-concurrent-preclean-start]
37.073: [CMS-concurrent-preclean: 0.000/0.000 secs] [Times: user=0.00 sys=0.00, real=0.00 secs] 
37.073: [CMS-concurrent-abortable-preclean-start]
37.105: [GC 37.105: [ParNew
Desired survivor size 1343488 bytes, new threshold 4 (max 4)
- age   1:     443824 bytes,     443824 total
- age   2:     373632 bytes,     817456 total
- age   3:       5160 bytes,     822616 total
- age   4:     447368 bytes,    1269984 total
: 17103K->1247K(18624K), 0.0079264 secs] 65081K->49272K(83392K), 0.0079950 secs] [Times: user=0.00 sys=0.00, real=0.01 secs] 
37.153: [GC 37.154: [ParNew
Desired survivor size 1343488 bytes, new threshold 4 (max 4)
- age   1:     253056 bytes,     253056 total
- age   2:     199256 bytes,     452312 total
- age   3:     265672 bytes,     717984 total
- age   4:       5160 bytes,     723144 total
: 17247K->721K(18624K), 0.0018370 secs] 65272K->48986K(83392K), 0.0019074 secs] [Times: user=0.01 sys=0.00, real=0.00 secs] 
37.167: [GC 37.167: [ParNew
Desired survivor size 1343488 bytes, new threshold 4 (max 4)
- age   1:     753408 bytes,     753408 total
- age   2:     180800 bytes,     934208 total
- age   3:      53976 bytes,     988184 total
- age   4:      84616 bytes,    1072800 total
: 16709K->1056K(18624K), 0.0023237 secs] 64975K->49326K(83392K), 0.0024169 secs] [Times: user=0.01 sys=0.00, real=0.00 secs] 
37.187: [GC 37.187: [ParNew
Desired survivor size 1343488 bytes, new threshold 4 (max 4)
- age   1:     525328 bytes,     525328 total
- age   2:     199160 bytes,     724488 total
- age   3:     180720 bytes,     905208 total
: 16967K->891K(18624K), 0.0018760 secs] 65238K->49244K(83392K), 0.0019932 secs] [Times: user=0.00 sys=0.00, real=0.00 secs] 
37.200: [GC 37.200: [ParNew
Desired survivor size 1343488 bytes, new threshold 4 (max 4)
- age   1:     435680 bytes,     435680 total
- age   2:     442672 bytes,     878352 total
- age   3:     199160 bytes,    1077512 total
- age   4:     180464 bytes,    1257976 total
: 16877K->1236K(18624K), 0.0020460 secs] 65231K->49589K(83392K), 0.0021584 secs] [Times: user=0.00 sys=0.00, real=0.01 secs] 
37.215: [GC 37.215: [ParNew
Desired survivor size 1343488 bytes, new threshold 4 (max 4)
- age   1:     274392 bytes,     274392 total
- age   2:     246712 bytes,     521104 total
- age   3:     442672 bytes,     963776 total
- age   4:     199160 bytes,    1162936 total
: 17195K->1147K(18624K), 0.0019001 secs] 65548K->49676K(83392K), 0.0020543 secs] [Times: user=0.01 sys=0.00, real=0.00 secs] 
37.232: [GC 37.232: [ParNew
Desired survivor size 1343488 bytes, new threshold 4 (max 4)
- age   1:     162480 bytes,     162480 total
- age   2:     189344 bytes,     351824 total
- age   3:     246712 bytes,     598536 total
- age   4:     385280 bytes,     983816 total
: 17123K->963K(18624K), 0.0023006 secs] 65653K->49687K(83392K), 0.0023885 secs] [Times: user=0.00 sys=0.00, real=0.00 secs] 
37.247: [GC 37.247: [ParNew
Desired survivor size 1343488 bytes, new threshold 4 (max 4)
- age   1:     912008 bytes,     912008 total
- age   2:      88464 bytes,    1000472 total
- age   3:     189344 bytes,    1189816 total
- age   4:     162272 bytes,    1352088 total
: 16913K->1327K(18624K), 0.0022637 secs] 65638K->50427K(83392K), 0.0023773 secs] [Times: user=0.00 sys=0.00, real=0.00 secs] 
37.262: [GC 37.262: [ParNew
Desired survivor size 1343488 bytes, new threshold 4 (max 4)
- age   1:     407168 bytes,     407168 total
- age   2:     724600 bytes,    1131768 total
- age   3:      88464 bytes,    1220232 total
- age   4:     189344 bytes,    1409576 total
: 17327K->1377K(18624K), 0.0019982 secs] 66427K->50636K(83392K), 0.0020853 secs] [Times: user=0.01 sys=0.00, real=0.00 secs] 
37.281: [GC 37.281: [ParNew
Desired survivor size 1343488 bytes, new threshold 3 (max 4)
- age   1:     531984 bytes,     531984 total
- age   2:     261168 bytes,     793152 total
- age   3:     551728 bytes,    1344880 total
- age   4:      88464 bytes,    1433344 total
: 17377K->1402K(18624K), 0.0029483 secs] 66636K->50845K(83392K), 0.0030321 secs] [Times: user=0.00 sys=0.00, real=0.01 secs] 
37.296: [GC 37.296: [ParNew
Desired survivor size 1343488 bytes, new threshold 4 (max 4)
- age   1:     546264 bytes,     546264 total
- age   2:     376264 bytes,     922528 total
- age   3:     261168 bytes,    1183696 total
: 17391K->1160K(18624K), 0.0022735 secs] 66835K->51184K(83392K), 0.0023901 secs] [Times: user=0.00 sys=0.00, real=0.00 secs] 
37.311: [GC 37.311: [ParNew
Desired survivor size 1343488 bytes, new threshold 4 (max 4)
- age   1:     360288 bytes,     360288 total
- age   2:     241888 bytes,     602176 total
- age   3:     376264 bytes,     978440 total
- age   4:     261168 bytes,    1239608 total
: 17141K->1217K(18624K), 0.0023635 secs] 67165K->51241K(83392K), 0.0025312 secs] [Times: user=0.01 sys=0.00, real=0.01 secs] 
37.326: [GC 37.326: [ParNew
Desired survivor size 1343488 bytes, new threshold 4 (max 4)
- age   1:     281504 bytes,     281504 total
- age   2:     318272 bytes,     599776 total
- age   3:     240120 bytes,     839896 total
- age   4:     376264 bytes,    1216160 total
: 17182K->1188K(18624K), 0.0019593 secs] 67206K->51467K(83392K), 0.0020563 secs] [Times: user=0.00 sys=0.00, real=0.00 secs] 
37.339: [GC 37.339: [ParNew
Desired survivor size 1343488 bytes, new threshold 4 (max 4)
- age   1:     284664 bytes,     284664 total
- age   2:     184776 bytes,     469440 total
- age   3:     318272 bytes,     787712 total
- age   4:       3248 bytes,     790960 total
: 17158K->774K(18624K), 0.0021661 secs] 67437K->51420K(83392K), 0.0022792 secs] [Times: user=0.00 sys=0.00, real=0.00 secs] 
37.354: [GC 37.354: [ParNew
Desired survivor size 1343488 bytes, new threshold 4 (max 4)
- age   1:     206784 bytes,     206784 total
- age   2:     202008 bytes,     408792 total
- age   3:     180576 bytes,     589368 total
- age   4:      67200 bytes,     656568 total
: 16763K->645K(18624K), 0.0015927 secs] 67409K->51294K(83392K), 0.0016830 secs] [Times: user=0.01 sys=0.00, real=0.00 secs] 
37.368: [GC 37.368: [ParNew
Desired survivor size 1343488 bytes, new threshold 3 (max 4)
- age   1:    1028848 bytes,    1028848 total
- age   2:     169424 bytes,    1198272 total
- age   3:     202008 bytes,    1400280 total
- age   4:     180256 bytes,    1580536 total
: 16641K->1547K(18624K), 0.0023685 secs] 67291K->52262K(83392K), 0.0025320 secs] [Times: user=0.00 sys=0.00, real=0.00 secs] 
37.382: [GC 37.382: [ParNew
Desired survivor size 1343488 bytes, new threshold 4 (max 4)
- age   1:     328816 bytes,     328816 total
- age   2:     535920 bytes,     864736 total
- age   3:     169424 bytes,    1034160 total
: 17483K->1017K(18624K), 0.0020417 secs] 68198K->52105K(83392K), 0.0021520 secs] [Times: user=0.00 sys=0.00, real=0.00 secs] 
37.396: [GC 37.396: [ParNew
Desired survivor size 1343488 bytes, new threshold 4 (max 4)
- age   1:     165776 bytes,     165776 total
- age   2:     250744 bytes,     416520 total
- age   3:     535920 bytes,     952440 total
- age   4:     169424 bytes,    1121864 total
: 16994K->1097K(18624K), 0.0018060 secs] 68082K->52185K(83392K), 0.0019063 secs] [Times: user=0.00 sys=0.00, real=0.00 secs] 
37.410: [GC 37.410: [ParNew
Desired survivor size 1343488 bytes, new threshold 4 (max 4)
- age   1:     196344 bytes,     196344 total
- age   2:     165776 bytes,     362120 total
- age   3:     170048 bytes,     532168 total
- age   4:     478856 bytes,    1011024 total
: 17096K->989K(18624K), 0.0021899 secs] 68184K->52243K(83392K), 0.0022950 secs] [Times: user=0.01 sys=0.00, real=0.01 secs] 
37.423: [GC 37.423: [ParNew
Desired survivor size 1343488 bytes, new threshold 4 (max 4)
- age   1:     152560 bytes,     152560 total
- age   2:     196344 bytes,     348904 total
- age   3:     165776 bytes,     514680 total
- age   4:     170048 bytes,     684728 total
: 16957K->671K(18624K), 0.0021366 secs] 68211K->52392K(83392K), 0.0022508 secs] [Times: user=0.00 sys=0.00, real=0.00 secs] 
37.437: [GC 37.437: [ParNew
Desired survivor size 1343488 bytes, new threshold 4 (max 4)
- age   1:     191856 bytes,     191856 total
- age   2:     122064 bytes,     313920 total
- age   3:      97664 bytes,     411584 total
- age   4:      81512 bytes,     493096 total
: 16651K->483K(18624K), 0.0021574 secs] 68372K->52370K(83392K), 0.0022708 secs] [Times: user=0.00 sys=0.00, real=0.00 secs] 
37.455: [GC 37.455: [ParNew
Desired survivor size 1343488 bytes, new threshold 4 (max 4)
- age   1:     170504 bytes,     170504 total
- age   2:      37376 bytes,     207880 total
- age   3:     122064 bytes,     329944 total
- age   4:      66096 bytes,     396040 total
: 16448K->387K(18624K), 0.0013615 secs] 68335K->52275K(83392K), 0.0014296 secs] [Times: user=0.00 sys=0.00, real=0.00 secs] 
37.468: [GC 37.468: [ParNew
Desired survivor size 1343488 bytes, new threshold 4 (max 4)
- age   1:     663880 bytes,     663880 total
- age   2:     108624 bytes,     772504 total
- age   3:      37376 bytes,     809880 total
- age   4:     122064 bytes,     931944 total
: 16365K->917K(18624K), 0.0016545 secs] 68253K->52813K(83392K), 0.0017562 secs] [Times: user=0.00 sys=0.00, real=0.00 secs] 
37.482: [GC 37.483: [ParNew
Desired survivor size 1343488 bytes, new threshold 2 (max 4)
- age   1:     931984 bytes,     931984 total
- age   2:     576072 bytes,    1508056 total
- age   3:      85136 bytes,    1593192 total
- age   4:      37376 bytes,    1630568 total
: 16845K->1594K(18624K), 0.0022262 secs] 68741K->53610K(83392K), 0.0023289 secs] [Times: user=0.01 sys=0.00, real=0.00 secs] 
37.501: [GC 37.502: [ParNew
Desired survivor size 1343488 bytes, new threshold 2 (max 4)
- age   1:     630456 bytes,     630456 total
- age   2:     845696 bytes,    1476152 total
: 17593K->1443K(18624K), 0.0029140 secs] 69608K->54141K(83392K), 0.0030222 secs] [Times: user=0.00 sys=0.00, real=0.01 secs] 
37.517: [GC 37.517: [ParNew
Desired survivor size 1343488 bytes, new threshold 4 (max 4)
- age   1:     707584 bytes,     707584 total
- age   2:     358200 bytes,    1065784 total
: 17435K->1044K(18624K), 0.0023949 secs] 70132K->54415K(83392K), 0.0025151 secs] [Times: user=0.01 sys=0.00, real=0.00 secs] 
37.535: [GC 37.535: [ParNew
Desired survivor size 1343488 bytes, new threshold 2 (max 4)
- age   1:     837280 bytes,     837280 total
- age   2:     681408 bytes,    1518688 total
- age   3:     243072 bytes,    1761760 total
: 16994K->1723K(18624K), 0.0026211 secs] 70365K->55094K(83392K), 0.0027505 secs] [Times: user=0.01 sys=0.00, real=0.00 secs] 
37.550: [GC 37.550: [ParNew
Desired survivor size 1343488 bytes, new threshold 4 (max 4)
- age   1:     618344 bytes,     618344 total
- age   2:     605928 bytes,    1224272 total
: 17704K->1206K(18624K), 0.0029124 secs] 71075K->55480K(83392K), 0.0030276 secs] [Times: user=0.01 sys=0.00, real=0.01 secs] 
37.568: [GC 37.568: [ParNew
Desired survivor size 1343488 bytes, new threshold 3 (max 4)
- age   1:     522928 bytes,     522928 total
- age   2:     538248 bytes,    1061176 total
- age   3:     426456 bytes,    1487632 total
: 17206K->1455K(18624K), 0.0022925 secs] 71480K->55728K(83392K), 0.0023982 secs] [Times: user=0.00 sys=0.00, real=0.00 secs] 
37.580: [CMS-concurrent-abortable-preclean: 0.024/0.506 secs] [Times: user=0.66 sys=0.03, real=0.50 secs] 
37.581: [GC[YG occupancy: 15049 K (18624 K)]37.581: [Rescan (parallel) , 0.0012938 secs]37.583: [weak refs processing, 0.0000068 secs] [1 CMS-remark: 54273K(64768K)] 69323K(83392K), 0.0013823 secs] [Times: user=0.00 sys=0.00, real=0.01 secs] 
37.583: [CMS-concurrent-sweep-start]
37.586: [GC 37.586: [ParNew
Desired survivor size 1343488 bytes, new threshold 4 (max 4)
- age   1:     327600 bytes,     327600 total
- age   2:     316992 bytes,     644592 total
- age   3:     538248 bytes,    1182840 total
: 17441K->1157K(18624K), 0.0027530 secs] 71715K->55848K(83392K), 0.0028635 secs] [Times: user=0.00 sys=0.00, real=0.00 secs] 
37.594: [CMS-concurrent-sweep: 0.007/0.011 secs] [Times: user=0.02 sys=0.00, real=0.01 secs] 
37.594: [CMS-concurrent-reset-start]
37.600: [CMS-concurrent-reset: 0.006/0.006 secs] [Times: user=0.01 sys=0.00, real=0.00 secs] 
37.603: [GC 37.603: [ParNew
Desired survivor size 1343488 bytes, new threshold 4 (max 4)
- age   1:     401208 bytes,     401208 total
- age   2:     160912 bytes,     562120 total
- age   3:     316992 bytes,     879112 total
- age   4:     460576 bytes,    1339688 total
: 17072K->1311K(18624K), 0.0017842 secs] 31915K->16154K(83392K), 0.0018727 secs] [Times: user=0.00 sys=0.00, real=0.00 secs] 
37.618: [GC 37.618: [ParNew
Desired survivor size 1343488 bytes, new threshold 4 (max 4)
- age   1:     360048 bytes,     360048 total
- age   2:      89808 bytes,     449856 total
- age   3:     160912 bytes,     610768 total
- age   4:     316992 bytes,     927760 total
: 17275K->909K(18624K), 0.0018379 secs] 32118K->16202K(83392K), 0.0019340 secs] [Times: user=0.01 sys=0.01, real=0.00 secs] 
37.631: [GC 37.631: [ParNew
Desired survivor size 1343488 bytes, new threshold 4 (max 4)
- age   1:     461904 bytes,     461904 total
- age   2:      42240 bytes,     504144 total
- age   4:     160912 bytes,     665056 total
: 16906K->653K(18624K), 0.0014499 secs] 32200K->16256K(83392K), 0.0015586 secs] [Times: user=0.01 sys=0.00, real=0.01 secs] 
37.645: [GC 37.645: [ParNew
Desired survivor size 1343488 bytes, new threshold 4 (max 4)
- age   1:     145296 bytes,     145296 total
- age   2:      90344 bytes,     235640 total
- age   3:      42240 bytes,     277880 total
: 16584K->273K(18624K), 0.0012220 secs] 32187K->16033K(83392K), 0.0013063 secs] [Times: user=0.00 sys=0.00, real=0.00 secs] 
37.657: [GC 37.657: [ParNew
Desired survivor size 1343488 bytes, new threshold 4 (max 4)
- age   1:     698096 bytes,     698096 total
- age   2:      67216 bytes,     765312 total
- age   4:      42240 bytes,     807552 total
: 16240K->792K(18624K), 0.0017315 secs] 32000K->16552K(83392K), 0.0018550 secs] [Times: user=0.00 sys=0.00, real=0.00 secs] 
37.670: [GC 37.670: [ParNew
Desired survivor size 1343488 bytes, new threshold 4 (max 4)
- age   1:     374728 bytes,     374728 total
- age   2:     277336 bytes,     652064 total
- age   3:      67216 bytes,     719280 total
: 16780K->704K(18624K), 0.0020379 secs] 32540K->16505K(83392K), 0.0021447 secs] [Times: user=0.00 sys=0.00, real=0.01 secs] 
37.684: [GC 37.684: [ParNew
Desired survivor size 1343488 bytes, new threshold 4 (max 4)
- age   1:     225872 bytes,     225872 total
- age   2:      49408 bytes,     275280 total
- age   3:     277336 bytes,     552616 total
- age   4:      67216 bytes,     619832 total
: 16701K->608K(18624K), 0.0017413 secs] 32502K->16410K(83392K), 0.0018916 secs] [Times: user=0.00 sys=0.00, real=0.00 secs] 
37.705: [GC 37.706: [ParNew
Desired survivor size 1343488 bytes, new threshold 4 (max 4)
- age   1:     265848 bytes,     265848 total
- age   2:     141224 bytes,     407072 total
- age   3:      49408 bytes,     456480 total
- age   4:     277336 bytes,     733816 total
: 16599K->717K(18624K), 0.0017231 secs] 32400K->16584K(83392K), 0.0017980 secs] [Times: user=0.00 sys=0.00, real=0.00 secs] 
37.723: [GC 37.723: [ParNew
Desired survivor size 1343488 bytes, new threshold 4 (max 4)
- age   1:      97552 bytes,      97552 total
- age   2:      88728 bytes,     186280 total
- age   3:     141224 bytes,     327504 total
- age   4:      49408 bytes,     376912 total
: 16680K->373K(18624K), 0.0019125 secs] 32547K->16511K(83392K), 0.0019971 secs] [Times: user=0.00 sys=0.00, real=0.00 secs] 
37.739: [GC 37.739: [ParNew
Desired survivor size 1343488 bytes, new threshold 4 (max 4)
- age   1:     216704 bytes,     216704 total
- age   2:       8248 bytes,     224952 total
- age   3:      13176 bytes,     238128 total
- age   4:     141224 bytes,     379352 total
: 16351K->386K(18624K), 0.0012711 secs] 32488K->16572K(83392K), 0.0013512 secs] [Times: user=0.00 sys=0.00, real=0.00 secs] 
37.751: [GC 37.751: [ParNew
Desired survivor size 1343488 bytes, new threshold 4 (max 4)
- age   1:     196312 bytes,     196312 total
- age   2:      11272 bytes,     207584 total
- age   3:       8248 bytes,     215832 total
- age   4:      13176 bytes,     229008 total
: 16386K->235K(18624K), 0.0012239 secs] 32572K->16559K(83392K), 0.0013184 secs] [Times: user=0.00 sys=0.00, real=0.01 secs] 
37.767: [GC 37.767: [ParNew
Desired survivor size 1343488 bytes, new threshold 4 (max 4)
- age   1:     699352 bytes,     699352 total
- age   2:      78976 bytes,     778328 total
- age   3:      11272 bytes,     789600 total
- age   4:       8248 bytes,     797848 total
: 16235K->792K(18624K), 0.0016338 secs] 32559K->17131K(83392K), 0.0017256 secs] [Times: user=0.00 sys=0.01, real=0.00 secs] 
37.780: [GC 37.780: [ParNew
Desired survivor size 1343488 bytes, new threshold 4 (max 4)
- age   1:     122816 bytes,     122816 total
- age   2:     527616 bytes,     650432 total
- age   3:      78976 bytes,     729408 total
- age   4:      11272 bytes,     740680 total
: 16761K->730K(18624K), 0.0017547 secs] 33100K->17077K(83392K), 0.0018636 secs] [Times: user=0.00 sys=0.00, real=0.00 secs] 
37.794: [GC 37.794: [ParNew
Desired survivor size 1343488 bytes, new threshold 4 (max 4)
- age   1:     143136 bytes,     143136 total
- age   2:      84984 bytes,     228120 total
- age   3:     525664 bytes,     753784 total
: 16721K->748K(18624K), 0.0016469 secs] 33067K->17104K(83392K), 0.0017393 secs] [Times: user=0.01 sys=0.00, real=0.00 secs] 
37.807: [GC 37.807: [ParNew
Desired survivor size 1343488 bytes, new threshold 4 (max 4)
- age   1:     463480 bytes,     463480 total
- age   2:      63552 bytes,     527032 total
- age   3:      84984 bytes,     612016 total
- age   4:     525664 bytes,    1137680 total
: 16732K->1118K(18624K), 0.0018374 secs] 33088K->17473K(83392K), 0.0019322 secs] [Times: user=0.00 sys=0.00, real=0.00 secs] 
37.820: [GC 37.820: [ParNew
Desired survivor size 1343488 bytes, new threshold 4 (max 4)
- age   1:     418720 bytes,     418720 total
- age   2:     336080 bytes,     754800 total
- age   3:      63520 bytes,     818320 total
- age   4:      84984 bytes,     903304 total
: 17074K->891K(18624K), 0.0019794 secs] 33429K->17760K(83392K), 0.0020768 secs] [Times: user=0.00 sys=0.00, real=0.01 secs] 
37.835: [GC 37.835: [ParNew
Desired survivor size 1343488 bytes, new threshold 4 (max 4)
- age   1:     221288 bytes,     221288 total
- age   2:     217248 bytes,     438536 total
- age   3:     163920 bytes,     602456 total
- age   4:      63520 bytes,     665976 total
: 16870K->654K(18624K), 0.0021044 secs] 33739K->17605K(83392K), 0.0022512 secs] [Times: user=0.00 sys=0.00, real=0.00 secs] 
37.848: [GC 37.848: [ParNew
Desired survivor size 1343488 bytes, new threshold 4 (max 4)
- age   1:     287680 bytes,     287680 total
- age   2:      70064 bytes,     357744 total
- age   3:     217248 bytes,     574992 total
- age   4:     163920 bytes,     738912 total
: 16623K->725K(18624K), 0.0016709 secs] 33575K->17738K(83392K), 0.0017703 secs] [Times: user=0.00 sys=0.00, real=0.00 secs] 
37.861: [GC 37.862: [ParNew
Desired survivor size 1343488 bytes, new threshold 4 (max 4)
- age   1:     909496 bytes,     909496 total
- age   2:      48384 bytes,     957880 total
- age   3:      70064 bytes,    1027944 total
- age   4:     217248 bytes,    1245192 total
: 16719K->1219K(18624K), 0.0017447 secs] 33733K->18393K(83392K), 0.0018582 secs] [Times: user=0.01 sys=0.00, real=0.01 secs] 
37.875: [GC 37.875: [ParNew
Desired survivor size 1343488 bytes, new threshold 4 (max 4)
- age   1:     248064 bytes,     248064 total
- age   2:     721920 bytes,     969984 total
- age   4:      70064 bytes,    1040048 total
: 17171K->1019K(18624K), 0.0019124 secs] 34345K->18405K(83392K), 0.0020241 secs] [Times: user=0.00 sys=0.00, real=0.00 secs] 
37.889: [GC 37.889: [ParNew
Desired survivor size 1343488 bytes, new threshold 4 (max 4)
- age   1:     322064 bytes,     322064 total
- age   2:     193560 bytes,     515624 total
- age   3:     559080 bytes,    1074704 total
: 17018K->1053K(18624K), 0.0013372 secs] 34404K->18439K(83392K), 0.0014265 secs] [Times: user=0.00 sys=0.00, real=0.00 secs] 
37.903: [GC 37.903: [ParNew
Desired survivor size 1343488 bytes, new threshold 4 (max 4)
- age   1:     303384 bytes,     303384 total
- age   2:     154136 bytes,     457520 total
- age   3:     137096 bytes,     594616 total
- age   4:     490536 bytes,    1085152 total
: 17012K->1063K(18624K), 0.0017521 secs] 34398K->18449K(83392K), 0.0018411 secs] [Times: user=0.00 sys=0.00, real=0.00 secs] 
37.917: [GC 37.917: [ParNew
Desired survivor size 1343488 bytes, new threshold 4 (max 4)
- age   1:     249952 bytes,     249952 total
- age   2:         40 bytes,     249992 total
- age   3:     154136 bytes,     404128 total
- age   4:     137096 bytes,     541224 total
: 16974K->532K(18624K), 0.0015557 secs] 34360K->18397K(83392K), 0.0016595 secs] [Times: user=0.00 sys=0.00, real=0.00 secs] 
37.932: [GC 37.932: [ParNew
Desired survivor size 1343488 bytes, new threshold 4 (max 4)
- age   1:     410936 bytes,     410936 total
- age   4:     154136 bytes,     565072 total
: 16527K->555K(18624K), 0.0012720 secs] 34392K->18554K(83392K), 0.0013568 secs] [Times: user=0.01 sys=0.00, real=0.01 secs] 
37.946: [GC 37.946: [ParNew
Desired survivor size 1343488 bytes, new threshold 4 (max 4)
- age   1:     621432 bytes,     621432 total
- age   2:     203624 bytes,     825056 total
: 16552K->809K(18624K), 0.0016356 secs] 34551K->18958K(83392K), 0.0017284 secs] [Times: user=0.01 sys=0.00, real=0.00 secs] 
37.959: [GC 37.959: [ParNew
Desired survivor size 1343488 bytes, new threshold 2 (max 4)
- age   1:     890536 bytes,     890536 total
- age   2:     592760 bytes,    1483296 total
- age   3:     203624 bytes,    1686920 total
: 16782K->1650K(18624K), 0.0022535 secs] 34931K->19800K(83392K), 0.0023742 secs] [Times: user=0.00 sys=0.00, real=0.00 secs] 
37.977: [GC 37.977: [ParNew
Desired survivor size 1343488 bytes, new threshold 4 (max 4)
- age   1:     244568 bytes,     244568 total
- age   2:     804072 bytes,    1048640 total
: 17626K->1026K(18624K), 0.0021394 secs] 35776K->19804K(83392K), 0.0022497 secs] [Times: user=0.00 sys=0.00, real=0.00 secs] 
37.995: [GC 37.996: [ParNew
Desired survivor size 1343488 bytes, new threshold 4 (max 4)
- age   1:     167440 bytes,     167440 total
- age   2:     215576 bytes,     383016 total
- age   3:     804072 bytes,    1187088 total
: 17008K->1161K(18624K), 0.0086503 secs] 35786K->19939K(83392K), 0.0087304 secs] [Times: user=0.00 sys=0.00, real=0.01 secs] 
38.090: [GC 38.090: [ParNew
Desired survivor size 1343488 bytes, new threshold 4 (max 4)
- age   1:     504440 bytes,     504440 total
- age   3:     213960 bytes,     718400 total
- age   4:     804072 bytes,    1522472 total
: 17158K->1490K(18624K), 0.0096436 secs] 35936K->20268K(83392K), 0.0097594 secs] [Times: user=0.00 sys=0.00, real=0.01 secs] 
38.113: [GC 38.113: [ParNew
Desired survivor size 1343488 bytes, new threshold 4 (max 4)
- age   1:     264920 bytes,     264920 total
- age   2:     479168 bytes,     744088 total
- age   4:      74248 bytes,     818336 total
: 17488K->807K(18624K), 0.0021084 secs] 36266K->20330K(83392K), 0.0022118 secs] [Times: user=0.00 sys=0.00, real=0.00 secs] 
38.126: [GC 38.126: [ParNew
Desired survivor size 1343488 bytes, new threshold 4 (max 4)
- age   1:     424160 bytes,     424160 total
- age   2:     177928 bytes,     602088 total
- age   3:       6384 bytes,     608472 total
: 16779K->600K(18624K), 0.0013976 secs] 36301K->20127K(83392K), 0.0014850 secs] [Times: user=0.00 sys=0.00, real=0.00 secs] 
38.139: [GC 38.139: [ParNew
Desired survivor size 1343488 bytes, new threshold 2 (max 4)
- age   1:    1142408 bytes,    1142408 total
- age   2:     308720 bytes,    1451128 total
- age   3:     177928 bytes,    1629056 total
- age   4:       6384 bytes,    1635440 total
: 16565K->1600K(18624K), 0.0020356 secs] 36092K->21126K(83392K), 0.0021429 secs] [Times: user=0.00 sys=0.00, real=0.00 secs] 
38.154: [GC 38.154: [ParNew
Desired survivor size 1343488 bytes, new threshold 2 (max 4)
- age   1:     658280 bytes,     658280 total
- age   2:    1020000 bytes,    1678280 total
: 17553K->1643K(18624K), 0.0022002 secs] 37080K->21350K(83392K), 0.0022983 secs] [Times: user=0.01 sys=0.01, real=0.00 secs] 
38.167: [GC 38.167: [ParNew
Desired survivor size 1343488 bytes, new threshold 4 (max 4)
- age   1:     475048 bytes,     475048 total
- age   2:     605464 bytes,    1080512 total
: 17597K->1058K(18624K), 0.0026147 secs] 37304K->21560K(83392K), 0.0027334 secs] [Times: user=0.00 sys=0.00, real=0.00 secs] 
38.183: [GC 38.183: [ParNew
Desired survivor size 1343488 bytes, new threshold 3 (max 4)
- age   1:     701184 bytes,     701184 total
- age   2:     225808 bytes,     926992 total
- age   3:     503704 bytes,    1430696 total
: 17048K->1400K(18624K), 0.0019928 secs] 37550K->21902K(83392K), 0.0021249 secs] [Times: user=0.00 sys=0.00, real=0.00 secs] 
38.197: [GC 38.197: [ParNew
Desired survivor size 1343488 bytes, new threshold 2 (max 4)
- age   1:     909848 bytes,     909848 total
- age   2:     531696 bytes,    1441544 total
- age   3:      83080 bytes,    1524624 total
: 17397K->1492K(18624K), 0.0023302 secs] 37898K->22486K(83392K), 0.0024459 secs] [Times: user=0.01 sys=0.00, real=0.00 secs] 
38.212: [GC 38.212: [ParNew
Desired survivor size 1343488 bytes, new threshold 2 (max 4)
- age   1:     792488 bytes,     792488 total
- age   2:     602608 bytes,    1395096 total
: 17492K->1365K(18624K), 0.0024500 secs] 38486K->22959K(83392K), 0.0025562 secs] [Times: user=0.00 sys=0.00, real=0.01 secs] 
38.227: [GC 38.227: [ParNew
Desired survivor size 1343488 bytes, new threshold 4 (max 4)
- age   1:     126320 bytes,     126320 total
- age   2:     685848 bytes,     812168 total
: 17339K->795K(18624K), 0.0017612 secs] 38933K->22796K(83392K), 0.0019139 secs] [Times: user=0.00 sys=0.00, real=0.00 secs] 
38.240: [GC 38.240: [ParNew
Desired survivor size 1343488 bytes, new threshold 3 (max 4)
- age   1:    1120544 bytes,    1120544 total
- age   2:      58448 bytes,    1178992 total
- age   3:     232240 bytes,    1411232 total
: 16780K->1381K(18624K), 0.0023435 secs] 38781K->23382K(83392K), 0.0024710 secs] [Times: user=0.01 sys=0.00, real=0.01 secs] 
38.254: [GC 38.254: [ParNew
Desired survivor size 1343488 bytes, new threshold 4 (max 4)
- age   1:     212352 bytes,     212352 total
- age   2:     712888 bytes,     925240 total
- age   3:      58448 bytes,     983688 total
: 17307K->963K(18624K), 0.0014994 secs] 39308K->22964K(83392K), 0.0015853 secs] [Times: user=0.01 sys=0.00, real=0.00 secs] 
38.270: [GC 38.270: [ParNew
Desired survivor size 1343488 bytes, new threshold 4 (max 4)
- age   1:     808880 bytes,     808880 total
- age   2:     212312 bytes,    1021192 total
- age   3:     101560 bytes,    1122752 total
- age   4:      57880 bytes,    1180632 total
: 16910K->1155K(18624K), 0.0018006 secs] 38911K->23156K(83392K), 0.0019491 secs] [Times: user=0.01 sys=0.00, real=0.00 secs] 
38.285: [GC 38.285: [ParNew
Desired survivor size 1343488 bytes, new threshold 4 (max 4)
- age   1:     378176 bytes,     378176 total
- age   2:     274232 bytes,     652408 total
- age   3:     212312 bytes,     864720 total
- age   4:     101560 bytes,     966280 total
: 17119K->946K(18624K), 0.0028042 secs] 39120K->23004K(83392K), 0.0029324 secs] [Times: user=0.00 sys=0.00, real=0.00 secs] 
38.301: [GC 38.301: [ParNew
Desired survivor size 1343488 bytes, new threshold 2 (max 4)
- age   1:    1299928 bytes,    1299928 total
- age   2:     293632 bytes,    1593560 total
- age   3:      68592 bytes,    1662152 total
- age   4:     212312 bytes,    1874464 total
: 16938K->1833K(18624K), 0.0022419 secs] 38995K->23989K(83392K), 0.0023334 secs] [Times: user=0.00 sys=0.00, real=0.01 secs] 
38.316: [GC 38.316: [ParNew
Desired survivor size 1343488 bytes, new threshold 2 (max 4)
- age   1:     306224 bytes,     306224 total
- age   2:    1208888 bytes,    1515112 total
: 17806K->1483K(18624K), 0.0023117 secs] 39963K->24087K(83392K), 0.0024240 secs] [Times: user=0.00 sys=0.00, real=0.00 secs] 
38.331: [GC 38.331: [ParNew
Desired survivor size 1343488 bytes, new threshold 4 (max 4)
- age   1:     860296 bytes,     860296 total
- age   2:     248824 bytes,    1109120 total
: 17444K->1086K(18624K), 0.0019853 secs] 40048K->24259K(83392K), 0.0020961 secs] [Times: user=0.01 sys=0.00, real=0.01 secs] 
38.346: [GC 38.346: [ParNew
Desired survivor size 1343488 bytes, new threshold 4 (max 4)
- age   1:     295696 bytes,     295696 total
- age   2:     529912 bytes,     825608 total
- age   3:     248784 bytes,    1074392 total
: 17083K->1052K(18624K), 0.0018699 secs] 40256K->24225K(83392K), 0.0019878 secs] [Times: user=0.00 sys=0.00, real=0.00 secs] 
38.360: [GC 38.360: [ParNew
Desired survivor size 1343488 bytes, new threshold 4 (max 4)
- age   1:     637664 bytes,     637664 total
- age   3:     319776 bytes,     957440 total
- age   4:     248784 bytes,    1206224 total
: 17026K->1181K(18624K), 0.0020673 secs] 40199K->24354K(83392K), 0.0021579 secs] [Times: user=0.00 sys=0.00, real=0.00 secs] 
38.373: [GC 38.373: [ParNew
Desired survivor size 1343488 bytes, new threshold 2 (max 4)
- age   1:    1162856 bytes,    1162856 total
- age   2:     296960 bytes,    1459816 total
- age   4:     319776 bytes,    1779592 total
: 17153K->1741K(18624K), 0.0024608 secs] 40326K->25157K(83392K), 0.0025885 secs] [Times: user=0.00 sys=0.00, real=0.00 secs] 
38.388: [GC 38.388: [ParNew
Desired survivor size 1343488 bytes, new threshold 2 (max 4)
- age   1:     840640 bytes,     840640 total
- age   2:     539296 bytes,    1379936 total
: 17729K->1351K(18624K), 0.0019397 secs] 41145K->25235K(83392K), 0.0020315 secs] [Times: user=0.01 sys=0.00, real=0.00 secs] 
38.402: [GC 38.402: [ParNew
Desired survivor size 1343488 bytes, new threshold 2 (max 4)
- age   1:    1099696 bytes,    1099696 total
- age   2:     755728 bytes,    1855424 total
: 17346K->1815K(18624K), 0.0028208 secs] 41230K->26010K(83392K), 0.0029986 secs] [Times: user=0.01 sys=0.00, real=0.00 secs] 
38.420: [GC 38.420: [ParNew
Desired survivor size 1343488 bytes, new threshold 2 (max 4)
- age   1:     481720 bytes,     481720 total
- age   2:    1013256 bytes,    1494976 total
: 17767K->1462K(18624K), 0.0025857 secs] 41963K->26067K(83392K), 0.0027014 secs] [Times: user=0.00 sys=0.00, real=0.01 secs] 
38.435: [GC 38.435: [ParNew
Desired survivor size 1343488 bytes, new threshold 4 (max 4)
- age   1:     874744 bytes,     874744 total
- age   2:     336504 bytes,    1211248 total
: 17428K->1185K(18624K), 0.0035137 secs] 42033K->26425K(83392K), 0.0036157 secs] [Times: user=0.00 sys=0.00, real=0.00 secs] 
38.451: [GC 38.452: [ParNew
Desired survivor size 1343488 bytes, new threshold 3 (max 4)
- age   1:     538440 bytes,     538440 total
- age   2:     494656 bytes,    1033096 total
- age   3:     336504 bytes,    1369600 total
: 17147K->1340K(18624K), 0.0016894 secs] 42387K->26580K(83392K), 0.0018843 secs] [Times: user=0.01 sys=0.00, real=0.01 secs] 
38.464: [GC 38.464: [ParNew
Desired survivor size 1343488 bytes, new threshold 4 (max 4)
- age   1:     393392 bytes,     393392 total
- age   2:     399136 bytes,     792528 total
- age   3:     442560 bytes,    1235088 total
: 17296K->1209K(18624K), 0.0021498 secs] 42536K->26778K(83392K), 0.0022585 secs] [Times: user=0.01 sys=0.00, real=0.00 secs] 
38.478: [GC 38.478: [ParNew
Desired survivor size 1343488 bytes, new threshold 4 (max 4)
- age   1:     571408 bytes,     571408 total
- age   2:      65992 bytes,     637400 total
- age   3:     319528 bytes,     956928 total
- age   4:     235792 bytes,    1192720 total
: 17196K->1168K(18624K), 0.0020370 secs] 42765K->26737K(83392K), 0.0021584 secs] [Times: user=0.00 sys=0.00, real=0.00 secs] 
38.496: [GC 38.496: [ParNew
Desired survivor size 1343488 bytes, new threshold 3 (max 4)
- age   1:     800504 bytes,     800504 total
- age   2:     489896 bytes,    1290400 total
- age   3:      65992 bytes,    1356392 total
- age   4:     319528 bytes,    1675920 total
: 17166K->1639K(18624K), 0.0022776 secs] 42734K->27438K(83392K), 0.0025276 secs] [Times: user=0.00 sys=0.00, real=0.00 secs] 
38.511: [GC 38.511: [ParNew
Desired survivor size 1343488 bytes, new threshold 3 (max 4)
- age   1:     654480 bytes,     654480 total
- age   2:     613168 bytes,    1267648 total
- age   3:     163336 bytes,    1430984 total
: 17635K->1400K(18624K), 0.0025574 secs] 43434K->27575K(83392K), 0.0026744 secs] [Times: user=0.00 sys=0.00, real=0.01 secs] 
38.525: [GC 38.525: [ParNew
Desired survivor size 1343488 bytes, new threshold 4 (max 4)
- age   1:     393368 bytes,     393368 total
- age   2:     327848 bytes,     721216 total
- age   3:     531344 bytes,    1252560 total
: 17319K->1227K(18624K), 0.0020211 secs] 43495K->27562K(83392K), 0.0021454 secs] [Times: user=0.01 sys=0.00, real=0.00 secs] 
38.541: [GC 38.542: [ParNew
Desired survivor size 1343488 bytes, new threshold 3 (max 4)
- age   1:     819504 bytes,     819504 total
- age   2:     336064 bytes,    1155568 total
- age   3:     268744 bytes,    1424312 total
- age   4:     531344 bytes,    1955656 total
: 17215K->1911K(18624K), 0.0027617 secs] 43550K->28246K(83392K), 0.0028953 secs] [Times: user=0.01 sys=0.00, real=0.01 secs] 
38.557: [GC 38.557: [ParNew
Desired survivor size 1343488 bytes, new threshold 3 (max 4)
- age   1:     562520 bytes,     562520 total
- age   2:     760352 bytes,    1322872 total
- age   3:      84944 bytes,    1407816 total
: 17911K->1376K(18624K), 0.0026987 secs] 44246K->28345K(83392K), 0.0027918 secs] [Times: user=0.00 sys=0.00, real=0.00 secs] 
38.575: [GC 38.575: [ParNew
Desired survivor size 1343488 bytes, new threshold 4 (max 4)
- age   1:     546600 bytes,     546600 total
- age   2:      15096 bytes,     561696 total
- age   3:     553320 bytes,    1115016 total
: 17244K->1092K(18624K), 0.0018491 secs] 44213K->28062K(83392K), 0.0019679 secs] [Times: user=0.00 sys=0.00, real=0.00 secs] 
38.591: [GC 38.591: [ParNew
Desired survivor size 1343488 bytes, new threshold 4 (max 4)
- age   1:     795408 bytes,     795408 total
- age   2:     476704 bytes,    1272112 total
- age   3:      15096 bytes,    1287208 total
- age   4:     318616 bytes,    1605824 total
: 17083K->1572K(18624K), 0.0032776 secs] 44052K->28542K(83392K), 0.0034232 secs] [Times: user=0.01 sys=0.00, real=0.01 secs] 
38.606: [GC 38.606: [ParNew
Desired survivor size 1343488 bytes, new threshold 4 (max 4)
- age   1:     482632 bytes,     482632 total
- age   2:     643632 bytes,    1126264 total
- age   3:      75744 bytes,    1202008 total
- age   4:      15096 bytes,    1217104 total
: 17524K->1194K(18624K), 0.0023079 secs] 44493K->28474K(83392K), 0.0024247 secs] [Times: user=0.01 sys=0.00, real=0.00 secs] 
38.622: [GC 38.622: [ParNew
Desired survivor size 1343488 bytes, new threshold 3 (max 4)
- age   1:     872000 bytes,     872000 total
- age   2:     396272 bytes,    1268272 total
- age   3:     510104 bytes,    1778376 total
- age   4:       3112 bytes,    1781488 total
: 17194K->1746K(18624K), 0.0023534 secs] 44474K->29039K(83392K), 0.0025094 secs] [Times: user=0.00 sys=0.00, real=0.00 secs] 
38.636: [GC 38.636: [ParNew
Desired survivor size 1343488 bytes, new threshold 3 (max 4)
- age   1:     340400 bytes,     340400 total
- age   2:     706040 bytes,    1046440 total
- age   3:     396272 bytes,    1442712 total
: 17722K->1418K(18624K), 0.0033841 secs] 45016K->29213K(83392K), 0.0034841 secs] [Times: user=0.00 sys=0.00, real=0.00 secs] 
38.652: [GC 38.652: [ParNew
Desired survivor size 1343488 bytes, new threshold 3 (max 4)
- age   1:     981360 bytes,     981360 total
- age   2:     168600 bytes,    1149960 total
- age   3:     660840 bytes,    1810800 total
: 17402K->1772K(18624K), 0.0028081 secs] 45197K->29567K(83392K), 0.0029442 secs] [Times: user=0.01 sys=0.00, real=0.00 secs] 
38.667: [GC 38.668: [ParNew
Desired survivor size 1343488 bytes, new threshold 2 (max 4)
- age   1:     698248 bytes,     698248 total
- age   2:     957872 bytes,    1656120 total
- age   3:     168600 bytes,    1824720 total
: 17748K->1787K(18624K), 0.0025608 secs] 45543K->30228K(83392K), 0.0026921 secs] [Times: user=0.01 sys=0.00, real=0.00 secs] 
38.682: [GC 38.682: [ParNew
Desired survivor size 1343488 bytes, new threshold 4 (max 4)
- age   1:     655128 bytes,     655128 total
- age   2:     538624 bytes,    1193752 total
: 17723K->1169K(18624K), 0.0027855 secs] 46163K->30709K(83392K), 0.0029185 secs] [Times: user=0.00 sys=0.00, real=0.00 secs] 
38.697: [GC 38.697: [ParNew
Desired survivor size 1343488 bytes, new threshold 3 (max 4)
- age   1:     762312 bytes,     762312 total
- age   2:     550032 bytes,    1312344 total
- age   3:     538624 bytes,    1850968 total
: 17145K->1811K(18624K), 0.0024309 secs] 46685K->31351K(83392K), 0.0025500 secs] [Times: user=0.00 sys=0.00, real=0.00 secs] 
38.712: [GC 38.712: [ParNew
Desired survivor size 1343488 bytes, new threshold 4 (max 4)
- age   1:     210128 bytes,     210128 total
- age   2:     679216 bytes,     889344 total
- age   3:     311896 bytes,    1201240 total
: 17770K->1176K(18624K), 0.0022852 secs] 47310K->31243K(83392K), 0.0023827 secs] [Times: user=0.01 sys=0.01, real=0.01 secs] 
38.728: [GC 38.728: [ParNew
Desired survivor size 1343488 bytes, new threshold 4 (max 4)
- age   1:     416152 bytes,     416152 total
- age   2:      47816 bytes,     463968 total
- age   3:     531912 bytes,     995880 total
- age   4:     311896 bytes,    1307776 total
: 17119K->1280K(18624K), 0.0017528 secs] 47186K->31347K(83392K), 0.0018548 secs] [Times: user=0.01 sys=0.00, real=0.00 secs] 
38.743: [GC 38.743: [ParNew
Desired survivor size 1343488 bytes, new threshold 4 (max 4)
- age   1:     732040 bytes,     732040 total
- age   2:     337432 bytes,    1069472 total
- age   4:     531912 bytes,    1601384 total
: 17184K->1564K(18624K), 0.0032413 secs] 47250K->31935K(83392K), 0.0033445 secs] [Times: user=0.00 sys=0.00, real=0.00 secs] 
38.758: [GC 38.758: [ParNew
Desired survivor size 1343488 bytes, new threshold 4 (max 4)
- age   1:     596312 bytes,     596312 total
- age   2:     650512 bytes,    1246824 total
: 17504K->1220K(18624K), 0.0023682 secs] 47875K->32111K(83392K), 0.0024656 secs] [Times: user=0.00 sys=0.00, real=0.00 secs] 
38.772: [GC 38.772: [ParNew
Desired survivor size 1343488 bytes, new threshold 3 (max 4)
- age   1:     717136 bytes,     717136 total
- age   2:     252976 bytes,     970112 total
- age   3:     650512 bytes,    1620624 total
: 17188K->1584K(18624K), 0.0022750 secs] 48078K->32474K(83392K), 0.0023824 secs] [Times: user=0.01 sys=0.00, real=0.00 secs] 
38.793: [GC 38.794: [ParNew
Desired survivor size 1343488 bytes, new threshold 4 (max 4)
- age   1:     674912 bytes,     674912 total
- age   2:     630760 bytes,    1305672 total
: 17489K->1276K(18624K), 0.0023323 secs] 48379K->32405K(83392K), 0.0024341 secs] [Times: user=0.00 sys=0.00, real=0.00 secs] 
38.807: [GC 38.807: [ParNew
Desired survivor size 1343488 bytes, new threshold 3 (max 4)
- age   1:     697552 bytes,     697552 total
- age   2:     232880 bytes,     930432 total
- age   3:     630760 bytes,    1561192 total
: 17243K->1530K(18624K), 0.0031485 secs] 48373K->32660K(83392K), 0.0032685 secs] [Times: user=0.01 sys=0.00, real=0.00 secs] 
38.830: [GC 38.830: [ParNew
Desired survivor size 1343488 bytes, new threshold 4 (max 4)
- age   1:     734208 bytes,     734208 total
- age   2:      23344 bytes,     757552 total
- age   3:       8392 bytes,     765944 total
: 17530K->756K(18624K), 0.0012938 secs] 48660K->31887K(83392K), 0.0014168 secs] [Times: user=0.01 sys=0.00, real=0.01 secs] 
38.856: [GC 38.856: [ParNew
Desired survivor size 1343488 bytes, new threshold 4 (max 4)
- age   1:     621776 bytes,     621776 total
- age   2:     232576 bytes,     854352 total
- age   3:      23344 bytes,     877696 total
- age   4:       7688 bytes,     885384 total
: 16619K->875K(18624K), 0.0018196 secs] 47750K->32006K(83392K), 0.0019185 secs] [Times: user=0.00 sys=0.00, real=0.00 secs] 
38.880: [GC 38.880: [ParNew
Desired survivor size 1343488 bytes, new threshold 4 (max 4)
- age   1:     167224 bytes,     167224 total
- age   2:      26000 bytes,     193224 total
- age   3:     148760 bytes,     341984 total
- age   4:      23344 bytes,     365328 total
: 16846K->375K(18624K), 0.0013825 secs] 47976K->31513K(83392K), 0.0014821 secs] [Times: user=0.00 sys=0.00, real=0.00 secs] 
38.898: [GC 38.898: [ParNew
Desired survivor size 1343488 bytes, new threshold 4 (max 4)
- age   1:     279128 bytes,     279128 total
- age   2:      86032 bytes,     365160 total
- age   3:      17352 bytes,     382512 total
- age   4:     148760 bytes,     531272 total
: 16375K->531K(18624K), 0.0015060 secs] 47513K->31692K(83392K), 0.0015917 secs] [Times: user=0.00 sys=0.00, real=0.00 secs] 
38.914: [GC 38.915: [ParNew
Desired survivor size 1343488 bytes, new threshold 4 (max 4)
- age   1:     285528 bytes,     285528 total
- age   2:     113096 bytes,     398624 total
- age   3:      85328 bytes,     483952 total
- age   4:      17352 bytes,     501304 total
: 16527K->525K(18624K), 0.0016285 secs] 47688K->31831K(83392K), 0.0017130 secs] [Times: user=0.01 sys=0.00, real=0.00 secs] 
38.930: [GC 38.930: [ParNew
Desired survivor size 1343488 bytes, new threshold 4 (max 4)
- age   1:     147616 bytes,     147616 total
- age   2:     252064 bytes,     399680 total
- age   3:      76280 bytes,     475960 total
- age   4:      85328 bytes,     561288 total
: 16491K->565K(18624K), 0.0019492 secs] 47797K->31888K(83392K), 0.0020360 secs] [Times: user=0.00 sys=0.00, real=0.00 secs] 
38.945: [GC 38.945: [ParNew
Desired survivor size 1343488 bytes, new threshold 4 (max 4)
- age   1:     187512 bytes,     187512 total
- age   2:      55264 bytes,     242776 total
- age   3:     252024 bytes,     494800 total
- age   4:      51664 bytes,     546464 total
: 16540K->633K(18624K), 0.0014012 secs] 47863K->32039K(83392K), 0.0014808 secs] [Times: user=0.00 sys=0.00, real=0.00 secs] 
38.960: [GC 38.960: [ParNew
Desired survivor size 1343488 bytes, new threshold 4 (max 4)
- age   1:     340336 bytes,     340336 total
- age   2:       1352 bytes,     341688 total
- age   3:      36024 bytes,     377712 total
- age   4:     167400 bytes,     545112 total
: 16633K->643K(18624K), 0.0026366 secs] 48039K->32103K(83392K), 0.0027220 secs] [Times: user=0.01 sys=0.00, real=0.01 secs] 
38.980: [GC 38.980: [ParNew
Desired survivor size 1343488 bytes, new threshold 4 (max 4)
- age   1:      75688 bytes,      75688 total
- age   2:     295368 bytes,     371056 total
- age   3:       1320 bytes,     372376 total
- age   4:      36024 bytes,     408400 total
: 16643K->458K(18624K), 0.0017497 secs] 48103K->32081K(83392K), 0.0018467 secs] [Times: user=0.00 sys=0.00, real=0.01 secs] 
38.994: [GC 38.995: [ParNew
Desired survivor size 1343488 bytes, new threshold 4 (max 4)
- age   1:     466272 bytes,     466272 total
- age   2:      49120 bytes,     515392 total
- age   3:     295368 bytes,     810760 total
- age   4:       1320 bytes,     812080 total
: 16458K->820K(18624K), 0.0020399 secs] 48081K->32478K(83392K), 0.0021811 secs] [Times: user=0.00 sys=0.00, real=0.00 secs] 
39.015: [GC 39.015: [ParNew
Desired survivor size 1343488 bytes, new threshold 4 (max 4)
- age   1:     178144 bytes,     178144 total
- age   2:     179224 bytes,     357368 total
- age   3:      48720 bytes,     406088 total
- age   4:     295368 bytes,     701456 total
: 16820K->698K(18624K), 0.0014933 secs] 48478K->32357K(83392K), 0.0015704 secs] [Times: user=0.00 sys=0.00, real=0.00 secs] 
39.028: [GC 39.029: [ParNew
Desired survivor size 1343488 bytes, new threshold 4 (max 4)
- age   1:     287904 bytes,     287904 total
- age   2:     100848 bytes,     388752 total
- age   3:     179224 bytes,     567976 total
- age   4:      13888 bytes,     581864 total
: 16698K->574K(18624K), 0.0020403 secs] 48357K->32520K(83392K), 0.0021482 secs] [Times: user=0.00 sys=0.00, real=0.00 secs] 
39.044: [GC 39.044: [ParNew
Desired survivor size 1343488 bytes, new threshold 4 (max 4)
- age   1:      75512 bytes,      75512 total
- age   2:     150752 bytes,     226264 total
- age   3:     100848 bytes,     327112 total
- age   4:     179224 bytes,     506336 total
: 16549K->523K(18624K), 0.0012415 secs] 48496K->32483K(83392K), 0.0013337 secs] [Times: user=0.01 sys=0.00, real=0.00 secs] 
39.058: [GC 39.058: [ParNew
Desired survivor size 1343488 bytes, new threshold 4 (max 4)
- age   1:     578352 bytes,     578352 total
- age   2:      47328 bytes,     625680 total
- age   3:       9936 bytes,     635616 total
- age   4:     100848 bytes,     736464 total
: 16518K->736K(18624K), 0.0021824 secs] 48478K->32871K(83392K), 0.0022605 secs] [Times: user=0.00 sys=0.00, real=0.00 secs] 
39.072: [GC 39.072: [ParNew
Desired survivor size 1343488 bytes, new threshold 4 (max 4)
- age   1:     323368 bytes,     323368 total
- age   2:     517992 bytes,     841360 total
- age   3:      47328 bytes,     888688 total
- age   4:       9936 bytes,     898624 total
: 16731K->910K(18624K), 0.0020965 secs] 48866K->33143K(83392K), 0.0021938 secs] [Times: user=0.00 sys=0.00, real=0.01 secs] 
39.085: [GC 39.085: [ParNew
Desired survivor size 1343488 bytes, new threshold 4 (max 4)
- age   1:     663368 bytes,     663368 total
- age   2:     165600 bytes,     828968 total
- age   3:     237408 bytes,    1066376 total
- age   4:       4120 bytes,    1070496 total
: 16898K->1058K(18624K), 0.0026623 secs] 49131K->33301K(83392K), 0.0027857 secs] [Times: user=0.00 sys=0.01, real=0.00 secs] 
39.099: [GC 39.099: [ParNew
Desired survivor size 1343488 bytes, new threshold 4 (max 4)
- age   1:     306976 bytes,     306976 total
- age   2:     411296 bytes,     718272 total
- age   3:     165600 bytes,     883872 total
- age   4:     143080 bytes,    1026952 total
: 17047K->1008K(18624K), 0.0022455 secs] 49290K->33256K(83392K), 0.0023568 secs] [Times: user=0.00 sys=0.00, real=0.00 secs] 
39.115: [GC 39.115: [ParNew
Desired survivor size 1343488 bytes, new threshold 4 (max 4)
- age   1:     488176 bytes,     488176 total
- age   2:     259440 bytes,     747616 total
- age   3:     340320 bytes,    1087936 total
- age   4:     165600 bytes,    1253536 total
: 17008K->1228K(18624K), 0.0023067 secs] 49255K->33615K(83392K), 0.0024014 secs] [Times: user=0.01 sys=0.00, real=0.00 secs] 
39.129: [GC 39.129: [ParNew
Desired survivor size 1343488 bytes, new threshold 4 (max 4)
- age   1:      94264 bytes,      94264 total
- age   2:     475504 bytes,     569768 total
- age   3:     259440 bytes,     829208 total
- age   4:      81232 bytes,     910440 total
: 17217K->894K(18624K), 0.0041707 secs] 49604K->33325K(83392K), 0.0042961 secs] [Times: user=0.00 sys=0.00, real=0.01 secs] 
39.148: [GC 39.148: [ParNew
Desired survivor size 1343488 bytes, new threshold 4 (max 4)
- age   1:     241624 bytes,     241624 total
- age   2:        952 bytes,     242576 total
- age   3:     475504 bytes,     718080 total
- age   4:     259440 bytes,     977520 total
: 16843K->957K(18624K), 0.0024181 secs] 49273K->33445K(83392K), 0.0025530 secs] [Times: user=0.01 sys=0.00, real=0.00 secs] 
39.180: [GC 39.180: [ParNew
Desired survivor size 1343488 bytes, new threshold 4 (max 4)
- age   1:     288352 bytes,     288352 total
- age   2:     110128 bytes,     398480 total
- age   3:        824 bytes,     399304 total
- age   4:     229072 bytes,     628376 total
: 16949K->617K(18624K), 0.0017133 secs] 49436K->33256K(83392K), 0.0018048 secs] [Times: user=0.01 sys=0.00, real=0.01 secs] 
39.198: [GC 39.198: [ParNew
Desired survivor size 1343488 bytes, new threshold 4 (max 4)
- age   1:     257424 bytes,     257424 total
- age   2:     111952 bytes,     369376 total
- age   3:      89856 bytes,     459232 total
- age   4:        824 bytes,     460056 total
: 16601K->455K(18624K), 0.0014280 secs] 49240K->33318K(83392K), 0.0015115 secs] [Times: user=0.00 sys=0.00, real=0.00 secs] 
39.213: [GC 39.213: [ParNew
Desired survivor size 1343488 bytes, new threshold 4 (max 4)
- age   1:     261888 bytes,     261888 total
- age   2:     187360 bytes,     449248 total
- age   3:      76296 bytes,     525544 total
- age   4:      24152 bytes,     549696 total
: 16452K->545K(18624K), 0.0014583 secs] 49315K->33408K(83392K), 0.0015415 secs] [Times: user=0.01 sys=0.00, real=0.00 secs] 
39.229: [GC 39.229: [ParNew
Desired survivor size 1343488 bytes, new threshold 4 (max 4)
- age   1:     247240 bytes,     247240 total
- age   2:     154144 bytes,     401384 total
- age   3:      62696 bytes,     464080 total
- age   4:      46176 bytes,     510256 total
: 16517K->503K(18624K), 0.0057462 secs] 49381K->33367K(83392K), 0.0058654 secs] [Times: user=0.01 sys=0.00, real=0.01 secs] 
39.253: [GC 39.253: [ParNew
Desired survivor size 1343488 bytes, new threshold 4 (max 4)
- age   1:     348496 bytes,     348496 total
- age   2:     221584 bytes,     570080 total
- age   3:     154144 bytes,     724224 total
: 16464K->720K(18624K), 0.0015768 secs] 49327K->33629K(83392K), 0.0016711 secs] [Times: user=0.00 sys=0.00, real=0.00 secs] 
39.269: [GC 39.270: [ParNew
Desired survivor size 1343488 bytes, new threshold 4 (max 4)
- age   1:     722576 bytes,     722576 total
- age   2:     291688 bytes,    1014264 total
- age   3:     221584 bytes,    1235848 total
- age   4:     154144 bytes,    1389992 total
: 16684K->1361K(18624K), 0.0030432 secs] 49593K->34270K(83392K), 0.0031429 secs] [Times: user=0.01 sys=0.00, real=0.01 secs] 
39.285: [GC 39.286: [ParNew
Desired survivor size 1343488 bytes, new threshold 4 (max 4)
- age   1:     411800 bytes,     411800 total
- age   2:     510248 bytes,     922048 total
- age   3:     291688 bytes,    1213736 total
- age   4:     137584 bytes,    1351320 total
: 17325K->1319K(18624K), 0.0038135 secs] 50234K->34379K(83392K), 0.0039298 secs] [Times: user=0.00 sys=0.00, real=0.00 secs] 
39.301: [GC 39.301: [ParNew
Desired survivor size 1343488 bytes, new threshold 4 (max 4)
- age   1:     113560 bytes,     113560 total
- age   2:     357392 bytes,     470952 total
- age   3:     367168 bytes,     838120 total
- age   4:     291688 bytes,    1129808 total
: 17291K->1108K(18624K), 0.0019521 secs] 50351K->34302K(83392K), 0.0020777 secs] [Times: user=0.00 sys=0.00, real=0.01 secs] 
39.316: [GC 39.316: [ParNew
Desired survivor size 1343488 bytes, new threshold 4 (max 4)
- age   1:     257840 bytes,     257840 total
- age   2:      59136 bytes,     316976 total
- age   3:     357392 bytes,     674368 total
- age   4:     303032 bytes,     977400 total
: 17108K->955K(18624K), 0.0026943 secs] 50302K->34261K(83392K), 0.0027908 secs] [Times: user=0.01 sys=0.00, real=0.00 secs] 
39.330: [GC 39.330: [ParNew
Desired survivor size 1343488 bytes, new threshold 4 (max 4)
- age   1:     338976 bytes,     338976 total
- age   2:     219664 bytes,     558640 total
- age   3:      59136 bytes,     617776 total
- age   4:      79608 bytes,     697384 total
: 16902K->684K(18624K), 0.0024006 secs] 50207K->34285K(83392K), 0.0025293 secs] [Times: user=0.00 sys=0.00, real=0.01 secs] 
39.345: [GC 39.345: [ParNew
Desired survivor size 1343488 bytes, new threshold 4 (max 4)
- age   1:     332320 bytes,     332320 total
- age   2:      30744 bytes,     363064 total
- age   3:      89144 bytes,     452208 total
- age   4:      59136 bytes,     511344 total
: 16669K->500K(18624K), 0.0017816 secs] 50270K->34179K(83392K), 0.0019157 secs] [Times: user=0.00 sys=0.00, real=0.00 secs] 
39.360: [GC 39.360: [ParNew
Desired survivor size 1343488 bytes, new threshold 4 (max 4)
- age   1:     288272 bytes,     288272 total
- age   2:      40576 bytes,     328848 total
- age   3:      30744 bytes,     359592 total
- age   4:      89144 bytes,     448736 total
: 16440K->441K(18624K), 0.0055514 secs] 50119K->34178K(83392K), 0.0056537 secs] [Times: user=0.01 sys=0.01, real=0.01 secs] 
39.380: [GC 39.381: [ParNew
Desired survivor size 1343488 bytes, new threshold 4 (max 4)
- age   1:     277328 bytes,     277328 total
- age   2:     219680 bytes,     497008 total
- age   3:      40576 bytes,     537584 total
- age   4:      30744 bytes,     568328 total
: 16406K->556K(18624K), 0.0020991 secs] 50143K->34380K(83392K), 0.0021917 secs] [Times: user=0.01 sys=0.00, real=0.01 secs] 
39.398: [GC 39.398: [ParNew
Desired survivor size 1343488 bytes, new threshold 4 (max 4)
- age   1:     545424 bytes,     545424 total
- age   2:     173216 bytes,     718640 total
- age   3:      57600 bytes,     776240 total
- age   4:      40576 bytes,     816816 total
: 16552K->799K(18624K), 0.0022547 secs] 50376K->34653K(83392K), 0.0023679 secs] [Times: user=0.01 sys=0.00, real=0.00 secs] 
39.412: [GC 39.412: [ParNew
Desired survivor size 1343488 bytes, new threshold 4 (max 4)
- age   1:     565768 bytes,     565768 total
- age   2:     501584 bytes,    1067352 total
- age   3:      95344 bytes,    1162696 total
: 16751K->1138K(18624K), 0.0024367 secs] 50605K->34993K(83392K), 0.0025459 secs] [Times: user=0.00 sys=0.00, real=0.00 secs] 
39.426: [GC 39.426: [ParNew
Desired survivor size 1343488 bytes, new threshold 3 (max 4)
- age   1:     614296 bytes,     614296 total
- age   2:     514848 bytes,    1129144 total
- age   3:     382832 bytes,    1511976 total
- age   4:      95344 bytes,    1607320 total
: 17128K->1573K(18624K), 0.0024952 secs] 50983K->35427K(83392K), 0.0026028 secs] [Times: user=0.01 sys=0.00, real=0.00 secs] 
39.441: [GC 39.441: [ParNew
Desired survivor size 1343488 bytes, new threshold 3 (max 4)
- age   1:     443960 bytes,     443960 total
- age   2:     590256 bytes,    1034216 total
- age   3:     514848 bytes,    1549064 total
: 17551K->1514K(18624K), 0.0027005 secs] 51405K->35835K(83392K), 0.0028079 secs] [Times: user=0.00 sys=0.00, real=0.01 secs] 
39.456: [GC 39.456: [ParNew
Desired survivor size 1343488 bytes, new threshold 4 (max 4)
- age   1:     440280 bytes,     440280 total
- age   2:     380416 bytes,     820696 total
- age   3:     233336 bytes,    1054032 total
: 17505K->1030K(18624K), 0.0025503 secs] 51826K->35653K(83392K), 0.0026734 secs] [Times: user=0.00 sys=0.00, real=0.00 secs] 
39.471: [GC 39.471: [ParNew
Desired survivor size 1343488 bytes, new threshold 4 (max 4)
- age   1:     483656 bytes,     483656 total
- age   2:     399704 bytes,     883360 total
- age   3:     380416 bytes,    1263776 total
- age   4:     120648 bytes,    1384424 total
: 17001K->1353K(18624K), 0.0019797 secs] 51623K->35975K(83392K), 0.0021020 secs] [Times: user=0.01 sys=0.00, real=0.01 secs] 
39.485: [GC 39.485: [ParNew
Desired survivor size 1343488 bytes, new threshold 3 (max 4)
- age   1:     843624 bytes,     843624 total
- age   2:     423936 bytes,    1267560 total
- age   3:     281448 bytes,    1549008 total
- age   4:     380416 bytes,    1929424 total
: 17344K->1887K(18624K), 0.0032653 secs] 51966K->36627K(83392K), 0.0033838 secs] [Times: user=0.00 sys=0.00, real=0.00 secs] 
39.500: [GC 39.500: [ParNew
Desired survivor size 1343488 bytes, new threshold 3 (max 4)
- age   1:     248936 bytes,     248936 total
- age   2:     765648 bytes,    1014584 total
- age   3:     423936 bytes,    1438520 total
: 17860K->1408K(18624K), 0.0024122 secs] 52600K->36643K(83392K), 0.0025353 secs] [Times: user=0.00 sys=0.00, real=0.01 secs] 
39.516: [GC 39.516: [ParNew
Desired survivor size 1343488 bytes, new threshold 4 (max 4)
- age   1:     304648 bytes,     304648 total
- age   2:     161712 bytes,     466360 total
- age   3:     765648 bytes,    1232008 total
: 17391K->1206K(18624K), 0.0022474 secs] 52627K->36856K(83392K), 0.0023687 secs] [Times: user=0.00 sys=0.00, real=0.00 secs] 
39.533: [GC 39.533: [ParNew
Desired survivor size 1343488 bytes, new threshold 4 (max 4)
- age   1:     664360 bytes,     664360 total
- age   2:     156680 bytes,     821040 total
- age   3:      80824 bytes,     901864 total
- age   4:     647016 bytes,    1548880 total
: 17206K->1514K(18624K), 0.0021882 secs] 52856K->37164K(83392K), 0.0022875 secs] [Times: user=0.00 sys=0.00, real=0.00 secs] 
39.547: [GC 39.547: [ParNew
Desired survivor size 1343488 bytes, new threshold 4 (max 4)
- age   1:     564368 bytes,     564368 total
- age   2:     602352 bytes,    1166720 total
- age   3:      52056 bytes,    1218776 total
- age   4:      80824 bytes,    1299600 total
: 17507K->1271K(18624K), 0.0022550 secs] 53156K->37251K(83392K), 0.0023775 secs] [Times: user=0.00 sys=0.00, real=0.00 secs] 
39.560: [GC 39.560: [ParNew
Desired survivor size 1343488 bytes, new threshold 3 (max 4)
- age   1:     589672 bytes,     589672 total
- age   2:     428664 bytes,    1018336 total
- age   3:     602352 bytes,    1620688 total
- age   4:      52056 bytes,    1672744 total
: 17220K->1638K(18624K), 0.0023995 secs] 53200K->37698K(83392K), 0.0024988 secs] [Times: user=0.00 sys=0.00, real=0.01 secs] 
39.575: [GC 39.576: [ParNew
Desired survivor size 1343488 bytes, new threshold 4 (max 4)
- age   1:     365712 bytes,     365712 total
- age   2:     401448 bytes,     767160 total
- age   3:     263984 bytes,    1031144 total
: 17620K->1010K(18624K), 0.0022469 secs] 53679K->37708K(83392K), 0.0023599 secs] [Times: user=0.01 sys=0.00, real=0.00 secs] 
39.590: [GC 39.590: [ParNew
Desired survivor size 1343488 bytes, new threshold 4 (max 4)
- age   1:     509680 bytes,     509680 total
- age   2:      77096 bytes,     586776 total
- age   3:     264600 bytes,     851376 total
- age   4:     263984 bytes,    1115360 total
: 17000K->1092K(18624K), 0.0018605 secs] 53699K->37790K(83392K), 0.0019901 secs] [Times: user=0.00 sys=0.00, real=0.01 secs] 
39.606: [GC 39.606: [ParNew
Desired survivor size 1343488 bytes, new threshold 4 (max 4)
- age   1:     719272 bytes,     719272 total
- age   2:     358648 bytes,    1077920 total
- age   3:      77096 bytes,    1155016 total
- age   4:     116520 bytes,    1271536 total
: 17081K->1242K(18624K), 0.0021027 secs] 53779K->38045K(83392K), 0.0022022 secs] [Times: user=0.00 sys=0.00, real=0.00 secs] 
39.621: [GC 39.621: [ParNew
Desired survivor size 1343488 bytes, new threshold 4 (max 4)
- age   1:     250960 bytes,     250960 total
- age   2:     624304 bytes,     875264 total
- age   3:     358648 bytes,    1233912 total
- age   4:      77096 bytes,    1311008 total
: 17203K->1281K(18624K), 0.0021407 secs] 54005K->38197K(83392K), 0.0022499 secs] [Times: user=0.00 sys=0.00, real=0.01 secs] 
39.637: [GC 39.637: [ParNew
Desired survivor size 1343488 bytes, new threshold 4 (max 4)
- age   1:     434784 bytes,     434784 total
- age   2:     177920 bytes,     612704 total
- age   3:     624304 bytes,    1237008 total
- age   4:     358648 bytes,    1595656 total
: 17212K->1560K(18624K), 0.0022637 secs] 54128K->38551K(83392K), 0.0023521 secs] [Times: user=0.00 sys=0.00, real=0.00 secs] 
39.651: [GC 39.651: [ParNew
Desired survivor size 1343488 bytes, new threshold 4 (max 4)
- age   1:     420464 bytes,     420464 total
- age   2:     382992 bytes,     803456 total
- age   3:     177920 bytes,     981376 total
- age   4:     423880 bytes,    1405256 total
: 17529K->1376K(18624K), 0.0021708 secs] 54521K->38718K(83392K), 0.0022910 secs] [Times: user=0.00 sys=0.00, real=0.01 secs] 
39.665: [GC 39.665: [ParNew
Desired survivor size 1343488 bytes, new threshold 1 (max 4)
- age   1:    1362936 bytes,    1362936 total
- age   2:     354072 bytes,    1717008 total
- age   3:     382992 bytes,    2100000 total
- age   4:     177920 bytes,    2277920 total
: 17376K->2231K(18624K), 0.0028627 secs] 54717K->39581K(83392K), 0.0030163 secs] [Times: user=0.00 sys=0.00, real=0.00 secs] 
39.681: [GC 39.681: [ParNew
Desired survivor size 1343488 bytes, new threshold 4 (max 4)
- age   1:     243280 bytes,     243280 total
: 18192K->243K(18624K), 0.0025994 secs] 55542K->39607K(83392K), 0.0026960 secs] [Times: user=0.01 sys=0.00, real=0.01 secs] 
39.696: [GC 39.696: [ParNew
Desired survivor size 1343488 bytes, new threshold 4 (max 4)
- age   1:     873456 bytes,     873456 total
: 16226K->856K(18624K), 0.0014145 secs] 55589K->40220K(83392K), 0.0015078 secs] [Times: user=0.00 sys=0.00, real=0.00 secs] 
39.710: [GC 39.710: [ParNew
Desired survivor size 1343488 bytes, new threshold 4 (max 4)
- age   1:     420000 bytes,     420000 total
- age   2:     807560 bytes,    1227560 total
: 16824K->1202K(18624K), 0.0018062 secs] 56188K->40566K(83392K), 0.0019008 secs] [Times: user=0.00 sys=0.00, real=0.00 secs] 
39.723: [GC 39.723: [ParNew
Desired survivor size 1343488 bytes, new threshold 3 (max 4)
- age   1:     645672 bytes,     645672 total
- age   2:     197024 bytes,     842696 total
- age   3:     807560 bytes,    1650256 total
: 17144K->1615K(18624K), 0.0021169 secs] 56507K->40978K(83392K), 0.0022203 secs] [Times: user=0.00 sys=0.00, real=0.00 secs] 
39.738: [GC 39.738: [ParNew
Desired survivor size 1343488 bytes, new threshold 3 (max 4)
- age   1:     741648 bytes,     741648 total
- age   2:     572552 bytes,    1314200 total
- age   3:     197024 bytes,    1511224 total
: 17599K->1478K(18624K), 0.0032666 secs] 56962K->41631K(83392K), 0.0033890 secs] [Times: user=0.00 sys=0.00, real=0.00 secs] 
39.753: [GC 39.753: [ParNew
Desired survivor size 1343488 bytes, new threshold 4 (max 4)
- age   1:     387912 bytes,     387912 total
- age   2:     689560 bytes,    1077472 total
- age   3:     172656 bytes,    1250128 total
: 17459K->1222K(18624K), 0.0019564 secs] 57612K->41566K(83392K), 0.0020590 secs] [Times: user=0.00 sys=0.00, real=0.00 secs] 
39.766: [GC 39.766: [ParNew
Desired survivor size 1343488 bytes, new threshold 4 (max 4)
- age   1:     141136 bytes,     141136 total
- age   2:     207072 bytes,     348208 total
- age   3:     689560 bytes,    1037768 total
- age   4:     172656 bytes,    1210424 total
: 17214K->1184K(18624K), 0.0018683 secs] 57558K->41528K(83392K), 0.0019701 secs] [Times: user=0.00 sys=0.00, real=0.00 secs] 
39.780: [GC 39.780: [ParNew
Desired survivor size 1343488 bytes, new threshold 4 (max 4)
- age   1:     251808 bytes,     251808 total
- age   3:     207072 bytes,     458880 total
- age   4:     689560 bytes,    1148440 total
: 17179K->1123K(18624K), 0.0020996 secs] 57524K->41636K(83392K), 0.0022147 secs] [Times: user=0.01 sys=0.00, real=0.00 secs] 
39.793: [GC 39.793: [ParNew
Desired survivor size 1343488 bytes, new threshold 4 (max 4)
- age   1:     597152 bytes,     597152 total
- age   2:     169528 bytes,     766680 total
- age   4:     207072 bytes,     973752 total
: 17093K->954K(18624K), 0.0023264 secs] 57607K->42141K(83392K), 0.0024236 secs] [Times: user=0.00 sys=0.00, real=0.00 secs] 
39.808: [GC 39.808: [ParNew
Desired survivor size 1343488 bytes, new threshold 4 (max 4)
- age   1:     811512 bytes,     811512 total
- age   2:     282384 bytes,    1093896 total
- age   3:      56816 bytes,    1150712 total
: 16935K->1127K(18624K), 0.0021286 secs] 58122K->42515K(83392K), 0.0022413 secs] [Times: user=0.00 sys=0.00, real=0.00 secs] 
39.822: [GC 39.822: [ParNew
Desired survivor size 1343488 bytes, new threshold 4 (max 4)
- age   1:     442400 bytes,     442400 total
- age   2:     665512 bytes,    1107912 total
- age   3:      54376 bytes,    1162288 total
- age   4:        336 bytes,    1162624 total
: 17042K->1138K(18624K), 0.0019681 secs] 58431K->42527K(83392K), 0.0020664 secs] [Times: user=0.01 sys=0.00, real=0.01 secs] 
39.838: [GC 39.838: [ParNew
Desired survivor size 1343488 bytes, new threshold 4 (max 4)
- age   1:     326112 bytes,     326112 total
- age   2:     323152 bytes,     649264 total
- age   3:     548952 bytes,    1198216 total
- age   4:      54376 bytes,    1252592 total
: 17091K->1224K(18624K), 0.0018869 secs] 58480K->42613K(83392K), 0.0020804 secs] [Times: user=0.00 sys=0.00, real=0.00 secs] 
39.856: [GC 39.856: [ParNew
Desired survivor size 1343488 bytes, new threshold 4 (max 4)
- age   1:     691824 bytes,     691824 total
- age   2:     206032 bytes,     897856 total
- age   3:     323152 bytes,    1221008 total
- age   4:     548952 bytes,    1769960 total
: 17196K->1732K(18624K), 0.0020480 secs] 58585K->43174K(83392K), 0.0021789 secs] [Times: user=0.00 sys=0.00, real=0.00 secs] 
39.870: [GC 39.870: [ParNew
Desired survivor size 1343488 bytes, new threshold 4 (max 4)
- age   1:     443560 bytes,     443560 total
- age   2:     414912 bytes,     858472 total
- age   3:     206032 bytes,    1064504 total
- age   4:     323152 bytes,    1387656 total
: 17726K->1357K(18624K), 0.0025088 secs] 59168K->43335K(83392K), 0.0026067 secs] [Times: user=0.00 sys=0.00, real=0.01 secs] 
39.885: [GC 39.885: [ParNew
Desired survivor size 1343488 bytes, new threshold 4 (max 4)
- age   1:     205824 bytes,     205824 total
- age   2:     300864 bytes,     506688 total
- age   3:     349584 bytes,     856272 total
- age   4:     204752 bytes,    1061024 total
: 17350K->1039K(18624K), 0.0019386 secs] 59329K->43333K(83392K), 0.0021077 secs] [Times: user=0.01 sys=0.00, real=0.00 secs] 
39.899: [GC 39.900: [ParNew
Desired survivor size 1343488 bytes, new threshold 4 (max 4)
- age   1:     474568 bytes,     474568 total
- age   2:     148504 bytes,     623072 total
- age   3:     300864 bytes,     923936 total
- age   4:     349584 bytes,    1273520 total
: 17000K->1249K(18624K), 0.0019787 secs] 59294K->43546K(83392K), 0.0020919 secs] [Times: user=0.01 sys=0.00, real=0.00 secs] 
39.913: [GC 39.913: [ParNew
Desired survivor size 1343488 bytes, new threshold 4 (max 4)
- age   1:     521072 bytes,     521072 total
- age   2:     334480 bytes,     855552 total
- age   3:     148504 bytes,    1004056 total
- age   4:     300864 bytes,    1304920 total
: 17237K->1277K(18624K), 0.0021680 secs] 59534K->43915K(83392K), 0.0022745 secs] [Times: user=0.00 sys=0.00, real=0.00 secs] 
39.927: [GC 39.928: [ParNew
Desired survivor size 1343488 bytes, new threshold 4 (max 4)
- age   1:     540624 bytes,     540624 total
- age   2:     440792 bytes,     981416 total
- age   3:     334480 bytes,    1315896 total
- age   4:      70632 bytes,    1386528 total
: 17248K->1356K(18624K), 0.0020471 secs] 59887K->44252K(83392K), 0.0021547 secs] [Times: user=0.00 sys=0.00, real=0.00 secs] 
39.942: [GC 39.943: [ParNew
Desired survivor size 1343488 bytes, new threshold 4 (max 4)
- age   1:     407584 bytes,     407584 total
- age   2:     340768 bytes,     748352 total
- age   3:     440792 bytes,    1189144 total
- age   4:     334480 bytes,    1523624 total
: 17345K->1491K(18624K), 0.0019601 secs] 60241K->44456K(83392K), 0.0020919 secs] [Times: user=0.00 sys=0.00, real=0.00 secs] 
39.957: [GC 39.957: [ParNew
Desired survivor size 1343488 bytes, new threshold 4 (max 4)
- age   1:     465376 bytes,     465376 total
- age   2:     352448 bytes,     817824 total
- age   3:     147248 bytes,     965072 total
: 17489K->945K(18624K), 0.0023033 secs] 60454K->44124K(83392K), 0.0024133 secs] [Times: user=0.01 sys=0.00, real=0.00 secs] 
39.972: [GC 39.972: [ParNew
Desired survivor size 1343488 bytes, new threshold 4 (max 4)
- age   1:     499952 bytes,     499952 total
- age   2:     465376 bytes,     965328 total
- age   3:     352448 bytes,    1317776 total
- age   4:     147248 bytes,    1465024 total
: 16896K->1433K(18624K), 0.0020457 secs] 60075K->44612K(83392K), 0.0021450 secs] [Times: user=0.00 sys=0.00, real=0.00 secs] 
39.986: [GC 39.986: [ParNew
Desired survivor size 1343488 bytes, new threshold 3 (max 4)
- age   1:     905440 bytes,     905440 total
- age   2:     222392 bytes,    1127832 total
- age   3:     399000 bytes,    1526832 total
- age   4:     269392 bytes,    1796224 total
: 17433K->1754K(18624K), 0.0027194 secs] 60612K->45077K(83392K), 0.0028788 secs] [Times: user=0.00 sys=0.00, real=0.00 secs] 
40.001: [GC 40.001: [ParNew
Desired survivor size 1343488 bytes, new threshold 4 (max 4)
- age   1:     555568 bytes,     555568 total
- age   2:     373664 bytes,     929232 total
- age   3:     222392 bytes,    1151624 total
: 17754K->1125K(18624K), 0.0023529 secs] 61076K->45101K(83392K), 0.0024589 secs] [Times: user=0.01 sys=0.00, real=0.01 secs] 
40.016: [GC 40.016: [ParNew
Desired survivor size 1343488 bytes, new threshold 3 (max 4)
- age   1:    1147328 bytes,    1147328 total
- age   2:     159736 bytes,    1307064 total
- age   3:     373664 bytes,    1680728 total
- age   4:     222392 bytes,    1903120 total
: 17099K->1860K(18624K), 0.0024792 secs] 61075K->45835K(83392K), 0.0025860 secs] [Times: user=0.00 sys=0.00, real=0.00 secs] 
40.032: [GC 40.032: [ParNew
Desired survivor size 1343488 bytes, new threshold 4 (max 4)
- age   1:     221376 bytes,     221376 total
- age   2:     749232 bytes,     970608 total
- age   3:     159736 bytes,    1130344 total
: 17832K->1110K(18624K), 0.0020122 secs] 61808K->45668K(83392K), 0.0021257 secs] [Times: user=0.00 sys=0.00, real=0.00 secs] 
40.051: [GC 40.052: [ParNew
Desired survivor size 1343488 bytes, new threshold 4 (max 4)
- age   1:     670248 bytes,     670248 total
- age   2:         40 bytes,     670288 total
- age   3:     528584 bytes,    1198872 total
- age   4:     159736 bytes,    1358608 total
: 17110K->1329K(18624K), 0.0020131 secs] 61668K->45887K(83392K), 0.0021051 secs] [Times: user=0.00 sys=0.00, real=0.01 secs] 
40.066: [GC 40.066: [ParNew
Desired survivor size 1343488 bytes, new threshold 4 (max 4)
- age   1:     766032 bytes,     766032 total
- age   2:     524968 bytes,    1291000 total
- age   4:     450312 bytes,    1741312 total
: 17296K->1703K(18624K), 0.0020040 secs] 61853K->46260K(83392K), 0.0021132 secs] [Times: user=0.01 sys=0.00, real=0.00 secs] 
40.080: [GC 40.080: [ParNew
Desired survivor size 1343488 bytes, new threshold 3 (max 4)
- age   1:     549032 bytes,     549032 total
- age   2:     600752 bytes,    1149784 total
- age   3:     440792 bytes,    1590576 total
: 17688K->1558K(18624K), 0.0027578 secs] 62246K->46555K(83392K), 0.0028711 secs] [Times: user=0.00 sys=0.00, real=0.01 secs] 
40.095: [GC 40.095: [ParNew
Desired survivor size 1343488 bytes, new threshold 4 (max 4)
- age   1:     331192 bytes,     331192 total
- age   2:     295688 bytes,     626880 total
- age   3:     393968 bytes,    1020848 total
: 17491K->998K(18624K), 0.0026677 secs] 62489K->46426K(83392K), 0.0027954 secs] [Times: user=0.00 sys=0.00, real=0.00 secs] 
40.115: [GC 40.115: [ParNew
Desired survivor size 1343488 bytes, new threshold 3 (max 4)
- age   1:    1014776 bytes,    1014776 total
- age   2:      75384 bytes,    1090160 total
- age   3:     295688 bytes,    1385848 total
- age   4:     157896 bytes,    1543744 total
: 16947K->1510K(18624K), 0.0018998 secs] 62375K->46938K(83392K), 0.0019887 secs] [Times: user=0.00 sys=0.00, real=0.00 secs] 
40.133: [GC 40.133: [ParNew
Desired survivor size 1343488 bytes, new threshold 4 (max 4)
- age   1:     722776 bytes,     722776 total
- age   2:     234400 bytes,     957176 total
- age   3:      75384 bytes,    1032560 total
: 17504K->1010K(18624K), 0.0058821 secs] 62932K->46881K(83392K), 0.0059938 secs] [Times: user=0.01 sys=0.01, real=0.00 secs] 
40.154: [GC 40.154: [ParNew
Desired survivor size 1343488 bytes, new threshold 2 (max 4)
- age   1:     704288 bytes,     704288 total
- age   2:     666840 bytes,    1371128 total
- age   3:     233696 bytes,    1604824 total
- age   4:      75384 bytes,    1680208 total
: 17007K->1642K(18624K), 0.0028344 secs] 62878K->47513K(83392K), 0.0029185 secs] [Times: user=0.01 sys=0.00, real=0.00 secs] 
40.169: [GC 40.169: [ParNew
Desired survivor size 1343488 bytes, new threshold 4 (max 4)
- age   1:     545968 bytes,     545968 total
- age   2:     602680 bytes,    1148648 total
: 17621K->1124K(18624K), 0.0028173 secs] 63492K->47779K(83392K), 0.0029821 secs] [Times: user=0.01 sys=0.00, real=0.00 secs] 
40.184: [GC 40.184: [ParNew
Desired survivor size 1343488 bytes, new threshold 3 (max 4)
- age   1:     783544 bytes,     783544 total
- age   2:     490888 bytes,    1274432 total
- age   3:     602680 bytes,    1877112 total
: 17108K->1835K(18624K), 0.0028702 secs] 63763K->48490K(83392K), 0.0029714 secs] [Times: user=0.00 sys=0.00, real=0.00 secs] 
40.204: [GC 40.204: [ParNew
Desired survivor size 1343488 bytes, new threshold 4 (max 4)
- age   1:     389408 bytes,     389408 total
- age   2:     703568 bytes,    1092976 total
- age   3:     232064 bytes,    1325040 total
: 17824K->1295K(18624K), 0.0022855 secs] 64479K->48539K(83392K), 0.0023972 secs] [Times: user=0.01 sys=0.00, real=0.00 secs] 
40.220: [GC 40.220: [ParNew
Desired survivor size 1343488 bytes, new threshold 3 (max 4)
- age   1:     549328 bytes,     549328 total
- age   2:     220776 bytes,     770104 total
- age   3:     703568 bytes,    1473672 total
- age   4:     232064 bytes,    1705736 total
: 17225K->1669K(18624K), 0.0020552 secs] 64469K->48912K(83392K), 0.0021711 secs] [Times: user=0.00 sys=0.00, real=0.01 secs] 
40.242: [GC 40.242: [ParNew
Desired survivor size 1343488 bytes, new threshold 4 (max 4)
- age   1:     536056 bytes,     536056 total
- age   2:     462888 bytes,     998944 total
- age   3:      77688 bytes,    1076632 total
: 17640K->1054K(18624K), 0.0022487 secs] 64884K->48980K(83392K), 0.0023673 secs] [Times: user=0.00 sys=0.00, real=0.00 secs] 
40.256: [GC 40.256: [ParNew
Desired survivor size 1343488 bytes, new threshold 4 (max 4)
- age   1:     348944 bytes,     348944 total
- age   2:     173584 bytes,     522528 total
- age   3:     462888 bytes,     985416 total
- age   4:      77688 bytes,    1063104 total
: 17053K->1047K(18624K), 0.0018174 secs] 64979K->48973K(83392K), 0.0019246 secs] [Times: user=0.00 sys=0.00, real=0.00 secs] 
40.269: [GC 40.269: [ParNew
Desired survivor size 1343488 bytes, new threshold 4 (max 4)
- age   1:     132784 bytes,     132784 total
- age   2:     180624 bytes,     313408 total
- age   3:     173272 bytes,     486680 total
- age   4:     386504 bytes,     873184 total
: 17024K->869K(18624K), 0.0021558 secs] 64950K->48871K(83392K), 0.0022766 secs] [Times: user=0.01 sys=0.00, real=0.00 secs] 
40.287: [GC 40.287: [ParNew
Desired survivor size 1343488 bytes, new threshold 4 (max 4)
- age   1:     469208 bytes,     469208 total
- age   2:      46424 bytes,     515632 total
- age   3:     180624 bytes,     696256 total
- age   4:     173272 bytes,     869528 total
: 16869K->864K(18624K), 0.0023251 secs] 64871K->49167K(83392K), 0.0024324 secs] [Times: user=0.00 sys=0.00, real=0.00 secs] 
40.300: [GC 40.300: [ParNew
Desired survivor size 1343488 bytes, new threshold 4 (max 4)
- age   1:     297944 bytes,     297944 total
- age   2:     310008 bytes,     607952 total
- age   3:       1240 bytes,     609192 total
- age   4:     154896 bytes,     764088 total
: 16856K->764K(18624K), 0.0019944 secs] 65159K->49237K(83392K), 0.0021044 secs] [Times: user=0.00 sys=0.00, real=0.01 secs] 
40.316: [GC 40.316: [ParNew
Desired survivor size 1343488 bytes, new threshold 4 (max 4)
- age   1:     698328 bytes,     698328 total
- age   2:     194376 bytes,     892704 total
- age   3:     310008 bytes,    1202712 total
- age   4:       1200 bytes,    1203912 total
: 16735K->1178K(18624K), 0.0019671 secs] 65208K->49719K(83392K), 0.0020514 secs] [Times: user=0.01 sys=0.00, real=0.00 secs] 
40.331: [GC 40.331: [ParNew
Desired survivor size 1343488 bytes, new threshold 4 (max 4)
- age   1:     169672 bytes,     169672 total
- age   2:     620248 bytes,     789920 total
- age   3:     162472 bytes,     952392 total
- age   4:     309768 bytes,    1262160 total
: 17089K->1237K(18624K), 0.0017545 secs] 65630K->49779K(83392K), 0.0018422 secs] [Times: user=0.00 sys=0.00, real=0.01 secs] 
40.346: [GC 40.346: [ParNew
Desired survivor size 1343488 bytes, new threshold 3 (max 4)
- age   1:     850232 bytes,     850232 total
- age   2:      89792 bytes,     940024 total
- age   3:     466112 bytes,    1406136 total
- age   4:     162472 bytes,    1568608 total
: 17218K->1542K(18624K), 0.0022802 secs] 65761K->50261K(83392K), 0.0024290 secs] [Times: user=0.00 sys=0.00, real=0.00 secs] 
40.361: [GC 40.361: [ParNew
Desired survivor size 1343488 bytes, new threshold 4 (max 4)
- age   1:     777072 bytes,     777072 total
- age   2:     264840 bytes,    1041912 total
- age   3:      89792 bytes,    1131704 total
: 17542K->1108K(18624K), 0.0022408 secs] 66261K->50442K(83392K), 0.0023544 secs] [Times: user=0.01 sys=0.00, real=0.01 secs] 
40.375: [GC 40.376: [ParNew
Desired survivor size 1343488 bytes, new threshold 4 (max 4)
- age   1:     355880 bytes,     355880 total
- age   2:     454536 bytes,     810416 total
- age   3:     262984 bytes,    1073400 total
- age   4:      89792 bytes,    1163192 total
: 17096K->1142K(18624K), 0.0018960 secs] 66429K->50476K(83392K), 0.0020035 secs] [Times: user=0.00 sys=0.00, real=0.00 secs] 
40.391: [GC 40.391: [ParNew
Desired survivor size 1343488 bytes, new threshold 4 (max 4)
- age   1:     410008 bytes,     410008 total
- age   2:     197864 bytes,     607872 total
- age   3:     442808 bytes,    1050680 total
- age   4:     142544 bytes,    1193224 total
: 17140K->1174K(18624K), 0.0019850 secs] 66474K->50512K(83392K), 0.0020719 secs] [Times: user=0.00 sys=0.00, real=0.01 secs] 
40.407: [GC 40.407: [ParNew
Desired survivor size 1343488 bytes, new threshold 4 (max 4)
- age   1:     291144 bytes,     291144 total
- age   2:     384712 bytes,     675856 total
- age   3:     174688 bytes,     850544 total
- age   4:     442808 bytes,    1293352 total
: 17134K->1271K(18624K), 0.0019434 secs] 66472K->50748K(83392K), 0.0020618 secs] [Times: user=0.01 sys=0.00, real=0.00 secs] 
40.422: [GC 40.422: [ParNew
Desired survivor size 1343488 bytes, new threshold 4 (max 4)
- age   1:     478328 bytes,     478328 total
- age   2:     258192 bytes,     736520 total
- age   3:     384712 bytes,    1121232 total
- age   4:     174688 bytes,    1295920 total
: 17263K->1276K(18624K), 0.0027180 secs] 66740K->51186K(83392K), 0.0028297 secs] [Times: user=0.01 sys=0.00, real=0.00 secs] 
40.436: [GC 40.436: [ParNew
Desired survivor size 1343488 bytes, new threshold 4 (max 4)
- age   1:     142344 bytes,     142344 total
- age   2:     447112 bytes,     589456 total
- age   3:     215920 bytes,     805376 total
- age   4:     263448 bytes,    1068824 total
: 17254K->1064K(18624K), 0.0026212 secs] 67164K->51144K(83392K), 0.0027247 secs] [Times: user=0.00 sys=0.00, real=0.00 secs] 
40.450: [GC 40.450: [ParNew
Desired survivor size 1343488 bytes, new threshold 4 (max 4)
- age   1:     387376 bytes,     387376 total
- age   2:      77288 bytes,     464664 total
- age   3:     435328 bytes,     899992 total
- age   4:       3648 bytes,     903640 total
: 17031K->910K(18624K), 0.0019936 secs] 67111K->51247K(83392K), 0.0020913 secs] [Times: user=0.00 sys=0.00, real=0.01 secs] 
40.463: [GC 40.464: [ParNew
Desired survivor size 1343488 bytes, new threshold 4 (max 4)
- age   1:     622016 bytes,     622016 total
- age   2:     318704 bytes,     940720 total
- age   3:      77288 bytes,    1018008 total
- age   4:     435328 bytes,    1453336 total
: 16876K->1420K(18624K), 0.0020579 secs] 67214K->51761K(83392K), 0.0021886 secs] [Times: user=0.00 sys=0.00, real=0.00 secs] 
40.480: [GC 40.480: [ParNew
Desired survivor size 1343488 bytes, new threshold 3 (max 4)
- age   1:     519472 bytes,     519472 total
- age   2:     548336 bytes,    1067808 total
- age   3:     318704 bytes,    1386512 total
- age   4:         32 bytes,    1386544 total
: 17391K->1370K(18624K), 0.0028928 secs] 67732K->52060K(83392K), 0.0029889 secs] [Times: user=0.01 sys=0.00, real=0.01 secs] 
40.496: [GC 40.496: [ParNew
Desired survivor size 1343488 bytes, new threshold 4 (max 4)
- age   1:     425160 bytes,     425160 total
- age   2:     267072 bytes,     692232 total
- age   3:     548336 bytes,    1240568 total
: 17370K->1244K(18624K), 0.0021954 secs] 68060K->52245K(83392K), 0.0023036 secs] [Times: user=0.01 sys=0.00, real=0.00 secs] 
40.510: [GC 40.510: [ParNew
Desired survivor size 1343488 bytes, new threshold 4 (max 4)
- age   1:     290976 bytes,     290976 total
- age   2:     291136 bytes,     582112 total
- age   3:     215872 bytes,     797984 total
- age   4:     548336 bytes,    1346320 total
: 17234K->1322K(18624K), 0.0019031 secs] 68235K->52322K(83392K), 0.0020202 secs] [Times: user=0.00 sys=0.00, real=0.01 secs] 
40.528: [GC 40.528: [ParNew
Desired survivor size 1343488 bytes, new threshold 4 (max 4)
- age   1:     373480 bytes,     373480 total
- age   2:     145384 bytes,     518864 total
- age   3:     219792 bytes,     738656 total
- age   4:     169712 bytes,     908368 total
: 17309K->889K(18624K), 0.0021536 secs] 68310K->52177K(83392K), 0.0023227 secs] [Times: user=0.00 sys=0.00, real=0.00 secs] 
40.542: [GC 40.542: [ParNew
Desired survivor size 1343488 bytes, new threshold 4 (max 4)
- age   1:     410144 bytes,     410144 total
- age   2:     342104 bytes,     752248 total
- age   3:     145352 bytes,     897600 total
- age   4:      77096 bytes,     974696 total
: 16863K->954K(18624K), 0.0024182 secs] 68151K->52408K(83392K), 0.0025276 secs] [Times: user=0.00 sys=0.00, real=0.00 secs] 
40.556: [GC 40.556: [ParNew
Desired survivor size 1343488 bytes, new threshold 4 (max 4)
- age   1:     563072 bytes,     563072 total
- age   2:      87376 bytes,     650448 total
- age   3:     342104 bytes,     992552 total
- age   4:      62688 bytes,    1055240 total
: 16931K->1033K(18624K), 0.0018060 secs] 68384K->52486K(83392K), 0.0019044 secs] [Times: user=0.00 sys=0.00, real=0.00 secs] 
40.570: [GC 40.570: [ParNew
Desired survivor size 1343488 bytes, new threshold 4 (max 4)
- age   1:     457592 bytes,     457592 total
- age   2:     129872 bytes,     587464 total
- age   3:      87376 bytes,     674840 total
- age   4:     342064 bytes,    1016904 total
: 17027K->995K(18624K), 0.0017295 secs] 68480K->52510K(83392K), 0.0018310 secs] [Times: user=0.00 sys=0.00, real=0.00 secs] 
40.584: [GC 40.584: [ParNew
Desired survivor size 1343488 bytes, new threshold 4 (max 4)
- age   1:     206864 bytes,     206864 total
- age   2:     251648 bytes,     458512 total
- age   3:     129872 bytes,     588384 total
- age   4:      87376 bytes,     675760 total
: 16968K->663K(18624K), 0.0020142 secs] 68483K->52512K(83392K), 0.0021327 secs] [Times: user=0.01 sys=0.00, real=0.00 secs] 
40.601: [GC 40.602: [ParNew
Desired survivor size 1343488 bytes, new threshold 4 (max 4)
- age   1:     604384 bytes,     604384 total
- age   2:      78408 bytes,     682792 total
- age   3:     251648 bytes,     934440 total
- age   4:     129872 bytes,    1064312 total
: 16645K->1041K(18624K), 0.0017372 secs] 68494K->52975K(83392K), 0.0018833 secs] [Times: user=0.00 sys=0.00, real=0.01 secs] 
40.615: [GC 40.615: [ParNew
Desired survivor size 1343488 bytes, new threshold 4 (max 4)
- age   1:     607104 bytes,     607104 total
- age   2:     368856 bytes,     975960 total
- age   4:     251648 bytes,    1227608 total
: 17039K->1201K(18624K), 0.0020569 secs] 68973K->53262K(83392K), 0.0021588 secs] [Times: user=0.00 sys=0.00, real=0.00 secs] 
40.632: [GC 40.632: [ParNew
Desired survivor size 1343488 bytes, new threshold 2 (max 4)
- age   1:    1043104 bytes,    1043104 total
- age   2:     398864 bytes,    1441968 total
- age   3:     289512 bytes,    1731480 total
: 17184K->1693K(18624K), 0.0028998 secs] 69245K->53999K(83392K), 0.0030016 secs] [Times: user=0.00 sys=0.00, real=0.01 secs] 
40.648: [GC 40.648: [ParNew
Desired survivor size 1343488 bytes, new threshold 4 (max 4)
- age   1:     297320 bytes,     297320 total
- age   2:     797536 bytes,    1094856 total
: 17679K->1072K(18624K), 0.0019567 secs] 69985K->53737K(83392K), 0.0020623 secs] [Times: user=0.01 sys=0.00, real=0.00 secs] 
40.663: [GC 40.663: [ParNew
Desired survivor size 1343488 bytes, new threshold 4 (max 4)
- age   1:     394472 bytes,     394472 total
- age   2:     235512 bytes,     629984 total
- age   3:     414680 bytes,    1044664 total
: 17072K->1022K(18624K), 0.0017328 secs] 69737K->53687K(83392K), 0.0018705 secs] [Times: user=0.00 sys=0.00, real=0.00 secs] 
40.678: [GC 40.678: [ParNew
Desired survivor size 1343488 bytes, new threshold 4 (max 4)
- age   1:     422152 bytes,     422152 total
- age   2:      82824 bytes,     504976 total
- age   3:      68632 bytes,     573608 total
- age   4:     414680 bytes,     988288 total
: 17014K->967K(18624K), 0.0017195 secs] 69679K->53632K(83392K), 0.0018288 secs] [Times: user=0.00 sys=0.00, real=0.00 secs] 
40.692: [GC 40.692: [ParNew
Desired survivor size 1343488 bytes, new threshold 4 (max 4)
- age   1:     269384 bytes,     269384 total
- age   2:      40944 bytes,     310328 total
- age   3:      82824 bytes,     393152 total
- age   4:      68632 bytes,     461784 total
: 16954K->453K(18624K), 0.0018107 secs] 69619K->53523K(83392K), 0.0019023 secs] [Times: user=0.00 sys=0.00, real=0.01 secs] 
40.705: [GC 40.705: [ParNew
Desired survivor size 1343488 bytes, new threshold 4 (max 4)
- age   1:     747104 bytes,     747104 total
- age   2:      90416 bytes,     837520 total
- age   3:      40944 bytes,     878464 total
- age   4:      82824 bytes,     961288 total
: 16409K->941K(18624K), 0.0016221 secs] 69480K->54078K(83392K), 0.0017077 secs] [Times: user=0.00 sys=0.00, real=0.00 secs] 
40.719: [GC 40.719: [ParNew
Desired survivor size 1343488 bytes, new threshold 2 (max 4)
- age   1:     788944 bytes,     788944 total
- age   2:     581856 bytes,    1370800 total
- age   3:      90416 bytes,    1461216 total
- age   4:      40944 bytes,    1502160 total
: 16894K->1470K(18624K), 0.0025244 secs] 70031K->54688K(83392K), 0.0026199 secs] [Times: user=0.01 sys=0.00, real=0.01 secs] 
40.737: [GC 40.737: [ParNew
Desired survivor size 1343488 bytes, new threshold 4 (max 4)
- age   1:     450256 bytes,     450256 total
- age   2:     428224 bytes,     878480 total
: 17450K->861K(18624K), 0.0022703 secs] 70668K->54563K(83392K), 0.0023722 secs] [Times: user=0.01 sys=0.00, real=0.00 secs] 
40.751: [GC 40.751: [ParNew
Desired survivor size 1343488 bytes, new threshold 3 (max 4)
- age   1:     749760 bytes,     749760 total
- age   2:     199744 bytes,     949504 total
- age   3:     428224 bytes,    1377728 total
: 16815K->1347K(18624K), 0.0018558 secs] 70517K->55050K(83392K), 0.0019641 secs] [Times: user=0.00 sys=0.00, real=0.01 secs] 
40.766: [GC 40.766: [ParNew
Desired survivor size 1343488 bytes, new threshold 4 (max 4)
- age   1:     587088 bytes,     587088 total
- age   2:     503560 bytes,    1090648 total
- age   3:        704 bytes,    1091352 total
: 17315K->1065K(18624K), 0.0022970 secs] 71018K->55186K(83392K), 0.0024025 secs] [Times: user=0.00 sys=0.00, real=0.00 secs] 
40.782: [GC 40.782: [ParNew
Desired survivor size 1343488 bytes, new threshold 4 (max 4)
- age   1:     176480 bytes,     176480 total
- age   2:     551952 bytes,     728432 total
- age   3:     383672 bytes,    1112104 total
: 17038K->1086K(18624K), 0.0018654 secs] 71159K->55207K(83392K), 0.0019742 secs] [Times: user=0.01 sys=0.00, real=0.00 secs] 
40.798: [GC 40.798: [ParNew
Desired survivor size 1343488 bytes, new threshold 4 (max 4)
- age   1:     113464 bytes,     113464 total
- age   2:     131776 bytes,     245240 total
- age   3:     468976 bytes,     714216 total
- age   4:     246320 bytes,     960536 total
: 17086K->942K(18624K), 0.0016659 secs] 71207K->55063K(83392K), 0.0017655 secs] [Times: user=0.00 sys=0.00, real=0.00 secs] 
40.811: [GC 40.812: [ParNew
Desired survivor size 1343488 bytes, new threshold 4 (max 4)
- age   1:     403024 bytes,     403024 total
- age   2:      55776 bytes,     458800 total
- age   3:     131776 bytes,     590576 total
- age   4:      74792 bytes,     665368 total
: 16942K->657K(18624K), 0.0017424 secs] 71063K->55019K(83392K), 0.0018512 secs] [Times: user=0.00 sys=0.00, real=0.01 secs] 
40.825: [GC 40.825: [ParNew
Desired survivor size 1343488 bytes, new threshold 4 (max 4)
- age   1:     164416 bytes,     164416 total
- age   2:     343072 bytes,     507488 total
- age   3:      55048 bytes,     562536 total
- age   4:     131664 bytes,     694200 total
: 16650K->691K(18624K), 0.0017153 secs] 71011K->55125K(83392K), 0.0018778 secs] [Times: user=0.01 sys=0.00, real=0.00 secs] 
40.839: [GC 40.839: [ParNew
Desired survivor size 1343488 bytes, new threshold 4 (max 4)
- age   1:     417768 bytes,     417768 total
- age   2:     140328 bytes,     558096 total
- age   3:     343072 bytes,     901168 total
- age   4:      55048 bytes,     956216 total
: 16681K->953K(18624K), 0.0016312 secs] 71115K->55516K(83392K), 0.0017179 secs] [Times: user=0.00 sys=0.00, real=0.00 secs] 
40.852: [GC 40.852: [ParNew
Desired survivor size 1343488 bytes, new threshold 4 (max 4)
- age   1:     418784 bytes,     418784 total
- age   2:     275040 bytes,     693824 total
- age   3:     140328 bytes,     834152 total
- age   4:     210656 bytes,    1044808 total
: 16940K->1025K(18624K), 0.0019956 secs] 71503K->55640K(83392K), 0.0021032 secs] [Times: user=0.00 sys=0.00, real=0.00 secs] 
40.867: [GC 40.867: [ParNew
Desired survivor size 1343488 bytes, new threshold 2 (max 4)
- age   1:    1249000 bytes,    1249000 total
- age   2:     367960 bytes,    1616960 total
- age   3:     275040 bytes,    1892000 total
- age   4:     140328 bytes,    2032328 total
: 17007K->1996K(18624K), 0.0030278 secs] 71622K->56816K(83392K), 0.0031063 secs] [Times: user=0.01 sys=0.00, real=0.00 secs] 
40.886: [GC 40.886: [ParNew
Desired survivor size 1343488 bytes, new threshold 4 (max 4)
- age   1:     126392 bytes,     126392 total
- age   2:     939280 bytes,    1065672 total
: 17996K->1048K(18624K), 0.0026184 secs] 72816K->56633K(83392K), 0.0027207 secs] [Times: user=0.00 sys=0.00, real=0.00 secs] 
40.897: [GC [1 CMS-initial-mark: 55585K(64768K)] 67170K(83392K), 0.0008824 secs] [Times: user=0.00 sys=0.00, real=0.00 secs] 
40.898: [CMS-concurrent-mark-start]
40.904: [GC 40.904: [ParNew
Desired survivor size 1343488 bytes, new threshold 4 (max 4)
- age   1:     563216 bytes,     563216 total
- age   2:     126392 bytes,     689608 total
- age   3:     384960 bytes,    1074568 total
: 17048K->1059K(18624K), 0.0016930 secs] 72633K->56645K(83392K), 0.0018003 secs] [Times: user=0.01 sys=0.00, real=0.00 secs] 
40.923: [GC 40.923: [ParNew
Desired survivor size 1343488 bytes, new threshold 4 (max 4)
- age   1:     274904 bytes,     274904 total
- age   2:     434704 bytes,     709608 total
- age   3:     126392 bytes,     836000 total
- age   4:     384960 bytes,    1220960 total
: 17045K->1194K(18624K), 0.0021081 secs] 72631K->56780K(83392K), 0.0022115 secs] [Times: user=0.01 sys=0.00, real=0.00 secs] 
40.944: [GC 40.944: [ParNew
Desired survivor size 1343488 bytes, new threshold 4 (max 4)
- age   1:     269168 bytes,     269168 total
- age   2:     217080 bytes,     486248 total
- age   3:     199928 bytes,     686176 total
- age   4:     126392 bytes,     812568 total
: 17194K->800K(18624K), 0.0017987 secs] 72780K->56761K(83392K), 0.0019044 secs] [Times: user=0.00 sys=0.00, real=0.00 secs] 
40.963: [GC 40.963: [ParNew
Desired survivor size 1343488 bytes, new threshold 4 (max 4)
- age   1:     157008 bytes,     157008 total
- age   2:     201480 bytes,     358488 total
- age   3:     217080 bytes,     575568 total
- age   4:     199928 bytes,     775496 total
: 16795K->763K(18624K), 0.0015070 secs] 72756K->56731K(83392K), 0.0015972 secs] [Times: user=0.00 sys=0.00, real=0.00 secs] 
40.968: [CMS-concurrent-mark: 0.058/0.070 secs] [Times: user=0.10 sys=0.01, real=0.07 secs] 
40.968: [CMS-concurrent-preclean-start]
40.969: [CMS-concurrent-preclean: 0.001/0.001 secs] [Times: user=0.01 sys=0.00, real=0.00 secs] 
40.969: [CMS-concurrent-abortable-preclean-start]
40.978: [GC 40.978: [ParNew
Desired survivor size 1343488 bytes, new threshold 4 (max 4)
- age   1:     171840 bytes,     171840 total
- age   2:       6904 bytes,     178744 total
- age   3:      67952 bytes,     246696 total
- age   4:     217080 bytes,     463776 total
: 16735K->456K(18624K), 0.0015215 secs] 72703K->56619K(83392K), 0.0016351 secs] [Times: user=0.01 sys=0.00, real=0.00 secs] 
40.995: [GC 40.995: [ParNew
Desired survivor size 1343488 bytes, new threshold 4 (max 4)
- age   1:     411160 bytes,     411160 total
- age   2:     101288 bytes,     512448 total
- age   3:       6904 bytes,     519352 total
- age   4:      67952 bytes,     587304 total
: 16456K->582K(18624K), 0.0016631 secs] 72619K->56955K(83392K), 0.0019756 secs] [Times: user=0.00 sys=0.00, real=0.00 secs] 
41.008: [GC 41.008: [ParNew
Desired survivor size 1343488 bytes, new threshold 4 (max 4)
- age   1:     880384 bytes,     880384 total
- age   2:     343272 bytes,    1223656 total
- age   3:     101288 bytes,    1324944 total
- age   4:       6904 bytes,    1331848 total
: 16566K->1312K(18624K), 0.0025004 secs] 72940K->57689K(83392K), 0.0026003 secs] [Times: user=0.01 sys=0.00, real=0.00 secs] 
41.021: [GC 41.022: [ParNew
Desired survivor size 1343488 bytes, new threshold 3 (max 4)
- age   1:     387248 bytes,     387248 total
- age   2:     829816 bytes,    1217064 total
- age   3:     293352 bytes,    1510416 total
- age   4:     101288 bytes,    1611704 total
: 17300K->1580K(18624K), 0.0023457 secs] 73677K->57964K(83392K), 0.0024455 secs] [Times: user=0.01 sys=0.00, real=0.01 secs] 
41.037: [GC 41.037: [ParNew
Desired survivor size 1343488 bytes, new threshold 3 (max 4)
- age   1:     512392 bytes,     512392 total
- age   2:     209632 bytes,     722024 total
- age   3:     780424 bytes,    1502448 total
: 17580K->1489K(18624K), 0.0029871 secs] 73964K->58062K(83392K), 0.0030924 secs] [Times: user=0.00 sys=0.00, real=0.00 secs] 
41.051: [GC 41.051: [ParNew
Desired survivor size 1343488 bytes, new threshold 4 (max 4)
- age   1:     121696 bytes,     121696 total
- age   2:     472808 bytes,     594504 total
- age   3:     151728 bytes,     746232 total
: 17465K->734K(18624K), 0.0019622 secs] 74038K->58068K(83392K), 0.0020517 secs] [Times: user=0.00 sys=0.00, real=0.01 secs] 
41.066: [GC 41.066: [ParNew
Desired survivor size 1343488 bytes, new threshold 4 (max 4)
- age   1:     570352 bytes,     570352 total
- age   2:      91568 bytes,     661920 total
- age   3:     472808 bytes,    1134728 total
- age   4:     151728 bytes,    1286456 total
: 16700K->1259K(18624K), 0.0018491 secs] 74034K->58594K(83392K), 0.0019409 secs] [Times: user=0.01 sys=0.00, real=0.00 secs] 
41.082: [GC 41.082: [ParNew
Desired survivor size 1343488 bytes, new threshold 4 (max 4)
- age   1:     771184 bytes,     771184 total
- age   2:     494952 bytes,    1266136 total
- age   4:     472808 bytes,    1738944 total
: 17242K->1700K(18624K), 0.0022999 secs] 74577K->59182K(83392K), 0.0023889 secs] [Times: user=0.00 sys=0.00, real=0.00 secs] 
41.097: [GC 41.097: [ParNew
Desired survivor size 1343488 bytes, new threshold 3 (max 4)
- age   1:     529720 bytes,     529720 total
- age   2:     760504 bytes,    1290224 total
- age   3:     494952 bytes,    1785176 total
: 17672K->1748K(18624K), 0.0021459 secs] 75155K->59231K(83392K), 0.0022354 secs] [Times: user=0.01 sys=0.00, real=0.00 secs] 
41.111: [GC 41.112: [ParNew
Desired survivor size 1343488 bytes, new threshold 3 (max 4)
- age   1:     211088 bytes,     211088 total
- age   2:     447984 bytes,     659072 total
- age   3:     759696 bytes,    1418768 total
: 17746K->1394K(18624K), 0.0026035 secs] 75229K->59360K(83392K), 0.0027093 secs] [Times: user=0.00 sys=0.00, real=0.01 secs] 
41.125: [GC 41.126: [ParNew
Desired survivor size 1343488 bytes, new threshold 4 (max 4)
- age   1:     427848 bytes,     427848 total
- age   2:     198736 bytes,     626584 total
- age   3:     447984 bytes,    1074568 total
: 17385K->1069K(18624K), 0.0021116 secs] 75351K->59314K(83392K), 0.0022119 secs] [Times: user=0.01 sys=0.00, real=0.00 secs] 
41.140: [GC 41.140: [ParNew
Desired survivor size 1343488 bytes, new threshold 4 (max 4)
- age   1:     344904 bytes,     344904 total
- age   2:     380928 bytes,     725832 total
- age   3:     198736 bytes,     924568 total
- age   4:     447984 bytes,    1372552 total
: 17059K->1345K(18624K), 0.0032400 secs] 75304K->59590K(83392K), 0.0033502 secs] [Times: user=0.00 sys=0.00, real=0.01 secs] 
41.155: [GC 41.155: [ParNew
Desired survivor size 1343488 bytes, new threshold 4 (max 4)
- age   1:     149456 bytes,     149456 total
- age   2:     319176 bytes,     468632 total
- age   3:     263408 bytes,     732040 total
- age   4:     198736 bytes,     930776 total
: 17343K->914K(18624K), 0.0019700 secs] 75588K->59597K(83392K), 0.0021371 secs] [Times: user=0.00 sys=0.00, real=0.00 secs] 
41.170: [GC 41.170: [ParNew
Desired survivor size 1343488 bytes, new threshold 4 (max 4)
- age   1:     748776 bytes,     748776 total
- age   3:     319176 bytes,    1067952 total
- age   4:     103552 bytes,    1171504 total
: 16911K->1148K(18624K), 0.0020103 secs] 75593K->60025K(83392K), 0.0021015 secs] [Times: user=0.01 sys=0.00, real=0.01 secs] 
41.183: [GC 41.183: [ParNew
Desired survivor size 1343488 bytes, new threshold 4 (max 4)
- age   1:     118040 bytes,     118040 total
- age   2:     711032 bytes,     829072 total
- age   4:     250784 bytes,    1079856 total
: 17142K->1058K(18624K), 0.0020772 secs] 76019K->60035K(83392K), 0.0021816 secs] [Times: user=0.01 sys=0.00, real=0.00 secs] 
41.197: [GC 41.197: [ParNew
Desired survivor size 1343488 bytes, new threshold 4 (max 4)
- age   1:     529248 bytes,     529248 total
- age   2:      73120 bytes,     602368 total
- age   3:     711032 bytes,    1313400 total
: 16996K->1286K(18624K), 0.0025212 secs] 75973K->60508K(83392K), 0.0026264 secs] [Times: user=0.00 sys=0.00, real=0.00 secs] 
41.211: [GC 41.211: [ParNew
Desired survivor size 1343488 bytes, new threshold 4 (max 4)
- age   1:     873040 bytes,     873040 total
- age   2:     383944 bytes,    1256984 total
- age   4:     711032 bytes,    1968016 total
: 17268K->1925K(18624K), 0.0025972 secs] 76490K->61147K(83392K), 0.0026943 secs] [Times: user=0.00 sys=0.01, real=0.01 secs] 
41.225: [GC 41.225: [ParNew
Desired survivor size 1343488 bytes, new threshold 3 (max 4)
- age   1:     235208 bytes,     235208 total
- age   2:     727008 bytes,     962216 total
- age   3:     383944 bytes,    1346160 total
: 17921K->1318K(18624K), 0.0027323 secs] 77144K->61172K(83392K), 0.0028305 secs] [Times: user=0.01 sys=0.00, real=0.00 secs] 
41.241: [GC 41.241: [ParNew
Desired survivor size 1343488 bytes, new threshold 3 (max 4)
- age   1:     642752 bytes,     642752 total
- age   2:     156352 bytes,     799104 total
- age   3:     727008 bytes,    1526112 total
: 17287K->1493K(18624K), 0.0023556 secs] 77141K->61723K(83392K), 0.0024460 secs] [Times: user=0.00 sys=0.00, real=0.01 secs] 
41.256: [GC 41.256: [ParNew
Desired survivor size 1343488 bytes, new threshold 4 (max 4)
- age   1:     126472 bytes,     126472 total
- age   2:     610960 bytes,     737432 total
- age   3:     156352 bytes,     893784 total
: 17468K->875K(18624K), 0.0024707 secs] 77698K->61815K(83392K), 0.0026053 secs] [Times: user=0.00 sys=0.00, real=0.00 secs] 
41.270: [GC 41.270: [ParNew
Desired survivor size 1343488 bytes, new threshold 4 (max 4)
- age   1:     499216 bytes,     499216 total
- age   2:      47496 bytes,     546712 total
- age   3:     123184 bytes,     669896 total
- age   4:     156352 bytes,     826248 total
: 16842K->809K(18624K), 0.0018496 secs] 77781K->61748K(83392K), 0.0019674 secs] [Times: user=0.00 sys=0.00, real=0.01 secs] 
41.284: [GC 41.284: [ParNew
Desired survivor size 1343488 bytes, new threshold 4 (max 4)
- age   1:     624976 bytes,     624976 total
- age   2:     418832 bytes,    1043808 total
- age   3:      47496 bytes,    1091304 total
- age   4:      47256 bytes,    1138560 total
: 16798K->1120K(18624K), 0.0018020 secs] 77737K->62079K(83392K), 0.0018963 secs] [Times: user=0.01 sys=0.00, real=0.00 secs] 
41.298: [GC 41.298: [ParNew
Desired survivor size 1343488 bytes, new threshold 4 (max 4)
- age   1:     242480 bytes,     242480 total
- age   2:     517216 bytes,     759696 total
- age   3:     418832 bytes,    1178528 total
- age   4:      47496 bytes,    1226024 total
: 17091K->1202K(18624K), 0.0024610 secs] 78049K->62207K(83392K), 0.0025817 secs] [Times: user=0.01 sys=0.00, real=0.00 secs] 
41.312: [GC 41.312: [ParNew
Desired survivor size 1343488 bytes, new threshold 4 (max 4)
- age   1:     244376 bytes,     244376 total
- age   2:      95144 bytes,     339520 total
- age   3:     438240 bytes,     777760 total
- age   4:     418832 bytes,    1196592 total
: 17178K->1177K(18624K), 0.0021457 secs] 78182K->62228K(83392K), 0.0022971 secs] [Times: user=0.00 sys=0.00, real=0.01 secs] 
41.325: [GC 41.325: [ParNew
Desired survivor size 1343488 bytes, new threshold 4 (max 4)
- age   1:     614592 bytes,     614592 total
- age   2:      79704 bytes,     694296 total
- age   3:      95144 bytes,     789440 total
- age   4:     194736 bytes,     984176 total
: 17176K->963K(18624K), 0.0016974 secs] 78227K->62014K(83392K), 0.0017961 secs] [Times: user=0.00 sys=0.00, real=0.00 secs] 
41.338: [GC 41.338: [ParNew
Desired survivor size 1343488 bytes, new threshold 4 (max 4)
- age   1:     130104 bytes,     130104 total
- age   2:     589968 bytes,     720072 total
- age   3:      79704 bytes,     799776 total
- age   4:         40 bytes,     799816 total
: 16886K->783K(18624K), 0.0027749 secs] 77937K->62025K(83392K), 0.0029027 secs] [Times: user=0.01 sys=0.00, real=0.00 secs] 
41.354: [GC 41.354: [ParNew
Desired survivor size 1343488 bytes, new threshold 3 (max 4)
- age   1:    1059248 bytes,    1059248 total
- age   2:      75848 bytes,    1135096 total
- age   3:     419400 bytes,    1554496 total
: 16761K->1520K(18624K), 0.0020792 secs] 78002K->62761K(83392K), 0.0021966 secs] [Times: user=0.00 sys=0.00, real=0.00 secs] 
41.367: [GC 41.367: [ParNew
Desired survivor size 1343488 bytes, new threshold 4 (max 4)
- age   1:     268736 bytes,     268736 total
- age   2:     919168 bytes,    1187904 total
- age   3:      75848 bytes,    1263752 total
: 17494K->1237K(18624K), 0.0025892 secs] 78735K->62646K(83392K), 0.0026908 secs] [Times: user=0.00 sys=0.00, real=0.00 secs] 
41.382: [GC 41.382: [ParNew
Desired survivor size 1343488 bytes, new threshold 3 (max 4)
- age   1:     370352 bytes,     370352 total
- age   2:     192728 bytes,     563080 total
- age   3:     799400 bytes,    1362480 total
- age   4:      75848 bytes,    1438328 total
: 17190K->1407K(18624K), 0.0019532 secs] 78599K->62816K(83392K), 0.0020470 secs] [Times: user=0.01 sys=0.00, real=0.01 secs] 
41.398: [GC 41.398: [ParNew
Desired survivor size 1343488 bytes, new threshold 4 (max 4)
- age   1:     481944 bytes,     481944 total
- age   2:     170152 bytes,     652096 total
- age   3:     192728 bytes,     844824 total
: 17376K->827K(18624K), 0.0025264 secs] 78786K->63008K(83392K), 0.0026390 secs] [Times: user=0.01 sys=0.00, real=0.00 secs] 
41.412: [GC 41.412: [ParNew
Desired survivor size 1343488 bytes, new threshold 4 (max 4)
- age   1:     442904 bytes,     442904 total
- age   2:     481944 bytes,     924848 total
- age   3:     170152 bytes,    1095000 total
- age   4:     192728 bytes,    1287728 total
: 16827K->1260K(18624K), 0.0018722 secs] 79008K->63440K(83392K), 0.0019631 secs] [Times: user=0.00 sys=0.00, real=0.00 secs] 
41.426: [GC 41.426: [ParNew
Desired survivor size 1343488 bytes, new threshold 4 (max 4)
- age   1:     242872 bytes,     242872 total
- age   2:     274984 bytes,     517856 total
- age   3:     334616 bytes,     852472 total
- age   4:     169320 bytes,    1021792 total
: 17260K->1001K(18624K), 0.0018744 secs] 79440K->63370K(83392K), 0.0019706 secs] [Times: user=0.01 sys=0.00, real=0.00 secs] 
41.440: [GC 41.440: [ParNew
Desired survivor size 1343488 bytes, new threshold 4 (max 4)
- age   1:     654048 bytes,     654048 total
- age   2:     176976 bytes,     831024 total
- age   3:     274984 bytes,    1106008 total
- age   4:     334616 bytes,    1440624 total
: 16990K->1410K(18624K), 0.0022961 secs] 79359K->63944K(83392K), 0.0023936 secs] [Times: user=0.00 sys=0.00, real=0.01 secs] 
41.454: [GC 41.454: [ParNew
Desired survivor size 1343488 bytes, new threshold 4 (max 4)
- age   1:     407328 bytes,     407328 total
- age   2:     136552 bytes,     543880 total
- age   3:     176976 bytes,     720856 total
- age   4:     274984 bytes,     995840 total
: 17345K->975K(18624K), 0.0020296 secs] 79879K->63837K(83392K), 0.0021798 secs] [Times: user=0.00 sys=0.00, real=0.00 secs] 
41.468: [GC 41.468: [ParNew
Desired survivor size 1343488 bytes, new threshold 4 (max 4)
- age   1:     493944 bytes,     493944 total
- age   2:     150528 bytes,     644472 total
- age   3:     136552 bytes,     781024 total
- age   4:     176976 bytes,     958000 total
: 16937K->939K(18624K), 0.0020337 secs] 79798K->64069K(83392K), 0.0021321 secs] [Times: user=0.00 sys=0.00, real=0.00 secs] 
41.486: [GC 41.486: [ParNew
Desired survivor size 1343488 bytes, new threshold 4 (max 4)
- age   1:     239528 bytes,     239528 total
- age   2:     409520 bytes,     649048 total
- age   3:     150528 bytes,     799576 total
- age   4:     136552 bytes,     936128 total
: 16932K->916K(18624K), 0.0030836 secs] 80062K->64048K(83392K), 0.0031743 secs] [Times: user=0.00 sys=0.00, real=0.00 secs] 
41.507: [GC 41.507: [ParNew
Desired survivor size 1343488 bytes, new threshold 4 (max 4)
- age   1:     183568 bytes,     183568 total
- age   2:     158088 bytes,     341656 total
- age   3:     140400 bytes,     482056 total
- age   4:     150528 bytes,     632584 total
: 16900K->621K(18624K), 0.0014714 secs] 80032K->63887K(83392K), 0.0015579 secs] [Times: user=0.00 sys=0.00, real=0.00 secs] 
41.521: [GC 41.521: [ParNew
Desired survivor size 1343488 bytes, new threshold 4 (max 4)
- age   1:     273064 bytes,     273064 total
- age   2:     166336 bytes,     439400 total
- age   3:       5656 bytes,     445056 total
- age   4:     140400 bytes,     585456 total
: 16619K->578K(18624K), 0.0014659 secs] 79885K->63991K(83392K), 0.0015515 secs] [Times: user=0.01 sys=0.00, real=0.01 secs] 
41.535: [GC 41.535: [ParNew
Desired survivor size 1343488 bytes, new threshold 4 (max 4)
- age   1:     153856 bytes,     153856 total
- age   2:     143136 bytes,     296992 total
- age   3:     103888 bytes,     400880 total
- age   4:       5656 bytes,     406536 total
: 16546K->410K(18624K), 0.0024977 secs] 79959K->63960K(83392K), 0.0025973 secs] [Times: user=0.01 sys=0.00, real=0.00 secs] 
41.549: [GC 41.549: [ParNew
Desired survivor size 1343488 bytes, new threshold 4 (max 4)
- age   1:     594496 bytes,     594496 total
- age   2:      97064 bytes,     691560 total
- age   3:      60160 bytes,     751720 total
- age   4:     103888 bytes,     855608 total
: 16355K->839K(18624K), 0.0023987 secs] 79905K->64394K(83392K), 0.0025073 secs] [Times: user=0.01 sys=0.00, real=0.00 secs] 
41.564: [GC 41.564: [ParNew
Desired survivor size 1343488 bytes, new threshold 4 (max 4)
- age   1:     178552 bytes,     178552 total
- age   2:     480224 bytes,     658776 total
- age   3:      96128 bytes,     754904 total
- age   4:      59864 bytes,     814768 total
: 16839K->801K(18624K), 0.0017598 secs] 80394K->64458K(83392K), 0.0018482 secs] [Times: user=0.00 sys=0.00, real=0.00 secs] 
41.577: [GC 41.577: [ParNew
Desired survivor size 1343488 bytes, new threshold 3 (max 4)
- age   1:    1014200 bytes,    1014200 total
- age   2:      32392 bytes,    1046592 total
- age   3:     395944 bytes,    1442536 total
- age   4:      96128 bytes,    1538664 total
: 16764K->1514K(18624K), 0.0023101 secs] 80421K->65230K(83392K), 0.0024091 secs] [Times: user=0.01 sys=0.00, real=0.00 secs] 
41.597: [GC 41.597: [ParNew (promotion failed)
Desired survivor size 1343488 bytes, new threshold 4 (max 4)
- age   1:     744120 bytes,     744120 total
- age   2:     529152 bytes,    1273272 total
- age   3:      32392 bytes,    1305664 total
: 17486K->17249K(18624K), 0.0021027 secs]41.599: [CMS41.600: [CMS-concurrent-abortable-preclean: 0.028/0.632 secs] [Times: user=1.00 sys=0.04, real=0.63 secs] 
 (concurrent mode failure): 63809K->8087K(64768K), 0.0860671 secs] 81202K->8087K(83392K), [CMS Perm : 10707K->10707K(21248K)], 0.0883203 secs] [Times: user=0.09 sys=0.00, real=0.09 secs] 
41.697: [GC 41.697: [ParNew
Desired survivor size 1343488 bytes, new threshold 4 (max 4)
- age   1:     446416 bytes,     446416 total
: 15993K->443K(18624K), 0.0011623 secs] 24080K->8530K(83392K), 0.0012731 secs] [Times: user=0.00 sys=0.00, real=0.00 secs] 
41.713: [GC 41.713: [ParNew
Desired survivor size 1343488 bytes, new threshold 4 (max 4)
- age   1:     568024 bytes,     568024 total
- age   2:     363800 bytes,     931824 total
: 16443K->909K(18624K), 0.0011896 secs] 24530K->8996K(83392K), 0.0012998 secs] [Times: user=0.00 sys=0.00, real=0.00 secs] 
41.727: [GC 41.727: [ParNew
Desired survivor size 1343488 bytes, new threshold 3 (max 4)
- age   1:     768464 bytes,     768464 total
- age   2:     400056 bytes,    1168520 total
- age   3:     363768 bytes,    1532288 total
: 16899K->1498K(18624K), 0.0017891 secs] 24986K->9585K(83392K), 0.0018871 secs] [Times: user=0.01 sys=0.00, real=0.00 secs] 
41.740: [GC 41.740: [ParNew
Desired survivor size 1343488 bytes, new threshold 4 (max 4)
- age   1:     553128 bytes,     553128 total
- age   2:     343904 bytes,     897032 total
- age   3:     400056 bytes,    1297088 total
: 17495K->1270K(18624K), 0.0020301 secs] 25582K->9716K(83392K), 0.0021215 secs] [Times: user=0.00 sys=0.00, real=0.01 secs] 
41.755: [GC 41.755: [ParNew
Desired survivor size 1343488 bytes, new threshold 4 (max 4)
- age   1:     435912 bytes,     435912 total
- age   2:     344712 bytes,     780624 total
- age   3:     343904 bytes,    1124528 total
- age   4:     400336 bytes,    1524864 total
: 17244K->1502K(18624K), 0.0018219 secs] 25691K->9948K(83392K), 0.0019202 secs] [Times: user=0.00 sys=0.00, real=0.00 secs] 
41.768: [GC 41.768: [ParNew
Desired survivor size 1343488 bytes, new threshold 4 (max 4)
- age   1:     704872 bytes,     704872 total
- age   2:     362120 bytes,    1066992 total
- age   3:      67032 bytes,    1134024 total
- age   4:     343904 bytes,    1477928 total
: 17483K->1447K(18624K), 0.0027356 secs] 25929K->10284K(83392K), 0.0028333 secs] [Times: user=0.00 sys=0.00, real=0.00 secs] 
41.782: [GC 41.782: [ParNew
Desired survivor size 1343488 bytes, new threshold 4 (max 4)
- age   1:     531672 bytes,     531672 total
- age   2:     642848 bytes,    1174520 total
- age   3:     129808 bytes,    1304328 total
- age   4:      67032 bytes,    1371360 total
: 17442K->1343K(18624K), 0.0019756 secs] 26279K->10516K(83392K), 0.0020811 secs] [Times: user=0.01 sys=0.00, real=0.00 secs] 
41.797: [GC 41.797: [ParNew
Desired survivor size 1343488 bytes, new threshold 4 (max 4)
- age   1:     329688 bytes,     329688 total
- age   2:     442784 bytes,     772472 total
- age   3:     218776 bytes,     991248 total
- age   4:     129808 bytes,    1121056 total
: 17339K->1101K(18624K), 0.0017698 secs] 26511K->10339K(83392K), 0.0018839 secs] [Times: user=0.00 sys=0.00, real=0.00 secs] 
41.810: [GC 41.810: [ParNew
Desired survivor size 1343488 bytes, new threshold 4 (max 4)
- age   1:     460128 bytes,     460128 total
- age   2:     198976 bytes,     659104 total
- age   3:     236736 bytes,     895840 total
- age   4:      60872 bytes,     956712 total
: 17085K->937K(18624K), 0.0014233 secs] 26323K->10302K(83392K), 0.0015165 secs] [Times: user=0.00 sys=0.00, real=0.00 secs] 
41.824: [GC 41.824: [ParNew
Desired survivor size 1343488 bytes, new threshold 4 (max 4)
- age   1:     164520 bytes,     164520 total
- age   2:     422400 bytes,     586920 total
- age   3:      85328 bytes,     672248 total
- age   4:     236736 bytes,     908984 total
: 16896K->890K(18624K), 0.0013263 secs] 26261K->10315K(83392K), 0.0014488 secs] [Times: user=0.00 sys=0.00, real=0.00 secs] 
41.837: [GC 41.837: [ParNew
Desired survivor size 1343488 bytes, new threshold 4 (max 4)
- age   1:     111224 bytes,     111224 total
- age   2:     120320 bytes,     231544 total
- age   3:     422360 bytes,     653904 total
: 16890K->641K(18624K), 0.0021534 secs] 26314K->10297K(83392K), 0.0022444 secs] [Times: user=0.01 sys=0.00, real=0.00 secs] 
41.852: [GC 41.853: [ParNew
Desired survivor size 1343488 bytes, new threshold 4 (max 4)
- age   1:     215144 bytes,     215144 total
- age   2:      48056 bytes,     263200 total
- age   4:     282504 bytes,     545704 total
: 16627K->535K(18624K), 0.0011639 secs] 26283K->10191K(83392K), 0.0012654 secs] [Times: user=0.01 sys=0.00, real=0.00 secs] 
41.867: [GC 41.867: [ParNew
Desired survivor size 1343488 bytes, new threshold 4 (max 4)
- age   1:     320336 bytes,     320336 total
- age   2:     142616 bytes,     462952 total
- age   3:      47224 bytes,     510176 total
: 16523K->501K(18624K), 0.0013514 secs] 26179K->10432K(83392K), 0.0014421 secs] [Times: user=0.00 sys=0.00, real=0.00 secs] 
41.880: [GC 41.880: [ParNew
Desired survivor size 1343488 bytes, new threshold 4 (max 4)
- age   1:     447424 bytes,     447424 total
- age   2:     239536 bytes,     686960 total
- age   3:     142616 bytes,     829576 total
- age   4:      47224 bytes,     876800 total
: 16493K->858K(18624K), 0.0014243 secs] 26425K->10790K(83392K), 0.0015205 secs] [Times: user=0.00 sys=0.00, real=0.00 secs] 
41.902: [GC 41.902: [ParNew
Desired survivor size 1343488 bytes, new threshold 4 (max 4)
- age   1:     437072 bytes,     437072 total
- age   2:     183784 bytes,     620856 total
- age   3:      82000 bytes,     702856 total
- age   4:     142616 bytes,     845472 total
: 16797K->831K(18624K), 0.0012421 secs] 26729K->10809K(83392K), 0.0013266 secs] [Times: user=0.00 sys=0.00, real=0.01 secs] 
41.915: [GC 41.915: [ParNew
Desired survivor size 1343488 bytes, new threshold 4 (max 4)
- age   1:     398680 bytes,     398680 total
- age   2:     256568 bytes,     655248 total
- age   3:     183784 bytes,     839032 total
- age   4:      82000 bytes,     921032 total
: 16785K->914K(18624K), 0.0016124 secs] 26763K->11031K(83392K), 0.0017105 secs] [Times: user=0.00 sys=0.00, real=0.00 secs] 
41.929: [GC 41.929: [ParNew
Desired survivor size 1343488 bytes, new threshold 4 (max 4)
- age   1:     167264 bytes,     167264 total
- age   2:     226016 bytes,     393280 total
- age   3:     234432 bytes,     627712 total
- age   4:     172672 bytes,     800384 total
: 16903K->797K(18624K), 0.0016438 secs] 27020K->10994K(83392K), 0.0017336 secs] [Times: user=0.01 sys=0.00, real=0.00 secs] 
41.946: [GC 41.946: [ParNew
Desired survivor size 1343488 bytes, new threshold 4 (max 4)
- age   1:      48440 bytes,      48440 total
- age   2:     125696 bytes,     174136 total
- age   3:     226016 bytes,     400152 total
- age   4:     232864 bytes,     633016 total
: 16797K->634K(18624K), 0.0013549 secs] 26994K->11000K(83392K), 0.0014381 secs] [Times: user=0.00 sys=0.00, real=0.00 secs] 
41.959: [GC 41.959: [ParNew
Desired survivor size 1343488 bytes, new threshold 4 (max 4)
- age   1:     151360 bytes,     151360 total
- age   2:      11152 bytes,     162512 total
- age   3:     106520 bytes,     269032 total
- age   4:     190008 bytes,     459040 total
: 16616K->476K(18624K), 0.0011975 secs] 26982K->11071K(83392K), 0.0013086 secs] [Times: user=0.00 sys=0.00, real=0.00 secs] 
41.971: [GC 41.971: [ParNew
Desired survivor size 1343488 bytes, new threshold 4 (max 4)
- age   1:     801408 bytes,     801408 total
- age   2:      86400 bytes,     887808 total
- age   3:      11152 bytes,     898960 total
- age   4:     106520 bytes,    1005480 total
: 16413K->989K(18624K), 0.0014272 secs] 27008K->11643K(83392K), 0.0015386 secs] [Times: user=0.00 sys=0.00, real=0.01 secs] 
41.984: [GC 41.984: [ParNew
Desired survivor size 1343488 bytes, new threshold 4 (max 4)
- age   1:     543696 bytes,     543696 total
- age   2:     465576 bytes,    1009272 total
- age   3:      86400 bytes,    1095672 total
- age   4:      11152 bytes,    1106824 total
: 16944K->1084K(18624K), 0.0020689 secs] 27598K->11842K(83392K), 0.0021819 secs] [Times: user=0.01 sys=0.00, real=0.00 secs] 
41.997: [GC 41.997: [ParNew
Desired survivor size 1343488 bytes, new threshold 3 (max 4)
- age   1:     466144 bytes,     466144 total
- age   2:     476384 bytes,     942528 total
- age   3:     465576 bytes,    1408104 total
- age   4:      86400 bytes,    1494504 total
: 17062K->1469K(18624K), 0.0019892 secs] 27820K->12238K(83392K), 0.0021032 secs] [Times: user=0.01 sys=0.00, real=0.00 secs] 
42.012: [GC 42.012: [ParNew
Desired survivor size 1343488 bytes, new threshold 4 (max 4)
- age   1:     317128 bytes,     317128 total
- age   2:     424992 bytes,     742120 total
- age   3:     344864 bytes,    1086984 total
: 17462K->1065K(18624K), 0.0025376 secs] 28231K->12321K(83392K), 0.0026990 secs] [Times: user=0.00 sys=0.00, real=0.00 secs] 
42.026: [GC 42.026: [ParNew
Desired survivor size 1343488 bytes, new threshold 4 (max 4)
- age   1:     343888 bytes,     343888 total
- age   2:     317096 bytes,     660984 total
- age   3:     177120 bytes,     838104 total
- age   4:     292768 bytes,    1130872 total
: 17063K->1107K(18624K), 0.0016177 secs] 28319K->12364K(83392K), 0.0017241 secs] [Times: user=0.00 sys=0.00, real=0.00 secs] 
42.040: [GC 42.040: [ParNew
Desired survivor size 1343488 bytes, new threshold 4 (max 4)
- age   1:     521400 bytes,     521400 total
- age   2:     311816 bytes,     833216 total
- age   3:      94360 bytes,     927576 total
- age   4:     177120 bytes,    1104696 total
: 17083K->1082K(18624K), 0.0019373 secs] 28340K->12597K(83392K), 0.0020325 secs] [Times: user=0.01 sys=0.00, real=0.01 secs] 
42.054: [GC 42.054: [ParNew
Desired survivor size 1343488 bytes, new threshold 4 (max 4)
- age   1:     635984 bytes,     635984 total
- age   2:     444288 bytes,    1080272 total
- age   3:      57200 bytes,    1137472 total
- age   4:      94360 bytes,    1231832 total
: 17082K->1206K(18624K), 0.0016991 secs] 28597K->12894K(83392K), 0.0017972 secs] [Times: user=0.01 sys=0.00, real=0.00 secs] 
42.067: [GC 42.068: [ParNew
Desired survivor size 1343488 bytes, new threshold 4 (max 4)
- age   1:     183208 bytes,     183208 total
- age   2:     556280 bytes,     739488 total
- age   3:     296208 bytes,    1035696 total
- age   4:      57200 bytes,    1092896 total
: 17155K->1070K(18624K), 0.0017340 secs] 28844K->12851K(83392K), 0.0018632 secs] [Times: user=0.00 sys=0.00, real=0.00 secs] 
42.081: [GC 42.081: [ParNew
Desired survivor size 1343488 bytes, new threshold 3 (max 4)
- age   1:    1101160 bytes,    1101160 total
- age   2:     100200 bytes,    1201360 total
- age   3:     556280 bytes,    1757640 total
- age   4:     140064 bytes,    1897704 total
: 17060K->1856K(18624K), 0.0022008 secs] 28841K->13637K(83392K), 0.0023170 secs] [Times: user=0.00 sys=0.00, real=0.01 secs] 
42.096: [GC 42.096: [ParNew
Desired survivor size 1343488 bytes, new threshold 2 (max 4)
- age   1:     634080 bytes,     634080 total
- age   2:    1031256 bytes,    1665336 total
- age   3:      38680 bytes,    1704016 total
: 17781K->1667K(18624K), 0.0023324 secs] 29562K->13887K(83392K), 0.0024289 secs] [Times: user=0.00 sys=0.00, real=0.00 secs] 
42.110: [GC 42.110: [ParNew
Desired survivor size 1343488 bytes, new threshold 4 (max 4)
- age   1:     706992 bytes,     706992 total
- age   2:     390456 bytes,    1097448 total
: 17655K->1073K(18624K), 0.0020923 secs] 29875K->14082K(83392K), 0.0021857 secs] [Times: user=0.01 sys=0.00, real=0.01 secs] 
42.124: [GC 42.125: [ParNew
Desired survivor size 1343488 bytes, new threshold 4 (max 4)
- age   1:     161088 bytes,     161088 total
- age   2:     616672 bytes,     777760 total
- age   3:     390456 bytes,    1168216 total
: 17038K->1142K(18624K), 0.0018961 secs] 30047K->14151K(83392K), 0.0020029 secs] [Times: user=0.00 sys=0.00, real=0.00 secs] 
42.139: [GC 42.139: [ParNew
Desired survivor size 1343488 bytes, new threshold 4 (max 4)
- age   1:     384744 bytes,     384744 total
- age   2:     104624 bytes,     489368 total
- age   3:     616672 bytes,    1106040 total
- age   4:     390456 bytes,    1496496 total
: 17126K->1463K(18624K), 0.0021091 secs] 30135K->14472K(83392K), 0.0022175 secs] [Times: user=0.00 sys=0.00, real=0.00 secs] 
42.153: [GC 42.153: [ParNew
Desired survivor size 1343488 bytes, new threshold 4 (max 4)
- age   1:     236208 bytes,     236208 total
- age   2:     368000 bytes,     604208 total
- age   3:         32 bytes,     604240 total
- age   4:     519808 bytes,    1124048 total
: 17453K->1099K(18624K), 0.0020038 secs] 30462K->14489K(83392K), 0.0021473 secs] [Times: user=0.01 sys=0.01, real=0.00 secs] 
42.166: [GC 42.166: [ParNew
Desired survivor size 1343488 bytes, new threshold 4 (max 4)
- age   1:      88512 bytes,      88512 total
- age   2:     108392 bytes,     196904 total
- age   3:     368000 bytes,     564904 total
- age   4:         32 bytes,     564936 total
: 17057K->555K(18624K), 0.0015187 secs] 30447K->14300K(83392K), 0.0016761 secs] [Times: user=0.00 sys=0.00, real=0.00 secs] 
42.179: [GC 42.179: [ParNew
Desired survivor size 1343488 bytes, new threshold 4 (max 4)
- age   1:     861864 bytes,     861864 total
- age   2:      57600 bytes,     919464 total
- age   3:     108392 bytes,    1027856 total
- age   4:     156216 bytes,    1184072 total
: 16539K->1160K(18624K), 0.0015259 secs] 30284K->14904K(83392K), 0.0016233 secs] [Times: user=0.00 sys=0.00, real=0.00 secs] 
42.193: [GC 42.193: [ParNew
Desired survivor size 1343488 bytes, new threshold 4 (max 4)
- age   1:     102112 bytes,     102112 total
- age   2:     679920 bytes,     782032 total
- age   3:      57600 bytes,     839632 total
- age   4:     108392 bytes,     948024 total
: 17131K->931K(18624K), 0.0015735 secs] 30876K->14828K(83392K), 0.0016668 secs] [Times: user=0.00 sys=0.00, real=0.00 secs] 
42.206: [GC 42.207: [ParNew
Desired survivor size 1343488 bytes, new threshold 3 (max 4)
- age   1:     880424 bytes,     880424 total
- age   2:      45320 bytes,     925744 total
- age   3:     421096 bytes,    1346840 total
- age   4:      57600 bytes,    1404440 total
: 16881K->1375K(18624K), 0.0019638 secs] 30778K->15377K(83392K), 0.0022318 secs] [Times: user=0.01 sys=0.00, real=0.00 secs] 
42.221: [GC 42.221: [ParNew
Desired survivor size 1343488 bytes, new threshold 4 (max 4)
- age   1:     206872 bytes,     206872 total
- age   2:     714024 bytes,     920896 total
- age   3:      45320 bytes,     966216 total
: 17324K->947K(18624K), 0.0016206 secs] 31327K->15325K(83392K), 0.0016997 secs] [Times: user=0.01 sys=0.00, real=0.01 secs] 
42.237: [GC 42.237: [ParNew
Desired survivor size 1343488 bytes, new threshold 4 (max 4)
- age   1:    1011128 bytes,    1011128 total
- age   2:      39472 bytes,    1050600 total
- age   3:     287168 bytes,    1337768 total
- age   4:      45320 bytes,    1383088 total
: 16937K->1352K(18624K), 0.0028184 secs] 31315K->15730K(83392K), 0.0029225 secs] [Times: user=0.00 sys=0.00, real=0.00 secs] 
42.255: [GC 42.255: [ParNew
Desired survivor size 1343488 bytes, new threshold 4 (max 4)
- age   1:     439760 bytes,     439760 total
- age   2:     514928 bytes,     954688 total
- age   3:      39472 bytes,     994160 total
- age   4:     287168 bytes,    1281328 total
: 17339K->1253K(18624K), 0.0017171 secs] 31717K->15675K(83392K), 0.0018208 secs] [Times: user=0.00 sys=0.00, real=0.00 secs] 
42.268: [GC 42.268: [ParNew
Desired survivor size 1343488 bytes, new threshold 4 (max 4)
- age   1:     178184 bytes,     178184 total
- age   2:     315640 bytes,     493824 total
- age   3:     514888 bytes,    1008712 total
- age   4:      39472 bytes,    1048184 total
: 17236K->1025K(18624K), 0.0021466 secs] 31659K->15728K(83392K), 0.0022686 secs] [Times: user=0.00 sys=0.00, real=0.00 secs] 
42.281: [GC 42.281: [ParNew
Desired survivor size 1343488 bytes, new threshold 4 (max 4)
- age   1:     282720 bytes,     282720 total
- age   2:      81128 bytes,     363848 total
- age   3:     252360 bytes,     616208 total
- age   4:     514728 bytes,    1130936 total
: 17023K->1106K(18624K), 0.0015170 secs] 31725K->15847K(83392K), 0.0016109 secs] [Times: user=0.00 sys=0.00, real=0.01 secs] 
42.298: [GC 42.298: [ParNew
Desired survivor size 1343488 bytes, new threshold 4 (max 4)
- age   1:     632472 bytes,     632472 total
- age   2:     215216 bytes,     847688 total
- age   3:      81128 bytes,     928816 total
- age   4:      82216 bytes,    1011032 total
: 17087K->990K(18624K), 0.0019694 secs] 31829K->16065K(83392K), 0.0020683 secs] [Times: user=0.00 sys=0.00, real=0.00 secs] 
42.314: [GC 42.314: [ParNew
Desired survivor size 1343488 bytes, new threshold 4 (max 4)
- age   1:     435632 bytes,     435632 total
- age   2:     338504 bytes,     774136 total
- age   3:      46200 bytes,     820336 total
: 16949K->803K(18624K), 0.0014588 secs] 32025K->15959K(83392K), 0.0016054 secs] [Times: user=0.00 sys=0.00, real=0.00 secs] 
42.326: [GC 42.326: [ParNew
Desired survivor size 1343488 bytes, new threshold 4 (max 4)
- age   1:     203184 bytes,     203184 total
- age   2:     362992 bytes,     566176 total
- age   3:     338504 bytes,     904680 total
- age   4:      46200 bytes,     950880 total
: 16778K->931K(18624K), 0.0017853 secs] 31933K->16087K(83392K), 0.0018811 secs] [Times: user=0.00 sys=0.00, real=0.00 secs] 
42.341: [GC 42.341: [ParNew
Desired survivor size 1343488 bytes, new threshold 4 (max 4)
- age   1:     427320 bytes,     427320 total
- age   2:     137896 bytes,     565216 total
- age   3:     278480 bytes,     843696 total
- age   4:      78848 bytes,     922544 total
: 16882K->904K(18624K), 0.0022117 secs] 32038K->16104K(83392K), 0.0023177 secs] [Times: user=0.00 sys=0.00, real=0.01 secs] 
42.356: [GC 42.356: [ParNew
Desired survivor size 1343488 bytes, new threshold 2 (max 4)
- age   1:    1137960 bytes,    1137960 total
- age   2:     427320 bytes,    1565280 total
- age   3:     137896 bytes,    1703176 total
- age   4:     109440 bytes,    1812616 total
: 16838K->1780K(18624K), 0.0018325 secs] 32039K->17058K(83392K), 0.0019384 secs] [Times: user=0.01 sys=0.00, real=0.00 secs] 
42.371: [GC 42.371: [ParNew
Desired survivor size 1343488 bytes, new threshold 2 (max 4)
- age   1:     421608 bytes,     421608 total
- age   2:    1065336 bytes,    1486944 total
: 17759K->1457K(18624K), 0.0023524 secs] 33037K->17394K(83392K), 0.0024353 secs] [Times: user=0.00 sys=0.00, real=0.01 secs] 
42.386: [GC 42.386: [ParNew
Desired survivor size 1343488 bytes, new threshold 4 (max 4)
- age   1:     224296 bytes,     224296 total
- age   2:     347832 bytes,     572128 total
: 17420K->561K(18624K), 0.0018487 secs] 33356K->17537K(83392K), 0.0019444 secs] [Times: user=0.00 sys=0.00, real=0.00 secs] 
42.401: [GC 42.401: [ParNew
Desired survivor size 1343488 bytes, new threshold 4 (max 4)
- age   1:     373544 bytes,     373544 total
- age   2:      65136 bytes,     438680 total
- age   3:     346936 bytes,     785616 total
: 16561K->768K(18624K), 0.0012641 secs] 33537K->17745K(83392K), 0.0013520 secs] [Times: user=0.00 sys=0.00, real=0.01 secs] 
42.414: [GC 42.414: [ParNew
Desired survivor size 1343488 bytes, new threshold 4 (max 4)
- age   1:     840448 bytes,     840448 total
- age   2:     293696 bytes,    1134144 total
- age   3:      65096 bytes,    1199240 total
- age   4:     346936 bytes,    1546176 total
: 16747K->1516K(18624K), 0.0017358 secs] 33723K->18492K(83392K), 0.0018329 secs] [Times: user=0.00 sys=0.00, real=0.00 secs] 
42.427: [GC 42.427: [ParNew
Desired survivor size 1343488 bytes, new threshold 4 (max 4)
- age   1:     323624 bytes,     323624 total
- age   2:     550856 bytes,     874480 total
- age   3:     293696 bytes,    1168176 total
- age   4:      65096 bytes,    1233272 total
: 17507K->1210K(18624K), 0.0019686 secs] 34483K->18526K(83392K), 0.0020686 secs] [Times: user=0.00 sys=0.00, real=0.00 secs] 
42.445: [GC 42.446: [ParNew
Desired survivor size 1343488 bytes, new threshold 4 (max 4)
- age   1:     551872 bytes,     551872 total
- age   2:     102288 bytes,     654160 total
- age   3:     299608 bytes,     953768 total
- age   4:     293696 bytes,    1247464 total
: 17153K->1230K(18624K), 0.0016585 secs] 34469K->18550K(83392K), 0.0017717 secs] [Times: user=0.00 sys=0.01, real=0.00 secs] 
42.458: [GC 42.458: [ParNew
Desired survivor size 1343488 bytes, new threshold 4 (max 4)
- age   1:     456480 bytes,     456480 total
- age   2:      85248 bytes,     541728 total
- age   3:     102288 bytes,     644016 total
- age   4:     299608 bytes,     943624 total
: 17227K->923K(18624K), 0.0025011 secs] 34547K->18530K(83392K), 0.0026032 secs] [Times: user=0.01 sys=0.00, real=0.00 secs] 
42.472: [GC 42.472: [ParNew
Desired survivor size 1343488 bytes, new threshold 4 (max 4)
- age   1:     313088 bytes,     313088 total
- age   2:      70744 bytes,     383832 total
- age   3:      85248 bytes,     469080 total
- age   4:     102288 bytes,     571368 total
: 16923K->561K(18624K), 0.0013253 secs] 34530K->18460K(83392K), 0.0014856 secs] [Times: user=0.01 sys=0.00, real=0.00 secs] 
42.485: [GC 42.485: [ParNew
Desired survivor size 1343488 bytes, new threshold 4 (max 4)
- age   1:     604952 bytes,     604952 total
- age   2:     310848 bytes,     915800 total
- age   3:      70744 bytes,     986544 total
- age   4:      85248 bytes,    1071792 total
: 16554K->1050K(18624K), 0.0024407 secs] 34453K->19049K(83392K), 0.0025833 secs] [Times: user=0.00 sys=0.00, real=0.00 secs] 
42.500: [GC 42.500: [ParNew
Desired survivor size 1343488 bytes, new threshold 4 (max 4)
- age   1:      86728 bytes,      86728 total
- age   2:     387640 bytes,     474368 total
- age   3:     310848 bytes,     785216 total
- age   4:      70744 bytes,     855960 total
: 17034K->839K(18624K), 0.0022407 secs] 35033K->18922K(83392K), 0.0023621 secs] [Times: user=0.00 sys=0.00, real=0.01 secs] 
42.516: [GC 42.516: [ParNew
Desired survivor size 1343488 bytes, new threshold 4 (max 4)
- age   1:     552368 bytes,     552368 total
- age   2:      28992 bytes,     581360 total
- age   3:     244472 bytes,     825832 total
- age   4:     310848 bytes,    1136680 total
: 16800K->1115K(18624K), 0.0015873 secs] 34882K->19267K(83392K), 0.0016712 secs] [Times: user=0.00 sys=0.00, real=0.00 secs] 
42.531: [GC 42.531: [ParNew
Desired survivor size 1343488 bytes, new threshold 4 (max 4)
- age   1:     321184 bytes,     321184 total
- age   2:     221336 bytes,     542520 total
- age   3:      28992 bytes,     571512 total
- age   4:     244552 bytes,     816064 total
: 17030K->800K(18624K), 0.0018329 secs] 35182K->19256K(83392K), 0.0019184 secs] [Times: user=0.01 sys=0.00, real=0.01 secs] 
42.545: [GC 42.545: [ParNew
Desired survivor size 1343488 bytes, new threshold 2 (max 4)
- age   1:    1133288 bytes,    1133288 total
- age   2:     254992 bytes,    1388280 total
- age   3:     101608 bytes,    1489888 total
- age   4:      28992 bytes,    1518880 total
: 16785K->1496K(18624K), 0.0025220 secs] 35240K->20190K(83392K), 0.0026238 secs] [Times: user=0.01 sys=0.00, real=0.00 secs] 
42.558: [GC 42.558: [ParNew
Desired survivor size 1343488 bytes, new threshold 2 (max 4)
- age   1:     632440 bytes,     632440 total
- age   2:    1026928 bytes,    1659368 total
: 17463K->1642K(18624K), 0.0030206 secs] 36157K->20715K(83392K), 0.0031500 secs] [Times: user=0.00 sys=0.00, real=0.00 secs] 
42.574: [GC 42.574: [ParNew
Desired survivor size 1343488 bytes, new threshold 4 (max 4)
- age   1:     525568 bytes,     525568 total
- age   2:     336832 bytes,     862400 total
: 17637K->847K(18624K), 0.0020212 secs] 36710K->20797K(83392K), 0.0021305 secs] [Times: user=0.00 sys=0.00, real=0.00 secs] 
42.588: [GC 42.588: [ParNew
Desired survivor size 1343488 bytes, new threshold 4 (max 4)
- age   1:     484648 bytes,     484648 total
- age   2:     402744 bytes,     887392 total
- age   3:     274944 bytes,    1162336 total
: 16816K->1138K(18624K), 0.0018217 secs] 36765K->21088K(83392K), 0.0019375 secs] [Times: user=0.01 sys=0.00, real=0.00 secs] 
42.603: [GC 42.603: [ParNew
Desired survivor size 1343488 bytes, new threshold 4 (max 4)
- age   1:     537224 bytes,     537224 total
- age   2:     349720 bytes,     886944 total
- age   3:     402744 bytes,    1289688 total
- age   4:     274944 bytes,    1564632 total
: 17103K->1531K(18624K), 0.0017925 secs] 37053K->21480K(83392K), 0.0018924 secs] [Times: user=0.01 sys=0.01, real=0.00 secs] 
42.616: [GC 42.616: [ParNew
Desired survivor size 1343488 bytes, new threshold 3 (max 4)
- age   1:     666560 bytes,     666560 total
- age   2:     467224 bytes,    1133784 total
- age   3:     239880 bytes,    1373664 total
- age   4:     402744 bytes,    1776408 total
: 17523K->1737K(18624K), 0.0028639 secs] 37472K->21955K(83392K), 0.0029786 secs] [Times: user=0.00 sys=0.00, real=0.00 secs] 
42.631: [GC 42.631: [ParNew
Desired survivor size 1343488 bytes, new threshold 2 (max 4)
- age   1:    1019032 bytes,    1019032 total
- age   2:     526488 bytes,    1545520 total
- age   3:     467224 bytes,    2012744 total
: 17733K->1968K(18624K), 0.0028295 secs] 37951K->22619K(83392K), 0.0030011 secs] [Times: user=0.00 sys=0.00, real=0.01 secs] 
42.649: [GC 42.649: [ParNew
Desired survivor size 1343488 bytes, new threshold 4 (max 4)
- age   1:     615432 bytes,     615432 total
- age   2:     637984 bytes,    1253416 total
: 17946K->1227K(18624K), 0.0026136 secs] 38597K->22848K(83392K), 0.0027762 secs] [Times: user=0.01 sys=0.00, real=0.01 secs] 
42.664: [GC 42.664: [ParNew
Desired survivor size 1343488 bytes, new threshold 4 (max 4)
- age   1:     271000 bytes,     271000 total
- age   2:     558952 bytes,     829952 total
- age   3:     442192 bytes,    1272144 total
: 17194K->1245K(18624K), 0.0024285 secs] 38815K->22867K(83392K), 0.0025362 secs] [Times: user=0.00 sys=0.00, real=0.00 secs] 
42.681: [GC 42.681: [ParNew
Desired survivor size 1343488 bytes, new threshold 3 (max 4)
- age   1:     681952 bytes,     681952 total
- age   2:     151232 bytes,     833184 total
- age   3:     558952 bytes,    1392136 total
- age   4:     299488 bytes,    1691624 total
: 17245K->1653K(18624K), 0.0018350 secs] 38866K->23275K(83392K), 0.0019343 secs] [Times: user=0.00 sys=0.00, real=0.01 secs] 
42.700: [GC 42.701: [ParNew
Desired survivor size 1343488 bytes, new threshold 4 (max 4)
- age   1:     250176 bytes,     250176 total
- age   2:     681952 bytes,     932128 total
- age   3:     151232 bytes,    1083360 total
: 17640K->1059K(18624K), 0.0025087 secs] 39261K->23519K(83392K), 0.0026157 secs] [Times: user=0.01 sys=0.00, real=0.01 secs] 
42.718: [GC 42.718: [ParNew
Desired survivor size 1343488 bytes, new threshold 4 (max 4)
- age   1:     375848 bytes,     375848 total
- age   2:     161648 bytes,     537496 total
- age   3:     651744 bytes,    1189240 total
- age   4:     151232 bytes,    1340472 total
: 17036K->1313K(18624K), 0.0017252 secs] 39496K->23772K(83392K), 0.0018152 secs] [Times: user=0.00 sys=0.00, real=0.00 secs] 
42.733: [GC 42.733: [ParNew
Desired survivor size 1343488 bytes, new threshold 4 (max 4)
- age   1:     380472 bytes,     380472 total
- age   2:     343072 bytes,     723544 total
- age   3:       8728 bytes,     732272 total
- age   4:     382448 bytes,    1114720 total
: 17294K->1097K(18624K), 0.0017720 secs] 39753K->23623K(83392K), 0.0018822 secs] [Times: user=0.01 sys=0.00, real=0.00 secs] 
42.748: [GC 42.749: [ParNew
Desired survivor size 1343488 bytes, new threshold 4 (max 4)
- age   1:     329976 bytes,     329976 total
- age   2:     305088 bytes,     635064 total
- age   3:     343072 bytes,     978136 total
- age   4:       8728 bytes,     986864 total
: 17064K->981K(18624K), 0.0019622 secs] 39590K->23756K(83392K), 0.0020770 secs] [Times: user=0.00 sys=0.00, real=0.00 secs] 
42.765: [GC 42.765: [ParNew
Desired survivor size 1343488 bytes, new threshold 3 (max 4)
- age   1:     777576 bytes,     777576 total
- age   2:     261560 bytes,    1039136 total
- age   3:     305088 bytes,    1344224 total
- age   4:     343072 bytes,    1687296 total
: 16851K->1658K(18624K), 0.0021692 secs] 39626K->24442K(83392K), 0.0022736 secs] [Times: user=0.01 sys=0.00, real=0.00 secs] 
42.779: [GC 42.779: [ParNew
Desired survivor size 1343488 bytes, new threshold 3 (max 4)
- age   1:     568184 bytes,     568184 total
- age   2:     705032 bytes,    1273216 total
- age   3:     115696 bytes,    1388912 total
: 17614K->1404K(18624K), 0.0026488 secs] 40398K->24821K(83392K), 0.0027677 secs] [Times: user=0.01 sys=0.00, real=0.01 secs] 
42.795: [GC 42.795: [ParNew
Desired survivor size 1343488 bytes, new threshold 3 (max 4)
- age   1:     414464 bytes,     414464 total
- age   2:     338136 bytes,     752600 total
- age   3:     705032 bytes,    1457632 total
: 17394K->1445K(18624K), 0.0021821 secs] 40811K->24952K(83392K), 0.0022801 secs] [Times: user=0.00 sys=0.00, real=0.00 secs] 
42.808: [GC 42.808: [ParNew
Desired survivor size 1343488 bytes, new threshold 4 (max 4)
- age   1:     500896 bytes,     500896 total
- age   2:     251792 bytes,     752688 total
- age   3:     338136 bytes,    1090824 total
: 17432K->1074K(18624K), 0.0026256 secs] 40938K->25268K(83392K), 0.0027961 secs] [Times: user=0.00 sys=0.00, real=0.00 secs] 
42.822: [GC 42.822: [ParNew
Desired survivor size 1343488 bytes, new threshold 4 (max 4)
- age   1:     591000 bytes,     591000 total
- age   2:     267416 bytes,     858416 total
- age   3:     251792 bytes,    1110208 total
- age   4:     338136 bytes,    1448344 total
: 17053K->1417K(18624K), 0.0019798 secs] 41247K->25612K(83392K), 0.0020832 secs] [Times: user=0.01 sys=0.00, real=0.00 secs] 
42.836: [GC 42.836: [ParNew
Desired survivor size 1343488 bytes, new threshold 4 (max 4)
- age   1:     168040 bytes,     168040 total
- age   2:     506352 bytes,     674392 total
- age   3:     267416 bytes,     941808 total
- age   4:     251792 bytes,    1193600 total
: 17414K->1167K(18624K), 0.0020210 secs] 41609K->25692K(83392K), 0.0021233 secs] [Times: user=0.00 sys=0.00, real=0.00 secs] 
42.856: [GC 42.856: [ParNew
Desired survivor size 1343488 bytes, new threshold 4 (max 4)
- age   1:     437360 bytes,     437360 total
- age   2:      81608 bytes,     518968 total
- age   3:     258288 bytes,     777256 total
- age   4:     267416 bytes,    1044672 total
: 17160K->1022K(18624K), 0.0016641 secs] 41685K->25793K(83392K), 0.0017609 secs] [Times: user=0.01 sys=0.00, real=0.00 secs] 
42.869: [GC 42.869: [ParNew
Desired survivor size 1343488 bytes, new threshold 4 (max 4)
- age   1:     301728 bytes,     301728 total
- age   2:     291360 bytes,     593088 total
- age   3:      65624 bytes,     658712 total
- age   4:     220464 bytes,     879176 total
: 16988K->861K(18624K), 0.0021205 secs] 41759K->25893K(83392K), 0.0022305 secs] [Times: user=0.01 sys=0.00, real=0.00 secs] 
42.883: [GC 42.883: [ParNew
Desired survivor size 1343488 bytes, new threshold 4 (max 4)
- age   1:     255952 bytes,     255952 total
- age   2:     104816 bytes,     360768 total
- age   3:     209144 bytes,     569912 total
- age   4:      65624 bytes,     635536 total
: 16861K->626K(18624K), 0.0012437 secs] 41893K->25743K(83392K), 0.0013208 secs] [Times: user=0.00 sys=0.00, real=0.00 secs] 
42.896: [GC 42.896: [ParNew
Desired survivor size 1343488 bytes, new threshold 4 (max 4)
- age   1:     339904 bytes,     339904 total
- age   2:     177248 bytes,     517152 total
- age   3:      63640 bytes,     580792 total
- age   4:     207048 bytes,     787840 total
: 16610K->779K(18624K), 0.0018850 secs] 41727K->25960K(83392K), 0.0019856 secs] [Times: user=0.00 sys=0.01, real=0.00 secs] 
42.910: [GC 42.911: [ParNew
Desired survivor size 1343488 bytes, new threshold 4 (max 4)
- age   1:     731424 bytes,     731424 total
- age   2:      48640 bytes,     780064 total
- age   3:     177248 bytes,     957312 total
- age   4:      63640 bytes,    1020952 total
: 16768K->1001K(18624K), 0.0016922 secs] 41949K->26385K(83392K), 0.0017865 secs] [Times: user=0.00 sys=0.00, real=0.01 secs] 
42.924: [GC 42.924: [ParNew
Desired survivor size 1343488 bytes, new threshold 4 (max 4)
- age   1:     320600 bytes,     320600 total
- age   2:     138304 bytes,     458904 total
- age   3:       4424 bytes,     463328 total
- age   4:     177248 bytes,     640576 total
: 16987K->626K(18624K), 0.0017911 secs] 42371K->26072K(83392K), 0.0018960 secs] [Times: user=0.00 sys=0.00, real=0.00 secs] 
42.944: [GC 42.944: [ParNew
Desired survivor size 1343488 bytes, new threshold 4 (max 4)
- age   1:     478848 bytes,     478848 total
- age   2:     127304 bytes,     606152 total
- age   3:     138272 bytes,     744424 total
- age   4:       4424 bytes,     748848 total
: 16598K->731K(18624K), 0.0013932 secs] 42044K->26349K(83392K), 0.0014758 secs] [Times: user=0.00 sys=0.00, real=0.00 secs] 
42.958: [GC 42.958: [ParNew
Desired survivor size 1343488 bytes, new threshold 4 (max 4)
- age   1:     368656 bytes,     368656 total
- age   2:     395576 bytes,     764232 total
- age   3:     110576 bytes,     874808 total
- age   4:     138272 bytes,    1013080 total
: 16724K->999K(18624K), 0.0015358 secs] 42341K->26620K(83392K), 0.0016308 secs] [Times: user=0.00 sys=0.00, real=0.00 secs] 
42.971: [GC 42.971: [ParNew
Desired survivor size 1343488 bytes, new threshold 4 (max 4)
- age   1:     246232 bytes,     246232 total
- age   2:     301168 bytes,     547400 total
- age   3:     286056 bytes,     833456 total
- age   4:     110576 bytes,     944032 total
: 16996K->925K(18624K), 0.0022449 secs] 42618K->26682K(83392K), 0.0023588 secs] [Times: user=0.00 sys=0.00, real=0.01 secs] 
42.984: [GC 42.984: [ParNew
Desired survivor size 1343488 bytes, new threshold 4 (max 4)
- age   1:     756464 bytes,     756464 total
- age   2:      24576 bytes,     781040 total
- age   3:     148776 bytes,     929816 total
- age   4:     286056 bytes,    1215872 total
: 16887K->1199K(18624K), 0.0016602 secs] 42644K->27031K(83392K), 0.0018516 secs] [Times: user=0.01 sys=0.00, real=0.00 secs] 
42.997: [GC 42.997: [ParNew
Desired survivor size 1343488 bytes, new threshold 4 (max 4)
- age   1:     393224 bytes,     393224 total
- age   2:     727792 bytes,    1121016 total
- age   3:      24576 bytes,    1145592 total
- age   4:     148776 bytes,    1294368 total
: 17192K->1274K(18624K), 0.0022189 secs] 43024K->27385K(83392K), 0.0023199 secs] [Times: user=0.00 sys=0.00, real=0.00 secs] 
43.011: [GC 43.011: [ParNew
Desired survivor size 1343488 bytes, new threshold 4 (max 4)
- age   1:     422616 bytes,     422616 total
- age   2:     355856 bytes,     778472 total
- age   3:     341288 bytes,    1119760 total
- age   4:      24576 bytes,    1144336 total
: 17250K->1120K(18624K), 0.0019409 secs] 43361K->27377K(83392K), 0.0020358 secs] [Times: user=0.00 sys=0.00, real=0.01 secs] 
43.025: [GC 43.025: [ParNew
Desired survivor size 1343488 bytes, new threshold 4 (max 4)
- age   1:     373864 bytes,     373864 total
- age   2:     388400 bytes,     762264 total
- age   3:     277040 bytes,    1039304 total
- age   4:     269896 bytes,    1309200 total
: 17000K->1282K(18624K), 0.0016290 secs] 43256K->27562K(83392K), 0.0017228 secs] [Times: user=0.00 sys=0.00, real=0.00 secs] 
43.039: [GC 43.039: [ParNew
Desired survivor size 1343488 bytes, new threshold 4 (max 4)
- age   1:     570992 bytes,     570992 total
- age   2:     350960 bytes,     921952 total
- age   4:     172448 bytes,    1094400 total
: 17245K->1072K(18624K), 0.0016292 secs] 43526K->27616K(83392K), 0.0017164 secs] [Times: user=0.01 sys=0.00, real=0.00 secs] 
43.052: [GC 43.052: [ParNew
Desired survivor size 1343488 bytes, new threshold 4 (max 4)
- age   1:     505392 bytes,     505392 total
- age   2:     423680 bytes,     929072 total
- age   3:     141504 bytes,    1070576 total
: 17002K->1049K(18624K), 0.0017830 secs] 43547K->27761K(83392K), 0.0018988 secs] [Times: user=0.01 sys=0.00, real=0.01 secs] 
43.065: [GC 43.065: [ParNew
Desired survivor size 1343488 bytes, new threshold 4 (max 4)
- age   1:     275528 bytes,     275528 total
- age   2:     337384 bytes,     612912 total
- age   3:     169392 bytes,     782304 total
- age   4:     141504 bytes,     923808 total
: 17043K->905K(18624K), 0.0014141 secs] 43755K->27618K(83392K), 0.0015181 secs] [Times: user=0.00 sys=0.00, real=0.00 secs] 
43.078: [GC 43.078: [ParNew
Desired survivor size 1343488 bytes, new threshold 4 (max 4)
- age   1:     684000 bytes,     684000 total
- age   2:     161992 bytes,     845992 total
- age   3:     164672 bytes,    1010664 total
- age   4:     169392 bytes,    1180056 total
: 16879K->1156K(18624K), 0.0021281 secs] 43591K->28006K(83392K), 0.0022450 secs] [Times: user=0.00 sys=0.00, real=0.00 secs] 
43.092: [GC 43.092: [ParNew
Desired survivor size 1343488 bytes, new threshold 4 (max 4)
- age   1:     251128 bytes,     251128 total
- age   2:     214976 bytes,     466104 total
- age   3:     161992 bytes,     628096 total
- age   4:     164672 bytes,     792768 total
: 17114K->777K(18624K), 0.0019422 secs] 43965K->27793K(83392K), 0.0020419 secs] [Times: user=0.00 sys=0.00, real=0.00 secs] 
43.109: [GC 43.110: [ParNew
Desired survivor size 1343488 bytes, new threshold 1 (max 4)
- age   1:    1582592 bytes,    1582592 total
- age   2:     195160 bytes,    1777752 total
- age   3:     214936 bytes,    1992688 total
- age   4:     161992 bytes,    2154680 total
: 16763K->2106K(18624K), 0.0023275 secs] 43779K->29283K(83392K), 0.0024751 secs] [Times: user=0.00 sys=0.00, real=0.01 secs] 
43.124: [GC 43.124: [ParNew
Desired survivor size 1343488 bytes, new threshold 4 (max 4)
- age   1:     222024 bytes,     222024 total
: 18082K->220K(18624K), 0.0028215 secs] 45259K->29188K(83392K), 0.0029365 secs] [Times: user=0.01 sys=0.00, real=0.00 secs] 
43.141: [GC 43.141: [ParNew
Desired survivor size 1343488 bytes, new threshold 4 (max 4)
- age   1:     230096 bytes,     230096 total
- age   2:     144136 bytes,     374232 total
: 16199K->368K(18624K), 0.0010877 secs] 45166K->29336K(83392K), 0.0011636 secs] [Times: user=0.00 sys=0.00, real=0.01 secs] 
43.155: [GC 43.155: [ParNew
Desired survivor size 1343488 bytes, new threshold 4 (max 4)
- age   1:     415072 bytes,     415072 total
- age   2:     170864 bytes,     585936 total
- age   3:     144136 bytes,     730072 total
: 16360K->715K(18624K), 0.0014112 secs] 45327K->29683K(83392K), 0.0014995 secs] [Times: user=0.00 sys=0.00, real=0.00 secs] 
43.167: [GC 43.168: [ParNew
Desired survivor size 1343488 bytes, new threshold 4 (max 4)
- age   1:     151360 bytes,     151360 total
- age   2:     335928 bytes,     487288 total
- age   3:     170864 bytes,     658152 total
- age   4:     144136 bytes,     802288 total
: 16705K->787K(18624K), 0.0016033 secs] 45673K->29754K(83392K), 0.0017322 secs] [Times: user=0.00 sys=0.00, real=0.00 secs] 
43.182: [GC 43.182: [ParNew
Desired survivor size 1343488 bytes, new threshold 4 (max 4)
- age   1:     586104 bytes,     586104 total
- age   3:     335928 bytes,     922032 total
- age   4:     170864 bytes,    1092896 total
: 16784K->1077K(18624K), 0.0015078 secs] 45752K->30186K(83392K), 0.0016183 secs] [Times: user=0.01 sys=0.00, real=0.01 secs] 
43.196: [GC 43.196: [ParNew
Desired survivor size 1343488 bytes, new threshold 4 (max 4)
- age   1:     825784 bytes,     825784 total
- age   2:     424408 bytes,    1250192 total
- age   4:     269112 bytes,    1519304 total
: 17063K->1488K(18624K), 0.0021068 secs] 46171K->30763K(83392K), 0.0022078 secs] [Times: user=0.01 sys=0.00, real=0.00 secs] 
43.209: [GC 43.210: [ParNew
Desired survivor size 1343488 bytes, new threshold 3 (max 4)
- age   1:     527896 bytes,     527896 total
- age   2:     579632 bytes,    1107528 total
- age   3:     322808 bytes,    1430336 total
: 17470K->1400K(18624K), 0.0024787 secs] 46746K->30938K(83392K), 0.0025772 secs] [Times: user=0.00 sys=0.00, real=0.01 secs] 
43.224: [GC 43.225: [ParNew
Desired survivor size 1343488 bytes, new threshold 4 (max 4)
- age   1:     403304 bytes,     403304 total
- age   2:      77576 bytes,     480880 total
- age   3:     579632 bytes,    1060512 total
: 17396K->1039K(18624K), 0.0017079 secs] 46934K->30892K(83392K), 0.0018039 secs] [Times: user=0.00 sys=0.00, real=0.00 secs] 
43.238: [GC 43.238: [ParNew
Desired survivor size 1343488 bytes, new threshold 4 (max 4)
- age   1:     425496 bytes,     425496 total
- age   2:     164680 bytes,     590176 total
- age   3:      77576 bytes,     667752 total
- age   4:     579632 bytes,    1247384 total
: 17039K->1221K(18624K), 0.0018461 secs] 46892K->31075K(83392K), 0.0019491 secs] [Times: user=0.01 sys=0.00, real=0.00 secs] 
43.250: [GC 43.251: [ParNew
Desired survivor size 1343488 bytes, new threshold 4 (max 4)
- age   1:     214608 bytes,     214608 total
- age   2:     396496 bytes,     611104 total
- age   3:     164680 bytes,     775784 total
- age   4:      77536 bytes,     853320 total
: 17218K->836K(18624K), 0.0020415 secs] 47071K->31125K(83392K), 0.0021457 secs] [Times: user=0.00 sys=0.00, real=0.01 secs] 
43.265: [GC 43.265: [ParNew
Desired survivor size 1343488 bytes, new threshold 4 (max 4)
- age   1:     767136 bytes,     767136 total
- age   2:     140080 bytes,     907216 total
- age   3:     316368 bytes,    1223584 total
- age   4:     164680 bytes,    1388264 total
: 16831K->1359K(18624K), 0.0019723 secs] 47120K->31648K(83392K), 0.0021241 secs] [Times: user=0.00 sys=0.00, real=0.00 secs] 
43.280: [GC 43.280: [ParNew
Desired survivor size 1343488 bytes, new threshold 2 (max 4)
- age   1:    1239536 bytes,    1239536 total
- age   2:     557184 bytes,    1796720 total
- age   3:     140080 bytes,    1936800 total
- age   4:     316368 bytes,    2253168 total
: 17320K->2203K(18624K), 0.0024995 secs] 47609K->32653K(83392K), 0.0026100 secs] [Times: user=0.01 sys=0.00, real=0.01 secs] 
43.296: [GC 43.296: [ParNew
Desired survivor size 1343488 bytes, new threshold 2 (max 4)
- age   1:     644912 bytes,     644912 total
- age   2:     829808 bytes,    1474720 total
: 18199K->1443K(18624K), 0.0023777 secs] 48648K->32532K(83392K), 0.0024988 secs] [Times: user=0.01 sys=0.00, real=0.00 secs] 
43.310: [GC 43.310: [ParNew
Desired survivor size 1343488 bytes, new threshold 4 (max 4)
- age   1:     130776 bytes,     130776 total
- age   2:     416728 bytes,     547504 total
: 17427K->536K(18624K), 0.0018021 secs] 48516K->32436K(83392K), 0.0018945 secs] [Times: user=0.00 sys=0.00, real=0.00 secs] 
43.324: [GC 43.324: [ParNew
Desired survivor size 1343488 bytes, new threshold 3 (max 4)
- age   1:     935232 bytes,     935232 total
- age   2:        832 bytes,     936064 total
- age   3:     416728 bytes,    1352792 total
: 16500K->1323K(18624K), 0.0020407 secs] 48399K->33223K(83392K), 0.0021362 secs] [Times: user=0.00 sys=0.00, real=0.00 secs] 
43.338: [GC 43.339: [ParNew
Desired survivor size 1343488 bytes, new threshold 4 (max 4)
- age   1:     358184 bytes,     358184 total
- age   2:     755928 bytes,    1114112 total
- age   3:        832 bytes,    1114944 total
: 17319K->1091K(18624K), 0.0016790 secs] 49218K->33356K(83392K), 0.0017684 secs] [Times: user=0.01 sys=0.00, real=0.00 secs] 
43.352: [GC 43.352: [ParNew
Desired survivor size 1343488 bytes, new threshold 3 (max 4)
- age   1:     310528 bytes,     310528 total
- age   2:     306360 bytes,     616888 total
- age   3:     755928 bytes,    1372816 total
- age   4:        832 bytes,    1373648 total
: 17079K->1344K(18624K), 0.0019741 secs] 49343K->33608K(83392K), 0.0020798 secs] [Times: user=0.01 sys=0.00, real=0.00 secs] 
43.365: [GC 43.366: [ParNew
Desired survivor size 1343488 bytes, new threshold 4 (max 4)
- age   1:     297464 bytes,     297464 total
- age   2:     253736 bytes,     551200 total
- age   3:     306360 bytes,     857560 total
: 17275K->841K(18624K), 0.0024956 secs] 49539K->33844K(83392K), 0.0025960 secs] [Times: user=0.00 sys=0.00, real=0.00 secs] 
43.380: [GC 43.381: [ParNew
Desired survivor size 1343488 bytes, new threshold 4 (max 4)
- age   1:     521808 bytes,     521808 total
- age   2:     213976 bytes,     735784 total
- age   3:     253736 bytes,     989520 total
- age   4:     306360 bytes,    1295880 total
: 16806K->1268K(18624K), 0.0019504 secs] 49809K->34272K(83392K), 0.0020919 secs] [Times: user=0.00 sys=0.00, real=0.01 secs] 
43.398: [GC 43.398: [ParNew
Desired survivor size 1343488 bytes, new threshold 3 (max 4)
- age   1:     739928 bytes,     739928 total
- age   2:     477688 bytes,    1217616 total
- age   3:     213976 bytes,    1431592 total
- age   4:     253736 bytes,    1685328 total
: 17235K->1649K(18624K), 0.0021441 secs] 50238K->34951K(83392K), 0.0022407 secs] [Times: user=0.01 sys=0.00, real=0.00 secs] 
43.415: [GC 43.415: [ParNew
Desired survivor size 1343488 bytes, new threshold 3 (max 4)
- age   1:     700408 bytes,     700408 total
- age   2:     606032 bytes,    1306440 total
- age   3:     477688 bytes,    1784128 total
: 17620K->1744K(18624K), 0.0027510 secs] 50922K->35504K(83392K), 0.0028756 secs] [Times: user=0.01 sys=0.00, real=0.00 secs] 
43.428: [GC 43.429: [ParNew
Desired survivor size 1343488 bytes, new threshold 3 (max 4)
- age   1:     258192 bytes,     258192 total
- age   2:     591976 bytes,     850168 total
- age   3:     606032 bytes,    1456200 total
: 17644K->1424K(18624K), 0.0024808 secs] 51404K->35517K(83392K), 0.0025977 secs] [Times: user=0.00 sys=0.00, real=0.00 secs] 
43.444: [GC 43.444: [ParNew
Desired survivor size 1343488 bytes, new threshold 3 (max 4)
- age   1:     955840 bytes,     955840 total
- age   2:     199704 bytes,    1155544 total
- age   3:     591976 bytes,    1747520 total
: 17413K->1709K(18624K), 0.0026877 secs] 51506K->36393K(83392K), 0.0028502 secs] [Times: user=0.01 sys=0.00, real=0.00 secs] 
43.459: [GC 43.460: [ParNew
Desired survivor size 1343488 bytes, new threshold 2 (max 4)
- age   1:     486872 bytes,     486872 total
- age   2:     885936 bytes,    1372808 total
- age   3:     199704 bytes,    1572512 total
: 17591K->1537K(18624K), 0.0022352 secs] 52276K->36484K(83392K), 0.0023439 secs] [Times: user=0.00 sys=0.00, real=0.00 secs] 
43.479: [GC 43.479: [ParNew
Desired survivor size 1343488 bytes, new threshold 4 (max 4)
- age   1:     311560 bytes,     311560 total
- age   2:     401976 bytes,     713536 total
: 17383K->698K(18624K), 0.0019896 secs] 52329K->36705K(83392K), 0.0022452 secs] [Times: user=0.01 sys=0.00, real=0.00 secs] 
43.494: [GC 43.494: [ParNew
Desired survivor size 1343488 bytes, new threshold 3 (max 4)
- age   1:     763232 bytes,     763232 total
- age   2:     226504 bytes,     989736 total
- age   3:     401976 bytes,    1391712 total
: 16656K->1362K(18624K), 0.0022881 secs] 52663K->37368K(83392K), 0.0023929 secs] [Times: user=0.00 sys=0.00, real=0.00 secs] 
43.509: [GC 43.509: [ParNew
Desired survivor size 1343488 bytes, new threshold 4 (max 4)
- age   1:     289968 bytes,     289968 total
- age   2:     684864 bytes,     974832 total
- age   3:     226504 bytes,    1201336 total
: 17322K->1180K(18624K), 0.0023411 secs] 53328K->37579K(83392K), 0.0024608 secs] [Times: user=0.00 sys=0.00, real=0.00 secs] 
43.522: [GC 43.522: [ParNew
Desired survivor size 1343488 bytes, new threshold 3 (max 4)
- age   1:     585400 bytes,     585400 total
- age   2:     135728 bytes,     721128 total
- age   3:     684864 bytes,    1405992 total
- age   4:     226504 bytes,    1632496 total
: 17173K->1596K(18624K), 0.0023132 secs] 53572K->37995K(83392K), 0.0024157 secs] [Times: user=0.01 sys=0.00, real=0.00 secs] 
43.539: [GC 43.540: [ParNew
Desired survivor size 1343488 bytes, new threshold 4 (max 4)
- age   1:     700792 bytes,     700792 total
- age   2:     162928 bytes,     863720 total
- age   3:     135728 bytes,     999448 total
: 17596K->991K(18624K), 0.0020655 secs] 53995K->38072K(83392K), 0.0021519 secs] [Times: user=0.01 sys=0.00, real=0.00 secs] 
43.553: [GC 43.553: [ParNew
Desired survivor size 1343488 bytes, new threshold 4 (max 4)
- age   1:     281720 bytes,     281720 total
- age   2:     238752 bytes,     520472 total
- age   3:     162928 bytes,     683400 total
- age   4:     135728 bytes,     819128 total
: 16978K->803K(18624K), 0.0015139 secs] 54058K->37884K(83392K), 0.0016149 secs] [Times: user=0.00 sys=0.00, real=0.00 secs] 
43.566: [GC 43.566: [ParNew
Desired survivor size 1343488 bytes, new threshold 4 (max 4)
- age   1:     573144 bytes,     573144 total
- age   2:     114568 bytes,     687712 total
- age   3:     156096 bytes,     843808 total
- age   4:     162928 bytes,    1006736 total
: 16799K->986K(18624K), 0.0017069 secs] 53879K->38199K(83392K), 0.0018013 secs] [Times: user=0.00 sys=0.00, real=0.00 secs] 
43.583: [GC 43.583: [ParNew
Desired survivor size 1343488 bytes, new threshold 4 (max 4)
- age   1:     623760 bytes,     623760 total
- age   3:     114568 bytes,     738328 total
- age   4:     156096 bytes,     894424 total
: 16840K->876K(18624K), 0.0015858 secs] 54053K->38248K(83392K), 0.0016939 secs] [Times: user=0.00 sys=0.00, real=0.00 secs] 
43.596: [GC 43.596: [ParNew
Desired survivor size 1343488 bytes, new threshold 4 (max 4)
- age   1:     489840 bytes,     489840 total
- age   2:        952 bytes,     490792 total
- age   4:     114568 bytes,     605360 total
: 16821K->593K(18624K), 0.0019195 secs] 54193K->38118K(83392K), 0.0020718 secs] [Times: user=0.00 sys=0.00, real=0.00 secs] 
43.612: [GC 43.612: [ParNew
Desired survivor size 1343488 bytes, new threshold 4 (max 4)
- age   1:     555000 bytes,     555000 total
- age   2:     234800 bytes,     789800 total
- age   3:        952 bytes,     790752 total
: 16568K->774K(18624K), 0.0013148 secs] 54093K->38410K(83392K), 0.0014426 secs] [Times: user=0.00 sys=0.00, real=0.00 secs] 
43.626: [GC 43.626: [ParNew
Desired survivor size 1343488 bytes, new threshold 4 (max 4)
- age   1:     464960 bytes,     464960 total
- age   2:     476928 bytes,     941888 total
- age   3:     234800 bytes,    1176688 total
- age   4:        952 bytes,    1177640 total
: 16774K->1151K(18624K), 0.0016072 secs] 54410K->38788K(83392K), 0.0016993 secs] [Times: user=0.00 sys=0.00, real=0.00 secs] 
43.640: [GC 43.640: [ParNew
Desired survivor size 1343488 bytes, new threshold 3 (max 4)
- age   1:     903056 bytes,     903056 total
- age   2:     407120 bytes,    1310176 total
- age   3:     476928 bytes,    1787104 total
- age   4:     111888 bytes,    1898992 total
: 17086K->1856K(18624K), 0.0020371 secs] 54723K->39494K(83392K), 0.0021435 secs] [Times: user=0.01 sys=0.00, real=0.01 secs] 
43.671: [GC 43.671: [ParNew
Desired survivor size 1343488 bytes, new threshold 3 (max 4)
- age   1:     543856 bytes,     543856 total
- age   2:     572112 bytes,    1115968 total
- age   3:     407120 bytes,    1523088 total
: 17856K->1490K(18624K), 0.0021341 secs] 55494K->39593K(83392K), 0.0022405 secs] [Times: user=0.00 sys=0.00, real=0.01 secs] 
43.685: [GC 43.685: [ParNew
Desired survivor size 1343488 bytes, new threshold 4 (max 4)
- age   1:     552392 bytes,     552392 total
- age   2:     435768 bytes,     988160 total
- age   3:     198048 bytes,    1186208 total
: 17483K->1161K(18624K), 0.0028821 secs] 55587K->39662K(83392K), 0.0030033 secs] [Times: user=0.00 sys=0.00, real=0.00 secs] 
43.701: [GC 43.701: [ParNew
Desired survivor size 1343488 bytes, new threshold 4 (max 4)
- age   1:     303600 bytes,     303600 total
- age   2:     493992 bytes,     797592 total
- age   3:     435464 bytes,    1233056 total
- age   4:     198048 bytes,    1431104 total
: 17135K->1400K(18624K), 0.0018846 secs] 55636K->39901K(83392K), 0.0019935 secs] [Times: user=0.01 sys=0.00, real=0.01 secs] 
43.715: [GC 43.715: [ParNew
Desired survivor size 1343488 bytes, new threshold 4 (max 4)
- age   1:     381512 bytes,     381512 total
- age   2:     173064 bytes,     554576 total
- age   3:     493992 bytes,    1048568 total
- age   4:     435464 bytes,    1484032 total
: 17362K->1456K(18624K), 0.0025302 secs] 55863K->40091K(83392K), 0.0026524 secs] [Times: user=0.00 sys=0.01, real=0.00 secs] 
43.729: [GC 43.730: [ParNew
Desired survivor size 1343488 bytes, new threshold 4 (max 4)
- age   1:     259512 bytes,     259512 total
- age   2:     322016 bytes,     581528 total
- age   3:     173064 bytes,     754592 total
- age   4:     493992 bytes,    1248584 total
: 17452K->1226K(18624K), 0.0023777 secs] 56087K->40287K(83392K), 0.0024764 secs] [Times: user=0.01 sys=0.00, real=0.01 secs] 
43.743: [GC 43.744: [ParNew
Desired survivor size 1343488 bytes, new threshold 4 (max 4)
- age   1:     277400 bytes,     277400 total
- age   2:     243872 bytes,     521272 total
- age   3:     257864 bytes,     779136 total
- age   4:     173064 bytes,     952200 total
: 17176K->933K(18624K), 0.0021519 secs] 56237K->40476K(83392K), 0.0022754 secs] [Times: user=0.01 sys=0.00, real=0.00 secs] 
43.757: [GC 43.757: [ParNew
Desired survivor size 1343488 bytes, new threshold 4 (max 4)
- age   1:     315160 bytes,     315160 total
- age   2:     219688 bytes,     534848 total
- age   3:     243872 bytes,     778720 total
- age   4:     257864 bytes,    1036584 total
: 16931K->1019K(18624K), 0.0021054 secs] 56474K->40730K(83392K), 0.0022022 secs] [Times: user=0.00 sys=0.00, real=0.00 secs] 
43.770: [GC 43.771: [ParNew
Desired survivor size 1343488 bytes, new threshold 4 (max 4)
- age   1:     255656 bytes,     255656 total
- age   2:     253824 bytes,     509480 total
- age   3:     219688 bytes,     729168 total
- age   4:     243872 bytes,     973040 total
: 16997K->958K(18624K), 0.0019965 secs] 56707K->40920K(83392K), 0.0021489 secs] [Times: user=0.00 sys=0.00, real=0.01 secs] 
43.784: [GC 43.784: [ParNew
Desired survivor size 1343488 bytes, new threshold 4 (max 4)
- age   1:     197008 bytes,     197008 total
- age   2:     225528 bytes,     422536 total
- age   3:     253824 bytes,     676360 total
- age   4:     219688 bytes,     896048 total
: 16949K->882K(18624K), 0.0019630 secs] 56911K->41020K(83392K), 0.0020758 secs] [Times: user=0.01 sys=0.00, real=0.00 secs] 
43.797: [GC 43.797: [ParNew
Desired survivor size 1343488 bytes, new threshold 4 (max 4)
- age   1:     204480 bytes,     204480 total
- age   2:     130632 bytes,     335112 total
- age   3:     225528 bytes,     560640 total
- age   4:      53152 bytes,     613792 total
: 16822K->601K(18624K), 0.0015585 secs] 56960K->40954K(83392K), 0.0016550 secs] [Times: user=0.01 sys=0.00, real=0.00 secs] 
43.816: [GC 43.816: [ParNew
Desired survivor size 1343488 bytes, new threshold 4 (max 4)
- age   1:     236472 bytes,     236472 total
- age   2:      68200 bytes,     304672 total
- age   3:      95496 bytes,     400168 total
- age   4:     225528 bytes,     625696 total
: 16600K->613K(18624K), 0.0018138 secs] 56953K->41018K(83392K), 0.0019294 secs] [Times: user=0.00 sys=0.00, real=0.00 secs] 
43.829: [GC 43.829: [ParNew
Desired survivor size 1343488 bytes, new threshold 4 (max 4)
- age   1:      94448 bytes,      94448 total
- age   2:     201864 bytes,     296312 total
- age   3:      68200 bytes,     364512 total
- age   4:      95456 bytes,     459968 total
: 16611K->458K(18624K), 0.0015097 secs] 57016K->41084K(83392K), 0.0016075 secs] [Times: user=0.00 sys=0.00, real=0.00 secs] 
43.844: [GC 43.844: [ParNew
Desired survivor size 1343488 bytes, new threshold 4 (max 4)
- age   1:     422208 bytes,     422208 total
- age   2:      34552 bytes,     456760 total
- age   3:     201864 bytes,     658624 total
- age   4:      68200 bytes,     726824 total
: 16409K->717K(18624K), 0.0022729 secs] 57035K->41435K(83392K), 0.0025064 secs] [Times: user=0.00 sys=0.00, real=0.00 secs] 
43.861: [GC 43.861: [ParNew
Desired survivor size 1343488 bytes, new threshold 4 (max 4)
- age   1:     655800 bytes,     655800 total
- age   2:     218400 bytes,     874200 total
- age   3:      34552 bytes,     908752 total
- age   4:     201864 bytes,    1110616 total
: 16698K->1091K(18624K), 0.0017537 secs] 57416K->41876K(83392K), 0.0018672 secs] [Times: user=0.01 sys=0.00, real=0.01 secs] 
43.875: [GC 43.875: [ParNew
Desired survivor size 1343488 bytes, new threshold 4 (max 4)
- age   1:     337080 bytes,     337080 total
- age   2:     364512 bytes,     701592 total
- age   3:     218400 bytes,     919992 total
- age   4:      34552 bytes,     954544 total
: 17091K->959K(18624K), 0.0018420 secs] 57876K->41933K(83392K), 0.0019187 secs] [Times: user=0.00 sys=0.01, real=0.00 secs] 
43.892: [GC 43.892: [ParNew
Desired survivor size 1343488 bytes, new threshold 4 (max 4)
- age   1:      99992 bytes,      99992 total
- age   2:      32928 bytes,     132920 total
- age   3:     362776 bytes,     495696 total
- age   4:     218400 bytes,     714096 total
: 16958K->710K(18624K), 0.0013742 secs] 57932K->41718K(83392K), 0.0014803 secs] [Times: user=0.00 sys=0.00, real=0.00 secs] 
43.907: [GC 43.907: [ParNew
Desired survivor size 1343488 bytes, new threshold 4 (max 4)
- age   1:     369472 bytes,     369472 total
- age   2:       2464 bytes,     371936 total
- age   3:      32928 bytes,     404864 total
- age   4:     362776 bytes,     767640 total
: 16658K->753K(18624K), 0.0017173 secs] 57666K->41974K(83392K), 0.0018095 secs] [Times: user=0.00 sys=0.00, real=0.00 secs] 
43.920: [GC 43.920: [ParNew
Desired survivor size 1343488 bytes, new threshold 4 (max 4)
- age   1:     557616 bytes,     557616 total
- age   2:     231984 bytes,     789600 total
- age   3:       2464 bytes,     792064 total
- age   4:      32928 bytes,     824992 total
: 16747K->814K(18624K), 0.0023876 secs] 57968K->42389K(83392K), 0.0025042 secs] [Times: user=0.00 sys=0.00, real=0.01 secs] 
43.935: [GC 43.935: [ParNew
Desired survivor size 1343488 bytes, new threshold 4 (max 4)
- age   1:      76576 bytes,      76576 total
- age   2:     429112 bytes,     505688 total
- age   3:     231984 bytes,     737672 total
- age   4:       2464 bytes,     740136 total
: 16805K->734K(18624K), 0.0025089 secs] 58381K->42341K(83392K), 0.0026896 secs] [Times: user=0.00 sys=0.00, real=0.00 secs] 
43.949: [GC 43.949: [ParNew
Desired survivor size 1343488 bytes, new threshold 4 (max 4)
- age   1:     535040 bytes,     535040 total
- age   3:     429112 bytes,     964152 total
- age   4:     231984 bytes,    1196136 total
: 16718K->1183K(18624K), 0.0019346 secs] 58326K->42793K(83392K), 0.0020557 secs] [Times: user=0.00 sys=0.00, real=0.00 secs] 
43.962: [GC 43.962: [ParNew
Desired survivor size 1343488 bytes, new threshold 4 (max 4)
- age   1:     224464 bytes,     224464 total
- age   2:     434352 bytes,     658816 total
- age   4:     299952 bytes,     958768 total
: 17183K->957K(18624K), 0.0018529 secs] 58793K->42794K(83392K), 0.0019517 secs] [Times: user=0.01 sys=0.00, real=0.01 secs] 
43.975: [GC 43.975: [ParNew
Desired survivor size 1343488 bytes, new threshold 4 (max 4)
- age   1:     831696 bytes,     831696 total
- age   2:     211376 bytes,    1043072 total
- age   3:     281600 bytes,    1324672 total
: 16901K->1299K(18624K), 0.0022015 secs] 58738K->43429K(83392K), 0.0022942 secs] [Times: user=0.00 sys=0.00, real=0.00 secs] 
43.989: [GC 43.989: [ParNew
Desired survivor size 1343488 bytes, new threshold 2 (max 4)
- age   1:     645056 bytes,     645056 total
- age   2:     726184 bytes,    1371240 total
- age   3:     211376 bytes,    1582616 total
- age   4:     281600 bytes,    1864216 total
: 17270K->1823K(18624K), 0.0020906 secs] 59399K->43953K(83392K), 0.0021913 secs] [Times: user=0.00 sys=0.00, real=0.00 secs] 
44.003: [GC 44.003: [ParNew
Desired survivor size 1343488 bytes, new threshold 4 (max 4)
- age   1:     427176 bytes,     427176 total
- age   2:     430992 bytes,     858168 total
: 17771K->841K(18624K), 0.0023820 secs] 59900K->44161K(83392K), 0.0024861 secs] [Times: user=0.01 sys=0.00, real=0.00 secs] 
44.018: [GC 44.018: [ParNew
Desired survivor size 1343488 bytes, new threshold 3 (max 4)
- age   1:     663480 bytes,     663480 total
- age   2:     357176 bytes,    1020656 total
- age   3:     399320 bytes,    1419976 total
: 16834K->1390K(18624K), 0.0017863 secs] 60154K->44710K(83392K), 0.0018756 secs] [Times: user=0.00 sys=0.01, real=0.00 secs] 
44.032: [GC 44.032: [ParNew
Desired survivor size 1343488 bytes, new threshold 3 (max 4)
- age   1:     750392 bytes,     750392 total
- age   2:     587472 bytes,    1337864 total
- age   3:     357176 bytes,    1695040 total
: 17368K->1658K(18624K), 0.0024216 secs] 60688K->45368K(83392K), 0.0025164 secs] [Times: user=0.00 sys=0.00, real=0.00 secs] 
44.047: [GC 44.047: [ParNew
Desired survivor size 1343488 bytes, new threshold 2 (max 4)
- age   1:    1083312 bytes,    1083312 total
- age   2:     670512 bytes,    1753824 total
- age   3:     587472 bytes,    2341296 total
: 17626K->2289K(18624K), 0.0026871 secs] 61336K->46348K(83392K), 0.0027869 secs] [Times: user=0.01 sys=0.00, real=0.00 secs] 
44.061: [GC 44.061: [ParNew
Desired survivor size 1343488 bytes, new threshold 2 (max 4)
- age   1:     529720 bytes,     529720 total
- age   2:     938096 bytes,    1467816 total
: 18284K->1437K(18624K), 0.0029519 secs] 62343K->46586K(83392K), 0.0030587 secs] [Times: user=0.00 sys=0.00, real=0.01 secs] 
44.076: [GC [1 CMS-initial-mark: 45149K(64768K)] 60446K(83392K), 0.0009316 secs] [Times: user=0.00 sys=0.00, real=0.00 secs] 
44.077: [CMS-concurrent-mark-start]
44.078: [GC 44.078: [ParNew
Desired survivor size 1343488 bytes, new threshold 1 (max 4)
- age   1:    1582480 bytes,    1582480 total
- age   2:     311376 bytes,    1893856 total
: 17386K->1853K(18624K), 0.0030882 secs] 62535K->47837K(83392K), 0.0031773 secs] [Times: user=0.01 sys=0.00, real=0.00 secs] 
44.100: [GC 44.100: [ParNew
Desired survivor size 1343488 bytes, new threshold 4 (max 4)
- age   1:     348048 bytes,     348048 total
: 17844K->342K(18624K), 0.0024201 secs] 63829K->48055K(83392K), 0.0025079 secs] [Times: user=0.00 sys=0.00, real=0.01 secs] 
44.117: [GC 44.117: [ParNew
Desired survivor size 1343488 bytes, new threshold 4 (max 4)
- age   1:     341536 bytes,     341536 total
- age   2:     195880 bytes,     537416 total
: 16333K->525K(18624K), 0.0017909 secs] 64045K->48237K(83392K), 0.0018641 secs] [Times: user=0.00 sys=0.00, real=0.00 secs] 
44.131: [GC 44.131: [ParNew
Desired survivor size 1343488 bytes, new threshold 4 (max 4)
- age   1:     180056 bytes,     180056 total
- age   2:     143744 bytes,     323800 total
- age   3:     195880 bytes,     519680 total
: 16492K->510K(18624K), 0.0015876 secs] 64204K->48222K(83392K), 0.0016804 secs] [Times: user=0.01 sys=0.00, real=0.01 secs] 
44.148: [GC 44.148: [ParNew
Desired survivor size 1343488 bytes, new threshold 4 (max 4)
- age   1:     317592 bytes,     317592 total
- age   2:      98808 bytes,     416400 total
- age   3:     143744 bytes,     560144 total
- age   4:     195880 bytes,     756024 total
: 16489K->740K(18624K), 0.0013465 secs] 64201K->48453K(83392K), 0.0014357 secs] [Times: user=0.00 sys=0.00, real=0.00 secs] 
44.162: [GC 44.163: [ParNew
Desired survivor size 1343488 bytes, new threshold 4 (max 4)
- age   1:     469912 bytes,     469912 total
- age   2:     236440 bytes,     706352 total
- age   3:      98776 bytes,     805128 total
- age   4:      69968 bytes,     875096 total
: 16715K->855K(18624K), 0.0022481 secs] 64427K->48738K(83392K), 0.0023366 secs] [Times: user=0.01 sys=0.00, real=0.00 secs] 
44.167: [CMS-concurrent-mark: 0.072/0.090 secs] [Times: user=0.14 sys=0.00, real=0.09 secs] 
44.167: [CMS-concurrent-preclean-start]
44.168: [CMS-concurrent-preclean: 0.000/0.000 secs] [Times: user=0.00 sys=0.00, real=0.00 secs] 
44.168: [CMS-concurrent-abortable-preclean-start]
44.178: [GC 44.178: [ParNew
Desired survivor size 1343488 bytes, new threshold 4 (max 4)
- age   1:     154296 bytes,     154296 total
- age   2:     428448 bytes,     582744 total
- age   3:     236440 bytes,     819184 total
- age   4:      98776 bytes,     917960 total
: 16850K->899K(18624K), 0.0018605 secs] 64733K->48851K(83392K), 0.0019466 secs] [Times: user=0.00 sys=0.01, real=0.00 secs] 
44.191: [GC 44.191: [ParNew
Desired survivor size 1343488 bytes, new threshold 4 (max 4)
- age   1:     197184 bytes,     197184 total
- age   2:      71464 bytes,     268648 total
- age   3:     428448 bytes,     697096 total
- age   4:     236440 bytes,     933536 total
: 16879K->914K(18624K), 0.0019560 secs] 64831K->48963K(83392K), 0.0020505 secs] [Times: user=0.00 sys=0.00, real=0.01 secs] 
44.206: [GC 44.206: [ParNew
Desired survivor size 1343488 bytes, new threshold 4 (max 4)
- age   1:     719072 bytes,     719072 total
- age   2:     197096 bytes,     916168 total
- age   3:      71464 bytes,     987632 total
- age   4:     428448 bytes,    1416080 total
: 16909K->1386K(18624K), 0.0020236 secs] 64957K->49434K(83392K), 0.0021197 secs] [Times: user=0.01 sys=0.00, real=0.00 secs] 
44.219: [GC 44.219: [ParNew
Desired survivor size 1343488 bytes, new threshold 4 (max 4)
- age   1:     167360 bytes,     167360 total
- age   2:     561680 bytes,     729040 total
- age   3:     197096 bytes,     926136 total
- age   4:      71464 bytes,     997600 total
: 17338K->977K(18624K), 0.0022174 secs] 65386K->49202K(83392K), 0.0023160 secs] [Times: user=0.00 sys=0.00, real=0.00 secs] 
44.234: [GC 44.234: [ParNew
Desired survivor size 1343488 bytes, new threshold 4 (max 4)
- age   1:     763464 bytes,     763464 total
- age   3:     476976 bytes,    1240440 total
- age   4:     197096 bytes,    1437536 total
: 16919K->1406K(18624K), 0.0024659 secs] 65144K->49701K(83392K), 0.0025872 secs] [Times: user=0.00 sys=0.00, real=0.00 secs] 
44.250: [GC 44.251: [ParNew
Desired survivor size 1343488 bytes, new threshold 4 (max 4)
- age   1:     314528 bytes,     314528 total
- age   2:     594536 bytes,     909064 total
- age   4:      94368 bytes,    1003432 total
: 17406K->981K(18624K), 0.0015928 secs] 65701K->49468K(83392K), 0.0016750 secs] [Times: user=0.01 sys=0.00, real=0.01 secs] 
44.265: [GC 44.265: [ParNew
Desired survivor size 1343488 bytes, new threshold 4 (max 4)
- age   1:     526696 bytes,     526696 total
- age   2:     142776 bytes,     669472 total
- age   3:     594504 bytes,    1263976 total
: 16977K->1238K(18624K), 0.0021877 secs] 65464K->49817K(83392K), 0.0023425 secs] [Times: user=0.00 sys=0.00, real=0.00 secs] 
44.282: [GC 44.283: [ParNew
Desired survivor size 1343488 bytes, new threshold 4 (max 4)
- age   1:     447128 bytes,     447128 total
- age   2:     168320 bytes,     615448 total
- age   3:     142696 bytes,     758144 total
- age   4:     167920 bytes,     926064 total
: 17218K->912K(18624K), 0.0016580 secs] 65797K->49491K(83392K), 0.0017761 secs] [Times: user=0.00 sys=0.00, real=0.00 secs] 
44.297: [GC 44.297: [ParNew
Desired survivor size 1343488 bytes, new threshold 4 (max 4)
- age   1:     459984 bytes,     459984 total
- age   2:     224008 bytes,     683992 total
- age   3:     168320 bytes,     852312 total
- age   4:       5520 bytes,     857832 total
: 16908K->843K(18624K), 0.0015995 secs] 65487K->49504K(83392K), 0.0017095 secs] [Times: user=0.00 sys=0.00, real=0.00 secs] 
44.312: [GC 44.312: [ParNew
Desired survivor size 1343488 bytes, new threshold 4 (max 4)
- age   1:     266440 bytes,     266440 total
- age   2:     361248 bytes,     627688 total
- age   3:     223304 bytes,     850992 total
- age   4:     168320 bytes,    1019312 total
: 16816K->1000K(18624K), 0.0018593 secs] 65477K->49665K(83392K), 0.0019685 secs] [Times: user=0.01 sys=0.00, real=0.01 secs] 
44.327: [GC 44.327: [ParNew
Desired survivor size 1343488 bytes, new threshold 4 (max 4)
- age   1:     391104 bytes,     391104 total
- age   2:     222328 bytes,     613432 total
- age   3:     361248 bytes,     974680 total
- age   4:     168104 bytes,    1142784 total
: 16969K->1124K(18624K), 0.0020878 secs] 65635K->49954K(83392K), 0.0021703 secs] [Times: user=0.00 sys=0.00, real=0.00 secs] 
44.341: [GC 44.341: [ParNew
Desired survivor size 1343488 bytes, new threshold 4 (max 4)
- age   1:     296488 bytes,     296488 total
- age   2:     224728 bytes,     521216 total
- age   3:     221896 bytes,     743112 total
- age   4:     361248 bytes,    1104360 total
: 17124K->1080K(18624K), 0.0028524 secs] 65954K->50074K(83392K), 0.0029630 secs] [Times: user=0.00 sys=0.00, real=0.01 secs] 
44.355: [GC 44.355: [ParNew
Desired survivor size 1343488 bytes, new threshold 4 (max 4)
- age   1:     813048 bytes,     813048 total
- age   2:     296488 bytes,    1109536 total
- age   3:     224728 bytes,    1334264 total
- age   4:     221896 bytes,    1556160 total
: 17064K->1523K(18624K), 0.0023506 secs] 66059K->50785K(83392K), 0.0024676 secs] [Times: user=0.01 sys=0.00, real=0.00 secs] 
44.370: [GC 44.370: [ParNew
Desired survivor size 1343488 bytes, new threshold 4 (max 4)
- age   1:     250368 bytes,     250368 total
- age   2:     728928 bytes,     979296 total
- age   3:     181960 bytes,    1161256 total
- age   4:     224728 bytes,    1385984 total
: 17504K->1357K(18624K), 0.0022208 secs] 66766K->50836K(83392K), 0.0023332 secs] [Times: user=0.00 sys=0.00, real=0.01 secs] 
44.386: [GC 44.386: [ParNew
Desired survivor size 1343488 bytes, new threshold 3 (max 4)
- age   1:     677272 bytes,     677272 total
- age   2:      46320 bytes,     723592 total
- age   3:     646264 bytes,    1369856 total
- age   4:     181960 bytes,    1551816 total
: 17345K->1517K(18624K), 0.0043602 secs] 66825K->51141K(83392K), 0.0044658 secs] [Times: user=0.01 sys=0.00, real=0.00 secs] 
44.401: [GC 44.401: [ParNew
Desired survivor size 1343488 bytes, new threshold 4 (max 4)
- age   1:     321568 bytes,     321568 total
- age   2:     642040 bytes,     963608 total
- age   3:      46288 bytes,    1009896 total
: 17494K->991K(18624K), 0.0023225 secs] 67118K->51229K(83392K), 0.0024266 secs] [Times: user=0.01 sys=0.00, real=0.01 secs] 
44.415: [GC 44.415: [ParNew
Desired survivor size 1343488 bytes, new threshold 3 (max 4)
- age   1:     599712 bytes,     599712 total
- age   2:     279232 bytes,     878944 total
- age   3:     642040 bytes,    1520984 total
- age   4:      46288 bytes,    1567272 total
: 16968K->1532K(18624K), 0.0024326 secs] 67206K->51770K(83392K), 0.0025911 secs] [Times: user=0.00 sys=0.00, real=0.00 secs] 
44.435: [GC 44.435: [ParNew
Desired survivor size 1343488 bytes, new threshold 4 (max 4)
- age   1:     382280 bytes,     382280 total
- age   2:     560760 bytes,     943040 total
- age   3:     279232 bytes,    1222272 total
: 17502K->1195K(18624K), 0.0031188 secs] 67740K->52105K(83392K), 0.0032104 secs] [Times: user=0.01 sys=0.00, real=0.00 secs] 
44.449: [GC 44.449: [ParNew
Desired survivor size 1343488 bytes, new threshold 2 (max 4)
- age   1:    1131440 bytes,    1131440 total
- age   2:     326632 bytes,    1458072 total
- age   3:     560760 bytes,    2018832 total
- age   4:     279232 bytes,    2298064 total
: 17184K->2249K(18624K), 0.0027964 secs] 68094K->53159K(83392K), 0.0029381 secs] [Times: user=0.00 sys=0.00, real=0.01 secs] 
44.463: [GC 44.463: [ParNew
Desired survivor size 1343488 bytes, new threshold 2 (max 4)
- age   1:     301264 bytes,     301264 total
- age   2:    1073584 bytes,    1374848 total
: 18230K->1352K(18624K), 0.0029454 secs] 69140K->53298K(83392K), 0.0030738 secs] [Times: user=0.01 sys=0.00, real=0.00 secs] 
44.477: [GC 44.478: [ParNew
Desired survivor size 1343488 bytes, new threshold 4 (max 4)
- age   1:     372232 bytes,     372232 total
- age   2:     243944 bytes,     616176 total
: 17347K->603K(18624K), 0.0025221 secs] 69292K->53597K(83392K), 0.0026529 secs] [Times: user=0.00 sys=0.00, real=0.00 secs] 
44.494: [GC 44.494: [ParNew
Desired survivor size 1343488 bytes, new threshold 4 (max 4)
- age   1:     726832 bytes,     726832 total
- age   2:     372232 bytes,    1099064 total
- age   3:     243944 bytes,    1343008 total
: 16576K->1315K(18624K), 0.0019532 secs] 69570K->54309K(83392K), 0.0020642 secs] [Times: user=0.00 sys=0.01, real=0.00 secs] 
44.509: [GC 44.509: [ParNew
Desired survivor size 1343488 bytes, new threshold 4 (max 4)
- age   1:     253896 bytes,     253896 total
- age   2:     556264 bytes,     810160 total
- age   3:     244064 bytes,    1054224 total
- age   4:     243944 bytes,    1298168 total
: 17315K->1269K(18624K), 0.0023249 secs] 70309K->54264K(83392K), 0.0024110 secs] [Times: user=0.01 sys=0.00, real=0.00 secs] 
44.527: [GC 44.527: [ParNew
Desired survivor size 1343488 bytes, new threshold 4 (max 4)
- age   1:     310256 bytes,     310256 total
- age   2:       3376 bytes,     313632 total
- age   3:     556224 bytes,     869856 total
- age   4:     244064 bytes,    1113920 total
: 17227K->1088K(18624K), 0.0020653 secs] 70221K->54268K(83392K), 0.0021699 secs] [Times: user=0.01 sys=0.00, real=0.00 secs] 
44.543: [GC 44.543: [ParNew
Desired survivor size 1343488 bytes, new threshold 4 (max 4)
- age   1:     299648 bytes,     299648 total
- age   2:     143192 bytes,     442840 total
- age   3:       3376 bytes,     446216 total
- age   4:     556224 bytes,    1002440 total
: 17088K->980K(18624K), 0.0026890 secs] 70268K->54398K(83392K), 0.0027787 secs] [Times: user=0.00 sys=0.00, real=0.00 secs] 
44.562: [GC 44.562: [ParNew
Desired survivor size 1343488 bytes, new threshold 4 (max 4)
- age   1:      59936 bytes,      59936 total
- age   2:     299648 bytes,     359584 total
- age   3:     142432 bytes,     502016 total
- age   4:       1816 bytes,     503832 total
: 16980K->493K(18624K), 0.0017189 secs] 70398K->54454K(83392K), 0.0018204 secs] [Times: user=0.00 sys=0.00, real=0.01 secs] 
44.576: [GC 44.576: [ParNew
Desired survivor size 1343488 bytes, new threshold 4 (max 4)
- age   1:     546768 bytes,     546768 total
- age   2:      59976 bytes,     606744 total
- age   3:     133720 bytes,     740464 total
- age   4:      58408 bytes,     798872 total
: 16471K->786K(18624K), 0.0014402 secs] 70432K->54748K(83392K), 0.0015422 secs] [Times: user=0.00 sys=0.00, real=0.00 secs] 
44.593: [GC 44.593: [ParNew
Desired survivor size 1343488 bytes, new threshold 4 (max 4)
- age   1:     102360 bytes,     102360 total
- age   2:       7296 bytes,     109656 total
- age   3:      59896 bytes,     169552 total
- age   4:     133720 bytes,     303272 total
: 16747K->310K(18624K), 0.0013814 secs] 70710K->54330K(83392K), 0.0015014 secs] [Times: user=0.00 sys=0.00, real=0.00 secs] 
44.609: [GC 44.609: [ParNew
Desired survivor size 1343488 bytes, new threshold 4 (max 4)
- age   1:     458664 bytes,     458664 total
- age   2:       4800 bytes,     463464 total
- age   3:       7296 bytes,     470760 total
- age   4:      59896 bytes,     530656 total
: 16282K->522K(18624K), 0.0019683 secs] 70302K->54672K(83392K), 0.0020447 secs] [Times: user=0.01 sys=0.00, real=0.00 secs] 
44.622: [GC 44.622: [ParNew
Desired survivor size 1343488 bytes, new threshold 4 (max 4)
- age   1:     398032 bytes,     398032 total
- age   2:     255400 bytes,     653432 total
- age   3:       4800 bytes,     658232 total
- age   4:       7296 bytes,     665528 total
: 16512K->685K(18624K), 0.0017171 secs] 70662K->54894K(83392K), 0.0018203 secs] [Times: user=0.01 sys=0.00, real=0.00 secs] 
44.636: [GC 44.637: [ParNew
Desired survivor size 1343488 bytes, new threshold 4 (max 4)
- age   1:     775816 bytes,     775816 total
- age   2:     330816 bytes,    1106632 total
- age   3:      30680 bytes,    1137312 total
- age   4:       4800 bytes,    1142112 total
: 16674K->1121K(18624K), 0.0018568 secs] 70883K->55337K(83392K), 0.0019416 secs] [Times: user=0.00 sys=0.00, real=0.00 secs] 
44.651: [GC 44.651: [ParNew
Desired survivor size 1343488 bytes, new threshold 4 (max 4)
- age   1:     251120 bytes,     251120 total
- age   2:     747592 bytes,     998712 total
- age   3:     330816 bytes,    1329528 total
- age   4:      30680 bytes,    1360208 total
: 17121K->1332K(18624K), 0.0029299 secs] 71337K->55553K(83392K), 0.0030396 secs] [Times: user=0.01 sys=0.00, real=0.01 secs] 
44.668: [GC 44.668: [ParNew
Desired survivor size 1343488 bytes, new threshold 3 (max 4)
- age   1:     574504 bytes,     574504 total
- age   2:     189616 bytes,     764120 total
- age   3:     747592 bytes,    1511712 total
- age   4:     330816 bytes,    1842528 total
: 17332K->1809K(18624K), 0.0020934 secs] 71553K->56059K(83392K), 0.0022084 secs] [Times: user=0.00 sys=0.00, real=0.00 secs] 
44.683: [GC 44.683: [ParNew
Desired survivor size 1343488 bytes, new threshold 4 (max 4)
- age   1:     484472 bytes,     484472 total
- age   2:     331144 bytes,     815616 total
- age   3:     187912 bytes,    1003528 total
: 17808K->986K(18624K), 0.0027361 secs] 72059K->56290K(83392K), 0.0028381 secs] [Times: user=0.00 sys=0.00, real=0.00 secs] 
44.699: [GC 44.699: [ParNew
Desired survivor size 1343488 bytes, new threshold 4 (max 4)
- age   1:     317664 bytes,     317664 total
- age   2:     350024 bytes,     667688 total
- age   3:     196768 bytes,     864456 total
- age   4:     187912 bytes,    1052368 total
: 16927K->1037K(18624K), 0.0016502 secs] 72230K->56341K(83392K), 0.0017640 secs] [Times: user=0.01 sys=0.00, real=0.00 secs] 
44.714: [GC 44.714: [ParNew
Desired survivor size 1343488 bytes, new threshold 4 (max 4)
- age   1:     365872 bytes,     365872 total
- age   2:     187816 bytes,     553688 total
- age   3:     350024 bytes,     903712 total
- age   4:     196768 bytes,    1100480 total
: 17028K->1079K(18624K), 0.0018660 secs] 72332K->56389K(83392K), 0.0019705 secs] [Times: user=0.01 sys=0.00, real=0.00 secs] 
44.729: [GC 44.729: [ParNew
Desired survivor size 1343488 bytes, new threshold 4 (max 4)
- age   1:     564504 bytes,     564504 total
- age   2:     206264 bytes,     770768 total
- age   3:     187816 bytes,     958584 total
- age   4:     350024 bytes,    1308608 total
: 17067K->1279K(18624K), 0.0023702 secs] 72378K->56782K(83392K), 0.0024870 secs] [Times: user=0.00 sys=0.00, real=0.00 secs] 
44.744: [GC 44.744: [ParNew
Desired survivor size 1343488 bytes, new threshold 4 (max 4)
- age   1:     379648 bytes,     379648 total
- age   2:     434360 bytes,     814008 total
- age   3:     206264 bytes,    1020272 total
- age   4:     187816 bytes,    1208088 total
: 17257K->1183K(18624K), 0.0022220 secs] 72759K->57027K(83392K), 0.0023131 secs] [Times: user=0.00 sys=0.00, real=0.00 secs] 
44.759: [GC 44.759: [ParNew
Desired survivor size 1343488 bytes, new threshold 4 (max 4)
- age   1:     179336 bytes,     179336 total
- age   2:     273520 bytes,     452856 total
- age   3:     434360 bytes,     887216 total
- age   4:     206264 bytes,    1093480 total
: 17178K->1070K(18624K), 0.0018762 secs] 73022K->57098K(83392K), 0.0019740 secs] [Times: user=0.01 sys=0.00, real=0.00 secs] 
44.776: [GC 44.776: [ParNew
Desired survivor size 1343488 bytes, new threshold 4 (max 4)
- age   1:     194880 bytes,     194880 total
- age   2:      90288 bytes,     285168 total
- age   3:     272688 bytes,     557856 total
- age   4:     434360 bytes,     992216 total
: 17028K->969K(18624K), 0.0024933 secs] 73056K->57198K(83392K), 0.0026157 secs] [Times: user=0.00 sys=0.00, real=0.00 secs] 
44.793: [GC 44.794: [ParNew
Desired survivor size 1343488 bytes, new threshold 4 (max 4)
- age   1:     241800 bytes,     241800 total
- age   2:      94376 bytes,     336176 total
- age   3:      90288 bytes,     426464 total
- age   4:     215008 bytes,     641472 total
: 16969K->630K(18624K), 0.0014845 secs] 73198K->56998K(83392K), 0.0015842 secs] [Times: user=0.01 sys=0.00, real=0.00 secs] 
44.806: [GC 44.806: [ParNew
Desired survivor size 1343488 bytes, new threshold 4 (max 4)
- age   1:     360960 bytes,     360960 total
- age   2:     241800 bytes,     602760 total
- age   3:      94312 bytes,     697072 total
- age   4:      90288 bytes,     787360 total
: 16602K->780K(18624K), 0.0016386 secs] 72970K->57204K(83392K), 0.0017330 secs] [Times: user=0.00 sys=0.00, real=0.00 secs] 
44.819: [GC 44.819: [ParNew
Desired survivor size 1343488 bytes, new threshold 4 (max 4)
- age   1:     535896 bytes,     535896 total
- age   2:     360880 bytes,     896776 total
- age   3:     130592 bytes,    1027368 total
- age   4:       4568 bytes,    1031936 total
: 16770K->1012K(18624K), 0.0019437 secs] 73194K->57525K(83392K), 0.0020553 secs] [Times: user=0.00 sys=0.00, real=0.00 secs] 
44.833: [GC 44.833: [ParNew
Desired survivor size 1343488 bytes, new threshold 4 (max 4)
- age   1:     267952 bytes,     267952 total
- age   2:     264920 bytes,     532872 total
- age   3:     360880 bytes,     893752 total
- age   4:     130592 bytes,    1024344 total
: 17002K->1009K(18624K), 0.0029872 secs] 73514K->57526K(83392K), 0.0030856 secs] [Times: user=0.01 sys=0.00, real=0.00 secs] 
44.847: [GC 44.847: [ParNew
Desired survivor size 1343488 bytes, new threshold 4 (max 4)
- age   1:     209024 bytes,     209024 total
- age   2:     159176 bytes,     368200 total
- age   3:     264920 bytes,     633120 total
- age   4:     360880 bytes,     994000 total
: 16993K->974K(18624K), 0.0020563 secs] 73509K->57618K(83392K), 0.0021510 secs] [Times: user=0.00 sys=0.00, real=0.00 secs] 
44.861: [GC 44.861: [ParNew
Desired survivor size 1343488 bytes, new threshold 4 (max 4)
- age   1:     661672 bytes,     661672 total
- age   2:       9496 bytes,     671168 total
- age   3:     159176 bytes,     830344 total
- age   4:     264920 bytes,    1095264 total
: 16963K->1073K(18624K), 0.0020421 secs] 73607K->58070K(83392K), 0.0021433 secs] [Times: user=0.00 sys=0.00, real=0.01 secs] 
44.875: [GC 44.876: [ParNew
Desired survivor size 1343488 bytes, new threshold 4 (max 4)
- age   1:      96536 bytes,      96536 total
- age   2:     456688 bytes,     553224 total
- age   3:       9496 bytes,     562720 total
- age   4:     159176 bytes,     721896 total
: 17055K->709K(18624K), 0.0015011 secs] 74052K->57965K(83392K), 0.0016082 secs] [Times: user=0.01 sys=0.00, real=0.00 secs] 
44.890: [GC 44.890: [ParNew
Desired survivor size 1343488 bytes, new threshold 4 (max 4)
- age   1:     339784 bytes,     339784 total
- age   2:      62816 bytes,     402600 total
- age   3:     397296 bytes,     799896 total
- age   4:       9496 bytes,     809392 total
: 16635K->797K(18624K), 0.0018790 secs] 73890K->58208K(83392K), 0.0019752 secs] [Times: user=0.00 sys=0.00, real=0.00 secs] 
44.903: [GC 44.903: [ParNew
Desired survivor size 1343488 bytes, new threshold 4 (max 4)
- age   1:     305312 bytes,     305312 total
- age   2:     179192 bytes,     484504 total
- age   3:      62816 bytes,     547320 total
- age   4:     397296 bytes,     944616 total
: 16794K->932K(18624K), 0.0017104 secs] 74205K->58352K(83392K), 0.0019714 secs] [Times: user=0.00 sys=0.00, real=0.00 secs] 
44.918: [GC 44.918: [ParNew
Desired survivor size 1343488 bytes, new threshold 4 (max 4)
- age   1:     863016 bytes,     863016 total
- age   2:     141736 bytes,    1004752 total
- age   3:     134248 bytes,    1139000 total
- age   4:      62816 bytes,    1201816 total
: 16891K->1177K(18624K), 0.0019654 secs] 74311K->58985K(83392K), 0.0021246 secs] [Times: user=0.01 sys=0.00, real=0.00 secs] 
44.931: [GC 44.932: [ParNew
Desired survivor size 1343488 bytes, new threshold 4 (max 4)
- age   1:     263648 bytes,     263648 total
- age   2:     705168 bytes,     968816 total
- age   3:     141736 bytes,    1110552 total
- age   4:      74064 bytes,    1184616 total
: 17169K->1161K(18624K), 0.0018581 secs] 74977K->59031K(83392K), 0.0019568 secs] [Times: user=0.00 sys=0.00, real=0.01 secs] 
44.946: [GC 44.946: [ParNew
Desired survivor size 1343488 bytes, new threshold 4 (max 4)
- age   1:     543936 bytes,     543936 total
- age   2:      57728 bytes,     601664 total
- age   3:     705168 bytes,    1306832 total
- age   4:     141736 bytes,    1448568 total
: 17140K->1421K(18624K), 0.0022481 secs] 75009K->59363K(83392K), 0.0023509 secs] [Times: user=0.00 sys=0.00, real=0.00 secs] 
44.959: [GC 44.960: [ParNew
Desired survivor size 1343488 bytes, new threshold 4 (max 4)
- age   1:     110528 bytes,     110528 total
- age   2:     347656 bytes,     458184 total
- age   3:      57728 bytes,     515912 total
- age   4:     705168 bytes,    1221080 total
: 17415K->1196K(18624K), 0.0020123 secs] 75357K->59277K(83392K), 0.0021089 secs] [Times: user=0.00 sys=0.00, real=0.00 secs] 
44.973: [GC 44.973: [ParNew
Desired survivor size 1343488 bytes, new threshold 4 (max 4)
- age   1:     144800 bytes,     144800 total
- age   2:      69080 bytes,     213880 total
- age   3:     347656 bytes,     561536 total
- age   4:      57728 bytes,     619264 total
: 17164K->608K(18624K), 0.0024961 secs] 75244K->59377K(83392K), 0.0027559 secs] [Times: user=0.01 sys=0.00, real=0.00 secs] 
44.987: [GC 44.987: [ParNew
Desired survivor size 1343488 bytes, new threshold 4 (max 4)
- age   1:     200096 bytes,     200096 total
- age   2:     114768 bytes,     314864 total
- age   3:      69080 bytes,     383944 total
- age   4:     347656 bytes,     731600 total
: 16600K->715K(18624K), 0.0019544 secs] 75369K->59541K(83392K), 0.0020637 secs] [Times: user=0.00 sys=0.00, real=0.00 secs] 
45.000: [GC 45.000: [ParNew
Desired survivor size 1343488 bytes, new threshold 4 (max 4)
- age   1:     590544 bytes,     590544 total
- age   2:      79592 bytes,     670136 total
- age   3:     114768 bytes,     784904 total
- age   4:      69080 bytes,     853984 total
: 16683K->837K(18624K), 0.0019435 secs] 75509K->60002K(83392K), 0.0020381 secs] [Times: user=0.00 sys=0.00, real=0.00 secs] 
45.013: [GC 45.013: [ParNew
Desired survivor size 1343488 bytes, new threshold 4 (max 4)
- age   1:     442712 bytes,     442712 total
- age   2:     172992 bytes,     615704 total
- age   3:      79592 bytes,     695296 total
- age   4:     114768 bytes,     810064 total
: 16819K->794K(18624K), 0.0015437 secs] 75984K->60026K(83392K), 0.0016352 secs] [Times: user=0.00 sys=0.00, real=0.00 secs] 
45.027: [GC 45.027: [ParNew
Desired survivor size 1343488 bytes, new threshold 4 (max 4)
- age   1:     376272 bytes,     376272 total
- age   2:     196032 bytes,     572304 total
- age   3:     131448 bytes,     703752 total
- age   4:      79592 bytes,     783344 total
: 16739K->768K(18624K), 0.0014374 secs] 75972K->60112K(83392K), 0.0015378 secs] [Times: user=0.01 sys=0.00, real=0.00 secs] 
45.041: [GC 45.041: [ParNew
Desired survivor size 1343488 bytes, new threshold 4 (max 4)
- age   1:     405488 bytes,     405488 total
- age   2:     247032 bytes,     652520 total
- age   3:     196032 bytes,     848552 total
- age   4:     131448 bytes,     980000 total
: 16741K->960K(18624K), 0.0015195 secs] 76085K->60382K(83392K), 0.0016528 secs] [Times: user=0.00 sys=0.00, real=0.01 secs] 
45.055: [GC 45.055: [ParNew
Desired survivor size 1343488 bytes, new threshold 3 (max 4)
- age   1:     832856 bytes,     832856 total
- age   2:     353160 bytes,    1186016 total
- age   3:     247032 bytes,    1433048 total
- age   4:     196032 bytes,    1629080 total
: 16946K->1594K(18624K), 0.0028115 secs] 76368K->61144K(83392K), 0.0029436 secs] [Times: user=0.00 sys=0.00, real=0.00 secs] 
45.074: [GC 45.074: [ParNew
Desired survivor size 1343488 bytes, new threshold 4 (max 4)
- age   1:     197056 bytes,     197056 total
- age   2:     775544 bytes,     972600 total
- age   3:     167216 bytes,    1139816 total
: 17594K->1115K(18624K), 0.0023607 secs] 77144K->61014K(83392K), 0.0024625 secs] [Times: user=0.01 sys=0.00, real=0.00 secs] 
45.090: [GC 45.090: [ParNew
Desired survivor size 1343488 bytes, new threshold 3 (max 4)
- age   1:     436448 bytes,     436448 total
- age   2:     196376 bytes,     632824 total
- age   3:     775544 bytes,    1408368 total
- age   4:     167216 bytes,    1575584 total
: 17113K->1539K(18624K), 0.0023043 secs] 77011K->61438K(83392K), 0.0023954 secs] [Times: user=0.00 sys=0.00, real=0.01 secs] 
45.104: [GC 45.104: [ParNew
Desired survivor size 1343488 bytes, new threshold 4 (max 4)
- age   1:     241272 bytes,     241272 total
- age   2:     356744 bytes,     598016 total
- age   3:     196376 bytes,     794392 total
: 17509K->782K(18624K), 0.0022964 secs] 77407K->61399K(83392K), 0.0024032 secs] [Times: user=0.00 sys=0.00, real=0.00 secs] 
45.117: [GC 45.117: [ParNew
Desired survivor size 1343488 bytes, new threshold 4 (max 4)
- age   1:     426352 bytes,     426352 total
- age   2:      75912 bytes,     502264 total
- age   3:     319784 bytes,     822048 total
- age   4:     196376 bytes,    1018424 total
: 16777K->1004K(18624K), 0.0018317 secs] 77394K->61621K(83392K), 0.0019241 secs] [Times: user=0.01 sys=0.00, real=0.00 secs] 
45.132: [GC 45.132: [ParNew
Desired survivor size 1343488 bytes, new threshold 4 (max 4)
- age   1:     515848 bytes,     515848 total
- age   2:     426352 bytes,     942200 total
- age   3:      75912 bytes,    1018112 total
- age   4:     319784 bytes,    1337896 total
: 16997K->1311K(18624K), 0.0022079 secs] 77614K->62120K(83392K), 0.0022880 secs] [Times: user=0.01 sys=0.00, real=0.01 secs] 
45.146: [GC 45.146: [ParNew
Desired survivor size 1343488 bytes, new threshold 4 (max 4)
- age   1:     386224 bytes,     386224 total
- age   2:     478800 bytes,     865024 total
- age   3:     426352 bytes,    1291376 total
- age   4:      75912 bytes,    1367288 total
: 17274K->1342K(18624K), 0.0023778 secs] 78083K->62440K(83392K), 0.0024995 secs] [Times: user=0.00 sys=0.00, real=0.00 secs] 
45.161: [GC 45.161: [ParNew
Desired survivor size 1343488 bytes, new threshold 3 (max 4)
- age   1:     791712 bytes,     791712 total
- age   2:     298816 bytes,    1090528 total
- age   3:     478800 bytes,    1569328 total
- age   4:     413600 bytes,    1982928 total
: 17332K->1939K(18624K), 0.0025667 secs] 78429K->63111K(83392K), 0.0026743 secs] [Times: user=0.00 sys=0.00, real=0.01 secs] 
45.175: [GC 45.175: [ParNew
Desired survivor size 1343488 bytes, new threshold 4 (max 4)
- age   1:     220848 bytes,     220848 total
- age   2:     768776 bytes,     989624 total
- age   3:     298816 bytes,    1288440 total
: 17937K->1261K(18624K), 0.0029346 secs] 79108K->63263K(83392K), 0.0030805 secs] [Times: user=0.01 sys=0.00, real=0.00 secs] 
45.190: [GC 45.190: [ParNew
Desired survivor size 1343488 bytes, new threshold 4 (max 4)
- age   1:     293576 bytes,     293576 total
- age   2:     127480 bytes,     421056 total
- age   3:     251464 bytes,     672520 total
- age   4:     298816 bytes,     971336 total
: 17250K->949K(18624K), 0.0019574 secs] 79253K->62952K(83392K), 0.0020699 secs] [Times: user=0.00 sys=0.00, real=0.00 secs] 
45.204: [GC 45.204: [ParNew
Desired survivor size 1343488 bytes, new threshold 4 (max 4)
- age   1:     734624 bytes,     734624 total
- age   2:     270680 bytes,    1005304 total
- age   3:     127440 bytes,    1132744 total
- age   4:     251464 bytes,    1384208 total
: 16938K->1355K(18624K), 0.0022708 secs] 78941K->63649K(83392K), 0.0026347 secs] [Times: user=0.00 sys=0.00, real=0.00 secs] 
45.220: [GC 45.220: [ParNew
Desired survivor size 1343488 bytes, new threshold 4 (max 4)
- age   1:     491032 bytes,     491032 total
- age   2:     395752 bytes,     886784 total
- age   3:     270680 bytes,    1157464 total
- age   4:     127440 bytes,    1284904 total
: 17335K->1257K(18624K), 0.0026268 secs] 79630K->63796K(83392K), 0.0027207 secs] [Times: user=0.01 sys=0.00, real=0.01 secs] 
45.236: [GC 45.236: [ParNew
Desired survivor size 1343488 bytes, new threshold 4 (max 4)
- age   1:     426936 bytes,     426936 total
- age   2:     156968 bytes,     583904 total
- age   3:     395752 bytes,     979656 total
- age   4:     270680 bytes,    1250336 total
: 17207K->1223K(18624K), 0.0025586 secs] 79747K->63887K(83392K), 0.0026648 secs] [Times: user=0.00 sys=0.00, real=0.00 secs] 
45.250: [GC 45.250: [ParNew
Desired survivor size 1343488 bytes, new threshold 4 (max 4)
- age   1:     445272 bytes,     445272 total
- age   2:     396656 bytes,     841928 total
- age   3:     156968 bytes,     998896 total
- age   4:     334008 bytes,    1332904 total
: 17211K->1303K(18624K), 0.0022643 secs] 79876K->64232K(83392K), 0.0023880 secs] [Times: user=0.01 sys=0.01, real=0.01 secs] 
45.264: [GC 45.264: [ParNew
Desired survivor size 1343488 bytes, new threshold 4 (max 4)
- age   1:     356152 bytes,     356152 total
- age   2:     315560 bytes,     671712 total
- age   3:     395456 bytes,    1067168 total
- age   4:     156968 bytes,    1224136 total
: 17288K->1198K(18624K), 0.0022548 secs] 80217K->64453K(83392K), 0.0023532 secs] [Times: user=0.00 sys=0.00, real=0.00 secs] 
45.279: [GC 45.279: [ParNew
Desired survivor size 1343488 bytes, new threshold 4 (max 4)
- age   1:     414824 bytes,     414824 total
- age   2:     276872 bytes,     691696 total
- age   3:     315560 bytes,    1007256 total
- age   4:     322824 bytes,    1330080 total
: 17176K->1302K(18624K), 0.0054887 secs] 80430K->64710K(83392K), 0.0055686 secs] [Times: user=0.00 sys=0.00, real=0.01 secs] 
45.300: [GC 45.300: [ParNew
Desired survivor size 1343488 bytes, new threshold 4 (max 4)
- age   1:     385368 bytes,     385368 total
- age   2:     330560 bytes,     715928 total
- age   3:     103728 bytes,     819656 total
- age   4:     315560 bytes,    1135216 total
: 17282K->1113K(18624K), 0.0038520 secs] 80690K->64836K(83392K), 0.0039358 secs] [Times: user=0.00 sys=0.00, real=0.01 secs] 
45.320: [GC 45.320: [ParNew
Desired survivor size 1343488 bytes, new threshold 4 (max 4)
- age   1:     716312 bytes,     716312 total
- age   2:     258784 bytes,     975096 total
- age   3:     330560 bytes,    1305656 total
- age   4:     103728 bytes,    1409384 total
: 17074K->1377K(18624K), 0.0056977 secs] 80797K->65409K(83392K), 0.0057879 secs] [Times: user=0.00 sys=0.00, real=0.01 secs] 
45.328: [CMS-concurrent-abortable-preclean: 0.044/1.161 secs] [Times: user=1.78 sys=0.08, real=1.16 secs] 
45.352: [GC 45.353: [ParNew
Desired survivor size 1343488 bytes, new threshold 4 (max 4)
- age   1:     151944 bytes,     151944 total
- age   2:     652168 bytes,     804112 total
- age   4:     330560 bytes,    1134672 total
: 17359K->1109K(18624K), 0.0036959 secs] 81391K->65241K(83392K), 0.0037775 secs] [Times: user=0.01 sys=0.00, real=0.00 secs] 
45.360: [GC[YG occupancy: 2317 K (18624 K)]45.360: [Rescan (parallel) , 0.0024645 secs]45.362: [weak refs processing, 0.0000108 secs] [1 CMS-remark: 64132K(64768K)] 66450K(83392K), 0.0025472 secs] [Times: user=0.00 sys=0.00, real=0.01 secs] 
45.365: [CMS-concurrent-sweep-start]
45.371: [CMS-concurrent-sweep: 0.006/0.006 secs] [Times: user=0.01 sys=0.00, real=0.00 secs] 
45.371: [CMS-concurrent-reset-start]
45.372: [CMS-concurrent-reset: 0.001/0.001 secs] [Times: user=0.00 sys=0.00, real=0.00 secs] 
45.382: [GC 45.382: [ParNew
Desired survivor size 1343488 bytes, new threshold 3 (max 4)
- age   1:     771912 bytes,     771912 total
- age   2:     151944 bytes,     923856 total
- age   3:     652168 bytes,    1576024 total
: 17106K->1547K(18624K), 0.0022270 secs] 43373K->27972K(83392K), 0.0023133 secs] [Times: user=0.00 sys=0.00, real=0.01 secs] 
45.397: [GC 45.397: [ParNew
Desired survivor size 1343488 bytes, new threshold 4 (max 4)
- age   1:     296160 bytes,     296160 total
- age   2:     564352 bytes,     860512 total
- age   3:      86904 bytes,     947416 total
: 17496K->930K(18624K), 0.0022529 secs] 43921K->27992K(83392K), 0.0023749 secs] [Times: user=0.00 sys=0.00, real=0.00 secs] 
45.411: [GC 45.411: [ParNew
Desired survivor size 1343488 bytes, new threshold 4 (max 4)
- age   1:     342800 bytes,     342800 total
- age   2:     256928 bytes,     599728 total
- age   3:     564352 bytes,    1164080 total
- age   4:      10712 bytes,    1174792 total
: 16929K->1155K(18624K), 0.0017017 secs] 43991K->28217K(83392K), 0.0018068 secs] [Times: user=0.01 sys=0.00, real=0.01 secs] 
45.424: [GC 45.424: [ParNew
Desired survivor size 1343488 bytes, new threshold 4 (max 4)
- age   1:     408008 bytes,     408008 total
- age   2:     294984 bytes,     702992 total
- age   3:     256928 bytes,     959920 total
- age   4:     564352 bytes,    1524272 total
: 17141K->1494K(18624K), 0.0023018 secs] 44203K->28566K(83392K), 0.0024046 secs] [Times: user=0.00 sys=0.00, real=0.00 secs] 
45.438: [GC 45.438: [ParNew
Desired survivor size 1343488 bytes, new threshold 4 (max 4)
- age   1:     119280 bytes,     119280 total
- age   2:     354664 bytes,     473944 total
- age   3:     294984 bytes,     768928 total
- age   4:     199512 bytes,     968440 total
: 17449K->949K(18624K), 0.0026341 secs] 44521K->28572K(83392K), 0.0027548 secs] [Times: user=0.00 sys=0.00, real=0.00 secs] 
45.451: [GC 45.452: [ParNew
Desired survivor size 1343488 bytes, new threshold 4 (max 4)
- age   1:     270768 bytes,     270768 total
- age   2:      57856 bytes,     328624 total
- age   3:     354664 bytes,     683288 total
- age   4:     294984 bytes,     978272 total
: 16891K->958K(18624K), 0.0016890 secs] 44514K->28713K(83392K), 0.0017998 secs] [Times: user=0.00 sys=0.00, real=0.01 secs] 
45.469: [GC 45.469: [ParNew
Desired survivor size 1343488 bytes, new threshold 4 (max 4)
- age   1:     850608 bytes,     850608 total
- age   2:     135888 bytes,     986496 total
- age   3:      57856 bytes,    1044352 total
- age   4:     354664 bytes,    1399016 total
: 16953K->1368K(18624K), 0.0022399 secs] 44708K->29256K(83392K), 0.0023310 secs] [Times: user=0.00 sys=0.00, real=0.00 secs] 
45.486: [GC 45.486: [ParNew
Desired survivor size 1343488 bytes, new threshold 2 (max 4)
- age   1:     703168 bytes,     703168 total
- age   2:     775600 bytes,    1478768 total
- age   3:     135888 bytes,    1614656 total
- age   4:      57856 bytes,    1672512 total
: 17353K->1637K(18624K), 0.0030091 secs] 45241K->29870K(83392K), 0.0031066 secs] [Times: user=0.00 sys=0.00, real=0.00 secs] 
45.502: [GC 45.502: [ParNew
Desired survivor size 1343488 bytes, new threshold 4 (max 4)
- age   1:     269168 bytes,     269168 total
- age   2:     651088 bytes,     920256 total
: 17583K->904K(18624K), 0.0022376 secs] 45817K->29919K(83392K), 0.0023387 secs] [Times: user=0.01 sys=0.00, real=0.01 secs] 
45.516: [GC 45.516: [ParNew
Desired survivor size 1343488 bytes, new threshold 4 (max 4)
- age   1:     412992 bytes,     412992 total
- age   2:     119464 bytes,     532456 total
- age   3:     651088 bytes,    1183544 total
: 16881K->1158K(18624K), 0.0018954 secs] 45896K->30173K(83392K), 0.0020901 secs] [Times: user=0.01 sys=0.00, real=0.00 secs] 
45.531: [GC 45.531: [ParNew
Desired survivor size 1343488 bytes, new threshold 4 (max 4)
- age   1:     297048 bytes,     297048 total
- age   2:     347096 bytes,     644144 total
- age   3:     119464 bytes,     763608 total
- age   4:     651088 bytes,    1414696 total
: 17139K->1383K(18624K), 0.0029392 secs] 46154K->30399K(83392K), 0.0030494 secs] [Times: user=0.00 sys=0.00, real=0.01 secs] 
45.545: [GC 45.546: [ParNew
Desired survivor size 1343488 bytes, new threshold 4 (max 4)
- age   1:     702432 bytes,     702432 total
- age   2:     157304 bytes,     859736 total
- age   3:     221416 bytes,    1081152 total
- age   4:      61768 bytes,    1142920 total
: 17383K->1119K(18624K), 0.0023466 secs] 46399K->30770K(83392K), 0.0024463 secs] [Times: user=0.00 sys=0.00, real=0.00 secs] 
45.560: [GC 45.560: [ParNew
Desired survivor size 1343488 bytes, new threshold 2 (max 4)
- age   1:     817008 bytes,     817008 total
- age   2:     644672 bytes,    1461680 total
- age   3:     157304 bytes,    1618984 total
- age   4:     221416 bytes,    1840400 total
: 17018K->1800K(18624K), 0.0023740 secs] 46669K->31511K(83392K), 0.0024687 secs] [Times: user=0.01 sys=0.00, real=0.01 secs] 
45.574: [GC 45.574: [ParNew
Desired survivor size 1343488 bytes, new threshold 4 (max 4)
- age   1:     526504 bytes,     526504 total
- age   2:     504448 bytes,    1030952 total
: 17780K->1009K(18624K), 0.0028325 secs] 47491K->31720K(83392K), 0.0029541 secs] [Times: user=0.01 sys=0.01, real=0.00 secs] 
45.589: [GC 45.589: [ParNew
Desired survivor size 1343488 bytes, new threshold 3 (max 4)
- age   1:     664040 bytes,     664040 total
- age   2:     526504 bytes,    1190544 total
- age   3:     210192 bytes,    1400736 total
: 16988K->1371K(18624K), 0.0030405 secs] 47698K->32081K(83392K), 0.0031643 secs] [Times: user=0.00 sys=0.00, real=0.01 secs] 
45.604: [GC 45.604: [ParNew
Desired survivor size 1343488 bytes, new threshold 2 (max 4)
- age   1:     874776 bytes,     874776 total
- age   2:     484288 bytes,    1359064 total
- age   3:     526504 bytes,    1885568 total
: 17265K->1848K(18624K), 0.0024910 secs] 47975K->32763K(83392K), 0.0025967 secs] [Times: user=0.00 sys=0.00, real=0.00 secs] 
45.618: [GC 45.618: [ParNew
Desired survivor size 1343488 bytes, new threshold 4 (max 4)
- age   1:     477264 bytes,     477264 total
- age   2:     792408 bytes,    1269672 total
: 17831K->1244K(18624K), 0.0028303 secs] 48747K->33147K(83392K), 0.0029458 secs] [Times: user=0.01 sys=0.00, real=0.00 secs] 
45.633: [GC 45.634: [ParNew
Desired survivor size 1343488 bytes, new threshold 4 (max 4)
- age   1:     266640 bytes,     266640 total
- age   2:     319840 bytes,     586480 total
- age   3:     540632 bytes,    1127112 total
: 17238K->1104K(18624K), 0.0019176 secs] 49141K->33007K(83392K), 0.0020246 secs] [Times: user=0.00 sys=0.00, real=0.00 secs] 
45.647: [GC 45.647: [ParNew
Desired survivor size 1343488 bytes, new threshold 3 (max 4)
- age   1:     972776 bytes,     972776 total
- age   2:     101968 bytes,    1074744 total
- age   3:     319840 bytes,    1394584 total
- age   4:     540632 bytes,    1935216 total
: 17072K->1893K(18624K), 0.0026815 secs] 48975K->33796K(83392K), 0.0027925 secs] [Times: user=0.00 sys=0.00, real=0.00 secs] 
45.663: [GC 45.663: [ParNew
Desired survivor size 1343488 bytes, new threshold 4 (max 4)
- age   1:     224296 bytes,     224296 total
- age   2:     886400 bytes,    1110696 total
- age   3:     101968 bytes,    1212664 total
: 17885K->1187K(18624K), 0.0026444 secs] 49788K->33930K(83392K), 0.0027493 secs] [Times: user=0.01 sys=0.00, real=0.00 secs] 
45.677: [GC 45.677: [ParNew
Desired survivor size 1343488 bytes, new threshold 3 (max 4)
- age   1:     402816 bytes,     402816 total
- age   2:     171384 bytes,     574200 total
- age   3:     886400 bytes,    1460600 total
- age   4:     101968 bytes,    1562568 total
: 17163K->1528K(18624K), 0.0024226 secs] 49906K->34272K(83392K), 0.0025406 secs] [Times: user=0.00 sys=0.00, real=0.00 secs] 
45.691: [GC 45.691: [ParNew
Desired survivor size 1343488 bytes, new threshold 4 (max 4)
- age   1:     276288 bytes,     276288 total
- age   2:     305592 bytes,     581880 total
- age   3:     171384 bytes,     753264 total
: 17489K->738K(18624K), 0.0027032 secs] 50232K->34447K(83392K), 0.0028196 secs] [Times: user=0.00 sys=0.00, real=0.01 secs] 
45.707: [GC 45.707: [ParNew
Desired survivor size 1343488 bytes, new threshold 4 (max 4)
- age   1:     513456 bytes,     513456 total
- age   2:     185936 bytes,     699392 total
- age   3:     123688 bytes,     823080 total
- age   4:     170552 bytes,     993632 total
: 16647K->972K(18624K), 0.0016321 secs] 50355K->34680K(83392K), 0.0017691 secs] [Times: user=0.00 sys=0.00, real=0.00 secs] 
45.721: [GC 45.721: [ParNew
Desired survivor size 1343488 bytes, new threshold 4 (max 4)
- age   1:     598152 bytes,     598152 total
- age   2:     513456 bytes,    1111608 total
- age   3:     185936 bytes,    1297544 total
- age   4:     123688 bytes,    1421232 total
: 16972K->1391K(18624K), 0.0024831 secs] 50680K->35266K(83392K), 0.0025847 secs] [Times: user=0.01 sys=0.00, real=0.01 secs] 
45.735: [GC 45.735: [ParNew
Desired survivor size 1343488 bytes, new threshold 3 (max 4)
- age   1:     425176 bytes,     425176 total
- age   2:     597736 bytes,    1022912 total
- age   3:     513456 bytes,    1536368 total
- age   4:     185936 bytes,    1722304 total
: 17363K->1684K(18624K), 0.0033056 secs] 51238K->35679K(83392K), 0.0034041 secs] [Times: user=0.00 sys=0.00, real=0.00 secs] 
45.749: [GC 45.749: [ParNew
Desired survivor size 1343488 bytes, new threshold 3 (max 4)
- age   1:     381808 bytes,     381808 total
- age   2:     392480 bytes,     774288 total
- age   3:     597736 bytes,    1372024 total
: 17588K->1341K(18624K), 0.0027141 secs] 51583K->36020K(83392K), 0.0028111 secs] [Times: user=0.00 sys=0.00, real=0.00 secs] 
45.766: [GC 45.766: [ParNew
Desired survivor size 1343488 bytes, new threshold 4 (max 4)
- age   1:     233736 bytes,     233736 total
- age   2:     310432 bytes,     544168 total
- age   3:     307056 bytes,     851224 total
: 17323K->834K(18624K), 0.0022014 secs] 52002K->36097K(83392K), 0.0023024 secs] [Times: user=0.01 sys=0.00, real=0.00 secs] 
45.780: [GC 45.780: [ParNew
Desired survivor size 1343488 bytes, new threshold 4 (max 4)
- age   1:     295912 bytes,     295912 total
- age   2:     155648 bytes,     451560 total
- age   3:     186152 bytes,     637712 total
- age   4:     228472 bytes,     866184 total
: 16802K->848K(18624K), 0.0018277 secs] 52065K->36111K(83392K), 0.0019497 secs] [Times: user=0.01 sys=0.00, real=0.00 secs] 
45.793: [GC 45.794: [ParNew
Desired survivor size 1343488 bytes, new threshold 3 (max 4)
- age   1:     974616 bytes,     974616 total
- age   2:     214712 bytes,    1189328 total
- age   3:     155648 bytes,    1344976 total
- age   4:      95440 bytes,    1440416 total
: 16848K->1409K(18624K), 0.0027977 secs] 52111K->36895K(83392K), 0.0029150 secs] [Times: user=0.01 sys=0.00, real=0.00 secs] 
45.813: [GC 45.813: [ParNew
Desired survivor size 1343488 bytes, new threshold 2 (max 4)
- age   1:     632392 bytes,     632392 total
- age   2:     890168 bytes,    1522560 total
- age   3:     214712 bytes,    1737272 total
: 17408K->1699K(18624K), 0.0022203 secs] 52894K->37430K(83392K), 0.0023117 secs] [Times: user=0.00 sys=0.00, real=0.00 secs] 
45.828: [GC 45.828: [ParNew
Desired survivor size 1343488 bytes, new threshold 4 (max 4)
- age   1:     469000 bytes,     469000 total
- age   2:     456040 bytes,     925040 total
: 17653K->910K(18624K), 0.0023149 secs] 53384K->37719K(83392K), 0.0024129 secs] [Times: user=0.01 sys=0.00, real=0.00 secs] 
45.844: [GC 45.844: [ParNew
Desired survivor size 1343488 bytes, new threshold 4 (max 4)
- age   1:     343368 bytes,     343368 total
- age   2:     296464 bytes,     639832 total
- age   3:     401968 bytes,    1041800 total
: 16820K->1023K(18624K), 0.0022185 secs] 53630K->37833K(83392K), 0.0023224 secs] [Times: user=0.01 sys=0.00, real=0.00 secs] 
45.860: [GC 45.860: [ParNew
Desired survivor size 1343488 bytes, new threshold 2 (max 4)
- age   1:    1209344 bytes,    1209344 total
- age   2:     280056 bytes,    1489400 total
- age   3:     296464 bytes,    1785864 total
- age   4:     401704 bytes,    2187568 total
: 17012K->2142K(18624K), 0.0024919 secs] 53822K->38952K(83392K), 0.0025926 secs] [Times: user=0.00 sys=0.00, real=0.01 secs] 
45.874: [GC 45.874: [ParNew
Desired survivor size 1343488 bytes, new threshold 2 (max 4)
- age   1:     369880 bytes,     369880 total
- age   2:    1090104 bytes,    1459984 total
: 18101K->1436K(18624K), 0.0029447 secs] 54911K->39201K(83392K), 0.0030967 secs] [Times: user=0.01 sys=0.00, real=0.00 secs] 
45.889: [GC 45.889: [ParNew
Desired survivor size 1343488 bytes, new threshold 4 (max 4)
- age   1:     276184 bytes,     276184 total
- age   2:      84360 bytes,     360544 total
: 17433K->355K(18624K), 0.0024750 secs] 55199K->39185K(83392K), 0.0026015 secs] [Times: user=0.00 sys=0.00, real=0.00 secs] 
45.904: [GC 45.904: [ParNew
Desired survivor size 1343488 bytes, new threshold 4 (max 4)
- age   1:     238064 bytes,     238064 total
- age   2:     207800 bytes,     445864 total
: 16308K->437K(18624K), 0.0013638 secs] 55137K->39266K(83392K), 0.0014399 secs] [Times: user=0.00 sys=0.00, real=0.00 secs] 
45.917: [GC 45.917: [ParNew
Desired survivor size 1343488 bytes, new threshold 4 (max 4)
- age   1:     504536 bytes,     504536 total
- age   2:     164952 bytes,     669488 total
- age   3:     207800 bytes,     877288 total
: 16397K->858K(18624K), 0.0014636 secs] 55227K->39688K(83392K), 0.0015650 secs] [Times: user=0.01 sys=0.00, real=0.00 secs] 
45.922: [GC [1 CMS-initial-mark: 38829K(64768K)] 44368K(83392K), 0.0008631 secs] [Times: user=0.00 sys=0.00, real=0.00 secs] 
45.923: [CMS-concurrent-mark-start]
45.934: [GC 45.934: [ParNew
Desired survivor size 1343488 bytes, new threshold 3 (max 4)
- age   1:     961672 bytes,     961672 total
- age   2:     367800 bytes,    1329472 total
- age   3:      79624 bytes,    1409096 total
- age   4:     150040 bytes,    1559136 total
: 16856K->1524K(18624K), 0.0028395 secs] 55686K->40354K(83392K), 0.0029179 secs] [Times: user=0.00 sys=0.00, real=0.00 secs] 
45.949: [GC 45.949: [ParNew
Desired survivor size 1343488 bytes, new threshold 2 (max 4)
- age   1:     496408 bytes,     496408 total
- age   2:     941936 bytes,    1438344 total
- age   3:     367800 bytes,    1806144 total
: 17524K->1766K(18624K), 0.0025942 secs] 56354K->40820K(83392K), 0.0026836 secs] [Times: user=0.01 sys=0.00, real=0.00 secs] 
45.966: [GC 45.966: [ParNew
Desired survivor size 1343488 bytes, new threshold 4 (max 4)
- age   1:     312632 bytes,     312632 total
- age   2:     405408 bytes,     718040 total
: 17766K->703K(18624K), 0.0019389 secs] 56820K->40616K(83392K), 0.0020235 secs] [Times: user=0.00 sys=0.00, real=0.00 secs] 
45.983: [GC 45.983: [ParNew
Desired survivor size 1343488 bytes, new threshold 4 (max 4)
- age   1:     483768 bytes,     483768 total
- age   2:     275256 bytes,     759024 total
- age   3:     262312 bytes,    1021336 total
: 16689K->1000K(18624K), 0.0015466 secs] 56602K->40913K(83392K), 0.0016201 secs] [Times: user=0.00 sys=0.00, real=0.00 secs] 
45.999: [CMS-concurrent-mark: 0.063/0.075 secs] [Times: user=0.13 sys=0.00, real=0.07 secs] 
45.999: [CMS-concurrent-preclean-start]
45.999: [CMS-concurrent-preclean: 0.000/0.000 secs] [Times: user=0.00 sys=0.00, real=0.00 secs] 
45.999: [CMS-concurrent-abortable-preclean-start]
46.001: [GC 46.001: [ParNew
Desired survivor size 1343488 bytes, new threshold 4 (max 4)
- age   1:     498680 bytes,     498680 total
- age   2:     401104 bytes,     899784 total
- age   3:     275256 bytes,    1175040 total
- age   4:     262312 bytes,    1437352 total
: 16963K->1406K(18624K), 0.0018478 secs] 56876K->41319K(83392K), 0.0019626 secs] [Times: user=0.00 sys=0.00, real=0.01 secs] 
46.016: [GC 46.016: [ParNew
Desired survivor size 1343488 bytes, new threshold 4 (max 4)
- age   1:     394024 bytes,     394024 total
- age   2:     432288 bytes,     826312 total
- age   3:     255056 bytes,    1081368 total
- age   4:     275256 bytes,    1356624 total
: 17382K->1327K(18624K), 0.0020327 secs] 57295K->41496K(83392K), 0.0021402 secs] [Times: user=0.00 sys=0.00, real=0.00 secs] 
46.030: [GC 46.030: [ParNew
Desired survivor size 1343488 bytes, new threshold 4 (max 4)
- age   1:     368120 bytes,     368120 total
- age   2:       9104 bytes,     377224 total
- age   3:     308880 bytes,     686104 total
- age   4:     255016 bytes,     941120 total
: 17285K->922K(18624K), 0.0024085 secs] 57454K->41360K(83392K), 0.0025649 secs] [Times: user=0.00 sys=0.00, real=0.01 secs] 
46.044: [GC 46.044: [ParNew
Desired survivor size 1343488 bytes, new threshold 4 (max 4)
- age   1:     398840 bytes,     398840 total
- age   2:     140296 bytes,     539136 total
- age   3:       9104 bytes,     548240 total
- age   4:     308880 bytes,     857120 total
: 16876K->842K(18624K), 0.0017108 secs] 57314K->41440K(83392K), 0.0018180 secs] [Times: user=0.00 sys=0.00, real=0.00 secs] 
46.058: [GC 46.058: [ParNew
Desired survivor size 1343488 bytes, new threshold 4 (max 4)
- age   1:     584552 bytes,     584552 total
- age   2:     333456 bytes,     918008 total
- age   3:     140296 bytes,    1058304 total
- age   4:       9104 bytes,    1067408 total
: 16823K->1045K(18624K), 0.0021671 secs] 57421K->41946K(83392K), 0.0022681 secs] [Times: user=0.00 sys=0.00, real=0.00 secs] 
46.072: [GC 46.072: [ParNew
Desired survivor size 1343488 bytes, new threshold 3 (max 4)
- age   1:     712056 bytes,     712056 total
- age   2:     351784 bytes,    1063840 total
- age   3:     333456 bytes,    1397296 total
- age   4:      82352 bytes,    1479648 total
: 17044K->1445K(18624K), 0.0025195 secs] 57944K->42355K(83392K), 0.0026190 secs] [Times: user=0.00 sys=0.00, real=0.00 secs] 
46.087: [GC 46.087: [ParNew
Desired survivor size 1343488 bytes, new threshold 4 (max 4)
- age   1:     219096 bytes,     219096 total
- age   2:     523648 bytes,     742744 total
- age   3:     351784 bytes,    1094528 total
: 17435K->1079K(18624K), 0.0025345 secs] 58344K->42210K(83392K), 0.0026560 secs] [Times: user=0.01 sys=0.00, real=0.00 secs] 
46.101: [GC 46.101: [ParNew
Desired survivor size 1343488 bytes, new threshold 3 (max 4)
- age   1:     916016 bytes,     916016 total
- age   2:     142000 bytes,    1058016 total
- age   3:     523648 bytes,    1581664 total
- age   4:     351784 bytes,    1933448 total
: 17013K->1897K(18624K), 0.0026348 secs] 58144K->43028K(83392K), 0.0027705 secs] [Times: user=0.00 sys=0.00, real=0.01 secs] 
46.115: [GC 46.115: [ParNew
Desired survivor size 1343488 bytes, new threshold 2 (max 4)
- age   1:     962256 bytes,     962256 total
- age   2:     608976 bytes,    1571232 total
- age   3:     142000 bytes,    1713232 total
: 17891K->1690K(18624K), 0.0029092 secs] 59022K->43675K(83392K), 0.0030380 secs] [Times: user=0.00 sys=0.00, real=0.00 secs] 
46.134: [GC 46.134: [ParNew
Desired survivor size 1343488 bytes, new threshold 4 (max 4)
- age   1:     381376 bytes,     381376 total
- age   2:     484896 bytes,     866272 total
: 17624K->848K(18624K), 0.0027647 secs] 59609K->43568K(83392K), 0.0028589 secs] [Times: user=0.01 sys=0.00, real=0.00 secs] 
46.148: [GC 46.148: [ParNew
Desired survivor size 1343488 bytes, new threshold 3 (max 4)
- age   1:     700656 bytes,     700656 total
- age   2:     225440 bytes,     926096 total
- age   3:     484896 bytes,    1410992 total
: 16836K->1380K(18624K), 0.0020254 secs] 59556K->44099K(83392K), 0.0021190 secs] [Times: user=0.01 sys=0.00, real=0.00 secs] 
46.163: [GC 46.163: [ParNew
Desired survivor size 1343488 bytes, new threshold 4 (max 4)
- age   1:     128904 bytes,     128904 total
- age   2:     668864 bytes,     797768 total
- age   3:     225440 bytes,    1023208 total
: 17372K->999K(18624K), 0.0027506 secs] 60091K->44113K(83392K), 0.0028599 secs] [Times: user=0.00 sys=0.00, real=0.00 secs] 
46.178: [GC 46.178: [ParNew
Desired survivor size 1343488 bytes, new threshold 4 (max 4)
- age   1:     433648 bytes,     433648 total
- age   2:      47776 bytes,     481424 total
- age   3:     668864 bytes,    1150288 total
- age   4:     225440 bytes,    1375728 total
: 16950K->1345K(18624K), 0.0024200 secs] 60064K->44459K(83392K), 0.0025341 secs] [Times: user=0.00 sys=0.00, real=0.00 secs] 
46.192: [GC 46.192: [ParNew
Desired survivor size 1343488 bytes, new threshold 4 (max 4)
- age   1:     872824 bytes,     872824 total
- age   2:     237264 bytes,    1110088 total
- age   3:      47776 bytes,    1157864 total
- age   4:     668864 bytes,    1826728 total
: 17345K->1787K(18624K), 0.0033824 secs] 60459K->45121K(83392K), 0.0035336 secs] [Times: user=0.00 sys=0.00, real=0.00 secs] 
46.209: [GC 46.209: [ParNew
Desired survivor size 1343488 bytes, new threshold 3 (max 4)
- age   1:     395304 bytes,     395304 total
- age   2:     824440 bytes,    1219744 total
- age   3:     237264 bytes,    1457008 total
- age   4:      47776 bytes,    1504784 total
: 17779K->1473K(18624K), 0.0026321 secs] 61113K->45146K(83392K), 0.0027516 secs] [Times: user=0.01 sys=0.00, real=0.00 secs] 
46.224: [GC 46.224: [ParNew
Desired survivor size 1343488 bytes, new threshold 3 (max 4)
- age   1:     696648 bytes,     696648 total
- age   2:     339656 bytes,    1036304 total
- age   3:     824440 bytes,    1860744 total
: 17439K->1820K(18624K), 0.0026362 secs] 61113K->45772K(83392K), 0.0027670 secs] [Times: user=0.00 sys=0.00, real=0.00 secs] 
46.238: [GC 46.238: [ParNew
Desired survivor size 1343488 bytes, new threshold 2 (max 4)
- age   1:     774528 bytes,     774528 total
- age   2:     577440 bytes,    1351968 total
- age   3:     339656 bytes,    1691624 total
: 17814K->1653K(18624K), 0.0039083 secs] 61766K->46410K(83392K), 0.0040382 secs] [Times: user=0.00 sys=0.00, real=0.01 secs] 
46.254: [GC 46.254: [ParNew
Desired survivor size 1343488 bytes, new threshold 4 (max 4)
- age   1:     614240 bytes,     614240 total
- age   2:     606560 bytes,    1220800 total
: 17628K->1195K(18624K), 0.0025865 secs] 62384K->46769K(83392K), 0.0026993 secs] [Times: user=0.01 sys=0.00, real=0.00 secs] 
46.270: [GC 46.270: [ParNew
Desired survivor size 1343488 bytes, new threshold 3 (max 4)
- age   1:     286512 bytes,     286512 total
- age   2:     561488 bytes,     848000 total
- age   3:     606560 bytes,    1454560 total
: 17192K->1421K(18624K), 0.0022039 secs] 62765K->46995K(83392K), 0.0022985 secs] [Times: user=0.01 sys=0.00, real=0.01 secs] 
46.284: [GC 46.284: [ParNew
Desired survivor size 1343488 bytes, new threshold 4 (max 4)
- age   1:     444184 bytes,     444184 total
- age   2:     252888 bytes,     697072 total
- age   3:     561488 bytes,    1258560 total
: 17389K->1234K(18624K), 0.0024654 secs] 62962K->47400K(83392K), 0.0025483 secs] [Times: user=0.01 sys=0.00, real=0.00 secs] 
46.298: [GC 46.298: [ParNew
Desired survivor size 1343488 bytes, new threshold 4 (max 4)
- age   1:     453424 bytes,     453424 total
- age   2:     403256 bytes,     856680 total
- age   3:     170232 bytes,    1026912 total
- age   4:     510240 bytes,    1537152 total
: 17217K->1510K(18624K), 0.0025253 secs] 63383K->47676K(83392K), 0.0026264 secs] [Times: user=0.00 sys=0.00, real=0.00 secs] 
46.316: [GC 46.316: [ParNew
Desired survivor size 1343488 bytes, new threshold 4 (max 4)
- age   1:     340664 bytes,     340664 total
- age   2:     248936 bytes,     589600 total
- age   3:     372232 bytes,     961832 total
- age   4:     170232 bytes,    1132064 total
: 17453K->1106K(18624K), 0.0031366 secs] 63619K->47770K(83392K), 0.0032289 secs] [Times: user=0.01 sys=0.00, real=0.00 secs] 
46.332: [GC 46.332: [ParNew
Desired survivor size 1343488 bytes, new threshold 4 (max 4)
- age   1:     400080 bytes,     400080 total
- age   2:     282176 bytes,     682256 total
- age   4:     128744 bytes,     811000 total
: 17073K->798K(18624K), 0.0017585 secs] 63737K->47628K(83392K), 0.0018456 secs] [Times: user=0.00 sys=0.00, real=0.00 secs] 
46.348: [GC 46.348: [ParNew
Desired survivor size 1343488 bytes, new threshold 4 (max 4)
- age   1:     183592 bytes,     183592 total
- age   2:     335928 bytes,     519520 total
- age   3:     282176 bytes,     801696 total
: 16797K->784K(18624K), 0.0019580 secs] 63627K->47739K(83392K), 0.0020451 secs] [Times: user=0.00 sys=0.00, real=0.00 secs] 
46.362: [GC 46.362: [ParNew
Desired survivor size 1343488 bytes, new threshold 3 (max 4)
- age   1:    1218160 bytes,    1218160 total
- age   2:     115016 bytes,    1333176 total
- age   3:     335928 bytes,    1669104 total
- age   4:     282176 bytes,    1951280 total
: 16745K->1908K(18624K), 0.0024608 secs] 63701K->48864K(83392K), 0.0026239 secs] [Times: user=0.00 sys=0.00, real=0.00 secs] 
46.377: [GC 46.377: [ParNew
Desired survivor size 1343488 bytes, new threshold 2 (max 4)
- age   1:     670672 bytes,     670672 total
- age   2:     967952 bytes,    1638624 total
- age   3:     115016 bytes,    1753640 total
: 17908K->1717K(18624K), 0.0035295 secs] 64864K->49276K(83392K), 0.0036242 secs] [Times: user=0.01 sys=0.00, real=0.00 secs] 
46.392: [GC 46.392: [ParNew
Desired survivor size 1343488 bytes, new threshold 2 (max 4)
- age   1:     833768 bytes,     833768 total
- age   2:     529928 bytes,    1363696 total
: 17681K->1336K(18624K), 0.0026341 secs] 65240K->49701K(83392K), 0.0027563 secs] [Times: user=0.00 sys=0.00, real=0.01 secs] 
46.407: [GC 46.407: [ParNew
Desired survivor size 1343488 bytes, new threshold 2 (max 4)
- age   1:     636728 bytes,     636728 total
- age   2:     749760 bytes,    1386488 total
: 17328K->1357K(18624K), 0.0027351 secs] 65693K->50240K(83392K), 0.0028400 secs] [Times: user=0.01 sys=0.00, real=0.00 secs] 
46.429: [GC 46.429: [ParNew
Desired survivor size 1343488 bytes, new threshold 4 (max 4)
- age   1:     159600 bytes,     159600 total
- age   2:     531168 bytes,     690768 total
: 17268K->676K(18624K), 0.0023312 secs] 66151K->50291K(83392K), 0.0024273 secs] [Times: user=0.00 sys=0.00, real=0.00 secs] 
46.445: [GC 46.445: [ParNew
Desired survivor size 1343488 bytes, new threshold 4 (max 4)
- age   1:     279128 bytes,     279128 total
- age   2:      43080 bytes,     322208 total
- age   3:     375504 bytes,     697712 total
: 16676K->688K(18624K), 0.0016446 secs] 66291K->50304K(83392K), 0.0017516 secs] [Times: user=0.01 sys=0.00, real=0.00 secs] 
46.463: [GC 46.463: [ParNew
Desired survivor size 1343488 bytes, new threshold 4 (max 4)
- age   1:     103024 bytes,     103024 total
- age   2:     279048 bytes,     382072 total
- age   3:      43080 bytes,     425152 total
- age   4:     375504 bytes,     800656 total
: 16688K->790K(18624K), 0.0016469 secs] 66304K->50405K(83392K), 0.0017548 secs] [Times: user=0.00 sys=0.00, real=0.00 secs] 
46.476: [GC 46.476: [ParNew
Desired survivor size 1343488 bytes, new threshold 4 (max 4)
- age   1:     480472 bytes,     480472 total
- age   2:      27112 bytes,     507584 total
- age   3:     169784 bytes,     677368 total
- age   4:      43080 bytes,     720448 total
: 16761K->708K(18624K), 0.0022987 secs] 66377K->50689K(83392K), 0.0023913 secs] [Times: user=0.00 sys=0.00, real=0.00 secs] 
46.490: [GC 46.490: [ParNew
Desired survivor size 1343488 bytes, new threshold 4 (max 4)
- age   1:     336248 bytes,     336248 total
- age   2:     159200 bytes,     495448 total
- age   3:      27112 bytes,     522560 total
- age   4:     169784 bytes,     692344 total
: 16657K->686K(18624K), 0.0023006 secs] 66639K->50710K(83392K), 0.0024008 secs] [Times: user=0.00 sys=0.00, real=0.01 secs] 
46.505: [GC 46.505: [ParNew
Desired survivor size 1343488 bytes, new threshold 4 (max 4)
- age   1:     769096 bytes,     769096 total
- age   2:     115912 bytes,     885008 total
- age   3:     159200 bytes,    1044208 total
- age   4:      27112 bytes,    1071320 total
: 16672K->1051K(18624K), 0.0017775 secs] 66696K->51241K(83392K), 0.0018889 secs] [Times: user=0.01 sys=0.00, real=0.00 secs] 
46.518: [GC 46.518: [ParNew
Desired survivor size 1343488 bytes, new threshold 4 (max 4)
- age   1:     379504 bytes,     379504 total
- age   2:     547744 bytes,     927248 total
- age   4:     159200 bytes,    1086448 total
: 17012K->1069K(18624K), 0.0021081 secs] 67201K->51285K(83392K), 0.0022055 secs] [Times: user=0.00 sys=0.00, real=0.00 secs] 
46.538: [GC 46.538: [ParNew
Desired survivor size 1343488 bytes, new threshold 4 (max 4)
- age   1:     171960 bytes,     171960 total
- age   2:      43744 bytes,     215704 total
- age   3:     439696 bytes,     655400 total
: 17031K->641K(18624K), 0.0033579 secs] 67248K->51012K(83392K), 0.0034493 secs] [Times: user=0.00 sys=0.00, real=0.00 secs] 
46.556: [GC 46.556: [ParNew
Desired survivor size 1343488 bytes, new threshold 4 (max 4)
- age   1:     755832 bytes,     755832 total
- age   2:        704 bytes,     756536 total
- age   3:      43744 bytes,     800280 total
- age   4:     439696 bytes,    1239976 total
: 16634K->1212K(18624K), 0.0017818 secs] 67005K->51584K(83392K), 0.0019186 secs] [Times: user=0.00 sys=0.00, real=0.00 secs] 
46.571: [GC 46.571: [ParNew
Desired survivor size 1343488 bytes, new threshold 4 (max 4)
- age   1:     544160 bytes,     544160 total
- age   2:     462888 bytes,    1007048 total
- age   3:        704 bytes,    1007752 total
- age   4:      43744 bytes,    1051496 total
: 17196K->1032K(18624K), 0.0023607 secs] 67568K->51833K(83392K), 0.0024572 secs] [Times: user=0.01 sys=0.00, real=0.01 secs] 
46.586: [GC 46.586: [ParNew
Desired survivor size 1343488 bytes, new threshold 4 (max 4)
- age   1:     345728 bytes,     345728 total
- age   2:     484080 bytes,     829808 total
- age   3:     462608 bytes,    1292416 total
- age   4:        704 bytes,    1293120 total
: 16951K->1273K(18624K), 0.0018152 secs] 67753K->52117K(83392K), 0.0019255 secs] [Times: user=0.00 sys=0.00, real=0.00 secs] 
46.605: [GC 46.605: [ParNew
Desired survivor size 1343488 bytes, new threshold 4 (max 4)
- age   1:     210600 bytes,     210600 total
- age   2:     193512 bytes,     404112 total
- age   3:     418232 bytes,     822344 total
- age   4:     381552 bytes,    1203896 total
: 17273K->1181K(18624K), 0.0016852 secs] 68117K->52025K(83392K), 0.0017850 secs] [Times: user=0.00 sys=0.00, real=0.00 secs] 
46.620: [GC 46.620: [ParNew
Desired survivor size 1343488 bytes, new threshold 4 (max 4)
- age   1:     219712 bytes,     219712 total
- age   2:     209920 bytes,     429632 total
- age   3:     193512 bytes,     623144 total
- age   4:     292632 bytes,     915776 total
: 17176K->903K(18624K), 0.0020000 secs] 68021K->52120K(83392K), 0.0021055 secs] [Times: user=0.01 sys=0.00, real=0.01 secs] 
46.635: [GC 46.635: [ParNew
Desired survivor size 1343488 bytes, new threshold 4 (max 4)
- age   1:     102536 bytes,     102536 total
- age   2:     205840 bytes,     308376 total
- age   3:      70064 bytes,     378440 total
- age   4:     193512 bytes,     571952 total
: 16878K->570K(18624K), 0.0015935 secs] 68095K->52073K(83392K), 0.0016885 secs] [Times: user=0.00 sys=0.00, real=0.00 secs] 
46.649: [GC 46.649: [ParNew
Desired survivor size 1343488 bytes, new threshold 4 (max 4)
- age   1:     548448 bytes,     548448 total
- age   2:      75912 bytes,     624360 total
- age   3:     138640 bytes,     763000 total
- age   4:      70064 bytes,     833064 total
: 16567K->818K(18624K), 0.0016364 secs] 68070K->52510K(83392K), 0.0018047 secs] [Times: user=0.00 sys=0.00, real=0.00 secs] 
46.663: [GC 46.663: [ParNew
Desired survivor size 1343488 bytes, new threshold 4 (max 4)
- age   1:     409360 bytes,     409360 total
- age   2:     243296 bytes,     652656 total
- age   3:      75912 bytes,     728568 total
- age   4:      66248 bytes,     794816 total
: 16795K->783K(18624K), 0.0015339 secs] 68487K->52543K(83392K), 0.0016213 secs] [Times: user=0.00 sys=0.00, real=0.00 secs] 
46.677: [GC 46.677: [ParNew
Desired survivor size 1343488 bytes, new threshold 4 (max 4)
- age   1:     423792 bytes,     423792 total
- age   2:     267408 bytes,     691200 total
- age   3:     161592 bytes,     852792 total
- age   4:      75912 bytes,     928704 total
: 16761K->912K(18624K), 0.0017027 secs] 68522K->52737K(83392K), 0.0017983 secs] [Times: user=0.01 sys=0.00, real=0.00 secs] 
46.690: [GC 46.691: [ParNew
Desired survivor size 1343488 bytes, new threshold 4 (max 4)
- age   1:     138680 bytes,     138680 total
- age   2:     382224 bytes,     520904 total
- age   3:      86264 bytes,     607168 total
- age   4:     161592 bytes,     768760 total
: 16912K->754K(18624K), 0.0016572 secs] 68737K->52653K(83392K), 0.0017488 secs] [Times: user=0.00 sys=0.00, real=0.01 secs] 
46.706: [GC 46.706: [ParNew
Desired survivor size 1343488 bytes, new threshold 4 (max 4)
- age   1:     200816 bytes,     200816 total
- age   2:      39912 bytes,     240728 total
- age   3:     382224 bytes,     622952 total
- age   4:      86264 bytes,     709216 total
: 16728K->695K(18624K), 0.0019829 secs] 68627K->52752K(83392K), 0.0021252 secs] [Times: user=0.00 sys=0.00, real=0.00 secs] 
46.722: [GC 46.722: [ParNew
Desired survivor size 1343488 bytes, new threshold 4 (max 4)
- age   1:     450216 bytes,     450216 total
- age   3:      39912 bytes,     490128 total
- age   4:     382224 bytes,     872352 total
: 16693K->854K(18624K), 0.0017711 secs] 68750K->52996K(83392K), 0.0018631 secs] [Times: user=0.01 sys=0.00, real=0.01 secs] 
46.736: [GC 46.736: [ParNew
Desired survivor size 1343488 bytes, new threshold 4 (max 4)
- age   1:     106928 bytes,     106928 total
- age   2:     318816 bytes,     425744 total
- age   4:       1984 bytes,     427728 total
: 16854K->422K(18624K), 0.0014677 secs] 68996K->52726K(83392K), 0.0015535 secs] [Times: user=0.00 sys=0.00, real=0.00 secs] 
46.748: [GC 46.749: [ParNew
Desired survivor size 1343488 bytes, new threshold 4 (max 4)
- age   1:     194832 bytes,     194832 total
- age   2:     102328 bytes,     297160 total
- age   3:     153848 bytes,     451008 total
: 16404K->447K(18624K), 0.0017478 secs] 68709K->52753K(83392K), 0.0018720 secs] [Times: user=0.00 sys=0.00, real=0.00 secs] 
46.763: [GC 46.763: [ParNew
Desired survivor size 1343488 bytes, new threshold 4 (max 4)
- age   1:     580096 bytes,     580096 total
- age   2:      67968 bytes,     648064 total
- age   3:     102328 bytes,     750392 total
- age   4:     153848 bytes,     904240 total
: 16433K->889K(18624K), 0.0014462 secs] 68739K->53195K(83392K), 0.0015271 secs] [Times: user=0.00 sys=0.00, real=0.00 secs] 
46.777: [GC 46.777: [ParNew
Desired survivor size 1343488 bytes, new threshold 2 (max 4)
- age   1:     871312 bytes,     871312 total
- age   2:     549072 bytes,    1420384 total
- age   3:      67968 bytes,    1488352 total
- age   4:     102328 bytes,    1590680 total
: 16852K->1563K(18624K), 0.0022918 secs] 69158K->54020K(83392K), 0.0023890 secs] [Times: user=0.01 sys=0.00, real=0.00 secs] 
46.792: [GC 46.792: [ParNew
Desired survivor size 1343488 bytes, new threshold 4 (max 4)
- age   1:     395264 bytes,     395264 total
- age   2:     810296 bytes,    1205560 total
: 17540K->1180K(18624K), 0.0021397 secs] 69996K->54065K(83392K), 0.0022638 secs] [Times: user=0.01 sys=0.00, real=0.00 secs] 
46.806: [GC 46.806: [ParNew
Desired survivor size 1343488 bytes, new threshold 4 (max 4)
- age   1:     139768 bytes,     139768 total
- age   2:     263416 bytes,     403184 total
- age   3:     741272 bytes,    1144456 total
: 17150K->1120K(18624K), 0.0018108 secs] 70035K->54005K(83392K), 0.0019066 secs] [Times: user=0.00 sys=0.00, real=0.00 secs] 
46.818: [GC 46.819: [ParNew
Desired survivor size 1343488 bytes, new threshold 4 (max 4)
- age   1:     198992 bytes,     198992 total
- age   2:      68384 bytes,     267376 total
- age   3:     263416 bytes,     530792 total
- age   4:     629992 bytes,    1160784 total
: 17115K->1136K(18624K), 0.0018566 secs] 70000K->54021K(83392K), 0.0019634 secs] [Times: user=0.00 sys=0.00, real=0.00 secs] 
46.832: [GC 46.832: [ParNew
Desired survivor size 1343488 bytes, new threshold 4 (max 4)
- age   1:     454776 bytes,     454776 total
- age   2:     155688 bytes,     610464 total
- age   3:      68384 bytes,     678848 total
- age   4:     154840 bytes,     833688 total
: 17099K->817K(18624K), 0.0020514 secs] 69984K->54317K(83392K), 0.0023274 secs] [Times: user=0.01 sys=0.00, real=0.01 secs] 
46.847: [GC 46.847: [ParNew
Desired survivor size 1343488 bytes, new threshold 1 (max 4)
- age   1:    1351008 bytes,    1351008 total
- age   2:     363232 bytes,    1714240 total
: 16743K->1677K(18624K), 0.0021039 secs] 70243K->55177K(83392K), 0.0022216 secs] [Times: user=0.00 sys=0.00, real=0.00 secs] 
46.864: [GC 46.864: [ParNew
Desired survivor size 1343488 bytes, new threshold 4 (max 4)
- age   1:     888704 bytes,     888704 total
: 17677K->870K(18624K), 0.0025806 secs] 71177K->55298K(83392K), 0.0026948 secs] [Times: user=0.00 sys=0.00, real=0.00 secs] 
46.880: [GC 46.880: [ParNew
Desired survivor size 1343488 bytes, new threshold 4 (max 4)
- age   1:     429920 bytes,     429920 total
- age   2:     575064 bytes,    1004984 total
: 16820K->983K(18624K), 0.0015576 secs] 71248K->55411K(83392K), 0.0016490 secs] [Times: user=0.01 sys=0.00, real=0.00 secs] 
46.894: [GC 46.894: [ParNew
Desired survivor size 1343488 bytes, new threshold 4 (max 4)
- age   1:     201560 bytes,     201560 total
- age   2:     316416 bytes,     517976 total
- age   3:     370360 bytes,     888336 total
: 16973K->869K(18624K), 0.0015622 secs] 71402K->55297K(83392K), 0.0016667 secs] [Times: user=0.01 sys=0.00, real=0.00 secs] 
46.907: [GC 46.907: [ParNew
Desired survivor size 1343488 bytes, new threshold 4 (max 4)
- age   1:     418952 bytes,     418952 total
- age   2:      71624 bytes,     490576 total
- age   3:     316376 bytes,     806952 total
- age   4:     370360 bytes,    1177312 total
: 16853K->1151K(18624K), 0.0020556 secs] 71282K->55579K(83392K), 0.0021740 secs] [Times: user=0.00 sys=0.00, real=0.00 secs] 
46.920: [GC 46.920: [ParNew
Desired survivor size 1343488 bytes, new threshold 4 (max 4)
- age   1:     291920 bytes,     291920 total
- age   2:     246360 bytes,     538280 total
- age   3:      71624 bytes,     609904 total
- age   4:     316376 bytes,     926280 total
: 17137K->907K(18624K), 0.0020669 secs] 71566K->55697K(83392K), 0.0021719 secs] [Times: user=0.00 sys=0.00, real=0.01 secs] 
46.934: [GC 46.934: [ParNew
Desired survivor size 1343488 bytes, new threshold 4 (max 4)
- age   1:     342656 bytes,     342656 total
- age   2:     148512 bytes,     491168 total
- age   3:     154464 bytes,     645632 total
- age   4:      71624 bytes,     717256 total
: 16867K->704K(18624K), 0.0017821 secs] 71657K->55803K(83392K), 0.0018799 secs] [Times: user=0.01 sys=0.00, real=0.00 secs] 
46.948: [GC 46.948: [ParNew
Desired survivor size 1343488 bytes, new threshold 4 (max 4)
- age   1:     146776 bytes,     146776 total
- age   2:      84008 bytes,     230784 total
- age   3:     148512 bytes,     379296 total
- age   4:     154464 bytes,     533760 total
: 16689K->524K(18624K), 0.0018939 secs] 71788K->55693K(83392K), 0.0020121 secs] [Times: user=0.01 sys=0.00, real=0.00 secs] 
46.961: [GC 46.961: [ParNew
Desired survivor size 1343488 bytes, new threshold 4 (max 4)
- age   1:     238192 bytes,     238192 total
- age   2:      40592 bytes,     278784 total
- age   3:      84008 bytes,     362792 total
- age   4:     148512 bytes,     511304 total
: 16484K->503K(18624K), 0.0015321 secs] 71652K->55822K(83392K), 0.0016298 secs] [Times: user=0.00 sys=0.00, real=0.01 secs] 
46.963: [CMS-concurrent-abortable-preclean: 0.036/0.963 secs] [Times: user=1.48 sys=0.07, real=0.97 secs] 
46.964: [GC[YG occupancy: 2092 K (18624 K)]46.964: [Rescan (parallel) , 0.0012790 secs]46.965: [weak refs processing, 0.0000063 secs] [1 CMS-remark: 55319K(64768K)] 57412K(83392K), 0.0013578 secs] [Times: user=0.00 sys=0.00, real=0.00 secs] 
46.972: [CMS-concurrent-sweep-start]
46.975: [GC 46.976: [ParNew
Desired survivor size 1343488 bytes, new threshold 4 (max 4)
- age   1:     552488 bytes,     552488 total
- age   3:      40592 bytes,     593080 total
- age   4:      84008 bytes,     677088 total
: 16488K->664K(18624K), 0.0017020 secs] 71807K->56129K(83392K), 0.0017894 secs] [Times: user=0.00 sys=0.00, real=0.00 secs] 
46.982: [CMS-concurrent-sweep: 0.008/0.011 secs] [Times: user=0.02 sys=0.00, real=0.02 secs] 
46.983: [CMS-concurrent-reset-start]
46.985: [CMS-concurrent-reset: 0.002/0.002 secs] [Times: user=0.01 sys=0.00, real=0.00 secs] 
46.990: [GC 46.990: [ParNew
Desired survivor size 1343488 bytes, new threshold 2 (max 4)
- age   1:    1237320 bytes,    1237320 total
- age   2:     191464 bytes,    1428784 total
- age   4:      40592 bytes,    1469376 total
: 16655K->1438K(18624K), 0.0022137 secs] 40528K->25393K(83392K), 0.0023146 secs] [Times: user=0.00 sys=0.00, real=0.01 secs] 
47.008: [GC 47.008: [ParNew
Desired survivor size 1343488 bytes, new threshold 2 (max 4)
- age   1:     566184 bytes,     566184 total
- age   2:    1075648 bytes,    1641832 total
: 17412K->1605K(18624K), 0.0022541 secs] 41367K->25786K(83392K), 0.0024282 secs] [Times: user=0.00 sys=0.00, real=0.00 secs] 
47.023: [GC 47.023: [ParNew
Desired survivor size 1343488 bytes, new threshold 4 (max 4)
- age   1:     756208 bytes,     756208 total
- age   2:     406984 bytes,    1163192 total
: 17558K->1139K(18624K), 0.0023534 secs] 41739K->25923K(83392K), 0.0024532 secs] [Times: user=0.01 sys=0.00, real=0.00 secs] 
47.038: [GC 47.038: [ParNew
Desired survivor size 1343488 bytes, new threshold 4 (max 4)
- age   1:     244320 bytes,     244320 total
- age   2:     673552 bytes,     917872 total
- age   3:     406984 bytes,    1324856 total
: 17134K->1296K(18624K), 0.0022903 secs] 41918K->26081K(83392K), 0.0023959 secs] [Times: user=0.00 sys=0.00, real=0.00 secs] 
47.057: [GC 47.057: [ParNew
Desired survivor size 1343488 bytes, new threshold 4 (max 4)
- age   1:     658368 bytes,     658368 total
- age   2:     159280 bytes,     817648 total
- age   3:     209200 bytes,    1026848 total
- age   4:     163208 bytes,    1190056 total
: 17247K->1166K(18624K), 0.0024761 secs] 42031K->25950K(83392K), 0.0025807 secs] [Times: user=0.00 sys=0.00, real=0.00 secs] 
47.071: [GC 47.071: [ParNew
Desired survivor size 1343488 bytes, new threshold 4 (max 4)
- age   1:     763264 bytes,     763264 total
- age   2:     497856 bytes,    1261120 total
- age   4:     209200 bytes,    1470320 total
: 17144K->1440K(18624K), 0.0024357 secs] 41929K->26383K(83392K), 0.0025985 secs] [Times: user=0.00 sys=0.00, real=0.01 secs] 
47.087: [GC 47.087: [ParNew
Desired survivor size 1343488 bytes, new threshold 4 (max 4)
- age   1:     961784 bytes,     961784 total
- age   2:     352560 bytes,    1314344 total
- age   3:       6520 bytes,    1320864 total
: 17389K->1295K(18624K), 0.0020597 secs] 42332K->26442K(83392K), 0.0021448 secs] [Times: user=0.01 sys=0.00, real=0.00 secs] 
47.100: [GC 47.100: [ParNew
Desired survivor size 1343488 bytes, new threshold 2 (max 4)
- age   1:     777928 bytes,     777928 total
- age   2:     762864 bytes,    1540792 total
- age   3:     352560 bytes,    1893352 total
- age   4:       6520 bytes,    1899872 total
: 17251K->1857K(18624K), 0.0023171 secs] 42398K->27004K(83392K), 0.0024151 secs] [Times: user=0.01 sys=0.00, real=0.01 secs] 
47.117: [GC 47.117: [ParNew
Desired survivor size 1343488 bytes, new threshold 2 (max 4)
- age   1:     954768 bytes,     954768 total
- age   2:     692600 bytes,    1647368 total
: 17788K->1611K(18624K), 0.0027773 secs] 42936K->27534K(83392K), 0.0028749 secs] [Times: user=0.01 sys=0.00, real=0.00 secs] 
47.132: [GC 47.132: [ParNew
Desired survivor size 1343488 bytes, new threshold 2 (max 4)
- age   1:     814272 bytes,     814272 total
- age   2:     901424 bytes,    1715696 total
: 17610K->1677K(18624K), 0.0041203 secs] 43533K->28277K(83392K), 0.0042211 secs] [Times: user=0.01 sys=0.00, real=0.00 secs] 
47.147: [GC 47.147: [ParNew
Desired survivor size 1343488 bytes, new threshold 4 (max 4)
- age   1:     514856 bytes,     514856 total
- age   2:     814272 bytes,    1329128 total
: 17617K->1301K(18624K), 0.0029012 secs] 44217K->28781K(83392K), 0.0030016 secs] [Times: user=0.00 sys=0.00, real=0.00 secs] 
47.163: [GC 47.163: [ParNew
Desired survivor size 1343488 bytes, new threshold 3 (max 4)
- age   1:     430728 bytes,     430728 total
- age   2:     351512 bytes,     782240 total
- age   3:     651128 bytes,    1433368 total
: 17294K->1403K(18624K), 0.0016977 secs] 44774K->28883K(83392K), 0.0017887 secs] [Times: user=0.01 sys=0.00, real=0.00 secs] 
47.177: [GC 47.177: [ParNew
Desired survivor size 1343488 bytes, new threshold 4 (max 4)
- age   1:     322176 bytes,     322176 total
- age   2:     353536 bytes,     675712 total
- age   3:     351512 bytes,    1027224 total
: 17367K->1006K(18624K), 0.0018772 secs] 44847K->28875K(83392K), 0.0019887 secs] [Times: user=0.00 sys=0.00, real=0.00 secs] 
47.191: [GC 47.191: [ParNew
Desired survivor size 1343488 bytes, new threshold 4 (max 4)
- age   1:     576000 bytes,     576000 total
- age   2:      77096 bytes,     653096 total
- age   3:     353536 bytes,    1006632 total
- age   4:     224896 bytes,    1231528 total
: 17002K->1206K(18624K), 0.0021225 secs] 44871K->29075K(83392K), 0.0022853 secs] [Times: user=0.00 sys=0.00, real=0.01 secs] 
47.204: [GC 47.205: [ParNew
Desired survivor size 1343488 bytes, new threshold 4 (max 4)
- age   1:     359416 bytes,     359416 total
- age   2:     508784 bytes,     868200 total
- age   3:      77096 bytes,     945296 total
- age   4:     353536 bytes,    1298832 total
: 17195K->1271K(18624K), 0.0020309 secs] 45064K->29360K(83392K), 0.0021290 secs] [Times: user=0.00 sys=0.00, real=0.00 secs] 
47.219: [GC 47.219: [ParNew
Desired survivor size 1343488 bytes, new threshold 4 (max 4)
- age   1:     565920 bytes,     565920 total
- age   2:     306344 bytes,     872264 total
- age   3:     425760 bytes,    1298024 total
- age   4:      77096 bytes,    1375120 total
: 17253K->1344K(18624K), 0.0022979 secs] 45342K->29778K(83392K), 0.0024358 secs] [Times: user=0.00 sys=0.00, real=0.00 secs] 
47.236: [GC 47.236: [ParNew
Desired survivor size 1343488 bytes, new threshold 4 (max 4)
- age   1:     562888 bytes,     562888 total
- age   2:     229160 bytes,     792048 total
- age   3:     306344 bytes,    1098392 total
- age   4:     425760 bytes,    1524152 total
: 17338K->1491K(18624K), 0.0033391 secs] 45772K->30001K(83392K), 0.0034215 secs] [Times: user=0.00 sys=0.00, real=0.00 secs] 
47.252: [GC 47.252: [ParNew
Desired survivor size 1343488 bytes, new threshold 4 (max 4)
- age   1:     620800 bytes,     620800 total
- age   2:     507144 bytes,    1127944 total
- age   3:      10776 bytes,    1138720 total
- age   4:      92320 bytes,    1231040 total
: 17485K->1205K(18624K), 0.0027442 secs] 45994K->29715K(83392K), 0.0028455 secs] [Times: user=0.01 sys=0.00, real=0.01 secs] 
47.267: [GC 47.267: [ParNew
Desired survivor size 1343488 bytes, new threshold 3 (max 4)
- age   1:     542576 bytes,     542576 total
- age   2:     563392 bytes,    1105968 total
- age   3:     507144 bytes,    1613112 total
- age   4:      10776 bytes,    1623888 total
: 17153K->1586K(18624K), 0.0027818 secs] 45662K->30186K(83392K), 0.0028741 secs] [Times: user=0.01 sys=0.00, real=0.00 secs] 
47.282: [GC 47.282: [ParNew
Desired survivor size 1343488 bytes, new threshold 3 (max 4)
- age   1:     877576 bytes,     877576 total
- age   2:     266752 bytes,    1144328 total
- age   3:     563392 bytes,    1707720 total
: 17582K->1678K(18624K), 0.0029302 secs] 46181K->30784K(83392K), 0.0030493 secs] [Times: user=0.00 sys=0.00, real=0.00 secs] 
47.298: [GC 47.298: [ParNew
Desired survivor size 1343488 bytes, new threshold 4 (max 4)
- age   1:     201624 bytes,     201624 total
- age   2:     754496 bytes,     956120 total
- age   3:     266752 bytes,    1222872 total
: 17652K->1197K(18624K), 0.0022258 secs] 46757K->30800K(83392K), 0.0023339 secs] [Times: user=0.00 sys=0.00, real=0.00 secs] 
47.313: [GC 47.313: [ParNew
Desired survivor size 1343488 bytes, new threshold 1 (max 4)
- age   1:    1355112 bytes,    1355112 total
- age   2:     134136 bytes,    1489248 total
- age   3:     754496 bytes,    2243744 total
- age   4:     266752 bytes,    2510496 total
: 17127K->2453K(18624K), 0.0028700 secs] 46730K->32055K(83392K), 0.0029730 secs] [Times: user=0.01 sys=0.00, real=0.00 secs] 
47.329: [GC 47.329: [ParNew
Desired survivor size 1343488 bytes, new threshold 4 (max 4)
- age   1:     373928 bytes,     373928 total
: 18380K->368K(18624K), 0.0033947 secs] 47982K->32126K(83392K), 0.0034964 secs] [Times: user=0.00 sys=0.00, real=0.01 secs] 
47.350: [GC 47.350: [ParNew
Desired survivor size 1343488 bytes, new threshold 4 (max 4)
- age   1:     261784 bytes,     261784 total
- age   2:     328624 bytes,     590408 total
: 16368K->578K(18624K), 0.0014427 secs] 48126K->32337K(83392K), 0.0015208 secs] [Times: user=0.00 sys=0.00, real=0.00 secs] 
47.364: [GC 47.364: [ParNew
Desired survivor size 1343488 bytes, new threshold 4 (max 4)
- age   1:     469192 bytes,     469192 total
- age   2:     171192 bytes,     640384 total
- age   3:     328592 bytes,     968976 total
: 16575K->952K(18624K), 0.0014634 secs] 48333K->32711K(83392K), 0.0015925 secs] [Times: user=0.00 sys=0.00, real=0.00 secs] 
47.378: [GC 47.378: [ParNew
Desired survivor size 1343488 bytes, new threshold 4 (max 4)
- age   1:     335176 bytes,     335176 total
- age   2:     308680 bytes,     643856 total
- age   3:      40432 bytes,     684288 total
- age   4:     243912 bytes,     928200 total
: 16945K->916K(18624K), 0.0016990 secs] 48704K->32675K(83392K), 0.0018001 secs] [Times: user=0.01 sys=0.00, real=0.00 secs] 
47.394: [GC 47.394: [ParNew
Desired survivor size 1343488 bytes, new threshold 4 (max 4)
- age   1:     267376 bytes,     267376 total
- age   2:     171480 bytes,     438856 total
- age   3:     181976 bytes,     620832 total
- age   4:      40320 bytes,     661152 total
: 16901K->655K(18624K), 0.0022691 secs] 48660K->32652K(83392K), 0.0023790 secs] [Times: user=0.00 sys=0.00, real=0.00 secs] 
47.408: [GC 47.409: [ParNew
Desired survivor size 1343488 bytes, new threshold 4 (max 4)
- age   1:      98080 bytes,      98080 total
- age   2:     259384 bytes,     357464 total
- age   3:     171480 bytes,     528944 total
- age   4:      86472 bytes,     615416 total
: 16655K->618K(18624K), 0.0014238 secs] 48651K->32652K(83392K), 0.0015670 secs] [Times: user=0.00 sys=0.00, real=0.00 secs] 
47.411: [GC [1 CMS-initial-mark: 32034K(64768K)] 33421K(83392K), 0.0007824 secs] [Times: user=0.00 sys=0.00, real=0.00 secs] 
47.412: [CMS-concurrent-mark-start]
47.427: [GC 47.427: [ParNew
Desired survivor size 1343488 bytes, new threshold 4 (max 4)
- age   1:     551152 bytes,     551152 total
- age   2:       5816 bytes,     556968 total
- age   3:     106016 bytes,     662984 total
- age   4:     171480 bytes,     834464 total
: 16599K->818K(18624K), 0.0018849 secs] 48633K->32937K(83392K), 0.0019706 secs] [Times: user=0.00 sys=0.00, real=0.00 secs] 
47.444: [GC 47.444: [ParNew
Desired survivor size 1343488 bytes, new threshold 4 (max 4)
- age   1:     142424 bytes,     142424 total
- age   2:     503704 bytes,     646128 total
- age   3:       5816 bytes,     651944 total
- age   4:      73024 bytes,     724968 total
: 16815K->717K(18624K), 0.0014578 secs] 48934K->33004K(83392K), 0.0015327 secs] [Times: user=0.01 sys=0.00, real=0.00 secs] 
47.458: [GC 47.458: [ParNew
Desired survivor size 1343488 bytes, new threshold 4 (max 4)
- age   1:     119992 bytes,     119992 total
- age   2:     106896 bytes,     226888 total
- age   3:     453912 bytes,     680800 total
- age   4:       5816 bytes,     686616 total
: 16705K->683K(18624K), 0.0016976 secs] 48991K->33040K(83392K), 0.0017791 secs] [Times: user=0.00 sys=0.00, real=0.00 secs] 
47.474: [GC 47.474: [ParNew
Desired survivor size 1343488 bytes, new threshold 4 (max 4)
- age   1:     389344 bytes,     389344 total
- age   3:     106896 bytes,     496240 total
- age   4:     295544 bytes,     791784 total
: 16683K->779K(18624K), 0.0023833 secs] 49040K->33143K(83392K), 0.0024932 secs] [Times: user=0.00 sys=0.00, real=0.00 secs] 
47.491: [GC 47.492: [ParNew
Desired survivor size 1343488 bytes, new threshold 4 (max 4)
- age   1:     789848 bytes,     789848 total
- age   2:     281280 bytes,    1071128 total
- age   4:     106896 bytes,    1178024 total
: 16768K->1151K(18624K), 0.0022433 secs] 49131K->33803K(83392K), 0.0023590 secs] [Times: user=0.00 sys=0.00, real=0.01 secs] 
47.507: [CMS-concurrent-mark: 0.082/0.095 secs] [Times: user=0.15 sys=0.00, real=0.10 secs] 
47.507: [CMS-concurrent-preclean-start]
47.508: [CMS-concurrent-preclean: 0.001/0.001 secs] [Times: user=0.00 sys=0.00, real=0.00 secs] 
47.508: [CMS-concurrent-abortable-preclean-start]
47.508: [GC 47.508: [ParNew
Desired survivor size 1343488 bytes, new threshold 4 (max 4)
- age   1:     261368 bytes,     261368 total
- age   2:     612176 bytes,     873544 total
- age   3:     256248 bytes,    1129792 total
: 17079K->1106K(18624K), 0.0032766 secs] 49731K->33862K(83392K), 0.0033696 secs] [Times: user=0.01 sys=0.00, real=0.00 secs] 
47.524: [GC 47.524: [ParNew
Desired survivor size 1343488 bytes, new threshold 4 (max 4)
- age   1:     233416 bytes,     233416 total
- age   2:      57752 bytes,     291168 total
- age   3:     612176 bytes,     903344 total
- age   4:     255960 bytes,    1159304 total
: 17082K->1135K(18624K), 0.0018492 secs] 49838K->33891K(83392K), 0.0019596 secs] [Times: user=0.00 sys=0.00, real=0.00 secs] 
47.539: [GC 47.539: [ParNew
Desired survivor size 1343488 bytes, new threshold 4 (max 4)
- age   1:     150080 bytes,     150080 total
- age   2:     219656 bytes,     369736 total
- age   4:     612176 bytes,     981912 total
: 17132K->963K(18624K), 0.0021022 secs] 49888K->33969K(83392K), 0.0021999 secs] [Times: user=0.00 sys=0.00, real=0.00 secs] 
47.554: [GC 47.554: [ParNew
Desired survivor size 1343488 bytes, new threshold 4 (max 4)
- age   1:     882528 bytes,     882528 total
- age   2:     124000 bytes,    1006528 total
- age   3:      63048 bytes,    1069576 total
: 16956K->1049K(18624K), 0.0021863 secs] 49962K->34653K(83392K), 0.0022816 secs] [Times: user=0.00 sys=0.00, real=0.00 secs] 
47.568: [GC 47.568: [ParNew
Desired survivor size 1343488 bytes, new threshold 2 (max 4)
- age   1:     850224 bytes,     850224 total
- age   2:     752352 bytes,    1602576 total
- age   3:     124000 bytes,    1726576 total
- age   4:      63448 bytes,    1790024 total
: 17010K->1750K(18624K), 0.0021984 secs] 50614K->35354K(83392K), 0.0022992 secs] [Times: user=0.01 sys=0.00, real=0.00 secs] 
47.582: [GC 47.582: [ParNew
Desired survivor size 1343488 bytes, new threshold 2 (max 4)
- age   1:     668784 bytes,     668784 total
- age   2:     781048 bytes,    1449832 total
: 17714K->1425K(18624K), 0.0027099 secs] 51318K->35429K(83392K), 0.0028248 secs] [Times: user=0.00 sys=0.00, real=0.01 secs] 
47.597: [GC 47.597: [ParNew
Desired survivor size 1343488 bytes, new threshold 2 (max 4)
- age   1:     867752 bytes,     867752 total
- age   2:     593440 bytes,    1461192 total
: 17402K->1430K(18624K), 0.0026479 secs] 51407K->36167K(83392K), 0.0027669 secs] [Times: user=0.00 sys=0.00, real=0.00 secs] 
47.613: [GC 47.614: [ParNew
Desired survivor size 1343488 bytes, new threshold 4 (max 4)
- age   1:     157408 bytes,     157408 total
- age   2:     389448 bytes,     546856 total
: 17392K->537K(18624K), 0.0032411 secs] 52129K->35853K(83392K), 0.0033600 secs] [Times: user=0.01 sys=0.00, real=0.00 secs] 
47.629: [GC 47.629: [ParNew
Desired survivor size 1343488 bytes, new threshold 4 (max 4)
- age   1:     465032 bytes,     465032 total
- age   2:     119232 bytes,     584264 total
- age   3:     229744 bytes,     814008 total
: 16494K->797K(18624K), 0.0013989 secs] 51810K->36114K(83392K), 0.0014881 secs] [Times: user=0.01 sys=0.00, real=0.00 secs] 
47.643: [GC 47.643: [ParNew
Desired survivor size 1343488 bytes, new threshold 4 (max 4)
- age   1:     571216 bytes,     571216 total
- age   2:     420096 bytes,     991312 total
- age   3:     119232 bytes,    1110544 total
- age   4:     229744 bytes,    1340288 total
: 16794K->1311K(18624K), 0.0019045 secs] 52110K->36627K(83392K), 0.0020152 secs] [Times: user=0.00 sys=0.00, real=0.00 secs] 
47.657: [GC 47.657: [ParNew
Desired survivor size 1343488 bytes, new threshold 4 (max 4)
- age   1:     503768 bytes,     503768 total
- age   2:     387392 bytes,     891160 total
- age   3:     420096 bytes,    1311256 total
- age   4:     119232 bytes,    1430488 total
: 17263K->1399K(18624K), 0.0023248 secs] 52579K->36940K(83392K), 0.0024335 secs] [Times: user=0.00 sys=0.00, real=0.00 secs] 
47.671: [GC 47.672: [ParNew
Desired survivor size 1343488 bytes, new threshold 4 (max 4)
- age   1:     544360 bytes,     544360 total
- age   2:     366224 bytes,     910584 total
- age   3:     273784 bytes,    1184368 total
- age   4:     420096 bytes,    1604464 total
: 17369K->1570K(18624K), 0.0021980 secs] 52910K->37227K(83392K), 0.0022938 secs] [Times: user=0.01 sys=0.00, real=0.01 secs] 
47.685: [GC 47.685: [ParNew
Desired survivor size 1343488 bytes, new threshold 3 (max 4)
- age   1:     768144 bytes,     768144 total
- age   2:     463160 bytes,    1231304 total
- age   3:     366224 bytes,    1597528 total
- age   4:     273784 bytes,    1871312 total
: 17525K->1831K(18624K), 0.0026547 secs] 53182K->37617K(83392K), 0.0030135 secs] [Times: user=0.01 sys=0.00, real=0.00 secs] 
47.703: [GC 47.703: [ParNew
Desired survivor size 1343488 bytes, new threshold 4 (max 4)
- age   1:     612616 bytes,     612616 total
- age   2:     283784 bytes,     896400 total
- age   3:     263664 bytes,    1160064 total
: 17831K->1136K(18624K), 0.0021837 secs] 53617K->37477K(83392K), 0.0022732 secs] [Times: user=0.01 sys=0.00, real=0.00 secs] 
47.717: [GC 47.717: [ParNew
Desired survivor size 1343488 bytes, new threshold 2 (max 4)
- age   1:     822112 bytes,     822112 total
- age   2:     571328 bytes,    1393440 total
- age   3:     115144 bytes,    1508584 total
: 17118K->1476K(18624K), 0.0021256 secs] 53459K->37817K(83392K), 0.0022270 secs] [Times: user=0.00 sys=0.00, real=0.00 secs] 
47.731: [GC 47.731: [ParNew
Desired survivor size 1343488 bytes, new threshold 4 (max 4)
- age   1:     265192 bytes,     265192 total
- age   2:     706720 bytes,     971912 total
: 17469K->962K(18624K), 0.0025533 secs] 53810K->37860K(83392K), 0.0026589 secs] [Times: user=0.00 sys=0.00, real=0.01 secs] 
47.745: [GC 47.745: [ParNew
Desired survivor size 1343488 bytes, new threshold 3 (max 4)
- age   1:     556536 bytes,     556536 total
- age   2:     260648 bytes,     817184 total
- age   3:     706720 bytes,    1523904 total
: 16940K->1492K(18624K), 0.0020974 secs] 53838K->38390K(83392K), 0.0022201 secs] [Times: user=0.01 sys=0.00, real=0.00 secs] 
47.760: [GC 47.760: [ParNew
Desired survivor size 1343488 bytes, new threshold 4 (max 4)
- age   1:     426096 bytes,     426096 total
- age   2:     476832 bytes,     902928 total
- age   3:     260648 bytes,    1163576 total
: 17462K->1139K(18624K), 0.0021451 secs] 54360K->38281K(83392K), 0.0022664 secs] [Times: user=0.00 sys=0.00, real=0.00 secs] 
47.774: [GC 47.774: [ParNew
Desired survivor size 1343488 bytes, new threshold 4 (max 4)
- age   1:     134864 bytes,     134864 total
- age   2:     343336 bytes,     478200 total
- age   3:     476832 bytes,     955032 total
- age   4:     260648 bytes,    1215680 total
: 17137K->1190K(18624K), 0.0019012 secs] 54279K->38332K(83392K), 0.0019884 secs] [Times: user=0.00 sys=0.00, real=0.00 secs] 
47.791: [GC 47.791: [ParNew
Desired survivor size 1343488 bytes, new threshold 4 (max 4)
- age   1:     370576 bytes,     370576 total
- age   2:      85376 bytes,     455952 total
- age   3:      86400 bytes,     542352 total
- age   4:     404424 bytes,     946776 total
: 17172K->926K(18624K), 0.0018563 secs] 54314K->38323K(83392K), 0.0019539 secs] [Times: user=0.00 sys=0.00, real=0.01 secs] 
47.806: [CMS-concurrent-abortable-preclean: 0.011/0.298 secs] [Times: user=0.46 sys=0.02, real=0.30 secs] 
47.807: [GC[YG occupancy: 16926 K (18624 K)]47.807: [Rescan (parallel) , 0.0012896 secs]47.808: [weak refs processing, 0.0000073 secs] [1 CMS-remark: 37396K(64768K)] 54323K(83392K), 0.0013702 secs] [Times: user=0.01 sys=0.00, real=0.00 secs] 
47.808: [CMS-concurrent-sweep-start]
47.808: [GC 47.808: [ParNew
Desired survivor size 1343488 bytes, new threshold 4 (max 4)
- age   1:     530152 bytes,     530152 total
- age   2:      55904 bytes,     586056 total
- age   3:      85376 bytes,     671432 total
- age   4:      86400 bytes,     757832 total
: 16926K->741K(18624K), 0.0014478 secs] 54323K->38533K(83392K), 0.0015102 secs] [Times: user=0.00 sys=0.00, real=0.00 secs] 
47.827: [CMS-concurrent-sweep: 0.017/0.019 secs] [Times: user=0.03 sys=0.00, real=0.02 secs] 
47.827: [CMS-concurrent-reset-start]
47.828: [GC 47.828: [ParNew
Desired survivor size 1343488 bytes, new threshold 4 (max 4)
- age   1:      67520 bytes,      67520 total
- age   2:     530152 bytes,     597672 total
- age   3:        120 bytes,     597792 total
- age   4:        336 bytes,     598128 total
: 16741K->588K(18624K), 0.0012233 secs] 29473K->13404K(83392K), 0.0012842 secs] [Times: user=0.00 sys=0.00, real=0.00 secs] 
47.830: [CMS-concurrent-reset: 0.002/0.003 secs] [Times: user=0.00 sys=0.00, real=0.00 secs] 
47.841: [GC 47.841: [ParNew
Desired survivor size 1343488 bytes, new threshold 4 (max 4)
- age   1:     149656 bytes,     149656 total
- age   2:       7608 bytes,     157264 total
- age   3:     367808 bytes,     525072 total
- age   4:        120 bytes,     525192 total
: 16531K->521K(18624K), 0.0021020 secs] 29347K->13337K(83392K), 0.0022002 secs] [Times: user=0.00 sys=0.00, real=0.01 secs] 
47.853: [GC 47.854: [ParNew
Desired survivor size 1343488 bytes, new threshold 4 (max 4)
- age   1:     267672 bytes,     267672 total
- age   2:      65304 bytes,     332976 total
- age   3:       7608 bytes,     340584 total
- age   4:     367808 bytes,     708392 total
: 16520K->697K(18624K), 0.0017079 secs] 29336K->13513K(83392K), 0.0018074 secs] [Times: user=0.00 sys=0.00, real=0.00 secs] 
47.869: [GC 47.869: [ParNew
Desired survivor size 1343488 bytes, new threshold 4 (max 4)
- age   1:     577320 bytes,     577320 total
- age   2:      43696 bytes,     621016 total
- age   3:      65304 bytes,     686320 total
- age   4:       7608 bytes,     693928 total
: 16637K->684K(18624K), 0.0016993 secs] 29453K->13859K(83392K), 0.0017899 secs] [Times: user=0.00 sys=0.00, real=0.00 secs] 
47.884: [GC 47.884: [ParNew
Desired survivor size 1343488 bytes, new threshold 1 (max 4)
- age   1:    1616872 bytes,    1616872 total
- age   2:     492176 bytes,    2109048 total
- age   3:      43696 bytes,    2152744 total
: 16642K->2115K(18624K), 0.0038076 secs] 29817K->15297K(83392K), 0.0039066 secs] [Times: user=0.00 sys=0.00, real=0.00 secs] 
47.899: [GC 47.899: [ParNew
Desired survivor size 1343488 bytes, new threshold 4 (max 4)
- age   1:     414040 bytes,     414040 total
: 18084K->409K(18624K), 0.0029979 secs] 31266K->15325K(83392K), 0.0031180 secs] [Times: user=0.01 sys=0.00, real=0.01 secs] 
47.915: [GC 47.915: [ParNew
Desired survivor size 1343488 bytes, new threshold 4 (max 4)
- age   1:     341136 bytes,     341136 total
- age   2:     286816 bytes,     627952 total
: 16382K->615K(18624K), 0.0013613 secs] 31298K->15531K(83392K), 0.0014618 secs] [Times: user=0.00 sys=0.00, real=0.00 secs] 
47.932: [GC 47.932: [ParNew
Desired survivor size 1343488 bytes, new threshold 4 (max 4)
- age   1:     504176 bytes,     504176 total
- age   2:     278560 bytes,     782736 total
- age   3:     286816 bytes,    1069552 total
: 16615K->1047K(18624K), 0.0019593 secs] 31531K->15963K(83392K), 0.0020566 secs] [Times: user=0.00 sys=0.00, real=0.01 secs] 
47.956: [GC 47.956: [ParNew
Desired survivor size 1343488 bytes, new threshold 4 (max 4)
- age   1:     431968 bytes,     431968 total
- age   2:     424512 bytes,     856480 total
- age   3:       4680 bytes,     861160 total
- age   4:     113584 bytes,     974744 total
: 17047K->956K(18624K), 0.0016038 secs] 31963K->15871K(83392K), 0.0016905 secs] [Times: user=0.00 sys=0.00, real=0.00 secs] 
47.970: [GC 47.971: [ParNew
Desired survivor size 1343488 bytes, new threshold 4 (max 4)
- age   1:     191864 bytes,     191864 total
- age   2:     284360 bytes,     476224 total
- age   3:     350944 bytes,     827168 total
- age   4:       4360 bytes,     831528 total
: 16953K->832K(18624K), 0.0015210 secs] 31869K->15859K(83392K), 0.0016111 secs] [Times: user=0.00 sys=0.00, real=0.01 secs] 
47.986: [GC 47.986: [ParNew
Desired survivor size 1343488 bytes, new threshold 4 (max 4)
- age   1:     319464 bytes,     319464 total
- age   2:     117328 bytes,     436792 total
- age   3:     260928 bytes,     697720 total
- age   4:     350944 bytes,    1048664 total
: 16830K->1034K(18624K), 0.0015456 secs] 31857K->16065K(83392K), 0.0016354 secs] [Times: user=0.00 sys=0.00, real=0.00 secs] 
48.000: [GC 48.000: [ParNew
Desired survivor size 1343488 bytes, new threshold 4 (max 4)
- age   1:     118944 bytes,     118944 total
- age   2:     248408 bytes,     367352 total
- age   3:     117328 bytes,     484680 total
- age   4:     192600 bytes,     677280 total
: 17028K->732K(18624K), 0.0015703 secs] 32059K->16106K(83392K), 0.0016566 secs] [Times: user=0.00 sys=0.00, real=0.00 secs] 
48.014: [GC 48.015: [ParNew
Desired survivor size 1343488 bytes, new threshold 4 (max 4)
- age   1:     343368 bytes,     343368 total
- age   3:     248376 bytes,     591744 total
- age   4:     117328 bytes,     709072 total
: 16705K->760K(18624K), 0.0020828 secs] 32078K->16321K(83392K), 0.0021925 secs] [Times: user=0.00 sys=0.00, real=0.00 secs] 
48.028: [GC 48.029: [ParNew
Desired survivor size 1343488 bytes, new threshold 4 (max 4)
- age   1:     188344 bytes,     188344 total
- age   2:     304256 bytes,     492600 total
- age   4:     192384 bytes,     684984 total
: 16760K->691K(18624K), 0.0015098 secs] 32321K->16367K(83392K), 0.0015970 secs] [Times: user=0.00 sys=0.00, real=0.00 secs] 
48.043: [GC 48.043: [ParNew
Desired survivor size 1343488 bytes, new threshold 4 (max 4)
- age   1:     802536 bytes,     802536 total
- age   2:     140520 bytes,     943056 total
- age   3:     268288 bytes,    1211344 total
: 16652K->1239K(18624K), 0.0018055 secs] 32328K->16995K(83392K), 0.0019164 secs] [Times: user=0.00 sys=0.00, real=0.00 secs] 
48.056: [GC 48.056: [ParNew
Desired survivor size 1343488 bytes, new threshold 3 (max 4)
- age   1:     442440 bytes,     442440 total
- age   2:     771144 bytes,    1213584 total
- age   3:     140520 bytes,    1354104 total
- age   4:     268288 bytes,    1622392 total
: 17206K->1622K(18624K), 0.0024290 secs] 32962K->17378K(83392K), 0.0025281 secs] [Times: user=0.01 sys=0.00, real=0.00 secs] 
48.070: [GC 48.071: [ParNew
Desired survivor size 1343488 bytes, new threshold 4 (max 4)
- age   1:     131928 bytes,     131928 total
- age   2:     402968 bytes,     534896 total
- age   3:     771144 bytes,    1306040 total
: 17619K->1324K(18624K), 0.0027279 secs] 33375K->17477K(83392K), 0.0028360 secs] [Times: user=0.00 sys=0.00, real=0.01 secs] 
48.084: [GC 48.084: [ParNew
Desired survivor size 1343488 bytes, new threshold 4 (max 4)
- age   1:     316560 bytes,     316560 total
- age   2:      92400 bytes,     408960 total
- age   3:     321784 bytes,     730744 total
- age   4:     771144 bytes,    1501888 total
: 17311K->1483K(18624K), 0.0031288 secs] 33464K->17636K(83392K), 0.0032305 secs] [Times: user=0.00 sys=0.00, real=0.00 secs] 
48.099: [GC 48.099: [ParNew
Desired survivor size 1343488 bytes, new threshold 4 (max 4)
- age   1:     327928 bytes,     327928 total
- age   2:     233552 bytes,     561480 total
- age   3:      92400 bytes,     653880 total
- age   4:     321784 bytes,     975664 total
: 17432K->972K(18624K), 0.0020373 secs] 33585K->17878K(83392K), 0.0021616 secs] [Times: user=0.01 sys=0.00, real=0.00 secs] 
48.113: [GC 48.114: [ParNew
Desired survivor size 1343488 bytes, new threshold 4 (max 4)
- age   1:     278536 bytes,     278536 total
- age   2:     242784 bytes,     521320 total
- age   3:      42816 bytes,     564136 total
- age   4:       6760 bytes,     570896 total
: 16965K->569K(18624K), 0.0015870 secs] 33871K->17729K(83392K), 0.0017035 secs] [Times: user=0.00 sys=0.00, real=0.00 secs] 
48.127: [GC 48.127: [ParNew
Desired survivor size 1343488 bytes, new threshold 4 (max 4)
- age   1:     587288 bytes,     587288 total
- age   2:     252040 bytes,     839328 total
- age   3:     242784 bytes,    1082112 total
- age   4:      42816 bytes,    1124928 total
: 16564K->1153K(18624K), 0.0018006 secs] 33723K->18320K(83392K), 0.0018955 secs] [Times: user=0.00 sys=0.00, real=0.00 secs] 
48.141: [GC 48.141: [ParNew
Desired survivor size 1343488 bytes, new threshold 4 (max 4)
- age   1:     179680 bytes,     179680 total
- age   2:     527152 bytes,     706832 total
- age   3:     252040 bytes,     958872 total
- age   4:     242784 bytes,    1201656 total
: 17152K->1194K(18624K), 0.0018891 secs] 34318K->18402K(83392K), 0.0019790 secs] [Times: user=0.00 sys=0.00, real=0.01 secs] 
48.157: [GC 48.158: [ParNew
Desired survivor size 1343488 bytes, new threshold 4 (max 4)
- age   1:     335680 bytes,     335680 total
- age   2:     148984 bytes,     484664 total
- age   3:     527152 bytes,    1011816 total
- age   4:      45320 bytes,    1057136 total
: 17157K->1067K(18624K), 0.0017446 secs] 34365K->18275K(83392K), 0.0018912 secs] [Times: user=0.00 sys=0.00, real=0.00 secs] 
48.172: [GC 48.172: [ParNew
Desired survivor size 1343488 bytes, new threshold 4 (max 4)
- age   1:     425480 bytes,     425480 total
- age   2:     190264 bytes,     615744 total
- age   3:     131552 bytes,     747296 total
- age   4:     527152 bytes,    1274448 total
: 17055K->1252K(18624K), 0.0018933 secs] 34263K->18460K(83392K), 0.0020086 secs] [Times: user=0.00 sys=0.00, real=0.01 secs] 
48.186: [GC 48.186: [ParNew
Desired survivor size 1343488 bytes, new threshold 4 (max 4)
- age   1:     271264 bytes,     271264 total
- age   2:     373392 bytes,     644656 total
- age   3:     190264 bytes,     834920 total
- age   4:      66880 bytes,     901800 total
: 17228K->883K(18624K), 0.0026690 secs] 34436K->18606K(83392K), 0.0027637 secs] [Times: user=0.01 sys=0.00, real=0.00 secs] 
48.201: [GC 48.202: [ParNew
Desired survivor size 1343488 bytes, new threshold 4 (max 4)
- age   1:     630376 bytes,     630376 total
- age   2:     136712 bytes,     767088 total
- age   3:     289400 bytes,    1056488 total
- age   4:      34064 bytes,    1090552 total
: 16882K->1069K(18624K), 0.0018325 secs] 34604K->18857K(83392K), 0.0019324 secs] [Times: user=0.01 sys=0.00, real=0.01 secs] 
48.216: [GC 48.216: [ParNew
Desired survivor size 1343488 bytes, new threshold 4 (max 4)
- age   1:     258168 bytes,     258168 total
- age   2:     293240 bytes,     551408 total
- age   3:     136712 bytes,     688120 total
- age   4:     196736 bytes,     884856 total
: 17017K->896K(18624K), 0.0016048 secs] 34805K->18717K(83392K), 0.0017176 secs] [Times: user=0.00 sys=0.00, real=0.00 secs] 
48.230: [GC 48.230: [ParNew
Desired survivor size 1343488 bytes, new threshold 4 (max 4)
- age   1:     530368 bytes,     530368 total
- age   2:     176544 bytes,     706912 total
- age   3:     293208 bytes,    1000120 total
- age   4:     136712 bytes,    1136832 total
: 16873K->1135K(18624K), 0.0019575 secs] 34694K->19149K(83392K), 0.0020525 secs] [Times: user=0.00 sys=0.00, real=0.00 secs] 
48.244: [GC 48.244: [ParNew
Desired survivor size 1343488 bytes, new threshold 4 (max 4)
- age   1:     330656 bytes,     330656 total
- age   2:     447360 bytes,     778016 total
- age   3:      38208 bytes,     816224 total
- age   4:     293208 bytes,    1109432 total
: 17127K->1089K(18624K), 0.0019367 secs] 35140K->19236K(83392K), 0.0020374 secs] [Times: user=0.00 sys=0.00, real=0.00 secs] 
48.257: [GC 48.257: [ParNew
Desired survivor size 1343488 bytes, new threshold 4 (max 4)
- age   1:     493056 bytes,     493056 total
- age   3:     229856 bytes,     722912 total
- age   4:      38208 bytes,     761120 total
: 17039K->746K(18624K), 0.0019408 secs] 35186K->19180K(83392K), 0.0020558 secs] [Times: user=0.01 sys=0.00, real=0.00 secs] 
48.274: [GC 48.274: [ParNew
Desired survivor size 1343488 bytes, new threshold 4 (max 4)
- age   1:     599928 bytes,     599928 total
- age   2:     155936 bytes,     755864 total
- age   4:     229856 bytes,     985720 total
: 16714K->965K(18624K), 0.0018446 secs] 35147K->19436K(83392K), 0.0019366 secs] [Times: user=0.01 sys=0.00, real=0.00 secs] 
48.287: [GC 48.287: [ParNew
Desired survivor size 1343488 bytes, new threshold 4 (max 4)
- age   1:     294112 bytes,     294112 total
- age   2:     323312 bytes,     617424 total
- age   3:     155936 bytes,     773360 total
: 16939K->758K(18624K), 0.0023024 secs] 35409K->19453K(83392K), 0.0024191 secs] [Times: user=0.00 sys=0.00, real=0.00 secs] 
48.302: [GC 48.302: [ParNew
Desired survivor size 1343488 bytes, new threshold 4 (max 4)
- age   1:     113448 bytes,     113448 total
- age   3:     322576 bytes,     436024 total
- age   4:     155936 bytes,     591960 total
: 16705K->581K(18624K), 0.0012620 secs] 35400K->19276K(83392K), 0.0015415 secs] [Times: user=0.00 sys=0.00, real=0.01 secs] 
48.319: [GC 48.320: [ParNew
Desired survivor size 1343488 bytes, new threshold 4 (max 4)
- age   1:     172680 bytes,     172680 total
- age   2:      72712 bytes,     245392 total
- age   4:     322576 bytes,     567968 total
: 16578K->559K(18624K), 0.0018568 secs] 35273K->19406K(83392K), 0.0020031 secs] [Times: user=0.01 sys=0.00, real=0.00 secs] 
48.334: [GC 48.334: [ParNew
Desired survivor size 1343488 bytes, new threshold 4 (max 4)
- age   1:     160296 bytes,     160296 total
- age   2:     169176 bytes,     329472 total
- age   3:      72712 bytes,     402184 total
: 16535K->405K(18624K), 0.0016258 secs] 35383K->19567K(83392K), 0.0017299 secs] [Times: user=0.01 sys=0.00, real=0.00 secs] 
48.350: [GC 48.350: [ParNew
Desired survivor size 1343488 bytes, new threshold 4 (max 4)
- age   1:     159480 bytes,     159480 total
- age   2:     137456 bytes,     296936 total
- age   3:     134704 bytes,     431640 total
- age   4:      72008 bytes,     503648 total
: 16405K->496K(18624K), 0.0012010 secs] 35567K->19658K(83392K), 0.0012909 secs] [Times: user=0.00 sys=0.00, real=0.00 secs] 
48.362: [GC 48.363: [ParNew
Desired survivor size 1343488 bytes, new threshold 4 (max 4)
- age   1:     303632 bytes,     303632 total
- age   2:      78696 bytes,     382328 total
- age   3:      60160 bytes,     442488 total
- age   4:     134704 bytes,     577192 total
: 16473K->576K(18624K), 0.0015361 secs] 35635K->19809K(83392K), 0.0016330 secs] [Times: user=0.00 sys=0.00, real=0.00 secs] 
48.377: [GC 48.377: [ParNew
Desired survivor size 1343488 bytes, new threshold 4 (max 4)
- age   1:     460080 bytes,     460080 total
- age   2:     174672 bytes,     634752 total
- age   3:      78696 bytes,     713448 total
- age   4:      60160 bytes,     773608 total
: 16565K->773K(18624K), 0.0018789 secs] 35797K->20137K(83392K), 0.0019740 secs] [Times: user=0.01 sys=0.00, real=0.00 secs] 
48.390: [GC 48.390: [ParNew
Desired survivor size 1343488 bytes, new threshold 4 (max 4)
- age   1:     376216 bytes,     376216 total
- age   2:     283920 bytes,     660136 total
- age   3:     174672 bytes,     834808 total
- age   4:      78696 bytes,     913504 total
: 16728K->898K(18624K), 0.0016527 secs] 36093K->20321K(83392K), 0.0017482 secs] [Times: user=0.01 sys=0.00, real=0.00 secs] 
48.404: [GC 48.404: [ParNew
Desired survivor size 1343488 bytes, new threshold 2 (max 4)
- age   1:    1278256 bytes,    1278256 total
- age   2:     304600 bytes,    1582856 total
- age   3:     191944 bytes,    1774800 total
- age   4:     174672 bytes,    1949472 total
: 16877K->1910K(18624K), 0.0024288 secs] 36300K->21410K(83392K), 0.0025515 secs] [Times: user=0.00 sys=0.00, real=0.00 secs] 
48.419: [GC 48.419: [ParNew
Desired survivor size 1343488 bytes, new threshold 2 (max 4)
- age   1:     319920 bytes,     319920 total
- age   2:    1225424 bytes,    1545344 total
: 17873K->1514K(18624K), 0.0023793 secs] 37373K->21439K(83392K), 0.0025125 secs] [Times: user=0.00 sys=0.00, real=0.00 secs] 
48.434: [GC 48.434: [ParNew
Desired survivor size 1343488 bytes, new threshold 4 (max 4)
- age   1:     442784 bytes,     442784 total
- age   2:      82616 bytes,     525400 total
: 17459K->516K(18624K), 0.0022282 secs] 37384K->21556K(83392K), 0.0023247 secs] [Times: user=0.01 sys=0.00, real=0.00 secs] 
48.447: [GC 48.447: [ParNew
Desired survivor size 1343488 bytes, new threshold 4 (max 4)
- age   1:     482000 bytes,     482000 total
- age   2:     322456 bytes,     804456 total
- age   3:      82616 bytes,     887072 total
: 16456K->869K(18624K), 0.0016396 secs] 37496K->21909K(83392K), 0.0017478 secs] [Times: user=0.00 sys=0.00, real=0.00 secs] 
48.462: [GC 48.462: [ParNew
Desired survivor size 1343488 bytes, new threshold 3 (max 4)
- age   1:     704416 bytes,     704416 total
- age   2:     401064 bytes,    1105480 total
- age   3:     322456 bytes,    1427936 total
- age   4:      82616 bytes,    1510552 total
: 16867K->1478K(18624K), 0.0020171 secs] 37906K->22517K(83392K), 0.0021332 secs] [Times: user=0.00 sys=0.00, real=0.01 secs] 
48.475: [GC 48.475: [ParNew
Desired survivor size 1343488 bytes, new threshold 4 (max 4)
- age   1:     289952 bytes,     289952 total
- age   2:     541048 bytes,     831000 total
- age   3:     133528 bytes,     964528 total
: 17422K->945K(18624K), 0.0020255 secs] 38461K->22380K(83392K), 0.0021934 secs] [Times: user=0.00 sys=0.00, real=0.00 secs] 
48.494: [GC 48.494: [ParNew
Desired survivor size 1343488 bytes, new threshold 3 (max 4)
- age   1:     821720 bytes,     821720 total
- age   2:      66824 bytes,     888544 total
- age   3:     541048 bytes,    1429592 total
- age   4:     133528 bytes,    1563120 total
: 16940K->1528K(18624K), 0.0021918 secs] 38375K->22963K(83392K), 0.0022705 secs] [Times: user=0.00 sys=0.00, real=0.00 secs] 
48.510: [GC 48.510: [ParNew
Desired survivor size 1343488 bytes, new threshold 4 (max 4)
- age   1:     284816 bytes,     284816 total
- age   2:     669472 bytes,     954288 total
- age   3:      66824 bytes,    1021112 total
: 17528K->999K(18624K), 0.0023603 secs] 38963K->22980K(83392K), 0.0024757 secs] [Times: user=0.01 sys=0.00, real=0.01 secs] 
48.526: [GC 48.526: [ParNew
Desired survivor size 1343488 bytes, new threshold 4 (max 4)
- age   1:     593304 bytes,     593304 total
- age   2:     131568 bytes,     724872 total
- age   3:     301712 bytes,    1026584 total
- age   4:      66824 bytes,    1093408 total
: 16943K->1069K(18624K), 0.0020256 secs] 38924K->23050K(83392K), 0.0021263 secs] [Times: user=0.00 sys=0.00, real=0.00 secs] 
48.542: [GC 48.542: [ParNew
Desired survivor size 1343488 bytes, new threshold 4 (max 4)
- age   1:     184800 bytes,     184800 total
- age   2:     341120 bytes,     525920 total
- age   3:     131568 bytes,     657488 total
- age   4:     301712 bytes,     959200 total
: 16998K->951K(18624K), 0.0015476 secs] 38979K->22997K(83392K), 0.0016383 secs] [Times: user=0.00 sys=0.00, real=0.00 secs] 
48.555: [GC 48.555: [ParNew
Desired survivor size 1343488 bytes, new threshold 4 (max 4)
- age   1:     378912 bytes,     378912 total
- age   2:     106064 bytes,     484976 total
- age   3:     111456 bytes,     596432 total
- age   4:      70032 bytes,     666464 total
: 16909K->672K(18624K), 0.0015466 secs] 38956K->22957K(83392K), 0.0016418 secs] [Times: user=0.00 sys=0.00, real=0.00 secs] 
48.568: [GC 48.568: [ParNew
Desired survivor size 1343488 bytes, new threshold 4 (max 4)
- age   1:     228816 bytes,     228816 total
- age   2:     296448 bytes,     525264 total
- age   3:      52336 bytes,     577600 total
- age   4:     111456 bytes,     689056 total
: 16663K->698K(18624K), 0.0016445 secs] 38948K->23050K(83392K), 0.0017468 secs] [Times: user=0.01 sys=0.00, real=0.00 secs] 
48.588: [GC 48.588: [ParNew
Desired survivor size 1343488 bytes, new threshold 4 (max 4)
- age   1:     157184 bytes,     157184 total
- age   2:      80168 bytes,     237352 total
- age   3:     123752 bytes,     361104 total
- age   4:      52336 bytes,     413440 total
: 16693K->431K(18624K), 0.0012590 secs] 39045K->22892K(83392K), 0.0013220 secs] [Times: user=0.00 sys=0.00, real=0.00 secs] 
48.601: [GC 48.601: [ParNew
Desired survivor size 1343488 bytes, new threshold 4 (max 4)
- age   1:     567416 bytes,     567416 total
- age   2:     139016 bytes,     706432 total
- age   3:      18400 bytes,     724832 total
- age   4:     123752 bytes,     848584 total
: 16391K->847K(18624K), 0.0023103 secs] 38851K->23359K(83392K), 0.0024301 secs] [Times: user=0.00 sys=0.00, real=0.01 secs] 
48.617: [GC 48.617: [ParNew
Desired survivor size 1343488 bytes, new threshold 4 (max 4)
- age   1:     638648 bytes,     638648 total
- age   2:     384168 bytes,    1022816 total
- age   3:     137816 bytes,    1160632 total
- age   4:      18400 bytes,    1179032 total
: 16831K->1164K(18624K), 0.0022173 secs] 39343K->23797K(83392K), 0.0023363 secs] [Times: user=0.00 sys=0.00, real=0.00 secs] 
48.631: [GC 48.631: [ParNew
Desired survivor size 1343488 bytes, new threshold 4 (max 4)
- age   1:     334168 bytes,     334168 total
- age   2:     573664 bytes,     907832 total
- age   3:     258272 bytes,    1166104 total
- age   4:     137816 bytes,    1303920 total
: 17135K->1279K(18624K), 0.0019178 secs] 39768K->23929K(83392K), 0.0020136 secs] [Times: user=0.01 sys=0.00, real=0.01 secs] 
48.646: [GC 48.646: [ParNew
Desired survivor size 1343488 bytes, new threshold 4 (max 4)
- age   1:     324984 bytes,     324984 total
- age   2:     168664 bytes,     493648 total
- age   3:     445184 bytes,     938832 total
- age   4:     258272 bytes,    1197104 total
: 17259K->1175K(18624K), 0.0019043 secs] 39910K->23915K(83392K), 0.0019957 secs] [Times: user=0.01 sys=0.00, real=0.00 secs] 
48.659: [GC 48.659: [ParNew
Desired survivor size 1343488 bytes, new threshold 4 (max 4)
- age   1:     221016 bytes,     221016 total
- age   2:     209608 bytes,     430624 total
- age   3:     168664 bytes,     599288 total
- age   4:     445184 bytes,    1044472 total
: 17156K->1024K(18624K), 0.0018899 secs] 39897K->24017K(83392K), 0.0019888 secs] [Times: user=0.00 sys=0.00, real=0.00 secs] 
48.672: [GC 48.672: [ParNew
Desired survivor size 1343488 bytes, new threshold 4 (max 4)
- age   1:     146096 bytes,     146096 total
- age   2:     143480 bytes,     289576 total
- age   3:     209608 bytes,     499184 total
- age   4:     168664 bytes,     667848 total
: 17001K->655K(18624K), 0.0019173 secs] 39995K->24083K(83392K), 0.0020175 secs] [Times: user=0.00 sys=0.00, real=0.01 secs] 
48.686: [GC 48.686: [ParNew
Desired survivor size 1343488 bytes, new threshold 4 (max 4)
- age   1:     310296 bytes,     310296 total
- age   2:     117088 bytes,     427384 total
- age   3:      90568 bytes,     517952 total
- age   4:      22624 bytes,     540576 total
: 16600K->531K(18624K), 0.0013226 secs] 40028K->24123K(83392K), 0.0014121 secs] [Times: user=0.01 sys=0.00, real=0.00 secs] 
48.698: [GC 48.698: [ParNew
Desired survivor size 1343488 bytes, new threshold 4 (max 4)
- age   1:     218024 bytes,     218024 total
- age   3:     117088 bytes,     335112 total
- age   4:      90568 bytes,     425680 total
: 16500K->419K(18624K), 0.0012812 secs] 40092K->24034K(83392K), 0.0013817 secs] [Times: user=0.01 sys=0.00, real=0.00 secs] 
48.711: [GC 48.711: [ParNew
Desired survivor size 1343488 bytes, new threshold 4 (max 4)
- age   1:     619096 bytes,     619096 total
- age   2:     101136 bytes,     720232 total
- age   4:     117088 bytes,     837320 total
: 16417K->821K(18624K), 0.0015218 secs] 40032K->24524K(83392K), 0.0016209 secs] [Times: user=0.00 sys=0.00, real=0.01 secs] 
48.725: [GC 48.725: [ParNew
Desired survivor size 1343488 bytes, new threshold 4 (max 4)
- age   1:     457488 bytes,     457488 total
- age   2:     534304 bytes,     991792 total
: 16808K->971K(18624K), 0.0014309 secs] 40511K->24710K(83392K), 0.0015287 secs] [Times: user=0.00 sys=0.00, real=0.00 secs] 
48.737: [GC 48.737: [ParNew
Desired survivor size 1343488 bytes, new threshold 3 (max 4)
- age   1:     764400 bytes,     764400 total
- age   2:     290088 bytes,    1054488 total
- age   3:     534304 bytes,    1588792 total
: 16968K->1552K(18624K), 0.0031815 secs] 40707K->25291K(83392K), 0.0032830 secs] [Times: user=0.00 sys=0.00, real=0.00 secs] 
48.753: [GC 48.753: [ParNew
Desired survivor size 1343488 bytes, new threshold 4 (max 4)
- age   1:     415104 bytes,     415104 total
- age   2:     611392 bytes,    1026496 total
- age   3:     151576 bytes,    1178072 total
: 17456K->1151K(18624K), 0.0033763 secs] 41195K->25412K(83392K), 0.0034709 secs] [Times: user=0.01 sys=0.00, real=0.00 secs] 
48.768: [GC 48.768: [ParNew
Desired survivor size 1343488 bytes, new threshold 4 (max 4)
- age   1:     285440 bytes,     285440 total
- age   2:     150688 bytes,     436128 total
- age   3:     611392 bytes,    1047520 total
- age   4:      63408 bytes,    1110928 total
: 17114K->1087K(18624K), 0.0017021 secs] 41374K->25348K(83392K), 0.0018035 secs] [Times: user=0.01 sys=0.00, real=0.00 secs] 
48.781: [GC 48.782: [ParNew
Desired survivor size 1343488 bytes, new threshold 4 (max 4)
- age   1:     176360 bytes,     176360 total
- age   2:     223432 bytes,     399792 total
- age   3:      56320 bytes,     456112 total
- age   4:     611392 bytes,    1067504 total
: 17063K->1045K(18624K), 0.0019710 secs] 41323K->25367K(83392K), 0.0020815 secs] [Times: user=0.00 sys=0.00, real=0.01 secs] 
48.797: [GC 48.797: [ParNew
Desired survivor size 1343488 bytes, new threshold 3 (max 4)
- age   1:    1193312 bytes,    1193312 total
- age   2:        336 bytes,    1193648 total
- age   3:     223432 bytes,    1417080 total
- age   4:      55616 bytes,    1472696 total
: 17045K->1441K(18624K), 0.0023428 secs] 41367K->26313K(83392K), 0.0024429 secs] [Times: user=0.01 sys=0.00, real=0.00 secs] 
48.811: [GC 48.811: [ParNew
Desired survivor size 1343488 bytes, new threshold 2 (max 4)
- age   1:     469720 bytes,     469720 total
- age   2:     918024 bytes,    1387744 total
- age   3:        336 bytes,    1388080 total
: 17406K->1359K(18624K), 0.0022353 secs] 42279K->26436K(83392K), 0.0023449 secs] [Times: user=0.00 sys=0.00, real=0.01 secs] 
48.825: [GC 48.825: [ParNew
Desired survivor size 1343488 bytes, new threshold 4 (max 4)
- age   1:     386632 bytes,     386632 total
- age   2:     399816 bytes,     786448 total
: 17350K->776K(18624K), 0.0021123 secs] 42426K->26641K(83392K), 0.0022195 secs] [Times: user=0.00 sys=0.00, real=0.00 secs] 
48.838: [GC 48.839: [ParNew
Desired survivor size 1343488 bytes, new threshold 4 (max 4)
- age   1:     207064 bytes,     207064 total
- age   2:     225944 bytes,     433008 total
- age   3:     399816 bytes,     832824 total
: 16764K->816K(18624K), 0.0017315 secs] 42629K->26681K(83392K), 0.0018397 secs] [Times: user=0.00 sys=0.00, real=0.00 secs] 
48.852: [GC 48.852: [ParNew
Desired survivor size 1343488 bytes, new threshold 4 (max 4)
- age   1:     353656 bytes,     353656 total
- age   2:     159736 bytes,     513392 total
- age   3:     225944 bytes,     739336 total
- age   4:     399816 bytes,    1139152 total
: 16792K->1114K(18624K), 0.0019095 secs] 42657K->26979K(83392K), 0.0020016 secs] [Times: user=0.01 sys=0.00, real=0.01 secs] 
48.866: [GC 48.866: [ParNew
Desired survivor size 1343488 bytes, new threshold 4 (max 4)
- age   1:     661920 bytes,     661920 total
- age   2:     121624 bytes,     783544 total
- age   3:     159736 bytes,     943280 total
- age   4:     225944 bytes,    1169224 total
: 17095K->1144K(18624K), 0.0021325 secs] 42960K->27399K(83392K), 0.0022295 secs] [Times: user=0.00 sys=0.00, real=0.00 secs] 
48.882: [GC 48.882: [ParNew
Desired survivor size 1343488 bytes, new threshold 4 (max 4)
- age   1:     106544 bytes,     106544 total
- age   2:     593528 bytes,     700072 total
- age   3:     121584 bytes,     821656 total
- age   4:     159736 bytes,     981392 total
: 17144K->960K(18624K), 0.0022246 secs] 43399K->27436K(83392K), 0.0023329 secs] [Times: user=0.01 sys=0.00, real=0.01 secs] 
48.897: [GC 48.897: [ParNew
Desired survivor size 1343488 bytes, new threshold 3 (max 4)
- age   1:     715744 bytes,     715744 total
- age   2:      91624 bytes,     807368 total
- age   3:     593528 bytes,    1400896 total
- age   4:     121584 bytes,    1522480 total
: 16954K->1493K(18624K), 0.0024784 secs] 43431K->28126K(83392K), 0.0025971 secs] [Times: user=0.01 sys=0.01, real=0.00 secs] 
48.911: [GC 48.911: [ParNew
Desired survivor size 1343488 bytes, new threshold 4 (max 4)
- age   1:     367064 bytes,     367064 total
- age   2:     631928 bytes,     998992 total
- age   3:      91592 bytes,    1090584 total
: 17455K->1071K(18624K), 0.0021457 secs] 44087K->28155K(83392K), 0.0022466 secs] [Times: user=0.00 sys=0.00, real=0.01 secs] 
48.924: [GC 48.924: [ParNew
Desired survivor size 1343488 bytes, new threshold 4 (max 4)
- age   1:     500528 bytes,     500528 total
- age   2:     193768 bytes,     694296 total
- age   3:     400688 bytes,    1094984 total
- age   4:      91592 bytes,    1186576 total
: 17011K->1165K(18624K), 0.0023009 secs] 44095K->28249K(83392K), 0.0024263 secs] [Times: user=0.00 sys=0.00, real=0.00 secs] 
48.939: [GC 48.939: [ParNew
Desired survivor size 1343488 bytes, new threshold 4 (max 4)
- age   1:     373936 bytes,     373936 total
- age   2:     428808 bytes,     802744 total
- age   3:     193768 bytes,     996512 total
- age   4:     341856 bytes,    1338368 total
: 17152K->1320K(18624K), 0.0022352 secs] 44236K->28493K(83392K), 0.0023764 secs] [Times: user=0.01 sys=0.00, real=0.00 secs] 
48.953: [GC 48.953: [ParNew
Desired survivor size 1343488 bytes, new threshold 3 (max 4)
- age   1:     830024 bytes,     830024 total
- age   2:     316560 bytes,    1146584 total
- age   3:     273112 bytes,    1419696 total
- age   4:     193768 bytes,    1613464 total
: 17304K->1579K(18624K), 0.0022446 secs] 44478K->28912K(83392K), 0.0023413 secs] [Times: user=0.00 sys=0.00, real=0.00 secs] 
48.966: [GC 48.966: [ParNew
Desired survivor size 1343488 bytes, new threshold 1 (max 4)
- age   1:    1584616 bytes,    1584616 total
- age   2:     798352 bytes,    2382968 total
- age   3:      80240 bytes,    2463208 total
: 17556K->2408K(18624K), 0.0031952 secs] 44889K->29852K(83392K), 0.0033033 secs] [Times: user=0.00 sys=0.00, real=0.00 secs] 
48.981: [GC 48.981: [ParNew
Desired survivor size 1343488 bytes, new threshold 4 (max 4)
- age   1:     509512 bytes,     509512 total
: 18386K->501K(18624K), 0.0028822 secs] 45830K->29903K(83392K), 0.0029927 secs] [Times: user=0.01 sys=0.00, real=0.01 secs] 
48.999: [GC [1 CMS-initial-mark: 29401K(64768K)] 45882K(83392K), 0.0009990 secs] [Times: user=0.00 sys=0.00, real=0.00 secs] 
49.000: [CMS-concurrent-mark-start]
49.001: [GC 49.002: [ParNew
Desired survivor size 1343488 bytes, new threshold 4 (max 4)
- age   1:     608464 bytes,     608464 total
- age   2:     274080 bytes,     882544 total
: 16501K->864K(18624K), 0.0013361 secs] 45903K->30266K(83392K), 0.0014018 secs] [Times: user=0.00 sys=0.00, real=0.01 secs] 
49.018: [GC 49.018: [ParNew
Desired survivor size 1343488 bytes, new threshold 4 (max 4)
- age   1:     302880 bytes,     302880 total
- age   2:     608408 bytes,     911288 total
- age   3:      82976 bytes,     994264 total
: 16844K->973K(18624K), 0.0014956 secs] 46246K->30375K(83392K), 0.0016023 secs] [Times: user=0.00 sys=0.00, real=0.00 secs] 
49.033: [GC 49.033: [ParNew
Desired survivor size 1343488 bytes, new threshold 4 (max 4)
- age   1:     377216 bytes,     377216 total
- age   2:      61520 bytes,     438736 total
- age   3:     608376 bytes,    1047112 total
- age   4:      43736 bytes,    1090848 total
: 16941K->1067K(18624K), 0.0014272 secs] 46343K->30469K(83392K), 0.0015152 secs] [Times: user=0.01 sys=0.00, real=0.00 secs] 
49.049: [GC 49.049: [ParNew
Desired survivor size 1343488 bytes, new threshold 4 (max 4)
- age   1:     274168 bytes,     274168 total
- age   2:     333896 bytes,     608064 total
- age   3:      61520 bytes,     669584 total
- age   4:     415320 bytes,    1084904 total
: 17067K->1062K(18624K), 0.0022190 secs] 46469K->30463K(83392K), 0.0023273 secs] [Times: user=0.00 sys=0.00, real=0.00 secs] 
49.065: [GC 49.065: [ParNew
Desired survivor size 1343488 bytes, new threshold 4 (max 4)
- age   1:     132144 bytes,     132144 total
- age   2:     172568 bytes,     304712 total
- age   3:     333896 bytes,     638608 total
- age   4:      61520 bytes,     700128 total
: 17021K->687K(18624K), 0.0015896 secs] 46423K->30418K(83392K), 0.0017132 secs] [Times: user=0.01 sys=0.00, real=0.00 secs] 
49.077: [CMS-concurrent-mark: 0.063/0.077 secs] [Times: user=0.13 sys=0.01, real=0.08 secs] 
49.077: [CMS-concurrent-preclean-start]
49.080: [GC 49.080: [ParNew
Desired survivor size 1343488 bytes, new threshold 4 (max 4)
- age   1:     478320 bytes,     478320 total
- age   2:      81224 bytes,     559544 total
- age   3:     172536 bytes,     732080 total
- age   4:     333896 bytes,    1065976 total
: 16642K->1044K(18624K), 0.0018624 secs] 46373K->30835K(83392K), 0.0019626 secs] [Times: user=0.00 sys=0.00, real=0.00 secs] 
49.082: [CMS-concurrent-preclean: 0.000/0.005 secs] [Times: user=0.00 sys=0.00, real=0.01 secs] 
49.084: [GC[YG occupancy: 2354 K (18624 K)]49.084: [Rescan (parallel) , 0.0012170 secs]49.085: [weak refs processing, 0.0000259 secs] [1 CMS-remark: 29791K(64768K)] 32145K(83392K), 0.0013310 secs] [Times: user=0.01 sys=0.00, real=0.00 secs] 
49.086: [CMS-concurrent-sweep-start]
49.098: [GC 49.098: [ParNew
Desired survivor size 1343488 bytes, new threshold 4 (max 4)
- age   1:     749752 bytes,     749752 total
- age   2:     297640 bytes,    1047392 total
- age   3:      81224 bytes,    1128616 total
- age   4:      52256 bytes,    1180872 total
: 17018K->1156K(18624K), 0.0020432 secs] 46783K->31247K(83392K), 0.0021790 secs] [Times: user=0.00 sys=0.00, real=0.00 secs] 
49.101: [CMS-concurrent-sweep: 0.013/0.016 secs] [Times: user=0.02 sys=0.00, real=0.01 secs] 
49.101: [CMS-concurrent-reset-start]
49.103: [CMS-concurrent-reset: 0.002/0.002 secs] [Times: user=0.01 sys=0.00, real=0.01 secs] 
49.112: [GC 49.112: [ParNew
Desired survivor size 1343488 bytes, new threshold 4 (max 4)
- age   1:     356840 bytes,     356840 total
- age   2:     553808 bytes,     910648 total
- age   3:     141136 bytes,    1051784 total
- age   4:      81224 bytes,    1133008 total
: 17093K->1110K(18624K), 0.0017631 secs] 25346K->9414K(83392K), 0.0018587 secs] [Times: user=0.01 sys=0.00, real=0.01 secs] 
49.126: [GC 49.126: [ParNew
Desired survivor size 1343488 bytes, new threshold 4 (max 4)
- age   1:     564064 bytes,     564064 total
- age   2:     276456 bytes,     840520 total
- age   3:     493656 bytes,    1334176 total
- age   4:     141136 bytes,    1475312 total
: 17098K->1444K(18624K), 0.0018539 secs] 25402K->9748K(83392K), 0.0019429 secs] [Times: user=0.01 sys=0.00, real=0.00 secs] 
49.139: [GC 49.139: [ParNew
Desired survivor size 1343488 bytes, new threshold 4 (max 4)
- age   1:     280720 bytes,     280720 total
- age   2:     419920 bytes,     700640 total
- age   3:     276456 bytes,     977096 total
- age   4:     254880 bytes,    1231976 total
: 17436K->1204K(18624K), 0.0029364 secs] 25741K->9646K(83392K), 0.0030304 secs] [Times: user=0.00 sys=0.00, real=0.01 secs] 
49.156: [GC 49.156: [ParNew
Desired survivor size 1343488 bytes, new threshold 4 (max 4)
- age   1:     688896 bytes,     688896 total
- age   2:     197600 bytes,     886496 total
- age   3:     167984 bytes,    1054480 total
- age   4:      66808 bytes,    1121288 total
: 17160K->1098K(18624K), 0.0033675 secs] 25602K->9789K(83392K), 0.0034799 secs] [Times: user=0.01 sys=0.00, real=0.00 secs] 
49.175: [GC 49.175: [ParNew
Desired survivor size 1343488 bytes, new threshold 4 (max 4)
- age   1:     406888 bytes,     406888 total
- age   2:     275096 bytes,     681984 total
: 17098K->668K(18624K), 0.0014939 secs] 25789K->9424K(83392K), 0.0015782 secs] [Times: user=0.00 sys=0.00, real=0.00 secs] 
49.191: [GC 49.191: [ParNew
Desired survivor size 1343488 bytes, new threshold 4 (max 4)
- age   1:     557152 bytes,     557152 total
- age   2:     281936 bytes,     839088 total
- age   3:     275096 bytes,    1114184 total
: 16651K->1091K(18624K), 0.0023989 secs] 25407K->9847K(83392K), 0.0024833 secs] [Times: user=0.00 sys=0.00, real=0.01 secs] 
49.205: [GC 49.206: [ParNew
Desired survivor size 1343488 bytes, new threshold 4 (max 4)
- age   1:     477176 bytes,     477176 total
- age   2:     251280 bytes,     728456 total
- age   3:     281936 bytes,    1010392 total
- age   4:     275096 bytes,    1285488 total
: 17042K->1259K(18624K), 0.0017276 secs] 25798K->10015K(83392K), 0.0018578 secs] [Times: user=0.01 sys=0.00, real=0.00 secs] 
49.219: [GC 49.220: [ParNew
Desired survivor size 1343488 bytes, new threshold 4 (max 4)
- age   1:     564344 bytes,     564344 total
- age   2:     250440 bytes,     814784 total
- age   3:     251248 bytes,    1066032 total
- age   4:     113296 bytes,    1179328 total
: 17138K->1158K(18624K), 0.0017588 secs] 25894K->10041K(83392K), 0.0018557 secs] [Times: user=0.00 sys=0.00, real=0.00 secs] 
49.232: [GC 49.233: [ParNew
Desired survivor size 1343488 bytes, new threshold 4 (max 4)
- age   1:     643008 bytes,     643008 total
- age   2:      81272 bytes,     724280 total
- age   3:     250440 bytes,     974720 total
- age   4:     251248 bytes,    1225968 total
: 17114K->1201K(18624K), 0.0033401 secs] 25997K->10195K(83392K), 0.0034450 secs] [Times: user=0.00 sys=0.00, real=0.00 secs] 
49.247: [GC 49.247: [ParNew
Desired survivor size 1343488 bytes, new threshold 4 (max 4)
- age   1:     651544 bytes,     651544 total
- age   2:     305280 bytes,     956824 total
- age   3:      81272 bytes,    1038096 total
- age   4:     250440 bytes,    1288536 total
: 17186K->1266K(18624K), 0.0024130 secs] 26180K->10505K(83392K), 0.0025937 secs] [Times: user=0.01 sys=0.00, real=0.00 secs] 
49.264: [GC 49.264: [ParNew
Desired survivor size 1343488 bytes, new threshold 4 (max 4)
- age   1:     458624 bytes,     458624 total
- age   2:     172112 bytes,     630736 total
- age   3:       5456 bytes,     636192 total
- age   4:      81272 bytes,     717464 total
: 17239K->703K(18624K), 0.0015530 secs] 26478K->10186K(83392K), 0.0016323 secs] [Times: user=0.00 sys=0.00, real=0.00 secs] 
49.277: [GC 49.277: [ParNew
Desired survivor size 1343488 bytes, new threshold 4 (max 4)
- age   1:     595824 bytes,     595824 total
- age   2:     411704 bytes,    1007528 total
- age   3:     172112 bytes,    1179640 total
- age   4:       5456 bytes,    1185096 total
: 16699K->1160K(18624K), 0.0018464 secs] 26182K->10723K(83392K), 0.0019414 secs] [Times: user=0.00 sys=0.00, real=0.00 secs] 
49.292: [GC 49.292: [ParNew
Desired survivor size 1343488 bytes, new threshold 3 (max 4)
- age   1:     539536 bytes,     539536 total
- age   2:     525664 bytes,    1065200 total
- age   3:     331136 bytes,    1396336 total
- age   4:     172112 bytes,    1568448 total
: 17153K->1536K(18624K), 0.0024890 secs] 26716K->11104K(83392K), 0.0025938 secs] [Times: user=0.01 sys=0.00, real=0.01 secs] 
49.315: [GC 49.315: [ParNew
Desired survivor size 1343488 bytes, new threshold 4 (max 4)
- age   1:     335384 bytes,     335384 total
- age   2:     384664 bytes,     720048 total
- age   3:     525664 bytes,    1245712 total
: 17524K->1220K(18624K), 0.0023351 secs] 27092K->10958K(83392K), 0.0024354 secs] [Times: user=0.00 sys=0.01, real=0.00 secs] 
49.330: [GC 49.330: [ParNew
Desired survivor size 1343488 bytes, new threshold 4 (max 4)
- age   1:     634480 bytes,     634480 total
- age   2:     255776 bytes,     890256 total
- age   3:     330680 bytes,    1220936 total
- age   4:     525664 bytes,    1746600 total
: 17165K->1722K(18624K), 0.0022314 secs] 26904K->11460K(83392K), 0.0023294 secs] [Times: user=0.01 sys=0.00, real=0.01 secs] 
49.344: [GC 49.344: [ParNew
Desired survivor size 1343488 bytes, new threshold 4 (max 4)
- age   1:     618464 bytes,     618464 total
- age   2:     604456 bytes,    1222920 total
- age   3:      90520 bytes,    1313440 total
- age   4:     251896 bytes,    1565336 total
: 17697K->1583K(18624K), 0.0024957 secs] 27435K->11718K(83392K), 0.0026669 secs] [Times: user=0.01 sys=0.00, real=0.00 secs] 
49.362: [GC 49.362: [ParNew
Desired survivor size 1343488 bytes, new threshold 4 (max 4)
- age   1:     368776 bytes,     368776 total
- age   2:     445800 bytes,     814576 total
- age   3:     336488 bytes,    1151064 total
- age   4:      90520 bytes,    1241584 total
: 17540K->1276K(18624K), 0.0024769 secs] 27674K->11656K(83392K), 0.0025905 secs] [Times: user=0.00 sys=0.00, real=0.01 secs] 
49.377: [GC 49.377: [ParNew
Desired survivor size 1343488 bytes, new threshold 4 (max 4)
- age   1:     361328 bytes,     361328 total
- age   2:     130912 bytes,     492240 total
- age   3:     445800 bytes,     938040 total
- age   4:     336488 bytes,    1274528 total
: 17270K->1264K(18624K), 0.0017507 secs] 27651K->11668K(83392K), 0.0018459 secs] [Times: user=0.00 sys=0.00, real=0.00 secs] 
49.390: [GC 49.390: [ParNew
Desired survivor size 1343488 bytes, new threshold 4 (max 4)
- age   1:     281672 bytes,     281672 total
- age   2:     184320 bytes,     465992 total
- age   3:      22456 bytes,     488448 total
- age   4:     445800 bytes,     934248 total
: 17243K->957K(18624K), 0.0018268 secs] 27647K->11689K(83392K), 0.0019067 secs] [Times: user=0.01 sys=0.00, real=0.00 secs] 
49.405: [GC 49.405: [ParNew
Desired survivor size 1343488 bytes, new threshold 4 (max 4)
- age   1:     324312 bytes,     324312 total
- age   2:      57760 bytes,     382072 total
- age   3:     184320 bytes,     566392 total
- age   4:      21752 bytes,     588144 total
: 16957K->607K(18624K), 0.0016432 secs] 27689K->11775K(83392K), 0.0017960 secs] [Times: user=0.00 sys=0.00, real=0.00 secs] 
49.418: [GC 49.418: [ParNew
Desired survivor size 1343488 bytes, new threshold 4 (max 4)
- age   1:     203648 bytes,     203648 total
- age   2:     251072 bytes,     454720 total
- age   3:      57760 bytes,     512480 total
- age   4:     139288 bytes,     651768 total
: 16596K->663K(18624K), 0.0014982 secs] 27763K->11838K(83392K), 0.0015934 secs] [Times: user=0.00 sys=0.00, real=0.00 secs] 
49.431: [GC 49.431: [ParNew
Desired survivor size 1343488 bytes, new threshold 4 (max 4)
- age   1:     438952 bytes,     438952 total
- age   2:     120808 bytes,     559760 total
- age   3:       6048 bytes,     565808 total
: 16618K->592K(18624K), 0.0014660 secs] 27794K->11904K(83392K), 0.0015623 secs] [Times: user=0.01 sys=0.00, real=0.01 secs] 
49.445: [GC 49.445: [ParNew
Desired survivor size 1343488 bytes, new threshold 2 (max 4)
- age   1:    1168664 bytes,    1168664 total
- age   2:     270312 bytes,    1438976 total
- age   3:     120768 bytes,    1559744 total
- age   4:       6048 bytes,    1565792 total
: 16554K->1530K(18624K), 0.0017889 secs] 27865K->12842K(83392K), 0.0019001 secs] [Times: user=0.01 sys=0.00, real=0.00 secs] 
49.458: [GC 49.458: [ParNew
Desired survivor size 1343488 bytes, new threshold 4 (max 4)
- age   1:     216688 bytes,     216688 total
- age   2:    1103712 bytes,    1320400 total
: 17510K->1329K(18624K), 0.0021781 secs] 28822K->12887K(83392K), 0.0022857 secs] [Times: user=0.00 sys=0.00, real=0.00 secs] 
49.472: [GC 49.472: [ParNew
Desired survivor size 1343488 bytes, new threshold 3 (max 4)
- age   1:     301640 bytes,     301640 total
- age   2:     148312 bytes,     449952 total
- age   3:    1103712 bytes,    1553664 total
: 17326K->1523K(18624K), 0.0023840 secs] 28883K->13081K(83392K), 0.0025035 secs] [Times: user=0.00 sys=0.01, real=0.01 secs] 
49.487: [GC 49.487: [ParNew
Desired survivor size 1343488 bytes, new threshold 4 (max 4)
- age   1:     654016 bytes,     654016 total
- age   2:      66232 bytes,     720248 total
- age   3:     148312 bytes,     868560 total
: 17507K->851K(18624K), 0.0041115 secs] 29064K->13409K(83392K), 0.0042061 secs] [Times: user=0.01 sys=0.00, real=0.00 secs] 
49.502: [GC 49.502: [ParNew
Desired survivor size 1343488 bytes, new threshold 4 (max 4)
- age   1:      85304 bytes,      85304 total
- age   2:     636128 bytes,     721432 total
- age   3:      31976 bytes,     753408 total
- age   4:     148312 bytes,     901720 total
: 16850K->884K(18624K), 0.0022157 secs] 29408K->13442K(83392K), 0.0023110 secs] [Times: user=0.00 sys=0.00, real=0.01 secs] 
49.517: [GC 49.517: [ParNew
Desired survivor size 1343488 bytes, new threshold 3 (max 4)
- age   1:    1064792 bytes,    1064792 total
- age   3:     636128 bytes,    1700920 total
- age   4:      31976 bytes,    1732896 total
: 16867K->1696K(18624K), 0.0018669 secs] 29425K->14287K(83392K), 0.0019602 secs] [Times: user=0.00 sys=0.00, real=0.00 secs] 
49.534: [GC 49.534: [ParNew
Desired survivor size 1343488 bytes, new threshold 4 (max 4)
- age   1:     348152 bytes,     348152 total
- age   2:     741424 bytes,    1089576 total
: 17670K->1068K(18624K), 0.0026713 secs] 30261K->14158K(83392K), 0.0027856 secs] [Times: user=0.00 sys=0.00, real=0.00 secs] 
49.549: [GC 49.549: [ParNew
Desired survivor size 1343488 bytes, new threshold 4 (max 4)
- age   1:     660168 bytes,     660168 total
- age   2:     267784 bytes,     927952 total
- age   3:     302968 bytes,    1230920 total
: 17046K->1203K(18624K), 0.0016492 secs] 30137K->14294K(83392K), 0.0017517 secs] [Times: user=0.00 sys=0.00, real=0.00 secs] 
49.564: [GC 49.564: [ParNew
Desired survivor size 1343488 bytes, new threshold 4 (max 4)
- age   1:     309152 bytes,     309152 total
- age   2:     524440 bytes,     833592 total
- age   3:     267784 bytes,    1101376 total
- age   4:     302968 bytes,    1404344 total
: 17169K->1373K(18624K), 0.0023102 secs] 30260K->14463K(83392K), 0.0024341 secs] [Times: user=0.01 sys=0.00, real=0.00 secs] 
49.577: [GC 49.577: [ParNew
Desired survivor size 1343488 bytes, new threshold 4 (max 4)
- age   1:     632808 bytes,     632808 total
- age   2:     155584 bytes,     788392 total
- age   3:     412104 bytes,    1200496 total
- age   4:     267784 bytes,    1468280 total
: 17368K->1435K(18624K), 0.0025083 secs] 30458K->14821K(83392K), 0.0026348 secs] [Times: user=0.00 sys=0.00, real=0.00 secs] 
49.592: [GC 49.592: [ParNew
Desired survivor size 1343488 bytes, new threshold 4 (max 4)
- age   1:     185072 bytes,     185072 total
- age   2:     591360 bytes,     776432 total
- age   3:     155584 bytes,     932016 total
- age   4:      30128 bytes,     962144 total
: 17431K->943K(18624K), 0.0016788 secs] 30818K->14591K(83392K), 0.0017994 secs] [Times: user=0.00 sys=0.00, real=0.00 secs] 
49.605: [GC 49.606: [ParNew
Desired survivor size 1343488 bytes, new threshold 4 (max 4)
- age   1:     312080 bytes,     312080 total
- age   2:      52824 bytes,     364904 total
- age   3:     591360 bytes,     956264 total
- age   4:     155584 bytes,    1111848 total
: 16891K->1089K(18624K), 0.0023140 secs] 30539K->14766K(83392K), 0.0024303 secs] [Times: user=0.00 sys=0.00, real=0.00 secs] 
49.627: [GC 49.627: [ParNew
Desired survivor size 1343488 bytes, new threshold 4 (max 4)
- age   1:     415248 bytes,     415248 total
- age   2:      64984 bytes,     480232 total
- age   3:      52824 bytes,     533056 total
- age   4:     308016 bytes,     841072 total
: 17089K->823K(18624K), 0.0015302 secs] 30766K->14652K(83392K), 0.0016147 secs] [Times: user=0.00 sys=0.00, real=0.00 secs] 
49.643: [GC 49.644: [ParNew
Desired survivor size 1343488 bytes, new threshold 4 (max 4)
- age   1:     319256 bytes,     319256 total
- age   2:     312880 bytes,     632136 total
- age   3:      64984 bytes,     697120 total
- age   4:      52824 bytes,     749944 total
: 16814K->741K(18624K), 0.0020106 secs] 30643K->14787K(83392K), 0.0020915 secs] [Times: user=0.00 sys=0.00, real=0.00 secs] 
49.657: [GC 49.657: [ParNew
Desired survivor size 1343488 bytes, new threshold 4 (max 4)
- age   1:     741408 bytes,     741408 total
- age   2:     213192 bytes,     954600 total
- age   3:     312880 bytes,    1267480 total
- age   4:         32 bytes,    1267512 total
: 16687K->1247K(18624K), 0.0026210 secs] 30733K->15344K(83392K), 0.0027445 secs] [Times: user=0.01 sys=0.00, real=0.00 secs] 
49.670: [GC 49.670: [ParNew
Desired survivor size 1343488 bytes, new threshold 4 (max 4)
- age   1:     435944 bytes,     435944 total
- age   2:     532000 bytes,     967944 total
- age   3:     213192 bytes,    1181136 total
- age   4:     228000 bytes,    1409136 total
: 17244K->1384K(18624K), 0.0021181 secs] 31342K->15481K(83392K), 0.0022204 secs] [Times: user=0.00 sys=0.00, real=0.01 secs] 
49.686: [GC 49.686: [ParNew
Desired survivor size 1343488 bytes, new threshold 4 (max 4)
- age   1:     167936 bytes,     167936 total
- age   2:     255904 bytes,     423840 total
- age   3:     532000 bytes,     955840 total
- age   4:     213192 bytes,    1169032 total
: 17378K->1164K(18624K), 0.0029956 secs] 31475K->15469K(83392K), 0.0031240 secs] [Times: user=0.00 sys=0.00, real=0.00 secs] 
49.701: [GC 49.701: [ParNew
Desired survivor size 1343488 bytes, new threshold 4 (max 4)
- age   1:     332608 bytes,     332608 total
- age   2:      28512 bytes,     361120 total
- age   4:     286944 bytes,     648064 total
: 17164K->642K(18624K), 0.0013385 secs] 31469K->15120K(83392K), 0.0014204 secs] [Times: user=0.00 sys=0.00, real=0.01 secs] 
49.716: [GC 49.716: [ParNew
Desired survivor size 1343488 bytes, new threshold 4 (max 4)
- age   1:     273176 bytes,     273176 total
- age   2:     192192 bytes,     465368 total
- age   3:       2816 bytes,     468184 total
: 16642K->459K(18624K), 0.0014102 secs] 31120K->15218K(83392K), 0.0015280 secs] [Times: user=0.00 sys=0.00, real=0.00 secs] 
49.730: [GC 49.730: [ParNew
Desired survivor size 1343488 bytes, new threshold 4 (max 4)
- age   1:     550992 bytes,     550992 total
- age   2:      99936 bytes,     650928 total
- age   3:     192192 bytes,     843120 total
- age   4:       2816 bytes,     845936 total
: 16443K->831K(18624K), 0.0017713 secs] 31202K->15590K(83392K), 0.0019288 secs] [Times: user=0.00 sys=0.00, real=0.00 secs] 
49.746: [GC 49.746: [ParNew
Desired survivor size 1343488 bytes, new threshold 4 (max 4)
- age   1:     310144 bytes,     310144 total
- age   2:     497936 bytes,     808080 total
- age   3:      99896 bytes,     907976 total
- age   4:      80408 bytes,     988384 total
: 16831K->972K(18624K), 0.0015945 secs] 31590K->15732K(83392K), 0.0016837 secs] [Times: user=0.01 sys=0.00, real=0.00 secs] 
49.761: [GC 49.761: [ParNew
Desired survivor size 1343488 bytes, new threshold 4 (max 4)
- age   1:     110712 bytes,     110712 total
- age   2:     250312 bytes,     361024 total
- age   3:     302160 bytes,     663184 total
- age   4:      99896 bytes,     763080 total
: 16965K->760K(18624K), 0.0018822 secs] 31726K->15599K(83392K), 0.0019886 secs] [Times: user=0.00 sys=0.00, real=0.01 secs] 
49.774: [GC 49.774: [ParNew
Desired survivor size 1343488 bytes, new threshold 4 (max 4)
- age   1:     186520 bytes,     186520 total
- age   2:      93320 bytes,     279840 total
- age   3:     130456 bytes,     410296 total
- age   4:     302160 bytes,     712456 total
: 16757K->715K(18624K), 0.0016925 secs] 31596K->15652K(83392K), 0.0017937 secs] [Times: user=0.00 sys=0.00, real=0.00 secs] 
49.787: [GC 49.787: [ParNew
Desired survivor size 1343488 bytes, new threshold 4 (max 4)
- age   1:     246656 bytes,     246656 total
- age   2:     130560 bytes,     377216 total
- age   3:      80056 bytes,     457272 total
- age   4:      16896 bytes,     474168 total
: 16702K->472K(18624K), 0.0021789 secs] 31639K->15663K(83392K), 0.0022776 secs] [Times: user=0.01 sys=0.00, real=0.00 secs] 
49.801: [GC 49.802: [ParNew
Desired survivor size 1343488 bytes, new threshold 4 (max 4)
- age   1:     142160 bytes,     142160 total
- age   2:     151656 bytes,     293816 total
- age   3:     130560 bytes,     424376 total
- age   4:      80056 bytes,     504432 total
: 16455K->505K(18624K), 0.0012176 secs] 31645K->15712K(83392K), 0.0012985 secs] [Times: user=0.01 sys=0.00, real=0.01 secs] 
49.814: [GC 49.814: [ParNew
Desired survivor size 1343488 bytes, new threshold 4 (max 4)
- age   1:     162112 bytes,     162112 total
- age   2:      58288 bytes,     220400 total
- age   3:     151656 bytes,     372056 total
- age   4:     130560 bytes,     502616 total
: 16495K->500K(18624K), 0.0014118 secs] 31702K->15786K(83392K), 0.0015022 secs] [Times: user=0.01 sys=0.00, real=0.00 secs] 
49.827: [GC 49.827: [ParNew
Desired survivor size 1343488 bytes, new threshold 4 (max 4)
- age   1:     160024 bytes,     160024 total
- age   2:      40096 bytes,     200120 total
- age   3:      58288 bytes,     258408 total
- age   4:     151656 bytes,     410064 total
: 16498K->403K(18624K), 0.0016975 secs] 31784K->15816K(83392K), 0.0017844 secs] [Times: user=0.00 sys=0.00, real=0.00 secs] 
49.841: [GC 49.841: [ParNew
Desired survivor size 1343488 bytes, new threshold 4 (max 4)
- age   1:     456560 bytes,     456560 total
- age   2:      57672 bytes,     514232 total
- age   4:      58288 bytes,     572520 total
: 16250K->562K(18624K), 0.0012704 secs] 31663K->16123K(83392K), 0.0013380 secs] [Times: user=0.00 sys=0.00, real=0.01 secs] 
49.855: [GC 49.855: [ParNew
Desired survivor size 1343488 bytes, new threshold 4 (max 4)
- age   1:     336064 bytes,     336064 total
- age   2:     288568 bytes,     624632 total
- age   3:      57672 bytes,     682304 total
: 16549K->667K(18624K), 0.0012516 secs] 32110K->16228K(83392K), 0.0013713 secs] [Times: user=0.00 sys=0.00, real=0.00 secs] 
49.868: [GC 49.868: [ParNew
Desired survivor size 1343488 bytes, new threshold 4 (max 4)
- age   1:     778168 bytes,     778168 total
- age   2:      50840 bytes,     829008 total
- age   3:     159672 bytes,     988680 total
- age   4:      27552 bytes,    1016232 total
: 16626K->995K(18624K), 0.0014948 secs] 32187K->16556K(83392K), 0.0016090 secs] [Times: user=0.00 sys=0.00, real=0.00 secs] 
49.881: [GC 49.882: [ParNew
Desired survivor size 1343488 bytes, new threshold 4 (max 4)
- age   1:     325920 bytes,     325920 total
- age   2:     330120 bytes,     656040 total
- age   3:      50840 bytes,     706880 total
- age   4:     159672 bytes,     866552 total
: 16988K->849K(18624K), 0.0013931 secs] 32549K->16437K(83392K), 0.0015125 secs] [Times: user=0.01 sys=0.00, real=0.01 secs] 
49.895: [GC 49.895: [ParNew
Desired survivor size 1343488 bytes, new threshold 4 (max 4)
- age   1:     799872 bytes,     799872 total
- age   2:     118288 bytes,     918160 total
- age   3:     269448 bytes,    1187608 total
- age   4:      50840 bytes,    1238448 total
: 16848K->1212K(18624K), 0.0022446 secs] 32436K->16956K(83392K), 0.0024931 secs] [Times: user=0.00 sys=0.00, real=0.00 secs] 
49.913: [GC 49.913: [ParNew
Desired survivor size 1343488 bytes, new threshold 4 (max 4)
- age   1:     335904 bytes,     335904 total
- age   2:     526288 bytes,     862192 total
- age   3:     118288 bytes,     980480 total
- age   4:     269448 bytes,    1249928 total
: 17209K->1223K(18624K), 0.0019120 secs] 32953K->17016K(83392K), 0.0020448 secs] [Times: user=0.00 sys=0.01, real=0.00 secs] 
49.928: [GC 49.928: [ParNew
Desired survivor size 1343488 bytes, new threshold 4 (max 4)
- age   1:     399152 bytes,     399152 total
- age   2:     109984 bytes,     509136 total
- age   3:     311504 bytes,     820640 total
- age   4:     118288 bytes,     938928 total
: 17223K->919K(18624K), 0.0016093 secs] 33016K->16976K(83392K), 0.0017110 secs] [Times: user=0.01 sys=0.00, real=0.00 secs] 
49.941: [GC 49.941: [ParNew
Desired survivor size 1343488 bytes, new threshold 4 (max 4)
- age   1:     401040 bytes,     401040 total
- age   2:     172512 bytes,     573552 total
- age   3:     109944 bytes,     683496 total
- age   4:     311504 bytes,     995000 total
: 16907K->973K(18624K), 0.0018549 secs] 32964K->17145K(83392K), 0.0019390 secs] [Times: user=0.01 sys=0.00, real=0.01 secs] 
49.957: [GC 49.957: [ParNew
Desired survivor size 1343488 bytes, new threshold 4 (max 4)
- age   1:     441760 bytes,     441760 total
- age   2:       1824 bytes,     443584 total
- age   3:     172512 bytes,     616096 total
- age   4:     109944 bytes,     726040 total
: 16954K->713K(18624K), 0.0029404 secs] 33126K->17189K(83392K), 0.0030433 secs] [Times: user=0.00 sys=0.00, real=0.00 secs] 
49.971: [GC 49.972: [ParNew
Desired survivor size 1343488 bytes, new threshold 4 (max 4)
- age   1:     185032 bytes,     185032 total
- age   2:     258904 bytes,     443936 total
- age   3:       1824 bytes,     445760 total
- age   4:     114664 bytes,     560424 total
: 16655K->556K(18624K), 0.0015607 secs] 33131K->17140K(83392K), 0.0016733 secs] [Times: user=0.00 sys=0.00, real=0.01 secs] 
49.987: [GC 49.987: [ParNew
Desired survivor size 1343488 bytes, new threshold 4 (max 4)
- age   1:     596104 bytes,     596104 total
- age   2:      46416 bytes,     642520 total
- age   3:     258904 bytes,     901424 total
- age   4:       1824 bytes,     903248 total
: 16527K->887K(18624K), 0.0018486 secs] 33110K->17493K(83392K), 0.0019594 secs] [Times: user=0.00 sys=0.00, real=0.00 secs] 
50.000: [GC 50.000: [ParNew
Desired survivor size 1343488 bytes, new threshold 4 (max 4)
- age   1:     601160 bytes,     601160 total
- age   2:     263280 bytes,     864440 total
- age   4:     258904 bytes,    1123344 total
: 16876K->1099K(18624K), 0.0021033 secs] 33482K->17707K(83392K), 0.0022151 secs] [Times: user=0.00 sys=0.00, real=0.01 secs] 
50.014: [GC 50.014: [ParNew
Desired survivor size 1343488 bytes, new threshold 4 (max 4)
- age   1:     560504 bytes,     560504 total
- age   2:     513632 bytes,    1074136 total
- age   3:      67504 bytes,    1141640 total
: 17099K->1118K(18624K), 0.0017246 secs] 33706K->17978K(83392K), 0.0018287 secs] [Times: user=0.00 sys=0.00, real=0.00 secs] 
50.029: [GC 50.029: [ParNew
Desired survivor size 1343488 bytes, new threshold 4 (max 4)
- age   1:     364144 bytes,     364144 total
- age   2:     373040 bytes,     737184 total
- age   3:     434512 bytes,    1171696 total
- age   4:      67504 bytes,    1239200 total
: 17100K->1213K(18624K), 0.0018053 secs] 33960K->18073K(83392K), 0.0019597 secs] [Times: user=0.00 sys=0.00, real=0.00 secs] 
50.043: [GC 50.043: [ParNew
Desired survivor size 1343488 bytes, new threshold 4 (max 4)
- age   1:     456288 bytes,     456288 total
- age   2:     285776 bytes,     742064 total
- age   3:     373040 bytes,    1115104 total
- age   4:     388608 bytes,    1503712 total
: 17207K->1471K(18624K), 0.0019680 secs] 34067K->18332K(83392K), 0.0020622 secs] [Times: user=0.01 sys=0.00, real=0.00 secs] 
50.056: [GC 50.056: [ParNew
Desired survivor size 1343488 bytes, new threshold 4 (max 4)
- age   1:     477328 bytes,     477328 total
- age   2:     244672 bytes,     722000 total
- age   3:     285776 bytes,    1007776 total
- age   4:     373040 bytes,    1380816 total
: 17428K->1351K(18624K), 0.0020780 secs] 34288K->18332K(83392K), 0.0021800 secs] [Times: user=0.00 sys=0.00, real=0.00 secs] 
50.069: [GC 50.069: [ParNew
Desired survivor size 1343488 bytes, new threshold 4 (max 4)
- age   1:     327504 bytes,     327504 total
- age   2:     423984 bytes,     751488 total
- age   4:     197488 bytes,     948976 total
: 17307K->930K(18624K), 0.0023421 secs] 34288K->18275K(83392K), 0.0024543 secs] [Times: user=0.00 sys=0.00, real=0.00 secs] 
50.084: [GC 50.084: [ParNew
Desired survivor size 1343488 bytes, new threshold 3 (max 4)
- age   1:     625304 bytes,     625304 total
- age   2:     327464 bytes,     952768 total
- age   3:     423984 bytes,    1376752 total
: 16881K->1347K(18624K), 0.0045486 secs] 34227K->18885K(83392K), 0.0046666 secs] [Times: user=0.00 sys=0.00, real=0.00 secs] 
50.101: [GC 50.101: [ParNew
Desired survivor size 1343488 bytes, new threshold 4 (max 4)
- age   1:     263744 bytes,     263744 total
- age   2:     506664 bytes,     770408 total
- age   3:     327464 bytes,    1097872 total
: 17344K->1075K(18624K), 0.0018382 secs] 34882K->19027K(83392K), 0.0019668 secs] [Times: user=0.01 sys=0.00, real=0.01 secs] 
50.115: [GC 50.115: [ParNew
Desired survivor size 1343488 bytes, new threshold 4 (max 4)
- age   1:     257680 bytes,     257680 total
- age   2:     194784 bytes,     452464 total
- age   3:     341480 bytes,     793944 total
- age   4:     327464 bytes,    1121408 total
: 17074K->1098K(18624K), 0.0016531 secs] 35026K->19050K(83392K), 0.0017466 secs] [Times: user=0.01 sys=0.00, real=0.00 secs] 
50.128: [GC 50.128: [ParNew
Desired survivor size 1343488 bytes, new threshold 4 (max 4)
- age   1:     170160 bytes,     170160 total
- age   2:     209416 bytes,     379576 total
- age   3:     194784 bytes,     574360 total
- age   4:     341480 bytes,     915840 total
: 17059K->897K(18624K), 0.0020752 secs] 35011K->19064K(83392K), 0.0021758 secs] [Times: user=0.00 sys=0.00, real=0.00 secs] 
50.142: [GC 50.142: [ParNew
Desired survivor size 1343488 bytes, new threshold 4 (max 4)
- age   1:     423120 bytes,     423120 total
- age   2:     112560 bytes,     535680 total
- age   3:     209416 bytes,     745096 total
: 16876K->731K(18624K), 0.0018103 secs] 35044K->19232K(83392K), 0.0018869 secs] [Times: user=0.00 sys=0.00, real=0.01 secs] 
50.155: [GC 50.155: [ParNew
Desired survivor size 1343488 bytes, new threshold 4 (max 4)
- age   1:    1008656 bytes,    1008656 total
- age   2:     155392 bytes,    1164048 total
- age   3:     112560 bytes,    1276608 total
- age   4:     209416 bytes,    1486024 total
: 16683K->1454K(18624K), 0.0019277 secs] 35185K->19955K(83392K), 0.0020307 secs] [Times: user=0.00 sys=0.00, real=0.00 secs] 
50.168: [GC 50.168: [ParNew
Desired survivor size 1343488 bytes, new threshold 4 (max 4)
- age   1:     287808 bytes,     287808 total
- age   2:     745104 bytes,    1032912 total
- age   3:     103496 bytes,    1136408 total
- age   4:     112560 bytes,    1248968 total
: 17436K->1223K(18624K), 0.0020612 secs] 35937K->19928K(83392K), 0.0021621 secs] [Times: user=0.01 sys=0.00, real=0.00 secs] 
50.182: [GC 50.182: [ParNew
Desired survivor size 1343488 bytes, new threshold 4 (max 4)
- age   1:     558456 bytes,     558456 total
- age   3:     435176 bytes,     993632 total
- age   4:     103496 bytes,    1097128 total
: 17212K->1073K(18624K), 0.0019834 secs] 35918K->19888K(83392K), 0.0021490 secs] [Times: user=0.00 sys=0.00, real=0.01 secs] 
50.195: [GC 50.195: [ParNew
Desired survivor size 1343488 bytes, new threshold 4 (max 4)
- age   1:     276576 bytes,     276576 total
- age   2:      71408 bytes,     347984 total
- age   4:     435176 bytes,     783160 total
: 17070K->768K(18624K), 0.0019272 secs] 35886K->19685K(83392K), 0.0020227 secs] [Times: user=0.00 sys=0.00, real=0.00 secs] 
50.209: [GC 50.209: [ParNew
Desired survivor size 1343488 bytes, new threshold 4 (max 4)
- age   1:     899264 bytes,     899264 total
- age   2:     219784 bytes,    1119048 total
: 16753K->1096K(18624K), 0.0020732 secs] 35669K->20355K(83392K), 0.0021661 secs] [Times: user=0.00 sys=0.00, real=0.00 secs] 
50.222: [GC 50.223: [ParNew
Desired survivor size 1343488 bytes, new threshold 4 (max 4)
- age   1:     399200 bytes,     399200 total
- age   2:     523840 bytes,     923040 total
- age   3:     219784 bytes,    1142824 total
: 17039K->1119K(18624K), 0.0018271 secs] 36298K->20378K(83392K), 0.0019281 secs] [Times: user=0.00 sys=0.00, real=0.00 secs] 
50.237: [GC 50.237: [ParNew
Desired survivor size 1343488 bytes, new threshold 3 (max 4)
- age   1:     854976 bytes,     854976 total
- age   2:     335064 bytes,    1190040 total
- age   3:     309056 bytes,    1499096 total
- age   4:     219784 bytes,    1718880 total
: 17088K->1681K(18624K), 0.0018978 secs] 36347K->20940K(83392K), 0.0019824 secs] [Times: user=0.01 sys=0.00, real=0.00 secs] 
50.250: [GC 50.250: [ParNew
Desired survivor size 1343488 bytes, new threshold 3 (max 4)
- age   1:     469616 bytes,     469616 total
- age   2:     625296 bytes,    1094912 total
- age   3:     249640 bytes,    1344552 total
: 17644K->1316K(18624K), 0.0024000 secs] 36903K->21091K(83392K), 0.0025209 secs] [Times: user=0.00 sys=0.00, real=0.01 secs] 
50.265: [GC 50.265: [ParNew
Desired survivor size 1343488 bytes, new threshold 4 (max 4)
- age   1:     284984 bytes,     284984 total
- age   2:     325040 bytes,     610024 total
- age   3:     426200 bytes,    1036224 total
: 17278K->1015K(18624K), 0.0017523 secs] 37053K->21034K(83392K), 0.0018525 secs] [Times: user=0.00 sys=0.00, real=0.00 secs] 
50.278: [GC 50.278: [ParNew
Desired survivor size 1343488 bytes, new threshold 4 (max 4)
- age   1:     190984 bytes,     190984 total
- age   2:     136840 bytes,     327824 total
- age   3:     325008 bytes,     652832 total
- age   4:     426200 bytes,    1079032 total
: 17002K->1057K(18624K), 0.0018436 secs] 37021K->21076K(83392K), 0.0019548 secs] [Times: user=0.00 sys=0.00, real=0.00 secs] 
50.291: [GC 50.291: [ParNew
Desired survivor size 1343488 bytes, new threshold 4 (max 4)
- age   1:     891152 bytes,     891152 total
- age   2:     145080 bytes,    1036232 total
- age   3:     136840 bytes,    1173072 total
- age   4:     325008 bytes,    1498080 total
: 16893K->1466K(18624K), 0.0027895 secs] 36912K->21901K(83392K), 0.0029143 secs] [Times: user=0.01 sys=0.00, real=0.01 secs] 
50.305: [GC 50.305: [ParNew
Desired survivor size 1343488 bytes, new threshold 4 (max 4)
- age   1:     305320 bytes,     305320 total
- age   2:     445536 bytes,     750856 total
- age   3:     145080 bytes,     895936 total
- age   4:     136840 bytes,    1032776 total
: 17389K->1012K(18624K), 0.0020436 secs] 37824K->21764K(83392K), 0.0021561 secs] [Times: user=0.00 sys=0.00, real=0.00 secs] 
50.319: [GC 50.319: [ParNew
Desired survivor size 1343488 bytes, new threshold 4 (max 4)
- age   1:     622144 bytes,     622144 total
- age   2:     136000 bytes,     758144 total
- age   3:     360832 bytes,    1118976 total
- age   4:     145080 bytes,    1264056 total
: 16958K->1237K(18624K), 0.0020458 secs] 37710K->22124K(83392K), 0.0021503 secs] [Times: user=0.00 sys=0.00, real=0.00 secs] 
50.333: [GC 50.334: [ParNew
Desired survivor size 1343488 bytes, new threshold 4 (max 4)
- age   1:     355304 bytes,     355304 total
- age   2:     565680 bytes,     920984 total
- age   3:      55080 bytes,     976064 total
- age   4:     293600 bytes,    1269664 total
: 17196K->1243K(18624K), 0.0030636 secs] 38082K->22271K(83392K), 0.0032201 secs] [Times: user=0.01 sys=0.00, real=0.00 secs] 
50.348: [GC 50.348: [ParNew
Desired survivor size 1343488 bytes, new threshold 3 (max 4)
- age   1:    1001352 bytes,    1001352 total
- age   2:     235536 bytes,    1236888 total
- age   3:     565680 bytes,    1802568 total
: 17235K->1763K(18624K), 0.0029935 secs] 38262K->23078K(83392K), 0.0031058 secs] [Times: user=0.01 sys=0.00, real=0.00 secs] 
50.368: [GC 50.368: [ParNew
Desired survivor size 1343488 bytes, new threshold 2 (max 4)
- age   1:     690944 bytes,     690944 total
- age   2:     832144 bytes,    1523088 total
- age   3:     235536 bytes,    1758624 total
: 17709K->1718K(18624K), 0.0024803 secs] 39023K->23448K(83392K), 0.0025771 secs] [Times: user=0.01 sys=0.00, real=0.00 secs] 
50.383: [GC 50.383: [ParNew
Desired survivor size 1343488 bytes, new threshold 4 (max 4)
- age   1:     455952 bytes,     455952 total
- age   2:     483064 bytes,     939016 total
: 17701K->924K(18624K), 0.0025549 secs] 39432K->23697K(83392K), 0.0026827 secs] [Times: user=0.00 sys=0.00, real=0.00 secs] 
50.398: [GC 50.399: [ParNew
Desired survivor size 1343488 bytes, new threshold 4 (max 4)
- age   1:     372440 bytes,     372440 total
- age   2:     322528 bytes,     694968 total
- age   3:     271472 bytes,     966440 total
: 16865K->954K(18624K), 0.0016287 secs] 39638K->23727K(83392K), 0.0017310 secs] [Times: user=0.00 sys=0.00, real=0.00 secs] 
50.411: [GC 50.412: [ParNew
Desired survivor size 1343488 bytes, new threshold 4 (max 4)
- age   1:     477872 bytes,     477872 total
- age   2:      77328 bytes,     555200 total
- age   3:     322528 bytes,     877728 total
- age   4:     271472 bytes,    1149200 total
: 16910K->1135K(18624K), 0.0017219 secs] 39683K->23908K(83392K), 0.0018537 secs] [Times: user=0.01 sys=0.00, real=0.01 secs] 
50.425: [GC 50.425: [ParNew
Desired survivor size 1343488 bytes, new threshold 4 (max 4)
- age   1:     749968 bytes,     749968 total
- age   2:     419384 bytes,    1169352 total
- age   3:      77328 bytes,    1246680 total
- age   4:     322528 bytes,    1569208 total
: 17091K->1551K(18624K), 0.0025031 secs] 39864K->24589K(83392K), 0.0026109 secs] [Times: user=0.00 sys=0.00, real=0.00 secs] 
50.439: [GC 50.439: [ParNew
Desired survivor size 1343488 bytes, new threshold 4 (max 4)
- age   1:     387376 bytes,     387376 total
- age   2:     336832 bytes,     724208 total
- age   3:     218888 bytes,     943096 total
- age   4:      76904 bytes,    1020000 total
: 17546K->999K(18624K), 0.0027537 secs] 40584K->24352K(83392K), 0.0028617 secs] [Times: user=0.00 sys=0.00, real=0.00 secs] 
50.457: [GC 50.457: [ParNew
Desired survivor size 1343488 bytes, new threshold 4 (max 4)
- age   1:     613848 bytes,     613848 total
- age   2:     387376 bytes,    1001224 total
- age   3:     336832 bytes,    1338056 total
- age   4:     143600 bytes,    1481656 total
: 16971K->1449K(18624K), 0.0021022 secs] 40324K->24877K(83392K), 0.0022041 secs] [Times: user=0.01 sys=0.00, real=0.00 secs] 
50.471: [GC 50.471: [ParNew
Desired survivor size 1343488 bytes, new threshold 4 (max 4)
- age   1:     394592 bytes,     394592 total
- age   2:     534920 bytes,     929512 total
- age   3:     387136 bytes,    1316648 total
- age   4:     336832 bytes,    1653480 total
: 17398K->1618K(18624K), 0.0021493 secs] 40826K->25102K(83392K), 0.0022664 secs] [Times: user=0.00 sys=0.00, real=0.01 secs] 
50.490: [GC 50.490: [ParNew
Desired survivor size 1343488 bytes, new threshold 4 (max 4)
- age   1:     468512 bytes,     468512 total
- age   2:     222032 bytes,     690544 total
- age   3:     383000 bytes,    1073544 total
- age   4:     387136 bytes,    1460680 total
: 17527K->1432K(18624K), 0.0021688 secs] 41011K->25245K(83392K), 0.0022519 secs] [Times: user=0.01 sys=0.00, real=0.01 secs] 
50.505: [GC 50.505: [ParNew
Desired survivor size 1343488 bytes, new threshold 4 (max 4)
- age   1:     274888 bytes,     274888 total
- age   2:     388904 bytes,     663792 total
- age   3:     222032 bytes,     885824 total
- age   4:     330224 bytes,    1216048 total
: 17405K->1193K(18624K), 0.0020097 secs] 41218K->25144K(83392K), 0.0021673 secs] [Times: user=0.00 sys=0.00, real=0.00 secs] 
50.519: [GC 50.520: [ParNew
Desired survivor size 1343488 bytes, new threshold 4 (max 4)
- age   1:     291616 bytes,     291616 total
- age   2:     241160 bytes,     532776 total
- age   3:     234616 bytes,     767392 total
- age   4:     222032 bytes,     989424 total
: 17193K->969K(18624K), 0.0018359 secs] 41143K->25242K(83392K), 0.0019512 secs] [Times: user=0.00 sys=0.00, real=0.00 secs] 
50.535: [GC 50.535: [ParNew
Desired survivor size 1343488 bytes, new threshold 4 (max 4)
- age   1:      91640 bytes,      91640 total
- age   2:     231432 bytes,     323072 total
- age   3:     241160 bytes,     564232 total
- age   4:     233056 bytes,     797288 total
: 16969K->788K(18624K), 0.0026772 secs] 41242K->25247K(83392K), 0.0027815 secs] [Times: user=0.00 sys=0.00, real=0.00 secs] 
50.549: [GC 50.550: [ParNew
Desired survivor size 1343488 bytes, new threshold 4 (max 4)
- age   1:     292152 bytes,     292152 total
- age   2:      23752 bytes,     315904 total
- age   3:     231432 bytes,     547336 total
- age   4:     241128 bytes,     788464 total
: 16776K->777K(18624K), 0.0020026 secs] 41234K->25463K(83392K), 0.0021010 secs] [Times: user=0.01 sys=0.00, real=0.00 secs] 
50.566: [GC 50.566: [ParNew
Desired survivor size 1343488 bytes, new threshold 4 (max 4)
- age   1:     300432 bytes,     300432 total
- age   2:     213376 bytes,     513808 total
- age   3:      23752 bytes,     537560 total
- age   4:     231432 bytes,     768992 total
: 16737K->752K(18624K), 0.0015921 secs] 41423K->25674K(83392K), 0.0016871 secs] [Times: user=0.00 sys=0.00, real=0.00 secs] 
50.580: [GC 50.580: [ParNew
Desired survivor size 1343488 bytes, new threshold 4 (max 4)
- age   1:     324776 bytes,     324776 total
- age   2:     218536 bytes,     543312 total
- age   3:     213376 bytes,     756688 total
- age   4:      23752 bytes,     780440 total
: 16738K->769K(18624K), 0.0017064 secs] 41660K->25917K(83392K), 0.0018088 secs] [Times: user=0.00 sys=0.00, real=0.00 secs] 
50.594: [GC 50.594: [ParNew
Desired survivor size 1343488 bytes, new threshold 4 (max 4)
- age   1:     612320 bytes,     612320 total
- age   2:     216480 bytes,     828800 total
- age   3:     142608 bytes,     971408 total
- age   4:     145184 bytes,    1116592 total
: 16759K->1101K(18624K), 0.0015818 secs] 41907K->26272K(83392K), 0.0016587 secs] [Times: user=0.00 sys=0.00, real=0.00 secs] 
50.608: [GC 50.608: [ParNew
Desired survivor size 1343488 bytes, new threshold 4 (max 4)
- age   1:    1015280 bytes,    1015280 total
- age   2:     150880 bytes,    1166160 total
- age   3:     151184 bytes,    1317344 total
- age   4:     142608 bytes,    1459952 total
: 17090K->1432K(18624K), 0.0021469 secs] 42262K->26745K(83392K), 0.0022614 secs] [Times: user=0.01 sys=0.00, real=0.00 secs] 
50.623: [GC 50.623: [ParNew
Desired survivor size 1343488 bytes, new threshold 2 (max 4)
- age   1:    1048304 bytes,    1048304 total
- age   2:     620264 bytes,    1668568 total
- age   3:     150880 bytes,    1819448 total
- age   4:     151184 bytes,    1970632 total
: 17370K->1930K(18624K), 0.0024716 secs] 42683K->27382K(83392K), 0.0025755 secs] [Times: user=0.01 sys=0.00, real=0.00 secs] 
50.636: [GC 50.636: [ParNew
Desired survivor size 1343488 bytes, new threshold 4 (max 4)
- age   1:     405736 bytes,     405736 total
- age   2:     882960 bytes,    1288696 total
: 17921K->1271K(18624K), 0.0032639 secs] 43374K->27431K(83392K), 0.0033820 secs] [Times: user=0.00 sys=0.00, real=0.00 secs] 
50.654: [GC 50.655: [ParNew
Desired survivor size 1343488 bytes, new threshold 4 (max 4)
- age   1:     330880 bytes,     330880 total
- age   2:      66808 bytes,     397688 total
- age   3:     487112 bytes,     884800 total
: 17271K->866K(18624K), 0.0017390 secs] 43431K->27026K(83392K), 0.0018914 secs] [Times: user=0.00 sys=0.00, real=0.00 secs] 
50.672: [GC 50.672: [ParNew
Desired survivor size 1343488 bytes, new threshold 4 (max 4)
- age   1:     524704 bytes,     524704 total
- age   2:     166360 bytes,     691064 total
- age   3:      66808 bytes,     757872 total
- age   4:     487112 bytes,    1244984 total
: 16866K->1218K(18624K), 0.0019268 secs] 43026K->27378K(83392K), 0.0020383 secs] [Times: user=0.01 sys=0.00, real=0.00 secs] 
50.685: [GC 50.685: [ParNew
Desired survivor size 1343488 bytes, new threshold 4 (max 4)
- age   1:     134496 bytes,     134496 total
- age   2:     423472 bytes,     557968 total
- age   3:     166360 bytes,     724328 total
- age   4:      66808 bytes,     791136 total
: 17209K->773K(18624K), 0.0023673 secs] 43369K->27409K(83392K), 0.0024856 secs] [Times: user=0.00 sys=0.00, real=0.00 secs] 
50.699: [GC 50.699: [ParNew
Desired survivor size 1343488 bytes, new threshold 4 (max 4)
- age   1:     223200 bytes,     223200 total
- age   2:      25328 bytes,     248528 total
- age   3:     354224 bytes,     602752 total
- age   4:     166360 bytes,     769112 total
: 16756K->754K(18624K), 0.0017470 secs] 43392K->27455K(83392K), 0.0018522 secs] [Times: user=0.00 sys=0.00, real=0.00 secs] 
50.713: [GC 50.713: [ParNew
Desired survivor size 1343488 bytes, new threshold 4 (max 4)
- age   1:     296832 bytes,     296832 total
- age   3:      25328 bytes,     322160 total
- age   4:     354224 bytes,     676384 total
: 16720K->668K(18624K), 0.0016112 secs] 43421K->27531K(83392K), 0.0016976 secs] [Times: user=0.00 sys=0.00, real=0.00 secs] 
50.726: [GC 50.726: [ParNew
Desired survivor size 1343488 bytes, new threshold 4 (max 4)
- age   1:     194968 bytes,     194968 total
- age   2:      37728 bytes,     232696 total
- age   4:      25328 bytes,     258024 total
: 16581K->257K(18624K), 0.0016966 secs] 43445K->27466K(83392K), 0.0018072 secs] [Times: user=0.00 sys=0.00, real=0.00 secs] 
50.739: [GC 50.740: [ParNew
Desired survivor size 1343488 bytes, new threshold 4 (max 4)
- age   1:    1043112 bytes,    1043112 total
: 16203K->1022K(18624K), 0.0017551 secs] 43412K->28256K(83392K), 0.0018649 secs] [Times: user=0.01 sys=0.00, real=0.00 secs] 
50.753: [GC 50.753: [ParNew
Desired survivor size 1343488 bytes, new threshold 4 (max 4)
- age   1:     569144 bytes,     569144 total
- age   2:     587240 bytes,    1156384 total
: 17000K->1132K(18624K), 0.0017631 secs] 44234K->28366K(83392K), 0.0018596 secs] [Times: user=0.01 sys=0.00, real=0.00 secs] 
50.766: [GC 50.766: [ParNew
Desired survivor size 1343488 bytes, new threshold 4 (max 4)
- age   1:     522656 bytes,     522656 total
- age   2:     220600 bytes,     743256 total
- age   3:     335960 bytes,    1079216 total
: 17121K->1057K(18624K), 0.0019830 secs] 44355K->28291K(83392K), 0.0021002 secs] [Times: user=0.00 sys=0.00, real=0.00 secs] 
50.784: [GC 50.784: [ParNew
Desired survivor size 1343488 bytes, new threshold 4 (max 4)
- age   1:      81328 bytes,      81328 total
- age   2:     430784 bytes,     512112 total
- age   3:     220600 bytes,     732712 total
- age   4:     335960 bytes,    1068672 total
: 17054K->1045K(18624K), 0.0016561 secs] 44288K->28279K(83392K), 0.0017765 secs] [Times: user=0.01 sys=0.00, real=0.00 secs] 
50.798: [GC 50.798: [ParNew
Desired survivor size 1343488 bytes, new threshold 4 (max 4)
- age   1:     519016 bytes,     519016 total
- age   2:      70440 bytes,     589456 total
- age   3:     314264 bytes,     903720 total
- age   4:     220600 bytes,    1124320 total
: 17042K->1100K(18624K), 0.0021853 secs] 44276K->28662K(83392K), 0.0023026 secs] [Times: user=0.01 sys=0.00, real=0.00 secs] 
50.811: [GC 50.811: [ParNew
Desired survivor size 1343488 bytes, new threshold 4 (max 4)
- age   1:     113136 bytes,     113136 total
- age   2:     340640 bytes,     453776 total
- age   3:      70440 bytes,     524216 total
- age   4:     314264 bytes,     838480 total
: 17044K->830K(18624K), 0.0020737 secs] 44606K->28607K(83392K), 0.0022837 secs] [Times: user=0.00 sys=0.00, real=0.01 secs] 
50.824: [GC 50.824: [ParNew
Desired survivor size 1343488 bytes, new threshold 4 (max 4)
- age   1:     505296 bytes,     505296 total
- age   2:      30032 bytes,     535328 total
- age   3:     340640 bytes,     875968 total
- age   4:      70440 bytes,     946408 total
: 16810K->933K(18624K), 0.0023233 secs] 44588K->29017K(83392K), 0.0024396 secs] [Times: user=0.00 sys=0.00, real=0.00 secs] 
50.843: [GC 50.844: [ParNew
Desired survivor size 1343488 bytes, new threshold 4 (max 4)
- age   1:     255192 bytes,     255192 total
- age   2:      81680 bytes,     336872 total
- age   3:      30032 bytes,     366904 total
- age   4:     340640 bytes,     707544 total
: 16933K->711K(18624K), 0.0024875 secs] 45017K->28865K(83392K), 0.0025762 secs] [Times: user=0.01 sys=0.00, real=0.00 secs] 
50.858: [GC 50.858: [ParNew
Desired survivor size 1343488 bytes, new threshold 4 (max 4)
- age   1:     538616 bytes,     538616 total
- age   2:      86904 bytes,     625520 total
- age   3:      81680 bytes,     707200 total
: 16702K->694K(18624K), 0.0021578 secs] 44855K->29054K(83392K), 0.0022753 secs] [Times: user=0.00 sys=0.00, real=0.00 secs] 
50.872: [GC 50.872: [ParNew
Desired survivor size 1343488 bytes, new threshold 4 (max 4)
- age   1:     480768 bytes,     480768 total
- age   2:     214568 bytes,     695336 total
- age   3:      86904 bytes,     782240 total
- age   4:      81680 bytes,     863920 total
: 16669K->844K(18624K), 0.0016761 secs] 45029K->29204K(83392K), 0.0017715 secs] [Times: user=0.00 sys=0.00, real=0.01 secs] 
50.885: [GC 50.885: [ParNew
Desired survivor size 1343488 bytes, new threshold 4 (max 4)
- age   1:     640400 bytes,     640400 total
- age   2:     213264 bytes,     853664 total
- age   3:     214568 bytes,    1068232 total
- age   4:      86904 bytes,    1155136 total
: 16800K->1130K(18624K), 0.0017044 secs] 45160K->29570K(83392K), 0.0017910 secs] [Times: user=0.00 sys=0.00, real=0.00 secs] 
50.899: [GC 50.899: [ParNew
Desired survivor size 1343488 bytes, new threshold 4 (max 4)
- age   1:     555552 bytes,     555552 total
- age   2:     598176 bytes,    1153728 total
- age   3:     187032 bytes,    1340760 total
- age   4:      87960 bytes,    1428720 total
: 17130K->1398K(18624K), 0.0024021 secs] 45570K->29923K(83392K), 0.0025200 secs] [Times: user=0.00 sys=0.00, real=0.00 secs] 
50.913: [GC 50.914: [ParNew
Desired survivor size 1343488 bytes, new threshold 4 (max 4)
- age   1:     740544 bytes,     740544 total
- age   2:     399464 bytes,    1140008 total
- age   3:     189576 bytes,    1329584 total
- age   4:     187032 bytes,    1516616 total
: 17382K->1484K(18624K), 0.0019655 secs] 45907K->30095K(83392K), 0.0020835 secs] [Times: user=0.01 sys=0.00, real=0.00 secs] 
50.928: [GC 50.928: [ParNew
Desired survivor size 1343488 bytes, new threshold 3 (max 4)
- age   1:     707192 bytes,     707192 total
- age   2:     626832 bytes,    1334024 total
- age   3:     305824 bytes,    1639848 total
- age   4:     189576 bytes,    1829424 total
: 17484K->1790K(18624K), 0.0026168 secs] 46095K->30488K(83392K), 0.0027160 secs] [Times: user=0.00 sys=0.00, real=0.00 secs] 
50.944: [GC 50.944: [ParNew
Desired survivor size 1343488 bytes, new threshold 4 (max 4)
- age   1:     298728 bytes,     298728 total
- age   2:     299088 bytes,     597816 total
- age   3:     626832 bytes,    1224648 total
: 17770K->1197K(18624K), 0.0040991 secs] 46468K->30228K(83392K), 0.0041892 secs] [Times: user=0.01 sys=0.00, real=0.00 secs] 
50.969: [GC 50.969: [ParNew
Desired survivor size 1343488 bytes, new threshold 4 (max 4)
- age   1:     375552 bytes,     375552 total
- age   2:     211432 bytes,     586984 total
- age   3:     299088 bytes,     886072 total
- age   4:     319248 bytes,    1205320 total
: 17197K->1178K(18624K), 0.0018499 secs] 46228K->30209K(83392K), 0.0019387 secs] [Times: user=0.00 sys=0.00, real=0.00 secs] 
50.989: [GC 50.989: [ParNew
Desired survivor size 1343488 bytes, new threshold 4 (max 4)
- age   1:     239408 bytes,     239408 total
- age   2:     120024 bytes,     359432 total
- age   3:      55264 bytes,     414696 total
- age   4:     299088 bytes,     713784 total
: 17178K->709K(18624K), 0.0017231 secs] 46209K->30051K(83392K), 0.0018481 secs] [Times: user=0.00 sys=0.00, real=0.00 secs] 
51.003: [GC 51.003: [ParNew
Desired survivor size 1343488 bytes, new threshold 4 (max 4)
- age   1:     153560 bytes,     153560 total
- age   2:      14840 bytes,     168400 total
- age   3:     120024 bytes,     288424 total
- age   4:      55264 bytes,     343688 total
: 16709K->343K(18624K), 0.0016243 secs] 46051K->29978K(83392K), 0.0017280 secs] [Times: user=0.00 sys=0.00, real=0.00 secs] 
51.016: [GC 51.016: [ParNew
Desired survivor size 1343488 bytes, new threshold 4 (max 4)
- age   1:     313880 bytes,     313880 total
- age   2:      20752 bytes,     334632 total
- age   3:      14840 bytes,     349472 total
- age   4:     120024 bytes,     469496 total
: 16315K->483K(18624K), 0.0012753 secs] 45950K->30120K(83392K), 0.0013799 secs] [Times: user=0.00 sys=0.00, real=0.00 secs] 
51.032: [GC 51.032: [ParNew
Desired survivor size 1343488 bytes, new threshold 4 (max 4)
- age   1:     695240 bytes,     695240 total
- age   2:      84424 bytes,     779664 total
- age   3:      20752 bytes,     800416 total
- age   4:      14312 bytes,     814728 total
: 16482K->827K(18624K), 0.0015795 secs] 46118K->30581K(83392K), 0.0016878 secs] [Times: user=0.01 sys=0.00, real=0.01 secs] 
51.046: [GC 51.046: [ParNew
Desired survivor size 1343488 bytes, new threshold 4 (max 4)
- age   1:     490000 bytes,     490000 total
- age   2:     432616 bytes,     922616 total
- age   3:      84424 bytes,    1007040 total
- age   4:      20752 bytes,    1027792 total
: 16809K->1050K(18624K), 0.0022513 secs] 46563K->30818K(83392K), 0.0023693 secs] [Times: user=0.01 sys=0.00, real=0.00 secs] 
51.061: [GC 51.061: [ParNew
Desired survivor size 1343488 bytes, new threshold 4 (max 4)
- age   1:     249048 bytes,     249048 total
- age   2:     309808 bytes,     558856 total
- age   3:     335800 bytes,     894656 total
- age   4:      84424 bytes,     979080 total
: 17024K->977K(18624K), 0.0017799 secs] 46792K->30765K(83392K), 0.0018923 secs] [Times: user=0.00 sys=0.00, real=0.01 secs] 
51.077: [GC 51.077: [ParNew
Desired survivor size 1343488 bytes, new threshold 4 (max 4)
- age   1:     286928 bytes,     286928 total
- age   2:     190560 bytes,     477488 total
- age   3:     308976 bytes,     786464 total
- age   4:     335800 bytes,    1122264 total
: 16957K->1100K(18624K), 0.0024868 secs] 46745K->30888K(83392K), 0.0025782 secs] [Times: user=0.00 sys=0.00, real=0.00 secs] 
51.090: [GC 51.091: [ParNew
Desired survivor size 1343488 bytes, new threshold 4 (max 4)
- age   1:     311112 bytes,     311112 total
- age   2:     222408 bytes,     533520 total
- age   3:      34952 bytes,     568472 total
- age   4:     192448 bytes,     760920 total
: 17100K->753K(18624K), 0.0020331 secs] 46888K->30869K(83392K), 0.0021274 secs] [Times: user=0.00 sys=0.00, real=0.01 secs] 
51.105: [GC 51.105: [ParNew
Desired survivor size 1343488 bytes, new threshold 4 (max 4)
- age   1:     562664 bytes,     562664 total
- age   2:     244304 bytes,     806968 total
- age   3:      90624 bytes,     897592 total
- age   4:      34952 bytes,     932544 total
: 16743K->914K(18624K), 0.0019045 secs] 46859K->31218K(83392K), 0.0020085 secs] [Times: user=0.01 sys=0.00, real=0.00 secs] 
51.119: [GC 51.120: [ParNew
Desired survivor size 1343488 bytes, new threshold 4 (max 4)
- age   1:     380968 bytes,     380968 total
- age   2:     498144 bytes,     879112 total
- age   3:     189896 bytes,    1069008 total
- age   4:      73472 bytes,    1142480 total
: 16904K->1123K(18624K), 0.0017687 secs] 47208K->31461K(83392K), 0.0018625 secs] [Times: user=0.00 sys=0.00, real=0.00 secs] 
51.132: [GC 51.133: [ParNew
Desired survivor size 1343488 bytes, new threshold 3 (max 4)
- age   1:     618648 bytes,     618648 total
- age   2:     280608 bytes,     899256 total
- age   3:     498144 bytes,    1397400 total
- age   4:     189896 bytes,    1587296 total
: 17117K->1559K(18624K), 0.0025125 secs] 47455K->31923K(83392K), 0.0026786 secs] [Times: user=0.00 sys=0.00, real=0.00 secs] 
51.147: [GC 51.147: [ParNew
Desired survivor size 1343488 bytes, new threshold 4 (max 4)
- age   1:     153160 bytes,     153160 total
- age   2:     595080 bytes,     748240 total
- age   3:     240136 bytes,     988376 total
: 17544K->971K(18624K), 0.0021822 secs] 47909K->31912K(83392K), 0.0022893 secs] [Times: user=0.00 sys=0.00, real=0.00 secs] 
51.161: [GC 51.161: [ParNew
Desired survivor size 1343488 bytes, new threshold 4 (max 4)
- age   1:     285632 bytes,     285632 total
- age   2:      91720 bytes,     377352 total
- age   3:     595080 bytes,     972432 total
- age   4:     240136 bytes,    1212568 total
: 16953K->1186K(18624K), 0.0023356 secs] 47894K->32127K(83392K), 0.0024283 secs] [Times: user=0.01 sys=0.00, real=0.01 secs] 
51.174: [GC 51.174: [ParNew
Desired survivor size 1343488 bytes, new threshold 4 (max 4)
- age   1:     263120 bytes,     263120 total
- age   2:     266472 bytes,     529592 total
- age   3:      51200 bytes,     580792 total
- age   4:     396752 bytes,     977544 total
: 17176K->957K(18624K), 0.0022700 secs] 48116K->32132K(83392K), 0.0023727 secs] [Times: user=0.00 sys=0.00, real=0.00 secs] 
51.188: [GC 51.188: [ParNew
Desired survivor size 1343488 bytes, new threshold 4 (max 4)
- age   1:     173088 bytes,     173088 total
- age   2:     157056 bytes,     330144 total
- age   3:     266472 bytes,     596616 total
- age   4:      51200 bytes,     647816 total
: 16947K->635K(18624K), 0.0019502 secs] 48122K->32117K(83392K), 0.0020569 secs] [Times: user=0.00 sys=0.00, real=0.00 secs] 
51.201: [GC 51.201: [ParNew
Desired survivor size 1343488 bytes, new threshold 4 (max 4)
- age   1:     605424 bytes,     605424 total
- age   2:     115152 bytes,     720576 total
- age   3:     120176 bytes,     840752 total
- age   4:     266432 bytes,    1107184 total
: 16605K->1083K(18624K), 0.0022059 secs] 48087K->32616K(83392K), 0.0023050 secs] [Times: user=0.01 sys=0.00, real=0.01 secs] 
51.216: [GC 51.216: [ParNew
Desired survivor size 1343488 bytes, new threshold 4 (max 4)
- age   1:     210584 bytes,     210584 total
- age   2:     571704 bytes,     782288 total
- age   4:      73976 bytes,     856264 total
: 17060K->837K(18624K), 0.0022555 secs] 48592K->32630K(83392K), 0.0023640 secs] [Times: user=0.01 sys=0.00, real=0.00 secs] 
51.230: [GC 51.230: [ParNew
Desired survivor size 1343488 bytes, new threshold 4 (max 4)
- age   1:     541792 bytes,     541792 total
- age   2:      41568 bytes,     583360 total
- age   3:     398864 bytes,     982224 total
: 16823K->962K(18624K), 0.0015393 secs] 48616K->32827K(83392K), 0.0016388 secs] [Times: user=0.00 sys=0.00, real=0.00 secs] 
51.243: [GC 51.243: [ParNew
Desired survivor size 1343488 bytes, new threshold 4 (max 4)
- age   1:     437928 bytes,     437928 total
- age   2:     150448 bytes,     588376 total
- age   3:      41568 bytes,     629944 total
- age   4:     398864 bytes,    1028808 total
: 16910K->1008K(18624K), 0.0018814 secs] 48775K->32872K(83392K), 0.0019750 secs] [Times: user=0.00 sys=0.00, real=0.00 secs] 
51.256: [GC 51.256: [ParNew
Desired survivor size 1343488 bytes, new threshold 4 (max 4)
- age   1:     177704 bytes,     177704 total
- age   2:         40 bytes,     177744 total
- age   3:     150448 bytes,     328192 total
- age   4:      41568 bytes,     369760 total
: 16999K->364K(18624K), 0.0014596 secs] 48864K->32618K(83392K), 0.0015598 secs] [Times: user=0.00 sys=0.00, real=0.00 secs] 
51.269: [GC 51.269: [ParNew
Desired survivor size 1343488 bytes, new threshold 4 (max 4)
- age   1:     250488 bytes,     250488 total
- age   2:     123408 bytes,     373896 total
- age   4:     150448 bytes,     524344 total
: 16347K->515K(18624K), 0.0013781 secs] 48601K->32810K(83392K), 0.0014640 secs] [Times: user=0.01 sys=0.00, real=0.00 secs] 
51.283: [GC 51.283: [ParNew
Desired survivor size 1343488 bytes, new threshold 4 (max 4)
- age   1:     288424 bytes,     288424 total
- age   2:     133928 bytes,     422352 total
- age   3:     123408 bytes,     545760 total
: 16507K->536K(18624K), 0.0014097 secs] 48802K->32977K(83392K), 0.0015593 secs] [Times: user=0.01 sys=0.00, real=0.00 secs] 
51.297: [GC 51.297: [ParNew
Desired survivor size 1343488 bytes, new threshold 4 (max 4)
- age   1:     286008 bytes,     286008 total
- age   2:     170088 bytes,     456096 total
- age   3:      75632 bytes,     531728 total
- age   4:     123408 bytes,     655136 total
: 16510K->643K(18624K), 0.0012963 secs] 48952K->33084K(83392K), 0.0013698 secs] [Times: user=0.00 sys=0.00, real=0.00 secs] 
51.309: [GC 51.310: [ParNew
Desired survivor size 1343488 bytes, new threshold 4 (max 4)
- age   1:     163832 bytes,     163832 total
- age   2:     161336 bytes,     325168 total
- age   3:     170088 bytes,     495256 total
- age   4:      75632 bytes,     570888 total
: 16585K->561K(18624K), 0.0014263 secs] 49026K->33123K(83392K), 0.0015139 secs] [Times: user=0.00 sys=0.00, real=0.00 secs] 
51.322: [GC 51.322: [ParNew
Desired survivor size 1343488 bytes, new threshold 4 (max 4)
- age   1:     639608 bytes,     639608 total
- age   2:     125672 bytes,     765280 total
- age   3:      45200 bytes,     810480 total
- age   4:     170088 bytes,     980568 total
: 16508K->961K(18624K), 0.0018043 secs] 49070K->33597K(83392K), 0.0019151 secs] [Times: user=0.00 sys=0.00, real=0.00 secs] 
51.335: [GC 51.336: [ParNew
Desired survivor size 1343488 bytes, new threshold 4 (max 4)
- age   1:     266952 bytes,     266952 total
- age   2:     330840 bytes,     597792 total
- age   4:      45200 bytes,     642992 total
: 16916K->629K(18624K), 0.0022589 secs] 49552K->33431K(83392K), 0.0023719 secs] [Times: user=0.00 sys=0.00, real=0.00 secs] 
51.349: [GC 51.349: [ParNew
Desired survivor size 1343488 bytes, new threshold 4 (max 4)
- age   1:     310512 bytes,     310512 total
- age   2:      54168 bytes,     364680 total
- age   3:     291360 bytes,     656040 total
: 16617K->642K(18624K), 0.0015472 secs] 49419K->33488K(83392K), 0.0016461 secs] [Times: user=0.00 sys=0.00, real=0.00 secs] 
51.362: [GC 51.362: [ParNew
Desired survivor size 1343488 bytes, new threshold 4 (max 4)
- age   1:     581368 bytes,     581368 total
- age   3:      54168 bytes,     635536 total
- age   4:     291360 bytes,     926896 total
: 16591K->908K(18624K), 0.0017070 secs] 49437K->33755K(83392K), 0.0018299 secs] [Times: user=0.01 sys=0.00, real=0.01 secs] 
51.375: [GC 51.375: [ParNew
Desired survivor size 1343488 bytes, new threshold 4 (max 4)
- age   1:     549712 bytes,     549712 total
- age   2:     279904 bytes,     829616 total
- age   4:      54168 bytes,     883784 total
: 16900K->866K(18624K), 0.0017935 secs] 49747K->33997K(83392K), 0.0018943 secs] [Times: user=0.00 sys=0.00, real=0.00 secs] 
51.391: [GC 51.391: [ParNew
Desired survivor size 1343488 bytes, new threshold 4 (max 4)
- age   1:     399504 bytes,     399504 total
- age   2:     339496 bytes,     739000 total
- age   3:     131816 bytes,     870816 total
: 16866K->853K(18624K), 0.0016478 secs] 49996K->34036K(83392K), 0.0017426 secs] [Times: user=0.00 sys=0.00, real=0.01 secs] 
51.405: [GC 51.405: [ParNew
Desired survivor size 1343488 bytes, new threshold 3 (max 4)
- age   1:     723632 bytes,     723632 total
- age   2:     346352 bytes,    1069984 total
- age   3:     339496 bytes,    1409480 total
- age   4:     131816 bytes,    1541296 total
: 16853K->1507K(18624K), 0.0023073 secs] 50036K->34691K(83392K), 0.0024102 secs] [Times: user=0.00 sys=0.00, real=0.00 secs] 
51.421: [GC 51.421: [ParNew
Desired survivor size 1343488 bytes, new threshold 4 (max 4)
- age   1:     233408 bytes,     233408 total
- age   2:     603472 bytes,     836880 total
- age   3:     227904 bytes,    1064784 total
: 17481K->1042K(18624K), 0.0019201 secs] 50665K->34686K(83392K), 0.0020161 secs] [Times: user=0.01 sys=0.00, real=0.01 secs] 
51.435: [GC 51.435: [ParNew
Desired survivor size 1343488 bytes, new threshold 4 (max 4)
- age   1:     491568 bytes,     491568 total
- age   2:     143776 bytes,     635344 total
- age   3:     352472 bytes,     987816 total
- age   4:     113336 bytes,    1101152 total
: 17030K->1082K(18624K), 0.0025908 secs] 50674K->34726K(83392K), 0.0027508 secs] [Times: user=0.00 sys=0.00, real=0.00 secs] 
51.449: [GC 51.449: [ParNew
Desired survivor size 1343488 bytes, new threshold 4 (max 4)
- age   1:     832464 bytes,     832464 total
- age   2:     165480 bytes,     997944 total
- age   3:     143776 bytes,    1141720 total
- age   4:     352472 bytes,    1494192 total
: 17030K->1468K(18624K), 0.0022095 secs] 50674K->35223K(83392K), 0.0023195 secs] [Times: user=0.00 sys=0.00, real=0.00 secs] 
51.463: [GC 51.463: [ParNew
Desired survivor size 1343488 bytes, new threshold 4 (max 4)
- age   1:     124584 bytes,     124584 total
- age   2:     764976 bytes,     889560 total
- age   3:      28184 bytes,     917744 total
- age   4:     143776 bytes,    1061520 total
: 17411K->1042K(18624K), 0.0023223 secs] 51165K->35141K(83392K), 0.0024596 secs] [Times: user=0.01 sys=0.00, real=0.00 secs] 
51.479: [GC 51.479: [ParNew
Desired survivor size 1343488 bytes, new threshold 4 (max 4)
- age   1:     336272 bytes,     336272 total
- age   2:      52872 bytes,     389144 total
- age   3:     358040 bytes,     747184 total
- age   4:      28184 bytes,     775368 total
: 17005K->766K(18624K), 0.0014919 secs] 51104K->35005K(83392K), 0.0015894 secs] [Times: user=0.00 sys=0.00, real=0.00 secs] 
51.495: [GC 51.495: [ParNew
Desired survivor size 1343488 bytes, new threshold 4 (max 4)
- age   1:     516208 bytes,     516208 total
- age   2:     259248 bytes,     775456 total
- age   3:      52872 bytes,     828328 total
- age   4:     316408 bytes,    1144736 total
: 16746K->1120K(18624K), 0.0017148 secs] 50985K->35387K(83392K), 0.0018116 secs] [Times: user=0.00 sys=0.00, real=0.00 secs] 
51.508: [GC 51.508: [ParNew
Desired survivor size 1343488 bytes, new threshold 4 (max 4)
- age   1:     415248 bytes,     415248 total
- age   2:     462864 bytes,     878112 total
- age   3:       3728 bytes,     881840 total
- age   4:      52872 bytes,     934712 total
: 17115K->917K(18624K), 0.0021823 secs] 51381K->35493K(83392K), 0.0023079 secs] [Times: user=0.00 sys=0.00, real=0.00 secs] 
51.521: [GC 51.521: [ParNew
Desired survivor size 1343488 bytes, new threshold 4 (max 4)
- age   1:     476808 bytes,     476808 total
- age   2:     299800 bytes,     776608 total
- age   3:     218872 bytes,     995480 total
- age   4:       3728 bytes,     999208 total
: 16885K->985K(18624K), 0.0018833 secs] 51460K->35612K(83392K), 0.0020023 secs] [Times: user=0.01 sys=0.00, real=0.01 secs] 
51.536: [GC 51.536: [ParNew
Desired survivor size 1343488 bytes, new threshold 4 (max 4)
- age   1:     699672 bytes,     699672 total
- age   2:     231200 bytes,     930872 total
- age   3:     299800 bytes,    1230672 total
- age   4:     218872 bytes,    1449544 total
: 16980K->1418K(18624K), 0.0034307 secs] 51608K->36049K(83392K), 0.0035118 secs] [Times: user=0.01 sys=0.00, real=0.00 secs] 
51.552: [GC 51.552: [ParNew
Desired survivor size 1343488 bytes, new threshold 4 (max 4)
- age   1:     589104 bytes,     589104 total
- age   2:     654736 bytes,    1243840 total
- age   4:     299800 bytes,    1543640 total
: 17346K->1514K(18624K), 0.0020358 secs] 51977K->36358K(83392K), 0.0021565 secs] [Times: user=0.01 sys=0.00, real=0.01 secs] 
51.566: [GC 51.566: [ParNew
Desired survivor size 1343488 bytes, new threshold 3 (max 4)
- age   1:     233536 bytes,     233536 total
- age   2:     537024 bytes,     770560 total
- age   3:     654736 bytes,    1425296 total
: 17502K->1395K(18624K), 0.0022434 secs] 52347K->36532K(83392K), 0.0023614 secs] [Times: user=0.00 sys=0.00, real=0.00 secs] 
51.579: [GC 51.579: [ParNew
Desired survivor size 1343488 bytes, new threshold 4 (max 4)
- age   1:     448704 bytes,     448704 total
- age   2:     177624 bytes,     626328 total
- age   3:     537024 bytes,    1163352 total
: 17382K->1139K(18624K), 0.0025739 secs] 52519K->36916K(83392K), 0.0026757 secs] [Times: user=0.00 sys=0.00, real=0.00 secs] 
51.594: [GC 51.595: [ParNew
Desired survivor size 1343488 bytes, new threshold 2 (max 4)
- age   1:    1094648 bytes,    1094648 total
- age   2:     388808 bytes,    1483456 total
- age   3:     135736 bytes,    1619192 total
- age   4:     537024 bytes,    2156216 total
: 17093K->2108K(18624K), 0.0024246 secs] 52870K->37885K(83392K), 0.0025743 secs] [Times: user=0.01 sys=0.00, real=0.00 secs] 
51.610: [GC 51.610: [ParNew
Desired survivor size 1343488 bytes, new threshold 4 (max 4)
- age   1:     158248 bytes,     158248 total
- age   2:     956792 bytes,    1115040 total
: 18101K->1091K(18624K), 0.0022763 secs] 53878K->37641K(83392K), 0.0023737 secs] [Times: user=0.01 sys=0.01, real=0.01 secs] 
51.627: [GC 51.627: [ParNew
Desired survivor size 1343488 bytes, new threshold 3 (max 4)
- age   1:     367936 bytes,     367936 total
- age   2:     130256 bytes,     498192 total
- age   3:     956792 bytes,    1454984 total
: 17088K->1422K(18624K), 0.0017608 secs] 53637K->37972K(83392K), 0.0020132 secs] [Times: user=0.00 sys=0.00, real=0.00 secs] 
51.641: [GC 51.641: [ParNew
Desired survivor size 1343488 bytes, new threshold 4 (max 4)
- age   1:     598544 bytes,     598544 total
- age   2:     244240 bytes,     842784 total
- age   3:     130256 bytes,     973040 total
: 17422K->957K(18624K), 0.0023444 secs] 53971K->38441K(83392K), 0.0024477 secs] [Times: user=0.01 sys=0.00, real=0.01 secs] 
51.657: [GC 51.657: [ParNew
Desired survivor size 1343488 bytes, new threshold 4 (max 4)
- age   1:     316648 bytes,     316648 total
- age   2:     598544 bytes,     915192 total
- age   3:     165512 bytes,    1080704 total
- age   4:     130256 bytes,    1210960 total
: 16950K->1192K(18624K), 0.0021250 secs] 54433K->38675K(83392K), 0.0022637 secs] [Times: user=0.00 sys=0.00, real=0.00 secs] 
51.670: [GC 51.670: [ParNew
Desired survivor size 1343488 bytes, new threshold 4 (max 4)
- age   1:     200832 bytes,     200832 total
- age   2:     153672 bytes,     354504 total
- age   3:     550280 bytes,     904784 total
- age   4:     165512 bytes,    1070296 total
: 17169K->1048K(18624K), 0.0019147 secs] 54652K->38659K(83392K), 0.0020271 secs] [Times: user=0.00 sys=0.00, real=0.01 secs] 
51.686: [GC 51.686: [ParNew
Desired survivor size 1343488 bytes, new threshold 4 (max 4)
- age   1:     317912 bytes,     317912 total
- age   2:     168632 bytes,     486544 total
- age   3:     112552 bytes,     599096 total
- age   4:     333832 bytes,     932928 total
: 17034K->917K(18624K), 0.0020364 secs] 54645K->38689K(83392K), 0.0021401 secs] [Times: user=0.00 sys=0.00, real=0.00 secs] 
51.699: [GC 51.699: [ParNew
Desired survivor size 1343488 bytes, new threshold 4 (max 4)
- age   1:     722592 bytes,     722592 total
- age   2:     141632 bytes,     864224 total
- age   3:     168632 bytes,    1032856 total
- age   4:     112552 bytes,    1145408 total
: 16911K->1121K(18624K), 0.0023365 secs] 54683K->39025K(83392K), 0.0024361 secs] [Times: user=0.01 sys=0.00, real=0.00 secs] 
51.714: [GC 51.714: [ParNew
Desired survivor size 1343488 bytes, new threshold 4 (max 4)
- age   1:     325864 bytes,     325864 total
- age   2:     539320 bytes,     865184 total
- age   3:     141272 bytes,    1006456 total
- age   4:     168632 bytes,    1175088 total
: 17100K->1149K(18624K), 0.0018437 secs] 55004K->39163K(83392K), 0.0019399 secs] [Times: user=0.00 sys=0.00, real=0.00 secs] 
51.728: [GC 51.728: [ParNew
Desired survivor size 1343488 bytes, new threshold 4 (max 4)
- age   1:     699808 bytes,     699808 total
- age   2:     222296 bytes,     922104 total
- age   3:     202000 bytes,    1124104 total
- age   4:     141272 bytes,    1265376 total
: 17120K->1237K(18624K), 0.0018121 secs] 55134K->39416K(83392K), 0.0019289 secs] [Times: user=0.00 sys=0.00, real=0.00 secs] 
51.742: [GC 51.742: [ParNew
Desired survivor size 1343488 bytes, new threshold 4 (max 4)
- age   1:     371632 bytes,     371632 total
- age   2:     642592 bytes,    1014224 total
- age   3:     166728 bytes,    1180952 total
- age   4:     109616 bytes,    1290568 total
: 17237K->1263K(18624K), 0.0022556 secs] 55416K->39580K(83392K), 0.0023884 secs] [Times: user=0.00 sys=0.00, real=0.01 secs] 
51.757: [GC 51.757: [ParNew
Desired survivor size 1343488 bytes, new threshold 4 (max 4)
- age   1:     341288 bytes,     341288 total
- age   2:     319296 bytes,     660584 total
- age   3:     409064 bytes,    1069648 total
- age   4:     166728 bytes,    1236376 total
: 17184K->1210K(18624K), 0.0024003 secs] 55501K->39569K(83392K), 0.0026153 secs] [Times: user=0.01 sys=0.00, real=0.00 secs] 
51.771: [GC 51.771: [ParNew
Desired survivor size 1343488 bytes, new threshold 3 (max 4)
- age   1:     942056 bytes,     942056 total
- age   2:     179680 bytes,    1121736 total
- age   3:     319296 bytes,    1441032 total
- age   4:     354712 bytes,    1795744 total
: 17171K->1757K(18624K), 0.0023623 secs] 55530K->40278K(83392K), 0.0024940 secs] [Times: user=0.00 sys=0.00, real=0.01 secs] 
51.785: [GC 51.785: [ParNew
Desired survivor size 1343488 bytes, new threshold 2 (max 4)
- age   1:     535152 bytes,     535152 total
- age   2:     857792 bytes,    1392944 total
- age   3:     179680 bytes,    1572624 total
: 17710K->1539K(18624K), 0.0033971 secs] 56231K->40718K(83392K), 0.0034998 secs] [Times: user=0.00 sys=0.00, real=0.00 secs] 
51.801: [GC 51.801: [ParNew
Desired survivor size 1343488 bytes, new threshold 4 (max 4)
- age   1:     556392 bytes,     556392 total
- age   2:     288264 bytes,     844656 total
: 17539K->828K(18624K), 0.0020255 secs] 56718K->40655K(83392K), 0.0021240 secs] [Times: user=0.01 sys=0.00, real=0.01 secs] 
51.819: [GC 51.819: [ParNew
Desired survivor size 1343488 bytes, new threshold 4 (max 4)
- age   1:     436224 bytes,     436224 total
- age   2:     470952 bytes,     907176 total
- age   3:     288264 bytes,    1195440 total
: 16784K->1170K(18624K), 0.0017279 secs] 56611K->40998K(83392K), 0.0018087 secs] [Times: user=0.00 sys=0.00, real=0.00 secs] 
51.834: [GC 51.834: [ParNew
Desired survivor size 1343488 bytes, new threshold 4 (max 4)
- age   1:     211560 bytes,     211560 total
- age   2:     318792 bytes,     530352 total
- age   3:     350976 bytes,     881328 total
- age   4:     288264 bytes,    1169592 total
: 17170K->1145K(18624K), 0.0017053 secs] 56998K->40973K(83392K), 0.0019105 secs] [Times: user=0.01 sys=0.00, real=0.00 secs] 
51.847: [GC 51.847: [ParNew
Desired survivor size 1343488 bytes, new threshold 4 (max 4)
- age   1:     218552 bytes,     218552 total
- age   2:     197440 bytes,     415992 total
- age   3:     318760 bytes,     734752 total
- age   4:     350976 bytes,    1085728 total
: 17117K->1068K(18624K), 0.0022158 secs] 56945K->41177K(83392K), 0.0023127 secs] [Times: user=0.00 sys=0.00, real=0.00 secs] 
51.862: [GC 51.862: [ParNew
Desired survivor size 1343488 bytes, new threshold 4 (max 4)
- age   1:     710992 bytes,     710992 total
- age   2:      85824 bytes,     796816 total
- age   3:     129344 bytes,     926160 total
- age   4:     318760 bytes,    1244920 total
: 17053K->1225K(18624K), 0.0018101 secs] 57162K->41470K(83392K), 0.0019251 secs] [Times: user=0.00 sys=0.00, real=0.01 secs] 
51.877: [GC 51.877: [ParNew
Desired survivor size 1343488 bytes, new threshold 4 (max 4)
- age   1:     434328 bytes,     434328 total
- age   2:     505272 bytes,     939600 total
- age   3:      85824 bytes,    1025424 total
- age   4:       8184 bytes,    1033608 total
: 17219K->1019K(18624K), 0.0018149 secs] 57464K->41466K(83392K), 0.0019298 secs] [Times: user=0.01 sys=0.00, real=0.00 secs] 
51.892: [GC 51.892: [ParNew
Desired survivor size 1343488 bytes, new threshold 3 (max 4)
- age   1:     692056 bytes,     692056 total
- age   2:     422400 bytes,    1114456 total
- age   3:     505272 bytes,    1619728 total
- age   4:      85824 bytes,    1705552 total
: 16977K->1673K(18624K), 0.0021457 secs] 57424K->42128K(83392K), 0.0022392 secs] [Times: user=0.01 sys=0.00, real=0.01 secs] 
51.906: [GC 51.906: [ParNew
Desired survivor size 1343488 bytes, new threshold 3 (max 4)
- age   1:     548312 bytes,     548312 total
- age   2:     618376 bytes,    1166688 total
- age   3:     300600 bytes,    1467288 total
: 17659K->1437K(18624K), 0.0025580 secs] 58114K->42469K(83392K), 0.0027114 secs] [Times: user=0.00 sys=0.00, real=0.00 secs] 
51.921: [GC 51.921: [ParNew
Desired survivor size 1343488 bytes, new threshold 4 (max 4)
- age   1:     357304 bytes,     357304 total
- age   2:     339056 bytes,     696360 total
- age   3:     618376 bytes,    1314736 total
: 17378K->1292K(18624K), 0.0021507 secs] 58410K->42618K(83392K), 0.0022514 secs] [Times: user=0.00 sys=0.00, real=0.01 secs] 
51.934: [GC 51.935: [ParNew
Desired survivor size 1343488 bytes, new threshold 4 (max 4)
- age   1:     388616 bytes,     388616 total
- age   2:     275592 bytes,     664208 total
- age   3:     339024 bytes,    1003232 total
- age   4:     357904 bytes,    1361136 total
: 17264K->1332K(18624K), 0.0019400 secs] 58589K->42657K(83392K), 0.0021603 secs] [Times: user=0.01 sys=0.00, real=0.00 secs] 
51.950: [GC 51.950: [ParNew
Desired survivor size 1343488 bytes, new threshold 4 (max 4)
- age   1:     677008 bytes,     677008 total
- age   2:     328600 bytes,    1005608 total
- age   3:     275592 bytes,    1281200 total
- age   4:     339024 bytes,    1620224 total
: 17321K->1585K(18624K), 0.0021522 secs] 58646K->43260K(83392K), 0.0022447 secs] [Times: user=0.00 sys=0.00, real=0.00 secs] 
51.963: [GC 51.963: [ParNew
Desired survivor size 1343488 bytes, new threshold 3 (max 4)
- age   1:     775704 bytes,     775704 total
- age   2:     491184 bytes,    1266888 total
- age   3:     328600 bytes,    1595488 total
- age   4:     275592 bytes,    1871080 total
: 17582K->1830K(18624K), 0.0030191 secs] 59257K->43836K(83392K), 0.0031404 secs] [Times: user=0.00 sys=0.00, real=0.00 secs] 
51.977: [GC 51.978: [ParNew
Desired survivor size 1343488 bytes, new threshold 3 (max 4)
- age   1:     322800 bytes,     322800 total
- age   2:     740568 bytes,    1063368 total
- age   3:     417824 bytes,    1481192 total
: 17801K->1449K(18624K), 0.0025086 secs] 59807K->44046K(83392K), 0.0026270 secs] [Times: user=0.01 sys=0.00, real=0.00 secs] 
51.992: [GC 51.992: [ParNew
Desired survivor size 1343488 bytes, new threshold 4 (max 4)
- age   1:     279624 bytes,     279624 total
- age   2:     284640 bytes,     564264 total
- age   3:     740568 bytes,    1304832 total
: 17447K->1277K(18624K), 0.0021858 secs] 60043K->44164K(83392K), 0.0022898 secs] [Times: user=0.00 sys=0.00, real=0.01 secs] 
52.005: [GC 52.005: [ParNew
Desired survivor size 1343488 bytes, new threshold 4 (max 4)
- age   1:     485672 bytes,     485672 total
- age   2:     172896 bytes,     658568 total
- age   3:     284640 bytes,     943208 total
- age   4:     740568 bytes,    1683776 total
: 17200K->1647K(18624K), 0.0022075 secs] 60087K->44534K(83392K), 0.0023116 secs] [Times: user=0.00 sys=0.00, real=0.00 secs] 
52.020: [GC 52.020: [ParNew
Desired survivor size 1343488 bytes, new threshold 4 (max 4)
- age   1:     682944 bytes,     682944 total
- age   2:     406064 bytes,    1089008 total
- age   3:     172896 bytes,    1261904 total
- age   4:     242416 bytes,    1504320 total
: 17598K->1471K(18624K), 0.0036901 secs] 60485K->45082K(83392K), 0.0038958 secs] [Times: user=0.01 sys=0.00, real=0.01 secs] 
52.036: [GC 52.036: [ParNew
Desired survivor size 1343488 bytes, new threshold 3 (max 4)
- age   1:     515168 bytes,     515168 total
- age   2:     609920 bytes,    1125088 total
- age   3:     406064 bytes,    1531152 total
- age   4:     172896 bytes,    1704048 total
: 17422K->1666K(18624K), 0.0035860 secs] 61032K->45513K(83392K), 0.0036981 secs] [Times: user=0.00 sys=0.00, real=0.00 secs] 
52.052: [GC 52.052: [ParNew
Desired survivor size 1343488 bytes, new threshold 4 (max 4)
- age   1:     398552 bytes,     398552 total
- age   2:     446792 bytes,     845344 total
- age   3:     449264 bytes,    1294608 total
: 17655K->1265K(18624K), 0.0023779 secs] 61502K->45678K(83392K), 0.0024877 secs] [Times: user=0.01 sys=0.00, real=0.01 secs] 
52.066: [GC 52.066: [ParNew
Desired survivor size 1343488 bytes, new threshold 3 (max 4)
- age   1:     801384 bytes,     801384 total
- age   2:     251216 bytes,    1052600 total
- age   3:     446792 bytes,    1499392 total
- age   4:     235304 bytes,    1734696 total
: 17200K->1697K(18624K), 0.0023989 secs] 61613K->46109K(83392K), 0.0027010 secs] [Times: user=0.01 sys=0.00, real=0.00 secs] 
52.082: [GC 52.082: [ParNew
Desired survivor size 1343488 bytes, new threshold 4 (max 4)
- age   1:     517520 bytes,     517520 total
- age   2:     477672 bytes,     995192 total
- age   3:     251216 bytes,    1246408 total
: 17614K->1219K(18624K), 0.0029543 secs] 62026K->46298K(83392K), 0.0030815 secs] [Times: user=0.00 sys=0.00, real=0.00 secs] 
52.099: [GC 52.099: [ParNew
Desired survivor size 1343488 bytes, new threshold 4 (max 4)
- age   1:     442424 bytes,     442424 total
- age   2:     440064 bytes,     882488 total
- age   3:     305048 bytes,    1187536 total
- age   4:     167888 bytes,    1355424 total
: 17213K->1327K(18624K), 0.0021751 secs] 62292K->46406K(83392K), 0.0022779 secs] [Times: user=0.00 sys=0.00, real=0.00 secs] 
52.112: [GC 52.112: [ParNew
Desired survivor size 1343488 bytes, new threshold 1 (max 4)
- age   1:    1355504 bytes,    1355504 total
- age   2:     430048 bytes,    1785552 total
- age   3:     440064 bytes,    2225616 total
- age   4:     305048 bytes,    2530664 total
: 17292K->2474K(18624K), 0.0031807 secs] 62371K->47557K(83392K), 0.0032854 secs] [Times: user=0.01 sys=0.00, real=0.01 secs] 
52.130: [GC 52.130: [ParNew
Desired survivor size 1343488 bytes, new threshold 4 (max 4)
- age   1:     219360 bytes,     219360 total
: 18474K->220K(18624K), 0.0027773 secs] 63557K->47410K(83392K), 0.0028916 secs] [Times: user=0.01 sys=0.00, real=0.01 secs] 
52.134: [GC [1 CMS-initial-mark: 47189K(64768K)] 47423K(83392K), 0.0009600 secs] [Times: user=0.00 sys=0.00, real=0.00 secs] 
52.135: [CMS-concurrent-mark-start]
52.150: [GC 52.150: [ParNew
Desired survivor size 1343488 bytes, new threshold 4 (max 4)
- age   1:     178672 bytes,     178672 total
- age   2:     218080 bytes,     396752 total
: 16192K->390K(18624K), 0.0012601 secs] 63382K->47580K(83392K), 0.0013323 secs] [Times: user=0.00 sys=0.00, real=0.00 secs] 
52.168: [GC 52.168: [ParNew
Desired survivor size 1343488 bytes, new threshold 4 (max 4)
- age   1:     515496 bytes,     515496 total
- age   2:     178672 bytes,     694168 total
- age   3:      85464 bytes,     779632 total
: 16376K->768K(18624K), 0.0017135 secs] 63566K->47958K(83392K), 0.0018086 secs] [Times: user=0.00 sys=0.00, real=0.00 secs] 
52.183: [GC 52.183: [ParNew
Desired survivor size 1343488 bytes, new threshold 4 (max 4)
- age   1:     272360 bytes,     272360 total
- age   2:     304648 bytes,     577008 total
- age   3:     178672 bytes,     755680 total
- age   4:       5328 bytes,     761008 total
: 16680K->753K(18624K), 0.0027634 secs] 63870K->47943K(83392K), 0.0028719 secs] [Times: user=0.00 sys=0.00, real=0.00 secs] 
52.200: [GC 52.201: [ParNew
Desired survivor size 1343488 bytes, new threshold 4 (max 4)
- age   1:     293968 bytes,     293968 total
- age   2:     121632 bytes,     415600 total
- age   3:     304648 bytes,     720248 total
- age   4:     178672 bytes,     898920 total
: 16744K->882K(18624K), 0.0015696 secs] 63934K->48077K(83392K), 0.0016735 secs] [Times: user=0.00 sys=0.00, real=0.01 secs] 
52.218: [CMS-concurrent-mark: 0.073/0.083 secs] [Times: user=0.13 sys=0.01, real=0.08 secs] 
52.219: [GC 52.219: [ParNew
Desired survivor size 1343488 bytes, new threshold 4 (max 4)
- age   1:     545744 bytes,     545744 total
- age   2:     209416 bytes,     755160 total
- age   3:      81088 bytes,     836248 total
- age   4:     304648 bytes,    1140896 total
: 16882K->1117K(18624K), 0.0020015 secs] 64077K->48486K(83392K), 0.0020852 secs] [Times: user=0.00 sys=0.00, real=0.00 secs] 
52.221: [CMS-concurrent-preclean-start]
52.221: [CMS-concurrent-preclean: 0.000/0.000 secs] [Times: user=0.00 sys=0.00, real=0.00 secs] 
52.226: [GC[YG occupancy: 7581 K (18624 K)]52.226: [Rescan (parallel) , 0.0014706 secs]52.227: [weak refs processing, 0.0000175 secs] [1 CMS-remark: 47369K(64768K)] 54950K(83392K), 0.0015644 secs] [Times: user=0.00 sys=0.00, real=0.00 secs] 
52.227: [CMS-concurrent-sweep-start]
52.236: [GC 52.236: [ParNew
Desired survivor size 1343488 bytes, new threshold 4 (max 4)
- age   1:     600768 bytes,     600768 total
- age   2:     465768 bytes,    1066536 total
- age   3:      90560 bytes,    1157096 total
: 17117K->1131K(18624K), 0.0023669 secs] 64308K->48526K(83392K), 0.0024559 secs] [Times: user=0.00 sys=0.00, real=0.00 secs] 
52.240: [CMS-concurrent-sweep: 0.009/0.012 secs] [Times: user=0.02 sys=0.00, real=0.01 secs] 
52.251: [GC 52.251: [ParNew
Desired survivor size 1343488 bytes, new threshold 3 (max 4)
- age   1:     928696 bytes,     928696 total
- age   2:     205928 bytes,    1134624 total
- age   3:     465768 bytes,    1600392 total
- age   4:      90560 bytes,    1690952 total
: 17100K->1653K(18624K), 0.0019624 secs] 25751K->10303K(83392K), 0.0020589 secs] [Times: user=0.00 sys=0.00, real=0.01 secs] 
52.266: [GC 52.266: [ParNew
Desired survivor size 1343488 bytes, new threshold 4 (max 4)
- age   1:     669096 bytes,     669096 total
- age   2:     301720 bytes,     970816 total
- age   3:     205928 bytes,    1176744 total
: 17639K->1151K(18624K), 0.0022278 secs] 26289K->10345K(83392K), 0.0023365 secs] [Times: user=0.01 sys=0.00, real=0.00 secs] 
52.281: [GC 52.281: [ParNew
Desired survivor size 1343488 bytes, new threshold 4 (max 4)
- age   1:     404984 bytes,     404984 total
- age   2:     167968 bytes,     572952 total
- age   3:     163160 bytes,     736112 total
- age   4:     205928 bytes,     942040 total
: 17107K->922K(18624K), 0.0016839 secs] 26301K->10116K(83392K), 0.0018091 secs] [Times: user=0.00 sys=0.00, real=0.01 secs] 
52.294: [GC 52.294: [ParNew
Desired survivor size 1343488 bytes, new threshold 4 (max 4)
- age   1:     657728 bytes,     657728 total
- age   2:      27008 bytes,     684736 total
- age   3:     167968 bytes,     852704 total
- age   4:     163160 bytes,    1015864 total
: 16856K->995K(18624K), 0.0016494 secs] 26050K->10391K(83392K), 0.0017439 secs] [Times: user=0.00 sys=0.00, real=0.00 secs] 
52.307: [GC 52.307: [ParNew
Desired survivor size 1343488 bytes, new threshold 4 (max 4)
- age   1:     542984 bytes,     542984 total
- age   2:     420640 bytes,     963624 total
- age   3:      27008 bytes,     990632 total
- age   4:     167968 bytes,    1158600 total
: 16991K->1134K(18624K), 0.0020081 secs] 26386K->10689K(83392K), 0.0021301 secs] [Times: user=0.00 sys=0.00, real=0.00 secs] 
52.321: [GC 52.321: [ParNew
Desired survivor size 1343488 bytes, new threshold 4 (max 4)
- age   1:     681664 bytes,     681664 total
- age   2:     542944 bytes,    1224608 total
- age   4:      27008 bytes,    1251616 total
: 17097K->1225K(18624K), 0.0018888 secs] 26652K->10944K(83392K), 0.0020265 secs] [Times: user=0.01 sys=0.00, real=0.01 secs] 
52.334: [GC 52.335: [ParNew
Desired survivor size 1343488 bytes, new threshold 4 (max 4)
- age   1:     748672 bytes,     748672 total
- age   2:     228784 bytes,     977456 total
- age   3:     234984 bytes,    1212440 total
: 17216K->1187K(18624K), 0.0030722 secs] 26935K->10932K(83392K), 0.0031726 secs] [Times: user=0.00 sys=0.00, real=0.00 secs] 
52.352: [GC 52.352: [ParNew
Desired survivor size 1343488 bytes, new threshold 4 (max 4)
- age   1:     443640 bytes,     443640 total
- age   2:     172848 bytes,     616488 total
- age   3:     228784 bytes,     845272 total
- age   4:     234984 bytes,    1080256 total
: 17146K->1057K(18624K), 0.0018517 secs] 26891K->10802K(83392K), 0.0019467 secs] [Times: user=0.00 sys=0.00, real=0.01 secs] 
52.366: [GC 52.366: [ParNew
Desired survivor size 1343488 bytes, new threshold 4 (max 4)
- age   1:     659528 bytes,     659528 total
- age   2:     272824 bytes,     932352 total
- age   3:     172848 bytes,    1105200 total
- age   4:     228784 bytes,    1333984 total
: 17057K->1305K(18624K), 0.0021306 secs] 26802K->11279K(83392K), 0.0022413 secs] [Times: user=0.01 sys=0.00, real=0.00 secs] 
52.381: [GC 52.381: [ParNew
Desired survivor size 1343488 bytes, new threshold 4 (max 4)
- age   1:     183248 bytes,     183248 total
- age   2:     574984 bytes,     758232 total
- age   3:       2480 bytes,     760712 total
- age   4:     172848 bytes,     933560 total
: 17242K->914K(18624K), 0.0017591 secs] 27217K->11112K(83392K), 0.0019425 secs] [Times: user=0.00 sys=0.00, real=0.01 secs] 
52.396: [GC 52.396: [ParNew
Desired survivor size 1343488 bytes, new threshold 4 (max 4)
- age   1:     266616 bytes,     266616 total
- age   2:     111544 bytes,     378160 total
- age   3:     413960 bytes,     792120 total
- age   4:       2368 bytes,     794488 total
: 16900K->779K(18624K), 0.0014535 secs] 27098K->11145K(83392K), 0.0015859 secs] [Times: user=0.00 sys=0.00, real=0.00 secs] 
52.410: [GC 52.410: [ParNew
Desired survivor size 1343488 bytes, new threshold 4 (max 4)
- age   1:     240056 bytes,     240056 total
- age   2:     174024 bytes,     414080 total
- age   3:     111544 bytes,     525624 total
- age   4:     243208 bytes,     768832 total
: 16779K->756K(18624K), 0.0015025 secs] 27145K->11125K(83392K), 0.0015914 secs] [Times: user=0.01 sys=0.00, real=0.00 secs] 
52.423: [GC 52.423: [ParNew
Desired survivor size 1343488 bytes, new threshold 4 (max 4)
- age   1:     146544 bytes,     146544 total
- age   2:     157392 bytes,     303936 total
- age   3:     174024 bytes,     477960 total
: 16755K->478K(18624K), 0.0013966 secs] 27124K->11084K(83392K), 0.0014904 secs] [Times: user=0.00 sys=0.00, real=0.00 secs] 
52.435: [GC 52.435: [ParNew
Desired survivor size 1343488 bytes, new threshold 4 (max 4)
- age   1:     145840 bytes,     145840 total
- age   2:      44528 bytes,     190368 total
- age   3:     157392 bytes,     347760 total
- age   4:     174024 bytes,     521784 total
: 16449K->517K(18624K), 0.0013153 secs] 27055K->11124K(83392K), 0.0014023 secs] [Times: user=0.00 sys=0.00, real=0.00 secs] 
52.457: [GC 52.457: [ParNew
Desired survivor size 1343488 bytes, new threshold 4 (max 4)
- age   1:     756352 bytes,     756352 total
- age   2:      84424 bytes,     840776 total
- age   3:      44528 bytes,     885304 total
- age   4:     156560 bytes,    1041864 total
: 16501K->1029K(18624K), 0.0015281 secs] 27107K->11805K(83392K), 0.0016077 secs] [Times: user=0.01 sys=0.00, real=0.00 secs] 
52.471: [CMS-concurrent-reset-start]
52.472: [CMS-concurrent-reset: 0.001/0.001 secs] [Times: user=0.00 sys=0.00, real=0.01 secs] 
52.476: [GC 52.476: [ParNew
Desired survivor size 1343488 bytes, new threshold 4 (max 4)
- age   1:     406120 bytes,     406120 total
- age   2:     756264 bytes,    1162384 total
- age   3:      84424 bytes,    1246808 total
- age   4:      43696 bytes,    1290504 total
: 16907K->1279K(18624K), 0.0020183 secs] 27683K->12208K(83392K), 0.0021371 secs] [Times: user=0.00 sys=0.00, real=0.00 secs] 
52.492: [GC 52.492: [ParNew
Desired survivor size 1343488 bytes, new threshold 3 (max 4)
- age   1:     646720 bytes,     646720 total
- age   2:     324424 bytes,     971144 total
- age   3:     618280 bytes,    1589424 total
- age   4:      84424 bytes,    1673848 total
: 17205K->1644K(18624K), 0.0020707 secs] 28134K->12616K(83392K), 0.0022037 secs] [Times: user=0.01 sys=0.00, real=0.00 secs] 
52.505: [GC 52.505: [ParNew
Desired survivor size 1343488 bytes, new threshold 4 (max 4)
- age   1:     101992 bytes,     101992 total
- age   2:     595888 bytes,     697880 total
- age   3:     324424 bytes,    1022304 total
: 17625K->1009K(18624K), 0.0023716 secs] 28597K->12664K(83392K), 0.0024773 secs] [Times: user=0.00 sys=0.00, real=0.00 secs] 
52.520: [GC 52.520: [ParNew
Desired survivor size 1343488 bytes, new threshold 4 (max 4)
- age   1:     588808 bytes,     588808 total
- age   2:      45624 bytes,     634432 total
- age   3:     520312 bytes,    1154744 total
- age   4:     324424 bytes,    1479168 total
: 16999K->1447K(18624K), 0.0021884 secs] 28655K->13102K(83392K), 0.0023094 secs] [Times: user=0.00 sys=0.00, real=0.01 secs] 
52.535: [GC 52.535: [ParNew
Desired survivor size 1343488 bytes, new threshold 4 (max 4)
- age   1:     310600 bytes,     310600 total
- age   2:     527864 bytes,     838464 total
- age   3:      45624 bytes,     884088 total
- age   4:     257672 bytes,    1141760 total
: 17433K->1124K(18624K), 0.0032598 secs] 29088K->13096K(83392K), 0.0034086 secs] [Times: user=0.00 sys=0.00, real=0.00 secs] 
52.550: [GC 52.550: [ParNew
Desired survivor size 1343488 bytes, new threshold 4 (max 4)
- age   1:     105216 bytes,     105216 total
- age   2:     286928 bytes,     392144 total
- age   3:     409648 bytes,     801792 total
- age   4:      45624 bytes,     847416 total
: 17122K->831K(18624K), 0.0018754 secs] 29095K->13055K(83392K), 0.0019594 secs] [Times: user=0.01 sys=0.00, real=0.00 secs] 
52.566: [GC 52.566: [ParNew
Desired survivor size 1343488 bytes, new threshold 4 (max 4)
- age   1:     210792 bytes,     210792 total
- age   2:      38656 bytes,     249448 total
- age   3:     255904 bytes,     505352 total
- age   4:     409648 bytes,     915000 total
: 16825K->899K(18624K), 0.0015346 secs] 29049K->13168K(83392K), 0.0016348 secs] [Times: user=0.01 sys=0.00, real=0.00 secs] 
52.579: [GC 52.579: [ParNew
Desired survivor size 1343488 bytes, new threshold 4 (max 4)
- age   1:     197248 bytes,     197248 total
- age   2:     143464 bytes,     340712 total
- age   3:       6856 bytes,     347568 total
: 16899K->344K(18624K), 0.0016739 secs] 29168K->12895K(83392K), 0.0017786 secs] [Times: user=0.01 sys=0.00, real=0.00 secs] 
52.596: [GC 52.596: [ParNew
Desired survivor size 1343488 bytes, new threshold 4 (max 4)
- age   1:     363192 bytes,     363192 total
- age   2:     110864 bytes,     474056 total
- age   3:     143464 bytes,     617520 total
- age   4:       6856 bytes,     624376 total
: 16344K->613K(18624K), 0.0012412 secs] 28895K->13165K(83392K), 0.0013481 secs] [Times: user=0.00 sys=0.00, real=0.00 secs] 
52.611: [GC 52.611: [ParNew
Desired survivor size 1343488 bytes, new threshold 4 (max 4)
- age   1:     656160 bytes,     656160 total
- age   2:     285208 bytes,     941368 total
- age   3:     110832 bytes,    1052200 total
- age   4:        624 bytes,    1052824 total
: 16597K->1030K(18624K), 0.0017771 secs] 29149K->13588K(83392K), 0.0018732 secs] [Times: user=0.00 sys=0.00, real=0.01 secs] 
52.626: [GC 52.626: [ParNew
Desired survivor size 1343488 bytes, new threshold 4 (max 4)
- age   1:     197616 bytes,     197616 total
- age   2:     539936 bytes,     737552 total
- age   3:     285024 bytes,    1022576 total
- age   4:     110832 bytes,    1133408 total
: 17030K->1110K(18624K), 0.0016561 secs] 29588K->13669K(83392K), 0.0017463 secs] [Times: user=0.00 sys=0.00, real=0.00 secs] 
52.643: [GC 52.643: [ParNew
Desired survivor size 1343488 bytes, new threshold 4 (max 4)
- age   1:     525072 bytes,     525072 total
- age   2:     197352 bytes,     722424 total
- age   3:     169824 bytes,     892248 total
- age   4:     196304 bytes,    1088552 total
: 17031K->1068K(18624K), 0.0016516 secs] 29590K->13735K(83392K), 0.0017408 secs] [Times: user=0.00 sys=0.00, real=0.00 secs] 
52.656: [GC 52.656: [ParNew
Desired survivor size 1343488 bytes, new threshold 4 (max 4)
- age   1:     212136 bytes,     212136 total
- age   2:     442424 bytes,     654560 total
- age   3:     164240 bytes,     818800 total
- age   4:     169824 bytes,     988624 total
: 17056K->983K(18624K), 0.0018835 secs] 29723K->13841K(83392K), 0.0019816 secs] [Times: user=0.01 sys=0.00, real=0.00 secs] 
52.671: [GC 52.671: [ParNew
Desired survivor size 1343488 bytes, new threshold 4 (max 4)
- age   1:     233792 bytes,     233792 total
- age   2:     172576 bytes,     406368 total
- age   3:     440264 bytes,     846632 total
- age   4:       8072 bytes,     854704 total
: 16983K->845K(18624K), 0.0018740 secs] 29841K->13869K(83392K), 0.0019678 secs] [Times: user=0.01 sys=0.00, real=0.01 secs] 
52.685: [GC 52.685: [ParNew
Desired survivor size 1343488 bytes, new threshold 4 (max 4)
- age   1:     328208 bytes,     328208 total
- age   2:     213760 bytes,     541968 total
- age   3:     172576 bytes,     714544 total
- age   4:     108272 bytes,     822816 total
: 16843K->808K(18624K), 0.0013885 secs] 29867K->13840K(83392K), 0.0014701 secs] [Times: user=0.00 sys=0.00, real=0.00 secs] 
52.699: [GC 52.699: [ParNew
Desired survivor size 1343488 bytes, new threshold 4 (max 4)
- age   1:     586960 bytes,     586960 total
- age   2:      47520 bytes,     634480 total
- age   3:     213760 bytes,     848240 total
- age   4:     172576 bytes,    1020816 total
: 16802K->1009K(18624K), 0.0014757 secs] 29834K->14052K(83392K), 0.0015542 secs] [Times: user=0.00 sys=0.00, real=0.00 secs] 
52.712: [GC 52.712: [ParNew
Desired survivor size 1343488 bytes, new threshold 4 (max 4)
- age   1:      72904 bytes,      72904 total
- age   2:     548112 bytes,     621016 total
- age   3:      47520 bytes,     668536 total
- age   4:     213272 bytes,     881808 total
: 16997K->865K(18624K), 0.0018994 secs] 30041K->14077K(83392K), 0.0019972 secs] [Times: user=0.00 sys=0.00, real=0.01 secs] 
52.726: [GC 52.726: [ParNew
Desired survivor size 1343488 bytes, new threshold 4 (max 4)
- age   1:     215960 bytes,     215960 total
- age   2:      27568 bytes,     243528 total
- age   3:     393320 bytes,     636848 total
- age   4:      47520 bytes,     684368 total
: 16818K->673K(18624K), 0.0013710 secs] 30030K->13940K(83392K), 0.0014598 secs] [Times: user=0.00 sys=0.00, real=0.00 secs] 
52.739: [GC 52.739: [ParNew
Desired survivor size 1343488 bytes, new threshold 2 (max 4)
- age   1:    1318224 bytes,    1318224 total
- age   2:     159152 bytes,    1477376 total
- age   3:      27568 bytes,    1504944 total
- age   4:     245840 bytes,    1750784 total
: 16653K->1711K(18624K), 0.0023517 secs] 29920K->15025K(83392K), 0.0025809 secs] [Times: user=0.01 sys=0.00, real=0.00 secs] 
52.753: [GC 52.753: [ParNew
Desired survivor size 1343488 bytes, new threshold 2 (max 4)
- age   1:     329832 bytes,     329832 total
- age   2:    1131592 bytes,    1461424 total
: 17699K->1430K(18624K), 0.0026458 secs] 31013K->15114K(83392K), 0.0027442 secs] [Times: user=0.00 sys=0.00, real=0.00 secs] 
52.767: [GC 52.767: [ParNew
Desired survivor size 1343488 bytes, new threshold 4 (max 4)
- age   1:     246672 bytes,     246672 total
- age   2:     163872 bytes,     410544 total
: 17409K->404K(18624K), 0.0019430 secs] 31093K->14935K(83392K), 0.0020553 secs] [Times: user=0.00 sys=0.00, real=0.00 secs] 
52.783: [GC 52.784: [ParNew
Desired survivor size 1343488 bytes, new threshold 4 (max 4)
- age   1:     190808 bytes,     190808 total
- age   2:     161664 bytes,     352472 total
- age   3:     163872 bytes,     516344 total
: 16393K->507K(18624K), 0.0016297 secs] 30924K->15038K(83392K), 0.0017496 secs] [Times: user=0.00 sys=0.00, real=0.00 secs] 
52.796: [GC 52.796: [ParNew
Desired survivor size 1343488 bytes, new threshold 4 (max 4)
- age   1:     101032 bytes,     101032 total
- age   2:     129368 bytes,     230400 total
- age   3:     161632 bytes,     392032 total
- age   4:     163872 bytes,     555904 total
: 16496K->545K(18624K), 0.0014116 secs] 31027K->15076K(83392K), 0.0015008 secs] [Times: user=0.00 sys=0.00, real=0.00 secs] 
52.809: [GC 52.809: [ParNew
Desired survivor size 1343488 bytes, new threshold 4 (max 4)
- age   1:     226136 bytes,     226136 total
- age   2:      61560 bytes,     287696 total
- age   3:     129368 bytes,     417064 total
- age   4:     161632 bytes,     578696 total
: 16516K->567K(18624K), 0.0014749 secs] 31047K->15191K(83392K), 0.0015929 secs] [Times: user=0.01 sys=0.00, real=0.00 secs] 
52.824: [GC 52.824: [ParNew
Desired survivor size 1343488 bytes, new threshold 4 (max 4)
- age   1:     518744 bytes,     518744 total
- age   2:     171048 bytes,     689792 total
- age   3:      61560 bytes,     751352 total
- age   4:      44856 bytes,     796208 total
: 16519K->780K(18624K), 0.0015598 secs] 31143K->15562K(83392K), 0.0016845 secs] [Times: user=0.00 sys=0.00, real=0.00 secs] 
52.837: [GC 52.837: [ParNew
Desired survivor size 1343488 bytes, new threshold 4 (max 4)
- age   1:     161656 bytes,     161656 total
- age   2:     380880 bytes,     542536 total
- age   3:      97008 bytes,     639544 total
- age   4:      61560 bytes,     701104 total
: 16740K->692K(18624K), 0.0014210 secs] 31522K->15517K(83392K), 0.0015086 secs] [Times: user=0.00 sys=0.00, real=0.00 secs] 
52.849: [GC 52.849: [ParNew
Desired survivor size 1343488 bytes, new threshold 4 (max 4)
- age   1:    1033064 bytes,    1033064 total
- age   2:      75288 bytes,    1108352 total
- age   3:     196696 bytes,    1305048 total
- age   4:      97008 bytes,    1402056 total
: 16692K->1378K(18624K), 0.0019525 secs] 31517K->16264K(83392K), 0.0020343 secs] [Times: user=0.01 sys=0.00, real=0.00 secs] 
52.862: [GC 52.862: [ParNew
Desired survivor size 1343488 bytes, new threshold 4 (max 4)
- age   1:     245208 bytes,     245208 total
- age   2:    1002928 bytes,    1248136 total
- age   3:      75288 bytes,    1323424 total
- age   4:     191880 bytes,    1515304 total
: 17376K->1487K(18624K), 0.0024870 secs] 32262K->16467K(83392K), 0.0026030 secs] [Times: user=0.00 sys=0.00, real=0.00 secs] 
52.881: [GC 52.881: [ParNew
Desired survivor size 1343488 bytes, new threshold 4 (max 4)
- age   1:     142944 bytes,     142944 total
- age   2:     170680 bytes,     313624 total
- age   3:     591168 bytes,     904792 total
- age   4:      75288 bytes,     980080 total
: 17482K->963K(18624K), 0.0024473 secs] 32462K->16131K(83392K), 0.0025952 secs] [Times: user=0.00 sys=0.00, real=0.01 secs] 
52.901: [GC 52.901: [ParNew
Desired survivor size 1343488 bytes, new threshold 4 (max 4)
- age   1:     557448 bytes,     557448 total
- age   2:      46688 bytes,     604136 total
- age   3:     112864 bytes,     717000 total
- age   4:     591168 bytes,    1308168 total
: 16962K->1281K(18624K), 0.0018691 secs] 32129K->16449K(83392K), 0.0019492 secs] [Times: user=0.00 sys=0.00, real=0.01 secs] 
52.915: [GC 52.915: [ParNew
Desired survivor size 1343488 bytes, new threshold 2 (max 4)
- age   1:    1019008 bytes,    1019008 total
- age   2:     406904 bytes,    1425912 total
- age   3:      46648 bytes,    1472560 total
- age   4:     112864 bytes,    1585424 total
: 17268K->1557K(18624K), 0.0024818 secs] 32436K->17238K(83392K), 0.0025756 secs] [Times: user=0.01 sys=0.00, real=0.00 secs] 
52.929: [GC 52.929: [ParNew
Desired survivor size 1343488 bytes, new threshold 2 (max 4)
- age   1:     649264 bytes,     649264 total
- age   2:    1004136 bytes,    1653400 total
: 17522K->1642K(18624K), 0.0026977 secs] 33204K->17821K(83392K), 0.0028129 secs] [Times: user=0.00 sys=0.00, real=0.01 secs] 
52.943: [GC 52.943: [ParNew
Desired survivor size 1343488 bytes, new threshold 4 (max 4)
- age   1:     363304 bytes,     363304 total
- age   2:     597472 bytes,     960776 total
: 17639K->945K(18624K), 0.0023569 secs] 33818K->18001K(83392K), 0.0024555 secs] [Times: user=0.00 sys=0.00, real=0.00 secs] 
52.957: [GC 52.957: [ParNew
Desired survivor size 1343488 bytes, new threshold 4 (max 4)
- age   1:     453752 bytes,     453752 total
- age   2:     249760 bytes,     703512 total
- age   3:     597472 bytes,    1300984 total
: 16927K->1273K(18624K), 0.0018916 secs] 33984K->18330K(83392K), 0.0019831 secs] [Times: user=0.01 sys=0.00, real=0.00 secs] 
52.971: [GC 52.971: [ParNew
Desired survivor size 1343488 bytes, new threshold 4 (max 4)
- age   1:     380136 bytes,     380136 total
- age   2:     115152 bytes,     495288 total
- age   3:     249760 bytes,     745048 total
- age   4:     597472 bytes,    1342520 total
: 17258K->1314K(18624K), 0.0016841 secs] 34315K->18371K(83392K), 0.0017934 secs] [Times: user=0.01 sys=0.00, real=0.01 secs] 
52.987: [GC 52.987: [ParNew
Desired survivor size 1343488 bytes, new threshold 4 (max 4)
- age   1:     369616 bytes,     369616 total
- age   2:     272112 bytes,     641728 total
- age   3:     115152 bytes,     756880 total
- age   4:      78512 bytes,     835392 total
: 17314K->818K(18624K), 0.0021158 secs] 34371K->18240K(83392K), 0.0022108 secs] [Times: user=0.00 sys=0.00, real=0.00 secs] 
53.001: [GC 53.001: [ParNew
Desired survivor size 1343488 bytes, new threshold 4 (max 4)
- age   1:     167120 bytes,     167120 total
- age   2:     254472 bytes,     421592 total
- age   3:     272112 bytes,     693704 total
- age   4:     115152 bytes,     808856 total
: 16790K->799K(18624K), 0.0032033 secs] 34211K->18297K(83392K), 0.0037179 secs] [Times: user=0.01 sys=0.00, real=0.01 secs] 
53.017: [GC 53.018: [ParNew
Desired survivor size 1343488 bytes, new threshold 4 (max 4)
- age   1:      97184 bytes,      97184 total
- age   2:     148384 bytes,     245568 total
- age   3:     183536 bytes,     429104 total
- age   4:     272112 bytes,     701216 total
: 16787K->700K(18624K), 0.0018847 secs] 34285K->18310K(83392K), 0.0019948 secs] [Times: user=0.00 sys=0.00, real=0.00 secs] 
53.031: [GC 53.031: [ParNew
Desired survivor size 1343488 bytes, new threshold 4 (max 4)
- age   1:     200224 bytes,     200224 total
- age   2:       9640 bytes,     209864 total
- age   3:     148384 bytes,     358248 total
- age   4:     183536 bytes,     541784 total
: 16689K->553K(18624K), 0.0018231 secs] 34300K->18430K(83392K), 0.0019369 secs] [Times: user=0.00 sys=0.00, real=0.01 secs] 
53.045: [GC 53.045: [ParNew
Desired survivor size 1343488 bytes, new threshold 4 (max 4)
- age   1:     146128 bytes,     146128 total
- age   2:       4424 bytes,     150552 total
- age   3:       9640 bytes,     160192 total
- age   4:     148384 bytes,     308576 total
: 16534K->320K(18624K), 0.0013378 secs] 34410K->18375K(83392K), 0.0014191 secs] [Times: user=0.00 sys=0.00, real=0.00 secs] 
53.057: [GC 53.057: [ParNew
Desired survivor size 1343488 bytes, new threshold 4 (max 4)
- age   1:     677176 bytes,     677176 total
- age   2:      76272 bytes,     753448 total
- age   3:       4424 bytes,     757872 total
- age   4:       9640 bytes,     767512 total
: 16286K->759K(18624K), 0.0017108 secs] 34342K->18959K(83392K), 0.0018044 secs] [Times: user=0.00 sys=0.00, real=0.00 secs] 
53.071: [GC 53.071: [ParNew
Desired survivor size 1343488 bytes, new threshold 4 (max 4)
- age   1:     271336 bytes,     271336 total
- age   2:     328368 bytes,     599704 total
- age   3:      76272 bytes,     675976 total
- age   4:       4424 bytes,     680400 total
: 16717K->669K(18624K), 0.0015103 secs] 34917K->18878K(83392K), 0.0016236 secs] [Times: user=0.01 sys=0.00, real=0.01 secs] 
53.084: [GC 53.084: [ParNew
Desired survivor size 1343488 bytes, new threshold 4 (max 4)
- age   1:     329392 bytes,     329392 total
- age   2:      55080 bytes,     384472 total
- age   3:     328368 bytes,     712840 total
- age   4:      76272 bytes,     789112 total
: 16619K->774K(18624K), 0.0016708 secs] 34829K->18988K(83392K), 0.0017658 secs] [Times: user=0.01 sys=0.00, real=0.00 secs] 
53.097: [GC 53.097: [ParNew
Desired survivor size 1343488 bytes, new threshold 4 (max 4)
- age   1:     323360 bytes,     323360 total
- age   2:      49408 bytes,     372768 total
- age   3:      55080 bytes,     427848 total
- age   4:     209712 bytes,     637560 total
: 16741K->624K(18624K), 0.0021198 secs] 34955K->18912K(83392K), 0.0022195 secs] [Times: user=0.00 sys=0.00, real=0.00 secs] 
53.110: [GC 53.110: [ParNew
Desired survivor size 1343488 bytes, new threshold 4 (max 4)
- age   1:    1063456 bytes,    1063456 total
- age   2:      64632 bytes,    1128088 total
- age   3:      49408 bytes,    1177496 total
- age   4:      55080 bytes,    1232576 total
: 16622K->1205K(18624K), 0.0020704 secs] 34911K->19699K(83392K), 0.0021695 secs] [Times: user=0.00 sys=0.00, real=0.01 secs] 
53.125: [GC 53.125: [ParNew
Desired survivor size 1343488 bytes, new threshold 2 (max 4)
- age   1:     650568 bytes,     650568 total
- age   2:     829360 bytes,    1479928 total
- age   3:      64632 bytes,    1544560 total
- age   4:      49408 bytes,    1593968 total
: 17188K->1558K(18624K), 0.0019458 secs] 35681K->20105K(83392K), 0.0020382 secs] [Times: user=0.01 sys=0.00, real=0.00 secs] 
53.138: [GC 53.138: [ParNew
Desired survivor size 1343488 bytes, new threshold 4 (max 4)
- age   1:     590312 bytes,     590312 total
- age   2:     424160 bytes,    1014472 total
: 17552K->992K(18624K), 0.0027223 secs] 36099K->20089K(83392K), 0.0028761 secs] [Times: user=0.01 sys=0.00, real=0.00 secs] 
53.153: [GC 53.153: [ParNew
Desired survivor size 1343488 bytes, new threshold 3 (max 4)
- age   1:     668776 bytes,     668776 total
- age   2:     303808 bytes,     972584 total
- age   3:     424160 bytes,    1396744 total
: 16961K->1367K(18624K), 0.0018603 secs] 36058K->20464K(83392K), 0.0020096 secs] [Times: user=0.00 sys=0.00, real=0.00 secs] 
53.167: [GC 53.167: [ParNew
Desired survivor size 1343488 bytes, new threshold 3 (max 4)
- age   1:     683688 bytes,     683688 total
- age   2:     634728 bytes,    1318416 total
- age   3:     143296 bytes,    1461712 total
: 17299K->1431K(18624K), 0.0024999 secs] 36396K->20942K(83392K), 0.0026153 secs] [Times: user=0.00 sys=0.00, real=0.00 secs] 
53.181: [GC 53.181: [ParNew
Desired survivor size 1343488 bytes, new threshold 3 (max 4)
- age   1:     805888 bytes,     805888 total
- age   2:     393304 bytes,    1199192 total
- age   3:     634728 bytes,    1833920 total
: 17366K->1794K(18624K), 0.0024515 secs] 36877K->21305K(83392K), 0.0025487 secs] [Times: user=0.01 sys=0.00, real=0.01 secs] 
53.199: [GC 53.199: [ParNew
Desired survivor size 1343488 bytes, new threshold 4 (max 4)
- age   1:     428608 bytes,     428608 total
- age   2:     720560 bytes,    1149168 total
- age   3:     156464 bytes,    1305632 total
: 17762K->1277K(18624K), 0.0024771 secs] 37273K->21408K(83392K), 0.0025878 secs] [Times: user=0.00 sys=0.00, real=0.00 secs] 
53.214: [GC 53.214: [ParNew
Desired survivor size 1343488 bytes, new threshold 3 (max 4)
- age   1:     529792 bytes,     529792 total
- age   2:     348728 bytes,     878520 total
- age   3:     720560 bytes,    1599080 total
- age   4:     156464 bytes,    1755544 total
: 17262K->1717K(18624K), 0.0021845 secs] 37393K->21848K(83392K), 0.0023592 secs] [Times: user=0.00 sys=0.00, real=0.00 secs] 
53.227: [GC 53.227: [ParNew
Desired survivor size 1343488 bytes, new threshold 3 (max 4)
- age   1:     762944 bytes,     762944 total
- age   2:     462560 bytes,    1225504 total
- age   3:     348728 bytes,    1574232 total
: 17711K->1540K(18624K), 0.0030694 secs] 37842K->22527K(83392K), 0.0032060 secs] [Times: user=0.01 sys=0.00, real=0.00 secs] 
53.243: [GC 53.243: [ParNew
Desired survivor size 1343488 bytes, new threshold 3 (max 4)
- age   1:     565752 bytes,     565752 total
- age   2:     721776 bytes,    1287528 total
- age   3:     462560 bytes,    1750088 total
: 17526K->1712K(18624K), 0.0023687 secs] 38513K->23040K(83392K), 0.0024823 secs] [Times: user=0.00 sys=0.00, real=0.00 secs] 
53.258: [GC 53.258: [ParNew
Desired survivor size 1343488 bytes, new threshold 3 (max 4)
- age   1:     689616 bytes,     689616 total
- age   2:     157840 bytes,     847456 total
- age   3:     721776 bytes,    1569232 total
: 17687K->1535K(18624K), 0.0025067 secs] 39015K->23315K(83392K), 0.0026271 secs] [Times: user=0.00 sys=0.00, real=0.00 secs] 
53.271: [GC 53.271: [ParNew
Desired survivor size 1343488 bytes, new threshold 4 (max 4)
- age   1:     360344 bytes,     360344 total
- age   2:     575336 bytes,     935680 total
- age   3:     157840 bytes,    1093520 total
: 17486K->1071K(18624K), 0.0022296 secs] 39265K->23382K(83392K), 0.0023384 secs] [Times: user=0.01 sys=0.00, real=0.01 secs] 
53.285: [GC 53.285: [ParNew
Desired survivor size 1343488 bytes, new threshold 3 (max 4)
- age   1:     666600 bytes,     666600 total
- age   2:     288736 bytes,     955336 total
- age   3:     458416 bytes,    1413752 total
- age   4:     157840 bytes,    1571592 total
: 17065K->1537K(18624K), 0.0026743 secs] 39376K->23848K(83392K), 0.0027867 secs] [Times: user=0.00 sys=0.00, real=0.00 secs] 
53.299: [GC 53.299: [ParNew
Desired survivor size 1343488 bytes, new threshold 4 (max 4)
- age   1:     128872 bytes,     128872 total
- age   2:     606960 bytes,     735832 total
- age   3:     288736 bytes,    1024568 total
: 17532K->1003K(18624K), 0.0022094 secs] 39842K->23915K(83392K), 0.0023215 secs] [Times: user=0.00 sys=0.00, real=0.00 secs] 
53.314: [GC 53.314: [ParNew
Desired survivor size 1343488 bytes, new threshold 3 (max 4)
- age   1:     695504 bytes,     695504 total
- age   2:      63576 bytes,     759080 total
- age   3:     606960 bytes,    1366040 total
- age   4:     288736 bytes,    1654776 total
: 16961K->1618K(18624K), 0.0020746 secs] 39874K->24531K(83392K), 0.0022342 secs] [Times: user=0.01 sys=0.00, real=0.00 secs] 
53.328: [GC 53.328: [ParNew
Desired survivor size 1343488 bytes, new threshold 4 (max 4)
- age   1:     365168 bytes,     365168 total
- age   2:     557640 bytes,     922808 total
- age   3:      63576 bytes,     986384 total
: 17571K->967K(18624K), 0.0026915 secs] 40484K->24754K(83392K), 0.0028092 secs] [Times: user=0.00 sys=0.00, real=0.00 secs] 
53.342: [GC 53.342: [ParNew
Desired survivor size 1343488 bytes, new threshold 4 (max 4)
- age   1:      98360 bytes,      98360 total
- age   2:     311112 bytes,     409472 total
- age   3:     557640 bytes,     967112 total
- age   4:         32 bytes,     967144 total
: 16903K->948K(18624K), 0.0021097 secs] 40690K->24735K(83392K), 0.0022229 secs] [Times: user=0.00 sys=0.00, real=0.01 secs] 
53.355: [GC 53.355: [ParNew
Desired survivor size 1343488 bytes, new threshold 4 (max 4)
- age   1:     217344 bytes,     217344 total
- age   3:     311112 bytes,     528456 total
- age   4:     557640 bytes,    1086096 total
: 16922K->1064K(18624K), 0.0017532 secs] 40710K->24851K(83392K), 0.0018525 secs] [Times: user=0.00 sys=0.00, real=0.00 secs] 
53.369: [GC 53.369: [ParNew
Desired survivor size 1343488 bytes, new threshold 4 (max 4)
- age   1:     107664 bytes,     107664 total
- age   2:     148168 bytes,     255832 total
- age   4:     311112 bytes,     566944 total
: 17061K->550K(18624K), 0.0019215 secs] 40848K->24882K(83392K), 0.0020162 secs] [Times: user=0.00 sys=0.00, real=0.00 secs] 
53.384: [GC 53.384: [ParNew
Desired survivor size 1343488 bytes, new threshold 4 (max 4)
- age   1:     666936 bytes,     666936 total
- age   2:      25736 bytes,     692672 total
- age   3:     148168 bytes,     840840 total
: 16524K->823K(18624K), 0.0020257 secs] 40856K->25458K(83392K), 0.0021391 secs] [Times: user=0.00 sys=0.00, real=0.00 secs] 
53.398: [GC 53.399: [ParNew
Desired survivor size 1343488 bytes, new threshold 4 (max 4)
- age   1:     611472 bytes,     611472 total
- age   2:     410512 bytes,    1021984 total
- age   3:      25736 bytes,    1047720 total
- age   4:     148168 bytes,    1195888 total
: 16783K->1173K(18624K), 0.0019610 secs] 41419K->25809K(83392K), 0.0020751 secs] [Times: user=0.00 sys=0.00, real=0.00 secs] 
53.412: [GC 53.412: [ParNew
Desired survivor size 1343488 bytes, new threshold 4 (max 4)
- age   1:     207632 bytes,     207632 total
- age   2:     449200 bytes,     656832 total
- age   3:     329328 bytes,     986160 total
- age   4:      25736 bytes,    1011896 total
: 17135K->991K(18624K), 0.0016921 secs] 41771K->25686K(83392K), 0.0018240 secs] [Times: user=0.01 sys=0.00, real=0.01 secs] 
53.426: [GC 53.426: [ParNew
Desired survivor size 1343488 bytes, new threshold 4 (max 4)
- age   1:     641344 bytes,     641344 total
- age   2:     127912 bytes,     769256 total
- age   3:     243320 bytes,    1012576 total
- age   4:     184296 bytes,    1196872 total
: 16990K->1179K(18624K), 0.0022573 secs] 41685K->25899K(83392K), 0.0023835 secs] [Times: user=0.00 sys=0.00, real=0.00 secs] 
53.440: [GC 53.440: [ParNew
Desired survivor size 1343488 bytes, new threshold 4 (max 4)
- age   1:     723136 bytes,     723136 total
- age   2:     294472 bytes,    1017608 total
- age   3:      84168 bytes,    1101776 total
- age   4:     243320 bytes,    1345096 total
: 17176K->1314K(18624K), 0.0026632 secs] 41896K->26215K(83392K), 0.0027668 secs] [Times: user=0.00 sys=0.00, real=0.01 secs] 
53.453: [GC 53.454: [ParNew
Desired survivor size 1343488 bytes, new threshold 4 (max 4)
- age   1:     303160 bytes,     303160 total
- age   2:     634968 bytes,     938128 total
- age   3:     138440 bytes,    1076568 total
: 17291K->1054K(18624K), 0.0020076 secs] 42191K->26192K(83392K), 0.0021616 secs] [Times: user=0.00 sys=0.00, real=0.00 secs] 
53.470: [GC 53.470: [ParNew
Desired survivor size 1343488 bytes, new threshold 4 (max 4)
- age   1:     349696 bytes,     349696 total
- age   2:      80920 bytes,     430616 total
- age   3:     634968 bytes,    1065584 total
- age   4:      81168 bytes,    1146752 total
: 17020K->1121K(18624K), 0.0016760 secs] 42158K->26259K(83392K), 0.0018290 secs] [Times: user=0.00 sys=0.00, real=0.01 secs] 
53.485: [GC 53.485: [ParNew
Desired survivor size 1343488 bytes, new threshold 4 (max 4)
- age   1:     365336 bytes,     365336 total
- age   2:     177592 bytes,     542928 total
- age   3:      80920 bytes,     623848 total
- age   4:      52800 bytes,     676648 total
: 17121K->662K(18624K), 0.0023539 secs] 42259K->25879K(83392K), 0.0024458 secs] [Times: user=0.00 sys=0.00, real=0.00 secs] 
53.503: [GC 53.504: [ParNew
Desired survivor size 1343488 bytes, new threshold 4 (max 4)
- age   1:     727704 bytes,     727704 total
- age   2:     312552 bytes,    1040256 total
- age   3:     117928 bytes,    1158184 total
- age   4:      80920 bytes,    1239104 total
: 16581K->1210K(18624K), 0.0017305 secs] 41798K->26479K(83392K), 0.0018196 secs] [Times: user=0.00 sys=0.00, real=0.00 secs] 
53.517: [GC 53.517: [ParNew
Desired survivor size 1343488 bytes, new threshold 4 (max 4)
- age   1:     214992 bytes,     214992 total
- age   2:     466144 bytes,     681136 total
- age   3:     312552 bytes,     993688 total
- age   4:     117928 bytes,    1111616 total
: 17199K->1089K(18624K), 0.0018038 secs] 42467K->26436K(83392K), 0.0018994 secs] [Times: user=0.01 sys=0.00, real=0.00 secs] 
53.533: [GC 53.533: [ParNew
Desired survivor size 1343488 bytes, new threshold 4 (max 4)
- age   1:     227008 bytes,     227008 total
- age   2:     141768 bytes,     368776 total
- age   3:     306040 bytes,     674816 total
- age   4:     312552 bytes,     987368 total
: 17063K->970K(18624K), 0.0015699 secs] 42410K->26432K(83392K), 0.0016560 secs] [Times: user=0.00 sys=0.00, real=0.00 secs] 
53.548: [GC 53.548: [ParNew
Desired survivor size 1343488 bytes, new threshold 4 (max 4)
- age   1:     515304 bytes,     515304 total
- age   2:     150576 bytes,     665880 total
- age   3:     141768 bytes,     807648 total
- age   4:     306040 bytes,    1113688 total
: 16912K->1093K(18624K), 0.0019920 secs] 42374K->26861K(83392K), 0.0021042 secs] [Times: user=0.00 sys=0.00, real=0.00 secs] 
53.562: [GC 53.562: [ParNew
Desired survivor size 1343488 bytes, new threshold 4 (max 4)
- age   1:     444488 bytes,     444488 total
- age   2:     472080 bytes,     916568 total
- age   3:     150576 bytes,    1067144 total
- age   4:     141768 bytes,    1208912 total
: 17091K->1188K(18624K), 0.0020172 secs] 42859K->27255K(83392K), 0.0021184 secs] [Times: user=0.00 sys=0.00, real=0.01 secs] 
53.577: [GC 53.577: [ParNew
Desired survivor size 1343488 bytes, new threshold 4 (max 4)
- age   1:     172856 bytes,     172856 total
- age   2:     393336 bytes,     566192 total
- age   3:     270552 bytes,     836744 total
- age   4:     150576 bytes,     987320 total
: 17164K->969K(18624K), 0.0017679 secs] 43230K->27174K(83392K), 0.0018511 secs] [Times: user=0.00 sys=0.00, real=0.00 secs] 
53.590: [GC 53.590: [ParNew
Desired survivor size 1343488 bytes, new threshold 4 (max 4)
- age   1:     431648 bytes,     431648 total
- age   2:         40 bytes,     431688 total
- age   3:     393336 bytes,     825024 total
- age   4:     156408 bytes,     981432 total
: 16947K->962K(18624K), 0.0023132 secs] 43153K->27314K(83392K), 0.0024337 secs] [Times: user=0.01 sys=0.00, real=0.01 secs] 
53.604: [GC 53.604: [ParNew
Desired survivor size 1343488 bytes, new threshold 4 (max 4)
- age   1:     345304 bytes,     345304 total
- age   2:     120320 bytes,     465624 total
- age   3:         40 bytes,     465664 total
- age   4:     159496 bytes,     625160 total
: 16953K->614K(18624K), 0.0014391 secs] 43305K->27119K(83392K), 0.0015320 secs] [Times: user=0.01 sys=0.00, real=0.00 secs] 
53.618: [GC 53.618: [ParNew
Desired survivor size 1343488 bytes, new threshold 4 (max 4)
- age   1:     605208 bytes,     605208 total
- age   2:      79072 bytes,     684280 total
- age   3:     120320 bytes,     804600 total
- age   4:         40 bytes,     804640 total
: 16610K->789K(18624K), 0.0015073 secs] 43115K->27450K(83392K), 0.0016442 secs] [Times: user=0.00 sys=0.00, real=0.00 secs] 
53.631: [GC 53.631: [ParNew
Desired survivor size 1343488 bytes, new threshold 4 (max 4)
- age   1:     636752 bytes,     636752 total
- age   2:     261304 bytes,     898056 total
- age   3:      79072 bytes,     977128 total
- age   4:     120320 bytes,    1097448 total
: 16750K->1075K(18624K), 0.0019942 secs] 43410K->27736K(83392K), 0.0021090 secs] [Times: user=0.00 sys=0.00, real=0.01 secs] 
53.645: [GC 53.645: [ParNew
Desired survivor size 1343488 bytes, new threshold 4 (max 4)
- age   1:     300536 bytes,     300536 total
- age   2:     406464 bytes,     707000 total
- age   3:     193816 bytes,     900816 total
- age   4:      79072 bytes,     979888 total
: 17049K->960K(18624K), 0.0020089 secs] 43710K->27738K(83392K), 0.0021176 secs] [Times: user=0.00 sys=0.00, real=0.00 secs] 
53.659: [GC 53.659: [ParNew
Desired survivor size 1343488 bytes, new threshold 4 (max 4)
- age   1:     576488 bytes,     576488 total
- age   2:      81696 bytes,     658184 total
- age   3:     191712 bytes,     849896 total
- age   4:     193816 bytes,    1043712 total
: 16930K->1023K(18624K), 0.0017701 secs] 43708K->27878K(83392K), 0.0019170 secs] [Times: user=0.00 sys=0.00, real=0.00 secs] 
53.672: [GC 53.672: [ParNew
Desired survivor size 1343488 bytes, new threshold 4 (max 4)
- age   1:     459664 bytes,     459664 total
- age   2:     264272 bytes,     723936 total
- age   3:      81696 bytes,     805632 total
- age   4:     191712 bytes,     997344 total
: 16958K->977K(18624K), 0.0019161 secs] 43813K->28022K(83392K), 0.0020121 secs] [Times: user=0.01 sys=0.00, real=0.01 secs] 
53.686: [GC 53.686: [ParNew
Desired survivor size 1343488 bytes, new threshold 4 (max 4)
- age   1:     674912 bytes,     674912 total
- age   2:     190752 bytes,     865664 total
- age   3:     264272 bytes,    1129936 total
- age   4:      81696 bytes,    1211632 total
: 16965K->1186K(18624K), 0.0025663 secs] 44010K->28418K(83392K), 0.0026820 secs] [Times: user=0.00 sys=0.00, real=0.00 secs] 
53.700: [GC 53.700: [ParNew
Desired survivor size 1343488 bytes, new threshold 4 (max 4)
- age   1:     372176 bytes,     372176 total
- age   2:     413832 bytes,     786008 total
- age   3:     190752 bytes,     976760 total
- age   4:     264272 bytes,    1241032 total
: 17090K->1215K(18624K), 0.0020416 secs] 44322K->28527K(83392K), 0.0021585 secs] [Times: user=0.00 sys=0.00, real=0.00 secs] 
53.713: [GC 53.713: [ParNew
Desired survivor size 1343488 bytes, new threshold 4 (max 4)
- age   1:     607800 bytes,     607800 total
- age   2:     295080 bytes,     902880 total
- age   3:     148464 bytes,    1051344 total
- age   4:     190752 bytes,    1242096 total
: 17181K->1216K(18624K), 0.0021510 secs] 44492K->28786K(83392K), 0.0022706 secs] [Times: user=0.00 sys=0.00, real=0.00 secs] 
53.728: [GC 53.728: [ParNew
Desired survivor size 1343488 bytes, new threshold 4 (max 4)
- age   1:     353320 bytes,     353320 total
- age   2:     527528 bytes,     880848 total
- age   3:     216360 bytes,    1097208 total
- age   4:     148464 bytes,    1245672 total
: 17213K->1218K(18624K), 0.0026440 secs] 44782K->28974K(83392K), 0.0027403 secs] [Times: user=0.00 sys=0.00, real=0.00 secs] 
53.743: [GC 53.743: [ParNew
Desired survivor size 1343488 bytes, new threshold 4 (max 4)
- age   1:     402584 bytes,     402584 total
- age   2:     103640 bytes,     506224 total
- age   3:     500896 bytes,    1007120 total
- age   4:      73664 bytes,    1080784 total
: 17189K->1057K(18624K), 0.0015396 secs] 44945K->28906K(83392K), 0.0016222 secs] [Times: user=0.00 sys=0.01, real=0.00 secs] 
53.755: [GC 53.756: [ParNew
Desired survivor size 1343488 bytes, new threshold 2 (max 4)
- age   1:    1178664 bytes,    1178664 total
- age   2:     402584 bytes,    1581248 total
- age   3:     103640 bytes,    1684888 total
- age   4:     260112 bytes,    1945000 total
: 17049K->1902K(18624K), 0.0023319 secs] 44898K->29824K(83392K), 0.0024643 secs] [Times: user=0.00 sys=0.00, real=0.00 secs] 
53.773: [GC 53.773: [ParNew
Desired survivor size 1343488 bytes, new threshold 2 (max 4)
- age   1:     475280 bytes,     475280 total
- age   2:    1008624 bytes,    1483904 total
: 17865K->1457K(18624K), 0.0029616 secs] 45786K->30127K(83392K), 0.0030502 secs] [Times: user=0.00 sys=0.00, real=0.00 secs] 
53.788: [GC 53.788: [ParNew
Desired survivor size 1343488 bytes, new threshold 2 (max 4)
- age   1:    1040808 bytes,    1040808 total
- age   2:     391016 bytes,    1431824 total
: 17425K->1400K(18624K), 0.0033628 secs] 46095K->31054K(83392K), 0.0035681 secs] [Times: user=0.00 sys=0.00, real=0.00 secs] 
53.804: [GC 53.804: [ParNew
Desired survivor size 1343488 bytes, new threshold 2 (max 4)
- age   1:     692752 bytes,     692752 total
- age   2:     973592 bytes,    1666344 total
: 17385K->1631K(18624K), 0.0023670 secs] 47039K->31667K(83392K), 0.0024829 secs] [Times: user=0.01 sys=0.00, real=0.00 secs] 
53.823: [GC 53.823: [ParNew
Desired survivor size 1343488 bytes, new threshold 4 (max 4)
- age   1:     453704 bytes,     453704 total
- age   2:     629456 bytes,    1083160 total
: 17631K->1060K(18624K), 0.0021711 secs] 47667K->31405K(83392K), 0.0022510 secs] [Times: user=0.00 sys=0.00, real=0.00 secs] 
53.836: [GC 53.836: [ParNew
Desired survivor size 1343488 bytes, new threshold 4 (max 4)
- age   1:     321360 bytes,     321360 total
- age   2:     453704 bytes,     775064 total
- age   3:     556880 bytes,    1331944 total
: 17033K->1302K(18624K), 0.0026939 secs] 47379K->31648K(83392K), 0.0027919 secs] [Times: user=0.00 sys=0.00, real=0.00 secs] 
53.849: [GC 53.850: [ParNew
Desired survivor size 1343488 bytes, new threshold 4 (max 4)
- age   1:     468480 bytes,     468480 total
- age   2:     321320 bytes,     789800 total
- age   3:     327128 bytes,    1116928 total
- age   4:     556880 bytes,    1673808 total
: 17291K->1636K(18624K), 0.0026563 secs] 47636K->31982K(83392K), 0.0027824 secs] [Times: user=0.01 sys=0.00, real=0.01 secs] 
53.863: [GC 53.863: [ParNew
Desired survivor size 1343488 bytes, new threshold 4 (max 4)
- age   1:     201344 bytes,     201344 total
- age   2:     332328 bytes,     533672 total
- age   3:     321320 bytes,     854992 total
- age   4:     327128 bytes,    1182120 total
: 17630K->1156K(18624K), 0.0022957 secs] 47975K->32045K(83392K), 0.0024167 secs] [Times: user=0.01 sys=0.00, real=0.00 secs] 
53.877: [GC 53.877: [ParNew
Desired survivor size 1343488 bytes, new threshold 4 (max 4)
- age   1:     573640 bytes,     573640 total
- age   2:     128608 bytes,     702248 total
- age   3:     163296 bytes,     865544 total
- age   4:     165632 bytes,    1031176 total
: 17150K->1010K(18624K), 0.0020686 secs] 48040K->32219K(83392K), 0.0021843 secs] [Times: user=0.00 sys=0.00, real=0.00 secs] 
53.894: [GC 53.894: [ParNew
Desired survivor size 1343488 bytes, new threshold 4 (max 4)
- age   1:     332552 bytes,     332552 total
- age   2:     159168 bytes,     491720 total
- age   3:     128608 bytes,     620328 total
- age   4:     163296 bytes,     783624 total
: 16958K->768K(18624K), 0.0017776 secs] 48167K->31977K(83392K), 0.0018875 secs] [Times: user=0.00 sys=0.00, real=0.00 secs] 
53.909: [GC 53.909: [ParNew
Desired survivor size 1343488 bytes, new threshold 4 (max 4)
- age   1:     618088 bytes,     618088 total
- age   2:     168280 bytes,     786368 total
- age   3:     159168 bytes,     945536 total
- age   4:     128608 bytes,    1074144 total
: 16762K->1050K(18624K), 0.0016329 secs] 47971K->32418K(83392K), 0.0017230 secs] [Times: user=0.01 sys=0.00, real=0.00 secs] 
53.924: [GC 53.924: [ParNew
Desired survivor size 1343488 bytes, new threshold 4 (max 4)
- age   1:     332944 bytes,     332944 total
- age   2:     560344 bytes,     893288 total
- age   3:     168280 bytes,    1061568 total
- age   4:     159168 bytes,    1220736 total
: 17035K->1194K(18624K), 0.0021410 secs] 48403K->32688K(83392K), 0.0023928 secs] [Times: user=0.00 sys=0.00, real=0.00 secs] 
53.937: [GC 53.937: [ParNew
Desired survivor size 1343488 bytes, new threshold 4 (max 4)
- age   1:     382104 bytes,     382104 total
- age   2:     177840 bytes,     559944 total
- age   3:     560344 bytes,    1120288 total
- age   4:     168248 bytes,    1288536 total
: 17162K->1261K(18624K), 0.0029647 secs] 48656K->32910K(83392K), 0.0031122 secs] [Times: user=0.00 sys=0.00, real=0.00 secs] 
53.951: [GC 53.951: [ParNew
Desired survivor size 1343488 bytes, new threshold 4 (max 4)
- age   1:     317328 bytes,     317328 total
- age   2:     357944 bytes,     675272 total
- age   3:     177840 bytes,     853112 total
- age   4:     309272 bytes,    1162384 total
: 17257K->1139K(18624K), 0.0021310 secs] 48906K->32953K(83392K), 0.0022627 secs] [Times: user=0.01 sys=0.00, real=0.01 secs] 
53.967: [GC 53.967: [ParNew
Desired survivor size 1343488 bytes, new threshold 4 (max 4)
- age   1:     255800 bytes,     255800 total
- age   2:      85000 bytes,     340800 total
- age   3:     332568 bytes,     673368 total
- age   4:     177840 bytes,     851208 total
: 17139K->831K(18624K), 0.0042350 secs] 48953K->32782K(83392K), 0.0043592 secs] [Times: user=0.00 sys=0.00, real=0.00 secs] 
53.990: [GC 53.990: [ParNew
Desired survivor size 1343488 bytes, new threshold 2 (max 4)
- age   1:    1269376 bytes,    1269376 total
- age   2:     192672 bytes,    1462048 total
- age   3:      85000 bytes,    1547048 total
- age   4:      19816 bytes,    1566864 total
: 16830K->1538K(18624K), 0.0022978 secs] 48780K->33662K(83392K), 0.0023915 secs] [Times: user=0.01 sys=0.00, real=0.00 secs] 
54.003: [GC 54.003: [ParNew
Desired survivor size 1343488 bytes, new threshold 4 (max 4)
- age   1:     149312 bytes,     149312 total
- age   2:    1154200 bytes,    1303512 total
: 17513K->1289K(18624K), 0.0023186 secs] 49637K->33666K(83392K), 0.0024136 secs] [Times: user=0.01 sys=0.00, real=0.00 secs] 
54.020: [GC 54.020: [ParNew
Desired survivor size 1343488 bytes, new threshold 4 (max 4)
- age   1:     442904 bytes,     442904 total
- age   2:     122800 bytes,     565704 total
- age   3:     721944 bytes,    1287648 total
: 17267K->1257K(18624K), 0.0017663 secs] 49644K->33634K(83392K), 0.0018981 secs] [Times: user=0.00 sys=0.00, real=0.00 secs] 
54.034: [GC 54.034: [ParNew
Desired survivor size 1343488 bytes, new threshold 4 (max 4)
- age   1:     412560 bytes,     412560 total
- age   2:     364816 bytes,     777376 total
- age   3:     122800 bytes,     900176 total
- age   4:     721296 bytes,    1621472 total
: 17253K->1595K(18624K), 0.0024248 secs] 49629K->33972K(83392K), 0.0025293 secs] [Times: user=0.00 sys=0.00, real=0.00 secs] 
54.051: [GC 54.051: [ParNew
Desired survivor size 1343488 bytes, new threshold 4 (max 4)
- age   1:     624296 bytes,     624296 total
- age   2:     249192 bytes,     873488 total
- age   3:     364816 bytes,    1238304 total
- age   4:     122800 bytes,    1361104 total
: 17595K->1328K(18624K), 0.0024966 secs] 49972K->34372K(83392K), 0.0026117 secs] [Times: user=0.00 sys=0.00, real=0.01 secs] 
54.066: [GC 54.066: [ParNew
Desired survivor size 1343488 bytes, new threshold 4 (max 4)
- age   1:     457744 bytes,     457744 total
- age   2:     610920 bytes,    1068664 total
- age   3:     246976 bytes,    1315640 total
- age   4:     364816 bytes,    1680456 total
: 17253K->1655K(18624K), 0.0026562 secs] 50297K->34819K(83392K), 0.0027614 secs] [Times: user=0.01 sys=0.00, real=0.00 secs] 
54.079: [GC 54.080: [ParNew
Desired survivor size 1343488 bytes, new threshold 3 (max 4)
- age   1:     444776 bytes,     444776 total
- age   2:     373736 bytes,     818512 total
- age   3:     610920 bytes,    1429432 total
- age   4:      75760 bytes,    1505192 total
: 17607K->1493K(18624K), 0.0025987 secs] 50770K->34898K(83392K), 0.0026984 secs] [Times: user=0.00 sys=0.00, real=0.01 secs] 
54.094: [GC 54.094: [ParNew
Desired survivor size 1343488 bytes, new threshold 4 (max 4)
- age   1:     295680 bytes,     295680 total
- age   2:     384864 bytes,     680544 total
- age   3:     256912 bytes,     937456 total
: 17493K->933K(18624K), 0.0020137 secs] 50898K->35009K(83392K), 0.0021066 secs] [Times: user=0.00 sys=0.00, real=0.00 secs] 
54.107: [GC 54.108: [ParNew
Desired survivor size 1343488 bytes, new threshold 4 (max 4)
- age   1:     806672 bytes,     806672 total
- age   2:     147848 bytes,     954520 total
- age   3:     384864 bytes,    1339384 total
- age   4:     256912 bytes,    1596296 total
: 16862K->1560K(18624K), 0.0025002 secs] 50938K->35636K(83392K), 0.0026036 secs] [Times: user=0.01 sys=0.00, real=0.00 secs] 
54.121: [GC 54.122: [ParNew
Desired survivor size 1343488 bytes, new threshold 4 (max 4)
- age   1:     344000 bytes,     344000 total
- age   2:     725472 bytes,    1069472 total
- age   3:     147848 bytes,    1217320 total
- age   4:     230448 bytes,    1447768 total
: 17505K->1418K(18624K), 0.0025887 secs] 51581K->35745K(83392K), 0.0027202 secs] [Times: user=0.01 sys=0.00, real=0.01 secs] 
54.136: [GC 54.136: [ParNew
Desired survivor size 1343488 bytes, new threshold 4 (max 4)
- age   1:     129752 bytes,     129752 total
- age   2:     270976 bytes,     400728 total
- age   3:     725472 bytes,    1126200 total
- age   4:      28120 bytes,    1154320 total
: 17410K->1130K(18624K), 0.0029524 secs] 51737K->35623K(83392K), 0.0030397 secs] [Times: user=0.00 sys=0.00, real=0.00 secs] 
54.151: [GC 54.151: [ParNew
Desired survivor size 1343488 bytes, new threshold 4 (max 4)
- age   1:     141432 bytes,     141432 total
- age   2:      90520 bytes,     231952 total
- age   3:     201520 bytes,     433472 total
- age   4:     454656 bytes,     888128 total
: 17122K->870K(18624K), 0.0016657 secs] 51615K->35390K(83392K), 0.0017616 secs] [Times: user=0.00 sys=0.00, real=0.01 secs] 
54.166: [GC 54.166: [ParNew
Desired survivor size 1343488 bytes, new threshold 4 (max 4)
- age   1:     299632 bytes,     299632 total
- age   2:      96016 bytes,     395648 total
- age   3:      90520 bytes,     486168 total
- age   4:     201520 bytes,     687688 total
: 16859K->674K(18624K), 0.0020503 secs] 51379K->35638K(83392K), 0.0021547 secs] [Times: user=0.01 sys=0.00, real=0.00 secs] 
54.181: [GC 54.182: [ParNew
Desired survivor size 1343488 bytes, new threshold 2 (max 4)
- age   1:    1283952 bytes,    1283952 total
- age   2:     241600 bytes,    1525552 total
- age   3:      95928 bytes,    1621480 total
- age   4:      90520 bytes,    1712000 total
: 16669K->1677K(18624K), 0.0021931 secs] 51633K->36837K(83392K), 0.0023193 secs] [Times: user=0.00 sys=0.01, real=0.01 secs] 
54.195: [GC 54.195: [ParNew
Desired survivor size 1343488 bytes, new threshold 2 (max 4)
- age   1:     596480 bytes,     596480 total
- age   2:    1049192 bytes,    1645672 total
: 17660K->1616K(18624K), 0.0024584 secs] 52821K->37032K(83392K), 0.0025816 secs] [Times: user=0.00 sys=0.00, real=0.00 secs] 
54.209: [GC 54.209: [ParNew
Desired survivor size 1343488 bytes, new threshold 4 (max 4)
- age   1:     284136 bytes,     284136 total
- age   2:     529672 bytes,     813808 total
: 17539K->796K(18624K), 0.0021427 secs] 52955K->36817K(83392K), 0.0022490 secs] [Times: user=0.01 sys=0.00, real=0.00 secs] 
54.223: [GC 54.223: [ParNew
Desired survivor size 1343488 bytes, new threshold 4 (max 4)
- age   1:     538752 bytes,     538752 total
- age   2:     214072 bytes,     752824 total
- age   3:     529672 bytes,    1282496 total
: 16727K->1254K(18624K), 0.0018659 secs] 52748K->37275K(83392K), 0.0019682 secs] [Times: user=0.00 sys=0.00, real=0.00 secs] 
54.240: [GC 54.240: [ParNew
Desired survivor size 1343488 bytes, new threshold 1 (max 4)
- age   1:    1576384 bytes,    1576384 total
- age   2:     365952 bytes,    1942336 total
- age   3:     212512 bytes,    2154848 total
- age   4:     529672 bytes,    2684520 total
: 17224K->2623K(18624K), 0.0034487 secs] 53245K->38787K(83392K), 0.0035555 secs] [Times: user=0.00 sys=0.00, real=0.01 secs] 
54.257: [GC 54.258: [ParNew
Desired survivor size 1343488 bytes, new threshold 4 (max 4)
- age   1:     169688 bytes,     169688 total
: 18623K->168K(18624K), 0.0037719 secs] 54787K->38712K(83392K), 0.0038652 secs] [Times: user=0.01 sys=0.00, real=0.00 secs] 
54.279: [GC 54.279: [ParNew
Desired survivor size 1343488 bytes, new threshold 4 (max 4)
- age   1:     234040 bytes,     234040 total
- age   2:     144728 bytes,     378768 total
: 16133K->372K(18624K), 0.0013159 secs] 54677K->38916K(83392K), 0.0014657 secs] [Times: user=0.00 sys=0.00, real=0.00 secs] 
54.294: [GC 54.294: [ParNew
Desired survivor size 1343488 bytes, new threshold 4 (max 4)
- age   1:     755960 bytes,     755960 total
- age   2:     191392 bytes,     947352 total
- age   3:     144728 bytes,    1092080 total
: 16337K->1075K(18624K), 0.0024052 secs] 54881K->39619K(83392K), 0.0025192 secs] [Times: user=0.01 sys=0.00, real=0.00 secs] 
54.297: [GC [1 CMS-initial-mark: 38544K(64768K)] 39969K(83392K), 0.0010096 secs] [Times: user=0.00 sys=0.00, real=0.00 secs] 
54.298: [CMS-concurrent-mark-start]
54.313: [GC 54.313: [ParNew
Desired survivor size 1343488 bytes, new threshold 2 (max 4)
- age   1:     942184 bytes,     942184 total
- age   2:     755960 bytes,    1698144 total
- age   3:     102848 bytes,    1800992 total
- age   4:      19024 bytes,    1820016 total
: 17040K->1784K(18624K), 0.0022528 secs] 55585K->40328K(83392K), 0.0023819 secs] [Times: user=0.01 sys=0.00, real=0.00 secs] 
54.329: [GC 54.329: [ParNew
Desired survivor size 1343488 bytes, new threshold 4 (max 4)
- age   1:     244360 bytes,     244360 total
- age   2:     784496 bytes,    1028856 total
: 17781K->1016K(18624K), 0.0024902 secs] 56325K->40418K(83392K), 0.0025970 secs] [Times: user=0.00 sys=0.00, real=0.00 secs] 
54.346: [GC 54.346: [ParNew
Desired survivor size 1343488 bytes, new threshold 4 (max 4)
- age   1:     208024 bytes,     208024 total
- age   2:         88 bytes,     208112 total
- age   3:     784496 bytes,     992608 total
: 17004K->972K(18624K), 0.0015118 secs] 56405K->40373K(83392K), 0.0015864 secs] [Times: user=0.00 sys=0.00, real=0.00 secs] 
54.361: [GC 54.362: [ParNew
Desired survivor size 1343488 bytes, new threshold 4 (max 4)
- age   1:     471400 bytes,     471400 total
- age   2:      84896 bytes,     556296 total
- age   4:     784496 bytes,    1340792 total
: 16971K->1314K(18624K), 0.0021326 secs] 56373K->40715K(83392K), 0.0022333 secs] [Times: user=0.01 sys=0.00, real=0.01 secs] 
54.382: [CMS-concurrent-mark: 0.071/0.084 secs] [Times: user=0.13 sys=0.01, real=0.08 secs] 
54.382: [CMS-concurrent-preclean-start]
54.382: [CMS-concurrent-preclean: 0.000/0.000 secs] [Times: user=0.00 sys=0.00, real=0.01 secs] 
54.382: [CMS-concurrent-abortable-preclean-start]
54.383: [GC 54.383: [ParNew
Desired survivor size 1343488 bytes, new threshold 4 (max 4)
- age   1:     352752 bytes,     352752 total
- age   2:     255816 bytes,     608568 total
- age   3:      84896 bytes,     693464 total
: 17235K->681K(18624K), 0.0021354 secs] 56636K->40848K(83392K), 0.0022148 secs] [Times: user=0.00 sys=0.00, real=0.00 secs] 
54.402: [GC 54.402: [ParNew
Desired survivor size 1343488 bytes, new threshold 4 (max 4)
- age   1:     727320 bytes,     727320 total
- age   2:     266448 bytes,     993768 total
- age   3:       1760 bytes,     995528 total
: 16681K->976K(18624K), 0.0019216 secs] 56848K->41144K(83392K), 0.0020218 secs] [Times: user=0.01 sys=0.00, real=0.00 secs] 
54.416: [GC 54.417: [ParNew
Desired survivor size 1343488 bytes, new threshold 4 (max 4)
- age   1:     380440 bytes,     380440 total
- age   2:     583128 bytes,     963568 total
- age   3:     266448 bytes,    1230016 total
- age   4:       1760 bytes,    1231776 total
: 16976K->1208K(18624K), 0.0020336 secs] 57144K->41375K(83392K), 0.0021390 secs] [Times: user=0.00 sys=0.00, real=0.00 secs] 
54.431: [GC 54.431: [ParNew
Desired survivor size 1343488 bytes, new threshold 4 (max 4)
- age   1:     329480 bytes,     329480 total
- age   2:     130608 bytes,     460088 total
- age   3:     583128 bytes,    1043216 total
- age   4:     266448 bytes,    1309664 total
: 17201K->1284K(18624K), 0.0023494 secs] 57368K->41454K(83392K), 0.0024559 secs] [Times: user=0.00 sys=0.00, real=0.01 secs] 
54.444: [GC 54.444: [ParNew
Desired survivor size 1343488 bytes, new threshold 4 (max 4)
- age   1:     127488 bytes,     127488 total
- age   2:     146152 bytes,     273640 total
- age   3:     130608 bytes,     404248 total
- age   4:     583128 bytes,     987376 total
: 17271K->983K(18624K), 0.0022636 secs] 57440K->41412K(83392K), 0.0024374 secs] [Times: user=0.01 sys=0.00, real=0.00 secs] 
54.458: [GC 54.458: [ParNew
Desired survivor size 1343488 bytes, new threshold 4 (max 4)
- age   1:     271736 bytes,     271736 total
- age   2:      93872 bytes,     365608 total
- age   3:     146152 bytes,     511760 total
- age   4:     130608 bytes,     642368 total
: 16934K->639K(18624K), 0.0024147 secs] 57363K->41637K(83392K), 0.0024973 secs] [Times: user=0.00 sys=0.00, real=0.00 secs] 
54.475: [GC 54.475: [ParNew
Desired survivor size 1343488 bytes, new threshold 4 (max 4)
- age   1:     518552 bytes,     518552 total
- age   2:     192128 bytes,     710680 total
- age   4:     146312 bytes,     856992 total
: 16633K->841K(18624K), 0.0017439 secs] 57632K->41967K(83392K), 0.0018314 secs] [Times: user=0.00 sys=0.00, real=0.00 secs] 
54.489: [GC 54.489: [ParNew
Desired survivor size 1343488 bytes, new threshold 4 (max 4)
- age   1:     697680 bytes,     697680 total
- age   2:     406336 bytes,    1104016 total
- age   3:     150560 bytes,    1254576 total
: 16818K->1232K(18624K), 0.0026754 secs] 57945K->42411K(83392K), 0.0027688 secs] [Times: user=0.01 sys=0.00, real=0.00 secs] 
54.503: [GC 54.503: [ParNew
Desired survivor size 1343488 bytes, new threshold 3 (max 4)
- age   1:     310096 bytes,     310096 total
- age   2:     645584 bytes,     955680 total
- age   3:     406336 bytes,    1362016 total
- age   4:     150560 bytes,    1512576 total
: 17218K->1480K(18624K), 0.0020622 secs] 58397K->42660K(83392K), 0.0021662 secs] [Times: user=0.00 sys=0.00, real=0.00 secs] 
54.517: [GC 54.517: [ParNew
Desired survivor size 1343488 bytes, new threshold 4 (max 4)
- age   1:     114632 bytes,     114632 total
- age   2:     165152 bytes,     279784 total
- age   3:     645584 bytes,     925368 total
: 17470K->910K(18624K), 0.0031275 secs] 58650K->42634K(83392K), 0.0032427 secs] [Times: user=0.00 sys=0.00, real=0.00 secs] 
54.533: [GC 54.533: [ParNew
Desired survivor size 1343488 bytes, new threshold 4 (max 4)
- age   1:     121672 bytes,     121672 total
- age   2:       3144 bytes,     124816 total
- age   3:     165152 bytes,     289968 total
- age   4:     645584 bytes,     935552 total
: 16883K->913K(18624K), 0.0019720 secs] 58607K->42637K(83392K), 0.0020563 secs] [Times: user=0.00 sys=0.00, real=0.00 secs] 
54.548: [GC 54.548: [ParNew
Desired survivor size 1343488 bytes, new threshold 4 (max 4)
- age   1:     198920 bytes,     198920 total
- age   2:         32 bytes,     198952 total
- age   3:       3144 bytes,     202096 total
- age   4:     165152 bytes,     367248 total
: 16833K->360K(18624K), 0.0019946 secs] 58557K->42714K(83392K), 0.0020978 secs] [Times: user=0.00 sys=0.00, real=0.00 secs] 
54.561: [GC 54.561: [ParNew
Desired survivor size 1343488 bytes, new threshold 4 (max 4)
- age   1:     410912 bytes,     410912 total
- age   2:     139024 bytes,     549936 total
- age   3:         32 bytes,     549968 total
- age   4:       3104 bytes,     553072 total
: 16319K->541K(18624K), 0.0015547 secs] 58673K->43056K(83392K), 0.0016487 secs] [Times: user=0.01 sys=0.00, real=0.01 secs] 
54.575: [GC 54.575: [ParNew
Desired survivor size 1343488 bytes, new threshold 4 (max 4)
- age   1:     326584 bytes,     326584 total
- age   2:     169784 bytes,     496368 total
- age   3:     138040 bytes,     634408 total
- age   4:         32 bytes,     634440 total
: 16495K->621K(18624K), 0.0021516 secs] 59010K->43140K(83392K), 0.0023253 secs] [Times: user=0.00 sys=0.00, real=0.00 secs] 
54.593: [GC 54.593: [ParNew
Desired survivor size 1343488 bytes, new threshold 4 (max 4)
- age   1:     116512 bytes,     116512 total
- age   2:     272176 bytes,     388688 total
- age   3:     169784 bytes,     558472 total
- age   4:      69008 bytes,     627480 total
: 16591K->616K(18624K), 0.0014021 secs] 59109K->43135K(83392K), 0.0014824 secs] [Times: user=0.00 sys=0.00, real=0.00 secs] 
54.606: [GC 54.606: [ParNew
Desired survivor size 1343488 bytes, new threshold 4 (max 4)
- age   1:     176096 bytes,     176096 total
- age   2:      60504 bytes,     236600 total
- age   3:     272616 bytes,     509216 total
- age   4:     169784 bytes,     679000 total
: 16585K->664K(18624K), 0.0022979 secs] 59103K->43249K(83392K), 0.0024007 secs] [Times: user=0.00 sys=0.00, real=0.00 secs] 
54.621: [GC 54.621: [ParNew
Desired survivor size 1343488 bytes, new threshold 4 (max 4)
- age   1:     667056 bytes,     667056 total
- age   2:     115912 bytes,     782968 total
- age   3:      60504 bytes,     843472 total
- age   4:     272176 bytes,    1115648 total
: 16636K->1092K(18624K), 0.0022354 secs] 59222K->43844K(83392K), 0.0023538 secs] [Times: user=0.00 sys=0.00, real=0.01 secs] 
54.635: [GC 54.635: [ParNew
Desired survivor size 1343488 bytes, new threshold 4 (max 4)
- age   1:     342480 bytes,     342480 total
- age   2:     532736 bytes,     875216 total
- age   3:     115912 bytes,     991128 total
- age   4:      60504 bytes,    1051632 total
: 17073K->1036K(18624K), 0.0025037 secs] 59825K->44053K(83392K), 0.0026278 secs] [Times: user=0.01 sys=0.00, real=0.00 secs] 
54.650: [GC 54.650: [ParNew
Desired survivor size 1343488 bytes, new threshold 4 (max 4)
- age   1:     480624 bytes,     480624 total
- age   2:      88208 bytes,     568832 total
- age   3:     532736 bytes,    1101568 total
- age   4:     115912 bytes,    1217480 total
: 17034K->1192K(18624K), 0.0019028 secs] 60051K->44268K(83392K), 0.0020000 secs] [Times: user=0.00 sys=0.01, real=0.01 secs] 
54.664: [GC 54.664: [ParNew
Desired survivor size 1343488 bytes, new threshold 4 (max 4)
- age   1:     200096 bytes,     200096 total
- age   2:     337368 bytes,     537464 total
- age   3:      57280 bytes,     594744 total
- age   4:     532736 bytes,    1127480 total
: 17179K->1104K(18624K), 0.0019319 secs] 60255K->44294K(83392K), 0.0020322 secs] [Times: user=0.00 sys=0.00, real=0.00 secs] 
54.677: [GC 54.678: [ParNew
Desired survivor size 1343488 bytes, new threshold 4 (max 4)
- age   1:     292016 bytes,     292016 total
- age   2:      74496 bytes,     366512 total
- age   3:     337368 bytes,     703880 total
- age   4:      57280 bytes,     761160 total
: 17102K->746K(18624K), 0.0019121 secs] 60292K->44183K(83392K), 0.0020204 secs] [Times: user=0.00 sys=0.00, real=0.00 secs] 
54.691: [GC 54.691: [ParNew
Desired survivor size 1343488 bytes, new threshold 4 (max 4)
- age   1:     261040 bytes,     261040 total
- age   2:     187872 bytes,     448912 total
- age   3:      74496 bytes,     523408 total
- age   4:     337368 bytes,     860776 total
: 16711K->843K(18624K), 0.0019075 secs] 60147K->44336K(83392K), 0.0020229 secs] [Times: user=0.00 sys=0.00, real=0.01 secs] 
54.705: [GC 54.705: [ParNew
Desired survivor size 1343488 bytes, new threshold 4 (max 4)
- age   1:     281152 bytes,     281152 total
- age   2:     152600 bytes,     433752 total
- age   3:     187832 bytes,     621584 total
- age   4:      74496 bytes,     696080 total
: 16831K->682K(18624K), 0.0018535 secs] 60323K->44503K(83392K), 0.0019449 secs] [Times: user=0.01 sys=0.00, real=0.00 secs] 
54.720: [GC 54.720: [ParNew
Desired survivor size 1343488 bytes, new threshold 4 (max 4)
- age   1:     403496 bytes,     403496 total
- age   2:     261376 bytes,     664872 total
- age   3:     152600 bytes,     817472 total
- age   4:     187832 bytes,    1005304 total
: 16652K->983K(18624K), 0.0018199 secs] 60473K->44878K(83392K), 0.0019390 secs] [Times: user=0.00 sys=0.00, real=0.00 secs] 
54.741: [GC 54.741: [ParNew
Desired survivor size 1343488 bytes, new threshold 4 (max 4)
- age   1:      96512 bytes,      96512 total
- age   2:     271640 bytes,     368152 total
- age   3:     170176 bytes,     538328 total
- age   4:     108792 bytes,     647120 total
: 16983K->634K(18624K), 0.0024615 secs] 60878K->44712K(83392K), 0.0025639 secs] [Times: user=0.00 sys=0.00, real=0.01 secs] 
54.754: [GC 54.755: [ParNew
Desired survivor size 1343488 bytes, new threshold 4 (max 4)
- age   1:     718304 bytes,     718304 total
- age   2:      94696 bytes,     813000 total
- age   3:     271640 bytes,    1084640 total
- age   4:     170176 bytes,    1254816 total
: 16629K->1236K(18624K), 0.0019422 secs] 60707K->45421K(83392K), 0.0021113 secs] [Times: user=0.01 sys=0.00, real=0.00 secs] 
54.768: [GC 54.768: [ParNew
Desired survivor size 1343488 bytes, new threshold 2 (max 4)
- age   1:    1122280 bytes,    1122280 total
- age   2:     558544 bytes,    1680824 total
- age   3:      94696 bytes,    1775520 total
- age   4:     271640 bytes,    2047160 total
: 17206K->2018K(18624K), 0.0026910 secs] 61390K->46368K(83392K), 0.0027936 secs] [Times: user=0.00 sys=0.00, real=0.00 secs] 
54.782: [GC 54.783: [ParNew
Desired survivor size 1343488 bytes, new threshold 2 (max 4)
- age   1:     504448 bytes,     504448 total
- age   2:    1097792 bytes,    1602240 total
: 18009K->1592K(18624K), 0.0039907 secs] 62360K->46846K(83392K), 0.0041231 secs] [Times: user=0.00 sys=0.00, real=0.00 secs] 
54.798: [GC 54.798: [ParNew
Desired survivor size 1343488 bytes, new threshold 4 (max 4)
- age   1:     947584 bytes,     947584 total
- age   2:     343528 bytes,    1291112 total
: 17587K->1267K(18624K), 0.0024800 secs] 62841K->47058K(83392K), 0.0026091 secs] [Times: user=0.01 sys=0.00, real=0.00 secs] 
54.817: [GC 54.817: [ParNew
Desired survivor size 1343488 bytes, new threshold 3 (max 4)
- age   1:     335584 bytes,     335584 total
- age   2:     861296 bytes,    1196880 total
- age   3:     343528 bytes,    1540408 total
: 17267K->1506K(18624K), 0.0021668 secs] 63058K->47297K(83392K), 0.0022942 secs] [Times: user=0.00 sys=0.00, real=0.00 secs] 
54.830: [GC 54.830: [ParNew
Desired survivor size 1343488 bytes, new threshold 4 (max 4)
- age   1:      83672 bytes,      83672 total
- age   2:     260208 bytes,     343880 total
- age   3:     861296 bytes,    1205176 total
: 17500K->1179K(18624K), 0.0025922 secs] 63290K->47305K(83392K), 0.0027103 secs] [Times: user=0.01 sys=0.00, real=0.01 secs] 
54.845: [GC 54.845: [ParNew
Desired survivor size 1343488 bytes, new threshold 4 (max 4)
- age   1:     356016 bytes,     356016 total
- age   2:      83632 bytes,     439648 total
- age   3:     260208 bytes,     699856 total
- age   4:     861296 bytes,    1561152 total
: 17164K->1527K(18624K), 0.0021343 secs] 63290K->47653K(83392K), 0.0022862 secs] [Times: user=0.00 sys=0.00, real=0.00 secs] 
54.858: [GC 54.858: [ParNew
Desired survivor size 1343488 bytes, new threshold 4 (max 4)
- age   1:     309680 bytes,     309680 total
- age   2:     325984 bytes,     635664 total
- age   3:      45896 bytes,     681560 total
- age   4:     260168 bytes,     941728 total
: 17520K->923K(18624K), 0.0023739 secs] 63646K->47890K(83392K), 0.0024651 secs] [Times: user=0.00 sys=0.00, real=0.00 secs] 
54.875: [GC 54.875: [ParNew
Desired survivor size 1343488 bytes, new threshold 4 (max 4)
- age   1:     289472 bytes,     289472 total
- age   2:     211712 bytes,     501184 total
- age   3:     325984 bytes,     827168 total
- age   4:      45896 bytes,     873064 total
: 16907K->856K(18624K), 0.0019294 secs] 63874K->48077K(83392K), 0.0020261 secs] [Times: user=0.01 sys=0.00, real=0.00 secs] 
54.888: [GC 54.888: [ParNew
Desired survivor size 1343488 bytes, new threshold 4 (max 4)
- age   1:     207080 bytes,     207080 total
- age   2:     166680 bytes,     373760 total
- age   3:     211712 bytes,     585472 total
- age   4:     264240 bytes,     849712 total
: 16850K->832K(18624K), 0.0024305 secs] 64071K->48098K(83392K), 0.0025636 secs] [Times: user=0.00 sys=0.00, real=0.00 secs] 
54.903: [GC 54.903: [ParNew
Desired survivor size 1343488 bytes, new threshold 4 (max 4)
- age   1:     765048 bytes,     765048 total
- age   2:     129208 bytes,     894256 total
- age   3:     166680 bytes,    1060936 total
- age   4:     211712 bytes,    1272648 total
: 16805K->1243K(18624K), 0.0019804 secs] 64071K->48767K(83392K), 0.0020887 secs] [Times: user=0.00 sys=0.00, real=0.00 secs] 
54.916: [GC 54.916: [ParNew
Desired survivor size 1343488 bytes, new threshold 4 (max 4)
- age   1:     511608 bytes,     511608 total
- age   2:     578080 bytes,    1089688 total
- age   3:     129208 bytes,    1218896 total
- age   4:     166680 bytes,    1385576 total
: 17226K->1355K(18624K), 0.0023175 secs] 64750K->49086K(83392K), 0.0025171 secs] [Times: user=0.01 sys=0.00, real=0.00 secs] 
54.930: [GC 54.930: [ParNew
Desired survivor size 1343488 bytes, new threshold 4 (max 4)
- age   1:     297640 bytes,     297640 total
- age   2:     371864 bytes,     669504 total
- age   3:     359520 bytes,    1029024 total
- age   4:     129208 bytes,    1158232 total
: 17284K->1134K(18624K), 0.0020238 secs] 65015K->49027K(83392K), 0.0021248 secs] [Times: user=0.00 sys=0.00, real=0.01 secs] 
54.945: [GC 54.945: [ParNew
Desired survivor size 1343488 bytes, new threshold 4 (max 4)
- age   1:     716456 bytes,     716456 total
- age   2:     231744 bytes,     948200 total
- age   3:     371864 bytes,    1320064 total
- age   4:     359520 bytes,    1679584 total
: 17080K->1641K(18624K), 0.0024481 secs] 64974K->49595K(83392K), 0.0028975 secs] [Times: user=0.00 sys=0.00, real=0.00 secs] 
54.960: [GC 54.960: [ParNew
Desired survivor size 1343488 bytes, new threshold 4 (max 4)
- age   1:     282680 bytes,     282680 total
- age   2:     670664 bytes,     953344 total
- age   3:     231656 bytes,    1185000 total
- age   4:     371864 bytes,    1556864 total
: 17641K->1523K(18624K), 0.0022245 secs] 65595K->49750K(83392K), 0.0023248 secs] [Times: user=0.01 sys=0.00, real=0.01 secs] 
54.974: [GC 54.975: [ParNew
Desired survivor size 1343488 bytes, new threshold 4 (max 4)
- age   1:     358160 bytes,     358160 total
- age   2:     146896 bytes,     505056 total
- age   3:     670664 bytes,    1175720 total
- age   4:     231656 bytes,    1407376 total
: 17509K->1377K(18624K), 0.0022215 secs] 65736K->49967K(83392K), 0.0023163 secs] [Times: user=0.00 sys=0.01, real=0.00 secs] 
54.989: [GC 54.989: [ParNew
Desired survivor size 1343488 bytes, new threshold 3 (max 4)
- age   1:     974120 bytes,     974120 total
- age   2:     254632 bytes,    1228752 total
- age   3:     146392 bytes,    1375144 total
- age   4:     670664 bytes,    2045808 total
: 17376K->1999K(18624K), 0.0030181 secs] 65966K->50816K(83392K), 0.0031133 secs] [Times: user=0.00 sys=0.00, real=0.01 secs] 
55.004: [GC 55.004: [ParNew
Desired survivor size 1343488 bytes, new threshold 2 (max 4)
- age   1:     447088 bytes,     447088 total
- age   2:     917232 bytes,    1364320 total
- age   3:     254632 bytes,    1618952 total
: 17998K->1582K(18624K), 0.0028549 secs] 66815K->50882K(83392K), 0.0029717 secs] [Times: user=0.01 sys=0.00, real=0.00 secs] 
55.019: [GC 55.019: [ParNew
Desired survivor size 1343488 bytes, new threshold 4 (max 4)
- age   1:     415488 bytes,     415488 total
- age   2:     386792 bytes,     802280 total
: 17570K->789K(18624K), 0.0023836 secs] 66869K->51233K(83392K), 0.0024778 secs] [Times: user=0.00 sys=0.00, real=0.00 secs] 
55.033: [GC 55.033: [ParNew
Desired survivor size 1343488 bytes, new threshold 4 (max 4)
- age   1:     354424 bytes,     354424 total
- age   2:     285608 bytes,     640032 total
- age   3:     355384 bytes,     995416 total
: 16726K->975K(18624K), 0.0016861 secs] 67170K->51419K(83392K), 0.0017724 secs] [Times: user=0.00 sys=0.00, real=0.00 secs] 
55.047: [GC 55.047: [ParNew
Desired survivor size 1343488 bytes, new threshold 4 (max 4)
- age   1:     193216 bytes,     193216 total
- age   2:     285472 bytes,     478688 total
- age   3:     285608 bytes,     764296 total
- age   4:     292000 bytes,    1056296 total
: 16975K->1035K(18624K), 0.0019600 secs] 67419K->51479K(83392K), 0.0020690 secs] [Times: user=0.00 sys=0.00, real=0.00 secs] 
55.060: [GC 55.060: [ParNew
Desired survivor size 1343488 bytes, new threshold 4 (max 4)
- age   1:     432624 bytes,     432624 total
- age   2:     151768 bytes,     584392 total
- age   3:     285472 bytes,     869864 total
- age   4:     285608 bytes,    1155472 total
: 17008K->1131K(18624K), 0.0018573 secs] 67453K->51661K(83392K), 0.0019505 secs] [Times: user=0.01 sys=0.00, real=0.01 secs] 
55.074: [GC 55.074: [ParNew
Desired survivor size 1343488 bytes, new threshold 4 (max 4)
- age   1:     151912 bytes,     151912 total
- age   2:     346432 bytes,     498344 total
- age   3:     151768 bytes,     650112 total
- age   4:     285472 bytes,     935584 total
: 17099K->917K(18624K), 0.0027321 secs] 67629K->51725K(83392K), 0.0028296 secs] [Times: user=0.00 sys=0.00, real=0.00 secs] 
55.088: [GC 55.088: [ParNew
Desired survivor size 1343488 bytes, new threshold 4 (max 4)
- age   1:     567216 bytes,     567216 total
- age   2:     102520 bytes,     669736 total
- age   3:     346432 bytes,    1016168 total
- age   4:     151768 bytes,    1167936 total
: 16900K->1143K(18624K), 0.0021229 secs] 67709K->52231K(83392K), 0.0022264 secs] [Times: user=0.00 sys=0.00, real=0.00 secs] 
55.102: [GC 55.102: [ParNew
Desired survivor size 1343488 bytes, new threshold 4 (max 4)
- age   1:     459664 bytes,     459664 total
- age   2:     514160 bytes,     973824 total
- age   3:     102520 bytes,    1076344 total
- age   4:     346432 bytes,    1422776 total
: 17105K->1390K(18624K), 0.0023301 secs] 68193K->52478K(83392K), 0.0024560 secs] [Times: user=0.01 sys=0.00, real=0.01 secs] 
55.116: [GC 55.116: [ParNew
Desired survivor size 1343488 bytes, new threshold 3 (max 4)
- age   1:     474920 bytes,     474920 total
- age   2:     401904 bytes,     876824 total
- age   3:     514160 bytes,    1390984 total
- age   4:      58304 bytes,    1449288 total
: 17360K->1418K(18624K), 0.0025891 secs] 68448K->52844K(83392K), 0.0026999 secs] [Times: user=0.00 sys=0.00, real=0.00 secs] 
55.132: [GC 55.132: [ParNew
Desired survivor size 1343488 bytes, new threshold 4 (max 4)
- age   1:     892520 bytes,     892520 total
- age   2:      68544 bytes,     961064 total
- age   3:     342768 bytes,    1303832 total
: 17328K->1276K(18624K), 0.0023884 secs] 68754K->53204K(83392K), 0.0025004 secs] [Times: user=0.00 sys=0.00, real=0.01 secs] 
55.151: [GC 55.151: [ParNew
Desired survivor size 1343488 bytes, new threshold 4 (max 4)
- age   1:     339296 bytes,     339296 total
- age   2:     519080 bytes,     858376 total
- age   3:      68544 bytes,     926920 total
- age   4:     113176 bytes,    1040096 total
: 17276K->1018K(18624K), 0.0021055 secs] 69204K->52946K(83392K), 0.0021959 secs] [Times: user=0.01 sys=0.00, real=0.01 secs] 
55.166: [GC 55.166: [ParNew
Desired survivor size 1343488 bytes, new threshold 4 (max 4)
- age   1:     305736 bytes,     305736 total
- age   2:     217520 bytes,     523256 total
- age   3:     293152 bytes,     816408 total
- age   4:      68544 bytes,     884952 total
: 17003K->867K(18624K), 0.0016114 secs] 68931K->52906K(83392K), 0.0017162 secs] [Times: user=0.00 sys=0.00, real=0.00 secs] 
55.178: [GC 55.179: [ParNew
Desired survivor size 1343488 bytes, new threshold 4 (max 4)
- age   1:     633784 bytes,     633784 total
- age   2:     239360 bytes,     873144 total
- age   3:     217520 bytes,    1090664 total
- age   4:     172984 bytes,    1263648 total
: 16839K->1243K(18624K), 0.0022704 secs] 68877K->53348K(83392K), 0.0023694 secs] [Times: user=0.00 sys=0.00, real=0.00 secs] 
55.193: [GC 55.193: [ParNew
Desired survivor size 1343488 bytes, new threshold 4 (max 4)
- age   1:     615896 bytes,     615896 total
- age   2:     555912 bytes,    1171808 total
- age   3:     117584 bytes,    1289392 total
- age   4:     217480 bytes,    1506872 total
: 17171K->1471K(18624K), 0.0023226 secs] 69276K->53746K(83392K), 0.0024195 secs] [Times: user=0.00 sys=0.00, real=0.00 secs] 
55.195: [CMS-concurrent-abortable-preclean: 0.043/0.813 secs] [Times: user=1.28 sys=0.05, real=0.81 secs] 
55.196: [GC[YG occupancy: 1554 K (18624 K)]55.196: [Rescan (parallel) , 0.0012303 secs]55.197: [weak refs processing, 0.0000121 secs] [1 CMS-remark: 52274K(64768K)] 53828K(83392K), 0.0012945 secs] [Times: user=0.00 sys=0.00, real=0.00 secs] 
55.197: [CMS-concurrent-sweep-start]
55.206: [CMS-concurrent-sweep: 0.009/0.009 secs] [Times: user=0.01 sys=0.00, real=0.01 secs] 
55.207: [CMS-concurrent-reset-start]
55.208: [CMS-concurrent-reset: 0.002/0.002 secs] [Times: user=0.01 sys=0.00, real=0.00 secs] 
55.211: [GC 55.212: [ParNew
Desired survivor size 1343488 bytes, new threshold 4 (max 4)
- age   1:     462944 bytes,     462944 total
- age   2:     310176 bytes,     773120 total
- age   3:     292184 bytes,    1065304 total
- age   4:     117144 bytes,    1182448 total
: 17451K->1162K(18624K), 0.0018295 secs] 38816K->22740K(83392K), 0.0019101 secs] [Times: user=0.00 sys=0.00, real=0.01 secs] 
55.224: [GC 55.224: [ParNew
Desired survivor size 1343488 bytes, new threshold 4 (max 4)
- age   1:     443520 bytes,     443520 total
- age   2:     404464 bytes,     847984 total
- age   3:     310176 bytes,    1158160 total
- age   4:     292184 bytes,    1450344 total
: 17073K->1419K(18624K), 0.0028688 secs] 38651K->23111K(83392K), 0.0030623 secs] [Times: user=0.01 sys=0.00, real=0.00 secs] 
55.239: [GC 55.239: [ParNew
Desired survivor size 1343488 bytes, new threshold 4 (max 4)
- age   1:     612184 bytes,     612184 total
- age   2:     397728 bytes,    1009912 total
- age   3:     325584 bytes,    1335496 total
- age   4:     144104 bytes,    1479600 total
: 17385K->1446K(18624K), 0.0028581 secs] 39077K->23423K(83392K), 0.0029746 secs] [Times: user=0.00 sys=0.00, real=0.00 secs] 
55.253: [GC 55.253: [ParNew
Desired survivor size 1343488 bytes, new threshold 4 (max 4)
- age   1:     191752 bytes,     191752 total
- age   2:     501976 bytes,     693728 total
- age   3:     333592 bytes,    1027320 total
- age   4:     163304 bytes,    1190624 total
: 17411K->1165K(18624K), 0.0019016 secs] 39389K->23283K(83392K), 0.0020179 secs] [Times: user=0.00 sys=0.00, real=0.00 secs] 
55.268: [GC 55.268: [ParNew
Desired survivor size 1343488 bytes, new threshold 4 (max 4)
- age   1:     443872 bytes,     443872 total
- age   2:         40 bytes,     443912 total
- age   3:     501976 bytes,     945888 total
- age   4:     333592 bytes,    1279480 total
: 17130K->1251K(18624K), 0.0017260 secs] 39248K->23449K(83392K), 0.0018160 secs] [Times: user=0.01 sys=0.00, real=0.00 secs] 
55.282: [GC 55.282: [ParNew
Desired survivor size 1343488 bytes, new threshold 4 (max 4)
- age   1:     139160 bytes,     139160 total
- age   2:     166536 bytes,     305696 total
- age   3:         40 bytes,     305736 total
- age   4:     384360 bytes,     690096 total
: 17235K->676K(18624K), 0.0015704 secs] 39433K->23199K(83392K), 0.0016585 secs] [Times: user=0.00 sys=0.00, real=0.01 secs] 
55.296: [GC 55.296: [ParNew
Desired survivor size 1343488 bytes, new threshold 4 (max 4)
- age   1:     674864 bytes,     674864 total
- age   2:      78976 bytes,     753840 total
- age   3:     166536 bytes,     920376 total
- age   4:         40 bytes,     920416 total
: 16599K->901K(18624K), 0.0017858 secs] 39123K->23799K(83392K), 0.0018774 secs] [Times: user=0.00 sys=0.00, real=0.00 secs] 
55.310: [GC 55.310: [ParNew
Desired survivor size 1343488 bytes, new threshold 4 (max 4)
- age   1:     297936 bytes,     297936 total
- age   2:     471112 bytes,     769048 total
- age   3:      78976 bytes,     848024 total
- age   4:     165368 bytes,    1013392 total
: 16895K->991K(18624K), 0.0017131 secs] 39793K->23889K(83392K), 0.0018067 secs] [Times: user=0.00 sys=0.00, real=0.00 secs] 
55.324: [GC 55.324: [ParNew
Desired survivor size 1343488 bytes, new threshold 4 (max 4)
- age   1:     335504 bytes,     335504 total
- age   2:     279432 bytes,     614936 total
- age   3:     313608 bytes,     928544 total
: 16945K->911K(18624K), 0.0016966 secs] 39844K->23971K(83392K), 0.0018047 secs] [Times: user=0.01 sys=0.00, real=0.00 secs] 
55.337: [GC 55.337: [ParNew
Desired survivor size 1343488 bytes, new threshold 4 (max 4)
- age   1:     191416 bytes,     191416 total
- age   2:     306832 bytes,     498248 total
- age   3:     279432 bytes,     777680 total
- age   4:     313608 bytes,    1091288 total
: 16868K->1067K(18624K), 0.0024749 secs] 39928K->24127K(83392K), 0.0025925 secs] [Times: user=0.00 sys=0.00, real=0.00 secs] 
55.351: [GC 55.351: [ParNew
Desired survivor size 1343488 bytes, new threshold 4 (max 4)
- age   1:     297160 bytes,     297160 total
- age   2:     154136 bytes,     451296 total
- age   3:     306832 bytes,     758128 total
- age   4:     279432 bytes,    1037560 total
: 17039K->1017K(18624K), 0.0026000 secs] 40099K->24384K(83392K), 0.0027624 secs] [Times: user=0.00 sys=0.00, real=0.01 secs] 
55.366: [GC 55.366: [ParNew
Desired survivor size 1343488 bytes, new threshold 2 (max 4)
- age   1:    1324648 bytes,    1324648 total
- age   2:     212808 bytes,    1537456 total
- age   3:     154136 bytes,    1691592 total
- age   4:     227848 bytes,    1919440 total
: 16998K->1877K(18624K), 0.0026656 secs] 40364K->25517K(83392K), 0.0027897 secs] [Times: user=0.00 sys=0.00, real=0.00 secs] 
55.380: [GC 55.380: [ParNew
Desired survivor size 1343488 bytes, new threshold 2 (max 4)
- age   1:     167664 bytes,     167664 total
- age   2:    1258272 bytes,    1425936 total
: 17864K->1394K(18624K), 0.0025693 secs] 41504K->25614K(83392K), 0.0026789 secs] [Times: user=0.01 sys=0.00, real=0.01 secs] 
55.394: [GC 55.394: [ParNew
Desired survivor size 1343488 bytes, new threshold 4 (max 4)
- age   1:     839712 bytes,     839712 total
- age   2:      27920 bytes,     867632 total
: 17369K->850K(18624K), 0.0026013 secs] 41589K->26057K(83392K), 0.0027243 secs] [Times: user=0.00 sys=0.00, real=0.00 secs] 
55.411: [GC 55.411: [ParNew
Desired survivor size 1343488 bytes, new threshold 4 (max 4)
- age   1:     421512 bytes,     421512 total
- age   2:     771504 bytes,    1193016 total
- age   3:       4656 bytes,    1197672 total
: 16804K->1172K(18624K), 0.0020173 secs] 42011K->26379K(83392K), 0.0021093 secs] [Times: user=0.00 sys=0.00, real=0.01 secs] 
55.424: [GC 55.425: [ParNew
Desired survivor size 1343488 bytes, new threshold 3 (max 4)
- age   1:     268600 bytes,     268600 total
- age   2:     392504 bytes,     661104 total
- age   3:     771504 bytes,    1432608 total
- age   4:       4656 bytes,    1437264 total
: 17121K->1405K(18624K), 0.0022133 secs] 42328K->26612K(83392K), 0.0023122 secs] [Times: user=0.00 sys=0.00, real=0.00 secs] 
55.441: [GC 55.441: [ParNew
Desired survivor size 1343488 bytes, new threshold 4 (max 4)
- age   1:     480808 bytes,     480808 total
- age   2:     150408 bytes,     631216 total
- age   3:     172768 bytes,     803984 total
: 17405K->785K(18624K), 0.0018678 secs] 42612K->26235K(83392K), 0.0019632 secs] [Times: user=0.01 sys=0.00, real=0.01 secs] 
55.455: [GC 55.455: [ParNew
Desired survivor size 1343488 bytes, new threshold 4 (max 4)
- age   1:     711696 bytes,     711696 total
- age   2:     397800 bytes,    1109496 total
- age   3:     150408 bytes,    1259904 total
- age   4:     172768 bytes,    1432672 total
: 16767K->1399K(18624K), 0.0019454 secs] 42216K->26849K(83392K), 0.0020384 secs] [Times: user=0.00 sys=0.00, real=0.00 secs] 
55.468: [GC 55.468: [ParNew
Desired survivor size 1343488 bytes, new threshold 4 (max 4)
- age   1:     372552 bytes,     372552 total
- age   2:     418720 bytes,     791272 total
- age   3:     397800 bytes,    1189072 total
- age   4:     150408 bytes,    1339480 total
: 17339K->1310K(18624K), 0.0021075 secs] 42788K->26928K(83392K), 0.0022136 secs] [Times: user=0.00 sys=0.00, real=0.00 secs] 
55.482: [GC 55.483: [ParNew
Desired survivor size 1343488 bytes, new threshold 3 (max 4)
- age   1:     955400 bytes,     955400 total
- age   2:     315760 bytes,    1271160 total
- age   3:     418720 bytes,    1689880 total
- age   4:     397800 bytes,    2087680 total
: 17253K->2041K(18624K), 0.0026931 secs] 42871K->27806K(83392K), 0.0028201 secs] [Times: user=0.01 sys=0.00, real=0.00 secs] 
55.498: [GC 55.498: [ParNew
Desired survivor size 1343488 bytes, new threshold 3 (max 4)
- age   1:     702272 bytes,     702272 total
- age   2:     509112 bytes,    1211384 total
- age   3:     315760 bytes,    1527144 total
: 17984K->1495K(18624K), 0.0029312 secs] 43748K->28057K(83392K), 0.0030669 secs] [Times: user=0.01 sys=0.00, real=0.00 secs] 
55.514: [GC 55.514: [ParNew
Desired survivor size 1343488 bytes, new threshold 4 (max 4)
- age   1:     322272 bytes,     322272 total
- age   2:      81208 bytes,     403480 total
- age   3:     509112 bytes,     912592 total
: 17467K->894K(18624K), 0.0017800 secs] 44029K->27765K(83392K), 0.0019241 secs] [Times: user=0.00 sys=0.00, real=0.00 secs] 
55.527: [GC 55.527: [ParNew
Desired survivor size 1343488 bytes, new threshold 4 (max 4)
- age   1:     501384 bytes,     501384 total
- age   2:     175552 bytes,     676936 total
- age   3:      81208 bytes,     758144 total
- age   4:     509112 bytes,    1267256 total
: 16855K->1240K(18624K), 0.0023508 secs] 43725K->28111K(83392K), 0.0024622 secs] [Times: user=0.00 sys=0.00, real=0.00 secs] 
55.544: [GC 55.544: [ParNew
Desired survivor size 1343488 bytes, new threshold 4 (max 4)
- age   1:     525024 bytes,     525024 total
- age   2:     416640 bytes,     941664 total
- age   3:      42832 bytes,     984496 total
: 17192K->964K(18624K), 0.0018135 secs] 44062K->28332K(83392K), 0.0019031 secs] [Times: user=0.00 sys=0.00, real=0.00 secs] 
55.560: [GC 55.560: [ParNew
Desired survivor size 1343488 bytes, new threshold 4 (max 4)
- age   1:     512152 bytes,     512152 total
- age   2:     173232 bytes,     685384 total
- age   3:     340728 bytes,    1026112 total
- age   4:      42832 bytes,    1068944 total
: 16962K->1046K(18624K), 0.0015873 secs] 44330K->28414K(83392K), 0.0016870 secs] [Times: user=0.00 sys=0.00, real=0.00 secs] 
55.573: [GC 55.573: [ParNew
Desired survivor size 1343488 bytes, new threshold 3 (max 4)
- age   1:     852736 bytes,     852736 total
- age   2:     325600 bytes,    1178336 total
- age   3:     173232 bytes,    1351568 total
- age   4:     340728 bytes,    1692296 total
: 16988K->1655K(18624K), 0.0027969 secs] 44356K->29065K(83392K), 0.0029241 secs] [Times: user=0.01 sys=0.00, real=0.00 secs] 
55.589: [GC 55.589: [ParNew
Desired survivor size 1343488 bytes, new threshold 2 (max 4)
- age   1:    1215752 bytes,    1215752 total
- age   2:     455320 bytes,    1671072 total
- age   3:     249576 bytes,    1920648 total
: 17524K->1879K(18624K), 0.0024718 secs] 44934K->29790K(83392K), 0.0025890 secs] [Times: user=0.00 sys=0.00, real=0.00 secs] 
55.607: [GC 55.607: [ParNew
Desired survivor size 1343488 bytes, new threshold 2 (max 4)
- age   1:     669672 bytes,     669672 total
- age   2:    1137032 bytes,    1806704 total
: 17791K->1767K(18624K), 0.0026867 secs] 45702K->30145K(83392K), 0.0027741 secs] [Times: user=0.01 sys=0.00, real=0.00 secs] 
55.621: [GC 55.622: [ParNew
Desired survivor size 1343488 bytes, new threshold 4 (max 4)
- age   1:     374488 bytes,     374488 total
- age   2:     605520 bytes,     980008 total
: 17704K->960K(18624K), 0.0023761 secs] 46081K->30297K(83392K), 0.0024923 secs] [Times: user=0.01 sys=0.00, real=0.01 secs] 
55.637: [GC 55.637: [ParNew
Desired survivor size 1343488 bytes, new threshold 4 (max 4)
- age   1:     629536 bytes,     629536 total
- age   2:     258912 bytes,     888448 total
- age   3:     409696 bytes,    1298144 total
: 16960K->1270K(18624K), 0.0022013 secs] 46297K->30607K(83392K), 0.0022941 secs] [Times: user=0.00 sys=0.00, real=0.00 secs] 
55.651: [GC 55.651: [ParNew
Desired survivor size 1343488 bytes, new threshold 2 (max 4)
- age   1:    1176600 bytes,    1176600 total
- age   2:     586232 bytes,    1762832 total
- age   3:     258912 bytes,    2021744 total
- age   4:     409696 bytes,    2431440 total
: 17144K->2376K(18624K), 0.0024942 secs] 46481K->31714K(83392K), 0.0026103 secs] [Times: user=0.01 sys=0.00, real=0.01 secs] 
55.667: [GC 55.667: [ParNew
Desired survivor size 1343488 bytes, new threshold 2 (max 4)
- age   1:     696640 bytes,     696640 total
- age   2:     807760 bytes,    1504400 total
: 18346K->1472K(18624K), 0.0029831 secs] 47683K->31874K(83392K), 0.0031178 secs] [Times: user=0.00 sys=0.00, real=0.00 secs] 
55.681: [GC 55.681: [ParNew
Desired survivor size 1343488 bytes, new threshold 4 (max 4)
- age   1:     686776 bytes,     686776 total
- age   2:     533296 bytes,    1220072 total
: 17470K->1194K(18624K), 0.0047470 secs] 47872K->32300K(83392K), 0.0048681 secs] [Times: user=0.00 sys=0.00, real=0.01 secs] 
55.699: [GC 55.699: [ParNew
Desired survivor size 1343488 bytes, new threshold 3 (max 4)
- age   1:     585952 bytes,     585952 total
- age   2:     546168 bytes,    1132120 total
- age   3:     533296 bytes,    1665416 total
: 17163K->1628K(18624K), 0.0020574 secs] 48270K->32734K(83392K), 0.0021614 secs] [Times: user=0.01 sys=0.00, real=0.00 secs] 
55.719: [GC 55.719: [ParNew
Desired survivor size 1343488 bytes, new threshold 3 (max 4)
- age   1:     662944 bytes,     662944 total
- age   2:     253056 bytes,     916000 total
- age   3:     466560 bytes,    1382560 total
: 17592K->1352K(18624K), 0.0030259 secs] 48699K->32979K(83392K), 0.0031244 secs] [Times: user=0.00 sys=0.00, real=0.01 secs] 
55.735: [GC 55.735: [ParNew
Desired survivor size 1343488 bytes, new threshold 4 (max 4)
- age   1:     434880 bytes,     434880 total
- age   2:     502904 bytes,     937784 total
- age   3:     252944 bytes,    1190728 total
: 17319K->1164K(18624K), 0.0031725 secs] 48947K->33166K(83392K), 0.0032744 secs] [Times: user=0.01 sys=0.01, real=0.00 secs] 
55.750: [GC 55.750: [ParNew
Desired survivor size 1343488 bytes, new threshold 4 (max 4)
- age   1:     357704 bytes,     357704 total
- age   2:     377776 bytes,     735480 total
- age   3:      93120 bytes,     828600 total
- age   4:     252944 bytes,    1081544 total
: 17134K->1060K(18624K), 0.0017894 secs] 49136K->33062K(83392K), 0.0018939 secs] [Times: user=0.01 sys=0.00, real=0.00 secs] 
55.765: [GC 55.765: [ParNew
Desired survivor size 1343488 bytes, new threshold 4 (max 4)
- age   1:     448264 bytes,     448264 total
- age   2:     299400 bytes,     747664 total
- age   3:     293464 bytes,    1041128 total
- age   4:      90712 bytes,    1131840 total
: 17060K->1114K(18624K), 0.0023293 secs] 49062K->33363K(83392K), 0.0024348 secs] [Times: user=0.00 sys=0.00, real=0.00 secs] 
55.780: [GC 55.780: [ParNew
Desired survivor size 1343488 bytes, new threshold 4 (max 4)
- age   1:     712200 bytes,     712200 total
- age   2:     243488 bytes,     955688 total
- age   3:     299400 bytes,    1255088 total
- age   4:      92304 bytes,    1347392 total
: 17052K->1328K(18624K), 0.0019787 secs] 49301K->33666K(83392K), 0.0020796 secs] [Times: user=0.00 sys=0.00, real=0.00 secs] 
55.795: [GC 55.795: [ParNew
Desired survivor size 1343488 bytes, new threshold 2 (max 4)
- age   1:    1242000 bytes,    1242000 total
- age   2:     554328 bytes,    1796328 total
- age   3:     243488 bytes,    2039816 total
- age   4:     299400 bytes,    2339216 total
: 17258K->2294K(18624K), 0.0028607 secs] 49596K->34722K(83392K), 0.0029529 secs] [Times: user=0.01 sys=0.00, real=0.00 secs] 
55.812: [GC 55.812: [ParNew
Desired survivor size 1343488 bytes, new threshold 4 (max 4)
- age   1:     332992 bytes,     332992 total
- age   2:     883064 bytes,    1216056 total
: 18287K->1195K(18624K), 0.0028176 secs] 50715K->34627K(83392K), 0.0029165 secs] [Times: user=0.01 sys=0.00, real=0.01 secs] 
55.826: [GC 55.826: [ParNew
Desired survivor size 1343488 bytes, new threshold 3 (max 4)
- age   1:     516096 bytes,     516096 total
- age   2:     287088 bytes,     803184 total
- age   3:     798376 bytes,    1601560 total
: 17187K->1568K(18624K), 0.0019450 secs] 50619K->35000K(83392K), 0.0020496 secs] [Times: user=0.01 sys=0.00, real=0.00 secs] 
55.843: [GC 55.843: [ParNew
Desired survivor size 1343488 bytes, new threshold 4 (max 4)
- age   1:     728712 bytes,     728712 total
- age   3:     171792 bytes,     900504 total
: 17567K->886K(18624K), 0.0025162 secs] 50999K->35097K(83392K), 0.0026174 secs] [Times: user=0.00 sys=0.00, real=0.00 secs] 
55.858: [GC 55.858: [ParNew
Desired survivor size 1343488 bytes, new threshold 2 (max 4)
- age   1:     974680 bytes,     974680 total
- age   2:     610072 bytes,    1584752 total
- age   4:     100344 bytes,    1685096 total
: 16863K->1649K(18624K), 0.0025570 secs] 51074K->35861K(83392K), 0.0026558 secs] [Times: user=0.00 sys=0.00, real=0.00 secs] 
55.873: [GC 55.873: [ParNew
Desired survivor size 1343488 bytes, new threshold 2 (max 4)
- age   1:     614176 bytes,     614176 total
- age   2:     907096 bytes,    1521272 total
: 17644K->1495K(18624K), 0.0025201 secs] 51856K->36290K(83392K), 0.0026736 secs] [Times: user=0.01 sys=0.00, real=0.00 secs] 
55.887: [GC 55.888: [ParNew
Desired survivor size 1343488 bytes, new threshold 4 (max 4)
- age   1:     547888 bytes,     547888 total
- age   2:     544000 bytes,    1091888 total
: 17492K->1070K(18624K), 0.0025460 secs] 52287K->36750K(83392K), 0.0026348 secs] [Times: user=0.01 sys=0.00, real=0.00 secs] 
55.904: [GC 55.904: [ParNew
Desired survivor size 1343488 bytes, new threshold 4 (max 4)
- age   1:     194984 bytes,     194984 total
- age   2:     491424 bytes,     686408 total
- age   3:     289944 bytes,     976352 total
: 17062K->956K(18624K), 0.0020562 secs] 52743K->36637K(83392K), 0.0021383 secs] [Times: user=0.00 sys=0.00, real=0.00 secs] 
55.919: [GC 55.919: [ParNew
Desired survivor size 1343488 bytes, new threshold 4 (max 4)
- age   1:     209128 bytes,     209128 total
- age   2:     164624 bytes,     373752 total
- age   3:     491424 bytes,     865176 total
- age   4:     227248 bytes,    1092424 total
: 16951K->1069K(18624K), 0.0017836 secs] 52632K->36750K(83392K), 0.0018813 secs] [Times: user=0.00 sys=0.00, real=0.00 secs] 
55.933: [GC 55.933: [ParNew
Desired survivor size 1343488 bytes, new threshold 4 (max 4)
- age   1:     686144 bytes,     686144 total
- age   2:      85440 bytes,     771584 total
- age   3:     164624 bytes,     936208 total
- age   4:     491424 bytes,    1427632 total
: 17045K->1396K(18624K), 0.0022312 secs] 52726K->37299K(83392K), 0.0023466 secs] [Times: user=0.01 sys=0.00, real=0.00 secs] 
55.948: [GC 55.948: [ParNew
Desired survivor size 1343488 bytes, new threshold 2 (max 4)
- age   1:    1208584 bytes,    1208584 total
- age   2:     657152 bytes,    1865736 total
- age   3:      85440 bytes,    1951176 total
- age   4:      48224 bytes,    1999400 total
: 17382K->1955K(18624K), 0.0033797 secs] 53284K->38338K(83392K), 0.0035203 secs] [Times: user=0.01 sys=0.00, real=0.00 secs] 
55.964: [GC 55.964: [ParNew
Desired survivor size 1343488 bytes, new threshold 2 (max 4)
- age   1:     455208 bytes,     455208 total
- age   2:    1046264 bytes,    1501472 total
: 17888K->1469K(18624K), 0.0024820 secs] 54271K->38458K(83392K), 0.0025887 secs] [Times: user=0.00 sys=0.00, real=0.00 secs] 
55.996: [GC 55.996: [ParNew
Desired survivor size 1343488 bytes, new threshold 4 (max 4)
- age   1:     707504 bytes,     707504 total
- age   2:      21688 bytes,     729192 total
: 17429K->714K(18624K), 0.0033884 secs] 54418K->38725K(83392K), 0.0034855 secs] [Times: user=0.00 sys=0.00, real=0.00 secs] 
56.011: [GC 56.011: [ParNew
Desired survivor size 1343488 bytes, new threshold 4 (max 4)
- age   1:     494600 bytes,     494600 total
- age   2:     554792 bytes,    1049392 total
- age   3:      21688 bytes,    1071080 total
: 16693K->1048K(18624K), 0.0015643 secs] 54704K->39059K(83392K), 0.0016513 secs] [Times: user=0.01 sys=0.00, real=0.01 secs] 
56.024: [GC 56.024: [ParNew
Desired survivor size 1343488 bytes, new threshold 3 (max 4)
- age   1:     434352 bytes,     434352 total
- age   2:     443392 bytes,     877744 total
- age   3:     554792 bytes,    1432536 total
- age   4:      21688 bytes,    1454224 total
: 16978K->1422K(18624K), 0.0026985 secs] 54989K->39433K(83392K), 0.0028021 secs] [Times: user=0.00 sys=0.00, real=0.00 secs] 
56.038: [GC 56.038: [ParNew
Desired survivor size 1343488 bytes, new threshold 4 (max 4)
- age   1:     494768 bytes,     494768 total
- age   2:     164728 bytes,     659496 total
- age   3:      36736 bytes,     696232 total
: 17404K->685K(18624K), 0.0021538 secs] 55415K->39259K(83392K), 0.0023331 secs] [Times: user=0.00 sys=0.01, real=0.00 secs] 
56.053: [GC 56.053: [ParNew
Desired survivor size 1343488 bytes, new threshold 4 (max 4)
- age   1:     615592 bytes,     615592 total
- age   2:     240584 bytes,     856176 total
- age   3:     164728 bytes,    1020904 total
: 16662K->1000K(18624K), 0.0016009 secs] 55236K->39574K(83392K), 0.0017028 secs] [Times: user=0.00 sys=0.00, real=0.00 secs] 
56.067: [GC 56.068: [ParNew
Desired survivor size 1343488 bytes, new threshold 4 (max 4)
- age   1:     552680 bytes,     552680 total
- age   2:     478856 bytes,    1031536 total
- age   3:     240584 bytes,    1272120 total
- age   4:     164728 bytes,    1436848 total
: 16883K->1400K(18624K), 0.0020358 secs] 55457K->39974K(83392K), 0.0021478 secs] [Times: user=0.00 sys=0.00, real=0.00 secs] 
56.081: [GC 56.081: [ParNew
Desired survivor size 1343488 bytes, new threshold 4 (max 4)
- age   1:     371424 bytes,     371424 total
- age   2:     381976 bytes,     753400 total
- age   3:     441576 bytes,    1194976 total
- age   4:     240584 bytes,    1435560 total
: 17366K->1407K(18624K), 0.0021278 secs] 55940K->40142K(83392K), 0.0022402 secs] [Times: user=0.00 sys=0.00, real=0.01 secs] 
56.104: [GC 56.104: [ParNew
Desired survivor size 1343488 bytes, new threshold 4 (max 4)
- age   1:     312440 bytes,     312440 total
- age   2:      38680 bytes,     351120 total
- age   3:     363384 bytes,     714504 total
- age   4:     441576 bytes,    1156080 total
: 17403K->1137K(18624K), 0.0017062 secs] 56138K->40107K(83392K), 0.0018068 secs] [Times: user=0.01 sys=0.00, real=0.00 secs] 
56.118: [GC 56.118: [ParNew
Desired survivor size 1343488 bytes, new threshold 4 (max 4)
- age   1:     339472 bytes,     339472 total
- age   2:     292784 bytes,     632256 total
- age   3:      38680 bytes,     670936 total
- age   4:     183760 bytes,     854696 total
: 17134K->854K(18624K), 0.0015324 secs] 56104K->39959K(83392K), 0.0016481 secs] [Times: user=0.00 sys=0.00, real=0.00 secs] 
56.137: [GC 56.137: [ParNew
Desired survivor size 1343488 bytes, new threshold 4 (max 4)
- age   1:     236888 bytes,     236888 total
- age   2:     300208 bytes,     537096 total
- age   3:     251520 bytes,     788616 total
: 16840K->777K(18624K), 0.0018053 secs] 55945K->40061K(83392K), 0.0018906 secs] [Times: user=0.00 sys=0.00, real=0.00 secs] 
56.159: [GC 56.159: [ParNew
Desired survivor size 1343488 bytes, new threshold 4 (max 4)
- age   1:     274016 bytes,     274016 total
- age   2:     148608 bytes,     422624 total
- age   3:     300208 bytes,     722832 total
- age   4:     251520 bytes,     974352 total
: 16766K->961K(18624K), 0.0018186 secs] 56050K->40246K(83392K), 0.0019398 secs] [Times: user=0.00 sys=0.00, real=0.00 secs] 
56.172: [GC 56.172: [ParNew
Desired survivor size 1343488 bytes, new threshold 4 (max 4)
- age   1:     106944 bytes,     106944 total
- age   2:     193080 bytes,     300024 total
- age   3:     104320 bytes,     404344 total
- age   4:     300208 bytes,     704552 total
: 16944K->724K(18624K), 0.0021377 secs] 56228K->40254K(83392K), 0.0022628 secs] [Times: user=0.00 sys=0.00, real=0.01 secs] 
56.186: [GC 56.186: [ParNew
Desired survivor size 1343488 bytes, new threshold 4 (max 4)
- age   1:     466640 bytes,     466640 total
- age   2:      56632 bytes,     523272 total
- age   3:     193040 bytes,     716312 total
- age   4:      59408 bytes,     775720 total
: 16724K->766K(18624K), 0.0026955 secs] 56254K->40429K(83392K), 0.0028016 secs] [Times: user=0.00 sys=0.00, real=0.00 secs] 
56.203: [GC 56.203: [ParNew
Desired survivor size 1343488 bytes, new threshold 4 (max 4)
- age   1:     493272 bytes,     493272 total
- age   2:     312664 bytes,     805936 total
- age   3:      56632 bytes,     862568 total
- age   4:     193040 bytes,    1055608 total
: 16742K->1062K(18624K), 0.0018810 secs] 56405K->40783K(83392K), 0.0019853 secs] [Times: user=0.00 sys=0.00, real=0.00 secs] 
56.222: [GC 56.222: [ParNew
Desired survivor size 1343488 bytes, new threshold 4 (max 4)
- age   1:     233856 bytes,     233856 total
- age   2:     354680 bytes,     588536 total
- age   3:     182792 bytes,     771328 total
- age   4:      56632 bytes,     827960 total
: 17025K->816K(18624K), 0.0016763 secs] 56746K->40726K(83392K), 0.0017747 secs] [Times: user=0.00 sys=0.00, real=0.01 secs] 
56.235: [GC 56.235: [ParNew
Desired survivor size 1343488 bytes, new threshold 4 (max 4)
- age   1:     514952 bytes,     514952 total
- age   2:       3848 bytes,     518800 total
- age   3:     354680 bytes,     873480 total
- age   4:      99840 bytes,     973320 total
: 16805K->953K(18624K), 0.0021866 secs] 56714K->40918K(83392K), 0.0023601 secs] [Times: user=0.00 sys=0.00, real=0.00 secs] 
56.249: [GC 56.249: [ParNew
Desired survivor size 1343488 bytes, new threshold 4 (max 4)
- age   1:     165808 bytes,     165808 total
- age   2:     282304 bytes,     448112 total
- age   3:       3848 bytes,     451960 total
- age   4:     354680 bytes,     806640 total
: 16951K->791K(18624K), 0.0018595 secs] 56915K->40853K(83392K), 0.0019701 secs] [Times: user=0.01 sys=0.00, real=0.00 secs] 
56.263: [GC 56.263: [ParNew
Desired survivor size 1343488 bytes, new threshold 4 (max 4)
- age   1:      85808 bytes,      85808 total
- age   2:      51248 bytes,     137056 total
- age   3:     180312 bytes,     317368 total
- age   4:       3848 bytes,     321216 total
: 16769K->317K(18624K), 0.0014466 secs] 56832K->40725K(83392K), 0.0015487 secs] [Times: user=0.01 sys=0.00, real=0.00 secs] 
56.276: [GC 56.276: [ParNew
Desired survivor size 1343488 bytes, new threshold 4 (max 4)
- age   1:     148824 bytes,     148824 total
- age   2:      24800 bytes,     173624 total
- age   3:      51248 bytes,     224872 total
- age   4:      24408 bytes,     249280 total
: 16298K->254K(18624K), 0.0011394 secs] 56706K->40666K(83392K), 0.0012453 secs] [Times: user=0.00 sys=0.00, real=0.00 secs] 
56.289: [GC 56.289: [ParNew
Desired survivor size 1343488 bytes, new threshold 4 (max 4)
- age   1:     995896 bytes,     995896 total
- age   2:      67312 bytes,    1063208 total
- age   3:      24800 bytes,    1088008 total
- age   4:      51248 bytes,    1139256 total
: 16227K->1120K(18624K), 0.0015752 secs] 56639K->41556K(83392K), 0.0016658 secs] [Times: user=0.00 sys=0.00, real=0.00 secs] 
56.302: [GC 56.302: [ParNew
Desired survivor size 1343488 bytes, new threshold 4 (max 4)
- age   1:     106096 bytes,     106096 total
- age   2:     840296 bytes,     946392 total
- age   3:      67312 bytes,    1013704 total
- age   4:      24800 bytes,    1038504 total
: 17118K->1017K(18624K), 0.0018108 secs] 57554K->41503K(83392K), 0.0019067 secs] [Times: user=0.00 sys=0.00, real=0.01 secs] 
56.315: [GC 56.315: [ParNew
Desired survivor size 1343488 bytes, new threshold 4 (max 4)
- age   1:     810608 bytes,     810608 total
- age   2:      26168 bytes,     836776 total
- age   3:     439680 bytes,    1276456 total
- age   4:      67312 bytes,    1343768 total
: 16971K->1315K(18624K), 0.0019029 secs] 57457K->41826K(83392K), 0.0019963 secs] [Times: user=0.00 sys=0.00, real=0.00 secs] 
56.328: [GC 56.328: [ParNew
Desired survivor size 1343488 bytes, new threshold 4 (max 4)
- age   1:     387552 bytes,     387552 total
- age   2:     432136 bytes,     819688 total
- age   3:      26168 bytes,     845856 total
- age   4:     439680 bytes,    1285536 total
: 17310K->1258K(18624K), 0.0021242 secs] 57820K->41835K(83392K), 0.0022454 secs] [Times: user=0.01 sys=0.00, real=0.00 secs] 
56.342: [GC 56.342: [ParNew
Desired survivor size 1343488 bytes, new threshold 4 (max 4)
- age   1:     498880 bytes,     498880 total
- age   2:     331168 bytes,     830048 total
- age   3:     267352 bytes,    1097400 total
- age   4:      26168 bytes,    1123568 total
: 17236K->1098K(18624K), 0.0022190 secs] 57812K->42104K(83392K), 0.0023223 secs] [Times: user=0.00 sys=0.00, real=0.01 secs] 
56.357: [GC 56.357: [ParNew
Desired survivor size 1343488 bytes, new threshold 4 (max 4)
- age   1:     561688 bytes,     561688 total
- age   2:     363136 bytes,     924824 total
- age   3:      78736 bytes,    1003560 total
- age   4:     267352 bytes,    1270912 total
: 17093K->1244K(18624K), 0.0017956 secs] 58099K->42275K(83392K), 0.0018935 secs] [Times: user=0.00 sys=0.00, real=0.00 secs] 
56.370: [GC 56.370: [ParNew
Desired survivor size 1343488 bytes, new threshold 4 (max 4)
- age   1:     277280 bytes,     277280 total
- age   2:     223232 bytes,     500512 total
- age   3:     193768 bytes,     694280 total
- age   4:      78736 bytes,     773016 total
: 17228K->757K(18624K), 0.0016368 secs] 58259K->42049K(83392K), 0.0017772 secs] [Times: user=0.00 sys=0.00, real=0.00 secs] 
56.386: [GC 56.386: [ParNew
Desired survivor size 1343488 bytes, new threshold 4 (max 4)
- age   1:     293464 bytes,     293464 total
- age   2:     200432 bytes,     493896 total
- age   3:     154656 bytes,     648552 total
- age   4:     193768 bytes,     842320 total
: 16748K->824K(18624K), 0.0019220 secs] 58041K->42193K(83392K), 0.0020538 secs] [Times: user=0.01 sys=0.00, real=0.00 secs] 
56.401: [GC 56.401: [ParNew
Desired survivor size 1343488 bytes, new threshold 4 (max 4)
- age   1:     229336 bytes,     229336 total
- age   2:     142312 bytes,     371648 total
- age   3:     200432 bytes,     572080 total
- age   4:     154656 bytes,     726736 total
: 16811K->712K(18624K), 0.0017455 secs] 58180K->42270K(83392K), 0.0018467 secs] [Times: user=0.00 sys=0.00, real=0.01 secs] 
56.414: [GC 56.414: [ParNew
Desired survivor size 1343488 bytes, new threshold 4 (max 4)
- age   1:     369856 bytes,     369856 total
- age   2:      32312 bytes,     402168 total
- age   3:      68312 bytes,     470480 total
- age   4:     200432 bytes,     670912 total
: 16686K->658K(18624K), 0.0016463 secs] 58244K->42368K(83392K), 0.0017417 secs] [Times: user=0.00 sys=0.00, real=0.00 secs] 
56.428: [GC 56.428: [ParNew
Desired survivor size 1343488 bytes, new threshold 4 (max 4)
- age   1:     432408 bytes,     432408 total
- age   3:       9944 bytes,     442352 total
- age   4:      68312 bytes,     510664 total
: 16645K->507K(18624K), 0.0014456 secs] 58354K->42412K(83392K), 0.0015515 secs] [Times: user=0.00 sys=0.00, real=0.00 secs] 
56.441: [GC 56.441: [ParNew
Desired survivor size 1343488 bytes, new threshold 4 (max 4)
- age   1:     175208 bytes,     175208 total
- age   2:     121768 bytes,     296976 total
- age   4:       9944 bytes,     306920 total
: 16438K->306K(18624K), 0.0015625 secs] 58343K->42277K(83392K), 0.0016563 secs] [Times: user=0.01 sys=0.00, real=0.01 secs] 
56.455: [GC 56.455: [ParNew
Desired survivor size 1343488 bytes, new threshold 4 (max 4)
- age   1:     989320 bytes,     989320 total
- age   2:      80840 bytes,    1070160 total
- age   3:     121768 bytes,    1191928 total
: 16262K->1172K(18624K), 0.0019281 secs] 58234K->43154K(83392K), 0.0020481 secs] [Times: user=0.01 sys=0.00, real=0.00 secs] 
56.468: [GC 56.468: [ParNew
Desired survivor size 1343488 bytes, new threshold 4 (max 4)
- age   1:     294576 bytes,     294576 total
- age   2:     529256 bytes,     823832 total
- age   3:      80840 bytes,     904672 total
- age   4:     121768 bytes,    1026440 total
: 17172K->1005K(18624K), 0.0017079 secs] 59154K->42987K(83392K), 0.0018159 secs] [Times: user=0.00 sys=0.00, real=0.00 secs] 
56.481: [GC 56.481: [ParNew
Desired survivor size 1343488 bytes, new threshold 4 (max 4)
- age   1:     577328 bytes,     577328 total
- age   2:     131776 bytes,     709104 total
- age   3:     529256 bytes,    1238360 total
- age   4:      80840 bytes,    1319200 total
: 16976K->1291K(18624K), 0.0018794 secs] 58957K->43392K(83392K), 0.0019733 secs] [Times: user=0.00 sys=0.00, real=0.01 secs] 
56.495: [GC 56.495: [ParNew
Desired survivor size 1343488 bytes, new threshold 4 (max 4)
- age   1:     468904 bytes,     468904 total
- age   2:     514592 bytes,     983496 total
- age   3:     131776 bytes,    1115272 total
- age   4:     529256 bytes,    1644528 total
: 17276K->1607K(18624K), 0.0026671 secs] 59377K->43786K(83392K), 0.0027686 secs] [Times: user=0.00 sys=0.00, real=0.00 secs] 
56.510: [GC 56.510: [ParNew
Desired survivor size 1343488 bytes, new threshold 4 (max 4)
- age   1:     446664 bytes,     446664 total
- age   2:     263224 bytes,     709888 total
- age   3:     433080 bytes,    1142968 total
- age   4:     131776 bytes,    1274744 total
: 17566K->1247K(18624K), 0.0043499 secs] 59745K->43943K(83392K), 0.0044776 secs] [Times: user=0.01 sys=0.00, real=0.01 secs] 
56.526: [GC 56.526: [ParNew
Desired survivor size 1343488 bytes, new threshold 4 (max 4)
- age   1:     173616 bytes,     173616 total
- age   2:     404368 bytes,     577984 total
- age   3:     263224 bytes,     841208 total
- age   4:     317904 bytes,    1159112 total
: 17241K->1133K(18624K), 0.0029984 secs] 59937K->43958K(83392K), 0.0031408 secs] [Times: user=0.00 sys=0.00, real=0.00 secs] 
56.542: [GC 56.542: [ParNew
Desired survivor size 1343488 bytes, new threshold 4 (max 4)
- age   1:     235424 bytes,     235424 total
- age   2:        192 bytes,     235616 total
- age   3:     404368 bytes,     639984 total
- age   4:     263224 bytes,     903208 total
: 17108K->884K(18624K), 0.0017499 secs] 59933K->43913K(83392K), 0.0018453 secs] [Times: user=0.00 sys=0.00, real=0.00 secs] 
56.557: [GC 56.557: [ParNew
Desired survivor size 1343488 bytes, new threshold 4 (max 4)
- age   1:     225992 bytes,     225992 total
- age   2:     123336 bytes,     349328 total
- age   3:        192 bytes,     349520 total
- age   4:     404368 bytes,     753888 total
: 16863K->738K(18624K), 0.0025120 secs] 59892K->44025K(83392K), 0.0026142 secs] [Times: user=0.00 sys=0.00, real=0.00 secs] 
56.571: [GC 56.571: [ParNew
Desired survivor size 1343488 bytes, new threshold 4 (max 4)
- age   1:     276880 bytes,     276880 total
- age   2:     164216 bytes,     441096 total
- age   3:      65640 bytes,     506736 total
: 16705K->498K(18624K), 0.0019273 secs] 59992K->44180K(83392K), 0.0020229 secs] [Times: user=0.00 sys=0.00, real=0.01 secs] 
56.596: [GC 56.596: [ParNew
Desired survivor size 1343488 bytes, new threshold 4 (max 4)
- age   1:     405032 bytes,     405032 total
- age   2:     140352 bytes,     545384 total
- age   3:     164216 bytes,     709600 total
- age   4:      64936 bytes,     774536 total
: 16495K->758K(18624K), 0.0017141 secs] 60176K->44440K(83392K), 0.0018059 secs] [Times: user=0.01 sys=0.00, real=0.00 secs] 
56.609: [GC 56.609: [ParNew
Desired survivor size 1343488 bytes, new threshold 4 (max 4)
- age   1:     931856 bytes,     931856 total
- age   2:      98216 bytes,    1030072 total
- age   3:     140352 bytes,    1170424 total
- age   4:     164216 bytes,    1334640 total
: 16735K->1315K(18624K), 0.0019838 secs] 60417K->45059K(83392K), 0.0020808 secs] [Times: user=0.01 sys=0.01, real=0.00 secs] 
56.622: [GC 56.622: [ParNew
Desired survivor size 1343488 bytes, new threshold 4 (max 4)
- age   1:     136424 bytes,     136424 total
- age   2:     905440 bytes,    1041864 total
- age   3:      33264 bytes,    1075128 total
- age   4:     140352 bytes,    1215480 total
: 17306K->1214K(18624K), 0.0021758 secs] 61051K->45119K(83392K), 0.0022782 secs] [Times: user=0.00 sys=0.00, real=0.01 secs] 
56.637: [GC 56.637: [ParNew
Desired survivor size 1343488 bytes, new threshold 4 (max 4)
- age   1:     367008 bytes,     367008 total
- age   2:      68576 bytes,     435584 total
- age   3:     460848 bytes,     896432 total
- age   4:      33264 bytes,     929696 total
: 17196K->937K(18624K), 0.0023177 secs] 61101K->44979K(83392K), 0.0024138 secs] [Times: user=0.00 sys=0.00, real=0.00 secs] 
56.650: [GC 56.650: [ParNew
Desired survivor size 1343488 bytes, new threshold 4 (max 4)
- age   1:     426696 bytes,     426696 total
- age   2:      82848 bytes,     509544 total
- age   3:      68576 bytes,     578120 total
- age   4:     336976 bytes,     915096 total
: 16910K->915K(18624K), 0.0019642 secs] 60953K->44990K(83392K), 0.0020850 secs] [Times: user=0.01 sys=0.00, real=0.01 secs] 
56.664: [GC 56.665: [ParNew
Desired survivor size 1343488 bytes, new threshold 3 (max 4)
- age   1:    1076704 bytes,    1076704 total
- age   2:     232632 bytes,    1309336 total
- age   3:      82848 bytes,    1392184 total
- age   4:      68576 bytes,    1460760 total
: 16915K->1431K(18624K), 0.0024673 secs] 60990K->45835K(83392K), 0.0025838 secs] [Times: user=0.00 sys=0.00, real=0.00 secs] 
56.678: [GC 56.679: [ParNew
Desired survivor size 1343488 bytes, new threshold 2 (max 4)
- age   1:     577680 bytes,     577680 total
- age   2:     994992 bytes,    1572672 total
- age   3:     142200 bytes,    1714872 total
: 17414K->1678K(18624K), 0.0025730 secs] 61817K->46229K(83392K), 0.0027207 secs] [Times: user=0.00 sys=0.00, real=0.00 secs] 
56.693: [GC 56.693: [ParNew
Desired survivor size 1343488 bytes, new threshold 4 (max 4)
- age   1:     332232 bytes,     332232 total
- age   2:     493032 bytes,     825264 total
: 17656K->809K(18624K), 0.0025365 secs] 62208K->46254K(83392K), 0.0026510 secs] [Times: user=0.01 sys=0.00, real=0.00 secs] 
56.706: [GC 56.706: [ParNew
Desired survivor size 1343488 bytes, new threshold 4 (max 4)
- age   1:     478904 bytes,     478904 total
- age   2:     264344 bytes,     743248 total
- age   3:     493032 bytes,    1236280 total
: 16789K->1210K(18624K), 0.0020407 secs] 62234K->46655K(83392K), 0.0021417 secs] [Times: user=0.01 sys=0.00, real=0.00 secs] 
56.723: [GC 56.723: [ParNew
Desired survivor size 1343488 bytes, new threshold 4 (max 4)
- age   1:     660368 bytes,     660368 total
- age   2:     406376 bytes,    1066744 total
- age   3:     264344 bytes,    1331088 total
- age   4:     493032 bytes,    1824120 total
: 17114K->1784K(18624K), 0.0023677 secs] 62558K->47228K(83392K), 0.0024596 secs] [Times: user=0.00 sys=0.00, real=0.00 secs] 
56.736: [GC 56.736: [ParNew
Desired survivor size 1343488 bytes, new threshold 4 (max 4)
- age   1:     318784 bytes,     318784 total
- age   2:     593992 bytes,     912776 total
- age   3:     347144 bytes,    1259920 total
- age   4:     264344 bytes,    1524264 total
: 17709K->1491K(18624K), 0.0031579 secs] 63153K->47340K(83392K), 0.0032628 secs] [Times: user=0.00 sys=0.00, real=0.00 secs] 
56.757: [GC 56.757: [ParNew
Desired survivor size 1343488 bytes, new threshold 3 (max 4)
- age   1:     528712 bytes,     528712 total
- age   2:     248880 bytes,     777592 total
- age   3:     593992 bytes,    1371584 total
- age   4:      57712 bytes,    1429296 total
: 17483K->1399K(18624K), 0.0022164 secs] 63333K->47248K(83392K), 0.0023385 secs] [Times: user=0.01 sys=0.00, real=0.00 secs] 
56.771: [GC 56.771: [ParNew
Desired survivor size 1343488 bytes, new threshold 4 (max 4)
- age   1:     296864 bytes,     296864 total
- age   2:     450928 bytes,     747792 total
- age   3:     248880 bytes,     996672 total
: 17394K->977K(18624K), 0.0023119 secs] 63244K->47463K(83392K), 0.0024222 secs] [Times: user=0.00 sys=0.00, real=0.01 secs] 
56.786: [GC 56.786: [ParNew
Desired survivor size 1343488 bytes, new threshold 4 (max 4)
- age   1:     791336 bytes,     791336 total
- age   2:     228984 bytes,    1020320 total
- age   3:      53496 bytes,    1073816 total
: 16956K->1053K(18624K), 0.0023986 secs] 63442K->47539K(83392K), 0.0025322 secs] [Times: user=0.01 sys=0.00, real=0.00 secs] 
56.801: [GC 56.801: [ParNew
Desired survivor size 1343488 bytes, new threshold 4 (max 4)
- age   1:     320608 bytes,     320608 total
- age   2:     601136 bytes,     921744 total
- age   3:     228984 bytes,    1150728 total
- age   4:      53496 bytes,    1204224 total
: 17051K->1182K(18624K), 0.0017866 secs] 63537K->47667K(83392K), 0.0018969 secs] [Times: user=0.00 sys=0.00, real=0.01 secs] 
56.815: [GC 56.815: [ParNew
Desired survivor size 1343488 bytes, new threshold 4 (max 4)
- age   1:     490392 bytes,     490392 total
- age   2:     268288 bytes,     758680 total
- age   3:     198960 bytes,     957640 total
- age   4:     170000 bytes,    1127640 total
: 17180K->1109K(18624K), 0.0022299 secs] 63666K->47609K(83392K), 0.0023247 secs] [Times: user=0.00 sys=0.00, real=0.00 secs] 
56.831: [GC 56.831: [ParNew
Desired survivor size 1343488 bytes, new threshold 4 (max 4)
- age   1:     288896 bytes,     288896 total
- age   2:     422144 bytes,     711040 total
- age   3:     268200 bytes,     979240 total
- age   4:     125352 bytes,    1104592 total
: 17100K->1085K(18624K), 0.0018609 secs] 63601K->47636K(83392K), 0.0019534 secs] [Times: user=0.01 sys=0.00, real=0.01 secs] 
56.845: [GC 56.845: [ParNew
Desired survivor size 1343488 bytes, new threshold 4 (max 4)
- age   1:     540624 bytes,     540624 total
- age   2:     138336 bytes,     678960 total
- age   3:     228528 bytes,     907488 total
- age   4:     145040 bytes,    1052528 total
: 17053K->1029K(18624K), 0.0022726 secs] 63604K->47702K(83392K), 0.0024264 secs] [Times: user=0.00 sys=0.00, real=0.00 secs] 
56.859: [GC 56.859: [ParNew
Desired survivor size 1343488 bytes, new threshold 4 (max 4)
- age   1:     536896 bytes,     536896 total
- age   2:     343704 bytes,     880600 total
- age   3:     138336 bytes,    1018936 total
- age   4:     167088 bytes,    1186024 total
: 17017K->1163K(18624K), 0.0018322 secs] 63691K->47978K(83392K), 0.0019482 secs] [Times: user=0.00 sys=0.00, real=0.00 secs] 
56.873: [GC 56.873: [ParNew
Desired survivor size 1343488 bytes, new threshold 4 (max 4)
- age   1:     192792 bytes,     192792 total
- age   2:     428992 bytes,     621784 total
- age   3:     343704 bytes,     965488 total
- age   4:     104864 bytes,    1070352 total
: 17135K->1050K(18624K), 0.0019268 secs] 63949K->47918K(83392K), 0.0020304 secs] [Times: user=0.00 sys=0.00, real=0.00 secs] 
56.886: [GC 56.886: [ParNew
Desired survivor size 1343488 bytes, new threshold 4 (max 4)
- age   1:     218280 bytes,     218280 total
- age   2:     135384 bytes,     353664 total
- age   3:     428992 bytes,     782656 total
- age   4:     266576 bytes,    1049232 total
: 17011K->1034K(18624K), 0.0026167 secs] 63878K->48004K(83392K), 0.0027288 secs] [Times: user=0.01 sys=0.00, real=0.00 secs] 
56.900: [GC 56.900: [ParNew
Desired survivor size 1343488 bytes, new threshold 4 (max 4)
- age   1:     447872 bytes,     447872 total
- age   2:     138384 bytes,     586256 total
- age   3:      64016 bytes,     650272 total
- age   4:     428992 bytes,    1079264 total
: 17026K->1057K(18624K), 0.0021223 secs] 63997K->48288K(83392K), 0.0022344 secs] [Times: user=0.00 sys=0.00, real=0.01 secs] 
56.913: [GC 56.913: [ParNew
Desired survivor size 1343488 bytes, new threshold 4 (max 4)
- age   1:     784000 bytes,     784000 total
- age   2:     364152 bytes,    1148152 total
- age   3:      77464 bytes,    1225616 total
- age   4:      64016 bytes,    1289632 total
: 17055K->1263K(18624K), 0.0023067 secs] 64286K->48849K(83392K), 0.0024119 secs] [Times: user=0.00 sys=0.00, real=0.00 secs] 
56.928: [GC 56.928: [ParNew
Desired survivor size 1343488 bytes, new threshold 4 (max 4)
- age   1:     186952 bytes,     186952 total
- age   2:     488472 bytes,     675424 total
- age   3:     364152 bytes,    1039576 total
- age   4:      77464 bytes,    1117040 total
: 17221K->1094K(18624K), 0.0018681 secs] 64808K->48743K(83392K), 0.0019722 secs] [Times: user=0.01 sys=0.00, real=0.00 secs] 
56.942: [GC 56.942: [ParNew
Desired survivor size 1343488 bytes, new threshold 4 (max 4)
- age   1:     478168 bytes,     478168 total
- age   2:     118560 bytes,     596728 total
- age   3:     488472 bytes,    1085200 total
- age   4:      95344 bytes,    1180544 total
: 17081K->1156K(18624K), 0.0020823 secs] 64731K->48881K(83392K), 0.0022112 secs] [Times: user=0.01 sys=0.00, real=0.01 secs] 
56.956: [GC 56.956: [ParNew
Desired survivor size 1343488 bytes, new threshold 4 (max 4)
- age   1:     528064 bytes,     528064 total
- age   2:     363576 bytes,     891640 total
- age   3:     118560 bytes,    1010200 total
- age   4:     373912 bytes,    1384112 total
: 17115K->1354K(18624K), 0.0019316 secs] 64840K->49172K(83392K), 0.0021827 secs] [Times: user=0.00 sys=0.00, real=0.00 secs] 
56.970: [GC 56.970: [ParNew
Desired survivor size 1343488 bytes, new threshold 4 (max 4)
- age   1:     280016 bytes,     280016 total
- age   2:     476816 bytes,     756832 total
- age   3:     363576 bytes,    1120408 total
- age   4:     118560 bytes,    1238968 total
: 17292K->1212K(18624K), 0.0022250 secs] 65110K->49396K(83392K), 0.0023357 secs] [Times: user=0.00 sys=0.00, real=0.00 secs] 
56.984: [GC 56.985: [ParNew
Desired survivor size 1343488 bytes, new threshold 4 (max 4)
- age   1:     798432 bytes,     798432 total
- age   2:      40464 bytes,     838896 total
- age   3:     321008 bytes,    1159904 total
- age   4:     363576 bytes,    1523480 total
: 17141K->1491K(18624K), 0.0030066 secs] 65325K->49790K(83392K), 0.0031027 secs] [Times: user=0.01 sys=0.00, real=0.00 secs] 
57.000: [GC 57.000: [ParNew
Desired survivor size 1343488 bytes, new threshold 2 (max 4)
- age   1:     686016 bytes,     686016 total
- age   2:     798432 bytes,    1484448 total
- age   3:      40464 bytes,    1524912 total
- age   4:     148296 bytes,    1673208 total
: 17489K->1637K(18624K), 0.0020777 secs] 65788K->50079K(83392K), 0.0022258 secs] [Times: user=0.00 sys=0.00, real=0.01 secs] 
57.013: [GC 57.013: [ParNew
Desired survivor size 1343488 bytes, new threshold 4 (max 4)
- age   1:     171560 bytes,     171560 total
- age   2:     658560 bytes,     830120 total
: 17612K->814K(18624K), 0.0027701 secs] 66053K->50220K(83392K), 0.0028719 secs] [Times: user=0.00 sys=0.00, real=0.00 secs] 
57.028: [GC 57.028: [ParNew
Desired survivor size 1343488 bytes, new threshold 4 (max 4)
- age   1:     564360 bytes,     564360 total
- age   3:     658528 bytes,    1222888 total
: 16758K->1197K(18624K), 0.0019128 secs] 66163K->50603K(83392K), 0.0020276 secs] [Times: user=0.00 sys=0.00, real=0.00 secs] 
57.041: [GC 57.041: [ParNew
Desired survivor size 1343488 bytes, new threshold 4 (max 4)
- age   1:     526128 bytes,     526128 total
- age   2:     480624 bytes,    1006752 total
- age   4:     340536 bytes,    1347288 total
: 17166K->1319K(18624K), 0.0020153 secs] 66572K->50725K(83392K), 0.0021094 secs] [Times: user=0.01 sys=0.00, real=0.01 secs] 
57.056: [GC 57.056: [ParNew
Desired survivor size 1343488 bytes, new threshold 4 (max 4)
- age   1:     428296 bytes,     428296 total
- age   2:     380096 bytes,     808392 total
- age   3:     480624 bytes,    1289016 total
: 17317K->1262K(18624K), 0.0020593 secs] 66723K->51000K(83392K), 0.0021583 secs] [Times: user=0.00 sys=0.00, real=0.00 secs] 
57.074: [GC 57.074: [ParNew
Desired survivor size 1343488 bytes, new threshold 4 (max 4)
- age   1:     174840 bytes,     174840 total
- age   2:     396192 bytes,     571032 total
- age   3:     121288 bytes,     692320 total
- age   4:     246656 bytes,     938976 total
: 17260K->919K(18624K), 0.0018878 secs] 66998K->50658K(83392K), 0.0019722 secs] [Times: user=0.00 sys=0.00, real=0.00 secs] 
57.088: [GC 57.088: [ParNew
Desired survivor size 1343488 bytes, new threshold 4 (max 4)
- age   1:     795896 bytes,     795896 total
- age   2:        824 bytes,     796720 total
- age   3:     157424 bytes,     954144 total
- age   4:     121288 bytes,    1075432 total
: 16885K->1053K(18624K), 0.0015440 secs] 66624K->50791K(83392K), 0.0016369 secs] [Times: user=0.00 sys=0.00, real=0.00 secs] 
57.102: [GC 57.102: [ParNew
Desired survivor size 1343488 bytes, new threshold 4 (max 4)
- age   1:     522144 bytes,     522144 total
- age   2:     331488 bytes,     853632 total
- age   3:        824 bytes,     854456 total
- age   4:     157424 bytes,    1011880 total
: 17038K->991K(18624K), 0.0019501 secs] 66776K->50847K(83392K), 0.0020791 secs] [Times: user=0.00 sys=0.00, real=0.01 secs] 
57.118: [GC 57.118: [ParNew
Desired survivor size 1343488 bytes, new threshold 4 (max 4)
- age   1:     564336 bytes,     564336 total
- age   2:     297776 bytes,     862112 total
- age   4:        824 bytes,     862936 total
: 16973K->844K(18624K), 0.0021447 secs] 66830K->50855K(83392K), 0.0022712 secs] [Times: user=0.00 sys=0.00, real=0.00 secs] 
57.133: [GC 57.133: [ParNew
Desired survivor size 1343488 bytes, new threshold 4 (max 4)
- age   1:     448688 bytes,     448688 total
- age   2:     378880 bytes,     827568 total
: 16835K->811K(18624K), 0.0015569 secs] 66846K->50822K(83392K), 0.0016491 secs] [Times: user=0.01 sys=0.00, real=0.00 secs] 
57.146: [GC 57.146: [ParNew
Desired survivor size 1343488 bytes, new threshold 4 (max 4)
- age   1:     347968 bytes,     347968 total
- age   2:     280728 bytes,     628696 total
- age   3:     216240 bytes,     844936 total
: 16799K->828K(18624K), 0.0015752 secs] 66810K->50839K(83392K), 0.0016690 secs] [Times: user=0.01 sys=0.00, real=0.00 secs] 
57.159: [GC [1 CMS-initial-mark: 50011K(64768K)] 63943K(83392K), 0.0008880 secs] [Times: user=0.00 sys=0.00, real=0.00 secs] 
57.160: [CMS-concurrent-mark-start]
57.164: [GC 57.164: [ParNew
Desired survivor size 1343488 bytes, new threshold 3 (max 4)
- age   1:    1159944 bytes,    1159944 total
- age   2:     118240 bytes,    1278184 total
- age   3:     147624 bytes,    1425808 total
- age   4:     171304 bytes,    1597112 total
: 16787K->1561K(18624K), 0.0023865 secs] 66799K->51573K(83392K), 0.0024756 secs] [Times: user=0.00 sys=0.00, real=0.00 secs] 
57.180: [GC 57.180: [ParNew
Desired survivor size 1343488 bytes, new threshold 2 (max 4)
- age   1:     546400 bytes,     546400 total
- age   2:     858384 bytes,    1404784 total
- age   3:     118240 bytes,    1523024 total
: 17519K->1490K(18624K), 0.0024394 secs] 67531K->51738K(83392K), 0.0025434 secs] [Times: user=0.00 sys=0.00, real=0.01 secs] 
57.200: [GC 57.200: [ParNew
Desired survivor size 1343488 bytes, new threshold 4 (max 4)
- age   1:     449880 bytes,     449880 total
- age   2:     318768 bytes,     768648 total
: 17490K->752K(18624K), 0.0022279 secs] 67738K->51632K(83392K), 0.0023873 secs] [Times: user=0.00 sys=0.00, real=0.00 secs] 
57.215: [GC 57.215: [ParNew
Desired survivor size 1343488 bytes, new threshold 4 (max 4)
- age   1:     439928 bytes,     439928 total
- age   2:     383488 bytes,     823416 total
- age   3:     318768 bytes,    1142184 total
: 16705K->1118K(18624K), 0.0016800 secs] 67584K->51997K(83392K), 0.0017660 secs] [Times: user=0.01 sys=0.00, real=0.00 secs] 
57.232: [GC 57.232: [ParNew
Desired survivor size 1343488 bytes, new threshold 4 (max 4)
- age   1:      90016 bytes,      90016 total
- age   2:     362472 bytes,     452488 total
- age   3:     383488 bytes,     835976 total
- age   4:     318768 bytes,    1154744 total
: 17104K->1132K(18624K), 0.0018348 secs] 67983K->52011K(83392K), 0.0019328 secs] [Times: user=0.01 sys=0.00, real=0.01 secs] 
57.247: [GC 57.247: [ParNew
Desired survivor size 1343488 bytes, new threshold 4 (max 4)
- age   1:     723192 bytes,     723192 total
- age   2:       5848 bytes,     729040 total
- age   3:     160920 bytes,     889960 total
- age   4:     383488 bytes,    1273448 total
: 17132K->1251K(18624K), 0.0020430 secs] 68011K->52442K(83392K), 0.0021731 secs] [Times: user=0.00 sys=0.00, real=0.00 secs] 
57.251: [CMS-concurrent-mark: 0.072/0.091 secs] [Times: user=0.15 sys=0.01, real=0.09 secs] 
57.251: [CMS-concurrent-preclean-start]
57.252: [CMS-concurrent-preclean: 0.001/0.001 secs] [Times: user=0.00 sys=0.00, real=0.00 secs] 
57.252: [CMS-concurrent-abortable-preclean-start]
57.261: [GC 57.262: [ParNew
Desired survivor size 1343488 bytes, new threshold 4 (max 4)
- age   1:     399896 bytes,     399896 total
- age   2:     527064 bytes,     926960 total
- age   3:       5848 bytes,     932808 total
- age   4:      78256 bytes,    1011064 total
: 17209K->998K(18624K), 0.0019019 secs] 68400K->52429K(83392K), 0.0020201 secs] [Times: user=0.01 sys=0.00, real=0.01 secs] 
57.278: [GC 57.278: [ParNew
Desired survivor size 1343488 bytes, new threshold 4 (max 4)
- age   1:     164184 bytes,     164184 total
- age   2:      83808 bytes,     247992 total
- age   3:     271160 bytes,     519152 total
- age   4:       5848 bytes,     525000 total
: 16989K->515K(18624K), 0.0014108 secs] 68420K->52022K(83392K), 0.0014933 secs] [Times: user=0.00 sys=0.00, real=0.00 secs] 
57.294: [GC 57.294: [ParNew
Desired survivor size 1343488 bytes, new threshold 4 (max 4)
- age   1:     286160 bytes,     286160 total
- age   2:      86032 bytes,     372192 total
- age   3:      83808 bytes,     456000 total
- age   4:     271160 bytes,     727160 total
: 16515K->713K(18624K), 0.0013980 secs] 68022K->52226K(83392K), 0.0014717 secs] [Times: user=0.00 sys=0.00, real=0.00 secs] 
57.306: [GC 57.306: [ParNew
Desired survivor size 1343488 bytes, new threshold 4 (max 4)
- age   1:     798328 bytes,     798328 total
- age   2:       9424 bytes,     807752 total
- age   3:      86032 bytes,     893784 total
- age   4:      83808 bytes,     977592 total
: 16689K->960K(18624K), 0.0020727 secs] 68202K->52738K(83392K), 0.0021953 secs] [Times: user=0.01 sys=0.00, real=0.00 secs] 
57.320: [GC 57.320: [ParNew
Desired survivor size 1343488 bytes, new threshold 4 (max 4)
- age   1:     514928 bytes,     514928 total
- age   2:     457160 bytes,     972088 total
- age   3:       9424 bytes,     981512 total
- age   4:      86032 bytes,    1067544 total
: 16950K->1049K(18624K), 0.0022313 secs] 68728K->52909K(83392K), 0.0023496 secs] [Times: user=0.00 sys=0.00, real=0.01 secs] 
57.333: [GC 57.334: [ParNew
Desired survivor size 1343488 bytes, new threshold 4 (max 4)
- age   1:     223328 bytes,     223328 total
- age   2:      42440 bytes,     265768 total
- age   3:     457160 bytes,     722928 total
- age   4:       9424 bytes,     732352 total
: 17023K->723K(18624K), 0.0017120 secs] 68883K->52666K(83392K), 0.0018120 secs] [Times: user=0.00 sys=0.00, real=0.00 secs] 
57.347: [GC 57.347: [ParNew
Desired survivor size 1343488 bytes, new threshold 1 (max 4)
- age   1:    1361456 bytes,    1361456 total
- age   2:      56368 bytes,    1417824 total
- age   3:      42040 bytes,    1459864 total
- age   4:     457160 bytes,    1917024 total
: 16687K->1880K(18624K), 0.0024445 secs] 68631K->53834K(83392K), 0.0025488 secs] [Times: user=0.01 sys=0.00, real=0.00 secs] 
57.362: [GC 57.362: [ParNew
Desired survivor size 1343488 bytes, new threshold 4 (max 4)
- age   1:     133096 bytes,     133096 total
: 17851K->132K(18624K), 0.0020586 secs] 69804K->53373K(83392K), 0.0021453 secs] [Times: user=0.00 sys=0.00, real=0.01 secs] 
57.379: [GC 57.379: [ParNew
Desired survivor size 1343488 bytes, new threshold 4 (max 4)
- age   1:    1075160 bytes,    1075160 total
- age   2:        832 bytes,    1075992 total
: 16097K->1054K(18624K), 0.0022384 secs] 69338K->54295K(83392K), 0.0023798 secs] [Times: user=0.00 sys=0.00, real=0.00 secs] 
57.394: [GC 57.394: [ParNew
Desired survivor size 1343488 bytes, new threshold 4 (max 4)
- age   1:     444120 bytes,     444120 total
- age   2:     675184 bytes,    1119304 total
: 16954K->1096K(18624K), 0.0016096 secs] 70194K->54336K(83392K), 0.0016951 secs] [Times: user=0.01 sys=0.00, real=0.00 secs] 
57.412: [GC 57.412: [ParNew
Desired survivor size 1343488 bytes, new threshold 3 (max 4)
- age   1:     568400 bytes,     568400 total
- age   2:     357680 bytes,     926080 total
- age   3:     488240 bytes,    1414320 total
: 17096K->1385K(18624K), 0.0019406 secs] 70336K->54625K(83392K), 0.0020348 secs] [Times: user=0.00 sys=0.00, real=0.01 secs] 
57.425: [GC 57.426: [ParNew
Desired survivor size 1343488 bytes, new threshold 4 (max 4)
- age   1:     589272 bytes,     589272 total
- age   2:     117208 bytes,     706480 total
- age   3:     357600 bytes,    1064080 total
: 17356K->1044K(18624K), 0.0020770 secs] 70596K->54669K(83392K), 0.0021890 secs] [Times: user=0.00 sys=0.00, real=0.00 secs] 
57.440: [GC 57.440: [ParNew
Desired survivor size 1343488 bytes, new threshold 4 (max 4)
- age   1:     564824 bytes,     564824 total
- age   2:     515592 bytes,    1080416 total
- age   3:     116400 bytes,    1196816 total
- age   4:     357600 bytes,    1554416 total
: 17044K->1520K(18624K), 0.0022326 secs] 70669K->55145K(83392K), 0.0023371 secs] [Times: user=0.01 sys=0.00, real=0.00 secs] 
57.453: [GC 57.453: [ParNew
Desired survivor size 1343488 bytes, new threshold 3 (max 4)
- age   1:     685448 bytes,     685448 total
- age   2:     414320 bytes,    1099768 total
- age   3:     515592 bytes,    1615360 total
- age   4:     116400 bytes,    1731760 total
: 17520K->1696K(18624K), 0.0026626 secs] 71145K->55439K(83392K), 0.0027633 secs] [Times: user=0.00 sys=0.00, real=0.00 secs] 
57.469: [GC 57.469: [ParNew
Desired survivor size 1343488 bytes, new threshold 4 (max 4)
- age   1:     374416 bytes,     374416 total
- age   2:     607576 bytes,     981992 total
- age   3:     157296 bytes,    1139288 total
: 17661K->1120K(18624K), 0.0021176 secs] 71404K->55480K(83392K), 0.0022230 secs] [Times: user=0.00 sys=0.00, real=0.00 secs] 
57.485: [GC 57.485: [ParNew
Desired survivor size 1343488 bytes, new threshold 4 (max 4)
- age   1:     400976 bytes,     400976 total
- age   2:     293496 bytes,     694472 total
- age   3:     525952 bytes,    1220424 total
- age   4:     157296 bytes,    1377720 total
: 17119K->1347K(18624K), 0.0018297 secs] 71479K->55707K(83392K), 0.0019859 secs] [Times: user=0.00 sys=0.00, real=0.00 secs] 
57.500: [GC 57.500: [ParNew
Desired survivor size 1343488 bytes, new threshold 3 (max 4)
- age   1:     788760 bytes,     788760 total
- age   2:     298328 bytes,    1087088 total
- age   3:     293496 bytes,    1380584 total
- age   4:     525952 bytes,    1906536 total
: 17343K->1868K(18624K), 0.0025294 secs] 71703K->56381K(83392K), 0.0026288 secs] [Times: user=0.00 sys=0.00, real=0.01 secs] 
57.515: [GC 57.515: [ParNew
Desired survivor size 1343488 bytes, new threshold 3 (max 4)
- age   1:     611224 bytes,     611224 total
- age   2:     655616 bytes,    1266840 total
- age   3:     129576 bytes,    1396416 total
: 17856K->1369K(18624K), 0.0025368 secs] 72369K->56396K(83392K), 0.0026394 secs] [Times: user=0.01 sys=0.00, real=0.00 secs] 
57.530: [GC 57.530: [ParNew
Desired survivor size 1343488 bytes, new threshold 4 (max 4)
- age   1:     185760 bytes,     185760 total
- age   2:     448488 bytes,     634248 total
- age   3:     655616 bytes,    1289864 total
: 17258K->1271K(18624K), 0.0028495 secs] 72285K->56425K(83392K), 0.0029441 secs] [Times: user=0.01 sys=0.00, real=0.01 secs] 
57.544: [GC 57.544: [ParNew
Desired survivor size 1343488 bytes, new threshold 4 (max 4)
- age   1:     145056 bytes,     145056 total
- age   2:     116584 bytes,     261640 total
- age   3:     448488 bytes,     710128 total
- age   4:     655616 bytes,    1365744 total
: 17256K->1337K(18624K), 0.0022177 secs] 72410K->56490K(83392K), 0.0023776 secs] [Times: user=0.00 sys=0.00, real=0.00 secs] 
57.561: [GC 57.561: [ParNew
Desired survivor size 1343488 bytes, new threshold 4 (max 4)
- age   1:     475400 bytes,     475400 total
- age   2:      76008 bytes,     551408 total
- age   4:     285552 bytes,     836960 total
: 17322K->819K(18624K), 0.0021687 secs] 72476K->56613K(83392K), 0.0022614 secs] [Times: user=0.00 sys=0.00, real=0.01 secs] 
57.576: [GC 57.576: [ParNew
Desired survivor size 1343488 bytes, new threshold 4 (max 4)
- age   1:     837904 bytes,     837904 total
- age   2:     475312 bytes,    1313216 total
: 16766K->1284K(18624K), 0.0017048 secs] 72561K->57078K(83392K), 0.0017939 secs] [Times: user=0.00 sys=0.00, real=0.00 secs] 
57.589: [GC 57.589: [ParNew
Desired survivor size 1343488 bytes, new threshold 2 (max 4)
- age   1:     645992 bytes,     645992 total
- age   2:     697792 bytes,    1343784 total
- age   3:     475312 bytes,    1819096 total
: 17270K->1776K(18624K), 0.0031398 secs] 73064K->57571K(83392K), 0.0033192 secs] [Times: user=0.01 sys=0.00, real=0.01 secs] 
57.605: [GC 57.605: [ParNew
Desired survivor size 1343488 bytes, new threshold 2 (max 4)
- age   1:     877952 bytes,     877952 total
- age   2:     477352 bytes,    1355304 total
: 17754K->1326K(18624K), 0.0030115 secs] 73548K->57752K(83392K), 0.0031201 secs] [Times: user=0.00 sys=0.00, real=0.00 secs] 
57.620: [GC 57.620: [ParNew
Desired survivor size 1343488 bytes, new threshold 4 (max 4)
- age   1:     385872 bytes,     385872 total
- age   2:     791592 bytes,    1177464 total
: 17300K->1152K(18624K), 0.0021266 secs] 73726K->57994K(83392K), 0.0022213 secs] [Times: user=0.00 sys=0.00, real=0.01 secs] 
57.640: [GC 57.641: [ParNew
Desired survivor size 1343488 bytes, new threshold 4 (max 4)
- age   1:     287624 bytes,     287624 total
- age   2:      99856 bytes,     387480 total
- age   3:     750920 bytes,    1138400 total
: 17130K->1113K(18624K), 0.0022077 secs] 73972K->57955K(83392K), 0.0022918 secs] [Times: user=0.00 sys=0.00, real=0.01 secs] 
57.659: [GC 57.659: [ParNew
Desired survivor size 1343488 bytes, new threshold 4 (max 4)
- age   1:     450616 bytes,     450616 total
- age   2:     188544 bytes,     639160 total
- age   3:      99152 bytes,     738312 total
: 17113K->721K(18624K), 0.0014438 secs] 73955K->57563K(83392K), 0.0015449 secs] [Times: user=0.00 sys=0.00, real=0.00 secs] 
57.673: [GC 57.674: [ParNew
Desired survivor size 1343488 bytes, new threshold 4 (max 4)
- age   1:     325168 bytes,     325168 total
- age   2:     450616 bytes,     775784 total
- age   3:     123928 bytes,     899712 total
- age   4:      21688 bytes,     921400 total
: 16706K->912K(18624K), 0.0018649 secs] 73548K->57754K(83392K), 0.0020267 secs] [Times: user=0.01 sys=0.00, real=0.00 secs] 
57.689: [GC 57.689: [ParNew
Desired survivor size 1343488 bytes, new threshold 4 (max 4)
- age   1:     375296 bytes,     375296 total
- age   2:     285944 bytes,     661240 total
- age   3:     279088 bytes,     940328 total
- age   4:       8792 bytes,     949120 total
: 16907K->934K(18624K), 0.0016210 secs] 73749K->57797K(83392K), 0.0017222 secs] [Times: user=0.00 sys=0.00, real=0.00 secs] 
57.702: [GC 57.702: [ParNew
Desired survivor size 1343488 bytes, new threshold 4 (max 4)
- age   1:     275592 bytes,     275592 total
- age   2:     370752 bytes,     646344 total
- age   3:     285944 bytes,     932288 total
- age   4:     279088 bytes,    1211376 total
: 16931K->1199K(18624K), 0.0021329 secs] 73794K->58071K(83392K), 0.0022339 secs] [Times: user=0.00 sys=0.00, real=0.01 secs] 
57.715: [GC 57.716: [ParNew
Desired survivor size 1343488 bytes, new threshold 4 (max 4)
- age   1:     345656 bytes,     345656 total
- age   2:     252416 bytes,     598072 total
- age   3:     265928 bytes,     864000 total
- age   4:     285944 bytes,    1149944 total
: 17188K->1130K(18624K), 0.0020325 secs] 74060K->58275K(83392K), 0.0021310 secs] [Times: user=0.00 sys=0.00, real=0.00 secs] 
57.734: [GC 57.734: [ParNew
Desired survivor size 1343488 bytes, new threshold 4 (max 4)
- age   1:     441040 bytes,     441040 total
- age   2:         40 bytes,     441080 total
- age   3:     168280 bytes,     609360 total
- age   4:       6744 bytes,     616104 total
: 17106K->606K(18624K), 0.0016208 secs] 74250K->58029K(83392K), 0.0017303 secs] [Times: user=0.01 sys=0.00, real=0.00 secs] 
57.749: [GC 57.749: [ParNew
Desired survivor size 1343488 bytes, new threshold 4 (max 4)
- age   1:     449400 bytes,     449400 total
- age   2:     156912 bytes,     606312 total
- age   3:         40 bytes,     606352 total
- age   4:     168248 bytes,     774600 total
: 16580K->762K(18624K), 0.0015126 secs] 74003K->58192K(83392K), 0.0016003 secs] [Times: user=0.01 sys=0.00, real=0.00 secs] 
57.751: [CMS-concurrent-abortable-preclean: 0.033/0.499 secs] [Times: user=0.77 sys=0.03, real=0.50 secs] 
57.753: [GC[YG occupancy: 4477 K (18624 K)]57.753: [Rescan (parallel) , 0.0012059 secs]57.754: [weak refs processing, 0.0000752 secs] [1 CMS-remark: 57430K(64768K)] 61907K(83392K), 0.0013695 secs] [Times: user=0.00 sys=0.00, real=0.00 secs] 
57.758: [CMS-concurrent-sweep-start]
57.764: [GC 57.765: [ParNew
Desired survivor size 1343488 bytes, new threshold 4 (max 4)
- age   1:     714496 bytes,     714496 total
- age   2:      72208 bytes,     786704 total
- age   3:     156912 bytes,     943616 total
- age   4:         40 bytes,     943656 total
: 16736K->924K(18624K), 0.0020234 secs] 73800K->57987K(83392K), 0.0021035 secs] [Times: user=0.00 sys=0.00, real=0.00 secs] 
57.770: [CMS-concurrent-sweep: 0.009/0.012 secs] [Times: user=0.02 sys=0.00, real=0.01 secs] 
57.770: [CMS-concurrent-reset-start]
57.771: [CMS-concurrent-reset: 0.001/0.001 secs] [Times: user=0.00 sys=0.00, real=0.00 secs] 
57.782: [GC 57.782: [ParNew
Desired survivor size 1343488 bytes, new threshold 4 (max 4)
- age   1:     589352 bytes,     589352 total
- age   2:     257704 bytes,     847056 total
- age   3:      72208 bytes,     919264 total
- age   4:     156912 bytes,    1076176 total
: 16893K->1052K(18624K), 0.0017642 secs] 30868K->15028K(83392K), 0.0018549 secs] [Times: user=0.01 sys=0.00, real=0.00 secs] 
57.796: [GC 57.796: [ParNew
Desired survivor size 1343488 bytes, new threshold 4 (max 4)
- age   1:     267392 bytes,     267392 total
- age   2:     353336 bytes,     620728 total
- age   3:     200104 bytes,     820832 total
- age   4:      72208 bytes,     893040 total
: 17015K->872K(18624K), 0.0021108 secs] 30991K->15001K(83392K), 0.0022646 secs] [Times: user=0.01 sys=0.00, real=0.00 secs] 
57.810: [GC 57.810: [ParNew
Desired survivor size 1343488 bytes, new threshold 3 (max 4)
- age   1:     841744 bytes,     841744 total
- age   2:     198440 bytes,    1040184 total
- age   3:     353336 bytes,    1393520 total
- age   4:     200104 bytes,    1593624 total
: 16777K->1558K(18624K), 0.0019061 secs] 30906K->15758K(83392K), 0.0020010 secs] [Times: user=0.00 sys=0.00, real=0.00 secs] 
57.823: [GC 57.824: [ParNew
Desired survivor size 1343488 bytes, new threshold 4 (max 4)
- age   1:     326456 bytes,     326456 total
- age   2:     788400 bytes,    1114856 total
- age   3:     198440 bytes,    1313296 total
: 17498K->1284K(18624K), 0.0022544 secs] 31698K->15766K(83392K), 0.0025779 secs] [Times: user=0.00 sys=0.01, real=0.00 secs] 
57.837: [GC 57.837: [ParNew
Desired survivor size 1343488 bytes, new threshold 4 (max 4)
- age   1:     554952 bytes,     554952 total
- age   2:     261512 bytes,     816464 total
- age   3:     311864 bytes,    1128328 total
- age   4:      57624 bytes,    1185952 total
: 17264K->1160K(18624K), 0.0024822 secs] 31746K->15641K(83392K), 0.0025984 secs] [Times: user=0.00 sys=0.00, real=0.00 secs] 
57.852: [GC 57.852: [ParNew
Desired survivor size 1343488 bytes, new threshold 4 (max 4)
- age   1:     541088 bytes,     541088 total
- age   2:     229712 bytes,     770800 total
- age   3:      98368 bytes,     869168 total
- age   4:     311864 bytes,    1181032 total
: 17099K->1155K(18624K), 0.0015398 secs] 31581K->15693K(83392K), 0.0016404 secs] [Times: user=0.01 sys=0.00, real=0.01 secs] 
57.869: [GC 57.869: [ParNew
Desired survivor size 1343488 bytes, new threshold 4 (max 4)
- age   1:     302112 bytes,     302112 total
- age   2:     273728 bytes,     575840 total
- age   3:     166144 bytes,     741984 total
- age   4:      24144 bytes,     766128 total
: 17143K->751K(18624K), 0.0014962 secs] 31681K->15593K(83392K), 0.0015769 secs] [Times: user=0.01 sys=0.00, real=0.00 secs] 
57.882: [GC 57.882: [ParNew
Desired survivor size 1343488 bytes, new threshold 4 (max 4)
- age   1:     208912 bytes,     208912 total
- age   2:     163176 bytes,     372088 total
- age   3:     273728 bytes,     645816 total
- age   4:         32 bytes,     645848 total
: 16732K->632K(18624K), 0.0017971 secs] 31575K->15498K(83392K), 0.0019298 secs] [Times: user=0.00 sys=0.00, real=0.01 secs] 
57.895: [GC 57.896: [ParNew
Desired survivor size 1343488 bytes, new threshold 4 (max 4)
- age   1:     474464 bytes,     474464 total
- age   2:      84440 bytes,     558904 total
- age   3:     163176 bytes,     722080 total
- age   4:     216608 bytes,     938688 total
: 16605K->920K(18624K), 0.0019400 secs] 31471K->15786K(83392K), 0.0020435 secs] [Times: user=0.00 sys=0.00, real=0.00 secs] 
57.910: [GC 57.910: [ParNew
Desired survivor size 1343488 bytes, new threshold 4 (max 4)
- age   1:     461488 bytes,     461488 total
- age   2:     356240 bytes,     817728 total
- age   4:     163176 bytes,     980904 total
: 16876K->961K(18624K), 0.0015916 secs] 31742K->15897K(83392K), 0.0016859 secs] [Times: user=0.00 sys=0.00, real=0.00 secs] 
57.923: [GC 57.923: [ParNew
Desired survivor size 1343488 bytes, new threshold 4 (max 4)
- age   1:     483376 bytes,     483376 total
- age   2:     332464 bytes,     815840 total
- age   3:     253984 bytes,    1069824 total
: 16875K->1048K(18624K), 0.0021114 secs] 31811K->16143K(83392K), 0.0022273 secs] [Times: user=0.00 sys=0.00, real=0.00 secs] 
57.937: [GC 57.937: [ParNew
Desired survivor size 1343488 bytes, new threshold 4 (max 4)
- age   1:     257536 bytes,     257536 total
- age   2:      77448 bytes,     334984 total
- age   3:     332464 bytes,     667448 total
- age   4:     253984 bytes,     921432 total
: 17006K->901K(18624K), 0.0016746 secs] 32101K->15996K(83392K), 0.0017977 secs] [Times: user=0.01 sys=0.00, real=0.00 secs] 
57.951: [GC 57.951: [ParNew
Desired survivor size 1343488 bytes, new threshold 4 (max 4)
- age   1:     328104 bytes,     328104 total
- age   2:     137216 bytes,     465320 total
- age   3:      77448 bytes,     542768 total
: 16863K->532K(18624K), 0.0013803 secs] 31958K->15797K(83392K), 0.0015322 secs] [Times: user=0.01 sys=0.00, real=0.01 secs] 
57.965: [GC 57.965: [ParNew
Desired survivor size 1343488 bytes, new threshold 4 (max 4)
- age   1:     290200 bytes,     290200 total
- age   2:     153464 bytes,     443664 total
- age   3:     137216 bytes,     580880 total
- age   4:      77448 bytes,     658328 total
: 16508K->645K(18624K), 0.0014997 secs] 31773K->15910K(83392K), 0.0016387 secs] [Times: user=0.00 sys=0.00, real=0.00 secs] 
57.981: [GC 57.981: [ParNew
Desired survivor size 1343488 bytes, new threshold 4 (max 4)
- age   1:     355744 bytes,     355744 total
- age   2:      67584 bytes,     423328 total
- age   3:       2944 bytes,     426272 total
- age   4:     137216 bytes,     563488 total
: 16645K->550K(18624K), 0.0017654 secs] 31910K->15890K(83392K), 0.0018753 secs] [Times: user=0.00 sys=0.00, real=0.01 secs] 
57.995: [GC 57.995: [ParNew
Desired survivor size 1343488 bytes, new threshold 4 (max 4)
- age   1:     213048 bytes,     213048 total
- age   2:     300816 bytes,     513864 total
- age   3:      67584 bytes,     581448 total
- age   4:       2944 bytes,     584392 total
: 16549K->572K(18624K), 0.0014763 secs] 31889K->16046K(83392K), 0.0015924 secs] [Times: user=0.00 sys=0.00, real=0.00 secs] 
58.011: [GC 58.011: [ParNew
Desired survivor size 1343488 bytes, new threshold 4 (max 4)
- age   1:     679936 bytes,     679936 total
- age   2:      91288 bytes,     771224 total
- age   3:     300816 bytes,    1072040 total
- age   4:      67584 bytes,    1139624 total
: 16563K->1118K(18624K), 0.0014981 secs] 32037K->16595K(83392K), 0.0015863 secs] [Times: user=0.00 sys=0.00, real=0.01 secs] 
58.023: [GC 58.023: [ParNew
Desired survivor size 1343488 bytes, new threshold 4 (max 4)
- age   1:     359832 bytes,     359832 total
- age   2:     632640 bytes,     992472 total
- age   3:       8856 bytes,    1001328 total
- age   4:      67288 bytes,    1068616 total
: 17065K->1053K(18624K), 0.0025626 secs] 32542K->16596K(83392K), 0.0026838 secs] [Times: user=0.01 sys=0.00, real=0.00 secs] 
58.037: [GC 58.037: [ParNew
Desired survivor size 1343488 bytes, new threshold 4 (max 4)
- age   1:     218016 bytes,     218016 total
- age   2:     328256 bytes,     546272 total
- age   3:     632640 bytes,    1178912 total
- age   4:       8856 bytes,    1187768 total
: 17047K->1164K(18624K), 0.0018904 secs] 32590K->16709K(83392K), 0.0020010 secs] [Times: user=0.00 sys=0.00, real=0.00 secs] 
58.051: [GC 58.051: [ParNew
Desired survivor size 1343488 bytes, new threshold 4 (max 4)
- age   1:     520112 bytes,     520112 total
- age   2:     137888 bytes,     658000 total
- age   4:     417888 bytes,    1075888 total
: 17155K->1058K(18624K), 0.0017183 secs] 32700K->16612K(83392K), 0.0018374 secs] [Times: user=0.00 sys=0.00, real=0.01 secs] 
58.064: [GC 58.064: [ParNew
Desired survivor size 1343488 bytes, new threshold 4 (max 4)
- age   1:     628856 bytes,     628856 total
- age   2:     436104 bytes,    1064960 total
: 17030K->1043K(18624K), 0.0017620 secs] 32583K->16840K(83392K), 0.0018555 secs] [Times: user=0.00 sys=0.00, real=0.00 secs] 
58.077: [GC 58.077: [ParNew
Desired survivor size 1343488 bytes, new threshold 4 (max 4)
- age   1:     320880 bytes,     320880 total
- age   2:     501352 bytes,     822232 total
- age   3:      82648 bytes,     904880 total
: 17004K->887K(18624K), 0.0017142 secs] 32802K->16684K(83392K), 0.0018090 secs] [Times: user=0.01 sys=0.00, real=0.00 secs] 
58.092: [GC 58.092: [ParNew
Desired survivor size 1343488 bytes, new threshold 4 (max 4)
- age   1:     812352 bytes,     812352 total
- age   2:     155912 bytes,     968264 total
- age   3:     134928 bytes,    1103192 total
: 16860K->1080K(18624K), 0.0015575 secs] 32658K->16878K(83392K), 0.0016637 secs] [Times: user=0.00 sys=0.00, real=0.01 secs] 
58.105: [GC 58.105: [ParNew
Desired survivor size 1343488 bytes, new threshold 4 (max 4)
- age   1:     180280 bytes,     180280 total
- age   2:     618064 bytes,     798344 total
- age   3:     155912 bytes,     954256 total
- age   4:     134888 bytes,    1089144 total
: 17080K->1067K(18624K), 0.0017919 secs] 32878K->16864K(83392K), 0.0019300 secs] [Times: user=0.00 sys=0.00, real=0.00 secs] 
58.119: [GC 58.119: [ParNew
Desired survivor size 1343488 bytes, new threshold 4 (max 4)
- age   1:     903248 bytes,     903248 total
- age   2:         32 bytes,     903280 total
- age   3:     284472 bytes,    1187752 total
: 17021K->1163K(18624K), 0.0016762 secs] 32819K->17092K(83392K), 0.0018244 secs] [Times: user=0.00 sys=0.00, real=0.00 secs] 
58.132: [GC 58.133: [ParNew
Desired survivor size 1343488 bytes, new threshold 4 (max 4)
- age   1:     746672 bytes,     746672 total
- age   2:     165984 bytes,     912656 total
- age   4:     215496 bytes,    1128152 total
: 17147K->1103K(18624K), 0.0021486 secs] 33076K->17032K(83392K), 0.0022625 secs] [Times: user=0.00 sys=0.00, real=0.00 secs] 
58.149: [GC 58.149: [ParNew
Desired survivor size 1343488 bytes, new threshold 4 (max 4)
- age   1:     557752 bytes,     557752 total
- age   2:     136056 bytes,     693808 total
- age   3:     165984 bytes,     859792 total
: 17065K->842K(18624K), 0.0019138 secs] 32994K->16830K(83392K), 0.0020066 secs] [Times: user=0.00 sys=0.00, real=0.00 secs] 
58.162: [GC 58.163: [ParNew
Desired survivor size 1343488 bytes, new threshold 1 (max 4)
- age   1:    1545488 bytes,    1545488 total
- age   2:        824 bytes,    1546312 total
: 16819K->1513K(18624K), 0.0022570 secs] 32808K->17501K(83392K), 0.0023649 secs] [Times: user=0.01 sys=0.00, real=0.00 secs] 
58.177: [GC 58.177: [ParNew
Desired survivor size 1343488 bytes, new threshold 4 (max 4)
- age   1:     425328 bytes,     425328 total
: 17513K->419K(18624K), 0.0016258 secs] 33501K->17049K(83392K), 0.0017138 secs] [Times: user=0.01 sys=0.00, real=0.00 secs] 
58.190: [GC 58.190: [ParNew
Desired survivor size 1343488 bytes, new threshold 4 (max 4)
- age   1:     221360 bytes,     221360 total
- age   2:     425288 bytes,     646648 total
: 16362K->635K(18624K), 0.0012474 secs] 32992K->17265K(83392K), 0.0013500 secs] [Times: user=0.00 sys=0.00, real=0.00 secs] 
58.207: [GC 58.207: [ParNew
Desired survivor size 1343488 bytes, new threshold 4 (max 4)
- age   1:     475912 bytes,     475912 total
- age   2:      67352 bytes,     543264 total
- age   3:     191424 bytes,     734688 total
: 16580K->719K(18624K), 0.0011699 secs] 33210K->17349K(83392K), 0.0012548 secs] [Times: user=0.00 sys=0.00, real=0.00 secs] 
58.220: [GC 58.220: [ParNew
Desired survivor size 1343488 bytes, new threshold 4 (max 4)
- age   1:     544976 bytes,     544976 total
- age   2:     229264 bytes,     774240 total
- age   3:         72 bytes,     774312 total
- age   4:     191424 bytes,     965736 total
: 16602K->946K(18624K), 0.0020204 secs] 33232K->17576K(83392K), 0.0021191 secs] [Times: user=0.00 sys=0.00, real=0.01 secs] 
58.235: [GC 58.235: [ParNew
Desired survivor size 1343488 bytes, new threshold 4 (max 4)
- age   1:     480896 bytes,     480896 total
- age   2:      89016 bytes,     569912 total
- age   3:       1312 bytes,     571224 total
: 16944K->559K(18624K), 0.0015828 secs] 33574K->17309K(83392K), 0.0016766 secs] [Times: user=0.01 sys=0.00, real=0.00 secs] 
58.247: [GC 58.248: [ParNew
Desired survivor size 1343488 bytes, new threshold 4 (max 4)
- age   1:     247896 bytes,     247896 total
- age   2:     242904 bytes,     490800 total
- age   3:      89016 bytes,     579816 total
- age   4:       1312 bytes,     581128 total
: 16542K->571K(18624K), 0.0013978 secs] 33292K->17321K(83392K), 0.0015298 secs] [Times: user=0.01 sys=0.00, real=0.00 secs] 
58.260: [GC 58.260: [ParNew
Desired survivor size 1343488 bytes, new threshold 4 (max 4)
- age   1:     326824 bytes,     326824 total
- age   2:     105192 bytes,     432016 total
- age   3:     170288 bytes,     602304 total
- age   4:       2720 bytes,     605024 total
: 16564K->596K(18624K), 0.0013545 secs] 33314K->17347K(83392K), 0.0014444 secs] [Times: user=0.01 sys=0.00, real=0.00 secs] 
58.273: [GC 58.273: [ParNew
Desired survivor size 1343488 bytes, new threshold 4 (max 4)
- age   1:     399104 bytes,     399104 total
- age   2:     172848 bytes,     571952 total
- age   3:     105192 bytes,     677144 total
- age   4:      91568 bytes,     768712 total
: 16520K->758K(18624K), 0.0014903 secs] 33271K->17512K(83392K), 0.0015922 secs] [Times: user=0.00 sys=0.01, real=0.00 secs] 
58.285: [GC 58.285: [ParNew
Desired survivor size 1343488 bytes, new threshold 4 (max 4)
- age   1:     251632 bytes,     251632 total
- age   2:      78368 bytes,     330000 total
- age   3:     172848 bytes,     502848 total
- age   4:     105192 bytes,     608040 total
: 16738K->598K(18624K), 0.0020570 secs] 33492K->17359K(83392K), 0.0021549 secs] [Times: user=0.00 sys=0.00, real=0.00 secs] 
58.302: [GC 58.302: [ParNew
Desired survivor size 1343488 bytes, new threshold 4 (max 4)
- age   1:     709784 bytes,     709784 total
: 16594K->695K(18624K), 0.0015322 secs] 33355K->17536K(83392K), 0.0016201 secs] [Times: user=0.00 sys=0.00, real=0.01 secs] 
58.316: [GC 58.317: [ParNew
Desired survivor size 1343488 bytes, new threshold 4 (max 4)
- age   1:     417872 bytes,     417872 total
- age   2:      82200 bytes,     500072 total
: 16624K->490K(18624K), 0.0012383 secs] 33465K->17331K(83392K), 0.0013338 secs] [Times: user=0.00 sys=0.00, real=0.00 secs] 
58.330: [GC 58.330: [ParNew
Desired survivor size 1343488 bytes, new threshold 4 (max 4)
- age   1:     698664 bytes,     698664 total
- age   2:      85840 bytes,     784504 total
- age   3:        704 bytes,     785208 total
: 16465K->769K(18624K), 0.0016726 secs] 33306K->17609K(83392K), 0.0017845 secs] [Times: user=0.00 sys=0.00, real=0.00 secs] 
58.345: [GC 58.345: [ParNew
Desired survivor size 1343488 bytes, new threshold 4 (max 4)
- age   1:     785080 bytes,     785080 total
- age   2:     162968 bytes,     948048 total
- age   3:        704 bytes,     948752 total
- age   4:        704 bytes,     949456 total
: 16733K->930K(18624K), 0.0013993 secs] 33574K->17771K(83392K), 0.0014850 secs] [Times: user=0.00 sys=0.00, real=0.00 secs] 
58.364: [GC 58.364: [ParNew
Desired survivor size 1343488 bytes, new threshold 4 (max 4)
- age   1:     551544 bytes,     551544 total
- age   2:      68664 bytes,     620208 total
- age   3:     162968 bytes,     783176 total
- age   4:        704 bytes,     783880 total
: 16929K->767K(18624K), 0.0012538 secs] 33770K->17608K(83392K), 0.0013322 secs] [Times: user=0.00 sys=0.00, real=0.00 secs] 
58.377: [GC 58.377: [ParNew
Desired survivor size 1343488 bytes, new threshold 4 (max 4)
- age   1:     346616 bytes,     346616 total
- age   2:     273624 bytes,     620240 total
- age   3:       3328 bytes,     623568 total
- age   4:     162968 bytes,     786536 total
: 16742K->774K(18624K), 0.0020329 secs] 33583K->17616K(83392K), 0.0021226 secs] [Times: user=0.00 sys=0.00, real=0.00 secs] 
58.395: [GC 58.395: [ParNew
Desired survivor size 1343488 bytes, new threshold 4 (max 4)
- age   1:     171760 bytes,     171760 total
- age   2:     280304 bytes,     452064 total
- age   3:     100792 bytes,     552856 total
- age   4:       3328 bytes,     556184 total
: 16774K->548K(18624K), 0.0020723 secs] 33615K->17549K(83392K), 0.0022015 secs] [Times: user=0.01 sys=0.00, real=0.00 secs] 
58.411: [GC 58.411: [ParNew
Desired survivor size 1343488 bytes, new threshold 4 (max 4)
- age   1:     460912 bytes,     460912 total
- age   2:       7128 bytes,     468040 total
- age   3:       4424 bytes,     472464 total
- age   4:      14504 bytes,     486968 total
: 16506K->496K(18624K), 0.0013342 secs] 33506K->17500K(83392K), 0.0014196 secs] [Times: user=0.00 sys=0.00, real=0.00 secs] 
58.424: [GC 58.424: [ParNew
Desired survivor size 1343488 bytes, new threshold 4 (max 4)
- age   1:     201544 bytes,     201544 total
- age   3:       7128 bytes,     208672 total
- age   4:       4424 bytes,     213096 total
: 16484K->219K(18624K), 0.0015634 secs] 33488K->17237K(83392K), 0.0016460 secs] [Times: user=0.00 sys=0.00, real=0.00 secs] 
58.440: [GC 58.441: [ParNew
Desired survivor size 1343488 bytes, new threshold 4 (max 4)
- age   1:     295816 bytes,     295816 total
- age   2:       3240 bytes,     299056 total
- age   4:       5960 bytes,     305016 total
: 16179K->302K(18624K), 0.0010376 secs] 33197K->17324K(83392K), 0.0011567 secs] [Times: user=0.00 sys=0.00, real=0.00 secs] 
58.455: [GC 58.455: [ParNew
Desired survivor size 1343488 bytes, new threshold 4 (max 4)
- age   1:     167232 bytes,     167232 total
- age   2:      11408 bytes,     178640 total
- age   3:       1784 bytes,     180424 total
: 16264K->191K(18624K), 0.0020840 secs] 33286K->17219K(83392K), 0.0021874 secs] [Times: user=0.00 sys=0.00, real=0.00 secs] 
58.469: [GC 58.469: [ParNew
Desired survivor size 1343488 bytes, new threshold 4 (max 4)
- age   1:     284968 bytes,     284968 total
- age   3:       8952 bytes,     293920 total
- age   4:       1784 bytes,     295704 total
: 16191K->294K(18624K), 0.0011554 secs] 33219K->17322K(83392K), 0.0012266 secs] [Times: user=0.01 sys=0.00, real=0.00 secs] 
58.483: [GC 58.483: [ParNew
Desired survivor size 1343488 bytes, new threshold 4 (max 4)
- age   1:     394568 bytes,     394568 total
- age   2:       5944 bytes,     400512 total
- age   4:       8952 bytes,     409464 total
: 16294K->406K(18624K), 0.0022832 secs] 33322K->17435K(83392K), 0.0023798 secs] [Times: user=0.01 sys=0.00, real=0.00 secs] 
58.500: [GC 58.500: [ParNew
Desired survivor size 1343488 bytes, new threshold 4 (max 4)
- age   1:     140984 bytes,     140984 total
- age   2:     304872 bytes,     445856 total
- age   3:       5864 bytes,     451720 total
: 16404K->443K(18624K), 0.0015619 secs] 33433K->17479K(83392K), 0.0016671 secs] [Times: user=0.00 sys=0.00, real=0.00 secs] 
58.515: [GC 58.515: [ParNew
Desired survivor size 1343488 bytes, new threshold 4 (max 4)
- age   1:     265216 bytes,     265216 total
- age   2:     140984 bytes,     406200 total
- age   3:        568 bytes,     406768 total
- age   4:       5864 bytes,     412632 total
: 16441K->416K(18624K), 0.0012708 secs] 33477K->17453K(83392K), 0.0013552 secs] [Times: user=0.01 sys=0.00, real=0.00 secs] 
58.528: [GC 58.528: [ParNew
Desired survivor size 1343488 bytes, new threshold 4 (max 4)
- age   1:     194712 bytes,     194712 total
- age   2:     194656 bytes,     389368 total
- age   3:     138840 bytes,     528208 total
- age   4:        568 bytes,     528776 total
: 16405K->523K(18624K), 0.0021649 secs] 33441K->17565K(83392K), 0.0022822 secs] [Times: user=0.01 sys=0.00, real=0.00 secs] 
58.542: [GC 58.542: [ParNew
Desired survivor size 1343488 bytes, new threshold 4 (max 4)
- age   1:     229520 bytes,     229520 total
- age   2:      45624 bytes,     275144 total
- age   3:      74952 bytes,     350096 total
- age   4:      78944 bytes,     429040 total
: 16512K->432K(18624K), 0.0026473 secs] 33554K->17474K(83392K), 0.0027533 secs] [Times: user=0.01 sys=0.00, real=0.01 secs] 
58.555: [GC 58.555: [ParNew
Desired survivor size 1343488 bytes, new threshold 4 (max 4)
- age   1:      96456 bytes,      96456 total
- age   2:     176288 bytes,     272744 total
- age   4:      74952 bytes,     347696 total
: 16429K->353K(18624K), 0.0012700 secs] 33471K->17473K(83392K), 0.0013594 secs] [Times: user=0.01 sys=0.00, real=0.00 secs] 
58.569: [GC 58.569: [ParNew
Desired survivor size 1343488 bytes, new threshold 4 (max 4)
- age   1:     191432 bytes,     191432 total
- age   3:     176288 bytes,     367720 total
: 16341K->362K(18624K), 0.0013904 secs] 33461K->17555K(83392K), 0.0014641 secs] [Times: user=0.00 sys=0.00, real=0.00 secs] 
58.583: [GC 58.583: [ParNew
Desired survivor size 1343488 bytes, new threshold 4 (max 4)
- age   1:     443328 bytes,     443328 total
- age   2:     111456 bytes,     554784 total
: 16354K->543K(18624K), 0.0012035 secs] 33547K->17736K(83392K), 0.0012922 secs] [Times: user=0.00 sys=0.00, real=0.00 secs] 
58.595: [GC 58.595: [ParNew
Desired survivor size 1343488 bytes, new threshold 4 (max 4)
- age   1:     156904 bytes,     156904 total
- age   2:     271232 bytes,     428136 total
- age   3:     111456 bytes,     539592 total
: 16540K->528K(18624K), 0.0012857 secs] 33733K->17721K(83392K), 0.0014277 secs] [Times: user=0.00 sys=0.00, real=0.00 secs] 
58.611: [GC 58.611: [ParNew
Desired survivor size 1343488 bytes, new threshold 4 (max 4)
- age   1:     748848 bytes,     748848 total
- age   4:      33240 bytes,     782088 total
: 16516K->765K(18624K), 0.0011151 secs] 33709K->17958K(83392K), 0.0011904 secs] [Times: user=0.00 sys=0.00, real=0.00 secs] 
58.623: [GC 58.623: [ParNew
Desired survivor size 1343488 bytes, new threshold 4 (max 4)
- age   1:     222744 bytes,     222744 total
- age   2:     471768 bytes,     694512 total
: 16677K->679K(18624K), 0.0019470 secs] 33870K->17905K(83392K), 0.0020396 secs] [Times: user=0.00 sys=0.00, real=0.00 secs] 
58.637: [GC 58.637: [ParNew
Desired survivor size 1343488 bytes, new threshold 4 (max 4)
- age   1:     348368 bytes,     348368 total
- age   2:      67872 bytes,     416240 total
- age   3:     268208 bytes,     684448 total
: 16659K->671K(18624K), 0.0013485 secs] 33884K->17897K(83392K), 0.0014298 secs] [Times: user=0.00 sys=0.00, real=0.00 secs] 
58.650: [GC 58.650: [ParNew
Desired survivor size 1343488 bytes, new threshold 4 (max 4)
- age   1:     389016 bytes,     389016 total
- age   2:      87144 bytes,     476160 total
- age   3:      67872 bytes,     544032 total
- age   4:     128224 bytes,     672256 total
: 16662K->658K(18624K), 0.0014646 secs] 33888K->17883K(83392K), 0.0015533 secs] [Times: user=0.00 sys=0.00, real=0.00 secs] 
58.664: [GC 58.664: [ParNew
Desired survivor size 1343488 bytes, new threshold 4 (max 4)
- age   1:     390128 bytes,     390128 total
- age   2:     311560 bytes,     701688 total
- age   3:      46216 bytes,     747904 total
: 16631K->731K(18624K), 0.0017748 secs] 33856K->18082K(83392K), 0.0019517 secs] [Times: user=0.00 sys=0.00, real=0.00 secs] 
58.677: [GC 58.677: [ParNew
Desired survivor size 1343488 bytes, new threshold 4 (max 4)
- age   1:     543616 bytes,     543616 total
- age   2:      90328 bytes,     633944 total
- age   3:     311560 bytes,     945504 total
: 16689K->927K(18624K), 0.0013745 secs] 34040K->18277K(83392K), 0.0014686 secs] [Times: user=0.01 sys=0.00, real=0.00 secs] 
58.691: [GC 58.691: [ParNew
Desired survivor size 1343488 bytes, new threshold 4 (max 4)
- age   1:     439136 bytes,     439136 total
- age   2:     393080 bytes,     832216 total
- age   4:     131672 bytes,     963888 total
: 16915K->945K(18624K), 0.0014837 secs] 34266K->18295K(83392K), 0.0015749 secs] [Times: user=0.01 sys=0.00, real=0.01 secs] 
58.703: [GC 58.704: [ParNew
Desired survivor size 1343488 bytes, new threshold 4 (max 4)
- age   1:     355264 bytes,     355264 total
- age   2:     297808 bytes,     653072 total
- age   3:     393080 bytes,    1046152 total
: 16916K->1025K(18624K), 0.0018821 secs] 34267K->18504K(83392K), 0.0019810 secs] [Times: user=0.00 sys=0.00, real=0.00 secs] 
58.717: [GC 58.717: [ParNew
Desired survivor size 1343488 bytes, new threshold 4 (max 4)
- age   1:     505976 bytes,     505976 total
- age   2:     306896 bytes,     812872 total
- age   4:     393080 bytes,    1205952 total
: 17005K->1181K(18624K), 0.0019059 secs] 34484K->18660K(83392K), 0.0020006 secs] [Times: user=0.00 sys=0.00, real=0.00 secs] 
58.732: [GC 58.732: [ParNew
Desired survivor size 1343488 bytes, new threshold 4 (max 4)
- age   1:     655376 bytes,     655376 total
- age   3:     192368 bytes,     847744 total
: 17170K->831K(18624K), 0.0016734 secs] 34649K->18310K(83392K), 0.0017843 secs] [Times: user=0.00 sys=0.00, real=0.01 secs] 
58.745: [GC 58.745: [ParNew
Desired survivor size 1343488 bytes, new threshold 4 (max 4)
- age   1:     561192 bytes,     561192 total
- age   2:     520272 bytes,    1081464 total
- age   4:      57328 bytes,    1138792 total
: 16827K->1115K(18624K), 0.0017886 secs] 34306K->18594K(83392K), 0.0018929 secs] [Times: user=0.00 sys=0.00, real=0.00 secs] 
58.760: [GC 58.760: [ParNew
Desired survivor size 1343488 bytes, new threshold 4 (max 4)
- age   1:     330192 bytes,     330192 total
- age   2:     140728 bytes,     470920 total
- age   3:     272680 bytes,     743600 total
: 17108K->729K(18624K), 0.0012226 secs] 34587K->18208K(83392K), 0.0013692 secs] [Times: user=0.01 sys=0.00, real=0.00 secs] 
58.772: [GC 58.772: [ParNew
Desired survivor size 1343488 bytes, new threshold 4 (max 4)
- age   1:     627208 bytes,     627208 total
- age   2:     151848 bytes,     779056 total
- age   4:     272680 bytes,    1051736 total
: 16687K->1030K(18624K), 0.0017488 secs] 34166K->18509K(83392K), 0.0018505 secs] [Times: user=0.01 sys=0.00, real=0.00 secs] 
58.786: [GC 58.786: [ParNew
Desired survivor size 1343488 bytes, new threshold 4 (max 4)
- age   1:     210392 bytes,     210392 total
- age   2:     132000 bytes,     342392 total
- age   3:     151848 bytes,     494240 total
: 16998K->485K(18624K), 0.0020776 secs] 34477K->18231K(83392K), 0.0021945 secs] [Times: user=0.00 sys=0.00, real=0.00 secs] 
58.799: [GC 58.799: [ParNew
Desired survivor size 1343488 bytes, new threshold 4 (max 4)
- age   1:     392776 bytes,     392776 total
- age   2:      63472 bytes,     456248 total
- age   3:        288 bytes,     456536 total
- age   4:     151848 bytes,     608384 total
: 16447K->597K(18624K), 0.0013729 secs] 34192K->18342K(83392K), 0.0014649 secs] [Times: user=0.00 sys=0.00, real=0.00 secs] 
58.812: [GC 58.812: [ParNew
Desired survivor size 1343488 bytes, new threshold 4 (max 4)
- age   1:     217904 bytes,     217904 total
- age   2:      67488 bytes,     285392 total
- age   3:      63472 bytes,     348864 total
- age   4:        288 bytes,     349152 total
: 16547K->344K(18624K), 0.0015088 secs] 34293K->18237K(83392K), 0.0016235 secs] [Times: user=0.00 sys=0.00, real=0.00 secs] 
58.825: [GC 58.825: [ParNew
Desired survivor size 1343488 bytes, new threshold 4 (max 4)
- age   1:     603712 bytes,     603712 total
- age   2:     160160 bytes,     763872 total
- age   3:      67488 bytes,     831360 total
- age   4:      63472 bytes,     894832 total
: 16323K->877K(18624K), 0.0018153 secs] 34216K->18771K(83392K), 0.0019278 secs] [Times: user=0.00 sys=0.00, real=0.00 secs] 
58.840: [GC 58.840: [ParNew
Desired survivor size 1343488 bytes, new threshold 4 (max 4)
- age   1:     398200 bytes,     398200 total
- age   2:     277712 bytes,     675912 total
- age   3:         32 bytes,     675944 total
: 16870K->661K(18624K), 0.0016039 secs] 34764K->18617K(83392K), 0.0016809 secs] [Times: user=0.00 sys=0.00, real=0.00 secs] 
58.852: [GC 58.852: [ParNew
Desired survivor size 1343488 bytes, new threshold 4 (max 4)
- age   1:     342296 bytes,     342296 total
- age   2:     254184 bytes,     596480 total
- age   3:     277712 bytes,     874192 total
- age   4:         32 bytes,     874224 total
: 16598K->857K(18624K), 0.0016414 secs] 34554K->18813K(83392K), 0.0017427 secs] [Times: user=0.01 sys=0.00, real=0.00 secs] 
58.873: [GC 58.873: [ParNew
Desired survivor size 1343488 bytes, new threshold 4 (max 4)
- age   1:     315088 bytes,     315088 total
- age   2:     195752 bytes,     510840 total
- age   3:      81528 bytes,     592368 total
- age   4:     277712 bytes,     870080 total
: 16827K->851K(18624K), 0.0014826 secs] 34782K->18807K(83392K), 0.0015662 secs] [Times: user=0.00 sys=0.00, real=0.00 secs] 
58.892: [GC 58.892: [ParNew
Desired survivor size 1343488 bytes, new threshold 4 (max 4)
- age   1:     629136 bytes,     629136 total
- age   2:       2576 bytes,     631712 total
- age   3:     195752 bytes,     827464 total
: 16802K->810K(18624K), 0.0019669 secs] 34758K->18920K(83392K), 0.0020591 secs] [Times: user=0.00 sys=0.00, real=0.01 secs] 
58.906: [GC 58.906: [ParNew
Desired survivor size 1343488 bytes, new threshold 4 (max 4)
- age   1:     430320 bytes,     430320 total
- age   2:     290216 bytes,     720536 total
- age   3:       2576 bytes,     723112 total
- age   4:     126576 bytes,     849688 total
: 16648K->837K(18624K), 0.0017362 secs] 34758K->18947K(83392K), 0.0018353 secs] [Times: user=0.00 sys=0.00, real=0.00 secs] 
58.919: [GC 58.919: [ParNew
Desired survivor size 1343488 bytes, new threshold 4 (max 4)
- age   1:     380096 bytes,     380096 total
- age   2:     345600 bytes,     725696 total
- age   3:     180560 bytes,     906256 total
- age   4:       2576 bytes,     908832 total
: 16804K->895K(18624K), 0.0016003 secs] 34915K->19129K(83392K), 0.0017399 secs] [Times: user=0.00 sys=0.00, real=0.00 secs] 
58.934: [GC 58.934: [ParNew
Desired survivor size 1343488 bytes, new threshold 4 (max 4)
- age   1:     235400 bytes,     235400 total
- age   2:      53160 bytes,     288560 total
- age   3:     224880 bytes,     513440 total
- age   4:      18848 bytes,     532288 total
: 16895K->522K(18624K), 0.0025990 secs] 35129K->18759K(83392K), 0.0027313 secs] [Times: user=0.01 sys=0.00, real=0.00 secs] 
58.949: [GC 58.949: [ParNew
Desired survivor size 1343488 bytes, new threshold 4 (max 4)
- age   1:     494520 bytes,     494520 total
- age   2:     139080 bytes,     633600 total
- age   3:      53160 bytes,     686760 total
: 16516K->688K(18624K), 0.0015237 secs] 34753K->18943K(83392K), 0.0016173 secs] [Times: user=0.01 sys=0.00, real=0.00 secs] 
58.963: [GC 58.964: [ParNew
Desired survivor size 1343488 bytes, new threshold 4 (max 4)
- age   1:     320424 bytes,     320424 total
- age   2:     338624 bytes,     659048 total
- age   3:        704 bytes,     659752 total
: 16664K->645K(18624K), 0.0015686 secs] 34920K->18900K(83392K), 0.0016654 secs] [Times: user=0.00 sys=0.00, real=0.00 secs] 
58.976: [GC 58.976: [ParNew
Desired survivor size 1343488 bytes, new threshold 4 (max 4)
- age   1:     560216 bytes,     560216 total
- age   2:     238776 bytes,     798992 total
- age   4:        704 bytes,     799696 total
: 16606K->783K(18624K), 0.0021095 secs] 34861K->19039K(83392K), 0.0022464 secs] [Times: user=0.00 sys=0.00, real=0.00 secs] 
58.991: [GC 58.991: [ParNew
Desired survivor size 1343488 bytes, new threshold 4 (max 4)
- age   1:     749952 bytes,     749952 total
- age   2:      70936 bytes,     820888 total
: 16755K->805K(18624K), 0.0013867 secs] 35010K->19061K(83392K), 0.0014829 secs] [Times: user=0.00 sys=0.00, real=0.01 secs] 
59.005: [GC 59.005: [ParNew
Desired survivor size 1343488 bytes, new threshold 4 (max 4)
- age   1:     229952 bytes,     229952 total
- age   2:     423112 bytes,     653064 total
: 16708K->641K(18624K), 0.0013120 secs] 34964K->18897K(83392K), 0.0014066 secs] [Times: user=0.00 sys=0.00, real=0.00 secs] 
59.022: [GC 59.022: [ParNew
Desired survivor size 1343488 bytes, new threshold 4 (max 4)
- age   1:     351616 bytes,     351616 total
- age   2:      61888 bytes,     413504 total
- age   3:      77440 bytes,     490944 total
: 16493K->481K(18624K), 0.0013343 secs] 34749K->18737K(83392K), 0.0014067 secs] [Times: user=0.00 sys=0.00, real=0.01 secs] 
59.043: [GC 59.043: [ParNew
Desired survivor size 1343488 bytes, new threshold 4 (max 4)
- age   1:     382520 bytes,     382520 total
- age   2:       2648 bytes,     385168 total
: 16481K->379K(18624K), 0.0009855 secs] 34737K->18635K(83392K), 0.0010695 secs] [Times: user=0.00 sys=0.00, real=0.00 secs] 
59.055: [GC 59.055: [ParNew
Desired survivor size 1343488 bytes, new threshold 4 (max 4)
- age   1:     396512 bytes,     396512 total
- age   2:      89848 bytes,     486360 total
- age   3:       2648 bytes,     489008 total
: 16358K->481K(18624K), 0.0017459 secs] 34614K->18737K(83392K), 0.0018256 secs] [Times: user=0.00 sys=0.00, real=0.00 secs] 
59.071: [GC 59.071: [ParNew
Desired survivor size 1343488 bytes, new threshold 4 (max 4)
- age   1:     287032 bytes,     287032 total
- age   2:      35632 bytes,     322664 total
- age   3:      89736 bytes,     412400 total
- age   4:       2648 bytes,     415048 total
: 16469K->414K(18624K), 0.0011343 secs] 34725K->18670K(83392K), 0.0012280 secs] [Times: user=0.00 sys=0.00, real=0.00 secs] 
59.083: [GC 59.084: [ParNew
Desired survivor size 1343488 bytes, new threshold 4 (max 4)
- age   1:     300320 bytes,     300320 total
- age   2:     215704 bytes,     516024 total
- age   3:      35632 bytes,     551656 total
- age   4:      11752 bytes,     563408 total
: 16383K->561K(18624K), 0.0022421 secs] 34639K->18819K(83392K), 0.0024073 secs] [Times: user=0.00 sys=0.00, real=0.00 secs] 
59.097: [GC 59.097: [ParNew
Desired survivor size 1343488 bytes, new threshold 4 (max 4)
- age   1:     143016 bytes,     143016 total
- age   2:     259168 bytes,     402184 total
- age   3:      92312 bytes,     494496 total
- age   4:      35632 bytes,     530128 total
: 16561K->528K(18624K), 0.0012715 secs] 34819K->18798K(83392K), 0.0013654 secs] [Times: user=0.00 sys=0.00, real=0.00 secs] 
59.112: [GC 59.112: [ParNew
Desired survivor size 1343488 bytes, new threshold 4 (max 4)
- age   1:     389744 bytes,     389744 total
- age   2:      95624 bytes,     485368 total
- age   3:      25312 bytes,     510680 total
- age   4:      92312 bytes,     602992 total
: 16528K->593K(18624K), 0.0012229 secs] 34798K->18864K(83392K), 0.0013390 secs] [Times: user=0.01 sys=0.00, real=0.01 secs] 
59.125: [GC 59.125: [ParNew
Desired survivor size 1343488 bytes, new threshold 4 (max 4)
- age   1:     435712 bytes,     435712 total
- age   2:      41480 bytes,     477192 total
- age   3:        528 bytes,     477720 total
- age   4:      25312 bytes,     503032 total
: 16550K->500K(18624K), 0.0013613 secs] 34821K->18861K(83392K), 0.0014698 secs] [Times: user=0.00 sys=0.00, real=0.00 secs] 
59.139: [GC 59.140: [ParNew
Desired survivor size 1343488 bytes, new threshold 4 (max 4)
- age   1:     482080 bytes,     482080 total
- age   2:       7384 bytes,     489464 total
- age   3:      41480 bytes,     530944 total
- age   4:        528 bytes,     531472 total
: 16496K->524K(18624K), 0.0017294 secs] 34857K->18910K(83392K), 0.0018045 secs] [Times: user=0.00 sys=0.00, real=0.00 secs] 
59.155: [GC 59.155: [ParNew
Desired survivor size 1343488 bytes, new threshold 4 (max 4)
- age   1:     528080 bytes,     528080 total
- age   2:      57312 bytes,     585392 total
- age   3:       7384 bytes,     592776 total
- age   4:      41480 bytes,     634256 total
: 16462K->623K(18624K), 0.0020935 secs] 34848K->19010K(83392K), 0.0021886 secs] [Times: user=0.00 sys=0.00, real=0.00 secs] 
59.170: [GC 59.170: [ParNew
Desired survivor size 1343488 bytes, new threshold 4 (max 4)
- age   1:     240944 bytes,     240944 total
- age   2:     235744 bytes,     476688 total
- age   4:       7384 bytes,     484072 total
: 16597K->479K(18624K), 0.0011447 secs] 34984K->18868K(83392K), 0.0012849 secs] [Times: user=0.00 sys=0.00, real=0.00 secs] 
59.186: [GC 59.186: [ParNew
Desired survivor size 1343488 bytes, new threshold 4 (max 4)
- age   1:     277672 bytes,     277672 total
- age   2:     115536 bytes,     393208 total
- age   3:     149280 bytes,     542488 total
: 16455K->534K(18624K), 0.0013675 secs] 34844K->18930K(83392K), 0.0014716 secs] [Times: user=0.00 sys=0.00, real=0.00 secs] 
59.200: [GC 59.200: [ParNew
Desired survivor size 1343488 bytes, new threshold 4 (max 4)
- age   1:     214128 bytes,     214128 total
- age   2:      86824 bytes,     300952 total
- age   3:     115536 bytes,     416488 total
- age   4:      50528 bytes,     467016 total
: 16428K->457K(18624K), 0.0010321 secs] 34824K->18854K(83392K), 0.0011145 secs] [Times: user=0.00 sys=0.00, real=0.00 secs] 
59.217: [GC 59.217: [ParNew
Desired survivor size 1343488 bytes, new threshold 4 (max 4)
- age   1:     438048 bytes,     438048 total
- age   2:      54256 bytes,     492304 total
- age   3:       2240 bytes,     494544 total
- age   4:        704 bytes,     495248 total
: 16431K->485K(18624K), 0.0011423 secs] 34828K->18931K(83392K), 0.0012255 secs] [Times: user=0.00 sys=0.00, real=0.00 secs] 
59.231: [GC 59.231: [ParNew
Desired survivor size 1343488 bytes, new threshold 4 (max 4)
- age   1:     472224 bytes,     472224 total
- age   2:     116912 bytes,     589136 total
- age   3:       1720 bytes,     590856 total
- age   4:       2128 bytes,     592984 total
: 16397K->583K(18624K), 0.0014710 secs] 34843K->19029K(83392K), 0.0015681 secs] [Times: user=0.00 sys=0.00, real=0.01 secs] 
59.245: [GC 59.245: [ParNew
Desired survivor size 1343488 bytes, new threshold 4 (max 4)
- age   1:     352000 bytes,     352000 total
- age   2:     381400 bytes,     733400 total
- age   4:       1720 bytes,     735120 total
: 16583K->723K(18624K), 0.0012021 secs] 35029K->19172K(83392K), 0.0013409 secs] [Times: user=0.00 sys=0.00, real=0.00 secs] 
59.257: [GC 59.257: [ParNew
Desired survivor size 1343488 bytes, new threshold 4 (max 4)
- age   1:     203832 bytes,     203832 total
- age   2:     301400 bytes,     505232 total
- age   3:     128112 bytes,     633344 total
: 16708K->624K(18624K), 0.0015412 secs] 35156K->19074K(83392K), 0.0016394 secs] [Times: user=0.01 sys=0.00, real=0.00 secs] 
59.270: [GC 59.270: [ParNew
Desired survivor size 1343488 bytes, new threshold 4 (max 4)
- age   1:     367704 bytes,     367704 total
- age   2:      54408 bytes,     422112 total
- age   4:     128112 bytes,     550224 total
: 16603K->540K(18624K), 0.0013022 secs] 35053K->18990K(83392K), 0.0014010 secs] [Times: user=0.01 sys=0.01, real=0.00 secs] 
59.282: [GC 59.283: [ParNew
Desired survivor size 1343488 bytes, new threshold 4 (max 4)
- age   1:     360224 bytes,     360224 total
- age   2:      89784 bytes,     450008 total
- age   3:      54376 bytes,     504384 total
: 16499K->498K(18624K), 0.0013915 secs] 34950K->19074K(83392K), 0.0014817 secs] [Times: user=0.00 sys=0.00, real=0.00 secs] 
59.296: [GC 59.296: [ParNew
Desired survivor size 1343488 bytes, new threshold 4 (max 4)
- age   1:     739464 bytes,     739464 total
- age   4:      54376 bytes,     793840 total
: 16479K->776K(18624K), 0.0020131 secs] 35054K->19352K(83392K), 0.0021288 secs] [Times: user=0.00 sys=0.00, real=0.00 secs] 
59.309: [GC 59.309: [ParNew
Desired survivor size 1343488 bytes, new threshold 4 (max 4)
- age   1:     410904 bytes,     410904 total
- age   2:     189872 bytes,     600776 total
: 16738K->590K(18624K), 0.0013531 secs] 35313K->19218K(83392K), 0.0014491 secs] [Times: user=0.00 sys=0.00, real=0.00 secs] 
59.322: [GC 59.323: [ParNew
Desired survivor size 1343488 bytes, new threshold 4 (max 4)
- age   1:     567384 bytes,     567384 total
- age   2:     243344 bytes,     810728 total
: 16559K->795K(18624K), 0.0014607 secs] 35188K->19423K(83392K), 0.0015446 secs] [Times: user=0.00 sys=0.00, real=0.00 secs] 
59.336: [GC 59.337: [ParNew
Desired survivor size 1343488 bytes, new threshold 4 (max 4)
- age   1:     435704 bytes,     435704 total
- age   2:     171720 bytes,     607424 total
: 16763K->594K(18624K), 0.0019921 secs] 35391K->19223K(83392K), 0.0020847 secs] [Times: user=0.00 sys=0.00, real=0.00 secs] 
59.349: [GC 59.349: [ParNew
Desired survivor size 1343488 bytes, new threshold 4 (max 4)
- age   1:     532808 bytes,     532808 total
- age   2:     185048 bytes,     717856 total
- age   3:     108392 bytes,     826248 total
: 16570K->810K(18624K), 0.0014919 secs] 35198K->19439K(83392K), 0.0015962 secs] [Times: user=0.01 sys=0.00, real=0.00 secs] 
59.362: [GC 59.362: [ParNew
Desired survivor size 1343488 bytes, new threshold 4 (max 4)
- age   1:     778064 bytes,     778064 total
- age   2:         40 bytes,     778104 total
- age   4:     108392 bytes,     886496 total
: 16758K->869K(18624K), 0.0014197 secs] 35387K->19497K(83392K), 0.0015069 secs] [Times: user=0.01 sys=0.00, real=0.01 secs] 
59.376: [GC 59.376: [ParNew
Desired survivor size 1343488 bytes, new threshold 4 (max 4)
- age   1:     132928 bytes,     132928 total
- age   2:     416888 bytes,     549816 total
- age   3:         40 bytes,     549856 total
: 16849K->540K(18624K), 0.0013662 secs] 35478K->19274K(83392K), 0.0014904 secs] [Times: user=0.00 sys=0.00, real=0.00 secs] 
59.389: [GC 59.389: [ParNew
Desired survivor size 1343488 bytes, new threshold 4 (max 4)
- age   1:     672560 bytes,     672560 total
- age   2:      61424 bytes,     733984 total
: 16535K->720K(18624K), 0.0011533 secs] 35269K->19454K(83392K), 0.0012319 secs] [Times: user=0.00 sys=0.00, real=0.00 secs] 
59.403: [GC 59.403: [ParNew
Desired survivor size 1343488 bytes, new threshold 4 (max 4)
- age   1:     762392 bytes,     762392 total
- age   2:         32 bytes,     762424 total
: 16712K->748K(18624K), 0.0011926 secs] 35446K->19482K(83392K), 0.0012777 secs] [Times: user=0.00 sys=0.00, real=0.00 secs] 
59.415: [GC 59.416: [ParNew
Desired survivor size 1343488 bytes, new threshold 4 (max 4)
- age   1:     544880 bytes,     544880 total
- age   2:     363328 bytes,     908208 total
- age   3:         32 bytes,     908240 total
: 16733K->890K(18624K), 0.0022044 secs] 35467K->19624K(83392K), 0.0023094 secs] [Times: user=0.00 sys=0.00, real=0.00 secs] 
59.429: [GC 59.429: [ParNew
Desired survivor size 1343488 bytes, new threshold 4 (max 4)
- age   1:     529472 bytes,     529472 total
- age   2:     392224 bytes,     921696 total
: 16858K->903K(18624K), 0.0017560 secs] 35592K->19638K(83392K), 0.0018563 secs] [Times: user=0.01 sys=0.00, real=0.00 secs] 
59.443: [GC 59.443: [ParNew
Desired survivor size 1343488 bytes, new threshold 4 (max 4)
- age   1:     514224 bytes,     514224 total
- age   2:     287264 bytes,     801488 total
- age   3:     126544 bytes,     928032 total
: 16852K->909K(18624K), 0.0014575 secs] 35586K->19644K(83392K), 0.0015710 secs] [Times: user=0.01 sys=0.00, real=0.00 secs] 
59.456: [GC 59.456: [ParNew
Desired survivor size 1343488 bytes, new threshold 4 (max 4)
- age   1:      82528 bytes,      82528 total
- age   2:     272928 bytes,     355456 total
- age   3:     287264 bytes,     642720 total
- age   4:     126544 bytes,     769264 total
: 16897K->754K(18624K), 0.0015996 secs] 35632K->19488K(83392K), 0.0016989 secs] [Times: user=0.00 sys=0.00, real=0.00 secs] 
59.474: [GC 59.474: [ParNew
Desired survivor size 1343488 bytes, new threshold 4 (max 4)
- age   1:     380840 bytes,     380840 total
- age   3:     203032 bytes,     583872 total
: 16710K->572K(18624K), 0.0017814 secs] 35445K->19306K(83392K), 0.0019444 secs] [Times: user=0.00 sys=0.00, real=0.00 secs] 
59.489: [GC 59.489: [ParNew
Desired survivor size 1343488 bytes, new threshold 4 (max 4)
- age   1:     230136 bytes,     230136 total
- age   2:      91184 bytes,     321320 total
- age   4:     139704 bytes,     461024 total
: 16508K->454K(18624K), 0.0018443 secs] 35242K->19188K(83392K), 0.0019277 secs] [Times: user=0.00 sys=0.00, real=0.00 secs] 
59.505: [GC 59.505: [ParNew
Desired survivor size 1343488 bytes, new threshold 4 (max 4)
- age   1:     387896 bytes,     387896 total
- age   2:      89888 bytes,     477784 total
- age   3:       4768 bytes,     482552 total
: 16447K->476K(18624K), 0.0016240 secs] 35181K->19210K(83392K), 0.0017347 secs] [Times: user=0.00 sys=0.00, real=0.00 secs] 
59.518: [GC 59.518: [ParNew
Desired survivor size 1343488 bytes, new threshold 4 (max 4)
- age   1:     488384 bytes,     488384 total
- age   2:      88784 bytes,     577168 total
- age   3:       5864 bytes,     583032 total
- age   4:       4768 bytes,     587800 total
: 16460K->585K(18624K), 0.0018556 secs] 35194K->19319K(83392K), 0.0019559 secs] [Times: user=0.00 sys=0.00, real=0.00 secs] 
59.533: [GC 59.534: [ParNew
Desired survivor size 1343488 bytes, new threshold 4 (max 4)
- age   1:     312272 bytes,     312272 total
- age   2:     252944 bytes,     565216 total
- age   3:       9680 bytes,     574896 total
- age   4:       5864 bytes,     580760 total
: 16585K->570K(18624K), 0.0012313 secs] 35319K->19309K(83392K), 0.0014806 secs] [Times: user=0.01 sys=0.00, real=0.00 secs] 
59.548: [GC 59.548: [ParNew
Desired survivor size 1343488 bytes, new threshold 4 (max 4)
- age   1:     679480 bytes,     679480 total
- age   2:      85056 bytes,     764536 total
- age   4:       1520 bytes,     766056 total
: 16532K->752K(18624K), 0.0012261 secs] 35271K->19497K(83392K), 0.0013072 secs] [Times: user=0.01 sys=0.00, real=0.00 secs] 
59.562: [GC 59.562: [ParNew
Desired survivor size 1343488 bytes, new threshold 4 (max 4)
- age   1:     376208 bytes,     376208 total
- age   2:     427016 bytes,     803224 total
- age   3:       4280 bytes,     807504 total
: 16713K->795K(18624K), 0.0014422 secs] 35458K->19541K(83392K), 0.0015297 secs] [Times: user=0.00 sys=0.00, real=0.01 secs] 
59.580: [GC 59.580: [ParNew
Desired survivor size 1343488 bytes, new threshold 4 (max 4)
- age   1:     394192 bytes,     394192 total
- age   2:     248560 bytes,     642752 total
- age   4:       4280 bytes,     647032 total
: 16791K->634K(18624K), 0.0015426 secs] 35537K->19380K(83392K), 0.0016775 secs] [Times: user=0.00 sys=0.00, real=0.00 secs] 
59.595: [GC 59.595: [ParNew
Desired survivor size 1343488 bytes, new threshold 4 (max 4)
- age   1:     383632 bytes,     383632 total
- age   2:     279328 bytes,     662960 total
- age   3:       5104 bytes,     668064 total
: 16634K->657K(18624K), 0.0019017 secs] 35380K->19407K(83392K), 0.0020046 secs] [Times: user=0.00 sys=0.00, real=0.00 secs] 
59.612: [GC 59.613: [ParNew
Desired survivor size 1343488 bytes, new threshold 4 (max 4)
- age   1:      95496 bytes,      95496 total
- age   2:     334680 bytes,     430176 total
- age   3:      24160 bytes,     454336 total
- age   4:       5104 bytes,     459440 total
: 16657K->451K(18624K), 0.0014288 secs] 35407K->19202K(83392K), 0.0024441 secs] [Times: user=0.00 sys=0.00, real=0.01 secs] 
59.626: [GC 59.627: [ParNew
Desired survivor size 1343488 bytes, new threshold 4 (max 4)
- age   1:     193696 bytes,     193696 total
- age   2:      67088 bytes,     260784 total
- age   3:     169352 bytes,     430136 total
- age   4:       1648 bytes,     431784 total
: 16451K->430K(18624K), 0.0010757 secs] 35202K->19185K(83392K), 0.0011544 secs] [Times: user=0.01 sys=0.00, real=0.00 secs] 
59.640: [GC 59.640: [ParNew
Desired survivor size 1343488 bytes, new threshold 4 (max 4)
- age   1:     230336 bytes,     230336 total
- age   2:     165032 bytes,     395368 total
- age   3:       3864 bytes,     399232 total
- age   4:       7040 bytes,     406272 total
: 16342K->406K(18624K), 0.0011694 secs] 35097K->19163K(83392K), 0.0012716 secs] [Times: user=0.01 sys=0.00, real=0.00 secs] 
59.654: [GC 59.654: [ParNew
Desired survivor size 1343488 bytes, new threshold 4 (max 4)
- age   1:     301696 bytes,     301696 total
- age   2:      76384 bytes,     378080 total
- age   3:       3320 bytes,     381400 total
- age   4:       3752 bytes,     385152 total
: 16383K->386K(18624K), 0.0011023 secs] 35140K->19150K(83392K), 0.0011838 secs] [Times: user=0.00 sys=0.00, real=0.00 secs] 
59.667: [GC 59.667: [ParNew
Desired survivor size 1343488 bytes, new threshold 4 (max 4)
- age   1:     342656 bytes,     342656 total
- age   2:       5824 bytes,     348480 total
- age   4:       3280 bytes,     351760 total
: 16362K->351K(18624K), 0.0010836 secs] 35125K->19118K(83392K), 0.0011677 secs] [Times: user=0.00 sys=0.00, real=0.00 secs] 
59.683: [GC 59.683: [ParNew
Desired survivor size 1343488 bytes, new threshold 4 (max 4)
- age   1:     542008 bytes,     542008 total
- age   3:       5824 bytes,     547832 total
: 16332K->539K(18624K), 0.0013406 secs] 35099K->19310K(83392K), 0.0014283 secs] [Times: user=0.00 sys=0.00, real=0.00 secs] 
59.698: [GC 59.698: [ParNew
Desired survivor size 1343488 bytes, new threshold 4 (max 4)
- age   1:     206480 bytes,     206480 total
- age   2:     377000 bytes,     583480 total
- age   4:       5824 bytes,     589304 total
: 16534K->581K(18624K), 0.0015173 secs] 35304K->19352K(83392K), 0.0016899 secs] [Times: user=0.00 sys=0.00, real=0.00 secs] 
59.714: [GC 59.714: [ParNew
Desired survivor size 1343488 bytes, new threshold 4 (max 4)
- age   1:     132184 bytes,     132184 total
- age   2:     134968 bytes,     267152 total
- age   3:     165736 bytes,     432888 total
: 16581K->433K(18624K), 0.0012479 secs] 35352K->19209K(83392K), 0.0013285 secs] [Times: user=0.00 sys=0.00, real=0.00 secs] 
59.727: [GC 59.727: [ParNew
Desired survivor size 1343488 bytes, new threshold 4 (max 4)
- age   1:     444232 bytes,     444232 total
- age   2:        784 bytes,     445016 total
- age   3:       8304 bytes,     453320 total
- age   4:       2408 bytes,     455728 total
: 16433K->449K(18624K), 0.0010315 secs] 35209K->19225K(83392K), 0.0011222 secs] [Times: user=0.00 sys=0.00, real=0.00 secs] 
59.741: [GC 59.741: [ParNew
Desired survivor size 1343488 bytes, new threshold 4 (max 4)
- age   1:     279856 bytes,     279856 total
- age   2:      85568 bytes,     365424 total
- age   3:        568 bytes,     365992 total
- age   4:       8304 bytes,     374296 total
: 16434K->368K(18624K), 0.0014125 secs] 35210K->19146K(83392K), 0.0016059 secs] [Times: user=0.00 sys=0.00, real=0.01 secs] 
59.755: [GC 59.755: [ParNew
Desired survivor size 1343488 bytes, new threshold 4 (max 4)
- age   1:     286184 bytes,     286184 total
- age   2:     151016 bytes,     437200 total
- age   4:        568 bytes,     437768 total
: 16347K->442K(18624K), 0.0012434 secs] 35126K->19229K(83392K), 0.0013561 secs] [Times: user=0.00 sys=0.00, real=0.00 secs] 
59.768: [GC 59.769: [ParNew
Desired survivor size 1343488 bytes, new threshold 4 (max 4)
- age   1:     212112 bytes,     212112 total
- age   2:     128688 bytes,     340800 total
- age   3:      26392 bytes,     367192 total
: 16417K->365K(18624K), 0.0011063 secs] 35204K->19152K(83392K), 0.0011917 secs] [Times: user=0.00 sys=0.00, real=0.00 secs] 
59.782: [GC 59.782: [ParNew
Desired survivor size 1343488 bytes, new threshold 4 (max 4)
- age   1:     222464 bytes,     222464 total
- age   2:      97512 bytes,     319976 total
- age   3:      38256 bytes,     358232 total
- age   4:      10144 bytes,     368376 total
: 16342K->365K(18624K), 0.0011007 secs] 35130K->19152K(83392K), 0.0012059 secs] [Times: user=0.00 sys=0.00, real=0.01 secs] 
59.794: [GC 59.794: [ParNew
Desired survivor size 1343488 bytes, new threshold 4 (max 4)
- age   1:     300640 bytes,     300640 total
- age   2:        336 bytes,     300976 total
- age   3:      97512 bytes,     398488 total
- age   4:      38256 bytes,     436744 total
: 16361K->436K(18624K), 0.0012171 secs] 35148K->19233K(83392K), 0.0013031 secs] [Times: user=0.00 sys=0.00, real=0.00 secs] 
59.808: [GC 59.808: [ParNew
Desired survivor size 1343488 bytes, new threshold 4 (max 4)
- age   1:     275968 bytes,     275968 total
- age   2:      51792 bytes,     327760 total
- age   3:        336 bytes,     328096 total
- age   4:      52176 bytes,     380272 total
: 16435K->374K(18624K), 0.0011999 secs] 35233K->19171K(83392K), 0.0012843 secs] [Times: user=0.01 sys=0.00, real=0.00 secs] 
59.821: [GC 59.821: [ParNew
Desired survivor size 1343488 bytes, new threshold 4 (max 4)
- age   1:     234960 bytes,     234960 total
- age   2:      70168 bytes,     305128 total
- age   3:      51792 bytes,     356920 total
- age   4:        336 bytes,     357256 total
: 16356K->352K(18624K), 0.0011791 secs] 35153K->19149K(83392K), 0.0012890 secs] [Times: user=0.01 sys=0.00, real=0.00 secs] 
59.834: [GC 59.834: [ParNew
Desired survivor size 1343488 bytes, new threshold 4 (max 4)
- age   1:     335168 bytes,     335168 total
- age   2:      54256 bytes,     389424 total
- age   3:      70080 bytes,     459504 total
: 16322K->452K(18624K), 0.0010908 secs] 35120K->19249K(83392K), 0.0011764 secs] [Times: user=0.00 sys=0.00, real=0.00 secs] 
59.846: [GC 59.847: [ParNew
Desired survivor size 1343488 bytes, new threshold 4 (max 4)
- age   1:     377872 bytes,     377872 total
- age   3:      54256 bytes,     432128 total
: 16448K->425K(18624K), 0.0013209 secs] 35246K->19222K(83392K), 0.0014110 secs] [Times: user=0.00 sys=0.00, real=0.00 secs] 
59.859: [GC 59.859: [ParNew
Desired survivor size 1343488 bytes, new threshold 4 (max 4)
- age   1:     329312 bytes,     329312 total
- age   2:     162088 bytes,     491400 total
: 16399K->483K(18624K), 0.0010584 secs] 35196K->19280K(83392K), 0.0011421 secs] [Times: user=0.00 sys=0.00, real=0.00 secs] 
59.872: [GC 59.872: [ParNew
Desired survivor size 1343488 bytes, new threshold 4 (max 4)
- age   1:     232160 bytes,     232160 total
- age   2:     272832 bytes,     504992 total
: 16431K->496K(18624K), 0.0012116 secs] 35228K->19294K(83392K), 0.0013223 secs] [Times: user=0.00 sys=0.01, real=0.01 secs] 
59.884: [GC 59.885: [ParNew
Desired survivor size 1343488 bytes, new threshold 4 (max 4)
- age   1:     119368 bytes,     119368 total
- age   2:      77208 bytes,     196576 total
- age   3:     272832 bytes,     469408 total
: 16426K->462K(18624K), 0.0019193 secs] 35224K->19259K(83392K), 0.0020071 secs] [Times: user=0.00 sys=0.00, real=0.00 secs] 
59.897: [GC 59.897: [ParNew
Desired survivor size 1343488 bytes, new threshold 4 (max 4)
- age   1:     240152 bytes,     240152 total
- age   2:      54424 bytes,     294576 total
- age   3:      77208 bytes,     371784 total
- age   4:     108776 bytes,     480560 total
: 16419K->472K(18624K), 0.0012133 secs] 35216K->19270K(83392K), 0.0013014 secs] [Times: user=0.00 sys=0.00, real=0.00 secs] 
59.910: [GC 59.910: [ParNew
Desired survivor size 1343488 bytes, new threshold 4 (max 4)
- age   1:     421824 bytes,     421824 total
- age   2:      68208 bytes,     490032 total
- age   3:      54424 bytes,     544456 total
- age   4:      77208 bytes,     621664 total
: 16432K->610K(18624K), 0.0013617 secs] 35229K->19408K(83392K), 0.0014455 secs] [Times: user=0.00 sys=0.00, real=0.00 secs] 
59.924: [GC 59.924: [ParNew
Desired survivor size 1343488 bytes, new threshold 4 (max 4)
- age   1:     381144 bytes,     381144 total
- age   2:     106640 bytes,     487784 total
: 16552K->480K(18624K), 0.0010596 secs] 35349K->19352K(83392K), 0.0011399 secs] [Times: user=0.01 sys=0.00, real=0.00 secs] 
59.936: [GC 59.937: [ParNew
Desired survivor size 1343488 bytes, new threshold 4 (max 4)
- age   1:     544952 bytes,     544952 total
- age   2:     128224 bytes,     673176 total
- age   3:     106640 bytes,     779816 total
: 16436K->765K(18624K), 0.0017538 secs] 35308K->19638K(83392K), 0.0018397 secs] [Times: user=0.01 sys=0.00, real=0.00 secs] 
59.950: [GC 59.950: [ParNew
Desired survivor size 1343488 bytes, new threshold 4 (max 4)
- age   1:     297056 bytes,     297056 total
- age   3:     128224 bytes,     425280 total
- age   4:     106640 bytes,     531920 total
: 16711K->523K(18624K), 0.0014153 secs] 35584K->19396K(83392K), 0.0014997 secs] [Times: user=0.00 sys=0.00, real=0.00 secs] 
59.963: [GC 59.963: [ParNew
Desired survivor size 1343488 bytes, new threshold 4 (max 4)
- age   1:     212696 bytes,     212696 total
- age   2:     159176 bytes,     371872 total
- age   4:     128224 bytes,     500096 total
: 16382K->492K(18624K), 0.0012081 secs] 35255K->19469K(83392K), 0.0013299 secs] [Times: user=0.00 sys=0.00, real=0.00 secs] 
59.977: [GC 59.977: [ParNew
Desired survivor size 1343488 bytes, new threshold 4 (max 4)
- age   1:     748432 bytes,     748432 total
- age   2:     131856 bytes,     880288 total
: 16490K->863K(18624K), 0.0013164 secs] 35467K->19840K(83392K), 0.0014007 secs] [Times: user=0.00 sys=0.00, real=0.00 secs] 
59.991: [GC 59.991: [ParNew
Desired survivor size 1343488 bytes, new threshold 4 (max 4)
- age   1:     702272 bytes,     702272 total
- age   2:     285720 bytes,     987992 total
: 16739K->968K(18624K), 0.0015389 secs] 35716K->19945K(83392K), 0.0016356 secs] [Times: user=0.00 sys=0.00, real=0.01 secs] 
60.005: [GC 60.005: [ParNew
Desired survivor size 1343488 bytes, new threshold 4 (max 4)
- age   1:     290080 bytes,     290080 total
- age   2:     380392 bytes,     670472 total
- age   3:     207440 bytes,     877912 total
: 16927K->860K(18624K), 0.0013490 secs] 35904K->19837K(83392K), 0.0014572 secs] [Times: user=0.00 sys=0.00, real=0.00 secs] 
60.018: [GC 60.018: [ParNew
Desired survivor size 1343488 bytes, new threshold 4 (max 4)
- age   1:     558848 bytes,     558848 total
- age   2:         40 bytes,     558888 total
- age   3:     247544 bytes,     806432 total
- age   4:     207440 bytes,    1013872 total
: 16843K->993K(18624K), 0.0015400 secs] 35820K->19970K(83392K), 0.0016402 secs] [Times: user=0.01 sys=0.01, real=0.00 secs] 
60.034: [GC 60.034: [ParNew
Desired survivor size 1343488 bytes, new threshold 4 (max 4)
- age   1:     709088 bytes,     709088 total
- age   3:         40 bytes,     709128 total
- age   4:     163360 bytes,     872488 total
: 16958K->853K(18624K), 0.0022001 secs] 35934K->20033K(83392K), 0.0022850 secs] [Times: user=0.00 sys=0.00, real=0.00 secs] 
60.049: [GC 60.050: [ParNew
Desired survivor size 1343488 bytes, new threshold 4 (max 4)
- age   1:     322136 bytes,     322136 total
- age   2:     309768 bytes,     631904 total
: 16850K->620K(18624K), 0.0012868 secs] 36029K->19800K(83392K), 0.0014453 secs] [Times: user=0.00 sys=0.00, real=0.00 secs] 
60.062: [GC 60.062: [ParNew
Desired survivor size 1343488 bytes, new threshold 4 (max 4)
- age   1:     505128 bytes,     505128 total
- age   2:      69904 bytes,     575032 total
- age   3:      67504 bytes,     642536 total
: 16476K->631K(18624K), 0.0015123 secs] 35655K->19810K(83392K), 0.0016103 secs] [Times: user=0.00 sys=0.00, real=0.01 secs] 
60.075: [GC 60.075: [ParNew
Desired survivor size 1343488 bytes, new threshold 4 (max 4)
- age   1:     695008 bytes,     695008 total
- age   2:     337712 bytes,    1032720 total
: 16553K->1012K(18624K), 0.0022117 secs] 35732K->20191K(83392K), 0.0023267 secs] [Times: user=0.00 sys=0.00, real=0.00 secs] 
60.095: [GC 60.095: [ParNew
Desired survivor size 1343488 bytes, new threshold 4 (max 4)
- age   1:     646664 bytes,     646664 total
- age   2:     137248 bytes,     783912 total
- age   3:      84544 bytes,     868456 total
: 17012K->849K(18624K), 0.0012468 secs] 36191K->20029K(83392K), 0.0013208 secs] [Times: user=0.01 sys=0.00, real=0.00 secs] 
60.114: [GC 60.114: [ParNew
Desired survivor size 1343488 bytes, new threshold 4 (max 4)
- age   1:     652592 bytes,     652592 total
- age   2:       2920 bytes,     655512 total
: 16849K->641K(18624K), 0.0016274 secs] 36029K->19821K(83392K), 0.0017126 secs] [Times: user=0.00 sys=0.00, real=0.00 secs] 
60.134: [GC 60.134: [ParNew
Desired survivor size 1343488 bytes, new threshold 4 (max 4)
- age   1:     263008 bytes,     263008 total
- age   2:      83144 bytes,     346152 total
- age   3:       2920 bytes,     349072 total
: 16625K->342K(18624K), 0.0027219 secs] 35805K->19521K(83392K), 0.0028161 secs] [Times: user=0.00 sys=0.00, real=0.00 secs] 
60.156: [GC 60.156: [ParNew
Desired survivor size 1343488 bytes, new threshold 4 (max 4)
- age   1:     794288 bytes,     794288 total
- age   2:      11416 bytes,     805704 total
- age   3:       4488 bytes,     810192 total
- age   4:       2920 bytes,     813112 total
: 16339K->797K(18624K), 0.0031739 secs] 35519K->19977K(83392K), 0.0032771 secs] [Times: user=0.00 sys=0.00, real=0.00 secs] 
60.173: [GC 60.173: [ParNew
Desired survivor size 1343488 bytes, new threshold 4 (max 4)
- age   1:      43632 bytes,      43632 total
- age   2:     741536 bytes,     785168 total
- age   3:      11416 bytes,     796584 total
- age   4:       3680 bytes,     800264 total
: 16797K->790K(18624K), 0.0029161 secs] 35977K->19972K(83392K), 0.0030104 secs] [Times: user=0.00 sys=0.00, real=0.00 secs] 
60.193: [GC 60.193: [ParNew
Desired survivor size 1343488 bytes, new threshold 4 (max 4)
- age   1:     212800 bytes,     212800 total
- age   2:       1968 bytes,     214768 total
- age   3:     247544 bytes,     462312 total
- age   4:      11416 bytes,     473728 total
: 16770K->467K(18624K), 0.0030724 secs] 35952K->19653K(83392K), 0.0031756 secs] [Times: user=0.00 sys=0.00, real=0.00 secs] 
60.211: [GC 60.211: [ParNew
Desired survivor size 1343488 bytes, new threshold 4 (max 4)
- age   1:     179360 bytes,     179360 total
- age   2:     159872 bytes,     339232 total
- age   3:        800 bytes,     340032 total
- age   4:     241400 bytes,     581432 total
: 16460K->581K(18624K), 0.0012591 secs] 35646K->19778K(83392K), 0.0013369 secs] [Times: user=0.00 sys=0.00, real=0.01 secs] 
60.223: [GC 60.223: [ParNew
Desired survivor size 1343488 bytes, new threshold 4 (max 4)
- age   1:     550408 bytes,     550408 total
- age   2:       8696 bytes,     559104 total
- age   3:        704 bytes,     559808 total
- age   4:        800 bytes,     560608 total
: 16571K->562K(18624K), 0.0014922 secs] 35768K->19919K(83392K), 0.0015697 secs] [Times: user=0.00 sys=0.00, real=0.00 secs] 
60.236: [GC 60.236: [ParNew
Desired survivor size 1343488 bytes, new threshold 4 (max 4)
- age   1:     288912 bytes,     288912 total
- age   2:      50336 bytes,     339248 total
- age   3:       8736 bytes,     347984 total
- age   4:        704 bytes,     348688 total
: 16510K->341K(18624K), 0.0012504 secs] 35867K->19698K(83392K), 0.0670455 secs] [Times: user=0.00 sys=0.00, real=0.07 secs] 
60.314: [GC 60.314: [ParNew
Desired survivor size 1343488 bytes, new threshold 4 (max 4)
- age   1:     234144 bytes,     234144 total
- age   2:     122800 bytes,     356944 total
- age   4:       9416 bytes,     366360 total
: 16334K->362K(18624K), 0.0010754 secs] 35692K->19720K(83392K), 0.0011549 secs] [Times: user=0.00 sys=0.00, real=0.00 secs] 
60.328: [GC 60.328: [ParNew
Desired survivor size 1343488 bytes, new threshold 4 (max 4)
- age   1:     300264 bytes,     300264 total
- age   2:      30368 bytes,     330632 total
: 16332K->326K(18624K), 0.0026490 secs] 35691K->19693K(83392K), 0.0028056 secs] [Times: user=0.00 sys=0.00, real=0.00 secs] 
60.343: [GC 60.343: [ParNew
Desired survivor size 1343488 bytes, new threshold 4 (max 4)
- age   1:     286504 bytes,     286504 total
- age   2:        704 bytes,     287208 total
: 16307K->281K(18624K), 0.0015799 secs] 35674K->19648K(83392K), 0.0016711 secs] [Times: user=0.00 sys=0.00, real=0.00 secs] 
60.357: [GC 60.357: [ParNew
Desired survivor size 1343488 bytes, new threshold 4 (max 4)
- age   1:     291248 bytes,     291248 total
- age   2:      84120 bytes,     375368 total
- age   3:        704 bytes,     376072 total
: 16261K->370K(18624K), 0.0012328 secs] 35628K->19737K(83392K), 0.0013166 secs] [Times: user=0.00 sys=0.00, real=0.00 secs] 
60.369: [GC 60.370: [ParNew
Desired survivor size 1343488 bytes, new threshold 4 (max 4)
- age   1:     394120 bytes,     394120 total
- age   4:        704 bytes,     394824 total
: 16350K->388K(18624K), 0.0009822 secs] 35717K->19755K(83392K), 0.0010792 secs] [Times: user=0.01 sys=0.00, real=0.00 secs] 
60.382: [GC 60.382: [ParNew
Desired survivor size 1343488 bytes, new threshold 4 (max 4)
- age   1:     130576 bytes,     130576 total
- age   2:     230640 bytes,     361216 total
: 16360K->356K(18624K), 0.0011733 secs] 35727K->19724K(83392K), 0.0012715 secs] [Times: user=0.01 sys=0.00, real=0.01 secs] 
60.396: [GC 60.396: [ParNew
Desired survivor size 1343488 bytes, new threshold 4 (max 4)
- age   1:     595392 bytes,     595392 total
: 16326K->585K(18624K), 0.0013385 secs] 35693K->19952K(83392K), 0.0014282 secs] [Times: user=0.01 sys=0.00, real=0.00 secs] 
60.408: [GC 60.408: [ParNew
Desired survivor size 1343488 bytes, new threshold 4 (max 4)
- age   1:     172904 bytes,     172904 total
- age   2:     312184 bytes,     485088 total
: 16553K->477K(18624K), 0.0013528 secs] 35921K->19845K(83392K), 0.0014404 secs] [Times: user=0.00 sys=0.00, real=0.00 secs] 
60.422: [GC 60.422: [ParNew
Desired survivor size 1343488 bytes, new threshold 4 (max 4)
- age   1:     386672 bytes,     386672 total
- age   2:      84704 bytes,     471376 total
: 16475K->464K(18624K), 0.0011117 secs] 35842K->19831K(83392K), 0.0012067 secs] [Times: user=0.00 sys=0.00, real=0.01 secs] 
60.441: [GC 60.441: [ParNew
Desired survivor size 1343488 bytes, new threshold 4 (max 4)
- age   1:     169424 bytes,     169424 total
: 16369K->167K(18624K), 0.0011751 secs] 35737K->19534K(83392K), 0.0012504 secs] [Times: user=0.00 sys=0.00, real=0.00 secs] 
60.455: [GC 60.455: [ParNew
Desired survivor size 1343488 bytes, new threshold 4 (max 4)
- age   1:     247024 bytes,     247024 total
- age   2:       1752 bytes,     248776 total
: 16167K->243K(18624K), 0.0009647 secs] 35534K->19611K(83392K), 0.0010327 secs] [Times: user=0.00 sys=0.00, real=0.00 secs] 
60.469: [GC 60.469: [ParNew
Desired survivor size 1343488 bytes, new threshold 4 (max 4)
- age   1:     283360 bytes,     283360 total
- age   2:       7568 bytes,     290928 total
- age   3:       1752 bytes,     292680 total
: 16215K->287K(18624K), 0.0010548 secs] 35583K->19655K(83392K), 0.0011383 secs] [Times: user=0.00 sys=0.00, real=0.00 secs] 
60.482: [GC 60.482: [ParNew
Desired survivor size 1343488 bytes, new threshold 4 (max 4)
- age   1:     390240 bytes,     390240 total
- age   2:       3144 bytes,     393384 total
- age   3:       7568 bytes,     400952 total
- age   4:       1752 bytes,     402704 total
: 16269K->403K(18624K), 0.0009937 secs] 35637K->19770K(83392K), 0.0011395 secs] [Times: user=0.00 sys=0.00, real=0.01 secs] 
60.496: [GC 60.496: [ParNew
Desired survivor size 1343488 bytes, new threshold 4 (max 4)
- age   1:     175696 bytes,     175696 total
- age   3:       3144 bytes,     178840 total
- age   4:       7568 bytes,     186408 total
: 16331K->186K(18624K), 0.0009636 secs] 35698K->19555K(83392K), 0.0010331 secs] [Times: user=0.00 sys=0.00, real=0.00 secs] 
60.508: [GC 60.508: [ParNew
Desired survivor size 1343488 bytes, new threshold 4 (max 4)
- age   1:     398896 bytes,     398896 total
- age   4:       3144 bytes,     402040 total
: 16120K->399K(18624K), 0.0016196 secs] 35489K->19775K(83392K), 0.0017173 secs] [Times: user=0.00 sys=0.00, real=0.00 secs] 
60.521: [GC 60.521: [ParNew
Desired survivor size 1343488 bytes, new threshold 4 (max 4)
- age   1:     196048 bytes,     196048 total
: 16373K->195K(18624K), 0.0011509 secs] 35750K->19575K(83392K), 0.0012380 secs] [Times: user=0.00 sys=0.00, real=0.01 secs] 
60.539: [GC 60.539: [ParNew
Desired survivor size 1343488 bytes, new threshold 4 (max 4)
- age   1:     270904 bytes,     270904 total
- age   2:      79880 bytes,     350784 total
: 16193K->345K(18624K), 0.0012449 secs] 35573K->19725K(83392K), 0.0013268 secs] [Times: user=0.00 sys=0.00, real=0.00 secs] 
60.553: [GC 60.553: [ParNew
Desired survivor size 1343488 bytes, new threshold 4 (max 4)
- age   1:     380032 bytes,     380032 total
- age   2:      10712 bytes,     390744 total
- age   3:      79880 bytes,     470624 total
: 16336K->465K(18624K), 0.0012148 secs] 35716K->19845K(83392K), 0.0013261 secs] [Times: user=0.00 sys=0.00, real=0.00 secs] 
60.566: [GC 60.566: [ParNew
Desired survivor size 1343488 bytes, new threshold 4 (max 4)
- age   1:     328560 bytes,     328560 total
- age   3:      10712 bytes,     339272 total
: 16442K->340K(18624K), 0.0012370 secs] 35822K->19720K(83392K), 0.0013361 secs] [Times: user=0.00 sys=0.00, real=0.00 secs] 
60.579: [GC 60.579: [ParNew
Desired survivor size 1343488 bytes, new threshold 4 (max 4)
- age   1:     348960 bytes,     348960 total
- age   2:      73696 bytes,     422656 total
- age   4:      10712 bytes,     433368 total
: 16325K->428K(18624K), 0.0010423 secs] 35705K->19808K(83392K), 0.0011189 secs] [Times: user=0.00 sys=0.00, real=0.00 secs] 
60.592: [GC 60.592: [ParNew
Desired survivor size 1343488 bytes, new threshold 4 (max 4)
- age   1:     466712 bytes,     466712 total
- age   2:      38176 bytes,     504888 total
- age   3:      73696 bytes,     578584 total
: 16415K->574K(18624K), 0.0017316 secs] 35795K->19964K(83392K), 0.0018447 secs] [Times: user=0.00 sys=0.00, real=0.01 secs] 
60.605: [GC 60.605: [ParNew
Desired survivor size 1343488 bytes, new threshold 4 (max 4)
- age   1:     283408 bytes,     283408 total
- age   2:     143128 bytes,     426536 total
: 16514K->420K(18624K), 0.0013007 secs] 35904K->19810K(83392K), 0.0014096 secs] [Times: user=0.00 sys=0.00, real=0.00 secs] 
60.618: [GC 60.618: [ParNew
Desired survivor size 1343488 bytes, new threshold 4 (max 4)
- age   1:     360176 bytes,     360176 total
- age   2:      85328 bytes,     445504 total
: 16389K->438K(18624K), 0.0013447 secs] 35779K->19828K(83392K), 0.0014292 secs] [Times: user=0.00 sys=0.00, real=0.00 secs] 
60.630: [GC 60.630: [ParNew
Desired survivor size 1343488 bytes, new threshold 4 (max 4)
- age   1:     449472 bytes,     449472 total
- age   2:     155696 bytes,     605168 total
: 16405K->594K(18624K), 0.0013894 secs] 35796K->19984K(83392K), 0.0014835 secs] [Times: user=0.00 sys=0.00, real=0.00 secs] 
60.647: [GC 60.647: [ParNew
Desired survivor size 1343488 bytes, new threshold 4 (max 4)
- age   1:     357520 bytes,     357520 total
- age   3:         40 bytes,     357560 total
: 16561K->352K(18624K), 0.0014540 secs] 35952K->19742K(83392K), 0.0015886 secs] [Times: user=0.00 sys=0.00, real=0.00 secs] 
60.659: [GC 60.659: [ParNew
Desired survivor size 1343488 bytes, new threshold 4 (max 4)
- age   1:     332056 bytes,     332056 total
- age   2:     119072 bytes,     451128 total
: 16298K->443K(18624K), 0.0012990 secs] 35688K->19833K(83392K), 0.0014789 secs] [Times: user=0.00 sys=0.00, real=0.00 secs] 
60.677: [GC 60.677: [ParNew
Desired survivor size 1343488 bytes, new threshold 4 (max 4)
- age   1:      71992 bytes,      71992 total
- age   2:     162312 bytes,     234304 total
: 16427K->230K(18624K), 0.0014443 secs] 35817K->19620K(83392K), 0.0015171 secs] [Times: user=0.01 sys=0.00, real=0.00 secs] 
60.692: [GC 60.692: [ParNew
Desired survivor size 1343488 bytes, new threshold 4 (max 4)
- age   1:      95672 bytes,      95672 total
- age   2:       5288 bytes,     100960 total
- age   3:     162312 bytes,     263272 total
: 16230K->259K(18624K), 0.0009432 secs] 35620K->19649K(83392K), 0.0010132 secs] [Times: user=0.00 sys=0.00, real=0.01 secs] 
60.705: [GC 60.705: [ParNew
Desired survivor size 1343488 bytes, new threshold 4 (max 4)
- age   1:     412600 bytes,     412600 total
- age   2:       9856 bytes,     422456 total
- age   3:       5288 bytes,     427744 total
: 16219K->427K(18624K), 0.0015662 secs] 35610K->19817K(83392K), 0.0016855 secs] [Times: user=0.00 sys=0.00, real=0.00 secs] 
60.719: [GC 60.719: [ParNew
Desired survivor size 1343488 bytes, new threshold 4 (max 4)
- age   1:     434608 bytes,     434608 total
- age   3:       8824 bytes,     443432 total
- age   4:       5176 bytes,     448608 total
: 16323K->445K(18624K), 0.0011732 secs] 35713K->19835K(83392K), 0.0012507 secs] [Times: user=0.00 sys=0.00, real=0.00 secs] 
60.732: [GC 60.732: [ParNew
Desired survivor size 1343488 bytes, new threshold 4 (max 4)
- age   1:     357672 bytes,     357672 total
- age   2:      81920 bytes,     439592 total
- age   4:       8824 bytes,     448416 total
: 16439K->441K(18624K), 0.0012322 secs] 35829K->19836K(83392K), 0.0013202 secs] [Times: user=0.00 sys=0.00, real=0.01 secs] 
60.746: [GC 60.746: [ParNew
Desired survivor size 1343488 bytes, new threshold 4 (max 4)
- age   1:     323384 bytes,     323384 total
- age   2:      77096 bytes,     400480 total
- age   3:       7424 bytes,     407904 total
: 16384K->409K(18624K), 0.0013670 secs] 35779K->19813K(83392K), 0.0014666 secs] [Times: user=0.00 sys=0.00, real=0.00 secs] 
60.758: [GC 60.759: [ParNew
Desired survivor size 1343488 bytes, new threshold 4 (max 4)
- age   1:     322696 bytes,     322696 total
- age   2:     172848 bytes,     495544 total
- age   4:       7424 bytes,     502968 total
: 16386K->495K(18624K), 0.0011973 secs] 35790K->19898K(83392K), 0.0013040 secs] [Times: user=0.00 sys=0.00, real=0.00 secs] 
60.773: [GC 60.773: [ParNew
Desired survivor size 1343488 bytes, new threshold 4 (max 4)
- age   1:     340984 bytes,     340984 total
: 16485K->338K(18624K), 0.0011856 secs] 35889K->19749K(83392K), 0.0012713 secs] [Times: user=0.01 sys=0.00, real=0.00 secs] 
60.785: [GC 60.785: [ParNew
Desired survivor size 1343488 bytes, new threshold 4 (max 4)
- age   1:     272888 bytes,     272888 total
- age   2:       1168 bytes,     274056 total
: 16244K->270K(18624K), 0.0021327 secs] 35655K->19681K(83392K), 0.0022306 secs] [Times: user=0.01 sys=0.00, real=0.00 secs] 
60.805: [GC 60.805: [ParNew
Desired survivor size 1343488 bytes, new threshold 4 (max 4)
- age   1:     177912 bytes,     177912 total
- age   2:      89744 bytes,     267656 total
- age   3:        336 bytes,     267992 total
: 16270K->263K(18624K), 0.0010160 secs] 35681K->19674K(83392K), 0.0011086 secs] [Times: user=0.00 sys=0.00, real=0.00 secs] 
60.817: [GC 60.817: [ParNew
Desired survivor size 1343488 bytes, new threshold 4 (max 4)
- age   1:     112664 bytes,     112664 total
- age   2:       8696 bytes,     121360 total
- age   4:        336 bytes,     121696 total
: 16263K->121K(18624K), 0.0013757 secs] 35674K->19532K(83392K), 0.0014520 secs] [Times: user=0.00 sys=0.00, real=0.00 secs] 
60.832: [GC 60.832: [ParNew
Desired survivor size 1343488 bytes, new threshold 4 (max 4)
- age   1:     130528 bytes,     130528 total
- age   2:        560 bytes,     131088 total
- age   3:       7120 bytes,     138208 total
: 16041K->140K(18624K), 0.0017680 secs] 35452K->19552K(83392K), 0.0018964 secs] [Times: user=0.00 sys=0.00, real=0.01 secs] 
60.845: [GC 60.845: [ParNew
Desired survivor size 1343488 bytes, new threshold 4 (max 4)
- age   1:     203880 bytes,     203880 total
- age   2:       6040 bytes,     209920 total
- age   3:        560 bytes,     210480 total
- age   4:       7008 bytes,     217488 total
: 16140K->217K(18624K), 0.0012817 secs] 35552K->19629K(83392K), 0.0013768 secs] [Times: user=0.00 sys=0.00, real=0.00 secs] 
60.859: [GC 60.859: [ParNew
Desired survivor size 1343488 bytes, new threshold 4 (max 4)
- age   1:     383184 bytes,     383184 total
- age   2:       2704 bytes,     385888 total
- age   3:       4920 bytes,     390808 total
- age   4:        560 bytes,     391368 total
: 16208K->385K(18624K), 0.0011315 secs] 35619K->19803K(83392K), 0.0012170 secs] [Times: user=0.01 sys=0.00, real=0.00 secs] 
60.872: [GC 60.872: [ParNew
Desired survivor size 1343488 bytes, new threshold 4 (max 4)
- age   1:     219144 bytes,     219144 total
- age   2:     236128 bytes,     455272 total
- age   3:       2704 bytes,     457976 total
- age   4:       4920 bytes,     462896 total
: 16344K->453K(18624K), 0.0010633 secs] 35762K->19872K(83392K), 0.0011424 secs] [Times: user=0.00 sys=0.00, real=0.01 secs] 
60.884: [GC 60.884: [ParNew
Desired survivor size 1343488 bytes, new threshold 4 (max 4)
- age   1:     167824 bytes,     167824 total
- age   2:     180976 bytes,     348800 total
- age   3:       2880 bytes,     351680 total
- age   4:       2704 bytes,     354384 total
: 16443K->353K(18624K), 0.0011130 secs] 35862K->19777K(83392K), 0.0011949 secs] [Times: user=0.00 sys=0.00, real=0.00 secs] 
60.897: [GC 60.897: [ParNew
Desired survivor size 1343488 bytes, new threshold 4 (max 4)
- age   1:     328776 bytes,     328776 total
- age   2:       5896 bytes,     334672 total
- age   4:       2880 bytes,     337552 total
: 16309K->335K(18624K), 0.0011705 secs] 35733K->19761K(83392K), 0.0012567 secs] [Times: user=0.00 sys=0.00, real=0.00 secs] 
60.910: [GC 60.910: [ParNew
Desired survivor size 1343488 bytes, new threshold 4 (max 4)
- age   1:     480832 bytes,     480832 total
- age   3:       6176 bytes,     487008 total
: 16315K->480K(18624K), 0.0011985 secs] 35741K->19909K(83392K), 0.0012802 secs] [Times: user=0.00 sys=0.00, real=0.00 secs] 
60.924: [GC 60.924: [ParNew
Desired survivor size 1343488 bytes, new threshold 4 (max 4)
- age   1:     531664 bytes,     531664 total
- age   4:       5896 bytes,     537560 total
: 16444K->527K(18624K), 0.0011971 secs] 35873K->19956K(83392K), 0.0012615 secs] [Times: user=0.00 sys=0.00, real=0.00 secs] 
60.936: [GC 60.936: [ParNew
Desired survivor size 1343488 bytes, new threshold 4 (max 4)
- age   1:     308456 bytes,     308456 total
- age   2:     238784 bytes,     547240 total
: 16484K->538K(18624K), 0.0014077 secs] 35913K->19973K(83392K), 0.0014995 secs] [Times: user=0.00 sys=0.00, real=0.00 secs] 
60.950: [GC 60.950: [ParNew
Desired survivor size 1343488 bytes, new threshold 4 (max 4)
- age   1:     342200 bytes,     342200 total
: 16513K->335K(18624K), 0.0011848 secs] 35948K->19770K(83392K), 0.0012730 secs] [Times: user=0.00 sys=0.00, real=0.00 secs] 
60.963: [GC 60.963: [ParNew
Desired survivor size 1343488 bytes, new threshold 4 (max 4)
- age   1:     230120 bytes,     230120 total
- age   2:      42032 bytes,     272152 total
: 16329K->267K(18624K), 0.0010671 secs] 35764K->19702K(83392K), 0.0011533 secs] [Times: user=0.00 sys=0.00, real=0.00 secs] 
60.976: [GC 60.976: [ParNew
Desired survivor size 1343488 bytes, new threshold 4 (max 4)
- age   1:     484248 bytes,     484248 total
: 16261K->476K(18624K), 0.0009921 secs] 35695K->19911K(83392K), 0.0010855 secs] [Times: user=0.01 sys=0.00, real=0.00 secs] 
60.988: [GC 60.989: [ParNew
Desired survivor size 1343488 bytes, new threshold 4 (max 4)
- age   1:     429360 bytes,     429360 total
- age   2:     150560 bytes,     579920 total
: 16456K->570K(18624K), 0.0012538 secs] 35891K->20004K(83392K), 0.0013384 secs] [Times: user=0.01 sys=0.00, real=0.00 secs] 
61.002: [GC 61.002: [ParNew
Desired survivor size 1343488 bytes, new threshold 4 (max 4)
- age   1:     539880 bytes,     539880 total
: 16556K->530K(18624K), 0.0012215 secs] 35991K->19965K(83392K), 0.0013105 secs] [Times: user=0.00 sys=0.00, real=0.01 secs] 
61.019: [GC 61.019: [ParNew
Desired survivor size 1343488 bytes, new threshold 4 (max 4)
- age   1:     138192 bytes,     138192 total
- age   2:     163328 bytes,     301520 total
: 16488K->297K(18624K), 0.0015724 secs] 35922K->19732K(83392K), 0.0016545 secs] [Times: user=0.00 sys=0.00, real=0.00 secs] 
61.033: [GC 61.033: [ParNew
Desired survivor size 1343488 bytes, new threshold 4 (max 4)
- age   1:     475104 bytes,     475104 total
- age   2:        704 bytes,     475808 total
: 16235K->467K(18624K), 0.0010559 secs] 35670K->19902K(83392K), 0.0011446 secs] [Times: user=0.00 sys=0.00, real=0.00 secs] 
61.048: [GC 61.048: [ParNew
Desired survivor size 1343488 bytes, new threshold 4 (max 4)
- age   1:     382960 bytes,     382960 total
- age   3:        704 bytes,     383664 total
: 16431K->377K(18624K), 0.0009368 secs] 35866K->19812K(83392K), 0.0010112 secs] [Times: user=0.00 sys=0.00, real=0.00 secs] 
61.063: [GC 61.064: [ParNew
Desired survivor size 1343488 bytes, new threshold 4 (max 4)
- age   1:     239328 bytes,     239328 total
- age   4:        704 bytes,     240032 total
: 16377K->235K(18624K), 0.0009575 secs] 35812K->19670K(83392K), 0.0010358 secs] [Times: user=0.00 sys=0.00, real=0.00 secs] 
61.076: [GC 61.077: [ParNew
Desired survivor size 1343488 bytes, new threshold 4 (max 4)
- age   1:     164128 bytes,     164128 total
- age   2:       1440 bytes,     165568 total
: 16188K->163K(18624K), 0.0011814 secs] 35623K->19599K(83392K), 0.0012670 secs] [Times: user=0.00 sys=0.00, real=0.00 secs] 
61.095: [GC 61.095: [ParNew
Desired survivor size 1343488 bytes, new threshold 4 (max 4)
- age   1:      94056 bytes,      94056 total
- age   2:       1480 bytes,      95536 total
- age   3:       1440 bytes,      96976 total
: 16163K->96K(18624K), 0.0009298 secs] 35599K->19532K(83392K), 0.0009929 secs] [Times: user=0.00 sys=0.00, real=0.00 secs] 
61.109: [GC 61.109: [ParNew
Desired survivor size 1343488 bytes, new threshold 4 (max 4)
- age   1:     314480 bytes,     314480 total
- age   2:       9888 bytes,     324368 total
- age   3:       1480 bytes,     325848 total
- age   4:       1328 bytes,     327176 total
: 16093K->323K(18624K), 0.0010844 secs] 35529K->19759K(83392K), 0.0012014 secs] [Times: user=0.00 sys=0.00, real=0.00 secs] 
61.121: [GC 61.121: [ParNew
Desired survivor size 1343488 bytes, new threshold 4 (max 4)
- age   1:     229008 bytes,     229008 total
- age   2:       8728 bytes,     237736 total
- age   3:       9888 bytes,     247624 total
- age   4:       1480 bytes,     249104 total
: 16293K->244K(18624K), 0.0010813 secs] 35728K->19681K(83392K), 0.0012952 secs] [Times: user=0.01 sys=0.00, real=0.01 secs] 
61.133: [GC 61.133: [ParNew
Desired survivor size 1343488 bytes, new threshold 4 (max 4)
- age   1:     208592 bytes,     208592 total
- age   3:       8728 bytes,     217320 total
- age   4:       9888 bytes,     227208 total
: 16216K->235K(18624K), 0.0017268 secs] 35653K->19673K(83392K), 0.0018443 secs] [Times: user=0.01 sys=0.00, real=0.00 secs] 
61.151: [GC 61.151: [ParNew
Desired survivor size 1343488 bytes, new threshold 4 (max 4)
- age   1:      78112 bytes,      78112 total
- age   4:       8728 bytes,      86840 total
: 16221K->86K(18624K), 0.0008946 secs] 35659K->19534K(83392K), 0.0009558 secs] [Times: user=0.01 sys=0.00, real=0.00 secs] 
61.165: [GC 61.165: [ParNew
Desired survivor size 1343488 bytes, new threshold 4 (max 4)
- age   1:     185928 bytes,     185928 total
- age   2:        680 bytes,     186608 total
: 16080K->188K(18624K), 0.0009722 secs] 35528K->19644K(83392K), 0.0010562 secs] [Times: user=0.00 sys=0.00, real=0.00 secs] 
61.177: [GC 61.177: [ParNew
Desired survivor size 1343488 bytes, new threshold 4 (max 4)
- age   1:     217480 bytes,     217480 total
- age   2:       6280 bytes,     223760 total
- age   3:        568 bytes,     224328 total
: 16168K->220K(18624K), 0.0010328 secs] 35624K->19676K(83392K), 0.0011725 secs] [Times: user=0.00 sys=0.00, real=0.00 secs] 
61.190: [GC 61.190: [ParNew
Desired survivor size 1343488 bytes, new threshold 4 (max 4)
- age   1:     133344 bytes,     133344 total
- age   2:       3864 bytes,     137208 total
- age   3:       6280 bytes,     143488 total
- age   4:        568 bytes,     144056 total
: 16203K->149K(18624K), 0.0009358 secs] 35659K->19605K(83392K), 0.0010062 secs] [Times: user=0.00 sys=0.00, real=0.00 secs] 
61.202: [GC 61.202: [ParNew
Desired survivor size 1343488 bytes, new threshold 4 (max 4)
- age   1:     236464 bytes,     236464 total
- age   3:       3864 bytes,     240328 total
- age   4:       6280 bytes,     246608 total
: 16145K->246K(18624K), 0.0010244 secs] 35601K->19703K(83392K), 0.0011035 secs] [Times: user=0.00 sys=0.00, real=0.01 secs] 
61.214: [GC 61.214: [ParNew
Desired survivor size 1343488 bytes, new threshold 4 (max 4)
- age   1:     331120 bytes,     331120 total
- age   4:       3864 bytes,     334984 total
: 16246K->332K(18624K), 0.0010479 secs] 35703K->19795K(83392K), 0.0011286 secs] [Times: user=0.00 sys=0.00, real=0.00 secs] 
61.227: [GC 61.227: [ParNew
Desired survivor size 1343488 bytes, new threshold 4 (max 4)
- age   1:     351864 bytes,     351864 total
: 16293K->347K(18624K), 0.0011232 secs] 35756K->19814K(83392K), 0.0012295 secs] [Times: user=0.00 sys=0.00, real=0.00 secs] 
61.240: [GC 61.240: [ParNew
Desired survivor size 1343488 bytes, new threshold 4 (max 4)
- age   1:     393368 bytes,     393368 total
: 16230K->388K(18624K), 0.0011795 secs] 35697K->19854K(83392K), 0.0012581 secs] [Times: user=0.00 sys=0.00, real=0.00 secs] 
61.252: [GC 61.252: [ParNew
Desired survivor size 1343488 bytes, new threshold 4 (max 4)
- age   1:     328448 bytes,     328448 total
: 16348K->324K(18624K), 0.0009494 secs] 35815K->19791K(83392K), 0.0010304 secs] [Times: user=0.00 sys=0.00, real=0.01 secs] 
61.265: [GC 61.265: [ParNew
Desired survivor size 1343488 bytes, new threshold 4 (max 4)
- age   1:     400456 bytes,     400456 total
: 16298K->394K(18624K), 0.0012181 secs] 35765K->19861K(83392K), 0.0013280 secs] [Times: user=0.00 sys=0.00, real=0.00 secs] 
61.278: [GC 61.278: [ParNew
Desired survivor size 1343488 bytes, new threshold 4 (max 4)
- age   1:     350920 bytes,     350920 total
: 16360K->346K(18624K), 0.0009064 secs] 35827K->19813K(83392K), 0.0009884 secs] [Times: user=0.01 sys=0.00, real=0.00 secs] 
61.291: [GC 61.291: [ParNew
Desired survivor size 1343488 bytes, new threshold 4 (max 4)
- age   1:     532400 bytes,     532400 total
: 16334K->523K(18624K), 0.0013355 secs] 35801K->19990K(83392K), 0.0014288 secs] [Times: user=0.01 sys=0.00, real=0.00 secs] 
61.303: [GC 61.303: [ParNew
Desired survivor size 1343488 bytes, new threshold 4 (max 4)
- age   1:     307808 bytes,     307808 total
: 16490K->304K(18624K), 0.0009700 secs] 35957K->19771K(83392K), 0.0010505 secs] [Times: user=0.01 sys=0.00, real=0.00 secs] 
61.317: [GC 61.317: [ParNew
Desired survivor size 1343488 bytes, new threshold 4 (max 4)
- age   1:     399184 bytes,     399184 total
: 16253K->393K(18624K), 0.0009749 secs] 35720K->19860K(83392K), 0.0010644 secs] [Times: user=0.00 sys=0.00, real=0.00 secs] 
61.329: [GC 61.329: [ParNew
Desired survivor size 1343488 bytes, new threshold 4 (max 4)
- age   1:     311888 bytes,     311888 total
: 16383K->308K(18624K), 0.0009677 secs] 35850K->19775K(83392K), 0.0010669 secs] [Times: user=0.00 sys=0.00, real=0.00 secs] 
61.342: [GC 61.342: [ParNew
Desired survivor size 1343488 bytes, new threshold 4 (max 4)
- age   1:     569120 bytes,     569120 total
: 16184K->559K(18624K), 0.0011700 secs] 35651K->20026K(83392K), 0.0012704 secs] [Times: user=0.00 sys=0.00, real=0.01 secs] 
61.359: [GC 61.360: [ParNew
Desired survivor size 1343488 bytes, new threshold 4 (max 4)
- age   1:      84960 bytes,      84960 total
: 16559K->84K(18624K), 0.0025342 secs] 36026K->19551K(83392K), 0.0026103 secs] [Times: user=0.00 sys=0.00, real=0.00 secs] 
61.374: [GC 61.374: [ParNew
Desired survivor size 1343488 bytes, new threshold 4 (max 4)
- age   1:     107864 bytes,     107864 total
- age   2:       3824 bytes,     111688 total
: 16071K->111K(18624K), 0.0017981 secs] 35538K->19578K(83392K), 0.0019666 secs] [Times: user=0.01 sys=0.00, real=0.00 secs] 
61.388: [GC 61.388: [ParNew
Desired survivor size 1343488 bytes, new threshold 4 (max 4)
- age   1:     288088 bytes,     288088 total
- age   2:       7864 bytes,     295952 total
- age   3:       3824 bytes,     299776 total
: 16095K->297K(18624K), 0.0009174 secs] 35562K->19764K(83392K), 0.0009854 secs] [Times: user=0.00 sys=0.00, real=0.00 secs] 
61.404: [GC 61.404: [ParNew
Desired survivor size 1343488 bytes, new threshold 4 (max 4)
- age   1:      48696 bytes,      48696 total
- age   3:       7864 bytes,      56560 total
- age   4:       3824 bytes,      60384 total
: 16276K->66K(18624K), 0.0008891 secs] 35743K->19533K(83392K), 0.0009564 secs] [Times: user=0.00 sys=0.00, real=0.00 secs] 
61.417: [GC 61.417: [ParNew
Desired survivor size 1343488 bytes, new threshold 4 (max 4)
- age   1:      73880 bytes,      73880 total
- age   2:       5848 bytes,      79728 total
- age   4:       7864 bytes,      87592 total
: 16050K->92K(18624K), 0.0010104 secs] 35517K->19563K(83392K), 0.0010853 secs] [Times: user=0.00 sys=0.00, real=0.00 secs] 
61.429: [GC 61.429: [ParNew
Desired survivor size 1343488 bytes, new threshold 4 (max 4)
- age   1:     140472 bytes,     140472 total
- age   2:       4864 bytes,     145336 total
- age   3:       5848 bytes,     151184 total
: 16092K->164K(18624K), 0.0010115 secs] 35562K->19642K(83392K), 0.0011101 secs] [Times: user=0.00 sys=0.00, real=0.00 secs] 
61.442: [GC 61.442: [ParNew
Desired survivor size 1343488 bytes, new threshold 4 (max 4)
- age   1:     170904 bytes,     170904 total
- age   3:       4864 bytes,     175768 total
- age   4:       5848 bytes,     181616 total
: 16127K->181K(18624K), 0.0010330 secs] 35605K->19659K(83392K), 0.0011201 secs] [Times: user=0.00 sys=0.00, real=0.01 secs] 
61.454: [GC 61.454: [ParNew
Desired survivor size 1343488 bytes, new threshold 4 (max 4)
- age   1:     109224 bytes,     109224 total
- age   4:       4864 bytes,     114088 total
: 16156K->120K(18624K), 0.0009794 secs] 35634K->19604K(83392K), 0.0010567 secs] [Times: user=0.00 sys=0.00, real=0.00 secs] 
61.466: [GC 61.466: [ParNew
Desired survivor size 1343488 bytes, new threshold 4 (max 4)
- age   1:     120328 bytes,     120328 total
: 16084K->121K(18624K), 0.0009330 secs] 35568K->19610K(83392K), 0.0010143 secs] [Times: user=0.00 sys=0.00, real=0.00 secs] 
61.479: [GC 61.479: [ParNew
Desired survivor size 1343488 bytes, new threshold 4 (max 4)
- age   1:     276232 bytes,     276232 total
: 16114K->271K(18624K), 0.0009637 secs] 35602K->19760K(83392K), 0.0010575 secs] [Times: user=0.00 sys=0.00, real=0.00 secs] 
61.492: [GC 61.492: [ParNew
Desired survivor size 1343488 bytes, new threshold 4 (max 4)
- age   1:     201960 bytes,     201960 total
: 16223K->201K(18624K), 0.0010542 secs] 35712K->19689K(83392K), 0.0011440 secs] [Times: user=0.00 sys=0.00, real=0.01 secs] 
61.504: [GC 61.504: [ParNew
Desired survivor size 1343488 bytes, new threshold 4 (max 4)
- age   1:     149112 bytes,     149112 total
: 16125K->149K(18624K), 0.0008896 secs] 35614K->19638K(83392K), 0.0010146 secs] [Times: user=0.00 sys=0.00, real=0.00 secs] 
61.516: [GC 61.517: [ParNew
Desired survivor size 1343488 bytes, new threshold 4 (max 4)
- age   1:     383376 bytes,     383376 total
: 16102K->378K(18624K), 0.0009962 secs] 35591K->19867K(83392K), 0.0010780 secs] [Times: user=0.00 sys=0.00, real=0.00 secs] 
61.534: [GC 61.534: [ParNew
Desired survivor size 1343488 bytes, new threshold 4 (max 4)
- age   1:      78144 bytes,      78144 total
: 16292K->79K(18624K), 0.0016196 secs] 35781K->19568K(83392K), 0.0016942 secs] [Times: user=0.00 sys=0.00, real=0.00 secs] 
61.548: [GC 61.549: [ParNew
Desired survivor size 1343488 bytes, new threshold 4 (max 4)
- age   1:      84104 bytes,      84104 total
- age   2:        704 bytes,      84808 total
: 16023K->84K(18624K), 0.0008559 secs] 35512K->19572K(83392K), 0.0009889 secs] [Times: user=0.00 sys=0.00, real=0.00 secs] 
61.572: [GC 61.572: [ParNew
Desired survivor size 1343488 bytes, new threshold 4 (max 4)
- age   1:      25176 bytes,      25176 total
: 16067K->27K(18624K), 0.0015441 secs] 35556K->19515K(83392K), 0.0016176 secs] [Times: user=0.00 sys=0.00, real=0.01 secs] 
61.586: [GC 61.587: [ParNew
Desired survivor size 1343488 bytes, new threshold 4 (max 4)
- age   1:      33632 bytes,      33632 total
- age   2:      11416 bytes,      45048 total
: 16001K->47K(18624K), 0.0009321 secs] 35490K->19536K(83392K), 0.0010076 secs] [Times: user=0.00 sys=0.00, real=0.00 secs] 
61.601: [GC 61.601: [ParNew
Desired survivor size 1343488 bytes, new threshold 4 (max 4)
- age   1:      47824 bytes,      47824 total
- age   3:      11416 bytes,      59240 total
: 16006K->61K(18624K), 0.0009569 secs] 35494K->19550K(83392K), 0.0010763 secs] [Times: user=0.00 sys=0.00, real=0.00 secs] 
61.615: [GC 61.615: [ParNew
Desired survivor size 1343488 bytes, new threshold 4 (max 4)
- age   1:      59248 bytes,      59248 total
- age   4:      11416 bytes,      70664 total
: 16013K->74K(18624K), 0.0009112 secs] 35501K->19563K(83392K), 0.0009883 secs] [Times: user=0.01 sys=0.00, real=0.00 secs] 
61.629: [GC 61.629: [ParNew
Desired survivor size 1343488 bytes, new threshold 4 (max 4)
- age   1:     136736 bytes,     136736 total
: 16009K->139K(18624K), 0.0009662 secs] 35497K->19639K(83392K), 0.0010416 secs] [Times: user=0.00 sys=0.00, real=0.00 secs] 
61.644: [GC 61.644: [ParNew
Desired survivor size 1343488 bytes, new threshold 4 (max 4)
- age   1:      78720 bytes,      78720 total
: 16090K->78K(18624K), 0.0008820 secs] 35590K->19578K(83392K), 0.0009563 secs] [Times: user=0.00 sys=0.00, real=0.00 secs] 
61.658: [GC 61.658: [ParNew
Desired survivor size 1343488 bytes, new threshold 4 (max 4)
- age   1:      84800 bytes,      84800 total
: 16012K->84K(18624K), 0.0011121 secs] 35512K->19584K(83392K), 0.0011886 secs] [Times: user=0.00 sys=0.00, real=0.00 secs] 
63.005: [Full GC (System) 63.005: [CMS: 19499K->5571K(64768K), 0.1044642 secs] 28299K->5571K(83392K), [CMS Perm : 10754K->10713K(21248K)], 0.1045699 secs] [Times: user=0.10 sys=0.00, real=0.10 secs] 
Heap
 par new generation   total 18624K, used 531K [0x0000000105010000, 0x00000001064d0000, 0x00000001064d0000)
  eden space 16000K,   3% used [0x0000000105010000, 0x0000000105094f98, 0x0000000105fb0000)
  from space 2624K,   0% used [0x0000000105fb0000, 0x0000000105fb0000, 0x0000000106240000)
  to   space 2624K,   0% used [0x0000000106240000, 0x0000000106240000, 0x00000001064d0000)
 concurrent mark-sweep generation total 64768K, used 5571K [0x00000001064d0000, 0x000000010a410000, 0x000000010a410000)
 concurrent-mark-sweep perm gen total 21248K, used 10713K [0x000000010a410000, 0x000000010b8d0000, 0x000000010f810000)
