1.055: [GC 1.055: [ParNew
Desired survivor size 1343488 bytes, new threshold 1 (max 4)
- age   1:    1750392 bytes,    1750392 total
: 16000K->1725K(18624K), 0.0167011 secs] 16000K->1725K(81280K), 0.0167922 secs] [Times: user=0.02 sys=0.00, real=0.01 secs] 
1.141: [Full GC (System) 1.141: [CMS: 0K->1602K(62656K), 0.0711019 secs] 4654K->1602K(81280K), [CMS Perm : 10117K->10063K(21248K)], 0.0712086 secs] [Times: user=0.06 sys=0.00, real=0.07 secs] 
1.213: [Full GC (System) 1.213: [CMS: 1602K->1599K(62656K), 0.0519535 secs] 1602K->1599K(81280K), [CMS Perm : 10063K->10063K(21248K)], 0.0520197 secs] [Times: user=0.05 sys=0.01, real=0.06 secs] 
10.233: [GC 10.233: [ParNew
Desired survivor size 1343488 bytes, new threshold 1 (max 4)
- age   1:    2678952 bytes,    2678952 total
: 16000K->2624K(18624K), 0.0211781 secs] 17599K->5144K(81280K), 0.0212871 secs] [Times: user=0.03 sys=0.01, real=0.03 secs] 
12.941: [GC 12.941: [ParNew
Desired survivor size 1343488 bytes, new threshold 4 (max 4)
- age   1:    1185448 bytes,    1185448 total
: 18587K->2294K(18624K), 0.0292442 secs] 21107K->7608K(81280K), 0.0293520 secs] [Times: user=0.03 sys=0.01, real=0.03 secs] 
12.986: [GC 12.987: [ParNew
Desired survivor size 1343488 bytes, new threshold 4 (max 4)
- age   1:      41544 bytes,      41544 total
- age   2:    1134064 bytes,    1175608 total
: 18264K->1199K(18624K), 0.0042402 secs] 23578K->6513K(81280K), 0.0043376 secs] [Times: user=0.00 sys=0.00, real=0.00 secs] 
13.005: [GC 13.005: [ParNew
Desired survivor size 1343488 bytes, new threshold 4 (max 4)
- age   1:      54352 bytes,      54352 total
- age   3:    1134064 bytes,    1188416 total
: 17196K->1453K(18624K), 0.0061830 secs] 22511K->6767K(81280K), 0.0062703 secs] [Times: user=0.00 sys=0.00, real=0.00 secs] 
13.024: [GC 13.024: [ParNew
Desired survivor size 1343488 bytes, new threshold 4 (max 4)
- age   1:     128312 bytes,     128312 total
- age   4:    1134064 bytes,    1262376 total
: 17351K->1303K(18624K), 0.0042037 secs] 22665K->6617K(81280K), 0.0043058 secs] [Times: user=0.00 sys=0.00, real=0.00 secs] 
13.044: [GC 13.044: [ParNew
Desired survivor size 1343488 bytes, new threshold 4 (max 4)
- age   1:     218728 bytes,     218728 total
: 17276K->671K(18624K), 0.0080607 secs] 22590K->7092K(81280K), 0.0081534 secs] [Times: user=0.01 sys=0.00, real=0.00 secs] 
13.065: [GC 13.065: [ParNew
Desired survivor size 1343488 bytes, new threshold 4 (max 4)
- age   1:      81792 bytes,      81792 total
- age   2:        824 bytes,      82616 total
: 16601K->278K(18624K), 0.0005600 secs] 23022K->6699K(81280K), 0.0006282 secs] [Times: user=0.00 sys=0.00, real=0.00 secs] 
13.079: [GC 13.079: [ParNew
Desired survivor size 1343488 bytes, new threshold 4 (max 4)
- age   1:     172904 bytes,     172904 total
- age   3:        824 bytes,     173728 total
: 16197K->258K(18624K), 0.0006436 secs] 22618K->6679K(81280K), 0.0007101 secs] [Times: user=0.00 sys=0.00, real=0.00 secs] 
13.132: [GC 13.132: [ParNew
Desired survivor size 1343488 bytes, new threshold 4 (max 4)
- age   1:     106264 bytes,     106264 total
- age   4:        824 bytes,     107088 total
: 16247K->110K(18624K), 0.0008120 secs] 22668K->6531K(81280K), 0.0008901 secs] [Times: user=0.00 sys=0.00, real=0.00 secs] 
13.147: [GC 13.147: [ParNew
Desired survivor size 1343488 bytes, new threshold 4 (max 4)
- age   1:      44216 bytes,      44216 total
- age   2:      13296 bytes,      57512 total
: 16088K->67K(18624K), 0.0005977 secs] 22509K->6488K(81280K), 0.0006625 secs] [Times: user=0.00 sys=0.00, real=0.00 secs] 
13.161: [GC 13.161: [ParNew
Desired survivor size 1343488 bytes, new threshold 4 (max 4)
- age   1:     113592 bytes,     113592 total
- age   3:      13256 bytes,     126848 total
: 15979K->128K(18624K), 0.0006917 secs] 22401K->6550K(81280K), 0.0007632 secs] [Times: user=0.00 sys=0.00, real=0.00 secs] 
13.175: [GC 13.175: [ParNew
Desired survivor size 1343488 bytes, new threshold 4 (max 4)
- age   1:     132792 bytes,     132792 total
- age   4:      13256 bytes,     146048 total
: 16096K->150K(18624K), 0.0006419 secs] 22517K->6571K(81280K), 0.0007106 secs] [Times: user=0.00 sys=0.00, real=0.00 secs] 
13.191: [GC 13.191: [ParNew
Desired survivor size 1343488 bytes, new threshold 4 (max 4)
- age   1:      77896 bytes,      77896 total
: 16136K->78K(18624K), 0.0007024 secs] 22558K->6513K(81280K), 0.0008064 secs] [Times: user=0.00 sys=0.00, real=0.00 secs] 
13.205: [GC 13.205: [ParNew
Desired survivor size 1343488 bytes, new threshold 4 (max 4)
- age   1:      83816 bytes,      83816 total
- age   2:        704 bytes,      84520 total
: 16021K->83K(18624K), 0.0012419 secs] 22455K->6518K(81280K), 0.0013767 secs] [Times: user=0.00 sys=0.00, real=0.00 secs] 
13.233: [GC 13.233: [ParNew
Desired survivor size 1343488 bytes, new threshold 4 (max 4)
- age   1:      25376 bytes,      25376 total
- age   3:        704 bytes,      26080 total
: 16079K->26K(18624K), 0.0016067 secs] 22514K->6460K(81280K), 0.0016711 secs] [Times: user=0.01 sys=0.00, real=0.01 secs] 
13.251: [GC 13.251: [ParNew
Desired survivor size 1343488 bytes, new threshold 4 (max 4)
- age   1:      98680 bytes,      98680 total
- age   2:      13256 bytes,     111936 total
- age   4:        704 bytes,     112640 total
: 15994K->111K(18624K), 0.0013580 secs] 22429K->6546K(81280K), 0.0014328 secs] [Times: user=0.00 sys=0.00, real=0.00 secs] 
13.267: [GC 13.268: [ParNew
Desired survivor size 1343488 bytes, new threshold 4 (max 4)
- age   1:      47616 bytes,      47616 total
- age   3:      13256 bytes,      60872 total
: 16111K->64K(18624K), 0.0046219 secs] 22546K->6500K(81280K), 0.0047157 secs] [Times: user=0.00 sys=0.00, real=0.00 secs] 
13.293: [GC 13.294: [ParNew
Desired survivor size 1343488 bytes, new threshold 4 (max 4)
- age   1:     138648 bytes,     138648 total
- age   4:      13256 bytes,     151904 total
: 16013K->156K(18624K), 0.0010684 secs] 22448K->6592K(81280K), 0.0011542 secs] [Times: user=0.00 sys=0.00, real=0.01 secs] 
13.311: [GC 13.311: [ParNew
Desired survivor size 1343488 bytes, new threshold 4 (max 4)
- age   1:     160056 bytes,     160056 total
- age   2:      13448 bytes,     173504 total
: 16151K->180K(18624K), 0.0025201 secs] 22586K->6628K(81280K), 0.0025987 secs] [Times: user=0.01 sys=0.00, real=0.00 secs] 
13.328: [GC 13.328: [ParNew
Desired survivor size 1343488 bytes, new threshold 4 (max 4)
- age   1:     371208 bytes,     371208 total
- age   3:      13448 bytes,     384656 total
: 16163K->375K(18624K), 0.0018433 secs] 22611K->6824K(81280K), 0.0019452 secs] [Times: user=0.00 sys=0.00, real=0.00 secs] 
13.348: [GC 13.348: [ParNew
Desired survivor size 1343488 bytes, new threshold 4 (max 4)
- age   1:     293296 bytes,     293296 total
- age   4:      13488 bytes,     306784 total
: 16342K->301K(18624K), 0.0009454 secs] 22790K->6750K(81280K), 0.0010250 secs] [Times: user=0.00 sys=0.00, real=0.00 secs] 
13.363: [GC 13.363: [ParNew
Desired survivor size 1343488 bytes, new threshold 4 (max 4)
- age   1:     295816 bytes,     295816 total
- age   2:        704 bytes,     296520 total
: 16271K->295K(18624K), 0.0016746 secs] 22720K->6756K(81280K), 0.0018050 secs] [Times: user=0.00 sys=0.00, real=0.01 secs] 
13.380: [GC 13.380: [ParNew
Desired survivor size 1343488 bytes, new threshold 4 (max 4)
- age   1:     384888 bytes,     384888 total
- age   3:        704 bytes,     385592 total
: 16234K->379K(18624K), 0.0008162 secs] 22696K->6841K(81280K), 0.0008992 secs] [Times: user=0.00 sys=0.00, real=0.00 secs] 
13.395: [GC 13.395: [ParNew
Desired survivor size 1343488 bytes, new threshold 4 (max 4)
- age   1:     284936 bytes,     284936 total
- age   4:        704 bytes,     285640 total
: 16283K->282K(18624K), 0.0008286 secs] 22744K->6743K(81280K), 0.0009207 secs] [Times: user=0.00 sys=0.01, real=0.00 secs] 
13.408: [GC 13.408: [ParNew
Desired survivor size 1343488 bytes, new threshold 4 (max 4)
- age   1:     151760 bytes,     151760 total
: 16246K->151K(18624K), 0.0006911 secs] 22708K->6614K(81280K), 0.0007584 secs] [Times: user=0.00 sys=0.00, real=0.00 secs] 
13.423: [GC 13.423: [ParNew
Desired survivor size 1343488 bytes, new threshold 4 (max 4)
- age   1:     545552 bytes,     545552 total
: 16146K->536K(18624K), 0.0010878 secs] 22608K->6998K(81280K), 0.0012101 secs] [Times: user=0.00 sys=0.00, real=0.01 secs] 
13.436: [GC 13.436: [ParNew
Desired survivor size 1343488 bytes, new threshold 4 (max 4)
- age   1:     360976 bytes,     360976 total
- age   2:       5520 bytes,     366496 total
: 16517K->362K(18624K), 0.0008581 secs] 22979K->6824K(81280K), 0.0009262 secs] [Times: user=0.01 sys=0.00, real=0.00 secs] 
13.456: [GC 13.456: [ParNew
Desired survivor size 1343488 bytes, new threshold 4 (max 4)
- age   1:     272984 bytes,     272984 total
- age   2:       5384 bytes,     278368 total
- age   3:       5520 bytes,     283888 total
: 16346K->284K(18624K), 0.0007746 secs] 22808K->6746K(81280K), 0.0008429 secs] [Times: user=0.00 sys=0.00, real=0.00 secs] 
13.478: [GC 13.478: [ParNew
Desired survivor size 1343488 bytes, new threshold 4 (max 4)
- age   1:     247488 bytes,     247488 total
- age   2:       5568 bytes,     253056 total
- age   3:       5384 bytes,     258440 total
- age   4:       5520 bytes,     263960 total
: 16222K->262K(18624K), 0.0011980 secs] 22685K->6724K(81280K), 0.0012821 secs] [Times: user=0.00 sys=0.00, real=0.00 secs] 
13.495: [GC 13.495: [ParNew
Desired survivor size 1343488 bytes, new threshold 4 (max 4)
- age   1:     272344 bytes,     272344 total
- age   2:        864 bytes,     273208 total
- age   3:       5568 bytes,     278776 total
- age   4:       5384 bytes,     284160 total
: 16236K->281K(18624K), 0.0013243 secs] 22699K->6749K(81280K), 0.0014083 secs] [Times: user=0.00 sys=0.01, real=0.00 secs] 
13.523: [GC 13.523: [ParNew
Desired survivor size 1343488 bytes, new threshold 4 (max 4)
- age   1:     211680 bytes,     211680 total
- age   2:     163832 bytes,     375512 total
- age   3:        160 bytes,     375672 total
- age   4:       4368 bytes,     380040 total
: 16240K->377K(18624K), 0.0013534 secs] 22708K->6850K(81280K), 0.0014282 secs] [Times: user=0.00 sys=0.00, real=0.01 secs] 
13.537: [GC 13.537: [ParNew
Desired survivor size 1343488 bytes, new threshold 4 (max 4)
- age   1:     383784 bytes,     383784 total
- age   2:      93368 bytes,     477152 total
- age   3:        800 bytes,     477952 total
- age   4:        160 bytes,     478112 total
: 16314K->469K(18624K), 0.0025785 secs] 22786K->6946K(81280K), 0.0026948 secs] [Times: user=0.00 sys=0.00, real=0.00 secs] 
13.551: [GC 13.553: [ParNew
Desired survivor size 1343488 bytes, new threshold 4 (max 4)
- age   1:     272208 bytes,     272208 total
- age   2:     252016 bytes,     524224 total
- age   3:      16288 bytes,     540512 total
- age   4:        800 bytes,     541312 total
: 16467K->529K(18624K), 0.0017592 secs] 22945K->7006K(81280K), 0.0031060 secs] [Times: user=0.01 sys=0.00, real=0.01 secs] 
13.568: [GC 13.568: [ParNew
Desired survivor size 1343488 bytes, new threshold 4 (max 4)
- age   1:     546136 bytes,     546136 total
- age   2:      25688 bytes,     571824 total
- age   4:      16288 bytes,     588112 total
: 16484K->575K(18624K), 0.0014284 secs] 22961K->7053K(81280K), 0.0015141 secs] [Times: user=0.00 sys=0.00, real=0.00 secs] 
13.580: [GC 13.581: [ParNew
Desired survivor size 1343488 bytes, new threshold 4 (max 4)
- age   1:     327392 bytes,     327392 total
- age   3:      25688 bytes,     353080 total
: 16552K->352K(18624K), 0.0014702 secs] 23030K->6846K(81280K), 0.0015676 secs] [Times: user=0.00 sys=0.00, real=0.00 secs] 
13.596: [GC 13.597: [ParNew
Desired survivor size 1343488 bytes, new threshold 4 (max 4)
- age   1:     559840 bytes,     559840 total
: 16283K->548K(18624K), 0.0011561 secs] 22777K->7042K(81280K), 0.0012477 secs] [Times: user=0.01 sys=0.00, real=0.00 secs] 
13.625: [GC 13.626: [ParNew
Desired survivor size 1343488 bytes, new threshold 4 (max 4)
- age   1:     564992 bytes,     564992 total
: 16546K->554K(18624K), 0.0015355 secs] 23039K->7047K(81280K), 0.0016560 secs] [Times: user=0.00 sys=0.00, real=0.00 secs] 
13.638: [GC 13.638: [ParNew
Desired survivor size 1343488 bytes, new threshold 4 (max 4)
- age   1:     363448 bytes,     363448 total
- age   2:      11608 bytes,     375056 total
: 16543K->372K(18624K), 0.0018084 secs] 23037K->6866K(81280K), 0.0019602 secs] [Times: user=0.00 sys=0.00, real=0.00 secs] 
13.653: [GC 13.653: [ParNew
Desired survivor size 1343488 bytes, new threshold 4 (max 4)
- age   1:     508496 bytes,     508496 total
- age   2:      82400 bytes,     590896 total
- age   3:      11608 bytes,     602504 total
: 16358K->593K(18624K), 0.0015234 secs] 22852K->7087K(81280K), 0.0016233 secs] [Times: user=0.00 sys=0.00, real=0.01 secs] 
13.668: [GC 13.669: [ParNew
Desired survivor size 1343488 bytes, new threshold 4 (max 4)
- age   1:     383104 bytes,     383104 total
- age   2:     164632 bytes,     547736 total
- age   3:      82400 bytes,     630136 total
- age   4:      10904 bytes,     641040 total
: 16593K->631K(18624K), 0.0019640 secs] 23087K->7125K(81280K), 0.0020501 secs] [Times: user=0.00 sys=0.00, real=0.00 secs] 
13.686: [GC 13.687: [ParNew
Desired survivor size 1343488 bytes, new threshold 4 (max 4)
- age   1:     363032 bytes,     363032 total
- age   2:        680 bytes,     363712 total
- age   3:     164632 bytes,     528344 total
- age   4:      82400 bytes,     610744 total
: 16603K->598K(18624K), 0.0022303 secs] 23097K->7103K(81280K), 0.0023139 secs] [Times: user=0.00 sys=0.00, real=0.00 secs] 
13.703: [GC 13.704: [ParNew
Desired survivor size 1343488 bytes, new threshold 4 (max 4)
- age   1:     767752 bytes,     767752 total
- age   2:       1800 bytes,     769552 total
- age   3:        680 bytes,     770232 total
: 16598K->755K(18624K), 0.0013390 secs] 23103K->7259K(81280K), 0.0014260 secs] [Times: user=0.01 sys=0.00, real=0.01 secs] 
13.720: [GC 13.720: [ParNew
Desired survivor size 1343488 bytes, new threshold 4 (max 4)
- age   1:     651736 bytes,     651736 total
- age   2:     165200 bytes,     816936 total
- age   3:       1800 bytes,     818736 total
- age   4:        568 bytes,     819304 total
: 16749K->801K(18624K), 0.0024524 secs] 23253K->7305K(81280K), 0.0025483 secs] [Times: user=0.01 sys=0.00, real=0.00 secs] 
13.738: [GC 13.738: [ParNew
Desired survivor size 1343488 bytes, new threshold 4 (max 4)
- age   1:     223848 bytes,     223848 total
- age   2:     636640 bytes,     860488 total
- age   3:       5160 bytes,     865648 total
- age   4:       1800 bytes,     867448 total
: 16719K->852K(18624K), 0.0017027 secs] 23223K->7357K(81280K), 0.0017955 secs] [Times: user=0.00 sys=0.00, real=0.00 secs] 
13.766: [GC 13.766: [ParNew
Desired survivor size 1343488 bytes, new threshold 4 (max 4)
- age   1:     760512 bytes,     760512 total
- age   2:     108352 bytes,     868864 total
- age   3:       3184 bytes,     872048 total
- age   4:       5160 bytes,     877208 total
: 16851K->858K(18624K), 0.0057378 secs] 23356K->7365K(81280K), 0.0058241 secs] [Times: user=0.01 sys=0.00, real=0.00 secs] 
13.789: [GC 13.789: [ParNew
Desired survivor size 1343488 bytes, new threshold 4 (max 4)
- age   1:     143368 bytes,     143368 total
- age   2:     528496 bytes,     671864 total
- age   3:      27352 bytes,     699216 total
- age   4:       3184 bytes,     702400 total
: 16858K->689K(18624K), 0.0019961 secs] 23365K->7201K(81280K), 0.0020855 secs] [Times: user=0.00 sys=0.00, real=0.00 secs] 
13.805: [GC 13.805: [ParNew
Desired survivor size 1343488 bytes, new threshold 4 (max 4)
- age   1:     406400 bytes,     406400 total
- age   2:      76840 bytes,     483240 total
- age   3:     413976 bytes,     897216 total
: 16672K->885K(18624K), 0.0016806 secs] 23183K->7400K(81280K), 0.0017829 secs] [Times: user=0.00 sys=0.00, real=0.00 secs] 
13.819: [GC 13.819: [ParNew
Desired survivor size 1343488 bytes, new threshold 4 (max 4)
- age   1:     350872 bytes,     350872 total
- age   2:     197176 bytes,     548048 total
- age   3:      76840 bytes,     624888 total
- age   4:     413976 bytes,    1038864 total
: 16856K->1034K(18624K), 0.0014604 secs] 23371K->7549K(81280K), 0.0015419 secs] [Times: user=0.00 sys=0.00, real=0.00 secs] 
13.833: [GC 13.833: [ParNew
Desired survivor size 1343488 bytes, new threshold 4 (max 4)
- age   1:     686256 bytes,     686256 total
- age   2:     285464 bytes,     971720 total
- age   3:      28408 bytes,    1000128 total
- age   4:      76840 bytes,    1076968 total
: 17018K->1070K(18624K), 0.0020010 secs] 23533K->7615K(81280K), 0.0021546 secs] [Times: user=0.01 sys=0.00, real=0.01 secs] 
13.851: [GC 13.851: [ParNew
Desired survivor size 1343488 bytes, new threshold 4 (max 4)
- age   1:     503272 bytes,     503272 total
- age   2:     219048 bytes,     722320 total
- age   3:     214080 bytes,     936400 total
- age   4:      28408 bytes,     964808 total
: 17044K->977K(18624K), 0.0012084 secs] 23589K->7598K(81280K), 0.0012992 secs] [Times: user=0.01 sys=0.00, real=0.00 secs] 
13.865: [GC 13.866: [ParNew
Desired survivor size 1343488 bytes, new threshold 4 (max 4)
- age   1:     586072 bytes,     586072 total
- age   2:      74056 bytes,     660128 total
- age   3:     219048 bytes,     879176 total
: 16912K->871K(18624K), 0.0020185 secs] 23532K->7519K(81280K), 0.0021066 secs] [Times: user=0.01 sys=0.00, real=0.00 secs] 
13.879: [GC 13.879: [ParNew
Desired survivor size 1343488 bytes, new threshold 4 (max 4)
- age   1:     482960 bytes,     482960 total
- age   2:     401752 bytes,     884712 total
- age   3:         40 bytes,     884752 total
- age   4:     144976 bytes,    1029728 total
: 16798K->1006K(18624K), 0.0028404 secs] 23446K->7654K(81280K), 0.0029323 secs] [Times: user=0.00 sys=0.00, real=0.00 secs] 
13.898: [GC 13.898: [ParNew
Desired survivor size 1343488 bytes, new threshold 4 (max 4)
- age   1:     360656 bytes,     360656 total
- age   2:     308464 bytes,     669120 total
- age   3:     244840 bytes,     913960 total
- age   4:         40 bytes,     914000 total
: 17006K->895K(18624K), 0.0014114 secs] 23654K->7684K(81280K), 0.0015110 secs] [Times: user=0.00 sys=0.00, real=0.00 secs] 
13.915: [GC 13.915: [ParNew
Desired survivor size 1343488 bytes, new threshold 4 (max 4)
- age   1:     571736 bytes,     571736 total
- age   2:     334928 bytes,     906664 total
- age   3:      60664 bytes,     967328 total
- age   4:     244840 bytes,    1212168 total
: 16888K->1186K(18624K), 0.0017053 secs] 23678K->7975K(81280K), 0.0018037 secs] [Times: user=0.00 sys=0.00, real=0.00 secs] 
13.930: [GC 13.930: [ParNew
Desired survivor size 1343488 bytes, new threshold 4 (max 4)
- age   1:     776048 bytes,     776048 total
- age   2:      88680 bytes,     864728 total
- age   3:      14384 bytes,     879112 total
- age   4:      60664 bytes,     939776 total
: 17169K->930K(18624K), 0.0013029 secs] 23959K->7720K(81280K), 0.0013954 secs] [Times: user=0.00 sys=0.00, real=0.00 secs] 
13.947: [GC 13.947: [ParNew
Desired survivor size 1343488 bytes, new threshold 4 (max 4)
- age   1:     383304 bytes,     383304 total
- age   2:     209232 bytes,     592536 total
- age   3:      88680 bytes,     681216 total
- age   4:      14384 bytes,     695600 total
: 16894K->686K(18624K), 0.0010819 secs] 23684K->7476K(81280K), 0.0011627 secs] [Times: user=0.00 sys=0.00, real=0.00 secs] 
13.960: [GC 13.960: [ParNew
Desired survivor size 1343488 bytes, new threshold 4 (max 4)
- age   1:     626608 bytes,     626608 total
- age   2:     137656 bytes,     764264 total
- age   4:      88680 bytes,     852944 total
: 16642K->860K(18624K), 0.0014420 secs] 23432K->7663K(81280K), 0.0015262 secs] [Times: user=0.00 sys=0.00, real=0.00 secs] 
13.976: [GC 13.976: [ParNew
Desired survivor size 1343488 bytes, new threshold 4 (max 4)
- age   1:     295944 bytes,     295944 total
- age   2:     578144 bytes,     874088 total
- age   3:      62744 bytes,     936832 total
: 16851K->920K(18624K), 0.0014782 secs] 23655K->7810K(81280K), 0.0015664 secs] [Times: user=0.00 sys=0.00, real=0.00 secs] 
13.988: [GC 13.988: [ParNew
Desired survivor size 1343488 bytes, new threshold 4 (max 4)
- age   1:     856248 bytes,     856248 total
- age   2:     138496 bytes,     994744 total
- age   3:     247920 bytes,    1242664 total
- age   4:       2088 bytes,    1244752 total
: 16907K->1221K(18624K), 0.0018597 secs] 23798K->8111K(81280K), 0.0019666 secs] [Times: user=0.00 sys=0.00, real=0.00 secs] 
14.001: [GC 14.002: [ParNew
Desired survivor size 1343488 bytes, new threshold 2 (max 4)
- age   1:     949192 bytes,     949192 total
- age   2:     429592 bytes,    1378784 total
- age   3:      30376 bytes,    1409160 total
: 17212K->1383K(18624K), 0.0018004 secs] 24103K->8276K(81280K), 0.0019043 secs] [Times: user=0.00 sys=0.00, real=0.00 secs] 
14.016: [GC 14.017: [ParNew
Desired survivor size 1343488 bytes, new threshold 4 (max 4)
- age   1:     665704 bytes,     665704 total
- age   2:     480304 bytes,    1146008 total
: 17380K->1124K(18624K), 0.0023986 secs] 24273K->8207K(81280K), 0.0025485 secs] [Times: user=0.00 sys=0.00, real=0.00 secs] 
14.034: [GC 14.034: [ParNew
Desired survivor size 1343488 bytes, new threshold 4 (max 4)
- age   1:     302368 bytes,     302368 total
- age   2:     473400 bytes,     775768 total
- age   3:     251168 bytes,    1026936 total
: 17120K->1005K(18624K), 0.0014001 secs] 24202K->8088K(81280K), 0.0014891 secs] [Times: user=0.00 sys=0.00, real=0.01 secs] 
14.049: [GC 14.049: [ParNew
Desired survivor size 1343488 bytes, new threshold 4 (max 4)
- age   1:     813072 bytes,     813072 total
- age   2:     117176 bytes,     930248 total
- age   3:     169096 bytes,    1099344 total
: 17005K->1075K(18624K), 0.0013638 secs] 24088K->8158K(81280K), 0.0014455 secs] [Times: user=0.01 sys=0.00, real=0.00 secs] 
14.066: [GC 14.066: [ParNew
Desired survivor size 1343488 bytes, new threshold 4 (max 4)
- age   1:     642440 bytes,     642440 total
- age   2:     618256 bytes,    1260696 total
- age   3:        120 bytes,    1260816 total
: 17069K->1235K(18624K), 0.0014916 secs] 24151K->8318K(81280K), 0.0015829 secs] [Times: user=0.00 sys=0.00, real=0.00 secs] 
14.080: [GC 14.080: [ParNew
Desired survivor size 1343488 bytes, new threshold 4 (max 4)
- age   1:     449816 bytes,     449816 total
- age   2:     414152 bytes,     863968 total
- age   3:     228824 bytes,    1092792 total
- age   4:        120 bytes,    1092912 total
: 17230K->1075K(18624K), 0.0015497 secs] 24312K->8158K(81280K), 0.0016425 secs] [Times: user=0.00 sys=0.00, real=0.00 secs] 
14.094: [GC 14.094: [ParNew
Desired survivor size 1343488 bytes, new threshold 4 (max 4)
- age   1:     592864 bytes,     592864 total
- age   2:     122376 bytes,     715240 total
- age   3:     414152 bytes,    1129392 total
- age   4:     143984 bytes,    1273376 total
: 17073K->1245K(18624K), 0.0015580 secs] 24156K->8328K(81280K), 0.0016507 secs] [Times: user=0.01 sys=0.00, real=0.00 secs] 
14.107: [GC 14.107: [ParNew
Desired survivor size 1343488 bytes, new threshold 4 (max 4)
- age   1:     288040 bytes,     288040 total
- age   2:     404320 bytes,     692360 total
- age   3:      92368 bytes,     784728 total
- age   4:     414152 bytes,    1198880 total
: 17235K->1180K(18624K), 0.0020783 secs] 24318K->8329K(81280K), 0.0021736 secs] [Times: user=0.01 sys=0.00, real=0.00 secs] 
14.125: [GC 14.125: [ParNew
Desired survivor size 1343488 bytes, new threshold 4 (max 4)
- age   1:     887376 bytes,     887376 total
- age   2:      86312 bytes,     973688 total
- age   3:       7904 bytes,     981592 total
- age   4:      92368 bytes,    1073960 total
: 17180K->1082K(18624K), 0.0013954 secs] 24329K->8254K(81280K), 0.0014645 secs] [Times: user=0.00 sys=0.00, real=0.00 secs] 
14.140: [GC 14.140: [ParNew
Desired survivor size 1343488 bytes, new threshold 4 (max 4)
- age   1:     274544 bytes,     274544 total
- age   2:     887080 bytes,    1161624 total
- age   3:      86312 bytes,    1247936 total
- age   4:       7904 bytes,    1255840 total
: 17059K->1236K(18624K), 0.0018555 secs] 24231K->8413K(81280K), 0.0019496 secs] [Times: user=0.01 sys=0.00, real=0.00 secs] 
14.156: [GC 14.157: [ParNew
Desired survivor size 1343488 bytes, new threshold 3 (max 4)
- age   1:     682680 bytes,     682680 total
- age   2:     243128 bytes,     925808 total
- age   3:     455360 bytes,    1381168 total
- age   4:      86312 bytes,    1467480 total
: 17233K->1455K(18624K), 0.0017559 secs] 24410K->8640K(81280K), 0.0020281 secs] [Times: user=0.01 sys=0.00, real=0.00 secs] 
14.174: [GC 14.174: [ParNew
Desired survivor size 1343488 bytes, new threshold 4 (max 4)
- age   1:     280952 bytes,     280952 total
- age   2:     395336 bytes,     676288 total
- age   3:     243128 bytes,     919416 total
: 17455K->902K(18624K), 0.0016095 secs] 24640K->8299K(81280K), 0.0016985 secs] [Times: user=0.00 sys=0.00, real=0.00 secs] 
14.189: [GC 14.189: [ParNew
Desired survivor size 1343488 bytes, new threshold 4 (max 4)
- age   1:     338608 bytes,     338608 total
- age   2:     160192 bytes,     498800 total
- age   3:     395336 bytes,     894136 total
- age   4:      10144 bytes,     904280 total
: 16902K->889K(18624K), 0.0018180 secs] 24299K->8286K(81280K), 0.0019059 secs] [Times: user=0.00 sys=0.00, real=0.00 secs] 
14.209: [GC 14.209: [ParNew
Desired survivor size 1343488 bytes, new threshold 4 (max 4)
- age   1:     738512 bytes,     738512 total
- age   2:      99008 bytes,     837520 total
- age   3:      38520 bytes,     876040 total
- age   4:     265440 bytes,    1141480 total
: 16889K->1126K(18624K), 0.0015582 secs] 24286K->8533K(81280K), 0.0016378 secs] [Times: user=0.00 sys=0.00, real=0.00 secs] 
14.230: [GC 14.230: [ParNew
Desired survivor size 1343488 bytes, new threshold 4 (max 4)
- age   1:      65264 bytes,      65264 total
- age   2:     737808 bytes,     803072 total
- age   3:       4448 bytes,     807520 total
- age   4:      38520 bytes,     846040 total
: 17110K->839K(18624K), 0.0015318 secs] 24517K->8505K(81280K), 0.0016085 secs] [Times: user=0.01 sys=0.01, real=0.00 secs] 
14.251: [GC 14.251: [ParNew
Desired survivor size 1343488 bytes, new threshold 4 (max 4)
- age   1:     220192 bytes,     220192 total
- age   2:       6736 bytes,     226928 total
- age   3:     737808 bytes,     964736 total
- age   4:       4448 bytes,     969184 total
: 16837K->948K(18624K), 0.0030842 secs] 24503K->8652K(81280K), 0.0031750 secs] [Times: user=0.00 sys=0.00, real=0.01 secs] 
14.269: [GC 14.269: [ParNew
Desired survivor size 1343488 bytes, new threshold 4 (max 4)
- age   1:     517336 bytes,     517336 total
- age   2:      92032 bytes,     609368 total
- age   3:       6736 bytes,     616104 total
- age   4:     737808 bytes,    1353912 total
: 16910K->1365K(18624K), 0.0020101 secs] 24614K->9073K(81280K), 0.0021001 secs] [Times: user=0.00 sys=0.00, real=0.00 secs] 
14.290: [GC 14.290: [ParNew
Desired survivor size 1343488 bytes, new threshold 4 (max 4)
- age   1:     165112 bytes,     165112 total
- age   2:     408904 bytes,     574016 total
- age   3:      11984 bytes,     586000 total
- age   4:       5760 bytes,     591760 total
: 17365K->638K(18624K), 0.0023549 secs] 25073K->9066K(81280K), 0.0024308 secs] [Times: user=0.00 sys=0.01, real=0.00 secs] 
14.309: [GC 14.309: [ParNew
Desired survivor size 1343488 bytes, new threshold 4 (max 4)
- age   1:     409216 bytes,     409216 total
- age   2:     165112 bytes,     574328 total
- age   3:     189560 bytes,     763888 total
- age   4:      11984 bytes,     775872 total
: 16513K->798K(18624K), 0.0028976 secs] 24942K->9232K(81280K), 0.0029773 secs] [Times: user=0.01 sys=0.00, real=0.00 secs] 
14.327: [GC 14.328: [ParNew
Desired survivor size 1343488 bytes, new threshold 4 (max 4)
- age   1:     577008 bytes,     577008 total
- age   2:      57896 bytes,     634904 total
- age   3:      86264 bytes,     721168 total
- age   4:     150080 bytes,     871248 total
: 16785K->857K(18624K), 0.0023654 secs] 25219K->9303K(81280K), 0.0024581 secs] [Times: user=0.00 sys=0.00, real=0.00 secs] 
14.346: [GC 14.346: [ParNew
Desired survivor size 1343488 bytes, new threshold 4 (max 4)
- age   1:     430168 bytes,     430168 total
- age   2:      40856 bytes,     471024 total
- age   3:      57896 bytes,     528920 total
- age   4:      86264 bytes,     615184 total
: 16847K->603K(18624K), 0.0021502 secs] 25293K->9195K(81280K), 0.0022823 secs] [Times: user=0.00 sys=0.00, real=0.00 secs] 
14.365: [GC 14.365: [ParNew
Desired survivor size 1343488 bytes, new threshold 4 (max 4)
- age   1:     456288 bytes,     456288 total
- age   2:     348520 bytes,     804808 total
- age   4:      57896 bytes,     862704 total
: 16511K->869K(18624K), 0.0027341 secs] 25104K->9546K(81280K), 0.0028799 secs] [Times: user=0.00 sys=0.00, real=0.00 secs] 
14.383: [GC 14.383: [ParNew
Desired survivor size 1343488 bytes, new threshold 4 (max 4)
- age   1:     658720 bytes,     658720 total
- age   2:     177512 bytes,     836232 total
- age   3:     348520 bytes,    1184752 total
: 16865K->1182K(18624K), 0.0022625 secs] 25542K->9915K(81280K), 0.0023589 secs] [Times: user=0.00 sys=0.00, real=0.01 secs] 
14.408: [GC 14.408: [ParNew
Desired survivor size 1343488 bytes, new threshold 4 (max 4)
- age   1:     376896 bytes,     376896 total
- age   2:     159184 bytes,     536080 total
- age   3:     177512 bytes,     713592 total
- age   4:     348520 bytes,    1062112 total
: 17176K->1103K(18624K), 0.0013346 secs] 25909K->9836K(81280K), 0.0014204 secs] [Times: user=0.01 sys=0.00, real=0.00 secs] 
14.421: [GC 14.421: [ParNew
Desired survivor size 1343488 bytes, new threshold 4 (max 4)
- age   1:     656440 bytes,     656440 total
- age   2:      75328 bytes,     731768 total
- age   3:      80456 bytes,     812224 total
- age   4:     177512 bytes,     989736 total
: 17035K->1063K(18624K), 0.0056873 secs] 25768K->10137K(81280K), 0.0058160 secs] [Times: user=0.00 sys=0.00, real=0.01 secs] 
14.438: [GC 14.439: [ParNew
Desired survivor size 1343488 bytes, new threshold 4 (max 4)
- age   1:     422568 bytes,     422568 total
- age   2:     145304 bytes,     567872 total
- age   3:      75328 bytes,     643200 total
- age   4:      80456 bytes,     723656 total
: 17026K->708K(18624K), 0.0021477 secs] 26099K->9955K(81280K), 0.0022667 secs] [Times: user=0.01 sys=0.00, real=0.00 secs] 
14.455: [GC 14.455: [ParNew
Desired survivor size 1343488 bytes, new threshold 4 (max 4)
- age   1:     419608 bytes,     419608 total
- age   2:     111304 bytes,     530912 total
- age   4:      75328 bytes,     606240 total
: 16646K->617K(18624K), 0.0015048 secs] 25893K->9943K(81280K), 0.0015958 secs] [Times: user=0.00 sys=0.00, real=0.00 secs] 
14.474: [GC 14.474: [ParNew
Desired survivor size 1343488 bytes, new threshold 4 (max 4)
- age   1:     815664 bytes,     815664 total
- age   3:     111304 bytes,     926968 total
: 16617K->913K(18624K), 0.0025290 secs] 25943K->10312K(81280K), 0.0026111 secs] [Times: user=0.01 sys=0.00, real=0.00 secs] 
14.494: [GC 14.494: [ParNew
Desired survivor size 1343488 bytes, new threshold 4 (max 4)
- age   1:     175008 bytes,     175008 total
- age   2:     815512 bytes,     990520 total
- age   4:     111304 bytes,    1101824 total
: 16897K->1080K(18624K), 0.0016838 secs] 26296K->10479K(81280K), 0.0018056 secs] [Times: user=0.00 sys=0.00, real=0.00 secs] 
14.510: [GC 14.510: [ParNew
Desired survivor size 1343488 bytes, new threshold 3 (max 4)
- age   1:     545592 bytes,     545592 total
- age   2:     155752 bytes,     701344 total
- age   3:     815512 bytes,    1516856 total
: 17025K->1486K(18624K), 0.0025082 secs] 26425K->10994K(81280K), 0.0025980 secs] [Times: user=0.00 sys=0.00, real=0.00 secs] 
14.526: [GC 14.526: [ParNew
Desired survivor size 1343488 bytes, new threshold 3 (max 4)
- age   1:     923176 bytes,     923176 total
- age   2:     290944 bytes,    1214120 total
- age   3:     155752 bytes,    1369872 total
: 17471K->1347K(18624K), 0.0021062 secs] 26978K->11069K(81280K), 0.0021986 secs] [Times: user=0.00 sys=0.00, real=0.00 secs] 
14.541: [GC 14.541: [ParNew
Desired survivor size 1343488 bytes, new threshold 4 (max 4)
- age   1:     416512 bytes,     416512 total
- age   2:     604968 bytes,    1021480 total
- age   3:     290944 bytes,    1312424 total
: 17331K->1283K(18624K), 0.0017808 secs] 27053K->11157K(81280K), 0.0018714 secs] [Times: user=0.01 sys=0.00, real=0.00 secs] 
14.555: [GC 14.555: [ParNew
Desired survivor size 1343488 bytes, new threshold 4 (max 4)
- age   1:     371168 bytes,     371168 total
- age   2:     310792 bytes,     681960 total
- age   3:     604968 bytes,    1286928 total
- age   4:     290944 bytes,    1577872 total
: 17261K->1543K(18624K), 0.0019018 secs] 27134K->11416K(81280K), 0.0020929 secs] [Times: user=0.00 sys=0.00, real=0.00 secs] 
14.573: [GC 14.573: [ParNew
Desired survivor size 1343488 bytes, new threshold 4 (max 4)
- age   1:     719216 bytes,     719216 total
- age   2:     288384 bytes,    1007600 total
- age   3:     310792 bytes,    1318392 total
- age   4:     523800 bytes,    1842192 total
: 17541K->1801K(18624K), 0.0026147 secs] 27414K->11928K(81280K), 0.0027014 secs] [Times: user=0.01 sys=0.00, real=0.01 secs] 
14.592: [GC 14.592: [ParNew
Desired survivor size 1343488 bytes, new threshold 3 (max 4)
- age   1:     755528 bytes,     755528 total
- age   2:     321040 bytes,    1076568 total
- age   3:     288384 bytes,    1364952 total
- age   4:     310792 bytes,    1675744 total
: 17762K->1638K(18624K), 0.0024015 secs] 27890K->12112K(81280K), 0.0024927 secs] [Times: user=0.01 sys=0.00, real=0.01 secs] 
14.611: [GC 14.611: [ParNew
Desired survivor size 1343488 bytes, new threshold 3 (max 4)
- age   1:     466200 bytes,     466200 total
- age   2:     674736 bytes,    1140936 total
- age   3:     321040 bytes,    1461976 total
: 17638K->1431K(18624K), 0.0023860 secs] 28112K->12264K(81280K), 0.0024692 secs] [Times: user=0.00 sys=0.00, real=0.00 secs] 
14.626: [GC 14.626: [ParNew
Desired survivor size 1343488 bytes, new threshold 4 (max 4)
- age   1:     397272 bytes,     397272 total
- age   2:     466200 bytes,     863472 total
- age   3:     383424 bytes,    1246896 total
: 17431K->1221K(18624K), 0.0025278 secs] 28264K->12368K(81280K), 0.0026195 secs] [Times: user=0.00 sys=0.00, real=0.00 secs] 
14.646: [GC 14.646: [ParNew
Desired survivor size 1343488 bytes, new threshold 4 (max 4)
- age   1:     252552 bytes,     252552 total
- age   2:     397272 bytes,     649824 total
- age   3:     466200 bytes,    1116024 total
- age   4:     383424 bytes,    1499448 total
: 17221K->1468K(18624K), 0.0018906 secs] 28368K->12615K(81280K), 0.0019795 secs] [Times: user=0.00 sys=0.00, real=0.00 secs] 
14.662: [GC 14.662: [ParNew
Desired survivor size 1343488 bytes, new threshold 4 (max 4)
- age   1:     504608 bytes,     504608 total
- age   2:     129696 bytes,     634304 total
- age   3:     397272 bytes,    1031576 total
- age   4:     170920 bytes,    1202496 total
: 17458K->1178K(18624K), 0.0023455 secs] 28604K->12699K(81280K), 0.0024267 secs] [Times: user=0.00 sys=0.01, real=0.01 secs] 
14.677: [GC 14.677: [ParNew
Desired survivor size 1343488 bytes, new threshold 4 (max 4)
- age   1:     561200 bytes,     561200 total
- age   2:      27600 bytes,     588800 total
- age   3:     129696 bytes,     718496 total
- age   4:     397272 bytes,    1115768 total
: 17124K->1104K(18624K), 0.0021360 secs] 28645K->12792K(81280K), 0.0022403 secs] [Times: user=0.00 sys=0.00, real=0.00 secs] 
14.691: [GC 14.691: [ParNew
Desired survivor size 1343488 bytes, new threshold 4 (max 4)
- age   1:     778616 bytes,     778616 total
- age   2:     471352 bytes,    1249968 total
- age   3:       2800 bytes,    1252768 total
- age   4:     129696 bytes,    1382464 total
: 17098K->1362K(18624K), 0.0021026 secs] 28785K->13438K(81280K), 0.0022016 secs] [Times: user=0.00 sys=0.00, real=0.00 secs] 
14.706: [GC 14.706: [ParNew
Desired survivor size 1343488 bytes, new threshold 3 (max 4)
- age   1:     585952 bytes,     585952 total
- age   2:     747608 bytes,    1333560 total
- age   3:     471352 bytes,    1804912 total
- age   4:       2800 bytes,    1807712 total
: 17355K->1811K(18624K), 0.0023750 secs] 29431K->13989K(81280K), 0.0025014 secs] [Times: user=0.01 sys=0.00, real=0.00 secs] 
14.725: [GC 14.725: [ParNew
Desired survivor size 1343488 bytes, new threshold 3 (max 4)
- age   1:     348808 bytes,     348808 total
- age   2:     469432 bytes,     818240 total
- age   3:     747608 bytes,    1565848 total
: 17799K->1546K(18624K), 0.0022077 secs] 29978K->14012K(81280K), 0.0023123 secs] [Times: user=0.00 sys=0.00, real=0.00 secs] 
14.746: [GC 14.746: [ParNew
Desired survivor size 1343488 bytes, new threshold 3 (max 4)
- age   1:    1099728 bytes,    1099728 total
- age   2:     139664 bytes,    1239392 total
- age   3:     221488 bytes,    1460880 total
: 17442K->1434K(18624K), 0.0027854 secs] 29908K->14631K(81280K), 0.0029186 secs] [Times: user=0.00 sys=0.00, real=0.00 secs] 
14.761: [GC 14.761: [ParNew
Desired survivor size 1343488 bytes, new threshold 2 (max 4)
- age   1:     500048 bytes,     500048 total
- age   2:     931032 bytes,    1431080 total
- age   3:     139664 bytes,    1570744 total
: 17433K->1537K(18624K), 0.0022037 secs] 30630K->14934K(81280K), 0.0022954 secs] [Times: user=0.00 sys=0.01, real=0.01 secs] 
14.776: [GC 14.776: [ParNew
Desired survivor size 1343488 bytes, new threshold 4 (max 4)
- age   1:     515824 bytes,     515824 total
- age   2:     474640 bytes,     990464 total
: 17529K->974K(18624K), 0.0037224 secs] 30926K->15416K(81280K), 0.0038202 secs] [Times: user=0.00 sys=0.00, real=0.00 secs] 
14.803: [GC 14.803: [ParNew
Desired survivor size 1343488 bytes, new threshold 4 (max 4)
- age   1:     512120 bytes,     512120 total
- age   2:     356568 bytes,     868688 total
- age   3:     301696 bytes,    1170384 total
: 16974K->1145K(18624K), 0.0028076 secs] 31416K->15588K(81280K), 0.0030689 secs] [Times: user=0.00 sys=0.00, real=0.01 secs] 
14.834: [GC 14.835: [ParNew
Desired survivor size 1343488 bytes, new threshold 4 (max 4)
- age   1:      85960 bytes,      85960 total
- age   2:     471536 bytes,     557496 total
- age   3:     356568 bytes,     914064 total
- age   4:     301696 bytes,    1215760 total
: 17143K->1191K(18624K), 0.0041379 secs] 31586K->15634K(81280K), 0.0042347 secs] [Times: user=0.00 sys=0.00, real=0.00 secs] 
14.854: [GC 14.854: [ParNew
Desired survivor size 1343488 bytes, new threshold 4 (max 4)
- age   1:     550432 bytes,     550432 total
- age   2:      20592 bytes,     571024 total
- age   3:     471536 bytes,    1042560 total
- age   4:     355288 bytes,    1397848 total
: 17158K->1379K(18624K), 0.0058425 secs] 31601K->16116K(81280K), 0.0059448 secs] [Times: user=0.01 sys=0.01, real=0.00 secs] 
14.879: [GC 14.879: [ParNew
Desired survivor size 1343488 bytes, new threshold 4 (max 4)
- age   1:     267264 bytes,     267264 total
- age   2:     505008 bytes,     772272 total
- age   3:      20592 bytes,     792864 total
- age   4:     303936 bytes,    1096800 total
: 17379K->1079K(18624K), 0.0020595 secs] 32116K->16163K(81280K), 0.0021655 secs] [Times: user=0.01 sys=0.00, real=0.00 secs] 
14.894: [GC 14.894: [ParNew
Desired survivor size 1343488 bytes, new threshold 4 (max 4)
- age   1:     725752 bytes,     725752 total
- age   2:     267264 bytes,     993016 total
- age   3:     241968 bytes,    1234984 total
- age   4:       7000 bytes,    1241984 total
: 17079K->1262K(18624K), 0.0020538 secs] 32163K->16644K(81280K), 0.0021613 secs] [Times: user=0.00 sys=0.00, real=0.00 secs] 
14.912: [GC 14.912: [ParNew
Desired survivor size 1343488 bytes, new threshold 4 (max 4)
- age   1:     126840 bytes,     126840 total
- age   2:     455136 bytes,     581976 total
- age   3:     267264 bytes,     849240 total
- age   4:     240048 bytes,    1089288 total
: 17258K->1083K(18624K), 0.0027100 secs] 32639K->16471K(81280K), 0.0028134 secs] [Times: user=0.01 sys=0.00, real=0.01 secs] 
14.928: [GC 14.928: [ParNew
Desired survivor size 1343488 bytes, new threshold 4 (max 4)
- age   1:     494056 bytes,     494056 total
- age   2:      11016 bytes,     505072 total
- age   3:     455136 bytes,     960208 total
- age   4:      90896 bytes,    1051104 total
: 17066K->1058K(18624K), 0.0017606 secs] 32454K->16681K(81280K), 0.0018502 secs] [Times: user=0.01 sys=0.00, real=0.00 secs] 
14.943: [GC 14.943: [ParNew
Desired survivor size 1343488 bytes, new threshold 2 (max 4)
- age   1:    1143152 bytes,    1143152 total
- age   2:     224512 bytes,    1367664 total
- age   3:      11016 bytes,    1378680 total
- age   4:     455136 bytes,    1833816 total
: 17023K->1814K(18624K), 0.0024665 secs] 32646K->17525K(81280K), 0.0025774 secs] [Times: user=0.01 sys=0.00, real=0.01 secs] 
14.958: [GC 14.958: [ParNew
Desired survivor size 1343488 bytes, new threshold 2 (max 4)
- age   1:     603960 bytes,     603960 total
- age   2:     860808 bytes,    1464768 total
: 17803K->1452K(18624K), 0.0026838 secs] 33514K->17798K(81280K), 0.0028255 secs] [Times: user=0.00 sys=0.00, real=0.00 secs] 
14.977: [GC 14.977: [ParNew
Desired survivor size 1343488 bytes, new threshold 4 (max 4)
- age   1:     578488 bytes,     578488 total
- age   2:     191808 bytes,     770296 total
: 17444K->757K(18624K), 0.0040322 secs] 33789K->17943K(81280K), 0.0041215 secs] [Times: user=0.01 sys=0.00, real=0.00 secs] 
14.999: [GC 14.999: [ParNew
Desired survivor size 1343488 bytes, new threshold 4 (max 4)
- age   1:     192088 bytes,     192088 total
- age   2:     488472 bytes,     680560 total
- age   3:     129216 bytes,     809776 total
: 16755K->791K(18624K), 0.0044586 secs] 33941K->17977K(81280K), 0.0045527 secs] [Times: user=0.01 sys=0.00, real=0.00 secs] 
15.020: [GC 15.020: [ParNew
Desired survivor size 1343488 bytes, new threshold 4 (max 4)
- age   1:     568824 bytes,     568824 total
- age   2:     161992 bytes,     730816 total
- age   3:      51800 bytes,     782616 total
- age   4:     129216 bytes,     911832 total
: 16766K->891K(18624K), 0.0012171 secs] 33952K->18077K(81280K), 0.0012932 secs] [Times: user=0.00 sys=0.00, real=0.00 secs] 
15.034: [GC 15.034: [ParNew
Desired survivor size 1343488 bytes, new threshold 4 (max 4)
- age   1:     340320 bytes,     340320 total
- age   2:     478064 bytes,     818384 total
- age   3:      34888 bytes,     853272 total
- age   4:      51800 bytes,     905072 total
: 16879K->884K(18624K), 0.0026185 secs] 34066K->18196K(81280K), 0.0027167 secs] [Times: user=0.01 sys=0.01, real=0.00 secs] 
15.053: [GC 15.053: [ParNew
Desired survivor size 1343488 bytes, new threshold 4 (max 4)
- age   1:     368712 bytes,     368712 total
- age   2:     263224 bytes,     631936 total
- age   3:     185984 bytes,     817920 total
- age   4:      34888 bytes,     852808 total
: 16870K->833K(18624K), 0.0019704 secs] 34182K->18196K(81280K), 0.0020612 secs] [Times: user=0.01 sys=0.00, real=0.01 secs] 
15.068: [GC 15.068: [ParNew
Desired survivor size 1343488 bytes, new threshold 4 (max 4)
- age   1:     337240 bytes,     337240 total
- age   2:     292408 bytes,     629648 total
- age   3:     225040 bytes,     854688 total
- age   4:     185984 bytes,    1040672 total
: 16823K->1018K(18624K), 0.0030162 secs] 34186K->18415K(81280K), 0.0031138 secs] [Times: user=0.00 sys=0.00, real=0.00 secs] 
15.084: [GC 15.085: [ParNew
Desired survivor size 1343488 bytes, new threshold 4 (max 4)
- age   1:     729560 bytes,     729560 total
- age   2:      75272 bytes,     804832 total
- age   3:     292408 bytes,    1097240 total
- age   4:     225040 bytes,    1322280 total
: 16967K->1294K(18624K), 0.0042849 secs] 34364K->18873K(81280K), 0.0043917 secs] [Times: user=0.00 sys=0.00, real=0.00 secs] 
15.103: [GC 15.104: [ParNew
Desired survivor size 1343488 bytes, new threshold 4 (max 4)
- age   1:     702424 bytes,     702424 total
- age   2:     121760 bytes,     824184 total
- age   3:      75272 bytes,     899456 total
- age   4:     292408 bytes,    1191864 total
: 17274K->1165K(18624K), 0.0037239 secs] 34853K->18964K(81280K), 0.0038169 secs] [Times: user=0.00 sys=0.01, real=0.01 secs] 
15.120: [GC 15.121: [ParNew
Desired survivor size 1343488 bytes, new threshold 3 (max 4)
- age   1:     614224 bytes,     614224 total
- age   2:     637936 bytes,    1252160 total
- age   3:     121760 bytes,    1373920 total
- age   4:      75272 bytes,    1449192 total
: 17137K->1417K(18624K), 0.0047119 secs] 34935K->19501K(81280K), 0.0048200 secs] [Times: user=0.01 sys=0.00, real=0.01 secs] 
15.140: [GC 15.141: [ParNew
Desired survivor size 1343488 bytes, new threshold 4 (max 4)
- age   1:     482456 bytes,     482456 total
- age   2:     442504 bytes,     924960 total
- age   3:     147016 bytes,    1071976 total
: 17417K->1048K(18624K), 0.0030794 secs] 35501K->19325K(81280K), 0.0031673 secs] [Times: user=0.01 sys=0.00, real=0.01 secs] 
15.162: [GC 15.162: [ParNew
Desired survivor size 1343488 bytes, new threshold 3 (max 4)
- age   1:     502880 bytes,     502880 total
- age   2:     482456 bytes,     985336 total
- age   3:     442504 bytes,    1427840 total
- age   4:      12576 bytes,    1440416 total
: 17040K->1414K(18624K), 0.0027780 secs] 35317K->19691K(81280K), 0.0029261 secs] [Times: user=0.01 sys=0.01, real=0.01 secs] 
15.177: [GC 15.177: [ParNew
Desired survivor size 1343488 bytes, new threshold 4 (max 4)
- age   1:     334280 bytes,     334280 total
- age   2:     113192 bytes,     447472 total
- age   3:     482456 bytes,     929928 total
: 17407K->910K(18624K), 0.0044960 secs] 35683K->19631K(81280K), 0.0046135 secs] [Times: user=0.01 sys=0.00, real=0.00 secs] 
15.194: [GC 15.194: [ParNew
Desired survivor size 1343488 bytes, new threshold 4 (max 4)
- age   1:     265464 bytes,     265464 total
- age   2:      45280 bytes,     310744 total
- age   3:     113192 bytes,     423936 total
- age   4:     482456 bytes,     906392 total
: 16846K->885K(18624K), 0.0020693 secs] 35567K->19606K(81280K), 0.0021664 secs] [Times: user=0.01 sys=0.00, real=0.00 secs] 
15.208: [GC 15.208: [ParNew
Desired survivor size 1343488 bytes, new threshold 4 (max 4)
- age   1:     141216 bytes,     141216 total
- age   3:      45280 bytes,     186496 total
- age   4:     113192 bytes,     299688 total
: 16879K->298K(18624K), 0.0031269 secs] 35599K->19490K(81280K), 0.0032448 secs] [Times: user=0.00 sys=0.00, real=0.00 secs] 
15.230: [GC 15.230: [ParNew
Desired survivor size 1343488 bytes, new threshold 4 (max 4)
- age   1:     616096 bytes,     616096 total
- age   2:      83816 bytes,     699912 total
- age   4:      45280 bytes,     745192 total
: 16271K->731K(18624K), 0.0013980 secs] 35463K->20033K(81280K), 0.0014857 secs] [Times: user=0.00 sys=0.00, real=0.00 secs] 
15.248: [GC 15.248: [ParNew
Desired survivor size 1343488 bytes, new threshold 4 (max 4)
- age   1:     755160 bytes,     755160 total
- age   2:     402192 bytes,    1157352 total
- age   3:      83760 bytes,    1241112 total
: 16707K->1215K(18624K), 0.0014932 secs] 36009K->20562K(81280K), 0.0015762 secs] [Times: user=0.00 sys=0.00, real=0.00 secs] 
15.261: [GC 15.261: [ParNew
Desired survivor size 1343488 bytes, new threshold 2 (max 4)
- age   1:    1196704 bytes,    1196704 total
- age   2:     419776 bytes,    1616480 total
- age   3:     402192 bytes,    2018672 total
- age   4:      83760 bytes,    2102432 total
: 17205K->2056K(18624K), 0.0024217 secs] 36552K->21403K(81280K), 0.0025281 secs] [Times: user=0.00 sys=0.00, real=0.00 secs] 
15.275: [GC 15.275: [ParNew
Desired survivor size 1343488 bytes, new threshold 4 (max 4)
- age   1:     362568 bytes,     362568 total
- age   2:     857104 bytes,    1219672 total
: 17999K->1194K(18624K), 0.0036175 secs] 37346K->21425K(81280K), 0.0037173 secs] [Times: user=0.00 sys=0.00, real=0.00 secs] 
15.291: [GC 15.291: [ParNew
Desired survivor size 1343488 bytes, new threshold 3 (max 4)
- age   1:     723096 bytes,     723096 total
- age   3:     857104 bytes,    1580200 total
: 17130K->1546K(18624K), 0.0020284 secs] 37361K->21777K(81280K), 0.0021883 secs] [Times: user=0.01 sys=0.00, real=0.00 secs] 
15.306: [GC 15.306: [ParNew
Desired survivor size 1343488 bytes, new threshold 4 (max 4)
- age   1:     184456 bytes,     184456 total
- age   2:     571880 bytes,     756336 total
: 17525K->742K(18624K), 0.0029741 secs] 37757K->21797K(81280K), 0.0030614 secs] [Times: user=0.01 sys=0.00, real=0.00 secs] 
15.322: [GC 15.322: [ParNew
Desired survivor size 1343488 bytes, new threshold 4 (max 4)
- age   1:     276240 bytes,     276240 total
- age   2:      23768 bytes,     300008 total
- age   3:     571880 bytes,     871888 total
: 16723K->854K(18624K), 0.0012773 secs] 37778K->21910K(81280K), 0.0013588 secs] [Times: user=0.01 sys=0.00, real=0.00 secs] 
15.334: [GC 15.334: [ParNew
Desired survivor size 1343488 bytes, new threshold 4 (max 4)
- age   1:     693568 bytes,     693568 total
- age   2:     137216 bytes,     830784 total
- age   3:      23768 bytes,     854552 total
- age   4:     438200 bytes,    1292752 total
: 16842K->1265K(18624K), 0.0017454 secs] 37897K->22321K(81280K), 0.0019342 secs] [Times: user=0.00 sys=0.00, real=0.00 secs] 
15.349: [GC 15.349: [ParNew
Desired survivor size 1343488 bytes, new threshold 4 (max 4)
- age   1:     888896 bytes,     888896 total
- age   2:     253016 bytes,    1141912 total
- age   3:      53312 bytes,    1195224 total
- age   4:      23768 bytes,    1218992 total
: 17265K->1193K(18624K), 0.0024372 secs] 38320K->22677K(81280K), 0.0025275 secs] [Times: user=0.00 sys=0.00, real=0.00 secs] 
15.364: [GC 15.364: [ParNew
Desired survivor size 1343488 bytes, new threshold 2 (max 4)
- age   1:     938736 bytes,     938736 total
- age   2:     481880 bytes,    1420616 total
- age   3:     252976 bytes,    1673592 total
- age   4:      53312 bytes,    1726904 total
: 17161K->1688K(18624K), 0.0022480 secs] 38644K->23195K(81280K), 0.0023554 secs] [Times: user=0.01 sys=0.00, real=0.01 secs] 
15.379: [GC 15.379: [ParNew
Desired survivor size 1343488 bytes, new threshold 2 (max 4)
- age   1:     709560 bytes,     709560 total
- age   2:     649576 bytes,    1359136 total
: 17677K->1327K(18624K), 0.0034614 secs] 39183K->23603K(81280K), 0.0035716 secs] [Times: user=0.01 sys=0.00, real=0.00 secs] 
15.394: [GC 15.395: [ParNew
Desired survivor size 1343488 bytes, new threshold 4 (max 4)
- age   1:     655880 bytes,     655880 total
- age   2:     488408 bytes,    1144288 total
: 17321K->1117K(18624K), 0.0021444 secs] 39597K->23588K(81280K), 0.0022474 secs] [Times: user=0.00 sys=0.00, real=0.00 secs] 
15.409: [GC 15.409: [ParNew
Desired survivor size 1343488 bytes, new threshold 4 (max 4)
- age   1:     705176 bytes,     705176 total
- age   2:     272032 bytes,     977208 total
- age   3:     334944 bytes,    1312152 total
: 17084K->1283K(18624K), 0.0034772 secs] 39555K->23754K(81280K), 0.0038390 secs] [Times: user=0.00 sys=0.01, real=0.00 secs] 
15.429: [GC 15.429: [ParNew
Desired survivor size 1343488 bytes, new threshold 4 (max 4)
- age   1:     674016 bytes,     674016 total
- age   2:     437352 bytes,    1111368 total
- age   3:     199040 bytes,    1310408 total
- age   4:     334944 bytes,    1645352 total
: 17240K->1608K(18624K), 0.0042952 secs] 39711K->24079K(81280K), 0.0044387 secs] [Times: user=0.01 sys=0.00, real=0.00 secs] 
15.447: [GC 15.447: [ParNew
Desired survivor size 1343488 bytes, new threshold 4 (max 4)
- age   1:     956024 bytes,     956024 total
- age   2:     264344 bytes,    1220368 total
- age   3:     121632 bytes,    1342000 total
- age   4:      57776 bytes,    1399776 total
: 17527K->1373K(18624K), 0.0020650 secs] 39998K->24171K(81280K), 0.0021543 secs] [Times: user=0.00 sys=0.00, real=0.00 secs] 
15.460: [GC 15.460: [ParNew
Desired survivor size 1343488 bytes, new threshold 4 (max 4)
- age   1:     121408 bytes,     121408 total
- age   2:     833168 bytes,     954576 total
- age   3:     264344 bytes,    1218920 total
- age   4:     121632 bytes,    1340552 total
: 17357K->1318K(18624K), 0.0020686 secs] 40156K->24126K(81280K), 0.0021647 secs] [Times: user=0.00 sys=0.00, real=0.00 secs] 
15.475: [GC 15.475: [ParNew
Desired survivor size 1343488 bytes, new threshold 3 (max 4)
- age   1:     630616 bytes,     630616 total
- age   2:     121320 bytes,     751936 total
- age   3:     833168 bytes,    1585104 total
- age   4:     264344 bytes,    1849448 total
: 17286K->1816K(18624K), 0.0022298 secs] 40094K->24742K(81280K), 0.0023433 secs] [Times: user=0.00 sys=0.00, real=0.00 secs] 
15.488: [GC 15.489: [ParNew
Desired survivor size 1343488 bytes, new threshold 4 (max 4)
- age   1:     567088 bytes,     567088 total
- age   2:     474400 bytes,    1041488 total
- age   3:     121320 bytes,    1162808 total
: 17790K->1142K(18624K), 0.0037041 secs] 40716K->25141K(81280K), 0.0038254 secs] [Times: user=0.01 sys=0.00, real=0.00 secs] 
15.509: [GC 15.509: [ParNew
Desired survivor size 1343488 bytes, new threshold 2 (max 4)
- age   1:     991024 bytes,     991024 total
- age   2:     394504 bytes,    1385528 total
- age   3:     474400 bytes,    1859928 total
- age   4:     121320 bytes,    1981248 total
: 17119K->1935K(18624K), 0.0026422 secs] 41118K->25934K(81280K), 0.0028205 secs] [Times: user=0.00 sys=0.00, real=0.00 secs] 
15.530: [GC 15.530: [ParNew
Desired survivor size 1343488 bytes, new threshold 4 (max 4)
- age   1:      82800 bytes,      82800 total
- age   2:     819912 bytes,     902712 total
: 17935K->884K(18624K), 0.0036681 secs] 41934K->25849K(81280K), 0.0037473 secs] [Times: user=0.01 sys=0.00, real=0.00 secs] 
15.546: [GC 15.546: [ParNew
Desired survivor size 1343488 bytes, new threshold 4 (max 4)
- age   1:     458248 bytes,     458248 total
- age   2:      82744 bytes,     540992 total
- age   3:     473904 bytes,    1014896 total
: 16884K->993K(18624K), 0.0014164 secs] 41849K->25959K(81280K), 0.0015108 secs] [Times: user=0.01 sys=0.00, real=0.00 secs] 
15.561: [GC 15.561: [ParNew
Desired survivor size 1343488 bytes, new threshold 4 (max 4)
- age   1:     890496 bytes,     890496 total
- age   2:     382352 bytes,    1272848 total
- age   3:       6776 bytes,    1279624 total
- age   4:     473904 bytes,    1753528 total
: 16989K->1716K(18624K), 0.0028056 secs] 41955K->26682K(81280K), 0.0028879 secs] [Times: user=0.00 sys=0.00, real=0.01 secs] 
15.578: [GC 15.578: [ParNew
Desired survivor size 1343488 bytes, new threshold 4 (max 4)
- age   1:     496432 bytes,     496432 total
- age   2:     361608 bytes,     858040 total
- age   3:     382352 bytes,    1240392 total
- age   4:       5848 bytes,    1246240 total
: 17604K->1222K(18624K), 0.0029286 secs] 42570K->26651K(81280K), 0.0030226 secs] [Times: user=0.00 sys=0.00, real=0.00 secs] 
15.597: [GC 15.597: [ParNew
Desired survivor size 1343488 bytes, new threshold 4 (max 4)
- age   1:     636624 bytes,     636624 total
- age   2:     260472 bytes,     897096 total
- age   3:     126832 bytes,    1023928 total
- age   4:     382352 bytes,    1406280 total
: 17133K->1379K(18624K), 0.0017276 secs] 42561K->26813K(81280K), 0.0018367 secs] [Times: user=0.00 sys=0.00, real=0.00 secs] 
15.614: [GC 15.614: [ParNew
Desired survivor size 1343488 bytes, new threshold 4 (max 4)
- age   1:     506184 bytes,     506184 total
- age   2:     117952 bytes,     624136 total
- age   3:       2440 bytes,     626576 total
- age   4:     126832 bytes,     753408 total
: 17368K->740K(18624K), 0.0029672 secs] 42802K->26548K(81280K), 0.0030572 secs] [Times: user=0.00 sys=0.00, real=0.01 secs] 
15.628: [GC 15.629: [ParNew
Desired survivor size 1343488 bytes, new threshold 4 (max 4)
- age   1:     245224 bytes,     245224 total
- age   2:     441696 bytes,     686920 total
- age   3:       6184 bytes,     693104 total
- age   4:       2440 bytes,     695544 total
: 16711K->681K(18624K), 0.0020960 secs] 42519K->26613K(81280K), 0.0021908 secs] [Times: user=0.00 sys=0.01, real=0.00 secs] 
15.645: [GC 15.645: [ParNew
Desired survivor size 1343488 bytes, new threshold 4 (max 4)
- age   1:     601160 bytes,     601160 total
- age   2:     147144 bytes,     748304 total
- age   3:      10400 bytes,     758704 total
- age   4:       6184 bytes,     764888 total
: 16662K->755K(18624K), 0.0012696 secs] 42593K->26688K(81280K), 0.0013756 secs] [Times: user=0.00 sys=0.00, real=0.00 secs] 
15.659: [GC 15.659: [ParNew
Desired survivor size 1343488 bytes, new threshold 4 (max 4)
- age   1:     394424 bytes,     394424 total
- age   2:     243856 bytes,     638280 total
- age   3:     147144 bytes,     785424 total
- age   4:      10400 bytes,     795824 total
: 16739K->784K(18624K), 0.0015329 secs] 42672K->26724K(81280K), 0.0016373 secs] [Times: user=0.00 sys=0.00, real=0.00 secs] 
15.672: [GC 15.672: [ParNew
Desired survivor size 1343488 bytes, new threshold 4 (max 4)
- age   1:     310864 bytes,     310864 total
- age   2:     229104 bytes,     539968 total
- age   3:     140280 bytes,     680248 total
- age   4:     147144 bytes,     827392 total
: 16758K->816K(18624K), 0.0013564 secs] 42698K->26766K(81280K), 0.0014492 secs] [Times: user=0.00 sys=0.00, real=0.00 secs] 
15.686: [GC 15.686: [ParNew
Desired survivor size 1343488 bytes, new threshold 4 (max 4)
- age   1:     688384 bytes,     688384 total
- age   3:     229104 bytes,     917488 total
- age   4:       4528 bytes,     922016 total
: 16777K->907K(18624K), 0.0016203 secs] 42727K->27000K(81280K), 0.0018652 secs] [Times: user=0.00 sys=0.00, real=0.00 secs] 
15.699: [GC 15.699: [ParNew
Desired survivor size 1343488 bytes, new threshold 4 (max 4)
- age   1:     262992 bytes,     262992 total
- age   2:     579896 bytes,     842888 total
- age   4:      60224 bytes,     903112 total
: 16907K->888K(18624K), 0.0018865 secs] 43000K->26986K(81280K), 0.0020141 secs] [Times: user=0.01 sys=0.00, real=0.00 secs] 
15.715: [GC 15.715: [ParNew
Desired survivor size 1343488 bytes, new threshold 4 (max 4)
- age   1:     434600 bytes,     434600 total
- age   2:      87576 bytes,     522176 total
- age   3:     266856 bytes,     789032 total
: 16888K->774K(18624K), 0.0014608 secs] 42986K->26878K(81280K), 0.0015577 secs] [Times: user=0.01 sys=0.00, real=0.00 secs] 
15.729: [GC 15.730: [ParNew
Desired survivor size 1343488 bytes, new threshold 4 (max 4)
- age   1:     694624 bytes,     694624 total
- age   2:     215552 bytes,     910176 total
- age   3:      87576 bytes,     997752 total
- age   4:     266856 bytes,    1264608 total
: 16773K->1238K(18624K), 0.0017375 secs] 42877K->27342K(81280K), 0.0018376 secs] [Times: user=0.00 sys=0.00, real=0.00 secs] 
15.743: [GC 15.743: [ParNew
Desired survivor size 1343488 bytes, new threshold 3 (max 4)
- age   1:     773704 bytes,     773704 total
- age   2:     553712 bytes,    1327416 total
- age   3:     215552 bytes,    1542968 total
- age   4:      87576 bytes,    1630544 total
: 17211K->1596K(18624K), 0.0024967 secs] 43315K->27961K(81280K), 0.0026342 secs] [Times: user=0.00 sys=0.00, real=0.01 secs] 
15.763: [GC 15.763: [ParNew
Desired survivor size 1343488 bytes, new threshold 2 (max 4)
- age   1:     670984 bytes,     670984 total
- age   2:     720896 bytes,    1391880 total
- age   3:     553712 bytes,    1945592 total
: 17578K->1904K(18624K), 0.0023819 secs] 43943K->28564K(81280K), 0.0024869 secs] [Times: user=0.00 sys=0.00, real=0.01 secs] 
15.781: [GC 15.781: [ParNew
Desired survivor size 1343488 bytes, new threshold 4 (max 4)
- age   1:     712984 bytes,     712984 total
- age   2:     510232 bytes,    1223216 total
: 17904K->1201K(18624K), 0.0030629 secs] 44564K->28741K(81280K), 0.0033330 secs] [Times: user=0.00 sys=0.00, real=0.01 secs] 
15.795: [GC 15.795: [ParNew
Desired survivor size 1343488 bytes, new threshold 3 (max 4)
- age   1:     586808 bytes,     586808 total
- age   2:     621392 bytes,    1208200 total
- age   3:     378408 bytes,    1586608 total
: 17180K->1554K(18624K), 0.0020786 secs] 44720K->29093K(81280K), 0.0021820 secs] [Times: user=0.00 sys=0.00, real=0.00 secs] 
15.810: [GC 15.810: [ParNew
Desired survivor size 1343488 bytes, new threshold 3 (max 4)
- age   1:     848648 bytes,     848648 total
- age   2:     436224 bytes,    1284872 total
- age   3:     621392 bytes,    1906264 total
: 17468K->1873K(18624K), 0.0030190 secs] 45007K->29782K(81280K), 0.0031462 secs] [Times: user=0.01 sys=0.00, real=0.00 secs] 
15.833: [GC 15.833: [ParNew
Desired survivor size 1343488 bytes, new threshold 2 (max 4)
- age   1:     919640 bytes,     919640 total
- age   2:     690672 bytes,    1610312 total
- age   3:     436224 bytes,    2046536 total
: 17866K->2003K(18624K), 0.0026205 secs] 45776K->30063K(81280K), 0.0027227 secs] [Times: user=0.00 sys=0.00, real=0.01 secs] 
15.848: [GC 15.848: [ParNew
Desired survivor size 1343488 bytes, new threshold 2 (max 4)
- age   1:     680000 bytes,     680000 total
- age   2:     919640 bytes,    1599640 total
: 17995K->1566K(18624K), 0.0043372 secs] 46054K->30232K(81280K), 0.0044651 secs] [Times: user=0.01 sys=0.01, real=0.00 secs] 
15.863: [GC 15.863: [ParNew
Desired survivor size 1343488 bytes, new threshold 2 (max 4)
- age   1:     967832 bytes,     967832 total
- age   2:     499488 bytes,    1467320 total
: 17544K->1441K(18624K), 0.0038139 secs] 46210K->31005K(81280K), 0.0039234 secs] [Times: user=0.00 sys=0.00, real=0.01 secs] 
15.880: [GC 15.880: [ParNew
Desired survivor size 1343488 bytes, new threshold 4 (max 4)
- age   1:     991304 bytes,     991304 total
- age   2:     279096 bytes,    1270400 total
: 17414K->1244K(18624K), 0.0022572 secs] 46978K->31296K(81280K), 0.0023576 secs] [Times: user=0.00 sys=0.00, real=0.00 secs] 
15.894: [GC 15.894: [ParNew
Desired survivor size 1343488 bytes, new threshold 3 (max 4)
- age   1:     444624 bytes,     444624 total
- age   2:     835552 bytes,    1280176 total
- age   3:     279096 bytes,    1559272 total
: 17230K->1526K(18624K), 0.0019879 secs] 47282K->31578K(81280K), 0.0020862 secs] [Times: user=0.01 sys=0.00, real=0.01 secs] 
15.908: [GC 15.908: [ParNew
Desired survivor size 1343488 bytes, new threshold 3 (max 4)
- age   1:     707632 bytes,     707632 total
- age   2:     329880 bytes,    1037512 total
- age   3:     835552 bytes,    1873064 total
: 17526K->1832K(18624K), 0.0029642 secs] 47578K->32156K(81280K), 0.0030567 secs] [Times: user=0.00 sys=0.00, real=0.00 secs] 
15.924: [GC 15.924: [ParNew
Desired survivor size 1343488 bytes, new threshold 4 (max 4)
- age   1:     405304 bytes,     405304 total
- age   2:     707632 bytes,    1112936 total
- age   3:      86384 bytes,    1199320 total
: 17785K->1172K(18624K), 0.0034328 secs] 48109K->32153K(81280K), 0.0035432 secs] [Times: user=0.00 sys=0.00, real=0.00 secs] 
15.943: [GC 15.943: [ParNew
Desired survivor size 1343488 bytes, new threshold 3 (max 4)
- age   1:     930032 bytes,     930032 total
- age   2:     320864 bytes,    1250896 total
- age   3:     707632 bytes,    1958528 total
- age   4:      86384 bytes,    2044912 total
: 17112K->1999K(18624K), 0.0026406 secs] 48093K->32980K(81280K), 0.0027357 secs] [Times: user=0.00 sys=0.00, real=0.01 secs] 
15.961: [GC 15.961: [ParNew
Desired survivor size 1343488 bytes, new threshold 4 (max 4)
- age   1:     339944 bytes,     339944 total
- age   2:     595416 bytes,     935360 total
- age   3:     121736 bytes,    1057096 total
: 17998K->1034K(18624K), 0.0035926 secs] 48979K->32790K(81280K), 0.0036897 secs] [Times: user=0.01 sys=0.00, real=0.01 secs] 
15.967: [GC [1 CMS-initial-mark: 31756K(62656K)] 34692K(81280K), 0.0010185 secs] [Times: user=0.00 sys=0.00, real=0.00 secs] 
15.968: [CMS-concurrent-mark-start]
15.982: [GC 15.982: [ParNew
Desired survivor size 1343488 bytes, new threshold 4 (max 4)
- age   1:     637816 bytes,     637816 total
- age   2:     256064 bytes,     893880 total
- age   3:     122088 bytes,    1015968 total
- age   4:     121736 bytes,    1137704 total
: 16991K->1111K(18624K), 0.0014498 secs] 48748K->32868K(81280K), 0.0015505 secs] [Times: user=0.01 sys=0.00, real=0.00 secs] 
16.005: [GC 16.005: [ParNew
Desired survivor size 1343488 bytes, new threshold 4 (max 4)
- age   1:     613432 bytes,     613432 total
- age   2:      53128 bytes,     666560 total
- age   3:      51816 bytes,     718376 total
- age   4:     121384 bytes,     839760 total
: 17087K->826K(18624K), 0.0016364 secs] 48844K->32702K(81280K), 0.0017320 secs] [Times: user=0.01 sys=0.00, real=0.00 secs] 
16.030: [GC 16.030: [ParNew
Desired survivor size 1343488 bytes, new threshold 4 (max 4)
- age   1:     544872 bytes,     544872 total
- age   2:     448328 bytes,     993200 total
- age   3:      53072 bytes,    1046272 total
- age   4:      51816 bytes,    1098088 total
: 16826K->1085K(18624K), 0.0019705 secs] 48702K->33079K(81280K), 0.0020494 secs] [Times: user=0.00 sys=0.00, real=0.00 secs] 
16.040: [CMS-concurrent-mark: 0.062/0.072 secs] [Times: user=0.11 sys=0.00, real=0.07 secs] 
16.040: [CMS-concurrent-preclean-start]
16.041: [CMS-concurrent-preclean: 0.001/0.001 secs] [Times: user=0.00 sys=0.00, real=0.00 secs] 
16.041: [CMS-concurrent-abortable-preclean-start]
16.045: [GC 16.045: [ParNew
Desired survivor size 1343488 bytes, new threshold 2 (max 4)
- age   1:     900768 bytes,     900768 total
- age   2:     540224 bytes,    1440992 total
- age   3:     448328 bytes,    1889320 total
- age   4:      53072 bytes,    1942392 total
: 17081K->1904K(18624K), 0.0026667 secs] 49075K->33949K(81280K), 0.0027564 secs] [Times: user=0.00 sys=0.01, real=0.00 secs] 
16.059: [GC 16.059: [ParNew
Desired survivor size 1343488 bytes, new threshold 4 (max 4)
- age   1:     271360 bytes,     271360 total
- age   2:     830776 bytes,    1102136 total
: 17886K->1097K(18624K), 0.0038034 secs] 49930K->34077K(81280K), 0.0039217 secs] [Times: user=0.00 sys=0.00, real=0.00 secs] 
16.076: [GC 16.076: [ParNew
Desired survivor size 1343488 bytes, new threshold 3 (max 4)
- age   1:     559904 bytes,     559904 total
- age   2:     271360 bytes,     831264 total
- age   3:     637296 bytes,    1468560 total
: 17093K->1437K(18624K), 0.0021966 secs] 50073K->34417K(81280K), 0.0022978 secs] [Times: user=0.00 sys=0.00, real=0.00 secs] 
16.090: [GC 16.090: [ParNew
Desired survivor size 1343488 bytes, new threshold 4 (max 4)
- age   1:     318704 bytes,     318704 total
- age   2:     558152 bytes,     876856 total
- age   3:     223648 bytes,    1100504 total
: 17424K->1081K(18624K), 0.0023901 secs] 50403K->34457K(81280K), 0.0024858 secs] [Times: user=0.00 sys=0.00, real=0.00 secs] 
16.105: [GC 16.105: [ParNew
Desired survivor size 1343488 bytes, new threshold 3 (max 4)
- age   1:     658272 bytes,     658272 total
- age   2:     318704 bytes,     976976 total
- age   3:     558152 bytes,    1535128 total
- age   4:     223648 bytes,    1758776 total
: 17052K->1726K(18624K), 0.0021424 secs] 50428K->35102K(81280K), 0.0023604 secs] [Times: user=0.01 sys=0.00, real=0.00 secs] 
16.121: [GC 16.121: [ParNew
Desired survivor size 1343488 bytes, new threshold 3 (max 4)
- age   1:     955616 bytes,     955616 total
- age   2:     328448 bytes,    1284064 total
- age   3:     318704 bytes,    1602768 total
: 17692K->1569K(18624K), 0.0029254 secs] 51069K->35709K(81280K), 0.0030407 secs] [Times: user=0.01 sys=0.00, real=0.01 secs] 
16.138: [GC 16.138: [ParNew
Desired survivor size 1343488 bytes, new threshold 3 (max 4)
- age   1:     283032 bytes,     283032 total
- age   2:     836328 bytes,    1119360 total
- age   3:     328448 bytes,    1447808 total
: 17557K->1416K(18624K), 0.0021815 secs] 51697K->35867K(81280K), 0.0022893 secs] [Times: user=0.00 sys=0.00, real=0.00 secs] 
16.152: [GC 16.152: [ParNew
Desired survivor size 1343488 bytes, new threshold 4 (max 4)
- age   1:     585792 bytes,     585792 total
- age   2:      87160 bytes,     672952 total
- age   3:     428096 bytes,    1101048 total
: 17365K->1077K(18624K), 0.0023523 secs] 51817K->35849K(81280K), 0.0024568 secs] [Times: user=0.00 sys=0.00, real=0.01 secs] 
16.168: [GC 16.168: [ParNew
Desired survivor size 1343488 bytes, new threshold 4 (max 4)
- age   1:     653248 bytes,     653248 total
- age   2:     139800 bytes,     793048 total
- age   3:      86752 bytes,     879800 total
- age   4:     428056 bytes,    1307856 total
: 17077K->1279K(18624K), 0.0020607 secs] 51849K->36051K(81280K), 0.0021548 secs] [Times: user=0.01 sys=0.00, real=0.00 secs] 
16.182: [GC 16.182: [ParNew
Desired survivor size 1343488 bytes, new threshold 4 (max 4)
- age   1:     437784 bytes,     437784 total
- age   2:     254568 bytes,     692352 total
- age   3:     139800 bytes,     832152 total
- age   4:      86752 bytes,     918904 total
: 17234K->900K(18624K), 0.0025691 secs] 52006K->36090K(81280K), 0.0026883 secs] [Times: user=0.00 sys=0.00, real=0.01 secs] 
16.196: [GC 16.196: [ParNew
Desired survivor size 1343488 bytes, new threshold 4 (max 4)
- age   1:     573624 bytes,     573624 total
- age   2:     317408 bytes,     891032 total
- age   3:     253128 bytes,    1144160 total
- age   4:     139800 bytes,    1283960 total
: 16885K->1258K(18624K), 0.0021083 secs] 52075K->36532K(81280K), 0.0022064 secs] [Times: user=0.00 sys=0.00, real=0.00 secs] 
16.209: [GC 16.209: [ParNew
Desired survivor size 1343488 bytes, new threshold 4 (max 4)
- age   1:     170160 bytes,     170160 total
- age   2:     506312 bytes,     676472 total
- age   3:     217728 bytes,     894200 total
- age   4:     253128 bytes,    1147328 total
: 17238K->1123K(18624K), 0.0022515 secs] 52513K->36534K(81280K), 0.0023488 secs] [Times: user=0.01 sys=0.00, real=0.00 secs] 
16.225: [GC 16.225: [ParNew
Desired survivor size 1343488 bytes, new threshold 3 (max 4)
- age   1:     906688 bytes,     906688 total
- age   2:     170064 bytes,    1076752 total
- age   3:     306976 bytes,    1383728 total
- age   4:     217728 bytes,    1601456 total
: 17119K->1570K(18624K), 0.0022265 secs] 52531K->37228K(81280K), 0.0023348 secs] [Times: user=0.00 sys=0.00, real=0.00 secs] 
16.238: [GC 16.238: [ParNew
Desired survivor size 1343488 bytes, new threshold 4 (max 4)
- age   1:     295496 bytes,     295496 total
- age   2:     804752 bytes,    1100248 total
- age   3:     170064 bytes,    1270312 total
: 17538K->1243K(18624K), 0.0028403 secs] 53196K->37414K(81280K), 0.0029714 secs] [Times: user=0.00 sys=0.00, real=0.00 secs] 
16.252: [GC 16.253: [ParNew
Desired survivor size 1343488 bytes, new threshold 3 (max 4)
- age   1:     826584 bytes,     826584 total
- age   2:     158736 bytes,     985320 total
- age   3:     804712 bytes,    1790032 total
- age   4:     170064 bytes,    1960096 total
: 17221K->1919K(18624K), 0.0024161 secs] 53392K->38090K(81280K), 0.0025341 secs] [Times: user=0.01 sys=0.00, real=0.01 secs] 
16.267: [GC 16.267: [ParNew
Desired survivor size 1343488 bytes, new threshold 4 (max 4)
- age   1:     408416 bytes,     408416 total
- age   2:     608680 bytes,    1017096 total
- age   3:      97272 bytes,    1114368 total
: 17908K->1091K(18624K), 0.0031794 secs] 54078K->38035K(81280K), 0.0032720 secs] [Times: user=0.00 sys=0.00, real=0.00 secs] 
16.284: [GC 16.284: [ParNew
Desired survivor size 1343488 bytes, new threshold 4 (max 4)
- age   1:     416360 bytes,     416360 total
- age   2:     371288 bytes,     787648 total
- age   3:     522688 bytes,    1310336 total
- age   4:      48872 bytes,    1359208 total
: 17067K->1330K(18624K), 0.0017104 secs] 54012K->38275K(81280K), 0.0018264 secs] [Times: user=0.00 sys=0.00, real=0.00 secs] 
16.297: [GC 16.297: [ParNew
Desired survivor size 1343488 bytes, new threshold 3 (max 4)
- age   1:     650272 bytes,     650272 total
- age   2:     366480 bytes,    1016752 total
- age   3:     371288 bytes,    1388040 total
- age   4:     440648 bytes,    1828688 total
: 17326K->1788K(18624K), 0.0022866 secs] 54270K->38781K(81280K), 0.0023851 secs] [Times: user=0.01 sys=0.00, real=0.00 secs] 
16.312: [GC 16.312: [ParNew
Desired survivor size 1343488 bytes, new threshold 3 (max 4)
- age   1:     797480 bytes,     797480 total
- age   2:     305168 bytes,    1102648 total
- age   3:     366480 bytes,    1469128 total
: 17766K->1438K(18624K), 0.0027120 secs] 54758K->38915K(81280K), 0.0028174 secs] [Times: user=0.00 sys=0.00, real=0.01 secs] 
16.327: [GC 16.327: [ParNew
Desired survivor size 1343488 bytes, new threshold 4 (max 4)
- age   1:     408896 bytes,     408896 total
- age   2:     433968 bytes,     842864 total
- age   3:     305168 bytes,    1148032 total
: 17339K->1124K(18624K), 0.0018162 secs] 54817K->38714K(81280K), 0.0019214 secs] [Times: user=0.00 sys=0.00, real=0.00 secs] 
16.340: [GC 16.340: [ParNew
Desired survivor size 1343488 bytes, new threshold 4 (max 4)
- age   1:     850832 bytes,     850832 total
- age   2:     239096 bytes,    1089928 total
- age   3:     238880 bytes,    1328808 total
- age   4:     192016 bytes,    1520824 total
: 17065K->1486K(18624K), 0.0022215 secs] 54655K->39075K(81280K), 0.0023280 secs] [Times: user=0.00 sys=0.00, real=0.00 secs] 
16.354: [GC 16.354: [ParNew
Desired survivor size 1343488 bytes, new threshold 2 (max 4)
- age   1:     941152 bytes,     941152 total
- age   2:     411512 bytes,    1352664 total
- age   3:     239040 bytes,    1591704 total
- age   4:      81160 bytes,    1672864 total
: 17476K->1636K(18624K), 0.0023603 secs] 55065K->39413K(81280K), 0.0024544 secs] [Times: user=0.01 sys=0.00, real=0.00 secs] 
16.369: [GC 16.369: [ParNew
Desired survivor size 1343488 bytes, new threshold 2 (max 4)
- age   1:     687056 bytes,     687056 total
- age   2:     767840 bytes,    1454896 total
: 17619K->1422K(18624K), 0.0033040 secs] 55395K->39829K(81280K), 0.0034055 secs] [Times: user=0.00 sys=0.00, real=0.00 secs] 
16.388: [GC 16.388: [ParNew
Desired survivor size 1343488 bytes, new threshold 4 (max 4)
- age   1:     236000 bytes,     236000 total
- age   2:     525424 bytes,     761424 total
: 17402K->745K(18624K), 0.0029335 secs] 55809K->39901K(81280K), 0.0030237 secs] [Times: user=0.00 sys=0.00, real=0.00 secs] 
16.406: [GC 16.407: [ParNew
Desired survivor size 1343488 bytes, new threshold 3 (max 4)
- age   1:     689344 bytes,     689344 total
- age   2:     157048 bytes,     846392 total
- age   3:     524720 bytes,    1371112 total
: 16745K->1341K(18624K), 0.0020950 secs] 55901K->40498K(81280K), 0.0022035 secs] [Times: user=0.00 sys=0.00, real=0.00 secs] 
16.422: [GC 16.422: [ParNew
Desired survivor size 1343488 bytes, new threshold 2 (max 4)
- age   1:    1168544 bytes,    1168544 total
- age   2:     554360 bytes,    1722904 total
- age   3:     157048 bytes,    1879952 total
: 17289K->1841K(18624K), 0.0030953 secs] 56446K->41510K(81280K), 0.0032710 secs] [Times: user=0.00 sys=0.00, real=0.01 secs] 
16.436: [GC 16.436: [ParNew
Desired survivor size 1343488 bytes, new threshold 4 (max 4)
- age   1:     243856 bytes,     243856 total
- age   2:    1095920 bytes,    1339776 total
: 17821K->1318K(18624K), 0.0033279 secs] 57490K->41682K(81280K), 0.0034381 secs] [Times: user=0.01 sys=0.00, real=0.00 secs] 
16.451: [GC 16.451: [ParNew
Desired survivor size 1343488 bytes, new threshold 3 (max 4)
- age   1:     532448 bytes,     532448 total
- age   2:     165784 bytes,     698232 total
- age   3:    1095920 bytes,    1794152 total
: 17282K->1755K(18624K), 0.0022327 secs] 57646K->42119K(81280K), 0.0023454 secs] [Times: user=0.00 sys=0.00, real=0.00 secs] 
16.465: [GC 16.465: [ParNew
Desired survivor size 1343488 bytes, new threshold 3 (max 4)
- age   1:     902952 bytes,     902952 total
- age   2:     396520 bytes,    1299472 total
- age   3:     165784 bytes,    1465256 total
: 17725K->1434K(18624K), 0.0047069 secs] 58089K->42868K(81280K), 0.0048091 secs] [Times: user=0.00 sys=0.00, real=0.00 secs] 
16.486: [GC 16.486: [ParNew
Desired survivor size 1343488 bytes, new threshold 3 (max 4)
- age   1:     336408 bytes,     336408 total
- age   2:     743184 bytes,    1079592 total
- age   3:     396520 bytes,    1476112 total
: 17409K->1444K(18624K), 0.0031150 secs] 58844K->42932K(81280K), 0.0032695 secs] [Times: user=0.01 sys=0.00, real=0.00 secs] 
16.504: [GC 16.505: [ParNew
Desired survivor size 1343488 bytes, new threshold 4 (max 4)
- age   1:     230616 bytes,     230616 total
- age   2:      86392 bytes,     317008 total
- age   3:     743184 bytes,    1060192 total
: 17444K->1038K(18624K), 0.0022692 secs] 58932K->42914K(81280K), 0.0023576 secs] [Times: user=0.01 sys=0.00, real=0.00 secs] 
16.521: [GC 16.521: [ParNew
Desired survivor size 1343488 bytes, new threshold 4 (max 4)
- age   1:     468456 bytes,     468456 total
- age   2:     105904 bytes,     574360 total
- age   3:      86392 bytes,     660752 total
- age   4:     545704 bytes,    1206456 total
: 17006K->1186K(18624K), 0.0017691 secs] 58882K->43062K(81280K), 0.0019283 secs] [Times: user=0.01 sys=0.00, real=0.00 secs] 
16.536: [GC 16.536: [ParNew
Desired survivor size 1343488 bytes, new threshold 1 (max 4)
- age   1:    1667408 bytes,    1667408 total
- age   2:     360304 bytes,    2027712 total
- age   3:     105904 bytes,    2133616 total
- age   4:      86392 bytes,    2220008 total
: 17095K->2168K(18624K), 0.0040653 secs] 58971K->44577K(81280K), 0.0041803 secs] [Times: user=0.00 sys=0.00, real=0.00 secs] 
16.554: [GC 16.555: [ParNew
Desired survivor size 1343488 bytes, new threshold 4 (max 4)
- age   1:     618816 bytes,     618816 total
: 18133K->615K(18624K), 0.0047964 secs] 60542K->44915K(81280K), 0.0055203 secs] [Times: user=0.01 sys=0.01, real=0.00 secs] 
16.572: [GC 16.572: [ParNew
Desired survivor size 1343488 bytes, new threshold 4 (max 4)
- age   1:     430880 bytes,     430880 total
- age   2:     496376 bytes,     927256 total
: 16588K->910K(18624K), 0.0014064 secs] 60889K->45211K(81280K), 0.0014873 secs] [Times: user=0.01 sys=0.00, real=0.00 secs] 
16.574: [CMS-concurrent-abortable-preclean: 0.033/0.533 secs] [Times: user=0.81 sys=0.06, real=0.54 secs] 
16.580: [GC[YG occupancy: 9054 K (18624 K)]16.580: [Rescan (parallel) , 0.0010696 secs]16.581: [weak refs processing, 0.0000428 secs] [1 CMS-remark: 44300K(62656K)] 53355K(81280K), 0.0011881 secs] [Times: user=0.00 sys=0.00, real=0.00 secs] 
16.591: [CMS-concurrent-sweep-start]
16.594: [GC 16.594: [ParNew
Desired survivor size 1343488 bytes, new threshold 2 (max 4)
- age   1:    1190304 bytes,    1190304 total
- age   2:     350888 bytes,    1541192 total
- age   3:     496376 bytes,    2037568 total
: 16910K->1991K(18624K), 0.0021675 secs] 61158K->46239K(81280K), 0.0022497 secs] [Times: user=0.00 sys=0.00, real=0.00 secs] 
16.605: [CMS-concurrent-sweep: 0.011/0.015 secs] [Times: user=0.02 sys=0.00, real=0.02 secs] 
16.610: [GC 16.610: [ParNew
Desired survivor size 1343488 bytes, new threshold 2 (max 4)
- age   1:     607928 bytes,     607928 total
- age   2:     866288 bytes,    1474216 total
: 17978K->1441K(18624K), 0.0027796 secs] 38573K->22864K(81280K), 0.0029040 secs] [Times: user=0.00 sys=0.00, real=0.00 secs] 
16.626: [GC 16.626: [ParNew
Desired survivor size 1343488 bytes, new threshold 4 (max 4)
- age   1:     116440 bytes,     116440 total
- age   2:     274440 bytes,     390880 total
: 17429K->382K(18624K), 0.0026650 secs] 38852K->22651K(81280K), 0.0027721 secs] [Times: user=0.00 sys=0.00, real=0.00 secs] 
16.641: [GC 16.641: [ParNew
Desired survivor size 1343488 bytes, new threshold 4 (max 4)
- age   1:     542560 bytes,     542560 total
- age   2:      85424 bytes,     627984 total
- age   3:     274440 bytes,     902424 total
: 16377K->882K(18624K), 0.0017770 secs] 38646K->23151K(81280K), 0.0018701 secs] [Times: user=0.01 sys=0.00, real=0.00 secs] 
16.655: [GC 16.655: [ParNew
Desired survivor size 1343488 bytes, new threshold 4 (max 4)
- age   1:     573856 bytes,     573856 total
- age   2:     255592 bytes,     829448 total
- age   3:      85424 bytes,     914872 total
- age   4:      20856 bytes,     935728 total
: 16881K->914K(18624K), 0.0015569 secs] 39150K->23183K(81280K), 0.0016548 secs] [Times: user=0.01 sys=0.01, real=0.00 secs] 
16.668: [GC 16.668: [ParNew
Desired survivor size 1343488 bytes, new threshold 4 (max 4)
- age   1:     275352 bytes,     275352 total
- age   2:     360768 bytes,     636120 total
- age   3:     253616 bytes,     889736 total
- age   4:      85424 bytes,     975160 total
: 16888K->954K(18624K), 0.0025189 secs] 39157K->23244K(81280K), 0.0026307 secs] [Times: user=0.00 sys=0.00, real=0.00 secs] 
16.681: [GC 16.682: [ParNew
Desired survivor size 1343488 bytes, new threshold 4 (max 4)
- age   1:     386736 bytes,     386736 total
- age   2:       5456 bytes,     392192 total
- age   3:     360768 bytes,     752960 total
- age   4:     253616 bytes,    1006576 total
: 16948K->985K(18624K), 0.0017315 secs] 39237K->23358K(81280K), 0.0018513 secs] [Times: user=0.00 sys=0.00, real=0.00 secs] 
16.695: [GC 16.695: [ParNew
Desired survivor size 1343488 bytes, new threshold 4 (max 4)
- age   1:     954704 bytes,     954704 total
- age   2:      54352 bytes,    1009056 total
- age   3:       5456 bytes,    1014512 total
- age   4:     360768 bytes,    1375280 total
: 16950K->1345K(18624K), 0.0020392 secs] 39323K->23966K(81280K), 0.0021487 secs] [Times: user=0.00 sys=0.00, real=0.00 secs] 
16.700: [CMS-concurrent-reset-start]
16.705: [CMS-concurrent-reset: 0.005/0.005 secs] [Times: user=0.00 sys=0.00, real=0.01 secs] 
16.714: [GC 16.714: [ParNew
Desired survivor size 1343488 bytes, new threshold 4 (max 4)
- age   1:     404528 bytes,     404528 total
- age   2:     670408 bytes,    1074936 total
- age   3:      54352 bytes,    1129288 total
- age   4:       5456 bytes,    1134744 total
: 17345K->1110K(18624K), 0.0019106 secs] 39966K->24083K(81280K), 0.0020172 secs] [Times: user=0.00 sys=0.00, real=0.00 secs] 
16.730: [GC 16.730: [ParNew
Desired survivor size 1343488 bytes, new threshold 2 (max 4)
- age   1:    1206656 bytes,    1206656 total
- age   2:     404096 bytes,    1610752 total
- age   3:     670408 bytes,    2281160 total
- age   4:      54352 bytes,    2335512 total
: 17071K->2282K(18624K), 0.0032169 secs] 40044K->25260K(81280K), 0.0033865 secs] [Times: user=0.00 sys=0.00, real=0.00 secs] 
16.746: [GC 16.746: [ParNew
Desired survivor size 1343488 bytes, new threshold 2 (max 4)
- age   1:    1235512 bytes,    1235512 total
- age   2:     782696 bytes,    2018208 total
: 18278K->1976K(18624K), 0.0028253 secs] 41256K->25608K(81280K), 0.0029251 secs] [Times: user=0.01 sys=0.00, real=0.00 secs] 
16.761: [GC 16.761: [ParNew
Desired survivor size 1343488 bytes, new threshold 2 (max 4)
- age   1:     251592 bytes,     251592 total
- age   2:    1153056 bytes,    1404648 total
: 17973K->1373K(18624K), 0.0026068 secs] 41605K->25656K(81280K), 0.0027239 secs] [Times: user=0.00 sys=0.00, real=0.01 secs] 
16.775: [GC 16.775: [ParNew
Desired survivor size 1343488 bytes, new threshold 4 (max 4)
- age   1:     395248 bytes,     395248 total
- age   2:     177448 bytes,     572696 total
: 17360K->562K(18624K), 0.0023256 secs] 41643K->25970K(81280K), 0.0024669 secs] [Times: user=0.01 sys=0.00, real=0.00 secs] 
16.790: [GC 16.790: [ParNew
Desired survivor size 1343488 bytes, new threshold 4 (max 4)
- age   1:     315704 bytes,     315704 total
- age   2:     126344 bytes,     442048 total
- age   3:     177448 bytes,     619496 total
: 16506K->607K(18624K), 0.0016046 secs] 41915K->26016K(81280K), 0.0017013 secs] [Times: user=0.00 sys=0.00, real=0.00 secs] 
16.804: [GC 16.804: [ParNew
Desired survivor size 1343488 bytes, new threshold 4 (max 4)
- age   1:     259944 bytes,     259944 total
- age   2:     246648 bytes,     506592 total
- age   3:      40440 bytes,     547032 total
- age   4:       8296 bytes,     555328 total
: 16575K->545K(18624K), 0.0013473 secs] 41984K->25954K(81280K), 0.0014433 secs] [Times: user=0.00 sys=0.00, real=0.00 secs] 
16.822: [GC 16.823: [ParNew
Desired survivor size 1343488 bytes, new threshold 4 (max 4)
- age   1:     465384 bytes,     465384 total
- age   2:     100096 bytes,     565480 total
- age   3:     246648 bytes,     812128 total
- age   4:      40440 bytes,     852568 total
: 16545K->839K(18624K), 0.0014578 secs] 41954K->26256K(81280K), 0.0015525 secs] [Times: user=0.00 sys=0.00, real=0.01 secs] 
16.836: [GC 16.836: [ParNew
Desired survivor size 1343488 bytes, new threshold 2 (max 4)
- age   1:    1036904 bytes,    1036904 total
- age   2:     359712 bytes,    1396616 total
- age   3:     100096 bytes,    1496712 total
- age   4:     215112 bytes,    1711824 total
: 16790K->1674K(18624K), 0.0026181 secs] 42207K->27130K(81280K), 0.0027436 secs] [Times: user=0.01 sys=0.00, real=0.00 secs] 
16.851: [GC 16.851: [ParNew
Desired survivor size 1343488 bytes, new threshold 4 (max 4)
- age   1:     320552 bytes,     320552 total
- age   2:     921696 bytes,    1242248 total
: 17616K->1217K(18624K), 0.0022251 secs] 43072K->27216K(81280K), 0.0023275 secs] [Times: user=0.00 sys=0.00, real=0.00 secs] 
16.866: [GC 16.866: [ParNew
Desired survivor size 1343488 bytes, new threshold 4 (max 4)
- age   1:     366496 bytes,     366496 total
- age   2:     320552 bytes,     687048 total
- age   3:     520944 bytes,    1207992 total
: 17192K->1182K(18624K), 0.0021051 secs] 43190K->27180K(81280K), 0.0022159 secs] [Times: user=0.00 sys=0.00, real=0.00 secs] 
16.884: [GC 16.884: [ParNew
Desired survivor size 1343488 bytes, new threshold 4 (max 4)
- age   1:     803784 bytes,     803784 total
- age   2:     288128 bytes,    1091912 total
- age   3:     197608 bytes,    1289520 total
- age   4:     520944 bytes,    1810464 total
: 17169K->1769K(18624K), 0.0020218 secs] 43168K->27767K(81280K), 0.0021204 secs] [Times: user=0.01 sys=0.00, real=0.01 secs] 
16.899: [GC 16.899: [ParNew
Desired survivor size 1343488 bytes, new threshold 4 (max 4)
- age   1:     640520 bytes,     640520 total
- age   2:     306176 bytes,     946696 total
- age   3:     152304 bytes,    1099000 total
- age   4:     197608 bytes,    1296608 total
: 17699K->1269K(18624K), 0.0019801 secs] 43697K->27612K(81280K), 0.0021203 secs] [Times: user=0.00 sys=0.00, real=0.00 secs] 
16.913: [GC 16.913: [ParNew
Desired survivor size 1343488 bytes, new threshold 4 (max 4)
- age   1:     130168 bytes,     130168 total
- age   2:     361200 bytes,     491368 total
- age   3:     306176 bytes,     797544 total
- age   4:     152304 bytes,     949848 total
: 17258K->930K(18624K), 0.0015613 secs] 43602K->27467K(81280K), 0.0016673 secs] [Times: user=0.00 sys=0.00, real=0.01 secs] 
16.927: [GC 16.927: [ParNew
Desired survivor size 1343488 bytes, new threshold 4 (max 4)
- age   1:     828360 bytes,     828360 total
- age   3:     247520 bytes,    1075880 total
- age   4:     251952 bytes,    1327832 total
: 16917K->1302K(18624K), 0.0020642 secs] 43454K->27987K(81280K), 0.0021681 secs] [Times: user=0.01 sys=0.00, real=0.00 secs] 
16.941: [GC 16.941: [ParNew
Desired survivor size 1343488 bytes, new threshold 4 (max 4)
- age   1:     603520 bytes,     603520 total
- age   2:     256256 bytes,     859776 total
- age   4:     172936 bytes,    1032712 total
: 17302K->1017K(18624K), 0.0019857 secs] 43987K->27948K(81280K), 0.0021021 secs] [Times: user=0.00 sys=0.01, real=0.00 secs] 
16.956: [GC 16.956: [ParNew
Desired survivor size 1343488 bytes, new threshold 2 (max 4)
- age   1:     789288 bytes,     789288 total
- age   2:     603160 bytes,    1392448 total
- age   3:     140944 bytes,    1533392 total
: 16994K->1499K(18624K), 0.0024219 secs] 43925K->28598K(81280K), 0.0025214 secs] [Times: user=0.00 sys=0.00, real=0.00 secs] 
16.969: [GC 16.970: [ParNew
Desired survivor size 1343488 bytes, new threshold 4 (max 4)
- age   1:     421816 bytes,     421816 total
- age   2:     421240 bytes,     843056 total
: 17487K->827K(18624K), 0.0027561 secs] 44587K->28654K(81280K), 0.0028716 secs] [Times: user=0.01 sys=0.00, real=0.00 secs] 
16.984: [GC 16.984: [ParNew
Desired survivor size 1343488 bytes, new threshold 3 (max 4)
- age   1:     779320 bytes,     779320 total
- age   2:     236712 bytes,    1016032 total
- age   3:     421240 bytes,    1437272 total
: 16806K->1406K(18624K), 0.0019123 secs] 44633K->29233K(81280K), 0.0020335 secs] [Times: user=0.01 sys=0.00, real=0.01 secs] 
17.001: [GC 17.001: [ParNew
Desired survivor size 1343488 bytes, new threshold 4 (max 4)
- age   1:     443072 bytes,     443072 total
- age   2:     289280 bytes,     732352 total
- age   3:     236712 bytes,     969064 total
: 17353K->948K(18624K), 0.0018310 secs] 45180K->29109K(81280K), 0.0019360 secs] [Times: user=0.00 sys=0.00, real=0.00 secs] 
17.016: [GC 17.016: [ParNew
Desired survivor size 1343488 bytes, new threshold 4 (max 4)
- age   1:     180704 bytes,     180704 total
- age   2:     253120 bytes,     433824 total
- age   3:     165696 bytes,     599520 total
- age   4:     236712 bytes,     836232 total
: 16932K->821K(18624K), 0.0023468 secs] 45094K->28983K(81280K), 0.0024605 secs] [Times: user=0.00 sys=0.00, real=0.00 secs] 
17.030: [GC 17.030: [ParNew
Desired survivor size 1343488 bytes, new threshold 4 (max 4)
- age   1:     458752 bytes,     458752 total
- age   2:      79416 bytes,     538168 total
- age   3:     253120 bytes,     791288 total
- age   4:     164608 bytes,     955896 total
: 16790K->937K(18624K), 0.0017324 secs] 44952K->29099K(81280K), 0.0018305 secs] [Times: user=0.01 sys=0.00, real=0.00 secs] 
17.044: [GC 17.044: [ParNew
Desired survivor size 1343488 bytes, new threshold 4 (max 4)
- age   1:     229360 bytes,     229360 total
- age   2:     321592 bytes,     550952 total
- age   3:      79416 bytes,     630368 total
- age   4:     253120 bytes,     883488 total
: 16922K->871K(18624K), 0.0019453 secs] 45084K->29193K(81280K), 0.0020456 secs] [Times: user=0.00 sys=0.00, real=0.01 secs] 
17.059: [GC 17.059: [ParNew
Desired survivor size 1343488 bytes, new threshold 4 (max 4)
- age   1:     361528 bytes,     361528 total
- age   2:      81960 bytes,     443488 total
- age   3:     270256 bytes,     713744 total
- age   4:      79416 bytes,     793160 total
: 16871K->784K(18624K), 0.0016909 secs] 45193K->29352K(81280K), 0.0018744 secs] [Times: user=0.00 sys=0.00, real=0.00 secs] 
17.074: [GC 17.074: [ParNew
Desired survivor size 1343488 bytes, new threshold 4 (max 4)
- age   1:     206232 bytes,     206232 total
- age   2:     269120 bytes,     475352 total
- age   3:      81960 bytes,     557312 total
- age   4:      92272 bytes,     649584 total
: 16784K->643K(18624K), 0.0013372 secs] 45352K->29288K(81280K), 0.0014252 secs] [Times: user=0.00 sys=0.00, real=0.01 secs] 
17.090: [GC 17.090: [ParNew
Desired survivor size 1343488 bytes, new threshold 1 (max 4)
- age   1:    2224680 bytes,    2224680 total
- age   2:     204568 bytes,    2429248 total
- age   3:      28344 bytes,    2457592 total
- age   4:      81960 bytes,    2539552 total
: 16643K->2492K(18624K), 0.0026764 secs] 45288K->31227K(81280K), 0.0028873 secs] [Times: user=0.01 sys=0.00, real=0.00 secs] 
17.105: [GC 17.105: [ParNew
Desired survivor size 1343488 bytes, new threshold 4 (max 4)
- age   1:     277592 bytes,     277592 total
: 18457K->273K(18624K), 0.0029034 secs] 47192K->31263K(81280K), 0.0030087 secs] [Times: user=0.00 sys=0.00, real=0.00 secs] 
17.121: [GC 17.121: [ParNew
Desired survivor size 1343488 bytes, new threshold 4 (max 4)
- age   1:     680672 bytes,     680672 total
- age   2:     167752 bytes,     848424 total
: 16235K->829K(18624K), 0.0021632 secs] 47225K->31819K(81280K), 0.0022687 secs] [Times: user=0.01 sys=0.00, real=0.00 secs] 
17.135: [GC 17.135: [ParNew
Desired survivor size 1343488 bytes, new threshold 2 (max 4)
- age   1:     751728 bytes,     751728 total
- age   2:     596824 bytes,    1348552 total
- age   3:     167752 bytes,    1516304 total
: 16808K->1483K(18624K), 0.0019264 secs] 47797K->32473K(81280K), 0.0020351 secs] [Times: user=0.01 sys=0.00, real=0.00 secs] 
17.148: [GC 17.149: [ParNew
Desired survivor size 1343488 bytes, new threshold 4 (max 4)
- age   1:     400592 bytes,     400592 total
- age   2:     705824 bytes,    1106416 total
: 17479K->1083K(18624K), 0.0023336 secs] 48469K->32527K(81280K), 0.0024375 secs] [Times: user=0.00 sys=0.00, real=0.00 secs] 
17.164: [GC 17.164: [ParNew
Desired survivor size 1343488 bytes, new threshold 2 (max 4)
- age   1:    1130768 bytes,    1130768 total
- age   2:     265448 bytes,    1396216 total
- age   3:     705824 bytes,    2102040 total
: 16986K->2054K(18624K), 0.0024051 secs] 48430K->33497K(81280K), 0.0025078 secs] [Times: user=0.01 sys=0.00, real=0.00 secs] 
17.179: [GC 17.179: [ParNew
Desired survivor size 1343488 bytes, new threshold 4 (max 4)
- age   1:     309192 bytes,     309192 total
- age   2:    1014152 bytes,    1323344 total
: 18009K->1295K(18624K), 0.0023177 secs] 49453K->33428K(81280K), 0.0024341 secs] [Times: user=0.01 sys=0.00, real=0.00 secs] 
17.194: [GC 17.194: [ParNew
Desired survivor size 1343488 bytes, new threshold 3 (max 4)
- age   1:    1133024 bytes,    1133024 total
- age   2:     175664 bytes,    1308688 total
- age   3:    1014152 bytes,    2322840 total
: 17251K->2270K(18624K), 0.0027671 secs] 49384K->34402K(81280K), 0.0029848 secs] [Times: user=0.00 sys=0.00, real=0.00 secs] 
17.208: [GC 17.208: [ParNew
Desired survivor size 1343488 bytes, new threshold 2 (max 4)
- age   1:     657376 bytes,     657376 total
- age   2:     768696 bytes,    1426072 total
- age   3:      87376 bytes,    1513448 total
: 18234K->1481K(18624K), 0.0031282 secs] 50366K->34604K(81280K), 0.0032616 secs] [Times: user=0.01 sys=0.00, real=0.00 secs] 
17.225: [GC 17.225: [ParNew
Desired survivor size 1343488 bytes, new threshold 4 (max 4)
- age   1:     431576 bytes,     431576 total
- age   2:     517240 bytes,     948816 total
: 17466K->929K(18624K), 0.0020837 secs] 50589K->34888K(81280K), 0.0021682 secs] [Times: user=0.00 sys=0.00, real=0.00 secs] 
17.238: [GC 17.238: [ParNew
Desired survivor size 1343488 bytes, new threshold 4 (max 4)
- age   1:     291944 bytes,     291944 total
- age   2:     396768 bytes,     688712 total
- age   3:     517240 bytes,    1205952 total
: 16918K->1180K(18624K), 0.0020273 secs] 50877K->35139K(81280K), 0.0021259 secs] [Times: user=0.00 sys=0.00, real=0.00 secs] 
17.252: [GC [1 CMS-initial-mark: 33959K(62656K)] 51137K(81280K), 0.0010591 secs] [Times: user=0.00 sys=0.00, real=0.00 secs] 
17.254: [CMS-concurrent-mark-start]
17.254: [GC 17.254: [ParNew
Desired survivor size 1343488 bytes, new threshold 4 (max 4)
- age   1:     715160 bytes,     715160 total
- age   2:      52136 bytes,     767296 total
- age   3:     396768 bytes,    1164064 total
- age   4:     517240 bytes,    1681304 total
: 17178K->1645K(18624K), 0.0021672 secs] 51137K->35604K(81280K), 0.0022626 secs] [Times: user=0.01 sys=0.00, real=0.00 secs] 
17.270: [GC 17.270: [ParNew
Desired survivor size 1343488 bytes, new threshold 4 (max 4)
- age   1:     409096 bytes,     409096 total
- age   2:     657136 bytes,    1066232 total
- age   3:      52136 bytes,    1118368 total
- age   4:     396712 bytes,    1515080 total
: 17635K->1482K(18624K), 0.0025152 secs] 51595K->35946K(81280K), 0.0026119 secs] [Times: user=0.01 sys=0.00, real=0.00 secs] 
17.286: [GC 17.286: [ParNew
Desired survivor size 1343488 bytes, new threshold 3 (max 4)
- age   1:     494680 bytes,     494680 total
- age   2:     352192 bytes,     846872 total
- age   3:     657136 bytes,    1504008 total
- age   4:      52136 bytes,    1556144 total
: 17441K->1526K(18624K), 0.0024906 secs] 51905K->36377K(81280K), 0.0026079 secs] [Times: user=0.00 sys=0.00, real=0.00 secs] 
17.302: [GC 17.302: [ParNew
Desired survivor size 1343488 bytes, new threshold 4 (max 4)
- age   1:     435848 bytes,     435848 total
- age   2:     371824 bytes,     807672 total
- age   3:     352192 bytes,    1159864 total
: 17491K->1136K(18624K), 0.0021880 secs] 52342K->36629K(81280K), 0.0022932 secs] [Times: user=0.00 sys=0.00, real=0.01 secs] 
17.319: [GC 17.319: [ParNew
Desired survivor size 1343488 bytes, new threshold 2 (max 4)
- age   1:    1118248 bytes,    1118248 total
- age   2:     367864 bytes,    1486112 total
- age   3:     371824 bytes,    1857936 total
- age   4:     352192 bytes,    2210128 total
: 17100K->2161K(18624K), 0.0023314 secs] 52594K->37654K(81280K), 0.0024577 secs] [Times: user=0.01 sys=0.00, real=0.00 secs] 
17.331: [CMS-concurrent-mark: 0.061/0.078 secs] [Times: user=0.14 sys=0.00, real=0.07 secs] 
17.331: [CMS-concurrent-preclean-start]
17.333: [CMS-concurrent-preclean: 0.001/0.001 secs] [Times: user=0.00 sys=0.00, real=0.00 secs] 
17.333: [CMS-concurrent-abortable-preclean-start]
17.335: [GC 17.335: [ParNew
Desired survivor size 1343488 bytes, new threshold 2 (max 4)
- age   1:     717832 bytes,     717832 total
- age   2:     652424 bytes,    1370256 total
: 18068K->1341K(18624K), 0.0030422 secs] 53562K->37901K(81280K), 0.0031515 secs] [Times: user=0.01 sys=0.00, real=0.00 secs] 
17.348: [CMS-concurrent-abortable-preclean: 0.010/0.015 secs] [Times: user=0.03 sys=0.00, real=0.02 secs] 
17.350: [GC[YG occupancy: 16673 K (18624 K)]17.350: [Rescan (parallel) , 0.0009682 secs]17.351: [weak refs processing, 0.0000060 secs] [1 CMS-remark: 36559K(62656K)] 53232K(81280K), 0.0010458 secs] [Times: user=0.00 sys=0.00, real=0.00 secs] 
17.351: [CMS-concurrent-sweep-start]
17.352: [GC 17.352: [ParNew
Desired survivor size 1343488 bytes, new threshold 2 (max 4)
- age   1:    1101048 bytes,    1101048 total
- age   2:     717832 bytes,    1818880 total
: 17318K->1779K(18624K), 0.0021435 secs] 53878K->38629K(81280K), 0.0022200 secs] [Times: user=0.00 sys=0.00, real=0.01 secs] 
17.363: [CMS-concurrent-sweep: 0.009/0.011 secs] [Times: user=0.02 sys=0.00, real=0.01 secs] 
17.363: [CMS-concurrent-reset-start]
17.364: [CMS-concurrent-reset: 0.001/0.001 secs] [Times: user=0.00 sys=0.00, real=0.01 secs] 
17.368: [GC 17.368: [ParNew
Desired survivor size 1343488 bytes, new threshold 2 (max 4)
- age   1:    1067808 bytes,    1067808 total
- age   2:    1018400 bytes,    2086208 total
: 17761K->2040K(18624K), 0.0039063 secs] 28584K->13564K(81280K), 0.0040030 secs] [Times: user=0.00 sys=0.00, real=0.00 secs] 
17.383: [GC 17.383: [ParNew
Desired survivor size 1343488 bytes, new threshold 2 (max 4)
- age   1:     452928 bytes,     452928 total
- age   2:    1067768 bytes,    1520696 total
: 18003K->1488K(18624K), 0.0026571 secs] 29528K->13676K(81280K), 0.0028652 secs] [Times: user=0.01 sys=0.00, real=0.01 secs] 
17.397: [GC 17.398: [ParNew
Desired survivor size 1343488 bytes, new threshold 4 (max 4)
- age   1:     527288 bytes,     527288 total
- age   2:     337432 bytes,     864720 total
: 17487K->847K(18624K), 0.0025377 secs] 29675K->14078K(81280K), 0.0026540 secs] [Times: user=0.00 sys=0.00, real=0.00 secs] 
17.412: [GC 17.412: [ParNew
Desired survivor size 1343488 bytes, new threshold 4 (max 4)
- age   1:     624216 bytes,     624216 total
- age   2:     458640 bytes,    1082856 total
- age   3:     179056 bytes,    1261912 total
: 16802K->1235K(18624K), 0.0018009 secs] 30033K->14466K(81280K), 0.0019232 secs] [Times: user=0.00 sys=0.00, real=0.00 secs] 
17.425: [GC 17.425: [ParNew
Desired survivor size 1343488 bytes, new threshold 2 (max 4)
- age   1:    1110552 bytes,    1110552 total
- age   2:     624088 bytes,    1734640 total
- age   3:     252952 bytes,    1987592 total
: 17221K->1944K(18624K), 0.0030234 secs] 30451K->15174K(81280K), 0.0031391 secs] [Times: user=0.01 sys=0.00, real=0.00 secs] 
17.440: [GC 17.440: [ParNew
Desired survivor size 1343488 bytes, new threshold 1 (max 4)
- age   1:    1473504 bytes,    1473504 total
- age   2:    1072280 bytes,    2545784 total
: 17900K->2489K(18624K), 0.0039505 secs] 31131K->16576K(81280K), 0.0040738 secs] [Times: user=0.00 sys=0.00, real=0.00 secs] 
17.455: [GC 17.455: [ParNew
Desired survivor size 1343488 bytes, new threshold 4 (max 4)
- age   1:     561944 bytes,     561944 total
: 18445K->550K(18624K), 0.0029323 secs] 32532K->16497K(81280K), 0.0030425 secs] [Times: user=0.01 sys=0.00, real=0.00 secs] 
17.471: [GC 17.471: [ParNew
Desired survivor size 1343488 bytes, new threshold 4 (max 4)
- age   1:     758800 bytes,     758800 total
- age   2:     448352 bytes,    1207152 total
: 16493K->1180K(18624K), 0.0023151 secs] 32440K->17127K(81280K), 0.0024156 secs] [Times: user=0.01 sys=0.00, real=0.00 secs] 
17.484: [GC 17.484: [ParNew
Desired survivor size 1343488 bytes, new threshold 3 (max 4)
- age   1:     374944 bytes,     374944 total
- age   2:     692968 bytes,    1067912 total
- age   3:     448352 bytes,    1516264 total
: 17143K->1484K(18624K), 0.0022864 secs] 33089K->17430K(81280K), 0.0024021 secs] [Times: user=0.00 sys=0.00, real=0.01 secs] 
17.498: [GC 17.499: [ParNew
Desired survivor size 1343488 bytes, new threshold 4 (max 4)
- age   1:     419040 bytes,     419040 total
- age   2:     333680 bytes,     752720 total
- age   3:     315720 bytes,    1068440 total
: 17452K->1046K(18624K), 0.0022526 secs] 33399K->17431K(81280K), 0.0023882 secs] [Times: user=0.00 sys=0.00, real=0.00 secs] 
17.513: [GC 17.513: [ParNew
Desired survivor size 1343488 bytes, new threshold 4 (max 4)
- age   1:     288784 bytes,     288784 total
- age   2:     261064 bytes,     549848 total
- age   3:     333680 bytes,     883528 total
- age   4:     200512 bytes,    1084040 total
: 17017K->1060K(18624K), 0.0027562 secs] 33401K->17444K(81280K), 0.0028539 secs] [Times: user=0.00 sys=0.00, real=0.01 secs] 
17.532: [GC 17.532: [ParNew
Desired survivor size 1343488 bytes, new threshold 4 (max 4)
- age   1:     530216 bytes,     530216 total
- age   2:     124024 bytes,     654240 total
- age   3:     261064 bytes,     915304 total
- age   4:     333680 bytes,    1248984 total
: 17030K->1221K(18624K), 0.0017658 secs] 33414K->17802K(81280K), 0.0018592 secs] [Times: user=0.01 sys=0.00, real=0.00 secs] 
17.553: [GC 17.553: [ParNew
Desired survivor size 1343488 bytes, new threshold 4 (max 4)
- age   1:     319120 bytes,     319120 total
- age   2:     259240 bytes,     578360 total
- age   3:     124024 bytes,     702384 total
- age   4:     261064 bytes,     963448 total
: 17200K->942K(18624K), 0.0020167 secs] 33781K->17848K(81280K), 0.0021482 secs] [Times: user=0.00 sys=0.00, real=0.01 secs] 
17.568: [GC 17.568: [ParNew
Desired survivor size 1343488 bytes, new threshold 3 (max 4)
- age   1:    1138640 bytes,    1138640 total
- age   2:     158536 bytes,    1297176 total
- age   3:     259240 bytes,    1556416 total
- age   4:     124024 bytes,    1680440 total
: 16909K->1647K(18624K), 0.0029151 secs] 33815K->18809K(81280K), 0.0030773 secs] [Times: user=0.00 sys=0.00, real=0.00 secs] 
17.582: [GC 17.582: [ParNew
Desired survivor size 1343488 bytes, new threshold 2 (max 4)
- age   1:     700008 bytes,     700008 total
- age   2:     969536 bytes,    1669544 total
- age   3:     158536 bytes,    1828080 total
: 17548K->1797K(18624K), 0.0036686 secs] 34709K->19332K(81280K), 0.0037853 secs] [Times: user=0.01 sys=0.00, real=0.01 secs] 
17.597: [GC 17.597: [ParNew
Desired survivor size 1343488 bytes, new threshold 4 (max 4)
- age   1:     534896 bytes,     534896 total
- age   2:     579632 bytes,    1114528 total
: 17758K->1107K(18624K), 0.0026814 secs] 35294K->19744K(81280K), 0.0027962 secs] [Times: user=0.01 sys=0.00, real=0.00 secs] 
17.614: [GC 17.614: [ParNew
Desired survivor size 1343488 bytes, new threshold 1 (max 4)
- age   1:    1575856 bytes,    1575856 total
- age   2:      82624 bytes,    1658480 total
- age   3:     406904 bytes,    2065384 total
: 17018K->2020K(18624K), 0.0034355 secs] 35655K->20657K(81280K), 0.0035317 secs] [Times: user=0.00 sys=0.00, real=0.00 secs] 
17.634: [GC 17.634: [ParNew
Desired survivor size 1343488 bytes, new threshold 4 (max 4)
- age   1:     523736 bytes,     523736 total
: 17959K->513K(18624K), 0.0023606 secs] 36596K->20566K(81280K), 0.0024439 secs] [Times: user=0.00 sys=0.00, real=0.01 secs] 
17.647: [GC 17.648: [ParNew
Desired survivor size 1343488 bytes, new threshold 4 (max 4)
- age   1:     831720 bytes,     831720 total
- age   2:     453576 bytes,    1285296 total
: 16462K->1257K(18624K), 0.0018595 secs] 36515K->21310K(81280K), 0.0019760 secs] [Times: user=0.01 sys=0.00, real=0.00 secs] 
17.664: [GC 17.664: [ParNew
Desired survivor size 1343488 bytes, new threshold 4 (max 4)
- age   1:     183096 bytes,     183096 total
- age   2:     616936 bytes,     800032 total
- age   3:     453576 bytes,    1253608 total
: 17250K->1225K(18624K), 0.0017365 secs] 37303K->21278K(81280K), 0.0018360 secs] [Times: user=0.00 sys=0.00, real=0.00 secs] 
17.682: [GC 17.682: [ParNew
Desired survivor size 1343488 bytes, new threshold 4 (max 4)
- age   1:     541576 bytes,     541576 total
- age   2:     176888 bytes,     718464 total
- age   3:     616936 bytes,    1335400 total
- age   4:     453576 bytes,    1788976 total
: 17225K->1751K(18624K), 0.0025908 secs] 37278K->21804K(81280K), 0.0026885 secs] [Times: user=0.01 sys=0.01, real=0.01 secs] 
17.698: [GC 17.698: [ParNew
Desired survivor size 1343488 bytes, new threshold 4 (max 4)
- age   1:     611288 bytes,     611288 total
- age   2:     541576 bytes,    1152864 total
- age   3:     176856 bytes,    1329720 total
- age   4:     454768 bytes,    1784488 total
: 17747K->1754K(18624K), 0.0022007 secs] 37800K->21877K(81280K), 0.0022969 secs] [Times: user=0.00 sys=0.00, real=0.00 secs] 
17.712: [GC 17.712: [ParNew
Desired survivor size 1343488 bytes, new threshold 3 (max 4)
- age   1:     519520 bytes,     519520 total
- age   2:     352056 bytes,     871576 total
- age   3:     529184 bytes,    1400760 total
- age   4:     170608 bytes,    1571368 total
: 17732K->1550K(18624K), 0.0025591 secs] 37855K->22118K(81280K), 0.0026695 secs] [Times: user=0.01 sys=0.00, real=0.01 secs] 
17.727: [GC 17.727: [ParNew
Desired survivor size 1343488 bytes, new threshold 4 (max 4)
- age   1:     443912 bytes,     443912 total
- age   2:     374088 bytes,     818000 total
- age   3:     352056 bytes,    1170056 total
: 17535K->1170K(18624K), 0.0024757 secs] 38102K->22421K(81280K), 0.0025740 secs] [Times: user=0.00 sys=0.00, real=0.00 secs] 
17.742: [GC 17.742: [ParNew
Desired survivor size 1343488 bytes, new threshold 4 (max 4)
- age   1:     120672 bytes,     120672 total
- age   3:     287656 bytes,     408328 total
- age   4:     265616 bytes,     673944 total
: 17159K->681K(18624K), 0.0016146 secs] 38410K->21932K(81280K), 0.0017040 secs] [Times: user=0.00 sys=0.00, real=0.00 secs] 
17.755: [GC 17.755: [ParNew
Desired survivor size 1343488 bytes, new threshold 4 (max 4)
- age   1:    1035032 bytes,    1035032 total
- age   2:      66776 bytes,    1101808 total
- age   4:     287656 bytes,    1389464 total
: 16681K->1405K(18624K), 0.0020052 secs] 37932K->22915K(81280K), 0.0021024 secs] [Times: user=0.00 sys=0.00, real=0.00 secs] 
17.769: [GC 17.769: [ParNew
Desired survivor size 1343488 bytes, new threshold 2 (max 4)
- age   1:     748288 bytes,     748288 total
- age   2:     869696 bytes,    1617984 total
- age   3:      66776 bytes,    1684760 total
: 17402K->1650K(18624K), 0.0028081 secs] 38912K->23441K(81280K), 0.0029299 secs] [Times: user=0.01 sys=0.00, real=0.00 secs] 
17.784: [GC 17.785: [ParNew
Desired survivor size 1343488 bytes, new threshold 2 (max 4)
- age   1:    1008656 bytes,    1008656 total
- age   2:     578168 bytes,    1586824 total
: 17619K->1552K(18624K), 0.0031908 secs] 39410K->24193K(81280K), 0.0032928 secs] [Times: user=0.00 sys=0.00, real=0.00 secs] 
17.799: [GC 17.799: [ParNew
Desired survivor size 1343488 bytes, new threshold 4 (max 4)
- age   1:     266584 bytes,     266584 total
- age   2:     926312 bytes,    1192896 total
: 17530K->1168K(18624K), 0.0027260 secs] 40171K->24373K(81280K), 0.0028505 secs] [Times: user=0.00 sys=0.00, real=0.00 secs] 
17.820: [GC 17.820: [ParNew
Desired survivor size 1343488 bytes, new threshold 3 (max 4)
- age   1:     520560 bytes,     520560 total
- age   2:     104560 bytes,     625120 total
- age   3:     926312 bytes,    1551432 total
: 17081K->1515K(18624K), 0.0023454 secs] 40287K->24721K(81280K), 0.0024363 secs] [Times: user=0.01 sys=0.01, real=0.00 secs] 
17.834: [GC 17.834: [ParNew
Desired survivor size 1343488 bytes, new threshold 4 (max 4)
- age   1:     477464 bytes,     477464 total
- age   2:     407816 bytes,     885280 total
- age   3:     104560 bytes,     989840 total
: 17494K->967K(18624K), 0.0023134 secs] 40699K->24779K(81280K), 0.0024156 secs] [Times: user=0.00 sys=0.00, real=0.01 secs] 
17.848: [GC 17.849: [ParNew
Desired survivor size 1343488 bytes, new threshold 3 (max 4)
- age   1:     930408 bytes,     930408 total
- age   2:     322544 bytes,    1252952 total
- age   3:     407816 bytes,    1660768 total
- age   4:     104560 bytes,    1765328 total
: 16957K->1726K(18624K), 0.0023648 secs] 40768K->25538K(81280K), 0.0024762 secs] [Times: user=0.00 sys=0.00, real=0.00 secs] 
17.862: [GC 17.862: [ParNew
Desired survivor size 1343488 bytes, new threshold 2 (max 4)
- age   1:     693592 bytes,     693592 total
- age   2:     778576 bytes,    1472168 total
- age   3:     322504 bytes,    1794672 total
: 17710K->1757K(18624K), 0.0028430 secs] 41522K->26069K(81280K), 0.0029593 secs] [Times: user=0.01 sys=0.00, real=0.01 secs] 
17.881: [GC 17.881: [ParNew
Desired survivor size 1343488 bytes, new threshold 4 (max 4)
- age   1:     207600 bytes,     207600 total
- age   2:     396488 bytes,     604088 total
: 17757K->591K(18624K), 0.0024591 secs] 42069K->25979K(81280K), 0.0025362 secs] [Times: user=0.00 sys=0.00, real=0.01 secs] 
17.895: [GC 17.895: [ParNew
Desired survivor size 1343488 bytes, new threshold 4 (max 4)
- age   1:     228752 bytes,     228752 total
- age   2:     207600 bytes,     436352 total
- age   3:     396488 bytes,     832840 total
: 16568K->816K(18624K), 0.0015857 secs] 41955K->26203K(81280K), 0.0016735 secs] [Times: user=0.01 sys=0.00, real=0.00 secs] 
17.912: [GC 17.912: [ParNew
Desired survivor size 1343488 bytes, new threshold 4 (max 4)
- age   1:     483656 bytes,     483656 total
- age   2:     228664 bytes,     712320 total
- age   3:     207600 bytes,     919920 total
- age   4:     318592 bytes,    1238512 total
: 16718K->1212K(18624K), 0.0027801 secs] 42105K->26599K(81280K), 0.0028954 secs] [Times: user=0.01 sys=0.00, real=0.01 secs] 
17.926: [GC 17.926: [ParNew
Desired survivor size 1343488 bytes, new threshold 4 (max 4)
- age   1:     287720 bytes,     287720 total
- age   2:     198264 bytes,     485984 total
- age   3:     228664 bytes,     714648 total
- age   4:     207600 bytes,     922248 total
: 17201K->904K(18624K), 0.0025846 secs] 42588K->26602K(81280K), 0.0028203 secs] [Times: user=0.01 sys=0.00, real=0.00 secs] 
17.942: [GC 17.942: [ParNew
Desired survivor size 1343488 bytes, new threshold 4 (max 4)
- age   1:     873936 bytes,     873936 total
- age   2:     120240 bytes,     994176 total
- age   3:     197432 bytes,    1191608 total
- age   4:     228664 bytes,    1420272 total
: 16862K->1397K(18624K), 0.0020652 secs] 42561K->27298K(81280K), 0.0021562 secs] [Times: user=0.00 sys=0.00, real=0.01 secs] 
17.957: [GC 17.957: [ParNew
Desired survivor size 1343488 bytes, new threshold 4 (max 4)
- age   1:     614056 bytes,     614056 total
- age   2:     366472 bytes,     980528 total
- age   4:     197432 bytes,    1177960 total
: 17362K->1153K(18624K), 0.0019022 secs] 43263K->27277K(81280K), 0.0020158 secs] [Times: user=0.01 sys=0.00, real=0.00 secs] 
17.971: [GC 17.972: [ParNew
Desired survivor size 1343488 bytes, new threshold 4 (max 4)
- age   1:     596600 bytes,     596600 total
- age   2:      50872 bytes,     647472 total
- age   3:     366472 bytes,    1013944 total
: 17151K->994K(18624K), 0.0020589 secs] 43276K->27312K(81280K), 0.0021733 secs] [Times: user=0.01 sys=0.00, real=0.00 secs] 
17.985: [GC 17.986: [ParNew
Desired survivor size 1343488 bytes, new threshold 4 (max 4)
- age   1:     594672 bytes,     594672 total
- age   2:     254456 bytes,     849128 total
- age   3:       9384 bytes,     858512 total
- age   4:     366472 bytes,    1224984 total
: 16992K->1204K(18624K), 0.0019121 secs] 43309K->27522K(81280K), 0.0020279 secs] [Times: user=0.00 sys=0.00, real=0.00 secs] 
17.999: [GC 17.999: [ParNew
Desired survivor size 1343488 bytes, new threshold 3 (max 4)
- age   1:     809472 bytes,     809472 total
- age   2:     350128 bytes,    1159600 total
- age   3:     254456 bytes,    1414056 total
- age   4:       9384 bytes,    1423440 total
: 17185K->1393K(18624K), 0.0021604 secs] 43502K->28068K(81280K), 0.0022506 secs] [Times: user=0.00 sys=0.00, real=0.00 secs] 
18.016: [GC 18.017: [ParNew
Desired survivor size 1343488 bytes, new threshold 2 (max 4)
- age   1:     659872 bytes,     659872 total
- age   2:     691104 bytes,    1350976 total
- age   3:     350128 bytes,    1701104 total
: 17384K->1666K(18624K), 0.0026365 secs] 44059K->28599K(81280K), 0.0027572 secs] [Times: user=0.01 sys=0.00, real=0.00 secs] 
18.032: [GC 18.032: [ParNew
Desired survivor size 1343488 bytes, new threshold 4 (max 4)
- age   1:     727408 bytes,     727408 total
- age   2:     459480 bytes,    1186888 total
: 17634K->1164K(18624K), 0.0028037 secs] 44566K->29114K(81280K), 0.0029141 secs] [Times: user=0.00 sys=0.00, real=0.01 secs] 
18.046: [GC 18.046: [ParNew
Desired survivor size 1343488 bytes, new threshold 3 (max 4)
- age   1:     475096 bytes,     475096 total
- age   2:     477352 bytes,     952448 total
- age   3:     459480 bytes,    1411928 total
: 17155K->1383K(18624K), 0.0020116 secs] 45105K->29332K(81280K), 0.0021756 secs] [Times: user=0.00 sys=0.00, real=0.00 secs] 
18.060: [GC 18.060: [ParNew
Desired survivor size 1343488 bytes, new threshold 4 (max 4)
- age   1:     492296 bytes,     492296 total
- age   2:     301736 bytes,     794032 total
- age   3:     477352 bytes,    1271384 total
: 17365K->1249K(18624K), 0.0022596 secs] 45315K->29647K(81280K), 0.0023906 secs] [Times: user=0.01 sys=0.00, real=0.00 secs] 
18.074: [GC 18.074: [ParNew
Desired survivor size 1343488 bytes, new threshold 4 (max 4)
- age   1:     571736 bytes,     571736 total
- age   2:     453352 bytes,    1025088 total
- age   3:     301736 bytes,    1326824 total
- age   4:     358984 bytes,    1685808 total
: 17208K->1649K(18624K), 0.0027464 secs] 45606K->30047K(81280K), 0.0028712 secs] [Times: user=0.01 sys=0.00, real=0.00 secs] 
18.089: [GC 18.089: [ParNew
Desired survivor size 1343488 bytes, new threshold 3 (max 4)
- age   1:     640024 bytes,     640024 total
- age   2:     438112 bytes,    1078136 total
- age   3:     376160 bytes,    1454296 total
- age   4:     301736 bytes,    1756032 total
: 17613K->1717K(18624K), 0.0026905 secs] 46012K->30466K(81280K), 0.0028521 secs] [Times: user=0.00 sys=0.00, real=0.00 secs] 
18.105: [GC 18.105: [ParNew
Desired survivor size 1343488 bytes, new threshold 4 (max 4)
- age   1:     294880 bytes,     294880 total
- age   2:     391992 bytes,     686872 total
- age   3:     438112 bytes,    1124984 total
: 17713K->1100K(18624K), 0.0021988 secs] 46462K->30511K(81280K), 0.0023207 secs] [Times: user=0.01 sys=0.00, real=0.00 secs] 
18.121: [GC 18.121: [ParNew
Desired survivor size 1343488 bytes, new threshold 4 (max 4)
- age   1:     608768 bytes,     608768 total
- age   2:     151440 bytes,     760208 total
- age   3:       7296 bytes,     767504 total
- age   4:     438112 bytes,    1205616 total
: 17090K->1180K(18624K), 0.0017333 secs] 46501K->30591K(81280K), 0.0019860 secs] [Times: user=0.00 sys=0.00, real=0.00 secs] 
18.136: [GC 18.136: [ParNew
Desired survivor size 1343488 bytes, new threshold 4 (max 4)
- age   1:     383216 bytes,     383216 total
- age   2:     495616 bytes,     878832 total
- age   3:     151440 bytes,    1030272 total
- age   4:       7296 bytes,    1037568 total
: 17165K->1017K(18624K), 0.0028525 secs] 46576K->30856K(81280K), 0.0029514 secs] [Times: user=0.00 sys=0.00, real=0.00 secs] 
18.150: [GC 18.150: [ParNew
Desired survivor size 1343488 bytes, new threshold 4 (max 4)
- age   1:     271976 bytes,     271976 total
- age   2:     113320 bytes,     385296 total
- age   3:     495616 bytes,     880912 total
- age   4:     151440 bytes,    1032352 total
: 17011K->1023K(18624K), 0.0020941 secs] 46849K->30868K(81280K), 0.0021868 secs] [Times: user=0.01 sys=0.00, real=0.00 secs] 
18.164: [GC 18.164: [ParNew
Desired survivor size 1343488 bytes, new threshold 4 (max 4)
- age   1:     593560 bytes,     593560 total
- age   2:     163856 bytes,     757416 total
- age   3:      95200 bytes,     852616 total
- age   4:     495144 bytes,    1347760 total
: 17023K->1332K(18624K), 0.0028465 secs] 46868K->31326K(81280K), 0.0029495 secs] [Times: user=0.00 sys=0.00, real=0.00 secs] 
18.178: [GC 18.178: [ParNew
Desired survivor size 1343488 bytes, new threshold 4 (max 4)
- age   1:     280224 bytes,     280224 total
- age   2:     544608 bytes,     824832 total
- age   3:     163856 bytes,     988688 total
- age   4:      95200 bytes,    1083888 total
: 17299K->1061K(18624K), 0.0024769 secs] 47292K->31539K(81280K), 0.0025760 secs] [Times: user=0.00 sys=0.00, real=0.00 secs] 
18.193: [GC 18.193: [ParNew
Desired survivor size 1343488 bytes, new threshold 2 (max 4)
- age   1:    1244960 bytes,    1244960 total
- age   2:     218136 bytes,    1463096 total
- age   3:     429400 bytes,    1892496 total
- age   4:     163856 bytes,    2056352 total
: 17057K->2019K(18624K), 0.0023067 secs] 47534K->32539K(81280K), 0.0024260 secs] [Times: user=0.00 sys=0.00, real=0.01 secs] 
18.207: [GC 18.207: [ParNew
Desired survivor size 1343488 bytes, new threshold 2 (max 4)
- age   1:     455240 bytes,     455240 total
- age   2:    1161232 bytes,    1616472 total
: 17999K->1582K(18624K), 0.0028602 secs] 48519K->32769K(81280K), 0.0029650 secs] [Times: user=0.01 sys=0.00, real=0.00 secs] 
18.222: [GC 18.222: [ParNew
Desired survivor size 1343488 bytes, new threshold 4 (max 4)
- age   1:     818840 bytes,     818840 total
- age   2:     201640 bytes,    1020480 total
: 17578K->999K(18624K), 0.0025878 secs] 48765K->33321K(81280K), 0.0028629 secs] [Times: user=0.00 sys=0.00, real=0.01 secs] 
18.237: [GC 18.237: [ParNew
Desired survivor size 1343488 bytes, new threshold 4 (max 4)
- age   1:     285568 bytes,     285568 total
- age   2:     685184 bytes,     970752 total
: 16983K->951K(18624K), 0.0017494 secs] 49304K->33272K(81280K), 0.0018442 secs] [Times: user=0.00 sys=0.00, real=0.00 secs] 
18.253: [GC 18.253: [ParNew
Desired survivor size 1343488 bytes, new threshold 3 (max 4)
- age   1:     817176 bytes,     817176 total
- age   2:     212952 bytes,    1030128 total
- age   3:     685184 bytes,    1715312 total
: 16933K->1678K(18624K), 0.0022569 secs] 49254K->33999K(81280K), 0.0023667 secs] [Times: user=0.00 sys=0.00, real=0.01 secs] 
18.268: [GC 18.268: [ParNew
Desired survivor size 1343488 bytes, new threshold 3 (max 4)
- age   1:     895072 bytes,     895072 total
- age   2:     405976 bytes,    1301048 total
- age   3:     212952 bytes,    1514000 total
: 17669K->1481K(18624K), 0.0028825 secs] 49990K->34471K(81280K), 0.0029983 secs] [Times: user=0.00 sys=0.00, real=0.00 secs] 
18.285: [GC 18.285: [ParNew
Desired survivor size 1343488 bytes, new threshold 3 (max 4)
- age   1:     560632 bytes,     560632 total
- age   2:     733328 bytes,    1293960 total
- age   3:     186952 bytes,    1480912 total
: 17457K->1449K(18624K), 0.0050738 secs] 50447K->34647K(81280K), 0.0051808 secs] [Times: user=0.00 sys=0.00, real=0.00 secs] 
18.317: [GC 18.317: [ParNew
Desired survivor size 1343488 bytes, new threshold 3 (max 4)
- age   1:     861088 bytes,     861088 total
- age   2:     405744 bytes,    1266832 total
- age   3:     733328 bytes,    2000160 total
: 17446K->1954K(18624K), 0.0051463 secs] 50644K->35335K(81280K), 0.0052566 secs] [Times: user=0.01 sys=0.00, real=0.00 secs] 
18.339: [GC 18.339: [ParNew
Desired survivor size 1343488 bytes, new threshold 2 (max 4)
- age   1:     746752 bytes,     746752 total
- age   2:     861088 bytes,    1607840 total
- age   3:     405744 bytes,    2013584 total
: 17954K->1969K(18624K), 0.0036094 secs] 51335K->36066K(81280K), 0.0037176 secs] [Times: user=0.01 sys=0.00, real=0.00 secs] 
18.368: [GC 18.368: [ParNew
Desired survivor size 1343488 bytes, new threshold 4 (max 4)
- age   1:     563960 bytes,     563960 total
- age   2:     509184 bytes,    1073144 total
: 17969K->1049K(18624K), 0.0029344 secs] 52066K->36073K(81280K), 0.0030372 secs] [Times: user=0.00 sys=0.01, real=0.00 secs] 
18.387: [GC 18.387: [ParNew
Desired survivor size 1343488 bytes, new threshold 3 (max 4)
- age   1:     735536 bytes,     735536 total
- age   2:     420368 bytes,    1155904 total
- age   3:     547328 bytes,    1703232 total
: 16990K->1664K(18624K), 0.0036026 secs] 52014K->36687K(81280K), 0.0037062 secs] [Times: user=0.01 sys=0.00, real=0.00 secs] 
18.404: [GC 18.404: [ParNew
Desired survivor size 1343488 bytes, new threshold 4 (max 4)
- age   1:     439616 bytes,     439616 total
- age   2:     441184 bytes,     880800 total
- age   3:     285448 bytes,    1166248 total
: 17664K->1145K(18624K), 0.0030161 secs] 52687K->36554K(81280K), 0.0031298 secs] [Times: user=0.00 sys=0.00, real=0.00 secs] 
18.419: [GC 18.419: [ParNew
Desired survivor size 1343488 bytes, new threshold 4 (max 4)
- age   1:     393464 bytes,     393464 total
- age   2:     281272 bytes,     674736 total
- age   3:     418008 bytes,    1092744 total
- age   4:     285448 bytes,    1378192 total
: 17123K->1351K(18624K), 0.0044599 secs] 52533K->36761K(81280K), 0.0045590 secs] [Times: user=0.01 sys=0.00, real=0.01 secs] 
18.438: [GC 18.438: [ParNew
Desired survivor size 1343488 bytes, new threshold 4 (max 4)
- age   1:     738304 bytes,     738304 total
- age   2:     128872 bytes,     867176 total
- age   3:     108064 bytes,     975240 total
- age   4:     170968 bytes,    1146208 total
: 17349K->1125K(18624K), 0.0021475 secs] 52759K->36814K(81280K), 0.0022391 secs] [Times: user=0.01 sys=0.00, real=0.00 secs] 
18.451: [GC 18.451: [ParNew
Desired survivor size 1343488 bytes, new threshold 4 (max 4)
- age   1:     368312 bytes,     368312 total
- age   2:     662824 bytes,    1031136 total
- age   3:      94392 bytes,    1125528 total
- age   4:       4776 bytes,    1130304 total
: 17100K->1104K(18624K), 0.0032661 secs] 52788K->36959K(81280K), 0.0033974 secs] [Times: user=0.00 sys=0.00, real=0.01 secs] 
18.468: [GC 18.468: [ParNew
Desired survivor size 1343488 bytes, new threshold 4 (max 4)
- age   1:     407984 bytes,     407984 total
- age   2:     216712 bytes,     624696 total
- age   3:     662824 bytes,    1287520 total
- age   4:      37000 bytes,    1324520 total
: 17096K->1299K(18624K), 0.0024328 secs] 52952K->37160K(81280K), 0.0025238 secs] [Times: user=0.01 sys=0.00, real=0.00 secs] 
18.484: [GC 18.484: [ParNew
Desired survivor size 1343488 bytes, new threshold 4 (max 4)
- age   1:     754864 bytes,     754864 total
- age   2:     308304 bytes,    1063168 total
- age   3:     216712 bytes,    1279880 total
- age   4:     662824 bytes,    1942704 total
: 17254K->1900K(18624K), 0.0027463 secs] 53114K->37796K(81280K), 0.0028903 secs] [Times: user=0.00 sys=0.00, real=0.00 secs] 
18.501: [GC 18.501: [ParNew
Desired survivor size 1343488 bytes, new threshold 3 (max 4)
- age   1:     468816 bytes,     468816 total
- age   2:     674664 bytes,    1143480 total
- age   3:     308304 bytes,    1451784 total
- age   4:     216712 bytes,    1668496 total
: 17889K->1632K(18624K), 0.0044314 secs] 53785K->37938K(81280K), 0.0045233 secs] [Times: user=0.00 sys=0.00, real=0.01 secs] 
18.522: [GC 18.522: [ParNew
Desired survivor size 1343488 bytes, new threshold 3 (max 4)
- age   1:     846536 bytes,     846536 total
- age   2:     212872 bytes,    1059408 total
- age   3:     494976 bytes,    1554384 total
: 17580K->1521K(18624K), 0.0022737 secs] 53885K->38339K(81280K), 0.0023631 secs] [Times: user=0.01 sys=0.00, real=0.01 secs] 
18.538: [GC 18.538: [ParNew
Desired survivor size 1343488 bytes, new threshold 2 (max 4)
- age   1:     877120 bytes,     877120 total
- age   2:     648888 bytes,    1526008 total
- age   3:     212872 bytes,    1738880 total
: 17497K->1701K(18624K), 0.0025801 secs] 54316K->38899K(81280K), 0.0026745 secs] [Times: user=0.00 sys=0.00, real=0.00 secs] 
18.551: [GC 18.551: [ParNew
Desired survivor size 1343488 bytes, new threshold 2 (max 4)
- age   1:     711488 bytes,     711488 total
- age   2:     838168 bytes,    1549656 total
: 17686K->1516K(18624K), 0.0027051 secs] 54885K->39557K(81280K), 0.0028274 secs] [Times: user=0.00 sys=0.00, real=0.01 secs] 
18.567: [GC 18.567: [ParNew
Desired survivor size 1343488 bytes, new threshold 4 (max 4)
- age   1:     860336 bytes,     860336 total
- age   2:     429696 bytes,    1290032 total
: 17499K->1263K(18624K), 0.0033259 secs] 55539K->40122K(81280K), 0.0034629 secs] [Times: user=0.01 sys=0.00, real=0.00 secs] 
18.582: [GC 18.582: [ParNew
Desired survivor size 1343488 bytes, new threshold 3 (max 4)
- age   1:     240304 bytes,     240304 total
- age   2:     717776 bytes,     958080 total
- age   3:     429696 bytes,    1387776 total
: 17255K->1356K(18624K), 0.0026962 secs] 56114K->40215K(81280K), 0.0027996 secs] [Times: user=0.00 sys=0.00, real=0.01 secs] 
18.597: [GC 18.597: [ParNew
Desired survivor size 1343488 bytes, new threshold 3 (max 4)
- age   1:     757136 bytes,     757136 total
- age   2:     113640 bytes,     870776 total
- age   3:     717776 bytes,    1588552 total
: 17316K->1554K(18624K), 0.0023635 secs] 56175K->40833K(81280K), 0.0024790 secs] [Times: user=0.00 sys=0.00, real=0.00 secs] 
18.611: [GC 18.611: [ParNew
Desired survivor size 1343488 bytes, new threshold 3 (max 4)
- age   1:     778056 bytes,     778056 total
- age   2:     522352 bytes,    1300408 total
- age   3:     113640 bytes,    1414048 total
: 17522K->1384K(18624K), 0.0022702 secs] 56800K->41029K(81280K), 0.0023907 secs] [Times: user=0.00 sys=0.00, real=0.00 secs] 
18.626: [GC 18.626: [ParNew
Desired survivor size 1343488 bytes, new threshold 2 (max 4)
- age   1:    1323224 bytes,    1323224 total
- age   2:     574464 bytes,    1897688 total
- age   3:     522352 bytes,    2420040 total
: 17352K->2366K(18624K), 0.0026843 secs] 56997K->42122K(81280K), 0.0027803 secs] [Times: user=0.01 sys=0.00, real=0.00 secs] 
18.640: [GC 18.640: [ParNew
Desired survivor size 1343488 bytes, new threshold 2 (max 4)
- age   1:     492968 bytes,     492968 total
- age   2:    1196600 bytes,    1689568 total
: 18337K->1653K(18624K), 0.0034550 secs] 58093K->42480K(81280K), 0.0035805 secs] [Times: user=0.00 sys=0.00, real=0.00 secs] 
18.659: [GC 18.660: [ParNew
Desired survivor size 1343488 bytes, new threshold 4 (max 4)
- age   1:     484096 bytes,     484096 total
- age   2:     378512 bytes,     862608 total
: 17635K->845K(18624K), 0.0028830 secs] 58463K->42840K(81280K), 0.0029990 secs] [Times: user=0.01 sys=0.00, real=0.00 secs] 
18.675: [GC 18.675: [ParNew
Desired survivor size 1343488 bytes, new threshold 4 (max 4)
- age   1:     521608 bytes,     521608 total
- age   2:     436792 bytes,     958400 total
- age   3:      98824 bytes,    1057224 total
: 16843K->1035K(18624K), 0.0018631 secs] 58839K->43030K(81280K), 0.0019971 secs] [Times: user=0.00 sys=0.00, real=0.00 secs] 
18.690: [GC 18.690: [ParNew
Desired survivor size 1343488 bytes, new threshold 2 (max 4)
- age   1:    1266808 bytes,    1266808 total
- age   2:     358208 bytes,    1625016 total
- age   3:     436792 bytes,    2061808 total
- age   4:      98824 bytes,    2160632 total
: 16968K->2115K(18624K), 0.0024139 secs] 58964K->44111K(81280K), 0.0025300 secs] [Times: user=0.00 sys=0.00, real=0.00 secs] 
18.705: [GC 18.705: [ParNew
Desired survivor size 1343488 bytes, new threshold 2 (max 4)
- age   1:    1315776 bytes,    1315776 total
- age   2:     822792 bytes,    2138568 total
: 18077K->2097K(18624K), 0.0034691 secs] 60073K->44966K(81280K), 0.0035708 secs] [Times: user=0.01 sys=0.00, real=0.00 secs] 
18.720: [GC 18.720: [ParNew
Desired survivor size 1343488 bytes, new threshold 2 (max 4)
- age   1:    1327928 bytes,    1327928 total
- age   2:    1230776 bytes,    2558704 total
: 18080K->2501K(18624K), 0.0037401 secs] 60949K->45930K(81280K), 0.0038634 secs] [Times: user=0.00 sys=0.00, real=0.00 secs] 
18.736: [GC 18.736: [ParNew
Desired survivor size 1343488 bytes, new threshold 2 (max 4)
- age   1:     877424 bytes,     877424 total
- age   2:    1246120 bytes,    2123544 total
: 18477K->2074K(18624K), 0.0035818 secs] 61906K->46535K(81280K), 0.0037055 secs] [Times: user=0.00 sys=0.00, real=0.00 secs] 
18.751: [GC 18.751: [ParNew
Desired survivor size 1343488 bytes, new threshold 4 (max 4)
- age   1:     784424 bytes,     784424 total
- age   2:     171976 bytes,     956400 total
: 18060K->936K(18624K), 0.0028724 secs] 62520K->46613K(81280K), 0.0029815 secs] [Times: user=0.01 sys=0.00, real=0.01 secs] 
18.768: [GC 18.768: [ParNew
Desired survivor size 1343488 bytes, new threshold 4 (max 4)
- age   1:     504168 bytes,     504168 total
- age   2:     657792 bytes,    1161960 total
- age   3:     139864 bytes,    1301824 total
: 16934K->1273K(18624K), 0.0019714 secs] 62611K->46950K(81280K), 0.0020702 secs] [Times: user=0.00 sys=0.00, real=0.00 secs] 
18.781: [GC 18.781: [ParNew
Desired survivor size 1343488 bytes, new threshold 3 (max 4)
- age   1:     603192 bytes,     603192 total
- age   2:     469344 bytes,    1072536 total
- age   3:     657792 bytes,    1730328 total
- age   4:     139864 bytes,    1870192 total
: 17238K->1835K(18624K), 0.0023204 secs] 62915K->47512K(81280K), 0.0024477 secs] [Times: user=0.00 sys=0.00, real=0.00 secs] 
18.799: [GC 18.799: [ParNew
Desired survivor size 1343488 bytes, new threshold 3 (max 4)
- age   1:     740520 bytes,     740520 total
- age   2:     420512 bytes,    1161032 total
- age   3:     469344 bytes,    1630376 total
: 17825K->1601K(18624K), 0.0029014 secs] 63502K->48057K(81280K), 0.0030249 secs] [Times: user=0.01 sys=0.00, real=0.00 secs] 
18.814: [GC 18.814: [ParNew
Desired survivor size 1343488 bytes, new threshold 3 (max 4)
- age   1:     396048 bytes,     396048 total
- age   2:     605536 bytes,    1001584 total
- age   3:     420512 bytes,    1422096 total
: 17549K->1395K(18624K), 0.0024507 secs] 64005K->48309K(81280K), 0.0025723 secs] [Times: user=0.00 sys=0.00, real=0.00 secs] 
18.822: [GC [1 CMS-initial-mark: 46914K(62656K)] 56645K(81280K), 0.0012858 secs] [Times: user=0.00 sys=0.00, real=0.00 secs] 
18.824: [CMS-concurrent-mark-start]
18.830: [GC 18.830: [ParNew
Desired survivor size 1343488 bytes, new threshold 3 (max 4)
- age   1:     986424 bytes,     986424 total
- age   2:     252824 bytes,    1239248 total
- age   3:     338376 bytes,    1577624 total
: 17361K->1543K(18624K), 0.0025324 secs] 64275K->48868K(81280K), 0.0026176 secs] [Times: user=0.01 sys=0.00, real=0.00 secs] 
18.847: [GC 18.847: [ParNew
Desired survivor size 1343488 bytes, new threshold 3 (max 4)
- age   1:     205728 bytes,     205728 total
- age   2:     919504 bytes,    1125232 total
- age   3:     252824 bytes,    1378056 total
: 17497K->1347K(18624K), 0.0024318 secs] 64822K->49002K(81280K), 0.0025719 secs] [Times: user=0.00 sys=0.00, real=0.00 secs] 
18.863: [GC 18.863: [ParNew
Desired survivor size 1343488 bytes, new threshold 3 (max 4)
- age   1:     511632 bytes,     511632 total
- age   2:     143864 bytes,     655496 total
- age   3:     919504 bytes,    1575000 total
: 17308K->1541K(18624K), 0.0023521 secs] 64963K->49443K(81280K), 0.0024386 secs] [Times: user=0.00 sys=0.00, real=0.01 secs] 
18.882: [GC 18.882: [ParNew
Desired survivor size 1343488 bytes, new threshold 4 (max 4)
- age   1:     493208 bytes,     493208 total
- age   2:     331984 bytes,     825192 total
- age   3:     143864 bytes,     969056 total
: 17479K->948K(18624K), 0.0035600 secs] 65380K->49748K(81280K), 0.0036617 secs] [Times: user=0.00 sys=0.00, real=0.01 secs] 
18.901: [GC 18.901: [ParNew
Desired survivor size 1343488 bytes, new threshold 2 (max 4)
- age   1:    1079080 bytes,    1079080 total
- age   2:     425608 bytes,    1504688 total
- age   3:     331984 bytes,    1836672 total
- age   4:     143864 bytes,    1980536 total
: 16892K->1940K(18624K), 0.0026252 secs] 65692K->50739K(81280K), 0.0027260 secs] [Times: user=0.01 sys=0.00, real=0.00 secs] 
18.908: [CMS-concurrent-mark: 0.067/0.085 secs] [Times: user=0.13 sys=0.01, real=0.09 secs] 
18.908: [CMS-concurrent-preclean-start]
18.909: [CMS-concurrent-preclean: 0.000/0.000 secs] [Times: user=0.00 sys=0.00, real=0.00 secs] 
18.910: [GC[YG occupancy: 3404 K (18624 K)]18.910: [Rescan (parallel) , 0.0010901 secs]18.911: [weak refs processing, 0.0000050 secs] [1 CMS-remark: 48799K(62656K)] 52204K(81280K), 0.0011741 secs] [Times: user=0.00 sys=0.00, real=0.00 secs] 
18.912: [CMS-concurrent-sweep-start]
18.920: [CMS-concurrent-sweep: 0.008/0.008 secs] [Times: user=0.01 sys=0.00, real=0.01 secs] 
18.920: [CMS-concurrent-reset-start]
18.921: [CMS-concurrent-reset: 0.001/0.001 secs] [Times: user=0.00 sys=0.00, real=0.00 secs] 
18.926: [GC 18.926: [ParNew
Desired survivor size 1343488 bytes, new threshold 2 (max 4)
- age   1:     657896 bytes,     657896 total
- age   2:     827056 bytes,    1484952 total
: 17935K->1452K(18624K), 0.0024995 secs] 28230K->12425K(81280K), 0.0025942 secs] [Times: user=0.01 sys=0.00, real=0.00 secs] 
18.941: [GC 18.942: [ParNew
Desired survivor size 1343488 bytes, new threshold 2 (max 4)
- age   1:     897720 bytes,     897720 total
- age   2:     500504 bytes,    1398224 total
: 17404K->1369K(18624K), 0.0024619 secs] 28377K->13150K(81280K), 0.0025842 secs] [Times: user=0.01 sys=0.00, real=0.01 secs] 
18.955: [GC 18.956: [ParNew
Desired survivor size 1343488 bytes, new threshold 2 (max 4)
- age   1:    1085024 bytes,    1085024 total
- age   2:     740240 bytes,    1825264 total
: 17360K->1787K(18624K), 0.0028861 secs] 29141K->14055K(81280K), 0.0030148 secs] [Times: user=0.00 sys=0.00, real=0.00 secs] 
18.971: [GC 18.971: [ParNew
Desired survivor size 1343488 bytes, new threshold 1 (max 4)
- age   1:    1598912 bytes,    1598912 total
- age   2:    1085024 bytes,    2683936 total
: 17706K->2621K(18624K), 0.0038114 secs] 29973K->15499K(81280K), 0.0039132 secs] [Times: user=0.01 sys=0.00, real=0.01 secs] 
18.986: [GC 18.986: [ParNew
Desired survivor size 1343488 bytes, new threshold 4 (max 4)
- age   1:     742968 bytes,     742968 total
: 18479K->729K(18624K), 0.0032080 secs] 31358K->15784K(81280K), 0.0033265 secs] [Times: user=0.00 sys=0.00, real=0.00 secs] 
19.002: [GC 19.003: [ParNew
Desired survivor size 1343488 bytes, new threshold 4 (max 4)
- age   1:     723112 bytes,     723112 total
- age   2:     536064 bytes,    1259176 total
: 16690K->1232K(18624K), 0.0019695 secs] 31746K->16288K(81280K), 0.0020739 secs] [Times: user=0.01 sys=0.00, real=0.01 secs] 
19.020: [GC 19.020: [ParNew
Desired survivor size 1343488 bytes, new threshold 4 (max 4)
- age   1:     717872 bytes,     717872 total
- age   2:        560 bytes,     718432 total
- age   3:     158984 bytes,     877416 total
: 17189K->858K(18624K), 0.0015509 secs] 32245K->15914K(81280K), 0.0016898 secs] [Times: user=0.00 sys=0.00, real=0.00 secs] 
19.037: [GC 19.037: [ParNew
Desired survivor size 1343488 bytes, new threshold 4 (max 4)
- age   1:     306056 bytes,     306056 total
- age   2:     631336 bytes,     937392 total
- age   3:        560 bytes,     937952 total
- age   4:      72496 bytes,    1010448 total
: 16848K->989K(18624K), 0.0026707 secs] 31903K->16044K(81280K), 0.0027726 secs] [Times: user=0.00 sys=0.00, real=0.00 secs] 
19.051: [GC 19.052: [ParNew
Desired survivor size 1343488 bytes, new threshold 3 (max 4)
- age   1:     893656 bytes,     893656 total
- age   2:     132864 bytes,    1026520 total
- age   3:     631336 bytes,    1657856 total
- age   4:        560 bytes,    1658416 total
: 16968K->1621K(18624K), 0.0021793 secs] 32023K->16747K(81280K), 0.0022819 secs] [Times: user=0.00 sys=0.00, real=0.00 secs] 
19.066: [GC 19.067: [ParNew
Desired survivor size 1343488 bytes, new threshold 2 (max 4)
- age   1:     990464 bytes,     990464 total
- age   2:     770768 bytes,    1761232 total
- age   3:     132864 bytes,    1894096 total
: 17593K->1853K(18624K), 0.0039192 secs] 32719K->17596K(81280K), 0.0040193 secs] [Times: user=0.01 sys=0.00, real=0.00 secs] 
19.081: [GC 19.081: [ParNew
Desired survivor size 1343488 bytes, new threshold 4 (max 4)
- age   1:     622072 bytes,     622072 total
- age   2:     530520 bytes,    1152592 total
: 17802K->1129K(18624K), 0.0026112 secs] 33546K->17754K(81280K), 0.0027095 secs] [Times: user=0.00 sys=0.00, real=0.01 secs] 
19.095: [GC 19.096: [ParNew
Desired survivor size 1343488 bytes, new threshold 4 (max 4)
- age   1:     532560 bytes,     532560 total
- age   2:     546144 bytes,    1078704 total
- age   3:      64112 bytes,    1142816 total
: 17109K->1119K(18624K), 0.0016948 secs] 33735K->17745K(81280K), 0.0018172 secs] [Times: user=0.01 sys=0.00, real=0.00 secs] 
19.110: [GC 19.110: [ParNew
Desired survivor size 1343488 bytes, new threshold 4 (max 4)
- age   1:     261208 bytes,     261208 total
- age   2:     532520 bytes,     793728 total
- age   3:     546144 bytes,    1339872 total
- age   4:      64112 bytes,    1403984 total
: 17111K->1370K(18624K), 0.0021076 secs] 33737K->17996K(81280K), 0.0022074 secs] [Times: user=0.00 sys=0.00, real=0.00 secs] 
19.124: [GC 19.124: [ParNew
Desired survivor size 1343488 bytes, new threshold 4 (max 4)
- age   1:     183328 bytes,     183328 total
- age   2:     250440 bytes,     433768 total
- age   3:     532520 bytes,     966288 total
- age   4:     546144 bytes,    1512432 total
: 17370K->1480K(18624K), 0.0023671 secs] 33996K->18168K(81280K), 0.0024691 secs] [Times: user=0.00 sys=0.00, real=0.00 secs] 
19.139: [GC 19.139: [ParNew
Desired survivor size 1343488 bytes, new threshold 4 (max 4)
- age   1:     576192 bytes,     576192 total
- age   2:      68088 bytes,     644280 total
- age   3:     250440 bytes,     894720 total
- age   4:     420584 bytes,    1315304 total
: 17470K->1289K(18624K), 0.0022409 secs] 34159K->18511K(81280K), 0.0023355 secs] [Times: user=0.01 sys=0.00, real=0.00 secs] 
19.154: [GC 19.154: [ParNew
Desired survivor size 1343488 bytes, new threshold 4 (max 4)
- age   1:     721424 bytes,     721424 total
- age   2:     333728 bytes,    1055152 total
- age   3:      68048 bytes,    1123200 total
- age   4:     250440 bytes,    1373640 total
: 17157K->1345K(18624K), 0.0023506 secs] 34379K->18978K(81280K), 0.0024778 secs] [Times: user=0.00 sys=0.00, real=0.01 secs] 
19.171: [GC 19.172: [ParNew
Desired survivor size 1343488 bytes, new threshold 3 (max 4)
- age   1:     625000 bytes,     625000 total
- age   2:     562200 bytes,    1187200 total
- age   3:     333728 bytes,    1520928 total
: 17326K->1496K(18624K), 0.0029911 secs] 34959K->19373K(81280K), 0.0032129 secs] [Times: user=0.01 sys=0.01, real=0.01 secs] 
19.187: [GC 19.188: [ParNew
Desired survivor size 1343488 bytes, new threshold 2 (max 4)
- age   1:     955416 bytes,     955416 total
- age   2:     600520 bytes,    1555936 total
- age   3:     562200 bytes,    2118136 total
: 17466K->2080K(18624K), 0.0029716 secs] 35343K->20283K(81280K), 0.0031367 secs] [Times: user=0.01 sys=0.00, real=0.00 secs] 
19.206: [GC 19.206: [ParNew
Desired survivor size 1343488 bytes, new threshold 4 (max 4)
- age   1:     598848 bytes,     598848 total
- age   2:     581432 bytes,    1180280 total
: 18003K->1162K(18624K), 0.0023603 secs] 36205K->20420K(81280K), 0.0024483 secs] [Times: user=0.00 sys=0.00, real=0.00 secs] 
19.222: [GC 19.222: [ParNew
Desired survivor size 1343488 bytes, new threshold 2 (max 4)
- age   1:    1232488 bytes,    1232488 total
- age   2:     475960 bytes,    1708448 total
- age   3:     581432 bytes,    2289880 total
: 17117K->2237K(18624K), 0.0024865 secs] 36375K->21495K(81280K), 0.0025878 secs] [Times: user=0.01 sys=0.00, real=0.01 secs] 
19.235: [GC 19.235: [ParNew
Desired survivor size 1343488 bytes, new threshold 2 (max 4)
- age   1:     331128 bytes,     331128 total
- age   2:    1098832 bytes,    1429960 total
: 18235K->1398K(18624K), 0.0028479 secs] 37493K->21689K(81280K), 0.0029549 secs] [Times: user=0.00 sys=0.00, real=0.00 secs] 
19.251: [GC 19.251: [ParNew
Desired survivor size 1343488 bytes, new threshold 4 (max 4)
- age   1:     676136 bytes,     676136 total
- age   2:     305432 bytes,     981568 total
: 17382K->962K(18624K), 0.0024663 secs] 37673K->22090K(81280K), 0.0025875 secs] [Times: user=0.00 sys=0.00, real=0.00 secs] 
19.266: [GC 19.266: [ParNew
Desired survivor size 1343488 bytes, new threshold 2 (max 4)
- age   1:    1099720 bytes,    1099720 total
- age   2:     431128 bytes,    1530848 total
- age   3:     305432 bytes,    1836280 total
: 16901K->1794K(18624K), 0.0029540 secs] 38029K->22923K(81280K), 0.0030734 secs] [Times: user=0.00 sys=0.00, real=0.00 secs] 
19.281: [GC 19.282: [ParNew
Desired survivor size 1343488 bytes, new threshold 4 (max 4)
- age   1:     363896 bytes,     363896 total
- age   2:     491568 bytes,     855464 total
: 17777K->839K(18624K), 0.0019705 secs] 38905K->22686K(81280K), 0.0020705 secs] [Times: user=0.00 sys=0.00, real=0.00 secs] 
19.295: [GC 19.295: [ParNew
Desired survivor size 1343488 bytes, new threshold 4 (max 4)
- age   1:     262440 bytes,     262440 total
- age   2:     340616 bytes,     603056 total
- age   3:     409856 bytes,    1012912 total
: 16769K->995K(18624K), 0.0017022 secs] 38617K->22843K(81280K), 0.0018019 secs] [Times: user=0.00 sys=0.00, real=0.00 secs] 
19.308: [GC 19.308: [ParNew
Desired survivor size 1343488 bytes, new threshold 4 (max 4)
- age   1:     900976 bytes,     900976 total
- age   2:      93024 bytes,     994000 total
- age   3:     258824 bytes,    1252824 total
- age   4:     409856 bytes,    1662680 total
: 16917K->1629K(18624K), 0.0023981 secs] 38765K->23477K(81280K), 0.0025097 secs] [Times: user=0.01 sys=0.01, real=0.00 secs] 
19.323: [GC 19.324: [ParNew
Desired survivor size 1343488 bytes, new threshold 4 (max 4)
- age   1:     507944 bytes,     507944 total
- age   2:     649848 bytes,    1157792 total
- age   3:      93024 bytes,    1250816 total
- age   4:     258824 bytes,    1509640 total
: 17596K->1483K(18624K), 0.0022015 secs] 39444K->23731K(81280K), 0.0023155 secs] [Times: user=0.01 sys=0.00, real=0.01 secs] 
19.341: [GC 19.342: [ParNew
Desired survivor size 1343488 bytes, new threshold 3 (max 4)
- age   1:     663088 bytes,     663088 total
- age   2:     249112 bytes,     912200 total
- age   3:     565032 bytes,    1477232 total
- age   4:      93024 bytes,    1570256 total
: 17470K->1536K(18624K), 0.0021724 secs] 39718K->24037K(81280K), 0.0022606 secs] [Times: user=0.00 sys=0.00, real=0.01 secs] 
19.357: [GC 19.357: [ParNew
Desired survivor size 1343488 bytes, new threshold 4 (max 4)
- age   1:     326176 bytes,     326176 total
- age   2:     483680 bytes,     809856 total
- age   3:     249112 bytes,    1058968 total
: 17522K->1035K(18624K), 0.0021351 secs] 40023K->24179K(81280K), 0.0022411 secs] [Times: user=0.01 sys=0.00, real=0.00 secs] 
19.372: [GC 19.372: [ParNew
Desired survivor size 1343488 bytes, new threshold 3 (max 4)
- age   1:     870008 bytes,     870008 total
- age   2:      67608 bytes,     937616 total
- age   3:     483680 bytes,    1421296 total
- age   4:     249112 bytes,    1670408 total
: 17000K->1632K(18624K), 0.0023172 secs] 40144K->24775K(81280K), 0.0024878 secs] [Times: user=0.01 sys=0.00, real=0.01 secs] 
19.387: [GC 19.387: [ParNew
Desired survivor size 1343488 bytes, new threshold 4 (max 4)
- age   1:     350952 bytes,     350952 total
- age   2:     620304 bytes,     971256 total
- age   3:      67608 bytes,    1038864 total
: 17632K->1016K(18624K), 0.0020687 secs] 40775K->24875K(81280K), 0.0021886 secs] [Times: user=0.00 sys=0.00, real=0.00 secs] 
19.401: [GC 19.401: [ParNew
Desired survivor size 1343488 bytes, new threshold 3 (max 4)
- age   1:     872616 bytes,     872616 total
- age   2:     279480 bytes,    1152096 total
- age   3:     277216 bytes,    1429312 total
- age   4:      67608 bytes,    1496920 total
: 16949K->1465K(18624K), 0.0021419 secs] 40808K->25324K(81280K), 0.0022420 secs] [Times: user=0.01 sys=0.00, real=0.00 secs] 
19.414: [GC 19.414: [ParNew
Desired survivor size 1343488 bytes, new threshold 3 (max 4)
- age   1:     620344 bytes,     620344 total
- age   2:     631816 bytes,    1252160 total
- age   3:     111056 bytes,    1363216 total
: 17444K->1337K(18624K), 0.0024148 secs] 41303K->25474K(81280K), 0.0025364 secs] [Times: user=0.01 sys=0.00, real=0.00 secs] 
19.430: [GC 19.431: [ParNew
Desired survivor size 1343488 bytes, new threshold 3 (max 4)
- age   1:     367656 bytes,     367656 total
- age   2:     360792 bytes,     728448 total
- age   3:     631816 bytes,    1360264 total
: 17319K->1331K(18624K), 0.0020382 secs] 41456K->25524K(81280K), 0.0021419 secs] [Times: user=0.00 sys=0.00, real=0.00 secs] 
19.448: [GC 19.448: [ParNew
Desired survivor size 1343488 bytes, new threshold 4 (max 4)
- age   1:     231688 bytes,     231688 total
- age   2:     144072 bytes,     375760 total
- age   3:     360792 bytes,     736552 total
: 17320K->720K(18624K), 0.0029138 secs] 41513K->25361K(81280K), 0.0030055 secs] [Times: user=0.01 sys=0.00, real=0.00 secs] 
19.463: [GC 19.463: [ParNew
Desired survivor size 1343488 bytes, new threshold 4 (max 4)
- age   1:     643248 bytes,     643248 total
- age   2:     175944 bytes,     819192 total
- age   3:     144072 bytes,     963264 total
- age   4:     360792 bytes,    1324056 total
: 16701K->1295K(18624K), 0.0023088 secs] 41342K->25936K(81280K), 0.0024008 secs] [Times: user=0.00 sys=0.00, real=0.01 secs] 
19.484: [GC 19.484: [ParNew
Desired survivor size 1343488 bytes, new threshold 4 (max 4)
- age   1:     175080 bytes,     175080 total
- age   2:     643248 bytes,     818328 total
- age   3:       2600 bytes,     820928 total
- age   4:      65240 bytes,     886168 total
: 17261K->869K(18624K), 0.0030970 secs] 41902K->25862K(81280K), 0.0031941 secs] [Times: user=0.00 sys=0.00, real=0.01 secs] 
19.500: [GC 19.500: [ParNew
Desired survivor size 1343488 bytes, new threshold 4 (max 4)
- age   1:     205808 bytes,     205808 total
- age   2:     174896 bytes,     380704 total
- age   3:     643248 bytes,    1023952 total
- age   4:       1928 bytes,    1025880 total
: 16869K->1008K(18624K), 0.0017972 secs] 41862K->26064K(81280K), 0.0018880 secs] [Times: user=0.01 sys=0.00, real=0.00 secs] 
19.516: [GC 19.516: [ParNew
Desired survivor size 1343488 bytes, new threshold 4 (max 4)
- age   1:     664912 bytes,     664912 total
- age   2:     205808 bytes,     870720 total
- age   3:     174896 bytes,    1045616 total
- age   4:     419232 bytes,    1464848 total
: 16993K->1447K(18624K), 0.0026462 secs] 42048K->26505K(81280K), 0.0027532 secs] [Times: user=0.01 sys=0.00, real=0.00 secs] 
19.530: [GC 19.530: [ParNew
Desired survivor size 1343488 bytes, new threshold 4 (max 4)
- age   1:     429096 bytes,     429096 total
- age   2:     587616 bytes,    1016712 total
- age   3:     122832 bytes,    1139544 total
- age   4:     174896 bytes,    1314440 total
: 17436K->1287K(18624K), 0.0025017 secs] 42494K->26589K(81280K), 0.0025852 secs] [Times: user=0.00 sys=0.00, real=0.00 secs] 
19.544: [GC 19.545: [ParNew
Desired survivor size 1343488 bytes, new threshold 4 (max 4)
- age   1:     469696 bytes,     469696 total
- age   2:     384160 bytes,     853856 total
- age   3:     165928 bytes,    1019784 total
- age   4:     122832 bytes,    1142616 total
: 17248K->1121K(18624K), 0.0025983 secs] 42549K->26594K(81280K), 0.0027512 secs] [Times: user=0.00 sys=0.00, real=0.00 secs] 
19.561: [GC 19.561: [ParNew
Desired survivor size 1343488 bytes, new threshold 4 (max 4)
- age   1:     205080 bytes,     205080 total
- age   2:     370968 bytes,     576048 total
- age   3:     341232 bytes,     917280 total
- age   4:     165928 bytes,    1083208 total
: 17074K->1067K(18624K), 0.0017593 secs] 42546K->26659K(81280K), 0.0018536 secs] [Times: user=0.01 sys=0.00, real=0.00 secs] 
19.577: [GC 19.577: [ParNew
Desired survivor size 1343488 bytes, new threshold 4 (max 4)
- age   1:     524840 bytes,     524840 total
- age   2:     148696 bytes,     673536 total
- age   3:     370968 bytes,    1044504 total
- age   4:     341232 bytes,    1385736 total
: 17067K->1355K(18624K), 0.0021282 secs] 42659K->27109K(81280K), 0.0022357 secs] [Times: user=0.00 sys=0.00, real=0.00 secs] 
19.593: [GC 19.593: [ParNew
Desired survivor size 1343488 bytes, new threshold 4 (max 4)
- age   1:     729064 bytes,     729064 total
- age   2:     461656 bytes,    1190720 total
- age   3:     148696 bytes,    1339416 total
- age   4:     219048 bytes,    1558464 total
: 17318K->1532K(18624K), 0.0023675 secs] 43072K->27286K(81280K), 0.0024741 secs] [Times: user=0.01 sys=0.00, real=0.01 secs] 
19.607: [GC 19.607: [ParNew
Desired survivor size 1343488 bytes, new threshold 4 (max 4)
- age   1:     206984 bytes,     206984 total
- age   2:     614880 bytes,     821864 total
- age   3:     461656 bytes,    1283520 total
- age   4:     148696 bytes,    1432216 total
: 17509K->1404K(18624K), 0.0030862 secs] 43263K->27372K(81280K), 0.0031781 secs] [Times: user=0.00 sys=0.00, real=0.00 secs] 
19.624: [GC 19.624: [ParNew
Desired survivor size 1343488 bytes, new threshold 3 (max 4)
- age   1:     822832 bytes,     822832 total
- age   2:     121840 bytes,     944672 total
- age   3:     612696 bytes,    1557368 total
- age   4:     461656 bytes,    2019024 total
: 17404K->1974K(18624K), 0.0026766 secs] 43372K->28087K(81280K), 0.0027759 secs] [Times: user=0.01 sys=0.00, real=0.00 secs] 
19.640: [GC 19.640: [ParNew
Desired survivor size 1343488 bytes, new threshold 4 (max 4)
- age   1:     162560 bytes,     162560 total
- age   2:     793992 bytes,     956552 total
- age   3:     121840 bytes,    1078392 total
: 17971K->1061K(18624K), 0.0025026 secs] 44085K->28085K(81280K), 0.0026162 secs] [Times: user=0.01 sys=0.00, real=0.00 secs] 
19.655: [GC 19.655: [ParNew
Desired survivor size 1343488 bytes, new threshold 4 (max 4)
- age   1:      93656 bytes,      93656 total
- age   2:      99024 bytes,     192680 total
- age   3:     752072 bytes,     944752 total
- age   4:     121840 bytes,    1066592 total
: 17061K->1074K(18624K), 0.0018677 secs] 44085K->28098K(81280K), 0.0019696 secs] [Times: user=0.00 sys=0.00, real=0.00 secs] 
19.668: [GC 19.668: [ParNew
Desired survivor size 1343488 bytes, new threshold 4 (max 4)
- age   1:     505760 bytes,     505760 total
- age   2:       5384 bytes,     511144 total
- age   3:      98984 bytes,     610128 total
- age   4:     752072 bytes,    1362200 total
: 17066K->1339K(18624K), 0.0022495 secs] 44090K->28363K(81280K), 0.0023533 secs] [Times: user=0.01 sys=0.00, real=0.00 secs] 
19.686: [GC 19.686: [ParNew
Desired survivor size 1343488 bytes, new threshold 4 (max 4)
- age   1:     940936 bytes,     940936 total
- age   2:     283368 bytes,    1224304 total
- age   3:       5384 bytes,    1229688 total
- age   4:      98984 bytes,    1328672 total
: 17267K->1317K(18624K), 0.0030089 secs] 44292K->29075K(81280K), 0.0031135 secs] [Times: user=0.00 sys=0.00, real=0.00 secs] 
19.700: [GC 19.700: [ParNew
Desired survivor size 1343488 bytes, new threshold 3 (max 4)
- age   1:     302704 bytes,     302704 total
- age   2:     862104 bytes,    1164808 total
- age   3:     236048 bytes,    1400856 total
- age   4:       5384 bytes,    1406240 total
: 17317K->1379K(18624K), 0.0033094 secs] 45075K->29235K(81280K), 0.0034682 secs] [Times: user=0.00 sys=0.00, real=0.01 secs] 
19.715: [GC 19.715: [ParNew
Desired survivor size 1343488 bytes, new threshold 3 (max 4)
- age   1:     543312 bytes,     543312 total
- age   2:     249264 bytes,     792576 total
- age   3:     862104 bytes,    1654680 total
: 17370K->1623K(18624K), 0.0035128 secs] 45225K->29714K(81280K), 0.0036122 secs] [Times: user=0.01 sys=0.00, real=0.00 secs] 
19.730: [GC 19.730: [ParNew
Desired survivor size 1343488 bytes, new threshold 4 (max 4)
- age   1:     397080 bytes,     397080 total
- age   2:     532440 bytes,     929520 total
- age   3:     249264 bytes,    1178784 total
: 17623K->1157K(18624K), 0.0027124 secs] 45714K->30090K(81280K), 0.0028310 secs] [Times: user=0.00 sys=0.00, real=0.00 secs] 
19.744: [GC 19.744: [ParNew
Desired survivor size 1343488 bytes, new threshold 4 (max 4)
- age   1:     690688 bytes,     690688 total
- age   2:     395592 bytes,    1086280 total
- age   3:     153368 bytes,    1239648 total
- age   4:     191000 bytes,    1430648 total
: 17149K->1404K(18624K), 0.0027785 secs] 46082K->30337K(81280K), 0.0028788 secs] [Times: user=0.00 sys=0.00, real=0.00 secs] 
19.759: [GC 19.759: [ParNew
Desired survivor size 1343488 bytes, new threshold 3 (max 4)
- age   1:     589520 bytes,     589520 total
- age   2:     396288 bytes,     985808 total
- age   3:     395592 bytes,    1381400 total
- age   4:     153368 bytes,    1534768 total
: 17399K->1501K(18624K), 0.0027259 secs] 46332K->30621K(81280K), 0.0028358 secs] [Times: user=0.01 sys=0.01, real=0.00 secs] 
19.774: [GC 19.774: [ParNew
Desired survivor size 1343488 bytes, new threshold 4 (max 4)
- age   1:     343976 bytes,     343976 total
- age   2:     522320 bytes,     866296 total
- age   3:     396288 bytes,    1262584 total
: 17485K->1242K(18624K), 0.0028492 secs] 46604K->30849K(81280K), 0.0029679 secs] [Times: user=0.00 sys=0.00, real=0.00 secs] 
19.790: [GC 19.790: [ParNew
Desired survivor size 1343488 bytes, new threshold 4 (max 4)
- age   1:     477528 bytes,     477528 total
- age   2:     319272 bytes,     796800 total
- age   3:     522560 bytes,    1319360 total
- age   4:     396288 bytes,    1715648 total
: 17231K->1678K(18624K), 0.0023802 secs] 46838K->31285K(81280K), 0.0024921 secs] [Times: user=0.00 sys=0.00, real=0.00 secs] 
19.804: [GC 19.805: [ParNew
Desired survivor size 1343488 bytes, new threshold 4 (max 4)
- age   1:     185160 bytes,     185160 total
- age   2:     425440 bytes,     610600 total
- age   3:     236872 bytes,     847472 total
- age   4:     192896 bytes,    1040368 total
: 17642K->1019K(18624K), 0.0019383 secs] 47250K->31013K(81280K), 0.0020268 secs] [Times: user=0.01 sys=0.00, real=0.00 secs] 
19.818: [GC 19.818: [ParNew
Desired survivor size 1343488 bytes, new threshold 4 (max 4)
- age   1:      35736 bytes,      35736 total
- age   2:     100360 bytes,     136096 total
- age   3:     425440 bytes,     561536 total
- age   4:     236872 bytes,     798408 total
: 17017K->781K(18624K), 0.0016446 secs] 47011K->30886K(81280K), 0.0017294 secs] [Times: user=0.00 sys=0.00, real=0.00 secs] 
19.831: [GC 19.832: [ParNew
Desired survivor size 1343488 bytes, new threshold 4 (max 4)
- age   1:     587952 bytes,     587952 total
- age   2:       1680 bytes,     589632 total
- age   3:      53440 bytes,     643072 total
- age   4:     425440 bytes,    1068512 total
: 16759K->1044K(18624K), 0.0019278 secs] 46864K->31382K(81280K), 0.0025669 secs] [Times: user=0.00 sys=0.00, real=0.01 secs] 
19.846: [GC 19.846: [ParNew
Desired survivor size 1343488 bytes, new threshold 4 (max 4)
- age   1:     658840 bytes,     658840 total
- age   2:     535136 bytes,    1193976 total
- age   3:       1680 bytes,    1195656 total
- age   4:      53440 bytes,    1249096 total
: 17041K->1221K(18624K), 0.0021782 secs] 47378K->31932K(81280K), 0.0022862 secs] [Times: user=0.00 sys=0.00, real=0.00 secs] 
19.861: [GC 19.861: [ParNew
Desired survivor size 1343488 bytes, new threshold 3 (max 4)
- age   1:     307888 bytes,     307888 total
- age   2:     610568 bytes,     918456 total
- age   3:     535136 bytes,    1453592 total
- age   4:       1680 bytes,    1455272 total
: 17213K->1422K(18624K), 0.0019174 secs] 47923K->32185K(81280K), 0.0020778 secs] [Times: user=0.01 sys=0.00, real=0.00 secs] 
19.875: [GC 19.875: [ParNew
Desired survivor size 1343488 bytes, new threshold 3 (max 4)
- age   1:     569320 bytes,     569320 total
- age   2:     282896 bytes,     852216 total
- age   3:     563712 bytes,    1415928 total
: 17404K->1386K(18624K), 0.0022421 secs] 48167K->32673K(81280K), 0.0023358 secs] [Times: user=0.01 sys=0.00, real=0.00 secs] 
19.889: [GC 19.890: [ParNew
Desired survivor size 1343488 bytes, new threshold 4 (max 4)
- age   1:     134696 bytes,     134696 total
- age   2:     413896 bytes,     548592 total
- age   3:     282864 bytes,     831456 total
: 17375K->815K(18624K), 0.0020688 secs] 48662K->32601K(81280K), 0.0021972 secs] [Times: user=0.00 sys=0.00, real=0.00 secs] 
19.904: [GC 19.904: [ParNew
Desired survivor size 1343488 bytes, new threshold 4 (max 4)
- age   1:     351344 bytes,     351344 total
- age   3:     360088 bytes,     711432 total
- age   4:     282864 bytes,     994296 total
: 16809K->972K(18624K), 0.0017945 secs] 48595K->32758K(81280K), 0.0019003 secs] [Times: user=0.00 sys=0.01, real=0.00 secs] 
19.919: [GC 19.919: [ParNew
Desired survivor size 1343488 bytes, new threshold 4 (max 4)
- age   1:     545016 bytes,     545016 total
- age   2:     108080 bytes,     653096 total
- age   4:     360088 bytes,    1013184 total
: 16969K->992K(18624K), 0.0022750 secs] 48755K->33054K(81280K), 0.0023920 secs] [Times: user=0.01 sys=0.00, real=0.00 secs] 
19.937: [GC 19.937: [ParNew
Desired survivor size 1343488 bytes, new threshold 2 (max 4)
- age   1:    1144920 bytes,    1144920 total
- age   2:     230248 bytes,    1375168 total
- age   3:     108080 bytes,    1483248 total
: 16919K->1450K(18624K), 0.0024698 secs] 48981K->33807K(81280K), 0.0025633 secs] [Times: user=0.00 sys=0.00, real=0.00 secs] 
19.952: [GC 19.952: [ParNew
Desired survivor size 1343488 bytes, new threshold 4 (max 4)
- age   1:     363848 bytes,     363848 total
- age   2:     670560 bytes,    1034408 total
: 17396K->1013K(18624K), 0.0018821 secs] 49754K->33701K(81280K), 0.0019951 secs] [Times: user=0.00 sys=0.00, real=0.01 secs] 
19.967: [GC 19.967: [ParNew
Desired survivor size 1343488 bytes, new threshold 4 (max 4)
- age   1:     456808 bytes,     456808 total
- age   2:     193184 bytes,     649992 total
- age   3:     342392 bytes,     992384 total
: 17013K->975K(18624K), 0.0015597 secs] 49701K->33663K(81280K), 0.0016472 secs] [Times: user=0.01 sys=0.00, real=0.00 secs] 
19.986: [GC 19.986: [ParNew
Desired survivor size 1343488 bytes, new threshold 4 (max 4)
- age   1:     100560 bytes,     100560 total
- age   2:     342320 bytes,     442880 total
- age   3:     103432 bytes,     546312 total
- age   4:     170232 bytes,     716544 total
: 16955K->707K(18624K), 0.0017276 secs] 49643K->33395K(81280K), 0.0018195 secs] [Times: user=0.00 sys=0.00, real=0.00 secs] 
20.000: [GC 20.000: [ParNew
Desired survivor size 1343488 bytes, new threshold 4 (max 4)
- age   1:     476416 bytes,     476416 total
- age   2:      62456 bytes,     538872 total
- age   3:     342320 bytes,     881192 total
- age   4:     103432 bytes,     984624 total
: 16684K->968K(18624K), 0.0020733 secs] 49372K->33822K(81280K), 0.0021689 secs] [Times: user=0.00 sys=0.00, real=0.00 secs] 
20.014: [GC 20.014: [ParNew
Desired survivor size 1343488 bytes, new threshold 4 (max 4)
- age   1:     859320 bytes,     859320 total
- age   2:     310920 bytes,    1170240 total
- age   3:      62456 bytes,    1232696 total
- age   4:     342320 bytes,    1575016 total
: 16941K->1540K(18624K), 0.0024874 secs] 49796K->34495K(81280K), 0.0026008 secs] [Times: user=0.00 sys=0.00, real=0.01 secs] 
20.028: [GC 20.028: [ParNew
Desired survivor size 1343488 bytes, new threshold 2 (max 4)
- age   1:     572872 bytes,     572872 total
- age   2:     811688 bytes,    1384560 total
- age   3:     310920 bytes,    1695480 total
- age   4:      62456 bytes,    1757936 total
: 17516K->1720K(18624K), 0.0029029 secs] 50471K->35009K(81280K), 0.0030539 secs] [Times: user=0.01 sys=0.00, real=0.00 secs] 
20.044: [GC 20.044: [ParNew
Desired survivor size 1343488 bytes, new threshold 4 (max 4)
- age   1:     402632 bytes,     402632 total
- age   2:     518368 bytes,     921000 total
: 17720K->902K(18624K), 0.0021500 secs] 51009K->34983K(81280K), 0.0022841 secs] [Times: user=0.00 sys=0.01, real=0.00 secs] 
20.059: [GC 20.059: [ParNew
Desired survivor size 1343488 bytes, new threshold 4 (max 4)
- age   1:     171200 bytes,     171200 total
- age   2:      97528 bytes,     268728 total
- age   3:     518368 bytes,     787096 total
: 16858K->772K(18624K), 0.0014652 secs] 50939K->34852K(81280K), 0.0015566 secs] [Times: user=0.00 sys=0.00, real=0.00 secs] 
20.073: [GC 20.073: [ParNew
Desired survivor size 1343488 bytes, new threshold 4 (max 4)
- age   1:     525864 bytes,     525864 total
- age   2:     120360 bytes,     646224 total
- age   3:      37880 bytes,     684104 total
- age   4:     518368 bytes,    1202472 total
: 16730K->1177K(18624K), 0.0015514 secs] 50810K->35258K(81280K), 0.0016329 secs] [Times: user=0.00 sys=0.00, real=0.01 secs] 
20.085: [GC 20.086: [ParNew
Desired survivor size 1343488 bytes, new threshold 4 (max 4)
- age   1:     636128 bytes,     636128 total
- age   2:     445984 bytes,    1082112 total
- age   3:     120360 bytes,    1202472 total
- age   4:      37880 bytes,    1240352 total
: 17129K->1214K(18624K), 0.0031295 secs] 51209K->35801K(81280K), 0.0032423 secs] [Times: user=0.01 sys=0.00, real=0.00 secs] 
20.100: [GC 20.100: [ParNew
Desired survivor size 1343488 bytes, new threshold 4 (max 4)
- age   1:     233056 bytes,     233056 total
- age   2:     343248 bytes,     576304 total
- age   3:     445984 bytes,    1022288 total
- age   4:     120360 bytes,    1142648 total
: 17108K->1118K(18624K), 0.0018645 secs] 51695K->35742K(81280K), 0.0019714 secs] [Times: user=0.00 sys=0.00, real=0.00 secs] 
20.114: [GC 20.115: [ParNew
Desired survivor size 1343488 bytes, new threshold 4 (max 4)
- age   1:     392768 bytes,     392768 total
- age   2:      58760 bytes,     451528 total
- age   3:     343248 bytes,     794776 total
- age   4:     445984 bytes,    1240760 total
: 17058K->1214K(18624K), 0.0017041 secs] 51682K->35955K(81280K), 0.0018442 secs] [Times: user=0.00 sys=0.00, real=0.00 secs] 
20.128: [GC 20.128: [ParNew
Desired survivor size 1343488 bytes, new threshold 4 (max 4)
- age   1:     473304 bytes,     473304 total
- age   2:     302728 bytes,     776032 total
- age   3:      58760 bytes,     834792 total
- age   4:     343248 bytes,    1178040 total
: 17188K->1152K(18624K), 0.0022969 secs] 51930K->36329K(81280K), 0.0024099 secs] [Times: user=0.00 sys=0.00, real=0.00 secs] 
20.143: [GC 20.143: [ParNew
Desired survivor size 1343488 bytes, new threshold 4 (max 4)
- age   1:     502152 bytes,     502152 total
- age   2:     258552 bytes,     760704 total
- age   3:      75880 bytes,     836584 total
- age   4:       5416 bytes,     842000 total
: 17113K->824K(18624K), 0.0017499 secs] 52290K->36336K(81280K), 0.0018427 secs] [Times: user=0.01 sys=0.00, real=0.01 secs] 
20.156: [GC 20.156: [ParNew
Desired survivor size 1343488 bytes, new threshold 4 (max 4)
- age   1:     414600 bytes,     414600 total
- age   2:     430432 bytes,     845032 total
- age   3:     258552 bytes,    1103584 total
- age   4:      75880 bytes,    1179464 total
: 16782K->1155K(18624K), 0.0017470 secs] 52294K->36672K(81280K), 0.0018591 secs] [Times: user=0.00 sys=0.00, real=0.00 secs] 
20.169: [GC 20.169: [ParNew
Desired survivor size 1343488 bytes, new threshold 4 (max 4)
- age   1:     412616 bytes,     412616 total
- age   2:     116888 bytes,     529504 total
- age   3:     396848 bytes,     926352 total
- age   4:     224840 bytes,    1151192 total
: 17121K->1127K(18624K), 0.0016615 secs] 52639K->36719K(81280K), 0.0020850 secs] [Times: user=0.00 sys=0.00, real=0.00 secs] 
20.183: [GC 20.183: [ParNew
Desired survivor size 1343488 bytes, new threshold 4 (max 4)
- age   1:     211464 bytes,     211464 total
- age   2:     134960 bytes,     346424 total
- age   3:     116888 bytes,     463312 total
- age   4:     396848 bytes,     860160 total
: 17113K->843K(18624K), 0.0017976 secs] 52704K->36654K(81280K), 0.0019080 secs] [Times: user=0.00 sys=0.00, real=0.01 secs] 
20.199: [GC 20.199: [ParNew
Desired survivor size 1343488 bytes, new threshold 4 (max 4)
- age   1:     123256 bytes,     123256 total
- age   2:     165248 bytes,     288504 total
- age   4:     116888 bytes,     405392 total
: 16799K->398K(18624K), 0.0022780 secs] 52610K->36429K(81280K), 0.0023887 secs] [Times: user=0.00 sys=0.00, real=0.00 secs] 
20.215: [GC 20.215: [ParNew
Desired survivor size 1343488 bytes, new threshold 4 (max 4)
- age   1:     496120 bytes,     496120 total
- age   2:      49392 bytes,     545512 total
- age   3:     165248 bytes,     710760 total
: 16357K->697K(18624K), 0.0015791 secs] 52387K->36841K(81280K), 0.0016654 secs] [Times: user=0.01 sys=0.00, real=0.00 secs] 
20.230: [GC 20.230: [ParNew
Desired survivor size 1343488 bytes, new threshold 4 (max 4)
- age   1:     731536 bytes,     731536 total
- age   2:     239520 bytes,     971056 total
- age   3:      49392 bytes,    1020448 total
- age   4:     165248 bytes,    1185696 total
: 16596K->1162K(18624K), 0.0017695 secs] 52740K->37306K(81280K), 0.0018645 secs] [Times: user=0.01 sys=0.00, real=0.00 secs] 
20.244: [GC 20.244: [ParNew
Desired survivor size 1343488 bytes, new threshold 4 (max 4)
- age   1:     478704 bytes,     478704 total
- age   2:     475056 bytes,     953760 total
- age   3:     239440 bytes,    1193200 total
- age   4:      49392 bytes,    1242592 total
: 17143K->1218K(18624K), 0.0017439 secs] 53287K->37524K(81280K), 0.0018442 secs] [Times: user=0.00 sys=0.00, real=0.00 secs] 
20.258: [GC 20.258: [ParNew
Desired survivor size 1343488 bytes, new threshold 4 (max 4)
- age   1:     417640 bytes,     417640 total
- age   2:     274696 bytes,     692336 total
- age   3:     212072 bytes,     904408 total
- age   4:     239440 bytes,    1143848 total
: 17216K->1121K(18624K), 0.0017805 secs] 53521K->37474K(81280K), 0.0018732 secs] [Times: user=0.00 sys=0.00, real=0.00 secs] 
20.272: [GC 20.273: [ParNew
Desired survivor size 1343488 bytes, new threshold 4 (max 4)
- age   1:     459480 bytes,     459480 total
- age   2:     250928 bytes,     710408 total
- age   3:     105080 bytes,     815488 total
- age   4:     212072 bytes,    1027560 total
: 17121K->1011K(18624K), 0.0019196 secs] 53474K->37599K(81280K), 0.0020147 secs] [Times: user=0.01 sys=0.00, real=0.01 secs] 
20.289: [GC 20.289: [ParNew
Desired survivor size 1343488 bytes, new threshold 4 (max 4)
- age   1:     320128 bytes,     320128 total
- age   2:      84896 bytes,     405024 total
- age   3:      64960 bytes,     469984 total
- age   4:     105080 bytes,     575064 total
: 16954K->563K(18624K), 0.0016095 secs] 53542K->37358K(81280K), 0.0017025 secs] [Times: user=0.00 sys=0.00, real=0.00 secs] 
20.306: [GC 20.306: [ParNew
Desired survivor size 1343488 bytes, new threshold 4 (max 4)
- age   1:     623808 bytes,     623808 total
- age   2:     184176 bytes,     807984 total
- age   3:      84896 bytes,     892880 total
- age   4:      64960 bytes,     957840 total
: 16484K->938K(18624K), 0.0016783 secs] 53279K->37835K(81280K), 0.0017697 secs] [Times: user=0.00 sys=0.00, real=0.00 secs] 
20.321: [GC 20.321: [ParNew
Desired survivor size 1343488 bytes, new threshold 2 (max 4)
- age   1:    1102616 bytes,    1102616 total
- age   2:     623808 bytes,    1726424 total
- age   4:      84896 bytes,    1811320 total
: 16895K->1771K(18624K), 0.0029941 secs] 53792K->38731K(81280K), 0.0031940 secs] [Times: user=0.00 sys=0.00, real=0.01 secs] 
20.335: [GC 20.335: [ParNew
Desired survivor size 1343488 bytes, new threshold 4 (max 4)
- age   1:     210008 bytes,     210008 total
- age   2:    1005896 bytes,    1215904 total
: 17727K->1192K(18624K), 0.0029902 secs] 54688K->38760K(81280K), 0.0031323 secs] [Times: user=0.01 sys=0.00, real=0.00 secs] 
20.351: [GC 20.351: [ParNew
Desired survivor size 1343488 bytes, new threshold 3 (max 4)
- age   1:     443328 bytes,     443328 total
- age   2:     154360 bytes,     597688 total
- age   3:    1005896 bytes,    1603584 total
: 17089K->1567K(18624K), 0.0019561 secs] 54657K->39135K(81280K), 0.0020647 secs] [Times: user=0.00 sys=0.00, real=0.00 secs] 
20.366: [GC 20.366: [ParNew
Desired survivor size 1343488 bytes, new threshold 4 (max 4)
- age   1:     428752 bytes,     428752 total
- age   2:     385168 bytes,     813920 total
- age   3:     153784 bytes,     967704 total
: 17567K->945K(18624K), 0.0025791 secs] 55135K->39019K(81280K), 0.0026876 secs] [Times: user=0.01 sys=0.00, real=0.00 secs] 
20.381: [GC 20.381: [ParNew
Desired survivor size 1343488 bytes, new threshold 3 (max 4)
- age   1:     615960 bytes,     615960 total
- age   2:     428752 bytes,    1044712 total
- age   3:     385168 bytes,    1429880 total
- age   4:     153784 bytes,    1583664 total
: 16908K->1551K(18624K), 0.0020256 secs] 54982K->39625K(81280K), 0.0021170 secs] [Times: user=0.01 sys=0.00, real=0.00 secs] 
20.397: [GC 20.398: [ParNew
Desired survivor size 1343488 bytes, new threshold 4 (max 4)
- age   1:     333480 bytes,     333480 total
- age   2:     316232 bytes,     649712 total
- age   3:     298264 bytes,     947976 total
: 17548K->930K(18624K), 0.0020848 secs] 55622K->39399K(81280K), 0.0022116 secs] [Times: user=0.00 sys=0.00, real=0.00 secs] 
20.412: [GC 20.412: [ParNew
Desired survivor size 1343488 bytes, new threshold 4 (max 4)
- age   1:     293256 bytes,     293256 total
- age   2:     205440 bytes,     498696 total
- age   3:     316192 bytes,     814888 total
- age   4:     298264 bytes,    1113152 total
: 16921K->1089K(18624K), 0.0020636 secs] 55390K->39558K(81280K), 0.0021749 secs] [Times: user=0.01 sys=0.00, real=0.01 secs] 
20.426: [GC 20.427: [ParNew
Desired survivor size 1343488 bytes, new threshold 4 (max 4)
- age   1:     319512 bytes,     319512 total
- age   2:     191648 bytes,     511160 total
- age   3:     205440 bytes,     716600 total
- age   4:     316192 bytes,    1032792 total
: 17078K->1016K(18624K), 0.0022864 secs] 55546K->39776K(81280K), 0.0024045 secs] [Times: user=0.00 sys=0.00, real=0.00 secs] 
20.440: [GC 20.440: [ParNew
Desired survivor size 1343488 bytes, new threshold 4 (max 4)
- age   1:     178952 bytes,     178952 total
- age   2:     114208 bytes,     293160 total
- age   3:     160888 bytes,     454048 total
- age   4:     205440 bytes,     659488 total
: 16938K->650K(18624K), 0.0017365 secs] 55697K->39719K(81280K), 0.0018421 secs] [Times: user=0.00 sys=0.00, real=0.00 secs] 
20.453: [GC 20.453: [ParNew
Desired survivor size 1343488 bytes, new threshold 4 (max 4)
- age   1:     502168 bytes,     502168 total
- age   2:      34960 bytes,     537128 total
- age   3:     114208 bytes,     651336 total
- age   4:     160888 bytes,     812224 total
: 16633K->803K(18624K), 0.0019647 secs] 55701K->40072K(81280K), 0.0020824 secs] [Times: user=0.00 sys=0.00, real=0.01 secs] 
20.466: [GC 20.466: [ParNew
Desired survivor size 1343488 bytes, new threshold 4 (max 4)
- age   1:     587352 bytes,     587352 total
- age   2:     273552 bytes,     860904 total
- age   4:     114208 bytes,     975112 total
: 16793K->961K(18624K), 0.0026037 secs] 56062K->40388K(81280K), 0.0027215 secs] [Times: user=0.01 sys=0.00, real=0.00 secs] 
20.481: [GC 20.481: [ParNew
Desired survivor size 1343488 bytes, new threshold 4 (max 4)
- age   1:     483904 bytes,     483904 total
- age   2:     267552 bytes,     751456 total
- age   3:     273552 bytes,    1025008 total
: 16914K->1008K(18624K), 0.0019236 secs] 56341K->40546K(81280K), 0.0020228 secs] [Times: user=0.01 sys=0.00, real=0.00 secs] 
20.495: [GC 20.495: [ParNew
Desired survivor size 1343488 bytes, new threshold 4 (max 4)
- age   1:     774224 bytes,     774224 total
- age   2:     237584 bytes,    1011808 total
- age   3:     181648 bytes,    1193456 total
- age   4:     273552 bytes,    1467008 total
: 17008K->1435K(18624K), 0.0017364 secs] 56546K->40973K(81280K), 0.0019008 secs] [Times: user=0.00 sys=0.00, real=0.00 secs] 
20.509: [GC 20.509: [ParNew
Desired survivor size 1343488 bytes, new threshold 4 (max 4)
- age   1:     206080 bytes,     206080 total
- age   2:     662232 bytes,     868312 total
- age   4:     181648 bytes,    1049960 total
: 17390K->1028K(18624K), 0.0017965 secs] 56928K->40833K(81280K), 0.0018970 secs] [Times: user=0.00 sys=0.00, real=0.00 secs] 
20.525: [GC 20.525: [ParNew
Desired survivor size 1343488 bytes, new threshold 4 (max 4)
- age   1:     323984 bytes,     323984 total
- age   2:      54504 bytes,     378488 total
- age   3:     531560 bytes,     910048 total
: 17016K->890K(18624K), 0.0021679 secs] 56821K->40872K(81280K), 0.0022731 secs] [Times: user=0.00 sys=0.00, real=0.00 secs] 
20.540: [GC 20.540: [ParNew
Desired survivor size 1343488 bytes, new threshold 4 (max 4)
- age   1:     507296 bytes,     507296 total
- age   2:      48464 bytes,     555760 total
- age   3:      54504 bytes,     610264 total
- age   4:     381008 bytes,     991272 total
: 16757K->971K(18624K), 0.0016722 secs] 56739K->40954K(81280K), 0.0017590 secs] [Times: user=0.00 sys=0.00, real=0.00 secs] 
20.553: [GC 20.553: [ParNew
Desired survivor size 1343488 bytes, new threshold 4 (max 4)
- age   1:     406920 bytes,     406920 total
- age   2:      13728 bytes,     420648 total
- age   3:      48464 bytes,     469112 total
- age   4:      54504 bytes,     523616 total
: 16945K->514K(18624K), 0.0016373 secs] 56927K->40869K(81280K), 0.0017501 secs] [Times: user=0.00 sys=0.00, real=0.01 secs] 
20.566: [GC 20.566: [ParNew
Desired survivor size 1343488 bytes, new threshold 4 (max 4)
- age   1:     684128 bytes,     684128 total
- age   2:     100416 bytes,     784544 total
- age   3:      13728 bytes,     798272 total
- age   4:      48464 bytes,     846736 total
: 16491K->830K(18624K), 0.0015584 secs] 56845K->41238K(81280K), 0.0016695 secs] [Times: user=0.01 sys=0.00, real=0.00 secs] 
20.580: [GC 20.580: [ParNew
Desired survivor size 1343488 bytes, new threshold 4 (max 4)
- age   1:     383400 bytes,     383400 total
- age   2:     370608 bytes,     754008 total
- age   3:     100416 bytes,     854424 total
- age   4:      13728 bytes,     868152 total
: 16776K->851K(18624K), 0.0026987 secs] 57184K->41306K(81280K), 0.0027976 secs] [Times: user=0.01 sys=0.00, real=0.00 secs] 
20.595: [GC 20.595: [ParNew
Desired survivor size 1343488 bytes, new threshold 3 (max 4)
- age   1:    1110336 bytes,    1110336 total
- age   2:     222616 bytes,    1332952 total
- age   3:     370608 bytes,    1703560 total
- age   4:     100416 bytes,    1803976 total
: 16838K->1765K(18624K), 0.0026305 secs] 57293K->42233K(81280K), 0.0027179 secs] [Times: user=0.00 sys=0.00, real=0.00 secs] 
20.610: [GC 20.610: [ParNew
Desired survivor size 1343488 bytes, new threshold 2 (max 4)
- age   1:    1112688 bytes,    1112688 total
- age   2:     449776 bytes,    1562464 total
- age   3:     137712 bytes,    1700176 total
: 17695K->1664K(18624K), 0.0027595 secs] 58164K->42592K(81280K), 0.0028706 secs] [Times: user=0.00 sys=0.00, real=0.00 secs] 
20.626: [GC 20.626: [ParNew
Desired survivor size 1343488 bytes, new threshold 4 (max 4)
- age   1:     431968 bytes,     431968 total
- age   2:     581192 bytes,    1013160 total
: 17645K->993K(18624K), 0.0023252 secs] 58573K->42495K(81280K), 0.0024530 secs] [Times: user=0.01 sys=0.00, real=0.00 secs] 
20.640: [GC 20.640: [ParNew
Desired survivor size 1343488 bytes, new threshold 4 (max 4)
- age   1:     712408 bytes,     712408 total
- age   2:     204048 bytes,     916456 total
- age   3:     210088 bytes,    1126544 total
: 16918K->1103K(18624K), 0.0016299 secs] 58420K->42606K(81280K), 0.0017361 secs] [Times: user=0.01 sys=0.00, real=0.00 secs] 
20.656: [GC 20.656: [ParNew
Desired survivor size 1343488 bytes, new threshold 4 (max 4)
- age   1:     368136 bytes,     368136 total
- age   2:     407584 bytes,     775720 total
- age   3:     126584 bytes,     902304 total
- age   4:     210088 bytes,    1112392 total
: 17094K->1089K(18624K), 0.0020302 secs] 58596K->42591K(81280K), 0.0021772 secs] [Times: user=0.00 sys=0.00, real=0.00 secs] 
20.671: [GC 20.671: [ParNew
Desired survivor size 1343488 bytes, new threshold 4 (max 4)
- age   1:     569304 bytes,     569304 total
- age   3:     251096 bytes,     820400 total
- age   4:     126584 bytes,     946984 total
: 17061K->926K(18624K), 0.0017339 secs] 58563K->42633K(81280K), 0.0018266 secs] [Times: user=0.00 sys=0.00, real=0.00 secs] 
20.685: [GC 20.685: [ParNew
Desired survivor size 1343488 bytes, new threshold 4 (max 4)
- age   1:     413216 bytes,     413216 total
- age   2:       3008 bytes,     416224 total
- age   4:     251096 bytes,     667320 total
: 16875K->654K(18624K), 0.0014639 secs] 58582K->42485K(81280K), 0.0015454 secs] [Times: user=0.00 sys=0.00, real=0.00 secs] 
20.703: [GC 20.703: [ParNew
Desired survivor size 1343488 bytes, new threshold 4 (max 4)
- age   1:     507872 bytes,     507872 total
- age   2:     168840 bytes,     676712 total
- age   3:       2408 bytes,     679120 total
: 16649K->665K(18624K), 0.0019987 secs] 58480K->42741K(81280K), 0.0021097 secs] [Times: user=0.00 sys=0.00, real=0.01 secs] 
20.716: [GC 20.716: [ParNew
Desired survivor size 1343488 bytes, new threshold 3 (max 4)
- age   1:     738928 bytes,     738928 total
- age   2:     495104 bytes,    1234032 total
- age   3:     168840 bytes,    1402872 total
- age   4:       2408 bytes,    1405280 total
: 16626K->1377K(18624K), 0.0018599 secs] 58702K->43453K(81280K), 0.0019550 secs] [Times: user=0.00 sys=0.01, real=0.00 secs] 
20.730: [GC 20.730: [ParNew
Desired survivor size 1343488 bytes, new threshold 2 (max 4)
- age   1:    1297208 bytes,    1297208 total
- age   2:     548176 bytes,    1845384 total
- age   3:     495104 bytes,    2340488 total
: 17376K->2287K(18624K), 0.0026869 secs] 59452K->44366K(81280K), 0.0027868 secs] [Times: user=0.00 sys=0.00, real=0.00 secs] 
20.744: [GC 20.744: [ParNew
Desired survivor size 1343488 bytes, new threshold 2 (max 4)
- age   1:    1331024 bytes,    1331024 total
- age   2:    1199336 bytes,    2530360 total
: 18232K->2480K(18624K), 0.0036051 secs] 60311K->45389K(81280K), 0.0036996 secs] [Times: user=0.01 sys=0.00, real=0.00 secs] 
20.760: [GC 20.760: [ParNew
Desired survivor size 1343488 bytes, new threshold 2 (max 4)
- age   1:     470576 bytes,     470576 total
- age   2:    1023640 bytes,    1494216 total
: 18458K->1461K(18624K), 0.0031960 secs] 61366K->45541K(81280K), 0.0033371 secs] [Times: user=0.01 sys=0.00, real=0.00 secs] 
20.764: [GC [1 CMS-initial-mark: 44080K(62656K)] 45594K(81280K), 0.0007498 secs] [Times: user=0.00 sys=0.00, real=0.01 secs] 
20.764: [CMS-concurrent-mark-start]
20.777: [GC 20.778: [ParNew
Desired survivor size 1343488 bytes, new threshold 4 (max 4)
- age   1:     282224 bytes,     282224 total
- age   2:     390208 bytes,     672432 total
: 17427K->659K(18624K), 0.0019842 secs] 61507K->45455K(81280K), 0.0020791 secs] [Times: user=0.00 sys=0.00, real=0.00 secs] 
20.797: [GC 20.797: [ParNew
Desired survivor size 1343488 bytes, new threshold 4 (max 4)
- age   1:     551672 bytes,     551672 total
- age   2:     214256 bytes,     765928 total
- age   3:     390208 bytes,    1156136 total
: 16652K->1131K(18624K), 0.0017333 secs] 61448K->45927K(81280K), 0.0018458 secs] [Times: user=0.00 sys=0.00, real=0.00 secs] 
20.818: [GC 20.818: [ParNew
Desired survivor size 1343488 bytes, new threshold 4 (max 4)
- age   1:     345656 bytes,     345656 total
- age   2:     326840 bytes,     672496 total
- age   3:      54248 bytes,     726744 total
- age   4:     390208 bytes,    1116952 total
: 17102K->1093K(18624K), 0.0022813 secs] 61898K->45890K(81280K), 0.0023798 secs] [Times: user=0.00 sys=0.00, real=0.00 secs] 
20.834: [GC 20.834: [ParNew
Desired survivor size 1343488 bytes, new threshold 4 (max 4)
- age   1:     399832 bytes,     399832 total
- age   2:     191744 bytes,     591576 total
- age   3:     168936 bytes,     760512 total
- age   4:      54248 bytes,     814760 total
: 17093K->801K(18624K), 0.0019568 secs] 61890K->45925K(81280K), 0.0020891 secs] [Times: user=0.00 sys=0.00, real=0.00 secs] 
20.846: [CMS-concurrent-mark: 0.069/0.082 secs] [Times: user=0.13 sys=0.00, real=0.08 secs] 
20.846: [CMS-concurrent-preclean-start]
20.847: [CMS-concurrent-preclean: 0.001/0.001 secs] [Times: user=0.00 sys=0.00, real=0.00 secs] 
20.847: [CMS-concurrent-abortable-preclean-start]
20.848: [GC 20.848: [ParNew
Desired survivor size 1343488 bytes, new threshold 4 (max 4)
- age   1:     172792 bytes,     172792 total
- age   2:     232432 bytes,     405224 total
- age   3:     110136 bytes,     515360 total
- age   4:     168936 bytes,     684296 total
: 16764K->669K(18624K), 0.0015208 secs] 61888K->45847K(81280K), 0.0016281 secs] [Times: user=0.00 sys=0.00, real=0.00 secs] 
20.866: [GC 20.866: [ParNew
Desired survivor size 1343488 bytes, new threshold 4 (max 4)
- age   1:     536344 bytes,     536344 total
- age   2:      87448 bytes,     623792 total
- age   3:      72720 bytes,     696512 total
- age   4:     110136 bytes,     806648 total
: 16669K->791K(18624K), 0.0022960 secs] 61847K->46134K(81280K), 0.0023980 secs] [Times: user=0.01 sys=0.00, real=0.00 secs] 
20.880: [GC 20.880: [ParNew
Desired survivor size 1343488 bytes, new threshold 4 (max 4)
- age   1:     866184 bytes,     866184 total
- age   2:     314392 bytes,    1180576 total
- age   3:      85936 bytes,    1266512 total
- age   4:      72720 bytes,    1339232 total
: 16775K->1313K(18624K), 0.0022541 secs] 62117K->46763K(81280K), 0.0023547 secs] [Times: user=0.00 sys=0.00, real=0.00 secs] 
20.898: [GC 20.898: [ParNew
Desired survivor size 1343488 bytes, new threshold 4 (max 4)
- age   1:     192816 bytes,     192816 total
- age   2:     357808 bytes,     550624 total
- age   3:     314392 bytes,     865016 total
- age   4:      85936 bytes,     950952 total
: 17270K->935K(18624K), 0.0017589 secs] 62720K->46456K(81280K), 0.0018590 secs] [Times: user=0.00 sys=0.00, real=0.00 secs] 
20.911: [GC 20.911: [ParNew
Desired survivor size 1343488 bytes, new threshold 4 (max 4)
- age   1:     109584 bytes,     109584 total
- age   2:     123392 bytes,     232976 total
- age   3:     276864 bytes,     509840 total
- age   4:     314392 bytes,     824232 total
: 16930K->812K(18624K), 0.0018153 secs] 62452K->46417K(81280K), 0.0019109 secs] [Times: user=0.01 sys=0.00, real=0.00 secs] 
20.925: [GC 20.925: [ParNew
Desired survivor size 1343488 bytes, new threshold 4 (max 4)
- age   1:     239216 bytes,     239216 total
- age   2:      36760 bytes,     275976 total
- age   3:       3928 bytes,     279904 total
- age   4:     276864 bytes,     556768 total
: 16811K->550K(18624K), 0.0016735 secs] 62416K->46462K(81280K), 0.0017651 secs] [Times: user=0.00 sys=0.00, real=0.00 secs] 
20.939: [GC 20.939: [ParNew
Desired survivor size 1343488 bytes, new threshold 4 (max 4)
- age   1:     596720 bytes,     596720 total
- age   2:     116416 bytes,     713136 total
- age   3:      36720 bytes,     749856 total
- age   4:       3928 bytes,     753784 total
: 16514K->742K(18624K), 0.0017989 secs] 62426K->46923K(81280K), 0.0019342 secs] [Times: user=0.00 sys=0.00, real=0.00 secs] 
20.953: [GC 20.953: [ParNew
Desired survivor size 1343488 bytes, new threshold 4 (max 4)
- age   1:     583784 bytes,     583784 total
- age   2:     434256 bytes,    1018040 total
- age   3:     116416 bytes,    1134456 total
- age   4:      36720 bytes,    1171176 total
: 16684K->1145K(18624K), 0.0017654 secs] 62864K->47330K(81280K), 0.0018608 secs] [Times: user=0.01 sys=0.00, real=0.01 secs] 
20.968: [GC 20.968: [ParNew
Desired survivor size 1343488 bytes, new threshold 3 (max 4)
- age   1:     693736 bytes,     693736 total
- age   2:     542336 bytes,    1236072 total
- age   3:     318440 bytes,    1554512 total
- age   4:      85192 bytes,    1639704 total
: 17118K->1609K(18624K), 0.0025396 secs] 63302K->47793K(81280K), 0.0027582 secs] [Times: user=0.00 sys=0.00, real=0.00 secs] 
20.983: [GC 20.983: [ParNew
Desired survivor size 1343488 bytes, new threshold 2 (max 4)
- age   1:     790728 bytes,     790728 total
- age   2:     655576 bytes,    1446304 total
- age   3:     542336 bytes,    1988640 total
: 17551K->1952K(18624K), 0.0029405 secs] 63736K->48497K(81280K), 0.0030864 secs] [Times: user=0.00 sys=0.00, real=0.01 secs] 
20.997: [GC 20.997: [ParNew
Desired survivor size 1343488 bytes, new threshold 4 (max 4)
- age   1:     259344 bytes,     259344 total
- age   2:     706280 bytes,     965624 total
: 17883K->949K(18624K), 0.0027689 secs] 64428K->48581K(81280K), 0.0028944 secs] [Times: user=0.01 sys=0.00, real=0.00 secs] 
21.020: [GC 21.020: [ParNew
Desired survivor size 1343488 bytes, new threshold 4 (max 4)
- age   1:     163152 bytes,     163152 total
- age   3:     501664 bytes,     664816 total
: 16930K->650K(18624K), 0.0012790 secs] 64561K->48281K(81280K), 0.0013536 secs] [Times: user=0.00 sys=0.00, real=0.00 secs] 
21.035: [GC 21.035: [ParNew
Desired survivor size 1343488 bytes, new threshold 4 (max 4)
- age   1:     380704 bytes,     380704 total
- age   2:      76728 bytes,     457432 total
- age   4:     385176 bytes,     842608 total
: 16643K->827K(18624K), 0.0016506 secs] 64274K->48459K(81280K), 0.0017513 secs] [Times: user=0.01 sys=0.00, real=0.00 secs] 
21.048: [GC 21.049: [ParNew
Desired survivor size 1343488 bytes, new threshold 4 (max 4)
- age   1:     441056 bytes,     441056 total
- age   2:     182936 bytes,     623992 total
- age   3:      76728 bytes,     700720 total
: 16789K->689K(18624K), 0.0022759 secs] 64420K->48697K(81280K), 0.0023807 secs] [Times: user=0.00 sys=0.00, real=0.00 secs] 
21.064: [GC 21.064: [ParNew
Desired survivor size 1343488 bytes, new threshold 4 (max 4)
- age   1:     299408 bytes,     299408 total
- age   2:     233808 bytes,     533216 total
- age   3:     182936 bytes,     716152 total
- age   4:      76728 bytes,     792880 total
: 16675K->780K(18624K), 0.0014661 secs] 64683K->48788K(81280K), 0.0015532 secs] [Times: user=0.00 sys=0.00, real=0.01 secs] 
21.076: [GC 21.077: [ParNew
Desired survivor size 1343488 bytes, new threshold 4 (max 4)
- age   1:     282568 bytes,     282568 total
- age   2:      78144 bytes,     360712 total
- age   3:     233808 bytes,     594520 total
- age   4:     182936 bytes,     777456 total
: 16683K->770K(18624K), 0.0023521 secs] 64691K->48853K(81280K), 0.0024651 secs] [Times: user=0.00 sys=0.00, real=0.00 secs] 
21.092: [GC 21.092: [ParNew
Desired survivor size 1343488 bytes, new threshold 4 (max 4)
- age   1:     476312 bytes,     476312 total
- age   4:     233808 bytes,     710120 total
: 16750K->696K(18624K), 0.0016139 secs] 64832K->48958K(81280K), 0.0017086 secs] [Times: user=0.00 sys=0.00, real=0.00 secs] 
21.106: [GC 21.106: [ParNew
Desired survivor size 1343488 bytes, new threshold 4 (max 4)
- age   1:     505760 bytes,     505760 total
- age   2:     333568 bytes,     839328 total
: 16664K->823K(18624K), 0.0016393 secs] 64926K->49312K(81280K), 0.0017306 secs] [Times: user=0.01 sys=0.00, real=0.00 secs] 
21.124: [GC 21.124: [ParNew
Desired survivor size 1343488 bytes, new threshold 4 (max 4)
- age   1:     393896 bytes,     393896 total
- age   2:     419216 bytes,     813112 total
- age   3:     333568 bytes,    1146680 total
: 16823K->1122K(18624K), 0.0017641 secs] 65312K->49611K(81280K), 0.0018613 secs] [Times: user=0.01 sys=0.00, real=0.00 secs] 
21.138: [GC 21.138: [ParNew
Desired survivor size 1343488 bytes, new threshold 4 (max 4)
- age   1:     208712 bytes,     208712 total
- age   2:     284600 bytes,     493312 total
- age   3:     419216 bytes,     912528 total
- age   4:     333568 bytes,    1246096 total
: 17091K->1218K(18624K), 0.0020191 secs] 65581K->49707K(81280K), 0.0021150 secs] [Times: user=0.00 sys=0.00, real=0.00 secs] 
21.152: [GC 21.152: [ParNew
Desired survivor size 1343488 bytes, new threshold 4 (max 4)
- age   1:     755976 bytes,     755976 total
- age   2:      86072 bytes,     842048 total
- age   3:     284600 bytes,    1126648 total
- age   4:     419216 bytes,    1545864 total
: 17194K->1515K(18624K), 0.0023980 secs] 65684K->50330K(81280K), 0.0024895 secs] [Times: user=0.00 sys=0.00, real=0.01 secs] 
21.166: [GC 21.166: [ParNew
Desired survivor size 1343488 bytes, new threshold 4 (max 4)
- age   1:     210568 bytes,     210568 total
- age   2:     611280 bytes,     821848 total
- age   3:      86072 bytes,     907920 total
- age   4:     284600 bytes,    1192520 total
: 17512K->1166K(18624K), 0.0035860 secs] 66327K->50391K(81280K), 0.0037167 secs] [Times: user=0.00 sys=0.00, real=0.00 secs] 
21.181: [GC 21.181: [ParNew
Desired survivor size 1343488 bytes, new threshold 4 (max 4)
- age   1:     244200 bytes,     244200 total
- age   2:     147616 bytes,     391816 total
- age   3:     266664 bytes,     658480 total
- age   4:      85704 bytes,     744184 total
: 17166K->730K(18624K), 0.0018792 secs] 66391K->50233K(81280K), 0.0020810 secs] [Times: user=0.00 sys=0.00, real=0.00 secs] 
21.196: [GC 21.196: [ParNew
Desired survivor size 1343488 bytes, new threshold 4 (max 4)
- age   1:     268224 bytes,     268224 total
- age   2:     142600 bytes,     410824 total
- age   3:       7536 bytes,     418360 total
- age   4:     266664 bytes,     685024 total
: 16705K->676K(18624K), 0.0013389 secs] 66208K->50261K(81280K), 0.0014309 secs] [Times: user=0.00 sys=0.00, real=0.00 secs] 
21.210: [GC 21.210: [ParNew
Desired survivor size 1343488 bytes, new threshold 4 (max 4)
- age   1:     451656 bytes,     451656 total
- age   2:     196752 bytes,     648408 total
- age   3:      72424 bytes,     720832 total
- age   4:       7536 bytes,     728368 total
: 16648K->716K(18624K), 0.0019226 secs] 66232K->50561K(81280K), 0.0020303 secs] [Times: user=0.01 sys=0.00, real=0.00 secs] 
21.225: [GC 21.225: [ParNew
Desired survivor size 1343488 bytes, new threshold 4 (max 4)
- age   1:     148912 bytes,     148912 total
- age   2:     420536 bytes,     569448 total
- age   3:     196752 bytes,     766200 total
- age   4:      50984 bytes,     817184 total
: 16702K->803K(18624K), 0.0019521 secs] 66547K->50656K(81280K), 0.0020557 secs] [Times: user=0.00 sys=0.00, real=0.00 secs] 
21.240: [GC 21.240: [ParNew
Desired survivor size 1343488 bytes, new threshold 4 (max 4)
- age   1:     668272 bytes,     668272 total
- age   2:      67296 bytes,     735568 total
- age   3:     420536 bytes,    1156104 total
- age   4:     196752 bytes,    1352856 total
: 16796K->1325K(18624K), 0.0020821 secs] 66649K->51228K(81280K), 0.0022073 secs] [Times: user=0.01 sys=0.00, real=0.00 secs] 
21.254: [GC 21.254: [ParNew
Desired survivor size 1343488 bytes, new threshold 4 (max 4)
- age   1:     279112 bytes,     279112 total
- age   2:     606736 bytes,     885848 total
- age   3:      67296 bytes,     953144 total
- age   4:     420536 bytes,    1373680 total
: 17317K->1358K(18624K), 0.0021880 secs] 67220K->51453K(81280K), 0.0022983 secs] [Times: user=0.00 sys=0.01, real=0.00 secs] 
21.269: [GC 21.269: [ParNew
Desired survivor size 1343488 bytes, new threshold 4 (max 4)
- age   1:     449208 bytes,     449208 total
- age   2:     241312 bytes,     690520 total
- age   3:     229856 bytes,     920376 total
- age   4:      67336 bytes,     987712 total
: 17358K->971K(18624K), 0.0017898 secs] 67453K->51264K(81280K), 0.0018664 secs] [Times: user=0.00 sys=0.00, real=0.00 secs] 
21.282: [GC 21.282: [ParNew
Desired survivor size 1343488 bytes, new threshold 4 (max 4)
- age   1:     370704 bytes,     370704 total
- age   2:     411504 bytes,     782208 total
- age   3:      66416 bytes,     848624 total
- age   4:     229856 bytes,    1078480 total
: 16958K->1069K(18624K), 0.0020821 secs] 67251K->51427K(81280K), 0.0021938 secs] [Times: user=0.00 sys=0.00, real=0.01 secs] 
21.296: [GC 21.296: [ParNew
Desired survivor size 1343488 bytes, new threshold 4 (max 4)
- age   1:     733560 bytes,     733560 total
- age   2:     126616 bytes,     860176 total
- age   3:     256672 bytes,    1116848 total
- age   4:      66416 bytes,    1183264 total
: 17038K->1161K(18624K), 0.0020233 secs] 67396K->51744K(81280K), 0.0021015 secs] [Times: user=0.01 sys=0.00, real=0.00 secs] 
21.310: [GC 21.310: [ParNew
Desired survivor size 1343488 bytes, new threshold 4 (max 4)
- age   1:     346208 bytes,     346208 total
- age   2:     240744 bytes,     586952 total
- age   3:     126616 bytes,     713568 total
- age   4:     256672 bytes,     970240 total
: 17155K->951K(18624K), 0.0018586 secs] 67738K->51599K(81280K), 0.0020564 secs] [Times: user=0.00 sys=0.00, real=0.00 secs] 
21.323: [GC 21.323: [ParNew
Desired survivor size 1343488 bytes, new threshold 4 (max 4)
- age   1:     562728 bytes,     562728 total
- age   2:      81696 bytes,     644424 total
- age   3:     101568 bytes,     745992 total
: 16942K->732K(18624K), 0.0018603 secs] 67590K->51630K(81280K), 0.0019545 secs] [Times: user=0.00 sys=0.00, real=0.01 secs] 
21.336: [GC 21.337: [ParNew
Desired survivor size 1343488 bytes, new threshold 4 (max 4)
- age   1:     387768 bytes,     387768 total
- age   2:     214752 bytes,     602520 total
- age   3:      81696 bytes,     684216 total
- age   4:     101568 bytes,     785784 total
: 16731K->770K(18624K), 0.0015178 secs] 67630K->51669K(81280K), 0.0016063 secs] [Times: user=0.00 sys=0.00, real=0.00 secs] 
21.352: [GC 21.352: [ParNew
Desired survivor size 1343488 bytes, new threshold 4 (max 4)
- age   1:     395368 bytes,     395368 total
- age   2:     251928 bytes,     647296 total
- age   4:      81696 bytes,     728992 total
: 16770K->714K(18624K), 0.0019836 secs] 67669K->51712K(81280K), 0.0020848 secs] [Times: user=0.00 sys=0.00, real=0.01 secs] 
21.373: [GC 21.373: [ParNew
Desired survivor size 1343488 bytes, new threshold 3 (max 4)
- age   1:     868192 bytes,     868192 total
- age   2:     325472 bytes,    1193664 total
- age   3:     251928 bytes,    1445592 total
: 16713K->1414K(18624K), 0.0021719 secs] 67711K->52411K(81280K), 0.0023054 secs] [Times: user=0.00 sys=0.00, real=0.01 secs] 
21.388: [GC 21.388: [ParNew
Desired survivor size 1343488 bytes, new threshold 4 (max 4)
- age   1:     255584 bytes,     255584 total
- age   2:     733784 bytes,     989368 total
- age   3:     325472 bytes,    1314840 total
: 17393K->1288K(18624K), 0.0029691 secs] 68391K->52531K(81280K), 0.0030879 secs] [Times: user=0.00 sys=0.00, real=0.00 secs] 
21.403: [GC 21.403: [ParNew
Desired survivor size 1343488 bytes, new threshold 4 (max 4)
- age   1:     171552 bytes,     171552 total
- age   2:      92424 bytes,     263976 total
- age   3:     733784 bytes,     997760 total
- age   4:     325472 bytes,    1323232 total
: 17246K->1295K(18624K), 0.0019345 secs] 68490K->52538K(81280K), 0.0020606 secs] [Times: user=0.01 sys=0.00, real=0.01 secs] 
21.417: [GC 21.417: [ParNew
Desired survivor size 1343488 bytes, new threshold 4 (max 4)
- age   1:     672936 bytes,     672936 total
- age   2:      96264 bytes,     769200 total
- age   3:      92424 bytes,     861624 total
- age   4:     511016 bytes,    1372640 total
: 17252K->1352K(18624K), 0.0034405 secs] 68496K->52913K(81280K), 0.0035529 secs] [Times: user=0.01 sys=0.00, real=0.00 secs] 
21.431: [GC 21.431: [ParNew
Desired survivor size 1343488 bytes, new threshold 4 (max 4)
- age   1:     171712 bytes,     171712 total
- age   2:     589816 bytes,     761528 total
- age   3:      96264 bytes,     857792 total
- age   4:      92424 bytes,     950216 total
: 17305K->931K(18624K), 0.0026382 secs] 68866K->52909K(81280K), 0.0027333 secs] [Times: user=0.00 sys=0.00, real=0.00 secs] 
21.449: [GC 21.449: [ParNew
Desired survivor size 1343488 bytes, new threshold 4 (max 4)
- age   1:     621144 bytes,     621144 total
- age   3:     433320 bytes,    1054464 total
- age   4:      96264 bytes,    1150728 total
: 16931K->1126K(18624K), 0.0019233 secs] 68909K->53194K(81280K), 0.0020279 secs] [Times: user=0.00 sys=0.00, real=0.00 secs] 
21.462: [GC 21.462: [ParNew
Desired survivor size 1343488 bytes, new threshold 4 (max 4)
- age   1:     384688 bytes,     384688 total
- age   2:     593144 bytes,     977832 total
- age   4:     433320 bytes,    1411152 total
: 17097K->1380K(18624K), 0.0023951 secs] 69166K->53543K(81280K), 0.0025373 secs] [Times: user=0.01 sys=0.00, real=0.01 secs] 
21.477: [GC 21.477: [ParNew
Desired survivor size 1343488 bytes, new threshold 3 (max 4)
- age   1:     772744 bytes,     772744 total
- age   2:     234616 bytes,    1007360 total
- age   3:     433984 bytes,    1441344 total
: 17373K->1409K(18624K), 0.0025492 secs] 69536K->53995K(81280K), 0.0027032 secs] [Times: user=0.01 sys=0.01, real=0.00 secs] 
21.493: [GC 21.493: [ParNew
Desired survivor size 1343488 bytes, new threshold 4 (max 4)
- age   1:     399552 bytes,     399552 total
- age   2:     705144 bytes,    1104696 total
- age   3:     161576 bytes,    1266272 total
: 17396K->1238K(18624K), 0.0022420 secs] 69982K->54164K(81280K), 0.0023515 secs] [Times: user=0.00 sys=0.00, real=0.01 secs] 
21.508: [GC 21.509: [ParNew
Desired survivor size 1343488 bytes, new threshold 3 (max 4)
- age   1:     263744 bytes,     263744 total
- age   2:     383824 bytes,     647568 total
- age   3:     705144 bytes,    1352712 total
- age   4:     161576 bytes,    1514288 total
: 17217K->1482K(18624K), 0.0022891 secs] 70142K->54407K(81280K), 0.0024056 secs] [Times: user=0.01 sys=0.00, real=0.00 secs] 
21.523: [GC 21.524: [ParNew
Desired survivor size 1343488 bytes, new threshold 4 (max 4)
- age   1:     357640 bytes,     357640 total
- age   2:     178240 bytes,     535880 total
- age   3:     238808 bytes,     774688 total
: 17424K->758K(18624K), 0.0029635 secs] 70350K->54483K(81280K), 0.0031697 secs] [Times: user=0.01 sys=0.00, real=0.01 secs] 
21.540: [GC 21.540: [ParNew
Desired survivor size 1343488 bytes, new threshold 4 (max 4)
- age   1:     473336 bytes,     473336 total
- age   2:     150160 bytes,     623496 total
- age   3:     178240 bytes,     801736 total
- age   4:       7616 bytes,     809352 total
: 16737K->793K(18624K), 0.0015482 secs] 70462K->54518K(81280K), 0.0016366 secs] [Times: user=0.01 sys=0.00, real=0.00 secs] 
21.554: [GC 21.554: [ParNew
Desired survivor size 1343488 bytes, new threshold 4 (max 4)
- age   1:     423568 bytes,     423568 total
- age   2:     396128 bytes,     819696 total
- age   3:     118368 bytes,     938064 total
- age   4:     178240 bytes,    1116304 total
: 16784K->1096K(18624K), 0.0018981 secs] 70510K->54829K(81280K), 0.0020016 secs] [Times: user=0.00 sys=0.00, real=0.01 secs] 
21.568: [GC 21.568: [ParNew
Desired survivor size 1343488 bytes, new threshold 4 (max 4)
- age   1:     145616 bytes,     145616 total
- age   2:     385400 bytes,     531016 total
- age   3:     396128 bytes,     927144 total
- age   4:     118368 bytes,    1045512 total
: 17096K->1024K(18624K), 0.0021648 secs] 70829K->54930K(81280K), 0.0022591 secs] [Times: user=0.00 sys=0.00, real=0.00 secs] 
21.582: [GC 21.582: [ParNew
Desired survivor size 1343488 bytes, new threshold 4 (max 4)
- age   1:     571504 bytes,     571504 total
- age   2:     106768 bytes,     678272 total
- age   3:     385400 bytes,    1063672 total
- age   4:     339320 bytes,    1402992 total
: 17023K->1373K(18624K), 0.0045669 secs] 70930K->55395K(81280K), 0.0046798 secs] [Times: user=0.01 sys=0.00, real=0.01 secs] 
21.598: [GC 21.599: [ParNew
Desired survivor size 1343488 bytes, new threshold 4 (max 4)
- age   1:     340512 bytes,     340512 total
- age   2:     451224 bytes,     791736 total
- age   3:     106768 bytes,     898504 total
- age   4:     150104 bytes,    1048608 total
: 17360K->1027K(18624K), 0.0022732 secs] 71383K->55380K(81280K), 0.0023637 secs] [Times: user=0.01 sys=0.01, real=0.00 secs] 
21.615: [GC 21.615: [ParNew
Desired survivor size 1343488 bytes, new threshold 4 (max 4)
- age   1:     162584 bytes,     162584 total
- age   2:     262960 bytes,     425544 total
- age   3:     299448 bytes,     724992 total
- age   4:     106768 bytes,     831760 total
: 16997K->814K(18624K), 0.0017975 secs] 71351K->55314K(81280K), 0.0018843 secs] [Times: user=0.00 sys=0.00, real=0.00 secs] 
21.629: [GC 21.629: [ParNew
Desired survivor size 1343488 bytes, new threshold 4 (max 4)
- age   1:     616760 bytes,     616760 total
- age   2:       3328 bytes,     620088 total
- age   3:     143192 bytes,     763280 total
- age   4:     299448 bytes,    1062728 total
: 16774K->1039K(18624K), 0.0018621 secs] 71274K->55600K(81280K), 0.0019793 secs] [Times: user=0.00 sys=0.00, real=0.00 secs] 
21.643: [GC 21.643: [ParNew
Desired survivor size 1343488 bytes, new threshold 4 (max 4)
- age   1:     310320 bytes,     310320 total
- age   2:     414800 bytes,     725120 total
- age   3:       3328 bytes,     728448 total
- age   4:      60184 bytes,     788632 total
: 17003K->772K(18624K), 0.0022337 secs] 71563K->55625K(81280K), 0.0023259 secs] [Times: user=0.00 sys=0.00, real=0.01 secs] 
21.659: [GC 21.659: [ParNew
Desired survivor size 1343488 bytes, new threshold 4 (max 4)
- age   1:     226040 bytes,     226040 total
- age   2:     225280 bytes,     451320 total
- age   3:     414800 bytes,     866120 total
- age   4:       3328 bytes,     869448 total
: 16770K->850K(18624K), 0.0018319 secs] 71622K->55762K(81280K), 0.0019183 secs] [Times: user=0.01 sys=0.00, real=0.00 secs] 
21.668: [CMS-concurrent-abortable-preclean: 0.045/0.821 secs] [Times: user=1.25 sys=0.07, real=0.82 secs] 
21.669: [GC[YG occupancy: 9176 K (18624 K)]21.669: [Rescan (parallel) , 0.0025112 secs]21.672: [weak refs processing, 0.0000073 secs] [1 CMS-remark: 54911K(62656K)] 64088K(81280K), 0.0026142 secs] [Times: user=0.00 sys=0.00, real=0.00 secs] 
21.672: [CMS-concurrent-sweep-start]
21.677: [GC 21.677: [ParNew
Desired survivor size 1343488 bytes, new threshold 4 (max 4)
- age   1:     317920 bytes,     317920 total
- age   2:     165912 bytes,     483832 total
- age   3:     164624 bytes,     648456 total
- age   4:     244360 bytes,     892816 total
: 16849K->875K(18624K), 0.0016056 secs] 71747K->55777K(81280K), 0.0017096 secs] [Times: user=0.01 sys=0.00, real=0.00 secs] 
21.688: [CMS-concurrent-sweep: 0.014/0.016 secs] [Times: user=0.03 sys=0.00, real=0.02 secs] 
21.688: [CMS-concurrent-reset-start]
21.689: [CMS-concurrent-reset: 0.001/0.001 secs] [Times: user=0.00 sys=0.00, real=0.00 secs] 
21.695: [GC 21.696: [ParNew
Desired survivor size 1343488 bytes, new threshold 4 (max 4)
- age   1:     709960 bytes,     709960 total
- age   2:     267000 bytes,     976960 total
- age   3:     165912 bytes,    1142872 total
- age   4:     164624 bytes,    1307496 total
: 16863K->1278K(18624K), 0.0020427 secs] 35503K->20156K(81280K), 0.0021410 secs] [Times: user=0.01 sys=0.00, real=0.00 secs] 
21.710: [GC 21.710: [ParNew
Desired survivor size 1343488 bytes, new threshold 2 (max 4)
- age   1:     824264 bytes,     824264 total
- age   2:     699072 bytes,    1523336 total
- age   3:     202768 bytes,    1726104 total
- age   4:     165912 bytes,    1892016 total
: 17274K->1858K(18624K), 0.0025029 secs] 36152K->20737K(81280K), 0.0026203 secs] [Times: user=0.01 sys=0.00, real=0.00 secs] 
21.725: [GC 21.726: [ParNew
Desired survivor size 1343488 bytes, new threshold 2 (max 4)
- age   1:     786072 bytes,     786072 total
- age   2:     737976 bytes,    1524048 total
: 17821K->1506K(18624K), 0.0026783 secs] 36700K->20983K(81280K), 0.0028017 secs] [Times: user=0.00 sys=0.00, real=0.00 secs] 
21.740: [GC 21.740: [ParNew
Desired survivor size 1343488 bytes, new threshold 4 (max 4)
- age   1:     343824 bytes,     343824 total
- age   2:     703616 bytes,    1047440 total
: 17447K->1026K(18624K), 0.0023118 secs] 36925K->21224K(81280K), 0.0024078 secs] [Times: user=0.00 sys=0.00, real=0.00 secs] 
21.756: [GC 21.756: [ParNew
Desired survivor size 1343488 bytes, new threshold 4 (max 4)
- age   1:     207232 bytes,     207232 total
- age   2:     211400 bytes,     418632 total
- age   3:     581472 bytes,    1000104 total
: 17019K->979K(18624K), 0.0016342 secs] 37217K->21177K(81280K), 0.0017573 secs] [Times: user=0.00 sys=0.00, real=0.00 secs] 
21.770: [GC 21.770: [ParNew
Desired survivor size 1343488 bytes, new threshold 4 (max 4)
- age   1:     288400 bytes,     288400 total
- age   2:     135864 bytes,     424264 total
- age   3:     211400 bytes,     635664 total
- age   4:     228624 bytes,     864288 total
: 16964K->846K(18624K), 0.0017780 secs] 37162K->21044K(81280K), 0.0018817 secs] [Times: user=0.00 sys=0.00, real=0.00 secs] 
21.784: [GC 21.784: [ParNew
Desired survivor size 1343488 bytes, new threshold 4 (max 4)
- age   1:     894080 bytes,     894080 total
- age   2:     288400 bytes,    1182480 total
- age   3:     135864 bytes,    1318344 total
- age   4:     211400 bytes,    1529744 total
: 16839K->1499K(18624K), 0.0022016 secs] 37037K->21920K(81280K), 0.0023465 secs] [Times: user=0.00 sys=0.00, real=0.00 secs] 
21.798: [GC 21.798: [ParNew
Desired survivor size 1343488 bytes, new threshold 3 (max 4)
- age   1:     492312 bytes,     492312 total
- age   2:     731072 bytes,    1223384 total
- age   3:     211304 bytes,    1434688 total
- age   4:     135864 bytes,    1570552 total
: 17476K->1538K(18624K), 0.0024107 secs] 37898K->22165K(81280K), 0.0025057 secs] [Times: user=0.01 sys=0.00, real=0.00 secs] 
21.812: [GC 21.812: [ParNew
Desired survivor size 1343488 bytes, new threshold 3 (max 4)
- age   1:     834896 bytes,     834896 total
- age   2:     432304 bytes,    1267200 total
- age   3:     731072 bytes,    1998272 total
: 17512K->1961K(18624K), 0.0025804 secs] 38139K->22720K(81280K), 0.0026933 secs] [Times: user=0.00 sys=0.00, real=0.01 secs] 
21.828: [GC 21.828: [ParNew
Desired survivor size 1343488 bytes, new threshold 3 (max 4)
- age   1:     444936 bytes,     444936 total
- age   2:     724000 bytes,    1168936 total
- age   3:     347672 bytes,    1516608 total
: 17948K->1483K(18624K), 0.0030648 secs] 38707K->22956K(81280K), 0.0031621 secs] [Times: user=0.00 sys=0.00, real=0.00 secs] 
21.843: [GC 21.843: [ParNew
Desired survivor size 1343488 bytes, new threshold 4 (max 4)
- age   1:     225272 bytes,     225272 total
- age   2:     358648 bytes,     583920 total
- age   3:     367080 bytes,     951000 total
: 17475K->930K(18624K), 0.0039260 secs] 38948K->22742K(81280K), 0.0040432 secs] [Times: user=0.01 sys=0.00, real=0.01 secs] 
21.861: [GC 21.861: [ParNew
Desired survivor size 1343488 bytes, new threshold 4 (max 4)
- age   1:     166560 bytes,     166560 total
- age   2:     145824 bytes,     312384 total
- age   3:     358648 bytes,     671032 total
- age   4:     197192 bytes,     868224 total
: 16895K->849K(18624K), 0.0022684 secs] 38708K->22661K(81280K), 0.0023547 secs] [Times: user=0.00 sys=0.00, real=0.00 secs] 
21.876: [GC 21.876: [ParNew
Desired survivor size 1343488 bytes, new threshold 4 (max 4)
- age   1:     623392 bytes,     623392 total
- age   2:     114112 bytes,     737504 total
- age   3:     145824 bytes,     883328 total
- age   4:     358648 bytes,    1241976 total
: 16826K->1214K(18624K), 0.0018056 secs] 38639K->23108K(81280K), 0.0018973 secs] [Times: user=0.00 sys=0.00, real=0.00 secs] 
21.889: [GC 21.889: [ParNew
Desired survivor size 1343488 bytes, new threshold 4 (max 4)
- age   1:     512368 bytes,     512368 total
- age   2:     403368 bytes,     915736 total
- age   3:     114112 bytes,    1029848 total
- age   4:     145824 bytes,    1175672 total
: 17186K->1150K(18624K), 0.0022346 secs] 39080K->23394K(81280K), 0.0023324 secs] [Times: user=0.00 sys=0.00, real=0.00 secs] 
21.903: [GC 21.903: [ParNew
Desired survivor size 1343488 bytes, new threshold 4 (max 4)
- age   1:     258720 bytes,     258720 total
- age   2:     396928 bytes,     655648 total
- age   3:     267184 bytes,     922832 total
- age   4:     114112 bytes,    1036944 total
: 17087K->1014K(18624K), 0.0046463 secs] 39331K->23400K(81280K), 0.0047553 secs] [Times: user=0.00 sys=0.00, real=0.01 secs] 
21.920: [GC 21.920: [ParNew
Desired survivor size 1343488 bytes, new threshold 4 (max 4)
- age   1:     278104 bytes,     278104 total
- age   2:     185984 bytes,     464088 total
- age   3:     396928 bytes,     861016 total
- age   4:      95328 bytes,     956344 total
: 16980K->936K(18624K), 0.0017393 secs] 39366K->23434K(81280K), 0.0018313 secs] [Times: user=0.01 sys=0.00, real=0.00 secs] 
21.938: [GC 21.938: [ParNew
Desired survivor size 1343488 bytes, new threshold 4 (max 4)
- age   1:     299664 bytes,     299664 total
- age   2:     199720 bytes,     499384 total
- age   3:     185984 bytes,     685368 total
- age   4:     224256 bytes,     909624 total
: 16926K->890K(18624K), 0.0015714 secs] 39424K->23480K(81280K), 0.0016780 secs] [Times: user=0.01 sys=0.00, real=0.00 secs] 
21.950: [GC 21.950: [ParNew
Desired survivor size 1343488 bytes, new threshold 4 (max 4)
- age   1:     210832 bytes,     210832 total
- age   2:     136696 bytes,     347528 total
- age   3:     199720 bytes,     547248 total
- age   4:     185984 bytes,     733232 total
: 16859K->718K(18624K), 0.0016357 secs] 39450K->23527K(81280K), 0.0017313 secs] [Times: user=0.00 sys=0.00, real=0.00 secs] 
21.965: [GC 21.965: [ParNew
Desired survivor size 1343488 bytes, new threshold 4 (max 4)
- age   1:     923800 bytes,     923800 total
- age   2:       1480 bytes,     925280 total
- age   3:     111048 bytes,    1036328 total
- age   4:     199720 bytes,    1236048 total
: 16697K->1209K(18624K), 0.0019443 secs] 39506K->24200K(81280K), 0.0020384 secs] [Times: user=0.00 sys=0.00, real=0.00 secs] 
21.981: [GC 21.981: [ParNew
Desired survivor size 1343488 bytes, new threshold 4 (max 4)
- age   1:     248720 bytes,     248720 total
- age   2:     898160 bytes,    1146880 total
- age   3:       1480 bytes,    1148360 total
- age   4:      33928 bytes,    1182288 total
: 17183K->1157K(18624K), 0.0018228 secs] 40174K->24224K(81280K), 0.0019264 secs] [Times: user=0.00 sys=0.00, real=0.00 secs] 
21.998: [GC 21.998: [ParNew
Desired survivor size 1343488 bytes, new threshold 3 (max 4)
- age   1:     440016 bytes,     440016 total
- age   2:     102680 bytes,     542696 total
- age   3:     898160 bytes,    1440856 total
- age   4:       1480 bytes,    1442336 total
: 17135K->1412K(18624K), 0.0022143 secs] 40202K->24513K(81280K), 0.0023198 secs] [Times: user=0.01 sys=0.00, real=0.00 secs] 
22.013: [GC 22.013: [ParNew
Desired survivor size 1343488 bytes, new threshold 4 (max 4)
- age   1:     925744 bytes,     925744 total
- age   2:        824 bytes,     926568 total
- age   3:        592 bytes,     927160 total
: 17338K->907K(18624K), 0.0025185 secs] 40438K->24886K(81280K), 0.0026148 secs] [Times: user=0.01 sys=0.00, real=0.01 secs] 
22.029: [GC 22.029: [ParNew
Desired survivor size 1343488 bytes, new threshold 2 (max 4)
- age   1:     517944 bytes,     517944 total
- age   2:     841736 bytes,    1359680 total
- age   3:        824 bytes,    1360504 total
- age   4:        592 bytes,    1361096 total
: 16829K->1330K(18624K), 0.0029395 secs] 40808K->25309K(81280K), 0.0030491 secs] [Times: user=0.00 sys=0.00, real=0.00 secs] 
22.044: [GC 22.044: [ParNew
Desired survivor size 1343488 bytes, new threshold 4 (max 4)
- age   1:     368432 bytes,     368432 total
- age   2:     433776 bytes,     802208 total
: 17273K->785K(18624K), 0.0021344 secs] 41252K->25587K(81280K), 0.0022248 secs] [Times: user=0.01 sys=0.00, real=0.00 secs] 
22.059: [GC 22.059: [ParNew
Desired survivor size 1343488 bytes, new threshold 4 (max 4)
- age   1:     257368 bytes,     257368 total
- age   2:     209304 bytes,     466672 total
- age   3:     221120 bytes,     687792 total
: 16773K->674K(18624K), 0.0014517 secs] 41575K->25476K(81280K), 0.0015655 secs] [Times: user=0.00 sys=0.00, real=0.00 secs] 
22.073: [GC 22.073: [ParNew
Desired survivor size 1343488 bytes, new threshold 4 (max 4)
- age   1:     531960 bytes,     531960 total
- age   2:      79576 bytes,     611536 total
- age   3:     209304 bytes,     820840 total
- age   4:      10976 bytes,     831816 total
: 16671K->819K(18624K), 0.0016863 secs] 41474K->25621K(81280K), 0.0018149 secs] [Times: user=0.00 sys=0.00, real=0.01 secs] 
22.087: [GC 22.087: [ParNew
Desired survivor size 1343488 bytes, new threshold 4 (max 4)
- age   1:     248680 bytes,     248680 total
- age   2:     472624 bytes,     721304 total
- age   3:      79576 bytes,     800880 total
- age   4:     209304 bytes,    1010184 total
: 16786K->996K(18624K), 0.0015295 secs] 41588K->25809K(81280K), 0.0016198 secs] [Times: user=0.00 sys=0.00, real=0.00 secs] 
22.101: [GC 22.101: [ParNew
Desired survivor size 1343488 bytes, new threshold 4 (max 4)
- age   1:     736096 bytes,     736096 total
- age   2:      53112 bytes,     789208 total
- age   3:      63104 bytes,     852312 total
- age   4:      79576 bytes,     931888 total
: 16986K->915K(18624K), 0.0018392 secs] 41799K->25932K(81280K), 0.0019823 secs] [Times: user=0.00 sys=0.00, real=0.00 secs] 
22.116: [GC 22.116: [ParNew
Desired survivor size 1343488 bytes, new threshold 4 (max 4)
- age   1:     381000 bytes,     381000 total
- age   2:     224464 bytes,     605464 total
- age   3:      53112 bytes,     658576 total
- age   4:      63104 bytes,     721680 total
: 16892K->708K(18624K), 0.0014061 secs] 41910K->25803K(81280K), 0.0014984 secs] [Times: user=0.00 sys=0.00, real=0.00 secs] 
22.131: [GC 22.131: [ParNew
Desired survivor size 1343488 bytes, new threshold 4 (max 4)
- age   1:     349496 bytes,     349496 total
- age   2:     108432 bytes,     457928 total
- age   3:     157648 bytes,     615576 total
- age   4:      53112 bytes,     668688 total
: 16660K->656K(18624K), 0.0021259 secs] 41755K->25813K(81280K), 0.0023208 secs] [Times: user=0.00 sys=0.01, real=0.00 secs] 
22.146: [GC 22.146: [ParNew
Desired survivor size 1343488 bytes, new threshold 4 (max 4)
- age   1:     447024 bytes,     447024 total
- age   4:     157648 bytes,     604672 total
: 16585K->594K(18624K), 0.0012564 secs] 41742K->25802K(81280K), 0.0013632 secs] [Times: user=0.00 sys=0.00, real=0.00 secs] 
22.159: [GC 22.159: [ParNew
Desired survivor size 1343488 bytes, new threshold 4 (max 4)
- age   1:     545224 bytes,     545224 total
- age   2:     166616 bytes,     711840 total
: 16582K->698K(18624K), 0.0015697 secs] 41791K->26061K(81280K), 0.0016953 secs] [Times: user=0.00 sys=0.00, real=0.00 secs] 
22.174: [GC 22.174: [ParNew
Desired survivor size 1343488 bytes, new threshold 4 (max 4)
- age   1:     735264 bytes,     735264 total
- age   2:     242056 bytes,     977320 total
- age   3:     166616 bytes,    1143936 total
: 16638K->1120K(18624K), 0.0019100 secs] 42001K->26482K(81280K), 0.0020373 secs] [Times: user=0.00 sys=0.00, real=0.01 secs] 
22.193: [GC 22.194: [ParNew
Desired survivor size 1343488 bytes, new threshold 4 (max 4)
- age   1:     209408 bytes,     209408 total
- age   2:     471912 bytes,     681320 total
- age   3:     242056 bytes,     923376 total
- age   4:     166616 bytes,    1089992 total
: 17120K->1067K(18624K), 0.0022210 secs] 42482K->26429K(81280K), 0.0023207 secs] [Times: user=0.00 sys=0.00, real=0.01 secs] 
22.208: [GC 22.208: [ParNew
Desired survivor size 1343488 bytes, new threshold 3 (max 4)
- age   1:     751552 bytes,     751552 total
- age   2:     209408 bytes,     960960 total
- age   3:     471912 bytes,    1432872 total
- age   4:     242056 bytes,    1674928 total
: 17048K->1639K(18624K), 0.0022378 secs] 42411K->27165K(81280K), 0.0023803 secs] [Times: user=0.01 sys=0.00, real=0.00 secs] 
22.222: [GC 22.222: [ParNew
Desired survivor size 1343488 bytes, new threshold 4 (max 4)
- age   1:     577808 bytes,     577808 total
- age   2:     440728 bytes,    1018536 total
- age   3:     123040 bytes,    1141576 total
: 17635K->1121K(18624K), 0.0023845 secs] 43160K->27279K(81280K), 0.0024956 secs] [Times: user=0.01 sys=0.00, real=0.01 secs] 
22.237: [GC 22.237: [ParNew
Desired survivor size 1343488 bytes, new threshold 4 (max 4)
- age   1:     610584 bytes,     610584 total
- age   2:      16256 bytes,     626840 total
- age   3:     440728 bytes,    1067568 total
- age   4:     123040 bytes,    1190608 total
: 17071K->1168K(18624K), 0.0016091 secs] 43230K->27327K(81280K), 0.0016936 secs] [Times: user=0.00 sys=0.00, real=0.00 secs] 
22.251: [GC 22.251: [ParNew
Desired survivor size 1343488 bytes, new threshold 4 (max 4)
- age   1:     218496 bytes,     218496 total
- age   2:     572848 bytes,     791344 total
- age   3:      16256 bytes,     807600 total
- age   4:     327160 bytes,    1134760 total
: 17133K->1119K(18624K), 0.0017705 secs] 43291K->27288K(81280K), 0.0018728 secs] [Times: user=0.00 sys=0.00, real=0.00 secs] 
22.264: [GC 22.264: [ParNew
Desired survivor size 1343488 bytes, new threshold 4 (max 4)
- age   1:     891096 bytes,     891096 total
- age   2:      41264 bytes,     932360 total
- age   3:     317808 bytes,    1250168 total
- age   4:      16256 bytes,    1266424 total
: 17094K->1238K(18624K), 0.0032394 secs] 43264K->27727K(81280K), 0.0033906 secs] [Times: user=0.01 sys=0.01, real=0.00 secs] 
22.280: [GC 22.280: [ParNew
Desired survivor size 1343488 bytes, new threshold 4 (max 4)
- age   1:     727280 bytes,     727280 total
- age   2:     311656 bytes,    1038936 total
- age   3:      41264 bytes,    1080200 total
- age   4:     317808 bytes,    1398008 total
: 17139K->1367K(18624K), 0.0021639 secs] 43628K->27872K(81280K), 0.0022802 secs] [Times: user=0.00 sys=0.00, real=0.00 secs] 
22.298: [GC 22.298: [ParNew
Desired survivor size 1343488 bytes, new threshold 4 (max 4)
- age   1:     339848 bytes,     339848 total
- age   2:     224760 bytes,     564608 total
- age   3:     311656 bytes,     876264 total
- age   4:      41264 bytes,     917528 total
: 17358K->899K(18624K), 0.0025337 secs] 43863K->27714K(81280K), 0.0026419 secs] [Times: user=0.00 sys=0.00, real=0.00 secs] 
22.313: [GC 22.313: [ParNew
Desired survivor size 1343488 bytes, new threshold 3 (max 4)
- age   1:    1270776 bytes,    1270776 total
- age   2:       2144 bytes,    1272920 total
- age   3:     224760 bytes,    1497680 total
- age   4:     150648 bytes,    1648328 total
: 16885K->1611K(18624K), 0.0022946 secs] 43700K->28466K(81280K), 0.0024063 secs] [Times: user=0.00 sys=0.00, real=0.01 secs] 
22.328: [GC 22.328: [ParNew
Desired survivor size 1343488 bytes, new threshold 2 (max 4)
- age   1:     177280 bytes,     177280 total
- age   2:    1229328 bytes,    1406608 total
- age   3:       2144 bytes,    1408752 total
: 17583K->1378K(18624K), 0.0025480 secs] 44438K->28600K(81280K), 0.0026436 secs] [Times: user=0.01 sys=0.00, real=0.00 secs] 
22.343: [GC 22.343: [ParNew
Desired survivor size 1343488 bytes, new threshold 4 (max 4)
- age   1:     864968 bytes,     864968 total
- age   2:     129760 bytes,     994728 total
: 17366K->974K(18624K), 0.0022014 secs] 44588K->29171K(81280K), 0.0022943 secs] [Times: user=0.00 sys=0.00, real=0.01 secs] 
22.356: [GC 22.356: [ParNew
Desired survivor size 1343488 bytes, new threshold 2 (max 4)
- age   1:     819888 bytes,     819888 total
- age   2:     696344 bytes,    1516232 total
- age   3:     129760 bytes,    1645992 total
: 16936K->1610K(18624K), 0.0022674 secs] 45132K->29807K(81280K), 0.0023855 secs] [Times: user=0.00 sys=0.00, real=0.00 secs] 
22.370: [GC 22.370: [ParNew
Desired survivor size 1343488 bytes, new threshold 4 (max 4)
- age   1:     622192 bytes,     622192 total
- age   2:     588640 bytes,    1210832 total
: 17587K->1184K(18624K), 0.0026571 secs] 45783K->30187K(81280K), 0.0027750 secs] [Times: user=0.01 sys=0.00, real=0.00 secs] 
22.385: [GC 22.386: [ParNew
Desired survivor size 1343488 bytes, new threshold 3 (max 4)
- age   1:     513064 bytes,     513064 total
- age   2:     429736 bytes,     942800 total
- age   3:     588640 bytes,    1531440 total
: 17136K->1496K(18624K), 0.0022488 secs] 46139K->30499K(81280K), 0.0023759 secs] [Times: user=0.00 sys=0.00, real=0.00 secs] 
22.400: [GC 22.401: [ParNew
Desired survivor size 1343488 bytes, new threshold 4 (max 4)
- age   1:     571632 bytes,     571632 total
- age   2:     265464 bytes,     837096 total
- age   3:     429736 bytes,    1266832 total
: 17454K->1239K(18624K), 0.0019914 secs] 46457K->30817K(81280K), 0.0020815 secs] [Times: user=0.00 sys=0.00, real=0.00 secs] 
22.427: [GC 22.427: [ParNew
Desired survivor size 1343488 bytes, new threshold 4 (max 4)
- age   1:     525856 bytes,     525856 total
- age   2:     193672 bytes,     719528 total
- age   3:     263904 bytes,     983432 total
- age   4:     170032 bytes,    1153464 total
: 17239K->1128K(18624K), 0.0014264 secs] 46817K->30706K(81280K), 0.0014977 secs] [Times: user=0.01 sys=0.00, real=0.00 secs] 
22.447: [GC 22.448: [ParNew
Desired survivor size 1343488 bytes, new threshold 4 (max 4)
- age   1:     394152 bytes,     394152 total
- age   2:     524408 bytes,     918560 total
- age   3:      94952 bytes,    1013512 total
- age   4:     263904 bytes,    1277416 total
: 17128K->1251K(18624K), 0.0018404 secs] 46706K->30994K(81280K), 0.0019869 secs] [Times: user=0.01 sys=0.00, real=0.00 secs] 
22.462: [GC 22.462: [ParNew
Desired survivor size 1343488 bytes, new threshold 4 (max 4)
- age   1:     183840 bytes,     183840 total
- age   2:     327768 bytes,     511608 total
- age   3:     524408 bytes,    1036016 total
- age   4:      94952 bytes,    1130968 total
: 17243K->1123K(18624K), 0.0021091 secs] 46987K->31123K(81280K), 0.0022214 secs] [Times: user=0.00 sys=0.00, real=0.01 secs] 
22.476: [GC 22.477: [ParNew
Desired survivor size 1343488 bytes, new threshold 4 (max 4)
- age   1:     660680 bytes,     660680 total
- age   2:      35736 bytes,     696416 total
- age   3:     154880 bytes,     851296 total
- age   4:     442512 bytes,    1293808 total
: 17123K->1271K(18624K), 0.0018674 secs] 47123K->31365K(81280K), 0.0019639 secs] [Times: user=0.00 sys=0.00, real=0.00 secs] 
22.490: [GC 22.490: [ParNew
Desired survivor size 1343488 bytes, new threshold 4 (max 4)
- age   1:     328328 bytes,     328328 total
- age   2:     275776 bytes,     604104 total
- age   3:      35736 bytes,     639840 total
- age   4:     154880 bytes,     794720 total
: 17233K->809K(18624K), 0.0021594 secs] 47326K->31334K(81280K), 0.0022734 secs] [Times: user=0.00 sys=0.00, real=0.00 secs] 
22.505: [GC 22.506: [ParNew
Desired survivor size 1343488 bytes, new threshold 4 (max 4)
- age   1:     175272 bytes,     175272 total
- age   3:     275776 bytes,     451048 total
- age   4:      35736 bytes,     486784 total
: 16773K->496K(18624K), 0.0021881 secs] 47298K->31173K(81280K), 0.0023231 secs] [Times: user=0.00 sys=0.00, real=0.00 secs] 
22.521: [GC 22.521: [ParNew
Desired survivor size 1343488 bytes, new threshold 4 (max 4)
- age   1:     486240 bytes,     486240 total
- age   2:      92304 bytes,     578544 total
- age   4:     275776 bytes,     854320 total
: 16492K->888K(18624K), 0.0016268 secs] 47168K->31600K(81280K), 0.0017176 secs] [Times: user=0.00 sys=0.00, real=0.00 secs] 
22.535: [GC 22.535: [ParNew
Desired survivor size 1343488 bytes, new threshold 4 (max 4)
- age   1:     341288 bytes,     341288 total
- age   2:     170912 bytes,     512200 total
- age   3:      92304 bytes,     604504 total
: 16878K->602K(18624K), 0.0017221 secs] 47589K->31583K(81280K), 0.0018462 secs] [Times: user=0.00 sys=0.00, real=0.00 secs] 
22.553: [GC 22.553: [ParNew
Desired survivor size 1343488 bytes, new threshold 4 (max 4)
- age   1:     541248 bytes,     541248 total
- age   2:     169360 bytes,     710608 total
- age   3:     170912 bytes,     881520 total
- age   4:      92304 bytes,     973824 total
: 16596K->957K(18624K), 0.0026289 secs] 47576K->31938K(81280K), 0.0027173 secs] [Times: user=0.00 sys=0.00, real=0.01 secs] 
22.572: [GC 22.572: [ParNew
Desired survivor size 1343488 bytes, new threshold 4 (max 4)
- age   1:     302520 bytes,     302520 total
- age   2:     258024 bytes,     560544 total
- age   3:     169360 bytes,     729904 total
- age   4:     170912 bytes,     900816 total
: 16917K->885K(18624K), 0.0018073 secs] 47898K->31956K(81280K), 0.0018895 secs] [Times: user=0.00 sys=0.00, real=0.00 secs] 
22.586: [GC 22.586: [ParNew
Desired survivor size 1343488 bytes, new threshold 4 (max 4)
- age   1:     198720 bytes,     198720 total
- age   2:     151192 bytes,     349912 total
- age   3:     258024 bytes,     607936 total
- age   4:     169360 bytes,     777296 total
: 16837K->761K(18624K), 0.0014139 secs] 47908K->31999K(81280K), 0.0014939 secs] [Times: user=0.00 sys=0.00, real=0.00 secs] 
22.603: [GC 22.603: [ParNew
Desired survivor size 1343488 bytes, new threshold 4 (max 4)
- age   1:     141752 bytes,     141752 total
- age   2:      84152 bytes,     225904 total
- age   3:     150104 bytes,     376008 total
- age   4:     257832 bytes,     633840 total
: 16729K->620K(18624K), 0.0018246 secs] 47967K->32023K(81280K), 0.0019233 secs] [Times: user=0.01 sys=0.00, real=0.01 secs] 
22.616: [GC 22.616: [ParNew
Desired survivor size 1343488 bytes, new threshold 4 (max 4)
- age   1:     425232 bytes,     425232 total
- age   2:       7248 bytes,     432480 total
- age   3:      84152 bytes,     516632 total
- age   4:     104904 bytes,     621536 total
: 16576K->612K(18624K), 0.0016016 secs] 47979K->32267K(81280K), 0.0017737 secs] [Times: user=0.00 sys=0.00, real=0.00 secs] 
22.630: [GC 22.630: [ParNew
Desired survivor size 1343488 bytes, new threshold 4 (max 4)
- age   1:     257528 bytes,     257528 total
- age   2:     119432 bytes,     376960 total
- age   3:       7248 bytes,     384208 total
- age   4:      84152 bytes,     468360 total
: 16593K->461K(18624K), 0.0015091 secs] 48248K->32218K(81280K), 0.0015800 secs] [Times: user=0.00 sys=0.00, real=0.00 secs] 
22.646: [GC 22.646: [ParNew
Desired survivor size 1343488 bytes, new threshold 4 (max 4)
- age   1:     407480 bytes,     407480 total
- age   2:     173104 bytes,     580584 total
- age   3:     119432 bytes,     700016 total
- age   4:       7248 bytes,     707264 total
: 16461K->695K(18624K), 0.0014942 secs] 48218K->32501K(81280K), 0.0015813 secs] [Times: user=0.01 sys=0.00, real=0.00 secs] 
22.664: [GC 22.664: [ParNew
Desired survivor size 1343488 bytes, new threshold 4 (max 4)
- age   1:     659440 bytes,     659440 total
- age   2:     179720 bytes,     839160 total
- age   3:     173104 bytes,    1012264 total
- age   4:     119432 bytes,    1131696 total
: 16695K->1115K(18624K), 0.0027695 secs] 48501K->32929K(81280K), 0.0028653 secs] [Times: user=0.00 sys=0.00, real=0.00 secs] 
22.691: [GC 22.691: [ParNew
Desired survivor size 1343488 bytes, new threshold 4 (max 4)
- age   1:     141456 bytes,     141456 total
- age   2:     599696 bytes,     741152 total
- age   3:     179152 bytes,     920304 total
- age   4:     173104 bytes,    1093408 total
: 17113K->1070K(18624K), 0.0062176 secs] 48927K->33000K(81280K), 0.0063041 secs] [Times: user=0.01 sys=0.00, real=0.01 secs] 
22.711: [GC 22.712: [ParNew
Desired survivor size 1343488 bytes, new threshold 4 (max 4)
- age   1:     266008 bytes,     266008 total
- age   2:      11160 bytes,     277168 total
- age   3:     599696 bytes,     876864 total
- age   4:     179152 bytes,    1056016 total
: 17053K->1081K(18624K), 0.0044910 secs] 48983K->33046K(81280K), 0.0045820 secs] [Times: user=0.01 sys=0.01, real=0.01 secs] 
22.732: [GC 22.732: [ParNew
Desired survivor size 1343488 bytes, new threshold 4 (max 4)
- age   1:     140064 bytes,     140064 total
- age   2:     205920 bytes,     345984 total
- age   3:      11160 bytes,     357144 total
- age   4:     599696 bytes,     956840 total
: 17020K->940K(18624K), 0.0025564 secs] 48984K->33080K(81280K), 0.0026471 secs] [Times: user=0.01 sys=0.00, real=0.01 secs] 
22.830: [GC 22.830: [ParNew
Desired survivor size 1343488 bytes, new threshold 4 (max 4)
- age   1:     163664 bytes,     163664 total
- age   2:     102776 bytes,     266440 total
- age   3:     136480 bytes,     402920 total
- age   4:      11840 bytes,     414760 total
: 16934K->421K(18624K), 0.0016282 secs] 49073K->33145K(81280K), 0.0016979 secs] [Times: user=0.00 sys=0.00, real=0.00 secs] 
22.848: [GC 22.848: [ParNew
Desired survivor size 1343488 bytes, new threshold 4 (max 4)
- age   1:     313816 bytes,     313816 total
- age   2:      13328 bytes,     327144 total
- age   3:      62688 bytes,     389832 total
- age   4:      66472 bytes,     456304 total
: 16419K->456K(18624K), 0.0014354 secs] 49144K->33191K(81280K), 0.0015268 secs] [Times: user=0.00 sys=0.00, real=0.00 secs] 
22.863: [GC 22.863: [ParNew
Desired survivor size 1343488 bytes, new threshold 4 (max 4)
- age   1:     127712 bytes,     127712 total
- age   2:     111400 bytes,     239112 total
- age   3:      13328 bytes,     252440 total
- age   4:      62688 bytes,     315128 total
: 16454K->317K(18624K), 0.0012972 secs] 49189K->33118K(81280K), 0.0013934 secs] [Times: user=0.00 sys=0.00, real=0.01 secs] 
22.876: [GC 22.876: [ParNew
Desired survivor size 1343488 bytes, new threshold 4 (max 4)
- age   1:     370616 bytes,     370616 total
- age   2:      96984 bytes,     467600 total
- age   3:     109896 bytes,     577496 total
- age   4:      13328 bytes,     590824 total
: 16314K->589K(18624K), 0.0017900 secs] 49114K->33450K(81280K), 0.0019446 secs] [Times: user=0.00 sys=0.00, real=0.00 secs] 
22.888: [GC 22.888: [ParNew
Desired survivor size 1343488 bytes, new threshold 4 (max 4)
- age   1:     993584 bytes,     993584 total
- age   2:     200160 bytes,    1193744 total
- age   3:      96984 bytes,    1290728 total
- age   4:     109896 bytes,    1400624 total
: 16579K->1393K(18624K), 0.0021073 secs] 49440K->34268K(81280K), 0.0022114 secs] [Times: user=0.00 sys=0.00, real=0.00 secs] 
22.902: [GC 22.902: [ParNew
Desired survivor size 1343488 bytes, new threshold 3 (max 4)
- age   1:     323880 bytes,     323880 total
- age   2:     836176 bytes,    1160056 total
- age   3:     200160 bytes,    1360216 total
- age   4:      92440 bytes,    1452656 total
: 17385K->1422K(18624K), 0.0025644 secs] 50260K->34404K(81280K), 0.0026690 secs] [Times: user=0.01 sys=0.00, real=0.01 secs] 
22.916: [GC 22.916: [ParNew
Desired survivor size 1343488 bytes, new threshold 3 (max 4)
- age   1:     349488 bytes,     349488 total
- age   2:     250200 bytes,     599688 total
- age   3:     836176 bytes,    1435864 total
: 17406K->1426K(18624K), 0.0023717 secs] 50388K->34664K(81280K), 0.0025304 secs] [Times: user=0.00 sys=0.00, real=0.00 secs] 
22.930: [GC 22.930: [ParNew
Desired survivor size 1343488 bytes, new threshold 4 (max 4)
- age   1:     421656 bytes,     421656 total
- age   2:     178920 bytes,     600576 total
- age   3:     250200 bytes,     850776 total
: 17417K->844K(18624K), 0.0021318 secs] 50655K->34899K(81280K), 0.0023074 secs] [Times: user=0.00 sys=0.00, real=0.00 secs] 
22.943: [GC 22.943: [ParNew
Desired survivor size 1343488 bytes, new threshold 4 (max 4)
- age   1:     490304 bytes,     490304 total
- age   2:     231736 bytes,     722040 total
- age   3:      83784 bytes,     805824 total
- age   4:     190472 bytes,     996296 total
: 16809K->993K(18624K), 0.0019421 secs] 50864K->35048K(81280K), 0.0020375 secs] [Times: user=0.00 sys=0.00, real=0.01 secs] 
22.957: [GC 22.957: [ParNew
Desired survivor size 1343488 bytes, new threshold 4 (max 4)
- age   1:     126408 bytes,     126408 total
- age   2:     415128 bytes,     541536 total
- age   3:     231736 bytes,     773272 total
- age   4:      83784 bytes,     857056 total
: 16978K->852K(18624K), 0.0016990 secs] 51033K->35093K(81280K), 0.0017892 secs] [Times: user=0.01 sys=0.00, real=0.00 secs] 
22.971: [GC 22.971: [ParNew
Desired survivor size 1343488 bytes, new threshold 4 (max 4)
- age   1:     491000 bytes,     491000 total
- age   2:      68088 bytes,     559088 total
- age   3:     360904 bytes,     919992 total
- age   4:     231736 bytes,    1151728 total
: 16838K->1127K(18624K), 0.0019851 secs] 51079K->35449K(81280K), 0.0020815 secs] [Times: user=0.00 sys=0.00, real=0.00 secs] 
22.985: [GC 22.985: [ParNew
Desired survivor size 1343488 bytes, new threshold 4 (max 4)
- age   1:     874328 bytes,     874328 total
- age   2:     283680 bytes,    1158008 total
- age   3:      68088 bytes,    1226096 total
: 17110K->1199K(18624K), 0.0017989 secs] 51433K->35693K(81280K), 0.0018944 secs] [Times: user=0.00 sys=0.00, real=0.00 secs] 
22.999: [GC 22.999: [ParNew
Desired survivor size 1343488 bytes, new threshold 3 (max 4)
- age   1:     391856 bytes,     391856 total
- age   2:     798400 bytes,    1190256 total
- age   3:     225136 bytes,    1415392 total
: 17174K->1384K(18624K), 0.0019650 secs] 51667K->35877K(81280K), 0.0020812 secs] [Times: user=0.00 sys=0.00, real=0.00 secs] 
23.016: [GC 23.016: [ParNew
Desired survivor size 1343488 bytes, new threshold 4 (max 4)
- age   1:     340544 bytes,     340544 total
- age   2:     167984 bytes,     508528 total
- age   3:     592784 bytes,    1101312 total
: 17377K->1078K(18624K), 0.0019443 secs] 51870K->35792K(81280K), 0.0020597 secs] [Times: user=0.00 sys=0.00, real=0.00 secs] 
23.031: [GC 23.031: [ParNew
Desired survivor size 1343488 bytes, new threshold 4 (max 4)
- age   1:     579960 bytes,     579960 total
- age   2:     215224 bytes,     795184 total
- age   3:     110112 bytes,     905296 total
- age   4:     248800 bytes,    1154096 total
: 17046K->1130K(18624K), 0.0017316 secs] 51760K->35843K(81280K), 0.0018732 secs] [Times: user=0.00 sys=0.01, real=0.00 secs] 
23.044: [GC 23.044: [ParNew
Desired survivor size 1343488 bytes, new threshold 4 (max 4)
- age   1:     556032 bytes,     556032 total
- age   2:     499120 bytes,    1055152 total
- age   3:     117256 bytes,    1172408 total
- age   4:     110072 bytes,    1282480 total
: 17129K->1255K(18624K), 0.0020180 secs] 51842K->36104K(81280K), 0.0021466 secs] [Times: user=0.01 sys=0.00, real=0.01 secs] 
23.059: [GC 23.059: [ParNew
Desired survivor size 1343488 bytes, new threshold 4 (max 4)
- age   1:     754648 bytes,     754648 total
- age   2:     223080 bytes,     977728 total
- age   3:      84536 bytes,    1062264 total
- age   4:     117256 bytes,    1179520 total
: 17246K->1155K(18624K), 0.0018771 secs] 52095K->36111K(81280K), 0.0019844 secs] [Times: user=0.00 sys=0.00, real=0.00 secs] 
23.072: [GC 23.072: [ParNew
Desired survivor size 1343488 bytes, new threshold 4 (max 4)
- age   1:     261640 bytes,     261640 total
- age   2:     634912 bytes,     896552 total
- age   3:     223080 bytes,    1119632 total
- age   4:      84536 bytes,    1204168 total
: 17135K->1179K(18624K), 0.0020420 secs] 52091K->36177K(81280K), 0.0021433 secs] [Times: user=0.00 sys=0.00, real=0.01 secs] 
23.087: [GC 23.087: [ParNew
Desired survivor size 1343488 bytes, new threshold 4 (max 4)
- age   1:     402928 bytes,     402928 total
- age   3:     569512 bytes,     972440 total
- age   4:     223080 bytes,    1195520 total
: 17138K->1170K(18624K), 0.0016688 secs] 52136K->36169K(81280K), 0.0017638 secs] [Times: user=0.00 sys=0.00, real=0.00 secs] 
23.101: [GC 23.101: [ParNew
Desired survivor size 1343488 bytes, new threshold 4 (max 4)
- age   1:     654832 bytes,     654832 total
- age   2:     336936 bytes,     991768 total
- age   4:     316960 bytes,    1308728 total
: 17164K->1281K(18624K), 0.0018639 secs] 52162K->36497K(81280K), 0.0019645 secs] [Times: user=0.01 sys=0.00, real=0.00 secs] 
23.115: [GC 23.115: [ParNew
Desired survivor size 1343488 bytes, new threshold 3 (max 4)
- age   1:     698624 bytes,     698624 total
- age   2:     438464 bytes,    1137088 total
- age   3:     293192 bytes,    1430280 total
: 17258K->1400K(18624K), 0.0020705 secs] 52474K->36760K(81280K), 0.0021813 secs] [Times: user=0.00 sys=0.00, real=0.00 secs] 
23.129: [GC 23.129: [ParNew
Desired survivor size 1343488 bytes, new threshold 3 (max 4)
- age   1:     584112 bytes,     584112 total
- age   2:     646208 bytes,    1230320 total
- age   3:     238120 bytes,    1468440 total
: 17398K->1437K(18624K), 0.0025021 secs] 52759K->37084K(81280K), 0.0026046 secs] [Times: user=0.00 sys=0.00, real=0.00 secs] 
23.144: [GC 23.144: [ParNew
Desired survivor size 1343488 bytes, new threshold 4 (max 4)
- age   1:     335000 bytes,     335000 total
- age   2:     414744 bytes,     749744 total
- age   3:     590280 bytes,    1340024 total
: 17395K->1311K(18624K), 0.0019495 secs] 53041K->37132K(81280K), 0.0020600 secs] [Times: user=0.00 sys=0.00, real=0.00 secs] 
23.159: [GC 23.159: [ParNew
Desired survivor size 1343488 bytes, new threshold 4 (max 4)
- age   1:     883712 bytes,     883712 total
- age   2:      85424 bytes,     969136 total
- age   3:     251600 bytes,    1220736 total
- age   4:     590280 bytes,    1811016 total
: 17275K->1771K(18624K), 0.0022470 secs] 53095K->37592K(81280K), 0.0023491 secs] [Times: user=0.01 sys=0.00, real=0.00 secs] 
23.174: [GC 23.174: [ParNew
Desired survivor size 1343488 bytes, new threshold 4 (max 4)
- age   1:     437224 bytes,     437224 total
- age   2:     817736 bytes,    1254960 total
- age   4:     212840 bytes,    1467800 total
: 17734K->1436K(18624K), 0.0020317 secs] 53554K->37584K(81280K), 0.0021413 secs] [Times: user=0.00 sys=0.00, real=0.00 secs] 
23.187: [GC 23.188: [ParNew
Desired survivor size 1343488 bytes, new threshold 3 (max 4)
- age   1:     328632 bytes,     328632 total
- age   2:     396632 bytes,     725264 total
- age   3:     817736 bytes,    1543000 total
: 17403K->1509K(18624K), 0.0026194 secs] 53551K->37865K(81280K), 0.0027829 secs] [Times: user=0.00 sys=0.01, real=0.00 secs] 
23.201: [GC 23.201: [ParNew
Desired survivor size 1343488 bytes, new threshold 4 (max 4)
- age   1:     271216 bytes,     271216 total
- age   2:     283448 bytes,     554664 total
- age   3:     173456 bytes,     728120 total
: 17464K->713K(18624K), 0.0021456 secs] 53820K->37868K(81280K), 0.0022417 secs] [Times: user=0.01 sys=0.00, real=0.00 secs] 
23.216: [GC 23.216: [ParNew
Desired survivor size 1343488 bytes, new threshold 4 (max 4)
- age   1:     510488 bytes,     510488 total
- age   2:     198184 bytes,     708672 total
- age   3:     283448 bytes,     992120 total
- age   4:        832 bytes,     992952 total
: 16677K->972K(18624K), 0.0013832 secs] 53832K->38126K(81280K), 0.0014732 secs] [Times: user=0.00 sys=0.00, real=0.00 secs] 
23.230: [GC 23.230: [ParNew
Desired survivor size 1343488 bytes, new threshold 4 (max 4)
- age   1:     775072 bytes,     775072 total
- age   2:     510448 bytes,    1285520 total
- age   3:      52216 bytes,    1337736 total
- age   4:      90592 bytes,    1428328 total
: 16968K->1398K(18624K), 0.0019643 secs] 54122K->38553K(81280K), 0.0020655 secs] [Times: user=0.00 sys=0.00, real=0.00 secs] 
23.250: [GC 23.251: [ParNew
Desired survivor size 1343488 bytes, new threshold 4 (max 4)
- age   1:     260336 bytes,     260336 total
- age   2:     399192 bytes,     659528 total
- age   3:     510448 bytes,    1169976 total
- age   4:      52216 bytes,    1222192 total
: 17376K->1196K(18624K), 0.0018688 secs] 54531K->38439K(81280K), 0.0019712 secs] [Times: user=0.00 sys=0.00, real=0.00 secs] 
23.266: [GC 23.266: [ParNew
Desired survivor size 1343488 bytes, new threshold 4 (max 4)
- age   1:     301984 bytes,     301984 total
- age   2:     117640 bytes,     419624 total
- age   3:     251896 bytes,     671520 total
- age   4:     424064 bytes,    1095584 total
: 17177K->1071K(18624K), 0.0018414 secs] 54421K->38366K(81280K), 0.0019757 secs] [Times: user=0.00 sys=0.00, real=0.00 secs] 
23.326: [GC 23.326: [ParNew
Desired survivor size 1343488 bytes, new threshold 4 (max 4)
- age   1:     221240 bytes,     221240 total
- age   2:     215608 bytes,     436848 total
- age   3:     116936 bytes,     553784 total
- age   4:     251896 bytes,     805680 total
: 17071K->789K(18624K), 0.0063976 secs] 54366K->38254K(81280K), 0.0064978 secs] [Times: user=0.01 sys=0.00, real=0.00 secs] 
23.350: [GC 23.350: [ParNew
Desired survivor size 1343488 bytes, new threshold 4 (max 4)
- age   1:     669056 bytes,     669056 total
- age   2:     220496 bytes,     889552 total
- age   3:     215608 bytes,    1105160 total
- age   4:     116936 bytes,    1222096 total
: 16789K->1197K(18624K), 0.0024079 secs] 54254K->38909K(81280K), 0.0025068 secs] [Times: user=0.00 sys=0.00, real=0.00 secs] 
23.369: [GC 23.369: [ParNew
Desired survivor size 1343488 bytes, new threshold 4 (max 4)
- age   1:     246416 bytes,     246416 total
- age   2:     369904 bytes,     616320 total
- age   3:     220496 bytes,     836816 total
- age   4:     215608 bytes,    1052424 total
: 17157K->1037K(18624K), 0.0017743 secs] 54869K->38863K(81280K), 0.0018651 secs] [Times: user=0.00 sys=0.00, real=0.00 secs] 
23.387: [GC 23.388: [ParNew
Desired survivor size 1343488 bytes, new threshold 4 (max 4)
- age   1:     223024 bytes,     223024 total
- age   3:     369904 bytes,     592928 total
- age   4:     220496 bytes,     813424 total
: 16971K->825K(18624K), 0.0025556 secs] 54797K->38862K(81280K), 0.0026630 secs] [Times: user=0.00 sys=0.00, real=0.00 secs] 
23.413: [GC 23.413: [ParNew
Desired survivor size 1343488 bytes, new threshold 4 (max 4)
- age   1:     250064 bytes,     250064 total
- age   2:      63360 bytes,     313424 total
- age   4:     369904 bytes,     683328 total
: 16823K->742K(18624K), 0.0033938 secs] 54860K->38818K(81280K), 0.0046921 secs] [Times: user=0.00 sys=0.00, real=0.01 secs] 
23.433: [GC 23.433: [ParNew
Desired survivor size 1343488 bytes, new threshold 4 (max 4)
- age   1:     485288 bytes,     485288 total
- age   2:     106984 bytes,     592272 total
- age   3:      63360 bytes,     655632 total
: 16717K->653K(18624K), 0.0046931 secs] 54794K->39090K(81280K), 0.0048046 secs] [Times: user=0.01 sys=0.00, real=0.01 secs] 
23.453: [GC 23.453: [ParNew
Desired survivor size 1343488 bytes, new threshold 4 (max 4)
- age   1:     457496 bytes,     457496 total
- age   2:     162664 bytes,     620160 total
- age   3:      18736 bytes,     638896 total
- age   4:      63320 bytes,     702216 total
: 16648K->693K(18624K), 0.0015279 secs] 55086K->39131K(81280K), 0.0016084 secs] [Times: user=0.00 sys=0.00, real=0.01 secs] 
23.473: [GC 23.473: [ParNew
Desired survivor size 1343488 bytes, new threshold 4 (max 4)
- age   1:     475064 bytes,     475064 total
- age   2:     378792 bytes,     853856 total
- age   3:     162632 bytes,    1016488 total
- age   4:      18736 bytes,    1035224 total
: 16607K->1022K(18624K), 0.0024104 secs] 55045K->39522K(81280K), 0.0025006 secs] [Times: user=0.01 sys=0.00, real=0.01 secs] 
23.488: [GC 23.488: [ParNew
Desired survivor size 1343488 bytes, new threshold 4 (max 4)
- age   1:     753208 bytes,     753208 total
- age   2:     113528 bytes,     866736 total
- age   3:     125864 bytes,     992600 total
- age   4:     162632 bytes,    1155232 total
: 16996K->1145K(18624K), 0.0031446 secs] 55496K->39662K(81280K), 0.0033030 secs] [Times: user=0.00 sys=0.00, real=0.00 secs] 
23.505: [GC 23.505: [ParNew
Desired survivor size 1343488 bytes, new threshold 4 (max 4)
- age   1:     809160 bytes,     809160 total
- age   2:     365272 bytes,    1174432 total
- age   3:     113528 bytes,    1287960 total
- age   4:     125864 bytes,    1413824 total
: 17121K->1391K(18624K), 0.0031004 secs] 55639K->40067K(81280K), 0.0031887 secs] [Times: user=0.01 sys=0.00, real=0.00 secs] 
23.520: [GC 23.521: [ParNew
Desired survivor size 1343488 bytes, new threshold 4 (max 4)
- age   1:     155688 bytes,     155688 total
- age   2:     666464 bytes,     822152 total
- age   3:     365272 bytes,    1187424 total
- age   4:     113528 bytes,    1300952 total
: 17389K->1277K(18624K), 0.0026051 secs] 56066K->40042K(81280K), 0.0027227 secs] [Times: user=0.00 sys=0.00, real=0.00 secs] 
23.535: [GC 23.536: [ParNew
Desired survivor size 1343488 bytes, new threshold 3 (max 4)
- age   1:     903360 bytes,     903360 total
- age   2:      24400 bytes,     927760 total
- age   3:     666464 bytes,    1594224 total
- age   4:     111232 bytes,    1705456 total
: 17236K->1669K(18624K), 0.0032344 secs] 56001K->40544K(81280K), 0.0033693 secs] [Times: user=0.00 sys=0.00, real=0.00 secs] 
23.552: [GC 23.552: [ParNew
Desired survivor size 1343488 bytes, new threshold 4 (max 4)
- age   1:     422912 bytes,     422912 total
- age   2:     646248 bytes,    1069160 total
: 17669K->1047K(18624K), 0.0030928 secs] 56544K->40399K(81280K), 0.0031835 secs] [Times: user=0.01 sys=0.00, real=0.01 secs] 
23.566: [GC 23.566: [ParNew
Desired survivor size 1343488 bytes, new threshold 3 (max 4)
- age   1:     896888 bytes,     896888 total
- age   2:     361992 bytes,    1258880 total
- age   3:     401752 bytes,    1660632 total
: 17017K->1625K(18624K), 0.0029896 secs] 56368K->40976K(81280K), 0.0030956 secs] [Times: user=0.00 sys=0.00, real=0.00 secs] 
23.583: [GC 23.583: [ParNew
Desired survivor size 1343488 bytes, new threshold 4 (max 4)
- age   1:     364496 bytes,     364496 total
- age   2:     832744 bytes,    1197240 total
- age   3:     111048 bytes,    1308288 total
: 17618K->1279K(18624K), 0.0052314 secs] 56970K->41023K(81280K), 0.0053233 secs] [Times: user=0.01 sys=0.00, real=0.01 secs] 
23.605: [GC 23.605: [ParNew
Desired survivor size 1343488 bytes, new threshold 4 (max 4)
- age   1:      60608 bytes,      60608 total
- age   2:     262184 bytes,     322792 total
- age   3:     552736 bytes,     875528 total
- age   4:      85328 bytes,     960856 total
: 17279K->941K(18624K), 0.0024071 secs] 57023K->40685K(81280K), 0.0024976 secs] [Times: user=0.00 sys=0.00, real=0.00 secs] 
23.622: [GC 23.758: [ParNew
Desired survivor size 1343488 bytes, new threshold 4 (max 4)
- age   1:     104608 bytes,     104608 total
- age   2:        128 bytes,     104736 total
- age   3:     262184 bytes,     366920 total
- age   4:     552736 bytes,     919656 total
: 16937K->901K(18624K), 0.0019575 secs] 56681K->40729K(81280K), 0.0021020 secs] [Times: user=0.02 sys=0.00, real=0.14 secs] 
23.775: [GC 23.775: [ParNew
Desired survivor size 1343488 bytes, new threshold 4 (max 4)
- age   1:     552392 bytes,     552392 total
- age   2:      60496 bytes,     612888 total
- age   3:        128 bytes,     613016 total
- age   4:     262184 bytes,     875200 total
: 16848K->860K(18624K), 0.0018922 secs] 56675K->41227K(81280K), 0.0019886 secs] [Times: user=0.01 sys=0.00, real=0.00 secs] 
23.789: [GC 23.789: [ParNew
Desired survivor size 1343488 bytes, new threshold 4 (max 4)
- age   1:     576528 bytes,     576528 total
- age   2:     329648 bytes,     906176 total
- age   3:      60496 bytes,     966672 total
- age   4:        128 bytes,     966800 total
: 16819K->953K(18624K), 0.0019000 secs] 57187K->41577K(81280K), 0.0020067 secs] [Times: user=0.00 sys=0.00, real=0.00 secs] 
23.804: [GC 23.804: [ParNew
Desired survivor size 1343488 bytes, new threshold 4 (max 4)
- age   1:     556320 bytes,     556320 total
- age   2:     209872 bytes,     766192 total
- age   3:     292616 bytes,    1058808 total
: 16952K->1037K(18624K), 0.0018197 secs] 57575K->41660K(81280K), 0.0019493 secs] [Times: user=0.00 sys=0.00, real=0.01 secs] 
23.817: [GC 23.817: [ParNew
Desired survivor size 1343488 bytes, new threshold 4 (max 4)
- age   1:     421232 bytes,     421232 total
- age   2:     435856 bytes,     857088 total
- age   3:     209872 bytes,    1066960 total
- age   4:     292576 bytes,    1359536 total
: 17017K->1330K(18624K), 0.0017960 secs] 57641K->41953K(81280K), 0.0018912 secs] [Times: user=0.00 sys=0.00, real=0.00 secs] 
23.830: [GC 23.831: [ParNew
Desired survivor size 1343488 bytes, new threshold 4 (max 4)
- age   1:     351864 bytes,     351864 total
- age   2:     300928 bytes,     652792 total
- age   3:      72864 bytes,     725656 total
- age   4:     160464 bytes,     886120 total
: 17292K->867K(18624K), 0.0017075 secs] 57915K->41777K(81280K), 0.0018056 secs] [Times: user=0.01 sys=0.00, real=0.00 secs] 
23.847: [GC 23.847: [ParNew
Desired survivor size 1343488 bytes, new threshold 4 (max 4)
- age   1:     551232 bytes,     551232 total
- age   2:     265496 bytes,     816728 total
- age   3:     300096 bytes,    1116824 total
- age   4:      72864 bytes,    1189688 total
: 16852K->1162K(18624K), 0.0034035 secs] 57761K->42228K(81280K), 0.0035113 secs] [Times: user=0.00 sys=0.00, real=0.00 secs] 
23.862: [GC 23.862: [ParNew
Desired survivor size 1343488 bytes, new threshold 4 (max 4)
- age   1:     502056 bytes,     502056 total
- age   2:     348808 bytes,     850864 total
- age   3:     265496 bytes,    1116360 total
- age   4:     300096 bytes,    1416456 total
: 17115K->1385K(18624K), 0.0025096 secs] 58181K->42522K(81280K), 0.0026079 secs] [Times: user=0.00 sys=0.00, real=0.01 secs] 
23.879: [GC 23.879: [ParNew
Desired survivor size 1343488 bytes, new threshold 4 (max 4)
- age   1:     131928 bytes,     131928 total
- age   2:     226040 bytes,     357968 total
- age   3:     348808 bytes,     706776 total
- age   4:     265496 bytes,     972272 total
: 17321K->951K(18624K), 0.0022445 secs] 58458K->42381K(81280K), 0.0023448 secs] [Times: user=0.00 sys=0.00, real=0.00 secs] 
23.894: [GC 23.894: [ParNew
Desired survivor size 1343488 bytes, new threshold 4 (max 4)
- age   1:     342816 bytes,     342816 total
- age   2:        704 bytes,     343520 total
- age   3:     226040 bytes,     569560 total
- age   4:     348104 bytes,     917664 total
: 16918K->898K(18624K), 0.0020137 secs] 58348K->42587K(81280K), 0.0021188 secs] [Times: user=0.00 sys=0.00, real=0.01 secs] 
23.911: [GC 23.911: [ParNew
Desired survivor size 1343488 bytes, new threshold 4 (max 4)
- age   1:     359280 bytes,     359280 total
- age   2:     260832 bytes,     620112 total
- age   4:      90312 bytes,     710424 total
: 16894K->695K(18624K), 0.0014759 secs] 58583K->42680K(81280K), 0.0016151 secs] [Times: user=0.00 sys=0.00, real=0.00 secs] 
23.925: [GC 23.925: [ParNew
Desired survivor size 1343488 bytes, new threshold 4 (max 4)
- age   1:     548696 bytes,     548696 total
- age   2:      13912 bytes,     562608 total
- age   3:     260832 bytes,     823440 total
: 16636K->805K(18624K), 0.0014255 secs] 58621K->42878K(81280K), 0.0015087 secs] [Times: user=0.01 sys=0.00, real=0.00 secs] 
23.937: [GC 23.937: [ParNew
Desired survivor size 1343488 bytes, new threshold 4 (max 4)
- age   1:     494096 bytes,     494096 total
- age   2:     142512 bytes,     636608 total
- age   3:      13912 bytes,     650520 total
- age   4:     260832 bytes,     911352 total
: 16754K->891K(18624K), 0.0018037 secs] 58827K->42964K(81280K), 0.0019484 secs] [Times: user=0.00 sys=0.00, real=0.00 secs] 
23.956: [GC 23.956: [ParNew
Desired survivor size 1343488 bytes, new threshold 4 (max 4)
- age   1:     516152 bytes,     516152 total
- age   2:     412440 bytes,     928592 total
- age   4:      13208 bytes,     941800 total
: 16891K->924K(18624K), 0.0018572 secs] 58964K->43252K(81280K), 0.0019578 secs] [Times: user=0.00 sys=0.00, real=0.00 secs] 
23.972: [GC 23.972: [ParNew
Desired survivor size 1343488 bytes, new threshold 3 (max 4)
- age   1:     506544 bytes,     506544 total
- age   2:     430688 bytes,     937232 total
- age   3:     412440 bytes,    1349672 total
: 16916K->1323K(18624K), 0.0020851 secs] 59244K->43664K(81280K), 0.0021840 secs] [Times: user=0.01 sys=0.00, real=0.01 secs] 
23.989: [GC 23.989: [ParNew
Desired survivor size 1343488 bytes, new threshold 4 (max 4)
- age   1:     460352 bytes,     460352 total
- age   2:     459336 bytes,     919688 total
- age   3:     268056 bytes,    1187744 total
: 17323K->1168K(18624K), 0.0022921 secs] 59664K->43828K(81280K), 0.0024682 secs] [Times: user=0.00 sys=0.00, real=0.00 secs] 
24.003: [GC 24.003: [ParNew
Desired survivor size 1343488 bytes, new threshold 4 (max 4)
- age   1:     241936 bytes,     241936 total
- age   2:     459152 bytes,     701088 total
- age   3:     459336 bytes,    1160424 total
- age   4:     119944 bytes,    1280368 total
: 17135K->1270K(18624K), 0.0026011 secs] 59795K->43931K(81280K), 0.0027082 secs] [Times: user=0.01 sys=0.00, real=0.01 secs] 
24.023: [GC 24.023: [ParNew
Desired survivor size 1343488 bytes, new threshold 4 (max 4)
- age   1:     531008 bytes,     531008 total
- age   2:     185416 bytes,     716424 total
- age   3:     204984 bytes,     921408 total
- age   4:     459336 bytes,    1380744 total
: 17239K->1359K(18624K), 0.0024282 secs] 59899K->44137K(81280K), 0.0025215 secs] [Times: user=0.00 sys=0.00, real=0.01 secs] 
24.038: [GC 24.038: [ParNew
Desired survivor size 1343488 bytes, new threshold 4 (max 4)
- age   1:     492600 bytes,     492600 total
- age   2:     190688 bytes,     683288 total
- age   3:     185416 bytes,     868704 total
- age   4:     150576 bytes,    1019280 total
: 17340K->1029K(18624K), 0.0020983 secs] 60118K->44255K(81280K), 0.0021996 secs] [Times: user=0.01 sys=0.00, real=0.00 secs] 
24.054: [GC 24.055: [ParNew
Desired survivor size 1343488 bytes, new threshold 4 (max 4)
- age   1:     474920 bytes,     474920 total
- age   2:     306904 bytes,     781824 total
- age   3:     190688 bytes,     972512 total
- age   4:     163904 bytes,    1136416 total
: 16966K->1123K(18624K), 0.0025560 secs] 60192K->44496K(81280K), 0.0026510 secs] [Times: user=0.01 sys=0.00, real=0.00 secs] 
24.069: [GC 24.069: [ParNew
Desired survivor size 1343488 bytes, new threshold 3 (max 4)
- age   1:     847856 bytes,     847856 total
- age   2:     397464 bytes,    1245320 total
- age   3:     110096 bytes,    1355416 total
- age   4:      79440 bytes,    1434856 total
: 17104K->1423K(18624K), 0.0033728 secs] 60477K->44956K(81280K), 0.0034954 secs] [Times: user=0.00 sys=0.00, real=0.00 secs] 
24.085: [GC 24.085: [ParNew
Desired survivor size 1343488 bytes, new threshold 3 (max 4)
- age   1:     339496 bytes,     339496 total
- age   2:     644576 bytes,     984072 total
- age   3:     397464 bytes,    1381536 total
: 17415K->1358K(18624K), 0.0022533 secs] 60948K->45074K(81280K), 0.0023925 secs] [Times: user=0.00 sys=0.01, real=0.00 secs] 
24.100: [GC 24.100: [ParNew
Desired survivor size 1343488 bytes, new threshold 4 (max 4)
- age   1:     709936 bytes,     709936 total
- age   2:     260568 bytes,     970504 total
: 17327K->951K(18624K), 0.0018457 secs] 61043K->45054K(81280K), 0.0019389 secs] [Times: user=0.01 sys=0.00, real=0.00 secs] 
24.113: [GC 24.114: [ParNew
Desired survivor size 1343488 bytes, new threshold 3 (max 4)
- age   1:     673080 bytes,     673080 total
- age   2:     544688 bytes,    1217768 total
- age   3:     260568 bytes,    1478336 total
: 16947K->1446K(18624K), 0.0030366 secs] 61051K->45550K(81280K), 0.0033638 secs] [Times: user=0.00 sys=0.00, real=0.01 secs] 
24.130: [GC 24.130: [ParNew
Desired survivor size 1343488 bytes, new threshold 4 (max 4)
- age   1:     315312 bytes,     315312 total
- age   2:     292464 bytes,     607776 total
- age   3:     466400 bytes,    1074176 total
: 17445K->1055K(18624K), 0.0017082 secs] 61549K->45413K(81280K), 0.0017941 secs] [Times: user=0.00 sys=0.00, real=0.00 secs] 
24.143: [GC 24.143: [ParNew
Desired survivor size 1343488 bytes, new threshold 4 (max 4)
- age   1:     269976 bytes,     269976 total
- age   2:     200544 bytes,     470520 total
- age   3:     292424 bytes,     762944 total
- age   4:     466400 bytes,    1229344 total
: 17036K->1204K(18624K), 0.0018568 secs] 61394K->45562K(81280K), 0.0019568 secs] [Times: user=0.00 sys=0.00, real=0.01 secs] 
24.157: [GC 24.157: [ParNew
Desired survivor size 1343488 bytes, new threshold 4 (max 4)
- age   1:     299040 bytes,     299040 total
- age   2:     136192 bytes,     435232 total
- age   3:     200544 bytes,     635776 total
- age   4:     292424 bytes,     928200 total
: 17204K->907K(18624K), 0.0018163 secs] 61562K->45418K(81280K), 0.0019023 secs] [Times: user=0.01 sys=0.00, real=0.00 secs] 
24.172: [GC 24.172: [ParNew
Desired survivor size 1343488 bytes, new threshold 4 (max 4)
- age   1:     473144 bytes,     473144 total
- age   2:     266040 bytes,     739184 total
- age   3:     136152 bytes,     875336 total
- age   4:      30320 bytes,     905656 total
: 16903K->888K(18624K), 0.0016230 secs] 61414K->45685K(81280K), 0.0017291 secs] [Times: user=0.00 sys=0.00, real=0.00 secs] 
24.190: [GC 24.190: [ParNew
Desired survivor size 1343488 bytes, new threshold 4 (max 4)
- age   1:     530968 bytes,     530968 total
- age   3:     266040 bytes,     797008 total
- age   4:     136152 bytes,     933160 total
: 16874K->916K(18624K), 0.0017165 secs] 61671K->45742K(81280K), 0.0018191 secs] [Times: user=0.00 sys=0.00, real=0.00 secs] 
24.203: [GC 24.203: [ParNew
Desired survivor size 1343488 bytes, new threshold 4 (max 4)
- age   1:     193416 bytes,     193416 total
- age   2:     420608 bytes,     614024 total
- age   4:     266040 bytes,     880064 total
: 16912K->867K(18624K), 0.0023523 secs] 61738K->45827K(81280K), 0.0024412 secs] [Times: user=0.00 sys=0.00, real=0.01 secs] 
24.222: [GC 24.222: [ParNew
Desired survivor size 1343488 bytes, new threshold 4 (max 4)
- age   1:     120232 bytes,     120232 total
- age   2:     116128 bytes,     236360 total
- age   3:     124880 bytes,     361240 total
: 16867K->361K(18624K), 0.0016619 secs] 61827K->45580K(81280K), 0.0017748 secs] [Times: user=0.01 sys=0.00, real=0.01 secs] 
24.237: [GC 24.237: [ParNew
Desired survivor size 1343488 bytes, new threshold 4 (max 4)
- age   1:     341640 bytes,     341640 total
- age   2:      53552 bytes,     395192 total
- age   3:      60480 bytes,     455672 total
- age   4:     124880 bytes,     580552 total
: 16320K->579K(18624K), 0.0014387 secs] 61539K->45798K(81280K), 0.0015538 secs] [Times: user=0.00 sys=0.00, real=0.00 secs] 
24.251: [GC 24.251: [ParNew
Desired survivor size 1343488 bytes, new threshold 4 (max 4)
- age   1:     385000 bytes,     385000 total
- age   2:     341616 bytes,     726616 total
- age   3:      53552 bytes,     780168 total
- age   4:      60480 bytes,     840648 total
: 16559K->826K(18624K), 0.0017980 secs] 61778K->46167K(81280K), 0.0019498 secs] [Times: user=0.00 sys=0.00, real=0.00 secs] 
24.266: [GC 24.266: [ParNew
Desired survivor size 1343488 bytes, new threshold 4 (max 4)
- age   1:     348568 bytes,     348568 total
- age   2:     308656 bytes,     657224 total
- age   3:     341616 bytes,     998840 total
- age   4:      53552 bytes,    1052392 total
: 16826K->1037K(18624K), 0.0018942 secs] 62167K->46437K(81280K), 0.0020010 secs] [Times: user=0.01 sys=0.00, real=0.00 secs] 
24.280: [GC 24.280: [ParNew
Desired survivor size 1343488 bytes, new threshold 4 (max 4)
- age   1:     305632 bytes,     305632 total
- age   2:     162856 bytes,     468488 total
- age   3:     172952 bytes,     641440 total
- age   4:     341616 bytes,     983056 total
: 17024K->973K(18624K), 0.0017772 secs] 62424K->46425K(81280K), 0.0019358 secs] [Times: user=0.01 sys=0.00, real=0.00 secs] 
24.292: [GC 24.293: [ParNew
Desired survivor size 1343488 bytes, new threshold 4 (max 4)
- age   1:     364680 bytes,     364680 total
- age   3:     162856 bytes,     527536 total
- age   4:     172952 bytes,     700488 total
: 16922K->690K(18624K), 0.0019119 secs] 62374K->46476K(81280K), 0.0020468 secs] [Times: user=0.00 sys=0.00, real=0.01 secs] 
24.306: [GC 24.306: [ParNew
Desired survivor size 1343488 bytes, new threshold 4 (max 4)
- age   1:     749440 bytes,     749440 total
- age   2:      85008 bytes,     834448 total
- age   4:     162856 bytes,     997304 total
: 16663K->982K(18624K), 0.0018023 secs] 62449K->46937K(81280K), 0.0018854 secs] [Times: user=0.00 sys=0.00, real=0.00 secs] 
24.320: [GC 24.320: [ParNew
Desired survivor size 1343488 bytes, new threshold 4 (max 4)
- age   1:     440048 bytes,     440048 total
- age   2:     237064 bytes,     677112 total
- age   3:      85008 bytes,     762120 total
: 16950K->746K(18624K), 0.0015886 secs] 62905K->46860K(81280K), 0.0016732 secs] [Times: user=0.01 sys=0.00, real=0.00 secs] 
24.333: [GC 24.333: [ParNew
Desired survivor size 1343488 bytes, new threshold 3 (max 4)
- age   1:    1298760 bytes,    1298760 total
- age   3:     237064 bytes,    1535824 total
- age   4:      85008 bytes,    1620832 total
: 16744K->1586K(18624K), 0.0022275 secs] 62858K->47700K(81280K), 0.0023278 secs] [Times: user=0.00 sys=0.00, real=0.01 secs] 
24.350: [GC 24.350: [ParNew
Desired survivor size 1343488 bytes, new threshold 2 (max 4)
- age   1:     644456 bytes,     644456 total
- age   2:    1003904 bytes,    1648360 total
: 17572K->1612K(18624K), 0.0024850 secs] 63686K->47865K(81280K), 0.0025830 secs] [Times: user=0.00 sys=0.00, real=0.00 secs] 
24.365: [GC 24.365: [ParNew
Desired survivor size 1343488 bytes, new threshold 4 (max 4)
- age   1:     459392 bytes,     459392 total
- age   2:     547768 bytes,    1007160 total
: 17572K->985K(18624K), 0.0019769 secs] 63826K->47781K(81280K), 0.0020817 secs] [Times: user=0.00 sys=0.00, real=0.00 secs] 
24.382: [GC 24.382: [ParNew
Desired survivor size 1343488 bytes, new threshold 4 (max 4)
- age   1:     239376 bytes,     239376 total
- age   2:     163648 bytes,     403024 total
- age   3:     547768 bytes,     950792 total
: 16925K->929K(18624K), 0.0014985 secs] 63721K->47725K(81280K), 0.0015839 secs] [Times: user=0.00 sys=0.00, real=0.00 secs] 
24.396: [GC 24.396: [ParNew
Desired survivor size 1343488 bytes, new threshold 4 (max 4)
- age   1:     368776 bytes,     368776 total
- age   2:      65528 bytes,     434304 total
- age   3:     163608 bytes,     597912 total
- age   4:     265280 bytes,     863192 total
: 16929K->845K(18624K), 0.0016685 secs] 63725K->47641K(81280K), 0.0017694 secs] [Times: user=0.00 sys=0.00, real=0.00 secs] 
24.412: [GC 24.412: [ParNew
Desired survivor size 1343488 bytes, new threshold 4 (max 4)
- age   1:     622344 bytes,     622344 total
- age   2:     368296 bytes,     990640 total
- age   3:      63904 bytes,    1054544 total
- age   4:     163496 bytes,    1218040 total
: 16845K->1196K(18624K), 0.0019444 secs] 63641K->48252K(81280K), 0.0020611 secs] [Times: user=0.01 sys=0.00, real=0.00 secs] 
24.426: [GC 24.426: [ParNew
Desired survivor size 1343488 bytes, new threshold 4 (max 4)
- age   1:     315568 bytes,     315568 total
- age   2:     610480 bytes,     926048 total
- age   3:     368296 bytes,    1294344 total
- age   4:      63904 bytes,    1358248 total
: 17193K->1337K(18624K), 0.0018619 secs] 64248K->48393K(81280K), 0.0019509 secs] [Times: user=0.00 sys=0.00, real=0.00 secs] 
24.439: [GC 24.439: [ParNew
Desired survivor size 1343488 bytes, new threshold 4 (max 4)
- age   1:     511912 bytes,     511912 total
- age   2:     266176 bytes,     778088 total
- age   3:     170064 bytes,     948152 total
- age   4:     368296 bytes,    1316448 total
: 17300K->1298K(18624K), 0.0018830 secs] 64356K->48360K(81280K), 0.0019906 secs] [Times: user=0.00 sys=0.00, real=0.00 secs] 
24.455: [GC 24.456: [ParNew
Desired survivor size 1343488 bytes, new threshold 4 (max 4)
- age   1:     352992 bytes,     352992 total
- age   2:      73832 bytes,     426824 total
- age   3:     183168 bytes,     609992 total
- age   4:     170064 bytes,     780056 total
: 17264K->772K(18624K), 0.0016728 secs] 64327K->48194K(81280K), 0.0017748 secs] [Times: user=0.01 sys=0.00, real=0.00 secs] 
24.474: [GC 24.474: [ParNew
Desired survivor size 1343488 bytes, new threshold 4 (max 4)
- age   1:     465488 bytes,     465488 total
- age   2:     285080 bytes,     750568 total
- age   3:      73800 bytes,     824368 total
- age   4:      17248 bytes,     841616 total
: 16772K->831K(18624K), 0.0015614 secs] 64194K->48419K(81280K), 0.0016421 secs] [Times: user=0.01 sys=0.00, real=0.01 secs] 
24.487: [GC 24.487: [ParNew
Desired survivor size 1343488 bytes, new threshold 4 (max 4)
- age   1:     158776 bytes,     158776 total
- age   2:     268424 bytes,     427200 total
- age   3:     285080 bytes,     712280 total
- age   4:      73800 bytes,     786080 total
: 16784K->769K(18624K), 0.0018663 secs] 64372K->48374K(81280K), 0.0019594 secs] [Times: user=0.00 sys=0.00, real=0.00 secs] 
24.502: [GC 24.502: [ParNew
Desired survivor size 1343488 bytes, new threshold 4 (max 4)
- age   1:     150160 bytes,     150160 total
- age   2:      64488 bytes,     214648 total
- age   3:     153936 bytes,     368584 total
- age   4:     285080 bytes,     653664 total
: 16758K->648K(18624K), 0.0015538 secs] 64363K->48325K(81280K), 0.0016485 secs] [Times: user=0.00 sys=0.00, real=0.01 secs] 
24.517: [GC 24.517: [ParNew
Desired survivor size 1343488 bytes, new threshold 4 (max 4)
- age   1:      89688 bytes,      89688 total
- age   2:     124544 bytes,     214232 total
- age   3:      64376 bytes,     278608 total
- age   4:     153936 bytes,     432544 total
: 16621K->438K(18624K), 0.0025365 secs] 64298K->48393K(81280K), 0.0026225 secs] [Times: user=0.00 sys=0.00, real=0.00 secs] 
24.531: [GC 24.531: [ParNew
Desired survivor size 1343488 bytes, new threshold 4 (max 4)
- age   1:     967776 bytes,     967776 total
- age   2:       3624 bytes,     971400 total
- age   3:     124544 bytes,    1095944 total
- age   4:      64376 bytes,    1160320 total
: 16403K->1143K(18624K), 0.0023534 secs] 64358K->49248K(81280K), 0.0024770 secs] [Times: user=0.01 sys=0.00, real=0.00 secs] 
24.546: [GC 24.546: [ParNew
Desired survivor size 1343488 bytes, new threshold 4 (max 4)
- age   1:     315368 bytes,     315368 total
- age   2:     631216 bytes,     946584 total
- age   3:       3624 bytes,     950208 total
- age   4:     124544 bytes,    1074752 total
: 17120K->1058K(18624K), 0.0018043 secs] 65225K->49227K(81280K), 0.0018955 secs] [Times: user=0.01 sys=0.00, real=0.00 secs] 
24.559: [GC 24.559: [ParNew
Desired survivor size 1343488 bytes, new threshold 4 (max 4)
- age   1:     255984 bytes,     255984 total
- age   2:     161600 bytes,     417584 total
- age   3:     521088 bytes,     938672 total
- age   4:       3624 bytes,     942296 total
: 17016K->930K(18624K), 0.0018580 secs] 65185K->49221K(81280K), 0.0019553 secs] [Times: user=0.00 sys=0.00, real=0.00 secs] 
24.574: [GC 24.574: [ParNew
Desired survivor size 1343488 bytes, new threshold 4 (max 4)
- age   1:     657896 bytes,     657896 total
- age   2:      44208 bytes,     702104 total
- age   3:     161600 bytes,     863704 total
- age   4:     521088 bytes,    1384792 total
: 16930K->1355K(18624K), 0.0017731 secs] 65221K->49649K(81280K), 0.0019462 secs] [Times: user=0.00 sys=0.00, real=0.00 secs] 
24.589: [GC 24.589: [ParNew
Desired survivor size 1343488 bytes, new threshold 4 (max 4)
- age   1:     840008 bytes,     840008 total
- age   2:     333712 bytes,    1173720 total
- age   3:      44208 bytes,    1217928 total
- age   4:     161600 bytes,    1379528 total
: 17309K->1350K(18624K), 0.0021265 secs] 65603K->50152K(81280K), 0.0022402 secs] [Times: user=0.00 sys=0.00, real=0.00 secs] 
24.611: [GC 24.611: [ParNew
Desired survivor size 1343488 bytes, new threshold 2 (max 4)
- age   1:     872328 bytes,     872328 total
- age   2:     684072 bytes,    1556400 total
- age   3:     333712 bytes,    1890112 total
- age   4:      44208 bytes,    1934320 total
: 17347K->1890K(18624K), 0.0023205 secs] 66150K->50851K(81280K), 0.0024346 secs] [Times: user=0.01 sys=0.00, real=0.00 secs] 
24.625: [GC 24.626: [ParNew
Desired survivor size 1343488 bytes, new threshold 4 (max 4)
- age   1:     437248 bytes,     437248 total
- age   2:     630368 bytes,    1067616 total
: 17878K->1047K(18624K), 0.0027911 secs] 66838K->51045K(81280K), 0.0029044 secs] [Times: user=0.00 sys=0.00, real=0.00 secs] 
24.640: [GC 24.640: [ParNew
Desired survivor size 1343488 bytes, new threshold 4 (max 4)
- age   1:     350656 bytes,     350656 total
- age   2:     202176 bytes,     552832 total
- age   3:     474464 bytes,    1027296 total
: 17043K->1012K(18624K), 0.0015641 secs] 67040K->51010K(81280K), 0.0016762 secs] [Times: user=0.00 sys=0.00, real=0.00 secs] 
24.653: [GC 24.653: [ParNew
Desired survivor size 1343488 bytes, new threshold 4 (max 4)
- age   1:     334768 bytes,     334768 total
- age   2:      45776 bytes,     380544 total
- age   3:     202176 bytes,     582720 total
- age   4:     474464 bytes,    1057184 total
: 16993K->1038K(18624K), 0.0017427 secs] 66990K->51035K(81280K), 0.0018697 secs] [Times: user=0.01 sys=0.00, real=0.01 secs] 
24.666: [GC 24.666: [ParNew
Desired survivor size 1343488 bytes, new threshold 4 (max 4)
- age   1:     199712 bytes,     199712 total
- age   2:      42336 bytes,     242048 total
- age   4:     202176 bytes,     444224 total
: 17018K->443K(18624K), 0.0023558 secs] 67015K->50904K(81280K), 0.0024544 secs] [Times: user=0.00 sys=0.00, real=0.00 secs] 
24.681: [GC 24.681: [ParNew
Desired survivor size 1343488 bytes, new threshold 4 (max 4)
- age   1:    1105496 bytes,    1105496 total
- age   2:     118016 bytes,    1223512 total
- age   3:      42336 bytes,    1265848 total
: 16300K->1238K(18624K), 0.0019068 secs] 66761K->51897K(81280K), 0.0020170 secs] [Times: user=0.00 sys=0.00, real=0.00 secs] 
24.694: [GC 24.694: [ParNew
Desired survivor size 1343488 bytes, new threshold 4 (max 4)
- age   1:     371008 bytes,     371008 total
- age   2:     699280 bytes,    1070288 total
- age   3:     118016 bytes,    1188304 total
- age   4:      42336 bytes,    1230640 total
: 17184K->1204K(18624K), 0.0018661 secs] 67843K->51862K(81280K), 0.0019660 secs] [Times: user=0.00 sys=0.00, real=0.00 secs] 
24.715: [GC 24.715: [ParNew
Desired survivor size 1343488 bytes, new threshold 4 (max 4)
- age   1:     217664 bytes,     217664 total
- age   2:     198472 bytes,     416136 total
- age   3:     519680 bytes,     935816 total
- age   4:     118016 bytes,    1053832 total
: 17102K->1030K(18624K), 0.0027251 secs] 67760K->51730K(81280K), 0.0028300 secs] [Times: user=0.01 sys=0.00, real=0.00 secs] 
24.729: [GC 24.730: [ParNew
Desired survivor size 1343488 bytes, new threshold 4 (max 4)
- age   1:     169872 bytes,     169872 total
- age   2:     151256 bytes,     321128 total
- age   3:     198472 bytes,     519600 total
- age   4:     411504 bytes,     931104 total
: 17025K->911K(18624K), 0.0018985 secs] 67725K->51726K(81280K), 0.0020164 secs] [Times: user=0.01 sys=0.00, real=0.00 secs] 
24.743: [GC 24.743: [ParNew
Desired survivor size 1343488 bytes, new threshold 4 (max 4)
- age   1:     149952 bytes,     149952 total
- age   2:     128088 bytes,     278040 total
- age   3:     151256 bytes,     429296 total
: 16894K->431K(18624K), 0.0019456 secs] 67709K->51648K(81280K), 0.0020608 secs] [Times: user=0.00 sys=0.00, real=0.01 secs] 
24.758: [GC 24.758: [ParNew
Desired survivor size 1343488 bytes, new threshold 4 (max 4)
- age   1:     949392 bytes,     949392 total
- age   2:     118944 bytes,    1068336 total
- age   3:      73848 bytes,    1142184 total
- age   4:     151176 bytes,    1293360 total
: 16425K->1271K(18624K), 0.0027537 secs] 67642K->52488K(81280K), 0.0028484 secs] [Times: user=0.00 sys=0.00, real=0.00 secs] 
24.776: [GC 24.776: [ParNew
Desired survivor size 1343488 bytes, new threshold 4 (max 4)
- age   1:     456648 bytes,     456648 total
- age   2:     466016 bytes,     922664 total
- age   3:      45904 bytes,     968568 total
- age   4:      73848 bytes,    1042416 total
: 17238K->1031K(18624K), 0.0018120 secs] 68455K->52396K(81280K), 0.0019090 secs] [Times: user=0.00 sys=0.00, real=0.00 secs] 
24.790: [GC 24.790: [ParNew
Desired survivor size 1343488 bytes, new threshold 4 (max 4)
- age   1:     363128 bytes,     363128 total
- age   2:     416544 bytes,     779672 total
- age   3:     295720 bytes,    1075392 total
- age   4:      45624 bytes,    1121016 total
: 16971K->1099K(18624K), 0.0021490 secs] 68336K->52469K(81280K), 0.0022546 secs] [Times: user=0.01 sys=0.00, real=0.00 secs] 
24.803: [GC 24.803: [ParNew
Desired survivor size 1343488 bytes, new threshold 4 (max 4)
- age   1:     212792 bytes,     212792 total
- age   2:     316912 bytes,     529704 total
- age   3:     416544 bytes,     946248 total
- age   4:     295720 bytes,    1241968 total
: 17055K->1214K(18624K), 0.0021294 secs] 68424K->52585K(81280K), 0.0022266 secs] [Times: user=0.00 sys=0.00, real=0.01 secs] 
24.817: [GC 24.817: [ParNew
Desired survivor size 1343488 bytes, new threshold 4 (max 4)
- age   1:     453832 bytes,     453832 total
- age   2:     160696 bytes,     614528 total
- age   3:     316664 bytes,     931192 total
- age   4:     416544 bytes,    1347736 total
: 17201K->1316K(18624K), 0.0028655 secs] 68571K->52975K(81280K), 0.0029628 secs] [Times: user=0.00 sys=0.00, real=0.00 secs] 
24.833: [GC 24.833: [ParNew
Desired survivor size 1343488 bytes, new threshold 4 (max 4)
- age   1:     459672 bytes,     459672 total
- age   2:     339680 bytes,     799352 total
- age   3:     160696 bytes,     960048 total
- age   4:     143504 bytes,    1103552 total
: 17294K->1078K(18624K), 0.0019142 secs] 68953K->52824K(81280K), 0.0020341 secs] [Times: user=0.01 sys=0.01, real=0.01 secs] 
24.856: [GC 24.856: [ParNew
Desired survivor size 1343488 bytes, new threshold 4 (max 4)
- age   1:     281200 bytes,     281200 total
- age   2:     256616 bytes,     537816 total
- age   3:     339680 bytes,     877496 total
- age   4:     160696 bytes,    1038192 total
: 17078K->1017K(18624K), 0.0016857 secs] 68824K->52903K(81280K), 0.0017970 secs] [Times: user=0.00 sys=0.00, real=0.00 secs] 
24.860: [GC [1 CMS-initial-mark: 51885K(62656K)] 54764K(81280K), 0.0010067 secs] [Times: user=0.00 sys=0.00, real=0.00 secs] 
24.861: [CMS-concurrent-mark-start]
24.874: [GC 24.874: [ParNew
Desired survivor size 1343488 bytes, new threshold 4 (max 4)
- age   1:     722296 bytes,     722296 total
- age   2:     281160 bytes,    1003456 total
- age   3:     141680 bytes,    1145136 total
- age   4:     217248 bytes,    1362384 total
: 17017K->1335K(18624K), 0.0019359 secs] 68903K->53274K(81280K), 0.0020151 secs] [Times: user=0.00 sys=0.00, real=0.01 secs] 
24.888: [GC 24.889: [ParNew
Desired survivor size 1343488 bytes, new threshold 4 (max 4)
- age   1:     563096 bytes,     563096 total
- age   2:     460496 bytes,    1023592 total
- age   3:     173072 bytes,    1196664 total
- age   4:     141680 bytes,    1338344 total
: 17333K->1322K(18624K), 0.0020206 secs] 69272K->53473K(81280K), 0.0021341 secs] [Times: user=0.01 sys=0.00, real=0.00 secs] 
24.904: [GC 24.904: [ParNew
Desired survivor size 1343488 bytes, new threshold 4 (max 4)
- age   1:     233216 bytes,     233216 total
- age   2:         88 bytes,     233304 total
- age   3:     460496 bytes,     693800 total
- age   4:     163088 bytes,     856888 total
: 17299K->852K(18624K), 0.0017472 secs] 69450K->53141K(81280K), 0.0018351 secs] [Times: user=0.00 sys=0.00, real=0.01 secs] 
24.919: [GC 24.920: [ParNew
Desired survivor size 1343488 bytes, new threshold 4 (max 4)
- age   1:     457280 bytes,     457280 total
- age   2:     154480 bytes,     611760 total
- age   3:         88 bytes,     611848 total
- age   4:     460496 bytes,    1072344 total
: 16850K->1079K(18624K), 0.0020008 secs] 69139K->53527K(81280K), 0.0020956 secs] [Times: user=0.01 sys=0.00, real=0.00 secs] 
24.936: [GC 24.936: [ParNew
Desired survivor size 1343488 bytes, new threshold 4 (max 4)
- age   1:     295184 bytes,     295184 total
- age   2:     377672 bytes,     672856 total
- age   3:     154480 bytes,     827336 total
- age   4:         88 bytes,     827424 total
: 17074K->812K(18624K), 0.0019812 secs] 69523K->53710K(81280K), 0.0020717 secs] [Times: user=0.01 sys=0.00, real=0.00 secs] 
24.944: [CMS-concurrent-mark: 0.070/0.083 secs] [Times: user=0.15 sys=0.00, real=0.09 secs] 
24.944: [CMS-concurrent-preclean-start]
24.945: [CMS-concurrent-preclean: 0.001/0.001 secs] [Times: user=0.00 sys=0.00, real=0.00 secs] 
24.945: [CMS-concurrent-abortable-preclean-start]
24.952: [GC 24.952: [ParNew
Desired survivor size 1343488 bytes, new threshold 4 (max 4)
- age   1:     663320 bytes,     663320 total
- age   2:      37432 bytes,     700752 total
- age   3:     377672 bytes,    1078424 total
- age   4:     154480 bytes,    1232904 total
: 16756K->1211K(18624K), 0.0022342 secs] 69654K->54109K(81280K), 0.0023491 secs] [Times: user=0.00 sys=0.00, real=0.01 secs] 
24.968: [GC 24.968: [ParNew
Desired survivor size 1343488 bytes, new threshold 4 (max 4)
- age   1:     687288 bytes,     687288 total
- age   2:     200664 bytes,     887952 total
- age   3:      37432 bytes,     925384 total
- age   4:     377672 bytes,    1303056 total
: 17206K->1276K(18624K), 0.0020069 secs] 70105K->54325K(81280K), 0.0021090 secs] [Times: user=0.00 sys=0.00, real=0.00 secs] 
24.981: [GC 24.982: [ParNew
Desired survivor size 1343488 bytes, new threshold 4 (max 4)
- age   1:     584096 bytes,     584096 total
- age   2:     542984 bytes,    1127080 total
- age   3:     200664 bytes,    1327744 total
- age   4:      37432 bytes,    1365176 total
: 17253K->1341K(18624K), 0.0023517 secs] 70303K->54606K(81280K), 0.0024566 secs] [Times: user=0.00 sys=0.00, real=0.01 secs] 
24.996: [GC 24.996: [ParNew
Desired survivor size 1343488 bytes, new threshold 3 (max 4)
- age   1:     539104 bytes,     539104 total
- age   2:     529592 bytes,    1068696 total
- age   3:     542984 bytes,    1611680 total
- age   4:     200664 bytes,    1812344 total
: 17327K->1781K(18624K), 0.0025075 secs] 70592K->55083K(81280K), 0.0025989 secs] [Times: user=0.01 sys=0.00, real=0.00 secs] 
25.014: [GC 25.014: [ParNew
Desired survivor size 1343488 bytes, new threshold 3 (max 4)
- age   1:     440800 bytes,     440800 total
- age   2:     452728 bytes,     893528 total
- age   3:     529592 bytes,    1423120 total
: 17762K->1398K(18624K), 0.0025953 secs] 71064K->55426K(81280K), 0.0026882 secs] [Times: user=0.01 sys=0.00, real=0.00 secs] 
25.030: [GC 25.030: [ParNew
Desired survivor size 1343488 bytes, new threshold 4 (max 4)
- age   1:     559184 bytes,     559184 total
- age   2:     316832 bytes,     876016 total
- age   3:     452728 bytes,    1328744 total
: 17385K->1300K(18624K), 0.0024578 secs] 71413K->55845K(81280K), 0.0025680 secs] [Times: user=0.00 sys=0.00, real=0.00 secs] 
25.045: [GC 25.045: [ParNew
Desired survivor size 1343488 bytes, new threshold 4 (max 4)
- age   1:     365096 bytes,     365096 total
- age   2:     499408 bytes,     864504 total
- age   3:     316832 bytes,    1181336 total
- age   4:     452728 bytes,    1634064 total
: 17197K->1598K(18624K), 0.0023488 secs] 71742K->56143K(81280K), 0.0025309 secs] [Times: user=0.00 sys=0.00, real=0.00 secs] 
25.063: [GC 25.064: [ParNew
Desired survivor size 1343488 bytes, new threshold 4 (max 4)
- age   1:     295360 bytes,     295360 total
- age   2:     246360 bytes,     541720 total
- age   3:     499376 bytes,    1041096 total
- age   4:     218224 bytes,    1259320 total
: 17598K->1231K(18624K), 0.0021654 secs] 72143K->56086K(81280K), 0.0023043 secs] [Times: user=0.01 sys=0.00, real=0.01 secs] 
25.079: [GC 25.079: [ParNew
Desired survivor size 1343488 bytes, new threshold 4 (max 4)
- age   1:     819608 bytes,     819608 total
- age   2:     171432 bytes,     991040 total
- age   3:     246328 bytes,    1237368 total
- age   4:     341472 bytes,    1578840 total
: 17220K->1544K(18624K), 0.0027771 secs] 72075K->56595K(81280K), 0.0028979 secs] [Times: user=0.00 sys=0.00, real=0.00 secs] 
25.096: [GC 25.097: [ParNew
Desired survivor size 1343488 bytes, new threshold 3 (max 4)
- age   1:     509416 bytes,     509416 total
- age   2:     758184 bytes,    1267600 total
- age   3:     171432 bytes,    1439032 total
: 17532K->1408K(18624K), 0.0022879 secs] 72583K->56792K(81280K), 0.0024019 secs] [Times: user=0.01 sys=0.00, real=0.00 secs] 
25.110: [GC 25.110: [ParNew
Desired survivor size 1343488 bytes, new threshold 4 (max 4)
- age   1:     201256 bytes,     201256 total
- age   2:     450280 bytes,     651536 total
- age   3:     564712 bytes,    1216248 total
: 17390K->1191K(18624K), 0.0021825 secs] 72775K->56743K(81280K), 0.0022815 secs] [Times: user=0.00 sys=0.00, real=0.00 secs] 
25.125: [GC 25.125: [ParNew
Desired survivor size 1343488 bytes, new threshold 4 (max 4)
- age   1:     489216 bytes,     489216 total
- age   3:     450280 bytes,     939496 total
- age   4:     325664 bytes,    1265160 total
: 17174K->1238K(18624K), 0.0021810 secs] 72726K->56790K(81280K), 0.0022749 secs] [Times: user=0.00 sys=0.00, real=0.00 secs] 
25.138: [GC 25.138: [ParNew
Desired survivor size 1343488 bytes, new threshold 4 (max 4)
- age   1:     150608 bytes,     150608 total
- age   2:     274008 bytes,     424616 total
- age   4:     450280 bytes,     874896 total
: 17126K->861K(18624K), 0.0027962 secs] 72678K->56731K(81280K), 0.0028905 secs] [Times: user=0.00 sys=0.01, real=0.00 secs] 
25.153: [GC 25.153: [ParNew
Desired survivor size 1343488 bytes, new threshold 4 (max 4)
- age   1:     277264 bytes,     277264 total
- age   2:      71656 bytes,     348920 total
- age   3:     274008 bytes,     622928 total
: 16840K->612K(18624K), 0.0018972 secs] 72710K->56723K(81280K), 0.0019880 secs] [Times: user=0.01 sys=0.00, real=0.01 secs] 
25.166: [GC 25.166: [ParNew
Desired survivor size 1343488 bytes, new threshold 4 (max 4)
- age   1:     438560 bytes,     438560 total
- age   2:     204720 bytes,     643280 total
- age   3:      71656 bytes,     714936 total
- age   4:     274008 bytes,     988944 total
: 16571K->969K(18624K), 0.0031927 secs] 72682K->57079K(81280K), 0.0033086 secs] [Times: user=0.00 sys=0.00, real=0.00 secs] 
25.180: [GC 25.180: [ParNew
Desired survivor size 1343488 bytes, new threshold 4 (max 4)
- age   1:     631112 bytes,     631112 total
- age   2:     255104 bytes,     886216 total
- age   3:     204720 bytes,    1090936 total
- age   4:      71656 bytes,    1162592 total
: 16938K->1139K(18624K), 0.0022454 secs] 73049K->57517K(81280K), 0.0023414 secs] [Times: user=0.00 sys=0.00, real=0.00 secs] 
25.198: [GC 25.198: [ParNew
Desired survivor size 1343488 bytes, new threshold 4 (max 4)
- age   1:     385192 bytes,     385192 total
- age   2:     186832 bytes,     572024 total
- age   3:     181136 bytes,     753160 total
- age   4:     183744 bytes,     936904 total
: 17139K->916K(18624K), 0.0029425 secs] 73517K->57364K(81280K), 0.0030292 secs] [Times: user=0.00 sys=0.00, real=0.00 secs] 
25.215: [GC 25.215: [ParNew
Desired survivor size 1343488 bytes, new threshold 4 (max 4)
- age   1:     552488 bytes,     552488 total
- age   2:     334256 bytes,     886744 total
- age   3:     186832 bytes,    1073576 total
- age   4:     181136 bytes,    1254712 total
: 16915K->1227K(18624K), 0.0021756 secs] 73363K->57854K(81280K), 0.0023253 secs] [Times: user=0.00 sys=0.01, real=0.00 secs] 
25.229: [GC 25.229: [ParNew
Desired survivor size 1343488 bytes, new threshold 4 (max 4)
- age   1:     297328 bytes,     297328 total
- age   2:     280144 bytes,     577472 total
- age   3:     242720 bytes,     820192 total
- age   4:     186832 bytes,    1007024 total
: 17209K->999K(18624K), 0.0028042 secs] 73837K->57803K(81280K), 0.0029027 secs] [Times: user=0.00 sys=0.00, real=0.00 secs] 
25.242: [GC 25.243: [ParNew
Desired survivor size 1343488 bytes, new threshold 4 (max 4)
- age   1:     813248 bytes,     813248 total
- age   2:     120576 bytes,     933824 total
- age   3:     280144 bytes,    1213968 total
- age   4:     242720 bytes,    1456688 total
: 16973K->1426K(18624K), 0.0025199 secs] 73778K->58349K(81280K), 0.0026185 secs] [Times: user=0.01 sys=0.00, real=0.01 secs] 
25.256: [GC 25.256: [ParNew
Desired survivor size 1343488 bytes, new threshold 4 (max 4)
- age   1:     199936 bytes,     199936 total
- age   2:     689984 bytes,     889920 total
- age   3:     120576 bytes,    1010496 total
- age   4:     280144 bytes,    1290640 total
: 17369K->1273K(18624K), 0.0023488 secs] 74292K->58434K(81280K), 0.0024431 secs] [Times: user=0.00 sys=0.00, real=0.00 secs] 
25.271: [GC 25.271: [ParNew
Desired survivor size 1343488 bytes, new threshold 4 (max 4)
- age   1:     438024 bytes,     438024 total
- age   2:     139752 bytes,     577776 total
- age   3:      79576 bytes,     657352 total
- age   4:     120576 bytes,     777928 total
: 17243K->763K(18624K), 0.0018563 secs] 74403K->58197K(81280K), 0.0019459 secs] [Times: user=0.00 sys=0.00, real=0.00 secs] 
25.284: [GC 25.284: [ParNew
Desired survivor size 1343488 bytes, new threshold 4 (max 4)
- age   1:     295600 bytes,     295600 total
- age   2:      81280 bytes,     376880 total
- age   3:     139752 bytes,     516632 total
- age   4:      79576 bytes,     596208 total
: 16722K->585K(18624K), 0.0017468 secs] 74156K->58137K(81280K), 0.0018610 secs] [Times: user=0.00 sys=0.00, real=0.00 secs] 
25.299: [GC 25.299: [ParNew
Desired survivor size 1343488 bytes, new threshold 4 (max 4)
- age   1:     331144 bytes,     331144 total
- age   2:     219592 bytes,     550736 total
- age   3:      81280 bytes,     632016 total
- age   4:     139752 bytes,     771768 total
: 16555K->755K(18624K), 0.0014353 secs] 74107K->58384K(81280K), 0.0015243 secs] [Times: user=0.01 sys=0.00, real=0.00 secs] 
25.312: [GC 25.312: [ParNew
Desired survivor size 1343488 bytes, new threshold 4 (max 4)
- age   1:     117936 bytes,     117936 total
- age   2:      66696 bytes,     184632 total
- age   3:     219592 bytes,     404224 total
- age   4:      81280 bytes,     485504 total
: 16735K->475K(18624K), 0.0018667 secs] 74365K->58241K(81280K), 0.0019561 secs] [Times: user=0.01 sys=0.00, real=0.00 secs] 
25.326: [GC 25.326: [ParNew
Desired survivor size 1343488 bytes, new threshold 4 (max 4)
- age   1:     173944 bytes,     173944 total
- age   2:      35152 bytes,     209096 total
- age   3:      29496 bytes,     238592 total
- age   4:     219592 bytes,     458184 total
: 16424K->450K(18624K), 0.0014790 secs] 74190K->58295K(81280K), 0.0015684 secs] [Times: user=0.00 sys=0.00, real=0.00 secs] 
25.340: [GC 25.340: [ParNew
Desired survivor size 1343488 bytes, new threshold 4 (max 4)
- age   1:     338672 bytes,     338672 total
- age   2:       2560 bytes,     341232 total
- age   3:      35152 bytes,     376384 total
- age   4:      29496 bytes,     405880 total
: 16426K->398K(18624K), 0.0020075 secs] 74271K->58458K(81280K), 0.0020981 secs] [Times: user=0.00 sys=0.00, real=0.00 secs] 
25.354: [GC 25.354: [ParNew
Desired survivor size 1343488 bytes, new threshold 4 (max 4)
- age   1:     550104 bytes,     550104 total
- age   2:       1840 bytes,     551944 total
- age   3:       2560 bytes,     554504 total
- age   4:      35152 bytes,     589656 total
: 16398K->578K(18624K), 0.0016082 secs] 74458K->58666K(81280K), 0.0017007 secs] [Times: user=0.01 sys=0.00, real=0.00 secs] 
25.367: [GC 25.367: [ParNew
Desired survivor size 1343488 bytes, new threshold 2 (max 4)
- age   1:     982368 bytes,     982368 total
- age   2:     449152 bytes,    1431520 total
- age   3:       1840 bytes,    1433360 total
- age   4:       2560 bytes,    1435920 total
: 16546K->1406K(18624K), 0.0031100 secs] 74634K->59529K(81280K), 0.0032177 secs] [Times: user=0.00 sys=0.00, real=0.00 secs] 
25.381: [GC 25.382: [ParNew
Desired survivor size 1343488 bytes, new threshold 4 (max 4)
- age   1:     172848 bytes,     172848 total
- age   2:     898360 bytes,    1071208 total
: 17318K->1059K(18624K), 0.0024327 secs] 75440K->59459K(81280K), 0.0025292 secs] [Times: user=0.00 sys=0.00, real=0.01 secs] 
25.400: [GC 25.400: [ParNew
Desired survivor size 1343488 bytes, new threshold 4 (max 4)
- age   1:     391240 bytes,     391240 total
- age   3:     798000 bytes,    1189240 total
: 17050K->1163K(18624K), 0.0027559 secs] 75450K->59564K(81280K), 0.0028588 secs] [Times: user=0.00 sys=0.00, real=0.00 secs] 
25.416: [GC 25.416: [ParNew
Desired survivor size 1343488 bytes, new threshold 4 (max 4)
- age   1:     271792 bytes,     271792 total
- age   2:     327448 bytes,     599240 total
- age   4:     683592 bytes,    1282832 total
: 17147K->1255K(18624K), 0.0020167 secs] 75547K->59655K(81280K), 0.0021143 secs] [Times: user=0.00 sys=0.00, real=0.00 secs] 
25.431: [GC 25.431: [ParNew
Desired survivor size 1343488 bytes, new threshold 4 (max 4)
- age   1:     428120 bytes,     428120 total
- age   3:     327448 bytes,     755568 total
: 17228K->740K(18624K), 0.0021405 secs] 75628K->59595K(81280K), 0.0022527 secs] [Times: user=0.01 sys=0.00, real=0.00 secs] 
25.444: [GC 25.445: [ParNew
Desired survivor size 1343488 bytes, new threshold 4 (max 4)
- age   1:     170656 bytes,     170656 total
- age   2:     375784 bytes,     546440 total
- age   4:     327448 bytes,     873888 total
: 16737K->855K(18624K), 0.0017571 secs] 75592K->59710K(81280K), 0.0018533 secs] [Times: user=0.00 sys=0.00, real=0.00 secs] 
25.458: [GC 25.458: [ParNew
Desired survivor size 1343488 bytes, new threshold 4 (max 4)
- age   1:     588880 bytes,     588880 total
- age   2:     113552 bytes,     702432 total
- age   3:     375784 bytes,    1078216 total
: 16826K->1056K(18624K), 0.0024808 secs] 75681K->60193K(81280K), 0.0025669 secs] [Times: user=0.00 sys=0.00, real=0.00 secs] 
25.478: [GC 25.478: [ParNew
Desired survivor size 1343488 bytes, new threshold 4 (max 4)
- age   1:     219648 bytes,     219648 total
- age   2:     313696 bytes,     533344 total
- age   3:     113552 bytes,     646896 total
- age   4:     375784 bytes,    1022680 total
: 17056K->1001K(18624K), 0.0018485 secs] 76193K->60138K(81280K), 0.0019364 secs] [Times: user=0.00 sys=0.00, real=0.00 secs] 
25.491: [GC 25.491: [ParNew
Desired survivor size 1343488 bytes, new threshold 4 (max 4)
- age   1:     140056 bytes,     140056 total
- age   2:     219648 bytes,     359704 total
- age   3:     313664 bytes,     673368 total
- age   4:     113552 bytes,     786920 total
: 16998K->775K(18624K), 0.0019994 secs] 76135K->59983K(81280K), 0.0020925 secs] [Times: user=0.00 sys=0.00, real=0.00 secs] 
25.504: [GC 25.504: [ParNew
Desired survivor size 1343488 bytes, new threshold 4 (max 4)
- age   1:     710584 bytes,     710584 total
- age   2:     139968 bytes,     850552 total
- age   3:     219648 bytes,    1070200 total
- age   4:     313664 bytes,    1383864 total
: 16707K->1357K(18624K), 0.0023249 secs] 75915K->60676K(81280K), 0.0024515 secs] [Times: user=0.00 sys=0.00, real=0.00 secs] 
25.519: [GC 25.519: [ParNew
Desired survivor size 1343488 bytes, new threshold 3 (max 4)
- age   1:     994016 bytes,     994016 total
- age   2:     307552 bytes,    1301568 total
- age   3:     139968 bytes,    1441536 total
- age   4:     219648 bytes,    1661184 total
: 17338K->1630K(18624K), 0.0046660 secs] 76657K->61255K(81280K), 0.0047625 secs] [Times: user=0.01 sys=0.00, real=0.00 secs] 
25.536: [GC 25.536: [ParNew
Desired survivor size 1343488 bytes, new threshold 4 (max 4)
- age   1:     361112 bytes,     361112 total
- age   2:     187360 bytes,     548472 total
- age   3:     234520 bytes,     782992 total
: 17563K->782K(18624K), 0.0023793 secs] 77188K->60758K(81280K), 0.0025325 secs] [Times: user=0.00 sys=0.00, real=0.00 secs] 
25.550: [GC 25.550: [ParNew
Desired survivor size 1343488 bytes, new threshold 4 (max 4)
- age   1:     622928 bytes,     622928 total
- age   2:     241792 bytes,     864720 total
- age   3:     157328 bytes,    1022048 total
- age   4:     234520 bytes,    1256568 total
: 16761K->1231K(18624K), 0.0020857 secs] 76737K->61207K(81280K), 0.0021904 secs] [Times: user=0.00 sys=0.00, real=0.00 secs] 
25.563: [GC 25.563: [ParNew
Desired survivor size 1343488 bytes, new threshold 4 (max 4)
- age   1:     326656 bytes,     326656 total
- age   2:     418656 bytes,     745312 total
- age   3:     168016 bytes,     913328 total
- age   4:     157328 bytes,    1070656 total
: 17227K->1049K(18624K), 0.0022601 secs] 77204K->61254K(81280K), 0.0023627 secs] [Times: user=0.01 sys=0.00, real=0.01 secs] 
25.579: [GC 25.579: [ParNew
Desired survivor size 1343488 bytes, new threshold 4 (max 4)
- age   1:     585960 bytes,     585960 total
- age   2:     170608 bytes,     756568 total
- age   3:     418656 bytes,    1175224 total
: 17015K->1151K(18624K), 0.0022238 secs] 77220K->61510K(81280K), 0.0023388 secs] [Times: user=0.01 sys=0.00, real=0.00 secs] 
25.595: [GC 25.595: [ParNew
Desired survivor size 1343488 bytes, new threshold 4 (max 4)
- age   1:     554168 bytes,     554168 total
- age   2:     239592 bytes,     793760 total
- age   3:     170608 bytes,     964368 total
- age   4:     418656 bytes,    1383024 total
: 17098K->1353K(18624K), 0.0032950 secs] 77457K->61712K(81280K), 0.0033943 secs] [Times: user=0.01 sys=0.00, real=0.00 secs] 
25.613: [GC 25.613: [ParNew
Desired survivor size 1343488 bytes, new threshold 1 (max 4)
- age   1:    1439336 bytes,    1439336 total
- age   2:     500824 bytes,    1940160 total
- age   4:     170608 bytes,    2110768 total
: 17353K->2063K(18624K), 0.0035875 secs] 77712K->62831K(81664K), 0.0036879 secs] [Times: user=0.00 sys=0.00, real=0.01 secs] 
25.634: [GC 25.634: [ParNew
Desired survivor size 1343488 bytes, new threshold 4 (max 4)
- age   1:      41776 bytes,      41776 total
: 18060K->44K(18624K), 0.0058665 secs] 78828K->62626K(83392K), 0.0059734 secs] [Times: user=0.01 sys=0.00, real=0.00 secs] 
25.646: [CMS-concurrent-abortable-preclean: 0.028/0.701 secs] [Times: user=1.06 sys=0.06, real=0.70 secs] 
25.650: [GC[YG occupancy: 13744 K (18624 K)]25.650: [Rescan (parallel) , 0.0013444 secs]25.651: [weak refs processing, 0.0000429 secs] [1 CMS-remark: 62581K(64768K)] 76326K(83392K), 0.0014670 secs] [Times: user=0.00 sys=0.00, real=0.00 secs] 
25.652: [CMS-concurrent-sweep-start]
25.658: [GC 25.659: [ParNew
Desired survivor size 1343488 bytes, new threshold 4 (max 4)
- age   1:     590504 bytes,     590504 total
- age   2:      21688 bytes,     612192 total
: 16044K->600K(18624K), 0.0012247 secs] 78599K->63155K(83392K), 0.0012911 secs] [Times: user=0.00 sys=0.00, real=0.00 secs] 
25.677: [CMS-concurrent-sweep: 0.009/0.025 secs] [Times: user=0.04 sys=0.00, real=0.03 secs] 
25.677: [GC 25.677: [ParNew
Desired survivor size 1343488 bytes, new threshold 4 (max 4)
- age   1:     208984 bytes,     208984 total
- age   2:     590464 bytes,     799448 total
- age   3:      20856 bytes,     820304 total
: 16588K->805K(18624K), 0.0021112 secs] 34507K->18724K(83392K), 0.0022013 secs] [Times: user=0.00 sys=0.00, real=0.00 secs] 
25.691: [GC 25.691: [ParNew
Desired survivor size 1343488 bytes, new threshold 4 (max 4)
- age   1:     156016 bytes,     156016 total
- age   2:      91104 bytes,     247120 total
- age   3:     590464 bytes,     837584 total
- age   4:      20856 bytes,     858440 total
: 16804K->852K(18624K), 0.0020522 secs] 34723K->18771K(83392K), 0.0021490 secs] [Times: user=0.01 sys=0.00, real=0.00 secs] 
25.709: [GC 25.709: [ParNew
Desired survivor size 1343488 bytes, new threshold 4 (max 4)
- age   1:     357280 bytes,     357280 total
- age   2:     113160 bytes,     470440 total
- age   3:      91072 bytes,     561512 total
- age   4:     590464 bytes,    1151976 total
: 16852K->1138K(18624K), 0.0018780 secs] 34771K->19076K(83392K), 0.0020324 secs] [Times: user=0.01 sys=0.00, real=0.00 secs] 
25.717: [CMS-concurrent-reset-start]
25.718: [CMS-concurrent-reset: 0.001/0.001 secs] [Times: user=0.00 sys=0.00, real=0.00 secs] 
25.723: [GC 25.724: [ParNew
Desired survivor size 1343488 bytes, new threshold 4 (max 4)
- age   1:     218104 bytes,     218104 total
- age   2:     218928 bytes,     437032 total
- age   3:       6224 bytes,     443256 total
- age   4:      91072 bytes,     534328 total
: 17094K->528K(18624K), 0.0021302 secs] 35033K->19043K(83392K), 0.0022360 secs] [Times: user=0.00 sys=0.00, real=0.01 secs] 
25.737: [GC 25.738: [ParNew
Desired survivor size 1343488 bytes, new threshold 4 (max 4)
- age   1:     744008 bytes,     744008 total
- age   2:     152920 bytes,     896928 total
- age   3:     218928 bytes,    1115856 total
- age   4:       6224 bytes,    1122080 total
: 16496K->1113K(18624K), 0.0018521 secs] 35012K->19717K(83392K), 0.0019534 secs] [Times: user=0.00 sys=0.00, real=0.00 secs] 
25.751: [GC 25.751: [ParNew
Desired survivor size 1343488 bytes, new threshold 4 (max 4)
- age   1:     105160 bytes,     105160 total
- age   2:     457640 bytes,     562800 total
- age   3:     152920 bytes,     715720 total
- age   4:     218928 bytes,     934648 total
: 17084K->917K(18624K), 0.0017443 secs] 35688K->19527K(83392K), 0.0018465 secs] [Times: user=0.01 sys=0.00, real=0.00 secs] 
25.764: [GC 25.764: [ParNew
Desired survivor size 1343488 bytes, new threshold 4 (max 4)
- age   1:     693792 bytes,     693792 total
- age   2:      53376 bytes,     747168 total
- age   3:     457640 bytes,    1204808 total
- age   4:     152920 bytes,    1357728 total
: 16885K->1330K(18624K), 0.0022855 secs] 35496K->20154K(83392K), 0.0023937 secs] [Times: user=0.00 sys=0.00, real=0.01 secs] 
25.778: [GC 25.778: [ParNew
Desired survivor size 1343488 bytes, new threshold 2 (max 4)
- age   1:     757872 bytes,     757872 total
- age   2:     666864 bytes,    1424736 total
- age   3:      53376 bytes,    1478112 total
- age   4:     457640 bytes,    1935752 total
: 17314K->1893K(18624K), 0.0028113 secs] 36138K->20867K(83392K), 0.0029405 secs] [Times: user=0.00 sys=0.00, real=0.00 secs] 
25.793: [GC 25.793: [ParNew
Desired survivor size 1343488 bytes, new threshold 4 (max 4)
- age   1:     396552 bytes,     396552 total
- age   2:     363984 bytes,     760536 total
: 17861K->746K(18624K), 0.0025516 secs] 36835K->20866K(83392K), 0.0026759 secs] [Times: user=0.01 sys=0.00, real=0.01 secs] 
25.809: [GC 25.809: [ParNew
Desired survivor size 1343488 bytes, new threshold 4 (max 4)
- age   1:     475872 bytes,     475872 total
- age   2:     263144 bytes,     739016 total
- age   3:     363984 bytes,    1103000 total
: 16699K->1080K(18624K), 0.0016387 secs] 36820K->21201K(83392K), 0.0017580 secs] [Times: user=0.01 sys=0.00, real=0.00 secs] 
25.824: [GC 25.824: [ParNew
Desired survivor size 1343488 bytes, new threshold 4 (max 4)
- age   1:     389120 bytes,     389120 total
- age   2:     391696 bytes,     780816 total
- age   3:     263144 bytes,    1043960 total
- age   4:     363984 bytes,    1407944 total
: 17064K->1378K(18624K), 0.0016196 secs] 37185K->21498K(83392K), 0.0017064 secs] [Times: user=0.00 sys=0.00, real=0.01 secs] 
25.843: [GC 25.844: [ParNew
Desired survivor size 1343488 bytes, new threshold 4 (max 4)
- age   1:     273256 bytes,     273256 total
- age   2:     235128 bytes,     508384 total
- age   3:     358968 bytes,     867352 total
- age   4:      76640 bytes,     943992 total
: 17362K->924K(18624K), 0.0020777 secs] 37483K->21400K(83392K), 0.0021976 secs] [Times: user=0.00 sys=0.00, real=0.01 secs] 
25.858: [GC 25.858: [ParNew
Desired survivor size 1343488 bytes, new threshold 4 (max 4)
- age   1:     122568 bytes,     122568 total
- age   2:     144432 bytes,     267000 total
- age   3:     235128 bytes,     502128 total
- age   4:     358968 bytes,     861096 total
: 16924K->843K(18624K), 0.0017872 secs] 37400K->21394K(83392K), 0.0019476 secs] [Times: user=0.00 sys=0.00, real=0.00 secs] 
25.873: [GC 25.873: [ParNew
Desired survivor size 1343488 bytes, new threshold 4 (max 4)
- age   1:     537632 bytes,     537632 total
- age   2:      87376 bytes,     625008 total
- age   3:     144392 bytes,     769400 total
- age   4:     235128 bytes,    1004528 total
: 16796K->984K(18624K), 0.0016353 secs] 37347K->21760K(83392K), 0.0017196 secs] [Times: user=0.00 sys=0.00, real=0.01 secs] 
25.886: [GC 25.886: [ParNew
Desired survivor size 1343488 bytes, new threshold 4 (max 4)
- age   1:     680632 bytes,     680632 total
- age   2:     286432 bytes,     967064 total
- age   3:      24496 bytes,     991560 total
- age   4:     144392 bytes,    1135952 total
: 16949K->1114K(18624K), 0.0020809 secs] 37725K->22120K(83392K), 0.0022227 secs] [Times: user=0.00 sys=0.00, real=0.00 secs] 
25.901: [GC 25.901: [ParNew
Desired survivor size 1343488 bytes, new threshold 2 (max 4)
- age   1:    1045576 bytes,    1045576 total
- age   2:     360608 bytes,    1406184 total
- age   3:      76304 bytes,    1482488 total
- age   4:      24496 bytes,    1506984 total
: 17069K->1484K(18624K), 0.0025110 secs] 38075K->22631K(83392K), 0.0026608 secs] [Times: user=0.01 sys=0.00, real=0.00 secs] 
25.916: [GC 25.916: [ParNew
Desired survivor size 1343488 bytes, new threshold 4 (max 4)
- age   1:     274640 bytes,     274640 total
- age   2:     760368 bytes,    1035008 total
: 17468K->1015K(18624K), 0.0021922 secs] 38615K->22517K(83392K), 0.0023013 secs] [Times: user=0.00 sys=0.00, real=0.00 secs] 
25.930: [GC 25.930: [ParNew
Desired survivor size 1343488 bytes, new threshold 3 (max 4)
- age   1:     665576 bytes,     665576 total
- age   2:     221584 bytes,     887160 total
- age   3:     493016 bytes,    1380176 total
: 17003K->1351K(18624K), 0.0019367 secs] 38505K->22853K(83392K), 0.0020740 secs] [Times: user=0.00 sys=0.00, real=0.00 secs] 
25.944: [GC 25.944: [ParNew
Desired survivor size 1343488 bytes, new threshold 4 (max 4)
- age   1:     129352 bytes,     129352 total
- age   2:     551416 bytes,     680768 total
- age   3:     221584 bytes,     902352 total
: 17323K->884K(18624K), 0.0021694 secs] 38825K->22867K(83392K), 0.0022642 secs] [Times: user=0.00 sys=0.00, real=0.00 secs] 
25.958: [GC 25.958: [ParNew
Desired survivor size 1343488 bytes, new threshold 4 (max 4)
- age   1:     287976 bytes,     287976 total
- age   2:      69624 bytes,     357600 total
- age   3:     167208 bytes,     524808 total
- age   4:     221584 bytes,     746392 total
: 16873K->731K(18624K), 0.0014912 secs] 38857K->22714K(83392K), 0.0016357 secs] [Times: user=0.01 sys=0.00, real=0.00 secs] 
25.971: [GC 25.972: [ParNew
Desired survivor size 1343488 bytes, new threshold 4 (max 4)
- age   1:     370096 bytes,     370096 total
- age   2:      88656 bytes,     458752 total
- age   3:       7336 bytes,     466088 total
- age   4:     167208 bytes,     633296 total
: 16699K->622K(18624K), 0.0015452 secs] 38683K->22822K(83392K), 0.0016344 secs] [Times: user=0.01 sys=0.00, real=0.00 secs] 
25.984: [GC 25.984: [ParNew
Desired survivor size 1343488 bytes, new threshold 4 (max 4)
- age   1:     215904 bytes,     215904 total
- age   2:     315592 bytes,     531496 total
- age   4:       7336 bytes,     538832 total
: 16612K->528K(18624K), 0.0020194 secs] 38812K->22891K(83392K), 0.0021368 secs] [Times: user=0.00 sys=0.00, real=0.00 secs] 
25.998: [GC 25.999: [ParNew
Desired survivor size 1343488 bytes, new threshold 4 (max 4)
- age   1:     605344 bytes,     605344 total
- age   2:     157616 bytes,     762960 total
- age   3:     315592 bytes,    1078552 total
: 16476K->1056K(18624K), 0.0016543 secs] 38839K->23427K(83392K), 0.0017419 secs] [Times: user=0.00 sys=0.00, real=0.00 secs] 
26.011: [GC 26.011: [ParNew
Desired survivor size 1343488 bytes, new threshold 4 (max 4)
- age   1:     330528 bytes,     330528 total
- age   2:     207104 bytes,     537632 total
- age   3:     157616 bytes,     695248 total
- age   4:     315592 bytes,    1010840 total
: 17056K->990K(18624K), 0.0018304 secs] 39427K->23360K(83392K), 0.0019837 secs] [Times: user=0.00 sys=0.00, real=0.00 secs] 
26.026: [GC 26.026: [ParNew
Desired survivor size 1343488 bytes, new threshold 4 (max 4)
- age   1:     397560 bytes,     397560 total
- age   2:     133600 bytes,     531160 total
- age   3:     207104 bytes,     738264 total
- age   4:     157616 bytes,     895880 total
: 16982K->878K(18624K), 0.0018523 secs] 39352K->23556K(83392K), 0.0019532 secs] [Times: user=0.00 sys=0.00, real=0.00 secs] 
26.040: [GC 26.040: [ParNew
Desired survivor size 1343488 bytes, new threshold 3 (max 4)
- age   1:    1053472 bytes,    1053472 total
- age   2:     254792 bytes,    1308264 total
- age   3:     133600 bytes,    1441864 total
- age   4:     207104 bytes,    1648968 total
: 16846K->1613K(18624K), 0.0023363 secs] 39524K->24446K(83392K), 0.0024444 secs] [Times: user=0.01 sys=0.00, real=0.00 secs] 
26.055: [GC 26.055: [ParNew
Desired survivor size 1343488 bytes, new threshold 2 (max 4)
- age   1:     518584 bytes,     518584 total
- age   2:     984504 bytes,    1503088 total
- age   3:     254792 bytes,    1757880 total
: 17611K->1718K(18624K), 0.0027860 secs] 40444K->24883K(83392K), 0.0028808 secs] [Times: user=0.00 sys=0.00, real=0.00 secs] 
26.074: [GC 26.074: [ParNew
Desired survivor size 1343488 bytes, new threshold 4 (max 4)
- age   1:     727448 bytes,     727448 total
- age   2:     446056 bytes,    1173504 total
: 17706K->1148K(18624K), 0.0021046 secs] 40871K->24958K(83392K), 0.0022002 secs] [Times: user=0.00 sys=0.00, real=0.00 secs] 
26.092: [GC 26.093: [ParNew
Desired survivor size 1343488 bytes, new threshold 4 (max 4)
- age   1:     585944 bytes,     585944 total
- age   2:     321664 bytes,     907608 total
- age   3:     400152 bytes,    1307760 total
: 17129K->1278K(18624K), 0.0018346 secs] 40939K->25088K(83392K), 0.0019439 secs] [Times: user=0.00 sys=0.00, real=0.01 secs] 
26.106: [GC 26.106: [ParNew
Desired survivor size 1343488 bytes, new threshold 4 (max 4)
- age   1:     489384 bytes,     489384 total
- age   2:     495624 bytes,     985008 total
- age   3:     240544 bytes,    1225552 total
- age   4:     400152 bytes,    1625704 total
: 17258K->1591K(18624K), 0.0023494 secs] 41068K->25401K(83392K), 0.0024695 secs] [Times: user=0.00 sys=0.00, real=0.00 secs] 
26.120: [GC 26.120: [ParNew
Desired survivor size 1343488 bytes, new threshold 3 (max 4)
- age   1:     619504 bytes,     619504 total
- age   2:     421280 bytes,    1040784 total
- age   3:     495624 bytes,    1536408 total
- age   4:     240544 bytes,    1776952 total
: 17580K->1741K(18624K), 0.0026060 secs] 41390K->25941K(83392K), 0.0027092 secs] [Times: user=0.01 sys=0.00, real=0.00 secs] 
26.136: [GC 26.136: [ParNew
Desired survivor size 1343488 bytes, new threshold 3 (max 4)
- age   1:     721440 bytes,     721440 total
- age   2:     554552 bytes,    1275992 total
- age   3:     421280 bytes,    1697272 total
: 17738K->1659K(18624K), 0.0031702 secs] 41938K->26578K(83392K), 0.0033070 secs] [Times: user=0.00 sys=0.00, real=0.00 secs] 
26.151: [GC 26.151: [ParNew
Desired survivor size 1343488 bytes, new threshold 3 (max 4)
- age   1:     668208 bytes,     668208 total
- age   2:     638976 bytes,    1307184 total
- age   3:     320376 bytes,    1627560 total
: 17640K->1598K(18624K), 0.0028377 secs] 42559K->26928K(83392K), 0.0029634 secs] [Times: user=0.01 sys=0.00, real=0.00 secs] 
26.165: [GC 26.165: [ParNew
Desired survivor size 1343488 bytes, new threshold 3 (max 4)
- age   1:     190936 bytes,     190936 total
- age   2:     657512 bytes,     848448 total
- age   3:     639056 bytes,    1487504 total
: 17592K->1460K(18624K), 0.0024843 secs] 42923K->27103K(83392K), 0.0025928 secs] [Times: user=0.00 sys=0.00, real=0.00 secs] 
26.180: [GC 26.180: [ParNew
Desired survivor size 1343488 bytes, new threshold 4 (max 4)
- age   1:      72240 bytes,      72240 total
- age   2:     136144 bytes,     208384 total
- age   3:     657512 bytes,     865896 total
: 17437K->854K(18624K), 0.0019846 secs] 43081K->27122K(83392K), 0.0021228 secs] [Times: user=0.00 sys=0.00, real=0.00 secs] 
26.194: [GC 26.194: [ParNew
Desired survivor size 1343488 bytes, new threshold 4 (max 4)
- age   1:     689768 bytes,     689768 total
- age   2:      33008 bytes,     722776 total
- age   3:     136144 bytes,     858920 total
- age   4:     657512 bytes,    1516432 total
: 16833K->1483K(18624K), 0.0023138 secs] 43101K->27750K(83392K), 0.0024194 secs] [Times: user=0.01 sys=0.00, real=0.01 secs] 
26.208: [GC 26.208: [ParNew
Desired survivor size 1343488 bytes, new threshold 4 (max 4)
- age   1:     354064 bytes,     354064 total
- age   2:     646024 bytes,    1000088 total
- age   3:      33008 bytes,    1033096 total
- age   4:     136144 bytes,    1169240 total
: 17483K->1143K(18624K), 0.0022686 secs] 43750K->28053K(83392K), 0.0023653 secs] [Times: user=0.01 sys=0.00, real=0.00 secs] 
26.224: [GC 26.224: [ParNew
Desired survivor size 1343488 bytes, new threshold 4 (max 4)
- age   1:     230528 bytes,     230528 total
- age   2:     251776 bytes,     482304 total
- age   3:     427008 bytes,     909312 total
- age   4:      32352 bytes,     941664 total
: 17139K->920K(18624K), 0.0018531 secs] 44049K->27963K(83392K), 0.0019501 secs] [Times: user=0.00 sys=0.00, real=0.01 secs] 
26.236: [GC 26.236: [ParNew
Desired survivor size 1343488 bytes, new threshold 4 (max 4)
- age   1:     416552 bytes,     416552 total
- age   2:     224304 bytes,     640856 total
- age   3:     251776 bytes,     892632 total
- age   4:     427008 bytes,    1319640 total
: 16914K->1292K(18624K), 0.0019788 secs] 43957K->28336K(83392K), 0.0020773 secs] [Times: user=0.01 sys=0.00, real=0.00 secs] 
26.250: [GC 26.250: [ParNew
Desired survivor size 1343488 bytes, new threshold 4 (max 4)
- age   1:     223264 bytes,     223264 total
- age   2:     337632 bytes,     560896 total
- age   3:     224304 bytes,     785200 total
- age   4:     251776 bytes,    1036976 total
: 17281K->1018K(18624K), 0.0022686 secs] 44324K->28479K(83392K), 0.0024022 secs] [Times: user=0.00 sys=0.00, real=0.00 secs] 
26.266: [GC 26.266: [ParNew
Desired survivor size 1343488 bytes, new threshold 4 (max 4)
- age   1:     615520 bytes,     615520 total
- age   2:     114016 bytes,     729536 total
- age   3:     337632 bytes,    1067168 total
- age   4:     224304 bytes,    1291472 total
: 17002K->1265K(18624K), 0.0020759 secs] 44462K->28972K(83392K), 0.0021558 secs] [Times: user=0.00 sys=0.00, real=0.00 secs] 
26.279: [GC 26.279: [ParNew
Desired survivor size 1343488 bytes, new threshold 4 (max 4)
- age   1:     289768 bytes,     289768 total
- age   2:     232792 bytes,     522560 total
- age   3:     114016 bytes,     636576 total
- age   4:     337632 bytes,     974208 total
: 17201K->962K(18624K), 0.0018312 secs] 44907K->28888K(83392K), 0.0019331 secs] [Times: user=0.00 sys=0.00, real=0.00 secs] 
26.294: [GC 26.294: [ParNew
Desired survivor size 1343488 bytes, new threshold 4 (max 4)
- age   1:     777688 bytes,     777688 total
- age   2:     217128 bytes,     994816 total
- age   3:     232760 bytes,    1227576 total
- age   4:      67808 bytes,    1295384 total
: 16940K->1268K(18624K), 0.0018781 secs] 44865K->29468K(83392K), 0.0019716 secs] [Times: user=0.01 sys=0.00, real=0.00 secs] 
26.308: [GC 26.308: [ParNew
Desired survivor size 1343488 bytes, new threshold 4 (max 4)
- age   1:     447944 bytes,     447944 total
- age   2:     429600 bytes,     877544 total
- age   3:     165032 bytes,    1042576 total
- age   4:     232760 bytes,    1275336 total
: 17227K->1248K(18624K), 0.0018849 secs] 45427K->29515K(83392K), 0.0019985 secs] [Times: user=0.00 sys=0.01, real=0.00 secs] 
26.323: [GC 26.323: [ParNew
Desired survivor size 1343488 bytes, new threshold 4 (max 4)
- age   1:     381720 bytes,     381720 total
- age   2:     286312 bytes,     668032 total
- age   3:     429600 bytes,    1097632 total
- age   4:     165032 bytes,    1262664 total
: 17243K->1236K(18624K), 0.0019924 secs] 45509K->29729K(83392K), 0.0021236 secs] [Times: user=0.00 sys=0.00, real=0.01 secs] 
26.336: [GC 26.336: [ParNew
Desired survivor size 1343488 bytes, new threshold 4 (max 4)
- age   1:     480384 bytes,     480384 total
- age   2:     323968 bytes,     804352 total
- age   3:     286312 bytes,    1090664 total
- age   4:     222152 bytes,    1312816 total
: 17235K->1284K(18624K), 0.0019568 secs] 45729K->29939K(83392K), 0.0020504 secs] [Times: user=0.00 sys=0.00, real=0.00 secs] 
26.351: [GC 26.351: [ParNew
Desired survivor size 1343488 bytes, new threshold 4 (max 4)
- age   1:     119576 bytes,     119576 total
- age   2:     416232 bytes,     535808 total
- age   3:     192856 bytes,     728664 total
- age   4:     166616 bytes,     895280 total
: 17281K->877K(18624K), 0.0023067 secs] 45935K->29748K(83392K), 0.0024346 secs] [Times: user=0.01 sys=0.00, real=0.00 secs] 
26.364: [GC 26.364: [ParNew
Desired survivor size 1343488 bytes, new threshold 4 (max 4)
- age   1:     195104 bytes,     195104 total
- age   2:      68408 bytes,     263512 total
- age   3:     416232 bytes,     679744 total
- age   4:     192856 bytes,     872600 total
: 16875K->855K(18624K), 0.0018872 secs] 45747K->29889K(83392K), 0.0019972 secs] [Times: user=0.00 sys=0.00, real=0.00 secs] 
26.379: [GC 26.379: [ParNew
Desired survivor size 1343488 bytes, new threshold 4 (max 4)
- age   1:     330824 bytes,     330824 total
- age   2:      56464 bytes,     387288 total
- age   3:      68376 bytes,     455664 total
- age   4:     277624 bytes,     733288 total
: 16848K->718K(18624K), 0.0017011 secs] 45882K->29940K(83392K), 0.0018006 secs] [Times: user=0.00 sys=0.00, real=0.00 secs] 
26.392: [GC 26.392: [ParNew
Desired survivor size 1343488 bytes, new threshold 4 (max 4)
- age   1:     492128 bytes,     492128 total
- age   2:      70016 bytes,     562144 total
- age   3:      56464 bytes,     618608 total
- age   4:      68376 bytes,     686984 total
: 16648K->673K(18624K), 0.0014732 secs] 45871K->29896K(83392K), 0.0017010 secs] [Times: user=0.00 sys=0.00, real=0.01 secs] 
26.405: [GC 26.405: [ParNew
Desired survivor size 1343488 bytes, new threshold 4 (max 4)
- age   1:     395256 bytes,     395256 total
- age   2:      81280 bytes,     476536 total
- age   3:      70016 bytes,     546552 total
- age   4:      56464 bytes,     603016 total
: 16652K->591K(18624K), 0.0015772 secs] 45875K->29881K(83392K), 0.0016763 secs] [Times: user=0.01 sys=0.00, real=0.00 secs] 
26.418: [GC 26.418: [ParNew
Desired survivor size 1343488 bytes, new threshold 4 (max 4)
- age   1:     503240 bytes,     503240 total
- age   2:     161608 bytes,     664848 total
- age   3:      81280 bytes,     746128 total
- age   4:      70016 bytes,     816144 total
: 16566K->799K(18624K), 0.0026708 secs] 45856K->30144K(83392K), 0.0027772 secs] [Times: user=0.00 sys=0.00, real=0.00 secs] 
26.433: [GC 26.433: [ParNew
Desired survivor size 1343488 bytes, new threshold 4 (max 4)
- age   1:     475568 bytes,     475568 total
- age   2:     379648 bytes,     855216 total
- age   3:     161608 bytes,    1016824 total
- age   4:      81280 bytes,    1098104 total
: 16770K->1075K(18624K), 0.0018042 secs] 46115K->30489K(83392K), 0.0019247 secs] [Times: user=0.00 sys=0.00, real=0.01 secs] 
26.446: [GC 26.446: [ParNew
Desired survivor size 1343488 bytes, new threshold 4 (max 4)
- age   1:     269672 bytes,     269672 total
- age   2:      73648 bytes,     343320 total
- age   3:     379648 bytes,     722968 total
- age   4:     161608 bytes,     884576 total
: 16988K->867K(18624K), 0.0017293 secs] 46401K->30360K(83392K), 0.0018272 secs] [Times: user=0.00 sys=0.00, real=0.00 secs] 
26.459: [GC 26.459: [ParNew
Desired survivor size 1343488 bytes, new threshold 4 (max 4)
- age   1:     481992 bytes,     481992 total
- age   2:      55648 bytes,     537640 total
- age   3:      73648 bytes,     611288 total
- age   4:     159768 bytes,     771056 total
: 16862K->754K(18624K), 0.0018637 secs] 46355K->30405K(83392K), 0.0019886 secs] [Times: user=0.01 sys=0.00, real=0.00 secs] 
26.473: [GC 26.473: [ParNew
Desired survivor size 1343488 bytes, new threshold 4 (max 4)
- age   1:     244552 bytes,     244552 total
- age   2:     183912 bytes,     428464 total
- age   3:      55648 bytes,     484112 total
- age   4:      73648 bytes,     557760 total
: 16714K->546K(18624K), 0.0019382 secs] 46364K->30353K(83392K), 0.0020717 secs] [Times: user=0.01 sys=0.00, real=0.01 secs] 
26.486: [GC 26.486: [ParNew
Desired survivor size 1343488 bytes, new threshold 4 (max 4)
- age   1:     730048 bytes,     730048 total
- age   2:     167440 bytes,     897488 total
- age   3:     183912 bytes,    1081400 total
- age   4:      55648 bytes,    1137048 total
: 16508K->1114K(18624K), 0.0017425 secs] 46314K->30992K(83392K), 0.0018402 secs] [Times: user=0.00 sys=0.00, real=0.00 secs] 
26.499: [GC 26.499: [ParNew
Desired survivor size 1343488 bytes, new threshold 4 (max 4)
- age   1:     909664 bytes,     909664 total
- age   2:     243080 bytes,    1152744 total
- age   3:     167440 bytes,    1320184 total
- age   4:     183912 bytes,    1504096 total
: 17106K->1472K(18624K), 0.0022025 secs] 46984K->31405K(83392K), 0.0023285 secs] [Times: user=0.00 sys=0.00, real=0.00 secs] 
26.517: [GC 26.517: [ParNew
Desired survivor size 1343488 bytes, new threshold 4 (max 4)
- age   1:     400080 bytes,     400080 total
- age   2:     129808 bytes,     529888 total
- age   3:     243080 bytes,     772968 total
- age   4:     167440 bytes,     940408 total
: 17457K->920K(18624K), 0.0041959 secs] 47390K->31032K(83392K), 0.0043014 secs] [Times: user=0.00 sys=0.00, real=0.00 secs] 
26.535: [GC 26.535: [ParNew
Desired survivor size 1343488 bytes, new threshold 4 (max 4)
- age   1:     563840 bytes,     563840 total
- age   2:     248704 bytes,     812544 total
- age   3:     129808 bytes,     942352 total
- age   4:     243080 bytes,    1185432 total
: 16879K->1160K(18624K), 0.0018880 secs] 46991K->31436K(83392K), 0.0019878 secs] [Times: user=0.01 sys=0.00, real=0.00 secs] 
26.549: [GC 26.549: [ParNew
Desired survivor size 1343488 bytes, new threshold 4 (max 4)
- age   1:      85224 bytes,      85224 total
- age   2:     405424 bytes,     490648 total
- age   3:     248704 bytes,     739352 total
- age   4:     129808 bytes,     869160 total
: 17126K->852K(18624K), 0.0018301 secs] 47402K->31365K(83392K), 0.0019487 secs] [Times: user=0.00 sys=0.00, real=0.00 secs] 
26.563: [GC 26.563: [ParNew
Desired survivor size 1343488 bytes, new threshold 4 (max 4)
- age   1:     320056 bytes,     320056 total
- age   2:      60280 bytes,     380336 total
- age   3:     405424 bytes,     785760 total
- age   4:     248704 bytes,    1034464 total
: 16852K->1019K(18624K), 0.0019230 secs] 47365K->31659K(83392K), 0.0020557 secs] [Times: user=0.00 sys=0.00, real=0.01 secs] 
26.576: [GC 26.576: [ParNew
Desired survivor size 1343488 bytes, new threshold 4 (max 4)
- age   1:     676472 bytes,     676472 total
- age   2:     254240 bytes,     930712 total
- age   3:      60280 bytes,     990992 total
- age   4:     327152 bytes,    1318144 total
: 17000K->1290K(18624K), 0.0025543 secs] 47640K->32014K(83392K), 0.0026750 secs] [Times: user=0.00 sys=0.00, real=0.00 secs] 
26.591: [GC 26.591: [ParNew
Desired survivor size 1343488 bytes, new threshold 4 (max 4)
- age   1:     835912 bytes,     835912 total
- age   2:      54024 bytes,     889936 total
- age   3:     254240 bytes,    1144176 total
- age   4:      60280 bytes,    1204456 total
: 17285K->1184K(18624K), 0.0028589 secs] 48008K->32227K(83392K), 0.0029698 secs] [Times: user=0.01 sys=0.00, real=0.00 secs] 
26.606: [GC 26.606: [ParNew
Desired survivor size 1343488 bytes, new threshold 4 (max 4)
- age   1:     506192 bytes,     506192 total
- age   2:     448096 bytes,     954288 total
- age   3:      54024 bytes,    1008312 total
- age   4:     254240 bytes,    1262552 total
: 17149K->1236K(18624K), 0.0016605 secs] 48192K->32338K(83392K), 0.0017525 secs] [Times: user=0.00 sys=0.00, real=0.00 secs] 
26.619: [GC 26.619: [ParNew
Desired survivor size 1343488 bytes, new threshold 3 (max 4)
- age   1:     943776 bytes,     943776 total
- age   2:     325728 bytes,    1269504 total
- age   3:     327872 bytes,    1597376 total
- age   4:      54024 bytes,    1651400 total
: 17236K->1616K(18624K), 0.0032740 secs] 48337K->32966K(83392K), 0.0034398 secs] [Times: user=0.00 sys=0.01, real=0.00 secs] 
26.633: [GC 26.633: [ParNew
Desired survivor size 1343488 bytes, new threshold 2 (max 4)
- age   1:     693704 bytes,     693704 total
- age   2:     863504 bytes,    1557208 total
- age   3:     242704 bytes,    1799912 total
: 17612K->1761K(18624K), 0.0025000 secs] 48962K->33266K(83392K), 0.0026102 secs] [Times: user=0.00 sys=0.00, real=0.01 secs] 
26.648: [GC 26.648: [ParNew
Desired survivor size 1343488 bytes, new threshold 4 (max 4)
- age   1:     288208 bytes,     288208 total
- age   2:     648728 bytes,     936936 total
: 17719K->918K(18624K), 0.0019589 secs] 49224K->33003K(83392K), 0.0020520 secs] [Times: user=0.00 sys=0.00, real=0.00 secs] 
26.664: [GC 26.664: [ParNew
Desired survivor size 1343488 bytes, new threshold 3 (max 4)
- age   1:     948936 bytes,     948936 total
- age   2:     257184 bytes,    1206120 total
- age   3:     396296 bytes,    1602416 total
: 16909K->1567K(18624K), 0.0020097 secs] 48994K->33652K(83392K), 0.0021074 secs] [Times: user=0.00 sys=0.00, real=0.01 secs] 
26.679: [GC 26.679: [ParNew
Desired survivor size 1343488 bytes, new threshold 2 (max 4)
- age   1:     701848 bytes,     701848 total
- age   2:     805760 bytes,    1507608 total
- age   3:     257184 bytes,    1764792 total
: 17563K->1726K(18624K), 0.0024208 secs] 49648K->34198K(83392K), 0.0025158 secs] [Times: user=0.01 sys=0.00, real=0.00 secs] 
26.692: [GC 26.692: [ParNew
Desired survivor size 1343488 bytes, new threshold 4 (max 4)
- age   1:     401624 bytes,     401624 total
- age   2:     564744 bytes,     966368 total
: 17708K->947K(18624K), 0.0028936 secs] 50180K->34457K(83392K), 0.0030009 secs] [Times: user=0.01 sys=0.00, real=0.01 secs] 
26.716: [GC 26.716: [ParNew
Desired survivor size 1343488 bytes, new threshold 4 (max 4)
- age   1:     424976 bytes,     424976 total
- age   2:     231008 bytes,     655984 total
- age   3:     564744 bytes,    1220728 total
: 16915K->1194K(18624K), 0.0024076 secs] 50425K->34704K(83392K), 0.0025183 secs] [Times: user=0.00 sys=0.00, real=0.00 secs] 
26.735: [GC 26.735: [ParNew
Desired survivor size 1343488 bytes, new threshold 4 (max 4)
- age   1:     176368 bytes,     176368 total
- age   2:     303352 bytes,     479720 total
- age   3:     231008 bytes,     710728 total
- age   4:     564744 bytes,    1275472 total
: 17193K->1251K(18624K), 0.0021669 secs] 50704K->34762K(83392K), 0.0022868 secs] [Times: user=0.01 sys=0.00, real=0.00 secs] 
26.753: [GC 26.753: [ParNew
Desired survivor size 1343488 bytes, new threshold 4 (max 4)
- age   1:     578672 bytes,     578672 total
- age   2:     136536 bytes,     715208 total
- age   3:     301680 bytes,    1016888 total
- age   4:     231008 bytes,    1247896 total
: 17249K->1231K(18624K), 0.0024193 secs] 50760K->35293K(83392K), 0.0025093 secs] [Times: user=0.00 sys=0.00, real=0.01 secs] 
26.767: [GC 26.767: [ParNew
Desired survivor size 1343488 bytes, new threshold 4 (max 4)
- age   1:     368944 bytes,     368944 total
- age   2:     365992 bytes,     734936 total
- age   3:     136536 bytes,     871472 total
- age   4:     301680 bytes,    1173152 total
: 17138K->1154K(18624K), 0.0022099 secs] 51200K->35441K(83392K), 0.0023695 secs] [Times: user=0.00 sys=0.00, real=0.00 secs] 
26.782: [GC 26.782: [ParNew
Desired survivor size 1343488 bytes, new threshold 4 (max 4)
- age   1:     400272 bytes,     400272 total
- age   2:     223992 bytes,     624264 total
- age   3:     221400 bytes,     845664 total
- age   4:       1240 bytes,     846904 total
: 17154K->839K(18624K), 0.0017446 secs] 51441K->35419K(83392K), 0.0018410 secs] [Times: user=0.01 sys=0.00, real=0.00 secs] 
26.798: [GC 26.798: [ParNew
Desired survivor size 1343488 bytes, new threshold 4 (max 4)
- age   1:     802400 bytes,     802400 total
- age   2:      63200 bytes,     865600 total
- age   3:     223992 bytes,    1089592 total
- age   4:     221400 bytes,    1310992 total
: 16811K->1292K(18624K), 0.0022442 secs] 51392K->35875K(83392K), 0.0023974 secs] [Times: user=0.00 sys=0.00, real=0.00 secs] 
26.814: [GC 26.814: [ParNew
Desired survivor size 1343488 bytes, new threshold 4 (max 4)
- age   1:     221912 bytes,     221912 total
- age   2:     735592 bytes,     957504 total
- age   3:      13648 bytes,     971152 total
- age   4:     223992 bytes,    1195144 total
: 17292K->1177K(18624K), 0.0019338 secs] 51875K->35975K(83392K), 0.0020520 secs] [Times: user=0.00 sys=0.00, real=0.00 secs] 
26.830: [GC 26.830: [ParNew
Desired survivor size 1343488 bytes, new threshold 3 (max 4)
- age   1:     693784 bytes,     693784 total
- age   2:     221232 bytes,     915016 total
- age   3:     436560 bytes,    1351576 total
- age   4:      13648 bytes,    1365224 total
: 17098K->1348K(18624K), 0.0019045 secs] 51896K->36365K(83392K), 0.0020069 secs] [Times: user=0.01 sys=0.00, real=0.00 secs] 
26.843: [GC 26.843: [ParNew
Desired survivor size 1343488 bytes, new threshold 4 (max 4)
- age   1:     676656 bytes,     676656 total
- age   2:      92776 bytes,     769432 total
- age   3:     204520 bytes,     973952 total
: 17337K->961K(18624K), 0.0022026 secs] 52354K->36197K(83392K), 0.0023041 secs] [Times: user=0.00 sys=0.00, real=0.01 secs] 
26.858: [GC 26.858: [ParNew
Desired survivor size 1343488 bytes, new threshold 4 (max 4)
- age   1:     452784 bytes,     452784 total
- age   2:     425736 bytes,     878520 total
- age   3:      92776 bytes,     971296 total
- age   4:     204520 bytes,    1175816 total
: 16930K->1160K(18624K), 0.0017324 secs] 52166K->36397K(83392K), 0.0018488 secs] [Times: user=0.00 sys=0.00, real=0.00 secs] 
26.872: [GC 26.872: [ParNew
Desired survivor size 1343488 bytes, new threshold 2 (max 4)
- age   1:    1138776 bytes,    1138776 total
- age   2:     266608 bytes,    1405384 total
- age   3:     425736 bytes,    1831120 total
- age   4:      92776 bytes,    1923896 total
: 17092K->1888K(18624K), 0.0026308 secs] 52328K->37324K(83392K), 0.0027312 secs] [Times: user=0.01 sys=0.00, real=0.01 secs] 
26.887: [GC 26.887: [ParNew
Desired survivor size 1343488 bytes, new threshold 4 (max 4)
- age   1:     283160 bytes,     283160 total
- age   2:     741440 bytes,    1024600 total
: 17880K->1006K(18624K), 0.0024138 secs] 53316K->37208K(83392K), 0.0025176 secs] [Times: user=0.00 sys=0.01, real=0.00 secs] 
26.901: [GC 26.901: [ParNew
Desired survivor size 1343488 bytes, new threshold 4 (max 4)
- age   1:     518200 bytes,     518200 total
- age   2:      64520 bytes,     582720 total
- age   3:     435152 bytes,    1017872 total
: 17000K->997K(18624K), 0.0016837 secs] 53202K->37200K(83392K), 0.0017915 secs] [Times: user=0.00 sys=0.00, real=0.00 secs] 
26.918: [GC 26.918: [ParNew
Desired survivor size 1343488 bytes, new threshold 4 (max 4)
- age   1:     704888 bytes,     704888 total
- age   2:     130664 bytes,     835552 total
- age   3:      64520 bytes,     900072 total
- age   4:     435152 bytes,    1335224 total
: 16942K->1305K(18624K), 0.0021907 secs] 53144K->37508K(83392K), 0.0023159 secs] [Times: user=0.01 sys=0.00, real=0.00 secs] 
26.933: [GC 26.933: [ParNew
Desired survivor size 1343488 bytes, new threshold 4 (max 4)
- age   1:     161912 bytes,     161912 total
- age   2:     566528 bytes,     728440 total
- age   3:     130664 bytes,     859104 total
- age   4:      64520 bytes,     923624 total
: 17297K->904K(18624K), 0.0019762 secs] 53500K->37532K(83392K), 0.0020927 secs] [Times: user=0.00 sys=0.00, real=0.01 secs] 
26.946: [GC 26.946: [ParNew
Desired survivor size 1343488 bytes, new threshold 4 (max 4)
- age   1:     519872 bytes,     519872 total
- age   2:      96512 bytes,     616384 total
- age   3:     238952 bytes,     855336 total
- age   4:     130664 bytes,     986000 total
: 16897K->966K(18624K), 0.0018275 secs] 53524K->37656K(83392K), 0.0019295 secs] [Times: user=0.00 sys=0.00, real=0.00 secs] 
26.965: [GC 26.965: [ParNew
Desired survivor size 1343488 bytes, new threshold 4 (max 4)
- age   1:     682976 bytes,     682976 total
- age   2:     329280 bytes,    1012256 total
- age   3:      96512 bytes,    1108768 total
- age   4:     238952 bytes,    1347720 total
: 16895K->1319K(18624K), 0.0026853 secs] 53586K->38138K(83392K), 0.0028217 secs] [Times: user=0.01 sys=0.00, real=0.00 secs] 
26.982: [GC 26.983: [ParNew
Desired survivor size 1343488 bytes, new threshold 4 (max 4)
- age   1:     205104 bytes,     205104 total
- age   2:     596600 bytes,     801704 total
- age   3:     329280 bytes,    1130984 total
- age   4:      96512 bytes,    1227496 total
: 17319K->1205K(18624K), 0.0019982 secs] 54137K->38256K(83392K), 0.0021052 secs] [Times: user=0.01 sys=0.00, real=0.01 secs] 
26.995: [GC 26.995: [ParNew
Desired survivor size 1343488 bytes, new threshold 4 (max 4)
- age   1:     302992 bytes,     302992 total
- age   2:     180304 bytes,     483296 total
- age   3:     596600 bytes,    1079896 total
- age   4:     329280 bytes,    1409176 total
: 17191K->1385K(18624K), 0.0024583 secs] 54242K->38530K(83392K), 0.0025587 secs] [Times: user=0.00 sys=0.00, real=0.00 secs] 
27.009: [GC 27.009: [ParNew
Desired survivor size 1343488 bytes, new threshold 4 (max 4)
- age   1:     470432 bytes,     470432 total
- age   2:     302992 bytes,     773424 total
- age   3:     180304 bytes,     953728 total
- age   4:     250080 bytes,    1203808 total
: 17381K->1180K(18624K), 0.0021703 secs] 54527K->38647K(83392K), 0.0023043 secs] [Times: user=0.01 sys=0.00, real=0.00 secs] 
27.025: [GC 27.025: [ParNew
Desired survivor size 1343488 bytes, new threshold 4 (max 4)
- age   1:     264752 bytes,     264752 total
- age   2:     229888 bytes,     494640 total
- age   3:     221752 bytes,     716392 total
- age   4:     180304 bytes,     896696 total
: 17180K->879K(18624K), 0.0024097 secs] 54647K->38537K(83392K), 0.0025284 secs] [Times: user=0.00 sys=0.00, real=0.00 secs] 
27.047: [GC 27.047: [ParNew
Desired survivor size 1343488 bytes, new threshold 4 (max 4)
- age   1:     355928 bytes,     355928 total
- age   2:       8472 bytes,     364400 total
- age   3:      73400 bytes,     437800 total
- age   4:     155896 bytes,     593696 total
: 16877K->580K(18624K), 0.0013325 secs] 54536K->38359K(83392K), 0.0014055 secs] [Times: user=0.00 sys=0.00, real=0.00 secs] 
27.060: [GC 27.061: [ParNew
Desired survivor size 1343488 bytes, new threshold 4 (max 4)
- age   1:     343584 bytes,     343584 total
- age   2:      73336 bytes,     416920 total
- age   3:       7728 bytes,     424648 total
- age   4:      73400 bytes,     498048 total
: 16565K->502K(18624K), 0.0013907 secs] 54343K->38432K(83392K), 0.0014746 secs] [Times: user=0.01 sys=0.00, real=0.00 secs] 
27.073: [GC 27.074: [ParNew
Desired survivor size 1343488 bytes, new threshold 4 (max 4)
- age   1:     290256 bytes,     290256 total
- age   2:     168064 bytes,     458320 total
- age   3:      71184 bytes,     529504 total
- age   4:       7728 bytes,     537232 total
: 16490K->544K(18624K), 0.0015303 secs] 54420K->38546K(83392K), 0.0016210 secs] [Times: user=0.01 sys=0.00, real=0.01 secs] 
27.087: [GC 27.087: [ParNew
Desired survivor size 1343488 bytes, new threshold 4 (max 4)
- age   1:     648328 bytes,     648328 total
- age   2:     269344 bytes,     917672 total
- age   3:     168064 bytes,    1085736 total
- age   4:      71184 bytes,    1156920 total
: 16522K->1153K(18624K), 0.0019690 secs] 54524K->39163K(83392K), 0.0020596 secs] [Times: user=0.00 sys=0.00, real=0.00 secs] 
27.102: [GC 27.102: [ParNew
Desired survivor size 1343488 bytes, new threshold 4 (max 4)
- age   1:     460856 bytes,     460856 total
- age   2:     619672 bytes,    1080528 total
- age   3:      32504 bytes,    1113032 total
- age   4:     167336 bytes,    1280368 total
: 17153K->1266K(18624K), 0.0019143 secs] 55163K->39345K(83392K), 0.0020216 secs] [Times: user=0.00 sys=0.00, real=0.01 secs] 
27.116: [GC 27.116: [ParNew
Desired survivor size 1343488 bytes, new threshold 2 (max 4)
- age   1:    1237816 bytes,    1237816 total
- age   2:     161200 bytes,    1399016 total
- age   3:     619672 bytes,    2018688 total
- age   4:      32504 bytes,    2051192 total
: 17260K->2008K(18624K), 0.0032027 secs] 55340K->40251K(83392K), 0.0033385 secs] [Times: user=0.01 sys=0.00, real=0.00 secs] 
27.134: [GC 27.134: [ParNew
Desired survivor size 1343488 bytes, new threshold 2 (max 4)
- age   1:     647672 bytes,     647672 total
- age   2:     772240 bytes,    1419912 total
: 17994K->1396K(18624K), 0.0032242 secs] 56237K->40291K(83392K), 0.0033282 secs] [Times: user=0.00 sys=0.00, real=0.00 secs] 
27.150: [GC 27.150: [ParNew
Desired survivor size 1343488 bytes, new threshold 4 (max 4)
- age   1:     355248 bytes,     355248 total
- age   2:     484760 bytes,     840008 total
: 17380K->823K(18624K), 0.0021454 secs] 56275K->40267K(83392K), 0.0022486 secs] [Times: user=0.00 sys=0.00, real=0.00 secs] 
27.163: [GC 27.163: [ParNew
Desired survivor size 1343488 bytes, new threshold 4 (max 4)
- age   1:     441256 bytes,     441256 total
- age   2:     279944 bytes,     721200 total
- age   3:     404944 bytes,    1126144 total
: 16799K->1102K(18624K), 0.0018560 secs] 56243K->40546K(83392K), 0.0019544 secs] [Times: user=0.01 sys=0.00, real=0.01 secs] 
27.179: [GC 27.179: [ParNew
Desired survivor size 1343488 bytes, new threshold 4 (max 4)
- age   1:     434624 bytes,     434624 total
- age   2:     361648 bytes,     796272 total
- age   3:     279944 bytes,    1076216 total
- age   4:     225336 bytes,    1301552 total
: 16965K->1273K(18624K), 0.0020187 secs] 56409K->40717K(83392K), 0.0021358 secs] [Times: user=0.00 sys=0.00, real=0.00 secs] 
27.192: [GC 27.193: [ParNew
Desired survivor size 1343488 bytes, new threshold 4 (max 4)
- age   1:     402456 bytes,     402456 total
- age   2:     350168 bytes,     752624 total
- age   3:     361648 bytes,    1114272 total
- age   4:      46288 bytes,    1160560 total
: 17273K->1136K(18624K), 0.0023457 secs] 56717K->40739K(83392K), 0.0024567 secs] [Times: user=0.00 sys=0.00, real=0.01 secs] 
27.206: [GC 27.206: [ParNew
Desired survivor size 1343488 bytes, new threshold 4 (max 4)
- age   1:     775560 bytes,     775560 total
- age   2:     370664 bytes,    1146224 total
- age   3:     117928 bytes,    1264152 total
- age   4:     361648 bytes,    1625800 total
: 17136K->1591K(18624K), 0.0020580 secs] 56739K->41239K(83392K), 0.0021591 secs] [Times: user=0.01 sys=0.00, real=0.00 secs] 
27.221: [GC 27.222: [ParNew
Desired survivor size 1343488 bytes, new threshold 4 (max 4)
- age   1:     311496 bytes,     311496 total
- age   2:     719424 bytes,    1030920 total
- age   3:     160520 bytes,    1191440 total
- age   4:      86336 bytes,    1277776 total
: 17584K->1250K(18624K), 0.0022083 secs] 57232K->41251K(83392K), 0.0023143 secs] [Times: user=0.00 sys=0.00, real=0.00 secs] 
27.236: [GC 27.237: [ParNew
Desired survivor size 1343488 bytes, new threshold 4 (max 4)
- age   1:     390960 bytes,     390960 total
- age   2:     281136 bytes,     672096 total
- age   3:     520184 bytes,    1192280 total
- age   4:     160520 bytes,    1352800 total
: 17224K->1325K(18624K), 0.0022813 secs] 57225K->41411K(83392K), 0.0024113 secs] [Times: user=0.00 sys=0.00, real=0.00 secs] 
27.251: [GC 27.251: [ParNew
Desired survivor size 1343488 bytes, new threshold 4 (max 4)
- age   1:     219024 bytes,     219024 total
- age   2:     157896 bytes,     376920 total
- age   3:     247928 bytes,     624848 total
- age   4:     419768 bytes,    1044616 total
: 17270K->1022K(18624K), 0.0018239 secs] 57356K->41264K(83392K), 0.0019333 secs] [Times: user=0.01 sys=0.00, real=0.00 secs] 
27.264: [GC 27.264: [ParNew
Desired survivor size 1343488 bytes, new threshold 4 (max 4)
- age   1:     317056 bytes,     317056 total
- age   2:     177488 bytes,     494544 total
- age   3:     157896 bytes,     652440 total
- age   4:     107816 bytes,     760256 total
: 17006K->745K(18624K), 0.0018421 secs] 57248K->41397K(83392K), 0.0019338 secs] [Times: user=0.01 sys=0.00, real=0.00 secs] 
27.279: [GC 27.279: [ParNew
Desired survivor size 1343488 bytes, new threshold 4 (max 4)
- age   1:     849816 bytes,     849816 total
- age   2:      34608 bytes,     884424 total
- age   3:     177488 bytes,    1061912 total
- age   4:     157896 bytes,    1219808 total
: 16730K->1193K(18624K), 0.0021446 secs] 57382K->41950K(83392K), 0.0023651 secs] [Times: user=0.00 sys=0.00, real=0.00 secs] 
27.294: [GC 27.294: [ParNew
Desired survivor size 1343488 bytes, new threshold 4 (max 4)
- age   1:      56664 bytes,      56664 total
- age   2:     833912 bytes,     890576 total
- age   3:      34608 bytes,     925184 total
- age   4:     177488 bytes,    1102672 total
: 17177K->1080K(18624K), 0.0022245 secs] 57935K->41991K(83392K), 0.0023262 secs] [Times: user=0.01 sys=0.00, real=0.01 secs] 
27.307: [GC 27.307: [ParNew
Desired survivor size 1343488 bytes, new threshold 4 (max 4)
- age   1:     429128 bytes,     429128 total
- age   2:      25936 bytes,     455064 total
- age   3:     544904 bytes,     999968 total
- age   4:      34608 bytes,    1034576 total
: 17060K->1012K(18624K), 0.0019455 secs] 57971K->42097K(83392K), 0.0020510 secs] [Times: user=0.01 sys=0.00, real=0.00 secs] 
27.321: [GC 27.321: [ParNew
Desired survivor size 1343488 bytes, new threshold 4 (max 4)
- age   1:     288800 bytes,     288800 total
- age   2:      77656 bytes,     366456 total
- age   3:      25936 bytes,     392392 total
- age   4:     544904 bytes,     937296 total
: 17009K->920K(18624K), 0.0018058 secs] 58094K->42039K(83392K), 0.0018882 secs] [Times: user=0.00 sys=0.00, real=0.00 secs] 
27.338: [GC 27.338: [ParNew
Desired survivor size 1343488 bytes, new threshold 4 (max 4)
- age   1:     798744 bytes,     798744 total
- age   2:     111640 bytes,     910384 total
- age   3:      77656 bytes,     988040 total
- age   4:      25936 bytes,    1013976 total
: 16908K->1002K(18624K), 0.0022256 secs] 58027K->42652K(83392K), 0.0023324 secs] [Times: user=0.00 sys=0.00, real=0.00 secs] 
27.352: [GC 27.352: [ParNew
Desired survivor size 1343488 bytes, new threshold 2 (max 4)
- age   1:     697952 bytes,     697952 total
- age   2:     777640 bytes,    1475592 total
- age   3:      29944 bytes,    1505536 total
- age   4:      77656 bytes,    1583192 total
: 16980K->1552K(18624K), 0.0023087 secs] 58630K->43228K(83392K), 0.0024346 secs] [Times: user=0.01 sys=0.00, real=0.01 secs] 
27.377: [GC 27.377: [ParNew
Desired survivor size 1343488 bytes, new threshold 4 (max 4)
- age   1:     385816 bytes,     385816 total
- age   2:     525144 bytes,     910960 total
: 17552K->892K(18624K), 0.0018448 secs] 59228K->43153K(83392K), 0.0019238 secs] [Times: user=0.01 sys=0.00, real=0.00 secs] 
27.395: [GC 27.395: [ParNew
Desired survivor size 1343488 bytes, new threshold 4 (max 4)
- age   1:      59688 bytes,      59688 total
- age   2:     384456 bytes,     444144 total
- age   3:     442512 bytes,     886656 total
: 16864K->874K(18624K), 0.0014725 secs] 59126K->43136K(83392K), 0.0015557 secs] [Times: user=0.01 sys=0.00, real=0.00 secs] 
27.408: [GC 27.408: [ParNew
Desired survivor size 1343488 bytes, new threshold 4 (max 4)
- age   1:     259240 bytes,     259240 total
- age   2:      38776 bytes,     298016 total
- age   3:     180080 bytes,     478096 total
- age   4:     442512 bytes,     920608 total
: 16860K->915K(18624K), 0.0017193 secs] 59122K->43177K(83392K), 0.0018200 secs] [Times: user=0.00 sys=0.00, real=0.00 secs] 
27.421: [GC 27.421: [ParNew
Desired survivor size 1343488 bytes, new threshold 4 (max 4)
- age   1:     718688 bytes,     718688 total
- age   2:     232296 bytes,     950984 total
- age   3:      16248 bytes,     967232 total
- age   4:     180080 bytes,    1147312 total
: 16909K->1131K(18624K), 0.0022112 secs] 59170K->43825K(83392K), 0.0023025 secs] [Times: user=0.00 sys=0.00, real=0.00 secs] 
27.435: [GC 27.435: [ParNew
Desired survivor size 1343488 bytes, new threshold 4 (max 4)
- age   1:     213552 bytes,     213552 total
- age   2:     673680 bytes,     887232 total
- age   3:     232296 bytes,    1119528 total
- age   4:      16248 bytes,    1135776 total
: 17112K->1120K(18624K), 0.0022534 secs] 59805K->43990K(83392K), 0.0024634 secs] [Times: user=0.00 sys=0.00, real=0.00 secs] 
27.449: [GC 27.450: [ParNew
Desired survivor size 1343488 bytes, new threshold 4 (max 4)
- age   1:     711104 bytes,     711104 total
- age   2:     128656 bytes,     839760 total
- age   3:     207152 bytes,    1046912 total
- age   4:     232296 bytes,    1279208 total
: 17103K->1267K(18624K), 0.0018154 secs] 59972K->44153K(83392K), 0.0019497 secs] [Times: user=0.01 sys=0.00, real=0.00 secs] 
27.464: [GC 27.464: [ParNew
Desired survivor size 1343488 bytes, new threshold 2 (max 4)
- age   1:    1137152 bytes,    1137152 total
- age   2:     262992 bytes,    1400144 total
- age   3:     128656 bytes,    1528800 total
- age   4:     207152 bytes,    1735952 total
: 17247K->1701K(18624K), 0.0028093 secs] 60133K->44611K(83392K), 0.0029168 secs] [Times: user=0.00 sys=0.00, real=0.01 secs] 
27.478: [GC 27.478: [ParNew
Desired survivor size 1343488 bytes, new threshold 4 (max 4)
- age   1:     116008 bytes,     116008 total
- age   2:    1006592 bytes,    1122600 total
: 17687K->1099K(18624K), 0.0024795 secs] 60596K->44516K(83392K), 0.0025824 secs] [Times: user=0.00 sys=0.00, real=0.00 secs] 
27.493: [GC 27.493: [ParNew
Desired survivor size 1343488 bytes, new threshold 3 (max 4)
- age   1:     572544 bytes,     572544 total
- age   2:      68488 bytes,     641032 total
- age   3:    1006592 bytes,    1647624 total
: 17073K->1612K(18624K), 0.0021195 secs] 60489K->45028K(83392K), 0.0022338 secs] [Times: user=0.01 sys=0.00, real=0.01 secs] 
27.506: [GC 27.506: [ParNew
Desired survivor size 1343488 bytes, new threshold 4 (max 4)
- age   1:     205952 bytes,     205952 total
- age   2:     505408 bytes,     711360 total
- age   3:      68488 bytes,     779848 total
: 17556K->765K(18624K), 0.0034100 secs] 60972K->45164K(83392K), 0.0035179 secs] [Times: user=0.00 sys=0.01, real=0.00 secs] 
27.522: [GC 27.522: [ParNew
Desired survivor size 1343488 bytes, new threshold 3 (max 4)
- age   1:     747232 bytes,     747232 total
- age   2:     205952 bytes,     953184 total
- age   3:     505408 bytes,    1458592 total
: 16762K->1427K(18624K), 0.0019245 secs] 61161K->45827K(83392K), 0.0020253 secs] [Times: user=0.00 sys=0.00, real=0.01 secs] 
27.537: [GC [1 CMS-initial-mark: 44399K(64768K)] 60362K(83392K), 0.0008727 secs] [Times: user=0.00 sys=0.00, real=0.00 secs] 
27.538: [CMS-concurrent-mark-start]
27.539: [GC 27.539: [ParNew
Desired survivor size 1343488 bytes, new threshold 2 (max 4)
- age   1:    1117712 bytes,    1117712 total
- age   2:     623304 bytes,    1741016 total
- age   3:     205952 bytes,    1946968 total
: 17382K->1904K(18624K), 0.0027866 secs] 61781K->46797K(83392K), 0.0028774 secs] [Times: user=0.00 sys=0.00, real=0.00 secs] 
27.556: [GC 27.556: [ParNew
Desired survivor size 1343488 bytes, new threshold 2 (max 4)
- age   1:     359552 bytes,     359552 total
- age   2:    1047720 bytes,    1407272 total
: 17849K->1377K(18624K), 0.0028111 secs] 62742K->46945K(83392K), 0.0029366 secs] [Times: user=0.00 sys=0.00, real=0.00 secs] 
27.573: [GC 27.574: [ParNew
Desired survivor size 1343488 bytes, new threshold 4 (max 4)
- age   1:     472008 bytes,     472008 total
- age   2:     281584 bytes,     753592 total
: 17341K->739K(18624K), 0.0022015 secs] 62909K->47330K(83392K), 0.0023116 secs] [Times: user=0.00 sys=0.00, real=0.01 secs] 
27.590: [GC 27.590: [ParNew
Desired survivor size 1343488 bytes, new threshold 4 (max 4)
- age   1:     316584 bytes,     316584 total
- age   2:     380408 bytes,     696992 total
- age   3:     281584 bytes,     978576 total
: 16730K->959K(18624K), 0.0017364 secs] 63321K->47550K(83392K), 0.0018297 secs] [Times: user=0.00 sys=0.00, real=0.00 secs] 
27.605: [GC 27.605: [ParNew
Desired survivor size 1343488 bytes, new threshold 4 (max 4)
- age   1:     532736 bytes,     532736 total
- age   2:     146872 bytes,     679608 total
- age   3:     380408 bytes,    1060016 total
- age   4:     281584 bytes,    1341600 total
: 16955K->1313K(18624K), 0.0018279 secs] 63547K->47904K(83392K), 0.0019297 secs] [Times: user=0.00 sys=0.00, real=0.00 secs] 
27.621: [GC 27.622: [ParNew
Desired survivor size 1343488 bytes, new threshold 4 (max 4)
- age   1:     424192 bytes,     424192 total
- age   2:     447768 bytes,     871960 total
- age   3:     146832 bytes,    1018792 total
- age   4:     380408 bytes,    1399200 total
: 17278K->1369K(18624K), 0.0022751 secs] 63869K->48017K(83392K), 0.0024147 secs] [Times: user=0.01 sys=0.00, real=0.00 secs] 
27.626: [CMS-concurrent-mark: 0.070/0.089 secs] [Times: user=0.14 sys=0.00, real=0.09 secs] 
27.627: [CMS-concurrent-preclean-start]
27.627: [CMS-concurrent-preclean: 0.000/0.000 secs] [Times: user=0.00 sys=0.00, real=0.00 secs] 
27.627: [CMS-concurrent-abortable-preclean-start]
27.636: [GC 27.636: [ParNew
Desired survivor size 1343488 bytes, new threshold 4 (max 4)
- age   1:     277648 bytes,     277648 total
- age   2:     246448 bytes,     524096 total
- age   3:     292072 bytes,     816168 total
- age   4:     146832 bytes,     963000 total
: 17332K->943K(18624K), 0.0021164 secs] 63980K->47962K(83392K), 0.0022118 secs] [Times: user=0.00 sys=0.00, real=0.00 secs] 
27.649: [GC 27.649: [ParNew
Desired survivor size 1343488 bytes, new threshold 3 (max 4)
- age   1:    1070152 bytes,    1070152 total
- age   2:     198584 bytes,    1268736 total
- age   3:     246448 bytes,    1515184 total
- age   4:     291888 bytes,    1807072 total
: 16924K->1768K(18624K), 0.0029927 secs] 63943K->48930K(83392K), 0.0031008 secs] [Times: user=0.01 sys=0.00, real=0.00 secs] 
27.665: [GC 27.665: [ParNew
Desired survivor size 1343488 bytes, new threshold 4 (max 4)
- age   1:     323376 bytes,     323376 total
- age   2:     779080 bytes,    1102456 total
- age   3:     198584 bytes,    1301040 total
: 17755K->1274K(18624K), 0.0022962 secs] 64917K->48962K(83392K), 0.0024115 secs] [Times: user=0.00 sys=0.00, real=0.00 secs] 
27.682: [GC 27.682: [ParNew
Desired survivor size 1343488 bytes, new threshold 4 (max 4)
- age   1:     513336 bytes,     513336 total
- age   2:      43208 bytes,     556544 total
- age   3:     463680 bytes,    1020224 total
- age   4:     198584 bytes,    1218808 total
: 17261K->1192K(18624K), 0.0020393 secs] 64950K->48880K(83392K), 0.0021385 secs] [Times: user=0.00 sys=0.00, real=0.00 secs] 
27.695: [GC 27.695: [ParNew
Desired survivor size 1343488 bytes, new threshold 4 (max 4)
- age   1:     367592 bytes,     367592 total
- age   2:      79888 bytes,     447480 total
- age   3:      43208 bytes,     490688 total
- age   4:     463680 bytes,     954368 total
: 17167K->933K(18624K), 0.0019927 secs] 64856K->48816K(83392K), 0.0021018 secs] [Times: user=0.00 sys=0.00, real=0.00 secs] 
27.713: [GC 27.713: [ParNew
Desired survivor size 1343488 bytes, new threshold 4 (max 4)
- age   1:     496928 bytes,     496928 total
- age   2:     217088 bytes,     714016 total
- age   3:      78312 bytes,     792328 total
- age   4:      43208 bytes,     835536 total
: 16933K->818K(18624K), 0.0017794 secs] 64815K->49153K(83392K), 0.0018774 secs] [Times: user=0.00 sys=0.00, real=0.01 secs] 
27.728: [GC 27.728: [ParNew
Desired survivor size 1343488 bytes, new threshold 4 (max 4)
- age   1:     556240 bytes,     556240 total
- age   2:     399960 bytes,     956200 total
- age   3:     217088 bytes,    1173288 total
- age   4:      78312 bytes,    1251600 total
: 16815K->1224K(18624K), 0.0018491 secs] 65150K->49602K(83392K), 0.0019450 secs] [Times: user=0.00 sys=0.00, real=0.00 secs] 
27.744: [GC 27.744: [ParNew
Desired survivor size 1343488 bytes, new threshold 4 (max 4)
- age   1:     384696 bytes,     384696 total
- age   2:     308648 bytes,     693344 total
- age   3:     196232 bytes,     889576 total
- age   4:      96808 bytes,     986384 total
: 17190K->969K(18624K), 0.0018046 secs] 65568K->49422K(83392K), 0.0018999 secs] [Times: user=0.00 sys=0.00, real=0.00 secs] 
27.757: [GC 27.757: [ParNew
Desired survivor size 1343488 bytes, new threshold 4 (max 4)
- age   1:     118928 bytes,     118928 total
- age   2:     294184 bytes,     413112 total
- age   3:     308648 bytes,     721760 total
- age   4:     196232 bytes,     917992 total
: 16940K->912K(18624K), 0.0017183 secs] 65394K->49460K(83392K), 0.0018148 secs] [Times: user=0.00 sys=0.00, real=0.00 secs] 
27.772: [GC 27.772: [ParNew
Desired survivor size 1343488 bytes, new threshold 4 (max 4)
- age   1:     709800 bytes,     709800 total
- age   2:      24528 bytes,     734328 total
- age   3:     185640 bytes,     919968 total
- age   4:     227128 bytes,    1147096 total
: 16872K->1127K(18624K), 0.0023494 secs] 65421K->49867K(83392K), 0.0026727 secs] [Times: user=0.01 sys=0.00, real=0.01 secs] 
27.786: [GC 27.786: [ParNew
Desired survivor size 1343488 bytes, new threshold 4 (max 4)
- age   1:     171184 bytes,     171184 total
- age   2:     619480 bytes,     790664 total
- age   3:      24528 bytes,     815192 total
- age   4:     185608 bytes,    1000800 total
: 17111K->991K(18624K), 0.0019062 secs] 65851K->49953K(83392K), 0.0020394 secs] [Times: user=0.01 sys=0.00, real=0.00 secs] 
27.799: [GC 27.799: [ParNew
Desired survivor size 1343488 bytes, new threshold 4 (max 4)
- age   1:     333632 bytes,     333632 total
- age   2:     171184 bytes,     504816 total
- age   3:     515016 bytes,    1019832 total
- age   4:      24528 bytes,    1044360 total
: 16971K->1027K(18624K), 0.0021162 secs] 65933K->50170K(83392K), 0.0022343 secs] [Times: user=0.00 sys=0.00, real=0.00 secs] 
27.812: [GC 27.813: [ParNew
Desired survivor size 1343488 bytes, new threshold 4 (max 4)
- age   1:     885328 bytes,     885328 total
- age   2:     174352 bytes,    1059680 total
- age   3:     119088 bytes,    1178768 total
- age   4:     515016 bytes,    1693784 total
: 16963K->1657K(18624K), 0.0022813 secs] 66106K->50824K(83392K), 0.0024009 secs] [Times: user=0.00 sys=0.00, real=0.01 secs] 
27.827: [GC 27.827: [ParNew
Desired survivor size 1343488 bytes, new threshold 4 (max 4)
- age   1:     436608 bytes,     436608 total
- age   2:     577752 bytes,    1014360 total
- age   3:     174352 bytes,    1188712 total
- age   4:     119088 bytes,    1307800 total
: 17608K->1279K(18624K), 0.0025529 secs] 66775K->50949K(83392K), 0.0026463 secs] [Times: user=0.01 sys=0.00, real=0.00 secs] 
27.842: [GC 27.842: [ParNew
Desired survivor size 1343488 bytes, new threshold 3 (max 4)
- age   1:     921416 bytes,     921416 total
- age   2:     267216 bytes,    1188632 total
- age   3:     353560 bytes,    1542192 total
: 17272K->1508K(18624K), 0.0025816 secs] 66942K->51294K(83392K), 0.0026905 secs] [Times: user=0.00 sys=0.00, real=0.01 secs] 
27.857: [GC 27.857: [ParNew
Desired survivor size 1343488 bytes, new threshold 3 (max 4)
- age   1:     358704 bytes,     358704 total
- age   2:     728096 bytes,    1086800 total
- age   3:     267216 bytes,    1354016 total
: 17505K->1324K(18624K), 0.0019950 secs] 67291K->51367K(83392K), 0.0021148 secs] [Times: user=0.00 sys=0.00, real=0.00 secs] 
27.871: [GC 27.871: [ParNew
Desired survivor size 1343488 bytes, new threshold 4 (max 4)
- age   1:     516400 bytes,     516400 total
- age   2:     198200 bytes,     714600 total
- age   3:     473448 bytes,    1188048 total
: 17304K->1163K(18624K), 0.0022623 secs] 67346K->51467K(83392K), 0.0023764 secs] [Times: user=0.01 sys=0.00, real=0.00 secs] 
27.885: [GC 27.885: [ParNew
Desired survivor size 1343488 bytes, new threshold 4 (max 4)
- age   1:     638312 bytes,     638312 total
- age   2:     435296 bytes,    1073608 total
- age   3:     198200 bytes,    1271808 total
- age   4:     473448 bytes,    1745256 total
: 17136K->1707K(18624K), 0.0020071 secs] 67440K->52011K(83392K), 0.0020984 secs] [Times: user=0.00 sys=0.00, real=0.00 secs] 
27.900: [GC 27.900: [ParNew
Desired survivor size 1343488 bytes, new threshold 3 (max 4)
- age   1:     723112 bytes,     723112 total
- age   2:     468560 bytes,    1191672 total
- age   3:     435296 bytes,    1626968 total
- age   4:     198200 bytes,    1825168 total
: 17669K->1785K(18624K), 0.0024807 secs] 67973K->52381K(83392K), 0.0025900 secs] [Times: user=0.00 sys=0.00, real=0.00 secs] 
27.919: [GC 27.919: [ParNew
Desired survivor size 1343488 bytes, new threshold 4 (max 4)
- age   1:     321928 bytes,     321928 total
- age   2:     438480 bytes,     760408 total
- age   3:     410568 bytes,    1170976 total
: 17785K->1145K(18624K), 0.0022202 secs] 68381K->52314K(83392K), 0.0023581 secs] [Times: user=0.00 sys=0.00, real=0.00 secs] 
27.934: [GC 27.934: [ParNew
Desired survivor size 1343488 bytes, new threshold 4 (max 4)
- age   1:     465776 bytes,     465776 total
- age   2:     133800 bytes,     599576 total
- age   3:     438480 bytes,    1038056 total
- age   4:     410568 bytes,    1448624 total
: 17143K->1419K(18624K), 0.0018043 secs] 68312K->52588K(83392K), 0.0019137 secs] [Times: user=0.00 sys=0.00, real=0.00 secs] 
27.947: [GC 27.947: [ParNew
Desired survivor size 1343488 bytes, new threshold 4 (max 4)
- age   1:     594408 bytes,     594408 total
- age   2:     168968 bytes,     763376 total
- age   3:     133800 bytes,     897176 total
- age   4:     438480 bytes,    1335656 total
: 17337K->1312K(18624K), 0.0026007 secs] 68506K->52882K(83392K), 0.0027043 secs] [Times: user=0.01 sys=0.00, real=0.00 secs] 
27.962: [GC 27.962: [ParNew
Desired survivor size 1343488 bytes, new threshold 4 (max 4)
- age   1:     436904 bytes,     436904 total
- age   2:     353440 bytes,     790344 total
- age   3:     168968 bytes,     959312 total
- age   4:     133800 bytes,    1093112 total
: 17310K->1072K(18624K), 0.0022934 secs] 68880K->53070K(83392K), 0.0023891 secs] [Times: user=0.00 sys=0.00, real=0.01 secs] 
27.977: [GC 27.977: [ParNew
Desired survivor size 1343488 bytes, new threshold 4 (max 4)
- age   1:     233584 bytes,     233584 total
- age   2:     222064 bytes,     455648 total
- age   3:     171560 bytes,     627208 total
- age   4:     168968 bytes,     796176 total
: 17037K->785K(18624K), 0.0016484 secs] 69036K->52914K(83392K), 0.0017746 secs] [Times: user=0.00 sys=0.00, real=0.00 secs] 
27.991: [GC 27.991: [ParNew
Desired survivor size 1343488 bytes, new threshold 4 (max 4)
- age   1:     316776 bytes,     316776 total
- age   2:     168488 bytes,     485264 total
- age   4:     171560 bytes,     656824 total
: 16738K->645K(18624K), 0.0015216 secs] 68867K->52939K(83392K), 0.0016036 secs] [Times: user=0.01 sys=0.00, real=0.00 secs] 
28.004: [GC 28.005: [ParNew
Desired survivor size 1343488 bytes, new threshold 4 (max 4)
- age   1:     991936 bytes,     991936 total
- age   3:     168488 bytes,    1160424 total
: 16623K->1135K(18624K), 0.0025515 secs] 68917K->53596K(83392K), 0.0026812 secs] [Times: user=0.01 sys=0.00, real=0.00 secs] 
28.019: [GC 28.019: [ParNew
Desired survivor size 1343488 bytes, new threshold 4 (max 4)
- age   1:     556752 bytes,     556752 total
- age   2:     647664 bytes,    1204416 total
- age   4:     168488 bytes,    1372904 total
: 17102K->1342K(18624K), 0.0021604 secs] 69563K->53804K(83392K), 0.0025049 secs] [Times: user=0.00 sys=0.00, real=0.00 secs] 
28.034: [GC 28.034: [ParNew
Desired survivor size 1343488 bytes, new threshold 3 (max 4)
- age   1:     509424 bytes,     509424 total
- age   2:     421560 bytes,     930984 total
- age   3:     519976 bytes,    1450960 total
: 17316K->1418K(18624K), 0.0021899 secs] 69778K->54044K(83392K), 0.0022892 secs] [Times: user=0.00 sys=0.00, real=0.01 secs] 
28.050: [GC 28.050: [ParNew
Desired survivor size 1343488 bytes, new threshold 4 (max 4)
- age   1:     612304 bytes,     612304 total
- age   2:     385936 bytes,     998240 total
- age   3:     118592 bytes,    1116832 total
: 17400K->1093K(18624K), 0.0025240 secs] 70026K->54227K(83392K), 0.0026172 secs] [Times: user=0.01 sys=0.00, real=0.00 secs] 
28.065: [GC 28.065: [ParNew
Desired survivor size 1343488 bytes, new threshold 2 (max 4)
- age   1:    1259024 bytes,    1259024 total
- age   2:     581480 bytes,    1840504 total
- age   3:     281200 bytes,    2121704 total
- age   4:     118592 bytes,    2240296 total
: 17036K->2190K(18624K), 0.0026015 secs] 70170K->55324K(83392K), 0.0027201 secs] [Times: user=0.00 sys=0.00, real=0.00 secs] 
28.080: [GC 28.080: [ParNew
Desired survivor size 1343488 bytes, new threshold 2 (max 4)
- age   1:     399016 bytes,     399016 total
- age   2:    1028048 bytes,    1427064 total
: 18153K->1397K(18624K), 0.0026702 secs] 71287K->55422K(83392K), 0.0027907 secs] [Times: user=0.00 sys=0.00, real=0.00 secs] 
28.096: [GC 28.096: [ParNew
Desired survivor size 1343488 bytes, new threshold 4 (max 4)
- age   1:     501336 bytes,     501336 total
- age   2:     344680 bytes,     846016 total
: 17378K->829K(18624K), 0.0021141 secs] 71403K->55548K(83392K), 0.0022464 secs] [Times: user=0.01 sys=0.00, real=0.00 secs] 
28.110: [GC 28.110: [ParNew
Desired survivor size 1343488 bytes, new threshold 4 (max 4)
- age   1:     500712 bytes,     500712 total
- age   2:     461152 bytes,     961864 total
- age   3:     344680 bytes,    1306544 total
: 16775K->1279K(18624K), 0.0024456 secs] 71494K->55998K(83392K), 0.0025610 secs] [Times: user=0.00 sys=0.00, real=0.00 secs] 
28.126: [GC 28.126: [ParNew
Desired survivor size 1343488 bytes, new threshold 3 (max 4)
- age   1:     736056 bytes,     736056 total
- age   2:     314496 bytes,    1050552 total
- age   3:     461152 bytes,    1511704 total
- age   4:     344680 bytes,    1856384 total
: 17266K->1816K(18624K), 0.0022265 secs] 71984K->56534K(83392K), 0.0023185 secs] [Times: user=0.01 sys=0.00, real=0.00 secs] 
28.139: [GC 28.139: [ParNew
Desired survivor size 1343488 bytes, new threshold 4 (max 4)
- age   1:     300296 bytes,     300296 total
- age   2:     694904 bytes,     995200 total
- age   3:     314496 bytes,    1309696 total
: 17796K->1281K(18624K), 0.0027218 secs] 72515K->56787K(83392K), 0.0028415 secs] [Times: user=0.01 sys=0.00, real=0.00 secs] 
28.155: [GC 28.155: [ParNew
Desired survivor size 1343488 bytes, new threshold 3 (max 4)
- age   1:     590120 bytes,     590120 total
- age   2:     120288 bytes,     710408 total
- age   3:     694904 bytes,    1405312 total
- age   4:      93520 bytes,    1498832 total
: 17272K->1470K(18624K), 0.0022874 secs] 72778K->56975K(83392K), 0.0023984 secs] [Times: user=0.00 sys=0.00, real=0.00 secs] 
28.168: [GC 28.169: [ParNew
Desired survivor size 1343488 bytes, new threshold 4 (max 4)
- age   1:     449496 bytes,     449496 total
- age   2:     523296 bytes,     972792 total
- age   3:     120288 bytes,    1093080 total
: 17442K->1071K(18624K), 0.0023535 secs] 72948K->57218K(83392K), 0.0024866 secs] [Times: user=0.01 sys=0.00, real=0.00 secs] 
28.183: [GC 28.183: [ParNew
Desired survivor size 1343488 bytes, new threshold 3 (max 4)
- age   1:     717776 bytes,     717776 total
- age   2:     392704 bytes,    1110480 total
- age   3:     523296 bytes,    1633776 total
- age   4:     120288 bytes,    1754064 total
: 17067K->1716K(18624K), 0.0025546 secs] 73214K->57863K(83392K), 0.0026795 secs] [Times: user=0.00 sys=0.00, real=0.01 secs] 
28.197: [GC 28.197: [ParNew
Desired survivor size 1343488 bytes, new threshold 3 (max 4)
- age   1:     355928 bytes,     355928 total
- age   2:     665584 bytes,    1021512 total
- age   3:     392704 bytes,    1414216 total
: 17697K->1384K(18624K), 0.0026189 secs] 73844K->58159K(83392K), 0.0027363 secs] [Times: user=0.00 sys=0.00, real=0.00 secs] 
28.212: [GC 28.213: [ParNew
Desired survivor size 1343488 bytes, new threshold 4 (max 4)
- age   1:     570056 bytes,     570056 total
- age   2:     242392 bytes,     812448 total
- age   3:     246784 bytes,    1059232 total
: 17365K->1038K(18624K), 0.0017962 secs] 74141K->57993K(83392K), 0.0019048 secs] [Times: user=0.01 sys=0.00, real=0.01 secs] 
28.231: [GC 28.231: [ParNew
Desired survivor size 1343488 bytes, new threshold 3 (max 4)
- age   1:     785232 bytes,     785232 total
- age   2:     450768 bytes,    1236000 total
- age   3:     242392 bytes,    1478392 total
- age   4:     246784 bytes,    1725176 total
: 16960K->1687K(18624K), 0.0024262 secs] 73915K->58642K(83392K), 0.0025244 secs] [Times: user=0.00 sys=0.00, real=0.00 secs] 
28.247: [GC 28.247: [ParNew
Desired survivor size 1343488 bytes, new threshold 2 (max 4)
- age   1:     677584 bytes,     677584 total
- age   2:     721904 bytes,    1399488 total
- age   3:     450768 bytes,    1850256 total
: 17653K->1811K(18624K), 0.0026002 secs] 74608K->59244K(83392K), 0.0026923 secs] [Times: user=0.01 sys=0.00, real=0.00 secs] 
28.262: [GC 28.262: [ParNew
Desired survivor size 1343488 bytes, new threshold 4 (max 4)
- age   1:     407464 bytes,     407464 total
- age   2:     609200 bytes,    1016664 total
: 17808K->997K(18624K), 0.0022509 secs] 75241K->59093K(83392K), 0.0023983 secs] [Times: user=0.00 sys=0.00, real=0.01 secs] 
28.277: [GC 28.277: [ParNew
Desired survivor size 1343488 bytes, new threshold 3 (max 4)
- age   1:     654320 bytes,     654320 total
- age   2:     332080 bytes,     986400 total
- age   3:     609200 bytes,    1595600 total
: 16943K->1563K(18624K), 0.0022194 secs] 75039K->59659K(83392K), 0.0023288 secs] [Times: user=0.00 sys=0.00, real=0.00 secs] 
28.291: [GC 28.291: [ParNew
Desired survivor size 1343488 bytes, new threshold 2 (max 4)
- age   1:    1114416 bytes,    1114416 total
- age   2:     575336 bytes,    1689752 total
- age   3:     332080 bytes,    2021832 total
: 17527K->1981K(18624K), 0.0031946 secs] 75623K->60672K(83392K), 0.0033293 secs] [Times: user=0.01 sys=0.00, real=0.01 secs] 
28.306: [GC 28.306: [ParNew
Desired survivor size 1343488 bytes, new threshold 2 (max 4)
- age   1:     561656 bytes,     561656 total
- age   2:     941824 bytes,    1503480 total
: 17966K->1472K(18624K), 0.0030473 secs] 76657K->60961K(83392K), 0.0032686 secs] [Times: user=0.00 sys=0.00, real=0.00 secs] 
28.321: [GC 28.321: [ParNew
Desired survivor size 1343488 bytes, new threshold 4 (max 4)
- age   1:     640720 bytes,     640720 total
: 17442K->628K(18624K), 0.0024372 secs] 76931K->61037K(83392K), 0.0025264 secs] [Times: user=0.01 sys=0.00, real=0.00 secs] 
28.335: [GC 28.335: [ParNew
Desired survivor size 1343488 bytes, new threshold 4 (max 4)
- age   1:     629528 bytes,     629528 total
- age   2:     608024 bytes,    1237552 total
: 16627K->1211K(18624K), 0.0019857 secs] 77036K->61620K(83392K), 0.0020984 secs] [Times: user=0.00 sys=0.00, real=0.00 secs] 
28.348: [GC 28.348: [ParNew
Desired survivor size 1343488 bytes, new threshold 3 (max 4)
- age   1:     656888 bytes,     656888 total
- age   2:     510640 bytes,    1167528 total
- age   3:     608024 bytes,    1775552 total
: 17187K->1736K(18624K), 0.0025804 secs] 77595K->62145K(83392K), 0.0026843 secs] [Times: user=0.00 sys=0.00, real=0.00 secs] 
28.362: [GC 28.362: [ParNew
Desired survivor size 1343488 bytes, new threshold 3 (max 4)
- age   1:     603216 bytes,     603216 total
- age   2:     505120 bytes,    1108336 total
- age   3:     510640 bytes,    1618976 total
: 17727K->1584K(18624K), 0.0030221 secs] 78136K->62587K(83392K), 0.0031263 secs] [Times: user=0.01 sys=0.00, real=0.01 secs] 
28.377: [GC 28.377: [ParNew
Desired survivor size 1343488 bytes, new threshold 3 (max 4)
- age   1:     505896 bytes,     505896 total
- age   2:     373632 bytes,     879528 total
- age   3:     505120 bytes,    1384648 total
: 17578K->1355K(18624K), 0.0026556 secs] 78581K->62857K(83392K), 0.0027553 secs] [Times: user=0.00 sys=0.00, real=0.00 secs] 
28.391: [GC 28.391: [ParNew
Desired survivor size 1343488 bytes, new threshold 4 (max 4)
- age   1:     139952 bytes,     139952 total
- age   2:     452440 bytes,     592392 total
- age   3:     373632 bytes,     966024 total
: 17319K->946K(18624K), 0.0023177 secs] 78821K->62941K(83392K), 0.0024403 secs] [Times: user=0.01 sys=0.00, real=0.00 secs] 
28.406: [GC 28.406: [ParNew
Desired survivor size 1343488 bytes, new threshold 4 (max 4)
- age   1:     677520 bytes,     677520 total
- age   2:         40 bytes,     677560 total
- age   3:     452440 bytes,    1130000 total
- age   4:     295776 bytes,    1425776 total
: 16932K->1395K(18624K), 0.0018988 secs] 78926K->63390K(83392K), 0.0019940 secs] [Times: user=0.00 sys=0.00, real=0.00 secs] 
28.420: [GC 28.421: [ParNew
Desired survivor size 1343488 bytes, new threshold 4 (max 4)
- age   1:     150936 bytes,     150936 total
- age   2:     616504 bytes,     767440 total
- age   3:         40 bytes,     767480 total
- age   4:     452440 bytes,    1219920 total
: 17394K->1194K(18624K), 0.0023491 secs] 79388K->63477K(83392K), 0.0024426 secs] [Times: user=0.00 sys=0.00, real=0.00 secs] 
28.437: [GC 28.437: [ParNew (promotion failed)
Desired survivor size 1343488 bytes, new threshold 3 (max 4)
- age   1:     722736 bytes,     722736 total
- age   2:      84464 bytes,     807200 total
- age   3:     616504 bytes,    1423704 total
- age   4:         40 bytes,    1423744 total
: 17194K->17392K(18624K), 0.0023005 secs]28.440: [CMS28.440: [CMS-concurrent-abortable-preclean: 0.032/0.813 secs] [Times: user=1.30 sys=0.06, real=0.81 secs] 
 (concurrent mode failure): 62354K->8302K(64768K), 0.0931888 secs] 79477K->8302K(83392K), [CMS Perm : 10698K->10698K(21248K)], 0.0956950 secs] [Times: user=0.09 sys=0.00, real=0.09 secs] 
28.544: [GC 28.545: [ParNew
Desired survivor size 1343488 bytes, new threshold 4 (max 4)
- age   1:     482656 bytes,     482656 total
: 15997K->475K(18624K), 0.0009973 secs] 24299K->8777K(83392K), 0.0010894 secs] [Times: user=0.00 sys=0.00, real=0.00 secs] 
28.557: [GC 28.557: [ParNew
Desired survivor size 1343488 bytes, new threshold 4 (max 4)
- age   1:     277784 bytes,     277784 total
- age   2:     421120 bytes,     698904 total
: 16461K->686K(18624K), 0.0012082 secs] 24764K->8989K(83392K), 0.0013068 secs] [Times: user=0.00 sys=0.00, real=0.00 secs] 
28.571: [GC 28.571: [ParNew
Desired survivor size 1343488 bytes, new threshold 3 (max 4)
- age   1:     775264 bytes,     775264 total
- age   2:     210200 bytes,     985464 total
- age   3:     421120 bytes,    1406584 total
: 16642K->1377K(18624K), 0.0018294 secs] 24945K->9680K(83392K), 0.0019277 secs] [Times: user=0.00 sys=0.00, real=0.00 secs] 
28.585: [GC 28.585: [ParNew
Desired survivor size 1343488 bytes, new threshold 4 (max 4)
- age   1:     403512 bytes,     403512 total
- age   2:     392816 bytes,     796328 total
- age   3:     210200 bytes,    1006528 total
: 17338K->986K(18624K), 0.0017393 secs] 25641K->9704K(83392K), 0.0018318 secs] [Times: user=0.01 sys=0.00, real=0.00 secs] 
28.598: [GC 28.598: [ParNew
Desired survivor size 1343488 bytes, new threshold 4 (max 4)
- age   1:     215160 bytes,     215160 total
- age   2:      77536 bytes,     292696 total
- age   3:     312920 bytes,     605616 total
- age   4:     210200 bytes,     815816 total
: 16964K->800K(18624K), 0.0016552 secs] 25682K->9518K(83392K), 0.0017703 secs] [Times: user=0.00 sys=0.00, real=0.00 secs] 
28.611: [GC 28.611: [ParNew
Desired survivor size 1343488 bytes, new threshold 3 (max 4)
- age   1:    1234552 bytes,    1234552 total
- age   2:      72528 bytes,    1307080 total
- age   3:      77536 bytes,    1384616 total
- age   4:     312920 bytes,    1697536 total
: 16794K->1661K(18624K), 0.0019614 secs] 25512K->10584K(83392K), 0.0020690 secs] [Times: user=0.00 sys=0.00, real=0.00 secs] 
28.625: [GC 28.626: [ParNew
Desired survivor size 1343488 bytes, new threshold 4 (max 4)
- age   1:     307504 bytes,     307504 total
- age   2:     946824 bytes,    1254328 total
- age   3:      72528 bytes,    1326856 total
: 17661K->1299K(18624K), 0.0020727 secs] 26584K->10528K(83392K), 0.0021940 secs] [Times: user=0.00 sys=0.00, real=0.00 secs] 
28.639: [GC 28.639: [ParNew
Desired survivor size 1343488 bytes, new threshold 3 (max 4)
- age   1:     317888 bytes,     317888 total
- age   2:     240600 bytes,     558488 total
- age   3:     801848 bytes,    1360336 total
: 17252K->1332K(18624K), 0.0018286 secs] 26481K->10561K(83392K), 0.0019457 secs] [Times: user=0.00 sys=0.00, real=0.00 secs] 
28.653: [GC 28.653: [ParNew
Desired survivor size 1343488 bytes, new threshold 4 (max 4)
- age   1:     493816 bytes,     493816 total
- age   2:     247808 bytes,     741624 total
- age   3:     240600 bytes,     982224 total
: 17264K->962K(18624K), 0.0018145 secs] 26493K->10498K(83392K), 0.0019217 secs] [Times: user=0.01 sys=0.00, real=0.01 secs] 
28.669: [GC 28.669: [ParNew
Desired survivor size 1343488 bytes, new threshold 4 (max 4)
- age   1:     317080 bytes,     317080 total
- age   2:     416608 bytes,     733688 total
- age   4:     155688 bytes,     889376 total
: 16955K->871K(18624K), 0.0019956 secs] 26491K->10407K(83392K), 0.0021843 secs] [Times: user=0.01 sys=0.00, real=0.00 secs] 
28.682: [GC 28.682: [ParNew
Desired survivor size 1343488 bytes, new threshold 4 (max 4)
- age   1:     253712 bytes,     253712 total
- age   2:      79800 bytes,     333512 total
- age   3:     164680 bytes,     498192 total
: 16795K->489K(18624K), 0.0012146 secs] 26330K->10177K(83392K), 0.0013503 secs] [Times: user=0.00 sys=0.00, real=0.00 secs] 
28.699: [GC 28.699: [ParNew
Desired survivor size 1343488 bytes, new threshold 4 (max 4)
- age   1:     372592 bytes,     372592 total
- age   2:     167392 bytes,     539984 total
- age   3:        120 bytes,     540104 total
- age   4:     164680 bytes,     704784 total
: 16434K->689K(18624K), 0.0014608 secs] 26122K->10376K(83392K), 0.0015598 secs] [Times: user=0.00 sys=0.00, real=0.00 secs] 
28.715: [GC 28.715: [ParNew
Desired survivor size 1343488 bytes, new threshold 4 (max 4)
- age   1:     362536 bytes,     362536 total
- age   2:     239552 bytes,     602088 total
- age   3:     167392 bytes,     769480 total
- age   4:        120 bytes,     769600 total
: 16684K->755K(18624K), 0.0012707 secs] 26372K->10604K(83392K), 0.0013524 secs] [Times: user=0.01 sys=0.00, real=0.00 secs] 
28.727: [GC 28.727: [ParNew
Desired survivor size 1343488 bytes, new threshold 4 (max 4)
- age   1:     431008 bytes,     431008 total
- age   2:     305856 bytes,     736864 total
- age   3:     239552 bytes,     976416 total
- age   4:     167392 bytes,    1143808 total
: 16735K->1129K(18624K), 0.0017380 secs] 26584K->10977K(83392K), 0.0018450 secs] [Times: user=0.01 sys=0.00, real=0.00 secs] 
28.742: [GC 28.742: [ParNew
Desired survivor size 1343488 bytes, new threshold 4 (max 4)
- age   1:     745560 bytes,     745560 total
- age   2:     261968 bytes,    1007528 total
- age   3:      91408 bytes,    1098936 total
- age   4:     239552 bytes,    1338488 total
: 17108K->1313K(18624K), 0.0017786 secs] 26956K->11325K(83392K), 0.0018975 secs] [Times: user=0.00 sys=0.00, real=0.00 secs] 
28.758: [GC 28.758: [ParNew
Desired survivor size 1343488 bytes, new threshold 4 (max 4)
- age   1:     376936 bytes,     376936 total
- age   2:     615000 bytes,     991936 total
- age   3:     211160 bytes,    1203096 total
- age   4:      91408 bytes,    1294504 total
: 17201K->1272K(18624K), 0.0020280 secs] 27213K->11518K(83392K), 0.0021273 secs] [Times: user=0.00 sys=0.00, real=0.00 secs] 
28.773: [GC 28.773: [ParNew
Desired survivor size 1343488 bytes, new threshold 4 (max 4)
- age   1:     458496 bytes,     458496 total
- age   2:     295224 bytes,     753720 total
- age   3:     395992 bytes,    1149712 total
- age   4:     211160 bytes,    1360872 total
: 17240K->1344K(18624K), 0.0018389 secs] 27486K->11678K(83392K), 0.0019437 secs] [Times: user=0.01 sys=0.00, real=0.01 secs] 
28.786: [GC 28.786: [ParNew
Desired survivor size 1343488 bytes, new threshold 4 (max 4)
- age   1:     220384 bytes,     220384 total
- age   2:     382488 bytes,     602872 total
- age   3:     295224 bytes,     898096 total
- age   4:     395992 bytes,    1294088 total
: 17283K->1270K(18624K), 0.0018947 secs] 27617K->11810K(83392K), 0.0019972 secs] [Times: user=0.00 sys=0.00, real=0.00 secs] 
28.799: [GC 28.799: [ParNew
Desired survivor size 1343488 bytes, new threshold 3 (max 4)
- age   1:    1047648 bytes,    1047648 total
- age   2:     140408 bytes,    1188056 total
- age   3:     382488 bytes,    1570544 total
- age   4:     295224 bytes,    1865768 total
: 17235K->1830K(18624K), 0.0023220 secs] 27776K->12592K(83392K), 0.0024579 secs] [Times: user=0.00 sys=0.00, real=0.00 secs] 
28.818: [GC 28.819: [ParNew
Desired survivor size 1343488 bytes, new threshold 2 (max 4)
- age   1:     502088 bytes,     502088 total
- age   2:     962304 bytes,    1464392 total
- age   3:        336 bytes,    1464728 total
: 17771K->1444K(18624K), 0.0027544 secs] 28533K->12785K(83392K), 0.0028524 secs] [Times: user=0.01 sys=0.00, real=0.00 secs] 
28.834: [GC 28.834: [ParNew
Desired survivor size 1343488 bytes, new threshold 4 (max 4)
- age   1:     592136 bytes,     592136 total
- age   2:     417192 bytes,    1009328 total
: 17444K->989K(18624K), 0.0023182 secs] 28785K->13270K(83392K), 0.0024075 secs] [Times: user=0.00 sys=0.00, real=0.01 secs] 
28.847: [GC 28.847: [ParNew
Desired survivor size 1343488 bytes, new threshold 4 (max 4)
- age   1:     339072 bytes,     339072 total
- age   2:     356408 bytes,     695480 total
- age   3:     416624 bytes,    1112104 total
: 16989K->1089K(18624K), 0.0015363 secs] 29270K->13370K(83392K), 0.0016341 secs] [Times: user=0.00 sys=0.00, real=0.00 secs] 
28.862: [GC 28.862: [ParNew
Desired survivor size 1343488 bytes, new threshold 4 (max 4)
- age   1:     260448 bytes,     260448 total
- age   2:     338264 bytes,     598712 total
- age   3:     356408 bytes,     955120 total
- age   4:     339408 bytes,    1294528 total
: 17057K->1266K(18624K), 0.0016078 secs] 29338K->13547K(83392K), 0.0017044 secs] [Times: user=0.01 sys=0.00, real=0.00 secs] 
28.875: [GC 28.875: [ParNew
Desired survivor size 1343488 bytes, new threshold 4 (max 4)
- age   1:     422176 bytes,     422176 total
- age   2:     260448 bytes,     682624 total
- age   3:     338264 bytes,    1020888 total
- age   4:     356408 bytes,    1377296 total
: 17182K->1348K(18624K), 0.0023686 secs] 29463K->13960K(83392K), 0.0024803 secs] [Times: user=0.00 sys=0.00, real=0.00 secs] 
28.893: [GC 28.893: [ParNew
Desired survivor size 1343488 bytes, new threshold 4 (max 4)
- age   1:     578696 bytes,     578696 total
- age   2:     252104 bytes,     830800 total
- age   3:     260448 bytes,    1091248 total
- age   4:     338264 bytes,    1429512 total
: 17214K->1398K(18624K), 0.0018456 secs] 29827K->14359K(83392K), 0.0019387 secs] [Times: user=0.00 sys=0.00, real=0.01 secs] 
28.907: [GC 28.907: [ParNew
Desired survivor size 1343488 bytes, new threshold 4 (max 4)
- age   1:     509976 bytes,     509976 total
- age   2:     249808 bytes,     759784 total
- age   3:     252104 bytes,    1011888 total
- age   4:     260448 bytes,    1272336 total
: 17395K->1247K(18624K), 0.0020040 secs] 30356K->14538K(83392K), 0.0021314 secs] [Times: user=0.01 sys=0.00, real=0.00 secs] 
28.922: [GC 28.922: [ParNew
Desired survivor size 1343488 bytes, new threshold 4 (max 4)
- age   1:     463384 bytes,     463384 total
- age   2:     431896 bytes,     895280 total
- age   3:      84432 bytes,     979712 total
- age   4:     252104 bytes,    1231816 total
: 17199K->1208K(18624K), 0.0026791 secs] 30490K->14676K(83392K), 0.0028056 secs] [Times: user=0.00 sys=0.00, real=0.01 secs] 
28.936: [GC 28.936: [ParNew
Desired survivor size 1343488 bytes, new threshold 4 (max 4)
- age   1:     434976 bytes,     434976 total
- age   2:     385112 bytes,     820088 total
- age   3:     431896 bytes,    1251984 total
- age   4:      84432 bytes,    1336416 total
: 17205K->1310K(18624K), 0.0020382 secs] 30673K->15024K(83392K), 0.0021570 secs] [Times: user=0.00 sys=0.00, real=0.00 secs] 
28.950: [GC 28.950: [ParNew
Desired survivor size 1343488 bytes, new threshold 4 (max 4)
- age   1:     431800 bytes,     431800 total
- age   2:     328928 bytes,     760728 total
- age   3:     385112 bytes,    1145840 total
- age   4:     431896 bytes,    1577736 total
: 17276K->1548K(18624K), 0.0021209 secs] 30990K->15344K(83392K), 0.0022213 secs] [Times: user=0.01 sys=0.00, real=0.00 secs] 
28.965: [GC 28.965: [ParNew
Desired survivor size 1343488 bytes, new threshold 4 (max 4)
- age   1:     753488 bytes,     753488 total
- age   2:     159448 bytes,     912936 total
- age   3:     162936 bytes,    1075872 total
- age   4:     385112 bytes,    1460984 total
: 17503K->1429K(18624K), 0.0020702 secs] 31299K->15648K(83392K), 0.0021679 secs] [Times: user=0.00 sys=0.00, real=0.00 secs] 
28.985: [GC 28.985: [ParNew
Desired survivor size 1343488 bytes, new threshold 4 (max 4)
- age   1:      55432 bytes,      55432 total
- age   2:     667128 bytes,     722560 total
- age   3:     159448 bytes,     882008 total
- age   4:     162936 bytes,    1044944 total
: 17429K->1026K(18624K), 0.0013220 secs] 31648K->15253K(83392K), 0.0013993 secs] [Times: user=0.00 sys=0.00, real=0.00 secs] 
28.997: [GC 28.998: [ParNew
Desired survivor size 1343488 bytes, new threshold 4 (max 4)
- age   1:     148344 bytes,     148344 total
- age   2:      32920 bytes,     181264 total
- age   3:     335688 bytes,     516952 total
- age   4:     159448 bytes,     676400 total
: 17016K->662K(18624K), 0.0013469 secs] 31243K->15048K(83392K), 0.0015085 secs] [Times: user=0.00 sys=0.00, real=0.00 secs] 
29.024: [GC 29.024: [ParNew
Desired survivor size 1343488 bytes, new threshold 4 (max 4)
- age   1:     529664 bytes,     529664 total
- age   2:      62024 bytes,     591688 total
- age   3:      32216 bytes,     623904 total
- age   4:     168024 bytes,     791928 total
: 16662K->774K(18624K), 0.0013544 secs] 31048K->15316K(83392K), 0.0014339 secs] [Times: user=0.00 sys=0.00, real=0.01 secs] 
29.037: [GC 29.037: [ParNew
Desired survivor size 1343488 bytes, new threshold 4 (max 4)
- age   1:     246616 bytes,     246616 total
- age   2:     476560 bytes,     723176 total
- age   3:      62024 bytes,     785200 total
- age   4:      32216 bytes,     817416 total
: 16722K->805K(18624K), 0.0016180 secs] 31263K->15511K(83392K), 0.0017456 secs] [Times: user=0.01 sys=0.00, real=0.00 secs] 
29.051: [GC 29.051: [ParNew
Desired survivor size 1343488 bytes, new threshold 4 (max 4)
- age   1:     252112 bytes,     252112 total
- age   2:     167536 bytes,     419648 total
- age   3:     229552 bytes,     649200 total
- age   4:      62024 bytes,     711224 total
: 16798K->703K(18624K), 0.0015579 secs] 31504K->15440K(83392K), 0.0016561 secs] [Times: user=0.01 sys=0.00, real=0.00 secs] 
29.074: [GC 29.074: [ParNew
Desired survivor size 1343488 bytes, new threshold 4 (max 4)
- age   1:     209056 bytes,     209056 total
- age   2:      82792 bytes,     291848 total
- age   3:     124480 bytes,     416328 total
- age   4:     226584 bytes,     642912 total
: 16703K->637K(18624K), 0.0015313 secs] 31440K->15435K(83392K), 0.0016183 secs] [Times: user=0.00 sys=0.00, real=0.01 secs] 
29.088: [GC 29.088: [ParNew
Desired survivor size 1343488 bytes, new threshold 4 (max 4)
- age   1:     565376 bytes,     565376 total
- age   2:     208232 bytes,     773608 total
- age   3:      82792 bytes,     856400 total
- age   4:     124480 bytes,     980880 total
: 16635K->986K(18624K), 0.0019249 secs] 31433K->16007K(83392K), 0.0020153 secs] [Times: user=0.00 sys=0.00, real=0.00 secs] 
29.103: [GC 29.103: [ParNew
Desired survivor size 1343488 bytes, new threshold 4 (max 4)
- age   1:     185080 bytes,     185080 total
- age   2:     236584 bytes,     421664 total
- age   3:     123440 bytes,     545104 total
- age   4:      82752 bytes,     627856 total
: 16970K->637K(18624K), 0.0014309 secs] 31991K->15780K(83392K), 0.0015245 secs] [Times: user=0.00 sys=0.00, real=0.01 secs] 
29.124: [GC 29.125: [ParNew
Desired survivor size 1343488 bytes, new threshold 4 (max 4)
- age   1:     523008 bytes,     523008 total
- age   2:      99344 bytes,     622352 total
- age   3:     236584 bytes,     858936 total
- age   4:      23792 bytes,     882728 total
: 16587K->916K(18624K), 0.0016208 secs] 31730K->16059K(83392K), 0.0017099 secs] [Times: user=0.01 sys=0.00, real=0.00 secs] 
29.138: [GC 29.138: [ParNew
Desired survivor size 1343488 bytes, new threshold 4 (max 4)
- age   1:     450432 bytes,     450432 total
- age   2:     476208 bytes,     926640 total
- age   3:      99344 bytes,    1025984 total
- age   4:     236584 bytes,    1262568 total
: 16911K->1276K(18624K), 0.0025579 secs] 32054K->16444K(83392K), 0.0026879 secs] [Times: user=0.01 sys=0.00, real=0.00 secs] 
29.153: [GC 29.154: [ParNew
Desired survivor size 1343488 bytes, new threshold 4 (max 4)
- age   1:     433352 bytes,     433352 total
- age   2:     396024 bytes,     829376 total
- age   3:     187424 bytes,    1016800 total
- age   4:      99344 bytes,    1116144 total
: 17276K->1128K(18624K), 0.0018654 secs] 32444K->16527K(83392K), 0.0020667 secs] [Times: user=0.00 sys=0.00, real=0.01 secs] 
29.169: [GC 29.169: [ParNew
Desired survivor size 1343488 bytes, new threshold 3 (max 4)
- age   1:     874824 bytes,     874824 total
- age   2:     349240 bytes,    1224064 total
- age   3:     396024 bytes,    1620088 total
- age   4:     101368 bytes,    1721456 total
: 17128K->1694K(18624K), 0.0026228 secs] 32527K->17190K(83392K), 0.0027803 secs] [Times: user=0.01 sys=0.00, real=0.00 secs] 
29.185: [GC 29.185: [ParNew
Desired survivor size 1343488 bytes, new threshold 4 (max 4)
- age   1:     342168 bytes,     342168 total
- age   2:     814840 bytes,    1157008 total
- age   3:     137288 bytes,    1294296 total
: 17693K->1333K(18624K), 0.0021622 secs] 33189K->17170K(83392K), 0.0022547 secs] [Times: user=0.01 sys=0.00, real=0.00 secs] 
29.199: [GC 29.199: [ParNew
Desired survivor size 1343488 bytes, new threshold 4 (max 4)
- age   1:     326744 bytes,     326744 total
- age   2:     319688 bytes,     646432 total
- age   3:     569808 bytes,    1216240 total
- age   4:     137288 bytes,    1353528 total
: 17324K->1455K(18624K), 0.0018383 secs] 33162K->17293K(83392K), 0.0019747 secs] [Times: user=0.00 sys=0.00, real=0.00 secs] 
29.213: [GC 29.214: [ParNew
Desired survivor size 1343488 bytes, new threshold 4 (max 4)
- age   1:     496360 bytes,     496360 total
- age   2:     242104 bytes,     738464 total
- age   3:     246064 bytes,     984528 total
- age   4:     413072 bytes,    1397600 total
: 17454K->1384K(18624K), 0.0017859 secs] 33291K->17355K(83392K), 0.0020723 secs] [Times: user=0.00 sys=0.00, real=0.01 secs] 
29.228: [GC 29.228: [ParNew
Desired survivor size 1343488 bytes, new threshold 4 (max 4)
- age   1:     335392 bytes,     335392 total
- age   2:     459312 bytes,     794704 total
- age   3:      83712 bytes,     878416 total
- age   4:     246064 bytes,    1124480 total
: 17357K->1125K(18624K), 0.0018051 secs] 33329K->17500K(83392K), 0.0019178 secs] [Times: user=0.00 sys=0.00, real=0.00 secs] 
29.242: [GC 29.242: [ParNew
Desired survivor size 1343488 bytes, new threshold 4 (max 4)
- age   1:     357824 bytes,     357824 total
- age   2:      21656 bytes,     379480 total
- age   3:     260592 bytes,     640072 total
- age   4:      83712 bytes,     723784 total
: 17124K->747K(18624K), 0.0013120 secs] 33499K->17184K(83392K), 0.0014136 secs] [Times: user=0.00 sys=0.00, real=0.00 secs] 
29.255: [GC 29.255: [ParNew
Desired survivor size 1343488 bytes, new threshold 4 (max 4)
- age   1:     162840 bytes,     162840 total
- age   2:     327872 bytes,     490712 total
- age   3:      21656 bytes,     512368 total
- age   4:     165936 bytes,     678304 total
: 16743K->695K(18624K), 0.0014779 secs] 33180K->17214K(83392K), 0.0015720 secs] [Times: user=0.00 sys=0.00, real=0.00 secs] 
29.269: [GC 29.269: [ParNew
Desired survivor size 1343488 bytes, new threshold 4 (max 4)
- age   1:     327048 bytes,     327048 total
- age   2:     135912 bytes,     462960 total
- age   3:     327744 bytes,     790704 total
- age   4:      21656 bytes,     812360 total
: 16687K->815K(18624K), 0.0017169 secs] 33206K->17361K(83392K), 0.0018355 secs] [Times: user=0.01 sys=0.00, real=0.00 secs] 
29.284: [GC 29.284: [ParNew
Desired survivor size 1343488 bytes, new threshold 4 (max 4)
- age   1:     166744 bytes,     166744 total
- age   3:     135912 bytes,     302656 total
- age   4:     327744 bytes,     630400 total
: 16815K->750K(18624K), 0.0020807 secs] 33361K->17317K(83392K), 0.0021617 secs] [Times: user=0.01 sys=0.00, real=0.00 secs] 
29.299: [GC 29.300: [ParNew
Desired survivor size 1343488 bytes, new threshold 4 (max 4)
- age   1:     414360 bytes,     414360 total
- age   2:     166560 bytes,     580920 total
- age   4:     135912 bytes,     716832 total
: 16736K->738K(18624K), 0.0019445 secs] 33303K->17367K(83392K), 0.0020588 secs] [Times: user=0.00 sys=0.00, real=0.00 secs] 
29.314: [GC 29.314: [ParNew
Desired survivor size 1343488 bytes, new threshold 4 (max 4)
- age   1:     291424 bytes,     291424 total
- age   2:     182992 bytes,     474416 total
- age   3:        640 bytes,     475056 total
: 16659K->487K(18624K), 0.0011389 secs] 33287K->17248K(83392K), 0.0012213 secs] [Times: user=0.00 sys=0.00, real=0.01 secs] 
29.326: [GC 29.326: [ParNew
Desired survivor size 1343488 bytes, new threshold 4 (max 4)
- age   1:     369896 bytes,     369896 total
- age   2:     233664 bytes,     603560 total
- age   3:     182992 bytes,     786552 total
- age   4:        640 bytes,     787192 total
: 16431K->783K(18624K), 0.0015974 secs] 33192K->17544K(83392K), 0.0017657 secs] [Times: user=0.00 sys=0.00, real=0.00 secs] 
29.339: [GC 29.339: [ParNew
Desired survivor size 1343488 bytes, new threshold 4 (max 4)
- age   1:     528384 bytes,     528384 total
- age   2:     335424 bytes,     863808 total
- age   3:     233664 bytes,    1097472 total
- age   4:      64016 bytes,    1161488 total
: 16775K->1264K(18624K), 0.0019222 secs] 33536K->18025K(83392K), 0.0020141 secs] [Times: user=0.00 sys=0.00, real=0.00 secs] 
29.352: [GC 29.353: [ParNew
Desired survivor size 1343488 bytes, new threshold 4 (max 4)
- age   1:     238344 bytes,     238344 total
- age   2:     490656 bytes,     729000 total
- age   3:     335424 bytes,    1064424 total
- age   4:     233664 bytes,    1298088 total
: 17264K->1289K(18624K), 0.0023275 secs] 34025K->18053K(83392K), 0.0024485 secs] [Times: user=0.00 sys=0.00, real=0.01 secs] 
29.366: [GC 29.366: [ParNew
Desired survivor size 1343488 bytes, new threshold 4 (max 4)
- age   1:     261064 bytes,     261064 total
- age   2:     215176 bytes,     476240 total
- age   3:     217280 bytes,     693520 total
- age   4:     335424 bytes,    1028944 total
: 17288K->1032K(18624K), 0.0017776 secs] 34052K->18025K(83392K), 0.0018833 secs] [Times: user=0.01 sys=0.00, real=0.00 secs] 
29.380: [GC 29.380: [ParNew
Desired survivor size 1343488 bytes, new threshold 4 (max 4)
- age   1:     272848 bytes,     272848 total
- age   2:     211880 bytes,     484728 total
- age   3:     215176 bytes,     699904 total
- age   4:     217280 bytes,     917184 total
: 17027K->970K(18624K), 0.0017081 secs] 34019K->18290K(83392K), 0.0018119 secs] [Times: user=0.00 sys=0.00, real=0.00 secs] 
29.393: [GC 29.393: [ParNew
Desired survivor size 1343488 bytes, new threshold 4 (max 4)
- age   1:     229232 bytes,     229232 total
- age   2:     188216 bytes,     417448 total
- age   3:     116472 bytes,     533920 total
- age   4:     132088 bytes,     666008 total
: 16920K->696K(18624K), 0.0014584 secs] 34240K->18228K(83392K), 0.0015529 secs] [Times: user=0.00 sys=0.00, real=0.01 secs] 
29.410: [GC 29.410: [ParNew
Desired survivor size 1343488 bytes, new threshold 4 (max 4)
- age   1:     349920 bytes,     349920 total
- age   2:     142792 bytes,     492712 total
- age   3:     188216 bytes,     680928 total
- age   4:     116472 bytes,     797400 total
: 16696K->787K(18624K), 0.0016194 secs] 34228K->18319K(83392K), 0.0017122 secs] [Times: user=0.01 sys=0.00, real=0.00 secs] 
29.425: [GC 29.425: [ParNew
Desired survivor size 1343488 bytes, new threshold 2 (max 4)
- age   1:    1043488 bytes,    1043488 total
- age   2:     304448 bytes,    1347936 total
- age   3:     142792 bytes,    1490728 total
- age   4:     188216 bytes,    1678944 total
: 16777K->1643K(18624K), 0.0021828 secs] 34309K->19289K(83392K), 0.0022751 secs] [Times: user=0.01 sys=0.00, real=0.00 secs] 
29.439: [GC 29.439: [ParNew
Desired survivor size 1343488 bytes, new threshold 4 (max 4)
- age   1:     244912 bytes,     244912 total
- age   2:    1011752 bytes,    1256664 total
: 17607K->1232K(18624K), 0.0020718 secs] 35253K->19333K(83392K), 0.0021723 secs] [Times: user=0.00 sys=0.00, real=0.00 secs] 
29.454: [GC 29.454: [ParNew
Desired survivor size 1343488 bytes, new threshold 3 (max 4)
- age   1:     216072 bytes,     216072 total
- age   2:     203368 bytes,     419440 total
- age   3:    1011752 bytes,    1431192 total
: 17228K->1398K(18624K), 0.0021488 secs] 35329K->19499K(83392K), 0.0022617 secs] [Times: user=0.01 sys=0.00, real=0.01 secs] 
29.467: [GC 29.468: [ParNew
Desired survivor size 1343488 bytes, new threshold 4 (max 4)
- age   1:     386824 bytes,     386824 total
- age   2:     174920 bytes,     561744 total
- age   3:       1400 bytes,     563144 total
: 17398K->560K(18624K), 0.0042450 secs] 35499K->19512K(83392K), 0.0043385 secs] [Times: user=0.00 sys=0.00, real=0.00 secs] 
29.483: [GC 29.483: [ParNew
Desired survivor size 1343488 bytes, new threshold 4 (max 4)
- age   1:     369968 bytes,     369968 total
- age   2:     365720 bytes,     735688 total
- age   3:     175320 bytes,     911008 total
- age   4:       1400 bytes,     912408 total
: 16504K->893K(18624K), 0.0015292 secs] 35456K->19845K(83392K), 0.0017142 secs] [Times: user=0.00 sys=0.00, real=0.01 secs] 
29.497: [GC 29.497: [ParNew
Desired survivor size 1343488 bytes, new threshold 4 (max 4)
- age   1:     817912 bytes,     817912 total
- age   2:     240112 bytes,    1058024 total
- age   3:     231376 bytes,    1289400 total
- age   4:     163120 bytes,    1452520 total
: 16881K->1424K(18624K), 0.0017864 secs] 35833K->20378K(83392K), 0.0019046 secs] [Times: user=0.00 sys=0.01, real=0.00 secs] 
29.511: [GC 29.511: [ParNew
Desired survivor size 1343488 bytes, new threshold 3 (max 4)
- age   1:     588608 bytes,     588608 total
- age   2:     733568 bytes,    1322176 total
- age   3:     240112 bytes,    1562288 total
- age   4:     231376 bytes,    1793664 total
: 17383K->1761K(18624K), 0.0025277 secs] 36336K->20725K(83392K), 0.0026419 secs] [Times: user=0.00 sys=0.00, real=0.00 secs] 
29.528: [GC 29.528: [ParNew
Desired survivor size 1343488 bytes, new threshold 3 (max 4)
- age   1:     496320 bytes,     496320 total
- age   2:     534368 bytes,    1030688 total
- age   3:     461584 bytes,    1492272 total
: 17752K->1460K(18624K), 0.0022864 secs] 36716K->20854K(83392K), 0.0023755 secs] [Times: user=0.00 sys=0.00, real=0.00 secs] 
29.543: [GC 29.543: [ParNew
Desired survivor size 1343488 bytes, new threshold 4 (max 4)
- age   1:     325456 bytes,     325456 total
- age   2:     416184 bytes,     741640 total
- age   3:     534368 bytes,    1276008 total
: 17459K->1247K(18624K), 0.0020285 secs] 36854K->21092K(83392K), 0.0021350 secs] [Times: user=0.01 sys=0.00, real=0.01 secs] 
29.557: [GC 29.558: [ParNew
Desired survivor size 1343488 bytes, new threshold 4 (max 4)
- age   1:     440752 bytes,     440752 total
- age   2:     279248 bytes,     720000 total
- age   3:     416184 bytes,    1136184 total
- age   4:     534368 bytes,    1670552 total
: 17237K->1632K(18624K), 0.0019061 secs] 37082K->21477K(83392K), 0.0020295 secs] [Times: user=0.00 sys=0.00, real=0.00 secs] 
29.571: [GC 29.571: [ParNew
Desired survivor size 1343488 bytes, new threshold 3 (max 4)
- age   1:     824632 bytes,     824632 total
- age   2:     397528 bytes,    1222160 total
- age   3:     184472 bytes,    1406632 total
- age   4:     381728 bytes,    1788360 total
: 17630K->1748K(18624K), 0.0031976 secs] 37475K->22115K(83392K), 0.0032973 secs] [Times: user=0.00 sys=0.00, real=0.01 secs] 
29.588: [GC 29.588: [ParNew
Desired survivor size 1343488 bytes, new threshold 3 (max 4)
- age   1:     541208 bytes,     541208 total
- age   2:     776264 bytes,    1317472 total
- age   3:      53712 bytes,    1371184 total
: 17748K->1341K(18624K), 0.0024170 secs] 38115K->22261K(83392K), 0.0025135 secs] [Times: user=0.01 sys=0.00, real=0.00 secs] 
29.601: [GC 29.601: [ParNew
Desired survivor size 1343488 bytes, new threshold 3 (max 4)
- age   1:     137008 bytes,     137008 total
- age   2:     537376 bytes,     674384 total
- age   3:     776264 bytes,    1450648 total
: 17319K->1419K(18624K), 0.0029772 secs] 38238K->22391K(83392K), 0.0030802 secs] [Times: user=0.01 sys=0.00, real=0.01 secs] 
29.616: [GC 29.617: [ParNew
Desired survivor size 1343488 bytes, new threshold 4 (max 4)
- age   1:     397360 bytes,     397360 total
- age   2:      41888 bytes,     439248 total
- age   3:     537376 bytes,     976624 total
: 17413K->955K(18624K), 0.0020843 secs] 38385K->22685K(83392K), 0.0021835 secs] [Times: user=0.00 sys=0.00, real=0.00 secs] 
29.630: [GC 29.630: [ParNew
Desired survivor size 1343488 bytes, new threshold 4 (max 4)
- age   1:     356608 bytes,     356608 total
- age   2:     334256 bytes,     690864 total
- age   3:      41888 bytes,     732752 total
- age   4:     537376 bytes,    1270128 total
: 16954K->1241K(18624K), 0.0020552 secs] 38684K->22972K(83392K), 0.0021552 secs] [Times: user=0.00 sys=0.00, real=0.00 secs] 
29.644: [GC 29.644: [ParNew
Desired survivor size 1343488 bytes, new threshold 4 (max 4)
- age   1:     519880 bytes,     519880 total
- age   2:     231104 bytes,     750984 total
- age   3:     239632 bytes,     990616 total
- age   4:      41888 bytes,    1032504 total
: 17235K->1011K(18624K), 0.0021696 secs] 38966K->23266K(83392K), 0.0022713 secs] [Times: user=0.01 sys=0.00, real=0.01 secs] 
29.658: [GC 29.658: [ParNew
Desired survivor size 1343488 bytes, new threshold 4 (max 4)
- age   1:     417384 bytes,     417384 total
- age   2:     472072 bytes,     889456 total
- age   3:     164664 bytes,    1054120 total
- age   4:      77552 bytes,    1131672 total
: 17010K->1107K(18624K), 0.0018078 secs] 39265K->23403K(83392K), 0.0019161 secs] [Times: user=0.01 sys=0.00, real=0.00 secs] 
29.671: [GC 29.671: [ParNew
Desired survivor size 1343488 bytes, new threshold 4 (max 4)
- age   1:     402504 bytes,     402504 total
- age   2:     286288 bytes,     688792 total
- age   3:     472072 bytes,    1160864 total
- age   4:     164664 bytes,    1325528 total
: 17077K->1297K(18624K), 0.0018742 secs] 39373K->23593K(83392K), 0.0019676 secs] [Times: user=0.00 sys=0.00, real=0.00 secs] 
29.685: [GC 29.685: [ParNew
Desired survivor size 1343488 bytes, new threshold 4 (max 4)
- age   1:     282984 bytes,     282984 total
- age   2:     232248 bytes,     515232 total
- age   3:     286288 bytes,     801520 total
- age   4:     472072 bytes,    1273592 total
: 17284K->1246K(18624K), 0.0018812 secs] 39580K->23703K(83392K), 0.0019776 secs] [Times: user=0.00 sys=0.00, real=0.00 secs] 
29.698: [GC 29.699: [ParNew
Desired survivor size 1343488 bytes, new threshold 4 (max 4)
- age   1:     591600 bytes,     591600 total
- age   2:     121344 bytes,     712944 total
- age   3:     232248 bytes,     945192 total
- age   4:     286288 bytes,    1231480 total
: 17245K->1205K(18624K), 0.0020677 secs] 39702K->24122K(83392K), 0.0021889 secs] [Times: user=0.01 sys=0.00, real=0.00 secs] 
29.714: [GC 29.714: [ParNew
Desired survivor size 1343488 bytes, new threshold 4 (max 4)
- age   1:     659672 bytes,     659672 total
- age   2:     537096 bytes,    1196768 total
- age   3:     121344 bytes,    1318112 total
- age   4:     154824 bytes,    1472936 total
: 17205K->1441K(18624K), 0.0020941 secs] 40122K->24639K(83392K), 0.0022205 secs] [Times: user=0.01 sys=0.00, real=0.01 secs] 
29.730: [GC 29.730: [ParNew
Desired survivor size 1343488 bytes, new threshold 3 (max 4)
- age   1:     482296 bytes,     482296 total
- age   2:     503952 bytes,     986248 total
- age   3:     537096 bytes,    1523344 total
- age   4:     121344 bytes,    1644688 total
: 17437K->1609K(18624K), 0.0026520 secs] 40634K->24958K(83392K), 0.0027521 secs] [Times: user=0.01 sys=0.00, real=0.00 secs] 
29.752: [GC 29.752: [ParNew
Desired survivor size 1343488 bytes, new threshold 4 (max 4)
- age   1:     361296 bytes,     361296 total
- age   2:     320344 bytes,     681640 total
- age   3:     503952 bytes,    1185592 total
: 17598K->1161K(18624K), 0.0030243 secs] 40946K->25034K(83392K), 0.0031081 secs] [Times: user=0.01 sys=0.00, real=0.01 secs] 
29.771: [GC 29.771: [ParNew
Desired survivor size 1343488 bytes, new threshold 4 (max 4)
- age   1:     540072 bytes,     540072 total
- age   2:     110536 bytes,     650608 total
- age   3:     157368 bytes,     807976 total
- age   4:     398112 bytes,    1206088 total
: 17130K->1180K(18624K), 0.0017705 secs] 41003K->25053K(83392K), 0.0019657 secs] [Times: user=0.01 sys=0.00, real=0.00 secs] 
29.790: [GC 29.790: [ParNew
Desired survivor size 1343488 bytes, new threshold 4 (max 4)
- age   1:     333696 bytes,     333696 total
- age   2:     199008 bytes,     532704 total
- age   3:     110536 bytes,     643240 total
- age   4:     157368 bytes,     800608 total
: 17137K->784K(18624K), 0.0036844 secs] 41010K->25046K(83392K), 0.0037752 secs] [Times: user=0.00 sys=0.00, real=0.00 secs] 
29.806: [GC 29.806: [ParNew
Desired survivor size 1343488 bytes, new threshold 4 (max 4)
- age   1:     347944 bytes,     347944 total
- age   2:      67144 bytes,     415088 total
- age   3:       1848 bytes,     416936 total
- age   4:     110536 bytes,     527472 total
: 16773K->517K(18624K), 0.0015264 secs] 41035K->24932K(83392K), 0.0016697 secs] [Times: user=0.00 sys=0.00, real=0.00 secs] 
29.821: [GC 29.821: [ParNew
Desired survivor size 1343488 bytes, new threshold 4 (max 4)
- age   1:     582232 bytes,     582232 total
- age   2:     311224 bytes,     893456 total
- age   3:      67144 bytes,     960600 total
- age   4:       1848 bytes,     962448 total
: 16516K->944K(18624K), 0.0018158 secs] 40932K->25467K(83392K), 0.0019213 secs] [Times: user=0.00 sys=0.00, real=0.00 secs] 
29.834: [GC 29.834: [ParNew
Desired survivor size 1343488 bytes, new threshold 4 (max 4)
- age   1:     375640 bytes,     375640 total
- age   2:     367176 bytes,     742816 total
- age   3:     311224 bytes,    1054040 total
- age   4:      67144 bytes,    1121184 total
: 16878K->1101K(18624K), 0.0017690 secs] 41402K->25626K(83392K), 0.0019372 secs] [Times: user=0.00 sys=0.00, real=0.01 secs] 
29.848: [GC 29.848: [ParNew
Desired survivor size 1343488 bytes, new threshold 4 (max 4)
- age   1:     160680 bytes,     160680 total
- age   2:     128224 bytes,     288904 total
- age   3:     367176 bytes,     656080 total
- age   4:     311224 bytes,     967304 total
: 17080K->950K(18624K), 0.0014186 secs] 41605K->25540K(83392K), 0.0015077 secs] [Times: user=0.00 sys=0.00, real=0.00 secs] 
29.862: [GC 29.862: [ParNew
Desired survivor size 1343488 bytes, new threshold 4 (max 4)
- age   1:     926520 bytes,     926520 total
- age   4:     323064 bytes,    1249584 total
: 16934K->1229K(18624K), 0.0021775 secs] 41524K->26112K(83392K), 0.0022802 secs] [Times: user=0.01 sys=0.00, real=0.01 secs] 
29.875: [GC 29.875: [ParNew
Desired survivor size 1343488 bytes, new threshold 4 (max 4)
- age   1:     394808 bytes,     394808 total
- age   2:     780000 bytes,    1174808 total
: 17210K->1149K(18624K), 0.0030089 secs] 42093K->26292K(83392K), 0.0031151 secs] [Times: user=0.01 sys=0.00, real=0.00 secs] 
29.890: [GC 29.890: [ParNew
Desired survivor size 1343488 bytes, new threshold 4 (max 4)
- age   1:     363264 bytes,     363264 total
- age   2:     366824 bytes,     730088 total
- age   3:     581360 bytes,    1311448 total
: 17099K->1284K(18624K), 0.0018075 secs] 42242K->26427K(83392K), 0.0019065 secs] [Times: user=0.00 sys=0.00, real=0.00 secs] 
29.903: [GC 29.903: [ParNew
Desired survivor size 1343488 bytes, new threshold 4 (max 4)
- age   1:     323696 bytes,     323696 total
- age   2:     332240 bytes,     655936 total
- age   3:     366824 bytes,    1022760 total
- age   4:     581360 bytes,    1604120 total
: 17265K->1569K(18624K), 0.0022082 secs] 42409K->26713K(83392K), 0.0023153 secs] [Times: user=0.00 sys=0.00, real=0.01 secs] 
29.918: [GC 29.918: [ParNew
Desired survivor size 1343488 bytes, new threshold 4 (max 4)
- age   1:     255336 bytes,     255336 total
- age   2:     284368 bytes,     539704 total
- age   3:     173416 bytes,     713120 total
- age   4:     366824 bytes,    1079944 total
: 17562K->1058K(18624K), 0.0025070 secs] 42705K->26658K(83392K), 0.0026206 secs] [Times: user=0.01 sys=0.00, real=0.00 secs] 
29.933: [GC 29.933: [ParNew
Desired survivor size 1343488 bytes, new threshold 4 (max 4)
- age   1:     450048 bytes,     450048 total
- age   2:     202216 bytes,     652264 total
- age   3:     284368 bytes,     936632 total
- age   4:     173416 bytes,    1110048 total
: 17010K->1087K(18624K), 0.0022346 secs] 42610K->27045K(83392K), 0.0023326 secs] [Times: user=0.00 sys=0.00, real=0.01 secs] 
29.946: [GC 29.947: [ParNew
Desired survivor size 1343488 bytes, new threshold 4 (max 4)
- age   1:     674160 bytes,     674160 total
- age   2:     391664 bytes,    1065824 total
- age   3:     202216 bytes,    1268040 total
- age   4:     284368 bytes,    1552408 total
: 17039K->1519K(18624K), 0.0021894 secs] 42997K->27647K(83392K), 0.0022972 secs] [Times: user=0.00 sys=0.00, real=0.00 secs] 
29.961: [GC 29.961: [ParNew
Desired survivor size 1343488 bytes, new threshold 4 (max 4)
- age   1:     744904 bytes,     744904 total
- age   2:     105544 bytes,     850448 total
- age   3:     391664 bytes,    1242112 total
- age   4:      45328 bytes,    1287440 total
: 17489K->1260K(18624K), 0.0021074 secs] 43617K->27666K(83392K), 0.0022666 secs] [Times: user=0.01 sys=0.00, real=0.00 secs] 
29.975: [GC 29.975: [ParNew
Desired survivor size 1343488 bytes, new threshold 4 (max 4)
- age   1:     395224 bytes,     395224 total
- age   2:     129888 bytes,     525112 total
- age   3:     105544 bytes,     630656 total
- age   4:     391664 bytes,    1022320 total
: 17237K->1001K(18624K), 0.0018120 secs] 43642K->27451K(83392K), 0.0019277 secs] [Times: user=0.01 sys=0.00, real=0.00 secs] 
29.988: [GC 29.988: [ParNew
Desired survivor size 1343488 bytes, new threshold 4 (max 4)
- age   1:     145448 bytes,     145448 total
- age   2:     325952 bytes,     471400 total
- age   3:     129848 bytes,     601248 total
- age   4:     105544 bytes,     706792 total
: 16994K->693K(18624K), 0.0018634 secs] 43444K->27525K(83392K), 0.0019609 secs] [Times: user=0.00 sys=0.00, real=0.00 secs] 
30.001: [GC 30.001: [ParNew
Desired survivor size 1343488 bytes, new threshold 4 (max 4)
- age   1:     461984 bytes,     461984 total
- age   2:     145448 bytes,     607432 total
- age   3:     258464 bytes,     865896 total
- age   4:     129848 bytes,     995744 total
: 16678K->975K(18624K), 0.0021606 secs] 43510K->27910K(83392K), 0.0022657 secs] [Times: user=0.00 sys=0.00, real=0.00 secs] 
30.015: [GC 30.015: [ParNew
Desired survivor size 1343488 bytes, new threshold 4 (max 4)
- age   1:     708328 bytes,     708328 total
- age   2:     350664 bytes,    1058992 total
- age   4:     123576 bytes,    1182568 total
: 16840K->1158K(18624K), 0.0019149 secs] 43775K->28220K(83392K), 0.0020243 secs] [Times: user=0.00 sys=0.00, real=0.00 secs] 
30.029: [GC 30.029: [ParNew
Desired survivor size 1343488 bytes, new threshold 4 (max 4)
- age   1:     552792 bytes,     552792 total
- age   2:     223960 bytes,     776752 total
- age   3:     350664 bytes,    1127416 total
: 17089K->1104K(18624K), 0.0017704 secs] 44151K->28287K(83392K), 0.0018790 secs] [Times: user=0.00 sys=0.00, real=0.00 secs] 
30.043: [GC 30.043: [ParNew
Desired survivor size 1343488 bytes, new threshold 4 (max 4)
- age   1:     270000 bytes,     270000 total
- age   2:     218472 bytes,     488472 total
- age   3:     223960 bytes,     712432 total
- age   4:     283448 bytes,     995880 total
: 17007K->976K(18624K), 0.0016257 secs] 44190K->28158K(83392K), 0.0017316 secs] [Times: user=0.01 sys=0.00, real=0.01 secs] 
30.056: [GC 30.056: [ParNew
Desired survivor size 1343488 bytes, new threshold 4 (max 4)
- age   1:     766096 bytes,     766096 total
- age   3:      75912 bytes,     842008 total
- age   4:     223960 bytes,    1065968 total
: 16905K->1044K(18624K), 0.0018327 secs] 44088K->28461K(83392K), 0.0019344 secs] [Times: user=0.00 sys=0.00, real=0.00 secs] 
30.070: [GC 30.070: [ParNew
Desired survivor size 1343488 bytes, new threshold 4 (max 4)
- age   1:     634928 bytes,     634928 total
- age   2:     278592 bytes,     913520 total
- age   4:      75912 bytes,     989432 total
: 17007K->969K(18624K), 0.0019179 secs] 44423K->28604K(83392K), 0.0020179 secs] [Times: user=0.00 sys=0.00, real=0.00 secs] 
30.085: [GC 30.085: [ParNew
Desired survivor size 1343488 bytes, new threshold 4 (max 4)
- age   1:     320752 bytes,     320752 total
- age   2:     483856 bytes,     804608 total
- age   3:      57600 bytes,     862208 total
: 16895K->845K(18624K), 0.0013017 secs] 44530K->28554K(83392K), 0.0013810 secs] [Times: user=0.00 sys=0.00, real=0.00 secs] 
30.098: [GC 30.099: [ParNew
Desired survivor size 1343488 bytes, new threshold 4 (max 4)
- age   1:     749632 bytes,     749632 total
- age   2:     157424 bytes,     907056 total
- age   3:     273416 bytes,    1180472 total
- age   4:      57600 bytes,    1238072 total
: 16765K->1212K(18624K), 0.0016582 secs] 44474K->28921K(83392K), 0.0017571 secs] [Times: user=0.00 sys=0.00, real=0.00 secs] 
30.111: [GC 30.111: [ParNew
Desired survivor size 1343488 bytes, new threshold 4 (max 4)
- age   1:     270176 bytes,     270176 total
- age   2:     667920 bytes,     938096 total
- age   3:     157424 bytes,    1095520 total
- age   4:     273416 bytes,    1368936 total
: 17164K->1340K(18624K), 0.0029334 secs] 44873K->29105K(83392K), 0.0030549 secs] [Times: user=0.01 sys=0.00, real=0.01 secs] 
30.125: [GC 30.125: [ParNew
Desired survivor size 1343488 bytes, new threshold 3 (max 4)
- age   1:     488768 bytes,     488768 total
- age   2:     204280 bytes,     693048 total
- age   3:     667920 bytes,    1360968 total
- age   4:     157424 bytes,    1518392 total
: 17332K->1484K(18624K), 0.0028145 secs] 45097K->29445K(83392K), 0.0029539 secs] [Times: user=0.01 sys=0.00, real=0.00 secs] 
30.140: [GC 30.140: [ParNew
Desired survivor size 1343488 bytes, new threshold 4 (max 4)
- age   1:     438640 bytes,     438640 total
- age   2:     264352 bytes,     702992 total
- age   3:     204280 bytes,     907272 total
: 17439K->889K(18624K), 0.0015511 secs] 45400K->29103K(83392K), 0.0016470 secs] [Times: user=0.00 sys=0.00, real=0.00 secs] 
30.153: [GC 30.154: [ParNew
Desired survivor size 1343488 bytes, new threshold 4 (max 4)
- age   1:     593752 bytes,     593752 total
- age   2:     318912 bytes,     912664 total
- age   3:     136552 bytes,    1049216 total
- age   4:     204280 bytes,    1253496 total
: 16875K->1227K(18624K), 0.0023715 secs] 45088K->29441K(83392K), 0.0024782 secs] [Times: user=0.00 sys=0.00, real=0.01 secs] 
30.167: [GC 30.167: [ParNew
Desired survivor size 1343488 bytes, new threshold 4 (max 4)
- age   1:     145144 bytes,     145144 total
- age   2:     254040 bytes,     399184 total
- age   3:     318912 bytes,     718096 total
- age   4:     136552 bytes,     854648 total
: 17178K->836K(18624K), 0.0019663 secs] 45391K->29249K(83392K), 0.0020794 secs] [Times: user=0.00 sys=0.00, real=0.00 secs] 
30.183: [GC 30.183: [ParNew
Desired survivor size 1343488 bytes, new threshold 4 (max 4)
- age   1:     371408 bytes,     371408 total
- age   2:      77888 bytes,     449296 total
- age   3:      83976 bytes,     533272 total
- age   4:     318912 bytes,     852184 total
: 16825K->835K(18624K), 0.0020548 secs] 45238K->29381K(83392K), 0.0021707 secs] [Times: user=0.01 sys=0.00, real=0.01 secs] 
30.196: [GC 30.196: [ParNew
Desired survivor size 1343488 bytes, new threshold 4 (max 4)
- age   1:     136288 bytes,     136288 total
- age   2:     106840 bytes,     243128 total
- age   3:      77888 bytes,     321016 total
- age   4:      83976 bytes,     404992 total
: 16824K->398K(18624K), 0.0014898 secs] 45371K->29256K(83392K), 0.0015847 secs] [Times: user=0.01 sys=0.00, real=0.00 secs] 
30.209: [GC 30.209: [ParNew
Desired survivor size 1343488 bytes, new threshold 4 (max 4)
- age   1:     538248 bytes,     538248 total
- age   3:     106136 bytes,     644384 total
- age   4:      77888 bytes,     722272 total
: 16360K->708K(18624K), 0.0015506 secs] 45218K->29648K(83392K), 0.0016463 secs] [Times: user=0.00 sys=0.00, real=0.00 secs] 
30.223: [GC 30.223: [ParNew
Desired survivor size 1343488 bytes, new threshold 4 (max 4)
- age   1:     586432 bytes,     586432 total
- age   2:     236872 bytes,     823304 total
- age   4:     106136 bytes,     929440 total
: 16651K->910K(18624K), 0.0021319 secs] 45591K->29926K(83392K), 0.0022465 secs] [Times: user=0.00 sys=0.00, real=0.01 secs] 
30.238: [GC 30.238: [ParNew
Desired survivor size 1343488 bytes, new threshold 4 (max 4)
- age   1:     514128 bytes,     514128 total
- age   2:     461752 bytes,     975880 total
- age   3:     236872 bytes,    1212752 total
: 16885K->1186K(18624K), 0.0020558 secs] 45901K->30305K(83392K), 0.0021570 secs] [Times: user=0.01 sys=0.00, real=0.00 secs] 
30.253: [GC 30.253: [ParNew
Desired survivor size 1343488 bytes, new threshold 3 (max 4)
- age   1:     850024 bytes,     850024 total
- age   2:     463288 bytes,    1313312 total
- age   3:     381808 bytes,    1695120 total
- age   4:     156880 bytes,    1852000 total
: 17144K->1815K(18624K), 0.0021414 secs] 46264K->30934K(83392K), 0.0023131 secs] [Times: user=0.00 sys=0.00, real=0.01 secs] 
30.267: [GC 30.267: [ParNew
Desired survivor size 1343488 bytes, new threshold 3 (max 4)
- age   1:     670448 bytes,     670448 total
- age   2:     629720 bytes,    1300168 total
- age   3:     463288 bytes,    1763456 total
: 17762K->1726K(18624K), 0.0023408 secs] 46881K->31237K(83392K), 0.0024328 secs] [Times: user=0.00 sys=0.00, real=0.00 secs] 
30.282: [GC 30.282: [ParNew
Desired survivor size 1343488 bytes, new threshold 3 (max 4)
- age   1:     443144 bytes,     443144 total
- age   2:     610712 bytes,    1053856 total
- age   3:     551464 bytes,    1605320 total
: 17693K->1578K(18624K), 0.0021376 secs] 47204K->31542K(83392K), 0.0022351 secs] [Times: user=0.01 sys=0.00, real=0.01 secs] 
30.296: [GC 30.296: [ParNew
Desired survivor size 1343488 bytes, new threshold 3 (max 4)
- age   1:     648664 bytes,     648664 total
- age   2:     377168 bytes,    1025832 total
- age   3:     447704 bytes,    1473536 total
: 17553K->1442K(18624K), 0.0021314 secs] 47517K->31713K(83392K), 0.0022344 secs] [Times: user=0.00 sys=0.00, real=0.00 secs] 
30.309: [GC 30.309: [ParNew
Desired survivor size 1343488 bytes, new threshold 3 (max 4)
- age   1:     676920 bytes,     676920 total
- age   2:     343272 bytes,    1020192 total
- age   3:     377168 bytes,    1397360 total
: 17410K->1368K(18624K), 0.0022907 secs] 47681K->32076K(83392K), 0.0023979 secs] [Times: user=0.00 sys=0.00, real=0.00 secs] 
30.325: [GC 30.325: [ParNew
Desired survivor size 1343488 bytes, new threshold 2 (max 4)
- age   1:     889192 bytes,     889192 total
- age   2:     530888 bytes,    1420080 total
- age   3:     183448 bytes,    1603528 total
: 17320K->1569K(18624K), 0.0021967 secs] 48028K->32569K(83392K), 0.0022924 secs] [Times: user=0.01 sys=0.00, real=0.00 secs] 
30.339: [GC 30.339: [ParNew
Desired survivor size 1343488 bytes, new threshold 1 (max 4)
- age   1:    1398576 bytes,    1398576 total
- age   2:     560736 bytes,    1959312 total
: 17556K->1916K(18624K), 0.0030640 secs] 48556K->33614K(83392K), 0.0032093 secs] [Times: user=0.00 sys=0.00, real=0.00 secs] 
30.354: [GC 30.354: [ParNew
Desired survivor size 1343488 bytes, new threshold 4 (max 4)
- age   1:     728824 bytes,     728824 total
: 17913K->715K(18624K), 0.0027596 secs] 49610K->34028K(83392K), 0.0028639 secs] [Times: user=0.01 sys=0.00, real=0.01 secs] 
30.368: [GC 30.369: [ParNew
Desired survivor size 1343488 bytes, new threshold 2 (max 4)
- age   1:     944968 bytes,     944968 total
- age   2:     713824 bytes,    1658792 total
: 16689K->1621K(18624K), 0.0025103 secs] 50001K->34934K(83392K), 0.0026181 secs] [Times: user=0.01 sys=0.00, real=0.00 secs] 
30.382: [GC 30.382: [ParNew
Desired survivor size 1343488 bytes, new threshold 2 (max 4)
- age   1:     882912 bytes,     882912 total
- age   2:     866600 bytes,    1749512 total
: 17512K->1712K(18624K), 0.0029738 secs] 50825K->35721K(83392K), 0.0031018 secs] [Times: user=0.00 sys=0.00, real=0.01 secs] 
30.388: [GC [1 CMS-initial-mark: 34009K(64768K)] 37151K(83392K), 0.0009085 secs] [Times: user=0.00 sys=0.00, real=0.00 secs] 
30.389: [CMS-concurrent-mark-start]
30.400: [GC 30.401: [ParNew
Desired survivor size 1343488 bytes, new threshold 2 (max 4)
- age   1:     845216 bytes,     845216 total
- age   2:     816104 bytes,    1661320 total
: 17692K->1626K(18624K), 0.0025712 secs] 51702K->36245K(83392K), 0.0026738 secs] [Times: user=0.00 sys=0.00, real=0.00 secs] 
30.416: [GC 30.417: [ParNew
Desired survivor size 1343488 bytes, new threshold 4 (max 4)
- age   1:     222312 bytes,     222312 total
- age   2:     778840 bytes,    1001152 total
: 17574K->979K(18624K), 0.0022261 secs] 52194K->36396K(83392K), 0.0023271 secs] [Times: user=0.01 sys=0.00, real=0.00 secs] 
30.433: [GC 30.433: [ParNew
Desired survivor size 1343488 bytes, new threshold 3 (max 4)
- age   1:    1002168 bytes,    1002168 total
- age   2:     145216 bytes,    1147384 total
- age   3:     778840 bytes,    1926224 total
: 16919K->1884K(18624K), 0.0022822 secs] 52336K->37301K(83392K), 0.0024278 secs] [Times: user=0.01 sys=0.00, real=0.01 secs] 
30.450: [GC 30.450: [ParNew
Desired survivor size 1343488 bytes, new threshold 2 (max 4)
- age   1:     581640 bytes,     581640 total
- age   2:     867784 bytes,    1449424 total
- age   3:     145216 bytes,    1594640 total
: 17850K->1560K(18624K), 0.0026573 secs] 53267K->37737K(83392K), 0.0027555 secs] [Times: user=0.01 sys=0.00, real=0.00 secs] 
30.461: [CMS-concurrent-mark: 0.060/0.072 secs] [Times: user=0.13 sys=0.00, real=0.07 secs] 
30.461: [CMS-concurrent-preclean-start]
30.462: [CMS-concurrent-preclean: 0.000/0.000 secs] [Times: user=0.00 sys=0.00, real=0.00 secs] 
30.462: [CMS-concurrent-abortable-preclean-start]
30.465: [GC 30.466: [ParNew
Desired survivor size 1343488 bytes, new threshold 4 (max 4)
- age   1:     242264 bytes,     242264 total
- age   2:     510024 bytes,     752288 total
: 17510K->736K(18624K), 0.0025083 secs] 53687K->37746K(83392K), 0.0026383 secs] [Times: user=0.00 sys=0.00, real=0.00 secs] 
30.482: [GC 30.482: [ParNew
Desired survivor size 1343488 bytes, new threshold 4 (max 4)
- age   1:     421336 bytes,     421336 total
- age   2:     162344 bytes,     583680 total
- age   3:     510024 bytes,    1093704 total
: 16687K->1071K(18624K), 0.0016426 secs] 53697K->38082K(83392K), 0.0017386 secs] [Times: user=0.00 sys=0.01, real=0.00 secs] 
30.496: [GC 30.496: [ParNew
Desired survivor size 1343488 bytes, new threshold 4 (max 4)
- age   1:     112792 bytes,     112792 total
- age   2:     340512 bytes,     453304 total
- age   3:     162344 bytes,     615648 total
- age   4:     510024 bytes,    1125672 total
: 17062K->1102K(18624K), 0.0018171 secs] 54073K->38113K(83392K), 0.0019324 secs] [Times: user=0.00 sys=0.00, real=0.00 secs] 
30.511: [GC 30.511: [ParNew
Desired survivor size 1343488 bytes, new threshold 4 (max 4)
- age   1:     706792 bytes,     706792 total
- age   2:      84024 bytes,     790816 total
- age   3:     340512 bytes,    1131328 total
- age   4:     162344 bytes,    1293672 total
: 17023K->1264K(18624K), 0.0025764 secs] 54034K->38773K(83392K), 0.0027268 secs] [Times: user=0.01 sys=0.00, real=0.00 secs] 
30.530: [GC 30.530: [ParNew
Desired survivor size 1343488 bytes, new threshold 4 (max 4)
- age   1:     427224 bytes,     427224 total
- age   2:     624984 bytes,    1052208 total
- age   3:      84024 bytes,    1136232 total
- age   4:     340512 bytes,    1476744 total
: 17174K->1443K(18624K), 0.0020964 secs] 54683K->39110K(83392K), 0.0021818 secs] [Times: user=0.00 sys=0.00, real=0.00 secs] 
30.544: [GC 30.544: [ParNew
Desired survivor size 1343488 bytes, new threshold 4 (max 4)
- age   1:     582968 bytes,     582968 total
- age   2:     345696 bytes,     928664 total
- age   3:     377664 bytes,    1306328 total
: 17424K->1279K(18624K), 0.0019245 secs] 55091K->39278K(83392K), 0.0020454 secs] [Times: user=0.00 sys=0.00, real=0.00 secs] 
30.559: [GC 30.559: [ParNew
Desired survivor size 1343488 bytes, new threshold 3 (max 4)
- age   1:     736816 bytes,     736816 total
- age   2:     541720 bytes,    1278536 total
- age   3:     345696 bytes,    1624232 total
- age   4:     232304 bytes,    1856536 total
: 17266K->1814K(18624K), 0.0028596 secs] 55266K->39814K(83392K), 0.0029645 secs] [Times: user=0.01 sys=0.00, real=0.00 secs] 
30.579: [GC 30.579: [ParNew
Desired survivor size 1343488 bytes, new threshold 2 (max 4)
- age   1:    1040096 bytes,    1040096 total
- age   2:     651808 bytes,    1691904 total
- age   3:     541720 bytes,    2233624 total
: 17811K->2183K(18624K), 0.0026909 secs] 55810K->40747K(83392K), 0.0027862 secs] [Times: user=0.00 sys=0.00, real=0.00 secs] 
30.596: [GC 30.596: [ParNew
Desired survivor size 1343488 bytes, new threshold 2 (max 4)
- age   1:     706664 bytes,     706664 total
- age   2:     962904 bytes,    1669568 total
: 18147K->1632K(18624K), 0.0028474 secs] 56711K->41362K(83392K), 0.0029570 secs] [Times: user=0.00 sys=0.00, real=0.00 secs] 
30.612: [GC 30.612: [ParNew
Desired survivor size 1343488 bytes, new threshold 4 (max 4)
- age   1:     572664 bytes,     572664 total
- age   2:     630640 bytes,    1203304 total
: 17632K->1177K(18624K), 0.0021033 secs] 57361K->41442K(83392K), 0.0022455 secs] [Times: user=0.00 sys=0.00, real=0.01 secs] 
30.626: [GC 30.626: [ParNew
Desired survivor size 1343488 bytes, new threshold 3 (max 4)
- age   1:     504000 bytes,     504000 total
- age   2:     494672 bytes,     998672 total
- age   3:     630640 bytes,    1629312 total
: 17148K->1594K(18624K), 0.0023313 secs] 57414K->41860K(83392K), 0.0024311 secs] [Times: user=0.00 sys=0.00, real=0.00 secs] 
30.640: [GC 30.640: [ParNew
Desired survivor size 1343488 bytes, new threshold 4 (max 4)
- age   1:     425416 bytes,     425416 total
- age   2:     422800 bytes,     848216 total
- age   3:     325200 bytes,    1173416 total
: 17555K->1150K(18624K), 0.0026806 secs] 57821K->42032K(83392K), 0.0027805 secs] [Times: user=0.01 sys=0.00, real=0.00 secs] 
30.656: [GC 30.656: [ParNew
Desired survivor size 1343488 bytes, new threshold 4 (max 4)
- age   1:     421952 bytes,     421952 total
- age   2:     254408 bytes,     676360 total
- age   3:     344080 bytes,    1020440 total
- age   4:     325200 bytes,    1345640 total
: 17095K->1315K(18624K), 0.0029241 secs] 57976K->42196K(83392K), 0.0030180 secs] [Times: user=0.00 sys=0.00, real=0.00 secs] 
30.680: [GC 30.681: [ParNew
Desired survivor size 1343488 bytes, new threshold 4 (max 4)
- age   1:     310104 bytes,     310104 total
- age   2:     335576 bytes,     645680 total
- age   3:     254408 bytes,     900088 total
- age   4:     344080 bytes,    1244168 total
: 17315K->1213K(18624K), 0.0019320 secs] 58196K->42412K(83392K), 0.0020171 secs] [Times: user=0.00 sys=0.00, real=0.00 secs] 
30.696: [GC 30.696: [ParNew
Desired survivor size 1343488 bytes, new threshold 4 (max 4)
- age   1:     436456 bytes,     436456 total
- age   2:     189712 bytes,     626168 total
- age   3:     250280 bytes,     876448 total
- age   4:     254408 bytes,    1130856 total
: 17204K->1113K(18624K), 0.0018003 secs] 58403K->42648K(83392K), 0.0018878 secs] [Times: user=0.00 sys=0.00, real=0.00 secs] 
30.710: [GC 30.710: [ParNew
Desired survivor size 1343488 bytes, new threshold 4 (max 4)
- age   1:     158304 bytes,     158304 total
- age   2:     391864 bytes,     550168 total
- age   3:     188544 bytes,     738712 total
- age   4:     250280 bytes,     988992 total
: 17113K->972K(18624K), 0.0020568 secs] 58648K->42756K(83392K), 0.0021757 secs] [Times: user=0.01 sys=0.00, real=0.00 secs] 
30.727: [GC 30.727: [ParNew
Desired survivor size 1343488 bytes, new threshold 4 (max 4)
- age   1:     176280 bytes,     176280 total
- age   2:      80984 bytes,     257264 total
- age   3:     391864 bytes,     649128 total
- age   4:     188544 bytes,     837672 total
: 16960K->826K(18624K), 0.0018507 secs] 58743K->42853K(83392K), 0.0019337 secs] [Times: user=0.01 sys=0.00, real=0.00 secs] 
30.742: [GC 30.742: [ParNew
Desired survivor size 1343488 bytes, new threshold 4 (max 4)
- age   1:     490312 bytes,     490312 total
- age   2:     165184 bytes,     655496 total
- age   3:      80984 bytes,     736480 total
- age   4:     391864 bytes,    1128344 total
: 16758K->1123K(18624K), 0.0018114 secs] 58785K->43334K(83392K), 0.0018997 secs] [Times: user=0.00 sys=0.00, real=0.00 secs] 
30.757: [GC 30.757: [ParNew
Desired survivor size 1343488 bytes, new threshold 4 (max 4)
- age   1:     757144 bytes,     757144 total
- age   2:     304968 bytes,    1062112 total
- age   3:     116848 bytes,    1178960 total
- age   4:      80984 bytes,    1259944 total
: 17123K->1273K(18624K), 0.0024259 secs] 59334K->43867K(83392K), 0.0025193 secs] [Times: user=0.01 sys=0.00, real=0.00 secs] 
30.773: [GC 30.773: [ParNew
Desired survivor size 1343488 bytes, new threshold 3 (max 4)
- age   1:     526728 bytes,     526728 total
- age   2:     757144 bytes,    1283872 total
- age   3:     304968 bytes,    1588840 total
- age   4:      20168 bytes,    1609008 total
: 17258K->1612K(18624K), 0.0019935 secs] 59852K->44212K(83392K), 0.0021055 secs] [Times: user=0.00 sys=0.00, real=0.01 secs] 
30.786: [GC 30.787: [ParNew
Desired survivor size 1343488 bytes, new threshold 3 (max 4)
- age   1:     240056 bytes,     240056 total
- age   2:     372592 bytes,     612648 total
- age   3:     757144 bytes,    1369792 total
: 17602K->1355K(18624K), 0.0026256 secs] 60202K->44273K(83392K), 0.0027313 secs] [Times: user=0.01 sys=0.01, real=0.00 secs] 
30.801: [GC 30.801: [ParNew
Desired survivor size 1343488 bytes, new threshold 4 (max 4)
- age   1:     575128 bytes,     575128 total
- age   2:      95144 bytes,     670272 total
- age   3:     372552 bytes,    1042824 total
: 17354K->1049K(18624K), 0.0024116 secs] 60272K->44707K(83392K), 0.0025198 secs] [Times: user=0.01 sys=0.00, real=0.00 secs] 
30.817: [GC 30.817: [ParNew
Desired survivor size 1343488 bytes, new threshold 4 (max 4)
- age   1:     490904 bytes,     490904 total
- age   2:     558464 bytes,    1049368 total
- age   3:      95112 bytes,    1144480 total
- age   4:     184984 bytes,    1329464 total
: 17044K->1313K(18624K), 0.0020100 secs] 60702K->44971K(83392K), 0.0021075 secs] [Times: user=0.00 sys=0.00, real=0.00 secs] 
30.835: [GC 30.835: [ParNew
Desired survivor size 1343488 bytes, new threshold 4 (max 4)
- age   1:     175120 bytes,     175120 total
- age   2:      78904 bytes,     254024 total
- age   3:     558464 bytes,     812488 total
- age   4:      95112 bytes,     907600 total
: 17268K->889K(18624K), 0.0022707 secs] 60926K->44727K(83392K), 0.0023566 secs] [Times: user=0.01 sys=0.00, real=0.00 secs] 
30.849: [GC 30.849: [ParNew
Desired survivor size 1343488 bytes, new threshold 4 (max 4)
- age   1:     549992 bytes,     549992 total
- age   2:       6800 bytes,     556792 total
- age   3:      78904 bytes,     635696 total
- age   4:     558464 bytes,    1194160 total
: 16889K->1171K(18624K), 0.0019237 secs] 60727K->45102K(83392K), 0.0020180 secs] [Times: user=0.00 sys=0.00, real=0.00 secs] 
30.869: [GC 30.869: [ParNew
Desired survivor size 1343488 bytes, new threshold 4 (max 4)
- age   1:     437304 bytes,     437304 total
- age   2:     463464 bytes,     900768 total
- age   3:       6488 bytes,     907256 total
- age   4:      78904 bytes,     986160 total
: 17128K->967K(18624K), 0.0025962 secs] 61059K->45444K(83392K), 0.0027283 secs] [Times: user=0.00 sys=0.00, real=0.00 secs] 
30.886: [GC 30.886: [ParNew
Desired survivor size 1343488 bytes, new threshold 4 (max 4)
- age   1:     243816 bytes,     243816 total
- age   2:     351752 bytes,     595568 total
- age   3:     463464 bytes,    1059032 total
- age   4:       4768 bytes,    1063800 total
: 16929K->1042K(18624K), 0.0016486 secs] 61405K->45596K(83392K), 0.0017407 secs] [Times: user=0.00 sys=0.00, real=0.00 secs] 
30.903: [GC 30.903: [ParNew
Desired survivor size 1343488 bytes, new threshold 4 (max 4)
- age   1:     415880 bytes,     415880 total
- age   2:     159176 bytes,     575056 total
- age   3:     269936 bytes,     844992 total
- age   4:     463408 bytes,    1308400 total
: 16927K->1296K(18624K), 0.0024467 secs] 61480K->45854K(83392K), 0.0025478 secs] [Times: user=0.00 sys=0.00, real=0.01 secs] 
30.924: [GC 30.924: [ParNew
Desired survivor size 1343488 bytes, new threshold 4 (max 4)
- age   1:     199712 bytes,     199712 total
- age   2:     170184 bytes,     369896 total
- age   3:     106744 bytes,     476640 total
- age   4:     269936 bytes,     746576 total
: 17271K->735K(18624K), 0.0024903 secs] 61830K->45663K(83392K), 0.0026121 secs] [Times: user=0.00 sys=0.00, real=0.01 secs] 
30.939: [GC 30.939: [ParNew
Desired survivor size 1343488 bytes, new threshold 4 (max 4)
- age   1:     115544 bytes,     115544 total
- age   2:     177592 bytes,     293136 total
- age   3:     170184 bytes,     463320 total
- age   4:      53472 bytes,     516792 total
: 16724K->519K(18624K), 0.0016349 secs] 61653K->45711K(83392K), 0.0017453 secs] [Times: user=0.00 sys=0.00, real=0.00 secs] 
30.954: [GC 30.955: [ParNew
Desired survivor size 1343488 bytes, new threshold 4 (max 4)
- age   1:     339744 bytes,     339744 total
- age   2:      85432 bytes,     425176 total
- age   3:     177064 bytes,     602240 total
- age   4:     170184 bytes,     772424 total
: 16418K->768K(18624K), 0.0021840 secs] 61610K->45987K(83392K), 0.0023204 secs] [Times: user=0.01 sys=0.00, real=0.00 secs] 
30.969: [GC 30.969: [ParNew
Desired survivor size 1343488 bytes, new threshold 4 (max 4)
- age   1:     564256 bytes,     564256 total
- age   2:     255576 bytes,     819832 total
- age   3:      85432 bytes,     905264 total
- age   4:     174856 bytes,    1080120 total
: 16758K->1083K(18624K), 0.0022872 secs] 61977K->46467K(83392K), 0.0024033 secs] [Times: user=0.00 sys=0.00, real=0.00 secs] 
30.991: [GC 30.991: [ParNew
Desired survivor size 1343488 bytes, new threshold 3 (max 4)
- age   1:     713960 bytes,     713960 total
- age   2:     453624 bytes,    1167584 total
- age   3:     255576 bytes,    1423160 total
- age   4:      85432 bytes,    1508592 total
: 17083K->1486K(18624K), 0.0018274 secs] 62467K->46879K(83392K), 0.0019289 secs] [Times: user=0.01 sys=0.00, real=0.00 secs] 
31.008: [GC 31.008: [ParNew
Desired survivor size 1343488 bytes, new threshold 4 (max 4)
- age   1:     254392 bytes,     254392 total
- age   2:     511944 bytes,     766336 total
- age   3:     453624 bytes,    1219960 total
: 17484K->1199K(18624K), 0.0022872 secs] 62878K->46926K(83392K), 0.0024085 secs] [Times: user=0.00 sys=0.00, real=0.00 secs] 
31.024: [GC 31.024: [ParNew
Desired survivor size 1343488 bytes, new threshold 4 (max 4)
- age   1:     343416 bytes,     343416 total
- age   2:     225624 bytes,     569040 total
- age   3:     510128 bytes,    1079168 total
- age   4:     298680 bytes,    1377848 total
: 17199K->1356K(18624K), 0.0018694 secs] 62926K->47083K(83392K), 0.0019694 secs] [Times: user=0.00 sys=0.00, real=0.01 secs] 
31.038: [GC 31.038: [ParNew
Desired survivor size 1343488 bytes, new threshold 4 (max 4)
- age   1:     187056 bytes,     187056 total
- age   2:     323376 bytes,     510432 total
- age   3:     225624 bytes,     736056 total
- age   4:     455480 bytes,    1191536 total
: 17333K->1167K(18624K), 0.0020565 secs] 63059K->47185K(83392K), 0.0021539 secs] [Times: user=0.01 sys=0.00, real=0.00 secs] 
31.053: [GC 31.053: [ParNew
Desired survivor size 1343488 bytes, new threshold 4 (max 4)
- age   1:     154040 bytes,     154040 total
- age   2:     156576 bytes,     310616 total
- age   3:     159800 bytes,     470416 total
- age   4:     225624 bytes,     696040 total
: 17166K->683K(18624K), 0.0020082 secs] 63184K->47146K(83392K), 0.0021225 secs] [Times: user=0.00 sys=0.00, real=0.01 secs] 
31.066: [GC 31.066: [ParNew
Desired survivor size 1343488 bytes, new threshold 4 (max 4)
- age   1:     373416 bytes,     373416 total
- age   2:      68432 bytes,     441848 total
- age   3:     156576 bytes,     598424 total
- age   4:     156056 bytes,     754480 total
: 16671K->745K(18624K), 0.0017116 secs] 63134K->47429K(83392K), 0.0018072 secs] [Times: user=0.00 sys=0.00, real=0.00 secs] 
31.079: [GC 31.080: [ParNew
Desired survivor size 1343488 bytes, new threshold 4 (max 4)
- age   1:     584680 bytes,     584680 total
- age   2:     271816 bytes,     856496 total
- age   3:      68432 bytes,     924928 total
- age   4:     156576 bytes,    1081504 total
: 16730K->1059K(18624K), 0.0018467 secs] 63413K->47882K(83392K), 0.0019688 secs] [Times: user=0.00 sys=0.00, real=0.00 secs] 
31.094: [GC 31.094: [ParNew
Desired survivor size 1343488 bytes, new threshold 3 (max 4)
- age   1:     800984 bytes,     800984 total
- age   2:     425632 bytes,    1226616 total
- age   3:     255072 bytes,    1481688 total
- age   4:      68432 bytes,    1550120 total
: 17057K->1517K(18624K), 0.0024518 secs] 63880K->48492K(83392K), 0.0025833 secs] [Times: user=0.01 sys=0.00, real=0.01 secs] 
31.110: [GC 31.110: [ParNew
Desired survivor size 1343488 bytes, new threshold 4 (max 4)
- age   1:     386104 bytes,     386104 total
- age   2:     781824 bytes,    1167928 total
- age   3:     169704 bytes,    1337632 total
: 17446K->1309K(18624K), 0.0022842 secs] 64422K->48351K(83392K), 0.0023831 secs] [Times: user=0.00 sys=0.00, real=0.00 secs] 
31.129: [GC 31.130: [ParNew
Desired survivor size 1343488 bytes, new threshold 4 (max 4)
- age   1:     150592 bytes,     150592 total
- age   2:     299648 bytes,     450240 total
- age   3:     781824 bytes,    1232064 total
- age   4:     169704 bytes,    1401768 total
: 17289K->1372K(18624K), 0.0020762 secs] 64331K->48414K(83392K), 0.0021886 secs] [Times: user=0.00 sys=0.00, real=0.00 secs] 
31.144: [GC 31.144: [ParNew
Desired survivor size 1343488 bytes, new threshold 4 (max 4)
- age   1:     211368 bytes,     211368 total
- age   2:       2960 bytes,     214328 total
- age   3:     299648 bytes,     513976 total
- age   4:     781824 bytes,    1295800 total
: 17372K->1272K(18624K), 0.0019819 secs] 64414K->48480K(83392K), 0.0020773 secs] [Times: user=0.01 sys=0.00, real=0.00 secs] 
31.160: [GC 31.160: [ParNew
Desired survivor size 1343488 bytes, new threshold 4 (max 4)
- age   1:     301576 bytes,     301576 total
- age   2:     170440 bytes,     472016 total
- age   3:       2960 bytes,     474976 total
- age   4:      53920 bytes,     528896 total
: 17237K->525K(18624K), 0.0020684 secs] 64444K->48496K(83392K), 0.0021704 secs] [Times: user=0.01 sys=0.00, real=0.00 secs] 
31.175: [GC 31.175: [ParNew
Desired survivor size 1343488 bytes, new threshold 4 (max 4)
- age   1:     429928 bytes,     429928 total
- age   2:     253768 bytes,     683696 total
- age   3:     170440 bytes,     854136 total
- age   4:       2960 bytes,     857096 total
: 16514K->839K(18624K), 0.0017176 secs] 64485K->48810K(83392K), 0.0018108 secs] [Times: user=0.00 sys=0.00, real=0.00 secs] 
31.190: [GC 31.190: [ParNew
Desired survivor size 1343488 bytes, new threshold 4 (max 4)
- age   1:     251120 bytes,     251120 total
- age   2:     345544 bytes,     596664 total
- age   3:     169456 bytes,     766120 total
- age   4:     170440 bytes,     936560 total
: 16839K->917K(18624K), 0.0015187 secs] 64810K->48891K(83392K), 0.0016459 secs] [Times: user=0.00 sys=0.00, real=0.00 secs] 
31.204: [GC 31.204: [ParNew
Desired survivor size 1343488 bytes, new threshold 4 (max 4)
- age   1:     264520 bytes,     264520 total
- age   2:     251120 bytes,     515640 total
- age   3:     239488 bytes,     755128 total
- age   4:        824 bytes,     755952 total
: 16858K->740K(18624K), 0.0014479 secs] 64832K->48804K(83392K), 0.0015315 secs] [Times: user=0.00 sys=0.01, real=0.01 secs] 
31.217: [GC 31.217: [ParNew
Desired survivor size 1343488 bytes, new threshold 4 (max 4)
- age   1:     494432 bytes,     494432 total
- age   2:      56800 bytes,     551232 total
- age   3:     188432 bytes,     739664 total
- age   4:     239456 bytes,     979120 total
: 16735K->958K(18624K), 0.0025624 secs] 64799K->49023K(83392K), 0.0026750 secs] [Times: user=0.01 sys=0.00, real=0.00 secs] 
31.230: [GC 31.231: [ParNew
Desired survivor size 1343488 bytes, new threshold 4 (max 4)
- age   1:      83424 bytes,      83424 total
- age   2:     394008 bytes,     477432 total
- age   3:      56800 bytes,     534232 total
- age   4:     188432 bytes,     722664 total
: 16949K->707K(18624K), 0.0017825 secs] 65014K->49006K(83392K), 0.0018870 secs] [Times: user=0.00 sys=0.00, real=0.00 secs] 
31.247: [GC 31.247: [ParNew
Desired survivor size 1343488 bytes, new threshold 4 (max 4)
- age   1:     322600 bytes,     322600 total
- age   2:      42240 bytes,     364840 total
- age   3:     133280 bytes,     498120 total
: 16707K->489K(18624K), 0.0024776 secs] 65006K->48971K(83392K), 0.0029168 secs] [Times: user=0.00 sys=0.00, real=0.00 secs] 
31.261: [GC 31.261: [ParNew
Desired survivor size 1343488 bytes, new threshold 4 (max 4)
- age   1:     605280 bytes,     605280 total
- age   2:      56008 bytes,     661288 total
- age   3:      42240 bytes,     703528 total
- age   4:     133280 bytes,     836808 total
: 16459K->819K(18624K), 0.0015571 secs] 64942K->49301K(83392K), 0.0016691 secs] [Times: user=0.00 sys=0.00, real=0.00 secs] 
31.275: [GC 31.275: [ParNew
Desired survivor size 1343488 bytes, new threshold 4 (max 4)
- age   1:     728648 bytes,     728648 total
- age   2:     303984 bytes,    1032632 total
- age   3:      56008 bytes,    1088640 total
- age   4:      42240 bytes,    1130880 total
: 16818K->1107K(18624K), 0.0019999 secs] 65301K->49720K(83392K), 0.0021557 secs] [Times: user=0.01 sys=0.00, real=0.00 secs] 
31.288: [GC 31.288: [ParNew
Desired survivor size 1343488 bytes, new threshold 4 (max 4)
- age   1:     329304 bytes,     329304 total
- age   2:     373624 bytes,     702928 total
- age   3:     303984 bytes,    1006912 total
- age   4:      56008 bytes,    1062920 total
: 17068K->1042K(18624K), 0.0018766 secs] 65681K->49696K(83392K), 0.0019785 secs] [Times: user=0.00 sys=0.00, real=0.00 secs] 
31.302: [GC 31.302: [ParNew
Desired survivor size 1343488 bytes, new threshold 4 (max 4)
- age   1:    1012680 bytes,    1012680 total
- age   3:     134584 bytes,    1147264 total
- age   4:     303984 bytes,    1451248 total
: 17021K->1425K(18624K), 0.0023855 secs] 65675K->50134K(83392K), 0.0024965 secs] [Times: user=0.00 sys=0.00, real=0.01 secs] 
31.320: [GC 31.320: [ParNew
Desired survivor size 1343488 bytes, new threshold 4 (max 4)
- age   1:     280472 bytes,     280472 total
- age   2:     660944 bytes,     941416 total
- age   4:     134584 bytes,    1076000 total
: 17393K->1053K(18624K), 0.0021258 secs] 66101K->49946K(83392K), 0.0022336 secs] [Times: user=0.00 sys=0.00, real=0.00 secs] 
31.334: [GC 31.334: [ParNew
Desired survivor size 1343488 bytes, new threshold 4 (max 4)
- age   1:     224288 bytes,     224288 total
- age   2:     242736 bytes,     467024 total
- age   3:     380224 bytes,     847248 total
: 17038K->830K(18624K), 0.0016512 secs] 65931K->49854K(83392K), 0.0017507 secs] [Times: user=0.01 sys=0.00, real=0.01 secs] 
31.348: [GC 31.348: [ParNew
Desired survivor size 1343488 bytes, new threshold 4 (max 4)
- age   1:     519408 bytes,     519408 total
- age   2:      45184 bytes,     564592 total
- age   3:     242736 bytes,     807328 total
- age   4:     327408 bytes,    1134736 total
: 16787K->1111K(18624K), 0.0017717 secs] 65812K->50135K(83392K), 0.0018771 secs] [Times: user=0.01 sys=0.00, real=0.00 secs] 
31.362: [GC 31.362: [ParNew
Desired survivor size 1343488 bytes, new threshold 4 (max 4)
- age   1:     135736 bytes,     135736 total
- age   2:     244056 bytes,     379792 total
- age   3:      45184 bytes,     424976 total
- age   4:     242736 bytes,     667712 total
: 17110K->653K(18624K), 0.0014777 secs] 66134K->49997K(83392K), 0.0015658 secs] [Times: user=0.00 sys=0.01, real=0.00 secs] 
31.375: [GC 31.375: [ParNew
Desired survivor size 1343488 bytes, new threshold 4 (max 4)
- age   1:     384776 bytes,     384776 total
- age   2:      75416 bytes,     460192 total
- age   3:     138008 bytes,     598200 total
- age   4:      45184 bytes,     643384 total
: 16641K->630K(18624K), 0.0017311 secs] 65985K->50211K(83392K), 0.0018298 secs] [Times: user=0.00 sys=0.00, real=0.00 secs] 
31.388: [GC 31.388: [ParNew
Desired survivor size 1343488 bytes, new threshold 4 (max 4)
- age   1:     408424 bytes,     408424 total
- age   2:     289800 bytes,     698224 total
- age   3:      75416 bytes,     773640 total
- age   4:     138008 bytes,     911648 total
: 16626K->892K(18624K), 0.0018245 secs] 66207K->50517K(83392K), 0.0019217 secs] [Times: user=0.01 sys=0.00, real=0.00 secs] 
31.402: [GC 31.402: [ParNew
Desired survivor size 1343488 bytes, new threshold 4 (max 4)
- age   1:     204192 bytes,     204192 total
- age   2:     323040 bytes,     527232 total
- age   3:     137464 bytes,     664696 total
- age   4:       1720 bytes,     666416 total
: 16857K->652K(18624K), 0.0015903 secs] 66482K->50412K(83392K), 0.0017225 secs] [Times: user=0.01 sys=0.00, real=0.01 secs] 
31.415: [GC 31.415: [ParNew
Desired survivor size 1343488 bytes, new threshold 4 (max 4)
- age   1:     373392 bytes,     373392 total
- age   2:     177176 bytes,     550568 total
- age   3:     180568 bytes,     731136 total
- age   4:     137464 bytes,     868600 total
: 16648K->851K(18624K), 0.0015388 secs] 66408K->50613K(83392K), 0.0016366 secs] [Times: user=0.00 sys=0.00, real=0.00 secs] 
31.429: [GC 31.429: [ParNew
Desired survivor size 1343488 bytes, new threshold 4 (max 4)
- age   1:     278224 bytes,     278224 total
- age   2:     181304 bytes,     459528 total
- age   3:     128216 bytes,     587744 total
- age   4:     180568 bytes,     768312 total
: 16840K->751K(18624K), 0.0023074 secs] 66602K->50595K(83392K), 0.0024124 secs] [Times: user=0.00 sys=0.00, real=0.00 secs] 
31.443: [GC 31.443: [ParNew
Desired survivor size 1343488 bytes, new threshold 4 (max 4)
- age   1:     706280 bytes,     706280 total
- age   2:     111672 bytes,     817952 total
- age   3:     128984 bytes,     946936 total
- age   4:     128216 bytes,    1075152 total
: 16743K->1053K(18624K), 0.0016756 secs] 66587K->51073K(83392K), 0.0017627 secs] [Times: user=0.00 sys=0.00, real=0.01 secs] 
31.457: [GC 31.457: [ParNew
Desired survivor size 1343488 bytes, new threshold 4 (max 4)
- age   1:     461208 bytes,     461208 total
- age   2:     149880 bytes,     611088 total
- age   3:     111672 bytes,     722760 total
- age   4:     128984 bytes,     851744 total
: 17018K->835K(18624K), 0.0015490 secs] 67039K->50981K(83392K), 0.0016752 secs] [Times: user=0.01 sys=0.00, real=0.00 secs] 
31.472: [GC 31.472: [ParNew
Desired survivor size 1343488 bytes, new threshold 4 (max 4)
- age   1:     400056 bytes,     400056 total
- age   2:     394304 bytes,     794360 total
- age   3:     149880 bytes,     944240 total
- age   4:     111672 bytes,    1055912 total
: 16762K->1034K(18624K), 0.0016604 secs] 66908K->51306K(83392K), 0.0017510 secs] [Times: user=0.01 sys=0.00, real=0.00 secs] 
31.485: [GC 31.485: [ParNew
Desired survivor size 1343488 bytes, new threshold 4 (max 4)
- age   1:     377560 bytes,     377560 total
- age   2:     165816 bytes,     543376 total
- age   3:     203272 bytes,     746648 total
- age   4:     149880 bytes,     896528 total
: 16979K->879K(18624K), 0.0018252 secs] 67251K->51259K(83392K), 0.0019256 secs] [Times: user=0.00 sys=0.00, real=0.00 secs] 
31.499: [GC 31.499: [ParNew
Desired survivor size 1343488 bytes, new threshold 4 (max 4)
- age   1:     370512 bytes,     370512 total
- age   2:     331768 bytes,     702280 total
- age   3:      95904 bytes,     798184 total
- age   4:     203272 bytes,    1001456 total
: 16864K->981K(18624K), 0.0020980 secs] 67245K->51508K(83392K), 0.0021971 secs] [Times: user=0.00 sys=0.00, real=0.00 secs] 
31.516: [GC 31.516: [ParNew
Desired survivor size 1343488 bytes, new threshold 4 (max 4)
- age   1:     199376 bytes,     199376 total
- age   2:     223176 bytes,     422552 total
- age   3:     196816 bytes,     619368 total
- age   4:      95904 bytes,     715272 total
: 16940K->702K(18624K), 0.0014428 secs] 67467K->51339K(83392K), 0.0015445 secs] [Times: user=0.00 sys=0.00, real=0.00 secs] 
31.529: [GC 31.529: [ParNew
Desired survivor size 1343488 bytes, new threshold 4 (max 4)
- age   1:     397784 bytes,     397784 total
- age   2:      77456 bytes,     475240 total
- age   3:     223176 bytes,     698416 total
: 16650K->685K(18624K), 0.0016731 secs] 67287K->51416K(83392K), 0.0018116 secs] [Times: user=0.00 sys=0.00, real=0.00 secs] 
31.542: [GC 31.542: [ParNew
Desired survivor size 1343488 bytes, new threshold 4 (max 4)
- age   1:     835760 bytes,     835760 total
- age   2:     319512 bytes,    1155272 total
- age   4:     136808 bytes,    1292080 total
: 16685K->1265K(18624K), 0.0019849 secs] 67416K->51995K(83392K), 0.0020934 secs] [Times: user=0.01 sys=0.00, real=0.01 secs] 
31.557: [GC 31.557: [ParNew
Desired survivor size 1343488 bytes, new threshold 2 (max 4)
- age   1:     875248 bytes,     875248 total
- age   2:     755472 bytes,    1630720 total
- age   3:     101592 bytes,    1732312 total
: 17218K->1694K(18624K), 0.0023108 secs] 67949K->52559K(83392K), 0.0024015 secs] [Times: user=0.01 sys=0.00, real=0.00 secs] 
31.571: [GC 31.571: [ParNew
Desired survivor size 1343488 bytes, new threshold 4 (max 4)
- age   1:     336576 bytes,     336576 total
- age   2:     770648 bytes,    1107224 total
: 17649K->1084K(18624K), 0.0021864 secs] 68513K->52485K(83392K), 0.0023047 secs] [Times: user=0.00 sys=0.00, real=0.00 secs] 
31.585: [GC 31.585: [ParNew
Desired survivor size 1343488 bytes, new threshold 4 (max 4)
- age   1:     411968 bytes,     411968 total
- age   2:     173232 bytes,     585200 total
- age   3:     712888 bytes,    1298088 total
: 17074K->1270K(18624K), 0.0018471 secs] 68474K->52671K(83392K), 0.0019345 secs] [Times: user=0.00 sys=0.00, real=0.00 secs] 
31.600: [GC 31.600: [ParNew
Desired survivor size 1343488 bytes, new threshold 4 (max 4)
- age   1:     833720 bytes,     833720 total
- age   2:     244544 bytes,    1078264 total
- age   4:     712888 bytes,    1791152 total
: 17219K->1752K(18624K), 0.0021649 secs] 68620K->53152K(83392K), 0.0022643 secs] [Times: user=0.01 sys=0.00, real=0.00 secs] 
31.614: [GC 31.614: [ParNew
Desired survivor size 1343488 bytes, new threshold 2 (max 4)
- age   1:     656312 bytes,     656312 total
- age   2:     785352 bytes,    1441664 total
- age   3:     244544 bytes,    1686208 total
: 17743K->1650K(18624K), 0.0042522 secs] 69144K->53594K(83392K), 0.0043677 secs] [Times: user=0.00 sys=0.00, real=0.01 secs] 
31.629: [GC 31.629: [ParNew
Desired survivor size 1343488 bytes, new threshold 4 (max 4)
- age   1:     446280 bytes,     446280 total
- age   2:     410456 bytes,     856736 total
: 17627K->840K(18624K), 0.0024182 secs] 69572K->53790K(83392K), 0.0025195 secs] [Times: user=0.00 sys=0.00, real=0.00 secs] 
31.644: [GC 31.644: [ParNew
Desired survivor size 1343488 bytes, new threshold 3 (max 4)
- age   1:    1158040 bytes,    1158040 total
- age   2:     108736 bytes,    1266776 total
- age   3:     202992 bytes,    1469768 total
: 16814K->1439K(18624K), 0.0018848 secs] 69764K->54388K(83392K), 0.0019866 secs] [Times: user=0.01 sys=0.00, real=0.01 secs] 
31.657: [GC 31.657: [ParNew
Desired survivor size 1343488 bytes, new threshold 2 (max 4)
- age   1:     311800 bytes,     311800 total
- age   2:    1075384 bytes,    1387184 total
- age   3:     108736 bytes,    1495920 total
: 17438K->1464K(18624K), 0.0023121 secs] 70388K->54612K(83392K), 0.0024147 secs] [Times: user=0.00 sys=0.00, real=0.00 secs] 
31.672: [GC 31.672: [ParNew
Desired survivor size 1343488 bytes, new threshold 4 (max 4)
- age   1:     430696 bytes,     430696 total
- age   2:     226800 bytes,     657496 total
: 17416K->643K(18624K), 0.0021689 secs] 70565K->54948K(83392K), 0.0022655 secs] [Times: user=0.00 sys=0.00, real=0.01 secs] 
31.687: [GC 31.687: [ParNew
Desired survivor size 1343488 bytes, new threshold 4 (max 4)
- age   1:     988088 bytes,     988088 total
- age   2:      59320 bytes,    1047408 total
- age   3:     226800 bytes,    1274208 total
: 16509K->1248K(18624K), 0.0017565 secs] 70814K->55552K(83392K), 0.0018506 secs] [Times: user=0.01 sys=0.00, real=0.00 secs] 
31.701: [GC 31.701: [ParNew
Desired survivor size 1343488 bytes, new threshold 4 (max 4)
- age   1:     115912 bytes,     115912 total
- age   2:     901648 bytes,    1017560 total
- age   3:      59320 bytes,    1076880 total
- age   4:      83056 bytes,    1159936 total
: 17199K->1135K(18624K), 0.0022117 secs] 71503K->55440K(83392K), 0.0023215 secs] [Times: user=0.00 sys=0.00, real=0.00 secs] 
31.716: [GC 31.716: [ParNew
Desired survivor size 1343488 bytes, new threshold 3 (max 4)
- age   1:     457968 bytes,     457968 total
- age   2:        832 bytes,     458800 total
- age   3:     901648 bytes,    1360448 total
- age   4:      59320 bytes,    1419768 total
: 17092K->1389K(18624K), 0.0018821 secs] 71396K->55774K(83392K), 0.0019934 secs] [Times: user=0.00 sys=0.00, real=0.00 secs] 
31.731: [GC 31.731: [ParNew
Desired survivor size 1343488 bytes, new threshold 4 (max 4)
- age   1:     364536 bytes,     364536 total
- age   2:     284064 bytes,     648600 total
- age   3:        832 bytes,     649432 total
: 17346K->636K(18624K), 0.0026330 secs] 71731K->55961K(83392K), 0.0027643 secs] [Times: user=0.00 sys=0.00, real=0.00 secs] 
31.749: [GC 31.749: [ParNew
Desired survivor size 1343488 bytes, new threshold 4 (max 4)
- age   1:     421680 bytes,     421680 total
- age   2:     299904 bytes,     721584 total
- age   3:     284064 bytes,    1005648 total
- age   4:        832 bytes,    1006480 total
: 16622K->985K(18624K), 0.0016563 secs] 71946K->56309K(83392K), 0.0018017 secs] [Times: user=0.01 sys=0.00, real=0.00 secs] 
31.762: [GC 31.762: [ParNew
Desired survivor size 1343488 bytes, new threshold 4 (max 4)
- age   1:     679672 bytes,     679672 total
- age   2:     221472 bytes,     901144 total
- age   3:     299904 bytes,    1201048 total
- age   4:     284064 bytes,    1485112 total
: 16937K->1453K(18624K), 0.0022115 secs] 72261K->56778K(83392K), 0.0023551 secs] [Times: user=0.00 sys=0.00, real=0.01 secs] 
31.778: [GC 31.778: [ParNew
Desired survivor size 1343488 bytes, new threshold 4 (max 4)
- age   1:     479208 bytes,     479208 total
- age   2:     612168 bytes,    1091376 total
- age   3:     221472 bytes,    1312848 total
- age   4:     113544 bytes,    1426392 total
: 17378K->1394K(18624K), 0.0023604 secs] 72703K->56997K(83392K), 0.0024471 secs] [Times: user=0.00 sys=0.00, real=0.00 secs] 
31.791: [GC 31.792: [ParNew
Desired survivor size 1343488 bytes, new threshold 3 (max 4)
- age   1:     835544 bytes,     835544 total
- age   2:     421888 bytes,    1257432 total
- age   3:     476016 bytes,    1733448 total
- age   4:     221472 bytes,    1954920 total
: 17306K->1910K(18624K), 0.0026155 secs] 72908K->57624K(83392K), 0.0027173 secs] [Times: user=0.01 sys=0.00, real=0.01 secs] 
31.806: [GC 31.806: [ParNew
Desired survivor size 1343488 bytes, new threshold 3 (max 4)
- age   1:     685168 bytes,     685168 total
- age   2:     399536 bytes,    1084704 total
- age   3:     421888 bytes,    1506592 total
: 17852K->1473K(18624K), 0.0024849 secs] 73565K->57783K(83392K), 0.0025893 secs] [Times: user=0.00 sys=0.00, real=0.00 secs] 
31.820: [GC 31.820: [ParNew
Desired survivor size 1343488 bytes, new threshold 4 (max 4)
- age   1:     399400 bytes,     399400 total
- age   2:     484904 bytes,     884304 total
- age   3:     221984 bytes,    1106288 total
: 17469K->1083K(18624K), 0.0030189 secs] 73779K->57805K(83392K), 0.0031457 secs] [Times: user=0.01 sys=0.00, real=0.00 secs] 
31.836: [GC 31.836: [ParNew
Desired survivor size 1343488 bytes, new threshold 4 (max 4)
- age   1:     402104 bytes,     402104 total
- age   2:     183016 bytes,     585120 total
- age   3:     484904 bytes,    1070024 total
- age   4:     221984 bytes,    1292008 total
: 17079K->1258K(18624K), 0.0019882 secs] 73801K->57980K(83392K), 0.0020792 secs] [Times: user=0.00 sys=0.00, real=0.00 secs] 
31.851: [GC 31.851: [ParNew
Desired survivor size 1343488 bytes, new threshold 4 (max 4)
- age   1:     224456 bytes,     224456 total
- age   2:     253784 bytes,     478240 total
- age   3:     183016 bytes,     661256 total
- age   4:     484904 bytes,    1146160 total
: 17252K->1121K(18624K), 0.0019399 secs] 73973K->58060K(83392K), 0.0020587 secs] [Times: user=0.01 sys=0.00, real=0.00 secs] 
31.865: [GC 31.865: [ParNew
Desired survivor size 1343488 bytes, new threshold 4 (max 4)
- age   1:     626920 bytes,     626920 total
- age   2:     155880 bytes,     782800 total
- age   3:     253784 bytes,    1036584 total
- age   4:     183016 bytes,    1219600 total
: 17069K->1196K(18624K), 0.0021679 secs] 74008K->58608K(83392K), 0.0022696 secs] [Times: user=0.01 sys=0.00, real=0.00 secs] 
31.880: [GC 31.880: [ParNew
Desired survivor size 1343488 bytes, new threshold 4 (max 4)
- age   1:     441784 bytes,     441784 total
- age   2:     414904 bytes,     856688 total
- age   3:      18032 bytes,     874720 total
- age   4:      10296 bytes,     885016 total
: 17161K->866K(18624K), 0.0041874 secs] 74573K->58279K(83392K), 0.0042831 secs] [Times: user=0.00 sys=0.00, real=0.01 secs] 
31.899: [GC 31.899: [ParNew
Desired survivor size 1343488 bytes, new threshold 4 (max 4)
- age   1:     429328 bytes,     429328 total
- age   2:     369576 bytes,     798904 total
- age   3:     347000 bytes,    1145904 total
: 16858K->1124K(18624K), 0.0019484 secs] 74271K->58547K(83392K), 0.0020413 secs] [Times: user=0.01 sys=0.00, real=0.00 secs] 
31.912: [GC 31.912: [ParNew
Desired survivor size 1343488 bytes, new threshold 3 (max 4)
- age   1:     627544 bytes,     627544 total
- age   2:     351776 bytes,     979320 total
- age   3:     369448 bytes,    1348768 total
- age   4:     201792 bytes,    1550560 total
: 17111K->1519K(18624K), 0.0022457 secs] 74534K->58942K(83392K), 0.0023547 secs] [Times: user=0.00 sys=0.00, real=0.01 secs] 
31.927: [GC 31.927: [ParNew
Desired survivor size 1343488 bytes, new threshold 4 (max 4)
- age   1:     239304 bytes,     239304 total
- age   2:     393104 bytes,     632408 total
- age   3:      80832 bytes,     713240 total
: 17519K->706K(18624K), 0.0019934 secs] 74942K->58686K(83392K), 0.0020969 secs] [Times: user=0.00 sys=0.00, real=0.00 secs] 
31.940: [GC 31.940: [ParNew
Desired survivor size 1343488 bytes, new threshold 4 (max 4)
- age   1:     465776 bytes,     465776 total
- age   2:     160960 bytes,     626736 total
- age   3:     324488 bytes,     951224 total
- age   4:      80832 bytes,    1032056 total
: 16663K->1013K(18624K), 0.0022085 secs] 74644K->58994K(83392K), 0.0023182 secs] [Times: user=0.01 sys=0.00, real=0.00 secs] 
31.953: [GC 31.954: [ParNew
Desired survivor size 1343488 bytes, new threshold 4 (max 4)
- age   1:     382512 bytes,     382512 total
- age   2:      73664 bytes,     456176 total
- age   3:     160960 bytes,     617136 total
- age   4:     324488 bytes,     941624 total
: 16941K->926K(18624K), 0.0018964 secs] 74922K->58985K(83392K), 0.0021842 secs] [Times: user=0.00 sys=0.00, real=0.01 secs] 
31.968: [GC 31.969: [ParNew
Desired survivor size 1343488 bytes, new threshold 4 (max 4)
- age   1:     754880 bytes,     754880 total
- age   2:      84336 bytes,     839216 total
- age   3:      73664 bytes,     912880 total
- age   4:     160960 bytes,    1073840 total
: 16885K->1051K(18624K), 0.0020838 secs] 74945K->59427K(83392K), 0.0022162 secs] [Times: user=0.00 sys=0.01, real=0.00 secs] 
31.982: [GC 31.982: [ParNew
Desired survivor size 1343488 bytes, new threshold 2 (max 4)
- age   1:     750920 bytes,     750920 total
- age   2:     671064 bytes,    1421984 total
- age   3:      84336 bytes,    1506320 total
- age   4:      73664 bytes,    1579984 total
: 17027K->1546K(18624K), 0.0023062 secs] 75404K->60080K(83392K), 0.0024468 secs] [Times: user=0.01 sys=0.00, real=0.01 secs] 
31.999: [GC 31.999: [ParNew
Desired survivor size 1343488 bytes, new threshold 4 (max 4)
- age   1:     239992 bytes,     239992 total
- age   2:     420544 bytes,     660536 total
: 17492K->648K(18624K), 0.0022406 secs] 76025K->59678K(83392K), 0.0023594 secs] [Times: user=0.01 sys=0.00, real=0.00 secs] 
32.015: [GC 32.015: [ParNew
Desired survivor size 1343488 bytes, new threshold 2 (max 4)
- age   1:    1335408 bytes,    1335408 total
- age   2:     162800 bytes,    1498208 total
- age   3:     420544 bytes,    1918752 total
: 16587K->1876K(18624K), 0.0029461 secs] 75618K->60906K(83392K), 0.0030932 secs] [Times: user=0.00 sys=0.00, real=0.00 secs] 
32.035: [GC 32.035: [ParNew
Desired survivor size 1343488 bytes, new threshold 2 (max 4)
- age   1:    1127208 bytes,    1127208 total
- age   2:     538760 bytes,    1665968 total
: 17850K->1629K(18624K), 0.0026281 secs] 76880K->61229K(83392K), 0.0027328 secs] [Times: user=0.00 sys=0.00, real=0.00 secs] 
32.050: [GC 32.050: [ParNew
Desired survivor size 1343488 bytes, new threshold 4 (max 4)
- age   1:     400232 bytes,     400232 total
- age   2:     829488 bytes,    1229720 total
: 17617K->1203K(18624K), 0.0021248 secs] 77217K->61253K(83392K), 0.0022462 secs] [Times: user=0.01 sys=0.00, real=0.00 secs] 
32.064: [GC 32.064: [ParNew
Desired survivor size 1343488 bytes, new threshold 3 (max 4)
- age   1:     891432 bytes,     891432 total
- age   2:     321864 bytes,    1213296 total
- age   3:     442088 bytes,    1655384 total
: 17187K->1619K(18624K), 0.0026299 secs] 77237K->61669K(83392K), 0.0027291 secs] [Times: user=0.01 sys=0.00, real=0.01 secs] 
32.082: [GC 32.082: [ParNew
Desired survivor size 1343488 bytes, new threshold 3 (max 4)
- age   1:     446432 bytes,     446432 total
- age   2:     733536 bytes,    1179968 total
- age   3:     321864 bytes,    1501832 total
: 17593K->1469K(18624K), 0.0024153 secs] 77643K->61851K(83392K), 0.0025549 secs] [Times: user=0.01 sys=0.00, real=0.01 secs] 
32.101: [GC 32.102: [ParNew
Desired survivor size 1343488 bytes, new threshold 4 (max 4)
- age   1:     697944 bytes,     697944 total
- age   2:        704 bytes,     698648 total
- age   3:     459104 bytes,    1157752 total
: 17469K->1130K(18624K), 0.0027270 secs] 77851K->61827K(83392K), 0.0028452 secs] [Times: user=0.00 sys=0.00, real=0.01 secs] 
32.105: [CMS-concurrent-abortable-preclean: 0.075/1.643 secs] [Times: user=2.49 sys=0.12, real=1.65 secs] 
32.106: [GC[YG occupancy: 1438 K (18624 K)]32.106: [Rescan (parallel) , 0.0012602 secs]32.107: [weak refs processing, 0.0000051 secs] [1 CMS-remark: 60696K(64768K)] 62134K(83392K), 0.0013714 secs] [Times: user=0.00 sys=0.00, real=0.00 secs] 
32.107: [CMS-concurrent-sweep-start]
32.121: [GC 32.121: [ParNew
Desired survivor size 1343488 bytes, new threshold 4 (max 4)
- age   1:     742480 bytes,     742480 total
- age   2:     423496 bytes,    1165976 total
- age   3:        704 bytes,    1166680 total
- age   4:     385424 bytes,    1552104 total
: 17099K->1519K(18624K), 0.0027546 secs] 77639K->62059K(83392K), 0.0028393 secs] [Times: user=0.01 sys=0.00, real=0.00 secs] 
32.125: [CMS-concurrent-sweep: 0.015/0.018 secs] [Times: user=0.03 sys=0.00, real=0.02 secs] 
32.140: [GC 32.140: [ParNew
Desired survivor size 1343488 bytes, new threshold 3 (max 4)
- age   1:     897328 bytes,     897328 total
- age   2:     277168 bytes,    1174496 total
- age   3:     423456 bytes,    1597952 total
- age   4:        704 bytes,    1598656 total
: 17447K->1567K(18624K), 0.0021795 secs] 52016K->36453K(83392K), 0.0023262 secs] [Times: user=0.01 sys=0.00, real=0.00 secs] 
32.158: [GC 32.158: [ParNew
Desired survivor size 1343488 bytes, new threshold 4 (max 4)
- age   1:     402968 bytes,     402968 total
- age   2:     392672 bytes,     795640 total
- age   3:     277168 bytes,    1072808 total
: 17567K->1053K(18624K), 0.0018719 secs] 52453K->36341K(83392K), 0.0019525 secs] [Times: user=0.00 sys=0.00, real=0.00 secs] 
32.178: [GC 32.178: [ParNew
Desired survivor size 1343488 bytes, new threshold 4 (max 4)
- age   1:     689112 bytes,     689112 total
- age   2:     242560 bytes,     931672 total
- age   3:     392672 bytes,    1324344 total
- age   4:     277168 bytes,    1601512 total
: 17022K->1567K(18624K), 0.0028097 secs] 52310K->36855K(83392K), 0.0029026 secs] [Times: user=0.01 sys=0.00, real=0.00 secs] 
32.192: [GC 32.192: [ParNew
Desired survivor size 1343488 bytes, new threshold 4 (max 4)
- age   1:     176112 bytes,     176112 total
- age   2:     272192 bytes,     448304 total
- age   3:     242560 bytes,     690864 total
- age   4:     392672 bytes,    1083536 total
: 17505K->1069K(18624K), 0.0021026 secs] 52793K->36627K(83392K), 0.0022053 secs] [Times: user=0.01 sys=0.00, real=0.01 secs] 
32.199: [CMS-concurrent-reset-start]
32.200: [CMS-concurrent-reset: 0.001/0.001 secs] [Times: user=0.00 sys=0.00, real=0.00 secs] 
32.210: [GC 32.211: [ParNew
Desired survivor size 1343488 bytes, new threshold 3 (max 4)
- age   1:     995536 bytes,     995536 total
- age   2:      89576 bytes,    1085112 total
- age   3:     272192 bytes,    1357304 total
- age   4:       3080 bytes,    1360384 total
: 17015K->1331K(18624K), 0.0020605 secs] 52573K->37126K(83392K), 0.0021584 secs] [Times: user=0.00 sys=0.00, real=0.00 secs] 
32.231: [GC 32.231: [ParNew
Desired survivor size 1343488 bytes, new threshold 4 (max 4)
- age   1:     419784 bytes,     419784 total
- age   2:     423256 bytes,     843040 total
- age   3:      89576 bytes,     932616 total
: 17329K->932K(18624K), 0.0022991 secs] 53124K->36995K(83392K), 0.0023892 secs] [Times: user=0.00 sys=0.00, real=0.00 secs] 
32.251: [GC 32.251: [ParNew
Desired survivor size 1343488 bytes, new threshold 4 (max 4)
- age   1:     173776 bytes,     173776 total
- age   2:     173688 bytes,     347464 total
- age   3:     168552 bytes,     516016 total
- age   4:      89576 bytes,     605592 total
: 16932K->591K(18624K), 0.0013710 secs] 52995K->36655K(83392K), 0.0014825 secs] [Times: user=0.01 sys=0.00, real=0.00 secs] 
32.268: [GC 32.268: [ParNew
Desired survivor size 1343488 bytes, new threshold 4 (max 4)
- age   1:     628856 bytes,     628856 total
- age   2:      94576 bytes,     723432 total
- age   3:     173648 bytes,     897080 total
- age   4:     168552 bytes,    1065632 total
: 16566K->1057K(18624K), 0.0025593 secs] 52630K->37208K(83392K), 0.0026565 secs] [Times: user=0.00 sys=0.00, real=0.00 secs] 
32.282: [GC 32.282: [ParNew
Desired survivor size 1343488 bytes, new threshold 4 (max 4)
- age   1:     312120 bytes,     312120 total
- age   2:     508752 bytes,     820872 total
- age   3:      94576 bytes,     915448 total
- age   4:     173648 bytes,    1089096 total
: 17048K->1094K(18624K), 0.0020655 secs] 53199K->37410K(83392K), 0.0021821 secs] [Times: user=0.00 sys=0.00, real=0.01 secs] 
32.295: [GC 32.295: [ParNew
Desired survivor size 1343488 bytes, new threshold 4 (max 4)
- age   1:     534152 bytes,     534152 total
- age   2:      44008 bytes,     578160 total
- age   3:     256776 bytes,     834936 total
- age   4:      94576 bytes,     929512 total
: 17062K->918K(18624K), 0.0018879 secs] 53378K->37403K(83392K), 0.0019896 secs] [Times: user=0.01 sys=0.00, real=0.00 secs] 
32.309: [GC 32.309: [ParNew
Desired survivor size 1343488 bytes, new threshold 4 (max 4)
- age   1:     687056 bytes,     687056 total
- age   3:      44008 bytes,     731064 total
- age   4:     256776 bytes,     987840 total
: 16917K->986K(18624K), 0.0020612 secs] 53402K->37564K(83392K), 0.0021483 secs] [Times: user=0.00 sys=0.00, real=0.00 secs] 
32.329: [GC 32.329: [ParNew
Desired survivor size 1343488 bytes, new threshold 4 (max 4)
- age   1:     181408 bytes,     181408 total
- age   2:     402016 bytes,     583424 total
- age   4:       2464 bytes,     585888 total
: 16962K->612K(18624K), 0.0015583 secs] 53540K->37441K(83392K), 0.0016338 secs] [Times: user=0.00 sys=0.00, real=0.00 secs] 
32.349: [GC 32.349: [ParNew
Desired survivor size 1343488 bytes, new threshold 4 (max 4)
- age   1:     795216 bytes,     795216 total
- age   2:      61528 bytes,     856744 total
- age   3:     158560 bytes,    1015304 total
: 16612K->1004K(18624K), 0.0021554 secs] 53441K->37835K(83392K), 0.0022489 secs] [Times: user=0.00 sys=0.00, real=0.00 secs] 
32.362: [GC 32.362: [ParNew
Desired survivor size 1343488 bytes, new threshold 4 (max 4)
- age   1:     236776 bytes,     236776 total
- age   2:     793512 bytes,    1030288 total
- age   3:      13984 bytes,    1044272 total
- age   4:     158560 bytes,    1202832 total
: 16997K->1186K(18624K), 0.0020502 secs] 53828K->38017K(83392K), 0.0021512 secs] [Times: user=0.00 sys=0.00, real=0.01 secs] 
32.377: [GC 32.377: [ParNew
Desired survivor size 1343488 bytes, new threshold 3 (max 4)
- age   1:     427840 bytes,     427840 total
- age   2:     170768 bytes,     598608 total
- age   3:     793512 bytes,    1392120 total
- age   4:      13984 bytes,    1406104 total
: 17177K->1394K(18624K), 0.0021267 secs] 54008K->38380K(83392K), 0.0022250 secs] [Times: user=0.01 sys=0.00, real=0.00 secs] 
32.391: [GC 32.391: [ParNew
Desired survivor size 1343488 bytes, new threshold 4 (max 4)
- age   1:     371936 bytes,     371936 total
- age   2:     400496 bytes,     772432 total
- age   3:      21216 bytes,     793648 total
: 17362K->812K(18624K), 0.0022780 secs] 54348K->38536K(83392K), 0.0023736 secs] [Times: user=0.00 sys=0.00, real=0.00 secs] 
32.406: [GC 32.407: [ParNew
Desired survivor size 1343488 bytes, new threshold 4 (max 4)
- age   1:     648696 bytes,     648696 total
- age   2:     207712 bytes,     856408 total
- age   3:     400496 bytes,    1256904 total
- age   4:      21216 bytes,    1278120 total
: 16812K->1274K(18624K), 0.0017880 secs] 54536K->38998K(83392K), 0.0018856 secs] [Times: user=0.00 sys=0.00, real=0.00 secs] 
32.422: [GC 32.422: [ParNew
Desired survivor size 1343488 bytes, new threshold 4 (max 4)
- age   1:     302744 bytes,     302744 total
- age   2:     545504 bytes,     848248 total
- age   3:     207712 bytes,    1055960 total
- age   4:     231728 bytes,    1287688 total
: 17274K->1269K(18624K), 0.0016527 secs] 54998K->39014K(83392K), 0.0017845 secs] [Times: user=0.01 sys=0.00, real=0.00 secs] 
32.445: [GC 32.445: [ParNew
Desired survivor size 1343488 bytes, new threshold 4 (max 4)
- age   1:     473160 bytes,     473160 total
- age   2:      38304 bytes,     511464 total
- age   4:     106088 bytes,     617552 total
: 17269K->607K(18624K), 0.0017117 secs] 55014K->38579K(83392K), 0.0017903 secs] [Times: user=0.00 sys=0.00, real=0.00 secs] 
32.458: [GC 32.458: [ParNew
Desired survivor size 1343488 bytes, new threshold 4 (max 4)
- age   1:     297312 bytes,     297312 total
- age   2:     425544 bytes,     722856 total
- age   3:       3152 bytes,     726008 total
: 16560K->713K(18624K), 0.0016165 secs] 54531K->38788K(83392K), 0.0017172 secs] [Times: user=0.00 sys=0.00, real=0.00 secs] 
32.472: [GC 32.473: [ParNew
Desired survivor size 1343488 bytes, new threshold 4 (max 4)
- age   1:     455256 bytes,     455256 total
- age   2:      46856 bytes,     502112 total
- age   3:     425544 bytes,     927656 total
- age   4:       3112 bytes,     930768 total
: 16688K->925K(18624K), 0.0016052 secs] 54763K->39000K(83392K), 0.0016895 secs] [Times: user=0.00 sys=0.00, real=0.01 secs] 
32.488: [GC 32.488: [ParNew
Desired survivor size 1343488 bytes, new threshold 4 (max 4)
- age   1:     349208 bytes,     349208 total
- age   2:     108496 bytes,     457704 total
- age   3:      46856 bytes,     504560 total
- age   4:     251880 bytes,     756440 total
: 16897K->749K(18624K), 0.0029824 secs] 54972K->38828K(83392K), 0.0031072 secs] [Times: user=0.01 sys=0.00, real=0.00 secs] 
32.506: [GC 32.506: [ParNew
Desired survivor size 1343488 bytes, new threshold 4 (max 4)
- age   1:     160984 bytes,     160984 total
- age   2:     111520 bytes,     272504 total
- age   3:     108496 bytes,     381000 total
- age   4:      46856 bytes,     427856 total
: 16749K->439K(18624K), 0.0014666 secs] 54828K->38762K(83392K), 0.0015730 secs] [Times: user=0.00 sys=0.00, real=0.00 secs] 
32.522: [GC 32.522: [ParNew
Desired survivor size 1343488 bytes, new threshold 4 (max 4)
- age   1:     131864 bytes,     131864 total
- age   2:     158096 bytes,     289960 total
- age   3:     111408 bytes,     401368 total
- age   4:     108496 bytes,     509864 total
: 16436K->504K(18624K), 0.0017889 secs] 54759K->38874K(83392K), 0.0018817 secs] [Times: user=0.01 sys=0.00, real=0.00 secs] 
32.538: [GC 32.538: [ParNew
Desired survivor size 1343488 bytes, new threshold 4 (max 4)
- age   1:      92888 bytes,      92888 total
- age   2:     120184 bytes,     213072 total
- age   3:     158096 bytes,     371168 total
- age   4:      56752 bytes,     427920 total
: 16504K->423K(18624K), 0.0014869 secs] 54874K->38899K(83392K), 0.0015644 secs] [Times: user=0.00 sys=0.00, real=0.00 secs] 
32.551: [GC 32.551: [ParNew
Desired survivor size 1343488 bytes, new threshold 4 (max 4)
- age   1:     563808 bytes,     563808 total
- age   2:      92888 bytes,     656696 total
- age   3:     120184 bytes,     776880 total
- age   4:     158096 bytes,     934976 total
: 16414K->928K(18624K), 0.0019909 secs] 54890K->39458K(83392K), 0.0021209 secs] [Times: user=0.00 sys=0.00, real=0.00 secs] 
32.570: [GC 32.570: [ParNew
Desired survivor size 1343488 bytes, new threshold 4 (max 4)
- age   1:     281280 bytes,     281280 total
- age   2:     307232 bytes,     588512 total
- age   3:      60088 bytes,     648600 total
- age   4:     120184 bytes,     768784 total
: 16888K->776K(18624K), 0.0027757 secs] 55419K->39415K(83392K), 0.0028641 secs] [Times: user=0.01 sys=0.00, real=0.00 secs] 
32.586: [GC 32.587: [ParNew
Desired survivor size 1343488 bytes, new threshold 4 (max 4)
- age   1:     142400 bytes,     142400 total
- age   2:     219544 bytes,     361944 total
- age   3:     285024 bytes,     646968 total
- age   4:      59976 bytes,     706944 total
: 16766K->741K(18624K), 0.0024585 secs] 55405K->39498K(83392K), 0.0026207 secs] [Times: user=0.01 sys=0.00, real=0.00 secs] 
32.600: [GC 32.600: [ParNew
Desired survivor size 1343488 bytes, new threshold 4 (max 4)
- age   1:     226768 bytes,     226768 total
- age   2:      77456 bytes,     304224 total
- age   3:     100336 bytes,     404560 total
- age   4:     285024 bytes,     689584 total
: 16722K->802K(18624K), 0.0017664 secs] 55479K->39617K(83392K), 0.0018639 secs] [Times: user=0.00 sys=0.00, real=0.00 secs] 
32.615: [GC 32.615: [ParNew
Desired survivor size 1343488 bytes, new threshold 4 (max 4)
- age   1:     270008 bytes,     270008 total
- age   2:      90032 bytes,     360040 total
- age   3:      77456 bytes,     437496 total
- age   4:     100336 bytes,     537832 total
: 16774K->551K(18624K), 0.0022997 secs] 55589K->39645K(83392K), 0.0024766 secs] [Times: user=0.00 sys=0.00, real=0.00 secs] 
32.629: [GC 32.629: [ParNew
Desired survivor size 1343488 bytes, new threshold 4 (max 4)
- age   1:     403344 bytes,     403344 total
- age   2:     206464 bytes,     609808 total
- age   3:      90032 bytes,     699840 total
- age   4:       7424 bytes,     707264 total
: 16545K->725K(18624K), 0.0015575 secs] 55638K->39917K(83392K), 0.0016351 secs] [Times: user=0.00 sys=0.00, real=0.00 secs] 
32.642: [GC 32.642: [ParNew
Desired survivor size 1343488 bytes, new threshold 3 (max 4)
- age   1:     949432 bytes,     949432 total
- age   2:     371224 bytes,    1320656 total
- age   3:     103552 bytes,    1424208 total
- age   4:      90032 bytes,    1514240 total
: 16706K->1487K(18624K), 0.0024182 secs] 55897K->40685K(83392K), 0.0025333 secs] [Times: user=0.00 sys=0.00, real=0.01 secs] 
32.656: [GC 32.657: [ParNew
Desired survivor size 1343488 bytes, new threshold 3 (max 4)
- age   1:     451784 bytes,     451784 total
- age   2:     538784 bytes,     990568 total
- age   3:     371224 bytes,    1361792 total
: 17450K->1347K(18624K), 0.0021569 secs] 56649K->40734K(83392K), 0.0022566 secs] [Times: user=0.00 sys=0.00, real=0.00 secs] 
32.671: [GC 32.671: [ParNew
Desired survivor size 1343488 bytes, new threshold 4 (max 4)
- age   1:     480904 bytes,     480904 total
- age   2:     390784 bytes,     871688 total
- age   3:     347400 bytes,    1219088 total
: 17326K->1196K(18624K), 0.0028975 secs] 56713K->40670K(83392K), 0.0029866 secs] [Times: user=0.01 sys=0.00, real=0.01 secs] 
32.687: [GC 32.687: [ParNew
Desired survivor size 1343488 bytes, new threshold 4 (max 4)
- age   1:     409352 bytes,     409352 total
- age   2:     167248 bytes,     576600 total
- age   3:     120872 bytes,     697472 total
- age   4:     347400 bytes,    1044872 total
: 17193K->1053K(18624K), 0.0024949 secs] 56666K->40527K(83392K), 0.0025992 secs] [Times: user=0.01 sys=0.00, real=0.00 secs] 
32.700: [GC 32.700: [ParNew
Desired survivor size 1343488 bytes, new threshold 4 (max 4)
- age   1:     487920 bytes,     487920 total
- age   2:     124808 bytes,     612728 total
- age   3:     114160 bytes,     726888 total
- age   4:      47176 bytes,     774064 total
: 17015K->763K(18624K), 0.0018002 secs] 56489K->40576K(83392K), 0.0019226 secs] [Times: user=0.00 sys=0.00, real=0.00 secs] 
32.716: [GC 32.716: [ParNew
Desired survivor size 1343488 bytes, new threshold 4 (max 4)
- age   1:     398648 bytes,     398648 total
- age   2:     110488 bytes,     509136 total
- age   3:     124808 bytes,     633944 total
- age   4:     114160 bytes,     748104 total
: 16759K->733K(18624K), 0.0023915 secs] 56572K->40592K(83392K), 0.0025033 secs] [Times: user=0.00 sys=0.00, real=0.00 secs] 
32.730: [GC 32.730: [ParNew
Desired survivor size 1343488 bytes, new threshold 4 (max 4)
- age   1:     228088 bytes,     228088 total
- age   2:     341528 bytes,     569616 total
- age   3:     110488 bytes,     680104 total
- age   4:     124808 bytes,     804912 total
: 16693K->789K(18624K), 0.0019489 secs] 56552K->40759K(83392K), 0.0020425 secs] [Times: user=0.00 sys=0.00, real=0.00 secs] 
32.744: [GC 32.744: [ParNew
Desired survivor size 1343488 bytes, new threshold 4 (max 4)
- age   1:     297672 bytes,     297672 total
- age   2:     167072 bytes,     464744 total
- age   3:     189152 bytes,     653896 total
- age   4:     110488 bytes,     764384 total
: 16785K->750K(18624K), 0.0015801 secs] 56755K->40842K(83392K), 0.0017219 secs] [Times: user=0.00 sys=0.00, real=0.01 secs] 
32.757: [GC 32.757: [ParNew
Desired survivor size 1343488 bytes, new threshold 4 (max 4)
- age   1:     608632 bytes,     608632 total
- age   2:     230864 bytes,     839496 total
- age   3:     167072 bytes,    1006568 total
- age   4:     111856 bytes,    1118424 total
: 16730K->1095K(18624K), 0.0019426 secs] 56823K->41296K(83392K), 0.0020373 secs] [Times: user=0.01 sys=0.00, real=0.00 secs] 
32.770: [GC 32.770: [ParNew
Desired survivor size 1343488 bytes, new threshold 4 (max 4)
- age   1:     561008 bytes,     561008 total
- age   2:     440464 bytes,    1001472 total
- age   3:     230864 bytes,    1232336 total
- age   4:     167072 bytes,    1399408 total
: 17068K->1370K(18624K), 0.0026250 secs] 57269K->41679K(83392K), 0.0027412 secs] [Times: user=0.01 sys=0.01, real=0.00 secs] 
32.785: [GC 32.785: [ParNew
Desired survivor size 1343488 bytes, new threshold 4 (max 4)
- age   1:     336248 bytes,     336248 total
- age   2:     237800 bytes,     574048 total
- age   3:     155376 bytes,     729424 total
- age   4:     230864 bytes,     960288 total
: 17359K->941K(18624K), 0.0017181 secs] 57668K->41413K(83392K), 0.0018093 secs] [Times: user=0.00 sys=0.00, real=0.00 secs] 
32.798: [GC 32.798: [ParNew
Desired survivor size 1343488 bytes, new threshold 4 (max 4)
- age   1:     655688 bytes,     655688 total
- age   2:     216304 bytes,     871992 total
- age   3:     237800 bytes,    1109792 total
- age   4:     155376 bytes,    1265168 total
: 16936K->1238K(18624K), 0.0022126 secs] 57409K->41936K(83392K), 0.0023226 secs] [Times: user=0.00 sys=0.00, real=0.00 secs] 
32.813: [GC 32.813: [ParNew
Desired survivor size 1343488 bytes, new threshold 4 (max 4)
- age   1:     347704 bytes,     347704 total
- age   2:     609480 bytes,     957184 total
- age   3:      41488 bytes,     998672 total
- age   4:     118592 bytes,    1117264 total
: 17235K->1094K(18624K), 0.0016640 secs] 57933K->41944K(83392K), 0.0017530 secs] [Times: user=0.01 sys=0.00, real=0.01 secs] 
32.826: [GC 32.826: [ParNew
Desired survivor size 1343488 bytes, new threshold 4 (max 4)
- age   1:     358400 bytes,     358400 total
- age   2:     285680 bytes,     644080 total
- age   3:     609480 bytes,    1253560 total
- age   4:        336 bytes,    1253896 total
: 17056K->1227K(18624K), 0.0021036 secs] 57906K->42193K(83392K), 0.0022043 secs] [Times: user=0.01 sys=0.00, real=0.00 secs] 
32.840: [GC 32.840: [ParNew
Desired survivor size 1343488 bytes, new threshold 4 (max 4)
- age   1:     738384 bytes,     738384 total
- age   2:     305344 bytes,    1043728 total
- age   4:     358160 bytes,    1401888 total
: 17170K->1372K(18624K), 0.0020204 secs] 58136K->42338K(83392K), 0.0021162 secs] [Times: user=0.00 sys=0.00, real=0.00 secs] 
32.852: [GC 32.853: [ParNew
Desired survivor size 1343488 bytes, new threshold 4 (max 4)
- age   1:     248760 bytes,     248760 total
- age   2:     603456 bytes,     852216 total
- age   3:     169448 bytes,    1021664 total
: 17348K->1001K(18624K), 0.0020549 secs] 58314K->42317K(83392K), 0.0021772 secs] [Times: user=0.00 sys=0.00, real=0.01 secs] 
32.867: [GC 32.867: [ParNew
Desired survivor size 1343488 bytes, new threshold 4 (max 4)
- age   1:     435752 bytes,     435752 total
- age   2:     143176 bytes,     578928 total
- age   3:     433120 bytes,    1012048 total
- age   4:     169448 bytes,    1181496 total
: 16960K->1157K(18624K), 0.0018647 secs] 58275K->42473K(83392K), 0.0019719 secs] [Times: user=0.01 sys=0.00, real=0.00 secs] 
32.882: [GC 32.882: [ParNew
Desired survivor size 1343488 bytes, new threshold 4 (max 4)
- age   1:     303800 bytes,     303800 total
- age   2:     232064 bytes,     535864 total
- age   3:     143176 bytes,     679040 total
- age   4:     433120 bytes,    1112160 total
: 17130K->1089K(18624K), 0.0019826 secs] 58445K->42570K(83392K), 0.0021220 secs] [Times: user=0.00 sys=0.00, real=0.01 secs] 
32.896: [GC 32.896: [ParNew
Desired survivor size 1343488 bytes, new threshold 4 (max 4)
- age   1:     749424 bytes,     749424 total
- age   2:     157616 bytes,     907040 total
- age   3:      80560 bytes,     987600 total
: 17080K->968K(18624K), 0.0023096 secs] 58562K->42872K(83392K), 0.0024204 secs] [Times: user=0.00 sys=0.00, real=0.00 secs] 
32.912: [GC 32.912: [ParNew
Desired survivor size 1343488 bytes, new threshold 4 (max 4)
- age   1:     135984 bytes,     135984 total
- age   2:     566152 bytes,     702136 total
- age   3:     157616 bytes,     859752 total
- age   4:      80560 bytes,     940312 total
: 16959K->921K(18624K), 0.0015459 secs] 58863K->42826K(83392K), 0.0016415 secs] [Times: user=0.00 sys=0.00, real=0.00 secs] 
32.925: [GC 32.925: [ParNew
Desired survivor size 1343488 bytes, new threshold 4 (max 4)
- age   1:     115960 bytes,     115960 total
- age   2:      78288 bytes,     194248 total
- age   3:     320168 bytes,     514416 total
- age   4:     157616 bytes,     672032 total
: 16912K->659K(18624K), 0.0015198 secs] 58816K->42642K(83392K), 0.0016110 secs] [Times: user=0.00 sys=0.00, real=0.00 secs] 
32.939: [GC 32.939: [ParNew
Desired survivor size 1343488 bytes, new threshold 4 (max 4)
- age   1:     902336 bytes,     902336 total
- age   2:      54536 bytes,     956872 total
- age   3:      78288 bytes,    1035160 total
- age   4:     265928 bytes,    1301088 total
: 16618K->1274K(18624K), 0.0019917 secs] 58601K->43410K(83392K), 0.0020794 secs] [Times: user=0.00 sys=0.00, real=0.00 secs] 
32.952: [GC 32.953: [ParNew
Desired survivor size 1343488 bytes, new threshold 4 (max 4)
- age   1:     388568 bytes,     388568 total
- age   2:     845232 bytes,    1233800 total
- age   3:      54504 bytes,    1288304 total
- age   4:      78288 bytes,    1366592 total
: 17272K->1338K(18624K), 0.0031240 secs] 59409K->43683K(83392K), 0.0032248 secs] [Times: user=0.01 sys=0.00, real=0.01 secs] 
32.968: [GC 32.968: [ParNew
Desired survivor size 1343488 bytes, new threshold 3 (max 4)
- age   1:     885152 bytes,     885152 total
- age   2:     164776 bytes,    1049928 total
- age   3:     649440 bytes,    1699368 total
- age   4:      54504 bytes,    1753872 total
: 17290K->1716K(18624K), 0.0021515 secs] 59636K->44138K(83392K), 0.0022542 secs] [Times: user=0.01 sys=0.00, real=0.00 secs] 
32.983: [GC 32.983: [ParNew
Desired survivor size 1343488 bytes, new threshold 3 (max 4)
- age   1:     612296 bytes,     612296 total
- age   2:     702480 bytes,    1314776 total
- age   3:     108392 bytes,    1423168 total
: 17685K->1393K(18624K), 0.0022876 secs] 60108K->44502K(83392K), 0.0023855 secs] [Times: user=0.00 sys=0.00, real=0.01 secs] 
32.999: [GC 32.999: [ParNew
Desired survivor size 1343488 bytes, new threshold 3 (max 4)
- age   1:     525000 bytes,     525000 total
- age   2:     552304 bytes,    1077304 total
- age   3:     702480 bytes,    1779784 total
: 17365K->1741K(18624K), 0.0023082 secs] 60474K->44957K(83392K), 0.0024112 secs] [Times: user=0.00 sys=0.00, real=0.00 secs] 
33.015: [GC 33.016: [ParNew
Desired survivor size 1343488 bytes, new threshold 4 (max 4)
- age   1:     631032 bytes,     631032 total
- age   2:     467256 bytes,    1098288 total
- age   3:     161600 bytes,    1259888 total
: 17736K->1234K(18624K), 0.0033789 secs] 60952K->45135K(83392K), 0.0034980 secs] [Times: user=0.00 sys=0.00, real=0.00 secs] 
33.032: [GC [1 CMS-initial-mark: 43901K(64768K)] 61129K(83392K), 0.0009670 secs] [Times: user=0.00 sys=0.00, real=0.00 secs] 
33.033: [CMS-concurrent-mark-start]
33.035: [GC 33.035: [ParNew
Desired survivor size 1343488 bytes, new threshold 3 (max 4)
- age   1:     629400 bytes,     629400 total
- age   2:     434136 bytes,    1063536 total
- age   3:     467256 bytes,    1530792 total
- age   4:     161560 bytes,    1692352 total
: 17234K->1655K(18624K), 0.0018336 secs] 61135K->45557K(83392K), 0.0019370 secs] [Times: user=0.01 sys=0.00, real=0.00 secs] 
33.051: [GC 33.051: [ParNew
Desired survivor size 1343488 bytes, new threshold 4 (max 4)
- age   1:     321312 bytes,     321312 total
- age   2:     629360 bytes,     950672 total
- age   3:     374800 bytes,    1325472 total
: 17574K->1297K(18624K), 0.0025592 secs] 61476K->45689K(83392K), 0.0027061 secs] [Times: user=0.00 sys=0.00, real=0.00 secs] 
33.067: [GC 33.067: [ParNew
Desired survivor size 1343488 bytes, new threshold 4 (max 4)
- age   1:     503392 bytes,     503392 total
- age   2:      62024 bytes,     565416 total
- age   3:     629272 bytes,    1194688 total
- age   4:     374800 bytes,    1569488 total
: 17262K->1535K(18624K), 0.0030365 secs] 61654K->45927K(83392K), 0.0031268 secs] [Times: user=0.01 sys=0.00, real=0.00 secs] 
33.085: [GC 33.085: [ParNew
Desired survivor size 1343488 bytes, new threshold 4 (max 4)
- age   1:     277128 bytes,     277128 total
- age   2:     217496 bytes,     494624 total
- age   3:      62024 bytes,     556648 total
- age   4:     629184 bytes,    1185832 total
: 17478K->1161K(18624K), 0.0021070 secs] 61870K->45861K(83392K), 0.0021924 secs] [Times: user=0.00 sys=0.00, real=0.00 secs] 
33.103: [GC 33.103: [ParNew
Desired survivor size 1343488 bytes, new threshold 4 (max 4)
- age   1:     386872 bytes,     386872 total
- age   2:     205760 bytes,     592632 total
- age   3:     217496 bytes,     810128 total
- age   4:      62024 bytes,     872152 total
: 17092K->855K(18624K), 0.0018808 secs] 61792K->46043K(83392K), 0.0019930 secs] [Times: user=0.01 sys=0.00, real=0.01 secs] 
33.118: [GC 33.118: [ParNew
Desired survivor size 1343488 bytes, new threshold 3 (max 4)
- age   1:    1043992 bytes,    1043992 total
- age   2:     144536 bytes,    1188528 total
- age   3:     205760 bytes,    1394288 total
- age   4:     217496 bytes,    1611784 total
: 16838K->1577K(18624K), 0.0032541 secs] 62026K->46826K(83392K), 0.0033520 secs] [Times: user=0.00 sys=0.00, real=0.00 secs] 
33.135: [CMS-concurrent-mark: 0.082/0.102 secs] [Times: user=0.16 sys=0.01, real=0.11 secs] 
33.136: [GC 33.136: [ParNew
Desired survivor size 1343488 bytes, new threshold 4 (max 4)
- age   1:     689008 bytes,     689008 total
- age   2:     559344 bytes,    1248352 total
- age   3:      79576 bytes,    1327928 total
: 17567K->1300K(18624K), 0.0018035 secs] 62816K->46879K(83392K), 0.0018896 secs] [Times: user=0.00 sys=0.00, real=0.00 secs] 
33.138: [CMS-concurrent-preclean-start]
33.138: [CMS-concurrent-preclean: 0.000/0.000 secs] [Times: user=0.00 sys=0.00, real=0.00 secs] 
33.138: [GC[YG occupancy: 2230 K (18624 K)]33.138: [Rescan (parallel) , 0.0010811 secs]33.140: [weak refs processing, 0.0000450 secs] [1 CMS-remark: 45578K(64768K)] 47809K(83392K), 0.0011959 secs] [Times: user=0.01 sys=0.00, real=0.00 secs] 
33.140: [CMS-concurrent-sweep-start]
33.152: [CMS-concurrent-sweep: 0.012/0.012 secs] [Times: user=0.01 sys=0.00, real=0.01 secs] 
33.152: [CMS-concurrent-reset-start]
33.153: [CMS-concurrent-reset: 0.001/0.001 secs] [Times: user=0.00 sys=0.00, real=0.00 secs] 
33.158: [GC 33.158: [ParNew
Desired survivor size 1343488 bytes, new threshold 2 (max 4)
- age   1:     817112 bytes,     817112 total
- age   2:     602536 bytes,    1419648 total
- age   3:     559344 bytes,    1978992 total
- age   4:      79576 bytes,    2058568 total
: 17265K->2013K(18624K), 0.0025045 secs] 25791K->10538K(83392K), 0.0026009 secs] [Times: user=0.00 sys=0.00, real=0.00 secs] 
33.174: [GC 33.174: [ParNew
Desired survivor size 1343488 bytes, new threshold 4 (max 4)
- age   1:     182024 bytes,     182024 total
- age   2:     749640 bytes,     931664 total
: 18000K->910K(18624K), 0.0029213 secs] 26525K->10648K(83392K), 0.0030146 secs] [Times: user=0.01 sys=0.00, real=0.00 secs] 
33.189: [GC 33.189: [ParNew
Desired survivor size 1343488 bytes, new threshold 4 (max 4)
- age   1:     242560 bytes,     242560 total
- age   2:      81832 bytes,     324392 total
- age   3:     339744 bytes,     664136 total
: 16888K->651K(18624K), 0.0012846 secs] 26626K->10389K(83392K), 0.0014012 secs] [Times: user=0.00 sys=0.01, real=0.00 secs] 
33.202: [GC 33.202: [ParNew
Desired survivor size 1343488 bytes, new threshold 4 (max 4)
- age   1:     296576 bytes,     296576 total
- age   2:      74816 bytes,     371392 total
- age   3:      81832 bytes,     453224 total
- age   4:     339744 bytes,     792968 total
: 16607K->780K(18624K), 0.0013211 secs] 26345K->10517K(83392K), 0.0014977 secs] [Times: user=0.00 sys=0.00, real=0.00 secs] 
33.217: [GC 33.217: [ParNew
Desired survivor size 1343488 bytes, new threshold 4 (max 4)
- age   1:    1082952 bytes,    1082952 total
- age   2:     123960 bytes,    1206912 total
- age   3:      74816 bytes,    1281728 total
- age   4:      81832 bytes,    1363560 total
: 16765K->1342K(18624K), 0.0032494 secs] 26502K->11412K(83392K), 0.0033583 secs] [Times: user=0.00 sys=0.00, real=0.00 secs] 
33.233: [GC 33.233: [ParNew
Desired survivor size 1343488 bytes, new threshold 2 (max 4)
- age   1:    1062544 bytes,    1062544 total
- age   2:    1016576 bytes,    2079120 total
- age   3:     123960 bytes,    2203080 total
- age   4:      74816 bytes,    2277896 total
: 17295K->2229K(18624K), 0.0027370 secs] 27364K->12378K(83392K), 0.0028456 secs] [Times: user=0.01 sys=0.00, real=0.01 secs] 
33.249: [GC 33.249: [ParNew
Desired survivor size 1343488 bytes, new threshold 4 (max 4)
- age   1:     311536 bytes,     311536 total
- age   2:     994168 bytes,    1305704 total
: 18209K->1278K(18624K), 0.0028359 secs] 28358K->12504K(83392K), 0.0029524 secs] [Times: user=0.01 sys=0.00, real=0.00 secs] 
33.266: [GC 33.266: [ParNew
Desired survivor size 1343488 bytes, new threshold 3 (max 4)
- age   1:     558216 bytes,     558216 total
- age   2:     248216 bytes,     806432 total
- age   3:     834968 bytes,    1641400 total
: 17241K->1606K(18624K), 0.0020969 secs] 28467K->12832K(83392K), 0.0022315 secs] [Times: user=0.00 sys=0.00, real=0.00 secs] 
33.285: [GC 33.285: [ParNew
Desired survivor size 1343488 bytes, new threshold 4 (max 4)
- age   1:     518336 bytes,     518336 total
- age   2:     492920 bytes,    1011256 total
- age   3:      97576 bytes,    1108832 total
: 17579K->1086K(18624K), 0.0019114 secs] 28805K->12771K(83392K), 0.0020409 secs] [Times: user=0.00 sys=0.00, real=0.00 secs] 
33.302: [GC 33.302: [ParNew
Desired survivor size 1343488 bytes, new threshold 4 (max 4)
- age   1:     449088 bytes,     449088 total
- age   2:     380480 bytes,     829568 total
- age   3:     492920 bytes,    1322488 total
- age   4:      97576 bytes,    1420064 total
: 17062K->1390K(18624K), 0.0016478 secs] 28747K->13074K(83392K), 0.0017365 secs] [Times: user=0.01 sys=0.00, real=0.00 secs] 
33.317: [GC 33.318: [ParNew
Desired survivor size 1343488 bytes, new threshold 1 (max 4)
- age   1:    1347208 bytes,    1347208 total
- age   2:     145248 bytes,    1492456 total
- age   3:     169032 bytes,    1661488 total
- age   4:     492920 bytes,    2154408 total
: 17369K->2107K(18624K), 0.0033775 secs] 29054K->13887K(83392K), 0.0034917 secs] [Times: user=0.01 sys=0.00, real=0.00 secs] 
33.336: [GC 33.336: [ParNew
Desired survivor size 1343488 bytes, new threshold 4 (max 4)
- age   1:     756272 bytes,     756272 total
: 18084K->742K(18624K), 0.0031093 secs] 29864K->14143K(83392K), 0.0032460 secs] [Times: user=0.01 sys=0.00, real=0.00 secs] 
33.354: [GC 33.354: [ParNew
Desired survivor size 1343488 bytes, new threshold 4 (max 4)
- age   1:     331192 bytes,     331192 total
- age   2:     336768 bytes,     667960 total
: 16717K->653K(18624K), 0.0017753 secs] 30118K->14054K(83392K), 0.0018561 secs] [Times: user=0.00 sys=0.00, real=0.01 secs] 
33.370: [GC 33.370: [ParNew
Desired survivor size 1343488 bytes, new threshold 4 (max 4)
- age   1:     345352 bytes,     345352 total
- age   2:     162904 bytes,     508256 total
- age   3:      84352 bytes,     592608 total
: 16513K->584K(18624K), 0.0013642 secs] 29914K->13985K(83392K), 0.0019356 secs] [Times: user=0.00 sys=0.00, real=0.00 secs] 
33.386: [GC 33.386: [ParNew
Desired survivor size 1343488 bytes, new threshold 4 (max 4)
- age   1:     411264 bytes,     411264 total
- age   2:      86368 bytes,     497632 total
- age   3:     162904 bytes,     660536 total
- age   4:      84352 bytes,     744888 total
: 16581K->735K(18624K), 0.0013366 secs] 29982K->14136K(83392K), 0.0014777 secs] [Times: user=0.00 sys=0.00, real=0.00 secs] 
33.403: [GC 33.403: [ParNew
Desired survivor size 1343488 bytes, new threshold 4 (max 4)
- age   1:     652936 bytes,     652936 total
- age   2:     238600 bytes,     891536 total
- age   3:      86368 bytes,     977904 total
- age   4:      84672 bytes,    1062576 total
: 16732K->1040K(18624K), 0.0034050 secs] 30133K->14441K(83392K), 0.0035411 secs] [Times: user=0.00 sys=0.00, real=0.01 secs] 
33.423: [GC 33.423: [ParNew
Desired survivor size 1343488 bytes, new threshold 4 (max 4)
- age   1:     342160 bytes,     342160 total
- age   2:     290000 bytes,     632160 total
- age   3:     238512 bytes,     870672 total
- age   4:      86368 bytes,     957040 total
: 17021K->944K(18624K), 0.0015865 secs] 30422K->14427K(83392K), 0.0017067 secs] [Times: user=0.00 sys=0.00, real=0.01 secs] 
33.441: [GC 33.441: [ParNew
Desired survivor size 1343488 bytes, new threshold 4 (max 4)
- age   1:     287488 bytes,     287488 total
- age   2:     249064 bytes,     536552 total
- age   3:     172688 bytes,     709240 total
- age   4:     238512 bytes,     947752 total
: 16944K->929K(18624K), 0.0031467 secs] 30427K->14497K(83392K), 0.0032461 secs] [Times: user=0.01 sys=0.00, real=0.01 secs] 
33.461: [GC 33.461: [ParNew
Desired survivor size 1343488 bytes, new threshold 4 (max 4)
- age   1:     320520 bytes,     320520 total
- age   2:     141816 bytes,     462336 total
- age   3:     176536 bytes,     638872 total
- age   4:     172688 bytes,     811560 total
: 16793K->793K(18624K), 0.0024242 secs] 30361K->14522K(83392K), 0.0025178 secs] [Times: user=0.00 sys=0.00, real=0.00 secs] 
33.478: [GC 33.478: [ParNew
Desired survivor size 1343488 bytes, new threshold 2 (max 4)
- age   1:    1285392 bytes,    1285392 total
- age   2:      86808 bytes,    1372200 total
- age   3:     141816 bytes,    1514016 total
- age   4:     176536 bytes,    1690552 total
: 16782K->1652K(18624K), 0.0041551 secs] 30511K->15550K(83392K), 0.0042584 secs] [Times: user=0.01 sys=0.00, real=0.00 secs] 
33.498: [GC 33.498: [ParNew
Desired survivor size 1343488 bytes, new threshold 4 (max 4)
- age   1:      41448 bytes,      41448 total
- age   2:    1116752 bytes,    1158200 total
: 17652K->1143K(18624K), 0.0021920 secs] 31550K->15435K(83392K), 0.0022785 secs] [Times: user=0.01 sys=0.01, real=0.00 secs] 
33.518: [GC 33.518: [ParNew
Desired survivor size 1343488 bytes, new threshold 4 (max 4)
- age   1:     314304 bytes,     314304 total
- age   2:      24296 bytes,     338600 total
- age   3:     882896 bytes,    1221496 total
: 17136K->1210K(18624K), 0.0021660 secs] 31429K->15503K(83392K), 0.0022569 secs] [Times: user=0.00 sys=0.00, real=0.00 secs] 
33.533: [GC 33.533: [ParNew
Desired survivor size 1343488 bytes, new threshold 4 (max 4)
- age   1:     427232 bytes,     427232 total
- age   2:     268968 bytes,     696200 total
- age   3:      24296 bytes,     720496 total
- age   4:     318184 bytes,    1038680 total
: 17206K->1021K(18624K), 0.0014946 secs] 31499K->15314K(83392K), 0.0016179 secs] [Times: user=0.00 sys=0.00, real=0.01 secs] 
33.552: [GC 33.552: [ParNew
Desired survivor size 1343488 bytes, new threshold 4 (max 4)
- age   1:     457344 bytes,     457344 total
- age   2:     341808 bytes,     799152 total
- age   3:     227848 bytes,    1027000 total
- age   4:      23592 bytes,    1050592 total
: 17021K->1030K(18624K), 0.0017547 secs] 31314K->15634K(83392K), 0.0018560 secs] [Times: user=0.01 sys=0.00, real=0.00 secs] 
33.575: [GC 33.575: [ParNew
Desired survivor size 1343488 bytes, new threshold 4 (max 4)
- age   1:     555416 bytes,     555416 total
- age   2:     193872 bytes,     749288 total
- age   3:     157392 bytes,     906680 total
- age   4:     227848 bytes,    1134528 total
: 17030K->1131K(18624K), 0.0047182 secs] 31634K->15758K(83392K), 0.0048013 secs] [Times: user=0.00 sys=0.00, real=0.00 secs] 
33.597: [GC 33.597: [ParNew
Desired survivor size 1343488 bytes, new threshold 4 (max 4)
- age   1:     500344 bytes,     500344 total
- age   2:     555488 bytes,    1055832 total
- age   3:     193168 bytes,    1249000 total
- age   4:     157392 bytes,    1406392 total
: 17131K->1379K(18624K), 0.0019184 secs] 31758K->16046K(83392K), 0.0020660 secs] [Times: user=0.01 sys=0.00, real=0.00 secs] 
33.613: [GC 33.613: [ParNew
Desired survivor size 1343488 bytes, new threshold 4 (max 4)
- age   1:     353768 bytes,     353768 total
- age   2:     337360 bytes,     691128 total
- age   3:     509656 bytes,    1200784 total
- age   4:     193128 bytes,    1393912 total
: 17353K->1381K(18624K), 0.0024365 secs] 32020K->16049K(83392K), 0.0025569 secs] [Times: user=0.01 sys=0.00, real=0.01 secs] 
33.629: [GC 33.630: [ParNew
Desired survivor size 1343488 bytes, new threshold 4 (max 4)
- age   1:     347024 bytes,     347024 total
- age   2:     274936 bytes,     621960 total
- age   3:     337360 bytes,     959320 total
- age   4:     172528 bytes,    1131848 total
: 17350K->1109K(18624K), 0.0029812 secs] 32017K->15965K(83392K), 0.0030646 secs] [Times: user=0.01 sys=0.00, real=0.00 secs] 
33.655: [GC 33.655: [ParNew
Desired survivor size 1343488 bytes, new threshold 4 (max 4)
- age   1:     174720 bytes,     174720 total
- age   2:      61432 bytes,     236152 total
- age   3:     274904 bytes,     511056 total
- age   4:     337360 bytes,     848416 total
: 17109K->839K(18624K), 0.0041280 secs] 31965K->15862K(83392K), 0.0042185 secs] [Times: user=0.00 sys=0.00, real=0.00 secs] 
33.683: [GC 33.683: [ParNew
Desired survivor size 1343488 bytes, new threshold 4 (max 4)
- age   1:     254272 bytes,     254272 total
- age   2:      90880 bytes,     345152 total
- age   3:      61432 bytes,     406584 total
- age   4:     274904 bytes,     681488 total
: 16839K->671K(18624K), 0.0031241 secs] 31862K->16023K(83392K), 0.0032236 secs] [Times: user=0.00 sys=0.00, real=0.01 secs] 
33.701: [GC 33.701: [ParNew
Desired survivor size 1343488 bytes, new threshold 4 (max 4)
- age   1:     572784 bytes,     572784 total
- age   2:      84400 bytes,     657184 total
- age   3:       4320 bytes,     661504 total
: 16667K->659K(18624K), 0.0030585 secs] 32020K->16011K(83392K), 0.0031697 secs] [Times: user=0.00 sys=0.00, real=0.01 secs] 
33.722: [GC 33.722: [ParNew
Desired survivor size 1343488 bytes, new threshold 4 (max 4)
- age   1:     534056 bytes,     534056 total
- age   2:     506296 bytes,    1040352 total
- age   3:      83696 bytes,    1124048 total
- age   4:       4320 bytes,    1128368 total
: 16657K->1133K(18624K), 0.0023825 secs] 32009K->16485K(83392K), 0.0025108 secs] [Times: user=0.00 sys=0.00, real=0.01 secs] 
33.738: [GC 33.738: [ParNew
Desired survivor size 1343488 bytes, new threshold 4 (max 4)
- age   1:     402280 bytes,     402280 total
- age   2:     435064 bytes,     837344 total
- age   3:     202504 bytes,    1039848 total
- age   4:      83696 bytes,    1123544 total
: 17107K->1113K(18624K), 0.0036939 secs] 32460K->16470K(83392K), 0.0037810 secs] [Times: user=0.00 sys=0.00, real=0.00 secs] 
33.760: [GC 33.760: [ParNew
Desired survivor size 1343488 bytes, new threshold 4 (max 4)
- age   1:     364448 bytes,     364448 total
- age   2:     336536 bytes,     700984 total
- age   3:     227896 bytes,     928880 total
- age   4:     202504 bytes,    1131384 total
: 17113K->1110K(18624K), 0.0017332 secs] 32470K->16548K(83392K), 0.0018114 secs] [Times: user=0.00 sys=0.00, real=0.00 secs] 
33.777: [GC 33.777: [ParNew
Desired survivor size 1343488 bytes, new threshold 4 (max 4)
- age   1:      65552 bytes,      65552 total
- age   2:     353752 bytes,     419304 total
- age   3:     336536 bytes,     755840 total
- age   4:     196168 bytes,     952008 total
: 17103K->934K(18624K), 0.0042700 secs] 32541K->16569K(83392K), 0.0043672 secs] [Times: user=0.00 sys=0.00, real=0.00 secs] 
33.798: [GC 33.799: [ParNew
Desired survivor size 1343488 bytes, new threshold 4 (max 4)
- age   1:     257624 bytes,     257624 total
- age   2:      41064 bytes,     298688 total
- age   3:     148432 bytes,     447120 total
- age   4:     336536 bytes,     783656 total
: 16934K->777K(18624K), 0.0016082 secs] 32569K->16604K(83392K), 0.0017279 secs] [Times: user=0.00 sys=0.00, real=0.00 secs] 
33.813: [GC 33.813: [ParNew
Desired survivor size 1343488 bytes, new threshold 4 (max 4)
- age   1:     248352 bytes,     248352 total
- age   2:     228528 bytes,     476880 total
- age   3:      41064 bytes,     517944 total
- age   4:     148432 bytes,     666376 total
: 16745K->658K(18624K), 0.0024323 secs] 32572K->16814K(83392K), 0.0025283 secs] [Times: user=0.00 sys=0.00, real=0.01 secs] 
33.835: [GC 33.835: [ParNew
Desired survivor size 1343488 bytes, new threshold 4 (max 4)
- age   1:     222816 bytes,     222816 total
- age   2:      37744 bytes,     260560 total
- age   3:     228528 bytes,     489088 total
- age   4:      13952 bytes,     503040 total
: 16658K->497K(18624K), 0.0019680 secs] 32814K->16798K(83392K), 0.0020777 secs] [Times: user=0.00 sys=0.00, real=0.00 secs] 
33.848: [GC 33.848: [ParNew
Desired survivor size 1343488 bytes, new threshold 4 (max 4)
- age   1:     438680 bytes,     438680 total
- age   2:     150672 bytes,     589352 total
- age   3:      37744 bytes,     627096 total
- age   4:     221864 bytes,     848960 total
: 16476K->844K(18624K), 0.0014220 secs] 32776K->17158K(83392K), 0.0015100 secs] [Times: user=0.00 sys=0.00, real=0.00 secs] 
33.866: [GC 33.866: [ParNew
Desired survivor size 1343488 bytes, new threshold 4 (max 4)
- age   1:     264264 bytes,     264264 total
- age   2:     417184 bytes,     681448 total
- age   3:      96840 bytes,     778288 total
- age   4:      37744 bytes,     816032 total
: 16821K->801K(18624K), 0.0021341 secs] 33135K->17240K(83392K), 0.0028415 secs] [Times: user=0.00 sys=0.00, real=0.00 secs] 
33.889: [GC 33.889: [ParNew
Desired survivor size 1343488 bytes, new threshold 4 (max 4)
- age   1:     104840 bytes,     104840 total
- age   2:     169280 bytes,     274120 total
- age   3:     417184 bytes,     691304 total
- age   4:      96840 bytes,     788144 total
: 16801K->776K(18624K), 0.0016670 secs] 33240K->17252K(83392K), 0.0017470 secs] [Times: user=0.00 sys=0.00, real=0.00 secs] 
33.907: [GC 33.907: [ParNew
Desired survivor size 1343488 bytes, new threshold 4 (max 4)
- age   1:     127248 bytes,     127248 total
- age   2:      12096 bytes,     139344 total
- age   3:     130448 bytes,     269792 total
- age   4:     417184 bytes,     686976 total
: 16775K->682K(18624K), 0.0018019 secs] 33251K->17252K(83392K), 0.0019229 secs] [Times: user=0.00 sys=0.00, real=0.00 secs] 
33.923: [GC 33.923: [ParNew
Desired survivor size 1343488 bytes, new threshold 4 (max 4)
- age   1:     477120 bytes,     477120 total
- age   2:      49224 bytes,     526344 total
- age   3:      12096 bytes,     538440 total
- age   4:     130448 bytes,     668888 total
: 16673K->666K(18624K), 0.0026293 secs] 33243K->17394K(83392K), 0.0027153 secs] [Times: user=0.00 sys=0.00, real=0.01 secs] 
33.944: [GC 33.944: [ParNew
Desired survivor size 1343488 bytes, new threshold 4 (max 4)
- age   1:     301816 bytes,     301816 total
- age   2:     234296 bytes,     536112 total
- age   3:      49224 bytes,     585336 total
- age   4:      12096 bytes,     597432 total
: 16657K->591K(18624K), 0.0014161 secs] 33385K->17446K(83392K), 0.0015014 secs] [Times: user=0.00 sys=0.00, real=0.01 secs] 
33.958: [GC 33.958: [ParNew
Desired survivor size 1343488 bytes, new threshold 4 (max 4)
- age   1:     214488 bytes,     214488 total
- age   2:     275784 bytes,     490272 total
- age   3:     120648 bytes,     610920 total
- age   4:      49184 bytes,     660104 total
: 16591K->654K(18624K), 0.0018749 secs] 33446K->17521K(83392K), 0.0020160 secs] [Times: user=0.00 sys=0.00, real=0.00 secs] 
33.977: [GC 33.977: [ParNew
Desired survivor size 1343488 bytes, new threshold 4 (max 4)
- age   1:     457320 bytes,     457320 total
- age   2:     183464 bytes,     640784 total
- age   3:      38600 bytes,     679384 total
- age   4:      57848 bytes,     737232 total
: 16651K->737K(18624K), 0.0014325 secs] 33518K->17652K(83392K), 0.0015296 secs] [Times: user=0.00 sys=0.00, real=0.00 secs] 
33.992: [GC 33.992: [ParNew
Desired survivor size 1343488 bytes, new threshold 4 (max 4)
- age   1:     357488 bytes,     357488 total
- age   2:     400376 bytes,     757864 total
- age   3:      66792 bytes,     824656 total
- age   4:      38600 bytes,     863256 total
: 16732K->847K(18624K), 0.0014375 secs] 33647K->17762K(83392K), 0.0015430 secs] [Times: user=0.00 sys=0.00, real=0.00 secs] 
34.011: [GC 34.011: [ParNew
Desired survivor size 1343488 bytes, new threshold 4 (max 4)
- age   1:     153696 bytes,     153696 total
- age   2:     332080 bytes,     485776 total
- age   3:     316552 bytes,     802328 total
- age   4:      66184 bytes,     868512 total
: 16847K->855K(18624K), 0.0015633 secs] 33762K->17806K(83392K), 0.0016792 secs] [Times: user=0.00 sys=0.00, real=0.00 secs] 
34.028: [GC 34.028: [ParNew
Desired survivor size 1343488 bytes, new threshold 4 (max 4)
- age   1:     244136 bytes,     244136 total
- age   2:      92088 bytes,     336224 total
- age   3:     332080 bytes,     668304 total
- age   4:     156752 bytes,     825056 total
: 16845K->813K(18624K), 0.0014532 secs] 33796K->17829K(83392K), 0.0015395 secs] [Times: user=0.00 sys=0.00, real=0.00 secs] 
34.041: [GC 34.041: [ParNew
Desired survivor size 1343488 bytes, new threshold 4 (max 4)
- age   1:     351968 bytes,     351968 total
- age   2:     195768 bytes,     547736 total
- age   3:       7696 bytes,     555432 total
- age   4:     295032 bytes,     850464 total
: 16785K->832K(18624K), 0.0017986 secs] 33801K->18001K(83392K), 0.0024621 secs] [Times: user=0.00 sys=0.00, real=0.00 secs] 
34.060: [GC 34.060: [ParNew
Desired survivor size 1343488 bytes, new threshold 4 (max 4)
- age   1:     191312 bytes,     191312 total
- age   2:     243168 bytes,     434480 total
- age   3:     195768 bytes,     630248 total
- age   4:       7696 bytes,     637944 total
: 16810K->630K(18624K), 0.0015487 secs] 33979K->17856K(83392K), 0.0016355 secs] [Times: user=0.01 sys=0.00, real=0.00 secs] 
34.075: [GC 34.075: [ParNew
Desired survivor size 1343488 bytes, new threshold 4 (max 4)
- age   1:     235032 bytes,     235032 total
- age   2:     133568 bytes,     368600 total
- age   3:      84984 bytes,     453584 total
- age   4:     195768 bytes,     649352 total
: 16608K->641K(18624K), 0.0015913 secs] 33834K->17875K(83392K), 0.0016905 secs] [Times: user=0.01 sys=0.00, real=0.00 secs] 
34.090: [GC 34.090: [ParNew
Desired survivor size 1343488 bytes, new threshold 4 (max 4)
- age   1:     387488 bytes,     387488 total
- age   2:     189752 bytes,     577240 total
- age   3:     133568 bytes,     710808 total
- age   4:      84984 bytes,     795792 total
: 16641K->777K(18624K), 0.0015172 secs] 33875K->18200K(83392K), 0.0015993 secs] [Times: user=0.00 sys=0.00, real=0.00 secs] 
34.107: [GC 34.107: [ParNew
Desired survivor size 1343488 bytes, new threshold 4 (max 4)
- age   1:     407944 bytes,     407944 total
- age   2:     371672 bytes,     779616 total
- age   3:     189752 bytes,     969368 total
- age   4:     133568 bytes,    1102936 total
: 16777K->1078K(18624K), 0.0016413 secs] 34200K->18584K(83392K), 0.0017473 secs] [Times: user=0.00 sys=0.00, real=0.00 secs] 
34.121: [GC 34.121: [ParNew
Desired survivor size 1343488 bytes, new threshold 4 (max 4)
- age   1:      69840 bytes,      69840 total
- age   2:     374768 bytes,     444608 total
- age   3:     270856 bytes,     715464 total
- age   4:     189752 bytes,     905216 total
: 17041K->886K(18624K), 0.0017565 secs] 34547K->18522K(83392K), 0.0018492 secs] [Times: user=0.01 sys=0.00, real=0.00 secs] 
34.137: [GC 34.137: [ParNew
Desired survivor size 1343488 bytes, new threshold 4 (max 4)
- age   1:     153320 bytes,     153320 total
- age   2:      41168 bytes,     194488 total
- age   3:     332576 bytes,     527064 total
- age   4:     165248 bytes,     692312 total
: 16876K->682K(18624K), 0.0015695 secs] 34512K->18504K(83392K), 0.0016585 secs] [Times: user=0.01 sys=0.00, real=0.00 secs] 
34.152: [GC 34.152: [ParNew
Desired survivor size 1343488 bytes, new threshold 4 (max 4)
- age   1:     243504 bytes,     243504 total
- age   2:      83072 bytes,     326576 total
- age   3:      41168 bytes,     367744 total
- age   4:     332576 bytes,     700320 total
: 16651K->692K(18624K), 0.0014713 secs] 34472K->18674K(83392K), 0.0016038 secs] [Times: user=0.01 sys=0.00, real=0.00 secs] 
34.166: [GC 34.166: [ParNew
Desired survivor size 1343488 bytes, new threshold 4 (max 4)
- age   1:     187648 bytes,     187648 total
- age   2:     166912 bytes,     354560 total
- age   3:      83072 bytes,     437632 total
- age   4:      41168 bytes,     478800 total
: 16688K->470K(18624K), 0.0025724 secs] 34671K->18778K(83392K), 0.0027010 secs] [Times: user=0.00 sys=0.00, real=0.00 secs] 
34.183: [GC 34.183: [ParNew
Desired survivor size 1343488 bytes, new threshold 4 (max 4)
- age   1:     574488 bytes,     574488 total
- age   3:     166912 bytes,     741400 total
- age   4:      28664 bytes,     770064 total
: 16390K->755K(18624K), 0.0012397 secs] 34697K->19103K(83392K), 0.0013207 secs] [Times: user=0.00 sys=0.00, real=0.01 secs] 
34.200: [GC 34.201: [ParNew
Desired survivor size 1343488 bytes, new threshold 4 (max 4)
- age   1:     379360 bytes,     379360 total
- age   4:     166912 bytes,     546272 total
: 16737K->534K(18624K), 0.0017992 secs] 35085K->18910K(83392K), 0.0018841 secs] [Times: user=0.00 sys=0.00, real=0.00 secs] 
34.218: [GC 34.218: [ParNew
Desired survivor size 1343488 bytes, new threshold 4 (max 4)
- age   1:     286200 bytes,     286200 total
- age   2:        120 bytes,     286320 total
: 16512K->281K(18624K), 0.0021260 secs] 34888K->18820K(83392K), 0.0022233 secs] [Times: user=0.00 sys=0.00, real=0.00 secs] 
34.232: [GC 34.232: [ParNew
Desired survivor size 1343488 bytes, new threshold 4 (max 4)
- age   1:     333392 bytes,     333392 total
- age   2:      61136 bytes,     394528 total
- age   3:        120 bytes,     394648 total
: 16270K->386K(18624K), 0.0011852 secs] 34809K->18925K(83392K), 0.0012674 secs] [Times: user=0.01 sys=0.00, real=0.00 secs] 
34.247: [GC 34.247: [ParNew
Desired survivor size 1343488 bytes, new threshold 4 (max 4)
- age   1:     190608 bytes,     190608 total
- age   2:     119912 bytes,     310520 total
- age   3:      61136 bytes,     371656 total
- age   4:        120 bytes,     371776 total
: 16384K->370K(18624K), 0.0013461 secs] 34923K->18909K(83392K), 0.0014504 secs] [Times: user=0.00 sys=0.00, real=0.00 secs] 
34.262: [GC 34.262: [ParNew
Desired survivor size 1343488 bytes, new threshold 1 (max 4)
- age   1:    1379576 bytes,    1379576 total
- age   3:       6384 bytes,    1385960 total
- age   4:      61136 bytes,    1447096 total
: 16329K->1418K(18624K), 0.0016667 secs] 34867K->19957K(83392K), 0.0018063 secs] [Times: user=0.01 sys=0.00, real=0.00 secs] 
34.275: [GC 34.276: [ParNew
Desired survivor size 1343488 bytes, new threshold 4 (max 4)
- age   1:     435208 bytes,     435208 total
: 17397K->429K(18624K), 0.0023891 secs] 35936K->20011K(83392K), 0.0025210 secs] [Times: user=0.01 sys=0.00, real=0.00 secs] 
34.292: [GC 34.292: [ParNew
Desired survivor size 1343488 bytes, new threshold 4 (max 4)
- age   1:     216496 bytes,     216496 total
- age   2:     406200 bytes,     622696 total
: 16421K->611K(18624K), 0.0015766 secs] 36003K->20193K(83392K), 0.0016784 secs] [Times: user=0.00 sys=0.00, real=0.00 secs] 
34.306: [GC 34.306: [ParNew
Desired survivor size 1343488 bytes, new threshold 4 (max 4)
- age   1:     355712 bytes,     355712 total
- age   2:     168880 bytes,     524592 total
- age   3:     406200 bytes,     930792 total
: 16570K->913K(18624K), 0.0018631 secs] 36152K->20495K(83392K), 0.0019742 secs] [Times: user=0.00 sys=0.00, real=0.00 secs] 
34.323: [GC 34.323: [ParNew
Desired survivor size 1343488 bytes, new threshold 4 (max 4)
- age   1:     707672 bytes,     707672 total
- age   2:     182096 bytes,     889768 total
- age   3:     166680 bytes,    1056448 total
- age   4:     406200 bytes,    1462648 total
: 16913K->1436K(18624K), 0.0027747 secs] 36495K->21018K(83392K), 0.0028644 secs] [Times: user=0.00 sys=0.00, real=0.01 secs] 
34.338: [GC 34.338: [ParNew
Desired survivor size 1343488 bytes, new threshold 4 (max 4)
- age   1:     328464 bytes,     328464 total
- age   2:     684400 bytes,    1012864 total
- age   3:     182096 bytes,    1194960 total
- age   4:     106640 bytes,    1301600 total
: 17427K->1283K(18624K), 0.0021158 secs] 37009K->20957K(83392K), 0.0022177 secs] [Times: user=0.00 sys=0.00, real=0.00 secs] 
34.353: [GC 34.353: [ParNew
Desired survivor size 1343488 bytes, new threshold 4 (max 4)
- age   1:     226472 bytes,     226472 total
- age   2:     200504 bytes,     426976 total
- age   3:     684400 bytes,    1111376 total
- age   4:     182096 bytes,    1293472 total
: 17278K->1270K(18624K), 0.0018420 secs] 36952K->21048K(83392K), 0.0019553 secs] [Times: user=0.00 sys=0.00, real=0.01 secs] 
34.367: [GC 34.367: [ParNew
Desired survivor size 1343488 bytes, new threshold 4 (max 4)
- age   1:     337840 bytes,     337840 total
- age   2:     148504 bytes,     486344 total
- age   3:     170008 bytes,     656352 total
- age   4:     483560 bytes,    1139912 total
: 17257K->1125K(18624K), 0.0030099 secs] 37035K->21081K(83392K), 0.0031228 secs] [Times: user=0.00 sys=0.00, real=0.00 secs] 
34.382: [GC 34.382: [ParNew
Desired survivor size 1343488 bytes, new threshold 4 (max 4)
- age   1:     695992 bytes,     695992 total
- age   2:      55312 bytes,     751304 total
- age   3:     148504 bytes,     899808 total
- age   4:     169976 bytes,    1069784 total
: 17125K->1051K(18624K), 0.0016321 secs] 37081K->21246K(83392K), 0.0017466 secs] [Times: user=0.01 sys=0.00, real=0.00 secs] 
34.395: [GC 34.395: [ParNew
Desired survivor size 1343488 bytes, new threshold 4 (max 4)
- age   1:     663616 bytes,     663616 total
- age   2:     203312 bytes,     866928 total
- age   3:      55312 bytes,     922240 total
- age   4:     148504 bytes,    1070744 total
: 17013K->1047K(18624K), 0.0018254 secs] 37208K->21408K(83392K), 0.0019369 secs] [Times: user=0.00 sys=0.00, real=0.00 secs] 
34.408: [GC 34.408: [ParNew
Desired survivor size 1343488 bytes, new threshold 4 (max 4)
- age   1:     499992 bytes,     499992 total
- age   2:     373136 bytes,     873128 total
- age   3:     203312 bytes,    1076440 total
- age   4:      55312 bytes,    1131752 total
: 16997K->1107K(18624K), 0.0018405 secs] 37357K->21613K(83392K), 0.0019378 secs] [Times: user=0.00 sys=0.00, real=0.00 secs] 
34.423: [GC 34.423: [ParNew
Desired survivor size 1343488 bytes, new threshold 4 (max 4)
- age   1:     413096 bytes,     413096 total
- age   2:     229816 bytes,     642912 total
- age   3:     230440 bytes,     873352 total
- age   4:     203016 bytes,    1076368 total
: 17103K->1054K(18624K), 0.0028036 secs] 37609K->21614K(83392K), 0.0028980 secs] [Times: user=0.00 sys=0.00, real=0.01 secs] 
34.437: [GC 34.437: [ParNew
Desired survivor size 1343488 bytes, new threshold 4 (max 4)
- age   1:     174944 bytes,     174944 total
- age   2:      71096 bytes,     246040 total
- age   3:     229816 bytes,     475856 total
- age   4:     230440 bytes,     706296 total
: 17054K->695K(18624K), 0.0019306 secs] 37614K->21453K(83392K), 0.0020178 secs] [Times: user=0.00 sys=0.00, real=0.00 secs] 
34.456: [GC 34.456: [ParNew
Desired survivor size 1343488 bytes, new threshold 4 (max 4)
- age   1:     447464 bytes,     447464 total
- age   2:      88504 bytes,     535968 total
- age   3:      71096 bytes,     607064 total
- age   4:     229816 bytes,     836880 total
: 16679K->822K(18624K), 0.0015121 secs] 37437K->21805K(83392K), 0.0016133 secs] [Times: user=0.00 sys=0.00, real=0.00 secs] 
34.473: [GC 34.473: [ParNew
Desired survivor size 1343488 bytes, new threshold 4 (max 4)
- age   1:     598024 bytes,     598024 total
- age   2:     385496 bytes,     983520 total
- age   3:      88504 bytes,    1072024 total
- age   4:      71096 bytes,    1143120 total
: 16810K->1128K(18624K), 0.0018224 secs] 37793K->22335K(83392K), 0.0019130 secs] [Times: user=0.01 sys=0.00, real=0.01 secs] 
34.486: [GC 34.486: [ParNew
Desired survivor size 1343488 bytes, new threshold 4 (max 4)
- age   1:     161904 bytes,     161904 total
- age   2:     207640 bytes,     369544 total
- age   3:     385496 bytes,     755040 total
- age   4:      88504 bytes,     843544 total
: 17128K->832K(18624K), 0.0016569 secs] 38335K->22109K(83392K), 0.0018114 secs] [Times: user=0.01 sys=0.00, real=0.00 secs] 
34.500: [GC 34.500: [ParNew
Desired survivor size 1343488 bytes, new threshold 4 (max 4)
- age   1:     340536 bytes,     340536 total
- age   2:     131776 bytes,     472312 total
- age   3:     207640 bytes,     679952 total
- age   4:     385496 bytes,    1065448 total
: 16814K->1043K(18624K), 0.0019105 secs] 38091K->22406K(83392K), 0.0020497 secs] [Times: user=0.00 sys=0.01, real=0.00 secs] 
34.514: [GC 34.514: [ParNew
Desired survivor size 1343488 bytes, new threshold 4 (max 4)
- age   1:     433368 bytes,     433368 total
- age   2:     211048 bytes,     644416 total
- age   3:     131776 bytes,     776192 total
- age   4:     207640 bytes,     983832 total
: 17029K->967K(18624K), 0.0022365 secs] 38393K->22707K(83392K), 0.0023418 secs] [Times: user=0.00 sys=0.00, real=0.01 secs] 
34.529: [GC 34.529: [ParNew
Desired survivor size 1343488 bytes, new threshold 4 (max 4)
- age   1:      99720 bytes,      99720 total
- age   2:     274128 bytes,     373848 total
- age   3:     137008 bytes,     510856 total
- age   4:     131776 bytes,     642632 total
: 16948K->631K(18624K), 0.0016200 secs] 38688K->22574K(83392K), 0.0017308 secs] [Times: user=0.00 sys=0.00, real=0.00 secs] 
34.543: [GC 34.543: [ParNew
Desired survivor size 1343488 bytes, new threshold 4 (max 4)
- age   1:     299328 bytes,     299328 total
- age   2:      57400 bytes,     356728 total
- age   3:     153936 bytes,     510664 total
- age   4:     137008 bytes,     647672 total
: 16587K->636K(18624K), 0.0013164 secs] 38529K->22707K(83392K), 0.0013955 secs] [Times: user=0.00 sys=0.00, real=0.01 secs] 
34.556: [GC 34.556: [ParNew
Desired survivor size 1343488 bytes, new threshold 4 (max 4)
- age   1:     498792 bytes,     498792 total
- age   3:      57400 bytes,     556192 total
- age   4:      98288 bytes,     654480 total
: 16603K->642K(18624K), 0.0016038 secs] 38674K->22847K(83392K), 0.0017062 secs] [Times: user=0.00 sys=0.00, real=0.00 secs] 
34.571: [GC 34.571: [ParNew
Desired survivor size 1343488 bytes, new threshold 4 (max 4)
- age   1:     500024 bytes,     500024 total
- age   2:     256608 bytes,     756632 total
- age   4:      57400 bytes,     814032 total
: 16611K->798K(18624K), 0.0015108 secs] 38816K->23099K(83392K), 0.0015931 secs] [Times: user=0.00 sys=0.00, real=0.00 secs] 
34.585: [GC 34.585: [ParNew
Desired survivor size 1343488 bytes, new threshold 4 (max 4)
- age   1:     759456 bytes,     759456 total
- age   2:     441528 bytes,    1200984 total
- age   3:      83432 bytes,    1284416 total
: 16766K->1257K(18624K), 0.0022905 secs] 39067K->23614K(83392K), 0.0024226 secs] [Times: user=0.00 sys=0.00, real=0.00 secs] 
34.600: [GC 34.600: [ParNew
Desired survivor size 1343488 bytes, new threshold 3 (max 4)
- age   1:     760448 bytes,     760448 total
- age   2:     407288 bytes,    1167736 total
- age   3:     441528 bytes,    1609264 total
- age   4:      83128 bytes,    1692392 total
: 17242K->1654K(18624K), 0.0024550 secs] 39600K->24012K(83392K), 0.0025718 secs] [Times: user=0.00 sys=0.00, real=0.00 secs] 
34.615: [GC 34.615: [ParNew
Desired survivor size 1343488 bytes, new threshold 3 (max 4)
- age   1:     307104 bytes,     307104 total
- age   2:     737840 bytes,    1044944 total
- age   3:     311024 bytes,    1355968 total
: 17629K->1326K(18624K), 0.0021759 secs] 39986K->23946K(83392K), 0.0022934 secs] [Times: user=0.01 sys=0.00, real=0.00 secs] 
34.631: [GC 34.631: [ParNew
Desired survivor size 1343488 bytes, new threshold 2 (max 4)
- age   1:    1200128 bytes,    1200128 total
- age   2:     276896 bytes,    1477024 total
- age   3:     737840 bytes,    2214864 total
: 17301K->2165K(18624K), 0.0027546 secs] 39921K->25089K(83392K), 0.0029314 secs] [Times: user=0.01 sys=0.00, real=0.00 secs] 
34.647: [GC 34.647: [ParNew
Desired survivor size 1343488 bytes, new threshold 2 (max 4)
- age   1:     411128 bytes,     411128 total
- age   2:    1133752 bytes,    1544880 total
: 18154K->1512K(18624K), 0.0025853 secs] 41077K->24964K(83392K), 0.0027338 secs] [Times: user=0.00 sys=0.01, real=0.00 secs] 
34.662: [GC 34.662: [ParNew
Desired survivor size 1343488 bytes, new threshold 4 (max 4)
- age   1:     969480 bytes,     969480 total
- age   2:     330744 bytes,    1300224 total
: 17509K->1273K(18624K), 0.0025283 secs] 40962K->25833K(83392K), 0.0026211 secs] [Times: user=0.00 sys=0.00, real=0.01 secs] 
34.677: [GC 34.677: [ParNew
Desired survivor size 1343488 bytes, new threshold 3 (max 4)
- age   1:     418344 bytes,     418344 total
- age   2:     905912 bytes,    1324256 total
- age   3:     278408 bytes,    1602664 total
: 17251K->1566K(18624K), 0.0027839 secs] 41811K->26126K(83392K), 0.0028895 secs] [Times: user=0.00 sys=0.00, real=0.00 secs] 
34.692: [GC 34.692: [ParNew
Desired survivor size 1343488 bytes, new threshold 4 (max 4)
- age   1:     363416 bytes,     363416 total
- age   2:     308240 bytes,     671656 total
- age   3:     486192 bytes,    1157848 total
: 17532K->1134K(18624K), 0.0026007 secs] 42091K->25831K(83392K), 0.0029164 secs] [Times: user=0.01 sys=0.00, real=0.01 secs] 
34.707: [GC 34.707: [ParNew
Desired survivor size 1343488 bytes, new threshold 3 (max 4)
- age   1:     962480 bytes,     962480 total
- age   2:     305016 bytes,    1267496 total
- age   3:     308240 bytes,    1575736 total
- age   4:     486192 bytes,    2061928 total
: 17069K->2017K(18624K), 0.0031894 secs] 41766K->26714K(83392K), 0.0033070 secs] [Times: user=0.01 sys=0.00, real=0.00 secs] 
34.722: [GC 34.722: [ParNew
Desired survivor size 1343488 bytes, new threshold 3 (max 4)
- age   1:     400736 bytes,     400736 total
- age   2:     925208 bytes,    1325944 total
- age   3:     305016 bytes,    1630960 total
: 17983K->1596K(18624K), 0.0028872 secs] 42680K->27069K(83392K), 0.0030163 secs] [Times: user=0.01 sys=0.00, real=0.01 secs] 
34.740: [GC 34.741: [ParNew
Desired survivor size 1343488 bytes, new threshold 3 (max 4)
- age   1:     248608 bytes,     248608 total
- age   2:     178072 bytes,     426680 total
- age   3:     925208 bytes,    1351888 total
: 17596K->1322K(18624K), 0.0030036 secs] 43069K->26979K(83392K), 0.0030861 secs] [Times: user=0.00 sys=0.00, real=0.00 secs] 
34.755: [GC 34.756: [ParNew
Desired survivor size 1343488 bytes, new threshold 4 (max 4)
- age   1:     481712 bytes,     481712 total
- age   2:     181056 bytes,     662768 total
- age   3:     178072 bytes,     840840 total
: 17310K->823K(18624K), 0.0017180 secs] 42967K->26803K(83392K), 0.0018211 secs] [Times: user=0.01 sys=0.00, real=0.00 secs] 
34.769: [GC 34.770: [ParNew
Desired survivor size 1343488 bytes, new threshold 2 (max 4)
- age   1:    1065176 bytes,    1065176 total
- age   2:     357672 bytes,    1422848 total
- age   3:     181056 bytes,    1603904 total
- age   4:     178072 bytes,    1781976 total
: 16819K->1742K(18624K), 0.0027739 secs] 42799K->27722K(83392K), 0.0029032 secs] [Times: user=0.00 sys=0.00, real=0.00 secs] 
34.786: [GC 34.786: [ParNew
Desired survivor size 1343488 bytes, new threshold 4 (max 4)
- age   1:     366504 bytes,     366504 total
- age   2:     732616 bytes,    1099120 total
: 17725K->1076K(18624K), 0.0024320 secs] 43705K->27756K(83392K), 0.0025370 secs] [Times: user=0.00 sys=0.00, real=0.00 secs] 
34.800: [GC 34.800: [ParNew
Desired survivor size 1343488 bytes, new threshold 4 (max 4)
- age   1:     436200 bytes,     436200 total
- age   2:     297456 bytes,     733656 total
- age   3:     587552 bytes,    1321208 total
: 17059K->1293K(18624K), 0.0018970 secs] 43739K->27973K(83392K), 0.0019990 secs] [Times: user=0.00 sys=0.00, real=0.00 secs] 
34.815: [GC 34.815: [ParNew
Desired survivor size 1343488 bytes, new threshold 2 (max 4)
- age   1:    1300672 bytes,    1300672 total
- age   2:     362504 bytes,    1663176 total
- age   3:     297456 bytes,    1960632 total
- age   4:     339648 bytes,    2300280 total
: 17293K->2249K(18624K), 0.0034417 secs] 43973K->28928K(83392K), 0.0035920 secs] [Times: user=0.01 sys=0.00, real=0.00 secs] 
34.834: [GC 34.834: [ParNew
Desired survivor size 1343488 bytes, new threshold 2 (max 4)
- age   1:     543928 bytes,     543928 total
- age   2:    1005208 bytes,    1549136 total
: 18168K->1515K(18624K), 0.0028951 secs] 44848K->29020K(83392K), 0.0029907 secs] [Times: user=0.00 sys=0.00, real=0.01 secs] 
34.849: [GC 34.849: [ParNew
Desired survivor size 1343488 bytes, new threshold 4 (max 4)
- age   1:     232256 bytes,     232256 total
- age   2:     471296 bytes,     703552 total
: 17450K->692K(18624K), 0.0022674 secs] 44955K->28974K(83392K), 0.0023707 secs] [Times: user=0.00 sys=0.00, real=0.00 secs] 
34.863: [GC 34.863: [ParNew
Desired survivor size 1343488 bytes, new threshold 4 (max 4)
- age   1:     299536 bytes,     299536 total
- age   2:      78128 bytes,     377664 total
- age   3:     387880 bytes,     765544 total
: 16692K->757K(18624K), 0.0014306 secs] 44974K->29039K(83392K), 0.0015254 secs] [Times: user=0.01 sys=0.00, real=0.01 secs] 
34.878: [GC 34.878: [ParNew
Desired survivor size 1343488 bytes, new threshold 4 (max 4)
- age   1:     707848 bytes,     707848 total
- age   2:     298664 bytes,    1006512 total
- age   3:      78128 bytes,    1084640 total
- age   4:      11032 bytes,    1095672 total
: 16739K->1072K(18624K), 0.0019328 secs] 45021K->29354K(83392K), 0.0020216 secs] [Times: user=0.00 sys=0.00, real=0.00 secs] 
34.891: [GC 34.892: [ParNew
Desired survivor size 1343488 bytes, new threshold 4 (max 4)
- age   1:     274208 bytes,     274208 total
- age   2:     661840 bytes,     936048 total
- age   3:     298664 bytes,    1234712 total
- age   4:         40 bytes,    1234752 total
: 17034K->1211K(18624K), 0.0031944 secs] 45316K->29504K(83392K), 0.0033004 secs] [Times: user=0.00 sys=0.00, real=0.01 secs] 
34.906: [GC 34.906: [ParNew
Desired survivor size 1343488 bytes, new threshold 4 (max 4)
- age   1:     543376 bytes,     543376 total
- age   2:     251032 bytes,     794408 total
- age   3:     197952 bytes,     992360 total
- age   4:     298624 bytes,    1290984 total
: 17193K->1268K(18624K), 0.0021173 secs] 45485K->29560K(83392K), 0.0022154 secs] [Times: user=0.00 sys=0.00, real=0.00 secs] 
34.920: [GC 34.920: [ParNew
Desired survivor size 1343488 bytes, new threshold 4 (max 4)
- age   1:     338096 bytes,     338096 total
- age   2:     245784 bytes,     583880 total
- age   3:      20280 bytes,     604160 total
- age   4:     132032 bytes,     736192 total
: 17250K->722K(18624K), 0.0017346 secs] 45542K->29307K(83392K), 0.0018315 secs] [Times: user=0.01 sys=0.00, real=0.00 secs] 
34.933: [GC 34.933: [ParNew
Desired survivor size 1343488 bytes, new threshold 4 (max 4)
- age   1:     495552 bytes,     495552 total
- age   2:     311328 bytes,     806880 total
- age   3:     245784 bytes,    1052664 total
- age   4:      20280 bytes,    1072944 total
: 16700K->1057K(18624K), 0.0019298 secs] 45285K->29770K(83392K), 0.0020271 secs] [Times: user=0.01 sys=0.00, real=0.01 secs] 
34.946: [GC 34.947: [ParNew
Desired survivor size 1343488 bytes, new threshold 4 (max 4)
- age   1:     398800 bytes,     398800 total
- age   2:     461936 bytes,     860736 total
- age   3:     311328 bytes,    1172064 total
- age   4:     245784 bytes,    1417848 total
: 17038K->1388K(18624K), 0.0022363 secs] 45751K->30120K(83392K), 0.0024590 secs] [Times: user=0.00 sys=0.00, real=0.00 secs] 
34.961: [GC 34.961: [ParNew
Desired survivor size 1343488 bytes, new threshold 4 (max 4)
- age   1:     227144 bytes,     227144 total
- age   2:     357232 bytes,     584376 total
- age   3:     170584 bytes,     754960 total
- age   4:     311328 bytes,    1066288 total
: 17371K->1044K(18624K), 0.0018883 secs] 46104K->30017K(83392K), 0.0020098 secs] [Times: user=0.00 sys=0.00, real=0.00 secs] 
34.974: [GC 34.974: [ParNew
Desired survivor size 1343488 bytes, new threshold 4 (max 4)
- age   1:     306408 bytes,     306408 total
- age   2:      27024 bytes,     333432 total
- age   3:     357232 bytes,     690664 total
- age   4:     105624 bytes,     796288 total
: 17004K->781K(18624K), 0.0020489 secs] 45977K->30058K(83392K), 0.0022712 secs] [Times: user=0.00 sys=0.00, real=0.00 secs] 
34.987: [GC 34.988: [ParNew
Desired survivor size 1343488 bytes, new threshold 4 (max 4)
- age   1:     236688 bytes,     236688 total
- age   2:     197560 bytes,     434248 total
- age   3:      27024 bytes,     461272 total
- age   4:     357232 bytes,     818504 total
: 16777K->800K(18624K), 0.0034372 secs] 46054K->30181K(83392K), 0.0035432 secs] [Times: user=0.01 sys=0.00, real=0.00 secs] 
35.010: [GC 35.010: [ParNew
Desired survivor size 1343488 bytes, new threshold 4 (max 4)
- age   1:     328728 bytes,     328728 total
- age   4:      27024 bytes,     355752 total
: 16753K->351K(18624K), 0.0016612 secs] 46133K->30080K(83392K), 0.0018040 secs] [Times: user=0.01 sys=0.00, real=0.00 secs] 
35.025: [GC 35.025: [ParNew
Desired survivor size 1343488 bytes, new threshold 4 (max 4)
- age   1:     841984 bytes,     841984 total
- age   2:      63424 bytes,     905408 total
: 16306K->885K(18624K), 0.0026839 secs] 46035K->30641K(83392K), 0.0027922 secs] [Times: user=0.01 sys=0.00, real=0.00 secs] 
35.041: [GC 35.041: [ParNew
Desired survivor size 1343488 bytes, new threshold 4 (max 4)
- age   1:     633968 bytes,     633968 total
- age   2:     627952 bytes,    1261920 total
- age   3:      63424 bytes,    1325344 total
: 16814K->1297K(18624K), 0.0021917 secs] 46570K->31053K(83392K), 0.0022870 secs] [Times: user=0.01 sys=0.00, real=0.00 secs] 
35.058: [GC 35.058: [ParNew
Desired survivor size 1343488 bytes, new threshold 4 (max 4)
- age   1:     263192 bytes,     263192 total
- age   2:     468720 bytes,     731912 total
- age   3:     502272 bytes,    1234184 total
- age   4:      63424 bytes,    1297608 total
: 17255K->1270K(18624K), 0.0025652 secs] 47010K->31026K(83392K), 0.0026766 secs] [Times: user=0.01 sys=0.00, real=0.00 secs] 
35.077: [GC 35.078: [ParNew
Desired survivor size 1343488 bytes, new threshold 4 (max 4)
- age   1:     567696 bytes,     567696 total
- age   2:      90632 bytes,     658328 total
- age   3:     254680 bytes,     913008 total
- age   4:     444672 bytes,    1357680 total
: 17256K->1329K(18624K), 0.0017111 secs] 47012K->31085K(83392K), 0.0018019 secs] [Times: user=0.00 sys=0.00, real=0.00 secs] 
35.095: [GC 35.095: [ParNew
Desired survivor size 1343488 bytes, new threshold 4 (max 4)
- age   1:    1104664 bytes,    1104664 total
- age   2:      67456 bytes,    1172120 total
- age   3:      90632 bytes,    1262752 total
- age   4:     254680 bytes,    1517432 total
: 17329K->1485K(18624K), 0.0040315 secs] 47085K->31544K(83392K), 0.0041237 secs] [Times: user=0.01 sys=0.00, real=0.00 secs] 
35.111: [GC 35.111: [ParNew
Desired survivor size 1343488 bytes, new threshold 4 (max 4)
- age   1:     298680 bytes,     298680 total
- age   2:     878520 bytes,    1177200 total
- age   3:      67456 bytes,    1244656 total
- age   4:      90632 bytes,    1335288 total
: 17465K->1307K(18624K), 0.0027362 secs] 47523K->31614K(83392K), 0.0028608 secs] [Times: user=0.00 sys=0.00, real=0.00 secs] 
35.125: [GC 35.125: [ParNew
Desired survivor size 1343488 bytes, new threshold 3 (max 4)
- age   1:     227520 bytes,     227520 total
- age   2:     258480 bytes,     486000 total
- age   3:     878520 bytes,    1364520 total
- age   4:      67456 bytes,    1431976 total
: 17273K->1402K(18624K), 0.0022456 secs] 47580K->31797K(83392K), 0.0023458 secs] [Times: user=0.00 sys=0.00, real=0.00 secs] 
35.139: [GC 35.139: [ParNew
Desired survivor size 1343488 bytes, new threshold 4 (max 4)
- age   1:     817552 bytes,     817552 total
- age   2:      65864 bytes,     883416 total
- age   3:     258480 bytes,    1141896 total
: 17394K->1118K(18624K), 0.0026514 secs] 47790K->32374K(83392K), 0.0027586 secs] [Times: user=0.00 sys=0.00, real=0.00 secs] 
35.153: [GC 35.153: [ParNew
Desired survivor size 1343488 bytes, new threshold 4 (max 4)
- age   1:     267712 bytes,     267712 total
- age   2:     326208 bytes,     593920 total
- age   3:      65864 bytes,     659784 total
- age   4:     258480 bytes,     918264 total
: 17094K->898K(18624K), 0.0022503 secs] 48350K->32153K(83392K), 0.0023975 secs] [Times: user=0.01 sys=0.00, real=0.01 secs] 
35.166: [GC 35.166: [ParNew
Desired survivor size 1343488 bytes, new threshold 4 (max 4)
- age   1:     434504 bytes,     434504 total
- age   2:      77456 bytes,     511960 total
- age   3:     326208 bytes,     838168 total
- age   4:      65864 bytes,     904032 total
: 16887K->886K(18624K), 0.0020609 secs] 48142K->32394K(83392K), 0.0021894 secs] [Times: user=0.00 sys=0.00, real=0.00 secs] 
35.180: [GC 35.180: [ParNew
Desired survivor size 1343488 bytes, new threshold 4 (max 4)
- age   1:     479432 bytes,     479432 total
- age   2:     319352 bytes,     798784 total
- age   3:      77456 bytes,     876240 total
- age   4:     326208 bytes,    1202448 total
: 16866K->1177K(18624K), 0.0019851 secs] 48374K->32749K(83392K), 0.0021019 secs] [Times: user=0.00 sys=0.00, real=0.00 secs] 
35.193: [GC 35.193: [ParNew
Desired survivor size 1343488 bytes, new threshold 4 (max 4)
- age   1:     737008 bytes,     737008 total
- age   2:     332608 bytes,    1069616 total
- age   3:     250304 bytes,    1319920 total
- age   4:      77456 bytes,    1397376 total
: 17079K->1368K(18624K), 0.0021210 secs] 48651K->33258K(83392K), 0.0022828 secs] [Times: user=0.00 sys=0.00, real=0.01 secs] 
35.212: [GC 35.212: [ParNew
Desired survivor size 1343488 bytes, new threshold 4 (max 4)
- age   1:     230464 bytes,     230464 total
- age   2:     284048 bytes,     514512 total
- age   3:     332608 bytes,     847120 total
- age   4:     250304 bytes,    1097424 total
: 17325K->1075K(18624K), 0.0016657 secs] 49215K->33041K(83392K), 0.0017588 secs] [Times: user=0.01 sys=0.01, real=0.00 secs] 
35.225: [GC 35.225: [ParNew
Desired survivor size 1343488 bytes, new threshold 4 (max 4)
- age   1:     255152 bytes,     255152 total
- age   2:     146744 bytes,     401896 total
- age   3:     200344 bytes,     602240 total
- age   4:     332568 bytes,     934808 total
: 16997K->916K(18624K), 0.0019229 secs] 48963K->32962K(83392K), 0.0020345 secs] [Times: user=0.00 sys=0.00, real=0.00 secs] 
35.243: [GC 35.243: [ParNew
Desired survivor size 1343488 bytes, new threshold 4 (max 4)
- age   1:     456800 bytes,     456800 total
- age   2:      84912 bytes,     541712 total
- age   3:       5512 bytes,     547224 total
: 16916K->535K(18624K), 0.0016098 secs] 48962K->32906K(83392K), 0.0016977 secs] [Times: user=0.00 sys=0.00, real=0.01 secs] 
35.259: [GC 35.259: [ParNew
Desired survivor size 1343488 bytes, new threshold 4 (max 4)
- age   1:     497264 bytes,     497264 total
- age   2:      84392 bytes,     581656 total
- age   3:      84912 bytes,     666568 total
- age   4:       5512 bytes,     672080 total
: 16489K->656K(18624K), 0.0014340 secs] 48860K->33027K(83392K), 0.0015187 secs] [Times: user=0.00 sys=0.00, real=0.00 secs] 
35.273: [GC 35.273: [ParNew
Desired survivor size 1343488 bytes, new threshold 2 (max 4)
- age   1:    1297632 bytes,    1297632 total
- age   2:     361112 bytes,    1658744 total
- age   3:      84392 bytes,    1743136 total
- age   4:      84912 bytes,    1828048 total
: 16650K->1786K(18624K), 0.0025169 secs] 49021K->34162K(83392K), 0.0026123 secs] [Times: user=0.01 sys=0.00, real=0.01 secs] 
35.288: [GC 35.288: [ParNew
Desired survivor size 1343488 bytes, new threshold 2 (max 4)
- age   1:     545384 bytes,     545384 total
- age   2:    1124704 bytes,    1670088 total
: 17756K->1635K(18624K), 0.0024941 secs] 50132K->34392K(83392K), 0.0026033 secs] [Times: user=0.00 sys=0.00, real=0.00 secs] 
35.303: [GC 35.303: [ParNew
Desired survivor size 1343488 bytes, new threshold 4 (max 4)
- age   1:     573392 bytes,     573392 total
- age   2:     487688 bytes,    1061080 total
: 17606K->1039K(18624K), 0.0025608 secs] 50363K->34547K(83392K), 0.0026627 secs] [Times: user=0.01 sys=0.00, real=0.01 secs] 
35.318: [GC 35.318: [ParNew
Desired survivor size 1343488 bytes, new threshold 3 (max 4)
- age   1:     821112 bytes,     821112 total
- age   2:     439328 bytes,    1260440 total
- age   3:     487688 bytes,    1748128 total
: 17000K->1709K(18624K), 0.0024629 secs] 50507K->35216K(83392K), 0.0026123 secs] [Times: user=0.01 sys=0.00, real=0.00 secs] 
35.333: [GC 35.333: [ParNew
Desired survivor size 1343488 bytes, new threshold 4 (max 4)
- age   1:     331944 bytes,     331944 total
- age   2:     439824 bytes,     771768 total
- age   3:     439328 bytes,    1211096 total
: 17701K->1184K(18624K), 0.0027422 secs] 51208K->35167K(83392K), 0.0028294 secs] [Times: user=0.00 sys=0.00, real=0.01 secs] 
35.351: [GC 35.351: [ParNew
Desired survivor size 1343488 bytes, new threshold 4 (max 4)
- age   1:     445872 bytes,     445872 total
- age   2:     245640 bytes,     691512 total
- age   3:     439824 bytes,    1131336 total
- age   4:     204592 bytes,    1335928 total
: 17126K->1306K(18624K), 0.0021538 secs] 51109K->35290K(83392K), 0.0022546 secs] [Times: user=0.01 sys=0.00, real=0.00 secs] 
35.366: [GC 35.366: [ParNew
Desired survivor size 1343488 bytes, new threshold 4 (max 4)
- age   1:     119384 bytes,     119384 total
- age   2:     300864 bytes,     420248 total
- age   3:     245640 bytes,     665888 total
- age   4:     439824 bytes,    1105712 total
: 17298K->1086K(18624K), 0.0031497 secs] 51282K->35270K(83392K), 0.0032477 secs] [Times: user=0.00 sys=0.00, real=0.00 secs] 
35.382: [GC 35.382: [ParNew
Desired survivor size 1343488 bytes, new threshold 4 (max 4)
- age   1:     523424 bytes,     523424 total
- age   2:      25224 bytes,     548648 total
- age   3:     300680 bytes,     849328 total
- age   4:     219864 bytes,    1069192 total
: 17076K->1055K(18624K), 0.0022004 secs] 51259K->35668K(83392K), 0.0022940 secs] [Times: user=0.01 sys=0.00, real=0.00 secs] 
35.398: [GC 35.398: [ParNew
Desired survivor size 1343488 bytes, new threshold 4 (max 4)
- age   1:     577424 bytes,     577424 total
- age   2:     438920 bytes,    1016344 total
- age   3:      25224 bytes,    1041568 total
- age   4:     300568 bytes,    1342136 total
: 17055K->1319K(18624K), 0.0020111 secs] 51668K->36146K(83392K), 0.0021035 secs] [Times: user=0.01 sys=0.00, real=0.00 secs] 
35.415: [GC 35.415: [ParNew
Desired survivor size 1343488 bytes, new threshold 3 (max 4)
- age   1:     437152 bytes,     437152 total
- age   2:     557688 bytes,     994840 total
- age   3:     369008 bytes,    1363848 total
- age   4:      25224 bytes,    1389072 total
: 17268K->1382K(18624K), 0.0036962 secs] 52096K->36503K(83392K), 0.0038542 secs] [Times: user=0.00 sys=0.00, real=0.00 secs] 
35.431: [GC 35.431: [ParNew
Desired survivor size 1343488 bytes, new threshold 4 (max 4)
- age   1:     186048 bytes,     186048 total
- age   2:     406240 bytes,     592288 total
- age   3:     389568 bytes,     981856 total
: 17380K->962K(18624K), 0.0021376 secs] 52501K->36468K(83392K), 0.0022332 secs] [Times: user=0.00 sys=0.00, real=0.00 secs] 
35.445: [GC 35.445: [ParNew
Desired survivor size 1343488 bytes, new threshold 4 (max 4)
- age   1:     230600 bytes,     230600 total
- age   2:      92832 bytes,     323432 total
- age   3:     406240 bytes,     729672 total
- age   4:     389568 bytes,    1119240 total
: 16951K->1103K(18624K), 0.0015193 secs] 52457K->36609K(83392K), 0.0016025 secs] [Times: user=0.01 sys=0.00, real=0.00 secs] 
35.459: [GC 35.459: [ParNew
Desired survivor size 1343488 bytes, new threshold 4 (max 4)
- age   1:     422632 bytes,     422632 total
- age   2:      26144 bytes,     448776 total
- age   3:       7696 bytes,     456472 total
- age   4:     329176 bytes,     785648 total
: 17089K->772K(18624K), 0.0028549 secs] 52595K->36446K(83392K), 0.0029512 secs] [Times: user=0.00 sys=0.00, real=0.00 secs] 
35.478: [GC 35.478: [ParNew
Desired survivor size 1343488 bytes, new threshold 4 (max 4)
- age   1:     677208 bytes,     677208 total
- age   2:     190160 bytes,     867368 total
- age   3:      26144 bytes,     893512 total
- age   4:       7696 bytes,     901208 total
: 16720K->886K(18624K), 0.0016492 secs] 52394K->36881K(83392K), 0.0017288 secs] [Times: user=0.00 sys=0.00, real=0.00 secs] 
35.492: [GC 35.493: [ParNew
Desired survivor size 1343488 bytes, new threshold 4 (max 4)
- age   1:     365368 bytes,     365368 total
- age   2:     590448 bytes,     955816 total
- age   3:      51168 bytes,    1006984 total
- age   4:      26144 bytes,    1033128 total
: 16886K->1022K(18624K), 0.0025547 secs] 52881K->37024K(83392K), 0.0026747 secs] [Times: user=0.00 sys=0.00, real=0.01 secs] 
35.508: [GC 35.508: [ParNew
Desired survivor size 1343488 bytes, new threshold 3 (max 4)
- age   1:     500192 bytes,     500192 total
- age   2:     365328 bytes,     865520 total
- age   3:     588712 bytes,    1454232 total
- age   4:      51168 bytes,    1505400 total
: 17016K->1477K(18624K), 0.0041042 secs] 53018K->37504K(83392K), 0.0042457 secs] [Times: user=0.01 sys=0.00, real=0.00 secs] 
35.527: [GC 35.527: [ParNew
Desired survivor size 1343488 bytes, new threshold 4 (max 4)
- age   1:     171448 bytes,     171448 total
- age   2:     359880 bytes,     531328 total
- age   3:     365328 bytes,     896656 total
: 17424K->881K(18624K), 0.0031929 secs] 53452K->37285K(83392K), 0.0033103 secs] [Times: user=0.00 sys=0.00, real=0.00 secs] 
35.547: [GC 35.547: [ParNew
Desired survivor size 1343488 bytes, new threshold 4 (max 4)
- age   1:     249904 bytes,     249904 total
- age   2:     170760 bytes,     420664 total
- age   3:     359880 bytes,     780544 total
- age   4:     365328 bytes,    1145872 total
: 16881K->1123K(18624K), 0.0019119 secs] 53285K->37527K(83392K), 0.0020022 secs] [Times: user=0.00 sys=0.00, real=0.00 secs] 
35.560: [GC 35.560: [ParNew
Desired survivor size 1343488 bytes, new threshold 4 (max 4)
- age   1:     742592 bytes,     742592 total
- age   2:      28456 bytes,     771048 total
- age   3:       1960 bytes,     773008 total
- age   4:     359880 bytes,    1132888 total
: 17090K->1123K(18624K), 0.0020093 secs] 53494K->37884K(83392K), 0.0021065 secs] [Times: user=0.00 sys=0.00, real=0.00 secs] 
35.576: [GC 35.576: [ParNew
Desired survivor size 1343488 bytes, new threshold 4 (max 4)
- age   1:     563592 bytes,     563592 total
- age   2:     223808 bytes,     787400 total
- age   3:      28456 bytes,     815856 total
- age   4:       1960 bytes,     817816 total
: 17123K->809K(18624K), 0.0017007 secs] 53884K->37922K(83392K), 0.0018067 secs] [Times: user=0.00 sys=0.00, real=0.00 secs] 
35.591: [GC 35.591: [ParNew
Desired survivor size 1343488 bytes, new threshold 3 (max 4)
- age   1:     803968 bytes,     803968 total
- age   2:     361168 bytes,    1165136 total
- age   3:     223808 bytes,    1388944 total
- age   4:      28456 bytes,    1417400 total
: 16768K->1393K(18624K), 0.0020782 secs] 53881K->38508K(83392K), 0.0022642 secs] [Times: user=0.00 sys=0.00, real=0.00 secs] 
35.606: [GC 35.606: [ParNew
Desired survivor size 1343488 bytes, new threshold 4 (max 4)
- age   1:     406712 bytes,     406712 total
- age   2:     474432 bytes,     881144 total
- age   3:     193752 bytes,    1074896 total
: 17371K->1065K(18624K), 0.0020677 secs] 54485K->38426K(83392K), 0.0022027 secs] [Times: user=0.01 sys=0.00, real=0.00 secs] 
35.621: [GC 35.621: [ParNew
Desired survivor size 1343488 bytes, new threshold 4 (max 4)
- age   1:     682096 bytes,     682096 total
- age   2:      71616 bytes,     753712 total
- age   3:     212840 bytes,     966552 total
- age   4:      94976 bytes,    1061528 total
: 16977K->1038K(18624K), 0.0024060 secs] 54337K->38399K(83392K), 0.0025006 secs] [Times: user=0.01 sys=0.00, real=0.00 secs] 
35.636: [GC 35.636: [ParNew
Desired survivor size 1343488 bytes, new threshold 4 (max 4)
- age   1:     747088 bytes,     747088 total
- age   2:     118864 bytes,     865952 total
- age   3:      71616 bytes,     937568 total
- age   4:     212840 bytes,    1150408 total
: 17028K->1125K(18624K), 0.0017202 secs] 54389K->38579K(83392K), 0.0018354 secs] [Times: user=0.00 sys=0.00, real=0.00 secs] 
35.650: [GC 35.650: [ParNew
Desired survivor size 1343488 bytes, new threshold 3 (max 4)
- age   1:     674336 bytes,     674336 total
- age   2:     627728 bytes,    1302064 total
- age   3:     118864 bytes,    1420928 total
- age   4:      71616 bytes,    1492544 total
: 17094K->1459K(18624K), 0.0023527 secs] 54547K->39120K(83392K), 0.0025051 secs] [Times: user=0.00 sys=0.00, real=0.00 secs] 
35.664: [GC 35.664: [ParNew
Desired survivor size 1343488 bytes, new threshold 4 (max 4)
- age   1:     249472 bytes,     249472 total
- age   2:     596064 bytes,     845536 total
- age   3:     375576 bytes,    1221112 total
: 17432K->1194K(18624K), 0.0021889 secs] 55093K->39041K(83392K), 0.0022887 secs] [Times: user=0.00 sys=0.00, real=0.01 secs] 
35.680: [GC 35.680: [ParNew
Desired survivor size 1343488 bytes, new threshold 4 (max 4)
- age   1:     410776 bytes,     410776 total
- age   2:     163016 bytes,     573792 total
- age   3:     305056 bytes,     878848 total
- age   4:     116440 bytes,     995288 total
: 17194K->972K(18624K), 0.0044601 secs] 55041K->38820K(83392K), 0.0045900 secs] [Times: user=0.01 sys=0.00, real=0.01 secs] 
35.698: [GC 35.698: [ParNew
Desired survivor size 1343488 bytes, new threshold 4 (max 4)
- age   1:     204224 bytes,     204224 total
- age   2:     212408 bytes,     416632 total
- age   3:     163016 bytes,     579648 total
- age   4:     305056 bytes,     884704 total
: 16925K->867K(18624K), 0.0018478 secs] 54772K->38828K(83392K), 0.0019318 secs] [Times: user=0.00 sys=0.00, real=0.00 secs] 
35.714: [GC 35.715: [ParNew
Desired survivor size 1343488 bytes, new threshold 4 (max 4)
- age   1:     138408 bytes,     138408 total
- age   2:       4160 bytes,     142568 total
- age   3:     211576 bytes,     354144 total
- age   4:     163016 bytes,     517160 total
: 16866K->508K(18624K), 0.0018445 secs] 54827K->38767K(83392K), 0.0019503 secs] [Times: user=0.01 sys=0.00, real=0.00 secs] 
35.730: [GC 35.730: [ParNew
Desired survivor size 1343488 bytes, new threshold 4 (max 4)
- age   1:     656192 bytes,     656192 total
- age   2:      98856 bytes,     755048 total
- age   3:       4160 bytes,     759208 total
- age   4:     211576 bytes,     970784 total
: 16436K->957K(18624K), 0.0018747 secs] 54695K->39375K(83392K), 0.0019679 secs] [Times: user=0.01 sys=0.00, real=0.00 secs] 
35.743: [GC 35.743: [ParNew
Desired survivor size 1343488 bytes, new threshold 4 (max 4)
- age   1:     268280 bytes,     268280 total
- age   2:     321200 bytes,     589480 total
- age   3:      97768 bytes,     687248 total
- age   4:       4160 bytes,     691408 total
: 16957K->690K(18624K), 0.0018451 secs] 55375K->39314K(83392K), 0.0019447 secs] [Times: user=0.00 sys=0.00, real=0.01 secs] 
35.756: [GC 35.756: [ParNew
Desired survivor size 1343488 bytes, new threshold 4 (max 4)
- age   1:     136920 bytes,     136920 total
- age   2:     112368 bytes,     249288 total
- age   3:     321200 bytes,     570488 total
- age   4:      97768 bytes,     668256 total
: 16689K->654K(18624K), 0.0015133 secs] 55314K->39283K(83392K), 0.0016043 secs] [Times: user=0.00 sys=0.00, real=0.00 secs] 
35.770: [GC 35.770: [ParNew
Desired survivor size 1343488 bytes, new threshold 4 (max 4)
- age   1:     194016 bytes,     194016 total
- age   2:     110408 bytes,     304424 total
- age   3:       2464 bytes,     306888 total
- age   4:     275392 bytes,     582280 total
: 16642K->577K(18624K), 0.0014614 secs] 55271K->39302K(83392K), 0.0015487 secs] [Times: user=0.00 sys=0.00, real=0.00 secs] 
35.783: [GC 35.783: [ParNew
Desired survivor size 1343488 bytes, new threshold 4 (max 4)
- age   1:     198304 bytes,     198304 total
- age   2:     161024 bytes,     359328 total
- age   3:     110408 bytes,     469736 total
- age   4:       2464 bytes,     472200 total
: 16558K->463K(18624K), 0.0016076 secs] 55282K->39457K(83392K), 0.0017002 secs] [Times: user=0.00 sys=0.01, real=0.01 secs] 
35.797: [GC 35.797: [ParNew
Desired survivor size 1343488 bytes, new threshold 4 (max 4)
- age   1:     677888 bytes,     677888 total
- age   2:     157040 bytes,     834928 total
- age   3:     161024 bytes,     995952 total
- age   4:     110408 bytes,    1106360 total
: 16461K->1082K(18624K), 0.0022074 secs] 55455K->40077K(83392K), 0.0022921 secs] [Times: user=0.01 sys=0.00, real=0.00 secs] 
35.813: [GC 35.814: [ParNew
Desired survivor size 1343488 bytes, new threshold 4 (max 4)
- age   1:     218480 bytes,     218480 total
- age   2:     413872 bytes,     632352 total
- age   3:     157040 bytes,     789392 total
- age   4:     161024 bytes,     950416 total
: 17079K->929K(18624K), 0.0026098 secs] 56075K->40033K(83392K), 0.0027014 secs] [Times: user=0.00 sys=0.00, real=0.01 secs] 
35.828: [GC 35.828: [ParNew
Desired survivor size 1343488 bytes, new threshold 2 (max 4)
- age   1:    1260408 bytes,    1260408 total
- age   2:     218480 bytes,    1478888 total
- age   3:     413872 bytes,    1892760 total
- age   4:     157040 bytes,    2049800 total
: 16875K->2002K(18624K), 0.0026992 secs] 55978K->41263K(83392K), 0.0028231 secs] [Times: user=0.00 sys=0.00, real=0.00 secs] 
35.843: [GC 35.843: [ParNew
Desired survivor size 1343488 bytes, new threshold 2 (max 4)
- age   1:     305792 bytes,     305792 total
- age   2:    1046184 bytes,    1351976 total
: 17997K->1326K(18624K), 0.0026170 secs] 57258K->41209K(83392K), 0.0027133 secs] [Times: user=0.01 sys=0.00, real=0.01 secs] 
35.858: [GC 35.858: [ParNew
Desired survivor size 1343488 bytes, new threshold 4 (max 4)
- age   1:     370384 bytes,     370384 total
- age   2:     243784 bytes,     614168 total
: 17312K->602K(18624K), 0.0020207 secs] 57195K->41128K(83392K), 0.0021210 secs] [Times: user=0.00 sys=0.00, real=0.00 secs] 
35.874: [GC 35.874: [ParNew
Desired survivor size 1343488 bytes, new threshold 4 (max 4)
- age   1:     168400 bytes,     168400 total
- age   2:     286032 bytes,     454432 total
- age   3:     177904 bytes,     632336 total
: 16549K->620K(18624K), 0.0013898 secs] 57076K->41146K(83392K), 0.0014715 secs] [Times: user=0.00 sys=0.00, real=0.01 secs] 
35.887: [GC 35.888: [ParNew
Desired survivor size 1343488 bytes, new threshold 4 (max 4)
- age   1:     248112 bytes,     248112 total
- age   2:     115240 bytes,     363352 total
- age   3:     286032 bytes,     649384 total
- age   4:      82896 bytes,     732280 total
: 16620K->717K(18624K), 0.0022621 secs] 57146K->41244K(83392K), 0.0023570 secs] [Times: user=0.01 sys=0.00, real=0.00 secs] 
35.905: [GC 35.905: [ParNew
Desired survivor size 1343488 bytes, new threshold 4 (max 4)
- age   1:     535328 bytes,     535328 total
- age   2:     198744 bytes,     734072 total
- age   3:      27392 bytes,     761464 total
- age   4:     133600 bytes,     895064 total
: 16693K->878K(18624K), 0.0017995 secs] 57219K->41486K(83392K), 0.0019081 secs] [Times: user=0.00 sys=0.00, real=0.00 secs] 
35.920: [GC 35.920: [ParNew
Desired survivor size 1343488 bytes, new threshold 4 (max 4)
- age   1:     423040 bytes,     423040 total
- age   2:     210552 bytes,     633592 total
- age   3:      46312 bytes,     679904 total
- age   4:      27392 bytes,     707296 total
: 16857K->691K(18624K), 0.0015354 secs] 57464K->41429K(83392K), 0.0016233 secs] [Times: user=0.00 sys=0.00, real=0.00 secs] 
35.936: [GC 35.936: [ParNew
Desired survivor size 1343488 bytes, new threshold 4 (max 4)
- age   1:     385408 bytes,     385408 total
- age   2:     375216 bytes,     760624 total
- age   3:     209848 bytes,     970472 total
- age   4:      46312 bytes,    1016784 total
: 16655K->996K(18624K), 0.0018603 secs] 57393K->41761K(83392K), 0.0019770 secs] [Times: user=0.01 sys=0.00, real=0.00 secs] 
35.949: [GC 35.949: [ParNew
Desired survivor size 1343488 bytes, new threshold 4 (max 4)
- age   1:     512384 bytes,     512384 total
- age   2:     339192 bytes,     851576 total
- age   3:     375176 bytes,    1226752 total
- age   4:     209528 bytes,    1436280 total
: 16982K->1414K(18624K), 0.0022927 secs] 57746K->42224K(83392K), 0.0024077 secs] [Times: user=0.00 sys=0.00, real=0.00 secs] 
35.964: [GC 35.964: [ParNew
Desired survivor size 1343488 bytes, new threshold 3 (max 4)
- age   1:     803096 bytes,     803096 total
- age   2:     401480 bytes,    1204576 total
- age   3:     339192 bytes,    1543768 total
- age   4:     229488 bytes,    1773256 total
: 17395K->1737K(18624K), 0.0025585 secs] 58205K->42752K(83392K), 0.0027156 secs] [Times: user=0.00 sys=0.00, real=0.01 secs] 
35.978: [GC 35.978: [ParNew
Desired survivor size 1343488 bytes, new threshold 4 (max 4)
- age   1:     211944 bytes,     211944 total
- age   2:     755872 bytes,     967816 total
- age   3:     348192 bytes,    1316008 total
: 17735K->1295K(18624K), 0.0026551 secs] 58750K->42842K(83392K), 0.0027597 secs] [Times: user=0.01 sys=0.00, real=0.00 secs] 
35.992: [GC 35.992: [ParNew
Desired survivor size 1343488 bytes, new threshold 4 (max 4)
- age   1:     237360 bytes,     237360 total
- age   2:     164616 bytes,     401976 total
- age   3:     577048 bytes,     979024 total
- age   4:     348192 bytes,    1327216 total
: 17267K->1298K(18624K), 0.0023076 secs] 58814K->42845K(83392K), 0.0024236 secs] [Times: user=0.01 sys=0.00, real=0.01 secs] 
36.006: [GC 36.006: [ParNew
Desired survivor size 1343488 bytes, new threshold 4 (max 4)
- age   1:     266512 bytes,     266512 total
- age   2:      77120 bytes,     343632 total
- age   3:     164616 bytes,     508248 total
- age   4:     246760 bytes,     755008 total
: 17296K->739K(18624K), 0.0018469 secs] 58843K->42626K(83392K), 0.0019438 secs] [Times: user=0.00 sys=0.00, real=0.00 secs] 
36.019: [GC 36.019: [ParNew
Desired survivor size 1343488 bytes, new threshold 4 (max 4)
- age   1:     867504 bytes,     867504 total
- age   2:     198416 bytes,    1065920 total
- age   3:      77120 bytes,    1143040 total
- age   4:     164616 bytes,    1307656 total
: 16692K->1277K(18624K), 0.0030156 secs] 58579K->43405K(83392K), 0.0031271 secs] [Times: user=0.00 sys=0.00, real=0.00 secs] 
36.035: [GC 36.035: [ParNew
Desired survivor size 1343488 bytes, new threshold 4 (max 4)
- age   1:     627008 bytes,     627008 total
- age   2:     454760 bytes,    1081768 total
- age   3:     198384 bytes,    1280152 total
- age   4:      66416 bytes,    1346568 total
: 17257K->1317K(18624K), 0.0022832 secs] 59385K->43605K(83392K), 0.0023816 secs] [Times: user=0.01 sys=0.00, real=0.00 secs] 
36.051: [GC 36.051: [ParNew
Desired survivor size 1343488 bytes, new threshold 4 (max 4)
- age   1:     381720 bytes,     381720 total
- age   2:     434920 bytes,     816640 total
- age   3:     343752 bytes,    1160392 total
- age   4:     198384 bytes,    1358776 total
: 17230K->1330K(18624K), 0.0028987 secs] 59519K->43684K(83392K), 0.0029910 secs] [Times: user=0.00 sys=0.00, real=0.00 secs] 
36.065: [GC 36.065: [ParNew
Desired survivor size 1343488 bytes, new threshold 4 (max 4)
- age   1:     606952 bytes,     606952 total
- age   2:     300024 bytes,     906976 total
- age   3:     215240 bytes,    1122216 total
- age   4:     343752 bytes,    1465968 total
: 17298K->1434K(18624K), 0.0022096 secs] 59652K->43981K(83392K), 0.0023068 secs] [Times: user=0.00 sys=0.00, real=0.00 secs] 
36.079: [GC 36.079: [ParNew
Desired survivor size 1343488 bytes, new threshold 4 (max 4)
- age   1:     232200 bytes,     232200 total
- age   2:     370632 bytes,     602832 total
- age   3:     300024 bytes,     902856 total
- age   4:     170968 bytes,    1073824 total
: 17400K->1049K(18624K), 0.0022506 secs] 59947K->43932K(83392K), 0.0023609 secs] [Times: user=0.01 sys=0.00, real=0.00 secs] 
36.094: [GC 36.094: [ParNew
Desired survivor size 1343488 bytes, new threshold 4 (max 4)
- age   1:     173120 bytes,     173120 total
- age   2:     145840 bytes,     318960 total
- age   3:     370632 bytes,     689592 total
- age   4:     159664 bytes,     849256 total
: 17018K->833K(18624K), 0.0019427 secs] 59901K->43839K(83392K), 0.0020400 secs] [Times: user=0.00 sys=0.00, real=0.01 secs] 
36.107: [GC 36.107: [ParNew
Desired survivor size 1343488 bytes, new threshold 4 (max 4)
- age   1:     150360 bytes,     150360 total
- age   2:      51832 bytes,     202192 total
- age   3:      78384 bytes,     280576 total
- age   4:     370632 bytes,     651208 total
: 16823K->638K(18624K), 0.0016746 secs] 59829K->43799K(83392K), 0.0017847 secs] [Times: user=0.00 sys=0.00, real=0.00 secs] 
36.123: [GC 36.123: [ParNew
Desired survivor size 1343488 bytes, new threshold 4 (max 4)
- age   1:     380296 bytes,     380296 total
- age   2:     116744 bytes,     497040 total
- age   3:      51512 bytes,     548552 total
- age   4:      78384 bytes,     626936 total
: 16580K->613K(18624K), 0.0015657 secs] 59742K->44137K(83392K), 0.0016953 secs] [Times: user=0.00 sys=0.00, real=0.01 secs] 
36.136: [GC 36.136: [ParNew
Desired survivor size 1343488 bytes, new threshold 4 (max 4)
- age   1:     349184 bytes,     349184 total
- age   2:     349800 bytes,     698984 total
- age   4:      51512 bytes,     750496 total
: 16581K->735K(18624K), 0.0016271 secs] 60104K->44335K(83392K), 0.0017337 secs] [Times: user=0.00 sys=0.00, real=0.00 secs] 
36.150: [GC 36.150: [ParNew
Desired survivor size 1343488 bytes, new threshold 4 (max 4)
- age   1:     589568 bytes,     589568 total
- age   2:     349144 bytes,     938712 total
- age   3:     231224 bytes,    1169936 total
: 16735K->1144K(18624K), 0.0021497 secs] 60335K->44794K(83392K), 0.0022548 secs] [Times: user=0.01 sys=0.00, real=0.00 secs] 
36.167: [GC 36.167: [ParNew
Desired survivor size 1343488 bytes, new threshold 4 (max 4)
- age   1:     409688 bytes,     409688 total
- age   2:     388256 bytes,     797944 total
- age   3:     349144 bytes,    1147088 total
- age   4:     230392 bytes,    1377480 total
: 17125K->1348K(18624K), 0.0022095 secs] 60776K->44998K(83392K), 0.0023119 secs] [Times: user=0.01 sys=0.00, real=0.00 secs] 
36.180: [GC 36.181: [ParNew
Desired survivor size 1343488 bytes, new threshold 4 (max 4)
- age   1:     324352 bytes,     324352 total
- age   2:     371024 bytes,     695376 total
- age   3:     204768 bytes,     900144 total
- age   4:     349144 bytes,    1249288 total
: 17311K->1223K(18624K), 0.0021235 secs] 60961K->45098K(83392K), 0.0022191 secs] [Times: user=0.00 sys=0.00, real=0.00 secs] 
36.194: [GC 36.194: [ParNew
Desired survivor size 1343488 bytes, new threshold 4 (max 4)
- age   1:     271544 bytes,     271544 total
- age   2:      88176 bytes,     359720 total
- age   3:     371024 bytes,     730744 total
- age   4:     204768 bytes,     935512 total
: 17196K->914K(18624K), 0.0019710 secs] 61071K->45046K(83392K), 0.0020711 secs] [Times: user=0.00 sys=0.00, real=0.01 secs] 
36.209: [GC 36.209: [ParNew
Desired survivor size 1343488 bytes, new threshold 4 (max 4)
- age   1:     378744 bytes,     378744 total
- age   2:     165864 bytes,     544608 total
- age   3:      88176 bytes,     632784 total
- age   4:     167744 bytes,     800528 total
: 16885K->784K(18624K), 0.0017291 secs] 61017K->45116K(83392K), 0.0018496 secs] [Times: user=0.01 sys=0.00, real=0.00 secs] 
36.226: [GC 36.227: [ParNew
Desired survivor size 1343488 bytes, new threshold 4 (max 4)
- age   1:     264064 bytes,     264064 total
- age   2:      54472 bytes,     318536 total
- age   3:     165864 bytes,     484400 total
- age   4:      88176 bytes,     572576 total
: 16681K->562K(18624K), 0.0016000 secs] 61013K->45058K(83392K), 0.0016923 secs] [Times: user=0.00 sys=0.00, real=0.00 secs] 
36.240: [GC 36.240: [ParNew
Desired survivor size 1343488 bytes, new threshold 4 (max 4)
- age   1:     263488 bytes,     263488 total
- age   2:     195256 bytes,     458744 total
- age   3:      54472 bytes,     513216 total
- age   4:     165864 bytes,     679080 total
: 16553K->667K(18624K), 0.0015080 secs] 61048K->45248K(83392K), 0.0016039 secs] [Times: user=0.00 sys=0.00, real=0.00 secs] 
36.254: [GC 36.254: [ParNew
Desired survivor size 1343488 bytes, new threshold 4 (max 4)
- age   1:     138024 bytes,     138024 total
- age   2:     150872 bytes,     288896 total
- age   3:     127344 bytes,     416240 total
- age   4:      54472 bytes,     470712 total
: 16662K->466K(18624K), 0.0017422 secs] 61244K->45209K(83392K), 0.0018502 secs] [Times: user=0.00 sys=0.00, real=0.01 secs] 
36.271: [GC 36.271: [ParNew
Desired survivor size 1343488 bytes, new threshold 4 (max 4)
- age   1:     203368 bytes,     203368 total
- age   2:      86960 bytes,     290328 total
- age   3:     150872 bytes,     441200 total
- age   4:     127240 bytes,     568440 total
: 16466K->565K(18624K), 0.0014986 secs] 61209K->45362K(83392K), 0.0016597 secs] [Times: user=0.00 sys=0.00, real=0.00 secs] 
36.283: [GC 36.283: [ParNew
Desired survivor size 1343488 bytes, new threshold 4 (max 4)
- age   1:     469848 bytes,     469848 total
- age   2:      17920 bytes,     487768 total
- age   3:      86960 bytes,     574728 total
- age   4:     150872 bytes,     725600 total
: 16524K->720K(18624K), 0.0020167 secs] 61321K->45641K(83392K), 0.0021158 secs] [Times: user=0.00 sys=0.00, real=0.01 secs] 
36.297: [GC 36.297: [ParNew
Desired survivor size 1343488 bytes, new threshold 4 (max 4)
- age   1:     375488 bytes,     375488 total
- age   2:     156488 bytes,     531976 total
- age   3:      17920 bytes,     549896 total
- age   4:      86960 bytes,     636856 total
: 16697K->639K(18624K), 0.0015539 secs] 61618K->45707K(83392K), 0.0016474 secs] [Times: user=0.01 sys=0.00, real=0.00 secs] 
36.311: [GC 36.311: [ParNew
Desired survivor size 1343488 bytes, new threshold 4 (max 4)
- age   1:     754664 bytes,     754664 total
- age   2:     133264 bytes,     887928 total
- age   3:     156488 bytes,    1044416 total
- age   4:      17920 bytes,    1062336 total
: 16612K->1047K(18624K), 0.0017077 secs] 61681K->46201K(83392K), 0.0018181 secs] [Times: user=0.01 sys=0.00, real=0.00 secs] 
36.325: [GC 36.325: [ParNew
Desired survivor size 1343488 bytes, new threshold 4 (max 4)
- age   1:     273032 bytes,     273032 total
- age   2:     636032 bytes,     909064 total
- age   3:     133264 bytes,    1042328 total
- age   4:     156488 bytes,    1198816 total
: 16995K->1185K(18624K), 0.0019571 secs] 62149K->46356K(83392K), 0.0020823 secs] [Times: user=0.00 sys=0.00, real=0.00 secs] 
36.340: [GC 36.340: [ParNew
Desired survivor size 1343488 bytes, new threshold 3 (max 4)
- age   1:     722376 bytes,     722376 total
- age   2:     201416 bytes,     923792 total
- age   3:     511424 bytes,    1435216 total
- age   4:     133264 bytes,    1568480 total
: 17160K->1535K(18624K), 0.0022861 secs] 62331K->46859K(83392K), 0.0023836 secs] [Times: user=0.00 sys=0.01, real=0.00 secs] 
36.353: [GC 36.353: [ParNew
Desired survivor size 1343488 bytes, new threshold 4 (max 4)
- age   1:     413848 bytes,     413848 total
- age   2:     440008 bytes,     853856 total
- age   3:     201416 bytes,    1055272 total
: 17513K->1032K(18624K), 0.0030180 secs] 62837K->46808K(83392K), 0.0031197 secs] [Times: user=0.01 sys=0.00, real=0.01 secs] 
36.367: [GC 36.367: [ParNew
Desired survivor size 1343488 bytes, new threshold 3 (max 4)
- age   1:     677224 bytes,     677224 total
- age   2:     359608 bytes,    1036832 total
- age   3:     440008 bytes,    1476840 total
- age   4:     201416 bytes,    1678256 total
: 17006K->1642K(18624K), 0.0022666 secs] 62783K->47418K(83392K), 0.0024335 secs] [Times: user=0.00 sys=0.00, real=0.00 secs] 
36.382: [GC 36.382: [ParNew
Desired survivor size 1343488 bytes, new threshold 4 (max 4)
- age   1:     474896 bytes,     474896 total
- age   2:     451816 bytes,     926712 total
- age   3:     359608 bytes,    1286320 total
: 17612K->1259K(18624K), 0.0021722 secs] 63388K->47511K(83392K), 0.0022669 secs] [Times: user=0.00 sys=0.00, real=0.01 secs] 
36.397: [GC 36.397: [ParNew
Desired survivor size 1343488 bytes, new threshold 4 (max 4)
- age   1:     420184 bytes,     420184 total
- age   2:     157424 bytes,     577608 total
- age   3:     276440 bytes,     854048 total
- age   4:     322904 bytes,    1176952 total
: 17229K->1152K(18624K), 0.0019101 secs] 63481K->47404K(83392K), 0.0020074 secs] [Times: user=0.01 sys=0.00, real=0.00 secs] 
36.411: [GC 36.411: [ParNew
Desired survivor size 1343488 bytes, new threshold 4 (max 4)
- age   1:     497736 bytes,     497736 total
- age   2:     359432 bytes,     857168 total
- age   3:     157424 bytes,    1014592 total
- age   4:     276440 bytes,    1291032 total
: 17149K->1263K(18624K), 0.0021466 secs] 63401K->47634K(83392K), 0.0022631 secs] [Times: user=0.01 sys=0.00, real=0.00 secs] 
36.429: [GC 36.430: [ParNew
Desired survivor size 1343488 bytes, new threshold 4 (max 4)
- age   1:      91216 bytes,      91216 total
- age   2:     301944 bytes,     393160 total
- age   3:     186520 bytes,     579680 total
- age   4:     157424 bytes,     737104 total
: 17254K->721K(18624K), 0.0019665 secs] 63625K->47362K(83392K), 0.0021367 secs] [Times: user=0.00 sys=0.00, real=0.00 secs] 
36.443: [GC 36.443: [ParNew
Desired survivor size 1343488 bytes, new threshold 4 (max 4)
- age   1:     475200 bytes,     475200 total
- age   2:      23832 bytes,     499032 total
- age   3:     301944 bytes,     800976 total
- age   4:     186520 bytes,     987496 total
: 16644K->967K(18624K), 0.0019416 secs] 63284K->47761K(83392K), 0.0020810 secs] [Times: user=0.01 sys=0.00, real=0.01 secs] 
36.457: [GC 36.457: [ParNew
Desired survivor size 1343488 bytes, new threshold 4 (max 4)
- age   1:     603776 bytes,     603776 total
- age   2:     397664 bytes,    1001440 total
- age   3:       5688 bytes,    1007128 total
- age   4:     301944 bytes,    1309072 total
: 16956K->1284K(18624K), 0.0024126 secs] 63750K->48260K(83392K), 0.0025468 secs] [Times: user=0.01 sys=0.00, real=0.00 secs] 
36.473: [GC 36.473: [ParNew
Desired survivor size 1343488 bytes, new threshold 4 (max 4)
- age   1:     501072 bytes,     501072 total
- age   2:     304624 bytes,     805696 total
- age   3:     397664 bytes,    1203360 total
- age   4:       5688 bytes,    1209048 total
: 17252K->1191K(18624K), 0.0019861 secs] 64228K->48462K(83392K), 0.0020687 secs] [Times: user=0.00 sys=0.00, real=0.01 secs] 
36.486: [GC 36.486: [ParNew
Desired survivor size 1343488 bytes, new threshold 4 (max 4)
- age   1:     414792 bytes,     414792 total
- age   2:     432920 bytes,     847712 total
- age   3:     174360 bytes,    1022072 total
- age   4:     397664 bytes,    1419736 total
: 17177K->1392K(18624K), 0.0023412 secs] 64448K->48669K(83392K), 0.0024540 secs] [Times: user=0.00 sys=0.01, real=0.00 secs] 
36.499: [GC 36.500: [ParNew
Desired survivor size 1343488 bytes, new threshold 4 (max 4)
- age   1:     111720 bytes,     111720 total
- age   2:     342264 bytes,     453984 total
- age   3:     353760 bytes,     807744 total
- age   4:     174360 bytes,     982104 total
: 17365K->961K(18624K), 0.0022695 secs] 64642K->48626K(83392K), 0.0023713 secs] [Times: user=0.01 sys=0.00, real=0.00 secs] 
36.516: [GC 36.517: [ParNew
Desired survivor size 1343488 bytes, new threshold 4 (max 4)
- age   1:     290656 bytes,     290656 total
- age   2:      33728 bytes,     324384 total
- age   3:     342264 bytes,     666648 total
- age   4:      67184 bytes,     733832 total
: 16938K->720K(18624K), 0.0014560 secs] 64603K->48555K(83392K), 0.0015589 secs] [Times: user=0.01 sys=0.00, real=0.00 secs] 
36.531: [GC 36.531: [ParNew
Desired survivor size 1343488 bytes, new threshold 4 (max 4)
- age   1:     471000 bytes,     471000 total
- age   2:      40192 bytes,     511192 total
- age   3:      33728 bytes,     544920 total
- age   4:     138456 bytes,     683376 total
: 16657K->670K(18624K), 0.0015279 secs] 64492K->48571K(83392K), 0.0016239 secs] [Times: user=0.01 sys=0.00, real=0.00 secs] 
36.545: [GC 36.545: [ParNew
Desired survivor size 1343488 bytes, new threshold 4 (max 4)
- age   1:     237952 bytes,     237952 total
- age   2:      98264 bytes,     336216 total
- age   3:      40192 bytes,     376408 total
- age   4:      33728 bytes,     410136 total
: 16633K->403K(18624K), 0.0013991 secs] 64534K->48440K(83392K), 0.0015014 secs] [Times: user=0.00 sys=0.00, real=0.00 secs] 
36.557: [GC 36.557: [ParNew
Desired survivor size 1343488 bytes, new threshold 4 (max 4)
- age   1:     765584 bytes,     765584 total
- age   2:     172912 bytes,     938496 total
- age   3:      98264 bytes,    1036760 total
- age   4:      40192 bytes,    1076952 total
: 16400K->1055K(18624K), 0.0018488 secs] 64436K->49124K(83392K), 0.0020725 secs] [Times: user=0.00 sys=0.00, real=0.00 secs] 
36.571: [GC 36.571: [ParNew
Desired survivor size 1343488 bytes, new threshold 4 (max 4)
- age   1:     377288 bytes,     377288 total
- age   2:     370872 bytes,     748160 total
- age   3:     172880 bytes,     921040 total
- age   4:      85136 bytes,    1006176 total
: 17012K->986K(18624K), 0.0016704 secs] 65081K->49094K(83392K), 0.0017992 secs] [Times: user=0.00 sys=0.00, real=0.00 secs] 
36.585: [GC 36.585: [ParNew
Desired survivor size 1343488 bytes, new threshold 4 (max 4)
- age   1:     251800 bytes,     251800 total
- age   2:      18440 bytes,     270240 total
- age   3:     370872 bytes,     641112 total
- age   4:     172880 bytes,     813992 total
: 16978K->798K(18624K), 0.0018205 secs] 65086K->48990K(83392K), 0.0019044 secs] [Times: user=0.00 sys=0.00, real=0.00 secs] 
36.600: [GC 36.600: [ParNew
Desired survivor size 1343488 bytes, new threshold 4 (max 4)
- age   1:     684720 bytes,     684720 total
- age   2:     178136 bytes,     862856 total
- age   3:      18408 bytes,     881264 total
- age   4:     370872 bytes,    1252136 total
: 16772K->1226K(18624K), 0.0020637 secs] 64964K->49586K(83392K), 0.0021613 secs] [Times: user=0.01 sys=0.00, real=0.00 secs] 
36.614: [GC 36.614: [ParNew
Desired survivor size 1343488 bytes, new threshold 4 (max 4)
- age   1:     446704 bytes,     446704 total
- age   2:     462704 bytes,     909408 total
- age   3:     178136 bytes,    1087544 total
- age   4:      18408 bytes,    1105952 total
: 17199K->1083K(18624K), 0.0022117 secs] 65559K->49806K(83392K), 0.0023217 secs] [Times: user=0.00 sys=0.00, real=0.00 secs] 
36.629: [GC 36.629: [ParNew
Desired survivor size 1343488 bytes, new threshold 4 (max 4)
- age   1:     491968 bytes,     491968 total
- age   2:      78968 bytes,     570936 total
- age   3:     387416 bytes,     958352 total
- age   4:     178136 bytes,    1136488 total
: 17082K->1113K(18624K), 0.0018687 secs] 65804K->49853K(83392K), 0.0019903 secs] [Times: user=0.00 sys=0.00, real=0.00 secs] 
36.643: [GC 36.644: [ParNew
Desired survivor size 1343488 bytes, new threshold 4 (max 4)
- age   1:     691792 bytes,     691792 total
- age   2:     234376 bytes,     926168 total
- age   3:      78968 bytes,    1005136 total
- age   4:     387416 bytes,    1392552 total
: 17021K->1363K(18624K), 0.0021195 secs] 65761K->50277K(83392K), 0.0023431 secs] [Times: user=0.00 sys=0.01, real=0.01 secs] 
36.657: [GC 36.657: [ParNew
Desired survivor size 1343488 bytes, new threshold 2 (max 4)
- age   1:     736880 bytes,     736880 total
- age   2:     636128 bytes,    1373008 total
- age   3:      82456 bytes,    1455464 total
- age   4:      78968 bytes,    1534432 total
: 17340K->1501K(18624K), 0.0026197 secs] 66254K->50794K(83392K), 0.0027377 secs] [Times: user=0.01 sys=0.00, real=0.00 secs] 
36.675: [GC 36.675: [ParNew
Desired survivor size 1343488 bytes, new threshold 4 (max 4)
- age   1:     210576 bytes,     210576 total
- age   2:     526608 bytes,     737184 total
: 17501K->722K(18624K), 0.0018919 secs] 66794K->50338K(83392K), 0.0019917 secs] [Times: user=0.00 sys=0.00, real=0.00 secs] 
36.687: [GC 36.688: [ParNew
Desired survivor size 1343488 bytes, new threshold 4 (max 4)
- age   1:     646336 bytes,     646336 total
- age   2:     146464 bytes,     792800 total
- age   3:     526576 bytes,    1319376 total
: 16712K->1291K(18624K), 0.0023294 secs] 66328K->50906K(83392K), 0.0024288 secs] [Times: user=0.00 sys=0.00, real=0.00 secs] 
36.701: [GC 36.701: [ParNew
Desired survivor size 1343488 bytes, new threshold 4 (max 4)
- age   1:     372336 bytes,     372336 total
- age   2:     382968 bytes,     755304 total
- age   3:     146464 bytes,     901768 total
- age   4:     526576 bytes,    1428344 total
: 17283K->1397K(18624K), 0.0023932 secs] 66899K->51013K(83392K), 0.0025084 secs] [Times: user=0.01 sys=0.00, real=0.00 secs] 
36.721: [GC 36.721: [ParNew
Desired survivor size 1343488 bytes, new threshold 3 (max 4)
- age   1:    1107472 bytes,    1107472 total
- age   2:     105088 bytes,    1212560 total
- age   3:     382968 bytes,    1595528 total
- age   4:     146464 bytes,    1741992 total
: 17397K->1702K(18624K), 0.0022952 secs] 67013K->51832K(83392K), 0.0024007 secs] [Times: user=0.00 sys=0.00, real=0.00 secs] 
36.735: [GC 36.735: [ParNew
Desired survivor size 1343488 bytes, new threshold 3 (max 4)
- age   1:     608720 bytes,     608720 total
- age   2:     717216 bytes,    1325936 total
- age   3:     105088 bytes,    1431024 total
: 17631K->1399K(18624K), 0.0025063 secs] 67761K->52046K(83392K), 0.0026877 secs] [Times: user=0.00 sys=0.00, real=0.00 secs] 
36.751: [GC 36.751: [ParNew
Desired survivor size 1343488 bytes, new threshold 4 (max 4)
- age   1:     416144 bytes,     416144 total
- age   2:     414528 bytes,     830672 total
- age   3:     499408 bytes,    1330080 total
: 17377K->1301K(18624K), 0.0019302 secs] 68024K->52050K(83392K), 0.0020246 secs] [Times: user=0.01 sys=0.00, real=0.00 secs] 
36.764: [GC 36.764: [ParNew
Desired survivor size 1343488 bytes, new threshold 4 (max 4)
- age   1:     698192 bytes,     698192 total
- age   2:     333688 bytes,    1031880 total
- age   3:     170000 bytes,    1201880 total
- age   4:     499408 bytes,    1701288 total
: 17252K->1663K(18624K), 0.0023936 secs] 68002K->52413K(83392K), 0.0025111 secs] [Times: user=0.00 sys=0.01, real=0.01 secs] 
36.770: [GC [1 CMS-initial-mark: 50749K(64768K)] 57321K(83392K), 0.0009092 secs] [Times: user=0.01 sys=0.00, real=0.00 secs] 
36.771: [CMS-concurrent-mark-start]
36.784: [GC 36.784: [ParNew
Desired survivor size 1343488 bytes, new threshold 4 (max 4)
- age   1:     563952 bytes,     563952 total
- age   2:     404512 bytes,     968464 total
- age   3:     231864 bytes,    1200328 total
- age   4:     170000 bytes,    1370328 total
: 17663K->1341K(18624K), 0.0021906 secs] 68412K->52578K(83392K), 0.0023004 secs] [Times: user=0.00 sys=0.00, real=0.01 secs] 
36.799: [GC 36.799: [ParNew
Desired survivor size 1343488 bytes, new threshold 4 (max 4)
- age   1:     107712 bytes,     107712 total
- age   2:     560816 bytes,     668528 total
- age   3:     369376 bytes,    1037904 total
- age   4:     231864 bytes,    1269768 total
: 17326K->1243K(18624K), 0.0023623 secs] 68563K->52646K(83392K), 0.0024530 secs] [Times: user=0.01 sys=0.00, real=0.00 secs] 
36.814: [GC 36.814: [ParNew
Desired survivor size 1343488 bytes, new threshold 4 (max 4)
- age   1:     406624 bytes,     406624 total
- age   2:      81648 bytes,     488272 total
- age   3:     560816 bytes,    1049088 total
- age   4:     369376 bytes,    1418464 total
: 17231K->1393K(18624K), 0.0023092 secs] 68634K->53022K(83392K), 0.0024143 secs] [Times: user=0.00 sys=0.00, real=0.00 secs] 
36.832: [GC 36.832: [ParNew
Desired survivor size 1343488 bytes, new threshold 4 (max 4)
- age   1:     277112 bytes,     277112 total
- age   2:     272688 bytes,     549800 total
- age   3:      81648 bytes,     631448 total
- age   4:      69912 bytes,     701360 total
: 17377K->687K(18624K), 0.0015413 secs] 69007K->52677K(83392K), 0.0016159 secs] [Times: user=0.00 sys=0.00, real=0.00 secs] 
36.846: [GC 36.846: [ParNew
Desired survivor size 1343488 bytes, new threshold 4 (max 4)
- age   1:     757960 bytes,     757960 total
- age   2:     244360 bytes,    1002320 total
- age   3:     272648 bytes,    1274968 total
- age   4:      81648 bytes,    1356616 total
: 16665K->1333K(18624K), 0.0022954 secs] 68655K->53392K(83392K), 0.0024067 secs] [Times: user=0.01 sys=0.00, real=0.00 secs] 
36.856: [CMS-concurrent-mark: 0.070/0.085 secs] [Times: user=0.14 sys=0.00, real=0.09 secs] 
36.857: [CMS-concurrent-preclean-start]
36.857: [CMS-concurrent-preclean: 0.001/0.001 secs] [Times: user=0.00 sys=0.00, real=0.00 secs] 
36.857: [CMS-concurrent-abortable-preclean-start]
36.865: [GC 36.865: [ParNew
Desired survivor size 1343488 bytes, new threshold 4 (max 4)
- age   1:     121032 bytes,     121032 total
- age   2:     399456 bytes,     520488 total
- age   3:     244360 bytes,     764848 total
- age   4:     272648 bytes,    1037496 total
: 17333K->1015K(18624K), 0.0021949 secs] 69392K->53153K(83392K), 0.0022907 secs] [Times: user=0.00 sys=0.00, real=0.00 secs] 
36.881: [GC 36.881: [ParNew
Desired survivor size 1343488 bytes, new threshold 4 (max 4)
- age   1:     622680 bytes,     622680 total
- age   2:      82768 bytes,     705448 total
- age   3:     399456 bytes,    1104904 total
- age   4:     244360 bytes,    1349264 total
: 16968K->1320K(18624K), 0.0023398 secs] 69106K->53724K(83392K), 0.0026137 secs] [Times: user=0.00 sys=0.00, real=0.00 secs] 
36.896: [GC 36.896: [ParNew
Desired survivor size 1343488 bytes, new threshold 4 (max 4)
- age   1:     393872 bytes,     393872 total
- age   2:     474704 bytes,     868576 total
- age   3:      82768 bytes,     951344 total
- age   4:     399456 bytes,    1350800 total
: 17309K->1325K(18624K), 0.0023549 secs] 69714K->53968K(83392K), 0.0024555 secs] [Times: user=0.00 sys=0.00, real=0.00 secs] 
36.911: [GC 36.912: [ParNew
Desired survivor size 1343488 bytes, new threshold 4 (max 4)
- age   1:     365744 bytes,     365744 total
- age   2:     352096 bytes,     717840 total
- age   3:     398696 bytes,    1116536 total
- age   4:        640 bytes,    1117176 total
: 17325K->1099K(18624K), 0.0021380 secs] 69968K->54059K(83392K), 0.0022302 secs] [Times: user=0.01 sys=0.00, real=0.00 secs] 
36.925: [GC 36.925: [ParNew
Desired survivor size 1343488 bytes, new threshold 3 (max 4)
- age   1:     881664 bytes,     881664 total
- age   2:     282024 bytes,    1163688 total
- age   3:     352096 bytes,    1515784 total
- age   4:     398696 bytes,    1914480 total
: 17098K->1883K(18624K), 0.0026455 secs] 70058K->54843K(83392K), 0.0027641 secs] [Times: user=0.00 sys=0.00, real=0.00 secs] 
36.941: [GC 36.941: [ParNew
Desired survivor size 1343488 bytes, new threshold 4 (max 4)
- age   1:     322664 bytes,     322664 total
- age   2:     533784 bytes,     856448 total
- age   3:     259840 bytes,    1116288 total
: 17865K->1095K(18624K), 0.0024942 secs] 70825K->54695K(83392K), 0.0025851 secs] [Times: user=0.00 sys=0.00, real=0.00 secs] 
36.954: [GC 36.955: [ParNew
Desired survivor size 1343488 bytes, new threshold 4 (max 4)
- age   1:     404312 bytes,     404312 total
- age   2:     265344 bytes,     669656 total
- age   3:     533784 bytes,    1203440 total
- age   4:     259840 bytes,    1463280 total
: 17076K->1430K(18624K), 0.0023715 secs] 70676K->55030K(83392K), 0.0024927 secs] [Times: user=0.01 sys=0.00, real=0.00 secs] 
36.972: [GC 36.972: [ParNew
Desired survivor size 1343488 bytes, new threshold 2 (max 4)
- age   1:    1165920 bytes,    1165920 total
- age   2:     342208 bytes,    1508128 total
- age   3:     265344 bytes,    1773472 total
- age   4:     533784 bytes,    2307256 total
: 17423K->2257K(18624K), 0.0029198 secs] 71023K->56111K(83392K), 0.0030234 secs] [Times: user=0.01 sys=0.00, real=0.01 secs] 
36.989: [GC 36.989: [ParNew
Desired survivor size 1343488 bytes, new threshold 2 (max 4)
- age   1:     377976 bytes,     377976 total
- age   2:    1105736 bytes,    1483712 total
: 18254K->1451K(18624K), 0.0037870 secs] 72108K->56250K(83392K), 0.0038998 secs] [Times: user=0.00 sys=0.00, real=0.00 secs] 
37.006: [GC 37.006: [ParNew
Desired survivor size 1343488 bytes, new threshold 4 (max 4)
- age   1:     695408 bytes,     695408 total
- age   2:     377976 bytes,    1073384 total
: 17427K->1051K(18624K), 0.0028029 secs] 72227K->56736K(83392K), 0.0029022 secs] [Times: user=0.01 sys=0.00, real=0.00 secs] 
37.020: [GC 37.020: [ParNew
Desired survivor size 1343488 bytes, new threshold 4 (max 4)
- age   1:     369040 bytes,     369040 total
- age   2:     538904 bytes,     907944 total
- age   3:     377976 bytes,    1285920 total
: 17012K->1257K(18624K), 0.0025713 secs] 72697K->56942K(83392K), 0.0026655 secs] [Times: user=0.00 sys=0.00, real=0.00 secs] 
37.035: [GC 37.035: [ParNew
Desired survivor size 1343488 bytes, new threshold 4 (max 4)
- age   1:     391792 bytes,     391792 total
- age   2:     338864 bytes,     730656 total
- age   3:     481472 bytes,    1212128 total
- age   4:     377976 bytes,    1590104 total
: 17256K->1554K(18624K), 0.0019907 secs] 72941K->57239K(83392K), 0.0020883 secs] [Times: user=0.00 sys=0.00, real=0.00 secs] 
37.050: [GC 37.050: [ParNew
Desired survivor size 1343488 bytes, new threshold 4 (max 4)
- age   1:     285464 bytes,     285464 total
- age   2:     332656 bytes,     618120 total
- age   3:     338864 bytes,     956984 total
- age   4:     481472 bytes,    1438456 total
: 17454K->1407K(18624K), 0.0023435 secs] 73139K->57330K(83392K), 0.0025040 secs] [Times: user=0.01 sys=0.00, real=0.00 secs] 
37.071: [GC 37.071: [ParNew
Desired survivor size 1343488 bytes, new threshold 4 (max 4)
- age   1:     792392 bytes,     792392 total
- age   2:     135688 bytes,     928080 total
- age   3:     332656 bytes,    1260736 total
- age   4:     338864 bytes,    1599600 total
: 17350K->1564K(18624K), 0.0026614 secs] 73273K->57958K(83392K), 0.0027559 secs] [Times: user=0.00 sys=0.00, real=0.00 secs] 
37.085: [GC 37.085: [ParNew
Desired survivor size 1343488 bytes, new threshold 4 (max 4)
- age   1:     220128 bytes,     220128 total
- age   2:     662512 bytes,     882640 total
- age   3:     135688 bytes,    1018328 total
- age   4:     332616 bytes,    1350944 total
: 17429K->1324K(18624K), 0.0030922 secs] 73823K->58049K(83392K), 0.0032044 secs] [Times: user=0.01 sys=0.00, real=0.00 secs] 
37.099: [GC 37.100: [ParNew
Desired survivor size 1343488 bytes, new threshold 4 (max 4)
- age   1:     221984 bytes,     221984 total
- age   2:     138416 bytes,     360400 total
- age   3:     662512 bytes,    1022912 total
- age   4:     135688 bytes,    1158600 total
: 17269K->1136K(18624K), 0.0023577 secs] 73993K->58087K(83392K), 0.0024571 secs] [Times: user=0.00 sys=0.00, real=0.00 secs] 
37.114: [GC 37.114: [ParNew
Desired survivor size 1343488 bytes, new threshold 4 (max 4)
- age   1:     360976 bytes,     360976 total
- age   2:      85368 bytes,     446344 total
- age   3:     138416 bytes,     584760 total
- age   4:     662512 bytes,    1247272 total
: 17123K->1224K(18624K), 0.0024826 secs] 74073K->58306K(83392K), 0.0025945 secs] [Times: user=0.00 sys=0.00, real=0.00 secs] 
37.135: [GC 37.135: [ParNew
Desired survivor size 1343488 bytes, new threshold 4 (max 4)
- age   1:     679008 bytes,     679008 total
- age   2:     274600 bytes,     953608 total
- age   3:      85368 bytes,    1038976 total
: 17224K->1025K(18624K), 0.0020904 secs] 74306K->58754K(83392K), 0.0021756 secs] [Times: user=0.00 sys=0.00, real=0.00 secs] 
37.150: [GC 37.150: [ParNew
Desired survivor size 1343488 bytes, new threshold 4 (max 4)
- age   1:     161064 bytes,     161064 total
- age   2:     632728 bytes,     793792 total
- age   3:     274600 bytes,    1068392 total
- age   4:      85368 bytes,    1153760 total
: 17025K->1128K(18624K), 0.0018678 secs] 74754K->58858K(83392K), 0.0020043 secs] [Times: user=0.00 sys=0.00, real=0.00 secs] 
37.165: [GC 37.165: [ParNew
Desired survivor size 1343488 bytes, new threshold 4 (max 4)
- age   1:     261632 bytes,     261632 total
- age   2:     114880 bytes,     376512 total
- age   3:     459784 bytes,     836296 total
- age   4:     274600 bytes,    1110896 total
: 17123K->1092K(18624K), 0.0026280 secs] 74853K->58904K(83392K), 0.0027267 secs] [Times: user=0.01 sys=0.00, real=0.00 secs] 
37.181: [GC 37.181: [ParNew
Desired survivor size 1343488 bytes, new threshold 4 (max 4)
- age   1:     334976 bytes,     334976 total
- age   2:        912 bytes,     335888 total
- age   3:     114880 bytes,     450768 total
- age   4:     458544 bytes,     909312 total
: 17091K->895K(18624K), 0.0026259 secs] 74904K->58976K(83392K), 0.0027289 secs] [Times: user=0.00 sys=0.00, real=0.00 secs] 
37.196: [GC 37.197: [ParNew
Desired survivor size 1343488 bytes, new threshold 4 (max 4)
- age   1:     151920 bytes,     151920 total
- age   2:     156744 bytes,     308664 total
- age   3:        912 bytes,     309576 total
- age   4:     114880 bytes,     424456 total
: 16882K->418K(18624K), 0.0032036 secs] 74963K->58947K(83392K), 0.0033010 secs] [Times: user=0.00 sys=0.00, real=0.00 secs] 
37.212: [GC 37.212: [ParNew
Desired survivor size 1343488 bytes, new threshold 4 (max 4)
- age   1:     452752 bytes,     452752 total
- age   2:      23688 bytes,     476440 total
- age   3:      12112 bytes,     488552 total
- age   4:         80 bytes,     488632 total
: 16404K->482K(18624K), 0.0021139 secs] 74933K->59123K(83392K), 0.0022282 secs] [Times: user=0.01 sys=0.00, real=0.00 secs] 
37.230: [GC 37.230: [ParNew
Desired survivor size 1343488 bytes, new threshold 4 (max 4)
- age   1:     433728 bytes,     433728 total
- age   2:     208384 bytes,     642112 total
- age   3:      23688 bytes,     665800 total
- age   4:      12112 bytes,     677912 total
: 16475K->672K(18624K), 0.0028015 secs] 75116K->59313K(83392K), 0.0029126 secs] [Times: user=0.00 sys=0.00, real=0.00 secs] 
37.246: [GC 37.246: [ParNew
Desired survivor size 1343488 bytes, new threshold 4 (max 4)
- age   1:     526232 bytes,     526232 total
- age   2:     169032 bytes,     695264 total
- age   3:       6008 bytes,     701272 total
- age   4:      23688 bytes,     724960 total
: 16670K->716K(18624K), 0.0015800 secs] 75311K->59369K(83392K), 0.0016682 secs] [Times: user=0.01 sys=0.00, real=0.00 secs] 
37.259: [GC 37.259: [ParNew
Desired survivor size 1343488 bytes, new threshold 4 (max 4)
- age   1:     357816 bytes,     357816 total
- age   2:     371016 bytes,     728832 total
- age   3:     169032 bytes,     897864 total
- age   4:       6008 bytes,     903872 total
: 16710K->888K(18624K), 0.0018366 secs] 75363K->59565K(83392K), 0.0019427 secs] [Times: user=0.01 sys=0.00, real=0.00 secs] 
37.273: [GC 37.274: [ParNew
Desired survivor size 1343488 bytes, new threshold 4 (max 4)
- age   1:     135384 bytes,     135384 total
- age   2:     176344 bytes,     311728 total
- age   3:     307744 bytes,     619472 total
- age   4:     169032 bytes,     788504 total
: 16871K->788K(18624K), 0.0023050 secs] 75547K->59470K(83392K), 0.0024107 secs] [Times: user=0.00 sys=0.00, real=0.01 secs] 
37.287: [GC 37.287: [ParNew
Desired survivor size 1343488 bytes, new threshold 4 (max 4)
- age   1:     698336 bytes,     698336 total
- age   2:      50344 bytes,     748680 total
- age   3:     176344 bytes,     925024 total
- age   4:     307744 bytes,    1232768 total
: 16724K->1213K(18624K), 0.0027221 secs] 75406K->60060K(83392K), 0.0028224 secs] [Times: user=0.00 sys=0.00, real=0.00 secs] 
37.305: [GC 37.305: [ParNew
Desired survivor size 1343488 bytes, new threshold 4 (max 4)
- age   1:     256064 bytes,     256064 total
- age   2:     483072 bytes,     739136 total
- age   3:      50344 bytes,     789480 total
- age   4:     176344 bytes,     965824 total
: 17211K->945K(18624K), 0.0024088 secs] 76058K->60091K(83392K), 0.0025054 secs] [Times: user=0.01 sys=0.00, real=0.00 secs] 
37.319: [GC 37.319: [ParNew
Desired survivor size 1343488 bytes, new threshold 4 (max 4)
- age   1:     531560 bytes,     531560 total
- age   2:      75400 bytes,     606960 total
- age   3:     483072 bytes,    1090032 total
- age   4:      25640 bytes,    1115672 total
: 16855K->1108K(18624K), 0.0017995 secs] 76001K->60426K(83392K), 0.0018887 secs] [Times: user=0.01 sys=0.00, real=0.00 secs] 
37.333: [GC 37.333: [ParNew
Desired survivor size 1343488 bytes, new threshold 4 (max 4)
- age   1:     578784 bytes,     578784 total
- age   2:     452840 bytes,    1031624 total
- age   3:      75400 bytes,    1107024 total
- age   4:     483072 bytes,    1590096 total
: 17081K->1557K(18624K), 0.0022853 secs] 76399K->60900K(83392K), 0.0023854 secs] [Times: user=0.00 sys=0.00, real=0.01 secs] 
37.347: [GC 37.347: [ParNew
Desired survivor size 1343488 bytes, new threshold 3 (max 4)
- age   1:     637440 bytes,     637440 total
- age   2:     500816 bytes,    1138256 total
- age   3:     452840 bytes,    1591096 total
- age   4:      75400 bytes,    1666496 total
: 17538K->1631K(18624K), 0.0027548 secs] 76882K->61446K(83392K), 0.0028604 secs] [Times: user=0.00 sys=0.00, real=0.00 secs] 
37.362: [GC 37.362: [ParNew
Desired survivor size 1343488 bytes, new threshold 3 (max 4)
- age   1:     695336 bytes,     695336 total
- age   2:     559456 bytes,    1254792 total
- age   3:     500816 bytes,    1755608 total
: 17600K->1722K(18624K), 0.0030810 secs] 77415K->62053K(83392K), 0.0031941 secs] [Times: user=0.01 sys=0.00, real=0.01 secs] 
37.377: [GC 37.377: [ParNew
Desired survivor size 1343488 bytes, new threshold 3 (max 4)
- age   1:     460464 bytes,     460464 total
- age   2:     637624 bytes,    1098088 total
- age   3:     277104 bytes,    1375192 total
: 17713K->1346K(18624K), 0.0025977 secs] 78044K->62166K(83392K), 0.0027563 secs] [Times: user=0.00 sys=0.00, real=0.00 secs] 
37.392: [GC 37.392: [ParNew
Desired survivor size 1343488 bytes, new threshold 3 (max 4)
- age   1:     679504 bytes,     679504 total
- age   2:     316472 bytes,     995976 total
- age   3:     477120 bytes,    1473096 total
: 17314K->1442K(18624K), 0.0021642 secs] 78134K->62532K(83392K), 0.0022806 secs] [Times: user=0.00 sys=0.00, real=0.01 secs] 
37.410: [GC 37.410: [ParNew
Desired survivor size 1343488 bytes, new threshold 4 (max 4)
- age   1:     157960 bytes,     157960 total
- age   2:     469560 bytes,     627520 total
- age   3:     316472 bytes,     943992 total
: 17425K->925K(18624K), 0.0020284 secs] 78515K->62481K(83392K), 0.0021160 secs] [Times: user=0.01 sys=0.00, real=0.00 secs] 
37.424: [GC 37.424: [ParNew
Desired survivor size 1343488 bytes, new threshold 4 (max 4)
- age   1:     385032 bytes,     385032 total
- age   2:     157960 bytes,     542992 total
- age   3:     469560 bytes,    1012552 total
- age   4:     316472 bytes,    1329024 total
: 16910K->1300K(18624K), 0.0023635 secs] 78466K->62856K(83392K), 0.0024973 secs] [Times: user=0.01 sys=0.00, real=0.00 secs] 
37.438: [GC 37.438: [ParNew
Desired survivor size 1343488 bytes, new threshold 4 (max 4)
- age   1:     512416 bytes,     512416 total
- age   2:     182376 bytes,     694792 total
- age   3:     112632 bytes,     807424 total
- age   4:     469560 bytes,    1276984 total
: 17298K->1249K(18624K), 0.0024480 secs] 78854K->63115K(83392K), 0.0025496 secs] [Times: user=0.00 sys=0.00, real=0.00 secs] 
37.452: [GC 37.453: [ParNew
Desired survivor size 1343488 bytes, new threshold 4 (max 4)
- age   1:     365472 bytes,     365472 total
- age   2:     459504 bytes,     824976 total
- age   3:     182112 bytes,    1007088 total
- age   4:     112632 bytes,    1119720 total
: 17243K->1096K(18624K), 0.0021640 secs] 79108K->63420K(83392K), 0.0022637 secs] [Times: user=0.01 sys=0.00, real=0.01 secs] 
37.466: [GC 37.466: [ParNew
Desired survivor size 1343488 bytes, new threshold 4 (max 4)
- age   1:     534024 bytes,     534024 total
- age   2:     253664 bytes,     787688 total
- age   3:     428488 bytes,    1216176 total
- age   4:     121488 bytes,    1337664 total
: 17032K->1310K(18624K), 0.0023224 secs] 79356K->63637K(83392K), 0.0025251 secs] [Times: user=0.00 sys=0.00, real=0.00 secs] 
37.486: [GC 37.486: [ParNew
Desired survivor size 1343488 bytes, new threshold 4 (max 4)
- age   1:     408752 bytes,     408752 total
- age   2:     409888 bytes,     818640 total
- age   3:     168528 bytes,     987168 total
- age   4:     428488 bytes,    1415656 total
: 17280K->1384K(18624K), 0.0020222 secs] 79607K->63830K(83392K), 0.0021091 secs] [Times: user=0.00 sys=0.00, real=0.00 secs] 
37.501: [GC 37.501: [ParNew
Desired survivor size 1343488 bytes, new threshold 3 (max 4)
- age   1:     653744 bytes,     653744 total
- age   2:     342376 bytes,     996120 total
- age   3:     409888 bytes,    1406008 total
- age   4:     168528 bytes,    1574536 total
: 17381K->1543K(18624K), 0.0024621 secs] 79827K->64407K(83392K), 0.0025554 secs] [Times: user=0.01 sys=0.00, real=0.00 secs] 
37.518: [GC 37.518: [ParNew
Desired survivor size 1343488 bytes, new threshold 3 (max 4)
- age   1:     737512 bytes,     737512 total
- age   2:     492112 bytes,    1229624 total
- age   3:     342376 bytes,    1572000 total
: 17514K->1538K(18624K), 0.0033158 secs] 80377K->64966K(83392K), 0.0034307 secs] [Times: user=0.01 sys=0.00, real=0.00 secs] 
37.538: [GC 37.538: [ParNew
Desired survivor size 1343488 bytes, new threshold 4 (max 4)
- age   1:     490968 bytes,     490968 total
- age   2:     288040 bytes,     779008 total
- age   3:     492112 bytes,    1271120 total
: 17528K->1243K(18624K), 0.0026428 secs] 80957K->65006K(83392K), 0.0027541 secs] [Times: user=0.00 sys=0.00, real=0.00 secs] 
37.553: [GC 37.553: [ParNew
Desired survivor size 1343488 bytes, new threshold 4 (max 4)
- age   1:     313832 bytes,     313832 total
- age   2:     354304 bytes,     668136 total
- age   3:      51168 bytes,     719304 total
- age   4:     330632 bytes,    1049936 total
: 17236K->1027K(18624K), 0.0018109 secs] 81000K->64790K(83392K), 0.0019908 secs] [Times: user=0.00 sys=0.00, real=0.01 secs] 
37.568: [GC 37.568: [ParNew (promotion failed)
Desired survivor size 1343488 bytes, new threshold 4 (max 4)
- age   1:     527944 bytes,     527944 total
- age   2:     313792 bytes,     841736 total
- age   3:     354304 bytes,    1196040 total
- age   4:      51168 bytes,    1247208 total
: 17021K->17216K(18624K), 0.0033941 secs]37.571: [CMS37.572: [CMS-concurrent-abortable-preclean: 0.038/0.713 secs] [Times: user=1.07 sys=0.05, real=0.71 secs] 
 (concurrent mode failure): 63763K->8386K(64768K), 0.0928199 secs] 80784K->8386K(83392K), [CMS Perm : 10706K->10706K(21248K)], 0.0963688 secs] [Times: user=0.08 sys=0.00, real=0.10 secs] 
37.676: [GC 37.676: [ParNew
Desired survivor size 1343488 bytes, new threshold 4 (max 4)
- age   1:     756984 bytes,     756984 total
: 15977K->747K(18624K), 0.0020912 secs] 24364K->9133K(83392K), 0.0021984 secs] [Times: user=0.01 sys=0.00, real=0.00 secs] 
37.691: [GC 37.691: [ParNew
Desired survivor size 1343488 bytes, new threshold 4 (max 4)
- age   1:     383120 bytes,     383120 total
- age   2:     651432 bytes,    1034552 total
: 16694K->1014K(18624K), 0.0013838 secs] 25080K->9400K(83392K), 0.0014907 secs] [Times: user=0.01 sys=0.00, real=0.00 secs] 
37.708: [GC 37.708: [ParNew
Desired survivor size 1343488 bytes, new threshold 4 (max 4)
- age   1:     303472 bytes,     303472 total
- age   2:     182648 bytes,     486120 total
- age   3:     557816 bytes,    1043936 total
: 16998K->1021K(18624K), 0.0019575 secs] 25384K->9407K(83392K), 0.0020500 secs] [Times: user=0.00 sys=0.00, real=0.00 secs] 
37.722: [GC 37.722: [ParNew
Desired survivor size 1343488 bytes, new threshold 4 (max 4)
- age   1:     364744 bytes,     364744 total
- age   2:     192648 bytes,     557392 total
- age   3:     182648 bytes,     740040 total
- age   4:     557816 bytes,    1297856 total
: 17001K->1270K(18624K), 0.0025140 secs] 25388K->9657K(83392K), 0.0026148 secs] [Times: user=0.00 sys=0.00, real=0.01 secs] 
37.736: [GC 37.736: [ParNew
Desired survivor size 1343488 bytes, new threshold 4 (max 4)
- age   1:     202632 bytes,     202632 total
- age   2:     300128 bytes,     502760 total
- age   3:      73440 bytes,     576200 total
- age   4:     182648 bytes,     758848 total
: 17260K->744K(18624K), 0.0017753 secs] 25646K->9679K(83392K), 0.0018691 secs] [Times: user=0.00 sys=0.00, real=0.00 secs] 
37.750: [GC 37.750: [ParNew
Desired survivor size 1343488 bytes, new threshold 4 (max 4)
- age   1:     151608 bytes,     151608 total
- age   2:     157448 bytes,     309056 total
- age   3:     300128 bytes,     609184 total
- age   4:      10240 bytes,     619424 total
: 16728K->606K(18624K), 0.0012266 secs] 25664K->9541K(83392K), 0.0013730 secs] [Times: user=0.00 sys=0.00, real=0.00 secs] 
37.765: [GC 37.765: [ParNew
Desired survivor size 1343488 bytes, new threshold 4 (max 4)
- age   1:     419760 bytes,     419760 total
- age   2:      84800 bytes,     504560 total
- age   3:     157448 bytes,     662008 total
- age   4:     300128 bytes,     962136 total
: 16594K->944K(18624K), 0.0013382 secs] 25530K->9889K(83392K), 0.0014497 secs] [Times: user=0.00 sys=0.00, real=0.00 secs] 
37.778: [GC 37.779: [ParNew
Desired survivor size 1343488 bytes, new threshold 4 (max 4)
- age   1:     434704 bytes,     434704 total
- age   2:     336752 bytes,     771456 total
- age   3:      84800 bytes,     856256 total
- age   4:     157448 bytes,    1013704 total
: 16931K->991K(18624K), 0.0019213 secs] 25877K->10230K(83392K), 0.0020233 secs] [Times: user=0.00 sys=0.00, real=0.00 secs] 
37.792: [GC 37.792: [ParNew
Desired survivor size 1343488 bytes, new threshold 4 (max 4)
- age   1:     524080 bytes,     524080 total
- age   2:     364640 bytes,     888720 total
- age   3:     336752 bytes,    1225472 total
- age   4:      84800 bytes,    1310272 total
: 16988K->1281K(18624K), 0.0020693 secs] 26226K->10674K(83392K), 0.0022277 secs] [Times: user=0.01 sys=0.00, real=0.01 secs] 
37.812: [GC 37.812: [ParNew
Desired survivor size 1343488 bytes, new threshold 4 (max 4)
- age   1:     888328 bytes,     888328 total
- age   2:     216248 bytes,    1104576 total
- age   3:     194032 bytes,    1298608 total
- age   4:     336752 bytes,    1635360 total
: 17276K->1600K(18624K), 0.0020403 secs] 26669K->11023K(83392K), 0.0021319 secs] [Times: user=0.00 sys=0.00, real=0.00 secs] 
37.826: [GC 37.826: [ParNew
Desired survivor size 1343488 bytes, new threshold 2 (max 4)
- age   1:     640504 bytes,     640504 total
- age   2:     749056 bytes,    1389560 total
- age   3:     216248 bytes,    1605808 total
: 17574K->1570K(18624K), 0.0023776 secs] 26997K->11188K(83392K), 0.0024985 secs] [Times: user=0.00 sys=0.00, real=0.00 secs] 
37.842: [GC 37.842: [ParNew
Desired survivor size 1343488 bytes, new threshold 4 (max 4)
- age   1:     469328 bytes,     469328 total
- age   2:     570600 bytes,    1039928 total
: 17570K->1022K(18624K), 0.0021745 secs] 27188K->11583K(83392K), 0.0022730 secs] [Times: user=0.00 sys=0.00, real=0.00 secs] 
37.857: [GC 37.857: [ParNew
Desired survivor size 1343488 bytes, new threshold 4 (max 4)
- age   1:     206464 bytes,     206464 total
- age   2:     400432 bytes,     606896 total
- age   3:     570600 bytes,    1177496 total
: 16989K->1152K(18624K), 0.0016123 secs] 27550K->11713K(83392K), 0.0017037 secs] [Times: user=0.00 sys=0.00, real=0.00 secs] 
37.879: [GC 37.880: [ParNew
Desired survivor size 1343488 bytes, new threshold 4 (max 4)
- age   1:     403576 bytes,     403576 total
- age   2:     121568 bytes,     525144 total
- age   3:      72656 bytes,     597800 total
- age   4:     311320 bytes,     909120 total
: 17147K->890K(18624K), 0.0011821 secs] 27708K->11451K(83392K), 0.0013387 secs] [Times: user=0.01 sys=0.00, real=0.00 secs] 
37.893: [GC 37.894: [ParNew
Desired survivor size 1343488 bytes, new threshold 4 (max 4)
- age   1:     505496 bytes,     505496 total
- age   2:     387936 bytes,     893432 total
- age   3:     121568 bytes,    1015000 total
- age   4:      72656 bytes,    1087656 total
: 16872K->1073K(18624K), 0.0014413 secs] 27432K->11634K(83392K), 0.0015361 secs] [Times: user=0.01 sys=0.00, real=0.01 secs] 
37.907: [GC 37.907: [ParNew
Desired survivor size 1343488 bytes, new threshold 3 (max 4)
- age   1:     575984 bytes,     575984 total
- age   2:     386448 bytes,     962432 total
- age   3:     387936 bytes,    1350368 total
- age   4:     121568 bytes,    1471936 total
: 17043K->1445K(18624K), 0.0019694 secs] 27604K->12077K(83392K), 0.0020650 secs] [Times: user=0.01 sys=0.00, real=0.00 secs] 
37.921: [GC 37.921: [ParNew
Desired survivor size 1343488 bytes, new threshold 3 (max 4)
- age   1:     638640 bytes,     638640 total
- age   2:     518384 bytes,    1157024 total
- age   3:     386448 bytes,    1543472 total
: 17424K->1510K(18624K), 0.0036514 secs] 28056K->12639K(83392K), 0.0037543 secs] [Times: user=0.00 sys=0.00, real=0.01 secs] 
37.941: [GC 37.941: [ParNew
Desired survivor size 1343488 bytes, new threshold 4 (max 4)
- age   1:     470296 bytes,     470296 total
- age   2:     264360 bytes,     734656 total
- age   3:     518384 bytes,    1253040 total
: 17482K->1226K(18624K), 0.0020764 secs] 28612K->12733K(83392K), 0.0021697 secs] [Times: user=0.01 sys=0.00, real=0.00 secs] 
37.957: [GC 37.957: [ParNew
Desired survivor size 1343488 bytes, new threshold 4 (max 4)
- age   1:     360816 bytes,     360816 total
- age   2:     437400 bytes,     798216 total
- age   3:      46856 bytes,     845072 total
- age   4:     194936 bytes,    1040008 total
: 17185K->1018K(18624K), 0.0013317 secs] 28692K->12525K(83392K), 0.0014150 secs] [Times: user=0.00 sys=0.00, real=0.00 secs] 
37.971: [GC 37.971: [ParNew
Desired survivor size 1343488 bytes, new threshold 3 (max 4)
- age   1:     759688 bytes,     759688 total
- age   2:     239632 bytes,     999320 total
- age   3:     437400 bytes,    1436720 total
- age   4:      46856 bytes,    1483576 total
: 17007K->1451K(18624K), 0.0019347 secs] 28514K->13086K(83392K), 0.0020739 secs] [Times: user=0.00 sys=0.00, real=0.00 secs] 
37.985: [GC 37.986: [ParNew
Desired survivor size 1343488 bytes, new threshold 3 (max 4)
- age   1:     404304 bytes,     404304 total
- age   2:     708424 bytes,    1112728 total
- age   3:     239632 bytes,    1352360 total
: 17427K->1323K(18624K), 0.0023340 secs] 29063K->13431K(83392K), 0.0024277 secs] [Times: user=0.01 sys=0.00, real=0.00 secs] 
38.002: [GC 38.002: [ParNew
Desired survivor size 1343488 bytes, new threshold 3 (max 4)
- age   1:     591728 bytes,     591728 total
- age   2:     293064 bytes,     884792 total
- age   3:     708424 bytes,    1593216 total
: 17295K->1557K(18624K), 0.0020191 secs] 29403K->13899K(83392K), 0.0021123 secs] [Times: user=0.00 sys=0.00, real=0.01 secs] 
38.016: [GC 38.016: [ParNew
Desired survivor size 1343488 bytes, new threshold 4 (max 4)
- age   1:     207944 bytes,     207944 total
- age   2:     499368 bytes,     707312 total
- age   3:     181008 bytes,     888320 total
: 17551K->872K(18624K), 0.0033899 secs] 29893K->13906K(83392K), 0.0035048 secs] [Times: user=0.01 sys=0.00, real=0.00 secs] 
38.034: [GC 38.035: [ParNew
Desired survivor size 1343488 bytes, new threshold 4 (max 4)
- age   1:     364520 bytes,     364520 total
- age   2:      89280 bytes,     453800 total
- age   3:     499368 bytes,     953168 total
- age   4:       2200 bytes,     955368 total
: 16837K->941K(18624K), 0.0015362 secs] 29871K->13975K(83392K), 0.0016507 secs] [Times: user=0.00 sys=0.00, real=0.00 secs] 
38.051: [GC 38.051: [ParNew
Desired survivor size 1343488 bytes, new threshold 4 (max 4)
- age   1:     764904 bytes,     764904 total
- age   2:     182680 bytes,     947584 total
- age   3:      56104 bytes,    1003688 total
- age   4:     499368 bytes,    1503056 total
: 16924K->1477K(18624K), 0.0041288 secs] 29958K->14513K(83392K), 0.0042308 secs] [Times: user=0.01 sys=0.00, real=0.01 secs] 
38.079: [GC 38.079: [ParNew
Desired survivor size 1343488 bytes, new threshold 4 (max 4)
- age   1:     362992 bytes,     362992 total
- age   2:     746512 bytes,    1109504 total
- age   3:     182680 bytes,    1292184 total
- age   4:       4856 bytes,    1297040 total
: 17457K->1266K(18624K), 0.0036879 secs] 30493K->14790K(83392K), 0.0037843 secs] [Times: user=0.00 sys=0.00, real=0.00 secs] 
38.102: [GC 38.102: [ParNew
Desired survivor size 1343488 bytes, new threshold 3 (max 4)
- age   1:     471824 bytes,     471824 total
- age   2:     218200 bytes,     690024 total
- age   3:     746512 bytes,    1436536 total
- age   4:     182680 bytes,    1619216 total
: 17263K->1586K(18624K), 0.0021502 secs] 30787K->15115K(83392K), 0.0022796 secs] [Times: user=0.01 sys=0.00, real=0.00 secs] 
38.120: [GC 38.120: [ParNew
Desired survivor size 1343488 bytes, new threshold 4 (max 4)
- age   1:     473744 bytes,     473744 total
- age   2:     390640 bytes,     864384 total
- age   3:     181320 bytes,    1045704 total
: 17449K->1021K(18624K), 0.0035760 secs] 30978K->15282K(83392K), 0.0036643 secs] [Times: user=0.00 sys=0.00, real=0.00 secs] 
38.135: [GC 38.135: [ParNew
Desired survivor size 1343488 bytes, new threshold 4 (max 4)
- age   1:     553640 bytes,     553640 total
- age   2:     389568 bytes,     943208 total
- age   3:     382648 bytes,    1325856 total
- age   4:     181320 bytes,    1507176 total
: 16997K->1477K(18624K), 0.0021204 secs] 31257K->15737K(83392K), 0.0022275 secs] [Times: user=0.01 sys=0.00, real=0.00 secs] 
38.153: [GC 38.153: [ParNew
Desired survivor size 1343488 bytes, new threshold 4 (max 4)
- age   1:     189464 bytes,     189464 total
- age   2:     467352 bytes,     656816 total
- age   3:     389568 bytes,    1046384 total
- age   4:     382648 bytes,    1429032 total
: 17429K->1398K(18624K), 0.0018427 secs] 31690K->15836K(83392K), 0.0019434 secs] [Times: user=0.00 sys=0.00, real=0.01 secs] 
38.167: [GC 38.167: [ParNew
Desired survivor size 1343488 bytes, new threshold 4 (max 4)
- age   1:     136568 bytes,     136568 total
- age   2:     142256 bytes,     278824 total
- age   3:     467352 bytes,     746176 total
- age   4:     389568 bytes,    1135744 total
: 17398K->1116K(18624K), 0.0026701 secs] 31836K->15927K(83392K), 0.0028344 secs] [Times: user=0.00 sys=0.00, real=0.00 secs] 
38.183: [GC 38.183: [ParNew
Desired survivor size 1343488 bytes, new threshold 4 (max 4)
- age   1:     605344 bytes,     605344 total
- age   2:      54208 bytes,     659552 total
- age   3:     142256 bytes,     801808 total
- age   4:     467352 bytes,    1269160 total
: 17116K->1240K(18624K), 0.0020305 secs] 31927K->16432K(83392K), 0.0021468 secs] [Times: user=0.00 sys=0.00, real=0.01 secs] 
38.199: [GC 38.199: [ParNew
Desired survivor size 1343488 bytes, new threshold 4 (max 4)
- age   1:     324344 bytes,     324344 total
- age   2:     503664 bytes,     828008 total
- age   3:      54208 bytes,     882216 total
- age   4:       3248 bytes,     885464 total
: 17235K->868K(18624K), 0.0019312 secs] 32427K->16375K(83392K), 0.0020529 secs] [Times: user=0.00 sys=0.00, real=0.00 secs] 
38.215: [GC 38.215: [ParNew
Desired survivor size 1343488 bytes, new threshold 4 (max 4)
- age   1:     346920 bytes,     346920 total
- age   2:     298264 bytes,     645184 total
- age   3:     503664 bytes,    1148848 total
- age   4:         40 bytes,    1148888 total
: 16855K->1122K(18624K), 0.0023649 secs] 32362K->16633K(83392K), 0.0024669 secs] [Times: user=0.00 sys=0.00, real=0.00 secs] 
38.233: [GC 38.233: [ParNew
Desired survivor size 1343488 bytes, new threshold 4 (max 4)
- age   1:     368560 bytes,     368560 total
- age   2:     212576 bytes,     581136 total
- age   3:     298264 bytes,     879400 total
- age   4:     503664 bytes,    1383064 total
: 17112K->1362K(18624K), 0.0053314 secs] 32623K->16873K(83392K), 0.0054408 secs] [Times: user=0.01 sys=0.00, real=0.01 secs] 
38.252: [GC 38.252: [ParNew
Desired survivor size 1343488 bytes, new threshold 4 (max 4)
- age   1:     434008 bytes,     434008 total
- age   2:     301272 bytes,     735280 total
- age   3:     212536 bytes,     947816 total
- age   4:     298264 bytes,    1246080 total
: 17314K->1231K(18624K), 0.0020647 secs] 32824K->17233K(83392K), 0.0021778 secs] [Times: user=0.00 sys=0.00, real=0.01 secs] 
38.266: [GC 38.266: [ParNew
Desired survivor size 1343488 bytes, new threshold 4 (max 4)
- age   1:     329592 bytes,     329592 total
- age   2:     434008 bytes,     763600 total
- age   3:     301232 bytes,    1064832 total
- age   4:      33720 bytes,    1098552 total
: 17195K->1079K(18624K), 0.0027633 secs] 33197K->17373K(83392K), 0.0028634 secs] [Times: user=0.00 sys=0.00, real=0.00 secs] 
38.281: [GC 38.281: [ParNew
Desired survivor size 1343488 bytes, new threshold 3 (max 4)
- age   1:     738144 bytes,     738144 total
- age   2:     298664 bytes,    1036808 total
- age   3:     434008 bytes,    1470816 total
- age   4:     301144 bytes,    1771960 total
: 17053K->1733K(18624K), 0.0021318 secs] 33346K->18059K(83392K), 0.0022456 secs] [Times: user=0.01 sys=0.00, real=0.00 secs] 
38.295: [GC 38.295: [ParNew
Desired survivor size 1343488 bytes, new threshold 4 (max 4)
- age   1:     218320 bytes,     218320 total
- age   2:     444328 bytes,     662648 total
- age   3:     298664 bytes,     961312 total
: 17729K->942K(18624K), 0.0021839 secs] 34056K->17986K(83392K), 0.0023010 secs] [Times: user=0.01 sys=0.00, real=0.00 secs] 
38.309: [GC 38.309: [ParNew
Desired survivor size 1343488 bytes, new threshold 4 (max 4)
- age   1:     666104 bytes,     666104 total
- age   2:     158136 bytes,     824240 total
- age   3:     280872 bytes,    1105112 total
- age   4:     298664 bytes,    1403776 total
: 16914K->1374K(18624K), 0.0018172 secs] 33958K->18418K(83392K), 0.0019445 secs] [Times: user=0.00 sys=0.00, real=0.00 secs] 
38.324: [GC 38.324: [ParNew
Desired survivor size 1343488 bytes, new threshold 4 (max 4)
- age   1:     454400 bytes,     454400 total
- age   2:     497440 bytes,     951840 total
- age   3:     158136 bytes,    1109976 total
- age   4:     245896 bytes,    1355872 total
: 17340K->1326K(18624K), 0.0019275 secs] 34384K->18662K(83392K), 0.0020858 secs] [Times: user=0.00 sys=0.00, real=0.01 secs] 
38.338: [GC 38.338: [ParNew
Desired survivor size 1343488 bytes, new threshold 4 (max 4)
- age   1:     504112 bytes,     504112 total
- age   2:     320760 bytes,     824872 total
- age   3:     391896 bytes,    1216768 total
- age   4:      75384 bytes,    1292152 total
: 17320K->1263K(18624K), 0.0022611 secs] 34656K->18675K(83392K), 0.0023593 secs] [Times: user=0.00 sys=0.00, real=0.00 secs] 
38.352: [GC 38.352: [ParNew
Desired survivor size 1343488 bytes, new threshold 4 (max 4)
- age   1:     222144 bytes,     222144 total
- age   2:     392568 bytes,     614712 total
- age   3:     320760 bytes,     935472 total
- age   4:     167176 bytes,    1102648 total
: 17233K->1079K(18624K), 0.0015358 secs] 34645K->18564K(83392K), 0.0016415 secs] [Times: user=0.01 sys=0.00, real=0.00 secs] 
38.365: [GC 38.365: [ParNew
Desired survivor size 1343488 bytes, new threshold 4 (max 4)
- age   1:     587728 bytes,     587728 total
- age   2:     150744 bytes,     738472 total
- age   3:      80328 bytes,     818800 total
- age   4:     320760 bytes,    1139560 total
: 17056K->1115K(18624K), 0.0016331 secs] 34541K->18712K(83392K), 0.0017336 secs] [Times: user=0.00 sys=0.00, real=0.00 secs] 
38.379: [GC 38.379: [ParNew
Desired survivor size 1343488 bytes, new threshold 4 (max 4)
- age   1:     268112 bytes,     268112 total
- age   2:     167504 bytes,     435616 total
- age   3:     150744 bytes,     586360 total
- age   4:      80328 bytes,     666688 total
: 17095K->654K(18624K), 0.0015497 secs] 34692K->18564K(83392K), 0.0016468 secs] [Times: user=0.00 sys=0.00, real=0.00 secs] 
38.393: [GC 38.393: [ParNew
Desired survivor size 1343488 bytes, new threshold 4 (max 4)
- age   1:    1052632 bytes,    1052632 total
- age   2:     188232 bytes,    1240864 total
- age   4:     150744 bytes,    1391608 total
: 16629K->1362K(18624K), 0.0017412 secs] 34540K->19351K(83392K), 0.0018264 secs] [Times: user=0.00 sys=0.00, real=0.01 secs] 
38.407: [GC 38.408: [ParNew
Desired survivor size 1343488 bytes, new threshold 2 (max 4)
- age   1:     610016 bytes,     610016 total
- age   2:     993000 bytes,    1603016 total
- age   3:     121800 bytes,    1724816 total
: 17326K->1687K(18624K), 0.0021511 secs] 35315K->19676K(83392K), 0.0022609 secs] [Times: user=0.01 sys=0.00, real=0.00 secs] 
38.422: [GC 38.422: [ParNew
Desired survivor size 1343488 bytes, new threshold 4 (max 4)
- age   1:     575888 bytes,     575888 total
- age   2:     522600 bytes,    1098488 total
: 17664K->1076K(18624K), 0.0020148 secs] 35653K->20078K(83392K), 0.0021043 secs] [Times: user=0.00 sys=0.01, real=0.01 secs] 
38.436: [GC 38.436: [ParNew
Desired survivor size 1343488 bytes, new threshold 3 (max 4)
- age   1:     565648 bytes,     565648 total
- age   2:     552704 bytes,    1118352 total
- age   3:     522600 bytes,    1640952 total
: 17028K->1605K(18624K), 0.0019414 secs] 36030K->20607K(83392K), 0.0020533 secs] [Times: user=0.00 sys=0.00, real=0.00 secs] 
38.451: [GC 38.451: [ParNew
Desired survivor size 1343488 bytes, new threshold 3 (max 4)
- age   1:     663968 bytes,     663968 total
- age   2:     482992 bytes,    1146960 total
- age   3:     279024 bytes,    1425984 total
: 17605K->1396K(18624K), 0.0020920 secs] 36607K->20658K(83392K), 0.0021837 secs] [Times: user=0.01 sys=0.00, real=0.00 secs] 
38.466: [GC 38.466: [ParNew
Desired survivor size 1343488 bytes, new threshold 2 (max 4)
- age   1:    1134512 bytes,    1134512 total
- age   2:     528240 bytes,    1662752 total
- age   3:     482992 bytes,    2145744 total
: 17394K->2098K(18624K), 0.0040364 secs] 36656K->21633K(83392K), 0.0041406 secs] [Times: user=0.00 sys=0.00, real=0.00 secs] 
38.484: [GC 38.484: [ParNew
Desired survivor size 1343488 bytes, new threshold 2 (max 4)
- age   1:     467448 bytes,     467448 total
- age   2:    1118624 bytes,    1586072 total
: 18088K->1551K(18624K), 0.0025439 secs] 37623K->21448K(83392K), 0.0026411 secs] [Times: user=0.00 sys=0.00, real=0.00 secs] 
38.498: [GC 38.498: [ParNew
Desired survivor size 1343488 bytes, new threshold 4 (max 4)
- age   1:     249792 bytes,     249792 total
- age   2:     393752 bytes,     643544 total
: 17511K->631K(18624K), 0.0022347 secs] 37408K->21620K(83392K), 0.0023488 secs] [Times: user=0.00 sys=0.00, real=0.00 secs] 
38.513: [GC 38.513: [ParNew
Desired survivor size 1343488 bytes, new threshold 3 (max 4)
- age   1:     889704 bytes,     889704 total
- age   2:     249792 bytes,    1139496 total
- age   3:     309880 bytes,    1449376 total
: 16596K->1418K(18624K), 0.0028354 secs] 37585K->22407K(83392K), 0.0029291 secs] [Times: user=0.01 sys=0.00, real=0.01 secs] 
38.529: [GC 38.529: [ParNew
Desired survivor size 1343488 bytes, new threshold 2 (max 4)
- age   1:     739536 bytes,     739536 total
- age   2:     810720 bytes,    1550256 total
- age   3:     249792 bytes,    1800048 total
: 17412K->1761K(18624K), 0.0022317 secs] 38401K->23053K(83392K), 0.0023409 secs] [Times: user=0.01 sys=0.00, real=0.00 secs] 
38.544: [GC 38.544: [ParNew
Desired survivor size 1343488 bytes, new threshold 4 (max 4)
- age   1:     477704 bytes,     477704 total
- age   2:     574832 bytes,    1052536 total
: 17761K->1031K(18624K), 0.0025974 secs] 39053K->23359K(83392K), 0.0027036 secs] [Times: user=0.00 sys=0.00, real=0.01 secs] 
38.560: [GC 38.560: [ParNew
Desired survivor size 1343488 bytes, new threshold 3 (max 4)
- age   1:     776224 bytes,     776224 total
- age   2:     401424 bytes,    1177648 total
- age   3:     574832 bytes,    1752480 total
: 16984K->1714K(18624K), 0.0020142 secs] 39311K->24041K(83392K), 0.0021187 secs] [Times: user=0.01 sys=0.00, real=0.00 secs] 
38.575: [GC 38.575: [ParNew
Desired survivor size 1343488 bytes, new threshold 3 (max 4)
- age   1:     583432 bytes,     583432 total
- age   2:     654936 bytes,    1238368 total
- age   3:     401424 bytes,    1639792 total
: 17694K->1607K(18624K), 0.0026893 secs] 40021K->24340K(83392K), 0.0027883 secs] [Times: user=0.00 sys=0.00, real=0.00 secs] 
38.589: [GC 38.589: [ParNew
Desired survivor size 1343488 bytes, new threshold 3 (max 4)
- age   1:     399472 bytes,     399472 total
- age   2:     361752 bytes,     761224 total
- age   3:     654936 bytes,    1416160 total
: 17545K->1387K(18624K), 0.0022152 secs] 40278K->24512K(83392K), 0.0023186 secs] [Times: user=0.00 sys=0.00, real=0.00 secs] 
38.603: [GC 38.603: [ParNew
Desired survivor size 1343488 bytes, new threshold 4 (max 4)
- age   1:     316024 bytes,     316024 total
- age   2:     283352 bytes,     599376 total
- age   3:     361752 bytes,     961128 total
: 17352K->949K(18624K), 0.0020523 secs] 40477K->24500K(83392K), 0.0021527 secs] [Times: user=0.00 sys=0.00, real=0.01 secs] 
38.618: [GC 38.618: [ParNew
Desired survivor size 1343488 bytes, new threshold 4 (max 4)
- age   1:     234880 bytes,     234880 total
- age   2:     155752 bytes,     390632 total
- age   3:     283352 bytes,     673984 total
- age   4:     361752 bytes,    1035736 total
: 16921K->1013K(18624K), 0.0019165 secs] 40473K->24564K(83392K), 0.0020084 secs] [Times: user=0.01 sys=0.00, real=0.00 secs] 
38.632: [GC 38.632: [ParNew
Desired survivor size 1343488 bytes, new threshold 4 (max 4)
- age   1:     210624 bytes,     210624 total
- age   2:     182792 bytes,     393416 total
- age   3:     155752 bytes,     549168 total
- age   4:     283352 bytes,     832520 total
: 16997K->816K(18624K), 0.0015644 secs] 40548K->24721K(83392K), 0.0016569 secs] [Times: user=0.01 sys=0.00, real=0.00 secs] 
38.645: [GC 38.645: [ParNew
Desired survivor size 1343488 bytes, new threshold 4 (max 4)
- age   1:     129728 bytes,     129728 total
- age   2:     153520 bytes,     283248 total
- age   3:     182792 bytes,     466040 total
- age   4:     155752 bytes,     621792 total
: 16761K->610K(18624K), 0.0016626 secs] 40666K->24792K(83392K), 0.0017883 secs] [Times: user=0.00 sys=0.00, real=0.00 secs] 
38.659: [GC 38.659: [ParNew
Desired survivor size 1343488 bytes, new threshold 4 (max 4)
- age   1:     396872 bytes,     396872 total
- age   2:      60768 bytes,     457640 total
- age   3:     153520 bytes,     611160 total
- age   4:     182792 bytes,     793952 total
: 16600K->778K(18624K), 0.0015783 secs] 40781K->25112K(83392K), 0.0017370 secs] [Times: user=0.00 sys=0.00, real=0.00 secs] 
38.674: [GC 38.674: [ParNew
Desired survivor size 1343488 bytes, new threshold 4 (max 4)
- age   1:     698064 bytes,     698064 total
- age   2:     353048 bytes,    1051112 total
- age   4:      31720 bytes,    1082832 total
: 16776K->1061K(18624K), 0.0017291 secs] 41109K->25573K(83392K), 0.0018151 secs] [Times: user=0.00 sys=0.00, real=0.01 secs] 
38.688: [GC 38.688: [ParNew
Desired survivor size 1343488 bytes, new threshold 4 (max 4)
- age   1:     284136 bytes,     284136 total
- age   2:     514152 bytes,     798288 total
- age   3:     280344 bytes,    1078632 total
: 17061K->1056K(18624K), 0.0015933 secs] 41573K->25600K(83392K), 0.0016736 secs] [Times: user=0.01 sys=0.00, real=0.00 secs] 
38.701: [GC 38.702: [ParNew
Desired survivor size 1343488 bytes, new threshold 3 (max 4)
- age   1:     745936 bytes,     745936 total
- age   2:     147424 bytes,     893360 total
- age   3:     514152 bytes,    1407512 total
- age   4:     280344 bytes,    1687856 total
: 17004K->1651K(18624K), 0.0021030 secs] 41547K->26194K(83392K), 0.0022210 secs] [Times: user=0.01 sys=0.00, real=0.00 secs] 
38.716: [GC 38.717: [ParNew
Desired survivor size 1343488 bytes, new threshold 2 (max 4)
- age   1:     699032 bytes,     699032 total
- age   2:     676984 bytes,    1376016 total
- age   3:     147424 bytes,    1523440 total
: 17623K->1490K(18624K), 0.0035304 secs] 42166K->26760K(83392K), 0.0036630 secs] [Times: user=0.00 sys=0.01, real=0.00 secs] 
38.732: [GC 38.732: [ParNew
Desired survivor size 1343488 bytes, new threshold 4 (max 4)
- age   1:     692376 bytes,     692376 total
- age   2:     385864 bytes,    1078240 total
: 17430K->1056K(18624K), 0.0020711 secs] 42699K->26923K(83392K), 0.0021788 secs] [Times: user=0.00 sys=0.00, real=0.00 secs] 
38.745: [GC 38.745: [ParNew
Desired survivor size 1343488 bytes, new threshold 4 (max 4)
- age   1:     270472 bytes,     270472 total
- age   2:     612496 bytes,     882968 total
- age   3:     385864 bytes,    1268832 total
: 17009K->1242K(18624K), 0.0021833 secs] 42876K->27109K(83392K), 0.0022904 secs] [Times: user=0.01 sys=0.00, real=0.00 secs] 
38.759: [GC 38.759: [ParNew
Desired survivor size 1343488 bytes, new threshold 3 (max 4)
- age   1:     909976 bytes,     909976 total
- age   2:     215352 bytes,    1125328 total
- age   3:     280144 bytes,    1405472 total
- age   4:     279816 bytes,    1685288 total
: 17204K->1649K(18624K), 0.0020240 secs] 43071K->27516K(83392K), 0.0021472 secs] [Times: user=0.00 sys=0.00, real=0.00 secs] 
38.778: [GC 38.778: [ParNew
Desired survivor size 1343488 bytes, new threshold 2 (max 4)
- age   1:     619256 bytes,     619256 total
- age   2:     823520 bytes,    1442776 total
- age   3:     215352 bytes,    1658128 total
: 17533K->1621K(18624K), 0.0024613 secs] 43400K->27906K(83392K), 0.0025573 secs] [Times: user=0.00 sys=0.00, real=0.00 secs] 
38.793: [GC 38.793: [ParNew
Desired survivor size 1343488 bytes, new threshold 4 (max 4)
- age   1:     334592 bytes,     334592 total
- age   2:     378256 bytes,     712848 total
: 17595K->699K(18624K), 0.0022103 secs] 43880K->27997K(83392K), 0.0023106 secs] [Times: user=0.01 sys=0.00, real=0.01 secs] 
38.808: [GC 38.808: [ParNew
Desired survivor size 1343488 bytes, new threshold 4 (max 4)
- age   1:      87512 bytes,      87512 total
- age   2:     317968 bytes,     405480 total
- age   3:     378256 bytes,     783736 total
: 16683K->770K(18624K), 0.0015044 secs] 43982K->28069K(83392K), 0.0016116 secs] [Times: user=0.00 sys=0.00, real=0.00 secs] 
38.821: [GC 38.821: [ParNew
Desired survivor size 1343488 bytes, new threshold 4 (max 4)
- age   1:     691224 bytes,     691224 total
- age   2:      60160 bytes,     751384 total
- age   3:     317968 bytes,    1069352 total
- age   4:     378256 bytes,    1447608 total
: 16769K->1422K(18624K), 0.0025195 secs] 44068K->28721K(83392K), 0.0026702 secs] [Times: user=0.00 sys=0.00, real=0.00 secs] 
38.836: [GC 38.837: [ParNew
Desired survivor size 1343488 bytes, new threshold 2 (max 4)
- age   1:    1326424 bytes,    1326424 total
- age   2:     633808 bytes,    1960232 total
- age   3:      60160 bytes,    2020392 total
- age   4:      78376 bytes,    2098768 total
: 17419K->2056K(18624K), 0.0027438 secs] 44718K->29724K(83392K), 0.0028519 secs] [Times: user=0.01 sys=0.00, real=0.00 secs] 
38.851: [GC 38.851: [ParNew
Desired survivor size 1343488 bytes, new threshold 2 (max 4)
- age   1:     676192 bytes,     676192 total
- age   2:    1193728 bytes,    1869920 total
: 17980K->1830K(18624K), 0.0024228 secs] 45648K->30038K(83392K), 0.0025398 secs] [Times: user=0.00 sys=0.00, real=0.00 secs] 
38.865: [GC 38.865: [ParNew
Desired survivor size 1343488 bytes, new threshold 2 (max 4)
- age   1:     738600 bytes,     738600 total
- age   2:     676104 bytes,    1414704 total
: 17684K->1385K(18624K), 0.0026247 secs] 45892K->30545K(83392K), 0.0027360 secs] [Times: user=0.00 sys=0.00, real=0.00 secs] 
38.881: [GC 38.881: [ParNew
Desired survivor size 1343488 bytes, new threshold 4 (max 4)
- age   1:     296872 bytes,     296872 total
- age   2:     653888 bytes,     950760 total
: 17285K->932K(18624K), 0.0020683 secs] 46445K->30752K(83392K), 0.0021668 secs] [Times: user=0.01 sys=0.00, real=0.00 secs] 
38.895: [GC 38.895: [ParNew
Desired survivor size 1343488 bytes, new threshold 4 (max 4)
- age   1:     203184 bytes,     203184 total
- age   2:     223192 bytes,     426376 total
- age   3:     653888 bytes,    1080264 total
: 16910K->1058K(18624K), 0.0024883 secs] 46730K->30878K(83392K), 0.0026062 secs] [Times: user=0.00 sys=0.00, real=0.00 secs] 
38.916: [GC 38.916: [ParNew
Desired survivor size 1343488 bytes, new threshold 4 (max 4)
- age   1:     523680 bytes,     523680 total
- age   2:     124248 bytes,     647928 total
- age   3:     223160 bytes,     871088 total
- age   4:     583912 bytes,    1455000 total
: 17058K->1423K(18624K), 0.0016945 secs] 46878K->31243K(83392K), 0.0017819 secs] [Times: user=0.00 sys=0.00, real=0.00 secs] 
38.932: [GC 38.932: [ParNew
Desired survivor size 1343488 bytes, new threshold 4 (max 4)
- age   1:     828904 bytes,     828904 total
- age   2:     365120 bytes,    1194024 total
- age   3:     124216 bytes,    1318240 total
- age   4:     223160 bytes,    1541400 total
: 17369K->1507K(18624K), 0.0023340 secs] 47189K->31897K(83392K), 0.0024589 secs] [Times: user=0.01 sys=0.00, real=0.01 secs] 
38.951: [GC 38.951: [ParNew
Desired survivor size 1343488 bytes, new threshold 3 (max 4)
- age   1:     794384 bytes,     794384 total
- age   2:     405248 bytes,    1199632 total
- age   3:     364416 bytes,    1564048 total
- age   4:     124216 bytes,    1688264 total
: 17501K->1651K(18624K), 0.0023013 secs] 47892K->32259K(83392K), 0.0024112 secs] [Times: user=0.00 sys=0.00, real=0.00 secs] 
38.965: [GC 38.965: [ParNew
Desired survivor size 1343488 bytes, new threshold 3 (max 4)
- age   1:     572312 bytes,     572312 total
- age   2:     624640 bytes,    1196952 total
- age   3:     405000 bytes,    1601952 total
: 17648K->1571K(18624K), 0.0032580 secs] 48256K->32487K(83392K), 0.0033780 secs] [Times: user=0.01 sys=0.00, real=0.00 secs] 
38.979: [GC 38.980: [ParNew
Desired survivor size 1343488 bytes, new threshold 3 (max 4)
- age   1:     324512 bytes,     324512 total
- age   2:     534056 bytes,     858568 total
- age   3:     624640 bytes,    1483208 total
: 17484K->1461K(18624K), 0.0025418 secs] 48400K->32773K(83392K), 0.0026455 secs] [Times: user=0.00 sys=0.00, real=0.00 secs] 
38.994: [GC 38.994: [ParNew
Desired survivor size 1343488 bytes, new threshold 4 (max 4)
- age   1:     271880 bytes,     271880 total
- age   2:     123936 bytes,     395816 total
- age   3:     532976 bytes,     928792 total
: 17454K->914K(18624K), 0.0020075 secs] 48765K->32836K(83392K), 0.0020946 secs] [Times: user=0.00 sys=0.00, real=0.01 secs] 
39.010: [GC 39.010: [ParNew
Desired survivor size 1343488 bytes, new threshold 4 (max 4)
- age   1:     394920 bytes,     394920 total
- age   2:     117040 bytes,     511960 total
- age   3:     123936 bytes,     635896 total
- age   4:     169296 bytes,     805192 total
: 16914K->787K(18624K), 0.0014691 secs] 48836K->32708K(83392K), 0.0016090 secs] [Times: user=0.01 sys=0.00, real=0.00 secs] 
39.025: [GC 39.025: [ParNew
Desired survivor size 1343488 bytes, new threshold 4 (max 4)
- age   1:     524208 bytes,     524208 total
- age   2:     313296 bytes,     837504 total
- age   3:     117040 bytes,     954544 total
- age   4:     123936 bytes,    1078480 total
: 16770K->1056K(18624K), 0.0017342 secs] 48691K->33143K(83392K), 0.0018536 secs] [Times: user=0.01 sys=0.00, real=0.00 secs] 
39.042: [GC 39.042: [ParNew
Desired survivor size 1343488 bytes, new threshold 4 (max 4)
- age   1:     281224 bytes,     281224 total
- age   2:     345080 bytes,     626304 total
- age   3:      68848 bytes,     695152 total
- age   4:     116536 bytes,     811688 total
: 17056K->795K(18624K), 0.0021925 secs] 49143K->33003K(83392K), 0.0023155 secs] [Times: user=0.00 sys=0.00, real=0.01 secs] 
39.056: [GC 39.056: [ParNew
Desired survivor size 1343488 bytes, new threshold 4 (max 4)
- age   1:     585352 bytes,     585352 total
- age   2:     172600 bytes,     757952 total
- age   3:     345080 bytes,    1103032 total
- age   4:      68848 bytes,    1171880 total
: 16777K->1148K(18624K), 0.0020554 secs] 48985K->33470K(83392K), 0.0021556 secs] [Times: user=0.00 sys=0.00, real=0.00 secs] 
39.071: [GC 39.071: [ParNew
Desired survivor size 1343488 bytes, new threshold 4 (max 4)
- age   1:     482496 bytes,     482496 total
- age   2:     467224 bytes,     949720 total
- age   3:       9600 bytes,     959320 total
- age   4:     345080 bytes,    1304400 total
: 17139K->1277K(18624K), 0.0016588 secs] 49461K->33666K(83392K), 0.0017449 secs] [Times: user=0.01 sys=0.00, real=0.00 secs] 
39.089: [GC 39.089: [ParNew
Desired survivor size 1343488 bytes, new threshold 2 (max 4)
- age   1:    1122656 bytes,    1122656 total
- age   2:     417800 bytes,    1540456 total
- age   3:     310584 bytes,    1851040 total
- age   4:       9600 bytes,    1860640 total
: 17275K->1825K(18624K), 0.0022480 secs] 49664K->34327K(83392K), 0.0024255 secs] [Times: user=0.00 sys=0.00, real=0.00 secs] 
39.102: [GC 39.102: [ParNew
Desired survivor size 1343488 bytes, new threshold 2 (max 4)
- age   1:     540904 bytes,     540904 total
- age   2:     977440 bytes,    1518344 total
: 17825K->1493K(18624K), 0.0037545 secs] 50327K->34716K(83392K), 0.0038525 secs] [Times: user=0.01 sys=0.00, real=0.01 secs] 
39.119: [GC 39.119: [ParNew
Desired survivor size 1343488 bytes, new threshold 4 (max 4)
- age   1:     200296 bytes,     200296 total
- age   2:     430464 bytes,     630760 total
: 17484K->618K(18624K), 0.0018507 secs] 50707K->34795K(83392K), 0.0019530 secs] [Times: user=0.01 sys=0.00, real=0.00 secs] 
39.132: [GC 39.133: [ParNew
Desired survivor size 1343488 bytes, new threshold 4 (max 4)
- age   1:     419344 bytes,     419344 total
- age   2:      26760 bytes,     446104 total
- age   3:     430464 bytes,     876568 total
: 16601K->857K(18624K), 0.0014933 secs] 50778K->35034K(83392K), 0.0015876 secs] [Times: user=0.00 sys=0.01, real=0.00 secs] 
39.147: [GC 39.147: [ParNew
Desired survivor size 1343488 bytes, new threshold 4 (max 4)
- age   1:     502008 bytes,     502008 total
- age   2:     346800 bytes,     848808 total
- age   3:       8176 bytes,     856984 total
- age   4:     430464 bytes,    1287448 total
: 16853K->1267K(18624K), 0.0017306 secs] 51030K->35444K(83392K), 0.0018180 secs] [Times: user=0.00 sys=0.00, real=0.00 secs] 
39.161: [GC 39.161: [ParNew
Desired survivor size 1343488 bytes, new threshold 4 (max 4)
- age   1:     457200 bytes,     457200 total
- age   2:     277104 bytes,     734304 total
- age   3:     346800 bytes,    1081104 total
- age   4:       8176 bytes,    1089280 total
: 17267K->1069K(18624K), 0.0021282 secs] 51444K->35665K(83392K), 0.0022321 secs] [Times: user=0.01 sys=0.00, real=0.00 secs] 
39.179: [GC 39.179: [ParNew
Desired survivor size 1343488 bytes, new threshold 4 (max 4)
- age   1:     234728 bytes,     234728 total
- age   2:     327352 bytes,     562080 total
- age   3:     277104 bytes,     839184 total
- age   4:     346800 bytes,    1185984 total
: 17069K->1164K(18624K), 0.0016218 secs] 51665K->35767K(83392K), 0.0017311 secs] [Times: user=0.00 sys=0.00, real=0.00 secs] 
39.195: [GC 39.195: [ParNew
Desired survivor size 1343488 bytes, new threshold 4 (max 4)
- age   1:     158040 bytes,     158040 total
- age   2:     224568 bytes,     382608 total
- age   3:     148288 bytes,     530896 total
- age   4:     277104 bytes,     808000 total
: 17164K->791K(18624K), 0.0019785 secs] 51767K->35733K(83392K), 0.0020703 secs] [Times: user=0.01 sys=0.00, real=0.00 secs] 
39.208: [GC 39.208: [ParNew
Desired survivor size 1343488 bytes, new threshold 4 (max 4)
- age   1:     132584 bytes,     132584 total
- age   2:      78416 bytes,     211000 total
- age   3:     224568 bytes,     435568 total
- age   4:     148288 bytes,     583856 total
: 16718K->570K(18624K), 0.0015566 secs] 51660K->35783K(83392K), 0.0016683 secs] [Times: user=0.00 sys=0.00, real=0.00 secs] 
39.223: [GC 39.224: [ParNew
Desired survivor size 1343488 bytes, new threshold 4 (max 4)
- age   1:     954896 bytes,     954896 total
- age   2:      83192 bytes,    1038088 total
- age   3:      78416 bytes,    1116504 total
- age   4:     147112 bytes,    1263616 total
: 16552K->1239K(18624K), 0.0017834 secs] 51764K->36596K(83392K), 0.0018862 secs] [Times: user=0.00 sys=0.00, real=0.01 secs] 
39.237: [GC 39.237: [ParNew
Desired survivor size 1343488 bytes, new threshold 4 (max 4)
- age   1:     136088 bytes,     136088 total
- age   2:     693568 bytes,     829656 total
- age   3:      83192 bytes,     912848 total
- age   4:      78416 bytes,     991264 total
: 17210K->971K(18624K), 0.0016265 secs] 52568K->36473K(83392K), 0.0017187 secs] [Times: user=0.00 sys=0.00, real=0.00 secs] 
39.252: [GC 39.253: [ParNew
Desired survivor size 1343488 bytes, new threshold 4 (max 4)
- age   1:     324400 bytes,     324400 total
- age   2:      83768 bytes,     408168 total
- age   3:     206808 bytes,     614976 total
- age   4:      83192 bytes,     698168 total
: 16956K->682K(18624K), 0.0016608 secs] 52457K->36206K(83392K), 0.0017564 secs] [Times: user=0.00 sys=0.00, real=0.01 secs] 
39.267: [GC 39.267: [ParNew
Desired survivor size 1343488 bytes, new threshold 2 (max 4)
- age   1:    1123280 bytes,    1123280 total
- age   2:     268472 bytes,    1391752 total
- age   3:      83768 bytes,    1475520 total
- age   4:     206808 bytes,    1682328 total
: 16643K->1645K(18624K), 0.0026082 secs] 52167K->37251K(83392K), 0.0027148 secs] [Times: user=0.00 sys=0.00, real=0.00 secs] 
39.284: [GC 39.284: [ParNew
Desired survivor size 1343488 bytes, new threshold 2 (max 4)
- age   1:     391136 bytes,     391136 total
- age   2:     963576 bytes,    1354712 total
: 17633K->1325K(18624K), 0.0021852 secs] 53238K->37476K(83392K), 0.0022769 secs] [Times: user=0.00 sys=0.00, real=0.01 secs] 
39.300: [GC 39.300: [ParNew
Desired survivor size 1343488 bytes, new threshold 4 (max 4)
- age   1:     496544 bytes,     496544 total
- age   2:     383144 bytes,     879688 total
: 17300K->862K(18624K), 0.0022360 secs] 53451K->37954K(83392K), 0.0023545 secs] [Times: user=0.01 sys=0.00, real=0.00 secs] 
39.315: [GC 39.315: [ParNew
Desired survivor size 1343488 bytes, new threshold 4 (max 4)
- age   1:     443552 bytes,     443552 total
- age   2:     472384 bytes,     915936 total
- age   3:     383144 bytes,    1299080 total
: 16840K->1271K(18624K), 0.0018991 secs] 53932K->38363K(83392K), 0.0020132 secs] [Times: user=0.00 sys=0.00, real=0.00 secs] 
39.330: [GC 39.330: [ParNew
Desired survivor size 1343488 bytes, new threshold 2 (max 4)
- age   1:    1066624 bytes,    1066624 total
- age   2:     410656 bytes,    1477280 total
- age   3:     472384 bytes,    1949664 total
- age   4:     298544 bytes,    2248208 total
: 17255K->2204K(18624K), 0.0025984 secs] 54348K->39296K(83392K), 0.0027006 secs] [Times: user=0.00 sys=0.00, real=0.00 secs] 
39.348: [GC 39.348: [ParNew
Desired survivor size 1343488 bytes, new threshold 4 (max 4)
- age   1:     388904 bytes,     388904 total
- age   2:     897256 bytes,    1286160 total
: 18204K->1263K(18624K), 0.0030609 secs] 55296K->39331K(83392K), 0.0031712 secs] [Times: user=0.00 sys=0.00, real=0.00 secs] 
39.363: [GC 39.363: [ParNew
Desired survivor size 1343488 bytes, new threshold 3 (max 4)
- age   1:     536888 bytes,     536888 total
- age   2:     367992 bytes,     904880 total
- age   3:     897256 bytes,    1802136 total
: 17263K->1771K(18624K), 0.0023359 secs] 55331K->39840K(83392K), 0.0024314 secs] [Times: user=0.00 sys=0.00, real=0.01 secs] 
39.377: [GC 39.377: [ParNew
Desired survivor size 1343488 bytes, new threshold 4 (max 4)
- age   1:     330704 bytes,     330704 total
- age   2:     428832 bytes,     759536 total
- age   3:     113344 bytes,     872880 total
: 17762K->855K(18624K), 0.0024059 secs] 55830K->39700K(83392K), 0.0027230 secs] [Times: user=0.01 sys=0.00, real=0.00 secs] 
39.391: [GC 39.391: [ParNew
Desired survivor size 1343488 bytes, new threshold 3 (max 4)
- age   1:     703272 bytes,     703272 total
- age   2:     273008 bytes,     976280 total
- age   3:     428832 bytes,    1405112 total
- age   4:     113344 bytes,    1518456 total
: 16825K->1485K(18624K), 0.0021831 secs] 55670K->40330K(83392K), 0.0023007 secs] [Times: user=0.01 sys=0.00, real=0.00 secs] 
39.404: [GC 39.404: [ParNew
Desired survivor size 1343488 bytes, new threshold 4 (max 4)
- age   1:     123952 bytes,     123952 total
- age   2:     580448 bytes,     704400 total
- age   3:     272976 bytes,     977376 total
: 17483K->967K(18624K), 0.0023601 secs] 56327K->40341K(83392K), 0.0024577 secs] [Times: user=0.00 sys=0.00, real=0.00 secs] 
39.419: [GC 39.419: [ParNew
Desired survivor size 1343488 bytes, new threshold 4 (max 4)
- age   1:     211232 bytes,     211232 total
- age   3:     410448 bytes,     621680 total
- age   4:     272976 bytes,     894656 total
: 16939K->877K(18624K), 0.0018868 secs] 56313K->40251K(83392K), 0.0019837 secs] [Times: user=0.00 sys=0.00, real=0.00 secs] 
39.432: [GC 39.432: [ParNew
Desired survivor size 1343488 bytes, new threshold 4 (max 4)
- age   1:     549120 bytes,     549120 total
- age   2:     128144 bytes,     677264 total
- age   4:     410448 bytes,    1087712 total
: 16858K->1065K(18624K), 0.0017610 secs] 56232K->40668K(83392K), 0.0018582 secs] [Times: user=0.01 sys=0.00, real=0.00 secs] 
39.446: [GC 39.446: [ParNew
Desired survivor size 1343488 bytes, new threshold 4 (max 4)
- age   1:     179152 bytes,     179152 total
- age   2:     285584 bytes,     464736 total
- age   3:     128144 bytes,     592880 total
: 17054K->582K(18624K), 0.0014605 secs] 56657K->40586K(83392K), 0.0015737 secs] [Times: user=0.00 sys=0.00, real=0.00 secs] 
39.459: [GC 39.459: [ParNew
Desired survivor size 1343488 bytes, new threshold 4 (max 4)
- age   1:     606496 bytes,     606496 total
- age   2:         88 bytes,     606584 total
- age   3:     123984 bytes,     730568 total
- age   4:     128144 bytes,     858712 total
: 16510K->841K(18624K), 0.0018650 secs] 56514K->40845K(83392K), 0.0019867 secs] [Times: user=0.00 sys=0.00, real=0.00 secs] 
39.474: [GC 39.474: [ParNew
Desired survivor size 1343488 bytes, new threshold 4 (max 4)
- age   1:     352288 bytes,     352288 total
- age   2:     344296 bytes,     696584 total
- age   3:         88 bytes,     696672 total
- age   4:     123984 bytes,     820656 total
: 16836K->805K(18624K), 0.0016479 secs] 56840K->40934K(83392K), 0.0017426 secs] [Times: user=0.00 sys=0.00, real=0.01 secs] 
39.489: [GC 39.489: [ParNew
Desired survivor size 1343488 bytes, new threshold 4 (max 4)
- age   1:     223560 bytes,     223560 total
- age   2:      84712 bytes,     308272 total
- age   3:     344296 bytes,     652568 total
- age   4:         88 bytes,     652656 total
: 16800K->639K(18624K), 0.0018450 secs] 56929K->40889K(83392K), 0.0019302 secs] [Times: user=0.01 sys=0.00, real=0.00 secs] 
39.503: [GC 39.504: [ParNew
Desired survivor size 1343488 bytes, new threshold 4 (max 4)
- age   1:     269600 bytes,     269600 total
- age   2:      13792 bytes,     283392 total
- age   3:      84712 bytes,     368104 total
- age   4:     306560 bytes,     674664 total
: 16622K->663K(18624K), 0.0013200 secs] 56872K->40913K(83392K), 0.0014060 secs] [Times: user=0.01 sys=0.00, real=0.01 secs] 
39.516: [GC 39.516: [ParNew
Desired survivor size 1343488 bytes, new threshold 4 (max 4)
- age   1:     221688 bytes,     221688 total
- age   3:      13792 bytes,     235480 total
- age   4:      84712 bytes,     320192 total
: 16653K->317K(18624K), 0.0014615 secs] 56903K->40866K(83392K), 0.0015697 secs] [Times: user=0.00 sys=0.00, real=0.00 secs] 
39.535: [GC 39.536: [ParNew
Desired survivor size 1343488 bytes, new threshold 4 (max 4)
- age   1:     261880 bytes,     261880 total
- age   2:     159664 bytes,     421544 total
- age   4:      13056 bytes,     434600 total
: 16316K->433K(18624K), 0.0012846 secs] 56866K->41065K(83392K), 0.0013637 secs] [Times: user=0.00 sys=0.00, real=0.00 secs] 
39.548: [GC 39.548: [ParNew
Desired survivor size 1343488 bytes, new threshold 4 (max 4)
- age   1:      81712 bytes,      81712 total
- age   2:     168416 bytes,     250128 total
- age   3:     115488 bytes,     365616 total
: 16385K->366K(18624K), 0.0011690 secs] 57017K->41011K(83392K), 0.0012459 secs] [Times: user=0.00 sys=0.00, real=0.00 secs] 
39.561: [GC 39.562: [ParNew
Desired survivor size 1343488 bytes, new threshold 4 (max 4)
- age   1:     261920 bytes,     261920 total
- age   2:      47728 bytes,     309648 total
- age   3:     167096 bytes,     476744 total
- age   4:     115488 bytes,     592232 total
: 16356K->580K(18624K), 0.0014133 secs] 57000K->41224K(83392K), 0.0015193 secs] [Times: user=0.00 sys=0.00, real=0.00 secs] 
39.575: [GC 39.575: [ParNew
Desired survivor size 1343488 bytes, new threshold 4 (max 4)
- age   1:     116528 bytes,     116528 total
- age   2:     176808 bytes,     293336 total
- age   3:      47728 bytes,     341064 total
- age   4:     166984 bytes,     508048 total
: 16567K->503K(18624K), 0.0017876 secs] 57212K->41260K(83392K), 0.0018942 secs] [Times: user=0.01 sys=0.00, real=0.00 secs] 
39.591: [GC 39.591: [ParNew
Desired survivor size 1343488 bytes, new threshold 4 (max 4)
- age   1:     219776 bytes,     219776 total
- age   2:      68096 bytes,     287872 total
- age   3:     176808 bytes,     464680 total
- age   4:      47728 bytes,     512408 total
: 16489K->497K(18624K), 0.0013390 secs] 57247K->41417K(83392K), 0.0015541 secs] [Times: user=0.00 sys=0.00, real=0.00 secs] 
39.604: [GC 39.604: [ParNew
Desired survivor size 1343488 bytes, new threshold 4 (max 4)
- age   1:     932192 bytes,     932192 total
- age   2:     200248 bytes,    1132440 total
- age   3:       4864 bytes,    1137304 total
- age   4:     176808 bytes,    1314112 total
: 16490K->1290K(18624K), 0.0019574 secs] 57410K->42256K(83392K), 0.0020577 secs] [Times: user=0.00 sys=0.00, real=0.01 secs] 
39.617: [GC 39.618: [ParNew
Desired survivor size 1343488 bytes, new threshold 4 (max 4)
- age   1:     270520 bytes,     270520 total
- age   2:     854224 bytes,    1124744 total
- age   3:     200248 bytes,    1324992 total
- age   4:       4864 bytes,    1329856 total
: 17253K->1309K(18624K), 0.0021024 secs] 58220K->42449K(83392K), 0.0023143 secs] [Times: user=0.00 sys=0.00, real=0.00 secs] 
39.635: [GC 39.635: [ParNew
Desired survivor size 1343488 bytes, new threshold 3 (max 4)
- age   1:     594352 bytes,     594352 total
- age   2:     270480 bytes,     864832 total
- age   3:     854224 bytes,    1719056 total
- age   4:     200248 bytes,    1919304 total
: 17299K->1882K(18624K), 0.0025099 secs] 58439K->43026K(83392K), 0.0026026 secs] [Times: user=0.01 sys=0.00, real=0.00 secs] 
39.648: [GC 39.648: [ParNew
Desired survivor size 1343488 bytes, new threshold 4 (max 4)
- age   1:     594824 bytes,     594824 total
- age   2:     453560 bytes,    1048384 total
- age   3:     270480 bytes,    1318864 total
: 17858K->1298K(18624K), 0.0030677 secs] 59003K->43472K(83392K), 0.0032529 secs] [Times: user=0.00 sys=0.00, real=0.00 secs] 
39.665: [GC 39.665: [ParNew
Desired survivor size 1343488 bytes, new threshold 4 (max 4)
- age   1:     209248 bytes,     209248 total
- age   2:     420464 bytes,     629712 total
- age   3:     400800 bytes,    1030512 total
- age   4:     270480 bytes,    1300992 total
: 17282K->1273K(18624K), 0.0019530 secs] 59456K->43447K(83392K), 0.0020642 secs] [Times: user=0.00 sys=0.00, real=0.00 secs] 
39.678: [GC 39.679: [ParNew
Desired survivor size 1343488 bytes, new threshold 4 (max 4)
- age   1:     978624 bytes,     978624 total
- age   2:      48680 bytes,    1027304 total
- age   3:     242504 bytes,    1269808 total
- age   4:     400800 bytes,    1670608 total
: 17257K->1636K(18624K), 0.0022999 secs] 59431K->44074K(83392K), 0.0024205 secs] [Times: user=0.00 sys=0.00, real=0.00 secs] 
39.693: [GC 39.693: [ParNew
Desired survivor size 1343488 bytes, new threshold 4 (max 4)
- age   1:    1049864 bytes,    1049864 total
- age   2:     254808 bytes,    1304672 total
- age   3:       9904 bytes,    1314576 total
- age   4:     242504 bytes,    1557080 total
: 17623K->1525K(18624K), 0.0024900 secs] 60061K->44304K(83392K), 0.0026156 secs] [Times: user=0.00 sys=0.00, real=0.01 secs] 
39.708: [GC 39.708: [ParNew
Desired survivor size 1343488 bytes, new threshold 4 (max 4)
- age   1:     263592 bytes,     263592 total
- age   2:     440760 bytes,     704352 total
- age   3:     254808 bytes,     959160 total
- age   4:       9904 bytes,     969064 total
: 17495K->951K(18624K), 0.0020404 secs] 60274K->43903K(83392K), 0.0021408 secs] [Times: user=0.01 sys=0.00, real=0.00 secs] 
39.726: [GC 39.726: [ParNew
Desired survivor size 1343488 bytes, new threshold 4 (max 4)
- age   1:     487600 bytes,     487600 total
- age   2:     191064 bytes,     678664 total
- age   3:     267968 bytes,     946632 total
- age   4:     254808 bytes,    1201440 total
: 16897K->1178K(18624K), 0.0018618 secs] 59850K->44140K(83392K), 0.0019652 secs] [Times: user=0.00 sys=0.00, real=0.00 secs] 
39.740: [GC 39.740: [ParNew
Desired survivor size 1343488 bytes, new threshold 4 (max 4)
- age   1:      72400 bytes,      72400 total
- age   2:     242840 bytes,     315240 total
- age   3:     191064 bytes,     506304 total
- age   4:     267968 bytes,     774272 total
: 17066K->764K(18624K), 0.0015518 secs] 60028K->43975K(83392K), 0.0016334 secs] [Times: user=0.00 sys=0.00, real=0.00 secs] 
39.754: [GC 39.754: [ParNew
Desired survivor size 1343488 bytes, new threshold 4 (max 4)
- age   1:     757296 bytes,     757296 total
- age   2:       3976 bytes,     761272 total
- age   3:     169160 bytes,     930432 total
- age   4:     191064 bytes,    1121496 total
: 16746K->1100K(18624K), 0.0023588 secs] 59957K->44573K(83392K), 0.0024821 secs] [Times: user=0.01 sys=0.00, real=0.01 secs] 
39.770: [GC 39.770: [ParNew
Desired survivor size 1343488 bytes, new threshold 4 (max 4)
- age   1:     632712 bytes,     632712 total
- age   2:     483728 bytes,    1116440 total
- age   3:       3976 bytes,    1120416 total
- age   4:     169160 bytes,    1289576 total
: 17060K->1268K(18624K), 0.0022122 secs] 60533K->44928K(83392K), 0.0024099 secs] [Times: user=0.00 sys=0.00, real=0.00 secs] 
39.784: [GC 39.784: [ParNew
Desired survivor size 1343488 bytes, new threshold 4 (max 4)
- age   1:     297608 bytes,     297608 total
- age   2:     515784 bytes,     813392 total
- age   3:     483728 bytes,    1297120 total
- age   4:       3976 bytes,    1301096 total
: 17246K->1273K(18624K), 0.0021732 secs] 60905K->45097K(83392K), 0.0022936 secs] [Times: user=0.00 sys=0.00, real=0.01 secs] 
39.798: [GC 39.798: [ParNew
Desired survivor size 1343488 bytes, new threshold 4 (max 4)
- age   1:     673224 bytes,     673224 total
- age   2:     233072 bytes,     906296 total
- age   3:     429480 bytes,    1335776 total
- age   4:     257920 bytes,    1593696 total
: 17253K->1560K(18624K), 0.0019493 secs] 61077K->45389K(83392K), 0.0020550 secs] [Times: user=0.00 sys=0.00, real=0.00 secs] 
39.816: [GC 39.816: [ParNew
Desired survivor size 1343488 bytes, new threshold 4 (max 4)
- age   1:     282056 bytes,     282056 total
- age   2:     275752 bytes,     557808 total
- age   3:     233072 bytes,     790880 total
- age   4:     278960 bytes,    1069840 total
: 17529K->1047K(18624K), 0.0019687 secs] 61358K->45127K(83392K), 0.0020684 secs] [Times: user=0.00 sys=0.00, real=0.00 secs] 
39.830: [GC 39.831: [ParNew
Desired survivor size 1343488 bytes, new threshold 4 (max 4)
- age   1:     182712 bytes,     182712 total
- age   2:     166120 bytes,     348832 total
- age   3:     275752 bytes,     624584 total
- age   4:     233072 bytes,     857656 total
: 16967K->841K(18624K), 0.0017914 secs] 61047K->45194K(83392K), 0.0018924 secs] [Times: user=0.00 sys=0.00, real=0.00 secs] 
39.845: [GC 39.845: [ParNew
Desired survivor size 1343488 bytes, new threshold 4 (max 4)
- age   1:     626464 bytes,     626464 total
- age   2:     109672 bytes,     736136 total
- age   3:     165584 bytes,     901720 total
- age   4:     275752 bytes,    1177472 total
: 16804K->1156K(18624K), 0.0018014 secs] 61156K->45671K(83392K), 0.0019027 secs] [Times: user=0.01 sys=0.00, real=0.00 secs] 
39.859: [GC 39.859: [ParNew
Desired survivor size 1343488 bytes, new threshold 4 (max 4)
- age   1:     601312 bytes,     601312 total
- age   2:     587128 bytes,    1188440 total
- age   3:     109672 bytes,    1298112 total
- age   4:     165584 bytes,    1463696 total
: 17135K->1439K(18624K), 0.0024427 secs] 61650K->46223K(83392K), 0.0025488 secs] [Times: user=0.00 sys=0.00, real=0.00 secs] 
39.873: [GC 39.873: [ParNew
Desired survivor size 1343488 bytes, new threshold 3 (max 4)
- age   1:     625784 bytes,     625784 total
- age   2:     533984 bytes,    1159768 total
- age   3:     587128 bytes,    1746896 total
- age   4:      52280 bytes,    1799176 total
: 17436K->1762K(18624K), 0.0030073 secs] 62220K->46707K(83392K), 0.0031359 secs] [Times: user=0.00 sys=0.00, real=0.01 secs] 
39.888: [GC 39.888: [ParNew
Desired survivor size 1343488 bytes, new threshold 4 (max 4)
- age   1:     442536 bytes,     442536 total
- age   2:     471296 bytes,     913832 total
- age   3:     426224 bytes,    1340056 total
: 17743K->1318K(18624K), 0.0023912 secs] 62688K->46843K(83392K), 0.0025116 secs] [Times: user=0.01 sys=0.00, real=0.00 secs] 
39.903: [GC 39.903: [ParNew
Desired survivor size 1343488 bytes, new threshold 3 (max 4)
- age   1:     873696 bytes,     873696 total
- age   2:     394904 bytes,    1268600 total
- age   3:     471296 bytes,    1739896 total
- age   4:     371800 bytes,    2111696 total
: 17237K->2065K(18624K), 0.0025576 secs] 62762K->47590K(83392K), 0.0026573 secs] [Times: user=0.01 sys=0.00, real=0.01 secs] 
39.918: [GC 39.918: [ParNew
Desired survivor size 1343488 bytes, new threshold 2 (max 4)
- age   1:     569672 bytes,     569672 total
- age   2:     809544 bytes,    1379216 total
- age   3:     394904 bytes,    1774120 total
: 18001K->1735K(18624K), 0.0038692 secs] 63526K->48084K(83392K), 0.0040209 secs] [Times: user=0.00 sys=0.00, real=0.00 secs] 
39.929: [GC [1 CMS-initial-mark: 46348K(64768K)] 56652K(83392K), 0.0013782 secs] [Times: user=0.00 sys=0.00, real=0.00 secs] 
39.931: [CMS-concurrent-mark-start]
39.936: [GC 39.936: [ParNew
Desired survivor size 1343488 bytes, new threshold 4 (max 4)
- age   1:     950408 bytes,     950408 total
- age   2:      90280 bytes,    1040688 total
: 17598K->1017K(18624K), 0.0022088 secs] 63946K->48215K(83392K), 0.0023094 secs] [Times: user=0.01 sys=0.00, real=0.00 secs] 
39.952: [GC 39.952: [ParNew
Desired survivor size 1343488 bytes, new threshold 1 (max 4)
- age   1:    1401712 bytes,    1401712 total
- age   2:     866240 bytes,    2267952 total
- age   3:      90280 bytes,    2358232 total
: 17001K->2304K(18624K), 0.0028468 secs] 64198K->49501K(83392K), 0.0029627 secs] [Times: user=0.01 sys=0.00, real=0.01 secs] 
39.969: [GC 39.970: [ParNew
Desired survivor size 1343488 bytes, new threshold 4 (max 4)
- age   1:     344040 bytes,     344040 total
: 18287K->339K(18624K), 0.0028831 secs] 65484K->49670K(83392K), 0.0030033 secs] [Times: user=0.00 sys=0.00, real=0.00 secs] 
39.986: [GC 39.986: [ParNew
Desired survivor size 1343488 bytes, new threshold 4 (max 4)
- age   1:     481624 bytes,     481624 total
- age   2:     316936 bytes,     798560 total
: 16320K->783K(18624K), 0.0018578 secs] 65652K->50114K(83392K), 0.0019718 secs] [Times: user=0.00 sys=0.00, real=0.00 secs] 
40.002: [GC 40.002: [ParNew
Desired survivor size 1343488 bytes, new threshold 4 (max 4)
- age   1:     437536 bytes,     437536 total
- age   2:     404464 bytes,     842000 total
- age   3:     316936 bytes,    1158936 total
: 16749K->1134K(18624K), 0.0015439 secs] 66081K->50466K(83392K), 0.0016363 secs] [Times: user=0.00 sys=0.00, real=0.00 secs] 
40.015: [GC 40.015: [ParNew
Desired survivor size 1343488 bytes, new threshold 4 (max 4)
- age   1:     399024 bytes,     399024 total
- age   2:     360472 bytes,     759496 total
- age   3:     404432 bytes,    1163928 total
- age   4:     236912 bytes,    1400840 total
: 17118K->1371K(18624K), 0.0024387 secs] 66450K->50702K(83392K), 0.0025497 secs] [Times: user=0.00 sys=0.00, real=0.00 secs] 
40.027: [CMS-concurrent-mark: 0.076/0.096 secs] [Times: user=0.16 sys=0.01, real=0.10 secs] 
40.027: [CMS-concurrent-preclean-start]
40.027: [CMS-concurrent-preclean: 0.000/0.000 secs] [Times: user=0.01 sys=0.00, real=0.00 secs] 
40.027: [CMS-concurrent-abortable-preclean-start]
40.030: [GC 40.031: [ParNew
Desired survivor size 1343488 bytes, new threshold 4 (max 4)
- age   1:     412768 bytes,     412768 total
- age   2:     290960 bytes,     703728 total
- age   3:     360472 bytes,    1064200 total
- age   4:     404432 bytes,    1468632 total
: 17368K->1437K(18624K), 0.0026297 secs] 66699K->51000K(83392K), 0.0027343 secs] [Times: user=0.01 sys=0.00, real=0.00 secs] 
40.045: [GC 40.045: [ParNew
Desired survivor size 1343488 bytes, new threshold 4 (max 4)
- age   1:     282568 bytes,     282568 total
- age   2:     305968 bytes,     588536 total
- age   3:     290960 bytes,     879496 total
- age   4:     360472 bytes,    1239968 total
: 17369K->1214K(18624K), 0.0026301 secs] 66932K->51172K(83392K), 0.0027135 secs] [Times: user=0.00 sys=0.00, real=0.00 secs] 
40.058: [GC 40.059: [ParNew
Desired survivor size 1343488 bytes, new threshold 4 (max 4)
- age   1:     326952 bytes,     326952 total
- age   2:     128400 bytes,     455352 total
- age   3:     305968 bytes,     761320 total
- age   4:     242024 bytes,    1003344 total
: 17192K->983K(18624K), 0.0019381 secs] 67150K->51194K(83392K), 0.0020304 secs] [Times: user=0.00 sys=0.00, real=0.00 secs] 
40.074: [GC 40.074: [ParNew
Desired survivor size 1343488 bytes, new threshold 4 (max 4)
- age   1:     582040 bytes,     582040 total
- age   2:     142416 bytes,     724456 total
- age   3:     128400 bytes,     852856 total
- age   4:     305968 bytes,    1158824 total
: 16943K->1135K(18624K), 0.0017035 secs] 67154K->51504K(83392K), 0.0017936 secs] [Times: user=0.00 sys=0.00, real=0.01 secs] 
40.095: [GC 40.095: [ParNew
Desired survivor size 1343488 bytes, new threshold 3 (max 4)
- age   1:     712792 bytes,     712792 total
- age   2:     499680 bytes,    1212472 total
- age   3:     142416 bytes,    1354888 total
- age   4:     128400 bytes,    1483288 total
: 17118K->1449K(18624K), 0.0021162 secs] 67487K->52118K(83392K), 0.0022758 secs] [Times: user=0.00 sys=0.00, real=0.00 secs] 
40.111: [GC 40.111: [ParNew
Desired survivor size 1343488 bytes, new threshold 3 (max 4)
- age   1:     497464 bytes,     497464 total
- age   2:     524800 bytes,    1022264 total
- age   3:     499680 bytes,    1521944 total
: 17449K->1489K(18624K), 0.0023301 secs] 68117K->52422K(83392K), 0.0024184 secs] [Times: user=0.00 sys=0.00, real=0.00 secs] 
40.126: [GC 40.126: [ParNew
Desired survivor size 1343488 bytes, new threshold 3 (max 4)
- age   1:     666216 bytes,     666216 total
- age   2:     430640 bytes,    1096856 total
- age   3:     524504 bytes,    1621360 total
: 17436K->1586K(18624K), 0.0026909 secs] 68369K->53007K(83392K), 0.0028203 secs] [Times: user=0.01 sys=0.00, real=0.00 secs] 
40.141: [GC 40.141: [ParNew
Desired survivor size 1343488 bytes, new threshold 3 (max 4)
- age   1:     340696 bytes,     340696 total
- age   2:     611976 bytes,     952672 total
- age   3:     430640 bytes,    1383312 total
: 17454K->1360K(18624K), 0.0024652 secs] 68875K->53293K(83392K), 0.0025681 secs] [Times: user=0.00 sys=0.00, real=0.00 secs] 
40.155: [GC 40.155: [ParNew
Desired survivor size 1343488 bytes, new threshold 3 (max 4)
- age   1:     805152 bytes,     805152 total
- age   2:     256528 bytes,    1061680 total
- age   3:     611976 bytes,    1673656 total
: 17356K->1638K(18624K), 0.0027578 secs] 69289K->53992K(83392K), 0.0028643 secs] [Times: user=0.01 sys=0.00, real=0.00 secs] 
40.174: [GC 40.174: [ParNew
Desired survivor size 1343488 bytes, new threshold 4 (max 4)
- age   1:     271408 bytes,     271408 total
- age   2:     718864 bytes,     990272 total
- age   3:     256528 bytes,    1246800 total
: 17638K->1226K(18624K), 0.0023086 secs] 69992K->54042K(83392K), 0.0024115 secs] [Times: user=0.00 sys=0.00, real=0.01 secs] 
40.191: [GC 40.191: [ParNew
Desired survivor size 1343488 bytes, new threshold 4 (max 4)
- age   1:     185464 bytes,     185464 total
- age   2:     270488 bytes,     455952 total
- age   3:     718864 bytes,    1174816 total
- age   4:     256528 bytes,    1431344 total
: 17226K->1401K(18624K), 0.0021957 secs] 70042K->54217K(83392K), 0.0024663 secs] [Times: user=0.00 sys=0.00, real=0.00 secs] 
40.205: [GC 40.205: [ParNew
Desired survivor size 1343488 bytes, new threshold 4 (max 4)
- age   1:     363968 bytes,     363968 total
- age   2:      80184 bytes,     444152 total
- age   3:     270488 bytes,     714640 total
- age   4:     718864 bytes,    1433504 total
: 17401K->1406K(18624K), 0.0023001 secs] 70217K->54473K(83392K), 0.0024166 secs] [Times: user=0.01 sys=0.00, real=0.00 secs] 
40.219: [GC 40.219: [ParNew
Desired survivor size 1343488 bytes, new threshold 4 (max 4)
- age   1:     283592 bytes,     283592 total
- age   2:     318768 bytes,     602360 total
- age   3:      80184 bytes,     682544 total
- age   4:     228416 bytes,     910960 total
: 17379K->902K(18624K), 0.0031976 secs] 70446K->54671K(83392K), 0.0033048 secs] [Times: user=0.00 sys=0.00, real=0.00 secs] 
40.233: [GC 40.233: [ParNew
Desired survivor size 1343488 bytes, new threshold 4 (max 4)
- age   1:     157376 bytes,     157376 total
- age   2:     238168 bytes,     395544 total
- age   3:     318768 bytes,     714312 total
- age   4:      80664 bytes,     794976 total
: 16895K->787K(18624K), 0.0018466 secs] 70664K->54736K(83392K), 0.0019431 secs] [Times: user=0.00 sys=0.00, real=0.01 secs] 
40.248: [GC 40.248: [ParNew
Desired survivor size 1343488 bytes, new threshold 4 (max 4)
- age   1:     519192 bytes,     519192 total
- age   2:     105584 bytes,     624776 total
- age   3:     238168 bytes,     862944 total
- age   4:     318768 bytes,    1181712 total
: 16758K->1171K(18624K), 0.0018570 secs] 70707K->55201K(83392K), 0.0019600 secs] [Times: user=0.00 sys=0.00, real=0.00 secs] 
40.261: [GC 40.261: [ParNew
Desired survivor size 1343488 bytes, new threshold 4 (max 4)
- age   1:     835160 bytes,     835160 total
- age   2:     440304 bytes,    1275464 total
- age   4:      98848 bytes,    1374312 total
: 17120K->1348K(18624K), 0.0023630 secs] 71149K->55689K(83392K), 0.0025193 secs] [Times: user=0.01 sys=0.00, real=0.00 secs] 
40.276: [GC 40.276: [ParNew
Desired survivor size 1343488 bytes, new threshold 3 (max 4)
- age   1:     598696 bytes,     598696 total
- age   2:     658656 bytes,    1257352 total
- age   3:     360600 bytes,    1617952 total
: 17287K->1583K(18624K), 0.0024186 secs] 71628K->56020K(83392K), 0.0025208 secs] [Times: user=0.00 sys=0.00, real=0.00 secs] 
40.291: [GC 40.291: [ParNew
Desired survivor size 1343488 bytes, new threshold 4 (max 4)
- age   1:     253280 bytes,     253280 total
- age   2:     399808 bytes,     653088 total
- age   3:     658656 bytes,    1311744 total
: 17540K->1283K(18624K), 0.0024047 secs] 71977K->56073K(83392K), 0.0025084 secs] [Times: user=0.00 sys=0.00, real=0.00 secs] 
40.306: [GC 40.306: [ParNew
Desired survivor size 1343488 bytes, new threshold 4 (max 4)
- age   1:     307312 bytes,     307312 total
- age   2:      88392 bytes,     395704 total
- age   3:     399808 bytes,     795512 total
- age   4:     658656 bytes,    1454168 total
: 17245K->1422K(18624K), 0.0020388 secs] 72035K->56212K(83392K), 0.0021343 secs] [Times: user=0.01 sys=0.00, real=0.00 secs] 
40.322: [GC 40.323: [ParNew
Desired survivor size 1343488 bytes, new threshold 4 (max 4)
- age   1:     442864 bytes,     442864 total
- age   2:     221024 bytes,     663888 total
- age   3:      88392 bytes,     752280 total
: 17375K->736K(18624K), 0.0026808 secs] 72165K->56169K(83392K), 0.0027865 secs] [Times: user=0.01 sys=0.00, real=0.01 secs] 
40.337: [GC 40.337: [ParNew
Desired survivor size 1343488 bytes, new threshold 4 (max 4)
- age   1:     377872 bytes,     377872 total
- age   2:     387216 bytes,     765088 total
- age   3:     221024 bytes,     986112 total
- age   4:      88392 bytes,    1074504 total
: 16706K->1051K(18624K), 0.0017114 secs] 72138K->56483K(83392K), 0.0018111 secs] [Times: user=0.00 sys=0.00, real=0.00 secs] 
40.351: [GC 40.351: [ParNew
Desired survivor size 1343488 bytes, new threshold 4 (max 4)
- age   1:     598464 bytes,     598464 total
- age   2:     230536 bytes,     829000 total
- age   3:     387216 bytes,    1216216 total
- age   4:     221024 bytes,    1437240 total
: 17041K->1405K(18624K), 0.0021528 secs] 72473K->56924K(83392K), 0.0022529 secs] [Times: user=0.00 sys=0.00, real=0.00 secs] 
40.364: [GC 40.365: [ParNew
Desired survivor size 1343488 bytes, new threshold 4 (max 4)
- age   1:     253968 bytes,     253968 total
- age   2:     566704 bytes,     820672 total
- age   3:     230536 bytes,    1051208 total
- age   4:     387216 bytes,    1438424 total
: 17395K->1406K(18624K), 0.0024761 secs] 72914K->57141K(83392K), 0.0025900 secs] [Times: user=0.01 sys=0.00, real=0.00 secs] 
40.380: [GC 40.380: [ParNew
Desired survivor size 1343488 bytes, new threshold 4 (max 4)
- age   1:     292056 bytes,     292056 total
- age   2:     175248 bytes,     467304 total
- age   3:     566664 bytes,    1033968 total
- age   4:     230536 bytes,    1264504 total
: 17384K->1237K(18624K), 0.0019643 secs] 73119K->57350K(83392K), 0.0020906 secs] [Times: user=0.00 sys=0.00, real=0.00 secs] 
40.394: [GC 40.394: [ParNew
Desired survivor size 1343488 bytes, new threshold 4 (max 4)
- age   1:     477208 bytes,     477208 total
- age   2:     209592 bytes,     686800 total
- age   3:     175248 bytes,     862048 total
- age   4:     312624 bytes,    1174672 total
: 17213K->1149K(18624K), 0.0018403 secs] 73326K->57401K(83392K), 0.0019513 secs] [Times: user=0.00 sys=0.00, real=0.00 secs] 
40.409: [GC 40.409: [ParNew
Desired survivor size 1343488 bytes, new threshold 4 (max 4)
- age   1:     502120 bytes,     502120 total
- age   2:     392392 bytes,     894512 total
- age   3:     209592 bytes,    1104104 total
- age   4:     147264 bytes,    1251368 total
: 17136K->1225K(18624K), 0.0020311 secs] 73387K->57782K(83392K), 0.0021257 secs] [Times: user=0.01 sys=0.00, real=0.00 secs] 
40.425: [GC 40.426: [ParNew
Desired survivor size 1343488 bytes, new threshold 3 (max 4)
- age   1:     680856 bytes,     680856 total
- age   2:     329240 bytes,    1010096 total
- age   3:     392392 bytes,    1402488 total
- age   4:     209592 bytes,    1612080 total
: 17196K->1576K(18624K), 0.0025309 secs] 73753K->58277K(83392K), 0.0026461 secs] [Times: user=0.01 sys=0.00, real=0.00 secs] 
40.441: [GC 40.441: [ParNew
Desired survivor size 1343488 bytes, new threshold 4 (max 4)
- age   1:     650704 bytes,     650704 total
- age   2:     349520 bytes,    1000224 total
- age   3:     329240 bytes,    1329464 total
: 17539K->1301K(18624K), 0.0026257 secs] 74240K->58589K(83392K), 0.0027605 secs] [Times: user=0.00 sys=0.00, real=0.00 secs] 
40.457: [GC 40.457: [ParNew
Desired survivor size 1343488 bytes, new threshold 4 (max 4)
- age   1:     277528 bytes,     277528 total
- age   2:     566352 bytes,     843880 total
- age   3:     274064 bytes,    1117944 total
- age   4:     125016 bytes,    1242960 total
: 17274K->1215K(18624K), 0.0019006 secs] 74563K->58504K(83392K), 0.0020470 secs] [Times: user=0.01 sys=0.00, real=0.00 secs] 
40.472: [GC 40.472: [ParNew
Desired survivor size 1343488 bytes, new threshold 4 (max 4)
- age   1:     339584 bytes,     339584 total
- age   2:     154160 bytes,     493744 total
- age   3:     449864 bytes,     943608 total
- age   4:     274064 bytes,    1217672 total
: 17215K->1194K(18624K), 0.0019983 secs] 74504K->58545K(83392K), 0.0020801 secs] [Times: user=0.00 sys=0.00, real=0.00 secs] 
40.485: [GC 40.486: [ParNew
Desired survivor size 1343488 bytes, new threshold 4 (max 4)
- age   1:     477648 bytes,     477648 total
- age   2:     170264 bytes,     647912 total
- age   3:     154128 bytes,     802040 total
- age   4:     449864 bytes,    1251904 total
: 17174K->1225K(18624K), 0.0023023 secs] 74526K->58845K(83392K), 0.0024228 secs] [Times: user=0.00 sys=0.00, real=0.00 secs] 
40.501: [GC 40.501: [ParNew
Desired survivor size 1343488 bytes, new threshold 4 (max 4)
- age   1:     894800 bytes,     894800 total
- age   2:     199120 bytes,    1093920 total
- age   3:      75048 bytes,    1168968 total
- age   4:     154128 bytes,    1323096 total
: 17121K->1298K(18624K), 0.0018929 secs] 74740K->59138K(83392K), 0.0019825 secs] [Times: user=0.01 sys=0.00, real=0.00 secs] 
40.516: [GC 40.516: [ParNew
Desired survivor size 1343488 bytes, new threshold 4 (max 4)
- age   1:     294776 bytes,     294776 total
- age   2:     635920 bytes,     930696 total
- age   3:     199120 bytes,    1129816 total
- age   4:      75048 bytes,    1204864 total
: 17287K->1185K(18624K), 0.0026758 secs] 75127K->59102K(83392K), 0.0027753 secs] [Times: user=0.01 sys=0.00, real=0.00 secs] 
40.532: [GC 40.532: [ParNew
Desired survivor size 1343488 bytes, new threshold 4 (max 4)
- age   1:     460912 bytes,     460912 total
- age   2:     256504 bytes,     717416 total
- age   3:     329312 bytes,    1046728 total
- age   4:     199120 bytes,    1245848 total
: 17185K->1219K(18624K), 0.0021261 secs] 75102K->59208K(83392K), 0.0022210 secs] [Times: user=0.00 sys=0.00, real=0.00 secs] 
40.546: [GC 40.546: [ParNew
Desired survivor size 1343488 bytes, new threshold 4 (max 4)
- age   1:     533376 bytes,     533376 total
- age   2:     154912 bytes,     688288 total
- age   3:     256504 bytes,     944792 total
- age   4:     254008 bytes,    1198800 total
: 17212K->1174K(18624K), 0.0019963 secs] 75202K->59358K(83392K), 0.0021094 secs] [Times: user=0.00 sys=0.00, real=0.00 secs] 
40.559: [GC 40.559: [ParNew
Desired survivor size 1343488 bytes, new threshold 4 (max 4)
- age   1:     309304 bytes,     309304 total
- age   2:     420920 bytes,     730224 total
- age   3:     154912 bytes,     885136 total
- age   4:     256504 bytes,    1141640 total
: 17148K->1121K(18624K), 0.0020779 secs] 75332K->59553K(83392K), 0.0021776 secs] [Times: user=0.01 sys=0.00, real=0.00 secs] 
40.576: [GC 40.576: [ParNew
Desired survivor size 1343488 bytes, new threshold 3 (max 4)
- age   1:     846264 bytes,     846264 total
- age   2:     225352 bytes,    1071616 total
- age   3:     420920 bytes,    1492536 total
- age   4:     154912 bytes,    1647448 total
: 17117K->1616K(18624K), 0.0026796 secs] 75549K->60298K(83392K), 0.0027812 secs] [Times: user=0.01 sys=0.00, real=0.00 secs] 
40.592: [GC 40.592: [ParNew
Desired survivor size 1343488 bytes, new threshold 3 (max 4)
- age   1:     672472 bytes,     672472 total
- age   2:     538936 bytes,    1211408 total
- age   3:     225352 bytes,    1436760 total
: 17570K->1417K(18624K), 0.0022808 secs] 76252K->60586K(83392K), 0.0023777 secs] [Times: user=0.00 sys=0.01, real=0.01 secs] 
40.608: [GC 40.609: [ParNew
Desired survivor size 1343488 bytes, new threshold 4 (max 4)
- age   1:     370368 bytes,     370368 total
- age   2:     423864 bytes,     794232 total
- age   3:     538232 bytes,    1332464 total
: 17380K->1303K(18624K), 0.0019414 secs] 76550K->60693K(83392K), 0.0020317 secs] [Times: user=0.01 sys=0.00, real=0.00 secs] 
40.628: [GC 40.628: [ParNew
Desired survivor size 1343488 bytes, new threshold 4 (max 4)
- age   1:     139640 bytes,     139640 total
- age   2:     283944 bytes,     423584 total
- age   3:     423864 bytes,     847448 total
- age   4:     538232 bytes,    1385680 total
: 17303K->1356K(18624K), 0.0020869 secs] 76693K->60746K(83392K), 0.0021817 secs] [Times: user=0.00 sys=0.00, real=0.00 secs] 
40.642: [GC 40.642: [ParNew
Desired survivor size 1343488 bytes, new threshold 4 (max 4)
- age   1:     801768 bytes,     801768 total
- age   2:      90600 bytes,     892368 total
- age   3:     282816 bytes,    1175184 total
- age   4:     251360 bytes,    1426544 total
: 17356K->1401K(18624K), 0.0027235 secs] 76746K->61317K(83392K), 0.0028449 secs] [Times: user=0.01 sys=0.00, real=0.01 secs] 
40.657: [GC 40.657: [ParNew
Desired survivor size 1343488 bytes, new threshold 3 (max 4)
- age   1:     701728 bytes,     701728 total
- age   2:     627672 bytes,    1329400 total
- age   3:      90600 bytes,    1420000 total
- age   4:     282816 bytes,    1702816 total
: 17358K->1668K(18624K), 0.0024284 secs] 77274K->61829K(83392K), 0.0025520 secs] [Times: user=0.00 sys=0.00, real=0.00 secs] 
40.673: [GC 40.673: [ParNew
Desired survivor size 1343488 bytes, new threshold 3 (max 4)
- age   1:     559560 bytes,     559560 total
- age   2:     593672 bytes,    1153232 total
- age   3:     627672 bytes,    1780904 total
: 17646K->1747K(18624K), 0.0027061 secs] 77807K->62272K(83392K), 0.0028243 secs] [Times: user=0.00 sys=0.00, real=0.01 secs] 
40.689: [GC 40.689: [ParNew
Desired survivor size 1343488 bytes, new threshold 3 (max 4)
- age   1:     593144 bytes,     593144 total
- age   2:     432776 bytes,    1025920 total
- age   3:     508232 bytes,    1534152 total
: 17684K->1501K(18624K), 0.0029818 secs] 78209K->62639K(83392K), 0.0031711 secs] [Times: user=0.01 sys=0.00, real=0.00 secs] 
40.705: [GC 40.705: [ParNew
Desired survivor size 1343488 bytes, new threshold 3 (max 4)
- age   1:     777768 bytes,     777768 total
- age   2:     465880 bytes,    1243648 total
- age   3:     432704 bytes,    1676352 total
: 17491K->1639K(18624K), 0.0059651 secs] 78629K->63209K(83392K), 0.0060676 secs] [Times: user=0.00 sys=0.00, real=0.00 secs] 
40.724: [GC 40.724: [ParNew
Desired survivor size 1343488 bytes, new threshold 4 (max 4)
- age   1:     140488 bytes,     140488 total
- age   2:     721856 bytes,     862344 total
- age   3:     465880 bytes,    1328224 total
: 17554K->1299K(18624K), 0.0025181 secs] 79123K->63292K(83392K), 0.0026198 secs] [Times: user=0.00 sys=0.00, real=0.01 secs] 
40.738: [GC 40.738: [ParNew
Desired survivor size 1343488 bytes, new threshold 4 (max 4)
- age   1:     279976 bytes,     279976 total
- age   2:      59664 bytes,     339640 total
- age   3:     721856 bytes,    1061496 total
- age   4:     465880 bytes,    1527376 total
: 17290K->1494K(18624K), 0.0025667 secs] 79283K->63486K(83392K), 0.0026674 secs] [Times: user=0.00 sys=0.00, real=0.00 secs] 
40.756: [GC 40.757: [ParNew
Desired survivor size 1343488 bytes, new threshold 4 (max 4)
- age   1:     606352 bytes,     606352 total
- age   2:         32 bytes,     606384 total
- age   3:      59624 bytes,     666008 total
- age   4:     425080 bytes,    1091088 total
: 17494K->1067K(18624K), 0.0017293 secs] 79486K->63380K(83392K), 0.0018109 secs] [Times: user=0.01 sys=0.00, real=0.00 secs] 
40.770: [GC 40.770: [ParNew
Desired survivor size 1343488 bytes, new threshold 4 (max 4)
- age   1:     304248 bytes,     304248 total
- age   2:     408352 bytes,     712600 total
- age   4:      59624 bytes,     772224 total
: 17040K->755K(18624K), 0.0022109 secs] 79353K->63483K(83392K), 0.0023181 secs] [Times: user=0.00 sys=0.00, real=0.00 secs] 
40.784: [GC 40.784: [ParNew
Desired survivor size 1343488 bytes, new threshold 4 (max 4)
- age   1:     304112 bytes,     304112 total
- age   2:     194144 bytes,     498256 total
- age   3:     169712 bytes,     667968 total
: 16751K->655K(18624K), 0.0016409 secs] 79479K->63441K(83392K), 0.0017334 secs] [Times: user=0.00 sys=0.00, real=0.01 secs] 
40.799: [GC 40.799: [ParNew
Desired survivor size 1343488 bytes, new threshold 4 (max 4)
- age   1:     411064 bytes,     411064 total
- age   2:      59784 bytes,     470848 total
- age   3:      95744 bytes,     566592 total
- age   4:       1424 bytes,     568016 total
: 16653K->558K(18624K), 0.0015006 secs] 79439K->63344K(83392K), 0.0015875 secs] [Times: user=0.00 sys=0.00, real=0.00 secs] 
40.812: [GC 40.812: [ParNew
Desired survivor size 1343488 bytes, new threshold 4 (max 4)
- age   1:     194384 bytes,     194384 total
- age   2:     124880 bytes,     319264 total
- age   3:      59784 bytes,     379048 total
- age   4:      95744 bytes,     474792 total
: 16550K->464K(18624K), 0.0018655 secs] 79336K->63252K(83392K), 0.0019729 secs] [Times: user=0.01 sys=0.00, real=0.01 secs] 
40.827: [GC 40.827: [ParNew
Desired survivor size 1343488 bytes, new threshold 4 (max 4)
- age   1:     888160 bytes,     888160 total
- age   3:       7616 bytes,     895776 total
- age   4:      59784 bytes,     955560 total
: 16452K->935K(18624K), 0.0020528 secs] 79240K->63816K(83392K), 0.0021673 secs] [Times: user=0.01 sys=0.00, real=0.00 secs] 
40.844: [GC 40.844: [ParNew
Desired survivor size 1343488 bytes, new threshold 4 (max 4)
- age   1:     386064 bytes,     386064 total
- age   2:     464384 bytes,     850448 total
- age   4:       7616 bytes,     858064 total
: 16910K->841K(18624K), 0.0016136 secs] 79791K->63722K(83392K), 0.0017166 secs] [Times: user=0.00 sys=0.00, real=0.00 secs] 
40.857: [GC 40.858: [ParNew
Desired survivor size 1343488 bytes, new threshold 3 (max 4)
- age   1:     820968 bytes,     820968 total
- age   2:     334800 bytes,    1155768 total
- age   3:     464384 bytes,    1620152 total
: 16818K->1587K(18624K), 0.0024121 secs] 79700K->64476K(83392K), 0.0025138 secs] [Times: user=0.00 sys=0.00, real=0.00 secs] 
40.873: [GC 40.873: [ParNew
Desired survivor size 1343488 bytes, new threshold 4 (max 4)
- age   1:     362080 bytes,     362080 total
- age   2:     600944 bytes,     963024 total
- age   3:     334800 bytes,    1297824 total
: 17582K->1270K(18624K), 0.0022457 secs] 80471K->64612K(83392K), 0.0023647 secs] [Times: user=0.00 sys=0.00, real=0.01 secs] 
40.886: [GC 40.886: [ParNew
Desired survivor size 1343488 bytes, new threshold 4 (max 4)
- age   1:     486880 bytes,     486880 total
- age   2:     214744 bytes,     701624 total
- age   3:     600944 bytes,    1302568 total
- age   4:     298096 bytes,    1600664 total
: 17218K->1565K(18624K), 0.0022303 secs] 80560K->64908K(83392K), 0.0023409 secs] [Times: user=0.01 sys=0.00, real=0.00 secs] 
40.902: [GC 40.902: [ParNew
Desired survivor size 1343488 bytes, new threshold 4 (max 4)
- age   1:     473000 bytes,     473000 total
- age   2:     407912 bytes,     880912 total
- age   3:     214744 bytes,    1095656 total
- age   4:     600944 bytes,    1696600 total
: 17565K->1657K(18624K), 0.0038682 secs] 80908K->65290K(83392K), 0.0039716 secs] [Times: user=0.00 sys=0.00, real=0.01 secs] 
40.920: [GC 40.920: [ParNew (promotion failed)
Desired survivor size 1343488 bytes, new threshold 4 (max 4)
- age   1:     494832 bytes,     494832 total
- age   2:     426688 bytes,     921520 total
- age   3:     340584 bytes,    1262104 total
- age   4:     109728 bytes,    1371832 total
: 17635K->17319K(18624K), 0.0035660 secs]40.923: [CMS40.924: [CMS-concurrent-abortable-preclean: 0.031/0.896 secs] [Times: user=1.35 sys=0.06, real=0.89 secs] 
 (concurrent mode failure): 63924K->8219K(64768K), 0.0879300 secs] 81269K->8219K(83392K), [CMS Perm : 10707K->10707K(21248K)], 0.0916554 secs] [Times: user=0.09 sys=0.00, real=0.09 secs] 
41.028: [GC 41.028: [ParNew
Desired survivor size 1343488 bytes, new threshold 4 (max 4)
- age   1:     356840 bytes,     356840 total
: 15951K->352K(18624K), 0.0015095 secs] 24170K->8571K(83392K), 0.0015880 secs] [Times: user=0.01 sys=0.00, real=0.00 secs] 
41.040: [GC 41.040: [ParNew
Desired survivor size 1343488 bytes, new threshold 4 (max 4)
- age   1:     160136 bytes,     160136 total
- age   2:     328888 bytes,     489024 total
: 16339K->481K(18624K), 0.0010869 secs] 24558K->8700K(83392K), 0.0012203 secs] [Times: user=0.01 sys=0.00, real=0.00 secs] 
41.053: [GC 41.053: [ParNew
Desired survivor size 1343488 bytes, new threshold 4 (max 4)
- age   1:     183512 bytes,     183512 total
- age   2:      55888 bytes,     239400 total
- age   3:     328888 bytes,     568288 total
: 16440K->557K(18624K), 0.0010212 secs] 24659K->8776K(83392K), 0.0010990 secs] [Times: user=0.00 sys=0.00, real=0.00 secs] 
41.070: [GC 41.070: [ParNew
Desired survivor size 1343488 bytes, new threshold 4 (max 4)
- age   1:     567816 bytes,     567816 total
- age   2:     139576 bytes,     707392 total
- age   3:      55888 bytes,     763280 total
- age   4:     328592 bytes,    1091872 total
: 16530K->1069K(18624K), 0.0014045 secs] 24749K->9288K(83392K), 0.0015314 secs] [Times: user=0.01 sys=0.00, real=0.00 secs] 
41.083: [GC 41.083: [ParNew
Desired survivor size 1343488 bytes, new threshold 4 (max 4)
- age   1:     226960 bytes,     226960 total
- age   2:     465528 bytes,     692488 total
- age   3:     139576 bytes,     832064 total
- age   4:      55888 bytes,     887952 total
: 17035K->869K(18624K), 0.0017456 secs] 25254K->9413K(83392K), 0.0018414 secs] [Times: user=0.01 sys=0.00, real=0.01 secs] 
41.098: [GC 41.098: [ParNew
Desired survivor size 1343488 bytes, new threshold 4 (max 4)
- age   1:     736376 bytes,     736376 total
- age   2:     140600 bytes,     876976 total
- age   3:     399776 bytes,    1276752 total
- age   4:      68104 bytes,    1344856 total
: 16854K->1316K(18624K), 0.0019235 secs] 25398K->9914K(83392K), 0.0020223 secs] [Times: user=0.00 sys=0.00, real=0.00 secs] 
41.112: [GC 41.112: [ParNew
Desired survivor size 1343488 bytes, new threshold 4 (max 4)
- age   1:     218000 bytes,     218000 total
- age   2:     461656 bytes,     679656 total
- age   3:     140600 bytes,     820256 total
- age   4:     209680 bytes,    1029936 total
: 17294K->1008K(18624K), 0.0013311 secs] 25892K->9606K(83392K), 0.0014245 secs] [Times: user=0.00 sys=0.00, real=0.00 secs] 
41.129: [GC 41.129: [ParNew
Desired survivor size 1343488 bytes, new threshold 4 (max 4)
- age   1:     288384 bytes,     288384 total
- age   2:      34552 bytes,     322936 total
- age   3:     237696 bytes,     560632 total
- age   4:     140600 bytes,     701232 total
: 16953K->687K(18624K), 0.0012639 secs] 25552K->9490K(83392K), 0.0013556 secs] [Times: user=0.00 sys=0.00, real=0.00 secs] 
41.142: [GC 41.142: [ParNew
Desired survivor size 1343488 bytes, new threshold 4 (max 4)
- age   1:     184856 bytes,     184856 total
- age   2:     179856 bytes,     364712 total
- age   3:      34552 bytes,     399264 total
- age   4:     171808 bytes,     571072 total
: 16662K->560K(18624K), 0.0013306 secs] 25465K->9500K(83392K), 0.0014219 secs] [Times: user=0.00 sys=0.00, real=0.00 secs] 
41.154: [GC 41.154: [ParNew
Desired survivor size 1343488 bytes, new threshold 4 (max 4)
- age   1:     254272 bytes,     254272 total
- age   2:      69216 bytes,     323488 total
- age   3:     179856 bytes,     503344 total
- age   4:      34552 bytes,     537896 total
: 16516K->527K(18624K), 0.0015217 secs] 25457K->9636K(83392K), 0.0016119 secs] [Times: user=0.00 sys=0.00, real=0.01 secs] 
41.167: [GC 41.168: [ParNew
Desired survivor size 1343488 bytes, new threshold 4 (max 4)
- age   1:     210008 bytes,     210008 total
- age   2:      60192 bytes,     270200 total
- age   3:      69216 bytes,     339416 total
- age   4:     179752 bytes,     519168 total
: 16517K->507K(18624K), 0.0011748 secs] 25625K->9649K(83392K), 0.0012578 secs] [Times: user=0.01 sys=0.00, real=0.00 secs] 
41.183: [GC 41.183: [ParNew
Desired survivor size 1343488 bytes, new threshold 4 (max 4)
- age   1:     463344 bytes,     463344 total
- age   2:      72152 bytes,     535496 total
- age   3:      60192 bytes,     595688 total
- age   4:      69216 bytes,     664904 total
: 16502K->653K(18624K), 0.0015913 secs] 25644K->9970K(83392K), 0.0016838 secs] [Times: user=0.00 sys=0.00, real=0.01 secs] 
41.197: [GC 41.197: [ParNew
Desired survivor size 1343488 bytes, new threshold 4 (max 4)
- age   1:     322664 bytes,     322664 total
- age   2:     230504 bytes,     553168 total
- age   3:      72152 bytes,     625320 total
- age   4:      60192 bytes,     685512 total
: 16638K->672K(18624K), 0.0011662 secs] 25955K->10057K(83392K), 0.0012537 secs] [Times: user=0.00 sys=0.00, real=0.00 secs] 
41.209: [GC 41.209: [ParNew
Desired survivor size 1343488 bytes, new threshold 4 (max 4)
- age   1:     344720 bytes,     344720 total
- age   2:      26400 bytes,     371120 total
- age   3:     230504 bytes,     601624 total
- age   4:       2240 bytes,     603864 total
: 16618K->594K(18624K), 0.0012464 secs] 26003K->10038K(83392K), 0.0013539 secs] [Times: user=0.00 sys=0.00, real=0.00 secs] 
41.225: [GC 41.225: [ParNew
Desired survivor size 1343488 bytes, new threshold 4 (max 4)
- age   1:     614088 bytes,     614088 total
- age   2:     199392 bytes,     813480 total
- age   3:      26400 bytes,     839880 total
- age   4:     230504 bytes,    1070384 total
: 16545K->1049K(18624K), 0.0014281 secs] 25989K->10495K(83392K), 0.0015607 secs] [Times: user=0.00 sys=0.00, real=0.00 secs] 
41.242: [GC 41.242: [ParNew
Desired survivor size 1343488 bytes, new threshold 4 (max 4)
- age   1:     396760 bytes,     396760 total
- age   2:     245864 bytes,     642624 total
- age   3:     199392 bytes,     842016 total
- age   4:      26400 bytes,     868416 total
: 17047K->856K(18624K), 0.0014729 secs] 26494K->10527K(83392K), 0.0015557 secs] [Times: user=0.01 sys=0.00, real=0.00 secs] 
41.256: [GC 41.256: [ParNew
Desired survivor size 1343488 bytes, new threshold 4 (max 4)
- age   1:     283120 bytes,     283120 total
- age   2:     375656 bytes,     658776 total
- age   3:     245864 bytes,     904640 total
- age   4:     117800 bytes,    1022440 total
: 16843K->1005K(18624K), 0.0013465 secs] 26514K->10702K(83392K), 0.0014527 secs] [Times: user=0.01 sys=0.00, real=0.00 secs] 
41.269: [GC 41.270: [ParNew
Desired survivor size 1343488 bytes, new threshold 4 (max 4)
- age   1:     132168 bytes,     132168 total
- age   2:     252376 bytes,     384544 total
- age   3:     234448 bytes,     618992 total
- age   4:     245864 bytes,     864856 total
: 16989K->851K(18624K), 0.0021607 secs] 26686K->10663K(83392K), 0.0022695 secs] [Times: user=0.00 sys=0.00, real=0.00 secs] 
41.284: [GC 41.284: [ParNew
Desired survivor size 1343488 bytes, new threshold 4 (max 4)
- age   1:     373984 bytes,     373984 total
- age   2:      54168 bytes,     428152 total
- age   3:     252376 bytes,     680528 total
- age   4:       6696 bytes,     687224 total
: 16824K->675K(18624K), 0.0013972 secs] 26636K->10727K(83392K), 0.0014941 secs] [Times: user=0.00 sys=0.00, real=0.01 secs] 
41.299: [GC 41.299: [ParNew
Desired survivor size 1343488 bytes, new threshold 4 (max 4)
- age   1:     703584 bytes,     703584 total
- age   2:     328440 bytes,    1032024 total
- age   3:      54168 bytes,    1086192 total
- age   4:     252376 bytes,    1338568 total
: 16672K->1312K(18624K), 0.0020346 secs] 26725K->11371K(83392K), 0.0021342 secs] [Times: user=0.01 sys=0.00, real=0.00 secs] 
41.314: [GC 41.314: [ParNew
Desired survivor size 1343488 bytes, new threshold 4 (max 4)
- age   1:     437944 bytes,     437944 total
- age   2:     529456 bytes,     967400 total
- age   3:     328440 bytes,    1295840 total
- age   4:      54168 bytes,    1350008 total
: 17299K->1323K(18624K), 0.0025657 secs] 27357K->11628K(83392K), 0.0026846 secs] [Times: user=0.01 sys=0.00, real=0.01 secs] 
41.328: [GC 41.328: [ParNew
Desired survivor size 1343488 bytes, new threshold 4 (max 4)
- age   1:     151488 bytes,     151488 total
- age   2:     282600 bytes,     434088 total
- age   3:     529456 bytes,     963544 total
- age   4:     328440 bytes,    1291984 total
: 17311K->1266K(18624K), 0.0017872 secs] 27616K->11624K(83392K), 0.0018820 secs] [Times: user=0.00 sys=0.00, real=0.00 secs] 
41.342: [GC 41.342: [ParNew
Desired survivor size 1343488 bytes, new threshold 4 (max 4)
- age   1:     938808 bytes,     938808 total
- age   2:     119768 bytes,    1058576 total
- age   3:     168576 bytes,    1227152 total
- age   4:     529456 bytes,    1756608 total
: 17254K->1722K(18624K), 0.0023076 secs] 27612K->12401K(83392K), 0.0024618 secs] [Times: user=0.00 sys=0.00, real=0.01 secs] 
41.357: [GC 41.357: [ParNew
Desired survivor size 1343488 bytes, new threshold 4 (max 4)
- age   1:     464224 bytes,     464224 total
- age   2:     710640 bytes,    1174864 total
- age   3:     119768 bytes,    1294632 total
- age   4:     168576 bytes,    1463208 total
: 17714K->1434K(18624K), 0.0024855 secs] 28393K->12630K(83392K), 0.0026174 secs] [Times: user=0.01 sys=0.00, real=0.00 secs] 
41.371: [GC 41.371: [ParNew
Desired survivor size 1343488 bytes, new threshold 4 (max 4)
- age   1:     480480 bytes,     480480 total
- age   2:     392848 bytes,     873328 total
- age   3:     388736 bytes,    1262064 total
- age   4:     119768 bytes,    1381832 total
: 17409K->1353K(18624K), 0.0019693 secs] 28605K->12713K(83392K), 0.0020730 secs] [Times: user=0.01 sys=0.00, real=0.00 secs] 
41.384: [GC 41.384: [ParNew
Desired survivor size 1343488 bytes, new threshold 4 (max 4)
- age   1:     492936 bytes,     492936 total
- age   2:     402488 bytes,     895424 total
- age   3:     172088 bytes,    1067512 total
- age   4:     388736 bytes,    1456248 total
: 17297K->1425K(18624K), 0.0019562 secs] 28658K->12903K(83392K), 0.0020577 secs] [Times: user=0.00 sys=0.00, real=0.01 secs] 
41.397: [GC 41.398: [ParNew
Desired survivor size 1343488 bytes, new threshold 4 (max 4)
- age   1:     208440 bytes,     208440 total
- age   2:     413328 bytes,     621768 total
- age   3:     402488 bytes,    1024256 total
- age   4:      68816 bytes,    1093072 total
: 17375K->1070K(18624K), 0.0018483 secs] 28852K->12927K(83392K), 0.0019511 secs] [Times: user=0.00 sys=0.00, real=0.00 secs] 
41.412: [GC 41.412: [ParNew
Desired survivor size 1343488 bytes, new threshold 1 (max 4)
- age   1:    1434280 bytes,    1434280 total
- age   2:     125680 bytes,    1559960 total
- age   3:     235968 bytes,    1795928 total
- age   4:     402488 bytes,    2198416 total
: 16974K->2150K(18624K), 0.0023038 secs] 28831K->14074K(83392K), 0.0024146 secs] [Times: user=0.01 sys=0.00, real=0.01 secs] 
41.431: [GC 41.431: [ParNew
Desired survivor size 1343488 bytes, new threshold 4 (max 4)
- age   1:     838832 bytes,     838832 total
: 18104K->822K(18624K), 0.0039721 secs] 30029K->14430K(83392K), 0.0040606 secs] [Times: user=0.01 sys=0.00, real=0.01 secs] 
41.446: [GC 41.446: [ParNew
Desired survivor size 1343488 bytes, new threshold 2 (max 4)
- age   1:     999424 bytes,     999424 total
- age   2:     838832 bytes,    1838256 total
: 16793K->1797K(18624K), 0.0024658 secs] 30402K->15406K(83392K), 0.0025911 secs] [Times: user=0.00 sys=0.00, real=0.00 secs] 
41.461: [GC 41.461: [ParNew
Desired survivor size 1343488 bytes, new threshold 2 (max 4)
- age   1:     980752 bytes,     980752 total
- age   2:     869768 bytes,    1850520 total
: 17796K->1810K(18624K), 0.0029699 secs] 31405K->16238K(83392K), 0.0030697 secs] [Times: user=0.01 sys=0.00, real=0.00 secs] 
41.478: [GC 41.478: [ParNew
Desired survivor size 1343488 bytes, new threshold 2 (max 4)
- age   1:     616840 bytes,     616840 total
- age   2:     940648 bytes,    1557488 total
: 17798K->1524K(18624K), 0.0024700 secs] 32226K->16801K(83392K), 0.0026348 secs] [Times: user=0.01 sys=0.00, real=0.00 secs] 
41.494: [GC 41.494: [ParNew
Desired survivor size 1343488 bytes, new threshold 4 (max 4)
- age   1:     453376 bytes,     453376 total
- age   2:     483264 bytes,     936640 total
: 17491K->918K(18624K), 0.0016386 secs] 32769K->16805K(83392K), 0.0017447 secs] [Times: user=0.01 sys=0.01, real=0.00 secs] 
41.507: [GC 41.507: [ParNew
Desired survivor size 1343488 bytes, new threshold 4 (max 4)
- age   1:     377216 bytes,     377216 total
- age   2:     370624 bytes,     747840 total
- age   3:     483264 bytes,    1231104 total
: 16877K->1205K(18624K), 0.0021143 secs] 32765K->17092K(83392K), 0.0022176 secs] [Times: user=0.00 sys=0.00, real=0.00 secs] 
41.524: [GC 41.524: [ParNew
Desired survivor size 1343488 bytes, new threshold 4 (max 4)
- age   1:     585944 bytes,     585944 total
- age   2:     136800 bytes,     722744 total
- age   3:     370624 bytes,    1093368 total
- age   4:     440944 bytes,    1534312 total
: 17199K->1501K(18624K), 0.0015348 secs] 33087K->17389K(83392K), 0.0016255 secs] [Times: user=0.00 sys=0.00, real=0.01 secs] 
41.538: [GC 41.538: [ParNew
Desired survivor size 1343488 bytes, new threshold 4 (max 4)
- age   1:     578992 bytes,     578992 total
- age   2:     423680 bytes,    1002672 total
- age   4:     370624 bytes,    1373296 total
: 17482K->1344K(18624K), 0.0024017 secs] 33369K->17662K(83392K), 0.0025290 secs] [Times: user=0.00 sys=0.00, real=0.00 secs] 
41.558: [GC 41.558: [ParNew
Desired survivor size 1343488 bytes, new threshold 4 (max 4)
- age   1:     446424 bytes,     446424 total
- age   2:     155608 bytes,     602032 total
- age   3:     423680 bytes,    1025712 total
: 17318K->1003K(18624K), 0.0030577 secs] 33636K->17683K(83392K), 0.0031631 secs] [Times: user=0.00 sys=0.00, real=0.00 secs] 
41.575: [GC 41.575: [ParNew
Desired survivor size 1343488 bytes, new threshold 4 (max 4)
- age   1:     128544 bytes,     128544 total
- age   2:     361000 bytes,     489544 total
- age   4:     216880 bytes,     706424 total
: 16976K->692K(18624K), 0.0016111 secs] 33656K->17371K(83392K), 0.0017127 secs] [Times: user=0.00 sys=0.00, real=0.00 secs] 
41.591: [GC 41.591: [ParNew
Desired survivor size 1343488 bytes, new threshold 4 (max 4)
- age   1:     549072 bytes,     549072 total
- age   2:      74440 bytes,     623512 total
- age   3:     361000 bytes,     984512 total
: 16648K->962K(18624K), 0.0015133 secs] 33328K->17854K(83392K), 0.0016086 secs] [Times: user=0.00 sys=0.00, real=0.00 secs] 
41.605: [GC 41.605: [ParNew
Desired survivor size 1343488 bytes, new threshold 4 (max 4)
- age   1:     114184 bytes,     114184 total
- age   2:     490784 bytes,     604968 total
- age   3:      74400 bytes,     679368 total
- age   4:     361000 bytes,    1040368 total
: 16912K->1017K(18624K), 0.0021795 secs] 33804K->17908K(83392K), 0.0022794 secs] [Times: user=0.00 sys=0.00, real=0.00 secs] 
41.619: [GC 41.619: [ParNew
Desired survivor size 1343488 bytes, new threshold 4 (max 4)
- age   1:     655456 bytes,     655456 total
- age   3:     490744 bytes,    1146200 total
- age   4:        704 bytes,    1146904 total
: 16979K->1122K(18624K), 0.0021181 secs] 33870K->18121K(83392K), 0.0022483 secs] [Times: user=0.00 sys=0.00, real=0.00 secs] 
41.632: [GC 41.632: [ParNew
Desired survivor size 1343488 bytes, new threshold 4 (max 4)
- age   1:     438760 bytes,     438760 total
- age   2:     591304 bytes,    1030064 total
- age   4:     490704 bytes,    1520768 total
: 17098K->1486K(18624K), 0.0020982 secs] 34097K->18486K(83392K), 0.0022184 secs] [Times: user=0.01 sys=0.00, real=0.01 secs] 
41.647: [GC 41.647: [ParNew
Desired survivor size 1343488 bytes, new threshold 4 (max 4)
- age   1:     308056 bytes,     308056 total
- age   2:     365080 bytes,     673136 total
- age   3:     281008 bytes,     954144 total
: 17479K->933K(18624K), 0.0018513 secs] 34478K->18342K(83392K), 0.0019445 secs] [Times: user=0.00 sys=0.00, real=0.00 secs] 
41.660: [GC 41.660: [ParNew
Desired survivor size 1343488 bytes, new threshold 4 (max 4)
- age   1:     338456 bytes,     338456 total
- age   2:     230960 bytes,     569416 total
- age   3:     196440 bytes,     765856 total
- age   4:     281008 bytes,    1046864 total
: 16896K->1025K(18624K), 0.0019960 secs] 34305K->18434K(83392K), 0.0020950 secs] [Times: user=0.00 sys=0.00, real=0.00 secs] 
41.675: [GC 41.675: [ParNew
Desired survivor size 1343488 bytes, new threshold 4 (max 4)
- age   1:     875384 bytes,     875384 total
- age   2:     252008 bytes,    1127392 total
- age   3:     151888 bytes,    1279280 total
- age   4:     196440 bytes,    1475720 total
: 16997K->1442K(18624K), 0.0017555 secs] 34406K->19016K(83392K), 0.0018690 secs] [Times: user=0.00 sys=0.00, real=0.00 secs] 
41.689: [GC 41.689: [ParNew
Desired survivor size 1343488 bytes, new threshold 4 (max 4)
- age   1:     417936 bytes,     417936 total
- age   2:     251144 bytes,     669080 total
- age   3:     204488 bytes,     873568 total
- age   4:     151888 bytes,    1025456 total
: 17399K->1002K(18624K), 0.0016509 secs] 34974K->18768K(83392K), 0.0018638 secs] [Times: user=0.00 sys=0.00, real=0.00 secs] 
41.703: [GC 41.703: [ParNew
Desired survivor size 1343488 bytes, new threshold 4 (max 4)
- age   1:     583992 bytes,     583992 total
- age   2:     295672 bytes,     879664 total
- age   3:     166800 bytes,    1046464 total
- age   4:      46984 bytes,    1093448 total
: 16959K->1068K(18624K), 0.0015034 secs] 34725K->18908K(83392K), 0.0015818 secs] [Times: user=0.01 sys=0.00, real=0.01 secs] 
41.716: [GC 41.717: [ParNew
Desired survivor size 1343488 bytes, new threshold 3 (max 4)
- age   1:     885328 bytes,     885328 total
- age   2:     282080 bytes,    1167408 total
- age   3:     295672 bytes,    1463080 total
- age   4:     166072 bytes,    1629152 total
: 17023K->1593K(18624K), 0.0022264 secs] 34863K->19479K(83392K), 0.0023202 secs] [Times: user=0.00 sys=0.00, real=0.00 secs] 
41.730: [GC 41.731: [ParNew
Desired survivor size 1343488 bytes, new threshold 2 (max 4)
- age   1:     731048 bytes,     731048 total
- age   2:     800424 bytes,    1531472 total
- age   3:     282080 bytes,    1813552 total
: 17535K->1774K(18624K), 0.0023217 secs] 35421K->19822K(83392K), 0.0024357 secs] [Times: user=0.00 sys=0.00, real=0.00 secs] 
41.749: [GC 41.749: [ParNew
Desired survivor size 1343488 bytes, new threshold 2 (max 4)
- age   1:    1255616 bytes,    1255616 total
- age   2:     321208 bytes,    1576824 total
: 17774K->1542K(18624K), 0.0023601 secs] 35822K->19866K(83392K), 0.0024613 secs] [Times: user=0.00 sys=0.00, real=0.00 secs] 
41.763: [GC 41.763: [ParNew
Desired survivor size 1343488 bytes, new threshold 4 (max 4)
- age   1:     436800 bytes,     436800 total
- age   2:     766288 bytes,    1203088 total
: 17504K->1177K(18624K), 0.0026477 secs] 35827K->19731K(83392K), 0.0027815 secs] [Times: user=0.01 sys=0.00, real=0.01 secs] 
41.778: [GC 41.778: [ParNew
Desired survivor size 1343488 bytes, new threshold 4 (max 4)
- age   1:     845104 bytes,     845104 total
- age   2:     368912 bytes,    1214016 total
- age   3:       3352 bytes,    1217368 total
: 17170K->1191K(18624K), 0.0016414 secs] 35724K->19745K(83392K), 0.0017393 secs] [Times: user=0.01 sys=0.00, real=0.00 secs] 
41.806: [GC 41.806: [ParNew
Desired survivor size 1343488 bytes, new threshold 4 (max 4)
- age   1:     219472 bytes,     219472 total
- age   2:     290232 bytes,     509704 total
- age   3:     368912 bytes,     878616 total
- age   4:       3352 bytes,     881968 total
: 17166K->862K(18624K), 0.0013963 secs] 35720K->19416K(83392K), 0.0014918 secs] [Times: user=0.00 sys=0.00, real=0.00 secs] 
41.818: [GC 41.818: [ParNew
Desired survivor size 1343488 bytes, new threshold 4 (max 4)
- age   1:     744240 bytes,     744240 total
- age   2:     199192 bytes,     943432 total
- age   3:     217496 bytes,    1160928 total
- age   4:     368912 bytes,    1529840 total
: 16823K->1505K(18624K), 0.0028272 secs] 35377K->20062K(83392K), 0.0029226 secs] [Times: user=0.01 sys=0.00, real=0.00 secs] 
41.834: [GC 41.834: [ParNew
Desired survivor size 1343488 bytes, new threshold 2 (max 4)
- age   1:     668536 bytes,     668536 total
- age   2:     715232 bytes,    1383768 total
- age   3:     199192 bytes,    1582960 total
: 17497K->1562K(18624K), 0.0021211 secs] 36054K->20285K(83392K), 0.0022111 secs] [Times: user=0.01 sys=0.00, real=0.01 secs] 
41.850: [GC 41.850: [ParNew
Desired survivor size 1343488 bytes, new threshold 4 (max 4)
- age   1:     160040 bytes,     160040 total
- age   2:     582080 bytes,     742120 total
: 17560K->749K(18624K), 0.0020058 secs] 36283K->19994K(83392K), 0.0021197 secs] [Times: user=0.00 sys=0.00, real=0.00 secs] 
41.866: [GC 41.866: [ParNew
Desired survivor size 1343488 bytes, new threshold 4 (max 4)
- age   1:     145368 bytes,     145368 total
- age   2:     148216 bytes,     293584 total
- age   3:     582080 bytes,     875664 total
: 16608K->860K(18624K), 0.0020217 secs] 35852K->20105K(83392K), 0.0021954 secs] [Times: user=0.00 sys=0.00, real=0.00 secs] 
41.880: [GC 41.880: [ParNew
Desired survivor size 1343488 bytes, new threshold 4 (max 4)
- age   1:     459912 bytes,     459912 total
- age   2:      46160 bytes,     506072 total
- age   3:     148216 bytes,     654288 total
- age   4:     219184 bytes,     873472 total
: 16860K->854K(18624K), 0.0012173 secs] 36105K->20098K(83392K), 0.0013045 secs] [Times: user=0.00 sys=0.00, real=0.00 secs] 
41.895: [GC 41.895: [ParNew
Desired survivor size 1343488 bytes, new threshold 4 (max 4)
- age   1:     417424 bytes,     417424 total
- age   2:     302560 bytes,     719984 total
- age   3:      46128 bytes,     766112 total
- age   4:     147512 bytes,     913624 total
: 16810K->895K(18624K), 0.0016004 secs] 36054K->20353K(83392K), 0.0017022 secs] [Times: user=0.01 sys=0.00, real=0.00 secs] 
41.910: [GC 41.910: [ParNew
Desired survivor size 1343488 bytes, new threshold 4 (max 4)
- age   1:     110440 bytes,     110440 total
- age   2:     258696 bytes,     369136 total
- age   3:     302560 bytes,     671696 total
- age   4:      46128 bytes,     717824 total
: 16895K->707K(18624K), 0.0013927 secs] 36353K->20309K(83392K), 0.0015097 secs] [Times: user=0.00 sys=0.00, real=0.00 secs] 
41.925: [GC 41.925: [ParNew
Desired survivor size 1343488 bytes, new threshold 4 (max 4)
- age   1:     532152 bytes,     532152 total
- age   2:       9264 bytes,     541416 total
- age   3:      92728 bytes,     634144 total
- age   4:     302560 bytes,     936704 total
: 16676K->924K(18624K), 0.0017885 secs] 36278K->20572K(83392K), 0.0018773 secs] [Times: user=0.00 sys=0.00, real=0.00 secs] 
41.939: [GC 41.939: [ParNew
Desired survivor size 1343488 bytes, new threshold 4 (max 4)
- age   1:     319376 bytes,     319376 total
- age   2:     270856 bytes,     590232 total
- age   3:       9264 bytes,     599496 total
- age   4:      92728 bytes,     692224 total
: 16918K->691K(18624K), 0.0015248 secs] 36565K->20633K(83392K), 0.0016606 secs] [Times: user=0.01 sys=0.00, real=0.00 secs] 
41.951: [GC 41.951: [ParNew
Desired survivor size 1343488 bytes, new threshold 4 (max 4)
- age   1:     253368 bytes,     253368 total
- age   2:     293744 bytes,     547112 total
- age   3:      15968 bytes,     563080 total
- age   4:       9264 bytes,     572344 total
: 16645K->583K(18624K), 0.0015531 secs] 36587K->20616K(83392K), 0.0016456 secs] [Times: user=0.00 sys=0.00, real=0.00 secs] 
41.966: [GC 41.966: [ParNew
Desired survivor size 1343488 bytes, new threshold 4 (max 4)
- age   1:     435496 bytes,     435496 total
- age   2:     172928 bytes,     608424 total
- age   3:      40576 bytes,     649000 total
- age   4:      15968 bytes,     664968 total
: 16543K->663K(18624K), 0.0012834 secs] 36576K->20706K(83392K), 0.0013721 secs] [Times: user=0.00 sys=0.00, real=0.00 secs] 
41.983: [GC 41.983: [ParNew
Desired survivor size 1343488 bytes, new threshold 4 (max 4)
- age   1:     247560 bytes,     247560 total
- age   2:     191896 bytes,     439456 total
- age   3:     172928 bytes,     612384 total
- age   4:      40576 bytes,     652960 total
: 16649K->657K(18624K), 0.0021823 secs] 36691K->20715K(83392K), 0.0023234 secs] [Times: user=0.00 sys=0.00, real=0.01 secs] 
41.996: [GC 41.997: [ParNew
Desired survivor size 1343488 bytes, new threshold 4 (max 4)
- age   1:     557560 bytes,     557560 total
- age   2:     179576 bytes,     737136 total
- age   3:      69512 bytes,     806648 total
- age   4:     172928 bytes,     979576 total
: 16630K->964K(18624K), 0.0014474 secs] 36688K->21062K(83392K), 0.0015617 secs] [Times: user=0.00 sys=0.00, real=0.00 secs] 
42.010: [GC 42.010: [ParNew
Desired survivor size 1343488 bytes, new threshold 4 (max 4)
- age   1:     649728 bytes,     649728 total
- age   2:     343488 bytes,     993216 total
- age   3:     179576 bytes,    1172792 total
- age   4:      69512 bytes,    1242304 total
: 16935K->1215K(18624K), 0.0022951 secs] 37032K->21481K(83392K), 0.0024451 secs] [Times: user=0.00 sys=0.00, real=0.00 secs] 
42.029: [GC 42.029: [ParNew
Desired survivor size 1343488 bytes, new threshold 4 (max 4)
- age   1:      94952 bytes,      94952 total
- age   2:     571360 bytes,     666312 total
- age   3:      89752 bytes,     756064 total
- age   4:     178872 bytes,     934936 total
: 17195K->916K(18624K), 0.0014327 secs] 37461K->21251K(83392K), 0.0015414 secs] [Times: user=0.01 sys=0.00, real=0.00 secs] 
42.045: [GC 42.045: [ParNew
Desired survivor size 1343488 bytes, new threshold 4 (max 4)
- age   1:     448224 bytes,     448224 total
- age   2:      11928 bytes,     460152 total
- age   3:     232056 bytes,     692208 total
- age   4:      89752 bytes,     781960 total
: 16916K->772K(18624K), 0.0013599 secs] 37251K->21281K(83392K), 0.0014435 secs] [Times: user=0.00 sys=0.00, real=0.00 secs] 
42.060: [GC 42.060: [ParNew
Desired survivor size 1343488 bytes, new threshold 4 (max 4)
- age   1:     495608 bytes,     495608 total
- age   2:     191968 bytes,     687576 total
- age   3:      11816 bytes,     699392 total
- age   4:     232056 bytes,     931448 total
: 16755K->930K(18624K), 0.0016715 secs] 37264K->21527K(83392K), 0.0017732 secs] [Times: user=0.01 sys=0.00, real=0.00 secs] 
42.075: [GC 42.075: [ParNew
Desired survivor size 1343488 bytes, new threshold 4 (max 4)
- age   1:     241840 bytes,     241840 total
- age   2:     133080 bytes,     374920 total
- age   3:     191968 bytes,     566888 total
- age   4:      11816 bytes,     578704 total
: 16910K->596K(18624K), 0.0016357 secs] 37507K->21420K(83392K), 0.0017283 secs] [Times: user=0.01 sys=0.00, real=0.00 secs] 
42.088: [GC 42.088: [ParNew
Desired survivor size 1343488 bytes, new threshold 4 (max 4)
- age   1:     883408 bytes,     883408 total
- age   2:      37952 bytes,     921360 total
- age   3:     133080 bytes,    1054440 total
- age   4:      20784 bytes,    1075224 total
: 16554K->1056K(18624K), 0.0017599 secs] 37378K->21891K(83392K), 0.0018532 secs] [Times: user=0.01 sys=0.00, real=0.00 secs] 
42.106: [GC 42.106: [ParNew
Desired survivor size 1343488 bytes, new threshold 4 (max 4)
- age   1:     427840 bytes,     427840 total
- age   2:     352656 bytes,     780496 total
- age   3:      37832 bytes,     818328 total
- age   4:     133080 bytes,     951408 total
: 17036K->946K(18624K), 0.0015935 secs] 37871K->21801K(83392K), 0.0017286 secs] [Times: user=0.01 sys=0.00, real=0.00 secs] 
42.121: [GC 42.121: [ParNew
Desired survivor size 1343488 bytes, new threshold 3 (max 4)
- age   1:     994200 bytes,     994200 total
- age   2:     273776 bytes,    1267976 total
- age   3:     264352 bytes,    1532328 total
- age   4:      37832 bytes,    1570160 total
: 16899K->1542K(18624K), 0.0032677 secs] 37754K->22527K(83392K), 0.0033611 secs] [Times: user=0.01 sys=0.00, real=0.01 secs] 
42.139: [GC 42.140: [ParNew
Desired survivor size 1343488 bytes, new threshold 3 (max 4)
- age   1:     413576 bytes,     413576 total
- age   2:     693472 bytes,    1107048 total
- age   3:     273776 bytes,    1380824 total
: 17451K->1354K(18624K), 0.0040851 secs] 38436K->22481K(83392K), 0.0041968 secs] [Times: user=0.00 sys=0.00, real=0.00 secs] 
42.158: [GC 42.158: [ParNew
Desired survivor size 1343488 bytes, new threshold 4 (max 4)
- age   1:     289328 bytes,     289328 total
- age   2:     366056 bytes,     655384 total
- age   3:     211136 bytes,     866520 total
: 17285K->848K(18624K), 0.0024711 secs] 38412K->22243K(83392K), 0.0025851 secs] [Times: user=0.01 sys=0.00, real=0.00 secs] 
42.173: [GC 42.173: [ParNew
Desired survivor size 1343488 bytes, new threshold 4 (max 4)
- age   1:     399576 bytes,     399576 total
- age   2:     235256 bytes,     634832 total
- age   3:     366056 bytes,    1000888 total
- age   4:     165936 bytes,    1166824 total
: 16818K->1141K(18624K), 0.0017139 secs] 38213K->22536K(83392K), 0.0018190 secs] [Times: user=0.00 sys=0.00, real=0.01 secs] 
42.187: [GC 42.187: [ParNew
Desired survivor size 1343488 bytes, new threshold 4 (max 4)
- age   1:     203624 bytes,     203624 total
- age   2:     238040 bytes,     441664 total
- age   3:     235256 bytes,     676920 total
- age   4:     366056 bytes,    1042976 total
: 17132K->1020K(18624K), 0.0025375 secs] 38527K->22577K(83392K), 0.0027275 secs] [Times: user=0.01 sys=0.00, real=0.00 secs] 
42.212: [GC 42.212: [ParNew
Desired survivor size 1343488 bytes, new threshold 4 (max 4)
- age   1:     221024 bytes,     221024 total
- age   2:     180088 bytes,     401112 total
- age   3:     190352 bytes,     591464 total
- age   4:        984 bytes,     592448 total
: 17020K->581K(18624K), 0.0011800 secs] 38577K->22168K(83392K), 0.0012605 secs] [Times: user=0.01 sys=0.00, real=0.00 secs] 
42.228: [GC 42.228: [ParNew
Desired survivor size 1343488 bytes, new threshold 4 (max 4)
- age   1:     323704 bytes,     323704 total
- age   2:     118208 bytes,     441912 total
- age   3:     180056 bytes,     621968 total
- age   4:      94976 bytes,     716944 total
: 16563K->711K(18624K), 0.0014706 secs] 38150K->22299K(83392K), 0.0015779 secs] [Times: user=0.00 sys=0.00, real=0.00 secs] 
42.241: [GC 42.241: [ParNew
Desired survivor size 1343488 bytes, new threshold 4 (max 4)
- age   1:     277200 bytes,     277200 total
- age   2:     291904 bytes,     569104 total
- age   3:      38712 bytes,     607816 total
- age   4:      76496 bytes,     684312 total
: 16681K->684K(18624K), 0.0013173 secs] 38269K->22364K(83392K), 0.0014287 secs] [Times: user=0.00 sys=0.00, real=0.00 secs] 
42.254: [GC 42.254: [ParNew
Desired survivor size 1343488 bytes, new threshold 4 (max 4)
- age   1:     208056 bytes,     208056 total
- age   2:      54056 bytes,     262112 total
- age   3:     291904 bytes,     554016 total
- age   4:      38712 bytes,     592728 total
: 16647K->630K(18624K), 0.0014703 secs] 38327K->22385K(83392K), 0.0015600 secs] [Times: user=0.00 sys=0.00, real=0.01 secs] 
42.267: [GC 42.267: [ParNew
Desired survivor size 1343488 bytes, new threshold 4 (max 4)
- age   1:     344168 bytes,     344168 total
- age   2:      92608 bytes,     436776 total
- age   3:      54056 bytes,     490832 total
- age   4:     225928 bytes,     716760 total
: 16590K->720K(18624K), 0.0031142 secs] 38345K->22513K(83392K), 0.0032215 secs] [Times: user=0.01 sys=0.00, real=0.00 secs] 
42.282: [GC 42.283: [ParNew
Desired survivor size 1343488 bytes, new threshold 4 (max 4)
- age   1:     168936 bytes,     168936 total
- age   2:      54416 bytes,     223352 total
- age   3:      92608 bytes,     315960 total
- age   4:      54056 bytes,     370016 total
: 16720K->390K(18624K), 0.0011474 secs] 38513K->22334K(83392K), 0.0012223 secs] [Times: user=0.00 sys=0.00, real=0.00 secs] 
42.296: [GC 42.296: [ParNew
Desired survivor size 1343488 bytes, new threshold 4 (max 4)
- age   1:     213528 bytes,     213528 total
- age   2:      68208 bytes,     281736 total
- age   3:      54416 bytes,     336152 total
- age   4:      92576 bytes,     428728 total
: 16379K->446K(18624K), 0.0011211 secs] 38324K->22443K(83392K), 0.0012074 secs] [Times: user=0.00 sys=0.00, real=0.00 secs] 
42.312: [GC 42.313: [ParNew
Desired survivor size 1343488 bytes, new threshold 4 (max 4)
- age   1:     227984 bytes,     227984 total
- age   2:      57272 bytes,     285256 total
- age   3:       1400 bytes,     286656 total
- age   4:      54416 bytes,     341072 total
: 16438K->356K(18624K), 0.0009913 secs] 38436K->22444K(83392K), 0.0010610 secs] [Times: user=0.00 sys=0.00, real=0.00 secs] 
42.326: [GC 42.326: [ParNew
Desired survivor size 1343488 bytes, new threshold 4 (max 4)
- age   1:     343024 bytes,     343024 total
- age   2:      28192 bytes,     371216 total
- age   3:      57272 bytes,     428488 total
- age   4:       1400 bytes,     429888 total
: 16335K->462K(18624K), 0.0013065 secs] 38423K->22603K(83392K), 0.0013895 secs] [Times: user=0.00 sys=0.00, real=0.00 secs] 
42.342: [GC 42.342: [ParNew
Desired survivor size 1343488 bytes, new threshold 4 (max 4)
- age   1:     550960 bytes,     550960 total
- age   2:     298088 bytes,     849048 total
- age   3:        960 bytes,     850008 total
- age   4:      56184 bytes,     906192 total
: 16462K->898K(18624K), 0.0021972 secs] 38603K->23039K(83392K), 0.0023235 secs] [Times: user=0.00 sys=0.00, real=0.00 secs] 
42.357: [GC 42.357: [ParNew
Desired survivor size 1343488 bytes, new threshold 4 (max 4)
- age   1:     209808 bytes,     209808 total
- age   2:     483088 bytes,     692896 total
- age   3:     187720 bytes,     880616 total
- age   4:        960 bytes,     881576 total
: 16858K->918K(18624K), 0.0012321 secs] 38999K->23114K(83392K), 0.0013159 secs] [Times: user=0.01 sys=0.00, real=0.00 secs] 
42.371: [GC 42.371: [ParNew
Desired survivor size 1343488 bytes, new threshold 4 (max 4)
- age   1:     277000 bytes,     277000 total
- age   2:     150672 bytes,     427672 total
- age   3:     480000 bytes,     907672 total
- age   4:     187720 bytes,    1095392 total
: 16917K->1137K(18624K), 0.0016584 secs] 39113K->23334K(83392K), 0.0017576 secs] [Times: user=0.00 sys=0.00, real=0.00 secs] 
42.384: [GC 42.384: [ParNew
Desired survivor size 1343488 bytes, new threshold 4 (max 4)
- age   1:     567888 bytes,     567888 total
- age   2:     251536 bytes,     819424 total
- age   3:     108736 bytes,     928160 total
- age   4:     330160 bytes,    1258320 total
: 17128K->1275K(18624K), 0.0018747 secs] 39325K->23655K(83392K), 0.0020081 secs] [Times: user=0.00 sys=0.00, real=0.01 secs] 
42.399: [GC 42.399: [ParNew
Desired survivor size 1343488 bytes, new threshold 4 (max 4)
- age   1:     261672 bytes,     261672 total
- age   2:     280968 bytes,     542640 total
- age   3:     251536 bytes,     794176 total
- age   4:     108736 bytes,     902912 total
: 17262K->896K(18624K), 0.0014094 secs] 39642K->23408K(83392K), 0.0015094 secs] [Times: user=0.00 sys=0.00, real=0.00 secs] 
42.412: [GC 42.413: [ParNew
Desired survivor size 1343488 bytes, new threshold 4 (max 4)
- age   1:     477840 bytes,     477840 total
- age   2:     175216 bytes,     653056 total
- age   3:     280968 bytes,     934024 total
- age   4:      13552 bytes,     947576 total
: 16896K->930K(18624K), 0.0013733 secs] 39407K->23547K(83392K), 0.0015255 secs] [Times: user=0.00 sys=0.00, real=0.00 secs] 
42.430: [GC 42.430: [ParNew
Desired survivor size 1343488 bytes, new threshold 4 (max 4)
- age   1:     405920 bytes,     405920 total
- age   2:     331464 bytes,     737384 total
- age   3:     175216 bytes,     912600 total
- age   4:     280968 bytes,    1193568 total
: 16891K->1177K(18624K), 0.0016505 secs] 39509K->23808K(83392K), 0.0017859 secs] [Times: user=0.00 sys=0.00, real=0.00 secs] 
42.444: [GC 42.444: [ParNew
Desired survivor size 1343488 bytes, new threshold 4 (max 4)
- age   1:     251440 bytes,     251440 total
- age   2:     363600 bytes,     615040 total
- age   3:     331464 bytes,     946504 total
- age   4:     175216 bytes,    1121720 total
: 17157K->1096K(18624K), 0.0022201 secs] 39788K->24001K(83392K), 0.0023121 secs] [Times: user=0.00 sys=0.00, real=0.01 secs] 
42.459: [GC 42.459: [ParNew
Desired survivor size 1343488 bytes, new threshold 4 (max 4)
- age   1:     358784 bytes,     358784 total
- age   2:     176048 bytes,     534832 total
- age   3:     153920 bytes,     688752 total
- age   4:     266544 bytes,     955296 total
: 17093K->935K(18624K), 0.0018273 secs] 39999K->24012K(83392K), 0.0019165 secs] [Times: user=0.01 sys=0.00, real=0.00 secs] 
42.473: [GC 42.473: [ParNew
Desired survivor size 1343488 bytes, new threshold 4 (max 4)
- age   1:     260312 bytes,     260312 total
- age   2:     306456 bytes,     566768 total
- age   3:     176048 bytes,     742816 total
- age   4:     153920 bytes,     896736 total
: 16868K->878K(18624K), 0.0018965 secs] 39945K->24215K(83392K), 0.0019854 secs] [Times: user=0.01 sys=0.00, real=0.01 secs] 
42.487: [GC 42.487: [ParNew
Desired survivor size 1343488 bytes, new threshold 4 (max 4)
- age   1:     396616 bytes,     396616 total
- age   2:     114304 bytes,     510920 total
- age   3:     135440 bytes,     646360 total
- age   4:     176048 bytes,     822408 total
: 16863K->804K(18624K), 0.0018403 secs] 40200K->24291K(83392K), 0.0019288 secs] [Times: user=0.01 sys=0.00, real=0.00 secs] 
42.501: [GC 42.501: [ParNew
Desired survivor size 1343488 bytes, new threshold 4 (max 4)
- age   1:     581112 bytes,     581112 total
- age   2:      91888 bytes,     673000 total
- age   3:     114304 bytes,     787304 total
- age   4:     135400 bytes,     922704 total
: 16785K->904K(18624K), 0.0014208 secs] 40272K->24563K(83392K), 0.0015119 secs] [Times: user=0.00 sys=0.00, real=0.00 secs] 
42.517: [GC 42.517: [ParNew
Desired survivor size 1343488 bytes, new threshold 4 (max 4)
- age   1:     275112 bytes,     275112 total
- age   2:     534800 bytes,     809912 total
- age   3:      44072 bytes,     853984 total
: 16868K->837K(18624K), 0.0018481 secs] 40527K->24629K(83392K), 0.0019492 secs] [Times: user=0.01 sys=0.00, real=0.00 secs] 
42.531: [GC 42.531: [ParNew
Desired survivor size 1343488 bytes, new threshold 4 (max 4)
- age   1:     738872 bytes,     738872 total
- age   2:     165152 bytes,     904024 total
- age   3:     374288 bytes,    1278312 total
- age   4:      44072 bytes,    1322384 total
: 16780K->1294K(18624K), 0.0016726 secs] 40572K->25086K(83392K), 0.0017608 secs] [Times: user=0.00 sys=0.00, real=0.00 secs] 
42.546: [GC 42.546: [ParNew
Desired survivor size 1343488 bytes, new threshold 4 (max 4)
- age   1:     528824 bytes,     528824 total
- age   2:     620656 bytes,    1149480 total
- age   3:     165152 bytes,    1314632 total
- age   4:     374288 bytes,    1688920 total
: 17258K->1651K(18624K), 0.0019868 secs] 41049K->25485K(83392K), 0.0020885 secs] [Times: user=0.00 sys=0.00, real=0.00 secs] 
42.561: [GC 42.561: [ParNew
Desired survivor size 1343488 bytes, new threshold 4 (max 4)
- age   1:     546320 bytes,     546320 total
- age   2:     487144 bytes,    1033464 total
- age   3:      74640 bytes,    1108104 total
- age   4:     165152 bytes,    1273256 total
: 17600K->1245K(18624K), 0.0020848 secs] 41434K->25445K(83392K), 0.0022041 secs] [Times: user=0.00 sys=0.00, real=0.00 secs] 
42.574: [GC 42.574: [ParNew
Desired survivor size 1343488 bytes, new threshold 4 (max 4)
- age   1:     247272 bytes,     247272 total
- age   2:     382800 bytes,     630072 total
- age   3:     487144 bytes,    1117216 total
: 17197K->1093K(18624K), 0.0018424 secs] 41397K->25454K(83392K), 0.0019432 secs] [Times: user=0.00 sys=0.00, real=0.01 secs] 
42.590: [GC 42.591: [ParNew
Desired survivor size 1343488 bytes, new threshold 4 (max 4)
- age   1:     442552 bytes,     442552 total
- age   2:      76400 bytes,     518952 total
- age   3:     382800 bytes,     901752 total
- age   4:     487144 bytes,    1388896 total
: 17066K->1358K(18624K), 0.0017704 secs] 41427K->25719K(83392K), 0.0018559 secs] [Times: user=0.01 sys=0.00, real=0.00 secs] 
42.604: [GC 42.604: [ParNew
Desired survivor size 1343488 bytes, new threshold 4 (max 4)
- age   1:     411488 bytes,     411488 total
- age   2:     282384 bytes,     693872 total
- age   3:      76400 bytes,     770272 total
- age   4:     382800 bytes,    1153072 total
: 17358K->1129K(18624K), 0.0018682 secs] 41719K->25966K(83392K), 0.0019504 secs] [Times: user=0.01 sys=0.01, real=0.01 secs] 
42.617: [GC 42.617: [ParNew
Desired survivor size 1343488 bytes, new threshold 4 (max 4)
- age   1:     332096 bytes,     332096 total
- age   2:     316256 bytes,     648352 total
- age   3:     117232 bytes,     765584 total
- age   4:      76400 bytes,     841984 total
: 17119K->825K(18624K), 0.0026667 secs] 41956K->26036K(83392K), 0.0027662 secs] [Times: user=0.00 sys=0.00, real=0.00 secs] 
42.632: [GC 42.632: [ParNew
Desired survivor size 1343488 bytes, new threshold 4 (max 4)
- age   1:     179904 bytes,     179904 total
- age   2:     286912 bytes,     466816 total
- age   3:     316256 bytes,     783072 total
- age   4:     117232 bytes,     900304 total
: 16804K->882K(18624K), 0.0013228 secs] 42015K->26093K(83392K), 0.0014183 secs] [Times: user=0.00 sys=0.00, real=0.00 secs] 
42.648: [GC 42.648: [ParNew
Desired survivor size 1343488 bytes, new threshold 4 (max 4)
- age   1:     344576 bytes,     344576 total
- age   2:     134888 bytes,     479464 total
- age   3:     286912 bytes,     766376 total
- age   4:     316256 bytes,    1082632 total
: 16838K->1060K(18624K), 0.0016245 secs] 42049K->26385K(83392K), 0.0017675 secs] [Times: user=0.01 sys=0.00, real=0.00 secs] 
42.662: [GC 42.663: [ParNew
Desired survivor size 1343488 bytes, new threshold 4 (max 4)
- age   1:     620128 bytes,     620128 total
- age   2:     276696 bytes,     896824 total
- age   3:      51168 bytes,     947992 total
: 17032K->927K(18624K), 0.0017180 secs] 42357K->26561K(83392K), 0.0018120 secs] [Times: user=0.00 sys=0.00, real=0.01 secs] 
42.676: [GC 42.676: [ParNew
Desired survivor size 1343488 bytes, new threshold 4 (max 4)
- age   1:     453336 bytes,     453336 total
- age   2:     420984 bytes,     874320 total
- age   3:     194032 bytes,    1068352 total
: 16873K->1046K(18624K), 0.0019033 secs] 42507K->26680K(83392K), 0.0019987 secs] [Times: user=0.00 sys=0.00, real=0.00 secs] 
42.691: [GC 42.691: [ParNew
Desired survivor size 1343488 bytes, new threshold 4 (max 4)
- age   1:     663248 bytes,     663248 total
- age   2:     130032 bytes,     793280 total
- age   3:     336992 bytes,    1130272 total
- age   4:     194032 bytes,    1324304 total
: 17046K->1304K(18624K), 0.0020069 secs] 42680K->26938K(83392K), 0.0022062 secs] [Times: user=0.00 sys=0.00, real=0.00 secs] 
42.704: [GC 42.704: [ParNew
Desired survivor size 1343488 bytes, new threshold 4 (max 4)
- age   1:     359368 bytes,     359368 total
- age   2:     594192 bytes,     953560 total
- age   3:      52840 bytes,    1006400 total
- age   4:     167984 bytes,    1174384 total
: 17301K->1151K(18624K), 0.0018498 secs] 42935K->26972K(83392K), 0.0025454 secs] [Times: user=0.00 sys=0.00, real=0.01 secs] 
42.718: [GC 42.718: [ParNew
Desired survivor size 1343488 bytes, new threshold 3 (max 4)
- age   1:     657728 bytes,     657728 total
- age   2:     281000 bytes,     938728 total
- age   3:     525752 bytes,    1464480 total
- age   4:      52840 bytes,    1517320 total
: 17091K->1484K(18624K), 0.0027574 secs] 42912K->27305K(83392K), 0.0028757 secs] [Times: user=0.01 sys=0.00, real=0.00 secs] 
42.733: [GC 42.733: [ParNew
Desired survivor size 1343488 bytes, new threshold 4 (max 4)
- age   1:     150528 bytes,     150528 total
- age   2:     512592 bytes,     663120 total
- age   3:     153424 bytes,     816544 total
: 17464K->800K(18624K), 0.0018059 secs] 43285K->27186K(83392K), 0.0019133 secs] [Times: user=0.00 sys=0.00, real=0.01 secs] 
42.747: [GC 42.747: [ParNew
Desired survivor size 1343488 bytes, new threshold 4 (max 4)
- age   1:     668912 bytes,     668912 total
- age   2:      68112 bytes,     737024 total
- age   3:     352888 bytes,    1089912 total
- age   4:     153424 bytes,    1243336 total
: 16768K->1216K(18624K), 0.0015353 secs] 43154K->27602K(83392K), 0.0016238 secs] [Times: user=0.00 sys=0.00, real=0.00 secs] 
42.760: [GC 42.760: [ParNew
Desired survivor size 1343488 bytes, new threshold 4 (max 4)
- age   1:     280448 bytes,     280448 total
- age   2:     273560 bytes,     554008 total
- age   3:      68112 bytes,     622120 total
- age   4:     352888 bytes,     975008 total
: 17191K->955K(18624K), 0.0018133 secs] 43577K->27491K(83392K), 0.0019190 secs] [Times: user=0.00 sys=0.00, real=0.00 secs] 
42.774: [GC 42.774: [ParNew
Desired survivor size 1343488 bytes, new threshold 4 (max 4)
- age   1:    1109000 bytes,    1109000 total
- age   3:     210104 bytes,    1319104 total
: 16953K->1291K(18624K), 0.0019785 secs] 43489K->28172K(83392K), 0.0020753 secs] [Times: user=0.01 sys=0.00, real=0.00 secs] 
42.788: [GC 42.788: [ParNew
Desired survivor size 1343488 bytes, new threshold 4 (max 4)
- age   1:     564120 bytes,     564120 total
- age   2:     294968 bytes,     859088 total
- age   4:     210104 bytes,    1069192 total
: 17264K->1047K(18624K), 0.0016948 secs] 44144K->27928K(83392K), 0.0017966 secs] [Times: user=0.00 sys=0.00, real=0.00 secs] 
42.801: [GC 42.802: [ParNew
Desired survivor size 1343488 bytes, new threshold 4 (max 4)
- age   1:     714552 bytes,     714552 total
- age   2:     280952 bytes,     995504 total
- age   3:     241800 bytes,    1237304 total
: 16991K->1211K(18624K), 0.0018956 secs] 43872K->28297K(83392K), 0.0021188 secs] [Times: user=0.00 sys=0.00, real=0.00 secs] 
42.816: [GC 42.816: [ParNew
Desired survivor size 1343488 bytes, new threshold 4 (max 4)
- age   1:     491408 bytes,     491408 total
- age   2:     163184 bytes,     654592 total
- age   3:     115576 bytes,     770168 total
- age   4:     241800 bytes,    1011968 total
: 17185K->991K(18624K), 0.0022292 secs] 44271K->28077K(83392K), 0.0023274 secs] [Times: user=0.00 sys=0.00, real=0.00 secs] 
42.836: [GC 42.836: [ParNew
Desired survivor size 1343488 bytes, new threshold 2 (max 4)
- age   1:    1224232 bytes,    1224232 total
- age   2:     238904 bytes,    1463136 total
- age   4:     115576 bytes,    1578712 total
: 16939K->1544K(18624K), 0.0036968 secs] 44025K->28866K(83392K), 0.0037922 secs] [Times: user=0.01 sys=0.00, real=0.00 secs] 
42.857: [GC 42.857: [ParNew
Desired survivor size 1343488 bytes, new threshold 4 (max 4)
- age   1:     276544 bytes,     276544 total
- age   2:     848064 bytes,    1124608 total
: 17422K->1100K(18624K), 0.0059000 secs] 44744K->28768K(83392K), 0.0060006 secs] [Times: user=0.00 sys=0.00, real=0.00 secs] 
42.879: [GC 42.879: [ParNew
Desired survivor size 1343488 bytes, new threshold 4 (max 4)
- age   1:     386112 bytes,     386112 total
- age   2:     204920 bytes,     591032 total
- age   3:     458608 bytes,    1049640 total
: 17033K->1030K(18624K), 0.0025488 secs] 44701K->28698K(83392K), 0.0026502 secs] [Times: user=0.00 sys=0.00, real=0.00 secs] 
42.900: [GC 42.900: [ParNew
Desired survivor size 1343488 bytes, new threshold 4 (max 4)
- age   1:     378536 bytes,     378536 total
- age   2:     213232 bytes,     591768 total
- age   3:       8344 bytes,     600112 total
- age   4:     347344 bytes,     947456 total
: 17022K->932K(18624K), 0.0032022 secs] 44690K->28601K(83392K), 0.0032963 secs] [Times: user=0.01 sys=0.00, real=0.00 secs] 
42.928: [GC 42.928: [ParNew
Desired survivor size 1343488 bytes, new threshold 4 (max 4)
- age   1:     109040 bytes,     109040 total
- age   2:     312392 bytes,     421432 total
- age   3:     213232 bytes,     634664 total
- age   4:       8344 bytes,     643008 total
: 16922K->629K(18624K), 0.0030021 secs] 44591K->28636K(83392K), 0.0030934 secs] [Times: user=0.00 sys=0.00, real=0.00 secs] 
42.946: [GC 42.946: [ParNew
Desired survivor size 1343488 bytes, new threshold 4 (max 4)
- age   1:     113968 bytes,     113968 total
- age   2:      15816 bytes,     129784 total
- age   3:     256368 bytes,     386152 total
- age   4:     213232 bytes,     599384 total
: 16629K->593K(18624K), 0.0014063 secs] 44636K->28608K(83392K), 0.0015068 secs] [Times: user=0.00 sys=0.00, real=0.00 secs] 
42.964: [GC 42.964: [ParNew
Desired survivor size 1343488 bytes, new threshold 4 (max 4)
- age   1:     230088 bytes,     230088 total
- age   2:      62168 bytes,     292256 total
- age   3:      15816 bytes,     308072 total
- age   4:       2112 bytes,     310184 total
: 16588K->312K(18624K), 0.0017398 secs] 44603K->28535K(83392K), 0.0018169 secs] [Times: user=0.00 sys=0.00, real=0.01 secs] 
42.981: [GC 42.981: [ParNew
Desired survivor size 1343488 bytes, new threshold 4 (max 4)
- age   1:     576680 bytes,     576680 total
- age   2:     170752 bytes,     747432 total
- age   3:      62168 bytes,     809600 total
- age   4:      15816 bytes,     825416 total
: 16248K->807K(18624K), 0.0021274 secs] 44471K->29033K(83392K), 0.0022234 secs] [Times: user=0.00 sys=0.00, real=0.00 secs] 
43.010: [GC 43.010: [ParNew
Desired survivor size 1343488 bytes, new threshold 4 (max 4)
- age   1:      91816 bytes,      91816 total
- age   2:     420992 bytes,     512808 total
- age   4:      61760 bytes,     574568 total
: 16760K->568K(18624K), 0.0021267 secs] 44985K->28808K(83392K), 0.0022109 secs] [Times: user=0.00 sys=0.00, real=0.00 secs] 
43.032: [GC 43.032: [ParNew
Desired survivor size 1343488 bytes, new threshold 4 (max 4)
- age   1:     210008 bytes,     210008 total
- age   2:       9360 bytes,     219368 total
- age   3:     420992 bytes,     640360 total
: 16558K->628K(18624K), 0.0015991 secs] 44799K->28929K(83392K), 0.0017570 secs] [Times: user=0.00 sys=0.00, real=0.00 secs] 
43.046: [GC 43.046: [ParNew
Desired survivor size 1343488 bytes, new threshold 4 (max 4)
- age   1:     327232 bytes,     327232 total
- age   2:     185392 bytes,     512624 total
- age   3:       6144 bytes,     518768 total
- age   4:     420992 bytes,     939760 total
: 16611K->921K(18624K), 0.0013877 secs] 44912K->29222K(83392K), 0.0014870 secs] [Times: user=0.00 sys=0.00, real=0.00 secs] 
43.062: [GC 43.062: [ParNew
Desired survivor size 1343488 bytes, new threshold 4 (max 4)
- age   1:     235160 bytes,     235160 total
- age   2:     257024 bytes,     492184 total
- age   3:      12608 bytes,     504792 total
- age   4:       5400 bytes,     510192 total
: 16908K->516K(18624K), 0.0016536 secs] 45209K->29228K(83392K), 0.0017423 secs] [Times: user=0.01 sys=0.00, real=0.00 secs] 
43.075: [GC 43.075: [ParNew
Desired survivor size 1343488 bytes, new threshold 4 (max 4)
- age   1:     106856 bytes,     106856 total
- age   2:     173624 bytes,     280480 total
- age   3:     257024 bytes,     537504 total
- age   4:      12608 bytes,     550112 total
: 16509K->540K(18624K), 0.0016798 secs] 45221K->29257K(83392K), 0.0017698 secs] [Times: user=0.01 sys=0.00, real=0.00 secs] 
43.088: [GC 43.088: [ParNew
Desired survivor size 1343488 bytes, new threshold 4 (max 4)
- age   1:     660920 bytes,     660920 total
- age   2:      44120 bytes,     705040 total
- age   3:     173624 bytes,     878664 total
- age   4:     257024 bytes,    1135688 total
: 16515K->1118K(18624K), 0.0017089 secs] 45233K->29848K(83392K), 0.0018034 secs] [Times: user=0.01 sys=0.00, real=0.00 secs] 
43.102: [GC 43.102: [ParNew
Desired survivor size 1343488 bytes, new threshold 4 (max 4)
- age   1:     730624 bytes,     730624 total
- age   2:     343656 bytes,    1074280 total
- age   3:      44120 bytes,    1118400 total
- age   4:     173624 bytes,    1292024 total
: 17065K->1267K(18624K), 0.0019134 secs] 45795K->30247K(83392K), 0.0020202 secs] [Times: user=0.00 sys=0.00, real=0.01 secs] 
43.117: [GC 43.117: [ParNew
Desired survivor size 1343488 bytes, new threshold 3 (max 4)
- age   1:     636408 bytes,     636408 total
- age   2:     528392 bytes,    1164800 total
- age   3:     226784 bytes,    1391584 total
- age   4:      44120 bytes,    1435704 total
: 17232K->1405K(18624K), 0.0027009 secs] 46212K->30555K(83392K), 0.0028034 secs] [Times: user=0.00 sys=0.00, real=0.00 secs] 
43.132: [GC 43.132: [ParNew
Desired survivor size 1343488 bytes, new threshold 4 (max 4)
- age   1:     570760 bytes,     570760 total
- age   2:     551872 bytes,    1122632 total
- age   3:     213720 bytes,    1336352 total
: 17369K->1308K(18624K), 0.0019423 secs] 46519K->30723K(83392K), 0.0020901 secs] [Times: user=0.00 sys=0.00, real=0.00 secs] 
43.147: [GC 43.148: [ParNew
Desired survivor size 1343488 bytes, new threshold 4 (max 4)
- age   1:     194712 bytes,     194712 total
- age   2:     322800 bytes,     517512 total
- age   3:     257768 bytes,     775280 total
- age   4:     213720 bytes,     989000 total
: 17273K->966K(18624K), 0.0028339 secs] 46687K->30381K(83392K), 0.0029253 secs] [Times: user=0.01 sys=0.00, real=0.00 secs] 
43.167: [GC 43.167: [ParNew
Desired survivor size 1343488 bytes, new threshold 4 (max 4)
- age   1:     399728 bytes,     399728 total
- age   2:     130568 bytes,     530296 total
- age   3:     160496 bytes,     690792 total
- age   4:     257768 bytes,     948560 total
: 16937K->928K(18624K), 0.0025666 secs] 46352K->30551K(83392K), 0.0026532 secs] [Times: user=0.00 sys=0.00, real=0.00 secs] 
43.183: [GC 43.183: [ParNew
Desired survivor size 1343488 bytes, new threshold 4 (max 4)
- age   1:     180304 bytes,     180304 total
- age   2:     244976 bytes,     425280 total
- age   3:     130568 bytes,     555848 total
- age   4:     160496 bytes,     716344 total
: 16928K->702K(18624K), 0.0016097 secs] 46551K->30577K(83392K), 0.0017129 secs] [Times: user=0.01 sys=0.00, real=0.01 secs] 
43.197: [GC 43.197: [ParNew
Desired survivor size 1343488 bytes, new threshold 4 (max 4)
- age   1:     426456 bytes,     426456 total
- age   2:      22592 bytes,     449048 total
- age   3:     244976 bytes,     694024 total
- age   4:     130568 bytes,     824592 total
: 16702K->824K(18624K), 0.0016767 secs] 46577K->30856K(83392K), 0.0017653 secs] [Times: user=0.00 sys=0.00, real=0.00 secs] 
43.210: [GC 43.210: [ParNew
Desired survivor size 1343488 bytes, new threshold 4 (max 4)
- age   1:     604856 bytes,     604856 total
- age   2:     121888 bytes,     726744 total
- age   3:      22592 bytes,     749336 total
- age   4:     244976 bytes,     994312 total
: 16805K->995K(18624K), 0.0017772 secs] 46837K->31155K(83392K), 0.0018765 secs] [Times: user=0.00 sys=0.00, real=0.00 secs] 
43.224: [GC 43.225: [ParNew
Desired survivor size 1343488 bytes, new threshold 4 (max 4)
- age   1:     434672 bytes,     434672 total
- age   2:     321880 bytes,     756552 total
- age   3:      93288 bytes,     849840 total
- age   4:      22592 bytes,     872432 total
: 16994K->888K(18624K), 0.0020831 secs] 47153K->31286K(83392K), 0.0021987 secs] [Times: user=0.01 sys=0.00, real=0.00 secs] 
43.242: [GC 43.242: [ParNew
Desired survivor size 1343488 bytes, new threshold 4 (max 4)
- age   1:     173032 bytes,     173032 total
- age   2:     141256 bytes,     314288 total
- age   3:     321880 bytes,     636168 total
- age   4:      93288 bytes,     729456 total
: 16872K->723K(18624K), 0.0016895 secs] 47271K->31144K(83392K), 0.0017702 secs] [Times: user=0.01 sys=0.00, real=0.00 secs] 
43.254: [GC 43.255: [ParNew
Desired survivor size 1343488 bytes, new threshold 4 (max 4)
- age   1:     300992 bytes,     300992 total
- age   2:      94216 bytes,     395208 total
- age   3:      65872 bytes,     461080 total
- age   4:     321880 bytes,     782960 total
: 16679K->773K(18624K), 0.0016886 secs] 47100K->31285K(83392K), 0.0017917 secs] [Times: user=0.00 sys=0.00, real=0.00 secs] 
43.268: [GC 43.268: [ParNew
Desired survivor size 1343488 bytes, new threshold 4 (max 4)
- age   1:     704696 bytes,     704696 total
- age   2:     149984 bytes,     854680 total
- age   3:      94216 bytes,     948896 total
- age   4:       5584 bytes,     954480 total
: 16737K->932K(18624K), 0.0019935 secs] 47249K->31759K(83392K), 0.0020992 secs] [Times: user=0.00 sys=0.00, real=0.00 secs] 
43.283: [GC 43.283: [ParNew
Desired survivor size 1343488 bytes, new threshold 4 (max 4)
- age   1:     323520 bytes,     323520 total
- age   2:     623776 bytes,     947296 total
- age   3:     149984 bytes,    1097280 total
- age   4:      25640 bytes,    1122920 total
: 16922K->1102K(18624K), 0.0019574 secs] 47749K->31934K(83392K), 0.0021604 secs] [Times: user=0.00 sys=0.00, real=0.01 secs] 
43.296: [GC 43.296: [ParNew
Desired survivor size 1343488 bytes, new threshold 4 (max 4)
- age   1:     255768 bytes,     255768 total
- age   2:     171752 bytes,     427520 total
- age   3:     309080 bytes,     736600 total
- age   4:     149984 bytes,     886584 total
: 17101K->873K(18624K), 0.0021455 secs] 47932K->31730K(83392K), 0.0022641 secs] [Times: user=0.00 sys=0.00, real=0.00 secs] 
43.309: [GC 43.309: [ParNew
Desired survivor size 1343488 bytes, new threshold 3 (max 4)
- age   1:    1095312 bytes,    1095312 total
- age   2:      97968 bytes,    1193280 total
- age   3:     171752 bytes,    1365032 total
- age   4:     129000 bytes,    1494032 total
: 16809K->1464K(18624K), 0.0021235 secs] 47666K->32467K(83392K), 0.0022193 secs] [Times: user=0.00 sys=0.00, real=0.00 secs] 
43.326: [GC 43.326: [ParNew
Desired survivor size 1343488 bytes, new threshold 4 (max 4)
- age   1:     483712 bytes,     483712 total
- age   2:     462824 bytes,     946536 total
: 17458K->932K(18624K), 0.0016911 secs] 48461K->32227K(83392K), 0.0017783 secs] [Times: user=0.01 sys=0.00, real=0.00 secs] 
43.339: [GC 43.339: [ParNew
Desired survivor size 1343488 bytes, new threshold 4 (max 4)
- age   1:     293536 bytes,     293536 total
- age   2:     115296 bytes,     408832 total
- age   3:     326664 bytes,     735496 total
: 16931K->720K(18624K), 0.0015683 secs] 48226K->32016K(83392K), 0.0017070 secs] [Times: user=0.00 sys=0.00, real=0.00 secs] 
43.351: [GC 43.351: [ParNew
Desired survivor size 1343488 bytes, new threshold 4 (max 4)
- age   1:     419296 bytes,     419296 total
- age   2:     133000 bytes,     552296 total
- age   3:     115296 bytes,     667592 total
- age   4:     326664 bytes,     994256 total
: 16689K->976K(18624K), 0.0015363 secs] 47984K->32272K(83392K), 0.0016306 secs] [Times: user=0.00 sys=0.00, real=0.00 secs] 
43.364: [GC 43.364: [ParNew
Desired survivor size 1343488 bytes, new threshold 4 (max 4)
- age   1:     723096 bytes,     723096 total
- age   2:     334384 bytes,    1057480 total
- age   3:     133000 bytes,    1190480 total
- age   4:     115296 bytes,    1305776 total
: 16956K->1276K(18624K), 0.0027236 secs] 48252K->32891K(83392K), 0.0028269 secs] [Times: user=0.00 sys=0.01, real=0.01 secs] 
43.381: [GC 43.381: [ParNew
Desired survivor size 1343488 bytes, new threshold 4 (max 4)
- age   1:     194936 bytes,     194936 total
- age   2:     471616 bytes,     666552 total
- age   3:     244032 bytes,     910584 total
- age   4:     133000 bytes,    1043584 total
: 17248K->1021K(18624K), 0.0016292 secs] 48862K->32748K(83392K), 0.0017173 secs] [Times: user=0.00 sys=0.00, real=0.00 secs] 
43.396: [GC 43.396: [ParNew
Desired survivor size 1343488 bytes, new threshold 4 (max 4)
- age   1:     239408 bytes,     239408 total
- age   2:      59544 bytes,     298952 total
- age   3:     471616 bytes,     770568 total
- age   4:     244032 bytes,    1014600 total
: 17020K->993K(18624K), 0.0017533 secs] 48747K->32828K(83392K), 0.0018513 secs] [Times: user=0.00 sys=0.00, real=0.00 secs] 
43.409: [GC 43.409: [ParNew
Desired survivor size 1343488 bytes, new threshold 4 (max 4)
- age   1:     704720 bytes,     704720 total
- age   2:     213216 bytes,     917936 total
- age   3:      59544 bytes,     977480 total
- age   4:     471616 bytes,    1449096 total
: 16988K->1417K(18624K), 0.0022454 secs] 48823K->33491K(83392K), 0.0023515 secs] [Times: user=0.00 sys=0.00, real=0.00 secs] 
43.424: [GC 43.424: [ParNew
Desired survivor size 1343488 bytes, new threshold 3 (max 4)
- age   1:     540616 bytes,     540616 total
- age   2:     675728 bytes,    1216344 total
- age   3:     154944 bytes,    1371288 total
- age   4:      59544 bytes,    1430832 total
: 17393K->1401K(18624K), 0.0023557 secs] 49466K->33935K(83392K), 0.0024526 secs] [Times: user=0.00 sys=0.00, real=0.01 secs] 
43.439: [GC 43.439: [ParNew
Desired survivor size 1343488 bytes, new threshold 3 (max 4)
- age   1:     649896 bytes,     649896 total
- age   2:     371584 bytes,    1021480 total
- age   3:     408544 bytes,    1430024 total
: 17400K->1406K(18624K), 0.0017719 secs] 49934K->34065K(83392K), 0.0018622 secs] [Times: user=0.01 sys=0.00, real=0.00 secs] 
43.452: [GC 43.452: [ParNew
Desired survivor size 1343488 bytes, new threshold 3 (max 4)
- age   1:     643480 bytes,     643480 total
- age   2:     536328 bytes,    1179808 total
- age   3:     371584 bytes,    1551392 total
: 17328K->1518K(18624K), 0.0023214 secs] 49987K->34536K(83392K), 0.0024290 secs] [Times: user=0.00 sys=0.00, real=0.01 secs] 
43.466: [GC 43.466: [ParNew
Desired survivor size 1343488 bytes, new threshold 4 (max 4)
- age   1:     540104 bytes,     540104 total
- age   2:     559456 bytes,    1099560 total
- age   3:     106640 bytes,    1206200 total
: 17507K->1181K(18624K), 0.0020731 secs] 50525K->34562K(83392K), 0.0021806 secs] [Times: user=0.00 sys=0.00, real=0.00 secs] 
43.481: [GC 43.481: [ParNew
Desired survivor size 1343488 bytes, new threshold 4 (max 4)
- age   1:     403368 bytes,     403368 total
- age   2:     307272 bytes,     710640 total
- age   3:     559456 bytes,    1270096 total
- age   4:      79624 bytes,    1349720 total
: 17157K->1321K(18624K), 0.0020396 secs] 50537K->34702K(83392K), 0.0021584 secs] [Times: user=0.00 sys=0.00, real=0.00 secs] 
43.494: [GC 43.494: [ParNew
Desired survivor size 1343488 bytes, new threshold 4 (max 4)
- age   1:     542912 bytes,     542912 total
- age   2:     339208 bytes,     882120 total
- age   3:     134464 bytes,    1016584 total
- age   4:     559456 bytes,    1576040 total
: 17268K->1542K(18624K), 0.0018905 secs] 50648K->34922K(83392K), 0.0020489 secs] [Times: user=0.01 sys=0.00, real=0.00 secs] 
43.514: [GC 43.514: [ParNew
Desired survivor size 1343488 bytes, new threshold 4 (max 4)
- age   1:     375632 bytes,     375632 total
- age   2:     295888 bytes,     671520 total
- age   3:     339208 bytes,    1010728 total
- age   4:     134464 bytes,    1145192 total
: 17528K->1121K(18624K), 0.0017408 secs] 50908K->34741K(83392K), 0.0018306 secs] [Times: user=0.00 sys=0.00, real=0.01 secs] 
43.529: [GC 43.529: [ParNew
Desired survivor size 1343488 bytes, new threshold 4 (max 4)
- age   1:     293368 bytes,     293368 total
- age   2:      27968 bytes,     321336 total
- age   3:     295888 bytes,     617224 total
- age   4:     339208 bytes,     956432 total
: 17118K->937K(18624K), 0.0014420 secs] 50738K->34688K(83392K), 0.0015302 secs] [Times: user=0.00 sys=0.00, real=0.00 secs] 
43.546: [GC 43.547: [ParNew
Desired survivor size 1343488 bytes, new threshold 4 (max 4)
- age   1:     354064 bytes,     354064 total
- age   2:        520 bytes,     354584 total
- age   3:       3080 bytes,     357664 total
- age   4:     295888 bytes,     653552 total
: 16893K->640K(18624K), 0.0016393 secs] 50645K->34722K(83392K), 0.0017479 secs] [Times: user=0.01 sys=0.00, real=0.00 secs] 
43.565: [GC 43.565: [ParNew
Desired survivor size 1343488 bytes, new threshold 4 (max 4)
- age   1:     104712 bytes,     104712 total
- age   2:     193640 bytes,     298352 total
- age   3:        520 bytes,     298872 total
- age   4:       2968 bytes,     301840 total
: 16637K->299K(18624K), 0.0014325 secs] 50719K->34671K(83392K), 0.0015144 secs] [Times: user=0.00 sys=0.00, real=0.00 secs] 
43.579: [GC 43.579: [ParNew
Desired survivor size 1343488 bytes, new threshold 4 (max 4)
- age   1:     197368 bytes,     197368 total
- age   2:      37608 bytes,     234976 total
- age   3:     152552 bytes,     387528 total
- age   4:        520 bytes,     388048 total
: 16295K->390K(18624K), 0.0011838 secs] 50666K->34764K(83392K), 0.0012654 secs] [Times: user=0.00 sys=0.00, real=0.00 secs] 
43.593: [GC 43.594: [ParNew
Desired survivor size 1343488 bytes, new threshold 1 (max 4)
- age   1:    1634672 bytes,    1634672 total
- age   2:      67448 bytes,    1702120 total
- age   3:      37608 bytes,    1739728 total
- age   4:     152552 bytes,    1892280 total
: 16361K->1865K(18624K), 0.0022246 secs] 50736K->36240K(83392K), 0.0023229 secs] [Times: user=0.01 sys=0.00, real=0.01 secs] 
43.607: [GC 43.607: [ParNew
Desired survivor size 1343488 bytes, new threshold 4 (max 4)
- age   1:     209840 bytes,     209840 total
: 17845K->235K(18624K), 0.0023845 secs] 52220K->36274K(83392K), 0.0024710 secs] [Times: user=0.01 sys=0.00, real=0.00 secs] 
43.611: [GC [1 CMS-initial-mark: 36038K(64768K)] 37169K(83392K), 0.0007747 secs] [Times: user=0.00 sys=0.00, real=0.00 secs] 
43.612: [CMS-concurrent-mark-start]
43.626: [GC 43.626: [ParNew
Desired survivor size 1343488 bytes, new threshold 4 (max 4)
- age   1:     648144 bytes,     648144 total
- age   2:     117488 bytes,     765632 total
: 16235K->752K(18624K), 0.0017183 secs] 52274K->36790K(83392K), 0.0018124 secs] [Times: user=0.00 sys=0.00, real=0.00 secs] 
43.642: [GC 43.642: [ParNew
Desired survivor size 1343488 bytes, new threshold 4 (max 4)
- age   1:     301184 bytes,     301184 total
- age   2:     370632 bytes,     671816 total
- age   3:     117400 bytes,     789216 total
: 16744K->772K(18624K), 0.0013279 secs] 52782K->36810K(83392K), 0.0014153 secs] [Times: user=0.00 sys=0.00, real=0.00 secs] 
43.662: [GC 43.662: [ParNew
Desired survivor size 1343488 bytes, new threshold 4 (max 4)
- age   1:     547968 bytes,     547968 total
- age   2:     187840 bytes,     735808 total
- age   3:     370632 bytes,    1106440 total
- age   4:        344 bytes,    1106784 total
: 16767K->1082K(18624K), 0.0014887 secs] 52806K->37120K(83392K), 0.0016297 secs] [Times: user=0.01 sys=0.01, real=0.00 secs] 
43.678: [GC 43.678: [ParNew
Desired survivor size 1343488 bytes, new threshold 4 (max 4)
- age   1:     141312 bytes,     141312 total
- age   2:     496800 bytes,     638112 total
- age   3:     132736 bytes,     770848 total
- age   4:     370632 bytes,    1141480 total
: 17033K->1116K(18624K), 0.0015970 secs] 53072K->37155K(83392K), 0.0018167 secs] [Times: user=0.00 sys=0.00, real=0.00 secs] 
43.697: [CMS-concurrent-mark: 0.071/0.084 secs] [Times: user=0.13 sys=0.01, real=0.09 secs] 
43.697: [CMS-concurrent-preclean-start]
43.697: [CMS-concurrent-preclean: 0.001/0.001 secs] [Times: user=0.00 sys=0.00, real=0.00 secs] 
43.697: [CMS-concurrent-abortable-preclean-start]
43.699: [GC 43.699: [ParNew
Desired survivor size 1343488 bytes, new threshold 4 (max 4)
- age   1:      97040 bytes,      97040 total
- age   2:     114304 bytes,     211344 total
- age   3:     496800 bytes,     708144 total
- age   4:      85064 bytes,     793208 total
: 17057K->776K(18624K), 0.0019127 secs] 53096K->37177K(83392K), 0.0020180 secs] [Times: user=0.01 sys=0.00, real=0.00 secs] 
43.716: [GC 43.716: [ParNew
Desired survivor size 1343488 bytes, new threshold 4 (max 4)
- age   1:     751080 bytes,     751080 total
- age   2:      10368 bytes,     761448 total
- age   3:     114304 bytes,     875752 total
- age   4:     496800 bytes,    1372552 total
: 16768K->1343K(18624K), 0.0022375 secs] 53168K->37826K(83392K), 0.0023574 secs] [Times: user=0.00 sys=0.00, real=0.00 secs] 
43.730: [GC 43.730: [ParNew
Desired survivor size 1343488 bytes, new threshold 4 (max 4)
- age   1:     220448 bytes,     220448 total
- age   2:     703272 bytes,     923720 total
- age   3:       8248 bytes,     931968 total
: 17293K->920K(18624K), 0.0024000 secs] 53776K->37824K(83392K), 0.0025555 secs] [Times: user=0.00 sys=0.00, real=0.00 secs] 
43.747: [GC 43.747: [ParNew
Desired survivor size 1343488 bytes, new threshold 3 (max 4)
- age   1:     612440 bytes,     612440 total
- age   2:      92680 bytes,     705120 total
- age   3:     703272 bytes,    1408392 total
- age   4:       8248 bytes,    1416640 total
: 16872K->1390K(18624K), 0.0024239 secs] 53776K->38294K(83392K), 0.0025426 secs] [Times: user=0.00 sys=0.00, real=0.00 secs] 
43.763: [GC 43.763: [ParNew
Desired survivor size 1343488 bytes, new threshold 4 (max 4)
- age   1:     356312 bytes,     356312 total
- age   2:     551688 bytes,     908000 total
- age   3:       2464 bytes,     910464 total
: 17377K->899K(18624K), 0.0021092 secs] 54281K->38496K(83392K), 0.0022058 secs] [Times: user=0.01 sys=0.00, real=0.01 secs] 
43.778: [GC 43.779: [ParNew
Desired survivor size 1343488 bytes, new threshold 4 (max 4)
- age   1:     188896 bytes,     188896 total
- age   2:     340584 bytes,     529480 total
- age   3:     550984 bytes,    1080464 total
- age   4:       2464 bytes,    1082928 total
: 16897K->1063K(18624K), 0.0022109 secs] 54494K->38661K(83392K), 0.0023306 secs] [Times: user=0.00 sys=0.00, real=0.00 secs] 
43.792: [GC 43.792: [ParNew
Desired survivor size 1343488 bytes, new threshold 4 (max 4)
- age   1:     238000 bytes,     238000 total
- age   2:      83280 bytes,     321280 total
- age   3:     340584 bytes,     661864 total
- age   4:     550984 bytes,    1212848 total
: 17007K->1190K(18624K), 0.0023490 secs] 54604K->38790K(83392K), 0.0024505 secs] [Times: user=0.00 sys=0.00, real=0.01 secs] 
43.807: [GC 43.807: [ParNew
Desired survivor size 1343488 bytes, new threshold 4 (max 4)
- age   1:     273440 bytes,     273440 total
- age   2:     172712 bytes,     446152 total
- age   3:      83280 bytes,     529432 total
- age   4:     229312 bytes,     758744 total
: 17189K->746K(18624K), 0.0019005 secs] 54789K->38883K(83392K), 0.0019782 secs] [Times: user=0.01 sys=0.00, real=0.00 secs] 
43.821: [GC 43.821: [ParNew
Desired survivor size 1343488 bytes, new threshold 4 (max 4)
- age   1:     262224 bytes,     262224 total
- age   2:      90040 bytes,     352264 total
- age   3:     172712 bytes,     524976 total
- age   4:      83280 bytes,     608256 total
: 16641K->605K(18624K), 0.0016716 secs] 54779K->38966K(83392K), 0.0018058 secs] [Times: user=0.00 sys=0.00, real=0.00 secs] 
43.834: [GC 43.834: [ParNew
Desired survivor size 1343488 bytes, new threshold 4 (max 4)
- age   1:     529288 bytes,     529288 total
- age   3:      90040 bytes,     619328 total
- age   4:     172712 bytes,     792040 total
: 16522K->779K(18624K), 0.0014602 secs] 54884K->39222K(83392K), 0.0015436 secs] [Times: user=0.00 sys=0.00, real=0.01 secs] 
43.850: [GC 43.850: [ParNew
Desired survivor size 1343488 bytes, new threshold 4 (max 4)
- age   1:     223112 bytes,     223112 total
- age   2:     476264 bytes,     699376 total
: 16779K->686K(18624K), 0.0015515 secs] 55222K->39185K(83392K), 0.0016419 secs] [Times: user=0.00 sys=0.00, real=0.00 secs] 
43.864: [GC 43.865: [ParNew
Desired survivor size 1343488 bytes, new threshold 4 (max 4)
- age   1:     506728 bytes,     506728 total
- age   2:     223112 bytes,     729840 total
- age   3:     157648 bytes,     887488 total
: 16651K->872K(18624K), 0.0015610 secs] 55150K->39372K(83392K), 0.0016616 secs] [Times: user=0.00 sys=0.00, real=0.00 secs] 
43.878: [GC 43.878: [ParNew
Desired survivor size 1343488 bytes, new threshold 4 (max 4)
- age   1:     377384 bytes,     377384 total
- age   2:     307608 bytes,     684992 total
- age   3:     223112 bytes,     908104 total
- age   4:     157648 bytes,    1065752 total
: 16776K->1054K(18624K), 0.0016265 secs] 55276K->39554K(83392K), 0.0017174 secs] [Times: user=0.00 sys=0.00, real=0.00 secs] 
43.891: [GC 43.892: [ParNew
Desired survivor size 1343488 bytes, new threshold 4 (max 4)
- age   1:     411632 bytes,     411632 total
- age   2:      75928 bytes,     487560 total
- age   3:     307608 bytes,     795168 total
- age   4:     223112 bytes,    1018280 total
: 17041K->1003K(18624K), 0.0017933 secs] 55540K->39656K(83392K), 0.0018989 secs] [Times: user=0.01 sys=0.00, real=0.00 secs] 
43.906: [GC 43.906: [ParNew
Desired survivor size 1343488 bytes, new threshold 4 (max 4)
- age   1:     517728 bytes,     517728 total
- age   2:      25032 bytes,     542760 total
- age   3:      75928 bytes,     618688 total
- age   4:     307608 bytes,     926296 total
: 16980K->920K(18624K), 0.0020301 secs] 55633K->39767K(83392K), 0.0021296 secs] [Times: user=0.00 sys=0.00, real=0.00 secs] 
43.919: [GC 43.919: [ParNew
Desired survivor size 1343488 bytes, new threshold 4 (max 4)
- age   1:     289112 bytes,     289112 total
- age   2:     217640 bytes,     506752 total
- age   3:      25032 bytes,     531784 total
- age   4:      75928 bytes,     607712 total
: 16912K->597K(18624K), 0.0024438 secs] 55759K->39744K(83392K), 0.0025896 secs] [Times: user=0.00 sys=0.00, real=0.00 secs] 
43.934: [GC 43.934: [ParNew
Desired survivor size 1343488 bytes, new threshold 4 (max 4)
- age   1:     605112 bytes,     605112 total
- age   2:         72 bytes,     605184 total
- age   3:     217640 bytes,     822824 total
- age   4:      25032 bytes,     847856 total
: 16545K->829K(18624K), 0.0016613 secs] 55691K->40050K(83392K), 0.0017459 secs] [Times: user=0.00 sys=0.00, real=0.01 secs] 
43.947: [GC 43.947: [ParNew
Desired survivor size 1343488 bytes, new threshold 4 (max 4)
- age   1:     272808 bytes,     272808 total
- age   2:     299440 bytes,     572248 total
- age   3:         40 bytes,     572288 total
- age   4:     217640 bytes,     789928 total
: 16821K->775K(18624K), 0.0015440 secs] 56043K->40020K(83392K), 0.0016335 secs] [Times: user=0.00 sys=0.00, real=0.00 secs] 
43.960: [GC 43.960: [ParNew
Desired survivor size 1343488 bytes, new threshold 4 (max 4)
- age   1:     127320 bytes,     127320 total
- age   2:     113608 bytes,     240928 total
- age   3:     299440 bytes,     540368 total
- age   4:         40 bytes,     540408 total
: 16744K->531K(18624K), 0.0015504 secs] 55990K->39989K(83392K), 0.0016579 secs] [Times: user=0.01 sys=0.00, real=0.00 secs] 
43.973: [GC 43.973: [ParNew
Desired survivor size 1343488 bytes, new threshold 4 (max 4)
- age   1:     149192 bytes,     149192 total
- age   2:     103168 bytes,     252360 total
- age   3:     113568 bytes,     365928 total
- age   4:      66264 bytes,     432192 total
: 16523K->423K(18624K), 0.0018303 secs] 55981K->39881K(83392K), 0.0019892 secs] [Times: user=0.01 sys=0.00, real=0.01 secs] 
43.986: [GC 43.986: [ParNew
Desired survivor size 1343488 bytes, new threshold 4 (max 4)
- age   1:     467304 bytes,     467304 total
- age   2:      73856 bytes,     541160 total
- age   3:     103168 bytes,     644328 total
- age   4:      31864 bytes,     676192 total
: 16416K->663K(18624K), 0.0013573 secs] 55874K->40186K(83392K), 0.0014482 secs] [Times: user=0.00 sys=0.00, real=0.00 secs] 
43.998: [GC 43.998: [ParNew
Desired survivor size 1343488 bytes, new threshold 4 (max 4)
- age   1:      83680 bytes,      83680 total
- age   2:     422384 bytes,     506064 total
- age   3:      25592 bytes,     531656 total
- age   4:     103168 bytes,     634824 total
: 16644K->623K(18624K), 0.0013912 secs] 56167K->40177K(83392K), 0.0014828 secs] [Times: user=0.00 sys=0.00, real=0.00 secs] 
44.012: [GC 44.012: [ParNew
Desired survivor size 1343488 bytes, new threshold 4 (max 4)
- age   1:     597240 bytes,     597240 total
- age   2:      31584 bytes,     628824 total
- age   3:     422384 bytes,    1051208 total
- age   4:      25592 bytes,    1076800 total
: 16538K->1055K(18624K), 0.0015639 secs] 56092K->40628K(83392K), 0.0016875 secs] [Times: user=0.00 sys=0.00, real=0.00 secs] 
44.027: [GC 44.027: [ParNew
Desired survivor size 1343488 bytes, new threshold 4 (max 4)
- age   1:     169976 bytes,     169976 total
- age   2:     452432 bytes,     622408 total
- age   3:      31584 bytes,     653992 total
- age   4:     422384 bytes,    1076376 total
: 17034K->1054K(18624K), 0.0018669 secs] 56607K->40653K(83392K), 0.0019737 secs] [Times: user=0.00 sys=0.00, real=0.00 secs] 
44.040: [GC 44.041: [ParNew
Desired survivor size 1343488 bytes, new threshold 4 (max 4)
- age   1:     434560 bytes,     434560 total
- age   2:     102488 bytes,     537048 total
- age   3:     283424 bytes,     820472 total
- age   4:      31584 bytes,     852056 total
: 17014K->835K(18624K), 0.0017328 secs] 56612K->40846K(83392K), 0.0018534 secs] [Times: user=0.00 sys=0.00, real=0.00 secs] 
44.054: [GC 44.054: [ParNew
Desired survivor size 1343488 bytes, new threshold 4 (max 4)
- age   1:     402368 bytes,     402368 total
- age   2:     351800 bytes,     754168 total
- age   3:     102488 bytes,     856656 total
- age   4:     283424 bytes,    1140080 total
: 16831K->1117K(18624K), 0.0019365 secs] 56842K->41158K(83392K), 0.0020353 secs] [Times: user=0.01 sys=0.00, real=0.01 secs] 
44.067: [GC 44.067: [ParNew
Desired survivor size 1343488 bytes, new threshold 4 (max 4)
- age   1:     473136 bytes,     473136 total
- age   2:     338824 bytes,     811960 total
- age   3:     351800 bytes,    1163760 total
- age   4:      63528 bytes,    1227288 total
: 17106K->1202K(18624K), 0.0030867 secs] 57148K->41520K(83392K), 0.0031889 secs] [Times: user=0.01 sys=0.00, real=0.00 secs] 
44.083: [GC 44.083: [ParNew
Desired survivor size 1343488 bytes, new threshold 4 (max 4)
- age   1:     669120 bytes,     669120 total
- age   2:     190608 bytes,     859728 total
- age   3:     338824 bytes,    1198552 total
- age   4:     351800 bytes,    1550352 total
: 17182K->1517K(18624K), 0.0019795 secs] 57501K->41898K(83392K), 0.0020665 secs] [Times: user=0.00 sys=0.00, real=0.01 secs] 
44.098: [GC 44.098: [ParNew
Desired survivor size 1343488 bytes, new threshold 4 (max 4)
- age   1:     494712 bytes,     494712 total
- age   2:     586464 bytes,    1081176 total
- age   3:     151760 bytes,    1232936 total
- age   4:      78760 bytes,    1311696 total
: 17508K->1284K(18624K), 0.0020394 secs] 57888K->41939K(83392K), 0.0021376 secs] [Times: user=0.00 sys=0.00, real=0.00 secs] 
44.113: [GC 44.113: [ParNew
Desired survivor size 1343488 bytes, new threshold 3 (max 4)
- age   1:     819600 bytes,     819600 total
- age   2:     460768 bytes,    1280368 total
- age   3:     451752 bytes,    1732120 total
- age   4:     151760 bytes,    1883880 total
: 17239K->1843K(18624K), 0.0025314 secs] 57893K->42574K(83392K), 0.0026760 secs] [Times: user=0.01 sys=0.00, real=0.01 secs] 
44.128: [GC 44.128: [ParNew
Desired survivor size 1343488 bytes, new threshold 3 (max 4)
- age   1:     496496 bytes,     496496 total
- age   2:     779496 bytes,    1275992 total
- age   3:     460768 bytes,    1736760 total
: 17827K->1699K(18624K), 0.0029141 secs] 58558K->43020K(83392K), 0.0030175 secs] [Times: user=0.01 sys=0.00, real=0.00 secs] 
44.144: [GC 44.144: [ParNew
Desired survivor size 1343488 bytes, new threshold 3 (max 4)
- age   1:     616256 bytes,     616256 total
- age   2:     411744 bytes,    1028000 total
- age   3:     779496 bytes,    1807496 total
: 17594K->1768K(18624K), 0.0023180 secs] 58915K->43539K(83392K), 0.0024115 secs] [Times: user=0.00 sys=0.00, real=0.01 secs] 
44.158: [GC 44.158: [ParNew
Desired survivor size 1343488 bytes, new threshold 4 (max 4)
- age   1:     553920 bytes,     553920 total
- age   2:     539160 bytes,    1093080 total
- age   3:     167120 bytes,    1260200 total
: 17725K->1234K(18624K), 0.0023441 secs] 59496K->43657K(83392K), 0.0024416 secs] [Times: user=0.01 sys=0.00, real=0.00 secs] 
44.173: [GC 44.173: [ParNew
Desired survivor size 1343488 bytes, new threshold 2 (max 4)
- age   1:     921408 bytes,     921408 total
- age   2:     495440 bytes,    1416848 total
- age   3:     539160 bytes,    1956008 total
- age   4:     167120 bytes,    2123128 total
: 17206K->2076K(18624K), 0.0023679 secs] 59629K->44500K(83392K), 0.0024693 secs] [Times: user=0.01 sys=0.00, real=0.01 secs] 
44.187: [GC 44.187: [ParNew
Desired survivor size 1343488 bytes, new threshold 4 (max 4)
- age   1:     282456 bytes,     282456 total
- age   2:     793144 bytes,    1075600 total
: 17992K->1053K(18624K), 0.0028258 secs] 60416K->44650K(83392K), 0.0029603 secs] [Times: user=0.00 sys=0.00, real=0.00 secs] 
44.201: [GC 44.202: [ParNew
Desired survivor size 1343488 bytes, new threshold 4 (max 4)
- age   1:     240656 bytes,     240656 total
- age   2:     207152 bytes,     447808 total
- age   3:     431864 bytes,     879672 total
: 17011K->861K(18624K), 0.0018251 secs] 60608K->44458K(83392K), 0.0019247 secs] [Times: user=0.01 sys=0.00, real=0.00 secs] 
44.216: [GC 44.216: [ParNew
Desired survivor size 1343488 bytes, new threshold 3 (max 4)
- age   1:    1000400 bytes,    1000400 total
- age   2:     136808 bytes,    1137208 total
- age   3:     207152 bytes,    1344360 total
- age   4:     263584 bytes,    1607944 total
: 16836K->1572K(18624K), 0.0024154 secs] 60433K->45169K(83392K), 0.0025077 secs] [Times: user=0.00 sys=0.00, real=0.00 secs] 
44.231: [GC 44.231: [ParNew
Desired survivor size 1343488 bytes, new threshold 3 (max 4)
- age   1:     291240 bytes,     291240 total
- age   2:     922960 bytes,    1214200 total
- age   3:     136808 bytes,    1351008 total
: 17566K->1322K(18624K), 0.0023403 secs] 61163K->45379K(83392K), 0.0024542 secs] [Times: user=0.00 sys=0.00, real=0.00 secs] 
44.247: [GC 44.247: [ParNew
Desired survivor size 1343488 bytes, new threshold 3 (max 4)
- age   1:     548600 bytes,     548600 total
- age   2:     102600 bytes,     651200 total
- age   3:     828088 bytes,    1479288 total
: 17311K->1447K(18624K), 0.0021802 secs] 61368K->45637K(83392K), 0.0022853 secs] [Times: user=0.01 sys=0.00, real=0.00 secs] 
44.261: [GC 44.261: [ParNew
Desired survivor size 1343488 bytes, new threshold 4 (max 4)
- age   1:     696616 bytes,     696616 total
- age   2:     414992 bytes,    1111608 total
- age   3:      47520 bytes,    1159128 total
: 17396K->1135K(18624K), 0.0022470 secs] 61586K->45903K(83392K), 0.0023905 secs] [Times: user=0.00 sys=0.00, real=0.00 secs] 
44.279: [GC 44.279: [ParNew
Desired survivor size 1343488 bytes, new threshold 3 (max 4)
- age   1:     586264 bytes,     586264 total
- age   2:     588152 bytes,    1174416 total
- age   3:     414992 bytes,    1589408 total
- age   4:      47520 bytes,    1636928 total
: 17135K->1600K(18624K), 0.0020527 secs] 61903K->46368K(83392K), 0.0021877 secs] [Times: user=0.00 sys=0.00, real=0.00 secs] 
44.295: [GC 44.295: [ParNew
Desired survivor size 1343488 bytes, new threshold 3 (max 4)
- age   1:     334736 bytes,     334736 total
- age   2:     584984 bytes,     919720 total
- age   3:     588152 bytes,    1507872 total
: 17598K->1475K(18624K), 0.0023899 secs] 62366K->46648K(83392K), 0.0025031 secs] [Times: user=0.01 sys=0.00, real=0.00 secs] 
44.312: [GC 44.313: [ParNew
Desired survivor size 1343488 bytes, new threshold 4 (max 4)
- age   1:     226840 bytes,     226840 total
- age   2:     179520 bytes,     406360 total
- age   3:     584984 bytes,     991344 total
: 17448K->973K(18624K), 0.0019261 secs] 62621K->46562K(83392K), 0.0020462 secs] [Times: user=0.00 sys=0.00, real=0.01 secs] 
44.327: [GC 44.327: [ParNew
Desired survivor size 1343488 bytes, new threshold 4 (max 4)
- age   1:     813944 bytes,     813944 total
- age   2:     142664 bytes,     956608 total
- age   3:     179520 bytes,    1136128 total
- age   4:     326136 bytes,    1462264 total
: 16970K->1437K(18624K), 0.0025624 secs] 62559K->47026K(83392K), 0.0026811 secs] [Times: user=0.00 sys=0.00, real=0.00 secs] 
44.345: [GC 44.346: [ParNew
Desired survivor size 1343488 bytes, new threshold 2 (max 4)
- age   1:     861928 bytes,     861928 total
- age   2:     656520 bytes,    1518448 total
- age   3:     142664 bytes,    1661112 total
- age   4:     179520 bytes,    1840632 total
: 17351K->1800K(18624K), 0.0028211 secs] 62940K->47654K(83392K), 0.0029340 secs] [Times: user=0.01 sys=0.00, real=0.00 secs] 
44.362: [GC 44.362: [ParNew
Desired survivor size 1343488 bytes, new threshold 4 (max 4)
- age   1:     402176 bytes,     402176 total
- age   2:     717840 bytes,    1120016 total
: 17791K->1100K(18624K), 0.0027230 secs] 63644K->47909K(83392K), 0.0031612 secs] [Times: user=0.00 sys=0.00, real=0.01 secs] 
44.382: [GC 44.382: [ParNew
Desired survivor size 1343488 bytes, new threshold 3 (max 4)
- age   1:     554496 bytes,     554496 total
- age   2:     310760 bytes,     865256 total
- age   3:     558976 bytes,    1424232 total
: 17100K->1401K(18624K), 0.0019354 secs] 63909K->48210K(83392K), 0.0020259 secs] [Times: user=0.00 sys=0.00, real=0.00 secs] 
44.397: [GC 44.397: [ParNew
Desired survivor size 1343488 bytes, new threshold 4 (max 4)
- age   1:     195472 bytes,     195472 total
- age   2:     543216 bytes,     738688 total
- age   3:     310760 bytes,    1049448 total
: 17401K->1036K(18624K), 0.0021662 secs] 64210K->48312K(83392K), 0.0022731 secs] [Times: user=0.00 sys=0.00, real=0.00 secs] 
44.412: [GC 44.412: [ParNew
Desired survivor size 1343488 bytes, new threshold 4 (max 4)
- age   1:     290600 bytes,     290600 total
- age   2:       2680 bytes,     293280 total
- age   3:     543216 bytes,     836496 total
- age   4:     310760 bytes,    1147256 total
: 17036K->1127K(18624K), 0.0017189 secs] 64311K->48403K(83392K), 0.0018168 secs] [Times: user=0.01 sys=0.01, real=0.00 secs] 
44.427: [GC 44.427: [ParNew
Desired survivor size 1343488 bytes, new threshold 4 (max 4)
- age   1:     474120 bytes,     474120 total
- age   2:     204240 bytes,     678360 total
- age   3:       2680 bytes,     681040 total
- age   4:     543216 bytes,    1224256 total
: 17127K->1207K(18624K), 0.0019835 secs] 64403K->48787K(83392K), 0.0020810 secs] [Times: user=0.00 sys=0.00, real=0.00 secs] 
44.442: [GC 44.442: [ParNew
Desired survivor size 1343488 bytes, new threshold 4 (max 4)
- age   1:     341400 bytes,     341400 total
- age   2:     434320 bytes,     775720 total
- age   3:     117720 bytes,     893440 total
- age   4:       2680 bytes,     896120 total
: 17207K->878K(18624K), 0.0025061 secs] 64786K->48988K(83392K), 0.0026193 secs] [Times: user=0.01 sys=0.00, real=0.00 secs] 
44.456: [GC 44.456: [ParNew
Desired survivor size 1343488 bytes, new threshold 4 (max 4)
- age   1:     173264 bytes,     173264 total
- age   2:     269776 bytes,     443040 total
- age   3:     434320 bytes,     877360 total
- age   4:     116552 bytes,     993912 total
: 16878K->973K(18624K), 0.0020657 secs] 64988K->49085K(83392K), 0.0022109 secs] [Times: user=0.00 sys=0.00, real=0.00 secs] 
44.471: [GC 44.471: [ParNew
Desired survivor size 1343488 bytes, new threshold 4 (max 4)
- age   1:     217208 bytes,     217208 total
- age   2:     129736 bytes,     346944 total
- age   3:     269776 bytes,     616720 total
- age   4:     434320 bytes,    1051040 total
: 16931K->1035K(18624K), 0.0018275 secs] 65043K->49261K(83392K), 0.0019250 secs] [Times: user=0.00 sys=0.00, real=0.00 secs] 
44.486: [GC 44.486: [ParNew
Desired survivor size 1343488 bytes, new threshold 4 (max 4)
- age   1:     456760 bytes,     456760 total
- age   2:     151192 bytes,     607952 total
- age   3:     117960 bytes,     725912 total
- age   4:     269776 bytes,     995688 total
: 17024K->974K(18624K), 0.0020877 secs] 65250K->49624K(83392K), 0.0021994 secs] [Times: user=0.01 sys=0.00, real=0.00 secs] 
44.504: [GC 44.505: [ParNew
Desired survivor size 1343488 bytes, new threshold 4 (max 4)
- age   1:     351272 bytes,     351272 total
- age   2:     228816 bytes,     580088 total
- age   3:     151192 bytes,     731280 total
- age   4:     117960 bytes,     849240 total
: 16972K->834K(18624K), 0.0026943 secs] 65622K->49747K(83392K), 0.0027962 secs] [Times: user=0.00 sys=0.00, real=0.00 secs] 
44.521: [GC 44.521: [ParNew
Desired survivor size 1343488 bytes, new threshold 4 (max 4)
- age   1:     806928 bytes,     806928 total
- age   2:     211376 bytes,    1018304 total
- age   3:     228816 bytes,    1247120 total
- age   4:     151192 bytes,    1398312 total
: 16803K->1367K(18624K), 0.0021941 secs] 65717K->50396K(83392K), 0.0024798 secs] [Times: user=0.00 sys=0.00, real=0.00 secs] 
44.537: [GC 44.537: [ParNew
Desired survivor size 1343488 bytes, new threshold 4 (max 4)
- age   1:     264624 bytes,     264624 total
- age   2:     670768 bytes,     935392 total
- age   3:      18128 bytes,     953520 total
- age   4:      23744 bytes,     977264 total
: 17358K->973K(18624K), 0.0016727 secs] 66387K->50149K(83392K), 0.0017659 secs] [Times: user=0.01 sys=0.00, real=0.00 secs] 
44.550: [GC 44.550: [ParNew
Desired survivor size 1343488 bytes, new threshold 4 (max 4)
- age   1:     311528 bytes,     311528 total
- age   2:     121936 bytes,     433464 total
- age   3:     670768 bytes,    1104232 total
- age   4:      18128 bytes,    1122360 total
: 16966K->1107K(18624K), 0.0020453 secs] 66143K->50284K(83392K), 0.0021608 secs] [Times: user=0.01 sys=0.00, real=0.00 secs] 
44.567: [GC 44.567: [ParNew
Desired survivor size 1343488 bytes, new threshold 4 (max 4)
- age   1:     377048 bytes,     377048 total
- age   2:     202752 bytes,     579800 total
- age   3:     121936 bytes,     701736 total
- age   4:     670768 bytes,    1372504 total
: 17102K->1345K(18624K), 0.0026407 secs] 66278K->50539K(83392K), 0.0027383 secs] [Times: user=0.00 sys=0.00, real=0.00 secs] 
44.586: [GC 44.586: [ParNew
Desired survivor size 1343488 bytes, new threshold 4 (max 4)
- age   1:     440152 bytes,     440152 total
- age   2:     260968 bytes,     701120 total
- age   3:     202752 bytes,     903872 total
- age   4:     121936 bytes,    1025808 total
: 17345K->1021K(18624K), 0.0032726 secs] 66539K->50871K(83392K), 0.0033721 secs] [Times: user=0.00 sys=0.00, real=0.00 secs] 
44.602: [GC 44.602: [ParNew
Desired survivor size 1343488 bytes, new threshold 4 (max 4)
- age   1:     342928 bytes,     342928 total
- age   2:     381776 bytes,     724704 total
- age   3:     194384 bytes,     919088 total
- age   4:     179896 bytes,    1098984 total
: 17021K->1083K(18624K), 0.0019722 secs] 66871K->51034K(83392K), 0.0020723 secs] [Times: user=0.01 sys=0.00, real=0.00 secs] 
44.617: [GC 44.617: [ParNew
Desired survivor size 1343488 bytes, new threshold 4 (max 4)
- age   1:     663192 bytes,     663192 total
- age   2:     277968 bytes,     941160 total
- age   3:     381776 bytes,    1322936 total
- age   4:     194384 bytes,    1517320 total
: 17078K->1489K(18624K), 0.0021859 secs] 67028K->51615K(83392K), 0.0022955 secs] [Times: user=0.00 sys=0.00, real=0.00 secs] 
44.631: [GC 44.631: [ParNew
Desired survivor size 1343488 bytes, new threshold 4 (max 4)
- age   1:     198752 bytes,     198752 total
- age   2:     440336 bytes,     639088 total
- age   3:     277968 bytes,     917056 total
- age   4:     251240 bytes,    1168296 total
: 17414K->1145K(18624K), 0.0022146 secs] 67540K->51461K(83392K), 0.0023114 secs] [Times: user=0.00 sys=0.00, real=0.00 secs] 
44.647: [GC 44.647: [ParNew
Desired survivor size 1343488 bytes, new threshold 4 (max 4)
- age   1:     440480 bytes,     440480 total
- age   2:     133448 bytes,     573928 total
- age   3:     261528 bytes,     835456 total
- age   4:     118568 bytes,     954024 total
: 17059K->934K(18624K), 0.0018962 secs] 67375K->51495K(83392K), 0.0019924 secs] [Times: user=0.00 sys=0.00, real=0.00 secs] 
44.660: [GC 44.660: [ParNew
Desired survivor size 1343488 bytes, new threshold 4 (max 4)
- age   1:     261224 bytes,     261224 total
- age   2:     372992 bytes,     634216 total
- age   3:     133448 bytes,     767664 total
- age   4:     261528 bytes,    1029192 total
: 16910K->1008K(18624K), 0.0019521 secs] 67471K->51685K(83392K), 0.0020552 secs] [Times: user=0.01 sys=0.00, real=0.00 secs] 
44.674: [GC 44.674: [ParNew
Desired survivor size 1343488 bytes, new threshold 4 (max 4)
- age   1:     636336 bytes,     636336 total
- age   2:      73976 bytes,     710312 total
- age   3:     372992 bytes,    1083304 total
- age   4:     133448 bytes,    1216752 total
: 16975K->1189K(18624K), 0.0025909 secs] 67652K->52122K(83392K), 0.0026958 secs] [Times: user=0.00 sys=0.00, real=0.01 secs] 
44.689: [GC 44.689: [ParNew
Desired survivor size 1343488 bytes, new threshold 4 (max 4)
- age   1:     627464 bytes,     627464 total
- age   2:     540952 bytes,    1168416 total
- age   3:      73976 bytes,    1242392 total
- age   4:     372992 bytes,    1615384 total
: 17168K->1579K(18624K), 0.0046167 secs] 68101K->52575K(83392K), 0.0047979 secs] [Times: user=0.00 sys=0.00, real=0.00 secs] 
44.706: [GC 44.706: [ParNew
Desired survivor size 1343488 bytes, new threshold 4 (max 4)
- age   1:     182984 bytes,     182984 total
- age   2:     472328 bytes,     655312 total
- age   3:     540952 bytes,    1196264 total
- age   4:      73976 bytes,    1270240 total
: 17559K->1243K(18624K), 0.0029642 secs] 68554K->52603K(83392K), 0.0030633 secs] [Times: user=0.00 sys=0.00, real=0.00 secs] 
44.721: [GC 44.721: [ParNew
Desired survivor size 1343488 bytes, new threshold 3 (max 4)
- age   1:    1005984 bytes,    1005984 total
- age   2:     104696 bytes,    1110680 total
- age   3:     472328 bytes,    1583008 total
- age   4:      75896 bytes,    1658904 total
: 17146K->1623K(18624K), 0.0021734 secs] 68506K->53054K(83392K), 0.0022744 secs] [Times: user=0.01 sys=0.00, real=0.00 secs] 
44.735: [GC 44.735: [ParNew
Desired survivor size 1343488 bytes, new threshold 4 (max 4)
- age   1:     109184 bytes,     109184 total
- age   2:     927712 bytes,    1036896 total
- age   3:     104696 bytes,    1141592 total
: 17606K->1116K(18624K), 0.0024529 secs] 69038K->53083K(83392K), 0.0025582 secs] [Times: user=0.00 sys=0.00, real=0.00 secs] 
44.754: [GC 44.754: [ParNew
Desired survivor size 1343488 bytes, new threshold 4 (max 4)
- age   1:     299624 bytes,     299624 total
- age   2:      89912 bytes,     389536 total
- age   3:     927712 bytes,    1317248 total
- age   4:     104696 bytes,    1421944 total
: 17116K->1389K(18624K), 0.0022500 secs] 69083K->53357K(83392K), 0.0023571 secs] [Times: user=0.01 sys=0.00, real=0.01 secs] 
44.767: [GC 44.768: [ParNew
Desired survivor size 1343488 bytes, new threshold 4 (max 4)
- age   1:     680480 bytes,     680480 total
- age   2:     258456 bytes,     938936 total
- age   3:      89912 bytes,    1028848 total
- age   4:     458504 bytes,    1487352 total
: 17386K->1456K(18624K), 0.0030235 secs] 69353K->53525K(83392K), 0.0031267 secs] [Times: user=0.00 sys=0.00, real=0.00 secs] 
44.786: [GC 44.786: [ParNew
Desired survivor size 1343488 bytes, new threshold 3 (max 4)
- age   1:     634976 bytes,     634976 total
- age   2:     560736 bytes,    1195712 total
- age   3:     258168 bytes,    1453880 total
- age   4:      89912 bytes,    1543792 total
: 17456K->1513K(18624K), 0.0021018 secs] 69525K->53800K(83392K), 0.0022378 secs] [Times: user=0.01 sys=0.00, real=0.00 secs] 
44.800: [GC 44.800: [ParNew
Desired survivor size 1343488 bytes, new threshold 4 (max 4)
- age   1:     192880 bytes,     192880 total
- age   2:     585584 bytes,     778464 total
- age   3:     345984 bytes,    1124448 total
: 17467K->1110K(18624K), 0.0021605 secs] 69754K->53737K(83392K), 0.0022587 secs] [Times: user=0.00 sys=0.00, real=0.00 secs] 
44.813: [GC 44.814: [ParNew
Desired survivor size 1343488 bytes, new threshold 3 (max 4)
- age   1:     606160 bytes,     606160 total
- age   2:     161296 bytes,     767456 total
- age   3:     585584 bytes,    1353040 total
- age   4:     143648 bytes,    1496688 total
: 17082K->1467K(18624K), 0.0020157 secs] 69709K->54093K(83392K), 0.0021396 secs] [Times: user=0.00 sys=0.00, real=0.01 secs] 
44.828: [GC 44.828: [ParNew
Desired survivor size 1343488 bytes, new threshold 4 (max 4)
- age   1:     203968 bytes,     203968 total
- age   2:     420944 bytes,     624912 total
- age   3:     161296 bytes,     786208 total
: 17435K->777K(18624K), 0.0022246 secs] 70061K->54116K(83392K), 0.0023390 secs] [Times: user=0.01 sys=0.00, real=0.00 secs] 
44.842: [GC 44.842: [ParNew
Desired survivor size 1343488 bytes, new threshold 3 (max 4)
- age   1:    1038544 bytes,    1038544 total
- age   2:     119664 bytes,    1158208 total
- age   3:     261088 bytes,    1419296 total
- age   4:     161296 bytes,    1580592 total
: 16771K->1548K(18624K), 0.0022340 secs] 70110K->54887K(83392K), 0.0023369 secs] [Times: user=0.01 sys=0.00, real=0.01 secs] 
44.858: [GC 44.858: [ParNew
Desired survivor size 1343488 bytes, new threshold 3 (max 4)
- age   1:     540992 bytes,     540992 total
- age   2:     736856 bytes,    1277848 total
- age   3:     119664 bytes,    1397512 total
: 17474K->1367K(18624K), 0.0022133 secs] 70812K->54965K(83392K), 0.0023277 secs] [Times: user=0.00 sys=0.00, real=0.00 secs] 
44.873: [GC 44.873: [ParNew
Desired survivor size 1343488 bytes, new threshold 3 (max 4)
- age   1:     210448 bytes,     210448 total
- age   2:     468352 bytes,     678800 total
- age   3:     736856 bytes,    1415656 total
: 17340K->1383K(18624K), 0.0031393 secs] 70938K->55098K(83392K), 0.0032341 secs] [Times: user=0.00 sys=0.00, real=0.01 secs] 
44.889: [GC 44.889: [ParNew
Desired survivor size 1343488 bytes, new threshold 3 (max 4)
- age   1:     788840 bytes,     788840 total
- age   2:      96376 bytes,     885216 total
- age   3:     468352 bytes,    1353568 total
: 17375K->1323K(18624K), 0.0021919 secs] 71090K->55756K(83392K), 0.0022890 secs] [Times: user=0.01 sys=0.00, real=0.00 secs] 
44.903: [GC 44.903: [ParNew
Desired survivor size 1343488 bytes, new threshold 4 (max 4)
- age   1:      70064 bytes,      70064 total
- age   2:     762656 bytes,     832720 total
- age   3:      94576 bytes,     927296 total
: 17302K->907K(18624K), 0.0022550 secs] 71736K->55796K(83392K), 0.0023609 secs] [Times: user=0.00 sys=0.00, real=0.01 secs] 
44.917: [GC 44.917: [ParNew
Desired survivor size 1343488 bytes, new threshold 4 (max 4)
- age   1:     329232 bytes,     329232 total
- age   2:      37264 bytes,     366496 total
- age   3:     762656 bytes,    1129152 total
- age   4:      94416 bytes,    1223568 total
: 16900K->1201K(18624K), 0.0019395 secs] 71789K->56090K(83392K), 0.0020851 secs] [Times: user=0.01 sys=0.00, real=0.00 secs] 
44.931: [GC 44.931: [ParNew
Desired survivor size 1343488 bytes, new threshold 4 (max 4)
- age   1:     588144 bytes,     588144 total
- age   2:     267792 bytes,     855936 total
- age   3:      37264 bytes,     893200 total
- age   4:     762656 bytes,    1655856 total
: 17196K->1625K(18624K), 0.0023551 secs] 72085K->56606K(83392K), 0.0025952 secs] [Times: user=0.01 sys=0.00, real=0.00 secs] 
44.945: [GC 44.945: [ParNew
Desired survivor size 1343488 bytes, new threshold 4 (max 4)
- age   1:     480112 bytes,     480112 total
- age   2:     505480 bytes,     985592 total
- age   3:     232384 bytes,    1217976 total
- age   4:      11952 bytes,    1229928 total
: 17595K->1203K(18624K), 0.0025912 secs] 72577K->56779K(83392K), 0.0027813 secs] [Times: user=0.00 sys=0.00, real=0.00 secs] 
44.960: [GC 44.960: [ParNew
Desired survivor size 1343488 bytes, new threshold 4 (max 4)
- age   1:     422480 bytes,     422480 total
- age   2:     154232 bytes,     576712 total
- age   3:     505480 bytes,    1082192 total
- age   4:     232384 bytes,    1314576 total
: 17163K->1292K(18624K), 0.0017867 secs] 72739K->56879K(83392K), 0.0019408 secs] [Times: user=0.00 sys=0.00, real=0.00 secs] 
44.974: [GC 44.974: [ParNew
Desired survivor size 1343488 bytes, new threshold 4 (max 4)
- age   1:     152848 bytes,     152848 total
- age   2:     339760 bytes,     492608 total
- age   3:     115760 bytes,     608368 total
- age   4:     256440 bytes,     864808 total
: 17290K->848K(18624K), 0.0018239 secs] 72877K->56662K(83392K), 0.0019164 secs] [Times: user=0.01 sys=0.00, real=0.01 secs] 
44.987: [GC 44.987: [ParNew
Desired survivor size 1343488 bytes, new threshold 4 (max 4)
- age   1:     688456 bytes,     688456 total
- age   2:     152760 bytes,     841216 total
- age   3:     201952 bytes,    1043168 total
- age   4:      31584 bytes,    1074752 total
: 16800K->1051K(18624K), 0.0025245 secs] 72614K->57031K(83392K), 0.0026344 secs] [Times: user=0.00 sys=0.00, real=0.00 secs] 
45.002: [GC 45.002: [ParNew
Desired survivor size 1343488 bytes, new threshold 4 (max 4)
- age   1:     260168 bytes,     260168 total
- age   3:     152760 bytes,     412928 total
- age   4:     201952 bytes,     614880 total
: 17022K->604K(18624K), 0.0024263 secs] 73002K->56615K(83392K), 0.0025432 secs] [Times: user=0.00 sys=0.00, real=0.01 secs] 
45.022: [GC 45.022: [ParNew
Desired survivor size 1343488 bytes, new threshold 4 (max 4)
- age   1:     247896 bytes,     247896 total
- age   4:     152760 bytes,     400656 total
: 16604K->394K(18624K), 0.0018936 secs] 72615K->56602K(83392K), 0.0019858 secs] [Times: user=0.00 sys=0.00, real=0.00 secs] 
45.036: [GC 45.036: [ParNew
Desired survivor size 1343488 bytes, new threshold 4 (max 4)
- age   1:     331160 bytes,     331160 total
- age   2:     169216 bytes,     500376 total
: 16338K->492K(18624K), 0.0023251 secs] 72546K->56850K(83392K), 0.0024189 secs] [Times: user=0.01 sys=0.00, real=0.00 secs] 
45.053: [GC 45.053: [ParNew
Desired survivor size 1343488 bytes, new threshold 4 (max 4)
- age   1:     549776 bytes,     549776 total
- age   2:     274040 bytes,     823816 total
- age   3:       5328 bytes,     829144 total
: 16441K->813K(18624K), 0.0015537 secs] 72798K->57171K(83392K), 0.0016355 secs] [Times: user=0.00 sys=0.00, real=0.01 secs] 
45.067: [GC 45.067: [ParNew
Desired survivor size 1343488 bytes, new threshold 4 (max 4)
- age   1:     151560 bytes,     151560 total
- age   2:     408824 bytes,     560384 total
- age   3:     184712 bytes,     745096 total
- age   4:       5328 bytes,     750424 total
: 16813K->738K(18624K), 0.0021940 secs] 73171K->57095K(83392K), 0.0022874 secs] [Times: user=0.00 sys=0.00, real=0.00 secs] 
45.082: [GC 45.082: [ParNew
Desired survivor size 1343488 bytes, new threshold 4 (max 4)
- age   1:     262840 bytes,     262840 total
- age   2:     151560 bytes,     414400 total
- age   3:     408824 bytes,     823224 total
- age   4:     184712 bytes,    1007936 total
: 16732K->989K(18624K), 0.0018173 secs] 73089K->57351K(83392K), 0.0019536 secs] [Times: user=0.00 sys=0.00, real=0.00 secs] 
45.096: [GC 45.096: [ParNew
Desired survivor size 1343488 bytes, new threshold 4 (max 4)
- age   1:     506880 bytes,     506880 total
- age   2:     140104 bytes,     646984 total
- age   3:     151560 bytes,     798544 total
- age   4:     282240 bytes,    1080784 total
: 16983K->1061K(18624K), 0.0016623 secs] 73346K->57604K(83392K), 0.0017535 secs] [Times: user=0.00 sys=0.00, real=0.00 secs] 
45.111: [GC 45.111: [ParNew
Desired survivor size 1343488 bytes, new threshold 4 (max 4)
- age   1:     240664 bytes,     240664 total
- age   2:     283128 bytes,     523792 total
- age   3:     140104 bytes,     663896 total
- age   4:     151560 bytes,     815456 total
: 16977K->799K(18624K), 0.0017672 secs] 73520K->57618K(83392K), 0.0019108 secs] [Times: user=0.01 sys=0.00, real=0.00 secs] 
45.124: [GC 45.125: [ParNew
Desired survivor size 1343488 bytes, new threshold 4 (max 4)
- age   1:     560240 bytes,     560240 total
- age   3:     244952 bytes,     805192 total
- age   4:     140104 bytes,     945296 total
: 16754K->926K(18624K), 0.0017337 secs] 73572K->57893K(83392K), 0.0018482 secs] [Times: user=0.01 sys=0.00, real=0.00 secs] 
45.139: [GC 45.139: [ParNew
Desired survivor size 1343488 bytes, new threshold 4 (max 4)
- age   1:     325416 bytes,     325416 total
- age   2:     407232 bytes,     732648 total
- age   4:     244952 bytes,     977600 total
: 16882K->958K(18624K), 0.0018536 secs] 73849K->58061K(83392K), 0.0019503 secs] [Times: user=0.00 sys=0.00, real=0.00 secs] 
45.153: [GC 45.153: [ParNew
Desired survivor size 1343488 bytes, new threshold 4 (max 4)
- age   1:     451184 bytes,     451184 total
- age   2:     222296 bytes,     673480 total
- age   3:     161728 bytes,     835208 total
: 16950K->819K(18624K), 0.0018807 secs] 74053K->58161K(83392K), 0.0019985 secs] [Times: user=0.00 sys=0.00, real=0.01 secs] 
45.166: [GC 45.166: [ParNew
Desired survivor size 1343488 bytes, new threshold 4 (max 4)
- age   1:     481504 bytes,     481504 total
- age   3:     141048 bytes,     622552 total
- age   4:     161728 bytes,     784280 total
: 16798K->769K(18624K), 0.0017229 secs] 74140K->58112K(83392K), 0.0018401 secs] [Times: user=0.00 sys=0.00, real=0.00 secs] 
45.181: [GC 45.181: [ParNew
Desired survivor size 1343488 bytes, new threshold 4 (max 4)
- age   1:     111104 bytes,     111104 total
- age   2:     270872 bytes,     381976 total
- age   4:      59896 bytes,     441872 total
: 16769K->435K(18624K), 0.0014646 secs] 74111K->57935K(83392K), 0.0015769 secs] [Times: user=0.00 sys=0.00, real=0.00 secs] 
45.196: [GC 45.196: [ParNew
Desired survivor size 1343488 bytes, new threshold 4 (max 4)
- age   1:     770472 bytes,     770472 total
- age   2:      50824 bytes,     821296 total
- age   3:     270872 bytes,    1092168 total
: 16418K->1070K(18624K), 0.0016042 secs] 73919K->58629K(83392K), 0.0016966 secs] [Times: user=0.01 sys=0.00, real=0.00 secs] 
45.209: [GC 45.209: [ParNew
Desired survivor size 1343488 bytes, new threshold 4 (max 4)
- age   1:     773880 bytes,     773880 total
- age   2:     422472 bytes,    1196352 total
- age   3:      50824 bytes,    1247176 total
- age   4:     270872 bytes,    1518048 total
: 17018K->1483K(18624K), 0.0025565 secs] 74577K->59043K(83392K), 0.0026382 secs] [Times: user=0.01 sys=0.00, real=0.00 secs] 
45.224: [GC 45.224: [ParNew
Desired survivor size 1343488 bytes, new threshold 3 (max 4)
- age   1:     382000 bytes,     382000 total
- age   2:     693512 bytes,    1075512 total
- age   3:     341320 bytes,    1416832 total
: 17449K->1387K(18624K), 0.0022848 secs] 75009K->59210K(83392K), 0.0023866 secs] [Times: user=0.00 sys=0.00, real=0.01 secs] 
45.240: [GC 45.240: [ParNew
Desired survivor size 1343488 bytes, new threshold 4 (max 4)
- age   1:     371032 bytes,     371032 total
- age   2:     299536 bytes,     670568 total
- age   3:     333992 bytes,    1004560 total
: 17348K->984K(18624K), 0.0017548 secs] 75171K->59141K(83392K), 0.0018628 secs] [Times: user=0.00 sys=0.00, real=0.00 secs] 
45.253: [GC 45.253: [ParNew
Desired survivor size 1343488 bytes, new threshold 4 (max 4)
- age   1:     532416 bytes,     532416 total
- age   2:         40 bytes,     532456 total
- age   3:     299536 bytes,     831992 total
- age   4:     169328 bytes,    1001320 total
: 16926K->981K(18624K), 0.0018257 secs] 75083K->59138K(83392K), 0.0019881 secs] [Times: user=0.00 sys=0.00, real=0.01 secs] 
45.268: [GC 45.268: [ParNew
Desired survivor size 1343488 bytes, new threshold 4 (max 4)
- age   1:     400840 bytes,     400840 total
- age   2:     165216 bytes,     566056 total
- age   3:         40 bytes,     566096 total
- age   4:     299536 bytes,     865632 total
: 16929K->849K(18624K), 0.0025078 secs] 75086K->59171K(83392K), 0.0026452 secs] [Times: user=0.00 sys=0.01, real=0.00 secs] 
45.282: [GC 45.282: [ParNew
Desired survivor size 1343488 bytes, new threshold 4 (max 4)
- age   1:     739296 bytes,     739296 total
- age   2:      67368 bytes,     806664 total
- age   3:     165216 bytes,     971880 total
- age   4:         40 bytes,     971920 total
: 16833K->952K(18624K), 0.0018697 secs] 75155K->59567K(83392K), 0.0019671 secs] [Times: user=0.01 sys=0.00, real=0.00 secs] 
45.297: [GC 45.297: [ParNew
Desired survivor size 1343488 bytes, new threshold 4 (max 4)
- age   1:     156744 bytes,     156744 total
- age   2:     342080 bytes,     498824 total
- age   3:      67368 bytes,     566192 total
- age   4:     165216 bytes,     731408 total
: 16885K->717K(18624K), 0.0015826 secs] 75500K->59331K(83392K), 0.0016773 secs] [Times: user=0.00 sys=0.00, real=0.00 secs] 
45.311: [GC 45.312: [ParNew
Desired survivor size 1343488 bytes, new threshold 4 (max 4)
- age   1:     449368 bytes,     449368 total
- age   2:        832 bytes,     450200 total
- age   3:     300632 bytes,     750832 total
- age   4:      67368 bytes,     818200 total
: 16700K->801K(18624K), 0.0018901 secs] 75315K->59577K(83392K), 0.0020088 secs] [Times: user=0.00 sys=0.00, real=0.00 secs] 
45.326: [GC 45.327: [ParNew
Desired survivor size 1343488 bytes, new threshold 4 (max 4)
- age   1:     482208 bytes,     482208 total
- age   2:     364552 bytes,     846760 total
- age   3:        832 bytes,     847592 total
- age   4:     300632 bytes,    1148224 total
: 16725K->1124K(18624K), 0.0018907 secs] 75502K->59966K(83392K), 0.0019817 secs] [Times: user=0.00 sys=0.00, real=0.00 secs] 
45.344: [GC 45.344: [ParNew
Desired survivor size 1343488 bytes, new threshold 4 (max 4)
- age   1:     157760 bytes,     157760 total
- age   2:     397216 bytes,     554976 total
- age   3:     364552 bytes,     919528 total
- age   4:        832 bytes,     920360 total
: 17114K->900K(18624K), 0.0024301 secs] 75956K->60035K(83392K), 0.0025224 secs] [Times: user=0.01 sys=0.00, real=0.01 secs] 
45.359: [GC 45.359: [ParNew
Desired survivor size 1343488 bytes, new threshold 4 (max 4)
- age   1:     144840 bytes,     144840 total
- age   2:     116312 bytes,     261152 total
- age   3:     397184 bytes,     658336 total
- age   4:     364552 bytes,    1022888 total
: 16898K->1002K(18624K), 0.0020412 secs] 76033K->60139K(83392K), 0.0021374 secs] [Times: user=0.00 sys=0.00, real=0.00 secs] 
45.373: [GC 45.373: [ParNew
Desired survivor size 1343488 bytes, new threshold 4 (max 4)
- age   1:     554072 bytes,     554072 total
- age   2:      60016 bytes,     614088 total
- age   3:     116432 bytes,     730520 total
- age   4:     397184 bytes,    1127704 total
: 17001K->1105K(18624K), 0.0020745 secs] 76138K->60512K(83392K), 0.0021676 secs] [Times: user=0.00 sys=0.00, real=0.01 secs] 
45.390: [GC 45.390: [ParNew
Desired survivor size 1343488 bytes, new threshold 4 (max 4)
- age   1:     247160 bytes,     247160 total
- age   2:     222144 bytes,     469304 total
- age   3:      60016 bytes,     529320 total
- age   4:     115608 bytes,     644928 total
: 17103K->635K(18624K), 0.0025149 secs] 76510K->60430K(83392K), 0.0026283 secs] [Times: user=0.00 sys=0.00, real=0.00 secs] 
45.406: [GC 45.406: [ParNew
Desired survivor size 1343488 bytes, new threshold 4 (max 4)
- age   1:     185184 bytes,     185184 total
- age   2:      43608 bytes,     228792 total
- age   3:     222144 bytes,     450936 total
- age   4:      60016 bytes,     510952 total
: 16610K->506K(18624K), 0.0016064 secs] 76405K->60414K(83392K), 0.0016911 secs] [Times: user=0.00 sys=0.00, real=0.00 secs] 
45.422: [GC 45.422: [ParNew
Desired survivor size 1343488 bytes, new threshold 4 (max 4)
- age   1:     264768 bytes,     264768 total
- age   2:       3040 bytes,     267808 total
- age   3:      43608 bytes,     311416 total
- age   4:     222144 bytes,     533560 total
: 16476K->524K(18624K), 0.0014728 secs] 76384K->60491K(83392K), 0.0015806 secs] [Times: user=0.00 sys=0.00, real=0.00 secs] 
45.436: [GC 45.436: [ParNew
Desired survivor size 1343488 bytes, new threshold 4 (max 4)
- age   1:     276368 bytes,     276368 total
- age   2:       6208 bytes,     282576 total
- age   3:       3040 bytes,     285616 total
- age   4:      43608 bytes,     329224 total
: 16413K->326K(18624K), 0.0013657 secs] 76379K->60510K(83392K), 0.0014529 secs] [Times: user=0.00 sys=0.00, real=0.00 secs] 
45.451: [GC 45.451: [ParNew
Desired survivor size 1343488 bytes, new threshold 4 (max 4)
- age   1:     347376 bytes,     347376 total
- age   2:     209680 bytes,     557056 total
- age   3:       4400 bytes,     561456 total
- age   4:       3040 bytes,     564496 total
: 16281K->555K(18624K), 0.0016334 secs] 76464K->60781K(83392K), 0.0017408 secs] [Times: user=0.01 sys=0.00, real=0.00 secs] 
45.465: [GC 45.465: [ParNew
Desired survivor size 1343488 bytes, new threshold 4 (max 4)
- age   1:     264000 bytes,     264000 total
- age   2:     251472 bytes,     515472 total
- age   3:         80 bytes,     515552 total
- age   4:       4288 bytes,     519840 total
: 16540K->517K(18624K), 0.0013875 secs] 76765K->60745K(83392K), 0.0014904 secs] [Times: user=0.00 sys=0.00, real=0.00 secs] 
45.479: [GC 45.479: [ParNew
Desired survivor size 1343488 bytes, new threshold 4 (max 4)
- age   1:     375368 bytes,     375368 total
- age   2:      49920 bytes,     425288 total
- age   3:     251440 bytes,     676728 total
- age   4:         80 bytes,     676808 total
: 16491K->665K(18624K), 0.0021929 secs] 76720K->60898K(83392K), 0.0022821 secs] [Times: user=0.00 sys=0.00, real=0.00 secs] 
45.494: [GC 45.494: [ParNew
Desired survivor size 1343488 bytes, new threshold 2 (max 4)
- age   1:    1086120 bytes,    1086120 total
- age   2:     268728 bytes,    1354848 total
- age   3:      49920 bytes,    1404768 total
- age   4:     251440 bytes,    1656208 total
: 16648K->1629K(18624K), 0.0025888 secs] 76881K->61862K(83392K), 0.0027171 secs] [Times: user=0.00 sys=0.00, real=0.01 secs] 
45.509: [GC 45.509: [ParNew
Desired survivor size 1343488 bytes, new threshold 2 (max 4)
- age   1:     595376 bytes,     595376 total
- age   2:     752736 bytes,    1348112 total
: 17606K->1324K(18624K), 0.0028775 secs] 77839K->62113K(83392K), 0.0029833 secs] [Times: user=0.01 sys=0.00, real=0.00 secs] 
45.524: [GC 45.524: [ParNew
Desired survivor size 1343488 bytes, new threshold 4 (max 4)
- age   1:     240376 bytes,     240376 total
- age   2:     532056 bytes,     772432 total
: 17308K->758K(18624K), 0.0027478 secs] 78098K->61952K(83392K), 0.0028653 secs] [Times: user=0.01 sys=0.00, real=0.01 secs] 
45.540: [GC 45.540: [ParNew
Desired survivor size 1343488 bytes, new threshold 4 (max 4)
- age   1:     580360 bytes,     580360 total
- age   2:     171904 bytes,     752264 total
- age   3:     532056 bytes,    1284320 total
: 16615K->1257K(18624K), 0.0019175 secs] 77809K->62451K(83392K), 0.0020144 secs] [Times: user=0.00 sys=0.00, real=0.00 secs] 
45.555: [GC 45.555: [ParNew
Desired survivor size 1343488 bytes, new threshold 3 (max 4)
- age   1:     782248 bytes,     782248 total
- age   2:     505072 bytes,    1287320 total
- age   3:     171904 bytes,    1459224 total
- age   4:     370904 bytes,    1830128 total
: 17254K->1790K(18624K), 0.0025242 secs] 78448K->62984K(83392K), 0.0026508 secs] [Times: user=0.00 sys=0.00, real=0.00 secs] 
45.574: [GC 45.574: [ParNew
Desired survivor size 1343488 bytes, new threshold 3 (max 4)
- age   1:     720880 bytes,     720880 total
- age   2:     578864 bytes,    1299744 total
- age   3:     505072 bytes,    1804816 total
: 17727K->1766K(18624K), 0.0026494 secs] 78921K->63490K(83392K), 0.0027691 secs] [Times: user=0.01 sys=0.00, real=0.01 secs] 
45.590: [GC 45.590: [ParNew
Desired survivor size 1343488 bytes, new threshold 3 (max 4)
- age   1:     582784 bytes,     582784 total
- age   2:     551136 bytes,    1133920 total
- age   3:     421424 bytes,    1555344 total
: 17741K->1521K(18624K), 0.0029193 secs] 79465K->63574K(83392K), 0.0030140 secs] [Times: user=0.01 sys=0.00, real=0.00 secs] 
45.608: [GC 45.608: [ParNew
Desired survivor size 1343488 bytes, new threshold 4 (max 4)
- age   1:     286384 bytes,     286384 total
- age   2:     498608 bytes,     784992 total
- age   3:     385192 bytes,    1170184 total
: 17517K->1144K(18624K), 0.0020888 secs] 79569K->63543K(83392K), 0.0021857 secs] [Times: user=0.00 sys=0.00, real=0.00 secs] 
45.632: [GC 45.632: [ParNew
Desired survivor size 1343488 bytes, new threshold 4 (max 4)
- age   1:     501632 bytes,     501632 total
- age   2:     247544 bytes,     749176 total
- age   3:     496728 bytes,    1245904 total
- age   4:     385192 bytes,    1631096 total
: 17144K->1601K(18624K), 0.0023114 secs] 79543K->63999K(83392K), 0.0024099 secs] [Times: user=0.01 sys=0.00, real=0.01 secs] 
45.648: [GC 45.648: [ParNew
Desired survivor size 1343488 bytes, new threshold 4 (max 4)
- age   1:     126072 bytes,     126072 total
- age   2:     300472 bytes,     426544 total
- age   3:     247544 bytes,     674088 total
- age   4:     252056 bytes,     926144 total
: 17578K->912K(18624K), 0.0027757 secs] 79977K->63686K(83392K), 0.0028695 secs] [Times: user=0.00 sys=0.00, real=0.00 secs] 
45.663: [GC 45.663: [ParNew
Desired survivor size 1343488 bytes, new threshold 4 (max 4)
- age   1:     256032 bytes,     256032 total
- age   2:      84824 bytes,     340856 total
- age   3:     300392 bytes,     641248 total
- age   4:      79864 bytes,     721112 total
: 16912K->723K(18624K), 0.0018599 secs] 79686K->63743K(83392K), 0.0019433 secs] [Times: user=0.00 sys=0.00, real=0.01 secs] 
45.676: [GC 45.677: [ParNew
Desired survivor size 1343488 bytes, new threshold 2 (max 4)
- age   1:    1256944 bytes,    1256944 total
- age   2:     184552 bytes,    1441496 total
- age   3:      84824 bytes,    1526320 total
- age   4:     300392 bytes,    1826712 total
: 16704K->1803K(18624K), 0.0024491 secs] 79725K->64902K(83392K), 0.0025791 secs] [Times: user=0.01 sys=0.00, real=0.00 secs] 
45.692: [GC 45.692: [ParNew
Desired survivor size 1343488 bytes, new threshold 2 (max 4)
- age   1:     401704 bytes,     401704 total
- age   2:    1172760 bytes,    1574464 total
: 17787K->1558K(18624K), 0.0026835 secs] 80886K->65155K(83392K), 0.0027941 secs] [Times: user=0.00 sys=0.00, real=0.01 secs] 
45.716: [GC 45.716: [ParNew (promotion failed)
Desired survivor size 1343488 bytes, new threshold 4 (max 4)
- age   1:    1061424 bytes,    1061424 total
- age   2:     128416 bytes,    1189840 total
: 17558K->17170K(18624K), 0.0046059 secs]45.721: [CMS45.722: [CMS-concurrent-abortable-preclean: 0.080/2.024 secs] [Times: user=3.07 sys=0.14, real=2.02 secs] 
 (concurrent mode failure): 64097K->8301K(64768K), 0.0927475 secs] 81155K->8301K(83392K), [CMS Perm : 10707K->10707K(21248K)], 0.0975103 secs] [Times: user=0.09 sys=0.01, real=0.09 secs] 
45.828: [GC 45.828: [ParNew
Desired survivor size 1343488 bytes, new threshold 4 (max 4)
- age   1:     542160 bytes,     542160 total
: 16000K->549K(18624K), 0.0009519 secs] 24301K->8850K(83392K), 0.0010185 secs] [Times: user=0.01 sys=0.00, real=0.00 secs] 
45.841: [GC 45.841: [ParNew
Desired survivor size 1343488 bytes, new threshold 4 (max 4)
- age   1:     378816 bytes,     378816 total
- age   2:     514064 bytes,     892880 total
: 16533K->873K(18624K), 0.0012379 secs] 24834K->9174K(83392K), 0.0013207 secs] [Times: user=0.00 sys=0.00, real=0.00 secs] 
45.856: [GC 45.856: [ParNew
Desired survivor size 1343488 bytes, new threshold 4 (max 4)
- age   1:     193912 bytes,     193912 total
- age   2:     294104 bytes,     488016 total
- age   3:     514064 bytes,    1002080 total
: 16862K->981K(18624K), 0.0024123 secs] 25163K->9282K(83392K), 0.0025191 secs] [Times: user=0.00 sys=0.00, real=0.00 secs] 
45.873: [GC 45.873: [ParNew
Desired survivor size 1343488 bytes, new threshold 4 (max 4)
- age   1:     330600 bytes,     330600 total
- age   2:     127104 bytes,     457704 total
- age   3:     294104 bytes,     751808 total
- age   4:     215304 bytes,     967112 total
: 16952K->950K(18624K), 0.0015627 secs] 25253K->9251K(83392K), 0.0016693 secs] [Times: user=0.00 sys=0.00, real=0.00 secs] 
45.886: [GC 45.887: [ParNew
Desired survivor size 1343488 bytes, new threshold 4 (max 4)
- age   1:     471824 bytes,     471824 total
- age   2:     210768 bytes,     682592 total
- age   3:     127104 bytes,     809696 total
- age   4:     294104 bytes,    1103800 total
: 16945K->1081K(18624K), 0.0017295 secs] 25246K->9596K(83392K), 0.0018502 secs] [Times: user=0.01 sys=0.00, real=0.00 secs] 
45.901: [GC 45.901: [ParNew
Desired survivor size 1343488 bytes, new threshold 4 (max 4)
- age   1:     719800 bytes,     719800 total
- age   2:     378208 bytes,    1098008 total
- age   3:     210768 bytes,    1308776 total
- age   4:     127104 bytes,    1435880 total
: 17060K->1412K(18624K), 0.0018595 secs] 25576K->10215K(83392K), 0.0019515 secs] [Times: user=0.01 sys=0.00, real=0.00 secs] 
45.914: [GC 45.914: [ParNew
Desired survivor size 1343488 bytes, new threshold 4 (max 4)
- age   1:     112784 bytes,     112784 total
- age   2:     689760 bytes,     802544 total
- age   3:     378208 bytes,    1180752 total
- age   4:      88800 bytes,    1269552 total
: 17407K->1242K(18624K), 0.0030917 secs] 26210K->10169K(83392K), 0.0032352 secs] [Times: user=0.00 sys=0.00, real=0.01 secs] 
45.929: [GC 45.929: [ParNew
Desired survivor size 1343488 bytes, new threshold 4 (max 4)
- age   1:     329688 bytes,     329688 total
- age   2:      75048 bytes,     404736 total
- age   3:     689760 bytes,    1094496 total
- age   4:     350120 bytes,    1444616 total
: 17238K->1418K(18624K), 0.0022787 secs] 26165K->10353K(83392K), 0.0023954 secs] [Times: user=0.00 sys=0.00, real=0.00 secs] 
45.944: [GC 45.944: [ParNew
Desired survivor size 1343488 bytes, new threshold 4 (max 4)
- age   1:     141440 bytes,     141440 total
- age   2:     298648 bytes,     440088 total
- age   3:      75048 bytes,     515136 total
- age   4:     689760 bytes,    1204896 total
: 17418K->1179K(18624K), 0.0017915 secs] 26353K->10455K(83392K), 0.0018853 secs] [Times: user=0.01 sys=0.00, real=0.01 secs] 
45.961: [GC 45.961: [ParNew
Desired survivor size 1343488 bytes, new threshold 4 (max 4)
- age   1:     393120 bytes,     393120 total
- age   2:     116856 bytes,     509976 total
- age   3:     125456 bytes,     635432 total
- age   4:      75048 bytes,     710480 total
: 17168K->693K(18624K), 0.0031233 secs] 26444K->10448K(83392K), 0.0032218 secs] [Times: user=0.01 sys=0.00, real=0.00 secs] 
45.976: [GC 45.976: [ParNew
Desired survivor size 1343488 bytes, new threshold 4 (max 4)
- age   1:     481208 bytes,     481208 total
- age   2:     313144 bytes,     794352 total
- age   3:     116856 bytes,     911208 total
- age   4:     125456 bytes,    1036664 total
: 16641K->1014K(18624K), 0.0018722 secs] 26395K->10842K(83392K), 0.0019757 secs] [Times: user=0.01 sys=0.00, real=0.00 secs] 
45.991: [GC 45.991: [ParNew
Desired survivor size 1343488 bytes, new threshold 4 (max 4)
- age   1:     397368 bytes,     397368 total
- age   2:     373152 bytes,     770520 total
- age   3:     313144 bytes,    1083664 total
- age   4:     116856 bytes,    1200520 total
: 16966K->1174K(18624K), 0.0016499 secs] 26794K->11124K(83392K), 0.0017412 secs] [Times: user=0.00 sys=0.00, real=0.00 secs] 
46.004: [GC 46.004: [ParNew
Desired survivor size 1343488 bytes, new threshold 4 (max 4)
- age   1:     442288 bytes,     442288 total
- age   2:     318296 bytes,     760584 total
- age   3:     177360 bytes,     937944 total
- age   4:     313112 bytes,    1251056 total
: 17174K->1223K(18624K), 0.0018341 secs] 27124K->11287K(83392K), 0.0019441 secs] [Times: user=0.00 sys=0.00, real=0.01 secs] 
46.018: [GC 46.018: [ParNew
Desired survivor size 1343488 bytes, new threshold 4 (max 4)
- age   1:     252320 bytes,     252320 total
- age   2:      64256 bytes,     316576 total
- age   3:     246608 bytes,     563184 total
- age   4:     177360 bytes,     740544 total
: 17223K->723K(18624K), 0.0021568 secs] 27287K->11093K(83392K), 0.0023094 secs] [Times: user=0.00 sys=0.00, real=0.00 secs] 
46.033: [GC 46.034: [ParNew
Desired survivor size 1343488 bytes, new threshold 4 (max 4)
- age   1:     433456 bytes,     433456 total
- age   2:     252120 bytes,     685576 total
- age   3:      63928 bytes,     749504 total
- age   4:     138400 bytes,     887904 total
: 16723K->868K(18624K), 0.0014131 secs] 27092K->11411K(83392K), 0.0015634 secs] [Times: user=0.01 sys=0.00, real=0.01 secs] 
46.047: [GC 46.048: [ParNew
Desired survivor size 1343488 bytes, new threshold 4 (max 4)
- age   1:     566960 bytes,     566960 total
- age   2:     294072 bytes,     861032 total
- age   3:     252120 bytes,    1113152 total
- age   4:      63928 bytes,    1177080 total
: 16846K->1153K(18624K), 0.0018265 secs] 27389K->11831K(83392K), 0.0019395 secs] [Times: user=0.00 sys=0.00, real=0.00 secs] 
46.061: [GC 46.061: [ParNew
Desired survivor size 1343488 bytes, new threshold 4 (max 4)
- age   1:     237048 bytes,     237048 total
- age   2:     412736 bytes,     649784 total
- age   3:     294072 bytes,     943856 total
- age   4:     252120 bytes,    1195976 total
: 17140K->1171K(18624K), 0.0016939 secs] 27818K->11912K(83392K), 0.0017908 secs] [Times: user=0.00 sys=0.00, real=0.00 secs] 
46.075: [GC 46.075: [ParNew
Desired survivor size 1343488 bytes, new threshold 4 (max 4)
- age   1:      89920 bytes,      89920 total
- age   2:     192072 bytes,     281992 total
- age   3:     412736 bytes,     694728 total
- age   4:     247096 bytes,     941824 total
: 17140K->921K(18624K), 0.0016843 secs] 27880K->11908K(83392K), 0.0017653 secs] [Times: user=0.00 sys=0.00, real=0.00 secs] 
46.088: [GC 46.089: [ParNew
Desired survivor size 1343488 bytes, new threshold 4 (max 4)
- age   1:     586120 bytes,     586120 total
- age   2:      58248 bytes,     644368 total
- age   3:     192072 bytes,     836440 total
- age   4:     412736 bytes,    1249176 total
: 16917K->1225K(18624K), 0.0017926 secs] 27904K->12453K(83392K), 0.0018909 secs] [Times: user=0.00 sys=0.00, real=0.00 secs] 
46.103: [GC 46.103: [ParNew
Desired survivor size 1343488 bytes, new threshold 4 (max 4)
- age   1:     720856 bytes,     720856 total
- age   2:     413800 bytes,    1134656 total
- age   3:      58248 bytes,    1192904 total
- age   4:     192072 bytes,    1384976 total
: 17221K->1355K(18624K), 0.0026070 secs] 28449K->12986K(83392K), 0.0027234 secs] [Times: user=0.01 sys=0.00, real=0.01 secs] 
46.117: [GC 46.117: [ParNew
Desired survivor size 1343488 bytes, new threshold 4 (max 4)
- age   1:     142800 bytes,     142800 total
- age   2:     470432 bytes,     613232 total
- age   3:     351144 bytes,     964376 total
- age   4:      58248 bytes,    1022624 total
: 17344K->1001K(18624K), 0.0018599 secs] 28976K->12820K(83392K), 0.0019760 secs] [Times: user=0.01 sys=0.00, real=0.00 secs] 
46.131: [GC 46.131: [ParNew
Desired survivor size 1343488 bytes, new threshold 4 (max 4)
- age   1:     276832 bytes,     276832 total
- age   2:      64040 bytes,     340872 total
- age   3:     174984 bytes,     515856 total
- age   4:     351144 bytes,     867000 total
: 16930K->851K(18624K), 0.0016079 secs] 28749K->12727K(83392K), 0.0017056 secs] [Times: user=0.00 sys=0.00, real=0.00 secs] 
46.145: [GC 46.145: [ParNew
Desired survivor size 1343488 bytes, new threshold 4 (max 4)
- age   1:    1059536 bytes,    1059536 total
- age   2:     198856 bytes,    1258392 total
- age   3:      64040 bytes,    1322432 total
- age   4:     174984 bytes,    1497416 total
: 16815K->1465K(18624K), 0.0023032 secs] 28691K->13684K(83392K), 0.0024249 secs] [Times: user=0.00 sys=0.00, real=0.00 secs] 
46.160: [GC 46.160: [ParNew
Desired survivor size 1343488 bytes, new threshold 4 (max 4)
- age   1:     307472 bytes,     307472 total
- age   2:     502584 bytes,     810056 total
- age   3:      82368 bytes,     892424 total
- age   4:      64040 bytes,     956464 total
: 17465K->937K(18624K), 0.0015957 secs] 29683K->13326K(83392K), 0.0017405 secs] [Times: user=0.00 sys=0.00, real=0.00 secs] 
46.173: [GC 46.174: [ParNew
Desired survivor size 1343488 bytes, new threshold 4 (max 4)
- age   1:     160712 bytes,     160712 total
- age   2:     241496 bytes,     402208 total
- age   3:     502584 bytes,     904792 total
- age   4:      82368 bytes,     987160 total
: 16936K->967K(18624K), 0.0017364 secs] 29325K->13419K(83392K), 0.0019041 secs] [Times: user=0.00 sys=0.00, real=0.01 secs] 
46.188: [GC 46.188: [ParNew
Desired survivor size 1343488 bytes, new threshold 4 (max 4)
- age   1:     299488 bytes,     299488 total
- age   2:      91744 bytes,     391232 total
- age   3:     241496 bytes,     632728 total
- age   4:     502584 bytes,    1135312 total
: 16963K->1112K(18624K), 0.0017289 secs] 29415K->13644K(83392K), 0.0018258 secs] [Times: user=0.01 sys=0.00, real=0.00 secs] 
46.201: [GC 46.201: [ParNew
Desired survivor size 1343488 bytes, new threshold 4 (max 4)
- age   1:     269256 bytes,     269256 total
- age   2:     269368 bytes,     538624 total
- age   3:      25280 bytes,     563904 total
- age   4:     241496 bytes,     805400 total
: 17110K->790K(18624K), 0.0017217 secs] 29643K->13813K(83392K), 0.0018258 secs] [Times: user=0.00 sys=0.00, real=0.00 secs] 
46.215: [GC 46.215: [ParNew
Desired survivor size 1343488 bytes, new threshold 4 (max 4)
- age   1:     668016 bytes,     668016 total
- age   2:     117728 bytes,     785744 total
- age   3:     194080 bytes,     979824 total
- age   4:      25280 bytes,    1005104 total
: 16771K->985K(18624K), 0.0013423 secs] 29795K->14049K(83392K), 0.0014500 secs] [Times: user=0.00 sys=0.00, real=0.00 secs] 
46.228: [GC 46.229: [ParNew
Desired survivor size 1343488 bytes, new threshold 4 (max 4)
- age   1:     468528 bytes,     468528 total
- age   2:     426168 bytes,     894696 total
- age   3:     117728 bytes,    1012424 total
- age   4:     194080 bytes,    1206504 total
: 16980K->1181K(18624K), 0.0015454 secs] 30044K->14270K(83392K), 0.0016438 secs] [Times: user=0.00 sys=0.00, real=0.00 secs] 
46.242: [GC 46.242: [ParNew
Desired survivor size 1343488 bytes, new threshold 4 (max 4)
- age   1:     547808 bytes,     547808 total
- age   2:     422216 bytes,     970024 total
- age   3:     190096 bytes,    1160120 total
- age   4:     117728 bytes,    1277848 total
: 17162K->1251K(18624K), 0.0019286 secs] 30251K->14529K(83392K), 0.0021598 secs] [Times: user=0.01 sys=0.00, real=0.00 secs] 
46.259: [GC 46.260: [ParNew
Desired survivor size 1343488 bytes, new threshold 3 (max 4)
- age   1:     627368 bytes,     627368 total
- age   2:     461248 bytes,    1088616 total
- age   3:     422216 bytes,    1510832 total
- age   4:      36640 bytes,    1547472 total
: 17227K->1513K(18624K), 0.0017914 secs] 30505K->14906K(83392K), 0.0019426 secs] [Times: user=0.01 sys=0.00, real=0.00 secs] 
46.275: [GC 46.275: [ParNew
Desired survivor size 1343488 bytes, new threshold 2 (max 4)
- age   1:    1213032 bytes,    1213032 total
- age   2:     521776 bytes,    1734808 total
- age   3:     461248 bytes,    2196056 total
: 17456K->2146K(18624K), 0.0027923 secs] 30849K->15988K(83392K), 0.0028764 secs] [Times: user=0.01 sys=0.00, real=0.00 secs] 
46.291: [GC 46.291: [ParNew
Desired survivor size 1343488 bytes, new threshold 2 (max 4)
- age   1:     520224 bytes,     520224 total
- age   2:    1126608 bytes,    1646832 total
: 18098K->1611K(18624K), 0.0036050 secs] 31940K->16179K(83392K), 0.0037083 secs] [Times: user=0.00 sys=0.00, real=0.01 secs] 
46.306: [GC 46.306: [ParNew
Desired survivor size 1343488 bytes, new threshold 4 (max 4)
- age   1:     467520 bytes,     467520 total
- age   2:     391992 bytes,     859512 total
: 17600K->842K(18624K), 0.0022649 secs] 32168K->16510K(83392K), 0.0023627 secs] [Times: user=0.01 sys=0.00, real=0.00 secs] 
46.322: [GC 46.322: [ParNew
Desired survivor size 1343488 bytes, new threshold 4 (max 4)
- age   1:     467024 bytes,     467024 total
- age   2:     218536 bytes,     685560 total
- age   3:     391288 bytes,    1076848 total
: 16842K->1053K(18624K), 0.0015474 secs] 32510K->16721K(83392K), 0.0016439 secs] [Times: user=0.00 sys=0.00, real=0.00 secs] 
46.334: [GC 46.335: [ParNew
Desired survivor size 1343488 bytes, new threshold 4 (max 4)
- age   1:     540360 bytes,     540360 total
- age   2:     424800 bytes,     965160 total
- age   3:     218536 bytes,    1183696 total
- age   4:     229696 bytes,    1413392 total
: 17017K->1383K(18624K), 0.0018198 secs] 32686K->17051K(83392K), 0.0019888 secs] [Times: user=0.00 sys=0.00, real=0.00 secs] 
46.351: [GC 46.351: [ParNew
Desired survivor size 1343488 bytes, new threshold 4 (max 4)
- age   1:     450512 bytes,     450512 total
- age   2:     453960 bytes,     904472 total
- age   3:     424800 bytes,    1329272 total
- age   4:     218536 bytes,    1547808 total
: 17351K->1512K(18624K), 0.0025570 secs] 33019K->17405K(83392K), 0.0026566 secs] [Times: user=0.01 sys=0.00, real=0.00 secs] 
46.370: [GC 46.370: [ParNew
Desired survivor size 1343488 bytes, new threshold 4 (max 4)
- age   1:     347376 bytes,     347376 total
- age   2:     413480 bytes,     760856 total
- age   3:     292328 bytes,    1053184 total
- age   4:     423960 bytes,    1477144 total
: 17505K->1445K(18624K), 0.0021633 secs] 33398K->17552K(83392K), 0.0022846 secs] [Times: user=0.00 sys=0.00, real=0.00 secs] 
46.384: [GC 46.384: [ParNew
Desired survivor size 1343488 bytes, new threshold 4 (max 4)
- age   1:     244304 bytes,     244304 total
- age   2:     328984 bytes,     573288 total
- age   3:     413480 bytes,     986768 total
- age   4:     292328 bytes,    1279096 total
: 17427K->1264K(18624K), 0.0023761 secs] 33533K->17784K(83392K), 0.0024787 secs] [Times: user=0.01 sys=0.00, real=0.01 secs] 
46.398: [GC 46.398: [ParNew
Desired survivor size 1343488 bytes, new threshold 4 (max 4)
- age   1:     152672 bytes,     152672 total
- age   2:     146888 bytes,     299560 total
- age   3:     328984 bytes,     628544 total
- age   4:     413480 bytes,    1042024 total
: 17229K->1021K(18624K), 0.0017722 secs] 33749K->17827K(83392K), 0.0018645 secs] [Times: user=0.00 sys=0.00, real=0.00 secs] 
46.412: [GC 46.412: [ParNew
Desired survivor size 1343488 bytes, new threshold 4 (max 4)
- age   1:     217800 bytes,     217800 total
- age   2:     111088 bytes,     328888 total
- age   3:     146888 bytes,     475776 total
- age   4:      81976 bytes,     557752 total
: 17017K->552K(18624K), 0.0013908 secs] 33823K->17762K(83392K), 0.0014938 secs] [Times: user=0.00 sys=0.00, real=0.00 secs] 
46.429: [GC 46.429: [ParNew
Desired survivor size 1343488 bytes, new threshold 4 (max 4)
- age   1:     355528 bytes,     355528 total
- age   2:      48440 bytes,     403968 total
- age   3:     111088 bytes,     515056 total
- age   4:     146888 bytes,     661944 total
: 16519K->664K(18624K), 0.0014923 secs] 33728K->17955K(83392K), 0.0015694 secs] [Times: user=0.00 sys=0.00, real=0.00 secs] 
46.444: [GC 46.444: [ParNew
Desired survivor size 1343488 bytes, new threshold 4 (max 4)
- age   1:     219568 bytes,     219568 total
- age   2:     116064 bytes,     335632 total
- age   3:      48384 bytes,     384016 total
- age   4:         40 bytes,     384056 total
: 16664K->377K(18624K), 0.0010615 secs] 33955K->17812K(83392K), 0.0011386 secs] [Times: user=0.00 sys=0.00, real=0.01 secs] 
46.456: [GC 46.457: [ParNew
Desired survivor size 1343488 bytes, new threshold 4 (max 4)
- age   1:     487752 bytes,     487752 total
- age   2:     159968 bytes,     647720 total
- age   3:     116024 bytes,     763744 total
- age   4:      48384 bytes,     812128 total
: 16331K->802K(18624K), 0.0013883 secs] 33766K->18237K(83392K), 0.0015090 secs] [Times: user=0.00 sys=0.00, real=0.00 secs] 
46.471: [GC 46.471: [ParNew
Desired survivor size 1343488 bytes, new threshold 4 (max 4)
- age   1:     803464 bytes,     803464 total
- age   2:     127256 bytes,     930720 total
- age   3:     159968 bytes,    1090688 total
- age   4:     116024 bytes,    1206712 total
: 16799K->1184K(18624K), 0.0017147 secs] 34234K->18667K(83392K), 0.0017990 secs] [Times: user=0.00 sys=0.00, real=0.00 secs] 
46.484: [GC 46.484: [ParNew
Desired survivor size 1343488 bytes, new threshold 4 (max 4)
- age   1:     329752 bytes,     329752 total
- age   2:     762584 bytes,    1092336 total
- age   3:      81056 bytes,    1173392 total
- age   4:     159968 bytes,    1333360 total
: 17148K->1313K(18624K), 0.0019357 secs] 34630K->18909K(83392K), 0.0020827 secs] [Times: user=0.00 sys=0.00, real=0.01 secs] 
46.499: [GC 46.499: [ParNew
Desired survivor size 1343488 bytes, new threshold 4 (max 4)
- age   1:     123808 bytes,     123808 total
- age   2:     278584 bytes,     402392 total
- age   3:     411656 bytes,     814048 total
- age   4:      81056 bytes,     895104 total
: 17293K->881K(18624K), 0.0017341 secs] 34888K->18633K(83392K), 0.0018785 secs] [Times: user=0.01 sys=0.00, real=0.00 secs] 
46.512: [GC 46.512: [ParNew
Desired survivor size 1343488 bytes, new threshold 4 (max 4)
- age   1:     300784 bytes,     300784 total
- age   2:      67344 bytes,     368128 total
- age   3:     278584 bytes,     646712 total
- age   4:     327312 bytes,     974024 total
: 16811K->954K(18624K), 0.0018192 secs] 34562K->18785K(83392K), 0.0019312 secs] [Times: user=0.00 sys=0.00, real=0.00 secs] 
46.527: [GC 46.527: [ParNew
Desired survivor size 1343488 bytes, new threshold 4 (max 4)
- age   1:     448456 bytes,     448456 total
- age   2:     244448 bytes,     692904 total
- age   3:      67344 bytes,     760248 total
- age   4:     278584 bytes,    1038832 total
: 16954K->1017K(18624K), 0.0019135 secs] 34785K->19168K(83392K), 0.0020295 secs] [Times: user=0.01 sys=0.00, real=0.00 secs] 
46.545: [GC 46.545: [ParNew
Desired survivor size 1343488 bytes, new threshold 4 (max 4)
- age   1:     329776 bytes,     329776 total
- age   2:     375816 bytes,     705592 total
- age   4:      67344 bytes,     772936 total
: 16973K->757K(18624K), 0.0017237 secs] 35124K->19180K(83392K), 0.0018112 secs] [Times: user=0.00 sys=0.00, real=0.00 secs] 
46.559: [GC 46.559: [ParNew
Desired survivor size 1343488 bytes, new threshold 4 (max 4)
- age   1:     253096 bytes,     253096 total
- age   2:       7704 bytes,     260800 total
- age   3:     375816 bytes,     636616 total
: 16725K->625K(18624K), 0.0015993 secs] 35148K->19114K(83392K), 0.0016921 secs] [Times: user=0.00 sys=0.00, real=0.00 secs] 
46.574: [GC 46.574: [ParNew
Desired survivor size 1343488 bytes, new threshold 4 (max 4)
- age   1:     640144 bytes,     640144 total
- age   2:     168768 bytes,     808912 total
- age   3:       7216 bytes,     816128 total
- age   4:     375816 bytes,    1191944 total
: 16622K->1169K(18624K), 0.0013855 secs] 35110K->19657K(83392K), 0.0014677 secs] [Times: user=0.01 sys=0.00, real=0.01 secs] 
46.588: [GC 46.588: [ParNew
Desired survivor size 1343488 bytes, new threshold 2 (max 4)
- age   1:    1043720 bytes,    1043720 total
- age   2:     554816 bytes,    1598536 total
- age   3:     168768 bytes,    1767304 total
- age   4:       7216 bytes,    1774520 total
: 17150K->1738K(18624K), 0.0024246 secs] 35638K->20594K(83392K), 0.0025530 secs] [Times: user=0.01 sys=0.00, real=0.00 secs] 
46.602: [GC 46.602: [ParNew
Desired survivor size 1343488 bytes, new threshold 2 (max 4)
- age   1:     517488 bytes,     517488 total
- age   2:     960616 bytes,    1478104 total
: 17734K->1458K(18624K), 0.0024478 secs] 36589K->20811K(83392K), 0.0025521 secs] [Times: user=0.00 sys=0.00, real=0.01 secs] 
46.617: [GC 46.617: [ParNew
Desired survivor size 1343488 bytes, new threshold 4 (max 4)
- age   1:     516760 bytes,     516760 total
- age   2:      84704 bytes,     601464 total
: 17418K->590K(18624K), 0.0025588 secs] 36770K->20703K(83392K), 0.0026590 secs] [Times: user=0.01 sys=0.00, real=0.00 secs] 
46.638: [GC 46.639: [ParNew
Desired survivor size 1343488 bytes, new threshold 4 (max 4)
- age   1:     275632 bytes,     275632 total
- age   2:     279496 bytes,     555128 total
- age   3:      84704 bytes,     639832 total
: 16576K->627K(18624K), 0.0010912 secs] 36690K->20741K(83392K), 0.0012751 secs] [Times: user=0.00 sys=0.00, real=0.00 secs] 
46.653: [GC 46.653: [ParNew
Desired survivor size 1343488 bytes, new threshold 4 (max 4)
- age   1:     347952 bytes,     347952 total
- age   2:     222344 bytes,     570296 total
- age   3:     207840 bytes,     778136 total
- age   4:      84704 bytes,     862840 total
: 16623K->852K(18624K), 0.0013320 secs] 36736K->20965K(83392K), 0.0014554 secs] [Times: user=0.00 sys=0.00, real=0.00 secs] 
46.666: [GC 46.666: [ParNew
Desired survivor size 1343488 bytes, new threshold 4 (max 4)
- age   1:     283504 bytes,     283504 total
- age   2:     289368 bytes,     572872 total
- age   3:      96288 bytes,     669160 total
- age   4:     207840 bytes,     877000 total
: 16852K->865K(18624K), 0.0018485 secs] 36965K->21061K(83392K), 0.0019737 secs] [Times: user=0.00 sys=0.00, real=0.00 secs] 
46.681: [GC 46.681: [ParNew
Desired survivor size 1343488 bytes, new threshold 4 (max 4)
- age   1:     534280 bytes,     534280 total
- age   2:     218472 bytes,     752752 total
- age   3:     289368 bytes,    1042120 total
- age   4:      94552 bytes,    1136672 total
: 16840K->1121K(18624K), 0.0016687 secs] 37036K->21401K(83392K), 0.0017619 secs] [Times: user=0.00 sys=0.00, real=0.00 secs] 
46.695: [GC 46.695: [ParNew
Desired survivor size 1343488 bytes, new threshold 4 (max 4)
- age   1:     154408 bytes,     154408 total
- age   2:     466392 bytes,     620800 total
- age   3:      46312 bytes,     667112 total
- age   4:     289288 bytes,     956400 total
: 17089K->960K(18624K), 0.0016446 secs] 37368K->21331K(83392K), 0.0017576 secs] [Times: user=0.00 sys=0.00, real=0.00 secs] 
46.710: [GC 46.710: [ParNew
Desired survivor size 1343488 bytes, new threshold 3 (max 4)
- age   1:     994880 bytes,     994880 total
- age   2:      60272 bytes,    1055152 total
- age   3:     443864 bytes,    1499016 total
- age   4:      46312 bytes,    1545328 total
: 16938K->1543K(18624K), 0.0022001 secs] 37309K->22197K(83392K), 0.0023034 secs] [Times: user=0.00 sys=0.00, real=0.00 secs] 
46.725: [GC 46.725: [ParNew
Desired survivor size 1343488 bytes, new threshold 2 (max 4)
- age   1:     526864 bytes,     526864 total
- age   2:     970712 bytes,    1497576 total
- age   3:      60272 bytes,    1557848 total
: 17514K->1538K(18624K), 0.0022899 secs] 38168K->22670K(83392K), 0.0024165 secs] [Times: user=0.01 sys=0.00, real=0.00 secs] 
46.739: [GC 46.739: [ParNew
Desired survivor size 1343488 bytes, new threshold 4 (max 4)
- age   1:     365040 bytes,     365040 total
- age   2:     526864 bytes,     891904 total
: 17500K->875K(18624K), 0.0027574 secs] 38633K->23015K(83392K), 0.0028788 secs] [Times: user=0.00 sys=0.00, real=0.00 secs] 
46.754: [GC 46.754: [ParNew
Desired survivor size 1343488 bytes, new threshold 2 (max 4)
- age   1:    1155584 bytes,    1155584 total
- age   2:     286272 bytes,    1441856 total
- age   3:     526864 bytes,    1968720 total
: 16874K->1926K(18624K), 0.0024738 secs] 39014K->24065K(83392K), 0.0025843 secs] [Times: user=0.00 sys=0.00, real=0.01 secs] 
46.769: [GC 46.770: [ParNew
Desired survivor size 1343488 bytes, new threshold 4 (max 4)
- age   1:     348024 bytes,     348024 total
- age   2:     804040 bytes,    1152064 total
: 17918K->1128K(18624K), 0.0028271 secs] 40057K->24062K(83392K), 0.0029381 secs] [Times: user=0.01 sys=0.00, real=0.00 secs] 
46.785: [GC 46.785: [ParNew
Desired survivor size 1343488 bytes, new threshold 4 (max 4)
- age   1:     448856 bytes,     448856 total
- age   2:     267640 bytes,     716496 total
- age   3:     551112 bytes,    1267608 total
: 17128K->1240K(18624K), 0.0016698 secs] 40062K->24174K(83392K), 0.0017574 secs] [Times: user=0.00 sys=0.00, real=0.00 secs] 
46.797: [GC 46.798: [ParNew
Desired survivor size 1343488 bytes, new threshold 4 (max 4)
- age   1:     140776 bytes,     140776 total
- age   2:     448856 bytes,     589632 total
- age   3:     111136 bytes,     700768 total
- age   4:     442344 bytes,    1143112 total
: 17189K->1119K(18624K), 0.0017176 secs] 40123K->24052K(83392K), 0.0018188 secs] [Times: user=0.00 sys=0.00, real=0.00 secs] 
46.810: [GC 46.810: [ParNew
Desired survivor size 1343488 bytes, new threshold 4 (max 4)
- age   1:     321160 bytes,     321160 total
- age   2:      81528 bytes,     402688 total
- age   3:     448736 bytes,     851424 total
- age   4:     111136 bytes,     962560 total
: 17098K->942K(18624K), 0.0020152 secs] 40031K->24308K(83392K), 0.0021160 secs] [Times: user=0.00 sys=0.00, real=0.00 secs] 
46.825: [GC 46.825: [ParNew
Desired survivor size 1343488 bytes, new threshold 4 (max 4)
- age   1:     358200 bytes,     358200 total
- age   2:     108904 bytes,     467104 total
- age   3:      81528 bytes,     548632 total
- age   4:     448736 bytes,     997368 total
: 16906K->976K(18624K), 0.0021145 secs] 40272K->24451K(83392K), 0.0022335 secs] [Times: user=0.00 sys=0.00, real=0.00 secs] 
46.840: [GC 46.840: [ParNew
Desired survivor size 1343488 bytes, new threshold 4 (max 4)
- age   1:     715912 bytes,     715912 total
- age   2:     234704 bytes,     950616 total
- age   3:      65296 bytes,    1015912 total
- age   4:      81528 bytes,    1097440 total
: 16965K->1075K(18624K), 0.0017703 secs] 40439K->24987K(83392K), 0.0018594 secs] [Times: user=0.01 sys=0.00, real=0.00 secs] 
46.853: [GC 46.853: [ParNew
Desired survivor size 1343488 bytes, new threshold 4 (max 4)
- age   1:     754720 bytes,     754720 total
- age   2:     345920 bytes,    1100640 total
- age   3:     234704 bytes,    1335344 total
- age   4:      65296 bytes,    1400640 total
: 17061K->1371K(18624K), 0.0019397 secs] 40973K->25363K(83392K), 0.0020317 secs] [Times: user=0.00 sys=0.00, real=0.01 secs] 
46.867: [GC 46.867: [ParNew
Desired survivor size 1343488 bytes, new threshold 4 (max 4)
- age   1:     328208 bytes,     328208 total
- age   2:     581280 bytes,     909488 total
- age   3:     241760 bytes,    1151248 total
- age   4:     234704 bytes,    1385952 total
: 17368K->1357K(18624K), 0.0023027 secs] 41360K->25412K(83392K), 0.0024347 secs] [Times: user=0.00 sys=0.00, real=0.00 secs] 
46.885: [GC 46.885: [ParNew
Desired survivor size 1343488 bytes, new threshold 4 (max 4)
- age   1:     383336 bytes,     383336 total
- age   2:     293072 bytes,     676408 total
- age   3:     235352 bytes,     911760 total
- age   4:     241760 bytes,    1153520 total
: 17349K->1129K(18624K), 0.0017100 secs] 41404K->25413K(83392K), 0.0018191 secs] [Times: user=0.01 sys=0.00, real=0.00 secs] 
46.899: [GC 46.899: [ParNew
Desired survivor size 1343488 bytes, new threshold 4 (max 4)
- age   1:     418432 bytes,     418432 total
- age   2:     229984 bytes,     648416 total
- age   3:      19176 bytes,     667592 total
- age   4:     235352 bytes,     902944 total
: 17114K->884K(18624K), 0.0016414 secs] 41399K->25347K(83392K), 0.0017439 secs] [Times: user=0.01 sys=0.00, real=0.00 secs] 
46.915: [GC 46.915: [ParNew
Desired survivor size 1343488 bytes, new threshold 4 (max 4)
- age   1:     475840 bytes,     475840 total
- age   2:     376080 bytes,     851920 total
- age   3:      87288 bytes,     939208 total
- age   4:      19176 bytes,     958384 total
: 16884K->937K(18624K), 0.0016004 secs] 41347K->25630K(83392K), 0.0016893 secs] [Times: user=0.00 sys=0.00, real=0.00 secs] 
46.932: [GC 46.932: [ParNew
Desired survivor size 1343488 bytes, new threshold 4 (max 4)
- age   1:     524400 bytes,     524400 total
- age   2:     246136 bytes,     770536 total
- age   3:     141320 bytes,     911856 total
- age   4:      87288 bytes,     999144 total
: 16917K->979K(18624K), 0.0016531 secs] 41610K->25690K(83392K), 0.0017424 secs] [Times: user=0.01 sys=0.00, real=0.00 secs] 
46.945: [GC 46.946: [ParNew
Desired survivor size 1343488 bytes, new threshold 4 (max 4)
- age   1:     201056 bytes,     201056 total
- age   2:     477464 bytes,     678520 total
- age   3:     193296 bytes,     871816 total
- age   4:     141320 bytes,    1013136 total
: 16971K->993K(18624K), 0.0016978 secs] 41683K->25790K(83392K), 0.0018697 secs] [Times: user=0.00 sys=0.00, real=0.00 secs] 
46.963: [GC 46.963: [ParNew
Desired survivor size 1343488 bytes, new threshold 4 (max 4)
- age   1:     628696 bytes,     628696 total
- age   2:     186040 bytes,     814736 total
- age   3:     476312 bytes,    1291048 total
- age   4:     193296 bytes,    1484344 total
: 16979K->1455K(18624K), 0.0021027 secs] 41776K->26253K(83392K), 0.0021990 secs] [Times: user=0.00 sys=0.00, real=0.01 secs] 
46.978: [GC 46.978: [ParNew
Desired survivor size 1343488 bytes, new threshold 4 (max 4)
- age   1:     290320 bytes,     290320 total
- age   2:     580328 bytes,     870648 total
- age   3:     186040 bytes,    1056688 total
- age   4:     475272 bytes,    1531960 total
: 17448K->1509K(18624K), 0.0021236 secs] 42246K->26495K(83392K), 0.0022595 secs] [Times: user=0.00 sys=0.00, real=0.00 secs] 
46.992: [GC 46.992: [ParNew
Desired survivor size 1343488 bytes, new threshold 4 (max 4)
- age   1:     496376 bytes,     496376 total
- age   2:     226072 bytes,     722448 total
- age   3:     580328 bytes,    1302776 total
- age   4:     186040 bytes,    1488816 total
: 17504K->1454K(18624K), 0.0023691 secs] 42491K->26750K(83392K), 0.0024986 secs] [Times: user=0.01 sys=0.00, real=0.00 secs] 
47.006: [GC 47.006: [ParNew
Desired survivor size 1343488 bytes, new threshold 4 (max 4)
- age   1:     131928 bytes,     131928 total
- age   2:     428392 bytes,     560320 total
- age   3:      60472 bytes,     620792 total
- age   4:     580328 bytes,    1201120 total
: 17445K->1176K(18624K), 0.0018640 secs] 42741K->26655K(83392K), 0.0019632 secs] [Times: user=0.00 sys=0.00, real=0.00 secs] 
47.019: [GC 47.019: [ParNew
Desired survivor size 1343488 bytes, new threshold 4 (max 4)
- age   1:     104728 bytes,     104728 total
- age   2:      59384 bytes,     164112 total
- age   3:     428392 bytes,     592504 total
- age   4:      60472 bytes,     652976 total
: 17141K->640K(18624K), 0.0021574 secs] 42619K->26685K(83392K), 0.0022625 secs] [Times: user=0.00 sys=0.00, real=0.00 secs] 
47.032: [GC 47.032: [ParNew
Desired survivor size 1343488 bytes, new threshold 4 (max 4)
- age   1:     138128 bytes,     138128 total
- age   2:      78088 bytes,     216216 total
- age   3:      59384 bytes,     275600 total
- age   4:     428392 bytes,     703992 total
: 16621K->691K(18624K), 0.0013430 secs] 42666K->26795K(83392K), 0.0014299 secs] [Times: user=0.00 sys=0.00, real=0.00 secs] 
47.045: [GC 47.045: [ParNew
Desired survivor size 1343488 bytes, new threshold 4 (max 4)
- age   1:     500672 bytes,     500672 total
- age   2:      67912 bytes,     568584 total
- age   3:      78088 bytes,     646672 total
- age   4:      59384 bytes,     706056 total
: 16688K->693K(18624K), 0.0019757 secs] 42792K->27215K(83392K), 0.0020895 secs] [Times: user=0.01 sys=0.00, real=0.00 secs] 
47.059: [GC 47.059: [ParNew
Desired survivor size 1343488 bytes, new threshold 4 (max 4)
- age   1:     331096 bytes,     331096 total
- age   2:     432096 bytes,     763192 total
- age   3:         40 bytes,     763232 total
- age   4:      78088 bytes,     841320 total
: 16693K->825K(18624K), 0.0013606 secs] 43215K->27347K(83392K), 0.0014402 secs] [Times: user=0.01 sys=0.00, real=0.00 secs] 
47.073: [GC 47.073: [ParNew
Desired survivor size 1343488 bytes, new threshold 4 (max 4)
- age   1:     696208 bytes,     696208 total
- age   2:     140464 bytes,     836672 total
- age   3:     432096 bytes,    1268768 total
- age   4:         40 bytes,    1268808 total
: 16763K->1242K(18624K), 0.0017566 secs] 43285K->27841K(83392K), 0.0018547 secs] [Times: user=0.01 sys=0.00, real=0.01 secs] 
47.088: [GC 47.088: [ParNew
Desired survivor size 1343488 bytes, new threshold 2 (max 4)
- age   1:     711432 bytes,     711432 total
- age   2:     656112 bytes,    1367544 total
- age   3:      80824 bytes,    1448368 total
- age   4:     432096 bytes,    1880464 total
: 17241K->1839K(18624K), 0.0021539 secs] 43840K->28438K(83392K), 0.0022684 secs] [Times: user=0.00 sys=0.00, real=0.00 secs] 
47.101: [GC 47.101: [ParNew
Desired survivor size 1343488 bytes, new threshold 4 (max 4)
- age   1:     274008 bytes,     274008 total
- age   2:     651248 bytes,     925256 total
: 17742K->906K(18624K), 0.0024868 secs] 44341K->28505K(83392K), 0.0026090 secs] [Times: user=0.00 sys=0.00, real=0.00 secs] 
47.116: [GC 47.116: [ParNew
Desired survivor size 1343488 bytes, new threshold 4 (max 4)
- age   1:     546224 bytes,     546224 total
- age   2:     121888 bytes,     668112 total
- age   3:     596992 bytes,    1265104 total
: 16880K->1238K(18624K), 0.0023222 secs] 44478K->28836K(83392K), 0.0024939 secs] [Times: user=0.01 sys=0.00, real=0.00 secs] 
47.131: [GC 47.131: [ParNew
Desired survivor size 1343488 bytes, new threshold 4 (max 4)
- age   1:     340416 bytes,     340416 total
- age   2:     491816 bytes,     832232 total
- age   3:     121888 bytes,     954120 total
- age   4:     596992 bytes,    1551112 total
: 17237K->1517K(18624K), 0.0020329 secs] 44835K->29115K(83392K), 0.0021317 secs] [Times: user=0.00 sys=0.00, real=0.00 secs] 
47.146: [GC 47.147: [ParNew
Desired survivor size 1343488 bytes, new threshold 3 (max 4)
- age   1:     703352 bytes,     703352 total
- age   2:     334192 bytes,    1037544 total
- age   3:     491816 bytes,    1529360 total
- age   4:     121888 bytes,    1651248 total
: 17514K->1615K(18624K), 0.0024603 secs] 45112K->29796K(83392K), 0.0025781 secs] [Times: user=0.01 sys=0.00, real=0.00 secs] 
47.161: [GC 47.162: [ParNew
Desired survivor size 1343488 bytes, new threshold 3 (max 4)
- age   1:     473216 bytes,     473216 total
- age   2:     645104 bytes,    1118320 total
- age   3:     334192 bytes,    1452512 total
: 17589K->1423K(18624K), 0.0022550 secs] 45770K->29984K(83392K), 0.0023457 secs] [Times: user=0.00 sys=0.00, real=0.00 secs] 
47.176: [GC 47.176: [ParNew
Desired survivor size 1343488 bytes, new threshold 2 (max 4)
- age   1:    1243648 bytes,    1243648 total
- age   2:     303848 bytes,    1547496 total
- age   3:     645104 bytes,    2192600 total
: 17381K->2150K(18624K), 0.0023485 secs] 45943K->30783K(83392K), 0.0024453 secs] [Times: user=0.00 sys=0.00, real=0.00 secs] 
47.190: [GC 47.190: [ParNew
Desired survivor size 1343488 bytes, new threshold 2 (max 4)
- age   1:     341032 bytes,     341032 total
- age   2:    1243560 bytes,    1584592 total
: 18124K->1553K(18624K), 0.0030563 secs] 46756K->31112K(83392K), 0.0031719 secs] [Times: user=0.01 sys=0.00, real=0.00 secs] 
47.206: [GC 47.206: [ParNew
Desired survivor size 1343488 bytes, new threshold 4 (max 4)
- age   1:     482368 bytes,     482368 total
- age   2:     307792 bytes,     790160 total
: 17517K->775K(18624K), 0.0022328 secs] 47077K->31548K(83392K), 0.0023258 secs] [Times: user=0.01 sys=0.00, real=0.00 secs] 
47.209: [GC [1 CMS-initial-mark: 30773K(64768K)] 31600K(83392K), 0.0007538 secs] [Times: user=0.00 sys=0.00, real=0.00 secs] 
47.210: [CMS-concurrent-mark-start]
47.223: [GC 47.223: [ParNew
Desired survivor size 1343488 bytes, new threshold 4 (max 4)
- age   1:     435120 bytes,     435120 total
- age   2:     228224 bytes,     663344 total
- age   3:     247544 bytes,     910888 total
: 16730K->893K(18624K), 0.0013630 secs] 47504K->31666K(83392K), 0.0014621 secs] [Times: user=0.00 sys=0.00, real=0.01 secs] 
47.237: [GC 47.238: [ParNew
Desired survivor size 1343488 bytes, new threshold 4 (max 4)
- age   1:     251032 bytes,     251032 total
- age   2:     325008 bytes,     576040 total
- age   3:     228224 bytes,     804264 total
- age   4:     202112 bytes,    1006376 total
: 16845K->986K(18624K), 0.0015879 secs] 47618K->31760K(83392K), 0.0016815 secs] [Times: user=0.01 sys=0.00, real=0.00 secs] 
47.254: [GC 47.254: [ParNew
Desired survivor size 1343488 bytes, new threshold 4 (max 4)
- age   1:     411936 bytes,     411936 total
- age   2:     204208 bytes,     616144 total
- age   3:     324968 bytes,     941112 total
- age   4:     228224 bytes,    1169336 total
: 16967K->1145K(18624K), 0.0019741 secs] 47741K->32116K(83392K), 0.0020783 secs] [Times: user=0.00 sys=0.00, real=0.01 secs] 
47.274: [GC 47.274: [ParNew
Desired survivor size 1343488 bytes, new threshold 4 (max 4)
- age   1:     234568 bytes,     234568 total
- age   2:     316920 bytes,     551488 total
- age   3:     204208 bytes,     755696 total
- age   4:     324968 bytes,    1080664 total
: 17097K->1058K(18624K), 0.0017312 secs] 48068K->32252K(83392K), 0.0018117 secs] [Times: user=0.00 sys=0.00, real=0.01 secs] 
47.295: [GC 47.295: [ParNew
Desired survivor size 1343488 bytes, new threshold 4 (max 4)
- age   1:     293376 bytes,     293376 total
- age   2:      97280 bytes,     390656 total
- age   3:     231624 bytes,     622280 total
- age   4:     147024 bytes,     769304 total
: 17058K->753K(18624K), 0.0015626 secs] 48252K->32265K(83392K), 0.0016794 secs] [Times: user=0.00 sys=0.00, real=0.00 secs] 
47.305: [CMS-concurrent-mark: 0.081/0.095 secs] [Times: user=0.14 sys=0.00, real=0.10 secs] 
47.305: [CMS-concurrent-preclean-start]
47.306: [CMS-concurrent-preclean: 0.001/0.001 secs] [Times: user=0.00 sys=0.00, real=0.00 secs] 
47.306: [CMS-concurrent-abortable-preclean-start]
47.313: [GC 47.313: [ParNew
Desired survivor size 1343488 bytes, new threshold 4 (max 4)
- age   1:     281768 bytes,     281768 total
- age   2:     153632 bytes,     435400 total
- age   3:      52360 bytes,     487760 total
- age   4:     231624 bytes,     719384 total
: 16751K->705K(18624K), 0.0015803 secs] 48262K->32360K(83392K), 0.0016711 secs] [Times: user=0.00 sys=0.00, real=0.01 secs] 
47.328: [GC 47.328: [ParNew
Desired survivor size 1343488 bytes, new threshold 4 (max 4)
- age   1:     867752 bytes,     867752 total
- age   2:     136552 bytes,    1004304 total
- age   3:     153632 bytes,    1157936 total
- age   4:      52360 bytes,    1210296 total
: 16635K->1184K(18624K), 0.0018930 secs] 48289K->33065K(83392K), 0.0019936 secs] [Times: user=0.00 sys=0.00, real=0.00 secs] 
47.343: [GC 47.343: [ParNew
Desired survivor size 1343488 bytes, new threshold 2 (max 4)
- age   1:     768536 bytes,     768536 total
- age   2:     789864 bytes,    1558400 total
- age   3:      41136 bytes,    1599536 total
- age   4:     153632 bytes,    1753168 total
: 17184K->1714K(18624K), 0.0027045 secs] 49065K->33646K(83392K), 0.0027946 secs] [Times: user=0.00 sys=0.00, real=0.01 secs] 
47.360: [GC 47.360: [ParNew
Desired survivor size 1343488 bytes, new threshold 4 (max 4)
- age   1:     586304 bytes,     586304 total
- age   2:     722648 bytes,    1308952 total
: 17686K->1281K(18624K), 0.0025799 secs] 49618K->34174K(83392K), 0.0026706 secs] [Times: user=0.00 sys=0.00, real=0.00 secs] 
47.374: [GC 47.375: [ParNew
Desired survivor size 1343488 bytes, new threshold 2 (max 4)
- age   1:    1166240 bytes,    1166240 total
- age   2:     529840 bytes,    1696080 total
- age   3:     722648 bytes,    2418728 total
: 17231K->2364K(18624K), 0.0027452 secs] 50125K->35258K(83392K), 0.0028463 secs] [Times: user=0.01 sys=0.00, real=0.00 secs] 
47.390: [GC 47.390: [ParNew
Desired survivor size 1343488 bytes, new threshold 4 (max 4)
- age   1:     642832 bytes,     642832 total
- age   2:     572088 bytes,    1214920 total
: 18351K->1191K(18624K), 0.0027737 secs] 51244K->35307K(83392K), 0.0028681 secs] [Times: user=0.00 sys=0.00, real=0.00 secs] 
47.407: [GC 47.407: [ParNew
Desired survivor size 1343488 bytes, new threshold 3 (max 4)
- age   1:     599744 bytes,     599744 total
- age   2:     312936 bytes,     912680 total
- age   3:     572056 bytes,    1484736 total
: 17191K->1452K(18624K), 0.0020851 secs] 51307K->35569K(83392K), 0.0021934 secs] [Times: user=0.01 sys=0.00, real=0.00 secs] 
47.425: [GC 47.425: [ParNew
Desired survivor size 1343488 bytes, new threshold 4 (max 4)
- age   1:     672032 bytes,     672032 total
- age   2:     546864 bytes,    1218896 total
- age   3:      64048 bytes,    1282944 total
: 17450K->1258K(18624K), 0.0020040 secs] 51567K->35934K(83392K), 0.0020878 secs] [Times: user=0.00 sys=0.00, real=0.00 secs] 
47.440: [GC 47.441: [ParNew
Desired survivor size 1343488 bytes, new threshold 3 (max 4)
- age   1:     349704 bytes,     349704 total
- age   2:     502280 bytes,     851984 total
- age   3:     545696 bytes,    1397680 total
- age   4:      64048 bytes,    1461728 total
: 17258K->1430K(18624K), 0.0022082 secs] 51933K->36105K(83392K), 0.0023048 secs] [Times: user=0.00 sys=0.00, real=0.00 secs] 
47.458: [GC 47.458: [ParNew
Desired survivor size 1343488 bytes, new threshold 4 (max 4)
- age   1:     494840 bytes,     494840 total
- age   2:     281392 bytes,     776232 total
- age   3:     174200 bytes,     950432 total
: 17430K->940K(18624K), 0.0022825 secs] 52105K->36103K(83392K), 0.0023770 secs] [Times: user=0.00 sys=0.00, real=0.00 secs] 
47.473: [GC 47.473: [ParNew
Desired survivor size 1343488 bytes, new threshold 3 (max 4)
- age   1:     775880 bytes,     775880 total
- age   2:     437720 bytes,    1213600 total
- age   3:     281392 bytes,    1494992 total
- age   4:     174200 bytes,    1669192 total
: 16887K->1639K(18624K), 0.0020646 secs] 52050K->36802K(83392K), 0.0021618 secs] [Times: user=0.01 sys=0.00, real=0.01 secs] 
47.486: [GC 47.487: [ParNew
Desired survivor size 1343488 bytes, new threshold 3 (max 4)
- age   1:     483968 bytes,     483968 total
- age   2:     694168 bytes,    1178136 total
- age   3:     437720 bytes,    1615856 total
: 17609K->1609K(18624K), 0.0028181 secs] 52772K->37061K(83392K), 0.0029212 secs] [Times: user=0.01 sys=0.00, real=0.00 secs] 
47.503: [GC 47.503: [ParNew
Desired survivor size 1343488 bytes, new threshold 3 (max 4)
- age   1:     696480 bytes,     696480 total
- age   2:     400960 bytes,    1097440 total
- age   3:     344144 bytes,    1441584 total
: 17606K->1414K(18624K), 0.0019966 secs] 53058K->37294K(83392K), 0.0020874 secs] [Times: user=0.00 sys=0.00, real=0.01 secs] 
47.519: [GC 47.519: [ParNew
Desired survivor size 1343488 bytes, new threshold 3 (max 4)
- age   1:     290952 bytes,     290952 total
- age   2:     674328 bytes,     965280 total
- age   3:     400960 bytes,    1366240 total
: 17392K->1336K(18624K), 0.0022790 secs] 53272K->37552K(83392K), 0.0024349 secs] [Times: user=0.00 sys=0.00, real=0.00 secs] 
47.533: [GC 47.533: [ParNew
Desired survivor size 1343488 bytes, new threshold 4 (max 4)
- age   1:     196008 bytes,     196008 total
- age   2:     266232 bytes,     462240 total
- age   3:     674328 bytes,    1136568 total
: 17310K->1112K(18624K), 0.0023297 secs] 53526K->37719K(83392K), 0.0024265 secs] [Times: user=0.01 sys=0.00, real=0.01 secs] 
47.550: [GC 47.550: [ParNew
Desired survivor size 1343488 bytes, new threshold 4 (max 4)
- age   1:     333664 bytes,     333664 total
- age   2:     163808 bytes,     497472 total
- age   3:      62008 bytes,     559480 total
- age   4:     674328 bytes,    1233808 total
: 17096K->1206K(18624K), 0.0017894 secs] 53703K->37814K(83392K), 0.0019618 secs] [Times: user=0.01 sys=0.00, real=0.00 secs] 
47.565: [GC 47.565: [ParNew
Desired survivor size 1343488 bytes, new threshold 4 (max 4)
- age   1:     253328 bytes,     253328 total
- age   2:     292512 bytes,     545840 total
- age   3:     163808 bytes,     709648 total
- age   4:      62008 bytes,     771656 total
: 17170K->756K(18624K), 0.0015841 secs] 53778K->37632K(83392K), 0.0016906 secs] [Times: user=0.00 sys=0.00, real=0.00 secs] 
47.582: [GC 47.582: [ParNew
Desired survivor size 1343488 bytes, new threshold 4 (max 4)
- age   1:     476712 bytes,     476712 total
- age   2:     168320 bytes,     645032 total
- age   3:     292512 bytes,     937544 total
- age   4:     163808 bytes,    1101352 total
: 16727K->1076K(18624K), 0.0020510 secs] 53603K->38012K(83392K), 0.0021469 secs] [Times: user=0.00 sys=0.00, real=0.00 secs] 
47.597: [GC 47.597: [ParNew
Desired survivor size 1343488 bytes, new threshold 4 (max 4)
- age   1:     450928 bytes,     450928 total
- age   2:     315080 bytes,     766008 total
- age   3:     168320 bytes,     934328 total
- age   4:     292512 bytes,    1226840 total
: 17076K->1200K(18624K), 0.0019543 secs] 54012K->38240K(83392K), 0.0020516 secs] [Times: user=0.00 sys=0.00, real=0.00 secs] 
47.612: [GC 47.612: [ParNew
Desired survivor size 1343488 bytes, new threshold 4 (max 4)
- age   1:     398824 bytes,     398824 total
- age   2:     304696 bytes,     703520 total
- age   3:     315040 bytes,    1018560 total
- age   4:     168320 bytes,    1186880 total
: 17175K->1161K(18624K), 0.0017968 secs] 54215K->38487K(83392K), 0.0018839 secs] [Times: user=0.00 sys=0.00, real=0.00 secs] 
47.627: [GC 47.627: [ParNew
Desired survivor size 1343488 bytes, new threshold 4 (max 4)
- age   1:     139584 bytes,     139584 total
- age   2:     219200 bytes,     358784 total
- age   3:     304696 bytes,     663480 total
- age   4:     259832 bytes,     923312 total
: 17159K->904K(18624K), 0.0020723 secs] 54485K->38358K(83392K), 0.0022164 secs] [Times: user=0.01 sys=0.00, real=0.00 secs] 
47.641: [GC 47.641: [ParNew
Desired survivor size 1343488 bytes, new threshold 4 (max 4)
- age   1:     352424 bytes,     352424 total
- age   2:      85528 bytes,     437952 total
- age   3:     219200 bytes,     657152 total
- age   4:     304696 bytes,     961848 total
: 16892K->942K(18624K), 0.0017666 secs] 54346K->38650K(83392K), 0.0018641 secs] [Times: user=0.00 sys=0.00, real=0.00 secs] 
47.655: [GC 47.655: [ParNew
Desired survivor size 1343488 bytes, new threshold 4 (max 4)
- age   1:     405616 bytes,     405616 total
- age   2:     177416 bytes,     583032 total
- age   3:      85528 bytes,     668560 total
- age   4:     218936 bytes,     887496 total
: 16942K->868K(18624K), 0.0019231 secs] 54650K->38873K(83392K), 0.0020238 secs] [Times: user=0.00 sys=0.00, real=0.00 secs] 
47.668: [GC 47.669: [ParNew
Desired survivor size 1343488 bytes, new threshold 4 (max 4)
- age   1:     377184 bytes,     377184 total
- age   2:     281688 bytes,     658872 total
- age   3:     115408 bytes,     774280 total
- age   4:      85528 bytes,     859808 total
: 16866K->841K(18624K), 0.0017063 secs] 54871K->38979K(83392K), 0.0018279 secs] [Times: user=0.00 sys=0.00, real=0.00 secs] 
47.684: [GC 47.684: [ParNew
Desired survivor size 1343488 bytes, new threshold 4 (max 4)
- age   1:     330656 bytes,     330656 total
- age   2:     230624 bytes,     561280 total
- age   3:     104368 bytes,     665648 total
- age   4:     115408 bytes,     781056 total
: 16820K->765K(18624K), 0.0026213 secs] 54959K->38987K(83392K), 0.0027224 secs] [Times: user=0.01 sys=0.00, real=0.01 secs] 
47.700: [GC 47.700: [ParNew
Desired survivor size 1343488 bytes, new threshold 4 (max 4)
- age   1:     405840 bytes,     405840 total
- age   2:     181872 bytes,     587712 total
- age   3:     230624 bytes,     818336 total
- age   4:     104368 bytes,     922704 total
: 16762K->903K(18624K), 0.0016955 secs] 54984K->39238K(83392K), 0.0018158 secs] [Times: user=0.00 sys=0.00, real=0.00 secs] 
47.714: [GC 47.714: [ParNew
Desired survivor size 1343488 bytes, new threshold 4 (max 4)
- age   1:     216120 bytes,     216120 total
- age   2:     320936 bytes,     537056 total
- age   3:     181872 bytes,     718928 total
- age   4:     165240 bytes,     884168 total
: 16903K->866K(18624K), 0.0019522 secs] 55238K->39302K(83392K), 0.0020610 secs] [Times: user=0.00 sys=0.00, real=0.01 secs] 
47.729: [GC 47.729: [ParNew
Desired survivor size 1343488 bytes, new threshold 4 (max 4)
- age   1:     674328 bytes,     674328 total
- age   2:     155920 bytes,     830248 total
- age   3:     320936 bytes,    1151184 total
- age   4:     181872 bytes,    1333056 total
: 16850K->1303K(18624K), 0.0018298 secs] 55287K->39901K(83392K), 0.0019360 secs] [Times: user=0.00 sys=0.00, real=0.00 secs] 
47.742: [GC 47.742: [ParNew
Desired survivor size 1343488 bytes, new threshold 4 (max 4)
- age   1:     427624 bytes,     427624 total
- age   2:     343088 bytes,     770712 total
- age   3:     155920 bytes,     926632 total
- age   4:     320936 bytes,    1247568 total
: 17303K->1221K(18624K), 0.0019083 secs] 55901K->39818K(83392K), 0.0020045 secs] [Times: user=0.00 sys=0.00, real=0.00 secs] 
47.756: [GC 47.756: [ParNew
Desired survivor size 1343488 bytes, new threshold 4 (max 4)
- age   1:     415624 bytes,     415624 total
- age   2:     258544 bytes,     674168 total
- age   3:     343088 bytes,    1017256 total
- age   4:     155920 bytes,    1173176 total
: 17221K->1148K(18624K), 0.0019281 secs] 55818K->40058K(83392K), 0.0020186 secs] [Times: user=0.01 sys=0.00, real=0.00 secs] 
47.771: [GC 47.771: [ParNew
Desired survivor size 1343488 bytes, new threshold 4 (max 4)
- age   1:     700568 bytes,     700568 total
- age   2:     287752 bytes,     988320 total
- age   3:     258544 bytes,    1246864 total
- age   4:     343088 bytes,    1589952 total
: 17147K->1553K(18624K), 0.0027644 secs] 56058K->40616K(83392K), 0.0028931 secs] [Times: user=0.00 sys=0.00, real=0.00 secs] 
47.785: [GC 47.785: [ParNew
Desired survivor size 1343488 bytes, new threshold 3 (max 4)
- age   1:     417232 bytes,     417232 total
- age   2:     639616 bytes,    1056848 total
- age   3:     287752 bytes,    1344600 total
- age   4:     258544 bytes,    1603144 total
: 17504K->1572K(18624K), 0.0024385 secs] 56567K->40970K(83392K), 0.0026172 secs] [Times: user=0.01 sys=0.00, real=0.00 secs] 
47.801: [GC 47.801: [ParNew
Desired survivor size 1343488 bytes, new threshold 4 (max 4)
- age   1:     613680 bytes,     613680 total
- age   2:     138184 bytes,     751864 total
- age   3:     502520 bytes,    1254384 total
: 17572K->1228K(18624K), 0.0020808 secs] 56970K->41004K(83392K), 0.0021789 secs] [Times: user=0.00 sys=0.00, real=0.00 secs] 
47.816: [GC 47.816: [ParNew
Desired survivor size 1343488 bytes, new threshold 4 (max 4)
- age   1:     727176 bytes,     727176 total
- age   2:     248384 bytes,     975560 total
- age   3:     138184 bytes,    1113744 total
- age   4:     330312 bytes,    1444056 total
: 17191K->1418K(18624K), 0.0017628 secs] 56966K->41194K(83392K), 0.0018742 secs] [Times: user=0.00 sys=0.00, real=0.00 secs] 
47.830: [GC 47.830: [ParNew
Desired survivor size 1343488 bytes, new threshold 2 (max 4)
- age   1:    1053192 bytes,    1053192 total
- age   2:     566640 bytes,    1619832 total
- age   3:     248384 bytes,    1868216 total
- age   4:     138184 bytes,    2006400 total
: 17408K->1969K(18624K), 0.0028214 secs] 57184K->42046K(83392K), 0.0029197 secs] [Times: user=0.01 sys=0.00, real=0.00 secs] 
47.852: [GC 47.852: [ParNew
Desired survivor size 1343488 bytes, new threshold 2 (max 4)
- age   1:     468344 bytes,     468344 total
- age   2:    1020512 bytes,    1488856 total
: 17906K->1455K(18624K), 0.0029313 secs] 57983K->42462K(83392K), 0.0030391 secs] [Times: user=0.00 sys=0.00, real=0.01 secs] 
47.868: [GC 47.868: [ParNew
Desired survivor size 1343488 bytes, new threshold 4 (max 4)
- age   1:     233592 bytes,     233592 total
- age   2:     397032 bytes,     630624 total
: 17442K->622K(18624K), 0.0032857 secs] 58449K->42626K(83392K), 0.0033971 secs] [Times: user=0.01 sys=0.00, real=0.00 secs] 
47.883: [GC 47.884: [ParNew
Desired survivor size 1343488 bytes, new threshold 4 (max 4)
- age   1:     613672 bytes,     613672 total
- age   2:     188392 bytes,     802064 total
- age   3:     394896 bytes,    1196960 total
: 16594K->1182K(18624K), 0.0017666 secs] 58598K->43186K(83392K), 0.0018787 secs] [Times: user=0.00 sys=0.00, real=0.01 secs] 
47.897: [GC 47.897: [ParNew
Desired survivor size 1343488 bytes, new threshold 4 (max 4)
- age   1:     330872 bytes,     330872 total
- age   2:     511416 bytes,     842288 total
- age   3:     132632 bytes,     974920 total
- age   4:     394896 bytes,    1369816 total
: 17182K->1359K(18624K), 0.0018406 secs] 59186K->43363K(83392K), 0.0019335 secs] [Times: user=0.00 sys=0.00, real=0.00 secs] 
47.912: [GC 47.912: [ParNew
Desired survivor size 1343488 bytes, new threshold 3 (max 4)
- age   1:     858688 bytes,     858688 total
- age   2:     273768 bytes,    1132456 total
- age   3:     383160 bytes,    1515616 total
- age   4:     110520 bytes,    1626136 total
: 17349K->1613K(18624K), 0.0021755 secs] 59353K->43935K(83392K), 0.0023490 secs] [Times: user=0.01 sys=0.00, real=0.00 secs] 
47.929: [GC 47.929: [ParNew
Desired survivor size 1343488 bytes, new threshold 3 (max 4)
- age   1:     477592 bytes,     477592 total
- age   2:     703376 bytes,    1180968 total
- age   3:     273768 bytes,    1454736 total
: 17613K->1434K(18624K), 0.0033428 secs] 59935K->44238K(83392K), 0.0034438 secs] [Times: user=0.00 sys=0.00, real=0.00 secs] 
47.947: [GC 47.947: [ParNew
Desired survivor size 1343488 bytes, new threshold 3 (max 4)
- age   1:     276152 bytes,     276152 total
- age   2:     477296 bytes,     753448 total
- age   3:     703376 bytes,    1456824 total
: 17433K->1425K(18624K), 0.0021602 secs] 60238K->44497K(83392K), 0.0022719 secs] [Times: user=0.01 sys=0.00, real=0.00 secs] 
47.960: [GC 47.961: [ParNew
Desired survivor size 1343488 bytes, new threshold 4 (max 4)
- age   1:     269480 bytes,     269480 total
- age   2:     250520 bytes,     520000 total
- age   3:     163072 bytes,     683072 total
: 17425K->673K(18624K), 0.0017804 secs] 60497K->44254K(83392K), 0.0019485 secs] [Times: user=0.00 sys=0.00, real=0.00 secs] 
47.974: [GC 47.974: [ParNew
Desired survivor size 1343488 bytes, new threshold 4 (max 4)
- age   1:     409760 bytes,     409760 total
- age   2:     218272 bytes,     628032 total
- age   3:     250520 bytes,     878552 total
- age   4:     163072 bytes,    1041624 total
: 16659K->1027K(18624K), 0.0022425 secs] 60239K->44608K(83392K), 0.0023661 secs] [Times: user=0.00 sys=0.00, real=0.01 secs] 
47.988: [GC 47.988: [ParNew
Desired survivor size 1343488 bytes, new threshold 4 (max 4)
- age   1:     353008 bytes,     353008 total
- age   2:     350528 bytes,     703536 total
- age   3:     218272 bytes,     921808 total
- age   4:     250520 bytes,    1172328 total
: 16998K->1148K(18624K), 0.0021119 secs] 60578K->44887K(83392K), 0.0022302 secs] [Times: user=0.01 sys=0.00, real=0.00 secs] 
48.003: [GC 48.004: [ParNew
Desired survivor size 1343488 bytes, new threshold 4 (max 4)
- age   1:     197392 bytes,     197392 total
- age   2:         32 bytes,     197424 total
- age   3:     210704 bytes,     408128 total
- age   4:     218272 bytes,     626400 total
: 17148K->619K(18624K), 0.0014548 secs] 60887K->44532K(83392K), 0.0015645 secs] [Times: user=0.00 sys=0.00, real=0.01 secs] 
48.016: [GC 48.017: [ParNew
Desired survivor size 1343488 bytes, new threshold 4 (max 4)
- age   1:     317944 bytes,     317944 total
- age   2:     197392 bytes,     515336 total
- age   3:         32 bytes,     515368 total
- age   4:     210704 bytes,     726072 total
: 16596K->711K(18624K), 0.0025483 secs] 60509K->44837K(83392K), 0.0026517 secs] [Times: user=0.00 sys=0.00, real=0.00 secs] 
48.031: [GC 48.031: [ParNew
Desired survivor size 1343488 bytes, new threshold 4 (max 4)
- age   1:     513424 bytes,     513424 total
- age   2:     115112 bytes,     628536 total
- age   3:     197392 bytes,     825928 total
- age   4:         32 bytes,     825960 total
: 16707K->807K(18624K), 0.0020057 secs] 60833K->45139K(83392K), 0.0021207 secs] [Times: user=0.00 sys=0.00, real=0.00 secs] 
48.044: [GC 48.045: [ParNew
Desired survivor size 1343488 bytes, new threshold 4 (max 4)
- age   1:     640072 bytes,     640072 total
- age   2:     135648 bytes,     775720 total
- age   3:     115112 bytes,     890832 total
- age   4:     132888 bytes,    1023720 total
: 16744K->1004K(18624K), 0.0018694 secs] 61076K->45336K(83392K), 0.0019752 secs] [Times: user=0.00 sys=0.00, real=0.01 secs] 
48.059: [GC 48.059: [ParNew
Desired survivor size 1343488 bytes, new threshold 4 (max 4)
- age   1:     338528 bytes,     338528 total
- age   2:     363400 bytes,     701928 total
- age   3:     135648 bytes,     837576 total
- age   4:     115112 bytes,     952688 total
: 16966K->934K(18624K), 0.0016218 secs] 61297K->45395K(83392K), 0.0017143 secs] [Times: user=0.01 sys=0.00, real=0.00 secs] 
48.072: [GC 48.072: [ParNew
Desired survivor size 1343488 bytes, new threshold 4 (max 4)
- age   1:     829016 bytes,     829016 total
- age   2:     142616 bytes,     971632 total
- age   3:     363400 bytes,    1335032 total
- age   4:     135648 bytes,    1470680 total
: 16925K->1439K(18624K), 0.0023105 secs] 61387K->46013K(83392K), 0.0024578 secs] [Times: user=0.00 sys=0.00, real=0.01 secs] 
48.087: [GC 48.087: [ParNew
Desired survivor size 1343488 bytes, new threshold 4 (max 4)
- age   1:     626664 bytes,     626664 total
- age   2:     202544 bytes,     829208 total
- age   3:     142616 bytes,     971824 total
- age   4:     363400 bytes,    1335224 total
: 17408K->1307K(18624K), 0.0022266 secs] 61982K->46013K(83392K), 0.0023348 secs] [Times: user=0.00 sys=0.00, real=0.00 secs] 
48.100: [GC 48.100: [ParNew
Desired survivor size 1343488 bytes, new threshold 4 (max 4)
- age   1:     472376 bytes,     472376 total
- age   2:     197904 bytes,     670280 total
- age   3:     202544 bytes,     872824 total
- age   4:     142616 bytes,    1015440 total
: 17289K->995K(18624K), 0.0023393 secs] 61996K->46056K(83392K), 0.0024845 secs] [Times: user=0.00 sys=0.00, real=0.00 secs] 
48.116: [GC 48.116: [ParNew
Desired survivor size 1343488 bytes, new threshold 4 (max 4)
- age   1:     402016 bytes,     402016 total
- age   2:     411456 bytes,     813472 total
- age   3:     197904 bytes,    1011376 total
- age   4:     202544 bytes,    1213920 total
: 16983K->1188K(18624K), 0.0019580 secs] 62044K->46388K(83392K), 0.0020590 secs] [Times: user=0.01 sys=0.00, real=0.00 secs] 
48.129: [GC 48.129: [ParNew
Desired survivor size 1343488 bytes, new threshold 4 (max 4)
- age   1:     517976 bytes,     517976 total
- age   2:     387464 bytes,     905440 total
- age   3:     411456 bytes,    1316896 total
- age   4:     197904 bytes,    1514800 total
: 17164K->1482K(18624K), 0.0025387 secs] 62365K->46880K(83392K), 0.0026813 secs] [Times: user=0.00 sys=0.00, real=0.00 secs] 
48.145: [GC 48.145: [ParNew
Desired survivor size 1343488 bytes, new threshold 4 (max 4)
- age   1:     577296 bytes,     577296 total
- age   2:     381112 bytes,     958408 total
- age   3:     310168 bytes,    1268576 total
- age   4:     411456 bytes,    1680032 total
: 17475K->1643K(18624K), 0.0024128 secs] 62873K->47235K(83392K), 0.0025276 secs] [Times: user=0.00 sys=0.00, real=0.00 secs] 
48.160: [GC 48.160: [ParNew
Desired survivor size 1343488 bytes, new threshold 3 (max 4)
- age   1:     823864 bytes,     823864 total
- age   2:     427472 bytes,    1251336 total
- age   3:     349528 bytes,    1600864 total
- age   4:     203328 bytes,    1804192 total
: 17634K->1764K(18624K), 0.0025597 secs] 63226K->47521K(83392K), 0.0026603 secs] [Times: user=0.01 sys=0.00, real=0.00 secs] 
48.176: [GC 48.176: [ParNew
Desired survivor size 1343488 bytes, new threshold 4 (max 4)
- age   1:     533032 bytes,     533032 total
- age   2:     290728 bytes,     823760 total
- age   3:     342176 bytes,    1165936 total
: 17759K->1145K(18624K), 0.0024661 secs] 63516K->47364K(83392K), 0.0025620 secs] [Times: user=0.00 sys=0.00, real=0.00 secs] 
48.190: [GC 48.190: [ParNew
Desired survivor size 1343488 bytes, new threshold 2 (max 4)
- age   1:    1061008 bytes,    1061008 total
- age   2:     474440 bytes,    1535448 total
- age   3:     290728 bytes,    1826176 total
- age   4:     342176 bytes,    2168352 total
: 17097K->2120K(18624K), 0.0024624 secs] 63316K->48339K(83392K), 0.0025713 secs] [Times: user=0.00 sys=0.00, real=0.00 secs] 
48.204: [GC 48.204: [ParNew
Desired survivor size 1343488 bytes, new threshold 4 (max 4)
- age   1:     374464 bytes,     374464 total
- age   2:     606784 bytes,     981248 total
: 18117K->962K(18624K), 0.0026032 secs] 64336K->48174K(83392K), 0.0027104 secs] [Times: user=0.01 sys=0.00, real=0.01 secs] 
48.221: [GC 48.221: [ParNew
Desired survivor size 1343488 bytes, new threshold 3 (max 4)
- age   1:     794680 bytes,     794680 total
- age   2:     297352 bytes,    1092032 total
- age   3:     606784 bytes,    1698816 total
: 16891K->1661K(18624K), 0.0022117 secs] 64103K->48874K(83392K), 0.0035982 secs] [Times: user=0.00 sys=0.00, real=0.00 secs] 
48.238: [GC 48.239: [ParNew
Desired survivor size 1343488 bytes, new threshold 4 (max 4)
- age   1:     522848 bytes,     522848 total
- age   2:     708704 bytes,    1231552 total
- age   3:      49480 bytes,    1281032 total
: 17637K->1253K(18624K), 0.0026355 secs] 64849K->49058K(83392K), 0.0027654 secs] [Times: user=0.01 sys=0.00, real=0.00 secs] 
48.254: [GC 48.254: [ParNew
Desired survivor size 1343488 bytes, new threshold 3 (max 4)
- age   1:     449976 bytes,     449976 total
- age   2:     384536 bytes,     834512 total
- age   3:     617336 bytes,    1451848 total
- age   4:         88 bytes,    1451936 total
: 17252K->1420K(18624K), 0.0019433 secs] 65057K->49225K(83392K), 0.0020337 secs] [Times: user=0.00 sys=0.00, real=0.01 secs] 
48.269: [GC 48.269: [ParNew
Desired survivor size 1343488 bytes, new threshold 4 (max 4)
- age   1:     507552 bytes,     507552 total
- age   2:     381584 bytes,     889136 total
- age   3:     384536 bytes,    1273672 total
: 17415K->1248K(18624K), 0.0025933 secs] 65220K->49429K(83392K), 0.0027434 secs] [Times: user=0.00 sys=0.00, real=0.00 secs] 
48.283: [GC 48.283: [ParNew
Desired survivor size 1343488 bytes, new threshold 3 (max 4)
- age   1:     805120 bytes,     805120 total
- age   2:     381456 bytes,    1186576 total
- age   3:     381584 bytes,    1568160 total
- age   4:     384536 bytes,    1952696 total
: 17225K->1907K(18624K), 0.0025057 secs] 65406K->50088K(83392K), 0.0026276 secs] [Times: user=0.01 sys=0.00, real=0.01 secs] 
48.297: [GC 48.297: [ParNew
Desired survivor size 1343488 bytes, new threshold 2 (max 4)
- age   1:    1304696 bytes,    1304696 total
- age   2:     637128 bytes,    1941824 total
- age   3:     381456 bytes,    2323280 total
: 17866K->2273K(18624K), 0.0038882 secs] 66047K->51202K(83392K), 0.0040145 secs] [Times: user=0.01 sys=0.00, real=0.00 secs] 
48.316: [GC 48.316: [ParNew
Desired survivor size 1343488 bytes, new threshold 2 (max 4)
- age   1:     528424 bytes,     528424 total
- age   2:    1134952 bytes,    1663376 total
: 18224K->1626K(18624K), 0.0034244 secs] 67154K->51335K(83392K), 0.0035357 secs] [Times: user=0.01 sys=0.00, real=0.00 secs] 
48.337: [GC 48.337: [ParNew
Desired survivor size 1343488 bytes, new threshold 4 (max 4)
- age   1:     322528 bytes,     322528 total
- age   2:     357624 bytes,     680152 total
: 17626K->666K(18624K), 0.0023604 secs] 67335K->51419K(83392K), 0.0024670 secs] [Times: user=0.01 sys=0.00, real=0.00 secs] 
48.351: [GC 48.351: [ParNew
Desired survivor size 1343488 bytes, new threshold 4 (max 4)
- age   1:     546768 bytes,     546768 total
- age   2:     236920 bytes,     783688 total
- age   3:     357624 bytes,    1141312 total
: 16627K->1122K(18624K), 0.0018829 secs] 67380K->51875K(83392K), 0.0020661 secs] [Times: user=0.00 sys=0.00, real=0.00 secs] 
48.364: [GC 48.365: [ParNew
Desired survivor size 1343488 bytes, new threshold 4 (max 4)
- age   1:     275592 bytes,     275592 total
- age   2:     462944 bytes,     738536 total
- age   3:     236920 bytes,     975456 total
- age   4:     357624 bytes,    1333080 total
: 17116K->1312K(18624K), 0.0021637 secs] 67869K->52065K(83392K), 0.0022768 secs] [Times: user=0.00 sys=0.00, real=0.00 secs] 
48.381: [GC 48.381: [ParNew
Desired survivor size 1343488 bytes, new threshold 4 (max 4)
- age   1:     405056 bytes,     405056 total
- age   2:     174032 bytes,     579088 total
- age   3:     368464 bytes,     947552 total
- age   4:     236920 bytes,    1184472 total
: 17302K->1162K(18624K), 0.0033060 secs] 68055K->52265K(83392K), 0.0034208 secs] [Times: user=0.01 sys=0.00, real=0.00 secs] 
48.395: [GC 48.395: [ParNew
Desired survivor size 1343488 bytes, new threshold 4 (max 4)
- age   1:     188744 bytes,     188744 total
- age   2:     357232 bytes,     545976 total
- age   3:     174032 bytes,     720008 total
- age   4:     368464 bytes,    1088472 total
: 17131K->1082K(18624K), 0.0024539 secs] 68233K->52416K(83392K), 0.0025663 secs] [Times: user=0.00 sys=0.00, real=0.00 secs] 
48.411: [GC 48.411: [ParNew
Desired survivor size 1343488 bytes, new threshold 4 (max 4)
- age   1:     638544 bytes,     638544 total
- age   2:     108440 bytes,     746984 total
- age   3:     305736 bytes,    1052720 total
- age   4:     173992 bytes,    1226712 total
: 17081K->1202K(18624K), 0.0024191 secs] 68415K->52895K(83392K), 0.0025281 secs] [Times: user=0.01 sys=0.00, real=0.00 secs] 
48.428: [GC 48.428: [ParNew
Desired survivor size 1343488 bytes, new threshold 4 (max 4)
- age   1:     464744 bytes,     464744 total
- age   2:     553408 bytes,    1018152 total
- age   3:     108440 bytes,    1126592 total
- age   4:     305736 bytes,    1432328 total
: 17146K->1402K(18624K), 0.0024167 secs] 68839K->53265K(83392K), 0.0025192 secs] [Times: user=0.01 sys=0.00, real=0.00 secs] 
48.444: [GC 48.444: [ParNew
Desired survivor size 1343488 bytes, new threshold 4 (max 4)
- age   1:     717832 bytes,     717832 total
- age   2:     224232 bytes,     942064 total
- age   3:     262736 bytes,    1204800 total
- age   4:     108440 bytes,    1313240 total
: 17399K->1284K(18624K), 0.0020131 secs] 69262K->53446K(83392K), 0.0021528 secs] [Times: user=0.00 sys=0.00, real=0.01 secs] 
48.460: [GC 48.460: [ParNew
Desired survivor size 1343488 bytes, new threshold 4 (max 4)
- age   1:     545592 bytes,     545592 total
- age   2:     172864 bytes,     718456 total
- age   3:     223488 bytes,     941944 total
- age   4:     262736 bytes,    1204680 total
: 17236K->1178K(18624K), 0.0018626 secs] 69398K->53446K(83392K), 0.0019686 secs] [Times: user=0.00 sys=0.00, real=0.00 secs] 
48.480: [GC 48.480: [ParNew
Desired survivor size 1343488 bytes, new threshold 4 (max 4)
- age   1:     351584 bytes,     351584 total
- age   2:     488784 bytes,     840368 total
- age   3:     172864 bytes,    1013232 total
- age   4:     223488 bytes,    1236720 total
: 17166K->1211K(18624K), 0.0020782 secs] 69434K->53735K(83392K), 0.0021820 secs] [Times: user=0.00 sys=0.00, real=0.00 secs] 
48.496: [GC 48.496: [ParNew
Desired survivor size 1343488 bytes, new threshold 4 (max 4)
- age   1:     664256 bytes,     664256 total
- age   2:     272544 bytes,     936800 total
- age   3:      11776 bytes,     948576 total
- age   4:     172864 bytes,    1121440 total
: 17185K->1113K(18624K), 0.0020975 secs] 69709K->53855K(83392K), 0.0021927 secs] [Times: user=0.01 sys=0.00, real=0.00 secs] 
48.511: [GC 48.511: [ParNew
Desired survivor size 1343488 bytes, new threshold 4 (max 4)
- age   1:     183688 bytes,     183688 total
- age   2:     644224 bytes,     827912 total
- age   3:     272544 bytes,    1100456 total
- age   4:      11776 bytes,    1112232 total
: 17078K->1107K(18624K), 0.0022315 secs] 69821K->54018K(83392K), 0.0023450 secs] [Times: user=0.00 sys=0.00, real=0.00 secs] 
48.528: [GC 48.528: [ParNew
Desired survivor size 1343488 bytes, new threshold 4 (max 4)
- age   1:     480504 bytes,     480504 total
- age   2:      46792 bytes,     527296 total
- age   3:     227432 bytes,     754728 total
- age   4:     272544 bytes,    1027272 total
: 17107K->1012K(18624K), 0.0017658 secs] 70018K->53935K(83392K), 0.0018567 secs] [Times: user=0.00 sys=0.00, real=0.00 secs] 
48.543: [GC 48.543: [ParNew
Desired survivor size 1343488 bytes, new threshold 4 (max 4)
- age   1:     463488 bytes,     463488 total
- age   2:     231168 bytes,     694656 total
- age   3:      46792 bytes,     741448 total
- age   4:     227432 bytes,     968880 total
: 17010K->949K(18624K), 0.0024136 secs] 69932K->54138K(83392K), 0.0025394 secs] [Times: user=0.00 sys=0.00, real=0.01 secs] 
48.560: [GC 48.560: [ParNew
Desired survivor size 1343488 bytes, new threshold 4 (max 4)
- age   1:     274952 bytes,     274952 total
- age   2:     261960 bytes,     536912 total
- age   3:      67320 bytes,     604232 total
- age   4:      46792 bytes,     651024 total
: 16924K->639K(18624K), 0.0018616 secs] 70112K->54050K(83392K), 0.0019631 secs] [Times: user=0.00 sys=0.00, real=0.00 secs] 
48.575: [GC 48.575: [ParNew
Desired survivor size 1343488 bytes, new threshold 4 (max 4)
- age   1:     304232 bytes,     304232 total
- age   2:      33936 bytes,     338168 total
- age   3:     142984 bytes,     481152 total
- age   4:      67320 bytes,     548472 total
: 16619K->549K(18624K), 0.0014672 secs] 70030K->54006K(83392K), 0.0015667 secs] [Times: user=0.00 sys=0.00, real=0.00 secs] 
48.590: [GC 48.590: [ParNew
Desired survivor size 1343488 bytes, new threshold 4 (max 4)
- age   1:     502704 bytes,     502704 total
- age   2:      64944 bytes,     567648 total
- age   3:      31872 bytes,     599520 total
- age   4:     142744 bytes,     742264 total
: 16509K->745K(18624K), 0.0021161 secs] 69965K->54267K(83392K), 0.0022049 secs] [Times: user=0.00 sys=0.00, real=0.00 secs] 
48.603: [GC 48.603: [ParNew
Desired survivor size 1343488 bytes, new threshold 4 (max 4)
- age   1:     571560 bytes,     571560 total
- age   2:     302240 bytes,     873800 total
- age   3:      64944 bytes,     938744 total
- age   4:      32112 bytes,     970856 total
: 16706K->950K(18624K), 0.0020402 secs] 70228K->54612K(83392K), 0.0022110 secs] [Times: user=0.00 sys=0.00, real=0.01 secs] 
48.618: [GC 48.618: [ParNew
Desired survivor size 1343488 bytes, new threshold 4 (max 4)
- age   1:     329040 bytes,     329040 total
- age   2:     430776 bytes,     759816 total
- age   3:     302240 bytes,    1062056 total
- age   4:      64944 bytes,    1127000 total
: 16937K->1128K(18624K), 0.0021242 secs] 70598K->54821K(83392K), 0.0022416 secs] [Times: user=0.01 sys=0.00, real=0.00 secs] 
48.632: [GC 48.632: [ParNew
Desired survivor size 1343488 bytes, new threshold 4 (max 4)
- age   1:     336760 bytes,     336760 total
- age   2:     194192 bytes,     530952 total
- age   3:     430776 bytes,     961728 total
- age   4:      99304 bytes,    1061032 total
: 17114K->1045K(18624K), 0.0018285 secs] 70807K->54801K(83392K), 0.0019156 secs] [Times: user=0.01 sys=0.01, real=0.00 secs] 
48.646: [GC 48.646: [ParNew
Desired survivor size 1343488 bytes, new threshold 4 (max 4)
- age   1:     221440 bytes,     221440 total
- age   2:     213936 bytes,     435376 total
- age   3:     194192 bytes,     629568 total
- age   4:     257280 bytes,     886848 total
: 17033K->870K(18624K), 0.0017015 secs] 70789K->54723K(83392K), 0.0018258 secs] [Times: user=0.00 sys=0.00, real=0.00 secs] 
48.661: [GC 48.661: [ParNew
Desired survivor size 1343488 bytes, new threshold 4 (max 4)
- age   1:     634104 bytes,     634104 total
- age   2:     189768 bytes,     823872 total
- age   3:     108792 bytes,     932664 total
- age   4:     101848 bytes,    1034512 total
: 16863K->1013K(18624K), 0.0017004 secs] 70716K->55117K(83392K), 0.0017846 secs] [Times: user=0.00 sys=0.00, real=0.00 secs] 
48.674: [GC 48.674: [ParNew
Desired survivor size 1343488 bytes, new threshold 4 (max 4)
- age   1:     578768 bytes,     578768 total
- age   2:     608384 bytes,    1187152 total
- age   3:      55272 bytes,    1242424 total
- age   4:     108792 bytes,    1351216 total
: 16975K->1320K(18624K), 0.0024698 secs] 71079K->55524K(83392K), 0.0025685 secs] [Times: user=0.00 sys=0.00, real=0.01 secs] 
48.691: [GC 48.691: [ParNew
Desired survivor size 1343488 bytes, new threshold 3 (max 4)
- age   1:     533144 bytes,     533144 total
- age   2:     492480 bytes,    1025624 total
- age   3:     572408 bytes,    1598032 total
- age   4:      55272 bytes,    1653304 total
: 17320K->1616K(18624K), 0.0024640 secs] 71524K->55926K(83392K), 0.0025789 secs] [Times: user=0.01 sys=0.00, real=0.00 secs] 
48.707: [GC 48.707: [ParNew
Desired survivor size 1343488 bytes, new threshold 4 (max 4)
- age   1:     286392 bytes,     286392 total
- age   2:     353208 bytes,     639600 total
- age   3:     492480 bytes,    1132080 total
: 17552K->1108K(18624K), 0.0026500 secs] 71862K->55997K(83392K), 0.0027491 secs] [Times: user=0.00 sys=0.00, real=0.00 secs] 
48.723: [GC 48.723: [ParNew
Desired survivor size 1343488 bytes, new threshold 4 (max 4)
- age   1:     541168 bytes,     541168 total
- age   2:     205192 bytes,     746360 total
- age   3:     182888 bytes,     929248 total
- age   4:     458520 bytes,    1387768 total
: 17104K->1357K(18624K), 0.0019202 secs] 71992K->56245K(83392K), 0.0020540 secs] [Times: user=0.01 sys=0.00, real=0.01 secs] 
48.736: [GC 48.736: [ParNew
Desired survivor size 1343488 bytes, new threshold 4 (max 4)
- age   1:     551552 bytes,     551552 total
- age   2:     494376 bytes,    1045928 total
- age   3:     205192 bytes,    1251120 total
- age   4:     182888 bytes,    1434008 total
: 17346K->1407K(18624K), 0.0024173 secs] 72234K->56523K(83392K), 0.0025159 secs] [Times: user=0.01 sys=0.00, real=0.00 secs] 
48.750: [GC 48.750: [ParNew
Desired survivor size 1343488 bytes, new threshold 3 (max 4)
- age   1:     446736 bytes,     446736 total
- age   2:     423288 bytes,     870024 total
- age   3:     494376 bytes,    1364400 total
- age   4:     205192 bytes,    1569592 total
: 17406K->1535K(18624K), 0.0022905 secs] 72522K->56829K(83392K), 0.0024173 secs] [Times: user=0.00 sys=0.00, real=0.00 secs] 
48.766: [GC 48.766: [ParNew
Desired survivor size 1343488 bytes, new threshold 3 (max 4)
- age   1:     657752 bytes,     657752 total
- age   2:     417728 bytes,    1075480 total
- age   3:     423288 bytes,    1498768 total
: 17495K->1469K(18624K), 0.0024582 secs] 72790K->57388K(83392K), 0.0026087 secs] [Times: user=0.00 sys=0.00, real=0.00 secs] 
48.781: [GC 48.781: [ParNew
Desired survivor size 1343488 bytes, new threshold 3 (max 4)
- age   1:     934976 bytes,     934976 total
- age   2:     168624 bytes,    1103600 total
- age   3:     282024 bytes,    1385624 total
: 17411K->1356K(18624K), 0.0023408 secs] 73329K->57687K(83392K), 0.0024337 secs] [Times: user=0.01 sys=0.00, real=0.00 secs] 
48.799: [GC 48.799: [ParNew
Desired survivor size 1343488 bytes, new threshold 4 (max 4)
- age   1:     322176 bytes,     322176 total
- age   2:     747032 bytes,    1069208 total
- age   3:     168624 bytes,    1237832 total
: 17356K->1211K(18624K), 0.0023035 secs] 73687K->57817K(83392K), 0.0023977 secs] [Times: user=0.00 sys=0.00, real=0.00 secs] 
48.814: [GC 48.814: [ParNew
Desired survivor size 1343488 bytes, new threshold 3 (max 4)
- age   1:     549072 bytes,     549072 total
- age   2:     215344 bytes,     764416 total
- age   3:     747032 bytes,    1511448 total
- age   4:     168624 bytes,    1680072 total
: 17169K->1644K(18624K), 0.0024276 secs] 73776K->58251K(83392K), 0.0025417 secs] [Times: user=0.01 sys=0.00, real=0.01 secs] 
48.828: [GC 48.829: [ParNew
Desired survivor size 1343488 bytes, new threshold 4 (max 4)
- age   1:     421504 bytes,     421504 total
- age   2:     402280 bytes,     823784 total
- age   3:     215344 bytes,    1039128 total
: 17632K->1020K(18624K), 0.0026676 secs] 74239K->58520K(83392K), 0.0027720 secs] [Times: user=0.00 sys=0.00, real=0.00 secs] 
48.843: [GC 48.843: [ParNew
Desired survivor size 1343488 bytes, new threshold 4 (max 4)
- age   1:     429656 bytes,     429656 total
- age   2:     253536 bytes,     683192 total
- age   3:     402280 bytes,    1085472 total
- age   4:     215344 bytes,    1300816 total
: 17016K->1277K(18624K), 0.0020983 secs] 74517K->58777K(83392K), 0.0021999 secs] [Times: user=0.00 sys=0.00, real=0.01 secs] 
48.856: [GC 48.856: [ParNew
Desired survivor size 1343488 bytes, new threshold 4 (max 4)
- age   1:     531872 bytes,     531872 total
- age   2:     382768 bytes,     914640 total
- age   4:     259440 bytes,    1174080 total
: 17266K->1151K(18624K), 0.0027585 secs] 74767K->58861K(83392K), 0.0028780 secs] [Times: user=0.01 sys=0.00, real=0.00 secs] 
48.871: [GC 48.871: [ParNew
Desired survivor size 1343488 bytes, new threshold 4 (max 4)
- age   1:     481992 bytes,     481992 total
- age   2:     460168 bytes,     942160 total
- age   3:     353672 bytes,    1295832 total
: 17145K->1266K(18624K), 0.0026645 secs] 74856K->59148K(83392K), 0.0027820 secs] [Times: user=0.00 sys=0.00, real=0.00 secs] 
48.885: [GC 48.885: [ParNew
Desired survivor size 1343488 bytes, new threshold 4 (max 4)
- age   1:     301400 bytes,     301400 total
- age   2:     348920 bytes,     650320 total
- age   3:     427952 bytes,    1078272 total
- age   4:     299696 bytes,    1377968 total
: 17250K->1347K(18624K), 0.0022419 secs] 75132K->59229K(83392K), 0.0023371 secs] [Times: user=0.00 sys=0.00, real=0.00 secs] 
48.898: [GC 48.898: [ParNew
Desired survivor size 1343488 bytes, new threshold 4 (max 4)
- age   1:     385240 bytes,     385240 total
- age   2:     125472 bytes,     510712 total
- age   3:     348920 bytes,     859632 total
- age   4:     427952 bytes,    1287584 total
: 17337K->1260K(18624K), 0.0026388 secs] 75219K->59435K(83392K), 0.0027452 secs] [Times: user=0.01 sys=0.00, real=0.00 secs] 
48.913: [GC 48.913: [ParNew
Desired survivor size 1343488 bytes, new threshold 4 (max 4)
- age   1:     607496 bytes,     607496 total
- age   2:     156168 bytes,     763664 total
- age   3:     125472 bytes,     889136 total
- age   4:     348920 bytes,    1238056 total
: 17250K->1212K(18624K), 0.0023652 secs] 75424K->59804K(83392K), 0.0024879 secs] [Times: user=0.00 sys=0.00, real=0.01 secs] 
48.929: [GC 48.929: [ParNew
Desired survivor size 1343488 bytes, new threshold 4 (max 4)
- age   1:     545048 bytes,     545048 total
- age   2:     480944 bytes,    1025992 total
- age   3:     156168 bytes,    1182160 total
- age   4:     125472 bytes,    1307632 total
: 17186K->1280K(18624K), 0.0022237 secs] 75779K->60213K(83392K), 0.0023450 secs] [Times: user=0.00 sys=0.01, real=0.00 secs] 
48.943: [GC 48.943: [ParNew
Desired survivor size 1343488 bytes, new threshold 4 (max 4)
- age   1:     507984 bytes,     507984 total
- age   2:     275872 bytes,     783856 total
- age   3:     414136 bytes,    1197992 total
- age   4:     156168 bytes,    1354160 total
: 17177K->1325K(18624K), 0.0021518 secs] 76110K->60381K(83392K), 0.0022526 secs] [Times: user=0.00 sys=0.00, real=0.01 secs] 
48.958: [GC 48.958: [ParNew
Desired survivor size 1343488 bytes, new threshold 3 (max 4)
- age   1:     660120 bytes,     660120 total
- age   2:     449488 bytes,    1109608 total
- age   3:     275872 bytes,    1385480 total
- age   4:     204032 bytes,    1589512 total
: 17313K->1555K(18624K), 0.0019027 secs] 76368K->60611K(83392K), 0.0019942 secs] [Times: user=0.01 sys=0.00, real=0.00 secs] 
48.973: [GC 48.973: [ParNew
Desired survivor size 1343488 bytes, new threshold 3 (max 4)
- age   1:     494896 bytes,     494896 total
- age   2:     588144 bytes,    1083040 total
- age   3:     449488 bytes,    1532528 total
: 17551K->1500K(18624K), 0.0024814 secs] 76607K->61024K(83392K), 0.0025885 secs] [Times: user=0.00 sys=0.00, real=0.01 secs] 
48.987: [GC 48.987: [ParNew
Desired survivor size 1343488 bytes, new threshold 4 (max 4)
- age   1:     210176 bytes,     210176 total
- age   2:     427048 bytes,     637224 total
- age   3:     588144 bytes,    1225368 total
: 17488K->1200K(18624K), 0.0025643 secs] 77012K->61163K(83392K), 0.0026810 secs] [Times: user=0.00 sys=0.00, real=0.00 secs] 
49.001: [GC 49.001: [ParNew
Desired survivor size 1343488 bytes, new threshold 4 (max 4)
- age   1:     548336 bytes,     548336 total
- age   2:     121752 bytes,     670088 total
- age   3:     427048 bytes,    1097136 total
- age   4:     588144 bytes,    1685280 total
: 17199K->1647K(18624K), 0.0024753 secs] 77163K->61611K(83392K), 0.0026413 secs] [Times: user=0.01 sys=0.00, real=0.00 secs] 
49.015: [GC 49.015: [ParNew
Desired survivor size 1343488 bytes, new threshold 4 (max 4)
- age   1:     151568 bytes,     151568 total
- age   2:     508328 bytes,     659896 total
- age   3:     121752 bytes,     781648 total
- age   4:     255784 bytes,    1037432 total
: 17643K->1015K(18624K), 0.0027354 secs] 77606K->61553K(83392K), 0.0028603 secs] [Times: user=0.00 sys=0.00, real=0.00 secs] 
49.031: [GC 49.031: [ParNew
Desired survivor size 1343488 bytes, new threshold 4 (max 4)
- age   1:     116216 bytes,     116216 total
- age   2:     121288 bytes,     237504 total
- age   3:     508368 bytes,     745872 total
- age   4:     121752 bytes,     867624 total
: 17015K->849K(18624K), 0.0019735 secs] 77553K->61477K(83392K), 0.0020795 secs] [Times: user=0.00 sys=0.00, real=0.00 secs] 
49.046: [GC 49.046: [ParNew
Desired survivor size 1343488 bytes, new threshold 4 (max 4)
- age   1:     444320 bytes,     444320 total
- age   2:      45944 bytes,     490264 total
- age   3:     121288 bytes,     611552 total
- age   4:     508328 bytes,    1119880 total
: 16849K->1096K(18624K), 0.0018298 secs] 77477K->61842K(83392K), 0.0019100 secs] [Times: user=0.01 sys=0.00, real=0.00 secs] 
49.059: [GC 49.059: [ParNew
Desired survivor size 1343488 bytes, new threshold 4 (max 4)
- age   1:     625408 bytes,     625408 total
- age   2:     399000 bytes,    1024408 total
- age   3:      45944 bytes,    1070352 total
- age   4:     121288 bytes,    1191640 total
: 17064K->1167K(18624K), 0.0027433 secs] 77810K->62409K(83392K), 0.0028532 secs] [Times: user=0.01 sys=0.00, real=0.00 secs] 
49.074: [GC 49.074: [ParNew
Desired survivor size 1343488 bytes, new threshold 3 (max 4)
- age   1:     392312 bytes,     392312 total
- age   2:     572480 bytes,     964792 total
- age   3:     399000 bytes,    1363792 total
: 17157K->1335K(18624K), 0.0022483 secs] 78400K->62577K(83392K), 0.0024138 secs] [Times: user=0.00 sys=0.01, real=0.01 secs] 
49.088: [GC 49.088: [ParNew
Desired survivor size 1343488 bytes, new threshold 3 (max 4)
- age   1:     525648 bytes,     525648 total
- age   2:     276864 bytes,     802512 total
- age   3:     572480 bytes,    1374992 total
: 17281K->1346K(18624K), 0.0026550 secs] 78524K->62978K(83392K), 0.0027583 secs] [Times: user=0.00 sys=0.00, real=0.00 secs] 
49.102: [GC 49.102: [ParNew
Desired survivor size 1343488 bytes, new threshold 4 (max 4)
- age   1:     257480 bytes,     257480 total
- age   2:     441376 bytes,     698856 total
- age   3:     276864 bytes,     975720 total
: 17316K->956K(18624K), 0.0021198 secs] 78948K->63147K(83392K), 0.0022489 secs] [Times: user=0.01 sys=0.00, real=0.00 secs] 
49.115: [GC 49.116: [ParNew
Desired survivor size 1343488 bytes, new threshold 4 (max 4)
- age   1:     362048 bytes,     362048 total
- age   2:     216552 bytes,     578600 total
- age   3:     441376 bytes,    1019976 total
- age   4:     169048 bytes,    1189024 total
: 16952K->1164K(18624K), 0.0020447 secs] 79143K->63356K(83392K), 0.0021775 secs] [Times: user=0.00 sys=0.00, real=0.00 secs] 
49.132: [GC 49.132: [ParNew
Desired survivor size 1343488 bytes, new threshold 3 (max 4)
- age   1:     966840 bytes,     966840 total
- age   2:     300640 bytes,    1267480 total
- age   3:     216552 bytes,    1484032 total
- age   4:     441376 bytes,    1925408 total
: 17146K->1882K(18624K), 0.0027003 secs] 79338K->64074K(83392K), 0.0028053 secs] [Times: user=0.00 sys=0.00, real=0.01 secs] 
49.146: [GC 49.146: [ParNew
Desired survivor size 1343488 bytes, new threshold 2 (max 4)
- age   1:    1112568 bytes,    1112568 total
- age   2:     906944 bytes,    2019512 total
- age   3:     300640 bytes,    2320152 total
: 17871K->2268K(18624K), 0.0036967 secs] 80063K->65102K(83392K), 0.0037992 secs] [Times: user=0.01 sys=0.00, real=0.00 secs] 
49.163: [GC 49.163: [ParNew
Desired survivor size 1343488 bytes, new threshold 4 (max 4)
- age   1:     673464 bytes,     673464 total
- age   2:     625240 bytes,    1298704 total
: 18243K->1271K(18624K), 0.0034825 secs] 81077K->64944K(83392K), 0.0036004 secs] [Times: user=0.00 sys=0.00, real=0.01 secs] 
49.171: [CMS-concurrent-abortable-preclean: 0.086/1.865 secs] [Times: user=2.87 sys=0.13, real=1.86 secs] 
49.173: [GC[YG occupancy: 6929 K (18624 K)]49.173: [Rescan (parallel) , 0.0020046 secs]49.175: [weak refs processing, 0.0000233 secs] [1 CMS-remark: 63672K(64768K)] 70601K(83392K), 0.0022798 secs] [Times: user=0.00 sys=0.00, real=0.01 secs] 
49.175: [CMS-concurrent-sweep-start]
49.181: [CMS-concurrent-sweep: 0.006/0.006 secs] [Times: user=0.01 sys=0.00, real=0.00 secs] 
49.181: [CMS-concurrent-reset-start]
49.184: [CMS-concurrent-reset: 0.002/0.002 secs] [Times: user=0.00 sys=0.00, real=0.00 secs] 
49.188: [GC 49.189: [ParNew
Desired survivor size 1343488 bytes, new threshold 2 (max 4)
- age   1:    1059424 bytes,    1059424 total
- age   2:     673424 bytes,    1732848 total
- age   3:     625240 bytes,    2358088 total
: 17243K->2306K(18624K), 0.0024162 secs] 58586K->43649K(83392K), 0.0025249 secs] [Times: user=0.00 sys=0.01, real=0.00 secs] 
49.202: [GC 49.202: [ParNew
Desired survivor size 1343488 bytes, new threshold 4 (max 4)
- age   1:     288592 bytes,     288592 total
- age   2:     946736 bytes,    1235328 total
: 18267K->1210K(18624K), 0.0031852 secs] 59611K->43821K(83392K), 0.0033235 secs] [Times: user=0.00 sys=0.00, real=0.01 secs] 
49.218: [GC 49.218: [ParNew
Desired survivor size 1343488 bytes, new threshold 3 (max 4)
- age   1:    1210672 bytes,    1210672 total
- age   2:     110064 bytes,    1320736 total
- age   3:     946736 bytes,    2267472 total
: 17205K->2217K(18624K), 0.0026368 secs] 59816K->44829K(83392K), 0.0027478 secs] [Times: user=0.01 sys=0.00, real=0.00 secs] 
49.232: [GC 49.232: [ParNew
Desired survivor size 1343488 bytes, new threshold 3 (max 4)
- age   1:     282088 bytes,     282088 total
- age   2:    1054768 bytes,    1336856 total
- age   3:     110064 bytes,    1446920 total
: 18207K->1416K(18624K), 0.0028183 secs] 60819K->44864K(83392K), 0.0029723 secs] [Times: user=0.00 sys=0.00, real=0.01 secs] 
49.246: [GC 49.247: [ParNew
Desired survivor size 1343488 bytes, new threshold 3 (max 4)
- age   1:     674024 bytes,     674024 total
- age   2:     201264 bytes,     875288 total
- age   3:    1054768 bytes,    1930056 total
: 17395K->1888K(18624K), 0.0025868 secs] 60843K->45443K(83392K), 0.0026971 secs] [Times: user=0.01 sys=0.00, real=0.00 secs] 
49.263: [GC 49.263: [ParNew
Desired survivor size 1343488 bytes, new threshold 4 (max 4)
- age   1:     667856 bytes,     667856 total
- age   2:     453752 bytes,    1121608 total
- age   3:     201264 bytes,    1322872 total
: 17885K->1294K(18624K), 0.0027730 secs] 61440K->45879K(83392K), 0.0028746 secs] [Times: user=0.00 sys=0.00, real=0.01 secs] 
49.278: [GC 49.278: [ParNew
Desired survivor size 1343488 bytes, new threshold 4 (max 4)
- age   1:     434496 bytes,     434496 total
- age   2:     511328 bytes,     945824 total
- age   3:     290912 bytes,    1236736 total
- age   4:     201264 bytes,    1438000 total
: 17259K->1405K(18624K), 0.0021459 secs] 61844K->45990K(83392K), 0.0022578 secs] [Times: user=0.00 sys=0.00, real=0.00 secs] 
49.291: [GC 49.291: [ParNew
Desired survivor size 1343488 bytes, new threshold 4 (max 4)
- age   1:     333128 bytes,     333128 total
- age   2:     354872 bytes,     688000 total
- age   3:     511328 bytes,    1199328 total
- age   4:     290872 bytes,    1490200 total
: 17305K->1456K(18624K), 0.0022481 secs] 61891K->46134K(83392K), 0.0023474 secs] [Times: user=0.01 sys=0.00, real=0.00 secs] 
49.306: [GC 49.306: [ParNew
Desired survivor size 1343488 bytes, new threshold 3 (max 4)
- age   1:     765792 bytes,     765792 total
- age   2:     248408 bytes,    1014200 total
- age   3:     354872 bytes,    1369072 total
- age   4:     511328 bytes,    1880400 total
: 17340K->1843K(18624K), 0.0025431 secs] 62017K->46805K(83392K), 0.0026441 secs] [Times: user=0.00 sys=0.00, real=0.00 secs] 
49.320: [GC 49.320: [ParNew
Desired survivor size 1343488 bytes, new threshold 3 (max 4)
- age   1:     469000 bytes,     469000 total
- age   2:     699416 bytes,    1168416 total
- age   3:     248408 bytes,    1416824 total
: 17833K->1388K(18624K), 0.0038338 secs] 62794K->47195K(83392K), 0.0039502 secs] [Times: user=0.00 sys=0.00, real=0.00 secs] 
49.336: [GC 49.336: [ParNew
Desired survivor size 1343488 bytes, new threshold 4 (max 4)
- age   1:     529816 bytes,     529816 total
- age   3:     699416 bytes,    1229232 total
: 17364K->1202K(18624K), 0.0020295 secs] 63172K->47172K(83392K), 0.0021262 secs] [Times: user=0.01 sys=0.00, real=0.00 secs] 
49.349: [GC 49.349: [ParNew
Desired survivor size 1343488 bytes, new threshold 4 (max 4)
- age   1:     227576 bytes,     227576 total
- age   2:     456120 bytes,     683696 total
- age   4:     397472 bytes,    1081168 total
: 17173K->1058K(18624K), 0.0018818 secs] 63143K->47029K(83392K), 0.0019793 secs] [Times: user=0.00 sys=0.00, real=0.00 secs] 
49.363: [GC 49.364: [ParNew
Desired survivor size 1343488 bytes, new threshold 4 (max 4)
- age   1:     326128 bytes,     326128 total
- age   2:      69712 bytes,     395840 total
- age   3:     456088 bytes,     851928 total
: 17048K->834K(18624K), 0.0024751 secs] 63019K->47100K(83392K), 0.0026149 secs] [Times: user=0.00 sys=0.00, real=0.01 secs] 
49.386: [GC 49.386: [ParNew
Desired survivor size 1343488 bytes, new threshold 4 (max 4)
- age   1:     570152 bytes,     570152 total
- age   2:     247088 bytes,     817240 total
- age   3:      68112 bytes,     885352 total
- age   4:     133312 bytes,    1018664 total
: 16769K->996K(18624K), 0.0017004 secs] 63035K->47262K(83392K), 0.0017823 secs] [Times: user=0.01 sys=0.00, real=0.00 secs] 
49.400: [GC 49.400: [ParNew
Desired survivor size 1343488 bytes, new threshold 4 (max 4)
- age   1:     256280 bytes,     256280 total
- age   2:     210744 bytes,     467024 total
- age   3:     247088 bytes,     714112 total
- age   4:      68112 bytes,     782224 total
: 16970K->767K(18624K), 0.0018862 secs] 63236K->47163K(83392K), 0.0020383 secs] [Times: user=0.00 sys=0.00, real=0.00 secs] 
49.405: [GC [1 CMS-initial-mark: 46396K(64768K)] 50491K(83392K), 0.0009753 secs] [Times: user=0.00 sys=0.00, real=0.00 secs] 
49.407: [CMS-concurrent-mark-start]
49.418: [GC 49.418: [ParNew
Desired survivor size 1343488 bytes, new threshold 4 (max 4)
- age   1:    1029984 bytes,    1029984 total
- age   2:      90808 bytes,    1120792 total
- age   3:     142200 bytes,    1262992 total
- age   4:     247088 bytes,    1510080 total
: 16761K->1480K(18624K), 0.0025901 secs] 63157K->47942K(83392K), 0.0026912 secs] [Times: user=0.01 sys=0.00, real=0.00 secs] 
49.434: [GC 49.434: [ParNew
Desired survivor size 1343488 bytes, new threshold 2 (max 4)
- age   1:     495696 bytes,     495696 total
- age   2:     926640 bytes,    1422336 total
- age   3:      90808 bytes,    1513144 total
- age   4:     142200 bytes,    1655344 total
: 17458K->1631K(18624K), 0.0023381 secs] 63921K->48335K(83392K), 0.0024323 secs] [Times: user=0.00 sys=0.00, real=0.01 secs] 
49.456: [GC 49.456: [ParNew
Desired survivor size 1343488 bytes, new threshold 4 (max 4)
- age   1:     674064 bytes,     674064 total
- age   2:     410696 bytes,    1084760 total
: 17591K->1066K(18624K), 0.0026357 secs] 64295K->48571K(83392K), 0.0027484 secs] [Times: user=0.01 sys=0.00, real=0.00 secs] 
49.477: [GC 49.478: [ParNew
Desired survivor size 1343488 bytes, new threshold 3 (max 4)
- age   1:     516472 bytes,     516472 total
- age   2:     449840 bytes,     966312 total
- age   3:     410696 bytes,    1377008 total
: 17066K->1347K(18624K), 0.0024151 secs] 64571K->48852K(83392K), 0.0025063 secs] [Times: user=0.01 sys=0.00, real=0.00 secs] 
49.486: [CMS-concurrent-mark: 0.066/0.080 secs] [Times: user=0.13 sys=0.00, real=0.08 secs] 
49.486: [CMS-concurrent-preclean-start]
49.487: [CMS-concurrent-preclean: 0.001/0.001 secs] [Times: user=0.00 sys=0.00, real=0.00 secs] 
49.487: [CMS-concurrent-abortable-preclean-start]
49.494: [GC 49.495: [ParNew
Desired survivor size 1343488 bytes, new threshold 4 (max 4)
- age   1:     194864 bytes,     194864 total
- age   2:     445688 bytes,     640552 total
- age   3:     449840 bytes,    1090392 total
: 17345K->1068K(18624K), 0.0023740 secs] 64850K->48974K(83392K), 0.0024868 secs] [Times: user=0.01 sys=0.00, real=0.01 secs] 
49.509: [GC 49.509: [ParNew
Desired survivor size 1343488 bytes, new threshold 4 (max 4)
- age   1:     453536 bytes,     453536 total
- age   2:      60752 bytes,     514288 total
- age   3:     445688 bytes,     959976 total
- age   4:     449840 bytes,    1409816 total
: 17040K->1379K(18624K), 0.0017849 secs] 64946K->49285K(83392K), 0.0018799 secs] [Times: user=0.00 sys=0.00, real=0.00 secs] 
49.525: [GC 49.525: [ParNew
Desired survivor size 1343488 bytes, new threshold 2 (max 4)
- age   1:    1129176 bytes,    1129176 total
- age   2:     307856 bytes,    1437032 total
- age   3:      60752 bytes,    1497784 total
- age   4:     360552 bytes,    1858336 total
: 17378K->1825K(18624K), 0.0024628 secs] 65284K->50170K(83392K), 0.0025581 secs] [Times: user=0.00 sys=0.00, real=0.00 secs] 
49.539: [GC 49.539: [ParNew
Desired survivor size 1343488 bytes, new threshold 4 (max 4)
- age   1:     364464 bytes,     364464 total
- age   2:     847176 bytes,    1211640 total
: 17806K->1188K(18624K), 0.0024029 secs] 66151K->50112K(83392K), 0.0025157 secs] [Times: user=0.00 sys=0.00, real=0.00 secs] 
49.553: [GC 49.553: [ParNew
Desired survivor size 1343488 bytes, new threshold 4 (max 4)
- age   1:     228664 bytes,     228664 total
- age   2:     216992 bytes,     445656 total
- age   3:     847176 bytes,    1292832 total
: 17164K->1264K(18624K), 0.0022658 secs] 66088K->50188K(83392K), 0.0023658 secs] [Times: user=0.00 sys=0.00, real=0.01 secs] 
49.568: [GC 49.568: [ParNew
Desired survivor size 1343488 bytes, new threshold 4 (max 4)
- age   1:     536120 bytes,     536120 total
- age   2:      24280 bytes,     560400 total
- age   3:     160472 bytes,     720872 total
- age   4:     710088 bytes,    1430960 total
: 17222K->1399K(18624K), 0.0018278 secs] 66146K->50323K(83392K), 0.0019896 secs] [Times: user=0.00 sys=0.00, real=0.00 secs] 
49.582: [GC 49.583: [ParNew
Desired survivor size 1343488 bytes, new threshold 4 (max 4)
- age   1:     934512 bytes,     934512 total
- age   2:     348296 bytes,    1282808 total
- age   3:      24280 bytes,    1307088 total
- age   4:     160472 bytes,    1467560 total
: 17352K->1435K(18624K), 0.0027208 secs] 66275K->51052K(83392K), 0.0028382 secs] [Times: user=0.00 sys=0.00, real=0.01 secs] 
49.599: [GC 49.599: [ParNew
Desired survivor size 1343488 bytes, new threshold 2 (max 4)
- age   1:     603024 bytes,     603024 total
- age   2:     794736 bytes,    1397760 total
- age   3:     185864 bytes,    1583624 total
- age   4:      24280 bytes,    1607904 total
: 17429K->1571K(18624K), 0.0026512 secs] 67046K->51345K(83392K), 0.0027832 secs] [Times: user=0.01 sys=0.00, real=0.00 secs] 
49.614: [GC 49.614: [ParNew
Desired survivor size 1343488 bytes, new threshold 4 (max 4)
- age   1:     631536 bytes,     631536 total
- age   2:     363296 bytes,     994832 total
: 17562K->975K(18624K), 0.0024484 secs] 67336K->51593K(83392K), 0.0025444 secs] [Times: user=0.00 sys=0.00, real=0.01 secs] 
49.629: [GC 49.629: [ParNew
Desired survivor size 1343488 bytes, new threshold 4 (max 4)
- age   1:     178840 bytes,     178840 total
- age   2:     605464 bytes,     784304 total
- age   3:     363296 bytes,    1147600 total
: 16911K->1124K(18624K), 0.0018124 secs] 67529K->51742K(83392K), 0.0019202 secs] [Times: user=0.00 sys=0.00, real=0.00 secs] 
49.642: [GC 49.642: [ParNew
Desired survivor size 1343488 bytes, new threshold 4 (max 4)
- age   1:     326752 bytes,     326752 total
- age   2:     146144 bytes,     472896 total
- age   3:     605464 bytes,    1078360 total
- age   4:     363296 bytes,    1441656 total
: 17110K->1411K(18624K), 0.0022039 secs] 67729K->52029K(83392K), 0.0023030 secs] [Times: user=0.01 sys=0.00, real=0.01 secs] 
49.656: [GC 49.656: [ParNew
Desired survivor size 1343488 bytes, new threshold 4 (max 4)
- age   1:     290744 bytes,     290744 total
- age   2:     243880 bytes,     534624 total
- age   3:      73040 bytes,     607664 total
- age   4:     487216 bytes,    1094880 total
: 17371K->1076K(18624K), 0.0021296 secs] 67990K->52049K(83392K), 0.0022257 secs] [Times: user=0.00 sys=0.00, real=0.00 secs] 
49.671: [GC 49.671: [ParNew
Desired survivor size 1343488 bytes, new threshold 4 (max 4)
- age   1:     376128 bytes,     376128 total
- age   2:     225792 bytes,     601920 total
- age   3:     243880 bytes,     845800 total
: 17074K->829K(18624K), 0.0015749 secs] 68047K->51916K(83392K), 0.0016638 secs] [Times: user=0.00 sys=0.00, real=0.00 secs] 
49.686: [GC 49.686: [ParNew
Desired survivor size 1343488 bytes, new threshold 3 (max 4)
- age   1:     962344 bytes,     962344 total
- age   2:     216960 bytes,    1179304 total
- age   3:     225792 bytes,    1405096 total
- age   4:     243880 bytes,    1648976 total
: 16779K->1613K(18624K), 0.0019159 secs] 67867K->52701K(83392K), 0.0020178 secs] [Times: user=0.01 sys=0.00, real=0.00 secs] 
49.699: [GC 49.699: [ParNew
Desired survivor size 1343488 bytes, new threshold 2 (max 4)
- age   1:    1258192 bytes,    1258192 total
- age   2:     633624 bytes,    1891816 total
- age   3:     216960 bytes,    2108776 total
: 17571K->2062K(18624K), 0.0029512 secs] 68658K->53468K(83392K), 0.0030848 secs] [Times: user=0.01 sys=0.00, real=0.00 secs] 
49.714: [GC 49.714: [ParNew
Desired survivor size 1343488 bytes, new threshold 2 (max 4)
- age   1:     976544 bytes,     976544 total
- age   2:    1026216 bytes,    2002760 total
: 18051K->1959K(18624K), 0.0031365 secs] 69457K->53977K(83392K), 0.0032312 secs] [Times: user=0.00 sys=0.00, real=0.01 secs] 
49.729: [GC 49.729: [ParNew
Desired survivor size 1343488 bytes, new threshold 2 (max 4)
- age   1:     526448 bytes,     526448 total
- age   2:     976544 bytes,    1502992 total
: 17939K->1471K(18624K), 0.0025040 secs] 69957K->54050K(83392K), 0.0026061 secs] [Times: user=0.01 sys=0.00, real=0.00 secs] 
49.743: [GC 49.743: [ParNew
Desired survivor size 1343488 bytes, new threshold 1 (max 4)
- age   1:    1511816 bytes,    1511816 total
- age   2:     505440 bytes,    2017256 total
: 17466K->1973K(18624K), 0.0032983 secs] 70046K->55506K(83392K), 0.0034340 secs] [Times: user=0.00 sys=0.00, real=0.01 secs] 
49.759: [GC 49.759: [ParNew
Desired survivor size 1343488 bytes, new threshold 4 (max 4)
- age   1:     291544 bytes,     291544 total
: 17954K->288K(18624K), 0.0023842 secs] 71488K->55365K(83392K), 0.0024948 secs] [Times: user=0.01 sys=0.00, real=0.00 secs] 
49.774: [GC 49.774: [ParNew
Desired survivor size 1343488 bytes, new threshold 4 (max 4)
- age   1:     537728 bytes,     537728 total
- age   2:     258536 bytes,     796264 total
: 16283K->781K(18624K), 0.0015431 secs] 71360K->55858K(83392K), 0.0016207 secs] [Times: user=0.00 sys=0.00, real=0.01 secs] 
49.788: [GC 49.788: [ParNew
Desired survivor size 1343488 bytes, new threshold 4 (max 4)
- age   1:     508184 bytes,     508184 total
- age   2:     470240 bytes,     978424 total
- age   3:     258536 bytes,    1236960 total
: 16780K->1211K(18624K), 0.0017751 secs] 71857K->56288K(83392K), 0.0018916 secs] [Times: user=0.00 sys=0.00, real=0.00 secs] 
49.802: [GC 49.803: [ParNew
Desired survivor size 1343488 bytes, new threshold 4 (max 4)
- age   1:     395128 bytes,     395128 total
- age   2:     443664 bytes,     838792 total
- age   3:     428696 bytes,    1267488 total
- age   4:     258536 bytes,    1526024 total
: 17185K->1493K(18624K), 0.0022330 secs] 72262K->56570K(83392K), 0.0023332 secs] [Times: user=0.00 sys=0.00, real=0.01 secs] 
49.817: [GC 49.817: [ParNew
Desired survivor size 1343488 bytes, new threshold 3 (max 4)
- age   1:     749384 bytes,     749384 total
- age   2:     300752 bytes,    1050136 total
- age   3:     443664 bytes,    1493800 total
- age   4:     428696 bytes,    1922496 total
: 17485K->1880K(18624K), 0.0025704 secs] 72562K->57091K(83392K), 0.0027173 secs] [Times: user=0.01 sys=0.00, real=0.00 secs] 
49.833: [GC 49.833: [ParNew
Desired survivor size 1343488 bytes, new threshold 4 (max 4)
- age   1:     400080 bytes,     400080 total
- age   2:     565288 bytes,     965368 total
- age   3:     220776 bytes,    1186144 total
: 17857K->1162K(18624K), 0.0025429 secs] 73068K->57225K(83392K), 0.0026968 secs] [Times: user=0.00 sys=0.00, real=0.01 secs] 
49.850: [GC 49.850: [ParNew
Desired survivor size 1343488 bytes, new threshold 3 (max 4)
- age   1:     704944 bytes,     704944 total
- age   2:     204264 bytes,     909208 total
- age   3:     565288 bytes,    1474496 total
- age   4:     220776 bytes,    1695272 total
: 17153K->1657K(18624K), 0.0024291 secs] 73216K->57720K(83392K), 0.0025611 secs] [Times: user=0.01 sys=0.00, real=0.00 secs] 
49.867: [GC 49.867: [ParNew
Desired survivor size 1343488 bytes, new threshold 4 (max 4)
- age   1:     404256 bytes,     404256 total
- age   2:     539688 bytes,     943944 total
- age   3:         40 bytes,     943984 total
: 17622K->923K(18624K), 0.0024936 secs] 73685K->57501K(83392K), 0.0026093 secs] [Times: user=0.00 sys=0.00, real=0.00 secs] 
49.883: [GC 49.883: [ParNew
Desired survivor size 1343488 bytes, new threshold 3 (max 4)
- age   1:     911424 bytes,     911424 total
- age   2:     319104 bytes,    1230528 total
- age   3:     539688 bytes,    1770216 total
- age   4:         40 bytes,    1770256 total
: 16875K->1730K(18624K), 0.0021741 secs] 73452K->58308K(83392K), 0.0022593 secs] [Times: user=0.00 sys=0.00, real=0.01 secs] 
49.903: [GC 49.903: [ParNew
Desired survivor size 1343488 bytes, new threshold 2 (max 4)
- age   1:     718936 bytes,     718936 total
- age   2:     764112 bytes,    1483048 total
- age   3:     319104 bytes,    1802152 total
: 17729K->1762K(18624K), 0.0027317 secs] 74307K->58867K(83392K), 0.0028311 secs] [Times: user=0.00 sys=0.00, real=0.01 secs] 
49.917: [GC 49.917: [ParNew
Desired survivor size 1343488 bytes, new threshold 4 (max 4)
- age   1:     448504 bytes,     448504 total
- age   2:     638656 bytes,    1087160 total
: 17743K->1069K(18624K), 0.0038664 secs] 74848K->59231K(83392K), 0.0040161 secs] [Times: user=0.01 sys=0.00, real=0.00 secs] 
49.937: [GC 49.937: [ParNew
Desired survivor size 1343488 bytes, new threshold 3 (max 4)
- age   1:     651352 bytes,     651352 total
- age   2:     287904 bytes,     939256 total
- age   3:     405120 bytes,    1344376 total
: 17068K->1317K(18624K), 0.0019735 secs] 75231K->59479K(83392K), 0.0020652 secs] [Times: user=0.00 sys=0.00, real=0.00 secs] 
49.952: [GC 49.952: [ParNew
Desired survivor size 1343488 bytes, new threshold 4 (max 4)
- age   1:     106936 bytes,     106936 total
- age   2:     649128 bytes,     756064 total
- age   3:     287904 bytes,    1043968 total
: 17292K->1025K(18624K), 0.0021215 secs] 75455K->59350K(83392K), 0.0022360 secs] [Times: user=0.01 sys=0.00, real=0.00 secs] 
49.965: [GC 49.965: [ParNew
Desired survivor size 1343488 bytes, new threshold 4 (max 4)
- age   1:     352320 bytes,     352320 total
- age   2:      82776 bytes,     435096 total
- age   3:     649128 bytes,    1084224 total
- age   4:     204168 bytes,    1288392 total
: 17001K->1264K(18624K), 0.0020498 secs] 75326K->59589K(83392K), 0.0021506 secs] [Times: user=0.01 sys=0.00, real=0.00 secs] 
49.983: [GC 49.983: [ParNew
Desired survivor size 1343488 bytes, new threshold 4 (max 4)
- age   1:     510440 bytes,     510440 total
- age   2:     235456 bytes,     745896 total
- age   3:         64 bytes,     745960 total
- age   4:     649128 bytes,    1395088 total
: 17187K->1365K(18624K), 0.0022667 secs] 75512K->59890K(83392K), 0.0023445 secs] [Times: user=0.00 sys=0.00, real=0.01 secs] 
50.002: [GC 50.002: [ParNew
Desired survivor size 1343488 bytes, new threshold 4 (max 4)
- age   1:     580304 bytes,     580304 total
- age   2:     339832 bytes,     920136 total
- age   3:     151312 bytes,    1071448 total
- age   4:         64 bytes,    1071512 total
: 17362K->1053K(18624K), 0.0022305 secs] 75886K->60211K(83392K), 0.0023185 secs] [Times: user=0.00 sys=0.00, real=0.00 secs] 
50.015: [GC 50.015: [ParNew
Desired survivor size 1343488 bytes, new threshold 4 (max 4)
- age   1:     426560 bytes,     426560 total
- age   2:     566680 bytes,     993240 total
- age   3:     339832 bytes,    1333072 total
- age   4:     151312 bytes,    1484384 total
: 17018K->1457K(18624K), 0.0025769 secs] 76177K->60615K(83392K), 0.0026876 secs] [Times: user=0.00 sys=0.00, real=0.00 secs] 
50.031: [GC 50.031: [ParNew
Desired survivor size 1343488 bytes, new threshold 4 (max 4)
- age   1:     404680 bytes,     404680 total
- age   2:     342024 bytes,     746704 total
- age   3:     197360 bytes,     944064 total
- age   4:     339832 bytes,    1283896 total
: 17437K->1255K(18624K), 0.0021783 secs] 76595K->60561K(83392K), 0.0023013 secs] [Times: user=0.01 sys=0.00, real=0.00 secs] 
50.045: [GC 50.045: [ParNew
Desired survivor size 1343488 bytes, new threshold 4 (max 4)
- age   1:     255960 bytes,     255960 total
- age   2:     342688 bytes,     598648 total
- age   3:     342024 bytes,     940672 total
- age   4:     123680 bytes,    1064352 total
: 17255K->1041K(18624K), 0.0020498 secs] 76561K->60516K(83392K), 0.0021644 secs] [Times: user=0.00 sys=0.00, real=0.00 secs] 
50.060: [GC 50.060: [ParNew
Desired survivor size 1343488 bytes, new threshold 3 (max 4)
- age   1:     956904 bytes,     956904 total
- age   2:     255960 bytes,    1212864 total
- age   3:     342656 bytes,    1555520 total
- age   4:     342024 bytes,    1897544 total
: 17028K->1861K(18624K), 0.0025389 secs] 76502K->61456K(83392K), 0.0026436 secs] [Times: user=0.00 sys=0.00, real=0.00 secs] 
50.075: [GC 50.076: [ParNew
Desired survivor size 1343488 bytes, new threshold 4 (max 4)
- age   1:     154344 bytes,     154344 total
- age   2:     870440 bytes,    1024784 total
- age   3:     132000 bytes,    1156784 total
: 17810K->1137K(18624K), 0.0025971 secs] 77405K->61400K(83392K), 0.0026928 secs] [Times: user=0.01 sys=0.00, real=0.00 secs] 
50.092: [GC 50.093: [ParNew
Desired survivor size 1343488 bytes, new threshold 3 (max 4)
- age   1:     693360 bytes,     693360 total
- age   2:      67880 bytes,     761240 total
- age   3:     863256 bytes,    1624496 total
- age   4:       3464 bytes,    1627960 total
: 17130K->1594K(18624K), 0.0022113 secs] 77393K->61857K(83392K), 0.0024062 secs] [Times: user=0.01 sys=0.00, real=0.01 secs] 
50.107: [GC 50.107: [ParNew
Desired survivor size 1343488 bytes, new threshold 4 (max 4)
- age   1:     219304 bytes,     219304 total
- age   2:     681576 bytes,     900880 total
- age   3:      67880 bytes,     968760 total
: 17574K->959K(18624K), 0.0020735 secs] 77837K->61853K(83392K), 0.0021611 secs] [Times: user=0.00 sys=0.00, real=0.00 secs] 
50.121: [GC 50.121: [ParNew
Desired survivor size 1343488 bytes, new threshold 4 (max 4)
- age   1:     372232 bytes,     372232 total
- age   2:     139976 bytes,     512208 total
- age   3:     681576 bytes,    1193784 total
- age   4:      67880 bytes,    1261664 total
: 16933K->1234K(18624K), 0.0022496 secs] 77828K->62129K(83392K), 0.0023513 secs] [Times: user=0.00 sys=0.00, real=0.00 secs] 
50.136: [GC 50.136: [ParNew
Desired survivor size 1343488 bytes, new threshold 4 (max 4)
- age   1:     308584 bytes,     308584 total
- age   2:     347528 bytes,     656112 total
- age   3:     139976 bytes,     796088 total
- age   4:     681576 bytes,    1477664 total
: 17230K->1444K(18624K), 0.0024258 secs] 78124K->62405K(83392K), 0.0025395 secs] [Times: user=0.01 sys=0.00, real=0.00 secs] 
50.153: [GC 50.153: [ParNew
Desired survivor size 1343488 bytes, new threshold 4 (max 4)
- age   1:     626808 bytes,     626808 total
- age   2:     220184 bytes,     846992 total
- age   3:     184184 bytes,    1031176 total
- age   4:     139976 bytes,    1171152 total
: 17382K->1145K(18624K), 0.0040640 secs] 78343K->62771K(83392K), 0.0041648 secs] [Times: user=0.01 sys=0.00, real=0.01 secs] 
50.169: [GC 50.169: [ParNew
Desired survivor size 1343488 bytes, new threshold 4 (max 4)
- age   1:     193088 bytes,     193088 total
- age   2:     506056 bytes,     699144 total
- age   3:     220184 bytes,     919328 total
: 17121K->899K(18624K), 0.0018092 secs] 78748K->62662K(83392K), 0.0019078 secs] [Times: user=0.00 sys=0.00, real=0.00 secs] 
50.183: [GC 50.183: [ParNew
Desired survivor size 1343488 bytes, new threshold 4 (max 4)
- age   1:     634072 bytes,     634072 total
- age   2:     126280 bytes,     760352 total
- age   3:     506056 bytes,    1266408 total
- age   4:     220184 bytes,    1486592 total
: 16873K->1455K(18624K), 0.0021822 secs] 78636K->63218K(83392K), 0.0022696 secs] [Times: user=0.00 sys=0.00, real=0.01 secs] 
50.198: [GC 50.199: [ParNew
Desired survivor size 1343488 bytes, new threshold 4 (max 4)
- age   1:     503704 bytes,     503704 total
- age   2:     500504 bytes,    1004208 total
- age   3:      41936 bytes,    1046144 total
- age   4:     437456 bytes,    1483600 total
: 17451K->1449K(18624K), 0.0021659 secs] 79214K->63427K(83392K), 0.0022570 secs] [Times: user=0.00 sys=0.00, real=0.00 secs] 
50.215: [GC 50.215: [ParNew
Desired survivor size 1343488 bytes, new threshold 3 (max 4)
- age   1:     580928 bytes,     580928 total
- age   2:     417184 bytes,     998112 total
- age   3:     466376 bytes,    1464488 total
- age   4:      41936 bytes,    1506424 total
: 17435K->1473K(18624K), 0.0026877 secs] 79413K->63726K(83392K), 0.0028023 secs] [Times: user=0.00 sys=0.00, real=0.00 secs] 
50.231: [GC 50.231: [ParNew
Desired survivor size 1343488 bytes, new threshold 4 (max 4)
- age   1:     346632 bytes,     346632 total
- age   2:     543184 bytes,     889816 total
- age   3:     416352 bytes,    1306168 total
: 17470K->1277K(18624K), 0.0024842 secs] 79724K->63875K(83392K), 0.0025816 secs] [Times: user=0.01 sys=0.00, real=0.00 secs] 
50.246: [GC 50.246: [ParNew
Desired survivor size 1343488 bytes, new threshold 3 (max 4)
- age   1:     631112 bytes,     631112 total
- age   2:     338392 bytes,     969504 total
- age   3:     543184 bytes,    1512688 total
- age   4:       2528 bytes,    1515216 total
: 17277K->1481K(18624K), 0.0037461 secs] 79875K->64079K(83392K), 0.0038772 secs] [Times: user=0.00 sys=0.00, real=0.00 secs] 
50.263: [GC 50.263: [ParNew
Desired survivor size 1343488 bytes, new threshold 4 (max 4)
- age   1:     513008 bytes,     513008 total
- age   2:     467208 bytes,     980216 total
- age   3:     338392 bytes,    1318608 total
: 17432K->1291K(18624K), 0.0024117 secs] 80030K->64422K(83392K), 0.0025272 secs] [Times: user=0.01 sys=0.00, real=0.01 secs] 
50.278: [GC 50.278: [ParNew
Desired survivor size 1343488 bytes, new threshold 4 (max 4)
- age   1:     254552 bytes,     254552 total
- age   2:     454720 bytes,     709272 total
- age   3:     403720 bytes,    1112992 total
- age   4:     243400 bytes,    1356392 total
: 17291K->1331K(18624K), 0.0029218 secs] 80422K->64462K(83392K), 0.0030212 secs] [Times: user=0.00 sys=0.00, real=0.00 secs] 
50.293: [GC 50.293: [ParNew
Desired survivor size 1343488 bytes, new threshold 4 (max 4)
- age   1:     207696 bytes,     207696 total
- age   2:     202768 bytes,     410464 total
- age   3:     424232 bytes,     834696 total
- age   4:     403720 bytes,    1238416 total
: 17320K->1222K(18624K), 0.0025844 secs] 80451K->64590K(83392K), 0.0026858 secs] [Times: user=0.00 sys=0.00, real=0.01 secs] 
50.306: [GC 50.306: [ParNew
Desired survivor size 1343488 bytes, new threshold 4 (max 4)
- age   1:     517952 bytes,     517952 total
- age   2:     169016 bytes,     686968 total
- age   3:     202768 bytes,     889736 total
- age   4:     424232 bytes,    1313968 total
: 17163K->1288K(18624K), 0.0023521 secs] 80532K->64842K(83392K), 0.0024702 secs] [Times: user=0.01 sys=0.00, real=0.00 secs] 
50.325: [GC 50.325: [ParNew (promotion failed)
Desired survivor size 1343488 bytes, new threshold 4 (max 4)
- age   1:     410096 bytes,     410096 total
- age   2:     472768 bytes,     882864 total
- age   3:     169016 bytes,    1051880 total
- age   4:     202768 bytes,    1254648 total
: 17244K->17189K(18624K), 0.0026623 secs]50.328: [CMS50.328: [CMS-concurrent-abortable-preclean: 0.030/0.841 secs] [Times: user=1.29 sys=0.06, real=0.84 secs] 
 (concurrent mode failure): 63628K->7647K(64768K), 0.0960012 secs] 80798K->7647K(83392K), [CMS Perm : 10713K->10671K(21248K)], 0.0988123 secs] [Times: user=0.09 sys=0.00, real=0.09 secs] 
50.436: [GC 50.436: [ParNew
Desired survivor size 1343488 bytes, new threshold 4 (max 4)
- age   1:     454184 bytes,     454184 total
: 15972K->449K(18624K), 0.0013242 secs] 23619K->8096K(83392K), 0.0014126 secs] [Times: user=0.00 sys=0.00, real=0.00 secs] 
50.450: [GC 50.450: [ParNew
Desired survivor size 1343488 bytes, new threshold 4 (max 4)
- age   1:     140736 bytes,     140736 total
- age   2:     328792 bytes,     469528 total
: 16445K->460K(18624K), 0.0008870 secs] 24092K->8107K(83392K), 0.0009577 secs] [Times: user=0.00 sys=0.00, real=0.00 secs] 
50.462: [GC 50.462: [ParNew
Desired survivor size 1343488 bytes, new threshold 4 (max 4)
- age   1:     923752 bytes,     923752 total
- age   2:      79824 bytes,    1003576 total
- age   3:     328792 bytes,    1332368 total
: 16457K->1304K(18624K), 0.0018223 secs] 24104K->8951K(83392K), 0.0019348 secs] [Times: user=0.00 sys=0.00, real=0.00 secs] 
50.477: [GC 50.477: [ParNew
Desired survivor size 1343488 bytes, new threshold 4 (max 4)
- age   1:     180880 bytes,     180880 total
- age   2:     665184 bytes,     846064 total
- age   3:      79824 bytes,     925888 total
- age   4:     328792 bytes,    1254680 total
: 17304K->1227K(18624K), 0.0018105 secs] 24951K->8874K(83392K), 0.0019070 secs] [Times: user=0.00 sys=0.00, real=0.00 secs] 
50.490: [GC 50.490: [ParNew
Desired survivor size 1343488 bytes, new threshold 4 (max 4)
- age   1:     115744 bytes,     115744 total
- age   2:     118872 bytes,     234616 total
- age   3:     665184 bytes,     899800 total
- age   4:      79600 bytes,     979400 total
: 17159K->958K(18624K), 0.0020207 secs] 24806K->8930K(83392K), 0.0021370 secs] [Times: user=0.00 sys=0.00, real=0.00 secs] 
50.504: [GC 50.504: [ParNew
Desired survivor size 1343488 bytes, new threshold 4 (max 4)
- age   1:     396184 bytes,     396184 total
- age   2:      48256 bytes,     444440 total
- age   3:     118872 bytes,     563312 total
- age   4:     665184 bytes,    1228496 total
: 16899K->1206K(18624K), 0.0015526 secs] 24871K->9186K(83392K), 0.0017004 secs] [Times: user=0.00 sys=0.00, real=0.01 secs] 
50.519: [GC 50.519: [ParNew
Desired survivor size 1343488 bytes, new threshold 4 (max 4)
- age   1:     409608 bytes,     409608 total
- age   2:     327232 bytes,     736840 total
- age   3:       1824 bytes,     738664 total
- age   4:     118872 bytes,     857536 total
: 17199K->838K(18624K), 0.0023719 secs] 25180K->9467K(83392K), 0.0024600 secs] [Times: user=0.00 sys=0.00, real=0.00 secs] 
50.534: [GC 50.534: [ParNew
Desired survivor size 1343488 bytes, new threshold 4 (max 4)
- age   1:     527560 bytes,     527560 total
- age   2:     409608 bytes,     937168 total
- age   3:     285664 bytes,    1222832 total
- age   4:       1824 bytes,    1224656 total
: 16828K->1197K(18624K), 0.0014229 secs] 25457K->9869K(83392K), 0.0015069 secs] [Times: user=0.01 sys=0.00, real=0.01 secs] 
50.547: [GC 50.547: [ParNew
Desired survivor size 1343488 bytes, new threshold 4 (max 4)
- age   1:      87056 bytes,      87056 total
- age   2:     408840 bytes,     495896 total
- age   3:     409608 bytes,     905504 total
- age   4:     285664 bytes,    1191168 total
: 17181K->1166K(18624K), 0.0017928 secs] 25853K->9840K(83392K), 0.0018943 secs] [Times: user=0.01 sys=0.00, real=0.00 secs] 
50.560: [GC 50.560: [ParNew
Desired survivor size 1343488 bytes, new threshold 4 (max 4)
- age   1:     139792 bytes,     139792 total
- age   2:      30592 bytes,     170384 total
- age   3:     183032 bytes,     353416 total
- age   4:     409608 bytes,     763024 total
: 17079K->746K(18624K), 0.0015164 secs] 25753K->9699K(83392K), 0.0016144 secs] [Times: user=0.00 sys=0.00, real=0.00 secs] 
50.575: [GC 50.575: [ParNew
Desired survivor size 1343488 bytes, new threshold 4 (max 4)
- age   1:     475736 bytes,     475736 total
- age   2:      79608 bytes,     555344 total
- age   3:      30592 bytes,     585936 total
- age   4:      49464 bytes,     635400 total
: 16722K->622K(18624K), 0.0010710 secs] 25675K->9770K(83392K), 0.0011480 secs] [Times: user=0.00 sys=0.00, real=0.00 secs] 
50.592: [GC 50.592: [ParNew
Desired survivor size 1343488 bytes, new threshold 4 (max 4)
- age   1:     509112 bytes,     509112 total
- age   2:     475736 bytes,     984848 total
- age   3:      79608 bytes,    1064456 total
- age   4:      30592 bytes,    1095048 total
: 16534K->1070K(18624K), 0.0015572 secs] 25682K->10267K(83392K), 0.0016989 secs] [Times: user=0.00 sys=0.00, real=0.00 secs] 
50.606: [GC 50.606: [ParNew
Desired survivor size 1343488 bytes, new threshold 4 (max 4)
- age   1:     386928 bytes,     386928 total
- age   2:     433200 bytes,     820128 total
- age   3:     208608 bytes,    1028736 total
- age   4:      79608 bytes,    1108344 total
: 17069K->1085K(18624K), 0.0015218 secs] 26265K->10311K(83392K), 0.0016250 secs] [Times: user=0.00 sys=0.00, real=0.00 secs] 
50.620: [GC 50.620: [ParNew
Desired survivor size 1343488 bytes, new threshold 4 (max 4)
- age   1:     249408 bytes,     249408 total
- age   2:     304464 bytes,     553872 total
- age   3:     433200 bytes,     987072 total
- age   4:     132688 bytes,    1119760 total
: 17066K->1094K(18624K), 0.0015022 secs] 26292K->10398K(83392K), 0.0016138 secs] [Times: user=0.00 sys=0.00, real=0.00 secs] 
50.634: [GC 50.634: [ParNew
Desired survivor size 1343488 bytes, new threshold 3 (max 4)
- age   1:     944680 bytes,     944680 total
- age   2:     249408 bytes,    1194088 total
- age   3:     304464 bytes,    1498552 total
- age   4:     388648 bytes,    1887200 total
: 17088K->1845K(18624K), 0.0023369 secs] 26392K->11149K(83392K), 0.0024423 secs] [Times: user=0.01 sys=0.00, real=0.01 secs] 
50.649: [GC 50.649: [ParNew
Desired survivor size 1343488 bytes, new threshold 4 (max 4)
- age   1:     292384 bytes,     292384 total
- age   2:     784384 bytes,    1076768 total
- age   3:     249408 bytes,    1326176 total
: 17845K->1300K(18624K), 0.0023854 secs] 27149K->11208K(83392K), 0.0025508 secs] [Times: user=0.00 sys=0.00, real=0.00 secs] 
50.663: [GC 50.663: [ParNew
Desired survivor size 1343488 bytes, new threshold 3 (max 4)
- age   1:     569832 bytes,     569832 total
- age   2:     242896 bytes,     812728 total
- age   3:     544840 bytes,    1357568 total
- age   4:     249408 bytes,    1606976 total
: 17206K->1577K(18624K), 0.0020139 secs] 27114K->11485K(83392K), 0.0021119 secs] [Times: user=0.00 sys=0.00, real=0.01 secs] 
50.678: [GC 50.678: [ParNew
Desired survivor size 1343488 bytes, new threshold 4 (max 4)
- age   1:     209768 bytes,     209768 total
- age   2:     276528 bytes,     486296 total
- age   3:     242896 bytes,     729192 total
: 17553K->716K(18624K), 0.0015153 secs] 27461K->11178K(83392K), 0.0016204 secs] [Times: user=0.01 sys=0.00, real=0.00 secs] 
50.691: [GC 50.691: [ParNew
Desired survivor size 1343488 bytes, new threshold 4 (max 4)
- age   1:     255608 bytes,     255608 total
- age   2:     150632 bytes,     406240 total
- age   3:     198368 bytes,     604608 total
- age   4:     242896 bytes,     847504 total
: 16708K->829K(18624K), 0.0016610 secs] 27170K->11291K(83392K), 0.0017791 secs] [Times: user=0.01 sys=0.00, real=0.00 secs] 
50.705: [GC 50.705: [ParNew
Desired survivor size 1343488 bytes, new threshold 4 (max 4)
- age   1:     485608 bytes,     485608 total
- age   2:     129016 bytes,     614624 total
- age   3:     150544 bytes,     765168 total
- age   4:     117536 bytes,     882704 total
: 16771K->865K(18624K), 0.0014846 secs] 27233K->11564K(83392K), 0.0015829 secs] [Times: user=0.00 sys=0.00, real=0.00 secs] 
50.724: [GC 50.724: [ParNew
Desired survivor size 1343488 bytes, new threshold 4 (max 4)
- age   1:     305536 bytes,     305536 total
- age   2:     150896 bytes,     456432 total
- age   3:     129016 bytes,     585448 total
- age   4:     150544 bytes,     735992 total
: 16863K->720K(18624K), 0.0013817 secs] 27563K->11534K(83392K), 0.0014749 secs] [Times: user=0.00 sys=0.00, real=0.01 secs] 
50.737: [GC 50.737: [ParNew
Desired survivor size 1343488 bytes, new threshold 4 (max 4)
- age   1:     502640 bytes,     502640 total
- age   2:     104080 bytes,     606720 total
- age   3:     150896 bytes,     757616 total
- age   4:     129016 bytes,     886632 total
: 16668K->868K(18624K), 0.0021266 secs] 27482K->11830K(83392K), 0.0022540 secs] [Times: user=0.00 sys=0.00, real=0.00 secs] 
50.752: [GC 50.752: [ParNew
Desired survivor size 1343488 bytes, new threshold 4 (max 4)
- age   1:     500528 bytes,     500528 total
- age   2:     220360 bytes,     720888 total
- age   3:     104080 bytes,     824968 total
- age   4:     150896 bytes,     975864 total
: 16822K->959K(18624K), 0.0015887 secs] 27784K->12046K(83392K), 0.0017004 secs] [Times: user=0.01 sys=0.00, real=0.00 secs] 
50.765: [GC 50.766: [ParNew
Desired survivor size 1343488 bytes, new threshold 4 (max 4)
- age   1:     282064 bytes,     282064 total
- age   2:     278432 bytes,     560496 total
- age   3:     220360 bytes,     780856 total
- age   4:      91648 bytes,     872504 total
: 16950K->857K(18624K), 0.0018080 secs] 28037K->12092K(83392K), 0.0019334 secs] [Times: user=0.00 sys=0.00, real=0.00 secs] 
50.780: [GC 50.780: [ParNew
Desired survivor size 1343488 bytes, new threshold 4 (max 4)
- age   1:     607368 bytes,     607368 total
- age   2:      22608 bytes,     629976 total
- age   3:     278432 bytes,     908408 total
- age   4:     135656 bytes,    1044064 total
: 16839K->1030K(18624K), 0.0014165 secs] 28074K->12354K(83392K), 0.0015134 secs] [Times: user=0.00 sys=0.00, real=0.00 secs] 
50.794: [GC 50.794: [ParNew
Desired survivor size 1343488 bytes, new threshold 4 (max 4)
- age   1:     397344 bytes,     397344 total
- age   2:     252272 bytes,     649616 total
- age   3:      22608 bytes,     672224 total
- age   4:     237856 bytes,     910080 total
: 17004K->892K(18624K), 0.0018424 secs] 28328K->12348K(83392K), 0.0019474 secs] [Times: user=0.00 sys=0.00, real=0.01 secs] 
50.811: [GC 50.811: [ParNew
Desired survivor size 1343488 bytes, new threshold 4 (max 4)
- age   1:     232392 bytes,     232392 total
- age   2:      90128 bytes,     322520 total
- age   3:     167360 bytes,     489880 total
- age   4:      22608 bytes,     512488 total
: 16840K->502K(18624K), 0.0012442 secs] 28296K->12191K(83392K), 0.0013980 secs] [Times: user=0.00 sys=0.00, real=0.00 secs] 
50.826: [GC 50.826: [ParNew
Desired survivor size 1343488 bytes, new threshold 3 (max 4)
- age   1:    1113536 bytes,    1113536 total
- age   2:     167872 bytes,    1281408 total
- age   3:      90128 bytes,    1371536 total
- age   4:     167360 bytes,    1538896 total
: 16452K->1505K(18624K), 0.0022086 secs] 28141K->13216K(83392K), 0.0023069 secs] [Times: user=0.00 sys=0.00, real=0.00 secs] 
50.840: [GC 50.841: [ParNew
Desired survivor size 1343488 bytes, new threshold 3 (max 4)
- age   1:     665624 bytes,     665624 total
- age   2:     602016 bytes,    1267640 total
- age   3:     167872 bytes,    1435512 total
: 17457K->1404K(18624K), 0.0026305 secs] 29168K->13366K(83392K), 0.0027356 secs] [Times: user=0.01 sys=0.00, real=0.00 secs] 
50.854: [GC 50.854: [ParNew
Desired survivor size 1343488 bytes, new threshold 3 (max 4)
- age   1:     359448 bytes,     359448 total
- age   2:     503288 bytes,     862736 total
- age   3:     563808 bytes,    1426544 total
: 17367K->1396K(18624K), 0.0021931 secs] 29330K->13523K(83392K), 0.0022969 secs] [Times: user=0.00 sys=0.00, real=0.01 secs] 
50.868: [GC 50.868: [ParNew
Desired survivor size 1343488 bytes, new threshold 3 (max 4)
- age   1:    1143904 bytes,    1143904 total
- age   2:     168632 bytes,    1312536 total
- age   3:     503288 bytes,    1815824 total
: 17371K->1776K(18624K), 0.0028208 secs] 29498K->14453K(83392K), 0.0029392 secs] [Times: user=0.00 sys=0.00, real=0.00 secs] 
50.882: [GC 50.882: [ParNew
Desired survivor size 1343488 bytes, new threshold 2 (max 4)
- age   1:     576480 bytes,     576480 total
- age   2:    1098016 bytes,    1674496 total
: 17741K->1638K(18624K), 0.0023833 secs] 30418K->14676K(83392K), 0.0025251 secs] [Times: user=0.01 sys=0.00, real=0.01 secs] 
50.900: [GC 50.900: [ParNew
Desired survivor size 1343488 bytes, new threshold 4 (max 4)
- age   1:     828168 bytes,     828168 total
- age   2:     165240 bytes,     993408 total
: 17618K->973K(18624K), 0.0022166 secs] 30656K->14839K(83392K), 0.0023197 secs] [Times: user=0.01 sys=0.00, real=0.00 secs] 
50.914: [GC 50.914: [ParNew
Desired survivor size 1343488 bytes, new threshold 3 (max 4)
- age   1:     590384 bytes,     590384 total
- age   2:     662208 bytes,    1252592 total
- age   3:     165240 bytes,    1417832 total
: 16964K->1387K(18624K), 0.0017588 secs] 30830K->15253K(83392K), 0.0018673 secs] [Times: user=0.00 sys=0.00, real=0.01 secs] 
50.927: [GC 50.927: [ParNew
Desired survivor size 1343488 bytes, new threshold 4 (max 4)
- age   1:     401248 bytes,     401248 total
- age   2:     551440 bytes,     952688 total
- age   3:     268656 bytes,    1221344 total
: 17363K->1195K(18624K), 0.0020514 secs] 31229K->15222K(83392K), 0.0021545 secs] [Times: user=0.00 sys=0.00, real=0.00 secs] 
50.945: [GC 50.945: [ParNew
Desired survivor size 1343488 bytes, new threshold 4 (max 4)
- age   1:     400720 bytes,     400720 total
- age   2:     186280 bytes,     587000 total
- age   3:     447824 bytes,    1034824 total
- age   4:      66400 bytes,    1101224 total
: 17195K->1077K(18624K), 0.0026979 secs] 31222K->15104K(83392K), 0.0027903 secs] [Times: user=0.01 sys=0.00, real=0.00 secs] 
50.959: [GC 50.959: [ParNew
Desired survivor size 1343488 bytes, new threshold 4 (max 4)
- age   1:     524320 bytes,     524320 total
- age   2:     180040 bytes,     704360 total
- age   3:     186280 bytes,     890640 total
- age   4:     291312 bytes,    1181952 total
: 17033K->1161K(18624K), 0.0016334 secs] 31061K->15254K(83392K), 0.0017411 secs] [Times: user=0.00 sys=0.00, real=0.00 secs] 
50.974: [GC 50.974: [ParNew
Desired survivor size 1343488 bytes, new threshold 4 (max 4)
- age   1:     541352 bytes,     541352 total
- age   2:     230384 bytes,     771736 total
- age   3:     180040 bytes,     951776 total
- age   4:     186280 bytes,    1138056 total
: 17134K->1114K(18624K), 0.0015977 secs] 31226K->15415K(83392K), 0.0017587 secs] [Times: user=0.00 sys=0.00, real=0.01 secs] 
50.990: [GC 50.990: [ParNew
Desired survivor size 1343488 bytes, new threshold 4 (max 4)
- age   1:     504976 bytes,     504976 total
- age   2:        704 bytes,     505680 total
- age   3:     230384 bytes,     736064 total
- age   4:     180040 bytes,     916104 total
: 17107K->898K(18624K), 0.0021099 secs] 31408K->15382K(83392K), 0.0022254 secs] [Times: user=0.00 sys=0.00, real=0.00 secs] 
51.004: [GC 51.004: [ParNew
Desired survivor size 1343488 bytes, new threshold 4 (max 4)
- age   1:     813208 bytes,     813208 total
- age   2:      37824 bytes,     851032 total
- age   3:        704 bytes,     851736 total
- age   4:     230384 bytes,    1082120 total
: 16873K->1067K(18624K), 0.0024338 secs] 31357K->15726K(83392K), 0.0025533 secs] [Times: user=0.00 sys=0.00, real=0.01 secs] 
51.018: [GC 51.018: [ParNew
Desired survivor size 1343488 bytes, new threshold 4 (max 4)
- age   1:     359544 bytes,     359544 total
- age   2:     253728 bytes,     613272 total
- age   3:      37824 bytes,     651096 total
- age   4:        704 bytes,     651800 total
: 17032K->639K(18624K), 0.0019581 secs] 31691K->15523K(83392K), 0.0020595 secs] [Times: user=0.00 sys=0.00, real=0.00 secs] 
51.033: [GC 51.033: [ParNew
Desired survivor size 1343488 bytes, new threshold 4 (max 4)
- age   1:     708328 bytes,     708328 total
- age   2:      82360 bytes,     790688 total
- age   3:     253728 bytes,    1044416 total
- age   4:      37824 bytes,    1082240 total
: 16625K->1057K(18624K), 0.0014280 secs] 31509K->15942K(83392K), 0.0015283 secs] [Times: user=0.00 sys=0.00, real=0.01 secs] 
51.047: [GC 51.047: [ParNew
Desired survivor size 1343488 bytes, new threshold 4 (max 4)
- age   1:     370248 bytes,     370248 total
- age   2:     424952 bytes,     795200 total
- age   3:      82360 bytes,     877560 total
- age   4:     253728 bytes,    1131288 total
: 16936K->1105K(18624K), 0.0018558 secs] 31821K->16027K(83392K), 0.0019759 secs] [Times: user=0.00 sys=0.00, real=0.00 secs] 
51.060: [GC 51.060: [ParNew
Desired survivor size 1343488 bytes, new threshold 4 (max 4)
- age   1:     243960 bytes,     243960 total
- age   2:     302728 bytes,     546688 total
- age   3:     205968 bytes,     752656 total
- age   4:      82360 bytes,     835016 total
: 17071K->818K(18624K), 0.0016085 secs] 31992K->15987K(83392K), 0.0017026 secs] [Times: user=0.00 sys=0.00, real=0.00 secs] 
51.074: [GC 51.074: [ParNew
Desired survivor size 1343488 bytes, new threshold 4 (max 4)
- age   1:     298736 bytes,     298736 total
- age   2:     223080 bytes,     521816 total
- age   3:       4072 bytes,     525888 total
- age   4:     205968 bytes,     731856 total
: 16818K->720K(18624K), 0.0016104 secs] 31987K->15970K(83392K), 0.0016963 secs] [Times: user=0.00 sys=0.00, real=0.01 secs] 
51.091: [GC 51.091: [ParNew
Desired survivor size 1343488 bytes, new threshold 1 (max 4)
- age   1:    1591160 bytes,    1591160 total
- age   2:     256992 bytes,    1848152 total
- age   3:      75624 bytes,    1923776 total
- age   4:       4072 bytes,    1927848 total
: 16691K->1888K(18624K), 0.0020974 secs] 31941K->17339K(83392K), 0.0021896 secs] [Times: user=0.00 sys=0.00, real=0.00 secs] 
51.106: [GC 51.106: [ParNew
Desired survivor size 1343488 bytes, new threshold 4 (max 4)
- age   1:     368144 bytes,     368144 total
: 17855K->392K(18624K), 0.0022131 secs] 33306K->17308K(83392K), 0.0023517 secs] [Times: user=0.00 sys=0.00, real=0.00 secs] 
51.120: [GC 51.120: [ParNew
Desired survivor size 1343488 bytes, new threshold 4 (max 4)
- age   1:     374528 bytes,     374528 total
- age   2:     238264 bytes,     612792 total
: 16387K->602K(18624K), 0.0016134 secs] 33303K->17518K(83392K), 0.0017121 secs] [Times: user=0.00 sys=0.00, real=0.00 secs] 
51.133: [GC 51.133: [ParNew
Desired survivor size 1343488 bytes, new threshold 4 (max 4)
- age   1:     621640 bytes,     621640 total
- age   2:     102768 bytes,     724408 total
- age   3:     238264 bytes,     962672 total
: 16600K->942K(18624K), 0.0013780 secs] 33516K->17858K(83392K), 0.0015718 secs] [Times: user=0.01 sys=0.00, real=0.01 secs] 
51.149: [GC 51.150: [ParNew
Desired survivor size 1343488 bytes, new threshold 4 (max 4)
- age   1:     747848 bytes,     747848 total
- age   2:     376696 bytes,    1124544 total
- age   3:     102768 bytes,    1227312 total
- age   4:     151776 bytes,    1379088 total
: 16942K->1348K(18624K), 0.0021511 secs] 33858K->18264K(83392K), 0.0022756 secs] [Times: user=0.00 sys=0.00, real=0.00 secs] 
51.163: [GC 51.163: [ParNew
Desired survivor size 1343488 bytes, new threshold 4 (max 4)
- age   1:     135848 bytes,     135848 total
- age   2:     696912 bytes,     832760 total
- age   3:     225328 bytes,    1058088 total
- age   4:      88432 bytes,    1146520 total
: 17326K->1120K(18624K), 0.0021886 secs] 34241K->18184K(83392K), 0.0022823 secs] [Times: user=0.00 sys=0.01, real=0.01 secs] 
51.179: [GC 51.179: [ParNew
Desired survivor size 1343488 bytes, new threshold 4 (max 4)
- age   1:     351880 bytes,     351880 total
- age   3:     696912 bytes,    1048792 total
- age   4:     225328 bytes,    1274120 total
: 17088K->1249K(18624K), 0.0022442 secs] 34152K->18399K(83392K), 0.0023525 secs] [Times: user=0.00 sys=0.00, real=0.00 secs] 
51.194: [GC 51.194: [ParNew
Desired survivor size 1343488 bytes, new threshold 4 (max 4)
- age   1:     291088 bytes,     291088 total
- age   2:     215848 bytes,     506936 total
- age   4:     626880 bytes,    1133816 total
: 17242K->1113K(18624K), 0.0016126 secs] 34392K->18483K(83392K), 0.0017236 secs] [Times: user=0.00 sys=0.00, real=0.01 secs] 
51.209: [GC 51.209: [ParNew
Desired survivor size 1343488 bytes, new threshold 4 (max 4)
- age   1:     376584 bytes,     376584 total
- age   2:     260608 bytes,     637192 total
- age   3:     215848 bytes,     853040 total
: 17072K->835K(18624K), 0.0018137 secs] 34443K->18718K(83392K), 0.0019120 secs] [Times: user=0.00 sys=0.00, real=0.00 secs] 
51.223: [GC 51.224: [ParNew
Desired survivor size 1343488 bytes, new threshold 4 (max 4)
- age   1:     287600 bytes,     287600 total
- age   2:     296976 bytes,     584576 total
- age   3:     103208 bytes,     687784 total
- age   4:     215848 bytes,     903632 total
: 16826K->887K(18624K), 0.0012076 secs] 34709K->18769K(83392K), 0.0013051 secs] [Times: user=0.00 sys=0.00, real=0.01 secs] 
51.238: [GC 51.238: [ParNew
Desired survivor size 1343488 bytes, new threshold 4 (max 4)
- age   1:     346968 bytes,     346968 total
- age   2:     122784 bytes,     469752 total
- age   3:     296976 bytes,     766728 total
- age   4:      41800 bytes,     808528 total
: 16752K->795K(18624K), 0.0015651 secs] 34635K->18888K(83392K), 0.0016696 secs] [Times: user=0.01 sys=0.00, real=0.00 secs] 
51.252: [GC 51.252: [ParNew
Desired survivor size 1343488 bytes, new threshold 4 (max 4)
- age   1:     317936 bytes,     317936 total
- age   2:     262832 bytes,     580768 total
- age   3:     122784 bytes,     703552 total
- age   4:     143776 bytes,     847328 total
: 16795K->834K(18624K), 0.0012892 secs] 34888K->18969K(83392K), 0.0013871 secs] [Times: user=0.01 sys=0.00, real=0.00 secs] 
51.270: [GC 51.270: [ParNew
Desired survivor size 1343488 bytes, new threshold 4 (max 4)
- age   1:     506072 bytes,     506072 total
- age   2:     149688 bytes,     655760 total
- age   3:      94408 bytes,     750168 total
- age   4:     122784 bytes,     872952 total
: 16808K->864K(18624K), 0.0014707 secs] 34942K->19139K(83392K), 0.0015581 secs] [Times: user=0.00 sys=0.00, real=0.00 secs] 
51.286: [GC 51.286: [ParNew
Desired survivor size 1343488 bytes, new threshold 4 (max 4)
- age   1:     108512 bytes,     108512 total
- age   2:     404608 bytes,     513120 total
- age   3:     124872 bytes,     637992 total
- age   4:      94408 bytes,     732400 total
: 16858K->728K(18624K), 0.0014911 secs] 35132K->19123K(83392K), 0.0015856 secs] [Times: user=0.00 sys=0.00, real=0.00 secs] 
51.303: [GC 51.303: [ParNew
Desired survivor size 1343488 bytes, new threshold 4 (max 4)
- age   1:     204768 bytes,     204768 total
- age   2:      50576 bytes,     255344 total
- age   3:     174512 bytes,     429856 total
- age   4:      90688 bytes,     520544 total
: 16728K->514K(18624K), 0.0015489 secs] 35123K->19001K(83392K), 0.0016842 secs] [Times: user=0.00 sys=0.00, real=0.01 secs] 
51.319: [GC 51.319: [ParNew
Desired survivor size 1343488 bytes, new threshold 4 (max 4)
- age   1:     401128 bytes,     401128 total
- age   2:     118280 bytes,     519408 total
- age   3:      48872 bytes,     568280 total
- age   4:     174392 bytes,     742672 total
: 16507K->749K(18624K), 0.0023461 secs] 34994K->19324K(83392K), 0.0024519 secs] [Times: user=0.00 sys=0.00, real=0.00 secs] 
51.336: [GC 51.336: [ParNew
Desired survivor size 1343488 bytes, new threshold 4 (max 4)
- age   1:     323840 bytes,     323840 total
- age   2:      60448 bytes,     384288 total
- age   3:     118280 bytes,     502568 total
- age   4:      48872 bytes,     551440 total
: 16742K->544K(18624K), 0.0014038 secs] 35318K->19289K(83392K), 0.0014905 secs] [Times: user=0.00 sys=0.00, real=0.00 secs] 
51.350: [GC 51.350: [ParNew
Desired survivor size 1343488 bytes, new threshold 4 (max 4)
- age   1:     148704 bytes,     148704 total
- age   2:      30976 bytes,     179680 total
- age   3:      60448 bytes,     240128 total
- age   4:     118280 bytes,     358408 total
: 16520K->376K(18624K), 0.0013858 secs] 35265K->19169K(83392K), 0.0015530 secs] [Times: user=0.00 sys=0.00, real=0.00 secs] 
51.364: [GC 51.364: [ParNew
Desired survivor size 1343488 bytes, new threshold 4 (max 4)
- age   1:     281272 bytes,     281272 total
- age   2:      22512 bytes,     303784 total
- age   3:      30976 bytes,     334760 total
- age   4:      59616 bytes,     394376 total
: 16370K->431K(18624K), 0.0015675 secs] 35162K->19340K(83392K), 0.0016456 secs] [Times: user=0.00 sys=0.00, real=0.01 secs] 
51.377: [GC 51.377: [ParNew
Desired survivor size 1343488 bytes, new threshold 4 (max 4)
- age   1:     209472 bytes,     209472 total
- age   2:       9304 bytes,     218776 total
- age   3:      22512 bytes,     241288 total
- age   4:      30976 bytes,     272264 total
: 16427K->285K(18624K), 0.0010077 secs] 35336K->19252K(83392K), 0.0012611 secs] [Times: user=0.00 sys=0.00, real=0.00 secs] 
51.391: [GC 51.391: [ParNew
Desired survivor size 1343488 bytes, new threshold 4 (max 4)
- age   1:      86840 bytes,      86840 total
- age   2:      81200 bytes,     168040 total
- age   3:       9088 bytes,     177128 total
- age   4:      22512 bytes,     199640 total
: 16278K->198K(18624K), 0.0010529 secs] 35244K->19195K(83392K), 0.0011322 secs] [Times: user=0.01 sys=0.00, real=0.00 secs] 
51.405: [GC 51.405: [ParNew
Desired survivor size 1343488 bytes, new threshold 4 (max 4)
- age   1:     462160 bytes,     462160 total
- age   2:      10544 bytes,     472704 total
- age   4:       9088 bytes,     481792 total
: 16149K->479K(18624K), 0.0013338 secs] 35146K->19498K(83392K), 0.0014313 secs] [Times: user=0.01 sys=0.00, real=0.00 secs] 
51.418: [GC 51.418: [ParNew
Desired survivor size 1343488 bytes, new threshold 4 (max 4)
- age   1:     132424 bytes,     132424 total
- age   2:     386776 bytes,     519200 total
- age   3:      10544 bytes,     529744 total
: 16463K->525K(18624K), 0.0012914 secs] 35482K->19553K(83392K), 0.0013844 secs] [Times: user=0.00 sys=0.00, real=0.00 secs] 
51.431: [GC 51.431: [ParNew
Desired survivor size 1343488 bytes, new threshold 4 (max 4)
- age   1:     282880 bytes,     282880 total
- age   2:      79608 bytes,     362488 total
- age   3:     199144 bytes,     561632 total
- age   4:      10544 bytes,     572176 total
: 16510K->568K(18624K), 0.0010471 secs] 35537K->19596K(83392K), 0.0011424 secs] [Times: user=0.00 sys=0.00, real=0.00 secs] 
51.444: [GC 51.444: [ParNew
Desired survivor size 1343488 bytes, new threshold 4 (max 4)
- age   1:     230696 bytes,     230696 total
- age   2:     177336 bytes,     408032 total
- age   3:      79608 bytes,     487640 total
- age   4:     199144 bytes,     686784 total
: 16555K->676K(18624K), 0.0013866 secs] 35583K->19714K(83392K), 0.0015208 secs] [Times: user=0.00 sys=0.00, real=0.01 secs] 
51.456: [GC 51.457: [ParNew
Desired survivor size 1343488 bytes, new threshold 4 (max 4)
- age   1:     557288 bytes,     557288 total
- age   2:     168464 bytes,     725752 total
- age   3:     177336 bytes,     903088 total
- age   4:      79608 bytes,     982696 total
: 16622K->963K(18624K), 0.0020284 secs] 35660K->20195K(83392K), 0.0021329 secs] [Times: user=0.00 sys=0.00, real=0.00 secs] 
51.471: [GC 51.472: [ParNew
Desired survivor size 1343488 bytes, new threshold 4 (max 4)
- age   1:     383304 bytes,     383304 total
- age   2:     526544 bytes,     909848 total
- age   3:     168464 bytes,    1078312 total
- age   4:     177336 bytes,    1255648 total
: 16957K->1228K(18624K), 0.0017033 secs] 36189K->20538K(83392K), 0.0017881 secs] [Times: user=0.00 sys=0.00, real=0.00 secs] 
51.485: [GC 51.485: [ParNew
Desired survivor size 1343488 bytes, new threshold 4 (max 4)
- age   1:     371048 bytes,     371048 total
- age   2:     285632 bytes,     656680 total
- age   3:     292744 bytes,     949424 total
- age   4:     168464 bytes,    1117888 total
: 17211K->1094K(18624K), 0.0020225 secs] 36521K->20577K(83392K), 0.0021436 secs] [Times: user=0.01 sys=0.00, real=0.00 secs] 
51.499: [GC 51.499: [ParNew
Desired survivor size 1343488 bytes, new threshold 4 (max 4)
- age   1:     300160 bytes,     300160 total
- age   2:     125960 bytes,     426120 total
- age   3:     173904 bytes,     600024 total
- age   4:     292744 bytes,     892768 total
: 17082K->874K(18624K), 0.0017010 secs] 36566K->20522K(83392K), 0.0018077 secs] [Times: user=0.00 sys=0.00, real=0.00 secs] 
51.514: [GC 51.514: [ParNew
Desired survivor size 1343488 bytes, new threshold 4 (max 4)
- age   1:     384360 bytes,     384360 total
- age   2:      41568 bytes,     425928 total
- age   3:      51208 bytes,     477136 total
- age   4:       5616 bytes,     482752 total
: 16849K->474K(18624K), 0.0010766 secs] 36497K->20407K(83392K), 0.0011504 secs] [Times: user=0.00 sys=0.00, real=0.01 secs] 
51.527: [GC 51.527: [ParNew
Desired survivor size 1343488 bytes, new threshold 4 (max 4)
- age   1:     418568 bytes,     418568 total
- age   2:     140192 bytes,     558760 total
- age   3:      41568 bytes,     600328 total
- age   4:      51208 bytes,     651536 total
: 16407K->639K(18624K), 0.0013139 secs] 36341K->20579K(83392K), 0.0013987 secs] [Times: user=0.00 sys=0.00, real=0.00 secs] 
51.540: [GC 51.541: [ParNew
Desired survivor size 1343488 bytes, new threshold 4 (max 4)
- age   1:     611792 bytes,     611792 total
- age   2:     287944 bytes,     899736 total
- age   4:         32 bytes,     899768 total
: 16633K->882K(18624K), 0.0011828 secs] 36573K->20821K(83392K), 0.0012637 secs] [Times: user=0.00 sys=0.00, real=0.00 secs] 
51.553: [GC 51.553: [ParNew
Desired survivor size 1343488 bytes, new threshold 4 (max 4)
- age   1:     245800 bytes,     245800 total
- age   2:     475224 bytes,     721024 total
- age   3:      53168 bytes,     774192 total
: 16879K->759K(18624K), 0.0013436 secs] 36818K->20698K(83392K), 0.0014320 secs] [Times: user=0.00 sys=0.00, real=0.00 secs] 
51.566: [GC 51.566: [ParNew
Desired survivor size 1343488 bytes, new threshold 4 (max 4)
- age   1:     283488 bytes,     283488 total
- age   2:     164504 bytes,     447992 total
- age   3:     111408 bytes,     559400 total
- age   4:      53168 bytes,     612568 total
: 16732K->600K(18624K), 0.0014374 secs] 36671K->20540K(83392K), 0.0015398 secs] [Times: user=0.00 sys=0.00, real=0.00 secs] 
51.578: [GC 51.579: [ParNew
Desired survivor size 1343488 bytes, new threshold 4 (max 4)
- age   1:     344168 bytes,     344168 total
- age   2:     115520 bytes,     459688 total
- age   3:      32992 bytes,     492680 total
- age   4:     111408 bytes,     604088 total
: 16598K->590K(18624K), 0.0019558 secs] 36538K->20581K(83392K), 0.0020735 secs] [Times: user=0.00 sys=0.00, real=0.00 secs] 
51.596: [GC 51.596: [ParNew
Desired survivor size 1343488 bytes, new threshold 4 (max 4)
- age   1:    1026344 bytes,    1026344 total
- age   2:     191952 bytes,    1218296 total
- age   3:     115392 bytes,    1333688 total
- age   4:      32992 bytes,    1366680 total
: 16574K->1337K(18624K), 0.0023247 secs] 36565K->21437K(83392K), 0.0025639 secs] [Times: user=0.01 sys=0.00, real=0.00 secs] 
51.611: [GC 51.611: [ParNew
Desired survivor size 1343488 bytes, new threshold 4 (max 4)
- age   1:     239240 bytes,     239240 total
- age   2:     640232 bytes,     879472 total
- age   3:     191952 bytes,    1071424 total
- age   4:     115392 bytes,    1186816 total
: 17334K->1161K(18624K), 0.0016184 secs] 37434K->21294K(83392K), 0.0017232 secs] [Times: user=0.01 sys=0.00, real=0.00 secs] 
51.624: [GC 51.624: [ParNew
Desired survivor size 1343488 bytes, new threshold 4 (max 4)
- age   1:     132960 bytes,     132960 total
- age   2:     211240 bytes,     344200 total
- age   3:     477592 bytes,     821792 total
- age   4:     191952 bytes,    1013744 total
: 17147K->993K(18624K), 0.0017890 secs] 37279K->21238K(83392K), 0.0018888 secs] [Times: user=0.00 sys=0.00, real=0.01 secs] 
51.638: [GC 51.639: [ParNew
Desired survivor size 1343488 bytes, new threshold 4 (max 4)
- age   1:     482208 bytes,     482208 total
- age   2:      74560 bytes,     556768 total
- age   3:      42960 bytes,     599728 total
- age   4:     477592 bytes,    1077320 total
: 16942K->1055K(18624K), 0.0015043 secs] 37187K->21487K(83392K), 0.0016163 secs] [Times: user=0.00 sys=0.00, real=0.00 secs] 
51.652: [GC 51.652: [ParNew
Desired survivor size 1343488 bytes, new threshold 4 (max 4)
- age   1:     526600 bytes,     526600 total
- age   2:     418784 bytes,     945384 total
: 16999K->926K(18624K), 0.0019060 secs] 37432K->21775K(83392K), 0.0020024 secs] [Times: user=0.00 sys=0.00, real=0.00 secs] 
51.665: [GC 51.665: [ParNew
Desired survivor size 1343488 bytes, new threshold 3 (max 4)
- age   1:     760608 bytes,     760608 total
- age   2:     354768 bytes,    1115376 total
- age   3:     333344 bytes,    1448720 total
: 16919K->1418K(18624K), 0.0024798 secs] 37767K->22266K(83392K), 0.0025994 secs] [Times: user=0.01 sys=0.00, real=0.00 secs] 
51.679: [GC 51.680: [ParNew
Desired survivor size 1343488 bytes, new threshold 4 (max 4)
- age   1:     466816 bytes,     466816 total
- age   2:     479872 bytes,     946688 total
: 17375K->928K(18624K), 0.0014990 secs] 38224K->22101K(83392K), 0.0015983 secs] [Times: user=0.01 sys=0.00, real=0.00 secs] 
51.695: [GC 51.696: [ParNew
Desired survivor size 1343488 bytes, new threshold 4 (max 4)
- age   1:     381088 bytes,     381088 total
- age   2:     177368 bytes,     558456 total
- age   3:     246344 bytes,     804800 total
: 16928K->787K(18624K), 0.0017958 secs] 38101K->21961K(83392K), 0.0018792 secs] [Times: user=0.00 sys=0.00, real=0.00 secs] 
51.710: [GC 51.710: [ParNew
Desired survivor size 1343488 bytes, new threshold 4 (max 4)
- age   1:     375400 bytes,     375400 total
- age   2:      12544 bytes,     387944 total
- age   3:     177368 bytes,     565312 total
- age   4:     246344 bytes,     811656 total
: 16787K->796K(18624K), 0.0012642 secs] 37961K->21970K(83392K), 0.0013468 secs] [Times: user=0.00 sys=0.00, real=0.00 secs] 
51.723: [GC 51.723: [ParNew
Desired survivor size 1343488 bytes, new threshold 4 (max 4)
- age   1:     790376 bytes,     790376 total
- age   2:       4096 bytes,     794472 total
- age   3:      12544 bytes,     807016 total
- age   4:     177368 bytes,     984384 total
: 16792K->965K(18624K), 0.0019618 secs] 37966K->22379K(83392K), 0.0020577 secs] [Times: user=0.00 sys=0.00, real=0.01 secs] 
51.737: [GC 51.737: [ParNew
Desired survivor size 1343488 bytes, new threshold 4 (max 4)
- age   1:     171808 bytes,     171808 total
- age   2:     672128 bytes,     843936 total
- age   3:       4096 bytes,     848032 total
- age   4:      12544 bytes,     860576 total
: 16930K->844K(18624K), 0.0016464 secs] 38345K->22432K(83392K), 0.0017480 secs] [Times: user=0.00 sys=0.00, real=0.00 secs] 
51.750: [GC 51.750: [ParNew
Desired survivor size 1343488 bytes, new threshold 4 (max 4)
- age   1:      88448 bytes,      88448 total
- age   2:     130656 bytes,     219104 total
- age   3:     575880 bytes,     794984 total
- age   4:       4096 bytes,     799080 total
: 16817K->786K(18624K), 0.0014287 secs] 38405K->22386K(83392K), 0.0015709 secs] [Times: user=0.00 sys=0.01, real=0.00 secs] 
51.763: [GC 51.763: [ParNew
Desired survivor size 1343488 bytes, new threshold 4 (max 4)
- age   1:     884040 bytes,     884040 total
- age   2:      40928 bytes,     924968 total
- age   3:     130656 bytes,    1055624 total
- age   4:     111224 bytes,    1166848 total
: 16711K->1143K(18624K), 0.0016983 secs] 38311K->22747K(83392K), 0.0018077 secs] [Times: user=0.01 sys=0.00, real=0.01 secs] 
51.777: [GC 51.777: [ParNew
Desired survivor size 1343488 bytes, new threshold 4 (max 4)
- age   1:     263632 bytes,     263632 total
- age   2:     467704 bytes,     731336 total
- age   4:      65712 bytes,     797048 total
: 17142K->780K(18624K), 0.0023434 secs] 38746K->22492K(83392K), 0.0024650 secs] [Times: user=0.00 sys=0.00, real=0.00 secs] 
51.792: [GC 51.792: [ParNew
Desired survivor size 1343488 bytes, new threshold 4 (max 4)
- age   1:     554424 bytes,     554424 total
- age   2:     198576 bytes,     753000 total
- age   3:     467704 bytes,    1220704 total
: 16723K->1193K(18624K), 0.0017228 secs] 38435K->22969K(83392K), 0.0018130 secs] [Times: user=0.01 sys=0.00, real=0.00 secs] 
51.806: [GC 51.806: [ParNew
Desired survivor size 1343488 bytes, new threshold 4 (max 4)
- age   1:     771960 bytes,     771960 total
- age   2:     206160 bytes,     978120 total
- age   3:     198576 bytes,    1176696 total
- age   4:     257576 bytes,    1434272 total
: 17161K->1407K(18624K), 0.0023259 secs] 38937K->23184K(83392K), 0.0024292 secs] [Times: user=0.01 sys=0.00, real=0.00 secs] 
51.822: [GC 51.822: [ParNew
Desired survivor size 1343488 bytes, new threshold 4 (max 4)
- age   1:     276296 bytes,     276296 total
- age   2:     720840 bytes,     997136 total
- age   3:     205216 bytes,    1202352 total
- age   4:      56864 bytes,    1259216 total
: 17407K->1235K(18624K), 0.0026204 secs] 39184K->23263K(83392K), 0.0027119 secs] [Times: user=0.00 sys=0.00, real=0.01 secs] 
51.837: [GC 51.837: [ParNew
Desired survivor size 1343488 bytes, new threshold 4 (max 4)
- age   1:     319840 bytes,     319840 total
- age   2:     276296 bytes,     596136 total
- age   3:     284176 bytes,     880312 total
- age   4:     203416 bytes,    1083728 total
: 17217K->1070K(18624K), 0.0017807 secs] 39245K->23153K(83392K), 0.0018941 secs] [Times: user=0.00 sys=0.00, real=0.00 secs] 
51.850: [GC 51.850: [ParNew
Desired survivor size 1343488 bytes, new threshold 4 (max 4)
- age   1:     486744 bytes,     486744 total
- age   2:      23528 bytes,     510272 total
- age   3:     276296 bytes,     786568 total
- age   4:     284176 bytes,    1070744 total
: 17065K->1053K(18624K), 0.0017583 secs] 39149K->23336K(83392K), 0.0018609 secs] [Times: user=0.01 sys=0.00, real=0.00 secs] 
51.865: [GC 51.865: [ParNew
Desired survivor size 1343488 bytes, new threshold 4 (max 4)
- age   1:     385344 bytes,     385344 total
- age   2:     354280 bytes,     739624 total
- age   3:         40 bytes,     739664 total
- age   4:     158048 bytes,     897712 total
: 17004K->879K(18624K), 0.0013886 secs] 39287K->23438K(83392K), 0.0014713 secs] [Times: user=0.01 sys=0.00, real=0.00 secs] 
51.878: [GC 51.878: [ParNew
Desired survivor size 1343488 bytes, new threshold 4 (max 4)
- age   1:     437432 bytes,     437432 total
- age   2:      74072 bytes,     511504 total
- age   3:     354280 bytes,     865784 total
- age   4:         40 bytes,     865824 total
: 16877K->849K(18624K), 0.0015395 secs] 39437K->23563K(83392K), 0.0016581 secs] [Times: user=0.00 sys=0.00, real=0.00 secs] 
51.894: [GC 51.894: [ParNew
Desired survivor size 1343488 bytes, new threshold 4 (max 4)
- age   1:     256504 bytes,     256504 total
- age   2:     378184 bytes,     634688 total
- age   4:     230632 bytes,     865320 total
: 16819K->847K(18624K), 0.0013685 secs] 39533K->23562K(83392K), 0.0015265 secs] [Times: user=0.00 sys=0.00, real=0.01 secs] 
51.908: [GC 51.908: [ParNew
Desired survivor size 1343488 bytes, new threshold 4 (max 4)
- age   1:     445600 bytes,     445600 total
- age   2:      81784 bytes,     527384 total
- age   3:     121288 bytes,     648672 total
: 16833K->635K(18624K), 0.0016770 secs] 39547K->23574K(83392K), 0.0017740 secs] [Times: user=0.00 sys=0.00, real=0.00 secs] 
51.924: [GC 51.924: [ParNew
Desired survivor size 1343488 bytes, new threshold 4 (max 4)
- age   1:     358104 bytes,     358104 total
- age   2:     260080 bytes,     618184 total
- age   3:      81784 bytes,     699968 total
- age   4:     121288 bytes,     821256 total
: 16623K->803K(18624K), 0.0012933 secs] 39563K->23743K(83392K), 0.0013814 secs] [Times: user=0.00 sys=0.00, real=0.01 secs] 
51.941: [GC 51.941: [ParNew
Desired survivor size 1343488 bytes, new threshold 4 (max 4)
- age   1:     183192 bytes,     183192 total
- age   2:     300936 bytes,     484128 total
- age   3:        440 bytes,     484568 total
- age   4:        824 bytes,     485392 total
: 16800K->472K(18624K), 0.0016297 secs] 39740K->23530K(83392K), 0.0017103 secs] [Times: user=0.00 sys=0.00, real=0.00 secs] 
51.954: [GC 51.954: [ParNew
Desired survivor size 1343488 bytes, new threshold 4 (max 4)
- age   1:     754304 bytes,     754304 total
- age   2:     179872 bytes,     934176 total
- age   3:     300936 bytes,    1235112 total
- age   4:        440 bytes,    1235552 total
: 16388K->1209K(18624K), 0.0018151 secs] 39446K->24268K(83392K), 0.0019169 secs] [Times: user=0.01 sys=0.00, real=0.01 secs] 
51.971: [GC 51.971: [ParNew
Desired survivor size 1343488 bytes, new threshold 4 (max 4)
- age   1:     659840 bytes,     659840 total
- age   2:     590848 bytes,    1250688 total
- age   3:      90792 bytes,    1341480 total
- age   4:     184112 bytes,    1525592 total
: 17208K->1498K(18624K), 0.0019471 secs] 40266K->24557K(83392K), 0.0020505 secs] [Times: user=0.01 sys=0.00, real=0.00 secs] 
51.986: [GC 51.986: [ParNew
Desired survivor size 1343488 bytes, new threshold 3 (max 4)
- age   1:     916264 bytes,     916264 total
- age   2:     191344 bytes,    1107608 total
- age   3:     590848 bytes,    1698456 total
- age   4:      15496 bytes,    1713952 total
: 17498K->1685K(18624K), 0.0028777 secs] 40557K->24850K(83392K), 0.0029871 secs] [Times: user=0.00 sys=0.00, real=0.00 secs] 
52.003: [GC 52.003: [ParNew
Desired survivor size 1343488 bytes, new threshold 4 (max 4)
- age   1:     258336 bytes,     258336 total
- age   2:     853544 bytes,    1111880 total
- age   3:     118712 bytes,    1230592 total
: 17673K->1221K(18624K), 0.0027633 secs] 40838K->24978K(83392K), 0.0028714 secs] [Times: user=0.00 sys=0.00, real=0.01 secs] 
52.017: [GC 52.017: [ParNew
Desired survivor size 1343488 bytes, new threshold 4 (max 4)
- age   1:     142736 bytes,     142736 total
- age   2:     187672 bytes,     330408 total
- age   3:     853544 bytes,    1183952 total
- age   4:     118712 bytes,    1302664 total
: 17217K->1293K(18624K), 0.0029527 secs] 40973K->25050K(83392K), 0.0030626 secs] [Times: user=0.00 sys=0.00, real=0.00 secs] 
52.032: [GC 52.032: [ParNew
Desired survivor size 1343488 bytes, new threshold 4 (max 4)
- age   1:     451816 bytes,     451816 total
- age   2:      84248 bytes,     536064 total
- age   3:     187672 bytes,     723736 total
- age   4:     240088 bytes,     963824 total
: 17234K->952K(18624K), 0.0015989 secs] 40991K->24808K(83392K), 0.0016985 secs] [Times: user=0.01 sys=0.00, real=0.00 secs] 
52.045: [GC 52.045: [ParNew
Desired survivor size 1343488 bytes, new threshold 4 (max 4)
- age   1:     445624 bytes,     445624 total
- age   2:     384312 bytes,     829936 total
- age   4:     187672 bytes,    1017608 total
: 16936K->1007K(18624K), 0.0017035 secs] 40792K->24868K(83392K), 0.0018016 secs] [Times: user=0.00 sys=0.00, real=0.00 secs] 
52.058: [GC 52.058: [ParNew
Desired survivor size 1343488 bytes, new threshold 4 (max 4)
- age   1:     342392 bytes,     342392 total
- age   2:     445624 bytes,     788016 total
- age   3:     135256 bytes,     923272 total
: 16993K->912K(18624K), 0.0016094 secs] 40854K->24958K(83392K), 0.0017564 secs] [Times: user=0.00 sys=0.00, real=0.00 secs] 
52.071: [GC 52.071: [ParNew
Desired survivor size 1343488 bytes, new threshold 3 (max 4)
- age   1:     846536 bytes,     846536 total
- age   2:     161592 bytes,    1008128 total
- age   3:     445624 bytes,    1453752 total
- age   4:      75912 bytes,    1529664 total
: 16911K->1497K(18624K), 0.0019187 secs] 40958K->25543K(83392K), 0.0020116 secs] [Times: user=0.00 sys=0.00, real=0.00 secs] 
52.086: [GC 52.086: [ParNew
Desired survivor size 1343488 bytes, new threshold 4 (max 4)
- age   1:     530992 bytes,     530992 total
- age   2:     358920 bytes,     889912 total
- age   3:     161592 bytes,    1051504 total
: 17482K->1030K(18624K), 0.0020064 secs] 41529K->25507K(83392K), 0.0020967 secs] [Times: user=0.00 sys=0.00, real=0.00 secs] 
52.099: [GC 52.099: [ParNew
Desired survivor size 1343488 bytes, new threshold 4 (max 4)
- age   1:     499496 bytes,     499496 total
- age   2:     452184 bytes,     951680 total
- age   3:     320240 bytes,    1271920 total
- age   4:     161592 bytes,    1433512 total
: 17026K->1401K(18624K), 0.0019393 secs] 41503K->25879K(83392K), 0.0020568 secs] [Times: user=0.01 sys=0.00, real=0.00 secs] 
52.113: [GC 52.114: [ParNew
Desired survivor size 1343488 bytes, new threshold 4 (max 4)
- age   1:     158064 bytes,     158064 total
- age   2:     443560 bytes,     601624 total
- age   3:     374224 bytes,     975848 total
- age   4:     320240 bytes,    1296088 total
: 17385K->1267K(18624K), 0.0019165 secs] 41862K->25902K(83392K), 0.0020702 secs] [Times: user=0.00 sys=0.00, real=0.01 secs] 
52.133: [GC 52.134: [ParNew
Desired survivor size 1343488 bytes, new threshold 4 (max 4)
- age   1:     339864 bytes,     339864 total
- age   2:      74040 bytes,     413904 total
- age   3:     443560 bytes,     857464 total
- age   4:     374224 bytes,    1231688 total
: 17237K->1205K(18624K), 0.0054188 secs] 41872K->26094K(83392K), 0.0057021 secs] [Times: user=0.01 sys=0.01, real=0.01 secs] 
52.152: [GC 52.152: [ParNew
Desired survivor size 1343488 bytes, new threshold 4 (max 4)
- age   1:     572112 bytes,     572112 total
- age   2:     308200 bytes,     880312 total
- age   3:      74040 bytes,     954352 total
- age   4:     296648 bytes,    1251000 total
: 17205K->1229K(18624K), 0.0016677 secs] 42094K->26331K(83392K), 0.0017522 secs] [Times: user=0.00 sys=0.00, real=0.00 secs] 
52.165: [GC 52.165: [ParNew
Desired survivor size 1343488 bytes, new threshold 4 (max 4)
- age   1:     183000 bytes,     183000 total
- age   2:     534968 bytes,     717968 total
- age   3:     308200 bytes,    1026168 total
- age   4:      74040 bytes,    1100208 total
: 17201K->1083K(18624K), 0.0025658 secs] 42302K->26474K(83392K), 0.0026889 secs] [Times: user=0.00 sys=0.00, real=0.00 secs] 
52.179: [GC 52.179: [ParNew
Desired survivor size 1343488 bytes, new threshold 4 (max 4)
- age   1:      76688 bytes,      76688 total
- age   2:     139792 bytes,     216480 total
- age   3:     534968 bytes,     751448 total
- age   4:     306352 bytes,    1057800 total
: 17077K->1040K(18624K), 0.0016021 secs] 42468K->26503K(83392K), 0.0016922 secs] [Times: user=0.00 sys=0.00, real=0.00 secs] 
52.194: [GC 52.194: [ParNew
Desired survivor size 1343488 bytes, new threshold 4 (max 4)
- age   1:     552096 bytes,     552096 total
- age   2:       2536 bytes,     554632 total
- age   3:         40 bytes,     554672 total
- age   4:     290512 bytes,     845184 total
: 17014K->838K(18624K), 0.0015246 secs] 42478K->26601K(83392K), 0.0016251 secs] [Times: user=0.01 sys=0.00, real=0.01 secs] 
52.208: [GC 52.208: [ParNew
Desired survivor size 1343488 bytes, new threshold 4 (max 4)
- age   1:     242936 bytes,     242936 total
- age   2:     500976 bytes,     743912 total
- age   3:       2504 bytes,     746416 total
- age   4:         40 bytes,     746456 total
: 16815K->732K(18624K), 0.0014649 secs] 42578K->26779K(83392K), 0.0015549 secs] [Times: user=0.01 sys=0.00, real=0.00 secs] 
52.222: [GC 52.222: [ParNew
Desired survivor size 1343488 bytes, new threshold 2 (max 4)
- age   1:    1322456 bytes,    1322456 total
- age   2:     170296 bytes,    1492752 total
- age   3:     242616 bytes,    1735368 total
- age   4:       2504 bytes,    1737872 total
: 16707K->1699K(18624K), 0.0025401 secs] 42753K->27746K(83392K), 0.0026770 secs] [Times: user=0.01 sys=0.00, real=0.01 secs] 
52.237: [GC 52.237: [ParNew
Desired survivor size 1343488 bytes, new threshold 2 (max 4)
- age   1:     413104 bytes,     413104 total
- age   2:    1149280 bytes,    1562384 total
: 17675K->1529K(18624K), 0.0019898 secs] 43722K->27775K(83392K), 0.0020945 secs] [Times: user=0.00 sys=0.00, real=0.00 secs] 
52.251: [GC 52.251: [ParNew
Desired survivor size 1343488 bytes, new threshold 4 (max 4)
- age   1:     290752 bytes,     290752 total
- age   2:     283728 bytes,     574480 total
: 17503K->564K(18624K), 0.0021164 secs] 43750K->27933K(83392K), 0.0022361 secs] [Times: user=0.00 sys=0.00, real=0.00 secs] 
52.264: [GC 52.264: [ParNew
Desired survivor size 1343488 bytes, new threshold 4 (max 4)
- age   1:     375304 bytes,     375304 total
- age   2:     236512 bytes,     611816 total
- age   3:     246992 bytes,     858808 total
: 16530K->842K(18624K), 0.0014939 secs] 43899K->28211K(83392K), 0.0015862 secs] [Times: user=0.01 sys=0.00, real=0.01 secs] 
52.278: [GC 52.278: [ParNew
Desired survivor size 1343488 bytes, new threshold 4 (max 4)
- age   1:     599312 bytes,     599312 total
- age   2:     238920 bytes,     838232 total
- age   3:     236512 bytes,    1074744 total
- age   4:     246992 bytes,    1321736 total
: 16799K->1294K(18624K), 0.0016426 secs] 44168K->28663K(83392K), 0.0017416 secs] [Times: user=0.00 sys=0.01, real=0.00 secs] 
52.296: [GC 52.296: [ParNew
Desired survivor size 1343488 bytes, new threshold 4 (max 4)
- age   1:     405912 bytes,     405912 total
- age   2:     341544 bytes,     747456 total
- age   3:     120512 bytes,     867968 total
- age   4:     156176 bytes,    1024144 total
: 17294K->1003K(18624K), 0.0014388 secs] 44663K->28533K(83392K), 0.0015651 secs] [Times: user=0.00 sys=0.00, real=0.00 secs] 
52.309: [GC 52.309: [ParNew
Desired survivor size 1343488 bytes, new threshold 4 (max 4)
- age   1:     334704 bytes,     334704 total
- age   2:     238512 bytes,     573216 total
- age   3:     341544 bytes,     914760 total
- age   4:     120512 bytes,    1035272 total
: 16962K->1015K(18624K), 0.0016271 secs] 44491K->28620K(83392K), 0.0017433 secs] [Times: user=0.01 sys=0.00, real=0.00 secs] 
52.322: [GC 52.322: [ParNew
Desired survivor size 1343488 bytes, new threshold 4 (max 4)
- age   1:     628504 bytes,     628504 total
- age   2:     252992 bytes,     881496 total
- age   3:     238512 bytes,    1120008 total
- age   4:     280640 bytes,    1400648 total
: 17007K->1370K(18624K), 0.0019795 secs] 44613K->28976K(83392K), 0.0021220 secs] [Times: user=0.01 sys=0.00, real=0.00 secs] 
52.336: [GC 52.337: [ParNew
Desired survivor size 1343488 bytes, new threshold 4 (max 4)
- age   1:     210232 bytes,     210232 total
- age   2:     103504 bytes,     313736 total
- age   3:     252992 bytes,     566728 total
- age   4:     238512 bytes,     805240 total
: 17312K->790K(18624K), 0.0018136 secs] 44917K->28669K(83392K), 0.0019038 secs] [Times: user=0.00 sys=0.00, real=0.00 secs] 
52.351: [GC 52.351: [ParNew
Desired survivor size 1343488 bytes, new threshold 4 (max 4)
- age   1:     236288 bytes,     236288 total
- age   2:     123736 bytes,     360024 total
- age   3:      63408 bytes,     423432 total
- age   4:     252992 bytes,     676424 total
: 16741K->668K(18624K), 0.0020420 secs] 44620K->28780K(83392K), 0.0021494 secs] [Times: user=0.00 sys=0.00, real=0.00 secs] 
52.367: [GC 52.367: [ParNew
Desired survivor size 1343488 bytes, new threshold 4 (max 4)
- age   1:     741872 bytes,     741872 total
- age   2:     103592 bytes,     845464 total
- age   3:     123736 bytes,     969200 total
- age   4:      63408 bytes,    1032608 total
: 16659K->1010K(18624K), 0.0017700 secs] 44771K->29370K(83392K), 0.0019204 secs] [Times: user=0.00 sys=0.00, real=0.00 secs] 
52.383: [GC 52.383: [ParNew
Desired survivor size 1343488 bytes, new threshold 4 (max 4)
- age   1:     232680 bytes,     232680 total
- age   2:     530672 bytes,     763352 total
- age   3:     103592 bytes,     866944 total
- age   4:     123736 bytes,     990680 total
: 16999K->969K(18624K), 0.0024121 secs] 45359K->29390K(83392K), 0.0024953 secs] [Times: user=0.00 sys=0.00, real=0.01 secs] 
52.397: [GC 52.397: [ParNew
Desired survivor size 1343488 bytes, new threshold 4 (max 4)
- age   1:     255664 bytes,     255664 total
- age   2:        952 bytes,     256616 total
- age   3:     530672 bytes,     787288 total
- age   4:     103592 bytes,     890880 total
: 16955K->872K(18624K), 0.0020539 secs] 45377K->29414K(83392K), 0.0021525 secs] [Times: user=0.00 sys=0.00, real=0.00 secs] 
52.411: [GC 52.411: [ParNew
Desired survivor size 1343488 bytes, new threshold 4 (max 4)
- age   1:     371056 bytes,     371056 total
- age   3:        824 bytes,     371880 total
- age   4:     362680 bytes,     734560 total
: 16861K->719K(18624K), 0.0018886 secs] 45403K->29362K(83392K), 0.0019836 secs] [Times: user=0.01 sys=0.00, real=0.00 secs] 
52.426: [GC 52.426: [ParNew
Desired survivor size 1343488 bytes, new threshold 4 (max 4)
- age   1:     234504 bytes,     234504 total
- age   2:      91240 bytes,     325744 total
- age   4:        824 bytes,     326568 total
: 16717K->320K(18624K), 0.0018730 secs] 45361K->29318K(83392K), 0.0019817 secs] [Times: user=0.01 sys=0.01, real=0.00 secs] 
52.439: [GC 52.439: [ParNew
Desired survivor size 1343488 bytes, new threshold 4 (max 4)
- age   1:     294808 bytes,     294808 total
- age   2:      69688 bytes,     364496 total
- age   3:      91240 bytes,     455736 total
: 16315K->447K(18624K), 0.0011631 secs] 45313K->29445K(83392K), 0.0012574 secs] [Times: user=0.00 sys=0.00, real=0.00 secs] 
52.452: [GC 52.452: [ParNew
Desired survivor size 1343488 bytes, new threshold 4 (max 4)
- age   1:     128736 bytes,     128736 total
- age   2:     156112 bytes,     284848 total
- age   3:      69272 bytes,     354120 total
- age   4:      91192 bytes,     445312 total
: 16440K->437K(18624K), 0.0014176 secs] 45439K->29436K(83392K), 0.0015176 secs] [Times: user=0.00 sys=0.00, real=0.00 secs] 
52.465: [GC 52.465: [ParNew
Desired survivor size 1343488 bytes, new threshold 4 (max 4)
- age   1:     574744 bytes,     574744 total
- age   2:      82848 bytes,     657592 total
- age   3:     156112 bytes,     813704 total
- age   4:      69272 bytes,     882976 total
: 16437K->863K(18624K), 0.0014916 secs] 45436K->29951K(83392K), 0.0016006 secs] [Times: user=0.00 sys=0.00, real=0.00 secs] 
52.481: [GC 52.481: [ParNew
Desired survivor size 1343488 bytes, new threshold 4 (max 4)
- age   1:     487848 bytes,     487848 total
- age   2:     424784 bytes,     912632 total
- age   3:      82848 bytes,     995480 total
- age   4:     156112 bytes,    1151592 total
: 16827K->1129K(18624K), 0.0019706 secs] 45915K->30284K(83392K), 0.0020607 secs] [Times: user=0.00 sys=0.00, real=0.00 secs] 
52.495: [GC 52.495: [ParNew
Desired survivor size 1343488 bytes, new threshold 3 (max 4)
- age   1:     854456 bytes,     854456 total
- age   2:     305912 bytes,    1160368 total
- age   3:     261816 bytes,    1422184 total
- age   4:      82848 bytes,    1505032 total
: 17129K->1478K(18624K), 0.0020567 secs] 46284K->30785K(83392K), 0.0021702 secs] [Times: user=0.00 sys=0.00, real=0.00 secs] 
52.509: [GC 52.510: [ParNew
Desired survivor size 1343488 bytes, new threshold 4 (max 4)
- age   1:     249968 bytes,     249968 total
- age   2:     778008 bytes,    1027976 total
- age   3:     305912 bytes,    1333888 total
: 17460K->1313K(18624K), 0.0020331 secs] 46767K->30876K(83392K), 0.0021217 secs] [Times: user=0.00 sys=0.00, real=0.00 secs] 
52.527: [GC 52.527: [ParNew
Desired survivor size 1343488 bytes, new threshold 4 (max 4)
- age   1:     187224 bytes,     187224 total
- age   2:     181048 bytes,     368272 total
- age   3:     778008 bytes,    1146280 total
- age   4:     197152 bytes,    1343432 total
: 17306K->1321K(18624K), 0.0023986 secs] 46869K->30885K(83392K), 0.0025311 secs] [Times: user=0.00 sys=0.00, real=0.00 secs] 
52.540: [GC 52.540: [ParNew
Desired survivor size 1343488 bytes, new threshold 4 (max 4)
- age   1:     411064 bytes,     411064 total
- age   2:     173208 bytes,     584272 total
- age   3:     181048 bytes,     765320 total
- age   4:     696224 bytes,    1461544 total
: 17274K->1447K(18624K), 0.0021949 secs] 46837K->31202K(83392K), 0.0023108 secs] [Times: user=0.01 sys=0.00, real=0.00 secs] 
52.555: [GC 52.555: [ParNew
Desired survivor size 1343488 bytes, new threshold 4 (max 4)
- age   1:     411360 bytes,     411360 total
- age   2:     259256 bytes,     670616 total
- age   3:     173208 bytes,     843824 total
- age   4:     181048 bytes,    1024872 total
: 17445K->1009K(18624K), 0.0017279 secs] 47201K->31095K(83392K), 0.0018334 secs] [Times: user=0.00 sys=0.00, real=0.00 secs] 
52.574: [GC 52.574: [ParNew
Desired survivor size 1343488 bytes, new threshold 4 (max 4)
- age   1:     378864 bytes,     378864 total
- age   2:     238696 bytes,     617560 total
- age   4:      11776 bytes,     629336 total
: 17005K->616K(18624K), 0.0013641 secs] 47091K->30829K(83392K), 0.0014550 secs] [Times: user=0.00 sys=0.00, real=0.01 secs] 
52.589: [GC 52.589: [ParNew
Desired survivor size 1343488 bytes, new threshold 4 (max 4)
- age   1:     601776 bytes,     601776 total
- age   2:     343728 bytes,     945504 total
- age   3:      83816 bytes,    1029320 total
: 16615K->1016K(18624K), 0.0015384 secs] 46828K->31240K(83392K), 0.0016482 secs] [Times: user=0.00 sys=0.00, real=0.00 secs] 
52.603: [GC 52.603: [ParNew
Desired survivor size 1343488 bytes, new threshold 2 (max 4)
- age   1:    1121896 bytes,    1121896 total
- age   2:     536376 bytes,    1658272 total
- age   3:     173648 bytes,    1831920 total
: 17016K->1795K(18624K), 0.0021694 secs] 47240K->32019K(83392K), 0.0022726 secs] [Times: user=0.01 sys=0.00, real=0.01 secs] 
52.618: [GC 52.618: [ParNew
Desired survivor size 1343488 bytes, new threshold 2 (max 4)
- age   1:     393664 bytes,     393664 total
- age   2:     975024 bytes,    1368688 total
: 17791K->1345K(18624K), 0.0034721 secs] 48015K->32103K(83392K), 0.0035657 secs] [Times: user=0.00 sys=0.00, real=0.00 secs] 
52.632: [GC 52.633: [ParNew
Desired survivor size 1343488 bytes, new threshold 4 (max 4)
- age   1:     356704 bytes,     356704 total
- age   2:     130800 bytes,     487504 total
: 17301K->477K(18624K), 0.0020112 secs] 48059K->32188K(83392K), 0.0021266 secs] [Times: user=0.00 sys=0.00, real=0.01 secs] 
52.646: [GC 52.646: [ParNew
Desired survivor size 1343488 bytes, new threshold 4 (max 4)
- age   1:     873760 bytes,     873760 total
- age   2:     204904 bytes,    1078664 total
- age   3:     130800 bytes,    1209464 total
: 16451K->1184K(18624K), 0.0018282 secs] 48162K->32895K(83392K), 0.0019518 secs] [Times: user=0.00 sys=0.00, real=0.00 secs] 
52.662: [GC 52.662: [ParNew
Desired survivor size 1343488 bytes, new threshold 4 (max 4)
- age   1:     398080 bytes,     398080 total
- age   2:     708552 bytes,    1106632 total
- age   3:     179592 bytes,    1286224 total
- age   4:     130800 bytes,    1417024 total
: 17153K->1386K(18624K), 0.0019472 secs] 48864K->33097K(83392K), 0.0020599 secs] [Times: user=0.01 sys=0.00, real=0.00 secs] 
52.682: [GC 52.682: [ParNew
Desired survivor size 1343488 bytes, new threshold 4 (max 4)
- age   1:     214824 bytes,     214824 total
- age   2:     238384 bytes,     453208 total
- age   3:     624048 bytes,    1077256 total
- age   4:     179592 bytes,    1256848 total
: 17386K->1229K(18624K), 0.0019896 secs] 49097K->33003K(83392K), 0.0020864 secs] [Times: user=0.01 sys=0.00, real=0.00 secs] 
52.697: [GC 52.697: [ParNew
Desired survivor size 1343488 bytes, new threshold 4 (max 4)
- age   1:     530888 bytes,     530888 total
- age   2:     214824 bytes,     745712 total
- age   3:     132416 bytes,     878128 total
- age   4:     450320 bytes,    1328448 total
: 17212K->1305K(18624K), 0.0017602 secs] 48987K->33197K(83392K), 0.0019025 secs] [Times: user=0.00 sys=0.00, real=0.00 secs] 
52.711: [GC 52.711: [ParNew
Desired survivor size 1343488 bytes, new threshold 4 (max 4)
- age   1:     299992 bytes,     299992 total
- age   2:      60904 bytes,     360896 total
- age   3:     214824 bytes,     575720 total
- age   4:     132416 bytes,     708136 total
: 17292K->715K(18624K), 0.0020235 secs] 49183K->33046K(83392K), 0.0021283 secs] [Times: user=0.00 sys=0.00, real=0.00 secs] 
52.724: [GC 52.724: [ParNew
Desired survivor size 1343488 bytes, new threshold 4 (max 4)
- age   1:     295704 bytes,     295704 total
- age   2:      80368 bytes,     376072 total
- age   3:      60904 bytes,     436976 total
- age   4:     214824 bytes,     651800 total
: 16690K->645K(18624K), 0.0017735 secs] 49021K->33105K(83392K), 0.0018844 secs] [Times: user=0.00 sys=0.01, real=0.01 secs] 
52.738: [GC 52.738: [ParNew
Desired survivor size 1343488 bytes, new threshold 4 (max 4)
- age   1:     576272 bytes,     576272 total
- age   2:     202048 bytes,     778320 total
- age   3:      80368 bytes,     858688 total
- age   4:      60904 bytes,     919592 total
: 16638K->938K(18624K), 0.0017848 secs] 49099K->33528K(83392K), 0.0018984 secs] [Times: user=0.00 sys=0.00, real=0.00 secs] 
52.752: [GC 52.752: [ParNew
Desired survivor size 1343488 bytes, new threshold 4 (max 4)
- age   1:     383008 bytes,     383008 total
- age   2:     333216 bytes,     716224 total
- age   3:     202048 bytes,     918272 total
- age   4:      80368 bytes,     998640 total
: 16928K->983K(18624K), 0.0016330 secs] 49519K->33633K(83392K), 0.0017261 secs] [Times: user=0.01 sys=0.00, real=0.00 secs] 
52.765: [GC 52.765: [ParNew
Desired survivor size 1343488 bytes, new threshold 4 (max 4)
- age   1:     248288 bytes,     248288 total
- age   2:     324624 bytes,     572912 total
- age   3:     150568 bytes,     723480 total
- age   4:     202048 bytes,     925528 total
: 16975K->906K(18624K), 0.0016884 secs] 49625K->33634K(83392K), 0.0018037 secs] [Times: user=0.00 sys=0.00, real=0.00 secs] 
52.778: [GC 52.778: [ParNew
Desired survivor size 1343488 bytes, new threshold 4 (max 4)
- age   1:     209160 bytes,     209160 total
- age   2:      71592 bytes,     280752 total
- age   3:     324624 bytes,     605376 total
- age   4:      37416 bytes,     642792 total
: 16904K->630K(18624K), 0.0014863 secs] 49633K->33555K(83392K), 0.0015982 secs] [Times: user=0.00 sys=0.00, real=0.00 secs] 
52.791: [GC 52.791: [ParNew
Desired survivor size 1343488 bytes, new threshold 4 (max 4)
- age   1:     153864 bytes,     153864 total
- age   2:     145784 bytes,     299648 total
- age   3:      71552 bytes,     371200 total
- age   4:      73504 bytes,     444704 total
: 16581K->436K(18624K), 0.0012814 secs] 49506K->33398K(83392K), 0.0013734 secs] [Times: user=0.00 sys=0.00, real=0.00 secs] 
52.804: [GC 52.804: [ParNew
Desired survivor size 1343488 bytes, new threshold 4 (max 4)
- age   1:     594416 bytes,     594416 total
- age   2:      68536 bytes,     662952 total
- age   3:     145784 bytes,     808736 total
- age   4:      71552 bytes,     880288 total
: 16408K->863K(18624K), 0.0018304 secs] 49370K->33850K(83392K), 0.0019670 secs] [Times: user=0.00 sys=0.00, real=0.01 secs] 
52.817: [GC 52.817: [ParNew
Desired survivor size 1343488 bytes, new threshold 2 (max 4)
- age   1:    1087056 bytes,    1087056 total
- age   2:     483472 bytes,    1570528 total
- age   3:      68536 bytes,    1639064 total
- age   4:     145784 bytes,    1784848 total
: 16819K->1747K(18624K), 0.0028399 secs] 49806K->34805K(83392K), 0.0029579 secs] [Times: user=0.01 sys=0.00, real=0.00 secs] 
52.832: [GC 52.832: [ParNew
Desired survivor size 1343488 bytes, new threshold 4 (max 4)
- age   1:     556720 bytes,     556720 total
- age   2:     610048 bytes,    1166768 total
: 17707K->1143K(18624K), 0.0019646 secs] 50764K->34882K(83392K), 0.0020997 secs] [Times: user=0.00 sys=0.00, real=0.00 secs] 
52.846: [GC 52.846: [ParNew
Desired survivor size 1343488 bytes, new threshold 4 (max 4)
- age   1:     635880 bytes,     635880 total
- age   2:     221848 bytes,     857728 total
- age   3:     282192 bytes,    1139920 total
: 17080K->1117K(18624K), 0.0015118 secs] 50819K->34856K(83392K), 0.0017357 secs] [Times: user=0.00 sys=0.00, real=0.00 secs] 
52.863: [GC 52.863: [ParNew
Desired survivor size 1343488 bytes, new threshold 4 (max 4)
- age   1:     806904 bytes,     806904 total
- age   2:      37272 bytes,     844176 total
- age   3:      64960 bytes,     909136 total
- age   4:     282192 bytes,    1191328 total
: 17112K->1166K(18624K), 0.0019067 secs] 50851K->34905K(83392K), 0.0020142 secs] [Times: user=0.00 sys=0.01, real=0.01 secs] 
52.892: [GC 52.892: [ParNew
Desired survivor size 1343488 bytes, new threshold 4 (max 4)
- age   1:     354088 bytes,     354088 total
- age   2:     463432 bytes,     817520 total
- age   3:      37272 bytes,     854792 total
- age   4:      64960 bytes,     919752 total
: 17166K->900K(18624K), 0.0018354 secs] 50905K->34915K(83392K), 0.0019214 secs] [Times: user=0.00 sys=0.00, real=0.00 secs] 
52.905: [GC 52.905: [ParNew
Desired survivor size 1343488 bytes, new threshold 4 (max 4)
- age   1:     185760 bytes,     185760 total
- age   2:     341320 bytes,     527080 total
- age   3:     303456 bytes,     830536 total
- age   4:      37272 bytes,     867808 total
: 16896K->861K(18624K), 0.0015539 secs] 50911K->34939K(83392K), 0.0016780 secs] [Times: user=0.01 sys=0.00, real=0.00 secs] 
52.921: [GC 52.921: [ParNew
Desired survivor size 1343488 bytes, new threshold 4 (max 4)
- age   1:     776112 bytes,     776112 total
- age   2:     106944 bytes,     883056 total
- age   3:     204104 bytes,    1087160 total
- age   4:     303456 bytes,    1390616 total
: 16861K->1370K(18624K), 0.0018779 secs] 50939K->35484K(83392K), 0.0019672 secs] [Times: user=0.00 sys=0.00, real=0.00 secs] 
52.935: [GC 52.935: [ParNew
Desired survivor size 1343488 bytes, new threshold 4 (max 4)
- age   1:     156184 bytes,     156184 total
- age   2:     696120 bytes,     852304 total
- age   3:     106944 bytes,     959248 total
- age   4:     200000 bytes,    1159248 total
: 17370K->1147K(18624K), 0.0025664 secs] 51484K->35558K(83392K), 0.0026840 secs] [Times: user=0.01 sys=0.00, real=0.00 secs] 
52.949: [GC 52.949: [ParNew
Desired survivor size 1343488 bytes, new threshold 4 (max 4)
- age   1:     334488 bytes,     334488 total
- age   2:      71848 bytes,     406336 total
- age   3:     489304 bytes,     895640 total
- age   4:     106944 bytes,    1002584 total
: 17090K->1033K(18624K), 0.0020745 secs] 51501K->35639K(83392K), 0.0021924 secs] [Times: user=0.00 sys=0.00, real=0.00 secs] 
52.964: [GC 52.964: [ParNew
Desired survivor size 1343488 bytes, new threshold 4 (max 4)
- age   1:     373328 bytes,     373328 total
- age   2:     259200 bytes,     632528 total
- age   3:      71848 bytes,     704376 total
- age   4:     316752 bytes,    1021128 total
: 17004K->1019K(18624K), 0.0017134 secs] 51610K->35730K(83392K), 0.0018392 secs] [Times: user=0.00 sys=0.00, real=0.01 secs] 
52.983: [GC 52.983: [ParNew
Desired survivor size 1343488 bytes, new threshold 4 (max 4)
- age   1:     332128 bytes,     332128 total
- age   2:     286896 bytes,     619024 total
- age   4:      57736 bytes,     676760 total
: 17019K->665K(18624K), 0.0016311 secs] 51730K->35685K(83392K), 0.0017209 secs] [Times: user=0.01 sys=0.00, real=0.01 secs] 
52.997: [GC 52.997: [ParNew
Desired survivor size 1343488 bytes, new threshold 4 (max 4)
- age   1:     430792 bytes,     430792 total
- age   2:     125696 bytes,     556488 total
- age   3:      50824 bytes,     607312 total
: 16650K->619K(18624K), 0.0015124 secs] 51670K->35667K(83392K), 0.0016045 secs] [Times: user=0.01 sys=0.00, real=0.00 secs] 
53.016: [GC 53.016: [ParNew
Desired survivor size 1343488 bytes, new threshold 4 (max 4)
- age   1:     407488 bytes,     407488 total
- age   2:      20360 bytes,     427848 total
- age   3:     124864 bytes,     552712 total
- age   4:      50824 bytes,     603536 total
: 16609K->596K(18624K), 0.0014738 secs] 51657K->35645K(83392K), 0.0015973 secs] [Times: user=0.00 sys=0.00, real=0.00 secs] 
53.029: [GC 53.029: [ParNew
Desired survivor size 1343488 bytes, new threshold 4 (max 4)
- age   1:     397192 bytes,     397192 total
- age   2:       5440 bytes,     402632 total
- age   3:      20360 bytes,     422992 total
- age   4:     124864 bytes,     547856 total
: 16535K->546K(18624K), 0.0016650 secs] 51584K->35644K(83392K), 0.0017570 secs] [Times: user=0.00 sys=0.01, real=0.00 secs] 
53.042: [GC 53.042: [ParNew
Desired survivor size 1343488 bytes, new threshold 4 (max 4)
- age   1:     477464 bytes,     477464 total
- age   2:     222344 bytes,     699808 total
- age   3:       5440 bytes,     705248 total
- age   4:      20360 bytes,     725608 total
: 16521K->721K(18624K), 0.0019291 secs] 51620K->35942K(83392K), 0.0020653 secs] [Times: user=0.00 sys=0.00, real=0.00 secs] 
53.056: [GC 53.056: [ParNew
Desired survivor size 1343488 bytes, new threshold 4 (max 4)
- age   1:     453080 bytes,     453080 total
- age   2:     131736 bytes,     584816 total
- age   3:       1040 bytes,     585856 total
- age   4:       5328 bytes,     591184 total
: 16717K->580K(18624K), 0.0012225 secs] 51938K->35820K(83392K), 0.0013225 secs] [Times: user=0.00 sys=0.00, real=0.00 secs] 
53.068: [GC 53.068: [ParNew
Desired survivor size 1343488 bytes, new threshold 4 (max 4)
- age   1:     356008 bytes,     356008 total
- age   2:     377632 bytes,     733640 total
- age   3:     131736 bytes,     865376 total
- age   4:       1040 bytes,     866416 total
: 16503K->852K(18624K), 0.0019285 secs] 51744K->36097K(83392K), 0.0020465 secs] [Times: user=0.00 sys=0.00, real=0.00 secs] 
53.082: [GC 53.082: [ParNew
Desired survivor size 1343488 bytes, new threshold 4 (max 4)
- age   1:     430776 bytes,     430776 total
- age   2:     244400 bytes,     675176 total
- age   3:     192496 bytes,     867672 total
- age   4:     131736 bytes,     999408 total
: 16828K->978K(18624K), 0.0016286 secs] 52074K->36225K(83392K), 0.0017284 secs] [Times: user=0.01 sys=0.00, real=0.00 secs] 
53.096: [GC 53.096: [ParNew
Desired survivor size 1343488 bytes, new threshold 4 (max 4)
- age   1:     616696 bytes,     616696 total
- age   2:     105680 bytes,     722376 total
- age   3:     244400 bytes,     966776 total
- age   4:       3584 bytes,     970360 total
: 16966K->949K(18624K), 0.0014569 secs] 52213K->36324K(83392K), 0.0015554 secs] [Times: user=0.01 sys=0.00, real=0.00 secs] 
53.110: [GC 53.110: [ParNew
Desired survivor size 1343488 bytes, new threshold 4 (max 4)
- age   1:     679664 bytes,     679664 total
- age   2:     155976 bytes,     835640 total
- age   3:     105680 bytes,     941320 total
- age   4:     244400 bytes,    1185720 total
: 16935K->1161K(18624K), 0.0017424 secs] 52310K->36539K(83392K), 0.0018679 secs] [Times: user=0.00 sys=0.00, real=0.00 secs] 
53.124: [GC 53.124: [ParNew
Desired survivor size 1343488 bytes, new threshold 4 (max 4)
- age   1:     335656 bytes,     335656 total
- age   2:     613368 bytes,     949024 total
- age   3:     155936 bytes,    1104960 total
- age   4:     105680 bytes,    1210640 total
: 17158K->1183K(18624K), 0.0020319 secs] 52537K->36801K(83392K), 0.0021372 secs] [Times: user=0.00 sys=0.00, real=0.01 secs] 
53.138: [GC 53.138: [ParNew
Desired survivor size 1343488 bytes, new threshold 4 (max 4)
- age   1:     433208 bytes,     433208 total
- age   2:     208400 bytes,     641608 total
- age   3:     354112 bytes,     995720 total
- age   4:     155936 bytes,    1151656 total
: 17168K->1126K(18624K), 0.0019206 secs] 52786K->36846K(83392K), 0.0020322 secs] [Times: user=0.01 sys=0.00, real=0.00 secs] 
53.152: [GC 53.152: [ParNew
Desired survivor size 1343488 bytes, new threshold 4 (max 4)
- age   1:     191536 bytes,     191536 total
- age   2:     306632 bytes,     498168 total
- age   3:     162656 bytes,     660824 total
- age   4:     354112 bytes,    1014936 total
: 17098K->993K(18624K), 0.0018563 secs] 52818K->36865K(83392K), 0.0019493 secs] [Times: user=0.01 sys=0.00, real=0.00 secs] 
53.167: [GC 53.167: [ParNew
Desired survivor size 1343488 bytes, new threshold 4 (max 4)
- age   1:     377360 bytes,     377360 total
- age   2:      47296 bytes,     424656 total
- age   3:      47328 bytes,     471984 total
- age   4:     162656 bytes,     634640 total
: 16968K->622K(18624K), 0.0014665 secs] 52840K->36711K(83392K), 0.0016141 secs] [Times: user=0.00 sys=0.00, real=0.00 secs] 
53.180: [GC 53.180: [ParNew
Desired survivor size 1343488 bytes, new threshold 4 (max 4)
- age   1:      97544 bytes,      97544 total
- age   2:     204816 bytes,     302360 total
- age   4:      47328 bytes,     349688 total
: 16609K->344K(18624K), 0.0012178 secs] 52698K->36592K(83392K), 0.0013019 secs] [Times: user=0.00 sys=0.00, real=0.00 secs] 
53.192: [GC 53.193: [ParNew
Desired survivor size 1343488 bytes, new threshold 4 (max 4)
- age   1:     553696 bytes,     553696 total
- age   2:      31168 bytes,     584864 total
- age   3:     137488 bytes,     722352 total
: 16342K->708K(18624K), 0.0014338 secs] 52590K->37002K(83392K), 0.0015385 secs] [Times: user=0.00 sys=0.00, real=0.00 secs] 
53.206: [GC 53.206: [ParNew
Desired survivor size 1343488 bytes, new threshold 4 (max 4)
- age   1:     543352 bytes,     543352 total
- age   2:     410864 bytes,     954216 total
- age   3:      31168 bytes,     985384 total
- age   4:     137488 bytes,    1122872 total
: 16689K->1099K(18624K), 0.0016528 secs] 52984K->37393K(83392K), 0.0017492 secs] [Times: user=0.00 sys=0.00, real=0.00 secs] 
53.220: [GC 53.220: [ParNew
Desired survivor size 1343488 bytes, new threshold 3 (max 4)
- age   1:     929808 bytes,     929808 total
- age   2:     244120 bytes,    1173928 total
- age   3:     289232 bytes,    1463160 total
- age   4:         32 bytes,    1463192 total
: 17090K->1431K(18624K), 0.0018204 secs] 53384K->37752K(83392K), 0.0019150 secs] [Times: user=0.01 sys=0.00, real=0.00 secs] 
53.233: [GC 53.233: [ParNew
Desired survivor size 1343488 bytes, new threshold 4 (max 4)
- age   1:     380936 bytes,     380936 total
- age   2:     770608 bytes,    1151544 total
- age   3:      80952 bytes,    1232496 total
: 17410K->1206K(18624K), 0.0024036 secs] 53731K->37809K(83392K), 0.0025133 secs] [Times: user=0.00 sys=0.00, real=0.01 secs] 
53.248: [GC 53.248: [ParNew
Desired survivor size 1343488 bytes, new threshold 3 (max 4)
- age   1:     573536 bytes,     573536 total
- age   2:     252048 bytes,     825584 total
- age   3:     770608 bytes,    1596192 total
- age   4:      80952 bytes,    1677144 total
: 17199K->1640K(18624K), 0.0023868 secs] 53802K->38243K(83392K), 0.0024994 secs] [Times: user=0.00 sys=0.00, real=0.00 secs] 
53.262: [GC 53.262: [ParNew
Desired survivor size 1343488 bytes, new threshold 4 (max 4)
- age   1:     348272 bytes,     348272 total
- age   2:     478032 bytes,     826304 total
- age   3:     133680 bytes,     959984 total
: 17594K->940K(18624K), 0.0021870 secs] 54197K->38262K(83392K), 0.0023196 secs] [Times: user=0.01 sys=0.00, real=0.00 secs] 
53.276: [GC 53.276: [ParNew
Desired survivor size 1343488 bytes, new threshold 4 (max 4)
- age   1:     403584 bytes,     403584 total
- age   2:     348272 bytes,     751856 total
- age   3:     327472 bytes,    1079328 total
- age   4:      53800 bytes,    1133128 total
: 16879K->1107K(18624K), 0.0019740 secs] 54201K->38429K(83392K), 0.0020770 secs] [Times: user=0.01 sys=0.00, real=0.00 secs] 
53.289: [GC 53.289: [ParNew
Desired survivor size 1343488 bytes, new threshold 4 (max 4)
- age   1:     457360 bytes,     457360 total
- age   2:     325200 bytes,     782560 total
- age   3:     348272 bytes,    1130832 total
- age   4:     327472 bytes,    1458304 total
: 17086K->1427K(18624K), 0.0020532 secs] 54408K->38801K(83392K), 0.0021512 secs] [Times: user=0.00 sys=0.00, real=0.00 secs] 
53.304: [GC 53.304: [ParNew
Desired survivor size 1343488 bytes, new threshold 4 (max 4)
- age   1:    1138112 bytes,    1138112 total
- age   3:     161744 bytes,    1299856 total
- age   4:     348272 bytes,    1648128 total
: 17413K->1612K(18624K), 0.0026744 secs] 54788K->39307K(83392K), 0.0027787 secs] [Times: user=0.00 sys=0.00, real=0.01 secs] 
53.318: [GC 53.318: [ParNew
Desired survivor size 1343488 bytes, new threshold 4 (max 4)
- age   1:     168656 bytes,     168656 total
- age   2:     975104 bytes,    1143760 total
: 17567K->1120K(18624K), 0.0019842 secs] 55262K->39155K(83392K), 0.0021188 secs] [Times: user=0.01 sys=0.00, real=0.00 secs] 
53.331: [GC 53.331: [ParNew
Desired survivor size 1343488 bytes, new threshold 3 (max 4)
- age   1:    1108928 bytes,    1108928 total
- age   3:     892360 bytes,    2001288 total
: 17111K->1957K(18624K), 0.0024786 secs] 55145K->39992K(83392K), 0.0025792 secs] [Times: user=0.00 sys=0.00, real=0.00 secs] 
53.347: [GC 53.347: [ParNew
Desired survivor size 1343488 bytes, new threshold 4 (max 4)
- age   1:     533544 bytes,     533544 total
- age   2:     668664 bytes,    1202208 total
: 17957K->1176K(18624K), 0.0025722 secs] 55992K->40082K(83392K), 0.0026947 secs] [Times: user=0.01 sys=0.00, real=0.00 secs] 
53.361: [GC 53.362: [ParNew
Desired survivor size 1343488 bytes, new threshold 3 (max 4)
- age   1:     371904 bytes,     371904 total
- age   2:     480312 bytes,     852216 total
- age   3:     510296 bytes,    1362512 total
: 17175K->1332K(18624K), 0.0029168 secs] 56081K->40238K(83392K), 0.0030436 secs] [Times: user=0.01 sys=0.00, real=0.01 secs] 
53.377: [GC 53.377: [ParNew
Desired survivor size 1343488 bytes, new threshold 4 (max 4)
- age   1:     482672 bytes,     482672 total
- age   2:     140752 bytes,     623424 total
- age   3:     480312 bytes,    1103736 total
: 17258K->1080K(18624K), 0.0019923 secs] 56164K->40484K(83392K), 0.0021125 secs] [Times: user=0.00 sys=0.00, real=0.00 secs] 
53.390: [GC 53.390: [ParNew
Desired survivor size 1343488 bytes, new threshold 4 (max 4)
- age   1:     638880 bytes,     638880 total
- age   2:     370200 bytes,    1009080 total
- age   4:     480312 bytes,    1489392 total
: 17058K->1456K(18624K), 0.0023140 secs] 56462K->40861K(83392K), 0.0024075 secs] [Times: user=0.00 sys=0.00, real=0.00 secs] 
53.396: [GC [1 CMS-initial-mark: 39404K(64768K)] 46290K(83392K), 0.0008035 secs] [Times: user=0.00 sys=0.00, real=0.00 secs] 
53.397: [CMS-concurrent-mark-start]
53.406: [GC 53.406: [ParNew
Desired survivor size 1343488 bytes, new threshold 3 (max 4)
- age   1:     491384 bytes,     491384 total
- age   2:     571008 bytes,    1062392 total
- age   3:     370200 bytes,    1432592 total
: 17444K->1402K(18624K), 0.0020610 secs] 56849K->40981K(83392K), 0.0021547 secs] [Times: user=0.00 sys=0.00, real=0.00 secs] 
53.422: [GC 53.422: [ParNew
Desired survivor size 1343488 bytes, new threshold 4 (max 4)
- age   1:     462056 bytes,     462056 total
- age   2:     446200 bytes,     908256 total
- age   3:     377528 bytes,    1285784 total
: 17401K->1259K(18624K), 0.0019421 secs] 56980K->41199K(83392K), 0.0020343 secs] [Times: user=0.01 sys=0.00, real=0.00 secs] 
53.439: [GC 53.439: [ParNew
Desired survivor size 1343488 bytes, new threshold 4 (max 4)
- age   1:     237472 bytes,     237472 total
- age   2:     292016 bytes,     529488 total
- age   3:     446200 bytes,     975688 total
- age   4:     377528 bytes,    1353216 total
: 17253K->1323K(18624K), 0.0019169 secs] 57193K->41263K(83392K), 0.0020034 secs] [Times: user=0.01 sys=0.00, real=0.00 secs] 
53.454: [GC 53.454: [ParNew
Desired survivor size 1343488 bytes, new threshold 4 (max 4)
- age   1:     549720 bytes,     549720 total
- age   2:     153072 bytes,     702792 total
- age   3:     172488 bytes,     875280 total
- age   4:     446200 bytes,    1321480 total
: 17292K->1292K(18624K), 0.0023399 secs] 57232K->41440K(83392K), 0.0024400 secs] [Times: user=0.00 sys=0.00, real=0.01 secs] 
53.472: [GC 53.472: [ParNew
Desired survivor size 1343488 bytes, new threshold 4 (max 4)
- age   1:     481440 bytes,     481440 total
- age   2:     502200 bytes,     983640 total
- age   3:     153072 bytes,    1136712 total
- age   4:     172488 bytes,    1309200 total
: 17211K->1280K(18624K), 0.0016244 secs] 57358K->41648K(83392K), 0.0017051 secs] [Times: user=0.01 sys=0.00, real=0.00 secs] 
53.482: [CMS-concurrent-mark: 0.070/0.085 secs] [Times: user=0.14 sys=0.00, real=0.08 secs] 
53.482: [CMS-concurrent-preclean-start]
53.485: [CMS-concurrent-preclean: 0.003/0.003 secs] [Times: user=0.01 sys=0.00, real=0.01 secs] 
53.485: [CMS-concurrent-abortable-preclean-start]
53.490: [GC 53.491: [ParNew
Desired survivor size 1343488 bytes, new threshold 4 (max 4)
- age   1:     501240 bytes,     501240 total
- age   2:     395152 bytes,     896392 total
- age   3:     166400 bytes,    1062792 total
- age   4:     151880 bytes,    1214672 total
: 17280K->1188K(18624K), 0.0016816 secs] 57648K->41725K(83392K), 0.0017689 secs] [Times: user=0.01 sys=0.00, real=0.00 secs] 
53.504: [GC 53.505: [ParNew
Desired survivor size 1343488 bytes, new threshold 4 (max 4)
- age   1:     201712 bytes,     201712 total
- age   2:     499536 bytes,     701248 total
- age   3:     317744 bytes,    1018992 total
- age   4:     166400 bytes,    1185392 total
: 17070K->1159K(18624K), 0.0021410 secs] 57607K->41844K(83392K), 0.0022514 secs] [Times: user=0.00 sys=0.00, real=0.01 secs] 
53.521: [GC 53.521: [ParNew
Desired survivor size 1343488 bytes, new threshold 4 (max 4)
- age   1:     271568 bytes,     271568 total
- age   2:     100576 bytes,     372144 total
- age   3:     429504 bytes,     801648 total
- age   4:     154792 bytes,     956440 total
: 17143K->940K(18624K), 0.0018600 secs] 57829K->41787K(83392K), 0.0019518 secs] [Times: user=0.00 sys=0.00, real=0.00 secs] 
53.540: [GC 53.540: [ParNew
Desired survivor size 1343488 bytes, new threshold 4 (max 4)
- age   1:     333544 bytes,     333544 total
- age   2:     115888 bytes,     449432 total
- age   3:     100576 bytes,     550008 total
- age   4:      60720 bytes,     610728 total
: 16940K->600K(18624K), 0.0014110 secs] 57787K->41599K(83392K), 0.0014835 secs] [Times: user=0.00 sys=0.00, real=0.00 secs] 
53.555: [GC 53.555: [ParNew
Desired survivor size 1343488 bytes, new threshold 4 (max 4)
- age   1:     473040 bytes,     473040 total
- age   2:     160832 bytes,     633872 total
- age   3:     115888 bytes,     749760 total
- age   4:     100576 bytes,     850336 total
: 16596K->836K(18624K), 0.0020987 secs] 57595K->41894K(83392K), 0.0022036 secs] [Times: user=0.00 sys=0.00, real=0.00 secs] 
53.569: [GC 53.569: [ParNew
Desired survivor size 1343488 bytes, new threshold 4 (max 4)
- age   1:     164048 bytes,     164048 total
- age   2:     308656 bytes,     472704 total
- age   3:     160832 bytes,     633536 total
- age   4:     115888 bytes,     749424 total
: 16775K->739K(18624K), 0.0018965 secs] 57833K->41895K(83392K), 0.0019967 secs] [Times: user=0.00 sys=0.00, real=0.00 secs] 
53.583: [GC 53.583: [ParNew
Desired survivor size 1343488 bytes, new threshold 4 (max 4)
- age   1:     200144 bytes,     200144 total
- age   3:     202440 bytes,     402584 total
- age   4:     160832 bytes,     563416 total
: 16739K->563K(18624K), 0.0020028 secs] 57895K->41833K(83392K), 0.0020831 secs] [Times: user=0.00 sys=0.00, real=0.01 secs] 
53.597: [GC 53.597: [ParNew
Desired survivor size 1343488 bytes, new threshold 4 (max 4)
- age   1:     477888 bytes,     477888 total
- age   2:       2160 bytes,     480048 total
- age   4:     202440 bytes,     682488 total
: 16491K->671K(18624K), 0.0017778 secs] 57761K->42098K(83392K), 0.0018891 secs] [Times: user=0.01 sys=0.00, real=0.00 secs] 
53.610: [GC 53.610: [ParNew
Desired survivor size 1343488 bytes, new threshold 4 (max 4)
- age   1:     378832 bytes,     378832 total
- age   3:       2160 bytes,     380992 total
: 16624K->379K(18624K), 0.0017200 secs] 58050K->42003K(83392K), 0.0018147 secs] [Times: user=0.00 sys=0.00, real=0.00 secs] 
53.624: [GC 53.624: [ParNew
Desired survivor size 1343488 bytes, new threshold 4 (max 4)
- age   1:     602704 bytes,     602704 total
- age   2:      64616 bytes,     667320 total
- age   4:       2160 bytes,     669480 total
: 16367K->656K(18624K), 0.0013949 secs] 57991K->42280K(83392K), 0.0014873 secs] [Times: user=0.00 sys=0.00, real=0.01 secs] 
53.637: [GC 53.637: [ParNew
Desired survivor size 1343488 bytes, new threshold 4 (max 4)
- age   1:     432344 bytes,     432344 total
- age   2:     161624 bytes,     593968 total
- age   3:      64616 bytes,     658584 total
: 16615K->649K(18624K), 0.0012718 secs] 58240K->42275K(83392K), 0.0014386 secs] [Times: user=0.00 sys=0.00, real=0.00 secs] 
53.653: [GC 53.654: [ParNew
Desired survivor size 1343488 bytes, new threshold 4 (max 4)
- age   1:     238960 bytes,     238960 total
- age   2:     106904 bytes,     345864 total
- age   3:     161592 bytes,     507456 total
- age   4:      64616 bytes,     572072 total
: 16586K->562K(18624K), 0.0012779 secs] 58213K->42189K(83392K), 0.0013749 secs] [Times: user=0.01 sys=0.00, real=0.01 secs] 
53.669: [GC 53.669: [ParNew
Desired survivor size 1343488 bytes, new threshold 4 (max 4)
- age   1:     402280 bytes,     402280 total
- age   2:     161200 bytes,     563480 total
- age   3:     106904 bytes,     670384 total
- age   4:     161592 bytes,     831976 total
: 16535K->821K(18624K), 0.0015217 secs] 58162K->42510K(83392K), 0.0016331 secs] [Times: user=0.00 sys=0.00, real=0.00 secs] 
53.682: [GC 53.682: [ParNew
Desired survivor size 1343488 bytes, new threshold 4 (max 4)
- age   1:     267800 bytes,     267800 total
- age   2:     334176 bytes,     601976 total
- age   3:      79680 bytes,     681656 total
- age   4:     106904 bytes,     788560 total
: 16819K->783K(18624K), 0.0018349 secs] 58508K->42630K(83392K), 0.0019721 secs] [Times: user=0.00 sys=0.00, real=0.00 secs] 
53.697: [GC 53.697: [ParNew
Desired survivor size 1343488 bytes, new threshold 4 (max 4)
- age   1:     365768 bytes,     365768 total
- age   2:      31392 bytes,     397160 total
- age   3:     331152 bytes,     728312 total
- age   4:      79680 bytes,     807992 total
: 16759K->794K(18624K), 0.0014032 secs] 58606K->42745K(83392K), 0.0014858 secs] [Times: user=0.00 sys=0.00, real=0.00 secs] 
53.711: [GC 53.711: [ParNew
Desired survivor size 1343488 bytes, new threshold 4 (max 4)
- age   1:     590024 bytes,     590024 total
- age   2:     203120 bytes,     793144 total
- age   3:      31392 bytes,     824536 total
- age   4:     331152 bytes,    1155688 total
: 16744K->1141K(18624K), 0.0018063 secs] 58696K->43170K(83392K), 0.0019176 secs] [Times: user=0.01 sys=0.00, real=0.00 secs] 
53.725: [GC 53.725: [ParNew
Desired survivor size 1343488 bytes, new threshold 4 (max 4)
- age   1:     341392 bytes,     341392 total
- age   2:     338208 bytes,     679600 total
- age   3:     201368 bytes,     880968 total
- age   4:      31392 bytes,     912360 total
: 17129K->895K(18624K), 0.0019571 secs] 59158K->43248K(83392K), 0.0020556 secs] [Times: user=0.01 sys=0.00, real=0.00 secs] 
53.738: [GC 53.738: [ParNew
Desired survivor size 1343488 bytes, new threshold 4 (max 4)
- age   1:     328488 bytes,     328488 total
- age   2:     227848 bytes,     556336 total
- age   3:     221296 bytes,     777632 total
- age   4:     116656 bytes,     894288 total
: 16884K->876K(18624K), 0.0018772 secs] 59237K->43260K(83392K), 0.0019743 secs] [Times: user=0.00 sys=0.00, real=0.00 secs] 
53.759: [GC 53.765: [ParNew
Desired survivor size 1343488 bytes, new threshold 4 (max 4)
- age   1:     442448 bytes,     442448 total
- age   2:     242200 bytes,     684648 total
- age   3:      59768 bytes,     744416 total
- age   4:     221296 bytes,     965712 total
: 16876K->946K(18624K), 0.0041755 secs] 59260K->43443K(83392K), 0.0042992 secs] [Times: user=0.01 sys=0.00, real=0.01 secs] 
53.791: [GC 53.791: [ParNew
Desired survivor size 1343488 bytes, new threshold 4 (max 4)
- age   1:     219328 bytes,     219328 total
- age   2:     182568 bytes,     401896 total
- age   4:      59768 bytes,     461664 total
: 16946K->453K(18624K), 0.0032831 secs] 59443K->43167K(83392K), 0.0033779 secs] [Times: user=0.00 sys=0.00, real=0.01 secs] 
53.808: [GC 53.808: [ParNew
Desired survivor size 1343488 bytes, new threshold 4 (max 4)
- age   1:     265696 bytes,     265696 total
- age   2:      95328 bytes,     361024 total
- age   3:     182568 bytes,     543592 total
: 16438K->532K(18624K), 0.0021009 secs] 59152K->43245K(83392K), 0.0022031 secs] [Times: user=0.01 sys=0.00, real=0.00 secs] 
53.827: [GC 53.827: [ParNew
Desired survivor size 1343488 bytes, new threshold 4 (max 4)
- age   1:     193080 bytes,     193080 total
- age   2:     136704 bytes,     329784 total
- age   3:      76152 bytes,     405936 total
- age   4:     182568 bytes,     588504 total
: 16523K->579K(18624K), 0.0020242 secs] 59237K->43293K(83392K), 0.0021107 secs] [Times: user=0.01 sys=0.00, real=0.00 secs] 
53.851: [GC 53.851: [ParNew
Desired survivor size 1343488 bytes, new threshold 4 (max 4)
- age   1:     416680 bytes,     416680 total
- age   2:     137120 bytes,     553800 total
- age   3:     136704 bytes,     690504 total
- age   4:      75320 bytes,     765824 total
: 16570K->755K(18624K), 0.0016443 secs] 59283K->43646K(83392K), 0.0017387 secs] [Times: user=0.01 sys=0.00, real=0.00 secs] 
53.865: [GC 53.865: [ParNew
Desired survivor size 1343488 bytes, new threshold 4 (max 4)
- age   1:     366080 bytes,     366080 total
- age   2:     384576 bytes,     750656 total
- age   3:     137088 bytes,     887744 total
- age   4:     136704 bytes,    1024448 total
: 16718K->1009K(18624K), 0.0016597 secs] 59609K->43973K(83392K), 0.0017559 secs] [Times: user=0.00 sys=0.00, real=0.00 secs] 
53.879: [GC 53.879: [ParNew
Desired survivor size 1343488 bytes, new threshold 4 (max 4)
- age   1:     677960 bytes,     677960 total
- age   2:     283072 bytes,     961032 total
- age   3:     368560 bytes,    1329592 total
- age   4:     137088 bytes,    1466680 total
: 16997K->1447K(18624K), 0.0018571 secs] 59961K->44545K(83392K), 0.0019438 secs] [Times: user=0.00 sys=0.00, real=0.00 secs] 
53.892: [GC 53.892: [ParNew
Desired survivor size 1343488 bytes, new threshold 4 (max 4)
- age   1:     445928 bytes,     445928 total
- age   2:     252952 bytes,     698880 total
- age   3:     283072 bytes,     981952 total
- age   4:     253080 bytes,    1235032 total
: 17447K->1220K(18624K), 0.0021501 secs] 60545K->44452K(83392K), 0.0024588 secs] [Times: user=0.00 sys=0.00, real=0.00 secs] 
53.907: [GC 53.907: [ParNew
Desired survivor size 1343488 bytes, new threshold 4 (max 4)
- age   1:      88368 bytes,      88368 total
- age   2:     317576 bytes,     405944 total
- age   3:     200120 bytes,     606064 total
- age   4:     241920 bytes,     847984 total
: 17205K->858K(18624K), 0.0020526 secs] 60437K->44337K(83392K), 0.0021561 secs] [Times: user=0.00 sys=0.00, real=0.00 secs] 
53.921: [GC 53.921: [ParNew
Desired survivor size 1343488 bytes, new threshold 4 (max 4)
- age   1:     557240 bytes,     557240 total
- age   2:      31064 bytes,     588304 total
- age   3:     285376 bytes,     873680 total
- age   4:     200120 bytes,    1073800 total
: 16841K->1069K(18624K), 0.0022962 secs] 60320K->44785K(83392K), 0.0024089 secs] [Times: user=0.01 sys=0.00, real=0.00 secs] 
53.924: [CMS-concurrent-abortable-preclean: 0.022/0.439 secs] [Times: user=0.62 sys=0.03, real=0.43 secs] 
53.926: [GC[YG occupancy: 3654 K (18624 K)]53.926: [Rescan (parallel) , 0.0013773 secs]53.928: [weak refs processing, 0.0000378 secs] [1 CMS-remark: 43715K(64768K)] 47370K(83392K), 0.0015125 secs] [Times: user=0.00 sys=0.00, real=0.00 secs] 
53.928: [CMS-concurrent-sweep-start]
53.938: [GC 53.938: [ParNew
Desired survivor size 1343488 bytes, new threshold 4 (max 4)
- age   1:     852456 bytes,     852456 total
- age   2:     400984 bytes,    1253440 total
- age   3:      31064 bytes,    1284504 total
- age   4:     220976 bytes,    1505480 total
: 17034K->1471K(18624K), 0.0024145 secs] 60714K->45347K(83392K), 0.0025214 secs] [Times: user=0.00 sys=0.00, real=0.00 secs] 
53.942: [CMS-concurrent-sweep: 0.011/0.014 secs] [Times: user=0.03 sys=0.00, real=0.01 secs] 
53.952: [GC 53.952: [ParNew
Desired survivor size 1343488 bytes, new threshold 3 (max 4)
- age   1:     443160 bytes,     443160 total
- age   2:     771176 bytes,    1214336 total
- age   3:     185344 bytes,    1399680 total
- age   4:      31064 bytes,    1430744 total
: 17458K->1402K(18624K), 0.0023011 secs] 28323K->12483K(83392K), 0.0024128 secs] [Times: user=0.01 sys=0.00, real=0.00 secs] 
53.967: [GC 53.967: [ParNew
Desired survivor size 1343488 bytes, new threshold 4 (max 4)
- age   1:     534888 bytes,     534888 total
- age   2:     167960 bytes,     702848 total
- age   3:     311648 bytes,    1014496 total
: 17391K->994K(18624K), 0.0024482 secs] 28471K->12285K(83392K), 0.0025418 secs] [Times: user=0.00 sys=0.01, real=0.00 secs] 
53.982: [GC 53.982: [ParNew
Desired survivor size 1343488 bytes, new threshold 4 (max 4)
- age   1:     368704 bytes,     368704 total
- age   2:     237504 bytes,     606208 total
- age   3:     167960 bytes,     774168 total
- age   4:     311648 bytes,    1085816 total
: 16991K->1063K(18624K), 0.0014547 secs] 28283K->12355K(83392K), 0.0015641 secs] [Times: user=0.00 sys=0.00, real=0.00 secs] 
53.996: [GC 53.996: [ParNew
Desired survivor size 1343488 bytes, new threshold 4 (max 4)
- age   1:     573104 bytes,     573104 total
- age   2:      73224 bytes,     646328 total
- age   3:     145008 bytes,     791336 total
- age   4:     167960 bytes,     959296 total
: 17035K->940K(18624K), 0.0015551 secs] 28327K->12491K(83392K), 0.0016748 secs] [Times: user=0.00 sys=0.00, real=0.00 secs] 
54.010: [GC 54.010: [ParNew
Desired survivor size 1343488 bytes, new threshold 4 (max 4)
- age   1:     735368 bytes,     735368 total
- age   2:     189792 bytes,     925160 total
- age   3:      73224 bytes,     998384 total
- age   4:     145008 bytes,    1143392 total
: 16919K->1118K(18624K), 0.0018651 secs] 28470K->12832K(83392K), 0.0019526 secs] [Times: user=0.01 sys=0.00, real=0.00 secs] 
54.024: [GC 54.024: [ParNew
Desired survivor size 1343488 bytes, new threshold 4 (max 4)
- age   1:     400792 bytes,     400792 total
- age   2:     430784 bytes,     831576 total
- age   3:      94952 bytes,     926528 total
- age   4:      73224 bytes,     999752 total
: 17077K->979K(18624K), 0.0018322 secs] 28792K->12836K(83392K), 0.0019339 secs] [Times: user=0.01 sys=0.00, real=0.01 secs] 
54.038: [GC 54.039: [ParNew
Desired survivor size 1343488 bytes, new threshold 4 (max 4)
- age   1:     639904 bytes,     639904 total
- age   2:     230976 bytes,     870880 total
- age   3:     302424 bytes,    1173304 total
- age   4:      94952 bytes,    1268256 total
: 16977K->1242K(18624K), 0.0018023 secs] 28834K->13138K(83392K), 0.0019040 secs] [Times: user=0.00 sys=0.00, real=0.00 secs] 
54.053: [GC 54.053: [ParNew
Desired survivor size 1343488 bytes, new threshold 4 (max 4)
- age   1:     453080 bytes,     453080 total
- age   2:      34040 bytes,     487120 total
- age   3:     230976 bytes,     718096 total
- age   4:     302424 bytes,    1020520 total
: 17231K->1000K(18624K), 0.0016822 secs] 29127K->12989K(83392K), 0.0017781 secs] [Times: user=0.00 sys=0.00, real=0.01 secs] 
54.066: [GC 54.066: [ParNew
Desired survivor size 1343488 bytes, new threshold 4 (max 4)
- age   1:     209424 bytes,     209424 total
- age   2:     379840 bytes,     589264 total
- age   3:      34040 bytes,     623304 total
- age   4:     230944 bytes,     854248 total
: 16890K->837K(18624K), 0.0020251 secs] 28880K->13048K(83392K), 0.0021247 secs] [Times: user=0.00 sys=0.00, real=0.00 secs] 
54.081: [GC 54.081: [ParNew
Desired survivor size 1343488 bytes, new threshold 4 (max 4)
- age   1:     700968 bytes,     700968 total
- age   2:     129544 bytes,     830512 total
- age   3:     379840 bytes,    1210352 total
- age   4:      34040 bytes,    1244392 total
: 16808K->1218K(18624K), 0.0022279 secs] 29019K->13510K(83392K), 0.0023399 secs] [Times: user=0.00 sys=0.00, real=0.00 secs] 
54.093: [CMS-concurrent-reset-start]
54.094: [CMS-concurrent-reset: 0.001/0.001 secs] [Times: user=0.00 sys=0.00, real=0.00 secs] 
54.097: [GC 54.097: [ParNew
Desired survivor size 1343488 bytes, new threshold 4 (max 4)
- age   1:     676480 bytes,     676480 total
- age   2:     457392 bytes,    1133872 total
- age   3:     129544 bytes,    1263416 total
- age   4:     379840 bytes,    1643256 total
: 17214K->1608K(18624K), 0.0018461 secs] 29506K->13933K(83392K), 0.0019601 secs] [Times: user=0.01 sys=0.00, real=0.00 secs] 
54.112: [GC 54.112: [ParNew
Desired survivor size 1343488 bytes, new threshold 2 (max 4)
- age   1:     805272 bytes,     805272 total
- age   2:     558776 bytes,    1364048 total
- age   3:     290816 bytes,    1654864 total
- age   4:      43216 bytes,    1698080 total
: 17601K->1661K(18624K), 0.0034593 secs] 29927K->14228K(83392K), 0.0035639 secs] [Times: user=0.00 sys=0.00, real=0.01 secs] 
54.130: [GC 54.130: [ParNew
Desired survivor size 1343488 bytes, new threshold 4 (max 4)
- age   1:     332648 bytes,     332648 total
- age   2:     732784 bytes,    1065432 total
: 17661K->1042K(18624K), 0.0022882 secs] 30228K->14441K(83392K), 0.0023875 secs] [Times: user=0.01 sys=0.00, real=0.00 secs] 
54.143: [GC 54.143: [ParNew
Desired survivor size 1343488 bytes, new threshold 3 (max 4)
- age   1:     477880 bytes,     477880 total
- age   2:     290648 bytes,     768528 total
- age   3:     732784 bytes,    1501312 total
: 17018K->1468K(18624K), 0.0021645 secs] 30416K->14866K(83392K), 0.0022605 secs] [Times: user=0.00 sys=0.00, real=0.01 secs] 
54.159: [GC 54.159: [ParNew
Desired survivor size 1343488 bytes, new threshold 4 (max 4)
- age   1:     338376 bytes,     338376 total
- age   2:     460488 bytes,     798864 total
- age   3:     290648 bytes,    1089512 total
: 17468K->1073K(18624K), 0.0018388 secs] 30866K->14696K(83392K), 0.0019299 secs] [Times: user=0.00 sys=0.00, real=0.00 secs] 
54.173: [GC 54.173: [ParNew
Desired survivor size 1343488 bytes, new threshold 4 (max 4)
- age   1:     199608 bytes,     199608 total
- age   2:     309712 bytes,     509320 total
- age   3:     460488 bytes,     969808 total
- age   4:     290648 bytes,    1260456 total
: 17060K->1237K(18624K), 0.0018601 secs] 30683K->14860K(83392K), 0.0019530 secs] [Times: user=0.01 sys=0.00, real=0.01 secs] 
54.186: [GC 54.186: [ParNew
Desired survivor size 1343488 bytes, new threshold 4 (max 4)
- age   1:     453472 bytes,     453472 total
- age   2:      36624 bytes,     490096 total
- age   3:      65040 bytes,     555136 total
- age   4:     460488 bytes,    1015624 total
: 17233K->998K(18624K), 0.0022338 secs] 30856K->14690K(83392K), 0.0023428 secs] [Times: user=0.00 sys=0.00, real=0.00 secs] 
54.200: [GC 54.200: [ParNew
Desired survivor size 1343488 bytes, new threshold 4 (max 4)
- age   1:     353304 bytes,     353304 total
- age   2:     123704 bytes,     477008 total
- age   3:      36624 bytes,     513632 total
- age   4:      65040 bytes,     578672 total
: 16970K->570K(18624K), 0.0017594 secs] 30661K->14711K(83392K), 0.0018746 secs] [Times: user=0.00 sys=0.00, real=0.00 secs] 
54.214: [GC 54.214: [ParNew
Desired survivor size 1343488 bytes, new threshold 4 (max 4)
- age   1:     533848 bytes,     533848 total
- age   2:     167400 bytes,     701248 total
- age   3:     123704 bytes,     824952 total
- age   4:      36624 bytes,     861576 total
: 16524K->851K(18624K), 0.0013679 secs] 30666K->15055K(83392K), 0.0014561 secs] [Times: user=0.00 sys=0.00, real=0.01 secs] 
54.226: [GC 54.227: [ParNew
Desired survivor size 1343488 bytes, new threshold 4 (max 4)
- age   1:     247752 bytes,     247752 total
- age   2:     452336 bytes,     700088 total
- age   3:     167400 bytes,     867488 total
- age   4:     123704 bytes,     991192 total
: 16750K->971K(18624K), 0.0018966 secs] 30955K->15212K(83392K), 0.0020002 secs] [Times: user=0.00 sys=0.00, real=0.00 secs] 
54.240: [GC 54.240: [ParNew
Desired survivor size 1343488 bytes, new threshold 3 (max 4)
- age   1:     832696 bytes,     832696 total
- age   2:     164032 bytes,     996728 total
- age   3:     358816 bytes,    1355544 total
- age   4:         40 bytes,    1355584 total
: 16951K->1327K(18624K), 0.0017046 secs] 31192K->15608K(83392K), 0.0017892 secs] [Times: user=0.01 sys=0.00, real=0.00 secs] 
54.260: [GC 54.260: [ParNew
Desired survivor size 1343488 bytes, new threshold 4 (max 4)
- age   1:     138992 bytes,     138992 total
- age   2:     662624 bytes,     801616 total
- age   3:     164032 bytes,     965648 total
: 17327K->945K(18624K), 0.0017013 secs] 31608K->15576K(83392K), 0.0018010 secs] [Times: user=0.00 sys=0.00, real=0.00 secs] 
54.277: [GC 54.277: [ParNew
Desired survivor size 1343488 bytes, new threshold 4 (max 4)
- age   1:     275112 bytes,     275112 total
- age   2:      89584 bytes,     364696 total
- age   3:     418568 bytes,     783264 total
- age   4:     164032 bytes,     947296 total
: 16936K->929K(18624K), 0.0015001 secs] 31568K->15560K(83392K), 0.0015912 secs] [Times: user=0.00 sys=0.01, real=0.00 secs] 
54.292: [GC 54.292: [ParNew
Desired survivor size 1343488 bytes, new threshold 4 (max 4)
- age   1:     508504 bytes,     508504 total
- age   2:     116248 bytes,     624752 total
- age   3:      89584 bytes,     714336 total
- age   4:      83704 bytes,     798040 total
: 16908K->788K(18624K), 0.0013097 secs] 31539K->15580K(83392K), 0.0013898 secs] [Times: user=0.01 sys=0.00, real=0.00 secs] 
54.307: [GC 54.307: [ParNew
Desired survivor size 1343488 bytes, new threshold 4 (max 4)
- age   1:     357360 bytes,     357360 total
- age   2:     424064 bytes,     781424 total
- age   3:      60752 bytes,     842176 total
- age   4:      87088 bytes,     929264 total
: 16781K->915K(18624K), 0.0017079 secs] 31573K->15788K(83392K), 0.0017907 secs] [Times: user=0.00 sys=0.00, real=0.00 secs] 
54.322: [GC 54.322: [ParNew
Desired survivor size 1343488 bytes, new threshold 4 (max 4)
- age   1:     587696 bytes,     587696 total
- age   2:     340224 bytes,     927920 total
- age   3:     172104 bytes,    1100024 total
- age   4:      60752 bytes,    1160776 total
: 16899K->1139K(18624K), 0.0016285 secs] 31772K->16098K(83392K), 0.0018832 secs] [Times: user=0.01 sys=0.00, real=0.00 secs] 
54.335: [GC 54.335: [ParNew
Desired survivor size 1343488 bytes, new threshold 4 (max 4)
- age   1:     164848 bytes,     164848 total
- age   2:     564520 bytes,     729368 total
- age   3:     340224 bytes,    1069592 total
- age   4:     172104 bytes,    1241696 total
: 17120K->1216K(18624K), 0.0020134 secs] 32078K->16234K(83392K), 0.0021096 secs] [Times: user=0.01 sys=0.00, real=0.01 secs] 
54.349: [GC 54.349: [ParNew
Desired survivor size 1343488 bytes, new threshold 4 (max 4)
- age   1:     605312 bytes,     605312 total
- age   2:      47696 bytes,     653008 total
- age   3:     495288 bytes,    1148296 total
- age   4:     340224 bytes,    1488520 total
: 17190K->1466K(18624K), 0.0021771 secs] 32208K->16537K(83392K), 0.0022777 secs] [Times: user=0.00 sys=0.00, real=0.00 secs] 
54.366: [GC 54.366: [ParNew
Desired survivor size 1343488 bytes, new threshold 4 (max 4)
- age   1:     251344 bytes,     251344 total
- age   2:     448944 bytes,     700288 total
- age   3:      47696 bytes,     747984 total
- age   4:     206872 bytes,     954856 total
: 17466K->941K(18624K), 0.0021665 secs] 32537K->16237K(83392K), 0.0022670 secs] [Times: user=0.01 sys=0.00, real=0.00 secs] 
54.381: [GC 54.381: [ParNew
Desired survivor size 1343488 bytes, new threshold 4 (max 4)
- age   1:     511672 bytes,     511672 total
- age   2:     133160 bytes,     644832 total
- age   3:     240712 bytes,     885544 total
- age   4:      47696 bytes,     933240 total
: 16907K->922K(18624K), 0.0016465 secs] 32203K->16421K(83392K), 0.0017638 secs] [Times: user=0.01 sys=0.00, real=0.00 secs] 
54.397: [GC 54.397: [ParNew
Desired survivor size 1343488 bytes, new threshold 4 (max 4)
- age   1:     250192 bytes,     250192 total
- age   2:     279880 bytes,     530072 total
- age   3:     132456 bytes,     662528 total
- age   4:     240712 bytes,     903240 total
: 16863K->884K(18624K), 0.0015866 secs] 32362K->16429K(83392K), 0.0016688 secs] [Times: user=0.00 sys=0.00, real=0.00 secs] 
54.411: [GC 54.411: [ParNew
Desired survivor size 1343488 bytes, new threshold 4 (max 4)
- age   1:     375800 bytes,     375800 total
- age   2:     181224 bytes,     557024 total
- age   3:     110072 bytes,     667096 total
- age   4:     132456 bytes,     799552 total
: 16851K->782K(18624K), 0.0014264 secs] 32396K->16447K(83392K), 0.0015107 secs] [Times: user=0.00 sys=0.00, real=0.00 secs] 
54.425: [GC 54.425: [ParNew
Desired survivor size 1343488 bytes, new threshold 4 (max 4)
- age   1:     237864 bytes,     237864 total
- age   2:     143512 bytes,     381376 total
- age   3:       8064 bytes,     389440 total
- age   4:     110072 bytes,     499512 total
: 16772K->495K(18624K), 0.0012502 secs] 32437K->16289K(83392K), 0.0014016 secs] [Times: user=0.00 sys=0.00, real=0.00 secs] 
54.439: [GC 54.439: [ParNew
Desired survivor size 1343488 bytes, new threshold 4 (max 4)
- age   1:     179208 bytes,     179208 total
- age   2:     103528 bytes,     282736 total
- age   3:     143512 bytes,     426248 total
- age   4:       6248 bytes,     432496 total
: 16482K->425K(18624K), 0.0012023 secs] 32276K->16327K(83392K), 0.0012846 secs] [Times: user=0.01 sys=0.01, real=0.00 secs] 
54.451: [GC 54.451: [ParNew
Desired survivor size 1343488 bytes, new threshold 4 (max 4)
- age   1:     796608 bytes,     796608 total
- age   2:      36192 bytes,     832800 total
- age   3:     103528 bytes,     936328 total
- age   4:     143512 bytes,    1079840 total
: 16367K->1059K(18624K), 0.0017054 secs] 32269K->16966K(83392K), 0.0018257 secs] [Times: user=0.00 sys=0.00, real=0.00 secs] 
54.464: [GC 54.464: [ParNew
Desired survivor size 1343488 bytes, new threshold 4 (max 4)
- age   1:     369360 bytes,     369360 total
- age   2:     293832 bytes,     663192 total
- age   3:       4464 bytes,     667656 total
- age   4:     103528 bytes,     771184 total
: 17030K->756K(18624K), 0.0017089 secs] 32938K->16804K(83392K), 0.0018019 secs] [Times: user=0.00 sys=0.00, real=0.01 secs] 
54.479: [GC 54.480: [ParNew
Desired survivor size 1343488 bytes, new threshold 4 (max 4)
- age   1:     161400 bytes,     161400 total
- age   2:     169040 bytes,     330440 total
- age   3:     293832 bytes,     624272 total
- age   4:       4464 bytes,     628736 total
: 16732K->617K(18624K), 0.0012920 secs] 32780K->16766K(83392K), 0.0014006 secs] [Times: user=0.00 sys=0.00, real=0.00 secs] 
54.492: [GC 54.492: [ParNew
Desired survivor size 1343488 bytes, new threshold 4 (max 4)
- age   1:     472216 bytes,     472216 total
- age   2:     134384 bytes,     606600 total
- age   3:     169040 bytes,     775640 total
- age   4:     293832 bytes,    1069472 total
: 16608K->1047K(18624K), 0.0016338 secs] 32757K->17201K(83392K), 0.0017313 secs] [Times: user=0.00 sys=0.00, real=0.00 secs] 
54.506: [GC 54.506: [ParNew
Desired survivor size 1343488 bytes, new threshold 4 (max 4)
- age   1:     231264 bytes,     231264 total
- age   2:     180744 bytes,     412008 total
- age   3:     134384 bytes,     546392 total
- age   4:     169040 bytes,     715432 total
: 17047K->702K(18624K), 0.0014938 secs] 33200K->17142K(83392K), 0.0015928 secs] [Times: user=0.00 sys=0.00, real=0.00 secs] 
54.520: [GC 54.520: [ParNew
Desired survivor size 1343488 bytes, new threshold 4 (max 4)
- age   1:    1063368 bytes,    1063368 total
- age   2:      94160 bytes,    1157528 total
- age   3:     180744 bytes,    1338272 total
- age   4:     134384 bytes,    1472656 total
: 16680K->1441K(18624K), 0.0028093 secs] 33120K->18047K(83392K), 0.0029330 secs] [Times: user=0.00 sys=0.00, real=0.00 secs] 
54.540: [GC 54.540: [ParNew
Desired survivor size 1343488 bytes, new threshold 4 (max 4)
- age   1:     268360 bytes,     268360 total
- age   2:     654848 bytes,     923208 total
- age   3:      94160 bytes,    1017368 total
- age   4:     180744 bytes,    1198112 total
: 17441K->1173K(18624K), 0.0016738 secs] 34046K->17909K(83392K), 0.0017472 secs] [Times: user=0.00 sys=0.00, real=0.00 secs] 
54.552: [GC 54.553: [ParNew
Desired survivor size 1343488 bytes, new threshold 4 (max 4)
- age   1:     503448 bytes,     503448 total
- age   2:     247048 bytes,     750496 total
- age   3:     416672 bytes,    1167168 total
- age   4:      94160 bytes,    1261328 total
: 17153K->1233K(18624K), 0.0021169 secs] 33890K->18146K(83392K), 0.0022338 secs] [Times: user=0.00 sys=0.00, real=0.01 secs] 
54.567: [GC 54.567: [ParNew
Desired survivor size 1343488 bytes, new threshold 4 (max 4)
- age   1:     295584 bytes,     295584 total
- age   2:     444968 bytes,     740552 total
- age   3:     246240 bytes,     986792 total
- age   4:     264464 bytes,    1251256 total
: 17207K->1226K(18624K), 0.0029861 secs] 34120K->18231K(83392K), 0.0031476 secs] [Times: user=0.01 sys=0.00, real=0.00 secs] 
54.581: [GC 54.581: [ParNew
Desired survivor size 1343488 bytes, new threshold 4 (max 4)
- age   1:     327720 bytes,     327720 total
- age   2:     235864 bytes,     563584 total
- age   3:     137128 bytes,     700712 total
- age   4:     246240 bytes,     946952 total
: 17168K->937K(18624K), 0.0027553 secs] 34173K->18200K(83392K), 0.0030182 secs] [Times: user=0.00 sys=0.00, real=0.00 secs] 
54.597: [GC 54.597: [ParNew
Desired survivor size 1343488 bytes, new threshold 3 (max 4)
- age   1:     926736 bytes,     926736 total
- age   2:     266184 bytes,    1192920 total
- age   3:     235864 bytes,    1428784 total
- age   4:     137128 bytes,    1565912 total
: 16924K->1534K(18624K), 0.0027017 secs] 34187K->18873K(83392K), 0.0028006 secs] [Times: user=0.00 sys=0.00, real=0.00 secs] 
54.611: [GC 54.611: [ParNew
Desired survivor size 1343488 bytes, new threshold 4 (max 4)
- age   1:      86608 bytes,      86608 total
- age   2:     694256 bytes,     780864 total
- age   3:     151776 bytes,     932640 total
: 17534K->913K(18624K), 0.0018287 secs] 34873K->18490K(83392K), 0.0019299 secs] [Times: user=0.00 sys=0.00, real=0.00 secs] 
54.625: [GC 54.625: [ParNew
Desired survivor size 1343488 bytes, new threshold 4 (max 4)
- age   1:     250616 bytes,     250616 total
- age   2:      41328 bytes,     291944 total
- age   3:     382624 bytes,     674568 total
- age   4:     151776 bytes,     826344 total
: 16856K->808K(18624K), 0.0014968 secs] 34433K->18384K(83392K), 0.0015896 secs] [Times: user=0.00 sys=0.00, real=0.00 secs] 
54.643: [GC 54.643: [ParNew
Desired survivor size 1343488 bytes, new threshold 4 (max 4)
- age   1:    1058656 bytes,    1058656 total
- age   2:     133576 bytes,    1192232 total
- age   3:      41328 bytes,    1233560 total
- age   4:     382624 bytes,    1616184 total
: 16739K->1580K(18624K), 0.0019563 secs] 34316K->19305K(83392K), 0.0020634 secs] [Times: user=0.00 sys=0.00, real=0.01 secs] 
54.658: [GC 54.658: [ParNew
Desired survivor size 1343488 bytes, new threshold 4 (max 4)
- age   1:     455160 bytes,     455160 total
- age   2:     614696 bytes,    1069856 total
- age   3:     133576 bytes,    1203432 total
- age   4:      41328 bytes,    1244760 total
: 17543K->1218K(18624K), 0.0019210 secs] 35268K->19317K(83392K), 0.0020129 secs] [Times: user=0.00 sys=0.00, real=0.00 secs] 
54.672: [GC 54.672: [ParNew
Desired survivor size 1343488 bytes, new threshold 4 (max 4)
- age   1:     386152 bytes,     386152 total
- age   2:      75824 bytes,     461976 total
- age   3:     614584 bytes,    1076560 total
- age   4:     133576 bytes,    1210136 total
: 17212K->1187K(18624K), 0.0018353 secs] 35311K->19326K(83392K), 0.0019349 secs] [Times: user=0.01 sys=0.00, real=0.00 secs] 
54.686: [GC 54.686: [ParNew
Desired survivor size 1343488 bytes, new threshold 4 (max 4)
- age   1:     640136 bytes,     640136 total
- age   2:     326920 bytes,     967056 total
- age   3:      75824 bytes,    1042880 total
- age   4:     614584 bytes,    1657464 total
: 17118K->1626K(18624K), 0.0019809 secs] 35257K->19765K(83392K), 0.0020836 secs] [Times: user=0.00 sys=0.00, real=0.00 secs] 
54.700: [GC 54.701: [ParNew
Desired survivor size 1343488 bytes, new threshold 4 (max 4)
- age   1:     197088 bytes,     197088 total
- age   2:     377480 bytes,     574568 total
- age   3:     326920 bytes,     901488 total
- age   4:      75824 bytes,     977312 total
: 17598K->964K(18624K), 0.0022229 secs] 35737K->19703K(83392K), 0.0023557 secs] [Times: user=0.00 sys=0.00, real=0.00 secs] 
54.714: [GC 54.714: [ParNew
Desired survivor size 1343488 bytes, new threshold 4 (max 4)
- age   1:     467008 bytes,     467008 total
- age   2:     170672 bytes,     637680 total
- age   3:     304136 bytes,     941816 total
- age   4:     326920 bytes,    1268736 total
: 16944K->1244K(18624K), 0.0020023 secs] 35683K->20057K(83392K), 0.0021700 secs] [Times: user=0.01 sys=0.00, real=0.01 secs] 
54.729: [GC 54.729: [ParNew
Desired survivor size 1343488 bytes, new threshold 4 (max 4)
- age   1:     760864 bytes,     760864 total
- age   2:     398912 bytes,    1159776 total
- age   3:     170672 bytes,    1330448 total
- age   4:     304136 bytes,    1634584 total
: 17239K->1601K(18624K), 0.0021942 secs] 36052K->20734K(83392K), 0.0023212 secs] [Times: user=0.01 sys=0.00, real=0.00 secs] 
54.747: [GC 54.747: [ParNew
Desired survivor size 1343488 bytes, new threshold 3 (max 4)
- age   1:     470512 bytes,     470512 total
- age   2:     732192 bytes,    1202704 total
- age   3:     361632 bytes,    1564336 total
- age   4:         32 bytes,    1564368 total
: 17540K->1531K(18624K), 0.0020777 secs] 36672K->20898K(83392K), 0.0021823 secs] [Times: user=0.00 sys=0.00, real=0.00 secs] 
54.760: [GC 54.760: [ParNew
Desired survivor size 1343488 bytes, new threshold 4 (max 4)
- age   1:     471544 bytes,     471544 total
- age   2:     433232 bytes,     904776 total
- age   3:     371648 bytes,    1276424 total
: 17496K->1248K(18624K), 0.0019621 secs] 36863K->20889K(83392K), 0.0020910 secs] [Times: user=0.00 sys=0.00, real=0.00 secs] 
54.775: [GC 54.775: [ParNew
Desired survivor size 1343488 bytes, new threshold 4 (max 4)
- age   1:     836664 bytes,     836664 total
- age   2:      87408 bytes,     924072 total
- age   3:     357848 bytes,    1281920 total
- age   4:     371648 bytes,    1653568 total
: 17248K->1617K(18624K), 0.0021264 secs] 36889K->21257K(83392K), 0.0022246 secs] [Times: user=0.01 sys=0.00, real=0.00 secs] 
54.789: [GC 54.789: [ParNew
Desired survivor size 1343488 bytes, new threshold 4 (max 4)
- age   1:     303872 bytes,     303872 total
- age   2:     760736 bytes,    1064608 total
- age   3:      87408 bytes,    1152016 total
- age   4:     357848 bytes,    1509864 total
: 17590K->1477K(18624K), 0.0025669 secs] 37230K->21480K(83392K), 0.0026975 secs] [Times: user=0.00 sys=0.00, real=0.00 secs] 
54.804: [GC 54.804: [ParNew
Desired survivor size 1343488 bytes, new threshold 4 (max 4)
- age   1:     494744 bytes,     494744 total
- age   2:     228472 bytes,     723216 total
- age   3:     247704 bytes,     970920 total
- age   4:      87408 bytes,    1058328 total
: 17428K->1038K(18624K), 0.0019733 secs] 37431K->21391K(83392K), 0.0020731 secs] [Times: user=0.00 sys=0.00, real=0.01 secs] 
54.817: [GC 54.817: [ParNew
Desired survivor size 1343488 bytes, new threshold 4 (max 4)
- age   1:     281712 bytes,     281712 total
- age   2:     157384 bytes,     439096 total
- age   3:     228472 bytes,     667568 total
- age   4:     247704 bytes,     915272 total
: 17020K->897K(18624K), 0.0027217 secs] 37373K->21335K(83392K), 0.0028624 secs] [Times: user=0.01 sys=0.00, real=0.00 secs] 
54.833: [GC 54.833: [ParNew
Desired survivor size 1343488 bytes, new threshold 4 (max 4)
- age   1:     168232 bytes,     168232 total
- age   2:      52192 bytes,     220424 total
- age   3:     157352 bytes,     377776 total
- age   4:     228472 bytes,     606248 total
: 16845K->598K(18624K), 0.0014253 secs] 37283K->21278K(83392K), 0.0015309 secs] [Times: user=0.00 sys=0.00, real=0.01 secs] 
54.847: [GC 54.847: [ParNew
Desired survivor size 1343488 bytes, new threshold 4 (max 4)
- age   1:     333664 bytes,     333664 total
- age   2:      89752 bytes,     423416 total
- age   3:      52192 bytes,     475608 total
- age   4:     157352 bytes,     632960 total
: 16582K->621K(18624K), 0.0016363 secs] 37262K->21524K(83392K), 0.0018369 secs] [Times: user=0.00 sys=0.00, real=0.00 secs] 
54.859: [GC 54.860: [ParNew
Desired survivor size 1343488 bytes, new threshold 4 (max 4)
- age   1:     663920 bytes,     663920 total
- age   2:     197368 bytes,     861288 total
- age   3:      89752 bytes,     951040 total
- age   4:      52192 bytes,    1003232 total
: 16588K->984K(18624K), 0.0018206 secs] 37491K->22041K(83392K), 0.0019213 secs] [Times: user=0.01 sys=0.00, real=0.00 secs] 
54.873: [GC 54.873: [ParNew
Desired survivor size 1343488 bytes, new threshold 4 (max 4)
- age   1:     238216 bytes,     238216 total
- age   2:     517920 bytes,     756136 total
- age   3:      41648 bytes,     797784 total
- age   4:      89752 bytes,     887536 total
: 16932K->871K(18624K), 0.0015745 secs] 37988K->21978K(83392K), 0.0017216 secs] [Times: user=0.01 sys=0.00, real=0.01 secs] 
54.886: [GC 54.886: [ParNew
Desired survivor size 1343488 bytes, new threshold 4 (max 4)
- age   1:     192512 bytes,     192512 total
- age   2:     157928 bytes,     350440 total
- age   3:     356088 bytes,     706528 total
- age   4:      41648 bytes,     748176 total
: 16846K->738K(18624K), 0.0015374 secs] 37954K->21934K(83392K), 0.0016270 secs] [Times: user=0.00 sys=0.00, real=0.00 secs] 
54.902: [GC 54.902: [ParNew
Desired survivor size 1343488 bytes, new threshold 4 (max 4)
- age   1:     567008 bytes,     567008 total
- age   2:      81544 bytes,     648552 total
- age   3:     157928 bytes,     806480 total
- age   4:     356088 bytes,    1162568 total
: 16732K->1139K(18624K), 0.0016571 secs] 37928K->22376K(83392K), 0.0017712 secs] [Times: user=0.00 sys=0.00, real=0.00 secs] 
54.916: [GC 54.916: [ParNew
Desired survivor size 1343488 bytes, new threshold 4 (max 4)
- age   1:     393216 bytes,     393216 total
- age   2:     436608 bytes,     829824 total
- age   3:      81512 bytes,     911336 total
- age   4:     157928 bytes,    1069264 total
: 17099K->1047K(18624K), 0.0024011 secs] 38335K->22631K(83392K), 0.0025129 secs] [Times: user=0.00 sys=0.00, real=0.00 secs] 
54.933: [GC 54.933: [ParNew
Desired survivor size 1343488 bytes, new threshold 4 (max 4)
- age   1:     416832 bytes,     416832 total
- age   2:     241424 bytes,     658256 total
- age   3:     435904 bytes,    1094160 total
- age   4:      81512 bytes,    1175672 total
: 17005K->1150K(18624K), 0.0026934 secs] 38589K->22888K(83392K), 0.0027939 secs] [Times: user=0.01 sys=0.00, real=0.01 secs] 
54.949: [GC 54.949: [ParNew
Desired survivor size 1343488 bytes, new threshold 4 (max 4)
- age   1:     398224 bytes,     398224 total
- age   2:     202080 bytes,     600304 total
- age   3:     181256 bytes,     781560 total
- age   4:     435904 bytes,    1217464 total
: 17150K->1191K(18624K), 0.0017945 secs] 38888K->23008K(83392K), 0.0018989 secs] [Times: user=0.00 sys=0.00, real=0.00 secs] 
54.963: [GC 54.963: [ParNew
Desired survivor size 1343488 bytes, new threshold 4 (max 4)
- age   1:     453184 bytes,     453184 total
- age   2:     329832 bytes,     783016 total
- age   3:     202080 bytes,     985096 total
- age   4:     181256 bytes,    1166352 total
: 17165K->1143K(18624K), 0.0021652 secs] 38983K->23386K(83392K), 0.0022625 secs] [Times: user=0.01 sys=0.00, real=0.01 secs] 
54.978: [GC 54.979: [ParNew
Desired survivor size 1343488 bytes, new threshold 4 (max 4)
- age   1:     403768 bytes,     403768 total
- age   2:     297072 bytes,     700840 total
- age   3:     329832 bytes,    1030672 total
- age   4:     202080 bytes,    1232752 total
: 17132K->1206K(18624K), 0.0018867 secs] 39376K->23627K(83392K), 0.0020020 secs] [Times: user=0.01 sys=0.00, real=0.00 secs] 
54.993: [GC 54.993: [ParNew
Desired survivor size 1343488 bytes, new threshold 4 (max 4)
- age   1:     367616 bytes,     367616 total
- age   2:     311184 bytes,     678800 total
- age   3:     276160 bytes,     954960 total
- age   4:     329832 bytes,    1284792 total
: 17186K->1264K(18624K), 0.0019700 secs] 39607K->23881K(83392K), 0.0020653 secs] [Times: user=0.00 sys=0.00, real=0.01 secs] 
55.008: [GC 55.008: [ParNew
Desired survivor size 1343488 bytes, new threshold 4 (max 4)
- age   1:     323328 bytes,     323328 total
- age   2:     101096 bytes,     424424 total
- age   3:     310888 bytes,     735312 total
- age   4:     276160 bytes,    1011472 total
: 17243K->996K(18624K), 0.0017837 secs] 39861K->23846K(83392K), 0.0018909 secs] [Times: user=0.00 sys=0.00, real=0.00 secs] 
55.021: [GC 55.021: [ParNew
Desired survivor size 1343488 bytes, new threshold 4 (max 4)
- age   1:     298032 bytes,     298032 total
- age   2:     262808 bytes,     560840 total
- age   3:     101096 bytes,     661936 total
- age   4:     310888 bytes,     972824 total
: 16989K->951K(18624K), 0.0029060 secs] 39839K->24002K(83392K), 0.0030630 secs] [Times: user=0.01 sys=0.01, real=0.00 secs] 
55.036: [GC 55.036: [ParNew
Desired survivor size 1343488 bytes, new threshold 4 (max 4)
- age   1:     384680 bytes,     384680 total
- age   2:     260304 bytes,     644984 total
- age   3:     262120 bytes,     907104 total
- age   4:     101096 bytes,    1008200 total
: 16951K->988K(18624K), 0.0017518 secs] 40002K->24342K(83392K), 0.0018806 secs] [Times: user=0.00 sys=0.00, real=0.00 secs] 
55.050: [GC 55.050: [ParNew
Desired survivor size 1343488 bytes, new threshold 2 (max 4)
- age   1:    1135520 bytes,    1135520 total
- age   2:     301800 bytes,    1437320 total
- age   3:     260304 bytes,    1697624 total
- age   4:     107904 bytes,    1805528 total
: 16940K->1770K(18624K), 0.0023657 secs] 40294K->25223K(83392K), 0.0024647 secs] [Times: user=0.00 sys=0.00, real=0.00 secs] 
55.064: [GC 55.065: [ParNew
Desired survivor size 1343488 bytes, new threshold 2 (max 4)
- age   1:     570224 bytes,     570224 total
- age   2:     820384 bytes,    1390608 total
: 17745K->1364K(18624K), 0.0020775 secs] 41197K->25223K(83392K), 0.0021784 secs] [Times: user=0.01 sys=0.00, real=0.01 secs] 
55.079: [GC 55.079: [ParNew
Desired survivor size 1343488 bytes, new threshold 2 (max 4)
- age   1:     942368 bytes,     942368 total
- age   2:     488712 bytes,    1431080 total
: 17344K->1398K(18624K), 0.0026287 secs] 41203K->25814K(83392K), 0.0027280 secs] [Times: user=0.00 sys=0.00, real=0.00 secs] 
55.094: [GC 55.094: [ParNew
Desired survivor size 1343488 bytes, new threshold 2 (max 4)
- age   1:     555968 bytes,     555968 total
- age   2:     836344 bytes,    1392312 total
: 17348K->1362K(18624K), 0.0023463 secs] 41764K->26255K(83392K), 0.0024627 secs] [Times: user=0.00 sys=0.00, real=0.01 secs] 
55.109: [GC 55.109: [ParNew
Desired survivor size 1343488 bytes, new threshold 4 (max 4)
- age   1:     608160 bytes,     608160 total
- age   2:     502912 bytes,    1111072 total
: 17352K->1088K(18624K), 0.0022392 secs] 42246K->26635K(83392K), 0.0023554 secs] [Times: user=0.01 sys=0.00, real=0.00 secs] 
55.124: [GC 55.125: [ParNew
Desired survivor size 1343488 bytes, new threshold 4 (max 4)
- age   1:     227456 bytes,     227456 total
- age   2:     551368 bytes,     778824 total
- age   3:     238064 bytes,    1016888 total
: 17053K->996K(18624K), 0.0015045 secs] 42599K->26542K(83392K), 0.0016156 secs] [Times: user=0.01 sys=0.00, real=0.01 secs] 
55.137: [GC 55.137: [ParNew
Desired survivor size 1343488 bytes, new threshold 4 (max 4)
- age   1:     479056 bytes,     479056 total
- age   2:     172952 bytes,     652008 total
- age   3:     551368 bytes,    1203376 total
- age   4:     238064 bytes,    1441440 total
: 16967K->1411K(18624K), 0.0022576 secs] 42513K->26957K(83392K), 0.0023773 secs] [Times: user=0.00 sys=0.00, real=0.00 secs] 
55.152: [GC 55.152: [ParNew
Desired survivor size 1343488 bytes, new threshold 1 (max 4)
- age   1:    1609744 bytes,    1609744 total
- age   2:     419920 bytes,    2029664 total
- age   3:      60312 bytes,    2089976 total
- age   4:     551368 bytes,    2641344 total
: 17392K->2582K(18624K), 0.0031400 secs] 42939K->28471K(83392K), 0.0032466 secs] [Times: user=0.00 sys=0.00, real=0.01 secs] 
55.168: [GC 55.168: [ParNew
Desired survivor size 1343488 bytes, new threshold 4 (max 4)
- age   1:     621008 bytes,     621008 total
: 18555K->610K(18624K), 0.0035660 secs] 44443K->28743K(83392K), 0.0036646 secs] [Times: user=0.01 sys=0.00, real=0.00 secs] 
55.172: [GC [1 CMS-initial-mark: 28132K(64768K)] 29753K(83392K), 0.0007716 secs] [Times: user=0.00 sys=0.00, real=0.00 secs] 
55.173: [CMS-concurrent-mark-start]
55.186: [GC 55.186: [ParNew
Desired survivor size 1343488 bytes, new threshold 4 (max 4)
- age   1:     517480 bytes,     517480 total
- age   2:      68816 bytes,     586296 total
: 16565K->576K(18624K), 0.0012270 secs] 44698K->28709K(83392K), 0.0013292 secs] [Times: user=0.00 sys=0.00, real=0.00 secs] 
55.200: [GC 55.200: [ParNew
Desired survivor size 1343488 bytes, new threshold 4 (max 4)
- age   1:     478512 bytes,     478512 total
- age   2:     449368 bytes,     927880 total
- age   3:      68816 bytes,     996696 total
: 16569K->976K(18624K), 0.0015076 secs] 44702K->29109K(83392K), 0.0016011 secs] [Times: user=0.00 sys=0.00, real=0.00 secs] 
55.215: [GC 55.215: [ParNew
Desired survivor size 1343488 bytes, new threshold 4 (max 4)
- age   1:     436600 bytes,     436600 total
- age   2:     393800 bytes,     830400 total
- age   3:     449368 bytes,    1279768 total
- age   4:      68816 bytes,    1348584 total
: 16958K->1320K(18624K), 0.0018684 secs] 45091K->29453K(83392K), 0.0019593 secs] [Times: user=0.01 sys=0.00, real=0.00 secs] 
55.231: [GC 55.231: [ParNew
Desired survivor size 1343488 bytes, new threshold 4 (max 4)
- age   1:     395808 bytes,     395808 total
- age   2:     409560 bytes,     805368 total
- age   3:     393800 bytes,    1199168 total
- age   4:     390016 bytes,    1589184 total
: 17317K->1555K(18624K), 0.0021241 secs] 45450K->29755K(83392K), 0.0022072 secs] [Times: user=0.00 sys=0.00, real=0.00 secs] 
55.253: [GC 55.253: [ParNew
Desired survivor size 1343488 bytes, new threshold 4 (max 4)
- age   1:     330672 bytes,     330672 total
- age   2:     248984 bytes,     579656 total
- age   3:     343680 bytes,     923336 total
- age   4:     393800 bytes,    1317136 total
: 17555K->1288K(18624K), 0.0020182 secs] 45755K->29810K(83392K), 0.0021200 secs] [Times: user=0.00 sys=0.00, real=0.01 secs] 
55.268: [CMS-concurrent-mark: 0.080/0.094 secs] [Times: user=0.16 sys=0.00, real=0.10 secs] 
55.268: [CMS-concurrent-preclean-start]
55.268: [CMS-concurrent-preclean: 0.000/0.000 secs] [Times: user=0.00 sys=0.00, real=0.00 secs] 
55.268: [CMS-concurrent-abortable-preclean-start]
55.271: [GC 55.271: [ParNew
Desired survivor size 1343488 bytes, new threshold 4 (max 4)
- age   1:     207064 bytes,     207064 total
- age   2:     329992 bytes,     537056 total
- age   3:     248984 bytes,     786040 total
- age   4:     343680 bytes,    1129720 total
: 17260K->1105K(18624K), 0.0026756 secs] 45782K->30012K(83392K), 0.0027908 secs] [Times: user=0.01 sys=0.00, real=0.00 secs] 
55.288: [GC 55.288: [ParNew
Desired survivor size 1343488 bytes, new threshold 4 (max 4)
- age   1:     239136 bytes,     239136 total
- age   2:      32376 bytes,     271512 total
- age   3:     329992 bytes,     601504 total
- age   4:     248984 bytes,     850488 total
: 17050K->834K(18624K), 0.0020853 secs] 45956K->29993K(83392K), 0.0022113 secs] [Times: user=0.00 sys=0.00, real=0.00 secs] 
55.303: [GC 55.303: [ParNew
Desired survivor size 1343488 bytes, new threshold 4 (max 4)
- age   1:     482584 bytes,     482584 total
- age   2:      60968 bytes,     543552 total
- age   3:      32376 bytes,     575928 total
- age   4:     196424 bytes,     772352 total
: 16834K->758K(18624K), 0.0015435 secs] 45993K->30039K(83392K), 0.0016683 secs] [Times: user=0.00 sys=0.00, real=0.00 secs] 
55.315: [GC 55.315: [ParNew
Desired survivor size 1343488 bytes, new threshold 4 (max 4)
- age   1:     622576 bytes,     622576 total
- age   2:     482584 bytes,    1105160 total
- age   3:      60968 bytes,    1166128 total
- age   4:       7904 bytes,    1174032 total
: 16737K->1154K(18624K), 0.0020835 secs] 46017K->30627K(83392K), 0.0021833 secs] [Times: user=0.01 sys=0.00, real=0.00 secs] 
55.329: [GC 55.329: [ParNew
Desired survivor size 1343488 bytes, new threshold 3 (max 4)
- age   1:     593280 bytes,     593280 total
- age   2:     590784 bytes,    1184064 total
- age   3:     363376 bytes,    1547440 total
- age   4:      60968 bytes,    1608408 total
: 17127K->1575K(18624K), 0.0024981 secs] 46600K->31055K(83392K), 0.0026307 secs] [Times: user=0.01 sys=0.00, real=0.00 secs] 
55.343: [GC 55.343: [ParNew
Desired survivor size 1343488 bytes, new threshold 3 (max 4)
- age   1:     316504 bytes,     316504 total
- age   2:     515600 bytes,     832104 total
- age   3:     590784 bytes,    1422888 total
: 17575K->1392K(18624K), 0.0025441 secs] 47055K->31287K(83392K), 0.0027618 secs] [Times: user=0.00 sys=0.00, real=0.01 secs] 
55.357: [GC 55.358: [ParNew
Desired survivor size 1343488 bytes, new threshold 4 (max 4)
- age   1:     180808 bytes,     180808 total
- age   2:     227352 bytes,     408160 total
- age   3:     255992 bytes,     664152 total
: 17392K->652K(18624K), 0.0020209 secs] 47287K->31123K(83392K), 0.0021467 secs] [Times: user=0.00 sys=0.00, real=0.00 secs] 
55.376: [GC 55.376: [ParNew
Desired survivor size 1343488 bytes, new threshold 4 (max 4)
- age   1:     189200 bytes,     189200 total
- age   2:     116288 bytes,     305488 total
- age   3:     227352 bytes,     532840 total
- age   4:     255992 bytes,     788832 total
: 16627K->771K(18624K), 0.0015574 secs] 47098K->31242K(83392K), 0.0016663 secs] [Times: user=0.00 sys=0.00, real=0.00 secs] 
55.390: [GC 55.390: [ParNew
Desired survivor size 1343488 bytes, new threshold 4 (max 4)
- age   1:     395648 bytes,     395648 total
- age   2:     119296 bytes,     514944 total
- age   3:     116288 bytes,     631232 total
- age   4:     227352 bytes,     858584 total
: 16755K->842K(18624K), 0.0024021 secs] 47226K->31564K(83392K), 0.0024916 secs] [Times: user=0.00 sys=0.00, real=0.00 secs] 
55.405: [GC 55.405: [ParNew
Desired survivor size 1343488 bytes, new threshold 4 (max 4)
- age   1:     306296 bytes,     306296 total
- age   2:     321968 bytes,     628264 total
- age   3:     118040 bytes,     746304 total
- age   4:     116288 bytes,     862592 total
: 16842K->845K(18624K), 0.0020040 secs] 47564K->31788K(83392K), 0.0020981 secs] [Times: user=0.00 sys=0.00, real=0.00 secs] 
55.426: [GC 55.426: [ParNew
Desired survivor size 1343488 bytes, new threshold 4 (max 4)
- age   1:     178904 bytes,     178904 total
- age   2:     239904 bytes,     418808 total
- age   3:     321968 bytes,     740776 total
- age   4:     118040 bytes,     858816 total
: 16845K->841K(18624K), 0.0015310 secs] 47788K->31898K(83392K), 0.0016071 secs] [Times: user=0.01 sys=0.00, real=0.00 secs] 
55.439: [GC 55.439: [ParNew
Desired survivor size 1343488 bytes, new threshold 4 (max 4)
- age   1:     867432 bytes,     867432 total
- age   2:     105624 bytes,     973056 total
- age   3:     239904 bytes,    1212960 total
- age   4:     321968 bytes,    1534928 total
: 16708K->1509K(18624K), 0.0021125 secs] 47765K->32607K(83392K), 0.0022149 secs] [Times: user=0.00 sys=0.00, real=0.00 secs] 
55.454: [GC 55.454: [ParNew
Desired survivor size 1343488 bytes, new threshold 3 (max 4)
- age   1:     451872 bytes,     451872 total
- age   2:     789120 bytes,    1240992 total
- age   3:     105624 bytes,    1346616 total
- age   4:     238200 bytes,    1584816 total
: 17507K->1556K(18624K), 0.0023346 secs] 48605K->32969K(83392K), 0.0024700 secs] [Times: user=0.00 sys=0.00, real=0.01 secs] 
55.469: [GC 55.469: [ParNew
Desired survivor size 1343488 bytes, new threshold 2 (max 4)
- age   1:     975000 bytes,     975000 total
- age   2:     371744 bytes,    1346744 total
- age   3:     789120 bytes,    2135864 total
: 17516K->2107K(18624K), 0.0039836 secs] 48929K->33856K(83392K), 0.0040836 secs] [Times: user=0.01 sys=0.00, real=0.00 secs] 
55.484: [GC 55.485: [ParNew
Desired survivor size 1343488 bytes, new threshold 2 (max 4)
- age   1:     651032 bytes,     651032 total
- age   2:     896928 bytes,    1547960 total
: 18053K->1519K(18624K), 0.0033042 secs] 49801K->34196K(83392K), 0.0033995 secs] [Times: user=0.00 sys=0.01, real=0.01 secs] 
55.500: [GC 55.500: [ParNew
Desired survivor size 1343488 bytes, new threshold 4 (max 4)
- age   1:     287048 bytes,     287048 total
- age   2:     522032 bytes,     809080 total
: 17477K->792K(18624K), 0.0020395 secs] 50154K->34344K(83392K), 0.0021320 secs] [Times: user=0.01 sys=0.00, real=0.00 secs] 
55.518: [GC 55.518: [ParNew
Desired survivor size 1343488 bytes, new threshold 4 (max 4)
- age   1:     498456 bytes,     498456 total
- age   2:     264944 bytes,     763400 total
- age   3:     522032 bytes,    1285432 total
: 16765K->1257K(18624K), 0.0026399 secs] 50318K->34809K(83392K), 0.0027371 secs] [Times: user=0.00 sys=0.00, real=0.00 secs] 
55.531: [GC 55.532: [ParNew
Desired survivor size 1343488 bytes, new threshold 4 (max 4)
- age   1:     658432 bytes,     658432 total
- age   2:     476376 bytes,    1134808 total
- age   3:       5896 bytes,    1140704 total
- age   4:      60624 bytes,    1201328 total
: 17222K->1177K(18624K), 0.0021447 secs] 50775K->34729K(83392K), 0.0022902 secs] [Times: user=0.00 sys=0.00, real=0.00 secs] 
55.546: [GC 55.546: [ParNew
Desired survivor size 1343488 bytes, new threshold 2 (max 4)
- age   1:     779808 bytes,     779808 total
- age   2:     587064 bytes,    1366872 total
- age   3:     408872 bytes,    1775744 total
- age   4:       5896 bytes,    1781640 total
: 17141K->1747K(18624K), 0.0019891 secs] 50694K->35359K(83392K), 0.0020826 secs] [Times: user=0.01 sys=0.00, real=0.00 secs] 
55.559: [GC 55.559: [ParNew
Desired survivor size 1343488 bytes, new threshold 4 (max 4)
- age   1:     380760 bytes,     380760 total
- age   2:     726352 bytes,    1107112 total
: 17738K->1093K(18624K), 0.0028878 secs] 51350K->35683K(83392K), 0.0030111 secs] [Times: user=0.00 sys=0.00, real=0.00 secs] 
55.574: [GC 55.574: [ParNew
Desired survivor size 1343488 bytes, new threshold 3 (max 4)
- age   1:     520472 bytes,     520472 total
- age   2:     290944 bytes,     811416 total
- age   3:     653728 bytes,    1465144 total
: 17083K->1434K(18624K), 0.0026154 secs] 51674K->36024K(83392K), 0.0027302 secs] [Times: user=0.00 sys=0.00, real=0.01 secs] 
55.589: [GC 55.590: [ParNew
Desired survivor size 1343488 bytes, new threshold 4 (max 4)
- age   1:     128456 bytes,     128456 total
- age   2:     267632 bytes,     396088 total
- age   3:     290944 bytes,     687032 total
: 17397K->673K(18624K), 0.0020611 secs] 51987K->35901K(83392K), 0.0021689 secs] [Times: user=0.00 sys=0.00, real=0.00 secs] 
55.602: [CMS-concurrent-abortable-preclean: 0.024/0.334 secs] [Times: user=0.52 sys=0.02, real=0.33 secs] 
55.603: [GC[YG occupancy: 16657 K (18624 K)]55.603: [Rescan (parallel) , 0.0018353 secs]55.605: [weak refs processing, 0.0000075 secs] [1 CMS-remark: 35228K(64768K)] 51886K(83392K), 0.0019940 secs] [Times: user=0.01 sys=0.00, real=0.01 secs] 
55.606: [GC 55.606: [ParNew
Desired survivor size 1343488 bytes, new threshold 4 (max 4)
- age   1:     518976 bytes,     518976 total
- age   2:     128456 bytes,     647432 total
- age   3:     191400 bytes,     838832 total
- age   4:     290944 bytes,    1129776 total
: 16659K->1105K(18624K), 0.0014077 secs] 51888K->36333K(83392K), 0.0014719 secs] [Times: user=0.00 sys=0.00, real=0.00 secs] 
55.607: [CMS-concurrent-sweep-start]
55.616: [CMS-concurrent-sweep: 0.008/0.008 secs] [Times: user=0.01 sys=0.00, real=0.01 secs] 
55.620: [CMS-concurrent-reset-start]
55.622: [GC 55.622: [ParNew
Desired survivor size 1343488 bytes, new threshold 4 (max 4)
- age   1:     295632 bytes,     295632 total
- age   2:     339328 bytes,     634960 total
- age   3:      82240 bytes,     717200 total
- age   4:     191400 bytes,     908600 total
: 17084K->889K(18624K), 0.0014890 secs] 32245K->16334K(83392K), 0.0015936 secs] [Times: user=0.00 sys=0.00, real=0.00 secs] 
55.624: [CMS-concurrent-reset: 0.001/0.004 secs] [Times: user=0.02 sys=0.00, real=0.00 secs] 
55.635: [GC 55.635: [ParNew
Desired survivor size 1343488 bytes, new threshold 4 (max 4)
- age   1:     582232 bytes,     582232 total
- age   2:     243736 bytes,     825968 total
- age   3:     339328 bytes,    1165296 total
- age   4:      82240 bytes,    1247536 total
: 16769K->1220K(18624K), 0.0020423 secs] 32215K->16852K(83392K), 0.0021461 secs] [Times: user=0.01 sys=0.00, real=0.00 secs] 
55.650: [GC 55.650: [ParNew
Desired survivor size 1343488 bytes, new threshold 3 (max 4)
- age   1:     589368 bytes,     589368 total
- age   2:     520224 bytes,    1109592 total
- age   3:     243736 bytes,    1353328 total
- age   4:     339328 bytes,    1692656 total
: 17216K->1654K(18624K), 0.0019085 secs] 32849K->17367K(83392K), 0.0019982 secs] [Times: user=0.00 sys=0.01, real=0.00 secs] 
55.663: [GC 55.664: [ParNew
Desired survivor size 1343488 bytes, new threshold 4 (max 4)
- age   1:     326072 bytes,     326072 total
- age   2:     433464 bytes,     759536 total
- age   3:     447696 bytes,    1207232 total
: 17607K->1181K(18624K), 0.0021644 secs] 33320K->17379K(83392K), 0.0022727 secs] [Times: user=0.00 sys=0.00, real=0.01 secs] 
55.678: [GC 55.678: [ParNew
Desired survivor size 1343488 bytes, new threshold 3 (max 4)
- age   1:     915192 bytes,     915192 total
- age   3:     431488 bytes,    1346680 total
- age   4:     447696 bytes,    1794376 total
: 17180K->1754K(18624K), 0.0020599 secs] 33379K->17953K(83392K), 0.0021876 secs] [Times: user=0.01 sys=0.00, real=0.00 secs] 
55.692: [GC 55.692: [ParNew
Desired survivor size 1343488 bytes, new threshold 4 (max 4)
- age   1:     173712 bytes,     173712 total
- age   2:     742152 bytes,     915864 total
: 17741K->898K(18624K), 0.0022519 secs] 33940K->17826K(83392K), 0.0023425 secs] [Times: user=0.00 sys=0.00, real=0.00 secs] 
55.706: [GC 55.706: [ParNew
Desired survivor size 1343488 bytes, new threshold 4 (max 4)
- age   1:     259576 bytes,     259576 total
- age   2:      47008 bytes,     306584 total
- age   3:     742192 bytes,    1048776 total
: 16888K->1026K(18624K), 0.0019540 secs] 33816K->17955K(83392K), 0.0020568 secs] [Times: user=0.00 sys=0.00, real=0.00 secs] 
55.719: [GC 55.719: [ParNew
Desired survivor size 1343488 bytes, new threshold 4 (max 4)
- age   1:     680272 bytes,     680272 total
- age   2:     235888 bytes,     916160 total
- age   3:      47008 bytes,     963168 total
- age   4:     742152 bytes,    1705320 total
: 16956K->1669K(18624K), 0.0029322 secs] 33885K->18597K(83392K), 0.0030498 secs] [Times: user=0.01 sys=0.00, real=0.00 secs] 
55.733: [GC 55.733: [ParNew
Desired survivor size 1343488 bytes, new threshold 3 (max 4)
- age   1:     684680 bytes,     684680 total
- age   2:     618848 bytes,    1303528 total
- age   3:     235888 bytes,    1539416 total
- age   4:      47008 bytes,    1586424 total
: 17666K->1552K(18624K), 0.0027500 secs] 34595K->19206K(83392K), 0.0028516 secs] [Times: user=0.00 sys=0.00, real=0.01 secs] 
55.747: [GC 55.747: [ParNew
Desired survivor size 1343488 bytes, new threshold 3 (max 4)
- age   1:     212088 bytes,     212088 total
- age   2:     622696 bytes,     834784 total
- age   3:     618848 bytes,    1453632 total
: 17539K->1423K(18624K), 0.0025999 secs] 35192K->19353K(83392K), 0.0027087 secs] [Times: user=0.00 sys=0.00, real=0.00 secs] 
55.761: [GC 55.761: [ParNew
Desired survivor size 1343488 bytes, new threshold 4 (max 4)
- age   1:     210384 bytes,     210384 total
- age   3:     426872 bytes,     637256 total
: 17393K->625K(18624K), 0.0020294 secs] 35323K->19160K(83392K), 0.0021595 secs] [Times: user=0.01 sys=0.00, real=0.00 secs] 
55.776: [GC 55.776: [ParNew
Desired survivor size 1343488 bytes, new threshold 4 (max 4)
- age   1:     376416 bytes,     376416 total
- age   2:     176752 bytes,     553168 total
- age   4:     239216 bytes,     792384 total
: 16601K->777K(18624K), 0.0013920 secs] 35136K->19311K(83392K), 0.0014947 secs] [Times: user=0.00 sys=0.00, real=0.00 secs] 
55.790: [GC 55.790: [ParNew
Desired survivor size 1343488 bytes, new threshold 4 (max 4)
- age   1:     628096 bytes,     628096 total
- age   2:     308224 bytes,     936320 total
- age   3:     108176 bytes,    1044496 total
: 16759K->1023K(18624K), 0.0019848 secs] 35294K->19791K(83392K), 0.0020902 secs] [Times: user=0.00 sys=0.00, real=0.00 secs] 
55.803: [GC 55.803: [ParNew
Desired survivor size 1343488 bytes, new threshold 4 (max 4)
- age   1:     190648 bytes,     190648 total
- age   2:     589936 bytes,     780584 total
- age   3:     308224 bytes,    1088808 total
- age   4:     108176 bytes,    1196984 total
: 17002K->1171K(18624K), 0.0018266 secs] 35770K->19939K(83392K), 0.0019220 secs] [Times: user=0.00 sys=0.01, real=0.01 secs] 
55.816: [GC 55.816: [ParNew
Desired survivor size 1343488 bytes, new threshold 4 (max 4)
- age   1:     443392 bytes,     443392 total
- age   2:     190608 bytes,     634000 total
- age   3:     589936 bytes,    1223936 total
- age   4:     308224 bytes,    1532160 total
: 17137K->1499K(18624K), 0.0024280 secs] 35905K->20372K(83392K), 0.0025978 secs] [Times: user=0.01 sys=0.00, real=0.00 secs] 
55.830: [GC 55.831: [ParNew
Desired survivor size 1343488 bytes, new threshold 4 (max 4)
- age   1:     687416 bytes,     687416 total
- age   2:     296784 bytes,     984200 total
- age   3:     190608 bytes,    1174808 total
- age   4:     589936 bytes,    1764744 total
: 17475K->1726K(18624K), 0.0025896 secs] 36348K->20900K(83392K), 0.0027040 secs] [Times: user=0.01 sys=0.00, real=0.00 secs] 
55.844: [GC 55.844: [ParNew
Desired survivor size 1343488 bytes, new threshold 4 (max 4)
- age   1:     461008 bytes,     461008 total
- age   2:     521672 bytes,     982680 total
- age   3:     296784 bytes,    1279464 total
- age   4:     156648 bytes,    1436112 total
: 17703K->1405K(18624K), 0.0024715 secs] 36878K->21156K(83392K), 0.0025873 secs] [Times: user=0.00 sys=0.00, real=0.01 secs] 
55.860: [GC 55.860: [ParNew
Desired survivor size 1343488 bytes, new threshold 3 (max 4)
- age   1:     797760 bytes,     797760 total
- age   2:     423184 bytes,    1220944 total
- age   3:     521672 bytes,    1742616 total
- age   4:     296784 bytes,    2039400 total
: 17384K->1995K(18624K), 0.0022533 secs] 37135K->21898K(83392K), 0.0023683 secs] [Times: user=0.01 sys=0.00, real=0.00 secs] 
55.877: [GC 55.877: [ParNew
Desired survivor size 1343488 bytes, new threshold 3 (max 4)
- age   1:     707632 bytes,     707632 total
- age   2:     411992 bytes,    1119624 total
- age   3:     423184 bytes,    1542808 total
: 17958K->1510K(18624K), 0.0027220 secs] 37862K->22213K(83392K), 0.0028130 secs] [Times: user=0.00 sys=0.00, real=0.00 secs] 
55.898: [GC 55.899: [ParNew
Desired survivor size 1343488 bytes, new threshold 4 (max 4)
- age   1:     423440 bytes,     423440 total
- age   2:     597520 bytes,    1020960 total
- age   3:     152904 bytes,    1173864 total
: 17475K->1147K(18624K), 0.0017173 secs] 38177K->22017K(83392K), 0.0018009 secs] [Times: user=0.01 sys=0.00, real=0.00 secs] 
55.914: [GC 55.914: [ParNew
Desired survivor size 1343488 bytes, new threshold 3 (max 4)
- age   1:     757144 bytes,     757144 total
- age   2:     365824 bytes,    1122968 total
- age   3:     597520 bytes,    1720488 total
- age   4:     152904 bytes,    1873392 total
: 17147K->1833K(18624K), 0.0026214 secs] 38017K->22703K(83392K), 0.0027223 secs] [Times: user=0.00 sys=0.00, real=0.01 secs] 
55.929: [GC 55.929: [ParNew
Desired survivor size 1343488 bytes, new threshold 4 (max 4)
- age   1:     227808 bytes,     227808 total
- age   2:     676984 bytes,     904792 total
- age   3:     308624 bytes,    1213416 total
: 17774K->1193K(18624K), 0.0023503 secs] 38643K->22796K(83392K), 0.0024544 secs] [Times: user=0.00 sys=0.00, real=0.00 secs] 
55.944: [GC 55.944: [ParNew
Desired survivor size 1343488 bytes, new threshold 4 (max 4)
- age   1:     355728 bytes,     355728 total
- age   2:     180976 bytes,     536704 total
- age   3:     676984 bytes,    1213688 total
- age   4:     222120 bytes,    1435808 total
: 17168K->1419K(18624K), 0.0018729 secs] 38770K->23022K(83392K), 0.0019605 secs] [Times: user=0.01 sys=0.00, real=0.01 secs] 
55.957: [GC 55.957: [ParNew
Desired survivor size 1343488 bytes, new threshold 4 (max 4)
- age   1:      83784 bytes,      83784 total
- age   2:     247640 bytes,     331424 total
- age   3:     180976 bytes,     512400 total
- age   4:     676984 bytes,    1189384 total
: 17415K->1179K(18624K), 0.0024209 secs] 39017K->22995K(83392K), 0.0025403 secs] [Times: user=0.00 sys=0.00, real=0.00 secs] 
55.976: [GC 55.976: [ParNew
Desired survivor size 1343488 bytes, new threshold 4 (max 4)
- age   1:     482824 bytes,     482824 total
- age   2:      25496 bytes,     508320 total
- age   3:     247640 bytes,     755960 total
- age   4:     180976 bytes,     936936 total
: 17149K->920K(18624K), 0.0022273 secs] 38966K->23398K(83392K), 0.0023383 secs] [Times: user=0.00 sys=0.00, real=0.00 secs] 
55.992: [GC 55.992: [ParNew
Desired survivor size 1343488 bytes, new threshold 4 (max 4)
- age   1:     564312 bytes,     564312 total
- age   2:     396368 bytes,     960680 total
- age   3:       1824 bytes,     962504 total
- age   4:     163824 bytes,    1126328 total
: 16903K->1106K(18624K), 0.0018546 secs] 39381K->23760K(83392K), 0.0020017 secs] [Times: user=0.00 sys=0.00, real=0.00 secs] 
56.010: [GC 56.010: [ParNew
Desired survivor size 1343488 bytes, new threshold 2 (max 4)
- age   1:     979040 bytes,     979040 total
- age   2:     394952 bytes,    1373992 total
- age   3:     396368 bytes,    1770360 total
- age   4:       1824 bytes,    1772184 total
: 17043K->1750K(18624K), 0.0022812 secs] 39697K->24564K(83392K), 0.0023792 secs] [Times: user=0.01 sys=0.00, real=0.00 secs] 
56.029: [GC 56.029: [ParNew
Desired survivor size 1343488 bytes, new threshold 4 (max 4)
- age   1:     277360 bytes,     277360 total
- age   2:     894032 bytes,    1171392 total
: 17750K->1171K(18624K), 0.0021517 secs] 40564K->24398K(83392K), 0.0022608 secs] [Times: user=0.01 sys=0.00, real=0.00 secs] 
56.046: [GC 56.046: [ParNew
Desired survivor size 1343488 bytes, new threshold 3 (max 4)
- age   1:     673168 bytes,     673168 total
- age   2:     239200 bytes,     912368 total
- age   3:     894032 bytes,    1806400 total
: 17154K->1774K(18624K), 0.0025095 secs] 40380K->25001K(83392K), 0.0026026 secs] [Times: user=0.01 sys=0.00, real=0.00 secs] 
56.064: [GC 56.064: [ParNew
Desired survivor size 1343488 bytes, new threshold 4 (max 4)
- age   1:     166024 bytes,     166024 total
- age   2:     586608 bytes,     752632 total
- age   3:     233360 bytes,     985992 total
: 17768K->971K(18624K), 0.0022714 secs] 40995K->25070K(83392K), 0.0023869 secs] [Times: user=0.00 sys=0.00, real=0.01 secs] 
56.079: [GC 56.079: [ParNew
Desired survivor size 1343488 bytes, new threshold 4 (max 4)
- age   1:     167776 bytes,     167776 total
- age   2:      86336 bytes,     254112 total
- age   3:     586608 bytes,     840720 total
- age   4:       6312 bytes,     847032 total
: 16971K->837K(18624K), 0.0013023 secs] 41070K->24937K(83392K), 0.0013936 secs] [Times: user=0.00 sys=0.00, real=0.00 secs] 
56.094: [GC 56.094: [ParNew
Desired survivor size 1343488 bytes, new threshold 4 (max 4)
- age   1:     728088 bytes,     728088 total
- age   2:      87720 bytes,     815808 total
- age   3:      59744 bytes,     875552 total
- age   4:     586608 bytes,    1462160 total
: 16837K->1430K(18624K), 0.0018637 secs] 40937K->25536K(83392K), 0.0019572 secs] [Times: user=0.01 sys=0.00, real=0.01 secs] 
56.109: [GC 56.109: [ParNew
Desired survivor size 1343488 bytes, new threshold 4 (max 4)
- age   1:     194664 bytes,     194664 total
- age   2:     668752 bytes,     863416 total
- age   3:      87720 bytes,     951136 total
- age   4:      59488 bytes,    1010624 total
: 17417K->994K(18624K), 0.0019019 secs] 41523K->25672K(83392K), 0.0020014 secs] [Times: user=0.00 sys=0.00, real=0.00 secs] 
56.124: [GC 56.124: [ParNew
Desired survivor size 1343488 bytes, new threshold 4 (max 4)
- age   1:     479120 bytes,     479120 total
- age   2:     129360 bytes,     608480 total
- age   3:     668752 bytes,    1277232 total
- age   4:         40 bytes,    1277272 total
: 16977K->1251K(18624K), 0.0020001 secs] 41655K->25988K(83392K), 0.0020935 secs] [Times: user=0.00 sys=0.00, real=0.01 secs] 
56.137: [GC 56.137: [ParNew
Desired survivor size 1343488 bytes, new threshold 4 (max 4)
- age   1:     332840 bytes,     332840 total
- age   2:     433920 bytes,     766760 total
- age   3:     129360 bytes,     896120 total
- age   4:     653872 bytes,    1549992 total
: 17245K->1516K(18624K), 0.0019298 secs] 41982K->26253K(83392K), 0.0020430 secs] [Times: user=0.00 sys=0.00, real=0.00 secs] 
56.152: [GC 56.152: [ParNew
Desired survivor size 1343488 bytes, new threshold 4 (max 4)
- age   1:     197544 bytes,     197544 total
- age   2:     332840 bytes,     530384 total
- age   3:     412928 bytes,     943312 total
- age   4:     129304 bytes,    1072616 total
: 17516K->1054K(18624K), 0.0022953 secs] 42252K->26429K(83392K), 0.0024903 secs] [Times: user=0.00 sys=0.00, real=0.01 secs] 
56.170: [GC 56.170: [ParNew
Desired survivor size 1343488 bytes, new threshold 4 (max 4)
- age   1:     269560 bytes,     269560 total
- age   2:     197544 bytes,     467104 total
- age   3:     332840 bytes,     799944 total
- age   4:     392000 bytes,    1191944 total
: 17039K->1171K(18624K), 0.0026394 secs] 42414K->26611K(83392K), 0.0027424 secs] [Times: user=0.00 sys=0.00, real=0.00 secs] 
56.186: [GC 56.186: [ParNew
Desired survivor size 1343488 bytes, new threshold 4 (max 4)
- age   1:     268576 bytes,     268576 total
- age   2:     205320 bytes,     473896 total
- age   3:     197544 bytes,     671440 total
- age   4:     332840 bytes,    1004280 total
: 17151K->992K(18624K), 0.0019257 secs] 42591K->26815K(83392K), 0.0020396 secs] [Times: user=0.01 sys=0.00, real=0.00 secs] 
56.199: [GC 56.199: [ParNew
Desired survivor size 1343488 bytes, new threshold 4 (max 4)
- age   1:     457352 bytes,     457352 total
- age   2:     254136 bytes,     711488 total
- age   3:     205320 bytes,     916808 total
- age   4:     197544 bytes,    1114352 total
: 16992K->1101K(18624K), 0.0021689 secs] 42815K->27249K(83392K), 0.0022679 secs] [Times: user=0.00 sys=0.00, real=0.00 secs] 
56.214: [GC 56.214: [ParNew
Desired survivor size 1343488 bytes, new threshold 4 (max 4)
- age   1:     218152 bytes,     218152 total
- age   2:     366336 bytes,     584488 total
- age   3:      90768 bytes,     675256 total
- age   4:     181288 bytes,     856544 total
: 17101K->847K(18624K), 0.0017087 secs] 43249K->27188K(83392K), 0.0018000 secs] [Times: user=0.00 sys=0.00, real=0.01 secs] 
56.227: [GC 56.227: [ParNew
Desired survivor size 1343488 bytes, new threshold 4 (max 4)
- age   1:     368072 bytes,     368072 total
- age   2:     135456 bytes,     503528 total
- age   3:     366336 bytes,     869864 total
- age   4:      89176 bytes,     959040 total
: 16847K->952K(18624K), 0.0017903 secs] 43188K->27470K(83392K), 0.0018844 secs] [Times: user=0.00 sys=0.00, real=0.00 secs] 
56.240: [GC 56.240: [ParNew
Desired survivor size 1343488 bytes, new threshold 4 (max 4)
- age   1:     282544 bytes,     282544 total
- age   2:     283952 bytes,     566496 total
- age   3:      87088 bytes,     653584 total
- age   4:     366336 bytes,    1019920 total
: 16940K->1004K(18624K), 0.0019041 secs] 43458K->27609K(83392K), 0.0020261 secs] [Times: user=0.01 sys=0.00, real=0.00 secs] 
56.254: [GC 56.255: [ParNew
Desired survivor size 1343488 bytes, new threshold 4 (max 4)
- age   1:     719456 bytes,     719456 total
- age   2:     226616 bytes,     946072 total
- age   3:     283952 bytes,    1230024 total
- age   4:      87088 bytes,    1317112 total
: 16978K->1287K(18624K), 0.0020961 secs] 43583K->28250K(83392K), 0.0022029 secs] [Times: user=0.00 sys=0.00, real=0.01 secs] 
56.268: [GC 56.268: [ParNew
Desired survivor size 1343488 bytes, new threshold 4 (max 4)
- age   1:     398576 bytes,     398576 total
- age   2:     649296 bytes,    1047872 total
- age   3:     226616 bytes,    1274488 total
- age   4:     283952 bytes,    1558440 total
: 17278K->1522K(18624K), 0.0021295 secs] 44241K->28507K(83392K), 0.0022344 secs] [Times: user=0.00 sys=0.00, real=0.00 secs] 
56.283: [GC 56.283: [ParNew
Desired survivor size 1343488 bytes, new threshold 4 (max 4)
- age   1:     541144 bytes,     541144 total
- age   2:     263648 bytes,     804792 total
- age   3:     464520 bytes,    1269312 total
- age   4:     226616 bytes,    1495928 total
: 17489K->1464K(18624K), 0.0023287 secs] 44475K->28726K(83392K), 0.0024587 secs] [Times: user=0.01 sys=0.00, real=0.01 secs] 
56.297: [GC 56.297: [ParNew
Desired survivor size 1343488 bytes, new threshold 4 (max 4)
- age   1:     522488 bytes,     522488 total
- age   2:     479720 bytes,    1002208 total
- age   3:     263648 bytes,    1265856 total
- age   4:     314968 bytes,    1580824 total
: 17432K->1546K(18624K), 0.0020012 secs] 44695K->28861K(83392K), 0.0020948 secs] [Times: user=0.01 sys=0.00, real=0.00 secs] 
56.313: [GC 56.314: [ParNew
Desired survivor size 1343488 bytes, new threshold 4 (max 4)
- age   1:     490856 bytes,     490856 total
- age   2:      41032 bytes,     531888 total
- age   3:     479720 bytes,    1011608 total
- age   4:     263648 bytes,    1275256 total
: 17546K->1246K(18624K), 0.0026578 secs] 44861K->28869K(83392K), 0.0029158 secs] [Times: user=0.00 sys=0.00, real=0.01 secs] 
56.329: [GC 56.329: [ParNew
Desired survivor size 1343488 bytes, new threshold 4 (max 4)
- age   1:     310256 bytes,     310256 total
- age   2:     419480 bytes,     729736 total
- age   3:       4936 bytes,     734672 total
- age   4:     207256 bytes,     941928 total
: 17237K->921K(18624K), 0.0018567 secs] 44860K->28801K(83392K), 0.0020033 secs] [Times: user=0.00 sys=0.00, real=0.00 secs] 
56.343: [GC 56.343: [ParNew
Desired survivor size 1343488 bytes, new threshold 4 (max 4)
- age   1:     201320 bytes,     201320 total
- age   2:     280232 bytes,     481552 total
- age   3:     419480 bytes,     901032 total
- age   4:       4936 bytes,     905968 total
: 16887K->886K(18624K), 0.0017924 secs] 44768K->28969K(83392K), 0.0018820 secs] [Times: user=0.00 sys=0.00, real=0.01 secs] 
56.356: [GC 56.356: [ParNew
Desired survivor size 1343488 bytes, new threshold 4 (max 4)
- age   1:     126016 bytes,     126016 total
- age   2:     169736 bytes,     295752 total
- age   3:     280232 bytes,     575984 total
- age   4:     419480 bytes,     995464 total
: 16870K->974K(18624K), 0.0020966 secs] 44952K->29062K(83392K), 0.0022119 secs] [Times: user=0.01 sys=0.00, real=0.00 secs] 
56.370: [GC 56.370: [ParNew
Desired survivor size 1343488 bytes, new threshold 3 (max 4)
- age   1:    1058800 bytes,    1058800 total
- age   2:     126016 bytes,    1184816 total
- age   3:     169736 bytes,    1354552 total
- age   4:     280232 bytes,    1634784 total
: 16971K->1599K(18624K), 0.0023150 secs] 45059K->29690K(83392K), 0.0024301 secs] [Times: user=0.00 sys=0.00, real=0.00 secs] 
56.384: [GC 56.384: [ParNew
Desired survivor size 1343488 bytes, new threshold 3 (max 4)
- age   1:     271488 bytes,     271488 total
- age   2:     963808 bytes,    1235296 total
- age   3:     126016 bytes,    1361312 total
: 17526K->1332K(18624K), 0.0025264 secs] 45616K->29862K(83392K), 0.0026409 secs] [Times: user=0.00 sys=0.00, real=0.01 secs] 
56.398: [GC 56.398: [ParNew
Desired survivor size 1343488 bytes, new threshold 3 (max 4)
- age   1:     672160 bytes,     672160 total
- age   2:      67152 bytes,     739312 total
- age   3:     963808 bytes,    1703120 total
: 17264K->1666K(18624K), 0.0021207 secs] 45794K->30319K(83392K), 0.0022278 secs] [Times: user=0.00 sys=0.00, real=0.00 secs] 
56.413: [GC 56.413: [ParNew
Desired survivor size 1343488 bytes, new threshold 4 (max 4)
- age   1:     422432 bytes,     422432 total
- age   2:     626832 bytes,    1049264 total
- age   3:      67152 bytes,    1116416 total
: 17656K->1093K(18624K), 0.0020409 secs] 46309K->30185K(83392K), 0.0021548 secs] [Times: user=0.01 sys=0.00, real=0.01 secs] 
56.427: [GC 56.427: [ParNew
Desired survivor size 1343488 bytes, new threshold 3 (max 4)
- age   1:     785376 bytes,     785376 total
- age   2:     303800 bytes,    1089176 total
- age   3:     511568 bytes,    1600744 total
- age   4:      67152 bytes,    1667896 total
: 17092K->1632K(18624K), 0.0021297 secs] 46184K->30723K(83392K), 0.0022294 secs] [Times: user=0.00 sys=0.00, real=0.00 secs] 
56.441: [GC 56.441: [ParNew
Desired survivor size 1343488 bytes, new threshold 2 (max 4)
- age   1:     663800 bytes,     663800 total
- age   2:     725384 bytes,    1389184 total
- age   3:     303800 bytes,    1692984 total
: 17612K->1656K(18624K), 0.0024067 secs] 46704K->31009K(83392K), 0.0025121 secs] [Times: user=0.00 sys=0.00, real=0.00 secs] 
56.454: [GC 56.454: [ParNew
Desired survivor size 1343488 bytes, new threshold 4 (max 4)
- age   1:     543416 bytes,     543416 total
- age   2:     636856 bytes,    1180272 total
: 17652K->1156K(18624K), 0.0030282 secs] 47005K->31514K(83392K), 0.0031278 secs] [Times: user=0.01 sys=0.00, real=0.01 secs] 
56.468: [GC 56.468: [ParNew
Desired survivor size 1343488 bytes, new threshold 3 (max 4)
- age   1:     660496 bytes,     660496 total
- age   2:     465336 bytes,    1125832 total
- age   3:     636856 bytes,    1762688 total
: 17139K->1725K(18624K), 0.0040765 secs] 47497K->32083K(83392K), 0.0041727 secs] [Times: user=0.00 sys=0.00, real=0.00 secs] 
56.486: [GC 56.486: [ParNew
Desired survivor size 1343488 bytes, new threshold 2 (max 4)
- age   1:     850792 bytes,     850792 total
- age   2:     496344 bytes,    1347136 total
- age   3:     465336 bytes,    1812472 total
: 17722K->1772K(18624K), 0.0041125 secs] 48081K->32752K(83392K), 0.0042104 secs] [Times: user=0.01 sys=0.00, real=0.00 secs] 
56.502: [GC 56.502: [ParNew
Desired survivor size 1343488 bytes, new threshold 4 (max 4)
- age   1:     204104 bytes,     204104 total
- age   2:     840112 bytes,    1044216 total
: 17752K->1020K(18624K), 0.0024114 secs] 48732K->32836K(83392K), 0.0025394 secs] [Times: user=0.00 sys=0.00, real=0.00 secs] 
56.518: [GC 56.518: [ParNew
Desired survivor size 1343488 bytes, new threshold 3 (max 4)
- age   1:     478688 bytes,     478688 total
- age   2:     179400 bytes,     658088 total
- age   3:     840112 bytes,    1498200 total
: 17010K->1466K(18624K), 0.0027022 secs] 48826K->33282K(83392K), 0.0027894 secs] [Times: user=0.00 sys=0.00, real=0.00 secs] 
56.532: [GC 56.533: [ParNew
Desired survivor size 1343488 bytes, new threshold 4 (max 4)
- age   1:     238200 bytes,     238200 total
- age   2:     440512 bytes,     678712 total
- age   3:     179400 bytes,     858112 total
: 17447K->848K(18624K), 0.0021820 secs] 49263K->33485K(83392K), 0.0022901 secs] [Times: user=0.00 sys=0.00, real=0.01 secs] 
56.547: [GC 56.547: [ParNew
Desired survivor size 1343488 bytes, new threshold 4 (max 4)
- age   1:     365912 bytes,     365912 total
- age   2:     203048 bytes,     568960 total
- age   3:     440512 bytes,    1009472 total
- age   4:     179400 bytes,    1188872 total
: 16821K->1164K(18624K), 0.0017537 secs] 49457K->33800K(83392K), 0.0018691 secs] [Times: user=0.01 sys=0.00, real=0.00 secs] 
56.563: [GC 56.563: [ParNew
Desired survivor size 1343488 bytes, new threshold 4 (max 4)
- age   1:     479112 bytes,     479112 total
- age   2:     237096 bytes,     716208 total
- age   3:     157896 bytes,     874104 total
- age   4:     440512 bytes,    1314616 total
: 17164K->1286K(18624K), 0.0024473 secs] 49800K->34098K(83392K), 0.0025558 secs] [Times: user=0.00 sys=0.00, real=0.01 secs] 
56.577: [GC 56.577: [ParNew
Desired survivor size 1343488 bytes, new threshold 3 (max 4)
- age   1:     856688 bytes,     856688 total
- age   2:     478792 bytes,    1335480 total
- age   3:     237096 bytes,    1572576 total
- age   4:         88 bytes,    1572664 total
: 17259K->1538K(18624K), 0.0027109 secs] 50071K->34744K(83392K), 0.0028035 secs] [Times: user=0.00 sys=0.00, real=0.00 secs] 
56.593: [GC 56.594: [ParNew
Desired survivor size 1343488 bytes, new threshold 3 (max 4)
- age   1:     509512 bytes,     509512 total
- age   2:     602600 bytes,    1112112 total
- age   3:     314752 bytes,    1426864 total
: 17527K->1397K(18624K), 0.0018658 secs] 50733K->34755K(83392K), 0.0019484 secs] [Times: user=0.01 sys=0.00, real=0.01 secs] 
56.607: [GC 56.607: [ParNew
Desired survivor size 1343488 bytes, new threshold 4 (max 4)
- age   1:     217664 bytes,     217664 total
- age   2:     441416 bytes,     659080 total
- age   3:     399056 bytes,    1058136 total
: 17332K->1038K(18624K), 0.0022745 secs] 50690K->34703K(83392K), 0.0023934 secs] [Times: user=0.01 sys=0.00, real=0.00 secs] 
56.622: [GC 56.622: [ParNew
Desired survivor size 1343488 bytes, new threshold 4 (max 4)
- age   1:     179720 bytes,     179720 total
- age   2:     145072 bytes,     324792 total
- age   3:     400184 bytes,     724976 total
- age   4:     261736 bytes,     986712 total
: 16953K->967K(18624K), 0.0014212 secs] 50618K->34632K(83392K), 0.0014986 secs] [Times: user=0.00 sys=0.00, real=0.00 secs] 
56.635: [GC 56.635: [ParNew
Desired survivor size 1343488 bytes, new threshold 4 (max 4)
- age   1:     620648 bytes,     620648 total
- age   2:     107224 bytes,     727872 total
- age   3:     145040 bytes,     872912 total
- age   4:      55328 bytes,     928240 total
: 16935K->908K(18624K), 0.0020330 secs] 50600K->34829K(83392K), 0.0021913 secs] [Times: user=0.00 sys=0.00, real=0.01 secs] 
56.648: [GC 56.648: [ParNew
Desired survivor size 1343488 bytes, new threshold 4 (max 4)
- age   1:     100136 bytes,     100136 total
- age   2:     575232 bytes,     675368 total
- age   3:     107224 bytes,     782592 total
- age   4:     145040 bytes,     927632 total
: 16886K->909K(18624K), 0.0016992 secs] 50807K->34844K(83392K), 0.0018069 secs] [Times: user=0.00 sys=0.00, real=0.00 secs] 
56.661: [GC 56.661: [ParNew
Desired survivor size 1343488 bytes, new threshold 4 (max 4)
- age   1:     348496 bytes,     348496 total
- age   3:     357408 bytes,     705904 total
- age   4:     107224 bytes,     813128 total
: 16813K->797K(18624K), 0.0018272 secs] 50748K->34873K(83392K), 0.0019226 secs] [Times: user=0.00 sys=0.00, real=0.00 secs] 
56.676: [GC 56.676: [ParNew
Desired survivor size 1343488 bytes, new threshold 4 (max 4)
- age   1:     367896 bytes,     367896 total
- age   4:     288440 bytes,     656336 total
: 16788K->644K(18624K), 0.0013455 secs] 50864K->34825K(83392K), 0.0014388 secs] [Times: user=0.01 sys=0.00, real=0.00 secs] 
56.690: [GC 56.690: [ParNew
Desired survivor size 1343488 bytes, new threshold 4 (max 4)
- age   1:     428776 bytes,     428776 total
- age   2:     150256 bytes,     579032 total
: 16641K->569K(18624K), 0.0013651 secs] 50822K->34897K(83392K), 0.0014695 secs] [Times: user=0.00 sys=0.00, real=0.00 secs] 
56.705: [GC 56.705: [ParNew
Desired survivor size 1343488 bytes, new threshold 4 (max 4)
- age   1:     843776 bytes,     843776 total
- age   3:     150256 bytes,     994032 total
: 16536K->974K(18624K), 0.0016503 secs] 50864K->35302K(83392K), 0.0017452 secs] [Times: user=0.00 sys=0.00, real=0.00 secs] 
56.720: [GC 56.720: [ParNew
Desired survivor size 1343488 bytes, new threshold 4 (max 4)
- age   1:     504504 bytes,     504504 total
- age   2:     612368 bytes,    1116872 total
- age   4:     150256 bytes,    1267128 total
: 16951K->1240K(18624K), 0.0016071 secs] 51279K->35568K(83392K), 0.0017015 secs] [Times: user=0.00 sys=0.01, real=0.00 secs] 
56.734: [GC 56.734: [ParNew
Desired survivor size 1343488 bytes, new threshold 3 (max 4)
- age   1:     838272 bytes,     838272 total
- age   2:     429120 bytes,    1267392 total
- age   3:     461728 bytes,    1729120 total
: 17208K->1692K(18624K), 0.0021221 secs] 51537K->36166K(83392K), 0.0022171 secs] [Times: user=0.00 sys=0.00, real=0.01 secs] 
56.747: [GC 56.748: [ParNew
Desired survivor size 1343488 bytes, new threshold 3 (max 4)
- age   1:     552088 bytes,     552088 total
- age   2:     759288 bytes,    1311376 total
- age   3:     429120 bytes,    1740496 total
: 17687K->1703K(18624K), 0.0024866 secs] 52161K->36547K(83392K), 0.0025876 secs] [Times: user=0.01 sys=0.00, real=0.00 secs] 
56.762: [GC 56.763: [ParNew
Desired survivor size 1343488 bytes, new threshold 3 (max 4)
- age   1:     672224 bytes,     672224 total
- age   2:     386096 bytes,    1058320 total
- age   3:     442944 bytes,    1501264 total
: 17687K->1469K(18624K), 0.0026099 secs] 52531K->36733K(83392K), 0.0027173 secs] [Times: user=0.00 sys=0.00, real=0.01 secs] 
56.777: [GC 56.777: [ParNew
Desired survivor size 1343488 bytes, new threshold 4 (max 4)
- age   1:     355312 bytes,     355312 total
- age   2:     506968 bytes,     862280 total
- age   3:     386096 bytes,    1248376 total
: 17446K->1222K(18624K), 0.0022990 secs] 52709K->36919K(83392K), 0.0023922 secs] [Times: user=0.00 sys=0.00, real=0.00 secs] 
56.790: [GC 56.791: [ParNew
Desired survivor size 1343488 bytes, new threshold 3 (max 4)
- age   1:     921064 bytes,     921064 total
- age   2:     325200 bytes,    1246264 total
- age   3:     506968 bytes,    1753232 total
- age   4:     386096 bytes,    2139328 total
: 17153K->2092K(18624K), 0.0027011 secs] 52849K->37788K(83392K), 0.0028056 secs] [Times: user=0.01 sys=0.00, real=0.00 secs] 
56.804: [GC 56.804: [ParNew
Desired survivor size 1343488 bytes, new threshold 3 (max 4)
- age   1:     301304 bytes,     301304 total
- age   2:     836784 bytes,    1138088 total
- age   3:     325200 bytes,    1463288 total
: 18038K->1432K(18624K), 0.0029566 secs] 53734K->38000K(83392K), 0.0030968 secs] [Times: user=0.00 sys=0.00, real=0.01 secs] 
56.827: [GC 56.827: [ParNew
Desired survivor size 1343488 bytes, new threshold 4 (max 4)
- age   1:      93264 bytes,      93264 total
- age   2:     214928 bytes,     308192 total
- age   3:     482896 bytes,     791088 total
: 17432K->775K(18624K), 0.0025312 secs] 54000K->37661K(83392K), 0.0026267 secs] [Times: user=0.00 sys=0.00, real=0.00 secs] 
56.843: [GC 56.843: [ParNew
Desired survivor size 1343488 bytes, new threshold 4 (max 4)
- age   1:     719848 bytes,     719848 total
- age   2:      51240 bytes,     771088 total
- age   3:     214928 bytes,     986016 total
- age   4:     323616 bytes,    1309632 total
: 16775K->1284K(18624K), 0.0020975 secs] 53661K->38170K(83392K), 0.0022152 secs] [Times: user=0.00 sys=0.00, real=0.01 secs] 
56.858: [GC 56.858: [ParNew
Desired survivor size 1343488 bytes, new threshold 4 (max 4)
- age   1:     232616 bytes,     232616 total
- age   2:     664200 bytes,     896816 total
- age   3:      51240 bytes,     948056 total
- age   4:     214928 bytes,    1162984 total
: 17243K->1145K(18624K), 0.0018122 secs] 54129K->38347K(83392K), 0.0019097 secs] [Times: user=0.01 sys=0.00, real=0.00 secs] 
56.872: [GC 56.872: [ParNew
Desired survivor size 1343488 bytes, new threshold 4 (max 4)
- age   1:     356304 bytes,     356304 total
- age   2:     193720 bytes,     550024 total
- age   3:     598912 bytes,    1148936 total
- age   4:      51240 bytes,    1200176 total
: 17089K->1188K(18624K), 0.0023152 secs] 54291K->38600K(83392K), 0.0024232 secs] [Times: user=0.00 sys=0.01, real=0.00 secs] 
56.886: [GC 56.886: [ParNew
Desired survivor size 1343488 bytes, new threshold 4 (max 4)
- age   1:     233424 bytes,     233424 total
- age   2:     151768 bytes,     385192 total
- age   3:     193720 bytes,     578912 total
- age   4:     598912 bytes,    1177824 total
: 17186K->1158K(18624K), 0.0017268 secs] 54598K->38620K(83392K), 0.0018354 secs] [Times: user=0.00 sys=0.00, real=0.00 secs] 
56.900: [GC 56.901: [ParNew
Desired survivor size 1343488 bytes, new threshold 4 (max 4)
- age   1:     373912 bytes,     373912 total
- age   2:     162040 bytes,     535952 total
- age   3:     151768 bytes,     687720 total
- age   4:     193720 bytes,     881440 total
: 17096K->865K(18624K), 0.0022696 secs] 54558K->38912K(83392K), 0.0023831 secs] [Times: user=0.01 sys=0.00, real=0.00 secs] 
56.916: [GC 56.916: [ParNew
Desired survivor size 1343488 bytes, new threshold 4 (max 4)
- age   1:     509304 bytes,     509304 total
- age   2:     160264 bytes,     669568 total
- age   3:     162040 bytes,     831608 total
- age   4:     151768 bytes,     983376 total
: 16843K->960K(18624K), 0.0019830 secs] 54890K->39196K(83392K), 0.0021125 secs] [Times: user=0.01 sys=0.00, real=0.00 secs] 
56.931: [GC 56.931: [ParNew
Desired survivor size 1343488 bytes, new threshold 4 (max 4)
- age   1:     549616 bytes,     549616 total
- age   2:     161064 bytes,     710680 total
- age   3:     160264 bytes,     870944 total
- age   4:     162040 bytes,    1032984 total
: 16959K->1010K(18624K), 0.0023760 secs] 55195K->39394K(83392K), 0.0024710 secs] [Times: user=0.01 sys=0.00, real=0.00 secs] 
56.946: [GC 56.947: [ParNew
Desired survivor size 1343488 bytes, new threshold 4 (max 4)
- age   1:     745824 bytes,     745824 total
- age   2:     309232 bytes,    1055056 total
- age   3:     161064 bytes,    1216120 total
- age   4:     160264 bytes,    1376384 total
: 17005K->1344K(18624K), 0.0020450 secs] 55389K->39886K(83392K), 0.0021355 secs] [Times: user=0.00 sys=0.00, real=0.00 secs] 
56.961: [GC 56.961: [ParNew
Desired survivor size 1343488 bytes, new threshold 4 (max 4)
- age   1:     143120 bytes,     143120 total
- age   2:     451632 bytes,     594752 total
- age   3:     308528 bytes,     903280 total
- age   4:     161064 bytes,    1064344 total
: 17300K->1042K(18624K), 0.0019601 secs] 55843K->39741K(83392K), 0.0021009 secs] [Times: user=0.01 sys=0.00, real=0.00 secs] 
56.975: [GC 56.975: [ParNew
Desired survivor size 1343488 bytes, new threshold 4 (max 4)
- age   1:      89312 bytes,      89312 total
- age   2:      30040 bytes,     119352 total
- age   3:     451632 bytes,     570984 total
- age   4:     308528 bytes,     879512 total
: 17042K->868K(18624K), 0.0017185 secs] 55741K->39724K(83392K), 0.0018158 secs] [Times: user=0.00 sys=0.00, real=0.00 secs] 
56.988: [GC 56.988: [ParNew
Desired survivor size 1343488 bytes, new threshold 4 (max 4)
- age   1:     872736 bytes,     872736 total
- age   2:       7904 bytes,     880640 total
- age   3:       3024 bytes,     883664 total
- age   4:     451632 bytes,    1335296 total
: 16853K->1313K(18624K), 0.0023654 secs] 55709K->40470K(83392K), 0.0024678 secs] [Times: user=0.00 sys=0.00, real=0.00 secs] 
57.002: [GC 57.002: [ParNew
Desired survivor size 1343488 bytes, new threshold 4 (max 4)
- age   1:     422960 bytes,     422960 total
- age   2:     527680 bytes,     950640 total
- age   3:       7904 bytes,     958544 total
- age   4:       3024 bytes,     961568 total
: 17226K->953K(18624K), 0.0022116 secs] 56383K->40552K(83392K), 0.0023122 secs] [Times: user=0.01 sys=0.00, real=0.00 secs] 
57.015: [GC 57.016: [ParNew
Desired survivor size 1343488 bytes, new threshold 4 (max 4)
- age   1:     180504 bytes,     180504 total
- age   2:     146408 bytes,     326912 total
- age   3:     527680 bytes,     854592 total
- age   4:       7904 bytes,     862496 total
: 16908K->846K(18624K), 0.0020340 secs] 56506K->40448K(83392K), 0.0021403 secs] [Times: user=0.01 sys=0.00, real=0.00 secs] 
57.029: [GC 57.029: [ParNew
Desired survivor size 1343488 bytes, new threshold 4 (max 4)
- age   1:     285112 bytes,     285112 total
- age   2:     156352 bytes,     441464 total
- age   3:      56368 bytes,     497832 total
- age   4:     527680 bytes,    1025512 total
: 16816K->1009K(18624K), 0.0021274 secs] 56417K->40618K(83392K), 0.0022377 secs] [Times: user=0.01 sys=0.00, real=0.00 secs] 
57.044: [GC 57.044: [ParNew
Desired survivor size 1343488 bytes, new threshold 4 (max 4)
- age   1:     668496 bytes,     668496 total
- age   2:      51120 bytes,     719616 total
- age   3:     156352 bytes,     875968 total
- age   4:      56368 bytes,     932336 total
: 16962K->914K(18624K), 0.0023912 secs] 56571K->41038K(83392K), 0.0025146 secs] [Times: user=0.00 sys=0.00, real=0.01 secs] 
57.058: [GC 57.058: [ParNew
Desired survivor size 1343488 bytes, new threshold 4 (max 4)
- age   1:     444496 bytes,     444496 total
- age   2:     282528 bytes,     727024 total
- age   3:      51120 bytes,     778144 total
- age   4:     156352 bytes,     934496 total
: 16886K->916K(18624K), 0.0017242 secs] 57010K->41095K(83392K), 0.0018157 secs] [Times: user=0.00 sys=0.00, real=0.00 secs] 
57.077: [GC 57.077: [ParNew
Desired survivor size 1343488 bytes, new threshold 4 (max 4)
- age   1:     185488 bytes,     185488 total
- age   3:     282528 bytes,     468016 total
- age   4:      51120 bytes,     519136 total
: 16905K->509K(18624K), 0.0014909 secs] 57085K->40842K(83392K), 0.0015897 secs] [Times: user=0.00 sys=0.00, real=0.00 secs] 
57.091: [GC 57.091: [ParNew
Desired survivor size 1343488 bytes, new threshold 4 (max 4)
- age   1:     862408 bytes,     862408 total
- age   2:      12824 bytes,     875232 total
- age   4:     282528 bytes,    1157760 total
: 16485K->1133K(18624K), 0.0016555 secs] 56817K->41515K(83392K), 0.0017457 secs] [Times: user=0.00 sys=0.00, real=0.00 secs] 
57.107: [GC 57.107: [ParNew
Desired survivor size 1343488 bytes, new threshold 4 (max 4)
- age   1:     384632 bytes,     384632 total
- age   2:     251592 bytes,     636224 total
- age   3:      12824 bytes,     649048 total
: 17133K->645K(18624K), 0.0028593 secs] 57515K->41303K(83392K), 0.0029481 secs] [Times: user=0.00 sys=0.00, real=0.00 secs] 
57.121: [GC 57.121: [ParNew
Desired survivor size 1343488 bytes, new threshold 4 (max 4)
- age   1:     411824 bytes,     411824 total
- age   2:        864 bytes,     412688 total
- age   3:     251592 bytes,     664280 total
- age   4:      12824 bytes,     677104 total
: 16632K->662K(18624K), 0.0015900 secs] 57290K->41320K(83392K), 0.0017148 secs] [Times: user=0.00 sys=0.00, real=0.00 secs] 
57.134: [GC 57.134: [ParNew
Desired survivor size 1343488 bytes, new threshold 4 (max 4)
- age   1:     691200 bytes,     691200 total
- age   2:     113568 bytes,     804768 total
- age   3:        864 bytes,     805632 total
- age   4:     251592 bytes,    1057224 total
: 16605K->1044K(18624K), 0.0023559 secs] 57263K->41715K(83392K), 0.0024558 secs] [Times: user=0.00 sys=0.00, real=0.01 secs] 
57.149: [GC 57.149: [ParNew
Desired survivor size 1343488 bytes, new threshold 2 (max 4)
- age   1:    1140672 bytes,    1140672 total
- age   2:     428736 bytes,    1569408 total
- age   3:     113568 bytes,    1682976 total
- age   4:        864 bytes,    1683840 total
: 17002K->1647K(18624K), 0.0020948 secs] 57672K->42563K(83392K), 0.0021897 secs] [Times: user=0.01 sys=0.00, real=0.00 secs] 
57.162: [GC 57.162: [ParNew
Desired survivor size 1343488 bytes, new threshold 2 (max 4)
- age   1:    1025680 bytes,    1025680 total
- age   2:     920088 bytes,    1945768 total
: 17626K->1903K(18624K), 0.0033589 secs] 58543K->43150K(83392K), 0.0034604 secs] [Times: user=0.00 sys=0.00, real=0.01 secs] 
57.185: [GC 57.185: [ParNew
Desired survivor size 1343488 bytes, new threshold 2 (max 4)
- age   1:     419584 bytes,     419584 total
- age   2:     945800 bytes,    1365384 total
: 17884K->1336K(18624K), 0.0025744 secs] 59131K->43217K(83392K), 0.0026685 secs] [Times: user=0.00 sys=0.00, real=0.00 secs] 
57.198: [GC 57.198: [ParNew
Desired survivor size 1343488 bytes, new threshold 4 (max 4)
- age   1:     710424 bytes,     710424 total
- age   2:     337776 bytes,    1048200 total
: 17334K->1031K(18624K), 0.0026086 secs] 59215K->43836K(83392K), 0.0027129 secs] [Times: user=0.01 sys=0.00, real=0.00 secs] 
57.202: [GC [1 CMS-initial-mark: 42804K(64768K)] 44386K(83392K), 0.0008428 secs] [Times: user=0.00 sys=0.00, real=0.00 secs] 
57.203: [CMS-concurrent-mark-start]
57.217: [GC 57.217: [ParNew
Desired survivor size 1343488 bytes, new threshold 2 (max 4)
- age   1:    1113528 bytes,    1113528 total
- age   2:     472192 bytes,    1585720 total
- age   3:     337776 bytes,    1923496 total
: 16979K->1884K(18624K), 0.0031708 secs] 59783K->44688K(83392K), 0.0032711 secs] [Times: user=0.01 sys=0.00, real=0.00 secs] 
57.233: [GC 57.233: [ParNew
Desired survivor size 1343488 bytes, new threshold 2 (max 4)
- age   1:     571784 bytes,     571784 total
- age   2:    1041920 bytes,    1613704 total
: 17880K->1592K(18624K), 0.0027878 secs] 60684K->45028K(83392K), 0.0028968 secs] [Times: user=0.00 sys=0.00, real=0.01 secs] 
57.254: [GC 57.254: [ParNew
Desired survivor size 1343488 bytes, new threshold 4 (max 4)
- age   1:     367072 bytes,     367072 total
- age   2:     328544 bytes,     695616 total
: 17592K->680K(18624K), 0.0020693 secs] 61028K->44980K(83392K), 0.0021746 secs] [Times: user=0.00 sys=0.00, real=0.01 secs] 
57.265: [CMS-concurrent-mark: 0.053/0.063 secs] [Times: user=0.11 sys=0.00, real=0.07 secs] 
57.266: [CMS-concurrent-preclean-start]
57.268: [CMS-concurrent-preclean: 0.002/0.002 secs] [Times: user=0.00 sys=0.00, real=0.00 secs] 
57.268: [CMS-concurrent-abortable-preclean-start]
57.269: [GC 57.270: [ParNew
Desired survivor size 1343488 bytes, new threshold 4 (max 4)
- age   1:     248544 bytes,     248544 total
- age   2:     305632 bytes,     554176 total
- age   3:     328544 bytes,     882720 total
: 16670K->865K(18624K), 0.0014360 secs] 60970K->45165K(83392K), 0.0015409 secs] [Times: user=0.00 sys=0.00, real=0.00 secs] 
57.283: [GC 57.283: [ParNew
Desired survivor size 1343488 bytes, new threshold 4 (max 4)
- age   1:     367672 bytes,     367672 total
- age   2:     179272 bytes,     546944 total
- age   3:     282024 bytes,     828968 total
- age   4:     328544 bytes,    1157512 total
: 16816K->1135K(18624K), 0.0016426 secs] 61116K->45435K(83392K), 0.0017921 secs] [Times: user=0.01 sys=0.00, real=0.01 secs] 
57.298: [GC 57.298: [ParNew
Desired survivor size 1343488 bytes, new threshold 3 (max 4)
- age   1:    1014824 bytes,    1014824 total
- age   2:     221640 bytes,    1236464 total
- age   3:     179272 bytes,    1415736 total
- age   4:     242536 bytes,    1658272 total
: 17120K->1621K(18624K), 0.0022444 secs] 61420K->46087K(83392K), 0.0023543 secs] [Times: user=0.00 sys=0.00, real=0.00 secs] 
57.311: [GC 57.311: [ParNew
Desired survivor size 1343488 bytes, new threshold 2 (max 4)
- age   1:     687928 bytes,     687928 total
- age   2:     933904 bytes,    1621832 total
- age   3:     221640 bytes,    1843472 total
: 17612K->1809K(18624K), 0.0028147 secs] 62078K->46686K(83392K), 0.0029168 secs] [Times: user=0.01 sys=0.00, real=0.00 secs] 
57.326: [GC 57.326: [ParNew
Desired survivor size 1343488 bytes, new threshold 4 (max 4)
- age   1:     716256 bytes,     716256 total
- age   2:     502080 bytes,    1218336 total
: 17756K->1193K(18624K), 0.0025601 secs] 62634K->47199K(83392K), 0.0026630 secs] [Times: user=0.01 sys=0.00, real=0.00 secs] 
57.341: [GC 57.341: [ParNew
Desired survivor size 1343488 bytes, new threshold 3 (max 4)
- age   1:     692088 bytes,     692088 total
- age   2:     464896 bytes,    1156984 total
- age   3:     502080 bytes,    1659064 total
: 17139K->1623K(18624K), 0.0020965 secs] 63145K->47629K(83392K), 0.0021910 secs] [Times: user=0.00 sys=0.00, real=0.00 secs] 
57.355: [GC 57.355: [ParNew
Desired survivor size 1343488 bytes, new threshold 4 (max 4)
- age   1:     190560 bytes,     190560 total
- age   2:     563864 bytes,     754424 total
- age   3:     366944 bytes,    1121368 total
: 17605K->1098K(18624K), 0.0025469 secs] 63611K->47595K(83392K), 0.0026550 secs] [Times: user=0.00 sys=0.00, real=0.01 secs] 
57.369: [GC 57.370: [ParNew
Desired survivor size 1343488 bytes, new threshold 4 (max 4)
- age   1:     302272 bytes,     302272 total
- age   2:     122456 bytes,     424728 total
- age   3:     563864 bytes,     988592 total
- age   4:     308600 bytes,    1297192 total
: 17082K->1270K(18624K), 0.0016967 secs] 63578K->47766K(83392K), 0.0017885 secs] [Times: user=0.01 sys=0.00, real=0.00 secs] 
57.382: [GC 57.383: [ParNew
Desired survivor size 1343488 bytes, new threshold 4 (max 4)
- age   1:     502936 bytes,     502936 total
- age   2:     229640 bytes,     732576 total
- age   3:     122456 bytes,     855032 total
- age   4:     563864 bytes,    1418896 total
: 17247K->1389K(18624K), 0.0022895 secs] 63743K->48186K(83392K), 0.0023927 secs] [Times: user=0.00 sys=0.00, real=0.01 secs] 
57.398: [GC 57.398: [ParNew
Desired survivor size 1343488 bytes, new threshold 4 (max 4)
- age   1:     284432 bytes,     284432 total
- age   2:     425064 bytes,     709496 total
- age   3:     229640 bytes,     939136 total
- age   4:     122456 bytes,    1061592 total
: 17322K->1039K(18624K), 0.0027350 secs] 64120K->48387K(83392K), 0.0028309 secs] [Times: user=0.01 sys=0.00, real=0.00 secs] 
57.412: [GC 57.412: [ParNew
Desired survivor size 1343488 bytes, new threshold 4 (max 4)
- age   1:     405192 bytes,     405192 total
- age   2:     241600 bytes,     646792 total
- age   3:     425064 bytes,    1071856 total
- age   4:     229640 bytes,    1301496 total
: 17033K->1273K(18624K), 0.0022581 secs] 64382K->48741K(83392K), 0.0023530 secs] [Times: user=0.01 sys=0.00, real=0.01 secs] 
57.428: [GC 57.428: [ParNew
Desired survivor size 1343488 bytes, new threshold 4 (max 4)
- age   1:     409616 bytes,     409616 total
- age   2:     373944 bytes,     783560 total
- age   3:     241600 bytes,    1025160 total
- age   4:     425064 bytes,    1450224 total
: 17258K->1418K(18624K), 0.0021128 secs] 64725K->49110K(83392K), 0.0022273 secs] [Times: user=0.00 sys=0.00, real=0.00 secs] 
57.442: [GC 57.442: [ParNew
Desired survivor size 1343488 bytes, new threshold 3 (max 4)
- age   1:     721960 bytes,     721960 total
- age   2:     367952 bytes,    1089912 total
- age   3:     373944 bytes,    1463856 total
- age   4:     241600 bytes,    1705456 total
: 17401K->1668K(18624K), 0.0024778 secs] 65093K->49645K(83392K), 0.0026415 secs] [Times: user=0.00 sys=0.00, real=0.00 secs] 
57.456: [GC 57.456: [ParNew
Desired survivor size 1343488 bytes, new threshold 4 (max 4)
- age   1:     286864 bytes,     286864 total
- age   2:     657424 bytes,     944288 total
- age   3:     211456 bytes,    1155744 total
: 17635K->1132K(18624K), 0.0021252 secs] 65613K->49710K(83392K), 0.0022382 secs] [Times: user=0.01 sys=0.00, real=0.00 secs] 
57.472: [GC 57.473: [ParNew
Desired survivor size 1343488 bytes, new threshold 3 (max 4)
- age   1:     626624 bytes,     626624 total
- age   2:     286864 bytes,     913488 total
- age   3:     657424 bytes,    1570912 total
- age   4:     211456 bytes,    1782368 total
: 17057K->1743K(18624K), 0.0030034 secs] 65636K->50321K(83392K), 0.0030975 secs] [Times: user=0.00 sys=0.00, real=0.01 secs] 
57.487: [GC 57.488: [ParNew
Desired survivor size 1343488 bytes, new threshold 3 (max 4)
- age   1:     636864 bytes,     636864 total
- age   2:     542112 bytes,    1178976 total
- age   3:     286864 bytes,    1465840 total
: 17726K->1434K(18624K), 0.0029624 secs] 66305K->50861K(83392K), 0.0030866 secs] [Times: user=0.00 sys=0.00, real=0.00 secs] 
57.502: [GC 57.503: [ParNew
Desired survivor size 1343488 bytes, new threshold 4 (max 4)
- age   1:     104952 bytes,     104952 total
- age   2:     554616 bytes,     659568 total
- age   3:     383032 bytes,    1042600 total
: 17398K->1021K(18624K), 0.0019710 secs] 66825K->50728K(83392K), 0.0021108 secs] [Times: user=0.01 sys=0.00, real=0.01 secs] 
57.517: [GC 57.517: [ParNew
Desired survivor size 1343488 bytes, new threshold 4 (max 4)
- age   1:     193512 bytes,     193512 total
- age   2:      57744 bytes,     251256 total
- age   3:     554616 bytes,     805872 total
- age   4:     383032 bytes,    1188904 total
: 16953K->1163K(18624K), 0.0027386 secs] 66660K->50871K(83392K), 0.0028423 secs] [Times: user=0.01 sys=0.00, real=0.00 secs] 
57.533: [GC 57.533: [ParNew
Desired survivor size 1343488 bytes, new threshold 4 (max 4)
- age   1:     296744 bytes,     296744 total
- age   2:     120888 bytes,     417632 total
- age   4:     554616 bytes,     972248 total
: 17110K->952K(18624K), 0.0021665 secs] 66818K->51034K(83392K), 0.0022794 secs] [Times: user=0.00 sys=0.00, real=0.01 secs] 
57.547: [GC 57.548: [ParNew
Desired survivor size 1343488 bytes, new threshold 4 (max 4)
- age   1:     569416 bytes,     569416 total
- age   2:     217056 bytes,     786472 total
- age   3:     120888 bytes,     907360 total
: 16944K->892K(18624K), 0.0023788 secs] 67025K->51515K(83392K), 0.0025763 secs] [Times: user=0.01 sys=0.00, real=0.00 secs] 
57.564: [GC 57.564: [ParNew
Desired survivor size 1343488 bytes, new threshold 3 (max 4)
- age   1:     569640 bytes,     569640 total
- age   2:     569416 bytes,    1139056 total
- age   3:     217056 bytes,    1356112 total
- age   4:     120888 bytes,    1477000 total
: 16892K->1447K(18624K), 0.0020813 secs] 67515K->52070K(83392K), 0.0021772 secs] [Times: user=0.00 sys=0.00, real=0.01 secs] 
57.578: [GC 57.578: [ParNew
Desired survivor size 1343488 bytes, new threshold 3 (max 4)
- age   1:     443528 bytes,     443528 total
- age   2:     507536 bytes,     951064 total
- age   3:     500480 bytes,    1451544 total
: 17425K->1432K(18624K), 0.0021483 secs] 68048K->52261K(83392K), 0.0022603 secs] [Times: user=0.01 sys=0.00, real=0.00 secs] 
57.596: [GC 57.596: [ParNew
Desired survivor size 1343488 bytes, new threshold 4 (max 4)
- age   1:     316800 bytes,     316800 total
- age   2:     233728 bytes,     550528 total
- age   3:     428848 bytes,     979376 total
: 17400K->960K(18624K), 0.0021296 secs] 68228K->52276K(83392K), 0.0022327 secs] [Times: user=0.01 sys=0.00, real=0.00 secs] 
57.610: [GC 57.610: [ParNew
Desired survivor size 1343488 bytes, new threshold 4 (max 4)
- age   1:     542944 bytes,     542944 total
- age   2:     218776 bytes,     761720 total
- age   3:     233024 bytes,     994744 total
- age   4:     428848 bytes,    1423592 total
: 16952K->1397K(18624K), 0.0021930 secs] 68269K->52714K(83392K), 0.0023399 secs] [Times: user=0.00 sys=0.00, real=0.00 secs] 
57.626: [GC 57.626: [ParNew
Desired survivor size 1343488 bytes, new threshold 3 (max 4)
- age   1:     757384 bytes,     757384 total
- age   2:     387224 bytes,    1144608 total
- age   3:     218736 bytes,    1363344 total
- age   4:     172744 bytes,    1536088 total
: 17382K->1505K(18624K), 0.0025095 secs] 68699K->53087K(83392K), 0.0026180 secs] [Times: user=0.01 sys=0.00, real=0.00 secs] 
57.642: [GC 57.642: [ParNew
Desired survivor size 1343488 bytes, new threshold 3 (max 4)
- age   1:     674800 bytes,     674800 total
- age   2:     433000 bytes,    1107800 total
- age   3:     387224 bytes,    1495024 total
: 17479K->1465K(18624K), 0.0026300 secs] 69061K->53350K(83392K), 0.0027314 secs] [Times: user=0.01 sys=0.00, real=0.01 secs] 
57.656: [GC 57.656: [ParNew
Desired survivor size 1343488 bytes, new threshold 2 (max 4)
- age   1:     922792 bytes,     922792 total
- age   2:     607200 bytes,    1529992 total
- age   3:     432920 bytes,    1962912 total
: 17449K->1919K(18624K), 0.0029710 secs] 69334K->54182K(83392K), 0.0031378 secs] [Times: user=0.00 sys=0.00, real=0.00 secs] 
57.672: [GC 57.672: [ParNew
Desired survivor size 1343488 bytes, new threshold 4 (max 4)
- age   1:     431688 bytes,     431688 total
- age   2:     896168 bytes,    1327856 total
: 17913K->1300K(18624K), 0.0028693 secs] 70176K->54400K(83392K), 0.0030056 secs] [Times: user=0.01 sys=0.00, real=0.01 secs] 
57.686: [GC 57.687: [ParNew
Desired survivor size 1343488 bytes, new threshold 3 (max 4)
- age   1:     190432 bytes,     190432 total
- age   2:     356072 bytes,     546504 total
- age   3:     896168 bytes,    1442672 total
: 17277K->1410K(18624K), 0.0018803 secs] 70378K->54510K(83392K), 0.0019724 secs] [Times: user=0.00 sys=0.00, real=0.00 secs] 
57.700: [GC 57.700: [ParNew
Desired survivor size 1343488 bytes, new threshold 4 (max 4)
- age   1:     339200 bytes,     339200 total
- age   2:     158232 bytes,     497432 total
- age   3:     279672 bytes,     777104 total
: 17406K->762K(18624K), 0.0021185 secs] 70506K->54387K(83392K), 0.0022231 secs] [Times: user=0.01 sys=0.00, real=0.00 secs] 
57.713: [GC 57.713: [ParNew
Desired survivor size 1343488 bytes, new threshold 4 (max 4)
- age   1:     696544 bytes,     696544 total
- age   2:     260912 bytes,     957456 total
- age   3:     158232 bytes,    1115688 total
- age   4:     279672 bytes,    1395360 total
: 16748K->1366K(18624K), 0.0020073 secs] 70373K->54992K(83392K), 0.0021059 secs] [Times: user=0.01 sys=0.00, real=0.01 secs] 
57.727: [GC 57.727: [ParNew
Desired survivor size 1343488 bytes, new threshold 3 (max 4)
- age   1:     594304 bytes,     594304 total
- age   2:     643184 bytes,    1237488 total
- age   3:     184904 bytes,    1422392 total
- age   4:      76752 bytes,    1499144 total
: 17350K->1473K(18624K), 0.0024641 secs] 70975K->55274K(83392K), 0.0025707 secs] [Times: user=0.00 sys=0.00, real=0.00 secs] 
57.743: [GC 57.743: [ParNew
Desired survivor size 1343488 bytes, new threshold 2 (max 4)
- age   1:     918000 bytes,     918000 total
- age   2:     513928 bytes,    1431928 total
- age   3:     643184 bytes,    2075112 total
: 17467K->2028K(18624K), 0.0024952 secs] 71268K->56085K(83392K), 0.0025916 secs] [Times: user=0.01 sys=0.00, real=0.01 secs] 
57.757: [GC 57.757: [ParNew
Desired survivor size 1343488 bytes, new threshold 2 (max 4)
- age   1:     685776 bytes,     685776 total
- age   2:     832944 bytes,    1518720 total
: 17997K->1485K(18624K), 0.0029032 secs] 72055K->56268K(83392K), 0.0030609 secs] [Times: user=0.00 sys=0.00, real=0.00 secs] 
57.773: [GC 57.773: [ParNew
Desired survivor size 1343488 bytes, new threshold 1 (max 4)
- age   1:    1493936 bytes,    1493936 total
- age   2:     616584 bytes,    2110520 total
: 17482K->2064K(18624K), 0.0031235 secs] 72265K->57660K(83392K), 0.0032265 secs] [Times: user=0.00 sys=0.00, real=0.01 secs] 
57.788: [GC 57.788: [ParNew
Desired survivor size 1343488 bytes, new threshold 4 (max 4)
- age   1:     372816 bytes,     372816 total
: 18036K->367K(18624K), 0.0028001 secs] 73633K->57950K(83392K), 0.0029183 secs] [Times: user=0.00 sys=0.00, real=0.00 secs] 
57.804: [GC 57.804: [ParNew
Desired survivor size 1343488 bytes, new threshold 2 (max 4)
- age   1:    1125856 bytes,    1125856 total
- age   2:     343824 bytes,    1469680 total
: 16367K->1438K(18624K), 0.0023645 secs] 73950K->59020K(83392K), 0.0024630 secs] [Times: user=0.00 sys=0.00, real=0.01 secs] 
57.828: [GC 57.828: [ParNew
Desired survivor size 1343488 bytes, new threshold 2 (max 4)
- age   1:     819824 bytes,     819824 total
- age   2:    1086416 bytes,    1906240 total
: 17438K->1862K(18624K), 0.0024434 secs] 75020K->59780K(83392K), 0.0025458 secs] [Times: user=0.00 sys=0.00, real=0.00 secs] 
57.842: [GC 57.843: [ParNew
Desired survivor size 1343488 bytes, new threshold 2 (max 4)
- age   1:    1123560 bytes,    1123560 total
- age   2:     575008 bytes,    1698568 total
: 17846K->1662K(18624K), 0.0037595 secs] 75764K->60588K(83392K), 0.0038830 secs] [Times: user=0.01 sys=0.00, real=0.01 secs] 
57.859: [GC 57.859: [ParNew
Desired survivor size 1343488 bytes, new threshold 2 (max 4)
- age   1:     390656 bytes,     390656 total
- age   2:    1067176 bytes,    1457832 total
: 17651K->1432K(18624K), 0.0027594 secs] 76577K->60863K(83392K), 0.0028515 secs] [Times: user=0.00 sys=0.00, real=0.00 secs] 
57.874: [GC 57.874: [ParNew
Desired survivor size 1343488 bytes, new threshold 4 (max 4)
- age   1:     428816 bytes,     428816 total
- age   2:     345472 bytes,     774288 total
: 17374K->758K(18624K), 0.0022014 secs] 76805K->61231K(83392K), 0.0023010 secs] [Times: user=0.00 sys=0.00, real=0.01 secs] 
57.887: [GC 57.888: [ParNew
Desired survivor size 1343488 bytes, new threshold 3 (max 4)
- age   1:     739376 bytes,     739376 total
- age   2:     377992 bytes,    1117368 total
- age   3:     345472 bytes,    1462840 total
: 16754K->1430K(18624K), 0.0021199 secs] 77227K->61903K(83392K), 0.0022408 secs] [Times: user=0.01 sys=0.00, real=0.00 secs] 
57.901: [GC 57.901: [ParNew
Desired survivor size 1343488 bytes, new threshold 4 (max 4)
- age   1:     185024 bytes,     185024 total
- age   2:     661688 bytes,     846712 total
- age   3:     377992 bytes,    1224704 total
: 17388K->1196K(18624K), 0.0024878 secs] 77860K->62006K(83392K), 0.0025910 secs] [Times: user=0.00 sys=0.00, real=0.00 secs] 
57.915: [GC 57.915: [ParNew
Desired survivor size 1343488 bytes, new threshold 4 (max 4)
- age   1:     132368 bytes,     132368 total
- age   2:     140104 bytes,     272472 total
- age   3:     661688 bytes,     934160 total
- age   4:     377992 bytes,    1312152 total
: 17106K->1282K(18624K), 0.0021104 secs] 77916K->62092K(83392K), 0.0022121 secs] [Times: user=0.00 sys=0.00, real=0.00 secs] 
57.929: [GC 57.929: [ParNew
Desired survivor size 1343488 bytes, new threshold 4 (max 4)
- age   1:     251152 bytes,     251152 total
- age   2:      52096 bytes,     303248 total
- age   3:     140104 bytes,     443352 total
- age   4:     361440 bytes,     804792 total
: 17231K->789K(18624K), 0.0023278 secs] 78042K->61969K(83392K), 0.0024239 secs] [Times: user=0.01 sys=0.00, real=0.00 secs] 
57.943: [GC 57.943: [ParNew
Desired survivor size 1343488 bytes, new threshold 4 (max 4)
- age   1:     213824 bytes,     213824 total
- age   2:      83160 bytes,     296984 total
- age   3:      52096 bytes,     349080 total
- age   4:     140104 bytes,     489184 total
: 16725K->479K(18624K), 0.0016034 secs] 77905K->62011K(83392K), 0.0017321 secs] [Times: user=0.00 sys=0.00, real=0.01 secs] 
57.956: [GC 57.956: [ParNew
Desired survivor size 1343488 bytes, new threshold 4 (max 4)
- age   1:     410640 bytes,     410640 total
- age   2:     129648 bytes,     540288 total
- age   3:      83160 bytes,     623448 total
: 16470K->612K(18624K), 0.0018107 secs] 78002K->62281K(83392K), 0.0019134 secs] [Times: user=0.00 sys=0.00, real=0.00 secs] 
57.971: [GC 57.971: [ParNew
Desired survivor size 1343488 bytes, new threshold 4 (max 4)
- age   1:     825264 bytes,     825264 total
- age   2:     240000 bytes,    1065264 total
- age   3:     129648 bytes,    1194912 total
- age   4:      83160 bytes,    1278072 total
: 16590K->1251K(18624K), 0.0024153 secs] 78259K->62920K(83392K), 0.0025866 secs] [Times: user=0.01 sys=0.00, real=0.00 secs] 
57.987: [GC 57.987: [ParNew
Desired survivor size 1343488 bytes, new threshold 4 (max 4)
- age   1:     293848 bytes,     293848 total
- age   2:     738848 bytes,    1032696 total
- age   3:     240000 bytes,    1272696 total
- age   4:     129648 bytes,    1402344 total
: 17237K->1374K(18624K), 0.0024856 secs] 78906K->63124K(83392K), 0.0025820 secs] [Times: user=0.01 sys=0.00, real=0.00 secs] 
58.001: [GC 58.001: [ParNew
Desired survivor size 1343488 bytes, new threshold 4 (max 4)
- age   1:     210456 bytes,     210456 total
- age   2:     259792 bytes,     470248 total
- age   3:     407968 bytes,     878216 total
- age   4:     116072 bytes,     994288 total
: 17357K->980K(18624K), 0.0018087 secs] 79107K->62812K(83392K), 0.0019086 secs] [Times: user=0.00 sys=0.00, real=0.00 secs] 
58.014: [GC 58.014: [ParNew
Desired survivor size 1343488 bytes, new threshold 4 (max 4)
- age   1:     293480 bytes,     293480 total
- age   2:     168792 bytes,     462272 total
- age   3:     259792 bytes,     722064 total
- age   4:     407968 bytes,    1130032 total
: 16924K->1106K(18624K), 0.0019956 secs] 78756K->63052K(83392K), 0.0021163 secs] [Times: user=0.01 sys=0.00, real=0.01 secs] 
58.036: [GC 58.036: [ParNew
Desired survivor size 1343488 bytes, new threshold 4 (max 4)
- age   1:     101464 bytes,     101464 total
- age   2:     119728 bytes,     221192 total
- age   3:     168792 bytes,     389984 total
: 17106K->383K(18624K), 0.0016065 secs] 79052K->62727K(83392K), 0.0016886 secs] [Times: user=0.01 sys=0.00, real=0.00 secs] 
58.049: [GC 58.049: [ParNew
Desired survivor size 1343488 bytes, new threshold 4 (max 4)
- age   1:     489848 bytes,     489848 total
- age   2:      19936 bytes,     509784 total
- age   3:     119728 bytes,     629512 total
- age   4:     168792 bytes,     798304 total
: 16382K->788K(18624K), 0.0018244 secs] 78726K->63132K(83392K), 0.0019388 secs] [Times: user=0.01 sys=0.00, real=0.00 secs] 
58.064: [GC 58.064: [ParNew
Desired survivor size 1343488 bytes, new threshold 4 (max 4)
- age   1:     611792 bytes,     611792 total
- age   2:     290504 bytes,     902296 total
- age   3:      19936 bytes,     922232 total
- age   4:     119728 bytes,    1041960 total
: 16742K->1033K(18624K), 0.0019653 secs] 79086K->63542K(83392K), 0.0020779 secs] [Times: user=0.00 sys=0.00, real=0.01 secs] 
58.081: [GC 58.082: [ParNew
Desired survivor size 1343488 bytes, new threshold 4 (max 4)
- age   1:     188584 bytes,     188584 total
- age   2:     216784 bytes,     405368 total
- age   3:     254408 bytes,     659776 total
- age   4:      19936 bytes,     679712 total
: 17033K->671K(18624K), 0.0016236 secs] 79542K->63297K(83392K), 0.0017058 secs] [Times: user=0.00 sys=0.00, real=0.00 secs] 
58.096: [GC 58.096: [ParNew
Desired survivor size 1343488 bytes, new threshold 1 (max 4)
- age   1:    1565976 bytes,    1565976 total
- age   2:      41512 bytes,    1607488 total
- age   3:     108024 bytes,    1715512 total
- age   4:     254408 bytes,    1969920 total
: 16668K->1940K(18624K), 0.0025996 secs] 79294K->64585K(83392K), 0.0027249 secs] [Times: user=0.00 sys=0.01, real=0.00 secs] 
58.113: [GC 58.113: [ParNew (promotion failed)
Desired survivor size 1343488 bytes, new threshold 4 (max 4)
- age   1:     488200 bytes,     488200 total
: 17940K->16481K(18624K), 0.0028254 secs]58.116: [CMS58.117: [CMS-concurrent-abortable-preclean: 0.034/0.849 secs] [Times: user=1.33 sys=0.06, real=0.85 secs] 
 (concurrent mode failure): 63750K->7630K(64768K), 0.0840357 secs] 80585K->7630K(83392K), [CMS Perm : 10675K->10675K(21248K)], 0.0870581 secs] [Times: user=0.09 sys=0.00, real=0.09 secs] 
58.219: [GC 58.219: [ParNew
Desired survivor size 1343488 bytes, new threshold 4 (max 4)
- age   1:     892904 bytes,     892904 total
: 16000K->874K(18624K), 0.0017431 secs] 23630K->8504K(83392K), 0.0019227 secs] [Times: user=0.00 sys=0.00, real=0.00 secs] 
58.234: [GC 58.234: [ParNew
Desired survivor size 1343488 bytes, new threshold 4 (max 4)
- age   1:     185376 bytes,     185376 total
- age   2:     891880 bytes,    1077256 total
: 16874K->1053K(18624K), 0.0015504 secs] 24504K->8683K(83392K), 0.0016472 secs] [Times: user=0.01 sys=0.00, real=0.01 secs] 
58.248: [GC 58.248: [ParNew
Desired survivor size 1343488 bytes, new threshold 4 (max 4)
- age   1:     111656 bytes,     111656 total
- age   2:     150904 bytes,     262560 total
- age   3:     830784 bytes,    1093344 total
: 17053K->1071K(18624K), 0.0017238 secs] 24683K->8701K(83392K), 0.0018037 secs] [Times: user=0.00 sys=0.00, real=0.00 secs] 
58.261: [GC 58.261: [ParNew
Desired survivor size 1343488 bytes, new threshold 4 (max 4)
- age   1:     328336 bytes,     328336 total
- age   2:      68728 bytes,     397064 total
- age   3:     150904 bytes,     547968 total
- age   4:     830784 bytes,    1378752 total
: 17038K->1351K(18624K), 0.0021571 secs] 24669K->8981K(83392K), 0.0022790 secs] [Times: user=0.00 sys=0.00, real=0.00 secs] 
58.275: [GC 58.275: [ParNew
Desired survivor size 1343488 bytes, new threshold 4 (max 4)
- age   1:     151848 bytes,     151848 total
- age   2:     281416 bytes,     433264 total
- age   3:      68728 bytes,     501992 total
- age   4:     150904 bytes,     652896 total
: 17350K->638K(18624K), 0.0020644 secs] 24981K->9084K(83392K), 0.0021786 secs] [Times: user=0.00 sys=0.00, real=0.00 secs] 
58.289: [GC 58.289: [ParNew
Desired survivor size 1343488 bytes, new threshold 4 (max 4)
- age   1:     360072 bytes,     360072 total
- age   2:     134416 bytes,     494488 total
- age   3:      82832 bytes,     577320 total
- age   4:      68256 bytes,     645576 total
: 16592K->641K(18624K), 0.0012715 secs] 25038K->9235K(83392K), 0.0013654 secs] [Times: user=0.01 sys=0.00, real=0.00 secs] 
58.302: [GC 58.303: [ParNew
Desired survivor size 1343488 bytes, new threshold 4 (max 4)
- age   1:     406496 bytes,     406496 total
- age   2:     115064 bytes,     521560 total
- age   3:     134416 bytes,     655976 total
- age   4:      82832 bytes,     738808 total
: 16632K->724K(18624K), 0.0012872 secs] 25225K->9384K(83392K), 0.0013712 secs] [Times: user=0.00 sys=0.00, real=0.00 secs] 
58.316: [GC 58.316: [ParNew
Desired survivor size 1343488 bytes, new threshold 4 (max 4)
- age   1:     136808 bytes,     136808 total
- age   2:      89240 bytes,     226048 total
- age   3:     115064 bytes,     341112 total
- age   4:     134816 bytes,     475928 total
: 16683K->471K(18624K), 0.0011951 secs] 25342K->9212K(83392K), 0.0013223 secs] [Times: user=0.00 sys=0.00, real=0.00 secs] 
58.332: [GC 58.332: [ParNew
Desired survivor size 1343488 bytes, new threshold 4 (max 4)
- age   1:     961672 bytes,     961672 total
- age   2:     106736 bytes,    1068408 total
- age   3:      89240 bytes,    1157648 total
- age   4:     114952 bytes,    1272600 total
: 16416K->1253K(18624K), 0.0016194 secs] 25156K->10125K(83392K), 0.0017329 secs] [Times: user=0.00 sys=0.00, real=0.00 secs] 
58.345: [GC 58.345: [ParNew
Desired survivor size 1343488 bytes, new threshold 2 (max 4)
- age   1:     714608 bytes,     714608 total
- age   2:     760136 bytes,    1474744 total
- age   3:     106736 bytes,    1581480 total
- age   4:      89240 bytes,    1670720 total
: 17206K->1636K(18624K), 0.0021858 secs] 26078K->10620K(83392K), 0.0022910 secs] [Times: user=0.01 sys=0.00, real=0.00 secs] 
58.362: [GC 58.362: [ParNew
Desired survivor size 1343488 bytes, new threshold 4 (max 4)
- age   1:     581824 bytes,     581824 total
- age   2:     660368 bytes,    1242192 total
: 17621K->1222K(18624K), 0.0038940 secs] 26605K->10927K(83392K), 0.0039881 secs] [Times: user=0.00 sys=0.00, real=0.01 secs] 
58.377: [GC 58.377: [ParNew
Desired survivor size 1343488 bytes, new threshold 3 (max 4)
- age   1:     446384 bytes,     446384 total
- age   2:     376056 bytes,     822440 total
- age   3:     660368 bytes,    1482808 total
: 17222K->1450K(18624K), 0.0021750 secs] 26926K->11154K(83392K), 0.0023512 secs] [Times: user=0.00 sys=0.00, real=0.00 secs] 
58.391: [GC 58.391: [ParNew
Desired survivor size 1343488 bytes, new threshold 4 (max 4)
- age   1:     133208 bytes,     133208 total
- age   2:     381432 bytes,     514640 total
- age   3:     200000 bytes,     714640 total
: 17411K->700K(18624K), 0.0018745 secs] 27116K->11049K(83392K), 0.0019897 secs] [Times: user=0.00 sys=0.00, real=0.00 secs] 
58.404: [GC 58.404: [ParNew
Desired survivor size 1343488 bytes, new threshold 4 (max 4)
- age   1:     323328 bytes,     323328 total
- age   2:      68576 bytes,     391904 total
- age   3:     381432 bytes,     773336 total
- age   4:     200000 bytes,     973336 total
: 16697K->952K(18624K), 0.0015539 secs] 27046K->11301K(83392K), 0.0016540 secs] [Times: user=0.00 sys=0.00, real=0.01 secs] 
58.417: [GC 58.417: [ParNew
Desired survivor size 1343488 bytes, new threshold 4 (max 4)
- age   1:     426552 bytes,     426552 total
- age   2:     254848 bytes,     681400 total
- age   3:      68576 bytes,     749976 total
- age   4:     381432 bytes,    1131408 total
: 16920K->1108K(18624K), 0.0030286 secs] 27269K->11652K(83392K), 0.0031342 secs] [Times: user=0.01 sys=0.01, real=0.00 secs] 
58.432: [GC 58.432: [ParNew
Desired survivor size 1343488 bytes, new threshold 4 (max 4)
- age   1:     189608 bytes,     189608 total
- age   2:     281328 bytes,     470936 total
- age   3:     254848 bytes,     725784 total
- age   4:      68576 bytes,     794360 total
: 16985K->776K(18624K), 0.0014884 secs] 27529K->11604K(83392K), 0.0015806 secs] [Times: user=0.00 sys=0.00, real=0.00 secs] 
58.445: [GC 58.445: [ParNew
Desired survivor size 1343488 bytes, new threshold 4 (max 4)
- age   1:     241104 bytes,     241104 total
- age   2:     108752 bytes,     349856 total
- age   3:     281328 bytes,     631184 total
- age   4:     254848 bytes,     886032 total
: 16750K->866K(18624K), 0.0014904 secs] 27578K->11761K(83392K), 0.0016336 secs] [Times: user=0.00 sys=0.00, real=0.00 secs] 
58.459: [GC 58.459: [ParNew
Desired survivor size 1343488 bytes, new threshold 4 (max 4)
- age   1:     149248 bytes,     149248 total
- age   2:     105480 bytes,     254728 total
- age   3:       5480 bytes,     260208 total
- age   4:     281328 bytes,     541536 total
: 16855K->532K(18624K), 0.0019537 secs] 27750K->11676K(83392K), 0.0020776 secs] [Times: user=0.00 sys=0.00, real=0.00 secs] 
58.473: [GC 58.473: [ParNew
Desired survivor size 1343488 bytes, new threshold 4 (max 4)
- age   1:     586560 bytes,     586560 total
- age   2:      41448 bytes,     628008 total
- age   3:     105480 bytes,     733488 total
- age   4:       5480 bytes,     738968 total
: 16523K->722K(18624K), 0.0022828 secs] 27668K->12141K(83392K), 0.0023862 secs] [Times: user=0.00 sys=0.00, real=0.01 secs] 
58.486: [GC 58.487: [ParNew
Desired survivor size 1343488 bytes, new threshold 2 (max 4)
- age   1:     890048 bytes,     890048 total
- age   2:     564352 bytes,    1454400 total
- age   4:      36632 bytes,    1491032 total
: 16718K->1459K(18624K), 0.0018698 secs] 28137K->12884K(83392K), 0.0019869 secs] [Times: user=0.01 sys=0.00, real=0.00 secs] 
58.504: [GC 58.504: [ParNew
Desired survivor size 1343488 bytes, new threshold 2 (max 4)
- age   1:     655400 bytes,     655400 total
- age   2:     689232 bytes,    1344632 total
: 17341K->1315K(18624K), 0.0022805 secs] 28766K->13171K(83392K), 0.0023941 secs] [Times: user=0.00 sys=0.00, real=0.01 secs] 
58.519: [GC 58.519: [ParNew
Desired survivor size 1343488 bytes, new threshold 4 (max 4)
- age   1:     204760 bytes,     204760 total
- age   2:     577960 bytes,     782720 total
: 17297K->766K(18624K), 0.0020868 secs] 29153K->13144K(83392K), 0.0022278 secs] [Times: user=0.00 sys=0.00, real=0.00 secs] 
58.534: [GC 58.534: [ParNew
Desired survivor size 1343488 bytes, new threshold 4 (max 4)
- age   1:     535408 bytes,     535408 total
- age   2:      44248 bytes,     579656 total
- age   3:     295096 bytes,     874752 total
: 16736K->856K(18624K), 0.0013286 secs] 29114K->13234K(83392K), 0.0014701 secs] [Times: user=0.00 sys=0.00, real=0.01 secs] 
58.547: [GC 58.547: [ParNew
Desired survivor size 1343488 bytes, new threshold 4 (max 4)
- age   1:     332240 bytes,     332240 total
- age   2:     481168 bytes,     813408 total
- age   3:      44248 bytes,     857656 total
- age   4:     198264 bytes,    1055920 total
: 16840K->1034K(18624K), 0.0015840 secs] 29218K->13412K(83392K), 0.0016800 secs] [Times: user=0.01 sys=0.00, real=0.00 secs] 
58.560: [GC 58.560: [ParNew
Desired survivor size 1343488 bytes, new threshold 4 (max 4)
- age   1:     247048 bytes,     247048 total
- age   2:     307760 bytes,     554808 total
- age   3:     481168 bytes,    1035976 total
- age   4:      44248 bytes,    1080224 total
: 17026K->1062K(18624K), 0.0017227 secs] 29403K->13583K(83392K), 0.0018431 secs] [Times: user=0.01 sys=0.00, real=0.00 secs] 
58.574: [GC 58.574: [ParNew
Desired survivor size 1343488 bytes, new threshold 4 (max 4)
- age   1:     802192 bytes,     802192 total
- age   2:     160200 bytes,     962392 total
- age   3:      29464 bytes,     991856 total
- age   4:     481136 bytes,    1472992 total
: 17062K->1448K(18624K), 0.0020140 secs] 29582K->14011K(83392K), 0.0021246 secs] [Times: user=0.00 sys=0.00, real=0.01 secs] 
58.589: [GC 58.589: [ParNew
Desired survivor size 1343488 bytes, new threshold 4 (max 4)
- age   1:      90640 bytes,      90640 total
- age   2:     741440 bytes,     832080 total
- age   3:     160200 bytes,     992280 total
- age   4:      29464 bytes,    1021744 total
: 17436K->1005K(18624K), 0.0016307 secs] 30000K->14028K(83392K), 0.0017120 secs] [Times: user=0.00 sys=0.00, real=0.00 secs] 
58.603: [GC 58.603: [ParNew
Desired survivor size 1343488 bytes, new threshold 3 (max 4)
- age   1:     929296 bytes,     929296 total
- age   3:     741440 bytes,    1670736 total
- age   4:     160200 bytes,    1830936 total
: 16941K->1791K(18624K), 0.0019796 secs] 29963K->14843K(83392K), 0.0020753 secs] [Times: user=0.00 sys=0.00, real=0.01 secs] 
58.617: [GC 58.617: [ParNew
Desired survivor size 1343488 bytes, new threshold 2 (max 4)
- age   1:     611016 bytes,     611016 total
- age   2:     795736 bytes,    1406752 total
: 17743K->1377K(18624K), 0.0024287 secs] 30794K->14902K(83392K), 0.0025451 secs] [Times: user=0.01 sys=0.00, real=0.00 secs] 
58.632: [GC 58.632: [ParNew
Desired survivor size 1343488 bytes, new threshold 4 (max 4)
- age   1:     480640 bytes,     480640 total
- age   2:     455320 bytes,     935960 total
: 17377K->917K(18624K), 0.0022962 secs] 30902K->15219K(83392K), 0.0023925 secs] [Times: user=0.00 sys=0.00, real=0.00 secs] 
58.645: [GC 58.645: [ParNew
Desired survivor size 1343488 bytes, new threshold 4 (max 4)
- age   1:     334864 bytes,     334864 total
- age   2:     435624 bytes,     770488 total
- age   3:     368912 bytes,    1139400 total
: 16911K->1116K(18624K), 0.0014551 secs] 31213K->15417K(83392K), 0.0015514 secs] [Times: user=0.00 sys=0.00, real=0.00 secs] 
58.659: [GC 58.659: [ParNew
Desired survivor size 1343488 bytes, new threshold 4 (max 4)
- age   1:     215184 bytes,     215184 total
- age   2:     273864 bytes,     489048 total
- age   3:     435624 bytes,     924672 total
- age   4:     368912 bytes,    1293584 total
: 17098K->1266K(18624K), 0.0021200 secs] 31400K->15568K(83392K), 0.0022291 secs] [Times: user=0.00 sys=0.00, real=0.00 secs] 
58.673: [GC 58.673: [ParNew
Desired survivor size 1343488 bytes, new threshold 4 (max 4)
- age   1:     400072 bytes,     400072 total
- age   2:     186528 bytes,     586600 total
- age   3:     172120 bytes,     758720 total
- age   4:     435624 bytes,    1194344 total
: 17253K->1169K(18624K), 0.0019046 secs] 31555K->15662K(83392K), 0.0020346 secs] [Times: user=0.01 sys=0.00, real=0.01 secs] 
58.686: [GC 58.686: [ParNew
Desired survivor size 1343488 bytes, new threshold 4 (max 4)
- age   1:     452568 bytes,     452568 total
- age   2:     357832 bytes,     810400 total
- age   3:     186528 bytes,     996928 total
- age   4:     172120 bytes,    1169048 total
: 17158K->1145K(18624K), 0.0016245 secs] 31651K->15724K(83392K), 0.0018130 secs] [Times: user=0.00 sys=0.00, real=0.00 secs] 
58.700: [GC 58.700: [ParNew
Desired survivor size 1343488 bytes, new threshold 3 (max 4)
- age   1:     968224 bytes,     968224 total
- age   2:     370192 bytes,    1338416 total
- age   3:     270944 bytes,    1609360 total
- age   4:     186528 bytes,    1795888 total
: 17125K->1757K(18624K), 0.0028245 secs] 31705K->16504K(83392K), 0.0029398 secs] [Times: user=0.00 sys=0.00, real=0.00 secs] 
58.715: [GC 58.715: [ParNew
Desired survivor size 1343488 bytes, new threshold 2 (max 4)
- age   1:     830472 bytes,     830472 total
- age   2:     816016 bytes,    1646488 total
- age   3:     370192 bytes,    2016680 total
: 17731K->1970K(18624K), 0.0028002 secs] 32479K->16949K(83392K), 0.0028875 secs] [Times: user=0.00 sys=0.00, real=0.00 secs] 
58.730: [GC 58.730: [ParNew
Desired survivor size 1343488 bytes, new threshold 4 (max 4)
- age   1:     539080 bytes,     539080 total
- age   2:     746464 bytes,    1285544 total
: 17958K->1259K(18624K), 0.0024151 secs] 32937K->17041K(83392K), 0.0025223 secs] [Times: user=0.01 sys=0.01, real=0.00 secs] 
58.745: [GC 58.745: [ParNew
Desired survivor size 1343488 bytes, new threshold 4 (max 4)
- age   1:     548064 bytes,     548064 total
- age   2:      31800 bytes,     579864 total
- age   3:     746464 bytes,    1326328 total
: 17219K->1297K(18624K), 0.0016789 secs] 33002K->17080K(83392K), 0.0017680 secs] [Times: user=0.00 sys=0.00, real=0.00 secs] 
58.760: [GC 58.760: [ParNew
Desired survivor size 1343488 bytes, new threshold 2 (max 4)
- age   1:    1185760 bytes,    1185760 total
- age   2:     387560 bytes,    1573320 total
- age   3:      31800 bytes,    1605120 total
- age   4:     492384 bytes,    2097504 total
: 17239K->2050K(18624K), 0.0027371 secs] 33021K->17833K(83392K), 0.0028206 secs] [Times: user=0.00 sys=0.00, real=0.00 secs] 
58.775: [GC 58.776: [ParNew
Desired survivor size 1343488 bytes, new threshold 4 (max 4)
- age   1:     189144 bytes,     189144 total
- age   2:    1131520 bytes,    1320664 total
: 18044K->1291K(18624K), 0.0025877 secs] 33826K->17875K(83392K), 0.0026833 secs] [Times: user=0.00 sys=0.00, real=0.00 secs] 
58.793: [GC 58.793: [ParNew
Desired survivor size 1343488 bytes, new threshold 3 (max 4)
- age   1:     654328 bytes,     654328 total
- age   2:      67296 bytes,     721624 total
- age   3:    1131520 bytes,    1853144 total
: 17291K->1811K(18624K), 0.0022190 secs] 33875K->18396K(83392K), 0.0023136 secs] [Times: user=0.00 sys=0.00, real=0.01 secs] 
58.811: [GC 58.811: [ParNew
Desired survivor size 1343488 bytes, new threshold 4 (max 4)
- age   1:     315616 bytes,     315616 total
- age   2:     525480 bytes,     841096 total
: 17811K->821K(18624K), 0.0024677 secs] 34396K->18511K(83392K), 0.0025632 secs] [Times: user=0.01 sys=0.00, real=0.00 secs] 
58.827: [GC 58.827: [ParNew
Desired survivor size 1343488 bytes, new threshold 3 (max 4)
- age   1:     910104 bytes,     910104 total
- age   2:     276952 bytes,    1187056 total
- age   3:     525480 bytes,    1712536 total
: 16808K->1673K(18624K), 0.0022581 secs] 34498K->19362K(83392K), 0.0023509 secs] [Times: user=0.00 sys=0.00, real=0.00 secs] 
58.842: [GC 58.842: [ParNew
Desired survivor size 1343488 bytes, new threshold 2 (max 4)
- age   1:     674320 bytes,     674320 total
- age   2:     787400 bytes,    1461720 total
- age   3:     275728 bytes,    1737448 total
: 17637K->1698K(18624K), 0.0024610 secs] 35327K->19762K(83392K), 0.0025709 secs] [Times: user=0.00 sys=0.00, real=0.00 secs] 
58.859: [GC 58.859: [ParNew
Desired survivor size 1343488 bytes, new threshold 4 (max 4)
- age   1:     330808 bytes,     330808 total
- age   2:     512368 bytes,     843176 total
: 17698K->826K(18624K), 0.0023130 secs] 35762K->19927K(83392K), 0.0024210 secs] [Times: user=0.01 sys=0.00, real=0.00 secs] 
58.873: [GC 58.873: [ParNew
Desired survivor size 1343488 bytes, new threshold 4 (max 4)
- age   1:     648528 bytes,     648528 total
- age   2:     262320 bytes,     910848 total
- age   3:       2088 bytes,     912936 total
: 16788K->894K(18624K), 0.0023495 secs] 35890K->19996K(83392K), 0.0024951 secs] [Times: user=0.00 sys=0.00, real=0.01 secs] 
58.886: [GC 58.886: [ParNew
Desired survivor size 1343488 bytes, new threshold 3 (max 4)
- age   1:     562448 bytes,     562448 total
- age   2:     575904 bytes,    1138352 total
- age   3:     262320 bytes,    1400672 total
- age   4:       2088 bytes,    1402760 total
: 16842K->1371K(18624K), 0.0026564 secs] 35943K->20473K(83392K), 0.0027545 secs] [Times: user=0.00 sys=0.00, real=0.00 secs] 
58.902: [GC 58.902: [ParNew
Desired survivor size 1343488 bytes, new threshold 4 (max 4)
- age   1:     266552 bytes,     266552 total
- age   2:     408280 bytes,     674832 total
- age   3:     575904 bytes,    1250736 total
: 17370K->1223K(18624K), 0.0018745 secs] 36471K->20397K(83392K), 0.0019598 secs] [Times: user=0.00 sys=0.00, real=0.00 secs] 
58.916: [GC 58.916: [ParNew
Desired survivor size 1343488 bytes, new threshold 4 (max 4)
- age   1:     366968 bytes,     366968 total
- age   2:     165736 bytes,     532704 total
- age   3:     408280 bytes,     940984 total
- age   4:     517408 bytes,    1458392 total
: 17195K->1426K(18624K), 0.0023488 secs] 36370K->20600K(83392K), 0.0024587 secs] [Times: user=0.00 sys=0.00, real=0.00 secs] 
58.932: [GC 58.932: [ParNew
Desired survivor size 1343488 bytes, new threshold 4 (max 4)
- age   1:     774168 bytes,     774168 total
- age   2:     199856 bytes,     974024 total
- age   3:       2000 bytes,     976024 total
- age   4:     121640 bytes,    1097664 total
: 17417K->1074K(18624K), 0.0025564 secs] 36592K->20753K(83392K), 0.0026489 secs] [Times: user=0.01 sys=0.00, real=0.01 secs] 
58.947: [GC 58.948: [ParNew
Desired survivor size 1343488 bytes, new threshold 4 (max 4)
- age   1:     166896 bytes,     166896 total
- age   2:     721016 bytes,     887912 total
- age   3:     199856 bytes,    1087768 total
- age   4:       2000 bytes,    1089768 total
: 17043K->1066K(18624K), 0.0016072 secs] 36723K->20745K(83392K), 0.0017782 secs] [Times: user=0.00 sys=0.00, real=0.00 secs] 
58.960: [GC 58.960: [ParNew
Desired survivor size 1343488 bytes, new threshold 3 (max 4)
- age   1:     990200 bytes,     990200 total
- age   2:     147240 bytes,    1137440 total
- age   3:     525824 bytes,    1663264 total
- age   4:     199856 bytes,    1863120 total
: 17008K->1829K(18624K), 0.0023116 secs] 36688K->21510K(83392K), 0.0024152 secs] [Times: user=0.00 sys=0.00, real=0.00 secs] 
58.975: [GC 58.975: [ParNew
Desired survivor size 1343488 bytes, new threshold 4 (max 4)
- age   1:     230168 bytes,     230168 total
- age   2:     909912 bytes,    1140080 total
- age   3:     147240 bytes,    1287320 total
: 17827K->1259K(18624K), 0.0020809 secs] 37509K->21321K(83392K), 0.0022022 secs] [Times: user=0.00 sys=0.00, real=0.01 secs] 
58.989: [GC 58.989: [ParNew
Desired survivor size 1343488 bytes, new threshold 3 (max 4)
- age   1:     541272 bytes,     541272 total
- age   2:      61880 bytes,     603152 total
- age   3:     909912 bytes,    1513064 total
- age   4:     147240 bytes,    1660304 total
: 17237K->1624K(18624K), 0.0021186 secs] 37299K->21687K(83392K), 0.0022509 secs] [Times: user=0.01 sys=0.00, real=0.00 secs] 
59.009: [GC 59.009: [ParNew
Desired survivor size 1343488 bytes, new threshold 4 (max 4)
- age   1:     406840 bytes,     406840 total
- age   2:     476656 bytes,     883496 total
- age   3:      61552 bytes,     945048 total
: 17556K->927K(18624K), 0.0017813 secs] 37619K->21632K(83392K), 0.0018870 secs] [Times: user=0.00 sys=0.00, real=0.00 secs] 
59.025: [GC 59.026: [ParNew
Desired survivor size 1343488 bytes, new threshold 4 (max 4)
- age   1:     418432 bytes,     418432 total
- age   2:     268504 bytes,     686936 total
- age   3:     476656 bytes,    1163592 total
- age   4:      61552 bytes,    1225144 total
: 16927K->1199K(18624K), 0.0039096 secs] 37632K->21904K(83392K), 0.0040110 secs] [Times: user=0.00 sys=0.00, real=0.00 secs] 
59.042: [GC 59.042: [ParNew
Desired survivor size 1343488 bytes, new threshold 4 (max 4)
- age   1:     506144 bytes,     506144 total
- age   2:     341240 bytes,     847384 total
- age   3:     268504 bytes,    1115888 total
- age   4:     476656 bytes,    1592544 total
: 17168K->1559K(18624K), 0.0020997 secs] 37873K->22264K(83392K), 0.0022557 secs] [Times: user=0.00 sys=0.00, real=0.00 secs] 
59.056: [GC 59.056: [ParNew
Desired survivor size 1343488 bytes, new threshold 4 (max 4)
- age   1:     264152 bytes,     264152 total
- age   2:     379328 bytes,     643480 total
- age   3:     341240 bytes,     984720 total
- age   4:      90576 bytes,    1075296 total
: 17536K->1054K(18624K), 0.0020610 secs] 38241K->22225K(83392K), 0.0021591 secs] [Times: user=0.01 sys=0.00, real=0.00 secs] 
59.075: [GC 59.075: [ParNew
Desired survivor size 1343488 bytes, new threshold 4 (max 4)
- age   1:     361280 bytes,     361280 total
- age   2:     199520 bytes,     560800 total
- age   3:     379328 bytes,     940128 total
- age   4:     341240 bytes,    1281368 total
: 17054K->1256K(18624K), 0.0018236 secs] 38225K->22432K(83392K), 0.0019811 secs] [Times: user=0.00 sys=0.00, real=0.00 secs] 
59.088: [GC 59.088: [ParNew
Desired survivor size 1343488 bytes, new threshold 4 (max 4)
- age   1:     778760 bytes,     778760 total
- age   2:     178984 bytes,     957744 total
- age   3:     138000 bytes,    1095744 total
- age   4:     379328 bytes,    1475072 total
: 17210K->1443K(18624K), 0.0020535 secs] 38385K->22952K(83392K), 0.0021497 secs] [Times: user=0.00 sys=0.00, real=0.00 secs] 
59.102: [GC 59.103: [ParNew
Desired survivor size 1343488 bytes, new threshold 4 (max 4)
- age   1:     423024 bytes,     423024 total
- age   2:     647192 bytes,    1070216 total
- age   3:     178304 bytes,    1248520 total
: 17396K->1221K(18624K), 0.0022090 secs] 38904K->23100K(83392K), 0.0023269 secs] [Times: user=0.01 sys=0.00, real=0.01 secs] 
59.117: [GC 59.117: [ParNew
Desired survivor size 1343488 bytes, new threshold 3 (max 4)
- age   1:     847712 bytes,     847712 total
- age   2:     354960 bytes,    1202672 total
- age   3:     647160 bytes,    1849832 total
- age   4:     178304 bytes,    2028136 total
: 17221K->1984K(18624K), 0.0031144 secs] 39100K->23863K(83392K), 0.0032298 secs] [Times: user=0.00 sys=0.00, real=0.00 secs] 
59.132: [GC 59.132: [ParNew
Desired survivor size 1343488 bytes, new threshold 4 (max 4)
- age   1:     363792 bytes,     363792 total
- age   2:     560744 bytes,     924536 total
- age   3:     284992 bytes,    1209528 total
: 17976K->1190K(18624K), 0.0024937 secs] 39855K->23875K(83392K), 0.0026039 secs] [Times: user=0.01 sys=0.00, real=0.00 secs] 
59.146: [GC 59.146: [ParNew
Desired survivor size 1343488 bytes, new threshold 4 (max 4)
- age   1:     261440 bytes,     261440 total
- age   2:     329224 bytes,     590664 total
- age   3:     560744 bytes,    1151408 total
- age   4:     106256 bytes,    1257664 total
: 17180K->1238K(18624K), 0.0017597 secs] 39865K->23923K(83392K), 0.0018554 secs] [Times: user=0.00 sys=0.00, real=0.00 secs] 
59.160: [GC 59.160: [ParNew
Desired survivor size 1343488 bytes, new threshold 4 (max 4)
- age   1:     344240 bytes,     344240 total
- age   2:      18408 bytes,     362648 total
- age   3:     329224 bytes,     691872 total
- age   4:     560744 bytes,    1252616 total
: 17156K->1240K(18624K), 0.0018650 secs] 39842K->24029K(83392K), 0.0019649 secs] [Times: user=0.00 sys=0.00, real=0.00 secs] 
59.175: [GC 59.176: [ParNew
Desired survivor size 1343488 bytes, new threshold 4 (max 4)
- age   1:     286720 bytes,     286720 total
- age   2:     274176 bytes,     560896 total
- age   3:      18408 bytes,     579304 total
- age   4:     316648 bytes,     895952 total
: 17227K->882K(18624K), 0.0028102 secs] 40016K->24218K(83392K), 0.0030113 secs] [Times: user=0.00 sys=0.00, real=0.00 secs] 
59.190: [GC 59.190: [ParNew
Desired survivor size 1343488 bytes, new threshold 4 (max 4)
- age   1:     532752 bytes,     532752 total
- age   2:     139408 bytes,     672160 total
- age   3:     143048 bytes,     815208 total
- age   4:      18408 bytes,     833616 total
: 16867K->818K(18624K), 0.0017150 secs] 40204K->24231K(83392K), 0.0018571 secs] [Times: user=0.00 sys=0.00, real=0.00 secs] 
59.203: [GC 59.203: [ParNew
Desired survivor size 1343488 bytes, new threshold 2 (max 4)
- age   1:    1306440 bytes,    1306440 total
- age   2:     323440 bytes,    1629880 total
- age   3:     139408 bytes,    1769288 total
: 16784K->1730K(18624K), 0.0020597 secs] 40197K->25161K(83392K), 0.0021644 secs] [Times: user=0.01 sys=0.00, real=0.01 secs] 
59.218: [GC 59.218: [ParNew
Desired survivor size 1343488 bytes, new threshold 2 (max 4)
- age   1:     730160 bytes,     730160 total
- age   2:    1160440 bytes,    1890600 total
: 17650K->1849K(18624K), 0.0031846 secs] 41081K->25651K(83392K), 0.0032822 secs] [Times: user=0.00 sys=0.00, real=0.00 secs] 
59.232: [GC 59.233: [ParNew
Desired survivor size 1343488 bytes, new threshold 2 (max 4)
- age   1:     779632 bytes,     779632 total
- age   2:     646056 bytes,    1425688 total
: 17848K->1395K(18624K), 0.0023596 secs] 41649K->25623K(83392K), 0.0024534 secs] [Times: user=0.00 sys=0.00, real=0.01 secs] 
59.246: [GC 59.246: [ParNew
Desired survivor size 1343488 bytes, new threshold 4 (max 4)
- age   1:     188552 bytes,     188552 total
- age   2:     722216 bytes,     910768 total
: 17381K->892K(18624K), 0.0020713 secs] 41609K->25751K(83392K), 0.0021742 secs] [Times: user=0.01 sys=0.00, real=0.00 secs] 
59.259: [GC 59.259: [ParNew
Desired survivor size 1343488 bytes, new threshold 4 (max 4)
- age   1:     402888 bytes,     402888 total
- age   2:      65760 bytes,     468648 total
- age   3:     722216 bytes,    1190864 total
: 16860K->1166K(18624K), 0.0019095 secs] 41719K->26025K(83392K), 0.0020140 secs] [Times: user=0.00 sys=0.00, real=0.00 secs] 
59.273: [GC 59.273: [ParNew
Desired survivor size 1343488 bytes, new threshold 4 (max 4)
- age   1:     563848 bytes,     563848 total
- age   2:     335656 bytes,     899504 total
- age   3:      65760 bytes,     965264 total
- age   4:      70160 bytes,    1035424 total
: 17111K->1014K(18624K), 0.0014706 secs] 41970K->25873K(83392K), 0.0015626 secs] [Times: user=0.00 sys=0.00, real=0.01 secs] 
59.288: [GC 59.288: [ParNew
Desired survivor size 1343488 bytes, new threshold 4 (max 4)
- age   1:     655824 bytes,     655824 total
- age   2:     329920 bytes,     985744 total
- age   3:     254968 bytes,    1240712 total
- age   4:      65760 bytes,    1306472 total
: 17005K->1279K(18624K), 0.0016006 secs] 41864K->26206K(83392K), 0.0017136 secs] [Times: user=0.00 sys=0.00, real=0.00 secs] 
59.302: [GC 59.302: [ParNew
Desired survivor size 1343488 bytes, new threshold 4 (max 4)
- age   1:     562464 bytes,     562464 total
- age   2:     485664 bytes,    1048128 total
- age   3:     248400 bytes,    1296528 total
- age   4:     204128 bytes,    1500656 total
: 17255K->1468K(18624K), 0.0018882 secs] 42182K->26460K(83392K), 0.0019991 secs] [Times: user=0.00 sys=0.00, real=0.00 secs] 
59.319: [GC 59.319: [ParNew
Desired survivor size 1343488 bytes, new threshold 4 (max 4)
- age   1:     371352 bytes,     371352 total
- age   2:     343088 bytes,     714440 total
- age   3:     399216 bytes,    1113656 total
- age   4:      85424 bytes,    1199080 total
: 17421K->1173K(18624K), 0.0024504 secs] 42413K->26364K(83392K), 0.0025645 secs] [Times: user=0.01 sys=0.00, real=0.00 secs] 
59.334: [GC 59.334: [ParNew
Desired survivor size 1343488 bytes, new threshold 4 (max 4)
- age   1:     327944 bytes,     327944 total
- age   2:      90328 bytes,     418272 total
- age   3:     115440 bytes,     533712 total
- age   4:     399216 bytes,     932928 total
: 17145K->914K(18624K), 0.0015291 secs] 42336K->26188K(83392K), 0.0016148 secs] [Times: user=0.00 sys=0.00, real=0.01 secs] 
59.348: [GC 59.348: [ParNew
Desired survivor size 1343488 bytes, new threshold 4 (max 4)
- age   1:     759832 bytes,     759832 total
- age   2:     312944 bytes,    1072776 total
- age   3:      90328 bytes,    1163104 total
- age   4:     115440 bytes,    1278544 total
: 16870K->1256K(18624K), 0.0018413 secs] 42145K->26687K(83392K), 0.0019438 secs] [Times: user=0.00 sys=0.00, real=0.00 secs] 
59.363: [GC 59.363: [ParNew
Desired survivor size 1343488 bytes, new threshold 4 (max 4)
- age   1:     424704 bytes,     424704 total
- age   2:     482256 bytes,     906960 total
- age   3:      72584 bytes,     979544 total
- age   4:      90328 bytes,    1069872 total
: 17247K->1047K(18624K), 0.0019716 secs] 42677K->26590K(83392K), 0.0020900 secs] [Times: user=0.01 sys=0.00, real=0.01 secs] 
59.380: [GC 59.380: [ParNew
Desired survivor size 1343488 bytes, new threshold 4 (max 4)
- age   1:     156024 bytes,     156024 total
- age   2:     240728 bytes,     396752 total
- age   3:     482256 bytes,     879008 total
- age   4:      72584 bytes,     951592 total
: 17038K->937K(18624K), 0.0016990 secs] 42581K->26568K(83392K), 0.0017809 secs] [Times: user=0.00 sys=0.00, real=0.00 secs] 
59.394: [GC 59.395: [ParNew
Desired survivor size 1343488 bytes, new threshold 4 (max 4)
- age   1:     582912 bytes,     582912 total
- age   2:     114304 bytes,     697216 total
- age   3:      84712 bytes,     781928 total
- age   4:     237768 bytes,    1019696 total
: 16867K->998K(18624K), 0.0014097 secs] 42498K->26700K(83392K), 0.0014940 secs] [Times: user=0.00 sys=0.00, real=0.01 secs] 
59.408: [GC 59.408: [ParNew
Desired survivor size 1343488 bytes, new threshold 4 (max 4)
- age   1:     703616 bytes,     703616 total
- age   2:     502072 bytes,    1205688 total
- age   3:     114304 bytes,    1319992 total
- age   4:      84712 bytes,    1404704 total
: 16931K->1373K(18624K), 0.0017576 secs] 42633K->27229K(83392K), 0.0018636 secs] [Times: user=0.00 sys=0.00, real=0.00 secs] 
59.424: [GC 59.424: [ParNew
Desired survivor size 1343488 bytes, new threshold 3 (max 4)
- age   1:     550232 bytes,     550232 total
- age   2:     553088 bytes,    1103320 total
- age   3:     501952 bytes,    1605272 total
- age   4:      73976 bytes,    1679248 total
: 17329K->1641K(18624K), 0.0026263 secs] 43185K->27580K(83392K), 0.0027365 secs] [Times: user=0.00 sys=0.01, real=0.01 secs] 
59.439: [GC 59.439: [ParNew
Desired survivor size 1343488 bytes, new threshold 2 (max 4)
- age   1:     890600 bytes,     890600 total
- age   2:     471512 bytes,    1362112 total
- age   3:     140040 bytes,    1502152 total
: 17596K->1469K(18624K), 0.0020525 secs] 43535K->27801K(83392K), 0.0021511 secs] [Times: user=0.01 sys=0.00, real=0.00 secs] 
59.456: [GC 59.456: [ParNew
Desired survivor size 1343488 bytes, new threshold 4 (max 4)
- age   1:     213432 bytes,     213432 total
- age   2:     853552 bytes,    1066984 total
: 17464K->1045K(18624K), 0.0024091 secs] 43796K->27974K(83392K), 0.0025248 secs] [Times: user=0.01 sys=0.00, real=0.00 secs] 
59.470: [GC 59.470: [ParNew
Desired survivor size 1343488 bytes, new threshold 3 (max 4)
- age   1:     594824 bytes,     594824 total
- age   2:     169328 bytes,     764152 total
- age   3:     853552 bytes,    1617704 total
: 16999K->1581K(18624K), 0.0026784 secs] 43928K->28510K(83392K), 0.0027778 secs] [Times: user=0.00 sys=0.00, real=0.00 secs] 
59.486: [GC 59.486: [ParNew
Desired survivor size 1343488 bytes, new threshold 2 (max 4)
- age   1:    1099184 bytes,    1099184 total
- age   2:     439736 bytes,    1538920 total
- age   3:     169328 bytes,    1708248 total
: 17558K->1671K(18624K), 0.0021877 secs] 44488K->28711K(83392K), 0.0022895 secs] [Times: user=0.00 sys=0.00, real=0.00 secs] 
59.522: [GC 59.522: [ParNew
Desired survivor size 1343488 bytes, new threshold 4 (max 4)
- age   1:     288824 bytes,     288824 total
- age   2:    1012728 bytes,    1301552 total
: 17671K->1274K(18624K), 0.0024852 secs] 44711K->28721K(83392K), 0.0025677 secs] [Times: user=0.00 sys=0.00, real=0.01 secs] 
59.540: [GC 59.540: [ParNew
Desired survivor size 1343488 bytes, new threshold 4 (max 4)
- age   1:     291848 bytes,     291848 total
- age   2:     286264 bytes,     578112 total
- age   3:     600312 bytes,    1178424 total
: 17271K->1160K(18624K), 0.0016342 secs] 44718K->28607K(83392K), 0.0017496 secs] [Times: user=0.01 sys=0.00, real=0.00 secs] 
59.554: [GC 59.555: [ParNew
Desired survivor size 1343488 bytes, new threshold 4 (max 4)
- age   1:     416512 bytes,     416512 total
- age   2:      81744 bytes,     498256 total
- age   3:     286144 bytes,     784400 total
- age   4:     181336 bytes,     965736 total
: 17068K->960K(18624K), 0.0028568 secs] 44515K->28407K(83392K), 0.0030309 secs] [Times: user=0.00 sys=0.00, real=0.01 secs] 
59.569: [GC 59.569: [ParNew
Desired survivor size 1343488 bytes, new threshold 4 (max 4)
- age   1:     656632 bytes,     656632 total
- age   2:     275416 bytes,     932048 total
- age   3:      81744 bytes,    1013792 total
- age   4:     286144 bytes,    1299936 total
: 16959K->1282K(18624K), 0.0018732 secs] 44407K->28830K(83392K), 0.0019689 secs] [Times: user=0.00 sys=0.00, real=0.00 secs] 
59.583: [GC 59.583: [ParNew
Desired survivor size 1343488 bytes, new threshold 4 (max 4)
- age   1:     311376 bytes,     311376 total
- age   2:     656632 bytes,     968008 total
- age   3:     114360 bytes,    1082368 total
- age   4:      81744 bytes,    1164112 total
: 17254K->1147K(18624K), 0.0029963 secs] 44801K->28974K(83392K), 0.0030866 secs] [Times: user=0.00 sys=0.00, real=0.01 secs] 
59.599: [GC 59.599: [ParNew
Desired survivor size 1343488 bytes, new threshold 4 (max 4)
- age   1:     235760 bytes,     235760 total
- age   2:     191096 bytes,     426856 total
- age   3:     656632 bytes,    1083488 total
- age   4:     114360 bytes,    1197848 total
: 17130K->1177K(18624K), 0.0017246 secs] 44957K->29015K(83392K), 0.0019024 secs] [Times: user=0.00 sys=0.00, real=0.00 secs] 
59.614: [GC 59.614: [ParNew
Desired survivor size 1343488 bytes, new threshold 4 (max 4)
- age   1:     186712 bytes,     186712 total
- age   2:     121640 bytes,     308352 total
- age   3:     191096 bytes,     499448 total
- age   4:     577040 bytes,    1076488 total
: 17177K->1054K(18624K), 0.0018948 secs] 45015K->29003K(83392K), 0.0020181 secs] [Times: user=0.00 sys=0.00, real=0.01 secs] 
59.629: [GC 59.629: [ParNew
Desired survivor size 1343488 bytes, new threshold 4 (max 4)
- age   1:     464624 bytes,     464624 total
- age   2:     129624 bytes,     594248 total
- age   3:     121600 bytes,     715848 total
- age   4:     191096 bytes,     906944 total
: 17031K->895K(18624K), 0.0019498 secs] 44980K->29168K(83392K), 0.0020830 secs] [Times: user=0.00 sys=0.00, real=0.00 secs] 
59.644: [GC 59.644: [ParNew
Desired survivor size 1343488 bytes, new threshold 4 (max 4)
- age   1:     692912 bytes,     692912 total
- age   2:     177360 bytes,     870272 total
- age   3:     129576 bytes,     999848 total
- age   4:     121600 bytes,    1121448 total
: 16873K->1100K(18624K), 0.0016553 secs] 45146K->29529K(83392K), 0.0017454 secs] [Times: user=0.01 sys=0.00, real=0.01 secs] 
59.657: [GC 59.657: [ParNew
Desired survivor size 1343488 bytes, new threshold 4 (max 4)
- age   1:     401448 bytes,     401448 total
- age   2:     530600 bytes,     932048 total
- age   3:     177360 bytes,    1109408 total
- age   4:     129576 bytes,    1238984 total
: 17071K->1222K(18624K), 0.0018487 secs] 45499K->29770K(83392K), 0.0019474 secs] [Times: user=0.00 sys=0.00, real=0.00 secs] 
59.671: [GC 59.671: [ParNew
Desired survivor size 1343488 bytes, new threshold 4 (max 4)
- age   1:     505512 bytes,     505512 total
- age   2:     273224 bytes,     778736 total
- age   3:     528488 bytes,    1307224 total
: 17201K->1302K(18624K), 0.0019514 secs] 45748K->29871K(83392K), 0.0020423 secs] [Times: user=0.00 sys=0.00, real=0.00 secs] 
59.686: [GC 59.686: [ParNew
Desired survivor size 1343488 bytes, new threshold 4 (max 4)
- age   1:     311168 bytes,     311168 total
- age   2:     483392 bytes,     794560 total
- age   3:     273224 bytes,    1067784 total
- age   4:     274536 bytes,    1342320 total
: 17291K->1318K(18624K), 0.0019820 secs] 45860K->29887K(83392K), 0.0020836 secs] [Times: user=0.01 sys=0.00, real=0.00 secs] 
59.702: [GC 59.702: [ParNew
Desired survivor size 1343488 bytes, new threshold 4 (max 4)
- age   1:     211384 bytes,     211384 total
- age   2:     211512 bytes,     422896 total
- age   3:     180112 bytes,     603008 total
- age   4:     273224 bytes,     876232 total
: 17318K->870K(18624K), 0.0019169 secs] 45887K->29622K(83392K), 0.0020480 secs] [Times: user=0.00 sys=0.00, real=0.00 secs] 
59.717: [GC 59.717: [ParNew
Desired survivor size 1343488 bytes, new threshold 4 (max 4)
- age   1:     451448 bytes,     451448 total
- age   2:     180392 bytes,     631840 total
- age   3:     136056 bytes,     767896 total
- age   4:     114216 bytes,     882112 total
: 16845K->865K(18624K), 0.0018238 secs] 45598K->29884K(83392K), 0.0020041 secs] [Times: user=0.00 sys=0.00, real=0.00 secs] 
59.733: [GC 59.733: [ParNew
Desired survivor size 1343488 bytes, new threshold 4 (max 4)
- age   1:     439064 bytes,     439064 total
- age   2:     410504 bytes,     849568 total
- age   3:      15232 bytes,     864800 total
- age   4:     136056 bytes,    1000856 total
: 16850K->986K(18624K), 0.0014662 secs] 45869K->30009K(83392K), 0.0015721 secs] [Times: user=0.01 sys=0.00, real=0.01 secs] 
59.747: [GC 59.747: [ParNew
Desired survivor size 1343488 bytes, new threshold 4 (max 4)
- age   1:     499632 bytes,     499632 total
- age   2:     385648 bytes,     885280 total
- age   3:      31424 bytes,     916704 total
- age   4:      15232 bytes,     931936 total
: 16984K->918K(18624K), 0.0018163 secs] 46008K->30074K(83392K), 0.0019249 secs] [Times: user=0.00 sys=0.00, real=0.00 secs] 
59.760: [GC 59.760: [ParNew
Desired survivor size 1343488 bytes, new threshold 4 (max 4)
- age   1:     374560 bytes,     374560 total
- age   2:     437656 bytes,     812216 total
- age   3:       3720 bytes,     815936 total
- age   4:      31392 bytes,     847328 total
: 16914K->841K(18624K), 0.0015027 secs] 46071K->30012K(83392K), 0.0015914 secs] [Times: user=0.00 sys=0.00, real=0.00 secs] 
59.773: [GC 59.774: [ParNew
Desired survivor size 1343488 bytes, new threshold 4 (max 4)
- age   1:     238032 bytes,     238032 total
- age   2:     298752 bytes,     536784 total
- age   3:     234128 bytes,     770912 total
- age   4:       3720 bytes,     774632 total
: 16790K->761K(18624K), 0.0014325 secs] 45962K->29963K(83392K), 0.0015251 secs] [Times: user=0.00 sys=0.00, real=0.01 secs] 
59.789: [GC 59.790: [ParNew
Desired survivor size 1343488 bytes, new threshold 3 (max 4)
- age   1:    1048472 bytes,    1048472 total
- age   2:     176064 bytes,    1224536 total
- age   3:     166096 bytes,    1390632 total
- age   4:     115808 bytes,    1506440 total
: 16744K->1479K(18624K), 0.0022228 secs] 45946K->30685K(83392K), 0.0023767 secs] [Times: user=0.00 sys=0.00, real=0.00 secs] 
59.809: [GC 59.809: [ParNew
Desired survivor size 1343488 bytes, new threshold 4 (max 4)
- age   1:     144472 bytes,     144472 total
- age   2:     681256 bytes,     825728 total
- age   3:     176064 bytes,    1001792 total
: 17439K->982K(18624K), 0.0021824 secs] 46645K->30463K(83392K), 0.0022820 secs] [Times: user=0.00 sys=0.00, real=0.00 secs] 
59.826: [GC 59.826: [ParNew
Desired survivor size 1343488 bytes, new threshold 4 (max 4)
- age   1:     513888 bytes,     513888 total
- age   3:     481752 bytes,     995640 total
- age   4:      32896 bytes,    1028536 total
: 16968K->1006K(18624K), 0.0014546 secs] 46449K->30487K(83392K), 0.0015471 secs] [Times: user=0.00 sys=0.00, real=0.00 secs] 
59.848: [GC 59.848: [ParNew
Desired survivor size 1343488 bytes, new threshold 4 (max 4)
- age   1:     677944 bytes,     677944 total
- age   2:      72856 bytes,     750800 total
- age   4:     481752 bytes,    1232552 total
: 17006K->1205K(18624K), 0.0021946 secs] 46487K->30718K(83392K), 0.0023125 secs] [Times: user=0.00 sys=0.00, real=0.00 secs] 
59.871: [GC 59.871: [ParNew
Desired survivor size 1343488 bytes, new threshold 4 (max 4)
- age   1:     125976 bytes,     125976 total
- age   2:     426640 bytes,     552616 total
- age   3:      72856 bytes,     625472 total
: 17200K->612K(18624K), 0.0017515 secs] 46713K->30596K(83392K), 0.0018484 secs] [Times: user=0.01 sys=0.00, real=0.00 secs] 
59.884: [GC 59.884: [ParNew
Desired survivor size 1343488 bytes, new threshold 4 (max 4)
- age   1:     269392 bytes,     269392 total
- age   2:      54280 bytes,     323672 total
- age   3:     289824 bytes,     613496 total
- age   4:      72856 bytes,     686352 total
: 16574K->675K(18624K), 0.0013005 secs] 46558K->30659K(83392K), 0.0014476 secs] [Times: user=0.01 sys=0.00, real=0.01 secs] 
59.898: [GC 59.898: [ParNew
Desired survivor size 1343488 bytes, new threshold 4 (max 4)
- age   1:     304176 bytes,     304176 total
- age   2:     140080 bytes,     444256 total
- age   3:      54280 bytes,     498536 total
- age   4:     153312 bytes,     651848 total
: 16665K->642K(18624K), 0.0016903 secs] 46648K->30696K(83392K), 0.0017860 secs] [Times: user=0.00 sys=0.00, real=0.00 secs] 
59.911: [GC 59.911: [ParNew
Desired survivor size 1343488 bytes, new threshold 4 (max 4)
- age   1:     574904 bytes,     574904 total
- age   2:     216392 bytes,     791296 total
- age   3:     140080 bytes,     931376 total
- age   4:      54280 bytes,     985656 total
: 16619K->971K(18624K), 0.0018171 secs] 46673K->31176K(83392K), 0.0019173 secs] [Times: user=0.00 sys=0.00, real=0.00 secs] 
59.925: [GC 59.925: [ParNew
Desired survivor size 1343488 bytes, new threshold 4 (max 4)
- age   1:     394912 bytes,     394912 total
- age   2:     540808 bytes,     935720 total
- age   3:     147824 bytes,    1083544 total
- age   4:     140080 bytes,    1223624 total
: 16935K->1209K(18624K), 0.0018283 secs] 47140K->31467K(83392K), 0.0019456 secs] [Times: user=0.00 sys=0.00, real=0.00 secs] 
59.938: [GC 59.938: [ParNew
Desired survivor size 1343488 bytes, new threshold 4 (max 4)
- age   1:     212784 bytes,     212784 total
- age   2:     298184 bytes,     510968 total
- age   3:     467688 bytes,     978656 total
- age   4:     147824 bytes,    1126480 total
: 17163K->1107K(18624K), 0.0020964 secs] 47421K->31501K(83392K), 0.0022117 secs] [Times: user=0.01 sys=0.00, real=0.00 secs] 
59.952: [GC 59.952: [ParNew
Desired survivor size 1343488 bytes, new threshold 4 (max 4)
- age   1:     336824 bytes,     336824 total
- age   2:     134496 bytes,     471320 total
- age   3:     298184 bytes,     769504 total
- age   4:     467688 bytes,    1237192 total
: 17089K->1211K(18624K), 0.0019815 secs] 47484K->31749K(83392K), 0.0021194 secs] [Times: user=0.00 sys=0.00, real=0.00 secs] 
59.967: [GC 59.967: [ParNew
Desired survivor size 1343488 bytes, new threshold 4 (max 4)
- age   1:     277920 bytes,     277920 total
- age   2:     169248 bytes,     447168 total
- age   3:      68096 bytes,     515264 total
- age   4:     263424 bytes,     778688 total
: 17189K->763K(18624K), 0.0025623 secs] 47727K->31758K(83392K), 0.0026680 secs] [Times: user=0.00 sys=0.00, real=0.00 secs] 
59.981: [GC 59.981: [ParNew
Desired survivor size 1343488 bytes, new threshold 4 (max 4)
- age   1:     398272 bytes,     398272 total
- age   2:     240152 bytes,     638424 total
- age   3:     169248 bytes,     807672 total
- age   4:      68096 bytes,     875768 total
: 16739K->861K(18624K), 0.0017001 secs] 47734K->32113K(83392K), 0.0017963 secs] [Times: user=0.01 sys=0.00, real=0.00 secs] 
59.994: [GC 59.994: [ParNew
Desired survivor size 1343488 bytes, new threshold 4 (max 4)
- age   1:     433072 bytes,     433072 total
- age   2:     354528 bytes,     787600 total
- age   3:      94416 bytes,     882016 total
- age   4:     124048 bytes,    1006064 total
: 16848K->987K(18624K), 0.0016799 secs] 48100K->32239K(83392K), 0.0017741 secs] [Times: user=0.00 sys=0.00, real=0.01 secs] 
60.007: [GC 60.007: [ParNew
Desired survivor size 1343488 bytes, new threshold 3 (max 4)
- age   1:     893120 bytes,     893120 total
- age   2:     411576 bytes,    1304696 total
- age   3:     354528 bytes,    1659224 total
- age   4:      94416 bytes,    1753640 total
: 16970K->1717K(18624K), 0.0024785 secs] 48222K->33091K(83392K), 0.0025967 secs] [Times: user=0.00 sys=0.00, real=0.00 secs] 
60.021: [GC 60.021: [ParNew
Desired survivor size 1343488 bytes, new threshold 4 (max 4)
- age   1:     143256 bytes,     143256 total
- age   2:     693304 bytes,     836560 total
- age   3:     411576 bytes,    1248136 total
: 17687K->1230K(18624K), 0.0025925 secs] 49061K->33042K(83392K), 0.0027336 secs] [Times: user=0.00 sys=0.00, real=0.00 secs] 
60.036: [GC 60.036: [ParNew
Desired survivor size 1343488 bytes, new threshold 4 (max 4)
- age   1:     400016 bytes,     400016 total
- age   2:      67968 bytes,     467984 total
- age   3:     497016 bytes,     965000 total
- age   4:     411576 bytes,    1376576 total
: 17136K->1347K(18624K), 0.0017687 secs] 48948K->33159K(83392K), 0.0018863 secs] [Times: user=0.01 sys=0.00, real=0.00 secs] 
60.049: [GC 60.049: [ParNew
Desired survivor size 1343488 bytes, new threshold 4 (max 4)
- age   1:     512448 bytes,     512448 total
- age   2:     322560 bytes,     835008 total
- age   3:      67968 bytes,     902976 total
- age   4:     446328 bytes,    1349304 total
: 17325K->1321K(18624K), 0.0020525 secs] 49137K->33133K(83392K), 0.0021737 secs] [Times: user=0.01 sys=0.00, real=0.00 secs] 
60.064: [GC 60.064: [ParNew
Desired survivor size 1343488 bytes, new threshold 4 (max 4)
- age   1:     276920 bytes,     276920 total
- age   2:     171392 bytes,     448312 total
- age   3:     322560 bytes,     770872 total
- age   4:      67968 bytes,     838840 total
: 17301K->822K(18624K), 0.0016069 secs] 49113K->33070K(83392K), 0.0016928 secs] [Times: user=0.00 sys=0.00, real=0.01 secs] 
60.077: [GC 60.078: [ParNew
Desired survivor size 1343488 bytes, new threshold 4 (max 4)
- age   1:     292952 bytes,     292952 total
- age   2:     201520 bytes,     494472 total
- age   3:     171392 bytes,     665864 total
: 16786K->653K(18624K), 0.0014056 secs] 49034K->32967K(83392K), 0.0014958 secs] [Times: user=0.00 sys=0.00, real=0.00 secs] 
60.091: [GC 60.091: [ParNew
Desired survivor size 1343488 bytes, new threshold 1 (max 4)
- age   1:    1512544 bytes,    1512544 total
- age   2:     131128 bytes,    1643672 total
- age   3:      82952 bytes,    1726624 total
- age   4:     171392 bytes,    1898016 total
: 16631K->1856K(18624K), 0.0023865 secs] 48945K->34171K(83392K), 0.0024846 secs] [Times: user=0.00 sys=0.00, real=0.00 secs] 
60.104: [GC 60.104: [ParNew
Desired survivor size 1343488 bytes, new threshold 4 (max 4)
- age   1:     511072 bytes,     511072 total
: 17855K->502K(18624K), 0.0026568 secs] 50170K->34377K(83392K), 0.0027652 secs] [Times: user=0.00 sys=0.00, real=0.01 secs] 
60.110: [GC [1 CMS-initial-mark: 33875K(64768K)] 36695K(83392K), 0.0007709 secs] [Times: user=0.00 sys=0.00, real=0.00 secs] 
60.111: [CMS-concurrent-mark-start]
60.124: [GC 60.124: [ParNew
Desired survivor size 1343488 bytes, new threshold 2 (max 4)
- age   1:    1123072 bytes,    1123072 total
- age   2:     406960 bytes,    1530032 total
: 16486K->1497K(18624K), 0.0018268 secs] 50361K->35372K(83392K), 0.0019145 secs] [Times: user=0.00 sys=0.00, real=0.01 secs] 
60.138: [GC 60.138: [ParNew
Desired survivor size 1343488 bytes, new threshold 4 (max 4)
- age   1:     236320 bytes,     236320 total
- age   2:    1039352 bytes,    1275672 total
: 17467K->1248K(18624K), 0.0020234 secs] 51342K->35178K(83392K), 0.0021367 secs] [Times: user=0.00 sys=0.01, real=0.00 secs] 
60.153: [GC 60.154: [ParNew
Desired survivor size 1343488 bytes, new threshold 3 (max 4)
- age   1:     634664 bytes,     634664 total
- age   2:     191136 bytes,     825800 total
- age   3:    1039352 bytes,    1865152 total
: 17245K->1824K(18624K), 0.0023519 secs] 51175K->35754K(83392K), 0.0024532 secs] [Times: user=0.01 sys=0.00, real=0.01 secs] 
60.169: [GC 60.169: [ParNew
Desired survivor size 1343488 bytes, new threshold 4 (max 4)
- age   1:     382832 bytes,     382832 total
- age   2:     521096 bytes,     903928 total
: 17797K->884K(18624K), 0.0026054 secs] 51727K->35710K(83392K), 0.0027108 secs] [Times: user=0.00 sys=0.00, real=0.00 secs] 
60.187: [CMS-concurrent-mark: 0.064/0.076 secs] [Times: user=0.12 sys=0.01, real=0.08 secs] 
60.187: [CMS-concurrent-preclean-start]
60.187: [CMS-concurrent-preclean: 0.000/0.000 secs] [Times: user=0.00 sys=0.00, real=0.00 secs] 
60.187: [CMS-concurrent-abortable-preclean-start]
60.192: [GC 60.192: [ParNew
Desired survivor size 1343488 bytes, new threshold 3 (max 4)
- age   1:     643984 bytes,     643984 total
- age   2:     296400 bytes,     940384 total
- age   3:     521096 bytes,    1461480 total
: 16878K->1428K(18624K), 0.0025020 secs] 51704K->36254K(83392K), 0.0025933 secs] [Times: user=0.01 sys=0.00, real=0.01 secs] 
60.206: [GC 60.207: [ParNew
Desired survivor size 1343488 bytes, new threshold 4 (max 4)
- age   1:     424032 bytes,     424032 total
- age   2:     480616 bytes,     904648 total
- age   3:      60184 bytes,     964832 total
: 17369K->946K(18624K), 0.0022811 secs] 52195K->36281K(83392K), 0.0023810 secs] [Times: user=0.00 sys=0.00, real=0.00 secs] 
60.221: [GC 60.221: [ParNew
Desired survivor size 1343488 bytes, new threshold 3 (max 4)
- age   1:     535176 bytes,     535176 total
- age   2:     359800 bytes,     894976 total
- age   3:     480616 bytes,    1375592 total
- age   4:      60184 bytes,    1435776 total
: 16922K->1406K(18624K), 0.0019294 secs] 52257K->36741K(83392K), 0.0020244 secs] [Times: user=0.00 sys=0.00, real=0.00 secs] 
60.234: [GC 60.234: [ParNew
Desired survivor size 1343488 bytes, new threshold 4 (max 4)
- age   1:     323592 bytes,     323592 total
- age   2:     467304 bytes,     790896 total
- age   3:     359800 bytes,    1150696 total
: 17339K->1131K(18624K), 0.0028753 secs] 52674K->36994K(83392K), 0.0029975 secs] [Times: user=0.00 sys=0.00, real=0.01 secs] 
60.249: [GC 60.249: [ParNew
Desired survivor size 1343488 bytes, new threshold 3 (max 4)
- age   1:     858000 bytes,     858000 total
- age   2:     250968 bytes,    1108968 total
- age   3:     467304 bytes,    1576272 total
- age   4:     254072 bytes,    1830344 total
: 17107K->1790K(18624K), 0.0020903 secs] 52970K->37654K(83392K), 0.0021892 secs] [Times: user=0.01 sys=0.00, real=0.00 secs] 
60.266: [GC 60.267: [ParNew
Desired survivor size 1343488 bytes, new threshold 4 (max 4)
- age   1:     686296 bytes,     686296 total
- age   2:     247696 bytes,     933992 total
- age   3:     165928 bytes,    1099920 total
: 17743K->1076K(18624K), 0.0023586 secs] 53606K->37395K(83392K), 0.0024716 secs] [Times: user=0.00 sys=0.00, real=0.00 secs] 
60.281: [GC 60.281: [ParNew
Desired survivor size 1343488 bytes, new threshold 2 (max 4)
- age   1:     796216 bytes,     796216 total
- age   2:     601240 bytes,    1397456 total
- age   3:     247696 bytes,    1645152 total
- age   4:     165928 bytes,    1811080 total
: 17041K->1770K(18624K), 0.0025432 secs] 53360K->38090K(83392K), 0.0026614 secs] [Times: user=0.00 sys=0.00, real=0.00 secs] 
60.296: [GC 60.296: [ParNew
Desired survivor size 1343488 bytes, new threshold 4 (max 4)
- age   1:     411192 bytes,     411192 total
- age   2:     663232 bytes,    1074424 total
: 17755K->1053K(18624K), 0.0023878 secs] 54074K->38363K(83392K), 0.0024892 secs] [Times: user=0.01 sys=0.01, real=0.00 secs] 
60.311: [GC 60.311: [ParNew
Desired survivor size 1343488 bytes, new threshold 3 (max 4)
- age   1:     620848 bytes,     620848 total
- age   2:     248256 bytes,     869104 total
- age   3:     663232 bytes,    1532336 total
: 17047K->1499K(18624K), 0.0021735 secs] 54357K->38810K(83392K), 0.0022942 secs] [Times: user=0.00 sys=0.00, real=0.00 secs] 
60.324: [GC 60.324: [ParNew
Desired survivor size 1343488 bytes, new threshold 4 (max 4)
- age   1:     225288 bytes,     225288 total
- age   2:     566512 bytes,     791800 total
- age   3:     248256 bytes,    1040056 total
: 17444K->1019K(18624K), 0.0023923 secs] 54755K->38977K(83392K), 0.0024964 secs] [Times: user=0.00 sys=0.00, real=0.01 secs] 
60.340: [GC 60.340: [ParNew
Desired survivor size 1343488 bytes, new threshold 4 (max 4)
- age   1:     953416 bytes,     953416 total
- age   2:     108392 bytes,    1061808 total
- age   3:     266312 bytes,    1328120 total
- age   4:     248256 bytes,    1576376 total
: 17019K->1542K(18624K), 0.0021099 secs] 54977K->39500K(83392K), 0.0022187 secs] [Times: user=0.00 sys=0.00, real=0.00 secs] 
60.353: [GC 60.353: [ParNew
Desired survivor size 1343488 bytes, new threshold 2 (max 4)
- age   1:     571472 bytes,     571472 total
- age   2:     808744 bytes,    1380216 total
- age   3:     108392 bytes,    1488608 total
- age   4:     266312 bytes,    1754920 total
: 17525K->1717K(18624K), 0.0023910 secs] 55483K->39765K(83392K), 0.0025857 secs] [Times: user=0.01 sys=0.00, real=0.01 secs] 
60.373: [GC 60.373: [ParNew
Desired survivor size 1343488 bytes, new threshold 4 (max 4)
- age   1:     434184 bytes,     434184 total
- age   2:      60912 bytes,     495096 total
: 17706K->486K(18624K), 0.0036564 secs] 55754K->39656K(83392K), 0.0037464 secs] [Times: user=0.00 sys=0.00, real=0.01 secs] 
60.388: [GC 60.388: [ParNew
Desired survivor size 1343488 bytes, new threshold 4 (max 4)
- age   1:     342376 bytes,     342376 total
- age   2:     284072 bytes,     626448 total
- age   3:      60912 bytes,     687360 total
: 16449K->676K(18624K), 0.0019481 secs] 55618K->39846K(83392K), 0.0020352 secs] [Times: user=0.01 sys=0.00, real=0.00 secs] 
60.402: [GC 60.402: [ParNew
Desired survivor size 1343488 bytes, new threshold 4 (max 4)
- age   1:     365744 bytes,     365744 total
- age   2:     157696 bytes,     523440 total
- age   3:     284072 bytes,     807512 total
- age   4:      60912 bytes,     868424 total
: 16662K->852K(18624K), 0.0015617 secs] 55832K->40022K(83392K), 0.0016406 secs] [Times: user=0.01 sys=0.00, real=0.00 secs] 
60.416: [GC 60.416: [ParNew
Desired survivor size 1343488 bytes, new threshold 4 (max 4)
- age   1:     526352 bytes,     526352 total
- age   2:     253736 bytes,     780088 total
- age   3:     157696 bytes,     937784 total
- age   4:     284072 bytes,    1221856 total
: 16852K->1198K(18624K), 0.0016965 secs] 56021K->40428K(83392K), 0.0018221 secs] [Times: user=0.00 sys=0.00, real=0.00 secs] 
60.430: [GC 60.430: [ParNew
Desired survivor size 1343488 bytes, new threshold 4 (max 4)
- age   1:     872864 bytes,     872864 total
- age   2:     116880 bytes,     989744 total
- age   3:     253736 bytes,    1243480 total
- age   4:     157696 bytes,    1401176 total
: 17197K->1379K(18624K), 0.0024229 secs] 56426K->40886K(83392K), 0.0025202 secs] [Times: user=0.00 sys=0.00, real=0.00 secs] 
60.448: [GC 60.448: [ParNew
Desired survivor size 1343488 bytes, new threshold 2 (max 4)
- age   1:     595120 bytes,     595120 total
- age   2:     749488 bytes,    1344608 total
- age   3:     116880 bytes,    1461488 total
- age   4:     167352 bytes,    1628840 total
: 17374K->1593K(18624K), 0.0021490 secs] 56881K->41128K(83392K), 0.0022708 secs] [Times: user=0.00 sys=0.01, real=0.00 secs] 
60.461: [GC 60.462: [ParNew
Desired survivor size 1343488 bytes, new threshold 4 (max 4)
- age   1:     621544 bytes,     621544 total
- age   2:     338768 bytes,     960312 total
: 17531K->943K(18624K), 0.0023178 secs] 57066K->41487K(83392K), 0.0024321 secs] [Times: user=0.01 sys=0.00, real=0.00 secs] 
60.479: [GC 60.479: [ParNew
Desired survivor size 1343488 bytes, new threshold 4 (max 4)
- age   1:     285152 bytes,     285152 total
- age   2:     348240 bytes,     633392 total
- age   3:     254288 bytes,     887680 total
: 16940K->869K(18624K), 0.0016434 secs] 57484K->41413K(83392K), 0.0018088 secs] [Times: user=0.00 sys=0.00, real=0.00 secs] 
60.494: [GC 60.494: [ParNew
Desired survivor size 1343488 bytes, new threshold 4 (max 4)
- age   1:     321584 bytes,     321584 total
- age   2:     231296 bytes,     552880 total
- age   3:     348240 bytes,     901120 total
- age   4:      96832 bytes,     997952 total
: 16869K->978K(18624K), 0.0016393 secs] 57413K->41522K(83392K), 0.0017325 secs] [Times: user=0.01 sys=0.00, real=0.01 secs] 
60.508: [GC 60.508: [ParNew
Desired survivor size 1343488 bytes, new threshold 4 (max 4)
- age   1:     792808 bytes,     792808 total
- age   2:     320464 bytes,    1113272 total
- age   3:      10808 bytes,    1124080 total
- age   4:     121728 bytes,    1245808 total
: 16971K->1224K(18624K), 0.0058954 secs] 57515K->41862K(83392K), 0.0060119 secs] [Times: user=0.00 sys=0.00, real=0.00 secs] 
60.527: [GC 60.527: [ParNew
Desired survivor size 1343488 bytes, new threshold 3 (max 4)
- age   1:     511000 bytes,     511000 total
- age   2:     524840 bytes,    1035840 total
- age   3:     320464 bytes,    1356304 total
- age   4:      10808 bytes,    1367112 total
: 17198K->1350K(18624K), 0.0019285 secs] 57836K->42107K(83392K), 0.0020755 secs] [Times: user=0.00 sys=0.00, real=0.00 secs] 
60.541: [GC 60.541: [ParNew
Desired survivor size 1343488 bytes, new threshold 3 (max 4)
- age   1:     891856 bytes,     891856 total
- age   2:     168256 bytes,    1060112 total
- age   3:     307336 bytes,    1367448 total
: 17346K->1358K(18624K), 0.0022211 secs] 58103K->42341K(83392K), 0.0023243 secs] [Times: user=0.00 sys=0.00, real=0.00 secs] 
60.555: [GC 60.555: [ParNew
Desired survivor size 1343488 bytes, new threshold 4 (max 4)
- age   1:     185280 bytes,     185280 total
- age   2:     773712 bytes,     958992 total
- age   3:     168256 bytes,    1127248 total
: 17340K->1106K(18624K), 0.0017659 secs] 58323K->42389K(83392K), 0.0018555 secs] [Times: user=0.00 sys=0.00, real=0.00 secs] 
60.568: [GC 60.569: [ParNew
Desired survivor size 1343488 bytes, new threshold 4 (max 4)
- age   1:     409064 bytes,     409064 total
- age   2:     161024 bytes,     570088 total
- age   3:     663888 bytes,    1233976 total
- age   4:     168256 bytes,    1402232 total
: 17093K->1372K(18624K), 0.0020503 secs] 58376K->42655K(83392K), 0.0021867 secs] [Times: user=0.01 sys=0.00, real=0.00 secs] 
60.582: [GC 60.582: [ParNew
Desired survivor size 1343488 bytes, new threshold 4 (max 4)
- age   1:     529904 bytes,     529904 total
- age   2:     194368 bytes,     724272 total
- age   3:     161024 bytes,     885296 total
- age   4:     276248 bytes,    1161544 total
: 17339K->1137K(18624K), 0.0027961 secs] 58622K->42585K(83392K), 0.0029218 secs] [Times: user=0.00 sys=0.00, real=0.01 secs] 
60.597: [GC 60.597: [ParNew
Desired survivor size 1343488 bytes, new threshold 4 (max 4)
- age   1:     402064 bytes,     402064 total
- age   2:     248824 bytes,     650888 total
- age   3:     194368 bytes,     845256 total
- age   4:     161024 bytes,    1006280 total
: 17084K->986K(18624K), 0.0023487 secs] 58531K->42602K(83392K), 0.0024443 secs] [Times: user=0.00 sys=0.00, real=0.00 secs] 
60.610: [GC 60.610: [ParNew
Desired survivor size 1343488 bytes, new threshold 4 (max 4)
- age   1:     460152 bytes,     460152 total
- age   2:     369960 bytes,     830112 total
- age   3:     248824 bytes,    1078936 total
- age   4:     194368 bytes,    1273304 total
: 16948K->1247K(18624K), 0.0020113 secs] 58564K->43020K(83392K), 0.0021116 secs] [Times: user=0.00 sys=0.01, real=0.00 secs] 
60.624: [GC 60.624: [ParNew
Desired survivor size 1343488 bytes, new threshold 4 (max 4)
- age   1:     358360 bytes,     358360 total
- age   2:     382160 bytes,     740520 total
- age   3:     102248 bytes,     842768 total
- age   4:      80160 bytes,     922928 total
: 17128K->902K(18624K), 0.0025373 secs] 58901K->42865K(83392K), 0.0026482 secs] [Times: user=0.01 sys=0.00, real=0.01 secs] 
60.638: [GC 60.638: [ParNew
Desired survivor size 1343488 bytes, new threshold 4 (max 4)
- age   1:     495008 bytes,     495008 total
- age   2:     279376 bytes,     774384 total
- age   3:     382160 bytes,    1156544 total
- age   4:     102248 bytes,    1258792 total
: 16890K->1232K(18624K), 0.0021392 secs] 58853K->43245K(83392K), 0.0022382 secs] [Times: user=0.01 sys=0.00, real=0.00 secs] 
60.651: [GC 60.651: [ParNew
Desired survivor size 1343488 bytes, new threshold 4 (max 4)
- age   1:     556864 bytes,     556864 total
- age   2:     437808 bytes,     994672 total
- age   3:     279376 bytes,    1274048 total
- age   4:     382160 bytes,    1656208 total
: 17187K->1620K(18624K), 0.0024607 secs] 59200K->43733K(83392K), 0.0025450 secs] [Times: user=0.00 sys=0.00, real=0.00 secs] 
60.666: [GC 60.666: [ParNew
Desired survivor size 1343488 bytes, new threshold 4 (max 4)
- age   1:     352240 bytes,     352240 total
- age   2:     219664 bytes,     571904 total
- age   3:     356888 bytes,     928792 total
- age   4:     279376 bytes,    1208168 total
: 17477K->1182K(18624K), 0.0027634 secs] 59589K->43668K(83392K), 0.0029037 secs] [Times: user=0.00 sys=0.00, real=0.00 secs] 
60.680: [GC 60.681: [ParNew
Desired survivor size 1343488 bytes, new threshold 4 (max 4)
- age   1:     454192 bytes,     454192 total
- age   2:        704 bytes,     454896 total
- age   3:     219664 bytes,     674560 total
- age   4:     269984 bytes,     944544 total
: 17176K->925K(18624K), 0.0041386 secs] 59662K->43574K(83392K), 0.0042469 secs] [Times: user=0.01 sys=0.00, real=0.01 secs] 
60.699: [GC 60.699: [ParNew
Desired survivor size 1343488 bytes, new threshold 4 (max 4)
- age   1:     698872 bytes,     698872 total
- age   2:     291912 bytes,     990784 total
- age   3:        704 bytes,     991488 total
- age   4:     219664 bytes,    1211152 total
: 16925K->1185K(18624K), 0.0020296 secs] 59574K->43953K(83392K), 0.0021535 secs] [Times: user=0.00 sys=0.00, real=0.00 secs] 
60.714: [GC 60.714: [ParNew
Desired survivor size 1343488 bytes, new threshold 4 (max 4)
- age   1:     250616 bytes,     250616 total
- age   2:     496344 bytes,     746960 total
- age   3:     291872 bytes,    1038832 total
: 17144K->1019K(18624K), 0.0018525 secs] 59913K->44002K(83392K), 0.0019446 secs] [Times: user=0.01 sys=0.00, real=0.01 secs] 
60.728: [GC 60.728: [ParNew
Desired survivor size 1343488 bytes, new threshold 4 (max 4)
- age   1:     245600 bytes,     245600 total
- age   2:      14216 bytes,     259816 total
- age   3:     496344 bytes,     756160 total
- age   4:     291872 bytes,    1048032 total
: 17011K->1029K(18624K), 0.0017665 secs] 59994K->44012K(83392K), 0.0018900 secs] [Times: user=0.00 sys=0.00, real=0.00 secs] 
60.742: [GC 60.742: [ParNew
Desired survivor size 1343488 bytes, new threshold 4 (max 4)
- age   1:    1174448 bytes,    1174448 total
- age   2:      80896 bytes,    1255344 total
- age   3:      14216 bytes,    1269560 total
- age   4:     496344 bytes,    1765904 total
: 16994K->1739K(18624K), 0.0022101 secs] 59977K->44722K(83392K), 0.0023110 secs] [Times: user=0.00 sys=0.00, real=0.00 secs] 
60.756: [GC 60.756: [ParNew
Desired survivor size 1343488 bytes, new threshold 4 (max 4)
- age   1:     333200 bytes,     333200 total
- age   2:     885200 bytes,    1218400 total
- age   3:      80896 bytes,    1299296 total
- age   4:      14216 bytes,    1313512 total
: 17720K->1295K(18624K), 0.0030450 secs] 60703K->44763K(83392K), 0.0031422 secs] [Times: user=0.01 sys=0.00, real=0.00 secs] 
60.771: [GC 60.772: [ParNew
Desired survivor size 1343488 bytes, new threshold 4 (max 4)
- age   1:     390816 bytes,     390816 total
- age   2:     188184 bytes,     579000 total
- age   3:     629728 bytes,    1208728 total
- age   4:      62504 bytes,    1271232 total
: 17286K->1246K(18624K), 0.0042037 secs] 60754K->44728K(83392K), 0.0043080 secs] [Times: user=0.00 sys=0.00, real=0.01 secs] 
60.788: [GC 60.788: [ParNew
Desired survivor size 1343488 bytes, new threshold 4 (max 4)
- age   1:     608200 bytes,     608200 total
- age   2:     305768 bytes,     913968 total
- age   3:     188184 bytes,    1102152 total
- age   4:     450136 bytes,    1552288 total
: 17235K->1518K(18624K), 0.0023983 secs] 60716K->45005K(83392K), 0.0025142 secs] [Times: user=0.00 sys=0.00, real=0.00 secs] 
60.790: [CMS-concurrent-abortable-preclean: 0.036/0.603 secs] [Times: user=0.93 sys=0.04, real=0.60 secs] 
60.795: [GC[YG occupancy: 6695 K (18624 K)]60.795: [Rescan (parallel) , 0.0011237 secs]60.796: [weak refs processing, 0.0000164 secs] [1 CMS-remark: 43486K(64768K)] 50181K(83392K), 0.0012247 secs] [Times: user=0.00 sys=0.00, real=0.01 secs] 
60.796: [CMS-concurrent-sweep-start]
60.805: [GC 60.806: [ParNew
Desired survivor size 1343488 bytes, new threshold 4 (max 4)
- age   1:     297696 bytes,     297696 total
- age   2:     422880 bytes,     720576 total
- age   3:     180648 bytes,     901224 total
- age   4:     121280 bytes,    1022504 total
: 17518K->1000K(18624K), 0.0019259 secs] 59214K->43098K(83392K), 0.0020294 secs] [Times: user=0.00 sys=0.00, real=0.00 secs] 
60.809: [CMS-concurrent-sweep: 0.010/0.013 secs] [Times: user=0.02 sys=0.00, real=0.01 secs] 
60.809: [CMS-concurrent-reset-start]
60.811: [CMS-concurrent-reset: 0.001/0.001 secs] [Times: user=0.00 sys=0.00, real=0.00 secs] 
60.820: [GC 60.820: [ParNew
Desired survivor size 1343488 bytes, new threshold 4 (max 4)
- age   1:     596280 bytes,     596280 total
- age   2:     232264 bytes,     828544 total
- age   3:     422880 bytes,    1251424 total
- age   4:     180648 bytes,    1432072 total
: 16985K->1400K(18624K), 0.0019526 secs] 34285K->18818K(83392K), 0.0020471 secs] [Times: user=0.00 sys=0.00, real=0.00 secs] 
60.833: [GC 60.834: [ParNew
Desired survivor size 1343488 bytes, new threshold 4 (max 4)
- age   1:     820320 bytes,     820320 total
- age   2:     106024 bytes,     926344 total
- age   3:     232120 bytes,    1158464 total
- age   4:     422880 bytes,    1581344 total
: 17360K->1546K(18624K), 0.0023452 secs] 34778K->19118K(83392K), 0.0024836 secs] [Times: user=0.00 sys=0.00, real=0.01 secs] 
60.852: [GC 60.852: [ParNew
Desired survivor size 1343488 bytes, new threshold 4 (max 4)
- age   1:     314312 bytes,     314312 total
- age   2:     422568 bytes,     736880 total
- age   3:     106024 bytes,     842904 total
- age   4:     232080 bytes,    1074984 total
: 17538K->1052K(18624K), 0.0019013 secs] 35110K->19037K(83392K), 0.0019927 secs] [Times: user=0.00 sys=0.00, real=0.00 secs] 
60.867: [GC 60.867: [ParNew
Desired survivor size 1343488 bytes, new threshold 3 (max 4)
- age   1:     847848 bytes,     847848 total
- age   2:     313552 bytes,    1161400 total
- age   3:     252680 bytes,    1414080 total
- age   4:     106024 bytes,    1520104 total
: 17031K->1486K(18624K), 0.0020031 secs] 35016K->19619K(83392K), 0.0020982 secs] [Times: user=0.00 sys=0.00, real=0.00 secs] 
60.881: [GC 60.881: [ParNew
Desired survivor size 1343488 bytes, new threshold 3 (max 4)
- age   1:     417776 bytes,     417776 total
- age   2:     834720 bytes,    1252496 total
- age   3:     313552 bytes,    1566048 total
: 17464K->1534K(18624K), 0.0021250 secs] 35598K->20017K(83392K), 0.0022431 secs] [Times: user=0.01 sys=0.00, real=0.00 secs] 
60.896: [GC 60.896: [ParNew
Desired survivor size 1343488 bytes, new threshold 3 (max 4)
- age   1:     596120 bytes,     596120 total
- age   2:     250968 bytes,     847088 total
- age   3:     834680 bytes,    1681768 total
: 17519K->1651K(18624K), 0.0024341 secs] 36002K->20254K(83392K), 0.0025649 secs] [Times: user=0.00 sys=0.01, real=0.00 secs] 
60.912: [GC 60.913: [ParNew
Desired survivor size 1343488 bytes, new threshold 4 (max 4)
- age   1:     574992 bytes,     574992 total
- age   2:     421016 bytes,     996008 total
- age   3:     250968 bytes,    1246976 total
: 17630K->1220K(18624K), 0.0020031 secs] 36233K->20105K(83392K), 0.0021160 secs] [Times: user=0.00 sys=0.00, real=0.00 secs] 
60.927: [GC 60.927: [ParNew
Desired survivor size 1343488 bytes, new threshold 4 (max 4)
- age   1:     456040 bytes,     456040 total
- age   2:     416272 bytes,     872312 total
- age   3:     173976 bytes,    1046288 total
- age   4:     250968 bytes,    1297256 total
: 17156K->1269K(18624K), 0.0018246 secs] 36041K->20154K(83392K), 0.0019304 secs] [Times: user=0.00 sys=0.00, real=0.00 secs] 
60.941: [GC 60.941: [ParNew
Desired survivor size 1343488 bytes, new threshold 4 (max 4)
- age   1:     382480 bytes,     382480 total
- age   2:     324528 bytes,     707008 total
- age   3:     416272 bytes,    1123280 total
- age   4:      81296 bytes,    1204576 total
: 17235K->1178K(18624K), 0.0021584 secs] 36120K->20308K(83392K), 0.0022589 secs] [Times: user=0.01 sys=0.00, real=0.00 secs] 
60.958: [GC 60.958: [ParNew
Desired survivor size 1343488 bytes, new threshold 4 (max 4)
- age   1:     325608 bytes,     325608 total
- age   2:     330056 bytes,     655664 total
- age   3:     168624 bytes,     824288 total
- age   4:     242928 bytes,    1067216 total
: 17156K->1044K(18624K), 0.0029068 secs] 36286K->20254K(83392K), 0.0031465 secs] [Times: user=0.00 sys=0.00, real=0.00 secs] 
60.973: [GC 60.973: [ParNew
Desired survivor size 1343488 bytes, new threshold 4 (max 4)
- age   1:     578848 bytes,     578848 total
- age   2:     208400 bytes,     787248 total
- age   3:     292776 bytes,    1080024 total
- age   4:     168624 bytes,    1248648 total
: 17044K->1225K(18624K), 0.0020721 secs] 36253K->20672K(83392K), 0.0022168 secs] [Times: user=0.00 sys=0.00, real=0.01 secs] 
60.986: [GC 60.987: [ParNew
Desired survivor size 1343488 bytes, new threshold 4 (max 4)
- age   1:     624320 bytes,     624320 total
- age   2:     489064 bytes,    1113384 total
- age   3:      51792 bytes,    1165176 total
- age   4:     233152 bytes,    1398328 total
: 17212K->1369K(18624K), 0.0018963 secs] 36659K->20980K(83392K), 0.0020013 secs] [Times: user=0.00 sys=0.00, real=0.00 secs] 
61.000: [GC 61.000: [ParNew
Desired survivor size 1343488 bytes, new threshold 3 (max 4)
- age   1:     449536 bytes,     449536 total
- age   2:     562800 bytes,    1012336 total
- age   3:     451776 bytes,    1464112 total
- age   4:      51792 bytes,    1515904 total
: 17367K->1485K(18624K), 0.0025924 secs] 36978K->21324K(83392K), 0.0027188 secs] [Times: user=0.01 sys=0.00, real=0.00 secs] 
61.015: [GC 61.015: [ParNew
Desired survivor size 1343488 bytes, new threshold 4 (max 4)
- age   1:     359208 bytes,     359208 total
- age   2:     319656 bytes,     678864 total
- age   3:     324032 bytes,    1002896 total
: 17405K->990K(18624K), 0.0019496 secs] 37244K->21321K(83392K), 0.0020573 secs] [Times: user=0.00 sys=0.00, real=0.00 secs] 
61.029: [GC 61.029: [ParNew
Desired survivor size 1343488 bytes, new threshold 4 (max 4)
- age   1:     338232 bytes,     338232 total
- age   2:     314272 bytes,     652504 total
- age   3:     319656 bytes,     972160 total
- age   4:     324032 bytes,    1296192 total
: 16977K->1269K(18624K), 0.0018755 secs] 37308K->21599K(83392K), 0.0019858 secs] [Times: user=0.00 sys=0.00, real=0.00 secs] 
61.047: [GC 61.047: [ParNew
Desired survivor size 1343488 bytes, new threshold 4 (max 4)
- age   1:     239840 bytes,     239840 total
- age   2:     253080 bytes,     492920 total
- age   4:     189848 bytes,     682768 total
: 17269K->669K(18624K), 0.0015401 secs] 37599K->21316K(83392K), 0.0016353 secs] [Times: user=0.00 sys=0.00, real=0.00 secs] 
61.059: [GC 61.059: [ParNew
Desired survivor size 1343488 bytes, new threshold 4 (max 4)
- age   1:     228568 bytes,     228568 total
- age   2:      85256 bytes,     313824 total
- age   3:     253080 bytes,     566904 total
: 16646K->556K(18624K), 0.0015466 secs] 37293K->21325K(83392K), 0.0016424 secs] [Times: user=0.00 sys=0.00, real=0.00 secs] 
61.072: [GC 61.073: [ParNew
Desired survivor size 1343488 bytes, new threshold 4 (max 4)
- age   1:     496600 bytes,     496600 total
- age   2:      85440 bytes,     582040 total
- age   3:      85256 bytes,     667296 total
- age   4:     253080 bytes,     920376 total
: 16476K->901K(18624K), 0.0014531 secs] 37245K->21670K(83392K), 0.0015517 secs] [Times: user=0.00 sys=0.00, real=0.00 secs] 
61.086: [GC 61.086: [ParNew
Desired survivor size 1343488 bytes, new threshold 4 (max 4)
- age   1:     379784 bytes,     379784 total
- age   2:     416704 bytes,     796488 total
- age   3:      85440 bytes,     881928 total
- age   4:      85256 bytes,     967184 total
: 16892K->947K(18624K), 0.0017480 secs] 37661K->21963K(83392K), 0.0019500 secs] [Times: user=0.01 sys=0.00, real=0.00 secs] 
61.101: [GC 61.102: [ParNew
Desired survivor size 1343488 bytes, new threshold 4 (max 4)
- age   1:     225768 bytes,     225768 total
- age   2:     254656 bytes,     480424 total
- age   3:     149448 bytes,     629872 total
: 16847K->616K(18624K), 0.0022778 secs] 37864K->21715K(83392K), 0.0023734 secs] [Times: user=0.00 sys=0.00, real=0.00 secs] 
61.115: [GC 61.115: [ParNew
Desired survivor size 1343488 bytes, new threshold 4 (max 4)
- age   1:     463176 bytes,     463176 total
- age   2:       2848 bytes,     466024 total
- age   3:     254624 bytes,     720648 total
- age   4:     149448 bytes,     870096 total
: 16597K->852K(18624K), 0.0013630 secs] 37697K->21952K(83392K), 0.0014592 secs] [Times: user=0.00 sys=0.00, real=0.00 secs] 
61.132: [GC 61.132: [ParNew
Desired survivor size 1343488 bytes, new threshold 4 (max 4)
- age   1:     410976 bytes,     410976 total
- age   2:     145032 bytes,     556008 total
- age   3:       2816 bytes,     558824 total
- age   4:     254624 bytes,     813448 total
: 16822K->795K(18624K), 0.0014290 secs] 37921K->21974K(83392K), 0.0015309 secs] [Times: user=0.00 sys=0.00, real=0.00 secs] 
61.145: [GC 61.145: [ParNew
Desired survivor size 1343488 bytes, new threshold 4 (max 4)
- age   1:     272376 bytes,     272376 total
- age   2:     155856 bytes,     428232 total
- age   3:         32 bytes,     428264 total
- age   4:       2816 bytes,     431080 total
: 16792K->421K(18624K), 0.0015790 secs] 37970K->21849K(83392K), 0.0016848 secs] [Times: user=0.01 sys=0.00, real=0.00 secs] 
61.159: [GC 61.159: [ParNew
Desired survivor size 1343488 bytes, new threshold 4 (max 4)
- age   1:     822568 bytes,     822568 total
- age   2:      95144 bytes,     917712 total
- age   3:     155856 bytes,    1073568 total
: 16364K->1057K(18624K), 0.0015240 secs] 37792K->22488K(83392K), 0.0016188 secs] [Times: user=0.00 sys=0.00, real=0.00 secs] 
61.175: [GC 61.175: [ParNew
Desired survivor size 1343488 bytes, new threshold 4 (max 4)
- age   1:     276184 bytes,     276184 total
- age   2:     362968 bytes,     639152 total
- age   3:      95144 bytes,     734296 total
- age   4:     155856 bytes,     890152 total
: 17019K->874K(18624K), 0.0016897 secs] 38449K->22304K(83392K), 0.0017707 secs] [Times: user=0.00 sys=0.00, real=0.01 secs] 
61.189: [GC 61.189: [ParNew
Desired survivor size 1343488 bytes, new threshold 4 (max 4)
- age   1:     612632 bytes,     612632 total
- age   2:      62224 bytes,     674856 total
- age   3:     285512 bytes,     960368 total
- age   4:      95144 bytes,    1055512 total
: 16854K->1039K(18624K), 0.0014997 secs] 38284K->22622K(83392K), 0.0015961 secs] [Times: user=0.00 sys=0.00, real=0.00 secs] 
61.202: [GC 61.202: [ParNew
Desired survivor size 1343488 bytes, new threshold 4 (max 4)
- age   1:     159592 bytes,     159592 total
- age   2:     405760 bytes,     565352 total
- age   3:      62224 bytes,     627576 total
- age   4:     285512 bytes,     913088 total
: 17029K->895K(18624K), 0.0014229 secs] 38611K->22570K(83392K), 0.0015093 secs] [Times: user=0.00 sys=0.00, real=0.00 secs] 
61.216: [GC 61.217: [ParNew
Desired survivor size 1343488 bytes, new threshold 4 (max 4)
- age   1:     734344 bytes,     734344 total
- age   3:     244128 bytes,     978472 total
- age   4:      62224 bytes,    1040696 total
: 16895K->1019K(18624K), 0.0015774 secs] 38570K->22973K(83392K), 0.0016816 secs] [Times: user=0.00 sys=0.00, real=0.00 secs] 
61.230: [GC 61.230: [ParNew
Desired survivor size 1343488 bytes, new threshold 4 (max 4)
- age   1:     642784 bytes,     642784 total
- age   2:     618840 bytes,    1261624 total
- age   4:     244128 bytes,    1505752 total
: 16976K->1474K(18624K), 0.0019377 secs] 38930K->23428K(83392K), 0.0020385 secs] [Times: user=0.01 sys=0.00, real=0.00 secs] 
61.243: [GC 61.243: [ParNew
Desired survivor size 1343488 bytes, new threshold 3 (max 4)
- age   1:     405032 bytes,     405032 total
- age   2:     617472 bytes,    1022504 total
- age   3:     386616 bytes,    1409120 total
: 17427K->1379K(18624K), 0.0020509 secs] 39381K->23471K(83392K), 0.0021554 secs] [Times: user=0.01 sys=0.00, real=0.01 secs] 
61.257: [GC 61.257: [ParNew
Desired survivor size 1343488 bytes, new threshold 3 (max 4)
- age   1:    1014448 bytes,    1014448 total
- age   2:      78992 bytes,    1093440 total
- age   3:     617472 bytes,    1710912 total
: 17373K->1674K(18624K), 0.0019530 secs] 39465K->23940K(83392K), 0.0020473 secs] [Times: user=0.00 sys=0.00, real=0.00 secs] 
61.271: [GC 61.271: [ParNew
Desired survivor size 1343488 bytes, new threshold 4 (max 4)
- age   1:     563288 bytes,     563288 total
- age   2:     682104 bytes,    1245392 total
- age   3:      78992 bytes,    1324384 total
: 17662K->1296K(18624K), 0.0020731 secs] 39928K->23760K(83392K), 0.0021861 secs] [Times: user=0.00 sys=0.00, real=0.00 secs] 
61.285: [GC 61.285: [ParNew
Desired survivor size 1343488 bytes, new threshold 4 (max 4)
- age   1:     320232 bytes,     320232 total
- age   2:     364560 bytes,     684792 total
- age   3:     597328 bytes,    1282120 total
- age   4:      78992 bytes,    1361112 total
: 17294K->1332K(18624K), 0.0017880 secs] 39758K->23796K(83392K), 0.0019025 secs] [Times: user=0.01 sys=0.00, real=0.00 secs] 
61.299: [GC 61.299: [ParNew
Desired survivor size 1343488 bytes, new threshold 4 (max 4)
- age   1:     506544 bytes,     506544 total
- age   2:     259328 bytes,     765872 total
- age   3:     364560 bytes,    1130432 total
- age   4:     252072 bytes,    1382504 total
: 17226K->1353K(18624K), 0.0017762 secs] 39690K->23868K(83392K), 0.0018717 secs] [Times: user=0.00 sys=0.00, real=0.00 secs] 
61.315: [GC 61.315: [ParNew
Desired survivor size 1343488 bytes, new threshold 4 (max 4)
- age   1:     386824 bytes,     386824 total
- age   2:     257568 bytes,     644392 total
- age   4:         40 bytes,     644432 total
: 17335K->631K(18624K), 0.0027076 secs] 39849K->23309K(83392K), 0.0031352 secs] [Times: user=0.00 sys=0.00, real=0.00 secs] 
61.329: [GC 61.329: [ParNew
Desired survivor size 1343488 bytes, new threshold 4 (max 4)
- age   1:     154552 bytes,     154552 total
- age   2:     305168 bytes,     459720 total
- age   3:     124008 bytes,     583728 total
: 16615K->572K(18624K), 0.0013885 secs] 39293K->23250K(83392K), 0.0014792 secs] [Times: user=0.00 sys=0.00, real=0.00 secs] 
61.342: [GC 61.342: [ParNew
Desired survivor size 1343488 bytes, new threshold 4 (max 4)
- age   1:    1102672 bytes,    1102672 total
- age   2:      84640 bytes,    1187312 total
- age   3:      48128 bytes,    1235440 total
: 16567K->1209K(18624K), 0.0017282 secs] 39245K->23887K(83392K), 0.0018275 secs] [Times: user=0.00 sys=0.00, real=0.00 secs] 
61.356: [GC 61.356: [ParNew
Desired survivor size 1343488 bytes, new threshold 4 (max 4)
- age   1:     265040 bytes,     265040 total
- age   2:     423064 bytes,     688104 total
- age   3:      84640 bytes,     772744 total
- age   4:      48128 bytes,     820872 total
: 17190K->803K(18624K), 0.0014427 secs] 39868K->23481K(83392K), 0.0015444 secs] [Times: user=0.01 sys=0.00, real=0.00 secs] 
61.376: [GC 61.376: [ParNew
Desired survivor size 1343488 bytes, new threshold 4 (max 4)
- age   1:     443296 bytes,     443296 total
- age   2:       2944 bytes,     446240 total
- age   3:      63296 bytes,     509536 total
- age   4:      84640 bytes,     594176 total
: 16776K->583K(18624K), 0.0011373 secs] 39454K->23262K(83392K), 0.0012160 secs] [Times: user=0.00 sys=0.00, real=0.00 secs] 
61.390: [GC 61.390: [ParNew
Desired survivor size 1343488 bytes, new threshold 4 (max 4)
- age   1:     228664 bytes,     228664 total
- age   2:     367864 bytes,     596528 total
- age   3:       2816 bytes,     599344 total
- age   4:      63296 bytes,     662640 total
: 16568K->649K(18624K), 0.0013577 secs] 39247K->23411K(83392K), 0.0014538 secs] [Times: user=0.00 sys=0.00, real=0.00 secs] 
61.403: [GC 61.403: [ParNew
Desired survivor size 1343488 bytes, new threshold 4 (max 4)
- age   1:     271832 bytes,     271832 total
- age   2:       1824 bytes,     273656 total
- age   3:     266264 bytes,     539920 total
- age   4:       2816 bytes,     542736 total
: 16642K->534K(18624K), 0.0014478 secs] 39404K->23358K(83392K), 0.0015534 secs] [Times: user=0.00 sys=0.00, real=0.00 secs] 
61.417: [GC 61.417: [ParNew
Desired survivor size 1343488 bytes, new threshold 4 (max 4)
- age   1:     631880 bytes,     631880 total
- age   2:     110104 bytes,     741984 total
- age   3:       1824 bytes,     743808 total
- age   4:     266264 bytes,    1010072 total
: 16495K->992K(18624K), 0.0017633 secs] 39318K->23817K(83392K), 0.0018882 secs] [Times: user=0.00 sys=0.00, real=0.00 secs] 
61.432: [GC 61.432: [ParNew
Desired survivor size 1343488 bytes, new threshold 4 (max 4)
- age   1:     180608 bytes,     180608 total
- age   2:     348384 bytes,     528992 total
- age   4:       1824 bytes,     530816 total
: 16992K->536K(18624K), 0.0014485 secs] 39817K->23621K(83392K), 0.0016268 secs] [Times: user=0.00 sys=0.00, real=0.00 secs] 
61.445: [GC 61.445: [ParNew
Desired survivor size 1343488 bytes, new threshold 4 (max 4)
- age   1:     191152 bytes,     191152 total
- age   2:      85192 bytes,     276344 total
- age   3:     179024 bytes,     455368 total
: 16494K->448K(18624K), 0.0011251 secs] 39579K->23535K(83392K), 0.0012116 secs] [Times: user=0.00 sys=0.00, real=0.00 secs] 
61.458: [GC 61.459: [ParNew
Desired survivor size 1343488 bytes, new threshold 4 (max 4)
- age   1:     776672 bytes,     776672 total
- age   2:     148320 bytes,     924992 total
- age   3:      85192 bytes,    1010184 total
- age   4:     179024 bytes,    1189208 total
: 16422K->1166K(18624K), 0.0014801 secs] 39509K->24253K(83392K), 0.0015695 secs] [Times: user=0.00 sys=0.00, real=0.00 secs] 
61.473: [GC 61.474: [ParNew
Desired survivor size 1343488 bytes, new threshold 4 (max 4)
- age   1:     416680 bytes,     416680 total
- age   2:     386672 bytes,     803352 total
- age   3:     148320 bytes,     951672 total
- age   4:      85192 bytes,    1036864 total
: 17088K->1022K(18624K), 0.0015192 secs] 40175K->24284K(83392K), 0.0016183 secs] [Times: user=0.01 sys=0.00, real=0.01 secs] 
61.488: [GC 61.488: [ParNew
Desired survivor size 1343488 bytes, new threshold 4 (max 4)
- age   1:     483152 bytes,     483152 total
- age   3:     386672 bytes,     869824 total
- age   4:     148320 bytes,    1018144 total
: 16888K->997K(18624K), 0.0018304 secs] 40150K->24343K(83392K), 0.0019628 secs] [Times: user=0.01 sys=0.00, real=0.00 secs] 
61.500: [GC 61.500: [ParNew
Desired survivor size 1343488 bytes, new threshold 4 (max 4)
- age   1:     423920 bytes,     423920 total
- age   2:     153376 bytes,     577296 total
- age   4:     386672 bytes,     963968 total
: 16971K->945K(18624K), 0.0020109 secs] 40316K->24352K(83392K), 0.0021253 secs] [Times: user=0.00 sys=0.00, real=0.00 secs] 
61.517: [GC 61.518: [ParNew
Desired survivor size 1343488 bytes, new threshold 4 (max 4)
- age   1:    1094808 bytes,    1094808 total
: 16867K->1071K(18624K), 0.0032906 secs] 40274K->24855K(83392K), 0.0034132 secs] [Times: user=0.00 sys=0.00, real=0.00 secs] 
61.536: [GC 61.536: [ParNew
Desired survivor size 1343488 bytes, new threshold 4 (max 4)
- age   1:     416552 bytes,     416552 total
- age   2:     660088 bytes,    1076640 total
: 17018K->1052K(18624K), 0.0016067 secs] 40803K->24837K(83392K), 0.0016994 secs] [Times: user=0.00 sys=0.00, real=0.00 secs] 
61.550: [GC 61.550: [ParNew
Desired survivor size 1343488 bytes, new threshold 4 (max 4)
- age   1:     127928 bytes,     127928 total
- age   2:     387888 bytes,     515816 total
- age   3:     405016 bytes,     920832 total
: 17033K->899K(18624K), 0.0013744 secs] 40818K->24684K(83392K), 0.0014788 secs] [Times: user=0.00 sys=0.00, real=0.00 secs] 
61.569: [GC 61.569: [ParNew
Desired survivor size 1343488 bytes, new threshold 4 (max 4)
- age   1:     233184 bytes,     233184 total
- age   2:      44584 bytes,     277768 total
- age   3:       3344 bytes,     281112 total
- age   4:     404952 bytes,     686064 total
: 16882K->670K(18624K), 0.0012171 secs] 40666K->24455K(83392K), 0.0013260 secs] [Times: user=0.00 sys=0.00, real=0.00 secs] 
61.581: [GC 61.581: [ParNew
Desired survivor size 1343488 bytes, new threshold 4 (max 4)
- age   1:      99352 bytes,      99352 total
- age   2:     147384 bytes,     246736 total
- age   3:      44584 bytes,     291320 total
- age   4:       3344 bytes,     294664 total
: 16665K->292K(18624K), 0.0034734 secs] 40450K->24472K(83392K), 0.0036191 secs] [Times: user=0.00 sys=0.00, real=0.01 secs] 
61.599: [GC 61.599: [ParNew
Desired survivor size 1343488 bytes, new threshold 4 (max 4)
- age   1:     250480 bytes,     250480 total
- age   2:      45296 bytes,     295776 total
- age   3:     144056 bytes,     439832 total
- age   4:      44416 bytes,     484248 total
: 16280K->478K(18624K), 0.0014468 secs] 40460K->24661K(83392K), 0.0015485 secs] [Times: user=0.00 sys=0.00, real=0.00 secs] 
61.611: [GC 61.612: [ParNew
Desired survivor size 1343488 bytes, new threshold 4 (max 4)
- age   1:     244384 bytes,     244384 total
- age   2:     197568 bytes,     441952 total
- age   3:      45296 bytes,     487248 total
- age   4:       8360 bytes,     495608 total
: 16461K->491K(18624K), 0.0012393 secs] 40644K->24717K(83392K), 0.0013350 secs] [Times: user=0.00 sys=0.00, real=0.00 secs] 
61.626: [GC 61.627: [ParNew
Desired survivor size 1343488 bytes, new threshold 4 (max 4)
- age   1:     277040 bytes,     277040 total
- age   2:      57328 bytes,     334368 total
- age   3:      17928 bytes,     352296 total
- age   4:      45296 bytes,     397592 total
: 16477K->394K(18624K), 0.0009975 secs] 40703K->24628K(83392K), 0.0010749 secs] [Times: user=0.00 sys=0.00, real=0.00 secs] 
61.640: [GC 61.640: [ParNew
Desired survivor size 1343488 bytes, new threshold 4 (max 4)
- age   1:     329416 bytes,     329416 total
- age   2:       2936 bytes,     332352 total
- age   3:      57328 bytes,     389680 total
- age   4:       3144 bytes,     392824 total
: 16363K->388K(18624K), 0.0012696 secs] 40597K->24667K(83392K), 0.0013701 secs] [Times: user=0.00 sys=0.00, real=0.00 secs] 
61.654: [GC 61.654: [ParNew
Desired survivor size 1343488 bytes, new threshold 4 (max 4)
- age   1:     494672 bytes,     494672 total
- age   2:        520 bytes,     495192 total
- age   3:       2208 bytes,     497400 total
- age   4:      57328 bytes,     554728 total
: 16372K->544K(18624K), 0.0010730 secs] 40651K->24826K(83392K), 0.0011722 secs] [Times: user=0.00 sys=0.00, real=0.01 secs] 
61.666: [GC 61.667: [ParNew
Desired survivor size 1343488 bytes, new threshold 4 (max 4)
- age   1:     526768 bytes,     526768 total
- age   2:      48096 bytes,     574864 total
- age   3:        520 bytes,     575384 total
- age   4:       2120 bytes,     577504 total
: 16525K->566K(18624K), 0.0017969 secs] 40807K->24848K(83392K), 0.0019079 secs] [Times: user=0.01 sys=0.00, real=0.00 secs] 
61.680: [GC 61.680: [ParNew
Desired survivor size 1343488 bytes, new threshold 4 (max 4)
- age   1:     647360 bytes,     647360 total
- age   2:     173144 bytes,     820504 total
- age   3:       1760 bytes,     822264 total
- age   4:        520 bytes,     822784 total
: 16535K->804K(18624K), 0.0014366 secs] 40817K->25088K(83392K), 0.0015312 secs] [Times: user=0.01 sys=0.00, real=0.00 secs] 
61.694: [GC 61.694: [ParNew
Desired survivor size 1343488 bytes, new threshold 4 (max 4)
- age   1:     340592 bytes,     340592 total
- age   2:     438464 bytes,     779056 total
- age   4:       1760 bytes,     780816 total
: 16778K->766K(18624K), 0.0016017 secs] 41062K->25050K(83392K), 0.0016991 secs] [Times: user=0.00 sys=0.00, real=0.01 secs] 
61.709: [GC 61.709: [ParNew
Desired survivor size 1343488 bytes, new threshold 4 (max 4)
- age   1:     460336 bytes,     460336 total
- age   2:      59368 bytes,     519704 total
- age   3:      97848 bytes,     617552 total
: 16766K->609K(18624K), 0.0017074 secs] 41050K->24896K(83392K), 0.0017946 secs] [Times: user=0.00 sys=0.00, real=0.00 secs] 
61.724: [GC 61.724: [ParNew
Desired survivor size 1343488 bytes, new threshold 4 (max 4)
- age   1:     211704 bytes,     211704 total
- age   2:     413288 bytes,     624992 total
- age   3:         32 bytes,     625024 total
- age   4:      97848 bytes,     722872 total
: 16603K->717K(18624K), 0.0015522 secs] 40889K->25003K(83392K), 0.0016836 secs] [Times: user=0.00 sys=0.00, real=0.01 secs] 
61.737: [GC 61.737: [ParNew
Desired survivor size 1343488 bytes, new threshold 4 (max 4)
- age   1:     491512 bytes,     491512 total
- age   2:      57816 bytes,     549328 total
- age   3:     314488 bytes,     863816 total
: 16702K->849K(18624K), 0.0016813 secs] 40989K->25231K(83392K), 0.0017783 secs] [Times: user=0.01 sys=0.00, real=0.00 secs] 
61.751: [GC 61.751: [ParNew
Desired survivor size 1343488 bytes, new threshold 4 (max 4)
- age   1:     205520 bytes,     205520 total
- age   2:     395848 bytes,     601368 total
- age   3:      57816 bytes,     659184 total
- age   4:     171440 bytes,     830624 total
: 16799K->818K(18624K), 0.0016218 secs] 41181K->25200K(83392K), 0.0017816 secs] [Times: user=0.01 sys=0.00, real=0.00 secs] 
61.763: [GC 61.764: [ParNew
Desired survivor size 1343488 bytes, new threshold 4 (max 4)
- age   1:     420888 bytes,     420888 total
- age   2:      69480 bytes,     490368 total
- age   4:      57816 bytes,     548184 total
: 16816K->539K(18624K), 0.0013404 secs] 41198K->25088K(83392K), 0.0014353 secs] [Times: user=0.00 sys=0.00, real=0.01 secs] 
61.778: [GC 61.778: [ParNew
Desired survivor size 1343488 bytes, new threshold 4 (max 4)
- age   1:     435464 bytes,     435464 total
- age   2:     294440 bytes,     729904 total
- age   3:         40 bytes,     729944 total
: 16539K->717K(18624K), 0.0015536 secs] 41088K->25323K(83392K), 0.0016397 secs] [Times: user=0.00 sys=0.00, real=0.00 secs] 
61.792: [GC 61.792: [ParNew
Desired survivor size 1343488 bytes, new threshold 4 (max 4)
- age   1:     510352 bytes,     510352 total
- age   2:     435056 bytes,     945408 total
- age   3:     259304 bytes,    1204712 total
: 16685K->1177K(18624K), 0.0016601 secs] 41291K->25783K(83392K), 0.0017486 secs] [Times: user=0.00 sys=0.00, real=0.00 secs] 
61.804: [GC 61.805: [ParNew
Desired survivor size 1343488 bytes, new threshold 4 (max 4)
- age   1:     466336 bytes,     466336 total
- age   2:     465168 bytes,     931504 total
- age   3:       1840 bytes,     933344 total
- age   4:     259304 bytes,    1192648 total
: 17147K->1168K(18624K), 0.0018982 secs] 41753K->25774K(83392K), 0.0019821 secs] [Times: user=0.01 sys=0.00, real=0.01 secs] 
61.819: [GC 61.819: [ParNew
Desired survivor size 1343488 bytes, new threshold 4 (max 4)
- age   1:     211120 bytes,     211120 total
- age   2:     174944 bytes,     386064 total
- age   3:     465168 bytes,     851232 total
- age   4:       1840 bytes,     853072 total
: 17130K->839K(18624K), 0.0020737 secs] 41736K->25445K(83392K), 0.0021832 secs] [Times: user=0.00 sys=0.00, real=0.00 secs] 
61.832: [GC 61.832: [ParNew
Desired survivor size 1343488 bytes, new threshold 4 (max 4)
- age   1:     349008 bytes,     349008 total
- age   2:     130752 bytes,     479760 total
- age   4:     160312 bytes,     640072 total
: 16814K->628K(18624K), 0.0013904 secs] 41420K->25236K(83392K), 0.0015023 secs] [Times: user=0.00 sys=0.00, real=0.00 secs] 
61.846: [GC 61.846: [ParNew
Desired survivor size 1343488 bytes, new threshold 4 (max 4)
- age   1:     345664 bytes,     345664 total
- age   2:     129776 bytes,     475440 total
- age   3:     130752 bytes,     606192 total
: 16618K->595K(18624K), 0.0012112 secs] 41226K->25307K(83392K), 0.0013016 secs] [Times: user=0.00 sys=0.00, real=0.00 secs] 
61.859: [GC 61.859: [ParNew
Desired survivor size 1343488 bytes, new threshold 4 (max 4)
- age   1:     232152 bytes,     232152 total
- age   2:     290240 bytes,     522392 total
- age   3:      45336 bytes,     567728 total
- age   4:     130752 bytes,     698480 total
: 16532K->686K(18624K), 0.0013773 secs] 41244K->25398K(83392K), 0.0014775 secs] [Times: user=0.00 sys=0.00, real=0.00 secs] 
61.876: [GC 61.876: [ParNew
Desired survivor size 1343488 bytes, new threshold 4 (max 4)
- age   1:     588208 bytes,     588208 total
- age   3:     109416 bytes,     697624 total
: 16677K->686K(18624K), 0.0015680 secs] 41389K->25397K(83392K), 0.0016758 secs] [Times: user=0.00 sys=0.00, real=0.00 secs] 
61.890: [GC 61.891: [ParNew
Desired survivor size 1343488 bytes, new threshold 4 (max 4)
- age   1:     173840 bytes,     173840 total
- age   2:     541288 bytes,     715128 total
- age   4:       7816 bytes,     722944 total
: 16657K->706K(18624K), 0.0013507 secs] 41369K->25418K(83392K), 0.0014485 secs] [Times: user=0.00 sys=0.00, real=0.00 secs] 
61.905: [GC 61.905: [ParNew
Desired survivor size 1343488 bytes, new threshold 4 (max 4)
- age   1:     511896 bytes,     511896 total
- age   2:     121520 bytes,     633416 total
- age   3:     225592 bytes,     859008 total
: 16671K->850K(18624K), 0.0016377 secs] 41382K->25569K(83392K), 0.0017259 secs] [Times: user=0.00 sys=0.00, real=0.00 secs] 
61.918: [GC 61.918: [ParNew
Desired survivor size 1343488 bytes, new threshold 4 (max 4)
- age   1:     328032 bytes,     328032 total
- age   2:     455432 bytes,     783464 total
- age   3:     121520 bytes,     904984 total
- age   4:       1216 bytes,     906200 total
: 16801K->889K(18624K), 0.0025261 secs] 41520K->25609K(83392K), 0.0026439 secs] [Times: user=0.00 sys=0.00, real=0.00 secs] 
61.933: [GC 61.933: [ParNew
Desired survivor size 1343488 bytes, new threshold 4 (max 4)
- age   1:     469360 bytes,     469360 total
- age   2:     258840 bytes,     728200 total
- age   4:     121520 bytes,     849720 total
: 16881K->835K(18624K), 0.0012531 secs] 41600K->25556K(83392K), 0.0013345 secs] [Times: user=0.00 sys=0.00, real=0.00 secs] 
61.948: [GC 61.948: [ParNew
Desired survivor size 1343488 bytes, new threshold 4 (max 4)
- age   1:     232768 bytes,     232768 total
- age   2:     400168 bytes,     632936 total
- age   3:     258840 bytes,     891776 total
: 16834K->874K(18624K), 0.0014702 secs] 41555K->25603K(83392K), 0.0015755 secs] [Times: user=0.01 sys=0.01, real=0.00 secs] 
61.961: [GC 61.961: [ParNew
Desired survivor size 1343488 bytes, new threshold 4 (max 4)
- age   1:     438304 bytes,     438304 total
- age   2:      37480 bytes,     475784 total
- age   3:     172520 bytes,     648304 total
- age   4:     258840 bytes,     907144 total
: 16835K->891K(18624K), 0.0016382 secs] 41563K->25619K(83392K), 0.0017367 secs] [Times: user=0.01 sys=0.00, real=0.00 secs] 
61.975: [GC 61.975: [ParNew
Desired survivor size 1343488 bytes, new threshold 4 (max 4)
- age   1:     239408 bytes,     239408 total
- age   2:     391464 bytes,     630872 total
- age   3:      37480 bytes,     668352 total
- age   4:     172520 bytes,     840872 total
: 16872K->823K(18624K), 0.0013686 secs] 41600K->25642K(83392K), 0.0014697 secs] [Times: user=0.00 sys=0.00, real=0.00 secs] 
61.991: [GC 61.991: [ParNew
Desired survivor size 1343488 bytes, new threshold 4 (max 4)
- age   1:     530112 bytes,     530112 total
- age   2:     106704 bytes,     636816 total
- age   4:      37480 bytes,     674296 total
: 16812K->662K(18624K), 0.0012045 secs] 41631K->25481K(83392K), 0.0013085 secs] [Times: user=0.00 sys=0.00, real=0.00 secs] 
62.003: [GC 62.003: [ParNew
Desired survivor size 1343488 bytes, new threshold 4 (max 4)
- age   1:     266936 bytes,     266936 total
- age   2:     282240 bytes,     549176 total
- age   3:     106704 bytes,     655880 total
: 16632K->644K(18624K), 0.0014083 secs] 41451K->25469K(83392K), 0.0015033 secs] [Times: user=0.00 sys=0.00, real=0.01 secs] 
62.018: [GC 62.018: [ParNew
Desired survivor size 1343488 bytes, new threshold 4 (max 4)
- age   1:     334336 bytes,     334336 total
- age   2:     157544 bytes,     491880 total
- age   3:      78680 bytes,     570560 total
- age   4:     106704 bytes,     677264 total
: 16633K->663K(18624K), 0.0011328 secs] 41458K->25488K(83392K), 0.0012124 secs] [Times: user=0.00 sys=0.00, real=0.00 secs] 
62.031: [GC 62.031: [ParNew
Desired survivor size 1343488 bytes, new threshold 4 (max 4)
- age   1:     240704 bytes,     240704 total
- age   2:     230248 bytes,     470952 total
- age   3:     157544 bytes,     628496 total
- age   4:      78680 bytes,     707176 total
: 16630K->692K(18624K), 0.0013432 secs] 41455K->25517K(83392K), 0.0014331 secs] [Times: user=0.00 sys=0.00, real=0.00 secs] 
62.045: [GC 62.045: [ParNew
Desired survivor size 1343488 bytes, new threshold 4 (max 4)
- age   1:     266320 bytes,     266320 total
- age   2:      46824 bytes,     313144 total
- age   3:     230216 bytes,     543360 total
- age   4:       1368 bytes,     544728 total
: 16660K->533K(18624K), 0.0012272 secs] 41485K->25359K(83392K), 0.0014161 secs] [Times: user=0.00 sys=0.00, real=0.00 secs] 
62.058: [GC 62.058: [ParNew
Desired survivor size 1343488 bytes, new threshold 4 (max 4)
- age   1:     323408 bytes,     323408 total
- age   2:      82016 bytes,     405424 total
- age   4:     230216 bytes,     635640 total
: 16512K->623K(18624K), 0.0013533 secs] 41337K->25450K(83392K), 0.0015041 secs] [Times: user=0.00 sys=0.00, real=0.00 secs] 
62.072: [GC 62.072: [ParNew
Desired survivor size 1343488 bytes, new threshold 4 (max 4)
- age   1:     231720 bytes,     231720 total
- age   2:     189024 bytes,     420744 total
- age   3:      81224 bytes,     501968 total
: 16623K->493K(18624K), 0.0013381 secs] 41450K->25403K(83392K), 0.0014268 secs] [Times: user=0.01 sys=0.00, real=0.00 secs] 
62.084: [GC 62.085: [ParNew
Desired survivor size 1343488 bytes, new threshold 4 (max 4)
- age   1:     348552 bytes,     348552 total
- age   2:     159088 bytes,     507640 total
- age   3:      82960 bytes,     590600 total
- age   4:         40 bytes,     590640 total
: 16453K->578K(18624K), 0.0015517 secs] 41363K->25488K(83392K), 0.0016537 secs] [Times: user=0.01 sys=0.00, real=0.01 secs] 
62.099: [GC 62.099: [ParNew
Desired survivor size 1343488 bytes, new threshold 4 (max 4)
- age   1:     424080 bytes,     424080 total
- age   2:     264736 bytes,     688816 total
- age   3:       4144 bytes,     692960 total
: 16525K->678K(18624K), 0.0012763 secs] 41435K->25588K(83392K), 0.0013770 secs] [Times: user=0.01 sys=0.00, real=0.00 secs] 
62.112: [GC 62.112: [ParNew
Desired survivor size 1343488 bytes, new threshold 4 (max 4)
- age   1:     323272 bytes,     323272 total
- age   3:     264736 bytes,     588008 total
- age   4:       4144 bytes,     592152 total
: 16619K->581K(18624K), 0.0012366 secs] 41529K->25491K(83392K), 0.0013247 secs] [Times: user=0.00 sys=0.00, real=0.00 secs] 
62.125: [GC 62.125: [ParNew
Desired survivor size 1343488 bytes, new threshold 4 (max 4)
- age   1:     535872 bytes,     535872 total
- age   2:      86456 bytes,     622328 total
- age   4:     264736 bytes,     887064 total
: 16551K->869K(18624K), 0.0034043 secs] 41461K->25783K(83392K), 0.0035174 secs] [Times: user=0.00 sys=0.00, real=0.00 secs] 
62.142: [GC 62.142: [ParNew
Desired survivor size 1343488 bytes, new threshold 4 (max 4)
- age   1:     118344 bytes,     118344 total
- age   2:     424088 bytes,     542432 total
: 16760K->532K(18624K), 0.0038062 secs] 41674K->25599K(83392K), 0.0039336 secs] [Times: user=0.01 sys=0.00, real=0.01 secs] 
62.159: [GC 62.159: [ParNew
Desired survivor size 1343488 bytes, new threshold 4 (max 4)
- age   1:     602144 bytes,     602144 total
- age   2:      58488 bytes,     660632 total
- age   3:     338664 bytes,     999296 total
: 16463K->977K(18624K), 0.0014895 secs] 41529K->26043K(83392K), 0.0015912 secs] [Times: user=0.00 sys=0.00, real=0.00 secs] 
62.175: [GC 62.175: [ParNew
Desired survivor size 1343488 bytes, new threshold 4 (max 4)
- age   1:     382008 bytes,     382008 total
- age   2:     299320 bytes,     681328 total
- age   3:      58488 bytes,     739816 total
- age   4:     338664 bytes,    1078480 total
: 16977K->1055K(18624K), 0.0014882 secs] 42043K->26122K(83392K), 0.0015976 secs] [Times: user=0.00 sys=0.00, real=0.00 secs] 
62.192: [GC 62.192: [ParNew
Desired survivor size 1343488 bytes, new threshold 4 (max 4)
- age   1:     204392 bytes,     204392 total
- age   2:     209168 bytes,     413560 total
- age   3:      83008 bytes,     496568 total
- age   4:      58488 bytes,     555056 total
: 17051K->547K(18624K), 0.0014192 secs] 42117K->25944K(83392K), 0.0015218 secs] [Times: user=0.01 sys=0.00, real=0.00 secs] 
62.206: [GC 62.206: [ParNew
Desired survivor size 1343488 bytes, new threshold 4 (max 4)
- age   1:     187240 bytes,     187240 total
- age   2:       8504 bytes,     195744 total
- age   3:     209168 bytes,     404912 total
- age   4:      83008 bytes,     487920 total
: 16540K->484K(18624K), 0.0013705 secs] 41937K->25938K(83392K), 0.0014416 secs] [Times: user=0.00 sys=0.00, real=0.00 secs] 
62.218: [GC 62.218: [ParNew
Desired survivor size 1343488 bytes, new threshold 4 (max 4)
- age   1:     389088 bytes,     389088 total
- age   2:      20584 bytes,     409672 total
- age   3:       8504 bytes,     418176 total
- age   4:     208736 bytes,     626912 total
: 16470K->623K(18624K), 0.0021238 secs] 41924K->26158K(83392K), 0.0022189 secs] [Times: user=0.00 sys=0.00, real=0.00 secs] 
62.238: [GC 62.238: [ParNew
Desired survivor size 1343488 bytes, new threshold 4 (max 4)
- age   1:     279552 bytes,     279552 total
- age   2:      85104 bytes,     364656 total
- age   3:      20584 bytes,     385240 total
- age   4:       8504 bytes,     393744 total
: 16594K->396K(18624K), 0.0012689 secs] 42129K->26135K(83392K), 0.0013678 secs] [Times: user=0.01 sys=0.00, real=0.00 secs] 
62.250: [GC 62.250: [ParNew
Desired survivor size 1343488 bytes, new threshold 4 (max 4)
- age   1:     215416 bytes,     215416 total
- age   2:     158248 bytes,     373664 total
- age   3:      85104 bytes,     458768 total
- age   4:      20584 bytes,     479352 total
: 16380K->487K(18624K), 0.0013000 secs] 42119K->26234K(83392K), 0.0014037 secs] [Times: user=0.00 sys=0.00, real=0.00 secs] 
62.263: [GC 62.263: [ParNew
Desired survivor size 1343488 bytes, new threshold 4 (max 4)
- age   1:     435160 bytes,     435160 total
- age   2:     168496 bytes,     603656 total
- age   3:     158064 bytes,     761720 total
- age   4:      85104 bytes,     846824 total
: 16487K->845K(18624K), 0.0015774 secs] 42234K->26612K(83392K), 0.0016892 secs] [Times: user=0.00 sys=0.00, real=0.01 secs] 
62.276: [GC 62.277: [ParNew
Desired survivor size 1343488 bytes, new threshold 4 (max 4)
- age   1:     308232 bytes,     308232 total
- age   2:     349816 bytes,     658048 total
- age   3:     125488 bytes,     783536 total
- age   4:      11032 bytes,     794568 total
: 16820K->781K(18624K), 0.0015071 secs] 42587K->26631K(83392K), 0.0016034 secs] [Times: user=0.00 sys=0.00, real=0.00 secs] 
62.294: [GC 62.294: [ParNew
Desired survivor size 1343488 bytes, new threshold 4 (max 4)
- age   1:     204136 bytes,     204136 total
- age   2:     160824 bytes,     364960 total
- age   3:     349816 bytes,     714776 total
- age   4:      19904 bytes,     734680 total
: 16739K->725K(18624K), 0.0012028 secs] 42590K->26586K(83392K), 0.0013118 secs] [Times: user=0.00 sys=0.00, real=0.01 secs] 
62.307: [GC 62.308: [ParNew
Desired survivor size 1343488 bytes, new threshold 4 (max 4)
- age   1:     147120 bytes,     147120 total
- age   2:       2448 bytes,     149568 total
- age   3:     160824 bytes,     310392 total
- age   4:     349776 bytes,     660168 total
: 16720K->647K(18624K), 0.0013919 secs] 42581K->26528K(83392K), 0.0014818 secs] [Times: user=0.00 sys=0.00, real=0.00 secs] 
62.321: [GC 62.322: [ParNew
Desired survivor size 1343488 bytes, new threshold 4 (max 4)
- age   1:     391312 bytes,     391312 total
- age   2:      86912 bytes,     478224 total
- age   3:       2448 bytes,     480672 total
- age   4:      84912 bytes,     565584 total
: 16535K->563K(18624K), 0.0014280 secs] 42416K->26664K(83392K), 0.0015105 secs] [Times: user=0.00 sys=0.00, real=0.00 secs] 
62.335: [GC 62.336: [ParNew
Desired survivor size 1343488 bytes, new threshold 4 (max 4)
- age   1:     135104 bytes,     135104 total
- age   2:     207728 bytes,     342832 total
- age   3:      72696 bytes,     415528 total
- age   4:       2448 bytes,     417976 total
: 16557K->411K(18624K), 0.0013584 secs] 42657K->26595K(83392K), 0.0014730 secs] [Times: user=0.00 sys=0.00, real=0.00 secs] 
62.348: [GC 62.348: [ParNew
Desired survivor size 1343488 bytes, new threshold 4 (max 4)
- age   1:     226920 bytes,     226920 total
- age   2:      51608 bytes,     278528 total
- age   3:     207728 bytes,     486256 total
- age   4:      72696 bytes,     558952 total
: 16356K->557K(18624K), 0.0015743 secs] 42539K->26743K(83392K), 0.0016787 secs] [Times: user=0.00 sys=0.00, real=0.00 secs] 
62.361: [GC 62.361: [ParNew
Desired survivor size 1343488 bytes, new threshold 4 (max 4)
- age   1:     269856 bytes,     269856 total
- age   2:     166216 bytes,     436072 total
- age   3:       5176 bytes,     441248 total
- age   4:     131400 bytes,     572648 total
: 16549K->566K(18624K), 0.0013376 secs] 42735K->26823K(83392K), 0.0014384 secs] [Times: user=0.01 sys=0.01, real=0.00 secs] 
62.374: [GC 62.374: [ParNew
Desired survivor size 1343488 bytes, new threshold 4 (max 4)
- age   1:     133872 bytes,     133872 total
- age   2:     110904 bytes,     244776 total
- age   3:     102984 bytes,     347760 total
- age   4:       5176 bytes,     352936 total
: 16552K->350K(18624K), 0.0012556 secs] 42809K->26734K(83392K), 0.0013923 secs] [Times: user=0.00 sys=0.00, real=0.01 secs] 
62.386: [GC 62.386: [ParNew
Desired survivor size 1343488 bytes, new threshold 4 (max 4)
- age   1:     660576 bytes,     660576 total
- age   2:      76592 bytes,     737168 total
- age   3:     110904 bytes,     848072 total
- age   4:     102984 bytes,     951056 total
: 16317K->932K(18624K), 0.0015050 secs] 42701K->27321K(83392K), 0.0016031 secs] [Times: user=0.00 sys=0.00, real=0.00 secs] 
62.399: [GC 62.399: [ParNew
Desired survivor size 1343488 bytes, new threshold 4 (max 4)
- age   1:     635880 bytes,     635880 total
- age   2:     380344 bytes,    1016224 total
- age   3:      27104 bytes,    1043328 total
- age   4:      26512 bytes,    1069840 total
: 16847K->1048K(18624K), 0.0018084 secs] 43237K->27467K(83392K), 0.0019336 secs] [Times: user=0.00 sys=0.00, real=0.00 secs] 
62.413: [GC 62.413: [ParNew
Desired survivor size 1343488 bytes, new threshold 4 (max 4)
- age   1:     202248 bytes,     202248 total
- age   2:     427448 bytes,     629696 total
- age   3:     284080 bytes,     913776 total
- age   4:      27104 bytes,     940880 total
: 17035K->922K(18624K), 0.0014797 secs] 43454K->27367K(83392K), 0.0015734 secs] [Times: user=0.00 sys=0.00, real=0.00 secs] 
62.427: [GC 62.427: [ParNew
Desired survivor size 1343488 bytes, new threshold 4 (max 4)
- age   1:     458448 bytes,     458448 total
- age   2:     144840 bytes,     603288 total
- age   3:     109624 bytes,     712912 total
- age   4:     284080 bytes,     996992 total
: 16885K->977K(18624K), 0.0014147 secs] 43330K->27448K(83392K), 0.0015038 secs] [Times: user=0.00 sys=0.00, real=0.00 secs] 
62.440: [GC 62.440: [ParNew
Desired survivor size 1343488 bytes, new threshold 4 (max 4)
- age   1:     344184 bytes,     344184 total
- age   2:     313184 bytes,     657368 total
- age   3:      66456 bytes,     723824 total
- age   4:      82648 bytes,     806472 total
: 16964K->791K(18624K), 0.0019556 secs] 43435K->27539K(83392K), 0.0021399 secs] [Times: user=0.01 sys=0.00, real=0.00 secs] 
62.454: [GC 62.454: [ParNew
Desired survivor size 1343488 bytes, new threshold 4 (max 4)
- age   1:     548128 bytes,     548128 total
- age   2:     201040 bytes,     749168 total
- age   3:      52744 bytes,     801912 total
- age   4:      66456 bytes,     868368 total
: 16778K->851K(18624K), 0.0014417 secs] 43527K->27681K(83392K), 0.0015522 secs] [Times: user=0.01 sys=0.00, real=0.01 secs] 
62.468: [GC 62.469: [ParNew
Desired survivor size 1343488 bytes, new threshold 4 (max 4)
- age   1:    1166536 bytes,    1166536 total
- age   3:      53936 bytes,    1220472 total
- age   4:      52744 bytes,    1273216 total
: 16839K->1246K(18624K), 0.0040471 secs] 43668K->28076K(83392K), 0.0041369 secs] [Times: user=0.00 sys=0.00, real=0.00 secs] 
62.483: [GC 62.483: [ParNew
Desired survivor size 1343488 bytes, new threshold 4 (max 4)
- age   1:     461720 bytes,     461720 total
- age   2:     803520 bytes,    1265240 total
- age   4:      53936 bytes,    1319176 total
: 17224K->1291K(18624K), 0.0019292 secs] 44053K->28172K(83392K), 0.0020366 secs] [Times: user=0.00 sys=0.00, real=0.01 secs] 
62.497: [GC 62.497: [ParNew
Desired survivor size 1343488 bytes, new threshold 3 (max 4)
- age   1:     655328 bytes,     655328 total
- age   2:     225784 bytes,     881112 total
- age   3:     528616 bytes,    1409728 total
: 17266K->1380K(18624K), 0.0023080 secs] 44147K->28314K(83392K), 0.0024236 secs] [Times: user=0.00 sys=0.00, real=0.00 secs] 
62.512: [GC 62.512: [ParNew
Desired survivor size 1343488 bytes, new threshold 4 (max 4)
- age   1:     181760 bytes,     181760 total
- age   2:     577048 bytes,     758808 total
- age   3:     225784 bytes,     984592 total
: 17299K->965K(18624K), 0.0023962 secs] 44232K->28142K(83392K), 0.0024916 secs] [Times: user=0.01 sys=0.00, real=0.00 secs] 
62.531: [GC 62.531: [ParNew
Desired survivor size 1343488 bytes, new threshold 4 (max 4)
- age   1:     278112 bytes,     278112 total
- age   2:      75416 bytes,     353528 total
- age   3:     134408 bytes,     487936 total
- age   4:     150528 bytes,     638464 total
: 16961K->624K(18624K), 0.0013033 secs] 44139K->27802K(83392K), 0.0013917 secs] [Times: user=0.01 sys=0.00, real=0.00 secs] 
62.545: [GC 62.545: [ParNew
Desired survivor size 1343488 bytes, new threshold 4 (max 4)
- age   1:     563336 bytes,     563336 total
- age   2:     182352 bytes,     745688 total
- age   4:     134376 bytes,     880064 total
: 16521K->862K(18624K), 0.0016624 secs] 43698K->28187K(83392K), 0.0017810 secs] [Times: user=0.00 sys=0.00, real=0.00 secs] 
62.558: [GC 62.558: [ParNew
Desired survivor size 1343488 bytes, new threshold 4 (max 4)
- age   1:     285464 bytes,     285464 total
- age   2:     503696 bytes,     789160 total
- age   3:       1840 bytes,     791000 total
: 16844K->777K(18624K), 0.0016054 secs] 44169K->28233K(83392K), 0.0017018 secs] [Times: user=0.00 sys=0.00, real=0.00 secs] 
62.572: [GC 62.572: [ParNew
Desired survivor size 1343488 bytes, new threshold 4 (max 4)
- age   1:     403976 bytes,     403976 total
- age   3:     383488 bytes,     787464 total
- age   4:       1840 bytes,     789304 total
: 16736K->778K(18624K), 0.0013541 secs] 44192K->28234K(83392K), 0.0014397 secs] [Times: user=0.00 sys=0.00, real=0.00 secs] 
62.585: [GC 62.586: [ParNew
Desired survivor size 1343488 bytes, new threshold 4 (max 4)
- age   1:     528464 bytes,     528464 total
- age   2:     337600 bytes,     866064 total
- age   4:       5080 bytes,     871144 total
: 16772K->855K(18624K), 0.0014322 secs] 44227K->28312K(83392K), 0.0015605 secs] [Times: user=0.01 sys=0.00, real=0.00 secs] 
62.598: [GC 62.599: [ParNew
Desired survivor size 1343488 bytes, new threshold 4 (max 4)
- age   1:     572152 bytes,     572152 total
- age   2:     514608 bytes,    1086760 total
- age   3:      68112 bytes,    1154872 total
: 16852K->1132K(18624K), 0.0019437 secs] 44309K->28594K(83392K), 0.0020565 secs] [Times: user=0.01 sys=0.00, real=0.00 secs] 
62.612: [GC 62.612: [ParNew
Desired survivor size 1343488 bytes, new threshold 4 (max 4)
- age   1:     348336 bytes,     348336 total
- age   2:     374336 bytes,     722672 total
- age   3:     514608 bytes,    1237280 total
: 17107K->1210K(18624K), 0.0018231 secs] 44570K->28672K(83392K), 0.0019219 secs] [Times: user=0.00 sys=0.00, real=0.00 secs] 
62.626: [GC 62.626: [ParNew
Desired survivor size 1343488 bytes, new threshold 4 (max 4)
- age   1:     274664 bytes,     274664 total
- age   2:     250232 bytes,     524896 total
- age   3:     133600 bytes,     658496 total
- age   4:      88960 bytes,     747456 total
: 17204K->732K(18624K), 0.0012589 secs] 44666K->28194K(83392K), 0.0013887 secs] [Times: user=0.00 sys=0.00, real=0.00 secs] 
62.638: [GC 62.638: [ParNew
Desired survivor size 1343488 bytes, new threshold 4 (max 4)
- age   1:     427104 bytes,     427104 total
- age   2:     246664 bytes,     673768 total
- age   3:     110104 bytes,     783872 total
: 16713K->769K(18624K), 0.0017799 secs] 44175K->28318K(83392K), 0.0018765 secs] [Times: user=0.00 sys=0.00, real=0.00 secs] 
62.652: [GC 62.652: [ParNew
Desired survivor size 1343488 bytes, new threshold 4 (max 4)
- age   1:     679984 bytes,     679984 total
- age   2:         40 bytes,     680024 total
- age   3:     246664 bytes,     926688 total
: 16758K->908K(18624K), 0.0013394 secs] 44307K->28457K(83392K), 0.0014440 secs] [Times: user=0.00 sys=0.00, real=0.00 secs] 
62.665: [GC 62.665: [ParNew
Desired survivor size 1343488 bytes, new threshold 4 (max 4)
- age   1:     146664 bytes,     146664 total
- age   2:     473840 bytes,     620504 total
- age   4:     246664 bytes,     867168 total
: 16907K->850K(18624K), 0.0015025 secs] 44456K->28399K(83392K), 0.0015998 secs] [Times: user=0.01 sys=0.00, real=0.00 secs] 
62.678: [GC 62.678: [ParNew
Desired survivor size 1343488 bytes, new threshold 4 (max 4)
- age   1:     773528 bytes,     773528 total
- age   2:      60296 bytes,     833824 total
- age   3:     170032 bytes,    1003856 total
: 16813K->984K(18624K), 0.0018648 secs] 44362K->28774K(83392K), 0.0020658 secs] [Times: user=0.01 sys=0.00, real=0.00 secs] 
62.691: [GC 62.691: [ParNew
Desired survivor size 1343488 bytes, new threshold 4 (max 4)
- age   1:     698280 bytes,     698280 total
- age   2:     259304 bytes,     957584 total
- age   4:     170032 bytes,    1127616 total
: 16942K->1104K(18624K), 0.0015792 secs] 44732K->28895K(83392K), 0.0017037 secs] [Times: user=0.00 sys=0.00, real=0.00 secs] 
62.709: [GC 62.709: [ParNew
Desired survivor size 1343488 bytes, new threshold 4 (max 4)
- age   1:     723448 bytes,     723448 total
: 17050K->709K(18624K), 0.0015805 secs] 44841K->28666K(83392K), 0.0016849 secs] [Times: user=0.00 sys=0.00, real=0.00 secs] 
62.723: [GC 62.723: [ParNew
Desired survivor size 1343488 bytes, new threshold 4 (max 4)
- age   1:     727000 bytes,     727000 total
- age   2:       6320 bytes,     733320 total
: 16652K->720K(18624K), 0.0012807 secs] 44608K->28677K(83392K), 0.0013712 secs] [Times: user=0.01 sys=0.00, real=0.00 secs] 
62.735: [GC 62.735: [ParNew
Desired survivor size 1343488 bytes, new threshold 4 (max 4)
- age   1:     964560 bytes,     964560 total
- age   2:     258000 bytes,    1222560 total
- age   3:       6288 bytes,    1228848 total
: 16711K->1203K(18624K), 0.0017972 secs] 44667K->29159K(83392K), 0.0018973 secs] [Times: user=0.01 sys=0.00, real=0.00 secs] 
62.748: [GC 62.748: [ParNew
Desired survivor size 1343488 bytes, new threshold 2 (max 4)
- age   1:     963288 bytes,     963288 total
- age   2:     765264 bytes,    1728552 total
- age   3:       4424 bytes,    1732976 total
- age   4:       6288 bytes,    1739264 total
: 17145K->1703K(18624K), 0.0023767 secs] 45101K->29659K(83392K), 0.0024982 secs] [Times: user=0.00 sys=0.00, real=0.00 secs] 
62.763: [GC 62.764: [ParNew
Desired survivor size 1343488 bytes, new threshold 4 (max 4)
- age   1:     310528 bytes,     310528 total
- age   2:     909232 bytes,    1219760 total
: 17654K->1201K(18624K), 0.0018462 secs] 45610K->29417K(83392K), 0.0019389 secs] [Times: user=0.00 sys=0.00, real=0.01 secs] 
62.779: [GC 62.779: [ParNew
Desired survivor size 1343488 bytes, new threshold 4 (max 4)
- age   1:     532856 bytes,     532856 total
- age   2:     283600 bytes,     816456 total
- age   3:     165952 bytes,     982408 total
: 17158K->962K(18624K), 0.0014342 secs] 45374K->29179K(83392K), 0.0015460 secs] [Times: user=0.01 sys=0.00, real=0.00 secs] 
62.791: [GC 62.792: [ParNew
Desired survivor size 1343488 bytes, new threshold 4 (max 4)
- age   1:     251232 bytes,     251232 total
- age   2:     373656 bytes,     624888 total
- age   3:     118320 bytes,     743208 total
- age   4:     165952 bytes,     909160 total
: 16961K->891K(18624K), 0.0014054 secs] 45177K->29107K(83392K), 0.0015136 secs] [Times: user=0.01 sys=0.00, real=0.00 secs] 
62.804: [GC 62.804: [ParNew
Desired survivor size 1343488 bytes, new threshold 4 (max 4)
- age   1:     500448 bytes,     500448 total
- age   2:     166328 bytes,     666776 total
- age   3:     119040 bytes,     785816 total
- age   4:         32 bytes,     785848 total
: 16881K->770K(18624K), 0.0016755 secs] 45097K->29149K(83392K), 0.0017696 secs] [Times: user=0.00 sys=0.00, real=0.01 secs] 
62.818: [GC 62.818: [ParNew
Desired survivor size 1343488 bytes, new threshold 4 (max 4)
- age   1:     598640 bytes,     598640 total
- age   2:     231416 bytes,     830056 total
- age   3:        336 bytes,     830392 total
- age   4:      85424 bytes,     915816 total
: 16741K->894K(18624K), 0.0016839 secs] 45120K->29272K(83392K), 0.0017739 secs] [Times: user=0.00 sys=0.00, real=0.00 secs] 
62.832: [GC 62.832: [ParNew
Desired survivor size 1343488 bytes, new threshold 4 (max 4)
- age   1:     627704 bytes,     627704 total
- age   2:     232760 bytes,     860464 total
- age   4:        336 bytes,     860800 total
: 16854K->842K(18624K), 0.0033873 secs] 45232K->29220K(83392K), 0.0035344 secs] [Times: user=0.00 sys=0.00, real=0.01 secs] 
62.852: [GC 62.852: [ParNew
Desired survivor size 1343488 bytes, new threshold 4 (max 4)
- age   1:     380600 bytes,     380600 total
- age   2:     325984 bytes,     706584 total
- age   3:     232760 bytes,     939344 total
: 16842K->919K(18624K), 0.0017377 secs] 45220K->29298K(83392K), 0.0018236 secs] [Times: user=0.01 sys=0.00, real=0.00 secs] 
62.868: [GC 62.868: [ParNew
Desired survivor size 1343488 bytes, new threshold 4 (max 4)
- age   1:     270504 bytes,     270504 total
- age   2:     138008 bytes,     408512 total
- age   3:     239728 bytes,     648240 total
- age   4:     129176 bytes,     777416 total
: 16913K->760K(18624K), 0.0012427 secs] 45291K->29139K(83392K), 0.0013331 secs] [Times: user=0.00 sys=0.00, real=0.00 secs] 
62.881: [GC 62.881: [ParNew
Desired survivor size 1343488 bytes, new threshold 4 (max 4)
- age   1:     385264 bytes,     385264 total
- age   2:      51344 bytes,     436608 total
- age   3:        808 bytes,     437416 total
- age   4:      67176 bytes,     504592 total
: 16760K->497K(18624K), 0.0017781 secs] 45139K->29001K(83392K), 0.0018841 secs] [Times: user=0.00 sys=0.00, real=0.00 secs] 
62.894: [GC 62.894: [ParNew
Desired survivor size 1343488 bytes, new threshold 4 (max 4)
- age   1:     225200 bytes,     225200 total
- age   2:     271888 bytes,     497088 total
- age   3:      51344 bytes,     548432 total
- age   4:        808 bytes,     549240 total
: 16494K->541K(18624K), 0.0012915 secs] 44998K->29111K(83392K), 0.0013922 secs] [Times: user=0.00 sys=0.00, real=0.01 secs] 
62.908: [GC 62.909: [ParNew
Desired survivor size 1343488 bytes, new threshold 4 (max 4)
- age   1:     388328 bytes,     388328 total
- age   2:      86408 bytes,     474736 total
- age   3:     141688 bytes,     616424 total
- age   4:       7520 bytes,     623944 total
: 16524K->616K(18624K), 0.0012114 secs] 45093K->29186K(83392K), 0.0013044 secs] [Times: user=0.01 sys=0.00, real=0.00 secs] 
62.921: [GC 62.921: [ParNew
Desired survivor size 1343488 bytes, new threshold 4 (max 4)
- age   1:     215440 bytes,     215440 total
- age   2:     267320 bytes,     482760 total
- age   3:      86408 bytes,     569168 total
- age   4:     141688 bytes,     710856 total
: 16591K->701K(18624K), 0.0020590 secs] 45162K->29279K(83392K), 0.0021651 secs] [Times: user=0.01 sys=0.00, real=0.00 secs] 
62.935: [GC 62.935: [ParNew
Desired survivor size 1343488 bytes, new threshold 4 (max 4)
- age   1:     543936 bytes,     543936 total
- age   3:     132656 bytes,     676592 total
- age   4:      86408 bytes,     763000 total
: 16679K->748K(18624K), 0.0017293 secs] 45257K->29329K(83392K), 0.0018248 secs] [Times: user=0.00 sys=0.00, real=0.00 secs] 
62.954: [GC 62.954: [ParNew
Desired survivor size 1343488 bytes, new threshold 4 (max 4)
- age   1:     638648 bytes,     638648 total
- age   4:     132656 bytes,     771304 total
: 16719K->756K(18624K), 0.0012291 secs] 45300K->29336K(83392K), 0.0013182 secs] [Times: user=0.00 sys=0.00, real=0.01 secs] 
62.974: [GC 62.975: [ParNew
Desired survivor size 1343488 bytes, new threshold 4 (max 4)
- age   1:     606432 bytes,     606432 total
- age   2:     174968 bytes,     781400 total
: 16751K->766K(18624K), 0.0018228 secs] 45332K->29477K(83392K), 0.0019224 secs] [Times: user=0.00 sys=0.00, real=0.01 secs] 
62.989: [GC 62.989: [ParNew
Desired survivor size 1343488 bytes, new threshold 4 (max 4)
- age   1:     379088 bytes,     379088 total
- age   2:     285088 bytes,     664176 total
- age   3:     174968 bytes,     839144 total
: 16760K->829K(18624K), 0.0015795 secs] 45471K->29539K(83392K), 0.0016726 secs] [Times: user=0.01 sys=0.00, real=0.00 secs] 
63.003: [GC 63.003: [ParNew
Desired survivor size 1343488 bytes, new threshold 4 (max 4)
- age   1:     372496 bytes,     372496 total
- age   2:     275704 bytes,     648200 total
- age   3:      21752 bytes,     669952 total
- age   4:     174968 bytes,     844920 total
: 16817K->847K(18624K), 0.0023929 secs] 45528K->29558K(83392K), 0.0024883 secs] [Times: user=0.00 sys=0.00, real=0.01 secs] 
63.019: [GC 63.020: [ParNew
Desired survivor size 1343488 bytes, new threshold 4 (max 4)
- age   1:     395424 bytes,     395424 total
- age   2:     294528 bytes,     689952 total
- age   3:       5968 bytes,     695920 total
- age   4:      21424 bytes,     717344 total
: 16731K->713K(18624K), 0.0030481 secs] 45441K->29594K(83392K), 0.0031719 secs] [Times: user=0.00 sys=0.00, real=0.00 secs] 
63.034: [GC 63.034: [ParNew
Desired survivor size 1343488 bytes, new threshold 4 (max 4)
- age   1:     501448 bytes,     501448 total
- age   2:      49568 bytes,     551016 total
- age   3:      52080 bytes,     603096 total
- age   4:       4880 bytes,     607976 total
: 16699K->606K(18624K), 0.0014116 secs] 45580K->29510K(83392K), 0.0015008 secs] [Times: user=0.00 sys=0.00, real=0.01 secs] 
63.047: [GC 63.047: [ParNew
Desired survivor size 1343488 bytes, new threshold 4 (max 4)
- age   1:     565400 bytes,     565400 total
- age   2:      92232 bytes,     657632 total
- age   3:       3200 bytes,     660832 total
: 16586K->653K(18624K), 0.0012652 secs] 45490K->29561K(83392K), 0.0013531 secs] [Times: user=0.01 sys=0.00, real=0.00 secs] 
63.061: [GC 63.061: [ParNew
Desired survivor size 1343488 bytes, new threshold 4 (max 4)
- age   1:     351144 bytes,     351144 total
- age   2:     309920 bytes,     661064 total
- age   3:      80552 bytes,     741616 total
- age   4:       3200 bytes,     744816 total
: 16624K->743K(18624K), 0.0013889 secs] 45533K->29651K(83392K), 0.0014794 secs] [Times: user=0.01 sys=0.00, real=0.00 secs] 
63.077: [GC 63.078: [ParNew
Desired survivor size 1343488 bytes, new threshold 4 (max 4)
- age   1:      75192 bytes,      75192 total
- age   2:     112688 bytes,     187880 total
- age   3:     310360 bytes,     498240 total
- age   4:      80552 bytes,     578792 total
: 16735K->580K(18624K), 0.0014126 secs] 45644K->29492K(83392K), 0.0015816 secs] [Times: user=0.01 sys=0.00, real=0.00 secs] 
63.093: [GC 63.093: [ParNew
Desired survivor size 1343488 bytes, new threshold 4 (max 4)
- age   1:     251568 bytes,     251568 total
- age   2:        680 bytes,     252248 total
- age   3:     112688 bytes,     364936 total
- age   4:     309920 bytes,     674856 total
: 16579K->665K(18624K), 0.0018277 secs] 45491K->29584K(83392K), 0.0019242 secs] [Times: user=0.00 sys=0.00, real=0.01 secs] 
63.106: [GC 63.106: [ParNew
Desired survivor size 1343488 bytes, new threshold 4 (max 4)
- age   1:     143280 bytes,     143280 total
- age   2:       5848 bytes,     149128 total
- age   3:        680 bytes,     149808 total
- age   4:     112688 bytes,     262496 total
: 16650K->265K(18624K), 0.0020210 secs] 45569K->29486K(83392K), 0.0021241 secs] [Times: user=0.00 sys=0.00, real=0.00 secs] 
63.121: [GC 63.121: [ParNew
Desired survivor size 1343488 bytes, new threshold 4 (max 4)
- age   1:     586312 bytes,     586312 total
- age   2:      97472 bytes,     683784 total
- age   3:       4760 bytes,     688544 total
- age   4:        680 bytes,     689224 total
: 16213K->678K(18624K), 0.0012159 secs] 45435K->29900K(83392K), 0.0012924 secs] [Times: user=0.00 sys=0.00, real=0.00 secs] 
63.133: [GC 63.133: [ParNew
Desired survivor size 1343488 bytes, new threshold 4 (max 4)
- age   1:     348616 bytes,     348616 total
- age   2:     399152 bytes,     747768 total
- age   3:      97472 bytes,     845240 total
- age   4:       4760 bytes,     850000 total
: 16669K->838K(18624K), 0.0014342 secs] 45890K->30061K(83392K), 0.0015295 secs] [Times: user=0.00 sys=0.00, real=0.01 secs] 
63.150: [GC 63.151: [ParNew
Desired survivor size 1343488 bytes, new threshold 4 (max 4)
- age   1:     267640 bytes,     267640 total
- age   2:     263624 bytes,     531264 total
- age   3:     110688 bytes,     641952 total
- age   4:      97472 bytes,     739424 total
: 16837K->724K(18624K), 0.0013143 secs] 46059K->29951K(83392K), 0.0013925 secs] [Times: user=0.01 sys=0.00, real=0.00 secs] 
63.165: [GC 63.165: [ParNew
Desired survivor size 1343488 bytes, new threshold 4 (max 4)
- age   1:     256800 bytes,     256800 total
- age   2:      13944 bytes,     270744 total
- age   3:     263624 bytes,     534368 total
- age   4:     110688 bytes,     645056 total
: 16710K->632K(18624K), 0.0012797 secs] 45936K->29954K(83392K), 0.0014223 secs] [Times: user=0.00 sys=0.00, real=0.00 secs] 
63.179: [GC 63.179: [ParNew
Desired survivor size 1343488 bytes, new threshold 4 (max 4)
- age   1:     553144 bytes,     553144 total
- age   2:       4960 bytes,     558104 total
- age   3:      13944 bytes,     572048 total
- age   4:     263624 bytes,     835672 total
: 16610K->817K(18624K), 0.0021433 secs] 45932K->30247K(83392K), 0.0022353 secs] [Times: user=0.00 sys=0.00, real=0.00 secs] 
63.194: [GC 63.194: [ParNew
Desired survivor size 1343488 bytes, new threshold 4 (max 4)
- age   1:     397544 bytes,     397544 total
- age   2:     370856 bytes,     768400 total
- age   3:       4960 bytes,     773360 total
- age   4:      13944 bytes,     787304 total
: 16810K->769K(18624K), 0.0018859 secs] 46240K->30279K(83392K), 0.0019850 secs] [Times: user=0.00 sys=0.00, real=0.01 secs] 
63.208: [GC 63.208: [ParNew
Desired survivor size 1343488 bytes, new threshold 4 (max 4)
- age   1:     468536 bytes,     468536 total
- age   2:     165152 bytes,     633688 total
- age   3:     370856 bytes,    1004544 total
- age   4:       3760 bytes,    1008304 total
: 16761K->991K(18624K), 0.0016692 secs] 46272K->30507K(83392K), 0.0017588 secs] [Times: user=0.00 sys=0.00, real=0.00 secs] 
63.222: [GC 63.222: [ParNew
Desired survivor size 1343488 bytes, new threshold 4 (max 4)
- age   1:     295504 bytes,     295504 total
- age   2:     409760 bytes,     705264 total
- age   4:     370856 bytes,    1076120 total
: 16966K->1054K(18624K), 0.0015655 secs] 46482K->30574K(83392K), 0.0016677 secs] [Times: user=0.01 sys=0.00, real=0.00 secs] 
63.234: [GC 63.235: [ParNew
Desired survivor size 1343488 bytes, new threshold 4 (max 4)
- age   1:     155984 bytes,     155984 total
- age   2:     247024 bytes,     403008 total
- age   3:     409760 bytes,     812768 total
: 17021K->794K(18624K), 0.0021507 secs] 46541K->30425K(83392K), 0.0022457 secs] [Times: user=0.01 sys=0.00, real=0.01 secs] 
63.248: [GC 63.248: [ParNew
Desired survivor size 1343488 bytes, new threshold 4 (max 4)
- age   1:     298928 bytes,     298928 total
- age   2:     102640 bytes,     401568 total
- age   4:     379640 bytes,     781208 total
: 16790K->766K(18624K), 0.0015516 secs] 46420K->30396K(83392K), 0.0016449 secs] [Times: user=0.00 sys=0.00, real=0.00 secs] 
63.262: [GC 63.262: [ParNew
Desired survivor size 1343488 bytes, new threshold 4 (max 4)
- age   1:     308128 bytes,     308128 total
- age   2:     255992 bytes,     564120 total
- age   3:      33952 bytes,     598072 total
: 16765K->586K(18624K), 0.0018864 secs] 46395K->30223K(83392K), 0.0019855 secs] [Times: user=0.00 sys=0.00, real=0.00 secs] 
63.277: [GC 63.277: [ParNew
Desired survivor size 1343488 bytes, new threshold 4 (max 4)
- age   1:     434400 bytes,     434400 total
- age   2:     159200 bytes,     593600 total
- age   3:     114120 bytes,     707720 total
: 16567K->694K(18624K), 0.0013877 secs] 46203K->30331K(83392K), 0.0014937 secs] [Times: user=0.00 sys=0.00, real=0.00 secs] 
63.291: [GC 63.291: [ParNew
Desired survivor size 1343488 bytes, new threshold 4 (max 4)
- age   1:     165272 bytes,     165272 total
- age   2:     275928 bytes,     441200 total
- age   3:     159200 bytes,     600400 total
- age   4:     114120 bytes,     714520 total
: 16694K->701K(18624K), 0.0013458 secs] 46331K->30337K(83392K), 0.0014536 secs] [Times: user=0.00 sys=0.01, real=0.00 secs] 
63.303: [GC 63.303: [ParNew
Desired survivor size 1343488 bytes, new threshold 4 (max 4)
- age   1:     758920 bytes,     758920 total
- age   2:      42360 bytes,     801280 total
- age   3:      61744 bytes,     863024 total
: 16666K->846K(18624K), 0.0013829 secs] 46303K->30482K(83392K), 0.0014910 secs] [Times: user=0.00 sys=0.00, real=0.00 secs] 
63.316: [GC 63.316: [ParNew
Desired survivor size 1343488 bytes, new threshold 4 (max 4)
- age   1:     509680 bytes,     509680 total
- age   2:     376520 bytes,     886200 total
: 16833K->868K(18624K), 0.0015399 secs] 46470K->30505K(83392K), 0.0017056 secs] [Times: user=0.01 sys=0.00, real=0.00 secs] 
63.330: [GC 63.330: [ParNew
Desired survivor size 1343488 bytes, new threshold 4 (max 4)
- age   1:     248008 bytes,     248008 total
- age   2:     361616 bytes,     609624 total
- age   3:     190576 bytes,     800200 total
: 16868K->784K(18624K), 0.0016130 secs] 46505K->30420K(83392K), 0.0017203 secs] [Times: user=0.00 sys=0.00, real=0.00 secs] 
63.343: [GC 63.343: [ParNew
Desired survivor size 1343488 bytes, new threshold 4 (max 4)
- age   1:     550992 bytes,     550992 total
- age   2:      48080 bytes,     599072 total
- age   3:     361616 bytes,     960688 total
: 16784K->941K(18624K), 0.0015089 secs] 46420K->30577K(83392K), 0.0015990 secs] [Times: user=0.00 sys=0.00, real=0.01 secs] 
63.358: [GC 63.358: [ParNew
Desired survivor size 1343488 bytes, new threshold 4 (max 4)
- age   1:     455536 bytes,     455536 total
- age   2:     426280 bytes,     881816 total
- age   3:      47968 bytes,     929784 total
- age   4:      31792 bytes,     961576 total
: 16926K->943K(18624K), 0.0016617 secs] 46562K->30580K(83392K), 0.0017583 secs] [Times: user=0.00 sys=0.00, real=0.00 secs] 
63.371: [GC 63.371: [ParNew
Desired survivor size 1343488 bytes, new threshold 4 (max 4)
- age   1:     372456 bytes,     372456 total
- age   2:     340688 bytes,     713144 total
- age   3:     426280 bytes,    1139424 total
- age   4:      47968 bytes,    1187392 total
: 16907K->1168K(18624K), 0.0022787 secs] 46543K->30804K(83392K), 0.0023829 secs] [Times: user=0.01 sys=0.00, real=0.00 secs] 
63.384: [GC 63.385: [ParNew
Desired survivor size 1343488 bytes, new threshold 4 (max 4)
- age   1:     218368 bytes,     218368 total
- age   2:     347968 bytes,     566336 total
- age   3:     340688 bytes,     907024 total
- age   4:     135848 bytes,    1042872 total
: 17129K->1024K(18624K), 0.0016464 secs] 46766K->30664K(83392K), 0.0017387 secs] [Times: user=0.01 sys=0.00, real=0.01 secs] 
63.398: [GC 63.398: [ParNew
Desired survivor size 1343488 bytes, new threshold 4 (max 4)
- age   1:     337888 bytes,     337888 total
- age   2:     185680 bytes,     523568 total
- age   4:     340688 bytes,     864256 total
: 17020K->847K(18624K), 0.0015880 secs] 46660K->30619K(83392K), 0.0017032 secs] [Times: user=0.00 sys=0.00, real=0.00 secs] 
63.411: [GC 63.411: [ParNew
Desired survivor size 1343488 bytes, new threshold 4 (max 4)
- age   1:     451760 bytes,     451760 total
- age   2:     161024 bytes,     612784 total
- age   3:     139792 bytes,     752576 total
: 16832K->739K(18624K), 0.0016510 secs] 46605K->30597K(83392K), 0.0017569 secs] [Times: user=0.00 sys=0.00, real=0.00 secs] 
63.424: [GC 63.424: [ParNew
Desired survivor size 1343488 bytes, new threshold 4 (max 4)
- age   1:     187688 bytes,     187688 total
- age   2:     145040 bytes,     332728 total
- age   3:      78752 bytes,     411480 total
- age   4:     139792 bytes,     551272 total
: 16739K->539K(18624K), 0.0016966 secs] 46596K->30397K(83392K), 0.0018025 secs] [Times: user=0.00 sys=0.00, real=0.01 secs] 
63.440: [GC 63.441: [ParNew
Desired survivor size 1343488 bytes, new threshold 4 (max 4)
- age   1:     389760 bytes,     389760 total
- age   2:      44112 bytes,     433872 total
- age   3:     145040 bytes,     578912 total
- age   4:      78752 bytes,     657664 total
: 16538K->644K(18624K), 0.0011943 secs] 46395K->30501K(83392K), 0.0012779 secs] [Times: user=0.00 sys=0.00, real=0.00 secs] 
63.454: [GC 63.454: [ParNew
Desired survivor size 1343488 bytes, new threshold 4 (max 4)
- age   1:     309672 bytes,     309672 total
- age   2:       1360 bytes,     311032 total
- age   3:      44112 bytes,     355144 total
- age   4:     145040 bytes,     500184 total
: 16619K->491K(18624K), 0.0013556 secs] 46477K->30426K(83392K), 0.0014423 secs] [Times: user=0.00 sys=0.00, real=0.01 secs] 
63.468: [GC 63.468: [ParNew
Desired survivor size 1343488 bytes, new threshold 4 (max 4)
- age   1:     843016 bytes,     843016 total
- age   2:      80528 bytes,     923544 total
- age   3:       1328 bytes,     924872 total
: 16456K->904K(18624K), 0.0024871 secs] 46391K->30980K(83392K), 0.0026408 secs] [Times: user=0.00 sys=0.00, real=0.00 secs] 
63.482: [GC 63.482: [ParNew
Desired survivor size 1343488 bytes, new threshold 4 (max 4)
- age   1:     308096 bytes,     308096 total
- age   2:     430560 bytes,     738656 total
- age   3:      80528 bytes,     819184 total
- age   4:       1328 bytes,     820512 total
: 16868K->810K(18624K), 0.0014890 secs] 46943K->30886K(83392K), 0.0015877 secs] [Times: user=0.00 sys=0.00, real=0.00 secs] 
63.500: [GC 63.500: [ParNew
Desired survivor size 1343488 bytes, new threshold 4 (max 4)
- age   1:     427960 bytes,     427960 total
- age   2:      81808 bytes,     509768 total
- age   3:     283264 bytes,     793032 total
- age   4:      80528 bytes,     873560 total
: 16776K->859K(18624K), 0.0014216 secs] 46852K->30936K(83392K), 0.0015155 secs] [Times: user=0.00 sys=0.00, real=0.00 secs] 
63.516: [GC 63.516: [ParNew
Desired survivor size 1343488 bytes, new threshold 4 (max 4)
- age   1:     228416 bytes,     228416 total
- age   2:     227288 bytes,     455704 total
- age   3:      81808 bytes,     537512 total
- age   4:     283264 bytes,     820776 total
: 16859K->809K(18624K), 0.0015047 secs] 46936K->30965K(83392K), 0.0016031 secs] [Times: user=0.01 sys=0.00, real=0.00 secs] 
63.529: [GC 63.529: [ParNew
Desired survivor size 1343488 bytes, new threshold 4 (max 4)
- age   1:     324464 bytes,     324464 total
- age   2:     178912 bytes,     503376 total
- age   3:     153608 bytes,     656984 total
: 16699K->643K(18624K), 0.0016011 secs] 46855K->31076K(83392K), 0.0017143 secs] [Times: user=0.01 sys=0.00, real=0.00 secs] 
63.543: [GC 63.543: [ParNew
Desired survivor size 1343488 bytes, new threshold 4 (max 4)
- age   1:     544440 bytes,     544440 total
- age   2:      82656 bytes,     627096 total
- age   3:     178912 bytes,     806008 total
- age   4:     153608 bytes,     959616 total
: 16627K->945K(18624K), 0.0016891 secs] 47059K->31378K(83392K), 0.0017997 secs] [Times: user=0.00 sys=0.00, real=0.01 secs] 
63.557: [GC 63.557: [ParNew
Desired survivor size 1343488 bytes, new threshold 4 (max 4)
- age   1:     451120 bytes,     451120 total
- age   2:     363240 bytes,     814360 total
- age   3:      82656 bytes,     897016 total
- age   4:       9896 bytes,     906912 total
: 16925K->891K(18624K), 0.0014909 secs] 47358K->31474K(83392K), 0.0015678 secs] [Times: user=0.00 sys=0.00, real=0.00 secs] 
63.571: [GC 63.571: [ParNew
Desired survivor size 1343488 bytes, new threshold 4 (max 4)
- age   1:     273712 bytes,     273712 total
- age   2:     394736 bytes,     668448 total
- age   3:     246592 bytes,     915040 total
- age   4:      82656 bytes,     997696 total
: 16822K->983K(18624K), 0.0014424 secs] 47405K->31575K(83392K), 0.0015278 secs] [Times: user=0.00 sys=0.00, real=0.00 secs] 
63.585: [GC 63.585: [ParNew
Desired survivor size 1343488 bytes, new threshold 4 (max 4)
- age   1:     429880 bytes,     429880 total
- age   2:     210384 bytes,     640264 total
- age   3:     274304 bytes,     914568 total
- age   4:      87400 bytes,    1001968 total
: 16950K->981K(18624K), 0.0014658 secs] 47542K->31654K(83392K), 0.0015570 secs] [Times: user=0.00 sys=0.00, real=0.01 secs] 
63.597: [GC 63.598: [ParNew
Desired survivor size 1343488 bytes, new threshold 4 (max 4)
- age   1:     288264 bytes,     288264 total
- age   2:     364872 bytes,     653136 total
- age   4:     274304 bytes,     927440 total
: 16976K->909K(18624K), 0.0017540 secs] 47649K->31667K(83392K), 0.0018776 secs] [Times: user=0.01 sys=0.00, real=0.00 secs] 
63.611: [GC 63.611: [ParNew
Desired survivor size 1343488 bytes, new threshold 4 (max 4)
- age   1:     855952 bytes,     855952 total
- age   2:     224112 bytes,    1080064 total
- age   3:         32 bytes,    1080096 total
: 16907K->1058K(18624K), 0.0020051 secs] 47665K->32084K(83392K), 0.0021082 secs] [Times: user=0.00 sys=0.01, real=0.00 secs] 
63.624: [GC 63.624: [ParNew
Desired survivor size 1343488 bytes, new threshold 4 (max 4)
- age   1:     359176 bytes,     359176 total
- age   2:     536184 bytes,     895360 total
- age   3:     224112 bytes,    1119472 total
- age   4:         32 bytes,    1119504 total
: 17049K->1096K(18624K), 0.0024082 secs] 48075K->32122K(83392K), 0.0025596 secs] [Times: user=0.00 sys=0.00, real=0.01 secs] 
63.641: [GC 63.641: [ParNew
Desired survivor size 1343488 bytes, new threshold 4 (max 4)
- age   1:     790976 bytes,     790976 total
- age   2:      30480 bytes,     821456 total
- age   3:     165256 bytes,     986712 total
: 17062K->965K(18624K), 0.0017154 secs] 48088K->31991K(83392K), 0.0018238 secs] [Times: user=0.00 sys=0.00, real=0.00 secs] 
63.654: [GC 63.654: [ParNew
Desired survivor size 1343488 bytes, new threshold 4 (max 4)
- age   1:     186648 bytes,     186648 total
- age   2:     498104 bytes,     684752 total
- age   3:      30480 bytes,     715232 total
- age   4:     165256 bytes,     880488 total
: 16960K->861K(18624K), 0.0014928 secs] 47986K->31887K(83392K), 0.0015917 secs] [Times: user=0.00 sys=0.00, real=0.01 secs] 
63.668: [GC 63.668: [ParNew
Desired survivor size 1343488 bytes, new threshold 4 (max 4)
- age   1:     525864 bytes,     525864 total
- age   2:     126160 bytes,     652024 total
- age   3:     413912 bytes,    1065936 total
- age   4:      30480 bytes,    1096416 total
: 16861K->1073K(18624K), 0.0023936 secs] 47887K->32260K(83392K), 0.0024879 secs] [Times: user=0.01 sys=0.00, real=0.00 secs] 
63.681: [GC 63.682: [ParNew
Desired survivor size 1343488 bytes, new threshold 4 (max 4)
- age   1:     435888 bytes,     435888 total
- age   2:     485776 bytes,     921664 total
- age   3:      41808 bytes,     963472 total
- age   4:     272336 bytes,    1235808 total
: 17009K->1210K(18624K), 0.0018161 secs] 48196K->32427K(83392K), 0.0019156 secs] [Times: user=0.00 sys=0.00, real=0.00 secs] 
63.695: [GC 63.696: [ParNew
Desired survivor size 1343488 bytes, new threshold 4 (max 4)
- age   1:     280288 bytes,     280288 total
- age   2:     389688 bytes,     669976 total
- age   3:     232752 bytes,     902728 total
- age   4:      41808 bytes,     944536 total
: 17200K->926K(18624K), 0.0017101 secs] 48417K->32409K(83392K), 0.0018162 secs] [Times: user=0.01 sys=0.00, real=0.00 secs] 
63.709: [GC 63.709: [ParNew
Desired survivor size 1343488 bytes, new threshold 4 (max 4)
- age   1:     576928 bytes,     576928 total
- age   2:     195488 bytes,     772416 total
- age   3:     389688 bytes,    1162104 total
- age   4:      59560 bytes,    1221664 total
: 16896K->1200K(18624K), 0.0017019 secs] 48379K->32724K(83392K), 0.0017949 secs] [Times: user=0.01 sys=0.00, real=0.00 secs] 
63.724: [GC 63.724: [ParNew
Desired survivor size 1343488 bytes, new threshold 4 (max 4)
- age   1:     333216 bytes,     333216 total
- age   2:     438616 bytes,     771832 total
- age   3:     195488 bytes,     967320 total
- age   4:     219072 bytes,    1186392 total
: 17184K->1161K(18624K), 0.0016615 secs] 48708K->32743K(83392K), 0.0017476 secs] [Times: user=0.01 sys=0.00, real=0.01 secs] 
63.737: [GC 63.737: [ParNew
Desired survivor size 1343488 bytes, new threshold 4 (max 4)
- age   1:     304712 bytes,     304712 total
- age   2:     259536 bytes,     564248 total
- age   3:     438616 bytes,    1002864 total
- age   4:       6224 bytes,    1009088 total
: 17149K->988K(18624K), 0.0021543 secs] 48731K->32784K(83392K), 0.0022877 secs] [Times: user=0.00 sys=0.00, real=0.00 secs] 
63.750: [GC 63.750: [ParNew
Desired survivor size 1343488 bytes, new threshold 4 (max 4)
- age   1:     448056 bytes,     448056 total
- age   2:     146816 bytes,     594872 total
- age   3:     259536 bytes,     854408 total
- age   4:     438616 bytes,    1293024 total
: 16929K->1268K(18624K), 0.0019354 secs] 48725K->33070K(83392K), 0.0020498 secs] [Times: user=0.00 sys=0.00, real=0.00 secs] 
63.763: [GC 63.763: [ParNew
Desired survivor size 1343488 bytes, new threshold 4 (max 4)
- age   1:     396856 bytes,     396856 total
- age   2:     219576 bytes,     616432 total
- age   3:      57752 bytes,     674184 total
- age   4:     210216 bytes,     884400 total
: 17231K->867K(18624K), 0.0021969 secs] 49033K->33097K(83392K), 0.0023453 secs] [Times: user=0.01 sys=0.01, real=0.01 secs] 
63.778: [GC 63.778: [ParNew
Desired survivor size 1343488 bytes, new threshold 4 (max 4)
- age   1:     467936 bytes,     467936 total
- age   2:     287448 bytes,     755384 total
- age   3:     219576 bytes,     974960 total
- age   4:      57752 bytes,    1032712 total
: 16863K->1012K(18624K), 0.0015270 secs] 49093K->33423K(83392K), 0.0016103 secs] [Times: user=0.01 sys=0.00, real=0.00 secs] 
63.791: [GC 63.791: [ParNew
Desired survivor size 1343488 bytes, new threshold 4 (max 4)
- age   1:     326536 bytes,     326536 total
- age   2:     409968 bytes,     736504 total
- age   4:      68936 bytes,     805440 total
: 16987K->789K(18624K), 0.0014658 secs] 49399K->33257K(83392K), 0.0015627 secs] [Times: user=0.00 sys=0.00, real=0.00 secs] 
63.813: [GC 63.813: [ParNew
Desired survivor size 1343488 bytes, new threshold 4 (max 4)
- age   1:      54096 bytes,      54096 total
- age   2:     254464 bytes,     308560 total
- age   3:      64616 bytes,     373176 total
: 16789K->365K(18624K), 0.0009855 secs] 49257K->32900K(83392K), 0.0010829 secs] [Times: user=0.01 sys=0.00, real=0.00 secs] 
63.829: [GC 63.830: [ParNew
Desired survivor size 1343488 bytes, new threshold 4 (max 4)
- age   1:     406064 bytes,     406064 total
- age   2:       7584 bytes,     413648 total
- age   3:     254464 bytes,     668112 total
- age   4:      64616 bytes,     732728 total
: 16344K->719K(18624K), 0.0019477 secs] 48879K->33254K(83392K), 0.0021357 secs] [Times: user=0.00 sys=0.00, real=0.00 secs] 
63.845: [GC 63.845: [ParNew
Desired survivor size 1343488 bytes, new threshold 4 (max 4)
- age   1:     350920 bytes,     350920 total
- age   2:     211744 bytes,     562664 total
- age   3:       7584 bytes,     570248 total
- age   4:     254464 bytes,     824712 total
: 16680K->816K(18624K), 0.0017978 secs] 49215K->33414K(83392K), 0.0019298 secs] [Times: user=0.01 sys=0.00, real=0.01 secs] 
63.858: [GC 63.858: [ParNew
Desired survivor size 1343488 bytes, new threshold 4 (max 4)
- age   1:     255848 bytes,     255848 total
- age   2:     222688 bytes,     478536 total
- age   3:     211744 bytes,     690280 total
- age   4:       7496 bytes,     697776 total
: 16781K->690K(18624K), 0.0018507 secs] 49379K->33443K(83392K), 0.0019519 secs] [Times: user=0.01 sys=0.00, real=0.00 secs] 
63.872: [GC 63.872: [ParNew
Desired survivor size 1343488 bytes, new threshold 4 (max 4)
- age   1:     424392 bytes,     424392 total
- age   2:     164672 bytes,     589064 total
- age   3:       8808 bytes,     597872 total
- age   4:     211744 bytes,     809616 total
: 16689K->801K(18624K), 0.0014076 secs] 49442K->33561K(83392K), 0.0014905 secs] [Times: user=0.00 sys=0.00, real=0.00 secs] 
63.885: [GC 63.885: [ParNew
Desired survivor size 1343488 bytes, new threshold 4 (max 4)
- age   1:     342672 bytes,     342672 total
- age   2:      13728 bytes,     356400 total
- age   3:     164672 bytes,     521072 total
- age   4:       8808 bytes,     529880 total
: 16796K->524K(18624K), 0.0013583 secs] 49556K->33491K(83392K), 0.0014452 secs] [Times: user=0.00 sys=0.00, real=0.00 secs] 
63.898: [GC 63.898: [ParNew
Desired survivor size 1343488 bytes, new threshold 4 (max 4)
- age   1:     259488 bytes,     259488 total
- age   2:     112688 bytes,     372176 total
- age   3:      13728 bytes,     385904 total
- age   4:     164672 bytes,     550576 total
: 16496K->548K(18624K), 0.0012610 secs] 49463K->33523K(83392K), 0.0013470 secs] [Times: user=0.00 sys=0.00, real=0.00 secs] 
63.912: [GC 63.912: [ParNew
Desired survivor size 1343488 bytes, new threshold 4 (max 4)
- age   1:     630176 bytes,     630176 total
- age   3:     112688 bytes,     742864 total
- age   4:      13728 bytes,     756592 total
: 16506K->747K(18624K), 0.0014528 secs] 49482K->33883K(83392K), 0.0015524 secs] [Times: user=0.00 sys=0.01, real=0.00 secs] 
63.925: [GC 63.925: [ParNew
Desired survivor size 1343488 bytes, new threshold 4 (max 4)
- age   1:     319504 bytes,     319504 total
- age   2:     369904 bytes,     689408 total
- age   4:     112688 bytes,     802096 total
: 16729K->786K(18624K), 0.0014625 secs] 49866K->33936K(83392K), 0.0016016 secs] [Times: user=0.00 sys=0.00, real=0.01 secs] 
63.938: [GC 63.938: [ParNew
Desired survivor size 1343488 bytes, new threshold 4 (max 4)
- age   1:     403000 bytes,     403000 total
- age   2:     244656 bytes,     647656 total
- age   3:     369904 bytes,    1017560 total
: 16779K->995K(18624K), 0.0019655 secs] 49929K->34145K(83392K), 0.0020899 secs] [Times: user=0.01 sys=0.00, real=0.00 secs] 
63.952: [GC 63.953: [ParNew
Desired survivor size 1343488 bytes, new threshold 4 (max 4)
- age   1:     911832 bytes,     911832 total
- age   2:     204544 bytes,    1116376 total
- age   3:        160 bytes,    1116536 total
- age   4:     208192 bytes,    1324728 total
: 16975K->1294K(18624K), 0.0015692 secs] 50125K->34444K(83392K), 0.0016575 secs] [Times: user=0.00 sys=0.00, real=0.00 secs] 
63.966: [GC 63.966: [ParNew
Desired survivor size 1343488 bytes, new threshold 4 (max 4)
- age   1:     420176 bytes,     420176 total
- age   2:     699504 bytes,    1119680 total
- age   3:     113280 bytes,    1232960 total
- age   4:        160 bytes,    1233120 total
: 17291K->1206K(18624K), 0.0022433 secs] 50441K->34560K(83392K), 0.0023614 secs] [Times: user=0.00 sys=0.00, real=0.00 secs] 
63.981: [GC 63.981: [ParNew
Desired survivor size 1343488 bytes, new threshold 4 (max 4)
- age   1:     338920 bytes,     338920 total
- age   2:     334936 bytes,     673856 total
- age   3:     417200 bytes,    1091056 total
- age   4:     113280 bytes,    1204336 total
: 17197K->1176K(18624K), 0.0016448 secs] 50550K->34530K(83392K), 0.0017648 secs] [Times: user=0.00 sys=0.00, real=0.00 secs] 
63.995: [GC 63.995: [ParNew
Desired survivor size 1343488 bytes, new threshold 4 (max 4)
- age   1:     666736 bytes,     666736 total
- age   2:     177472 bytes,     844208 total
- age   3:     334936 bytes,    1179144 total
: 17176K->1158K(18624K), 0.0018358 secs] 50529K->34622K(83392K), 0.0019280 secs] [Times: user=0.01 sys=0.00, real=0.00 secs] 
64.013: [GC 64.013: [ParNew
Desired survivor size 1343488 bytes, new threshold 4 (max 4)
- age   1:     261544 bytes,     261544 total
- age   2:     580376 bytes,     841920 total
- age   4:     286600 bytes,    1128520 total
: 17158K->1104K(18624K), 0.0015045 secs] 50622K->34568K(83392K), 0.0015862 secs] [Times: user=0.00 sys=0.00, real=0.00 secs] 
64.026: [GC 64.026: [ParNew
Desired survivor size 1343488 bytes, new threshold 4 (max 4)
- age   1:     302368 bytes,     302368 total
- age   2:      48952 bytes,     351320 total
- age   3:     580376 bytes,     931696 total
: 17100K->912K(18624K), 0.0017275 secs] 50564K->34375K(83392K), 0.0018219 secs] [Times: user=0.00 sys=0.00, real=0.00 secs] 
64.041: [GC 64.041: [ParNew
Desired survivor size 1343488 bytes, new threshold 4 (max 4)
- age   1:     320504 bytes,     320504 total
- age   2:     204000 bytes,     524504 total
- age   3:       2648 bytes,     527152 total
- age   4:     580376 bytes,    1107528 total
: 16912K->1084K(18624K), 0.0018194 secs] 50375K->34548K(83392K), 0.0019238 secs] [Times: user=0.00 sys=0.00, real=0.00 secs] 
64.054: [GC 64.054: [ParNew
Desired survivor size 1343488 bytes, new threshold 4 (max 4)
- age   1:     493576 bytes,     493576 total
- age   2:     237456 bytes,     731032 total
- age   3:     204000 bytes,     935032 total
- age   4:       2648 bytes,     937680 total
: 17073K->920K(18624K), 0.0020612 secs] 50537K->34464K(83392K), 0.0021722 secs] [Times: user=0.00 sys=0.00, real=0.01 secs] 
64.069: [GC 64.069: [ParNew
Desired survivor size 1343488 bytes, new threshold 4 (max 4)
- age   1:     433328 bytes,     433328 total
- age   2:     282984 bytes,     716312 total
- age   3:     237456 bytes,     953768 total
- age   4:     204000 bytes,    1157768 total
: 16908K->1137K(18624K), 0.0017928 secs] 50452K->34683K(83392K), 0.0018923 secs] [Times: user=0.01 sys=0.00, real=0.00 secs] 
64.085: [GC 64.085: [ParNew
Desired survivor size 1343488 bytes, new threshold 4 (max 4)
- age   1:      71288 bytes,      71288 total
- age   2:     246056 bytes,     317344 total
- age   4:     237456 bytes,     554800 total
: 17099K->545K(18624K), 0.0014337 secs] 50645K->34290K(83392K), 0.0015444 secs] [Times: user=0.01 sys=0.00, real=0.00 secs] 
64.099: [GC 64.099: [ParNew
Desired survivor size 1343488 bytes, new threshold 4 (max 4)
- age   1:     219560 bytes,     219560 total
- age   2:      14384 bytes,     233944 total
- age   3:     246056 bytes,     480000 total
: 16521K->474K(18624K), 0.0012257 secs] 50266K->34227K(83392K), 0.0013264 secs] [Times: user=0.01 sys=0.00, real=0.00 secs] 
64.112: [GC 64.112: [ParNew
Desired survivor size 1343488 bytes, new threshold 4 (max 4)
- age   1:     496352 bytes,     496352 total
- age   2:     147840 bytes,     644192 total
- age   3:      14384 bytes,     658576 total
- age   4:     246056 bytes,     904632 total
: 16436K->885K(18624K), 0.0018367 secs] 50190K->34638K(83392K), 0.0019430 secs] [Times: user=0.01 sys=0.00, real=0.00 secs] 
64.130: [GC 64.130: [ParNew
Desired survivor size 1343488 bytes, new threshold 4 (max 4)
- age   1:     466992 bytes,     466992 total
- age   2:      95344 bytes,     562336 total
- age   3:     147840 bytes,     710176 total
- age   4:        704 bytes,     710880 total
: 16879K->697K(18624K), 0.0014590 secs] 50632K->34609K(83392K), 0.0015538 secs] [Times: user=0.00 sys=0.00, real=0.00 secs] 
64.145: [GC 64.145: [ParNew
Desired survivor size 1343488 bytes, new threshold 4 (max 4)
- age   1:     296120 bytes,     296120 total
- age   2:     212728 bytes,     508848 total
- age   3:      95344 bytes,     604192 total
- age   4:     115152 bytes,     719344 total
: 16677K->708K(18624K), 0.0022720 secs] 50589K->34621K(83392K), 0.0023561 secs] [Times: user=0.00 sys=0.00, real=0.00 secs] 
64.160: [GC 64.160: [ParNew
Desired survivor size 1343488 bytes, new threshold 4 (max 4)
- age   1:     381088 bytes,     381088 total
- age   2:      41528 bytes,     422616 total
- age   3:       8568 bytes,     431184 total
- age   4:      95344 bytes,     526528 total
: 16643K->518K(18624K), 0.0011453 secs] 50556K->34544K(83392K), 0.0012329 secs] [Times: user=0.00 sys=0.00, real=0.00 secs] 
64.173: [GC 64.173: [ParNew
Desired survivor size 1343488 bytes, new threshold 4 (max 4)
- age   1:     525680 bytes,     525680 total
- age   2:     107264 bytes,     632944 total
- age   3:       2848 bytes,     635792 total
- age   4:       8568 bytes,     644360 total
: 16494K->634K(18624K), 0.0021220 secs] 50520K->34753K(83392K), 0.0022230 secs] [Times: user=0.01 sys=0.00, real=0.01 secs] 
64.186: [GC 64.186: [ParNew
Desired survivor size 1343488 bytes, new threshold 4 (max 4)
- age   1:     211680 bytes,     211680 total
- age   2:     170296 bytes,     381976 total
- age   3:      80272 bytes,     462248 total
- age   4:       2848 bytes,     465096 total
: 16622K->462K(18624K), 0.0012388 secs] 50741K->34589K(83392K), 0.0013255 secs] [Times: user=0.01 sys=0.00, real=0.00 secs] 
64.198: [GC 64.198: [ParNew
Desired survivor size 1343488 bytes, new threshold 4 (max 4)
- age   1:     599896 bytes,     599896 total
- age   2:     111992 bytes,     711888 total
- age   3:     170296 bytes,     882184 total
: 16452K->865K(18624K), 0.0017443 secs] 50579K->34995K(83392K), 0.0018488 secs] [Times: user=0.01 sys=0.00, real=0.00 secs] 
64.212: [GC 64.212: [ParNew
Desired survivor size 1343488 bytes, new threshold 4 (max 4)
- age   1:     447008 bytes,     447008 total
- age   2:     115256 bytes,     562264 total
- age   3:     111992 bytes,     674256 total
: 16850K->661K(18624K), 0.0012635 secs] 50980K->34792K(83392K), 0.0013769 secs] [Times: user=0.00 sys=0.00, real=0.00 secs] 
64.225: [GC 64.225: [ParNew
Desired survivor size 1343488 bytes, new threshold 4 (max 4)
- age   1:     318584 bytes,     318584 total
- age   2:     121872 bytes,     440456 total
- age   3:      57584 bytes,     498040 total
- age   4:      39568 bytes,     537608 total
: 16650K->528K(18624K), 0.0010921 secs] 50780K->34658K(83392K), 0.0012124 secs] [Times: user=0.00 sys=0.01, real=0.00 secs] 
64.237: [GC 64.237: [ParNew
Desired survivor size 1343488 bytes, new threshold 4 (max 4)
- age   1:     425496 bytes,     425496 total
- age   2:      64152 bytes,     489648 total
- age   3:     121832 bytes,     611480 total
- age   4:      57584 bytes,     669064 total
: 16483K->656K(18624K), 0.0014782 secs] 50613K->34825K(83392K), 0.0015863 secs] [Times: user=0.00 sys=0.00, real=0.00 secs] 
64.251: [GC 64.251: [ParNew
Desired survivor size 1343488 bytes, new threshold 4 (max 4)
- age   1:     336320 bytes,     336320 total
- age   2:     282496 bytes,     618816 total
- age   4:     121832 bytes,     740648 total
: 16651K->726K(18624K), 0.0014965 secs] 50820K->34951K(83392K), 0.0016072 secs] [Times: user=0.00 sys=0.00, real=0.00 secs] 
64.264: [GC 64.264: [ParNew
Desired survivor size 1343488 bytes, new threshold 4 (max 4)
- age   1:     268544 bytes,     268544 total
- age   2:     118960 bytes,     387504 total
- age   3:     126592 bytes,     514096 total
: 16697K->505K(18624K), 0.0014097 secs] 50922K->34849K(83392K), 0.0015115 secs] [Times: user=0.00 sys=0.00, real=0.01 secs] 
64.278: [GC 64.278: [ParNew
Desired survivor size 1343488 bytes, new threshold 4 (max 4)
- age   1:     824448 bytes,     824448 total
- age   3:     118960 bytes,     943408 total
- age   4:     126592 bytes,    1070000 total
: 16497K->1048K(18624K), 0.0014276 secs] 50841K->35392K(83392K), 0.0015434 secs] [Times: user=0.00 sys=0.00, real=0.00 secs] 
64.292: [GC 64.292: [ParNew
Desired survivor size 1343488 bytes, new threshold 4 (max 4)
- age   1:     435632 bytes,     435632 total
- age   2:     583920 bytes,    1019552 total
- age   4:      78856 bytes,    1098408 total
: 17035K->1076K(18624K), 0.0014870 secs] 51379K->35420K(83392K), 0.0015986 secs] [Times: user=0.01 sys=0.00, real=0.00 secs] 
64.306: [GC 64.306: [ParNew
Desired survivor size 1343488 bytes, new threshold 4 (max 4)
- age   1:     396864 bytes,     396864 total
- age   2:     355248 bytes,     752112 total
- age   3:     412672 bytes,    1164784 total
: 17069K->1141K(18624K), 0.0016292 secs] 51413K->35562K(83392K), 0.0017186 secs] [Times: user=0.00 sys=0.00, real=0.00 secs] 
64.319: [GC 64.319: [ParNew
Desired survivor size 1343488 bytes, new threshold 4 (max 4)
- age   1:     405736 bytes,     405736 total
- age   3:     108256 bytes,     513992 total
- age   4:     412672 bytes,     926664 total
: 17116K->908K(18624K), 0.0012663 secs] 51537K->35329K(83392K), 0.0013526 secs] [Times: user=0.00 sys=0.00, real=0.00 secs] 
64.332: [GC 64.332: [ParNew
Desired survivor size 1343488 bytes, new threshold 4 (max 4)
- age   1:     544400 bytes,     544400 total
- age   2:     320744 bytes,     865144 total
: 16899K->848K(18624K), 0.0018624 secs] 51320K->35507K(83392K), 0.0019853 secs] [Times: user=0.00 sys=0.00, real=0.00 secs] 
64.346: [GC 64.346: [ParNew
Desired survivor size 1343488 bytes, new threshold 4 (max 4)
- age   1:     771264 bytes,     771264 total
- age   2:     427424 bytes,    1198688 total
- age   3:         32 bytes,    1198720 total
: 16823K->1174K(18624K), 0.0020656 secs] 51482K->35832K(83392K), 0.0021871 secs] [Times: user=0.01 sys=0.00, real=0.00 secs] 
64.363: [GC 64.363: [ParNew
Desired survivor size 1343488 bytes, new threshold 4 (max 4)
- age   1:     231232 bytes,     231232 total
- age   2:     463168 bytes,     694400 total
- age   4:         32 bytes,     694432 total
: 17172K->681K(18624K), 0.0012656 secs] 51831K->35339K(83392K), 0.0013491 secs] [Times: user=0.01 sys=0.00, real=0.00 secs] 
64.377: [GC 64.377: [ParNew
Desired survivor size 1343488 bytes, new threshold 4 (max 4)
- age   1:     601320 bytes,     601320 total
- age   2:      87064 bytes,     688384 total
: 16645K->675K(18624K), 0.0011821 secs] 51304K->35333K(83392K), 0.0012815 secs] [Times: user=0.01 sys=0.00, real=0.00 secs] 
64.390: [GC 64.390: [ParNew
Desired survivor size 1343488 bytes, new threshold 4 (max 4)
- age   1:     453168 bytes,     453168 total
- age   2:     339744 bytes,     792912 total
- age   3:        704 bytes,     793616 total
: 16621K->777K(18624K), 0.0012217 secs] 51280K->35436K(83392K), 0.0013526 secs] [Times: user=0.00 sys=0.00, real=0.00 secs] 
64.402: [GC 64.402: [ParNew
Desired survivor size 1343488 bytes, new threshold 4 (max 4)
- age   1:     240816 bytes,     240816 total
- age   2:     375296 bytes,     616112 total
- age   3:     199352 bytes,     815464 total
- age   4:        704 bytes,     816168 total
: 16739K->799K(18624K), 0.0021621 secs] 51398K->35458K(83392K), 0.0023103 secs] [Times: user=0.00 sys=0.00, real=0.00 secs] 
64.416: [GC 64.416: [ParNew
Desired survivor size 1343488 bytes, new threshold 4 (max 4)
- age   1:     634896 bytes,     634896 total
- age   3:     172928 bytes,     807824 total
: 16766K->792K(18624K), 0.0013936 secs] 51425K->35451K(83392K), 0.0014732 secs] [Times: user=0.00 sys=0.00, real=0.00 secs] 
64.431: [GC 64.431: [ParNew
Desired survivor size 1343488 bytes, new threshold 4 (max 4)
- age   1:     618032 bytes,     618032 total
: 16775K->606K(18624K), 0.0011695 secs] 51435K->35265K(83392K), 0.0012875 secs] [Times: user=0.00 sys=0.00, real=0.00 secs] 
64.443: [GC 64.444: [ParNew
Desired survivor size 1343488 bytes, new threshold 4 (max 4)
- age   1:     679536 bytes,     679536 total
- age   2:     119464 bytes,     799000 total
: 16564K->783K(18624K), 0.0014080 secs] 51224K->35442K(83392K), 0.0015074 secs] [Times: user=0.00 sys=0.00, real=0.01 secs] 
64.460: [GC 64.460: [ParNew
Desired survivor size 1343488 bytes, new threshold 4 (max 4)
- age   1:     632624 bytes,     632624 total
- age   2:      59312 bytes,     691936 total
- age   3:     119464 bytes,     811400 total
: 16741K->795K(18624K), 0.0015075 secs] 51401K->35454K(83392K), 0.0015802 secs] [Times: user=0.00 sys=0.00, real=0.00 secs] 
64.476: [GC 64.476: [ParNew
Desired survivor size 1343488 bytes, new threshold 4 (max 4)
- age   1:     580408 bytes,     580408 total
- age   2:     291256 bytes,     871664 total
: 16795K->853K(18624K), 0.0018119 secs] 51454K->35513K(83392K), 0.0019130 secs] [Times: user=0.01 sys=0.00, real=0.00 secs] 
64.490: [GC 64.490: [ParNew
Desired survivor size 1343488 bytes, new threshold 4 (max 4)
- age   1:     304088 bytes,     304088 total
- age   2:     515104 bytes,     819192 total
: 16806K->802K(18624K), 0.0013570 secs] 51465K->35461K(83392K), 0.0014846 secs] [Times: user=0.00 sys=0.00, real=0.00 secs] 
64.504: [GC 64.504: [ParNew
Desired survivor size 1343488 bytes, new threshold 4 (max 4)
- age   1:     850376 bytes,     850376 total
- age   3:      89392 bytes,     939768 total
: 16655K->920K(18624K), 0.0014684 secs] 51314K->35580K(83392K), 0.0015682 secs] [Times: user=0.00 sys=0.00, real=0.01 secs] 
64.526: [GC 64.526: [ParNew
Desired survivor size 1343488 bytes, new threshold 4 (max 4)
- age   1:     236864 bytes,     236864 total
- age   2:        600 bytes,     237464 total
- age   4:       2920 bytes,     240384 total
: 16907K->236K(18624K), 0.0008360 secs] 51567K->34896K(83392K), 0.0010145 secs] [Times: user=0.00 sys=0.00, real=0.00 secs] 
64.542: [GC 64.542: [ParNew
Desired survivor size 1343488 bytes, new threshold 4 (max 4)
- age   1:     347304 bytes,     347304 total
- age   2:      83904 bytes,     431208 total
- age   3:        600 bytes,     431808 total
: 16222K->423K(18624K), 0.0013303 secs] 50881K->35085K(83392K), 0.0014110 secs] [Times: user=0.00 sys=0.00, real=0.00 secs] 
64.556: [GC 64.556: [ParNew
Desired survivor size 1343488 bytes, new threshold 4 (max 4)
- age   1:     283480 bytes,     283480 total
- age   2:      10376 bytes,     293856 total
- age   3:       2704 bytes,     296560 total
- age   4:        600 bytes,     297160 total
: 16422K->295K(18624K), 0.0012495 secs] 51084K->34957K(83392K), 0.0013356 secs] [Times: user=0.01 sys=0.00, real=0.00 secs] 
64.568: [GC 64.568: [ParNew
Desired survivor size 1343488 bytes, new threshold 4 (max 4)
- age   1:     362416 bytes,     362416 total
- age   2:       6568 bytes,     368984 total
- age   3:      10376 bytes,     379360 total
- age   4:       2704 bytes,     382064 total
: 16275K->381K(18624K), 0.0020435 secs] 50937K->35043K(83392K), 0.0021924 secs] [Times: user=0.01 sys=0.00, real=0.00 secs] 
64.581: [GC 64.581: [ParNew
Desired survivor size 1343488 bytes, new threshold 4 (max 4)
- age   1:     590040 bytes,     590040 total
- age   3:       6568 bytes,     596608 total
- age   4:      10376 bytes,     606984 total
: 16364K->604K(18624K), 0.0026109 secs] 51026K->35269K(83392K), 0.0027338 secs] [Times: user=0.00 sys=0.00, real=0.00 secs] 
64.595: [GC 64.595: [ParNew
Desired survivor size 1343488 bytes, new threshold 4 (max 4)
- age   1:     458680 bytes,     458680 total
- age   4:       6568 bytes,     465248 total
: 16572K->458K(18624K), 0.0011229 secs] 51237K->35134K(83392K), 0.0012027 secs] [Times: user=0.00 sys=0.00, real=0.00 secs] 
64.610: [GC 64.610: [ParNew
Desired survivor size 1343488 bytes, new threshold 4 (max 4)
- age   1:     134560 bytes,     134560 total
- age   2:      83736 bytes,     218296 total
: 16397K->214K(18624K), 0.0017471 secs] 51072K->34896K(83392K), 0.0018276 secs] [Times: user=0.00 sys=0.00, real=0.00 secs] 
64.624: [GC 64.624: [ParNew
Desired survivor size 1343488 bytes, new threshold 4 (max 4)
- age   1:     334744 bytes,     334744 total
- age   2:        120 bytes,     334864 total
- age   3:      83736 bytes,     418600 total
: 16214K->411K(18624K), 0.0010913 secs] 50896K->35093K(83392K), 0.0011743 secs] [Times: user=0.00 sys=0.00, real=0.01 secs] 
64.637: [GC 64.638: [ParNew
Desired survivor size 1343488 bytes, new threshold 4 (max 4)
- age   1:     360544 bytes,     360544 total
- age   2:        824 bytes,     361368 total
- age   3:        120 bytes,     361488 total
: 16259K->356K(18624K), 0.0008846 secs] 50940K->35037K(83392K), 0.0009711 secs] [Times: user=0.00 sys=0.00, real=0.00 secs] 
64.651: [GC 64.651: [ParNew
Desired survivor size 1343488 bytes, new threshold 4 (max 4)
- age   1:     192584 bytes,     192584 total
- age   3:        640 bytes,     193224 total
- age   4:        120 bytes,     193344 total
: 16356K->190K(18624K), 0.0009982 secs] 51037K->34872K(83392K), 0.0010808 secs] [Times: user=0.00 sys=0.00, real=0.00 secs] 
64.667: [GC 64.667: [ParNew
Desired survivor size 1343488 bytes, new threshold 4 (max 4)
- age   1:     236896 bytes,     236896 total
- age   2:       3840 bytes,     240736 total
- age   4:        528 bytes,     241264 total
: 16190K->236K(18624K), 0.0016765 secs] 50872K->34918K(83392K), 0.0017597 secs] [Times: user=0.01 sys=0.00, real=0.00 secs] 
64.681: [GC 64.681: [ParNew
Desired survivor size 1343488 bytes, new threshold 4 (max 4)
- age   1:      88144 bytes,      88144 total
- age   2:     112112 bytes,     200256 total
- age   3:       3840 bytes,     204096 total
: 16223K->206K(18624K), 0.0008463 secs] 50905K->34888K(83392K), 0.0009158 secs] [Times: user=0.00 sys=0.00, real=0.00 secs] 
64.694: [GC 64.694: [ParNew
Desired survivor size 1343488 bytes, new threshold 4 (max 4)
- age   1:     452168 bytes,     452168 total
- age   3:       9152 bytes,     461320 total
- age   4:       3840 bytes,     465160 total
: 16199K->459K(18624K), 0.0012289 secs] 50881K->35141K(83392K), 0.0013135 secs] [Times: user=0.00 sys=0.00, real=0.01 secs] 
64.708: [GC 64.708: [ParNew
Desired survivor size 1343488 bytes, new threshold 4 (max 4)
- age   1:     178936 bytes,     178936 total
- age   2:       7904 bytes,     186840 total
- age   4:       9152 bytes,     195992 total
: 16448K->193K(18624K), 0.0009574 secs] 51130K->34879K(83392K), 0.0010348 secs] [Times: user=0.00 sys=0.00, real=0.00 secs] 
64.722: [GC 64.722: [ParNew
Desired survivor size 1343488 bytes, new threshold 4 (max 4)
- age   1:     271168 bytes,     271168 total
- age   3:       7904 bytes,     279072 total
: 16173K->281K(18624K), 0.0009474 secs] 50859K->34976K(83392K), 0.0010481 secs] [Times: user=0.00 sys=0.00, real=0.00 secs] 
64.734: [GC 64.734: [ParNew
Desired survivor size 1343488 bytes, new threshold 4 (max 4)
- age   1:     280488 bytes,     280488 total
- age   4:       7904 bytes,     288392 total
: 16247K->288K(18624K), 0.0008705 secs] 50942K->34983K(83392K), 0.0009704 secs] [Times: user=0.00 sys=0.00, real=0.01 secs] 
64.746: [GC 64.746: [ParNew
Desired survivor size 1343488 bytes, new threshold 4 (max 4)
- age   1:     368816 bytes,     368816 total
: 16257K->364K(18624K), 0.0012711 secs] 50952K->35067K(83392K), 0.0013664 secs] [Times: user=0.00 sys=0.00, real=0.00 secs] 
64.759: [GC 64.759: [ParNew
Desired survivor size 1343488 bytes, new threshold 4 (max 4)
- age   1:     297664 bytes,     297664 total
- age   2:     149024 bytes,     446688 total
: 16330K->440K(18624K), 0.0013747 secs] 51033K->35142K(83392K), 0.0014874 secs] [Times: user=0.00 sys=0.00, real=0.00 secs] 
64.773: [GC 64.773: [ParNew
Desired survivor size 1343488 bytes, new threshold 4 (max 4)
- age   1:     313336 bytes,     313336 total
- age   2:     160536 bytes,     473872 total
: 16416K->464K(18624K), 0.0011144 secs] 51119K->35167K(83392K), 0.0011984 secs] [Times: user=0.00 sys=0.00, real=0.00 secs] 
64.785: [GC 64.785: [ParNew
Desired survivor size 1343488 bytes, new threshold 4 (max 4)
- age   1:     206104 bytes,     206104 total
- age   2:      83800 bytes,     289904 total
: 16407K->286K(18624K), 0.0010856 secs] 51110K->34989K(83392K), 0.0012868 secs] [Times: user=0.01 sys=0.00, real=0.00 secs] 
64.797: [GC 64.797: [ParNew
Desired survivor size 1343488 bytes, new threshold 4 (max 4)
- age   1:     504816 bytes,     504816 total
- age   2:        336 bytes,     505152 total
: 16258K->496K(18624K), 0.0014071 secs] 50961K->35199K(83392K), 0.0015005 secs] [Times: user=0.01 sys=0.00, real=0.00 secs] 
64.811: [GC 64.811: [ParNew
Desired survivor size 1343488 bytes, new threshold 4 (max 4)
- age   1:     474744 bytes,     474744 total
- age   3:        336 bytes,     475080 total
: 16464K->467K(18624K), 0.0011477 secs] 51167K->35170K(83392K), 0.0012346 secs] [Times: user=0.00 sys=0.00, real=0.00 secs] 
64.824: [GC 64.824: [ParNew
Desired survivor size 1343488 bytes, new threshold 4 (max 4)
- age   1:     392560 bytes,     392560 total
- age   2:      95384 bytes,     487944 total
- age   4:        336 bytes,     488280 total
: 16455K->480K(18624K), 0.0011858 secs] 51157K->35183K(83392K), 0.0012799 secs] [Times: user=0.00 sys=0.00, real=0.01 secs] 
64.838: [GC 64.838: [ParNew
Desired survivor size 1343488 bytes, new threshold 4 (max 4)
- age   1:     200376 bytes,     200376 total
: 16460K->198K(18624K), 0.0025457 secs] 51163K->34901K(83392K), 0.0026452 secs] [Times: user=0.00 sys=0.00, real=0.00 secs] 
64.852: [GC 64.852: [ParNew
Desired survivor size 1343488 bytes, new threshold 4 (max 4)
- age   1:     375592 bytes,     375592 total
- age   2:        704 bytes,     376296 total
: 16180K->370K(18624K), 0.0010380 secs] 50883K->35073K(83392K), 0.0011243 secs] [Times: user=0.00 sys=0.00, real=0.00 secs] 
64.865: [GC 64.865: [ParNew
Desired survivor size 1343488 bytes, new threshold 4 (max 4)
- age   1:     366984 bytes,     366984 total
- age   3:        704 bytes,     367688 total
: 16359K->362K(18624K), 0.0009154 secs] 51062K->35065K(83392K), 0.0009944 secs] [Times: user=0.00 sys=0.00, real=0.00 secs] 
64.878: [GC 64.878: [ParNew
Desired survivor size 1343488 bytes, new threshold 4 (max 4)
- age   1:     310512 bytes,     310512 total
- age   4:        704 bytes,     311216 total
: 16302K->305K(18624K), 0.0012935 secs] 51005K->35008K(83392K), 0.0013964 secs] [Times: user=0.00 sys=0.00, real=0.00 secs] 
64.890: [GC 64.891: [ParNew
Desired survivor size 1343488 bytes, new threshold 4 (max 4)
- age   1:     405584 bytes,     405584 total
: 16172K->397K(18624K), 0.0016952 secs] 50875K->35101K(83392K), 0.0018159 secs] [Times: user=0.00 sys=0.00, real=0.00 secs] 
64.906: [GC 64.906: [ParNew
Desired survivor size 1343488 bytes, new threshold 4 (max 4)
- age   1:     155400 bytes,     155400 total
: 16373K->154K(18624K), 0.0010897 secs] 51077K->34857K(83392K), 0.0011977 secs] [Times: user=0.00 sys=0.00, real=0.00 secs] 
64.921: [GC 64.921: [ParNew
Desired survivor size 1343488 bytes, new threshold 4 (max 4)
- age   1:     249168 bytes,     249168 total
- age   2:       1384 bytes,     250552 total
: 16154K->246K(18624K), 0.0008579 secs] 50857K->34950K(83392K), 0.0009717 secs] [Times: user=0.00 sys=0.00, real=0.00 secs] 
64.933: [GC 64.933: [ParNew
Desired survivor size 1343488 bytes, new threshold 4 (max 4)
- age   1:     354752 bytes,     354752 total
- age   2:       6880 bytes,     361632 total
- age   3:       1272 bytes,     362904 total
: 16215K->358K(18624K), 0.0010591 secs] 50919K->35062K(83392K), 0.0011481 secs] [Times: user=0.00 sys=0.00, real=0.00 secs] 
64.946: [GC 64.946: [ParNew
Desired survivor size 1343488 bytes, new threshold 4 (max 4)
- age   1:     327808 bytes,     327808 total
- age   2:       3264 bytes,     331072 total
- age   3:       6880 bytes,     337952 total
- age   4:       1272 bytes,     339224 total
: 16304K->340K(18624K), 0.0010254 secs] 51008K->35044K(83392K), 0.0011289 secs] [Times: user=0.01 sys=0.00, real=0.00 secs] 
64.959: [GC 64.959: [ParNew
Desired survivor size 1343488 bytes, new threshold 4 (max 4)
- age   1:     289728 bytes,     289728 total
- age   3:       3264 bytes,     292992 total
- age   4:       6880 bytes,     299872 total
: 16338K->296K(18624K), 0.0009661 secs] 51042K->35001K(83392K), 0.0010565 secs] [Times: user=0.00 sys=0.00, real=0.00 secs] 
64.976: [GC 64.976: [ParNew
Desired survivor size 1343488 bytes, new threshold 4 (max 4)
- age   1:      45160 bytes,      45160 total
- age   4:       3264 bytes,      48424 total
: 16285K->51K(18624K), 0.0010694 secs] 50990K->34763K(83392K), 0.0011388 secs] [Times: user=0.00 sys=0.00, real=0.00 secs] 
64.992: [GC 64.992: [ParNew
Desired survivor size 1343488 bytes, new threshold 4 (max 4)
- age   1:      61280 bytes,      61280 total
- age   2:       2640 bytes,      63920 total
: 16051K->65K(18624K), 0.0010246 secs] 50763K->34780K(83392K), 0.0011432 secs] [Times: user=0.00 sys=0.00, real=0.00 secs] 
65.004: [GC 65.004: [ParNew
Desired survivor size 1343488 bytes, new threshold 4 (max 4)
- age   1:      84304 bytes,      84304 total
- age   2:       5224 bytes,      89528 total
- age   3:       2528 bytes,      92056 total
: 16057K->95K(18624K), 0.0009179 secs] 50772K->34811K(83392K), 0.0009948 secs] [Times: user=0.00 sys=0.01, real=0.01 secs] 
65.016: [GC 65.016: [ParNew
Desired survivor size 1343488 bytes, new threshold 4 (max 4)
- age   1:      95536 bytes,      95536 total
- age   2:       3664 bytes,      99200 total
- age   3:       5224 bytes,     104424 total
- age   4:       2528 bytes,     106952 total
: 16076K->113K(18624K), 0.0009341 secs] 50791K->34828K(83392K), 0.0010284 secs] [Times: user=0.00 sys=0.00, real=0.00 secs] 
65.028: [GC 65.028: [ParNew
Desired survivor size 1343488 bytes, new threshold 4 (max 4)
- age   1:     144392 bytes,     144392 total
- age   3:       3664 bytes,     148056 total
- age   4:       5224 bytes,     153280 total
: 16094K->151K(18624K), 0.0010786 secs] 50809K->34868K(83392K), 0.0011651 secs] [Times: user=0.00 sys=0.00, real=0.00 secs] 
65.040: [GC 65.040: [ParNew
Desired survivor size 1343488 bytes, new threshold 4 (max 4)
- age   1:     163464 bytes,     163464 total
- age   4:       3664 bytes,     167128 total
: 16144K->167K(18624K), 0.0010210 secs] 50861K->34890K(83392K), 0.0011035 secs] [Times: user=0.00 sys=0.00, real=0.00 secs] 
65.053: [GC 65.053: [ParNew
Desired survivor size 1343488 bytes, new threshold 4 (max 4)
- age   1:     288920 bytes,     288920 total
: 16098K->286K(18624K), 0.0012045 secs] 50820K->35012K(83392K), 0.0012933 secs] [Times: user=0.00 sys=0.00, real=0.00 secs] 
65.065: [GC 65.066: [ParNew
Desired survivor size 1343488 bytes, new threshold 4 (max 4)
- age   1:     139552 bytes,     139552 total
: 16231K->140K(18624K), 0.0010366 secs] 50957K->34866K(83392K), 0.0011271 secs] [Times: user=0.00 sys=0.00, real=0.00 secs] 
65.078: [GC 65.078: [ParNew
Desired survivor size 1343488 bytes, new threshold 4 (max 4)
- age   1:     145096 bytes,     145096 total
: 16073K->145K(18624K), 0.0008780 secs] 50799K->34871K(83392K), 0.0009547 secs] [Times: user=0.00 sys=0.00, real=0.00 secs] 
65.093: [GC 65.093: [ParNew
Desired survivor size 1343488 bytes, new threshold 4 (max 4)
- age   1:      68088 bytes,      68088 total
: 16101K->69K(18624K), 0.0016265 secs] 50828K->34795K(83392K), 0.0017869 secs] [Times: user=0.00 sys=0.00, real=0.01 secs] 
65.108: [GC 65.108: [ParNew
Desired survivor size 1343488 bytes, new threshold 4 (max 4)
- age   1:      77456 bytes,      77456 total
- age   2:        856 bytes,      78312 total
: 15983K->79K(18624K), 0.0007861 secs] 50709K->34805K(83392K), 0.0008563 secs] [Times: user=0.00 sys=0.00, real=0.00 secs] 
65.122: [GC 65.123: [ParNew
Desired survivor size 1343488 bytes, new threshold 4 (max 4)
- age   1:      84120 bytes,      84120 total
- age   3:        856 bytes,      84976 total
: 16074K->86K(18624K), 0.0010559 secs] 50800K->34812K(83392K), 0.0011527 secs] [Times: user=0.00 sys=0.00, real=0.00 secs] 
65.145: [GC 65.145: [ParNew
Desired survivor size 1343488 bytes, new threshold 4 (max 4)
- age   1:      26640 bytes,      26640 total
- age   4:        856 bytes,      27496 total
: 16075K->28K(18624K), 0.0008155 secs] 50801K->34754K(83392K), 0.0008800 secs] [Times: user=0.00 sys=0.00, real=0.00 secs] 
65.159: [GC 65.159: [ParNew
Desired survivor size 1343488 bytes, new threshold 4 (max 4)
- age   1:      34456 bytes,      34456 total
- age   2:      11536 bytes,      45992 total
: 16007K->49K(18624K), 0.0008238 secs] 50733K->34776K(83392K), 0.0008921 secs] [Times: user=0.01 sys=0.00, real=0.00 secs] 
65.173: [GC 65.173: [ParNew
Desired survivor size 1343488 bytes, new threshold 4 (max 4)
- age   1:      48384 bytes,      48384 total
- age   3:      11536 bytes,      59920 total
: 15955K->68K(18624K), 0.0007672 secs] 50682K->34795K(83392K), 0.0008332 secs] [Times: user=0.00 sys=0.00, real=0.00 secs] 
65.187: [GC 65.187: [ParNew
Desired survivor size 1343488 bytes, new threshold 4 (max 4)
- age   1:     118640 bytes,     118640 total
- age   4:      11536 bytes,     130176 total
: 16044K->133K(18624K), 0.0010171 secs] 50771K->34860K(83392K), 0.0011080 secs] [Times: user=0.00 sys=0.00, real=0.00 secs] 
65.201: [GC 65.201: [ParNew
Desired survivor size 1343488 bytes, new threshold 4 (max 4)
- age   1:      68592 bytes,      68592 total
: 16100K->72K(18624K), 0.0009344 secs] 50827K->34810K(83392K), 0.0010248 secs] [Times: user=0.01 sys=0.00, real=0.00 secs] 
65.215: [GC 65.215: [ParNew
Desired survivor size 1343488 bytes, new threshold 4 (max 4)
- age   1:      78968 bytes,      78968 total
: 15969K->79K(18624K), 0.0009654 secs] 50707K->34817K(83392K), 0.0010486 secs] [Times: user=0.00 sys=0.00, real=0.00 secs] 
65.229: [GC 65.229: [ParNew
Desired survivor size 1343488 bytes, new threshold 4 (max 4)
- age   1:      84816 bytes,      84816 total
: 16058K->84K(18624K), 0.0007893 secs] 50797K->34823K(83392K), 0.0008608 secs] [Times: user=0.00 sys=0.00, real=0.00 secs] 
77.915: [Full GC (System) 77.915: [CMS: 34738K->5436K(64768K), 0.0865482 secs] 42889K->5436K(83392K), [CMS Perm : 10713K->10713K(21248K)], 0.0866703 secs] [Times: user=0.08 sys=0.01, real=0.08 secs] 
Heap
 par new generation   total 18624K, used 532K [0x0000000105010000, 0x00000001064d0000, 0x00000001064d0000)
  eden space 16000K,   3% used [0x0000000105010000, 0x0000000105095360, 0x0000000105fb0000)
  from space 2624K,   0% used [0x0000000106240000, 0x0000000106240000, 0x00000001064d0000)
  to   space 2624K,   0% used [0x0000000105fb0000, 0x0000000105fb0000, 0x0000000106240000)
 concurrent mark-sweep generation total 64768K, used 5436K [0x00000001064d0000, 0x000000010a410000, 0x000000010a410000)
 concurrent-mark-sweep perm gen total 21248K, used 10714K [0x000000010a410000, 0x000000010b8d0000, 0x000000010f810000)
