0.965: [Full GC (System) 0.965: [CMS: 0K->1762K(63872K), 0.0540310 secs] 13094K->1762K(83008K), [CMS Perm : 12353K->12343K(21248K)], 0.0541310 secs] [Times: user=0.04 sys=0.01, real=0.05 secs] 
1.368: [GC 1.368: [ParNew
Desired survivor size 1081344 bytes, new threshold 4 (max 4)
- age   1:     812152 bytes,     812152 total
: 17010K->810K(19136K), 0.0178630 secs] 18772K->2572K(83008K), 0.0179090 secs] [Times: user=0.02 sys=0.00, real=0.02 secs] 
2.054: [GC 2.054: [ParNew
Desired survivor size 1081344 bytes, new threshold 2 (max 4)
- age   1:     672944 bytes,     672944 total
- age   2:     756216 bytes,    1429160 total
: 17834K->1481K(19136K), 0.0069230 secs] 19596K->3243K(83008K), 0.0069830 secs] [Times: user=0.03 sys=0.00, real=0.00 secs] 
2.384: [GC 2.384: [ParNew
Desired survivor size 1081344 bytes, new threshold 2 (max 4)
- age   1:     585664 bytes,     585664 total
- age   2:     665936 bytes,    1251600 total
: 18505K->1800K(19136K), 0.0110550 secs] 20267K->4252K(83008K), 0.0111070 secs] [Times: user=0.02 sys=0.00, real=0.01 secs] 
2.634: [GC 2.634: [ParNew
Desired survivor size 1081344 bytes, new threshold 2 (max 4)
- age   1:    1006744 bytes,    1006744 total
- age   2:     433080 bytes,    1439824 total
: 18824K->2111K(19136K), 0.0069220 secs] 21276K->5298K(83008K), 0.0069740 secs] [Times: user=0.01 sys=0.00, real=0.00 secs] 
2.774: [GC 2.774: [ParNew
Desired survivor size 1081344 bytes, new threshold 4 (max 4)
- age   1:     247224 bytes,     247224 total
- age   2:     605488 bytes,     852712 total
: 19135K->1691K(19136K), 0.0096010 secs] 22322K->5300K(83008K), 0.0096430 secs] [Times: user=0.02 sys=0.00, real=0.01 secs] 
3.216: [GC 3.216: [ParNew
Desired survivor size 1081344 bytes, new threshold 3 (max 4)
- age   1:     708560 bytes,     708560 total
- age   2:     225528 bytes,     934088 total
- age   3:     605264 bytes,    1539352 total
: 18715K->1811K(19136K), 0.0034760 secs] 22324K->5420K(83008K), 0.0035230 secs] [Times: user=0.01 sys=0.00, real=0.00 secs] 
3.756: [GC 3.756: [ParNew
Desired survivor size 1081344 bytes, new threshold 1 (max 4)
- age   1:    1222784 bytes,    1222784 total
- age   2:     658392 bytes,    1881176 total
- age   3:     225104 bytes,    2106280 total
: 18835K->2112K(19136K), 0.0045640 secs] 22444K->6387K(83008K), 0.0046200 secs] [Times: user=0.02 sys=0.00, real=0.00 secs] 
4.307: [GC 4.308: [ParNew
Desired survivor size 1081344 bytes, new threshold 1 (max 4)
- age   1:    1256448 bytes,    1256448 total
: 19136K->2112K(19136K), 0.0123770 secs] 23411K->8335K(83008K), 0.0124390 secs] [Times: user=0.03 sys=0.01, real=0.01 secs] 
5.017: [GC 5.017: [ParNew
Desired survivor size 1081344 bytes, new threshold 1 (max 4)
- age   1:    1658464 bytes,    1658464 total
: 19136K->2112K(19136K), 0.0070540 secs] 25359K->9613K(83008K), 0.0071180 secs] [Times: user=0.03 sys=0.00, real=0.01 secs] 
33.563: [GC 33.563: [ParNew
Desired survivor size 1081344 bytes, new threshold 1 (max 4)
- age   1:    2107584 bytes,    2107584 total
: 19136K->2112K(19136K), 0.0083700 secs] 26637K->11617K(83008K), 0.0084350 secs] [Times: user=0.04 sys=0.00, real=0.01 secs] 
93.520: [GC 93.520: [ParNew
Desired survivor size 1081344 bytes, new threshold 4 (max 4)
- age   1:     258384 bytes,     258384 total
: 19136K->1714K(19136K), 0.0055460 secs] 28641K->13277K(83008K), 0.0056140 secs] [Times: user=0.01 sys=0.00, real=0.00 secs] 
128.046: [GC 128.046: [ParNew
Desired survivor size 1081344 bytes, new threshold 4 (max 4)
- age   1:     509040 bytes,     509040 total
- age   2:     236232 bytes,     745272 total
: 18738K->950K(19136K), 0.0021490 secs] 30301K->12514K(83008K), 0.0021940 secs] [Times: user=0.01 sys=0.00, real=0.00 secs] 
128.371: [GC 128.371: [ParNew
Desired survivor size 1081344 bytes, new threshold 1 (max 4)
- age   1:    1736688 bytes,    1736688 total
- age   2:     173752 bytes,    1910440 total
- age   3:     236232 bytes,    2146672 total
: 17974K->2112K(19136K), 0.0057770 secs] 29538K->14275K(83008K), 0.0058420 secs] [Times: user=0.03 sys=0.00, real=0.01 secs] 
128.963: [GC 128.963: [ParNew
Desired survivor size 1081344 bytes, new threshold 1 (max 4)
- age   1:    2157400 bytes,    2157400 total
: 19136K->2112K(19136K), 0.0094270 secs] 31299K->19426K(83008K), 0.0095150 secs] [Times: user=0.03 sys=0.00, real=0.01 secs] 
137.692: [GC 137.692: [ParNew
Desired survivor size 1081344 bytes, new threshold 1 (max 4)
- age   1:    1366504 bytes,    1366504 total
: 19136K->2112K(19136K), 0.0058570 secs] 36450K->21517K(83008K), 0.0059220 secs] [Times: user=0.02 sys=0.00, real=0.01 secs] 
141.850: [GC 141.850: [ParNew
Desired survivor size 1081344 bytes, new threshold 1 (max 4)
- age   1:    1462864 bytes,    1462864 total
: 19136K->2112K(19136K), 0.0045410 secs] 38541K->22752K(83008K), 0.0046140 secs] [Times: user=0.01 sys=0.00, real=0.01 secs] 
151.490: [GC 151.490: [ParNew
Desired survivor size 1081344 bytes, new threshold 1 (max 4)
- age   1:    1585808 bytes,    1585808 total
: 19094K->1793K(19136K), 0.0050200 secs] 39735K->23875K(83008K), 0.0050810 secs] [Times: user=0.02 sys=0.00, real=0.01 secs] 
153.781: [GC 153.782: [ParNew
Desired survivor size 1081344 bytes, new threshold 4 (max 4)
- age   1:     638368 bytes,     638368 total
: 18817K->1520K(19136K), 0.0050310 secs] 40899K->25073K(83008K), 0.0050940 secs] [Times: user=0.01 sys=0.00, real=0.01 secs] 
154.628: [GC 154.628: [ParNew
Desired survivor size 1081344 bytes, new threshold 1 (max 4)
- age   1:    1156648 bytes,    1156648 total
- age   2:     627856 bytes,    1784504 total
: 18544K->1930K(19136K), 0.0032490 secs] 42097K->25484K(83008K), 0.0033060 secs] [Times: user=0.01 sys=0.00, real=0.00 secs] 
154.659: [Full GC (System) 154.659: [CMS: 23553K->22783K(63872K), 0.2151890 secs] 26706K->22783K(83008K), [CMS Perm : 49951K->49482K(50048K)], 0.2154040 secs] [Times: user=0.21 sys=0.00, real=0.21 secs] 
154.876: [Full GC (System) 154.876: [CMS: 22783K->22005K(63872K), 0.1816870 secs] 23086K->22005K(83008K), [CMS Perm : 49482K->49482K(82472K)], 0.1817700 secs] [Times: user=0.18 sys=0.00, real=0.18 secs] 
155.060: [Full GC (System) 155.060: [CMS: 22005K->21656K(63872K), 0.2005090 secs] 22679K->21656K(83008K), [CMS Perm : 49491K->49490K(82472K)], 0.2006280 secs] [Times: user=0.20 sys=0.00, real=0.20 secs] 
155.328: [Full GC (System) 155.328: [CMS: 21656K->21768K(63872K), 0.1799750 secs] 24705K->21768K(83008K), [CMS Perm : 49507K->49504K(82664K)], 0.1800610 secs] [Times: user=0.18 sys=0.00, real=0.18 secs] 
155.524: [Full GC (System) 155.524: [CMS: 21768K->21850K(63872K), 0.1781270 secs] 23560K->21850K(83008K), [CMS Perm : 49643K->49637K(82664K)], 0.1782500 secs] [Times: user=0.18 sys=0.00, real=0.18 secs] 
155.703: [Full GC (System) 155.703: [CMS: 21850K->21836K(63872K), 0.1701140 secs] 22190K->21836K(83008K), [CMS Perm : 49638K->49638K(82856K)], 0.1701980 secs] [Times: user=0.17 sys=0.00, real=0.17 secs] 
155.881: [Full GC (System) 155.881: [CMS: 21836K->21832K(63872K), 0.1719310 secs] 22872K->21832K(83008K), [CMS Perm : 49647K->49646K(82856K)], 0.1720180 secs] [Times: user=0.17 sys=0.00, real=0.17 secs] 
156.112: [Full GC (System) 156.112: [CMS: 21832K->21904K(63872K), 0.1806400 secs] 23216K->21904K(83008K), [CMS Perm : 49701K->49700K(82856K)], 0.1807280 secs] [Times: user=0.20 sys=0.00, real=0.18 secs] 
156.298: [Full GC (System) 156.298: [CMS: 21904K->21918K(63872K), 0.1772140 secs] 22308K->21918K(83008K), [CMS Perm : 49726K->49725K(82856K)], 0.1773750 secs] [Times: user=0.18 sys=0.00, real=0.17 secs] 
156.487: [Full GC (System) 156.487: [CMS: 21918K->22115K(63872K), 0.1780990 secs] 23434K->22115K(83008K), [CMS Perm : 49803K->49800K(83048K)], 0.1781860 secs] [Times: user=0.18 sys=0.00, real=0.17 secs] 
156.666: [Full GC (System) 156.666: [CMS: 22115K->22115K(63872K), 0.1703330 secs] 22391K->22115K(83008K), [CMS Perm : 49800K->49800K(83048K)], 0.1704170 secs] [Times: user=0.17 sys=0.00, real=0.17 secs] 
156.869: [Full GC (System) 156.869: [CMS: 22115K->21885K(63872K), 0.1852760 secs] 27424K->21885K(83008K), [CMS Perm : 50037K->50036K(83048K)], 0.1854000 secs] [Times: user=0.20 sys=0.00, real=0.18 secs] 
157.903: [Full GC (System) 157.903: [CMS: 21885K->21975K(63872K), 0.1826190 secs] 30187K->21975K(83008K), [CMS Perm : 50148K->50144K(83396K)], 0.1827500 secs] [Times: user=0.19 sys=0.00, real=0.18 secs] 
158.133: [Full GC (System) 158.133: [CMS: 21975K->22465K(63872K), 0.1720460 secs] 24061K->22465K(83008K), [CMS Perm : 50147K->50147K(83588K)], 0.1721340 secs] [Times: user=0.17 sys=0.00, real=0.17 secs] 
158.308: [Full GC (System) 158.308: [CMS: 22465K->22472K(63872K), 0.1735450 secs] 23228K->22472K(83008K), [CMS Perm : 50148K->50148K(83588K)], 0.1736290 secs] [Times: user=0.18 sys=0.00, real=0.17 secs] 
158.487: [Full GC (System) 158.487: [CMS: 22472K->22471K(63872K), 0.1733340 secs] 23463K->22471K(83008K), [CMS Perm : 50152K->50149K(83588K)], 0.1734140 secs] [Times: user=0.17 sys=0.00, real=0.17 secs] 
158.663: [Full GC (System) 158.663: [CMS: 22471K->22442K(63872K), 0.1749640 secs] 22840K->22442K(83008K), [CMS Perm : 50150K->50150K(83588K)], 0.1750510 secs] [Times: user=0.18 sys=0.00, real=0.18 secs] 
158.839: [Full GC (System) 158.839: [CMS: 22442K->22459K(63872K), 0.1745180 secs] 22730K->22459K(83008K), [CMS Perm : 50150K->50150K(83588K)], 0.1746040 secs] [Times: user=0.18 sys=0.00, real=0.17 secs] 
159.057: [Full GC (System) 159.057: [CMS: 22459K->22305K(63872K), 0.1810810 secs] 25761K->22305K(83008K), [CMS Perm : 50160K->50159K(83588K)], 0.1812010 secs] [Times: user=0.19 sys=0.00, real=0.18 secs] 
159.242: [Full GC (System) 159.242: [CMS: 22305K->22323K(63872K), 0.1745260 secs] 22785K->22323K(83008K), [CMS Perm : 50162K->50160K(83780K)], 0.1746570 secs] [Times: user=0.17 sys=0.00, real=0.18 secs] 
162.839: [GC 162.839: [ParNew
Desired survivor size 1081344 bytes, new threshold 4 (max 4)
- age   1:     363288 bytes,     363288 total
: 17024K->1278K(19136K), 0.0018080 secs] 39347K->23602K(83008K), 0.0018590 secs] [Times: user=0.01 sys=0.00, real=0.00 secs] 
163.092: [Full GC (System) 163.092: [CMS: 22323K->22337K(63872K), 0.1857970 secs] 25088K->22337K(83008K), [CMS Perm : 50212K->50203K(83780K)], 0.1858890 secs] [Times: user=0.19 sys=0.00, real=0.19 secs] 
163.310: [Full GC (System) 163.310: [CMS: 22337K->22396K(63872K), 0.1733150 secs] 23897K->22396K(83008K), [CMS Perm : 50209K->50208K(83780K)], 0.1734260 secs] [Times: user=0.17 sys=0.00, real=0.17 secs] 
163.487: [Full GC (System) 163.487: [CMS: 22396K->22422K(63872K), 0.1724290 secs] 23172K->22422K(83008K), [CMS Perm : 50211K->50208K(83780K)], 0.1725220 secs] [Times: user=0.18 sys=0.00, real=0.17 secs] 
163.662: [Full GC (System) 163.662: [CMS: 22422K->22442K(63872K), 0.1732880 secs] 22921K->22442K(83008K), [CMS Perm : 50208K->50208K(83780K)], 0.1733800 secs] [Times: user=0.18 sys=0.00, real=0.17 secs] 
163.836: [Full GC (System) 163.836: [CMS: 22442K->22429K(63872K), 0.1728450 secs] 22715K->22429K(83008K), [CMS Perm : 50208K->50208K(83780K)], 0.1729370 secs] [Times: user=0.17 sys=0.00, real=0.18 secs] 
164.012: [Full GC (System) 164.012: [CMS: 22429K->22490K(63872K), 0.1800420 secs] 23023K->22490K(83008K), [CMS Perm : 50209K->50209K(83780K)], 0.1801350 secs] [Times: user=0.18 sys=0.00, real=0.18 secs] 
164.193: [Full GC (System) 164.193: [CMS: 22490K->22488K(63872K), 0.1733800 secs] 22660K->22488K(83008K), [CMS Perm : 50209K->50209K(83780K)], 0.1734860 secs] [Times: user=0.17 sys=0.00, real=0.17 secs] 
164.401: [Full GC (System) 164.401: [CMS: 22488K->22441K(63872K), 0.1738850 secs] 25381K->22441K(83008K), [CMS Perm : 50227K->50222K(83780K)], 0.1739820 secs] [Times: user=0.18 sys=0.00, real=0.17 secs] 
166.198: [Full GC (System) 166.198: [CMS: 22441K->22388K(63872K), 0.1858800 secs] 38327K->22388K(83008K), [CMS Perm : 50259K->50255K(83780K)], 0.1859740 secs] [Times: user=0.18 sys=0.00, real=0.18 secs] 
166.459: [Full GC (System) 166.459: [CMS: 22388K->22456K(63872K), 0.1806550 secs] 24174K->22456K(83008K), [CMS Perm : 50256K->50256K(83780K)], 0.1807500 secs] [Times: user=0.18 sys=0.00, real=0.18 secs] 
166.643: [Full GC (System) 166.643: [CMS: 22456K->22486K(63872K), 0.1766230 secs] 23035K->22486K(83008K), [CMS Perm : 50264K->50260K(83780K)], 0.1767140 secs] [Times: user=0.18 sys=0.00, real=0.18 secs] 
166.832: [Full GC (System) 166.832: [CMS: 22486K->23005K(63872K), 0.1885860 secs] 26489K->23005K(83008K), [CMS Perm : 50272K->50272K(83780K)], 0.1887260 secs] [Times: user=0.19 sys=0.00, real=0.19 secs] 
167.023: [Full GC (System) 167.023: [CMS: 23005K->23105K(63872K), 0.1745960 secs] 23417K->23105K(83008K), [CMS Perm : 50272K->50272K(83972K)], 0.1746880 secs] [Times: user=0.18 sys=0.00, real=0.17 secs] 
167.201: [Full GC (System) 167.201: [CMS: 23105K->22873K(63872K), 0.1753730 secs] 23927K->22873K(83008K), [CMS Perm : 50273K->50273K(83972K)], 0.1754980 secs] [Times: user=0.17 sys=0.00, real=0.17 secs] 
167.381: [Full GC (System) 167.381: [CMS: 22873K->22928K(63872K), 0.1754190 secs] 24013K->22928K(83008K), [CMS Perm : 50277K->50277K(83972K)], 0.1755110 secs] [Times: user=0.17 sys=0.00, real=0.17 secs] 
167.598: [Full GC (System) 167.598: [CMS: 22928K->22730K(63872K), 0.1742000 secs] 26694K->22730K(83008K), [CMS Perm : 50301K->50297K(83972K)], 0.1742960 secs] [Times: user=0.17 sys=0.00, real=0.17 secs] 
170.353: [Full GC (System) 170.353: [CMS: 22730K->22942K(63872K), 0.1833170 secs] 31990K->22942K(83008K), [CMS Perm : 50326K->50319K(83972K)], 0.1834100 secs] [Times: user=0.19 sys=0.00, real=0.18 secs] 
170.543: [Full GC (System) 170.543: [CMS: 22942K->22947K(63872K), 0.1728920 secs] 23855K->22947K(83008K), [CMS Perm : 50323K->50322K(83972K)], 0.1729830 secs] [Times: user=0.18 sys=0.00, real=0.17 secs] 
170.717: [Full GC (System) 170.717: [CMS: 22947K->22951K(63872K), 0.1736000 secs] 23039K->22951K(83008K), [CMS Perm : 50322K->50322K(83972K)], 0.1736890 secs] [Times: user=0.17 sys=0.00, real=0.18 secs] 
170.893: [Full GC (System) 170.893: [CMS: 22951K->22916K(63872K), 0.1747710 secs] 23288K->22916K(83008K), [CMS Perm : 50322K->50322K(83972K)], 0.1748600 secs] [Times: user=0.18 sys=0.00, real=0.18 secs] 
171.069: [Full GC (System) 171.069: [CMS: 22916K->22982K(63872K), 0.1729770 secs] 23214K->22982K(83008K), [CMS Perm : 50322K->50322K(83972K)], 0.1730670 secs] [Times: user=0.17 sys=0.00, real=0.17 secs] 
171.244: [Full GC (System) 171.244: [CMS: 22982K->23069K(63872K), 0.1724820 secs] 23516K->23069K(83008K), [CMS Perm : 50322K->50322K(83972K)], 0.1725980 secs] [Times: user=0.17 sys=0.00, real=0.17 secs] 
171.420: [Full GC (System) 171.420: [CMS: 23069K->23046K(63872K), 0.1732910 secs] 23377K->23046K(83008K), [CMS Perm : 50322K->50322K(83972K)], 0.1733800 secs] [Times: user=0.18 sys=0.00, real=0.17 secs] 
171.595: [Full GC (System) 171.595: [CMS: 23046K->23180K(63872K), 0.1752030 secs] 23517K->23180K(83008K), [CMS Perm : 50322K->50322K(83972K)], 0.1752930 secs] [Times: user=0.18 sys=0.00, real=0.18 secs] 
173.184: [GC 173.184: [ParNew
Desired survivor size 1081344 bytes, new threshold 4 (max 4)
- age   1:     699344 bytes,     699344 total
: 16993K->987K(19136K), 0.0019010 secs] 40173K->24167K(83008K), 0.0019530 secs] [Times: user=0.01 sys=0.00, real=0.00 secs] 
173.529: [Full GC (System) 173.529: [CMS: 23180K->23071K(63872K), 0.1797050 secs] 33175K->23071K(83008K), [CMS Perm : 50368K->50360K(83972K)], 0.1798000 secs] [Times: user=0.18 sys=0.00, real=0.18 secs] 
173.720: [Full GC (System) 173.721: [CMS: 23071K->23256K(63872K), 0.1798340 secs] 25510K->23256K(83008K), [CMS Perm : 50362K->50361K(83972K)], 0.1799270 secs] [Times: user=0.18 sys=0.00, real=0.18 secs] 
173.924: [Full GC (System) 173.924: [CMS: 23256K->22915K(63872K), 0.1805940 secs] 27587K->22915K(83008K), [CMS Perm : 50368K->50367K(83972K)], 0.1806940 secs] [Times: user=0.18 sys=0.00, real=0.18 secs] 
174.106: [Full GC (System) 174.106: [CMS: 22915K->22925K(63872K), 0.1755380 secs] 23178K->22925K(83008K), [CMS Perm : 50367K->50367K(83972K)], 0.1756290 secs] [Times: user=0.17 sys=0.00, real=0.18 secs] 
174.284: [Full GC (System) 174.284: [CMS: 22925K->23103K(63872K), 0.1738070 secs] 23849K->23103K(83008K), [CMS Perm : 50368K->50367K(83972K)], 0.1739010 secs] [Times: user=0.18 sys=0.00, real=0.17 secs] 
174.459: [Full GC (System) 174.459: [CMS: 23103K->23110K(63872K), 0.1755030 secs] 23351K->23110K(83008K), [CMS Perm : 50368K->50368K(83972K)], 0.1755960 secs] [Times: user=0.17 sys=0.00, real=0.17 secs] 
174.638: [Full GC (System) 174.638: [CMS: 23110K->22959K(63872K), 0.1743720 secs] 23673K->22959K(83008K), [CMS Perm : 50368K->50368K(83972K)], 0.1744670 secs] [Times: user=0.17 sys=0.00, real=0.18 secs] 
174.854: [Full GC (System) 174.854: [CMS: 22959K->22866K(63872K), 0.1807490 secs] 28425K->22866K(83008K), [CMS Perm : 50380K->50377K(83972K)], 0.1808410 secs] [Times: user=0.19 sys=0.00, real=0.18 secs] 
175.987: [Full GC (System) 175.987: [CMS: 22866K->22887K(63872K), 0.1767410 secs] 34499K->22887K(83008K), [CMS Perm : 50383K->50381K(83972K)], 0.1768380 secs] [Times: user=0.18 sys=0.00, real=0.18 secs] 
176.186: [Full GC (System) 176.186: [CMS: 22887K->22825K(63872K), 0.1775570 secs] 24178K->22825K(83008K), [CMS Perm : 50381K->50381K(83972K)], 0.1776850 secs] [Times: user=0.17 sys=0.00, real=0.18 secs] 
176.365: [Full GC (System) 176.365: [CMS: 22825K->22853K(63872K), 0.1758540 secs] 23025K->22853K(83008K), [CMS Perm : 50387K->50387K(83972K)], 0.1759840 secs] [Times: user=0.18 sys=0.00, real=0.18 secs] 
176.546: [Full GC (System) 176.546: [CMS: 22853K->22976K(63872K), 0.1798040 secs] 23662K->22976K(83008K), [CMS Perm : 50389K->50389K(84164K)], 0.1798990 secs] [Times: user=0.18 sys=0.00, real=0.18 secs] 
176.727: [Full GC (System) 176.727: [CMS: 22976K->22980K(63872K), 0.1754130 secs] 23138K->22980K(83008K), [CMS Perm : 50389K->50389K(84164K)], 0.1755060 secs] [Times: user=0.18 sys=0.00, real=0.18 secs] 
176.913: [Full GC (System) 176.913: [CMS: 22980K->23030K(63872K), 0.1758610 secs] 24212K->23030K(83008K), [CMS Perm : 50390K->50388K(84164K)], 0.1759600 secs] [Times: user=0.17 sys=0.01, real=0.17 secs] 
177.090: [Full GC (System) 177.090: [CMS: 23030K->23036K(63872K), 0.1794840 secs] 23306K->23036K(83008K), [CMS Perm : 50388K->50388K(84164K)], 0.1795770 secs] [Times: user=0.18 sys=0.00, real=0.18 secs] 
177.279: [Full GC (System) 177.279: [CMS: 23036K->23283K(63872K), 0.1773980 secs] 25096K->23283K(83008K), [CMS Perm : 50391K->50391K(84164K)], 0.1774940 secs] [Times: user=0.18 sys=0.00, real=0.17 secs] 
177.462: [Full GC (System) 177.462: [CMS: 23283K->23416K(63872K), 0.1768200 secs] 24414K->23416K(83008K), [CMS Perm : 50392K->50392K(84164K)], 0.1769140 secs] [Times: user=0.18 sys=0.00, real=0.18 secs] 
177.643: [Full GC (System) 177.643: [CMS: 23416K->23330K(63872K), 0.1789560 secs] 24263K->23330K(83008K), [CMS Perm : 50392K->50392K(84164K)], 0.1790510 secs] [Times: user=0.18 sys=0.00, real=0.18 secs] 
177.826: [Full GC (System) 177.826: [CMS: 23330K->23574K(63872K), 0.1758780 secs] 24399K->23574K(83008K), [CMS Perm : 50402K->50398K(84164K)], 0.1759730 secs] [Times: user=0.17 sys=0.00, real=0.18 secs] 
178.012: [Full GC (System) 178.012: [CMS: 23574K->23724K(63872K), 0.1803300 secs] 25524K->23724K(83008K), [CMS Perm : 50409K->50409K(84164K)], 0.1804570 secs] [Times: user=0.18 sys=0.00, real=0.18 secs] 
178.199: [Full GC (System) 178.199: [CMS: 23724K->23762K(63872K), 0.1807320 secs] 25172K->23762K(83008K), [CMS Perm : 50409K->50405K(84164K)], 0.1808620 secs] [Times: user=0.18 sys=0.00, real=0.18 secs] 
178.382: [Full GC (System) 178.382: [CMS: 23762K->23790K(63872K), 0.1790130 secs] 24215K->23790K(83008K), [CMS Perm : 50405K->50405K(84164K)], 0.1791090 secs] [Times: user=0.18 sys=0.00, real=0.18 secs] 
178.617: [Full GC (System) 178.617: [CMS: 23790K->23582K(63872K), 0.1847380 secs] 30645K->23582K(83008K), [CMS Perm : 50434K->50432K(84164K)], 0.1848670 secs] [Times: user=0.21 sys=0.00, real=0.19 secs] 
178.854: [Full GC (System) 178.854: [CMS: 23582K->23564K(63872K), 0.1767630 secs] 25135K->23564K(83008K), [CMS Perm : 50438K->50438K(84164K)], 0.1768670 secs] [Times: user=0.22 sys=0.00, real=0.18 secs] 
179.996: [GC 179.996: [ParNew
Desired survivor size 1081344 bytes, new threshold 4 (max 4)
- age   1:     422672 bytes,     422672 total
: 17024K->844K(19136K), 0.0018640 secs] 40588K->24408K(83008K), 0.0019200 secs] [Times: user=0.01 sys=0.00, real=0.00 secs] 
180.077: [Full GC (System) 180.077: [CMS: 23564K->23788K(63872K), 0.1789180 secs] 27598K->23788K(83008K), [CMS Perm : 50464K->50460K(84164K)], 0.1790170 secs] [Times: user=0.18 sys=0.00, real=0.18 secs] 
180.311: [Full GC (System) 180.311: [CMS: 23788K->23853K(63872K), 0.1766270 secs] 26429K->23853K(83008K), [CMS Perm : 50460K->50460K(84164K)], 0.1767400 secs] [Times: user=0.18 sys=0.00, real=0.17 secs] 
180.498: [Full GC (System) 180.498: [CMS: 23853K->23857K(63872K), 0.1773530 secs] 25784K->23857K(83008K), [CMS Perm : 50465K->50463K(84164K)], 0.1774510 secs] [Times: user=0.18 sys=0.00, real=0.18 secs] 
180.683: [Full GC (System) 180.683: [CMS: 23857K->23907K(63872K), 0.1763820 secs] 24884K->23907K(83008K), [CMS Perm : 50469K->50469K(84164K)], 0.1764820 secs] [Times: user=0.18 sys=0.00, real=0.17 secs] 
180.860: [Full GC (System) 180.860: [CMS: 23907K->23913K(63872K), 0.1763500 secs] 24091K->23913K(83008K), [CMS Perm : 50469K->50469K(84164K)], 0.1764440 secs] [Times: user=0.18 sys=0.00, real=0.17 secs] 
181.042: [Full GC (System) 181.042: [CMS: 23913K->23908K(63872K), 0.1786220 secs] 25074K->23908K(83008K), [CMS Perm : 50472K->50471K(84164K)], 0.1787210 secs] [Times: user=0.18 sys=0.00, real=0.18 secs] 
181.225: [Full GC (System) 181.225: [CMS: 23908K->23944K(63872K), 0.1795650 secs] 24587K->23944K(83008K), [CMS Perm : 50471K->50471K(84164K)], 0.1796620 secs] [Times: user=0.18 sys=0.00, real=0.18 secs] 
181.407: [Full GC (System) 181.407: [CMS: 23944K->23946K(63872K), 0.1806120 secs] 24304K->23946K(83008K), [CMS Perm : 50472K->50472K(84164K)], 0.1807100 secs] [Times: user=0.18 sys=0.01, real=0.18 secs] 
181.589: [Full GC (System) 181.589: [CMS: 23946K->24018K(63872K), 0.1796410 secs] 24519K->24018K(83008K), [CMS Perm : 50472K->50472K(84164K)], 0.1797380 secs] [Times: user=0.18 sys=0.00, real=0.18 secs] 
181.771: [Full GC (System) 181.771: [CMS: 24018K->24086K(63872K), 0.1764080 secs] 24659K->24086K(83008K), [CMS Perm : 50472K->50472K(84164K)], 0.1765030 secs] [Times: user=0.18 sys=0.00, real=0.17 secs] 
181.949: [Full GC (System) 181.949: [CMS: 24086K->24091K(63872K), 0.1779610 secs] 24287K->24091K(83008K), [CMS Perm : 50472K->50472K(84164K)], 0.1780530 secs] [Times: user=0.18 sys=0.00, real=0.18 secs] 
182.130: [Full GC (System) 182.130: [CMS: 24091K->24065K(63872K), 0.1786080 secs] 24643K->24065K(83008K), [CMS Perm : 50476K->50472K(84164K)], 0.1787030 secs] [Times: user=0.17 sys=0.00, real=0.18 secs] 
182.333: [Full GC (System) 182.333: [CMS: 24065K->23825K(63872K), 0.1776140 secs] 28444K->23825K(83008K), [CMS Perm : 50479K->50474K(84164K)], 0.1777170 secs] [Times: user=0.18 sys=0.00, real=0.18 secs] 
182.512: [Full GC (System) 182.512: [CMS: 23825K->23822K(63872K), 0.1759400 secs] 23977K->23822K(83008K), [CMS Perm : 50474K->50474K(84164K)], 0.1760330 secs] [Times: user=0.18 sys=0.00, real=0.17 secs] 
182.692: [Full GC (System) 182.692: [CMS: 23822K->23948K(63872K), 0.1789680 secs] 25180K->23948K(83008K), [CMS Perm : 50476K->50475K(84164K)], 0.1790660 secs] [Times: user=0.18 sys=0.01, real=0.18 secs] 
182.874: [Full GC (System) 182.874: [CMS: 23948K->24008K(63872K), 0.1801260 secs] 24766K->24008K(83008K), [CMS Perm : 50477K->50477K(84164K)], 0.1802320 secs] [Times: user=0.18 sys=0.00, real=0.18 secs] 
184.835: [GC 184.835: [ParNew
Desired survivor size 1081344 bytes, new threshold 4 (max 4)
- age   1:     615592 bytes,     615592 total
: 16880K->712K(19136K), 0.0017790 secs] 40889K->24721K(83008K), 0.0018350 secs] [Times: user=0.00 sys=0.00, real=0.00 secs] 
184.944: [Full GC (System) 184.944: [CMS: 24008K->23928K(63872K), 0.1850630 secs] 29136K->23928K(83008K), [CMS Perm : 50505K->50497K(84164K)], 0.1851580 secs] [Times: user=0.18 sys=0.00, real=0.18 secs] 
185.150: [Full GC (System) 185.150: [CMS: 23928K->23939K(63872K), 0.1775510 secs] 24780K->23939K(83008K), [CMS Perm : 50497K->50497K(84164K)], 0.1776730 secs] [Times: user=0.18 sys=0.00, real=0.17 secs] 
185.329: [Full GC (System) 185.329: [CMS: 23939K->23940K(63872K), 0.1758270 secs] 24102K->23940K(83008K), [CMS Perm : 50497K->50497K(84164K)], 0.1759210 secs] [Times: user=0.18 sys=0.00, real=0.18 secs] 
185.507: [Full GC (System) 185.507: [CMS: 23940K->23965K(63872K), 0.1801170 secs] 24725K->23965K(83008K), [CMS Perm : 50500K->50500K(84164K)], 0.1802690 secs] [Times: user=0.18 sys=0.00, real=0.18 secs] 
185.689: [Full GC (System) 185.689: [CMS: 23965K->23966K(63872K), 0.1798950 secs] 24343K->23966K(83008K), [CMS Perm : 50500K->50500K(84356K)], 0.1799900 secs] [Times: user=0.18 sys=0.00, real=0.18 secs] 
185.872: [Full GC (System) 185.872: [CMS: 23966K->24069K(63872K), 0.1790830 secs] 24484K->24069K(83008K), [CMS Perm : 50504K->50504K(84356K)], 0.1791780 secs] [Times: user=0.18 sys=0.00, real=0.18 secs] 
186.092: [Full GC (System) 186.093: [CMS: 24069K->23995K(63872K), 0.1803260 secs] 25440K->23995K(83008K), [CMS Perm : 50506K->50502K(84356K)], 0.1804240 secs] [Times: user=0.18 sys=0.00, real=0.18 secs] 
186.274: [Full GC (System) 186.274: [CMS: 23995K->24013K(63872K), 0.1795170 secs] 24073K->24013K(83008K), [CMS Perm : 50502K->50502K(84356K)], 0.1796070 secs] [Times: user=0.18 sys=0.00, real=0.18 secs] 
187.673: [Full GC (System) 187.673: [CMS: 24013K->23957K(63872K), 0.1837830 secs] 36273K->23957K(83008K), [CMS Perm : 50516K->50513K(84356K)], 0.1838820 secs] [Times: user=0.19 sys=0.00, real=0.18 secs] 
187.913: [Full GC (System) 187.913: [CMS: 23957K->23955K(63872K), 0.1782900 secs] 24654K->23955K(83008K), [CMS Perm : 50514K->50514K(84356K)], 0.1783820 secs] [Times: user=0.17 sys=0.00, real=0.18 secs] 
188.095: [Full GC (System) 188.095: [CMS: 23955K->23954K(63872K), 0.1756300 secs] 24103K->23954K(83008K), [CMS Perm : 50514K->50514K(84356K)], 0.1757220 secs] [Times: user=0.17 sys=0.00, real=0.18 secs] 
188.275: [Full GC (System) 188.275: [CMS: 23954K->24069K(63872K), 0.1882170 secs] 24430K->24069K(83008K), [CMS Perm : 50514K->50514K(84356K)], 0.1883120 secs] [Times: user=0.19 sys=0.00, real=0.19 secs] 
188.465: [Full GC (System) 188.466: [CMS: 24069K->24075K(63872K), 0.1760050 secs] 24263K->24075K(83008K), [CMS Perm : 50514K->50514K(84356K)], 0.1761000 secs] [Times: user=0.18 sys=0.00, real=0.18 secs] 
188.676: [Full GC (System) 188.677: [CMS: 24075K->24619K(63872K), 0.1926150 secs] 29483K->24619K(83008K), [CMS Perm : 50527K->50519K(84356K)], 0.1927150 secs] [Times: user=0.19 sys=0.00, real=0.19 secs] 
189.007: [Full GC (System) 189.007: [CMS: 24619K->24600K(63872K), 0.1835670 secs] 26472K->24600K(83008K), [CMS Perm : 50522K->50522K(84356K)], 0.1837370 secs] [Times: user=0.19 sys=0.00, real=0.19 secs] 
189.239: [Full GC (System) 189.239: [CMS: 24600K->24870K(63872K), 0.1886330 secs] 28027K->24870K(83008K), [CMS Perm : 50531K->50529K(84356K)], 0.1887670 secs] [Times: user=0.18 sys=0.00, real=0.19 secs] 
191.029: [GC 191.029: [ParNew
Desired survivor size 1081344 bytes, new threshold 4 (max 4)
- age   1:    1040064 bytes,    1040064 total
: 17024K->1111K(19136K), 0.0034370 secs] 41894K->25981K(83008K), 0.0035010 secs] [Times: user=0.01 sys=0.00, real=0.01 secs] 
191.418: [GC 191.418: [ParNew
Desired survivor size 1081344 bytes, new threshold 2 (max 4)
- age   1:     935640 bytes,     935640 total
- age   2:    1013240 bytes,    1948880 total
: 18135K->2112K(19136K), 0.0035550 secs] 43005K->27017K(83008K), 0.0036240 secs] [Times: user=0.01 sys=0.00, real=0.01 secs] 
191.664: [GC 191.664: [ParNew
Desired survivor size 1081344 bytes, new threshold 4 (max 4)
- age   1:     133184 bytes,     133184 total
- age   2:     932512 bytes,    1065696 total
: 19136K->2038K(19136K), 0.0046740 secs] 44041K->28051K(83008K), 0.0047750 secs] [Times: user=0.01 sys=0.00, real=0.00 secs] 
191.857: [GC 191.857: [ParNew
Desired survivor size 1081344 bytes, new threshold 3 (max 4)
- age   1:     195968 bytes,     195968 total
- age   2:     127128 bytes,     323096 total
- age   3:     877904 bytes,    1201000 total
: 19062K->1396K(19136K), 0.0026200 secs] 45075K->27409K(83008K), 0.0026770 secs] [Times: user=0.01 sys=0.00, real=0.00 secs] 
192.001: [GC 192.001: [ParNew
Desired survivor size 1081344 bytes, new threshold 4 (max 4)
- age   1:     336744 bytes,     336744 total
- age   2:     182792 bytes,     519536 total
- age   3:     125728 bytes,     645264 total
: 18420K->1349K(19136K), 0.0037430 secs] 44433K->28249K(83008K), 0.0038150 secs] [Times: user=0.01 sys=0.00, real=0.00 secs] 
192.182: [GC 192.182: [ParNew
Desired survivor size 1081344 bytes, new threshold 2 (max 4)
- age   1:    1051040 bytes,    1051040 total
- age   2:     311368 bytes,    1362408 total
- age   3:     111176 bytes,    1473584 total
- age   4:     124504 bytes,    1598088 total
: 18373K->1771K(19136K), 0.0033530 secs] 45273K->28671K(83008K), 0.0034210 secs] [Times: user=0.02 sys=0.00, real=0.00 secs] 
192.302: [GC 192.302: [ParNew
Desired survivor size 1081344 bytes, new threshold 2 (max 4)
- age   1:      45264 bytes,      45264 total
- age   2:    1047088 bytes,    1092352 total
: 18795K->1945K(19136K), 0.0036290 secs] 45695K->29373K(83008K), 0.0036950 secs] [Times: user=0.01 sys=0.00, real=0.00 secs] 
192.964: [GC 192.964: [ParNew
Desired survivor size 1081344 bytes, new threshold 4 (max 4)
- age   1:     979568 bytes,     979568 total
- age   2:      21840 bytes,    1001408 total
: 18969K->1498K(19136K), 0.0043680 secs] 46397K->29821K(83008K), 0.0044370 secs] [Times: user=0.01 sys=0.00, real=0.00 secs] 
193.231: [GC 193.231: [ParNew
Desired survivor size 1081344 bytes, new threshold 2 (max 4)
- age   1:     966136 bytes,     966136 total
- age   2:     522752 bytes,    1488888 total
- age   3:      21840 bytes,    1510728 total
: 18522K->1788K(19136K), 0.0031380 secs] 46845K->30111K(83008K), 0.0031970 secs] [Times: user=0.01 sys=0.00, real=0.00 secs] 
193.254: [Full GC (System) 193.254: [CMS: 28323K->28559K(63872K), 0.2308120 secs] 32461K->28559K(83008K), [CMS Perm : 52505K->52440K(84356K)], 0.2309900 secs] [Times: user=0.23 sys=0.01, real=0.23 secs] 
193.543: [Full GC (System) 193.543: [CMS: 28559K->28565K(63872K), 0.2072810 secs] 35085K->28565K(83008K), [CMS Perm : 52442K->52442K(87404K)], 0.2073840 secs] [Times: user=0.24 sys=0.00, real=0.20 secs] 
193.754: [Full GC (System) 193.754: [CMS: 28565K->28611K(63872K), 0.2039750 secs] 29533K->28611K(83008K), [CMS Perm : 52442K->52442K(87404K)], 0.2041150 secs] [Times: user=0.20 sys=0.00, real=0.20 secs] 
193.963: [Full GC (System) 193.963: [CMS: 28611K->28803K(63872K), 0.2049020 secs] 30260K->28803K(83008K), [CMS Perm : 52447K->52443K(87404K)], 0.2050750 secs] [Times: user=0.21 sys=0.01, real=0.20 secs] 
194.172: [Full GC (System) 194.172: [CMS: 28803K->28873K(63872K), 0.2046600 secs] 29887K->28873K(83008K), [CMS Perm : 52443K->52443K(87596K)], 0.2047550 secs] [Times: user=0.20 sys=0.00, real=0.20 secs] 
194.383: [Full GC (System) 194.383: [CMS: 28873K->28904K(63872K), 0.2045400 secs] 29530K->28904K(83008K), [CMS Perm : 52443K->52443K(87596K)], 0.2046360 secs] [Times: user=0.20 sys=0.00, real=0.20 secs] 
194.684: [Full GC (System) 194.684: [CMS: 28904K->28965K(63872K), 0.2170110 secs] 45699K->28965K(83008K), [CMS Perm : 52457K->52452K(87596K)], 0.2171690 secs] [Times: user=0.29 sys=0.00, real=0.21 secs] 
194.939: [Full GC (System) 194.939: [CMS: 28965K->29373K(63872K), 0.2164690 secs] 35848K->29373K(83008K), [CMS Perm : 52460K->52457K(87596K)], 0.2165700 secs] [Times: user=0.21 sys=0.00, real=0.22 secs] 
195.278: [GC 195.278: [ParNew
Desired survivor size 1081344 bytes, new threshold 1 (max 4)
- age   1:    1416016 bytes,    1416016 total
: 17024K->2016K(19136K), 0.0038890 secs] 46397K->31390K(83008K), 0.0039620 secs] [Times: user=0.01 sys=0.00, real=0.00 secs] 
195.404: [GC 195.404: [ParNew
Desired survivor size 1081344 bytes, new threshold 1 (max 4)
- age   1:    1471680 bytes,    1471680 total
: 19040K->2001K(19136K), 0.0081200 secs] 48414K->32436K(83008K), 0.0081980 secs] [Times: user=0.02 sys=0.00, real=0.01 secs] 
195.501: [GC 195.501: [ParNew
Desired survivor size 1081344 bytes, new threshold 4 (max 4)
- age   1:    1079456 bytes,    1079456 total
: 19025K->2072K(19136K), 0.0076360 secs] 49460K->34005K(83008K), 0.0077110 secs] [Times: user=0.01 sys=0.00, real=0.01 secs] 
195.599: [GC 195.599: [ParNew
Desired survivor size 1081344 bytes, new threshold 2 (max 4)
- age   1:     878024 bytes,     878024 total
- age   2:    1046304 bytes,    1924328 total
: 19096K->2112K(19136K), 0.0042990 secs] 51029K->34047K(83008K), 0.0043770 secs] [Times: user=0.02 sys=0.00, real=0.01 secs] 
195.702: [GC 195.702: [ParNew
Desired survivor size 1081344 bytes, new threshold 1 (max 4)
- age   1:    1262480 bytes,    1262480 total
- age   2:     856872 bytes,    2119352 total
: 19136K->2112K(19136K), 0.0064670 secs] 51071K->34520K(83008K), 0.0065370 secs] [Times: user=0.01 sys=0.00, real=0.00 secs] 
195.709: [GC [1 CMS-initial-mark: 32408K(63872K)] 34530K(83008K), 0.0045450 secs] [Times: user=0.01 sys=0.00, real=0.01 secs] 
195.714: [CMS-concurrent-mark-start]
195.831: [GC 195.831: [ParNew
Desired survivor size 1081344 bytes, new threshold 4 (max 4)
- age   1:     227824 bytes,     227824 total
: 19136K->1950K(19136K), 0.0066250 secs] 51544K->36364K(83008K), 0.0067020 secs] [Times: user=0.02 sys=0.00, real=0.01 secs] 
195.862: [CMS-concurrent-mark: 0.138/0.148 secs] [Times: user=0.54 sys=0.01, real=0.15 secs] 
195.862: [CMS-concurrent-preclean-start]
195.870: [CMS-concurrent-preclean: 0.007/0.008 secs] [Times: user=0.03 sys=0.00, real=0.00 secs] 
195.870: [CMS-concurrent-abortable-preclean-start]
195.945: [GC 195.945: [ParNew
Desired survivor size 1081344 bytes, new threshold 1 (max 4)
- age   1:    1088848 bytes,    1088848 total
- age   2:     165984 bytes,    1254832 total
: 18974K->1455K(19136K), 0.0034790 secs] 53388K->35869K(83008K), 0.0035430 secs] [Times: user=0.01 sys=0.00, real=0.00 secs] 
196.068: [CMS-concurrent-abortable-preclean: 0.080/0.198 secs] [Times: user=0.75 sys=0.01, real=0.20 secs] 
196.071: [GC[YG occupancy: 16415 K (19136 K)]196.071: [Rescan (parallel) , 0.0103960 secs]196.081: [weak refs processing, 0.0008370 secs] [1 CMS-remark: 34414K(63872K)] 50829K(83008K), 0.0113270 secs] [Times: user=0.04 sys=0.00, real=0.02 secs] 
196.082: [CMS-concurrent-sweep-start]
196.101: [GC 196.101: [ParNew
Desired survivor size 1081344 bytes, new threshold 1 (max 4)
- age   1:    1658472 bytes,    1658472 total
: 18479K->2112K(19136K), 0.0051700 secs] 52687K->37272K(83008K), 0.0052550 secs] [Times: user=0.02 sys=0.00, real=0.01 secs] 
196.117: [CMS-concurrent-sweep: 0.029/0.035 secs] [Times: user=0.13 sys=0.00, real=0.03 secs] 
196.117: [CMS-concurrent-reset-start]
196.124: [CMS-concurrent-reset: 0.007/0.007 secs] [Times: user=0.03 sys=0.00, real=0.01 secs] 
196.202: [Full GC (System) 196.202: [CMS: 33856K->33979K(63872K), 0.2484480 secs] 51919K->33979K(83008K), [CMS Perm : 52741K->52715K(87900K)], 0.2485500 secs] [Times: user=0.29 sys=0.00, real=0.24 secs] 
196.510: [Full GC (System) 196.510: [CMS: 33979K->34004K(63872K), 0.2348700 secs] 43442K->34004K(83008K), [CMS Perm : 52717K->52715K(87900K)], 0.2349700 secs] [Times: user=0.25 sys=0.00, real=0.24 secs] 
196.750: [Full GC (System) 196.750: [CMS: 34004K->34037K(63872K), 0.2245620 secs] 35123K->34037K(83008K), [CMS Perm : 52716K->52715K(87900K)], 0.2246910 secs] [Times: user=0.22 sys=0.00, real=0.23 secs] 
197.014: [Full GC (System) 197.015: [CMS: 34037K->34022K(63872K), 0.2368870 secs] 41795K->34022K(83008K), [CMS Perm : 52719K->52716K(87900K)], 0.2369950 secs] [Times: user=0.24 sys=0.00, real=0.23 secs] 
197.335: [GC 197.335: [ParNew
Desired survivor size 1081344 bytes, new threshold 1 (max 4)
- age   1:    1083128 bytes,    1083128 total
: 17024K->1477K(19136K), 0.0026920 secs] 51046K->35499K(83008K), 0.0027540 secs] [Times: user=0.01 sys=0.00, real=0.00 secs] 
197.381: [Full GC (System) 197.381: [CMS: 34022K->34147K(63872K), 0.2313450 secs] 40767K->34147K(83008K), [CMS Perm : 52742K->52733K(87900K)], 0.2314710 secs] [Times: user=0.23 sys=0.00, real=0.24 secs] 
197.650: [Full GC (System) 197.650: [CMS: 34147K->34394K(63872K), 0.2361710 secs] 41597K->34394K(83008K), [CMS Perm : 52744K->52739K(87900K)], 0.2362670 secs] [Times: user=0.24 sys=0.00, real=0.24 secs] 
197.888: [Full GC (System) 197.888: [CMS: 34394K->34406K(63872K), 0.2252770 secs] 34489K->34406K(83008K), [CMS Perm : 52739K->52739K(87900K)], 0.2253700 secs] [Times: user=0.23 sys=0.00, real=0.23 secs] 
198.157: [GC 198.157: [ParNew
Desired survivor size 1081344 bytes, new threshold 1 (max 4)
- age   1:    1496616 bytes,    1496616 total
: 17024K->1744K(19136K), 0.0030660 secs] 51430K->36150K(83008K), 0.0031470 secs] [Times: user=0.01 sys=0.00, real=0.00 secs] 
198.160: [Full GC (System) 198.160: [CMS: 34406K->35334K(63872K), 0.2347650 secs] 36325K->35334K(83008K), [CMS Perm : 52753K->52751K(87900K)], 0.2348990 secs] [Times: user=0.23 sys=0.00, real=0.24 secs] 
198.482: [GC 198.482: [ParNew
Desired survivor size 1081344 bytes, new threshold 1 (max 4)
- age   1:    1807472 bytes,    1807472 total
: 17024K->2112K(19136K), 0.0037900 secs] 52358K->37490K(83008K), 0.0038580 secs] [Times: user=0.01 sys=0.00, real=0.00 secs] 
198.573: [GC 198.573: [ParNew
Desired survivor size 1081344 bytes, new threshold 4 (max 4)
- age   1:     490728 bytes,     490728 total
: 19136K->1670K(19136K), 0.0048380 secs] 54514K->39025K(83008K), 0.0049170 secs] [Times: user=0.02 sys=0.00, real=0.00 secs] 
198.707: [GC 198.707: [ParNew
Desired survivor size 1081344 bytes, new threshold 4 (max 4)
- age   1:     231616 bytes,     231616 total
- age   2:     484976 bytes,     716592 total
: 18694K->1089K(19136K), 0.0019960 secs] 56049K->38444K(83008K), 0.0020540 secs] [Times: user=0.00 sys=0.00, real=0.00 secs] 
198.806: [GC 198.806: [ParNew
Desired survivor size 1081344 bytes, new threshold 4 (max 4)
- age   1:      21656 bytes,      21656 total
- age   2:     228088 bytes,     249744 total
- age   3:     483856 bytes,     733600 total
: 18113K->929K(19136K), 0.0019090 secs] 55468K->38283K(83008K), 0.0020020 secs] [Times: user=0.01 sys=0.00, real=0.00 secs] 
198.903: [GC 198.903: [ParNew
Desired survivor size 1081344 bytes, new threshold 1 (max 4)
- age   1:    1124296 bytes,    1124296 total
- age   2:       9864 bytes,    1134160 total
- age   3:     149280 bytes,    1283440 total
- age   4:     483720 bytes,    1767160 total
: 17953K->1886K(19136K), 0.0035020 secs] 55307K->39240K(83008K), 0.0035650 secs] [Times: user=0.02 sys=0.00, real=0.00 secs] 
198.974: [GC 198.974: [ParNew
Desired survivor size 1081344 bytes, new threshold 4 (max 4)
- age   1:     541832 bytes,     541832 total
: 18910K->1217K(19136K), 0.0047720 secs] 56264K->40362K(83008K), 0.0048440 secs] [Times: user=0.01 sys=0.01, real=0.00 secs] 
199.058: [GC 199.058: [ParNew
Desired survivor size 1081344 bytes, new threshold 2 (max 4)
- age   1:     974856 bytes,     974856 total
- age   2:     116672 bytes,    1091528 total
: 18241K->1164K(19136K), 0.0031290 secs] 57386K->40309K(83008K), 0.0031870 secs] [Times: user=0.01 sys=0.00, real=0.00 secs] 
199.147: [GC 199.147: [ParNew
Desired survivor size 1081344 bytes, new threshold 4 (max 4)
- age   1:      17456 bytes,      17456 total
- age   2:     971168 bytes,     988624 total
: 18188K->1575K(19136K), 0.0031500 secs] 57333K->40803K(83008K), 0.0032160 secs] [Times: user=0.01 sys=0.00, real=0.00 secs] 
199.230: [GC 199.230: [ParNew
Desired survivor size 1081344 bytes, new threshold 2 (max 4)
- age   1:    1076304 bytes,    1076304 total
- age   2:      15456 bytes,    1091760 total
- age   3:     634080 bytes,    1725840 total
: 18599K->2112K(19136K), 0.0048840 secs] 57827K->41375K(83008K), 0.0049480 secs] [Times: user=0.02 sys=0.00, real=0.01 secs] 
199.328: [GC 199.328: [ParNew
Desired survivor size 1081344 bytes, new threshold 1 (max 4)
- age   1:    1355392 bytes,    1355392 total
- age   2:     722608 bytes,    2078000 total
: 19136K->2112K(19136K), 0.0107840 secs] 58399K->42074K(83008K), 0.0108600 secs] [Times: user=0.03 sys=0.00, real=0.01 secs] 
199.443: [GC 199.443: [ParNew
Desired survivor size 1081344 bytes, new threshold 1 (max 4)
- age   1:    1511512 bytes,    1511512 total
: 19136K->2112K(19136K), 0.0110010 secs] 59098K->44022K(83008K), 0.0110780 secs] [Times: user=0.03 sys=0.00, real=0.01 secs] 
199.738: [GC 199.738: [ParNew
Desired survivor size 1081344 bytes, new threshold 1 (max 4)
- age   1:    1806840 bytes,    1806840 total
: 19136K->2112K(19136K), 0.0057830 secs] 61046K->44452K(83008K), 0.0058470 secs] [Times: user=0.02 sys=0.00, real=0.01 secs] 
199.987: [GC 199.987: [ParNew
Desired survivor size 1081344 bytes, new threshold 1 (max 4)
- age   1:    1470384 bytes,    1470384 total
: 19136K->2112K(19136K), 0.0083060 secs] 61476K->45737K(83008K), 0.0083900 secs] [Times: user=0.03 sys=0.00, real=0.01 secs] 
200.064: [GC 200.064: [ParNew
Desired survivor size 1081344 bytes, new threshold 1 (max 4)
- age   1:    1905960 bytes,    1905960 total
: 19136K->2112K(19136K), 0.0070410 secs] 62761K->47105K(83008K), 0.0071230 secs] [Times: user=0.03 sys=0.00, real=0.00 secs] 
200.119: [GC 200.119: [ParNew
Desired survivor size 1081344 bytes, new threshold 1 (max 4)
- age   1:    1087296 bytes,    1087296 total
: 19136K->1772K(19136K), 0.0051610 secs] 64129K->48231K(83008K), 0.0052440 secs] [Times: user=0.02 sys=0.00, real=0.01 secs] 
200.162: [GC 200.162: [ParNew
Desired survivor size 1081344 bytes, new threshold 4 (max 4)
- age   1:     914448 bytes,     914448 total
: 18796K->1472K(19136K), 0.0035730 secs] 65255K->48677K(83008K), 0.0036380 secs] [Times: user=0.01 sys=0.00, real=0.01 secs] 
200.213: [GC 200.214: [ParNew
Desired survivor size 1081344 bytes, new threshold 1 (max 4)
- age   1:    1165536 bytes,    1165536 total
- age   2:     531640 bytes,    1697176 total
: 18496K->1800K(19136K), 0.0041180 secs] 65701K->49004K(83008K), 0.0041850 secs] [Times: user=0.02 sys=0.00, real=0.00 secs] 
200.274: [GC 200.274: [ParNew
Desired survivor size 1081344 bytes, new threshold 1 (max 4)
- age   1:    1529616 bytes,    1529616 total
: 18824K->2112K(19136K), 0.0079160 secs] 66028K->51077K(83008K), 0.0079990 secs] [Times: user=0.02 sys=0.00, real=0.00 secs] 
200.366: [GC 200.366: [ParNew
Desired survivor size 1081344 bytes, new threshold 1 (max 4)
- age   1:    1452528 bytes,    1452528 total
: 19136K->2071K(19136K), 0.0068820 secs] 68101K->51888K(83008K), 0.0069520 secs] [Times: user=0.02 sys=0.00, real=0.00 secs] 
200.606: [GC 200.606: [ParNew
Desired survivor size 1081344 bytes, new threshold 1 (max 4)
- age   1:    1667312 bytes,    1667312 total
: 19095K->2055K(19136K), 0.0055750 secs] 68912K->52439K(83008K), 0.0056530 secs] [Times: user=0.02 sys=0.00, real=0.00 secs] 
200.946: [GC 200.946: [ParNew
Desired survivor size 1081344 bytes, new threshold 1 (max 4)
- age   1:    1505968 bytes,    1505968 total
: 19079K->1952K(19136K), 0.0044930 secs] 69463K->52685K(83008K), 0.0045780 secs] [Times: user=0.01 sys=0.00, real=0.00 secs] 
201.044: [GC 201.044: [ParNew
Desired survivor size 1081344 bytes, new threshold 1 (max 4)
- age   1:    1496824 bytes,    1496824 total
: 18976K->2112K(19136K), 0.0036750 secs] 69709K->53070K(83008K), 0.0037370 secs] [Times: user=0.02 sys=0.00, real=0.00 secs] 
201.137: [GC 201.137: [ParNew
Desired survivor size 1081344 bytes, new threshold 1 (max 4)
- age   1:    1128504 bytes,    1128504 total
: 19136K->1832K(19136K), 0.0038260 secs] 70094K->53291K(83008K), 0.0038880 secs] [Times: user=0.01 sys=0.00, real=0.00 secs] 
201.253: [GC 201.253: [ParNew
Desired survivor size 1081344 bytes, new threshold 4 (max 4)
- age   1:     688992 bytes,     688992 total
: 18849K->1491K(19136K), 0.0038880 secs] 70309K->54067K(83008K), 0.0039570 secs] [Times: user=0.02 sys=0.01, real=0.01 secs] 
201.519: [Full GC (System) 201.519: [CMS: 52575K->43543K(63872K), 0.2812880 secs] 57604K->43543K(83008K), [CMS Perm : 52962K->52931K(88092K)], 0.2814620 secs] [Times: user=0.28 sys=0.00, real=0.28 secs] 
201.808: [Full GC (System) 201.808: [CMS: 43543K->43451K(72576K), 0.2598610 secs] 46754K->43451K(91712K), [CMS Perm : 52932K->52932K(88284K)], 0.2599590 secs] [Times: user=0.26 sys=0.00, real=0.26 secs] 
202.068: [Full GC (System) 202.068: [CMS: 43451K->43712K(72576K), 0.2598500 secs] 44147K->43712K(91712K), [CMS Perm : 52932K->52932K(88284K)], 0.2599870 secs] [Times: user=0.26 sys=0.00, real=0.26 secs] 
202.333: [Full GC (System) 202.333: [CMS: 43712K->43810K(72856K), 0.2609130 secs] 44977K->43810K(91992K), [CMS Perm : 52932K->52932K(88284K)], 0.2610400 secs] [Times: user=0.26 sys=0.00, real=0.26 secs] 
202.599: [Full GC (System) 202.599: [CMS: 43810K->43725K(73048K), 0.2690320 secs] 45053K->43725K(92184K), [CMS Perm : 52936K->52936K(88284K)], 0.2691290 secs] [Times: user=0.27 sys=0.00, real=0.27 secs] 
202.872: [Full GC (System) 202.872: [CMS: 43725K->43615K(73048K), 0.2640190 secs] 44242K->43615K(92184K), [CMS Perm : 52936K->52936K(88284K)], 0.2641210 secs] [Times: user=0.27 sys=0.00, real=0.27 secs] 
203.137: [Full GC (System) 203.138: [CMS: 43615K->43540K(73048K), 0.2532240 secs] 43824K->43540K(92184K), [CMS Perm : 52936K->52936K(88284K)], 0.2533510 secs] [Times: user=0.25 sys=0.00, real=0.25 secs] 
203.394: [Full GC (System) 203.394: [CMS: 43540K->43589K(73048K), 0.2619240 secs] 44876K->43589K(92184K), [CMS Perm : 52937K->52937K(88284K)], 0.2620220 secs] [Times: user=0.27 sys=0.00, real=0.26 secs] 
203.660: [Full GC (System) 203.660: [CMS: 43589K->43586K(73048K), 0.2647910 secs] 43781K->43586K(92184K), [CMS Perm : 52937K->52937K(88284K)], 0.2648880 secs] [Times: user=0.27 sys=0.00, real=0.27 secs] 
203.930: [Full GC (System) 203.930: [CMS: 43586K->43497K(73048K), 0.2730120 secs] 45149K->43497K(92184K), [CMS Perm : 52938K->52937K(88284K)], 0.2731150 secs] [Times: user=0.27 sys=0.00, real=0.28 secs] 
204.204: [Full GC (System) 204.204: [CMS: 43497K->43506K(73048K), 0.2616670 secs] 43630K->43506K(92184K), [CMS Perm : 52937K->52937K(88284K)], 0.2617920 secs] [Times: user=0.26 sys=0.00, real=0.26 secs] 
204.478: [Full GC (System) 204.478: [CMS: 43506K->43400K(73048K), 0.2692160 secs] 44711K->43400K(92184K), [CMS Perm : 52938K->52938K(88284K)], 0.2693020 secs] [Times: user=0.27 sys=0.00, real=0.27 secs] 
204.750: [Full GC (System) 204.750: [CMS: 43400K->43360K(73048K), 0.2681030 secs] 43606K->43360K(92184K), [CMS Perm : 52939K->52938K(88284K)], 0.2681950 secs] [Times: user=0.27 sys=0.00, real=0.27 secs] 
205.051: [Full GC (System) 205.051: [CMS: 43360K->43700K(73048K), 0.2753340 secs] 50873K->43700K(92184K), [CMS Perm : 52950K->52942K(88284K)], 0.2754540 secs] [Times: user=0.27 sys=0.01, real=0.28 secs] 
205.337: [Full GC (System) 205.337: [CMS: 43700K->43893K(73048K), 0.2667800 secs] 47612K->43893K(92184K), [CMS Perm : 52950K->52950K(88284K)], 0.2669270 secs] [Times: user=0.26 sys=0.00, real=0.27 secs] 
205.658: [Full GC (System) 205.658: [CMS: 43893K->44195K(73240K), 0.2713330 secs] 55319K->44195K(92376K), [CMS Perm : 52958K->52954K(88284K)], 0.2714840 secs] [Times: user=0.28 sys=0.00, real=0.27 secs] 
205.939: [Full GC (System) 205.939: [CMS: 44195K->44129K(73660K), 0.2585930 secs] 47648K->44129K(92796K), [CMS Perm : 52956K->52956K(88284K)], 0.2587010 secs] [Times: user=0.26 sys=0.00, real=0.26 secs] 
206.255: [Full GC (System) 206.255: [CMS: 44129K->44218K(73660K), 0.2680190 secs] 47766K->44218K(92796K), [CMS Perm : 52959K->52959K(88284K)], 0.2682050 secs] [Times: user=0.32 sys=0.00, real=0.27 secs] 
206.531: [Full GC (System) 206.531: [CMS: 44218K->44330K(73852K), 0.2687230 secs] 47186K->44330K(92988K), [CMS Perm : 52966K->52965K(88284K)], 0.2688920 secs] [Times: user=0.27 sys=0.00, real=0.27 secs] 
206.805: [Full GC (System) 206.805: [CMS: 44330K->44326K(74044K), 0.2674080 secs] 45945K->44326K(93180K), [CMS Perm : 52969K->52969K(88284K)], 0.2675130 secs] [Times: user=0.27 sys=0.00, real=0.26 secs] 
207.074: [Full GC (System) 207.074: [CMS: 44326K->44308K(74044K), 0.2707050 secs] 44541K->44308K(93180K), [CMS Perm : 52969K->52969K(88284K)], 0.2708410 secs] [Times: user=0.26 sys=0.00, real=0.27 secs] 
207.370: [Full GC (System) 207.370: [CMS: 44308K->44227K(74044K), 0.2707370 secs] 52473K->44227K(93180K), [CMS Perm : 52974K->52973K(88284K)], 0.2708860 secs] [Times: user=0.28 sys=0.00, real=0.27 secs] 
207.642: [Full GC (System) 207.642: [CMS: 44227K->44342K(74044K), 0.2558210 secs] 45581K->44342K(93180K), [CMS Perm : 52973K->52973K(88476K)], 0.2559240 secs] [Times: user=0.26 sys=0.00, real=0.26 secs] 
207.899: [Full GC (System) 207.899: [CMS: 44342K->44214K(74044K), 0.2487920 secs] 44502K->44214K(93180K), [CMS Perm : 52973K->52970K(88476K)], 0.2488960 secs] [Times: user=0.25 sys=0.00, real=0.25 secs] 
208.168: [Full GC (System) 208.168: [CMS: 44214K->44182K(74044K), 0.2767500 secs] 48741K->44182K(93180K), [CMS Perm : 52973K->52971K(88476K)], 0.2768600 secs] [Times: user=0.27 sys=0.00, real=0.28 secs] 
208.446: [Full GC (System) 208.446: [CMS: 44182K->44178K(74044K), 0.2645990 secs] 44307K->44178K(93180K), [CMS Perm : 52971K->52971K(88476K)], 0.2647010 secs] [Times: user=0.26 sys=0.00, real=0.26 secs] 
208.714: [Full GC (System) 208.714: [CMS: 44178K->44314K(74044K), 0.2489890 secs] 45794K->44314K(93180K), [CMS Perm : 52971K->52971K(88476K)], 0.2491190 secs] [Times: user=0.25 sys=0.00, real=0.25 secs] 
208.975: [Full GC (System) 208.975: [CMS: 44314K->44202K(74044K), 0.2559940 secs] 47732K->44202K(93180K), [CMS Perm : 52972K->52971K(88476K)], 0.2561060 secs] [Times: user=0.25 sys=0.00, real=0.25 secs] 
209.234: [Full GC (System) 209.234: [CMS: 44202K->44163K(74044K), 0.2700750 secs] 45814K->44163K(93180K), [CMS Perm : 52972K->52971K(88476K)], 0.2701800 secs] [Times: user=0.27 sys=0.00, real=0.27 secs] 
209.510: [Full GC (System) 209.510: [CMS: 44163K->44249K(74044K), 0.2590810 secs] 45923K->44249K(93180K), [CMS Perm : 52972K->52971K(88476K)], 0.2591920 secs] [Times: user=0.26 sys=0.00, real=0.26 secs] 
209.908: [Full GC (System) 209.908: [CMS: 44249K->43906K(74044K), 0.2768410 secs] 60795K->43906K(93180K), [CMS Perm : 52982K->52977K(88476K)], 0.2769830 secs] [Times: user=0.31 sys=0.00, real=0.28 secs] 
210.237: [Full GC (System) 210.237: [CMS: 43906K->43911K(74044K), 0.2611190 secs] 54516K->43911K(93180K), [CMS Perm : 52982K->52978K(88476K)], 0.2612270 secs] [Times: user=0.32 sys=0.00, real=0.26 secs] 
210.548: [Full GC (System) 210.548: [CMS: 43911K->43984K(74044K), 0.2713370 secs] 58792K->43984K(93180K), [CMS Perm : 52989K->52983K(88476K)], 0.2714430 secs] [Times: user=0.27 sys=0.00, real=0.27 secs] 
210.850: [Full GC (System) 210.850: [CMS: 43984K->44027K(74044K), 0.2647320 secs] 53073K->44027K(93180K), [CMS Perm : 52985K->52983K(88476K)], 0.2648450 secs] [Times: user=0.27 sys=0.00, real=0.27 secs] 
211.116: [Full GC (System) 211.116: [CMS: 44027K->43995K(74044K), 0.2479980 secs] 44214K->43995K(93180K), [CMS Perm : 52983K->52983K(88476K)], 0.2481220 secs] [Times: user=0.25 sys=0.00, real=0.25 secs] 
211.372: [Full GC (System) 211.372: [CMS: 43995K->44139K(74044K), 0.2519930 secs] 45675K->44139K(93180K), [CMS Perm : 52986K->52986K(88476K)], 0.2521110 secs] [Times: user=0.25 sys=0.00, real=0.26 secs] 
211.634: [Full GC (System) 211.634: [CMS: 44139K->44268K(74044K), 0.2524240 secs] 46220K->44268K(93180K), [CMS Perm : 52987K->52987K(88476K)], 0.2525370 secs] [Times: user=0.25 sys=0.00, real=0.25 secs] 
211.887: [Full GC (System) 211.887: [CMS: 44268K->44266K(74044K), 0.2505490 secs] 44353K->44266K(93180K), [CMS Perm : 52987K->52987K(88476K)], 0.2506830 secs] [Times: user=0.25 sys=0.00, real=0.25 secs] 
212.139: [Full GC (System) 212.139: [CMS: 44266K->44249K(74044K), 0.2508490 secs] 44335K->44249K(93180K), [CMS Perm : 52987K->52987K(88476K)], 0.2509510 secs] [Times: user=0.25 sys=0.00, real=0.25 secs] 
212.397: [Full GC (System) 212.397: [CMS: 44249K->44318K(74044K), 0.2794760 secs] 46129K->44318K(93180K), [CMS Perm : 52992K->52987K(88476K)], 0.2795810 secs] [Times: user=0.28 sys=0.00, real=0.28 secs] 
212.689: [Full GC (System) 212.689: [CMS: 44318K->44941K(74044K), 0.2735240 secs] 47251K->44941K(93180K), [CMS Perm : 52994K->52989K(88476K)], 0.2736860 secs] [Times: user=0.28 sys=0.01, real=0.27 secs] 
212.967: [Full GC (System) 212.967: [CMS: 44941K->45048K(74904K), 0.2751970 secs] 47081K->45048K(94040K), [CMS Perm : 52990K->52989K(88476K)], 0.2753330 secs] [Times: user=0.27 sys=0.00, real=0.27 secs] 
213.255: [Full GC (System) 213.255: [CMS: 45048K->45457K(75096K), 0.2676360 secs] 53382K->45457K(94232K), [CMS Perm : 52994K->52991K(88476K)], 0.2677860 secs] [Times: user=0.27 sys=0.00, real=0.26 secs] 
213.526: [Full GC (System) 213.526: [CMS: 45457K->45476K(75764K), 0.2521920 secs] 45699K->45476K(94900K), [CMS Perm : 52991K->52991K(88476K)], 0.2523430 secs] [Times: user=0.25 sys=0.00, real=0.25 secs] 
213.779: [Full GC (System) 213.779: [CMS: 45476K->45478K(75956K), 0.2523340 secs] 45523K->45478K(95092K), [CMS Perm : 52991K->52991K(88476K)], 0.2524400 secs] [Times: user=0.25 sys=0.00, real=0.25 secs] 
214.044: [Full GC (System) 214.044: [CMS: 45478K->45783K(75956K), 0.2732700 secs] 50219K->45783K(95092K), [CMS Perm : 52993K->52993K(88476K)], 0.2734180 secs] [Times: user=0.28 sys=0.00, real=0.28 secs] 
214.326: [Full GC (System) 214.326: [CMS: 45783K->45925K(76308K), 0.2687280 secs] 49227K->45925K(95444K), [CMS Perm : 52994K->52993K(88476K)], 0.2688690 secs] [Times: user=0.27 sys=0.00, real=0.27 secs] 
214.602: [Full GC (System) 214.602: [CMS: 45925K->45981K(76544K), 0.2566900 secs] 48900K->45981K(95680K), [CMS Perm : 52997K->52996K(88476K)], 0.2568420 secs] [Times: user=0.25 sys=0.00, real=0.26 secs] 
214.862: [Full GC (System) 214.862: [CMS: 45981K->45982K(76736K), 0.2678110 secs] 47336K->45982K(95872K), [CMS Perm : 52997K->52996K(88476K)], 0.2679140 secs] [Times: user=0.27 sys=0.00, real=0.27 secs] 
215.133: [Full GC (System) 215.133: [CMS: 45982K->46034K(76736K), 0.2716050 secs] 47235K->46034K(95872K), [CMS Perm : 52996K->52996K(88476K)], 0.2728280 secs] [Times: user=0.27 sys=0.00, real=0.28 secs] 
215.411: [Full GC (System) 215.411: [CMS: 46034K->45872K(76736K), 0.2559680 secs] 48085K->45872K(95872K), [CMS Perm : 52997K->52993K(88476K)], 0.2560720 secs] [Times: user=0.25 sys=0.00, real=0.26 secs] 
215.680: [Full GC (System) 215.680: [CMS: 45872K->45772K(76736K), 0.2717540 secs] 48533K->45772K(95872K), [CMS Perm : 52995K->52995K(88476K)], 0.2718630 secs] [Times: user=0.27 sys=0.01, real=0.27 secs] 
215.957: [Full GC (System) 215.957: [CMS: 45772K->45843K(76736K), 0.2547400 secs] 47052K->45843K(95872K), [CMS Perm : 52996K->52995K(88476K)], 0.2549220 secs] [Times: user=0.25 sys=0.00, real=0.25 secs] 
216.255: [GC 216.255: [ParNew
Desired survivor size 1081344 bytes, new threshold 1 (max 4)
- age   1:    1264624 bytes,    1264624 total
: 17024K->1651K(19136K), 0.0028580 secs] 62867K->47494K(95872K), 0.0029310 secs] [Times: user=0.01 sys=0.00, real=0.00 secs] 
216.297: [GC 216.297: [ParNew
Desired survivor size 1081344 bytes, new threshold 1 (max 4)
- age   1:    1095712 bytes,    1095712 total
: 18675K->1595K(19136K), 0.0077880 secs] 64518K->48013K(95872K), 0.0078520 secs] [Times: user=0.02 sys=0.00, real=0.00 secs] 
216.347: [GC 216.347: [ParNew
Desired survivor size 1081344 bytes, new threshold 1 (max 4)
- age   1:    2122128 bytes,    2122128 total
: 18619K->2112K(19136K), 0.0127440 secs] 65037K->49833K(95872K), 0.0128960 secs] [Times: user=0.03 sys=0.01, real=0.01 secs] 
216.403: [GC 216.403: [ParNew
Desired survivor size 1081344 bytes, new threshold 1 (max 4)
- age   1:    1450032 bytes,    1450032 total
: 19100K->1821K(19136K), 0.0052440 secs] 66821K->51795K(95872K), 0.0053330 secs] [Times: user=0.02 sys=0.00, real=0.01 secs] 
216.490: [GC 216.490: [ParNew
Desired survivor size 1081344 bytes, new threshold 1 (max 4)
- age   1:    1419688 bytes,    1419688 total
: 18845K->1896K(19136K), 0.0050350 secs] 68819K->52922K(95872K), 0.0051090 secs] [Times: user=0.01 sys=0.00, real=0.01 secs] 
216.564: [GC 216.564: [ParNew
Desired survivor size 1081344 bytes, new threshold 1 (max 4)
- age   1:    1726096 bytes,    1726096 total
: 18920K->2112K(19136K), 0.0100230 secs] 69946K->54297K(95872K), 0.0101060 secs] [Times: user=0.02 sys=0.00, real=0.01 secs] 
216.640: [GC 216.640: [ParNew
Desired survivor size 1081344 bytes, new threshold 1 (max 4)
- age   1:    1327296 bytes,    1327296 total
: 19136K->2039K(19136K), 0.0151190 secs] 71321K->55877K(95872K), 0.0152390 secs] [Times: user=0.04 sys=0.00, real=0.02 secs] 
216.704: [GC 216.704: [ParNew
Desired survivor size 1081344 bytes, new threshold 4 (max 4)
- age   1:     868816 bytes,     868816 total
: 19063K->1703K(19136K), 0.0075990 secs] 72901K->56688K(95872K), 0.0076750 secs] [Times: user=0.02 sys=0.00, real=0.01 secs] 
216.754: [GC 216.754: [ParNew
Desired survivor size 1081344 bytes, new threshold 2 (max 4)
- age   1:     577752 bytes,     577752 total
- age   2:     846552 bytes,    1424304 total
: 18727K->1663K(19136K), 0.0069270 secs] 73712K->56648K(95872K), 0.0069940 secs] [Times: user=0.01 sys=0.00, real=0.01 secs] 
216.818: [GC 216.818: [ParNew
Desired survivor size 1081344 bytes, new threshold 1 (max 4)
- age   1:    1161616 bytes,    1161616 total
- age   2:     509304 bytes,    1670920 total
: 18687K->2092K(19136K), 0.0087830 secs] 73672K->57270K(95872K), 0.0088690 secs] [Times: user=0.03 sys=0.00, real=0.01 secs] 
216.889: [GC 216.889: [ParNew
Desired survivor size 1081344 bytes, new threshold 1 (max 4)
- age   1:    1791144 bytes,    1791144 total
: 19116K->2112K(19136K), 0.0073960 secs] 74294K->58783K(95872K), 0.0074800 secs] [Times: user=0.03 sys=0.00, real=0.01 secs] 
216.953: [GC 216.953: [ParNew
Desired survivor size 1081344 bytes, new threshold 4 (max 4)
- age   1:     661880 bytes,     661880 total
: 19136K->1692K(19136K), 0.0130010 secs] 75807K->59921K(95872K), 0.0130860 secs] [Times: user=0.04 sys=0.00, real=0.02 secs] 
217.022: [GC 217.023: [ParNew
Desired survivor size 1081344 bytes, new threshold 1 (max 4)
- age   1:    1759544 bytes,    1759544 total
- age   2:     355192 bytes,    2114736 total
: 18716K->2112K(19136K), 0.0113820 secs] 76945K->60867K(95872K), 0.0114630 secs] [Times: user=0.04 sys=0.00, real=0.01 secs] 
217.086: [GC 217.086: [ParNew
Desired survivor size 1081344 bytes, new threshold 1 (max 4)
- age   1:    1323320 bytes,    1323320 total
: 19136K->2112K(19136K), 0.0088470 secs] 77891K->62517K(95872K), 0.0089480 secs] [Times: user=0.02 sys=0.00, real=0.01 secs] 
217.136: [GC 217.136: [ParNew
Desired survivor size 1081344 bytes, new threshold 1 (max 4)
- age   1:    1456720 bytes,    1456720 total
: 19136K->2105K(19136K), 0.0118480 secs] 79541K->63838K(95872K), 0.0119540 secs] [Times: user=0.05 sys=0.00, real=0.01 secs] 
217.186: [GC 217.186: [ParNew
Desired survivor size 1081344 bytes, new threshold 1 (max 4)
- age   1:    1211280 bytes,    1211280 total
: 19129K->2104K(19136K), 0.0087720 secs] 80862K->65288K(95872K), 0.0088470 secs] [Times: user=0.03 sys=0.00, real=0.01 secs] 
217.197: [GC [1 CMS-initial-mark: 63183K(76736K)] 65466K(95872K), 0.0040320 secs] [Times: user=0.00 sys=0.00, real=0.00 secs] 
217.201: [CMS-concurrent-mark-start]
217.257: [GC 217.257: [ParNew
Desired survivor size 1081344 bytes, new threshold 1 (max 4)
- age   1:    1499048 bytes,    1499048 total
: 19128K->1999K(19136K), 0.0065860 secs] 82312K->66432K(95872K), 0.0066740 secs] [Times: user=0.02 sys=0.00, real=0.00 secs] 
217.341: [GC 217.342: [ParNew
Desired survivor size 1081344 bytes, new threshold 1 (max 4)
- age   1:    1110216 bytes,    1110216 total
: 19023K->1286K(19136K), 0.0168480 secs] 83456K->67161K(95872K), 0.0169360 secs] [Times: user=0.06 sys=0.00, real=0.02 secs] 
217.397: [CMS-concurrent-mark: 0.162/0.196 secs] [Times: user=0.73 sys=0.01, real=0.20 secs] 
217.397: [CMS-concurrent-preclean-start]
217.405: [CMS-concurrent-preclean: 0.007/0.007 secs] [Times: user=0.03 sys=0.00, real=0.00 secs] 
217.405: [CMS-concurrent-abortable-preclean-start]
217.406: [Full GC (System) 217.406: [CMS217.507: [CMS-concurrent-abortable-preclean: 0.002/0.103 secs] [Times: user=0.01 sys=0.00, real=0.11 secs] 
 (concurrent mode interrupted): 65875K->50286K(76736K), 0.4056330 secs] 79231K->50286K(95872K), [CMS Perm : 53085K->53059K(88476K)], 0.4058020 secs] [Times: user=0.31 sys=0.00, real=0.40 secs] 
217.859: [GC 217.860: [ParNew
Desired survivor size 1081344 bytes, new threshold 1 (max 4)
- age   1:    1389016 bytes,    1389016 total
: 17024K->1434K(19136K), 0.0048570 secs] 67310K->51720K(102948K), 0.0049300 secs] [Times: user=0.01 sys=0.00, real=0.00 secs] 
217.881: [Full GC (System) 217.881: [CMS: 50286K->50810K(83812K), 0.2948920 secs] 57534K->50810K(102948K), [CMS Perm : 53065K->53061K(88476K)], 0.2950460 secs] [Times: user=0.32 sys=0.00, real=0.30 secs] 
218.190: [Full GC (System) 218.190: [CMS: 50810K->50705K(84684K), 0.2790310 secs] 56286K->50705K(103820K), [CMS Perm : 53063K->53063K(88476K)], 0.2791500 secs] [Times: user=0.28 sys=0.00, real=0.28 secs] 
218.472: [Full GC (System) 218.472: [CMS: 50705K->50723K(84684K), 0.2783500 secs] 52986K->50723K(103820K), [CMS Perm : 53063K->53063K(88476K)], 0.2784500 secs] [Times: user=0.28 sys=0.00, real=0.28 secs] 
218.751: [Full GC (System) 218.751: [CMS: 50723K->50777K(84684K), 0.2770880 secs] 50814K->50777K(103820K), [CMS Perm : 53063K->53063K(88476K)], 0.2771920 secs] [Times: user=0.27 sys=0.00, real=0.28 secs] 
219.031: [Full GC (System) 219.031: [CMS: 50777K->50890K(84684K), 0.2809160 secs] 51665K->50890K(103820K), [CMS Perm : 53063K->53063K(88476K)], 0.2810830 secs] [Times: user=0.28 sys=0.00, real=0.28 secs] 
219.348: [GC 219.348: [ParNew
Desired survivor size 1081344 bytes, new threshold 1 (max 4)
- age   1:    2072832 bytes,    2072832 total
: 17024K->2112K(19136K), 0.0067120 secs] 67914K->53004K(104012K), 0.0067930 secs] [Times: user=0.02 sys=0.00, real=0.01 secs] 
219.356: [Full GC (System) 219.356: [CMS: 50892K->51371K(84876K), 0.2943360 secs] 53280K->51371K(104012K), [CMS Perm : 53070K->53064K(88476K)], 0.2944720 secs] [Times: user=0.30 sys=0.00, real=0.29 secs] 
219.656: [Full GC (System) 219.656: [CMS: 51371K->51399K(85620K), 0.2974400 secs] 52334K->51399K(104756K), [CMS Perm : 53068K->53068K(88476K)], 0.2976280 secs] [Times: user=0.30 sys=0.01, real=0.29 secs] 
219.992: [GC 219.992: [ParNew
Desired survivor size 1081344 bytes, new threshold 1 (max 4)
- age   1:    1606496 bytes,    1606496 total
: 17024K->2112K(19136K), 0.0095930 secs] 68423K->53961K(104948K), 0.0096770 secs] [Times: user=0.03 sys=0.00, real=0.01 secs] 
220.047: [GC 220.047: [ParNew
Desired survivor size 1081344 bytes, new threshold 1 (max 4)
- age   1:    1103680 bytes,    1103680 total
: 19136K->2045K(19136K), 0.0057260 secs] 70985K->55560K(104948K), 0.0058080 secs] [Times: user=0.02 sys=0.00, real=0.00 secs] 
220.095: [GC 220.095: [ParNew
Desired survivor size 1081344 bytes, new threshold 1 (max 4)
- age   1:    1386456 bytes,    1386456 total
: 19069K->1862K(19136K), 0.0057150 secs] 72584K->56432K(104948K), 0.0057910 secs] [Times: user=0.01 sys=0.00, real=0.01 secs] 
220.146: [GC 220.146: [ParNew
Desired survivor size 1081344 bytes, new threshold 1 (max 4)
- age   1:    1450520 bytes,    1450520 total
: 18886K->2090K(19136K), 0.0060230 secs] 73456K->57877K(104948K), 0.0061110 secs] [Times: user=0.02 sys=0.00, real=0.00 secs] 
220.199: [GC 220.199: [ParNew
Desired survivor size 1081344 bytes, new threshold 1 (max 4)
- age   1:    1436384 bytes,    1436384 total
: 19114K->2073K(19136K), 0.0059180 secs] 74901K->59339K(104948K), 0.0060010 secs] [Times: user=0.02 sys=0.00, real=0.00 secs] 
220.243: [GC 220.243: [ParNew
Desired survivor size 1081344 bytes, new threshold 4 (max 4)
- age   1:     843304 bytes,     843304 total
: 19097K->1368K(19136K), 0.0045790 secs] 76363K->59991K(104948K), 0.0046530 secs] [Times: user=0.02 sys=0.00, real=0.01 secs] 
220.293: [GC 220.293: [ParNew
Desired survivor size 1081344 bytes, new threshold 1 (max 4)
- age   1:    1446360 bytes,    1446360 total
- age   2:     707304 bytes,    2153664 total
: 18392K->2112K(19136K), 0.0044360 secs] 77015K->61220K(104948K), 0.0045170 secs] [Times: user=0.02 sys=0.00, real=0.01 secs] 
220.341: [GC 220.341: [ParNew
Desired survivor size 1081344 bytes, new threshold 4 (max 4)
- age   1:     847760 bytes,     847760 total
: 19136K->1833K(19136K), 0.0054820 secs] 78244K->63026K(104948K), 0.0055650 secs] [Times: user=0.01 sys=0.00, real=0.01 secs] 
220.386: [GC 220.386: [ParNew
Desired survivor size 1081344 bytes, new threshold 1 (max 4)
- age   1:    1583656 bytes,    1583656 total
- age   2:     563464 bytes,    2147120 total
: 18857K->2112K(19136K), 0.0044070 secs] 80050K->63822K(104948K), 0.0044860 secs] [Times: user=0.01 sys=0.00, real=0.00 secs] 
220.435: [GC 220.435: [ParNew
Desired survivor size 1081344 bytes, new threshold 4 (max 4)
- age   1:     968056 bytes,     968056 total
: 19136K->1762K(19136K), 0.0067730 secs] 80846K->65431K(104948K), 0.0068600 secs] [Times: user=0.02 sys=0.00, real=0.01 secs] 
220.503: [GC 220.503: [ParNew
Desired survivor size 1081344 bytes, new threshold 1 (max 4)
- age   1:    1236688 bytes,    1236688 total
- age   2:     916232 bytes,    2152920 total
: 18786K->2112K(19136K), 0.0043660 secs] 82455K->66228K(104948K), 0.0044420 secs] [Times: user=0.01 sys=0.00, real=0.01 secs] 
220.550: [GC 220.550: [ParNew
Desired survivor size 1081344 bytes, new threshold 1 (max 4)
- age   1:    1618536 bytes,    1618536 total
: 19136K->2112K(19136K), 0.0061680 secs] 83252K->68589K(104948K), 0.0062560 secs] [Times: user=0.02 sys=0.00, real=0.01 secs] 
220.557: [GC [1 CMS-initial-mark: 66477K(85812K)] 68822K(104948K), 0.0036930 secs] [Times: user=0.01 sys=0.00, real=0.00 secs] 
220.560: [CMS-concurrent-mark-start]
220.655: [GC 220.655: [ParNew
Desired survivor size 1081344 bytes, new threshold 4 (max 4)
- age   1:     803368 bytes,     803368 total
: 19136K->1645K(19136K), 0.0034730 secs] 85613K->68810K(104948K), 0.0035420 secs] [Times: user=0.01 sys=0.00, real=0.01 secs] 
220.720: [CMS-concurrent-mark: 0.151/0.160 secs] [Times: user=0.50 sys=0.01, real=0.16 secs] 
220.720: [CMS-concurrent-preclean-start]
220.726: [CMS-concurrent-preclean: 0.006/0.006 secs] [Times: user=0.02 sys=0.00, real=0.01 secs] 
220.726: [CMS-concurrent-abortable-preclean-start]
220.729: [GC 220.729: [ParNew
Desired survivor size 1081344 bytes, new threshold 1 (max 4)
- age   1:    1484512 bytes,    1484512 total
- age   2:     396240 bytes,    1880752 total
: 18669K->2102K(19136K), 0.0033570 secs] 85834K->69267K(104948K), 0.0034220 secs] [Times: user=0.01 sys=0.00, real=0.00 secs] 
220.756: [CMS-concurrent-abortable-preclean: 0.021/0.030 secs] [Times: user=0.08 sys=0.01, real=0.03 secs] 
220.757: [GC[YG occupancy: 11867 K (19136 K)]220.757: [Rescan (parallel) , 0.0048580 secs]220.761: [weak refs processing, 0.0008560 secs] [1 CMS-remark: 67165K(85812K)] 79032K(104948K), 0.0058070 secs] [Times: user=0.03 sys=0.00, real=0.00 secs] 
220.763: [CMS-concurrent-sweep-start]
220.779: [GC 220.779: [ParNew
Desired survivor size 1081344 bytes, new threshold 4 (max 4)
- age   1:     552448 bytes,     552448 total
: 19126K->1539K(19136K), 0.0071850 secs] 86291K->70099K(104948K), 0.0072590 secs] [Times: user=0.02 sys=0.00, real=0.01 secs] 
220.822: [GC 220.822: [ParNew
Desired survivor size 1081344 bytes, new threshold 2 (max 4)
- age   1:     575160 bytes,     575160 total
- age   2:     536856 bytes,    1112016 total
: 18563K->1299K(19136K), 0.0028660 secs] 74956K->57692K(104948K), 0.0029270 secs] [Times: user=0.01 sys=0.00, real=0.00 secs] 
220.830: [CMS-concurrent-sweep: 0.056/0.066 secs] [Times: user=0.19 sys=0.00, real=0.07 secs] 
220.830: [CMS-concurrent-reset-start]
220.836: [CMS-concurrent-reset: 0.007/0.007 secs] [Times: user=0.02 sys=0.00, real=0.01 secs] 
220.863: [GC 220.863: [ParNew
Desired survivor size 1081344 bytes, new threshold 1 (max 4)
- age   1:    1104128 bytes,    1104128 total
- age   2:     573368 bytes,    1677496 total
: 18323K->2112K(19136K), 0.0039680 secs] 73135K->57498K(110492K), 0.0040380 secs] [Times: user=0.01 sys=0.00, real=0.01 secs] 
220.914: [GC 220.914: [ParNew
Desired survivor size 1081344 bytes, new threshold 1 (max 4)
- age   1:    1640400 bytes,    1640400 total
: 19136K->2112K(19136K), 0.0052030 secs] 74522K->59045K(110492K), 0.0052880 secs] [Times: user=0.01 sys=0.00, real=0.01 secs] 
220.963: [GC 220.963: [ParNew
Desired survivor size 1081344 bytes, new threshold 4 (max 4)
- age   1:     893856 bytes,     893856 total
: 19136K->1567K(19136K), 0.0047650 secs] 76069K->60117K(110492K), 0.0048430 secs] [Times: user=0.01 sys=0.00, real=0.01 secs] 
221.015: [GC 221.015: [ParNew
Desired survivor size 1081344 bytes, new threshold 1 (max 4)
- age   1:    1181336 bytes,    1181336 total
- age   2:     887536 bytes,    2068872 total
: 18591K->2112K(19136K), 0.0036250 secs] 77141K->60682K(110492K), 0.0036960 secs] [Times: user=0.01 sys=0.00, real=0.01 secs] 
221.074: [GC 221.074: [ParNew
Desired survivor size 1081344 bytes, new threshold 1 (max 4)
- age   1:    1661240 bytes,    1661240 total
: 19136K->2112K(19136K), 0.0059080 secs] 77706K->62542K(110492K), 0.0059900 secs] [Times: user=0.02 sys=0.00, real=0.01 secs] 
221.119: [GC 221.119: [ParNew
Desired survivor size 1081344 bytes, new threshold 4 (max 4)
- age   1:     917600 bytes,     917600 total
: 19136K->1640K(19136K), 0.0041690 secs] 79566K->63238K(110492K), 0.0042380 secs] [Times: user=0.02 sys=0.00, real=0.00 secs] 
221.200: [GC 221.200: [ParNew
Desired survivor size 1081344 bytes, new threshold 1 (max 4)
- age   1:    1403272 bytes,    1403272 total
- age   2:     259064 bytes,    1662336 total
: 18664K->1881K(19136K), 0.0031900 secs] 80262K->63479K(110492K), 0.0032730 secs] [Times: user=0.01 sys=0.00, real=0.00 secs] 
221.208: [Full GC (System) 221.208: [CMS: 61597K->55536K(91356K), 0.3159200 secs] 64330K->55536K(110492K), [CMS Perm : 53195K->53168K(88668K)], 0.3160660 secs] [Times: user=0.32 sys=0.00, real=0.31 secs] 
221.576: [Full GC (System) 221.576: [CMS: 55536K->55906K(92564K), 0.3179100 secs] 66190K->55906K(111700K), [CMS Perm : 53175K->53171K(88668K)], 0.3181030 secs] [Times: user=0.32 sys=0.00, real=0.32 secs] 
221.901: [Full GC (System) 221.901: [CMS: 55906K->55960K(93180K), 0.3057590 secs] 60436K->55960K(112316K), [CMS Perm : 53171K->53171K(88668K)], 0.3058960 secs] [Times: user=0.30 sys=0.01, real=0.31 secs] 
222.217: [Full GC (System) 222.217: [CMS: 55960K->56010K(93372K), 0.3142390 secs] 61254K->56010K(112508K), [CMS Perm : 53173K->53172K(88668K)], 0.3143480 secs] [Times: user=0.31 sys=0.01, real=0.31 secs] 
222.537: [Full GC (System) 222.537: [CMS: 56010K->56066K(93372K), 0.3024340 secs] 58695K->56066K(112508K), [CMS Perm : 53172K->53172K(88668K)], 0.3025930 secs] [Times: user=0.30 sys=0.00, real=0.30 secs] 
222.844: [Full GC (System) 222.844: [CMS: 56066K->56161K(93564K), 0.3057100 secs] 57221K->56161K(112700K), [CMS Perm : 53173K->53172K(88668K)], 0.3059360 secs] [Times: user=0.30 sys=0.01, real=0.31 secs] 
223.157: [Full GC (System) 223.157: [CMS: 56161K->56447K(93756K), 0.3019620 secs] 59239K->56447K(112892K), [CMS Perm : 53173K->53172K(88668K)], 0.3021130 secs] [Times: user=0.30 sys=0.00, real=0.30 secs] 
223.465: [Full GC (System) 223.465: [CMS: 56447K->56340K(94080K), 0.3148650 secs] 58474K->56340K(113216K), [CMS Perm : 53173K->53173K(88668K)], 0.3149680 secs] [Times: user=0.31 sys=0.00, real=0.32 secs] 
223.786: [Full GC (System) 223.786: [CMS: 56340K->56401K(94080K), 0.3190350 secs] 59408K->56401K(113216K), [CMS Perm : 53173K->53173K(88668K)], 0.3191390 secs] [Times: user=0.32 sys=0.00, real=0.31 secs] 
224.106: [Full GC (System) 224.106: [CMS: 56401K->56399K(94080K), 0.2865640 secs] 56464K->56399K(113216K), [CMS Perm : 53173K->53173K(88668K)], 0.2866930 secs] [Times: user=0.29 sys=0.00, real=0.28 secs] 
224.394: [Full GC (System) 224.394: [CMS: 56399K->56393K(94080K), 0.3163450 secs] 56763K->56393K(113216K), [CMS Perm : 53173K->53173K(88668K)], 0.3164470 secs] [Times: user=0.31 sys=0.00, real=0.32 secs] 
224.728: [Full GC (System) 224.728: [CMS: 56393K->56952K(94080K), 0.3227600 secs] 65002K->56952K(113216K), [CMS Perm : 53174K->53173K(88668K)], 0.3229470 secs] [Times: user=0.31 sys=0.01, real=0.32 secs] 
225.056: [Full GC (System) 225.056: [CMS: 56952K->57047K(94924K), 0.3168370 secs] 59626K->57047K(114060K), [CMS Perm : 53173K->53173K(88668K)], 0.3169940 secs] [Times: user=0.31 sys=0.00, real=0.31 secs] 
225.382: [Full GC (System) 225.382: [CMS: 57047K->55882K(95116K), 0.3154790 secs] 61151K->55882K(114252K), [CMS Perm : 53174K->53173K(88668K)], 0.3198410 secs] [Times: user=0.31 sys=0.00, real=0.32 secs] 
225.703: [Full GC (System) 225.703: [CMS: 55882K->55885K(95116K), 0.3040170 secs] 55906K->55885K(114252K), [CMS Perm : 53173K->53173K(88668K)], 0.3041160 secs] [Times: user=0.31 sys=0.00, real=0.31 secs] 
226.042: [GC 226.042: [ParNew
Desired survivor size 1081344 bytes, new threshold 1 (max 4)
- age   1:    1119896 bytes,    1119896 total
: 17024K->1739K(19136K), 0.0026340 secs] 72909K->57625K(114252K), 0.0027060 secs] [Times: user=0.01 sys=0.00, real=0.00 secs] 
226.048: [Full GC (System) 226.048: [CMS: 55885K->56104K(95116K), 0.3113580 secs] 57995K->56104K(114252K), [CMS Perm : 53181K->53178K(88668K)], 0.3114590 secs] [Times: user=0.32 sys=0.00, real=0.31 secs] 
226.403: [GC 226.403: [ParNew
Desired survivor size 1081344 bytes, new threshold 4 (max 4)
- age   1:     657952 bytes,     657952 total
: 17024K->1184K(19136K), 0.0022780 secs] 73128K->57288K(114252K), 0.0024150 secs] [Times: user=0.01 sys=0.00, real=0.00 secs] 
226.438: [GC 226.438: [ParNew
Desired survivor size 1081344 bytes, new threshold 4 (max 4)
- age   1:     225656 bytes,     225656 total
- age   2:     596920 bytes,     822576 total
: 18208K->1053K(19136K), 0.0022640 secs] 74312K->57158K(114252K), 0.0023290 secs] [Times: user=0.01 sys=0.00, real=0.00 secs] 
226.477: [GC 226.477: [ParNew
Desired survivor size 1081344 bytes, new threshold 1 (max 4)
- age   1:    1755856 bytes,    1755856 total
- age   2:     163472 bytes,    1919328 total
- age   3:     233320 bytes,    2152648 total
: 18077K->2112K(19136K), 0.0041480 secs] 74182K->58576K(114252K), 0.0042270 secs] [Times: user=0.01 sys=0.00, real=0.00 secs] 
226.514: [GC 226.514: [ParNew
Desired survivor size 1081344 bytes, new threshold 4 (max 4)
- age   1:     811232 bytes,     811232 total
: 19136K->1776K(19136K), 0.0050660 secs] 75600K->60179K(114252K), 0.0051430 secs] [Times: user=0.01 sys=0.00, real=0.01 secs] 
226.568: [GC 226.568: [ParNew
Desired survivor size 1081344 bytes, new threshold 1 (max 4)
- age   1:    1200728 bytes,    1200728 total
- age   2:     715440 bytes,    1916168 total
: 18800K->2112K(19136K), 0.0037500 secs] 77203K->60549K(114252K), 0.0038510 secs] [Times: user=0.01 sys=0.00, real=0.00 secs] 
226.609: [GC 226.609: [ParNew
Desired survivor size 1081344 bytes, new threshold 1 (max 4)
- age   1:    1516992 bytes,    1516992 total
: 19136K->1982K(19136K), 0.0078420 secs] 77573K->62097K(114252K), 0.0079280 secs] [Times: user=0.02 sys=0.00, real=0.01 secs] 
226.656: [GC 226.656: [ParNew
Desired survivor size 1081344 bytes, new threshold 4 (max 4)
- age   1:     752136 bytes,     752136 total
: 19006K->1521K(19136K), 0.0075650 secs] 79121K->62924K(114252K), 0.0076330 secs] [Times: user=0.02 sys=0.01, real=0.01 secs] 
226.700: [GC 226.700: [ParNew
Desired survivor size 1081344 bytes, new threshold 2 (max 4)
- age   1:     872448 bytes,     872448 total
- age   2:     698472 bytes,    1570920 total
: 18545K->1779K(19136K), 0.0049280 secs] 79948K->63182K(114252K), 0.0049990 secs] [Times: user=0.01 sys=0.00, real=0.00 secs] 
226.724: [Full GC (System) 226.724: [CMS: 61402K->56075K(95116K), 0.3234730 secs] 69355K->56075K(114252K), [CMS Perm : 53231K->53211K(88668K)], 0.3236540 secs] [Times: user=0.32 sys=0.00, real=0.33 secs] 
227.060: [Full GC (System) 227.060: [CMS: 56075K->56010K(95116K), 0.3136660 secs] 62428K->56010K(114252K), [CMS Perm : 53212K->53211K(88860K)], 0.3137750 secs] [Times: user=0.30 sys=0.02, real=0.31 secs] 
227.380: [Full GC (System) 227.380: [CMS: 56010K->55952K(95116K), 0.3007000 secs] 59513K->55952K(114252K), [CMS Perm : 53211K->53211K(88860K)], 0.3008050 secs] [Times: user=0.30 sys=0.00, real=0.30 secs] 
227.682: [Full GC (System) 227.682: [CMS: 55952K->55998K(95116K), 0.2898470 secs] 56357K->55998K(114252K), [CMS Perm : 53211K->53211K(88860K)], 0.2899460 secs] [Times: user=0.29 sys=0.00, real=0.29 secs] 
227.973: [Full GC (System) 227.973: [CMS: 55998K->55998K(95116K), 0.2891670 secs] 56020K->55998K(114252K), [CMS Perm : 53211K->53211K(88860K)], 0.2892650 secs] [Times: user=0.29 sys=0.00, real=0.29 secs] 
228.264: [Full GC (System) 228.265: [CMS: 55998K->55982K(95116K), 0.3017400 secs] 56795K->55982K(114252K), [CMS Perm : 53213K->53213K(88860K)], 0.3018430 secs] [Times: user=0.31 sys=0.00, real=0.30 secs] 
228.579: [Full GC (System) 228.580: [CMS: 55982K->56271K(95116K), 0.3171090 secs] 63312K->56271K(114252K), [CMS Perm : 53221K->53215K(88860K)], 0.3172240 secs] [Times: user=0.30 sys=0.02, real=0.32 secs] 
228.930: [Full GC (System) 228.930: [CMS: 56271K->56239K(95116K), 0.3142200 secs] 63447K->56239K(114252K), [CMS Perm : 53220K->53215K(88860K)], 0.3143330 secs] [Times: user=0.31 sys=0.00, real=0.31 secs] 
229.256: [Full GC (System) 229.256: [CMS: 56239K->56470K(95116K), 0.3175990 secs] 61304K->56470K(114252K), [CMS Perm : 53219K->53218K(88860K)], 0.3177090 secs] [Times: user=0.31 sys=0.00, real=0.32 secs] 
229.574: [Full GC (System) 229.574: [CMS: 56470K->56486K(95116K), 0.2859060 secs] 56548K->56486K(114252K), [CMS Perm : 53218K->53218K(88860K)], 0.2860200 secs] [Times: user=0.29 sys=0.00, real=0.29 secs] 
229.862: [Full GC (System) 229.862: [CMS: 56486K->56483K(95116K), 0.3196580 secs] 57549K->56483K(114252K), [CMS Perm : 53218K->53218K(88860K)], 0.3197620 secs] [Times: user=0.32 sys=0.00, real=0.32 secs] 
230.197: [Full GC (System) 230.197: [CMS: 56483K->56368K(95116K), 0.3201600 secs] 63356K->56368K(114252K), [CMS Perm : 53222K->53222K(88860K)], 0.3202730 secs] [Times: user=0.32 sys=0.00, real=0.32 secs] 
230.522: [Full GC (System) 230.522: [CMS: 56368K->56678K(95116K), 0.2926980 secs] 57639K->56678K(114252K), [CMS Perm : 53225K->53225K(88860K)], 0.2928330 secs] [Times: user=0.29 sys=0.00, real=0.29 secs] 
230.816: [Full GC (System) 230.816: [CMS: 56678K->56678K(95116K), 0.2886640 secs] 56691K->56678K(114252K), [CMS Perm : 53225K->53225K(88860K)], 0.2887650 secs] [Times: user=0.29 sys=0.00, real=0.29 secs] 
231.106: [Full GC (System) 231.106: [CMS: 56678K->56621K(95116K), 0.3042640 secs] 57317K->56621K(114252K), [CMS Perm : 53225K->53222K(88860K)], 0.3043650 secs] [Times: user=0.31 sys=0.00, real=0.31 secs] 
231.413: [Full GC (System) 231.413: [CMS: 56621K->56543K(95116K), 0.3192390 secs] 57243K->56543K(114252K), [CMS Perm : 53222K->53222K(88860K)], 0.3193380 secs] [Times: user=0.32 sys=0.00, real=0.32 secs] 
231.764: [GC 231.764: [ParNew
Desired survivor size 1081344 bytes, new threshold 1 (max 4)
- age   1:    1294392 bytes,    1294392 total
: 17024K->1640K(19136K), 0.0035030 secs] 73567K->58183K(114252K), 0.0035770 secs] [Times: user=0.01 sys=0.00, real=0.01 secs] 
231.793: [Full GC (System) 231.793: [CMS: 56543K->56297K(95116K), 0.3211090 secs] 66500K->56297K(114252K), [CMS Perm : 53234K->53225K(88860K)], 0.3212180 secs] [Times: user=0.32 sys=0.00, real=0.32 secs] 
232.121: [Full GC (System) 232.121: [CMS: 56297K->56370K(95116K), 0.3121150 secs] 58561K->56370K(114252K), [CMS Perm : 53229K->53229K(88860K)], 0.3122230 secs] [Times: user=0.31 sys=0.00, real=0.31 secs] 
232.450: [Full GC (System) 232.450: [CMS: 56370K->56491K(95116K), 0.3181500 secs] 65047K->56491K(114252K), [CMS Perm : 53235K->53232K(88860K)], 0.3182680 secs] [Times: user=0.32 sys=0.00, real=0.32 secs] 
232.784: [Full GC (System) 232.784: [CMS: 56491K->56497K(95116K), 0.3260950 secs] 61940K->56497K(114252K), [CMS Perm : 53236K->53233K(88860K)], 0.3262100 secs] [Times: user=0.32 sys=0.00, real=0.33 secs] 
233.120: [Full GC (System) 233.120: [CMS: 56497K->56492K(95116K), 0.3023440 secs] 60034K->56492K(114252K), [CMS Perm : 53234K->53233K(88860K)], 0.3024550 secs] [Times: user=0.30 sys=0.00, real=0.30 secs] 
233.429: [Full GC (System) 233.429: [CMS: 56492K->56548K(95116K), 0.2991010 secs] 57904K->56548K(114252K), [CMS Perm : 53233K->53232K(88860K)], 0.2992070 secs] [Times: user=0.30 sys=0.00, real=0.30 secs] 
233.738: [Full GC (System) 233.738: [CMS: 56548K->56557K(95116K), 0.3016690 secs] 62835K->56557K(114252K), [CMS Perm : 53235K->53233K(88860K)], 0.3017750 secs] [Times: user=0.30 sys=0.00, real=0.30 secs] 
234.044: [Full GC (System) 234.044: [CMS: 56557K->56373K(95116K), 0.2885180 secs] 57940K->56373K(114252K), [CMS Perm : 53237K->53233K(88860K)], 0.2886600 secs] [Times: user=0.29 sys=0.00, real=0.29 secs] 
234.344: [Full GC (System) 234.344: [CMS: 56373K->56264K(95116K), 0.3035190 secs] 61387K->56264K(114252K), [CMS Perm : 53239K->53233K(88860K)], 0.3036620 secs] [Times: user=0.31 sys=0.00, real=0.31 secs] 
234.648: [Full GC (System) 234.649: [CMS: 56264K->56262K(95116K), 0.2860120 secs] 56343K->56262K(114252K), [CMS Perm : 53233K->53233K(88860K)], 0.2861150 secs] [Times: user=0.28 sys=0.00, real=0.28 secs] 
234.940: [Full GC (System) 234.940: [CMS: 56262K->56478K(95116K), 0.2899940 secs] 58554K->56478K(114252K), [CMS Perm : 53239K->53235K(88860K)], 0.2901040 secs] [Times: user=0.29 sys=0.00, real=0.29 secs] 
235.231: [Full GC (System) 235.231: [CMS: 56478K->56451K(95116K), 0.2886940 secs] 56658K->56451K(114252K), [CMS Perm : 53235K->53235K(88860K)], 0.2887980 secs] [Times: user=0.29 sys=0.00, real=0.29 secs] 
235.527: [Full GC (System) 235.527: [CMS: 56451K->56673K(95116K), 0.2948290 secs] 59173K->56673K(114252K), [CMS Perm : 53235K->53235K(88860K)], 0.2949650 secs] [Times: user=0.29 sys=0.00, real=0.30 secs] 
235.825: [Full GC (System) 235.825: [CMS: 56673K->56823K(95116K), 0.3064850 secs] 57876K->56823K(114252K), [CMS Perm : 53236K->53236K(88860K)], 0.3065930 secs] [Times: user=0.31 sys=0.00, real=0.31 secs] 
236.140: [Full GC (System) 236.140: [CMS: 56823K->56916K(95116K), 0.3144360 secs] 60556K->56916K(114252K), [CMS Perm : 53239K->53238K(88860K)], 0.3145800 secs] [Times: user=0.31 sys=0.00, real=0.31 secs] 
236.457: [Full GC (System) 236.457: [CMS: 56916K->56714K(95116K), 0.2882320 secs] 57446K->56714K(114252K), [CMS Perm : 53238K->53235K(88860K)], 0.2883370 secs] [Times: user=0.29 sys=0.00, real=0.29 secs] 
236.753: [Full GC (System) 236.753: [CMS: 56714K->56903K(95116K), 0.3111350 secs] 60945K->56903K(114252K), [CMS Perm : 53241K->53236K(88860K)], 0.3112430 secs] [Times: user=0.31 sys=0.00, real=0.31 secs] 
237.071: [Full GC (System) 237.071: [CMS: 56903K->57038K(95116K), 0.3197320 secs] 59242K->57038K(114252K), [CMS Perm : 53237K->53236K(88860K)], 0.3198420 secs] [Times: user=0.32 sys=0.00, real=0.32 secs] 
237.391: [Full GC (System) 237.391: [CMS: 57038K->57077K(95116K), 0.2883930 secs] 57457K->57077K(114252K), [CMS Perm : 53237K->53237K(88860K)], 0.2885530 secs] [Times: user=0.29 sys=0.00, real=0.29 secs] 
237.681: [Full GC (System) 237.681: [CMS: 57077K->57072K(95308K), 0.2876500 secs] 57204K->57072K(114444K), [CMS Perm : 53237K->53237K(88860K)], 0.2877520 secs] [Times: user=0.29 sys=0.00, real=0.29 secs] 
237.972: [Full GC (System) 237.973: [CMS: 57072K->57029K(95308K), 0.2881110 secs] 57783K->57029K(114444K), [CMS Perm : 53237K->53237K(88860K)], 0.2882140 secs] [Times: user=0.29 sys=0.00, real=0.29 secs] 
238.263: [Full GC (System) 238.263: [CMS: 57029K->57126K(95308K), 0.2882380 secs] 57574K->57126K(114444K), [CMS Perm : 53237K->53237K(88860K)], 0.2883390 secs] [Times: user=0.28 sys=0.00, real=0.29 secs] 
238.578: [GC 238.578: [ParNew
Desired survivor size 1081344 bytes, new threshold 1 (max 4)
- age   1:    1308272 bytes,    1308272 total
: 17024K->1914K(19136K), 0.0030760 secs] 74150K->59041K(114444K), 0.0031500 secs] [Times: user=0.01 sys=0.00, real=0.00 secs] 
238.594: [Full GC (System) 238.594: [CMS: 57126K->56705K(95308K), 0.3192490 secs] 63833K->56705K(114444K), [CMS Perm : 53245K->53237K(88860K)], 0.3193580 secs] [Times: user=0.32 sys=0.00, real=0.32 secs] 
238.918: [Full GC (System) 238.919: [CMS: 56705K->56700K(95308K), 0.3013950 secs] 58530K->56700K(114444K), [CMS Perm : 53237K->53237K(88860K)], 0.3014980 secs] [Times: user=0.30 sys=0.00, real=0.30 secs] 
239.227: [Full GC (System) 239.227: [CMS: 56700K->56370K(95308K), 0.3217100 secs] 58927K->56370K(114444K), [CMS Perm : 53242K->53242K(88860K)], 0.3218160 secs] [Times: user=0.32 sys=0.00, real=0.32 secs] 
239.550: [Full GC (System) 239.550: [CMS: 56370K->56367K(95308K), 0.2919730 secs] 56606K->56367K(114444K), [CMS Perm : 53242K->53242K(88860K)], 0.2920900 secs] [Times: user=0.29 sys=0.00, real=0.29 secs] 
239.844: [Full GC (System) 239.844: [CMS: 56367K->56333K(95308K), 0.2902170 secs] 56577K->56333K(114444K), [CMS Perm : 53242K->53242K(88860K)], 0.2903220 secs] [Times: user=0.29 sys=0.00, real=0.29 secs] 
240.141: [Full GC (System) 240.141: [CMS: 56333K->56466K(95308K), 0.2891670 secs] 57714K->56466K(114444K), [CMS Perm : 53247K->53242K(88860K)], 0.2893020 secs] [Times: user=0.29 sys=0.00, real=0.29 secs] 
240.441: [Full GC (System) 240.441: [CMS: 56466K->56368K(95308K), 0.2945700 secs] 61805K->56368K(114444K), [CMS Perm : 53244K->53242K(88860K)], 0.2946800 secs] [Times: user=0.29 sys=0.00, real=0.29 secs] 
240.741: [Full GC (System) 240.741: [CMS: 56368K->56369K(95308K), 0.2935430 secs] 58498K->56369K(114444K), [CMS Perm : 53246K->53242K(88860K)], 0.2936560 secs] [Times: user=0.29 sys=0.00, real=0.29 secs] 
241.057: [Full GC (System) 241.057: [CMS: 56369K->56817K(95308K), 0.3093100 secs] 68481K->56817K(114444K), [CMS Perm : 53245K->53243K(88860K)], 0.3094250 secs] [Times: user=0.31 sys=0.00, real=0.31 secs] 
241.398: [GC 241.398: [ParNew
Desired survivor size 1081344 bytes, new threshold 4 (max 4)
- age   1:     857384 bytes,     857384 total
: 17024K->1277K(19136K), 0.0025470 secs] 73841K->58094K(114444K), 0.0026160 secs] [Times: user=0.01 sys=0.01, real=0.01 secs] 
241.441: [GC 241.441: [ParNew
Desired survivor size 1081344 bytes, new threshold 1 (max 4)
- age   1:    1398072 bytes,    1398072 total
- age   2:     640936 bytes,    2039008 total
: 18301K->2112K(19136K), 0.0039930 secs] 75118K->59094K(114444K), 0.0040710 secs] [Times: user=0.01 sys=0.00, real=0.00 secs] 
241.503: [GC 241.503: [ParNew
Desired survivor size 1081344 bytes, new threshold 1 (max 4)
- age   1:    1551528 bytes,    1551528 total
: 19136K->2112K(19136K), 0.0064870 secs] 76118K->61213K(114444K), 0.0065750 secs] [Times: user=0.03 sys=0.00, real=0.01 secs] 
241.562: [GC 241.562: [ParNew
Desired survivor size 1081344 bytes, new threshold 1 (max 4)
- age   1:    1276672 bytes,    1276672 total
: 19136K->2010K(19136K), 0.0067560 secs] 78237K->62703K(114444K), 0.0068480 secs] [Times: user=0.02 sys=0.00, real=0.00 secs] 
241.600: [GC 241.600: [ParNew
Desired survivor size 1081344 bytes, new threshold 1 (max 4)
- age   1:    1481872 bytes,    1481872 total
: 19034K->1935K(19136K), 0.0072650 secs] 79727K->63862K(114444K), 0.0073400 secs] [Times: user=0.02 sys=0.01, real=0.00 secs] 
241.644: [GC 241.644: [ParNew
Desired survivor size 1081344 bytes, new threshold 1 (max 4)
- age   1:    2013584 bytes,    2013584 total
: 18959K->2112K(19136K), 0.0084680 secs] 80886K->65488K(114444K), 0.0085520 secs] [Times: user=0.03 sys=0.00, real=0.01 secs] 
241.691: [GC 241.691: [ParNew
Desired survivor size 1081344 bytes, new threshold 1 (max 4)
- age   1:    2071672 bytes,    2071672 total
: 19136K->2112K(19136K), 0.0174730 secs] 82512K->67052K(114444K), 0.0175520 secs] [Times: user=0.04 sys=0.00, real=0.02 secs] 
241.753: [GC 241.753: [ParNew
Desired survivor size 1081344 bytes, new threshold 1 (max 4)
- age   1:    1706968 bytes,    1706968 total
: 19136K->2112K(19136K), 0.0127950 secs] 84076K->69220K(114444K), 0.0128750 secs] [Times: user=0.04 sys=0.00, real=0.01 secs] 
241.809: [GC 241.809: [ParNew
Desired survivor size 1081344 bytes, new threshold 1 (max 4)
- age   1:    1578032 bytes,    1578032 total
: 19136K->2112K(19136K), 0.0073160 secs] 86244K->70993K(114444K), 0.0073920 secs] [Times: user=0.02 sys=0.00, real=0.00 secs] 
241.859: [GC 241.859: [ParNew
Desired survivor size 1081344 bytes, new threshold 1 (max 4)
- age   1:    2155344 bytes,    2155344 total
: 19136K->2112K(19136K), 0.0175230 secs] 88017K->74709K(114444K), 0.0176100 secs] [Times: user=0.04 sys=0.00, real=0.01 secs] 
241.885: [GC [1 CMS-initial-mark: 72597K(95308K)] 79330K(114444K), 0.0128350 secs] [Times: user=0.01 sys=0.00, real=0.01 secs] 
241.910: [CMS-concurrent-mark-start]
241.927: [GC 241.927: [ParNew
Desired survivor size 1081344 bytes, new threshold 1 (max 4)
- age   1:    2162544 bytes,    2162544 total
: 19136K->2112K(19136K), 0.0248440 secs] 91733K->80493K(114444K), 0.0249580 secs] [Times: user=0.09 sys=0.00, real=0.03 secs] 
241.986: [GC 241.986: [ParNew
Desired survivor size 1081344 bytes, new threshold 4 (max 4)
- age   1:     186560 bytes,     186560 total
: 19136K->2078K(19136K), 0.0097810 secs] 97517K->82633K(114444K), 0.0098700 secs] [Times: user=0.03 sys=0.00, real=0.01 secs] 
242.030: [GC 242.030: [ParNew
Desired survivor size 1081344 bytes, new threshold 4 (max 4)
- age   1:     183664 bytes,     183664 total
- age   2:     126392 bytes,     310056 total
: 19102K->713K(19136K), 0.0016610 secs] 99657K->81269K(114444K), 0.0017220 secs] [Times: user=0.00 sys=0.00, real=0.00 secs] 
242.071: [GC 242.071: [ParNew
Desired survivor size 1081344 bytes, new threshold 4 (max 4)
- age   1:     630560 bytes,     630560 total
- age   2:     164888 bytes,     795448 total
- age   3:      99200 bytes,     894648 total
: 17737K->961K(19136K), 0.0020230 secs] 98293K->81517K(114444K), 0.0020860 secs] [Times: user=0.00 sys=0.00, real=0.00 secs] 
242.108: [GC 242.108: [ParNew
Desired survivor size 1081344 bytes, new threshold 1 (max 4)
- age   1:    1534304 bytes,    1534304 total
- age   2:     536704 bytes,    2071008 total
- age   3:       1032 bytes,    2072040 total
- age   4:      77384 bytes,    2149424 total
: 17969K->2112K(19136K), 0.0031070 secs] 98525K->83001K(114444K), 0.0031850 secs] [Times: user=0.01 sys=0.00, real=0.01 secs] 
242.153: [CMS-concurrent-mark: 0.194/0.243 secs] [Times: user=0.85 sys=0.02, real=0.24 secs] 
242.153: [CMS-concurrent-preclean-start]
242.158: [CMS-concurrent-preclean: 0.004/0.005 secs] [Times: user=0.02 sys=0.00, real=0.00 secs] 
242.158: [CMS-concurrent-abortable-preclean-start]
242.207: [GC 242.207: [ParNew
Desired survivor size 1081344 bytes, new threshold 4 (max 4)
- age   1:     842080 bytes,     842080 total
: 19136K->1422K(19136K), 0.0050480 secs] 100025K->84135K(114444K), 0.0051340 secs] [Times: user=0.01 sys=0.00, real=0.01 secs] 
242.260: [GC 242.260: [ParNew
Desired survivor size 1081344 bytes, new threshold 4 (max 4)
- age   1:       9448 bytes,       9448 total
- age   2:     824960 bytes,     834408 total
: 18446K->1167K(19136K), 0.0021810 secs] 101159K->83880K(114444K), 0.0022440 secs] [Times: user=0.01 sys=0.00, real=0.00 secs] 
242.262: [CMS-concurrent-abortable-preclean: 0.084/0.104 secs] [Times: user=0.37 sys=0.00, real=0.11 secs] 
242.262: [GC[YG occupancy: 1437 K (19136 K)]242.262: [Rescan (parallel) , 0.0017990 secs]242.264: [weak refs processing, 0.0004430 secs] [1 CMS-remark: 82713K(95308K)] 84151K(114444K), 0.0023020 secs] [Times: user=0.01 sys=0.00, real=0.00 secs] 
242.265: [CMS-concurrent-sweep-start]
242.309: [GC 242.310: [ParNew
Desired survivor size 1081344 bytes, new threshold 4 (max 4)
- age   1:        536 bytes,        536 total
- age   2:         96 bytes,        632 total
- age   3:     825016 bytes,     825648 total
: 18191K->1135K(19136K), 0.0026670 secs] 98353K->81298K(114444K), 0.0027270 secs] [Times: user=0.01 sys=0.00, real=0.00 secs] 
242.330: [CMS-concurrent-sweep: 0.062/0.065 secs] [Times: user=0.16 sys=0.00, real=0.07 secs] 
242.330: [CMS-concurrent-reset-start]
242.337: [CMS-concurrent-reset: 0.007/0.007 secs] [Times: user=0.02 sys=0.01, real=0.00 secs] 
242.432: [GC 242.432: [ParNew
Desired survivor size 1081344 bytes, new threshold 1 (max 4)
- age   1:    1707352 bytes,    1707352 total
- age   2:        144 bytes,    1707496 total
- age   3:         96 bytes,    1707592 total
- age   4:     104400 bytes,    1811992 total
: 18159K->2112K(19136K), 0.0039050 secs] 90904K->74873K(140380K), 0.0039770 secs] [Times: user=0.02 sys=0.00, real=0.00 secs] 
242.478: [GC 242.478: [ParNew
Desired survivor size 1081344 bytes, new threshold 4 (max 4)
- age   1:      10272 bytes,      10272 total
: 19136K->1525K(19136K), 0.0038190 secs] 91897K->76177K(140380K), 0.0038870 secs] [Times: user=0.00 sys=0.00, real=0.01 secs] 
242.527: [GC 242.527: [ParNew
Desired survivor size 1081344 bytes, new threshold 4 (max 4)
- age   1:       1216 bytes,       1216 total
- age   2:        176 bytes,       1392 total
: 18549K->287K(19136K), 0.0017630 secs] 93201K->74939K(140380K), 0.0018200 secs] [Times: user=0.00 sys=0.00, real=0.00 secs] 
242.643: [GC 242.643: [ParNew
Desired survivor size 1081344 bytes, new threshold 1 (max 4)
- age   1:    1683496 bytes,    1683496 total
- age   2:        144 bytes,    1683640 total
- age   3:        152 bytes,    1683792 total
: 17311K->1721K(19136K), 0.0030600 secs] 91963K->76373K(140380K), 0.0031260 secs] [Times: user=0.01 sys=0.00, real=0.00 secs] 
242.690: [GC 242.690: [ParNew
Desired survivor size 1081344 bytes, new threshold 4 (max 4)
- age   1:      82040 bytes,      82040 total
: 18745K->1154K(19136K), 0.0037830 secs] 93397K->77558K(140380K), 0.0038510 secs] [Times: user=0.01 sys=0.00, real=0.00 secs] 
242.736: [GC 242.736: [ParNew
Desired survivor size 1081344 bytes, new threshold 4 (max 4)
- age   1:      19168 bytes,      19168 total
- age   2:      75200 bytes,      94368 total
: 18178K->303K(19136K), 0.0017340 secs] 94582K->76706K(140380K), 0.0017970 secs] [Times: user=0.00 sys=0.00, real=0.00 secs] 
242.825: [GC 242.825: [ParNew
Desired survivor size 1081344 bytes, new threshold 1 (max 4)
- age   1:    1120160 bytes,    1120160 total
- age   2:        760 bytes,    1120920 total
- age   3:      62136 bytes,    1183056 total
: 17327K->1196K(19136K), 0.0026570 secs] 93730K->77599K(140380K), 0.0027400 secs] [Times: user=0.00 sys=0.00, real=0.00 secs] 
242.889: [GC 242.889: [ParNew
Desired survivor size 1081344 bytes, new threshold 4 (max 4)
- age   1:     743728 bytes,     743728 total
: 18220K->989K(19136K), 0.0036080 secs] 94623K->78498K(140380K), 0.0036790 secs] [Times: user=0.00 sys=0.00, real=0.01 secs] 
242.941: [GC 242.941: [ParNew
Desired survivor size 1081344 bytes, new threshold 4 (max 4)
- age   1:        320 bytes,        320 total
- age   2:     743184 bytes,     743504 total
: 18013K->1114K(19136K), 0.0020460 secs] 95522K->78623K(140380K), 0.0021100 secs] [Times: user=0.01 sys=0.01, real=0.00 secs] 
242.986: [GC 242.986: [ParNew
Desired survivor size 1081344 bytes, new threshold 4 (max 4)
- age   1:     248208 bytes,     248208 total
- age   3:     730120 bytes,     978328 total
: 18138K->1277K(19136K), 0.0022820 secs] 95647K->78787K(140380K), 0.0023440 secs] [Times: user=0.01 sys=0.00, real=0.00 secs] 
243.083: [GC 243.083: [ParNew
Desired survivor size 1081344 bytes, new threshold 2 (max 4)
- age   1:    1071416 bytes,    1071416 total
- age   2:     236888 bytes,    1308304 total
- age   4:     403800 bytes,    1712104 total
: 18301K->2112K(19136K), 0.0031870 secs] 95811K->79630K(140380K), 0.0032590 secs] [Times: user=0.01 sys=0.00, real=0.00 secs] 
243.123: [GC 243.123: [ParNew
Desired survivor size 1081344 bytes, new threshold 4 (max 4)
- age   1:       3744 bytes,       3744 total
- age   2:    1070512 bytes,    1074256 total
: 19136K->1478K(19136K), 0.0032780 secs] 96654K->79670K(140380K), 0.0033410 secs] [Times: user=0.01 sys=0.00, real=0.00 secs] 
243.165: [GC 243.165: [ParNew
Desired survivor size 1081344 bytes, new threshold 4 (max 4)
- age   1:       3496 bytes,       3496 total
- age   2:       2736 bytes,       6232 total
- age   3:    1070248 bytes,    1076480 total
: 18502K->1734K(19136K), 0.0023960 secs] 96694K->79926K(140380K), 0.0024540 secs] [Times: user=0.01 sys=0.00, real=0.00 secs] 
243.277: [GC 243.277: [ParNew
Desired survivor size 1081344 bytes, new threshold 1 (max 4)
- age   1:    1502224 bytes,    1502224 total
- age   2:       2488 bytes,    1504712 total
- age   3:       2568 bytes,    1507280 total
- age   4:     391688 bytes,    1898968 total
: 18758K->2112K(19136K), 0.0029360 secs] 96950K->80337K(140380K), 0.0030060 secs] [Times: user=0.01 sys=0.00, real=0.01 secs] 
243.446: [GC 243.447: [ParNew
Desired survivor size 1081344 bytes, new threshold 4 (max 4)
- age   1:     954336 bytes,     954336 total
: 19136K->1693K(19136K), 0.0046840 secs] 97361K->81724K(140380K), 0.0047630 secs] [Times: user=0.02 sys=0.00, real=0.01 secs] 
243.510: [GC 243.510: [ParNew
Desired survivor size 1081344 bytes, new threshold 2 (max 4)
- age   1:     210288 bytes,     210288 total
- age   2:     916432 bytes,    1126720 total
: 18717K->1504K(19136K), 0.0024080 secs] 98748K->81534K(140380K), 0.0024750 secs] [Times: user=0.01 sys=0.00, real=0.00 secs] 
243.567: [GC 243.567: [ParNew
Desired survivor size 1081344 bytes, new threshold 4 (max 4)
- age   1:     201736 bytes,     201736 total
- age   2:     205160 bytes,     406896 total
: 18528K->1013K(19136K), 0.0034650 secs] 98558K->81899K(140380K), 0.0035260 secs] [Times: user=0.01 sys=0.00, real=0.01 secs] 
243.627: [GC 243.627: [ParNew
Desired survivor size 1081344 bytes, new threshold 4 (max 4)
- age   1:      31736 bytes,      31736 total
- age   2:     188392 bytes,     220128 total
- age   3:     203960 bytes,     424088 total
: 18037K->528K(19136K), 0.0023230 secs] 98923K->81415K(140380K), 0.0023850 secs] [Times: user=0.01 sys=0.00, real=0.01 secs] 
243.676: [GC 243.676: [ParNew
Desired survivor size 1081344 bytes, new threshold 1 (max 4)
- age   1:    1618344 bytes,    1618344 total
- age   2:      17432 bytes,    1635776 total
- age   3:     117432 bytes,    1753208 total
- age   4:     202888 bytes,    1956096 total
: 17552K->2026K(19136K), 0.0045140 secs] 98439K->82913K(140380K), 0.0046170 secs] [Times: user=0.02 sys=0.00, real=0.01 secs] 
243.712: [GC 243.712: [ParNew
Desired survivor size 1081344 bytes, new threshold 4 (max 4)
- age   1:     557144 bytes,     557144 total
: 19050K->1884K(19136K), 0.0166070 secs] 99937K->84316K(140380K), 0.0166760 secs] [Times: user=0.04 sys=0.00, real=0.01 secs] 
243.757: [GC 243.757: [ParNew
Desired survivor size 1081344 bytes, new threshold 4 (max 4)
- age   1:     243168 bytes,     243168 total
- age   2:     512472 bytes,     755640 total
: 18908K->897K(19136K), 0.0027530 secs] 101340K->83330K(140380K), 0.0028150 secs] [Times: user=0.01 sys=0.00, real=0.01 secs] 
243.809: [GC 243.810: [ParNew
Desired survivor size 1081344 bytes, new threshold 4 (max 4)
- age   1:     284200 bytes,     284200 total
- age   2:     223440 bytes,     507640 total
- age   3:     512472 bytes,    1020112 total
: 17921K->1363K(19136K), 0.0030080 secs] 100354K->83795K(140380K), 0.0030710 secs] [Times: user=0.01 sys=0.00, real=0.00 secs] 
243.866: [GC 243.866: [ParNew
Desired survivor size 1081344 bytes, new threshold 4 (max 4)
- age   1:     176512 bytes,     176512 total
- age   2:     254408 bytes,     430920 total
- age   3:     167488 bytes,     598408 total
- age   4:     512456 bytes,    1110864 total
: 18387K->1376K(19136K), 0.0030970 secs] 100819K->83808K(140380K), 0.0031580 secs] [Times: user=0.01 sys=0.00, real=0.01 secs] 
243.940: [GC 243.940: [ParNew
Desired survivor size 1081344 bytes, new threshold 2 (max 4)
- age   1:     993080 bytes,     993080 total
- age   2:     161832 bytes,    1154912 total
- age   3:     252008 bytes,    1406920 total
- age   4:     155768 bytes,    1562688 total
: 18400K->2112K(19136K), 0.0052720 secs] 100832K->85080K(140380K), 0.0053390 secs] [Times: user=0.01 sys=0.00, real=0.00 secs] 
243.989: [GC 243.989: [ParNew
Desired survivor size 1081344 bytes, new threshold 2 (max 4)
- age   1:     815592 bytes,     815592 total
- age   2:     942600 bytes,    1758192 total
: 19136K->2108K(19136K), 0.0049780 secs] 102104K->85441K(140380K), 0.0050430 secs] [Times: user=0.02 sys=0.00, real=0.01 secs] 
244.054: [GC 244.054: [ParNew
Desired survivor size 1081344 bytes, new threshold 4 (max 4)
- age   1:      29552 bytes,      29552 total
- age   2:     811552 bytes,     841104 total
: 19132K->1639K(19136K), 0.0091800 secs] 102465K->85896K(140380K), 0.0092680 secs] [Times: user=0.03 sys=0.00, real=0.01 secs] 
244.400: [GC 244.400: [ParNew
Desired survivor size 1081344 bytes, new threshold 1 (max 4)
- age   1:    1287624 bytes,    1287624 total
- age   2:      21944 bytes,    1309568 total
- age   3:     434064 bytes,    1743632 total
: 18663K->1894K(19136K), 0.0058210 secs] 102920K->86152K(140380K), 0.0058880 secs] [Times: user=0.01 sys=0.00, real=0.00 secs] 
244.448: [GC 244.449: [ParNew
Desired survivor size 1081344 bytes, new threshold 4 (max 4)
- age   1:     758480 bytes,     758480 total
: 18918K->1727K(19136K), 0.0052960 secs] 103176K->87496K(140380K), 0.0053730 secs] [Times: user=0.02 sys=0.00, real=0.01 secs] 
244.515: [GC 244.515: [ParNew
Desired survivor size 1081344 bytes, new threshold 2 (max 4)
- age   1:     596224 bytes,     596224 total
- age   2:     754720 bytes,    1350944 total
: 18751K->1402K(19136K), 0.0092320 secs] 104520K->87171K(140380K), 0.0092990 secs] [Times: user=0.02 sys=0.00, real=0.01 secs] 
244.573: [GC 244.573: [ParNew
Desired survivor size 1081344 bytes, new threshold 2 (max 4)
- age   1:     702072 bytes,     702072 total
- age   2:     569048 bytes,    1271120 total
: 18426K->1497K(19136K), 0.0049270 secs] 104195K->88024K(140380K), 0.0050100 secs] [Times: user=0.01 sys=0.00, real=0.00 secs] 
244.629: [GC 244.629: [ParNew
Desired survivor size 1081344 bytes, new threshold 1 (max 4)
- age   1:    1179464 bytes,    1179464 total
- age   2:     534352 bytes,    1713816 total
: 18521K->2112K(19136K), 0.0073830 secs] 105048K->89257K(140380K), 0.0074570 secs] [Times: user=0.01 sys=0.00, real=0.00 secs] 
244.687: [GC 244.687: [ParNew
Desired survivor size 1081344 bytes, new threshold 4 (max 4)
- age   1:    1012200 bytes,    1012200 total
: 19136K->1934K(19136K), 0.0075660 secs] 106281K->90695K(140380K), 0.0076560 secs] [Times: user=0.02 sys=0.00, real=0.01 secs] 
244.732: [GC 244.732: [ParNew
Desired survivor size 1081344 bytes, new threshold 2 (max 4)
- age   1:    1063560 bytes,    1063560 total
- age   2:     980760 bytes,    2044320 total
: 18958K->2112K(19136K), 0.0043460 secs] 107719K->90874K(140380K), 0.0044250 secs] [Times: user=0.01 sys=0.00, real=0.00 secs] 
244.774: [GC 244.774: [ParNew
Desired survivor size 1081344 bytes, new threshold 2 (max 4)
- age   1:     938320 bytes,     938320 total
- age   2:     881512 bytes,    1819832 total
: 19136K->2112K(19136K), 0.0052700 secs] 107898K->91730K(140380K), 0.0053470 secs] [Times: user=0.02 sys=0.00, real=0.01 secs] 
244.811: [GC 244.811: [ParNew
Desired survivor size 1081344 bytes, new threshold 1 (max 4)
- age   1:    1089176 bytes,    1089176 total
- age   2:     765416 bytes,    1854592 total
: 19136K->2112K(19136K), 0.0045590 secs] 108754K->92427K(140380K), 0.0046410 secs] [Times: user=0.02 sys=0.00, real=0.00 secs] 
244.837: [GC 244.837: [ParNew
Desired survivor size 1081344 bytes, new threshold 4 (max 4)
- age   1:     564416 bytes,     564416 total
: 19136K->1797K(19136K), 0.0045860 secs] 109451K->93812K(140380K), 0.0046570 secs] [Times: user=0.01 sys=0.00, real=0.01 secs] 
244.862: [GC 244.862: [ParNew
Desired survivor size 1081344 bytes, new threshold 1 (max 4)
- age   1:    1600952 bytes,    1600952 total
- age   2:     550520 bytes,    2151472 total
: 18821K->2112K(19136K), 0.0041640 secs] 110836K->94335K(140380K), 0.0042330 secs] [Times: user=0.02 sys=0.00, real=0.00 secs] 
244.901: [GC 244.901: [ParNew
Desired survivor size 1081344 bytes, new threshold 4 (max 4)
- age   1:     427320 bytes,     427320 total
: 19136K->1738K(19136K), 0.0055170 secs] 111359K->96134K(140380K), 0.0055900 secs] [Times: user=0.02 sys=0.00, real=0.00 secs] 
244.935: [GC 244.935: [ParNew
Desired survivor size 1081344 bytes, new threshold 4 (max 4)
- age   1:      94048 bytes,      94048 total
- age   2:     383600 bytes,     477648 total
: 18762K->796K(19136K), 0.0021030 secs] 113158K->95191K(140380K), 0.0021620 secs] [Times: user=0.01 sys=0.00, real=0.00 secs] 
244.959: [GC 244.959: [ParNew
Desired survivor size 1081344 bytes, new threshold 3 (max 4)
- age   1:     874496 bytes,     874496 total
- age   2:      80056 bytes,     954552 total
- age   3:     349976 bytes,    1304528 total
: 17820K->1307K(19136K), 0.0039680 secs] 112215K->95703K(140380K), 0.0040280 secs] [Times: user=0.00 sys=0.00, real=0.00 secs] 
244.989: [GC 244.989: [ParNew
Desired survivor size 1081344 bytes, new threshold 1 (max 4)
- age   1:    1264224 bytes,    1264224 total
- age   2:     843864 bytes,    2108088 total
- age   3:      45768 bytes,    2153856 total
: 18331K->2112K(19136K), 0.0065030 secs] 112727K->96991K(140380K), 0.0065820 secs] [Times: user=0.01 sys=0.00, real=0.00 secs] 
245.038: [GC 245.038: [ParNew
Desired survivor size 1081344 bytes, new threshold 1 (max 4)
- age   1:    1561720 bytes,    1561720 total
: 19136K->2112K(19136K), 0.0048570 secs] 114015K->98202K(140380K), 0.0049330 secs] [Times: user=0.02 sys=0.00, real=0.01 secs] 
245.077: [GC 245.077: [ParNew
Desired survivor size 1081344 bytes, new threshold 1 (max 4)
- age   1:    1758584 bytes,    1758584 total
: 19136K->2112K(19136K), 0.0049510 secs] 115226K->99097K(140380K), 0.0050320 secs] [Times: user=0.02 sys=0.00, real=0.01 secs] 
245.117: [GC 245.117: [ParNew
Desired survivor size 1081344 bytes, new threshold 1 (max 4)
- age   1:    1151264 bytes,    1151264 total
: 19101K->1266K(19136K), 0.0063130 secs] 116087K->99810K(140380K), 0.0063830 secs] [Times: user=0.02 sys=0.00, real=0.01 secs] 
245.165: [GC 245.165: [ParNew
Desired survivor size 1081344 bytes, new threshold 1 (max 4)
- age   1:    1784360 bytes,    1784360 total
: 18290K->2112K(19136K), 0.0179510 secs] 116834K->101232K(140380K), 0.0180370 secs] [Times: user=0.05 sys=0.00, real=0.02 secs] 
245.264: [GC 245.264: [ParNew
Desired survivor size 1081344 bytes, new threshold 1 (max 4)
- age   1:    1495432 bytes,    1495432 total
: 19136K->1895K(19136K), 0.0044670 secs] 118256K->101631K(140380K), 0.0045350 secs] [Times: user=0.01 sys=0.00, real=0.01 secs] 
245.335: [GC 245.336: [ParNew
Desired survivor size 1081344 bytes, new threshold 1 (max 4)
- age   1:    1590440 bytes,    1590440 total
: 18919K->2112K(19136K), 0.0043780 secs] 118655K->102080K(140380K), 0.0044480 secs] [Times: user=0.02 sys=0.00, real=0.01 secs] 
245.381: [GC 245.381: [ParNew
Desired survivor size 1081344 bytes, new threshold 1 (max 4)
- age   1:    1666528 bytes,    1666528 total
: 19136K->2112K(19136K), 0.0062840 secs] 119104K->102654K(140380K), 0.0063470 secs] [Times: user=0.01 sys=0.00, real=0.00 secs] 
246.096: [Full GC (System) 246.096: [CMS: 100542K->83694K(121244K), 0.4581760 secs] 119451K->83694K(140380K), [CMS Perm : 53330K->53292K(88860K)], 0.4583710 secs] [Times: user=0.46 sys=0.00, real=0.46 secs] 
246.563: [Full GC (System) 246.563: [CMS: 83694K->83685K(139492K), 0.4338780 secs] 88485K->83685K(158628K), [CMS Perm : 53294K->53293K(88860K)], 0.4339890 secs] [Times: user=0.44 sys=0.00, real=0.43 secs] 
246.998: [Full GC (System) 246.998: [CMS: 83685K->83686K(139492K), 0.4023000 secs] 83732K->83686K(158628K), [CMS Perm : 53293K->53293K(88860K)], 0.4023980 secs] [Times: user=0.40 sys=0.00, real=0.41 secs] 
247.403: [Full GC (System) 247.403: [CMS: 83686K->83669K(139492K), 0.4018280 secs] 84704K->83669K(158628K), [CMS Perm : 53293K->53293K(88860K)], 0.4019700 secs] [Times: user=0.40 sys=0.00, real=0.40 secs] 
247.810: [Full GC (System) 247.810: [CMS: 83669K->83784K(139492K), 0.4027360 secs] 85333K->83784K(158628K), [CMS Perm : 53294K->53293K(88860K)], 0.4029000 secs] [Times: user=0.41 sys=0.00, real=0.41 secs] 
248.214: [Full GC (System) 248.214: [CMS: 83784K->83818K(139684K), 0.4144940 secs] 84217K->83818K(158820K), [CMS Perm : 53293K->53293K(88860K)], 0.4146400 secs] [Times: user=0.41 sys=0.01, real=0.41 secs] 
248.630: [Full GC (System) 248.630: [CMS: 83818K->83800K(139876K), 0.3753900 secs] 84167K->83800K(159012K), [CMS Perm : 53294K->53294K(88860K)], 0.3755170 secs] [Times: user=0.38 sys=0.00, real=0.38 secs] 
249.039: [Full GC (System) 249.039: [CMS: 83800K->84204K(139876K), 0.4403350 secs] 90485K->84204K(159012K), [CMS Perm : 53302K->53301K(88860K)], 0.4405090 secs] [Times: user=0.45 sys=0.01, real=0.44 secs] 
249.556: [GC 249.556: [ParNew
Desired survivor size 1081344 bytes, new threshold 4 (max 4)
- age   1:     878352 bytes,     878352 total
: 17022K->1202K(19136K), 0.0042350 secs] 101227K->85406K(159480K), 0.0042990 secs] [Times: user=0.01 sys=0.00, real=0.01 secs] 
249.623: [GC 249.623: [ParNew
Desired survivor size 1081344 bytes, new threshold 4 (max 4)
- age   1:      18048 bytes,      18048 total
- age   2:     873320 bytes,     891368 total
: 18226K->1044K(19136K), 0.0029610 secs] 102430K->85248K(159480K), 0.0030230 secs] [Times: user=0.01 sys=0.00, real=0.00 secs] 
249.700: [GC 249.700: [ParNew
Desired survivor size 1081344 bytes, new threshold 1 (max 4)
- age   1:    1198560 bytes,    1198560 total
- age   2:      14632 bytes,    1213192 total
- age   3:     509392 bytes,    1722584 total
: 18068K->1893K(19136K), 0.0039990 secs] 102272K->86097K(159480K), 0.0040640 secs] [Times: user=0.01 sys=0.00, real=0.00 secs] 
249.767: [GC 249.768: [ParNew
Desired survivor size 1081344 bytes, new threshold 1 (max 4)
- age   1:    1414840 bytes,    1414840 total
: 18917K->2112K(19136K), 0.0112950 secs] 103121K->88108K(159480K), 0.0113710 secs] [Times: user=0.03 sys=0.00, real=0.01 secs] 
249.839: [GC 249.839: [ParNew
Desired survivor size 1081344 bytes, new threshold 1 (max 4)
- age   1:    2113144 bytes,    2113144 total
: 19136K->2112K(19136K), 0.0102630 secs] 105132K->88949K(159480K), 0.0103420 secs] [Times: user=0.02 sys=0.00, real=0.01 secs] 
249.906: [GC 249.906: [ParNew
Desired survivor size 1081344 bytes, new threshold 1 (max 4)
- age   1:    1543312 bytes,    1543312 total
: 19136K->2112K(19136K), 0.0127170 secs] 105973K->90009K(159480K), 0.0128100 secs] [Times: user=0.03 sys=0.00, real=0.01 secs] 
249.996: [GC 249.996: [ParNew
Desired survivor size 1081344 bytes, new threshold 1 (max 4)
- age   1:    1460552 bytes,    1460552 total
: 19136K->2112K(19136K), 0.0075700 secs] 107033K->90378K(159480K), 0.0076550 secs] [Times: user=0.02 sys=0.00, real=0.01 secs] 
250.074: [GC 250.074: [ParNew
Desired survivor size 1081344 bytes, new threshold 1 (max 4)
- age   1:    1164392 bytes,    1164392 total
: 19136K->1838K(19136K), 0.0040180 secs] 107402K->90595K(159480K), 0.0040800 secs] [Times: user=0.01 sys=0.00, real=0.00 secs] 
250.795: [GC 250.795: [ParNew
Desired survivor size 1081344 bytes, new threshold 4 (max 4)
- age   1:     779536 bytes,     779536 total
: 18862K->1831K(19136K), 0.0117980 secs] 107619K->91700K(159480K), 0.0118710 secs] [Times: user=0.03 sys=0.00, real=0.01 secs] 
250.882: [Full GC (System) 250.882: [CMS: 89869K->87209K(140344K), 0.4451220 secs] 94307K->87209K(159480K), [CMS Perm : 53343K->53316K(88860K)], 0.4453520 secs] [Times: user=0.45 sys=0.00, real=0.44 secs] 
251.371: [Full GC (System) 251.372: [CMS: 87209K->86943K(145352K), 0.4333990 secs] 88741K->86943K(164488K), [CMS Perm : 53318K->53318K(89052K)], 0.4335080 secs] [Times: user=0.43 sys=0.00, real=0.43 secs] 
251.830: [Full GC (System) 251.830: [CMS: 86943K->86881K(145352K), 0.4448670 secs] 93075K->86881K(164488K), [CMS Perm : 53323K->53322K(89052K)], 0.4449830 secs] [Times: user=0.44 sys=0.00, real=0.45 secs] 
252.323: [Full GC (System) 252.323: [CMS: 86881K->86942K(145352K), 0.4312590 secs] 93390K->86942K(164488K), [CMS Perm : 53326K->53322K(89052K)], 0.4313670 secs] [Times: user=0.43 sys=0.00, real=0.43 secs] 
252.761: [Full GC (System) 252.761: [CMS: 86942K->87024K(145352K), 0.4201920 secs] 91026K->87024K(164488K), [CMS Perm : 53327K->53327K(89052K)], 0.4202980 secs] [Times: user=0.42 sys=0.00, real=0.42 secs] 
253.210: [GC 253.211: [ParNew
Desired survivor size 1081344 bytes, new threshold 4 (max 4)
- age   1:     995984 bytes,     995984 total
: 17024K->1181K(19136K), 0.0037790 secs] 104048K->88205K(164488K), 0.0038500 secs] [Times: user=0.01 sys=0.00, real=0.01 secs] 
253.226: [Full GC (System) 253.226: [CMS: 87024K->87214K(145352K), 0.4324030 secs] 93246K->87214K(164488K), [CMS Perm : 53333K->53327K(89052K)], 0.4325670 secs] [Times: user=0.43 sys=0.00, real=0.43 secs] 
253.670: [Full GC (System) 253.671: [CMS: 87214K->87256K(145544K), 0.4193600 secs] 92261K->87256K(164680K), [CMS Perm : 53332K->53328K(89052K)], 0.4194700 secs] [Times: user=0.42 sys=0.00, real=0.42 secs] 
254.096: [Full GC (System) 254.096: [CMS: 87256K->87457K(145544K), 0.4324940 secs] 90574K->87457K(164680K), [CMS Perm : 53329K->53328K(89052K)], 0.4326460 secs] [Times: user=0.43 sys=0.00, real=0.43 secs] 
254.531: [Full GC (System) 254.531: [CMS: 87457K->87514K(145764K), 0.4229110 secs] 88380K->87514K(164900K), [CMS Perm : 53328K->53328K(89052K)], 0.4230560 secs] [Times: user=0.42 sys=0.00, real=0.42 secs] 
254.961: [Full GC (System) 254.961: [CMS: 87514K->87747K(145956K), 0.4356370 secs] 91083K->87747K(165092K), [CMS Perm : 53328K->53328K(89052K)], 0.4358020 secs] [Times: user=0.43 sys=0.00, real=0.43 secs] 
255.398: [Full GC (System) 255.398: [CMS: 87747K->87664K(146248K), 0.4355270 secs] 87800K->87664K(165384K), [CMS Perm : 53328K->53328K(89052K)], 0.4356290 secs] [Times: user=0.44 sys=0.00, real=0.44 secs] 
255.842: [Full GC (System) 255.842: [CMS: 87664K->87583K(146248K), 0.4359000 secs] 92791K->87583K(165384K), [CMS Perm : 53335K->53333K(89052K)], 0.4360110 secs] [Times: user=0.43 sys=0.01, real=0.43 secs] 
256.282: [Full GC (System) 256.282: [CMS: 87583K->87615K(146248K), 0.4178330 secs] 88345K->87615K(165384K), [CMS Perm : 53333K->53333K(89052K)], 0.4179780 secs] [Times: user=0.42 sys=0.00, real=0.41 secs] 
256.729: [GC 256.729: [ParNew
Desired survivor size 1081344 bytes, new threshold 1 (max 4)
- age   1:    1106088 bytes,    1106088 total
: 17024K->1315K(19136K), 0.0035660 secs] 104639K->88931K(165384K), 0.0036410 secs] [Times: user=0.01 sys=0.00, real=0.01 secs] 
256.742: [Full GC (System) 256.742: [CMS: 87615K->87820K(146248K), 0.4514450 secs] 95939K->87820K(165384K), [CMS Perm : 53350K->53338K(89052K)], 0.4516220 secs] [Times: user=0.46 sys=0.00, real=0.45 secs] 
257.195: [Full GC (System) 257.195: [CMS: 87820K->87756K(146440K), 0.3906280 secs] 88100K->87756K(165576K), [CMS Perm : 53338K->53338K(89052K)], 0.3907320 secs] [Times: user=0.39 sys=0.00, real=0.39 secs] 
257.590: [Full GC (System) 257.590: [CMS: 87756K->87873K(146440K), 0.4495100 secs] 89480K->87873K(165576K), [CMS Perm : 53338K->53338K(89052K)], 0.4496560 secs] [Times: user=0.45 sys=0.00, real=0.45 secs] 
258.043: [Full GC (System) 258.043: [CMS: 87873K->87817K(146632K), 0.4336200 secs] 91317K->87817K(165768K), [CMS Perm : 53339K->53338K(89052K)], 0.4337240 secs] [Times: user=0.44 sys=0.00, real=0.43 secs] 
258.483: [Full GC (System) 258.484: [CMS: 87817K->87893K(146632K), 0.4253400 secs] 89699K->87893K(165768K), [CMS Perm : 53338K->53338K(89052K)], 0.4254470 secs] [Times: user=0.43 sys=0.00, real=0.42 secs] 
258.933: [Full GC (System) 258.933: [CMS: 87893K->87847K(146632K), 0.4273570 secs] 96618K->87847K(165768K), [CMS Perm : 53340K->53338K(89052K)], 0.4274710 secs] [Times: user=0.42 sys=0.00, real=0.42 secs] 
259.362: [Full GC (System) 259.362: [CMS: 87847K->87847K(146632K), 0.3907470 secs] 88120K->87847K(165768K), [CMS Perm : 53338K->53338K(89052K)], 0.3908480 secs] [Times: user=0.39 sys=0.00, real=0.40 secs] 
259.757: [Full GC (System) 259.757: [CMS: 87847K->87764K(146632K), 0.4298270 secs] 90314K->87764K(165768K), [CMS Perm : 53339K->53338K(89052K)], 0.4299420 secs] [Times: user=0.43 sys=0.00, real=0.43 secs] 
260.188: [Full GC (System) 260.188: [CMS: 87764K->87749K(146632K), 0.4220570 secs] 88009K->87749K(165768K), [CMS Perm : 53340K->53340K(89052K)], 0.4221820 secs] [Times: user=0.43 sys=0.00, real=0.42 secs] 
260.615: [Full GC (System) 260.615: [CMS: 87749K->88075K(146632K), 0.4199690 secs] 89980K->88075K(165768K), [CMS Perm : 53342K->53341K(89052K)], 0.4201230 secs] [Times: user=0.43 sys=0.00, real=0.42 secs] 
261.036: [Full GC (System) 261.036: [CMS: 88075K->88073K(146824K), 0.4140540 secs] 88206K->88073K(165960K), [CMS Perm : 53341K->53341K(89052K)], 0.4141570 secs] [Times: user=0.41 sys=0.00, real=0.41 secs] 
261.455: [Full GC (System) 261.455: [CMS: 88073K->88200K(146824K), 0.4393510 secs] 91292K->88200K(165960K), [CMS Perm : 53342K->53341K(89052K)], 0.4395820 secs] [Times: user=0.44 sys=0.00, real=0.44 secs] 
261.907: [Full GC (System) 261.908: [CMS: 88200K->88418K(147016K), 0.4232470 secs] 95252K->88418K(166152K), [CMS Perm : 53343K->53341K(89052K)], 0.4234220 secs] [Times: user=0.42 sys=0.00, real=0.42 secs] 
262.332: [Full GC (System) 262.332: [CMS: 88418K->88458K(147368K), 0.4227930 secs] 88691K->88458K(166504K), [CMS Perm : 53342K->53342K(89052K)], 0.4229460 secs] [Times: user=0.42 sys=0.00, real=0.42 secs] 
262.759: [Full GC (System) 262.759: [CMS: 88458K->88481K(147560K), 0.4319910 secs] 90793K->88481K(166696K), [CMS Perm : 53342K->53341K(89052K)], 0.4320970 secs] [Times: user=0.43 sys=0.00, real=0.43 secs] 
263.195: [Full GC (System) 263.195: [CMS: 88481K->88603K(147560K), 0.4329940 secs] 89742K->88603K(166696K), [CMS Perm : 53345K->53344K(89052K)], 0.4331430 secs] [Times: user=0.43 sys=0.00, real=0.43 secs] 
263.642: [Full GC (System) 263.642: [CMS: 88603K->88038K(147752K), 0.4235290 secs] 96717K->88038K(166888K), [CMS Perm : 53347K->53341K(89052K)], 0.4236380 secs] [Times: user=0.43 sys=0.00, real=0.42 secs] 
264.100: [GC 264.100: [ParNew
Desired survivor size 1081344 bytes, new threshold 1 (max 4)
- age   1:    1276944 bytes,    1276944 total
: 17024K->1801K(19136K), 0.0037050 secs] 105062K->89839K(166888K), 0.0037800 secs] [Times: user=0.01 sys=0.00, real=0.01 secs] 
264.140: [Full GC (System) 264.140: [CMS: 88038K->88666K(147752K), 0.4443510 secs] 106368K->88666K(166888K), [CMS Perm : 53353K->53346K(89052K)], 0.4445070 secs] [Times: user=0.47 sys=0.00, real=0.45 secs] 
264.609: [GC 264.609: [ParNew
Desired survivor size 1081344 bytes, new threshold 1 (max 4)
- age   1:    1267472 bytes,    1267472 total
: 17024K->2087K(19136K), 0.0027650 secs] 105690K->90753K(167080K), 0.0028470 secs] [Times: user=0.01 sys=0.00, real=0.01 secs] 
264.638: [GC 264.639: [ParNew
Desired survivor size 1081344 bytes, new threshold 4 (max 4)
- age   1:     795184 bytes,     795184 total
: 19111K->1334K(19136K), 0.0039480 secs] 107777K->91068K(167080K), 0.0040210 secs] [Times: user=0.01 sys=0.00, real=0.01 secs] 
264.654: [Full GC (System) 264.654: [CMS: 89734K->88627K(147944K), 0.4698940 secs] 98568K->88627K(167080K), [CMS Perm : 53356K->53347K(89052K)], 0.4700100 secs] [Times: user=0.47 sys=0.00, real=0.47 secs] 
265.142: [GC 265.142: [ParNew
Desired survivor size 1081344 bytes, new threshold 4 (max 4)
- age   1:     987728 bytes,     987728 total
: 17024K->1204K(19136K), 0.0027410 secs] 105651K->89832K(167080K), 0.0028120 secs] [Times: user=0.01 sys=0.00, real=0.01 secs] 
265.173: [GC 265.174: [ParNew
Desired survivor size 1081344 bytes, new threshold 2 (max 4)
- age   1:     169408 bytes,     169408 total
- age   2:     926832 bytes,    1096240 total
: 18228K->1476K(19136K), 0.0026060 secs] 106856K->90104K(167080K), 0.0026680 secs] [Times: user=0.01 sys=0.00, real=0.00 secs] 
265.197: [GC 265.197: [ParNew
Desired survivor size 1081344 bytes, new threshold 4 (max 4)
- age   1:     473040 bytes,     473040 total
- age   2:     147704 bytes,     620744 total
: 18500K->1013K(19136K), 0.0037860 secs] 107128K->90672K(167080K), 0.0038570 secs] [Times: user=0.01 sys=0.00, real=0.00 secs] 
265.234: [GC 265.234: [ParNew
Desired survivor size 1081344 bytes, new threshold 2 (max 4)
- age   1:    1047824 bytes,    1047824 total
- age   2:     454288 bytes,    1502112 total
- age   3:     147584 bytes,    1649696 total
: 18037K->1802K(19136K), 0.0033280 secs] 107696K->91461K(167080K), 0.0034050 secs] [Times: user=0.01 sys=0.00, real=0.00 secs] 
265.263: [GC 265.263: [ParNew
Desired survivor size 1081344 bytes, new threshold 2 (max 4)
- age   1:     551368 bytes,     551368 total
- age   2:    1017400 bytes,    1568768 total
: 18826K->2112K(19136K), 0.0041350 secs] 108485K->92277K(167080K), 0.0042090 secs] [Times: user=0.01 sys=0.00, real=0.00 secs] 
265.286: [GC 265.286: [ParNew
Desired survivor size 1081344 bytes, new threshold 2 (max 4)
- age   1:     814416 bytes,     814416 total
- age   2:     504112 bytes,    1318528 total
: 19136K->2112K(19136K), 0.0059670 secs] 109301K->93436K(167080K), 0.0060440 secs] [Times: user=0.02 sys=0.00, real=0.00 secs] 
265.307: [GC 265.307: [ParNew
Desired survivor size 1081344 bytes, new threshold 2 (max 4)
- age   1:     309760 bytes,     309760 total
- age   2:     796000 bytes,    1105760 total
: 19136K->1336K(19136K), 0.0041040 secs] 110460K->93196K(167080K), 0.0042210 secs] [Times: user=0.01 sys=0.00, real=0.00 secs] 
265.339: [GC 265.339: [ParNew
Desired survivor size 1081344 bytes, new threshold 4 (max 4)
- age   1:     775088 bytes,     775088 total
- age   2:     280664 bytes,    1055752 total
: 18360K->1429K(19136K), 0.0048450 secs] 110220K->93866K(167080K), 0.0049160 secs] [Times: user=0.01 sys=0.00, real=0.01 secs] 
265.363: [GC 265.363: [ParNew
Desired survivor size 1081344 bytes, new threshold 1 (max 4)
- age   1:    1270048 bytes,    1270048 total
- age   2:     394272 bytes,    1664320 total
- age   3:     228808 bytes,    1893128 total
: 18453K->2112K(19136K), 0.0063250 secs] 110890K->95117K(167080K), 0.0064000 secs] [Times: user=0.02 sys=0.00, real=0.00 secs] 
265.401: [GC 265.401: [ParNew
Desired survivor size 1081344 bytes, new threshold 1 (max 4)
- age   1:    1540400 bytes,    1540400 total
: 19136K->2063K(19136K), 0.0077920 secs] 112141K->96750K(167080K), 0.0078700 secs] [Times: user=0.02 sys=0.00, real=0.01 secs] 
265.438: [GC 265.438: [ParNew
Desired survivor size 1081344 bytes, new threshold 1 (max 4)
- age   1:    2020952 bytes,    2020952 total
: 19087K->2112K(19136K), 0.0072680 secs] 113774K->98117K(167080K), 0.0073710 secs] [Times: user=0.02 sys=0.00, real=0.01 secs] 
265.459: [Full GC (System) 265.459: [CMS: 96005K->90876K(147944K), 0.4593720 secs] 105246K->90876K(167080K), [CMS Perm : 53375K->53352K(89052K)], 0.4595490 secs] [Times: user=0.46 sys=0.00, real=0.46 secs] 
265.942: [Full GC (System) 265.943: [CMS: 90876K->91585K(151464K), 0.4586280 secs] 108029K->91585K(171048K), [CMS Perm : 53355K->53351K(89052K)], 0.4588060 secs] [Times: user=0.46 sys=0.00, real=0.46 secs] 
266.402: [Full GC (System) 266.402: [CMS: 91585K->91586K(152644K), 0.4084960 secs] 91634K->91586K(172292K), [CMS Perm : 53351K->53351K(89052K)], 0.4086500 secs] [Times: user=0.41 sys=0.00, real=0.41 secs] 
266.815: [Full GC (System) 266.815: [CMS: 91586K->91703K(152836K), 0.4427430 secs] 93253K->91703K(172548K), [CMS Perm : 53356K->53352K(89052K)], 0.4428930 secs] [Times: user=0.45 sys=0.00, real=0.44 secs] 
267.284: [GC 267.284: [ParNew
Desired survivor size 1114112 bytes, new threshold 1 (max 4)
- age   1:    1602760 bytes,    1602760 total
: 17536K->2176K(19712K), 0.0035060 secs] 109239K->93882K(172740K), 0.0035800 secs] [Times: user=0.01 sys=0.00, real=0.00 secs] 
267.288: [Full GC (System) 267.288: [CMS: 91706K->92733K(153028K), 0.4540660 secs] 93897K->92733K(172740K), [CMS Perm : 53358K->53355K(89052K)], 0.4542280 secs] [Times: user=0.45 sys=0.00, real=0.45 secs] 
267.754: [Full GC (System) 267.754: [CMS: 92733K->93039K(154556K), 0.4295210 secs] 102159K->93039K(174524K), [CMS Perm : 53356K->53355K(89052K)], 0.4297120 secs] [Times: user=0.43 sys=0.00, real=0.43 secs] 
268.188: [Full GC (System) 268.188: [CMS: 93039K->93141K(155068K), 0.4476630 secs] 93738K->93141K(175100K), [CMS Perm : 53355K->53355K(89052K)], 0.4478160 secs] [Times: user=0.44 sys=0.01, real=0.45 secs] 
268.637: [Full GC (System) 268.637: [CMS: 93141K->93204K(155260K), 0.4169300 secs] 93435K->93204K(175292K), [CMS Perm : 53355K->53355K(89052K)], 0.4170790 secs] [Times: user=0.42 sys=0.00, real=0.42 secs] 
269.080: [GC 269.080: [ParNew
Desired survivor size 1114112 bytes, new threshold 1 (max 4)
- age   1:    1528952 bytes,    1528952 total
: 17920K->2050K(20096K), 0.0034920 secs] 111124K->95254K(175548K), 0.0035690 secs] [Times: user=0.01 sys=0.00, real=0.01 secs] 
269.114: [GC 269.114: [ParNew
Desired survivor size 1114112 bytes, new threshold 1 (max 4)
- age   1:    1564664 bytes,    1564664 total
: 19970K->2176K(20096K), 0.0058710 secs] 113174K->96948K(175548K), 0.0059580 secs] [Times: user=0.02 sys=0.00, real=0.00 secs] 
269.141: [GC 269.141: [ParNew
Desired survivor size 1114112 bytes, new threshold 1 (max 4)
- age   1:    1261376 bytes,    1261376 total
: 20096K->1528K(20096K), 0.0054460 secs] 114868K->97924K(175548K), 0.0055240 secs] [Times: user=0.02 sys=0.00, real=0.01 secs] 
269.162: [GC 269.162: [ParNew
Desired survivor size 1114112 bytes, new threshold 4 (max 4)
- age   1:     336192 bytes,     336192 total
: 19448K->1306K(20096K), 0.0037930 secs] 115844K->98961K(175548K), 0.0038590 secs] [Times: user=0.01 sys=0.00, real=0.01 secs] 
269.181: [GC 269.181: [ParNew
Desired survivor size 1114112 bytes, new threshold 2 (max 4)
- age   1:     839656 bytes,     839656 total
- age   2:     302328 bytes,    1141984 total
: 19226K->1343K(20096K), 0.0026900 secs] 116881K->98998K(175548K), 0.0027530 secs] [Times: user=0.01 sys=0.00, real=0.01 secs] 
269.200: [GC 269.200: [ParNew
Desired survivor size 1114112 bytes, new threshold 2 (max 4)
- age   1:     742688 bytes,     742688 total
- age   2:     821912 bytes,    1564600 total
: 19263K->1853K(20096K), 0.0034770 secs] 116918K->99650K(175548K), 0.0035480 secs] [Times: user=0.02 sys=0.00, real=0.01 secs] 
269.225: [GC 269.225: [ParNew
Desired survivor size 1114112 bytes, new threshold 2 (max 4)
- age   1:     673720 bytes,     673720 total
- age   2:     714264 bytes,    1387984 total
: 19773K->2066K(20096K), 0.0046940 secs] 117570K->100664K(175548K), 0.0047630 secs] [Times: user=0.01 sys=0.00, real=0.00 secs] 
269.259: [GC 269.260: [ParNew
Desired survivor size 1114112 bytes, new threshold 1 (max 4)
- age   1:    1437608 bytes,    1437608 total
- age   2:     617368 bytes,    2054976 total
: 19986K->2176K(20096K), 0.0052070 secs] 118584K->101571K(175548K), 0.0053320 secs] [Times: user=0.02 sys=0.00, real=0.01 secs] 
269.290: [GC 269.290: [ParNew
Desired survivor size 1114112 bytes, new threshold 4 (max 4)
- age   1:     709032 bytes,     709032 total
: 20096K->1845K(20096K), 0.0064140 secs] 119491K->103314K(175548K), 0.0065030 secs] [Times: user=0.03 sys=0.00, real=0.01 secs] 
269.321: [GC 269.321: [ParNew
Desired survivor size 1114112 bytes, new threshold 2 (max 4)
- age   1:     967368 bytes,     967368 total
- age   2:     675128 bytes,    1642496 total
: 19765K->1903K(20096K), 0.0033340 secs] 121234K->103372K(175548K), 0.0034030 secs] [Times: user=0.01 sys=0.00, real=0.01 secs] 
269.341: [GC 269.341: [ParNew
Desired survivor size 1114112 bytes, new threshold 2 (max 4)
- age   1:     828072 bytes,     828072 total
- age   2:     942752 bytes,    1770824 total
: 19823K->2176K(20096K), 0.0060010 secs] 121292K->104486K(175548K), 0.0060780 secs] [Times: user=0.02 sys=0.00, real=0.01 secs] 
269.374: [GC 269.374: [ParNew
Desired survivor size 1114112 bytes, new threshold 1 (max 4)
- age   1:    1447224 bytes,    1447224 total
- age   2:     646176 bytes,    2093400 total
: 20096K->2176K(20096K), 0.0079320 secs] 122406K->106050K(175548K), 0.0080160 secs] [Times: user=0.02 sys=0.00, real=0.00 secs] 
269.406: [GC 269.406: [ParNew
Desired survivor size 1114112 bytes, new threshold 1 (max 4)
- age   1:    2204432 bytes,    2204432 total
: 20096K->2176K(20096K), 0.0076570 secs] 123970K->108334K(175548K), 0.0077490 secs] [Times: user=0.02 sys=0.00, real=0.01 secs] 
269.443: [GC 269.443: [ParNew
Desired survivor size 1114112 bytes, new threshold 1 (max 4)
- age   1:    1821176 bytes,    1821176 total
: 20096K->2176K(20096K), 0.0121560 secs] 126254K->111171K(175548K), 0.0122510 secs] [Times: user=0.04 sys=0.00, real=0.01 secs] 
269.478: [GC 269.478: [ParNew
Desired survivor size 1114112 bytes, new threshold 1 (max 4)
- age   1:    2228056 bytes,    2228056 total
: 20096K->2176K(20096K), 0.0191380 secs] 129091K->117504K(175548K), 0.0192330 secs] [Times: user=0.06 sys=0.01, real=0.02 secs] 
269.515: [GC [1 CMS-initial-mark: 115328K(155452K)] 125153K(175548K), 0.0204830 secs] [Times: user=0.03 sys=0.00, real=0.02 secs] 
269.535: [CMS-concurrent-mark-start]
269.555: [GC 269.555: [ParNew
Desired survivor size 1114112 bytes, new threshold 1 (max 4)
- age   1:    2227728 bytes,    2227728 total
: 20096K->2176K(20096K), 0.0177400 secs] 135424K->120946K(175548K), 0.0178330 secs] [Times: user=0.05 sys=0.00, real=0.01 secs] 
269.601: [GC 269.601: [ParNew
Desired survivor size 1114112 bytes, new threshold 1 (max 4)
- age   1:    1146728 bytes,    1146728 total
: 20096K->2171K(20096K), 0.0109730 secs] 138866K->123127K(175548K), 0.0110540 secs] [Times: user=0.02 sys=0.00, real=0.01 secs] 
269.632: [GC 269.632: [ParNew
Desired survivor size 1114112 bytes, new threshold 4 (max 4)
- age   1:     561224 bytes,     561224 total
: 20091K->1429K(20096K), 0.0065760 secs] 141047K->123500K(175548K), 0.0066440 secs] [Times: user=0.02 sys=0.00, real=0.01 secs] 
269.670: [GC 269.671: [ParNew
Desired survivor size 1114112 bytes, new threshold 2 (max 4)
- age   1:     808776 bytes,     808776 total
- age   2:     510080 bytes,    1318856 total
: 19349K->1407K(20096K), 0.0057740 secs] 141420K->123477K(175548K), 0.0058380 secs] [Times: user=0.01 sys=0.00, real=0.01 secs] 
269.711: [GC 269.711: [ParNew
Desired survivor size 1114112 bytes, new threshold 2 (max 4)
- age   1:    1034520 bytes,    1034520 total
- age   2:     766376 bytes,    1800896 total
: 19327K->2176K(20096K), 0.0055110 secs] 141397K->124831K(175548K), 0.0055860 secs] [Times: user=0.01 sys=0.00, real=0.01 secs] 
269.748: [GC 269.748: [ParNew
Desired survivor size 1114112 bytes, new threshold 2 (max 4)
- age   1:     692576 bytes,     692576 total
- age   2:    1008424 bytes,    1701000 total
: 20096K->2176K(20096K), 0.0056970 secs] 142751K->125589K(175548K), 0.0058020 secs] [Times: user=0.02 sys=0.00, real=0.01 secs] 
269.784: [GC 269.784: [ParNew
Desired survivor size 1114112 bytes, new threshold 1 (max 4)
- age   1:    1758264 bytes,    1758264 total
- age   2:     462656 bytes,    2220920 total
: 20096K->2176K(20096K), 0.0062370 secs] 143509K->127241K(175548K), 0.0063410 secs] [Times: user=0.02 sys=0.00, real=0.00 secs] 
269.836: [GC 269.836: [ParNew
Desired survivor size 1114112 bytes, new threshold 1 (max 4)
- age   1:    1277752 bytes,    1277752 total
: 20096K->2053K(20096K), 0.0082740 secs] 145161K->129396K(175548K), 0.0083580 secs] [Times: user=0.02 sys=0.00, real=0.01 secs] 
269.880: [GC 269.880: [ParNew
Desired survivor size 1114112 bytes, new threshold 1 (max 4)
- age   1:    1747920 bytes,    1747920 total
: 19973K->2176K(20096K), 0.0054060 secs] 147316K->130744K(175548K), 0.0054860 secs] [Times: user=0.02 sys=0.00, real=0.01 secs] 
269.902: [CMS-concurrent-mark: 0.274/0.367 secs] [Times: user=1.29 sys=0.04, real=0.36 secs] 
269.902: [CMS-concurrent-preclean-start]
269.912: [GC 269.912: [ParNew
Desired survivor size 1114112 bytes, new threshold 1 (max 4)
- age   1:    1506784 bytes,    1506784 total
: 20096K->2064K(20096K), 0.0060840 secs] 148664K->132417K(175548K), 0.0061710 secs] [Times: user=0.02 sys=0.00, real=0.01 secs] 
269.944: [CMS-concurrent-preclean: 0.034/0.042 secs] [Times: user=0.15 sys=0.00, real=0.05 secs] 
269.944: [CMS-concurrent-abortable-preclean-start]
269.954: [GC 269.954: [ParNew
Desired survivor size 1114112 bytes, new threshold 1 (max 4)
- age   1:    1715424 bytes,    1715424 total
: 19984K->2176K(20096K), 0.0058240 secs] 150337K->133961K(175548K), 0.0059320 secs] [Times: user=0.02 sys=0.00, real=0.00 secs] 
269.967: [CMS-concurrent-abortable-preclean: 0.016/0.023 secs] [Times: user=0.08 sys=0.00, real=0.02 secs] 
269.970: [GC[YG occupancy: 7938 K (20096 K)]269.970: [Rescan (parallel) , 0.0042630 secs]269.974: [weak refs processing, 0.0007680 secs] [1 CMS-remark: 131785K(155452K)] 139724K(175548K), 0.0051190 secs] [Times: user=0.02 sys=0.00, real=0.01 secs] 
269.975: [CMS-concurrent-sweep-start]
270.009: [GC 270.009: [ParNew
Desired survivor size 1114112 bytes, new threshold 4 (max 4)
- age   1:     883256 bytes,     883256 total
: 20096K->1631K(20096K), 0.0055360 secs] 151865K->135158K(175548K), 0.0056220 secs] [Times: user=0.02 sys=0.00, real=0.01 secs] 
270.043: [GC 270.043: [ParNew
Desired survivor size 1114112 bytes, new threshold 2 (max 4)
- age   1:     663432 bytes,     663432 total
- age   2:     842392 bytes,    1505824 total
: 19551K->2011K(20096K), 0.0031930 secs] 153072K->135532K(175548K), 0.0032580 secs] [Times: user=0.01 sys=0.00, real=0.00 secs] 
270.076: [GC 270.076: [ParNew
Desired survivor size 1114112 bytes, new threshold 1 (max 4)
- age   1:    1170792 bytes,    1170792 total
- age   2:     576256 bytes,    1747048 total
: 19931K->2176K(20096K), 0.0049130 secs] 152744K->135944K(175548K), 0.0050180 secs] [Times: user=0.02 sys=0.00, real=0.00 secs] 
270.107: [GC 270.107: [ParNew
Desired survivor size 1114112 bytes, new threshold 4 (max 4)
- age   1:     485032 bytes,     485032 total
: 20096K->1601K(20096K), 0.0046610 secs] 145212K->128509K(175548K), 0.0047590 secs] [Times: user=0.01 sys=0.00, real=0.00 secs] 
270.138: [CMS-concurrent-sweep: 0.129/0.162 secs] [Times: user=0.58 sys=0.02, real=0.16 secs] 
270.138: [CMS-concurrent-reset-start]
270.146: [CMS-concurrent-reset: 0.008/0.008 secs] [Times: user=0.03 sys=0.00, real=0.01 secs] 
270.151: [GC 270.151: [ParNew
Desired survivor size 1114112 bytes, new threshold 2 (max 4)
- age   1:     762904 bytes,     762904 total
- age   2:     466376 bytes,    1229280 total
: 19521K->1442K(20096K), 0.0028970 secs] 139770K->121691K(220512K), 0.0029640 secs] [Times: user=0.01 sys=0.00, real=0.01 secs] 
270.176: [GC 270.176: [ParNew
Desired survivor size 1114112 bytes, new threshold 4 (max 4)
- age   1:     132480 bytes,     132480 total
- age   2:     696864 bytes,     829344 total
: 19362K->1272K(20096K), 0.0031660 secs] 139611K->122010K(220512K), 0.0032350 secs] [Times: user=0.01 sys=0.00, real=0.00 secs] 
270.211: [GC 270.211: [ParNew
Desired survivor size 1114112 bytes, new threshold 3 (max 4)
- age   1:     701344 bytes,     701344 total
- age   2:      96640 bytes,     797984 total
- age   3:     650000 bytes,    1447984 total
: 19192K->1955K(20096K), 0.0030700 secs] 139930K->122693K(220512K), 0.0031510 secs] [Times: user=0.01 sys=0.00, real=0.01 secs] 
270.238: [GC 270.238: [ParNew
Desired survivor size 1114112 bytes, new threshold 1 (max 4)
- age   1:    1376784 bytes,    1376784 total
- age   2:     542880 bytes,    1919664 total
- age   3:      91992 bytes,    2011656 total
: 19875K->2176K(20096K), 0.0044800 secs] 140613K->123707K(220512K), 0.0045600 secs] [Times: user=0.01 sys=0.00, real=0.00 secs] 
270.278: [GC 270.278: [ParNew
Desired survivor size 1114112 bytes, new threshold 1 (max 4)
- age   1:    1525976 bytes,    1525976 total
: 20096K->2176K(20096K), 0.0062360 secs] 141627K->125839K(220512K), 0.0063220 secs] [Times: user=0.02 sys=0.00, real=0.01 secs] 
270.311: [GC 270.311: [ParNew
Desired survivor size 1114112 bytes, new threshold 1 (max 4)
- age   1:    1297168 bytes,    1297168 total
: 20096K->1956K(20096K), 0.0050960 secs] 143759K->127061K(220512K), 0.0051770 secs] [Times: user=0.02 sys=0.01, real=0.01 secs] 
270.348: [GC 270.348: [ParNew
Desired survivor size 1114112 bytes, new threshold 1 (max 4)
- age   1:    1741160 bytes,    1741160 total
: 19876K->2067K(20096K), 0.0048020 secs] 144981K->128382K(220512K), 0.0048880 secs] [Times: user=0.02 sys=0.00, real=0.01 secs] 
270.380: [GC 270.380: [ParNew
Desired survivor size 1114112 bytes, new threshold 1 (max 4)
- age   1:    1227264 bytes,    1227264 total
: 19987K->1569K(20096K), 0.0049430 secs] 146302K->129402K(220512K), 0.0050230 secs] [Times: user=0.01 sys=0.00, real=0.01 secs] 
270.415: [GC 270.415: [ParNew
Desired survivor size 1114112 bytes, new threshold 1 (max 4)
- age   1:    2133432 bytes,    2133432 total
: 19489K->2176K(20096K), 0.0058720 secs] 147322K->131463K(220512K), 0.0059580 secs] [Times: user=0.02 sys=0.00, real=0.00 secs] 
270.519: [GC 270.519: [ParNew
Desired survivor size 1114112 bytes, new threshold 4 (max 4)
- age   1:     447504 bytes,     447504 total
: 20096K->1885K(20096K), 0.0053280 secs] 149383K->133388K(220512K), 0.0054220 secs] [Times: user=0.01 sys=0.00, real=0.01 secs] 
270.569: [GC 270.569: [ParNew
Desired survivor size 1114112 bytes, new threshold 4 (max 4)
- age   1:       9528 bytes,       9528 total
- age   2:     439656 bytes,     449184 total
: 19805K->580K(20096K), 0.0020270 secs] 151308K->132084K(220512K), 0.0020890 secs] [Times: user=0.01 sys=0.00, real=0.00 secs] 
270.655: [GC 270.655: [ParNew
Desired survivor size 1114112 bytes, new threshold 3 (max 4)
- age   1:     961224 bytes,     961224 total
- age   2:        120 bytes,     961344 total
- age   3:     426056 bytes,    1387400 total
: 18500K->1659K(20096K), 0.0029960 secs] 150004K->133163K(220512K), 0.0030620 secs] [Times: user=0.01 sys=0.00, real=0.00 secs] 
270.713: [GC 270.713: [ParNew
Desired survivor size 1114112 bytes, new threshold 2 (max 4)
- age   1:     339864 bytes,     339864 total
- age   2:     960144 bytes,    1300008 total
: 19579K->1701K(20096K), 0.0031930 secs] 151083K->133328K(220512K), 0.0032580 secs] [Times: user=0.01 sys=0.00, real=0.00 secs] 
270.758: [GC 270.758: [ParNew
Desired survivor size 1114112 bytes, new threshold 4 (max 4)
- age   1:      38216 bytes,      38216 total
- age   2:     333208 bytes,     371424 total
: 19621K->1235K(20096K), 0.0034130 secs] 151248K->133877K(220512K), 0.0034750 secs] [Times: user=0.01 sys=0.00, real=0.00 secs] 
270.855: [GC 270.855: [ParNew
Desired survivor size 1114112 bytes, new threshold 3 (max 4)
- age   1:     962792 bytes,     962792 total
- age   2:      27872 bytes,     990664 total
- age   3:     319784 bytes,    1310448 total
: 19155K->1498K(20096K), 0.0028300 secs] 151797K->134140K(220512K), 0.0029180 secs] [Times: user=0.01 sys=0.00, real=0.00 secs] 
270.953: [GC 270.953: [ParNew
Desired survivor size 1114112 bytes, new threshold 2 (max 4)
- age   1:     738496 bytes,     738496 total
- age   2:     944088 bytes,    1682584 total
- age   3:      27752 bytes,    1710336 total
: 19418K->2119K(20096K), 0.0038880 secs] 152060K->135096K(220512K), 0.0039710 secs] [Times: user=0.01 sys=0.00, real=0.00 secs] 
271.006: [GC 271.006: [ParNew
Desired survivor size 1114112 bytes, new threshold 4 (max 4)
- age   1:     159272 bytes,     159272 total
- age   2:     733432 bytes,     892704 total
: 20039K->1517K(20096K), 0.0036950 secs] 153016K->135519K(220512K), 0.0037630 secs] [Times: user=0.01 sys=0.00, real=0.00 secs] 
271.061: [GC 271.061: [ParNew
Desired survivor size 1114112 bytes, new threshold 3 (max 4)
- age   1:     773520 bytes,     773520 total
- age   2:     148976 bytes,     922496 total
- age   3:     720176 bytes,    1642672 total
: 19437K->1942K(20096K), 0.0029760 secs] 153439K->135944K(220512K), 0.0030420 secs] [Times: user=0.01 sys=0.00, real=0.01 secs] 
271.418: [GC 271.418: [ParNew
Desired survivor size 1114112 bytes, new threshold 2 (max 4)
- age   1:     639128 bytes,     639128 total
- age   2:     761928 bytes,    1401056 total
- age   3:      70448 bytes,    1471504 total
: 19862K->1724K(20096K), 0.0044420 secs] 153864K->136471K(220512K), 0.0045190 secs] [Times: user=0.01 sys=0.00, real=0.00 secs] 
271.464: [GC 271.464: [ParNew
Desired survivor size 1114112 bytes, new threshold 4 (max 4)
- age   1:      11568 bytes,      11568 total
- age   2:     630880 bytes,     642448 total
: 19644K->1422K(20096K), 0.0038780 secs] 154391K->137048K(220512K), 0.0039480 secs] [Times: user=0.01 sys=0.00, real=0.00 secs] 
271.514: [GC 271.514: [ParNew
Desired survivor size 1114112 bytes, new threshold 4 (max 4)
- age   1:       5976 bytes,       5976 total
- age   2:        320 bytes,       6296 total
- age   3:     630496 bytes,     636792 total
: 19342K->1034K(20096K), 0.0022500 secs] 154968K->136659K(220512K), 0.0023100 secs] [Times: user=0.00 sys=0.00, real=0.00 secs] 
271.692: [GC 271.692: [ParNew
Desired survivor size 1114112 bytes, new threshold 1 (max 4)
- age   1:    1186648 bytes,    1186648 total
- age   2:        232 bytes,    1186880 total
- age   3:        104 bytes,    1186984 total
- age   4:     336008 bytes,    1522992 total
: 18954K->1689K(20096K), 0.0031900 secs] 154579K->137314K(220512K), 0.0032550 secs] [Times: user=0.01 sys=0.00, real=0.01 secs] 
271.736: [GC 271.736: [ParNew
Desired survivor size 1114112 bytes, new threshold 4 (max 4)
- age   1:      76968 bytes,      76968 total
: 19609K->1268K(20096K), 0.0062840 secs] 155234K->138448K(220512K), 0.0063510 secs] [Times: user=0.01 sys=0.00, real=0.00 secs] 
271.756: [Full GC (System) 271.756: [CMS: 137179K->109831K(200416K), 0.5703960 secs] 144883K->109831K(220512K), [CMS Perm : 53446K->53416K(89052K)], 0.5705760 secs] [Times: user=0.57 sys=0.00, real=0.57 secs] 
272.337: [Full GC (System) 272.337: [CMS: 109831K->109937K(200416K), 0.5508110 secs] 115269K->109937K(226272K), [CMS Perm : 53418K->53417K(89052K)], 0.5509250 secs] [Times: user=0.55 sys=0.01, real=0.55 secs] 
272.892: [Full GC (System) 272.893: [CMS: 109937K->109882K(200416K), 0.5037070 secs] 111599K->109882K(226272K), [CMS Perm : 53417K->53417K(89052K)], 0.5038620 secs] [Times: user=0.49 sys=0.01, real=0.51 secs] 
273.403: [Full GC (System) 273.403: [CMS: 109882K->109856K(200416K), 0.5029150 secs] 114485K->109856K(226272K), [CMS Perm : 53418K->53417K(89052K)], 0.5030240 secs] [Times: user=0.50 sys=0.01, real=0.51 secs] 
273.907: [Full GC (System) 273.907: [CMS: 109856K->109866K(200416K), 0.4875930 secs] 109904K->109866K(226272K), [CMS Perm : 53417K->53417K(89052K)], 0.4877010 secs] [Times: user=0.49 sys=0.00, real=0.49 secs] 
274.397: [Full GC (System) 274.397: [CMS: 109866K->109928K(200416K), 0.4958500 secs] 110940K->109928K(226272K), [CMS Perm : 53419K->53419K(89052K)], 0.4959520 secs] [Times: user=0.49 sys=0.00, real=0.49 secs] 
274.908: [Full GC (System) 274.908: [CMS: 109928K->110400K(200416K), 0.5255970 secs] 122738K->110400K(226272K), [CMS Perm : 53423K->53421K(89052K)], 0.5257400 secs] [Times: user=0.52 sys=0.00, real=0.52 secs] 
275.439: [Full GC (System) 275.439: [CMS: 110400K->110535K(200416K), 0.4973380 secs] 112438K->110535K(226272K), [CMS Perm : 53421K->53421K(89052K)], 0.4974480 secs] [Times: user=0.49 sys=0.00, real=0.50 secs] 
275.937: [Full GC (System) 275.937: [CMS: 110535K->110537K(200416K), 0.4668330 secs] 110965K->110537K(226272K), [CMS Perm : 53421K->53421K(89052K)], 0.4669370 secs] [Times: user=0.47 sys=0.00, real=0.47 secs] 
276.428: [Full GC (System) 276.428: [CMS: 110537K->110648K(200416K), 0.5390280 secs] 131049K->110648K(226272K), [CMS Perm : 53427K->53420K(89052K)], 0.5391740 secs] [Times: user=0.54 sys=0.00, real=0.54 secs] 
276.969: [Full GC (System) 276.969: [CMS: 110648K->110661K(200416K), 0.4954540 secs] 111583K->110661K(226272K), [CMS Perm : 53422K->53422K(89052K)], 0.4956240 secs] [Times: user=0.50 sys=0.00, real=0.50 secs] 
277.468: [Full GC (System) 277.468: [CMS: 110661K->110772K(200416K), 0.5178740 secs] 111746K->110772K(226272K), [CMS Perm : 53422K->53422K(89052K)], 0.5179780 secs] [Times: user=0.51 sys=0.00, real=0.52 secs] 
278.005: [Full GC (System) 278.005: [CMS: 110772K->110377K(200416K), 0.5253140 secs] 124753K->110377K(226272K), [CMS Perm : 53426K->53424K(89052K)], 0.5254300 secs] [Times: user=0.53 sys=0.00, real=0.52 secs] 
278.532: [Full GC (System) 278.532: [CMS: 110377K->110388K(200416K), 0.4966480 secs] 110954K->110388K(226272K), [CMS Perm : 53424K->53424K(89052K)], 0.4967530 secs] [Times: user=0.49 sys=0.00, real=0.50 secs] 
279.033: [Full GC (System) 279.033: [CMS: 110388K->110601K(200416K), 0.4993460 secs] 112991K->110601K(226272K), [CMS Perm : 53425K->53425K(89052K)], 0.4994540 secs] [Times: user=0.50 sys=0.00, real=0.50 secs] 
279.540: [Full GC (System) 279.540: [CMS: 110601K->110884K(200416K), 0.5316880 secs] 113245K->110884K(226272K), [CMS Perm : 53427K->53426K(89052K)], 0.5318110 secs] [Times: user=0.53 sys=0.00, real=0.53 secs] 
280.091: [Full GC (System) 280.091: [CMS: 110884K->110874K(200416K), 0.5087650 secs] 122429K->110874K(226272K), [CMS Perm : 53434K->53427K(89052K)], 0.5088780 secs] [Times: user=0.51 sys=0.00, real=0.51 secs] 
280.606: [Full GC (System) 280.607: [CMS: 110874K->110938K(200416K), 0.5261860 secs] 113259K->110938K(226272K), [CMS Perm : 53427K->53427K(89052K)], 0.5263220 secs] [Times: user=0.52 sys=0.00, real=0.52 secs] 
281.134: [Full GC (System) 281.134: [CMS: 110938K->110950K(200416K), 0.4675830 secs] 110997K->110950K(226272K), [CMS Perm : 53427K->53427K(89052K)], 0.4676860 secs] [Times: user=0.47 sys=0.00, real=0.47 secs] 
281.606: [Full GC (System) 281.606: [CMS: 110950K->111072K(200416K), 0.5241580 secs] 114802K->111072K(226272K), [CMS Perm : 53427K->53426K(89052K)], 0.5242660 secs] [Times: user=0.53 sys=0.00, real=0.52 secs] 
282.164: [GC 282.164: [ParNew
Desired survivor size 1441792 bytes, new threshold 1 (max 4)
- age   1:    1897424 bytes,    1897424 total
: 23040K->1985K(25856K), 0.0041890 secs] 134112K->113057K(226272K), 0.0042720 secs] [Times: user=0.01 sys=0.01, real=0.01 secs] 
282.196: [GC 282.196: [ParNew
Desired survivor size 1441792 bytes, new threshold 4 (max 4)
- age   1:    1180768 bytes,    1180768 total
: 25025K->1765K(25856K), 0.0057570 secs] 136097K->114847K(226272K), 0.0058480 secs] [Times: user=0.02 sys=0.00, real=0.00 secs] 
282.227: [GC 282.227: [ParNew
Desired survivor size 1441792 bytes, new threshold 2 (max 4)
- age   1:    1289632 bytes,    1289632 total
- age   2:    1140344 bytes,    2429976 total
: 24805K->2816K(25856K), 0.0039490 secs] 137887K->115899K(226272K), 0.0040330 secs] [Times: user=0.01 sys=0.00, real=0.00 secs] 
282.258: [GC 282.258: [ParNew
Desired survivor size 1441792 bytes, new threshold 2 (max 4)
- age   1:    1165360 bytes,    1165360 total
- age   2:    1195912 bytes,    2361272 total
: 25856K->2816K(25856K), 0.0055910 secs] 138939K->117146K(226272K), 0.0056800 secs] [Times: user=0.02 sys=0.00, real=0.00 secs] 
282.284: [GC 282.284: [ParNew
Desired survivor size 1441792 bytes, new threshold 2 (max 4)
- age   1:     583992 bytes,     583992 total
- age   2:    1107960 bytes,    1691952 total
: 25856K->2250K(25856K), 0.0048770 secs] 140186K->117834K(226272K), 0.0049590 secs] [Times: user=0.02 sys=0.00, real=0.01 secs] 
282.315: [GC 282.315: [ParNew
Desired survivor size 1441792 bytes, new threshold 4 (max 4)
- age   1:     288448 bytes,     288448 total
- age   2:     554456 bytes,     842904 total
: 25290K->1801K(25856K), 0.0039820 secs] 140874K->118505K(226272K), 0.0040870 secs] [Times: user=0.01 sys=0.00, real=0.00 secs] 
282.346: [GC 282.346: [ParNew
Desired survivor size 1441792 bytes, new threshold 3 (max 4)
- age   1:     728672 bytes,     728672 total
- age   2:     180648 bytes,     909320 total
- age   3:     554312 bytes,    1463632 total
: 24841K->1897K(25856K), 0.0030870 secs] 141545K->118601K(226272K), 0.0031490 secs] [Times: user=0.02 sys=0.00, real=0.00 secs] 
282.388: [GC 282.388: [ParNew
Desired survivor size 1441792 bytes, new threshold 1 (max 4)
- age   1:    2090672 bytes,    2090672 total
- age   2:     642920 bytes,    2733592 total
- age   3:     145168 bytes,    2878760 total
: 24937K->2816K(25856K), 0.0064290 secs] 141641K->120575K(226272K), 0.0065400 secs] [Times: user=0.02 sys=0.00, real=0.00 secs] 
282.427: [GC 282.427: [ParNew
Desired survivor size 1441792 bytes, new threshold 4 (max 4)
- age   1:    1440960 bytes,    1440960 total
: 25856K->2816K(25856K), 0.0111360 secs] 143615K->123602K(226272K), 0.0112230 secs] [Times: user=0.03 sys=0.00, real=0.01 secs] 
282.468: [GC 282.468: [ParNew
Desired survivor size 1441792 bytes, new threshold 1 (max 4)
- age   1:    1895352 bytes,    1895352 total
- age   2:     981472 bytes,    2876824 total
: 25856K->2816K(25856K), 0.0078920 secs] 146642K->124747K(226272K), 0.0080080 secs] [Times: user=0.03 sys=0.00, real=0.01 secs] 
282.511: [GC 282.511: [ParNew
Desired survivor size 1441792 bytes, new threshold 1 (max 4)
- age   1:    1881584 bytes,    1881584 total
: 25856K->2816K(25856K), 0.0140090 secs] 147787K->127582K(226272K), 0.0141050 secs] [Times: user=0.03 sys=0.00, real=0.02 secs] 
282.565: [GC 282.565: [ParNew
Desired survivor size 1441792 bytes, new threshold 1 (max 4)
- age   1:    2878328 bytes,    2878328 total
: 25856K->2816K(25856K), 0.0135140 secs] 150622K->130039K(226272K), 0.0136060 secs] [Times: user=0.05 sys=0.00, real=0.02 secs] 
282.582: [Full GC (System) 282.582: [CMS: 127223K->115787K(200416K), 0.5770840 secs] 131256K->115787K(226272K), [CMS Perm : 53451K->53427K(89052K)], 0.5771900 secs] [Times: user=0.59 sys=0.00, real=0.58 secs] 
283.188: [Full GC (System) 283.188: [CMS: 115787K->115598K(200416K), 0.5486240 secs] 133082K->115598K(226272K), [CMS Perm : 53432K->53428K(89052K)], 0.5487340 secs] [Times: user=0.58 sys=0.00, real=0.55 secs] 
283.758: [Full GC (System) 283.758: [CMS: 115598K->115704K(200416K), 0.5592420 secs] 122659K->115704K(226272K), [CMS Perm : 53430K->53428K(89052K)], 0.5593580 secs] [Times: user=0.56 sys=0.00, real=0.56 secs] 
284.318: [Full GC (System) 284.318: [CMS: 115704K->115701K(200416K), 0.4941140 secs] 115743K->115701K(226272K), [CMS Perm : 53428K->53428K(89052K)], 0.4942180 secs] [Times: user=0.50 sys=0.00, real=0.49 secs] 
284.818: [Full GC (System) 284.818: [CMS: 115701K->115896K(200416K), 0.5655220 secs] 117446K->115896K(226272K), [CMS Perm : 53428K->53428K(89052K)], 0.5656320 secs] [Times: user=0.57 sys=0.00, real=0.56 secs] 
285.386: [Full GC (System) 285.386: [CMS: 115896K->115836K(200416K), 0.5180970 secs] 116228K->115836K(226272K), [CMS Perm : 53428K->53428K(89052K)], 0.5182210 secs] [Times: user=0.52 sys=0.00, real=0.51 secs] 
285.915: [Full GC (System) 285.915: [CMS: 115836K->116010K(200416K), 0.5260410 secs] 124494K->116010K(226272K), [CMS Perm : 53429K->53428K(89052K)], 0.5261560 secs] [Times: user=0.52 sys=0.00, real=0.53 secs] 
286.449: [Full GC (System) 286.449: [CMS: 116010K->116455K(200416K), 0.5272310 secs] 120066K->116455K(226272K), [CMS Perm : 53430K->53428K(89052K)], 0.5273660 secs] [Times: user=0.52 sys=0.01, real=0.53 secs] 
286.978: [Full GC (System) 286.978: [CMS: 116455K->116479K(200416K), 0.5483330 secs] 117466K->116479K(226272K), [CMS Perm : 53429K->53428K(89052K)], 0.5484710 secs] [Times: user=0.55 sys=0.00, real=0.55 secs] 
287.530: [Full GC (System) 287.531: [CMS: 116479K->116321K(200416K), 0.5196600 secs] 118256K->116321K(226272K), [CMS Perm : 53439K->53434K(89052K)], 0.5198090 secs] [Times: user=0.52 sys=0.00, real=0.52 secs] 
288.051: [Full GC (System) 288.051: [CMS: 116321K->116270K(200416K), 0.5563060 secs] 116409K->116270K(226272K), [CMS Perm : 53434K->53434K(89244K)], 0.5564080 secs] [Times: user=0.55 sys=0.00, real=0.56 secs] 
288.608: [Full GC (System) 288.608: [CMS: 116270K->116211K(200416K), 0.5536940 secs] 116297K->116211K(226272K), [CMS Perm : 53434K->53434K(89244K)], 0.5537970 secs] [Times: user=0.55 sys=0.00, real=0.55 secs] 
289.170: [Full GC (System) 289.170: [CMS: 116211K->116501K(200416K), 0.5228650 secs] 118969K->116501K(226272K), [CMS Perm : 53435K->53434K(89244K)], 0.5229740 secs] [Times: user=0.52 sys=0.00, real=0.52 secs] 
289.698: [Full GC (System) 289.698: [CMS: 116501K->116719K(200416K), 0.5606060 secs] 119574K->116719K(226272K), [CMS Perm : 53436K->53435K(89244K)], 0.5607510 secs] [Times: user=0.56 sys=0.00, real=0.56 secs] 
290.262: [Full GC (System) 290.262: [CMS: 116719K->116754K(200416K), 0.4982900 secs] 117328K->116754K(226272K), [CMS Perm : 53438K->53437K(89244K)], 0.4983920 secs] [Times: user=0.50 sys=0.00, real=0.50 secs] 
290.777: [Full GC (System) 290.777: [CMS: 116754K->117228K(200416K), 0.5709530 secs] 127255K->117228K(226272K), [CMS Perm : 53441K->53434K(89244K)], 0.5710670 secs] [Times: user=0.57 sys=0.00, real=0.57 secs] 
291.349: [Full GC (System) 291.349: [CMS: 117228K->117240K(200416K), 0.4918110 secs] 117402K->117240K(226272K), [CMS Perm : 53434K->53434K(89244K)], 0.4919130 secs] [Times: user=0.49 sys=0.00, real=0.49 secs] 
291.846: [Full GC (System) 291.846: [CMS: 117240K->117312K(200416K), 0.5282540 secs] 118737K->117312K(226272K), [CMS Perm : 53436K->53434K(89244K)], 0.5283580 secs] [Times: user=0.53 sys=0.00, real=0.52 secs] 
292.375: [Full GC (System) 292.375: [CMS: 117312K->117324K(200416K), 0.4879780 secs] 117374K->117324K(226272K), [CMS Perm : 53434K->53434K(89244K)], 0.4881100 secs] [Times: user=0.49 sys=0.00, real=0.49 secs] 
292.871: [Full GC (System) 292.871: [CMS: 117324K->117710K(200416K), 0.5877270 secs] 121088K->117710K(226272K), [CMS Perm : 53434K->53434K(89244K)], 0.5878430 secs] [Times: user=0.58 sys=0.00, real=0.59 secs] 
293.460: [Full GC (System) 293.460: [CMS: 117710K->117739K(200416K), 0.5261860 secs] 118281K->117739K(226272K), [CMS Perm : 53434K->53434K(89244K)], 0.5262920 secs] [Times: user=0.53 sys=0.00, real=0.52 secs] 
293.992: [Full GC (System) 293.992: [CMS: 117739K->117839K(200416K), 0.5288500 secs] 119518K->117839K(226272K), [CMS Perm : 53435K->53434K(89244K)], 0.5289610 secs] [Times: user=0.53 sys=0.00, real=0.53 secs] 
294.524: [Full GC (System) 294.524: [CMS: 117839K->117863K(200416K), 0.5638640 secs] 118877K->117863K(226272K), [CMS Perm : 53434K->53434K(89244K)], 0.5639680 secs] [Times: user=0.56 sys=0.01, real=0.57 secs] 
295.089: [Full GC (System) 295.089: [CMS: 117863K->117871K(200416K), 0.5650780 secs] 117976K->117871K(226272K), [CMS Perm : 53434K->53434K(89244K)], 0.5651830 secs] [Times: user=0.56 sys=0.00, real=0.56 secs] 
295.659: [Full GC (System) 295.659: [CMS: 117871K->118050K(200416K), 0.5220580 secs] 118911K->118050K(226272K), [CMS Perm : 53435K->53434K(89244K)], 0.5221650 secs] [Times: user=0.52 sys=0.00, real=0.52 secs] 
296.182: [Full GC (System) 296.182: [CMS: 118050K->118054K(200416K), 0.4928910 secs] 118161K->118054K(226272K), [CMS Perm : 53435K->53435K(89244K)], 0.4929950 secs] [Times: user=0.49 sys=0.00, real=0.49 secs] 
296.679: [Full GC (System) 296.679: [CMS: 118054K->118191K(200416K), 0.5281350 secs] 119734K->118191K(226272K), [CMS Perm : 53435K->53435K(89244K)], 0.5282410 secs] [Times: user=0.52 sys=0.00, real=0.53 secs] 
297.237: [Full GC (System) 297.237: [CMS: 118191K->118611K(200416K), 0.5837670 secs] 133825K->118611K(226272K), [CMS Perm : 53440K->53437K(89244K)], 0.5838940 secs] [Times: user=0.58 sys=0.00, real=0.58 secs] 
297.828: [Full GC (System) 297.828: [CMS: 118611K->118727K(200416K), 0.5556420 secs] 121893K->118727K(226272K), [CMS Perm : 53443K->53437K(89244K)], 0.5557890 secs] [Times: user=0.56 sys=0.00, real=0.55 secs] 
298.385: [Full GC (System) 298.385: [CMS: 118727K->118750K(200416K), 0.5034120 secs] 119534K->118750K(226272K), [CMS Perm : 53437K->53437K(89244K)], 0.5035210 secs] [Times: user=0.50 sys=0.00, real=0.51 secs] 
298.890: [Full GC (System) 298.890: [CMS: 118750K->118663K(200416K), 0.5293630 secs] 118950K->118663K(226272K), [CMS Perm : 53437K->53437K(89244K)], 0.5294710 secs] [Times: user=0.53 sys=0.00, real=0.53 secs] 
299.422: [Full GC (System) 299.422: [CMS: 118663K->118660K(200416K), 0.4918190 secs] 119009K->118660K(226272K), [CMS Perm : 53437K->53437K(89244K)], 0.4919710 secs] [Times: user=0.49 sys=0.01, real=0.49 secs] 
299.938: [Full GC (System) 299.938: [CMS: 118660K->119443K(200416K), 0.5948040 secs] 135330K->119443K(226272K), [CMS Perm : 53453K->53448K(89244K)], 0.5949570 secs] [Times: user=0.59 sys=0.00, real=0.59 secs] 
300.658: [GC 300.658: [ParNew
Desired survivor size 1441792 bytes, new threshold 1 (max 4)
- age   1:    2874496 bytes,    2874496 total
: 23040K->2816K(25856K), 0.0083920 secs] 142483K->123066K(226272K), 0.0084950 secs] [Times: user=0.02 sys=0.00, real=0.00 secs] 
300.690: [Full GC (System) 300.690: [CMS: 120250K->122342K(200416K), 0.5877810 secs] 141874K->122342K(226272K), [CMS Perm : 53500K->53485K(89244K)], 0.5879860 secs] [Times: user=0.59 sys=0.00, real=0.59 secs] 
301.285: [Full GC (System) 301.285: [CMS: 122342K->122273K(203904K), 0.5402820 secs] 125366K->122273K(230208K), [CMS Perm : 53486K->53485K(89244K)], 0.5404230 secs] [Times: user=0.54 sys=0.00, real=0.54 secs] 
301.836: [Full GC (System) 301.836: [CMS: 122273K->121857K(203904K), 0.5765120 secs] 128650K->121857K(230208K), [CMS Perm : 53486K->53452K(89244K)], 0.5766300 secs] [Times: user=0.57 sys=0.00, real=0.58 secs] 
302.416: [Full GC (System) 302.416: [CMS: 121857K->121947K(203904K), 0.5172170 secs] 123906K->121947K(230208K), [CMS Perm : 53452K->53452K(89244K)], 0.5173320 secs] [Times: user=0.51 sys=0.00, real=0.52 secs] 
302.941: [Full GC (System) 302.941: [CMS: 121947K->121950K(203904K), 0.5173860 secs] 125195K->121950K(230208K), [CMS Perm : 53454K->53452K(89244K)], 0.5175310 secs] [Times: user=0.52 sys=0.00, real=0.52 secs] 
303.507: [GC 303.507: [ParNew
Desired survivor size 1474560 bytes, new threshold 1 (max 4)
- age   1:    2052704 bytes,    2052704 total
: 23424K->2880K(26304K), 0.0051910 secs] 145374K->124840K(230208K), 0.0052780 secs] [Times: user=0.01 sys=0.00, real=0.01 secs] 
303.550: [GC 303.550: [ParNew
Desired survivor size 1474560 bytes, new threshold 1 (max 4)
- age   1:    1579136 bytes,    1579136 total
: 26304K->2192K(26304K), 0.0072480 secs] 148264K->126417K(230208K), 0.0074120 secs] [Times: user=0.02 sys=0.00, real=0.01 secs] 
303.587: [GC 303.587: [ParNew
Desired survivor size 1474560 bytes, new threshold 1 (max 4)
- age   1:    1630392 bytes,    1630392 total
: 25616K->2556K(26304K), 0.0106030 secs] 149841K->128242K(230208K), 0.0107110 secs] [Times: user=0.02 sys=0.00, real=0.02 secs] 
303.635: [GC 303.635: [ParNew
Desired survivor size 1474560 bytes, new threshold 1 (max 4)
- age   1:    1630024 bytes,    1630024 total
: 25980K->2025K(26304K), 0.0057610 secs] 151666K->129266K(230208K), 0.0058880 secs] [Times: user=0.02 sys=0.00, real=0.01 secs] 
303.672: [Full GC (System) 303.672: [CMS: 127240K->123906K(203904K), 0.5807570 secs] 146204K->123906K(230208K), [CMS Perm : 53467K->53454K(89244K)], 0.5809560 secs] [Times: user=0.56 sys=0.01, real=0.58 secs] 
304.279: [GC 304.279: [ParNew
Desired survivor size 1507328 bytes, new threshold 1 (max 4)
- age   1:    2969200 bytes,    2969200 total
: 23680K->2944K(26624K), 0.0164100 secs] 147586K->129518K(233136K), 0.0165740 secs] [Times: user=0.04 sys=0.00, real=0.01 secs] 
304.330: [GC 304.330: [ParNew
Desired survivor size 1507328 bytes, new threshold 1 (max 4)
- age   1:    3014488 bytes,    3014488 total
: 26624K->2944K(26624K), 0.0180340 secs] 153198K->133813K(233136K), 0.0181440 secs] [Times: user=0.05 sys=0.00, real=0.02 secs] 
304.371: [Full GC (System) 304.372: [CMS: 130869K->130599K(206512K), 0.5852320 secs] 143022K->130599K(233136K), [CMS Perm : 53466K->53455K(89244K)], 0.5854880 secs] [Times: user=0.59 sys=0.00, real=0.58 secs] 
304.986: [GC 304.986: [ParNew
Desired survivor size 1572864 bytes, new threshold 1 (max 4)
- age   1:    1897472 bytes,    1897472 total
: 24960K->2867K(28032K), 0.0041640 secs] 155559K->133467K(245700K), 0.0042590 secs] [Times: user=0.02 sys=0.00, real=0.01 secs] 
305.018: [GC 305.018: [ParNew
Desired survivor size 1572864 bytes, new threshold 4 (max 4)
- age   1:    1498720 bytes,    1498720 total
: 27827K->2090K(28032K), 0.0061150 secs] 158427K->134633K(245700K), 0.0062140 secs] [Times: user=0.02 sys=0.00, real=0.00 secs] 
305.044: [Full GC (System) 305.044: [CMS: 132543K->131162K(217668K), 0.5895280 secs] 150547K->131162K(245700K), [CMS Perm : 53465K->53455K(89244K)], 0.5897270 secs] [Times: user=0.59 sys=0.00, real=0.59 secs] 
305.671: [GC 305.671: [ParNew
Desired survivor size 1572864 bytes, new threshold 1 (max 4)
- age   1:    1695040 bytes,    1695040 total
: 25152K->2462K(28224K), 0.0040430 secs] 156314K->133625K(246832K), 0.0041580 secs] [Times: user=0.01 sys=0.00, real=0.00 secs] 
305.706: [GC 305.706: [ParNew
Desired survivor size 1572864 bytes, new threshold 1 (max 4)
- age   1:    1650920 bytes,    1650920 total
: 27614K->2433K(28224K), 0.0058780 secs] 158777K->135267K(246832K), 0.0059800 secs] [Times: user=0.02 sys=0.00, real=0.01 secs] 
305.713: [Full GC (System) 305.713: [CMS: 132833K->131537K(218608K), 0.5833850 secs] 135323K->131537K(246832K), [CMS Perm : 53469K->53458K(89244K)], 0.5835690 secs] [Times: user=0.57 sys=0.01, real=0.58 secs] 
306.312: [Full GC (System) 306.312: [CMS: 131537K->131732K(219232K), 0.5928930 secs] 146297K->131732K(247456K), [CMS Perm : 53460K->53458K(89244K)], 0.5930820 secs] [Times: user=0.59 sys=0.00, real=0.59 secs] 
306.910: [Full GC (System) 306.910: [CMS: 131732K->131696K(219556K), 0.5878190 secs] 134350K->131696K(247844K), [CMS Perm : 53459K->53458K(89244K)], 0.5879480 secs] [Times: user=0.59 sys=0.00, real=0.58 secs] 
307.531: [GC 307.531: [ParNew
Desired survivor size 1605632 bytes, new threshold 4 (max 4)
- age   1:    1308688 bytes,    1308688 total
: 25152K->1614K(28288K), 0.0034230 secs] 156848K->133310K(247844K), 0.0035120 secs] [Times: user=0.01 sys=0.00, real=0.00 secs] 
307.563: [GC 307.563: [ParNew
Desired survivor size 1605632 bytes, new threshold 2 (max 4)
- age   1:    1472488 bytes,    1472488 total
- age   2:    1205432 bytes,    2677920 total
: 26766K->3136K(28288K), 0.0043030 secs] 158462K->134834K(247844K), 0.0043950 secs] [Times: user=0.02 sys=0.00, real=0.00 secs] 
307.568: [Full GC (System) 307.568: [CMS: 131698K->131702K(219556K), 0.5803520 secs] 135030K->131702K(247844K), [CMS Perm : 53467K->53458K(89244K)], 0.5804970 secs] [Times: user=0.58 sys=0.00, real=0.59 secs] 
308.152: [Full GC (System) 308.152: [CMS: 131702K->131686K(219556K), 0.5482690 secs] 133367K->131686K(247844K), [CMS Perm : 53458K->53458K(89244K)], 0.5496630 secs] [Times: user=0.55 sys=0.01, real=0.55 secs] 
308.731: [GC 308.731: [ParNew
Desired survivor size 1605632 bytes, new threshold 1 (max 4)
- age   1:    1801848 bytes,    1801848 total
: 25152K->2877K(28288K), 0.0035730 secs] 156838K->134563K(247844K), 0.0036650 secs] [Times: user=0.02 sys=0.00, real=0.00 secs] 
308.766: [GC 308.766: [ParNew
Desired survivor size 1605632 bytes, new threshold 4 (max 4)
- age   1:    1191104 bytes,    1191104 total
: 28029K->1895K(28288K), 0.0054380 secs] 159715K->135443K(247844K), 0.0055340 secs] [Times: user=0.02 sys=0.00, real=0.01 secs] 
308.797: [GC 308.797: [ParNew
Desired survivor size 1605632 bytes, new threshold 2 (max 4)
- age   1:    1302656 bytes,    1302656 total
- age   2:    1119928 bytes,    2422584 total
: 27047K->3029K(28288K), 0.0044520 secs] 160595K->136577K(247844K), 0.0045450 secs] [Times: user=0.02 sys=0.00, real=0.01 secs] 
308.802: [Full GC (System) 308.802: [CMS: 133548K->132248K(219556K), 0.6158450 secs] 136996K->132248K(247844K), [CMS Perm : 53465K->53458K(89244K)], 0.6160300 secs] [Times: user=0.61 sys=0.01, real=0.61 secs] 
309.450: [GC 309.450: [ParNew
Desired survivor size 1605632 bytes, new threshold 1 (max 4)
- age   1:    1611032 bytes,    1611032 total
: 25280K->2110K(28416K), 0.0030690 secs] 157528K->134359K(248832K), 0.0031750 secs] [Times: user=0.01 sys=0.00, real=0.00 secs] 
309.476: [Full GC (System) 309.476: [CMS: 132248K->132780K(220416K), 0.6445300 secs] 151680K->132780K(248832K), [CMS Perm : 53469K->53460K(89244K)], 0.6447330 secs] [Times: user=0.65 sys=0.00, real=0.65 secs] 
310.157: [GC 310.157: [ParNew
Desired survivor size 1605632 bytes, new threshold 4 (max 4)
- age   1:     550952 bytes,     550952 total
: 25408K->1707K(28544K), 0.0025580 secs] 158188K->134488K(249848K), 0.0026370 secs] [Times: user=0.00 sys=0.00, real=0.01 secs] 
310.207: [GC 310.207: [ParNew
Desired survivor size 1605632 bytes, new threshold 1 (max 4)
- age   1:    2283400 bytes,    2283400 total
- age   2:     306344 bytes,    2589744 total
: 27115K->2892K(28544K), 0.0039430 secs] 159896K->135673K(249848K), 0.0040380 secs] [Times: user=0.01 sys=0.00, real=0.01 secs] 
310.247: [GC 310.248: [ParNew
Desired survivor size 1605632 bytes, new threshold 4 (max 4)
- age   1:    1159360 bytes,    1159360 total
: 28300K->2047K(28544K), 0.0041930 secs] 161081K->136535K(249848K), 0.0042830 secs] [Times: user=0.02 sys=0.00, real=0.01 secs] 
310.293: [GC 310.293: [ParNew
Desired survivor size 1605632 bytes, new threshold 1 (max 4)
- age   1:    1625048 bytes,    1625048 total
- age   2:     534560 bytes,    2159608 total
: 27455K->2314K(28544K), 0.0039510 secs] 161943K->136803K(249848K), 0.0040800 secs] [Times: user=0.01 sys=0.00, real=0.00 secs] 
310.338: [GC 310.338: [ParNew
Desired survivor size 1605632 bytes, new threshold 4 (max 4)
- age   1:     232152 bytes,     232152 total
: 27722K->1457K(28544K), 0.0048520 secs] 162211K->138154K(249848K), 0.0049430 secs] [Times: user=0.01 sys=0.01, real=0.01 secs] 
310.387: [GC 310.387: [ParNew
Desired survivor size 1605632 bytes, new threshold 4 (max 4)
- age   1:    1297320 bytes,    1297320 total
- age   2:     170048 bytes,    1467368 total
: 26440K->1739K(28544K), 0.0023410 secs] 163137K->138436K(249848K), 0.0024150 secs] [Times: user=0.01 sys=0.00, real=0.01 secs] 
310.502: [GC 310.502: [ParNew
Desired survivor size 1605632 bytes, new threshold 1 (max 4)
- age   1:    1643312 bytes,    1643312 total
- age   2:     286304 bytes,    1929616 total
- age   3:     169712 bytes,    2099328 total
: 27147K->2264K(28544K), 0.0033890 secs] 163844K->138961K(249848K), 0.0034700 secs] [Times: user=0.01 sys=0.00, real=0.00 secs] 
310.572: [GC 310.572: [ParNew
Desired survivor size 1605632 bytes, new threshold 4 (max 4)
- age   1:     152336 bytes,     152336 total
: 27672K->1444K(28544K), 0.0049110 secs] 164369K->140316K(249848K), 0.0050280 secs] [Times: user=0.02 sys=0.00, real=0.00 secs] 
310.645: [GC 310.646: [ParNew
Desired survivor size 1605632 bytes, new threshold 4 (max 4)
- age   1:     822872 bytes,     822872 total
- age   2:     119888 bytes,     942760 total
: 26852K->1166K(28544K), 0.0024020 secs] 165724K->140038K(249848K), 0.0024740 secs] [Times: user=0.01 sys=0.00, real=0.00 secs] 
310.758: [Full GC (System) 310.759: [CMS: 138871K->131800K(221304K), 0.6453740 secs] 161978K->131800K(249848K), [CMS Perm : 53492K->53475K(89244K)], 0.6454960 secs] [Times: user=0.62 sys=0.02, real=0.65 secs] 
311.415: [Full GC (System) 311.415: [CMS: 131800K->132455K(221304K), 0.5860020 secs] 137451K->132455K(249848K), [CMS Perm : 53475K->53475K(89244K)], 0.5861310 secs] [Times: user=0.59 sys=0.00, real=0.59 secs] 
312.003: [Full GC (System) 312.003: [CMS: 132455K->132434K(221304K), 0.6354390 secs] 132763K->132434K(249848K), [CMS Perm : 53475K->53475K(89244K)], 0.6355530 secs] [Times: user=0.64 sys=0.00, real=0.63 secs] 
312.642: [Full GC (System) 312.642: [CMS: 132434K->132496K(221304K), 0.5839430 secs] 133171K->132496K(249848K), [CMS Perm : 53475K->53475K(89244K)], 0.5840640 secs] [Times: user=0.58 sys=0.00, real=0.58 secs] 
313.242: [Full GC (System) 313.242: [CMS: 132496K->132691K(221304K), 0.6225500 secs] 143589K->132691K(249848K), [CMS Perm : 53475K->53475K(89244K)], 0.6253650 secs] [Times: user=0.61 sys=0.02, real=0.62 secs] 
313.873: [Full GC (System) 313.873: [CMS: 132691K->132981K(221304K), 0.5531310 secs] 135527K->132981K(249848K), [CMS Perm : 53476K->53476K(89244K)], 0.5533520 secs] [Times: user=0.56 sys=0.00, real=0.55 secs] 
314.427: [Full GC (System) 314.427: [CMS: 132981K->132912K(221636K), 0.5384350 secs] 133103K->132912K(250180K), [CMS Perm : 53476K->53476K(89244K)], 0.5385520 secs] [Times: user=0.54 sys=0.00, real=0.54 secs] 
314.973: [Full GC (System) 314.973: [CMS: 132912K->133194K(221636K), 0.5949960 secs] 136342K->133194K(250180K), [CMS Perm : 53476K->53476K(89244K)], 0.5951770 secs] [Times: user=0.59 sys=0.00, real=0.59 secs] 
315.569: [Full GC (System) 315.569: [CMS: 133194K->133170K(221992K), 0.5549510 secs] 133280K->133170K(250600K), [CMS Perm : 53476K->53476K(89244K)], 0.5550660 secs] [Times: user=0.55 sys=0.00, real=0.56 secs] 
316.126: [Full GC (System) 316.126: [CMS: 133170K->133447K(221992K), 0.5558440 secs] 134002K->133447K(250600K), [CMS Perm : 53476K->53476K(89244K)], 0.5560390 secs] [Times: user=0.56 sys=0.00, real=0.56 secs] 
316.687: [Full GC (System) 316.687: [CMS: 133447K->133673K(222412K), 0.5841900 secs] 136006K->133673K(251084K), [CMS Perm : 53480K->53480K(89244K)], 0.5843720 secs] [Times: user=0.59 sys=0.00, real=0.59 secs] 
317.273: [Full GC (System) 317.273: [CMS: 133673K->133678K(222792K), 0.5352160 secs] 133835K->133678K(251528K), [CMS Perm : 53480K->53480K(89244K)], 0.5353860 secs] [Times: user=0.53 sys=0.00, real=0.53 secs] 
317.810: [Full GC (System) 317.810: [CMS: 133678K->133709K(222984K), 0.5568710 secs] 133912K->133709K(251720K), [CMS Perm : 53480K->53480K(89244K)], 0.5569830 secs] [Times: user=0.55 sys=0.00, real=0.55 secs] 
318.372: [Full GC (System) 318.372: [CMS: 133709K->133771K(222984K), 0.5855430 secs] 137089K->133771K(251720K), [CMS Perm : 53480K->53480K(89244K)], 0.5856960 secs] [Times: user=0.58 sys=0.00, real=0.58 secs] 
318.959: [Full GC (System) 318.959: [CMS: 133771K->133791K(222984K), 0.5583100 secs] 133893K->133791K(251720K), [CMS Perm : 53480K->53480K(89244K)], 0.5584820 secs] [Times: user=0.55 sys=0.00, real=0.56 secs] 
319.521: [Full GC (System) 319.521: [CMS: 133791K->132481K(223176K), 0.5408870 secs] 135482K->132481K(251976K), [CMS Perm : 53480K->53476K(89244K)], 0.5410030 secs] [Times: user=0.54 sys=0.00, real=0.54 secs] 
320.074: [Full GC (System) 320.074: [CMS: 132481K->132502K(223176K), 0.5851180 secs] 139168K->132502K(251976K), [CMS Perm : 53477K->53476K(89244K)], 0.5852430 secs] [Times: user=0.58 sys=0.01, real=0.58 secs] 
320.670: [Full GC (System) 320.670: [CMS: 132502K->132855K(223176K), 0.5979840 secs] 137305K->132855K(251976K), [CMS Perm : 53476K->53476K(89244K)], 0.5981120 secs] [Times: user=0.59 sys=0.01, real=0.60 secs] 
321.269: [Full GC (System) 321.269: [CMS: 132855K->132937K(223176K), 0.5375990 secs] 133161K->132937K(251976K), [CMS Perm : 53476K->53476K(89244K)], 0.5377160 secs] [Times: user=0.54 sys=0.00, real=0.54 secs] 
321.813: [Full GC (System) 321.813: [CMS: 132937K->132506K(223176K), 0.6070970 secs] 135894K->132506K(251976K), [CMS Perm : 53476K->53476K(89244K)], 0.6072220 secs] [Times: user=0.60 sys=0.00, real=0.60 secs] 
322.434: [Full GC (System) 322.434: [CMS: 132506K->132501K(223176K), 0.5872450 secs] 142379K->132501K(251976K), [CMS Perm : 53478K->53476K(89244K)], 0.5873730 secs] [Times: user=0.58 sys=0.01, real=0.59 secs] 
323.024: [Full GC (System) 323.024: [CMS: 132501K->132900K(223176K), 0.5571190 secs] 133634K->132900K(251976K), [CMS Perm : 53476K->53476K(89244K)], 0.5572360 secs] [Times: user=0.55 sys=0.00, real=0.56 secs] 
323.596: [Full GC (System) 323.596: [CMS: 132900K->132622K(223176K), 0.5865390 secs] 144208K->132622K(251976K), [CMS Perm : 53477K->53476K(89244K)], 0.5866680 secs] [Times: user=0.59 sys=0.00, real=0.59 secs] 
324.184: [Full GC (System) 324.184: [CMS: 132622K->132635K(223176K), 0.5396760 secs] 132663K->132635K(251976K), [CMS Perm : 53476K->53476K(89244K)], 0.5397930 secs] [Times: user=0.54 sys=0.00, real=0.54 secs] 
324.725: [Full GC (System) 324.726: [CMS: 132635K->132675K(223176K), 0.5836710 secs] 132798K->132675K(251976K), [CMS Perm : 53478K->53478K(89244K)], 0.5837850 secs] [Times: user=0.58 sys=0.00, real=0.58 secs] 
325.331: [Full GC (System) 325.332: [CMS: 132675K->132951K(223176K), 0.5918110 secs] 148937K->132951K(251976K), [CMS Perm : 53483K->53480K(89244K)], 0.5919490 secs] [Times: user=0.59 sys=0.00, real=0.60 secs] 
325.928: [Full GC (System) 325.928: [CMS: 132951K->133261K(223176K), 0.6281980 secs] 135521K->133261K(251976K), [CMS Perm : 53481K->53480K(89244K)], 0.6283250 secs] [Times: user=0.62 sys=0.01, real=0.63 secs] 
326.557: [Full GC (System) 326.557: [CMS: 133261K->133248K(223176K), 0.5381230 secs] 133279K->133248K(251976K), [CMS Perm : 53480K->53480K(89244K)], 0.5382390 secs] [Times: user=0.53 sys=0.00, real=0.54 secs] 
327.099: [Full GC (System) 327.099: [CMS: 133248K->133163K(223176K), 0.5850690 secs] 135150K->133163K(251976K), [CMS Perm : 53481K->53480K(89244K)], 0.5851840 secs] [Times: user=0.58 sys=0.00, real=0.59 secs] 
327.694: [Full GC (System) 327.694: [CMS: 133163K->132927K(223176K), 0.5856660 secs] 140390K->132927K(251976K), [CMS Perm : 53482K->53476K(89244K)], 0.5857940 secs] [Times: user=0.59 sys=0.00, real=0.58 secs] 
328.282: [Full GC (System) 328.282: [CMS: 132927K->132931K(223176K), 0.5328210 secs] 133171K->132931K(251976K), [CMS Perm : 53477K->53477K(89244K)], 0.5329580 secs] [Times: user=0.54 sys=0.00, real=0.53 secs] 
328.815: [Full GC (System) 328.815: [CMS: 132931K->132951K(223176K), 0.5356180 secs] 132970K->132951K(251976K), [CMS Perm : 53477K->53477K(89244K)], 0.5358030 secs] [Times: user=0.53 sys=0.00, real=0.54 secs] 
329.352: [Full GC (System) 329.352: [CMS: 132951K->132951K(223176K), 0.5318330 secs] 132953K->132951K(251976K), [CMS Perm : 53477K->53477K(89244K)], 0.5319410 secs] [Times: user=0.53 sys=0.00, real=0.53 secs] 
329.886: [Full GC (System) 329.886: [CMS: 132951K->132960K(223176K), 0.5518740 secs] 133315K->132960K(251976K), [CMS Perm : 53477K->53477K(89244K)], 0.5519890 secs] [Times: user=0.55 sys=0.00, real=0.55 secs] 
330.447: [Full GC (System) 330.447: [CMS: 132960K->133133K(223176K), 0.5870130 secs] 141880K->133133K(251976K), [CMS Perm : 53478K->53477K(89244K)], 0.5871380 secs] [Times: user=0.59 sys=0.00, real=0.59 secs] 
331.068: [GC 331.068: [ParNew
Desired survivor size 1605632 bytes, new threshold 4 (max 4)
- age   1:    1392352 bytes,    1392352 total
: 25664K->1903K(28800K), 0.0032510 secs] 158797K->135036K(251976K), 0.0033360 secs] [Times: user=0.00 sys=0.00, real=0.00 secs] 
331.094: [Full GC (System) 331.094: [CMS: 133133K->133050K(223176K), 0.6492810 secs] 159562K->133050K(251976K), [CMS Perm : 53480K->53476K(89244K)], 0.6494090 secs] [Times: user=0.65 sys=0.00, real=0.65 secs] 
331.774: [GC 331.774: [ParNew
Desired survivor size 1605632 bytes, new threshold 4 (max 4)
- age   1:    1109720 bytes,    1109720 total
: 25664K->1698K(28800K), 0.0027430 secs] 158714K->134749K(251976K), 0.0028480 secs] [Times: user=0.01 sys=0.00, real=0.00 secs] 
331.791: [Full GC (System) 331.791: [CMS: 133050K->132958K(223176K), 0.5903130 secs] 148644K->132958K(251976K), [CMS Perm : 53483K->53480K(89244K)], 0.5904410 secs] [Times: user=0.59 sys=0.00, real=0.59 secs] 
332.405: [Full GC (System) 332.405: [CMS: 132958K->132383K(223176K), 0.5907920 secs] 148765K->132383K(251976K), [CMS Perm : 53484K->53477K(89244K)], 0.5909240 secs] [Times: user=0.59 sys=0.00, real=0.59 secs] 
332.998: [Full GC (System) 332.998: [CMS: 132383K->132385K(223176K), 0.5379740 secs] 132594K->132385K(251976K), [CMS Perm : 53478K->53478K(89244K)], 0.5380850 secs] [Times: user=0.54 sys=0.00, real=0.54 secs] 
333.572: [GC 333.572: [ParNew
Desired survivor size 1605632 bytes, new threshold 4 (max 4)
- age   1:    1584600 bytes,    1584600 total
: 25655K->1846K(28800K), 0.0031750 secs] 158041K->134232K(251976K), 0.0032650 secs] [Times: user=0.01 sys=0.00, real=0.01 secs] 
333.593: [Full GC (System) 333.593: [CMS: 132385K->133159K(223176K), 0.6528250 secs] 149073K->133159K(251976K), [CMS Perm : 53484K->53478K(89244K)], 0.6529530 secs] [Times: user=0.66 sys=0.00, real=0.66 secs] 
334.281: [Full GC (System) 334.281: [CMS: 133159K->132934K(223176K), 0.5920710 secs] 155431K->132934K(251976K), [CMS Perm : 53488K->53483K(89244K)], 0.5922650 secs] [Times: user=0.59 sys=0.01, real=0.60 secs] 
334.892: [Full GC (System) 334.892: [CMS: 132934K->133194K(223176K), 0.5619050 secs] 142737K->133194K(251976K), [CMS Perm : 53484K->53480K(89244K)], 0.5620370 secs] [Times: user=0.57 sys=0.00, real=0.57 secs] 
335.473: [Full GC (System) 335.473: [CMS: 133194K->133093K(223176K), 0.5667710 secs] 145366K->133093K(251976K), [CMS Perm : 53483K->53480K(89244K)], 0.5668960 secs] [Times: user=0.56 sys=0.00, real=0.56 secs] 
336.041: [Full GC (System) 336.041: [CMS: 133093K->133075K(223176K), 0.5427990 secs] 133269K->133075K(251976K), [CMS Perm : 53480K->53480K(89244K)], 0.5429390 secs] [Times: user=0.54 sys=0.00, real=0.55 secs] 
336.593: [Full GC (System) 336.593: [CMS: 133075K->132731K(223176K), 0.5597010 secs] 136097K->132731K(251976K), [CMS Perm : 53481K->53480K(89244K)], 0.5598250 secs] [Times: user=0.56 sys=0.00, real=0.56 secs] 
337.153: [Full GC (System) 337.153: [CMS: 132731K->132728K(223176K), 0.5416430 secs] 132881K->132728K(251976K), [CMS Perm : 53480K->53480K(89244K)], 0.5417730 secs] [Times: user=0.54 sys=0.00, real=0.54 secs] 
337.696: [Full GC (System) 337.696: [CMS: 132728K->132731K(223176K), 0.5333540 secs] 132818K->132731K(251976K), [CMS Perm : 53480K->53480K(89244K)], 0.5334690 secs] [Times: user=0.54 sys=0.00, real=0.53 secs] 
338.243: [Full GC (System) 338.243: [CMS: 132731K->132895K(223176K), 0.5650500 secs] 140851K->132895K(251976K), [CMS Perm : 53484K->53481K(89244K)], 0.5651840 secs] [Times: user=0.56 sys=0.00, real=0.57 secs] 
338.809: [Full GC (System) 338.809: [CMS: 132895K->132915K(223176K), 0.5386070 secs] 132960K->132915K(251976K), [CMS Perm : 53481K->53481K(89244K)], 0.5387250 secs] [Times: user=0.54 sys=0.00, real=0.54 secs] 
339.349: [Full GC (System) 339.349: [CMS: 132915K->132919K(223176K), 0.5406060 secs] 133033K->132919K(251976K), [CMS Perm : 53481K->53481K(89244K)], 0.5407720 secs] [Times: user=0.54 sys=0.00, real=0.54 secs] 
339.899: [Full GC (System) 339.899: [CMS: 132919K->132915K(223176K), 0.5448640 secs] 137886K->132915K(251976K), [CMS Perm : 53481K->53481K(89244K)], 0.5449910 secs] [Times: user=0.57 sys=0.00, real=0.55 secs] 
340.451: [Full GC (System) 340.451: [CMS: 132915K->133006K(223176K), 0.5478330 secs] 136495K->133006K(251976K), [CMS Perm : 53481K->53481K(89244K)], 0.5479570 secs] [Times: user=0.55 sys=0.00, real=0.55 secs] 
341.001: [Full GC (System) 341.001: [CMS: 133006K->132987K(223176K), 0.5452090 secs] 133698K->132987K(251976K), [CMS Perm : 53481K->53481K(89244K)], 0.5453270 secs] [Times: user=0.55 sys=0.00, real=0.55 secs] 
341.551: [Full GC (System) 341.551: [CMS: 132987K->133111K(223176K), 0.5453410 secs] 134118K->133111K(251976K), [CMS Perm : 53481K->53481K(89244K)], 0.5454610 secs] [Times: user=0.54 sys=0.00, real=0.55 secs] 
342.101: [Full GC (System) 342.101: [CMS: 133111K->133287K(223176K), 0.5581430 secs] 134663K->133287K(251976K), [CMS Perm : 53485K->53485K(89244K)], 0.5583060 secs] [Times: user=0.55 sys=0.00, real=0.56 secs] 
342.667: [Full GC (System) 342.667: [CMS: 133287K->133226K(223176K), 0.5603420 secs] 136685K->133226K(251976K), [CMS Perm : 53485K->53481K(89244K)], 0.5604730 secs] [Times: user=0.55 sys=0.01, real=0.56 secs] 
343.232: [Full GC (System) 343.232: [CMS: 133226K->133486K(223176K), 0.5442040 secs] 135265K->133486K(251976K), [CMS Perm : 53481K->53481K(89244K)], 0.5443280 secs] [Times: user=0.55 sys=0.00, real=0.55 secs] 
343.790: [Full GC (System) 343.790: [CMS: 133486K->133425K(223176K), 0.5427050 secs] 138591K->133425K(251976K), [CMS Perm : 53482K->53481K(89244K)], 0.5428340 secs] [Times: user=0.54 sys=0.00, real=0.54 secs] 
344.351: [Full GC (System) 344.351: [CMS: 133425K->133341K(223176K), 0.5860080 secs] 148210K->133341K(251976K), [CMS Perm : 53486K->53481K(89244K)], 0.5861630 secs] [Times: user=0.59 sys=0.00, real=0.59 secs] 
344.938: [Full GC (System) 344.938: [CMS: 133341K->133341K(223176K), 0.5379970 secs] 133425K->133341K(251976K), [CMS Perm : 53481K->53481K(89244K)], 0.5381150 secs] [Times: user=0.54 sys=0.00, real=0.54 secs] 
345.481: [Full GC (System) 345.481: [CMS: 133341K->133729K(223176K), 0.5534930 secs] 135641K->133729K(251976K), [CMS Perm : 53482K->53482K(89244K)], 0.5536150 secs] [Times: user=0.56 sys=0.00, real=0.55 secs] 
346.036: [Full GC (System) 346.036: [CMS: 133729K->133729K(223176K), 0.5362570 secs] 133762K->133729K(251976K), [CMS Perm : 53482K->53482K(89244K)], 0.5363730 secs] [Times: user=0.53 sys=0.00, real=0.53 secs] 
346.575: [Full GC (System) 346.575: [CMS: 133729K->133745K(223176K), 0.5434780 secs] 135323K->133745K(251976K), [CMS Perm : 53487K->53486K(89244K)], 0.5436200 secs] [Times: user=0.55 sys=0.00, real=0.54 secs] 
347.120: [Full GC (System) 347.120: [CMS: 133745K->133778K(223176K), 0.5576010 secs] 133969K->133778K(251976K), [CMS Perm : 53486K->53486K(89244K)], 0.5577200 secs] [Times: user=0.55 sys=0.00, real=0.56 secs] 
347.687: [Full GC (System) 347.687: [CMS: 133778K->133373K(223176K), 0.5859700 secs] 138369K->133373K(251976K), [CMS Perm : 53486K->53486K(89244K)], 0.5860910 secs] [Times: user=0.58 sys=0.00, real=0.58 secs] 
348.280: [Full GC (System) 348.280: [CMS: 133373K->133378K(223176K), 0.5943870 secs] 136536K->133378K(251976K), [CMS Perm : 53490K->53485K(89244K)], 0.5945130 secs] [Times: user=0.59 sys=0.00, real=0.59 secs] 
348.882: [Full GC (System) 348.883: [CMS: 133378K->133523K(223176K), 0.5623910 secs] 138683K->133523K(251976K), [CMS Perm : 53485K->53485K(89244K)], 0.5625160 secs] [Times: user=0.56 sys=0.00, real=0.57 secs] 
349.448: [Full GC (System) 349.448: [CMS: 133523K->133577K(223176K), 0.5389390 secs] 134298K->133577K(251976K), [CMS Perm : 53486K->53486K(89244K)], 0.5390830 secs] [Times: user=0.54 sys=0.00, real=0.54 secs] 
350.005: [Full GC (System) 350.005: [CMS: 133577K->133499K(223176K), 0.5717880 secs] 142708K->133499K(251976K), [CMS Perm : 53491K->53485K(89244K)], 0.5719410 secs] [Times: user=0.57 sys=0.00, real=0.57 secs] 
350.578: [Full GC (System) 350.578: [CMS: 133499K->133305K(223176K), 0.5455740 secs] 133745K->133305K(251976K), [CMS Perm : 53485K->53481K(89244K)], 0.5456910 secs] [Times: user=0.55 sys=0.00, real=0.54 secs] 
351.125: [Full GC (System) 351.125: [CMS: 133305K->133294K(223176K), 0.5429360 secs] 133385K->133294K(251976K), [CMS Perm : 53481K->53481K(89244K)], 0.5430600 secs] [Times: user=0.54 sys=0.00, real=0.54 secs] 
351.707: [GC 351.707: [ParNew
Desired survivor size 1605632 bytes, new threshold 1 (max 4)
- age   1:    1907152 bytes,    1907152 total
: 25664K->2492K(28800K), 0.0038060 secs] 158958K->135787K(251976K), 0.0039000 secs] [Times: user=0.02 sys=0.00, real=0.00 secs] 
351.713: [Full GC (System) 351.713: [CMS: 133294K->134021K(223176K), 0.5632780 secs] 137010K->134021K(251976K), [CMS Perm : 53489K->53481K(89244K)], 0.5634760 secs] [Times: user=0.57 sys=0.00, real=0.57 secs] 
352.291: [Full GC (System) 352.291: [CMS: 134021K->133670K(223372K), 0.5661380 secs] 139995K->133670K(252172K), [CMS Perm : 53484K->53481K(89244K)], 0.5662680 secs] [Times: user=0.57 sys=0.00, real=0.57 secs] 
352.866: [Full GC (System) 352.866: [CMS: 133670K->132900K(223372K), 0.5907570 secs] 140115K->132900K(252172K), [CMS Perm : 53482K->53481K(89244K)], 0.5908810 secs] [Times: user=0.59 sys=0.00, real=0.59 secs] 
353.458: [Full GC (System) 353.458: [CMS: 132900K->132911K(223372K), 0.5399830 secs] 133191K->132911K(252172K), [CMS Perm : 53481K->53481K(89244K)], 0.5400960 secs] [Times: user=0.54 sys=0.00, real=0.54 secs] 
354.004: [Full GC (System) 354.004: [CMS: 132911K->133008K(223372K), 0.5469860 secs] 134280K->133008K(252172K), [CMS Perm : 53481K->53481K(89244K)], 0.5471120 secs] [Times: user=0.55 sys=0.00, real=0.55 secs] 
354.567: [Full GC (System) 354.567: [CMS: 133008K->132552K(223372K), 0.5967470 secs] 145462K->132552K(252172K), [CMS Perm : 53483K->53481K(89244K)], 0.5968800 secs] [Times: user=0.60 sys=0.00, real=0.59 secs] 
355.165: [Full GC (System) 355.165: [CMS: 132552K->132551K(223372K), 0.5341980 secs] 132554K->132551K(252172K), [CMS Perm : 53481K->53481K(89244K)], 0.5343110 secs] [Times: user=0.53 sys=0.00, real=0.54 secs] 
355.700: [Full GC (System) 355.700: [CMS: 132551K->132551K(223372K), 0.5352050 secs] 132572K->132551K(252172K), [CMS Perm : 53481K->53481K(89244K)], 0.5353200 secs] [Times: user=0.54 sys=0.00, real=0.53 secs] 
356.241: [Full GC (System) 356.241: [CMS: 132551K->132602K(223372K), 0.5642950 secs] 134068K->132602K(252172K), [CMS Perm : 53481K->53481K(89244K)], 0.5644360 secs] [Times: user=0.58 sys=0.00, real=0.56 secs] 
356.807: [Full GC (System) 356.807: [CMS: 132602K->132418K(223372K), 0.5350850 secs] 132747K->132418K(252172K), [CMS Perm : 53481K->53481K(89244K)], 0.5351930 secs] [Times: user=0.53 sys=0.00, real=0.53 secs] 
357.345: [Full GC (System) 357.345: [CMS: 132418K->132188K(223372K), 0.5794700 secs] 134154K->132188K(252172K), [CMS Perm : 53481K->53481K(89244K)], 0.5795840 secs] [Times: user=0.58 sys=0.00, real=0.58 secs] 
357.936: [Full GC (System) 357.936: [CMS: 132188K->132691K(223372K), 0.5676450 secs] 139385K->132691K(252172K), [CMS Perm : 53484K->53482K(89244K)], 0.5678120 secs] [Times: user=0.57 sys=0.00, real=0.57 secs] 
358.507: [Full GC (System) 358.507: [CMS: 132691K->132814K(223372K), 0.5384080 secs] 134971K->132814K(252172K), [CMS Perm : 53482K->53482K(89244K)], 0.5385560 secs] [Times: user=0.54 sys=0.00, real=0.53 secs] 
359.048: [Full GC (System) 359.048: [CMS: 132814K->132832K(223372K), 0.5396260 secs] 133042K->132832K(252172K), [CMS Perm : 53482K->53482K(89244K)], 0.5397410 secs] [Times: user=0.54 sys=0.00, real=0.54 secs] 
359.604: [Full GC (System) 359.604: [CMS: 132832K->133122K(223372K), 0.5678370 secs] 145015K->133122K(252172K), [CMS Perm : 53488K->53481K(89244K)], 0.5679960 secs] [Times: user=0.56 sys=0.00, real=0.57 secs] 
360.206: [GC 360.206: [ParNew
Desired survivor size 1605632 bytes, new threshold 4 (max 4)
- age   1:    1123280 bytes,    1123280 total
: 25664K->1753K(28800K), 0.0033180 secs] 158786K->134875K(252172K), 0.0034070 secs] [Times: user=0.01 sys=0.00, real=0.01 secs] 
360.231: [Full GC (System) 360.231: [CMS: 133122K->133292K(223372K), 0.5952540 secs] 146663K->133292K(252172K), [CMS Perm : 53491K->53483K(89244K)], 0.5953790 secs] [Times: user=0.59 sys=0.00, real=0.59 secs] 
360.829: [Full GC (System) 360.829: [CMS: 133292K->133278K(223372K), 0.5398650 secs] 133516K->133278K(252172K), [CMS Perm : 53483K->53483K(89244K)], 0.5399820 secs] [Times: user=0.55 sys=0.00, real=0.54 secs] 
361.411: [GC 361.411: [ParNew
Desired survivor size 1605632 bytes, new threshold 1 (max 4)
- age   1:    1667808 bytes,    1667808 total
: 25664K->1891K(28800K), 0.0051330 secs] 158942K->135169K(252172K), 0.0052260 secs] [Times: user=0.02 sys=0.00, real=0.00 secs] 
361.455: [GC 361.456: [ParNew
Desired survivor size 1605632 bytes, new threshold 4 (max 4)
- age   1:     489056 bytes,     489056 total
: 27555K->1152K(28800K), 0.0058440 secs] 160833K->136142K(252172K), 0.0059240 secs] [Times: user=0.01 sys=0.00, real=0.01 secs] 
361.486: [GC 361.487: [ParNew
Desired survivor size 1605632 bytes, new threshold 4 (max 4)
- age   1:     906144 bytes,     906144 total
- age   2:     320272 bytes,    1226416 total
: 26816K->1408K(28800K), 0.0038310 secs] 161806K->136397K(252172K), 0.0039050 secs] [Times: user=0.01 sys=0.00, real=0.01 secs] 
361.511: [GC 361.511: [ParNew
Desired survivor size 1605632 bytes, new threshold 1 (max 4)
- age   1:    2032344 bytes,    2032344 total
- age   2:     686104 bytes,    2718448 total
- age   3:     319024 bytes,    3037472 total
: 27072K->3136K(28800K), 0.0060870 secs] 162061K->138224K(252172K), 0.0061790 secs] [Times: user=0.02 sys=0.00, real=0.01 secs] 
361.554: [GC 361.554: [ParNew
Desired survivor size 1605632 bytes, new threshold 4 (max 4)
- age   1:    1234400 bytes,    1234400 total
: 28800K->2487K(28800K), 0.0138460 secs] 163888K->140630K(252172K), 0.0139410 secs] [Times: user=0.04 sys=0.01, real=0.02 secs] 
361.603: [GC 361.603: [ParNew
Desired survivor size 1605632 bytes, new threshold 2 (max 4)
- age   1:     891432 bytes,     891432 total
- age   2:     806496 bytes,    1697928 total
: 28151K->1843K(28800K), 0.0078380 secs] 166294K->139986K(252172K), 0.0079200 secs] [Times: user=0.01 sys=0.00, real=0.01 secs] 
361.637: [GC 361.637: [ParNew
Desired survivor size 1605632 bytes, new threshold 2 (max 4)
- age   1:    1576992 bytes,    1576992 total
- age   2:     871784 bytes,    2448776 total
: 27507K->2631K(28800K), 0.0069770 secs] 165650K->141617K(252172K), 0.0070680 secs] [Times: user=0.02 sys=0.00, real=0.01 secs] 
361.684: [GC 361.684: [ParNew
Desired survivor size 1605632 bytes, new threshold 2 (max 4)
- age   1:     829144 bytes,     829144 total
- age   2:    1370528 bytes,    2199672 total
: 28295K->3136K(28800K), 0.0088430 secs] 167281K->142983K(252172K), 0.0089410 secs] [Times: user=0.02 sys=0.00, real=0.01 secs] 
361.744: [GC 361.744: [ParNew
Desired survivor size 1605632 bytes, new threshold 2 (max 4)
- age   1:    1585776 bytes,    1585776 total
- age   2:     707424 bytes,    2293200 total
: 28800K->2691K(28800K), 0.0075970 secs] 168647K->143807K(252172K), 0.0076850 secs] [Times: user=0.02 sys=0.00, real=0.01 secs] 
361.820: [GC 361.820: [ParNew
Desired survivor size 1605632 bytes, new threshold 2 (max 4)
- age   1:    1503792 bytes,    1503792 total
- age   2:    1051368 bytes,    2555160 total
: 28355K->3136K(28800K), 0.0075640 secs] 169471K->144993K(252172K), 0.0076580 secs] [Times: user=0.02 sys=0.00, real=0.01 secs] 
361.896: [GC 361.896: [ParNew
Desired survivor size 1605632 bytes, new threshold 2 (max 4)
- age   1:    1321624 bytes,    1321624 total
- age   2:     821904 bytes,    2143528 total
: 28799K->3136K(28800K), 0.0067060 secs] 170656K->146062K(252172K), 0.0067940 secs] [Times: user=0.02 sys=0.00, real=0.01 secs] 
362.008: [GC 362.008: [ParNew
Desired survivor size 1605632 bytes, new threshold 2 (max 4)
- age   1:    1422608 bytes,    1422608 total
- age   2:     564144 bytes,    1986752 total
: 28800K->2838K(28800K), 0.0042710 secs] 171726K->146246K(252172K), 0.0043560 secs] [Times: user=0.02 sys=0.00, real=0.00 secs] 
362.103: [GC 362.103: [ParNew
Desired survivor size 1605632 bytes, new threshold 1 (max 4)
- age   1:    1677376 bytes,    1677376 total
- age   2:     129064 bytes,    1806440 total
: 28502K->2050K(28800K), 0.0039980 secs] 171910K->145968K(252172K), 0.0040930 secs] [Times: user=0.01 sys=0.00, real=0.01 secs] 
362.208: [GC 362.208: [ParNew
Desired survivor size 1605632 bytes, new threshold 4 (max 4)
- age   1:    1539856 bytes,    1539856 total
: 27714K->2136K(28800K), 0.0036340 secs] 171632K->146332K(252172K), 0.0037210 secs] [Times: user=0.02 sys=0.00, real=0.00 secs] 
362.269: [GC 362.269: [ParNew
Desired survivor size 1605632 bytes, new threshold 1 (max 4)
- age   1:    1679360 bytes,    1679360 total
- age   2:     356968 bytes,    2036328 total
: 27800K->2711K(28800K), 0.0037010 secs] 171996K->146906K(252172K), 0.0037900 secs] [Times: user=0.01 sys=0.00, real=0.00 secs] 
362.313: [GC 362.313: [ParNew
Desired survivor size 1605632 bytes, new threshold 4 (max 4)
- age   1:     450976 bytes,     450976 total
: 28375K->1864K(28800K), 0.0054640 secs] 172570K->148006K(252172K), 0.0055820 secs] [Times: user=0.01 sys=0.00, real=0.01 secs] 
362.352: [GC 362.352: [ParNew
Desired survivor size 1605632 bytes, new threshold 1 (max 4)
- age   1:    1958736 bytes,    1958736 total
- age   2:     374752 bytes,    2333488 total
: 27528K->2625K(28800K), 0.0040260 secs] 173670K->148768K(252172K), 0.0041130 secs] [Times: user=0.02 sys=0.00, real=0.00 secs] 
362.388: [GC 362.388: [ParNew
Desired survivor size 1605632 bytes, new threshold 1 (max 4)
- age   1:    2022296 bytes,    2022296 total
: 28289K->3136K(28800K), 0.0073420 secs] 174432K->151208K(252172K), 0.0074450 secs] [Times: user=0.03 sys=0.00, real=0.00 secs] 
362.442: [GC 362.442: [ParNew
Desired survivor size 1605632 bytes, new threshold 4 (max 4)
- age   1:     673016 bytes,     673016 total
: 28800K->1954K(28800K), 0.0060720 secs] 176872K->152082K(252172K), 0.0061690 secs] [Times: user=0.02 sys=0.00, real=0.01 secs] 
362.488: [GC 362.488: [ParNew
Desired survivor size 1605632 bytes, new threshold 1 (max 4)
- age   1:    1742208 bytes,    1742208 total
- age   2:     618536 bytes,    2360744 total
: 27618K->2740K(28800K), 0.0041370 secs] 177746K->152869K(252172K), 0.0042380 secs] [Times: user=0.01 sys=0.00, real=0.00 secs] 
362.502: [Full GC (System) 362.502: [CMS: 150128K->137628K(223372K), 0.6217780 secs] 160317K->137628K(252172K), [CMS Perm : 53512K->53483K(89244K)], 0.6219940 secs] [Times: user=0.62 sys=0.00, real=0.62 secs] 
363.162: [GC 363.162: [ParNew
Desired survivor size 1671168 bytes, new threshold 4 (max 4)
- age   1:     529760 bytes,     529760 total
: 26304K->1890K(29568K), 0.0022720 secs] 163932K->139519K(258952K), 0.0023490 secs] [Times: user=0.01 sys=0.00, real=0.00 secs] 
363.180: [Full GC (System) 363.180: [CMS: 137628K->137550K(229384K), 0.6890900 secs] 151771K->137550K(258952K), [CMS Perm : 53486K->53483K(89244K)], 0.6892160 secs] [Times: user=0.69 sys=0.00, real=0.69 secs] 
363.875: [Full GC (System) 363.875: [CMS: 137550K->137477K(229384K), 0.6019210 secs] 140614K->137477K(258952K), [CMS Perm : 53483K->53483K(89244K)], 0.6020380 secs] [Times: user=0.61 sys=0.00, real=0.60 secs] 
364.489: [Full GC (System) 364.489: [CMS: 137477K->137546K(229384K), 0.6030650 secs] 144594K->137546K(258952K), [CMS Perm : 53487K->53484K(89244K)], 0.6031900 secs] [Times: user=0.60 sys=0.00, real=0.60 secs] 
365.098: [Full GC (System) 365.098: [CMS: 137546K->137689K(229384K), 0.5836540 secs] 141085K->137689K(258952K), [CMS Perm : 53484K->53484K(89244K)], 0.5852740 secs] [Times: user=0.59 sys=0.00, real=0.58 secs] 
365.689: [Full GC (System) 365.689: [CMS: 137689K->137766K(229576K), 0.5781370 secs] 139868K->137766K(259144K), [CMS Perm : 53484K->53484K(89244K)], 0.5783210 secs] [Times: user=0.58 sys=0.00, real=0.58 secs] 
366.271: [Full GC (System) 366.271: [CMS: 137766K->137883K(229768K), 0.5644590 secs] 139187K->137883K(259336K), [CMS Perm : 53484K->53484K(89244K)], 0.5646350 secs] [Times: user=0.56 sys=0.00, real=0.56 secs] 
366.838: [Full GC (System) 366.838: [CMS: 137883K->137931K(229960K), 0.5654120 secs] 138811K->137931K(259592K), [CMS Perm : 53484K->53484K(89244K)], 0.5655330 secs] [Times: user=0.56 sys=0.00, real=0.57 secs] 
367.406: [Full GC (System) 367.406: [CMS: 137931K->137949K(229960K), 0.5512010 secs] 139286K->137949K(259592K), [CMS Perm : 53484K->53484K(89244K)], 0.5513190 secs] [Times: user=0.55 sys=0.00, real=0.55 secs] 
367.964: [Full GC (System) 367.964: [CMS: 137949K->137772K(229960K), 0.5663850 secs] 142207K->137772K(259592K), [CMS Perm : 53484K->53484K(89244K)], 0.5665080 secs] [Times: user=0.57 sys=0.00, real=0.57 secs] 
368.539: [Full GC (System) 368.539: [CMS: 137772K->138139K(229960K), 0.5683620 secs] 142653K->138139K(259592K), [CMS Perm : 53487K->53487K(89244K)], 0.5685960 secs] [Times: user=0.57 sys=0.00, real=0.57 secs] 
369.114: [Full GC (System) 369.114: [CMS: 138139K->138240K(230236K), 0.5824540 secs] 142762K->138240K(259932K), [CMS Perm : 53488K->53487K(89244K)], 0.5826380 secs] [Times: user=0.58 sys=0.00, real=0.58 secs] 
369.710: [Full GC (System) 369.710: [CMS: 138240K->137658K(230428K), 0.5874800 secs] 144495K->137658K(260124K), [CMS Perm : 53488K->53487K(89244K)], 0.5876320 secs] [Times: user=0.59 sys=0.00, real=0.58 secs] 
370.301: [Full GC (System) 370.301: [CMS: 137658K->137854K(230428K), 0.5630780 secs] 138812K->137854K(260124K), [CMS Perm : 53488K->53487K(89244K)], 0.5632270 secs] [Times: user=0.56 sys=0.00, real=0.56 secs] 
370.874: [Full GC (System) 370.874: [CMS: 137854K->137963K(230428K), 0.5681980 secs] 142832K->137963K(260124K), [CMS Perm : 53488K->53487K(89244K)], 0.5683270 secs] [Times: user=0.57 sys=0.00, real=0.57 secs] 
371.443: [Full GC (System) 371.443: [CMS: 137963K->137963K(230428K), 0.5612110 secs] 137967K->137963K(260124K), [CMS Perm : 53487K->53487K(89244K)], 0.5613270 secs] [Times: user=0.56 sys=0.00, real=0.56 secs] 
372.011: [Full GC (System) 372.011: [CMS: 137963K->137749K(230428K), 0.5519200 secs] 141071K->137749K(260124K), [CMS Perm : 53488K->53487K(89244K)], 0.5520740 secs] [Times: user=0.56 sys=0.00, real=0.55 secs] 
372.576: [Full GC (System) 372.576: [CMS: 137749K->137633K(230428K), 0.5684330 secs] 141735K->137633K(260124K), [CMS Perm : 53489K->53488K(89244K)], 0.5685630 secs] [Times: user=0.57 sys=0.00, real=0.57 secs] 
373.149: [Full GC (System) 373.149: [CMS: 137633K->137734K(230428K), 0.5678980 secs] 139739K->137734K(260124K), [CMS Perm : 53488K->53488K(89244K)], 0.5680160 secs] [Times: user=0.56 sys=0.00, real=0.56 secs] 
373.725: [Full GC (System) 373.725: [CMS: 137734K->137976K(230428K), 0.5694490 secs] 140815K->137976K(260124K), [CMS Perm : 53491K->53488K(89244K)], 0.5695730 secs] [Times: user=0.57 sys=0.00, real=0.57 secs] 
374.318: [Full GC (System) 374.318: [CMS: 137976K->137991K(230428K), 0.5881930 secs] 157359K->137991K(260124K), [CMS Perm : 53492K->53488K(89244K)], 0.5883290 secs] [Times: user=0.59 sys=0.00, real=0.59 secs] 
374.911: [Full GC (System) 374.911: [CMS: 137991K->138162K(230428K), 0.6437850 secs] 140045K->138162K(260124K), [CMS Perm : 53488K->53488K(89244K)], 0.6439090 secs] [Times: user=0.65 sys=0.00, real=0.64 secs] 
375.558: [Full GC (System) 375.558: [CMS: 138162K->138101K(230428K), 0.6633720 secs] 139255K->138101K(260124K), [CMS Perm : 53488K->53488K(89244K)], 0.6634910 secs] [Times: user=0.67 sys=0.00, real=0.67 secs] 
376.228: [Full GC (System) 376.228: [CMS: 138101K->138155K(230428K), 0.5660850 secs] 140079K->138155K(260124K), [CMS Perm : 53489K->53488K(89244K)], 0.5662340 secs] [Times: user=0.57 sys=0.00, real=0.57 secs] 
376.795: [Full GC (System) 376.795: [CMS: 138155K->138152K(230428K), 0.5523840 secs] 138205K->138152K(260124K), [CMS Perm : 53488K->53488K(89244K)], 0.5524980 secs] [Times: user=0.55 sys=0.00, real=0.55 secs] 
377.354: [Full GC (System) 377.354: [CMS: 138152K->138238K(230428K), 0.6181220 secs] 141179K->138238K(260124K), [CMS Perm : 53488K->53488K(89244K)], 0.6182440 secs] [Times: user=0.62 sys=0.00, real=0.62 secs] 
377.999: [Full GC (System) 377.999: [CMS: 138238K->138316K(230428K), 0.5729700 secs] 152009K->138316K(260124K), [CMS Perm : 53491K->53489K(89244K)], 0.5731890 secs] [Times: user=0.58 sys=0.00, real=0.58 secs] 
378.585: [Full GC (System) 378.585: [CMS: 138316K->138809K(230620K), 0.6703560 secs] 142116K->138809K(260316K), [CMS Perm : 53489K->53489K(89244K)], 0.6705470 secs] [Times: user=0.67 sys=0.00, real=0.67 secs] 
379.256: [Full GC (System) 379.256: [CMS: 138809K->138819K(231352K), 0.5495380 secs] 138833K->138819K(261176K), [CMS Perm : 53489K->53489K(89244K)], 0.5497510 secs] [Times: user=0.54 sys=0.00, real=0.55 secs] 
379.807: [Full GC (System) 379.807: [CMS: 138819K->138867K(231544K), 0.5657740 secs] 139508K->138867K(261368K), [CMS Perm : 53489K->53489K(89244K)], 0.5658870 secs] [Times: user=0.56 sys=0.00, real=0.57 secs] 
380.374: [Full GC (System) 380.374: [CMS: 138867K->138848K(231544K), 0.5492700 secs] 138884K->138848K(261368K), [CMS Perm : 53489K->53489K(89244K)], 0.5493810 secs] [Times: user=0.55 sys=0.00, real=0.55 secs] 
380.924: [Full GC (System) 380.924: [CMS: 138848K->138828K(231544K), 0.5514900 secs] 138900K->138828K(261368K), [CMS Perm : 53489K->53489K(89244K)], 0.5516370 secs] [Times: user=0.56 sys=0.00, real=0.55 secs] 
381.480: [Full GC (System) 381.480: [CMS: 138828K->138526K(231544K), 0.5892130 secs] 141084K->138526K(261368K), [CMS Perm : 53489K->53489K(89244K)], 0.5893360 secs] [Times: user=0.59 sys=0.00, real=0.58 secs] 
382.076: [Full GC (System) 382.077: [CMS: 138526K->139557K(231544K), 0.5739740 secs] 143070K->139557K(261368K), [CMS Perm : 53490K->53489K(89244K)], 0.5741690 secs] [Times: user=0.58 sys=0.00, real=0.58 secs] 
382.666: [Full GC (System) 382.666: [CMS: 139557K->139551K(232596K), 0.6199650 secs] 147378K->139551K(262548K), [CMS Perm : 53493K->53489K(89244K)], 0.6200950 secs] [Times: user=0.62 sys=0.00, real=0.62 secs] 
383.288: [Full GC (System) 383.288: [CMS: 139551K->139628K(232596K), 0.5724080 secs] 140283K->139628K(262548K), [CMS Perm : 53489K->53489K(89244K)], 0.5726110 secs] [Times: user=0.58 sys=0.00, real=0.58 secs] 
383.862: [Full GC (System) 383.862: [CMS: 139628K->139647K(232788K), 0.5599010 secs] 139945K->139647K(262740K), [CMS Perm : 53489K->53489K(89244K)], 0.5600140 secs] [Times: user=0.56 sys=0.00, real=0.56 secs] 
384.425: [Full GC (System) 384.425: [CMS: 139647K->139586K(232788K), 0.5914300 secs] 140464K->139586K(262740K), [CMS Perm : 53489K->53489K(89244K)], 0.5915510 secs] [Times: user=0.59 sys=0.00, real=0.59 secs] 
385.018: [Full GC (System) 385.018: [CMS: 139586K->139488K(232788K), 0.5763510 secs] 139808K->139488K(262740K), [CMS Perm : 53489K->53489K(89244K)], 0.5764660 secs] [Times: user=0.57 sys=0.00, real=0.58 secs] 
385.596: [Full GC (System) 385.596: [CMS: 139488K->139532K(232788K), 0.5626850 secs] 139984K->139532K(262740K), [CMS Perm : 53489K->53489K(89244K)], 0.5628010 secs] [Times: user=0.56 sys=0.00, real=0.56 secs] 
386.171: [Full GC (System) 386.171: [CMS: 139532K->139585K(232788K), 0.5785420 secs] 142269K->139585K(262740K), [CMS Perm : 53489K->53489K(89244K)], 0.5786910 secs] [Times: user=0.58 sys=0.00, real=0.58 secs] 
386.786: [Full GC (System) 386.787: [CMS: 139585K->139365K(232788K), 0.6207260 secs] 158208K->139365K(262740K), [CMS Perm : 53493K->53489K(89244K)], 0.6208590 secs] [Times: user=0.62 sys=0.00, real=0.62 secs] 
387.417: [Full GC (System) 387.417: [CMS: 139365K->139279K(232788K), 0.5898110 secs] 143920K->139279K(262740K), [CMS Perm : 53489K->53489K(89244K)], 0.5899340 secs] [Times: user=0.59 sys=0.00, real=0.59 secs] 
388.019: [Full GC (System) 388.019: [CMS: 139279K->139731K(232788K), 0.5744600 secs] 145634K->139731K(262740K), [CMS Perm : 53490K->53489K(89244K)], 0.5746820 secs] [Times: user=0.62 sys=0.00, real=0.58 secs] 
388.599: [Full GC (System) 388.599: [CMS: 139731K->139759K(232980K), 0.5723540 secs] 142600K->139759K(262996K), [CMS Perm : 53490K->53489K(89244K)], 0.5724720 secs] [Times: user=0.57 sys=0.00, real=0.58 secs] 
389.190: [Full GC (System) 389.191: [CMS: 139759K->139561K(232980K), 0.5884970 secs] 148056K->139561K(262996K), [CMS Perm : 53490K->53489K(89244K)], 0.5886230 secs] [Times: user=0.59 sys=0.00, real=0.59 secs] 
389.786: [Full GC (System) 389.786: [CMS: 139561K->139763K(232980K), 0.5731610 secs] 141568K->139763K(262996K), [CMS Perm : 53489K->53489K(89244K)], 0.5733190 secs] [Times: user=0.58 sys=0.00, real=0.57 secs] 
390.369: [Full GC (System) 390.369: [CMS: 139763K->140241K(232980K), 0.5583580 secs] 142498K->140241K(262996K), [CMS Perm : 53489K->53489K(89244K)], 0.5585920 secs] [Times: user=0.56 sys=0.00, real=0.56 secs] 
390.933: [Full GC (System) 390.933: [CMS: 140241K->140464K(233736K), 0.5680090 secs] 142019K->140464K(263816K), [CMS Perm : 53489K->53489K(89244K)], 0.5681850 secs] [Times: user=0.57 sys=0.00, real=0.56 secs] 
391.514: [Full GC (System) 391.514: [CMS: 140464K->139472K(234108K), 0.6777660 secs] 148506K->139472K(264252K), [CMS Perm : 53494K->53489K(89244K)], 0.6778950 secs] [Times: user=0.68 sys=0.00, real=0.68 secs] 
392.206: [Full GC (System) 392.206: [CMS: 139472K->139577K(234108K), 0.6778720 secs] 150755K->139577K(264252K), [CMS Perm : 53490K->53489K(89244K)], 0.6780380 secs] [Times: user=0.70 sys=0.00, real=0.68 secs] 
392.905: [Full GC (System) 392.905: [CMS: 139577K->140028K(234108K), 0.5794180 secs] 151342K->140028K(264252K), [CMS Perm : 53491K->53489K(89244K)], 0.5795480 secs] [Times: user=0.58 sys=0.00, real=0.58 secs] 
393.489: [Full GC (System) 393.490: [CMS: 140028K->140190K(234108K), 0.5784220 secs] 143409K->140190K(264252K), [CMS Perm : 53489K->53489K(89244K)], 0.5785450 secs] [Times: user=0.58 sys=0.00, real=0.58 secs] 
394.112: [Full GC (System) 394.112: [CMS: 140190K->140664K(234108K), 0.5847190 secs] 163818K->140664K(264252K), [CMS Perm : 53495K->53491K(89244K)], 0.5849850 secs] [Times: user=0.59 sys=0.00, real=0.59 secs] 
394.731: [GC 394.731: [ParNew
Desired survivor size 1703936 bytes, new threshold 4 (max 4)
- age   1:     727528 bytes,     727528 total
: 26880K->918K(30208K), 0.0028500 secs] 167544K->141583K(264652K), 0.0029300 secs] [Times: user=0.01 sys=0.00, real=0.01 secs] 
394.744: [Full GC (System) 394.744: [CMS: 140664K->140334K(234444K), 0.5959570 secs] 151491K->140334K(264652K), [CMS Perm : 53496K->53493K(89244K)], 0.5960810 secs] [Times: user=0.60 sys=0.00, real=0.59 secs] 
395.372: [GC 395.372: [ParNew
Desired survivor size 1703936 bytes, new threshold 4 (max 4)
- age   1:     327464 bytes,     327464 total
: 26880K->671K(30208K), 0.0024880 secs] 167214K->141005K(264652K), 0.0025820 secs] [Times: user=0.01 sys=0.01, real=0.00 secs] 
395.386: [Full GC (System) 395.386: [CMS: 140334K->139971K(234444K), 0.6207870 secs] 152848K->139971K(264652K), [CMS Perm : 53498K->53490K(89244K)], 0.6209170 secs] [Times: user=0.62 sys=0.00, real=0.62 secs] 
396.013: [Full GC (System) 396.014: [CMS: 139971K->140128K(234444K), 0.5725400 secs] 144167K->140128K(264652K), [CMS Perm : 53490K->53490K(89244K)], 0.5726640 secs] [Times: user=0.58 sys=0.00, real=0.57 secs] 
396.595: [Full GC (System) 396.595: [CMS: 140128K->140021K(234444K), 0.5792360 secs] 147052K->140021K(264652K), [CMS Perm : 53492K->53489K(89244K)], 0.5793580 secs] [Times: user=0.58 sys=0.00, real=0.58 secs] 
397.178: [Full GC (System) 397.178: [CMS: 140021K->140094K(234444K), 0.6437340 secs] 142468K->140094K(264652K), [CMS Perm : 53490K->53490K(89244K)], 0.6438870 secs] [Times: user=0.64 sys=0.00, real=0.64 secs] 
397.852: [GC 397.852: [ParNew
Desired survivor size 1703936 bytes, new threshold 1 (max 4)
- age   1:    2045264 bytes,    2045264 total
: 26880K->2202K(30208K), 0.0054540 secs] 166974K->142297K(264652K), 0.0055460 secs] [Times: user=0.01 sys=0.00, real=0.01 secs] 
397.890: [GC 397.890: [ParNew
Desired survivor size 1703936 bytes, new threshold 1 (max 4)
- age   1:    1746472 bytes,    1746472 total
: 29082K->2594K(30208K), 0.0066020 secs] 169177K->144558K(264652K), 0.0067240 secs] [Times: user=0.02 sys=0.00, real=0.01 secs] 
397.921: [GC 397.921: [ParNew
Desired survivor size 1703936 bytes, new threshold 4 (max 4)
- age   1:    1179008 bytes,    1179008 total
: 29474K->2062K(30208K), 0.0052390 secs] 171438K->145699K(264652K), 0.0053350 secs] [Times: user=0.02 sys=0.00, real=0.01 secs] 
397.952: [GC 397.952: [ParNew
Desired survivor size 1703936 bytes, new threshold 2 (max 4)
- age   1:    1473856 bytes,    1473856 total
- age   2:    1105096 bytes,    2578952 total
: 28942K->2954K(30208K), 0.0043500 secs] 172579K->146591K(264652K), 0.0044380 secs] [Times: user=0.01 sys=0.00, real=0.01 secs] 
397.986: [GC 397.986: [ParNew
Desired survivor size 1703936 bytes, new threshold 1 (max 4)
- age   1:    1986592 bytes,    1986592 total
- age   2:    1412040 bytes,    3398632 total
: 29834K->3328K(30208K), 0.0072660 secs] 173471K->148196K(264652K), 0.0073690 secs] [Times: user=0.03 sys=0.00, real=0.01 secs] 
398.029: [GC 398.029: [ParNew
Desired survivor size 1703936 bytes, new threshold 4 (max 4)
- age   1:    1347472 bytes,    1347472 total
: 30208K->3014K(30208K), 0.0080890 secs] 175076K->150983K(264652K), 0.0081890 secs] [Times: user=0.03 sys=0.00, real=0.01 secs] 
398.064: [GC 398.064: [ParNew
Desired survivor size 1703936 bytes, new threshold 1 (max 4)
- age   1:    2313992 bytes,    2313992 total
- age   2:    1086304 bytes,    3400296 total
: 29894K->3328K(30208K), 0.0064940 secs] 177863K->152320K(264652K), 0.0066020 secs] [Times: user=0.02 sys=0.00, real=0.00 secs] 
398.106: [GC 398.106: [ParNew
Desired survivor size 1703936 bytes, new threshold 1 (max 4)
- age   1:    2861096 bytes,    2861096 total
: 30208K->3328K(30208K), 0.0141450 secs] 179200K->156706K(264652K), 0.0142780 secs] [Times: user=0.04 sys=0.01, real=0.01 secs] 
398.170: [GC 398.170: [ParNew
Desired survivor size 1703936 bytes, new threshold 1 (max 4)
- age   1:    3276352 bytes,    3276352 total
: 30208K->3328K(30208K), 0.0104870 secs] 183586K->160088K(264652K), 0.0105970 secs] [Times: user=0.03 sys=0.01, real=0.01 secs] 
398.192: [Full GC (System) 398.192: [CMS: 156760K->148830K(234444K), 0.7036590 secs] 173996K->148830K(264652K), [CMS Perm : 53516K->53494K(89244K)], 0.7038950 secs] [Times: user=0.71 sys=0.00, real=0.71 secs] 
398.902: [Full GC (System) 398.902: [CMS: 148830K->148865K(248052K), 0.6012600 secs] 150846K->148865K(279988K), [CMS Perm : 53494K->53491K(89244K)], 0.6014540 secs] [Times: user=0.60 sys=0.00, real=0.61 secs] 
399.506: [Full GC (System) 399.506: [CMS: 148865K->148936K(248244K), 0.6047330 secs] 149750K->148936K(280244K), [CMS Perm : 53491K->53491K(89244K)], 0.6048760 secs] [Times: user=0.61 sys=0.00, real=0.60 secs] 
400.116: [Full GC (System) 400.116: [CMS: 148936K->148540K(248244K), 0.6326910 secs] 151063K->148540K(280244K), [CMS Perm : 53491K->53491K(89244K)], 0.6328300 secs] [Times: user=0.64 sys=0.00, real=0.63 secs] 
400.753: [Full GC (System) 400.754: [CMS: 148540K->148710K(248244K), 0.6148510 secs] 151347K->148710K(280244K), [CMS Perm : 53491K->53491K(89244K)], 0.6149760 secs] [Times: user=0.62 sys=0.00, real=0.61 secs] 
401.377: [Full GC (System) 401.377: [CMS: 148710K->148939K(248244K), 0.6011640 secs] 151190K->148939K(280244K), [CMS Perm : 53494K->53494K(89244K)], 0.6013150 secs] [Times: user=0.60 sys=0.00, real=0.60 secs] 
401.983: [Full GC (System) 401.983: [CMS: 148939K->149064K(248244K), 0.6113990 secs] 151106K->149064K(280244K), [CMS Perm : 53494K->53494K(89244K)], 0.6115840 secs] [Times: user=0.61 sys=0.00, real=0.61 secs] 
402.610: [Full GC (System) 402.610: [CMS: 149064K->148656K(248444K), 0.6061440 secs] 152468K->148656K(280444K), [CMS Perm : 53495K->53491K(89244K)], 0.6062700 secs] [Times: user=0.61 sys=0.00, real=0.61 secs] 
403.247: [Full GC (System) 403.247: [CMS: 148656K->149740K(248444K), 0.6318270 secs] 168460K->149740K(280444K), [CMS Perm : 53499K->53495K(89244K)], 0.6320520 secs] [Times: user=0.63 sys=0.00, real=0.63 secs] 
403.884: [Full GC (System) 403.884: [CMS: 149740K->150333K(249568K), 0.6234830 secs] 152918K->150333K(281760K), [CMS Perm : 53496K->53496K(89244K)], 0.6236770 secs] [Times: user=0.62 sys=0.00, real=0.62 secs] 
404.550: [GC 404.550: [ParNew
Desired survivor size 1835008 bytes, new threshold 1 (max 4)
- age   1:    2683248 bytes,    2683248 total
: 28672K->3584K(32256K), 0.0050900 secs] 179005K->153917K(282812K), 0.0051930 secs] [Times: user=0.02 sys=0.00, real=0.01 secs] 
404.563: [Full GC (System) 404.563: [CMS: 150333K->150802K(250556K), 0.6537630 secs] 160243K->150802K(282812K), [CMS Perm : 53500K->53496K(89244K)], 0.6539820 secs] [Times: user=0.65 sys=0.00, real=0.66 secs] 
405.225: [Full GC (System) 405.225: [CMS: 150802K->151036K(251340K), 0.6079250 secs] 156336K->151036K(283724K), [CMS Perm : 53498K->53498K(89244K)], 0.6080970 secs] [Times: user=0.61 sys=0.00, real=0.60 secs] 
405.839: [Full GC (System) 405.839: [CMS: 151036K->151136K(251732K), 0.7063260 secs] 154121K->151136K(284116K), [CMS Perm : 53498K->53498K(89244K)], 0.7065460 secs] [Times: user=0.71 sys=0.00, real=0.71 secs] 
406.595: [GC 406.595: [ParNew
Desired survivor size 1835008 bytes, new threshold 4 (max 4)
- age   1:    1216904 bytes,    1216904 total
: 28864K->2740K(32448K), 0.0039960 secs] 180000K->153876K(284372K), 0.0041180 secs] [Times: user=0.02 sys=0.00, real=0.00 secs] 
406.600: [Full GC (System) 406.600: [CMS: 151136K->151130K(251924K), 0.7144130 secs] 153944K->151130K(284372K), [CMS Perm : 53504K->53498K(89244K)], 0.7145190 secs] [Times: user=0.72 sys=0.00, real=0.72 secs] 
407.352: [GC 407.352: [ParNew
Desired survivor size 1835008 bytes, new threshold 1 (max 4)
- age   1:    2367968 bytes,    2367968 total
: 28864K->2826K(32448K), 0.0039590 secs] 179994K->153956K(284372K), 0.0040560 secs] [Times: user=0.02 sys=0.00, real=0.01 secs] 
407.389: [Full GC (System) 407.389: [CMS: 151130K->154886K(251924K), 0.6896670 secs] 181915K->154886K(284372K), [CMS Perm : 53502K->53498K(89244K)], 0.6898770 secs] [Times: user=0.69 sys=0.00, real=0.69 secs] 
408.120: [GC 408.120: [ParNew
Desired survivor size 1867776 bytes, new threshold 1 (max 4)
- age   1:    3702952 bytes,    3702952 total
: 29632K->3648K(33280K), 0.0076040 secs] 184518K->159133K(291424K), 0.0077030 secs] [Times: user=0.02 sys=0.00, real=0.01 secs] 
408.135: [Full GC (System) 408.135: [CMS: 155485K->158147K(258144K), 0.6627330 secs] 163458K->158147K(291424K), [CMS Perm : 53505K->53503K(89244K)], 0.6629780 secs] [Times: user=0.66 sys=0.00, real=0.66 secs] 
408.799: [Full GC (System) 408.799: [CMS: 158147K->158153K(263580K), 0.6436080 secs] 158199K->158153K(297564K), [CMS Perm : 53505K->53505K(89244K)], 0.6437720 secs] [Times: user=0.65 sys=0.00, real=0.64 secs] 
409.446: [Full GC (System) 409.446: [CMS: 158153K->159678K(263772K), 0.6454960 secs] 161595K->159678K(297756K), [CMS Perm : 53505K->53505K(89244K)], 0.6457040 secs] [Times: user=0.64 sys=0.01, real=0.64 secs] 
410.100: [Full GC (System) 410.100: [CMS: 159678K->159376K(266132K), 0.7588190 secs] 163563K->159376K(300436K), [CMS Perm : 53506K->53501K(89244K)], 0.7589880 secs] [Times: user=0.75 sys=0.01, real=0.76 secs] 
410.863: [Full GC (System) 410.863: [CMS: 159376K->159533K(266132K), 0.6493190 secs] 161050K->159533K(300436K), [CMS Perm : 53502K->53502K(89244K)], 0.6494640 secs] [Times: user=0.65 sys=0.00, real=0.65 secs] 
411.518: [Full GC (System) 411.518: [CMS: 159533K->159564K(266132K), 0.7422980 secs] 161479K->159564K(300436K), [CMS Perm : 53505K->53504K(89244K)], 0.7424180 secs] [Times: user=0.73 sys=0.01, real=0.74 secs] 
412.272: [Full GC (System) 412.272: [CMS: 159564K->159791K(266132K), 0.6728660 secs] 165743K->159791K(300436K), [CMS Perm : 53505K->53502K(89244K)], 0.6730590 secs] [Times: user=0.67 sys=0.00, real=0.67 secs] 
412.946: [Full GC (System) 412.946: [CMS: 159791K->159906K(266324K), 0.6348980 secs] 160115K->159906K(300628K), [CMS Perm : 53502K->53502K(89244K)], 0.6350690 secs] [Times: user=0.64 sys=0.00, real=0.63 secs] 
413.596: [Full GC (System) 413.596: [CMS: 159906K->160448K(266516K), 0.6701430 secs] 168731K->160448K(300820K), [CMS Perm : 53503K->53502K(89244K)], 0.6703880 secs] [Times: user=0.67 sys=0.00, real=0.67 secs] 
414.268: [Full GC (System) 414.269: [CMS: 160448K->160458K(267416K), 0.6533910 secs] 160716K->160458K(301848K), [CMS Perm : 53502K->53502K(89244K)], 0.6535680 secs] [Times: user=0.66 sys=0.00, real=0.65 secs] 
414.926: [Full GC (System) 414.926: [CMS: 160458K->160547K(267608K), 0.6537790 secs] 162881K->160547K(302104K), [CMS Perm : 53503K->53502K(89244K)], 0.6539010 secs] [Times: user=0.65 sys=0.00, real=0.65 secs] 
415.585: [Full GC (System) 415.585: [CMS: 160547K->160811K(267608K), 0.6559250 secs] 164172K->160811K(302104K), [CMS Perm : 53508K->53506K(89244K)], 0.6561040 secs] [Times: user=0.66 sys=0.00, real=0.65 secs] 
416.272: [Full GC (System) 416.272: [CMS: 160811K->163243K(268020K), 0.6722890 secs] 185626K->163243K(302580K), [CMS Perm : 53510K->53502K(89244K)], 0.6725070 secs] [Times: user=0.66 sys=0.01, real=0.67 secs] 
416.946: [Full GC (System) 416.946: [CMS: 163243K->163313K(272076K), 0.6580420 secs] 163423K->163313K(307148K), [CMS Perm : 53502K->53502K(89244K)], 0.6582390 secs] [Times: user=0.66 sys=0.00, real=0.65 secs] 
417.608: [Full GC (System) 417.608: [CMS: 163313K->163439K(272268K), 0.6928110 secs] 165066K->163439K(307340K), [CMS Perm : 53502K->53502K(89244K)], 0.6930130 secs] [Times: user=0.68 sys=0.01, real=0.69 secs] 
418.313: [Full GC (System) 418.313: [CMS: 163439K->168083K(272460K), 0.7194270 secs] 175258K->168083K(307596K), [CMS Perm : 53502K->53502K(89244K)], 0.7196510 secs] [Times: user=0.72 sys=0.00, real=0.72 secs] 
419.034: [Full GC (System) 419.034: [CMS: 168083K->168111K(280140K), 0.6653270 secs] 168321K->168111K(316236K), [CMS Perm : 53502K->53502K(89244K)], 0.6655420 secs] [Times: user=0.67 sys=0.00, real=0.67 secs] 
419.702: [Full GC (System) 419.702: [CMS: 168111K->168202K(280332K), 0.6787050 secs] 168600K->168202K(316428K), [CMS Perm : 53502K->53502K(89244K)], 0.6789070 secs] [Times: user=0.68 sys=0.00, real=0.68 secs] 
420.385: [Full GC (System) 420.386: [CMS: 168202K->168261K(280524K), 0.7023030 secs] 169926K->168261K(316684K), [CMS Perm : 53502K->53502K(89244K)], 0.7024240 secs] [Times: user=0.70 sys=0.00, real=0.71 secs] 
421.095: [Full GC (System) 421.095: [CMS: 168261K->167858K(280524K), 0.6904970 secs] 172527K->167858K(316684K), [CMS Perm : 53502K->53502K(89244K)], 0.6906460 secs] [Times: user=0.69 sys=0.00, real=0.70 secs] 
421.788: [Full GC (System) 421.788: [CMS: 167858K->167973K(280524K), 0.6912520 secs] 169341K->167973K(316684K), [CMS Perm : 53506K->53506K(89244K)], 0.6913620 secs] [Times: user=0.69 sys=0.00, real=0.69 secs] 
422.481: [Full GC (System) 422.481: [CMS: 167973K->168003K(280524K), 0.6649140 secs] 168225K->168003K(316684K), [CMS Perm : 53506K->53506K(89244K)], 0.6650400 secs] [Times: user=0.67 sys=0.00, real=0.67 secs] 
423.147: [Full GC (System) 423.147: [CMS: 168003K->168053K(280524K), 0.6926740 secs] 168364K->168053K(316684K), [CMS Perm : 53506K->53506K(89244K)], 0.6927870 secs] [Times: user=0.69 sys=0.00, real=0.69 secs] 
423.845: [Full GC (System) 423.845: [CMS: 168053K->168091K(280524K), 0.7029170 secs] 171051K->168091K(316684K), [CMS Perm : 53506K->53506K(89244K)], 0.7030330 secs] [Times: user=0.69 sys=0.00, real=0.71 secs] 
424.548: [Full GC (System) 424.548: [CMS: 168091K->168088K(280524K), 0.6910400 secs] 168103K->168088K(316684K), [CMS Perm : 53506K->53506K(89244K)], 0.6911590 secs] [Times: user=0.69 sys=0.00, real=0.69 secs] 
425.240: [Full GC (System) 425.240: [CMS: 168088K->168089K(280524K), 0.6562220 secs] 168132K->168089K(316684K), [CMS Perm : 53506K->53506K(89244K)], 0.6563350 secs] [Times: user=0.66 sys=0.00, real=0.65 secs] 
425.904: [Full GC (System) 425.904: [CMS: 168089K->168373K(280524K), 0.7156990 secs] 172164K->168373K(316684K), [CMS Perm : 53507K->53506K(89244K)], 0.7158920 secs] [Times: user=0.73 sys=0.00, real=0.72 secs] 
426.621: [Full GC (System) 426.621: [CMS: 168373K->168167K(280716K), 0.6860900 secs] 168390K->168167K(316876K), [CMS Perm : 53506K->53502K(89244K)], 0.6862220 secs] [Times: user=0.69 sys=0.00, real=0.69 secs] 
427.317: [Full GC (System) 427.318: [CMS: 168167K->168235K(280716K), 0.7176480 secs] 177921K->168235K(316876K), [CMS Perm : 53503K->53502K(89244K)], 0.7177700 secs] [Times: user=0.72 sys=0.00, real=0.71 secs] 
428.038: [Full GC (System) 428.038: [CMS: 168235K->168270K(280716K), 0.6858550 secs] 168803K->168270K(316876K), [CMS Perm : 53502K->53502K(89244K)], 0.6859930 secs] [Times: user=0.68 sys=0.00, real=0.68 secs] 
428.729: [Full GC (System) 428.729: [CMS: 168270K->168487K(280716K), 0.6996470 secs] 170837K->168487K(316876K), [CMS Perm : 53507K->53507K(89244K)], 0.6998230 secs] [Times: user=0.70 sys=0.00, real=0.70 secs] 
429.430: [Full GC (System) 429.431: [CMS: 168487K->168518K(280908K), 0.6720040 secs] 168646K->168518K(317132K), [CMS Perm : 53507K->53507K(89244K)], 0.6721150 secs] [Times: user=0.67 sys=0.00, real=0.67 secs] 
430.108: [Full GC (System) 430.108: [CMS: 168518K->168489K(280908K), 0.7110030 secs] 170155K->168489K(317132K), [CMS Perm : 53508K->53504K(89244K)], 0.7111860 secs] [Times: user=0.71 sys=0.00, real=0.71 secs] 
430.869: [GC 430.870: [ParNew
Desired survivor size 2031616 bytes, new threshold 1 (max 4)
- age   1:    3612200 bytes,    3612200 total
: 32256K->3968K(36224K), 0.0063540 secs] 200745K->172630K(317132K), 0.0065190 secs] [Times: user=0.02 sys=0.00, real=0.00 secs] 
430.904: [GC 430.904: [ParNew
Desired survivor size 2031616 bytes, new threshold 1 (max 4)
- age   1:    4063112 bytes,    4063112 total
: 36224K->3968K(36224K), 0.0159330 secs] 204886K->177644K(317132K), 0.0160580 secs] [Times: user=0.06 sys=0.00, real=0.02 secs] 
430.960: [GC 430.961: [ParNew
Desired survivor size 2031616 bytes, new threshold 4 (max 4)
- age   1:     263656 bytes,     263656 total
: 36224K->3838K(36224K), 0.0137500 secs] 209900K->181657K(317132K), 0.0138490 secs] [Times: user=0.04 sys=0.00, real=0.01 secs] 
431.005: [Full GC (System) 431.005: [CMS: 177818K->174637K(280908K), 0.8192330 secs] 212710K->174637K(317132K), [CMS Perm : 53520K->53509K(89244K)], 0.8195200 secs] [Times: user=0.82 sys=0.00, real=0.82 secs] 
431.869: [GC 431.869: [ParNew
Desired survivor size 2129920 bytes, new threshold 4 (max 4)
- age   1:    1403616 bytes,    1403616 total
: 33280K->1763K(37440K), 0.0047440 secs] 207917K->176401K(328504K), 0.0048280 secs] [Times: user=0.02 sys=0.00, real=0.00 secs] 
431.875: [Full GC (System) 431.875: [CMS: 174637K->175150K(291064K), 0.8100380 secs] 176647K->175150K(328504K), [CMS Perm : 53515K->53512K(89244K)], 0.8102340 secs] [Times: user=0.81 sys=0.00, real=0.81 secs] 
432.721: [Full GC (System) 432.721: [CMS: 175150K->175600K(291920K), 0.7310000 secs] 203272K->175600K(329488K), [CMS Perm : 53524K->53516K(89244K)], 0.7311930 secs] [Times: user=0.73 sys=0.00, real=0.73 secs] 
433.452: [Full GC (System) 433.452: [CMS: 175600K->175566K(292668K), 0.7121110 secs] 175626K->175566K(330364K), [CMS Perm : 53516K->53516K(89244K)], 0.7122200 secs] [Times: user=0.71 sys=0.00, real=0.71 secs] 
434.197: [GC 434.197: [ParNew
Desired survivor size 2129920 bytes, new threshold 4 (max 4)
- age   1:    1098256 bytes,    1098256 total
: 33536K->1599K(37696K), 0.0041480 secs] 209102K->177166K(330364K), 0.0042230 secs] [Times: user=0.00 sys=0.00, real=0.01 secs] 
434.209: [Full GC (System) 434.209: [CMS: 175566K->175570K(292668K), 0.7233130 secs] 184952K->175570K(330364K), [CMS Perm : 53522K->53513K(89244K)], 0.7234320 secs] [Times: user=0.73 sys=0.00, real=0.72 secs] 
434.950: [Full GC (System) 434.950: [CMS: 175570K->175656K(292668K), 0.7621920 secs] 195748K->175656K(330364K), [CMS Perm : 53513K->53513K(89244K)], 0.7623770 secs] [Times: user=0.76 sys=0.00, real=0.76 secs] 
435.734: [Full GC (System) 435.734: [CMS: 175656K->175747K(292860K), 0.7238590 secs] 188991K->175747K(330556K), [CMS Perm : 53514K->53513K(89244K)], 0.7240940 secs] [Times: user=0.73 sys=0.00, real=0.73 secs] 
436.459: [Full GC (System) 436.459: [CMS: 175747K->175795K(293052K), 0.7086470 secs] 175980K->175795K(330812K), [CMS Perm : 53513K->53513K(89244K)], 0.7087600 secs] [Times: user=0.71 sys=0.00, real=0.70 secs] 
437.188: [Full GC (System) 437.188: [CMS: 175795K->175664K(293052K), 0.7589620 secs] 198454K->175664K(330812K), [CMS Perm : 53518K->53513K(89244K)], 0.7590850 secs] [Times: user=0.76 sys=0.00, real=0.76 secs] 
437.948: [Full GC (System) 437.948: [CMS: 175664K->175651K(293052K), 0.7184150 secs] 175814K->175651K(330812K), [CMS Perm : 53513K->53513K(89244K)], 0.7185260 secs] [Times: user=0.72 sys=0.00, real=0.72 secs] 
438.669: [Full GC (System) 438.669: [CMS: 175651K->175690K(293052K), 0.7283760 secs] 176235K->175690K(330812K), [CMS Perm : 53513K->53513K(89244K)], 0.7284870 secs] [Times: user=0.73 sys=0.00, real=0.72 secs] 
439.410: [Full GC (System) 439.410: [CMS: 175690K->175887K(293052K), 0.7347350 secs] 185010K->175887K(330812K), [CMS Perm : 53514K->53513K(89244K)], 0.7349180 secs] [Times: user=0.73 sys=0.00, real=0.73 secs] 
440.146: [Full GC (System) 440.146: [CMS: 175887K->175894K(293244K), 0.6840460 secs] 175968K->175894K(331004K), [CMS Perm : 53513K->53513K(89244K)], 0.6841540 secs] [Times: user=0.68 sys=0.00, real=0.69 secs] 
440.831: [Full GC (System) 440.831: [CMS: 175894K->175914K(293244K), 0.7007250 secs] 175931K->175914K(331004K), [CMS Perm : 53513K->53513K(89244K)], 0.7008910 secs] [Times: user=0.70 sys=0.00, real=0.70 secs] 
441.534: [Full GC (System) 441.535: [CMS: 175914K->175915K(293244K), 0.6981140 secs] 176012K->175915K(331004K), [CMS Perm : 53513K->53513K(89244K)], 0.6982200 secs] [Times: user=0.70 sys=0.00, real=0.70 secs] 
442.251: [Full GC (System) 442.251: [CMS: 175915K->175968K(293244K), 0.7344980 secs] 190198K->175968K(331004K), [CMS Perm : 53514K->53513K(89244K)], 0.7346890 secs] [Times: user=0.73 sys=0.00, real=0.73 secs] 
442.988: [Full GC (System) 442.988: [CMS: 175968K->175865K(293436K), 0.7086950 secs] 176309K->175865K(331260K), [CMS Perm : 53514K->53514K(89244K)], 0.7088050 secs] [Times: user=0.71 sys=0.00, real=0.71 secs] 
443.715: [Full GC (System) 443.715: [CMS: 175865K->176115K(293436K), 0.7435400 secs] 191608K->176115K(331260K), [CMS Perm : 53515K->53514K(89244K)], 0.7437220 secs] [Times: user=0.74 sys=0.01, real=0.74 secs] 
444.461: [Full GC (System) 444.461: [CMS: 176115K->176105K(293628K), 0.6882090 secs] 176237K->176105K(331452K), [CMS Perm : 53514K->53514K(89244K)], 0.6883190 secs] [Times: user=0.69 sys=0.00, real=0.68 secs] 
445.151: [Full GC (System) 445.151: [CMS: 176105K->176171K(293628K), 0.7105950 secs] 177109K->176171K(331452K), [CMS Perm : 53515K->53514K(89244K)], 0.7107090 secs] [Times: user=0.71 sys=0.00, real=0.71 secs] 
445.881: [Full GC (System) 445.881: [CMS: 176171K->176352K(293628K), 0.7380020 secs] 189762K->176352K(331452K), [CMS Perm : 53517K->53515K(89244K)], 0.7382850 secs] [Times: user=0.74 sys=0.00, real=0.73 secs] 
446.659: [GC 446.659: [ParNew
Desired survivor size 2129920 bytes, new threshold 1 (max 4)
- age   1:    3082592 bytes,    3082592 total
: 33728K->3405K(37888K), 0.0064010 secs] 210080K->179758K(331812K), 0.0065650 secs] [Times: user=0.02 sys=0.00, real=0.01 secs] 
446.681: [Full GC (System) 446.681: [CMS: 176352K->177687K(293924K), 0.8272410 secs] 186735K->177687K(331812K), [CMS Perm : 53530K->53518K(89244K)], 0.8274450 secs] [Times: user=0.81 sys=0.01, real=0.82 secs] 
447.555: [Full GC (System) 447.555: [CMS: 177687K->176623K(296148K), 0.8445350 secs] 205935K->176623K(334292K), [CMS Perm : 53530K->53517K(89244K)], 0.8446650 secs] [Times: user=0.84 sys=0.00, real=0.84 secs] 
448.443: [GC 448.443: [ParNew
Desired survivor size 2162688 bytes, new threshold 4 (max 4)
- age   1:    2081616 bytes,    2081616 total
: 33920K->2530K(38144K), 0.0083260 secs] 210543K->179153K(334292K), 0.0084200 secs] [Times: user=0.01 sys=0.00, real=0.01 secs] 
448.455: [Full GC (System) 448.455: [CMS: 176623K->177200K(296148K), 0.7562790 secs] 183628K->177200K(334292K), [CMS Perm : 53525K->53521K(89244K)], 0.7563880 secs] [Times: user=0.75 sys=0.00, real=0.76 secs] 
449.215: [Full GC (System) 449.215: [CMS: 177200K->176988K(296148K), 0.7437990 secs] 177605K->176988K(334292K), [CMS Perm : 53521K->53518K(89244K)], 0.7439340 secs] [Times: user=0.74 sys=0.00, real=0.74 secs] 
449.966: [Full GC (System) 449.966: [CMS: 176988K->177130K(296148K), 0.7638520 secs] 182827K->177130K(334292K), [CMS Perm : 53519K->53517K(89244K)], 0.7640470 secs] [Times: user=0.76 sys=0.00, real=0.76 secs] 
450.731: [Full GC (System) 450.731: [CMS: 177130K->177132K(296148K), 0.7050890 secs] 177306K->177132K(334292K), [CMS Perm : 53518K->53518K(89244K)], 0.7052000 secs] [Times: user=0.71 sys=0.00, real=0.70 secs] 
451.471: [GC 451.471: [ParNew
Desired survivor size 2162688 bytes, new threshold 4 (max 4)
- age   1:    1466104 bytes,    1466104 total
: 33920K->2141K(38144K), 0.0039100 secs] 211052K->179274K(334292K), 0.0040240 secs] [Times: user=0.02 sys=0.00, real=0.00 secs] 
451.482: [Full GC (System) 451.482: [CMS: 177132K->177959K(296148K), 0.7303990 secs] 185995K->177959K(334292K), [CMS Perm : 53526K->53517K(89244K)], 0.7305890 secs] [Times: user=0.73 sys=0.00, real=0.73 secs] 
452.241: [GC 452.241: [ParNew
Desired survivor size 2162688 bytes, new threshold 1 (max 4)
- age   1:    2227016 bytes,    2227016 total
: 33984K->3218K(38208K), 0.0041370 secs] 211943K->181177K(334808K), 0.0042300 secs] [Times: user=0.02 sys=0.00, real=0.00 secs] 
452.275: [GC 452.275: [ParNew
Desired survivor size 2162688 bytes, new threshold 4 (max 4)
- age   1:    1278376 bytes,    1278376 total
: 37202K->2541K(38208K), 0.0064000 secs] 215161K->182657K(334808K), 0.0064940 secs] [Times: user=0.02 sys=0.00, real=0.01 secs] 
452.330: [Full GC (System) 452.330: [CMS: 180116K->178447K(296600K), 0.8526490 secs] 212106K->178447K(334808K), [CMS Perm : 53524K->53519K(89244K)], 0.8528520 secs] [Times: user=0.86 sys=0.00, real=0.86 secs] 
453.239: [Full GC (System) 453.239: [CMS: 178447K->178246K(297412K), 0.7756530 secs] 201634K->178246K(335684K), [CMS Perm : 53520K->53517K(89244K)], 0.7757770 secs] [Times: user=0.77 sys=0.00, real=0.78 secs] 
454.065: [GC 454.065: [ParNew
Desired survivor size 2162688 bytes, new threshold 1 (max 4)
- age   1:    3698240 bytes,    3698240 total
: 34048K->3936K(38272K), 0.0060660 secs] 212294K->182182K(335684K), 0.0061730 secs] [Times: user=0.02 sys=0.00, real=0.01 secs] 
454.110: [GC 454.110: [ParNew
Desired survivor size 2162688 bytes, new threshold 4 (max 4)
- age   1:     790584 bytes,     790584 total
: 37984K->2946K(38272K), 0.0080940 secs] 216230K->184908K(335684K), 0.0081950 secs] [Times: user=0.02 sys=0.01, real=0.01 secs] 
454.145: [GC 454.145: [ParNew
Desired survivor size 2162688 bytes, new threshold 4 (max 4)
- age   1:    1286008 bytes,    1286008 total
- age   2:     599816 bytes,    1885824 total
: 36994K->2089K(38272K), 0.0036720 secs] 218956K->184052K(335684K), 0.0037540 secs] [Times: user=0.01 sys=0.00, real=0.00 secs] 
454.182: [GC 454.182: [ParNew
Desired survivor size 2162688 bytes, new threshold 3 (max 4)
- age   1:     814064 bytes,     814064 total
- age   2:    1174672 bytes,    1988736 total
- age   3:     515032 bytes,    2503768 total
: 36137K->3614K(38272K), 0.0041380 secs] 218100K->185577K(335684K), 0.0042400 secs] [Times: user=0.01 sys=0.00, real=0.00 secs] 
454.221: [GC 454.221: [ParNew
Desired survivor size 2162688 bytes, new threshold 2 (max 4)
- age   1:    2137592 bytes,    2137592 total
- age   2:     711792 bytes,    2849384 total
- age   3:     723552 bytes,    3572936 total
: 37662K->4224K(38272K), 0.0054670 secs] 219625K->186466K(335684K), 0.0055650 secs] [Times: user=0.02 sys=0.01, real=0.01 secs] 
454.277: [GC 454.277: [ParNew
Desired survivor size 2162688 bytes, new threshold 2 (max 4)
- age   1:    1928832 bytes,    1928832 total
- age   2:    1645360 bytes,    3574192 total
: 38272K->4224K(38272K), 0.0090340 secs] 220514K->187421K(335684K), 0.0091320 secs] [Times: user=0.02 sys=0.00, real=0.01 secs] 
454.325: [GC 454.325: [ParNew
Desired survivor size 2162688 bytes, new threshold 1 (max 4)
- age   1:    2844264 bytes,    2844264 total
- age   2:    1332872 bytes,    4177136 total
: 38272K->4224K(38272K), 0.0202280 secs] 221469K->189295K(335684K), 0.0203220 secs] [Times: user=0.04 sys=0.01, real=0.02 secs] 
454.380: [GC 454.380: [ParNew
Desired survivor size 2162688 bytes, new threshold 4 (max 4)
- age   1:     909872 bytes,     909872 total
: 38272K->3912K(38272K), 0.0147400 secs] 223343K->193343K(335684K), 0.0148380 secs] [Times: user=0.03 sys=0.00, real=0.02 secs] 
454.425: [GC 454.425: [ParNew
Desired survivor size 2162688 bytes, new threshold 4 (max 4)
- age   1:     359088 bytes,     359088 total
- age   2:     839968 bytes,    1199056 total
: 37960K->1516K(38272K), 0.0055590 secs] 227391K->190947K(335684K), 0.0056310 secs] [Times: user=0.01 sys=0.00, real=0.00 secs] 
454.460: [GC 454.460: [ParNew
Desired survivor size 2162688 bytes, new threshold 4 (max 4)
- age   1:     526184 bytes,     526184 total
- age   2:     292120 bytes,     818304 total
- age   3:     839968 bytes,    1658272 total
: 35564K->2332K(38272K), 0.0051620 secs] 224995K->191764K(335684K), 0.0052360 secs] [Times: user=0.01 sys=0.00, real=0.01 secs] 
454.487: [GC 454.487: [ParNew
Desired survivor size 2162688 bytes, new threshold 4 (max 4)
- age   1:      79248 bytes,      79248 total
- age   2:     507528 bytes,     586776 total
- age   3:     292120 bytes,     878896 total
- age   4:     839968 bytes,    1718864 total
: 36380K->2259K(38272K), 0.0046330 secs] 225812K->191690K(335684K), 0.0047080 secs] [Times: user=0.01 sys=0.00, real=0.01 secs] 
454.518: [GC 454.518: [ParNew
Desired survivor size 2162688 bytes, new threshold 3 (max 4)
- age   1:    1622552 bytes,    1622552 total
- age   2:      59816 bytes,    1682368 total
- age   3:     507528 bytes,    2189896 total
- age   4:     292120 bytes,    2482016 total
: 36307K->3679K(38272K), 0.0127790 secs] 225738K->193956K(335684K), 0.0128680 secs] [Times: user=0.03 sys=0.00, real=0.01 secs] 
454.572: [GC 454.572: [ParNew
Desired survivor size 2162688 bytes, new threshold 2 (max 4)
- age   1:    1244400 bytes,    1244400 total
- age   2:    1450104 bytes,    2694504 total
- age   3:      59816 bytes,    2754320 total
: 37727K->3896K(38272K), 0.0124340 secs] 228004K->194993K(335684K), 0.0125280 secs] [Times: user=0.03 sys=0.00, real=0.01 secs] 
454.631: [GC 454.631: [ParNew
Desired survivor size 2162688 bytes, new threshold 1 (max 4)
- age   1:    2638760 bytes,    2638760 total
- age   2:    1163768 bytes,    3802528 total
: 37944K->4224K(38272K), 0.0175360 secs] 229041K->197114K(335684K), 0.0176340 secs] [Times: user=0.05 sys=0.00, real=0.02 secs] 
454.690: [GC 454.690: [ParNew
Desired survivor size 2162688 bytes, new threshold 4 (max 4)
- age   1:     212768 bytes,     212768 total
: 38272K->3428K(38272K), 0.0094300 secs] 231162K->200242K(335684K), 0.0095290 secs] [Times: user=0.02 sys=0.00, real=0.01 secs] 
454.730: [GC 454.730: [ParNew
Desired survivor size 2162688 bytes, new threshold 4 (max 4)
- age   1:     718608 bytes,     718608 total
- age   2:     182528 bytes,     901136 total
: 37476K->912K(38272K), 0.0050340 secs] 234290K->197725K(335684K), 0.0051200 secs] [Times: user=0.01 sys=0.00, real=0.01 secs] 
454.761: [GC 454.762: [ParNew
Desired survivor size 2162688 bytes, new threshold 4 (max 4)
- age   1:    1226352 bytes,    1226352 total
- age   2:     715176 bytes,    1941528 total
- age   3:     166120 bytes,    2107648 total
: 34960K->2616K(38272K), 0.0059720 secs] 231773K->199430K(335684K), 0.0060530 secs] [Times: user=0.01 sys=0.00, real=0.00 secs] 
454.799: [GC 454.799: [ParNew
Desired survivor size 2162688 bytes, new threshold 3 (max 4)
- age   1:     940536 bytes,     940536 total
- age   2:    1205288 bytes,    2145824 total
- age   3:     715176 bytes,    2861000 total
- age   4:     153056 bytes,    3014056 total
: 36664K->3523K(38272K), 0.0084020 secs] 233478K->200337K(335684K), 0.0084860 secs] [Times: user=0.02 sys=0.00, real=0.01 secs] 
454.849: [GC 454.849: [ParNew
Desired survivor size 2162688 bytes, new threshold 3 (max 4)
- age   1:     689512 bytes,     689512 total
- age   2:     860200 bytes,    1549712 total
- age   3:    1205288 bytes,    2755000 total
: 37571K->4224K(38272K), 0.0080040 secs] 234385K->201937K(335684K), 0.0081040 secs] [Times: user=0.02 sys=0.00, real=0.01 secs] 
454.885: [GC 454.886: [ParNew
Desired survivor size 2162688 bytes, new threshold 4 (max 4)
- age   1:     382664 bytes,     382664 total
- age   2:     581024 bytes,     963688 total
- age   3:     860200 bytes,    1823888 total
: 38272K->3349K(38272K), 0.0075520 secs] 235985K->202323K(335684K), 0.0076420 secs] [Times: user=0.02 sys=0.00, real=0.01 secs] 
454.917: [GC 454.917: [ParNew
Desired survivor size 2162688 bytes, new threshold 4 (max 4)
- age   1:    1036424 bytes,    1036424 total
- age   2:     363624 bytes,    1400048 total
- age   3:     581024 bytes,    1981072 total
- age   4:     860200 bytes,    2841272 total
: 37397K->3344K(38272K), 0.0059870 secs] 236371K->202318K(335684K), 0.0060710 secs] [Times: user=0.02 sys=0.00, real=0.01 secs] 
454.949: [GC 454.949: [ParNew
Desired survivor size 2162688 bytes, new threshold 4 (max 4)
- age   1:     774400 bytes,     774400 total
- age   2:    1007480 bytes,    1781880 total
- age   3:     363528 bytes,    2145408 total
- age   4:     581024 bytes,    2726432 total
: 37392K->4224K(38272K), 0.0074620 secs] 236366K->204092K(335684K), 0.0075580 secs] [Times: user=0.02 sys=0.00, real=0.01 secs] 
455.004: [GC 455.004: [ParNew
Desired survivor size 2162688 bytes, new threshold 2 (max 4)
- age   1:    1512752 bytes,    1512752 total
- age   2:     691128 bytes,    2203880 total
- age   3:     981704 bytes,    3185584 total
- age   4:     350464 bytes,    3536048 total
: 38272K->3901K(38272K), 0.0081020 secs] 238140K->204380K(335684K), 0.0082040 secs] [Times: user=0.03 sys=0.00, real=0.01 secs] 
455.052: [GC 455.053: [ParNew
Desired survivor size 2162688 bytes, new threshold 2 (max 4)
- age   1:    1128232 bytes,    1128232 total
- age   2:    1377904 bytes,    2506136 total
: 37949K->4050K(38272K), 0.0076270 secs] 238428K->206654K(335684K), 0.0077400 secs] [Times: user=0.03 sys=0.00, real=0.00 secs] 
455.103: [GC 455.103: [ParNew
Desired survivor size 2162688 bytes, new threshold 4 (max 4)
- age   1:     605480 bytes,     605480 total
- age   2:     928488 bytes,    1533968 total
: 38098K->2645K(38272K), 0.0057450 secs] 240702K->206708K(335684K), 0.0058410 secs] [Times: user=0.02 sys=0.00, real=0.00 secs] 
455.164: [GC 455.164: [ParNew
Desired survivor size 2162688 bytes, new threshold 4 (max 4)
- age   1:     739904 bytes,     739904 total
- age   2:     427408 bytes,    1167312 total
- age   3:     928328 bytes,    2095640 total
: 36693K->2792K(38272K), 0.0036760 secs] 240756K->206855K(335684K), 0.0037630 secs] [Times: user=0.01 sys=0.00, real=0.00 secs] 
455.209: [GC 455.209: [ParNew
Desired survivor size 2162688 bytes, new threshold 3 (max 4)
- age   1:    1501792 bytes,    1501792 total
- age   2:     423048 bytes,    1924840 total
- age   3:     426696 bytes,    2351536 total
- age   4:     914664 bytes,    3266200 total
: 36840K->4224K(38272K), 0.0043280 secs] 240903K->208287K(335684K), 0.0044330 secs] [Times: user=0.02 sys=0.00, real=0.01 secs] 
455.328: [GC 455.328: [ParNew
Desired survivor size 2162688 bytes, new threshold 2 (max 4)
- age   1:    1389624 bytes,    1389624 total
- age   2:    1283392 bytes,    2673016 total
- age   3:     421848 bytes,    3094864 total
: 38267K->4087K(38272K), 0.0063200 secs] 242330K->209550K(335684K), 0.0064170 secs] [Times: user=0.02 sys=0.00, real=0.01 secs] 
455.353: [Full GC (System) 455.353: [CMS: 205462K->179793K(297412K), 0.8597350 secs] 211060K->179793K(335684K), [CMS Perm : 53541K->53523K(89244K)], 0.8599390 secs] [Times: user=0.86 sys=0.00, real=0.86 secs] 
456.220: [Full GC (System) 456.220: [CMS: 179793K->180102K(299656K), 0.7414470 secs] 183874K->180102K(338248K), [CMS Perm : 53523K->53523K(89244K)], 0.7416470 secs] [Times: user=0.74 sys=0.00, real=0.74 secs] 
456.967: [Full GC (System) 456.967: [CMS: 180102K->180098K(300172K), 0.7130430 secs] 181892K->180098K(338828K), [CMS Perm : 53523K->53523K(89244K)], 0.7142470 secs] [Times: user=0.71 sys=0.00, real=0.71 secs] 
457.685: [Full GC (System) 457.685: [CMS: 180098K->180166K(300172K), 0.7127000 secs] 180790K->180166K(338828K), [CMS Perm : 53523K->53523K(89244K)], 0.7128750 secs] [Times: user=0.71 sys=0.00, real=0.71 secs] 
458.402: [Full GC (System) 458.402: [CMS: 180166K->180051K(300364K), 0.7126460 secs] 181294K->180051K(339020K), [CMS Perm : 53523K->53523K(89244K)], 0.7127630 secs] [Times: user=0.71 sys=0.00, real=0.72 secs] 
459.119: [Full GC (System) 459.119: [CMS: 180051K->180103K(300364K), 0.7714760 secs] 181775K->180103K(339020K), [CMS Perm : 53523K->53523K(89244K)], 0.7716240 secs] [Times: user=0.78 sys=0.00, real=0.77 secs] 
459.896: [Full GC (System) 459.896: [CMS: 180103K->180134K(300364K), 0.8260790 secs] 182247K->180134K(339020K), [CMS Perm : 53524K->53524K(89244K)], 0.8261980 secs] [Times: user=0.83 sys=0.00, real=0.83 secs] 
460.727: [Full GC (System) 460.727: [CMS: 180134K->180261K(300364K), 0.7387580 secs] 182419K->180261K(339020K), [CMS Perm : 53527K->53523K(89244K)], 0.7389460 secs] [Times: user=0.74 sys=0.00, real=0.74 secs] 
461.469: [Full GC (System) 461.469: [CMS: 180261K->180415K(300556K), 0.7093310 secs] 181364K->180415K(339212K), [CMS Perm : 53523K->53523K(89244K)], 0.7095100 secs] [Times: user=0.71 sys=0.00, real=0.71 secs] 
462.183: [Full GC (System) 462.183: [CMS: 180415K->180369K(300748K), 0.7158810 secs] 182831K->180369K(339468K), [CMS Perm : 53523K->53523K(89244K)], 0.7160210 secs] [Times: user=0.71 sys=0.00, real=0.71 secs] 
462.902: [Full GC (System) 462.902: [CMS: 180369K->180234K(300748K), 0.7193230 secs] 181240K->180234K(339468K), [CMS Perm : 53523K->53523K(89244K)], 0.7194350 secs] [Times: user=0.72 sys=0.00, real=0.71 secs] 
463.626: [Full GC (System) 463.626: [CMS: 180234K->180341K(300748K), 0.7774070 secs] 181949K->180341K(339468K), [CMS Perm : 53523K->53523K(89244K)], 0.7775340 secs] [Times: user=0.77 sys=0.00, real=0.78 secs] 
464.410: [Full GC (System) 464.410: [CMS: 180341K->180408K(300748K), 0.7158980 secs] 183638K->180408K(339468K), [CMS Perm : 53523K->53523K(89244K)], 0.7160200 secs] [Times: user=0.72 sys=0.00, real=0.72 secs] 
465.127: [Full GC (System) 465.127: [CMS: 180408K->180404K(300748K), 0.7009740 secs] 180992K->180404K(339468K), [CMS Perm : 53523K->53523K(89244K)], 0.7010880 secs] [Times: user=0.70 sys=0.00, real=0.70 secs] 
465.829: [Full GC (System) 465.829: [CMS: 180404K->180417K(300748K), 0.6946560 secs] 180433K->180417K(339468K), [CMS Perm : 53523K->53523K(89244K)], 0.6947690 secs] [Times: user=0.70 sys=0.00, real=0.70 secs] 
466.526: [Full GC (System) 466.526: [CMS: 180417K->180462K(300748K), 0.6943970 secs] 180702K->180462K(339468K), [CMS Perm : 53523K->53523K(89244K)], 0.6945870 secs] [Times: user=0.69 sys=0.00, real=0.69 secs] 
467.224: [Full GC (System) 467.224: [CMS: 180462K->180554K(300940K), 0.7157310 secs] 181731K->180554K(339660K), [CMS Perm : 53523K->53523K(89244K)], 0.7166780 secs] [Times: user=0.72 sys=0.00, real=0.71 secs] 
467.969: [Full GC (System) 467.969: [CMS: 180554K->159050K(300940K), 0.7779480 secs] 194840K->159050K(339660K), [CMS Perm : 53527K->53526K(89244K)], 0.7780730 secs] [Times: user=0.78 sys=0.00, real=0.78 secs] 
468.748: [Full GC (System) 468.748: [CMS: 159050K->159053K(300940K), 0.6235120 secs] 159063K->159053K(339660K), [CMS Perm : 53526K->53526K(89244K)], 0.6236250 secs] [Times: user=0.62 sys=0.00, real=0.62 secs] 
469.372: [Full GC (System) 469.372: [CMS: 159053K->159040K(300940K), 0.6231010 secs] 159182K->159040K(339660K), [CMS Perm : 53526K->53526K(89244K)], 0.6232070 secs] [Times: user=0.62 sys=0.00, real=0.63 secs] 
469.996: [Full GC (System) 469.996: [CMS: 159040K->159040K(300940K), 0.6235970 secs] 159061K->159040K(339660K), [CMS Perm : 53526K->53526K(89244K)], 0.6237140 secs] [Times: user=0.62 sys=0.00, real=0.62 secs] 
470.624: [Full GC (System) 470.624: [CMS: 159040K->159145K(300940K), 0.6393960 secs] 160749K->159145K(339660K), [CMS Perm : 53527K->53527K(89244K)], 0.6395100 secs] [Times: user=0.64 sys=0.00, real=0.64 secs] 
471.264: [Full GC (System) 471.264: [CMS: 159145K->159149K(300940K), 0.6351620 secs] 159161K->159149K(339660K), [CMS Perm : 53527K->53527K(89244K)], 0.6352760 secs] [Times: user=0.63 sys=0.00, real=0.63 secs] 
471.900: [Full GC (System) 471.900: [CMS: 159149K->159140K(300940K), 0.6202740 secs] 159189K->159140K(339660K), [CMS Perm : 53527K->53527K(89244K)], 0.6203880 secs] [Times: user=0.62 sys=0.00, real=0.62 secs] 
472.526: [Full GC (System) 472.526: [CMS: 159140K->159139K(300940K), 0.7509140 secs] 161857K->159139K(339660K), [CMS Perm : 53528K->53524K(89244K)], 0.7510350 secs] [Times: user=0.75 sys=0.00, real=0.75 secs] 
473.278: [Full GC (System) 473.279: [CMS: 159139K->159093K(300940K), 0.7545210 secs] 159740K->159093K(339660K), [CMS Perm : 53524K->53524K(89244K)], 0.7546280 secs] [Times: user=0.75 sys=0.00, real=0.75 secs] 
474.034: [Full GC (System) 474.035: [CMS: 159093K->159091K(300940K), 0.6265580 secs] 159194K->159091K(339660K), [CMS Perm : 53524K->53524K(89244K)], 0.6266790 secs] [Times: user=0.63 sys=0.00, real=0.62 secs] 
474.680: [Full GC (System) 474.680: [CMS: 159091K->159319K(300940K), 0.7596520 secs] 170711K->159319K(339660K), [CMS Perm : 53526K->53523K(89244K)], 0.7598180 secs] [Times: user=0.75 sys=0.01, real=0.76 secs] 
475.441: [Full GC (System) 475.441: [CMS: 159319K->159410K(300940K), 0.6347650 secs] 159669K->159410K(339660K), [CMS Perm : 53523K->53523K(89244K)], 0.6348770 secs] [Times: user=0.63 sys=0.00, real=0.64 secs] 
476.093: [Full GC (System) 476.093: [CMS: 159410K->159609K(300940K), 0.6493790 secs] 168932K->159609K(339660K), [CMS Perm : 53527K->53523K(89244K)], 0.6495020 secs] [Times: user=0.65 sys=0.00, real=0.65 secs] 
476.759: [Full GC (System) 476.759: [CMS: 159609K->160152K(300940K), 0.7009950 secs] 171203K->160152K(339660K), [CMS Perm : 53524K->53523K(89244K)], 0.7011210 secs] [Times: user=0.70 sys=0.00, real=0.70 secs] 
477.505: [Full GC (System) 477.505: [CMS: 160152K->159425K(300940K), 0.6915210 secs] 181628K->159425K(339660K), [CMS Perm : 53526K->53523K(89244K)], 0.6916460 secs] [Times: user=0.69 sys=0.00, real=0.69 secs] 
478.205: [Full GC (System) 478.205: [CMS: 159425K->160003K(300940K), 0.7520870 secs] 162476K->160003K(339660K), [CMS Perm : 53523K->53523K(89244K)], 0.7522610 secs] [Times: user=0.76 sys=0.01, real=0.75 secs] 
478.990: [Full GC (System) 478.990: [CMS: 160003K->159430K(300940K), 0.7678150 secs] 193619K->159430K(339660K), [CMS Perm : 53527K->53524K(89244K)], 0.7679380 secs] [Times: user=0.77 sys=0.00, real=0.77 secs] 
479.765: [Full GC (System) 479.765: [CMS: 159430K->159557K(300940K), 0.6308460 secs] 162302K->159557K(339660K), [CMS Perm : 53524K->53524K(89244K)], 0.6309710 secs] [Times: user=0.63 sys=0.00, real=0.63 secs] 
480.397: [Full GC (System) 480.397: [CMS: 159557K->159581K(300940K), 0.6225960 secs] 159698K->159581K(339660K), [CMS Perm : 53524K->53524K(89244K)], 0.6227070 secs] [Times: user=0.62 sys=0.00, real=0.62 secs] 
481.025: [Full GC (System) 481.025: [CMS: 159581K->159457K(300940K), 0.6334560 secs] 163625K->159457K(339660K), [CMS Perm : 53530K->53526K(89244K)], 0.6335920 secs] [Times: user=0.63 sys=0.00, real=0.63 secs] 
481.660: [Full GC (System) 481.660: [CMS: 159457K->159491K(300940K), 0.6629600 secs] 159653K->159491K(339660K), [CMS Perm : 53526K->53526K(89244K)], 0.6630670 secs] [Times: user=0.66 sys=0.00, real=0.66 secs] 
482.325: [Full GC (System) 482.325: [CMS: 159491K->159499K(300940K), 0.6315370 secs] 159933K->159499K(339660K), [CMS Perm : 53526K->53526K(89244K)], 0.6316690 secs] [Times: user=0.63 sys=0.00, real=0.63 secs] 
482.961: [Full GC (System) 482.961: [CMS: 159499K->159485K(300940K), 0.6318340 secs] 160156K->159485K(339660K), [CMS Perm : 53526K->53526K(89244K)], 0.6319490 secs] [Times: user=0.63 sys=0.00, real=0.63 secs] 
483.595: [Full GC (System) 483.595: [CMS: 159485K->159481K(300940K), 0.6311010 secs] 159565K->159481K(339660K), [CMS Perm : 53526K->53526K(89244K)], 0.6312960 secs] [Times: user=0.63 sys=0.00, real=0.64 secs] 
484.236: [Full GC (System) 484.236: [CMS: 159481K->159756K(300940K), 0.6400960 secs] 170239K->159756K(339660K), [CMS Perm : 53526K->53526K(89244K)], 0.6402210 secs] [Times: user=0.64 sys=0.00, real=0.65 secs] 
484.893: [Full GC (System) 484.893: [CMS: 159756K->159645K(300940K), 0.6979610 secs] 171539K->159645K(339660K), [CMS Perm : 53526K->53526K(89244K)], 0.6980860 secs] [Times: user=0.69 sys=0.00, real=0.70 secs] 
485.595: [Full GC (System) 485.595: [CMS: 159645K->159782K(300940K), 0.6278630 secs] 162233K->159782K(339660K), [CMS Perm : 53526K->53526K(89244K)], 0.6280390 secs] [Times: user=0.63 sys=0.01, real=0.63 secs] 
486.247: [Full GC (System) 486.247: [CMS: 159782K->159629K(300940K), 0.6401260 secs] 187850K->159629K(339660K), [CMS Perm : 53526K->53526K(89244K)], 0.6402520 secs] [Times: user=0.64 sys=0.00, real=0.64 secs] 
486.889: [Full GC (System) 486.889: [CMS: 159629K->159675K(300940K), 0.6291410 secs] 160192K->159675K(339660K), [CMS Perm : 53526K->53526K(89244K)], 0.6292530 secs] [Times: user=0.63 sys=0.00, real=0.63 secs] 
487.529: [Full GC (System) 487.529: [CMS: 159675K->159664K(300940K), 0.6335000 secs] 173389K->159664K(339660K), [CMS Perm : 53526K->53526K(89244K)], 0.6336280 secs] [Times: user=0.64 sys=0.00, real=0.63 secs] 
488.168: [Full GC (System) 488.168: [CMS: 159664K->159616K(300940K), 0.6450970 secs] 161270K->159616K(339660K), [CMS Perm : 53526K->53526K(89244K)], 0.6452130 secs] [Times: user=0.64 sys=0.01, real=0.64 secs] 
488.814: [Full GC (System) 488.814: [CMS: 159616K->159624K(300940K), 0.6253000 secs] 159760K->159624K(339660K), [CMS Perm : 53526K->53526K(89244K)], 0.6267560 secs] [Times: user=0.63 sys=0.00, real=0.63 secs] 
489.445: [Full GC (System) 489.445: [CMS: 159624K->159682K(300940K), 0.6380520 secs] 162898K->159682K(339660K), [CMS Perm : 53527K->53527K(89244K)], 0.6381690 secs] [Times: user=0.64 sys=0.00, real=0.64 secs] 
490.088: [Full GC (System) 490.088: [CMS: 159682K->159836K(300940K), 0.6281240 secs] 163905K->159836K(339660K), [CMS Perm : 53531K->53527K(89244K)], 0.6282420 secs] [Times: user=0.62 sys=0.00, real=0.62 secs] 
490.725: [Full GC (System) 490.725: [CMS: 159836K->159798K(300940K), 0.6313320 secs] 163904K->159798K(339660K), [CMS Perm : 53527K->53527K(89244K)], 0.6314570 secs] [Times: user=0.63 sys=0.00, real=0.63 secs] 
491.357: [Full GC (System) 491.357: [CMS: 159798K->159666K(300940K), 0.6258420 secs] 159894K->159666K(339660K), [CMS Perm : 53527K->53527K(89244K)], 0.6259540 secs] [Times: user=0.63 sys=0.00, real=0.62 secs] 
491.993: [Full GC (System) 491.993: [CMS: 159666K->159919K(300940K), 0.6905920 secs] 169889K->159919K(339660K), [CMS Perm : 53530K->53528K(89244K)], 0.6907130 secs] [Times: user=0.68 sys=0.01, real=0.69 secs] 
492.700: [Full GC (System) 492.700: [CMS: 159919K->159720K(300940K), 0.6462030 secs] 170446K->159720K(339660K), [CMS Perm : 53529K->53528K(89244K)], 0.6463290 secs] [Times: user=0.64 sys=0.00, real=0.64 secs] 
493.353: [Full GC (System) 493.353: [CMS: 159720K->159734K(300940K), 0.6247540 secs] 164830K->159734K(339660K), [CMS Perm : 53528K->53528K(89244K)], 0.6248740 secs] [Times: user=0.63 sys=0.00, real=0.63 secs] 
494.120: [GC 494.120: [ParNew
Desired survivor size 2195456 bytes, new threshold 4 (max 4)
- age   1:    1856072 bytes,    1856072 total
: 34432K->2947K(38720K), 0.0038240 secs] 194166K->162682K(339660K), 0.0039140 secs] [Times: user=0.02 sys=0.00, real=0.00 secs] 
494.157: [GC 494.157: [ParNew
Desired survivor size 2195456 bytes, new threshold 2 (max 4)
- age   1:     972552 bytes,     972552 total
- age   2:    1805352 bytes,    2777904 total
: 37379K->4192K(38720K), 0.0044530 secs] 197114K->163927K(339660K), 0.0045460 secs] [Times: user=0.01 sys=0.00, real=0.00 secs] 
494.199: [GC 494.199: [ParNew
Desired survivor size 2195456 bytes, new threshold 1 (max 4)
- age   1:    2476768 bytes,    2476768 total
- age   2:     941272 bytes,    3418040 total
: 38624K->3870K(38720K), 0.0078810 secs] 198359K->165399K(339660K), 0.0079810 secs] [Times: user=0.03 sys=0.00, real=0.00 secs] 
494.261: [GC 494.261: [ParNew
Desired survivor size 2195456 bytes, new threshold 1 (max 4)
- age   1:    3210192 bytes,    3210192 total
: 38302K->4288K(38720K), 0.0095760 secs] 199831K->168926K(339660K), 0.0096800 secs] [Times: user=0.03 sys=0.00, real=0.01 secs] 
494.294: [Full GC (System) 494.294: [CMS: 164638K->161861K(300940K), 0.7341000 secs] 180808K->161861K(339660K), [CMS Perm : 53596K->53575K(89244K)], 0.7342580 secs] [Times: user=0.72 sys=0.02, real=0.74 secs] 
495.036: [Full GC (System) 495.036: [CMS: 161861K->161242K(300940K), 0.6426660 secs] 164728K->161242K(339660K), [CMS Perm : 53576K->53545K(89436K)], 0.6427870 secs] [Times: user=0.64 sys=0.00, real=0.65 secs] 
495.680: [Full GC (System) 495.680: [CMS: 161242K->161347K(300940K), 0.6349370 secs] 162379K->161347K(339660K), [CMS Perm : 53545K->53545K(89436K)], 0.6350480 secs] [Times: user=0.64 sys=0.00, real=0.63 secs] 
496.360: [GC 496.360: [ParNew
Desired survivor size 2195456 bytes, new threshold 1 (max 4)
- age   1:    3377752 bytes,    3377752 total
: 34432K->4288K(38720K), 0.0059470 secs] 195779K->165637K(339660K), 0.0060470 secs] [Times: user=0.02 sys=0.00, real=0.00 secs] 
496.376: [Full GC (System) 496.376: [CMS: 161349K->161764K(300940K), 0.6431980 secs] 168497K->161764K(339660K), [CMS Perm : 53558K->53551K(89436K)], 0.6433040 secs] [Times: user=0.63 sys=0.01, real=0.65 secs] 
497.030: [Full GC (System) 497.030: [CMS: 161764K->162070K(300940K), 0.6616080 secs] 169023K->162070K(339660K), [CMS Perm : 53552K->53551K(89436K)], 0.6617250 secs] [Times: user=0.67 sys=0.00, real=0.66 secs] 
497.693: [Full GC (System) 497.693: [CMS: 162070K->162101K(300940K), 0.6429800 secs] 162471K->162101K(339660K), [CMS Perm : 53551K->53551K(89436K)], 0.6430900 secs] [Times: user=0.64 sys=0.00, real=0.64 secs] 
498.369: [GC 498.370: [ParNew
Desired survivor size 2195456 bytes, new threshold 4 (max 4)
- age   1:     419352 bytes,     419352 total
: 34432K->3256K(38720K), 0.0025100 secs] 196533K->165358K(339660K), 0.0025890 secs] [Times: user=0.00 sys=0.00, real=0.00 secs] 
498.383: [Full GC (System) 498.383: [CMS: 162101K->162455K(300940K), 0.6822080 secs] 173903K->162455K(339660K), [CMS Perm : 53558K->53551K(89436K)], 0.6823280 secs] [Times: user=0.68 sys=0.00, real=0.68 secs] 
499.070: [Full GC (System) 499.070: [CMS: 162455K->162559K(300940K), 0.6395990 secs] 164929K->162559K(339660K), [CMS Perm : 53552K->53552K(89436K)], 0.6397110 secs] [Times: user=0.64 sys=0.00, real=0.64 secs] 
499.743: [GC 499.743: [ParNew
Desired survivor size 2195456 bytes, new threshold 4 (max 4)
- age   1:     564608 bytes,     564608 total
: 34432K->1113K(38720K), 0.0027460 secs] 196991K->163672K(339660K), 0.0028290 secs] [Times: user=0.01 sys=0.00, real=0.00 secs] 
499.769: [GC 499.769: [ParNew
Desired survivor size 2195456 bytes, new threshold 4 (max 4)
- age   1:     214152 bytes,     214152 total
- age   2:     529344 bytes,     743496 total
: 35458K->982K(38720K), 0.0030590 secs] 198017K->163541K(339660K), 0.0031330 secs] [Times: user=0.01 sys=0.00, real=0.00 secs] 
499.776: [Full GC (System) 499.776: [CMS: 162559K->163035K(300940K), 0.6908240 secs] 166587K->163035K(339660K), [CMS Perm : 53554K->53552K(89436K)], 0.6909630 secs] [Times: user=0.69 sys=0.00, real=0.69 secs] 
500.484: [Full GC (System) 500.484: [CMS: 163035K->163230K(300940K), 0.6705330 secs] 178616K->163230K(339660K), [CMS Perm : 53554K->53552K(89436K)], 0.6706520 secs] [Times: user=0.67 sys=0.00, real=0.67 secs] 
501.159: [Full GC (System) 501.159: [CMS: 163230K->163264K(300940K), 0.6406080 secs] 163627K->163264K(339660K), [CMS Perm : 53552K->53552K(89436K)], 0.6407190 secs] [Times: user=0.65 sys=0.00, real=0.64 secs] 
501.805: [Full GC (System) 501.805: [CMS: 163264K->163293K(300940K), 0.6651840 secs] 167223K->163293K(339660K), [CMS Perm : 53556K->53552K(89436K)], 0.6652970 secs] [Times: user=0.67 sys=0.00, real=0.67 secs] 
502.505: [GC 502.505: [ParNew
Desired survivor size 2195456 bytes, new threshold 4 (max 4)
- age   1:     461664 bytes,     461664 total
: 34432K->799K(38720K), 0.0032290 secs] 197725K->164093K(339660K), 0.0033020 secs] [Times: user=0.01 sys=0.00, real=0.01 secs] 
502.534: [Full GC (System) 502.534: [CMS: 163293K->163268K(300940K), 0.6720530 secs] 192316K->163268K(339660K), [CMS Perm : 53556K->53552K(89436K)], 0.6721750 secs] [Times: user=0.67 sys=0.00, real=0.67 secs] 
503.211: [Full GC (System) 503.211: [CMS: 163268K->163225K(300940K), 0.6453660 secs] 165236K->163225K(339660K), [CMS Perm : 53552K->53552K(89436K)], 0.6454730 secs] [Times: user=0.65 sys=0.00, real=0.64 secs] 
503.876: [Full GC (System) 503.876: [CMS: 163225K->163545K(300940K), 0.6738530 secs] 179685K->163545K(339660K), [CMS Perm : 53556K->53556K(89436K)], 0.6739770 secs] [Times: user=0.67 sys=0.00, real=0.68 secs] 
504.583: [Full GC (System) 504.583: [CMS: 163545K->163251K(300940K), 0.6754320 secs] 189714K->163251K(339660K), [CMS Perm : 53559K->53553K(89436K)], 0.6755550 secs] [Times: user=0.67 sys=0.00, real=0.67 secs] 
505.303: [Full GC (System) 505.303: [CMS: 163251K->164679K(300940K), 0.7720710 secs] 193636K->164679K(339660K), [CMS Perm : 53560K->53555K(89436K)], 0.7722020 secs] [Times: user=0.78 sys=0.00, real=0.77 secs] 
506.084: [Full GC (System) 506.084: [CMS: 164679K->164488K(300940K), 0.7161440 secs] 166792K->164488K(339660K), [CMS Perm : 53555K->53552K(89436K)], 0.7162590 secs] [Times: user=0.72 sys=0.00, real=0.72 secs] 
506.804: [Full GC (System) 506.804: [CMS: 164488K->164672K(300940K), 0.6528240 secs] 165517K->164672K(339660K), [CMS Perm : 53552K->53552K(89436K)], 0.6529380 secs] [Times: user=0.65 sys=0.00, real=0.65 secs] 
507.460: [Full GC (System) 507.460: [CMS: 164672K->164780K(300940K), 0.6505070 secs] 166022K->164780K(339660K), [CMS Perm : 53552K->53552K(89436K)], 0.6506200 secs] [Times: user=0.65 sys=0.00, real=0.65 secs] 
508.133: [Full GC (System) 508.133: [CMS: 164780K->165015K(300940K), 0.6525670 secs] 173543K->165015K(339660K), [CMS Perm : 53554K->53552K(89436K)], 0.6526900 secs] [Times: user=0.65 sys=0.00, real=0.65 secs] 
508.793: [Full GC (System) 508.793: [CMS: 165015K->165208K(300940K), 0.6524100 secs] 169981K->165208K(339660K), [CMS Perm : 53553K->53552K(89436K)], 0.6525270 secs] [Times: user=0.66 sys=0.00, real=0.65 secs] 
509.451: [Full GC (System) 509.451: [CMS: 165208K->165199K(300940K), 0.7817730 secs] 167225K->165199K(339660K), [CMS Perm : 53559K->53553K(89436K)], 0.7818930 secs] [Times: user=0.78 sys=0.00, real=0.78 secs] 
510.263: [Full GC (System) 510.263: [CMS: 165199K->171668K(300940K), 0.6884970 secs] 181457K->171668K(339660K), [CMS Perm : 53560K->53558K(89436K)], 0.6886200 secs] [Times: user=0.69 sys=0.00, real=0.69 secs] 
510.957: [Full GC (System) 510.957: [CMS: 171668K->171258K(300940K), 0.8125690 secs] 174905K->171258K(339660K), [CMS Perm : 53558K->53553K(89436K)], 0.8135970 secs] [Times: user=0.81 sys=0.00, real=0.82 secs] 
511.780: [Full GC (System) 511.780: [CMS: 171258K->171360K(300940K), 0.8175070 secs] 172935K->171360K(339660K), [CMS Perm : 53553K->53553K(89436K)], 0.8176300 secs] [Times: user=0.82 sys=0.00, real=0.82 secs] 
512.605: [Full GC (System) 512.605: [CMS: 171360K->171333K(300940K), 0.7218250 secs] 176203K->171333K(339660K), [CMS Perm : 53555K->53553K(89436K)], 0.7219440 secs] [Times: user=0.72 sys=0.00, real=0.72 secs] 
513.327: [Full GC (System) 513.327: [CMS: 171333K->171332K(300940K), 0.6667810 secs] 171337K->171332K(339660K), [CMS Perm : 53553K->53553K(89436K)], 0.6668910 secs] [Times: user=0.66 sys=0.00, real=0.67 secs] 
513.995: [Full GC (System) 513.995: [CMS: 171332K->171320K(300940K), 0.6788030 secs] 171412K->171320K(339660K), [CMS Perm : 53553K->53553K(89436K)], 0.6789120 secs] [Times: user=0.68 sys=0.00, real=0.68 secs] 
514.699: [Full GC (System) 514.699: [CMS: 171320K->171277K(300940K), 0.7583020 secs] 182597K->171277K(339660K), [CMS Perm : 53556K->53554K(89436K)], 0.7584290 secs] [Times: user=0.76 sys=0.01, real=0.76 secs] 
515.459: [Full GC (System) 515.459: [CMS: 171277K->171244K(300940K), 0.6831460 secs] 171608K->171244K(339660K), [CMS Perm : 53554K->53554K(89436K)], 0.6832550 secs] [Times: user=0.68 sys=0.00, real=0.69 secs] 
516.147: [Full GC (System) 516.147: [CMS: 171244K->171270K(300940K), 0.6876420 secs] 172544K->171270K(339660K), [CMS Perm : 53555K->53554K(89436K)], 0.6878090 secs] [Times: user=0.69 sys=0.00, real=0.69 secs] 
516.865: [Full GC (System) 516.865: [CMS: 171270K->171422K(300940K), 0.6936380 secs] 187281K->171422K(339660K), [CMS Perm : 53561K->53559K(89436K)], 0.6937580 secs] [Times: user=0.69 sys=0.00, real=0.69 secs] 
517.564: [Full GC (System) 517.564: [CMS: 171422K->171753K(300940K), 0.7380130 secs] 173870K->171753K(339660K), [CMS Perm : 53563K->53563K(89436K)], 0.7381560 secs] [Times: user=0.73 sys=0.00, real=0.74 secs] 
518.304: [Full GC (System) 518.304: [CMS: 171753K->171806K(300940K), 0.6700420 secs] 172246K->171806K(339660K), [CMS Perm : 53563K->53563K(89436K)], 0.6701550 secs] [Times: user=0.67 sys=0.00, real=0.67 secs] 
518.976: [Full GC (System) 518.976: [CMS: 171806K->171867K(300940K), 0.7537340 secs] 172583K->171867K(339660K), [CMS Perm : 53563K->53563K(89436K)], 0.7538500 secs] [Times: user=0.76 sys=0.00, real=0.75 secs] 
519.756: [Full GC (System) 519.756: [CMS: 171867K->172488K(300940K), 0.6982800 secs] 199310K->172488K(339660K), [CMS Perm : 53571K->53566K(89436K)], 0.6984050 secs] [Times: user=0.70 sys=0.00, real=0.70 secs] 
520.455: [Full GC (System) 520.455: [CMS: 172488K->172489K(300940K), 0.6937160 secs] 172506K->172489K(339660K), [CMS Perm : 53566K->53566K(89436K)], 0.6938350 secs] [Times: user=0.69 sys=0.00, real=0.69 secs] 
521.153: [Full GC (System) 521.153: [CMS: 172489K->172570K(300940K), 0.6928610 secs] 174439K->172570K(339660K), [CMS Perm : 53566K->53566K(89436K)], 0.6930100 secs] [Times: user=0.69 sys=0.00, real=0.69 secs] 
521.847: [Full GC (System) 521.847: [CMS: 172570K->172538K(300940K), 0.6772840 secs] 172739K->172538K(339660K), [CMS Perm : 53566K->53566K(89436K)], 0.6773970 secs] [Times: user=0.68 sys=0.00, real=0.68 secs] 
522.525: [Full GC (System) 522.525: [CMS: 172538K->172575K(300940K), 0.6734700 secs] 172666K->172575K(339660K), [CMS Perm : 53566K->53566K(89436K)], 0.6735830 secs] [Times: user=0.67 sys=0.00, real=0.67 secs] 
523.206: [Full GC (System) 523.206: [CMS: 172575K->172618K(300940K), 0.6959630 secs] 176117K->172618K(339660K), [CMS Perm : 53566K->53563K(89436K)], 0.6960890 secs] [Times: user=0.70 sys=0.00, real=0.69 secs] 
523.911: [Full GC (System) 523.911: [CMS: 172618K->172744K(300940K), 0.6927680 secs] 183481K->172744K(339660K), [CMS Perm : 53563K->53563K(89436K)], 0.6928880 secs] [Times: user=0.69 sys=0.00, real=0.70 secs] 
524.604: [Full GC (System) 524.604: [CMS: 172744K->172758K(300940K), 0.6725030 secs] 172782K->172758K(339660K), [CMS Perm : 53563K->53563K(89436K)], 0.6726140 secs] [Times: user=0.67 sys=0.00, real=0.67 secs] 
525.279: [Full GC (System) 525.279: [CMS: 172758K->172795K(300940K), 0.6722400 secs] 173441K->172795K(339660K), [CMS Perm : 53563K->53563K(89436K)], 0.6724170 secs] [Times: user=0.67 sys=0.00, real=0.67 secs] 
525.955: [Full GC (System) 525.955: [CMS: 172795K->172640K(300940K), 0.6824020 secs] 174056K->172640K(339660K), [CMS Perm : 53563K->53563K(89436K)], 0.6825180 secs] [Times: user=0.68 sys=0.00, real=0.68 secs] 
526.652: [Full GC (System) 526.652: [CMS: 172640K->172438K(300940K), 0.6892820 secs] 189360K->172438K(339660K), [CMS Perm : 53563K->53563K(89436K)], 0.6894180 secs] [Times: user=0.68 sys=0.00, real=0.69 secs] 
527.343: [Full GC (System) 527.343: [CMS: 172438K->172501K(300940K), 0.6814590 secs] 173089K->172501K(339660K), [CMS Perm : 53563K->53563K(89436K)], 0.6815840 secs] [Times: user=0.69 sys=0.00, real=0.68 secs] 
528.026: [Full GC (System) 528.026: [CMS: 172501K->172535K(300940K), 0.6839330 secs] 172918K->172535K(339660K), [CMS Perm : 53563K->53563K(89436K)], 0.6840420 secs] [Times: user=0.68 sys=0.00, real=0.68 secs] 
528.716: [Full GC (System) 528.716: [CMS: 172535K->172508K(300940K), 0.6904590 secs] 175020K->172508K(339660K), [CMS Perm : 53563K->53563K(89436K)], 0.6905800 secs] [Times: user=0.69 sys=0.00, real=0.69 secs] 
529.407: [Full GC (System) 529.407: [CMS: 172508K->172511K(300940K), 0.6661400 secs] 172555K->172511K(339660K), [CMS Perm : 53563K->53563K(89436K)], 0.6662500 secs] [Times: user=0.67 sys=0.00, real=0.67 secs] 
530.091: [Full GC (System) 530.091: [CMS: 172511K->172516K(300940K), 0.6691760 secs] 187426K->172516K(339660K), [CMS Perm : 53563K->53563K(89436K)], 0.6692950 secs] [Times: user=0.67 sys=0.00, real=0.67 secs] 
530.771: [Full GC (System) 530.771: [CMS: 172516K->172951K(300940K), 0.7370970 secs] 178094K->172951K(339660K), [CMS Perm : 53563K->53563K(89436K)], 0.7372170 secs] [Times: user=0.74 sys=0.00, real=0.74 secs] 
531.510: [Full GC (System) 531.510: [CMS: 172951K->172898K(300940K), 0.6860890 secs] 173226K->172898K(339660K), [CMS Perm : 53563K->53563K(89436K)], 0.6862240 secs] [Times: user=0.69 sys=0.00, real=0.69 secs] 
532.245: [Full GC (System) 532.245: [CMS: 172898K->171449K(300940K), 0.7472750 secs] 204552K->171449K(339660K), [CMS Perm : 53568K->53561K(89436K)], 0.7474290 secs] [Times: user=1.09 sys=0.00, real=0.74 secs] 
532.994: [Full GC (System) 532.994: [CMS: 171449K->171436K(300940K), 0.6684710 secs] 172091K->171436K(339660K), [CMS Perm : 53561K->53561K(89436K)], 0.6686120 secs] [Times: user=0.66 sys=0.00, real=0.67 secs] 
533.694: [GC 533.694: [ParNew
Desired survivor size 2195456 bytes, new threshold 4 (max 4)
- age   1:     406048 bytes,     406048 total
: 34432K->575K(38720K), 0.0029880 secs] 205868K->172011K(339660K), 0.0030620 secs] [Times: user=0.01 sys=0.00, real=0.00 secs] 
533.720: [Full GC (System) 533.720: [CMS: 171436K->172077K(300940K), 0.7378760 secs] 194791K->172077K(339660K), [CMS Perm : 53564K->53561K(89436K)], 0.7379970 secs] [Times: user=0.74 sys=0.00, real=0.74 secs] 
534.473: [Full GC (System) 534.473: [CMS: 172077K->172198K(300940K), 0.7288090 secs] 182074K->172198K(339660K), [CMS Perm : 53564K->53561K(89436K)], 0.7289320 secs] [Times: user=0.73 sys=0.00, real=0.72 secs] 
535.221: [Full GC (System) 535.221: [CMS: 172198K->172231K(300940K), 0.6883380 secs] 192514K->172231K(339660K), [CMS Perm : 53562K->53561K(89436K)], 0.6884650 secs] [Times: user=0.70 sys=0.00, real=0.69 secs] 
535.914: [Full GC (System) 535.914: [CMS: 172231K->172409K(300940K), 0.7312680 secs] 173289K->172409K(339660K), [CMS Perm : 53561K->53561K(89436K)], 0.7313830 secs] [Times: user=0.73 sys=0.00, real=0.73 secs] 
536.691: [GC 536.691: [ParNew
Desired survivor size 2195456 bytes, new threshold 4 (max 4)
- age   1:    1495768 bytes,    1495768 total
: 34432K->1708K(38720K), 0.0036430 secs] 206841K->174118K(339660K), 0.0037390 secs] [Times: user=0.01 sys=0.01, real=0.01 secs] 
536.734: [Full GC (System) 536.734: [CMS: 172409K->173090K(300940K), 0.7352680 secs] 197815K->173090K(339660K), [CMS Perm : 53573K->53563K(89436K)], 0.7353910 secs] [Times: user=0.73 sys=0.00, real=0.73 secs] 
537.523: [GC 537.523: [ParNew
Desired survivor size 2195456 bytes, new threshold 1 (max 4)
- age   1:    3421176 bytes,    3421176 total
: 34432K->3869K(38720K), 0.0071680 secs] 207522K->176960K(339660K), 0.0072770 secs] [Times: user=0.02 sys=0.00, real=0.01 secs] 
537.630: [Full GC (System) 537.630: [CMS: 173090K->173578K(300940K), 0.7484340 secs] 201502K->173578K(339660K), [CMS Perm : 53577K->53561K(89436K)], 0.7485640 secs] [Times: user=0.83 sys=0.00, real=0.75 secs] 
538.432: [GC 538.432: [ParNew
Desired survivor size 2195456 bytes, new threshold 1 (max 4)
- age   1:    2622032 bytes,    2622032 total
: 34432K->2803K(38720K), 0.0085600 secs] 208010K->176381K(339660K), 0.0086610 secs] [Times: user=0.02 sys=0.00, real=0.01 secs] 
538.452: [Full GC (System) 538.452: [CMS: 173578K->174694K(300940K), 0.8270060 secs] 181146K->174694K(339660K), [CMS Perm : 53571K->53562K(89436K)], 0.8271190 secs] [Times: user=0.82 sys=0.01, real=0.83 secs] 
539.314: [GC 539.314: [ParNew
Desired survivor size 2195456 bytes, new threshold 4 (max 4)
- age   1:    1848680 bytes,    1848680 total
: 34432K->3276K(38720K), 0.0054670 secs] 209126K->177970K(339660K), 0.0055560 secs] [Times: user=0.01 sys=0.00, real=0.00 secs] 
539.343: [GC 539.343: [ParNew
Desired survivor size 2195456 bytes, new threshold 4 (max 4)
- age   1:     384480 bytes,     384480 total
- age   2:    1804824 bytes,    2189304 total
: 37708K->3013K(38720K), 0.0050340 secs] 212402K->177708K(339660K), 0.0051210 secs] [Times: user=0.01 sys=0.00, real=0.01 secs] 
539.373: [GC 539.373: [ParNew
Desired survivor size 2195456 bytes, new threshold 3 (max 4)
- age   1:     448872 bytes,     448872 total
- age   2:     327664 bytes,     776536 total
- age   3:    1804328 bytes,    2580864 total
: 37445K->3848K(38720K), 0.0155460 secs] 212140K->178542K(339660K), 0.0156270 secs] [Times: user=0.03 sys=0.00, real=0.02 secs] 
539.417: [GC 539.417: [ParNew
Desired survivor size 2195456 bytes, new threshold 4 (max 4)
- age   1:    1306072 bytes,    1306072 total
- age   2:     419896 bytes,    1725968 total
- age   3:     264928 bytes,    1990896 total
: 38280K->2964K(38720K), 0.0082400 secs] 212974K->179200K(339660K), 0.0083290 secs] [Times: user=0.02 sys=0.00, real=0.01 secs] 
539.457: [GC 539.457: [ParNew
Desired survivor size 2195456 bytes, new threshold 2 (max 4)
- age   1:    1229104 bytes,    1229104 total
- age   2:    1260792 bytes,    2489896 total
- age   3:     310488 bytes,    2800384 total
- age   4:      79000 bytes,    2879384 total
: 37396K->3605K(38720K), 0.0059190 secs] 213632K->179841K(339660K), 0.0059990 secs] [Times: user=0.02 sys=0.00, real=0.00 secs] 
539.505: [GC 539.506: [ParNew
Desired survivor size 2195456 bytes, new threshold 4 (max 4)
- age   1:     138800 bytes,     138800 total
- age   2:    1184088 bytes,    1322888 total
: 38037K->2609K(38720K), 0.0057250 secs] 214273K->180577K(339660K), 0.0058150 secs] [Times: user=0.02 sys=0.00, real=0.00 secs] 
539.540: [GC 539.540: [ParNew
Desired survivor size 2195456 bytes, new threshold 3 (max 4)
- age   1:    1640104 bytes,    1640104 total
- age   2:      53408 bytes,    1693512 total
- age   3:    1134200 bytes,    2827712 total
: 37041K->3126K(38720K), 0.0043850 secs] 215009K->181094K(339660K), 0.0044720 secs] [Times: user=0.01 sys=0.00, real=0.01 secs] 
539.575: [GC 539.575: [ParNew
Desired survivor size 2195456 bytes, new threshold 1 (max 4)
- age   1:    2220728 bytes,    2220728 total
- age   2:    1522224 bytes,    3742952 total
- age   3:      53280 bytes,    3796232 total
: 37558K->4288K(38720K), 0.0070650 secs] 215526K->183438K(339660K), 0.0071670 secs] [Times: user=0.02 sys=0.00, real=0.00 secs] 
539.632: [Full GC (System) 539.632: [CMS: 179150K->175727K(300940K), 0.7742120 secs] 213380K->175727K(339660K), [CMS Perm : 53584K->53561K(89436K)], 0.7743360 secs] [Times: user=0.76 sys=0.01, real=0.78 secs] 
540.447: [GC 540.447: [ParNew
Desired survivor size 2195456 bytes, new threshold 4 (max 4)
- age   1:    1358448 bytes,    1358448 total
: 34432K->3369K(38720K), 0.0032900 secs] 210159K->179096K(339660K), 0.0033810 secs] [Times: user=0.02 sys=0.00, real=0.00 secs] 
540.474: [Full GC (System) 540.474: [CMS: 175727K->176333K(300940K), 0.8390930 secs] 200496K->176333K(339660K), [CMS Perm : 53570K->53564K(89436K)], 0.8392140 secs] [Times: user=0.84 sys=0.00, real=0.83 secs] 
541.319: [Full GC (System) 541.319: [CMS: 176333K->176332K(300940K), 0.6918640 secs] 178662K->176332K(339660K), [CMS Perm : 53565K->53564K(89436K)], 0.6919780 secs] [Times: user=0.69 sys=0.00, real=0.69 secs] 
542.021: [Full GC (System) 542.021: [CMS: 176332K->176407K(300940K), 0.7079800 secs] 181048K->176407K(339660K), [CMS Perm : 53564K->53564K(89436K)], 0.7081060 secs] [Times: user=0.71 sys=0.00, real=0.71 secs] 
542.737: [Full GC (System) 542.737: [CMS: 176407K->176427K(300940K), 0.7041620 secs] 182567K->176427K(339660K), [CMS Perm : 53566K->53563K(89436K)], 0.7043140 secs] [Times: user=0.70 sys=0.00, real=0.70 secs] 
543.452: [Full GC (System) 543.452: [CMS: 176427K->176678K(300940K), 0.7042260 secs] 180477K->176678K(339660K), [CMS Perm : 53563K->53563K(89436K)], 0.7043550 secs] [Times: user=0.70 sys=0.00, real=0.71 secs] 
544.179: [Full GC (System) 544.179: [CMS: 176678K->176498K(300940K), 0.7108420 secs] 194041K->176498K(339660K), [CMS Perm : 53567K->53564K(89436K)], 0.7109620 secs] [Times: user=0.71 sys=0.00, real=0.71 secs] 
544.925: [Full GC (System) 544.925: [CMS: 176498K->177067K(300940K), 0.8316070 secs] 206724K->177067K(339660K), [CMS Perm : 53572K->53564K(89436K)], 0.8317280 secs] [Times: user=0.83 sys=0.00, real=0.83 secs] 
545.796: [Full GC (System) 545.796: [CMS: 177067K->177318K(300940K), 0.7168740 secs] 206214K->177318K(339660K), [CMS Perm : 53566K->53564K(89436K)], 0.7170000 secs] [Times: user=0.75 sys=0.00, real=0.71 secs] 
546.546: [Full GC (System) 546.546: [CMS: 177318K->177736K(300940K), 0.7243290 secs] 196604K->177736K(339660K), [CMS Perm : 53570K->53568K(89436K)], 0.7244600 secs] [Times: user=0.73 sys=0.00, real=0.72 secs] 
547.302: [Full GC (System) 547.302: [CMS: 177736K->177665K(300940K), 0.7608210 secs] 201804K->177665K(339660K), [CMS Perm : 53570K->53565K(89436K)], 0.7609470 secs] [Times: user=0.76 sys=0.01, real=0.76 secs] 
548.065: [Full GC (System) 548.066: [CMS: 177665K->177633K(300940K), 0.7009550 secs] 178314K->177633K(339660K), [CMS Perm : 53565K->53565K(89436K)], 0.7010990 secs] [Times: user=0.70 sys=0.00, real=0.70 secs] 
548.799: [Full GC (System) 548.799: [CMS: 177633K->177703K(300940K), 0.7179800 secs] 206040K->177703K(339660K), [CMS Perm : 53567K->53564K(89436K)], 0.7181080 secs] [Times: user=0.71 sys=0.01, real=0.72 secs] 
549.525: [Full GC (System) 549.525: [CMS: 177703K->178220K(300940K), 0.7013790 secs] 182394K->178220K(339660K), [CMS Perm : 53564K->53564K(89436K)], 0.7015050 secs] [Times: user=0.70 sys=0.00, real=0.71 secs] 
550.227: [Full GC (System) 550.228: [CMS: 178220K->178299K(300940K), 0.6969820 secs] 178414K->178299K(339660K), [CMS Perm : 53564K->53564K(89436K)], 0.6970930 secs] [Times: user=0.70 sys=0.00, real=0.69 secs] 
550.957: [Full GC (System) 550.957: [CMS: 178299K->178094K(300940K), 0.7046590 secs] 202910K->178094K(339660K), [CMS Perm : 53571K->53564K(89436K)], 0.7047800 secs] [Times: user=0.71 sys=0.00, real=0.70 secs] 
551.664: [Full GC (System) 551.664: [CMS: 178094K->178159K(300940K), 0.8246320 secs] 178489K->178159K(339660K), [CMS Perm : 53564K->53564K(89436K)], 0.8247450 secs] [Times: user=0.82 sys=0.00, real=0.83 secs] 
552.494: [Full GC (System) 552.494: [CMS: 178159K->178092K(300940K), 0.6939030 secs] 183289K->178092K(339660K), [CMS Perm : 53565K->53564K(89436K)], 0.6940210 secs] [Times: user=0.69 sys=0.00, real=0.70 secs] 
553.189: [Full GC (System) 553.189: [CMS: 178092K->178099K(300940K), 0.6963330 secs] 178374K->178099K(339660K), [CMS Perm : 53564K->53564K(89436K)], 0.6984490 secs] [Times: user=0.70 sys=0.00, real=0.70 secs] 
553.893: [Full GC (System) 553.894: [CMS: 178099K->177836K(300940K), 0.7160480 secs] 182468K->177836K(339660K), [CMS Perm : 53565K->53564K(89436K)], 0.7161650 secs] [Times: user=0.71 sys=0.00, real=0.72 secs] 
554.621: [Full GC (System) 554.621: [CMS: 177836K->177950K(300940K), 0.7011730 secs] 181321K->177950K(339660K), [CMS Perm : 53565K->53564K(89436K)], 0.7012940 secs] [Times: user=0.70 sys=0.00, real=0.70 secs] 
555.325: [Full GC (System) 555.325: [CMS: 177950K->177955K(300940K), 0.6853430 secs] 178803K->177955K(339660K), [CMS Perm : 53564K->53564K(89436K)], 0.6854620 secs] [Times: user=0.69 sys=0.00, real=0.69 secs] 
556.013: [Full GC (System) 556.013: [CMS: 177955K->178034K(300940K), 0.6990540 secs] 178837K->178034K(339660K), [CMS Perm : 53564K->53564K(89436K)], 0.6991680 secs] [Times: user=0.70 sys=0.00, real=0.70 secs] 
556.714: [Full GC (System) 556.714: [CMS: 178034K->178068K(300940K), 0.6914160 secs] 179081K->178068K(339660K), [CMS Perm : 53565K->53564K(89436K)], 0.6915300 secs] [Times: user=0.69 sys=0.00, real=0.69 secs] 
557.411: [Full GC (System) 557.411: [CMS: 178068K->177787K(300940K), 0.7038260 secs] 180362K->177787K(339660K), [CMS Perm : 53569K->53565K(89436K)], 0.7039410 secs] [Times: user=0.70 sys=0.00, real=0.70 secs] 
558.117: [Full GC (System) 558.117: [CMS: 177787K->177820K(300940K), 0.6860950 secs] 178327K->177820K(339660K), [CMS Perm : 53565K->53565K(89436K)], 0.6862050 secs] [Times: user=0.69 sys=0.00, real=0.68 secs] 
558.820: [Full GC (System) 558.820: [CMS: 177820K->177873K(300940K), 0.6989770 secs] 192145K->177873K(339660K), [CMS Perm : 53566K->53565K(89436K)], 0.6991070 secs] [Times: user=0.70 sys=0.00, real=0.70 secs] 
559.537: [Full GC (System) 559.537: [CMS: 177873K->178263K(300940K), 0.7184690 secs] 194009K->178263K(339660K), [CMS Perm : 53569K->53566K(89436K)], 0.7186060 secs] [Times: user=0.72 sys=0.00, real=0.72 secs] 
560.259: [Full GC (System) 560.259: [CMS: 178263K->178201K(300940K), 0.6972280 secs] 181198K->178201K(339660K), [CMS Perm : 53566K->53566K(89436K)], 0.6973400 secs] [Times: user=0.70 sys=0.00, real=0.69 secs] 
560.971: [Full GC (System) 560.971: [CMS: 178201K->178236K(300940K), 0.7047050 secs] 186851K->178236K(339660K), [CMS Perm : 53568K->53566K(89436K)], 0.7048300 secs] [Times: user=0.70 sys=0.00, real=0.70 secs] 
561.676: [Full GC (System) 561.677: [CMS: 178236K->178239K(300940K), 0.6910080 secs] 178380K->178239K(339660K), [CMS Perm : 53566K->53566K(89436K)], 0.6911160 secs] [Times: user=0.69 sys=0.00, real=0.69 secs] 
562.376: [Full GC (System) 562.376: [CMS: 178239K->178123K(300940K), 0.7092050 secs] 182678K->178123K(339660K), [CMS Perm : 53568K->53566K(89436K)], 0.7093230 secs] [Times: user=0.71 sys=0.00, real=0.71 secs] 
563.091: [Full GC (System) 563.091: [CMS: 178123K->178015K(300940K), 0.6898150 secs] 182882K->178015K(339660K), [CMS Perm : 53566K->53566K(89436K)], 0.6899330 secs] [Times: user=0.69 sys=0.00, real=0.69 secs] 
563.818: [GC 563.818: [ParNew
Desired survivor size 2195456 bytes, new threshold 4 (max 4)
- age   1:    1021168 bytes,    1021168 total
: 34432K->1760K(38720K), 0.0032770 secs] 212447K->179776K(339660K), 0.0033680 secs] [Times: user=0.01 sys=0.00, real=0.01 secs] 
563.826: [Full GC (System) 563.826: [CMS: 178015K->177751K(300940K), 0.7153080 secs] 183443K->177751K(339660K), [CMS Perm : 53570K->53566K(89436K)], 0.7154530 secs] [Times: user=0.71 sys=0.00, real=0.72 secs] 
564.546: [Full GC (System) 564.546: [CMS: 177751K->177776K(300940K), 0.6940160 secs] 179494K->177776K(339660K), [CMS Perm : 53568K->53568K(89436K)], 0.6941280 secs] [Times: user=0.69 sys=0.00, real=0.70 secs] 
565.270: [GC 565.270: [ParNew
Desired survivor size 2195456 bytes, new threshold 4 (max 4)
- age   1:    1337512 bytes,    1337512 total
: 34432K->1668K(38720K), 0.0032620 secs] 212208K->179445K(339660K), 0.0033460 secs] [Times: user=0.01 sys=0.00, real=0.00 secs] 
565.305: [Full GC (System) 565.305: [CMS: 177776K->178048K(300940K), 0.7130750 secs] 201964K->178048K(339660K), [CMS Perm : 53575K->53566K(89436K)], 0.7131960 secs] [Times: user=0.71 sys=0.00, real=0.72 secs] 
566.022: [Full GC (System) 566.022: [CMS: 178048K->178067K(300940K), 0.6939020 secs] 179444K->178067K(339660K), [CMS Perm : 53566K->53566K(89436K)], 0.6940080 secs] [Times: user=0.69 sys=0.00, real=0.69 secs] 
566.725: [Full GC (System) 566.725: [CMS: 178067K->178150K(300940K), 0.6967820 secs] 181315K->178150K(339660K), [CMS Perm : 53566K->53566K(89436K)], 0.6969000 secs] [Times: user=0.70 sys=0.00, real=0.70 secs] 
567.426: [Full GC (System) 567.426: [CMS: 178150K->178248K(300940K), 0.6958460 secs] 179424K->178248K(339660K), [CMS Perm : 53566K->53566K(89436K)], 0.6959830 secs] [Times: user=0.69 sys=0.00, real=0.70 secs] 
568.126: [Full GC (System) 568.126: [CMS: 178248K->178382K(300940K), 0.7636150 secs] 179446K->178382K(339660K), [CMS Perm : 53566K->53566K(89436K)], 0.7637300 secs] [Times: user=0.76 sys=0.00, real=0.77 secs] 
568.898: [Full GC (System) 568.898: [CMS: 178382K->178262K(300940K), 0.6976150 secs] 184002K->178262K(339660K), [CMS Perm : 53570K->53566K(89436K)], 0.6991470 secs] [Times: user=0.69 sys=0.00, real=0.70 secs] 
569.601: [Full GC (System) 569.601: [CMS: 178262K->178206K(300940K), 0.6939300 secs] 179913K->178206K(339660K), [CMS Perm : 53566K->53566K(89436K)], 0.6940650 secs] [Times: user=0.69 sys=0.01, real=0.69 secs] 
570.322: [Full GC (System) 570.322: [CMS: 178206K->178247K(300940K), 0.7030370 secs] 198212K->178247K(339660K), [CMS Perm : 53577K->53566K(89436K)], 0.7031600 secs] [Times: user=0.70 sys=0.00, real=0.70 secs] 
571.036: [Full GC (System) 571.036: [CMS: 178247K->178137K(300940K), 0.7003950 secs] 182434K->178137K(339660K), [CMS Perm : 53567K->53566K(89436K)], 0.7005190 secs] [Times: user=0.70 sys=0.00, real=0.70 secs] 
571.751: [Full GC (System) 571.751: [CMS: 178137K->178279K(300940K), 0.7063660 secs] 187846K->178279K(339660K), [CMS Perm : 53574K->53566K(89436K)], 0.7065150 secs] [Times: user=0.70 sys=0.00, real=0.70 secs] 
572.458: [Full GC (System) 572.458: [CMS: 178279K->178288K(300940K), 0.6898200 secs] 178353K->178288K(339660K), [CMS Perm : 53567K->53567K(89436K)], 0.6899300 secs] [Times: user=0.69 sys=0.01, real=0.69 secs] 
573.154: [Full GC (System) 573.155: [CMS: 178288K->178583K(300940K), 0.7006910 secs] 181714K->178583K(339660K), [CMS Perm : 53567K->53567K(89436K)], 0.7008090 secs] [Times: user=0.70 sys=0.00, real=0.70 secs] 
573.908: [GC 573.908: [ParNew
Desired survivor size 2195456 bytes, new threshold 1 (max 4)
- age   1:    2544896 bytes,    2544896 total
: 34432K->3152K(38720K), 0.0045680 secs] 213015K->181736K(339660K), 0.0046620 secs] [Times: user=0.01 sys=0.00, real=0.01 secs] 
573.913: [Full GC (System) 573.913: [CMS: 178583K->179107K(300940K), 0.8274750 secs] 181914K->179107K(339660K), [CMS Perm : 53574K->53570K(89436K)], 0.8276020 secs] [Times: user=0.83 sys=0.00, real=0.83 secs] 
574.784: [Full GC (System) 574.784: [CMS: 179107K->179324K(300940K), 0.7835010 secs] 204694K->179324K(339660K), [CMS Perm : 53575K->53567K(89436K)], 0.7836200 secs] [Times: user=0.79 sys=0.00, real=0.78 secs] 
575.578: [Full GC (System) 575.579: [CMS: 179324K->179448K(300940K), 0.7726520 secs] 184241K->179448K(339660K), [CMS Perm : 53570K->53570K(89436K)], 0.7727740 secs] [Times: user=0.77 sys=0.00, real=0.78 secs] 
576.353: [Full GC (System) 576.353: [CMS: 179448K->179265K(300940K), 0.6990080 secs] 179744K->179265K(339660K), [CMS Perm : 53570K->53567K(89436K)], 0.6991460 secs] [Times: user=0.70 sys=0.00, real=0.70 secs] 
577.059: [Full GC (System) 577.059: [CMS: 179265K->179489K(300940K), 0.7037890 secs] 183315K->179489K(339660K), [CMS Perm : 53567K->53567K(89436K)], 0.7039410 secs] [Times: user=0.70 sys=0.01, real=0.71 secs] 
577.766: [Full GC (System) 577.766: [CMS: 179489K->179641K(300940K), 0.7018090 secs] 181558K->179641K(339660K), [CMS Perm : 53567K->53567K(89436K)], 0.7019220 secs] [Times: user=0.70 sys=0.00, real=0.70 secs] 
578.471: [Full GC (System) 578.471: [CMS: 179641K->179662K(300940K), 0.6963560 secs] 180493K->179662K(339660K), [CMS Perm : 53567K->53567K(89436K)], 0.6965030 secs] [Times: user=0.69 sys=0.00, real=0.69 secs] 
579.171: [Full GC (System) 579.172: [CMS: 179662K->179644K(300940K), 0.7010040 secs] 181164K->179644K(339660K), [CMS Perm : 53567K->53567K(89436K)], 0.7011570 secs] [Times: user=0.70 sys=0.01, real=0.70 secs] 
579.873: [Full GC (System) 579.873: [CMS: 179644K->179644K(300940K), 0.7007950 secs] 179664K->179644K(339660K), [CMS Perm : 53567K->53567K(89436K)], 0.7009350 secs] [Times: user=0.70 sys=0.00, real=0.70 secs] 
580.604: [Full GC (System) 580.604: [CMS: 179644K->179836K(300940K), 0.7132610 secs] 196351K->179836K(339660K), [CMS Perm : 53579K->53577K(89436K)], 0.7133840 secs] [Times: user=0.71 sys=0.00, real=0.71 secs] 
581.318: [Full GC (System) 581.318: [CMS: 179836K->179826K(300940K), 0.7010670 secs] 180145K->179826K(339660K), [CMS Perm : 53577K->53577K(89436K)], 0.7011810 secs] [Times: user=0.70 sys=0.00, real=0.70 secs] 
582.039: [Full GC (System) 582.039: [CMS: 179826K->180144K(300940K), 0.7123690 secs] 197572K->180144K(339660K), [CMS Perm : 53578K->53577K(89436K)], 0.7125120 secs] [Times: user=0.72 sys=0.00, real=0.72 secs] 
582.753: [Full GC (System) 582.754: [CMS: 180144K->180011K(300940K), 0.7097650 secs] 180705K->180011K(339660K), [CMS Perm : 53577K->53573K(89436K)], 0.7098770 secs] [Times: user=0.71 sys=0.00, real=0.71 secs] 
583.479: [Full GC (System) 583.479: [CMS: 180011K->180126K(300940K), 0.7103980 secs] 187959K->180126K(339660K), [CMS Perm : 53574K->53573K(89436K)], 0.7105220 secs] [Times: user=0.71 sys=0.00, real=0.71 secs] 
584.192: [Full GC (System) 584.192: [CMS: 180126K->180051K(300940K), 0.7044910 secs] 181648K->180051K(339660K), [CMS Perm : 53573K->53573K(89436K)], 0.7058880 secs] [Times: user=0.71 sys=0.00, real=0.70 secs] 
584.909: [Full GC (System) 584.909: [CMS: 180051K->180157K(300940K), 0.7395180 secs] 188407K->180157K(339660K), [CMS Perm : 53575K->53575K(89436K)], 0.7396410 secs] [Times: user=0.73 sys=0.00, real=0.74 secs] 
585.649: [Full GC (System) 585.649: [CMS: 180157K->180158K(300940K), 0.6910820 secs] 180169K->180158K(339660K), [CMS Perm : 53575K->53575K(89436K)], 0.6911920 secs] [Times: user=0.69 sys=0.00, real=0.69 secs] 
586.342: [Full GC (System) 586.342: [CMS: 180158K->180161K(300940K), 0.6959800 secs] 180287K->180161K(339660K), [CMS Perm : 53575K->53575K(89436K)], 0.6960970 secs] [Times: user=0.69 sys=0.00, real=0.69 secs] 
587.039: [Full GC (System) 587.039: [CMS: 180161K->180145K(300940K), 0.7028460 secs] 180318K->180145K(339660K), [CMS Perm : 53575K->53575K(89436K)], 0.7029950 secs] [Times: user=0.71 sys=0.00, real=0.71 secs] 
587.744: [Full GC (System) 587.745: [CMS: 180145K->180117K(300940K), 0.6951490 secs] 181515K->180117K(339660K), [CMS Perm : 53575K->53574K(89436K)], 0.6952920 secs] [Times: user=0.70 sys=0.00, real=0.69 secs] 
588.471: [Full GC (System) 588.472: [CMS: 180117K->180385K(300940K), 0.7929980 secs] 202776K->180385K(339660K), [CMS Perm : 53579K->53574K(89436K)], 0.7931290 secs] [Times: user=0.79 sys=0.00, real=0.80 secs] 
589.267: [Full GC (System) 589.267: [CMS: 180385K->180359K(300940K), 0.7077500 secs] 181577K->180359K(339660K), [CMS Perm : 53575K->53574K(89436K)], 0.7094330 secs] [Times: user=0.71 sys=0.00, real=0.71 secs] 
589.978: [Full GC (System) 589.978: [CMS: 180359K->180339K(300940K), 0.7030530 secs] 180505K->180339K(339660K), [CMS Perm : 53574K->53574K(89436K)], 0.7031630 secs] [Times: user=0.71 sys=0.00, real=0.70 secs] 
590.692: [Full GC (System) 590.692: [CMS: 180339K->180369K(300940K), 0.7054390 secs] 189114K->180369K(339660K), [CMS Perm : 53574K->53574K(89436K)], 0.7055640 secs] [Times: user=0.71 sys=0.00, real=0.70 secs] 
591.407: [Full GC (System) 591.407: [CMS: 180369K->180236K(300940K), 0.6990940 secs] 184816K->180236K(339660K), [CMS Perm : 53575K->53574K(89436K)], 0.6992140 secs] [Times: user=0.70 sys=0.00, real=0.70 secs] 
592.107: [Full GC (System) 592.107: [CMS: 180236K->180238K(300940K), 0.6976880 secs] 180308K->180238K(339660K), [CMS Perm : 53575K->53575K(89436K)], 0.6977960 secs] [Times: user=0.69 sys=0.00, real=0.70 secs] 
592.821: [Full GC (System) 592.821: [CMS: 180238K->179971K(300940K), 0.7725800 secs] 198471K->179971K(339660K), [CMS Perm : 53575K->53573K(89436K)], 0.7727040 secs] [Times: user=0.78 sys=0.00, real=0.78 secs] 
593.610: [Full GC (System) 593.610: [CMS: 179971K->179947K(300940K), 0.6997780 secs] 194796K->179947K(339660K), [CMS Perm : 53573K->53573K(89436K)], 0.6998990 secs] [Times: user=0.70 sys=0.00, real=0.70 secs] 
594.311: [Full GC (System) 594.311: [CMS: 179947K->179958K(300940K), 0.6961650 secs] 180300K->179958K(339660K), [CMS Perm : 53573K->53573K(89436K)], 0.6962930 secs] [Times: user=0.70 sys=0.00, real=0.70 secs] 
595.043: [GC 595.043: [ParNew
Desired survivor size 2195456 bytes, new threshold 4 (max 4)
- age   1:    1913864 bytes,    1913864 total
: 34432K->3225K(38720K), 0.0039940 secs] 214390K->183184K(339660K), 0.0040870 secs] [Times: user=0.01 sys=0.00, real=0.01 secs] 
595.079: [GC 595.079: [ParNew
Desired survivor size 2195456 bytes, new threshold 2 (max 4)
- age   1:    1236184 bytes,    1236184 total
- age   2:    1806888 bytes,    3043072 total
: 37657K->3405K(38720K), 0.0046230 secs] 217616K->183364K(339660K), 0.0047310 secs] [Times: user=0.02 sys=0.00, real=0.01 secs] 
595.123: [GC 595.123: [ParNew
Desired survivor size 2195456 bytes, new threshold 2 (max 4)
- age   1:    1700752 bytes,    1700752 total
- age   2:    1193024 bytes,    2893776 total
: 37837K->4288K(38720K), 0.0071920 secs] 217796K->186053K(339660K), 0.0072930 secs] [Times: user=0.02 sys=0.00, real=0.00 secs] 
595.154: [Full GC (System) 595.154: [CMS: 181765K->180130K(300940K), 0.7703340 secs] 199594K->180130K(339660K), [CMS Perm : 53592K->53573K(89436K)], 0.7704550 secs] [Times: user=0.76 sys=0.00, real=0.77 secs] 
595.968: [GC 595.969: [ParNew
Desired survivor size 2195456 bytes, new threshold 4 (max 4)
- age   1:    1487904 bytes,    1487904 total
: 34432K->2703K(38720K), 0.0037760 secs] 214562K->182834K(339660K), 0.0038590 secs] [Times: user=0.02 sys=0.00, real=0.00 secs] 
595.978: [Full GC (System) 595.978: [CMS: 180130K->180304K(300940K), 0.7049500 secs] 188262K->180304K(339660K), [CMS Perm : 53576K->53573K(89436K)], 0.7050680 secs] [Times: user=0.70 sys=0.00, real=0.71 secs] 
596.688: [Full GC (System) 596.688: [CMS: 180304K->180375K(300940K), 0.7237000 secs] 183440K->180375K(339660K), [CMS Perm : 53573K->53573K(89436K)], 0.7238130 secs] [Times: user=0.72 sys=0.00, real=0.72 secs] 
597.457: [Full GC (System) 597.457: [CMS: 180375K->181153K(300940K), 0.7337330 secs] 213511K->181153K(339660K), [CMS Perm : 53585K->53573K(89436K)], 0.7339460 secs] [Times: user=0.73 sys=0.00, real=0.73 secs] 
598.227: [GC 598.227: [ParNew
Desired survivor size 2195456 bytes, new threshold 4 (max 4)
- age   1:    1816552 bytes,    1816552 total
: 34624K->2305K(38912K), 0.0041790 secs] 215777K->183458K(340836K), 0.0042690 secs] [Times: user=0.01 sys=0.00, real=0.00 secs] 
598.260: [GC 598.260: [ParNew
Desired survivor size 2195456 bytes, new threshold 2 (max 4)
- age   1:     892368 bytes,     892368 total
- age   2:    1752640 bytes,    2645008 total
: 36929K->3394K(38912K), 0.0047780 secs] 218082K->184548K(340836K), 0.0048720 secs] [Times: user=0.02 sys=0.00, real=0.01 secs] 
598.291: [GC 598.291: [ParNew
Desired survivor size 2195456 bytes, new threshold 4 (max 4)
- age   1:     869096 bytes,     869096 total
- age   2:     833304 bytes,    1702400 total
: 38018K->2314K(38912K), 0.0185710 secs] 219172K->185383K(340836K), 0.0186590 secs] [Times: user=0.04 sys=0.00, real=0.02 secs] 
598.339: [GC 598.340: [ParNew
Desired survivor size 2195456 bytes, new threshold 3 (max 4)
- age   1:    1263128 bytes,    1263128 total
- age   2:     827680 bytes,    2090808 total
- age   3:     822648 bytes,    2913456 total
: 36938K->3666K(38912K), 0.0061360 secs] 220007K->186736K(340836K), 0.0062170 secs] [Times: user=0.02 sys=0.00, real=0.01 secs] 
598.375: [GC 598.375: [ParNew
Desired survivor size 2195456 bytes, new threshold 2 (max 4)
- age   1:    2194864 bytes,    2194864 total
- age   2:    1154160 bytes,    3349024 total
- age   3:     603952 bytes,    3952976 total
: 38290K->4288K(38912K), 0.0074680 secs] 221360K->188036K(340836K), 0.0075680 secs] [Times: user=0.03 sys=0.00, real=0.00 secs] 
598.439: [GC 598.439: [ParNew
Desired survivor size 2195456 bytes, new threshold 1 (max 4)
- age   1:    2197264 bytes,    2197264 total
- age   2:    1785968 bytes,    3983232 total
: 38912K->4288K(38912K), 0.0092590 secs] 222660K->190184K(340836K), 0.0093660 secs] [Times: user=0.03 sys=0.00, real=0.01 secs] 
598.511: [GC 598.511: [ParNew
Desired survivor size 2195456 bytes, new threshold 1 (max 4)
- age   1:    2408656 bytes,    2408656 total
: 38912K->4288K(38912K), 0.0132340 secs] 224808K->193211K(340836K), 0.0133330 secs] [Times: user=0.03 sys=0.00, real=0.02 secs] 
598.564: [GC 598.564: [ParNew
Desired survivor size 2195456 bytes, new threshold 4 (max 4)
- age   1:    1698176 bytes,    1698176 total
: 38912K->2307K(38912K), 0.0067810 secs] 227835K->192726K(340836K), 0.0068700 secs] [Times: user=0.02 sys=0.00, real=0.00 secs] 
598.607: [GC 598.607: [ParNew
Desired survivor size 2195456 bytes, new threshold 4 (max 4)
- age   1:    1486136 bytes,    1486136 total
- age   2:     392880 bytes,    1879016 total
: 36931K->2534K(38912K), 0.0063890 secs] 227350K->192954K(340836K), 0.0064660 secs] [Times: user=0.01 sys=0.00, real=0.01 secs] 
598.648: [GC 598.648: [ParNew
Desired survivor size 2195456 bytes, new threshold 2 (max 4)
- age   1:    2070536 bytes,    2070536 total
- age   2:     592856 bytes,    2663392 total
- age   3:     282816 bytes,    2946208 total
: 37158K->3597K(38912K), 0.0058770 secs] 227578K->194017K(340836K), 0.0059820 secs] [Times: user=0.02 sys=0.00, real=0.01 secs] 
598.694: [GC 598.694: [ParNew
Desired survivor size 2195456 bytes, new threshold 2 (max 4)
- age   1:     790408 bytes,     790408 total
- age   2:    1984176 bytes,    2774584 total
: 38221K->3911K(38912K), 0.0083930 secs] 228641K->195098K(340836K), 0.0084820 secs] [Times: user=0.03 sys=0.00, real=0.00 secs] 
599.054: [GC 599.054: [ParNew
Desired survivor size 2195456 bytes, new threshold 4 (max 4)
- age   1:    1505912 bytes,    1505912 total
- age   2:     400584 bytes,    1906496 total
: 38535K->2684K(38912K), 0.0077030 secs] 229722K->195956K(340836K), 0.0077950 secs] [Times: user=0.02 sys=0.00, real=0.00 secs] 
599.098: [Full GC (System) 599.098: [CMS: 193272K->183034K(301924K), 0.7988300 secs] 198249K->183034K(340836K), [CMS Perm : 53601K->53578K(89436K)], 0.7990680 secs] [Times: user=0.80 sys=0.00, real=0.80 secs] 
599.935: [Full GC (System) 599.935: [CMS: 183034K->183137K(305060K), 0.7324060 secs] 185063K->183137K(344356K), [CMS Perm : 53581K->53578K(89436K)], 0.7326040 secs] [Times: user=0.73 sys=0.00, real=0.73 secs] 
600.669: [Full GC (System) 600.669: [CMS: 183137K->183127K(305252K), 0.7107970 secs] 183735K->183127K(344548K), [CMS Perm : 53578K->53578K(89436K)], 0.7109070 secs] [Times: user=0.71 sys=0.00, real=0.71 secs] 
601.384: [Full GC (System) 601.384: [CMS: 183127K->183196K(305252K), 0.7122590 secs] 184661K->183196K(344548K), [CMS Perm : 53578K->53578K(89436K)], 0.7124340 secs] [Times: user=0.71 sys=0.00, real=0.71 secs] 
602.103: [Full GC (System) 602.103: [CMS: 183196K->183352K(305444K), 0.7145780 secs] 185280K->183352K(344740K), [CMS Perm : 53579K->53578K(89436K)], 0.7147650 secs] [Times: user=0.71 sys=0.00, real=0.72 secs] 
602.818: [Full GC (System) 602.818: [CMS: 183352K->183352K(305636K), 0.7088300 secs] 183608K->183352K(344996K), [CMS Perm : 53579K->53578K(89436K)], 0.7089400 secs] [Times: user=0.70 sys=0.00, real=0.71 secs] 
603.534: [Full GC (System) 603.534: [CMS: 183352K->183392K(305636K), 0.7135660 secs] 186469K->183392K(344996K), [CMS Perm : 53579K->53579K(89436K)], 0.7137800 secs] [Times: user=0.71 sys=0.00, real=0.72 secs] 
604.250: [Full GC (System) 604.250: [CMS: 183392K->183414K(305828K), 0.7343430 secs] 184520K->183414K(345188K), [CMS Perm : 53579K->53579K(89436K)], 0.7344550 secs] [Times: user=0.73 sys=0.00, real=0.74 secs] 
605.871: [Full GC (System) 605.872: [CMS: 183414K->183343K(305828K), 0.8563650 secs] 197155K->183343K(345188K), [CMS Perm : 53583K->53578K(89436K)], 0.8564960 secs] [Times: user=0.85 sys=0.00, real=0.86 secs] 
606.782: [Full GC (System) 606.782: [CMS: 183343K->183720K(305828K), 0.7134570 secs] 186762K->183720K(345188K), [CMS Perm : 53579K->53578K(89436K)], 0.7136570 secs] [Times: user=0.72 sys=0.00, real=0.72 secs] 
607.501: [Full GC (System) 607.501: [CMS: 183720K->183816K(306204K), 0.7123000 secs] 187040K->183816K(345628K), [CMS Perm : 53580K->53579K(89436K)], 0.7124930 secs] [Times: user=0.71 sys=0.00, real=0.71 secs] 
608.218: [Full GC (System) 608.218: [CMS: 183816K->183683K(306396K), 0.7093330 secs] 184775K->183683K(345884K), [CMS Perm : 53580K->53579K(89436K)], 0.7094530 secs] [Times: user=0.71 sys=0.00, real=0.71 secs] 
608.935: [Full GC (System) 608.935: [CMS: 183683K->183572K(306396K), 0.7338540 secs] 186164K->183572K(345884K), [CMS Perm : 53583K->53582K(89436K)], 0.7339780 secs] [Times: user=0.74 sys=0.00, real=0.73 secs] 
609.724: [Full GC (System) 609.724: [CMS: 183572K->183419K(306396K), 0.7281910 secs] 212648K->183419K(345884K), [CMS Perm : 53589K->53579K(89436K)], 0.7283140 secs] [Times: user=0.73 sys=0.00, real=0.73 secs] 
610.454: [Full GC (System) 610.454: [CMS: 183419K->183424K(306396K), 0.7111220 secs] 183657K->183424K(345884K), [CMS Perm : 53579K->53579K(89436K)], 0.7112340 secs] [Times: user=0.71 sys=0.00, real=0.72 secs] 
611.205: [GC 611.205: [ParNew
Desired survivor size 2228224 bytes, new threshold 4 (max 4)
- age   1:      48984 bytes,      48984 total
: 35136K->2067K(39488K), 0.0021630 secs] 218560K->185491K(345884K), 0.0022330 secs] [Times: user=0.01 sys=0.00, real=0.00 secs] 
611.258: [GC 611.258: [ParNew
Desired survivor size 2228224 bytes, new threshold 4 (max 4)
- age   1:     927280 bytes,     927280 total
- age   2:      47608 bytes,     974888 total
: 37203K->1183K(39488K), 0.0034700 secs] 220627K->184607K(345884K), 0.0035570 secs] [Times: user=0.01 sys=0.00, real=0.00 secs] 
611.363: [GC 611.363: [ParNew
Desired survivor size 2228224 bytes, new threshold 4 (max 4)
- age   1:    1203312 bytes,    1203312 total
- age   2:     915240 bytes,    2118552 total
- age   3:      47608 bytes,    2166160 total
: 36319K->2325K(39488K), 0.0051050 secs] 219743K->185749K(345884K), 0.0051850 secs] [Times: user=0.02 sys=0.00, real=0.01 secs] 
611.553: [GC 611.553: [ParNew
Desired survivor size 2228224 bytes, new threshold 2 (max 4)
- age   1:    1417992 bytes,    1417992 total
- age   2:    1018384 bytes,    2436376 total
- age   3:     188824 bytes,    2625200 total
- age   4:      47608 bytes,    2672808 total
: 37461K->3595K(39488K), 0.0055870 secs] 220885K->187020K(345884K), 0.0056740 secs] [Times: user=0.01 sys=0.00, real=0.01 secs] 
611.641: [GC 611.641: [ParNew
Desired survivor size 2228224 bytes, new threshold 4 (max 4)
- age   1:       3696 bytes,       3696 total
- age   2:    1408536 bytes,    1412232 total
: 38731K->2407K(39488K), 0.0061000 secs] 222156K->187208K(345884K), 0.0061820 secs] [Times: user=0.02 sys=0.00, real=0.01 secs] 
611.825: [GC 611.825: [ParNew
Desired survivor size 2228224 bytes, new threshold 3 (max 4)
- age   1:    1275312 bytes,    1275312 total
- age   2:       2384 bytes,    1277696 total
- age   3:    1060944 bytes,    2338640 total
: 37543K->2797K(39488K), 0.0049770 secs] 222344K->187599K(345884K), 0.0050540 secs] [Times: user=0.02 sys=0.00, real=0.00 secs] 
612.062: [GC 612.062: [ParNew
Desired survivor size 2228224 bytes, new threshold 4 (max 4)
- age   1:    1038808 bytes,    1038808 total
- age   2:     228520 bytes,    1267328 total
- age   3:       1424 bytes,    1268752 total
: 37933K->1494K(39488K), 0.0058010 secs] 222735K->187269K(345884K), 0.0058890 secs] [Times: user=0.02 sys=0.00, real=0.01 secs] 
612.158: [GC 612.158: [ParNew
Desired survivor size 2228224 bytes, new threshold 4 (max 4)
- age   1:     258264 bytes,     258264 total
- age   2:    1027376 bytes,    1285640 total
- age   3:      35024 bytes,    1320664 total
- age   4:       1424 bytes,    1322088 total
: 36630K->2141K(39488K), 0.0029950 secs] 222405K->187915K(345884K), 0.0030850 secs] [Times: user=0.01 sys=0.00, real=0.00 secs] 
612.227: [GC 612.227: [ParNew
Desired survivor size 2228224 bytes, new threshold 4 (max 4)
- age   1:    1365272 bytes,    1365272 total
- age   2:     243296 bytes,    1608568 total
- age   3:     138328 bytes,    1746896 total
- age   4:      34712 bytes,    1781608 total
: 37277K->2650K(39488K), 0.0038240 secs] 223051K->188426K(345884K), 0.0039070 secs] [Times: user=0.01 sys=0.00, real=0.00 secs] 
612.310: [GC 612.310: [ParNew
Desired survivor size 2228224 bytes, new threshold 3 (max 4)
- age   1:     829560 bytes,     829560 total
- age   2:    1212672 bytes,    2042232 total
- age   3:     243208 bytes,    2285440 total
- age   4:     133624 bytes,    2419064 total
: 37786K->3272K(39488K), 0.0039620 secs] 223562K->189082K(345884K), 0.0040480 secs] [Times: user=0.01 sys=0.00, real=0.00 secs] 
612.349: [Full GC (System) 612.349: [CMS: 185810K->183541K(306396K), 0.7348440 secs] 191788K->183541K(345884K), [CMS Perm : 53587K->53581K(89436K)], 0.7349630 secs] [Times: user=0.73 sys=0.00, real=0.73 secs] 
613.124: [Full GC (System) 613.124: [CMS: 183541K->183629K(306396K), 0.7072800 secs] 186249K->183629K(345884K), [CMS Perm : 53581K->53581K(89436K)], 0.7073960 secs] [Times: user=0.70 sys=0.00, real=0.71 secs] 
613.836: [Full GC (System) 613.836: [CMS: 183629K->183647K(306396K), 0.7127650 secs] 186262K->183647K(345884K), [CMS Perm : 53582K->53581K(89436K)], 0.7128800 secs] [Times: user=0.71 sys=0.00, real=0.71 secs] 
614.550: [Full GC (System) 614.550: [CMS: 183647K->183669K(306396K), 0.7053000 secs] 184230K->183669K(345884K), [CMS Perm : 53581K->53581K(89436K)], 0.7054120 secs] [Times: user=0.70 sys=0.00, real=0.70 secs] 
615.256: [Full GC (System) 615.256: [CMS: 183669K->183661K(306396K), 0.7119380 secs] 183786K->183661K(345884K), [CMS Perm : 53581K->53581K(89436K)], 0.7120490 secs] [Times: user=0.71 sys=0.00, real=0.71 secs] 
615.972: [Full GC (System) 615.972: [CMS: 183661K->183736K(306396K), 0.7043270 secs] 185680K->183736K(345884K), [CMS Perm : 53581K->53581K(89436K)], 0.7054730 secs] [Times: user=0.71 sys=0.00, real=0.71 secs] 
616.678: [Full GC (System) 616.678: [CMS: 183736K->183737K(306396K), 0.7051510 secs] 184057K->183737K(345884K), [CMS Perm : 53581K->53581K(89436K)], 0.7052610 secs] [Times: user=0.70 sys=0.00, real=0.70 secs] 
617.387: [Full GC (System) 617.387: [CMS: 183737K->183708K(306396K), 0.7123840 secs] 185980K->183708K(345884K), [CMS Perm : 53582K->53581K(89436K)], 0.7124970 secs] [Times: user=0.71 sys=0.00, real=0.71 secs] 
618.104: [Full GC (System) 618.104: [CMS: 183708K->183671K(306396K), 0.7098770 secs] 185845K->183671K(345884K), [CMS Perm : 53581K->53581K(89436K)], 0.7099980 secs] [Times: user=0.71 sys=0.00, real=0.71 secs] 
618.817: [Full GC (System) 618.817: [CMS: 183671K->183786K(306396K), 0.7097470 secs] 186054K->183786K(345884K), [CMS Perm : 53581K->53581K(89436K)], 0.7098570 secs] [Times: user=0.71 sys=0.00, real=0.71 secs] 
619.528: [Full GC (System) 619.528: [CMS: 183786K->183784K(306396K), 0.7125720 secs] 184678K->183784K(345884K), [CMS Perm : 53581K->53581K(89436K)], 0.7126830 secs] [Times: user=0.71 sys=0.00, real=0.71 secs] 
620.249: [Full GC (System) 620.249: [CMS: 183784K->183639K(306396K), 0.7061460 secs] 189661K->183639K(345884K), [CMS Perm : 53583K->53581K(89436K)], 0.7062670 secs] [Times: user=0.70 sys=0.00, real=0.70 secs] 
620.958: [Full GC (System) 620.958: [CMS: 183639K->183688K(306396K), 0.7052140 secs] 184294K->183688K(345884K), [CMS Perm : 53581K->53581K(89436K)], 0.7053210 secs] [Times: user=0.71 sys=0.00, real=0.70 secs] 
621.665: [Full GC (System) 621.665: [CMS: 183688K->183791K(306396K), 0.7085220 secs] 185151K->183791K(345884K), [CMS Perm : 53581K->53581K(89436K)], 0.7086390 secs] [Times: user=0.71 sys=0.00, real=0.71 secs] 
622.381: [Full GC (System) 622.381: [CMS: 183791K->183924K(306396K), 0.7186110 secs] 187833K->183924K(345884K), [CMS Perm : 53585K->53585K(89436K)], 0.7188200 secs] [Times: user=0.72 sys=0.00, real=0.72 secs] 
623.138: [Full GC (System) 623.138: [CMS: 183924K->183429K(306588K), 0.7167200 secs] 200552K->183429K(346076K), [CMS Perm : 53586K->53582K(89436K)], 0.7168410 secs] [Times: user=0.72 sys=0.00, real=0.71 secs] 
623.933: [GC 623.933: [ParNew
Desired survivor size 2228224 bytes, new threshold 4 (max 4)
- age   1:     834992 bytes,     834992 total
: 35136K->2180K(39488K), 0.0024240 secs] 218565K->185610K(346076K), 0.0024980 secs] [Times: user=0.00 sys=0.00, real=0.00 secs] 
624.046: [GC 624.046: [ParNew
Desired survivor size 2228224 bytes, new threshold 4 (max 4)
- age   1:     394784 bytes,     394784 total
- age   2:     833800 bytes,    1228584 total
: 37316K->1310K(39488K), 0.0029470 secs] 220746K->184740K(346076K), 0.0030130 secs] [Times: user=0.01 sys=0.00, real=0.01 secs] 
624.245: [GC 624.245: [ParNew
Desired survivor size 2228224 bytes, new threshold 4 (max 4)
- age   1:    1234584 bytes,    1234584 total
- age   2:       5632 bytes,    1240216 total
- age   3:       4432 bytes,    1244648 total
: 36446K->1902K(39488K), 0.0030900 secs] 219876K->185331K(346076K), 0.0031990 secs] [Times: user=0.01 sys=0.00, real=0.01 secs] 
624.437: [GC 624.437: [ParNew
Desired survivor size 2228224 bytes, new threshold 4 (max 4)
- age   1:     893256 bytes,     893256 total
- age   2:     318144 bytes,    1211400 total
- age   3:       5512 bytes,    1216912 total
- age   4:       4304 bytes,    1221216 total
: 37038K->2070K(39488K), 0.0029220 secs] 220467K->185500K(346076K), 0.0029920 secs] [Times: user=0.01 sys=0.00, real=0.00 secs] 
624.523: [GC 624.523: [ParNew
Desired survivor size 2228224 bytes, new threshold 4 (max 4)
- age   1:     339880 bytes,     339880 total
- age   2:     893256 bytes,    1233136 total
- age   3:       1728 bytes,    1234864 total
- age   4:       5440 bytes,    1240304 total
: 37206K->1486K(39488K), 0.0030110 secs] 220636K->184928K(346076K), 0.0030820 secs] [Times: user=0.01 sys=0.00, real=0.00 secs] 
637.058: [Full GC (System) 637.058: [CMS: 183441K->183703K(306588K), 0.8725320 secs] 218045K->183703K(346076K), [CMS Perm : 53587K->53581K(89436K)], 0.8726640 secs] [Times: user=0.87 sys=0.00, real=0.88 secs] 
637.934: [Full GC (System) 637.934: [CMS: 183703K->183737K(306588K), 0.7686870 secs] 185009K->183737K(346076K), [CMS Perm : 53581K->53581K(89436K)], 0.7687950 secs] [Times: user=0.76 sys=0.00, real=0.77 secs] 
638.706: [Full GC (System) 638.706: [CMS: 183737K->183771K(306588K), 0.7143140 secs] 185373K->183771K(346076K), [CMS Perm : 53581K->53581K(89436K)], 0.7144270 secs] [Times: user=0.71 sys=0.00, real=0.72 secs] 
639.681: [Full GC (System) 639.681: [CMS: 183771K->183687K(306588K), 0.7197060 secs] 186384K->183687K(346076K), [CMS Perm : 53583K->53581K(89436K)], 0.7198660 secs] [Times: user=0.72 sys=0.00, real=0.72 secs] 
640.423: [Full GC (System) 640.423: [CMS: 183687K->184086K(306588K), 0.7129970 secs] 187836K->184086K(346076K), [CMS Perm : 53582K->53581K(89436K)], 0.7131780 secs] [Times: user=0.71 sys=0.00, real=0.71 secs] 
641.140: [Full GC (System) 641.140: [CMS: 184086K->184118K(306812K), 0.7137680 secs] 185889K->184118K(346300K), [CMS Perm : 53581K->53581K(89436K)], 0.7139490 secs] [Times: user=0.72 sys=0.00, real=0.72 secs] 
641.880: [Full GC (System) 641.880: [CMS: 184118K->183710K(307004K), 0.7129860 secs] 188099K->183710K(346556K), [CMS Perm : 53581K->53581K(89436K)], 0.7148760 secs] [Times: user=0.72 sys=0.00, real=0.71 secs] 
642.598: [Full GC (System) 642.598: [CMS: 183710K->183819K(307004K), 0.7326620 secs] 185032K->183819K(346556K), [CMS Perm : 53582K->53582K(89436K)], 0.7327980 secs] [Times: user=0.73 sys=0.00, real=0.74 secs] 
643.333: [Full GC (System) 643.334: [CMS: 183819K->184012K(307004K), 0.7107510 secs] 185029K->184012K(346556K), [CMS Perm : 53584K->53584K(89436K)], 0.7108660 secs] [Times: user=0.71 sys=0.00, real=0.71 secs] 
644.046: [Full GC (System) 644.046: [CMS: 184012K->184032K(307004K), 0.7059850 secs] 184849K->184032K(346556K), [CMS Perm : 53584K->53584K(89436K)], 0.7060980 secs] [Times: user=0.71 sys=0.01, real=0.71 secs] 
644.753: [Full GC (System) 644.753: [CMS: 184032K->184026K(307004K), 0.7062990 secs] 184313K->184026K(346556K), [CMS Perm : 53584K->53584K(89436K)], 0.7064380 secs] [Times: user=0.71 sys=0.00, real=0.71 secs] 
645.463: [Full GC (System) 645.463: [CMS: 184026K->184031K(307004K), 0.7112600 secs] 185723K->184031K(346556K), [CMS Perm : 53585K->53584K(89436K)], 0.7113740 secs] [Times: user=0.71 sys=0.00, real=0.71 secs] 
646.178: [Full GC (System) 646.178: [CMS: 184031K->184123K(307004K), 0.7060100 secs] 185373K->184123K(346556K), [CMS Perm : 53584K->53584K(89436K)], 0.7061260 secs] [Times: user=0.70 sys=0.00, real=0.71 secs] 
646.886: [Full GC (System) 646.886: [CMS: 184123K->184112K(307004K), 0.7129100 secs] 185166K->184112K(346556K), [CMS Perm : 53584K->53584K(89436K)], 0.7130500 secs] [Times: user=0.71 sys=0.00, real=0.71 secs] 
647.745: [Full GC (System) 647.745: [CMS: 184112K->183730K(307004K), 0.7113250 secs] 187364K->183730K(346556K), [CMS Perm : 53584K->53581K(89436K)], 0.7114440 secs] [Times: user=0.71 sys=0.00, real=0.71 secs] 
648.460: [Full GC (System) 648.460: [CMS: 183730K->183946K(307004K), 0.7046940 secs] 186422K->183946K(346556K), [CMS Perm : 53581K->53581K(89436K)], 0.7048250 secs] [Times: user=0.71 sys=0.00, real=0.71 secs] 
649.173: [Full GC (System) 649.173: [CMS: 183946K->184178K(307004K), 0.7368450 secs] 186462K->184178K(346556K), [CMS Perm : 53582K->53581K(89436K)], 0.7369640 secs] [Times: user=0.74 sys=0.00, real=0.73 secs] 
650.030: [GC 650.030: [ParNew
Desired survivor size 2228224 bytes, new threshold 4 (max 4)
- age   1:     891848 bytes,     891848 total
: 35200K->1367K(39552K), 0.0026280 secs] 219378K->185546K(346556K), 0.0027090 secs] [Times: user=0.01 sys=0.00, real=0.01 secs] 
650.103: [GC 650.103: [ParNew
Desired survivor size 2228224 bytes, new threshold 4 (max 4)
- age   1:      25736 bytes,      25736 total
- age   2:     878096 bytes,     903832 total
: 36567K->1467K(39552K), 0.0024730 secs] 220746K->185645K(346556K), 0.0025410 secs] [Times: user=0.01 sys=0.00, real=0.00 secs] 
650.245: [GC 650.245: [ParNew
Desired survivor size 2228224 bytes, new threshold 1 (max 4)
- age   1:    2272808 bytes,    2272808 total
- age   2:       9712 bytes,    2282520 total
- age   3:     677664 bytes,    2960184 total
: 36667K->3101K(39552K), 0.0046200 secs] 220845K->187280K(346556K), 0.0047110 secs] [Times: user=0.01 sys=0.00, real=0.00 secs] 
650.291: [Full GC (System) 650.291: [CMS: 184178K->183191K(307004K), 0.7296330 secs] 189300K->183191K(346556K), [CMS Perm : 53597K->53582K(89436K)], 0.7297430 secs] [Times: user=0.73 sys=0.00, real=0.73 secs] 
651.072: [Full GC (System) 651.072: [CMS: 183191K->183634K(307004K), 0.7029840 secs] 186545K->183634K(346556K), [CMS Perm : 53582K->53582K(89436K)], 0.7031010 secs] [Times: user=0.70 sys=0.00, real=0.70 secs] 
651.779: [Full GC (System) 651.779: [CMS: 183634K->183596K(307004K), 0.7023400 secs] 186020K->183596K(346556K), [CMS Perm : 53582K->53582K(89436K)], 0.7024510 secs] [Times: user=0.71 sys=0.00, real=0.71 secs] 
652.488: [Full GC (System) 652.488: [CMS: 183596K->183586K(307004K), 0.7180130 secs] 187078K->183586K(346556K), [CMS Perm : 53582K->53582K(89436K)], 0.7181350 secs] [Times: user=0.71 sys=0.00, real=0.72 secs] 
653.210: [Full GC (System) 653.211: [CMS: 183586K->183378K(307004K), 0.8634260 secs] 185246K->183378K(346556K), [CMS Perm : 53582K->53582K(89436K)], 0.8635370 secs] [Times: user=0.86 sys=0.01, real=0.87 secs] 
654.076: [Full GC (System) 654.076: [CMS: 183378K->183420K(307004K), 0.7711030 secs] 184301K->183420K(346556K), [CMS Perm : 53582K->53582K(89436K)], 0.7712160 secs] [Times: user=0.77 sys=0.00, real=0.77 secs] 
654.899: [Full GC (System) 654.899: [CMS: 183420K->183643K(307004K), 0.7053280 secs] 199914K->183643K(346556K), [CMS Perm : 53588K->53586K(89436K)], 0.7054490 secs] [Times: user=0.71 sys=0.00, real=0.71 secs] 
655.606: [Full GC (System) 655.606: [CMS: 183643K->183431K(307004K), 0.7002910 secs] 183941K->183431K(346556K), [CMS Perm : 53586K->53583K(89436K)], 0.7003990 secs] [Times: user=0.70 sys=0.00, real=0.70 secs] 
656.446: [GC 656.446: [ParNew
Desired survivor size 2228224 bytes, new threshold 1 (max 4)
- age   1:    2396872 bytes,    2396872 total
: 35200K->4017K(39552K), 0.0043740 secs] 218631K->187449K(346556K), 0.0044580 secs] [Times: user=0.02 sys=0.00, real=0.00 secs] 
656.594: [GC 656.594: [ParNew
Desired survivor size 2228224 bytes, new threshold 1 (max 4)
- age   1:    3877536 bytes,    3877536 total
: 39217K->4352K(39552K), 0.0086980 secs] 222649K->189322K(346556K), 0.0087930 secs] [Times: user=0.03 sys=0.00, real=0.01 secs] 
656.685: [GC 656.685: [ParNew
Desired survivor size 2228224 bytes, new threshold 1 (max 4)
- age   1:    4456288 bytes,    4456288 total
: 39552K->4352K(39552K), 0.0192920 secs] 224522K->196197K(346556K), 0.0194000 secs] [Times: user=0.07 sys=0.00, real=0.02 secs] 
656.851: [GC 656.851: [ParNew
Desired survivor size 2228224 bytes, new threshold 4 (max 4)
- age   1:    1691464 bytes,    1691464 total
: 39552K->4079K(39552K), 0.0111230 secs] 231397K->199722K(346556K), 0.0112280 secs] [Times: user=0.04 sys=0.00, real=0.02 secs] 
656.946: [GC 656.946: [ParNew
Desired survivor size 2228224 bytes, new threshold 4 (max 4)
- age   1:        936 bytes,        936 total
- age   2:    1665360 bytes,    1666296 total
: 39279K->2443K(39552K), 0.0030940 secs] 234922K->198087K(346556K), 0.0031810 secs] [Times: user=0.01 sys=0.00, real=0.00 secs] 
657.093: [GC 657.093: [ParNew
Desired survivor size 2228224 bytes, new threshold 4 (max 4)
- age   1:    1721720 bytes,    1721720 total
- age   3:     101432 bytes,    1823152 total
: 37643K->2865K(39552K), 0.0035360 secs] 233287K->198508K(346556K), 0.0036140 secs] [Times: user=0.01 sys=0.00, real=0.00 secs] 
657.251: [GC 657.251: [ParNew
Desired survivor size 2228224 bytes, new threshold 4 (max 4)
- age   1:    1676568 bytes,    1676568 total
- age   2:     194512 bytes,    1871080 total
- age   4:     100880 bytes,    1971960 total
: 38065K->3043K(39552K), 0.0035170 secs] 233708K->198687K(346556K), 0.0036190 secs] [Times: user=0.01 sys=0.00, real=0.01 secs] 
657.341: [GC 657.341: [ParNew
Desired survivor size 2228224 bytes, new threshold 4 (max 4)
- age   1:      79624 bytes,      79624 total
- age   2:    1656808 bytes,    1736432 total
- age   3:     113784 bytes,    1850216 total
: 38243K->2330K(39552K), 0.0036710 secs] 233887K->198073K(346556K), 0.0037520 secs] [Times: user=0.01 sys=0.00, real=0.01 secs] 
657.494: [GC 657.494: [ParNew
Desired survivor size 2228224 bytes, new threshold 4 (max 4)
- age   1:    1818784 bytes,    1818784 total
- age   2:        120 bytes,    1818904 total
- age   3:     128128 bytes,    1947032 total
- age   4:     113664 bytes,    2060696 total
: 37530K->3658K(39552K), 0.0037460 secs] 233273K->199401K(346556K), 0.0038270 secs] [Times: user=0.01 sys=0.00, real=0.00 secs] 
657.590: [GC 657.590: [ParNew
Desired survivor size 2228224 bytes, new threshold 4 (max 4)
- age   1:     859928 bytes,     859928 total
- age   2:     931720 bytes,    1791648 total
- age   4:     127664 bytes,    1919312 total
: 38858K->2407K(39552K), 0.0036340 secs] 234601K->198262K(346556K), 0.0037150 secs] [Times: user=0.01 sys=0.00, real=0.01 secs] 
657.724: [GC 657.725: [ParNew
Desired survivor size 2228224 bytes, new threshold 4 (max 4)
- age   1:     457232 bytes,     457232 total
- age   2:     848632 bytes,    1305864 total
- age   3:     504560 bytes,    1810424 total
: 37607K->2560K(39552K), 0.0036680 secs] 233462K->198541K(346556K), 0.0037460 secs] [Times: user=0.01 sys=0.00, real=0.00 secs] 
662.162: [GC 662.163: [ParNew
Desired survivor size 2228224 bytes, new threshold 4 (max 4)
- age   1:    1405384 bytes,    1405384 total
- age   2:     403104 bytes,    1808488 total
- age   3:        168 bytes,    1808656 total
- age   4:     364272 bytes,    2172928 total
: 37760K->3664K(39552K), 0.0035200 secs] 233741K->199646K(346556K), 0.0036030 secs] [Times: user=0.02 sys=0.00, real=0.01 secs] 
663.883: [GC 663.883: [ParNew
Desired survivor size 2228224 bytes, new threshold 4 (max 4)
- age   1:     400176 bytes,     400176 total
- age   2:    1286304 bytes,    1686480 total
- age   3:      86760 bytes,    1773240 total
- age   4:        168 bytes,    1773408 total
: 38864K->2507K(39552K), 0.0040400 secs] 234846K->198862K(346556K), 0.0041320 secs] [Times: user=0.02 sys=0.00, real=0.00 secs] 
664.021: [GC 664.021: [ParNew
Desired survivor size 2228224 bytes, new threshold 4 (max 4)
- age   1:    1228160 bytes,    1228160 total
- age   2:      79096 bytes,    1307256 total
- age   3:     397712 bytes,    1704968 total
- age   4:      86568 bytes,    1791536 total
: 37707K->2576K(39552K), 0.0032710 secs] 234062K->198931K(346556K), 0.0033490 secs] [Times: user=0.01 sys=0.00, real=0.01 secs] 
664.166: [GC 664.166: [ParNew
Desired survivor size 2228224 bytes, new threshold 4 (max 4)
- age   1:     904000 bytes,     904000 total
- age   2:     316608 bytes,    1220608 total
- age   3:      74504 bytes,    1295112 total
- age   4:     397712 bytes,    1692824 total
: 37776K->2520K(39552K), 0.0032350 secs] 234131K->198963K(346556K), 0.0033140 secs] [Times: user=0.01 sys=0.00, real=0.00 secs] 
664.510: [GC 664.510: [ParNew
Desired survivor size 2228224 bytes, new threshold 4 (max 4)
- age   1:     425688 bytes,     425688 total
- age   2:     889368 bytes,    1315056 total
- age   3:        192 bytes,    1315248 total
- age   4:      72352 bytes,    1387600 total
: 37716K->2489K(39552K), 0.0059310 secs] 234159K->199334K(346556K), 0.0060180 secs] [Times: user=0.02 sys=0.00, real=0.01 secs] 
664.738: [GC 664.738: [ParNew
Desired survivor size 2228224 bytes, new threshold 4 (max 4)
- age   1:    1296376 bytes,    1296376 total
- age   2:      90928 bytes,    1387304 total
- age   3:        672 bytes,    1387976 total
: 37689K->1846K(39552K), 0.0045290 secs] 234534K->198768K(346556K), 0.0045970 secs] [Times: user=0.01 sys=0.00, real=0.01 secs] 
664.839: [GC 664.839: [ParNew
Desired survivor size 2228224 bytes, new threshold 4 (max 4)
- age   1:     873848 bytes,     873848 total
- age   2:     425328 bytes,    1299176 total
- age   3:      90808 bytes,    1389984 total
- age   4:        672 bytes,    1390656 total
: 37046K->1871K(39552K), 0.0047900 secs] 233968K->198793K(346556K), 0.0048560 secs] [Times: user=0.01 sys=0.00, real=0.01 secs] 
664.969: [GC 664.969: [ParNew
Desired survivor size 2228224 bytes, new threshold 4 (max 4)
- age   1:     372296 bytes,     372296 total
- age   2:     857384 bytes,    1229680 total
- age   3:      77520 bytes,    1307200 total
- age   4:      90736 bytes,    1397936 total
: 37071K->1663K(39552K), 0.0054210 secs] 233993K->198585K(346556K), 0.0054910 secs] [Times: user=0.01 sys=0.00, real=0.01 secs] 
666.708: [GC 666.709: [ParNew
Desired survivor size 2228224 bytes, new threshold 4 (max 4)
- age   1:    1225584 bytes,    1225584 total
- age   2:        264 bytes,    1225848 total
- age   4:      72800 bytes,    1298648 total
: 36863K->1695K(39552K), 0.0039720 secs] 233785K->198695K(346556K), 0.0040460 secs] [Times: user=0.01 sys=0.00, real=0.00 secs] 
666.806: [GC 666.806: [ParNew
Desired survivor size 2228224 bytes, new threshold 4 (max 4)
- age   1:     880432 bytes,     880432 total
- age   2:     350320 bytes,    1230752 total
- age   3:        144 bytes,    1230896 total
: 36895K->2257K(39552K), 0.0086140 secs] 233895K->199335K(346556K), 0.0086800 secs] [Times: user=0.03 sys=0.00, real=0.01 secs] 
667.024: [GC 667.024: [ParNew
Desired survivor size 2228224 bytes, new threshold 4 (max 4)
- age   1:     372272 bytes,     372272 total
- age   2:     861264 bytes,    1233536 total
- age   3:       1888 bytes,    1235424 total
- age   4:         72 bytes,    1235496 total
: 37457K->1740K(39552K), 0.0047800 secs] 234535K->198817K(346556K), 0.0048710 secs] [Times: user=0.01 sys=0.00, real=0.00 secs] 
688.617: [GC 688.617: [ParNew
Desired survivor size 2228224 bytes, new threshold 4 (max 4)
- age   1:    1119256 bytes,    1119256 total
- age   2:     316800 bytes,    1436056 total
- age   4:       1592 bytes,    1437648 total
: 36940K->1647K(39552K), 0.0039280 secs] 234017K->198724K(346556K), 0.0040030 secs] [Times: user=0.01 sys=0.00, real=0.00 secs] 
688.732: [GC 688.732: [ParNew
Desired survivor size 2228224 bytes, new threshold 4 (max 4)
- age   1:     728320 bytes,     728320 total
- age   2:    1098984 bytes,    1827304 total
- age   3:     316800 bytes,    2144104 total
: 36847K->2655K(39552K), 0.0042170 secs] 233924K->199733K(346556K), 0.0042980 secs] [Times: user=0.02 sys=0.00, real=0.00 secs] 
688.813: [GC 688.814: [ParNew
Desired survivor size 2228224 bytes, new threshold 4 (max 4)
- age   1:       9760 bytes,       9760 total
- age   2:     727984 bytes,     737744 total
- age   3:    1098984 bytes,    1836728 total
- age   4:     316800 bytes,    2153528 total
: 37855K->3329K(39552K), 0.0035970 secs] 234933K->200407K(346556K), 0.0036760 secs] [Times: user=0.02 sys=0.00, real=0.01 secs] 
691.341: [GC 691.341: [ParNew
Desired survivor size 2228224 bytes, new threshold 1 (max 4)
- age   1:    2304240 bytes,    2304240 total
- age   3:     501232 bytes,    2805472 total
- age   4:     942968 bytes,    3748440 total
: 38529K->4352K(39552K), 0.0062460 secs] 235607K->201795K(346556K), 0.0063400 secs] [Times: user=0.02 sys=0.01, real=0.01 secs] 
691.462: [GC 691.462: [ParNew
Desired survivor size 2228224 bytes, new threshold 4 (max 4)
- age   1:    1239120 bytes,    1239120 total
: 39552K->3291K(39552K), 0.0093000 secs] 236995K->203959K(346556K), 0.0094000 secs] [Times: user=0.03 sys=0.00, real=0.01 secs] 
691.599: [GC 691.599: [ParNew
Desired survivor size 2228224 bytes, new threshold 1 (max 4)
- age   1:    2859192 bytes,    2859192 total
- age   2:     619552 bytes,    3478744 total
: 38491K->3913K(39552K), 0.0054840 secs] 239159K->204581K(346556K), 0.0055710 secs] [Times: user=0.02 sys=0.00, real=0.00 secs] 
691.741: [GC 691.741: [ParNew
Desired survivor size 2228224 bytes, new threshold 4 (max 4)
- age   1:    1606080 bytes,    1606080 total
: 39113K->2850K(39552K), 0.0079050 secs] 239781K->205721K(346556K), 0.0079960 secs] [Times: user=0.02 sys=0.00, real=0.01 secs] 
691.908: [GC 691.908: [ParNew
Desired survivor size 2228224 bytes, new threshold 4 (max 4)
- age   1:    1525824 bytes,    1525824 total
- age   2:     270008 bytes,    1795832 total
: 38050K->2271K(39552K), 0.0032950 secs] 240921K->205143K(346556K), 0.0033940 secs] [Times: user=0.01 sys=0.00, real=0.00 secs] 
692.046: [GC 692.046: [ParNew
Desired survivor size 2228224 bytes, new threshold 4 (max 4)
- age   1:    1644192 bytes,    1644192 total
- age   2:     160592 bytes,    1804784 total
- age   3:     269536 bytes,    2074320 total
: 37471K->2841K(39552K), 0.0034450 secs] 240343K->205713K(346556K), 0.0035280 secs] [Times: user=0.01 sys=0.00, real=0.01 secs] 
692.187: [GC 692.187: [ParNew
Desired survivor size 2228224 bytes, new threshold 1 (max 4)
- age   1:    2400928 bytes,    2400928 total
- age   2:     266152 bytes,    2667080 total
- age   3:     160128 bytes,    2827208 total
- age   4:     269536 bytes,    3096744 total
: 38041K->3778K(39552K), 0.0047390 secs] 240913K->206650K(346556K), 0.0048500 secs] [Times: user=0.02 sys=0.00, real=0.00 secs] 
692.331: [GC 692.331: [ParNew
Desired survivor size 2228224 bytes, new threshold 4 (max 4)
- age   1:    1720032 bytes,    1720032 total
: 38978K->3456K(39552K), 0.0061250 secs] 241850K->207989K(346556K), 0.0062180 secs] [Times: user=0.03 sys=0.00, real=0.01 secs] 
692.471: [GC 692.471: [ParNew
Desired survivor size 2228224 bytes, new threshold 2 (max 4)
- age   1:    2144520 bytes,    2144520 total
- age   2:     336000 bytes,    2480520 total
: 38656K->2881K(39552K), 0.0037740 secs] 243189K->207413K(346556K), 0.0038610 secs] [Times: user=0.01 sys=0.00, real=0.00 secs] 
697.059: [Full GC (System) 697.059: [CMS: 204532K->199318K(307004K), 0.9390440 secs] 225574K->199318K(346556K), [CMS Perm : 53634K->53604K(89436K)], 0.9392990 secs] [Times: user=0.94 sys=0.00, real=0.94 secs] 
698.002: [Full GC (System) 698.002: [CMS: 199318K->199576K(332200K), 0.9314000 secs] 202311K->199576K(374952K), [CMS Perm : 53604K->53604K(89436K)], 0.9316010 secs] [Times: user=0.93 sys=0.00, real=0.93 secs] 
698.936: [Full GC (System) 698.936: [CMS: 199576K->199324K(332628K), 0.8654320 secs] 200744K->199324K(375444K), [CMS Perm : 53604K->53604K(89436K)], 0.8655410 secs] [Times: user=0.86 sys=0.00, real=0.87 secs] 
700.353: [Full GC (System) 700.353: [CMS: 199324K->199235K(332628K), 0.8537860 secs] 205511K->199235K(375444K), [CMS Perm : 53606K->53604K(89436K)], 0.8554920 secs] [Times: user=0.85 sys=0.00, real=0.85 secs] 
701.262: [Full GC (System) 701.262: [CMS: 199235K->199686K(332628K), 0.8425350 secs] 218729K->199686K(375444K), [CMS Perm : 53606K->53603K(89436K)], 0.8427540 secs] [Times: user=0.85 sys=0.00, real=0.84 secs] 
702.114: [Full GC (System) 702.114: [CMS: 199686K->199521K(332820K), 0.8666290 secs] 204265K->199521K(375636K), [CMS Perm : 53604K->53604K(89436K)], 0.8667500 secs] [Times: user=0.86 sys=0.00, real=0.87 secs] 
702.983: [Full GC (System) 702.983: [CMS: 199521K->199574K(332820K), 0.8474330 secs] 201554K->199574K(375636K), [CMS Perm : 53604K->53604K(89436K)], 0.8475480 secs] [Times: user=0.84 sys=0.01, real=0.85 secs] 
703.833: [Full GC (System) 703.833: [CMS: 199574K->199701K(332820K), 0.7682550 secs] 201742K->199701K(375636K), [CMS Perm : 53604K->53604K(89436K)], 0.7684410 secs] [Times: user=0.77 sys=0.00, real=0.77 secs] 
704.606: [Full GC (System) 704.606: [CMS: 199701K->199807K(333012K), 0.7745950 secs] 202672K->199807K(375892K), [CMS Perm : 53604K->53604K(89436K)], 0.7748480 secs] [Times: user=0.77 sys=0.00, real=0.78 secs] 
705.384: [Full GC (System) 705.384: [CMS: 199807K->200035K(333204K), 0.7736670 secs] 202127K->200035K(376084K), [CMS Perm : 53607K->53607K(89436K)], 0.7738510 secs] [Times: user=0.78 sys=0.00, real=0.77 secs] 
706.162: [Full GC (System) 706.162: [CMS: 200035K->199950K(333396K), 0.7744710 secs] 202557K->199950K(376340K), [CMS Perm : 53607K->53607K(89436K)], 0.7745970 secs] [Times: user=0.77 sys=0.00, real=0.77 secs] 
706.938: [Full GC (System) 706.938: [CMS: 199950K->200025K(333396K), 0.7759380 secs] 200817K->200025K(376340K), [CMS Perm : 53607K->53607K(89436K)], 0.7760490 secs] [Times: user=0.77 sys=0.01, real=0.78 secs] 
707.717: [Full GC (System) 707.717: [CMS: 200025K->199789K(333396K), 0.7556460 secs] 201226K->199789K(376340K), [CMS Perm : 53607K->53607K(89436K)], 0.7557600 secs] [Times: user=0.75 sys=0.00, real=0.76 secs] 
708.479: [Full GC (System) 708.479: [CMS: 199789K->199481K(333396K), 0.7763980 secs] 202750K->199481K(376340K), [CMS Perm : 53607K->53607K(89436K)], 0.7765100 secs] [Times: user=0.77 sys=0.00, real=0.78 secs] 
709.258: [Full GC (System) 709.258: [CMS: 199481K->199299K(333396K), 0.7690650 secs] 201062K->199299K(376340K), [CMS Perm : 53607K->53603K(89436K)], 0.7691780 secs] [Times: user=0.77 sys=0.00, real=0.77 secs] 
710.029: [Full GC (System) 710.029: [CMS: 199299K->199305K(333396K), 0.7687260 secs] 199684K->199305K(376340K), [CMS Perm : 53604K->53603K(89436K)], 0.7688680 secs] [Times: user=0.77 sys=0.00, real=0.77 secs] 
710.801: [Full GC (System) 710.801: [CMS: 199305K->199333K(333396K), 0.7648830 secs] 200484K->199333K(376340K), [CMS Perm : 53604K->53604K(89436K)], 0.7649930 secs] [Times: user=0.76 sys=0.00, real=0.76 secs] 
711.701: [GC 711.701: [ParNew
Desired survivor size 2424832 bytes, new threshold 4 (max 4)
- age   1:    2132272 bytes,    2132272 total
: 38208K->2910K(42944K), 0.0040540 secs] 237541K->202244K(376340K), 0.0041340 secs] [Times: user=0.02 sys=0.00, real=0.00 secs] 
712.101: [Full GC (System) 712.101: [CMS: 199333K->199041K(333396K), 0.9297620 secs] 211597K->199041K(376340K), [CMS Perm : 53618K->53603K(89436K)], 0.9298790 secs] [Times: user=0.93 sys=0.00, real=0.93 secs] 
713.054: [Full GC (System) 713.054: [CMS: 199041K->199015K(333396K), 0.7682450 secs] 201072K->199015K(376340K), [CMS Perm : 53604K->53603K(89436K)], 0.7683590 secs] [Times: user=0.77 sys=0.00, real=0.77 secs] 
713.824: [Full GC (System) 713.824: [CMS: 199015K->199099K(333396K), 0.7692530 secs] 200059K->199099K(376340K), [CMS Perm : 53603K->53603K(89436K)], 0.7693620 secs] [Times: user=0.77 sys=0.00, real=0.77 secs] 
714.597: [Full GC (System) 714.598: [CMS: 199099K->199285K(333396K), 0.7726930 secs] 200540K->199285K(376340K), [CMS Perm : 53607K->53606K(89436K)], 0.7728420 secs] [Times: user=0.77 sys=0.00, real=0.77 secs] 
715.372: [Full GC (System) 715.373: [CMS: 199285K->199282K(333396K), 0.7538090 secs] 200428K->199282K(376340K), [CMS Perm : 53606K->53606K(89436K)], 0.7539250 secs] [Times: user=0.76 sys=0.00, real=0.75 secs] 
716.148: [Full GC (System) 716.148: [CMS: 199282K->199014K(333396K), 0.7666470 secs] 202501K->199014K(376340K), [CMS Perm : 53606K->53603K(89436K)], 0.7667600 secs] [Times: user=0.77 sys=0.00, real=0.77 secs] 
716.917: [Full GC (System) 716.917: [CMS: 199014K->199061K(333396K), 0.7677750 secs] 200065K->199061K(376340K), [CMS Perm : 53603K->53603K(89436K)], 0.7678870 secs] [Times: user=0.77 sys=0.00, real=0.77 secs] 
717.714: [Full GC (System) 717.714: [CMS: 199061K->199035K(333396K), 0.7458300 secs] 200742K->199035K(376340K), [CMS Perm : 53604K->53603K(89436K)], 0.7459400 secs] [Times: user=0.75 sys=0.00, real=0.74 secs] 
737.439: [Full GC (System) 737.439: [CMS: 199035K->199282K(333396K), 0.8553180 secs] 226218K->199282K(376340K), [CMS Perm : 53607K->53603K(89436K)], 0.8554380 secs] [Times: user=0.85 sys=0.00, real=0.86 secs] 
738.332: [Full GC (System) 738.332: [CMS: 199282K->199573K(333396K), 0.7734060 secs] 202481K->199573K(376340K), [CMS Perm : 53603K->53603K(89436K)], 0.7735230 secs] [Times: user=0.77 sys=0.00, real=0.78 secs] 
739.114: [Full GC (System) 739.114: [CMS: 199573K->199522K(333396K), 0.7723490 secs] 202630K->199522K(376340K), [CMS Perm : 53604K->53603K(89436K)], 0.7724630 secs] [Times: user=0.77 sys=0.00, real=0.78 secs] 
739.890: [Full GC (System) 739.891: [CMS: 199522K->199575K(333396K), 0.7730230 secs] 202514K->199575K(376340K), [CMS Perm : 53604K->53603K(89436K)], 0.7731470 secs] [Times: user=0.77 sys=0.00, real=0.77 secs] 
740.666: [Full GC (System) 740.666: [CMS: 199575K->199631K(333396K), 0.7538710 secs] 200867K->199631K(376340K), [CMS Perm : 53604K->53603K(89436K)], 0.7539860 secs] [Times: user=0.76 sys=0.00, real=0.75 secs] 
741.427: [Full GC (System) 741.427: [CMS: 199631K->199482K(333396K), 0.7743240 secs] 203981K->199482K(376340K), [CMS Perm : 53604K->53604K(89436K)], 0.7744930 secs] [Times: user=0.78 sys=0.00, real=0.77 secs] 
742.203: [Full GC (System) 742.203: [CMS: 199482K->199534K(333396K), 0.7710230 secs] 200131K->199534K(376340K), [CMS Perm : 53606K->53606K(89436K)], 0.7711340 secs] [Times: user=0.77 sys=0.00, real=0.77 secs] 
743.007: [Full GC (System) 743.007: [CMS: 199534K->199513K(333396K), 0.7581350 secs] 210707K->199513K(376340K), [CMS Perm : 53608K->53604K(89436K)], 0.7582530 secs] [Times: user=0.76 sys=0.01, real=0.76 secs] 
743.899: [GC 743.899: [ParNew
Desired survivor size 2424832 bytes, new threshold 4 (max 4)
- age   1:    2080712 bytes,    2080712 total
: 38208K->3057K(42944K), 0.0039130 secs] 237721K->202571K(376340K), 0.0039920 secs] [Times: user=0.01 sys=0.00, real=0.00 secs] 
744.058: [GC 744.058: [ParNew
Desired survivor size 2424832 bytes, new threshold 1 (max 4)
- age   1:    3499280 bytes,    3499280 total
- age   2:    1243808 bytes,    4743088 total
: 41265K->4736K(42944K), 0.0080790 secs] 240779K->204760K(376340K), 0.0081750 secs] [Times: user=0.03 sys=0.00, real=0.01 secs] 
744.156: [GC 744.156: [ParNew
Desired survivor size 2424832 bytes, new threshold 1 (max 4)
- age   1:    4849560 bytes,    4849560 total
: 42944K->4736K(42944K), 0.0205810 secs] 242968K->212452K(376340K), 0.0206850 secs] [Times: user=0.08 sys=0.00, real=0.02 secs] 
744.332: [GC 744.332: [ParNew
Desired survivor size 2424832 bytes, new threshold 4 (max 4)
- age   1:    1693200 bytes,    1693200 total
: 42944K->4561K(42944K), 0.0190990 secs] 250660K->216498K(376340K), 0.0192030 secs] [Times: user=0.05 sys=0.00, real=0.02 secs] 
744.489: [GC 744.489: [ParNew
Desired survivor size 2424832 bytes, new threshold 4 (max 4)
- age   1:    1009360 bytes,    1009360 total
- age   2:     718128 bytes,    1727488 total
: 42769K->2319K(42944K), 0.0033050 secs] 254706K->214255K(376340K), 0.0033800 secs] [Times: user=0.01 sys=0.00, real=0.00 secs] 
744.602: [GC 744.602: [ParNew
Desired survivor size 2424832 bytes, new threshold 4 (max 4)
- age   1:     737528 bytes,     737528 total
- age   2:     986376 bytes,    1723904 total
- age   3:     103360 bytes,    1827264 total
: 40527K->2493K(42944K), 0.0036500 secs] 252463K->214429K(376340K), 0.0037260 secs] [Times: user=0.01 sys=0.00, real=0.01 secs] 
744.764: [GC 744.764: [ParNew
Desired survivor size 2424832 bytes, new threshold 4 (max 4)
- age   1:    1757376 bytes,    1757376 total
- age   2:      82344 bytes,    1839720 total
- age   3:      32848 bytes,    1872568 total
- age   4:     103152 bytes,    1975720 total
: 40701K->3059K(42944K), 0.0038220 secs] 252637K->214996K(376340K), 0.0039000 secs] [Times: user=0.01 sys=0.00, real=0.01 secs] 
744.907: [GC 744.907: [ParNew
Desired survivor size 2424832 bytes, new threshold 4 (max 4)
- age   1:    1278976 bytes,    1278976 total
- age   2:     659608 bytes,    1938584 total
- age   3:      82136 bytes,    2020720 total
- age   4:      32504 bytes,    2053224 total
: 41267K->2820K(42944K), 0.0048830 secs] 253204K->214858K(376340K), 0.0049600 secs] [Times: user=0.02 sys=0.00, real=0.00 secs] 
745.020: [GC 745.020: [ParNew
Desired survivor size 2424832 bytes, new threshold 4 (max 4)
- age   1:     605600 bytes,     605600 total
- age   2:    1226008 bytes,    1831608 total
- age   3:     131792 bytes,    1963400 total
- age   4:      82136 bytes,    2045536 total
: 41028K->2938K(42944K), 0.0043100 secs] 253066K->215008K(376340K), 0.0044160 secs] [Times: user=0.01 sys=0.00, real=0.00 secs] 
745.172: [GC 745.172: [ParNew
Desired survivor size 2424832 bytes, new threshold 4 (max 4)
- age   1:    1369288 bytes,    1369288 total
- age   2:     266168 bytes,    1635456 total
- age   3:     241184 bytes,    1876640 total
- age   4:     131672 bytes,    2008312 total
: 41146K->2485K(42944K), 0.0038520 secs] 253216K->214636K(376340K), 0.0039310 secs] [Times: user=0.01 sys=0.00, real=0.01 secs] 
745.317: [GC 745.318: [ParNew
Desired survivor size 2424832 bytes, new threshold 4 (max 4)
- age   1:     965008 bytes,     965008 total
- age   2:     405728 bytes,    1370736 total
- age   3:     266048 bytes,    1636784 total
- age   4:     240736 bytes,    1877520 total
: 40693K->2459K(42944K), 0.0039230 secs] 252844K->214741K(376340K), 0.0039970 secs] [Times: user=0.02 sys=0.00, real=0.00 secs] 
746.494: [Full GC (System) 746.494: [CMS: 212281K->211163K(333396K), 0.9530120 secs] 229844K->211163K(376340K), [CMS Perm : 53629K->53606K(89436K)], 0.9532870 secs] [Times: user=0.96 sys=0.00, real=0.96 secs] 
747.470: [Full GC (System) 747.470: [CMS: 211163K->211107K(351940K), 0.8180350 secs] 213110K->211107K(397252K), [CMS Perm : 53606K->53606K(89436K)], 0.8181470 secs] [Times: user=0.81 sys=0.00, real=0.82 secs] 
748.290: [Full GC (System) 748.290: [CMS: 211107K->211163K(351940K), 0.8196380 secs] 212722K->211163K(397252K), [CMS Perm : 53606K->53606K(89436K)], 0.8197450 secs] [Times: user=0.82 sys=0.00, real=0.82 secs] 
749.115: [Full GC (System) 749.115: [CMS: 211163K->211207K(351940K), 0.8018490 secs] 213180K->211207K(397252K), [CMS Perm : 53606K->53606K(89436K)], 0.8020330 secs] [Times: user=0.81 sys=0.00, real=0.81 secs] 
749.917: [Full GC (System) 749.918: [CMS: 211207K->211200K(352132K), 0.8017520 secs] 211802K->211200K(397508K), [CMS Perm : 53606K->53606K(89436K)], 0.8018570 secs] [Times: user=0.80 sys=0.00, real=0.80 secs] 
750.725: [Full GC (System) 750.725: [CMS: 211200K->211255K(352132K), 0.8207260 secs] 213583K->211255K(397508K), [CMS Perm : 53607K->53607K(89436K)], 0.8215390 secs] [Times: user=0.82 sys=0.00, real=0.83 secs] 
751.548: [Full GC (System) 751.548: [CMS: 211255K->211241K(352132K), 0.8171340 secs] 212335K->211241K(397508K), [CMS Perm : 53607K->53607K(89436K)], 0.8172430 secs] [Times: user=0.82 sys=0.00, real=0.81 secs] 
752.399: [Full GC (System) 752.399: [CMS: 211241K->211103K(352132K), 0.7972630 secs] 214481K->211103K(397508K), [CMS Perm : 53608K->53606K(89436K)], 0.7973830 secs] [Times: user=0.80 sys=0.01, real=0.79 secs] 
755.261: [GC 755.261: [ParNew
Desired survivor size 2555904 bytes, new threshold 4 (max 4)
- age   1:     407240 bytes,     407240 total
: 40384K->1867K(45376K), 0.0025870 secs] 251487K->212970K(397508K), 0.0026590 secs] [Times: user=0.01 sys=0.00, real=0.00 secs] 
755.412: [GC 755.412: [ParNew
Desired survivor size 2555904 bytes, new threshold 4 (max 4)
- age   1:    1228464 bytes,    1228464 total
- age   2:      86288 bytes,    1314752 total
: 42251K->1557K(45376K), 0.0030810 secs] 253354K->212660K(397508K), 0.0031530 secs] [Times: user=0.01 sys=0.00, real=0.00 secs] 
755.864: [GC 755.864: [ParNew
Desired survivor size 2555904 bytes, new threshold 4 (max 4)
- age   1:    1247648 bytes,    1247648 total
- age   2:        192 bytes,    1247840 total
- age   3:      79336 bytes,    1327176 total
: 41941K->1941K(45376K), 0.0031280 secs] 253044K->213044K(397508K), 0.0032000 secs] [Times: user=0.01 sys=0.00, real=0.01 secs] 
756.090: [GC 756.091: [ParNew
Desired survivor size 2555904 bytes, new threshold 4 (max 4)
- age   1:     948424 bytes,     948424 total
- age   2:     326056 bytes,    1274480 total
- age   3:         72 bytes,    1274552 total
- age   4:      79336 bytes,    1353888 total
: 42325K->2218K(45376K), 0.0029650 secs] 253428K->213322K(397508K), 0.0030550 secs] [Times: user=0.01 sys=0.00, real=0.00 secs] 
756.196: [GC 756.197: [ParNew
Desired survivor size 2555904 bytes, new threshold 4 (max 4)
- age   1:     331472 bytes,     331472 total
- age   2:     893072 bytes,    1224544 total
- age   3:       9608 bytes,    1234152 total
: 42602K->1578K(45376K), 0.0030960 secs] 253706K->212774K(397508K), 0.0031680 secs] [Times: user=0.01 sys=0.00, real=0.01 secs] 
757.059: [Full GC (System) 757.059: [CMS: 211195K->211048K(352132K), 0.8218960 secs] 224775K->211048K(397508K), [CMS Perm : 53614K->53607K(89436K)], 0.8220110 secs] [Times: user=0.83 sys=0.00, real=0.82 secs] 
757.884: [Full GC (System) 757.884: [CMS: 211048K->211047K(352132K), 0.8008600 secs] 211074K->211047K(397508K), [CMS Perm : 53607K->53607K(89436K)], 0.8009690 secs] [Times: user=0.80 sys=0.00, real=0.80 secs] 
758.688: [Full GC (System) 758.688: [CMS: 211047K->210946K(352132K), 0.8019210 secs] 211111K->210946K(397508K), [CMS Perm : 53607K->53607K(89436K)], 0.8020310 secs] [Times: user=0.80 sys=0.00, real=0.80 secs] 
759.602: [GC 759.602: [ParNew
Desired survivor size 2555904 bytes, new threshold 4 (max 4)
- age   1:     345296 bytes,     345296 total
: 40384K->1101K(45376K), 0.0023100 secs] 251330K->212047K(397508K), 0.0023760 secs] [Times: user=0.00 sys=0.00, real=0.00 secs] 
762.984: [Full GC (System) 762.985: [CMS: 210946K->210945K(352132K), 0.8099590 secs] 226501K->210945K(397508K), [CMS Perm : 53618K->53607K(89436K)], 0.8100910 secs] [Times: user=0.81 sys=0.00, real=0.81 secs] 
763.797: [Full GC (System) 763.797: [CMS: 210945K->210945K(352132K), 0.7892590 secs] 211002K->210945K(397508K), [CMS Perm : 53607K->53607K(89436K)], 0.7893700 secs] [Times: user=0.79 sys=0.00, real=0.79 secs] 
764.590: [Full GC (System) 764.590: [CMS: 210945K->210961K(352132K), 0.7891670 secs] 211711K->210961K(397508K), [CMS Perm : 53607K->53607K(89436K)], 0.7892760 secs] [Times: user=0.79 sys=0.00, real=0.79 secs] 
765.485: [GC 765.485: [ParNew
Desired survivor size 2555904 bytes, new threshold 4 (max 4)
- age   1:     464032 bytes,     464032 total
: 40384K->629K(45376K), 0.0023780 secs] 251345K->211590K(397508K), 0.0024500 secs] [Times: user=0.01 sys=0.00, real=0.00 secs] 
765.624: [GC 765.624: [ParNew
Desired survivor size 2555904 bytes, new threshold 4 (max 4)
- age   1:    1226272 bytes,    1226272 total
- age   2:     142312 bytes,    1368584 total
: 41013K->1504K(45376K), 0.0030760 secs] 251974K->212465K(397508K), 0.0031490 secs] [Times: user=0.01 sys=0.00, real=0.00 secs] 
766.117: [GC 766.117: [ParNew
Desired survivor size 2555904 bytes, new threshold 4 (max 4)
- age   1:    1323656 bytes,    1323656 total
- age   2:        192 bytes,    1323848 total
- age   3:     141952 bytes,    1465800 total
: 41888K->1942K(45376K), 0.0031010 secs] 252849K->212903K(397508K), 0.0031910 secs] [Times: user=0.01 sys=0.00, real=0.01 secs] 
766.350: [GC 766.350: [ParNew
Desired survivor size 2555904 bytes, new threshold 4 (max 4)
- age   1:    1231800 bytes,    1231800 total
- age   2:     145784 bytes,    1377584 total
- age   4:     141952 bytes,    1519536 total
: 42326K->2026K(45376K), 0.0030440 secs] 253287K->212987K(397508K), 0.0031190 secs] [Times: user=0.01 sys=0.01, real=0.00 secs] 
766.449: [GC 766.449: [ParNew
Desired survivor size 2555904 bytes, new threshold 4 (max 4)
- age   1:      57584 bytes,      57584 total
- age   2:    1230488 bytes,    1288072 total
- age   3:      90848 bytes,    1378920 total
: 42410K->2176K(45376K), 0.0032040 secs] 253371K->213290K(397508K), 0.0032790 secs] [Times: user=0.02 sys=0.00, real=0.00 secs] 
766.590: [GC 766.590: [ParNew
Desired survivor size 2555904 bytes, new threshold 4 (max 4)
- age   1:    1221200 bytes,    1221200 total
- age   2:        120 bytes,    1221320 total
- age   3:      77320 bytes,    1298640 total
- age   4:      90656 bytes,    1389296 total
: 42560K->2058K(45376K), 0.0031650 secs] 253674K->213173K(397508K), 0.0032410 secs] [Times: user=0.01 sys=0.00, real=0.00 secs] 
767.673: [GC 767.673: [ParNew
Desired survivor size 2555904 bytes, new threshold 4 (max 4)
- age   1:    1233872 bytes,    1233872 total
- age   2:        264 bytes,    1234136 total
- age   4:      72744 bytes,    1306880 total
: 42442K->2041K(45376K), 0.0030810 secs] 253557K->213232K(397508K), 0.0031710 secs] [Times: user=0.01 sys=0.00, real=0.00 secs] 
768.106: [GC 768.106: [ParNew
Desired survivor size 2555904 bytes, new threshold 4 (max 4)
- age   1:    1231544 bytes,    1231544 total
- age   2:       1256 bytes,    1232800 total
- age   3:         72 bytes,    1232872 total
: 42425K->1946K(45376K), 0.0031160 secs] 253616K->213214K(397508K), 0.0031850 secs] [Times: user=0.01 sys=0.00, real=0.01 secs] 
768.205: [GC 768.205: [ParNew
Desired survivor size 2555904 bytes, new threshold 4 (max 4)
- age   1:     461640 bytes,     461640 total
- age   2:     769992 bytes,    1231632 total
- age   3:       1136 bytes,    1232768 total
- age   4:         72 bytes,    1232840 total
: 42330K->2147K(45376K), 0.0030550 secs] 253598K->213416K(397508K), 0.0031230 secs] [Times: user=0.01 sys=0.00, real=0.00 secs] 
768.478: [Full GC (System) 768.478: [CMS: 211268K->211020K(352132K), 0.8877570 secs] 218493K->211020K(397508K), [CMS Perm : 53622K->53611K(89436K)], 0.8878720 secs] [Times: user=0.88 sys=0.00, real=0.89 secs] 
769.368: [Full GC (System) 769.368: [CMS: 211020K->211020K(352132K), 0.7885020 secs] 211047K->211020K(397508K), [CMS Perm : 53611K->53611K(89436K)], 0.7886430 secs] [Times: user=0.78 sys=0.00, real=0.79 secs] 
770.160: [Full GC (System) 770.160: [CMS: 211020K->211020K(352132K), 0.7881010 secs] 211053K->211020K(397508K), [CMS Perm : 53611K->53611K(89436K)], 0.7882390 secs] [Times: user=0.79 sys=0.00, real=0.78 secs] 
817.059: [Full GC (System) 817.059: [CMS: 211020K->210902K(352132K), 0.9808170 secs] 241262K->210902K(397508K), [CMS Perm : 53619K->53617K(89436K)], 0.9809410 secs] [Times: user=0.98 sys=0.00, real=0.98 secs] 
818.043: [Full GC (System) 818.043: [CMS: 210902K->210901K(352132K), 0.7879670 secs] 211156K->210901K(397508K), [CMS Perm : 53617K->53617K(89436K)], 0.7880770 secs] [Times: user=0.79 sys=0.00, real=0.79 secs] 
818.834: [Full GC (System) 818.834: [CMS: 210901K->210901K(352132K), 0.7876830 secs] 211156K->210901K(397508K), [CMS Perm : 53617K->53617K(89436K)], 0.7877830 secs] [Times: user=0.79 sys=0.00, real=0.79 secs] 
822.986: [Full GC (System) 822.987: [CMS: 210901K->210937K(352132K), 0.8057550 secs] 213680K->210937K(397508K), [CMS Perm : 53619K->53617K(89436K)], 0.8059020 secs] [Times: user=0.81 sys=0.00, real=0.81 secs] 
823.796: [Full GC (System) 823.796: [CMS: 210937K->210936K(352132K), 0.8026930 secs] 211086K->210936K(397508K), [CMS Perm : 53617K->53617K(89436K)], 0.8028010 secs] [Times: user=0.80 sys=0.00, real=0.81 secs] 
824.601: [Full GC (System) 824.601: [CMS: 210936K->210936K(352132K), 0.7870110 secs] 211108K->210936K(397508K), [CMS Perm : 53617K->53617K(89436K)], 0.7871190 secs] [Times: user=0.79 sys=0.00, real=0.79 secs] 
828.478: [Full GC (System) 828.478: [CMS: 210936K->210936K(352132K), 0.7880980 secs] 213624K->210936K(397508K), [CMS Perm : 53619K->53617K(89436K)], 0.7882130 secs] [Times: user=0.79 sys=0.00, real=0.78 secs] 
829.269: [Full GC (System) 829.269: [CMS: 210936K->210936K(352132K), 0.7871990 secs] 210953K->210936K(397508K), [CMS Perm : 53617K->53617K(89436K)], 0.7873080 secs] [Times: user=0.79 sys=0.00, real=0.78 secs] 
830.059: [Full GC (System) 830.059: [CMS: 210936K->210936K(352132K), 0.7872540 secs] 210968K->210936K(397508K), [CMS Perm : 53617K->53617K(89436K)], 0.7873640 secs] [Times: user=0.78 sys=0.00, real=0.78 secs] 
877.060: [Full GC (System) 877.060: [CMS: 210936K->210867K(352132K), 0.9341600 secs] 233203K->210867K(397508K), [CMS Perm : 53620K->53618K(89436K)], 0.9343070 secs] [Times: user=0.93 sys=0.00, real=0.93 secs] 
877.997: [Full GC (System) 877.997: [CMS: 210867K->210867K(352132K), 0.7881520 secs] 210875K->210867K(397508K), [CMS Perm : 53618K->53618K(89436K)], 0.7882600 secs] [Times: user=0.79 sys=0.00, real=0.78 secs] 
878.788: [Full GC (System) 878.788: [CMS: 210867K->210867K(352132K), 0.7894340 secs] 210875K->210867K(397508K), [CMS Perm : 53618K->53618K(89436K)], 0.7895940 secs] [Times: user=0.79 sys=0.00, real=0.79 secs] 
882.986: [Full GC (System) 882.986: [CMS: 210867K->211158K(352132K), 0.8072910 secs] 214993K->211158K(397508K), [CMS Perm : 53619K->53618K(89436K)], 0.8074480 secs] [Times: user=0.81 sys=0.00, real=0.80 secs] 
883.796: [Full GC (System) 883.796: [CMS: 211158K->211157K(352132K), 0.7919250 secs] 211168K->211157K(397508K), [CMS Perm : 53618K->53618K(89436K)], 0.7920370 secs] [Times: user=0.79 sys=0.00, real=0.79 secs] 
884.591: [Full GC (System) 884.591: [CMS: 211157K->211157K(352132K), 0.7918660 secs] 211728K->211157K(397508K), [CMS Perm : 53618K->53618K(89436K)], 0.7919760 secs] [Times: user=0.79 sys=0.00, real=0.79 secs] 
888.478: [Full GC (System) 888.478: [CMS: 211157K->211235K(352132K), 0.9708010 secs] 222835K->211235K(397508K), [CMS Perm : 53619K->53618K(89436K)], 0.9709220 secs] [Times: user=0.97 sys=0.00, real=0.97 secs] 
889.452: [Full GC (System) 889.452: [CMS: 211235K->211235K(352132K), 0.8006240 secs] 212994K->211235K(397508K), [CMS Perm : 53618K->53618K(89436K)], 0.8007380 secs] [Times: user=0.80 sys=0.00, real=0.80 secs] 
890.256: [Full GC (System) 890.256: [CMS: 211235K->211235K(352132K), 0.8019330 secs] 213007K->211235K(397508K), [CMS Perm : 53618K->53618K(89436K)], 0.8020470 secs] [Times: user=0.80 sys=0.00, real=0.81 secs] 
891.085: [Full GC (System) 891.085: [CMS: 211235K->211283K(352132K), 0.8008040 secs] 214298K->211283K(397508K), [CMS Perm : 53618K->53618K(89436K)], 0.8010020 secs] [Times: user=0.80 sys=0.00, real=0.80 secs] 
891.932: [Full GC (System) 891.932: [CMS: 211283K->211269K(352324K), 0.9108540 secs] 213345K->211269K(397700K), [CMS Perm : 53618K->53618K(89436K)], 0.9109730 secs] [Times: user=0.91 sys=0.00, real=0.91 secs] 
892.844: [Full GC (System) 892.845: [CMS: 211269K->211423K(352324K), 0.8207250 secs] 213680K->211423K(397700K), [CMS Perm : 53618K->53618K(89436K)], 0.8209130 secs] [Times: user=0.82 sys=0.00, real=0.82 secs] 
893.669: [Full GC (System) 893.669: [CMS: 211423K->211640K(352516K), 0.7921110 secs] 214112K->211640K(397892K), [CMS Perm : 53618K->53618K(89436K)], 0.7923490 secs] [Times: user=0.79 sys=0.00, real=0.79 secs] 
894.463: [Full GC (System) 894.463: [CMS: 211640K->211781K(352736K), 0.8061310 secs] 213451K->211781K(398176K), [CMS Perm : 53618K->53618K(89436K)], 0.8063170 secs] [Times: user=0.81 sys=0.00, real=0.81 secs] 
895.289: [Full GC (System) 895.289: [CMS: 211781K->211305K(352972K), 0.8059120 secs] 216240K->211305K(398412K), [CMS Perm : 53619K->53618K(89436K)], 0.8060330 secs] [Times: user=0.80 sys=0.00, real=0.80 secs] 
896.100: [Full GC (System) 896.100: [CMS: 211305K->211669K(352972K), 0.9539690 secs] 215825K->211669K(398412K), [CMS Perm : 53618K->53618K(89436K)], 0.9540900 secs] [Times: user=0.95 sys=0.00, real=0.95 secs] 
897.070: [Full GC (System) 897.070: [CMS: 211669K->211887K(352972K), 0.8346410 secs] 218942K->211887K(398412K), [CMS Perm : 53619K->53618K(89436K)], 0.8348820 secs] [Times: user=0.83 sys=0.00, real=0.83 secs] 
897.909: [Full GC (System) 897.909: [CMS: 211887K->211802K(353164K), 0.8260740 secs] 214687K->211802K(398668K), [CMS Perm : 53618K->53618K(89436K)], 0.8262450 secs] [Times: user=0.83 sys=0.00, real=0.83 secs] 
898.740: [Full GC (System) 898.741: [CMS: 211802K->211712K(353164K), 0.8020250 secs] 215978K->211712K(398668K), [CMS Perm : 53618K->53618K(89436K)], 0.8021470 secs] [Times: user=0.81 sys=0.00, real=0.80 secs] 
899.573: [Full GC (System) 899.573: [CMS: 211712K->211448K(353164K), 0.8055670 secs] 217440K->211448K(398668K), [CMS Perm : 53618K->53618K(89436K)], 0.8057240 secs] [Times: user=0.81 sys=0.00, real=0.81 secs] 
900.380: [Full GC (System) 900.380: [CMS: 211448K->211459K(353164K), 0.8049910 secs] 213241K->211459K(398668K), [CMS Perm : 53618K->53618K(89436K)], 0.8051060 secs] [Times: user=0.81 sys=0.00, real=0.80 secs] 
901.187: [Full GC (System) 901.187: [CMS: 211459K->211456K(353164K), 0.7864420 secs] 213321K->211456K(398668K), [CMS Perm : 53618K->53618K(89436K)], 0.7865540 secs] [Times: user=0.79 sys=0.00, real=0.79 secs] 
901.974: [Full GC (System) 901.974: [CMS: 211456K->211466K(353164K), 0.7861830 secs] 212226K->211466K(398668K), [CMS Perm : 53618K->53618K(89436K)], 0.7862970 secs] [Times: user=0.78 sys=0.00, real=0.79 secs] 
902.761: [Full GC (System) 902.761: [CMS: 211466K->211466K(353164K), 0.7871640 secs] 212365K->211466K(398668K), [CMS Perm : 53618K->53618K(89436K)], 0.7872750 secs] [Times: user=0.79 sys=0.00, real=0.78 secs] 
903.583: [Full GC (System) 903.583: [CMS: 211466K->211359K(353164K), 0.8045250 secs] 213350K->211359K(398668K), [CMS Perm : 53618K->53618K(89436K)], 0.8046500 secs] [Times: user=0.81 sys=0.00, real=0.80 secs] 
937.059: [Full GC (System) 937.059: [CMS: 211359K->211186K(353164K), 0.9621550 secs] 212243K->211186K(398668K), [CMS Perm : 53618K->53618K(89436K)], 0.9622780 secs] [Times: user=0.96 sys=0.00, real=0.96 secs] 
938.024: [Full GC (System) 938.024: [CMS: 211186K->211181K(353164K), 0.9635560 secs] 211194K->211181K(398668K), [CMS Perm : 53618K->53618K(89436K)], 0.9636750 secs] [Times: user=0.97 sys=0.00, real=0.97 secs] 
938.991: [Full GC (System) 938.991: [CMS: 211181K->211181K(353164K), 0.7909830 secs] 211190K->211181K(398668K), [CMS Perm : 53618K->53618K(89436K)], 0.7911280 secs] [Times: user=0.79 sys=0.00, real=0.79 secs] 
942.986: [Full GC (System) 942.986: [CMS: 211181K->211181K(353164K), 0.7962430 secs] 211190K->211181K(398668K), [CMS Perm : 53618K->53618K(89436K)], 0.7965000 secs] [Times: user=0.79 sys=0.00, real=0.79 secs] 
943.785: [Full GC (System) 943.785: [CMS: 211181K->211181K(353164K), 0.7906490 secs] 211190K->211181K(398668K), [CMS Perm : 53618K->53618K(89436K)], 0.7907600 secs] [Times: user=0.79 sys=0.00, real=0.80 secs] 
944.579: [Full GC (System) 944.579: [CMS: 211181K->211181K(353164K), 0.7914670 secs] 211190K->211181K(398668K), [CMS Perm : 53618K->53618K(89436K)], 0.7915790 secs] [Times: user=0.79 sys=0.00, real=0.79 secs] 
948.479: [Full GC (System) 948.479: [CMS: 211181K->211181K(353164K), 0.7908030 secs] 211215K->211181K(398668K), [CMS Perm : 53618K->53618K(89436K)], 0.7909280 secs] [Times: user=0.79 sys=0.00, real=0.79 secs] 
949.272: [Full GC (System) 949.272: [CMS: 211181K->211181K(353164K), 0.7902440 secs] 211190K->211181K(398668K), [CMS Perm : 53618K->53618K(89436K)], 0.7903560 secs] [Times: user=0.79 sys=0.00, real=0.79 secs] 
950.065: [Full GC (System) 950.065: [CMS: 211181K->211181K(353164K), 0.7902230 secs] 211190K->211181K(398668K), [CMS Perm : 53618K->53618K(89436K)], 0.7903650 secs] [Times: user=0.79 sys=0.00, real=0.79 secs] 
997.059: [Full GC (System) 997.059: [CMS: 211181K->211432K(353164K), 0.9820350 secs] 215872K->211432K(398668K), [CMS Perm : 53626K->53625K(89436K)], 0.9821550 secs] [Times: user=0.98 sys=0.00, real=0.98 secs] 
998.044: [Full GC (System) 998.044: [CMS: 211432K->211432K(353164K), 0.7905690 secs] 211442K->211432K(398668K), [CMS Perm : 53625K->53625K(89436K)], 0.7906810 secs] [Times: user=0.79 sys=0.00, real=0.79 secs] 
998.837: [Full GC (System) 998.837: [CMS: 211432K->211432K(353164K), 0.7912080 secs] 211440K->211432K(398668K), [CMS Perm : 53625K->53625K(89436K)], 0.7913190 secs] [Times: user=0.79 sys=0.00, real=0.79 secs] 
1002.986: [Full GC (System) 1002.986: [CMS: 211432K->211432K(353164K), 0.7960230 secs] 211440K->211432K(398668K), [CMS Perm : 53625K->53625K(89436K)], 0.7961970 secs] [Times: user=0.80 sys=0.01, real=0.79 secs] 
1003.785: [Full GC (System) 1003.785: [CMS: 211432K->211432K(353164K), 0.7895040 secs] 211440K->211432K(398668K), [CMS Perm : 53625K->53625K(89436K)], 0.7896160 secs] [Times: user=0.79 sys=0.00, real=0.78 secs] 
1004.577: [Full GC (System) 1004.577: [CMS: 211432K->211432K(353164K), 0.7906420 secs] 211440K->211432K(398668K), [CMS Perm : 53625K->53625K(89436K)], 0.7907550 secs] [Times: user=0.79 sys=0.00, real=0.79 secs] 
1008.479: [Full GC (System) 1008.479: [CMS: 211432K->211432K(353164K), 0.7905620 secs] 211465K->211432K(398668K), [CMS Perm : 53625K->53625K(89436K)], 0.7907200 secs] [Times: user=0.79 sys=0.00, real=0.79 secs] 
1009.273: [Full GC (System) 1009.273: [CMS: 211432K->211432K(353164K), 0.7896510 secs] 211440K->211432K(398668K), [CMS Perm : 53625K->53625K(89436K)], 0.7897800 secs] [Times: user=0.79 sys=0.00, real=0.79 secs] 
1010.065: [Full GC (System) 1010.065: [CMS: 211432K->211432K(353164K), 0.7901750 secs] 211440K->211432K(398668K), [CMS Perm : 53625K->53625K(89436K)], 0.7902860 secs] [Times: user=0.79 sys=0.00, real=0.79 secs] 
1057.059: [Full GC (System) 1057.059: [CMS: 211432K->211432K(353164K), 0.7890980 secs] 211585K->211432K(398668K), [CMS Perm : 53625K->53625K(89436K)], 0.7892180 secs] [Times: user=0.79 sys=0.00, real=0.79 secs] 
1057.852: [Full GC (System) 1057.852: [CMS: 211432K->211432K(353164K), 0.7895740 secs] 211440K->211432K(398668K), [CMS Perm : 53625K->53625K(89436K)], 0.7896860 secs] [Times: user=0.79 sys=0.00, real=0.79 secs] 
1058.645: [Full GC (System) 1058.645: [CMS: 211432K->211432K(353164K), 0.7907090 secs] 211440K->211432K(398668K), [CMS Perm : 53625K->53625K(89436K)], 0.7908230 secs] [Times: user=0.79 sys=0.00, real=0.79 secs] 
1062.986: [Full GC (System) 1062.986: [CMS: 211432K->211432K(353164K), 0.7922890 secs] 211442K->211432K(398668K), [CMS Perm : 53625K->53625K(89436K)], 0.7925510 secs] [Times: user=0.79 sys=0.00, real=0.79 secs] 
1063.782: [Full GC (System) 1063.782: [CMS: 211432K->211432K(353164K), 0.7894810 secs] 211440K->211432K(398668K), [CMS Perm : 53625K->53625K(89436K)], 0.7896020 secs] [Times: user=0.79 sys=0.00, real=0.79 secs] 
1064.575: [Full GC (System) 1064.575: [CMS: 211432K->211432K(353164K), 0.7908930 secs] 211440K->211432K(398668K), [CMS Perm : 53625K->53625K(89436K)], 0.7910050 secs] [Times: user=0.79 sys=0.00, real=0.79 secs] 
1068.479: [Full GC (System) 1068.479: [CMS: 211432K->211432K(353164K), 0.7908230 secs] 211465K->211432K(398668K), [CMS Perm : 53626K->53626K(89436K)], 0.7909450 secs] [Times: user=0.80 sys=0.00, real=0.79 secs] 
1069.273: [Full GC (System) 1069.273: [CMS: 211432K->211432K(353164K), 0.7896950 secs] 211440K->211432K(398668K), [CMS Perm : 53626K->53626K(89436K)], 0.7898070 secs] [Times: user=0.79 sys=0.00, real=0.79 secs] 
1070.066: [Full GC (System) 1070.066: [CMS: 211432K->211432K(353164K), 0.7897390 secs] 211440K->211432K(398668K), [CMS Perm : 53626K->53626K(89436K)], 0.7898520 secs] [Times: user=0.79 sys=0.00, real=0.79 secs] 
1117.059: [Full GC (System) 1117.059: [CMS: 211432K->211432K(353164K), 0.7898300 secs] 211585K->211432K(398668K), [CMS Perm : 53626K->53626K(89436K)], 0.7899500 secs] [Times: user=0.79 sys=0.00, real=0.79 secs] 
1117.852: [Full GC (System) 1117.852: [CMS: 211432K->211432K(353164K), 0.7898670 secs] 211440K->211432K(398668K), [CMS Perm : 53626K->53626K(89436K)], 0.7899800 secs] [Times: user=0.79 sys=0.00, real=0.79 secs] 
1118.645: [Full GC (System) 1118.645: [CMS: 211432K->211432K(353164K), 0.7905940 secs] 211440K->211432K(398668K), [CMS Perm : 53626K->53626K(89436K)], 0.7907060 secs] [Times: user=0.79 sys=0.00, real=0.79 secs] 
1122.987: [Full GC (System) 1122.987: [CMS: 211432K->211432K(353164K), 0.7977900 secs] 211442K->211432K(398668K), [CMS Perm : 53626K->53626K(89436K)], 0.7987360 secs] [Times: user=0.80 sys=0.00, real=0.80 secs] 
1123.789: [Full GC (System) 1123.789: [CMS: 211432K->211432K(353164K), 0.7891390 secs] 211440K->211432K(398668K), [CMS Perm : 53626K->53626K(89436K)], 0.7892440 secs] [Times: user=0.79 sys=0.00, real=0.79 secs] 
1124.581: [Full GC (System) 1124.581: [CMS: 211432K->211432K(353164K), 0.7899990 secs] 211440K->211432K(398668K), [CMS Perm : 53626K->53626K(89436K)], 0.7901050 secs] [Times: user=0.79 sys=0.00, real=0.79 secs] 
1128.479: [Full GC (System) 1128.479: [CMS: 211432K->211432K(353164K), 0.7898110 secs] 211465K->211432K(398668K), [CMS Perm : 53626K->53626K(89436K)], 0.7899240 secs] [Times: user=0.79 sys=0.00, real=0.79 secs] 
1129.272: [Full GC (System) 1129.272: [CMS: 211432K->211432K(353164K), 0.7890110 secs] 211440K->211432K(398668K), [CMS Perm : 53626K->53626K(89436K)], 0.7891150 secs] [Times: user=0.79 sys=0.00, real=0.79 secs] 
1130.064: [Full GC (System) 1130.064: [CMS: 211432K->211432K(353164K), 0.7890800 secs] 211440K->211432K(398668K), [CMS Perm : 53626K->53626K(89436K)], 0.7891850 secs] [Times: user=0.79 sys=0.00, real=0.79 secs] 
1177.059: [Full GC (System) 1177.059: [CMS: 211432K->211432K(353164K), 0.7880220 secs] 211585K->211432K(398668K), [CMS Perm : 53629K->53629K(89436K)], 0.7881350 secs] [Times: user=0.79 sys=0.00, real=0.79 secs] 
1177.850: [Full GC (System) 1177.850: [CMS: 211432K->211432K(353164K), 0.7890570 secs] 211440K->211432K(398668K), [CMS Perm : 53629K->53629K(89436K)], 0.7891630 secs] [Times: user=0.79 sys=0.00, real=0.79 secs] 
1178.643: [Full GC (System) 1178.643: [CMS: 211432K->211432K(353164K), 0.7898040 secs] 211440K->211432K(398668K), [CMS Perm : 53629K->53629K(89436K)], 0.7899130 secs] [Times: user=0.79 sys=0.00, real=0.79 secs] 
1182.987: [Full GC (System) 1182.987: [CMS: 211432K->211432K(353164K), 0.7950410 secs] 211442K->211432K(398668K), [CMS Perm : 53629K->53629K(89436K)], 0.7960130 secs] [Times: user=0.79 sys=0.00, real=0.80 secs] 
1183.786: [Full GC (System) 1183.786: [CMS: 211432K->211432K(353164K), 0.7889710 secs] 211440K->211432K(398668K), [CMS Perm : 53629K->53629K(89436K)], 0.7890760 secs] [Times: user=0.79 sys=0.00, real=0.79 secs] 
1184.578: [Full GC (System) 1184.578: [CMS: 211432K->211432K(353164K), 0.7894940 secs] 211440K->211432K(398668K), [CMS Perm : 53629K->53629K(89436K)], 0.7896010 secs] [Times: user=0.79 sys=0.00, real=0.79 secs] 
1188.479: [Full GC (System) 1188.479: [CMS: 211432K->211432K(353164K), 0.7901560 secs] 211465K->211432K(398668K), [CMS Perm : 53629K->53629K(89436K)], 0.7902700 secs] [Times: user=0.79 sys=0.00, real=0.79 secs] 
1189.272: [Full GC (System) 1189.272: [CMS: 211432K->211432K(353164K), 0.7893330 secs] 211440K->211432K(398668K), [CMS Perm : 53629K->53629K(89436K)], 0.7894400 secs] [Times: user=0.79 sys=0.00, real=0.79 secs] 
1190.065: [Full GC (System) 1190.065: [CMS: 211432K->211432K(353164K), 0.7893590 secs] 211440K->211432K(398668K), [CMS Perm : 53629K->53629K(89436K)], 0.7894830 secs] [Times: user=0.79 sys=0.00, real=0.79 secs] 
1237.059: [Full GC (System) 1237.059: [CMS: 211432K->211431K(353164K), 0.9749850 secs] 211674K->211431K(398668K), [CMS Perm : 53629K->53629K(89436K)], 0.9751030 secs] [Times: user=0.98 sys=0.00, real=0.98 secs] 
1238.037: [Full GC (System) 1238.037: [CMS: 211431K->211431K(353164K), 0.7890540 secs] 211440K->211431K(398668K), [CMS Perm : 53630K->53630K(89436K)], 0.7891630 secs] [Times: user=0.79 sys=0.00, real=0.79 secs] 
1238.830: [Full GC (System) 1238.830: [CMS: 211431K->211431K(353164K), 0.7900150 secs] 211440K->211431K(398668K), [CMS Perm : 53630K->53630K(89436K)], 0.7901710 secs] [Times: user=0.79 sys=0.00, real=0.79 secs] 
1242.987: [Full GC (System) 1242.987: [CMS: 211431K->211431K(353164K), 0.7968320 secs] 211440K->211431K(398668K), [CMS Perm : 53630K->53630K(89436K)], 0.7970920 secs] [Times: user=0.80 sys=0.00, real=0.80 secs] 
1243.787: [Full GC (System) 1243.787: [CMS: 211431K->211431K(353164K), 0.7895810 secs] 211440K->211431K(398668K), [CMS Perm : 53630K->53630K(89436K)], 0.7896870 secs] [Times: user=0.79 sys=0.00, real=0.79 secs] 
1244.580: [Full GC (System) 1244.580: [CMS: 211431K->211431K(353164K), 0.7912080 secs] 211440K->211431K(398668K), [CMS Perm : 53630K->53630K(89436K)], 0.7913180 secs] [Times: user=0.79 sys=0.00, real=0.80 secs] 
1248.479: [Full GC (System) 1248.479: [CMS: 211431K->211431K(353164K), 0.7891470 secs] 211465K->211431K(398668K), [CMS Perm : 53630K->53630K(89436K)], 0.7892660 secs] [Times: user=0.79 sys=0.00, real=0.79 secs] 
1249.271: [Full GC (System) 1249.271: [CMS: 211431K->211436K(353164K), 0.9732820 secs] 211866K->211436K(398668K), [CMS Perm : 53630K->53630K(89436K)], 0.9733890 secs] [Times: user=0.98 sys=0.00, real=0.98 secs] 
1250.247: [Full GC (System) 1250.247: [CMS: 211436K->211452K(353164K), 0.7904040 secs] 211895K->211452K(398668K), [CMS Perm : 53630K->53630K(89436K)], 0.7905400 secs] [Times: user=0.79 sys=0.00, real=0.79 secs] 
1297.059: [Full GC (System) 1297.059: [CMS: 211452K->211489K(353164K), 0.9561150 secs] 212125K->211489K(398668K), [CMS Perm : 53635K->53630K(89436K)], 0.9562360 secs] [Times: user=0.96 sys=0.00, real=0.96 secs] 
1298.019: [Full GC (System) 1298.019: [CMS: 211489K->211489K(353164K), 0.7905660 secs] 211497K->211489K(398668K), [CMS Perm : 53630K->53630K(89436K)], 0.7906720 secs] [Times: user=0.79 sys=0.00, real=0.79 secs] 
1298.813: [Full GC (System) 1298.813: [CMS: 211489K->211489K(353164K), 0.7882320 secs] 211497K->211489K(398668K), [CMS Perm : 53630K->53630K(89436K)], 0.7883350 secs] [Times: user=0.79 sys=0.00, real=0.79 secs] 
1302.987: [Full GC (System) 1302.987: [CMS: 211489K->211489K(353164K), 0.7909140 secs] 211497K->211489K(398668K), [CMS Perm : 53630K->53630K(89436K)], 0.7910700 secs] [Times: user=0.79 sys=0.00, real=0.79 secs] 
1303.781: [Full GC (System) 1303.781: [CMS: 211489K->211489K(353164K), 0.7888940 secs] 211497K->211489K(398668K), [CMS Perm : 53630K->53630K(89436K)], 0.7889990 secs] [Times: user=0.79 sys=0.00, real=0.79 secs] 
1304.574: [Full GC (System) 1304.574: [CMS: 211489K->211489K(353164K), 0.7887640 secs] 211497K->211489K(398668K), [CMS Perm : 53630K->53630K(89436K)], 0.7888660 secs] [Times: user=0.79 sys=0.00, real=0.79 secs] 
1308.479: [Full GC (System) 1308.479: [CMS: 211489K->211489K(353164K), 0.7862670 secs] 211522K->211489K(398668K), [CMS Perm : 53630K->53630K(89436K)], 0.7863790 secs] [Times: user=0.79 sys=0.00, real=0.79 secs] 
1309.268: [Full GC (System) 1309.268: [CMS: 211489K->211489K(353164K), 0.7893680 secs] 211497K->211489K(398668K), [CMS Perm : 53630K->53630K(89436K)], 0.7894710 secs] [Times: user=0.79 sys=0.00, real=0.79 secs] 
1310.061: [Full GC (System) 1310.061: [CMS: 211489K->211489K(353164K), 0.7898190 secs] 211497K->211489K(398668K), [CMS Perm : 53630K->53630K(89436K)], 0.7899240 secs] [Times: user=0.79 sys=0.00, real=0.78 secs] 
1357.059: [Full GC (System) 1357.059: [CMS: 211489K->211489K(353164K), 0.7838570 secs] 211642K->211489K(398668K), [CMS Perm : 53630K->53630K(89436K)], 0.7839780 secs] [Times: user=0.79 sys=0.00, real=0.78 secs] 
1357.847: [Full GC (System) 1357.847: [CMS: 211489K->211489K(353164K), 0.7889670 secs] 211497K->211489K(398668K), [CMS Perm : 53630K->53630K(89436K)], 0.7890720 secs] [Times: user=0.79 sys=0.00, real=0.79 secs] 
1358.638: [Full GC (System) 1358.638: [CMS: 211489K->211489K(353164K), 0.7899160 secs] 211497K->211489K(398668K), [CMS Perm : 53630K->53630K(89436K)], 0.7900240 secs] [Times: user=0.79 sys=0.00, real=0.79 secs] 
1362.988: [Full GC (System) 1362.988: [CMS: 211489K->211489K(353164K), 0.7963450 secs] 211499K->211489K(398668K), [CMS Perm : 53630K->53630K(89436K)], 0.7965150 secs] [Times: user=0.79 sys=0.00, real=0.80 secs] 
1363.787: [Full GC (System) 1363.787: [CMS: 211489K->211489K(353164K), 0.7890950 secs] 211497K->211489K(398668K), [CMS Perm : 53630K->53630K(89436K)], 0.7892020 secs] [Times: user=0.79 sys=0.00, real=0.79 secs] 
1364.579: [Full GC (System) 1364.579: [CMS: 211489K->211489K(353164K), 0.7899460 secs] 211497K->211489K(398668K), [CMS Perm : 53630K->53630K(89436K)], 0.7900520 secs] [Times: user=0.79 sys=0.00, real=0.79 secs] 
1368.479: [Full GC (System) 1368.479: [CMS: 211489K->211489K(353164K), 0.7893230 secs] 211522K->211489K(398668K), [CMS Perm : 53630K->53630K(89436K)], 0.7894330 secs] [Times: user=0.79 sys=0.00, real=0.79 secs] 
1369.272: [Full GC (System) 1369.272: [CMS: 211489K->211489K(353164K), 0.7888300 secs] 211497K->211489K(398668K), [CMS Perm : 53630K->53630K(89436K)], 0.7889650 secs] [Times: user=0.79 sys=0.00, real=0.79 secs] 
1370.064: [Full GC (System) 1370.064: [CMS: 211489K->211489K(353164K), 0.7887200 secs] 211497K->211489K(398668K), [CMS Perm : 53630K->53630K(89436K)], 0.7888260 secs] [Times: user=0.79 sys=0.00, real=0.79 secs] 
1417.060: [Full GC (System) 1417.060: [CMS: 211489K->211489K(353164K), 0.7844490 secs] 211642K->211489K(398668K), [CMS Perm : 53630K->53630K(89436K)], 0.7846350 secs] [Times: user=0.79 sys=0.00, real=0.78 secs] 
1417.847: [Full GC (System) 1417.847: [CMS: 211489K->211489K(353164K), 0.7844440 secs] 211497K->211489K(398668K), [CMS Perm : 53630K->53630K(89436K)], 0.7845480 secs] [Times: user=0.78 sys=0.00, real=0.79 secs] 
1418.634: [Full GC (System) 1418.634: [CMS: 211489K->211489K(353164K), 0.7900360 secs] 211497K->211489K(398668K), [CMS Perm : 53630K->53630K(89436K)], 0.7901770 secs] [Times: user=0.79 sys=0.00, real=0.79 secs] 
1422.989: [Full GC (System) 1422.989: [CMS: 211489K->211489K(353164K), 0.7879560 secs] 211499K->211489K(398668K), [CMS Perm : 53630K->53630K(89436K)], 0.7881130 secs] [Times: user=0.79 sys=0.01, real=0.78 secs] 
1423.780: [Full GC (System) 1423.780: [CMS: 211489K->211489K(353164K), 0.7886880 secs] 211497K->211489K(398668K), [CMS Perm : 53630K->53630K(89436K)], 0.7888230 secs] [Times: user=0.79 sys=0.00, real=0.79 secs] 
1424.572: [Full GC (System) 1424.572: [CMS: 211489K->211489K(353164K), 0.7897360 secs] 211497K->211489K(398668K), [CMS Perm : 53630K->53630K(89436K)], 0.7898440 secs] [Times: user=0.79 sys=0.00, real=0.79 secs] 
1428.479: [Full GC (System) 1428.479: [CMS: 211489K->211489K(353164K), 0.7899930 secs] 211522K->211489K(398668K), [CMS Perm : 53630K->53630K(89436K)], 0.7901080 secs] [Times: user=0.79 sys=0.00, real=0.79 secs] 
1429.273: [Full GC (System) 1429.273: [CMS: 211489K->211489K(353164K), 0.7886100 secs] 211497K->211489K(398668K), [CMS Perm : 53630K->53630K(89436K)], 0.7887170 secs] [Times: user=0.79 sys=0.00, real=0.79 secs] 
1430.065: [Full GC (System) 1430.065: [CMS: 211489K->211489K(353164K), 0.7891840 secs] 211497K->211489K(398668K), [CMS Perm : 53630K->53630K(89436K)], 0.7892890 secs] [Times: user=0.79 sys=0.00, real=0.79 secs] 
1477.061: [Full GC (System) 1477.061: [CMS: 211489K->211563K(353164K), 0.9725540 secs] 212636K->211563K(398668K), [CMS Perm : 53635K->53630K(89436K)], 0.9726690 secs] [Times: user=0.97 sys=0.01, real=0.97 secs] 
1478.037: [Full GC (System) 1478.037: [CMS: 211563K->211563K(353164K), 0.7888100 secs] 211571K->211563K(398668K), [CMS Perm : 53630K->53630K(89436K)], 0.7889180 secs] [Times: user=0.79 sys=0.00, real=0.79 secs] 
1478.828: [Full GC (System) 1478.828: [CMS: 211563K->211563K(353164K), 0.7896040 secs] 211571K->211563K(398668K), [CMS Perm : 53630K->53630K(89436K)], 0.7897090 secs] [Times: user=0.79 sys=0.00, real=0.79 secs] 
1482.988: [Full GC (System) 1482.988: [CMS: 211563K->211563K(353164K), 0.7947160 secs] 211571K->211563K(398668K), [CMS Perm : 53630K->53630K(89436K)], 0.7948900 secs] [Times: user=0.79 sys=0.00, real=0.79 secs] 
1483.786: [Full GC (System) 1483.786: [CMS: 211563K->211563K(353164K), 0.7891980 secs] 211571K->211563K(398668K), [CMS Perm : 53630K->53630K(89436K)], 0.7893090 secs] [Times: user=0.79 sys=0.00, real=0.79 secs] 
1484.578: [Full GC (System) 1484.578: [CMS: 211563K->211563K(353164K), 0.7900380 secs] 211571K->211563K(398668K), [CMS Perm : 53630K->53630K(89436K)], 0.7901460 secs] [Times: user=0.79 sys=0.00, real=0.80 secs] 
1488.479: [Full GC (System) 1488.479: [CMS: 211563K->211621K(353164K), 0.8639360 secs] 212436K->211621K(398668K), [CMS Perm : 53635K->53630K(89436K)], 0.8640560 secs] [Times: user=0.86 sys=0.00, real=0.86 secs] 
1489.346: [Full GC (System) 1489.346: [CMS: 211621K->211621K(353164K), 0.9212090 secs] 212053K->211621K(398668K), [CMS Perm : 53630K->53630K(89436K)], 0.9213160 secs] [Times: user=0.92 sys=0.00, real=0.92 secs] 
1490.270: [Full GC (System) 1490.270: [CMS: 211621K->211629K(353164K), 0.7903640 secs] 212080K->211629K(398668K), [CMS Perm : 53630K->53630K(89436K)], 0.7904730 secs] [Times: user=0.79 sys=0.00, real=0.79 secs] 
1537.061: [Full GC (System) 1537.061: [CMS: 211629K->211663K(353164K), 0.9298510 secs] 212642K->211663K(398668K), [CMS Perm : 53635K->53630K(89436K)], 0.9300070 secs] [Times: user=0.92 sys=0.00, real=0.93 secs] 
1537.994: [Full GC (System) 1537.994: [CMS: 211663K->211663K(353164K), 0.7902040 secs] 211671K->211663K(398668K), [CMS Perm : 53630K->53630K(89436K)], 0.7903100 secs] [Times: user=0.80 sys=0.00, real=0.79 secs] 
1538.788: [Full GC (System) 1538.788: [CMS: 211663K->211663K(353164K), 0.7900060 secs] 211671K->211663K(398668K), [CMS Perm : 53630K->53630K(89436K)], 0.7901120 secs] [Times: user=0.78 sys=0.00, real=0.79 secs] 
1542.987: [Full GC (System) 1542.988: [CMS: 211663K->211663K(353164K), 0.7974720 secs] 211673K->211663K(398668K), [CMS Perm : 53630K->53630K(89436K)], 0.7976450 secs] [Times: user=0.80 sys=0.00, real=0.79 secs] 
1543.788: [Full GC (System) 1543.788: [CMS: 211663K->211663K(353164K), 0.7896760 secs] 211671K->211663K(398668K), [CMS Perm : 53630K->53630K(89436K)], 0.7897880 secs] [Times: user=0.79 sys=0.00, real=0.79 secs] 
1544.581: [Full GC (System) 1544.581: [CMS: 211663K->211663K(353164K), 0.7894830 secs] 211671K->211663K(398668K), [CMS Perm : 53630K->53630K(89436K)], 0.7895920 secs] [Times: user=0.79 sys=0.01, real=0.79 secs] 
1548.479: [Full GC (System) 1548.480: [CMS: 211663K->211663K(353164K), 0.7894140 secs] 211696K->211663K(398668K), [CMS Perm : 53630K->53630K(89436K)], 0.7895770 secs] [Times: user=0.79 sys=0.00, real=0.79 secs] 
1549.272: [Full GC (System) 1549.272: [CMS: 211663K->211663K(353164K), 0.7891550 secs] 211671K->211663K(398668K), [CMS Perm : 53630K->53630K(89436K)], 0.7892620 secs] [Times: user=0.79 sys=0.00, real=0.79 secs] 
1550.064: [Full GC (System) 1550.064: [CMS: 211663K->211663K(353164K), 0.7889740 secs] 211671K->211663K(398668K), [CMS Perm : 53630K->53630K(89436K)], 0.7890830 secs] [Times: user=0.79 sys=0.00, real=0.79 secs] 
1597.060: [Full GC (System) 1597.060: [CMS: 211663K->211663K(353164K), 0.7841680 secs] 211816K->211663K(398668K), [CMS Perm : 53630K->53630K(89436K)], 0.7842870 secs] [Times: user=0.79 sys=0.00, real=0.78 secs] 
1597.847: [Full GC (System) 1597.847: [CMS: 211663K->211663K(353164K), 0.7892240 secs] 211671K->211663K(398668K), [CMS Perm : 53630K->53630K(89436K)], 0.7893310 secs] [Times: user=0.78 sys=0.00, real=0.79 secs] 
1598.640: [Full GC (System) 1598.640: [CMS: 211663K->211663K(353164K), 0.7900300 secs] 211671K->211663K(398668K), [CMS Perm : 53630K->53630K(89436K)], 0.7901400 secs] [Times: user=0.78 sys=0.00, real=0.79 secs] 
1602.988: [Full GC (System) 1602.988: [CMS: 211663K->211663K(353164K), 0.7949950 secs] 211673K->211663K(398668K), [CMS Perm : 53630K->53630K(89436K)], 0.7961490 secs] [Times: user=0.79 sys=0.00, real=0.79 secs] 
1603.787: [Full GC (System) 1603.787: [CMS: 211663K->211663K(353164K), 0.7893260 secs] 211671K->211663K(398668K), [CMS Perm : 53630K->53630K(89436K)], 0.7894350 secs] [Times: user=0.79 sys=0.00, real=0.79 secs] 
1604.580: [Full GC (System) 1604.580: [CMS: 211663K->211663K(353164K), 0.7892440 secs] 211671K->211663K(398668K), [CMS Perm : 53630K->53630K(89436K)], 0.7893520 secs] [Times: user=0.79 sys=0.00, real=0.79 secs] 
1608.479: [Full GC (System) 1608.479: [CMS: 211663K->211663K(353164K), 0.7895060 secs] 211696K->211663K(398668K), [CMS Perm : 53630K->53630K(89436K)], 0.7896260 secs] [Times: user=0.79 sys=0.00, real=0.79 secs] 
1609.272: [Full GC (System) 1609.272: [CMS: 211663K->211663K(353164K), 0.7893030 secs] 211671K->211663K(398668K), [CMS Perm : 53630K->53630K(89436K)], 0.7894120 secs] [Times: user=0.79 sys=0.00, real=0.79 secs] 
1610.064: [Full GC (System) 1610.064: [CMS: 211663K->211663K(353164K), 0.7889030 secs] 211671K->211663K(398668K), [CMS Perm : 53630K->53630K(89436K)], 0.7890110 secs] [Times: user=0.79 sys=0.00, real=0.79 secs] 
1657.061: [Full GC (System) 1657.061: [CMS: 211663K->211663K(353164K), 0.7890220 secs] 211816K->211663K(398668K), [CMS Perm : 53630K->53630K(89436K)], 0.7891380 secs] [Times: user=0.79 sys=0.00, real=0.79 secs] 
1657.853: [Full GC (System) 1657.853: [CMS: 211663K->211663K(353164K), 0.7896560 secs] 211671K->211663K(398668K), [CMS Perm : 53630K->53630K(89436K)], 0.7897680 secs] [Times: user=0.79 sys=0.00, real=0.79 secs] 
1658.646: [Full GC (System) 1658.646: [CMS: 211663K->211663K(353164K), 0.7908820 secs] 211671K->211663K(398668K), [CMS Perm : 53630K->53630K(89436K)], 0.7909900 secs] [Times: user=0.79 sys=0.00, real=0.79 secs] 
1662.990: [Full GC (System) 1662.990: [CMS: 211663K->211663K(353164K), 0.7949500 secs] 211673K->211663K(398668K), [CMS Perm : 53630K->53630K(89436K)], 0.7958900 secs] [Times: user=0.79 sys=0.01, real=0.80 secs] 
1663.789: [Full GC (System) 1663.789: [CMS: 211663K->211663K(353164K), 0.7852830 secs] 211671K->211663K(398668K), [CMS Perm : 53630K->53630K(89436K)], 0.7853950 secs] [Times: user=0.79 sys=0.00, real=0.78 secs] 
1664.578: [Full GC (System) 1664.578: [CMS: 211663K->211663K(353164K), 0.7888040 secs] 211671K->211663K(398668K), [CMS Perm : 53630K->53630K(89436K)], 0.7889180 secs] [Times: user=0.79 sys=0.00, real=0.79 secs] 
1668.480: [Full GC (System) 1668.480: [CMS: 211663K->211663K(353164K), 0.7896700 secs] 211696K->211663K(398668K), [CMS Perm : 53630K->53630K(89436K)], 0.7897880 secs] [Times: user=0.79 sys=0.00, real=0.79 secs] 
1669.273: [Full GC (System) 1669.273: [CMS: 211663K->211663K(353164K), 0.7890440 secs] 211671K->211663K(398668K), [CMS Perm : 53630K->53630K(89436K)], 0.7891520 secs] [Times: user=0.79 sys=0.00, real=0.79 secs] 
1670.065: [Full GC (System) 1670.065: [CMS: 211663K->211663K(353164K), 0.7890050 secs] 211671K->211663K(398668K), [CMS Perm : 53630K->53630K(89436K)], 0.7891120 secs] [Times: user=0.79 sys=0.00, real=0.79 secs] 
1717.060: [Full GC (System) 1717.061: [CMS: 211663K->211663K(353164K), 0.7887000 secs] 211816K->211663K(398668K), [CMS Perm : 53631K->53631K(89436K)], 0.7888170 secs] [Times: user=0.79 sys=0.00, real=0.79 secs] 
1717.852: [Full GC (System) 1717.852: [CMS: 211663K->211663K(353164K), 0.7887760 secs] 211671K->211663K(398668K), [CMS Perm : 53631K->53631K(89436K)], 0.7888850 secs] [Times: user=0.79 sys=0.00, real=0.79 secs] 
1718.644: [Full GC (System) 1718.644: [CMS: 211663K->211663K(353164K), 0.7884540 secs] 211671K->211663K(398668K), [CMS Perm : 53631K->53631K(89436K)], 0.7885660 secs] [Times: user=0.79 sys=0.00, real=0.78 secs] 
1722.989: [Full GC (System) 1722.989: [CMS: 211663K->211663K(353164K), 0.7941760 secs] 211673K->211663K(398668K), [CMS Perm : 53631K->53631K(89436K)], 0.7943770 secs] [Times: user=0.79 sys=0.00, real=0.79 secs] 
1723.786: [Full GC (System) 1723.786: [CMS: 211663K->211663K(353164K), 0.7878190 secs] 211671K->211663K(398668K), [CMS Perm : 53631K->53631K(89436K)], 0.7879270 secs] [Times: user=0.79 sys=0.00, real=0.79 secs] 
1724.577: [Full GC (System) 1724.577: [CMS: 211663K->211663K(353164K), 0.7883890 secs] 211671K->211663K(398668K), [CMS Perm : 53631K->53631K(89436K)], 0.7884950 secs] [Times: user=0.79 sys=0.00, real=0.79 secs] 
1728.480: [Full GC (System) 1728.480: [CMS: 211663K->211663K(353164K), 0.7904450 secs] 211696K->211663K(398668K), [CMS Perm : 53631K->53631K(89436K)], 0.7905620 secs] [Times: user=0.79 sys=0.00, real=0.79 secs] 
1729.274: [Full GC (System) 1729.274: [CMS: 211663K->211663K(353164K), 0.7833870 secs] 211671K->211663K(398668K), [CMS Perm : 53631K->53631K(89436K)], 0.7834970 secs] [Times: user=0.78 sys=0.00, real=0.79 secs] 
1730.060: [Full GC (System) 1730.060: [CMS: 211663K->211663K(353164K), 0.7841690 secs] 211671K->211663K(398668K), [CMS Perm : 53631K->53631K(89436K)], 0.7842750 secs] [Times: user=0.79 sys=0.00, real=0.78 secs] 
1777.063: [Full GC (System) 1777.063: [CMS: 211663K->211663K(353164K), 0.7888410 secs] 211816K->211663K(398668K), [CMS Perm : 53631K->53631K(89436K)], 0.7889590 secs] [Times: user=0.79 sys=0.00, real=0.78 secs] 
1777.855: [Full GC (System) 1777.855: [CMS: 211663K->211663K(353164K), 0.7895240 secs] 211671K->211663K(398668K), [CMS Perm : 53631K->53631K(89436K)], 0.7896330 secs] [Times: user=0.79 sys=0.00, real=0.79 secs] 
1778.648: [Full GC (System) 1778.648: [CMS: 211663K->211663K(353164K), 0.7900640 secs] 211671K->211663K(398668K), [CMS Perm : 53631K->53631K(89436K)], 0.7901720 secs] [Times: user=0.79 sys=0.00, real=0.79 secs] 
1782.989: [Full GC (System) 1782.989: [CMS: 211663K->211663K(353164K), 0.7946700 secs] 211673K->211663K(398668K), [CMS Perm : 53631K->53631K(89436K)], 0.7948100 secs] [Times: user=0.79 sys=0.00, real=0.80 secs] 
1783.787: [Full GC (System) 1783.787: [CMS: 211663K->211663K(353164K), 0.7893490 secs] 211671K->211663K(398668K), [CMS Perm : 53631K->53631K(89436K)], 0.7894590 secs] [Times: user=0.79 sys=0.00, real=0.79 secs] 
1784.579: [Full GC (System) 1784.579: [CMS: 211663K->211663K(353164K), 0.7899580 secs] 211671K->211663K(398668K), [CMS Perm : 53631K->53631K(89436K)], 0.7900660 secs] [Times: user=0.79 sys=0.00, real=0.79 secs] 
1788.479: [Full GC (System) 1788.479: [CMS: 211663K->211663K(353164K), 0.7910760 secs] 211696K->211663K(398668K), [CMS Perm : 53631K->53631K(89436K)], 0.7911930 secs] [Times: user=0.79 sys=0.00, real=0.79 secs] 
1789.274: [Full GC (System) 1789.274: [CMS: 211663K->211663K(353164K), 0.7846690 secs] 211671K->211663K(398668K), [CMS Perm : 53631K->53631K(89436K)], 0.7847730 secs] [Times: user=0.79 sys=0.00, real=0.79 secs] 
1790.061: [Full GC (System) 1790.061: [CMS: 211663K->211663K(353164K), 0.7853750 secs] 211671K->211663K(398668K), [CMS Perm : 53631K->53631K(89436K)], 0.7855050 secs] [Times: user=0.78 sys=0.00, real=0.79 secs] 
1837.061: [Full GC (System) 1837.061: [CMS: 211663K->211663K(353164K), 0.7908260 secs] 211816K->211663K(398668K), [CMS Perm : 53631K->53631K(89436K)], 0.7910190 secs] [Times: user=0.79 sys=0.00, real=0.79 secs] 
1837.855: [Full GC (System) 1837.855: [CMS: 211663K->211663K(353164K), 0.7898280 secs] 211671K->211663K(398668K), [CMS Perm : 53631K->53631K(89436K)], 0.7899380 secs] [Times: user=0.79 sys=0.00, real=0.79 secs] 
1838.648: [Full GC (System) 1838.648: [CMS: 211663K->211663K(353164K), 0.7903580 secs] 211671K->211663K(398668K), [CMS Perm : 53631K->53631K(89436K)], 0.7904650 secs] [Times: user=0.79 sys=0.00, real=0.79 secs] 
1842.988: [Full GC (System) 1842.988: [CMS: 211663K->211663K(353164K), 0.7943490 secs] 211673K->211663K(398668K), [CMS Perm : 53631K->53631K(89436K)], 0.7952900 secs] [Times: user=0.79 sys=0.00, real=0.80 secs] 
1843.787: [Full GC (System) 1843.787: [CMS: 211663K->211663K(353164K), 0.7895750 secs] 211671K->211663K(398668K), [CMS Perm : 53631K->53631K(89436K)], 0.7896960 secs] [Times: user=0.79 sys=0.00, real=0.79 secs] 
1844.580: [Full GC (System) 1844.580: [CMS: 211663K->211663K(353164K), 0.7902720 secs] 211671K->211663K(398668K), [CMS Perm : 53631K->53631K(89436K)], 0.7903860 secs] [Times: user=0.79 sys=0.00, real=0.79 secs] 
1848.480: [Full GC (System) 1848.480: [CMS: 211663K->211663K(353164K), 0.7911430 secs] 211696K->211663K(398668K), [CMS Perm : 53631K->53631K(89436K)], 0.7912640 secs] [Times: user=0.79 sys=0.01, real=0.79 secs] 
1849.274: [Full GC (System) 1849.274: [CMS: 211663K->211663K(353164K), 0.7891330 secs] 211671K->211663K(398668K), [CMS Perm : 53631K->53631K(89436K)], 0.7892420 secs] [Times: user=0.79 sys=0.00, real=0.79 secs] 
1850.067: [Full GC (System) 1850.067: [CMS: 211663K->211663K(353164K), 0.7894980 secs] 211671K->211663K(398668K), [CMS Perm : 53631K->53631K(89436K)], 0.7896180 secs] [Times: user=0.79 sys=0.00, real=0.79 secs] 
1897.061: [Full GC (System) 1897.061: [CMS: 211663K->211663K(353164K), 0.7892430 secs] 211850K->211663K(398668K), [CMS Perm : 53631K->53631K(89436K)], 0.7893600 secs] [Times: user=0.79 sys=0.00, real=0.78 secs] 
1897.853: [Full GC (System) 1897.853: [CMS: 211663K->211663K(353164K), 0.7891820 secs] 211671K->211663K(398668K), [CMS Perm : 53631K->53631K(89436K)], 0.7892900 secs] [Times: user=0.79 sys=0.00, real=0.79 secs] 
1898.645: [Full GC (System) 1898.645: [CMS: 211663K->211663K(353164K), 0.7894700 secs] 211671K->211663K(398668K), [CMS Perm : 53631K->53631K(89436K)], 0.7895780 secs] [Times: user=0.79 sys=0.00, real=0.79 secs] 
1902.988: [Full GC (System) 1902.988: [CMS: 211663K->211663K(353164K), 0.7989170 secs] 211673K->211663K(398668K), [CMS Perm : 53631K->53631K(89436K)], 0.7999450 secs] [Times: user=0.80 sys=0.00, real=0.80 secs] 
1903.790: [Full GC (System) 1903.791: [CMS: 211663K->211663K(353164K), 0.7899570 secs] 211671K->211663K(398668K), [CMS Perm : 53631K->53631K(89436K)], 0.7900630 secs] [Times: user=0.79 sys=0.00, real=0.79 secs] 
1904.583: [Full GC (System) 1904.583: [CMS: 211663K->211663K(353164K), 0.7900510 secs] 211671K->211663K(398668K), [CMS Perm : 53631K->53631K(89436K)], 0.7901600 secs] [Times: user=0.79 sys=0.00, real=0.79 secs] 
1908.479: [Full GC (System) 1908.479: [CMS: 211663K->211663K(353164K), 0.7885270 secs] 211696K->211663K(398668K), [CMS Perm : 53631K->53631K(89436K)], 0.7886440 secs] [Times: user=0.79 sys=0.00, real=0.79 secs] 
1909.271: [Full GC (System) 1909.271: [CMS: 211663K->211663K(353164K), 0.7849040 secs] 211671K->211663K(398668K), [CMS Perm : 53631K->53631K(89436K)], 0.7850140 secs] [Times: user=0.78 sys=0.00, real=0.79 secs] 
1910.058: [Full GC (System) 1910.058: [CMS: 211663K->211663K(353164K), 0.7844720 secs] 211671K->211663K(398668K), [CMS Perm : 53631K->53631K(89436K)], 0.7845760 secs] [Times: user=0.78 sys=0.00, real=0.79 secs] 
1957.061: [Full GC (System) 1957.061: [CMS: 211663K->211663K(353164K), 0.7901860 secs] 211816K->211663K(398668K), [CMS Perm : 53631K->53631K(89436K)], 0.7902990 secs] [Times: user=0.79 sys=0.00, real=0.79 secs] 
1957.855: [Full GC (System) 1957.855: [CMS: 211663K->211663K(353164K), 0.7896450 secs] 211671K->211663K(398668K), [CMS Perm : 53631K->53631K(89436K)], 0.7897550 secs] [Times: user=0.79 sys=0.00, real=0.79 secs] 
1958.647: [Full GC (System) 1958.647: [CMS: 211663K->211663K(353164K), 0.7902320 secs] 211671K->211663K(398668K), [CMS Perm : 53631K->53631K(89436K)], 0.7903440 secs] [Times: user=0.79 sys=0.00, real=0.79 secs] 
1962.989: [Full GC (System) 1962.989: [CMS: 211663K->211663K(353164K), 0.7951100 secs] 211673K->211663K(398668K), [CMS Perm : 53631K->53631K(89436K)], 0.7953140 secs] [Times: user=0.80 sys=0.00, real=0.80 secs] 
1963.787: [Full GC (System) 1963.787: [CMS: 211663K->211663K(353164K), 0.7899480 secs] 211671K->211663K(398668K), [CMS Perm : 53631K->53631K(89436K)], 0.7900560 secs] [Times: user=0.79 sys=0.00, real=0.79 secs] 
1964.580: [Full GC (System) 1964.580: [CMS: 211663K->211663K(353164K), 0.7904310 secs] 211671K->211663K(398668K), [CMS Perm : 53631K->53631K(89436K)], 0.7905370 secs] [Times: user=0.79 sys=0.00, real=0.79 secs] 
1968.479: [Full GC (System) 1968.479: [CMS: 211663K->211663K(353164K), 0.7893100 secs] 211696K->211663K(398668K), [CMS Perm : 53631K->53631K(89436K)], 0.7894290 secs] [Times: user=0.79 sys=0.00, real=0.79 secs] 
1969.272: [Full GC (System) 1969.272: [CMS: 211663K->211663K(353164K), 0.7897630 secs] 211671K->211663K(398668K), [CMS Perm : 53631K->53631K(89436K)], 0.7898740 secs] [Times: user=0.79 sys=0.00, real=0.78 secs] 
1970.064: [Full GC (System) 1970.064: [CMS: 211663K->211663K(353164K), 0.7900670 secs] 211671K->211663K(398668K), [CMS Perm : 53631K->53631K(89436K)], 0.7901760 secs] [Times: user=0.79 sys=0.00, real=0.79 secs] 
2017.062: [Full GC (System) 2017.062: [CMS: 211663K->211663K(353164K), 0.7898080 secs] 211816K->211663K(398668K), [CMS Perm : 53631K->53631K(89436K)], 0.7899240 secs] [Times: user=0.79 sys=0.00, real=0.79 secs] 
2017.854: [Full GC (System) 2017.854: [CMS: 211663K->211663K(353164K), 0.7896530 secs] 211671K->211663K(398668K), [CMS Perm : 53631K->53631K(89436K)], 0.7897660 secs] [Times: user=0.79 sys=0.00, real=0.79 secs] 
2018.647: [Full GC (System) 2018.647: [CMS: 211663K->211663K(353164K), 0.7906190 secs] 211671K->211663K(398668K), [CMS Perm : 53631K->53631K(89436K)], 0.7907460 secs] [Times: user=0.79 sys=0.01, real=0.79 secs] 
2022.989: [Full GC (System) 2022.990: [CMS: 211663K->211663K(353164K), 0.7962220 secs] 211673K->211663K(398668K), [CMS Perm : 53631K->53631K(89436K)], 0.7964310 secs] [Times: user=0.80 sys=0.00, real=0.80 secs] 
2023.789: [Full GC (System) 2023.789: [CMS: 211663K->211663K(353164K), 0.7891750 secs] 211671K->211663K(398668K), [CMS Perm : 53631K->53631K(89436K)], 0.7892820 secs] [Times: user=0.79 sys=0.00, real=0.79 secs] 
2024.581: [Full GC (System) 2024.581: [CMS: 211663K->211663K(353164K), 0.7900160 secs] 211671K->211663K(398668K), [CMS Perm : 53631K->53631K(89436K)], 0.7901850 secs] [Times: user=0.79 sys=0.00, real=0.79 secs] 
2028.479: [Full GC (System) 2028.479: [CMS: 211663K->211663K(353164K), 0.7867200 secs] 211696K->211663K(398668K), [CMS Perm : 53631K->53631K(89436K)], 0.7868630 secs] [Times: user=0.78 sys=0.00, real=0.79 secs] 
2029.269: [Full GC (System) 2029.269: [CMS: 211663K->211663K(353164K), 0.7889320 secs] 211671K->211663K(398668K), [CMS Perm : 53631K->53631K(89436K)], 0.7890370 secs] [Times: user=0.79 sys=0.00, real=0.79 secs] 
2030.060: [Full GC (System) 2030.060: [CMS: 211663K->211663K(353164K), 0.7888870 secs] 211671K->211663K(398668K), [CMS Perm : 53631K->53631K(89436K)], 0.7889920 secs] [Times: user=0.79 sys=0.00, real=0.79 secs] 
2077.062: [Full GC (System) 2077.062: [CMS: 211663K->211663K(353164K), 0.7899050 secs] 211850K->211663K(398668K), [CMS Perm : 53631K->53631K(89436K)], 0.7900250 secs] [Times: user=0.79 sys=0.00, real=0.79 secs] 
2077.855: [Full GC (System) 2077.855: [CMS: 211663K->211663K(353164K), 0.7840020 secs] 211671K->211663K(398668K), [CMS Perm : 53631K->53631K(89436K)], 0.7841080 secs] [Times: user=0.78 sys=0.00, real=0.79 secs] 
2078.642: [Full GC (System) 2078.642: [CMS: 211663K->211663K(353164K), 0.7855700 secs] 211671K->211663K(398668K), [CMS Perm : 53631K->53631K(89436K)], 0.7857050 secs] [Times: user=0.79 sys=0.00, real=0.79 secs] 
2082.989: [Full GC (System) 2082.989: [CMS: 211663K->211663K(353164K), 0.7944620 secs] 211673K->211663K(398668K), [CMS Perm : 53631K->53631K(89436K)], 0.7946120 secs] [Times: user=0.79 sys=0.00, real=0.79 secs] 
2083.787: [Full GC (System) 2083.787: [CMS: 211663K->211663K(353164K), 0.7890870 secs] 211671K->211663K(398668K), [CMS Perm : 53631K->53631K(89436K)], 0.7891950 secs] [Times: user=0.79 sys=0.00, real=0.79 secs] 
2084.579: [Full GC (System) 2084.579: [CMS: 211663K->211663K(353164K), 0.7902360 secs] 211671K->211663K(398668K), [CMS Perm : 53631K->53631K(89436K)], 0.7903430 secs] [Times: user=0.79 sys=0.00, real=0.79 secs] 
2088.479: [Full GC (System) 2088.479: [CMS: 211663K->211663K(353164K), 0.7907730 secs] 211696K->211663K(398668K), [CMS Perm : 53631K->53631K(89436K)], 0.7908900 secs] [Times: user=0.79 sys=0.00, real=0.80 secs] 
2089.273: [Full GC (System) 2089.273: [CMS: 211663K->211663K(353164K), 0.7848650 secs] 211671K->211663K(398668K), [CMS Perm : 53631K->53631K(89436K)], 0.7849720 secs] [Times: user=0.78 sys=0.00, real=0.78 secs] 
2090.061: [Full GC (System) 2090.061: [CMS: 211663K->211663K(353164K), 0.7846610 secs] 211671K->211663K(398668K), [CMS Perm : 53631K->53631K(89436K)], 0.7847660 secs] [Times: user=0.79 sys=0.00, real=0.78 secs] 
2137.061: [Full GC (System) 2137.061: [CMS: 211663K->211663K(353164K), 0.7889980 secs] 211816K->211663K(398668K), [CMS Perm : 53631K->53631K(89436K)], 0.7891160 secs] [Times: user=0.79 sys=0.00, real=0.79 secs] 
2137.854: [Full GC (System) 2137.854: [CMS: 211663K->211663K(353164K), 0.7886230 secs] 211671K->211663K(398668K), [CMS Perm : 53631K->53631K(89436K)], 0.7887290 secs] [Times: user=0.79 sys=0.00, real=0.79 secs] 
2138.645: [Full GC (System) 2138.645: [CMS: 211663K->211663K(353164K), 0.7892510 secs] 211671K->211663K(398668K), [CMS Perm : 53631K->53631K(89436K)], 0.7893890 secs] [Times: user=0.79 sys=0.01, real=0.79 secs] 
2142.989: [Full GC (System) 2142.989: [CMS: 211663K->211663K(353164K), 0.7923160 secs] 211673K->211663K(398668K), [CMS Perm : 53631K->53631K(89436K)], 0.7937960 secs] [Times: user=0.79 sys=0.00, real=0.79 secs] 
2143.786: [Full GC (System) 2143.786: [CMS: 211663K->211663K(353164K), 0.7886030 secs] 211671K->211663K(398668K), [CMS Perm : 53631K->53631K(89436K)], 0.7887110 secs] [Times: user=0.79 sys=0.00, real=0.79 secs] 
2144.577: [Full GC (System) 2144.577: [CMS: 211663K->211663K(353164K), 0.7887380 secs] 211671K->211663K(398668K), [CMS Perm : 53631K->53631K(89436K)], 0.7888440 secs] [Times: user=0.79 sys=0.00, real=0.79 secs] 
2148.479: [Full GC (System) 2148.479: [CMS: 211663K->211663K(353164K), 0.7869560 secs] 211696K->211663K(398668K), [CMS Perm : 53631K->53631K(89436K)], 0.7870710 secs] [Times: user=0.79 sys=0.00, real=0.78 secs] 
2149.269: [Full GC (System) 2149.269: [CMS: 211663K->211663K(353164K), 0.7836810 secs] 211671K->211663K(398668K), [CMS Perm : 53631K->53631K(89436K)], 0.7837860 secs] [Times: user=0.78 sys=0.00, real=0.78 secs] 
2150.055: [Full GC (System) 2150.055: [CMS: 211663K->211663K(353164K), 0.7832600 secs] 211671K->211663K(398668K), [CMS Perm : 53631K->53631K(89436K)], 0.7833920 secs] [Times: user=0.78 sys=0.00, real=0.79 secs] 
2192.849: [Full GC (System) 2192.849: [CMS: 211663K->211827K(353164K), 0.9822000 secs] 222900K->211827K(398668K), [CMS Perm : 53639K->53632K(89436K)], 0.9823190 secs] [Times: user=0.98 sys=0.00, real=0.98 secs] 
2193.874: [Full GC (System) 2193.875: [CMS: 211827K->211811K(353164K), 0.8031320 secs] 212740K->211811K(398668K), [CMS Perm : 53632K->53632K(89436K)], 0.8032440 secs] [Times: user=0.81 sys=0.00, real=0.81 secs] 
2194.680: [Full GC (System) 2194.680: [CMS: 211811K->211800K(353164K), 0.8030150 secs] 212410K->211800K(398668K), [CMS Perm : 53632K->53632K(89436K)], 0.8031210 secs] [Times: user=0.80 sys=0.00, real=0.80 secs] 
2195.487: [Full GC (System) 2195.487: [CMS: 211800K->211786K(353164K), 0.7905530 secs] 212273K->211786K(398668K), [CMS Perm : 53632K->53632K(89436K)], 0.7906630 secs] [Times: user=0.79 sys=0.00, real=0.79 secs] 
2196.280: [Full GC (System) 2196.280: [CMS: 211786K->211808K(353164K), 0.8038700 secs] 212322K->211808K(398668K), [CMS Perm : 53632K->53632K(89436K)], 0.8040120 secs] [Times: user=0.81 sys=0.00, real=0.80 secs] 
2197.087: [Full GC (System) 2197.087: [CMS: 211808K->211789K(353164K), 0.8037520 secs] 212742K->211789K(398668K), [CMS Perm : 53632K->53632K(89436K)], 0.8038570 secs] [Times: user=0.80 sys=0.00, real=0.80 secs] 
2197.891: [Full GC (System) 2197.891: [CMS: 211789K->211786K(353164K), 0.7906550 secs] 212234K->211786K(398668K), [CMS Perm : 53632K->53632K(89436K)], 0.7907600 secs] [Times: user=0.80 sys=0.00, real=0.79 secs] 
2198.683: [Full GC (System) 2198.683: [CMS: 211786K->211787K(353164K), 0.7898820 secs] 212200K->211787K(398668K), [CMS Perm : 53632K->53632K(89436K)], 0.7899870 secs] [Times: user=0.79 sys=0.00, real=0.79 secs] 
2199.473: [Full GC (System) 2199.473: [CMS: 211787K->211789K(353164K), 0.8045050 secs] 212203K->211789K(398668K), [CMS Perm : 53632K->53632K(89436K)], 0.8046110 secs] [Times: user=0.80 sys=0.00, real=0.81 secs] 
2200.319: [Full GC (System) 2200.319: [CMS: 211789K->211786K(353164K), 0.7899330 secs] 212235K->211786K(398668K), [CMS Perm : 53632K->53632K(89436K)], 0.7900390 secs] [Times: user=0.79 sys=0.00, real=0.79 secs] 
2202.989: [Full GC (System) 2202.990: [CMS: 211786K->211809K(353164K), 0.8323760 secs] 218249K->211809K(398668K), [CMS Perm : 53633K->53632K(89436K)], 0.8325320 secs] [Times: user=0.84 sys=0.00, real=0.83 secs] 
2203.825: [Full GC (System) 2203.825: [CMS: 211809K->211807K(353164K), 0.7899540 secs] 211817K->211807K(398668K), [CMS Perm : 53632K->53632K(89436K)], 0.7900560 secs] [Times: user=0.79 sys=0.00, real=0.79 secs] 
2204.618: [Full GC (System) 2204.618: [CMS: 211807K->211807K(353164K), 0.7889930 secs] 211816K->211807K(398668K), [CMS Perm : 53632K->53632K(89436K)], 0.7890970 secs] [Times: user=0.78 sys=0.00, real=0.79 secs] 
2208.480: [Full GC (System) 2208.480: [CMS: 211807K->211707K(353164K), 0.7873920 secs] 212246K->211707K(398668K), [CMS Perm : 53632K->53632K(89436K)], 0.7875060 secs] [Times: user=0.78 sys=0.00, real=0.78 secs] 
2209.271: [Full GC (System) 2209.271: [CMS: 211707K->211705K(353164K), 0.7892900 secs] 211715K->211705K(398668K), [CMS Perm : 53632K->53632K(89436K)], 0.7893950 secs] [Times: user=0.79 sys=0.00, real=0.79 secs] 
2210.063: [Full GC (System) 2210.063: [CMS: 211705K->211705K(353164K), 0.7897450 secs] 211714K->211705K(398668K), [CMS Perm : 53632K->53632K(89436K)], 0.7898640 secs] [Times: user=0.79 sys=0.00, real=0.79 secs] 
2257.087: [Full GC (System) 2257.087: [CMS: 211705K->211705K(353164K), 0.7889560 secs] 211858K->211705K(398668K), [CMS Perm : 53632K->53632K(89436K)], 0.7890710 secs] [Times: user=0.79 sys=0.00, real=0.79 secs] 
2257.879: [Full GC (System) 2257.879: [CMS: 211705K->211705K(353164K), 0.7895330 secs] 211714K->211705K(398668K), [CMS Perm : 53632K->53632K(89436K)], 0.7896390 secs] [Times: user=0.79 sys=0.00, real=0.79 secs] 
2258.672: [Full GC (System) 2258.672: [CMS: 211705K->211705K(353164K), 0.7889640 secs] 211714K->211705K(398668K), [CMS Perm : 53632K->53632K(89436K)], 0.7890690 secs] [Times: user=0.79 sys=0.00, real=0.79 secs] 
2262.989: [Full GC (System) 2262.990: [CMS: 211705K->211705K(353164K), 0.7965340 secs] 211715K->211705K(398668K), [CMS Perm : 53632K->53632K(89436K)], 0.7966750 secs] [Times: user=0.80 sys=0.00, real=0.80 secs] 
2263.790: [Full GC (System) 2263.790: [CMS: 211705K->211705K(353164K), 0.7898850 secs] 211714K->211705K(398668K), [CMS Perm : 53632K->53632K(89436K)], 0.7900280 secs] [Times: user=0.79 sys=0.00, real=0.79 secs] 
2264.583: [Full GC (System) 2264.583: [CMS: 211705K->211705K(353164K), 0.7898820 secs] 211714K->211705K(398668K), [CMS Perm : 53632K->53632K(89436K)], 0.7899880 secs] [Times: user=0.79 sys=0.00, real=0.79 secs] 
2268.479: [Full GC (System) 2268.479: [CMS: 211705K->211705K(353164K), 0.7879870 secs] 211738K->211705K(398668K), [CMS Perm : 53632K->53632K(89436K)], 0.7881020 secs] [Times: user=0.79 sys=0.00, real=0.79 secs] 
2269.270: [Full GC (System) 2269.270: [CMS: 211705K->211705K(353164K), 0.7849920 secs] 211714K->211705K(398668K), [CMS Perm : 53632K->53632K(89436K)], 0.7850940 secs] [Times: user=0.78 sys=0.00, real=0.78 secs] 
2270.058: [Full GC (System) 2270.058: [CMS: 211705K->211705K(353164K), 0.7851560 secs] 211714K->211705K(398668K), [CMS Perm : 53632K->53632K(89436K)], 0.7852600 secs] [Times: user=0.79 sys=0.00, real=0.78 secs] 
2317.087: [Full GC (System) 2317.087: [CMS: 211705K->211705K(353164K), 0.7868570 secs] 211858K->211705K(398668K), [CMS Perm : 53632K->53632K(89436K)], 0.7869700 secs] [Times: user=0.79 sys=0.00, real=0.79 secs] 
2317.877: [Full GC (System) 2317.877: [CMS: 211705K->211705K(353164K), 0.7899200 secs] 211714K->211705K(398668K), [CMS Perm : 53632K->53632K(89436K)], 0.7900740 secs] [Times: user=0.79 sys=0.00, real=0.79 secs] 
2318.670: [Full GC (System) 2318.670: [CMS: 211705K->211705K(353164K), 0.7897310 secs] 211714K->211705K(398668K), [CMS Perm : 53632K->53632K(89436K)], 0.7898380 secs] [Times: user=0.79 sys=0.00, real=0.79 secs] 
2322.990: [Full GC (System) 2322.991: [CMS: 211705K->211705K(353164K), 0.7958450 secs] 211715K->211705K(398668K), [CMS Perm : 53632K->53632K(89436K)], 0.7960300 secs] [Times: user=0.79 sys=0.00, real=0.80 secs] 
2323.790: [Full GC (System) 2323.790: [CMS: 211705K->211705K(353164K), 0.7903930 secs] 211713K->211705K(398668K), [CMS Perm : 53632K->53632K(89436K)], 0.7904990 secs] [Times: user=0.79 sys=0.00, real=0.79 secs] 
2324.583: [Full GC (System) 2324.583: [CMS: 211705K->211705K(353164K), 0.7904010 secs] 211714K->211705K(398668K), [CMS Perm : 53632K->53632K(89436K)], 0.7905060 secs] [Times: user=0.79 sys=0.00, real=0.79 secs] 
2328.479: [Full GC (System) 2328.479: [CMS: 211705K->211705K(353164K), 0.7901380 secs] 211738K->211705K(398668K), [CMS Perm : 53632K->53632K(89436K)], 0.7902530 secs] [Times: user=0.79 sys=0.00, real=0.79 secs] 
2329.272: [Full GC (System) 2329.272: [CMS: 211705K->211705K(353164K), 0.7899640 secs] 211714K->211705K(398668K), [CMS Perm : 53632K->53632K(89436K)], 0.7900740 secs] [Times: user=0.79 sys=0.00, real=0.79 secs] 
2330.065: [Full GC (System) 2330.065: [CMS: 211705K->211705K(353164K), 0.7902560 secs] 211714K->211705K(398668K), [CMS Perm : 53632K->53632K(89436K)], 0.7903640 secs] [Times: user=0.79 sys=0.00, real=0.79 secs] 
2377.088: [Full GC (System) 2377.088: [CMS: 211705K->211705K(353164K), 0.7872970 secs] 211858K->211705K(398668K), [CMS Perm : 53632K->53632K(89436K)], 0.7874100 secs] [Times: user=0.79 sys=0.00, real=0.79 secs] 
2377.878: [Full GC (System) 2377.878: [CMS: 211705K->211008K(353164K), 1.0185100 secs] 211714K->211008K(398668K), [CMS Perm : 53632K->53542K(89436K)], 1.0186130 secs] [Times: user=1.02 sys=0.00, real=1.02 secs] 
2378.900: [Full GC (System) 2378.900: [CMS: 211008K->211008K(353164K), 0.7814130 secs] 211017K->211008K(398668K), [CMS Perm : 53542K->53542K(89436K)], 0.7815160 secs] [Times: user=0.78 sys=0.00, real=0.78 secs] 
2382.989: [Full GC (System) 2382.990: [CMS: 211008K->211008K(353164K), 0.7919620 secs] 211017K->211008K(398668K), [CMS Perm : 53542K->53542K(89436K)], 0.7921120 secs] [Times: user=0.79 sys=0.00, real=0.79 secs] 
2383.785: [Full GC (System) 2383.785: [CMS: 211008K->211008K(353164K), 0.7869180 secs] 211017K->211008K(398668K), [CMS Perm : 53542K->53542K(89436K)], 0.7870250 secs] [Times: user=0.79 sys=0.00, real=0.78 secs] 
2384.575: [Full GC (System) 2384.575: [CMS: 211008K->211008K(353164K), 0.7870320 secs] 211017K->211008K(398668K), [CMS Perm : 53542K->53542K(89436K)], 0.7871390 secs] [Times: user=0.78 sys=0.00, real=0.79 secs] 
2388.479: [Full GC (System) 2388.479: [CMS: 211008K->211008K(353164K), 0.7858080 secs] 211041K->211008K(398668K), [CMS Perm : 53542K->53542K(89436K)], 0.7859260 secs] [Times: user=0.79 sys=0.01, real=0.79 secs] 
2389.268: [Full GC (System) 2389.268: [CMS: 211008K->210945K(353164K), 1.0163870 secs] 211017K->210945K(398668K), [CMS Perm : 53542K->53532K(89436K)], 1.0164930 secs] [Times: user=1.02 sys=0.00, real=1.01 secs] 
2390.287: [Full GC (System) 2390.287: [CMS: 210945K->210945K(353164K), 0.7829520 secs] 210953K->210945K(398668K), [CMS Perm : 53532K->53532K(89436K)], 0.7830570 secs] [Times: user=0.78 sys=0.00, real=0.78 secs] 
2437.089: [Full GC (System) 2437.089: [CMS: 210945K->210945K(353164K), 0.7846930 secs] 211098K->210945K(398668K), [CMS Perm : 53532K->53532K(89436K)], 0.7848060 secs] [Times: user=0.78 sys=0.00, real=0.79 secs] 
2437.876: [Full GC (System) 2437.876: [CMS: 210945K->210945K(353164K), 0.7862050 secs] 210953K->210945K(398668K), [CMS Perm : 53532K->53532K(89436K)], 0.7863130 secs] [Times: user=0.79 sys=0.00, real=0.78 secs] 
2438.665: [Full GC (System) 2438.665: [CMS: 210945K->210945K(353164K), 0.7865420 secs] 210953K->210945K(398668K), [CMS Perm : 53532K->53532K(89436K)], 0.7866840 secs] [Times: user=0.79 sys=0.00, real=0.78 secs] 
2442.989: [Full GC (System) 2442.989: [CMS: 210945K->210945K(353164K), 0.7949160 secs] 210955K->210945K(398668K), [CMS Perm : 53532K->53532K(89436K)], 0.7950680 secs] [Times: user=0.79 sys=0.00, real=0.80 secs] 
2443.787: [Full GC (System) 2443.787: [CMS: 210945K->210945K(353164K), 0.7824430 secs] 210953K->210945K(398668K), [CMS Perm : 53532K->53532K(89436K)], 0.7825490 secs] [Times: user=0.78 sys=0.00, real=0.78 secs] 
2444.573: [Full GC (System) 2444.573: [CMS: 210945K->210945K(353164K), 0.7822600 secs] 210953K->210945K(398668K), [CMS Perm : 53532K->53532K(89436K)], 0.7823670 secs] [Times: user=0.79 sys=0.00, real=0.79 secs] 
2448.479: [Full GC (System) 2448.479: [CMS: 210945K->210945K(353164K), 0.7876470 secs] 210978K->210945K(398668K), [CMS Perm : 53532K->53532K(89436K)], 0.7877650 secs] [Times: user=0.78 sys=0.00, real=0.79 secs] 
2449.270: [Full GC (System) 2449.270: [CMS: 210945K->210942K(353164K), 0.9758200 secs] 210953K->210942K(398668K), [CMS Perm : 53532K->53531K(89436K)], 0.9759280 secs] [Times: user=0.98 sys=0.00, real=0.98 secs] 
2450.249: [Full GC (System) 2450.249: [CMS: 210942K->210942K(353164K), 0.7826980 secs] 210950K->210942K(398668K), [CMS Perm : 53531K->53531K(89436K)], 0.7828080 secs] [Times: user=0.78 sys=0.00, real=0.78 secs] 
2497.088: [Full GC (System) 2497.088: [CMS: 210942K->210942K(353164K), 0.7872120 secs] 211129K->210942K(398668K), [CMS Perm : 53531K->53531K(89436K)], 0.7873270 secs] [Times: user=0.79 sys=0.00, real=0.79 secs] 
2497.879: [Full GC (System) 2497.879: [CMS: 210942K->210848K(353164K), 1.0036590 secs] 210950K->210848K(398668K), [CMS Perm : 53531K->53515K(89436K)], 1.0037650 secs] [Times: user=1.01 sys=0.00, real=1.01 secs] 
2498.885: [Full GC (System) 2498.885: [CMS: 210848K->210848K(353164K), 0.7815800 secs] 210856K->210848K(398668K), [CMS Perm : 53515K->53515K(89436K)], 0.7817170 secs] [Times: user=0.78 sys=0.00, real=0.78 secs] 
2502.989: [Full GC (System) 2502.989: [CMS: 210848K->210848K(353164K), 0.7901400 secs] 210856K->210848K(398668K), [CMS Perm : 53515K->53515K(89436K)], 0.7903110 secs] [Times: user=0.79 sys=0.00, real=0.79 secs] 
2503.782: [Full GC (System) 2503.782: [CMS: 210848K->210848K(353164K), 0.7863350 secs] 210856K->210848K(398668K), [CMS Perm : 53515K->53515K(89436K)], 0.7864460 secs] [Times: user=0.78 sys=0.00, real=0.79 secs] 
2504.571: [Full GC (System) 2504.571: [CMS: 210848K->210848K(353164K), 0.7868060 secs] 210856K->210848K(398668K), [CMS Perm : 53515K->53515K(89436K)], 0.7869150 secs] [Times: user=0.79 sys=0.00, real=0.79 secs] 
2508.479: [Full GC (System) 2508.479: [CMS: 210848K->210848K(353164K), 0.7849460 secs] 210881K->210848K(398668K), [CMS Perm : 53515K->53515K(89436K)], 0.7850660 secs] [Times: user=0.79 sys=0.00, real=0.79 secs] 
2509.267: [Full GC (System) 2509.267: [CMS: 210848K->210823K(353164K), 0.9885210 secs] 210856K->210823K(398668K), [CMS Perm : 53515K->53512K(89436K)], 0.9886680 secs] [Times: user=0.99 sys=0.00, real=0.99 secs] 
2510.259: [Full GC (System) 2510.259: [CMS: 210823K->210823K(353164K), 0.9703400 secs] 210832K->210823K(398668K), [CMS Perm : 53512K->53512K(89436K)], 0.9704460 secs] [Times: user=0.97 sys=0.00, real=0.97 secs] 
2557.089: [Full GC (System) 2557.089: [CMS: 210823K->210823K(353164K), 0.9732710 secs] 210977K->210823K(398668K), [CMS Perm : 53512K->53511K(89436K)], 0.9734140 secs] [Times: user=0.97 sys=0.00, real=0.98 secs] 
2558.065: [Full GC (System) 2558.065: [CMS: 210823K->210790K(353164K), 1.0199490 secs] 210831K->210790K(398668K), [CMS Perm : 53511K->53493K(89436K)], 1.0200550 secs] [Times: user=1.02 sys=0.00, real=1.02 secs] 
2559.088: [Full GC (System) 2559.088: [CMS: 210790K->210790K(353164K), 0.7861650 secs] 210799K->210790K(398668K), [CMS Perm : 53493K->53493K(89436K)], 0.7862770 secs] [Times: user=0.79 sys=0.00, real=0.79 secs] 
2562.987: [Full GC (System) 2562.988: [CMS: 210790K->210781K(353164K), 0.9779200 secs] 210794K->210781K(398668K), [CMS Perm : 53493K->53493K(89436K)], 0.9784410 secs] [Times: user=0.98 sys=0.00, real=0.98 secs] 
2563.969: [Full GC (System) 2563.969: [CMS: 210781K->210764K(353164K), 0.9707840 secs] 210789K->210764K(398668K), [CMS Perm : 53493K->53493K(89436K)], 0.9708920 secs] [Times: user=0.97 sys=0.00, real=0.97 secs] 
2564.942: [Full GC (System) 2564.942: [CMS: 210764K->210764K(353164K), 0.7881430 secs] 210772K->210764K(398668K), [CMS Perm : 53493K->53493K(89436K)], 0.7883090 secs] [Times: user=0.79 sys=0.00, real=0.78 secs] 
2568.480: [Full GC (System) 2568.480: [CMS: 210764K->210764K(353164K), 0.7865540 secs] 210797K->210764K(398668K), [CMS Perm : 53493K->53493K(89436K)], 0.7866710 secs] [Times: user=0.78 sys=0.00, real=0.79 secs] 
2569.269: [Full GC (System) 2569.269: [CMS: 210764K->210764K(353164K), 0.7863950 secs] 210772K->210764K(398668K), [CMS Perm : 53493K->53493K(89436K)], 0.7865020 secs] [Times: user=0.79 sys=0.00, real=0.79 secs] 
2570.058: [Full GC (System) 2570.058: [CMS: 210764K->210764K(353164K), 0.7868370 secs] 210772K->210764K(398668K), [CMS Perm : 53493K->53493K(89436K)], 0.7869460 secs] [Times: user=0.79 sys=0.00, real=0.79 secs] 
2617.088: [Full GC (System) 2617.088: [CMS: 210764K->210764K(353164K), 0.7866380 secs] 210917K->210764K(398668K), [CMS Perm : 53495K->53495K(89436K)], 0.7867510 secs] [Times: user=0.78 sys=0.00, real=0.79 secs] 
2617.878: [Full GC (System) 2617.878: [CMS: 210764K->210764K(353164K), 0.9575560 secs] 210772K->210764K(398668K), [CMS Perm : 53495K->53495K(89436K)], 0.9576590 secs] [Times: user=0.95 sys=0.00, real=0.96 secs] 
2618.839: [Full GC (System) 2618.839: [CMS: 210764K->210764K(353164K), 0.7875380 secs] 210772K->210764K(398668K), [CMS Perm : 53495K->53495K(89436K)], 0.7876430 secs] [Times: user=0.79 sys=0.00, real=0.79 secs] 
2622.987: [Full GC (System) 2622.987: [CMS: 210764K->210437K(353164K), 0.9846760 secs] 214696K->210437K(398668K), [CMS Perm : 53496K->53495K(89436K)], 0.9848290 secs] [Times: user=0.99 sys=0.00, real=0.99 secs] 
2623.976: [Full GC (System) 2623.976: [CMS: 210437K->210420K(353164K), 0.8863470 secs] 210447K->210420K(398668K), [CMS Perm : 53495K->53495K(89436K)], 0.8864540 secs] [Times: user=0.88 sys=0.00, real=0.89 secs] 
2624.865: [Full GC (System) 2624.865: [CMS: 210420K->210419K(353164K), 0.9225070 secs] 210428K->210419K(398668K), [CMS Perm : 53495K->53495K(89436K)], 0.9226140 secs] [Times: user=0.93 sys=0.00, real=0.92 secs] 
2628.480: [Full GC (System) 2628.480: [CMS: 210419K->210419K(353164K), 0.7866280 secs] 210453K->210419K(398668K), [CMS Perm : 53495K->53495K(89436K)], 0.7867430 secs] [Times: user=0.78 sys=0.00, real=0.79 secs] 
2629.269: [Full GC (System) 2629.269: [CMS: 210419K->210419K(353164K), 0.7853440 secs] 210428K->210419K(398668K), [CMS Perm : 53495K->53495K(89436K)], 0.7854480 secs] [Times: user=0.79 sys=0.00, real=0.79 secs] 
2630.057: [Full GC (System) 2630.057: [CMS: 210419K->210419K(353164K), 0.7856160 secs] 210428K->210419K(398668K), [CMS Perm : 53495K->53495K(89436K)], 0.7857570 secs] [Times: user=0.78 sys=0.00, real=0.79 secs] 
2636.789: [Full GC (System) 2636.789: [CMS: 210419K->210555K(353164K), 0.9794060 secs] 221062K->210555K(398668K), [CMS Perm : 53499K->53495K(89436K)], 0.9795230 secs] [Times: user=0.97 sys=0.00, real=0.98 secs] 
2637.821: [Full GC (System) 2637.821: [CMS: 210555K->210555K(353164K), 0.7877620 secs] 211855K->210555K(398668K), [CMS Perm : 53495K->53495K(89436K)], 0.7878730 secs] [Times: user=0.78 sys=0.00, real=0.79 secs] 
2638.612: [Full GC (System) 2638.612: [CMS: 210555K->210569K(353164K), 0.7898120 secs] 211142K->210569K(398668K), [CMS Perm : 53495K->53495K(89436K)], 0.7899170 secs] [Times: user=0.79 sys=0.00, real=0.79 secs] 
2639.436: [Full GC (System) 2639.436: [CMS: 210569K->210575K(353164K), 0.7866880 secs] 211423K->210575K(398668K), [CMS Perm : 53495K->53495K(89436K)], 0.7868010 secs] [Times: user=0.79 sys=0.00, real=0.79 secs] 
2640.226: [Full GC (System) 2640.226: [CMS: 210575K->210532K(353164K), 0.7885090 secs] 211084K->210532K(398668K), [CMS Perm : 53495K->53495K(89436K)], 0.7886110 secs] [Times: user=0.79 sys=0.00, real=0.79 secs] 
2641.015: [Full GC (System) 2641.015: [CMS: 210532K->210533K(353164K), 0.7863660 secs] 210948K->210533K(398668K), [CMS Perm : 53495K->53495K(89436K)], 0.7864920 secs] [Times: user=0.79 sys=0.00, real=0.78 secs] 
2641.860: [Full GC (System) 2641.860: [CMS: 210533K->210563K(353164K), 0.7834860 secs] 211383K->210563K(398668K), [CMS Perm : 53495K->53495K(89436K)], 0.7835920 secs] [Times: user=0.79 sys=0.00, real=0.78 secs] 
2642.644: [Full GC (System) 2642.644: [CMS: 210563K->210552K(353164K), 0.7811680 secs] 210997K->210552K(398668K), [CMS Perm : 53495K->53495K(89436K)], 0.7812740 secs] [Times: user=0.78 sys=0.00, real=0.78 secs] 
2677.089: [Full GC (System) 2677.089: [CMS: 210552K->210447K(353164K), 0.7866040 secs] 214460K->210447K(398668K), [CMS Perm : 53503K->53502K(89436K)], 0.7867550 secs] [Times: user=0.79 sys=0.00, real=0.79 secs] 
2677.878: [Full GC (System) 2677.878: [CMS: 210447K->210426K(353164K), 1.0172120 secs] 210455K->210426K(398668K), [CMS Perm : 53502K->53481K(89436K)], 1.0173170 secs] [Times: user=1.01 sys=0.00, real=1.02 secs] 
2678.898: [Full GC (System) 2678.899: [CMS: 210426K->210426K(353164K), 0.7844950 secs] 210434K->210426K(398668K), [CMS Perm : 53481K->53481K(89436K)], 0.7846000 secs] [Times: user=0.79 sys=0.00, real=0.79 secs] 
2682.989: [Full GC (System) 2682.991: [CMS: 210426K->210426K(353164K), 0.7888760 secs] 210434K->210426K(398668K), [CMS Perm : 53481K->53481K(89436K)], 0.7890820 secs] [Times: user=0.79 sys=0.00, real=0.80 secs] 
2683.783: [Full GC (System) 2683.783: [CMS: 210426K->210426K(353164K), 0.7849900 secs] 210434K->210426K(398668K), [CMS Perm : 53481K->53481K(89436K)], 0.7850940 secs] [Times: user=0.78 sys=0.00, real=0.78 secs] 
2684.571: [Full GC (System) 2684.571: [CMS: 210426K->210426K(353164K), 0.7850870 secs] 210434K->210426K(398668K), [CMS Perm : 53481K->53481K(89436K)], 0.7851920 secs] [Times: user=0.79 sys=0.00, real=0.78 secs] 
2688.481: [Full GC (System) 2688.481: [CMS: 210426K->210426K(353164K), 0.7850220 secs] 210459K->210426K(398668K), [CMS Perm : 53481K->53481K(89436K)], 0.7851640 secs] [Times: user=0.78 sys=0.00, real=0.79 secs] 
2689.269: [Full GC (System) 2689.269: [CMS: 210426K->210426K(353164K), 0.9093210 secs] 210434K->210426K(398668K), [CMS Perm : 53481K->53481K(89436K)], 0.9094260 secs] [Times: user=0.91 sys=0.00, real=0.91 secs] 
2690.181: [Full GC (System) 2690.181: [CMS: 210426K->210426K(353164K), 0.7857150 secs] 210434K->210426K(398668K), [CMS Perm : 53481K->53481K(89436K)], 0.7858200 secs] [Times: user=0.79 sys=0.00, real=0.78 secs] 
2737.088: [Full GC (System) 2737.088: [CMS: 210426K->210426K(353164K), 0.7855270 secs] 210579K->210426K(398668K), [CMS Perm : 53481K->53481K(89436K)], 0.7856420 secs] [Times: user=0.79 sys=0.00, real=0.78 secs] 
2737.877: [Full GC (System) 2737.877: [CMS: 210426K->210425K(353164K), 0.9103720 secs] 210434K->210425K(398668K), [CMS Perm : 53481K->53481K(89436K)], 0.9104780 secs] [Times: user=0.91 sys=0.00, real=0.91 secs] 
2738.791: [Full GC (System) 2738.791: [CMS: 210425K->210425K(353164K), 0.7851660 secs] 210434K->210425K(398668K), [CMS Perm : 53481K->53481K(89436K)], 0.7852690 secs] [Times: user=0.78 sys=0.00, real=0.78 secs] 
2742.989: [Full GC (System) 2742.990: [CMS: 210425K->210425K(353164K), 0.7939120 secs] 210436K->210425K(398668K), [CMS Perm : 53481K->53481K(89436K)], 0.7940670 secs] [Times: user=0.80 sys=0.00, real=0.79 secs] 
2743.787: [Full GC (System) 2743.787: [CMS: 210425K->210425K(353164K), 0.9084880 secs] 210434K->210425K(398668K), [CMS Perm : 53481K->53481K(89436K)], 0.9086140 secs] [Times: user=0.90 sys=0.00, real=0.91 secs] 
2744.696: [Full GC (System) 2744.696: [CMS: 210425K->210416K(353164K), 0.9502630 secs] 210429K->210416K(398668K), [CMS Perm : 53481K->53481K(89436K)], 0.9503670 secs] [Times: user=0.95 sys=0.00, real=0.95 secs] 
2748.480: [Full GC (System) 2748.480: [CMS: 210416K->210399K(353164K), 0.9510930 secs] 210450K->210399K(398668K), [CMS Perm : 53481K->53481K(89436K)], 0.9512070 secs] [Times: user=0.95 sys=0.00, real=0.96 secs] 
2749.434: [Full GC (System) 2749.434: [CMS: 210399K->210399K(353164K), 0.7849890 secs] 210407K->210399K(398668K), [CMS Perm : 53481K->53481K(89436K)], 0.7851260 secs] [Times: user=0.78 sys=0.00, real=0.78 secs] 
2750.220: [Full GC (System) 2750.220: [CMS: 210399K->210390K(353164K), 0.9689300 secs] 210403K->210390K(398668K), [CMS Perm : 53481K->53481K(89436K)], 0.9690340 secs] [Times: user=0.97 sys=0.00, real=0.97 secs] 
2797.088: [Full GC (System) 2797.088: [CMS: 210390K->210429K(353164K), 0.9694370 secs] 213304K->210429K(398668K), [CMS Perm : 53487K->53487K(89436K)], 0.9695500 secs] [Times: user=0.97 sys=0.00, real=0.97 secs] 
2798.061: [Full GC (System) 2798.061: [CMS: 210429K->210388K(353164K), 0.9249770 secs] 210844K->210388K(398668K), [CMS Perm : 53487K->53487K(89436K)], 0.9250830 secs] [Times: user=0.93 sys=0.00, real=0.92 secs] 
2798.989: [Full GC (System) 2798.989: [CMS: 210388K->210387K(353164K), 0.7853590 secs] 210396K->210387K(398668K), [CMS Perm : 53487K->53487K(89436K)], 0.7854670 secs] [Times: user=0.78 sys=0.00, real=0.78 secs] 
2802.989: [Full GC (System) 2802.990: [CMS: 210387K->210387K(353164K), 0.7898340 secs] 210396K->210387K(398668K), [CMS Perm : 53487K->53487K(89436K)], 0.7900090 secs] [Times: user=0.79 sys=0.00, real=0.79 secs] 
2803.783: [Full GC (System) 2803.783: [CMS: 210387K->210387K(353164K), 0.7852660 secs] 210396K->210387K(398668K), [CMS Perm : 53487K->53487K(89436K)], 0.7853740 secs] [Times: user=0.79 sys=0.00, real=0.79 secs] 
2808.480: [Full GC (System) 2808.481: [CMS: 210387K->210387K(353164K), 0.7853710 secs] 210423K->210387K(398668K), [CMS Perm : 53487K->53487K(89436K)], 0.7855240 secs] [Times: user=0.79 sys=0.00, real=0.78 secs] 
2809.269: [Full GC (System) 2809.269: [CMS: 210387K->210387K(353164K), 0.7856390 secs] 210396K->210387K(398668K), [CMS Perm : 53487K->53487K(89436K)], 0.7857440 secs] [Times: user=0.78 sys=0.00, real=0.79 secs] 
2810.055: [Full GC (System) 2810.055: [CMS: 210387K->210378K(353164K), 0.9254360 secs] 210392K->210378K(398668K), [CMS Perm : 53487K->53487K(89436K)], 0.9255400 secs] [Times: user=0.93 sys=0.00, real=0.93 secs] 
2857.089: [Full GC (System) 2857.089: [CMS: 210378K->210361K(353164K), 0.9254890 secs] 210532K->210361K(398668K), [CMS Perm : 53487K->53487K(89436K)], 0.9256020 secs] [Times: user=0.92 sys=0.00, real=0.92 secs] 
2858.018: [Full GC (System) 2858.018: [CMS: 210361K->210347K(353164K), 0.9922060 secs] 210370K->210347K(398668K), [CMS Perm : 53487K->53462K(89436K)], 0.9923110 secs] [Times: user=1.00 sys=0.00, real=0.99 secs] 
2859.013: [Full GC (System) 2859.013: [CMS: 210347K->210347K(353164K), 0.7839280 secs] 210355K->210347K(398668K), [CMS Perm : 53462K->53462K(89436K)], 0.7840520 secs] [Times: user=0.78 sys=0.00, real=0.79 secs] 
2862.989: [Full GC (System) 2862.990: [CMS: 210347K->210347K(353164K), 0.7910110 secs] 210355K->210347K(398668K), [CMS Perm : 53462K->53462K(89436K)], 0.7911520 secs] [Times: user=0.79 sys=0.00, real=0.79 secs] 
2863.784: [Full GC (System) 2863.784: [CMS: 210347K->210347K(353164K), 0.7847990 secs] 210355K->210347K(398668K), [CMS Perm : 53462K->53462K(89436K)], 0.7849130 secs] [Times: user=0.79 sys=0.00, real=0.79 secs] 
2868.481: [Full GC (System) 2868.481: [CMS: 210347K->210347K(353164K), 0.7849370 secs] 210382K->210347K(398668K), [CMS Perm : 53462K->53462K(89436K)], 0.7850840 secs] [Times: user=0.78 sys=0.00, real=0.78 secs] 
2869.269: [Full GC (System) 2869.269: [CMS: 210347K->210347K(353164K), 0.7851100 secs] 210355K->210347K(398668K), [CMS Perm : 53462K->53462K(89436K)], 0.7852140 secs] [Times: user=0.79 sys=0.00, real=0.78 secs] 
2917.089: [Full GC (System) 2917.089: [CMS: 210347K->210347K(353164K), 0.7851070 secs] 210500K->210347K(398668K), [CMS Perm : 53462K->53462K(89436K)], 0.7852210 secs] [Times: user=0.79 sys=0.00, real=0.78 secs] 
2917.877: [Full GC (System) 2917.877: [CMS: 210347K->210330K(353164K), 0.9627320 secs] 210355K->210330K(398668K), [CMS Perm : 53462K->53462K(89436K)], 0.9628390 secs] [Times: user=0.96 sys=0.00, real=0.96 secs] 
2918.843: [Full GC (System) 2918.843: [CMS: 210330K->210330K(353164K), 0.7804740 secs] 210339K->210330K(398668K), [CMS Perm : 53462K->53462K(89436K)], 0.7806330 secs] [Times: user=0.78 sys=0.00, real=0.78 secs] 
2922.989: [Full GC (System) 2922.990: [CMS: 210330K->210330K(353164K), 0.7869390 secs] 210339K->210330K(398668K), [CMS Perm : 53462K->53462K(89436K)], 0.7870980 secs] [Times: user=0.79 sys=0.00, real=0.78 secs] 
2923.780: [Full GC (System) 2923.780: [CMS: 210330K->210330K(353164K), 0.9678030 secs] 210339K->210330K(398668K), [CMS Perm : 53462K->53462K(89436K)], 0.9679090 secs] [Times: user=0.96 sys=0.00, real=0.97 secs] 
2928.482: [Full GC (System) 2928.482: [CMS: 210330K->210330K(353164K), 0.9042040 secs] 210365K->210330K(398668K), [CMS Perm : 53462K->53462K(89436K)], 0.9043750 secs] [Times: user=0.91 sys=0.00, real=0.90 secs] 
2929.389: [Full GC (System) 2929.389: [CMS: 210330K->210330K(353164K), 0.7841800 secs] 210338K->210330K(398668K), [CMS Perm : 53462K->53462K(89436K)], 0.7842870 secs] [Times: user=0.78 sys=0.00, real=0.78 secs] 
2977.089: [Full GC (System) 2977.089: [CMS: 210330K->210330K(353164K), 0.7813440 secs] 210483K->210330K(398668K), [CMS Perm : 53462K->53462K(89436K)], 0.7814580 secs] [Times: user=0.78 sys=0.00, real=0.78 secs] 
2977.873: [Full GC (System) 2977.873: [CMS: 210330K->210328K(353164K), 0.9672170 secs] 210338K->210328K(398668K), [CMS Perm : 53462K->53462K(89436K)], 0.9673240 secs] [Times: user=0.96 sys=0.00, real=0.97 secs] 
2978.844: [Full GC (System) 2978.844: [CMS: 210328K->210328K(353164K), 0.7839830 secs] 210337K->210328K(398668K), [CMS Perm : 53462K->53462K(89436K)], 0.7840860 secs] [Times: user=0.79 sys=0.00, real=0.79 secs] 
2982.989: [Full GC (System) 2982.992: [CMS: 210328K->210322K(353164K), 0.9956620 secs] 210337K->210322K(398668K), [CMS Perm : 53462K->53452K(89436K)], 0.9958320 secs] [Times: user=0.99 sys=0.00, real=1.00 secs] 
2983.990: [Full GC (System) 2983.990: [CMS: 210322K->210322K(353164K), 0.7838550 secs] 210331K->210322K(398668K), [CMS Perm : 53452K->53452K(89436K)], 0.7839620 secs] [Times: user=0.79 sys=0.00, real=0.78 secs] 
2988.481: [Full GC (System) 2988.481: [CMS: 210322K->210322K(353164K), 0.7853070 secs] 210358K->210322K(398668K), [CMS Perm : 53452K->53452K(89436K)], 0.7854590 secs] [Times: user=0.78 sys=0.00, real=0.79 secs] 
2989.269: [Full GC (System) 2989.269: [CMS: 210322K->210322K(353164K), 0.7845410 secs] 210331K->210322K(398668K), [CMS Perm : 53452K->53452K(89436K)], 0.7846460 secs] [Times: user=0.79 sys=0.00, real=0.78 secs] 
3037.089: [Full GC (System) 3037.089: [CMS: 210322K->210322K(353164K), 0.7841930 secs] 210476K->210322K(398668K), [CMS Perm : 53452K->53452K(89436K)], 0.7843080 secs] [Times: user=0.78 sys=0.00, real=0.78 secs] 
3037.876: [Full GC (System) 3037.876: [CMS: 210322K->210322K(353164K), 0.7841780 secs] 210331K->210322K(398668K), [CMS Perm : 53452K->53452K(89436K)], 0.7842860 secs] [Times: user=0.79 sys=0.00, real=0.78 secs] 
3038.663: [Full GC (System) 3038.663: [CMS: 210322K->210322K(353164K), 0.7843890 secs] 210331K->210322K(398668K), [CMS Perm : 53452K->53452K(89436K)], 0.7845140 secs] [Times: user=0.78 sys=0.00, real=0.79 secs] 
3042.989: [Full GC (System) 3042.990: [CMS: 210322K->210322K(353164K), 0.7876560 secs] 210333K->210322K(398668K), [CMS Perm : 53452K->53452K(89436K)], 0.7878260 secs] [Times: user=0.79 sys=0.00, real=0.79 secs] 
3043.780: [Full GC (System) 3043.780: [CMS: 210322K->210322K(353164K), 0.7836560 secs] 210331K->210322K(398668K), [CMS Perm : 53452K->53452K(89436K)], 0.7837620 secs] [Times: user=0.78 sys=0.00, real=0.78 secs] 
3048.481: [Full GC (System) 3048.481: [CMS: 210322K->210322K(353164K), 0.7828610 secs] 210358K->210322K(398668K), [CMS Perm : 53452K->53452K(89436K)], 0.7830360 secs] [Times: user=0.79 sys=0.00, real=0.78 secs] 
3049.267: [Full GC (System) 3049.267: [CMS: 210322K->210322K(353164K), 0.7837130 secs] 210331K->210322K(398668K), [CMS Perm : 53452K->53452K(89436K)], 0.7838220 secs] [Times: user=0.78 sys=0.00, real=0.78 secs] 
3097.090: [Full GC (System) 3097.090: [CMS: 210322K->210322K(353164K), 0.7832930 secs] 210509K->210322K(398668K), [CMS Perm : 53452K->53452K(89436K)], 0.7834110 secs] [Times: user=0.79 sys=0.00, real=0.79 secs] 
3097.876: [Full GC (System) 3097.876: [CMS: 210322K->210322K(353164K), 0.9083330 secs] 210331K->210322K(398668K), [CMS Perm : 53452K->53452K(89436K)], 0.9084410 secs] [Times: user=0.91 sys=0.00, real=0.91 secs] 
3098.787: [Full GC (System) 3098.787: [CMS: 210322K->210322K(353164K), 0.7838840 secs] 210331K->210322K(398668K), [CMS Perm : 53452K->53452K(89436K)], 0.7839910 secs] [Times: user=0.78 sys=0.00, real=0.78 secs] 
3102.990: [Full GC (System) 3102.990: [CMS: 210322K->209894K(353164K), 1.0135450 secs] 210332K->209894K(398668K), [CMS Perm : 53452K->53448K(89436K)], 1.0137060 secs] [Times: user=1.01 sys=0.00, real=1.02 secs] 
3104.007: [Full GC (System) 3104.007: [CMS: 209894K->209894K(353164K), 0.7810500 secs] 209903K->209894K(398668K), [CMS Perm : 53448K->53448K(89436K)], 0.7811570 secs] [Times: user=0.78 sys=0.00, real=0.78 secs] 
3108.481: [Full GC (System) 3108.481: [CMS: 209894K->209894K(353164K), 0.7812610 secs] 209930K->209894K(398668K), [CMS Perm : 53448K->53448K(89436K)], 0.7814160 secs] [Times: user=0.78 sys=0.00, real=0.78 secs] 
3109.265: [Full GC (System) 3109.265: [CMS: 209894K->209894K(353164K), 0.7815580 secs] 209903K->209894K(398668K), [CMS Perm : 53448K->53448K(89436K)], 0.7816970 secs] [Times: user=0.78 sys=0.00, real=0.78 secs] 
3157.089: [Full GC (System) 3157.089: [CMS: 209894K->209894K(353164K), 0.7773850 secs] 210048K->209894K(398668K), [CMS Perm : 53448K->53448K(89436K)], 0.7775010 secs] [Times: user=0.78 sys=0.00, real=0.78 secs] 
3157.870: [Full GC (System) 3157.870: [CMS: 209894K->209885K(353164K), 1.0123360 secs] 209903K->209885K(398668K), [CMS Perm : 53448K->53435K(89436K)], 1.0124390 secs] [Times: user=1.01 sys=0.00, real=1.02 secs] 
3158.885: [Full GC (System) 3158.885: [CMS: 209885K->209885K(353164K), 0.7812650 secs] 209894K->209885K(398668K), [CMS Perm : 53435K->53435K(89436K)], 0.7813740 secs] [Times: user=0.78 sys=0.00, real=0.78 secs] 
3162.990: [Full GC (System) 3162.991: [CMS: 209885K->209885K(353164K), 0.7825480 secs] 209894K->209885K(398668K), [CMS Perm : 53435K->53435K(89436K)], 0.7827100 secs] [Times: user=0.79 sys=0.00, real=0.79 secs] 
3163.776: [Full GC (System) 3163.777: [CMS: 209885K->209885K(353164K), 0.7761210 secs] 209894K->209885K(398668K), [CMS Perm : 53435K->53435K(89436K)], 0.7762270 secs] [Times: user=0.77 sys=0.00, real=0.77 secs] 
3168.481: [Full GC (System) 3168.481: [CMS: 209885K->209885K(353164K), 0.7804930 secs] 209921K->209885K(398668K), [CMS Perm : 53435K->53435K(89436K)], 0.7806450 secs] [Times: user=0.78 sys=0.00, real=0.78 secs] 
3169.264: [Full GC (System) 3169.264: [CMS: 209885K->209885K(353164K), 0.7820670 secs] 209894K->209885K(398668K), [CMS Perm : 53435K->53435K(89436K)], 0.7821740 secs] [Times: user=0.78 sys=0.00, real=0.78 secs] 
3217.089: [Full GC (System) 3217.090: [CMS: 209885K->209885K(353164K), 0.7832950 secs] 210039K->209885K(398668K), [CMS Perm : 53435K->53435K(89436K)], 0.7834570 secs] [Times: user=0.78 sys=0.00, real=0.79 secs] 
3217.876: [Full GC (System) 3217.876: [CMS: 209885K->209851K(353164K), 1.0149960 secs] 209894K->209851K(398668K), [CMS Perm : 53435K->53370K(89436K)], 1.0151030 secs] [Times: user=1.01 sys=0.01, real=1.02 secs] 
3218.894: [Full GC (System) 3218.894: [CMS: 209851K->209851K(353164K), 0.7832100 secs] 209859K->209851K(398668K), [CMS Perm : 53370K->53370K(89436K)], 0.7833150 secs] [Times: user=0.78 sys=0.00, real=0.78 secs] 
3222.989: [Full GC (System) 3222.989: [CMS: 209851K->209851K(353164K), 0.7876770 secs] 209859K->209851K(398668K), [CMS Perm : 53370K->53370K(89436K)], 0.7878520 secs] [Times: user=0.78 sys=0.00, real=0.79 secs] 
3223.780: [Full GC (System) 3223.780: [CMS: 209851K->209851K(353164K), 0.7828740 secs] 209859K->209851K(398668K), [CMS Perm : 53370K->53370K(89436K)], 0.7829790 secs] [Times: user=0.79 sys=0.00, real=0.79 secs] 
3228.481: [Full GC (System) 3228.481: [CMS: 209851K->209851K(353164K), 0.7837780 secs] 209886K->209851K(398668K), [CMS Perm : 53370K->53370K(89436K)], 0.7839220 secs] [Times: user=0.78 sys=0.00, real=0.79 secs] 
3229.268: [Full GC (System) 3229.268: [CMS: 209851K->209851K(353164K), 0.7778930 secs] 209859K->209851K(398668K), [CMS Perm : 53370K->53370K(89436K)], 0.7780270 secs] [Times: user=0.78 sys=0.00, real=0.78 secs] 
3277.089: [Full GC (System) 3277.089: [CMS: 209851K->209851K(353164K), 0.7868890 secs] 217090K->209851K(398668K), [CMS Perm : 53370K->53370K(89436K)], 0.7870300 secs] [Times: user=0.79 sys=0.00, real=0.79 secs] 
3277.878: [Full GC (System) 3277.878: [CMS: 209851K->209848K(353164K), 0.9581400 secs] 209860K->209848K(398668K), [CMS Perm : 53370K->53370K(89436K)], 0.9582470 secs] [Times: user=0.96 sys=0.00, real=0.96 secs] 
3278.839: [Full GC (System) 3278.839: [CMS: 209848K->209848K(353164K), 0.7832910 secs] 209857K->209848K(398668K), [CMS Perm : 53370K->53370K(89436K)], 0.7834330 secs] [Times: user=0.78 sys=0.00, real=0.79 secs] 
3282.989: [Full GC (System) 3282.989: [CMS: 209848K->209848K(353164K), 0.7896940 secs] 209857K->209848K(398668K), [CMS Perm : 53370K->53370K(89436K)], 0.7898820 secs] [Times: user=0.79 sys=0.00, real=0.79 secs] 
3283.782: [Full GC (System) 3283.782: [CMS: 209848K->209848K(353164K), 0.7823900 secs] 209857K->209848K(398668K), [CMS Perm : 53370K->53370K(89436K)], 0.7824970 secs] [Times: user=0.78 sys=0.00, real=0.78 secs] 
3288.481: [Full GC (System) 3288.481: [CMS: 209848K->209848K(353164K), 0.7843750 secs] 209884K->209848K(398668K), [CMS Perm : 53370K->53370K(89436K)], 0.7845260 secs] [Times: user=0.78 sys=0.00, real=0.79 secs] 
3289.268: [Full GC (System) 3289.268: [CMS: 209848K->209848K(353164K), 0.7841740 secs] 209857K->209848K(398668K), [CMS Perm : 53370K->53370K(89436K)], 0.7842790 secs] [Times: user=0.78 sys=0.00, real=0.79 secs] 
3337.089: [Full GC (System) 3337.089: [CMS: 209848K->209848K(353164K), 0.7838060 secs] 210002K->209848K(398668K), [CMS Perm : 53372K->53372K(89436K)], 0.7839190 secs] [Times: user=0.79 sys=0.00, real=0.78 secs] 
3337.876: [Full GC (System) 3337.876: [CMS: 209848K->209847K(353164K), 0.9752430 secs] 209857K->209847K(398668K), [CMS Perm : 53372K->53372K(89436K)], 0.9753490 secs] [Times: user=0.97 sys=0.00, real=0.98 secs] 
3338.854: [Full GC (System) 3338.854: [CMS: 209847K->209847K(353164K), 0.7836750 secs] 209856K->209847K(398668K), [CMS Perm : 53372K->53372K(89436K)], 0.7837800 secs] [Times: user=0.79 sys=0.00, real=0.78 secs] 
3342.989: [Full GC (System) 3342.989: [CMS: 209847K->209847K(353164K), 0.7880410 secs] 209856K->209847K(398668K), [CMS Perm : 53372K->53372K(89436K)], 0.7882060 secs] [Times: user=0.78 sys=0.00, real=0.79 secs] 
3343.780: [Full GC (System) 3343.780: [CMS: 209847K->209847K(353164K), 0.7839820 secs] 209856K->209847K(398668K), [CMS Perm : 53372K->53372K(89436K)], 0.7840880 secs] [Times: user=0.79 sys=0.00, real=0.78 secs] 
3348.481: [Full GC (System) 3348.481: [CMS: 209847K->209847K(353164K), 0.7844240 secs] 209883K->209847K(398668K), [CMS Perm : 53372K->53372K(89436K)], 0.7845730 secs] [Times: user=0.78 sys=0.00, real=0.78 secs] 
3349.268: [Full GC (System) 3349.268: [CMS: 209847K->209847K(353164K), 0.7838750 secs] 209856K->209847K(398668K), [CMS Perm : 53372K->53372K(89436K)], 0.7839840 secs] [Times: user=0.79 sys=0.00, real=0.79 secs] 
3397.089: [Full GC (System) 3397.089: [CMS: 209847K->209847K(353164K), 0.7782290 secs] 210001K->209847K(398668K), [CMS Perm : 53372K->53372K(89436K)], 0.7783670 secs] [Times: user=0.78 sys=0.00, real=0.77 secs] 
3397.871: [Full GC (System) 3397.871: [CMS: 209847K->209847K(353164K), 0.7784680 secs] 209856K->209847K(398668K), [CMS Perm : 53372K->53372K(89436K)], 0.7785730 secs] [Times: user=0.78 sys=0.00, real=0.78 secs] 
3398.652: [Full GC (System) 3398.652: [CMS: 209847K->209847K(353164K), 0.7781340 secs] 209856K->209847K(398668K), [CMS Perm : 53372K->53372K(89436K)], 0.7782410 secs] [Times: user=0.77 sys=0.00, real=0.78 secs] 
3402.989: [Full GC (System) 3402.989: [CMS: 209847K->209847K(353164K), 0.7894570 secs] 209858K->209847K(398668K), [CMS Perm : 53372K->53372K(89436K)], 0.7903620 secs] [Times: user=0.79 sys=0.00, real=0.79 secs] 
3403.782: [Full GC (System) 3403.782: [CMS: 209847K->209847K(353164K), 0.7849310 secs] 209856K->209847K(398668K), [CMS Perm : 53372K->53372K(89436K)], 0.7850450 secs] [Times: user=0.79 sys=0.00, real=0.78 secs] 
3408.481: [Full GC (System) 3408.481: [CMS: 209847K->209847K(353164K), 0.7844370 secs] 209883K->209847K(398668K), [CMS Perm : 53372K->53372K(89436K)], 0.7846070 secs] [Times: user=0.78 sys=0.00, real=0.78 secs] 
3409.268: [Full GC (System) 3409.268: [CMS: 209847K->209847K(353164K), 0.7834240 secs] 209856K->209847K(398668K), [CMS Perm : 53372K->53372K(89436K)], 0.7835270 secs] [Times: user=0.78 sys=0.00, real=0.79 secs] 
3457.090: [Full GC (System) 3457.090: [CMS: 209847K->209847K(353164K), 0.7828540 secs] 210001K->209847K(398668K), [CMS Perm : 53372K->53372K(89436K)], 0.7830200 secs] [Times: user=0.79 sys=0.00, real=0.78 secs] 
3457.876: [Full GC (System) 3457.876: [CMS: 209847K->209847K(353164K), 0.7838110 secs] 209856K->209847K(398668K), [CMS Perm : 53372K->53372K(89436K)], 0.7839160 secs] [Times: user=0.78 sys=0.00, real=0.79 secs] 
3458.663: [Full GC (System) 3458.663: [CMS: 209847K->209847K(353164K), 0.7826970 secs] 209856K->209847K(398668K), [CMS Perm : 53372K->53372K(89436K)], 0.7828020 secs] [Times: user=0.78 sys=0.01, real=0.78 secs] 
3462.989: [Full GC (System) 3462.989: [CMS: 209847K->209847K(353164K), 0.7838880 secs] 209858K->209847K(398668K), [CMS Perm : 53372K->53372K(89436K)], 0.7840740 secs] [Times: user=0.79 sys=0.00, real=0.78 secs] 
3463.776: [Full GC (System) 3463.776: [CMS: 209847K->209847K(353164K), 0.7851920 secs] 209856K->209847K(398668K), [CMS Perm : 53372K->53372K(89436K)], 0.7853170 secs] [Times: user=0.78 sys=0.00, real=0.79 secs] 
3468.481: [Full GC (System) 3468.481: [CMS: 209847K->209847K(353164K), 0.7855310 secs] 209883K->209847K(398668K), [CMS Perm : 53372K->53372K(89436K)], 0.7856780 secs] [Times: user=0.79 sys=0.00, real=0.78 secs] 
3469.270: [Full GC (System) 3469.270: [CMS: 209847K->209847K(353164K), 0.7833300 secs] 209856K->209847K(398668K), [CMS Perm : 53372K->53372K(89436K)], 0.7835000 secs] [Times: user=0.78 sys=0.00, real=0.78 secs] 
3517.089: [Full GC (System) 3517.089: [CMS: 209847K->209847K(353164K), 0.7828430 secs] 210001K->209847K(398668K), [CMS Perm : 53372K->53372K(89436K)], 0.7829570 secs] [Times: user=0.79 sys=0.00, real=0.78 secs] 
3517.875: [Full GC (System) 3517.875: [CMS: 209847K->209847K(353164K), 0.7833000 secs] 209856K->209847K(398668K), [CMS Perm : 53372K->53372K(89436K)], 0.7834050 secs] [Times: user=0.78 sys=0.00, real=0.79 secs] 
3518.661: [Full GC (System) 3518.661: [CMS: 209847K->209847K(353164K), 0.7827020 secs] 209856K->209847K(398668K), [CMS Perm : 53372K->53372K(89436K)], 0.7828060 secs] [Times: user=0.78 sys=0.00, real=0.78 secs] 
3522.989: [Full GC (System) 3522.989: [CMS: 209847K->209847K(353164K), 0.7841750 secs] 209858K->209847K(398668K), [CMS Perm : 53372K->53372K(89436K)], 0.7851440 secs] [Times: user=0.79 sys=0.00, real=0.78 secs] 
3523.777: [Full GC (System) 3523.777: [CMS: 209847K->209847K(353164K), 0.7874610 secs] 209856K->209847K(398668K), [CMS Perm : 53372K->53372K(89436K)], 0.7876070 secs] [Times: user=0.78 sys=0.00, real=0.79 secs] 
3528.481: [Full GC (System) 3528.481: [CMS: 209847K->209847K(353164K), 0.7839700 secs] 209883K->209847K(398668K), [CMS Perm : 53372K->53372K(89436K)], 0.7841230 secs] [Times: user=0.79 sys=0.00, real=0.78 secs] 
3529.268: [Full GC (System) 3529.268: [CMS: 209847K->209847K(353164K), 0.7832370 secs] 209856K->209847K(398668K), [CMS Perm : 53372K->53372K(89436K)], 0.7833390 secs] [Times: user=0.78 sys=0.00, real=0.79 secs] 
3577.090: [Full GC (System) 3577.090: [CMS: 209847K->209847K(353164K), 0.7826220 secs] 210001K->209847K(398668K), [CMS Perm : 53378K->53378K(89436K)], 0.7827370 secs] [Times: user=0.79 sys=0.00, real=0.78 secs] 
3577.875: [Full GC (System) 3577.875: [CMS: 209847K->209847K(353164K), 0.7846170 secs] 209856K->209847K(398668K), [CMS Perm : 53378K->53378K(89436K)], 0.7847240 secs] [Times: user=0.78 sys=0.00, real=0.79 secs] 
3578.663: [Full GC (System) 3578.663: [CMS: 209847K->209847K(353164K), 0.7830300 secs] 209856K->209847K(398668K), [CMS Perm : 53378K->53378K(89436K)], 0.7831370 secs] [Times: user=0.78 sys=0.00, real=0.79 secs] 
3582.989: [Full GC (System) 3582.989: [CMS: 209847K->209847K(353164K), 0.7838370 secs] 209858K->209847K(398668K), [CMS Perm : 53378K->53378K(89436K)], 0.7839850 secs] [Times: user=0.79 sys=0.00, real=0.78 secs] 
3583.776: [Full GC (System) 3583.776: [CMS: 209847K->209847K(353164K), 0.7870980 secs] 209856K->209847K(398668K), [CMS Perm : 53378K->53378K(89436K)], 0.7872090 secs] [Times: user=0.78 sys=0.00, real=0.79 secs] 
3588.481: [Full GC (System) 3588.481: [CMS: 209847K->209847K(353164K), 0.7835460 secs] 209883K->209847K(398668K), [CMS Perm : 53378K->53378K(89436K)], 0.7836970 secs] [Times: user=0.78 sys=0.00, real=0.78 secs] 
3589.268: [Full GC (System) 3589.268: [CMS: 209847K->209847K(353164K), 0.7833490 secs] 209856K->209847K(398668K), [CMS Perm : 53378K->53378K(89436K)], 0.7834550 secs] [Times: user=0.78 sys=0.00, real=0.78 secs] 
3637.089: [Full GC (System) 3637.089: [CMS: 209847K->209847K(353164K), 0.7827270 secs] 210001K->209847K(398668K), [CMS Perm : 53378K->53378K(89436K)], 0.7828430 secs] [Times: user=0.78 sys=0.00, real=0.78 secs] 
3637.875: [Full GC (System) 3637.875: [CMS: 209847K->209847K(353164K), 0.7832610 secs] 209856K->209847K(398668K), [CMS Perm : 53378K->53378K(89436K)], 0.7833680 secs] [Times: user=0.79 sys=0.00, real=0.78 secs] 
3638.661: [Full GC (System) 3638.661: [CMS: 209847K->209847K(353164K), 0.7828920 secs] 209856K->209847K(398668K), [CMS Perm : 53378K->53378K(89436K)], 0.7830640 secs] [Times: user=0.78 sys=0.00, real=0.78 secs] 
3642.989: [Full GC (System) 3642.989: [CMS: 209847K->209847K(353164K), 0.7841820 secs] 209858K->209847K(398668K), [CMS Perm : 53378K->53378K(89436K)], 0.7843760 secs] [Times: user=0.78 sys=0.00, real=0.78 secs] 
3643.776: [Full GC (System) 3643.776: [CMS: 209847K->209847K(353164K), 0.7827700 secs] 209856K->209847K(398668K), [CMS Perm : 53378K->53378K(89436K)], 0.7828760 secs] [Times: user=0.79 sys=0.00, real=0.78 secs] 
3648.481: [Full GC (System) 3648.481: [CMS: 209847K->209847K(353164K), 0.7905290 secs] 209883K->209847K(398668K), [CMS Perm : 53378K->53378K(89436K)], 0.7906870 secs] [Times: user=0.79 sys=0.01, real=0.79 secs] 
3649.275: [Full GC (System) 3649.275: [CMS: 209847K->209847K(353164K), 0.7834640 secs] 209856K->209847K(398668K), [CMS Perm : 53378K->53378K(89436K)], 0.7835910 secs] [Times: user=0.78 sys=0.00, real=0.79 secs] 
3697.089: [Full GC (System) 3697.089: [CMS: 209847K->209847K(353164K), 0.7837350 secs] 210034K->209847K(398668K), [CMS Perm : 53378K->53378K(89436K)], 0.7838990 secs] [Times: user=0.79 sys=0.00, real=0.78 secs] 
3697.876: [Full GC (System) 3697.876: [CMS: 209847K->209847K(353164K), 0.7841340 secs] 209856K->209847K(398668K), [CMS Perm : 53378K->53378K(89436K)], 0.7842380 secs] [Times: user=0.78 sys=0.00, real=0.78 secs] 
3698.663: [Full GC (System) 3698.663: [CMS: 209847K->209847K(353164K), 0.7836240 secs] 209856K->209847K(398668K), [CMS Perm : 53378K->53378K(89436K)], 0.7837630 secs] [Times: user=0.78 sys=0.00, real=0.79 secs] 
3702.989: [Full GC (System) 3702.989: [CMS: 209847K->209847K(353164K), 0.7843740 secs] 209858K->209847K(398668K), [CMS Perm : 53378K->53378K(89436K)], 0.7845270 secs] [Times: user=0.79 sys=0.00, real=0.78 secs] 
3703.776: [Full GC (System) 3703.776: [CMS: 209847K->209847K(353164K), 0.7838070 secs] 209856K->209847K(398668K), [CMS Perm : 53378K->53378K(89436K)], 0.7839110 secs] [Times: user=0.78 sys=0.00, real=0.78 secs] 
3708.481: [Full GC (System) 3708.481: [CMS: 209847K->209847K(353164K), 0.7945530 secs] 209883K->209847K(398668K), [CMS Perm : 53378K->53378K(89436K)], 0.7947040 secs] [Times: user=0.80 sys=0.00, real=0.80 secs] 
3709.279: [Full GC (System) 3709.279: [CMS: 209847K->209847K(353164K), 0.7841860 secs] 209856K->209847K(398668K), [CMS Perm : 53378K->53378K(89436K)], 0.7842910 secs] [Times: user=0.78 sys=0.00, real=0.78 secs] 
3757.089: [Full GC (System) 3757.089: [CMS: 209847K->209848K(353164K), 0.7870190 secs] 217053K->209848K(398668K), [CMS Perm : 53378K->53378K(89436K)], 0.7871340 secs] [Times: user=0.79 sys=0.00, real=0.79 secs] 
3757.879: [Full GC (System) 3757.879: [CMS: 209848K->209847K(353164K), 0.7843120 secs] 209856K->209847K(398668K), [CMS Perm : 53378K->53378K(89436K)], 0.7844210 secs] [Times: user=0.78 sys=0.00, real=0.79 secs] 
3758.666: [Full GC (System) 3758.666: [CMS: 209847K->209847K(353164K), 0.7838620 secs] 209856K->209847K(398668K), [CMS Perm : 53378K->53378K(89436K)], 0.7839680 secs] [Times: user=0.78 sys=0.00, real=0.78 secs] 
3762.989: [Full GC (System) 3762.989: [CMS: 209847K->209847K(353164K), 0.7791210 secs] 209858K->209847K(398668K), [CMS Perm : 53378K->53378K(89436K)], 0.7793340 secs] [Times: user=0.78 sys=0.01, real=0.78 secs] 
3763.771: [Full GC (System) 3763.771: [CMS: 209847K->209847K(353164K), 0.7825280 secs] 209856K->209847K(398668K), [CMS Perm : 53378K->53378K(89436K)], 0.7826540 secs] [Times: user=0.78 sys=0.00, real=0.79 secs] 
3768.481: [Full GC (System) 3768.481: [CMS: 209847K->209847K(353164K), 0.7844860 secs] 209883K->209847K(398668K), [CMS Perm : 53378K->53378K(89436K)], 0.7846410 secs] [Times: user=0.78 sys=0.00, real=0.79 secs] 
3769.269: [Full GC (System) 3769.269: [CMS: 209847K->209847K(353164K), 0.7839520 secs] 209856K->209847K(398668K), [CMS Perm : 53378K->53378K(89436K)], 0.7840590 secs] [Times: user=0.78 sys=0.00, real=0.78 secs] 
3817.090: [Full GC (System) 3817.090: [CMS: 209847K->209848K(353164K), 0.7862490 secs] 217053K->209848K(398668K), [CMS Perm : 53378K->53378K(89436K)], 0.7863870 secs] [Times: user=0.79 sys=0.00, real=0.79 secs] 
3817.879: [Full GC (System) 3817.879: [CMS: 209848K->209847K(353164K), 0.7843650 secs] 209856K->209847K(398668K), [CMS Perm : 53378K->53378K(89436K)], 0.7844690 secs] [Times: user=0.79 sys=0.00, real=0.79 secs] 
3818.666: [Full GC (System) 3818.666: [CMS: 209847K->209847K(353164K), 0.7847140 secs] 209856K->209847K(398668K), [CMS Perm : 53378K->53378K(89436K)], 0.7848210 secs] [Times: user=0.78 sys=0.00, real=0.78 secs] 
3822.989: [Full GC (System) 3822.989: [CMS: 209847K->209847K(353164K), 0.7797840 secs] 209858K->209847K(398668K), [CMS Perm : 53378K->53378K(89436K)], 0.7799930 secs] [Times: user=0.78 sys=0.00, real=0.78 secs] 
3823.772: [Full GC (System) 3823.772: [CMS: 209847K->209847K(353164K), 0.7837850 secs] 209856K->209847K(398668K), [CMS Perm : 53378K->53378K(89436K)], 0.7839200 secs] [Times: user=0.78 sys=0.00, real=0.79 secs] 
3828.481: [Full GC (System) 3828.481: [CMS: 209847K->209847K(353164K), 0.7874070 secs] 209883K->209847K(398668K), [CMS Perm : 53378K->53378K(89436K)], 0.7875620 secs] [Times: user=0.78 sys=0.00, real=0.79 secs] 
3829.271: [Full GC (System) 3829.271: [CMS: 209847K->209847K(353164K), 0.7839790 secs] 209856K->209847K(398668K), [CMS Perm : 53378K->53378K(89436K)], 0.7840860 secs] [Times: user=0.79 sys=0.00, real=0.79 secs] 
3877.090: [Full GC (System) 3877.090: [CMS: 209847K->209847K(353164K), 0.7852750 secs] 210034K->209847K(398668K), [CMS Perm : 53378K->53378K(89436K)], 0.7853890 secs] [Times: user=0.78 sys=0.00, real=0.79 secs] 
3877.878: [Full GC (System) 3877.878: [CMS: 209847K->209847K(353164K), 0.7840930 secs] 209856K->209847K(398668K), [CMS Perm : 53378K->53378K(89436K)], 0.7841970 secs] [Times: user=0.79 sys=0.00, real=0.79 secs] 
3878.665: [Full GC (System) 3878.665: [CMS: 209847K->209847K(353164K), 0.7847550 secs] 209856K->209847K(398668K), [CMS Perm : 53378K->53378K(89436K)], 0.7848600 secs] [Times: user=0.78 sys=0.00, real=0.78 secs] 
3882.989: [Full GC (System) 3882.989: [CMS: 209847K->209847K(353164K), 0.7853300 secs] 209858K->209847K(398668K), [CMS Perm : 53378K->53378K(89436K)], 0.7854880 secs] [Times: user=0.79 sys=0.00, real=0.79 secs] 
3883.777: [Full GC (System) 3883.777: [CMS: 209847K->209847K(353164K), 0.7839570 secs] 209856K->209847K(398668K), [CMS Perm : 53378K->53378K(89436K)], 0.7840620 secs] [Times: user=0.78 sys=0.00, real=0.78 secs] 
3888.481: [Full GC (System) 3888.482: [CMS: 209847K->209847K(353164K), 0.7859610 secs] 209883K->209847K(398668K), [CMS Perm : 53378K->53378K(89436K)], 0.7861030 secs] [Times: user=0.78 sys=0.00, real=0.79 secs] 
3889.270: [Full GC (System) 3889.270: [CMS: 209847K->209847K(353164K), 0.7840460 secs] 209856K->209847K(398668K), [CMS Perm : 53378K->53378K(89436K)], 0.7841490 secs] [Times: user=0.78 sys=0.00, real=0.79 secs] 
3937.091: [Full GC (System) 3937.091: [CMS: 209847K->209831K(353164K), 0.9727460 secs] 213625K->209831K(398668K), [CMS Perm : 53379K->53378K(89436K)], 0.9728950 secs] [Times: user=0.97 sys=0.00, real=0.98 secs] 
3938.066: [Full GC (System) 3938.066: [CMS: 209831K->209831K(353164K), 0.7847870 secs] 209841K->209831K(398668K), [CMS Perm : 53378K->53378K(89436K)], 0.7848930 secs] [Times: user=0.78 sys=0.00, real=0.79 secs] 
3938.854: [Full GC (System) 3938.854: [CMS: 209831K->209831K(353164K), 0.7837130 secs] 209839K->209831K(398668K), [CMS Perm : 53378K->53378K(89436K)], 0.7838200 secs] [Times: user=0.78 sys=0.00, real=0.78 secs] 
3942.990: [Full GC (System) 3942.990: [CMS: 209831K->209831K(353164K), 0.7847050 secs] 209839K->209831K(398668K), [CMS Perm : 53378K->53378K(89436K)], 0.7848850 secs] [Times: user=0.79 sys=0.00, real=0.79 secs] 
3943.777: [Full GC (System) 3943.777: [CMS: 209831K->209831K(353164K), 0.7832270 secs] 209839K->209831K(398668K), [CMS Perm : 53378K->53378K(89436K)], 0.7833340 secs] [Times: user=0.78 sys=0.00, real=0.78 secs] 
3948.481: [Full GC (System) 3948.482: [CMS: 209831K->209831K(353164K), 0.7889430 secs] 209866K->209831K(398668K), [CMS Perm : 53378K->53378K(89436K)], 0.7890950 secs] [Times: user=0.79 sys=0.00, real=0.79 secs] 
3949.273: [Full GC (System) 3949.273: [CMS: 209831K->209831K(353164K), 0.7789110 secs] 209839K->209831K(398668K), [CMS Perm : 53378K->53378K(89436K)], 0.7790160 secs] [Times: user=0.78 sys=0.00, real=0.77 secs] 
3997.090: [Full GC (System) 3997.090: [CMS: 209831K->209831K(353164K), 0.7841870 secs] 209984K->209831K(398668K), [CMS Perm : 53378K->53378K(89436K)], 0.7843040 secs] [Times: user=0.78 sys=0.00, real=0.78 secs] 
3997.877: [Full GC (System) 3997.877: [CMS: 209831K->209831K(353164K), 0.7834620 secs] 209839K->209831K(398668K), [CMS Perm : 53378K->53378K(89436K)], 0.7835690 secs] [Times: user=0.79 sys=0.00, real=0.79 secs] 
3998.664: [Full GC (System) 3998.664: [CMS: 209831K->209831K(353164K), 0.7841570 secs] 209839K->209831K(398668K), [CMS Perm : 53378K->53378K(89436K)], 0.7842850 secs] [Times: user=0.78 sys=0.00, real=0.78 secs] 
4002.990: [Full GC (System) 4002.990: [CMS: 209831K->209831K(353164K), 0.7836740 secs] 209841K->209831K(398668K), [CMS Perm : 53378K->53378K(89436K)], 0.7838830 secs] [Times: user=0.78 sys=0.00, real=0.79 secs] 
4003.774: [Full GC (System) 4003.774: [CMS: 209831K->209822K(353164K), 0.8890820 secs] 209835K->209822K(398668K), [CMS Perm : 53378K->53378K(89436K)], 0.8891880 secs] [Times: user=0.89 sys=0.00, real=0.89 secs] 
4008.481: [Full GC (System) 4008.481: [CMS: 209822K->209805K(353164K), 0.8857230 secs] 209857K->209805K(398668K), [CMS Perm : 53378K->53378K(89436K)], 0.8858760 secs] [Times: user=0.89 sys=0.00, real=0.88 secs] 
4009.368: [Full GC (System) 4009.368: [CMS: 209805K->209795K(353164K), 0.9241600 secs] 209809K->209795K(398668K), [CMS Perm : 53378K->53378K(89436K)], 0.9242980 secs] [Times: user=0.92 sys=0.00, real=0.93 secs] 
4057.090: [Full GC (System) 4057.091: [CMS: 209795K->209778K(353164K), 0.9238070 secs] 209949K->209778K(398668K), [CMS Perm : 53378K->53378K(89436K)], 0.9239210 secs] [Times: user=0.92 sys=0.00, real=0.92 secs] 
4058.017: [Full GC (System) 4058.017: [CMS: 209778K->209778K(353164K), 0.7834210 secs] 209787K->209778K(398668K), [CMS Perm : 53378K->53378K(89436K)], 0.7835280 secs] [Times: user=0.79 sys=0.00, real=0.79 secs] 
4058.802: [Full GC (System) 4058.802: [CMS: 209778K->209769K(353164K), 0.9663380 secs] 209783K->209769K(398668K), [CMS Perm : 53378K->53378K(89436K)], 0.9664450 secs] [Times: user=0.96 sys=0.00, real=0.96 secs] 
4062.990: [Full GC (System) 4062.990: [CMS: 209769K->209752K(353164K), 0.9673750 secs] 209778K->209752K(398668K), [CMS Perm : 53378K->53378K(89436K)], 0.9675520 secs] [Times: user=0.97 sys=0.00, real=0.96 secs] 
4068.481: [Full GC (System) 4068.482: [CMS: 209752K->209752K(353164K), 0.7882690 secs] 209788K->209752K(398668K), [CMS Perm : 53378K->53378K(89436K)], 0.7883910 secs] [Times: user=0.79 sys=0.01, real=0.78 secs] 
4117.090: [Full GC (System) 4117.090: [CMS: 209752K->209752K(353164K), 0.7785740 secs] 209908K->209752K(398668K), [CMS Perm : 53378K->53378K(89436K)], 0.7787200 secs] [Times: user=0.78 sys=0.00, real=0.78 secs] 
4117.871: [Full GC (System) 4117.871: [CMS: 209752K->209752K(353164K), 0.7824130 secs] 209761K->209752K(398668K), [CMS Perm : 53378K->53378K(89436K)], 0.7825510 secs] [Times: user=0.78 sys=0.00, real=0.78 secs] 
4122.990: [Full GC (System) 4122.990: [CMS: 209752K->209752K(353164K), 0.7832190 secs] 209763K->209752K(398668K), [CMS Perm : 53378K->53378K(89436K)], 0.7833620 secs] [Times: user=0.78 sys=0.00, real=0.78 secs] 
4128.481: [Full GC (System) 4128.481: [CMS: 209752K->209752K(353164K), 0.7870790 secs] 209788K->209752K(398668K), [CMS Perm : 53378K->53378K(89436K)], 0.7871960 secs] [Times: user=0.79 sys=0.00, real=0.78 secs] 
4177.090: [Full GC (System) 4177.090: [CMS: 209752K->209752K(353164K), 0.7828040 secs] 209908K->209752K(398668K), [CMS Perm : 53378K->53378K(89436K)], 0.7829560 secs] [Times: user=0.78 sys=0.00, real=0.78 secs] 
4177.876: [Full GC (System) 4177.876: [CMS: 209752K->209752K(353164K), 0.7785550 secs] 209761K->209752K(398668K), [CMS Perm : 53378K->53378K(89436K)], 0.7786590 secs] [Times: user=0.78 sys=0.00, real=0.78 secs] 
4182.990: [Full GC (System) 4182.990: [CMS: 209752K->209752K(353164K), 0.7836080 secs] 209763K->209752K(398668K), [CMS Perm : 53378K->53378K(89436K)], 0.7837330 secs] [Times: user=0.79 sys=0.00, real=0.78 secs] 
4188.482: [Full GC (System) 4188.482: [CMS: 209752K->209752K(353164K), 0.7894900 secs] 209788K->209752K(398668K), [CMS Perm : 53378K->53378K(89436K)], 0.7896070 secs] [Times: user=0.79 sys=0.01, real=0.79 secs] 
4237.090: [Full GC (System) 4237.090: [CMS: 209752K->209752K(353164K), 0.7832240 secs] 209908K->209752K(398668K), [CMS Perm : 53378K->53378K(89436K)], 0.7834010 secs] [Times: user=0.78 sys=0.00, real=0.78 secs] 
4237.877: [Full GC (System) 4237.877: [CMS: 209752K->209752K(353164K), 0.7837900 secs] 209761K->209752K(398668K), [CMS Perm : 53378K->53378K(89436K)], 0.7838960 secs] [Times: user=0.78 sys=0.00, real=0.78 secs] 
4242.990: [Full GC (System) 4242.990: [CMS: 209752K->209752K(353164K), 0.7784730 secs] 209763K->209752K(398668K), [CMS Perm : 53378K->53378K(89436K)], 0.7786160 secs] [Times: user=0.77 sys=0.00, real=0.78 secs] 
4248.482: [Full GC (System) 4248.482: [CMS: 209752K->209752K(353164K), 0.7887390 secs] 209788K->209752K(398668K), [CMS Perm : 53378K->53378K(89436K)], 0.7888900 secs] [Times: user=0.79 sys=0.00, real=0.79 secs] 
4297.090: [Full GC (System) 4297.090: [CMS: 209752K->209752K(353164K), 0.7826000 secs] 209941K->209752K(398668K), [CMS Perm : 53378K->53378K(89436K)], 0.7827500 secs] [Times: user=0.79 sys=0.00, real=0.78 secs] 
4297.875: [Full GC (System) 4297.875: [CMS: 209752K->209752K(353164K), 0.7822540 secs] 209761K->209752K(398668K), [CMS Perm : 53378K->53378K(89436K)], 0.7823890 secs] [Times: user=0.78 sys=0.00, real=0.78 secs] 
4302.990: [Full GC (System) 4302.990: [CMS: 209752K->209752K(353164K), 0.7830450 secs] 209763K->209752K(398668K), [CMS Perm : 53378K->53378K(89436K)], 0.7831650 secs] [Times: user=0.78 sys=0.00, real=0.78 secs] 
4308.483: [Full GC (System) 4308.483: [CMS: 209752K->209752K(353164K), 0.7888490 secs] 209788K->209752K(398668K), [CMS Perm : 53378K->53378K(89436K)], 0.7889660 secs] [Times: user=0.79 sys=0.00, real=0.79 secs] 
4357.091: [Full GC (System) 4357.091: [CMS: 209752K->209752K(353164K), 0.7824300 secs] 209908K->209752K(398668K), [CMS Perm : 53378K->53378K(89436K)], 0.7825740 secs] [Times: user=0.79 sys=0.00, real=0.78 secs] 
4357.876: [Full GC (System) 4357.876: [CMS: 209752K->209752K(353164K), 0.7827910 secs] 209761K->209752K(398668K), [CMS Perm : 53378K->53378K(89436K)], 0.7828940 secs] [Times: user=0.78 sys=0.00, real=0.78 secs] 
4362.990: [Full GC (System) 4362.990: [CMS: 209752K->209752K(353164K), 0.7828960 secs] 209763K->209752K(398668K), [CMS Perm : 53378K->53378K(89436K)], 0.7830360 secs] [Times: user=0.78 sys=0.01, real=0.78 secs] 
4368.482: [Full GC (System) 4368.482: [CMS: 209752K->209752K(353164K), 0.7896290 secs] 209788K->209752K(398668K), [CMS Perm : 53379K->53379K(89436K)], 0.7897980 secs] [Times: user=0.79 sys=0.00, real=0.79 secs] 
4417.090: [Full GC (System) 4417.090: [CMS: 209752K->209752K(353164K), 0.7817940 secs] 209908K->209752K(398668K), [CMS Perm : 53379K->53379K(89436K)], 0.7819460 secs] [Times: user=0.79 sys=0.00, real=0.78 secs] 
4417.875: [Full GC (System) 4417.875: [CMS: 209752K->209752K(353164K), 0.7818950 secs] 209761K->209752K(398668K), [CMS Perm : 53379K->53379K(89436K)], 0.7820000 secs] [Times: user=0.78 sys=0.00, real=0.78 secs] 
4422.990: [Full GC (System) 4422.990: [CMS: 209752K->209752K(353164K), 0.7824250 secs] 209763K->209752K(398668K), [CMS Perm : 53379K->53379K(89436K)], 0.7825670 secs] [Times: user=0.78 sys=0.00, real=0.78 secs] 
4428.483: [Full GC (System) 4428.483: [CMS: 209752K->209752K(353164K), 0.7878080 secs] 209788K->209752K(398668K), [CMS Perm : 53379K->53379K(89436K)], 0.7879490 secs] [Times: user=0.79 sys=0.00, real=0.79 secs] 
4477.088: [Full GC (System) 4477.088: [CMS: 209752K->209743K(353164K), 0.9669200 secs] 209937K->209743K(398668K), [CMS Perm : 53379K->53379K(89436K)], 0.9670720 secs] [Times: user=0.96 sys=0.01, real=0.97 secs] 
4478.056: [Full GC (System) 4478.056: [CMS: 209743K->209717K(353164K), 0.9685780 secs] 209747K->209717K(398668K), [CMS Perm : 53379K->53379K(89436K)], 0.9686840 secs] [Times: user=0.96 sys=0.00, real=0.97 secs] 
4482.988: [Full GC (System) 4482.988: [CMS: 209717K->209691K(353164K), 0.9671470 secs] 209723K->209691K(398668K), [CMS Perm : 53379K->53379K(89436K)], 0.9673080 secs] [Times: user=0.97 sys=0.00, real=0.97 secs] 
4488.480: [Full GC (System) 4488.480: [CMS: 209691K->209664K(353164K), 0.9719540 secs] 209722K->209664K(398668K), [CMS Perm : 53379K->53379K(89436K)], 0.9721700 secs] [Times: user=0.97 sys=0.00, real=0.97 secs] 
4792.383: [GC 4792.383: [ParNew
Desired survivor size 2555904 bytes, new threshold 4 (max 4)
- age   1:    1841544 bytes,    1841544 total
: 40512K->1928K(45504K), 0.0059060 secs] 250176K->211593K(398668K), 0.0059880 secs] [Times: user=0.02 sys=0.00, real=0.00 secs] 
4792.514: [GC 4792.514: [ParNew
Desired survivor size 2555904 bytes, new threshold 2 (max 4)
- age   1:    1161952 bytes,    1161952 total
- age   2:    1732680 bytes,    2894632 total
: 42440K->3783K(45504K), 0.0045770 secs] 252105K->213448K(398668K), 0.0046550 secs] [Times: user=0.02 sys=0.00, real=0.00 secs] 
4792.953: [GC 4792.953: [ParNew
Desired survivor size 2555904 bytes, new threshold 4 (max 4)
- age   1:    1258720 bytes,    1258720 total
- age   2:     933312 bytes,    2192032 total
: 44295K->3223K(45504K), 0.0084120 secs] 253960K->214515K(398668K), 0.0085060 secs] [Times: user=0.03 sys=0.00, real=0.01 secs] 
4793.119: [GC 4793.119: [ParNew
Desired survivor size 2555904 bytes, new threshold 3 (max 4)
- age   1:    1319536 bytes,    1319536 total
- age   2:     769480 bytes,    2089016 total
- age   3:     922080 bytes,    3011096 total
: 43735K->4375K(45504K), 0.0046950 secs] 255027K->215668K(398668K), 0.0048050 secs] [Times: user=0.02 sys=0.00, real=0.01 secs] 
4793.274: [GC 4793.274: [ParNew
Desired survivor size 2555904 bytes, new threshold 2 (max 4)
- age   1:    2106008 bytes,    2106008 total
- age   2:     872384 bytes,    2978392 total
- age   3:     766088 bytes,    3744480 total
: 44887K->4765K(45504K), 0.0069690 secs] 256180K->216974K(398668K), 0.0070630 secs] [Times: user=0.02 sys=0.01, real=0.01 secs] 
4800.015: [GC 4800.015: [ParNew
Desired survivor size 2555904 bytes, new threshold 4 (max 4)
- age   1:    1712856 bytes,    1712856 total
- age   2:     758016 bytes,    2470872 total
: 45277K->4257K(45504K), 0.0067030 secs] 257486K->217918K(398668K), 0.0067980 secs]