OpenJDK 64-Bit Server VM (25.45-b02) for linux-amd64 JRE (1.8.0_45-b13), built on Apr 10 2015 11:12:17 by "mockbuild" with gcc 4.4.7 20120313 (Red Hat 4.4.7-9)
Memory: 4k page, physical 2956452k(1702904k free), swap 2097148k(2048988k free)
CommandLine flags: -XX:+PrintGCDateStamps -XX:+PrintGCDetails -XX:+PrintTenuringDistribution XX:+UseConcMarkSweepGC XX:+UseParNewGC 
2015-08-05T05:37:26.521-0400: 203225.967: [GC [1 CMS-initial-mark: 1388650K(2293760K)] 1426923K(3014656K), 0.1325074 secs] [Times: user=0.13 sys=0.00, real=0.13 secs] 
2015-08-05T05:37:26.656-0400: 203226.102: [CMS-concurrent-mark-start]
2015-08-05T05:37:29.828-0400: 203229.275: [CMS-concurrent-mark: 3.122/3.172 secs] [Times: user=18.98 sys=0.06, real=3.17 secs] 
2015-08-05T05:37:29.829-0400: 203229.275: [CMS-concurrent-preclean-start]
2015-08-05T05:37:29.910-0400: 203229.357: [CMS-concurrent-preclean: 0.082/0.082 secs] [Times: user=0.09 sys=0.00, real=0.08 secs] 
2015-08-05T05:37:29.911-0400: 203229.357: [CMS-concurrent-abortable-preclean-start]
 CMS: abort preclean due to time 2015-08-05T05:37:35.706-0400: 203235.153: [CMS-concurrent-abortable-preclean: 5.763/5.796 secs] [Times: user=6.06 sys=0.10, real=5.80 secs] 
2015-08-05T05:37:35.708-0400: 203235.155: [GC[YG occupancy: 49482 K (720896 K)]2015-08-05T05:37:35.710-0400: 203235.157: [GC 203235.157: [ParNew
Desired survivor size 33554432 bytes, new threshold 15 (max 15)
- age   1:     234568 bytes,     234568 total
- age   2:   13851680 bytes,   14086248 total
: 49482K->20613K(720896K), 0.4675041 secs] 1438132K->1409264K(3014656K), 0.4697441 secs] [Times: user=6.79 sys=0.12, real=0.47 secs] 
203235.627: [Rescan (parallel) , 0.0378821 secs]203235.667: [weak refs processing, 0.0273424 secs] [1 CMS-remark: 1388650K(2293760K)] 1409264K(3014656K), 0.5398924 secs] [Times: user=7.41 sys=0.15, real=0.54 secs] 
2015-08-05T05:37:36.251-0400: 203235.697: [CMS-concurrent-sweep-start]
2015-08-05T05:37:41.935-0400: 203241.381: [CMS-concurrent-sweep: 5.640/5.684 secs] [Times: user=6.81 sys=0.17, real=5.68 secs] 
2015-08-05T05:37:41.935-0400: 203241.382: [CMS-concurrent-reset-start]
2015-08-05T05:37:41.976-0400: 203241.423: [CMS-concurrent-reset: 0.041/0.041 secs] [Times: user=0.04 sys=0.00, real=0.04 secs] 
