[0.021s][info][gc] Using G1
[31.249s][info][gc] GC(0) Pause Young (G1 Evacuation Pause) 24M->11M(256M) 7.965ms
[31.264s][info][gc] GC(1) Pause Young (G1 Evacuation Pause) 32M->14M(256M) 4.326ms
[31.322s][info][gc] GC(2) Pause Young (G1 Evacuation Pause) 164M->17M(256M) 2.924ms
[31.333s][info][gc] GC(3) Pause Young (G1 Evacuation Pause) 164M->15M(256M) 1.399ms
[31.341s][info][gc] GC(4) Pause Young (G1 Evacuation Pause) 164M->14M(256M) 0.686ms
[31.350s][info][gc] GC(5) Pause Young (G1 Evacuation Pause) 164M->13M(256M) 0.653ms
[31.358s][info][gc] GC(6) Pause Young (G1 Evacuation Pause) 164M->15M(256M) 0.739ms
[31.368s][info][gc] GC(7) Pause Young (G1 Evacuation Pause) 164M->14M(256M) 1.394ms
[31.377s][info][gc] GC(8) Pause Young (G1 Evacuation Pause) 164M->13M(256M) 1.182ms
[31.386s][info][gc] GC(9) Pause Young (G1 Evacuation Pause) 164M->14M(256M) 1.159ms
[31.395s][info][gc] GC(10) Pause Young (G1 Evacuation Pause) 164M->14M(256M) 1.219ms
[31.403s][info][gc] GC(11) Pause Young (G1 Evacuation Pause) 164M->14M(256M) 0.696ms
[31.414s][info][gc] GC(12) Pause Young (G1 Evacuation Pause) 164M->15M(256M) 0.942ms
[31.425s][info][gc] GC(13) Pause Young (G1 Evacuation Pause) 164M->15M(256M) 0.848ms
[31.437s][info][gc] GC(14) Pause Young (G1 Evacuation Pause) 164M->14M(485M) 4.058ms
[31.527s][info][gc] GC(15) Pause Young (G1 Evacuation Pause) 302M->15M(485M) 2.349ms
[31.545s][info][gc] GC(16) Pause Young (G1 Evacuation Pause) 302M->15M(485M) 1.010ms
[31.567s][info][gc] GC(17) Pause Young (G1 Evacuation Pause) 302M->15M(485M) 1.528ms
[31.592s][info][gc] GC(18) Pause Young (G1 Evacuation Pause) 302M->15M(1081M) 7.868ms
[31.808s][info][gc] GC(19) Pause Young (G1 Evacuation Pause) 659M->14M(1081M) 1.059ms
[31.842s][info][gc] GC(20) Pause Young (G1 Evacuation Pause) 659M->14M(1081M) 0.957ms
[31.881s][info][gc] GC(21) Pause Young (G1 Evacuation Pause) 659M->16M(1081M) 1.110ms
[31.915s][info][gc] GC(22) Pause Young (G1 Evacuation Pause) 659M->13M(1081M) 0.893ms
[31.953s][info][gc] GC(23) Pause Young (G1 Evacuation Pause) 659M->15M(1081M) 1.893ms
[31.993s][info][gc] GC(24) Pause Young (G1 Evacuation Pause) 659M->15M(1081M) 3.487ms
[32.036s][info][gc] GC(25) Pause Young (G1 Evacuation Pause) 659M->14M(1081M) 2.041ms
[32.074s][info][gc] GC(26) Pause Young (G1 Evacuation Pause) 659M->14M(1081M) 1.998ms
[32.117s][info][gc] GC(27) Pause Young (G1 Evacuation Pause) 659M->14M(1081M) 2.168ms
[32.154s][info][gc] GC(28) Pause Young (G1 Evacuation Pause) 659M->15M(1081M) 1.845ms
[32.195s][info][gc] GC(29) Pause Young (G1 Evacuation Pause) 659M->14M(1081M) 1.305ms
[32.233s][info][gc] GC(30) Pause Young (G1 Evacuation Pause) 659M->14M(1081M) 1.767ms
[32.270s][info][gc] GC(31) Pause Young (G1 Evacuation Pause) 659M->13M(1081M) 1.894ms
[32.307s][info][gc] GC(32) Pause Young (G1 Evacuation Pause) 659M->14M(1081M) 1.120ms
[32.345s][info][gc] GC(33) Pause Young (G1 Evacuation Pause) 659M->16M(1081M) 1.308ms
[32.382s][info][gc] GC(34) Pause Young (G1 Evacuation Pause) 659M->13M(1081M) 1.226ms
[32.419s][info][gc] GC(35) Pause Young (G1 Evacuation Pause) 659M->14M(1081M) 1.220ms
[32.457s][info][gc] GC(36) Pause Young (G1 Evacuation Pause) 659M->15M(1081M) 1.258ms
[32.495s][info][gc] GC(37) Pause Young (G1 Evacuation Pause) 659M->15M(1081M) 2.159ms
[32.532s][info][gc] GC(38) Pause Young (G1 Evacuation Pause) 659M->14M(1081M) 1.026ms
[32.569s][info][gc] GC(39) Pause Young (G1 Evacuation Pause) 659M->15M(1081M) 1.100ms
[32.606s][info][gc] GC(40) Pause Young (G1 Evacuation Pause) 659M->15M(1081M) 1.328ms
[32.644s][info][gc] GC(41) Pause Young (G1 Evacuation Pause) 659M->14M(1081M) 1.799ms
[32.680s][info][gc] GC(42) Pause Young (G1 Evacuation Pause) 659M->15M(1081M) 1.679ms
[32.717s][info][gc] GC(43) Pause Young (G1 Evacuation Pause) 659M->13M(1081M) 0.982ms
[32.754s][info][gc] GC(44) Pause Young (G1 Evacuation Pause) 659M->15M(1081M) 1.181ms
[32.794s][info][gc] GC(45) Pause Young (G1 Evacuation Pause) 659M->15M(1081M) 2.005ms
[32.832s][info][gc] GC(46) Pause Young (G1 Evacuation Pause) 659M->15M(1081M) 1.747ms
[32.873s][info][gc] GC(47) Pause Young (G1 Evacuation Pause) 659M->14M(1202M) 3.272ms
[33.072s][info][gc] GC(48) Pause Young (G1 Evacuation Pause) 732M->15M(1202M) 1.707ms
[33.121s][info][gc] GC(49) Pause Young (G1 Evacuation Pause) 732M->14M(1202M) 2.312ms
[33.163s][info][gc] GC(50) Pause Young (G1 Evacuation Pause) 732M->14M(1202M) 1.332ms
[33.205s][info][gc] GC(51) Pause Young (G1 Evacuation Pause) 732M->13M(1202M) 1.127ms
[33.247s][info][gc] GC(52) Pause Young (G1 Evacuation Pause) 732M->14M(1202M) 1.125ms
[33.286s][info][gc] GC(53) Pause Young (G1 Evacuation Pause) 732M->14M(1202M) 0.997ms
[33.327s][info][gc] GC(54) Pause Young (G1 Evacuation Pause) 732M->13M(1202M) 1.551ms
[33.373s][info][gc] GC(55) Pause Young (G1 Evacuation Pause) 732M->14M(1202M) 1.958ms
[33.417s][info][gc] GC(56) Pause Young (G1 Evacuation Pause) 732M->16M(1202M) 2.060ms
[33.459s][info][gc] GC(57) Pause Young (G1 Evacuation Pause) 732M->15M(1202M) 1.990ms
[33.506s][info][gc] GC(58) Pause Young (G1 Evacuation Pause) 732M->15M(1202M) 2.092ms
[33.551s][info][gc] GC(59) Pause Young (G1 Evacuation Pause) 732M->14M(1202M) 1.815ms
[33.596s][info][gc] GC(60) Pause Young (G1 Evacuation Pause) 732M->15M(1202M) 2.105ms
[33.639s][info][gc] GC(61) Pause Young (G1 Evacuation Pause) 732M->14M(1202M) 1.941ms
[33.680s][info][gc] GC(62) Pause Young (G1 Evacuation Pause) 732M->16M(1202M) 1.171ms
[33.721s][info][gc] GC(63) Pause Young (G1 Evacuation Pause) 732M->14M(1202M) 2.034ms
[33.763s][info][gc] GC(64) Pause Young (G1 Evacuation Pause) 732M->16M(1202M) 1.177ms
[33.805s][info][gc] GC(65) Pause Young (G1 Evacuation Pause) 732M->15M(1202M) 1.061ms
[33.845s][info][gc] GC(66) Pause Young (G1 Evacuation Pause) 732M->14M(1202M) 1.829ms
[33.883s][info][gc] GC(67) Pause Young (G1 Evacuation Pause) 732M->15M(1202M) 1.020ms
[33.926s][info][gc] GC(68) Pause Young (G1 Evacuation Pause) 732M->16M(1202M) 2.156ms
[33.968s][info][gc] GC(69) Pause Young (G1 Evacuation Pause) 732M->14M(1318M) 2.426ms
[34.044s][info][gc] GC(70) Pause Young (G1 Evacuation Pause) 801M->15M(1318M) 1.960ms
[34.093s][info][gc] GC(71) Pause Young (G1 Evacuation Pause) 801M->15M(1318M) 2.011ms
[34.135s][info][gc] GC(72) Pause Young (G1 Evacuation Pause) 801M->14M(1318M) 0.997ms
[34.179s][info][gc] GC(73) Pause Young (G1 Evacuation Pause) 801M->15M(1318M) 1.215ms
[34.224s][info][gc] GC(74) Pause Young (G1 Evacuation Pause) 801M->14M(1318M) 1.301ms
[34.270s][info][gc] GC(75) Pause Young (G1 Evacuation Pause) 801M->14M(1318M) 1.770ms
[34.313s][info][gc] GC(76) Pause Young (G1 Evacuation Pause) 801M->15M(1318M) 1.287ms
[34.354s][info][gc] GC(77) Pause Young (G1 Evacuation Pause) 801M->14M(1318M) 1.043ms
[34.402s][info][gc] GC(78) Pause Young (G1 Evacuation Pause) 801M->14M(1318M) 1.055ms
[34.446s][info][gc] GC(79) Pause Young (G1 Evacuation Pause) 801M->16M(1318M) 1.267ms
[34.489s][info][gc] GC(80) Pause Young (G1 Evacuation Pause) 801M->15M(1318M) 1.073ms
[34.534s][info][gc] GC(81) Pause Young (G1 Evacuation Pause) 801M->14M(1318M) 1.014ms
[34.576s][info][gc] GC(82) Pause Young (G1 Evacuation Pause) 801M->14M(1318M) 1.680ms
[34.617s][info][gc] GC(83) Pause Young (G1 Evacuation Pause) 801M->14M(1318M) 1.014ms
[34.660s][info][gc] GC(84) Pause Young (G1 Evacuation Pause) 801M->15M(1318M) 2.172ms
[34.703s][info][gc] GC(85) Pause Young (G1 Evacuation Pause) 801M->14M(1318M) 0.975ms
[34.746s][info][gc] GC(86) Pause Young (G1 Evacuation Pause) 801M->14M(1318M) 1.328ms
[34.790s][info][gc] GC(87) Pause Young (G1 Evacuation Pause) 801M->14M(1318M) 1.174ms
[34.836s][info][gc] GC(88) Pause Young (G1 Evacuation Pause) 801M->14M(1318M) 1.900ms
[34.881s][info][gc] GC(89) Pause Young (G1 Evacuation Pause) 801M->15M(1318M) 1.614ms
[34.929s][info][gc] GC(90) Pause Young (G1 Evacuation Pause) 801M->14M(1318M) 1.749ms
[34.974s][info][gc] GC(91) Pause Young (G1 Evacuation Pause) 801M->14M(1318M) 1.060ms
[35.020s][info][gc] GC(92) Pause Young (G1 Evacuation Pause) 801M->14M(1318M) 1.188ms
[35.066s][info][gc] GC(93) Pause Young (G1 Evacuation Pause) 801M->16M(1318M) 1.196ms
[35.116s][info][gc] GC(94) Pause Young (G1 Evacuation Pause) 801M->15M(1318M) 1.177ms
[35.164s][info][gc] GC(95) Pause Young (G1 Evacuation Pause) 801M->13M(1318M) 1.916ms
[35.206s][info][gc] GC(96) Pause Young (G1 Evacuation Pause) 801M->13M(1318M) 1.075ms
[35.252s][info][gc] GC(97) Pause Young (G1 Evacuation Pause) 801M->14M(1318M) 1.009ms
[35.295s][info][gc] GC(98) Pause Young (G1 Evacuation Pause) 801M->14M(1318M) 1.095ms
[35.337s][info][gc] GC(99) Pause Young (G1 Evacuation Pause) 801M->15M(1318M) 1.858ms
[35.381s][info][gc] GC(100) Pause Young (G1 Evacuation Pause) 801M->15M(1318M) 1.234ms
[35.423s][info][gc] GC(101) Pause Young (G1 Evacuation Pause) 801M->14M(1318M) 1.083ms
[35.465s][info][gc] GC(102) Pause Young (G1 Evacuation Pause) 801M->14M(1318M) 1.111ms
[35.508s][info][gc] GC(103) Pause Young (G1 Evacuation Pause) 801M->15M(1318M) 1.725ms
[35.554s][info][gc] GC(104) Pause Young (G1 Evacuation Pause) 801M->14M(1318M) 1.009ms
[35.596s][info][gc] GC(105) Pause Young (G1 Evacuation Pause) 801M->14M(1318M) 1.706ms
[35.638s][info][gc] GC(106) Pause Young (G1 Evacuation Pause) 801M->14M(1318M) 1.659ms
[35.683s][info][gc] GC(107) Pause Young (G1 Evacuation Pause) 801M->13M(1318M) 1.634ms
[35.725s][info][gc] GC(108) Pause Young (G1 Evacuation Pause) 801M->14M(1318M) 1.687ms
[35.767s][info][gc] GC(109) Pause Young (G1 Evacuation Pause) 801M->14M(1318M) 1.618ms
[35.808s][info][gc] GC(110) Pause Young (G1 Evacuation Pause) 801M->13M(1318M) 0.949ms
[35.853s][info][gc] GC(111) Pause Young (G1 Evacuation Pause) 801M->13M(1318M) 1.008ms
[35.896s][info][gc] GC(112) Pause Young (G1 Evacuation Pause) 801M->16M(1318M) 1.192ms
[35.936s][info][gc] GC(113) Pause Young (G1 Evacuation Pause) 801M->13M(1318M) 1.107ms
[35.982s][info][gc] GC(114) Pause Young (G1 Evacuation Pause) 801M->14M(1318M) 1.536ms
[36.026s][info][gc] GC(115) Pause Young (G1 Evacuation Pause) 801M->15M(1318M) 1.955ms
[36.068s][info][gc] GC(116) Pause Young (G1 Evacuation Pause) 801M->14M(1318M) 1.621ms
[36.110s][info][gc] GC(117) Pause Young (G1 Evacuation Pause) 801M->14M(1318M) 1.917ms
[36.155s][info][gc] GC(118) Pause Young (G1 Evacuation Pause) 801M->15M(1318M) 1.909ms
[36.198s][info][gc] GC(119) Pause Young (G1 Evacuation Pause) 801M->15M(1318M) 1.796ms
[36.243s][info][gc] GC(120) Pause Young (G1 Evacuation Pause) 801M->14M(1318M) 2.096ms
[36.289s][info][gc] GC(121) Pause Young (G1 Evacuation Pause) 801M->15M(1318M) 1.650ms
[36.336s][info][gc] GC(122) Pause Young (G1 Evacuation Pause) 801M->15M(1318M) 2.003ms
[36.386s][info][gc] GC(123) Pause Young (G1 Evacuation Pause) 801M->14M(1318M) 2.204ms
[36.438s][info][gc] GC(124) Pause Young (G1 Evacuation Pause) 801M->14M(1318M) 1.016ms
[36.481s][info][gc] GC(125) Pause Young (G1 Evacuation Pause) 801M->15M(1318M) 1.135ms
[36.524s][info][gc] GC(126) Pause Young (G1 Evacuation Pause) 801M->13M(1318M) 1.766ms
[36.569s][info][gc] GC(127) Pause Young (G1 Evacuation Pause) 801M->14M(1318M) 1.541ms
[36.612s][info][gc] GC(128) Pause Young (G1 Evacuation Pause) 801M->14M(1318M) 1.848ms
[36.654s][info][gc] GC(129) Pause Young (G1 Evacuation Pause) 801M->14M(1318M) 1.047ms
[36.698s][info][gc] GC(130) Pause Young (G1 Evacuation Pause) 801M->13M(1318M) 1.670ms
[36.744s][info][gc] GC(131) Pause Young (G1 Evacuation Pause) 801M->14M(1318M) 1.834ms
[36.787s][info][gc] GC(132) Pause Young (G1 Evacuation Pause) 801M->13M(1318M) 0.983ms
[36.829s][info][gc] GC(133) Pause Young (G1 Evacuation Pause) 801M->16M(1318M) 1.117ms
[36.873s][info][gc] GC(134) Pause Young (G1 Evacuation Pause) 801M->15M(1318M) 1.060ms
[36.914s][info][gc] GC(135) Pause Young (G1 Evacuation Pause) 801M->14M(1318M) 1.089ms
[36.953s][info][gc] GC(136) Pause Young (G1 Evacuation Pause) 801M->15M(1318M) 1.001ms
[36.994s][info][gc] GC(137) Pause Young (G1 Evacuation Pause) 801M->14M(1318M) 1.182ms
[37.037s][info][gc] GC(138) Pause Young (G1 Evacuation Pause) 801M->14M(1318M) 1.006ms
[37.077s][info][gc] GC(139) Pause Young (G1 Evacuation Pause) 801M->15M(1318M) 1.700ms
[37.119s][info][gc] GC(140) Pause Young (G1 Evacuation Pause) 801M->15M(1318M) 1.113ms
[37.164s][info][gc] GC(141) Pause Young (G1 Evacuation Pause) 801M->14M(1318M) 2.536ms
[37.209s][info][gc] GC(142) Pause Young (G1 Evacuation Pause) 801M->15M(1318M) 3.116ms
[37.252s][info][gc] GC(143) Pause Young (G1 Evacuation Pause) 801M->13M(1318M) 1.801ms
[37.293s][info][gc] GC(144) Pause Young (G1 Evacuation Pause) 801M->14M(1318M) 2.473ms
[37.336s][info][gc] GC(145) Pause Young (G1 Evacuation Pause) 801M->14M(1318M) 1.351ms
[37.377s][info][gc] GC(146) Pause Young (G1 Evacuation Pause) 801M->14M(1318M) 1.563ms
[37.419s][info][gc] GC(147) Pause Young (G1 Evacuation Pause) 801M->14M(1318M) 1.176ms
[37.462s][info][gc] GC(148) Pause Young (G1 Evacuation Pause) 801M->14M(1318M) 1.644ms
[37.503s][info][gc] GC(149) Pause Young (G1 Evacuation Pause) 801M->15M(1318M) 1.040ms
[37.546s][info][gc] GC(150) Pause Young (G1 Evacuation Pause) 801M->15M(1318M) 1.443ms
[37.586s][info][gc] GC(151) Pause Young (G1 Evacuation Pause) 801M->15M(1318M) 1.156ms
[37.634s][info][gc] GC(152) Pause Young (G1 Evacuation Pause) 801M->15M(1318M) 1.529ms
[37.682s][info][gc] GC(153) Pause Young (G1 Evacuation Pause) 801M->15M(1318M) 1.804ms
[37.725s][info][gc] GC(154) Pause Young (G1 Evacuation Pause) 801M->14M(1318M) 1.772ms
[37.770s][info][gc] GC(155) Pause Young (G1 Evacuation Pause) 801M->15M(1318M) 1.098ms
[37.811s][info][gc] GC(156) Pause Young (G1 Evacuation Pause) 801M->14M(1318M) 1.747ms
[37.857s][info][gc] GC(157) Pause Young (G1 Evacuation Pause) 801M->14M(1318M) 1.846ms
[37.902s][info][gc] GC(158) Pause Young (G1 Evacuation Pause) 801M->14M(1318M) 1.581ms
[37.946s][info][gc] GC(159) Pause Young (G1 Evacuation Pause) 801M->13M(1318M) 1.084ms
[37.990s][info][gc] GC(160) Pause Young (G1 Evacuation Pause) 801M->14M(1318M) 1.071ms
[38.034s][info][gc] GC(161) Pause Young (G1 Evacuation Pause) 801M->14M(1318M) 1.770ms
[38.081s][info][gc] GC(162) Pause Young (G1 Evacuation Pause) 801M->13M(1318M) 2.061ms
[38.127s][info][gc] GC(163) Pause Young (G1 Evacuation Pause) 801M->14M(1318M) 1.847ms
[38.170s][info][gc] GC(164) Pause Young (G1 Evacuation Pause) 801M->14M(1318M) 1.041ms
[38.214s][info][gc] GC(165) Pause Young (G1 Evacuation Pause) 801M->14M(1318M) 1.357ms
[38.259s][info][gc] GC(166) Pause Young (G1 Evacuation Pause) 801M->13M(1318M) 1.854ms
[38.301s][info][gc] GC(167) Pause Young (G1 Evacuation Pause) 801M->14M(1318M) 1.691ms
[38.344s][info][gc] GC(168) Pause Young (G1 Evacuation Pause) 801M->15M(1318M) 2.065ms
[38.389s][info][gc] GC(169) Pause Young (G1 Evacuation Pause) 801M->13M(1318M) 1.130ms
[38.430s][info][gc] GC(170) Pause Young (G1 Evacuation Pause) 801M->13M(1318M) 1.599ms
[38.470s][info][gc] GC(171) Pause Young (G1 Evacuation Pause) 801M->14M(1318M) 1.080ms
[38.511s][info][gc] GC(172) Pause Young (G1 Evacuation Pause) 801M->15M(1318M) 1.957ms
[38.555s][info][gc] GC(173) Pause Young (G1 Evacuation Pause) 801M->13M(1318M) 1.823ms
[38.596s][info][gc] GC(174) Pause Young (G1 Evacuation Pause) 801M->14M(1318M) 2.034ms
[38.636s][info][gc] GC(175) Pause Young (G1 Evacuation Pause) 801M->13M(1318M) 1.760ms
[38.680s][info][gc] GC(176) Pause Young (G1 Evacuation Pause) 801M->14M(1318M) 1.081ms
[38.720s][info][gc] GC(177) Pause Young (G1 Evacuation Pause) 801M->13M(1318M) 1.030ms
[38.761s][info][gc] GC(178) Pause Young (G1 Evacuation Pause) 801M->14M(1318M) 1.900ms
[38.800s][info][gc] GC(179) Pause Young (G1 Evacuation Pause) 801M->13M(1318M) 0.999ms
[38.843s][info][gc] GC(180) Pause Young (G1 Evacuation Pause) 801M->14M(1318M) 1.915ms
[38.884s][info][gc] GC(181) Pause Young (G1 Evacuation Pause) 801M->14M(1318M) 2.061ms
[38.926s][info][gc] GC(182) Pause Young (G1 Evacuation Pause) 801M->15M(1318M) 1.913ms
[38.967s][info][gc] GC(183) Pause Young (G1 Evacuation Pause) 801M->14M(1318M) 1.193ms
[39.008s][info][gc] GC(184) Pause Young (G1 Evacuation Pause) 801M->15M(1318M) 1.113ms
[39.048s][info][gc] GC(185) Pause Young (G1 Evacuation Pause) 801M->14M(1318M) 1.018ms
[39.089s][info][gc] GC(186) Pause Young (G1 Evacuation Pause) 801M->15M(1318M) 1.771ms
[39.132s][info][gc] GC(187) Pause Young (G1 Evacuation Pause) 801M->14M(1318M) 1.127ms
[39.172s][info][gc] GC(188) Pause Young (G1 Evacuation Pause) 801M->15M(1318M) 1.115ms
[39.213s][info][gc] GC(189) Pause Young (G1 Evacuation Pause) 801M->14M(1318M) 1.057ms
[39.253s][info][gc] GC(190) Pause Young (G1 Evacuation Pause) 801M->14M(1318M) 1.052ms
[39.296s][info][gc] GC(191) Pause Young (G1 Evacuation Pause) 801M->13M(1318M) 1.720ms
[39.335s][info][gc] GC(192) Pause Young (G1 Evacuation Pause) 801M->15M(1318M) 1.084ms
[39.374s][info][gc] GC(193) Pause Young (G1 Evacuation Pause) 801M->14M(1318M) 1.006ms
[39.414s][info][gc] GC(194) Pause Young (G1 Evacuation Pause) 801M->14M(1318M) 1.021ms
[39.457s][info][gc] GC(195) Pause Young (G1 Evacuation Pause) 801M->15M(1318M) 1.099ms
[39.499s][info][gc] GC(196) Pause Young (G1 Evacuation Pause) 801M->15M(1318M) 1.159ms
[39.538s][info][gc] GC(197) Pause Young (G1 Evacuation Pause) 801M->14M(1318M) 1.066ms
[39.582s][info][gc] GC(198) Pause Young (G1 Evacuation Pause) 801M->15M(1318M) 1.146ms
[39.621s][info][gc] GC(199) Pause Young (G1 Evacuation Pause) 801M->14M(1318M) 1.044ms
[39.663s][info][gc] GC(200) Pause Young (G1 Evacuation Pause) 801M->14M(1318M) 1.032ms
[39.705s][info][gc] GC(201) Pause Young (G1 Evacuation Pause) 801M->15M(1318M) 1.060ms
[39.745s][info][gc] GC(202) Pause Young (G1 Evacuation Pause) 801M->13M(1318M) 1.410ms
[39.784s][info][gc] GC(203) Pause Young (G1 Evacuation Pause) 801M->14M(1318M) 1.034ms
[39.823s][info][gc] GC(204) Pause Young (G1 Evacuation Pause) 801M->13M(1318M) 1.010ms
[39.867s][info][gc] GC(205) Pause Young (G1 Evacuation Pause) 801M->15M(1318M) 1.105ms
[39.907s][info][gc] GC(206) Pause Young (G1 Evacuation Pause) 801M->14M(1318M) 1.024ms
[39.947s][info][gc] GC(207) Pause Young (G1 Evacuation Pause) 801M->15M(1318M) 1.111ms
[39.989s][info][gc] GC(208) Pause Young (G1 Evacuation Pause) 801M->13M(1318M) 1.065ms
[40.029s][info][gc] GC(209) Pause Young (G1 Evacuation Pause) 801M->15M(1318M) 1.112ms
[40.070s][info][gc] GC(210) Pause Young (G1 Evacuation Pause) 801M->14M(1318M) 1.122ms
[40.115s][info][gc] GC(211) Pause Young (G1 Evacuation Pause) 801M->14M(1318M) 2.033ms
[40.156s][info][gc] GC(212) Pause Young (G1 Evacuation Pause) 801M->15M(1318M) 1.882ms
[40.199s][info][gc] GC(213) Pause Young (G1 Evacuation Pause) 801M->14M(1318M) 1.099ms
[40.242s][info][gc] GC(214) Pause Young (G1 Evacuation Pause) 801M->15M(1318M) 1.983ms
[40.288s][info][gc] GC(215) Pause Young (G1 Evacuation Pause) 801M->16M(1318M) 2.120ms
[40.333s][info][gc] GC(216) Pause Young (G1 Evacuation Pause) 801M->12M(1318M) 1.957ms
[40.378s][info][gc] GC(217) Pause Young (G1 Evacuation Pause) 801M->15M(1318M) 1.738ms
[40.422s][info][gc] GC(218) Pause Young (G1 Evacuation Pause) 801M->13M(1318M) 1.063ms
[40.463s][info][gc] GC(219) Pause Young (G1 Evacuation Pause) 801M->14M(1318M) 1.478ms
[40.505s][info][gc] GC(220) Pause Young (G1 Evacuation Pause) 801M->15M(1318M) 1.924ms
[40.546s][info][gc] GC(221) Pause Young (G1 Evacuation Pause) 801M->15M(1318M) 1.856ms
[40.592s][info][gc] GC(222) Pause Young (G1 Evacuation Pause) 801M->14M(1318M) 1.890ms
[40.633s][info][gc] GC(223) Pause Young (G1 Evacuation Pause) 801M->13M(1318M) 1.021ms
[40.673s][info][gc] GC(224) Pause Young (G1 Evacuation Pause) 801M->13M(1318M) 1.170ms
[40.714s][info][gc] GC(225) Pause Young (G1 Evacuation Pause) 801M->14M(1318M) 1.140ms
[40.757s][info][gc] GC(226) Pause Young (G1 Evacuation Pause) 801M->13M(1318M) 1.772ms
[40.799s][info][gc] GC(227) Pause Young (G1 Evacuation Pause) 801M->14M(1318M) 1.044ms
[40.839s][info][gc] GC(228) Pause Young (G1 Evacuation Pause) 801M->15M(1318M) 1.074ms
[40.882s][info][gc] GC(229) Pause Young (G1 Evacuation Pause) 801M->16M(1318M) 1.198ms
[40.922s][info][gc] GC(230) Pause Young (G1 Evacuation Pause) 801M->13M(1318M) 1.568ms
[40.963s][info][gc] GC(231) Pause Young (G1 Evacuation Pause) 801M->14M(1318M) 1.033ms
[41.004s][info][gc] GC(232) Pause Young (G1 Evacuation Pause) 801M->15M(1318M) 1.078ms
[41.047s][info][gc] GC(233) Pause Young (G1 Evacuation Pause) 801M->14M(1318M) 1.098ms
[41.089s][info][gc] GC(234) Pause Young (G1 Evacuation Pause) 801M->15M(1318M) 1.913ms
[41.131s][info][gc] GC(235) Pause Young (G1 Evacuation Pause) 801M->14M(1318M) 1.865ms
[41.173s][info][gc] GC(236) Pause Young (G1 Evacuation Pause) 801M->14M(1318M) 1.059ms
[41.221s][info][gc] GC(237) Pause Young (G1 Evacuation Pause) 801M->14M(1318M) 1.903ms
[41.264s][info][gc] GC(238) Pause Young (G1 Evacuation Pause) 801M->14M(1318M) 1.036ms
[41.303s][info][gc] GC(239) Pause Young (G1 Evacuation Pause) 801M->14M(1318M) 1.050ms
[41.347s][info][gc] GC(240) Pause Young (G1 Evacuation Pause) 801M->15M(1318M) 1.457ms
[41.390s][info][gc] GC(241) Pause Young (G1 Evacuation Pause) 801M->15M(1318M) 2.058ms
[41.433s][info][gc] GC(242) Pause Young (G1 Evacuation Pause) 801M->15M(1318M) 2.064ms
[41.476s][info][gc] GC(243) Pause Young (G1 Evacuation Pause) 801M->14M(1318M) 1.852ms
[41.521s][info][gc] GC(244) Pause Young (G1 Evacuation Pause) 801M->14M(1318M) 1.010ms
[41.563s][info][gc] GC(245) Pause Young (G1 Evacuation Pause) 801M->15M(1318M) 1.464ms
[41.605s][info][gc] GC(246) Pause Young (G1 Evacuation Pause) 801M->15M(1318M) 1.915ms
[41.648s][info][gc] GC(247) Pause Young (G1 Evacuation Pause) 801M->14M(1318M) 1.028ms
[41.689s][info][gc] GC(248) Pause Young (G1 Evacuation Pause) 801M->16M(1318M) 2.146ms
[41.731s][info][gc] GC(249) Pause Young (G1 Evacuation Pause) 801M->14M(1318M) 2.025ms
[41.778s][info][gc] GC(250) Pause Young (G1 Evacuation Pause) 801M->15M(1318M) 2.477ms
[41.820s][info][gc] GC(251) Pause Young (G1 Evacuation Pause) 801M->14M(1318M) 1.092ms
[41.863s][info][gc] GC(252) Pause Young (G1 Evacuation Pause) 801M->15M(1318M) 2.234ms
[41.903s][info][gc] GC(253) Pause Young (G1 Evacuation Pause) 801M->14M(1318M) 1.319ms
[41.947s][info][gc] GC(254) Pause Young (G1 Evacuation Pause) 801M->13M(1318M) 1.881ms
[41.988s][info][gc] GC(255) Pause Young (G1 Evacuation Pause) 801M->14M(1318M) 1.894ms
[42.030s][info][gc] GC(256) Pause Young (G1 Evacuation Pause) 801M->13M(1318M) 1.308ms
[42.072s][info][gc] GC(257) Pause Young (G1 Evacuation Pause) 801M->14M(1318M) 1.227ms
[42.113s][info][gc] GC(258) Pause Young (G1 Evacuation Pause) 801M->15M(1318M) 1.860ms
[42.153s][info][gc] GC(259) Pause Young (G1 Evacuation Pause) 801M->15M(1318M) 1.220ms
[42.194s][info][gc] GC(260) Pause Young (G1 Evacuation Pause) 801M->14M(1318M) 1.845ms
[42.237s][info][gc] GC(261) Pause Young (G1 Evacuation Pause) 801M->14M(1318M) 1.876ms
[42.277s][info][gc] GC(262) Pause Young (G1 Evacuation Pause) 801M->14M(1318M) 1.676ms
[42.317s][info][gc] GC(263) Pause Young (G1 Evacuation Pause) 801M->14M(1318M) 1.077ms
[42.356s][info][gc] GC(264) Pause Young (G1 Evacuation Pause) 801M->13M(1318M) 0.944ms
[42.400s][info][gc] GC(265) Pause Young (G1 Evacuation Pause) 801M->13M(1318M) 1.728ms
[42.440s][info][gc] GC(266) Pause Young (G1 Evacuation Pause) 801M->14M(1318M) 1.086ms
[42.480s][info][gc] GC(267) Pause Young (G1 Evacuation Pause) 801M->14M(1318M) 1.120ms
[42.521s][info][gc] GC(268) Pause Young (G1 Evacuation Pause) 801M->15M(1318M) 1.058ms
[42.564s][info][gc] GC(269) Pause Young (G1 Evacuation Pause) 801M->12M(1318M) 1.005ms
[42.603s][info][gc] GC(270) Pause Young (G1 Evacuation Pause) 801M->15M(1318M) 1.191ms
[42.644s][info][gc] GC(271) Pause Young (G1 Evacuation Pause) 801M->15M(1318M) 2.303ms
[42.688s][info][gc] GC(272) Pause Young (G1 Evacuation Pause) 801M->14M(1318M) 3.617ms
[42.732s][info][gc] GC(273) Pause Young (G1 Evacuation Pause) 801M->14M(1318M) 2.423ms
[42.773s][info][gc] GC(274) Pause Young (G1 Evacuation Pause) 801M->15M(1318M) 1.170ms
[42.814s][info][gc] GC(275) Pause Young (G1 Evacuation Pause) 801M->16M(1318M) 1.183ms
[42.856s][info][gc] GC(276) Pause Young (G1 Evacuation Pause) 801M->13M(1318M) 0.982ms
[42.895s][info][gc] GC(277) Pause Young (G1 Evacuation Pause) 801M->15M(1318M) 1.727ms
[42.935s][info][gc] GC(278) Pause Young (G1 Evacuation Pause) 801M->15M(1318M) 1.084ms
[42.975s][info][gc] GC(279) Pause Young (G1 Evacuation Pause) 801M->13M(1318M) 1.007ms
[43.018s][info][gc] GC(280) Pause Young (G1 Evacuation Pause) 801M->15M(1318M) 1.913ms
[43.059s][info][gc] GC(281) Pause Young (G1 Evacuation Pause) 801M->15M(1318M) 1.947ms
[43.099s][info][gc] GC(282) Pause Young (G1 Evacuation Pause) 801M->13M(1318M) 1.009ms
[43.143s][info][gc] GC(283) Pause Young (G1 Evacuation Pause) 801M->15M(1318M) 1.872ms
[43.184s][info][gc] GC(284) Pause Young (G1 Evacuation Pause) 801M->14M(1318M) 1.124ms
[43.224s][info][gc] GC(285) Pause Young (G1 Evacuation Pause) 801M->14M(1318M) 1.056ms
[43.264s][info][gc] GC(286) Pause Young (G1 Evacuation Pause) 801M->14M(1318M) 1.046ms
[43.307s][info][gc] GC(287) Pause Young (G1 Evacuation Pause) 801M->13M(1318M) 1.048ms
[43.347s][info][gc] GC(288) Pause Young (G1 Evacuation Pause) 801M->15M(1318M) 1.121ms
[43.388s][info][gc] GC(289) Pause Young (G1 Evacuation Pause) 801M->15M(1318M) 1.148ms
[43.428s][info][gc] GC(290) Pause Young (G1 Evacuation Pause) 801M->14M(1318M) 1.656ms
[43.470s][info][gc] GC(291) Pause Young (G1 Evacuation Pause) 801M->14M(1318M) 1.069ms
[43.510s][info][gc] GC(292) Pause Young (G1 Evacuation Pause) 801M->14M(1318M) 1.596ms
[43.552s][info][gc] GC(293) Pause Young (G1 Evacuation Pause) 801M->13M(1318M) 1.239ms
[43.594s][info][gc] GC(294) Pause Young (G1 Evacuation Pause) 801M->16M(1318M) 2.252ms
[43.634s][info][gc] GC(295) Pause Young (G1 Evacuation Pause) 801M->13M(1318M) 1.038ms
[43.675s][info][gc] GC(296) Pause Young (G1 Evacuation Pause) 801M->14M(1318M) 1.602ms
[43.716s][info][gc] GC(297) Pause Young (G1 Evacuation Pause) 801M->12M(1318M) 1.009ms
[43.760s][info][gc] GC(298) Pause Young (G1 Evacuation Pause) 801M->13M(1318M) 1.976ms
[43.800s][info][gc] GC(299) Pause Young (G1 Evacuation Pause) 801M->14M(1318M) 1.192ms
[43.841s][info][gc] GC(300) Pause Young (G1 Evacuation Pause) 801M->15M(1318M) 2.145ms
[43.881s][info][gc] GC(301) Pause Young (G1 Evacuation Pause) 801M->15M(1318M) 1.231ms
[43.924s][info][gc] GC(302) Pause Young (G1 Evacuation Pause) 801M->15M(1318M) 1.136ms
[43.965s][info][gc] GC(303) Pause Young (G1 Evacuation Pause) 801M->15M(1318M) 1.078ms
[44.007s][info][gc] GC(304) Pause Young (G1 Evacuation Pause) 801M->15M(1318M) 1.938ms
[44.050s][info][gc] GC(305) Pause Young (G1 Evacuation Pause) 801M->14M(1318M) 1.018ms
[44.093s][info][gc] GC(306) Pause Young (G1 Evacuation Pause) 801M->15M(1318M) 1.941ms
[44.133s][info][gc] GC(307) Pause Young (G1 Evacuation Pause) 801M->14M(1318M) 1.133ms
[44.173s][info][gc] GC(308) Pause Young (G1 Evacuation Pause) 801M->14M(1318M) 1.031ms
[44.216s][info][gc] GC(309) Pause Young (G1 Evacuation Pause) 801M->14M(1318M) 1.068ms
[44.260s][info][gc] GC(310) Pause Young (G1 Evacuation Pause) 801M->15M(1318M) 2.364ms
[44.304s][info][gc] GC(311) Pause Young (G1 Evacuation Pause) 801M->14M(1318M) 2.201ms
[44.353s][info][gc] GC(312) Pause Young (G1 Evacuation Pause) 801M->16M(1318M) 2.016ms
[44.399s][info][gc] GC(313) Pause Young (G1 Evacuation Pause) 801M->15M(1318M) 1.277ms
[44.443s][info][gc] GC(314) Pause Young (G1 Evacuation Pause) 801M->14M(1318M) 1.885ms
[44.485s][info][gc] GC(315) Pause Young (G1 Evacuation Pause) 801M->15M(1318M) 2.132ms
[44.527s][info][gc] GC(316) Pause Young (G1 Evacuation Pause) 801M->14M(1318M) 1.304ms
[44.568s][info][gc] GC(317) Pause Young (G1 Evacuation Pause) 801M->15M(1318M) 1.787ms
[44.608s][info][gc] GC(318) Pause Young (G1 Evacuation Pause) 801M->15M(1318M) 1.549ms
[44.651s][info][gc] GC(319) Pause Young (G1 Evacuation Pause) 801M->12M(1318M) 0.952ms
[44.690s][info][gc] GC(320) Pause Young (G1 Evacuation Pause) 801M->14M(1318M) 1.079ms
[44.732s][info][gc] GC(321) Pause Young (G1 Evacuation Pause) 801M->14M(1318M) 1.061ms
[44.774s][info][gc] GC(322) Pause Young (G1 Evacuation Pause) 801M->13M(1318M) 1.037ms
[44.814s][info][gc] GC(323) Pause Young (G1 Evacuation Pause) 801M->13M(1318M) 1.004ms
[44.854s][info][gc] GC(324) Pause Young (G1 Evacuation Pause) 801M->15M(1318M) 1.109ms
[44.898s][info][gc] GC(325) Pause Young (G1 Evacuation Pause) 801M->14M(1318M) 1.537ms
[44.938s][info][gc] GC(326) Pause Young (G1 Evacuation Pause) 801M->15M(1318M) 1.067ms
[44.978s][info][gc] GC(327) Pause Young (G1 Evacuation Pause) 801M->12M(1318M) 1.187ms
[45.019s][info][gc] GC(328) Pause Young (G1 Evacuation Pause) 801M->13M(1318M) 1.840ms
[45.063s][info][gc] GC(329) Pause Young (G1 Evacuation Pause) 801M->15M(1318M) 1.715ms
[45.104s][info][gc] GC(330) Pause Young (G1 Evacuation Pause) 801M->13M(1318M) 1.103ms
[45.146s][info][gc] GC(331) Pause Young (G1 Evacuation Pause) 801M->14M(1318M) 1.601ms
[45.186s][info][gc] GC(332) Pause Young (G1 Evacuation Pause) 801M->15M(1318M) 1.088ms
[45.230s][info][gc] GC(333) Pause Young (G1 Evacuation Pause) 801M->15M(1318M) 1.210ms
[45.270s][info][gc] GC(334) Pause Young (G1 Evacuation Pause) 801M->12M(1318M) 0.953ms
[45.309s][info][gc] GC(335) Pause Young (G1 Evacuation Pause) 801M->13M(1318M) 1.665ms
[45.352s][info][gc] GC(336) Pause Young (G1 Evacuation Pause) 801M->15M(1318M) 1.067ms
[45.393s][info][gc] GC(337) Pause Young (G1 Evacuation Pause) 801M->14M(1318M) 1.710ms
[45.433s][info][gc] GC(338) Pause Young (G1 Evacuation Pause) 801M->14M(1318M) 1.784ms
[45.472s][info][gc] GC(339) Pause Young (G1 Evacuation Pause) 801M->14M(1318M) 1.124ms
[45.516s][info][gc] GC(340) Pause Young (G1 Evacuation Pause) 801M->13M(1318M) 1.078ms
[45.556s][info][gc] GC(341) Pause Young (G1 Evacuation Pause) 801M->14M(1318M) 1.028ms
[45.596s][info][gc] GC(342) Pause Young (G1 Evacuation Pause) 801M->15M(1318M) 1.141ms
[45.639s][info][gc] GC(343) Pause Young (G1 Evacuation Pause) 801M->14M(1318M) 1.115ms
[45.679s][info][gc] GC(344) Pause Young (G1 Evacuation Pause) 801M->15M(1318M) 1.921ms
[45.719s][info][gc] GC(345) Pause Young (G1 Evacuation Pause) 801M->14M(1318M) 1.077ms
[45.760s][info][gc] GC(346) Pause Young (G1 Evacuation Pause) 801M->14M(1318M) 1.766ms
[45.803s][info][gc] GC(347) Pause Young (G1 Evacuation Pause) 801M->15M(1318M) 1.103ms
[45.844s][info][gc] GC(348) Pause Young (G1 Evacuation Pause) 801M->14M(1318M) 1.904ms
[45.883s][info][gc] GC(349) Pause Young (G1 Evacuation Pause) 801M->14M(1318M) 1.031ms
[45.923s][info][gc] GC(350) Pause Young (G1 Evacuation Pause) 801M->15M(1318M) 1.182ms
[45.967s][info][gc] GC(351) Pause Young (G1 Evacuation Pause) 801M->14M(1318M) 1.500ms
[46.007s][info][gc] GC(352) Pause Young (G1 Evacuation Pause) 801M->14M(1318M) 1.052ms
[46.047s][info][gc] GC(353) Pause Young (G1 Evacuation Pause) 801M->14M(1318M) 1.034ms
[46.088s][info][gc] GC(354) Pause Young (G1 Evacuation Pause) 801M->14M(1318M) 1.128ms
[46.132s][info][gc] GC(355) Pause Young (G1 Evacuation Pause) 801M->15M(1318M) 1.168ms
[46.172s][info][gc] GC(356) Pause Young (G1 Evacuation Pause) 801M->14M(1318M) 1.021ms
[46.213s][info][gc] GC(357) Pause Young (G1 Evacuation Pause) 801M->15M(1318M) 1.182ms
[46.256s][info][gc] GC(358) Pause Young (G1 Evacuation Pause) 801M->15M(1318M) 1.065ms
[46.295s][info][gc] GC(359) Pause Young (G1 Evacuation Pause) 801M->13M(1318M) 1.706ms
[46.335s][info][gc] GC(360) Pause Young (G1 Evacuation Pause) 801M->14M(1318M) 1.071ms
[46.374s][info][gc] GC(361) Pause Young (G1 Evacuation Pause) 801M->15M(1318M) 1.094ms
[46.416s][info][gc] GC(362) Pause Young (G1 Evacuation Pause) 801M->13M(1318M) 0.958ms
[46.456s][info][gc] GC(363) Pause Young (G1 Evacuation Pause) 801M->15M(1318M) 1.133ms
[46.497s][info][gc] GC(364) Pause Young (G1 Evacuation Pause) 801M->15M(1318M) 2.026ms
[46.540s][info][gc] GC(365) Pause Young (G1 Evacuation Pause) 801M->14M(1318M) 1.149ms
[46.581s][info][gc] GC(366) Pause Young (G1 Evacuation Pause) 801M->14M(1318M) 1.112ms
[46.621s][info][gc] GC(367) Pause Young (G1 Evacuation Pause) 801M->15M(1318M) 1.096ms
[46.661s][info][gc] GC(368) Pause Young (G1 Evacuation Pause) 801M->15M(1318M) 1.761ms
[46.705s][info][gc] GC(369) Pause Young (G1 Evacuation Pause) 801M->14M(1318M) 2.167ms
[46.750s][info][gc] GC(370) Pause Young (G1 Evacuation Pause) 801M->15M(1318M) 1.213ms
[46.790s][info][gc] GC(371) Pause Young (G1 Evacuation Pause) 801M->14M(1318M) 1.214ms
[46.836s][info][gc] GC(372) Pause Young (G1 Evacuation Pause) 801M->15M(1318M) 1.158ms
[46.878s][info][gc] GC(373) Pause Young (G1 Evacuation Pause) 801M->14M(1318M) 2.371ms
[46.921s][info][gc] GC(374) Pause Young (G1 Evacuation Pause) 801M->15M(1318M) 1.278ms
[46.962s][info][gc] GC(375) Pause Young (G1 Evacuation Pause) 801M->15M(1318M) 1.930ms
[47.008s][info][gc] GC(376) Pause Young (G1 Evacuation Pause) 801M->14M(1318M) 1.084ms
[47.051s][info][gc] GC(377) Pause Young (G1 Evacuation Pause) 801M->16M(1318M) 1.181ms
[47.093s][info][gc] GC(378) Pause Young (G1 Evacuation Pause) 801M->14M(1318M) 1.930ms
[47.135s][info][gc] GC(379) Pause Young (G1 Evacuation Pause) 801M->15M(1318M) 1.097ms
[47.177s][info][gc] GC(380) Pause Young (G1 Evacuation Pause) 801M->15M(1318M) 2.038ms
[47.216s][info][gc] GC(381) Pause Young (G1 Evacuation Pause) 801M->14M(1318M) 1.044ms
[47.257s][info][gc] GC(382) Pause Young (G1 Evacuation Pause) 801M->14M(1318M) 1.980ms
[47.301s][info][gc] GC(383) Pause Young (G1 Evacuation Pause) 801M->14M(1318M) 1.092ms
[47.343s][info][gc] GC(384) Pause Young (G1 Evacuation Pause) 801M->15M(1318M) 1.892ms
[47.383s][info][gc] GC(385) Pause Young (G1 Evacuation Pause) 801M->14M(1318M) 1.050ms
[47.427s][info][gc] GC(386) Pause Young (G1 Evacuation Pause) 801M->15M(1318M) 2.124ms
[47.467s][info][gc] GC(387) Pause Young (G1 Evacuation Pause) 801M->14M(1318M) 1.118ms
[47.509s][info][gc] GC(388) Pause Young (G1 Evacuation Pause) 801M->14M(1318M) 1.857ms
[47.549s][info][gc] GC(389) Pause Young (G1 Evacuation Pause) 801M->14M(1318M) 1.145ms
[47.593s][info][gc] GC(390) Pause Young (G1 Evacuation Pause) 801M->14M(1318M) 1.949ms
[47.634s][info][gc] GC(391) Pause Young (G1 Evacuation Pause) 801M->15M(1318M) 1.084ms
[47.674s][info][gc] GC(392) Pause Young (G1 Evacuation Pause) 801M->14M(1318M) 1.090ms
[47.715s][info][gc] GC(393) Pause Young (G1 Evacuation Pause) 801M->14M(1318M) 1.152ms
[47.756s][info][gc] GC(394) Pause Young (G1 Evacuation Pause) 801M->13M(1318M) 1.054ms
[47.796s][info][gc] GC(395) Pause Young (G1 Evacuation Pause) 801M->15M(1318M) 1.241ms
[47.837s][info][gc] GC(396) Pause Young (G1 Evacuation Pause) 801M->15M(1318M) 1.964ms
[47.880s][info][gc] GC(397) Pause Young (G1 Evacuation Pause) 801M->14M(1318M) 2.150ms
[47.921s][info][gc] GC(398) Pause Young (G1 Evacuation Pause) 801M->13M(1318M) 1.453ms
[47.961s][info][gc] GC(399) Pause Young (G1 Evacuation Pause) 801M->15M(1318M) 1.255ms
[48.001s][info][gc] GC(400) Pause Young (G1 Evacuation Pause) 801M->14M(1318M) 1.058ms
[48.044s][info][gc] GC(401) Pause Young (G1 Evacuation Pause) 801M->14M(1318M) 1.211ms
[48.085s][info][gc] GC(402) Pause Young (G1 Evacuation Pause) 801M->15M(1318M) 1.117ms
[48.126s][info][gc] GC(403) Pause Young (G1 Evacuation Pause) 801M->15M(1318M) 2.065ms
[48.169s][info][gc] GC(404) Pause Young (G1 Evacuation Pause) 801M->15M(1318M) 1.595ms
[48.210s][info][gc] GC(405) Pause Young (G1 Evacuation Pause) 801M->14M(1318M) 2.264ms
[48.249s][info][gc] GC(406) Pause Young (G1 Evacuation Pause) 801M->15M(1318M) 1.115ms
[48.290s][info][gc] GC(407) Pause Young (G1 Evacuation Pause) 801M->15M(1318M) 1.148ms
[48.333s][info][gc] GC(408) Pause Young (G1 Evacuation Pause) 801M->15M(1318M) 1.125ms
[48.373s][info][gc] GC(409) Pause Young (G1 Evacuation Pause) 801M->14M(1318M) 1.055ms
[48.415s][info][gc] GC(410) Pause Young (G1 Evacuation Pause) 801M->14M(1318M) 1.036ms
[48.458s][info][gc] GC(411) Pause Young (G1 Evacuation Pause) 801M->14M(1318M) 2.089ms
[48.499s][info][gc] GC(412) Pause Young (G1 Evacuation Pause) 801M->15M(1318M) 1.034ms
[48.539s][info][gc] GC(413) Pause Young (G1 Evacuation Pause) 801M->14M(1318M) 1.145ms
[48.579s][info][gc] GC(414) Pause Young (G1 Evacuation Pause) 801M->13M(1318M) 0.996ms
[48.623s][info][gc] GC(415) Pause Young (G1 Evacuation Pause) 801M->14M(1318M) 1.041ms
[48.663s][info][gc] GC(416) Pause Young (G1 Evacuation Pause) 801M->14M(1318M) 1.085ms
[48.703s][info][gc] GC(417) Pause Young (G1 Evacuation Pause) 801M->14M(1318M) 1.031ms
[48.743s][info][gc] GC(418) Pause Young (G1 Evacuation Pause) 801M->16M(1318M) 1.743ms
[48.787s][info][gc] GC(419) Pause Young (G1 Evacuation Pause) 801M->16M(1318M) 1.279ms
[48.827s][info][gc] GC(420) Pause Young (G1 Evacuation Pause) 801M->14M(1318M) 1.912ms
[48.867s][info][gc] GC(421) Pause Young (G1 Evacuation Pause) 801M->14M(1318M) 1.082ms
[48.910s][info][gc] GC(422) Pause Young (G1 Evacuation Pause) 801M->14M(1318M) 1.836ms
[48.950s][info][gc] GC(423) Pause Young (G1 Evacuation Pause) 801M->14M(1318M) 1.001ms
[48.990s][info][gc] GC(424) Pause Young (G1 Evacuation Pause) 801M->13M(1318M) 1.002ms
[49.032s][info][gc] GC(425) Pause Young (G1 Evacuation Pause) 801M->15M(1318M) 1.687ms
[49.077s][info][gc] GC(426) Pause Young (G1 Evacuation Pause) 801M->14M(1318M) 2.044ms
[49.119s][info][gc] GC(427) Pause Young (G1 Evacuation Pause) 801M->13M(1318M) 1.785ms
[49.160s][info][gc] GC(428) Pause Young (G1 Evacuation Pause) 801M->15M(1318M) 2.108ms
[49.202s][info][gc] GC(429) Pause Young (G1 Evacuation Pause) 801M->16M(1318M) 1.275ms
[49.243s][info][gc] GC(430) Pause Young (G1 Evacuation Pause) 801M->14M(1318M) 1.883ms
[49.283s][info][gc] GC(431) Pause Young (G1 Evacuation Pause) 801M->15M(1318M) 1.035ms
[49.323s][info][gc] GC(432) Pause Young (G1 Evacuation Pause) 801M->14M(1318M) 1.096ms
[49.366s][info][gc] GC(433) Pause Young (G1 Evacuation Pause) 801M->14M(1318M) 1.079ms
[49.406s][info][gc] GC(434) Pause Young (G1 Evacuation Pause) 801M->12M(1318M) 0.932ms
[49.446s][info][gc] GC(435) Pause Young (G1 Evacuation Pause) 801M->15M(1318M) 1.139ms
[49.487s][info][gc] GC(436) Pause Young (G1 Evacuation Pause) 801M->14M(1318M) 1.952ms
[49.532s][info][gc] GC(437) Pause Young (G1 Evacuation Pause) 801M->14M(1318M) 1.800ms
[49.577s][info][gc] GC(438) Pause Young (G1 Evacuation Pause) 801M->14M(1318M) 2.137ms
[49.618s][info][gc] GC(439) Pause Young (G1 Evacuation Pause) 801M->14M(1318M) 1.077ms
[49.659s][info][gc] GC(440) Pause Young (G1 Evacuation Pause) 801M->13M(1318M) 1.974ms
[49.700s][info][gc] GC(441) Pause Young (G1 Evacuation Pause) 801M->14M(1318M) 1.050ms
[49.740s][info][gc] GC(442) Pause Young (G1 Evacuation Pause) 801M->13M(1318M) 1.038ms
[49.781s][info][gc] GC(443) Pause Young (G1 Evacuation Pause) 801M->14M(1318M) 1.026ms
[49.824s][info][gc] GC(444) Pause Young (G1 Evacuation Pause) 801M->15M(1318M) 1.202ms
[49.865s][info][gc] GC(445) Pause Young (G1 Evacuation Pause) 801M->15M(1318M) 1.074ms
[49.906s][info][gc] GC(446) Pause Young (G1 Evacuation Pause) 801M->16M(1318M) 2.128ms
[49.949s][info][gc] GC(447) Pause Young (G1 Evacuation Pause) 801M->14M(1318M) 1.042ms
[49.990s][info][gc] GC(448) Pause Young (G1 Evacuation Pause) 801M->14M(1318M) 1.143ms
[50.031s][info][gc] GC(449) Pause Young (G1 Evacuation Pause) 801M->14M(1318M) 1.055ms
[50.073s][info][gc] GC(450) Pause Young (G1 Evacuation Pause) 801M->15M(1318M) 1.927ms
[50.118s][info][gc] GC(451) Pause Young (G1 Evacuation Pause) 801M->15M(1318M) 1.126ms
[50.159s][info][gc] GC(452) Pause Young (G1 Evacuation Pause) 801M->14M(1318M) 2.208ms
[50.200s][info][gc] GC(453) Pause Young (G1 Evacuation Pause) 801M->14M(1318M) 1.035ms
[50.242s][info][gc] GC(454) Pause Young (G1 Evacuation Pause) 801M->15M(1318M) 1.393ms
[50.283s][info][gc] GC(455) Pause Young (G1 Evacuation Pause) 801M->15M(1318M) 1.197ms
[50.324s][info][gc] GC(456) Pause Young (G1 Evacuation Pause) 801M->15M(1318M) 1.102ms
[50.366s][info][gc] GC(457) Pause Young (G1 Evacuation Pause) 801M->14M(1318M) 1.036ms
[50.410s][info][gc] GC(458) Pause Young (G1 Evacuation Pause) 801M->15M(1318M) 2.197ms
[50.451s][info][gc] GC(459) Pause Young (G1 Evacuation Pause) 801M->14M(1318M) 1.692ms
[50.494s][info][gc] GC(460) Pause Young (G1 Evacuation Pause) 801M->14M(1318M) 1.853ms
[50.535s][info][gc] GC(461) Pause Young (G1 Evacuation Pause) 801M->15M(1318M) 1.116ms
[50.579s][info][gc] GC(462) Pause Young (G1 Evacuation Pause) 801M->14M(1318M) 1.709ms
[50.619s][info][gc] GC(463) Pause Young (G1 Evacuation Pause) 801M->13M(1318M) 1.091ms
[50.660s][info][gc] GC(464) Pause Young (G1 Evacuation Pause) 801M->14M(1318M) 2.132ms
[50.702s][info][gc] GC(465) Pause Young (G1 Evacuation Pause) 801M->16M(1318M) 1.301ms
[50.743s][info][gc] GC(466) Pause Young (G1 Evacuation Pause) 801M->15M(1318M) 1.931ms
[50.783s][info][gc] GC(467) Pause Young (G1 Evacuation Pause) 801M->13M(1318M) 0.999ms
[50.823s][info][gc] GC(468) Pause Young (G1 Evacuation Pause) 801M->14M(1318M) 1.104ms
[50.867s][info][gc] GC(469) Pause Young (G1 Evacuation Pause) 801M->15M(1318M) 1.307ms
[50.907s][info][gc] GC(470) Pause Young (G1 Evacuation Pause) 801M->15M(1318M) 1.093ms
[50.947s][info][gc] GC(471) Pause Young (G1 Evacuation Pause) 801M->14M(1318M) 1.044ms
[50.987s][info][gc] GC(472) Pause Young (G1 Evacuation Pause) 801M->15M(1318M) 1.145ms
[51.031s][info][gc] GC(473) Pause Young (G1 Evacuation Pause) 801M->15M(1318M) 1.154ms
[51.071s][info][gc] GC(474) Pause Young (G1 Evacuation Pause) 801M->14M(1318M) 1.071ms
[51.114s][info][gc] GC(475) Pause Young (G1 Evacuation Pause) 801M->15M(1318M) 2.142ms
[51.154s][info][gc] GC(476) Pause Young (G1 Evacuation Pause) 801M->15M(1318M) 1.147ms
[51.197s][info][gc] GC(477) Pause Young (G1 Evacuation Pause) 801M->13M(1318M) 0.989ms
[51.237s][info][gc] GC(478) Pause Young (G1 Evacuation Pause) 801M->15M(1318M) 1.147ms
[51.277s][info][gc] GC(479) Pause Young (G1 Evacuation Pause) 801M->14M(1318M) 1.632ms
[51.320s][info][gc] GC(480) Pause Young (G1 Evacuation Pause) 801M->13M(1318M) 1.105ms
[51.361s][info][gc] GC(481) Pause Young (G1 Evacuation Pause) 801M->13M(1318M) 1.671ms
[51.401s][info][gc] GC(482) Pause Young (G1 Evacuation Pause) 801M->15M(1318M) 1.155ms
[51.441s][info][gc] GC(483) Pause Young (G1 Evacuation Pause) 801M->15M(1318M) 1.071ms
[51.486s][info][gc] GC(484) Pause Young (G1 Evacuation Pause) 801M->13M(1318M) 1.810ms
[51.529s][info][gc] GC(485) Pause Young (G1 Evacuation Pause) 801M->16M(1318M) 1.819ms
[51.570s][info][gc] GC(486) Pause Young (G1 Evacuation Pause) 801M->15M(1318M) 2.246ms
[51.616s][info][gc] GC(487) Pause Young (G1 Evacuation Pause) 801M->12M(1318M) 2.129ms
[51.657s][info][gc] GC(488) Pause Young (G1 Evacuation Pause) 801M->13M(1318M) 1.059ms
[51.698s][info][gc] GC(489) Pause Young (G1 Evacuation Pause) 801M->14M(1318M) 1.210ms
[51.739s][info][gc] GC(490) Pause Young (G1 Evacuation Pause) 801M->15M(1318M) 1.723ms
[51.781s][info][gc] GC(491) Pause Young (G1 Evacuation Pause) 801M->14M(1318M) 1.028ms
[51.821s][info][gc] GC(492) Pause Young (G1 Evacuation Pause) 801M->15M(1318M) 1.081ms
[51.863s][info][gc] GC(493) Pause Young (G1 Evacuation Pause) 801M->14M(1318M) 1.550ms
[51.906s][info][gc] GC(494) Pause Young (G1 Evacuation Pause) 801M->12M(1318M) 1.358ms
[51.946s][info][gc] GC(495) Pause Young (G1 Evacuation Pause) 801M->14M(1318M) 1.225ms
[51.986s][info][gc] GC(496) Pause Young (G1 Evacuation Pause) 801M->14M(1318M) 1.690ms
[52.028s][info][gc] GC(497) Pause Young (G1 Evacuation Pause) 801M->15M(1318M) 1.685ms
[52.072s][info][gc] GC(498) Pause Young (G1 Evacuation Pause) 801M->14M(1318M) 1.735ms
[52.114s][info][gc] GC(499) Pause Young (G1 Evacuation Pause) 801M->14M(1318M) 2.242ms
[52.153s][info][gc] GC(500) Pause Young (G1 Evacuation Pause) 801M->14M(1318M) 1.065ms
[52.196s][info][gc] GC(501) Pause Young (G1 Evacuation Pause) 801M->15M(1318M) 2.159ms
[52.240s][info][gc] GC(502) Pause Young (G1 Evacuation Pause) 801M->14M(1318M) 1.853ms
[52.282s][info][gc] GC(503) Pause Young (G1 Evacuation Pause) 801M->14M(1318M) 1.107ms
[52.322s][info][gc] GC(504) Pause Young (G1 Evacuation Pause) 801M->14M(1318M) 1.012ms
[52.363s][info][gc] GC(505) Pause Young (G1 Evacuation Pause) 801M->15M(1318M) 1.259ms
[52.404s][info][gc] GC(506) Pause Young (G1 Evacuation Pause) 801M->14M(1318M) 1.213ms
[52.445s][info][gc] GC(507) Pause Young (G1 Evacuation Pause) 801M->14M(1318M) 1.223ms
[52.486s][info][gc] GC(508) Pause Young (G1 Evacuation Pause) 801M->14M(1318M) 2.020ms
[52.529s][info][gc] GC(509) Pause Young (G1 Evacuation Pause) 801M->15M(1318M) 1.371ms
[52.571s][info][gc] GC(510) Pause Young (G1 Evacuation Pause) 801M->14M(1318M) 1.065ms
[52.611s][info][gc] GC(511) Pause Young (G1 Evacuation Pause) 801M->13M(1318M) 1.174ms
[52.650s][info][gc] GC(512) Pause Young (G1 Evacuation Pause) 801M->15M(1318M) 1.090ms
[52.693s][info][gc] GC(513) Pause Young (G1 Evacuation Pause) 801M->14M(1318M) 1.667ms
[52.733s][info][gc] GC(514) Pause Young (G1 Evacuation Pause) 801M->13M(1318M) 1.001ms
[52.773s][info][gc] GC(515) Pause Young (G1 Evacuation Pause) 801M->14M(1318M) 1.012ms
[52.817s][info][gc] GC(516) Pause Young (G1 Evacuation Pause) 801M->13M(1318M) 1.461ms
[52.855s][info][gc] GC(517) Pause Young (G1 Evacuation Pause) 801M->14M(1318M) 1.064ms
[52.896s][info][gc] GC(518) Pause Young (G1 Evacuation Pause) 801M->14M(1318M) 2.078ms
[52.937s][info][gc] GC(519) Pause Young (G1 Evacuation Pause) 801M->14M(1318M) 1.529ms
[52.981s][info][gc] GC(520) Pause Young (G1 Evacuation Pause) 801M->15M(1318M) 1.370ms
[53.022s][info][gc] GC(521) Pause Young (G1 Evacuation Pause) 801M->14M(1318M) 1.080ms
[53.062s][info][gc] GC(522) Pause Young (G1 Evacuation Pause) 801M->15M(1318M) 1.193ms
[53.103s][info][gc] GC(523) Pause Young (G1 Evacuation Pause) 801M->13M(1318M) 1.345ms
[53.149s][info][gc] GC(524) Pause Young (G1 Evacuation Pause) 801M->15M(1318M) 1.269ms
[53.190s][info][gc] GC(525) Pause Young (G1 Evacuation Pause) 801M->14M(1318M) 1.847ms
[53.230s][info][gc] GC(526) Pause Young (G1 Evacuation Pause) 801M->13M(1318M) 1.072ms
[53.273s][info][gc] GC(527) Pause Young (G1 Evacuation Pause) 801M->14M(1318M) 1.896ms
[53.314s][info][gc] GC(528) Pause Young (G1 Evacuation Pause) 801M->15M(1318M) 1.118ms
[53.354s][info][gc] GC(529) Pause Young (G1 Evacuation Pause) 801M->14M(1318M) 1.063ms
[53.396s][info][gc] GC(530) Pause Young (G1 Evacuation Pause) 801M->13M(1318M) 1.559ms
[53.440s][info][gc] GC(531) Pause Young (G1 Evacuation Pause) 801M->15M(1318M) 2.005ms
[53.483s][info][gc] GC(532) Pause Young (G1 Evacuation Pause) 801M->16M(1318M) 2.034ms
[53.527s][info][gc] GC(533) Pause Young (G1 Evacuation Pause) 801M->14M(1318M) 2.022ms
[53.570s][info][gc] GC(534) Pause Young (G1 Evacuation Pause) 801M->13M(1318M) 1.076ms
[53.612s][info][gc] GC(535) Pause Young (G1 Evacuation Pause) 801M->15M(1318M) 1.087ms
[53.654s][info][gc] GC(536) Pause Young (G1 Evacuation Pause) 801M->14M(1318M) 1.061ms
[53.699s][info][gc] GC(537) Pause Young (G1 Evacuation Pause) 801M->15M(1318M) 1.895ms
[53.746s][info][gc] GC(538) Pause Young (G1 Evacuation Pause) 801M->15M(1318M) 2.341ms
[53.789s][info][gc] GC(539) Pause Young (G1 Evacuation Pause) 801M->15M(1318M) 1.952ms
[53.832s][info][gc] GC(540) Pause Young (G1 Evacuation Pause) 801M->14M(1318M) 2.067ms
[53.874s][info][gc] GC(541) Pause Young (G1 Evacuation Pause) 801M->14M(1318M) 1.035ms
[53.915s][info][gc] GC(542) Pause Young (G1 Evacuation Pause) 801M->13M(1318M) 0.979ms
[53.955s][info][gc] GC(543) Pause Young (G1 Evacuation Pause) 801M->13M(1318M) 1.065ms
[53.995s][info][gc] GC(544) Pause Young (G1 Evacuation Pause) 801M->14M(1318M) 1.966ms
[54.039s][info][gc] GC(545) Pause Young (G1 Evacuation Pause) 801M->15M(1318M) 1.099ms
[54.079s][info][gc] GC(546) Pause Young (G1 Evacuation Pause) 801M->14M(1318M) 1.099ms
[54.118s][info][gc] GC(547) Pause Young (G1 Evacuation Pause) 801M->14M(1318M) 1.075ms
[54.162s][info][gc] GC(548) Pause Young (G1 Evacuation Pause) 801M->15M(1318M) 1.765ms
[54.201s][info][gc] GC(549) Pause Young (G1 Evacuation Pause) 801M->15M(1318M) 1.075ms
[54.242s][info][gc] GC(550) Pause Young (G1 Evacuation Pause) 801M->16M(1318M) 1.952ms
[54.282s][info][gc] GC(551) Pause Young (G1 Evacuation Pause) 801M->13M(1318M) 0.999ms
[54.323s][info][gc] GC(552) Pause Young (G1 Evacuation Pause) 801M->15M(1318M) 1.219ms
[54.366s][info][gc] GC(553) Pause Young (G1 Evacuation Pause) 801M->15M(1318M) 1.765ms
[54.407s][info][gc] GC(554) Pause Young (G1 Evacuation Pause) 801M->14M(1318M) 1.765ms
[54.450s][info][gc] GC(555) Pause Young (G1 Evacuation Pause) 801M->14M(1318M) 1.895ms
[54.497s][info][gc] GC(556) Pause Young (G1 Evacuation Pause) 801M->15M(1318M) 1.254ms
[54.540s][info][gc] GC(557) Pause Young (G1 Evacuation Pause) 801M->15M(1318M) 2.178ms
[54.583s][info][gc] GC(558) Pause Young (G1 Evacuation Pause) 801M->14M(1318M) 1.149ms
[54.626s][info][gc] GC(559) Pause Young (G1 Evacuation Pause) 801M->16M(1318M) 2.531ms
[54.666s][info][gc] GC(560) Pause Young (G1 Evacuation Pause) 801M->14M(1318M) 1.059ms
[54.706s][info][gc] GC(561) Pause Young (G1 Evacuation Pause) 801M->13M(1318M) 1.003ms
[54.747s][info][gc] GC(562) Pause Young (G1 Evacuation Pause) 801M->15M(1318M) 1.176ms
[54.791s][info][gc] GC(563) Pause Young (G1 Evacuation Pause) 801M->14M(1318M) 1.329ms
[54.832s][info][gc] GC(564) Pause Young (G1 Evacuation Pause) 801M->14M(1318M) 1.109ms
[54.873s][info][gc] GC(565) Pause Young (G1 Evacuation Pause) 801M->15M(1318M) 1.101ms
[54.914s][info][gc] GC(566) Pause Young (G1 Evacuation Pause) 801M->13M(1318M) 0.995ms
[54.959s][info][gc] GC(567) Pause Young (G1 Evacuation Pause) 801M->15M(1318M) 2.144ms
[55.001s][info][gc] GC(568) Pause Young (G1 Evacuation Pause) 801M->13M(1318M) 1.052ms
[55.043s][info][gc] GC(569) Pause Young (G1 Evacuation Pause) 801M->13M(1318M) 1.794ms
[55.086s][info][gc] GC(570) Pause Young (G1 Evacuation Pause) 801M->14M(1318M) 1.062ms
[55.126s][info][gc] GC(571) Pause Young (G1 Evacuation Pause) 801M->14M(1318M) 1.953ms
[55.166s][info][gc] GC(572) Pause Young (G1 Evacuation Pause) 801M->15M(1318M) 1.062ms
[55.206s][info][gc] GC(573) Pause Young (G1 Evacuation Pause) 801M->14M(1318M) 1.011ms
[55.249s][info][gc] GC(574) Pause Young (G1 Evacuation Pause) 801M->12M(1318M) 0.948ms
[55.289s][info][gc] GC(575) Pause Young (G1 Evacuation Pause) 801M->14M(1318M) 1.047ms
[55.329s][info][gc] GC(576) Pause Young (G1 Evacuation Pause) 801M->15M(1318M) 1.142ms
[55.372s][info][gc] GC(577) Pause Young (G1 Evacuation Pause) 801M->14M(1318M) 1.179ms
[55.411s][info][gc] GC(578) Pause Young (G1 Evacuation Pause) 801M->15M(1318M) 1.624ms
[55.451s][info][gc] GC(579) Pause Young (G1 Evacuation Pause) 801M->14M(1318M) 1.108ms
[55.493s][info][gc] GC(580) Pause Young (G1 Evacuation Pause) 801M->14M(1318M) 2.142ms
[55.536s][info][gc] GC(581) Pause Young (G1 Evacuation Pause) 801M->14M(1318M) 1.951ms
[55.579s][info][gc] GC(582) Pause Young (G1 Evacuation Pause) 801M->14M(1318M) 1.146ms
[55.618s][info][gc] GC(583) Pause Young (G1 Evacuation Pause) 801M->14M(1318M) 0.985ms
[55.658s][info][gc] GC(584) Pause Young (G1 Evacuation Pause) 801M->15M(1318M) 1.108ms
[55.701s][info][gc] GC(585) Pause Young (G1 Evacuation Pause) 801M->14M(1318M) 1.338ms
[55.740s][info][gc] GC(586) Pause Young (G1 Evacuation Pause) 801M->13M(1318M) 1.113ms
[55.781s][info][gc] GC(587) Pause Young (G1 Evacuation Pause) 801M->14M(1318M) 1.360ms
[55.821s][info][gc] GC(588) Pause Young (G1 Evacuation Pause) 801M->14M(1318M) 1.112ms
[55.864s][info][gc] GC(589) Pause Young (G1 Evacuation Pause) 801M->14M(1318M) 1.190ms
[55.903s][info][gc] GC(590) Pause Young (G1 Evacuation Pause) 801M->12M(1318M) 1.009ms
[55.944s][info][gc] GC(591) Pause Young (G1 Evacuation Pause) 801M->14M(1318M) 1.916ms
[55.988s][info][gc] GC(592) Pause Young (G1 Evacuation Pause) 801M->13M(1318M) 1.599ms
[56.030s][info][gc] GC(593) Pause Young (G1 Evacuation Pause) 801M->12M(1318M) 1.178ms
[56.071s][info][gc] GC(594) Pause Young (G1 Evacuation Pause) 801M->13M(1318M) 1.287ms
[56.112s][info][gc] GC(595) Pause Young (G1 Evacuation Pause) 801M->13M(1318M) 1.882ms
[56.154s][info][gc] GC(596) Pause Young (G1 Evacuation Pause) 801M->15M(1318M) 1.579ms
[56.194s][info][gc] GC(597) Pause Young (G1 Evacuation Pause) 801M->13M(1318M) 1.955ms
[56.235s][info][gc] GC(598) Pause Young (G1 Evacuation Pause) 801M->13M(1318M) 1.035ms
[56.278s][info][gc] GC(599) Pause Young (G1 Evacuation Pause) 801M->13M(1318M) 1.371ms
[56.317s][info][gc] GC(600) Pause Young (G1 Evacuation Pause) 801M->15M(1318M) 1.033ms
[56.358s][info][gc] GC(601) Pause Young (G1 Evacuation Pause) 801M->15M(1318M) 1.176ms
[56.404s][info][gc] GC(602) Pause Young (G1 Evacuation Pause) 801M->15M(1318M) 2.246ms
[56.454s][info][gc] GC(603) Pause Young (G1 Evacuation Pause) 801M->15M(1318M) 2.071ms
[56.498s][info][gc] GC(604) Pause Young (G1 Evacuation Pause) 801M->13M(1318M) 0.971ms
[56.544s][info][gc] GC(605) Pause Young (G1 Evacuation Pause) 801M->13M(1318M) 2.647ms
[56.588s][info][gc] GC(606) Pause Young (G1 Evacuation Pause) 801M->13M(1318M) 2.360ms
[56.631s][info][gc] GC(607) Pause Young (G1 Evacuation Pause) 801M->16M(1318M) 2.042ms
[56.673s][info][gc] GC(608) Pause Young (G1 Evacuation Pause) 801M->15M(1318M) 1.766ms
[56.717s][info][gc] GC(609) Pause Young (G1 Evacuation Pause) 801M->14M(1318M) 1.646ms
[56.763s][info][gc] GC(610) Pause Young (G1 Evacuation Pause) 801M->16M(1318M) 1.850ms
[56.805s][info][gc] GC(611) Pause Young (G1 Evacuation Pause) 801M->14M(1318M) 1.901ms
[56.852s][info][gc] GC(612) Pause Young (G1 Evacuation Pause) 801M->13M(1318M) 2.004ms
[56.894s][info][gc] GC(613) Pause Young (G1 Evacuation Pause) 801M->15M(1318M) 2.288ms
[56.938s][info][gc] GC(614) Pause Young (G1 Evacuation Pause) 801M->14M(1318M) 1.799ms
[56.981s][info][gc] GC(615) Pause Young (G1 Evacuation Pause) 801M->14M(1318M) 1.811ms
[57.031s][info][gc] GC(616) Pause Young (G1 Evacuation Pause) 801M->14M(1318M) 1.059ms
[57.076s][info][gc] GC(617) Pause Young (G1 Evacuation Pause) 801M->15M(1318M) 2.131ms
[57.117s][info][gc] GC(618) Pause Young (G1 Evacuation Pause) 801M->14M(1318M) 1.112ms
[57.162s][info][gc] GC(619) Pause Young (G1 Evacuation Pause) 801M->14M(1318M) 1.603ms
[57.203s][info][gc] GC(620) Pause Young (G1 Evacuation Pause) 801M->15M(1318M) 1.926ms
[57.244s][info][gc] GC(621) Pause Young (G1 Evacuation Pause) 801M->15M(1318M) 2.091ms
[57.286s][info][gc] GC(622) Pause Young (G1 Evacuation Pause) 801M->14M(1318M) 1.210ms
[57.331s][info][gc] GC(623) Pause Young (G1 Evacuation Pause) 801M->14M(1318M) 1.128ms
[57.373s][info][gc] GC(624) Pause Young (G1 Evacuation Pause) 801M->15M(1318M) 1.955ms
[57.415s][info][gc] GC(625) Pause Young (G1 Evacuation Pause) 801M->14M(1318M) 1.047ms
[57.456s][info][gc] GC(626) Pause Young (G1 Evacuation Pause) 801M->14M(1318M) 1.192ms
[57.500s][info][gc] GC(627) Pause Young (G1 Evacuation Pause) 801M->14M(1318M) 1.125ms
[57.544s][info][gc] GC(628) Pause Young (G1 Evacuation Pause) 801M->14M(1318M) 1.926ms
[57.584s][info][gc] GC(629) Pause Young (G1 Evacuation Pause) 801M->15M(1318M) 1.173ms
[57.629s][info][gc] GC(630) Pause Young (G1 Evacuation Pause) 801M->14M(1318M) 1.080ms
[57.671s][info][gc] GC(631) Pause Young (G1 Evacuation Pause) 801M->14M(1318M) 1.139ms
[57.712s][info][gc] GC(632) Pause Young (G1 Evacuation Pause) 801M->14M(1318M) 1.772ms
[57.756s][info][gc] GC(633) Pause Young (G1 Evacuation Pause) 801M->16M(1318M) 1.273ms
[57.798s][info][gc] GC(634) Pause Young (G1 Evacuation Pause) 801M->14M(1318M) 1.125ms
[57.839s][info][gc] GC(635) Pause Young (G1 Evacuation Pause) 801M->15M(1318M) 1.054ms
[57.882s][info][gc] GC(636) Pause Young (G1 Evacuation Pause) 801M->15M(1318M) 1.055ms
[57.927s][info][gc] GC(637) Pause Young (G1 Evacuation Pause) 801M->14M(1318M) 2.076ms
[57.967s][info][gc] GC(638) Pause Young (G1 Evacuation Pause) 801M->13M(1318M) 1.056ms
[58.011s][info][gc] GC(639) Pause Young (G1 Evacuation Pause) 801M->14M(1318M) 1.573ms
[58.056s][info][gc] GC(640) Pause Young (G1 Evacuation Pause) 801M->14M(1318M) 1.725ms
[58.098s][info][gc] GC(641) Pause Young (G1 Evacuation Pause) 801M->15M(1318M) 1.231ms
[58.141s][info][gc] GC(642) Pause Young (G1 Evacuation Pause) 801M->13M(1318M) 1.765ms
[58.183s][info][gc] GC(643) Pause Young (G1 Evacuation Pause) 801M->14M(1318M) 1.201ms
[58.226s][info][gc] GC(644) Pause Young (G1 Evacuation Pause) 801M->15M(1318M) 2.004ms
[58.268s][info][gc] GC(645) Pause Young (G1 Evacuation Pause) 801M->14M(1318M) 1.033ms
[58.308s][info][gc] GC(646) Pause Young (G1 Evacuation Pause) 801M->14M(1318M) 1.235ms
[58.357s][info][gc] GC(647) Pause Young (G1 Evacuation Pause) 801M->15M(1318M) 2.224ms
[58.405s][info][gc] GC(648) Pause Young (G1 Evacuation Pause) 801M->16M(1318M) 1.203ms
[58.448s][info][gc] GC(649) Pause Young (G1 Evacuation Pause) 801M->14M(1318M) 1.123ms
[58.493s][info][gc] GC(650) Pause Young (G1 Evacuation Pause) 801M->16M(1318M) 1.878ms
[58.539s][info][gc] GC(651) Pause Young (G1 Evacuation Pause) 801M->14M(1318M) 1.807ms
[58.582s][info][gc] GC(652) Pause Young (G1 Evacuation Pause) 801M->14M(1318M) 1.982ms
[58.625s][info][gc] GC(653) Pause Young (G1 Evacuation Pause) 801M->14M(1318M) 2.094ms
[58.671s][info][gc] GC(654) Pause Young (G1 Evacuation Pause) 801M->14M(1318M) 1.045ms
[58.712s][info][gc] GC(655) Pause Young (G1 Evacuation Pause) 801M->14M(1318M) 1.842ms
[58.752s][info][gc] GC(656) Pause Young (G1 Evacuation Pause) 801M->14M(1318M) 1.341ms
[58.796s][info][gc] GC(657) Pause Young (G1 Evacuation Pause) 801M->16M(1318M) 1.187ms
[58.836s][info][gc] GC(658) Pause Young (G1 Evacuation Pause) 801M->14M(1318M) 1.035ms
[58.877s][info][gc] GC(659) Pause Young (G1 Evacuation Pause) 801M->15M(1318M) 1.974ms
[58.917s][info][gc] GC(660) Pause Young (G1 Evacuation Pause) 801M->14M(1318M) 1.104ms
[58.961s][info][gc] GC(661) Pause Young (G1 Evacuation Pause) 801M->13M(1318M) 1.592ms
[59.001s][info][gc] GC(662) Pause Young (G1 Evacuation Pause) 801M->13M(1318M) 0.968ms
[59.043s][info][gc] GC(663) Pause Young (G1 Evacuation Pause) 801M->14M(1318M) 1.921ms
[59.083s][info][gc] GC(664) Pause Young (G1 Evacuation Pause) 801M->15M(1318M) 1.175ms
[59.130s][info][gc] GC(665) Pause Young (G1 Evacuation Pause) 801M->15M(1318M) 1.205ms
[59.172s][info][gc] GC(666) Pause Young (G1 Evacuation Pause) 801M->14M(1318M) 1.040ms
[59.216s][info][gc] GC(667) Pause Young (G1 Evacuation Pause) 801M->15M(1318M) 1.170ms
[59.261s][info][gc] GC(668) Pause Young (G1 Evacuation Pause) 801M->13M(1318M) 1.716ms
[59.301s][info][gc] GC(669) Pause Young (G1 Evacuation Pause) 801M->15M(1318M) 1.176ms
[59.343s][info][gc] GC(670) Pause Young (G1 Evacuation Pause) 801M->15M(1318M) 2.292ms
[59.384s][info][gc] GC(671) Pause Young (G1 Evacuation Pause) 801M->13M(1318M) 1.209ms
[59.427s][info][gc] GC(672) Pause Young (G1 Evacuation Pause) 801M->15M(1318M) 1.427ms
[59.467s][info][gc] GC(673) Pause Young (G1 Evacuation Pause) 801M->14M(1318M) 1.055ms
[59.507s][info][gc] GC(674) Pause Young (G1 Evacuation Pause) 801M->14M(1318M) 1.050ms
[59.553s][info][gc] GC(675) Pause Young (G1 Evacuation Pause) 801M->15M(1318M) 2.321ms
[59.597s][info][gc] GC(676) Pause Young (G1 Evacuation Pause) 801M->14M(1318M) 1.022ms
[59.643s][info][gc] GC(677) Pause Young (G1 Evacuation Pause) 801M->13M(1318M) 2.034ms
[59.691s][info][gc] GC(678) Pause Young (G1 Evacuation Pause) 801M->14M(1318M) 1.296ms
[59.731s][info][gc] GC(679) Pause Young (G1 Evacuation Pause) 801M->15M(1318M) 1.115ms
[59.771s][info][gc] GC(680) Pause Young (G1 Evacuation Pause) 801M->15M(1318M) 1.031ms
[59.813s][info][gc] GC(681) Pause Young (G1 Evacuation Pause) 801M->14M(1318M) 1.176ms
[59.855s][info][gc] GC(682) Pause Young (G1 Evacuation Pause) 801M->14M(1318M) 1.736ms
[59.895s][info][gc] GC(683) Pause Young (G1 Evacuation Pause) 801M->15M(1318M) 1.216ms
[59.938s][info][gc] GC(684) Pause Young (G1 Evacuation Pause) 801M->14M(1318M) 1.191ms
[59.978s][info][gc] GC(685) Pause Young (G1 Evacuation Pause) 801M->14M(1318M) 1.093ms
[60.020s][info][gc] GC(686) Pause Young (G1 Evacuation Pause) 801M->15M(1318M) 1.132ms
[60.060s][info][gc] GC(687) Pause Young (G1 Evacuation Pause) 801M->15M(1318M) 1.632ms
[60.105s][info][gc] GC(688) Pause Young (G1 Evacuation Pause) 801M->14M(1318M) 1.108ms
[60.146s][info][gc] GC(689) Pause Young (G1 Evacuation Pause) 801M->14M(1318M) 1.178ms
[60.186s][info][gc] GC(690) Pause Young (G1 Evacuation Pause) 801M->14M(1318M) 1.024ms
[60.226s][info][gc] GC(691) Pause Young (G1 Evacuation Pause) 801M->13M(1318M) 1.828ms
[60.271s][info][gc] GC(692) Pause Young (G1 Evacuation Pause) 801M->14M(1318M) 1.916ms
[60.313s][info][gc] GC(693) Pause Young (G1 Evacuation Pause) 801M->14M(1318M) 1.070ms
[60.354s][info][gc] GC(694) Pause Young (G1 Evacuation Pause) 801M->13M(1318M) 2.042ms
[60.402s][info][gc] GC(695) Pause Young (G1 Evacuation Pause) 801M->14M(1318M) 1.987ms
[60.445s][info][gc] GC(696) Pause Young (G1 Evacuation Pause) 801M->16M(1318M) 2.085ms
[60.487s][info][gc] GC(697) Pause Young (G1 Evacuation Pause) 801M->15M(1318M) 2.502ms
[60.540s][info][gc] GC(698) Pause Young (G1 Evacuation Pause) 801M->13M(1318M) 2.048ms
[60.582s][info][gc] GC(699) Pause Young (G1 Evacuation Pause) 801M->14M(1318M) 1.943ms
[60.625s][info][gc] GC(700) Pause Young (G1 Evacuation Pause) 801M->16M(1318M) 2.265ms
[60.670s][info][gc] GC(701) Pause Young (G1 Evacuation Pause) 801M->14M(1318M) 2.128ms
[60.715s][info][gc] GC(702) Pause Young (G1 Evacuation Pause) 801M->15M(1318M) 2.074ms
[60.758s][info][gc] GC(703) Pause Young (G1 Evacuation Pause) 801M->14M(1318M) 2.221ms
[60.800s][info][gc] GC(704) Pause Young (G1 Evacuation Pause) 801M->14M(1318M) 1.122ms
[60.843s][info][gc] GC(705) Pause Young (G1 Evacuation Pause) 801M->14M(1318M) 2.155ms
[60.883s][info][gc] GC(706) Pause Young (G1 Evacuation Pause) 801M->14M(1318M) 1.007ms
[60.923s][info][gc] GC(707) Pause Young (G1 Evacuation Pause) 801M->15M(1318M) 2.010ms
[60.966s][info][gc] GC(708) Pause Young (G1 Evacuation Pause) 801M->14M(1318M) 1.128ms
[61.010s][info][gc] GC(709) Pause Young (G1 Evacuation Pause) 801M->15M(1318M) 1.897ms
[61.051s][info][gc] GC(710) Pause Young (G1 Evacuation Pause) 801M->15M(1318M) 1.080ms
[61.093s][info][gc] GC(711) Pause Young (G1 Evacuation Pause) 801M->14M(1318M) 2.176ms
[61.134s][info][gc] GC(712) Pause Young (G1 Evacuation Pause) 801M->14M(1318M) 1.167ms
[61.177s][info][gc] GC(713) Pause Young (G1 Evacuation Pause) 801M->14M(1318M) 1.541ms
[61.218s][info][gc] GC(714) Pause Young (G1 Evacuation Pause) 801M->14M(1318M) 1.929ms
[61.261s][info][gc] GC(715) Pause Young (G1 Evacuation Pause) 801M->14M(1318M) 1.871ms
[61.304s][info][gc] GC(716) Pause Young (G1 Evacuation Pause) 801M->15M(1318M) 1.066ms
[61.347s][info][gc] GC(717) Pause Young (G1 Evacuation Pause) 801M->14M(1318M) 1.702ms
[61.392s][info][gc] GC(718) Pause Young (G1 Evacuation Pause) 801M->15M(1318M) 2.095ms
[61.433s][info][gc] GC(719) Pause Young (G1 Evacuation Pause) 801M->14M(1318M) 1.083ms
[61.476s][info][gc] GC(720) Pause Young (G1 Evacuation Pause) 801M->15M(1318M) 2.078ms
[61.520s][info][gc] GC(721) Pause Young (G1 Evacuation Pause) 801M->15M(1318M) 1.082ms
[61.562s][info][gc] GC(722) Pause Young (G1 Evacuation Pause) 801M->14M(1318M) 1.011ms
[61.603s][info][gc] GC(723) Pause Young (G1 Evacuation Pause) 801M->14M(1318M) 1.026ms
[61.646s][info][gc] GC(724) Pause Young (G1 Evacuation Pause) 801M->14M(1318M) 1.143ms
[61.691s][info][gc] GC(725) Pause Young (G1 Evacuation Pause) 801M->14M(1318M) 1.056ms
[61.732s][info][gc] GC(726) Pause Young (G1 Evacuation Pause) 801M->14M(1318M) 1.012ms
[61.774s][info][gc] GC(727) Pause Young (G1 Evacuation Pause) 801M->15M(1318M) 2.072ms
[61.817s][info][gc] GC(728) Pause Young (G1 Evacuation Pause) 801M->15M(1318M) 1.378ms
[61.859s][info][gc] GC(729) Pause Young (G1 Evacuation Pause) 801M->14M(1318M) 2.189ms
[61.900s][info][gc] GC(730) Pause Young (G1 Evacuation Pause) 801M->13M(1318M) 1.017ms
[61.943s][info][gc] GC(731) Pause Young (G1 Evacuation Pause) 801M->13M(1318M) 2.128ms
[61.990s][info][gc] GC(732) Pause Young (G1 Evacuation Pause) 801M->14M(1318M) 2.390ms
[62.033s][info][gc] GC(733) Pause Young (G1 Evacuation Pause) 801M->14M(1318M) 1.363ms
[62.078s][info][gc] GC(734) Pause Young (G1 Evacuation Pause) 801M->14M(1318M) 1.401ms
[62.120s][info][gc] GC(735) Pause Young (G1 Evacuation Pause) 801M->15M(1318M) 1.378ms
[62.162s][info][gc] GC(736) Pause Young (G1 Evacuation Pause) 801M->13M(1318M) 2.064ms
[62.203s][info][gc] GC(737) Pause Young (G1 Evacuation Pause) 801M->14M(1318M) 1.183ms
[62.245s][info][gc] GC(738) Pause Young (G1 Evacuation Pause) 801M->14M(1318M) 1.239ms
[62.288s][info][gc] GC(739) Pause Young (G1 Evacuation Pause) 801M->14M(1318M) 1.109ms
[62.329s][info][gc] GC(740) Pause Young (G1 Evacuation Pause) 801M->14M(1318M) 1.264ms
[62.369s][info][gc] GC(741) Pause Young (G1 Evacuation Pause) 801M->14M(1318M) 1.085ms
[62.410s][info][gc] GC(742) Pause Young (G1 Evacuation Pause) 801M->14M(1318M) 1.482ms
[62.454s][info][gc] GC(743) Pause Young (G1 Evacuation Pause) 801M->15M(1318M) 1.132ms
[62.494s][info][gc] GC(744) Pause Young (G1 Evacuation Pause) 801M->14M(1318M) 1.833ms
[62.535s][info][gc] GC(745) Pause Young (G1 Evacuation Pause) 801M->14M(1318M) 1.789ms
[62.578s][info][gc] GC(746) Pause Young (G1 Evacuation Pause) 801M->13M(1318M) 2.097ms
[62.620s][info][gc] GC(747) Pause Young (G1 Evacuation Pause) 801M->15M(1318M) 1.821ms
[62.661s][info][gc] GC(748) Pause Young (G1 Evacuation Pause) 801M->13M(1318M) 1.549ms
[62.702s][info][gc] GC(749) Pause Young (G1 Evacuation Pause) 801M->15M(1318M) 1.860ms
[62.747s][info][gc] GC(750) Pause Young (G1 Evacuation Pause) 801M->15M(1318M) 1.956ms
[62.789s][info][gc] GC(751) Pause Young (G1 Evacuation Pause) 801M->13M(1318M) 1.904ms
[62.831s][info][gc] GC(752) Pause Young (G1 Evacuation Pause) 801M->15M(1318M) 1.168ms
[62.874s][info][gc] GC(753) Pause Young (G1 Evacuation Pause) 801M->14M(1318M) 2.163ms
[62.923s][info][gc] GC(754) Pause Young (G1 Evacuation Pause) 801M->14M(1318M) 2.371ms
[62.966s][info][gc] GC(755) Pause Young (G1 Evacuation Pause) 801M->15M(1318M) 2.167ms
[63.007s][info][gc] GC(756) Pause Young (G1 Evacuation Pause) 801M->14M(1318M) 1.051ms
[63.052s][info][gc] GC(757) Pause Young (G1 Evacuation Pause) 801M->15M(1318M) 1.152ms
[63.096s][info][gc] GC(758) Pause Young (G1 Evacuation Pause) 801M->13M(1318M) 1.976ms
[63.141s][info][gc] GC(759) Pause Young (G1 Evacuation Pause) 801M->14M(1318M) 2.172ms
[63.188s][info][gc] GC(760) Pause Young (G1 Evacuation Pause) 801M->14M(1318M) 1.857ms
[63.230s][info][gc] GC(761) Pause Young (G1 Evacuation Pause) 801M->14M(1318M) 1.774ms
[63.273s][info][gc] GC(762) Pause Young (G1 Evacuation Pause) 801M->14M(1318M) 1.793ms
[63.318s][info][gc] GC(763) Pause Young (G1 Evacuation Pause) 801M->13M(1318M) 1.995ms
[63.360s][info][gc] GC(764) Pause Young (G1 Evacuation Pause) 801M->15M(1318M) 2.058ms
[63.403s][info][gc] GC(765) Pause Young (G1 Evacuation Pause) 801M->14M(1318M) 1.739ms
[63.447s][info][gc] GC(766) Pause Young (G1 Evacuation Pause) 801M->15M(1318M) 2.185ms
[63.492s][info][gc] GC(767) Pause Young (G1 Evacuation Pause) 801M->15M(1318M) 2.232ms
[63.539s][info][gc] GC(768) Pause Young (G1 Evacuation Pause) 801M->13M(1318M) 1.840ms
[63.582s][info][gc] GC(769) Pause Young (G1 Evacuation Pause) 801M->15M(1318M) 2.210ms
[63.627s][info][gc] GC(770) Pause Young (G1 Evacuation Pause) 801M->15M(1318M) 2.440ms
[63.673s][info][gc] GC(771) Pause Young (G1 Evacuation Pause) 801M->15M(1318M) 1.825ms
[63.716s][info][gc] GC(772) Pause Young (G1 Evacuation Pause) 801M->13M(1318M) 1.766ms
[63.759s][info][gc] GC(773) Pause Young (G1 Evacuation Pause) 801M->14M(1318M) 2.075ms
[63.806s][info][gc] GC(774) Pause Young (G1 Evacuation Pause) 801M->14M(1318M) 1.923ms
[63.848s][info][gc] GC(775) Pause Young (G1 Evacuation Pause) 801M->15M(1318M) 2.130ms
[63.888s][info][gc] GC(776) Pause Young (G1 Evacuation Pause) 801M->15M(1318M) 1.064ms
[63.932s][info][gc] GC(777) Pause Young (G1 Evacuation Pause) 801M->14M(1318M) 1.171ms
[63.973s][info][gc] GC(778) Pause Young (G1 Evacuation Pause) 801M->14M(1318M) 1.042ms
[64.015s][info][gc] GC(779) Pause Young (G1 Evacuation Pause) 801M->15M(1318M) 1.121ms
[64.056s][info][gc] GC(780) Pause Young (G1 Evacuation Pause) 801M->13M(1318M) 1.769ms
[64.102s][info][gc] GC(781) Pause Young (G1 Evacuation Pause) 801M->15M(1318M) 1.941ms
[64.147s][info][gc] GC(782) Pause Young (G1 Evacuation Pause) 801M->15M(1318M) 1.140ms
[64.191s][info][gc] GC(783) Pause Young (G1 Evacuation Pause) 801M->13M(1318M) 1.983ms
[64.233s][info][gc] GC(784) Pause Young (G1 Evacuation Pause) 801M->13M(1318M) 1.265ms
[64.277s][info][gc] GC(785) Pause Young (G1 Evacuation Pause) 801M->15M(1318M) 1.628ms
[64.317s][info][gc] GC(786) Pause Young (G1 Evacuation Pause) 801M->14M(1318M) 1.088ms
[64.358s][info][gc] GC(787) Pause Young (G1 Evacuation Pause) 801M->14M(1318M) 2.020ms
[64.402s][info][gc] GC(788) Pause Young (G1 Evacuation Pause) 801M->14M(1318M) 1.035ms
[64.442s][info][gc] GC(789) Pause Young (G1 Evacuation Pause) 801M->14M(1318M) 1.905ms
[64.483s][info][gc] GC(790) Pause Young (G1 Evacuation Pause) 801M->15M(1318M) 1.884ms
[64.523s][info][gc] GC(791) Pause Young (G1 Evacuation Pause) 801M->15M(1318M) 1.077ms
[64.567s][info][gc] GC(792) Pause Young (G1 Evacuation Pause) 801M->14M(1318M) 1.101ms
[64.607s][info][gc] GC(793) Pause Young (G1 Evacuation Pause) 801M->14M(1318M) 1.101ms
[64.647s][info][gc] GC(794) Pause Young (G1 Evacuation Pause) 801M->15M(1318M) 1.125ms
[64.693s][info][gc] GC(795) Pause Young (G1 Evacuation Pause) 801M->15M(1318M) 2.048ms
[64.738s][info][gc] GC(796) Pause Young (G1 Evacuation Pause) 801M->15M(1318M) 1.154ms
[64.782s][info][gc] GC(797) Pause Young (G1 Evacuation Pause) 801M->15M(1318M) 2.019ms
[64.827s][info][gc] GC(798) Pause Young (G1 Evacuation Pause) 801M->15M(1318M) 2.116ms
[64.867s][info][gc] GC(799) Pause Young (G1 Evacuation Pause) 801M->15M(1318M) 1.186ms
[64.907s][info][gc] GC(800) Pause Young (G1 Evacuation Pause) 801M->14M(1318M) 1.161ms
[64.947s][info][gc] GC(801) Pause Young (G1 Evacuation Pause) 801M->14M(1318M) 1.212ms
[64.990s][info][gc] GC(802) Pause Young (G1 Evacuation Pause) 801M->13M(1318M) 1.037ms
[65.031s][info][gc] GC(803) Pause Young (G1 Evacuation Pause) 801M->14M(1318M) 1.057ms
[65.073s][info][gc] GC(804) Pause Young (G1 Evacuation Pause) 801M->14M(1318M) 1.321ms
[65.118s][info][gc] GC(805) Pause Young (G1 Evacuation Pause) 801M->14M(1318M) 1.186ms
[65.159s][info][gc] GC(806) Pause Young (G1 Evacuation Pause) 801M->13M(1318M) 1.971ms
[65.199s][info][gc] GC(807) Pause Young (G1 Evacuation Pause) 801M->14M(1318M) 1.050ms
[65.240s][info][gc] GC(808) Pause Young (G1 Evacuation Pause) 801M->12M(1318M) 1.140ms
[65.283s][info][gc] GC(809) Pause Young (G1 Evacuation Pause) 801M->16M(1318M) 1.202ms
[65.324s][info][gc] GC(810) Pause Young (G1 Evacuation Pause) 801M->15M(1318M) 1.191ms
[65.366s][info][gc] GC(811) Pause Young (G1 Evacuation Pause) 801M->13M(1318M) 1.214ms
[65.409s][info][gc] GC(812) Pause Young (G1 Evacuation Pause) 801M->16M(1318M) 2.064ms
[65.449s][info][gc] GC(813) Pause Young (G1 Evacuation Pause) 801M->15M(1318M) 1.072ms
[65.489s][info][gc] GC(814) Pause Young (G1 Evacuation Pause) 801M->15M(1318M) 1.107ms
[65.530s][info][gc] GC(815) Pause Young (G1 Evacuation Pause) 801M->15M(1318M) 1.132ms
[65.573s][info][gc] GC(816) Pause Young (G1 Evacuation Pause) 801M->14M(1318M) 1.051ms
[65.614s][info][gc] GC(817) Pause Young (G1 Evacuation Pause) 801M->14M(1318M) 1.021ms
[65.656s][info][gc] GC(818) Pause Young (G1 Evacuation Pause) 801M->13M(1318M) 1.761ms
[65.703s][info][gc] GC(819) Pause Young (G1 Evacuation Pause) 801M->13M(1318M) 1.969ms
[65.747s][info][gc] GC(820) Pause Young (G1 Evacuation Pause) 801M->15M(1318M) 2.049ms
[65.789s][info][gc] GC(821) Pause Young (G1 Evacuation Pause) 801M->13M(1318M) 1.893ms
[65.831s][info][gc] GC(822) Pause Young (G1 Evacuation Pause) 801M->14M(1318M) 1.421ms
[65.877s][info][gc] GC(823) Pause Young (G1 Evacuation Pause) 801M->15M(1318M) 1.764ms
[65.918s][info][gc] GC(824) Pause Young (G1 Evacuation Pause) 801M->14M(1318M) 1.822ms
[65.962s][info][gc] GC(825) Pause Young (G1 Evacuation Pause) 801M->14M(1318M) 1.362ms
[66.007s][info][gc] GC(826) Pause Young (G1 Evacuation Pause) 801M->14M(1318M) 1.035ms
[66.047s][info][gc] GC(827) Pause Young (G1 Evacuation Pause) 801M->14M(1318M) 1.125ms
[66.089s][info][gc] GC(828) Pause Young (G1 Evacuation Pause) 801M->15M(1318M) 1.876ms
[66.135s][info][gc] GC(829) Pause Young (G1 Evacuation Pause) 801M->14M(1318M) 2.038ms
[66.178s][info][gc] GC(830) Pause Young (G1 Evacuation Pause) 801M->14M(1318M) 1.231ms
[66.219s][info][gc] GC(831) Pause Young (G1 Evacuation Pause) 801M->14M(1318M) 1.912ms
[66.264s][info][gc] GC(832) Pause Young (G1 Evacuation Pause) 801M->15M(1318M) 2.616ms
[66.309s][info][gc] GC(833) Pause Young (G1 Evacuation Pause) 801M->15M(1318M) 2.337ms
[66.351s][info][gc] GC(834) Pause Young (G1 Evacuation Pause) 801M->15M(1318M) 1.916ms
[66.396s][info][gc] GC(835) Pause Young (G1 Evacuation Pause) 801M->14M(1318M) 1.842ms
[66.438s][info][gc] GC(836) Pause Young (G1 Evacuation Pause) 801M->15M(1318M) 1.870ms
[66.480s][info][gc] GC(837) Pause Young (G1 Evacuation Pause) 801M->13M(1318M) 1.731ms
[66.526s][info][gc] GC(838) Pause Young (G1 Evacuation Pause) 801M->15M(1318M) 2.230ms
[66.570s][info][gc] GC(839) Pause Young (G1 Evacuation Pause) 801M->15M(1318M) 1.895ms
[66.615s][info][gc] GC(840) Pause Young (G1 Evacuation Pause) 801M->15M(1318M) 1.871ms
[66.658s][info][gc] GC(841) Pause Young (G1 Evacuation Pause) 801M->13M(1318M) 2.189ms
[66.706s][info][gc] GC(842) Pause Young (G1 Evacuation Pause) 801M->13M(1318M) 1.971ms
[66.749s][info][gc] GC(843) Pause Young (G1 Evacuation Pause) 801M->14M(1318M) 1.699ms
[66.791s][info][gc] GC(844) Pause Young (G1 Evacuation Pause) 801M->16M(1318M) 2.091ms
[66.833s][info][gc] GC(845) Pause Young (G1 Evacuation Pause) 801M->14M(1318M) 1.092ms
[66.878s][info][gc] GC(846) Pause Young (G1 Evacuation Pause) 801M->15M(1318M) 1.987ms
[66.920s][info][gc] GC(847) Pause Young (G1 Evacuation Pause) 801M->15M(1318M) 1.114ms
[66.962s][info][gc] GC(848) Pause Young (G1 Evacuation Pause) 801M->13M(1318M) 2.149ms
[67.010s][info][gc] GC(849) Pause Young (G1 Evacuation Pause) 801M->14M(1318M) 2.064ms
[67.053s][info][gc] GC(850) Pause Young (G1 Evacuation Pause) 801M->14M(1318M) 1.860ms
[67.101s][info][gc] GC(851) Pause Young (G1 Evacuation Pause) 801M->14M(1318M) 2.151ms
[67.150s][info][gc] GC(852) Pause Young (G1 Evacuation Pause) 801M->13M(1318M) 1.941ms
[67.198s][info][gc] GC(853) Pause Young (G1 Evacuation Pause) 801M->14M(1318M) 1.918ms
[67.243s][info][gc] GC(854) Pause Young (G1 Evacuation Pause) 801M->15M(1318M) 1.781ms
[67.285s][info][gc] GC(855) Pause Young (G1 Evacuation Pause) 801M->15M(1318M) 1.418ms
[67.332s][info][gc] GC(856) Pause Young (G1 Evacuation Pause) 801M->15M(1318M) 1.870ms
[67.374s][info][gc] GC(857) Pause Young (G1 Evacuation Pause) 801M->14M(1318M) 1.155ms
[67.417s][info][gc] GC(858) Pause Young (G1 Evacuation Pause) 801M->14M(1318M) 1.054ms
[67.463s][info][gc] GC(859) Pause Young (G1 Evacuation Pause) 801M->14M(1318M) 1.334ms
[67.504s][info][gc] GC(860) Pause Young (G1 Evacuation Pause) 801M->13M(1318M) 1.035ms
[67.545s][info][gc] GC(861) Pause Young (G1 Evacuation Pause) 801M->15M(1318M) 1.330ms
[67.588s][info][gc] GC(862) Pause Young (G1 Evacuation Pause) 801M->14M(1318M) 1.155ms
[67.633s][info][gc] GC(863) Pause Young (G1 Evacuation Pause) 801M->15M(1318M) 1.130ms
[67.673s][info][gc] GC(864) Pause Young (G1 Evacuation Pause) 801M->12M(1318M) 0.983ms
[67.714s][info][gc] GC(865) Pause Young (G1 Evacuation Pause) 801M->15M(1318M) 1.229ms
[67.752s][info][gc] GC(866) Pause Young (G1 Evacuation Pause) 801M->13M(1318M) 1.063ms
[67.797s][info][gc] GC(867) Pause Young (G1 Evacuation Pause) 801M->14M(1318M) 1.136ms
[67.836s][info][gc] GC(868) Pause Young (G1 Evacuation Pause) 801M->14M(1318M) 1.082ms
[67.876s][info][gc] GC(869) Pause Young (G1 Evacuation Pause) 801M->13M(1318M) 1.799ms
[67.914s][info][gc] GC(870) Pause Young (G1 Evacuation Pause) 801M->15M(1318M) 1.170ms
[67.958s][info][gc] GC(871) Pause Young (G1 Evacuation Pause) 801M->13M(1318M) 1.084ms
[67.999s][info][gc] GC(872) Pause Young (G1 Evacuation Pause) 801M->13M(1318M) 1.087ms
[68.039s][info][gc] GC(873) Pause Young (G1 Evacuation Pause) 801M->15M(1318M) 1.252ms
[68.084s][info][gc] GC(874) Pause Young (G1 Evacuation Pause) 801M->14M(1318M) 1.325ms
[68.126s][info][gc] GC(875) Pause Young (G1 Evacuation Pause) 801M->15M(1318M) 1.933ms
[68.165s][info][gc] GC(876) Pause Young (G1 Evacuation Pause) 801M->15M(1318M) 1.157ms
[68.204s][info][gc] GC(877) Pause Young (G1 Evacuation Pause) 801M->12M(1318M) 0.969ms
[68.248s][info][gc] GC(878) Pause Young (G1 Evacuation Pause) 801M->15M(1318M) 1.101ms
[68.288s][info][gc] GC(879) Pause Young (G1 Evacuation Pause) 801M->15M(1318M) 1.175ms
[68.329s][info][gc] GC(880) Pause Young (G1 Evacuation Pause) 801M->13M(1318M) 1.505ms
[68.372s][info][gc] GC(881) Pause Young (G1 Evacuation Pause) 801M->14M(1318M) 1.207ms
[68.412s][info][gc] GC(882) Pause Young (G1 Evacuation Pause) 801M->14M(1318M) 1.277ms
[68.452s][info][gc] GC(883) Pause Young (G1 Evacuation Pause) 801M->14M(1318M) 1.090ms
[68.496s][info][gc] GC(884) Pause Young (G1 Evacuation Pause) 801M->14M(1318M) 1.197ms
[68.536s][info][gc] GC(885) Pause Young (G1 Evacuation Pause) 801M->14M(1318M) 1.056ms
[68.580s][info][gc] GC(886) Pause Young (G1 Evacuation Pause) 801M->16M(1318M) 2.097ms
[68.625s][info][gc] GC(887) Pause Young (G1 Evacuation Pause) 801M->15M(1318M) 2.273ms
[68.674s][info][gc] GC(888) Pause Young (G1 Evacuation Pause) 801M->15M(1318M) 2.220ms
[68.726s][info][gc] GC(889) Pause Young (G1 Evacuation Pause) 801M->15M(1318M) 3.454ms
[68.771s][info][gc] GC(890) Pause Young (G1 Evacuation Pause) 801M->14M(1318M) 2.155ms
[68.820s][info][gc] GC(891) Pause Young (G1 Evacuation Pause) 801M->13M(1318M) 1.899ms
[68.868s][info][gc] GC(892) Pause Young (G1 Evacuation Pause) 801M->15M(1318M) 2.634ms
[68.916s][info][gc] GC(893) Pause Young (G1 Evacuation Pause) 801M->16M(1430M) 3.834ms
[69.010s][info][gc] GC(894) Pause Young (G1 Evacuation Pause) 869M->14M(1430M) 2.806ms
[69.064s][info][gc] GC(895) Pause Young (G1 Evacuation Pause) 869M->15M(1430M) 2.344ms
[69.118s][info][gc] GC(896) Pause Young (G1 Evacuation Pause) 869M->14M(1430M) 2.290ms
[69.169s][info][gc] GC(897) Pause Young (G1 Evacuation Pause) 869M->15M(1430M) 1.310ms
[69.217s][info][gc] GC(898) Pause Young (G1 Evacuation Pause) 869M->15M(1430M) 1.174ms
[69.269s][info][gc] GC(899) Pause Young (G1 Evacuation Pause) 869M->13M(1430M) 1.787ms
[69.315s][info][gc] GC(900) Pause Young (G1 Evacuation Pause) 869M->14M(1430M) 1.724ms
[69.360s][info][gc] GC(901) Pause Young (G1 Evacuation Pause) 869M->15M(1430M) 1.845ms
[69.408s][info][gc] GC(902) Pause Young (G1 Evacuation Pause) 869M->14M(1430M) 1.777ms
[69.454s][info][gc] GC(903) Pause Young (G1 Evacuation Pause) 869M->13M(1430M) 1.202ms
[69.499s][info][gc] GC(904) Pause Young (G1 Evacuation Pause) 869M->15M(1430M) 1.299ms
[69.549s][info][gc] GC(905) Pause Young (G1 Evacuation Pause) 869M->14M(1430M) 1.057ms
[69.596s][info][gc] GC(906) Pause Young (G1 Evacuation Pause) 869M->13M(1430M) 1.138ms
[69.645s][info][gc] GC(907) Pause Young (G1 Evacuation Pause) 869M->13M(1430M) 1.917ms
[69.690s][info][gc] GC(908) Pause Young (G1 Evacuation Pause) 869M->15M(1430M) 1.095ms
[69.734s][info][gc] GC(909) Pause Young (G1 Evacuation Pause) 869M->14M(1430M) 0.986ms
[69.781s][info][gc] GC(910) Pause Young (G1 Evacuation Pause) 869M->15M(1430M) 1.824ms
[69.822s][info][gc] GC(911) Pause Young (G1 Evacuation Pause) 869M->13M(1430M) 0.957ms
[69.867s][info][gc] GC(912) Pause Young (G1 Evacuation Pause) 869M->16M(1430M) 1.855ms
[69.914s][info][gc] GC(913) Pause Young (G1 Evacuation Pause) 869M->15M(1430M) 1.178ms
[69.961s][info][gc] GC(914) Pause Young (G1 Evacuation Pause) 869M->15M(1430M) 2.293ms
[70.006s][info][gc] GC(915) Pause Young (G1 Evacuation Pause) 869M->15M(1430M) 1.120ms
[70.051s][info][gc] GC(916) Pause Young (G1 Evacuation Pause) 869M->15M(1430M) 1.247ms
[70.099s][info][gc] GC(917) Pause Young (G1 Evacuation Pause) 869M->14M(1430M) 1.221ms
[70.147s][info][gc] GC(918) Pause Young (G1 Evacuation Pause) 869M->14M(1430M) 1.533ms
[70.193s][info][gc] GC(919) Pause Young (G1 Evacuation Pause) 869M->14M(1430M) 1.836ms
[70.241s][info][gc] GC(920) Pause Young (G1 Evacuation Pause) 869M->15M(1430M) 1.115ms
[70.284s][info][gc] GC(921) Pause Young (G1 Evacuation Pause) 869M->15M(1430M) 1.192ms
[70.329s][info][gc] GC(922) Pause Young (G1 Evacuation Pause) 869M->14M(1430M) 1.482ms
[70.374s][info][gc] GC(923) Pause Young (G1 Evacuation Pause) 869M->14M(1430M) 1.163ms
[70.419s][info][gc] GC(924) Pause Young (G1 Evacuation Pause) 869M->15M(1430M) 1.184ms
[70.464s][info][gc] GC(925) Pause Young (G1 Evacuation Pause) 869M->14M(1430M) 1.275ms
[70.509s][info][gc] GC(926) Pause Young (G1 Evacuation Pause) 869M->13M(1430M) 1.020ms
[70.557s][info][gc] GC(927) Pause Young (G1 Evacuation Pause) 869M->14M(1430M) 1.127ms
[70.603s][info][gc] GC(928) Pause Young (G1 Evacuation Pause) 869M->14M(1430M) 1.491ms
[70.647s][info][gc] GC(929) Pause Young (G1 Evacuation Pause) 869M->15M(1430M) 1.150ms
[70.692s][info][gc] GC(930) Pause Young (G1 Evacuation Pause) 869M->14M(1430M) 2.302ms
[70.737s][info][gc] GC(931) Pause Young (G1 Evacuation Pause) 869M->14M(1430M) 1.085ms
[70.782s][info][gc] GC(932) Pause Young (G1 Evacuation Pause) 869M->14M(1430M) 1.396ms
[70.827s][info][gc] GC(933) Pause Young (G1 Evacuation Pause) 869M->15M(1430M) 1.604ms
[70.874s][info][gc] GC(934) Pause Young (G1 Evacuation Pause) 869M->14M(1430M) 1.210ms
[70.917s][info][gc] GC(935) Pause Young (G1 Evacuation Pause) 869M->15M(1430M) 1.100ms
[70.962s][info][gc] GC(936) Pause Young (G1 Evacuation Pause) 869M->14M(1430M) 2.107ms
[71.010s][info][gc] GC(937) Pause Young (G1 Evacuation Pause) 869M->13M(1430M) 1.672ms
[71.053s][info][gc] GC(938) Pause Young (G1 Evacuation Pause) 869M->13M(1430M) 1.055ms
[71.097s][info][gc] GC(939) Pause Young (G1 Evacuation Pause) 869M->13M(1430M) 1.474ms
[71.147s][info][gc] GC(940) Pause Young (G1 Evacuation Pause) 869M->14M(1430M) 1.635ms
[71.192s][info][gc] GC(941) Pause Young (G1 Evacuation Pause) 869M->15M(1430M) 1.871ms
[71.237s][info][gc] GC(942) Pause Young (G1 Evacuation Pause) 869M->14M(1430M) 1.667ms
[71.285s][info][gc] GC(943) Pause Young (G1 Evacuation Pause) 869M->14M(1430M) 1.209ms
[71.329s][info][gc] GC(944) Pause Young (G1 Evacuation Pause) 869M->14M(1430M) 1.351ms
[71.372s][info][gc] GC(945) Pause Young (G1 Evacuation Pause) 869M->15M(1430M) 1.319ms
[71.417s][info][gc] GC(946) Pause Young (G1 Evacuation Pause) 869M->15M(1430M) 1.720ms
[71.462s][info][gc] GC(947) Pause Young (G1 Evacuation Pause) 869M->15M(1430M) 1.176ms
[71.506s][info][gc] GC(948) Pause Young (G1 Evacuation Pause) 869M->15M(1430M) 1.224ms
[71.550s][info][gc] GC(949) Pause Young (G1 Evacuation Pause) 869M->15M(1430M) 1.191ms
[71.597s][info][gc] GC(950) Pause Young (G1 Evacuation Pause) 869M->14M(1430M) 1.105ms
[71.641s][info][gc] GC(951) Pause Young (G1 Evacuation Pause) 869M->14M(1430M) 1.104ms
[71.687s][info][gc] GC(952) Pause Young (G1 Evacuation Pause) 869M->14M(1430M) 1.239ms
[71.733s][info][gc] GC(953) Pause Young (G1 Evacuation Pause) 869M->14M(1430M) 1.816ms
[71.777s][info][gc] GC(954) Pause Young (G1 Evacuation Pause) 869M->13M(1430M) 1.867ms
[71.822s][info][gc] GC(955) Pause Young (G1 Evacuation Pause) 869M->14M(1430M) 1.561ms
[71.867s][info][gc] GC(956) Pause Young (G1 Evacuation Pause) 869M->13M(1430M) 1.096ms
[71.911s][info][gc] GC(957) Pause Young (G1 Evacuation Pause) 869M->15M(1430M) 2.160ms
[71.954s][info][gc] GC(958) Pause Young (G1 Evacuation Pause) 869M->13M(1430M) 1.091ms
[72.001s][info][gc] GC(959) Pause Young (G1 Evacuation Pause) 869M->13M(1430M) 1.865ms
[72.044s][info][gc] GC(960) Pause Young (G1 Evacuation Pause) 869M->15M(1430M) 1.129ms
[72.088s][info][gc] GC(961) Pause Young (G1 Evacuation Pause) 869M->14M(1430M) 1.080ms
[72.134s][info][gc] GC(962) Pause Young (G1 Evacuation Pause) 869M->14M(1430M) 1.307ms
[72.179s][info][gc] GC(963) Pause Young (G1 Evacuation Pause) 869M->15M(1430M) 1.158ms
[72.221s][info][gc] GC(964) Pause Young (G1 Evacuation Pause) 869M->13M(1430M) 1.106ms
[72.266s][info][gc] GC(965) Pause Young (G1 Evacuation Pause) 869M->14M(1430M) 1.190ms
[72.312s][info][gc] GC(966) Pause Young (G1 Evacuation Pause) 869M->14M(1430M) 1.381ms
[72.356s][info][gc] GC(967) Pause Young (G1 Evacuation Pause) 869M->15M(1430M) 1.146ms
[72.402s][info][gc] GC(968) Pause Young (G1 Evacuation Pause) 869M->14M(1430M) 1.195ms
[72.449s][info][gc] GC(969) Pause Young (G1 Evacuation Pause) 869M->14M(1430M) 1.148ms
[72.495s][info][gc] GC(970) Pause Young (G1 Evacuation Pause) 869M->14M(1430M) 1.467ms
[72.541s][info][gc] GC(971) Pause Young (G1 Evacuation Pause) 869M->14M(1430M) 2.108ms
[72.590s][info][gc] GC(972) Pause Young (G1 Evacuation Pause) 869M->15M(1430M) 1.433ms
[72.635s][info][gc] GC(973) Pause Young (G1 Evacuation Pause) 869M->15M(1430M) 1.150ms
[72.679s][info][gc] GC(974) Pause Young (G1 Evacuation Pause) 869M->14M(1430M) 1.170ms
[72.722s][info][gc] GC(975) Pause Young (G1 Evacuation Pause) 869M->14M(1430M) 1.202ms
[72.770s][info][gc] GC(976) Pause Young (G1 Evacuation Pause) 869M->13M(1430M) 1.884ms
[72.814s][info][gc] GC(977) Pause Young (G1 Evacuation Pause) 869M->14M(1430M) 1.084ms
[72.859s][info][gc] GC(978) Pause Young (G1 Evacuation Pause) 869M->15M(1430M) 2.178ms
[72.905s][info][gc] GC(979) Pause Young (G1 Evacuation Pause) 869M->14M(1430M) 1.116ms
[72.948s][info][gc] GC(980) Pause Young (G1 Evacuation Pause) 869M->15M(1430M) 1.063ms
[72.991s][info][gc] GC(981) Pause Young (G1 Evacuation Pause) 869M->15M(1430M) 1.140ms
[73.038s][info][gc] GC(982) Pause Young (G1 Evacuation Pause) 869M->15M(1430M) 1.097ms
[73.082s][info][gc] GC(983) Pause Young (G1 Evacuation Pause) 869M->14M(1430M) 2.149ms
[73.126s][info][gc] GC(984) Pause Young (G1 Evacuation Pause) 869M->14M(1430M) 1.709ms
[73.176s][info][gc] GC(985) Pause Young (G1 Evacuation Pause) 869M->13M(1430M) 1.980ms
[73.221s][info][gc] GC(986) Pause Young (G1 Evacuation Pause) 869M->15M(1430M) 1.173ms
[73.264s][info][gc] GC(987) Pause Young (G1 Evacuation Pause) 869M->16M(1430M) 1.148ms
[73.310s][info][gc] GC(988) Pause Young (G1 Evacuation Pause) 869M->15M(1430M) 2.019ms
[73.353s][info][gc] GC(989) Pause Young (G1 Evacuation Pause) 869M->14M(1430M) 1.158ms
[73.397s][info][gc] GC(990) Pause Young (G1 Evacuation Pause) 869M->15M(1430M) 1.120ms
[73.444s][info][gc] GC(991) Pause Young (G1 Evacuation Pause) 869M->14M(1430M) 1.538ms
[73.487s][info][gc] GC(992) Pause Young (G1 Evacuation Pause) 869M->14M(1430M) 1.544ms
[73.532s][info][gc] GC(993) Pause Young (G1 Evacuation Pause) 869M->14M(1430M) 1.566ms
[73.577s][info][gc] GC(994) Pause Young (G1 Evacuation Pause) 869M->14M(1430M) 2.087ms
[73.621s][info][gc] GC(995) Pause Young (G1 Evacuation Pause) 869M->15M(1430M) 1.109ms
[73.665s][info][gc] GC(996) Pause Young (G1 Evacuation Pause) 869M->15M(1430M) 1.203ms
[73.709s][info][gc] GC(997) Pause Young (G1 Evacuation Pause) 869M->14M(1430M) 1.852ms
[73.755s][info][gc] GC(998) Pause Young (G1 Evacuation Pause) 869M->13M(1430M) 1.035ms
[73.799s][info][gc] GC(999) Pause Young (G1 Evacuation Pause) 869M->15M(1430M) 1.096ms
[73.843s][info][gc] GC(1000) Pause Young (G1 Evacuation Pause) 869M->15M(1430M) 1.753ms
[73.892s][info][gc] GC(1001) Pause Young (G1 Evacuation Pause) 869M->13M(1430M) 1.928ms
[73.935s][info][gc] GC(1002) Pause Young (G1 Evacuation Pause) 869M->12M(1430M) 1.383ms
[73.978s][info][gc] GC(1003) Pause Young (G1 Evacuation Pause) 869M->12M(1430M) 1.608ms
[74.023s][info][gc] GC(1004) Pause Young (G1 Evacuation Pause) 869M->14M(1430M) 1.206ms
[74.068s][info][gc] GC(1005) Pause Young (G1 Evacuation Pause) 869M->13M(1430M) 1.019ms
[74.114s][info][gc] GC(1006) Pause Young (G1 Evacuation Pause) 869M->15M(1430M) 1.243ms
[74.156s][info][gc] GC(1007) Pause Young (G1 Evacuation Pause) 869M->13M(1430M) 1.006ms
[74.203s][info][gc] GC(1008) Pause Young (G1 Evacuation Pause) 869M->14M(1430M) 1.173ms
[74.246s][info][gc] GC(1009) Pause Young (G1 Evacuation Pause) 869M->14M(1430M) 1.209ms
[74.288s][info][gc] GC(1010) Pause Young (G1 Evacuation Pause) 869M->14M(1430M) 1.128ms
[74.335s][info][gc] GC(1011) Pause Young (G1 Evacuation Pause) 869M->14M(1430M) 1.041ms
[74.379s][info][gc] GC(1012) Pause Young (G1 Evacuation Pause) 869M->13M(1430M) 1.851ms
[74.421s][info][gc] GC(1013) Pause Young (G1 Evacuation Pause) 869M->14M(1430M) 1.073ms
[74.464s][info][gc] GC(1014) Pause Young (G1 Evacuation Pause) 869M->12M(1430M) 1.005ms
[74.512s][info][gc] GC(1015) Pause Young (G1 Evacuation Pause) 869M->14M(1430M) 1.193ms
[74.556s][info][gc] GC(1016) Pause Young (G1 Evacuation Pause) 869M->14M(1430M) 1.059ms
[74.599s][info][gc] GC(1017) Pause Young (G1 Evacuation Pause) 869M->14M(1430M) 1.140ms
[74.645s][info][gc] GC(1018) Pause Young (G1 Evacuation Pause) 869M->14M(1430M) 2.131ms
[74.689s][info][gc] GC(1019) Pause Young (G1 Evacuation Pause) 869M->14M(1430M) 1.077ms
[74.733s][info][gc] GC(1020) Pause Young (G1 Evacuation Pause) 869M->15M(1430M) 1.202ms
[74.777s][info][gc] GC(1021) Pause Young (G1 Evacuation Pause) 869M->14M(1430M) 2.097ms
[74.822s][info][gc] GC(1022) Pause Young (G1 Evacuation Pause) 869M->15M(1430M) 1.075ms
[74.866s][info][gc] GC(1023) Pause Young (G1 Evacuation Pause) 869M->14M(1430M) 1.251ms
[74.910s][info][gc] GC(1024) Pause Young (G1 Evacuation Pause) 869M->14M(1430M) 1.721ms
[74.956s][info][gc] GC(1025) Pause Young (G1 Evacuation Pause) 869M->14M(1430M) 1.055ms
[75.000s][info][gc] GC(1026) Pause Young (G1 Evacuation Pause) 869M->14M(1430M) 1.092ms
[75.043s][info][gc] GC(1027) Pause Young (G1 Evacuation Pause) 869M->14M(1430M) 1.647ms
[75.090s][info][gc] GC(1028) Pause Young (G1 Evacuation Pause) 869M->14M(1430M) 1.094ms
[75.134s][info][gc] GC(1029) Pause Young (G1 Evacuation Pause) 869M->14M(1430M) 1.073ms
[75.179s][info][gc] GC(1030) Pause Young (G1 Evacuation Pause) 869M->14M(1430M) 1.603ms
[75.222s][info][gc] GC(1031) Pause Young (G1 Evacuation Pause) 869M->15M(1430M) 1.185ms
[75.268s][info][gc] GC(1032) Pause Young (G1 Evacuation Pause) 869M->15M(1430M) 1.136ms
[75.313s][info][gc] GC(1033) Pause Young (G1 Evacuation Pause) 869M->14M(1430M) 2.070ms
[75.356s][info][gc] GC(1034) Pause Young (G1 Evacuation Pause) 869M->15M(1430M) 1.070ms
[75.403s][info][gc] GC(1035) Pause Young (G1 Evacuation Pause) 869M->15M(1430M) 1.144ms
[75.446s][info][gc] GC(1036) Pause Young (G1 Evacuation Pause) 869M->15M(1430M) 1.099ms
[75.489s][info][gc] GC(1037) Pause Young (G1 Evacuation Pause) 869M->14M(1430M) 1.880ms
[75.537s][info][gc] GC(1038) Pause Young (G1 Evacuation Pause) 869M->15M(1430M) 1.119ms
[75.581s][info][gc] GC(1039) Pause Young (G1 Evacuation Pause) 869M->14M(1430M) 1.197ms
[75.627s][info][gc] GC(1040) Pause Young (G1 Evacuation Pause) 869M->14M(1430M) 2.063ms
[75.682s][info][gc] GC(1041) Pause Young (G1 Evacuation Pause) 869M->15M(1430M) 2.137ms
[75.732s][info][gc] GC(1042) Pause Young (G1 Evacuation Pause) 869M->14M(1430M) 1.519ms
[75.777s][info][gc] GC(1043) Pause Young (G1 Evacuation Pause) 869M->15M(1430M) 1.661ms
[75.821s][info][gc] GC(1044) Pause Young (G1 Evacuation Pause) 869M->13M(1430M) 1.218ms
[75.867s][info][gc] GC(1045) Pause Young (G1 Evacuation Pause) 869M->15M(1430M) 1.180ms
[75.912s][info][gc] GC(1046) Pause Young (G1 Evacuation Pause) 869M->14M(1430M) 1.906ms
[75.955s][info][gc] GC(1047) Pause Young (G1 Evacuation Pause) 869M->14M(1430M) 1.220ms
[76.005s][info][gc] GC(1048) Pause Young (G1 Evacuation Pause) 869M->14M(1430M) 2.445ms
[76.050s][info][gc] GC(1049) Pause Young (G1 Evacuation Pause) 869M->14M(1430M) 1.818ms
[76.095s][info][gc] GC(1050) Pause Young (G1 Evacuation Pause) 869M->13M(1430M) 1.315ms
[76.142s][info][gc] GC(1051) Pause Young (G1 Evacuation Pause) 869M->15M(1430M) 1.985ms
[76.186s][info][gc] GC(1052) Pause Young (G1 Evacuation Pause) 869M->14M(1430M) 1.715ms
[76.229s][info][gc] GC(1053) Pause Young (G1 Evacuation Pause) 869M->15M(1430M) 1.153ms
[76.276s][info][gc] GC(1054) Pause Young (G1 Evacuation Pause) 869M->14M(1430M) 1.939ms
[76.320s][info][gc] GC(1055) Pause Young (G1 Evacuation Pause) 869M->15M(1430M) 2.308ms
[76.364s][info][gc] GC(1056) Pause Young (G1 Evacuation Pause) 869M->15M(1430M) 1.243ms
[76.411s][info][gc] GC(1057) Pause Young (G1 Evacuation Pause) 869M->15M(1430M) 2.083ms
[76.457s][info][gc] GC(1058) Pause Young (G1 Evacuation Pause) 869M->15M(1430M) 1.339ms
[76.501s][info][gc] GC(1059) Pause Young (G1 Evacuation Pause) 869M->13M(1430M) 1.004ms
[76.546s][info][gc] GC(1060) Pause Young (G1 Evacuation Pause) 869M->15M(1430M) 1.646ms
[76.592s][info][gc] GC(1061) Pause Young (G1 Evacuation Pause) 869M->13M(1430M) 1.741ms
[76.636s][info][gc] GC(1062) Pause Young (G1 Evacuation Pause) 869M->14M(1430M) 1.047ms
[76.682s][info][gc] GC(1063) Pause Young (G1 Evacuation Pause) 869M->14M(1430M) 1.124ms
[76.730s][info][gc] GC(1064) Pause Young (G1 Evacuation Pause) 869M->15M(1430M) 1.140ms
[76.774s][info][gc] GC(1065) Pause Young (G1 Evacuation Pause) 869M->15M(1430M) 1.170ms
[76.818s][info][gc] GC(1066) Pause Young (G1 Evacuation Pause) 869M->14M(1430M) 1.100ms
[76.865s][info][gc] GC(1067) Pause Young (G1 Evacuation Pause) 869M->14M(1430M) 1.571ms
[76.909s][info][gc] GC(1068) Pause Young (G1 Evacuation Pause) 869M->14M(1430M) 2.082ms
[76.953s][info][gc] GC(1069) Pause Young (G1 Evacuation Pause) 869M->15M(1430M) 1.796ms
[76.999s][info][gc] GC(1070) Pause Young (G1 Evacuation Pause) 869M->16M(1430M) 2.153ms
[77.047s][info][gc] GC(1071) Pause Young (G1 Evacuation Pause) 869M->14M(1430M) 1.233ms
[77.095s][info][gc] GC(1072) Pause Young (G1 Evacuation Pause) 869M->13M(1430M) 1.782ms
[77.141s][info][gc] GC(1073) Pause Young (G1 Evacuation Pause) 869M->16M(1430M) 2.167ms
[77.190s][info][gc] GC(1074) Pause Young (G1 Evacuation Pause) 869M->15M(1430M) 1.198ms
[77.234s][info][gc] GC(1075) Pause Young (G1 Evacuation Pause) 869M->13M(1430M) 1.118ms
[77.278s][info][gc] GC(1076) Pause Young (G1 Evacuation Pause) 869M->14M(1430M) 2.070ms
[77.325s][info][gc] GC(1077) Pause Young (G1 Evacuation Pause) 869M->14M(1430M) 1.934ms
[77.369s][info][gc] GC(1078) Pause Young (G1 Evacuation Pause) 869M->15M(1430M) 1.129ms
[77.412s][info][gc] GC(1079) Pause Young (G1 Evacuation Pause) 869M->14M(1430M) 1.039ms
[77.459s][info][gc] GC(1080) Pause Young (G1 Evacuation Pause) 869M->15M(1430M) 2.278ms
[77.508s][info][gc] GC(1081) Pause Young (G1 Evacuation Pause) 869M->14M(1430M) 1.976ms
[77.559s][info][gc] GC(1082) Pause Young (G1 Evacuation Pause) 869M->14M(1430M) 2.300ms
[77.610s][info][gc] GC(1083) Pause Young (G1 Evacuation Pause) 869M->14M(1430M) 2.274ms
[77.660s][info][gc] GC(1084) Pause Young (G1 Evacuation Pause) 869M->13M(1430M) 2.224ms
[77.709s][info][gc] GC(1085) Pause Young (G1 Evacuation Pause) 869M->17M(1430M) 2.342ms
[77.755s][info][gc] GC(1086) Pause Young (G1 Evacuation Pause) 869M->14M(1430M) 1.076ms
[77.802s][info][gc] GC(1087) Pause Young (G1 Evacuation Pause) 869M->14M(1430M) 1.079ms
[77.847s][info][gc] GC(1088) Pause Young (G1 Evacuation Pause) 869M->17M(1430M) 1.992ms
[77.892s][info][gc] GC(1089) Pause Young (G1 Evacuation Pause) 869M->14M(1430M) 1.801ms
[77.941s][info][gc] GC(1090) Pause Young (G1 Evacuation Pause) 869M->14M(1430M) 1.842ms
[77.986s][info][gc] GC(1091) Pause Young (G1 Evacuation Pause) 869M->13M(1430M) 1.128ms
[78.031s][info][gc] GC(1092) Pause Young (G1 Evacuation Pause) 869M->17M(1430M) 1.259ms
[78.077s][info][gc] GC(1093) Pause Young (G1 Evacuation Pause) 869M->15M(1430M) 1.811ms
[78.120s][info][gc] GC(1094) Pause Young (G1 Evacuation Pause) 869M->15M(1430M) 1.056ms
[78.164s][info][gc] GC(1095) Pause Young (G1 Evacuation Pause) 869M->12M(1430M) 0.956ms
[78.212s][info][gc] GC(1096) Pause Young (G1 Evacuation Pause) 869M->14M(1430M) 1.829ms
[78.254s][info][gc] GC(1097) Pause Young (G1 Evacuation Pause) 869M->14M(1430M) 1.052ms
[78.297s][info][gc] GC(1098) Pause Young (G1 Evacuation Pause) 869M->13M(1430M) 1.025ms
[78.340s][info][gc] GC(1099) Pause Young (G1 Evacuation Pause) 869M->14M(1430M) 1.209ms
[78.385s][info][gc] GC(1100) Pause Young (G1 Evacuation Pause) 869M->15M(1430M) 1.139ms
[78.429s][info][gc] GC(1101) Pause Young (G1 Evacuation Pause) 869M->14M(1430M) 1.490ms
[78.471s][info][gc] GC(1102) Pause Young (G1 Evacuation Pause) 869M->16M(1430M) 1.103ms
[78.518s][info][gc] GC(1103) Pause Young (G1 Evacuation Pause) 869M->14M(1430M) 0.991ms
[78.561s][info][gc] GC(1104) Pause Young (G1 Evacuation Pause) 869M->14M(1430M) 1.650ms
[78.603s][info][gc] GC(1105) Pause Young (G1 Evacuation Pause) 869M->14M(1430M) 1.002ms
[78.651s][info][gc] GC(1106) Pause Young (G1 Evacuation Pause) 869M->14M(1430M) 1.009ms
[78.695s][info][gc] GC(1107) Pause Young (G1 Evacuation Pause) 869M->13M(1430M) 1.211ms
[78.738s][info][gc] GC(1108) Pause Young (G1 Evacuation Pause) 869M->17M(1430M) 1.284ms
[78.782s][info][gc] GC(1109) Pause Young (G1 Evacuation Pause) 869M->15M(1430M) 1.058ms
[78.829s][info][gc] GC(1110) Pause Young (G1 Evacuation Pause) 869M->14M(1430M) 1.135ms
[78.872s][info][gc] GC(1111) Pause Young (G1 Evacuation Pause) 869M->14M(1430M) 1.110ms
[78.914s][info][gc] GC(1112) Pause Young (G1 Evacuation Pause) 869M->14M(1430M) 1.007ms
[78.961s][info][gc] GC(1113) Pause Young (G1 Evacuation Pause) 869M->15M(1430M) 1.224ms
[79.005s][info][gc] GC(1114) Pause Young (G1 Evacuation Pause) 869M->14M(1430M) 1.053ms
[79.048s][info][gc] GC(1115) Pause Young (G1 Evacuation Pause) 869M->14M(1430M) 0.982ms
[79.096s][info][gc] GC(1116) Pause Young (G1 Evacuation Pause) 869M->14M(1430M) 1.559ms
[79.140s][info][gc] GC(1117) Pause Young (G1 Evacuation Pause) 869M->15M(1430M) 1.049ms
[79.183s][info][gc] GC(1118) Pause Young (G1 Evacuation Pause) 869M->14M(1430M) 1.067ms
[79.227s][info][gc] GC(1119) Pause Young (G1 Evacuation Pause) 869M->16M(1430M) 1.899ms
[79.273s][info][gc] GC(1120) Pause Young (G1 Evacuation Pause) 869M->14M(1430M) 1.070ms
[79.317s][info][gc] GC(1121) Pause Young (G1 Evacuation Pause) 869M->14M(1430M) 1.780ms
[79.361s][info][gc] GC(1122) Pause Young (G1 Evacuation Pause) 869M->14M(1430M) 1.741ms
[79.409s][info][gc] GC(1123) Pause Young (G1 Evacuation Pause) 869M->14M(1430M) 1.845ms
[79.451s][info][gc] GC(1124) Pause Young (G1 Evacuation Pause) 869M->14M(1430M) 1.017ms
[79.494s][info][gc] GC(1125) Pause Young (G1 Evacuation Pause) 869M->13M(1430M) 1.167ms
[79.541s][info][gc] GC(1126) Pause Young (G1 Evacuation Pause) 869M->13M(1430M) 1.111ms
[79.586s][info][gc] GC(1127) Pause Young (G1 Evacuation Pause) 869M->15M(1430M) 1.907ms
[79.633s][info][gc] GC(1128) Pause Young (G1 Evacuation Pause) 869M->15M(1430M) 1.168ms
[79.678s][info][gc] GC(1129) Pause Young (G1 Evacuation Pause) 869M->13M(1430M) 1.758ms
[79.725s][info][gc] GC(1130) Pause Young (G1 Evacuation Pause) 869M->13M(1430M) 1.798ms
[79.768s][info][gc] GC(1131) Pause Young (G1 Evacuation Pause) 869M->14M(1430M) 1.063ms
[79.813s][info][gc] GC(1132) Pause Young (G1 Evacuation Pause) 869M->14M(1430M) 1.106ms
[79.859s][info][gc] GC(1133) Pause Young (G1 Evacuation Pause) 869M->13M(1430M) 1.906ms
[79.902s][info][gc] GC(1134) Pause Young (G1 Evacuation Pause) 869M->15M(1430M) 1.092ms
[79.945s][info][gc] GC(1135) Pause Young (G1 Evacuation Pause) 869M->14M(1430M) 1.133ms
[79.994s][info][gc] GC(1136) Pause Young (G1 Evacuation Pause) 869M->15M(1430M) 2.130ms
[80.038s][info][gc] GC(1137) Pause Young (G1 Evacuation Pause) 869M->15M(1430M) 1.051ms
[80.085s][info][gc] GC(1138) Pause Young (G1 Evacuation Pause) 869M->13M(1430M) 1.200ms
[80.130s][info][gc] GC(1139) Pause Young (G1 Evacuation Pause) 869M->14M(1430M) 1.034ms
[80.177s][info][gc] GC(1140) Pause Young (G1 Evacuation Pause) 869M->13M(1430M) 1.168ms
[80.222s][info][gc] GC(1141) Pause Young (G1 Evacuation Pause) 869M->14M(1430M) 1.091ms
[80.268s][info][gc] GC(1142) Pause Young (G1 Evacuation Pause) 869M->13M(1430M) 1.010ms
[80.312s][info][gc] GC(1143) Pause Young (G1 Evacuation Pause) 869M->15M(1430M) 1.877ms
[80.354s][info][gc] GC(1144) Pause Young (G1 Evacuation Pause) 869M->15M(1430M) 1.195ms
[80.402s][info][gc] GC(1145) Pause Young (G1 Evacuation Pause) 869M->14M(1430M) 1.856ms
[80.445s][info][gc] GC(1146) Pause Young (G1 Evacuation Pause) 869M->15M(1430M) 1.146ms
[80.490s][info][gc] GC(1147) Pause Young (G1 Evacuation Pause) 869M->15M(1430M) 1.835ms
[80.535s][info][gc] GC(1148) Pause Young (G1 Evacuation Pause) 869M->14M(1430M) 1.005ms
[80.582s][info][gc] GC(1149) Pause Young (G1 Evacuation Pause) 869M->13M(1430M) 1.074ms
[80.628s][info][gc] GC(1150) Pause Young (G1 Evacuation Pause) 869M->14M(1430M) 2.257ms
[80.680s][info][gc] GC(1151) Pause Young (G1 Evacuation Pause) 869M->15M(1430M) 2.028ms
[80.729s][info][gc] GC(1152) Pause Young (G1 Evacuation Pause) 869M->14M(1430M) 1.084ms
[80.772s][info][gc] GC(1153) Pause Young (G1 Evacuation Pause) 869M->14M(1430M) 1.040ms
[80.816s][info][gc] GC(1154) Pause Young (G1 Evacuation Pause) 869M->14M(1430M) 1.080ms
[80.863s][info][gc] GC(1155) Pause Young (G1 Evacuation Pause) 869M->14M(1430M) 0.990ms
[80.906s][info][gc] GC(1156) Pause Young (G1 Evacuation Pause) 869M->14M(1430M) 1.027ms
[80.950s][info][gc] GC(1157) Pause Young (G1 Evacuation Pause) 869M->14M(1430M) 1.829ms
[81.000s][info][gc] GC(1158) Pause Young (G1 Evacuation Pause) 869M->15M(1430M) 1.190ms
[81.044s][info][gc] GC(1159) Pause Young (G1 Evacuation Pause) 869M->14M(1430M) 1.237ms
[81.093s][info][gc] GC(1160) Pause Young (G1 Evacuation Pause) 869M->14M(1430M) 1.648ms
[81.147s][info][gc] GC(1161) Pause Young (G1 Evacuation Pause) 869M->13M(1430M) 2.234ms
[81.192s][info][gc] GC(1162) Pause Young (G1 Evacuation Pause) 869M->14M(1430M) 1.984ms
[81.236s][info][gc] GC(1163) Pause Young (G1 Evacuation Pause) 869M->14M(1430M) 1.096ms
[81.283s][info][gc] GC(1164) Pause Young (G1 Evacuation Pause) 869M->14M(1430M) 1.137ms
[81.327s][info][gc] GC(1165) Pause Young (G1 Evacuation Pause) 869M->14M(1430M) 2.149ms
[81.371s][info][gc] GC(1166) Pause Young (G1 Evacuation Pause) 869M->14M(1430M) 1.074ms
[81.419s][info][gc] GC(1167) Pause Young (G1 Evacuation Pause) 869M->15M(1430M) 1.133ms
[81.464s][info][gc] GC(1168) Pause Young (G1 Evacuation Pause) 869M->15M(1430M) 1.177ms
[81.512s][info][gc] GC(1169) Pause Young (G1 Evacuation Pause) 869M->14M(1430M) 2.161ms
[81.563s][info][gc] GC(1170) Pause Young (G1 Evacuation Pause) 869M->14M(1430M) 1.243ms
[81.609s][info][gc] GC(1171) Pause Young (G1 Evacuation Pause) 869M->15M(1430M) 1.767ms
[81.656s][info][gc] GC(1172) Pause Young (G1 Evacuation Pause) 869M->15M(1430M) 1.261ms
[81.706s][info][gc] GC(1173) Pause Young (G1 Evacuation Pause) 869M->13M(1430M) 1.997ms
[81.754s][info][gc] GC(1174) Pause Young (G1 Evacuation Pause) 869M->13M(1430M) 1.850ms
[81.801s][info][gc] GC(1175) Pause Young (G1 Evacuation Pause) 869M->15M(1430M) 2.057ms
[81.854s][info][gc] GC(1176) Pause Young (G1 Evacuation Pause) 869M->13M(1430M) 1.951ms
[81.903s][info][gc] GC(1177) Pause Young (G1 Evacuation Pause) 869M->13M(1430M) 1.934ms
[81.953s][info][gc] GC(1178) Pause Young (G1 Evacuation Pause) 869M->14M(1430M) 1.825ms
[82.006s][info][gc] GC(1179) Pause Young (G1 Evacuation Pause) 869M->14M(1430M) 2.025ms
[82.052s][info][gc] GC(1180) Pause Young (G1 Evacuation Pause) 869M->15M(1430M) 1.148ms
[82.104s][info][gc] GC(1181) Pause Young (G1 Evacuation Pause) 869M->16M(1430M) 2.263ms
[82.155s][info][gc] GC(1182) Pause Young (G1 Evacuation Pause) 869M->14M(1430M) 1.241ms
[82.202s][info][gc] GC(1183) Pause Young (G1 Evacuation Pause) 869M->14M(1430M) 1.244ms
[82.251s][info][gc] GC(1184) Pause Young (G1 Evacuation Pause) 869M->15M(1430M) 2.126ms
[82.301s][info][gc] GC(1185) Pause Young (G1 Evacuation Pause) 869M->15M(1430M) 2.448ms
[82.350s][info][gc] GC(1186) Pause Young (G1 Evacuation Pause) 869M->15M(1430M) 1.260ms
[82.398s][info][gc] GC(1187) Pause Young (G1 Evacuation Pause) 869M->15M(1430M) 1.525ms
[82.447s][info][gc] GC(1188) Pause Young (G1 Evacuation Pause) 869M->14M(1430M) 1.250ms
[82.495s][info][gc] GC(1189) Pause Young (G1 Evacuation Pause) 869M->16M(1430M) 1.443ms
[82.542s][info][gc] GC(1190) Pause Young (G1 Evacuation Pause) 869M->13M(1430M) 2.275ms
[82.589s][info][gc] GC(1191) Pause Young (G1 Evacuation Pause) 869M->14M(1430M) 1.994ms
[82.639s][info][gc] GC(1192) Pause Young (G1 Evacuation Pause) 869M->15M(1430M) 1.982ms
[82.688s][info][gc] GC(1193) Pause Young (G1 Evacuation Pause) 869M->14M(1430M) 2.283ms
[82.738s][info][gc] GC(1194) Pause Young (G1 Evacuation Pause) 869M->15M(1430M) 1.517ms
[82.785s][info][gc] GC(1195) Pause Young (G1 Evacuation Pause) 869M->15M(1430M) 1.922ms
[82.834s][info][gc] GC(1196) Pause Young (G1 Evacuation Pause) 869M->15M(1430M) 2.374ms
[82.885s][info][gc] GC(1197) Pause Young (G1 Evacuation Pause) 869M->14M(1430M) 1.899ms
[82.935s][info][gc] GC(1198) Pause Young (G1 Evacuation Pause) 869M->15M(1430M) 1.957ms
[82.983s][info][gc] GC(1199) Pause Young (G1 Evacuation Pause) 869M->14M(1430M) 2.042ms
[83.033s][info][gc] GC(1200) Pause Young (G1 Evacuation Pause) 869M->16M(1430M) 2.170ms
[83.082s][info][gc] GC(1201) Pause Young (G1 Evacuation Pause) 869M->15M(1430M) 1.826ms
[83.131s][info][gc] GC(1202) Pause Young (G1 Evacuation Pause) 869M->15M(1430M) 2.136ms
[83.180s][info][gc] GC(1203) Pause Young (G1 Evacuation Pause) 869M->16M(1430M) 2.239ms
[83.226s][info][gc] GC(1204) Pause Young (G1 Evacuation Pause) 869M->12M(1430M) 1.972ms
[83.270s][info][gc] GC(1205) Pause Young (G1 Evacuation Pause) 869M->15M(1430M) 1.858ms
[83.314s][info][gc] GC(1206) Pause Young (G1 Evacuation Pause) 869M->15M(1430M) 1.433ms
[83.363s][info][gc] GC(1207) Pause Young (G1 Evacuation Pause) 869M->14M(1430M) 2.227ms
[83.410s][info][gc] GC(1208) Pause Young (G1 Evacuation Pause) 869M->15M(1430M) 2.300ms
[83.455s][info][gc] GC(1209) Pause Young (G1 Evacuation Pause) 869M->16M(1430M) 1.897ms
[83.509s][info][gc] GC(1210) Pause Young (G1 Evacuation Pause) 869M->15M(1430M) 2.199ms
[83.554s][info][gc] GC(1211) Pause Young (G1 Evacuation Pause) 869M->15M(1430M) 1.380ms
[83.602s][info][gc] GC(1212) Pause Young (G1 Evacuation Pause) 869M->14M(1430M) 1.244ms
[83.653s][info][gc] GC(1213) Pause Young (G1 Evacuation Pause) 869M->14M(1430M) 1.149ms
[83.700s][info][gc] GC(1214) Pause Young (G1 Evacuation Pause) 869M->15M(1430M) 1.928ms
[83.749s][info][gc] GC(1215) Pause Young (G1 Evacuation Pause) 869M->14M(1430M) 1.767ms
[83.798s][info][gc] GC(1216) Pause Young (G1 Evacuation Pause) 869M->15M(1430M) 2.096ms
[83.843s][info][gc] GC(1217) Pause Young (G1 Evacuation Pause) 869M->15M(1430M) 1.886ms
[83.885s][info][gc] GC(1218) Pause Young (G1 Evacuation Pause) 869M->14M(1430M) 1.730ms
[83.933s][info][gc] GC(1219) Pause Young (G1 Evacuation Pause) 869M->13M(1430M) 1.738ms
[83.978s][info][gc] GC(1220) Pause Young (G1 Evacuation Pause) 869M->13M(1430M) 1.314ms
[84.022s][info][gc] GC(1221) Pause Young (G1 Evacuation Pause) 869M->15M(1430M) 1.841ms
[84.068s][info][gc] GC(1222) Pause Young (G1 Evacuation Pause) 869M->13M(1430M) 1.196ms
[84.117s][info][gc] GC(1223) Pause Young (G1 Evacuation Pause) 869M->15M(1430M) 2.147ms
[84.162s][info][gc] GC(1224) Pause Young (G1 Evacuation Pause) 869M->13M(1430M) 1.764ms
[84.206s][info][gc] GC(1225) Pause Young (G1 Evacuation Pause) 869M->14M(1430M) 1.095ms
[84.254s][info][gc] GC(1226) Pause Young (G1 Evacuation Pause) 869M->15M(1430M) 1.149ms
[84.299s][info][gc] GC(1227) Pause Young (G1 Evacuation Pause) 869M->14M(1430M) 1.605ms
[84.343s][info][gc] GC(1228) Pause Young (G1 Evacuation Pause) 869M->15M(1430M) 1.524ms
[84.389s][info][gc] GC(1229) Pause Young (G1 Evacuation Pause) 869M->15M(1430M) 1.125ms
[84.432s][info][gc] GC(1230) Pause Young (G1 Evacuation Pause) 869M->13M(1430M) 1.002ms
[84.477s][info][gc] GC(1231) Pause Young (G1 Evacuation Pause) 869M->15M(1430M) 1.860ms
[84.522s][info][gc] GC(1232) Pause Young (G1 Evacuation Pause) 869M->15M(1430M) 1.111ms
[84.567s][info][gc] GC(1233) Pause Young (G1 Evacuation Pause) 869M->14M(1430M) 1.178ms
[84.611s][info][gc] GC(1234) Pause Young (G1 Evacuation Pause) 869M->15M(1430M) 1.881ms
[84.657s][info][gc] GC(1235) Pause Young (G1 Evacuation Pause) 869M->14M(1430M) 1.184ms
[84.701s][info][gc] GC(1236) Pause Young (G1 Evacuation Pause) 869M->14M(1430M) 1.089ms
[84.745s][info][gc] GC(1237) Pause Young (G1 Evacuation Pause) 869M->14M(1430M) 1.427ms
[84.788s][info][gc] GC(1238) Pause Young (G1 Evacuation Pause) 869M->15M(1430M) 1.044ms
[84.834s][info][gc] GC(1239) Pause Young (G1 Evacuation Pause) 869M->15M(1430M) 1.125ms
[84.880s][info][gc] GC(1240) Pause Young (G1 Evacuation Pause) 869M->12M(1430M) 1.166ms
[84.925s][info][gc] GC(1241) Pause Young (G1 Evacuation Pause) 869M->15M(1430M) 2.283ms
[84.973s][info][gc] GC(1242) Pause Young (G1 Evacuation Pause) 869M->15M(1430M) 2.448ms
[85.026s][info][gc] GC(1243) Pause Young (G1 Evacuation Pause) 869M->14M(1430M) 2.039ms
[85.072s][info][gc] GC(1244) Pause Young (G1 Evacuation Pause) 869M->14M(1430M) 1.880ms
[85.122s][info][gc] GC(1245) Pause Young (G1 Evacuation Pause) 869M->14M(1430M) 1.826ms
[85.169s][info][gc] GC(1246) Pause Young (G1 Evacuation Pause) 869M->15M(1430M) 2.105ms
[85.214s][info][gc] GC(1247) Pause Young (G1 Evacuation Pause) 869M->14M(1430M) 1.182ms
[85.263s][info][gc] GC(1248) Pause Young (G1 Evacuation Pause) 869M->14M(1430M) 2.088ms
[85.309s][info][gc] GC(1249) Pause Young (G1 Evacuation Pause) 869M->14M(1430M) 1.992ms
[85.357s][info][gc] GC(1250) Pause Young (G1 Evacuation Pause) 869M->15M(1430M) 1.911ms
[85.406s][info][gc] GC(1251) Pause Young (G1 Evacuation Pause) 869M->15M(1430M) 1.228ms
[85.452s][info][gc] GC(1252) Pause Young (G1 Evacuation Pause) 869M->15M(1430M) 1.146ms
[85.498s][info][gc] GC(1253) Pause Young (G1 Evacuation Pause) 869M->13M(1430M) 1.839ms
[85.547s][info][gc] GC(1254) Pause Young (G1 Evacuation Pause) 869M->15M(1430M) 2.053ms
[85.592s][info][gc] GC(1255) Pause Young (G1 Evacuation Pause) 869M->13M(1430M) 1.759ms
[85.636s][info][gc] GC(1256) Pause Young (G1 Evacuation Pause) 869M->14M(1430M) 1.099ms
[85.681s][info][gc] GC(1257) Pause Young (G1 Evacuation Pause) 869M->14M(1430M) 1.783ms
[85.728s][info][gc] GC(1258) Pause Young (G1 Evacuation Pause) 869M->14M(1430M) 1.175ms
[85.771s][info][gc] GC(1259) Pause Young (G1 Evacuation Pause) 869M->14M(1430M) 1.102ms
[85.814s][info][gc] GC(1260) Pause Young (G1 Evacuation Pause) 869M->14M(1430M) 1.040ms
[85.861s][info][gc] GC(1261) Pause Young (G1 Evacuation Pause) 869M->15M(1430M) 1.750ms
[85.903s][info][gc] GC(1262) Pause Young (G1 Evacuation Pause) 869M->15M(1430M) 1.181ms
[85.946s][info][gc] GC(1263) Pause Young (G1 Evacuation Pause) 869M->14M(1430M) 1.074ms
[85.990s][info][gc] GC(1264) Pause Young (G1 Evacuation Pause) 869M->15M(1430M) 1.225ms
[86.035s][info][gc] GC(1265) Pause Young (G1 Evacuation Pause) 869M->14M(1430M) 1.038ms
[86.078s][info][gc] GC(1266) Pause Young (G1 Evacuation Pause) 869M->14M(1430M) 1.404ms
[86.124s][info][gc] GC(1267) Pause Young (G1 Evacuation Pause) 869M->12M(1430M) 1.800ms
[86.168s][info][gc] GC(1268) Pause Young (G1 Evacuation Pause) 869M->14M(1430M) 1.168ms
[86.214s][info][gc] GC(1269) Pause Young (G1 Evacuation Pause) 869M->15M(1430M) 1.108ms
[86.260s][info][gc] GC(1270) Pause Young (G1 Evacuation Pause) 869M->17M(1430M) 2.284ms
[86.305s][info][gc] GC(1271) Pause Young (G1 Evacuation Pause) 869M->14M(1430M) 1.862ms
[86.350s][info][gc] GC(1272) Pause Young (G1 Evacuation Pause) 869M->14M(1430M) 1.092ms
[86.393s][info][gc] GC(1273) Pause Young (G1 Evacuation Pause) 869M->14M(1430M) 1.212ms
[86.439s][info][gc] GC(1274) Pause Young (G1 Evacuation Pause) 869M->15M(1430M) 1.227ms
[86.484s][info][gc] GC(1275) Pause Young (G1 Evacuation Pause) 869M->16M(1430M) 1.999ms
[86.528s][info][gc] GC(1276) Pause Young (G1 Evacuation Pause) 869M->14M(1430M) 1.096ms
[86.575s][info][gc] GC(1277) Pause Young (G1 Evacuation Pause) 869M->14M(1430M) 2.373ms
[86.618s][info][gc] GC(1278) Pause Young (G1 Evacuation Pause) 869M->15M(1430M) 1.103ms
[86.661s][info][gc] GC(1279) Pause Young (G1 Evacuation Pause) 869M->15M(1430M) 1.198ms
[86.708s][info][gc] GC(1280) Pause Young (G1 Evacuation Pause) 869M->14M(1430M) 1.172ms
[86.751s][info][gc] GC(1281) Pause Young (G1 Evacuation Pause) 869M->15M(1430M) 1.144ms
[86.795s][info][gc] GC(1282) Pause Young (G1 Evacuation Pause) 869M->14M(1430M) 1.339ms
[86.839s][info][gc] GC(1283) Pause Young (G1 Evacuation Pause) 869M->15M(1430M) 1.200ms
[86.884s][info][gc] GC(1284) Pause Young (G1 Evacuation Pause) 869M->15M(1430M) 1.140ms
[86.928s][info][gc] GC(1285) Pause Young (G1 Evacuation Pause) 869M->14M(1430M) 1.933ms
[86.971s][info][gc] GC(1286) Pause Young (G1 Evacuation Pause) 869M->14M(1430M) 2.025ms
[87.020s][info][gc] GC(1287) Pause Young (G1 Evacuation Pause) 869M->13M(1430M) 2.125ms
[87.063s][info][gc] GC(1288) Pause Young (G1 Evacuation Pause) 869M->15M(1430M) 1.110ms
[87.108s][info][gc] GC(1289) Pause Young (G1 Evacuation Pause) 869M->14M(1430M) 1.988ms
[87.154s][info][gc] GC(1290) Pause Young (G1 Evacuation Pause) 869M->14M(1430M) 1.248ms
[87.199s][info][gc] GC(1291) Pause Young (G1 Evacuation Pause) 869M->14M(1430M) 1.039ms
[87.243s][info][gc] GC(1292) Pause Young (G1 Evacuation Pause) 869M->14M(1430M) 1.701ms
[87.286s][info][gc] GC(1293) Pause Young (G1 Evacuation Pause) 869M->14M(1430M) 1.049ms
[87.332s][info][gc] GC(1294) Pause Young (G1 Evacuation Pause) 869M->14M(1430M) 1.037ms
[87.376s][info][gc] GC(1295) Pause Young (G1 Evacuation Pause) 869M->13M(1430M) 1.195ms
[87.419s][info][gc] GC(1296) Pause Young (G1 Evacuation Pause) 869M->14M(1430M) 1.077ms
[87.465s][info][gc] GC(1297) Pause Young (G1 Evacuation Pause) 869M->14M(1430M) 1.300ms
[87.509s][info][gc] GC(1298) Pause Young (G1 Evacuation Pause) 869M->15M(1430M) 1.292ms
[87.551s][info][gc] GC(1299) Pause Young (G1 Evacuation Pause) 869M->15M(1430M) 1.121ms
[87.595s][info][gc] GC(1300) Pause Young (G1 Evacuation Pause) 869M->15M(1430M) 1.453ms
[87.642s][info][gc] GC(1301) Pause Young (G1 Evacuation Pause) 869M->14M(1430M) 1.910ms
[87.686s][info][gc] GC(1302) Pause Young (G1 Evacuation Pause) 869M->14M(1430M) 1.088ms
[87.729s][info][gc] GC(1303) Pause Young (G1 Evacuation Pause) 869M->13M(1430M) 1.009ms
[87.777s][info][gc] GC(1304) Pause Young (G1 Evacuation Pause) 869M->14M(1430M) 1.748ms
[87.820s][info][gc] GC(1305) Pause Young (G1 Evacuation Pause) 869M->15M(1430M) 1.072ms
[87.863s][info][gc] GC(1306) Pause Young (G1 Evacuation Pause) 869M->14M(1430M) 1.053ms
[87.910s][info][gc] GC(1307) Pause Young (G1 Evacuation Pause) 869M->14M(1430M) 1.127ms
[87.952s][info][gc] GC(1308) Pause Young (G1 Evacuation Pause) 869M->15M(1430M) 1.120ms
[87.996s][info][gc] GC(1309) Pause Young (G1 Evacuation Pause) 869M->14M(1430M) 1.134ms
[88.041s][info][gc] GC(1310) Pause Young (G1 Evacuation Pause) 869M->14M(1430M) 2.180ms
[88.087s][info][gc] GC(1311) Pause Young (G1 Evacuation Pause) 869M->15M(1430M) 1.986ms
[88.132s][info][gc] GC(1312) Pause Young (G1 Evacuation Pause) 869M->15M(1430M) 2.049ms
[88.175s][info][gc] GC(1313) Pause Young (G1 Evacuation Pause) 869M->14M(1430M) 1.889ms
[88.223s][info][gc] GC(1314) Pause Young (G1 Evacuation Pause) 869M->12M(1430M) 1.712ms
[88.268s][info][gc] GC(1315) Pause Young (G1 Evacuation Pause) 869M->14M(1430M) 1.054ms
[88.311s][info][gc] GC(1316) Pause Young (G1 Evacuation Pause) 869M->14M(1430M) 1.754ms
[88.356s][info][gc] GC(1317) Pause Young (G1 Evacuation Pause) 869M->13M(1430M) 0.998ms
[88.400s][info][gc] GC(1318) Pause Young (G1 Evacuation Pause) 869M->15M(1430M) 1.088ms
[88.443s][info][gc] GC(1319) Pause Young (G1 Evacuation Pause) 869M->16M(1430M) 1.697ms
[88.490s][info][gc] GC(1320) Pause Young (G1 Evacuation Pause) 869M->15M(1430M) 1.950ms
[88.533s][info][gc] GC(1321) Pause Young (G1 Evacuation Pause) 869M->15M(1430M) 1.108ms
[88.577s][info][gc] GC(1322) Pause Young (G1 Evacuation Pause) 869M->15M(1430M) 1.820ms
[88.620s][info][gc] GC(1323) Pause Young (G1 Evacuation Pause) 869M->15M(1430M) 1.058ms
[88.667s][info][gc] GC(1324) Pause Young (G1 Evacuation Pause) 869M->14M(1430M) 1.770ms
[88.712s][info][gc] GC(1325) Pause Young (G1 Evacuation Pause) 869M->15M(1430M) 1.186ms
[88.755s][info][gc] GC(1326) Pause Young (G1 Evacuation Pause) 869M->14M(1430M) 1.121ms
[88.802s][info][gc] GC(1327) Pause Young (G1 Evacuation Pause) 869M->14M(1430M) 1.120ms
[88.846s][info][gc] GC(1328) Pause Young (G1 Evacuation Pause) 869M->14M(1430M) 1.137ms
[88.889s][info][gc] GC(1329) Pause Young (G1 Evacuation Pause) 869M->14M(1430M) 1.280ms
[88.933s][info][gc] GC(1330) Pause Young (G1 Evacuation Pause) 869M->14M(1430M) 1.140ms
[88.980s][info][gc] GC(1331) Pause Young (G1 Evacuation Pause) 869M->13M(1430M) 1.052ms
[89.023s][info][gc] GC(1332) Pause Young (G1 Evacuation Pause) 869M->15M(1430M) 1.056ms
[89.068s][info][gc] GC(1333) Pause Young (G1 Evacuation Pause) 869M->13M(1430M) 1.903ms
[89.116s][info][gc] GC(1334) Pause Young (G1 Evacuation Pause) 869M->14M(1430M) 1.170ms
[89.162s][info][gc] GC(1335) Pause Young (G1 Evacuation Pause) 869M->15M(1430M) 2.107ms
[89.205s][info][gc] GC(1336) Pause Young (G1 Evacuation Pause) 869M->15M(1430M) 1.109ms
[89.255s][info][gc] GC(1337) Pause Young (G1 Evacuation Pause) 869M->14M(1430M) 2.312ms
[89.298s][info][gc] GC(1338) Pause Young (G1 Evacuation Pause) 869M->14M(1430M) 1.072ms
[89.343s][info][gc] GC(1339) Pause Young (G1 Evacuation Pause) 869M->15M(1430M) 1.481ms
[89.389s][info][gc] GC(1340) Pause Young (G1 Evacuation Pause) 869M->15M(1430M) 1.203ms
[89.433s][info][gc] GC(1341) Pause Young (G1 Evacuation Pause) 869M->14M(1430M) 1.028ms
[89.477s][info][gc] GC(1342) Pause Young (G1 Evacuation Pause) 869M->15M(1430M) 1.860ms
[89.522s][info][gc] GC(1343) Pause Young (G1 Evacuation Pause) 869M->14M(1430M) 1.229ms
[89.568s][info][gc] GC(1344) Pause Young (G1 Evacuation Pause) 869M->15M(1430M) 1.119ms
[89.612s][info][gc] GC(1345) Pause Young (G1 Evacuation Pause) 869M->15M(1430M) 1.116ms
[89.655s][info][gc] GC(1346) Pause Young (G1 Evacuation Pause) 869M->13M(1430M) 1.012ms
[89.701s][info][gc] GC(1347) Pause Young (G1 Evacuation Pause) 869M->14M(1430M) 1.025ms
[89.745s][info][gc] GC(1348) Pause Young (G1 Evacuation Pause) 869M->15M(1430M) 1.244ms
[89.788s][info][gc] GC(1349) Pause Young (G1 Evacuation Pause) 869M->13M(1430M) 1.044ms
[89.836s][info][gc] GC(1350) Pause Young (G1 Evacuation Pause) 869M->14M(1430M) 1.862ms
[89.880s][info][gc] GC(1351) Pause Young (G1 Evacuation Pause) 869M->14M(1430M) 1.061ms
[89.923s][info][gc] GC(1352) Pause Young (G1 Evacuation Pause) 869M->14M(1430M) 1.097ms
[89.967s][info][gc] GC(1353) Pause Young (G1 Evacuation Pause) 869M->15M(1430M) 1.244ms
[90.014s][info][gc] GC(1354) Pause Young (G1 Evacuation Pause) 869M->14M(1430M) 1.808ms
[90.058s][info][gc] GC(1355) Pause Young (G1 Evacuation Pause) 869M->14M(1430M) 1.862ms
[90.103s][info][gc] GC(1356) Pause Young (G1 Evacuation Pause) 869M->14M(1430M) 1.344ms
[90.150s][info][gc] GC(1357) Pause Young (G1 Evacuation Pause) 869M->14M(1430M) 1.100ms
[90.195s][info][gc] GC(1358) Pause Young (G1 Evacuation Pause) 869M->13M(1430M) 1.865ms
[90.239s][info][gc] GC(1359) Pause Young (G1 Evacuation Pause) 869M->15M(1430M) 1.087ms
[90.287s][info][gc] GC(1360) Pause Young (G1 Evacuation Pause) 869M->14M(1430M) 1.117ms
[90.332s][info][gc] GC(1361) Pause Young (G1 Evacuation Pause) 869M->15M(1430M) 2.105ms
[90.376s][info][gc] GC(1362) Pause Young (G1 Evacuation Pause) 869M->14M(1430M) 1.960ms
[90.423s][info][gc] GC(1363) Pause Young (G1 Evacuation Pause) 869M->14M(1430M) 1.112ms
[90.468s][info][gc] GC(1364) Pause Young (G1 Evacuation Pause) 869M->14M(1430M) 1.367ms
[90.519s][info][gc] GC(1365) Pause Young (G1 Evacuation Pause) 869M->15M(1430M) 2.165ms
[90.569s][info][gc] GC(1366) Pause Young (G1 Evacuation Pause) 869M->14M(1430M) 2.148ms
[90.616s][info][gc] GC(1367) Pause Young (G1 Evacuation Pause) 869M->14M(1430M) 2.577ms
[90.662s][info][gc] GC(1368) Pause Young (G1 Evacuation Pause) 869M->15M(1430M) 2.289ms
[90.711s][info][gc] GC(1369) Pause Young (G1 Evacuation Pause) 869M->16M(1430M) 2.728ms
[90.760s][info][gc] GC(1370) Pause Young (G1 Evacuation Pause) 869M->15M(1430M) 2.695ms
[90.811s][info][gc] GC(1371) Pause Young (G1 Evacuation Pause) 869M->15M(1430M) 3.002ms
[90.871s][info][gc] GC(1372) Pause Young (G1 Evacuation Pause) 869M->14M(1537M) 3.375ms
[90.955s][info][gc] GC(1373) Pause Young (G1 Evacuation Pause) 933M->14M(1537M) 1.156ms
[91.005s][info][gc] GC(1374) Pause Young (G1 Evacuation Pause) 933M->14M(1537M) 1.968ms
[91.054s][info][gc] GC(1375) Pause Young (G1 Evacuation Pause) 933M->15M(1537M) 1.151ms
[91.101s][info][gc] GC(1376) Pause Young (G1 Evacuation Pause) 933M->14M(1537M) 1.119ms
[91.151s][info][gc] GC(1377) Pause Young (G1 Evacuation Pause) 933M->14M(1537M) 1.232ms
[91.198s][info][gc] GC(1378) Pause Young (G1 Evacuation Pause) 933M->14M(1537M) 1.197ms
[91.245s][info][gc] GC(1379) Pause Young (G1 Evacuation Pause) 933M->16M(1537M) 1.472ms
[91.295s][info][gc] GC(1380) Pause Young (G1 Evacuation Pause) 933M->15M(1537M) 1.369ms
[91.342s][info][gc] GC(1381) Pause Young (G1 Evacuation Pause) 933M->14M(1537M) 1.842ms
[91.388s][info][gc] GC(1382) Pause Young (G1 Evacuation Pause) 933M->15M(1537M) 1.140ms
[91.435s][info][gc] GC(1383) Pause Young (G1 Evacuation Pause) 933M->14M(1537M) 1.031ms
[91.486s][info][gc] GC(1384) Pause Young (G1 Evacuation Pause) 933M->13M(1537M) 1.904ms
[91.533s][info][gc] GC(1385) Pause Young (G1 Evacuation Pause) 933M->13M(1537M) 1.156ms
[91.584s][info][gc] GC(1386) Pause Young (G1 Evacuation Pause) 933M->14M(1537M) 1.122ms
[91.630s][info][gc] GC(1387) Pause Young (G1 Evacuation Pause) 933M->12M(1537M) 1.027ms
[91.677s][info][gc] GC(1388) Pause Young (G1 Evacuation Pause) 933M->15M(1537M) 1.290ms
[91.723s][info][gc] GC(1389) Pause Young (G1 Evacuation Pause) 933M->15M(1537M) 1.441ms
[91.773s][info][gc] GC(1390) Pause Young (G1 Evacuation Pause) 933M->14M(1537M) 1.309ms
[91.820s][info][gc] GC(1391) Pause Young (G1 Evacuation Pause) 933M->14M(1537M) 1.991ms
[91.870s][info][gc] GC(1392) Pause Young (G1 Evacuation Pause) 933M->13M(1537M) 1.186ms
[91.919s][info][gc] GC(1393) Pause Young (G1 Evacuation Pause) 933M->14M(1537M) 1.886ms
[91.966s][info][gc] GC(1394) Pause Young (G1 Evacuation Pause) 933M->13M(1537M) 1.114ms
[92.014s][info][gc] GC(1395) Pause Young (G1 Evacuation Pause) 933M->14M(1537M) 1.126ms
[92.066s][info][gc] GC(1396) Pause Young (G1 Evacuation Pause) 933M->15M(1537M) 1.171ms
[92.115s][info][gc] GC(1397) Pause Young (G1 Evacuation Pause) 933M->14M(1537M) 1.078ms
[92.162s][info][gc] GC(1398) Pause Young (G1 Evacuation Pause) 933M->15M(1537M) 1.369ms
[92.212s][info][gc] GC(1399) Pause Young (G1 Evacuation Pause) 933M->15M(1537M) 1.208ms
[92.259s][info][gc] GC(1400) Pause Young (G1 Evacuation Pause) 933M->15M(1537M) 1.789ms
[92.306s][info][gc] GC(1401) Pause Young (G1 Evacuation Pause) 933M->13M(1537M) 1.639ms
[92.358s][info][gc] GC(1402) Pause Young (G1 Evacuation Pause) 933M->14M(1537M) 1.948ms
[92.405s][info][gc] GC(1403) Pause Young (G1 Evacuation Pause) 933M->16M(1537M) 1.890ms
[92.453s][info][gc] GC(1404) Pause Young (G1 Evacuation Pause) 933M->14M(1537M) 1.783ms
[92.505s][info][gc] GC(1405) Pause Young (G1 Evacuation Pause) 933M->14M(1537M) 1.939ms
[92.554s][info][gc] GC(1406) Pause Young (G1 Evacuation Pause) 933M->13M(1537M) 1.823ms
[92.602s][info][gc] GC(1407) Pause Young (G1 Evacuation Pause) 933M->14M(1537M) 1.308ms
[92.652s][info][gc] GC(1408) Pause Young (G1 Evacuation Pause) 933M->15M(1537M) 1.203ms
[92.700s][info][gc] GC(1409) Pause Young (G1 Evacuation Pause) 933M->14M(1537M) 1.129ms
[92.747s][info][gc] GC(1410) Pause Young (G1 Evacuation Pause) 933M->14M(1537M) 1.114ms
[92.797s][info][gc] GC(1411) Pause Young (G1 Evacuation Pause) 933M->15M(1537M) 1.191ms
[92.844s][info][gc] GC(1412) Pause Young (G1 Evacuation Pause) 933M->15M(1537M) 1.996ms
[92.892s][info][gc] GC(1413) Pause Young (G1 Evacuation Pause) 933M->14M(1537M) 2.005ms
[92.942s][info][gc] GC(1414) Pause Young (G1 Evacuation Pause) 933M->14M(1537M) 1.909ms
[92.989s][info][gc] GC(1415) Pause Young (G1 Evacuation Pause) 933M->15M(1537M) 1.152ms
[93.038s][info][gc] GC(1416) Pause Young (G1 Evacuation Pause) 933M->15M(1537M) 1.252ms
[93.087s][info][gc] GC(1417) Pause Young (G1 Evacuation Pause) 933M->15M(1537M) 1.920ms
[93.135s][info][gc] GC(1418) Pause Young (G1 Evacuation Pause) 933M->14M(1537M) 1.160ms
[93.185s][info][gc] GC(1419) Pause Young (G1 Evacuation Pause) 933M->14M(1537M) 1.089ms
[93.232s][info][gc] GC(1420) Pause Young (G1 Evacuation Pause) 933M->15M(1537M) 1.127ms
[93.279s][info][gc] GC(1421) Pause Young (G1 Evacuation Pause) 933M->15M(1537M) 1.451ms
[93.331s][info][gc] GC(1422) Pause Young (G1 Evacuation Pause) 933M->14M(1537M) 1.880ms
[93.377s][info][gc] GC(1423) Pause Young (G1 Evacuation Pause) 933M->14M(1537M) 1.373ms
[93.424s][info][gc] GC(1424) Pause Young (G1 Evacuation Pause) 933M->15M(1537M) 1.205ms
[93.473s][info][gc] GC(1425) Pause Young (G1 Evacuation Pause) 933M->15M(1537M) 1.227ms
[93.520s][info][gc] GC(1426) Pause Young (G1 Evacuation Pause) 933M->13M(1537M) 1.133ms
[93.568s][info][gc] GC(1427) Pause Young (G1 Evacuation Pause) 933M->14M(1537M) 2.011ms
[93.620s][info][gc] GC(1428) Pause Young (G1 Evacuation Pause) 933M->13M(1537M) 1.540ms
[93.668s][info][gc] GC(1429) Pause Young (G1 Evacuation Pause) 933M->14M(1537M) 1.138ms
[93.716s][info][gc] GC(1430) Pause Young (G1 Evacuation Pause) 933M->14M(1537M) 1.073ms
[93.768s][info][gc] GC(1431) Pause Young (G1 Evacuation Pause) 933M->15M(1537M) 2.176ms
[93.817s][info][gc] GC(1432) Pause Young (G1 Evacuation Pause) 933M->15M(1537M) 2.125ms
[93.865s][info][gc] GC(1433) Pause Young (G1 Evacuation Pause) 933M->14M(1537M) 1.189ms
[93.915s][info][gc] GC(1434) Pause Young (G1 Evacuation Pause) 933M->15M(1537M) 1.142ms
[93.962s][info][gc] GC(1435) Pause Young (G1 Evacuation Pause) 933M->14M(1537M) 1.273ms
[94.010s][info][gc] GC(1436) Pause Young (G1 Evacuation Pause) 933M->15M(1537M) 1.991ms
[94.062s][info][gc] GC(1437) Pause Young (G1 Evacuation Pause) 933M->14M(1537M) 2.319ms
[94.110s][info][gc] GC(1438) Pause Young (G1 Evacuation Pause) 933M->16M(1537M) 1.394ms
[94.156s][info][gc] GC(1439) Pause Young (G1 Evacuation Pause) 933M->14M(1537M) 1.099ms
[94.208s][info][gc] GC(1440) Pause Young (G1 Evacuation Pause) 933M->14M(1537M) 1.854ms
[94.254s][info][gc] GC(1441) Pause Young (G1 Evacuation Pause) 933M->14M(1537M) 1.089ms
[94.300s][info][gc] GC(1442) Pause Young (G1 Evacuation Pause) 933M->16M(1537M) 1.181ms
[94.349s][info][gc] GC(1443) Pause Young (G1 Evacuation Pause) 933M->14M(1537M) 1.216ms
[94.396s][info][gc] GC(1444) Pause Young (G1 Evacuation Pause) 933M->13M(1537M) 1.034ms
[94.442s][info][gc] GC(1445) Pause Young (G1 Evacuation Pause) 933M->15M(1537M) 1.260ms
[94.494s][info][gc] GC(1446) Pause Young (G1 Evacuation Pause) 933M->15M(1537M) 1.244ms
[94.542s][info][gc] GC(1447) Pause Young (G1 Evacuation Pause) 933M->14M(1537M) 1.727ms
[94.592s][info][gc] GC(1448) Pause Young (G1 Evacuation Pause) 933M->13M(1537M) 1.853ms
[94.643s][info][gc] GC(1449) Pause Young (G1 Evacuation Pause) 933M->15M(1537M) 1.983ms
[94.689s][info][gc] GC(1450) Pause Young (G1 Evacuation Pause) 933M->13M(1537M) 1.078ms
[94.736s][info][gc] GC(1451) Pause Young (G1 Evacuation Pause) 933M->15M(1537M) 1.124ms
[94.786s][info][gc] GC(1452) Pause Young (G1 Evacuation Pause) 933M->12M(1537M) 1.129ms
[94.832s][info][gc] GC(1453) Pause Young (G1 Evacuation Pause) 933M->14M(1537M) 1.126ms
[94.880s][info][gc] GC(1454) Pause Young (G1 Evacuation Pause) 933M->15M(1537M) 1.173ms
[94.930s][info][gc] GC(1455) Pause Young (G1 Evacuation Pause) 933M->13M(1537M) 1.233ms
[94.983s][info][gc] GC(1456) Pause Young (G1 Evacuation Pause) 933M->14M(1537M) 1.210ms
[95.038s][info][gc] GC(1457) Pause Young (G1 Evacuation Pause) 933M->14M(1537M) 1.239ms
[95.092s][info][gc] GC(1458) Pause Young (G1 Evacuation Pause) 933M->14M(1537M) 2.033ms
[95.143s][info][gc] GC(1459) Pause Young (G1 Evacuation Pause) 933M->14M(1537M) 1.850ms
[95.189s][info][gc] GC(1460) Pause Young (G1 Evacuation Pause) 933M->15M(1537M) 1.162ms
[95.240s][info][gc] GC(1461) Pause Young (G1 Evacuation Pause) 933M->16M(1537M) 1.261ms
[95.287s][info][gc] GC(1462) Pause Young (G1 Evacuation Pause) 933M->15M(1537M) 1.217ms
[95.335s][info][gc] GC(1463) Pause Young (G1 Evacuation Pause) 933M->15M(1537M) 1.307ms
[95.386s][info][gc] GC(1464) Pause Young (G1 Evacuation Pause) 933M->15M(1537M) 1.118ms
[95.432s][info][gc] GC(1465) Pause Young (G1 Evacuation Pause) 933M->14M(1537M) 1.285ms
[95.478s][info][gc] GC(1466) Pause Young (G1 Evacuation Pause) 933M->14M(1537M) 1.172ms
[95.528s][info][gc] GC(1467) Pause Young (G1 Evacuation Pause) 933M->14M(1537M) 1.104ms
[95.573s][info][gc] GC(1468) Pause Young (G1 Evacuation Pause) 933M->14M(1537M) 1.095ms
[95.620s][info][gc] GC(1469) Pause Young (G1 Evacuation Pause) 933M->15M(1537M) 1.123ms
[95.670s][info][gc] GC(1470) Pause Young (G1 Evacuation Pause) 933M->14M(1537M) 1.273ms
[95.718s][info][gc] GC(1471) Pause Young (G1 Evacuation Pause) 933M->14M(1537M) 1.071ms
[95.769s][info][gc] GC(1472) Pause Young (G1 Evacuation Pause) 933M->14M(1537M) 1.091ms
[95.819s][info][gc] GC(1473) Pause Young (G1 Evacuation Pause) 933M->14M(1537M) 1.200ms
[95.866s][info][gc] GC(1474) Pause Young (G1 Evacuation Pause) 933M->13M(1537M) 1.054ms
[95.912s][info][gc] GC(1475) Pause Young (G1 Evacuation Pause) 933M->14M(1537M) 1.090ms
[95.962s][info][gc] GC(1476) Pause Young (G1 Evacuation Pause) 933M->14M(1537M) 1.297ms
[96.009s][info][gc] GC(1477) Pause Young (G1 Evacuation Pause) 933M->14M(1537M) 1.738ms
[96.055s][info][gc] GC(1478) Pause Young (G1 Evacuation Pause) 933M->15M(1537M) 1.635ms
[96.109s][info][gc] GC(1479) Pause Young (G1 Evacuation Pause) 933M->14M(1537M) 2.590ms
[96.163s][info][gc] GC(1480) Pause Young (G1 Evacuation Pause) 933M->15M(1537M) 1.824ms
[96.211s][info][gc] GC(1481) Pause Young (G1 Evacuation Pause) 933M->15M(1537M) 1.910ms
[96.261s][info][gc] GC(1482) Pause Young (G1 Evacuation Pause) 933M->14M(1537M) 1.388ms
[96.308s][info][gc] GC(1483) Pause Young (G1 Evacuation Pause) 933M->14M(1537M) 2.007ms
[96.355s][info][gc] GC(1484) Pause Young (G1 Evacuation Pause) 933M->15M(1537M) 1.086ms
[96.405s][info][gc] GC(1485) Pause Young (G1 Evacuation Pause) 933M->15M(1537M) 1.156ms
[96.453s][info][gc] GC(1486) Pause Young (G1 Evacuation Pause) 933M->13M(1537M) 1.917ms
[96.503s][info][gc] GC(1487) Pause Young (G1 Evacuation Pause) 933M->15M(1537M) 1.401ms
[96.554s][info][gc] GC(1488) Pause Young (G1 Evacuation Pause) 933M->15M(1537M) 1.176ms
[96.606s][info][gc] GC(1489) Pause Young (G1 Evacuation Pause) 933M->14M(1537M) 1.252ms
[96.654s][info][gc] GC(1490) Pause Young (G1 Evacuation Pause) 933M->14M(1537M) 1.806ms
[96.709s][info][gc] GC(1491) Pause Young (G1 Evacuation Pause) 933M->15M(1537M) 2.439ms
[96.759s][info][gc] GC(1492) Pause Young (G1 Evacuation Pause) 933M->13M(1537M) 1.987ms
[96.806s][info][gc] GC(1493) Pause Young (G1 Evacuation Pause) 933M->14M(1537M) 1.125ms
[96.856s][info][gc] GC(1494) Pause Young (G1 Evacuation Pause) 933M->14M(1537M) 1.159ms
[96.904s][info][gc] GC(1495) Pause Young (G1 Evacuation Pause) 933M->13M(1537M) 1.061ms
[96.952s][info][gc] GC(1496) Pause Young (G1 Evacuation Pause) 933M->14M(1537M) 1.148ms
[97.003s][info][gc] GC(1497) Pause Young (G1 Evacuation Pause) 933M->14M(1537M) 1.185ms
[97.054s][info][gc] GC(1498) Pause Young (G1 Evacuation Pause) 933M->14M(1537M) 1.279ms
[97.103s][info][gc] GC(1499) Pause Young (G1 Evacuation Pause) 933M->14M(1537M) 1.961ms
[97.154s][info][gc] GC(1500) Pause Young (G1 Evacuation Pause) 933M->14M(1537M) 1.122ms
[97.201s][info][gc] GC(1501) Pause Young (G1 Evacuation Pause) 933M->13M(1537M) 1.483ms
[97.248s][info][gc] GC(1502) Pause Young (G1 Evacuation Pause) 933M->15M(1537M) 1.294ms
[97.299s][info][gc] GC(1503) Pause Young (G1 Evacuation Pause) 933M->12M(1537M) 1.047ms
[97.345s][info][gc] GC(1504) Pause Young (G1 Evacuation Pause) 933M->15M(1537M) 1.180ms
[97.393s][info][gc] GC(1505) Pause Young (G1 Evacuation Pause) 933M->15M(1537M) 1.465ms
[97.444s][info][gc] GC(1506) Pause Young (G1 Evacuation Pause) 933M->14M(1537M) 1.994ms
[97.492s][info][gc] GC(1507) Pause Young (G1 Evacuation Pause) 933M->15M(1537M) 1.719ms
[97.541s][info][gc] GC(1508) Pause Young (G1 Evacuation Pause) 933M->14M(1537M) 2.271ms
[97.593s][info][gc] GC(1509) Pause Young (G1 Evacuation Pause) 933M->14M(1537M) 2.031ms
[97.641s][info][gc] GC(1510) Pause Young (G1 Evacuation Pause) 933M->14M(1537M) 2.047ms
[97.688s][info][gc] GC(1511) Pause Young (G1 Evacuation Pause) 933M->13M(1537M) 1.877ms
[97.738s][info][gc] GC(1512) Pause Young (G1 Evacuation Pause) 933M->15M(1537M) 1.193ms
[97.786s][info][gc] GC(1513) Pause Young (G1 Evacuation Pause) 933M->14M(1537M) 1.987ms
[97.833s][info][gc] GC(1514) Pause Young (G1 Evacuation Pause) 933M->14M(1537M) 1.097ms
[97.882s][info][gc] GC(1515) Pause Young (G1 Evacuation Pause) 933M->15M(1537M) 1.150ms
[97.930s][info][gc] GC(1516) Pause Young (G1 Evacuation Pause) 933M->15M(1537M) 1.334ms
[97.977s][info][gc] GC(1517) Pause Young (G1 Evacuation Pause) 933M->14M(1537M) 1.736ms
[98.029s][info][gc] GC(1518) Pause Young (G1 Evacuation Pause) 933M->14M(1537M) 2.103ms
[98.077s][info][gc] GC(1519) Pause Young (G1 Evacuation Pause) 933M->15M(1537M) 2.022ms
[98.124s][info][gc] GC(1520) Pause Young (G1 Evacuation Pause) 933M->15M(1537M) 2.070ms
[98.176s][info][gc] GC(1521) Pause Young (G1 Evacuation Pause) 933M->15M(1537M) 2.161ms
[98.224s][info][gc] GC(1522) Pause Young (G1 Evacuation Pause) 933M->15M(1537M) 1.994ms
[98.270s][info][gc] GC(1523) Pause Young (G1 Evacuation Pause) 933M->13M(1537M) 1.055ms
[98.317s][info][gc] GC(1524) Pause Young (G1 Evacuation Pause) 933M->14M(1537M) 1.269ms
[98.368s][info][gc] GC(1525) Pause Young (G1 Evacuation Pause) 933M->14M(1537M) 1.114ms
[98.415s][info][gc] GC(1526) Pause Young (G1 Evacuation Pause) 933M->15M(1537M) 1.163ms
[98.462s][info][gc] GC(1527) Pause Young (G1 Evacuation Pause) 933M->16M(1537M) 1.673ms
[98.510s][info][gc] GC(1528) Pause Young (G1 Evacuation Pause) 933M->14M(1537M) 1.269ms
[98.557s][info][gc] GC(1529) Pause Young (G1 Evacuation Pause) 933M->15M(1537M) 2.123ms
[98.606s][info][gc] GC(1530) Pause Young (G1 Evacuation Pause) 933M->15M(1537M) 2.181ms
[98.658s][info][gc] GC(1531) Pause Young (G1 Evacuation Pause) 933M->14M(1537M) 2.049ms
[98.712s][info][gc] GC(1532) Pause Young (G1 Evacuation Pause) 933M->14M(1537M) 3.294ms
[98.770s][info][gc] GC(1533) Pause Young (G1 Evacuation Pause) 933M->14M(1537M) 1.370ms
[98.821s][info][gc] GC(1534) Pause Young (G1 Evacuation Pause) 933M->15M(1537M) 1.967ms
[98.875s][info][gc] GC(1535) Pause Young (G1 Evacuation Pause) 933M->14M(1537M) 2.239ms
[98.935s][info][gc] GC(1536) Pause Young (G1 Evacuation Pause) 933M->15M(1537M) 2.182ms
[98.988s][info][gc] GC(1537) Pause Young (G1 Evacuation Pause) 933M->14M(1537M) 2.149ms
[99.044s][info][gc] GC(1538) Pause Young (G1 Evacuation Pause) 933M->14M(1537M) 2.385ms
[99.100s][info][gc] GC(1539) Pause Young (G1 Evacuation Pause) 933M->14M(1537M) 1.550ms
[99.152s][info][gc] GC(1540) Pause Young (G1 Evacuation Pause) 933M->14M(1537M) 1.252ms
[99.206s][info][gc] GC(1541) Pause Young (G1 Evacuation Pause) 933M->13M(1537M) 1.907ms
[99.261s][info][gc] GC(1542) Pause Young (G1 Evacuation Pause) 933M->13M(1537M) 2.364ms
[99.311s][info][gc] GC(1543) Pause Young (G1 Evacuation Pause) 933M->15M(1537M) 1.260ms
[99.365s][info][gc] GC(1544) Pause Young (G1 Evacuation Pause) 933M->14M(1537M) 1.830ms
[99.418s][info][gc] GC(1545) Pause Young (G1 Evacuation Pause) 933M->14M(1537M) 1.901ms
[99.469s][info][gc] GC(1546) Pause Young (G1 Evacuation Pause) 933M->15M(1537M) 1.247ms
[99.527s][info][gc] GC(1547) Pause Young (G1 Evacuation Pause) 933M->14M(1537M) 2.072ms
[99.580s][info][gc] GC(1548) Pause Young (G1 Evacuation Pause) 933M->14M(1537M) 1.244ms
[99.632s][info][gc] GC(1549) Pause Young (G1 Evacuation Pause) 933M->14M(1537M) 1.274ms
[99.687s][info][gc] GC(1550) Pause Young (G1 Evacuation Pause) 933M->14M(1537M) 1.195ms
[99.738s][info][gc] GC(1551) Pause Young (G1 Evacuation Pause) 933M->14M(1537M) 1.957ms
[99.789s][info][gc] GC(1552) Pause Young (G1 Evacuation Pause) 933M->12M(1537M) 2.109ms
[99.844s][info][gc] GC(1553) Pause Young (G1 Evacuation Pause) 933M->15M(1537M) 1.798ms
[99.896s][info][gc] GC(1554) Pause Young (G1 Evacuation Pause) 933M->15M(1537M) 1.724ms
[99.947s][info][gc] GC(1555) Pause Young (G1 Evacuation Pause) 933M->14M(1537M) 2.148ms
[100.001s][info][gc] GC(1556) Pause Young (G1 Evacuation Pause) 933M->14M(1537M) 2.156ms
[100.053s][info][gc] GC(1557) Pause Young (G1 Evacuation Pause) 933M->15M(1537M) 1.983ms
[100.107s][info][gc] GC(1558) Pause Young (G1 Evacuation Pause) 933M->14M(1537M) 2.381ms
[100.162s][info][gc] GC(1559) Pause Young (G1 Evacuation Pause) 933M->13M(1537M) 2.260ms
[100.215s][info][gc] GC(1560) Pause Young (G1 Evacuation Pause) 933M->14M(1537M) 2.086ms
[100.268s][info][gc] GC(1561) Pause Young (G1 Evacuation Pause) 933M->15M(1537M) 1.333ms
[100.320s][info][gc] GC(1562) Pause Young (G1 Evacuation Pause) 933M->14M(1537M) 1.107ms
[100.373s][info][gc] GC(1563) Pause Young (G1 Evacuation Pause) 933M->14M(1537M) 1.120ms
[100.428s][info][gc] GC(1564) Pause Young (G1 Evacuation Pause) 933M->15M(1537M) 2.288ms
[100.480s][info][gc] GC(1565) Pause Young (G1 Evacuation Pause) 933M->13M(1537M) 2.131ms
[100.530s][info][gc] GC(1566) Pause Young (G1 Evacuation Pause) 933M->15M(1537M) 1.194ms
[100.587s][info][gc] GC(1567) Pause Young (G1 Evacuation Pause) 933M->14M(1537M) 1.258ms
[100.636s][info][gc] GC(1568) Pause Young (G1 Evacuation Pause) 933M->14M(1537M) 1.917ms
[100.687s][info][gc] GC(1569) Pause Young (G1 Evacuation Pause) 933M->14M(1537M) 2.313ms
[100.743s][info][gc] GC(1570) Pause Young (G1 Evacuation Pause) 933M->16M(1537M) 2.461ms
[100.795s][info][gc] GC(1571) Pause Young (G1 Evacuation Pause) 933M->14M(1537M) 2.265ms
[100.846s][info][gc] GC(1572) Pause Young (G1 Evacuation Pause) 933M->14M(1537M) 2.196ms
[100.902s][info][gc] GC(1573) Pause Young (G1 Evacuation Pause) 933M->14M(1537M) 2.199ms
[100.953s][info][gc] GC(1574) Pause Young (G1 Evacuation Pause) 933M->15M(1537M) 2.046ms
[101.009s][info][gc] GC(1575) Pause Young (G1 Evacuation Pause) 933M->14M(1537M) 1.654ms
[101.062s][info][gc] GC(1576) Pause Young (G1 Evacuation Pause) 933M->13M(1537M) 2.077ms
[101.113s][info][gc] GC(1577) Pause Young (G1 Evacuation Pause) 933M->14M(1537M) 1.360ms
[101.170s][info][gc] GC(1578) Pause Young (G1 Evacuation Pause) 933M->14M(1537M) 1.155ms
[101.221s][info][gc] GC(1579) Pause Young (G1 Evacuation Pause) 933M->14M(1537M) 2.161ms
[101.274s][info][gc] GC(1580) Pause Young (G1 Evacuation Pause) 933M->14M(1537M) 2.125ms
[101.332s][info][gc] GC(1581) Pause Young (G1 Evacuation Pause) 933M->16M(1537M) 2.015ms
[101.386s][info][gc] GC(1582) Pause Young (G1 Evacuation Pause) 933M->14M(1537M) 2.137ms
[101.440s][info][gc] GC(1583) Pause Young (G1 Evacuation Pause) 933M->15M(1537M) 2.367ms
[101.497s][info][gc] GC(1584) Pause Young (G1 Evacuation Pause) 933M->15M(1537M) 2.259ms
[101.554s][info][gc] GC(1585) Pause Young (G1 Evacuation Pause) 933M->15M(1537M) 2.263ms
[101.607s][info][gc] GC(1586) Pause Young (G1 Evacuation Pause) 933M->15M(1537M) 2.118ms
[101.664s][info][gc] GC(1587) Pause Young (G1 Evacuation Pause) 933M->13M(1537M) 1.914ms
[101.717s][info][gc] GC(1588) Pause Young (G1 Evacuation Pause) 933M->14M(1537M) 2.036ms
[101.773s][info][gc] GC(1589) Pause Young (G1 Evacuation Pause) 933M->14M(1537M) 1.223ms
[101.829s][info][gc] GC(1590) Pause Young (G1 Evacuation Pause) 933M->14M(1537M) 2.670ms
[101.883s][info][gc] GC(1591) Pause Young (G1 Evacuation Pause) 933M->14M(1537M) 2.110ms
[101.941s][info][gc] GC(1592) Pause Young (G1 Evacuation Pause) 933M->14M(1537M) 2.278ms
[101.994s][info][gc] GC(1593) Pause Young (G1 Evacuation Pause) 933M->15M(1537M) 1.737ms
[102.051s][info][gc] GC(1594) Pause Young (G1 Evacuation Pause) 933M->14M(1537M) 1.774ms
[102.114s][info][gc] GC(1595) Pause Young (G1 Evacuation Pause) 933M->15M(1537M) 3.220ms
[102.176s][info][gc] GC(1596) Pause Young (G1 Evacuation Pause) 933M->14M(1537M) 2.545ms
[102.233s][info][gc] GC(1597) Pause Young (G1 Evacuation Pause) 933M->14M(1537M) 2.325ms
[102.291s][info][gc] GC(1598) Pause Young (G1 Evacuation Pause) 933M->15M(1537M) 2.748ms
[102.342s][info][gc] GC(1599) Pause Young (G1 Evacuation Pause) 933M->13M(1537M) 1.368ms
[102.396s][info][gc] GC(1600) Pause Young (G1 Evacuation Pause) 933M->15M(1537M) 1.418ms
[102.446s][info][gc] GC(1601) Pause Young (G1 Evacuation Pause) 933M->12M(1537M) 1.082ms
[102.499s][info][gc] GC(1602) Pause Young (G1 Evacuation Pause) 933M->14M(1537M) 2.359ms
[102.553s][info][gc] GC(1603) Pause Young (G1 Evacuation Pause) 933M->15M(1537M) 1.214ms
[102.607s][info][gc] GC(1604) Pause Young (G1 Evacuation Pause) 933M->15M(1537M) 1.223ms
[102.659s][info][gc] GC(1605) Pause Young (G1 Evacuation Pause) 933M->14M(1537M) 2.290ms
[102.712s][info][gc] GC(1606) Pause Young (G1 Evacuation Pause) 933M->14M(1537M) 1.592ms
[102.764s][info][gc] GC(1607) Pause Young (G1 Evacuation Pause) 933M->15M(1537M) 1.287ms
[102.816s][info][gc] GC(1608) Pause Young (G1 Evacuation Pause) 933M->15M(1537M) 2.336ms
[102.871s][info][gc] GC(1609) Pause Young (G1 Evacuation Pause) 933M->15M(1537M) 2.067ms
[102.924s][info][gc] GC(1610) Pause Young (G1 Evacuation Pause) 933M->13M(1537M) 2.024ms
[102.976s][info][gc] GC(1611) Pause Young (G1 Evacuation Pause) 933M->14M(1537M) 2.088ms
[103.031s][info][gc] GC(1612) Pause Young (G1 Evacuation Pause) 933M->14M(1537M) 2.179ms
[103.084s][info][gc] GC(1613) Pause Young (G1 Evacuation Pause) 933M->12M(1537M) 1.163ms
[103.136s][info][gc] GC(1614) Pause Young (G1 Evacuation Pause) 933M->14M(1537M) 1.111ms
[103.190s][info][gc] GC(1615) Pause Young (G1 Evacuation Pause) 933M->13M(1537M) 1.968ms
[103.243s][info][gc] GC(1616) Pause Young (G1 Evacuation Pause) 933M->13M(1537M) 2.340ms
[103.295s][info][gc] GC(1617) Pause Young (G1 Evacuation Pause) 933M->15M(1537M) 2.534ms
[103.350s][info][gc] GC(1618) Pause Young (G1 Evacuation Pause) 933M->14M(1537M) 1.492ms
[103.401s][info][gc] GC(1619) Pause Young (G1 Evacuation Pause) 933M->14M(1537M) 1.897ms
[103.454s][info][gc] GC(1620) Pause Young (G1 Evacuation Pause) 933M->15M(1537M) 2.754ms
[103.510s][info][gc] GC(1621) Pause Young (G1 Evacuation Pause) 933M->14M(1537M) 2.069ms
[103.563s][info][gc] GC(1622) Pause Young (G1 Evacuation Pause) 933M->16M(1537M) 2.098ms
[103.617s][info][gc] GC(1623) Pause Young (G1 Evacuation Pause) 933M->14M(1537M) 1.979ms
[103.668s][info][gc] GC(1624) Pause Young (G1 Evacuation Pause) 933M->15M(1537M) 2.253ms
[103.720s][info][gc] GC(1625) Pause Young (G1 Evacuation Pause) 933M->14M(1537M) 1.292ms
[103.778s][info][gc] GC(1626) Pause Young (G1 Evacuation Pause) 933M->14M(1537M) 2.174ms
[103.832s][info][gc] GC(1627) Pause Young (G1 Evacuation Pause) 933M->13M(1537M) 2.116ms
[103.884s][info][gc] GC(1628) Pause Young (G1 Evacuation Pause) 933M->14M(1537M) 2.133ms
[103.939s][info][gc] GC(1629) Pause Young (G1 Evacuation Pause) 933M->15M(1537M) 1.147ms
[103.991s][info][gc] GC(1630) Pause Young (G1 Evacuation Pause) 933M->14M(1537M) 2.045ms
[104.044s][info][gc] GC(1631) Pause Young (G1 Evacuation Pause) 933M->13M(1537M) 2.128ms
[104.100s][info][gc] GC(1632) Pause Young (G1 Evacuation Pause) 933M->15M(1537M) 2.312ms
[104.153s][info][gc] GC(1633) Pause Young (G1 Evacuation Pause) 933M->14M(1537M) 1.124ms
[104.210s][info][gc] GC(1634) Pause Young (G1 Evacuation Pause) 933M->13M(1537M) 2.320ms
[104.271s][info][gc] GC(1635) Pause Young (G1 Evacuation Pause) 933M->15M(1537M) 2.248ms
[104.321s][info][gc] GC(1636) Pause Young (G1 Evacuation Pause) 933M->15M(1537M) 1.271ms
[104.377s][info][gc] GC(1637) Pause Young (G1 Evacuation Pause) 933M->15M(1537M) 2.577ms
[104.432s][info][gc] GC(1638) Pause Young (G1 Evacuation Pause) 933M->14M(1537M) 1.889ms
[104.487s][info][gc] GC(1639) Pause Young (G1 Evacuation Pause) 933M->15M(1537M) 2.549ms
[104.542s][info][gc] GC(1640) Pause Young (G1 Evacuation Pause) 933M->15M(1537M) 1.456ms
[104.597s][info][gc] GC(1641) Pause Young (G1 Evacuation Pause) 933M->14M(1537M) 1.480ms
[104.648s][info][gc] GC(1642) Pause Young (G1 Evacuation Pause) 933M->13M(1537M) 1.829ms
[104.702s][info][gc] GC(1643) Pause Young (G1 Evacuation Pause) 933M->14M(1537M) 2.231ms
[104.753s][info][gc] GC(1644) Pause Young (G1 Evacuation Pause) 933M->14M(1537M) 1.132ms
[104.807s][info][gc] GC(1645) Pause Young (G1 Evacuation Pause) 933M->13M(1537M) 1.112ms
[104.859s][info][gc] GC(1646) Pause Young (G1 Evacuation Pause) 933M->15M(1537M) 2.458ms
[104.912s][info][gc] GC(1647) Pause Young (G1 Evacuation Pause) 933M->13M(1537M) 2.145ms
[104.968s][info][gc] GC(1648) Pause Young (G1 Evacuation Pause) 933M->14M(1537M) 2.388ms
[105.024s][info][gc] GC(1649) Pause Young (G1 Evacuation Pause) 933M->15M(1537M) 2.344ms
[105.081s][info][gc] GC(1650) Pause Young (G1 Evacuation Pause) 933M->15M(1537M) 2.748ms
[105.140s][info][gc] GC(1651) Pause Young (G1 Evacuation Pause) 933M->14M(1537M) 1.983ms
[105.205s][info][gc] GC(1652) Pause Young (G1 Evacuation Pause) 933M->15M(1537M) 2.189ms
[105.275s][info][gc] GC(1653) Pause Young (G1 Evacuation Pause) 933M->14M(1537M) 2.200ms
[105.329s][info][gc] GC(1654) Pause Young (G1 Evacuation Pause) 933M->15M(1537M) 1.922ms
[105.381s][info][gc] GC(1655) Pause Young (G1 Evacuation Pause) 933M->15M(1537M) 1.566ms
[105.434s][info][gc] GC(1656) Pause Young (G1 Evacuation Pause) 933M->14M(1537M) 1.153ms
[105.484s][info][gc] GC(1657) Pause Young (G1 Evacuation Pause) 933M->15M(1537M) 1.996ms
[105.536s][info][gc] GC(1658) Pause Young (G1 Evacuation Pause) 933M->14M(1537M) 1.823ms
[105.589s][info][gc] GC(1659) Pause Young (G1 Evacuation Pause) 933M->15M(1537M) 2.046ms
[105.647s][info][gc] GC(1660) Pause Young (G1 Evacuation Pause) 933M->14M(1537M) 2.329ms
[105.704s][info][gc] GC(1661) Pause Young (G1 Evacuation Pause) 933M->15M(1537M) 2.314ms
[105.761s][info][gc] GC(1662) Pause Young (G1 Evacuation Pause) 933M->15M(1537M) 2.701ms
[105.811s][info][gc] GC(1663) Pause Young (G1 Evacuation Pause) 933M->15M(1537M) 1.483ms
[105.866s][info][gc] GC(1664) Pause Young (G1 Evacuation Pause) 933M->14M(1537M) 1.221ms
[105.917s][info][gc] GC(1665) Pause Young (G1 Evacuation Pause) 933M->14M(1537M) 1.823ms
[105.969s][info][gc] GC(1666) Pause Young (G1 Evacuation Pause) 933M->15M(1537M) 1.182ms
[106.025s][info][gc] GC(1667) Pause Young (G1 Evacuation Pause) 933M->15M(1537M) 2.238ms
[106.080s][info][gc] GC(1668) Pause Young (G1 Evacuation Pause) 933M->15M(1537M) 1.536ms
[106.134s][info][gc] GC(1669) Pause Young (G1 Evacuation Pause) 933M->15M(1537M) 2.284ms
[106.186s][info][gc] GC(1670) Pause Young (G1 Evacuation Pause) 933M->14M(1537M) 2.276ms
[106.238s][info][gc] GC(1671) Pause Young (G1 Evacuation Pause) 933M->13M(1537M) 1.920ms
[106.292s][info][gc] GC(1672) Pause Young (G1 Evacuation Pause) 933M->15M(1537M) 2.360ms
[106.347s][info][gc] GC(1673) Pause Young (G1 Evacuation Pause) 933M->15M(1537M) 2.458ms
[106.402s][info][gc] GC(1674) Pause Young (G1 Evacuation Pause) 933M->15M(1537M) 2.280ms
[106.459s][info][gc] GC(1675) Pause Young (G1 Evacuation Pause) 933M->15M(1537M) 2.555ms
[106.510s][info][gc] GC(1676) Pause Young (G1 Evacuation Pause) 933M->15M(1537M) 2.306ms
[106.564s][info][gc] GC(1677) Pause Young (G1 Evacuation Pause) 933M->15M(1537M) 1.526ms
[106.616s][info][gc] GC(1678) Pause Young (G1 Evacuation Pause) 933M->15M(1537M) 1.926ms
[106.666s][info][gc] GC(1679) Pause Young (G1 Evacuation Pause) 933M->14M(1537M) 2.172ms
[106.721s][info][gc] GC(1680) Pause Young (G1 Evacuation Pause) 933M->15M(1537M) 1.192ms
[106.775s][info][gc] GC(1681) Pause Young (G1 Evacuation Pause) 933M->15M(1537M) 2.165ms
[106.830s][info][gc] GC(1682) Pause Young (G1 Evacuation Pause) 933M->16M(1537M) 2.255ms
[106.880s][info][gc] GC(1683) Pause Young (G1 Evacuation Pause) 933M->14M(1537M) 1.107ms
[106.934s][info][gc] GC(1684) Pause Young (G1 Evacuation Pause) 933M->15M(1537M) 1.991ms
[106.989s][info][gc] GC(1685) Pause Young (G1 Evacuation Pause) 933M->13M(1537M) 2.251ms
[107.047s][info][gc] GC(1686) Pause Young (G1 Evacuation Pause) 933M->14M(1537M) 2.098ms
[107.098s][info][gc] GC(1687) Pause Young (G1 Evacuation Pause) 933M->15M(1537M) 1.190ms
[107.154s][info][gc] GC(1688) Pause Young (G1 Evacuation Pause) 933M->14M(1537M) 1.117ms
[107.204s][info][gc] GC(1689) Pause Young (G1 Evacuation Pause) 933M->14M(1537M) 1.988ms
[107.255s][info][gc] GC(1690) Pause Young (G1 Evacuation Pause) 933M->14M(1537M) 2.154ms
[107.311s][info][gc] GC(1691) Pause Young (G1 Evacuation Pause) 933M->15M(1537M) 2.455ms
[107.365s][info][gc] GC(1692) Pause Young (G1 Evacuation Pause) 933M->14M(1537M) 3.372ms
[107.420s][info][gc] GC(1693) Pause Young (G1 Evacuation Pause) 933M->14M(1537M) 2.301ms
[107.475s][info][gc] GC(1694) Pause Young (G1 Evacuation Pause) 933M->13M(1537M) 1.790ms
[107.528s][info][gc] GC(1695) Pause Young (G1 Evacuation Pause) 933M->14M(1537M) 1.420ms
[107.584s][info][gc] GC(1696) Pause Young (G1 Evacuation Pause) 933M->15M(1537M) 1.307ms
[107.634s][info][gc] GC(1697) Pause Young (G1 Evacuation Pause) 933M->15M(1537M) 1.969ms
[107.685s][info][gc] GC(1698) Pause Young (G1 Evacuation Pause) 933M->14M(1537M) 1.149ms
[107.740s][info][gc] GC(1699) Pause Young (G1 Evacuation Pause) 933M->14M(1537M) 1.126ms
[107.789s][info][gc] GC(1700) Pause Young (G1 Evacuation Pause) 933M->15M(1537M) 2.105ms
[107.842s][info][gc] GC(1701) Pause Young (G1 Evacuation Pause) 933M->15M(1537M) 2.581ms
[107.897s][info][gc] GC(1702) Pause Young (G1 Evacuation Pause) 933M->14M(1537M) 1.517ms
[107.952s][info][gc] GC(1703) Pause Young (G1 Evacuation Pause) 933M->14M(1537M) 1.710ms
[108.008s][info][gc] GC(1704) Pause Young (G1 Evacuation Pause) 933M->14M(1537M) 2.191ms
[108.063s][info][gc] GC(1705) Pause Young (G1 Evacuation Pause) 933M->14M(1537M) 2.938ms
[108.118s][info][gc] GC(1706) Pause Young (G1 Evacuation Pause) 933M->15M(1537M) 2.309ms
[108.175s][info][gc] GC(1707) Pause Young (G1 Evacuation Pause) 933M->15M(1537M) 2.370ms
[108.229s][info][gc] GC(1708) Pause Young (G1 Evacuation Pause) 933M->14M(1537M) 2.305ms
[108.286s][info][gc] GC(1709) Pause Young (G1 Evacuation Pause) 933M->15M(1537M) 2.154ms
[108.341s][info][gc] GC(1710) Pause Young (G1 Evacuation Pause) 933M->14M(1537M) 2.243ms
[108.399s][info][gc] GC(1711) Pause Young (G1 Evacuation Pause) 933M->15M(1537M) 2.642ms
[108.461s][info][gc] GC(1712) Pause Young (G1 Evacuation Pause) 933M->14M(1537M) 2.744ms
[108.517s][info][gc] GC(1713) Pause Young (G1 Evacuation Pause) 933M->14M(1537M) 1.974ms
[108.578s][info][gc] GC(1714) Pause Young (G1 Evacuation Pause) 933M->15M(1537M) 2.231ms
[108.642s][info][gc] GC(1715) Pause Young (G1 Evacuation Pause) 933M->15M(1537M) 1.910ms
[108.698s][info][gc] GC(1716) Pause Young (G1 Evacuation Pause) 933M->13M(1537M) 2.190ms
[108.757s][info][gc] GC(1717) Pause Young (G1 Evacuation Pause) 933M->14M(1537M) 2.580ms
[108.811s][info][gc] GC(1718) Pause Young (G1 Evacuation Pause) 933M->14M(1537M) 1.378ms
[108.870s][info][gc] GC(1719) Pause Young (G1 Evacuation Pause) 933M->15M(1537M) 2.227ms
[108.930s][info][gc] GC(1720) Pause Young (G1 Evacuation Pause) 933M->15M(1537M) 2.133ms
[108.989s][info][gc] GC(1721) Pause Young (G1 Evacuation Pause) 933M->15M(1537M) 2.287ms
[109.069s][info][gc] GC(1722) Pause Young (G1 Evacuation Pause) 933M->14M(1537M) 2.212ms
[109.140s][info][gc] GC(1723) Pause Young (G1 Evacuation Pause) 933M->15M(1537M) 2.368ms
[109.218s][info][gc] GC(1724) Pause Young (G1 Evacuation Pause) 933M->14M(1537M) 1.149ms
[109.272s][info][gc] GC(1725) Pause Young (G1 Evacuation Pause) 933M->15M(1537M) 2.190ms
[109.325s][info][gc] GC(1726) Pause Young (G1 Evacuation Pause) 933M->14M(1537M) 2.099ms
[109.383s][info][gc] GC(1727) Pause Young (G1 Evacuation Pause) 933M->15M(1537M) 2.177ms
[109.434s][info][gc] GC(1728) Pause Young (G1 Evacuation Pause) 933M->14M(1537M) 1.142ms
[109.490s][info][gc] GC(1729) Pause Young (G1 Evacuation Pause) 933M->14M(1537M) 1.983ms
[109.540s][info][gc] GC(1730) Pause Young (G1 Evacuation Pause) 933M->15M(1537M) 2.314ms
[109.589s][info][gc] GC(1731) Pause Young (G1 Evacuation Pause) 933M->14M(1537M) 1.238ms
[109.645s][info][gc] GC(1732) Pause Young (G1 Evacuation Pause) 933M->16M(1537M) 1.523ms
[109.697s][info][gc] GC(1733) Pause Young (G1 Evacuation Pause) 933M->15M(1537M) 1.870ms
[109.751s][info][gc] GC(1734) Pause Young (G1 Evacuation Pause) 933M->13M(1537M) 2.045ms
[109.805s][info][gc] GC(1735) Pause Young (G1 Evacuation Pause) 933M->14M(1537M) 1.282ms
[109.857s][info][gc] GC(1736) Pause Young (G1 Evacuation Pause) 933M->14M(1537M) 1.152ms
[109.909s][info][gc] GC(1737) Pause Young (G1 Evacuation Pause) 933M->14M(1537M) 1.936ms
[109.964s][info][gc] GC(1738) Pause Young (G1 Evacuation Pause) 933M->15M(1537M) 2.166ms
[110.015s][info][gc] GC(1739) Pause Young (G1 Evacuation Pause) 933M->15M(1537M) 2.261ms
[110.069s][info][gc] GC(1740) Pause Young (G1 Evacuation Pause) 933M->13M(1537M) 1.154ms
[110.124s][info][gc] GC(1741) Pause Young (G1 Evacuation Pause) 933M->14M(1537M) 2.040ms
[110.175s][info][gc] GC(1742) Pause Young (G1 Evacuation Pause) 933M->13M(1537M) 2.123ms
[110.227s][info][gc] GC(1743) Pause Young (G1 Evacuation Pause) 933M->15M(1537M) 2.285ms
[110.281s][info][gc] GC(1744) Pause Young (G1 Evacuation Pause) 933M->15M(1537M) 1.243ms
[110.331s][info][gc] GC(1745) Pause Young (G1 Evacuation Pause) 933M->14M(1537M) 1.879ms
[110.387s][info][gc] GC(1746) Pause Young (G1 Evacuation Pause) 933M->14M(1537M) 2.196ms
[110.438s][info][gc] GC(1747) Pause Young (G1 Evacuation Pause) 933M->15M(1537M) 1.266ms
[110.491s][info][gc] GC(1748) Pause Young (G1 Evacuation Pause) 933M->15M(1537M) 2.098ms
[110.546s][info][gc] GC(1749) Pause Young (G1 Evacuation Pause) 933M->14M(1537M) 2.024ms
[110.596s][info][gc] GC(1750) Pause Young (G1 Evacuation Pause) 933M->14M(1537M) 1.260ms
[110.648s][info][gc] GC(1751) Pause Young (G1 Evacuation Pause) 933M->15M(1537M) 1.413ms
[110.704s][info][gc] GC(1752) Pause Young (G1 Evacuation Pause) 933M->13M(1537M) 1.095ms
[110.755s][info][gc] GC(1753) Pause Young (G1 Evacuation Pause) 933M->15M(1537M) 2.012ms
[110.806s][info][gc] GC(1754) Pause Young (G1 Evacuation Pause) 933M->15M(1537M) 2.239ms
[110.861s][info][gc] GC(1755) Pause Young (G1 Evacuation Pause) 933M->13M(1537M) 2.199ms
[110.914s][info][gc] GC(1756) Pause Young (G1 Evacuation Pause) 933M->16M(1537M) 1.228ms
[110.965s][info][gc] GC(1757) Pause Young (G1 Evacuation Pause) 933M->13M(1537M) 2.127ms
[111.020s][info][gc] GC(1758) Pause Young (G1 Evacuation Pause) 933M->13M(1537M) 1.969ms
[111.072s][info][gc] GC(1759) Pause Young (G1 Evacuation Pause) 933M->14M(1537M) 1.681ms
[111.126s][info][gc] GC(1760) Pause Young (G1 Evacuation Pause) 933M->14M(1537M) 2.313ms
[111.180s][info][gc] GC(1761) Pause Young (G1 Evacuation Pause) 933M->16M(1537M) 2.293ms
[111.233s][info][gc] GC(1762) Pause Young (G1 Evacuation Pause) 933M->15M(1537M) 2.030ms
[111.288s][info][gc] GC(1763) Pause Young (G1 Evacuation Pause) 933M->14M(1537M) 2.217ms
[111.339s][info][gc] GC(1764) Pause Young (G1 Evacuation Pause) 933M->13M(1537M) 1.121ms
[111.393s][info][gc] GC(1765) Pause Young (G1 Evacuation Pause) 933M->14M(1537M) 1.663ms
[111.447s][info][gc] GC(1766) Pause Young (G1 Evacuation Pause) 933M->15M(1537M) 1.947ms
[111.501s][info][gc] GC(1767) Pause Young (G1 Evacuation Pause) 933M->15M(1537M) 1.993ms
[111.555s][info][gc] GC(1768) Pause Young (G1 Evacuation Pause) 933M->15M(1537M) 2.276ms
[111.608s][info][gc] GC(1769) Pause Young (G1 Evacuation Pause) 933M->15M(1537M) 2.237ms
[111.661s][info][gc] GC(1770) Pause Young (G1 Evacuation Pause) 933M->14M(1537M) 1.743ms
[111.715s][info][gc] GC(1771) Pause Young (G1 Evacuation Pause) 933M->14M(1537M) 1.984ms
[111.767s][info][gc] GC(1772) Pause Young (G1 Evacuation Pause) 933M->14M(1537M) 2.137ms
[111.819s][info][gc] GC(1773) Pause Young (G1 Evacuation Pause) 933M->13M(1537M) 1.289ms
[111.873s][info][gc] GC(1774) Pause Young (G1 Evacuation Pause) 933M->13M(1537M) 1.070ms
[111.924s][info][gc] GC(1775) Pause Young (G1 Evacuation Pause) 933M->14M(1537M) 2.117ms
[111.975s][info][gc] GC(1776) Pause Young (G1 Evacuation Pause) 933M->13M(1537M) 2.091ms
[112.030s][info][gc] GC(1777) Pause Young (G1 Evacuation Pause) 933M->15M(1537M) 1.348ms
[112.081s][info][gc] GC(1778) Pause Young (G1 Evacuation Pause) 933M->14M(1537M) 2.196ms
[112.139s][info][gc] GC(1779) Pause Young (G1 Evacuation Pause) 933M->14M(1537M) 2.163ms
[112.192s][info][gc] GC(1780) Pause Young (G1 Evacuation Pause) 933M->14M(1537M) 2.477ms
[112.243s][info][gc] GC(1781) Pause Young (G1 Evacuation Pause) 933M->14M(1537M) 1.906ms
[112.299s][info][gc] GC(1782) Pause Young (G1 Evacuation Pause) 933M->14M(1537M) 1.266ms
[112.350s][info][gc] GC(1783) Pause Young (G1 Evacuation Pause) 933M->14M(1537M) 1.880ms
[112.401s][info][gc] GC(1784) Pause Young (G1 Evacuation Pause) 933M->14M(1537M) 2.225ms
[112.456s][info][gc] GC(1785) Pause Young (G1 Evacuation Pause) 933M->14M(1537M) 1.148ms
[112.509s][info][gc] GC(1786) Pause Young (G1 Evacuation Pause) 933M->14M(1537M) 1.605ms
[112.560s][info][gc] GC(1787) Pause Young (G1 Evacuation Pause) 933M->14M(1537M) 2.790ms
[112.615s][info][gc] GC(1788) Pause Young (G1 Evacuation Pause) 933M->14M(1537M) 1.140ms
[112.670s][info][gc] GC(1789) Pause Young (G1 Evacuation Pause) 933M->15M(1537M) 1.255ms
[112.721s][info][gc] GC(1790) Pause Young (G1 Evacuation Pause) 933M->14M(1537M) 2.019ms
[112.776s][info][gc] GC(1791) Pause Young (G1 Evacuation Pause) 933M->13M(1537M) 2.484ms
[112.827s][info][gc] GC(1792) Pause Young (G1 Evacuation Pause) 933M->14M(1537M) 2.032ms
[112.881s][info][gc] GC(1793) Pause Young (G1 Evacuation Pause) 933M->15M(1537M) 1.311ms
[112.933s][info][gc] GC(1794) Pause Young (G1 Evacuation Pause) 933M->14M(1537M) 2.127ms
[112.986s][info][gc] GC(1795) Pause Young (G1 Evacuation Pause) 933M->15M(1537M) 2.340ms
[113.039s][info][gc] GC(1796) Pause Young (G1 Evacuation Pause) 933M->15M(1537M) 1.171ms
[113.095s][info][gc] GC(1797) Pause Young (G1 Evacuation Pause) 933M->15M(1537M) 2.602ms
[113.148s][info][gc] GC(1798) Pause Young (G1 Evacuation Pause) 933M->16M(1537M) 2.049ms
[113.202s][info][gc] GC(1799) Pause Young (G1 Evacuation Pause) 933M->13M(1537M) 1.972ms
[113.254s][info][gc] GC(1800) Pause Young (G1 Evacuation Pause) 933M->15M(1537M) 1.411ms
[113.308s][info][gc] GC(1801) Pause Young (G1 Evacuation Pause) 933M->15M(1537M) 2.272ms
[113.360s][info][gc] GC(1802) Pause Young (G1 Evacuation Pause) 933M->14M(1537M) 2.156ms
[113.410s][info][gc] GC(1803) Pause Young (G1 Evacuation Pause) 933M->14M(1537M) 2.065ms
[113.466s][info][gc] GC(1804) Pause Young (G1 Evacuation Pause) 933M->13M(1537M) 1.257ms
[113.517s][info][gc] GC(1805) Pause Young (G1 Evacuation Pause) 933M->14M(1537M) 1.979ms
[113.571s][info][gc] GC(1806) Pause Young (G1 Evacuation Pause) 933M->13M(1537M) 2.139ms
[113.626s][info][gc] GC(1807) Pause Young (G1 Evacuation Pause) 933M->15M(1537M) 1.863ms
[113.678s][info][gc] GC(1808) Pause Young (G1 Evacuation Pause) 933M->15M(1537M) 2.353ms
[113.729s][info][gc] GC(1809) Pause Young (G1 Evacuation Pause) 933M->14M(1537M) 1.974ms
[113.783s][info][gc] GC(1810) Pause Young (G1 Evacuation Pause) 933M->13M(1537M) 2.187ms
[113.834s][info][gc] GC(1811) Pause Young (G1 Evacuation Pause) 933M->15M(1537M) 1.188ms
[113.886s][info][gc] GC(1812) Pause Young (G1 Evacuation Pause) 933M->15M(1537M) 1.840ms
[113.942s][info][gc] GC(1813) Pause Young (G1 Evacuation Pause) 933M->14M(1537M) 2.140ms
[113.993s][info][gc] GC(1814) Pause Young (G1 Evacuation Pause) 933M->15M(1537M) 2.354ms
[114.044s][info][gc] GC(1815) Pause Young (G1 Evacuation Pause) 933M->15M(1537M) 1.952ms
[114.101s][info][gc] GC(1816) Pause Young (G1 Evacuation Pause) 933M->14M(1537M) 1.239ms
[114.151s][info][gc] GC(1817) Pause Young (G1 Evacuation Pause) 933M->13M(1537M) 1.836ms
[114.201s][info][gc] GC(1818) Pause Young (G1 Evacuation Pause) 933M->14M(1537M) 1.220ms
[114.256s][info][gc] GC(1819) Pause Young (G1 Evacuation Pause) 933M->14M(1537M) 1.166ms
[114.306s][info][gc] GC(1820) Pause Young (G1 Evacuation Pause) 933M->13M(1537M) 1.908ms
[114.363s][info][gc] GC(1821) Pause Young (G1 Evacuation Pause) 933M->14M(1537M) 2.482ms
[114.413s][info][gc] GC(1822) Pause Young (G1 Evacuation Pause) 933M->13M(1537M) 1.852ms
[114.465s][info][gc] GC(1823) Pause Young (G1 Evacuation Pause) 933M->15M(1537M) 1.202ms
[114.520s][info][gc] GC(1824) Pause Young (G1 Evacuation Pause) 933M->14M(1537M) 1.861ms
[114.574s][info][gc] GC(1825) Pause Young (G1 Evacuation Pause) 933M->15M(1537M) 2.676ms
[114.625s][info][gc] GC(1826) Pause Young (G1 Evacuation Pause) 933M->15M(1537M) 2.079ms
[114.679s][info][gc] GC(1827) Pause Young (G1 Evacuation Pause) 933M->16M(1537M) 2.066ms
[114.730s][info][gc] GC(1828) Pause Young (G1 Evacuation Pause) 933M->14M(1537M) 1.887ms
[114.785s][info][gc] GC(1829) Pause Young (G1 Evacuation Pause) 933M->16M(1537M) 2.259ms
[114.836s][info][gc] GC(1830) Pause Young (G1 Evacuation Pause) 933M->15M(1537M) 1.168ms
[114.887s][info][gc] GC(1831) Pause Young (G1 Evacuation Pause) 933M->14M(1537M) 1.111ms
[114.942s][info][gc] GC(1832) Pause Young (G1 Evacuation Pause) 933M->15M(1537M) 1.811ms
[114.992s][info][gc] GC(1833) Pause Young (G1 Evacuation Pause) 933M->15M(1537M) 1.838ms
[115.046s][info][gc] GC(1834) Pause Young (G1 Evacuation Pause) 933M->15M(1537M) 2.397ms
[115.101s][info][gc] GC(1835) Pause Young (G1 Evacuation Pause) 933M->15M(1537M) 1.900ms
[115.153s][info][gc] GC(1836) Pause Young (G1 Evacuation Pause) 933M->13M(1537M) 2.404ms
[115.207s][info][gc] GC(1837) Pause Young (G1 Evacuation Pause) 933M->15M(1537M) 2.342ms
[115.272s][info][gc] GC(1838) Pause Young (G1 Evacuation Pause) 933M->15M(1537M) 2.160ms
[115.325s][info][gc] GC(1839) Pause Young (G1 Evacuation Pause) 933M->14M(1537M) 2.207ms
[115.385s][info][gc] GC(1840) Pause Young (G1 Evacuation Pause) 933M->14M(1537M) 2.118ms
[115.441s][info][gc] GC(1841) Pause Young (G1 Evacuation Pause) 933M->14M(1537M) 2.221ms
[115.494s][info][gc] GC(1842) Pause Young (G1 Evacuation Pause) 933M->14M(1537M) 2.177ms
[115.550s][info][gc] GC(1843) Pause Young (G1 Evacuation Pause) 933M->15M(1537M) 1.694ms
[115.601s][info][gc] GC(1844) Pause Young (G1 Evacuation Pause) 933M->14M(1537M) 1.840ms
[115.653s][info][gc] GC(1845) Pause Young (G1 Evacuation Pause) 933M->14M(1537M) 2.340ms
[115.706s][info][gc] GC(1846) Pause Young (G1 Evacuation Pause) 933M->15M(1537M) 1.285ms
[115.759s][info][gc] GC(1847) Pause Young (G1 Evacuation Pause) 933M->15M(1537M) 2.009ms
[115.809s][info][gc] GC(1848) Pause Young (G1 Evacuation Pause) 933M->15M(1537M) 2.385ms
[115.865s][info][gc] GC(1849) Pause Young (G1 Evacuation Pause) 933M->15M(1537M) 2.280ms
[115.918s][info][gc] GC(1850) Pause Young (G1 Evacuation Pause) 933M->15M(1537M) 1.331ms
[115.976s][info][gc] GC(1851) Pause Young (G1 Evacuation Pause) 933M->15M(1537M) 2.035ms
[116.029s][info][gc] GC(1852) Pause Young (G1 Evacuation Pause) 933M->16M(1537M) 2.163ms
[116.082s][info][gc] GC(1853) Pause Young (G1 Evacuation Pause) 933M->15M(1537M) 2.488ms
[116.144s][info][gc] GC(1854) Pause Young (G1 Evacuation Pause) 933M->16M(1537M) 2.212ms
[116.203s][info][gc] GC(1855) Pause Young (G1 Evacuation Pause) 933M->14M(1537M) 2.224ms
[116.258s][info][gc] GC(1856) Pause Young (G1 Evacuation Pause) 933M->15M(1537M) 2.107ms
[116.310s][info][gc] GC(1857) Pause Young (G1 Evacuation Pause) 933M->15M(1537M) 1.776ms
[116.363s][info][gc] GC(1858) Pause Young (G1 Evacuation Pause) 933M->15M(1537M) 2.152ms
[116.420s][info][gc] GC(1859) Pause Young (G1 Evacuation Pause) 933M->15M(1537M) 1.170ms
[116.471s][info][gc] GC(1860) Pause Young (G1 Evacuation Pause) 933M->12M(1537M) 2.182ms
[116.529s][info][gc] GC(1861) Pause Young (G1 Evacuation Pause) 933M->15M(1537M) 2.080ms
[116.584s][info][gc] GC(1862) Pause Young (G1 Evacuation Pause) 933M->15M(1537M) 2.556ms
[116.637s][info][gc] GC(1863) Pause Young (G1 Evacuation Pause) 933M->15M(1537M) 2.334ms
[116.698s][info][gc] GC(1864) Pause Young (G1 Evacuation Pause) 933M->13M(1537M) 2.074ms
[116.749s][info][gc] GC(1865) Pause Young (G1 Evacuation Pause) 933M->14M(1537M) 1.141ms
[116.805s][info][gc] GC(1866) Pause Young (G1 Evacuation Pause) 933M->15M(1537M) 1.302ms
[116.856s][info][gc] GC(1867) Pause Young (G1 Evacuation Pause) 933M->14M(1537M) 2.018ms
[116.908s][info][gc] GC(1868) Pause Young (G1 Evacuation Pause) 933M->14M(1537M) 2.028ms
[116.964s][info][gc] GC(1869) Pause Young (G1 Evacuation Pause) 933M->13M(1537M) 1.467ms
[117.016s][info][gc] GC(1870) Pause Young (G1 Evacuation Pause) 933M->15M(1537M) 2.054ms
[117.069s][info][gc] GC(1871) Pause Young (G1 Evacuation Pause) 933M->15M(1537M) 2.297ms
[117.126s][info][gc] GC(1872) Pause Young (G1 Evacuation Pause) 933M->15M(1537M) 2.183ms
[117.180s][info][gc] GC(1873) Pause Young (G1 Evacuation Pause) 933M->15M(1537M) 2.458ms
[117.231s][info][gc] GC(1874) Pause Young (G1 Evacuation Pause) 933M->14M(1537M) 1.216ms
[117.287s][info][gc] GC(1875) Pause Young (G1 Evacuation Pause) 933M->13M(1537M) 2.333ms
[117.340s][info][gc] GC(1876) Pause Young (G1 Evacuation Pause) 933M->14M(1537M) 1.088ms
[117.393s][info][gc] GC(1877) Pause Young (G1 Evacuation Pause) 933M->14M(1537M) 2.130ms
[117.449s][info][gc] GC(1878) Pause Young (G1 Evacuation Pause) 933M->15M(1537M) 2.386ms
[117.503s][info][gc] GC(1879) Pause Young (G1 Evacuation Pause) 933M->15M(1537M) 2.187ms
[117.556s][info][gc] GC(1880) Pause Young (G1 Evacuation Pause) 933M->14M(1537M) 1.895ms
[117.611s][info][gc] GC(1881) Pause Young (G1 Evacuation Pause) 933M->14M(1537M) 2.172ms
[117.662s][info][gc] GC(1882) Pause Young (G1 Evacuation Pause) 933M->15M(1537M) 2.004ms
[117.716s][info][gc] GC(1883) Pause Young (G1 Evacuation Pause) 933M->14M(1537M) 2.151ms
[117.770s][info][gc] GC(1884) Pause Young (G1 Evacuation Pause) 933M->13M(1537M) 2.765ms
[117.822s][info][gc] GC(1885) Pause Young (G1 Evacuation Pause) 933M->14M(1537M) 1.934ms
[117.877s][info][gc] GC(1886) Pause Young (G1 Evacuation Pause) 933M->14M(1537M) 2.302ms
[117.927s][info][gc] GC(1887) Pause Young (G1 Evacuation Pause) 933M->13M(1537M) 1.643ms
[117.979s][info][gc] GC(1888) Pause Young (G1 Evacuation Pause) 933M->14M(1537M) 1.438ms
[118.033s][info][gc] GC(1889) Pause Young (G1 Evacuation Pause) 933M->14M(1537M) 1.825ms
[118.091s][info][gc] GC(1890) Pause Young (G1 Evacuation Pause) 933M->15M(1537M) 2.353ms
[118.147s][info][gc] GC(1891) Pause Young (G1 Evacuation Pause) 933M->15M(1537M) 1.645ms
[118.202s][info][gc] GC(1892) Pause Young (G1 Evacuation Pause) 933M->14M(1537M) 1.208ms
[118.254s][info][gc] GC(1893) Pause Young (G1 Evacuation Pause) 933M->15M(1537M) 2.346ms
[118.308s][info][gc] GC(1894) Pause Young (G1 Evacuation Pause) 933M->15M(1537M) 2.510ms
[118.360s][info][gc] GC(1895) Pause Young (G1 Evacuation Pause) 933M->13M(1537M) 1.821ms
[118.416s][info][gc] GC(1896) Pause Young (G1 Evacuation Pause) 933M->14M(1537M) 1.293ms
[118.467s][info][gc] GC(1897) Pause Young (G1 Evacuation Pause) 933M->15M(1537M) 1.975ms
[118.519s][info][gc] GC(1898) Pause Young (G1 Evacuation Pause) 933M->15M(1537M) 2.393ms
[118.576s][info][gc] GC(1899) Pause Young (G1 Evacuation Pause) 933M->14M(1537M) 1.729ms
[118.628s][info][gc] GC(1900) Pause Young (G1 Evacuation Pause) 933M->14M(1537M) 2.247ms
[118.681s][info][gc] GC(1901) Pause Young (G1 Evacuation Pause) 933M->14M(1537M) 1.996ms
[118.735s][info][gc] GC(1902) Pause Young (G1 Evacuation Pause) 933M->14M(1537M) 2.073ms
[118.787s][info][gc] GC(1903) Pause Young (G1 Evacuation Pause) 933M->15M(1537M) 1.276ms
[118.839s][info][gc] GC(1904) Pause Young (G1 Evacuation Pause) 933M->13M(1537M) 1.160ms
[118.895s][info][gc] GC(1905) Pause Young (G1 Evacuation Pause) 933M->15M(1537M) 2.058ms
[118.946s][info][gc] GC(1906) Pause Young (G1 Evacuation Pause) 933M->15M(1537M) 1.178ms
[118.999s][info][gc] GC(1907) Pause Young (G1 Evacuation Pause) 933M->14M(1537M) 1.401ms
[119.053s][info][gc] GC(1908) Pause Young (G1 Evacuation Pause) 933M->15M(1537M) 1.997ms
[119.105s][info][gc] GC(1909) Pause Young (G1 Evacuation Pause) 933M->14M(1537M) 2.187ms
[119.163s][info][gc] GC(1910) Pause Young (G1 Evacuation Pause) 933M->14M(1537M) 2.662ms
[119.213s][info][gc] GC(1911) Pause Young (G1 Evacuation Pause) 933M->14M(1537M) 1.235ms
[119.270s][info][gc] GC(1912) Pause Young (G1 Evacuation Pause) 933M->15M(1537M) 2.338ms
[119.325s][info][gc] GC(1913) Pause Young (G1 Evacuation Pause) 933M->14M(1537M) 2.123ms
[119.379s][info][gc] GC(1914) Pause Young (G1 Evacuation Pause) 933M->15M(1537M) 2.230ms
[119.429s][info][gc] GC(1915) Pause Young (G1 Evacuation Pause) 933M->14M(1537M) 1.152ms
[119.487s][info][gc] GC(1916) Pause Young (G1 Evacuation Pause) 933M->15M(1537M) 2.301ms
[119.537s][info][gc] GC(1917) Pause Young (G1 Evacuation Pause) 933M->14M(1537M) 2.068ms
[119.589s][info][gc] GC(1918) Pause Young (G1 Evacuation Pause) 933M->13M(1537M) 2.369ms
[119.644s][info][gc] GC(1919) Pause Young (G1 Evacuation Pause) 933M->15M(1537M) 1.417ms
[119.697s][info][gc] GC(1920) Pause Young (G1 Evacuation Pause) 933M->15M(1537M) 3.137ms
[119.751s][info][gc] GC(1921) Pause Young (G1 Evacuation Pause) 933M->14M(1537M) 2.006ms
[119.807s][info][gc] GC(1922) Pause Young (G1 Evacuation Pause) 933M->15M(1537M) 2.421ms
[119.858s][info][gc] GC(1923) Pause Young (G1 Evacuation Pause) 933M->14M(1537M) 2.305ms
[119.913s][info][gc] GC(1924) Pause Young (G1 Evacuation Pause) 933M->14M(1537M) 1.287ms
[119.963s][info][gc] GC(1925) Pause Young (G1 Evacuation Pause) 933M->15M(1537M) 2.123ms
[120.015s][info][gc] GC(1926) Pause Young (G1 Evacuation Pause) 933M->15M(1537M) 2.371ms
[120.071s][info][gc] GC(1927) Pause Young (G1 Evacuation Pause) 933M->14M(1537M) 1.641ms
[120.123s][info][gc] GC(1928) Pause Young (G1 Evacuation Pause) 933M->15M(1537M) 1.237ms
[120.177s][info][gc] GC(1929) Pause Young (G1 Evacuation Pause) 933M->14M(1537M) 2.309ms
[120.227s][info][gc] GC(1930) Pause Young (G1 Evacuation Pause) 933M->14M(1537M) 1.871ms
[120.279s][info][gc] GC(1931) Pause Young (G1 Evacuation Pause) 933M->15M(1537M) 1.510ms
[120.333s][info][gc] GC(1932) Pause Young (G1 Evacuation Pause) 933M->14M(1537M) 1.953ms
[120.387s][info][gc] GC(1933) Pause Young (G1 Evacuation Pause) 933M->14M(1537M) 2.199ms
[120.437s][info][gc] GC(1934) Pause Young (G1 Evacuation Pause) 933M->14M(1537M) 1.080ms
[120.495s][info][gc] GC(1935) Pause Young (G1 Evacuation Pause) 933M->13M(1537M) 2.541ms
[120.546s][info][gc] GC(1936) Pause Young (G1 Evacuation Pause) 933M->15M(1537M) 2.514ms
[120.602s][info][gc] GC(1937) Pause Young (G1 Evacuation Pause) 933M->15M(1537M) 2.578ms
[120.662s][info][gc] GC(1938) Pause Young (G1 Evacuation Pause) 933M->16M(1537M) 2.655ms
[120.716s][info][gc] GC(1939) Pause Young (G1 Evacuation Pause) 933M->14M(1537M) 1.825ms
[120.776s][info][gc] GC(1940) Pause Young (G1 Evacuation Pause) 933M->14M(1537M) 2.649ms
[120.830s][info][gc] GC(1941) Pause Young (G1 Evacuation Pause) 933M->14M(1537M) 2.734ms
[120.883s][info][gc] GC(1942) Pause Young (G1 Evacuation Pause) 933M->14M(1537M) 2.886ms
[120.942s][info][gc] GC(1943) Pause Young (G1 Evacuation Pause) 933M->16M(1537M) 3.325ms
[120.993s][info][gc] GC(1944) Pause Young (G1 Evacuation Pause) 933M->15M(1537M) 1.950ms
[121.047s][info][gc] GC(1945) Pause Young (G1 Evacuation Pause) 933M->14M(1537M) 2.187ms
[121.103s][info][gc] GC(1946) Pause Young (G1 Evacuation Pause) 933M->15M(1537M) 1.946ms
[121.159s][info][gc] GC(1947) Pause Young (G1 Evacuation Pause) 933M->14M(1537M) 2.325ms
[121.213s][info][gc] GC(1948) Pause Young (G1 Evacuation Pause) 933M->14M(1537M) 1.164ms
[121.266s][info][gc] GC(1949) Pause Young (G1 Evacuation Pause) 933M->15M(1537M) 1.304ms
[121.316s][info][gc] GC(1950) Pause Young (G1 Evacuation Pause) 933M->15M(1537M) 1.908ms
[121.371s][info][gc] GC(1951) Pause Young (G1 Evacuation Pause) 933M->15M(1537M) 2.340ms
[121.422s][info][gc] GC(1952) Pause Young (G1 Evacuation Pause) 933M->14M(1537M) 1.231ms
[121.476s][info][gc] GC(1953) Pause Young (G1 Evacuation Pause) 933M->15M(1537M) 2.383ms
[121.533s][info][gc] GC(1954) Pause Young (G1 Evacuation Pause) 933M->14M(1537M) 2.066ms
[121.585s][info][gc] GC(1955) Pause Young (G1 Evacuation Pause) 933M->14M(1537M) 2.215ms
[121.640s][info][gc] GC(1956) Pause Young (G1 Evacuation Pause) 933M->15M(1537M) 2.222ms
[121.693s][info][gc] GC(1957) Pause Young (G1 Evacuation Pause) 933M->15M(1537M) 2.300ms
[121.744s][info][gc] GC(1958) Pause Young (G1 Evacuation Pause) 933M->15M(1537M) 2.060ms
[121.800s][info][gc] GC(1959) Pause Young (G1 Evacuation Pause) 933M->14M(1537M) 2.676ms
[121.854s][info][gc] GC(1960) Pause Young (G1 Evacuation Pause) 933M->14M(1537M) 1.229ms
[121.905s][info][gc] GC(1961) Pause Young (G1 Evacuation Pause) 933M->15M(1537M) 1.199ms
[121.962s][info][gc] GC(1962) Pause Young (G1 Evacuation Pause) 933M->15M(1537M) 2.244ms
[122.018s][info][gc] GC(1963) Pause Young (G1 Evacuation Pause) 933M->14M(1537M) 2.039ms
[122.072s][info][gc] GC(1964) Pause Young (G1 Evacuation Pause) 933M->15M(1537M) 2.489ms
[122.127s][info][gc] GC(1965) Pause Young (G1 Evacuation Pause) 933M->14M(1537M) 2.058ms
[122.180s][info][gc] GC(1966) Pause Young (G1 Evacuation Pause) 933M->15M(1537M) 1.342ms
[122.232s][info][gc] GC(1967) Pause Young (G1 Evacuation Pause) 933M->15M(1537M) 2.008ms
[122.284s][info][gc] GC(1968) Pause Young (G1 Evacuation Pause) 933M->13M(1537M) 2.133ms
[122.335s][info][gc] GC(1969) Pause Young (G1 Evacuation Pause) 933M->15M(1537M) 1.150ms
[122.390s][info][gc] GC(1970) Pause Young (G1 Evacuation Pause) 933M->14M(1537M) 2.316ms
[122.446s][info][gc] GC(1971) Pause Young (G1 Evacuation Pause) 933M->14M(1537M) 1.938ms
[122.500s][info][gc] GC(1972) Pause Young (G1 Evacuation Pause) 933M->14M(1537M) 2.115ms
[122.554s][info][gc] GC(1973) Pause Young (G1 Evacuation Pause) 933M->14M(1537M) 2.059ms
[122.606s][info][gc] GC(1974) Pause Young (G1 Evacuation Pause) 933M->14M(1537M) 1.187ms
[122.658s][info][gc] GC(1975) Pause Young (G1 Evacuation Pause) 933M->16M(1537M) 3.228ms
[122.712s][info][gc] GC(1976) Pause Young (G1 Evacuation Pause) 933M->14M(1537M) 2.124ms
[122.766s][info][gc] GC(1977) Pause Young (G1 Evacuation Pause) 933M->16M(1537M) 2.017ms
[122.818s][info][gc] GC(1978) Pause Young (G1 Evacuation Pause) 933M->14M(1537M) 1.218ms
[122.876s][info][gc] GC(1979) Pause Young (G1 Evacuation Pause) 933M->15M(1537M) 2.163ms
[122.926s][info][gc] GC(1980) Pause Young (G1 Evacuation Pause) 933M->14M(1537M) 2.408ms
[122.980s][info][gc] GC(1981) Pause Young (G1 Evacuation Pause) 933M->14M(1537M) 2.211ms
[123.035s][info][gc] GC(1982) Pause Young (G1 Evacuation Pause) 933M->14M(1537M) 2.419ms
[123.086s][info][gc] GC(1983) Pause Young (G1 Evacuation Pause) 933M->15M(1537M) 1.172ms
[123.142s][info][gc] GC(1984) Pause Young (G1 Evacuation Pause) 933M->13M(1537M) 1.245ms
[123.193s][info][gc] GC(1985) Pause Young (G1 Evacuation Pause) 933M->15M(1537M) 2.210ms
[123.247s][info][gc] GC(1986) Pause Young (G1 Evacuation Pause) 933M->14M(1537M) 2.190ms
[123.299s][info][gc] GC(1987) Pause Young (G1 Evacuation Pause) 933M->15M(1537M) 2.937ms
[123.352s][info][gc] GC(1988) Pause Young (G1 Evacuation Pause) 933M->14M(1537M) 1.766ms
[123.409s][info][gc] GC(1989) Pause Young (G1 Evacuation Pause) 933M->15M(1537M) 3.689ms
[123.462s][info][gc] GC(1990) Pause Young (G1 Evacuation Pause) 933M->15M(1537M) 2.056ms
[123.516s][info][gc] GC(1991) Pause Young (G1 Evacuation Pause) 933M->15M(1537M) 2.252ms
[123.568s][info][gc] GC(1992) Pause Young (G1 Evacuation Pause) 933M->14M(1537M) 1.121ms
[123.621s][info][gc] GC(1993) Pause Young (G1 Evacuation Pause) 933M->15M(1537M) 1.223ms
[123.675s][info][gc] GC(1994) Pause Young (G1 Evacuation Pause) 933M->15M(1537M) 2.302ms
[123.730s][info][gc] GC(1995) Pause Young (G1 Evacuation Pause) 933M->14M(1537M) 2.501ms
[123.784s][info][gc] GC(1996) Pause Young (G1 Evacuation Pause) 933M->13M(1537M) 2.402ms
[123.838s][info][gc] GC(1997) Pause Young (G1 Evacuation Pause) 933M->15M(1537M) 1.190ms
[123.892s][info][gc] GC(1998) Pause Young (G1 Evacuation Pause) 933M->13M(1537M) 1.648ms
[123.947s][info][gc] GC(1999) Pause Young (G1 Evacuation Pause) 933M->15M(1537M) 2.007ms
[123.999s][info][gc] GC(2000) Pause Young (G1 Evacuation Pause) 933M->14M(1537M) 2.516ms
[124.052s][info][gc] GC(2001) Pause Young (G1 Evacuation Pause) 933M->15M(1537M) 1.212ms
[124.109s][info][gc] GC(2002) Pause Young (G1 Evacuation Pause) 933M->15M(1537M) 1.358ms
[124.160s][info][gc] GC(2003) Pause Young (G1 Evacuation Pause) 933M->15M(1537M) 1.868ms
[124.210s][info][gc] GC(2004) Pause Young (G1 Evacuation Pause) 933M->15M(1537M) 1.295ms
[124.266s][info][gc] GC(2005) Pause Young (G1 Evacuation Pause) 933M->14M(1537M) 1.306ms
[124.316s][info][gc] GC(2006) Pause Young (G1 Evacuation Pause) 933M->15M(1537M) 2.005ms
[124.368s][info][gc] GC(2007) Pause Young (G1 Evacuation Pause) 933M->14M(1537M) 2.273ms
[124.424s][info][gc] GC(2008) Pause Young (G1 Evacuation Pause) 933M->13M(1537M) 2.221ms
[124.478s][info][gc] GC(2009) Pause Young (G1 Evacuation Pause) 933M->14M(1537M) 1.679ms
[124.534s][info][gc] GC(2010) Pause Young (G1 Evacuation Pause) 933M->14M(1537M) 2.138ms
[124.587s][info][gc] GC(2011) Pause Young (G1 Evacuation Pause) 933M->13M(1537M) 2.112ms
[124.639s][info][gc] GC(2012) Pause Young (G1 Evacuation Pause) 933M->14M(1537M) 1.501ms
[124.696s][info][gc] GC(2013) Pause Young (G1 Evacuation Pause) 933M->15M(1537M) 1.718ms
[124.747s][info][gc] GC(2014) Pause Young (G1 Evacuation Pause) 933M->15M(1537M) 2.103ms
[124.797s][info][gc] GC(2015) Pause Young (G1 Evacuation Pause) 933M->13M(1537M) 1.150ms
[124.852s][info][gc] GC(2016) Pause Young (G1 Evacuation Pause) 933M->13M(1537M) 1.074ms
[124.905s][info][gc] GC(2017) Pause Young (G1 Evacuation Pause) 933M->15M(1537M) 1.709ms
[124.961s][info][gc] GC(2018) Pause Young (G1 Evacuation Pause) 933M->15M(1537M) 2.291ms
[125.016s][info][gc] GC(2019) Pause Young (G1 Evacuation Pause) 933M->15M(1537M) 2.541ms
[125.070s][info][gc] GC(2020) Pause Young (G1 Evacuation Pause) 933M->14M(1537M) 2.142ms
[125.127s][info][gc] GC(2021) Pause Young (G1 Evacuation Pause) 933M->14M(1537M) 2.186ms
[125.178s][info][gc] GC(2022) Pause Young (G1 Evacuation Pause) 933M->14M(1537M) 1.482ms
[125.228s][info][gc] GC(2023) Pause Young (G1 Evacuation Pause) 933M->14M(1537M) 1.772ms
[125.283s][info][gc] GC(2024) Pause Young (G1 Evacuation Pause) 933M->15M(1537M) 2.449ms
[125.337s][info][gc] GC(2025) Pause Young (G1 Evacuation Pause) 933M->15M(1537M) 2.477ms
[125.389s][info][gc] GC(2026) Pause Young (G1 Evacuation Pause) 933M->13M(1537M) 1.151ms
[125.445s][info][gc] GC(2027) Pause Young (G1 Evacuation Pause) 933M->13M(1537M) 2.789ms
[125.497s][info][gc] GC(2028) Pause Young (G1 Evacuation Pause) 933M->15M(1537M) 2.126ms
[125.552s][info][gc] GC(2029) Pause Young (G1 Evacuation Pause) 933M->15M(1537M) 2.743ms
[125.604s][info][gc] GC(2030) Pause Young (G1 Evacuation Pause) 933M->14M(1537M) 1.147ms
[125.656s][info][gc] GC(2031) Pause Young (G1 Evacuation Pause) 933M->14M(1537M) 1.188ms
[125.712s][info][gc] GC(2032) Pause Young (G1 Evacuation Pause) 933M->15M(1537M) 2.482ms
[125.764s][info][gc] GC(2033) Pause Young (G1 Evacuation Pause) 933M->14M(1537M) 2.738ms
[125.816s][info][gc] GC(2034) Pause Young (G1 Evacuation Pause) 933M->15M(1537M) 1.275ms
[125.871s][info][gc] GC(2035) Pause Young (G1 Evacuation Pause) 933M->15M(1537M) 1.207ms
[125.922s][info][gc] GC(2036) Pause Young (G1 Evacuation Pause) 933M->14M(1537M) 2.037ms
[125.974s][info][gc] GC(2037) Pause Young (G1 Evacuation Pause) 933M->14M(1537M) 2.510ms
[126.030s][info][gc] GC(2038) Pause Young (G1 Evacuation Pause) 933M->14M(1537M) 1.222ms
[126.085s][info][gc] GC(2039) Pause Young (G1 Evacuation Pause) 933M->15M(1537M) 1.172ms
[126.137s][info][gc] GC(2040) Pause Young (G1 Evacuation Pause) 933M->14M(1537M) 2.399ms
[126.201s][info][gc] GC(2041) Pause Young (G1 Evacuation Pause) 933M->14M(1537M) 2.287ms
[126.263s][info][gc] GC(2042) Pause Young (G1 Evacuation Pause) 933M->14M(1537M) 2.300ms
[126.325s][info][gc] GC(2043) Pause Young (G1 Evacuation Pause) 933M->15M(1537M) 2.411ms
[126.376s][info][gc] GC(2044) Pause Young (G1 Evacuation Pause) 933M->15M(1537M) 2.143ms
[126.429s][info][gc] GC(2045) Pause Young (G1 Evacuation Pause) 933M->15M(1537M) 1.523ms
[126.482s][info][gc] GC(2046) Pause Young (G1 Evacuation Pause) 933M->14M(1537M) 2.275ms
[126.534s][info][gc] GC(2047) Pause Young (G1 Evacuation Pause) 933M->15M(1537M) 2.231ms
[126.588s][info][gc] GC(2048) Pause Young (G1 Evacuation Pause) 933M->13M(1537M) 1.088ms
[126.642s][info][gc] GC(2049) Pause Young (G1 Evacuation Pause) 933M->15M(1537M) 2.121ms
[126.693s][info][gc] GC(2050) Pause Young (G1 Evacuation Pause) 933M->14M(1537M) 2.183ms
[126.747s][info][gc] GC(2051) Pause Young (G1 Evacuation Pause) 933M->15M(1537M) 2.288ms
[126.799s][info][gc] GC(2052) Pause Young (G1 Evacuation Pause) 933M->15M(1537M) 1.852ms
[126.852s][info][gc] GC(2053) Pause Young (G1 Evacuation Pause) 933M->14M(1537M) 1.235ms
[126.905s][info][gc] GC(2054) Pause Young (G1 Evacuation Pause) 933M->14M(1537M) 1.929ms
[126.957s][info][gc] GC(2055) Pause Young (G1 Evacuation Pause) 933M->14M(1537M) 2.305ms
[127.012s][info][gc] GC(2056) Pause Young (G1 Evacuation Pause) 933M->15M(1537M) 1.368ms
[127.064s][info][gc] GC(2057) Pause Young (G1 Evacuation Pause) 933M->14M(1537M) 1.262ms
[127.115s][info][gc] GC(2058) Pause Young (G1 Evacuation Pause) 933M->13M(1537M) 2.054ms
[127.172s][info][gc] GC(2059) Pause Young (G1 Evacuation Pause) 933M->15M(1537M) 2.084ms
[127.222s][info][gc] GC(2060) Pause Young (G1 Evacuation Pause) 933M->14M(1537M) 1.169ms
[127.276s][info][gc] GC(2061) Pause Young (G1 Evacuation Pause) 933M->14M(1537M) 2.005ms
[127.330s][info][gc] GC(2062) Pause Young (G1 Evacuation Pause) 933M->14M(1537M) 1.948ms
[127.381s][info][gc] GC(2063) Pause Young (G1 Evacuation Pause) 933M->15M(1537M) 2.361ms
[127.432s][info][gc] GC(2064) Pause Young (G1 Evacuation Pause) 933M->14M(1537M) 1.175ms
[127.489s][info][gc] GC(2065) Pause Young (G1 Evacuation Pause) 933M->14M(1537M) 1.639ms
[127.540s][info][gc] GC(2066) Pause Young (G1 Evacuation Pause) 933M->12M(1537M) 2.062ms
[127.594s][info][gc] GC(2067) Pause Young (G1 Evacuation Pause) 933M->14M(1537M) 2.895ms
[127.647s][info][gc] GC(2068) Pause Young (G1 Evacuation Pause) 933M->14M(1537M) 1.114ms
[127.700s][info][gc] GC(2069) Pause Young (G1 Evacuation Pause) 933M->15M(1537M) 1.316ms
[127.750s][info][gc] GC(2070) Pause Young (G1 Evacuation Pause) 933M->13M(1537M) 1.949ms
[127.804s][info][gc] GC(2071) Pause Young (G1 Evacuation Pause) 933M->15M(1537M) 2.263ms
[127.856s][info][gc] GC(2072) Pause Young (G1 Evacuation Pause) 933M->13M(1537M) 1.177ms
[127.911s][info][gc] GC(2073) Pause Young (G1 Evacuation Pause) 933M->14M(1537M) 2.170ms
[127.962s][info][gc] GC(2074) Pause Young (G1 Evacuation Pause) 933M->15M(1537M) 2.177ms
[128.014s][info][gc] GC(2075) Pause Young (G1 Evacuation Pause) 933M->16M(1537M) 1.513ms
[128.070s][info][gc] GC(2076) Pause Young (G1 Evacuation Pause) 933M->15M(1537M) 1.193ms
[128.124s][info][gc] GC(2077) Pause Young (G1 Evacuation Pause) 933M->13M(1537M) 1.989ms
[128.178s][info][gc] GC(2078) Pause Young (G1 Evacuation Pause) 933M->15M(1537M) 2.644ms
[128.231s][info][gc] GC(2079) Pause Young (G1 Evacuation Pause) 933M->15M(1537M) 2.214ms
[128.281s][info][gc] GC(2080) Pause Young (G1 Evacuation Pause) 933M->14M(1537M) 1.091ms
[128.338s][info][gc] GC(2081) Pause Young (G1 Evacuation Pause) 933M->15M(1537M) 2.280ms
[128.389s][info][gc] GC(2082) Pause Young (G1 Evacuation Pause) 933M->14M(1537M) 2.088ms
[128.441s][info][gc] GC(2083) Pause Young (G1 Evacuation Pause) 933M->14M(1537M) 2.519ms
[128.497s][info][gc] GC(2084) Pause Young (G1 Evacuation Pause) 933M->14M(1537M) 2.317ms
[128.549s][info][gc] GC(2085) Pause Young (G1 Evacuation Pause) 933M->13M(1537M) 2.210ms
[128.600s][info][gc] GC(2086) Pause Young (G1 Evacuation Pause) 933M->14M(1537M) 2.273ms
[128.656s][info][gc] GC(2087) Pause Young (G1 Evacuation Pause) 933M->15M(1537M) 1.328ms
[128.708s][info][gc] GC(2088) Pause Young (G1 Evacuation Pause) 933M->14M(1537M) 2.143ms
[128.760s][info][gc] GC(2089) Pause Young (G1 Evacuation Pause) 933M->14M(1537M) 2.318ms
[128.815s][info][gc] GC(2090) Pause Young (G1 Evacuation Pause) 933M->14M(1537M) 1.172ms
[128.868s][info][gc] GC(2091) Pause Young (G1 Evacuation Pause) 933M->15M(1537M) 1.188ms
[128.920s][info][gc] GC(2092) Pause Young (G1 Evacuation Pause) 933M->15M(1537M) 2.317ms
[128.973s][info][gc] GC(2093) Pause Young (G1 Evacuation Pause) 933M->14M(1537M) 2.246ms
[129.025s][info][gc] GC(2094) Pause Young (G1 Evacuation Pause) 933M->15M(1537M) 1.843ms
[129.083s][info][gc] GC(2095) Pause Young (G1 Evacuation Pause) 933M->16M(1537M) 1.651ms
[129.135s][info][gc] GC(2096) Pause Young (G1 Evacuation Pause) 933M->15M(1537M) 1.908ms
[129.191s][info][gc] GC(2097) Pause Young (G1 Evacuation Pause) 933M->14M(1537M) 2.374ms
[129.249s][info][gc] GC(2098) Pause Young (G1 Evacuation Pause) 933M->14M(1537M) 2.267ms
[129.303s][info][gc] GC(2099) Pause Young (G1 Evacuation Pause) 933M->14M(1537M) 1.213ms
[129.359s][info][gc] GC(2100) Pause Young (G1 Evacuation Pause) 933M->14M(1537M) 2.457ms
[129.415s][info][gc] GC(2101) Pause Young (G1 Evacuation Pause) 933M->14M(1537M) 1.999ms
[129.469s][info][gc] GC(2102) Pause Young (G1 Evacuation Pause) 933M->14M(1537M) 2.099ms
[129.525s][info][gc] GC(2103) Pause Young (G1 Evacuation Pause) 933M->15M(1537M) 3.040ms
[129.578s][info][gc] GC(2104) Pause Young (G1 Evacuation Pause) 933M->13M(1537M) 1.123ms
[129.634s][info][gc] GC(2105) Pause Young (G1 Evacuation Pause) 933M->15M(1537M) 1.317ms
[129.684s][info][gc] GC(2106) Pause Young (G1 Evacuation Pause) 933M->15M(1537M) 2.154ms
[129.735s][info][gc] GC(2107) Pause Young (G1 Evacuation Pause) 933M->14M(1537M) 1.739ms
[129.793s][info][gc] GC(2108) Pause Young (G1 Evacuation Pause) 933M->14M(1537M) 1.908ms
[129.844s][info][gc] GC(2109) Pause Young (G1 Evacuation Pause) 933M->15M(1537M) 1.257ms
[129.895s][info][gc] GC(2110) Pause Young (G1 Evacuation Pause) 933M->15M(1537M) 2.036ms
[129.950s][info][gc] GC(2111) Pause Young (G1 Evacuation Pause) 933M->14M(1537M) 2.313ms
[130.001s][info][gc] GC(2112) Pause Young (G1 Evacuation Pause) 933M->14M(1537M) 1.158ms
[130.053s][info][gc] GC(2113) Pause Young (G1 Evacuation Pause) 933M->15M(1537M) 1.238ms
[130.108s][info][gc] GC(2114) Pause Young (G1 Evacuation Pause) 933M->15M(1537M) 2.385ms
[130.162s][info][gc] GC(2115) Pause Young (G1 Evacuation Pause) 933M->15M(1537M) 2.352ms
[130.219s][info][gc] GC(2116) Pause Young (G1 Evacuation Pause) 933M->15M(1537M) 2.226ms
[130.273s][info][gc] GC(2117) Pause Young (G1 Evacuation Pause) 933M->15M(1537M) 2.113ms
[130.328s][info][gc] GC(2118) Pause Young (G1 Evacuation Pause) 933M->14M(1537M) 2.204ms
[130.382s][info][gc] GC(2119) Pause Young (G1 Evacuation Pause) 933M->15M(1537M) 1.966ms
[130.433s][info][gc] GC(2120) Pause Young (G1 Evacuation Pause) 933M->13M(1537M) 2.145ms
[130.486s][info][gc] GC(2121) Pause Young (G1 Evacuation Pause) 933M->14M(1537M) 1.972ms
[130.542s][info][gc] GC(2122) Pause Young (G1 Evacuation Pause) 933M->14M(1537M) 1.769ms
[130.592s][info][gc] GC(2123) Pause Young (G1 Evacuation Pause) 933M->14M(1537M) 2.220ms
[130.642s][info][gc] GC(2124) Pause Young (G1 Evacuation Pause) 933M->14M(1537M) 2.090ms
[130.699s][info][gc] GC(2125) Pause Young (G1 Evacuation Pause) 933M->14M(1537M) 1.346ms
[130.749s][info][gc] GC(2126) Pause Young (G1 Evacuation Pause) 933M->14M(1537M) 1.887ms
[130.802s][info][gc] GC(2127) Pause Young (G1 Evacuation Pause) 933M->13M(1537M) 2.225ms
[130.854s][info][gc] GC(2128) Pause Young (G1 Evacuation Pause) 933M->12M(1537M) 1.137ms
[130.907s][info][gc] GC(2129) Pause Young (G1 Evacuation Pause) 933M->14M(1537M) 1.886ms
[130.964s][info][gc] GC(2130) Pause Young (G1 Evacuation Pause) 933M->15M(1537M) 2.325ms
[131.015s][info][gc] GC(2131) Pause Young (G1 Evacuation Pause) 933M->13M(1537M) 2.265ms
[131.067s][info][gc] GC(2132) Pause Young (G1 Evacuation Pause) 933M->15M(1537M) 1.155ms
[131.125s][info][gc] GC(2133) Pause Young (G1 Evacuation Pause) 933M->15M(1537M) 2.224ms
[131.178s][info][gc] GC(2134) Pause Young (G1 Evacuation Pause) 933M->14M(1537M) 2.276ms
[131.230s][info][gc] GC(2135) Pause Young (G1 Evacuation Pause) 933M->14M(1537M) 2.239ms
[131.284s][info][gc] GC(2136) Pause Young (G1 Evacuation Pause) 933M->13M(1537M) 1.202ms
[131.336s][info][gc] GC(2137) Pause Young (G1 Evacuation Pause) 933M->15M(1537M) 1.592ms
[131.388s][info][gc] GC(2138) Pause Young (G1 Evacuation Pause) 933M->14M(1537M) 1.957ms
[131.443s][info][gc] GC(2139) Pause Young (G1 Evacuation Pause) 933M->15M(1537M) 2.240ms
[131.496s][info][gc] GC(2140) Pause Young (G1 Evacuation Pause) 933M->15M(1537M) 2.327ms
[131.549s][info][gc] GC(2141) Pause Young (G1 Evacuation Pause) 933M->15M(1537M) 1.308ms
[131.601s][info][gc] GC(2142) Pause Young (G1 Evacuation Pause) 933M->13M(1537M) 1.107ms
[131.652s][info][gc] GC(2143) Pause Young (G1 Evacuation Pause) 933M->13M(1537M) 2.045ms
[131.711s][info][gc] GC(2144) Pause Young (G1 Evacuation Pause) 933M->14M(1537M) 2.375ms
[131.762s][info][gc] GC(2145) Pause Young (G1 Evacuation Pause) 933M->14M(1537M) 1.362ms
[131.815s][info][gc] GC(2146) Pause Young (G1 Evacuation Pause) 933M->15M(1537M) 2.400ms
[131.871s][info][gc] GC(2147) Pause Young (G1 Evacuation Pause) 933M->15M(1537M) 3.202ms
[131.925s][info][gc] GC(2148) Pause Young (G1 Evacuation Pause) 933M->14M(1537M) 2.860ms
[131.981s][info][gc] GC(2149) Pause Young (G1 Evacuation Pause) 933M->13M(1537M) 2.237ms
[132.034s][info][gc] GC(2150) Pause Young (G1 Evacuation Pause) 933M->13M(1537M) 1.177ms
[132.088s][info][gc] GC(2151) Pause Young (G1 Evacuation Pause) 933M->14M(1537M) 2.065ms
[132.142s][info][gc] GC(2152) Pause Young (G1 Evacuation Pause) 933M->15M(1537M) 2.432ms
[132.195s][info][gc] GC(2153) Pause Young (G1 Evacuation Pause) 933M->14M(1537M) 2.418ms
[132.248s][info][gc] GC(2154) Pause Young (G1 Evacuation Pause) 933M->14M(1537M) 2.091ms
[132.303s][info][gc] GC(2155) Pause Young (G1 Evacuation Pause) 933M->15M(1537M) 1.221ms
[132.357s][info][gc] GC(2156) Pause Young (G1 Evacuation Pause) 933M->13M(1537M) 2.387ms
[132.408s][info][gc] GC(2157) Pause Young (G1 Evacuation Pause) 933M->14M(1537M) 2.203ms
[132.464s][info][gc] GC(2158) Pause Young (G1 Evacuation Pause) 933M->15M(1537M) 1.307ms
[132.515s][info][gc] GC(2159) Pause Young (G1 Evacuation Pause) 933M->15M(1537M) 2.151ms
[132.568s][info][gc] GC(2160) Pause Young (G1 Evacuation Pause) 933M->15M(1537M) 2.638ms
[132.624s][info][gc] GC(2161) Pause Young (G1 Evacuation Pause) 933M->14M(1537M) 2.406ms
[132.678s][info][gc] GC(2162) Pause Young (G1 Evacuation Pause) 933M->15M(1537M) 2.307ms
[132.730s][info][gc] GC(2163) Pause Young (G1 Evacuation Pause) 933M->16M(1537M) 2.318ms
[132.782s][info][gc] GC(2164) Pause Young (G1 Evacuation Pause) 933M->13M(1537M) 2.128ms
[132.834s][info][gc] GC(2165) Pause Young (G1 Evacuation Pause) 933M->14M(1537M) 1.125ms
[132.889s][info][gc] GC(2166) Pause Young (G1 Evacuation Pause) 933M->13M(1537M) 1.192ms
[132.943s][info][gc] GC(2167) Pause Young (G1 Evacuation Pause) 933M->14M(1537M) 2.470ms
[132.996s][info][gc] GC(2168) Pause Young (G1 Evacuation Pause) 933M->16M(1537M) 3.122ms
[133.050s][info][gc] GC(2169) Pause Young (G1 Evacuation Pause) 933M->14M(1537M) 2.436ms
[133.102s][info][gc] GC(2170) Pause Young (G1 Evacuation Pause) 933M->14M(1537M) 1.266ms
[133.159s][info][gc] GC(2171) Pause Young (G1 Evacuation Pause) 933M->15M(1537M) 2.342ms
[133.210s][info][gc] GC(2172) Pause Young (G1 Evacuation Pause) 933M->14M(1537M) 2.249ms
[133.259s][info][gc] GC(2173) Pause Young (G1 Evacuation Pause) 933M->14M(1537M) 1.280ms
[133.314s][info][gc] GC(2174) Pause Young (G1 Evacuation Pause) 933M->14M(1537M) 2.034ms
[133.365s][info][gc] GC(2175) Pause Young (G1 Evacuation Pause) 933M->14M(1537M) 1.857ms
[133.417s][info][gc] GC(2176) Pause Young (G1 Evacuation Pause) 933M->14M(1537M) 2.169ms
[133.472s][info][gc] GC(2177) Pause Young (G1 Evacuation Pause) 933M->12M(1537M) 1.157ms
[133.525s][info][gc] GC(2178) Pause Young (G1 Evacuation Pause) 933M->14M(1537M) 2.226ms
[133.578s][info][gc] GC(2179) Pause Young (G1 Evacuation Pause) 933M->15M(1537M) 2.567ms
[133.633s][info][gc] GC(2180) Pause Young (G1 Evacuation Pause) 933M->15M(1537M) 2.299ms
[133.686s][info][gc] GC(2181) Pause Young (G1 Evacuation Pause) 933M->15M(1537M) 1.890ms
[133.741s][info][gc] GC(2182) Pause Young (G1 Evacuation Pause) 933M->15M(1537M) 2.590ms
[133.794s][info][gc] GC(2183) Pause Young (G1 Evacuation Pause) 933M->15M(1537M) 2.014ms
[133.848s][info][gc] GC(2184) Pause Young (G1 Evacuation Pause) 933M->15M(1537M) 2.278ms
[133.904s][info][gc] GC(2185) Pause Young (G1 Evacuation Pause) 933M->14M(1537M) 2.493ms
[133.955s][info][gc] GC(2186) Pause Young (G1 Evacuation Pause) 933M->14M(1537M) 1.142ms
[134.009s][info][gc] GC(2187) Pause Young (G1 Evacuation Pause) 933M->14M(1537M) 2.045ms
[134.068s][info][gc] GC(2188) Pause Young (G1 Evacuation Pause) 933M->14M(1537M) 2.068ms
[134.123s][info][gc] GC(2189) Pause Young (G1 Evacuation Pause) 933M->14M(1537M) 2.200ms
[134.182s][info][gc] GC(2190) Pause Young (G1 Evacuation Pause) 933M->13M(1537M) 1.900ms
[134.248s][info][gc] GC(2191) Pause Young (G1 Evacuation Pause) 933M->14M(1537M) 1.818ms
[134.304s][info][gc] GC(2192) Pause Young (G1 Evacuation Pause) 933M->14M(1537M) 1.976ms
[134.363s][info][gc] GC(2193) Pause Young (G1 Evacuation Pause) 933M->15M(1537M) 2.293ms
[134.425s][info][gc] GC(2194) Pause Young (G1 Evacuation Pause) 933M->14M(1537M) 2.483ms
[134.484s][info][gc] GC(2195) Pause Young (G1 Evacuation Pause) 933M->14M(1537M) 2.668ms
[134.542s][info][gc] GC(2196) Pause Young (G1 Evacuation Pause) 933M->15M(1537M) 2.074ms
[134.602s][info][gc] GC(2197) Pause Young (G1 Evacuation Pause) 933M->15M(1537M) 2.110ms
[134.660s][info][gc] GC(2198) Pause Young (G1 Evacuation Pause) 933M->15M(1537M) 2.815ms
[134.721s][info][gc] GC(2199) Pause Young (G1 Evacuation Pause) 933M->15M(1537M) 2.315ms
[134.785s][info][gc] GC(2200) Pause Young (G1 Evacuation Pause) 933M->15M(1537M) 2.486ms
[134.847s][info][gc] GC(2201) Pause Young (G1 Evacuation Pause) 933M->15M(1537M) 2.125ms
[134.898s][info][gc] GC(2202) Pause Young (G1 Evacuation Pause) 933M->14M(1537M) 1.629ms
[134.957s][info][gc] GC(2203) Pause Young (G1 Evacuation Pause) 933M->15M(1537M) 2.277ms
[135.012s][info][gc] GC(2204) Pause Young (G1 Evacuation Pause) 933M->14M(1537M) 2.191ms
[135.066s][info][gc] GC(2205) Pause Young (G1 Evacuation Pause) 933M->14M(1537M) 1.866ms
[135.126s][info][gc] GC(2206) Pause Young (G1 Evacuation Pause) 933M->13M(1537M) 2.465ms
[135.177s][info][gc] GC(2207) Pause Young (G1 Evacuation Pause) 933M->15M(1537M) 1.624ms
[135.232s][info][gc] GC(2208) Pause Young (G1 Evacuation Pause) 933M->16M(1537M) 1.571ms
[135.282s][info][gc] GC(2209) Pause Young (G1 Evacuation Pause) 933M->13M(1537M) 1.892ms
[135.334s][info][gc] GC(2210) Pause Young (G1 Evacuation Pause) 933M->14M(1537M) 2.214ms
[135.392s][info][gc] GC(2211) Pause Young (G1 Evacuation Pause) 933M->13M(1537M) 2.575ms
[135.445s][info][gc] GC(2212) Pause Young (G1 Evacuation Pause) 933M->14M(1537M) 1.176ms
[135.498s][info][gc] GC(2213) Pause Young (G1 Evacuation Pause) 933M->14M(1537M) 1.724ms
[135.553s][info][gc] GC(2214) Pause Young (G1 Evacuation Pause) 933M->14M(1537M) 1.882ms
[135.606s][info][gc] GC(2215) Pause Young (G1 Evacuation Pause) 933M->14M(1537M) 2.212ms
[135.656s][info][gc] GC(2216) Pause Young (G1 Evacuation Pause) 933M->15M(1537M) 1.258ms
[135.711s][info][gc] GC(2217) Pause Young (G1 Evacuation Pause) 933M->15M(1537M) 2.478ms
[135.762s][info][gc] GC(2218) Pause Young (G1 Evacuation Pause) 933M->15M(1537M) 2.161ms
[135.812s][info][gc] GC(2219) Pause Young (G1 Evacuation Pause) 933M->15M(1537M) 1.136ms
[135.868s][info][gc] GC(2220) Pause Young (G1 Evacuation Pause) 933M->15M(1537M) 1.158ms
[135.918s][info][gc] GC(2221) Pause Young (G1 Evacuation Pause) 933M->15M(1537M) 1.947ms
[135.970s][info][gc] GC(2222) Pause Young (G1 Evacuation Pause) 933M->15M(1537M) 2.263ms
[136.025s][info][gc] GC(2223) Pause Young (G1 Evacuation Pause) 933M->15M(1537M) 1.982ms
[136.078s][info][gc] GC(2224) Pause Young (G1 Evacuation Pause) 933M->14M(1537M) 2.070ms
[136.130s][info][gc] GC(2225) Pause Young (G1 Evacuation Pause) 933M->14M(1537M) 2.002ms
[136.186s][info][gc] GC(2226) Pause Young (G1 Evacuation Pause) 933M->15M(1537M) 2.106ms
[136.236s][info][gc] GC(2227) Pause Young (G1 Evacuation Pause) 933M->14M(1537M) 1.121ms
[136.288s][info][gc] GC(2228) Pause Young (G1 Evacuation Pause) 933M->15M(1537M) 1.255ms
[136.342s][info][gc] GC(2229) Pause Young (G1 Evacuation Pause) 933M->15M(1537M) 2.568ms
[136.394s][info][gc] GC(2230) Pause Young (G1 Evacuation Pause) 933M->14M(1537M) 2.300ms
[136.450s][info][gc] GC(2231) Pause Young (G1 Evacuation Pause) 933M->14M(1537M) 2.303ms
[136.501s][info][gc] GC(2232) Pause Young (G1 Evacuation Pause) 933M->14M(1537M) 1.146ms
[136.554s][info][gc] GC(2233) Pause Young (G1 Evacuation Pause) 933M->13M(1537M) 1.210ms
[136.608s][info][gc] GC(2234) Pause Young (G1 Evacuation Pause) 933M->14M(1537M) 2.234ms
[136.661s][info][gc] GC(2235) Pause Young (G1 Evacuation Pause) 933M->15M(1537M) 2.906ms
[136.713s][info][gc] GC(2236) Pause Young (G1 Evacuation Pause) 933M->13M(1537M) 1.078ms
[136.766s][info][gc] GC(2237) Pause Young (G1 Evacuation Pause) 933M->14M(1537M) 1.293ms
[136.817s][info][gc] GC(2238) Pause Young (G1 Evacuation Pause) 933M->14M(1537M) 1.979ms
[136.871s][info][gc] GC(2239) Pause Young (G1 Evacuation Pause) 933M->14M(1537M) 1.996ms
[136.922s][info][gc] GC(2240) Pause Young (G1 Evacuation Pause) 933M->14M(1537M) 1.187ms
[136.978s][info][gc] GC(2241) Pause Young (G1 Evacuation Pause) 933M->13M(1537M) 1.981ms
[137.028s][info][gc] GC(2242) Pause Young (G1 Evacuation Pause) 933M->13M(1537M) 2.059ms
[137.079s][info][gc] GC(2243) Pause Young (G1 Evacuation Pause) 933M->14M(1537M) 1.123ms
[137.139s][info][gc] GC(2244) Pause Young (G1 Evacuation Pause) 933M->15M(1537M) 1.960ms
[137.189s][info][gc] GC(2245) Pause Young (G1 Evacuation Pause) 933M->15M(1537M) 2.076ms
[137.239s][info][gc] GC(2246) Pause Young (G1 Evacuation Pause) 933M->14M(1537M) 1.348ms
[137.296s][info][gc] GC(2247) Pause Young (G1 Evacuation Pause) 933M->15M(1537M) 1.302ms
[137.348s][info][gc] GC(2248) Pause Young (G1 Evacuation Pause) 933M->13M(1537M) 1.245ms
[137.398s][info][gc] GC(2249) Pause Young (G1 Evacuation Pause) 933M->14M(1537M) 1.977ms
[137.454s][info][gc] GC(2250) Pause Young (G1 Evacuation Pause) 933M->15M(1537M) 2.365ms
[137.505s][info][gc] GC(2251) Pause Young (G1 Evacuation Pause) 933M->15M(1537M) 1.851ms
[137.559s][info][gc] GC(2252) Pause Young (G1 Evacuation Pause) 933M->15M(1537M) 1.838ms
[137.613s][info][gc] GC(2253) Pause Young (G1 Evacuation Pause) 933M->14M(1537M) 2.029ms
[137.663s][info][gc] GC(2254) Pause Young (G1 Evacuation Pause) 933M->13M(1537M) 1.167ms
[137.715s][info][gc] GC(2255) Pause Young (G1 Evacuation Pause) 933M->14M(1537M) 1.547ms
[137.770s][info][gc] GC(2256) Pause Young (G1 Evacuation Pause) 933M->14M(1537M) 1.121ms
[137.821s][info][gc] GC(2257) Pause Young (G1 Evacuation Pause) 933M->14M(1537M) 1.951ms
[137.873s][info][gc] GC(2258) Pause Young (G1 Evacuation Pause) 933M->14M(1537M) 2.470ms
[137.928s][info][gc] GC(2259) Pause Young (G1 Evacuation Pause) 933M->14M(1537M) 1.241ms
[137.980s][info][gc] GC(2260) Pause Young (G1 Evacuation Pause) 933M->14M(1537M) 1.283ms
[138.034s][info][gc] GC(2261) Pause Young (G1 Evacuation Pause) 933M->15M(1537M) 2.106ms
[138.088s][info][gc] GC(2262) Pause Young (G1 Evacuation Pause) 933M->15M(1537M) 2.095ms
[138.141s][info][gc] GC(2263) Pause Young (G1 Evacuation Pause) 933M->15M(1537M) 2.818ms
[138.196s][info][gc] GC(2264) Pause Young (G1 Evacuation Pause) 933M->15M(1537M) 1.424ms
[138.247s][info][gc] GC(2265) Pause Young (G1 Evacuation Pause) 933M->14M(1537M) 1.913ms
[138.301s][info][gc] GC(2266) Pause Young (G1 Evacuation Pause) 933M->13M(1537M) 2.073ms
[138.353s][info][gc] GC(2267) Pause Young (G1 Evacuation Pause) 934M->15M(1537M) 1.215ms
[138.406s][info][gc] GC(2268) Pause Young (G1 Evacuation Pause) 933M->13M(1537M) 1.850ms
[138.460s][info][gc] GC(2269) Pause Young (G1 Evacuation Pause) 933M->14M(1537M) 2.277ms
[138.512s][info][gc] GC(2270) Pause Young (G1 Evacuation Pause) 933M->15M(1537M) 2.275ms
[138.565s][info][gc] GC(2271) Pause Young (G1 Evacuation Pause) 933M->14M(1537M) 1.123ms
[138.619s][info][gc] GC(2272) Pause Young (G1 Evacuation Pause) 933M->14M(1537M) 1.120ms
[138.670s][info][gc] GC(2273) Pause Young (G1 Evacuation Pause) 933M->14M(1537M) 1.955ms
[138.725s][info][gc] GC(2274) Pause Young (G1 Evacuation Pause) 933M->16M(1537M) 2.372ms
[138.775s][info][gc] GC(2275) Pause Young (G1 Evacuation Pause) 933M->15M(1537M) 1.189ms
[138.828s][info][gc] GC(2276) Pause Young (G1 Evacuation Pause) 933M->15M(1537M) 2.178ms
[138.882s][info][gc] GC(2277) Pause Young (G1 Evacuation Pause) 933M->15M(1537M) 1.978ms
[138.934s][info][gc] GC(2278) Pause Young (G1 Evacuation Pause) 933M->14M(1537M) 2.122ms
[138.985s][info][gc] GC(2279) Pause Young (G1 Evacuation Pause) 933M->14M(1537M) 1.127ms
[139.042s][info][gc] GC(2280) Pause Young (G1 Evacuation Pause) 933M->16M(1537M) 2.243ms
[139.094s][info][gc] GC(2281) Pause Young (G1 Evacuation Pause) 933M->15M(1537M) 2.272ms
[139.147s][info][gc] GC(2282) Pause Young (G1 Evacuation Pause) 933M->15M(1537M) 2.170ms
[139.200s][info][gc] GC(2283) Pause Young (G1 Evacuation Pause) 933M->14M(1537M) 1.141ms
[139.253s][info][gc] GC(2284) Pause Young (G1 Evacuation Pause) 933M->13M(1537M) 1.109ms
[139.305s][info][gc] GC(2285) Pause Young (G1 Evacuation Pause) 933M->15M(1537M) 2.200ms
[139.358s][info][gc] GC(2286) Pause Young (G1 Evacuation Pause) 933M->14M(1537M) 2.382ms
[139.410s][info][gc] GC(2287) Pause Young (G1 Evacuation Pause) 933M->16M(1537M) 2.136ms
[139.464s][info][gc] GC(2288) Pause Young (G1 Evacuation Pause) 933M->14M(1537M) 1.358ms
[139.517s][info][gc] GC(2289) Pause Young (G1 Evacuation Pause) 933M->14M(1537M) 1.895ms
[139.568s][info][gc] GC(2290) Pause Young (G1 Evacuation Pause) 933M->14M(1537M) 2.000ms
[139.624s][info][gc] GC(2291) Pause Young (G1 Evacuation Pause) 933M->14M(1537M) 1.925ms
[139.677s][info][gc] GC(2292) Pause Young (G1 Evacuation Pause) 933M->14M(1537M) 2.195ms
[139.727s][info][gc] GC(2293) Pause Young (G1 Evacuation Pause) 933M->14M(1537M) 2.381ms
[139.784s][info][gc] GC(2294) Pause Young (G1 Evacuation Pause) 933M->14M(1537M) 2.058ms
[139.836s][info][gc] GC(2295) Pause Young (G1 Evacuation Pause) 933M->15M(1537M) 2.175ms
[139.889s][info][gc] GC(2296) Pause Young (G1 Evacuation Pause) 933M->15M(1537M) 1.279ms
[139.942s][info][gc] GC(2297) Pause Young (G1 Evacuation Pause) 933M->13M(1537M) 1.617ms
[139.993s][info][gc] GC(2298) Pause Young (G1 Evacuation Pause) 933M->13M(1537M) 2.251ms
[140.048s][info][gc] GC(2299) Pause Young (G1 Evacuation Pause) 933M->17M(1537M) 2.625ms
[140.100s][info][gc] GC(2300) Pause Young (G1 Evacuation Pause) 933M->15M(1537M) 1.176ms
[140.153s][info][gc] GC(2301) Pause Young (G1 Evacuation Pause) 933M->15M(1537M) 1.218ms
[140.207s][info][gc] GC(2302) Pause Young (G1 Evacuation Pause) 933M->14M(1537M) 2.026ms
[140.257s][info][gc] GC(2303) Pause Young (G1 Evacuation Pause) 933M->16M(1537M) 2.705ms
[140.308s][info][gc] GC(2304) Pause Young (G1 Evacuation Pause) 933M->15M(1537M) 1.997ms
[140.363s][info][gc] GC(2305) Pause Young (G1 Evacuation Pause) 933M->14M(1537M) 1.302ms
[140.414s][info][gc] GC(2306) Pause Young (G1 Evacuation Pause) 933M->15M(1537M) 1.942ms
[140.464s][info][gc] GC(2307) Pause Young (G1 Evacuation Pause) 933M->13M(1537M) 1.314ms
[140.519s][info][gc] GC(2308) Pause Young (G1 Evacuation Pause) 933M->14M(1537M) 1.421ms
[140.571s][info][gc] GC(2309) Pause Young (G1 Evacuation Pause) 933M->15M(1537M) 1.143ms
[140.623s][info][gc] GC(2310) Pause Young (G1 Evacuation Pause) 933M->15M(1537M) 2.372ms
[140.678s][info][gc] GC(2311) Pause Young (G1 Evacuation Pause) 933M->14M(1537M) 2.475ms
[140.728s][info][gc] GC(2312) Pause Young (G1 Evacuation Pause) 933M->13M(1537M) 1.063ms
[140.783s][info][gc] GC(2313) Pause Young (G1 Evacuation Pause) 933M->15M(1537M) 1.276ms
[140.835s][info][gc] GC(2314) Pause Young (G1 Evacuation Pause) 933M->14M(1537M) 2.000ms
[140.886s][info][gc] GC(2315) Pause Young (G1 Evacuation Pause) 933M->13M(1537M) 2.139ms
[140.942s][info][gc] GC(2316) Pause Young (G1 Evacuation Pause) 933M->15M(1537M) 1.790ms
[140.994s][info][gc] GC(2317) Pause Young (G1 Evacuation Pause) 933M->14M(1537M) 2.146ms
[141.045s][info][gc] GC(2318) Pause Young (G1 Evacuation Pause) 933M->15M(1537M) 1.807ms
[141.099s][info][gc] GC(2319) Pause Young (G1 Evacuation Pause) 933M->15M(1537M) 2.503ms
[141.151s][info][gc] GC(2320) Pause Young (G1 Evacuation Pause) 933M->15M(1537M) 1.307ms
[141.205s][info][gc] GC(2321) Pause Young (G1 Evacuation Pause) 933M->13M(1537M) 2.458ms
[141.264s][info][gc] GC(2322) Pause Young (G1 Evacuation Pause) 933M->13M(1537M) 3.474ms
[141.325s][info][gc] GC(2323) Pause Young (G1 Evacuation Pause) 933M->15M(1537M) 2.621ms
[141.389s][info][gc] GC(2324) Pause Young (G1 Evacuation Pause) 933M->14M(1537M) 2.006ms
[141.444s][info][gc] GC(2325) Pause Young (G1 Evacuation Pause) 933M->14M(1537M) 2.454ms
[141.498s][info][gc] GC(2326) Pause Young (G1 Evacuation Pause) 933M->14M(1537M) 2.251ms
[141.553s][info][gc] GC(2327) Pause Young (G1 Evacuation Pause) 933M->15M(1537M) 1.214ms
[141.604s][info][gc] GC(2328) Pause Young (G1 Evacuation Pause) 933M->15M(1537M) 1.161ms
[141.658s][info][gc] GC(2329) Pause Young (G1 Evacuation Pause) 933M->16M(1537M) 2.237ms
[141.710s][info][gc] GC(2330) Pause Young (G1 Evacuation Pause) 933M->15M(1537M) 2.506ms
[141.764s][info][gc] GC(2331) Pause Young (G1 Evacuation Pause) 933M->15M(1537M) 2.158ms
[141.827s][info][gc] GC(2332) Pause Young (G1 Evacuation Pause) 933M->14M(1537M) 2.250ms
[141.882s][info][gc] GC(2333) Pause Young (G1 Evacuation Pause) 933M->13M(1537M) 1.857ms
[141.935s][info][gc] GC(2334) Pause Young (G1 Evacuation Pause) 933M->14M(1537M) 2.357ms
[141.988s][info][gc] GC(2335) Pause Young (G1 Evacuation Pause) 933M->14M(1537M) 1.218ms
[142.042s][info][gc] GC(2336) Pause Young (G1 Evacuation Pause) 933M->14M(1537M) 1.587ms
[142.094s][info][gc] GC(2337) Pause Young (G1 Evacuation Pause) 933M->15M(1537M) 2.454ms
[142.147s][info][gc] GC(2338) Pause Young (G1 Evacuation Pause) 933M->14M(1537M) 2.044ms
[142.199s][info][gc] GC(2339) Pause Young (G1 Evacuation Pause) 933M->13M(1537M) 1.117ms
[142.255s][info][gc] GC(2340) Pause Young (G1 Evacuation Pause) 933M->14M(1537M) 1.135ms
[142.306s][info][gc] GC(2341) Pause Young (G1 Evacuation Pause) 933M->14M(1537M) 1.890ms
[142.359s][info][gc] GC(2342) Pause Young (G1 Evacuation Pause) 933M->16M(1537M) 2.502ms
[142.413s][info][gc] GC(2343) Pause Young (G1 Evacuation Pause) 933M->15M(1537M) 1.211ms
[142.465s][info][gc] GC(2344) Pause Young (G1 Evacuation Pause) 933M->13M(1537M) 1.238ms
[142.517s][info][gc] GC(2345) Pause Young (G1 Evacuation Pause) 933M->14M(1537M) 1.972ms
[142.574s][info][gc] GC(2346) Pause Young (G1 Evacuation Pause) 933M->15M(1537M) 2.516ms
[142.626s][info][gc] GC(2347) Pause Young (G1 Evacuation Pause) 933M->15M(1537M) 1.890ms
[142.681s][info][gc] GC(2348) Pause Young (G1 Evacuation Pause) 933M->15M(1537M) 2.067ms
[142.734s][info][gc] GC(2349) Pause Young (G1 Evacuation Pause) 933M->16M(1537M) 2.055ms
[142.787s][info][gc] GC(2350) Pause Young (G1 Evacuation Pause) 933M->13M(1537M) 2.037ms
[142.839s][info][gc] GC(2351) Pause Young (G1 Evacuation Pause) 933M->14M(1537M) 1.515ms
[142.895s][info][gc] GC(2352) Pause Young (G1 Evacuation Pause) 933M->15M(1537M) 1.332ms
[142.946s][info][gc] GC(2353) Pause Young (G1 Evacuation Pause) 933M->15M(1537M) 2.072ms
[143.001s][info][gc] GC(2354) Pause Young (G1 Evacuation Pause) 933M->14M(1537M) 2.197ms
[143.052s][info][gc] GC(2355) Pause Young (G1 Evacuation Pause) 933M->13M(1537M) 1.368ms
[143.106s][info][gc] GC(2356) Pause Young (G1 Evacuation Pause) 933M->13M(1537M) 1.927ms
[143.164s][info][gc] GC(2357) Pause Young (G1 Evacuation Pause) 933M->15M(1537M) 2.212ms
[143.218s][info][gc] GC(2358) Pause Young (G1 Evacuation Pause) 933M->15M(1537M) 2.090ms
[143.272s][info][gc] GC(2359) Pause Young (G1 Evacuation Pause) 933M->15M(1537M) 2.358ms
[143.324s][info][gc] GC(2360) Pause Young (G1 Evacuation Pause) 933M->14M(1537M) 2.078ms
[143.377s][info][gc] GC(2361) Pause Young (G1 Evacuation Pause) 933M->14M(1537M) 2.066ms
[143.431s][info][gc] GC(2362) Pause Young (G1 Evacuation Pause) 933M->14M(1537M) 1.979ms
[143.483s][info][gc] GC(2363) Pause Young (G1 Evacuation Pause) 934M->15M(1537M) 2.615ms
[143.536s][info][gc] GC(2364) Pause Young (G1 Evacuation Pause) 933M->12M(1537M) 1.202ms
[143.588s][info][gc] GC(2365) Pause Young (G1 Evacuation Pause) 933M->14M(1537M) 1.183ms
[143.639s][info][gc] GC(2366) Pause Young (G1 Evacuation Pause) 933M->14M(1537M) 1.957ms
[143.695s][info][gc] GC(2367) Pause Young (G1 Evacuation Pause) 933M->15M(1537M) 2.232ms
[143.745s][info][gc] GC(2368) Pause Young (G1 Evacuation Pause) 933M->13M(1537M) 1.141ms
[143.798s][info][gc] GC(2369) Pause Young (G1 Evacuation Pause) 933M->13M(1537M) 1.475ms
[143.851s][info][gc] GC(2370) Pause Young (G1 Evacuation Pause) 933M->13M(1537M) 1.888ms
[143.903s][info][gc] GC(2371) Pause Young (G1 Evacuation Pause) 933M->14M(1537M) 2.033ms
[143.954s][info][gc] GC(2372) Pause Young (G1 Evacuation Pause) 933M->14M(1537M) 1.174ms
[144.010s][info][gc] GC(2373) Pause Young (G1 Evacuation Pause) 933M->14M(1537M) 2.269ms
[144.061s][info][gc] GC(2374) Pause Young (G1 Evacuation Pause) 933M->14M(1537M) 2.214ms
[144.111s][info][gc] GC(2375) Pause Young (G1 Evacuation Pause) 933M->15M(1537M) 1.543ms
[144.167s][info][gc] GC(2376) Pause Young (G1 Evacuation Pause) 933M->14M(1537M) 1.120ms
[144.217s][info][gc] GC(2377) Pause Young (G1 Evacuation Pause) 933M->14M(1537M) 1.890ms
[144.267s][info][gc] GC(2378) Pause Young (G1 Evacuation Pause) 933M->13M(1537M) 1.111ms
[144.323s][info][gc] GC(2379) Pause Young (G1 Evacuation Pause) 933M->15M(1537M) 1.223ms
[144.373s][info][gc] GC(2380) Pause Young (G1 Evacuation Pause) 933M->13M(1537M) 2.116ms
[144.428s][info][gc] GC(2381) Pause Young (G1 Evacuation Pause) 933M->15M(1537M) 2.436ms
[144.479s][info][gc] GC(2382) Pause Young (G1 Evacuation Pause) 933M->14M(1537M) 1.109ms
[144.531s][info][gc] GC(2383) Pause Young (G1 Evacuation Pause) 933M->15M(1537M) 1.210ms
[144.586s][info][gc] GC(2384) Pause Young (G1 Evacuation Pause) 933M->15M(1537M) 2.116ms
[144.638s][info][gc] GC(2385) Pause Young (G1 Evacuation Pause) 933M->15M(1537M) 2.200ms
[144.693s][info][gc] GC(2386) Pause Young (G1 Evacuation Pause) 933M->16M(1537M) 1.898ms
[144.745s][info][gc] GC(2387) Pause Young (G1 Evacuation Pause) 933M->15M(1537M) 2.184ms
[144.795s][info][gc] GC(2388) Pause Young (G1 Evacuation Pause) 933M->14M(1537M) 2.007ms
[144.848s][info][gc] GC(2389) Pause Young (G1 Evacuation Pause) 933M->14M(1537M) 2.292ms
[144.899s][info][gc] GC(2390) Pause Young (G1 Evacuation Pause) 933M->13M(1537M) 1.290ms
[144.953s][info][gc] GC(2391) Pause Young (G1 Evacuation Pause) 933M->14M(1537M) 1.252ms
[145.005s][info][gc] GC(2392) Pause Young (G1 Evacuation Pause) 933M->14M(1537M) 1.914ms
[145.058s][info][gc] GC(2393) Pause Young (G1 Evacuation Pause) 933M->14M(1537M) 2.493ms
[145.112s][info][gc] GC(2394) Pause Young (G1 Evacuation Pause) 933M->15M(1537M) 1.782ms
[145.166s][info][gc] GC(2395) Pause Young (G1 Evacuation Pause) 933M->14M(1537M) 1.235ms
[145.217s][info][gc] GC(2396) Pause Young (G1 Evacuation Pause) 933M->15M(1537M) 1.919ms
[145.273s][info][gc] GC(2397) Pause Young (G1 Evacuation Pause) 933M->13M(1537M) 2.342ms
[145.324s][info][gc] GC(2398) Pause Young (G1 Evacuation Pause) 933M->15M(1537M) 2.053ms
[145.376s][info][gc] GC(2399) Pause Young (G1 Evacuation Pause) 933M->15M(1537M) 1.714ms
[145.430s][info][gc] GC(2400) Pause Young (G1 Evacuation Pause) 933M->15M(1537M) 1.935ms
[145.479s][info][gc] GC(2401) Pause Young (G1 Evacuation Pause) 933M->14M(1537M) 1.327ms
[145.533s][info][gc] GC(2402) Pause Young (G1 Evacuation Pause) 933M->15M(1537M) 1.495ms
[145.589s][info][gc] GC(2403) Pause Young (G1 Evacuation Pause) 933M->15M(1537M) 1.297ms
[145.641s][info][gc] GC(2404) Pause Young (G1 Evacuation Pause) 933M->14M(1537M) 2.137ms
[145.692s][info][gc] GC(2405) Pause Young (G1 Evacuation Pause) 933M->14M(1537M) 1.590ms
[145.747s][info][gc] GC(2406) Pause Young (G1 Evacuation Pause) 933M->13M(1537M) 1.140ms
[145.797s][info][gc] GC(2407) Pause Young (G1 Evacuation Pause) 933M->13M(1537M) 1.835ms
[145.853s][info][gc] GC(2408) Pause Young (G1 Evacuation Pause) 933M->14M(1537M) 2.187ms
[145.903s][info][gc] GC(2409) Pause Young (G1 Evacuation Pause) 933M->13M(1537M) 1.081ms
[145.955s][info][gc] GC(2410) Pause Young (G1 Evacuation Pause) 933M->14M(1537M) 1.250ms
[146.012s][info][gc] GC(2411) Pause Young (G1 Evacuation Pause) 933M->16M(1537M) 2.635ms
[146.063s][info][gc] GC(2412) Pause Young (G1 Evacuation Pause) 933M->14M(1537M) 1.190ms
[146.118s][info][gc] GC(2413) Pause Young (G1 Evacuation Pause) 933M->15M(1537M) 1.985ms
[146.173s][info][gc] GC(2414) Pause Young (G1 Evacuation Pause) 933M->14M(1537M) 2.046ms
[146.226s][info][gc] GC(2415) Pause Young (G1 Evacuation Pause) 933M->14M(1537M) 2.568ms
[146.276s][info][gc] GC(2416) Pause Young (G1 Evacuation Pause) 933M->14M(1537M) 1.926ms
[146.332s][info][gc] GC(2417) Pause Young (G1 Evacuation Pause) 933M->14M(1537M) 1.303ms
[146.383s][info][gc] GC(2418) Pause Young (G1 Evacuation Pause) 933M->15M(1537M) 1.940ms
[146.435s][info][gc] GC(2419) Pause Young (G1 Evacuation Pause) 933M->13M(1537M) 2.051ms
[146.489s][info][gc] GC(2420) Pause Young (G1 Evacuation Pause) 933M->15M(1537M) 1.296ms
[146.542s][info][gc] GC(2421) Pause Young (G1 Evacuation Pause) 933M->16M(1537M) 2.247ms
[146.597s][info][gc] GC(2422) Pause Young (G1 Evacuation Pause) 933M->15M(1537M) 2.071ms
[146.645s][info][gc] GC(2423) Pause Young (G1 Evacuation Pause) 933M->14M(1537M) 1.173ms
[146.699s][info][gc] GC(2424) Pause Young (G1 Evacuation Pause) 933M->15M(1537M) 1.357ms
[146.751s][info][gc] GC(2425) Pause Young (G1 Evacuation Pause) 933M->14M(1537M) 2.120ms
[146.803s][info][gc] GC(2426) Pause Young (G1 Evacuation Pause) 933M->15M(1537M) 2.311ms
[146.855s][info][gc] GC(2427) Pause Young (G1 Evacuation Pause) 933M->15M(1537M) 1.416ms
[146.911s][info][gc] GC(2428) Pause Young (G1 Evacuation Pause) 933M->15M(1537M) 1.836ms
[146.963s][info][gc] GC(2429) Pause Young (G1 Evacuation Pause) 933M->16M(1537M) 2.167ms
[147.019s][info][gc] GC(2430) Pause Young (G1 Evacuation Pause) 933M->15M(1537M) 2.373ms
[147.070s][info][gc] GC(2431) Pause Young (G1 Evacuation Pause) 933M->14M(1537M) 1.092ms
[147.124s][info][gc] GC(2432) Pause Young (G1 Evacuation Pause) 933M->15M(1537M) 2.248ms
[147.178s][info][gc] GC(2433) Pause Young (G1 Evacuation Pause) 933M->14M(1537M) 2.302ms
[147.230s][info][gc] GC(2434) Pause Young (G1 Evacuation Pause) 933M->15M(1537M) 1.268ms
[147.282s][info][gc] GC(2435) Pause Young (G1 Evacuation Pause) 933M->15M(1537M) 1.298ms
[147.336s][info][gc] GC(2436) Pause Young (G1 Evacuation Pause) 933M->15M(1537M) 1.192ms
[147.388s][info][gc] GC(2437) Pause Young (G1 Evacuation Pause) 933M->14M(1537M) 2.119ms
[147.442s][info][gc] GC(2438) Pause Young (G1 Evacuation Pause) 933M->15M(1537M) 2.677ms
[147.498s][info][gc] GC(2439) Pause Young (G1 Evacuation Pause) 933M->14M(1537M) 2.299ms
[147.552s][info][gc] GC(2440) Pause Young (G1 Evacuation Pause) 933M->14M(1537M) 1.178ms
[147.608s][info][gc] GC(2441) Pause Young (G1 Evacuation Pause) 933M->14M(1537M) 2.417ms
[147.663s][info][gc] GC(2442) Pause Young (G1 Evacuation Pause) 933M->15M(1537M) 2.312ms
[147.714s][info][gc] GC(2443) Pause Young (G1 Evacuation Pause) 933M->15M(1537M) 1.401ms
[147.769s][info][gc] GC(2444) Pause Young (G1 Evacuation Pause) 933M->14M(1537M) 1.277ms
[147.820s][info][gc] GC(2445) Pause Young (G1 Evacuation Pause) 933M->14M(1537M) 1.903ms
[147.872s][info][gc] GC(2446) Pause Young (G1 Evacuation Pause) 933M->15M(1537M) 2.336ms
[147.927s][info][gc] GC(2447) Pause Young (G1 Evacuation Pause) 933M->14M(1537M) 1.775ms
[147.981s][info][gc] GC(2448) Pause Young (G1 Evacuation Pause) 933M->14M(1537M) 1.750ms
[148.036s][info][gc] GC(2449) Pause Young (G1 Evacuation Pause) 933M->14M(1537M) 2.168ms
[148.094s][info][gc] GC(2450) Pause Young (G1 Evacuation Pause) 933M->15M(1537M) 2.921ms
[148.145s][info][gc] GC(2451) Pause Young (G1 Evacuation Pause) 933M->14M(1537M) 1.456ms
[148.203s][info][gc] GC(2452) Pause Young (G1 Evacuation Pause) 933M->15M(1537M) 1.173ms
[148.253s][info][gc] GC(2453) Pause Young (G1 Evacuation Pause) 933M->14M(1537M) 1.978ms
[148.309s][info][gc] GC(2454) Pause Young (G1 Evacuation Pause) 933M->14M(1537M) 2.734ms
[148.360s][info][gc] GC(2455) Pause Young (G1 Evacuation Pause) 933M->15M(1537M) 1.927ms
[148.413s][info][gc] GC(2456) Pause Young (G1 Evacuation Pause) 933M->14M(1537M) 1.445ms
[148.466s][info][gc] GC(2457) Pause Young (G1 Evacuation Pause) 933M->14M(1537M) 2.202ms
[148.519s][info][gc] GC(2458) Pause Young (G1 Evacuation Pause) 933M->13M(1537M) 2.078ms
[148.571s][info][gc] GC(2459) Pause Young (G1 Evacuation Pause) 933M->14M(1537M) 1.210ms
[148.626s][info][gc] GC(2460) Pause Young (G1 Evacuation Pause) 933M->15M(1537M) 1.761ms
[148.677s][info][gc] GC(2461) Pause Young (G1 Evacuation Pause) 933M->13M(1537M) 2.155ms
[148.732s][info][gc] GC(2462) Pause Young (G1 Evacuation Pause) 933M->12M(1537M) 2.227ms
[148.783s][info][gc] GC(2463) Pause Young (G1 Evacuation Pause) 933M->14M(1537M) 1.293ms
[148.836s][info][gc] GC(2464) Pause Young (G1 Evacuation Pause) 933M->14M(1537M) 1.350ms
[148.891s][info][gc] GC(2465) Pause Young (G1 Evacuation Pause) 933M->13M(1537M) 2.042ms
[148.944s][info][gc] GC(2466) Pause Young (G1 Evacuation Pause) 933M->15M(1537M) 2.544ms
[148.994s][info][gc] GC(2467) Pause Young (G1 Evacuation Pause) 933M->15M(1537M) 1.154ms
[149.051s][info][gc] GC(2468) Pause Young (G1 Evacuation Pause) 933M->14M(1537M) 1.888ms
[149.104s][info][gc] GC(2469) Pause Young (G1 Evacuation Pause) 933M->15M(1537M) 2.134ms
[149.160s][info][gc] GC(2470) Pause Young (G1 Evacuation Pause) 933M->13M(1537M) 2.517ms
[149.216s][info][gc] GC(2471) Pause Young (G1 Evacuation Pause) 933M->15M(1537M) 2.424ms
[149.268s][info][gc] GC(2472) Pause Young (G1 Evacuation Pause) 933M->14M(1537M) 1.116ms
[149.324s][info][gc] GC(2473) Pause Young (G1 Evacuation Pause) 933M->15M(1537M) 2.130ms
[149.376s][info][gc] GC(2474) Pause Young (G1 Evacuation Pause) 933M->14M(1537M) 2.278ms
[149.427s][info][gc] GC(2475) Pause Young (G1 Evacuation Pause) 933M->15M(1537M) 2.555ms
[149.483s][info][gc] GC(2476) Pause Young (G1 Evacuation Pause) 933M->16M(1537M) 2.281ms
[149.536s][info][gc] GC(2477) Pause Young (G1 Evacuation Pause) 933M->14M(1537M) 1.266ms
[149.587s][info][gc] GC(2478) Pause Young (G1 Evacuation Pause) 933M->14M(1537M) 2.066ms
[149.643s][info][gc] GC(2479) Pause Young (G1 Evacuation Pause) 933M->14M(1537M) 2.488ms
[149.693s][info][gc] GC(2480) Pause Young (G1 Evacuation Pause) 933M->13M(1537M) 1.092ms
[149.747s][info][gc] GC(2481) Pause Young (G1 Evacuation Pause) 934M->14M(1537M) 2.194ms
[149.804s][info][gc] GC(2482) Pause Young (G1 Evacuation Pause) 933M->14M(1537M) 2.080ms
[149.861s][info][gc] GC(2483) Pause Young (G1 Evacuation Pause) 933M->15M(1537M) 2.325ms
[149.919s][info][gc] GC(2484) Pause Young (G1 Evacuation Pause) 933M->14M(1537M) 2.562ms
[149.974s][info][gc] GC(2485) Pause Young (G1 Evacuation Pause) 933M->13M(1537M) 2.214ms
[150.030s][info][gc] GC(2486) Pause Young (G1 Evacuation Pause) 933M->14M(1537M) 1.504ms
[150.089s][info][gc] GC(2487) Pause Young (G1 Evacuation Pause) 933M->15M(1537M) 2.102ms
[150.146s][info][gc] GC(2488) Pause Young (G1 Evacuation Pause) 933M->14M(1537M) 2.080ms
[150.205s][info][gc] GC(2489) Pause Young (G1 Evacuation Pause) 933M->14M(1537M) 2.251ms
[150.258s][info][gc] GC(2490) Pause Young (G1 Evacuation Pause) 933M->15M(1537M) 1.719ms
[150.313s][info][gc] GC(2491) Pause Young (G1 Evacuation Pause) 933M->14M(1537M) 1.443ms
[150.370s][info][gc] GC(2492) Pause Young (G1 Evacuation Pause) 933M->13M(1537M) 1.930ms
[150.426s][info][gc] GC(2493) Pause Young (G1 Evacuation Pause) 933M->15M(1537M) 2.320ms
[150.480s][info][gc] GC(2494) Pause Young (G1 Evacuation Pause) 933M->14M(1537M) 1.562ms
[150.538s][info][gc] GC(2495) Pause Young (G1 Evacuation Pause) 933M->14M(1537M) 2.258ms
[150.593s][info][gc] GC(2496) Pause Young (G1 Evacuation Pause) 933M->14M(1537M) 2.358ms
[150.649s][info][gc] GC(2497) Pause Young (G1 Evacuation Pause) 933M->15M(1537M) 2.508ms
[150.704s][info][gc] GC(2498) Pause Young (G1 Evacuation Pause) 933M->14M(1537M) 3.129ms
[150.761s][info][gc] GC(2499) Pause Young (G1 Evacuation Pause) 933M->14M(1537M) 1.934ms
[150.817s][info][gc] GC(2500) Pause Young (G1 Evacuation Pause) 933M->13M(1537M) 2.661ms
[150.870s][info][gc] GC(2501) Pause Young (G1 Evacuation Pause) 933M->13M(1537M) 2.233ms
[150.926s][info][gc] GC(2502) Pause Young (G1 Evacuation Pause) 933M->15M(1537M) 2.876ms
[150.980s][info][gc] GC(2503) Pause Young (G1 Evacuation Pause) 933M->14M(1537M) 2.041ms
[151.033s][info][gc] GC(2504) Pause Young (G1 Evacuation Pause) 933M->14M(1537M) 2.171ms
[151.087s][info][gc] GC(2505) Pause Young (G1 Evacuation Pause) 933M->14M(1537M) 1.184ms
[151.140s][info][gc] GC(2506) Pause Young (G1 Evacuation Pause) 933M->14M(1537M) 1.982ms
[151.192s][info][gc] GC(2507) Pause Young (G1 Evacuation Pause) 933M->13M(1537M) 2.297ms
[151.247s][info][gc] GC(2508) Pause Young (G1 Evacuation Pause) 933M->14M(1537M) 2.418ms
[151.298s][info][gc] GC(2509) Pause Young (G1 Evacuation Pause) 933M->13M(1537M) 1.180ms
[151.351s][info][gc] GC(2510) Pause Young (G1 Evacuation Pause) 933M->14M(1537M) 1.268ms
[151.404s][info][gc] GC(2511) Pause Young (G1 Evacuation Pause) 933M->14M(1537M) 1.885ms
[151.456s][info][gc] GC(2512) Pause Young (G1 Evacuation Pause) 933M->14M(1537M) 2.436ms
[151.509s][info][gc] GC(2513) Pause Young (G1 Evacuation Pause) 933M->15M(1537M) 2.300ms
[151.563s][info][gc] GC(2514) Pause Young (G1 Evacuation Pause) 933M->14M(1537M) 1.250ms
[151.615s][info][gc] GC(2515) Pause Young (G1 Evacuation Pause) 933M->15M(1537M) 1.885ms
[151.673s][info][gc] GC(2516) Pause Young (G1 Evacuation Pause) 933M->14M(1537M) 2.164ms
[151.726s][info][gc] GC(2517) Pause Young (G1 Evacuation Pause) 933M->14M(1537M) 1.983ms
[151.778s][info][gc] GC(2518) Pause Young (G1 Evacuation Pause) 933M->14M(1537M) 1.734ms
[151.833s][info][gc] GC(2519) Pause Young (G1 Evacuation Pause) 933M->15M(1537M) 1.921ms
[151.884s][info][gc] GC(2520) Pause Young (G1 Evacuation Pause) 933M->14M(1537M) 2.069ms
[151.936s][info][gc] GC(2521) Pause Young (G1 Evacuation Pause) 933M->13M(1537M) 1.070ms
[151.992s][info][gc] GC(2522) Pause Young (G1 Evacuation Pause) 934M->13M(1537M) 1.905ms
[152.043s][info][gc] GC(2523) Pause Young (G1 Evacuation Pause) 933M->15M(1537M) 2.242ms
[152.094s][info][gc] GC(2524) Pause Young (G1 Evacuation Pause) 933M->14M(1537M) 1.867ms
[152.150s][info][gc] GC(2525) Pause Young (G1 Evacuation Pause) 933M->15M(1537M) 1.231ms
[152.202s][info][gc] GC(2526) Pause Young (G1 Evacuation Pause) 933M->13M(1537M) 1.058ms
[152.253s][info][gc] GC(2527) Pause Young (G1 Evacuation Pause) 933M->14M(1537M) 1.878ms
[152.309s][info][gc] GC(2528) Pause Young (G1 Evacuation Pause) 933M->14M(1537M) 2.582ms
[152.361s][info][gc] GC(2529) Pause Young (G1 Evacuation Pause) 933M->15M(1537M) 1.197ms
[152.415s][info][gc] GC(2530) Pause Young (G1 Evacuation Pause) 933M->12M(1537M) 1.408ms
[152.469s][info][gc] GC(2531) Pause Young (G1 Evacuation Pause) 933M->14M(1537M) 1.143ms
[152.520s][info][gc] GC(2532) Pause Young (G1 Evacuation Pause) 933M->13M(1537M) 1.987ms
[152.572s][info][gc] GC(2533) Pause Young (G1 Evacuation Pause) 933M->15M(1537M) 1.205ms
[152.628s][info][gc] GC(2534) Pause Young (G1 Evacuation Pause) 933M->15M(1537M) 1.913ms
[152.680s][info][gc] GC(2535) Pause Young (G1 Evacuation Pause) 933M->14M(1537M) 2.140ms
[152.732s][info][gc] GC(2536) Pause Young (G1 Evacuation Pause) 933M->14M(1537M) 2.498ms
[152.785s][info][gc] GC(2537) Pause Young (G1 Evacuation Pause) 933M->15M(1537M) 1.149ms
[152.838s][info][gc] GC(2538) Pause Young (G1 Evacuation Pause) 933M->14M(1537M) 1.923ms
[152.892s][info][gc] GC(2539) Pause Young (G1 Evacuation Pause) 933M->13M(1537M) 2.162ms
[152.944s][info][gc] GC(2540) Pause Young (G1 Evacuation Pause) 933M->15M(1537M) 2.023ms
[152.998s][info][gc] GC(2541) Pause Young (G1 Evacuation Pause) 933M->15M(1537M) 2.141ms
[153.052s][info][gc] GC(2542) Pause Young (G1 Evacuation Pause) 933M->15M(1537M) 1.208ms
[153.109s][info][gc] GC(2543) Pause Young (G1 Evacuation Pause) 933M->14M(1537M) 2.901ms
[153.170s][info][gc] GC(2544) Pause Young (G1 Evacuation Pause) 933M->14M(1537M) 2.326ms
[153.232s][info][gc] GC(2545) Pause Young (G1 Evacuation Pause) 933M->15M(1537M) 2.313ms
[153.298s][info][gc] GC(2546) Pause Young (G1 Evacuation Pause) 933M->14M(1537M) 3.352ms
[153.354s][info][gc] GC(2547) Pause Young (G1 Evacuation Pause) 933M->14M(1537M) 2.268ms
[153.414s][info][gc] GC(2548) Pause Young (G1 Evacuation Pause) 933M->13M(1537M) 2.050ms
[153.475s][info][gc] GC(2549) Pause Young (G1 Evacuation Pause) 933M->15M(1537M) 2.682ms
[153.532s][info][gc] GC(2550) Pause Young (G1 Evacuation Pause) 933M->14M(1537M) 2.491ms
[153.594s][info][gc] GC(2551) Pause Young (G1 Evacuation Pause) 933M->15M(1537M) 1.775ms
[153.657s][info][gc] GC(2552) Pause Young (G1 Evacuation Pause) 933M->15M(1537M) 2.485ms
[153.721s][info][gc] GC(2553) Pause Young (G1 Evacuation Pause) 933M->15M(1537M) 1.554ms
[153.782s][info][gc] GC(2554) Pause Young (G1 Evacuation Pause) 933M->15M(1537M) 3.304ms
[153.842s][info][gc] GC(2555) Pause Young (G1 Evacuation Pause) 933M->15M(1537M) 3.858ms
[154.035s][info][gc] GC(2556) Pause Full (Diagnostic Command) 900M->7M(26M) 134.764ms
[154.042s][info][gc] GC(2557) Pause Young (G1 Evacuation Pause) 17M->12M(26M) 2.715ms
[154.047s][info][gc] GC(2558) Pause Initial Mark (G1 Evacuation Pause) 23M->14M(143M) 3.771ms
[154.047s][info][gc] GC(2559) Concurrent Cycle
[154.056s][info][gc] GC(2559) Pause Remark 32M->32M(143M) 2.690ms
[154.059s][info][gc] GC(2559) Pause Cleanup 37M->33M(143M) 0.383ms
[154.062s][info][gc] GC(2559) Concurrent Cycle 14.313ms
[154.086s][info][gc] GC(2560) Pause Young (G1 Evacuation Pause) 91M->12M(143M) 4.184ms
[154.094s][info][gc] GC(2561) Pause Young (G1 Evacuation Pause) 91M->10M(143M) 1.931ms
[154.102s][info][gc] GC(2562) Pause Young (G1 Evacuation Pause) 91M->9M(143M) 2.528ms
[154.109s][info][gc] GC(2563) Pause Young (G1 Evacuation Pause) 91M->9M(222M) 2.151ms
[154.141s][info][gc] GC(2564) Pause Young (G1 Evacuation Pause) 139M->10M(222M) 1.736ms
[154.152s][info][gc] GC(2565) Pause Young (G1 Evacuation Pause) 139M->9M(222M) 1.431ms
[154.163s][info][gc] GC(2566) Pause Young (G1 Evacuation Pause) 139M->10M(222M) 2.624ms
[154.173s][info][gc] GC(2567) Pause Young (G1 Evacuation Pause) 139M->10M(341M) 2.799ms
[154.228s][info][gc] GC(2568) Pause Young (G1 Evacuation Pause) 210M->9M(341M) 1.454ms
[154.240s][info][gc] GC(2569) Pause Young (G1 Evacuation Pause) 210M->10M(341M) 1.611ms
[154.251s][info][gc] GC(2570) Pause Young (G1 Evacuation Pause) 210M->9M(341M) 0.780ms
[154.266s][info][gc] GC(2571) Pause Young (G1 Evacuation Pause) 210M->9M(682M) 4.915ms
[154.392s][info][gc] GC(2572) Pause Young (G1 Evacuation Pause) 415M->10M(682M) 0.978ms
[154.414s][info][gc] GC(2573) Pause Young (G1 Evacuation Pause) 415M->11M(682M) 1.396ms
[154.437s][info][gc] GC(2574) Pause Young (G1 Evacuation Pause) 415M->9M(682M) 1.702ms
[154.470s][info][gc] GC(2575) Pause Young (G1 Evacuation Pause) 415M->10M(1364M) 7.378ms
[154.716s][info][gc] GC(2576) Pause Young (G1 Evacuation Pause) 824M->9M(1364M) 1.077ms
[154.766s][info][gc] GC(2577) Pause Young (G1 Evacuation Pause) 824M->10M(1364M) 1.922ms
[154.813s][info][gc] GC(2578) Pause Young (G1 Evacuation Pause) 824M->9M(1364M) 1.898ms
[154.857s][info][gc] GC(2579) Pause Young (G1 Evacuation Pause) 824M->9M(1364M) 2.178ms
[154.902s][info][gc] GC(2580) Pause Young (G1 Evacuation Pause) 824M->10M(1364M) 2.060ms
[154.950s][info][gc] GC(2581) Pause Young (G1 Evacuation Pause) 824M->10M(1364M) 2.103ms
[154.995s][info][gc] GC(2582) Pause Young (G1 Evacuation Pause) 824M->10M(1364M) 1.871ms
[155.048s][info][gc] GC(2583) Pause Young (G1 Evacuation Pause) 824M->10M(1364M) 2.268ms
[155.097s][info][gc] GC(2584) Pause Young (G1 Evacuation Pause) 824M->9M(1364M) 1.148ms
[155.146s][info][gc] GC(2585) Pause Young (G1 Evacuation Pause) 824M->9M(1364M) 1.093ms
[155.198s][info][gc] GC(2586) Pause Young (G1 Evacuation Pause) 824M->10M(1364M) 2.252ms
[155.245s][info][gc] GC(2587) Pause Young (G1 Evacuation Pause) 824M->10M(1364M) 1.455ms
[155.293s][info][gc] GC(2588) Pause Young (G1 Evacuation Pause) 824M->8M(1364M) 2.156ms
[155.339s][info][gc] GC(2589) Pause Young (G1 Evacuation Pause) 824M->10M(1364M) 2.200ms
[155.393s][info][gc] GC(2590) Pause Young (G1 Evacuation Pause) 824M->10M(1364M) 2.238ms
[155.437s][info][gc] GC(2591) Pause Young (G1 Evacuation Pause) 824M->9M(1364M) 1.109ms
[155.486s][info][gc] GC(2592) Pause Young (G1 Evacuation Pause) 824M->8M(1364M) 1.882ms
[155.540s][info][gc] GC(2593) Pause Young (G1 Evacuation Pause) 824M->8M(1364M) 2.076ms
[155.596s][info][gc] GC(2594) Pause Young (G1 Evacuation Pause) 824M->9M(1364M) 2.099ms
[155.647s][info][gc] GC(2595) Pause Young (G1 Evacuation Pause) 824M->9M(1364M) 2.235ms
[155.697s][info][gc] GC(2596) Pause Young (G1 Evacuation Pause) 824M->10M(1364M) 1.878ms
[155.745s][info][gc] GC(2597) Pause Young (G1 Evacuation Pause) 824M->8M(1364M) 2.520ms
[155.791s][info][gc] GC(2598) Pause Young (G1 Evacuation Pause) 824M->9M(1364M) 2.643ms
[155.840s][info][gc] GC(2599) Pause Young (G1 Evacuation Pause) 824M->8M(1364M) 1.871ms
[155.886s][info][gc] GC(2600) Pause Young (G1 Evacuation Pause) 824M->9M(1364M) 1.067ms
[155.931s][info][gc] GC(2601) Pause Young (G1 Evacuation Pause) 824M->10M(1364M) 2.049ms
[155.979s][info][gc] GC(2602) Pause Young (G1 Evacuation Pause) 824M->8M(1364M) 1.060ms
[156.027s][info][gc] GC(2603) Pause Young (G1 Evacuation Pause) 824M->9M(1364M) 2.183ms
[156.073s][info][gc] GC(2604) Pause Young (G1 Evacuation Pause) 824M->11M(1364M) 2.309ms
[156.121s][info][gc] GC(2605) Pause Young (G1 Evacuation Pause) 824M->9M(1364M) 1.167ms
[156.167s][info][gc] GC(2606) Pause Young (G1 Evacuation Pause) 824M->9M(1364M) 1.075ms
[156.213s][info][gc] GC(2607) Pause Young (G1 Evacuation Pause) 824M->9M(1364M) 1.912ms
[156.258s][info][gc] GC(2608) Pause Young (G1 Evacuation Pause) 824M->10M(1364M) 1.861ms
[156.308s][info][gc] GC(2609) Pause Young (G1 Evacuation Pause) 824M->9M(1364M) 2.140ms
[156.352s][info][gc] GC(2610) Pause Young (G1 Evacuation Pause) 824M->9M(1364M) 2.043ms
[156.397s][info][gc] GC(2611) Pause Young (G1 Evacuation Pause) 824M->10M(1364M) 1.460ms
[156.447s][info][gc] GC(2612) Pause Young (G1 Evacuation Pause) 824M->8M(1364M) 1.005ms
[156.493s][info][gc] GC(2613) Pause Young (G1 Evacuation Pause) 824M->9M(1364M) 2.240ms
[156.539s][info][gc] GC(2614) Pause Young (G1 Evacuation Pause) 824M->10M(1364M) 1.295ms
[156.587s][info][gc] GC(2615) Pause Young (G1 Evacuation Pause) 824M->9M(1364M) 1.136ms
[156.631s][info][gc] GC(2616) Pause Young (G1 Evacuation Pause) 824M->8M(1364M) 1.906ms
[156.679s][info][gc] GC(2617) Pause Young (G1 Evacuation Pause) 824M->9M(1364M) 1.032ms
[156.726s][info][gc] GC(2618) Pause Young (G1 Evacuation Pause) 824M->10M(1364M) 2.099ms
[156.770s][info][gc] GC(2619) Pause Young (G1 Evacuation Pause) 824M->10M(1364M) 2.156ms
[156.818s][info][gc] GC(2620) Pause Young (G1 Evacuation Pause) 824M->8M(1364M) 1.044ms
[156.865s][info][gc] GC(2621) Pause Young (G1 Evacuation Pause) 824M->10M(1364M) 1.130ms
[156.911s][info][gc] GC(2622) Pause Young (G1 Evacuation Pause) 824M->9M(1364M) 2.260ms
[156.960s][info][gc] GC(2623) Pause Young (G1 Evacuation Pause) 824M->9M(1364M) 2.026ms
[157.005s][info][gc] GC(2624) Pause Young (G1 Evacuation Pause) 824M->10M(1364M) 1.120ms
[157.049s][info][gc] GC(2625) Pause Young (G1 Evacuation Pause) 824M->9M(1364M) 1.977ms
[157.094s][info][gc] GC(2626) Pause Young (G1 Evacuation Pause) 824M->8M(1364M) 1.136ms
[157.144s][info][gc] GC(2627) Pause Young (G1 Evacuation Pause) 824M->9M(1364M) 1.635ms
[157.190s][info][gc] GC(2628) Pause Young (G1 Evacuation Pause) 824M->10M(1364M) 2.320ms
[157.236s][info][gc] GC(2629) Pause Young (G1 Evacuation Pause) 824M->10M(1364M) 1.709ms
[157.288s][info][gc] GC(2630) Pause Young (G1 Evacuation Pause) 824M->8M(1364M) 1.092ms
[157.334s][info][gc] GC(2631) Pause Young (G1 Evacuation Pause) 824M->9M(1364M) 1.976ms
[157.380s][info][gc] GC(2632) Pause Young (G1 Evacuation Pause) 824M->8M(1364M) 1.784ms
[157.431s][info][gc] GC(2633) Pause Young (G1 Evacuation Pause) 824M->9M(1364M) 2.421ms
[157.476s][info][gc] GC(2634) Pause Young (G1 Evacuation Pause) 824M->9M(1364M) 2.466ms
[157.523s][info][gc] GC(2635) Pause Young (G1 Evacuation Pause) 824M->10M(1364M) 2.105ms
[157.576s][info][gc] GC(2636) Pause Young (G1 Evacuation Pause) 824M->8M(1364M) 1.983ms
[157.622s][info][gc] GC(2637) Pause Young (G1 Evacuation Pause) 824M->11M(1364M) 2.273ms
[157.669s][info][gc] GC(2638) Pause Young (G1 Evacuation Pause) 824M->9M(1364M) 1.471ms
[157.721s][info][gc] GC(2639) Pause Young (G1 Evacuation Pause) 824M->10M(1364M) 2.195ms
[157.766s][info][gc] GC(2640) Pause Young (G1 Evacuation Pause) 824M->10M(1364M) 2.122ms
[157.811s][info][gc] GC(2641) Pause Young (G1 Evacuation Pause) 824M->9M(1364M) 1.073ms
[157.858s][info][gc] GC(2642) Pause Young (G1 Evacuation Pause) 824M->10M(1364M) 2.239ms
[157.908s][info][gc] GC(2643) Pause Young (G1 Evacuation Pause) 824M->9M(1364M) 2.130ms
[157.953s][info][gc] GC(2644) Pause Young (G1 Evacuation Pause) 824M->10M(1364M) 1.166ms
[158.001s][info][gc] GC(2645) Pause Young (G1 Evacuation Pause) 824M->9M(1364M) 1.343ms
[158.050s][info][gc] GC(2646) Pause Young (G1 Evacuation Pause) 824M->9M(1364M) 1.890ms
[158.098s][info][gc] GC(2647) Pause Young (G1 Evacuation Pause) 824M->10M(1364M) 1.156ms
[158.146s][info][gc] GC(2648) Pause Young (G1 Evacuation Pause) 824M->10M(1364M) 1.275ms
[158.197s][info][gc] GC(2649) Pause Young (G1 Evacuation Pause) 824M->10M(1364M) 3.069ms
[158.243s][info][gc] GC(2650) Pause Young (G1 Evacuation Pause) 824M->9M(1364M) 2.280ms
[158.288s][info][gc] GC(2651) Pause Young (G1 Evacuation Pause) 824M->10M(1364M) 1.197ms
[158.339s][info][gc] GC(2652) Pause Young (G1 Evacuation Pause) 824M->10M(1364M) 2.107ms
[158.384s][info][gc] GC(2653) Pause Young (G1 Evacuation Pause) 824M->11M(1364M) 2.154ms
[158.428s][info][gc] GC(2654) Pause Young (G1 Evacuation Pause) 824M->10M(1364M) 1.243ms
[158.475s][info][gc] GC(2655) Pause Young (G1 Evacuation Pause) 824M->9M(1364M) 2.159ms
[158.519s][info][gc] GC(2656) Pause Young (G1 Evacuation Pause) 824M->9M(1364M) 1.065ms
[158.567s][info][gc] GC(2657) Pause Young (G1 Evacuation Pause) 824M->8M(1364M) 1.094ms
[158.614s][info][gc] GC(2658) Pause Young (G1 Evacuation Pause) 824M->10M(1364M) 2.088ms
[158.660s][info][gc] GC(2659) Pause Young (G1 Evacuation Pause) 824M->8M(1364M) 1.667ms
[158.708s][info][gc] GC(2660) Pause Young (G1 Evacuation Pause) 824M->9M(1364M) 2.230ms
[158.757s][info][gc] GC(2661) Pause Young (G1 Evacuation Pause) 824M->9M(1364M) 2.301ms
[158.802s][info][gc] GC(2662) Pause Young (G1 Evacuation Pause) 824M->9M(1364M) 1.073ms
[158.850s][info][gc] GC(2663) Pause Young (G1 Evacuation Pause) 824M->9M(1364M) 1.075ms
[158.899s][info][gc] GC(2664) Pause Young (G1 Evacuation Pause) 824M->9M(1364M) 1.803ms
[158.944s][info][gc] GC(2665) Pause Young (G1 Evacuation Pause) 824M->9M(1364M) 1.141ms
[158.991s][info][gc] GC(2666) Pause Young (G1 Evacuation Pause) 824M->9M(1364M) 1.981ms
[159.041s][info][gc] GC(2667) Pause Young (G1 Evacuation Pause) 824M->9M(1364M) 2.356ms
[159.087s][info][gc] GC(2668) Pause Young (G1 Evacuation Pause) 824M->9M(1364M) 1.915ms
[159.133s][info][gc] GC(2669) Pause Young (G1 Evacuation Pause) 824M->8M(1364M) 1.028ms
[159.181s][info][gc] GC(2670) Pause Young (G1 Evacuation Pause) 824M->9M(1364M) 2.185ms
[159.227s][info][gc] GC(2671) Pause Young (G1 Evacuation Pause) 824M->9M(1364M) 1.123ms
[159.273s][info][gc] GC(2672) Pause Young (G1 Evacuation Pause) 824M->9M(1364M) 2.004ms
[159.318s][info][gc] GC(2673) Pause Young (G1 Evacuation Pause) 824M->11M(1364M) 2.156ms
[159.368s][info][gc] GC(2674) Pause Young (G1 Evacuation Pause) 824M->10M(1364M) 1.576ms
[159.415s][info][gc] GC(2675) Pause Young (G1 Evacuation Pause) 824M->9M(1364M) 1.301ms
[159.462s][info][gc] GC(2676) Pause Young (G1 Evacuation Pause) 824M->10M(1364M) 2.363ms
[159.511s][info][gc] GC(2677) Pause Young (G1 Evacuation Pause) 824M->9M(1364M) 1.828ms
[159.558s][info][gc] GC(2678) Pause Young (G1 Evacuation Pause) 824M->9M(1364M) 1.233ms
[159.606s][info][gc] GC(2679) Pause Young (G1 Evacuation Pause) 824M->11M(1364M) 2.450ms
[159.650s][info][gc] GC(2680) Pause Young (G1 Evacuation Pause) 824M->9M(1364M) 1.087ms
[159.697s][info][gc] GC(2681) Pause Young (G1 Evacuation Pause) 824M->10M(1364M) 3.268ms
[159.748s][info][gc] GC(2682) Pause Young (G1 Evacuation Pause) 824M->7M(1364M) 2.067ms
[159.794s][info][gc] GC(2683) Pause Young (G1 Evacuation Pause) 824M->10M(1364M) 1.092ms
[159.842s][info][gc] GC(2684) Pause Young (G1 Evacuation Pause) 824M->8M(1364M) 1.343ms
[159.890s][info][gc] GC(2685) Pause Young (G1 Evacuation Pause) 824M->10M(1364M) 2.508ms
[159.935s][info][gc] GC(2686) Pause Young (G1 Evacuation Pause) 824M->8M(1364M) 1.071ms
[159.983s][info][gc] GC(2687) Pause Young (G1 Evacuation Pause) 824M->8M(1364M) 1.058ms
[160.031s][info][gc] GC(2688) Pause Young (G1 Evacuation Pause) 824M->9M(1364M) 2.051ms
[160.080s][info][gc] GC(2689) Pause Young (G1 Evacuation Pause) 824M->9M(1364M) 1.969ms
[160.129s][info][gc] GC(2690) Pause Young (G1 Evacuation Pause) 824M->10M(1364M) 1.250ms
[160.175s][info][gc] GC(2691) Pause Young (G1 Evacuation Pause) 824M->10M(1364M) 1.801ms
[160.222s][info][gc] GC(2692) Pause Young (G1 Evacuation Pause) 824M->10M(1364M) 1.095ms
[160.270s][info][gc] GC(2693) Pause Young (G1 Evacuation Pause) 824M->9M(1364M) 1.067ms
[160.317s][info][gc] GC(2694) Pause Young (G1 Evacuation Pause) 824M->10M(1364M) 2.352ms
[160.364s][info][gc] GC(2695) Pause Young (G1 Evacuation Pause) 824M->9M(1364M) 2.099ms
[160.408s][info][gc] GC(2696) Pause Young (G1 Evacuation Pause) 824M->10M(1364M) 2.007ms
[160.454s][info][gc] GC(2697) Pause Young (G1 Evacuation Pause) 824M->10M(1364M) 2.072ms
[160.510s][info][gc] GC(2698) Pause Young (G1 Evacuation Pause) 824M->10M(1364M) 2.647ms
[160.562s][info][gc] GC(2699) Pause Young (G1 Evacuation Pause) 824M->8M(1364M) 2.633ms
[160.618s][info][gc] GC(2700) Pause Young (G1 Evacuation Pause) 824M->8M(1364M) 2.168ms
[160.674s][info][gc] GC(2701) Pause Young (G1 Evacuation Pause) 824M->10M(1364M) 2.715ms
[160.721s][info][gc] GC(2702) Pause Young (G1 Evacuation Pause) 824M->9M(1364M) 1.102ms
[160.769s][info][gc] GC(2703) Pause Young (G1 Evacuation Pause) 824M->10M(1364M) 1.288ms
[160.817s][info][gc] GC(2704) Pause Young (G1 Evacuation Pause) 824M->8M(1364M) 1.777ms
[160.865s][info][gc] GC(2705) Pause Young (G1 Evacuation Pause) 824M->8M(1364M) 1.172ms
[160.913s][info][gc] GC(2706) Pause Young (G1 Evacuation Pause) 824M->10M(1364M) 1.529ms
[160.963s][info][gc] GC(2707) Pause Young (G1 Evacuation Pause) 824M->9M(1364M) 2.296ms
[161.010s][info][gc] GC(2708) Pause Young (G1 Evacuation Pause) 824M->9M(1364M) 1.234ms
[161.060s][info][gc] GC(2709) Pause Young (G1 Evacuation Pause) 824M->8M(1364M) 2.275ms
[161.110s][info][gc] GC(2710) Pause Young (G1 Evacuation Pause) 824M->8M(1364M) 2.067ms
[161.156s][info][gc] GC(2711) Pause Young (G1 Evacuation Pause) 824M->10M(1364M) 2.344ms
[161.203s][info][gc] GC(2712) Pause Young (G1 Evacuation Pause) 824M->9M(1364M) 1.201ms
[161.252s][info][gc] GC(2713) Pause Young (G1 Evacuation Pause) 824M->9M(1364M) 1.047ms
[161.298s][info][gc] GC(2714) Pause Young (G1 Evacuation Pause) 824M->11M(1364M) 2.429ms
[161.346s][info][gc] GC(2715) Pause Young (G1 Evacuation Pause) 824M->10M(1364M) 1.459ms
[161.394s][info][gc] GC(2716) Pause Young (G1 Evacuation Pause) 824M->10M(1364M) 1.721ms
[161.438s][info][gc] GC(2717) Pause Young (G1 Evacuation Pause) 824M->9M(1364M) 1.985ms
[161.488s][info][gc] GC(2718) Pause Young (G1 Evacuation Pause) 824M->9M(1364M) 1.122ms
[161.535s][info][gc] GC(2719) Pause Young (G1 Evacuation Pause) 824M->10M(1364M) 1.103ms
[161.581s][info][gc] GC(2720) Pause Young (G1 Evacuation Pause) 824M->11M(1364M) 2.269ms
[161.627s][info][gc] GC(2721) Pause Young (G1 Evacuation Pause) 824M->10M(1364M) 2.004ms
[161.675s][info][gc] GC(2722) Pause Young (G1 Evacuation Pause) 824M->8M(1364M) 1.247ms
[161.720s][info][gc] GC(2723) Pause Young (G1 Evacuation Pause) 824M->9M(1364M) 2.001ms
[161.768s][info][gc] GC(2724) Pause Young (G1 Evacuation Pause) 824M->9M(1364M) 1.142ms
[161.815s][info][gc] GC(2725) Pause Young (G1 Evacuation Pause) 824M->9M(1364M) 1.035ms
[161.861s][info][gc] GC(2726) Pause Young (G1 Evacuation Pause) 824M->10M(1364M) 2.328ms
[161.908s][info][gc] GC(2727) Pause Young (G1 Evacuation Pause) 824M->9M(1364M) 1.240ms
[161.955s][info][gc] GC(2728) Pause Young (G1 Evacuation Pause) 824M->8M(1364M) 1.257ms
[162.001s][info][gc] GC(2729) Pause Young (G1 Evacuation Pause) 824M->7M(1364M) 2.022ms
[162.050s][info][gc] GC(2730) Pause Young (G1 Evacuation Pause) 824M->10M(1364M) 1.139ms
[162.101s][info][gc] GC(2731) Pause Young (G1 Evacuation Pause) 824M->9M(1364M) 1.965ms
[162.147s][info][gc] GC(2732) Pause Young (G1 Evacuation Pause) 824M->10M(1364M) 2.401ms
[162.196s][info][gc] GC(2733) Pause Young (G1 Evacuation Pause) 824M->9M(1364M) 2.195ms
[162.245s][info][gc] GC(2734) Pause Young (G1 Evacuation Pause) 824M->8M(1364M) 1.664ms
[162.290s][info][gc] GC(2735) Pause Young (G1 Evacuation Pause) 824M->10M(1364M) 2.504ms
[162.339s][info][gc] GC(2736) Pause Young (G1 Evacuation Pause) 824M->8M(1364M) 2.244ms
[162.387s][info][gc] GC(2737) Pause Young (G1 Evacuation Pause) 824M->9M(1364M) 2.035ms
[162.434s][info][gc] GC(2738) Pause Young (G1 Evacuation Pause) 824M->10M(1364M) 2.121ms
[162.484s][info][gc] GC(2739) Pause Young (G1 Evacuation Pause) 824M->9M(1364M) 4.119ms
[162.535s][info][gc] GC(2740) Pause Young (G1 Evacuation Pause) 824M->9M(1364M) 1.994ms
[162.582s][info][gc] GC(2741) Pause Young (G1 Evacuation Pause) 824M->10M(1364M) 1.164ms
[162.630s][info][gc] GC(2742) Pause Young (G1 Evacuation Pause) 824M->10M(1364M) 1.330ms
[162.676s][info][gc] GC(2743) Pause Young (G1 Evacuation Pause) 824M->10M(1364M) 1.514ms
[162.724s][info][gc] GC(2744) Pause Young (G1 Evacuation Pause) 824M->11M(1364M) 2.341ms
[162.776s][info][gc] GC(2745) Pause Young (G1 Evacuation Pause) 824M->10M(1364M) 2.450ms
[162.828s][info][gc] GC(2746) Pause Young (G1 Evacuation Pause) 824M->9M(1364M) 2.052ms
[162.874s][info][gc] GC(2747) Pause Young (G1 Evacuation Pause) 824M->9M(1364M) 1.961ms
[162.923s][info][gc] GC(2748) Pause Young (G1 Evacuation Pause) 824M->8M(1364M) 2.916ms
[162.975s][info][gc] GC(2749) Pause Young (G1 Evacuation Pause) 824M->9M(1364M) 2.064ms
[163.034s][info][gc] GC(2750) Pause Young (G1 Evacuation Pause) 824M->9M(1364M) 2.412ms
[163.086s][info][gc] GC(2751) Pause Young (G1 Evacuation Pause) 824M->9M(1364M) 2.226ms
[163.133s][info][gc] GC(2752) Pause Young (G1 Evacuation Pause) 824M->8M(1364M) 2.335ms
[163.183s][info][gc] GC(2753) Pause Young (G1 Evacuation Pause) 824M->11M(1364M) 2.452ms
[163.231s][info][gc] GC(2754) Pause Young (G1 Evacuation Pause) 824M->10M(1364M) 2.264ms
[163.284s][info][gc] GC(2755) Pause Young (G1 Evacuation Pause) 824M->10M(1364M) 3.350ms
[163.329s][info][gc] GC(2756) Pause Young (G1 Evacuation Pause) 824M->9M(1364M) 2.269ms
[163.379s][info][gc] GC(2757) Pause Young (G1 Evacuation Pause) 824M->8M(1364M) 1.915ms
[163.428s][info][gc] GC(2758) Pause Young (G1 Evacuation Pause) 824M->9M(1364M) 2.081ms
[163.476s][info][gc] GC(2759) Pause Young (G1 Evacuation Pause) 824M->10M(1364M) 2.457ms
[163.526s][info][gc] GC(2760) Pause Young (G1 Evacuation Pause) 824M->10M(1364M) 1.831ms
[163.576s][info][gc] GC(2761) Pause Young (G1 Evacuation Pause) 824M->9M(1364M) 1.970ms
[163.623s][info][gc] GC(2762) Pause Young (G1 Evacuation Pause) 824M->9M(1364M) 2.025ms
[163.675s][info][gc] GC(2763) Pause Young (G1 Evacuation Pause) 824M->9M(1364M) 2.067ms
[163.724s][info][gc] GC(2764) Pause Young (G1 Evacuation Pause) 824M->9M(1364M) 2.057ms
[163.771s][info][gc] GC(2765) Pause Young (G1 Evacuation Pause) 824M->8M(1364M) 2.344ms
[163.820s][info][gc] GC(2766) Pause Young (G1 Evacuation Pause) 824M->9M(1364M) 1.070ms
[163.868s][info][gc] GC(2767) Pause Young (G1 Evacuation Pause) 824M->8M(1364M) 1.081ms
[163.915s][info][gc] GC(2768) Pause Young (G1 Evacuation Pause) 824M->9M(1364M) 1.188ms
[163.968s][info][gc] GC(2769) Pause Young (G1 Evacuation Pause) 824M->10M(1364M) 2.270ms
[164.017s][info][gc] GC(2770) Pause Young (G1 Evacuation Pause) 824M->8M(1364M) 1.440ms
[164.065s][info][gc] GC(2771) Pause Young (G1 Evacuation Pause) 824M->9M(1364M) 1.076ms
[164.116s][info][gc] GC(2772) Pause Young (G1 Evacuation Pause) 824M->10M(1364M) 2.018ms
[164.162s][info][gc] GC(2773) Pause Young (G1 Evacuation Pause) 824M->8M(1364M) 1.766ms
[164.210s][info][gc] GC(2774) Pause Young (G1 Evacuation Pause) 824M->10M(1364M) 1.970ms
[164.261s][info][gc] GC(2775) Pause Young (G1 Evacuation Pause) 824M->8M(1364M) 2.038ms
[164.307s][info][gc] GC(2776) Pause Young (G1 Evacuation Pause) 824M->10M(1364M) 2.068ms
[164.354s][info][gc] GC(2777) Pause Young (G1 Evacuation Pause) 824M->10M(1364M) 1.238ms
[164.400s][info][gc] GC(2778) Pause Young (G1 Evacuation Pause) 824M->9M(1364M) 2.201ms
[164.449s][info][gc] GC(2779) Pause Young (G1 Evacuation Pause) 824M->9M(1364M) 1.679ms
[164.497s][info][gc] GC(2780) Pause Young (G1 Evacuation Pause) 824M->9M(1364M) 1.723ms
[164.546s][info][gc] GC(2781) Pause Young (G1 Evacuation Pause) 824M->9M(1364M) 2.038ms
[164.595s][info][gc] GC(2782) Pause Young (G1 Evacuation Pause) 824M->9M(1364M) 2.138ms
[164.644s][info][gc] GC(2783) Pause Young (G1 Evacuation Pause) 824M->9M(1364M) 1.810ms
[164.695s][info][gc] GC(2784) Pause Young (G1 Evacuation Pause) 824M->9M(1364M) 2.344ms
[164.742s][info][gc] GC(2785) Pause Young (G1 Evacuation Pause) 824M->10M(1364M) 2.160ms
[164.788s][info][gc] GC(2786) Pause Young (G1 Evacuation Pause) 824M->10M(1364M) 1.173ms
[164.836s][info][gc] GC(2787) Pause Young (G1 Evacuation Pause) 824M->9M(1364M) 2.267ms
[164.882s][info][gc] GC(2788) Pause Young (G1 Evacuation Pause) 824M->10M(1364M) 2.350ms
[164.930s][info][gc] GC(2789) Pause Young (G1 Evacuation Pause) 824M->9M(1364M) 3.182ms
[164.979s][info][gc] GC(2790) Pause Young (G1 Evacuation Pause) 824M->11M(1364M) 2.440ms
[165.025s][info][gc] GC(2791) Pause Young (G1 Evacuation Pause) 824M->10M(1364M) 1.973ms
[165.072s][info][gc] GC(2792) Pause Young (G1 Evacuation Pause) 824M->8M(1364M) 1.886ms
[165.124s][info][gc] GC(2793) Pause Young (G1 Evacuation Pause) 824M->10M(1364M) 2.156ms
[165.170s][info][gc] GC(2794) Pause Young (G1 Evacuation Pause) 824M->9M(1364M) 1.223ms
[165.217s][info][gc] GC(2795) Pause Young (G1 Evacuation Pause) 824M->7M(1364M) 1.099ms
[165.268s][info][gc] GC(2796) Pause Young (G1 Evacuation Pause) 824M->8M(1364M) 3.023ms
[165.314s][info][gc] GC(2797) Pause Young (G1 Evacuation Pause) 824M->9M(1364M) 2.171ms
[165.359s][info][gc] GC(2798) Pause Young (G1 Evacuation Pause) 824M->9M(1364M) 2.078ms
[165.410s][info][gc] GC(2799) Pause Young (G1 Evacuation Pause) 824M->9M(1364M) 1.414ms
[165.454s][info][gc] GC(2800) Pause Young (G1 Evacuation Pause) 824M->9M(1364M) 1.995ms
[165.500s][info][gc] GC(2801) Pause Young (G1 Evacuation Pause) 824M->9M(1364M) 1.173ms
[165.548s][info][gc] GC(2802) Pause Young (G1 Evacuation Pause) 824M->10M(1364M) 1.204ms
[165.598s][info][gc] GC(2803) Pause Young (G1 Evacuation Pause) 824M->9M(1364M) 2.066ms
[165.644s][info][gc] GC(2804) Pause Young (G1 Evacuation Pause) 824M->8M(1364M) 1.867ms
[165.691s][info][gc] GC(2805) Pause Young (G1 Evacuation Pause) 824M->10M(1364M) 2.017ms
[165.741s][info][gc] GC(2806) Pause Young (G1 Evacuation Pause) 824M->10M(1364M) 2.211ms
[165.786s][info][gc] GC(2807) Pause Young (G1 Evacuation Pause) 824M->8M(1364M) 1.041ms
[165.834s][info][gc] GC(2808) Pause Young (G1 Evacuation Pause) 824M->9M(1364M) 1.115ms
[165.883s][info][gc] GC(2809) Pause Young (G1 Evacuation Pause) 824M->8M(1364M) 1.755ms
[165.929s][info][gc] GC(2810) Pause Young (G1 Evacuation Pause) 824M->10M(1364M) 1.268ms
[165.976s][info][gc] GC(2811) Pause Young (G1 Evacuation Pause) 824M->9M(1364M) 2.008ms
[166.025s][info][gc] GC(2812) Pause Young (G1 Evacuation Pause) 824M->10M(1364M) 2.116ms
[166.070s][info][gc] GC(2813) Pause Young (G1 Evacuation Pause) 824M->9M(1364M) 1.132ms
[166.120s][info][gc] GC(2814) Pause Young (G1 Evacuation Pause) 824M->10M(1364M) 1.119ms
[166.170s][info][gc] GC(2815) Pause Young (G1 Evacuation Pause) 824M->10M(1364M) 2.240ms
[166.214s][info][gc] GC(2816) Pause Young (G1 Evacuation Pause) 824M->8M(1364M) 1.228ms
[166.262s][info][gc] GC(2817) Pause Young (G1 Evacuation Pause) 824M->10M(1364M) 3.415ms
[166.311s][info][gc] GC(2818) Pause Young (G1 Evacuation Pause) 824M->9M(1364M) 2.456ms
[166.356s][info][gc] GC(2819) Pause Young (G1 Evacuation Pause) 824M->8M(1364M) 2.004ms
[166.403s][info][gc] GC(2820) Pause Young (G1 Evacuation Pause) 824M->8M(1364M) 1.146ms
[166.449s][info][gc] GC(2821) Pause Young (G1 Evacuation Pause) 824M->9M(1364M) 2.170ms
[166.497s][info][gc] GC(2822) Pause Young (G1 Evacuation Pause) 824M->8M(1364M) 1.059ms
[166.545s][info][gc] GC(2823) Pause Young (G1 Evacuation Pause) 824M->8M(1364M) 2.029ms
[166.589s][info][gc] GC(2824) Pause Young (G1 Evacuation Pause) 824M->10M(1364M) 2.176ms
[166.637s][info][gc] GC(2825) Pause Young (G1 Evacuation Pause) 824M->9M(1364M) 1.114ms
[166.685s][info][gc] GC(2826) Pause Young (G1 Evacuation Pause) 824M->9M(1364M) 1.128ms
[166.731s][info][gc] GC(2827) Pause Young (G1 Evacuation Pause) 824M->9M(1364M) 2.268ms
[166.781s][info][gc] GC(2828) Pause Young (G1 Evacuation Pause) 824M->10M(1364M) 2.152ms
[166.828s][info][gc] GC(2829) Pause Young (G1 Evacuation Pause) 824M->10M(1364M) 1.830ms
[166.875s][info][gc] GC(2830) Pause Young (G1 Evacuation Pause) 824M->8M(1364M) 2.170ms
[166.920s][info][gc] GC(2831) Pause Young (G1 Evacuation Pause) 824M->9M(1364M) 2.114ms
[166.967s][info][gc] GC(2832) Pause Young (G1 Evacuation Pause) 824M->8M(1364M) 1.122ms
[167.016s][info][gc] GC(2833) Pause Young (G1 Evacuation Pause) 824M->10M(1364M) 2.063ms
[167.062s][info][gc] GC(2834) Pause Young (G1 Evacuation Pause) 824M->12M(1364M) 2.672ms
[167.111s][info][gc] GC(2835) Pause Young (G1 Evacuation Pause) 824M->9M(1364M) 1.786ms
[167.159s][info][gc] GC(2836) Pause Young (G1 Evacuation Pause) 824M->9M(1364M) 2.277ms
[167.207s][info][gc] GC(2837) Pause Young (G1 Evacuation Pause) 824M->8M(1364M) 2.075ms
[167.257s][info][gc] GC(2838) Pause Young (G1 Evacuation Pause) 824M->9M(1364M) 2.094ms
[167.304s][info][gc] GC(2839) Pause Young (G1 Evacuation Pause) 824M->9M(1364M) 1.262ms
[167.349s][info][gc] GC(2840) Pause Young (G1 Evacuation Pause) 824M->9M(1364M) 1.935ms
[167.397s][info][gc] GC(2841) Pause Young (G1 Evacuation Pause) 824M->9M(1364M) 1.357ms
[167.444s][info][gc] GC(2842) Pause Young (G1 Evacuation Pause) 824M->10M(1364M) 3.533ms
[167.490s][info][gc] GC(2843) Pause Young (G1 Evacuation Pause) 824M->9M(1364M) 2.529ms
[167.539s][info][gc] GC(2844) Pause Young (G1 Evacuation Pause) 824M->9M(1364M) 1.857ms
[167.586s][info][gc] GC(2845) Pause Young (G1 Evacuation Pause) 824M->10M(1364M) 1.102ms
[167.632s][info][gc] GC(2846) Pause Young (G1 Evacuation Pause) 824M->9M(1364M) 1.939ms
[167.681s][info][gc] GC(2847) Pause Young (G1 Evacuation Pause) 824M->9M(1364M) 1.206ms
[167.728s][info][gc] GC(2848) Pause Young (G1 Evacuation Pause) 824M->9M(1364M) 1.987ms
[167.776s][info][gc] GC(2849) Pause Young (G1 Evacuation Pause) 824M->8M(1364M) 2.327ms
[167.823s][info][gc] GC(2850) Pause Young (G1 Evacuation Pause) 824M->10M(1364M) 2.187ms
[167.876s][info][gc] GC(2851) Pause Young (G1 Evacuation Pause) 824M->10M(1364M) 2.015ms
[167.920s][info][gc] GC(2852) Pause Young (G1 Evacuation Pause) 824M->9M(1364M) 1.939ms
[167.969s][info][gc] GC(2853) Pause Young (G1 Evacuation Pause) 824M->9M(1364M) 1.172ms
[168.018s][info][gc] GC(2854) Pause Young (G1 Evacuation Pause) 824M->10M(1364M) 1.156ms
[168.063s][info][gc] GC(2855) Pause Young (G1 Evacuation Pause) 824M->9M(1364M) 2.110ms
[168.111s][info][gc] GC(2856) Pause Young (G1 Evacuation Pause) 824M->9M(1364M) 1.033ms
[168.159s][info][gc] GC(2857) Pause Young (G1 Evacuation Pause) 824M->8M(1364M) 1.847ms
[168.203s][info][gc] GC(2858) Pause Young (G1 Evacuation Pause) 824M->9M(1364M) 1.278ms
[168.251s][info][gc] GC(2859) Pause Young (G1 Evacuation Pause) 824M->8M(1364M) 1.099ms
[168.298s][info][gc] GC(2860) Pause Young (G1 Evacuation Pause) 824M->8M(1364M) 2.875ms
[168.344s][info][gc] GC(2861) Pause Young (G1 Evacuation Pause) 824M->10M(1364M) 2.233ms
[168.392s][info][gc] GC(2862) Pause Young (G1 Evacuation Pause) 824M->8M(1364M) 1.937ms
[168.439s][info][gc] GC(2863) Pause Young (G1 Evacuation Pause) 824M->10M(1364M) 1.151ms
[168.485s][info][gc] GC(2864) Pause Young (G1 Evacuation Pause) 824M->8M(1364M) 2.087ms
[168.532s][info][gc] GC(2865) Pause Young (G1 Evacuation Pause) 824M->8M(1364M) 1.184ms
[168.579s][info][gc] GC(2866) Pause Young (G1 Evacuation Pause) 824M->9M(1364M) 2.271ms
[168.624s][info][gc] GC(2867) Pause Young (G1 Evacuation Pause) 824M->9M(1364M) 2.143ms
[168.673s][info][gc] GC(2868) Pause Young (G1 Evacuation Pause) 824M->10M(1364M) 2.067ms
[168.720s][info][gc] GC(2869) Pause Young (G1 Evacuation Pause) 824M->10M(1364M) 1.176ms
[168.765s][info][gc] GC(2870) Pause Young (G1 Evacuation Pause) 824M->10M(1364M) 2.156ms
[168.814s][info][gc] GC(2871) Pause Young (G1 Evacuation Pause) 824M->8M(1364M) 1.317ms
[168.861s][info][gc] GC(2872) Pause Young (G1 Evacuation Pause) 824M->10M(1364M) 2.053ms
[168.906s][info][gc] GC(2873) Pause Young (G1 Evacuation Pause) 824M->8M(1364M) 2.074ms
[168.951s][info][gc] GC(2874) Pause Young (G1 Evacuation Pause) 824M->9M(1364M) 1.185ms
[169.002s][info][gc] GC(2875) Pause Young (G1 Evacuation Pause) 824M->9M(1364M) 1.103ms
[169.048s][info][gc] GC(2876) Pause Young (G1 Evacuation Pause) 824M->10M(1364M) 2.131ms
[169.095s][info][gc] GC(2877) Pause Young (G1 Evacuation Pause) 824M->9M(1364M) 2.149ms
[169.146s][info][gc] GC(2878) Pause Young (G1 Evacuation Pause) 824M->8M(1364M) 1.971ms
[169.190s][info][gc] GC(2879) Pause Young (G1 Evacuation Pause) 824M->8M(1364M) 2.058ms
[169.235s][info][gc] GC(2880) Pause Young (G1 Evacuation Pause) 824M->9M(1364M) 1.045ms
[169.285s][info][gc] GC(2881) Pause Young (G1 Evacuation Pause) 824M->9M(1364M) 1.087ms
[169.330s][info][gc] GC(2882) Pause Young (G1 Evacuation Pause) 824M->10M(1364M) 1.712ms
[169.375s][info][gc] GC(2883) Pause Young (G1 Evacuation Pause) 824M->7M(1364M) 1.817ms
[169.424s][info][gc] GC(2884) Pause Young (G1 Evacuation Pause) 824M->8M(1364M) 1.976ms
[169.471s][info][gc] GC(2885) Pause Young (G1 Evacuation Pause) 824M->10M(1364M) 2.162ms
[169.516s][info][gc] GC(2886) Pause Young (G1 Evacuation Pause) 824M->10M(1364M) 1.270ms
[169.566s][info][gc] GC(2887) Pause Young (G1 Evacuation Pause) 824M->10M(1364M) 1.160ms
[169.611s][info][gc] GC(2888) Pause Young (G1 Evacuation Pause) 824M->8M(1364M) 2.234ms
[169.658s][info][gc] GC(2889) Pause Young (G1 Evacuation Pause) 824M->10M(1364M) 2.380ms
[169.708s][info][gc] GC(2890) Pause Young (G1 Evacuation Pause) 824M->7M(1364M) 1.914ms
[169.753s][info][gc] GC(2891) Pause Young (G1 Evacuation Pause) 824M->10M(1364M) 2.345ms
[169.798s][info][gc] GC(2892) Pause Young (G1 Evacuation Pause) 824M->9M(1364M) 1.324ms
[169.849s][info][gc] GC(2893) Pause Young (G1 Evacuation Pause) 824M->10M(1364M) 2.854ms
[169.895s][info][gc] GC(2894) Pause Young (G1 Evacuation Pause) 824M->10M(1364M) 2.202ms
[169.940s][info][gc] GC(2895) Pause Young (G1 Evacuation Pause) 824M->9M(1364M) 1.940ms
[169.988s][info][gc] GC(2896) Pause Young (G1 Evacuation Pause) 824M->10M(1364M) 2.112ms
[170.038s][info][gc] GC(2897) Pause Young (G1 Evacuation Pause) 824M->11M(1364M) 1.953ms
[170.084s][info][gc] GC(2898) Pause Young (G1 Evacuation Pause) 824M->10M(1364M) 1.333ms
[170.132s][info][gc] GC(2899) Pause Young (G1 Evacuation Pause) 824M->9M(1364M) 1.370ms
[170.181s][info][gc] GC(2900) Pause Young (G1 Evacuation Pause) 824M->10M(1364M) 3.096ms
[170.226s][info][gc] GC(2901) Pause Young (G1 Evacuation Pause) 824M->10M(1364M) 2.255ms
[170.273s][info][gc] GC(2902) Pause Young (G1 Evacuation Pause) 824M->7M(1364M) 1.934ms
[170.321s][info][gc] GC(2903) Pause Young (G1 Evacuation Pause) 824M->9M(1364M) 1.079ms
[170.367s][info][gc] GC(2904) Pause Young (G1 Evacuation Pause) 824M->8M(1364M) 1.733ms
[170.415s][info][gc] GC(2905) Pause Young (G1 Evacuation Pause) 824M->8M(1364M) 2.179ms
[170.462s][info][gc] GC(2906) Pause Young (G1 Evacuation Pause) 824M->9M(1364M) 1.410ms
[170.509s][info][gc] GC(2907) Pause Young (G1 Evacuation Pause) 824M->9M(1364M) 2.056ms
[170.555s][info][gc] GC(2908) Pause Young (G1 Evacuation Pause) 824M->10M(1364M) 2.277ms
[170.604s][info][gc] GC(2909) Pause Young (G1 Evacuation Pause) 824M->10M(1364M) 1.205ms
[170.651s][info][gc] GC(2910) Pause Young (G1 Evacuation Pause) 824M->9M(1364M) 1.233ms
[170.698s][info][gc] GC(2911) Pause Young (G1 Evacuation Pause) 824M->9M(1364M) 1.991ms
[170.748s][info][gc] GC(2912) Pause Young (G1 Evacuation Pause) 824M->10M(1364M) 2.135ms
[170.794s][info][gc] GC(2913) Pause Young (G1 Evacuation Pause) 824M->10M(1364M) 1.701ms
[170.840s][info][gc] GC(2914) Pause Young (G1 Evacuation Pause) 824M->9M(1364M) 1.958ms
[170.890s][info][gc] GC(2915) Pause Young (G1 Evacuation Pause) 824M->9M(1364M) 2.298ms
[170.935s][info][gc] GC(2916) Pause Young (G1 Evacuation Pause) 824M->9M(1364M) 1.167ms
[170.983s][info][gc] GC(2917) Pause Young (G1 Evacuation Pause) 824M->10M(1364M) 1.174ms
[171.032s][info][gc] GC(2918) Pause Young (G1 Evacuation Pause) 824M->10M(1364M) 2.007ms
[171.077s][info][gc] GC(2919) Pause Young (G1 Evacuation Pause) 824M->8M(1364M) 1.799ms
[171.127s][info][gc] GC(2920) Pause Young (G1 Evacuation Pause) 824M->9M(1364M) 2.039ms
[171.172s][info][gc] GC(2921) Pause Young (G1 Evacuation Pause) 824M->9M(1364M) 2.203ms
[171.220s][info][gc] GC(2922) Pause Young (G1 Evacuation Pause) 824M->9M(1364M) 1.080ms
[171.266s][info][gc] GC(2923) Pause Young (G1 Evacuation Pause) 824M->8M(1364M) 1.098ms
[171.311s][info][gc] GC(2924) Pause Young (G1 Evacuation Pause) 824M->9M(1364M) 2.463ms
[171.360s][info][gc] GC(2925) Pause Young (G1 Evacuation Pause) 824M->10M(1364M) 1.613ms
[171.407s][info][gc] GC(2926) Pause Young (G1 Evacuation Pause) 824M->9M(1364M) 1.923ms
[171.452s][info][gc] GC(2927) Pause Young (G1 Evacuation Pause) 824M->9M(1364M) 2.053ms
[171.500s][info][gc] GC(2928) Pause Young (G1 Evacuation Pause) 824M->9M(1364M) 1.449ms
[171.548s][info][gc] GC(2929) Pause Young (G1 Evacuation Pause) 824M->11M(1364M) 1.213ms
[171.595s][info][gc] GC(2930) Pause Young (G1 Evacuation Pause) 824M->10M(1364M) 2.518ms
[171.643s][info][gc] GC(2931) Pause Young (G1 Evacuation Pause) 824M->10M(1364M) 1.746ms
[171.691s][info][gc] GC(2932) Pause Young (G1 Evacuation Pause) 824M->9M(1364M) 1.893ms
[171.736s][info][gc] GC(2933) Pause Young (G1 Evacuation Pause) 824M->9M(1364M) 2.078ms
[171.784s][info][gc] GC(2934) Pause Young (G1 Evacuation Pause) 824M->10M(1364M) 1.293ms
[171.831s][info][gc] GC(2935) Pause Young (G1 Evacuation Pause) 824M->10M(1364M) 1.214ms
[171.880s][info][gc] GC(2936) Pause Young (G1 Evacuation Pause) 824M->10M(1364M) 2.327ms
[171.925s][info][gc] GC(2937) Pause Young (G1 Evacuation Pause) 824M->9M(1364M) 2.051ms
[171.971s][info][gc] GC(2938) Pause Young (G1 Evacuation Pause) 824M->10M(1364M) 1.149ms
[172.018s][info][gc] GC(2939) Pause Young (G1 Evacuation Pause) 824M->9M(1364M) 2.018ms
[172.066s][info][gc] GC(2940) Pause Young (G1 Evacuation Pause) 824M->9M(1364M) 1.110ms
[172.114s][info][gc] GC(2941) Pause Young (G1 Evacuation Pause) 824M->9M(1364M) 1.620ms
[172.162s][info][gc] GC(2942) Pause Young (G1 Evacuation Pause) 824M->9M(1364M) 2.425ms
[172.210s][info][gc] GC(2943) Pause Young (G1 Evacuation Pause) 824M->9M(1364M) 1.148ms
[172.257s][info][gc] GC(2944) Pause Young (G1 Evacuation Pause) 824M->8M(1364M) 1.795ms
[172.302s][info][gc] GC(2945) Pause Young (G1 Evacuation Pause) 824M->9M(1364M) 2.006ms
[172.350s][info][gc] GC(2946) Pause Young (G1 Evacuation Pause) 824M->10M(1364M) 1.280ms
[172.397s][info][gc] GC(2947) Pause Young (G1 Evacuation Pause) 824M->9M(1364M) 2.394ms
[172.443s][info][gc] GC(2948) Pause Young (G1 Evacuation Pause) 824M->10M(1364M) 2.463ms
[172.492s][info][gc] GC(2949) Pause Young (G1 Evacuation Pause) 824M->10M(1364M) 2.286ms
[172.540s][info][gc] GC(2950) Pause Young (G1 Evacuation Pause) 824M->10M(1364M) 1.930ms
[172.585s][info][gc] GC(2951) Pause Young (G1 Evacuation Pause) 824M->10M(1364M) 2.114ms
[172.631s][info][gc] GC(2952) Pause Young (G1 Evacuation Pause) 824M->9M(1364M) 1.370ms
[172.680s][info][gc] GC(2953) Pause Young (G1 Evacuation Pause) 824M->9M(1364M) 3.195ms
[172.725s][info][gc] GC(2954) Pause Young (G1 Evacuation Pause) 824M->9M(1364M) 2.370ms
[172.773s][info][gc] GC(2955) Pause Young (G1 Evacuation Pause) 824M->10M(1364M) 2.336ms
[172.821s][info][gc] GC(2956) Pause Young (G1 Evacuation Pause) 824M->9M(1364M) 1.121ms
[172.866s][info][gc] GC(2957) Pause Young (G1 Evacuation Pause) 824M->11M(1364M) 2.316ms
[172.912s][info][gc] GC(2958) Pause Young (G1 Evacuation Pause) 824M->9M(1364M) 2.104ms
[172.961s][info][gc] GC(2959) Pause Young (G1 Evacuation Pause) 824M->10M(1364M) 1.324ms
[173.007s][info][gc] GC(2960) Pause Young (G1 Evacuation Pause) 824M->9M(1364M) 2.205ms
[173.052s][info][gc] GC(2961) Pause Young (G1 Evacuation Pause) 824M->9M(1364M) 1.068ms
[173.102s][info][gc] GC(2962) Pause Young (G1 Evacuation Pause) 824M->8M(1364M) 1.079ms
[173.151s][info][gc] GC(2963) Pause Young (G1 Evacuation Pause) 824M->9M(1364M) 1.977ms
[173.198s][info][gc] GC(2964) Pause Young (G1 Evacuation Pause) 824M->9M(1364M) 2.183ms
[173.248s][info][gc] GC(2965) Pause Young (G1 Evacuation Pause) 824M->9M(1364M) 1.147ms
[173.295s][info][gc] GC(2966) Pause Young (G1 Evacuation Pause) 824M->9M(1364M) 3.138ms
[173.341s][info][gc] GC(2967) Pause Young (G1 Evacuation Pause) 824M->9M(1364M) 2.185ms
[173.387s][info][gc] GC(2968) Pause Young (G1 Evacuation Pause) 824M->9M(1364M) 1.211ms
[173.437s][info][gc] GC(2969) Pause Young (G1 Evacuation Pause) 824M->9M(1364M) 1.396ms
[173.482s][info][gc] GC(2970) Pause Young (G1 Evacuation Pause) 824M->8M(1364M) 2.110ms
[173.531s][info][gc] GC(2971) Pause Young (G1 Evacuation Pause) 824M->10M(1364M) 1.731ms
[173.579s][info][gc] GC(2972) Pause Young (G1 Evacuation Pause) 824M->9M(1364M) 2.388ms
[173.623s][info][gc] GC(2973) Pause Young (G1 Evacuation Pause) 824M->8M(1364M) 2.081ms
[173.669s][info][gc] GC(2974) Pause Young (G1 Evacuation Pause) 824M->9M(1364M) 1.235ms
[173.719s][info][gc] GC(2975) Pause Young (G1 Evacuation Pause) 824M->10M(1364M) 1.083ms
[173.766s][info][gc] GC(2976) Pause Young (G1 Evacuation Pause) 824M->9M(1364M) 2.269ms
[173.817s][info][gc] GC(2977) Pause Young (G1 Evacuation Pause) 824M->10M(1364M) 2.275ms
[173.864s][info][gc] GC(2978) Pause Young (G1 Evacuation Pause) 824M->10M(1364M) 1.232ms
[173.910s][info][gc] GC(2979) Pause Young (G1 Evacuation Pause) 824M->9M(1364M) 1.580ms
[173.954s][info][gc] GC(2980) Pause Young (G1 Evacuation Pause) 824M->11M(1364M) 2.138ms
[174.008s][info][gc] GC(2981) Pause Young (G1 Evacuation Pause) 824M->9M(1364M) 2.290ms
[174.053s][info][gc] GC(2982) Pause Young (G1 Evacuation Pause) 824M->8M(1364M) 1.143ms
[174.100s][info][gc] GC(2983) Pause Young (G1 Evacuation Pause) 824M->10M(1364M) 2.346ms
[174.150s][info][gc] GC(2984) Pause Young (G1 Evacuation Pause) 824M->9M(1364M) 1.936ms
[174.195s][info][gc] GC(2985) Pause Young (G1 Evacuation Pause) 824M->8M(1364M) 1.156ms
[174.242s][info][gc] GC(2986) Pause Young (G1 Evacuation Pause) 824M->10M(1364M) 2.003ms
[174.291s][info][gc] GC(2987) Pause Young (G1 Evacuation Pause) 824M->8M(1364M) 2.148ms
[174.335s][info][gc] GC(2988) Pause Young (G1 Evacuation Pause) 824M->10M(1364M) 1.192ms
[174.382s][info][gc] GC(2989) Pause Young (G1 Evacuation Pause) 824M->9M(1364M) 2.251ms
[174.428s][info][gc] GC(2990) Pause Young (G1 Evacuation Pause) 824M->11M(1364M) 2.783ms
[174.476s][info][gc] GC(2991) Pause Young (G1 Evacuation Pause) 824M->9M(1364M) 1.347ms
[174.523s][info][gc] GC(2992) Pause Young (G1 Evacuation Pause) 824M->9M(1364M) 1.953ms
[174.569s][info][gc] GC(2993) Pause Young (G1 Evacuation Pause) 824M->9M(1364M) 1.993ms
[174.620s][info][gc] GC(2994) Pause Young (G1 Evacuation Pause) 824M->8M(1364M) 2.758ms
[174.665s][info][gc] GC(2995) Pause Young (G1 Evacuation Pause) 824M->9M(1364M) 1.165ms
[174.712s][info][gc] GC(2996) Pause Young (G1 Evacuation Pause) 824M->10M(1364M) 2.084ms
[174.763s][info][gc] GC(2997) Pause Young (G1 Evacuation Pause) 824M->9M(1364M) 3.135ms
[174.817s][info][gc] GC(2998) Pause Young (G1 Evacuation Pause) 824M->8M(1364M) 3.772ms
[174.869s][info][gc] GC(2999) Pause Young (G1 Evacuation Pause) 824M->11M(1474M) 3.244ms
[174.951s][info][gc] GC(3000) Pause Young (G1 Evacuation Pause) 890M->10M(1474M) 1.196ms
[175.001s][info][gc] GC(3001) Pause Young (G1 Evacuation Pause) 890M->9M(1474M) 1.886ms
[175.052s][info][gc] GC(3002) Pause Young (G1 Evacuation Pause) 890M->9M(1474M) 1.092ms
[175.104s][info][gc] GC(3003) Pause Young (G1 Evacuation Pause) 890M->10M(1474M) 1.242ms
[175.156s][info][gc] GC(3004) Pause Young (G1 Evacuation Pause) 890M->9M(1474M) 2.110ms
[175.204s][info][gc] GC(3005) Pause Young (G1 Evacuation Pause) 890M->10M(1474M) 1.285ms
[175.255s][info][gc] GC(3006) Pause Young (G1 Evacuation Pause) 890M->10M(1474M) 1.276ms
[175.305s][info][gc] GC(3007) Pause Young (G1 Evacuation Pause) 890M->9M(1474M) 3.387ms
[175.356s][info][gc] GC(3008) Pause Young (G1 Evacuation Pause) 890M->9M(1474M) 2.156ms
[175.405s][info][gc] GC(3009) Pause Young (G1 Evacuation Pause) 890M->10M(1474M) 1.180ms
[175.458s][info][gc] GC(3010) Pause Young (G1 Evacuation Pause) 890M->8M(1474M) 2.014ms
[175.508s][info][gc] GC(3011) Pause Young (G1 Evacuation Pause) 890M->10M(1474M) 2.440ms
[175.557s][info][gc] GC(3012) Pause Young (G1 Evacuation Pause) 890M->9M(1474M) 1.993ms
[175.609s][info][gc] GC(3013) Pause Young (G1 Evacuation Pause) 890M->9M(1474M) 2.233ms
[175.660s][info][gc] GC(3014) Pause Young (G1 Evacuation Pause) 890M->10M(1474M) 2.217ms
[175.709s][info][gc] GC(3015) Pause Young (G1 Evacuation Pause) 890M->9M(1474M) 1.790ms
[175.763s][info][gc] GC(3016) Pause Young (G1 Evacuation Pause) 890M->9M(1474M) 1.916ms
[175.811s][info][gc] GC(3017) Pause Young (G1 Evacuation Pause) 890M->9M(1474M) 2.351ms
[175.860s][info][gc] GC(3018) Pause Young (G1 Evacuation Pause) 890M->9M(1474M) 1.290ms
[175.912s][info][gc] GC(3019) Pause Young (G1 Evacuation Pause) 890M->11M(1474M) 2.515ms
[175.963s][info][gc] GC(3020) Pause Young (G1 Evacuation Pause) 890M->9M(1474M) 1.994ms
[176.011s][info][gc] GC(3021) Pause Young (G1 Evacuation Pause) 890M->10M(1474M) 1.228ms
[176.064s][info][gc] GC(3022) Pause Young (G1 Evacuation Pause) 890M->9M(1474M) 1.441ms
[176.115s][info][gc] GC(3023) Pause Young (G1 Evacuation Pause) 890M->9M(1474M) 1.976ms
[176.163s][info][gc] GC(3024) Pause Young (G1 Evacuation Pause) 890M->8M(1474M) 1.119ms
[176.215s][info][gc] GC(3025) Pause Young (G1 Evacuation Pause) 890M->9M(1474M) 1.291ms
[176.265s][info][gc] GC(3026) Pause Young (G1 Evacuation Pause) 890M->10M(1474M) 2.101ms
[176.314s][info][gc] GC(3027) Pause Young (G1 Evacuation Pause) 890M->9M(1474M) 1.106ms
[176.367s][info][gc] GC(3028) Pause Young (G1 Evacuation Pause) 890M->9M(1474M) 1.225ms
[176.416s][info][gc] GC(3029) Pause Young (G1 Evacuation Pause) 890M->8M(1474M) 1.970ms
[176.465s][info][gc] GC(3030) Pause Young (G1 Evacuation Pause) 890M->10M(1474M) 1.263ms
[176.519s][info][gc] GC(3031) Pause Young (G1 Evacuation Pause) 890M->10M(1474M) 1.106ms
[176.569s][info][gc] GC(3032) Pause Young (G1 Evacuation Pause) 890M->10M(1474M) 1.141ms
[176.618s][info][gc] GC(3033) Pause Young (G1 Evacuation Pause) 890M->10M(1474M) 1.923ms
[176.671s][info][gc] GC(3034) Pause Young (G1 Evacuation Pause) 890M->10M(1474M) 2.437ms
[176.720s][info][gc] GC(3035) Pause Young (G1 Evacuation Pause) 890M->9M(1474M) 1.126ms
[176.774s][info][gc] GC(3036) Pause Young (G1 Evacuation Pause) 890M->10M(1474M) 1.921ms
[176.823s][info][gc] GC(3037) Pause Young (G1 Evacuation Pause) 890M->9M(1474M) 2.254ms
[176.871s][info][gc] GC(3038) Pause Young (G1 Evacuation Pause) 890M->10M(1474M) 1.125ms
[176.924s][info][gc] GC(3039) Pause Young (G1 Evacuation Pause) 890M->10M(1474M) 2.186ms
[176.975s][info][gc] GC(3040) Pause Young (G1 Evacuation Pause) 890M->9M(1474M) 2.187ms
[177.023s][info][gc] GC(3041) Pause Young (G1 Evacuation Pause) 890M->9M(1474M) 2.071ms
[177.078s][info][gc] GC(3042) Pause Young (G1 Evacuation Pause) 890M->10M(1474M) 2.313ms
[177.128s][info][gc] GC(3043) Pause Young (G1 Evacuation Pause) 890M->9M(1474M) 2.215ms
[177.178s][info][gc] GC(3044) Pause Young (G1 Evacuation Pause) 890M->9M(1474M) 1.947ms
[177.231s][info][gc] GC(3045) Pause Young (G1 Evacuation Pause) 890M->9M(1474M) 2.127ms
[177.279s][info][gc] GC(3046) Pause Young (G1 Evacuation Pause) 890M->10M(1474M) 1.444ms
[177.327s][info][gc] GC(3047) Pause Young (G1 Evacuation Pause) 890M->9M(1474M) 1.213ms
[177.381s][info][gc] GC(3048) Pause Young (G1 Evacuation Pause) 890M->9M(1474M) 1.328ms
[177.430s][info][gc] GC(3049) Pause Young (G1 Evacuation Pause) 890M->8M(1474M) 1.878ms
[177.478s][info][gc] GC(3050) Pause Young (G1 Evacuation Pause) 890M->10M(1474M) 2.240ms
[177.533s][info][gc] GC(3051) Pause Young (G1 Evacuation Pause) 890M->10M(1474M) 1.420ms
[177.582s][info][gc] GC(3052) Pause Young (G1 Evacuation Pause) 890M->10M(1474M) 1.872ms
[177.630s][info][gc] GC(3053) Pause Young (G1 Evacuation Pause) 890M->9M(1474M) 1.089ms
[177.685s][info][gc] GC(3054) Pause Young (G1 Evacuation Pause) 890M->9M(1474M) 1.184ms
[177.733s][info][gc] GC(3055) Pause Young (G1 Evacuation Pause) 890M->8M(1474M) 1.818ms
[177.783s][info][gc] GC(3056) Pause Young (G1 Evacuation Pause) 890M->9M(1474M) 1.135ms
[177.837s][info][gc] GC(3057) Pause Young (G1 Evacuation Pause) 890M->10M(1474M) 1.166ms
[177.888s][info][gc] GC(3058) Pause Young (G1 Evacuation Pause) 890M->10M(1474M) 1.239ms
[177.938s][info][gc] GC(3059) Pause Young (G1 Evacuation Pause) 890M->10M(1474M) 1.992ms
[177.989s][info][gc] GC(3060) Pause Young (G1 Evacuation Pause) 890M->8M(1474M) 2.244ms
[178.040s][info][gc] GC(3061) Pause Young (G1 Evacuation Pause) 890M->9M(1474M) 2.070ms
[178.093s][info][gc] GC(3062) Pause Young (G1 Evacuation Pause) 890M->9M(1474M) 1.795ms
[178.147s][info][gc] GC(3063) Pause Young (G1 Evacuation Pause) 890M->9M(1474M) 1.924ms
[178.195s][info][gc] GC(3064) Pause Young (G1 Evacuation Pause) 890M->10M(1474M) 1.130ms
[178.246s][info][gc] GC(3065) Pause Young (G1 Evacuation Pause) 890M->9M(1474M) 1.397ms
[178.298s][info][gc] GC(3066) Pause Young (G1 Evacuation Pause) 890M->10M(1474M) 1.908ms
[178.349s][info][gc] GC(3067) Pause Young (G1 Evacuation Pause) 890M->9M(1474M) 2.243ms
[178.399s][info][gc] GC(3068) Pause Young (G1 Evacuation Pause) 890M->9M(1474M) 1.249ms
[178.452s][info][gc] GC(3069) Pause Young (G1 Evacuation Pause) 890M->10M(1474M) 1.175ms
[178.502s][info][gc] GC(3070) Pause Young (G1 Evacuation Pause) 890M->10M(1474M) 1.874ms
[178.555s][info][gc] GC(3071) Pause Young (G1 Evacuation Pause) 890M->10M(1474M) 2.290ms
[178.604s][info][gc] GC(3072) Pause Young (G1 Evacuation Pause) 890M->10M(1474M) 1.266ms
[178.656s][info][gc] GC(3073) Pause Young (G1 Evacuation Pause) 890M->9M(1474M) 1.872ms
[178.710s][info][gc] GC(3074) Pause Young (G1 Evacuation Pause) 890M->9M(1474M) 2.108ms
[178.759s][info][gc] GC(3075) Pause Young (G1 Evacuation Pause) 890M->9M(1474M) 1.469ms
[178.809s][info][gc] GC(3076) Pause Young (G1 Evacuation Pause) 890M->10M(1474M) 2.058ms
[178.862s][info][gc] GC(3077) Pause Young (G1 Evacuation Pause) 890M->10M(1474M) 2.124ms
[178.910s][info][gc] GC(3078) Pause Young (G1 Evacuation Pause) 890M->10M(1474M) 1.441ms
[178.961s][info][gc] GC(3079) Pause Young (G1 Evacuation Pause) 890M->9M(1474M) 2.196ms
[179.014s][info][gc] GC(3080) Pause Young (G1 Evacuation Pause) 890M->9M(1474M) 1.881ms
[179.062s][info][gc] GC(3081) Pause Young (G1 Evacuation Pause) 890M->9M(1474M) 1.179ms
[179.116s][info][gc] GC(3082) Pause Young (G1 Evacuation Pause) 890M->10M(1474M) 1.364ms
[179.170s][info][gc] GC(3083) Pause Young (G1 Evacuation Pause) 890M->8M(1474M) 1.836ms
[179.221s][info][gc] GC(3084) Pause Young (G1 Evacuation Pause) 890M->10M(1474M) 2.509ms
[179.271s][info][gc] GC(3085) Pause Young (G1 Evacuation Pause) 890M->9M(1474M) 1.145ms
[179.325s][info][gc] GC(3086) Pause Young (G1 Evacuation Pause) 890M->9M(1474M) 2.132ms
[179.376s][info][gc] GC(3087) Pause Young (G1 Evacuation Pause) 890M->10M(1474M) 2.243ms
[179.424s][info][gc] GC(3088) Pause Young (G1 Evacuation Pause) 890M->8M(1474M) 2.010ms
[179.479s][info][gc] GC(3089) Pause Young (G1 Evacuation Pause) 890M->9M(1474M) 2.072ms
[179.531s][info][gc] GC(3090) Pause Young (G1 Evacuation Pause) 890M->9M(1474M) 1.896ms
[179.585s][info][gc] GC(3091) Pause Young (G1 Evacuation Pause) 890M->10M(1474M) 2.160ms
[179.635s][info][gc] GC(3092) Pause Young (G1 Evacuation Pause) 890M->9M(1474M) 1.120ms
[179.685s][info][gc] GC(3093) Pause Young (G1 Evacuation Pause) 890M->9M(1474M) 1.147ms
[179.738s][info][gc] GC(3094) Pause Young (G1 Evacuation Pause) 890M->9M(1474M) 1.928ms
[179.787s][info][gc] GC(3095) Pause Young (G1 Evacuation Pause) 890M->10M(1474M) 2.476ms
[179.840s][info][gc] GC(3096) Pause Young (G1 Evacuation Pause) 890M->8M(1474M) 2.572ms
[179.894s][info][gc] GC(3097) Pause Young (G1 Evacuation Pause) 890M->11M(1474M) 1.624ms
[179.944s][info][gc] GC(3098) Pause Young (G1 Evacuation Pause) 890M->10M(1474M) 2.316ms
[179.998s][info][gc] GC(3099) Pause Young (G1 Evacuation Pause) 890M->10M(1474M) 1.530ms
[180.050s][info][gc] GC(3100) Pause Young (G1 Evacuation Pause) 890M->9M(1474M) 1.462ms
[180.104s][info][gc] GC(3101) Pause Young (G1 Evacuation Pause) 890M->11M(1474M) 1.414ms
[180.153s][info][gc] GC(3102) Pause Young (G1 Evacuation Pause) 890M->8M(1474M) 1.517ms
[180.204s][info][gc] GC(3103) Pause Young (G1 Evacuation Pause) 890M->9M(1474M) 1.213ms
[180.259s][info][gc] GC(3104) Pause Young (G1 Evacuation Pause) 890M->10M(1474M) 2.107ms
[180.310s][info][gc] GC(3105) Pause Young (G1 Evacuation Pause) 890M->10M(1474M) 2.332ms
[180.359s][info][gc] GC(3106) Pause Young (G1 Evacuation Pause) 890M->10M(1474M) 2.181ms
[180.413s][info][gc] GC(3107) Pause Young (G1 Evacuation Pause) 890M->10M(1474M) 1.901ms
[180.464s][info][gc] GC(3108) Pause Young (G1 Evacuation Pause) 890M->10M(1474M) 2.816ms
[180.519s][info][gc] GC(3109) Pause Young (G1 Evacuation Pause) 890M->10M(1474M) 2.713ms
[180.578s][info][gc] GC(3110) Pause Young (G1 Evacuation Pause) 890M->9M(1474M) 3.381ms
[180.629s][info][gc] GC(3111) Pause Young (G1 Evacuation Pause) 890M->9M(1474M) 2.299ms
[180.684s][info][gc] GC(3112) Pause Young (G1 Evacuation Pause) 890M->9M(1474M) 2.479ms
[180.740s][info][gc] GC(3113) Pause Young (G1 Evacuation Pause) 890M->11M(1474M) 2.768ms
[180.793s][info][gc] GC(3114) Pause Young (G1 Evacuation Pause) 890M->10M(1474M) 3.449ms
[180.849s][info][gc] GC(3115) Pause Young (G1 Evacuation Pause) 890M->10M(1474M) 3.166ms
[180.904s][info][gc] GC(3116) Pause Young (G1 Evacuation Pause) 890M->9M(1474M) 1.396ms
[180.957s][info][gc] GC(3117) Pause Young (G1 Evacuation Pause) 890M->9M(1474M) 1.863ms
[181.007s][info][gc] GC(3118) Pause Young (G1 Evacuation Pause) 890M->9M(1474M) 2.661ms
[181.060s][info][gc] GC(3119) Pause Young (G1 Evacuation Pause) 890M->9M(1474M) 1.710ms
[181.113s][info][gc] GC(3120) Pause Young (G1 Evacuation Pause) 890M->10M(1474M) 3.003ms
[181.164s][info][gc] GC(3121) Pause Young (G1 Evacuation Pause) 890M->9M(1474M) 2.459ms
[181.215s][info][gc] GC(3122) Pause Young (G1 Evacuation Pause) 890M->10M(1474M) 1.279ms
[181.265s][info][gc] GC(3123) Pause Young (G1 Evacuation Pause) 890M->9M(1474M) 1.180ms
[181.320s][info][gc] GC(3124) Pause Young (G1 Evacuation Pause) 890M->10M(1474M) 2.145ms
[181.368s][info][gc] GC(3125) Pause Young (G1 Evacuation Pause) 890M->8M(1474M) 1.110ms
[181.422s][info][gc] GC(3126) Pause Young (G1 Evacuation Pause) 890M->9M(1474M) 1.904ms
[181.477s][info][gc] GC(3127) Pause Young (G1 Evacuation Pause) 890M->9M(1474M) 2.075ms
[181.528s][info][gc] GC(3128) Pause Young (G1 Evacuation Pause) 890M->10M(1474M) 2.378ms
[181.578s][info][gc] GC(3129) Pause Young (G1 Evacuation Pause) 890M->8M(1474M) 1.951ms
[181.632s][info][gc] GC(3130) Pause Young (G1 Evacuation Pause) 890M->8M(1474M) 1.200ms
[181.682s][info][gc] GC(3131) Pause Young (G1 Evacuation Pause) 890M->10M(1474M) 2.158ms
[181.733s][info][gc] GC(3132) Pause Young (G1 Evacuation Pause) 890M->9M(1474M) 1.328ms
[181.789s][info][gc] GC(3133) Pause Young (G1 Evacuation Pause) 890M->10M(1474M) 2.270ms
[181.840s][info][gc] GC(3134) Pause Young (G1 Evacuation Pause) 890M->8M(1474M) 2.237ms
[181.892s][info][gc] GC(3135) Pause Young (G1 Evacuation Pause) 890M->10M(1474M) 1.940ms
[181.948s][info][gc] GC(3136) Pause Young (G1 Evacuation Pause) 890M->8M(1474M) 3.009ms
[182.001s][info][gc] GC(3137) Pause Young (G1 Evacuation Pause) 890M->10M(1474M) 2.397ms
[182.053s][info][gc] GC(3138) Pause Young (G1 Evacuation Pause) 890M->8M(1474M) 2.167ms
[182.108s][info][gc] GC(3139) Pause Young (G1 Evacuation Pause) 890M->8M(1474M) 1.982ms
[182.160s][info][gc] GC(3140) Pause Young (G1 Evacuation Pause) 890M->8M(1474M) 1.426ms
[182.212s][info][gc] GC(3141) Pause Young (G1 Evacuation Pause) 890M->10M(1474M) 2.391ms
[182.264s][info][gc] GC(3142) Pause Young (G1 Evacuation Pause) 890M->10M(1474M) 2.066ms
[182.317s][info][gc] GC(3143) Pause Young (G1 Evacuation Pause) 890M->10M(1474M) 3.487ms
[182.369s][info][gc] GC(3144) Pause Young (G1 Evacuation Pause) 890M->11M(1474M) 2.124ms
[182.422s][info][gc] GC(3145) Pause Young (G1 Evacuation Pause) 890M->9M(1474M) 2.174ms
[182.475s][info][gc] GC(3146) Pause Young (G1 Evacuation Pause) 890M->10M(1474M) 2.119ms
[182.529s][info][gc] GC(3147) Pause Young (G1 Evacuation Pause) 890M->9M(1474M) 2.277ms
[182.580s][info][gc] GC(3148) Pause Young (G1 Evacuation Pause) 890M->9M(1474M) 1.994ms
[182.632s][info][gc] GC(3149) Pause Young (G1 Evacuation Pause) 890M->8M(1474M) 1.047ms
[182.687s][info][gc] GC(3150) Pause Young (G1 Evacuation Pause) 890M->10M(1474M) 2.737ms
[182.739s][info][gc] GC(3151) Pause Young (G1 Evacuation Pause) 890M->9M(1474M) 2.312ms
[182.791s][info][gc] GC(3152) Pause Young (G1 Evacuation Pause) 890M->10M(1474M) 2.400ms
[182.846s][info][gc] GC(3153) Pause Young (G1 Evacuation Pause) 890M->10M(1474M) 2.911ms
[182.899s][info][gc] GC(3154) Pause Young (G1 Evacuation Pause) 890M->9M(1474M) 2.005ms
[182.949s][info][gc] GC(3155) Pause Young (G1 Evacuation Pause) 890M->9M(1474M) 1.943ms
[183.004s][info][gc] GC(3156) Pause Young (G1 Evacuation Pause) 890M->9M(1474M) 1.929ms
[183.056s][info][gc] GC(3157) Pause Young (G1 Evacuation Pause) 890M->10M(1474M) 2.092ms
[183.110s][info][gc] GC(3158) Pause Young (G1 Evacuation Pause) 890M->9M(1474M) 2.297ms
[183.165s][info][gc] GC(3159) Pause Young (G1 Evacuation Pause) 890M->9M(1474M) 2.164ms
[183.217s][info][gc] GC(3160) Pause Young (G1 Evacuation Pause) 890M->9M(1474M) 2.058ms
[183.271s][info][gc] GC(3161) Pause Young (G1 Evacuation Pause) 890M->9M(1474M) 2.169ms
[183.323s][info][gc] GC(3162) Pause Young (G1 Evacuation Pause) 890M->9M(1474M) 1.860ms
[183.377s][info][gc] GC(3163) Pause Young (G1 Evacuation Pause) 890M->11M(1474M) 2.173ms
[183.431s][info][gc] GC(3164) Pause Young (G1 Evacuation Pause) 890M->10M(1474M) 1.975ms
[183.480s][info][gc] GC(3165) Pause Young (G1 Evacuation Pause) 890M->11M(1474M) 1.242ms
[183.533s][info][gc] GC(3166) Pause Young (G1 Evacuation Pause) 890M->8M(1474M) 1.477ms
[183.587s][info][gc] GC(3167) Pause Young (G1 Evacuation Pause) 890M->9M(1474M) 2.135ms
[183.639s][info][gc] GC(3168) Pause Young (G1 Evacuation Pause) 890M->8M(1474M) 2.446ms
[183.691s][info][gc] GC(3169) Pause Young (G1 Evacuation Pause) 890M->9M(1474M) 2.286ms
[183.745s][info][gc] GC(3170) Pause Young (G1 Evacuation Pause) 890M->10M(1474M) 2.145ms
[183.795s][info][gc] GC(3171) Pause Young (G1 Evacuation Pause) 890M->10M(1474M) 2.235ms
[183.844s][info][gc] GC(3172) Pause Young (G1 Evacuation Pause) 890M->10M(1474M) 2.079ms
[183.899s][info][gc] GC(3173) Pause Young (G1 Evacuation Pause) 890M->9M(1474M) 1.177ms
[183.946s][info][gc] GC(3174) Pause Young (G1 Evacuation Pause) 890M->9M(1474M) 2.271ms
[184.001s][info][gc] GC(3175) Pause Young (G1 Evacuation Pause) 890M->8M(1474M) 1.444ms
[184.052s][info][gc] GC(3176) Pause Young (G1 Evacuation Pause) 890M->10M(1474M) 2.076ms
[184.104s][info][gc] GC(3177) Pause Young (G1 Evacuation Pause) 890M->9M(1474M) 2.559ms
[184.158s][info][gc] GC(3178) Pause Young (G1 Evacuation Pause) 890M->8M(1474M) 2.178ms
[184.210s][info][gc] GC(3179) Pause Young (G1 Evacuation Pause) 890M->10M(1474M) 1.603ms
[184.259s][info][gc] GC(3180) Pause Young (G1 Evacuation Pause) 890M->9M(1474M) 2.179ms
[184.310s][info][gc] GC(3181) Pause Young (G1 Evacuation Pause) 890M->9M(1474M) 2.009ms
[184.363s][info][gc] GC(3182) Pause Young (G1 Evacuation Pause) 890M->10M(1474M) 1.882ms
[184.412s][info][gc] GC(3183) Pause Young (G1 Evacuation Pause) 890M->9M(1474M) 2.050ms
[184.465s][info][gc] GC(3184) Pause Young (G1 Evacuation Pause) 890M->10M(1474M) 2.334ms
[184.515s][info][gc] GC(3185) Pause Young (G1 Evacuation Pause) 890M->10M(1474M) 2.186ms
[184.566s][info][gc] GC(3186) Pause Young (G1 Evacuation Pause) 890M->8M(1474M) 1.062ms
[184.619s][info][gc] GC(3187) Pause Young (G1 Evacuation Pause) 890M->10M(1474M) 1.945ms
[184.668s][info][gc] GC(3188) Pause Young (G1 Evacuation Pause) 890M->8M(1474M) 2.121ms
[184.717s][info][gc] GC(3189) Pause Young (G1 Evacuation Pause) 890M->9M(1474M) 1.138ms
[184.771s][info][gc] GC(3190) Pause Young (G1 Evacuation Pause) 890M->9M(1474M) 1.248ms
[184.822s][info][gc] GC(3191) Pause Young (G1 Evacuation Pause) 890M->10M(1474M) 2.080ms
[184.875s][info][gc] GC(3192) Pause Young (G1 Evacuation Pause) 890M->10M(1474M) 3.105ms
[184.929s][info][gc] GC(3193) Pause Young (G1 Evacuation Pause) 890M->10M(1474M) 2.308ms
[184.982s][info][gc] GC(3194) Pause Young (G1 Evacuation Pause) 890M->10M(1474M) 1.222ms
[185.040s][info][gc] GC(3195) Pause Young (G1 Evacuation Pause) 890M->9M(1474M) 2.212ms
[185.097s][info][gc] GC(3196) Pause Young (G1 Evacuation Pause) 890M->9M(1474M) 2.130ms
[185.153s][info][gc] GC(3197) Pause Young (G1 Evacuation Pause) 890M->9M(1474M) 2.100ms
[185.209s][info][gc] GC(3198) Pause Young (G1 Evacuation Pause) 890M->8M(1474M) 2.217ms
[185.262s][info][gc] GC(3199) Pause Young (G1 Evacuation Pause) 890M->9M(1474M) 1.345ms
[185.317s][info][gc] GC(3200) Pause Young (G1 Evacuation Pause) 890M->10M(1474M) 2.420ms
[185.371s][info][gc] GC(3201) Pause Young (G1 Evacuation Pause) 890M->10M(1474M) 2.550ms
[185.425s][info][gc] GC(3202) Pause Young (G1 Evacuation Pause) 890M->9M(1474M) 2.097ms
[185.484s][info][gc] GC(3203) Pause Young (G1 Evacuation Pause) 890M->9M(1474M) 2.109ms
[185.538s][info][gc] GC(3204) Pause Young (G1 Evacuation Pause) 890M->10M(1474M) 2.096ms
[185.592s][info][gc] GC(3205) Pause Young (G1 Evacuation Pause) 890M->9M(1474M) 2.176ms
[185.644s][info][gc] GC(3206) Pause Young (G1 Evacuation Pause) 890M->9M(1474M) 1.951ms
[185.698s][info][gc] GC(3207) Pause Young (G1 Evacuation Pause) 890M->9M(1474M) 2.154ms
[185.754s][info][gc] GC(3208) Pause Young (G1 Evacuation Pause) 890M->10M(1474M) 4.004ms
[185.818s][info][gc] GC(3209) Pause Young (G1 Evacuation Pause) 890M->10M(1474M) 2.673ms
[185.888s][info][gc] GC(3210) Pause Young (G1 Evacuation Pause) 890M->10M(1474M) 3.844ms
[185.953s][info][gc] GC(3211) Pause Young (G1 Evacuation Pause) 890M->9M(1474M) 2.243ms
[186.012s][info][gc] GC(3212) Pause Young (G1 Evacuation Pause) 890M->9M(1474M) 1.664ms
[186.070s][info][gc] GC(3213) Pause Young (G1 Evacuation Pause) 890M->9M(1474M) 3.057ms
[186.130s][info][gc] GC(3214) Pause Young (G1 Evacuation Pause) 890M->9M(1474M) 2.220ms
[186.188s][info][gc] GC(3215) Pause Young (G1 Evacuation Pause) 890M->9M(1474M) 1.679ms
[186.250s][info][gc] GC(3216) Pause Young (G1 Evacuation Pause) 890M->9M(1474M) 1.957ms
[186.314s][info][gc] GC(3217) Pause Young (G1 Evacuation Pause) 890M->11M(1474M) 3.566ms
[186.373s][info][gc] GC(3218) Pause Young (G1 Evacuation Pause) 890M->10M(1474M) 2.458ms
[186.434s][info][gc] GC(3219) Pause Young (G1 Evacuation Pause) 890M->10M(1474M) 2.397ms
[186.495s][info][gc] GC(3220) Pause Young (G1 Evacuation Pause) 890M->9M(1474M) 3.530ms
[186.565s][info][gc] GC(3221) Pause Young (G1 Evacuation Pause) 890M->10M(1474M) 3.189ms
[186.622s][info][gc] GC(3222) Pause Young (G1 Evacuation Pause) 890M->10M(1474M) 2.203ms
[186.685s][info][gc] GC(3223) Pause Young (G1 Evacuation Pause) 890M->9M(1474M) 2.115ms
[186.735s][info][gc] GC(3224) Pause Young (G1 Evacuation Pause) 890M->10M(1474M) 2.862ms
[186.791s][info][gc] GC(3225) Pause Young (G1 Evacuation Pause) 890M->10M(1474M) 2.490ms
[186.847s][info][gc] GC(3226) Pause Young (G1 Evacuation Pause) 890M->9M(1474M) 1.296ms
[186.897s][info][gc] GC(3227) Pause Young (G1 Evacuation Pause) 890M->10M(1474M) 1.368ms
[186.947s][info][gc] GC(3228) Pause Young (G1 Evacuation Pause) 890M->8M(1474M) 2.015ms
[187.003s][info][gc] GC(3229) Pause Young (G1 Evacuation Pause) 890M->9M(1474M) 1.421ms
[187.056s][info][gc] GC(3230) Pause Young (G1 Evacuation Pause) 890M->9M(1474M) 2.051ms
[187.109s][info][gc] GC(3231) Pause Young (G1 Evacuation Pause) 890M->10M(1474M) 2.392ms
[187.163s][info][gc] GC(3232) Pause Young (G1 Evacuation Pause) 890M->9M(1474M) 1.570ms
[187.217s][info][gc] GC(3233) Pause Young (G1 Evacuation Pause) 890M->9M(1474M) 1.352ms
[187.265s][info][gc] GC(3234) Pause Young (G1 Evacuation Pause) 890M->10M(1474M) 1.131ms
[187.319s][info][gc] GC(3235) Pause Young (G1 Evacuation Pause) 890M->9M(1474M) 1.173ms
[187.371s][info][gc] GC(3236) Pause Young (G1 Evacuation Pause) 890M->9M(1474M) 1.489ms
[187.428s][info][gc] GC(3237) Pause Young (G1 Evacuation Pause) 890M->9M(1474M) 1.468ms
[187.477s][info][gc] GC(3238) Pause Young (G1 Evacuation Pause) 890M->9M(1474M) 2.155ms
[187.530s][info][gc] GC(3239) Pause Young (G1 Evacuation Pause) 890M->9M(1474M) 2.322ms
[187.584s][info][gc] GC(3240) Pause Young (G1 Evacuation Pause) 890M->10M(1474M) 1.712ms
[187.639s][info][gc] GC(3241) Pause Young (G1 Evacuation Pause) 890M->10M(1474M) 2.269ms
[187.691s][info][gc] GC(3242) Pause Young (G1 Evacuation Pause) 890M->10M(1474M) 2.361ms
[187.745s][info][gc] GC(3243) Pause Young (G1 Evacuation Pause) 890M->8M(1474M) 2.420ms
[187.806s][info][gc] GC(3244) Pause Young (G1 Evacuation Pause) 890M->10M(1474M) 2.390ms
[187.859s][info][gc] GC(3245) Pause Young (G1 Evacuation Pause) 890M->9M(1474M) 2.202ms
[187.917s][info][gc] GC(3246) Pause Young (G1 Evacuation Pause) 890M->11M(1474M) 2.404ms
[187.972s][info][gc] GC(3247) Pause Young (G1 Evacuation Pause) 890M->9M(1474M) 2.929ms
[188.028s][info][gc] GC(3248) Pause Young (G1 Evacuation Pause) 890M->10M(1474M) 1.386ms
[188.080s][info][gc] GC(3249) Pause Young (G1 Evacuation Pause) 890M->9M(1474M) 2.377ms
[188.135s][info][gc] GC(3250) Pause Young (G1 Evacuation Pause) 890M->11M(1474M) 2.614ms
[188.192s][info][gc] GC(3251) Pause Young (G1 Evacuation Pause) 890M->9M(1474M) 2.457ms
[188.247s][info][gc] GC(3252) Pause Young (G1 Evacuation Pause) 890M->7M(1474M) 3.323ms
[188.301s][info][gc] GC(3253) Pause Young (G1 Evacuation Pause) 890M->9M(1474M) 2.183ms
[188.359s][info][gc] GC(3254) Pause Young (G1 Evacuation Pause) 890M->10M(1474M) 2.392ms
[188.415s][info][gc] GC(3255) Pause Young (G1 Evacuation Pause) 890M->9M(1474M) 2.260ms
[188.472s][info][gc] GC(3256) Pause Young (G1 Evacuation Pause) 890M->9M(1474M) 2.539ms
[188.523s][info][gc] GC(3257) Pause Young (G1 Evacuation Pause) 890M->10M(1474M) 2.093ms
[188.580s][info][gc] GC(3258) Pause Young (G1 Evacuation Pause) 890M->9M(1474M) 3.393ms
[188.640s][info][gc] GC(3259) Pause Young (G1 Evacuation Pause) 890M->9M(1474M) 2.300ms
[188.696s][info][gc] GC(3260) Pause Young (G1 Evacuation Pause) 890M->11M(1474M) 2.421ms
[188.747s][info][gc] GC(3261) Pause Young (G1 Evacuation Pause) 890M->10M(1474M) 1.651ms
[188.801s][info][gc] GC(3262) Pause Young (G1 Evacuation Pause) 890M->10M(1474M) 1.566ms
[188.850s][info][gc] GC(3263) Pause Young (G1 Evacuation Pause) 890M->7M(1474M) 2.305ms
[188.904s][info][gc] GC(3264) Pause Young (G1 Evacuation Pause) 890M->10M(1474M) 2.462ms
[188.956s][info][gc] GC(3265) Pause Young (G1 Evacuation Pause) 890M->9M(1474M) 2.128ms
[189.011s][info][gc] GC(3266) Pause Young (G1 Evacuation Pause) 890M->9M(1474M) 1.419ms
[189.060s][info][gc] GC(3267) Pause Young (G1 Evacuation Pause) 890M->10M(1474M) 2.421ms
[189.115s][info][gc] GC(3268) Pause Young (G1 Evacuation Pause) 890M->9M(1474M) 2.283ms
[189.170s][info][gc] GC(3269) Pause Young (G1 Evacuation Pause) 890M->10M(1474M) 2.087ms
[189.225s][info][gc] GC(3270) Pause Young (G1 Evacuation Pause) 890M->9M(1474M) 2.531ms
[189.283s][info][gc] GC(3271) Pause Young (G1 Evacuation Pause) 890M->10M(1474M) 2.344ms
[189.344s][info][gc] GC(3272) Pause Young (G1 Evacuation Pause) 890M->9M(1474M) 2.572ms
[189.405s][info][gc] GC(3273) Pause Young (G1 Evacuation Pause) 890M->11M(1474M) 2.781ms
[189.469s][info][gc] GC(3274) Pause Young (G1 Evacuation Pause) 890M->10M(1474M) 2.688ms
[189.536s][info][gc] GC(3275) Pause Young (G1 Evacuation Pause) 890M->10M(1474M) 2.710ms
[189.598s][info][gc] GC(3276) Pause Young (G1 Evacuation Pause) 890M->9M(1474M) 2.679ms
[189.664s][info][gc] GC(3277) Pause Young (G1 Evacuation Pause) 890M->10M(1474M) 2.691ms
[189.716s][info][gc] GC(3278) Pause Young (G1 Evacuation Pause) 890M->10M(1474M) 2.280ms
[189.775s][info][gc] GC(3279) Pause Young (G1 Evacuation Pause) 890M->8M(1474M) 2.030ms
[189.836s][info][gc] GC(3280) Pause Young (G1 Evacuation Pause) 890M->9M(1474M) 3.430ms
[189.890s][info][gc] GC(3281) Pause Young (G1 Evacuation Pause) 890M->10M(1474M) 2.431ms
[189.968s][info][gc] GC(3282) Pause Young (G1 Evacuation Pause) 890M->10M(1474M) 2.215ms
[190.035s][info][gc] GC(3283) Pause Young (G1 Evacuation Pause) 890M->10M(1474M) 2.396ms
[190.101s][info][gc] GC(3284) Pause Young (G1 Evacuation Pause) 890M->10M(1474M) 1.455ms
[190.164s][info][gc] GC(3285) Pause Young (G1 Evacuation Pause) 890M->10M(1474M) 5.909ms
[190.223s][info][gc] GC(3286) Pause Young (G1 Evacuation Pause) 890M->11M(1474M) 3.136ms
[190.273s][info][gc] GC(3287) Pause Young (G1 Evacuation Pause) 890M->9M(1474M) 2.376ms
[190.325s][info][gc] GC(3288) Pause Young (G1 Evacuation Pause) 890M->8M(1474M) 1.671ms
[190.380s][info][gc] GC(3289) Pause Young (G1 Evacuation Pause) 890M->9M(1474M) 2.148ms
[190.432s][info][gc] GC(3290) Pause Young (G1 Evacuation Pause) 890M->8M(1474M) 2.310ms
[190.484s][info][gc] GC(3291) Pause Young (G1 Evacuation Pause) 890M->8M(1474M) 2.383ms
[190.537s][info][gc] GC(3292) Pause Young (G1 Evacuation Pause) 890M->9M(1474M) 1.398ms
[190.588s][info][gc] GC(3293) Pause Young (G1 Evacuation Pause) 890M->10M(1474M) 2.283ms
[190.636s][info][gc] GC(3294) Pause Young (G1 Evacuation Pause) 890M->10M(1474M) 1.266ms
[190.695s][info][gc] GC(3295) Pause Young (G1 Evacuation Pause) 890M->9M(1474M) 2.546ms
[190.746s][info][gc] GC(3296) Pause Young (G1 Evacuation Pause) 890M->8M(1474M) 2.249ms
[190.798s][info][gc] GC(3297) Pause Young (G1 Evacuation Pause) 890M->9M(1474M) 1.469ms
[190.853s][info][gc] GC(3298) Pause Young (G1 Evacuation Pause) 890M->7M(1474M) 1.074ms
[190.906s][info][gc] GC(3299) Pause Young (G1 Evacuation Pause) 890M->9M(1474M) 2.152ms
[190.957s][info][gc] GC(3300) Pause Young (G1 Evacuation Pause) 890M->8M(1474M) 2.450ms
[191.011s][info][gc] GC(3301) Pause Young (G1 Evacuation Pause) 890M->10M(1474M) 1.452ms
[191.066s][info][gc] GC(3302) Pause Young (G1 Evacuation Pause) 890M->9M(1474M) 1.979ms
[191.125s][info][gc] GC(3303) Pause Young (G1 Evacuation Pause) 890M->11M(1474M) 1.980ms
[191.177s][info][gc] GC(3304) Pause Young (G1 Evacuation Pause) 890M->8M(1474M) 1.812ms
[191.227s][info][gc] GC(3305) Pause Young (G1 Evacuation Pause) 890M->10M(1474M) 1.888ms
[191.286s][info][gc] GC(3306) Pause Young (G1 Evacuation Pause) 890M->10M(1474M) 2.231ms
[191.337s][info][gc] GC(3307) Pause Young (G1 Evacuation Pause) 890M->10M(1474M) 1.267ms
[191.387s][info][gc] GC(3308) Pause Young (G1 Evacuation Pause) 890M->11M(1474M) 2.563ms
[191.437s][info][gc] GC(3309) Pause Young (G1 Evacuation Pause) 890M->10M(1474M) 1.324ms
[191.484s][info][gc] GC(3310) Pause Young (G1 Evacuation Pause) 890M->8M(1474M) 2.167ms
[191.529s][info][gc] GC(3311) Pause Young (G1 Evacuation Pause) 890M->9M(1474M) 1.128ms
[191.580s][info][gc] GC(3312) Pause Young (G1 Evacuation Pause) 890M->9M(1474M) 2.117ms
[191.626s][info][gc] GC(3313) Pause Young (G1 Evacuation Pause) 890M->11M(1474M) 1.296ms
[191.675s][info][gc] GC(3314) Pause Young (G1 Evacuation Pause) 890M->9M(1474M) 1.225ms
[191.723s][info][gc] GC(3315) Pause Young (G1 Evacuation Pause) 890M->9M(1474M) 1.871ms
[191.768s][info][gc] GC(3316) Pause Young (G1 Evacuation Pause) 890M->9M(1474M) 1.227ms
[191.815s][info][gc] GC(3317) Pause Young (G1 Evacuation Pause) 890M->9M(1474M) 1.613ms
[191.864s][info][gc] GC(3318) Pause Young (G1 Evacuation Pause) 890M->9M(1474M) 1.122ms
[191.909s][info][gc] GC(3319) Pause Young (G1 Evacuation Pause) 890M->9M(1474M) 1.597ms
[191.954s][info][gc] GC(3320) Pause Young (G1 Evacuation Pause) 890M->9M(1474M) 1.445ms
[192.003s][info][gc] GC(3321) Pause Young (G1 Evacuation Pause) 890M->9M(1474M) 1.190ms
[192.049s][info][gc] GC(3322) Pause Young (G1 Evacuation Pause) 890M->9M(1474M) 1.217ms
[192.096s][info][gc] GC(3323) Pause Young (G1 Evacuation Pause) 890M->9M(1474M) 1.437ms
[192.147s][info][gc] GC(3324) Pause Young (G1 Evacuation Pause) 890M->9M(1474M) 1.750ms
[192.194s][info][gc] GC(3325) Pause Young (G1 Evacuation Pause) 890M->9M(1474M) 1.616ms
[192.239s][info][gc] GC(3326) Pause Young (G1 Evacuation Pause) 890M->10M(1474M) 2.005ms
[192.286s][info][gc] GC(3327) Pause Young (G1 Evacuation Pause) 890M->10M(1474M) 1.322ms
[192.332s][info][gc] GC(3328) Pause Young (G1 Evacuation Pause) 890M->10M(1474M) 1.809ms
[192.380s][info][gc] GC(3329) Pause Young (G1 Evacuation Pause) 890M->10M(1474M) 1.866ms
[192.436s][info][gc] GC(3330) Pause Young (G1 Evacuation Pause) 890M->10M(1474M) 2.605ms
[192.489s][info][gc] GC(3331) Pause Young (G1 Evacuation Pause) 890M->8M(1474M) 2.444ms
[192.546s][info][gc] GC(3332) Pause Young (G1 Evacuation Pause) 890M->11M(1474M) 2.394ms
[192.598s][info][gc] GC(3333) Pause Young (G1 Evacuation Pause) 890M->9M(1474M) 2.341ms
[192.649s][info][gc] GC(3334) Pause Young (G1 Evacuation Pause) 890M->9M(1474M) 2.328ms
[192.700s][info][gc] GC(3335) Pause Young (G1 Evacuation Pause) 890M->10M(1474M) 2.235ms
[192.752s][info][gc] GC(3336) Pause Young (G1 Evacuation Pause) 890M->9M(1474M) 1.114ms
[192.800s][info][gc] GC(3337) Pause Young (G1 Evacuation Pause) 890M->9M(1474M) 1.255ms
[192.847s][info][gc] GC(3338) Pause Young (G1 Evacuation Pause) 890M->9M(1474M) 1.159ms
[192.898s][info][gc] GC(3339) Pause Young (G1 Evacuation Pause) 890M->9M(1474M) 1.179ms
[192.947s][info][gc] GC(3340) Pause Young (G1 Evacuation Pause) 890M->8M(1474M) 1.931ms
[192.999s][info][gc] GC(3341) Pause Young (G1 Evacuation Pause) 890M->8M(1474M) 2.199ms
[193.050s][info][gc] GC(3342) Pause Young (G1 Evacuation Pause) 890M->10M(1474M) 2.294ms
[193.099s][info][gc] GC(3343) Pause Young (G1 Evacuation Pause) 890M->10M(1474M) 1.917ms
[193.148s][info][gc] GC(3344) Pause Young (G1 Evacuation Pause) 890M->10M(1474M) 2.229ms
[193.200s][info][gc] GC(3345) Pause Young (G1 Evacuation Pause) 890M->8M(1474M) 1.249ms
[193.247s][info][gc] GC(3346) Pause Young (G1 Evacuation Pause) 890M->9M(1474M) 2.030ms
[193.294s][info][gc] GC(3347) Pause Young (G1 Evacuation Pause) 890M->8M(1474M) 1.784ms
[193.340s][info][gc] GC(3348) Pause Young (G1 Evacuation Pause) 890M->8M(1474M) 1.752ms
[193.390s][info][gc] GC(3349) Pause Young (G1 Evacuation Pause) 890M->9M(1474M) 1.164ms
[193.434s][info][gc] GC(3350) Pause Young (G1 Evacuation Pause) 890M->9M(1474M) 1.046ms
[193.481s][info][gc] GC(3351) Pause Young (G1 Evacuation Pause) 890M->8M(1474M) 2.007ms
[193.531s][info][gc] GC(3352) Pause Young (G1 Evacuation Pause) 890M->9M(1474M) 1.447ms
[193.577s][info][gc] GC(3353) Pause Young (G1 Evacuation Pause) 890M->8M(1474M) 1.220ms
[193.622s][info][gc] GC(3354) Pause Young (G1 Evacuation Pause) 890M->9M(1474M) 2.094ms
[193.671s][info][gc] GC(3355) Pause Young (G1 Evacuation Pause) 890M->10M(1474M) 1.615ms
[193.717s][info][gc] GC(3356) Pause Young (G1 Evacuation Pause) 890M->8M(1474M) 1.069ms
[193.763s][info][gc] GC(3357) Pause Young (G1 Evacuation Pause) 890M->10M(1474M) 1.208ms
[193.813s][info][gc] GC(3358) Pause Young (G1 Evacuation Pause) 890M->8M(1474M) 1.318ms
[193.860s][info][gc] GC(3359) Pause Young (G1 Evacuation Pause) 890M->9M(1474M) 1.672ms
[193.907s][info][gc] GC(3360) Pause Young (G1 Evacuation Pause) 890M->10M(1474M) 1.752ms
[193.953s][info][gc] GC(3361) Pause Young (G1 Evacuation Pause) 890M->9M(1474M) 1.360ms
[194.002s][info][gc] GC(3362) Pause Young (G1 Evacuation Pause) 890M->10M(1474M) 2.069ms
[194.048s][info][gc] GC(3363) Pause Young (G1 Evacuation Pause) 890M->9M(1474M) 1.095ms
[194.094s][info][gc] GC(3364) Pause Young (G1 Evacuation Pause) 890M->10M(1474M) 2.004ms
[194.141s][info][gc] GC(3365) Pause Young (G1 Evacuation Pause) 890M->9M(1474M) 1.712ms
[194.187s][info][gc] GC(3366) Pause Young (G1 Evacuation Pause) 890M->10M(1474M) 1.168ms
[194.233s][info][gc] GC(3367) Pause Young (G1 Evacuation Pause) 890M->9M(1474M) 1.112ms
[194.281s][info][gc] GC(3368) Pause Young (G1 Evacuation Pause) 890M->10M(1474M) 1.182ms
[194.326s][info][gc] GC(3369) Pause Young (G1 Evacuation Pause) 890M->8M(1474M) 1.247ms
[194.371s][info][gc] GC(3370) Pause Young (G1 Evacuation Pause) 890M->10M(1474M) 1.175ms
[194.418s][info][gc] GC(3371) Pause Young (G1 Evacuation Pause) 890M->9M(1474M) 1.088ms
[194.463s][info][gc] GC(3372) Pause Young (G1 Evacuation Pause) 890M->9M(1474M) 1.136ms
[194.509s][info][gc] GC(3373) Pause Young (G1 Evacuation Pause) 890M->9M(1474M) 1.736ms
[194.554s][info][gc] GC(3374) Pause Young (G1 Evacuation Pause) 890M->10M(1474M) 1.221ms
[194.602s][info][gc] GC(3375) Pause Young (G1 Evacuation Pause) 890M->9M(1474M) 1.090ms
[194.647s][info][gc] GC(3376) Pause Young (G1 Evacuation Pause) 890M->9M(1474M) 1.072ms
[194.695s][info][gc] GC(3377) Pause Young (G1 Evacuation Pause) 890M->9M(1474M) 1.079ms
[194.740s][info][gc] GC(3378) Pause Young (G1 Evacuation Pause) 890M->10M(1474M) 1.953ms
[194.784s][info][gc] GC(3379) Pause Young (G1 Evacuation Pause) 890M->10M(1474M) 1.176ms
[194.829s][info][gc] GC(3380) Pause Young (G1 Evacuation Pause) 890M->8M(1474M) 1.042ms
[194.877s][info][gc] GC(3381) Pause Young (G1 Evacuation Pause) 890M->9M(1474M) 1.136ms
[194.931s][info][gc] GC(3382) Pause Young (G1 Evacuation Pause) 890M->10M(1474M) 3.188ms
[194.993s][info][gc] GC(3383) Pause Young (G1 Evacuation Pause) 890M->10M(1474M) 2.465ms
[195.043s][info][gc] GC(3384) Pause Young (G1 Evacuation Pause) 890M->9M(1474M) 2.056ms
[195.090s][info][gc] GC(3385) Pause Young (G1 Evacuation Pause) 890M->10M(1474M) 2.218ms
[195.138s][info][gc] GC(3386) Pause Young (G1 Evacuation Pause) 890M->10M(1474M) 2.462ms
[195.186s][info][gc] GC(3387) Pause Young (G1 Evacuation Pause) 890M->9M(1474M) 1.370ms
[195.230s][info][gc] GC(3388) Pause Young (G1 Evacuation Pause) 890M->10M(1474M) 1.272ms
[195.280s][info][gc] GC(3389) Pause Young (G1 Evacuation Pause) 890M->9M(1474M) 1.834ms
[195.325s][info][gc] GC(3390) Pause Young (G1 Evacuation Pause) 890M->8M(1474M) 1.793ms
[195.369s][info][gc] GC(3391) Pause Young (G1 Evacuation Pause) 890M->9M(1474M) 1.068ms
[195.414s][info][gc] GC(3392) Pause Young (G1 Evacuation Pause) 890M->8M(1474M) 1.094ms
[195.461s][info][gc] GC(3393) Pause Young (G1 Evacuation Pause) 890M->8M(1474M) 1.047ms
[195.506s][info][gc] GC(3394) Pause Young (G1 Evacuation Pause) 890M->11M(1474M) 1.982ms
[195.550s][info][gc] GC(3395) Pause Young (G1 Evacuation Pause) 890M->9M(1474M) 1.047ms
[195.598s][info][gc] GC(3396) Pause Young (G1 Evacuation Pause) 890M->8M(1474M) 1.032ms
[195.642s][info][gc] GC(3397) Pause Young (G1 Evacuation Pause) 890M->10M(1474M) 1.252ms
[195.687s][info][gc] GC(3398) Pause Young (G1 Evacuation Pause) 890M->8M(1474M) 1.111ms
[195.734s][info][gc] GC(3399) Pause Young (G1 Evacuation Pause) 890M->9M(1474M) 1.092ms
[195.779s][info][gc] GC(3400) Pause Young (G1 Evacuation Pause) 890M->8M(1474M) 1.123ms
[195.823s][info][gc] GC(3401) Pause Young (G1 Evacuation Pause) 890M->10M(1474M) 1.929ms
[195.871s][info][gc] GC(3402) Pause Young (G1 Evacuation Pause) 890M->9M(1474M) 2.184ms
[195.918s][info][gc] GC(3403) Pause Young (G1 Evacuation Pause) 890M->10M(1474M) 2.149ms
[195.966s][info][gc] GC(3404) Pause Young (G1 Evacuation Pause) 890M->10M(1474M) 2.054ms
[196.014s][info][gc] GC(3405) Pause Young (G1 Evacuation Pause) 890M->7M(1474M) 1.753ms
[196.063s][info][gc] GC(3406) Pause Young (G1 Evacuation Pause) 890M->8M(1474M) 1.950ms
[196.109s][info][gc] GC(3407) Pause Young (G1 Evacuation Pause) 890M->9M(1474M) 2.580ms
[196.156s][info][gc] GC(3408) Pause Young (G1 Evacuation Pause) 890M->10M(1474M) 1.953ms
[196.206s][info][gc] GC(3409) Pause Young (G1 Evacuation Pause) 890M->10M(1474M) 2.174ms
[196.253s][info][gc] GC(3410) Pause Young (G1 Evacuation Pause) 890M->9M(1474M) 2.066ms
[196.304s][info][gc] GC(3411) Pause Young (G1 Evacuation Pause) 890M->9M(1474M) 1.784ms
[196.352s][info][gc] GC(3412) Pause Young (G1 Evacuation Pause) 890M->8M(1474M) 1.821ms
[196.397s][info][gc] GC(3413) Pause Young (G1 Evacuation Pause) 890M->9M(1474M) 1.102ms
[196.443s][info][gc] GC(3414) Pause Young (G1 Evacuation Pause) 890M->9M(1474M) 1.884ms
[196.496s][info][gc] GC(3415) Pause Young (G1 Evacuation Pause) 890M->10M(1474M) 1.896ms
[196.543s][info][gc] GC(3416) Pause Young (G1 Evacuation Pause) 890M->10M(1474M) 1.350ms
[196.591s][info][gc] GC(3417) Pause Young (G1 Evacuation Pause) 890M->8M(1474M) 1.217ms
[196.642s][info][gc] GC(3418) Pause Young (G1 Evacuation Pause) 890M->9M(1474M) 2.091ms
[196.690s][info][gc] GC(3419) Pause Young (G1 Evacuation Pause) 890M->9M(1474M) 2.164ms
[196.738s][info][gc] GC(3420) Pause Young (G1 Evacuation Pause) 890M->9M(1474M) 2.008ms
[196.789s][info][gc] GC(3421) Pause Young (G1 Evacuation Pause) 890M->11M(1474M) 2.091ms
[196.837s][info][gc] GC(3422) Pause Young (G1 Evacuation Pause) 890M->10M(1474M) 2.008ms
[196.885s][info][gc] GC(3423) Pause Young (G1 Evacuation Pause) 890M->9M(1474M) 1.759ms
[196.936s][info][gc] GC(3424) Pause Young (G1 Evacuation Pause) 890M->10M(1474M) 1.935ms
[196.983s][info][gc] GC(3425) Pause Young (G1 Evacuation Pause) 890M->10M(1474M) 1.810ms
[197.031s][info][gc] GC(3426) Pause Young (G1 Evacuation Pause) 890M->9M(1474M) 1.932ms
[197.082s][info][gc] GC(3427) Pause Young (G1 Evacuation Pause) 890M->10M(1474M) 2.113ms
[197.158s][info][gc] GC(3428) Pause Young (G1 Evacuation Pause) 890M->10M(1474M) 12.924ms
[197.249s][info][gc] GC(3429) Pause Young (G1 Evacuation Pause) 890M->11M(1474M) 2.370ms
[197.307s][info][gc] GC(3430) Pause Young (G1 Evacuation Pause) 890M->11M(1474M) 2.649ms
[197.377s][info][gc] GC(3431) Pause Young (G1 Evacuation Pause) 890M->11M(1474M) 3.278ms
[197.441s][info][gc] GC(3432) Pause Young (G1 Evacuation Pause) 890M->10M(1474M) 2.743ms
[197.507s][info][gc] GC(3433) Pause Young (G1 Evacuation Pause) 890M->10M(1474M) 2.525ms
