3.307: [GC [1 CMS-initial-mark: 0K(18874368K)] 302009K(20761856K), 0.0994470 secs] [Times: user=0.20 sys=0.00, real=0.10 secs] 
3.407: [CMS-concurrent-mark-start]
3.475: [CMS-concurrent-mark: 0.020/0.068 secs] [Times: user=0.19 sys=0.01, real=0.07 secs] 
3.475: [CMS-concurrent-preclean-start]
3.588: [CMS-concurrent-preclean: 0.113/0.114 secs] [Times: user=0.32 sys=0.00, real=0.11 secs] 
3.588: [CMS-concurrent-abortable-preclean-start]
 CMS: abort preclean due to time 11.959: [CMS-concurrent-abortable-preclean: 3.276/8.371 secs] [Times: user=8.23 sys=5.57, real=8.37 secs] 
11.960: [GC[YG occupancy: 1308733 K (1887488 K)]11.960: [GC 11.960: [ParNew: 1308733K->28278K(1887488K), 0.0196770 secs] 1308733K->28278K(20761856K), 0.0198110 secs] [Times: user=0.23 sys=0.01, real=0.02 secs] 
11.980: [Rescan (parallel) , 0.0085120 secs]11.988: [weak refs processing, 0.0000210 secs]11.988: [class unloading, 0.0097120 secs]11.998: [scrub symbol & string tables, 0.0073130 secs] [1 CMS-remark: 0K(18874368K)] 28278K(20761856K), 0.0462600 secs] [Times: user=0.37 sys=0.02, real=0.05 secs] 
12.007: [CMS-concurrent-sweep-start]
12.033: [CMS-concurrent-sweep: 0.015/0.026 secs] [Times: user=0.08 sys=0.01, real=0.03 secs] 
12.035: [CMS-concurrent-reset-start]
12.083: [CMS-concurrent-reset: 0.047/0.048 secs] [Times: user=0.15 sys=0.00, real=0.04 secs] 
17.027: [GC 17.027: [ParNew: 1706102K->119871K(1887488K), 0.0457850 secs] 1706102K->119871K(20761856K), 0.0460040 secs] [Times: user=0.75 sys=0.00, real=0.04 secs] 
26.054: [GC 26.054: [ParNew: 1797695K->193422K(1887488K), 0.1163500 secs] 1797695K->212671K(20761856K), 0.1165670 secs] [Times: user=1.29 sys=0.04, real=0.12 secs] 
33.046: [GC 33.046: [ParNew: 1871246K->209664K(1887488K), 0.1216780 secs] 1890495K->303382K(20761856K), 0.1218990 secs] [Times: user=1.79 sys=0.02, real=0.13 secs] 
40.423: [GC 40.423: [ParNew: 1887488K->209664K(1887488K), 0.1779030 secs] 1981206K->475204K(20761856K), 0.1781310 secs] [Times: user=2.00 sys=0.06, real=0.18 secs] 
45.063: [GC 45.063: [ParNew: 1887488K->191408K(1887488K), 0.1224090 secs] 2153028K->604718K(20761856K), 0.1226360 secs] [Times: user=1.57 sys=0.01, real=0.12 secs] 
52.793: [GC 52.793: [ParNew: 1869232K->209664K(1887488K), 0.1152310 secs] 2282542K->735867K(20761856K), 0.1154560 secs] [Times: user=1.60 sys=0.01, real=0.11 secs] 
57.577: [GC 57.577: [ParNew: 1887488K->209664K(1887488K), 0.1280410 secs] 2413691K->885791K(20761856K), 0.1282710 secs] [Times: user=1.48 sys=0.03, real=0.13 secs] 
65.746: [GC 65.746: [ParNew: 1887488K->204148K(1887488K), 0.1232700 secs] 2563615K->996330K(20761856K), 0.1235180 secs] [Times: user=1.63 sys=0.02, real=0.12 secs] 
70.113: [GC 70.113: [ParNew: 1881972K->199256K(1887488K), 0.1348400 secs] 2674154K->1143246K(20761856K), 0.1350680 secs] [Times: user=1.71 sys=0.04, real=0.13 secs] 
75.166: [GC 75.166: [ParNew: 1877080K->208762K(1887488K), 0.1011230 secs] 2821070K->1265493K(20761856K), 0.1013490 secs] [Times: user=1.26 sys=0.05, real=0.10 secs] 
84.452: [GC 84.452: [ParNew: 1886586K->209664K(1887488K), 0.1359200 secs] 2943317K->1394347K(20761856K), 0.1361380 secs] [Times: user=2.11 sys=0.03, real=0.14 secs] 
90.354: [GC 90.354: [ParNew: 1887488K->199792K(1887488K), 0.1561380 secs] 3072171K->1554780K(20761856K), 0.1563760 secs] [Times: user=1.96 sys=0.05, real=0.16 secs] 
95.115: [GC 95.115: [ParNew: 1877616K->156906K(1887488K), 0.1039090 secs] 3232604K->1624338K(20761856K), 0.1041460 secs] [Times: user=1.27 sys=0.03, real=0.11 secs] 
99.104: [GC 99.104: [ParNew: 1834730K->196730K(1887488K), 0.1012960 secs] 3302162K->1778512K(20761856K), 0.1015290 secs] [Times: user=1.27 sys=0.04, real=0.10 secs] 
103.495: [GC 103.495: [ParNew: 1874554K->209664K(1887488K), 0.1070630 secs] 3456336K->1914143K(20761856K), 0.1072910 secs] [Times: user=1.56 sys=0.04, real=0.11 secs] 
107.305: [GC 107.305: [ParNew: 1887488K->209664K(1887488K), 0.1142010 secs] 3591967K->2051781K(20761856K), 0.1144310 secs] [Times: user=1.56 sys=0.05, real=0.12 secs] 
110.539: [GC 110.539: [ParNew: 1887488K->209664K(1887488K), 0.1042090 secs] 3729605K->2187945K(20761856K), 0.1044260 secs] [Times: user=1.58 sys=0.02, real=0.10 secs] 
115.353: [GC 115.354: [ParNew: 1887488K->182244K(1887488K), 0.0847440 secs] 3865769K->2298542K(20761856K), 0.0849420 secs] [Times: user=1.45 sys=0.01, real=0.08 secs] 
120.906: [GC 120.906: [ParNew: 1860068K->111843K(1887488K), 0.0756390 secs] 3976366K->2337406K(20761856K), 0.0758690 secs] [Times: user=1.29 sys=0.00, real=0.08 secs] 
125.203: [GC 125.203: [ParNew: 1789667K->209664K(1887488K), 0.0844180 secs] 4015230K->2467938K(20761856K), 0.0846370 secs] [Times: user=1.48 sys=0.00, real=0.08 secs] 
141.938: [GC 141.938: [ParNew: 1887488K->209664K(1887488K), 0.1864140 secs] 4145762K->2677440K(20761856K), 0.1865880 secs] [Times: user=3.06 sys=0.04, real=0.19 secs] 
148.408: [GC 148.409: [ParNew: 1887488K->161737K(1887488K), 0.1807030 secs] 4355264K->2806828K(20761856K), 0.1809430 secs] [Times: user=2.19 sys=0.03, real=0.18 secs] 
151.831: [GC 151.831: [ParNew: 1839561K->207330K(1887488K), 0.0628230 secs] 4484652K->2852421K(20761856K), 0.0630260 secs] [Times: user=1.10 sys=0.00, real=0.06 secs] 
155.720: [GC 155.720: [ParNew: 1885154K->179007K(1887488K), 0.0972110 secs] 4530245K->2991384K(20761856K), 0.0974440 secs] [Times: user=1.34 sys=0.03, real=0.10 secs] 
159.938: [GC 159.938: [ParNew: 1856831K->197688K(1887488K), 0.0596680 secs] 4669208K->3010066K(20761856K), 0.0599090 secs] [Times: user=1.02 sys=0.01, real=0.06 secs] 
168.040: [GC 168.040: [ParNew: 1875512K->164667K(1887488K), 0.0961680 secs] 4687890K->3065449K(20761856K), 0.0964010 secs] [Times: user=1.34 sys=0.01, real=0.09 secs] 
171.752: [GC 171.753: [ParNew: 1842491K->153368K(1887488K), 0.0446730 secs] 4743273K->3054150K(20761856K), 0.0449090 secs] [Times: user=0.75 sys=0.00, real=0.04 secs] 
175.505: [GC 175.505: [ParNew: 1831192K->164005K(1887488K), 0.0538070 secs] 4731974K->3064787K(20761856K), 0.0540470 secs] [Times: user=0.91 sys=0.00, real=0.06 secs] 
179.078: [GC 179.078: [ParNew: 1841829K->154743K(1887488K), 0.0775620 secs] 4742611K->3123230K(20761856K), 0.0777980 secs] [Times: user=1.05 sys=0.03, real=0.08 secs] 
190.715: [GC 190.715: [ParNew: 1832567K->209664K(1887488K), 0.1210840 secs] 4801054K->3191640K(20761856K), 0.1213270 secs] [Times: user=1.80 sys=0.01, real=0.12 secs] 
203.138: [GC 203.138: [ParNew: 1887488K->174424K(1887488K), 0.1521730 secs] 4869464K->3318508K(20761856K), 0.1524150 secs] [Times: user=2.01 sys=0.02, real=0.15 secs] 
217.184: [GC 217.184: [ParNew: 1852248K->209664K(1887488K), 0.1122390 secs] 4996332K->3367481K(20761856K), 0.1125130 secs] [Times: user=1.87 sys=0.00, real=0.12 secs] 
221.137: [GC 221.137: [ParNew: 1887359K->181433K(1887488K), 0.2002920 secs] 5045177K->3501468K(20761856K), 0.2005510 secs] [Times: user=2.59 sys=0.04, real=0.20 secs] 
226.293: [GC 226.293: [ParNew: 1859257K->131451K(1887488K), 0.1007000 secs] 5179292K->3526960K(20761856K), 0.1010090 secs] [Times: user=1.27 sys=0.01, real=0.10 secs] 
229.756: [GC 229.756: [ParNew: 1809275K->107867K(1887488K), 0.0417630 secs] 5204784K->3503375K(20761856K), 0.0420290 secs] [Times: user=0.76 sys=0.00, real=0.05 secs] 
231.076: [GC 231.077: [ParNew: 1785691K->115523K(1887488K), 0.0405120 secs] 5181199K->3511031K(20761856K), 0.0408070 secs] [Times: user=0.68 sys=0.00, real=0.05 secs] 
231.800: [GC 231.800: [ParNew: 1793241K->118020K(1887488K), 0.0394590 secs] 5188749K->3513528K(20761856K), 0.0397120 secs] [Times: user=0.66 sys=0.00, real=0.04 secs] 
234.411: [GC 234.411: [ParNew: 1795844K->111153K(1887488K), 0.0766590 secs] 5191352K->3563084K(20761856K), 0.0769250 secs] [Times: user=1.22 sys=0.00, real=0.07 secs] 
238.417: [GC 238.417: [ParNew: 1788738K->109955K(1887488K), 0.0945760 secs] 5240670K->3588068K(20761856K), 0.0948950 secs] [Times: user=1.26 sys=0.00, real=0.10 secs] 
239.407: [GC 239.407: [ParNew: 1787709K->103589K(1887488K), 0.0518590 secs] 5265823K->3583845K(20761856K), 0.0521200 secs] [Times: user=0.83 sys=0.00, real=0.06 secs] 
239.991: [GC 239.991: [ParNew: 1781413K->101852K(1887488K), 0.0473700 secs] 5261669K->3582108K(20761856K), 0.0476340 secs] [Times: user=0.79 sys=0.00, real=0.04 secs] 
240.751: [GC 240.751: [ParNew: 1779676K->76026K(1887488K), 0.0829660 secs] 5259932K->3598135K(20761856K), 0.0832760 secs] [Times: user=1.07 sys=0.01, real=0.08 secs] 
244.520: [GC 244.521: [ParNew: 1753850K->33629K(1887488K), 0.0596560 secs] 5275959K->3588090K(20761856K), 0.0599690 secs] [Times: user=0.66 sys=0.00, real=0.06 secs] 
248.335: [GC 248.335: [ParNew: 1711453K->51875K(1887488K), 0.0417250 secs] 5265914K->3606336K(20761856K), 0.0420430 secs] [Times: user=0.61 sys=0.00, real=0.04 secs] 
250.420: [GC 250.421: [ParNew: 1729699K->77699K(1887488K), 0.0395240 secs] 5284160K->3632160K(20761856K), 0.0398570 secs] [Times: user=0.71 sys=0.00, real=0.04 secs] 
251.418: [GC 251.418: [ParNew: 1755523K->84416K(1887488K), 0.0385620 secs] 5309984K->3640212K(20761856K), 0.0388330 secs] [Times: user=0.68 sys=0.00, real=0.04 secs] 
251.947: [GC 251.947: [ParNew: 1762240K->71204K(1887488K), 0.0409780 secs] 5318036K->3638063K(20761856K), 0.0412260 secs] [Times: user=0.63 sys=0.00, real=0.04 secs] 
254.036: [GC 254.036: [ParNew: 1749028K->96517K(1887488K), 0.0840130 secs] 5315887K->3692699K(20761856K), 0.0842830 secs] [Times: user=1.25 sys=0.01, real=0.08 secs] 
257.106: [GC 257.107: [ParNew: 1774341K->107385K(1887488K), 0.0776280 secs] 5370523K->3721675K(20761856K), 0.0779350 secs] [Times: user=1.09 sys=0.01, real=0.08 secs] 
257.766: [GC 257.766: [ParNew: 1785209K->98396K(1887488K), 0.0470750 secs] 5399499K->3713765K(20761856K), 0.0473350 secs] [Times: user=0.77 sys=0.01, real=0.05 secs] 
258.295: [GC 258.295: [ParNew: 1776220K->103217K(1887488K), 0.0455990 secs] 5391589K->3718590K(20761856K), 0.0458450 secs] [Times: user=0.76 sys=0.00, real=0.04 secs] 
259.316: [GC 259.317: [ParNew: 1781041K->74408K(1887488K), 0.0814590 secs] 5396414K->3739297K(20761856K), 0.0817290 secs] [Times: user=0.91 sys=0.01, real=0.08 secs] 
263.553: [GC 263.553: [ParNew: 1752232K->30821K(1887488K), 0.0489330 secs] 5417121K->3718955K(20761856K), 0.0492410 secs] [Times: user=0.56 sys=0.00, real=0.05 secs] 
265.966: [GC 265.966: [ParNew: 1708645K->59339K(1887488K), 0.0497640 secs] 5396779K->3747476K(20761856K), 0.0500860 secs] [Times: user=0.68 sys=0.00, real=0.05 secs] 
267.928: [GC 267.928: [ParNew: 1737163K->89241K(1887488K), 0.0406110 secs] 5425300K->3777379K(20761856K), 0.0409410 secs] [Times: user=0.68 sys=0.00, real=0.04 secs] 
268.632: [GC 268.632: [ParNew: 1767065K->74225K(1887488K), 0.0397270 secs] 5455203K->3764456K(20761856K), 0.0399770 secs] [Times: user=0.64 sys=0.00, real=0.04 secs] 
269.164: [GC 269.164: [ParNew: 1752049K->73505K(1887488K), 0.0408560 secs] 5442280K->3774974K(20761856K), 0.0411100 secs] [Times: user=0.61 sys=0.00, real=0.04 secs] 
271.474: [GC 271.474: [ParNew: 1751329K->94308K(1887488K), 0.0986950 secs] 5452798K->3831451K(20761856K), 0.0990110 secs] [Times: user=1.26 sys=0.00, real=0.09 secs] 
273.909: [GC 273.909: [ParNew: 1772132K->105007K(1887488K), 0.0698440 secs] 5509275K->3853285K(20761856K), 0.0701490 secs] [Times: user=0.98 sys=0.00, real=0.07 secs] 
274.493: [GC 274.493: [ParNew: 1782831K->100541K(1887488K), 0.0451000 secs] 5531109K->3848820K(20761856K), 0.0453440 secs] [Times: user=0.77 sys=0.00, real=0.05 secs] 
275.019: [GC 275.019: [ParNew: 1778365K->98373K(1887488K), 0.0456190 secs] 5526644K->3846651K(20761856K), 0.0458620 secs] [Times: user=0.76 sys=0.00, real=0.05 secs] 
276.608: [GC 276.608: [ParNew: 1776197K->74090K(1887488K), 0.0887690 secs] 5524475K->3877890K(20761856K), 0.0890700 secs] [Times: user=0.93 sys=0.02, real=0.09 secs] 
280.171: [GC 280.171: [ParNew: 1751914K->27880K(1887488K), 0.0418680 secs] 5555714K->3849087K(20761856K), 0.0421660 secs] [Times: user=0.49 sys=0.00, real=0.04 secs] 
281.881: [GC 281.881: [ParNew: 1705704K->56745K(1887488K), 0.0469340 secs] 5526911K->3877952K(20761856K), 0.0472570 secs] [Times: user=0.69 sys=0.00, real=0.05 secs] 
283.960: [GC 283.960: [ParNew: 1734569K->83658K(1887488K), 0.0412540 secs] 5555776K->3904865K(20761856K), 0.0415970 secs] [Times: user=0.69 sys=0.00, real=0.04 secs] 
284.700: [GC 284.700: [ParNew: 1761482K->76560K(1887488K), 0.0407460 secs] 5582689K->3900497K(20761856K), 0.0410300 secs] [Times: user=0.66 sys=0.00, real=0.04 secs] 
285.344: [GC 285.344: [ParNew: 1754384K->69376K(1887488K), 0.0397450 secs] 5578321K->3904627K(20761856K), 0.0399880 secs] [Times: user=0.61 sys=0.01, real=0.04 secs] 
287.860: [GC 287.860: [ParNew: 1747200K->92014K(1887488K), 0.0907670 secs] 5582451K->3958498K(20761856K), 0.0910420 secs] [Times: user=1.22 sys=0.02, real=0.09 secs] 
290.681: [GC 290.681: [ParNew: 1769838K->102201K(1887488K), 0.0721430 secs] 5636322K->3983356K(20761856K), 0.0724620 secs] [Times: user=1.01 sys=0.00, real=0.07 secs] 
291.409: [GC 291.409: [ParNew: 1779696K->95580K(1887488K), 0.0445700 secs] 5660851K->3976736K(20761856K), 0.0448230 secs] [Times: user=0.75 sys=0.01, real=0.04 secs] 
291.935: [GC 291.936: [ParNew: 1773404K->92610K(1887488K), 0.0444780 secs] 5654560K->3973765K(20761856K), 0.0447250 secs] [Times: user=0.76 sys=0.00, real=0.05 secs] 
293.440: [GC 293.440: [ParNew: 1770434K->72639K(1887488K), 0.0826880 secs] 5651589K->4009608K(20761856K), 0.0829630 secs] [Times: user=0.92 sys=0.02, real=0.08 secs] 
298.095: [GC 298.095: [ParNew: 1750463K->25700K(1887488K), 0.0378530 secs] 5687432K->3978269K(20761856K), 0.0381330 secs] [Times: user=0.46 sys=0.00, real=0.04 secs] 
299.854: [GC 299.854: [ParNew: 1703524K->57991K(1887488K), 0.0447270 secs] 5656093K->4010560K(20761856K), 0.0450230 secs] [Times: user=0.63 sys=0.01, real=0.05 secs] 
301.793: [GC 301.793: [ParNew: 1735815K->86220K(1887488K), 0.0399750 secs] 5688384K->4038789K(20761856K), 0.0402690 secs] [Times: user=0.67 sys=0.00, real=0.04 secs] 
302.478: [GC 302.478: [ParNew: 1764044K->78719K(1887488K), 0.0373620 secs] 5716613K->4034052K(20761856K), 0.0376110 secs] [Times: user=0.60 sys=0.00, real=0.04 secs] 
303.040: [GC 303.040: [ParNew: 1756543K->68287K(1887488K), 0.0392770 secs] 5711876K->4034073K(20761856K), 0.0394990 secs] [Times: user=0.61 sys=0.00, real=0.04 secs] 
305.704: [GC 305.704: [ParNew: 1746111K->103011K(1887488K), 0.0948000 secs] 5711897K->4100655K(20761856K), 0.0950630 secs] [Times: user=1.31 sys=0.01, real=0.09 secs] 
308.054: [GC 308.054: [ParNew: 1780835K->106707K(1887488K), 0.0723130 secs] 5778479K->4118372K(20761856K), 0.0725880 secs] [Times: user=1.06 sys=0.00, real=0.07 secs] 
308.672: [GC 308.672: [ParNew: 1784531K->102832K(1887488K), 0.0472290 secs] 5796196K->4114502K(20761856K), 0.0474690 secs] [Times: user=0.80 sys=0.00, real=0.05 secs] 
309.195: [GC 309.196: [ParNew: 1780656K->108442K(1887488K), 0.0480740 secs] 5792326K->4120112K(20761856K), 0.0482970 secs] [Times: user=0.82 sys=0.00, real=0.05 secs] 
310.391: [GC 310.391: [ParNew: 1786266K->78579K(1887488K), 0.0943920 secs] 5797936K->4150755K(20761856K), 0.0946700 secs] [Times: user=1.02 sys=0.02, real=0.09 secs] 
314.350: [GC 314.351: [ParNew: 1756403K->27927K(1887488K), 0.0387640 secs] 5828579K->4116747K(20761856K), 0.0390320 secs] [Times: user=0.46 sys=0.01, real=0.03 secs] 
316.413: [GC 316.413: [ParNew: 1705751K->56895K(1887488K), 0.0538440 secs] 5794571K->4145716K(20761856K), 0.0542030 secs] [Times: user=0.70 sys=0.02, real=0.05 secs] 
318.223: [GC 318.224: [ParNew: 1734719K->86016K(1887488K), 0.0396060 secs] 5823540K->4174837K(20761856K), 0.0399270 secs] [Times: user=0.68 sys=0.00, real=0.04 secs] 
318.982: [GC 318.982: [ParNew: 1763840K->82043K(1887488K), 0.0395680 secs] 5852661K->4173376K(20761856K), 0.0398520 secs] [Times: user=0.64 sys=0.00, real=0.04 secs] 
319.489: [GC 319.489: [ParNew: 1759867K->69621K(1887488K), 0.0410520 secs] 5851200K->4172343K(20761856K), 0.0413100 secs] [Times: user=0.63 sys=0.00, real=0.04 secs] 
321.907: [GC 321.907: [ParNew: 1747445K->90482K(1887488K), 0.0947650 secs] 5850167K->4225191K(20761856K), 0.0950780 secs] [Times: user=1.29 sys=0.00, real=0.10 secs] 
324.732: [GC 324.732: [ParNew: 1767979K->108690K(1887488K), 0.0738260 secs] 5902688K->4257265K(20761856K), 0.0741050 secs] [Times: user=1.07 sys=0.00, real=0.07 secs] 
325.506: [GC 325.506: [ParNew: 1786514K->106262K(1887488K), 0.0494210 secs] 5935089K->4255233K(20761856K), 0.0496700 secs] [Times: user=0.83 sys=0.01, real=0.05 secs] 
326.034: [GC 326.034: [ParNew: 1784086K->104641K(1887488K), 0.0473830 secs] 5933057K->4253612K(20761856K), 0.0476330 secs] [Times: user=0.80 sys=0.00, real=0.04 secs] 
327.185: [GC 327.185: [ParNew: 1782465K->78634K(1887488K), 0.0998900 secs] 5931436K->4283403K(20761856K), 0.1002120 secs] [Times: user=1.13 sys=0.01, real=0.10 secs] 
331.465: [GC 331.466: [ParNew: 1756458K->29136K(1887488K), 0.0450420 secs] 5961227K->4255612K(20761856K), 0.0453150 secs] [Times: user=0.53 sys=0.01, real=0.04 secs] 
333.873: [GC 333.873: [ParNew: 1706960K->46404K(1887488K), 0.0434110 secs] 5933436K->4272880K(20761856K), 0.0437280 secs] [Times: user=0.56 sys=0.00, real=0.05 secs] 
335.587: [GC 335.587: [ParNew: 1724228K->79418K(1887488K), 0.0395020 secs] 5950704K->4305894K(20761856K), 0.0398200 secs] [Times: user=0.66 sys=0.00, real=0.04 secs] 
336.636: [GC 336.636: [ParNew: 1757242K->79349K(1887488K), 0.0409650 secs] 5983718K->4307703K(20761856K), 0.0412990 secs] [Times: user=0.66 sys=0.00, real=0.04 secs] 
337.323: [GC 337.323: [ParNew: 1757173K->76138K(1887488K), 0.0408010 secs] 5985527K->4315628K(20761856K), 0.0410740 secs] [Times: user=0.64 sys=0.01, real=0.05 secs] 
338.785: [GC 338.785: [ParNew: 1753962K->85871K(1887488K), 0.0794390 secs] 5993452K->4351023K(20761856K), 0.0797750 secs] [Times: user=1.11 sys=0.01, real=0.08 secs] 
342.092: [GC 342.092: [ParNew: 1763695K->117522K(1887488K), 0.0839040 secs] 6028847K->4403354K(20761856K), 0.0841800 secs] [Times: user=1.18 sys=0.00, real=0.09 secs] 
342.841: [GC 342.841: [ParNew: 1795346K->101286K(1887488K), 0.0501820 secs] 6081178K->4388074K(20761856K), 0.0504280 secs] [Times: user=0.83 sys=0.00, real=0.05 secs] 
343.368: [GC 343.368: [ParNew: 1779110K->104345K(1887488K), 0.0485670 secs] 6065898K->4391134K(20761856K), 0.0488190 secs] [Times: user=0.80 sys=0.00, real=0.05 secs] 
343.895: [GC 343.895: [ParNew: 1782169K->78493K(1887488K), 0.0771670 secs] 6068958K->4407784K(20761856K), 0.0774130 secs] [Times: user=0.93 sys=0.02, real=0.07 secs] 
347.969: [GC 347.969: [ParNew: 1756317K->33634K(1887488K), 0.0690850 secs] 6085608K->4397834K(20761856K), 0.0694150 secs] [Times: user=0.81 sys=0.00, real=0.07 secs] 
350.624: [GC 350.625: [ParNew: 1711458K->47356K(1887488K), 0.0427550 secs] 6075658K->4411556K(20761856K), 0.0430720 secs] [Times: user=0.56 sys=0.00, real=0.05 secs] 
352.722: [GC 352.722: [ParNew: 1725180K->76883K(1887488K), 0.0402910 secs] 6089380K->4441084K(20761856K), 0.0405920 secs] [Times: user=0.69 sys=0.00, real=0.04 secs] 
353.809: [GC 353.809: [ParNew: 1754707K->78376K(1887488K), 0.0384620 secs] 6118908K->4442577K(20761856K), 0.0387670 secs] [Times: user=0.65 sys=0.00, real=0.04 secs] 
354.358: [GC 354.358: [ParNew: 1756200K->77469K(1887488K), 0.0462220 secs] 6120401K->4453760K(20761856K), 0.0464980 secs] [Times: user=0.71 sys=0.00, real=0.04 secs] 
355.510: [GC 355.510: [ParNew: 1755293K->68035K(1887488K), 0.0586130 secs] 6131584K->4468191K(20761856K), 0.0589250 secs] [Times: user=0.80 sys=0.01, real=0.06 secs] 
359.290: [GC 359.290: [ParNew: 1745790K->95326K(1887488K), 0.0945720 secs] 6145945K->4518527K(20761856K), 0.0948790 secs] [Times: user=1.28 sys=0.00, real=0.09 secs] 
360.135: [GC 360.135: [ParNew: 1773150K->113562K(1887488K), 0.0525220 secs] 6196351K->4537967K(20761856K), 0.0527650 secs] [Times: user=0.85 sys=0.00, real=0.06 secs] 
360.695: [GC 360.695: [ParNew: 1791386K->113818K(1887488K), 0.0492470 secs] 6215791K->4538223K(20761856K), 0.0494930 secs] [Times: user=0.82 sys=0.01, real=0.05 secs] 
361.213: [GC 361.213: [ParNew: 1791642K->95512K(1887488K), 0.0602670 secs] 6216047K->4535329K(20761856K), 0.0605120 secs] [Times: user=0.86 sys=0.00, real=0.06 secs] 
364.264: [GC 364.264: [ParNew: 1773336K->67615K(1887488K), 0.0905790 secs] 6213153K->4569276K(20761856K), 0.0908950 secs] [Times: user=0.93 sys=0.01, real=0.09 secs] 
367.484: [GC 367.484: [ParNew: 1745439K->52624K(1887488K), 0.0418600 secs] 6247100K->4554285K(20761856K), 0.0421440 secs] [Times: user=0.57 sys=0.00, real=0.04 secs] 
369.373: [GC 369.373: [ParNew: 1730448K->75819K(1887488K), 0.0385820 secs] 6232109K->4577481K(20761856K), 0.0389040 secs] [Times: user=0.66 sys=0.00, real=0.04 secs] 
370.716: [GC 370.716: [ParNew: 1753643K->76180K(1887488K), 0.0383560 secs] 6255305K->4577842K(20761856K), 0.0386400 secs] [Times: user=0.65 sys=0.00, real=0.04 secs] 
371.400: [GC 371.400: [ParNew: 1754004K->76400K(1887488K), 0.0408650 secs] 6255666K->4587274K(20761856K), 0.0410930 secs] [Times: user=0.64 sys=0.00, real=0.04 secs] 
371.926: [GC 371.926: [ParNew: 1754224K->55476K(1887488K), 0.0472500 secs] 6265098K->4592554K(20761856K), 0.0474580 secs] [Times: user=0.64 sys=0.01, real=0.05 secs] 
375.616: [GC 375.617: [ParNew: 1733300K->90460K(1887488K), 0.0867930 secs] 6270378K->4648232K(20761856K), 0.0870650 secs] [Times: user=1.25 sys=0.00, real=0.09 secs] 
376.902: [GC 376.902: [ParNew: 1768284K->118001K(1887488K), 0.0601020 secs] 6326056K->4679509K(20761856K), 0.0603850 secs] [Times: user=0.92 sys=0.00, real=0.06 secs] 
377.487: [GC 377.487: [ParNew: 1795653K->101297K(1887488K), 0.0475860 secs] 6357161K->4662805K(20761856K), 0.0478170 secs] [Times: user=0.82 sys=0.00, real=0.05 secs] 
378.025: [GC 378.025: [ParNew: 1779121K->104603K(1887488K), 0.0486550 secs] 6340629K->4666114K(20761856K), 0.0488840 secs] [Times: user=0.82 sys=0.01, real=0.05 secs] 
380.880: [GC 380.880: [ParNew: 1782427K->79005K(1887488K), 0.1011760 secs] 6343938K->4712305K(20761856K), 0.1014490 secs] [Times: user=1.08 sys=0.03, real=0.11 secs] 
384.482: [GC 384.482: [ParNew: 1756829K->51052K(1887488K), 0.0497030 secs] 6390129K->4690039K(20761856K), 0.0499780 secs] [Times: user=0.66 sys=0.00, real=0.05 secs] 
385.823: [GC 385.824: [ParNew: 1728876K->81762K(1887488K), 0.0391120 secs] 6367863K->4720749K(20761856K), 0.0394010 secs] [Times: user=0.67 sys=0.00, real=0.04 secs] 
387.729: [GC 387.729: [ParNew: 1759586K->81491K(1887488K), 0.0410210 secs] 6398573K->4720481K(20761856K), 0.0413040 secs] [Times: user=0.69 sys=0.00, real=0.04 secs] 
388.437: [GC 388.437: [ParNew: 1759315K->74275K(1887488K), 0.0398210 secs] 6398305K->4720255K(20761856K), 0.0400530 secs] [Times: user=0.63 sys=0.01, real=0.04 secs] 
388.976: [GC 388.976: [ParNew: 1752099K->57455K(1887488K), 0.0499290 secs] 6398079K->4731027K(20761856K), 0.0501430 secs] [Times: user=0.68 sys=0.00, real=0.05 secs] 
392.017: [GC 392.017: [ParNew: 1735279K->92679K(1887488K), 0.0773020 secs] 6408851K->4778605K(20761856K), 0.0775780 secs] [Times: user=1.16 sys=0.00, real=0.08 secs] 
394.008: [GC 394.009: [ParNew: 1770503K->116716K(1887488K), 0.0721170 secs] 6456429K->4815777K(20761856K), 0.0723890 secs] [Times: user=1.06 sys=0.00, real=0.07 secs] 
394.798: [GC 394.798: [ParNew: 1794540K->101281K(1887488K), 0.0489370 secs] 6493601K->4800343K(20761856K), 0.0491620 secs] [Times: user=0.82 sys=0.00, real=0.05 secs] 
395.339: [GC 395.339: [ParNew: 1779105K->103781K(1887488K), 0.0473570 secs] 6478167K->4802843K(20761856K), 0.0475860 secs] [Times: user=0.82 sys=0.00, real=0.05 secs] 
396.762: [GC 396.763: [ParNew: 1781605K->78571K(1887488K), 0.0987360 secs] 6480667K->4843252K(20761856K), 0.0990420 secs] [Times: user=1.12 sys=0.02, real=0.09 secs] 
401.417: [GC 401.417: [ParNew: 1756395K->29526K(1887488K), 0.0387410 secs] 6521076K->4805806K(20761856K), 0.0390520 secs] [Times: user=0.46 sys=0.00, real=0.04 secs] 
403.526: [GC 403.526: [ParNew: 1707350K->65684K(1887488K), 0.0510730 secs] 6483630K->4841964K(20761856K), 0.0513910 secs] [Times: user=0.74 sys=0.00, real=0.05 secs] 
405.178: [GC 405.178: [ParNew: 1743508K->83115K(1887488K), 0.0395630 secs] 6519788K->4859396K(20761856K), 0.0398850 secs] [Times: user=0.67 sys=0.00, real=0.04 secs] 
406.129: [GC 406.129: [ParNew: 1760939K->83104K(1887488K), 0.0419440 secs] 6537220K->4862236K(20761856K), 0.0422590 secs] [Times: user=0.68 sys=0.00, real=0.04 secs] 
406.675: [GC 406.675: [ParNew: 1760928K->66380K(1887488K), 0.0416260 secs] 6540060K->4856857K(20761856K), 0.0418870 secs] [Times: user=0.64 sys=0.00, real=0.04 secs] 
408.323: [GC 408.323: [ParNew: 1744204K->75480K(1887488K), 0.0883690 secs] 6534681K->4900798K(20761856K), 0.0887000 secs] [Times: user=1.17 sys=0.01, real=0.09 secs] 
411.569: [GC 411.569: [ParNew: 1753141K->110004K(1887488K), 0.0768930 secs] 6578459K->4945239K(20761856K), 0.0772120 secs] [Times: user=1.08 sys=0.00, real=0.08 secs] 
412.469: [GC 412.469: [ParNew: 1787481K->107609K(1887488K), 0.0490840 secs] 6622715K->4943668K(20761856K), 0.0493260 secs] [Times: user=0.82 sys=0.01, real=0.05 secs] 
413.029: [GC 413.029: [ParNew: 1785433K->103538K(1887488K), 0.0489110 secs] 6621492K->4939597K(20761856K), 0.0491630 secs] [Times: user=0.82 sys=0.00, real=0.05 secs] 
413.577: [GC 413.577: [ParNew: 1781362K->78855K(1887488K), 0.0789390 secs] 6617421K->4959519K(20761856K), 0.0791770 secs] [Times: user=0.95 sys=0.01, real=0.08 secs] 
417.240: [GC 417.240: [ParNew: 1756679K->32966K(1887488K), 0.0643950 secs] 6637343K->4946526K(20761856K), 0.0647130 secs] [Times: user=0.73 sys=0.01, real=0.06 secs] 
419.425: [GC 419.425: [ParNew: 1710790K->45468K(1887488K), 0.0432230 secs] 6624350K->4959028K(20761856K), 0.0435440 secs] [Times: user=0.56 sys=0.00, real=0.05 secs] 
421.429: [GC 421.429: [ParNew: 1723292K->74933K(1887488K), 0.0415970 secs] 6636852K->4988493K(20761856K), 0.0419130 secs] [Times: user=0.68 sys=0.00, real=0.04 secs] 
422.663: [GC 422.663: [ParNew: 1752757K->80044K(1887488K), 0.0400160 secs] 6666317K->4993604K(20761856K), 0.0403410 secs] [Times: user=0.69 sys=0.00, real=0.04 secs] 
423.230: [GC 423.231: [ParNew: 1757868K->73783K(1887488K), 0.0437140 secs] 6671428K->4999263K(20761856K), 0.0439610 secs] [Times: user=0.67 sys=0.00, real=0.04 secs] 
423.745: [GC 423.745: [ParNew: 1751607K->56627K(1887488K), 0.0472140 secs] 6677087K->5005847K(20761856K), 0.0474620 secs] [Times: user=0.60 sys=0.00, real=0.05 secs] 
428.050: [GC 428.051: [ParNew: 1734451K->85347K(1887488K), 0.0923410 secs] 6683671K->5056937K(20761856K), 0.0926590 secs] [Times: user=1.27 sys=0.00, real=0.09 secs] 
429.454: [GC 429.454: [ParNew: 1763171K->117842K(1887488K), 0.0565900 secs] 6734761K->5091635K(20761856K), 0.0568740 secs] [Times: user=0.88 sys=0.00, real=0.06 secs] 
430.026: [GC 430.026: [ParNew: 1795666K->100792K(1887488K), 0.0493950 secs] 6769459K->5074589K(20761856K), 0.0496470 secs] [Times: user=0.84 sys=0.00, real=0.05 secs] 
430.575: [GC 430.575: [ParNew: 1778616K->104398K(1887488K), 0.0476460 secs] 6752413K->5078195K(20761856K), 0.0478900 secs] [Times: user=0.82 sys=0.00, real=0.05 secs] 
432.884: [GC 432.884: [ParNew: 1782222K->78700K(1887488K), 0.1044560 secs] 6756019K->5124510K(20761856K), 0.1047360 secs] [Times: user=1.12 sys=0.02, real=0.11 secs] 
437.799: [GC 437.799: [ParNew: 1756524K->87897K(1887488K), 0.0938930 secs] 6802334K->5138831K(20761856K), 0.0942190 secs] [Times: user=1.22 sys=0.00, real=0.10 secs] 
441.760: [GC 441.760: [ParNew: 1765721K->209664K(1887488K), 0.3326910 secs] 6816655K->5352898K(20761856K), 0.3330220 secs] [Times: user=4.22 sys=0.01, real=0.33 secs] 
446.085: [GC 446.085: [ParNew: 1887488K->209664K(1887488K), 0.7445140 secs] 7030722K->5754434K(20761856K), 0.7447990 secs] [Times: user=8.26 sys=0.07, real=0.74 secs] 
451.718: [GC 451.718: [ParNew: 1887488K->209664K(1887488K), 0.4604030 secs] 7432258K->6006347K(20761856K), 0.4607220 secs] [Times: user=5.71 sys=0.01, real=0.46 secs] 
457.219: [GC 457.219: [ParNew: 1887488K->209664K(1887488K), 0.3672350 secs] 7684171K->6212919K(20761856K), 0.3675060 secs] [Times: user=4.93 sys=0.01, real=0.37 secs] 
461.010: [GC 461.011: [ParNew: 1887488K->209664K(1887488K), 0.3102110 secs] 7890743K->6381190K(20761856K), 0.3105130 secs] [Times: user=3.85 sys=0.00, real=0.31 secs] 
465.159: [GC 465.159: [ParNew: 1887488K->172971K(1887488K), 0.2440800 secs] 8059014K->6472635K(20761856K), 0.2443930 secs] [Times: user=2.95 sys=0.00, real=0.24 secs] 
468.652: [GC 468.652: [ParNew: 1850795K->209664K(1887488K), 0.1551880 secs] 8150459K->6510313K(20761856K), 0.1554910 secs] [Times: user=2.21 sys=0.00, real=0.16 secs] 
472.131: [GC 472.131: [ParNew: 1887488K->209664K(1887488K), 0.2776240 secs] 8188137K->6623342K(20761856K), 0.2779180 secs] [Times: user=3.51 sys=0.00, real=0.28 secs] 
475.781: [GC 475.781: [ParNew: 1887488K->209664K(1887488K), 0.2777000 secs] 8301166K->6741382K(20761856K), 0.2780300 secs] [Times: user=3.54 sys=0.00, real=0.28 secs] 
479.306: [GC 479.306: [ParNew: 1887488K->209664K(1887488K), 0.2696130 secs] 8419206K->6844498K(20761856K), 0.2699170 secs] [Times: user=3.55 sys=0.01, real=0.27 secs] 
483.052: [GC 483.052: [ParNew: 1887488K->209664K(1887488K), 0.3141430 secs] 8522322K->7041172K(20761856K), 0.3144480 secs] [Times: user=3.73 sys=0.01, real=0.31 secs] 
486.197: [GC 486.197: [ParNew: 1887488K->209664K(1887488K), 0.8825130 secs] 8718996K->7462083K(20761856K), 0.8828500 secs] [Times: user=10.92 sys=0.01, real=0.88 secs] 
490.123: [GC 490.123: [ParNew: 1887488K->209664K(1887488K), 1.0464020 secs] 9139907K->8004457K(20761856K), 1.0467330 secs] [Times: user=11.80 sys=0.02, real=1.05 secs] 
495.352: [GC 495.353: [ParNew: 1887488K->209664K(1887488K), 0.8067210 secs] 9682281K->8517348K(20761856K), 0.8070110 secs] [Times: user=10.81 sys=0.01, real=0.81 secs] 
498.069: [GC 498.070: [ParNew: 1887488K->209664K(1887488K), 0.9725250 secs] 10195172K->9075194K(20761856K), 0.9728540 secs] [Times: user=11.70 sys=0.02, real=0.97 secs] 
503.631: [GC 503.631: [ParNew: 1887488K->209664K(1887488K), 0.5806400 secs] 10753018K->9330162K(20761856K), 0.5809750 secs] [Times: user=6.46 sys=0.01, real=0.58 secs] 
509.143: [GC 509.143: [ParNew: 1887488K->209664K(1887488K), 0.5462670 secs] 11007986K->9571358K(20761856K), 0.5466040 secs] [Times: user=6.00 sys=0.01, real=0.54 secs] 
514.723: [GC 514.724: [ParNew: 1887488K->209664K(1887488K), 0.7367820 secs] 11249182K->9940704K(20761856K), 0.7371050 secs] [Times: user=8.55 sys=0.01, real=0.73 secs] 
520.614: [GC 520.614: [ParNew: 1887488K->209664K(1887488K), 0.8961480 secs] 11618528K->10418349K(20761856K), 0.8964870 secs] [Times: user=10.77 sys=0.01, real=0.89 secs] 
526.578: [GC 526.578: [ParNew: 1887488K->209664K(1887488K), 0.8519420 secs] 12096173K->10866616K(20761856K), 0.8522690 secs] [Times: user=10.08 sys=0.01, real=0.85 secs] 
531.401: [GC 531.401: [ParNew: 1887488K->209664K(1887488K), 0.2922130 secs] 12544440K->11068235K(20761856K), 0.2925260 secs] [Times: user=3.54 sys=0.01, real=0.30 secs] 
537.158: [GC 537.159: [ParNew: 1887488K->209664K(1887488K), 0.5369760 secs] 12746059K->11281790K(20761856K), 0.5372810 secs] [Times: user=6.80 sys=0.01, real=0.54 secs] 
541.243: [GC 541.243: [ParNew: 1887488K->209664K(1887488K), 0.8141880 secs] 12959614K->11792172K(20761856K), 0.8144590 secs] [Times: user=10.82 sys=0.02, real=0.82 secs] 
544.001: [GC 544.001: [ParNew: 1887488K->209664K(1887488K), 0.6450370 secs] 13469996K->12138299K(20761856K), 0.6452930 secs] [Times: user=8.24 sys=0.01, real=0.65 secs] 
545.807: [GC 545.808: [ParNew: 1887488K->209664K(1887488K), 0.7665180 secs] 13816123K->12549337K(20761856K), 0.7667790 secs] [Times: user=9.92 sys=0.01, real=0.76 secs] 
547.950: [GC 547.950: [ParNew: 1887488K->209664K(1887488K), 0.9893270 secs] 14227161K->13076830K(20761856K), 0.9896320 secs] [Times: user=11.72 sys=0.03, real=0.99 secs] 
551.609: [GC 551.609: [ParNew: 1887488K->209664K(1887488K), 0.9509160 secs] 14754654K->13548750K(20761856K), 0.9512170 secs] [Times: user=11.16 sys=0.01, real=0.95 secs] 
552.561: [GC [1 CMS-initial-mark: 13339086K(18874368K)] 13549866K(20761856K), 0.5270770 secs] [Times: user=0.52 sys=0.00, real=0.53 secs] 
553.089: [CMS-concurrent-mark-start]
556.018: [CMS-concurrent-mark: 2.799/2.929 secs] [Times: user=22.32 sys=0.23, real=2.93 secs] 
556.018: [CMS-concurrent-preclean-start]
556.422: [CMS-concurrent-preclean: 0.399/0.404 secs] [Times: user=0.60 sys=0.01, real=0.40 secs] 
556.422: [CMS-concurrent-abortable-preclean-start]
557.056: [GC 557.056: [ParNew: 1887488K->209664K(1887488K), 0.7791190 secs] 15226574K->14017674K(20761856K), 0.7794350 secs] [Times: user=10.44 sys=0.01, real=0.78 secs] 
559.398: [CMS-concurrent-abortable-preclean: 2.184/2.976 secs] [Times: user=18.70 sys=0.31, real=2.98 secs] 
559.400: [GC[YG occupancy: 1117665 K (1887488 K)]559.400: [GC 559.400: [ParNew: 1117665K->209664K(1887488K), 0.6048660 secs] 14925675K->14292293K(20761856K), 0.6051650 secs] [Times: user=6.76 sys=0.00, real=0.60 secs] 
560.005: [Rescan (parallel) , 0.2577170 secs]560.263: [weak refs processing, 0.4738670 secs]560.737: [class unloading, 0.0486910 secs]560.785: [scrub symbol & string tables, 0.0094030 secs] [1 CMS-remark: 14082629K(18874368K)] 14292293K(20761856K), 1.5406210 secs] [Times: user=12.05 sys=0.00, real=1.54 secs] 
560.941: [CMS-concurrent-sweep-start]
564.324: [GC 564.324: [ParNew: 1887488K->209664K(1887488K), 0.7607970 secs] 13200729K->11950710K(20761856K), 0.7610500 secs] [Times: user=9.46 sys=0.07, real=0.76 secs] 
568.652: [GC 568.652: [ParNew: 1887488K->209664K(1887488K), 0.7100970 secs] 12081042K->10848137K(20761856K), 0.7103870 secs] [Times: user=9.52 sys=0.04, real=0.71 secs] 
570.956: [GC 570.956: [ParNew: 1887488K->209664K(1887488K), 0.9760670 secs] 12014366K->10918896K(20761856K), 0.9763620 secs] [Times: user=11.78 sys=0.02, real=0.98 secs] 
573.424: [GC 573.424: [ParNew: 1887434K->209664K(1887488K), 0.9079980 secs] 12092284K->10967597K(20761856K), 0.9082700 secs] [Times: user=11.57 sys=0.05, real=0.91 secs] 
577.047: [GC 577.047: [ParNew: 1887488K->209664K(1887488K), 0.9212220 secs] 11583562K->10362829K(20761856K), 0.9215780 secs] [Times: user=10.18 sys=0.02, real=0.92 secs] 
580.133: [GC 580.133: [ParNew: 1887488K->209664K(1887488K), 0.9491820 secs] 11040730K->9874807K(20761856K), 0.9495160 secs] [Times: user=10.94 sys=0.04, real=0.95 secs] 
582.578: [GC 582.578: [ParNew: 1887488K->209664K(1887488K), 1.0753690 secs] 11056780K->9966534K(20761856K), 1.0756940 secs] [Times: user=12.68 sys=0.03, real=1.08 secs] 
585.674: [GC 585.674: [ParNew: 1887488K->209664K(1887488K), 1.0385950 secs] 11193347K->10043310K(20761856K), 1.0389370 secs] [Times: user=11.70 sys=0.03, real=1.04 secs] 
587.796: [CMS-concurrent-sweep: 19.324/26.855 secs] [Times: user=196.61 sys=1.79, real=26.85 secs] 
587.798: [CMS-concurrent-reset-start]
587.922: [GC 587.922: [ParNew: 1887488K->209664K(1887488K), 1.1318600 secs] 11566264K->10425981K(20761856K), 1.1321810 secs] [Times: user=11.53 sys=0.05, real=1.13 secs] 
589.063: [CMS-concurrent-reset: 0.132/1.265 secs] [Times: user=12.93 sys=0.05, real=1.27 secs] 
590.451: [GC 590.451: [ParNew: 1887488K->209664K(1887488K), 1.0443890 secs] 12103805K->10938913K(20761856K), 1.0447120 secs] [Times: user=11.59 sys=0.03, real=1.05 secs] 
592.931: [GC 592.931: [ParNew: 1887488K->209664K(1887488K), 1.0846590 secs] 12616737K->11462522K(20761856K), 1.0849870 secs] [Times: user=12.17 sys=0.03, real=1.09 secs] 
595.409: [GC 595.410: [ParNew: 1887488K->209664K(1887488K), 1.0228320 secs] 13140346K->11944312K(20761856K), 1.0231720 secs] [Times: user=10.98 sys=0.03, real=1.02 secs] 
598.953: [GC 598.953: [ParNew: 1887488K->209662K(1887488K), 0.8009040 secs] 13622136K->12295143K(20761856K), 0.8012270 secs] [Times: user=8.61 sys=0.01, real=0.81 secs] 
603.768: [GC 603.768: [ParNew: 1887486K->209664K(1887488K), 0.7132160 secs] 13972967K->12659516K(20761856K), 0.7135540 secs] [Times: user=8.54 sys=0.01, real=0.71 secs] 
607.017: [GC 607.017: [ParNew: 1887488K->209664K(1887488K), 1.0447310 secs] 14337340K->13177890K(20761856K), 1.0450910 secs] [Times: user=11.66 sys=0.02, real=1.04 secs] 
612.395: [GC 612.396: [ParNew: 1887488K->209664K(1887488K), 0.7687940 secs] 14855714K->13608926K(20761856K), 0.7691250 secs] [Times: user=9.59 sys=0.01, real=0.77 secs] 
613.166: [GC [1 CMS-initial-mark: 13399262K(18874368K)] 13609051K(20761856K), 0.6267300 secs] [Times: user=0.62 sys=0.00, real=0.62 secs] 
613.794: [CMS-concurrent-mark-start]
615.474: [GC 615.475: [ParNew: 1887488K->209662K(1887488K), 0.9834880 secs] 15286750K->14174989K(20761856K), 0.9838170 secs] [Times: user=11.87 sys=0.03, real=0.99 secs] 
617.105: [CMS-concurrent-mark: 2.301/3.311 secs] [Times: user=34.05 sys=0.09, real=3.31 secs] 
617.105: [CMS-concurrent-preclean-start]
618.465: [CMS-concurrent-preclean: 1.350/1.360 secs] [Times: user=3.18 sys=0.02, real=1.36 secs] 
618.465: [CMS-concurrent-abortable-preclean-start]
621.049: [GC 621.050: [ParNew: 1887486K->209664K(1887488K), 0.6349600 secs] 15852813K->14448693K(20761856K), 0.6353000 secs] [Times: user=7.06 sys=0.00, real=0.63 secs] 
 CMS: abort preclean due to time 624.890: [CMS-concurrent-abortable-preclean: 5.782/6.425 secs] [Times: user=19.87 sys=0.20, real=6.43 secs] 
624.892: [GC[YG occupancy: 1234919 K (1887488 K)]624.892: [GC 624.892: [ParNew: 1234919K->209664K(1887488K), 0.4004960 secs] 15473948K->14640457K(20761856K), 0.4008230 secs] [Times: user=4.54 sys=0.01, real=0.40 secs] 
625.293: [Rescan (parallel) , 0.0823220 secs]625.375: [weak refs processing, 0.2023510 secs]625.578: [class unloading, 0.0477100 secs]625.626: [scrub symbol & string tables, 0.0098480 secs] [1 CMS-remark: 14430793K(18874368K)] 14640457K(20761856K), 0.8839050 secs] [Times: user=6.39 sys=0.01, real=0.88 secs] 
625.777: [CMS-concurrent-sweep-start]
629.712: [GC 629.712: [ParNew: 1887488K->209664K(1887488K), 0.5286260 secs] 14122068K->12629783K(20761856K), 0.5289650 secs] [Times: user=5.60 sys=0.02, real=0.53 secs] 
635.693: [GC 635.693: [ParNew: 1887488K->209664K(1887488K), 0.8952820 secs] 11219534K->10013171K(20761856K), 0.8956250 secs] [Times: user=10.23 sys=0.01, real=0.89 secs] 
641.964: [GC 641.964: [ParNew: 1887488K->209664K(1887488K), 0.9045070 secs] 8729569K->7538139K(20761856K), 0.9048280 secs] [Times: user=10.53 sys=0.03, real=0.90 secs] 
646.730: [CMS-concurrent-sweep: 18.605/20.953 secs] [Times: user=72.86 sys=0.56, real=20.95 secs] 
646.730: [CMS-concurrent-reset-start]
646.769: [CMS-concurrent-reset: 0.039/0.039 secs] [Times: user=0.08 sys=0.00, real=0.04 secs] 
646.929: [GC 646.929: [ParNew: 1887488K->209664K(1887488K), 0.4947530 secs] 7467349K->6011548K(20761856K), 0.4950940 secs] [Times: user=5.32 sys=0.02, real=0.50 secs] 
651.729: [GC 651.729: [ParNew: 1887488K->209664K(1887488K), 0.4003910 secs] 7689372K->6175741K(20761856K), 0.4007270 secs] [Times: user=4.19 sys=0.01, real=0.40 secs] 
656.559: [GC 656.559: [ParNew: 1887488K->209664K(1887488K), 0.8584370 secs] 7853565K->6612382K(20761856K), 0.8587580 secs] [Times: user=9.92 sys=0.02, real=0.86 secs] 
659.543: [GC 659.543: [ParNew: 1887488K->209664K(1887488K), 0.9146050 secs] 8290206K->7063670K(20761856K), 0.9149010 secs] [Times: user=10.05 sys=0.04, real=0.92 secs] 
661.180: [GC 661.180: [ParNew: 1887488K->209664K(1887488K), 0.6612270 secs] 8741494K->7393329K(20761856K), 0.6615610 secs] [Times: user=7.75 sys=0.03, real=0.66 secs] 
663.272: [GC 663.272: [ParNew: 1887488K->209664K(1887488K), 1.2018760 secs] 9071153K->7975490K(20761856K), 1.2022140 secs] [Times: user=13.26 sys=0.02, real=1.21 secs] 
666.971: [GC 666.971: [ParNew: 1887488K->209664K(1887488K), 1.1313240 secs] 9653314K->8502001K(20761856K), 1.1316750 secs] [Times: user=12.41 sys=0.03, real=1.13 secs] 
671.994: [GC 671.994: [ParNew: 1878891K->209664K(1887488K), 0.9170480 secs] 10171229K->8968579K(20761856K), 0.9174000 secs] [Times: user=10.57 sys=0.01, real=0.92 secs] 
676.304: [GC 676.304: [ParNew: 1887488K->209664K(1887488K), 0.8900570 secs] 10646403K->9435308K(20761856K), 0.8903770 secs] [Times: user=10.21 sys=0.02, real=0.89 secs] 
680.860: [GC 680.860: [ParNew: 1887488K->209664K(1887488K), 0.7831900 secs] 11113132K->9862512K(20761856K), 0.7835430 secs] [Times: user=8.99 sys=0.02, real=0.78 secs] 
685.487: [GC 685.487: [ParNew: 1887488K->209664K(1887488K), 0.7931780 secs] 11540336K->10346543K(20761856K), 0.7935240 secs] [Times: user=9.84 sys=0.03, real=0.79 secs] 
687.714: [GC 687.714: [ParNew: 1887488K->209664K(1887488K), 1.0181050 secs] 12024367K->10936605K(20761856K), 1.0184280 secs] [Times: user=11.91 sys=0.03, real=1.02 secs] 
690.111: [GC 690.111: [ParNew: 1887488K->209664K(1887488K), 1.0667770 secs] 12614429K->11507804K(20761856K), 1.0671230 secs] [Times: user=12.19 sys=0.04, real=1.07 secs] 
693.350: [GC 693.350: [ParNew: 1887488K->209664K(1887488K), 0.8405870 secs] 13185628K->11953129K(20761856K), 0.8409270 secs] [Times: user=9.86 sys=0.02, real=0.84 secs] 
696.366: [GC 696.366: [ParNew: 1887488K->209662K(1887488K), 0.9776530 secs] 13630953K->12457979K(20761856K), 0.9780170 secs] [Times: user=11.24 sys=0.02, real=0.98 secs] 
699.386: [GC 699.386: [ParNew: 1887486K->209662K(1887488K), 1.1149280 secs] 14135803K->13042716K(20761856K), 1.1153020 secs] [Times: user=12.94 sys=0.03, real=1.12 secs] 
701.768: [GC 701.768: [ParNew: 1887486K->209664K(1887488K), 1.1664130 secs] 14720540K->13641971K(20761856K), 1.1667530 secs] [Times: user=13.24 sys=0.03, real=1.17 secs] 
702.937: [GC [1 CMS-initial-mark: 13432307K(18874368K)] 13642847K(20761856K), 0.6216790 secs] [Times: user=0.62 sys=0.00, real=0.62 secs] 
703.559: [CMS-concurrent-mark-start]
704.927: [GC 704.928: [ParNew: 1887488K->209662K(1887488K), 1.0528870 secs] 15319795K->14169772K(20761856K), 1.0531870 secs] [Times: user=11.96 sys=0.02, real=1.06 secs] 
707.553: [GC 707.553: [ParNew: 1887486K->209664K(1887488K), 1.0582140 secs] 15847596K->14690381K(20761856K), 1.0585270 secs] [Times: user=12.01 sys=0.01, real=1.06 secs] 
709.167: [CMS-concurrent-mark: 3.479/5.608 secs] [Times: user=68.91 sys=0.12, real=5.61 secs] 
709.167: [CMS-concurrent-preclean-start]
710.057: [GC 710.057: [ParNew: 1887488K->209664K(1887488K), 1.0066170 secs] 16368205K->15218661K(20761856K), 1.0069180 secs] [Times: user=12.17 sys=0.02, real=1.01 secs] 
713.250: [GC 713.251: [ParNew: 1887488K->209664K(1887488K), 0.8160720 secs] 16896485K->15633914K(20761856K), 0.8163740 secs] [Times: user=9.80 sys=0.00, real=0.82 secs] 
716.206: [CMS-concurrent-preclean: 5.184/7.039 secs] [Times: user=48.10 sys=0.25, real=7.04 secs] 
716.206: [CMS-concurrent-abortable-preclean-start]
716.454: [CMS-concurrent-abortable-preclean: 0.246/0.248 secs] [Times: user=0.50 sys=0.01, real=0.25 secs] 
716.456: [GC[YG occupancy: 1406673 K (1887488 K)]716.456: [GC 716.456: [ParNew: 1406673K->209664K(1887488K), 0.5200080 secs] 16830923K->15848459K(20761856K), 0.5203030 secs] [Times: user=5.78 sys=0.01, real=0.52 secs] 
716.976: [Rescan (parallel) , 0.0930900 secs]717.069: [weak refs processing, 0.2631780 secs]717.332: [class unloading, 0.0348200 secs]717.367: [scrub symbol & string tables, 0.0082900 secs] [1 CMS-remark: 15638795K(18874368K)] 15848459K(20761856K), 1.0171370 secs] [Times: user=7.83 sys=0.01, real=1.02 secs] 
717.474: [CMS-concurrent-sweep-start]
721.352: [GC 721.352: [ParNew: 1887488K->209664K(1887488K), 0.4162760 secs] 15477372K->14034199K(20761856K), 0.4165500 secs] [Times: user=5.00 sys=0.04, real=0.42 secs] 
725.229: [GC 725.230: [ParNew: 1887488K->209664K(1887488K), 0.3000490 secs] 14080340K->12544789K(20761856K), 0.3003210 secs] [Times: user=3.89 sys=0.02, real=0.30 secs] 
728.487: [GC 728.487: [ParNew: 1887488K->164833K(1887488K), 0.2391580 secs] 12559167K->10964394K(20761856K), 0.2394320 secs] [Times: user=2.85 sys=0.01, real=0.24 secs] 
731.948: [GC 731.948: [ParNew: 1842657K->209664K(1887488K), 0.1588910 secs] 10587700K->8961608K(20761856K), 0.1591610 secs] [Times: user=2.36 sys=0.00, real=0.16 secs] 
734.821: [GC 734.821: [ParNew: 1887488K->209664K(1887488K), 0.2709460 secs] 9208255K->7645107K(20761856K), 0.2712360 secs] [Times: user=3.43 sys=0.01, real=0.27 secs] 
737.266: [CMS-concurrent-sweep: 18.342/19.793 secs] [Times: user=71.69 sys=1.18, real=19.79 secs] 
737.267: [CMS-concurrent-reset-start]
737.310: [CMS-concurrent-reset: 0.043/0.043 secs] [Times: user=0.08 sys=0.00, real=0.04 secs] 
738.325: [GC 738.325: [ParNew: 1887488K->209664K(1887488K), 0.2867920 secs] 8653992K->7082782K(20761856K), 0.2871030 secs] [Times: user=3.56 sys=0.00, real=0.29 secs] 
741.830: [GC 741.831: [ParNew: 1887488K->209664K(1887488K), 0.2940060 secs] 8760606K->7195496K(20761856K), 0.2943080 secs] [Times: user=3.65 sys=0.00, real=0.29 secs] 
746.051: [GC 746.051: [ParNew: 1887488K->209664K(1887488K), 0.2929360 secs] 8873320K->7312201K(20761856K), 0.2932600 secs] [Times: user=3.70 sys=0.00, real=0.29 secs] 
749.697: [GC 749.697: [ParNew: 1887488K->209664K(1887488K), 0.8065310 secs] 8990025K->7727719K(20761856K), 0.8068460 secs] [Times: user=10.17 sys=0.02, real=0.81 secs] 
753.269: [GC 753.269: [ParNew: 1887488K->209664K(1887488K), 0.9832740 secs] 9405543K->8244109K(20761856K), 0.9835980 secs] [Times: user=11.27 sys=0.02, real=0.98 secs] 
757.887: [GC 757.887: [ParNew: 1887488K->209664K(1887488K), 0.8157030 secs] 9921933K->8726952K(20761856K), 0.8160540 secs] [Times: user=10.43 sys=0.02, real=0.82 secs] 
760.603: [GC 760.603: [ParNew: 1887488K->209664K(1887488K), 1.0217720 secs] 10404776K->9255878K(20761856K), 1.0221220 secs] [Times: user=11.21 sys=0.02, real=1.02 secs] 
766.124: [GC 766.125: [ParNew: 1887488K->209664K(1887488K), 0.5670050 secs] 10933702K->9501744K(20761856K), 0.5673280 secs] [Times: user=6.07 sys=0.01, real=0.57 secs] 
771.388: [GC 771.388: [ParNew: 1887488K->209664K(1887488K), 0.5565130 secs] 11179568K->9736115K(20761856K), 0.5568360 secs] [Times: user=5.85 sys=0.02, real=0.56 secs] 
777.197: [GC 777.197: [ParNew: 1887488K->209664K(1887488K), 0.7932710 secs] 11413939K->10136284K(20761856K), 0.7936100 secs] [Times: user=9.14 sys=0.02, real=0.79 secs] 
783.130: [GC 783.130: [ParNew: 1887488K->209664K(1887488K), 0.9100890 secs] 11814108K->10612235K(20761856K), 0.9104210 secs] [Times: user=10.60 sys=0.02, real=0.91 secs] 
788.949: [GC 788.949: [ParNew: 1887488K->209664K(1887488K), 0.7534390 secs] 12290059K->10990359K(20761856K), 0.7537580 secs] [Times: user=8.62 sys=0.02, real=0.75 secs] 
793.559: [GC 793.560: [ParNew: 1887488K->209568K(1887488K), 0.3069790 secs] 12668183K->11186718K(20761856K), 0.3073090 secs] [Times: user=3.34 sys=0.01, real=0.31 secs] 
799.325: [GC 799.326: [ParNew: 1887392K->209664K(1887488K), 0.7030710 secs] 12864542K->11481091K(20761856K), 0.7034070 secs] [Times: user=8.27 sys=0.01, real=0.71 secs] 
802.705: [GC 802.705: [ParNew: 1887488K->209664K(1887488K), 0.9933230 secs] 13158915K->11995425K(20761856K), 0.9936640 secs] [Times: user=11.17 sys=0.03, real=1.00 secs] 
804.908: [GC 804.909: [ParNew: 1887488K->209664K(1887488K), 0.6593970 secs] 13673249K->12334649K(20761856K), 0.6596710 secs] [Times: user=7.63 sys=0.02, real=0.66 secs] 
806.852: [GC 806.853: [ParNew: 1887488K->209664K(1887488K), 1.0606960 secs] 14012473K->12858030K(20761856K), 1.0610130 secs] [Times: user=12.16 sys=0.02, real=1.06 secs] 
809.731: [GC 809.731: [ParNew: 1887488K->209664K(1887488K), 1.0782750 secs] 14535854K->13408642K(20761856K), 1.0786080 secs] [Times: user=12.36 sys=0.02, real=1.08 secs] 
814.763: [GC 814.763: [ParNew: 1887488K->209664K(1887488K), 0.8716020 secs] 15086466K->13864729K(20761856K), 0.8719210 secs] [Times: user=10.47 sys=0.02, real=0.87 secs] 
815.638: [GC [1 CMS-initial-mark: 13655065K(18874368K)] 13879070K(20761856K), 0.4311200 secs] [Times: user=0.43 sys=0.00, real=0.43 secs] 
816.071: [CMS-concurrent-mark-start]
818.629: [CMS-concurrent-mark: 2.552/2.558 secs] [Times: user=18.92 sys=0.24, real=2.56 secs] 
818.629: [CMS-concurrent-preclean-start]
818.927: [GC 818.927: [ParNew: 1887488K->209664K(1887488K), 0.9603290 secs] 15542553K->14393392K(20761856K), 0.9606560 secs] [Times: user=11.12 sys=0.04, real=0.96 secs] 
821.783: [CMS-concurrent-preclean: 2.151/3.154 secs] [Times: user=18.58 sys=0.25, real=3.15 secs] 
821.783: [CMS-concurrent-abortable-preclean-start]
822.116: [CMS-concurrent-abortable-preclean: 0.331/0.333 secs] [Times: user=0.75 sys=0.05, real=0.33 secs] 
822.117: [GC[YG occupancy: 1203880 K (1887488 K)]822.117: [GC 822.118: [ParNew: 1203880K->209664K(1887488K), 0.4643940 secs] 15387609K->14612585K(20761856K), 0.4647080 secs] [Times: user=5.14 sys=0.04, real=0.47 secs] 
822.582: [Rescan (parallel) , 0.1016380 secs]822.684: [weak refs processing, 0.4251760 secs]823.109: [class unloading, 0.0505260 secs]823.160: [scrub symbol & string tables, 0.0098320 secs] [1 CMS-remark: 14402921K(18874368K)] 14612585K(20761856K), 1.2371220 secs] [Times: user=7.60 sys=0.04, real=1.24 secs] 
823.355: [CMS-concurrent-sweep-start]
827.736: [GC 827.736: [ParNew: 1887488K->209664K(1887488K), 0.6977650 secs] 14234939K->12960644K(20761856K), 0.6981320 secs] [Times: user=8.43 sys=0.03, real=0.70 secs] 
830.627: [GC 830.627: [ParNew: 1887488K->209664K(1887488K), 1.0334300 secs] 13648292K->12511069K(20761856K), 1.0337710 secs] [Times: user=10.82 sys=0.02, real=1.04 secs] 
833.347: [GC 833.347: [ParNew: 1887488K->209664K(1887488K), 1.0397960 secs] 13373422K->12240630K(20761856K), 1.0401210 secs] [Times: user=11.69 sys=0.04, real=1.04 secs] 
836.128: [GC 836.128: [ParNew: 1887488K->209664K(1887488K), 1.0583640 secs] 12982062K->11876370K(20761856K), 1.0586940 secs] [Times: user=12.32 sys=0.03, real=1.06 secs] 
839.668: [GC 839.669: [ParNew: 1887488K->209664K(1887488K), 0.9752900 secs] 12462178K->11241400K(20761856K), 0.9756590 secs] [Times: user=10.34 sys=0.03, real=0.98 secs] 
842.885: [GC 842.885: [ParNew: 1887488K->209664K(1887488K), 0.9752170 secs] 12006213K->10864696K(20761856K), 0.9755630 secs] [Times: user=11.52 sys=0.03, real=0.97 secs] 
845.556: [GC 845.556: [ParNew: 1887488K->209664K(1887488K), 1.0176290 secs] 11853679K->10699963K(20761856K), 1.0179660 secs] [Times: user=11.72 sys=0.02, real=1.02 secs] 
847.988: [GC 847.988: [ParNew: 1887488K->209664K(1887488K), 1.0791370 secs] 11809635K->10737196K(20761856K), 1.0794710 secs] [Times: user=12.31 sys=0.03, real=1.08 secs] 
850.414: [GC 850.414: [ParNew: 1887488K->209664K(1887488K), 1.0189530 secs] 11891280K->10737521K(20761856K), 1.0192530 secs] [Times: user=11.47 sys=0.03, real=1.02 secs] 
852.623: [GC 852.623: [ParNew: 1887488K->209664K(1887488K), 1.0609520 secs] 11993740K->10884226K(20761856K), 1.0612260 secs] [Times: user=11.79 sys=0.03, real=1.07 secs] 
854.412: [CMS-concurrent-sweep: 21.029/31.057 secs] [Times: user=234.13 sys=1.80, real=31.05 secs] 
854.412: [CMS-concurrent-reset-start]
854.555: [CMS-concurrent-reset: 0.143/0.143 secs] [Times: user=1.62 sys=0.00, real=0.15 secs] 
854.960: [GC 854.960: [ParNew: 1887488K->209664K(1887488K), 1.0198830 secs] 12381343K->11225513K(20761856K), 1.0201600 secs] [Times: user=11.35 sys=0.03, real=1.02 secs] 
857.799: [GC 857.800: [ParNew: 1887488K->209664K(1887488K), 0.7947350 secs] 12903337K->11616498K(20761856K), 0.7950630 secs] [Times: user=8.68 sys=0.05, real=0.80 secs] 
862.414: [GC 862.415: [ParNew: 1887488K->209664K(1887488K), 0.6450690 secs] 13294322K->11922061K(20761856K), 0.6454330 secs] [Times: user=7.35 sys=0.01, real=0.65 secs] 
865.650: [GC 865.650: [ParNew: 1887488K->209664K(1887488K), 0.9342390 secs] 13599885K->12419681K(20761856K), 0.9345530 secs] [Times: user=10.80 sys=0.02, real=0.93 secs] 
870.004: [GC 870.004: [ParNew: 1887488K->209664K(1887488K), 0.7989690 secs] 14097505K->12890059K(20761856K), 0.7993260 secs] [Times: user=9.96 sys=0.02, real=0.80 secs] 
874.055: [GC 874.056: [ParNew: 1887488K->209664K(1887488K), 0.9554300 secs] 14567883K->13416228K(20761856K), 0.9557560 secs] [Times: user=11.44 sys=0.01, real=0.96 secs] 
877.643: [GC 877.643: [ParNew: 1887488K->209664K(1887488K), 0.8525400 secs] 15094052K->13857614K(20761856K), 0.8528570 secs] [Times: user=10.16 sys=0.01, real=0.85 secs] 
878.497: [GC [1 CMS-initial-mark: 13647950K(18874368K)] 13872252K(20761856K), 0.4367410 secs] [Times: user=0.44 sys=0.00, real=0.44 secs] 
878.935: [CMS-concurrent-mark-start]
880.826: [CMS-concurrent-mark: 1.890/1.892 secs] [Times: user=13.79 sys=0.03, real=1.89 secs] 
880.826: [CMS-concurrent-preclean-start]
880.991: [CMS-concurrent-preclean: 0.164/0.165 secs] [Times: user=0.33 sys=0.00, real=0.17 secs] 
880.991: [CMS-concurrent-abortable-preclean-start]
883.177: [GC 883.177: [ParNew: 1887488K->209664K(1887488K), 0.5176850 secs] 15535438K->14086803K(20761856K), 0.5180250 secs] [Times: user=5.77 sys=0.01, real=0.52 secs] 
 CMS: abort preclean due to time 886.431: [CMS-concurrent-abortable-preclean: 4.910/5.440 secs] [Times: user=16.28 sys=0.14, real=5.44 secs] 
886.432: [GC[YG occupancy: 1234957 K (1887488 K)]886.432: [GC 886.432: [ParNew: 1234957K->209664K(1887488K), 0.4162560 secs] 15112097K->14247945K(20761856K), 0.4165930 secs] [Times: user=4.46 sys=0.01, real=0.42 secs] 
886.849: [Rescan (parallel) , 0.0852110 secs]886.934: [weak refs processing, 0.1877590 secs]887.122: [class unloading, 0.0528380 secs]887.175: [scrub symbol & string tables, 0.0099670 secs] [1 CMS-remark: 14038281K(18874368K)] 14247945K(20761856K), 0.9009140 secs] [Times: user=6.37 sys=0.01, real=0.90 secs] 
887.334: [CMS-concurrent-sweep-start]
891.965: [GC 891.965: [ParNew: 1887488K->209664K(1887488K), 0.7073320 secs] 13545926K->12204262K(20761856K), 0.7076740 secs] [Times: user=8.04 sys=0.01, real=0.71 secs] 
897.778: [GC 897.778: [ParNew: 1887488K->209664K(1887488K), 0.8303580 secs] 10716860K->9506827K(20761856K), 0.8306460 secs] [Times: user=10.01 sys=0.03, real=0.83 secs] 
903.405: [GC 903.405: [ParNew: 1887488K->209664K(1887488K), 0.8372340 secs] 8280772K->7029765K(20761856K), 0.8375690 secs] [Times: user=9.54 sys=0.03, real=0.84 secs] 
907.248: [CMS-concurrent-sweep: 17.524/19.914 secs] [Times: user=69.37 sys=0.65, real=19.91 secs] 
907.248: [CMS-concurrent-reset-start]
907.288: [CMS-concurrent-reset: 0.039/0.039 secs] [Times: user=0.08 sys=0.00, real=0.04 secs] 
908.032: [GC 908.032: [ParNew: 1887488K->209664K(1887488K), 0.3291340 secs] 7023782K->5546771K(20761856K), 0.3294670 secs] [Times: user=3.41 sys=0.02, real=0.32 secs] 
913.230: [GC 913.231: [ParNew: 1887488K->209664K(1887488K), 0.5631510 secs] 7224595K->5728941K(20761856K), 0.5634840 secs] [Times: user=6.33 sys=0.01, real=0.57 secs] 
917.197: [GC 917.197: [ParNew: 1887488K->209664K(1887488K), 0.9798030 secs] 7406765K->6246536K(20761856K), 0.9801130 secs] [Times: user=11.51 sys=0.02, real=0.98 secs] 
919.855: [GC 919.855: [ParNew: 1887488K->209664K(1887488K), 0.7669230 secs] 7924360K->6585127K(20761856K), 0.7672610 secs] [Times: user=8.20 sys=0.02, real=0.76 secs] 
921.733: [GC 921.733: [ParNew: 1887488K->209664K(1887488K), 0.9609090 secs] 8262951K->7021074K(20761856K), 0.9612250 secs] [Times: user=10.18 sys=0.01, real=0.97 secs] 
924.132: [GC 924.133: [ParNew: 1887488K->209664K(1887488K), 1.1201330 secs] 8698898K->7599119K(20761856K), 1.1204320 secs] [Times: user=12.67 sys=0.05, real=1.12 secs] 
928.161: [GC 928.161: [ParNew: 1887488K->209664K(1887488K), 1.0383200 secs] 9276943K->8082313K(20761856K), 1.0386620 secs] [Times: user=11.25 sys=0.02, real=1.04 secs] 
933.494: [GC 933.494: [ParNew: 1887488K->209664K(1887488K), 0.4788060 secs] 9760137K->8309878K(20761856K), 0.4791170 secs] [Times: user=5.61 sys=0.01, real=0.48 secs] 
937.909: [GC 937.909: [ParNew: 1887488K->209664K(1887488K), 0.3194500 secs] 9987702K->8498407K(20761856K), 0.3197260 secs] [Times: user=3.91 sys=0.01, real=0.32 secs] 
942.029: [GC 942.029: [ParNew: 1887488K->155030K(1887488K), 0.2345960 secs] 10176231K->8562032K(20761856K), 0.2348670 secs] [Times: user=2.81 sys=0.01, real=0.23 secs] 
946.301: [GC 946.302: [ParNew: 1832854K->209664K(1887488K), 0.5034810 secs] 10239856K->8805471K(20761856K), 0.5038100 secs] [Times: user=5.54 sys=0.01, real=0.50 secs] 
949.755: [GC 949.755: [ParNew: 1887488K->209664K(1887488K), 0.9409030 secs] 10483295K->9252291K(20761856K), 0.9412740 secs] [Times: user=10.02 sys=0.03, real=0.94 secs] 
955.667: [GC 955.668: [ParNew: 1887488K->209664K(1887488K), 0.6788600 secs] 10930115K->9666910K(20761856K), 0.6792210 secs] [Times: user=8.24 sys=0.02, real=0.68 secs] 
959.303: [GC 959.303: [ParNew: 1887488K->209664K(1887488K), 0.8872080 secs] 11344734K->10203248K(20761856K), 0.8875340 secs] [Times: user=10.89 sys=0.02, real=0.89 secs] 
961.520: [GC 961.521: [ParNew: 1887488K->209664K(1887488K), 1.0070790 secs] 11881072K->10778906K(20761856K), 1.0074170 secs] [Times: user=11.87 sys=0.03, real=1.00 secs] 
964.200: [GC 964.200: [ParNew: 1887488K->209664K(1887488K), 0.9902830 secs] 12456730K->11344982K(20761856K), 0.9906140 secs] [Times: user=12.02 sys=0.02, real=1.00 secs] 
967.855: [GC 967.855: [ParNew: 1887488K->209664K(1887488K), 0.7379660 secs] 13022806K->11776224K(20761856K), 0.7382540 secs] [Times: user=9.58 sys=0.03, real=0.74 secs] 
970.669: [GC 970.669: [ParNew: 1887488K->209664K(1887488K), 0.8979050 secs] 13454048K->12321240K(20761856K), 0.8981940 secs] [Times: user=11.93 sys=0.02, real=0.90 secs] 
973.456: [GC 973.456: [ParNew: 1887488K->209664K(1887488K), 1.0238600 secs] 13999064K->12877024K(20761856K), 1.0241620 secs] [Times: user=12.24 sys=0.03, real=1.02 secs] 
975.847: [GC 975.847: [ParNew: 1887488K->209664K(1887488K), 1.0011520 secs] 14554848K->13458352K(20761856K), 1.0014760 secs] [Times: user=12.29 sys=0.03, real=1.00 secs] 
976.850: [GC [1 CMS-initial-mark: 13248688K(18874368K)] 13458745K(20761856K), 0.6101620 secs] [Times: user=0.61 sys=0.00, real=0.61 secs] 
977.461: [CMS-concurrent-mark-start]
978.826: [GC 978.826: [ParNew: 1887488K->209664K(1887488K), 0.9318300 secs] 15136176K->13975662K(20761856K), 0.9320620 secs] [Times: user=11.41 sys=0.03, real=0.93 secs] 
981.223: [GC 981.223: [ParNew: 1887488K->209664K(1887488K), 0.9777340 secs] 15653486K->14530938K(20761856K), 0.9779710 secs] [Times: user=12.41 sys=0.03, real=0.97 secs] 
982.520: [CMS-concurrent-mark: 3.146/5.059 secs] [Times: user=66.18 sys=0.15, real=5.06 secs] 
982.520: [CMS-concurrent-preclean-start]
983.528: [GC 983.528: [ParNew: 1887488K->209664K(1887488K), 0.9583740 secs] 16208762K->15086224K(20761856K), 0.9586200 secs] [Times: user=12.40 sys=0.02, real=0.96 secs] 
986.536: [GC 986.536: [ParNew: 1887488K->209664K(1887488K), 0.7085020 secs] 16764048K->15455935K(20761856K), 0.7087570 secs] [Times: user=8.90 sys=0.01, real=0.71 secs] 
989.382: [CMS-concurrent-preclean: 5.157/6.862 secs] [Times: user=50.60 sys=0.24, real=6.86 secs] 
989.382: [CMS-concurrent-abortable-preclean-start]
990.727: [CMS-concurrent-abortable-preclean: 1.343/1.345 secs] [Times: user=2.66 sys=0.16, real=1.35 secs] 
990.728: [GC[YG occupancy: 1773222 K (1887488 K)]990.728: [GC 990.728: [ParNew: 1773222K->209664K(1887488K), 0.5313320 secs] 17019493K->15749988K(20761856K), 0.5315890 secs] [Times: user=7.17 sys=0.01, real=0.53 secs] 
991.260: [Rescan (parallel) , 0.1956720 secs]991.455: [weak refs processing, 0.2342230 secs]991.690: [class unloading, 0.0323550 secs]991.722: [scrub symbol & string tables, 0.0069730 secs] [1 CMS-remark: 15540324K(18874368K)] 15749988K(20761856K), 1.0742510 secs] [Times: user=10.99 sys=0.02, real=1.07 secs] 
991.803: [CMS-concurrent-sweep-start]
994.281: [GC 994.281: [ParNew: 1887488K->209664K(1887488K), 0.8533090 secs] 16213972K->15046012K(20761856K), 0.8535590 secs] [Times: user=10.77 sys=0.05, real=0.85 secs] 
997.917: [GC 997.917: [ParNew: 1887488K->209664K(1887488K), 0.8058550 secs] 15586168K->14396994K(20761856K), 0.8061140 secs] [Times: user=10.30 sys=0.03, real=0.80 secs] 
1001.722: [GC 1001.722: [ParNew: 1887488K->209662K(1887488K), 0.7897490 secs] 14600559K->13424052K(20761856K), 0.7900130 secs] [Times: user=10.60 sys=0.03, real=0.79 secs] 
1004.731: [GC 1004.731: [ParNew: 1887486K->209664K(1887488K), 0.8124320 secs] 13671040K->12468153K(20761856K), 0.8126830 secs] [Times: user=10.11 sys=0.03, real=0.81 secs] 
1010.539: [GC 1010.539: [ParNew: 1887488K->209664K(1887488K), 0.4945670 secs] 11301306K->9869957K(20761856K), 0.4948260 secs] [Times: user=5.84 sys=0.02, real=0.49 secs] 
1013.440: [CMS-concurrent-sweep: 17.814/21.638 secs] [Times: user=118.35 sys=1.20, real=21.64 secs] 
1013.441: [CMS-concurrent-reset-start]
1013.480: [CMS-concurrent-reset: 0.040/0.040 secs] [Times: user=0.08 sys=0.00, real=0.04 secs] 
1016.004: [GC 1016.004: [ParNew: 1887488K->209664K(1887488K), 0.5147280 secs] 10883383K->9435946K(20761856K), 0.5150150 secs] [Times: user=5.77 sys=0.01, real=0.51 secs] 
1021.997: [GC 1021.997: [ParNew: 1887488K->209664K(1887488K), 0.7792910 secs] 11113770K->9862188K(20761856K), 0.7795910 secs] [Times: user=9.61 sys=0.02, real=0.78 secs] 
1028.203: [GC 1028.203: [ParNew: 1887488K->209664K(1887488K), 0.8528060 secs] 11540012K->10343056K(20761856K), 0.8531040 secs] [Times: user=10.64 sys=0.02, real=0.85 secs] 
1033.825: [GC 1033.825: [ParNew: 1887488K->209664K(1887488K), 0.5747400 secs] 12020880K->10631777K(20761856K), 0.5750310 secs] [Times: user=6.87 sys=0.03, real=0.57 secs] 
1038.473: [GC 1038.473: [ParNew: 1887488K->206511K(1887488K), 0.3131670 secs] 12309601K->10819831K(20761856K), 0.3134480 secs] [Times: user=3.59 sys=0.01, real=0.31 secs] 
1043.903: [GC 1043.903: [ParNew: 1884335K->209664K(1887488K), 0.7331730 secs] 12497655K->11207694K(20761856K), 0.7334560 secs] [Times: user=9.44 sys=0.01, real=0.74 secs] 
1047.232: [GC 1047.232: [ParNew: 1883883K->209664K(1887488K), 0.8767710 secs] 12881914K->11698135K(20761856K), 0.8770560 secs] [Times: user=10.44 sys=0.02, real=0.88 secs] 
1048.777: [GC 1048.777: [ParNew: 1887488K->209664K(1887488K), 0.6194970 secs] 13375959K->12021672K(20761856K), 0.6198180 secs] [Times: user=7.33 sys=0.03, real=0.62 secs] 
1050.856: [GC 1050.856: [ParNew: 1887488K->209664K(1887488K), 1.0177260 secs] 13699496K->12600792K(20761856K), 1.0180140 secs] [Times: user=12.68 sys=0.02, real=1.01 secs] 
1054.394: [GC 1054.395: [ParNew: 1887488K->209664K(1887488K), 1.0242500 secs] 14278616K->13150542K(20761856K), 1.0245540 secs] [Times: user=12.46 sys=0.01, real=1.02 secs] 
1059.826: [GC 1059.827: [ParNew: 1887488K->209664K(1887488K), 0.7882610 secs] 14828366K->13623263K(20761856K), 0.7885530 secs] [Times: user=10.42 sys=0.01, real=0.78 secs] 
1060.616: [GC [1 CMS-initial-mark: 13413599K(18874368K)] 13624071K(20761856K), 0.4033190 secs] [Times: user=0.41 sys=0.00, real=0.40 secs] 
1061.020: [CMS-concurrent-mark-start]
1063.207: [CMS-concurrent-mark: 2.175/2.187 secs] [Times: user=16.94 sys=0.19, real=2.19 secs] 
1063.207: [CMS-concurrent-preclean-start]
1063.515: [CMS-concurrent-preclean: 0.297/0.308 secs] [Times: user=1.94 sys=0.01, real=0.30 secs] 
1063.515: [CMS-concurrent-abortable-preclean-start]
1063.915: [GC 1063.915: [ParNew: 1887488K->209664K(1887488K), 0.7882280 secs] 15301087K->14078708K(20761856K), 0.7885080 secs] [Times: user=9.98 sys=0.03, real=0.79 secs] 
1066.799: [CMS-concurrent-abortable-preclean: 2.455/3.284 secs] [Times: user=18.69 sys=0.23, real=3.29 secs] 
1066.800: [GC[YG occupancy: 1311888 K (1887488 K)]1066.800: [GC 1066.800: [ParNew: 1311888K->209664K(1887488K), 0.5586280 secs] 15180933K->14370683K(20761856K), 0.5589280 secs] [Times: user=6.73 sys=0.01, real=0.56 secs] 
1067.359: [Rescan (parallel) , 0.1535490 secs]1067.513: [weak refs processing, 0.7794350 secs]1068.292: [class unloading, 0.0458470 secs]1068.338: [scrub symbol & string tables, 0.0067580 secs] [1 CMS-remark: 14161019K(18874368K)] 14370683K(20761856K), 1.6354010 secs] [Times: user=10.38 sys=0.01, real=1.63 secs] 
1068.436: [CMS-concurrent-sweep-start]
1072.332: [GC 1072.332: [ParNew: 1887488K->209664K(1887488K), 0.6599340 secs] 14053040K->12799538K(20761856K), 0.6602400 secs] [Times: user=8.85 sys=0.02, real=0.66 secs] 
1074.736: [GC 1074.737: [ParNew: 1887488K->209664K(1887488K), 0.8986740 secs] 14119421K->13001285K(20761856K), 0.8989470 secs] [Times: user=11.34 sys=0.02, real=0.90 secs] 
1076.888: [GC 1076.889: [ParNew: 1887488K->209664K(1887488K), 0.9128200 secs] 14175417K->13068095K(20761856K), 0.9131220 secs] [Times: user=11.83 sys=0.03, real=0.91 secs] 
1080.468: [GC 1080.468: [ParNew: 1887488K->209664K(1887488K), 0.8608260 secs] 13319541K->12117472K(20761856K), 0.8611440 secs] [Times: user=10.29 sys=0.02, real=0.87 secs] 
1083.509: [GC 1083.509: [ParNew: 1887488K->209664K(1887488K), 0.9348570 secs] 12796406K->11613042K(20761856K), 0.9351760 secs] [Times: user=11.12 sys=0.02, real=0.94 secs] 
1086.342: [GC 1086.342: [ParNew: 1887488K->209664K(1887488K), 1.0468620 secs] 12480654K->11369151K(20761856K), 1.0471810 secs] [Times: user=12.39 sys=0.02, real=1.04 secs] 
1089.213: [GC 1089.213: [ParNew: 1887488K->209664K(1887488K), 0.9296840 secs] 12408979K->11278598K(20761856K), 0.9299560 secs] [Times: user=11.85 sys=0.04, real=0.93 secs] 
1091.440: [GC 1091.440: [ParNew: 1887488K->209664K(1887488K), 1.0306940 secs] 12619265K->11495353K(20761856K), 1.0309780 secs] [Times: user=11.73 sys=0.03, real=1.04 secs] 
1093.870: [GC 1093.870: [ParNew: 1887488K->209664K(1887488K), 0.9317670 secs] 12657143K->11500321K(20761856K), 0.9320160 secs] [Times: user=10.98 sys=0.05, real=0.94 secs] 
1095.964: [GC 1095.964: [ParNew: 1887488K->209664K(1887488K), 0.9433930 secs] 12728257K->11586256K(20761856K), 0.9436490 secs] [Times: user=11.29 sys=0.02, real=0.94 secs] 
1098.284: [GC 1098.285: [ParNew: 1887488K->209664K(1887488K), 0.9275720 secs] 12797441K->11672212K(20761856K), 0.9278430 secs] [Times: user=11.69 sys=0.03, real=0.93 secs] 
1101.254: [GC 1101.254: [ParNew: 1887488K->209664K(1887488K), 0.6848540 secs] 12464864K->11157459K(20761856K), 0.6851090 secs] [Times: user=8.26 sys=0.05, real=0.68 secs] 
1102.460: [CMS-concurrent-sweep: 23.177/34.024 secs] [Times: user=274.22 sys=1.91, real=34.01 secs] 
1102.460: [CMS-concurrent-reset-start]
1102.511: [CMS-concurrent-reset: 0.051/0.051 secs] [Times: user=0.21 sys=0.00, real=0.05 secs] 
1105.464: [GC 1105.464: [ParNew: 1887488K->209664K(1887488K), 0.5343070 secs] 12706272K->11322024K(20761856K), 0.5346130 secs] [Times: user=6.82 sys=0.01, real=0.53 secs] 
1108.906: [GC 1108.906: [ParNew: 1887488K->209664K(1887488K), 0.9781970 secs] 12999848K->11864230K(20761856K), 0.9785080 secs] [Times: user=11.58 sys=0.03, real=0.98 secs] 
1113.181: [GC 1113.181: [ParNew: 1887488K->209664K(1887488K), 0.7725810 secs] 13542054K->12309627K(20761856K), 0.7729060 secs] [Times: user=9.55 sys=0.02, real=0.78 secs] 
1116.678: [GC 1116.678: [ParNew: 1887488K->209664K(1887488K), 0.9160310 secs] 13987451K->12840915K(20761856K), 0.9163350 secs] [Times: user=11.46 sys=0.02, real=0.92 secs] 
1120.950: [GC 1120.950: [ParNew: 1887488K->209664K(1887488K), 0.6613440 secs] 14518739K->13179775K(20761856K), 0.6616450 secs] [Times: user=7.97 sys=0.01, real=0.66 secs] 
1126.462: [GC 1126.462: [ParNew: 1887488K->209664K(1887488K), 0.5007700 secs] 14857599K->13426836K(20761856K), 0.5010660 secs] [Times: user=5.83 sys=0.01, real=0.50 secs] 
1126.965: [GC [1 CMS-initial-mark: 13217172K(18874368K)] 13426836K(20761856K), 0.5000620 secs] [Times: user=0.50 sys=0.00, real=0.50 secs] 
1127.465: [CMS-concurrent-mark-start]
1128.951: [CMS-concurrent-mark: 1.486/1.486 secs] [Times: user=9.52 sys=0.04, real=1.49 secs] 
1128.951: [CMS-concurrent-preclean-start]
1129.093: [CMS-concurrent-preclean: 0.141/0.142 secs] [Times: user=0.29 sys=0.00, real=0.14 secs] 
1129.093: [CMS-concurrent-abortable-preclean-start]
1131.790: [GC 1131.791: [ParNew: 1887488K->209664K(1887488K), 0.5633490 secs] 15104660K->13700681K(20761856K), 0.5636460 secs] [Times: user=6.58 sys=0.03, real=0.56 secs] 
 CMS: abort preclean due to time 1135.720: [CMS-concurrent-abortable-preclean: 6.052/6.626 secs] [Times: user=19.50 sys=0.17, real=6.63 secs] 
1135.721: [GC[YG occupancy: 1350597 K (1887488 K)]1135.721: [GC 1135.721: [ParNew: 1350597K->209664K(1887488K), 0.5975240 secs] 14841615K->14009535K(20761856K), 0.5978230 secs] [Times: user=7.18 sys=0.02, real=0.60 secs] 
1136.319: [Rescan (parallel) , 0.1026760 secs]1136.422: [weak refs processing, 0.0789440 secs]1136.501: [class unloading, 0.0326530 secs]1136.533: [scrub symbol & string tables, 0.0069520 secs] [1 CMS-remark: 13799871K(18874368K)] 14009535K(20761856K), 0.8958900 secs] [Times: user=9.19 sys=0.02, real=0.89 secs] 
1136.618: [CMS-concurrent-sweep-start]
1141.096: [GC 1141.096: [ParNew: 1887488K->209664K(1887488K), 0.8408180 secs] 13208242K->12011620K(20761856K), 0.8411090 secs] [Times: user=10.44 sys=0.02, real=0.84 secs] 
1146.457: [GC 1146.457: [ParNew: 1887488K->209664K(1887488K), 0.5560380 secs] 11361313K->9961484K(20761856K), 0.5563470 secs] [Times: user=6.53 sys=0.03, real=0.56 secs] 
1150.990: [GC 1150.990: [ParNew: 1887488K->208827K(1887488K), 0.2877470 secs] 9168875K->7683635K(20761856K), 0.2880220 secs] [Times: user=3.45 sys=0.02, real=0.28 secs] 
1156.766: [GC 1156.766: [ParNew: 1886651K->209664K(1887488K), 0.6710140 secs] 6490582K->5150480K(20761856K), 0.6713130 secs] [Times: user=8.70 sys=0.02, real=0.67 secs] 
1158.340: [CMS-concurrent-sweep: 19.336/21.722 secs] [Times: user=74.10 sys=0.78, real=21.71 secs] 
1158.340: [CMS-concurrent-reset-start]
1158.491: [CMS-concurrent-reset: 0.138/0.151 secs] [Times: user=1.60 sys=0.01, real=0.16 secs] 
1160.090: [GC 1160.091: [ParNew: 1887488K->209664K(1887488K), 0.7994120 secs] 6634746K->5438572K(20761856K), 0.7996900 secs] [Times: user=10.31 sys=0.03, real=0.79 secs] 
1162.118: [GC 1162.118: [ParNew: 1887488K->209664K(1887488K), 0.6476370 secs] 7116396K->5786671K(20761856K), 0.6478780 secs] [Times: user=7.81 sys=0.04, real=0.65 secs] 
1163.869: [GC 1163.869: [ParNew: 1887488K->209664K(1887488K), 0.8740670 secs] 7464495K->6252118K(20761856K), 0.8743300 secs] [Times: user=10.88 sys=0.03, real=0.88 secs] 
1166.219: [GC 1166.219: [ParNew: 1887488K->209664K(1887488K), 1.0173470 secs] 7929942K->6832654K(20761856K), 1.0176040 secs] [Times: user=12.38 sys=0.04, real=1.02 secs] 
1170.185: [GC 1170.185: [ParNew: 1887488K->209664K(1887488K), 0.8812110 secs] 8510478K->7317073K(20761856K), 0.8814820 secs] [Times: user=11.14 sys=0.02, real=0.88 secs] 
1175.294: [GC 1175.295: [ParNew: 1887488K->209664K(1887488K), 0.3918470 secs] 8994897K->7525523K(20761856K), 0.3921360 secs] [Times: user=4.92 sys=0.02, real=0.39 secs] 
1179.447: [GC 1179.447: [ParNew: 1887488K->209664K(1887488K), 0.2902720 secs] 9203347K->7686149K(20761856K), 0.2905500 secs] [Times: user=3.59 sys=0.01, real=0.29 secs] 
1183.007: [GC 1183.007: [ParNew: 1887488K->168987K(1887488K), 0.2295010 secs] 9363973K->7770338K(20761856K), 0.2297750 secs] [Times: user=2.80 sys=0.01, real=0.23 secs] 
1186.560: [GC 1186.560: [ParNew: 1846811K->209664K(1887488K), 0.1455100 secs] 9448162K->7812389K(20761856K), 0.1457460 secs] [Times: user=2.29 sys=0.00, real=0.15 secs] 
1190.060: [GC 1190.060: [ParNew: 1887488K->209664K(1887488K), 0.2453380 secs] 9490213K->7912755K(20761856K), 0.2455730 secs] [Times: user=3.44 sys=0.02, real=0.24 secs] 
1193.495: [GC 1193.495: [ParNew: 1887488K->209664K(1887488K), 0.2624180 secs] 9590579K->8031948K(20761856K), 0.2626460 secs] [Times: user=3.66 sys=0.02, real=0.27 secs] 
1196.564: [GC 1196.564: [ParNew: 1887488K->209664K(1887488K), 0.2583170 secs] 9709772K->8155215K(20761856K), 0.2585480 secs] [Times: user=3.63 sys=0.01, real=0.26 secs] 
1200.517: [GC 1200.517: [ParNew: 1887488K->209664K(1887488K), 0.2579270 secs] 9833039K->8263200K(20761856K), 0.2582000 secs] [Times: user=3.53 sys=0.01, real=0.26 secs] 
1203.932: [GC 1203.932: [ParNew: 1887488K->209664K(1887488K), 0.8792070 secs] 9941024K->8814508K(20761856K), 0.8794940 secs] [Times: user=12.00 sys=0.02, real=0.88 secs] 
1208.464: [GC 1208.464: [ParNew: 1887488K->209664K(1887488K), 0.7458070 secs] 10492332K->9220193K(20761856K), 0.7461300 secs] [Times: user=8.96 sys=0.02, real=0.75 secs] 
1213.963: [GC 1213.963: [ParNew: 1887488K->209664K(1887488K), 0.6502210 secs] 10898017K->9659514K(20761856K), 0.6505270 secs] [Times: user=8.57 sys=0.03, real=0.65 secs] 
1216.214: [GC 1216.214: [ParNew: 1887488K->209664K(1887488K), 0.9109880 secs] 11337338K->10241371K(20761856K), 0.9112620 secs] [Times: user=11.61 sys=0.03, real=0.91 secs] 
1218.516: [GC 1218.517: [ParNew: 1887488K->209664K(1887488K), 0.9844480 secs] 11919195K->10811544K(20761856K), 0.9847750 secs] [Times: user=12.17 sys=0.02, real=0.99 secs] 
1221.924: [GC 1221.924: [ParNew: 1887488K->209664K(1887488K), 0.8212500 secs] 12489368K->11261392K(20761856K), 0.8215530 secs] [Times: user=9.91 sys=0.01, real=0.82 secs] 
1225.174: [GC 1225.175: [ParNew: 1887488K->209664K(1887488K), 0.8170060 secs] 12939216K->11740642K(20761856K), 0.8172990 secs] [Times: user=10.40 sys=0.01, real=0.82 secs] 
1227.485: [GC 1227.485: [ParNew: 1887488K->209664K(1887488K), 1.0661280 secs] 13418466K->12325146K(20761856K), 1.0664440 secs] [Times: user=12.82 sys=0.02, real=1.07 secs] 
1230.178: [GC 1230.178: [ParNew: 1887488K->209662K(1887488K), 0.9564270 secs] 14002970K->12902162K(20761856K), 0.9566740 secs] [Times: user=12.34 sys=0.03, real=0.96 secs] 
1232.273: [GC 1232.273: [ParNew: 1887486K->209664K(1887488K), 0.9662580 secs] 14579986K->13446195K(20761856K), 0.9665030 secs] [Times: user=11.73 sys=0.03, real=0.96 secs] 
1233.241: [GC [1 CMS-initial-mark: 13236531K(18874368K)] 13446389K(20761856K), 0.4039950 secs] [Times: user=0.40 sys=0.00, real=0.41 secs] 
1233.646: [CMS-concurrent-mark-start]
1234.956: [GC 1234.957: [ParNew: 1887488K->209662K(1887488K), 0.9516230 secs] 15124019K->13957857K(20761856K), 0.9518770 secs] [Times: user=11.38 sys=0.04, real=0.95 secs] 
1237.440: [GC 1237.440: [ParNew: 1887486K->209664K(1887488K), 0.9789400 secs] 15635681K->14519207K(20761856K), 0.9791970 secs] [Times: user=12.27 sys=0.03, real=0.98 secs] 
1239.535: [CMS-concurrent-mark: 3.935/5.889 secs] [Times: user=77.87 sys=0.19, real=5.89 secs] 
1239.535: [CMS-concurrent-preclean-start]
1240.022: [GC 1240.022: [ParNew: 1887488K->209664K(1887488K), 0.9087730 secs] 16197031K->15019839K(20761856K), 0.9090360 secs] [Times: user=11.44 sys=0.02, real=0.91 secs] 
1244.018: [GC 1244.018: [ParNew: 1887488K->209664K(1887488K), 0.6641260 secs] 16697663K->15368975K(20761856K), 0.6643780 secs] [Times: user=8.50 sys=0.01, real=0.66 secs] 
1246.260: [CMS-concurrent-preclean: 5.110/6.725 secs] [Times: user=39.03 sys=0.23, real=6.72 secs] 
1246.260: [CMS-concurrent-abortable-preclean-start]
1247.327: [CMS-concurrent-abortable-preclean: 1.066/1.067 secs] [Times: user=2.07 sys=0.14, real=1.07 secs] 
1247.328: [GC[YG occupancy: 1160664 K (1887488 K)]1247.329: [GC 1247.329: [ParNew: 1160664K->209664K(1887488K), 0.3256540 secs] 16319975K->15568291K(20761856K), 0.3259000 secs] [Times: user=4.55 sys=0.02, real=0.32 secs] 
1247.655: [Rescan (parallel) , 0.1803650 secs]1247.835: [weak refs processing, 0.2984150 secs]1248.133: [class unloading, 0.0359610 secs]1248.169: [scrub symbol & string tables, 0.0072620 secs] [1 CMS-remark: 15358627K(18874368K)] 15568291K(20761856K), 0.9469490 secs] [Times: user=8.22 sys=0.02, real=0.95 secs] 
1248.283: [CMS-concurrent-sweep-start]
1250.384: [GC 1250.385: [ParNew: 1887488K->209664K(1887488K), 0.7516750 secs] 15952484K->14685183K(20761856K), 0.7519260 secs] [Times: user=9.57 sys=0.04, real=0.76 secs] 
1253.811: [GC 1253.812: [ParNew: 1887488K->209664K(1887488K), 0.8455450 secs] 15201681K->14003949K(20761856K), 0.8458130 secs] [Times: user=10.79 sys=0.03, real=0.85 secs] 
1258.314: [GC 1258.314: [ParNew: 1887488K->209664K(1887488K), 0.7579540 secs] 13772080K->12586096K(20761856K), 0.7582060 secs] [Times: user=10.33 sys=0.03, real=0.76 secs] 
1261.277: [GC 1261.277: [ParNew: 1887488K->209664K(1887488K), 0.7975360 secs] 12943161K->11742355K(20761856K), 0.7978050 secs] [Times: user=9.91 sys=0.03, real=0.80 secs] 
1266.661: [GC 1266.661: [ParNew: 1887488K->209664K(1887488K), 0.4800810 secs] 10990744K->9546687K(20761856K), 0.4803340 secs] [Times: user=5.80 sys=0.01, real=0.48 secs] 
1268.677: [CMS-concurrent-sweep: 16.718/20.394 secs] [Times: user=109.06 sys=0.95, real=20.39 secs] 
1268.677: [CMS-concurrent-reset-start]
1268.716: [CMS-concurrent-reset: 0.039/0.039 secs] [Times: user=0.08 sys=0.00, real=0.04 secs] 
1271.944: [GC 1271.944: [ParNew: 1887488K->209664K(1887488K), 0.5205930 secs] 10673710K->9239464K(20761856K), 0.5208870 secs] [Times: user=5.91 sys=0.01, real=0.52 secs] 
1277.899: [GC 1277.899: [ParNew: 1887488K->209664K(1887488K), 0.7849380 secs] 10917288K->9662210K(20761856K), 0.7852480 secs] [Times: user=9.53 sys=0.03, real=0.78 secs] 
1284.099: [GC 1284.099: [ParNew: 1887488K->209664K(1887488K), 0.8555780 secs] 11340034K->10138490K(20761856K), 0.8558790 secs] [Times: user=10.54 sys=0.02, real=0.86 secs] 
1289.808: [GC 1289.808: [ParNew: 1887488K->209664K(1887488K), 0.6005830 secs] 11816314K->10433869K(20761856K), 0.6008720 secs] [Times: user=7.10 sys=0.02, real=0.60 secs] 
1294.390: [GC 1294.390: [ParNew: 1887488K->209461K(1887488K), 0.3308770 secs] 12111693K->10628637K(20761856K), 0.3311700 secs] [Times: user=3.72 sys=0.02, real=0.33 secs] 
1299.777: [GC 1299.778: [ParNew: 1887285K->209664K(1887488K), 0.7253870 secs] 12306461K->10995234K(20761856K), 0.7256800 secs] [Times: user=9.26 sys=0.01, real=0.73 secs] 
1303.197: [GC 1303.197: [ParNew: 1887488K->209664K(1887488K), 0.8863600 secs] 12673058K->11478003K(20761856K), 0.8866470 secs] [Times: user=10.23 sys=0.04, real=0.89 secs] 
1304.794: [GC 1304.794: [ParNew: 1887488K->209664K(1887488K), 0.5981720 secs] 13155827K->11797614K(20761856K), 0.5984670 secs] [Times: user=7.25 sys=0.02, real=0.59 secs] 
1306.863: [GC 1306.863: [ParNew: 1887488K->209664K(1887488K), 1.0107450 secs] 13475438K->12372448K(20761856K), 1.0110760 secs] [Times: user=12.67 sys=0.01, real=1.02 secs] 
1310.404: [GC 1310.404: [ParNew: 1887488K->209664K(1887488K), 1.0426020 secs] 14050272K->12925145K(20761856K), 1.0429050 secs] [Times: user=12.55 sys=0.03, real=1.04 secs] 
1315.820: [GC 1315.820: [ParNew: 1887488K->209664K(1887488K), 0.7922490 secs] 14602969K->13397571K(20761856K), 0.7925450 secs] [Times: user=10.42 sys=0.01, real=0.79 secs] 
1319.744: [GC 1319.744: [ParNew: 1887488K->209664K(1887488K), 0.8429730 secs] 15075395K->13870589K(20761856K), 0.8433000 secs] [Times: user=10.42 sys=0.02, real=0.85 secs] 
1320.589: [GC [1 CMS-initial-mark: 13660925K(18874368K)] 13870869K(20761856K), 0.4745260 secs] [Times: user=0.47 sys=0.00, real=0.47 secs] 
1321.064: [CMS-concurrent-mark-start]
1323.072: [CMS-concurrent-mark: 2.001/2.008 secs] [Times: user=14.30 sys=0.17, real=2.01 secs] 
1323.072: [CMS-concurrent-preclean-start]
1323.305: [CMS-concurrent-preclean: 0.227/0.233 secs] [Times: user=0.48 sys=0.05, real=0.23 secs] 
1323.305: [CMS-concurrent-abortable-preclean-start]
1325.119: [GC 1325.120: [ParNew: 1887488K->209664K(1887488K), 0.7284690 secs] 15548413K->14331656K(20761856K), 0.7288020 secs] [Times: user=9.25 sys=0.04, real=0.73 secs] 
1329.251: [GC 1329.251: [ParNew: 1887488K->209664K(1887488K), 0.7886170 secs] 16009480K->14844277K(20761856K), 0.7889320 secs] [Times: user=10.12 sys=0.03, real=0.79 secs] 
1331.417: [GC 1331.418: [ParNew: 1887488K->209664K(1887488K), 0.9428670 secs] 16522101K->15408919K(20761856K), 0.9431600 secs] [Times: user=11.45 sys=0.03, real=0.94 secs] 
 CMS: abort preclean due to time 1332.496: [CMS-concurrent-abortable-preclean: 6.681/9.191 secs] [Times: user=54.93 sys=0.84, real=9.19 secs] 
1332.497: [GC[YG occupancy: 398742 K (1887488 K)]1332.497: [GC 1332.497: [ParNew: 398742K->209661K(1887488K), 0.3307930 secs] 15597997K->15614407K(20761856K), 0.3310610 secs] [Times: user=4.02 sys=0.01, real=0.34 secs] 
1332.828: [Rescan (parallel) , 0.2481990 secs]1333.077: [weak refs processing, 0.7454950 secs]1333.822: [class unloading, 0.0351290 secs]1333.857: [scrub symbol & string tables, 0.0069390 secs] [1 CMS-remark: 15404745K(18874368K)] 15614407K(20761856K), 1.4574050 secs] [Times: user=9.35 sys=0.01, real=1.46 secs] 
1333.956: [CMS-concurrent-sweep-start]
1335.407: [GC 1335.407: [ParNew: 1887485K->209664K(1887488K), 0.8225480 secs] 16659974K->15428908K(20761856K), 0.8228080 secs] [Times: user=10.97 sys=0.01, real=0.83 secs] 
1338.717: [GC 1338.717: [ParNew: 1887488K->209664K(1887488K), 0.8359600 secs] 15755728K->14532597K(20761856K), 0.8362730 secs] [Times: user=10.52 sys=0.02, real=0.84 secs] 
1341.946: [GC 1341.946: [ParNew: 1887488K->209664K(1887488K), 0.8636390 secs] 15360064K->14218748K(20761856K), 0.8639000 secs] [Times: user=11.43 sys=0.03, real=0.87 secs] 
1344.744: [GC 1344.744: [ParNew: 1887488K->209664K(1887488K), 0.9427070 secs] 14805119K->13669370K(20761856K), 0.9429610 secs] [Times: user=11.71 sys=0.04, real=0.94 secs] 
1346.984: [GC 1346.984: [ParNew: 1887488K->209664K(1887488K), 1.0425540 secs] 14719046K->13652706K(20761856K), 1.0427960 secs] [Times: user=12.83 sys=0.04, real=1.04 secs] 
1349.389: [GC 1349.389: [ParNew: 1887488K->209664K(1887488K), 0.9629990 secs] 14708502K->13574235K(20761856K), 0.9632670 secs] [Times: user=11.78 sys=0.03, real=0.97 secs] 
1351.787: [GC 1351.787: [ParNew: 1887488K->209664K(1887488K), 0.9578210 secs] 14605833K->13488545K(20761856K), 0.9580660 secs] [Times: user=11.71 sys=0.03, real=0.96 secs] 
1354.067: [GC 1354.067: [ParNew: 1887488K->209664K(1887488K), 0.9327860 secs] 14490920K->13372343K(20761856K), 0.9330300 secs] [Times: user=11.17 sys=0.05, real=0.93 secs] 
1356.994: [GC 1356.994: [ParNew: 1887488K->209664K(1887488K), 0.7154840 secs] 14012017K->12734070K(20761856K), 0.7157420 secs] [Times: user=8.67 sys=0.03, real=0.71 secs] 
1360.747: [GC 1360.748: [ParNew: 1887488K->209662K(1887488K), 0.6000750 secs] 12938402K->11582872K(20761856K), 0.6003640 secs] [Times: user=7.50 sys=0.02, real=0.60 secs] 
1363.428: [CMS-concurrent-sweep: 20.709/29.472 secs] [Times: user=237.01 sys=1.57, real=29.47 secs] 
1363.428: [CMS-concurrent-reset-start]
1363.467: [CMS-concurrent-reset: 0.039/0.039 secs] [Times: user=0.08 sys=0.00, real=0.04 secs] 
1364.199: [GC 1364.199: [ParNew: 1887486K->209664K(1887488K), 0.8210640 secs] 12653680K->11433911K(20761856K), 0.8213750 secs] [Times: user=9.91 sys=0.02, real=0.82 secs] 
1368.170: [GC 1368.170: [ParNew: 1887488K->209662K(1887488K), 0.8861740 secs] 13111735K->11908069K(20761856K), 0.8864600 secs] [Times: user=10.55 sys=0.02, real=0.89 secs] 
1373.000: [GC 1373.001: [ParNew: 1887486K->209664K(1887488K), 0.7933580 secs] 13585893K->12390243K(20761856K), 0.7936650 secs] [Times: user=10.41 sys=0.02, real=0.80 secs] 
1376.289: [GC 1376.289: [ParNew: 1887488K->209664K(1887488K), 0.7734380 secs] 14068067K->12851989K(20761856K), 0.7737100 secs] [Times: user=9.81 sys=0.02, real=0.77 secs] 
1381.656: [GC 1381.656: [ParNew: 1887488K->209664K(1887488K), 0.4973380 secs] 14529813K->13076352K(20761856K), 0.4976300 secs] [Times: user=5.66 sys=0.01, real=0.49 secs] 
1387.009: [GC 1387.009: [ParNew: 1887488K->209664K(1887488K), 0.5316410 secs] 14754176K->13334854K(20761856K), 0.5319360 secs] [Times: user=6.12 sys=0.01, real=0.53 secs] 
1392.540: [GC 1392.540: [ParNew: 1887488K->209664K(1887488K), 0.7848050 secs] 15012678K->13763011K(20761856K), 0.7851120 secs] [Times: user=9.69 sys=0.01, real=0.78 secs] 
1393.327: [GC [1 CMS-initial-mark: 13553347K(18874368K)] 13763072K(20761856K), 0.6174040 secs] [Times: user=0.62 sys=0.00, real=0.62 secs] 
1393.945: [CMS-concurrent-mark-start]
1395.314: [CMS-concurrent-mark: 1.366/1.368 secs] [Times: user=8.81 sys=0.04, real=1.37 secs] 
1395.314: [CMS-concurrent-preclean-start]
1395.420: [CMS-concurrent-preclean: 0.106/0.107 secs] [Times: user=0.22 sys=0.01, real=0.11 secs] 
1395.420: [CMS-concurrent-abortable-preclean-start]
1399.062: [GC 1399.062: [ParNew: 1887488K->209664K(1887488K), 0.8047180 secs] 15440835K->14241148K(20761856K), 0.8049860 secs] [Times: user=10.47 sys=0.02, real=0.80 secs] 
 CMS: abort preclean due to time 1401.278: [CMS-concurrent-abortable-preclean: 5.036/5.857 secs] [Times: user=21.39 sys=0.16, real=5.85 secs] 
1401.279: [GC[YG occupancy: 678099 K (1887488 K)]1401.279: [GC 1401.279: [ParNew: 678099K->209664K(1887488K), 0.3251800 secs] 14709583K->14443142K(20761856K), 0.3254060 secs] [Times: user=3.98 sys=0.02, real=0.32 secs] 
1401.604: [Rescan (parallel) , 0.0708850 secs]1401.675: [weak refs processing, 0.0761990 secs]1401.751: [class unloading, 0.0330360 secs]1401.784: [scrub symbol & string tables, 0.0070070 secs] [1 CMS-remark: 14233478K(18874368K)] 14443142K(20761856K), 0.6175340 secs] [Times: user=5.44 sys=0.02, real=0.61 secs] 
1401.897: [CMS-concurrent-sweep-start]
1406.016: [GC 1406.016: [ParNew: 1887488K->209664K(1887488K), 0.3082940 secs] 13852706K->12278148K(20761856K), 0.3085470 secs] [Times: user=3.89 sys=0.00, real=0.31 secs] 
1410.573: [GC 1410.573: [ParNew: 1887488K->209664K(1887488K), 0.3103300 secs] 11413663K->9904005K(20761856K), 0.3105830 secs] [Times: user=3.81 sys=0.01, real=0.31 secs] 
1416.429: [GC 1416.429: [ParNew: 1887488K->209664K(1887488K), 0.6779850 secs] 7376226K->6093241K(20761856K), 0.6782300 secs] [Times: user=8.99 sys=0.02, real=0.68 secs] 
1418.366: [GC 1418.366: [ParNew: 1887488K->209664K(1887488K), 0.6137570 secs] 7283058K->5981437K(20761856K), 0.6140030 secs] [Times: user=8.12 sys=0.02, real=0.61 secs] 
1420.955: [GC 1420.955: [ParNew: 1887488K->209664K(1887488K), 0.7840350 secs] 6831909K->5553892K(20761856K), 0.7843370 secs] [Times: user=9.14 sys=0.02, real=0.78 secs] 
1422.746: [GC 1422.746: [ParNew: 1887488K->209664K(1887488K), 0.8326980 secs] 6932497K->5676654K(20761856K), 0.8329920 secs] [Times: user=9.70 sys=0.02, real=0.83 secs] 
1424.623: [CMS-concurrent-sweep: 19.160/22.726 secs] [Times: user=114.34 sys=1.23, real=22.73 secs] 
1424.623: [CMS-concurrent-reset-start]
1424.667: [CMS-concurrent-reset: 0.044/0.044 secs] [Times: user=0.10 sys=0.01, real=0.04 secs] 
1425.379: [GC 1425.379: [ParNew: 1887488K->209664K(1887488K), 1.0876500 secs] 7070920K->5959970K(20761856K), 1.0879590 secs] [Times: user=12.94 sys=0.02, real=1.09 secs] 
1429.086: [GC 1429.087: [ParNew: 1887488K->209664K(1887488K), 1.0219310 secs] 7637794K->6469905K(20761856K), 1.0222330 secs] [Times: user=11.73 sys=0.02, real=1.02 secs] 
1434.091: [GC 1434.091: [ParNew: 1887488K->209664K(1887488K), 0.5269020 secs] 8147729K->6726910K(20761856K), 0.5272000 secs] [Times: user=6.29 sys=0.00, real=0.53 secs] 
1438.631: [GC 1438.631: [ParNew: 1887488K->209664K(1887488K), 0.3340120 secs] 8404734K->6912396K(20761856K), 0.3343220 secs] [Times: user=4.31 sys=0.01, real=0.34 secs] 
1442.317: [GC 1442.317: [ParNew: 1887488K->167911K(1887488K), 0.2340230 secs] 8590220K->6996892K(20761856K), 0.2342970 secs] [Times: user=2.80 sys=0.02, real=0.23 secs] 
1445.438: [GC 1445.438: [ParNew: 1845735K->209664K(1887488K), 0.1543830 secs] 8674716K->7043380K(20761856K), 0.1546620 secs] [Times: user=2.36 sys=0.01, real=0.15 secs] 
1449.058: [GC 1449.058: [ParNew: 1887488K->209664K(1887488K), 0.2673730 secs] 8721204K->7153243K(20761856K), 0.2676570 secs] [Times: user=3.52 sys=0.00, real=0.27 secs] 
1452.328: [GC 1452.328: [ParNew: 1887488K->209664K(1887488K), 0.2729260 secs] 8831067K->7264432K(20761856K), 0.2732080 secs] [Times: user=3.64 sys=0.01, real=0.27 secs] 
1455.821: [GC 1455.821: [ParNew: 1887488K->209664K(1887488K), 0.2692080 secs] 8942256K->7376517K(20761856K), 0.2694930 secs] [Times: user=3.60 sys=0.01, real=0.27 secs] 
1459.938: [GC 1459.939: [ParNew: 1887488K->209664K(1887488K), 0.2695360 secs] 9054341K->7491614K(20761856K), 0.2698100 secs] [Times: user=3.64 sys=0.00, real=0.27 secs] 
1463.835: [GC 1463.835: [ParNew: 1872572K->209664K(1887488K), 0.7030070 secs] 9154522K->7905583K(20761856K), 0.7033230 secs] [Times: user=9.41 sys=0.02, real=0.71 secs] 
1467.911: [GC 1467.911: [ParNew: 1887488K->209664K(1887488K), 0.8068270 secs] 9583407K->8337950K(20761856K), 0.8071610 secs] [Times: user=9.54 sys=0.01, real=0.81 secs] 
1473.295: [GC 1473.296: [ParNew: 1887488K->209664K(1887488K), 0.6615630 secs] 10015774K->8773504K(20761856K), 0.6618740 secs] [Times: user=8.17 sys=0.04, real=0.66 secs] 
1475.998: [GC 1475.999: [ParNew: 1887488K->209664K(1887488K), 0.9123800 secs] 10451328K->9314043K(20761856K), 0.9126730 secs] [Times: user=11.06 sys=0.03, real=0.92 secs] 
1478.201: [GC 1478.201: [ParNew: 1887488K->209664K(1887488K), 0.8959280 secs] 10991867K->9881832K(20761856K), 0.8961980 secs] [Times: user=11.65 sys=0.04, real=0.89 secs] 
1480.821: [GC 1480.822: [ParNew: 1887488K->209664K(1887488K), 0.9056850 secs] 11559656K->10439039K(20761856K), 0.9059950 secs] [Times: user=11.71 sys=0.02, real=0.90 secs] 
1483.877: [GC 1483.877: [ParNew: 1887488K->209664K(1887488K), 0.8201650 secs] 12116863K->10890078K(20761856K), 0.8204960 secs] [Times: user=10.16 sys=0.02, real=0.82 secs] 
1486.867: [GC 1486.867: [ParNew: 1887488K->209662K(1887488K), 0.9730740 secs] 12567902K->11432915K(20761856K), 0.9733880 secs] [Times: user=12.00 sys=0.03, real=0.97 secs] 
1489.660: [GC 1489.660: [ParNew: 1887486K->209664K(1887488K), 0.9426280 secs] 13110739K->11993840K(20761856K), 0.9429060 secs] [Times: user=12.45 sys=0.03, real=0.95 secs] 
1491.888: [GC 1491.888: [ParNew: 1887488K->209662K(1887488K), 1.0179350 secs] 13671664K->12563863K(20761856K), 1.0182420 secs] [Times: user=12.19 sys=0.03, real=1.02 secs] 
1494.138: [GC 1494.138: [ParNew: 1887486K->209664K(1887488K), 0.9603470 secs] 14241687K->13119607K(20761856K), 0.9605940 secs] [Times: user=11.66 sys=0.04, real=0.96 secs] 
1496.342: [GC 1496.342: [ParNew: 1887488K->209664K(1887488K), 0.9861740 secs] 14797431K->13678813K(20761856K), 0.9864560 secs] [Times: user=11.72 sys=0.05, real=0.99 secs] 
1497.331: [GC [1 CMS-initial-mark: 13469149K(18874368K)] 13680604K(20761856K), 0.6097640 secs] [Times: user=0.61 sys=0.00, real=0.61 secs] 
1497.941: [CMS-concurrent-mark-start]
1499.236: [GC 1499.236: [ParNew: 1887488K->209664K(1887488K), 0.9443330 secs] 15356637K->14234097K(20761856K), 0.9445670 secs] [Times: user=11.62 sys=0.04, real=0.94 secs] 
1502.228: [CMS-concurrent-mark: 3.318/4.287 secs] [Times: user=51.32 sys=0.24, real=4.29 secs] 
1502.228: [CMS-concurrent-preclean-start]
1502.274: [GC 1502.274: [ParNew: 1887488K->209664K(1887488K), 0.7144850 secs] 15911921K->14602768K(20761856K), 0.7147570 secs] [Times: user=8.53 sys=0.03, real=0.71 secs] 
1505.862: [CMS-concurrent-preclean: 2.884/3.634 secs] [Times: user=20.84 sys=0.22, real=3.63 secs] 
1505.862: [CMS-concurrent-abortable-preclean-start]
1506.223: [CMS-concurrent-abortable-preclean: 0.352/0.361 secs] [Times: user=1.45 sys=0.07, real=0.36 secs] 
1506.224: [GC[YG occupancy: 1626199 K (1887488 K)]1506.224: [GC 1506.224: [ParNew: 1626199K->209664K(1887488K), 0.4638980 secs] 16019304K->14852110K(20761856K), 0.4641580 secs] [Times: user=6.17 sys=0.03, real=0.47 secs] 
1506.688: [Rescan (parallel) , 0.1919420 secs]1506.880: [weak refs processing, 0.3850680 secs]1507.265: [class unloading, 0.0401280 secs]1507.305: [scrub symbol & string tables, 0.0078320 secs] [1 CMS-remark: 14642446K(18874368K)] 14852110K(20761856K), 1.2211920 secs] [Times: user=10.16 sys=0.03, real=1.23 secs] 
1507.446: [CMS-concurrent-sweep-start]
1509.687: [GC 1509.687: [ParNew: 1887488K->209664K(1887488K), 0.8762550 secs] 15317098K->14135975K(20761856K), 0.8765100 secs] [Times: user=11.15 sys=0.04, real=0.87 secs] 
1513.123: [GC 1513.123: [ParNew: 1887488K->209664K(1887488K), 0.8344080 secs] 14781052K->13582671K(20761856K), 0.8346730 secs] [Times: user=10.74 sys=0.03, real=0.84 secs] 
1517.068: [GC 1517.068: [ParNew: 1887488K->209664K(1887488K), 0.8296720 secs] 13951574K->12769704K(20761856K), 0.8299920 secs] [Times: user=10.56 sys=0.03, real=0.83 secs] 
1520.260: [GC 1520.261: [ParNew: 1887488K->209664K(1887488K), 0.7950860 secs] 13054389K->11839320K(20761856K), 0.7953760 secs] [Times: user=9.86 sys=0.03, real=0.79 secs] 
1525.392: [GC 1525.392: [ParNew: 1887488K->209664K(1887488K), 0.5194440 secs] 11077973K->9645928K(20761856K), 0.5197520 secs] [Times: user=5.84 sys=0.02, real=0.52 secs] 
1529.108: [CMS-concurrent-sweep: 17.775/21.663 secs] [Times: user=114.81 sys=0.96, real=21.66 secs] 
1529.109: [CMS-concurrent-reset-start]
1529.150: [CMS-concurrent-reset: 0.041/0.041 secs] [Times: user=0.09 sys=0.00, real=0.04 secs] 
1530.687: [GC 1530.687: [ParNew: 1887488K->209664K(1887488K), 0.5352490 secs] 10061140K->8630508K(20761856K), 0.5355670 secs] [Times: user=6.21 sys=0.01, real=0.54 secs] 
1535.791: [GC 1535.791: [ParNew: 1887488K->209664K(1887488K), 0.7500380 secs] 10308332K->9061773K(20761856K), 0.7503120 secs] [Times: user=9.70 sys=0.02, real=0.75 secs] 
1541.321: [GC 1541.321: [ParNew: 1887488K->209664K(1887488K), 0.8016280 secs] 10739597K->9540860K(20761856K), 0.8018950 secs] [Times: user=10.46 sys=0.02, real=0.80 secs] 
1546.586: [GC 1546.586: [ParNew: 1887488K->209664K(1887488K), 0.5712170 secs] 11218684K->9829912K(20761856K), 0.5715020 secs] [Times: user=6.74 sys=0.02, real=0.57 secs] 
1551.286: [GC 1551.286: [ParNew: 1887488K->209664K(1887488K), 0.3118420 secs] 11507736K->10014801K(20761856K), 0.3121270 secs] [Times: user=3.65 sys=0.01, real=0.31 secs] 
1556.186: [GC 1556.186: [ParNew: 1887488K->209664K(1887488K), 0.7298410 secs] 11692625K->10400117K(20761856K), 0.7301430 secs] [Times: user=9.86 sys=0.01, real=0.73 secs] 
1559.092: [GC 1559.092: [ParNew: 1887488K->209664K(1887488K), 0.9096550 secs] 12077941K->10889466K(20761856K), 0.9099640 secs] [Times: user=10.71 sys=0.03, real=0.91 secs] 
1560.703: [GC 1560.703: [ParNew: 1887488K->209664K(1887488K), 0.6427200 secs] 12567290K->11232783K(20761856K), 0.6430110 secs] [Times: user=7.61 sys=0.02, real=0.64 secs] 
1562.838: [GC 1562.838: [ParNew: 1887488K->209664K(1887488K), 0.9976410 secs] 12910607K->11791566K(20761856K), 0.9979500 secs] [Times: user=12.46 sys=0.02, real=1.00 secs] 
1566.084: [GC 1566.084: [ParNew: 1887488K->209664K(1887488K), 1.0540870 secs] 13469390K->12331441K(20761856K), 1.0543980 secs] [Times: user=12.44 sys=0.02, real=1.05 secs] 
1571.148: [GC 1571.149: [ParNew: 1887488K->209664K(1887488K), 0.8489120 secs] 14009265K->12804675K(20761856K), 0.8492390 secs] [Times: user=10.66 sys=0.02, real=0.85 secs] 
1575.217: [GC 1575.217: [ParNew: 1887488K->209664K(1887488K), 0.7952800 secs] 14482499K->13274220K(20761856K), 0.7955690 secs] [Times: user=10.24 sys=0.02, real=0.79 secs] 
1579.870: [GC 1579.871: [ParNew: 1887488K->209664K(1887488K), 0.6996040 secs] 14952044K->13762206K(20761856K), 0.6998980 secs] [Times: user=9.74 sys=0.02, real=0.70 secs] 
1580.572: [GC [1 CMS-initial-mark: 13552542K(18874368K)] 13779271K(20761856K), 0.3281750 secs] [Times: user=0.33 sys=0.00, real=0.33 secs] 
1580.901: [CMS-concurrent-mark-start]
1582.985: [CMS-concurrent-mark: 2.084/2.084 secs] [Times: user=14.49 sys=0.30, real=2.08 secs] 
1582.985: [CMS-concurrent-preclean-start]
1583.225: [CMS-concurrent-preclean: 0.238/0.240 secs] [Times: user=1.27 sys=0.01, real=0.24 secs] 
1583.225: [CMS-concurrent-abortable-preclean-start]
1583.546: [GC 1583.547: [ParNew: 1887488K->209664K(1887488K), 0.8545200 secs] 15440030K->14293777K(20761856K), 0.8548030 secs] [Times: user=11.02 sys=0.03, real=0.86 secs] 
1585.725: [GC 1585.725: [ParNew: 1887488K->209664K(1887488K), 0.9169080 secs] 15971601K->14851948K(20761856K), 0.9171940 secs] [Times: user=11.65 sys=0.03, real=0.92 secs] 
1588.010: [GC 1588.010: [ParNew: 1887488K->209664K(1887488K), 0.9322600 secs] 16529772K->15389727K(20761856K), 0.9325440 secs] [Times: user=11.81 sys=0.01, real=0.93 secs] 
 CMS: abort preclean due to time 1589.068: [CMS-concurrent-abortable-preclean: 3.088/5.843 secs] [Times: user=57.53 sys=0.25, real=5.85 secs] 
1589.069: [GC[YG occupancy: 412589 K (1887488 K)]1589.069: [GC 1589.070: [ParNew: 412589K->209662K(1887488K), 0.3074670 secs] 15592653K->15597984K(20761856K), 0.3077590 secs] [Times: user=3.91 sys=0.01, real=0.30 secs] 
1589.377: [Rescan (parallel) , 0.3294720 secs]1589.707: [weak refs processing, 0.7581200 secs]1590.465: [class unloading, 0.0336830 secs]1590.499: [scrub symbol & string tables, 0.0069200 secs] [1 CMS-remark: 15388322K(18874368K)] 15597984K(20761856K), 1.5251800 secs] [Times: user=10.70 sys=0.01, real=1.52 secs] 
1590.595: [CMS-concurrent-sweep-start]
1593.023: [GC 1593.023: [ParNew: 1887486K->209664K(1887488K), 0.6967650 secs] 15964338K->14591037K(20761856K), 0.6970550 secs] [Times: user=8.84 sys=0.01, real=0.70 secs] 
1595.845: [GC 1595.845: [ParNew: 1887488K->209664K(1887488K), 0.9011720 secs] 15452150K->14325748K(20761856K), 0.9014680 secs] [Times: user=11.67 sys=0.03, real=0.90 secs] 
1598.647: [GC 1598.647: [ParNew: 1887488K->209664K(1887488K), 0.9919590 secs] 15285260K->14138628K(20761856K), 0.9922670 secs] [Times: user=11.54 sys=0.03, real=1.00 secs] 
1600.928: [GC 1600.929: [ParNew: 1887488K->209664K(1887488K), 1.0521820 secs] 15400924K->14308704K(20761856K), 1.0524620 secs] [Times: user=12.67 sys=0.04, real=1.06 secs] 
1603.315: [GC 1603.316: [ParNew: 1887488K->209664K(1887488K), 0.9533270 secs] 15452096K->14296682K(20761856K), 0.9535890 secs] [Times: user=11.44 sys=0.04, real=0.95 secs] 
1605.403: [GC 1605.403: [ParNew: 1887488K->209664K(1887488K), 0.9340470 secs] 15468935K->14315064K(20761856K), 0.9343090 secs] [Times: user=11.38 sys=0.03, real=0.93 secs] 
1607.542: [GC 1607.542: [ParNew: 1887488K->209664K(1887488K), 0.8943940 secs] 15482806K->14327482K(20761856K), 0.8946330 secs] [Times: user=10.89 sys=0.04, real=0.89 secs] 
1610.151: [GC 1610.151: [ParNew: 1887488K->209664K(1887488K), 0.7530820 secs] 15139760K->13846271K(20761856K), 0.7533610 secs] [Times: user=8.78 sys=0.02, real=0.75 secs] 
1614.902: [GC 1614.902: [ParNew: 1887488K->209664K(1887488K), 0.6313470 secs] 13365110K->12019705K(20761856K), 0.6316470 secs] [Times: user=7.43 sys=0.02, real=0.63 secs] 
1618.001: [GC 1618.001: [ParNew: 1887488K->209664K(1887488K), 0.8243390 secs] 12572450K->11357995K(20761856K), 0.8246340 secs] [Times: user=9.91 sys=0.02, real=0.83 secs] 
1620.598: [CMS-concurrent-sweep: 21.290/30.003 secs] [Times: user=219.83 sys=1.25, real=30.00 secs] 
1620.598: [CMS-concurrent-reset-start]
1620.639: [CMS-concurrent-reset: 0.041/0.041 secs] [Times: user=0.08 sys=0.00, real=0.04 secs] 
1621.661: [GC 1621.661: [ParNew: 1887488K->209662K(1887488K), 0.8308560 secs] 12374494K->11166426K(20761856K), 0.8311510 secs] [Times: user=10.55 sys=0.01, real=0.83 secs] 
1625.877: [GC 1625.877: [ParNew: 1887486K->209664K(1887488K), 0.8099890 secs] 12844250K->11660565K(20761856K), 0.8103180 secs] [Times: user=10.65 sys=0.02, real=0.81 secs] 
1629.345: [GC 1629.345: [ParNew: 1887488K->209662K(1887488K), 0.7996560 secs] 13338389K->12107636K(20761856K), 0.7999410 secs] [Times: user=9.59 sys=0.02, real=0.80 secs] 
1635.086: [GC 1635.087: [ParNew: 1887486K->209664K(1887488K), 0.4713510 secs] 13785460K->12329456K(20761856K), 0.4716800 secs] [Times: user=5.40 sys=0.01, real=0.47 secs] 
1640.283: [GC 1640.283: [ParNew: 1887488K->209664K(1887488K), 0.5158480 secs] 14007280K->12563273K(20761856K), 0.5161370 secs] [Times: user=5.94 sys=0.01, real=0.52 secs] 
1646.077: [GC 1646.078: [ParNew: 1887488K->209664K(1887488K), 0.8165720 secs] 14241097K->13022041K(20761856K), 0.8168700 secs] [Times: user=10.13 sys=0.02, real=0.81 secs] 
1652.218: [GC 1652.218: [ParNew: 1887488K->209664K(1887488K), 0.8440860 secs] 14699865K->13510916K(20761856K), 0.8443930 secs] [Times: user=10.74 sys=0.01, real=0.84 secs] 
1653.064: [GC [1 CMS-initial-mark: 13301252K(18874368K)] 13537303K(20761856K), 0.5005890 secs] [Times: user=0.50 sys=0.00, real=0.50 secs] 
1653.565: [CMS-concurrent-mark-start]
1654.980: [CMS-concurrent-mark: 1.416/1.416 secs] [Times: user=9.00 sys=0.01, real=1.42 secs] 
1654.981: [CMS-concurrent-preclean-start]
1655.111: [CMS-concurrent-preclean: 0.130/0.131 secs] [Times: user=0.26 sys=0.00, real=0.13 secs] 
1655.111: [CMS-concurrent-abortable-preclean-start]
1657.735: [GC 1657.735: [ParNew: 1887488K->209664K(1887488K), 0.4753610 secs] 15188740K->13767551K(20761856K), 0.4755960 secs] [Times: user=5.94 sys=0.02, real=0.48 secs] 
 CMS: abort preclean due to time 1661.286: [CMS-concurrent-abortable-preclean: 5.690/6.174 secs] [Times: user=17.82 sys=0.24, real=6.17 secs] 
1661.287: [GC[YG occupancy: 1570288 K (1887488 K)]1661.287: [GC 1661.287: [ParNew: 1570288K->200080K(1887488K), 0.2351070 secs] 15128175K->13941900K(20761856K), 0.2353440 secs] [Times: user=2.85 sys=0.02, real=0.24 secs] 
1661.522: [Rescan (parallel) , 0.0553020 secs]1661.578: [weak refs processing, 2.2553300 secs]1663.833: [class unloading, 0.0335920 secs]1663.867: [scrub symbol & string tables, 0.0069370 secs] [1 CMS-remark: 13741819K(18874368K)] 13941900K(20761856K), 2.6619330 secs] [Times: user=6.19 sys=0.02, real=2.67 secs] 
1663.949: [CMS-concurrent-sweep-start]
1668.895: [GC 1668.895: [ParNew: 1877904K->209664K(1887488K), 0.5943340 secs] 12878637K->11495340K(20761856K), 0.5945790 secs] [Times: user=8.09 sys=0.01, real=0.59 secs] 
1672.156: [GC 1672.156: [ParNew: 1887488K->209664K(1887488K), 0.7900280 secs] 11839472K->10645513K(20761856K), 0.7903100 secs] [Times: user=9.99 sys=0.04, real=0.79 secs] 
1674.743: [GC 1674.743: [ParNew: 1887488K->209664K(1887488K), 0.9515010 secs] 11370321K->10221460K(20761856K), 0.9517590 secs] [Times: user=11.47 sys=0.03, real=0.95 secs] 
1677.315: [GC 1677.315: [ParNew: 1887488K->209664K(1887488K), 0.9794010 secs] 11031858K->9932599K(20761856K), 0.9796630 secs] [Times: user=12.33 sys=0.05, real=0.98 secs] 
1680.753: [GC 1680.753: [ParNew: 1887488K->209664K(1887488K), 0.8892560 secs] 9888914K->8726120K(20761856K), 0.8895110 secs] [Times: user=11.18 sys=0.03, real=0.89 secs] 
1685.145: [GC 1685.146: [ParNew: 1887488K->209664K(1887488K), 0.5354530 secs] 9057090K->7659334K(20761856K), 0.5357390 secs] [Times: user=6.71 sys=0.02, real=0.53 secs] 
1686.782: [CMS-concurrent-sweep: 18.015/22.833 secs] [Times: user=134.57 sys=1.03, real=22.83 secs] 
1686.783: [CMS-concurrent-reset-start]
1686.822: [CMS-concurrent-reset: 0.040/0.040 secs] [Times: user=0.08 sys=0.01, real=0.04 secs] 
1689.633: [GC 1689.633: [ParNew: 1887488K->209664K(1887488K), 0.3281400 secs] 8956928K->7471234K(20761856K), 0.3284250 secs] [Times: user=4.23 sys=0.01, real=0.32 secs] 
1693.599: [GC 1693.599: [ParNew: 1887488K->209664K(1887488K), 0.4519910 secs] 9149058K->7630236K(20761856K), 0.4522950 secs] [Times: user=4.95 sys=0.01, real=0.45 secs] 
1696.730: [GC 1696.730: [ParNew: 1887488K->209664K(1887488K), 0.9398900 secs] 9308060K->8163551K(20761856K), 0.9401780 secs] [Times: user=11.68 sys=0.01, real=0.94 secs] 
1700.463: [GC 1700.463: [ParNew: 1887488K->209664K(1887488K), 0.8813580 secs] 9841375K->8666250K(20761856K), 0.8816380 secs] [Times: user=10.87 sys=0.02, real=0.88 secs] 
1702.706: [GC 1702.706: [ParNew: 1887488K->209664K(1887488K), 0.9234510 secs] 10344074K->9220825K(20761856K), 0.9237230 secs] [Times: user=11.84 sys=0.02, real=0.92 secs] 
1705.065: [GC 1705.065: [ParNew: 1887488K->209664K(1887488K), 0.9499460 secs] 10898649K->9792736K(20761856K), 0.9502360 secs] [Times: user=11.99 sys=0.02, real=0.96 secs] 
1708.397: [GC 1708.397: [ParNew: 1887488K->209664K(1887488K), 0.8178480 secs] 11470560K->10232387K(20761856K), 0.8181480 secs] [Times: user=9.88 sys=0.03, real=0.81 secs] 
1711.409: [GC 1711.409: [ParNew: 1887488K->209664K(1887488K), 0.9240480 secs] 11910211K->10750509K(20761856K), 0.9243280 secs] [Times: user=11.34 sys=0.03, real=0.92 secs] 
1714.029: [GC 1714.029: [ParNew: 1887488K->209664K(1887488K), 0.9616460 secs] 12428333K->11309636K(20761856K), 0.9619320 secs] [Times: user=12.31 sys=0.02, real=0.96 secs] 
1716.298: [GC 1716.298: [ParNew: 1887488K->209664K(1887488K), 0.9981910 secs] 12987460K->11898106K(20761856K), 0.9984730 secs] [Times: user=12.39 sys=0.03, real=0.99 secs] 
1718.485: [GC 1718.485: [ParNew: 1887488K->209662K(1887488K), 0.9550170 secs] 13575930K->12431327K(20761856K), 0.9552820 secs] [Times: user=11.12 sys=0.04, real=0.96 secs] 
1720.837: [GC 1720.837: [ParNew: 1887486K->209664K(1887488K), 0.9125180 secs] 14109151K->12958086K(20761856K), 0.9127830 secs] [Times: user=11.61 sys=0.01, real=0.92 secs] 
1722.992: [GC 1722.993: [ParNew: 1887488K->209662K(1887488K), 0.9345760 secs] 14635910K->13477506K(20761856K), 0.9348490 secs] [Times: user=11.20 sys=0.02, real=0.93 secs] 
1723.929: [GC [1 CMS-initial-mark: 13267844K(18874368K)] 13478695K(20761856K), 0.3927590 secs] [Times: user=0.39 sys=0.01, real=0.39 secs] 
1724.322: [CMS-concurrent-mark-start]
1726.247: [GC 1726.248: [ParNew: 1887486K->209664K(1887488K), 0.7126970 secs] 15155330K->13877604K(20761856K), 0.7129600 secs] [Times: user=8.84 sys=0.04, real=0.72 secs] 
1728.020: [CMS-concurrent-mark: 2.966/3.698 secs] [Times: user=38.92 sys=0.26, real=3.70 secs] 
1728.020: [CMS-concurrent-preclean-start]
1729.502: [CMS-concurrent-preclean: 1.457/1.482 secs] [Times: user=2.88 sys=0.03, real=1.48 secs] 
1729.502: [CMS-concurrent-abortable-preclean-start]
1730.850: [GC 1730.850: [ParNew: 1887488K->209664K(1887488K), 0.6684240 secs] 15555428K->14257575K(20761856K), 0.6686940 secs] [Times: user=8.45 sys=0.02, real=0.67 secs] 
1734.118: [GC 1734.118: [ParNew: 1887488K->209664K(1887488K), 0.8997560 secs] 15935399K->14766806K(20761856K), 0.9000340 secs] [Times: user=11.09 sys=0.02, real=0.90 secs] 
 CMS: abort preclean due to time 1735.036: [CMS-concurrent-abortable-preclean: 3.937/5.533 secs] [Times: user=33.48 sys=0.29, real=5.53 secs] 
1735.037: [GC[YG occupancy: 220234 K (1887488 K)]1735.037: [GC 1735.037: [ParNew: 220234K->209663K(1887488K), 0.2317540 secs] 14777377K->14976571K(20761856K), 0.2319640 secs] [Times: user=2.91 sys=0.03, real=0.23 secs] 
1735.269: [Rescan (parallel) , 0.1822980 secs]1735.451: [weak refs processing, 0.3735510 secs]1735.825: [class unloading, 0.0423830 secs]1735.867: [scrub symbol & string tables, 0.0080160 secs] [1 CMS-remark: 14766908K(18874368K)] 14976571K(20761856K), 0.9886090 secs] [Times: user=6.74 sys=0.03, real=0.99 secs] 
1736.027: [CMS-concurrent-sweep-start]
1738.597: [GC 1738.598: [ParNew: 1887487K->209664K(1887488K), 0.6222920 secs] 15156739K->13744414K(20761856K), 0.6225760 secs] [Times: user=8.29 sys=0.01, real=0.63 secs] 
1742.673: [GC 1742.673: [ParNew: 1887488K->209664K(1887488K), 0.7266460 secs] 14238467K->12993191K(20761856K), 0.7269450 secs] [Times: user=9.83 sys=0.02, real=0.72 secs] 
1745.597: [GC 1745.598: [ParNew: 1887488K->209664K(1887488K), 0.9328720 secs] 13686962K->12542113K(20761856K), 0.9331930 secs] [Times: user=11.00 sys=0.04, real=0.93 secs] 
1751.278: [GC 1751.278: [ParNew: 1887488K->209664K(1887488K), 0.5213410 secs] 12004976K->10564844K(20761856K), 0.5216420 secs] [Times: user=5.95 sys=0.03, real=0.52 secs] 
1756.006: [CMS-concurrent-sweep: 17.124/19.980 secs] [Times: user=89.98 sys=0.83, real=19.98 secs] 
1756.006: [CMS-concurrent-reset-start]
1756.048: [CMS-concurrent-reset: 0.041/0.041 secs] [Times: user=0.08 sys=0.00, real=0.04 secs] 
1756.508: [GC 1756.508: [ParNew: 1887488K->209664K(1887488K), 0.5088270 secs] 10070446K->8642412K(20761856K), 0.5091600 secs] [Times: user=5.91 sys=0.01, real=0.51 secs] 
1762.467: [GC 1762.467: [ParNew: 1887488K->209664K(1887488K), 0.7529660 secs] 10320236K->9035563K(20761856K), 0.7532650 secs] [Times: user=9.06 sys=0.02, real=0.75 secs] 
1768.534: [GC 1768.534: [ParNew: 1887488K->209664K(1887488K), 0.8433870 secs] 10713387K->9508259K(20761856K), 0.8436590 secs] [Times: user=10.38 sys=0.03, real=0.85 secs] 
1774.369: [GC 1774.369: [ParNew: 1887488K->209664K(1887488K), 0.7115440 secs] 11186083K->9877250K(20761856K), 0.7118380 secs] [Times: user=8.47 sys=0.02, real=0.71 secs] 
1778.904: [GC 1778.904: [ParNew: 1887488K->209334K(1887488K), 0.2928240 secs] 11555074K->10072863K(20761856K), 0.2931180 secs] [Times: user=3.34 sys=0.01, real=0.30 secs] 
1784.567: [GC 1784.567: [ParNew: 1887158K->209664K(1887488K), 0.6728150 secs] 11750687K->10382305K(20761856K), 0.6731120 secs] [Times: user=8.34 sys=0.01, real=0.67 secs] 
1787.964: [GC 1787.964: [ParNew: 1887488K->209664K(1887488K), 0.9246490 secs] 12060129K->10890477K(20761856K), 0.9249580 secs] [Times: user=11.12 sys=0.02, real=0.93 secs] 
1790.071: [GC 1790.071: [ParNew: 1870464K->209664K(1887488K), 0.6321450 secs] 12551278K->11216304K(20761856K), 0.6324330 secs] [Times: user=7.49 sys=0.04, real=0.63 secs] 
1792.087: [GC 1792.087: [ParNew: 1887488K->209664K(1887488K), 1.0415180 secs] 12894128K->11753093K(20761856K), 1.0418110 secs] [Times: user=12.44 sys=0.02, real=1.04 secs] 
1795.192: [GC 1795.192: [ParNew: 1887488K->209664K(1887488K), 0.9945880 secs] 13430917K->12303957K(20761856K), 0.9948740 secs] [Times: user=12.48 sys=0.04, real=0.99 secs] 
1800.147: [GC 1800.147: [ParNew: 1887488K->209664K(1887488K), 0.8675900 secs] 13981781K->12761140K(20761856K), 0.8679130 secs] [Times: user=10.53 sys=0.03, real=0.87 secs] 
1804.131: [GC 1804.131: [ParNew: 1887488K->209664K(1887488K), 0.9323120 secs] 14438964K->13295541K(20761856K), 0.9326280 secs] [Times: user=11.59 sys=0.03, real=0.93 secs] 
1808.731: [GC 1808.731: [ParNew: 1887488K->209664K(1887488K), 0.6762840 secs] 14973365K->13710636K(20761856K), 0.6765580 secs] [Times: user=8.76 sys=0.03, real=0.67 secs] 
1809.409: [GC [1 CMS-initial-mark: 13500972K(18874368K)] 13710682K(20761856K), 0.3482460 secs] [Times: user=0.35 sys=0.00, real=0.35 secs] 
1809.758: [CMS-concurrent-mark-start]
1811.627: [CMS-concurrent-mark: 1.867/1.869 secs] [Times: user=11.83 sys=0.29, real=1.87 secs] 
1811.627: [CMS-concurrent-preclean-start]
1811.821: [CMS-concurrent-preclean: 0.193/0.194 secs] [Times: user=0.37 sys=0.04, real=0.20 secs] 
1811.821: [CMS-concurrent-abortable-preclean-start]
1813.267: [GC 1813.267: [ParNew: 1887488K->209664K(1887488K), 0.7249870 secs] 15388460K->14187800K(20761856K), 0.7252930 secs] [Times: user=9.40 sys=0.03, real=0.72 secs] 
1815.502: [GC 1815.502: [ParNew: 1887488K->209662K(1887488K), 0.9543980 secs] 15865624K->14775095K(20761856K), 0.9546770 secs] [Times: user=11.70 sys=0.03, real=0.96 secs] 
 CMS: abort preclean due to time 1817.795: [CMS-concurrent-abortable-preclean: 4.238/5.974 secs] [Times: user=44.51 sys=0.28, real=5.97 secs] 
1817.797: [GC[YG occupancy: 1671364 K (1887488 K)]1817.797: [GC 1817.797: [ParNew: 1671364K->209664K(1887488K), 0.7983380 secs] 16236797K->15238626K(20761856K), 0.7986200 secs] [Times: user=10.21 sys=0.03, real=0.80 secs] 
1818.595: [Rescan (parallel) , 0.1742680 secs]1818.770: [weak refs processing, 0.5867540 secs]1819.357: [class unloading, 0.0337530 secs]1819.390: [scrub symbol & string tables, 0.0069340 secs] [1 CMS-remark: 15028962K(18874368K)] 15238626K(20761856K), 1.6957320 secs] [Times: user=14.04 sys=0.03, real=1.69 secs] 
1819.493: [CMS-concurrent-sweep-start]
1821.800: [GC 1821.801: [ParNew: 1887488K->209664K(1887488K), 0.8003060 secs] 15607743K->14383042K(20761856K), 0.8005810 secs] [Times: user=9.45 sys=0.05, real=0.80 secs] 
1824.466: [GC 1824.466: [ParNew: 1887488K->209664K(1887488K), 0.8685360 secs] 15392636K->14244354K(20761856K), 0.8688310 secs] [Times: user=10.92 sys=0.04, real=0.87 secs] 
1826.934: [GC 1826.934: [ParNew: 1887488K->209664K(1887488K), 1.0255080 secs] 15494821K->14402424K(20761856K), 1.0258100 secs] [Times: user=12.39 sys=0.05, real=1.03 secs] 
1829.751: [GC 1829.752: [ParNew: 1887488K->209664K(1887488K), 0.9323780 secs] 15353931K->14216982K(20761856K), 0.9326350 secs] [Times: user=11.56 sys=0.06, real=0.93 secs] 
1831.915: [GC 1831.915: [ParNew: 1887488K->209664K(1887488K), 0.9662190 secs] 15415416K->14283085K(20761856K), 0.9664580 secs] [Times: user=11.43 sys=0.05, real=0.96 secs] 
1834.142: [GC 1834.142: [ParNew: 1887488K->209664K(1887488K), 0.9899330 secs] 15450892K->14291744K(20761856K), 0.9901880 secs] [Times: user=11.14 sys=0.04, real=0.99 secs] 
1836.526: [GC 1836.526: [ParNew: 1887488K->209664K(1887488K), 0.9726890 secs] 15257867K->14137812K(20761856K), 0.9729460 secs] [Times: user=11.51 sys=0.04, real=0.97 secs] 
1838.908: [GC 1838.908: [ParNew: 1887488K->209664K(1887488K), 0.8591400 secs] 15074151K->13901618K(20761856K), 0.8593980 secs] [Times: user=10.53 sys=0.03, real=0.86 secs] 
1842.428: [GC 1842.428: [ParNew: 1887488K->209662K(1887488K), 0.6550720 secs] 13623771K->12298031K(20761856K), 0.6553170 secs] [Times: user=7.97 sys=0.05, real=0.65 secs] 
1846.496: [GC 1846.496: [ParNew: 1887486K->209664K(1887488K), 0.5642970 secs] 12351624K->11004892K(20761856K), 0.5645750 secs] [Times: user=7.47 sys=0.02, real=0.57 secs] 
1848.215: [CMS-concurrent-sweep: 20.030/28.722 secs] [Times: user=237.23 sys=1.62, real=28.71 secs] 
1848.215: [CMS-concurrent-reset-start]
1848.262: [CMS-concurrent-reset: 0.047/0.047 secs] [Times: user=0.19 sys=0.00, real=0.05 secs] 
1849.627: [GC 1849.627: [ParNew: 1887488K->209662K(1887488K), 0.9106130 secs] 12312484K->11157049K(20761856K), 0.9109000 secs] [Times: user=11.23 sys=0.02, real=0.92 secs] 
1853.926: [GC 1853.926: [ParNew: 1887486K->209664K(1887488K), 0.7230620 secs] 12834873K->11584892K(20761856K), 0.7233710 secs] [Times: user=9.20 sys=0.02, real=0.73 secs] 
1857.059: [GC 1857.059: [ParNew: 1887488K->209664K(1887488K), 0.9110260 secs] 13262716K->12132784K(20761856K), 0.9112990 secs] [Times: user=11.62 sys=0.02, real=0.91 secs] 
1861.781: [GC 1861.782: [ParNew: 1887488K->209664K(1887488K), 0.5728480 secs] 13810608K->12393700K(20761856K), 0.5731590 secs] [Times: user=6.59 sys=0.02, real=0.57 secs] 
1867.034: [GC 1867.035: [ParNew: 1887488K->209664K(1887488K), 0.4962420 secs] 14071524K->12634064K(20761856K), 0.4965360 secs] [Times: user=5.86 sys=0.01, real=0.50 secs] 
1872.349: [GC 1872.349: [ParNew: 1887488K->209664K(1887488K), 0.6850830 secs] 14311888K->13001045K(20761856K), 0.6854010 secs] [Times: user=8.28 sys=0.03, real=0.69 secs] 
1878.027: [GC 1878.028: [ParNew: 1887488K->209664K(1887488K), 0.8222690 secs] 14678869K->13477761K(20761856K), 0.8225620 secs] [Times: user=10.43 sys=0.02, real=0.82 secs] 
1878.852: [GC [1 CMS-initial-mark: 13268097K(18874368K)] 13477781K(20761856K), 0.6047540 secs] [Times: user=0.61 sys=0.00, real=0.61 secs] 
1879.457: [CMS-concurrent-mark-start]
1880.842: [CMS-concurrent-mark: 1.386/1.386 secs] [Times: user=8.75 sys=0.01, real=1.39 secs] 
1880.843: [CMS-concurrent-preclean-start]
1880.954: [CMS-concurrent-preclean: 0.110/0.111 secs] [Times: user=0.22 sys=0.01, real=0.11 secs] 
1880.954: [CMS-concurrent-abortable-preclean-start]
1884.121: [GC 1884.121: [ParNew: 1887488K->209664K(1887488K), 0.7629020 secs] 15155585K->13931684K(20761856K), 0.7631640 secs] [Times: user=9.88 sys=0.03, real=0.77 secs] 
 CMS: abort preclean due to time 1886.221: [CMS-concurrent-abortable-preclean: 4.489/5.267 secs] [Times: user=19.34 sys=0.11, real=5.26 secs] 
1886.222: [GC[YG occupancy: 784539 K (1887488 K)]1886.222: [GC 1886.222: [ParNew: 784539K->209514K(1887488K), 0.2348530 secs] 14506559K->14129801K(20761856K), 0.2351140 secs] [Times: user=2.91 sys=0.02, real=0.24 secs] 
1886.457: [Rescan (parallel) , 0.0582500 secs]1886.516: [weak refs processing, 0.1139940 secs]1886.630: [class unloading, 0.0339430 secs]1886.664: [scrub symbol & string tables, 0.0069560 secs] [1 CMS-remark: 13920287K(18874368K)] 14129801K(20761856K), 0.5262710 secs] [Times: user=4.16 sys=0.02, real=0.53 secs] 
1886.749: [CMS-concurrent-sweep-start]
1890.732: [GC 1890.732: [ParNew: 1887338K->95428K(1887488K), 0.0954770 secs] 13374147K->11582237K(20761856K), 0.0957290 secs] [Times: user=1.28 sys=0.00, real=0.10 secs] 
1896.520: [GC 1896.520: [ParNew: 1773252K->209664K(1887488K), 0.6737080 secs] 9403521K->8199363K(20761856K), 0.6739540 secs] [Times: user=9.22 sys=0.01, real=0.67 secs] 
1898.567: [GC 1898.568: [ParNew: 1887488K->209664K(1887488K), 0.6291090 secs] 9071903K->7762148K(20761856K), 0.6293680 secs] [Times: user=8.20 sys=0.02, real=0.63 secs] 
1901.029: [GC 1901.029: [ParNew: 1887488K->209664K(1887488K), 0.7534410 secs] 8291904K->7024285K(20761856K), 0.7536990 secs] [Times: user=9.17 sys=0.03, real=0.75 secs] 
1902.770: [GC 1902.770: [ParNew: 1887488K->209664K(1887488K), 0.7463280 secs] 8288234K->7008923K(20761856K), 0.7465830 secs] [Times: user=9.20 sys=0.02, real=0.75 secs] 
1905.368: [GC 1905.368: [ParNew: 1887488K->209664K(1887488K), 1.0050790 secs] 8039495K->6941545K(20761856K), 1.0053380 secs] [Times: user=12.82 sys=0.03, real=1.00 secs] 
1909.297: [CMS-concurrent-sweep: 18.591/22.548 secs] [Times: user=126.67 sys=1.24, real=22.55 secs] 
1909.297: [CMS-concurrent-reset-start]
1909.308: [GC 1909.308: [ParNew: 1887488K->209664K(1887488K), 0.8890970 secs] 7344299K->6170761K(20761856K), 0.9308000 secs] [Times: user=11.02 sys=0.03, real=0.93 secs] 
1910.323: [CMS-concurrent-reset: 0.094/1.026 secs] [Times: user=11.97 sys=0.03, real=1.02 secs] 
1914.277: [GC 1914.277: [ParNew: 1887488K->209664K(1887488K), 0.5419090 secs] 7848585K->6429595K(20761856K), 0.5422050 secs] [Times: user=6.33 sys=0.00, real=0.55 secs] 
1919.159: [GC 1919.159: [ParNew: 1887488K->209664K(1887488K), 0.3345150 secs] 8107419K->6622609K(20761856K), 0.3347790 secs] [Times: user=4.17 sys=0.02, real=0.33 secs] 
1922.686: [GC 1922.686: [ParNew: 1887488K->195446K(1887488K), 0.2400560 secs] 8300433K->6743615K(20761856K), 0.2403010 secs] [Times: user=2.88 sys=0.01, real=0.24 secs] 
1925.737: [GC 1925.738: [ParNew: 1873270K->209664K(1887488K), 0.1460290 secs] 8421439K->6762860K(20761856K), 0.1462910 secs] [Times: user=2.29 sys=0.01, real=0.15 secs] 
1929.237: [GC 1929.237: [ParNew: 1887488K->209664K(1887488K), 0.2771920 secs] 8440684K->6881059K(20761856K), 0.2774740 secs] [Times: user=3.52 sys=0.01, real=0.28 secs] 
1932.519: [GC 1932.519: [ParNew: 1887488K->209664K(1887488K), 0.2505450 secs] 8558883K->6992865K(20761856K), 0.2507840 secs] [Times: user=3.36 sys=0.02, real=0.25 secs] 
1935.621: [GC 1935.621: [ParNew: 1887488K->209664K(1887488K), 0.2644780 secs] 8670689K->7099596K(20761856K), 0.2647300 secs] [Times: user=3.48 sys=0.01, real=0.26 secs] 
1939.594: [GC 1939.594: [ParNew: 1887488K->209664K(1887488K), 0.2598640 secs] 8777420K->7216944K(20761856K), 0.2600950 secs] [Times: user=3.57 sys=0.02, real=0.26 secs] 
1943.643: [GC 1943.643: [ParNew: 1887488K->209664K(1887488K), 0.6746390 secs] 8894768K->7558338K(20761856K), 0.6749600 secs] [Times: user=8.41 sys=0.01, real=0.67 secs] 
1947.293: [GC 1947.293: [ParNew: 1887488K->209664K(1887488K), 0.8092630 secs] 9236162K->8027850K(20761856K), 0.8095570 secs] [Times: user=10.23 sys=0.01, real=0.81 secs] 
1952.850: [GC 1952.850: [ParNew: 1887488K->209664K(1887488K), 0.6543580 secs] 9705674K->8460314K(20761856K), 0.6546670 secs] [Times: user=8.57 sys=0.03, real=0.66 secs] 
1955.744: [GC 1955.744: [ParNew: 1887488K->209664K(1887488K), 0.8696880 secs] 10138138K->9000965K(20761856K), 0.8699790 secs] [Times: user=11.04 sys=0.02, real=0.87 secs] 
1958.103: [GC 1958.104: [ParNew: 1887488K->209664K(1887488K), 0.9187420 secs] 10678789K->9558191K(20761856K), 0.9190380 secs] [Times: user=11.79 sys=0.03, real=0.92 secs] 
1960.589: [GC 1960.589: [ParNew: 1887488K->209664K(1887488K), 0.9591380 secs] 11236015K->10135407K(20761856K), 0.9594460 secs] [Times: user=12.50 sys=0.03, real=0.96 secs] 
1964.005: [GC 1964.005: [ParNew: 1887488K->209664K(1887488K), 0.8259140 secs] 11813231K->10574603K(20761856K), 0.8262150 secs] [Times: user=9.88 sys=0.02, real=0.83 secs] 
1966.695: [GC 1966.695: [ParNew: 1887488K->209664K(1887488K), 0.8943690 secs] 12252427K->11107413K(20761856K), 0.8946800 secs] [Times: user=11.74 sys=0.02, real=0.90 secs] 
1969.425: [GC 1969.425: [ParNew: 1887488K->209662K(1887488K), 0.9890380 secs] 12785237K->11660313K(20761856K), 0.9893250 secs] [Times: user=12.38 sys=0.02, real=0.99 secs] 
1971.611: [GC 1971.611: [ParNew: 1887486K->209664K(1887488K), 1.0028550 secs] 13338137K->12217748K(20761856K), 1.0031280 secs] [Times: user=12.21 sys=0.03, real=1.00 secs] 
1973.884: [GC 1973.884: [ParNew: 1887488K->209664K(1887488K), 0.9370720 secs] 13895572K->12724317K(20761856K), 0.9373450 secs] [Times: user=11.41 sys=0.03, real=0.94 secs] 
1976.076: [GC 1976.076: [ParNew: 1887488K->209662K(1887488K), 0.9574410 secs] 14402141K->13243189K(20761856K), 0.9577130 secs] [Times: user=11.72 sys=0.02, real=0.96 secs] 
1978.421: [GC 1978.421: [ParNew: 1887486K->209664K(1887488K), 1.0152150 secs] 14921013K->13765239K(20761856K), 1.0155110 secs] [Times: user=11.88 sys=0.02, real=1.01 secs] 
1979.438: [GC [1 CMS-initial-mark: 13555575K(18874368K)] 13765522K(20761856K), 0.5593640 secs] [Times: user=0.56 sys=0.00, real=0.56 secs] 
1979.998: [CMS-concurrent-mark-start]
1980.396: [GC 1980.396: [ParNew: 657503K->209664K(1887488K), 0.3885020 secs] 14213079K->13969237K(20761856K), 0.3887680 secs] [Times: user=4.40 sys=0.02, real=0.39 secs] 
1983.188: [CMS-concurrent-mark: 2.790/3.190 secs] [Times: user=22.33 sys=0.04, real=3.19 secs] 
1983.188: [CMS-concurrent-preclean-start]
1984.296: [CMS-concurrent-preclean: 1.093/1.108 secs] [Times: user=1.11 sys=0.00, real=1.10 secs] 
1984.296: [CMS-concurrent-abortable-preclean-start]
 CMS: abort preclean due to time 1990.516: [CMS-concurrent-abortable-preclean: 6.220/6.220 secs] [Times: user=6.23 sys=0.00, real=6.22 secs] 
1990.517: [GC[YG occupancy: 228349 K (1887488 K)]1990.517: [GC 1990.517: [ParNew: 228349K->52066K(1887488K), 0.1084800 secs] 13987923K->13907140K(20761856K), 0.1086890 secs] [Times: user=1.45 sys=0.01, real=0.11 secs] 
1990.626: [Rescan (parallel) , 0.0348280 secs]1990.660: [weak refs processing, 0.3036400 secs]1990.964: [class unloading, 0.0572360 secs]1991.021: [scrub symbol & string tables, 0.0092300 secs] [1 CMS-remark: 13855073K(18874368K)] 13907140K(20761856K), 0.7594780 secs] [Times: user=2.67 sys=0.01, real=0.76 secs] 
1991.277: [CMS-concurrent-sweep-start]
2007.322: [CMS-concurrent-sweep: 16.040/16.045 secs] [Times: user=21.34 sys=0.03, real=16.05 secs] 
2007.322: [CMS-concurrent-reset-start]
2007.366: [CMS-concurrent-reset: 0.044/0.044 secs] [Times: user=0.04 sys=0.00, real=0.04 secs] 
2007.368: [GC [1 CMS-initial-mark: 4972611K(18874368K)] 5110056K(20761856K), 0.2049220 secs] [Times: user=0.20 sys=0.00, real=0.21 secs] 
2007.573: [CMS-concurrent-mark-start]
2008.843: [CMS-concurrent-mark: 1.270/1.270 secs] [Times: user=6.35 sys=0.00, real=1.27 secs] 
2008.843: [CMS-concurrent-preclean-start]
2009.221: [CMS-concurrent-preclean: 0.356/0.378 secs] [Times: user=0.38 sys=0.00, real=0.37 secs] 
2009.221: [CMS-concurrent-abortable-preclean-start]
 CMS: abort preclean due to time 2014.374: [CMS-concurrent-abortable-preclean: 2.193/5.153 secs] [Times: user=2.20 sys=0.00, real=5.16 secs] 
2014.376: [GC[YG occupancy: 139199 K (1887488 K)]2014.376: [GC 2014.376: [ParNew: 139199K->15621K(1887488K), 0.0832440 secs] 5111810K->4988233K(20761856K), 0.0834890 secs] [Times: user=1.43 sys=0.00, real=0.08 secs] 
2014.459: [Rescan (parallel) , 0.0463480 secs]2014.506: [weak refs processing, 0.0442640 secs]2014.550: [class unloading, 0.0555030 secs]2014.606: [scrub symbol & string tables, 0.0090600 secs] [1 CMS-remark: 4972611K(18874368K)] 4988233K(20761856K), 0.2681520 secs] [Times: user=2.39 sys=0.01, real=0.27 secs] 
2014.645: [CMS-concurrent-sweep-start]
2060.321: [CMS-concurrent-sweep: 45.664/45.676 secs] [Times: user=46.36 sys=0.04, real=45.67 secs] 
2060.321: [CMS-concurrent-reset-start]
2060.363: [CMS-concurrent-reset: 0.042/0.042 secs] [Times: user=0.04 sys=0.00, real=0.04 secs] 
2095.461: [GC 2095.461: [ParNew: 1693445K->60532K(1887488K), 0.0429750 secs] 4188447K->2555533K(20761856K), 0.0433400 secs] [Times: user=0.77 sys=0.00, real=0.04 secs] 
2099.199: [GC 2099.200: [ParNew: 1738356K->63479K(1887488K), 0.0369530 secs] 4233357K->2558481K(20761856K), 0.0372520 secs] [Times: user=0.62 sys=0.00, real=0.04 secs] 
2103.134: [GC 2103.134: [ParNew: 1741303K->80027K(1887488K), 0.0444540 secs] 4236305K->2575029K(20761856K), 0.0447490 secs] [Times: user=0.76 sys=0.00, real=0.05 secs] 
2122.009: [GC 2122.009: [ParNew: 1757851K->156510K(1887488K), 0.1046670 secs] 4252853K->2651515K(20761856K), 0.1049760 secs] [Times: user=1.59 sys=0.00, real=0.11 secs] 
2140.007: [GC 2140.007: [ParNew: 1834334K->209664K(1887488K), 0.1862750 secs] 4329339K->2756967K(20761856K), 0.1865880 secs] [Times: user=2.58 sys=0.00, real=0.19 secs] 
2145.351: [GC 2145.351: [ParNew: 1887488K->165934K(1887488K), 0.2224440 secs] 4434791K->2883621K(20761856K), 0.2226950 secs] [Times: user=2.40 sys=0.06, real=0.23 secs] 
2148.558: [GC 2148.559: [ParNew: 1843758K->177655K(1887488K), 0.1004940 secs] 4561445K->2895342K(20761856K), 0.1008640 secs] [Times: user=1.77 sys=0.00, real=0.10 secs] 
2150.038: [GC 2150.039: [ParNew: 1855479K->164133K(1887488K), 0.1381660 secs] 4573166K->2938241K(20761856K), 0.1384800 secs] [Times: user=1.74 sys=0.00, real=0.14 secs] 
2152.043: [GC 2152.043: [ParNew: 1841957K->178673K(1887488K), 0.0766100 secs] 4616065K->2952781K(20761856K), 0.0769350 secs] [Times: user=1.34 sys=0.00, real=0.08 secs] 
2154.281: [GC 2154.281: [ParNew: 1856497K->125372K(1887488K), 0.1163250 secs] 4630605K->2999725K(20761856K), 0.1166330 secs] [Times: user=1.56 sys=0.00, real=0.12 secs] 
2154.983: [GC 2154.984: [ParNew: 1803196K->50579K(1887488K), 0.0331380 secs] 4677549K->2924931K(20761856K), 0.0334110 secs] [Times: user=0.56 sys=0.00, real=0.04 secs] 
2156.767: [GC 2156.768: [ParNew: 1728403K->99796K(1887488K), 0.0730290 secs] 4602755K->2977037K(20761856K), 0.0733360 secs] [Times: user=1.21 sys=0.00, real=0.07 secs] 
2159.904: [GC 2159.904: [ParNew: 1777620K->148247K(1887488K), 0.1145090 secs] 4654861K->3043780K(20761856K), 0.1148040 secs] [Times: user=1.64 sys=0.00, real=0.12 secs] 
2160.873: [GC 2160.873: [ParNew: 1826071K->126175K(1887488K), 0.0833620 secs] 4721604K->3033442K(20761856K), 0.0836440 secs] [Times: user=1.33 sys=0.00, real=0.09 secs] 
2161.691: [GC 2161.691: [ParNew: 1803999K->136767K(1887488K), 0.0663410 secs] 4711266K->3044034K(20761856K), 0.0666050 secs] [Times: user=1.14 sys=0.00, real=0.07 secs] 
2162.282: [GC 2162.282: [ParNew: 1814591K->109486K(1887488K), 0.0969810 secs] 4721858K->3066540K(20761856K), 0.0972160 secs] [Times: user=1.18 sys=0.01, real=0.10 secs] 
2163.133: [GC 2163.134: [ParNew: 1787310K->44570K(1887488K), 0.0846600 secs] 4744364K->3044746K(20761856K), 0.0849110 secs] [Times: user=1.03 sys=0.00, real=0.09 secs] 
2165.914: [GC 2165.914: [ParNew: 1722394K->72596K(1887488K), 0.0811550 secs] 4722570K->3072772K(20761856K), 0.0814510 secs] [Times: user=1.10 sys=0.00, real=0.08 secs] 
2169.827: [GC 2169.827: [ParNew: 1750420K->123351K(1887488K), 0.1032220 secs] 4750596K->3123529K(20761856K), 0.1035180 secs] [Times: user=1.48 sys=0.00, real=0.11 secs] 
2170.941: [GC 2170.941: [ParNew: 1801175K->130177K(1887488K), 0.0817570 secs] 4801353K->3130355K(20761856K), 0.0820740 secs] [Times: user=1.34 sys=0.00, real=0.08 secs] 
2172.625: [GC 2172.625: [ParNew: 1808001K->134883K(1887488K), 0.1014520 secs] 4808179K->3153768K(20761856K), 0.1017720 secs] [Times: user=1.60 sys=0.00, real=0.10 secs] 
2174.490: [GC 2174.490: [ParNew: 1812707K->100884K(1887488K), 0.0986570 secs] 4831592K->3157516K(20761856K), 0.0989760 secs] [Times: user=1.41 sys=0.00, real=0.10 secs] 
2175.145: [GC 2175.145: [ParNew: 1778708K->72181K(1887488K), 0.0707610 secs] 4835340K->3164592K(20761856K), 0.0710500 secs] [Times: user=1.00 sys=0.00, real=0.07 secs] 
2177.946: [GC 2177.946: [ParNew: 1750005K->94980K(1887488K), 0.0761900 secs] 4842416K->3190395K(20761856K), 0.0764930 secs] [Times: user=1.23 sys=0.00, real=0.08 secs] 
2180.120: [GC 2180.120: [ParNew: 1772804K->113736K(1887488K), 0.0854680 secs] 4868219K->3222931K(20761856K), 0.0857750 secs] [Times: user=1.27 sys=0.00, real=0.08 secs] 
2180.964: [GC 2180.965: [ParNew: 1791560K->107604K(1887488K), 0.0639880 secs] 4900755K->3225315K(20761856K), 0.0642170 secs] [Times: user=1.04 sys=0.00, real=0.06 secs] 
2181.539: [GC 2181.539: [ParNew: 1785428K->106725K(1887488K), 0.0564080 secs] 4903139K->3224439K(20761856K), 0.0566490 secs] [Times: user=0.96 sys=0.01, real=0.06 secs] 
2182.178: [GC 2182.178: [ParNew: 1784549K->76230K(1887488K), 0.1072780 secs] 4902263K->3253317K(20761856K), 0.1075440 secs] [Times: user=1.13 sys=0.01, real=0.11 secs] 
2184.429: [GC 2184.430: [ParNew: 1754054K->26093K(1887488K), 0.0459380 secs] 4931141K->3218349K(20761856K), 0.0461870 secs] [Times: user=0.65 sys=0.00, real=0.04 secs] 
2188.109: [GC 2188.109: [ParNew: 1703917K->49448K(1887488K), 0.0543550 secs] 4896173K->3241705K(20761856K), 0.0546170 secs] [Times: user=0.80 sys=0.00, real=0.06 secs] 
2189.116: [GC 2189.117: [ParNew: 1727272K->56336K(1887488K), 0.0463900 secs] 4919529K->3248594K(20761856K), 0.0467050 secs] [Times: user=0.78 sys=0.00, real=0.05 secs] 
2190.472: [GC 2190.472: [ParNew: 1734160K->82879K(1887488K), 0.0480500 secs] 4926418K->3275142K(20761856K), 0.0483550 secs] [Times: user=0.83 sys=0.01, real=0.05 secs] 
2192.692: [GC 2192.693: [ParNew: 1760703K->81416K(1887488K), 0.0653530 secs] 4952966K->3285277K(20761856K), 0.0657020 secs] [Times: user=1.00 sys=0.01, real=0.06 secs] 
2193.349: [GC 2193.349: [ParNew: 1759240K->60084K(1887488K), 0.0587070 secs] 4963101K->3291807K(20761856K), 0.0589690 secs] [Times: user=0.82 sys=0.00, real=0.06 secs] 
2195.331: [GC 2195.331: [ParNew: 1737908K->84006K(1887488K), 0.0673600 secs] 4969631K->3318155K(20761856K), 0.0676640 secs] [Times: user=1.11 sys=0.00, real=0.07 secs] 
2197.992: [GC 2197.992: [ParNew: 1761830K->118422K(1887488K), 0.0807920 secs] 4995979K->3360719K(20761856K), 0.0810880 secs] [Times: user=1.24 sys=0.00, real=0.08 secs] 
2198.891: [GC 2198.891: [ParNew: 1796246K->122281K(1887488K), 0.0727180 secs] 5038543K->3379839K(20761856K), 0.0729600 secs] [Times: user=1.10 sys=0.00, real=0.08 secs] 
2199.539: [GC 2199.539: [ParNew: 1800105K->92256K(1887488K), 0.0546740 secs] 5057663K->3349823K(20761856K), 0.0549130 secs] [Times: user=0.94 sys=0.00, real=0.06 secs] 
2200.177: [GC 2200.177: [ParNew: 1770080K->69896K(1887488K), 0.0852980 secs] 5027647K->3375219K(20761856K), 0.0855400 secs] [Times: user=1.01 sys=0.00, real=0.09 secs] 
2201.977: [GC 2201.977: [ParNew: 1747720K->24212K(1887488K), 0.0535980 secs] 5053043K->3352930K(20761856K), 0.0539000 secs] [Times: user=0.63 sys=0.01, real=0.05 secs] 
2206.267: [GC 2206.267: [ParNew: 1702036K->29192K(1887488K), 0.0434080 secs] 5030754K->3357918K(20761856K), 0.0437090 secs] [Times: user=0.67 sys=0.00, real=0.04 secs] 
2207.711: [GC 2207.711: [ParNew: 1707016K->55171K(1887488K), 0.0531210 secs] 5035742K->3383899K(20761856K), 0.0534370 secs] [Times: user=0.81 sys=0.00, real=0.06 secs] 
2209.243: [GC 2209.243: [ParNew: 1732995K->73658K(1887488K), 0.0514800 secs] 5061723K->3402386K(20761856K), 0.0517920 secs] [Times: user=0.90 sys=0.00, real=0.05 secs] 
2211.097: [GC 2211.097: [ParNew: 1751482K->83614K(1887488K), 0.0578650 secs] 5080210K->3415382K(20761856K), 0.0582520 secs] [Times: user=0.96 sys=0.00, real=0.06 secs] 
2212.049: [GC 2212.050: [ParNew: 1761438K->67191K(1887488K), 0.0698250 secs] 5093206K->3420858K(20761856K), 0.0701860 secs] [Times: user=0.96 sys=0.01, real=0.07 secs] 
2213.519: [GC 2213.519: [ParNew: 1745015K->58744K(1887488K), 0.0617790 secs] 5098682K->3428995K(20761856K), 0.0620750 secs] [Times: user=0.90 sys=0.00, real=0.06 secs] 
2216.353: [GC 2216.353: [ParNew: 1736568K->112189K(1887488K), 0.0879710 secs] 5106819K->3494512K(20761856K), 0.0883030 secs] [Times: user=1.29 sys=0.00, real=0.09 secs] 
2217.114: [GC 2217.114: [ParNew: 1790013K->114514K(1887488K), 0.0730300 secs] 5172336K->3506490K(20761856K), 0.0733520 secs] [Times: user=1.12 sys=0.00, real=0.08 secs] 
2217.908: [GC 2217.909: [ParNew: 1792338K->111132K(1887488K), 0.0577900 secs] 5184314K->3504914K(20761856K), 0.0580940 secs] [Times: user=0.97 sys=0.00, real=0.06 secs] 
2218.508: [GC 2218.508: [ParNew: 1788956K->88583K(1887488K), 0.0716750 secs] 5182738K->3502482K(20761856K), 0.0719790 secs] [Times: user=1.00 sys=0.00, real=0.07 secs] 
2219.601: [GC 2219.601: [ParNew: 1766407K->60987K(1887488K), 0.0963780 secs] 5180306K->3529301K(20761856K), 0.0967390 secs] [Times: user=1.00 sys=0.01, real=0.10 secs] 
2223.752: [GC 2223.752: [ParNew: 1738811K->31075K(1887488K), 0.0370400 secs] 5207125K->3499390K(20761856K), 0.0373570 secs] [Times: user=0.58 sys=0.00, real=0.04 secs] 
2225.849: [GC 2225.849: [ParNew: 1708899K->56016K(1887488K), 0.0622770 secs] 5177214K->3524350K(20761856K), 0.0626390 secs] [Times: user=0.90 sys=0.00, real=0.06 secs] 
2227.495: [GC 2227.495: [ParNew: 1733840K->72510K(1887488K), 0.0500710 secs] 5202174K->3540845K(20761856K), 0.0504120 secs] [Times: user=0.86 sys=0.00, real=0.05 secs] 
2229.086: [GC 2229.086: [ParNew: 1750334K->86681K(1887488K), 0.0560260 secs] 5218669K->3557127K(20761856K), 0.0563670 secs] [Times: user=0.94 sys=0.01, real=0.06 secs] 
2230.100: [GC 2230.100: [ParNew: 1764505K->77004K(1887488K), 0.0683280 secs] 5234951K->3566953K(20761856K), 0.0686800 secs] [Times: user=0.96 sys=0.01, real=0.07 secs] 
2230.739: [GC 2230.739: [ParNew: 1754828K->39166K(1887488K), 0.0567940 secs] 5244777K->3548799K(20761856K), 0.0570670 secs] [Times: user=0.77 sys=0.00, real=0.05 secs] 
2234.293: [GC 2234.293: [ParNew: 1716990K->100626K(1887488K), 0.0949500 secs] 5226623K->3620614K(20761856K), 0.0952970 secs] [Times: user=1.37 sys=0.00, real=0.10 secs] 
2235.178: [GC 2235.178: [ParNew: 1778450K->106857K(1887488K), 0.0758520 secs] 5298438K->3638298K(20761856K), 0.0761280 secs] [Times: user=1.13 sys=0.00, real=0.07 secs] 
2235.967: [GC 2235.967: [ParNew: 1784681K->105910K(1887488K), 0.0580750 secs] 5316122K->3639376K(20761856K), 0.0583520 secs] [Times: user=0.97 sys=0.01, real=0.06 secs] 
2236.602: [GC 2236.602: [ParNew: 1783734K->101212K(1887488K), 0.0562250 secs] 5317200K->3634679K(20761856K), 0.0564890 secs] [Times: user=0.95 sys=0.00, real=0.06 secs] 
2237.297: [GC 2237.297: [ParNew: 1779036K->54743K(1887488K), 0.1283710 secs] 5312503K->3664101K(20761856K), 0.1286400 secs] [Times: user=1.15 sys=0.03, real=0.12 secs] 
2240.385: [GC 2240.386: [ParNew: 1732567K->33129K(1887488K), 0.0395090 secs] 5341925K->3642855K(20761856K), 0.0398530 secs] [Times: user=0.58 sys=0.01, real=0.04 secs] 
2242.529: [GC 2242.530: [ParNew: 1710953K->56662K(1887488K), 0.0604760 secs] 5320679K->3666749K(20761856K), 0.0608290 secs] [Times: user=0.85 sys=0.01, real=0.06 secs] 
2243.868: [GC 2243.869: [ParNew: 1734486K->65370K(1887488K), 0.0439700 secs] 5344573K->3675464K(20761856K), 0.0443270 secs] [Times: user=0.73 sys=0.00, real=0.04 secs] 
2245.294: [GC 2245.294: [ParNew: 1743194K->83749K(1887488K), 0.0532470 secs] 5353288K->3693845K(20761856K), 0.0536060 secs] [Times: user=0.89 sys=0.00, real=0.05 secs] 
2246.991: [GC 2246.991: [ParNew: 1761573K->71136K(1887488K), 0.0793660 secs] 5371669K->3701591K(20761856K), 0.0797270 secs] [Times: user=1.07 sys=0.00, real=0.08 secs] 
2247.660: [GC 2247.660: [ParNew: 1748960K->52289K(1887488K), 0.0615870 secs] 5379415K->3705656K(20761856K), 0.0618730 secs] [Times: user=0.83 sys=0.00, real=0.06 secs] 
2250.533: [GC 2250.533: [ParNew: 1730113K->89747K(1887488K), 0.0745850 secs] 5383480K->3745455K(20761856K), 0.0749280 secs] [Times: user=1.18 sys=0.01, real=0.07 secs] 
2252.073: [GC 2252.073: [ParNew: 1767571K->114336K(1887488K), 0.0836610 secs] 5423279K->3784080K(20761856K), 0.0840000 secs] [Times: user=1.20 sys=0.00, real=0.08 secs] 
2252.827: [GC 2252.828: [ParNew: 1792160K->106739K(1887488K), 0.0667210 secs] 5461904K->3784832K(20761856K), 0.0670230 secs] [Times: user=1.03 sys=0.00, real=0.07 secs] 
2253.446: [GC 2253.447: [ParNew: 1784563K->101796K(1887488K), 0.0546380 secs] 5462656K->3779890K(20761856K), 0.0549020 secs] [Times: user=0.91 sys=0.00, real=0.06 secs] 
2254.039: [GC 2254.039: [ParNew: 1779620K->72792K(1887488K), 0.1010810 secs] 5457714K->3809138K(20761856K), 0.1013460 secs] [Times: user=1.04 sys=0.01, real=0.11 secs] 
2256.159: [GC 2256.160: [ParNew: 1750616K->25618K(1887488K), 0.0522510 secs] 5486962K->3774824K(20761856K), 0.0526120 secs] [Times: user=0.68 sys=0.00, real=0.06 secs] 
2259.505: [GC 2259.506: [ParNew: 1703442K->52892K(1887488K), 0.0602460 secs] 5452648K->3802098K(20761856K), 0.0605940 secs] [Times: user=0.84 sys=0.00, real=0.06 secs] 
2260.455: [GC 2260.455: [ParNew: 1730716K->57152K(1887488K), 0.0414420 secs] 5479922K->3806363K(20761856K), 0.0417960 secs] [Times: user=0.70 sys=0.00, real=0.04 secs] 
2261.988: [GC 2261.989: [ParNew: 1734976K->87082K(1887488K), 0.0525400 secs] 5484187K->3836293K(20761856K), 0.0528920 secs] [Times: user=0.90 sys=0.00, real=0.06 secs] 
2264.020: [GC 2264.020: [ParNew: 1764906K->75824K(1887488K), 0.0674280 secs] 5514117K->3838704K(20761856K), 0.0677720 secs] [Times: user=0.99 sys=0.00, real=0.07 secs] 
2264.795: [GC 2264.795: [ParNew: 1753648K->54725K(1887488K), 0.0585690 secs] 5516528K->3843679K(20761856K), 0.0588970 secs] [Times: user=0.80 sys=0.00, real=0.06 secs] 
2265.990: [GC 2265.990: [ParNew: 1732549K->72609K(1887488K), 0.0579590 secs] 5521503K->3863609K(20761856K), 0.0583120 secs] [Times: user=0.94 sys=0.00, real=0.06 secs] 
2268.861: [GC 2268.862: [ParNew: 1750433K->119213K(1887488K), 0.0886620 secs] 5541432K->3919279K(20761856K), 0.0890140 secs] [Times: user=1.31 sys=0.01, real=0.09 secs] 
2269.837: [GC 2269.837: [ParNew: 1797037K->117407K(1887488K), 0.0738000 secs] 5597103K->3930544K(20761856K), 0.0740750 secs] [Times: user=1.11 sys=0.00, real=0.07 secs] 
2270.457: [GC 2270.457: [ParNew: 1795231K->121007K(1887488K), 0.0568060 secs] 5608368K->3935539K(20761856K), 0.0570760 secs] [Times: user=0.95 sys=0.00, real=0.06 secs] 
2271.053: [GC 2271.053: [ParNew: 1798831K->76335K(1887488K), 0.0875390 secs] 5613363K->3928065K(20761856K), 0.0878060 secs] [Times: user=1.03 sys=0.00, real=0.08 secs] 
2272.117: [GC 2272.117: [ParNew: 1754159K->33572K(1887488K), 0.0793710 secs] 5605889K->3922505K(20761856K), 0.0797190 secs] [Times: user=0.86 sys=0.00, real=0.08 secs] 
2275.693: [GC 2275.693: [ParNew: 1711396K->30081K(1887488K), 0.0377280 secs] 5600329K->3919017K(20761856K), 0.0380670 secs] [Times: user=0.57 sys=0.00, real=0.04 secs] 
2277.487: [GC 2277.487: [ParNew: 1707905K->55417K(1887488K), 0.0624390 secs] 5596841K->3944352K(20761856K), 0.0627940 secs] [Times: user=0.90 sys=0.00, real=0.06 secs] 
2279.132: [GC 2279.132: [ParNew: 1733241K->83564K(1887488K), 0.0542690 secs] 5622176K->3972501K(20761856K), 0.0546840 secs] [Times: user=0.94 sys=0.00, real=0.06 secs] 
2280.482: [GC 2280.482: [ParNew: 1761388K->82024K(1887488K), 0.0566260 secs] 5650325K->3973062K(20761856K), 0.0569830 secs] [Times: user=0.95 sys=0.00, real=0.06 secs] 
2281.579: [GC 2281.579: [ParNew: 1759848K->68838K(1887488K), 0.0706140 secs] 5650886K->3979400K(20761856K), 0.0709920 secs] [Times: user=1.02 sys=0.02, real=0.07 secs] 
2282.229: [GC 2282.229: [ParNew: 1746662K->52786K(1887488K), 0.0554910 secs] 5657224K->3983139K(20761856K), 0.0557700 secs] [Times: user=0.74 sys=0.01, real=0.06 secs] 
2286.079: [GC 2286.080: [ParNew: 1730610K->94636K(1887488K), 0.0974010 secs] 5660963K->4038972K(20761856K), 0.0977320 secs] [Times: user=1.37 sys=0.00, real=0.10 secs] 
2287.064: [GC 2287.064: [ParNew: 1772460K->111222K(1887488K), 0.0695440 secs] 5716796K->4063188K(20761856K), 0.0698550 secs] [Times: user=1.09 sys=0.00, real=0.07 secs] 
2287.686: [GC 2287.686: [ParNew: 1789046K->107725K(1887488K), 0.0599300 secs] 5741012K->4061805K(20761856K), 0.0602020 secs] [Times: user=0.98 sys=0.00, real=0.06 secs] 
2288.279: [GC 2288.279: [ParNew: 1785549K->105048K(1887488K), 0.0551580 secs] 5739629K->4059129K(20761856K), 0.0554260 secs] [Times: user=0.94 sys=0.00, real=0.05 secs] 
2288.983: [GC 2288.983: [ParNew: 1782872K->75558K(1887488K), 0.1245840 secs] 5736953K->4100983K(20761856K), 0.1248460 secs] [Times: user=1.10 sys=0.01, real=0.13 secs] 
2291.897: [GC 2291.897: [ParNew: 1753382K->32245K(1887488K), 0.0462380 secs] 5778807K->4062644K(20761856K), 0.0465810 secs] [Times: user=0.63 sys=0.00, real=0.04 secs] 
2294.383: [GC 2294.384: [ParNew: 1710069K->59076K(1887488K), 0.0634630 secs] 5740468K->4089955K(20761856K), 0.0638130 secs] [Times: user=0.90 sys=0.00, real=0.07 secs] 
2295.466: [GC 2295.466: [ParNew: 1736900K->63507K(1887488K), 0.0453180 secs] 5767779K->4094392K(20761856K), 0.0456540 secs] [Times: user=0.77 sys=0.00, real=0.05 secs] 
2296.788: [GC 2296.788: [ParNew: 1741331K->81327K(1887488K), 0.0534920 secs] 5772216K->4112213K(20761856K), 0.0538530 secs] [Times: user=0.92 sys=0.00, real=0.05 secs] 
2298.847: [GC 2298.847: [ParNew: 1759151K->75569K(1887488K), 0.0797750 secs] 5790037K->4125624K(20761856K), 0.0801630 secs] [Times: user=1.12 sys=0.00, real=0.08 secs] 
2299.525: [GC 2299.525: [ParNew: 1753393K->53580K(1887488K), 0.0606980 secs] 5803448K->4127226K(20761856K), 0.0609710 secs] [Times: user=0.79 sys=0.00, real=0.06 secs] 
2301.321: [GC 2301.322: [ParNew: 1731404K->77781K(1887488K), 0.0633590 secs] 5805050K->4153955K(20761856K), 0.0637110 secs] [Times: user=1.03 sys=0.00, real=0.06 secs] 
2304.063: [GC 2304.063: [ParNew: 1755605K->111068K(1887488K), 0.0906520 secs] 5831779K->4196088K(20761856K), 0.0909890 secs] [Times: user=1.32 sys=0.00, real=0.09 secs] 
2304.944: [GC 2304.944: [ParNew: 1788892K->112576K(1887488K), 0.0746390 secs] 5873912K->4211266K(20761856K), 0.0749180 secs] [Times: user=1.10 sys=0.00, real=0.08 secs] 
2305.538: [GC 2305.538: [ParNew: 1790400K->114130K(1887488K), 0.0558950 secs] 5889090K->4212821K(20761856K), 0.0561670 secs] [Times: user=0.95 sys=0.00, real=0.05 secs] 
2306.118: [GC 2306.118: [ParNew: 1791954K->79152K(1887488K), 0.0902310 secs] 5890645K->4222062K(20761856K), 0.0905050 secs] [Times: user=1.01 sys=0.01, real=0.10 secs] 
2307.249: [GC 2307.249: [ParNew: 1756976K->26467K(1887488K), 0.0647700 secs] 5899886K->4198687K(20761856K), 0.0651000 secs] [Times: user=0.72 sys=0.01, real=0.06 secs] 
2310.926: [GC 2310.926: [ParNew: 1704291K->26142K(1887488K), 0.0423140 secs] 5876511K->4198363K(20761856K), 0.0426520 secs] [Times: user=0.64 sys=0.00, real=0.04 secs] 
2312.809: [GC 2312.809: [ParNew: 1703966K->54286K(1887488K), 0.0588460 secs] 5876187K->4226508K(20761856K), 0.0592220 secs] [Times: user=0.82 sys=0.00, real=0.06 secs] 
2314.257: [GC 2314.258: [ParNew: 1732110K->70476K(1887488K), 0.0473190 secs] 5904332K->4242698K(20761856K), 0.0476230 secs] [Times: user=0.83 sys=0.00, real=0.05 secs] 
2315.887: [GC 2315.887: [ParNew: 1748300K->77757K(1887488K), 0.0556620 secs] 5920522K->4252255K(20761856K), 0.0560290 secs] [Times: user=0.91 sys=0.00, real=0.06 secs] 
2317.096: [GC 2317.096: [ParNew: 1755581K->77709K(1887488K), 0.0727170 secs] 5930079K->4271332K(20761856K), 0.0730890 secs] [Times: user=0.97 sys=0.00, real=0.07 secs] 
2317.772: [GC 2317.772: [ParNew: 1755533K->36619K(1887488K), 0.0627870 secs] 5949156K->4249350K(20761856K), 0.0631120 secs] [Times: user=0.77 sys=0.00, real=0.06 secs] 
2321.470: [GC 2321.471: [ParNew: 1714443K->96961K(1887488K), 0.0928850 secs] 5927174K->4317364K(20761856K), 0.0932590 secs] [Times: user=1.37 sys=0.00, real=0.10 secs] 
2322.877: [GC 2322.878: [ParNew: 1774691K->109683K(1887488K), 0.0799600 secs] 5995094K->4343193K(20761856K), 0.0803070 secs] [Times: user=1.15 sys=0.00, real=0.08 secs] 
2323.579: [GC 2323.579: [ParNew: 1787507K->106468K(1887488K), 0.0606900 secs] 6021017K->4342934K(20761856K), 0.0609600 secs] [Times: user=0.98 sys=0.00, real=0.06 secs] 
2324.188: [GC 2324.188: [ParNew: 1784292K->109499K(1887488K), 0.0570930 secs] 6020758K->4345980K(20761856K), 0.0573640 secs] [Times: user=0.98 sys=0.00, real=0.06 secs] 
2324.901: [GC 2324.901: [ParNew: 1787323K->76556K(1887488K), 0.1215630 secs] 6023804K->4381856K(20761856K), 0.1218290 secs] [Times: user=1.10 sys=0.02, real=0.12 secs] 
2327.734: [GC 2327.734: [ParNew: 1754380K->27585K(1887488K), 0.0393190 secs] 6059680K->4338661K(20761856K), 0.0396310 secs] [Times: user=0.55 sys=0.00, real=0.04 secs] 
2331.338: [GC 2331.338: [ParNew: 1705409K->54354K(1887488K), 0.0624190 secs] 6016485K->4365430K(20761856K), 0.0627880 secs] [Times: user=0.90 sys=0.00, real=0.06 secs] 
2332.279: [GC 2332.279: [ParNew: 1732178K->57544K(1887488K), 0.0433810 secs] 6043254K->4368622K(20761856K), 0.0437360 secs] [Times: user=0.74 sys=0.00, real=0.04 secs] 
2333.907: [GC 2333.907: [ParNew: 1735368K->64632K(1887488K), 0.0495370 secs] 6046446K->4375710K(20761856K), 0.0498870 secs] [Times: user=0.86 sys=0.00, real=0.05 secs] 
2335.665: [GC 2335.666: [ParNew: 1742456K->71006K(1887488K), 0.0726810 secs] 6053534K->4397388K(20761856K), 0.0730410 secs] [Times: user=1.07 sys=0.00, real=0.07 secs] 
2336.643: [GC 2336.643: [ParNew: 1748830K->53670K(1887488K), 0.0674140 secs] 6075212K->4404908K(20761856K), 0.0677730 secs] [Times: user=0.89 sys=0.01, real=0.06 secs] 
2337.878: [GC 2337.878: [ParNew: 1731494K->48911K(1887488K), 0.0395740 secs] 6082732K->4401512K(20761856K), 0.0399230 secs] [Times: user=0.63 sys=0.00, real=0.04 secs] 
2341.354: [GC 2341.354: [ParNew: 1726735K->109318K(1887488K), 0.0952420 secs] 6079336K->4471815K(20761856K), 0.0955870 secs] [Times: user=1.37 sys=0.00, real=0.09 secs] 
2342.292: [GC 2342.293: [ParNew: 1787142K->109520K(1887488K), 0.0751000 secs] 6149639K->4483987K(20761856K), 0.0753980 secs] [Times: user=1.13 sys=0.00, real=0.08 secs] 
2342.924: [GC 2342.924: [ParNew: 1787344K->115652K(1887488K), 0.0578490 secs] 6161811K->4491961K(20761856K), 0.0581170 secs] [Times: user=0.97 sys=0.00, real=0.05 secs] 
2343.543: [GC 2343.543: [ParNew: 1793476K->101212K(1887488K), 0.0672370 secs] 6169785K->4488832K(20761856K), 0.0675130 secs] [Times: user=1.00 sys=0.01, real=0.07 secs] 
2344.170: [GC 2344.170: [ParNew: 1779036K->52502K(1887488K), 0.1006030 secs] 6166656K->4504838K(20761856K), 0.1008860 secs] [Times: user=1.00 sys=0.01, real=0.10 secs] 
2348.057: [GC 2348.058: [ParNew: 1730326K->36427K(1887488K), 0.0426470 secs] 6182662K->4489257K(20761856K), 0.0429890 secs] [Times: user=0.64 sys=0.00, real=0.04 secs] 
2350.650: [GC 2350.650: [ParNew: 1714251K->59366K(1887488K), 0.0609240 secs] 6167081K->4512431K(20761856K), 0.0612750 secs] [Times: user=0.88 sys=0.01, real=0.06 secs] 
2351.709: [GC 2351.709: [ParNew: 1737190K->59533K(1887488K), 0.0445970 secs] 6190255K->4512604K(20761856K), 0.0449590 secs] [Times: user=0.76 sys=0.00, real=0.04 secs] 
2353.209: [GC 2353.209: [ParNew: 1737357K->99256K(1887488K), 0.0591390 secs] 6190428K->4552328K(20761856K), 0.0595000 secs] [Times: user=1.01 sys=0.00, real=0.06 secs] 
2355.100: [GC 2355.100: [ParNew: 1777080K->74162K(1887488K), 0.0799140 secs] 6230152K->4549635K(20761856K), 0.0802780 secs] [Times: user=1.07 sys=0.00, real=0.08 secs] 
2355.804: [GC 2355.804: [ParNew: 1751986K->56879K(1887488K), 0.0617190 secs] 6227459K->4553271K(20761856K), 0.0619960 secs] [Times: user=0.83 sys=0.01, real=0.07 secs] 
2357.282: [GC 2357.282: [ParNew: 1734703K->74707K(1887488K), 0.0592550 secs] 6231095K->4573168K(20761856K), 0.0596090 secs] [Times: user=0.97 sys=0.00, real=0.06 secs] 
2360.660: [GC 2360.660: [ParNew: 1752531K->115179K(1887488K), 0.0942990 secs] 6250992K->4626675K(20761856K), 0.0946440 secs] [Times: user=1.32 sys=0.00, real=0.09 secs] 
2361.510: [GC 2361.510: [ParNew: 1793003K->116603K(1887488K), 0.0719320 secs] 6304499K->4637610K(20761856K), 0.0722520 secs] [Times: user=1.09 sys=0.00, real=0.07 secs] 
2362.211: [GC 2362.211: [ParNew: 1794427K->101636K(1887488K), 0.0574470 secs] 6315434K->4622644K(20761856K), 0.0577230 secs] [Times: user=0.98 sys=0.00, real=0.06 secs] 
2362.818: [GC 2362.818: [ParNew: 1779460K->80370K(1887488K), 0.0999310 secs] 6300468K->4642447K(20761856K), 0.1002260 secs] [Times: user=1.03 sys=0.01, real=0.10 secs] 
2363.661: [GC 2363.661: [ParNew: 1758194K->33909K(1887488K), 0.0721900 secs] 6320271K->4629547K(20761856K), 0.0725230 secs] [Times: user=0.77 sys=0.00, real=0.07 secs] 
2367.533: [GC 2367.534: [ParNew: 1711733K->27318K(1887488K), 0.0424260 secs] 6307371K->4622960K(20761856K), 0.0427640 secs] [Times: user=0.64 sys=0.00, real=0.04 secs] 
2370.924: [GC 2370.924: [ParNew: 1705142K->151647K(1887488K), 0.1614710 secs] 6300784K->4747293K(20761856K), 0.1617880 secs] [Times: user=2.22 sys=0.00, real=0.16 secs] 
2373.776: [GC 2373.776: [ParNew: 1829471K->209664K(1887488K), 0.6438460 secs] 6425117K->5016921K(20761856K), 0.6442140 secs] [Times: user=6.32 sys=0.02, real=0.65 secs] 
2377.685: [GC 2377.685: [ParNew: 1887488K->209664K(1887488K), 0.6887480 secs] 6694745K->5283039K(20761856K), 0.6891410 secs] [Times: user=6.89 sys=0.01, real=0.69 secs] 
2382.111: [GC 2382.111: [ParNew: 1887488K->209664K(1887488K), 0.3762140 secs] 6960863K->5477516K(20761856K), 0.3765250 secs] [Times: user=4.66 sys=0.02, real=0.37 secs] 
2386.655: [GC 2386.655: [ParNew: 1887488K->209664K(1887488K), 0.3288960 secs] 7155340K->5648212K(20761856K), 0.3292040 secs] [Times: user=4.19 sys=0.03, real=0.33 secs] 
2391.219: [GC 2391.220: [ParNew: 1887488K->209664K(1887488K), 0.3288170 secs] 7326036K->5812150K(20761856K), 0.3291110 secs] [Times: user=4.23 sys=0.01, real=0.33 secs] 
2396.002: [GC 2396.002: [ParNew: 1887488K->209664K(1887488K), 0.3506210 secs] 7489974K->5989151K(20761856K), 0.3509600 secs] [Times: user=4.36 sys=0.01, real=0.36 secs] 
2400.584: [GC 2400.584: [ParNew: 1887488K->209664K(1887488K), 0.3364360 secs] 7666975K->6151151K(20761856K), 0.3367730 secs] [Times: user=4.15 sys=0.01, real=0.33 secs] 
2405.816: [GC 2405.816: [ParNew: 1887488K->209664K(1887488K), 0.3176340 secs] 7828975K->6302092K(20761856K), 0.3179730 secs] [Times: user=3.94 sys=0.01, real=0.32 secs] 
2410.074: [GC 2410.075: [ParNew: 1887488K->182526K(1887488K), 0.2694020 secs] 7979916K->6430631K(20761856K), 0.2697100 secs] [Times: user=3.38 sys=0.00, real=0.27 secs] 
2414.103: [GC 2414.103: [ParNew: 1860350K->169553K(1887488K), 0.2467660 secs] 8108455K->6526845K(20761856K), 0.2470980 secs] [Times: user=2.98 sys=0.01, real=0.25 secs] 
2417.928: [GC 2417.928: [ParNew: 1847377K->176760K(1887488K), 0.2451690 secs] 8204669K->6643541K(20761856K), 0.2455170 secs] [Times: user=2.97 sys=0.00, real=0.24 secs] 
2421.818: [GC 2421.818: [ParNew: 1854584K->171274K(1887488K), 0.2541000 secs] 8321365K->6750977K(20761856K), 0.2544210 secs] [Times: user=3.11 sys=0.01, real=0.25 secs] 
2425.441: [GC 2425.441: [ParNew: 1849098K->196194K(1887488K), 0.2577260 secs] 8428801K->6893037K(20761856K), 0.2580710 secs] [Times: user=3.21 sys=0.01, real=0.26 secs] 
2429.202: [GC 2429.202: [ParNew: 1874018K->182529K(1887488K), 0.2726990 secs] 8570861K->7008060K(20761856K), 0.2730350 secs] [Times: user=3.30 sys=0.01, real=0.27 secs] 
2431.751: [GC 2431.751: [ParNew: 1860353K->136639K(1887488K), 0.2095580 secs] 8685884K->7083145K(20761856K), 0.2099120 secs] [Times: user=2.52 sys=0.02, real=0.21 secs] 
2435.065: [GC 2435.066: [ParNew: 1814463K->209664K(1887488K), 0.1450700 secs] 8760969K->7157504K(20761856K), 0.1454070 secs] [Times: user=2.30 sys=0.00, real=0.15 secs] 
2438.180: [GC 2438.180: [ParNew: 1887488K->209664K(1887488K), 0.6141570 secs] 8835328K->7404640K(20761856K), 0.6145230 secs] [Times: user=6.33 sys=0.01, real=0.61 secs] 
2441.413: [GC 2441.413: [ParNew: 1887488K->209664K(1887488K), 1.0663700 secs] 9082464K->7960316K(20761856K), 1.0667400 secs] [Times: user=12.34 sys=0.04, real=1.07 secs] 
2446.160: [GC 2446.160: [ParNew: 1887488K->209664K(1887488K), 0.8250130 secs] 9638140K->8379342K(20761856K), 0.8254070 secs] [Times: user=9.65 sys=0.02, real=0.82 secs] 
2450.386: [GC 2450.386: [ParNew: 1887488K->209664K(1887488K), 0.8317210 secs] 10057166K->8826104K(20761856K), 0.8321160 secs] [Times: user=9.98 sys=0.02, real=0.83 secs] 
2452.945: [GC 2452.945: [ParNew: 1887488K->209664K(1887488K), 1.1042600 secs] 10503928K->9397702K(20761856K), 1.1046230 secs] [Times: user=12.67 sys=0.02, real=1.10 secs] 
2457.983: [GC 2457.983: [ParNew: 1887488K->209664K(1887488K), 0.7006480 secs] 11075526K->9712349K(20761856K), 0.7010050 secs] [Times: user=7.95 sys=0.02, real=0.70 secs] 
2463.522: [GC 2463.522: [ParNew: 1887488K->209664K(1887488K), 0.5218670 secs] 11390173K->9959883K(20761856K), 0.5222300 secs] [Times: user=5.88 sys=0.01, real=0.52 secs] 
2469.085: [GC 2469.085: [ParNew: 1887488K->209664K(1887488K), 0.5939930 secs] 11637707K->10209562K(20761856K), 0.5943520 secs] [Times: user=6.57 sys=0.01, real=0.59 secs] 
2474.811: [GC 2474.811: [ParNew: 1887488K->209664K(1887488K), 0.8817970 secs] 11887386K->10701166K(20761856K), 0.8821340 secs] [Times: user=11.10 sys=0.03, real=0.88 secs] 
2481.034: [GC 2481.034: [ParNew: 1887488K->209664K(1887488K), 0.9444170 secs] 12378990K->11198432K(20761856K), 0.9447870 secs] [Times: user=11.31 sys=0.03, real=0.95 secs] 
2486.824: [GC 2486.824: [ParNew: 1887488K->209664K(1887488K), 0.6384880 secs] 12876256K->11493128K(20761856K), 0.6388570 secs] [Times: user=7.25 sys=0.02, real=0.64 secs] 
2491.544: [GC 2491.544: [ParNew: 1887488K->209664K(1887488K), 0.3283690 secs] 13170952K->11681694K(20761856K), 0.3287310 secs] [Times: user=3.68 sys=0.02, real=0.33 secs] 
2497.175: [GC 2497.175: [ParNew: 1887488K->209664K(1887488K), 0.6334580 secs] 13359518K->11944143K(20761856K), 0.6338320 secs] [Times: user=7.84 sys=0.01, real=0.64 secs] 
2501.843: [GC 2501.843: [ParNew: 1887488K->209664K(1887488K), 0.9382110 secs] 13621967K->12469701K(20761856K), 0.9385640 secs] [Times: user=11.49 sys=0.02, real=0.94 secs] 
2507.319: [GC 2507.319: [ParNew: 1887488K->209664K(1887488K), 0.6393080 secs] 14147525K->12728910K(20761856K), 0.6396680 secs] [Times: user=6.73 sys=0.02, real=0.64 secs] 
2512.977: [GC 2512.978: [ParNew: 1887488K->209664K(1887488K), 0.6571580 secs] 14406734K->13029616K(20761856K), 0.6575070 secs] [Times: user=7.41 sys=0.01, real=0.66 secs] 
2519.155: [GC 2519.155: [ParNew: 1887488K->209664K(1887488K), 0.9988860 secs] 14707440K->13581655K(20761856K), 0.9992440 secs] [Times: user=12.33 sys=0.02, real=1.00 secs] 
2520.155: [GC [1 CMS-initial-mark: 13371991K(18874368K)] 13608848K(20761856K), 0.5062940 secs] [Times: user=0.51 sys=0.00, real=0.51 secs] 
2520.662: [CMS-concurrent-mark-start]
2523.175: [CMS-concurrent-mark: 2.505/2.513 secs] [Times: user=15.49 sys=0.02, real=2.51 secs] 
2523.175: [CMS-concurrent-preclean-start]
2523.397: [CMS-concurrent-preclean: 0.222/0.223 secs] [Times: user=0.44 sys=0.00, real=0.22 secs] 
2523.398: [CMS-concurrent-abortable-preclean-start]
2525.532: [GC 2525.532: [ParNew: 1887488K->209664K(1887488K), 0.9583850 secs] 15259479K->14113041K(20761856K), 0.9587510 secs] [Times: user=11.85 sys=0.01, real=0.96 secs] 
 CMS: abort preclean due to time 2528.573: [CMS-concurrent-abortable-preclean: 4.201/5.176 secs] [Times: user=22.92 sys=0.11, real=5.18 secs] 
2528.574: [GC[YG occupancy: 1213140 K (1887488 K)]2528.574: [GC 2528.575: [ParNew: 1213140K->209664K(1887488K), 0.5604820 secs] 15116517K->14339193K(20761856K), 0.5608330 secs] [Times: user=6.11 sys=0.01, real=0.56 secs] 
2529.135: [Rescan (parallel) , 0.0970590 secs]2529.233: [weak refs processing, 0.5524160 secs]2529.785: [class unloading, 0.0587740 secs]2529.844: [scrub symbol & string tables, 0.0080600 secs] [1 CMS-remark: 14129529K(18874368K)] 14339193K(20761856K), 1.4157120 secs] [Times: user=8.58 sys=0.01, real=1.41 secs] 
2529.991: [CMS-concurrent-sweep-start]
2531.506: [GC 2531.506: [ParNew: 1887488K->209664K(1887488K), 0.6443550 secs] 15397373K->14021148K(20761856K), 0.6447100 secs] [Times: user=7.45 sys=0.03, real=0.64 secs] 
2532.792: [GC 2532.792: [ParNew: 1887488K->209664K(1887488K), 0.4283330 secs] 15454169K->14033916K(20761856K), 0.4286300 secs] [Times: user=5.38 sys=0.03, real=0.43 secs] 
2534.750: [GC 2534.750: [ParNew: 1887488K->209664K(1887488K), 0.9783900 secs] 15016766K->13823081K(20761856K), 0.9787170 secs] [Times: user=11.13 sys=0.03, real=0.98 secs] 
2537.288: [GC 2537.289: [ParNew: 1887488K->209664K(1887488K), 1.1555610 secs] 15063617K->13947485K(20761856K), 1.1558800 secs] [Times: user=12.29 sys=0.04, real=1.16 secs] 
2540.982: [GC 2540.983: [ParNew: 1887488K->209664K(1887488K), 0.9895540 secs] 14424141K->13211420K(20761856K), 0.9898920 secs] [Times: user=10.76 sys=0.04, real=0.99 secs] 
2545.691: [GC 2545.691: [ParNew: 1887488K->209664K(1887488K), 0.4879980 secs] 12919408K->11463648K(20761856K), 0.4883060 secs] [Times: user=5.80 sys=0.02, real=0.49 secs] 
2549.643: [GC 2549.644: [ParNew: 1887472K->209664K(1887488K), 0.3373730 secs] 11329164K->9848807K(20761856K), 0.3376820 secs] [Times: user=4.03 sys=0.02, real=0.34 secs] 
2553.556: [CMS-concurrent-sweep: 18.403/23.565 secs] [Times: user=145.22 sys=1.55, real=23.56 secs] 
2553.556: [CMS-concurrent-reset-start]
2553.595: [CMS-concurrent-reset: 0.039/0.039 secs] [Times: user=0.10 sys=0.01, real=0.03 secs] 
2553.854: [GC 2553.854: [ParNew: 1887488K->193838K(1887488K), 0.2496270 secs] 9756213K->8186219K(20761856K), 0.2499280 secs] [Times: user=3.10 sys=0.00, real=0.25 secs] 
2557.796: [GC 2557.796: [ParNew: 1871662K->190763K(1887488K), 0.2552910 secs] 9864043K->8313789K(20761856K), 0.2556300 secs] [Times: user=3.19 sys=0.01, real=0.26 secs] 
2561.697: [GC 2561.697: [ParNew: 1868587K->202905K(1887488K), 0.2697390 secs] 9991613K->8458474K(20761856K), 0.2700800 secs] [Times: user=3.12 sys=0.01, real=0.27 secs] 
2566.091: [GC 2566.091: [ParNew: 1880729K->153679K(1887488K), 0.2403310 secs] 10136298K->8526202K(20761856K), 0.2406680 secs] [Times: user=2.89 sys=0.00, real=0.24 secs] 
2570.243: [GC 2570.243: [ParNew: 1831503K->159585K(1887488K), 0.2208410 secs] 10204026K->8638198K(20761856K), 0.2211580 secs] [Times: user=2.76 sys=0.01, real=0.22 secs] 
2574.001: [GC 2574.001: [ParNew: 1837409K->165887K(1887488K), 0.2314980 secs] 10316022K->8758083K(20761856K), 0.2318020 secs] [Times: user=2.88 sys=0.01, real=0.23 secs] 
2577.953: [GC 2577.954: [ParNew: 1843711K->203154K(1887488K), 0.2453190 secs] 10435907K->8914882K(20761856K), 0.2456090 secs] [Times: user=3.12 sys=0.01, real=0.24 secs] 
2581.897: [GC 2581.897: [ParNew: 1880978K->209664K(1887488K), 0.2826200 secs] 10592706K->9053598K(20761856K), 0.2829860 secs] [Times: user=3.43 sys=0.02, real=0.28 secs] 
2585.956: [GC 2585.957: [ParNew: 1887488K->209664K(1887488K), 0.2857160 secs] 10731422K->9196834K(20761856K), 0.2860480 secs] [Times: user=3.49 sys=0.01, real=0.29 secs] 
2589.676: [GC 2589.676: [ParNew: 1887488K->209664K(1887488K), 0.3269720 secs] 10874658K->9341996K(20761856K), 0.3273180 secs] [Times: user=3.63 sys=0.02, real=0.33 secs] 
2592.949: [GC 2592.949: [ParNew: 1887488K->209664K(1887488K), 0.9942320 secs] 11019820K->9818868K(20761856K), 0.9946190 secs] [Times: user=10.98 sys=0.02, real=1.00 secs] 
2597.744: [GC 2597.745: [ParNew: 1887488K->209664K(1887488K), 0.8150500 secs] 11496692K->10268316K(20761856K), 0.8154440 secs] [Times: user=9.63 sys=0.03, real=0.81 secs] 
2603.231: [GC 2603.231: [ParNew: 1887488K->209664K(1887488K), 0.4346430 secs] 11946140K->10546305K(20761856K), 0.4350250 secs] [Times: user=5.49 sys=0.03, real=0.44 secs] 
2605.797: [GC 2605.797: [ParNew: 1887488K->209664K(1887488K), 0.9555900 secs] 12224129K->11086234K(20761856K), 0.9559370 secs] [Times: user=10.91 sys=0.03, real=0.95 secs] 
2608.089: [GC 2608.089: [ParNew: 1887488K->209664K(1887488K), 0.9696020 secs] 12764058K->11630536K(20761856K), 0.9699400 secs] [Times: user=11.35 sys=0.05, real=0.97 secs] 
2610.744: [GC 2610.744: [ParNew: 1887488K->209664K(1887488K), 1.0440230 secs] 13308360K->12215199K(20761856K), 1.0443860 secs] [Times: user=12.65 sys=0.03, real=1.05 secs] 
2614.133: [GC 2614.133: [ParNew: 1887488K->209664K(1887488K), 0.9381480 secs] 13893023K->12688510K(20761856K), 0.9385150 secs] [Times: user=10.73 sys=0.03, real=0.94 secs] 
2617.038: [GC 2617.038: [ParNew: 1887488K->209664K(1887488K), 0.9767600 secs] 14366334K->13178630K(20761856K), 0.9771420 secs] [Times: user=11.12 sys=0.03, real=0.97 secs] 
2619.669: [GC 2619.669: [ParNew: 1887488K->209664K(1887488K), 1.1004440 secs] 14856454K->13766788K(20761856K), 1.1007860 secs] [Times: user=13.17 sys=0.02, real=1.10 secs] 
2620.771: [GC [1 CMS-initial-mark: 13557124K(18874368K)] 13767228K(20761856K), 0.4566010 secs] [Times: user=0.45 sys=0.00, real=0.46 secs] 
2621.228: [CMS-concurrent-mark-start]
2623.028: [GC 2623.028: [ParNew: 1887488K->209664K(1887488K), 1.0611090 secs] 15444612K->14337094K(20761856K), 1.0614300 secs] [Times: user=12.40 sys=0.03, real=1.06 secs] 
2625.585: [GC 2625.585: [ParNew: 1887488K->209664K(1887488K), 1.0925730 secs] 16014918K->14894785K(20761856K), 1.0928730 secs] [Times: user=12.38 sys=0.02, real=1.10 secs] 
2626.983: [CMS-concurrent-mark: 3.581/5.755 secs] [Times: user=64.39 sys=0.15, real=5.75 secs] 
2626.984: [CMS-concurrent-preclean-start]
2628.095: [GC 2628.096: [ParNew: 1887488K->209664K(1887488K), 1.0900080 secs] 16572609K->15411990K(20761856K), 1.0903340 secs] [Times: user=12.46 sys=0.02, real=1.09 secs] 
2630.417: [GC 2630.417: [ParNew: 1887488K->209664K(1887488K), 1.0619840 secs] 17089814K->15971020K(20761856K), 1.0622860 secs] [Times: user=12.63 sys=0.02, real=1.07 secs] 
2632.917: [GC 2632.917: [ParNew: 1887488K->209662K(1887488K), 1.0856970 secs] 17648844K->16533253K(20761856K), 1.0860110 secs] [Times: user=12.85 sys=0.01, real=1.09 secs] 
2636.130: [GC 2636.130: [ParNew: 1887486K->209664K(1887488K), 0.7302630 secs] 18211077K->16860155K(20761856K), 0.7305900 secs] [Times: user=8.39 sys=0.02, real=0.73 secs] 
2639.789: [CMS-concurrent-preclean: 8.753/12.805 secs] [Times: user=101.79 sys=0.54, real=12.80 secs] 
2639.789: [CMS-concurrent-abortable-preclean-start]
2639.867: [CMS-concurrent-abortable-preclean: 0.078/0.078 secs] [Times: user=0.20 sys=0.01, real=0.08 secs] 
2639.868: [GC[YG occupancy: 1310196 K (1887488 K)]2639.869: [GC 2639.869: [ParNew: 1310196K->209664K(1887488K), 0.4842230 secs] 17960688K->17098990K(20761856K), 0.4845910 secs] [Times: user=5.92 sys=0.02, real=0.49 secs] 
2640.353: [Rescan (parallel) , 0.2742760 secs]2640.628: [weak refs processing, 1.2118550 secs]2641.839: [class unloading, 0.0381320 secs]2641.878: [scrub symbol & string tables, 0.0079830 secs] [1 CMS-remark: 16889326K(18874368K)] 17098990K(20761856K), 2.1171980 secs] [Times: user=12.16 sys=0.02, real=2.12 secs] 
2641.987: [CMS-concurrent-sweep-start]
2645.500: [GC 2645.500: [ParNew: 1887488K->209664K(1887488K), 0.5063990 secs] 17110868K->15654377K(20761856K), 0.5067490 secs] [Times: user=5.95 sys=0.01, real=0.51 secs] 
2648.844: [GC 2648.844: [ParNew: 1887488K->209664K(1887488K), 0.9822390 secs] 16389977K->15243945K(20761856K), 0.9825540 secs] [Times: user=11.43 sys=0.03, real=0.98 secs] 
2652.944: [GC 2652.944: [ParNew: 1887488K->209664K(1887488K), 0.7513060 secs] 15325504K->14054128K(20761856K), 0.7516380 secs] [Times: user=8.91 sys=0.02, real=0.75 secs] 
2657.178: [GC 2657.178: [ParNew: 1887488K->209664K(1887488K), 0.7893660 secs] 13794369K->12545983K(20761856K), 0.7897170 secs] [Times: user=9.22 sys=0.03, real=0.79 secs] 
2659.584: [GC 2659.584: [ParNew: 1887486K->209664K(1887488K), 1.0817990 secs] 13666254K->12536173K(20761856K), 1.0821630 secs] [Times: user=11.86 sys=0.03, real=1.08 secs] 
2663.942: [CMS-concurrent-sweep: 17.770/21.955 secs] [Times: user=111.23 sys=1.41, real=21.95 secs] 
2663.942: [CMS-concurrent-reset-start]
2663.982: [CMS-concurrent-reset: 0.040/0.040 secs] [Times: user=0.08 sys=0.00, real=0.04 secs] 
2664.970: [GC 2664.970: [ParNew: 1887488K->209664K(1887488K), 0.6630490 secs] 13079754K->11687466K(20761856K), 0.6633910 secs] [Times: user=7.01 sys=0.02, real=0.66 secs] 
2670.513: [GC 2670.513: [ParNew: 1887488K->209664K(1887488K), 0.5872770 secs] 13365290K->11947885K(20761856K), 0.5876270 secs] [Times: user=6.12 sys=0.02, real=0.59 secs] 
2676.070: [GC 2676.070: [ParNew: 1887488K->209664K(1887488K), 0.6457190 secs] 13625709K->12234599K(20761856K), 0.6460940 secs] [Times: user=6.91 sys=0.02, real=0.65 secs] 
2681.844: [GC 2681.844: [ParNew: 1887488K->209664K(1887488K), 0.9456870 secs] 13912423K->12734973K(20761856K), 0.9460570 secs] [Times: user=11.11 sys=0.02, real=0.95 secs] 
2687.933: [GC 2687.934: [ParNew: 1887488K->209664K(1887488K), 0.9428780 secs] 14412797K->13228892K(20761856K), 0.9432380 secs] [Times: user=11.07 sys=0.01, real=0.94 secs] 
2693.307: [GC 2693.308: [ParNew: 1887488K->209664K(1887488K), 0.5501260 secs] 14906716K->13471086K(20761856K), 0.5504660 secs] [Times: user=5.99 sys=0.02, real=0.55 secs] 
2693.860: [GC [1 CMS-initial-mark: 13261422K(18874368K)] 13471089K(20761856K), 0.5661120 secs] [Times: user=0.57 sys=0.00, real=0.56 secs] 
2694.426: [CMS-concurrent-mark-start]
2696.468: [CMS-concurrent-mark: 2.042/2.042 secs] [Times: user=12.66 sys=0.09, real=2.04 secs] 
2696.468: [CMS-concurrent-preclean-start]
2696.591: [CMS-concurrent-preclean: 0.123/0.123 secs] [Times: user=0.24 sys=0.00, real=0.13 secs] 
2696.591: [CMS-concurrent-abortable-preclean-start]
2697.946: [GC 2697.947: [ParNew: 1887488K->208880K(1887488K), 0.3090110 secs] 15148910K->13650488K(20761856K), 0.3093320 secs] [Times: user=3.66 sys=0.01, real=0.31 secs] 
2700.794: [CMS-concurrent-abortable-preclean: 3.858/4.203 secs] [Times: user=11.93 sys=0.15, real=4.20 secs] 
2700.796: [GC[YG occupancy: 1048939 K (1887488 K)]2700.796: [GC 2700.796: [ParNew: 1048939K->209664K(1887488K), 0.3123350 secs] 14490547K->13714595K(20761856K), 0.3126490 secs] [Times: user=3.77 sys=0.00, real=0.31 secs] 
2701.108: [Rescan (parallel) , 0.0514020 secs]2701.160: [weak refs processing, 0.1254510 secs]2701.285: [class unloading, 0.0384210 secs]2701.324: [scrub symbol & string tables, 0.0079290 secs] [1 CMS-remark: 13504931K(18874368K)] 13714595K(20761856K), 0.6751150 secs] [Times: user=4.97 sys=0.00, real=0.68 secs] 
2701.472: [CMS-concurrent-sweep-start]
2706.130: [GC 2706.131: [ParNew: 1887488K->209664K(1887488K), 0.8928110 secs] 13243908K->12080878K(20761856K), 0.8931210 secs] [Times: user=10.89 sys=0.03, real=0.89 secs] 
2709.391: [GC 2709.391: [ParNew: 1887488K->209664K(1887488K), 0.7822410 secs] 12702982K->11457573K(20761856K), 0.7825690 secs] [Times: user=9.40 sys=0.02, real=0.78 secs] 
2715.208: [GC 2715.208: [ParNew: 1887488K->209664K(1887488K), 0.6516730 secs] 10583435K->9229025K(20761856K), 0.6520020 secs] [Times: user=7.46 sys=0.05, real=0.65 secs] 
2720.708: [GC 2720.708: [ParNew: 1887488K->209664K(1887488K), 0.6852110 secs] 8915660K->7600110K(20761856K), 0.6855480 secs] [Times: user=7.87 sys=0.04, real=0.69 secs] 
2723.908: [CMS-concurrent-sweep: 19.406/22.436 secs] [Times: user=88.44 sys=0.59, real=22.43 secs] 
2723.908: [CMS-concurrent-reset-start]
2723.950: [CMS-concurrent-reset: 0.042/0.042 secs] [Times: user=0.08 sys=0.00, real=0.04 secs] 
2726.583: [GC 2726.583: [ParNew: 1887488K->209664K(1887488K), 1.0051640 secs] 7852675K->6711520K(20761856K), 1.0055190 secs] [Times: user=11.97 sys=0.02, real=1.00 secs] 
2732.576: [GC 2732.576: [ParNew: 1887488K->209664K(1887488K), 0.9628890 secs] 8389344K->7204030K(20761856K), 0.9632370 secs] [Times: user=10.93 sys=0.03, real=0.96 secs] 
2735.091: [GC 2735.091: [ParNew: 1887488K->209664K(1887488K), 0.7133860 secs] 8881854K->7547236K(20761856K), 0.7137130 secs] [Times: user=7.79 sys=0.03, real=0.72 secs] 
2736.320: [GC 2736.320: [ParNew: 1887488K->209664K(1887488K), 0.4790770 secs] 9225060K->7794841K(20761856K), 0.4793700 secs] [Times: user=5.74 sys=0.02, real=0.48 secs] 
2738.184: [GC 2738.184: [ParNew: 1887488K->209664K(1887488K), 1.0901190 secs] 9472665K->8320126K(20761856K), 1.0904530 secs] [Times: user=12.35 sys=0.01, real=1.10 secs] 
2740.991: [GC 2740.991: [ParNew: 1887488K->209664K(1887488K), 1.1033310 secs] 9997950K->8851474K(20761856K), 1.1036880 secs] [Times: user=12.25 sys=0.03, real=1.10 secs] 
2745.644: [GC 2745.644: [ParNew: 1887488K->209664K(1887488K), 0.9844540 secs] 10529298K->9333872K(20761856K), 0.9848040 secs] [Times: user=11.29 sys=0.02, real=0.99 secs] 
2750.920: [GC 2750.920: [ParNew: 1887488K->209664K(1887488K), 0.4031700 secs] 11011696K->9544711K(20761856K), 0.4035220 secs] [Times: user=4.74 sys=0.01, real=0.40 secs] 
2755.120: [GC 2755.120: [ParNew: 1887488K->186844K(1887488K), 0.2685780 secs] 11222535K->9660263K(20761856K), 0.2689000 secs] [Times: user=3.14 sys=0.02, real=0.27 secs] 
2759.210: [GC 2759.210: [ParNew: 1864668K->166039K(1887488K), 0.2382960 secs] 11338087K->9751200K(20761856K), 0.2386100 secs] [Times: user=2.84 sys=0.01, real=0.24 secs] 
2762.952: [GC 2762.952: [ParNew: 1843863K->174135K(1887488K), 0.2474920 secs] 11429024K->9871962K(20761856K), 0.2478430 secs] [Times: user=2.91 sys=0.01, real=0.25 secs] 
2766.826: [GC 2766.826: [ParNew: 1851959K->206574K(1887488K), 0.2514530 secs] 11549786K->10019668K(20761856K), 0.2517490 secs] [Times: user=2.98 sys=0.01, real=0.25 secs] 
2771.012: [GC 2771.012: [ParNew: 1884398K->203594K(1887488K), 0.2789930 secs] 11697492K->10145696K(20761856K), 0.2792900 secs] [Times: user=3.21 sys=0.01, real=0.28 secs] 
2774.787: [GC 2774.787: [ParNew: 1881418K->209664K(1887488K), 0.2811710 secs] 11823520K->10284327K(20761856K), 0.2814800 secs] [Times: user=3.40 sys=0.01, real=0.28 secs] 
2779.064: [GC 2779.064: [ParNew: 1887488K->193413K(1887488K), 0.2585240 secs] 11962151K->10417474K(20761856K), 0.2588290 secs] [Times: user=3.18 sys=0.02, real=0.26 secs] 
2782.728: [GC 2782.728: [ParNew: 1871237K->209664K(1887488K), 0.8439890 secs] 12095298K->10779555K(20761856K), 0.8443930 secs] [Times: user=8.79 sys=0.01, real=0.85 secs] 
2786.503: [GC 2786.503: [ParNew: 1887488K->209664K(1887488K), 1.0085880 secs] 12457379K->11290795K(20761856K), 1.0089920 secs] [Times: user=11.20 sys=0.01, real=1.01 secs] 
2792.608: [GC 2792.608: [ParNew: 1887488K->209664K(1887488K), 0.5132220 secs] 12968619K->11601139K(20761856K), 0.5136010 secs] [Times: user=6.26 sys=0.02, real=0.51 secs] 
2795.842: [GC 2795.842: [ParNew: 1887488K->209664K(1887488K), 0.8452020 secs] 13278963K->12097837K(20761856K), 0.8455520 secs] [Times: user=10.11 sys=0.03, real=0.85 secs] 
2798.103: [GC 2798.103: [ParNew: 1887488K->209664K(1887488K), 1.0750130 secs] 13775661K->12645468K(20761856K), 1.0753900 secs] [Times: user=11.83 sys=0.03, real=1.08 secs] 
2800.997: [GC 2800.997: [ParNew: 1887488K->209664K(1887488K), 1.1099740 secs] 14323292K->13218196K(20761856K), 1.1103490 secs] [Times: user=12.76 sys=0.01, real=1.11 secs] 
2804.063: [GC 2804.063: [ParNew: 1887488K->209664K(1887488K), 1.0548410 secs] 14896020K->13737917K(20761856K), 1.0552400 secs] [Times: user=11.50 sys=0.03, real=1.06 secs] 
2805.120: [GC [1 CMS-initial-mark: 13528253K(18874368K)] 13738057K(20761856K), 0.5224790 secs] [Times: user=0.52 sys=0.00, real=0.52 secs] 
2805.643: [CMS-concurrent-mark-start]
2807.737: [GC 2807.738: [ParNew: 1887488K->209664K(1887488K), 0.9248890 secs] 15415741K->14236325K(20761856K), 0.9252200 secs] [Times: user=10.91 sys=0.05, real=0.92 secs] 
2810.288: [CMS-concurrent-mark: 3.713/4.645 secs] [Times: user=49.52 sys=0.25, real=4.65 secs] 
2810.288: [CMS-concurrent-preclean-start]
2810.402: [GC 2810.402: [ParNew: 1887488K->209664K(1887488K), 1.1758030 secs] 15914149K->14837460K(20761856K), 1.1761750 secs] [Times: user=13.31 sys=0.03, real=1.18 secs] 
2813.498: [GC 2813.498: [ParNew: 1887488K->209664K(1887488K), 1.0699620 secs] 16515284K->15407642K(20761856K), 1.0703150 secs] [Times: user=12.46 sys=0.03, real=1.07 secs] 
2815.796: [GC 2815.796: [ParNew: 1887488K->209664K(1887488K), 1.0845110 secs] 17085466K->15962016K(20761856K), 1.0848240 secs] [Times: user=12.21 sys=0.03, real=1.09 secs] 
2818.158: [GC 2818.158: [ParNew: 1887488K->209664K(1887488K), 1.1435980 secs] 17639840K->16512434K(20761856K), 1.1439340 secs] [Times: user=12.05 sys=0.04, real=1.14 secs] 
2820.607: [GC 2820.607: [ParNew: 1887488K->209664K(1887488K), 1.0850800 secs] 18190258K->17077073K(20761856K), 1.0853930 secs] [Times: user=12.37 sys=0.03, real=1.09 secs] 
2823.090: [GC 2823.090: [ParNew: 1887488K->209664K(1887488K), 1.0824110 secs] 18754897K->17648768K(20761856K), 1.0827140 secs] [Times: user=12.76 sys=0.03, real=1.08 secs] 
2826.091: [GC 2826.092: [ParNew: 1887488K->209664K(1887488K), 0.7191690 secs] 19326592K->17978945K(20761856K), 0.7194890 secs] [Times: user=8.32 sys=0.02, real=0.72 secs] 
2830.199: [CMS-concurrent-preclean: 12.426/19.911 secs] [Times: user=164.72 sys=0.95, real=19.91 secs] 
2830.199: [CMS-concurrent-abortable-preclean-start]
2830.844: [GC 2830.844: [ParNew: 1887488K->209664K(1887488K), 0.7427710 secs] 19656769K->18348838K(20761856K), 0.7431360 secs] [Times: user=8.92 sys=0.02, real=0.74 secs] 
2833.755: [CMS-concurrent-abortable-preclean: 2.787/3.556 secs] [Times: user=19.87 sys=0.09, real=3.55 secs] 
2833.756: [GC[YG occupancy: 1600484 K (1887488 K)]2833.756: [GC 2833.757: [ParNew (promotion failed): 1600484K->1600484K(1887488K), 2.2601630 secs] 19739658K->20165811K(20761856K), 2.2605170 secs] [Times: user=10.47 sys=0.11, real=2.26 secs] 
2836.017: [Rescan (parallel) , 2.2167670 secs]2838.234: [weak refs processing, 0.5441620 secs]2838.778: [class unloading, 0.0623720 secs]2838.841: [scrub symbol & string tables, 0.0079860 secs] [1 CMS-remark: 18565327K(18874368K)] 20165811K(20761856K), 5.1880910 secs] [Times: user=42.02 sys=0.25, real=5.19 secs] 
2838.945: [CMS-concurrent-sweep-start]
2849.966: [Full GC 2849.966: [CMS2862.696: [CMS-concurrent-sweep: 19.533/23.751 secs] [Times: user=42.67 sys=4.29, real=23.75 secs] 
 (concurrent mode failure): 17074814K->4842456K(18874368K), 41.9426500 secs] 18962302K->4842456K(20761856K), [CMS Perm : 65645K->65265K(109292K)], 41.9429740 secs] [Times: user=41.93 sys=0.01, real=41.94 secs] 
2894.603: [GC 2894.603: [ParNew: 1677824K->209664K(1887488K), 0.4357010 secs] 6520280K->5185555K(20761856K), 0.4360260 secs] [Times: user=5.14 sys=0.01, real=0.44 secs] 
2898.711: [GC 2898.711: [ParNew: 1887488K->209664K(1887488K), 0.3392020 secs] 6863379K->5394968K(20761856K), 0.3394960 secs] [Times: user=4.72 sys=0.04, real=0.34 secs] 
2902.644: [GC 2902.644: [ParNew: 1887488K->198539K(1887488K), 0.2537600 secs] 7072792K->5520434K(20761856K), 0.2541030 secs] [Times: user=3.32 sys=0.01, real=0.25 secs] 
2906.347: [GC 2906.347: [ParNew: 1876363K->187852K(1887488K), 0.2577870 secs] 7198258K->5653679K(20761856K), 0.2581180 secs] [Times: user=3.15 sys=0.01, real=0.26 secs] 
2910.206: [GC 2910.206: [ParNew: 1865676K->174259K(1887488K), 0.2075430 secs] 7331503K->5757346K(20761856K), 0.2078480 secs] [Times: user=2.63 sys=0.01, real=0.21 secs] 
2913.896: [GC 2913.896: [ParNew: 1852083K->166288K(1887488K), 0.2259900 secs] 7435170K->5856066K(20761856K), 0.2263220 secs] [Times: user=2.78 sys=0.01, real=0.22 secs] 
2917.656: [GC 2917.656: [ParNew: 1844112K->194135K(1887488K), 0.2510710 secs] 7533890K->6006555K(20761856K), 0.2513750 secs] [Times: user=3.10 sys=0.01, real=0.25 secs] 
2921.728: [GC 2921.728: [ParNew: 1871959K->209664K(1887488K), 0.2797630 secs] 7684379K->6163635K(20761856K), 0.2800630 secs] [Times: user=3.69 sys=0.01, real=0.28 secs] 
2925.593: [GC 2925.593: [ParNew: 1887488K->209664K(1887488K), 0.2907630 secs] 7841459K->6347020K(20761856K), 0.2910490 secs] [Times: user=3.79 sys=0.01, real=0.29 secs] 
2930.154: [GC 2930.154: [ParNew: 1887488K->209664K(1887488K), 0.3000960 secs] 8024844K->6506922K(20761856K), 0.3004840 secs] [Times: user=4.05 sys=0.00, real=0.30 secs] 
2933.813: [GC 2933.813: [ParNew: 1887488K->209664K(1887488K), 0.7773000 secs] 8184746K->6969717K(20761856K), 0.7776480 secs] [Times: user=9.61 sys=0.02, real=0.78 secs] 
2936.016: [GC 2936.017: [ParNew: 1887488K->209664K(1887488K), 1.0361970 secs] 8647541K->7536674K(20761856K), 1.0365610 secs] [Times: user=11.99 sys=0.02, real=1.03 secs] 
2941.026: [GC 2941.026: [ParNew: 1887488K->209664K(1887488K), 0.6302140 secs] 9214498K->7828948K(20761856K), 0.6305710 secs] [Times: user=7.15 sys=0.00, real=0.64 secs] 
2946.567: [GC 2946.568: [ParNew: 1887488K->209664K(1887488K), 0.5562660 secs] 9506772K->8083097K(20761856K), 0.5566170 secs] [Times: user=6.16 sys=0.01, real=0.56 secs] 
2952.118: [GC 2952.118: [ParNew: 1887488K->209664K(1887488K), 0.6228850 secs] 9760921K->8375066K(20761856K), 0.6232470 secs] [Times: user=6.95 sys=0.00, real=0.63 secs] 
2956.917: [GC 2956.917: [ParNew: 1887488K->209664K(1887488K), 0.9125320 secs] 10052890K->8864458K(20761856K), 0.9128850 secs] [Times: user=10.93 sys=0.01, real=0.92 secs] 
2962.890: [GC 2962.891: [ParNew: 1887488K->209664K(1887488K), 0.9241460 secs] 10542282K->9361372K(20761856K), 0.9245030 secs] [Times: user=11.13 sys=0.01, real=0.92 secs] 
2968.219: [GC 2968.219: [ParNew: 1887488K->209664K(1887488K), 0.5493090 secs] 11039196K->9611361K(20761856K), 0.5496760 secs] [Times: user=6.08 sys=0.00, real=0.55 secs] 
2972.893: [GC 2972.893: [ParNew: 1887488K->209197K(1887488K), 0.2670590 secs] 11289185K->9791005K(20761856K), 0.2673550 secs] [Times: user=3.46 sys=0.01, real=0.26 secs] 
2977.417: [GC 2977.417: [ParNew: 1887021K->209664K(1887488K), 0.5708550 secs] 11468829K->10084330K(20761856K), 0.5711140 secs] [Times: user=7.95 sys=0.00, real=0.57 secs] 
2981.485: [GC 2981.485: [ParNew: 1887488K->209664K(1887488K), 0.9397830 secs] 11762154K->10616853K(20761856K), 0.9401110 secs] [Times: user=11.68 sys=0.01, real=0.94 secs] 
2986.871: [GC 2986.871: [ParNew: 1887488K->209664K(1887488K), 0.5675280 secs] 12294677K->10875720K(20761856K), 0.5678510 secs] [Times: user=6.58 sys=0.01, real=0.57 secs] 
2991.967: [GC 2991.967: [ParNew: 1887488K->209664K(1887488K), 0.5840560 secs] 12553544K->11189707K(20761856K), 0.5843550 secs] [Times: user=7.37 sys=0.02, real=0.58 secs] 
2997.577: [GC 2997.577: [ParNew: 1887488K->209664K(1887488K), 0.9386690 secs] 12867531K->11735018K(20761856K), 0.9389890 secs] [Times: user=12.09 sys=0.02, real=0.94 secs] 
3003.600: [GC 3003.600: [ParNew: 1887488K->209664K(1887488K), 0.8358250 secs] 13412842K->12253398K(20761856K), 0.8361400 secs] [Times: user=11.15 sys=0.01, real=0.83 secs] 
3006.619: [GC 3006.620: [ParNew: 1887488K->209664K(1887488K), 0.7028690 secs] 13931222K->12617972K(20761856K), 0.7031780 secs] [Times: user=8.63 sys=0.00, real=0.70 secs] 
3007.879: [GC 3007.879: [ParNew: 1887488K->209664K(1887488K), 0.4579890 secs] 14295796K->12867634K(20761856K), 0.4582830 secs] [Times: user=5.88 sys=0.01, real=0.46 secs] 
3009.563: [GC 3009.563: [ParNew: 1887488K->209664K(1887488K), 0.8955340 secs] 14545458K->13321009K(20761856K), 0.8958540 secs] [Times: user=10.88 sys=0.02, real=0.90 secs] 
3012.069: [GC 3012.069: [ParNew: 1887488K->209664K(1887488K), 1.0628890 secs] 14998833K->13872802K(20761856K), 1.0632230 secs] [Times: user=12.53 sys=0.01, real=1.06 secs] 
3013.135: [GC [1 CMS-initial-mark: 13663138K(18874368K)] 13874421K(20761856K), 0.5078300 secs] [Times: user=0.51 sys=0.00, real=0.51 secs] 
3013.643: [CMS-concurrent-mark-start]
3016.461: [GC 3016.461: [ParNew: 1887488K->209664K(1887488K), 0.8953730 secs] 15550626K->14362743K(20761856K), 0.8956780 secs] [Times: user=11.42 sys=0.01, real=0.89 secs] 
3017.865: [CMS-concurrent-mark: 3.314/4.222 secs] [Times: user=37.64 sys=0.13, real=4.22 secs] 
3017.865: [CMS-concurrent-preclean-start]
3019.169: [CMS-concurrent-preclean: 1.298/1.304 secs] [Times: user=3.46 sys=0.12, real=1.31 secs] 
3019.169: [CMS-concurrent-abortable-preclean-start]
3021.335: [GC 3021.335: [ParNew: 1887488K->209664K(1887488K), 0.7437980 secs] 16040567K->14795219K(20761856K), 0.7441160 secs] [Times: user=9.95 sys=0.01, real=0.75 secs] 
3024.832: [GC 3024.832: [ParNew: 1887488K->209664K(1887488K), 0.8646150 secs] 16473043K->15315979K(20761856K), 0.8649250 secs] [Times: user=11.25 sys=0.02, real=0.86 secs] 
 CMS: abort preclean due to time 3027.353: [CMS-concurrent-abortable-preclean: 6.551/8.184 secs] [Times: user=44.31 sys=0.74, real=8.18 secs] 
3027.355: [GC[YG occupancy: 924973 K (1887488 K)]3027.355: [GC 3027.355: [ParNew: 924973K->209664K(1887488K), 0.3910790 secs] 16031288K->15516506K(20761856K), 0.3914180 secs] [Times: user=4.75 sys=0.01, real=0.39 secs] 
3027.746: [Rescan (parallel) , 0.0887620 secs]3027.835: [weak refs processing, 0.3483700 secs]3028.184: [class unloading, 0.0622010 secs]3028.246: [scrub symbol & string tables, 0.0091390 secs] [1 CMS-remark: 15306842K(18874368K)] 15516506K(20761856K), 1.0013340 secs] [Times: user=6.84 sys=0.01, real=1.00 secs] 
3028.357: [CMS-concurrent-sweep-start]
3031.877: [GC 3031.877: [ParNew: 1887379K->209664K(1887488K), 0.3976100 secs] 16450878K->14995154K(20761856K), 0.3979080 secs] [Times: user=5.75 sys=0.03, real=0.40 secs] 
3034.428: [GC 3034.428: [ParNew: 1887488K->209664K(1887488K), 0.8993930 secs] 15828445K->14676304K(20761856K), 0.8997350 secs] [Times: user=10.42 sys=0.03, real=0.90 secs] 
3036.806: [GC 3036.806: [ParNew: 1887488K->209664K(1887488K), 0.8655610 secs] 15785454K->14612867K(20761856K), 0.8658590 secs] [Times: user=10.84 sys=0.04, real=0.87 secs] 
3039.323: [GC 3039.323: [ParNew: 1887488K->209664K(1887488K), 0.9370190 secs] 15357923K->14254612K(20761856K), 0.9373190 secs] [Times: user=12.11 sys=0.04, real=0.93 secs] 
3042.508: [GC 3042.508: [ParNew: 1887488K->209664K(1887488K), 0.9075640 secs] 14590479K->13430564K(20761856K), 0.9078700 secs] [Times: user=11.03 sys=0.04, real=0.91 secs] 
3045.645: [GC 3045.645: [ParNew: 1887488K->209664K(1887488K), 0.8453010 secs] 13978307K->12805832K(20761856K), 0.8456070 secs] [Times: user=10.96 sys=0.03, real=0.84 secs] 
3048.055: [GC 3048.055: [ParNew: 1887488K->209664K(1887488K), 1.0042010 secs] 13845269K->12766807K(20761856K), 1.0045110 secs] [Times: user=12.91 sys=0.03, real=1.00 secs] 
3050.990: [GC 3050.990: [ParNew: 1887488K->209664K(1887488K), 0.9123810 secs] 13446705K->12319754K(20761856K), 0.9126600 secs] [Times: user=11.63 sys=0.04, real=0.91 secs] 
3053.213: [GC 3053.213: [ParNew: 1887488K->209664K(1887488K), 0.9699540 secs] 13815080K->12689183K(20761856K), 0.9702140 secs] [Times: user=11.70 sys=0.03, real=0.97 secs] 
3054.954: [CMS-concurrent-sweep: 18.782/26.598 secs] [Times: user=204.73 sys=1.69, real=26.60 secs] 
3054.955: [CMS-concurrent-reset-start]
3055.155: [CMS-concurrent-reset: 0.200/0.200 secs] [Times: user=2.52 sys=0.01, real=0.20 secs] 
3055.500: [GC 3055.500: [ParNew: 1887488K->209664K(1887488K), 1.0291020 secs] 14255631K->13130620K(20761856K), 1.0293790 secs] [Times: user=12.03 sys=0.03, real=1.03 secs] 
3057.929: [GC 3057.929: [ParNew: 1887488K->209664K(1887488K), 0.9094810 secs] 14808444K->13667555K(20761856K), 0.9097570 secs] [Times: user=11.70 sys=0.02, real=0.91 secs] 
3058.841: [GC [1 CMS-initial-mark: 13457891K(18874368K)] 13668110K(20761856K), 0.6082140 secs] [Times: user=0.61 sys=0.00, real=0.61 secs] 
3059.450: [CMS-concurrent-mark-start]
3060.993: [GC 3060.993: [ParNew: 1887488K->209664K(1887488K), 1.0059080 secs] 15345379K->14238621K(20761856K), 1.0061930 secs] [Times: user=12.63 sys=0.02, real=1.01 secs] 
3063.571: [CMS-concurrent-mark: 3.105/4.122 secs] [Times: user=46.20 sys=0.16, real=4.12 secs] 
3063.571: [CMS-concurrent-preclean-start]
3064.104: [GC 3064.105: [ParNew: 1887488K->209664K(1887488K), 0.6456330 secs] 15916445K->14561414K(20761856K), 0.6459190 secs] [Times: user=8.24 sys=0.01, real=0.65 secs] 
3066.367: [CMS-concurrent-preclean: 2.132/2.795 secs] [Times: user=17.39 sys=0.07, real=2.80 secs] 
3066.367: [CMS-concurrent-abortable-preclean-start]
3068.131: [CMS-concurrent-abortable-preclean: 1.761/1.764 secs] [Times: user=3.96 sys=0.21, real=1.76 secs] 
3068.131: [GC[YG occupancy: 1494457 K (1887488 K)]3068.131: [GC 3068.131: [ParNew: 1494457K->209664K(1887488K), 0.4719040 secs] 15846207K->14819645K(20761856K), 0.4721830 secs] [Times: user=6.27 sys=0.02, real=0.47 secs] 
3068.603: [Rescan (parallel) , 0.2298480 secs]3068.833: [weak refs processing, 0.3594450 secs]3069.193: [class unloading, 0.0579830 secs]3069.251: [scrub symbol & string tables, 0.0087760 secs] [1 CMS-remark: 14609981K(18874368K)] 14819645K(20761856K), 1.2089290 secs] [Times: user=10.86 sys=0.02, real=1.21 secs] 
3069.341: [CMS-concurrent-sweep-start]
3071.471: [GC 3071.471: [ParNew: 1887488K->209664K(1887488K), 0.7507170 secs] 16157700K->14912575K(20761856K), 0.7509970 secs] [Times: user=9.49 sys=0.03, real=0.75 secs] 
3074.466: [GC 3074.466: [ParNew: 1887488K->209664K(1887488K), 0.9402990 secs] 15763435K->14594157K(20761856K), 0.9405920 secs] [Times: user=11.33 sys=0.04, real=0.94 secs] 
3079.209: [GC 3079.209: [ParNew: 1887488K->209664K(1887488K), 0.5231580 secs] 14426568K->13070151K(20761856K), 0.5234760 secs] [Times: user=6.83 sys=0.02, real=0.52 secs] 
3082.707: [GC 3082.707: [ParNew: 1887488K->209664K(1887488K), 0.8828300 secs] 13198316K->12063468K(20761856K), 0.8831040 secs] [Times: user=11.09 sys=0.03, real=0.89 secs] 
3085.922: [GC 3085.923: [ParNew: 1887488K->209664K(1887488K), 0.7887450 secs] 12425329K->11205614K(20761856K), 0.7890120 secs] [Times: user=10.12 sys=0.03, real=0.79 secs] 
3091.397: [GC 3091.397: [ParNew: 1887488K->209664K(1887488K), 0.5012750 secs] 10353321K->8934747K(20761856K), 0.5015730 secs] [Times: user=5.99 sys=0.02, real=0.50 secs] 
3092.071: [CMS-concurrent-sweep: 18.302/22.730 secs] [Times: user=125.55 sys=1.19, real=22.73 secs] 
3092.072: [CMS-concurrent-reset-start]
3092.117: [CMS-concurrent-reset: 0.045/0.045 secs] [Times: user=0.17 sys=0.00, real=0.04 secs] 
3096.412: [GC 3096.412: [ParNew: 1887488K->209664K(1887488K), 0.5115890 secs] 10523703K->9083651K(20761856K), 0.5119160 secs] [Times: user=5.94 sys=0.01, real=0.51 secs] 
3102.118: [GC 3102.118: [ParNew: 1887488K->209664K(1887488K), 0.7325030 secs] 10761475K->9479040K(20761856K), 0.7328510 secs] [Times: user=9.05 sys=0.01, real=0.73 secs] 
3107.800: [GC 3107.800: [ParNew: 1887488K->209664K(1887488K), 0.7826270 secs] 11156864K->9962664K(20761856K), 0.7829270 secs] [Times: user=10.37 sys=0.02, real=0.79 secs] 
3113.594: [GC 3113.594: [ParNew: 1887488K->209664K(1887488K), 0.8742370 secs] 11640488K->10473398K(20761856K), 0.8745490 secs] [Times: user=11.07 sys=0.03, real=0.87 secs] 
3118.287: [GC 3118.287: [ParNew: 1887488K->209495K(1887488K), 0.3084870 secs] 12151222K->10670700K(20761856K), 0.3088140 secs] [Times: user=3.57 sys=0.01, real=0.31 secs] 
3122.720: [GC 3122.721: [ParNew: 1887319K->209664K(1887488K), 0.3313770 secs] 12348524K->10748948K(20761856K), 0.3316650 secs] [Times: user=4.18 sys=0.00, real=0.33 secs] 
3128.472: [GC 3128.472: [ParNew: 1887488K->209664K(1887488K), 0.8304590 secs] 12426772K->11237991K(20761856K), 0.8307760 secs] [Times: user=10.21 sys=0.02, real=0.83 secs] 
3132.247: [GC 3132.247: [ParNew: 1887488K->209664K(1887488K), 0.8112630 secs] 12915815K->11672137K(20761856K), 0.8115840 secs] [Times: user=9.71 sys=0.01, real=0.81 secs] 
3137.686: [GC 3137.686: [ParNew: 1887488K->209664K(1887488K), 0.5422730 secs] 13349961K->11936513K(20761856K), 0.5425880 secs] [Times: user=6.43 sys=0.01, real=0.55 secs] 
3142.108: [GC 3142.108: [ParNew: 1887488K->209664K(1887488K), 0.7495580 secs] 13614337K->12383860K(20761856K), 0.7498400 secs] [Times: user=9.67 sys=0.02, real=0.75 secs] 
3147.752: [GC 3147.752: [ParNew: 1887488K->209664K(1887488K), 0.8720450 secs] 14061684K->12916691K(20761856K), 0.8723390 secs] [Times: user=11.64 sys=0.02, real=0.87 secs] 
3152.498: [GC 3152.498: [ParNew: 1887488K->209664K(1887488K), 0.7289540 secs] 14594515K->13329584K(20761856K), 0.7292280 secs] [Times: user=9.39 sys=0.03, real=0.73 secs] 
3153.980: [GC 3153.981: [ParNew: 1887488K->209664K(1887488K), 0.5530280 secs] 15007408K->13632090K(20761856K), 0.5532880 secs] [Times: user=7.08 sys=0.03, real=0.55 secs] 
3154.536: [GC [1 CMS-initial-mark: 13422426K(18874368K)] 13632600K(20761856K), 0.3575350 secs] [Times: user=0.36 sys=0.00, real=0.36 secs] 
3154.894: [CMS-concurrent-mark-start]
3155.953: [GC 3155.953: [ParNew: 1887488K->209664K(1887488K), 0.5345090 secs] 15309914K->13916100K(20761856K), 0.5347710 secs] [Times: user=7.13 sys=0.02, real=0.53 secs] 
3157.958: [GC 3157.958: [ParNew: 1887488K->209664K(1887488K), 1.0021900 secs] 15593924K->14496738K(20761856K), 1.0024570 secs] [Times: user=12.97 sys=0.02, real=1.01 secs] 
3159.390: [CMS-concurrent-mark: 2.955/4.496 secs] [Times: user=55.06 sys=0.25, real=4.49 secs] 
3159.390: [CMS-concurrent-preclean-start]
3161.496: [GC 3161.496: [ParNew: 1887488K->209664K(1887488K), 0.9908610 secs] 16174562K->15028363K(20761856K), 0.9911840 secs] [Times: user=12.50 sys=0.01, real=0.99 secs] 
3164.325: [CMS-concurrent-preclean: 3.926/4.935 secs] [Times: user=29.83 sys=0.13, real=4.94 secs] 
3164.325: [CMS-concurrent-abortable-preclean-start]
3165.554: [CMS-concurrent-abortable-preclean: 1.226/1.229 secs] [Times: user=2.57 sys=0.10, real=1.23 secs] 
3165.555: [GC[YG occupancy: 1588362 K (1887488 K)]3165.555: [GC 3165.555: [ParNew: 1588362K->209664K(1887488K), 0.6922210 secs] 16407061K->15385875K(20761856K), 0.6925270 secs] [Times: user=8.85 sys=0.01, real=0.69 secs] 
3166.247: [Rescan (parallel) , 0.2205670 secs]3166.468: [weak refs processing, 0.2081260 secs]3166.676: [class unloading, 0.0375880 secs]3166.714: [scrub symbol & string tables, 0.0067710 secs] [1 CMS-remark: 15176211K(18874368K)] 15385875K(20761856K), 1.2456140 secs] [Times: user=13.12 sys=0.01, real=1.24 secs] 
3166.801: [CMS-concurrent-sweep-start]
3170.896: [GC 3170.896: [ParNew: 1887488K->209664K(1887488K), 0.3162060 secs] 16240206K->14761529K(20761856K), 0.3164520 secs] [Times: user=4.10 sys=0.02, real=0.32 secs] 
3174.925: [GC 3174.925: [ParNew: 1887488K->209664K(1887488K), 0.1667630 secs] 14252766K->12587662K(20761856K), 0.1670550 secs] [Times: user=2.60 sys=0.00, real=0.16 secs] 
3178.996: [GC 3178.996: [ParNew: 1887488K->209664K(1887488K), 0.3211170 secs] 11935459K->10473653K(20761856K), 0.3213730 secs] [Times: user=3.89 sys=0.04, real=0.32 secs] 
3183.231: [GC 3183.231: [ParNew: 1887488K->181945K(1887488K), 0.2403240 secs] 9955012K->8373441K(20761856K), 0.2406300 secs] [Times: user=3.02 sys=0.00, real=0.24 secs] 
3185.944: [CMS-concurrent-sweep: 18.027/19.143 secs] [Times: user=54.15 sys=1.01, real=19.15 secs] 
3185.944: [CMS-concurrent-reset-start]
3185.995: [CMS-concurrent-reset: 0.051/0.051 secs] [Times: user=0.11 sys=0.02, real=0.05 secs] 
3186.881: [GC 3186.881: [ParNew: 1859769K->209664K(1887488K), 0.7819160 secs] 8942054K->7660157K(20761856K), 0.7822650 secs] [Times: user=9.08 sys=0.02, real=0.78 secs] 
3190.543: [GC 3190.543: [ParNew: 1887488K->209664K(1887488K), 0.8921740 secs] 9337981K->8188224K(20761856K), 0.8925200 secs] [Times: user=11.04 sys=0.01, real=0.90 secs] 
3196.470: [GC 3196.470: [ParNew: 1887488K->209664K(1887488K), 0.4535160 secs] 9866048K->8481590K(20761856K), 0.4538700 secs] [Times: user=6.12 sys=0.03, real=0.45 secs] 
3199.503: [GC 3199.503: [ParNew: 1887488K->209664K(1887488K), 0.8479350 secs] 10159414K->8986834K(20761856K), 0.8482570 secs] [Times: user=10.25 sys=0.03, real=0.85 secs] 
3202.112: [GC 3202.112: [ParNew: 1887488K->209664K(1887488K), 0.9001230 secs] 10664658K->9483122K(20761856K), 0.9004560 secs] [Times: user=10.82 sys=0.02, real=0.90 secs] 
3204.712: [GC 3204.712: [ParNew: 1887488K->209664K(1887488K), 0.9150910 secs] 11160946K->10041900K(20761856K), 0.9153860 secs] [Times: user=12.10 sys=0.02, real=0.92 secs] 
3208.385: [GC 3208.385: [ParNew: 1887488K->209664K(1887488K), 0.8185750 secs] 11719724K->10510944K(20761856K), 0.8189090 secs] [Times: user=9.93 sys=0.02, real=0.82 secs] 
3211.402: [GC 3211.402: [ParNew: 1887488K->209664K(1887488K), 0.8635650 secs] 12188768K->11041013K(20761856K), 0.8638660 secs] [Times: user=11.53 sys=0.03, real=0.86 secs] 
3213.471: [GC 3213.471: [ParNew: 1887488K->209664K(1887488K), 0.9523760 secs] 12718837K->11642427K(20761856K), 0.9526490 secs] [Times: user=11.96 sys=0.05, real=0.95 secs] 
3216.156: [GC 3216.157: [ParNew: 1887488K->209664K(1887488K), 0.9375210 secs] 13320251K->12215291K(20761856K), 0.9378230 secs] [Times: user=12.55 sys=0.02, real=0.94 secs] 
3218.377: [GC 3218.377: [ParNew: 1887488K->209662K(1887488K), 1.0353790 secs] 13893115K->12774510K(20761856K), 1.0356660 secs] [Times: user=12.07 sys=0.02, real=1.04 secs] 
3220.733: [GC 3220.733: [ParNew: 1887486K->209664K(1887488K), 0.9262750 secs] 14452334K->13280991K(20761856K), 0.9265410 secs] [Times: user=11.65 sys=0.02, real=0.92 secs] 
3222.915: [GC 3222.915: [ParNew: 1887488K->209664K(1887488K), 1.0160580 secs] 14958815K->13829112K(20761856K), 1.0163710 secs] [Times: user=12.14 sys=0.01, real=1.02 secs] 
3223.934: [GC [1 CMS-initial-mark: 13619448K(18874368K)] 13830457K(20761856K), 0.5685660 secs] [Times: user=0.57 sys=0.00, real=0.57 secs] 
3224.503: [CMS-concurrent-mark-start]
3225.884: [GC 3225.885: [ParNew: 1887488K->209664K(1887488K), 0.9287630 secs] 15506936K->14356155K(20761856K), 0.9290340 secs] [Times: user=11.64 sys=0.03, real=0.93 secs] 
3228.846: [GC 3228.846: [ParNew: 1887488K->209664K(1887488K), 0.7345640 secs] 16033979K->14707793K(20761856K), 0.7348850 secs] [Times: user=8.51 sys=0.02, real=0.73 secs] 
3229.684: [CMS-concurrent-mark: 3.501/5.181 secs] [Times: user=59.69 sys=0.20, real=5.18 secs] 
3229.684: [CMS-concurrent-preclean-start]
3232.029: [CMS-concurrent-preclean: 2.332/2.345 secs] [Times: user=8.40 sys=0.14, real=2.34 secs] 
3232.029: [CMS-concurrent-abortable-preclean-start]
3232.941: [CMS-concurrent-abortable-preclean: 0.909/0.912 secs] [Times: user=1.85 sys=0.15, real=0.91 secs] 
3232.942: [GC[YG occupancy: 1767697 K (1887488 K)]3232.942: [GC 3232.942: [ParNew: 1767697K->209663K(1887488K), 0.7232600 secs] 16265826K->15062853K(20761856K), 0.7236340 secs] [Times: user=8.28 sys=0.01, real=0.72 secs] 
3233.665: [Rescan (parallel) , 0.2524660 secs]3233.918: [weak refs processing, 0.3225640 secs]3234.241: [class unloading, 0.0389600 secs]3234.280: [scrub symbol & string tables, 0.0079570 secs] [1 CMS-remark: 14853190K(18874368K)] 15062853K(20761856K), 1.4581700 secs] [Times: user=13.27 sys=0.01, real=1.45 secs] 
3234.411: [CMS-concurrent-sweep-start]
3236.503: [GC 3236.503: [ParNew: 1887487K->209664K(1887488K), 0.8601900 secs] 16566673K->15329872K(20761856K), 0.8605220 secs] [Times: user=10.05 sys=0.03, real=0.86 secs] 
3239.446: [GC 3239.446: [ParNew: 1887488K->209664K(1887488K), 1.0112470 secs] 16496314K->15312043K(20761856K), 1.0115600 secs] [Times: user=11.15 sys=0.06, real=1.01 secs] 
3243.946: [GC 3243.946: [ParNew: 1887488K->209664K(1887488K), 0.6256970 secs] 15083184K->13746795K(20761856K), 0.6260980 secs] [Times: user=6.99 sys=0.03, real=0.62 secs] 
3247.648: [GC 3247.648: [ParNew: 1887488K->209664K(1887488K), 0.9322030 secs] 13705585K->12537500K(20761856K), 0.9325590 secs] [Times: user=10.85 sys=0.03, real=0.93 secs] 
3250.470: [GC 3250.470: [ParNew: 1887488K->209664K(1887488K), 0.9669610 secs] 13294502K->12123286K(20761856K), 0.9673260 secs] [Times: user=10.89 sys=0.03, real=0.97 secs] 
3255.776: [GC 3255.776: [ParNew: 1887488K->209664K(1887488K), 0.5800590 secs] 11421973K->9997230K(20761856K), 0.5804220 secs] [Times: user=6.11 sys=0.03, real=0.58 secs] 
3257.701: [CMS-concurrent-sweep: 18.263/23.289 secs] [Times: user=128.14 sys=1.24, real=23.29 secs] 
3257.701: [CMS-concurrent-reset-start]
3257.740: [CMS-concurrent-reset: 0.039/0.039 secs] [Times: user=0.08 sys=0.00, real=0.04 secs] 
3261.136: [GC 3261.137: [ParNew: 1887488K->209664K(1887488K), 0.5294140 secs] 11214383K->9767997K(20761856K), 0.5297720 secs] [Times: user=5.66 sys=0.02, real=0.52 secs] 
3267.098: [GC 3267.099: [ParNew: 1887488K->209664K(1887488K), 0.7453090 secs] 11445821K->10134747K(20761856K), 0.7456810 secs] [Times: user=8.50 sys=0.02, real=0.74 secs] 
3273.240: [GC 3273.240: [ParNew: 1887488K->209664K(1887488K), 0.8528570 secs] 11812571K->10617071K(20761856K), 0.8531960 secs] [Times: user=10.60 sys=0.02, real=0.85 secs] 
3279.437: [GC 3279.438: [ParNew: 1887488K->209664K(1887488K), 0.9224540 secs] 12294895K->11122014K(20761856K), 0.9228160 secs] [Times: user=11.09 sys=0.02, real=0.93 secs] 
3284.484: [GC 3284.484: [ParNew: 1887488K->209664K(1887488K), 0.4081930 secs] 12799838K->11327191K(20761856K), 0.4085470 secs] [Times: user=4.41 sys=0.01, real=0.41 secs] 
3289.114: [GC 3289.114: [ParNew: 1887488K->209664K(1887488K), 0.3362080 secs] 13005015K->11448772K(20761856K), 0.3365780 secs] [Times: user=3.79 sys=0.01, real=0.34 secs] 
3295.025: [GC 3295.025: [ParNew: 1887488K->209664K(1887488K), 0.7557030 secs] 13126596K->11864698K(20761856K), 0.7560460 secs] [Times: user=9.10 sys=0.02, real=0.75 secs] 
3299.074: [GC 3299.074: [ParNew: 1887488K->209664K(1887488K), 0.8930280 secs] 13542522K->12363372K(20761856K), 0.8934020 secs] [Times: user=10.47 sys=0.02, real=0.89 secs] 
3305.197: [GC 3305.197: [ParNew: 1887488K->209664K(1887488K), 0.5703290 secs] 14041196K->12600517K(20761856K), 0.5706920 secs] [Times: user=6.12 sys=0.02, real=0.57 secs] 
3310.763: [GC 3310.764: [ParNew: 1887488K->209664K(1887488K), 0.8007450 secs] 14278341K->13003916K(20761856K), 0.8010980 secs] [Times: user=9.27 sys=0.02, real=0.81 secs] 
3317.069: [GC 3317.070: [ParNew: 1887488K->209664K(1887488K), 1.0077060 secs] 14681740K->13545287K(20761856K), 1.0080850 secs] [Times: user=11.95 sys=0.02, real=1.01 secs] 
3318.080: [GC [1 CMS-initial-mark: 13335623K(18874368K)] 13545549K(20761856K), 0.5409390 secs] [Times: user=0.54 sys=0.00, real=0.54 secs] 
3318.622: [CMS-concurrent-mark-start]
3320.730: [CMS-concurrent-mark: 2.108/2.108 secs] [Times: user=13.85 sys=0.04, real=2.11 secs] 
3320.730: [CMS-concurrent-preclean-start]
3320.859: [CMS-concurrent-preclean: 0.128/0.129 secs] [Times: user=0.27 sys=0.00, real=0.13 secs] 
3320.859: [CMS-concurrent-abortable-preclean-start]
3322.240: [GC 3322.240: [ParNew: 1887488K->209664K(1887488K), 0.9431620 secs] 15223111K->14012140K(20761856K), 0.9435200 secs] [Times: user=10.49 sys=0.02, real=0.94 secs] 
3324.544: [GC 3324.544: [ParNew: 1887488K->209664K(1887488K), 0.7134070 secs] 15689964K->14331300K(20761856K), 0.7137310 secs] [Times: user=7.75 sys=0.02, real=0.72 secs] 
3325.299: [CMS-concurrent-abortable-preclean: 2.761/4.440 secs] [Times: user=32.55 sys=0.27, real=4.44 secs] 
3325.301: [GC[YG occupancy: 353576 K (1887488 K)]3325.301: [GC 3325.301: [ParNew: 353576K->209644K(1887488K), 0.3017520 secs] 14475212K->14542004K(20761856K), 0.3020790 secs] [Times: user=3.55 sys=0.00, real=0.30 secs] 
3325.603: [Rescan (parallel) , 0.1679430 secs]3325.771: [weak refs processing, 2.3919500 secs]3328.163: [class unloading, 0.0392240 secs]3328.202: [scrub symbol & string tables, 0.0077570 secs] [1 CMS-remark: 14332360K(18874368K)] 14542004K(20761856K), 2.9946660 secs] [Times: user=9.06 sys=0.01, real=2.99 secs] 
3328.296: [CMS-concurrent-sweep-start]
3329.047: [GC 3329.047: [ParNew: 1887468K->209664K(1887488K), 0.2873630 secs] 16139923K->14507061K(20761856K), 0.2876780 secs] [Times: user=3.89 sys=0.01, real=0.28 secs] 
3330.785: [GC 3330.785: [ParNew: 1887488K->209664K(1887488K), 1.1331080 secs] 16121699K->15023530K(20761856K), 1.1334270 secs] [Times: user=12.53 sys=0.03, real=1.14 secs] 
3333.877: [GC 3333.877: [ParNew: 1887488K->209664K(1887488K), 1.1564300 secs] 16197774K->15080029K(20761856K), 1.1568090 secs] [Times: user=12.89 sys=0.04, real=1.16 secs] 
3338.796: [GC 3338.797: [ParNew: 1887488K->209664K(1887488K), 0.9413640 secs] 15136211K->13920538K(20761856K), 0.9417320 secs] [Times: user=10.74 sys=0.01, real=0.94 secs] 
3343.622: [GC 3343.623: [ParNew: 1887488K->209664K(1887488K), 0.3806390 secs] 13125061K->11668601K(20761856K), 0.3809420 secs] [Times: user=5.00 sys=0.03, real=0.38 secs] 
3347.799: [GC 3347.799: [ParNew: 1878817K->209664K(1887488K), 0.7037000 secs] 10861323K->9545158K(20761856K), 0.7040460 secs] [Times: user=7.83 sys=0.01, real=0.71 secs] 
3351.257: [GC 3351.257: [ParNew: 1887488K->209664K(1887488K), 0.9509640 secs] 10234471K->9076607K(20761856K), 0.9513150 secs] [Times: user=10.77 sys=0.03, real=0.95 secs] 
3352.341: [CMS-concurrent-sweep: 18.440/24.044 secs] [Times: user=143.56 sys=1.50, real=24.05 secs] 
3352.341: [CMS-concurrent-reset-start]
3352.389: [CMS-concurrent-reset: 0.048/0.048 secs] [Times: user=0.20 sys=0.00, real=0.04 secs] 
3356.558: [GC 3356.559: [ParNew: 1887488K->209664K(1887488K), 0.6008110 secs] 10731025K->9393808K(20761856K), 0.6011800 secs] [Times: user=7.16 sys=0.01, real=0.60 secs] 
3360.453: [GC 3360.454: [ParNew: 1887488K->209664K(1887488K), 0.8061030 secs] 11071632K->9841952K(20761856K), 0.8064860 secs] [Times: user=9.29 sys=0.01, real=0.80 secs] 
3363.038: [GC 3363.039: [ParNew: 1887488K->209664K(1887488K), 1.0278860 secs] 11519776K->10382882K(20761856K), 1.0282780 secs] [Times: user=11.56 sys=0.02, real=1.03 secs] 
3365.498: [GC 3365.498: [ParNew: 1887488K->209664K(1887488K), 1.0716100 secs] 12060706K->10935972K(20761856K), 1.0719880 secs] [Times: user=12.17 sys=0.03, real=1.07 secs] 
3369.431: [GC 3369.431: [ParNew: 1887488K->209664K(1887488K), 0.9188140 secs] 12613796K->11414434K(20761856K), 0.9191850 secs] [Times: user=10.26 sys=0.02, real=0.92 secs] 
3372.384: [GC 3372.384: [ParNew: 1887488K->209664K(1887488K), 1.0271820 secs] 13092258K->11935451K(20761856K), 1.0275700 secs] [Times: user=11.54 sys=0.03, real=1.02 secs] 
3375.330: [GC 3375.330: [ParNew: 1887488K->209662K(1887488K), 1.0711560 secs] 13613275K->12514689K(20761856K), 1.0715450 secs] [Times: user=12.47 sys=0.03, real=1.07 secs] 
3378.250: [GC 3378.250: [ParNew: 1887486K->209664K(1887488K), 1.0527660 secs] 14192513K->13068914K(20761856K), 1.0531020 secs] [Times: user=12.52 sys=0.02, real=1.05 secs] 
3380.511: [GC 3380.511: [ParNew: 1887488K->209664K(1887488K), 1.1016010 secs] 14746738K->13641235K(20761856K), 1.1019150 secs] [Times: user=12.23 sys=0.03, real=1.10 secs] 
3381.615: [GC [1 CMS-initial-mark: 13431571K(18874368K)] 13641578K(20761856K), 0.4562730 secs] [Times: user=0.46 sys=0.00, real=0.46 secs] 
3382.071: [CMS-concurrent-mark-start]
3383.567: [GC 3383.567: [ParNew: 1887488K->209664K(1887488K), 1.0131840 secs] 15319059K->14154769K(20761856K), 1.0134900 secs] [Times: user=11.43 sys=0.05, real=1.01 secs] 
3386.155: [GC 3386.156: [ParNew: 1887488K->209664K(1887488K), 1.0760490 secs] 15832593K->14717623K(20761856K), 1.0763490 secs] [Times: user=12.04 sys=0.04, real=1.08 secs] 
3388.404: [CMS-concurrent-mark: 4.237/6.332 secs] [Times: user=82.80 sys=0.36, real=6.33 secs] 
3388.404: [CMS-concurrent-preclean-start]
3388.773: [GC 3388.773: [ParNew: 1887488K->209664K(1887488K), 1.0522500 secs] 16395447K->15271647K(20761856K), 1.0525460 secs] [Times: user=12.23 sys=0.03, real=1.05 secs] 
3391.864: [GC 3391.864: [ParNew: 1887488K->209662K(1887488K), 0.7534910 secs] 16949471K->15642567K(20761856K), 0.7538160 secs] [Times: user=8.86 sys=0.02, real=0.76 secs] 
3395.454: [CMS-concurrent-preclean: 5.182/7.051 secs] [Times: user=47.56 sys=0.33, real=7.05 secs] 
3395.455: [CMS-concurrent-abortable-preclean-start]
3395.720: [GC 3395.720: [ParNew: 1887486K->209664K(1887488K), 0.8048970 secs] 17320391K->16024910K(20761856K), 0.8052720 secs] [Times: user=9.18 sys=0.01, real=0.80 secs] 
3399.062: [CMS-concurrent-abortable-preclean: 2.780/3.608 secs] [Times: user=20.84 sys=0.19, real=3.61 secs] 
3399.064: [GC[YG occupancy: 1883908 K (1887488 K)]3399.064: [GC 3399.064: [ParNew: 1883908K->209664K(1887488K), 1.0406650 secs] 17699155K->16517244K(20761856K), 1.0410230 secs] [Times: user=11.66 sys=0.01, real=1.04 secs] 
3400.105: [Rescan (parallel) , 0.1940130 secs]3400.299: [weak refs processing, 0.4506990 secs]3400.750: [class unloading, 0.0636240 secs]3400.814: [scrub symbol & string tables, 0.0100170 secs] [1 CMS-remark: 16307580K(18874368K)] 16517244K(20761856K), 1.8475340 secs] [Times: user=15.74 sys=0.02, real=1.85 secs] 
3400.912: [CMS-concurrent-sweep-start]
3403.256: [GC 3403.256: [ParNew: 1887488K->209664K(1887488K), 0.9957780 secs] 17940842K->16789722K(20761856K), 0.9961250 secs] [Times: user=11.22 sys=0.06, real=1.00 secs] 
3407.184: [GC 3407.184: [ParNew: 1887488K->209664K(1887488K), 0.5749900 secs] 17301862K->15956123K(20761856K), 0.5753550 secs] [Times: user=6.87 sys=0.03, real=0.58 secs] 
3410.140: [GC 3410.140: [ParNew: 1887488K->209664K(1887488K), 1.0920650 secs] 16205138K->15080987K(20761856K), 1.0924450 secs] [Times: user=12.10 sys=0.03, real=1.09 secs] 
3414.327: [GC 3414.328: [ParNew: 1887488K->209664K(1887488K), 0.8369900 secs] 14631949K->13386623K(20761856K), 0.8373300 secs] [Times: user=9.67 sys=0.03, real=0.84 secs] 
3420.020: [GC 3420.021: [ParNew: 1887488K->209664K(1887488K), 0.5297450 secs] 12694614K->11250209K(20761856K), 0.5301070 secs] [Times: user=5.45 sys=0.03, real=0.53 secs] 
3421.498: [CMS-concurrent-sweep: 16.514/20.586 secs] [Times: user=109.79 sys=1.23, real=20.58 secs] 
3421.498: [CMS-concurrent-reset-start]
3421.538: [CMS-concurrent-reset: 0.040/0.040 secs] [Times: user=0.08 sys=0.00, real=0.04 secs] 
3425.432: [GC 3425.432: [ParNew: 1887488K->209664K(1887488K), 0.5723380 secs] 12565918K->11123764K(20761856K), 0.5727050 secs] [Times: user=6.11 sys=0.01, real=0.57 secs] 
3431.228: [GC 3431.228: [ParNew: 1887488K->209664K(1887488K), 0.8460870 secs] 12801588K->11553970K(20761856K), 0.8464450 secs] [Times: user=9.63 sys=0.02, real=0.85 secs] 
3437.151: [GC 3437.151: [ParNew: 1887488K->209664K(1887488K), 0.8969260 secs] 13231794K->12031201K(20761856K), 0.8972820 secs] [Times: user=10.60 sys=0.01, real=0.90 secs] 
3443.023: [GC 3443.023: [ParNew: 1887276K->209664K(1887488K), 0.8873570 secs] 13708813K->12494702K(20761856K), 0.8877180 secs] [Times: user=10.41 sys=0.02, real=0.89 secs] 
3447.475: [GC 3447.475: [ParNew: 1887488K->209423K(1887488K), 0.3126960 secs] 14172526K->12692059K(20761856K), 0.3130650 secs] [Times: user=3.42 sys=0.01, real=0.31 secs] 
3452.513: [GC 3452.514: [ParNew: 1887247K->209664K(1887488K), 0.4277790 secs] 14369883K->12817380K(20761856K), 0.4281650 secs] [Times: user=5.16 sys=0.00, real=0.43 secs] 
3458.168: [GC 3458.168: [ParNew: 1887488K->209664K(1887488K), 0.9701330 secs] 14495204K->13343635K(20761856K), 0.9705020 secs] [Times: user=11.19 sys=0.02, real=0.97 secs] 
3462.688: [GC 3462.688: [ParNew: 1887488K->209664K(1887488K), 0.7755840 secs] 15021459K->13694279K(20761856K), 0.7759500 secs] [Times: user=8.27 sys=0.02, real=0.77 secs] 
3463.465: [GC [1 CMS-initial-mark: 13484615K(18874368K)] 13718632K(20761856K), 0.5895400 secs] [Times: user=0.59 sys=0.00, real=0.59 secs] 
3464.055: [CMS-concurrent-mark-start]
3466.225: [CMS-concurrent-mark: 2.170/2.170 secs] [Times: user=14.60 sys=0.13, real=2.17 secs] 
3466.225: [CMS-concurrent-preclean-start]
3466.343: [CMS-concurrent-preclean: 0.118/0.118 secs] [Times: user=0.23 sys=0.00, real=0.12 secs] 
3466.343: [CMS-concurrent-abortable-preclean-start]
3468.276: [GC 3468.276: [ParNew: 1887488K->209664K(1887488K), 0.6259780 secs] 15372103K->13981865K(20761856K), 0.6263490 secs] [Times: user=6.69 sys=0.03, real=0.63 secs] 
 CMS: abort preclean due to time 3472.312: [CMS-concurrent-abortable-preclean: 5.331/5.968 secs] [Times: user=18.88 sys=0.14, real=5.97 secs] 
3472.313: [GC[YG occupancy: 1418329 K (1887488 K)]3472.313: [GC 3472.314: [ParNew: 1418329K->209664K(1887488K), 0.6470200 secs] 15190531K->14291055K(20761856K), 0.6473370 secs] [Times: user=7.51 sys=0.01, real=0.65 secs] 
3472.961: [Rescan (parallel) , 0.1105780 secs]3473.071: [weak refs processing, 0.1164830 secs]3473.188: [class unloading, 0.0477190 secs]3473.236: [scrub symbol & string tables, 0.0085970 secs] [1 CMS-remark: 14081391K(18874368K)] 14291055K(20761856K), 1.0438160 secs] [Times: user=9.75 sys=0.01, real=1.04 secs] 
3473.358: [CMS-concurrent-sweep-start]
3478.273: [GC 3478.273: [ParNew: 1887488K->209664K(1887488K), 0.9357510 secs] 14819540K->13671940K(20761856K), 0.9360870 secs] [Times: user=11.60 sys=0.02, real=0.93 secs] 
3483.159: [GC 3483.159: [ParNew: 1887488K->209664K(1887488K), 0.8691370 secs] 13193521K->11948875K(20761856K), 0.8694770 secs] [Times: user=9.82 sys=0.03, real=0.87 secs] 
3485.460: [GC 3485.460: [ParNew: 1887488K->209664K(1887488K), 0.6621050 secs] 12970834K->11618833K(20761856K), 0.6624050 secs] [Times: user=7.50 sys=0.03, real=0.67 secs] 
3486.829: [GC 3486.829: [ParNew: 1887488K->209664K(1887488K), 0.5005340 secs] 12980394K->11539722K(20761856K), 0.5008850 secs] [Times: user=5.83 sys=0.02, real=0.50 secs] 
3488.925: [GC 3488.925: [ParNew: 1887488K->209664K(1887488K), 1.0805810 secs] 12347524K->11226167K(20761856K), 1.0809120 secs] [Times: user=12.06 sys=0.04, real=1.08 secs] 
3491.964: [GC 3491.964: [ParNew: 1887488K->209664K(1887488K), 1.1507000 secs] 12159004K->11056647K(20761856K), 1.1510680 secs] [Times: user=13.04 sys=0.03, real=1.15 secs] 
3496.748: [GC 3496.748: [ParNew: 1887488K->209664K(1887488K), 0.9421940 secs] 11140257K->9922149K(20761856K), 0.9425360 secs] [Times: user=10.55 sys=0.03, real=0.94 secs] 
3501.261: [GC 3501.262: [ParNew: 1887488K->209664K(1887488K), 0.3289660 secs] 10184247K->8703490K(20761856K), 0.3292630 secs] [Times: user=4.16 sys=0.04, real=0.33 secs] 
3502.708: [CMS-concurrent-sweep: 22.817/29.350 secs] [Times: user=163.31 sys=1.39, real=29.35 secs] 
3502.708: [CMS-concurrent-reset-start]
3502.750: [CMS-concurrent-reset: 0.042/0.042 secs] [Times: user=0.09 sys=0.00, real=0.04 secs] 
3505.735: [GC 3505.735: [ParNew: 1887488K->209664K(1887488K), 0.2622820 secs] 9831004K->8282229K(20761856K), 0.2626270 secs] [Times: user=3.31 sys=0.01, real=0.26 secs] 
3509.689: [GC 3509.689: [ParNew: 1887488K->199878K(1887488K), 0.3005010 secs] 9960053K->8414016K(20761856K), 0.3008350 secs] [Times: user=3.39 sys=0.01, real=0.30 secs] 
3513.678: [GC 3513.678: [ParNew: 1877702K->192844K(1887488K), 0.2614100 secs] 10091840K->8536048K(20761856K), 0.2617270 secs] [Times: user=3.00 sys=0.00, real=0.26 secs] 
3517.969: [GC 3517.969: [ParNew: 1870668K->150782K(1887488K), 0.2235950 secs] 10213872K->8605083K(20761856K), 0.2238940 secs] [Times: user=2.71 sys=0.01, real=0.22 secs] 
3522.147: [GC 3522.147: [ParNew: 1828606K->177376K(1887488K), 0.2410710 secs] 10282907K->8743203K(20761856K), 0.2413900 secs] [Times: user=2.83 sys=0.01, real=0.24 secs] 
3525.996: [GC 3525.997: [ParNew: 1855200K->183466K(1887488K), 0.2362490 secs] 10421027K->8865837K(20761856K), 0.2365470 secs] [Times: user=2.97 sys=0.01, real=0.24 secs] 
3530.576: [GC 3530.577: [ParNew: 1861290K->187337K(1887488K), 0.2686410 secs] 10543661K->8997429K(20761856K), 0.2689840 secs] [Times: user=3.24 sys=0.01, real=0.27 secs] 
3534.453: [GC 3534.453: [ParNew: 1865161K->209664K(1887488K), 0.2730180 secs] 10675253K->9151378K(20761856K), 0.2733870 secs] [Times: user=3.36 sys=0.01, real=0.27 secs] 
3539.130: [GC 3539.130: [ParNew: 1887488K->209664K(1887488K), 0.2572250 secs] 10829202K->9300034K(20761856K), 0.2575290 secs] [Times: user=3.22 sys=0.01, real=0.25 secs] 
3542.633: [GC 3542.633: [ParNew: 1887488K->209664K(1887488K), 0.7457940 secs] 10977858K->9608261K(20761856K), 0.7461660 secs] [Times: user=7.81 sys=0.01, real=0.74 secs] 
3546.219: [GC 3546.220: [ParNew: 1887488K->209664K(1887488K), 1.0149500 secs] 11286085K->10121463K(20761856K), 1.0153450 secs] [Times: user=11.18 sys=0.02, real=1.02 secs] 
3552.010: [GC 3552.010: [ParNew: 1887488K->209664K(1887488K), 0.5622150 secs] 11799287K->10444964K(20761856K), 0.5625950 secs] [Times: user=6.98 sys=0.02, real=0.57 secs] 
3555.673: [GC 3555.673: [ParNew: 1887488K->209664K(1887488K), 0.8319570 secs] 12122788K->10904521K(20761856K), 0.8323350 secs] [Times: user=9.52 sys=0.02, real=0.83 secs] 
3557.909: [GC 3557.909: [ParNew: 1887488K->209664K(1887488K), 0.9949520 secs] 12582345K->11465218K(20761856K), 0.9953110 secs] [Times: user=11.65 sys=0.03, real=1.00 secs] 
3560.533: [GC 3560.533: [ParNew: 1887488K->209664K(1887488K), 1.0655470 secs] 13143042K->12026276K(20761856K), 1.0659280 secs] [Times: user=12.26 sys=0.03, real=1.06 secs] 
3564.470: [GC 3564.470: [ParNew: 1887488K->209664K(1887488K), 0.8809970 secs] 13704100K->12476240K(20761856K), 0.8813710 secs] [Times: user=9.88 sys=0.02, real=0.88 secs] 
3567.366: [GC 3567.366: [ParNew: 1887488K->209664K(1887488K), 1.0028700 secs] 14154064K->12993547K(20761856K), 1.0032590 secs] [Times: user=11.20 sys=0.03, real=1.00 secs] 
3569.998: [GC 3569.998: [ParNew: 1887488K->209664K(1887488K), 1.1726190 secs] 14671371K->13593050K(20761856K), 1.1730050 secs] [Times: user=13.09 sys=0.03, real=1.17 secs] 
3571.174: [GC [1 CMS-initial-mark: 13383386K(18874368K)] 13593220K(20761856K), 0.5255710 secs] [Times: user=0.52 sys=0.00, real=0.53 secs] 
3571.700: [CMS-concurrent-mark-start]
3573.567: [GC 3573.567: [ParNew: 1887488K->209664K(1887488K), 1.1014630 secs] 15270874K->14161485K(20761856K), 1.1018020 secs] [Times: user=12.49 sys=0.04, real=1.10 secs] 
3576.242: [GC 3576.242: [ParNew: 1887488K->209664K(1887488K), 1.1068370 secs] 15839309K->14722615K(20761856K), 1.1071480 secs] [Times: user=12.47 sys=0.05, real=1.11 secs] 
3577.442: [CMS-concurrent-mark: 3.509/5.743 secs] [Times: user=63.10 sys=0.19, real=5.74 secs] 
3577.442: [CMS-concurrent-preclean-start]
3578.619: [GC 3578.619: [ParNew: 1887488K->209662K(1887488K), 1.0450810 secs] 16400439K->15257156K(20761856K), 1.0453830 secs] [Times: user=12.12 sys=0.03, real=1.04 secs] 
3580.937: [GC 3580.937: [ParNew: 1887486K->209664K(1887488K), 1.1154430 secs] 16934980K->15813986K(20761856K), 1.1157630 secs] [Times: user=12.66 sys=0.02, real=1.11 secs] 
3583.381: [GC 3583.381: [ParNew: 1887488K->209664K(1887488K), 1.0870260 secs] 17491810K->16389103K(20761856K), 1.0873550 secs] [Times: user=12.96 sys=0.01, real=1.09 secs] 
3586.630: [GC 3586.630: [ParNew: 1887488K->209664K(1887488K), 0.7248080 secs] 18066927K->16737458K(20761856K), 0.7251340 secs] [Times: user=8.63 sys=0.00, real=0.72 secs] 
3589.926: [CMS-concurrent-preclean: 8.445/12.484 secs] [Times: user=104.08 sys=0.59, real=12.48 secs] 
3589.927: [CMS-concurrent-abortable-preclean-start]
3590.977: [GC 3590.978: [ParNew: 1887488K->209664K(1887488K), 0.7035150 secs] 18415282K->17114630K(20761856K), 0.7038600 secs] [Times: user=8.70 sys=0.01, real=0.70 secs] 
3592.163: [CMS-concurrent-abortable-preclean: 1.517/2.237 secs] [Times: user=13.53 sys=0.23, real=2.24 secs] 
3592.165: [GC[YG occupancy: 572350 K (1887488 K)]3592.165: [GC 3592.165: [ParNew: 572350K->209151K(1887488K), 0.2753690 secs] 17477317K->17315366K(20761856K), 0.2757350 secs] [Times: user=3.53 sys=0.01, real=0.28 secs] 
3592.441: [Rescan (parallel) , 0.2206710 secs]3592.662: [weak refs processing, 0.5486990 secs]3593.211: [class unloading, 0.0637190 secs]3593.274: [scrub symbol & string tables, 0.0100350 secs] [1 CMS-remark: 17106214K(18874368K)] 17315366K(20761856K), 1.2183570 secs] [Times: user=8.19 sys=0.01, real=1.22 secs] 
3593.384: [CMS-concurrent-sweep-start]
3595.727: [GC 3595.727: [ParNew: 1886975K->209664K(1887488K), 0.8294100 secs] 18670303K->17341002K(20761856K), 0.8297280 secs] [Times: user=9.90 sys=0.01, real=0.83 secs] 
3599.062: [GC 3599.062: [ParNew: 1887488K->209664K(1887488K), 0.9969280 secs] 18016511K->16831211K(20761856K), 0.9972670 secs] [Times: user=11.22 sys=0.04, real=1.00 secs] 
3603.745: [GC 3603.745: [ParNew: 1887488K->209664K(1887488K), 0.6509060 secs] 16686376K->15316245K(20761856K), 0.6513070 secs] [Times: user=7.55 sys=0.02, real=0.65 secs] 
3606.571: [GC 3606.572: [ParNew: 1887488K->209664K(1887488K), 1.0261470 secs] 15923239K->14812994K(20761856K), 1.0265150 secs] [Times: user=11.80 sys=0.02, real=1.02 secs] 
3611.011: [GC 3611.011: [ParNew: 1887488K->209664K(1887488K), 0.7259570 secs] 14476559K->13123998K(20761856K), 0.7263200 secs] [Times: user=7.59 sys=0.03, real=0.72 secs] 
3615.934: [CMS-concurrent-sweep: 18.289/22.550 secs] [Times: user=117.29 sys=1.14, real=22.55 secs] 
3615.934: [CMS-concurrent-reset-start]
3615.974: [CMS-concurrent-reset: 0.040/0.040 secs] [Times: user=0.08 sys=0.01, real=0.04 secs] 
3616.208: [GC 3616.208: [ParNew: 1887488K->209664K(1887488K), 0.5378640 secs] 13117827K->11667262K(20761856K), 0.5382230 secs] [Times: user=5.58 sys=0.03, real=0.54 secs] 
3621.254: [GC 3621.254: [ParNew: 1887488K->209664K(1887488K), 0.6110130 secs] 13345086K->11937850K(20761856K), 0.6113710 secs] [Times: user=6.50 sys=0.01, real=0.61 secs] 
3626.965: [GC 3626.965: [ParNew: 1887488K->209664K(1887488K), 0.9189250 secs] 13615674K->12423948K(20761856K), 0.9192980 secs] [Times: user=10.84 sys=0.01, real=0.92 secs] 
3632.935: [GC 3632.935: [ParNew: 1887488K->209664K(1887488K), 0.9135960 secs] 14101772K->12909566K(20761856K), 0.9139540 secs] [Times: user=10.79 sys=0.01, real=0.91 secs] 
3638.642: [GC 3638.642: [ParNew: 1887488K->209664K(1887488K), 0.6491390 secs] 14587390K->13221543K(20761856K), 0.6495010 secs] [Times: user=7.32 sys=0.01, real=0.65 secs] 
3643.225: [GC 3643.225: [ParNew: 1887488K->209361K(1887488K), 0.3162320 secs] 14899367K->13417248K(20761856K), 0.3165860 secs] [Times: user=3.46 sys=0.01, real=0.32 secs] 
3648.739: [GC 3648.739: [ParNew: 1887185K->209664K(1887488K), 0.5656860 secs] 15095072K->13674441K(20761856K), 0.5660100 secs] [Times: user=7.30 sys=0.01, real=0.56 secs] 
3649.308: [GC [1 CMS-initial-mark: 13464777K(18874368K)] 13674441K(20761856K), 0.5911810 secs] [Times: user=0.60 sys=0.00, real=0.59 secs] 
3649.899: [CMS-concurrent-mark-start]
3652.124: [CMS-concurrent-mark: 2.225/2.225 secs] [Times: user=13.75 sys=0.02, real=2.22 secs] 
3652.124: [CMS-concurrent-preclean-start]
3652.234: [CMS-concurrent-preclean: 0.109/0.110 secs] [Times: user=0.22 sys=0.00, real=0.11 secs] 
3652.234: [CMS-concurrent-abortable-preclean-start]
3653.594: [GC 3653.594: [ParNew: 1887488K->209664K(1887488K), 0.9819310 secs] 15352265K->14198389K(20761856K), 0.9822860 secs] [Times: user=11.09 sys=0.03, real=0.98 secs] 
 CMS: abort preclean due to time 3658.596: [CMS-concurrent-abortable-preclean: 5.359/6.362 secs] [Times: user=26.36 sys=0.17, real=6.36 secs] 
3658.597: [GC[YG occupancy: 1821815 K (1887488 K)]3658.597: [GC 3658.598: [ParNew: 1821815K->209664K(1887488K), 0.5893360 secs] 15810541K->14461887K(20761856K), 0.5896490 secs] [Times: user=6.54 sys=0.01, real=0.59 secs] 
3659.187: [Rescan (parallel) , 0.1139860 secs]3659.301: [weak refs processing, 0.3684880 secs]3659.670: [class unloading, 0.0642090 secs]3659.734: [scrub symbol & string tables, 0.0099500 secs] [1 CMS-remark: 14252223K(18874368K)] 14461887K(20761856K), 1.2664290 secs] [Times: user=9.12 sys=0.01, real=1.27 secs] 
3659.865: [CMS-concurrent-sweep-start]
3664.361: [GC 3664.361: [ParNew: 1887488K->209664K(1887488K), 0.6405540 secs] 14579440K->13194680K(20761856K), 0.6408900 secs] [Times: user=7.18 sys=0.02, real=0.64 secs] 
3670.078: [GC 3670.078: [ParNew: 1887488K->209664K(1887488K), 0.9161770 secs] 11850589K->10690232K(20761856K), 0.9164980 secs] [Times: user=11.22 sys=0.03, real=0.92 secs] 
3676.124: [GC 3676.124: [ParNew: 1887488K->209664K(1887488K), 0.9460490 secs] 10442015K->9310057K(20761856K), 0.9463650 secs] [Times: user=11.58 sys=0.04, real=0.94 secs] 
3679.957: [GC 3679.958: [ParNew: 1887488K->209664K(1887488K), 0.7900390 secs] 10135751K->8838722K(20761856K), 0.7903640 secs] [Times: user=8.49 sys=0.04, real=0.79 secs] 
3681.339: [GC 3681.339: [ParNew: 1887488K->209664K(1887488K), 0.5277800 secs] 10404657K->8999650K(20761856K), 0.5281250 secs] [Times: user=6.19 sys=0.04, real=0.53 secs] 
3683.168: [GC 3683.168: [ParNew: 1887488K->209664K(1887488K), 0.8093100 secs] 10251243K->8951067K(20761856K), 0.8096650 secs] [Times: user=9.18 sys=0.02, real=0.81 secs] 
3685.661: [GC 3685.661: [ParNew: 1887488K->209664K(1887488K), 1.1574820 secs] 9925602K->8813522K(20761856K), 1.1577990 secs] [Times: user=12.88 sys=0.04, real=1.16 secs] 
3688.184: [CMS-concurrent-sweep: 22.508/28.319 secs] [Times: user=149.32 sys=1.11, real=28.32 secs] 
3688.184: [CMS-concurrent-reset-start]
3688.227: [CMS-concurrent-reset: 0.043/0.043 secs] [Times: user=0.09 sys=0.00, real=0.04 secs] 
3689.404: [GC 3689.404: [ParNew: 1887488K->209664K(1887488K), 1.0842960 secs] 9886774K->8716086K(20761856K), 1.0846520 secs] [Times: user=11.88 sys=0.03, real=1.08 secs] 
3694.190: [GC 3694.190: [ParNew: 1887488K->209664K(1887488K), 0.6249990 secs] 10393910K->9008499K(20761856K), 0.6253490 secs] [Times: user=7.06 sys=0.02, real=0.63 secs] 
3698.479: [GC 3698.480: [ParNew: 1887488K->209664K(1887488K), 0.3340820 secs] 10686323K->9206775K(20761856K), 0.3344080 secs] [Times: user=3.86 sys=0.03, real=0.34 secs] 
3702.070: [GC 3702.070: [ParNew: 1887488K->209664K(1887488K), 0.1636310 secs] 10884599K->9212126K(20761856K), 0.1639240 secs] [Times: user=2.48 sys=0.00, real=0.16 secs] 
3705.999: [GC 3705.999: [ParNew: 1887488K->205772K(1887488K), 0.3199490 secs] 10889950K->9414441K(20761856K), 0.3202690 secs] [Times: user=3.66 sys=0.02, real=0.32 secs] 
3710.072: [GC 3710.073: [ParNew: 1883596K->158136K(1887488K), 0.2430290 secs] 11092265K->9478192K(20761856K), 0.2433650 secs] [Times: user=2.86 sys=0.01, real=0.25 secs] 
3714.083: [GC 3714.084: [ParNew: 1835960K->193007K(1887488K), 0.2442240 secs] 11156016K->9633241K(20761856K), 0.2445310 secs] [Times: user=3.08 sys=0.01, real=0.25 secs] 
3718.369: [GC 3718.369: [ParNew: 1870831K->209586K(1887488K), 0.2740760 secs] 11311065K->9785287K(20761856K), 0.2743740 secs] [Times: user=3.33 sys=0.01, real=0.27 secs] 
3722.469: [GC 3722.469: [ParNew: 1887410K->209664K(1887488K), 0.2670850 secs] 11463111K->9923445K(20761856K), 0.2673740 secs] [Times: user=3.33 sys=0.01, real=0.26 secs] 
3726.134: [GC 3726.134: [ParNew: 1887488K->209664K(1887488K), 0.5824770 secs] 11601269K->10128155K(20761856K), 0.5828680 secs] [Times: user=5.66 sys=0.00, real=0.58 secs] 
3729.353: [GC 3729.353: [ParNew: 1887488K->209664K(1887488K), 1.0706570 secs] 11805979K->10670656K(20761856K), 1.0710510 secs] [Times: user=11.83 sys=0.02, real=1.07 secs] 
3734.972: [GC 3734.972: [ParNew: 1887488K->209664K(1887488K), 0.6223710 secs] 12348480K->11001007K(20761856K), 0.6227830 secs] [Times: user=7.18 sys=0.02, real=0.62 secs] 
3739.647: [GC 3739.647: [ParNew: 1887488K->209664K(1887488K), 0.6369680 secs] 12678831K->11375098K(20761856K), 0.6373650 secs] [Times: user=7.68 sys=0.03, real=0.64 secs] 
3741.933: [GC 3741.933: [ParNew: 1887488K->209664K(1887488K), 1.0356340 secs] 13052922K->11958376K(20761856K), 1.0359830 secs] [Times: user=11.83 sys=0.03, real=1.03 secs] 
3744.460: [GC 3744.460: [ParNew: 1887488K->209664K(1887488K), 1.0469830 secs] 13636200K->12532850K(20761856K), 1.0473420 secs] [Times: user=12.32 sys=0.02, real=1.05 secs] 
3747.804: [GC 3747.804: [ParNew: 1887488K->209664K(1887488K), 0.9603110 secs] 14210674K->13066335K(20761856K), 0.9606860 secs] [Times: user=11.48 sys=0.02, real=0.96 secs] 
3750.641: [GC 3750.641: [ParNew: 1887488K->209664K(1887488K), 0.9625770 secs] 14744159K->13538639K(20761856K), 0.9629680 secs] [Times: user=10.51 sys=0.03, real=0.97 secs] 
3751.610: [GC [1 CMS-initial-mark: 13328975K(18874368K)] 13548662K(20761856K), 0.5443630 secs] [Times: user=0.55 sys=0.00, real=0.55 secs] 
3752.155: [CMS-concurrent-mark-start]
3754.239: [GC 3754.239: [ParNew: 1887488K->209664K(1887488K), 0.9979670 secs] 15216463K->14086129K(20761856K), 0.9982830 secs] [Times: user=11.76 sys=0.04, real=1.00 secs] 
3756.435: [CMS-concurrent-mark: 3.271/4.281 secs] [Times: user=45.33 sys=0.17, real=4.28 secs] 
3756.435: [CMS-concurrent-preclean-start]
3757.051: [GC 3757.051: [ParNew: 1887488K->209664K(1887488K), 1.0500670 secs] 15763953K->14643598K(20761856K), 1.0503870 secs] [Times: user=12.42 sys=0.02, real=1.05 secs] 
3759.516: [GC 3759.517: [ParNew: 1887488K->209664K(1887488K), 1.1484540 secs] 16321422K->15247676K(20761856K), 1.1487700 secs] [Times: user=13.26 sys=0.02, real=1.15 secs] 
3762.028: [GC 3762.028: [ParNew: 1887488K->209663K(1887488K), 1.0855860 secs] 16925500K->15786548K(20761856K), 1.0859020 secs] [Times: user=12.28 sys=0.02, real=1.09 secs] 
3764.508: [GC 3764.508: [ParNew: 1887487K->209664K(1887488K), 1.0633200 secs] 17464372K->16341380K(20761856K), 1.0636260 secs] [Times: user=12.60 sys=0.02, real=1.06 secs] 
3766.985: [GC 3766.985: [ParNew: 1887488K->209664K(1887488K), 1.0451230 secs] 18019204K->16902002K(20761856K), 1.0454250 secs] [Times: user=12.57 sys=0.02, real=1.04 secs] 
3769.553: [GC 3769.553: [ParNew: 1887488K->209664K(1887488K), 0.8163960 secs] 18579826K->17281243K(20761856K), 0.8167140 secs] [Times: user=9.44 sys=0.00, real=0.82 secs] 
3773.592: [GC 3773.592: [ParNew: 1887488K->209664K(1887488K), 0.8690940 secs] 18959067K->17705236K(20761856K), 0.8694470 secs] [Times: user=9.99 sys=0.02, real=0.87 secs] 
3774.653: [CMS-concurrent-preclean: 11.035/18.218 secs] [Times: user=158.83 sys=0.77, real=18.21 secs] 
3774.653: [CMS-concurrent-abortable-preclean-start]
3777.894: [GC 3777.894: [ParNew: 1887488K->209664K(1887488K), 0.7961210 secs] 19383060K->18123482K(20761856K), 0.7964640 secs] [Times: user=10.14 sys=0.01, real=0.80 secs] 
3781.336: [GC 3781.337: [ParNew: 1887488K->209664K(1887488K), 0.9710330 secs] 19801306K->18640565K(20761856K), 0.9713500 secs] [Times: user=11.56 sys=0.02, real=0.98 secs] 
 CMS: abort preclean due to time 3782.364: [CMS-concurrent-abortable-preclean: 5.916/7.710 secs] [Times: user=43.00 sys=0.34, real=7.71 secs] 
3782.366: [GC[YG occupancy: 244154 K (1887488 K)]3782.366: [GC 3782.366: [ParNew: 244154K->209443K(1887488K), 0.2847940 secs] 18675055K->18849292K(20761856K), 0.2851050 secs] [Times: user=3.60 sys=0.00, real=0.29 secs] 
3782.651: [Rescan (parallel) , 0.2746000 secs]3782.926: [weak refs processing, 0.5686400 secs]3783.495: [class unloading, 0.0637300 secs]3783.559: [scrub symbol & string tables, 0.0099990 secs] [1 CMS-remark: 18639848K(18874368K)] 18849292K(20761856K), 1.3082430 secs] [Times: user=9.27 sys=0.00, real=1.31 secs] 
3783.675: [CMS-concurrent-sweep-start]
3786.753: [GC 3786.753: [ParNew: 1887267K->209664K(1887488K), 0.3941190 secs] 19859238K->18302904K(20761856K), 0.3944210 secs] [Times: user=5.29 sys=0.01, real=0.39 secs] 
3789.953: [GC 3789.953: [ParNew: 1887488K->209664K(1887488K), 1.0581660 secs] 18706211K->17588597K(20761856K), 1.0585250 secs] [Times: user=11.70 sys=0.03, real=1.06 secs] 
3794.162: [GC 3794.162: [ParNew: 1887488K->209664K(1887488K), 0.7876250 secs] 17509182K->16227129K(20761856K), 0.7879470 secs] [Times: user=8.96 sys=0.03, real=0.79 secs] 
3799.368: [GC 3799.368: [ParNew: 1887488K->209664K(1887488K), 0.4915140 secs] 14992667K->13552318K(20761856K), 0.4918310 secs] [Times: user=5.52 sys=0.01, real=0.50 secs] 
3803.930: [CMS-concurrent-sweep: 17.501/20.255 secs] [Times: user=85.73 sys=1.13, real=20.26 secs] 
3803.930: [CMS-concurrent-reset-start]
3803.972: [CMS-concurrent-reset: 0.041/0.041 secs] [Times: user=0.09 sys=0.00, real=0.04 secs] 
3804.612: [GC 3804.612: [ParNew: 1887488K->209664K(1887488K), 0.5737860 secs] 13927767K->12484133K(20761856K), 0.5741310 secs] [Times: user=6.14 sys=0.01, real=0.57 secs] 
3810.631: [GC 3810.631: [ParNew: 1887488K->209664K(1887488K), 0.9110670 secs] 14161957K->12928044K(20761856K), 0.9114260 secs] [Times: user=10.14 sys=0.01, real=0.91 secs] 
3816.946: [GC 3816.946: [ParNew: 1887488K->209664K(1887488K), 0.9287240 secs] 14605868K->13405418K(20761856K), 0.9290880 secs] [Times: user=10.87 sys=0.02, real=0.93 secs] 
3823.077: [GC 3823.077: [ParNew: 1887488K->209664K(1887488K), 0.8659030 secs] 15083242K->13855815K(20761856K), 0.8662770 secs] [Times: user=10.20 sys=0.02, real=0.87 secs] 
3823.946: [GC [1 CMS-initial-mark: 13646151K(18874368K)] 13856202K(20761856K), 0.5943250 secs] [Times: user=0.59 sys=0.00, real=0.59 secs] 
3824.541: [CMS-concurrent-mark-start]
3826.833: [CMS-concurrent-mark: 2.285/2.292 secs] [Times: user=14.97 sys=0.10, real=2.29 secs] 
3826.833: [CMS-concurrent-preclean-start]
3826.979: [CMS-concurrent-preclean: 0.146/0.146 secs] [Times: user=0.29 sys=0.00, real=0.15 secs] 
3826.979: [CMS-concurrent-abortable-preclean-start]
3827.999: [GC 3828.000: [ParNew: 1887488K->209504K(1887488K), 0.2910530 secs] 15533639K->14052977K(20761856K), 0.2913530 secs] [Times: user=3.36 sys=0.02, real=0.29 secs] 
3830.625: [CMS-concurrent-abortable-preclean: 3.345/3.645 secs] [Times: user=10.32 sys=0.17, real=3.65 secs] 
3830.626: [GC[YG occupancy: 1066521 K (1887488 K)]3830.626: [GC 3830.626: [ParNew: 1066521K->189846K(1887488K), 0.1996110 secs] 14909993K->14033318K(20761856K), 0.1999330 secs] [Times: user=2.18 sys=0.00, real=0.20 secs] 
3830.826: [Rescan (parallel) , 0.1162210 secs]3830.943: [weak refs processing, 0.1484490 secs]3831.091: [class unloading, 0.0435690 secs]3831.135: [scrub symbol & string tables, 0.0082080 secs] [1 CMS-remark: 13843472K(18874368K)] 14033318K(20761856K), 0.6208670 secs] [Times: user=4.54 sys=0.00, real=0.62 secs] 
3831.248: [CMS-concurrent-sweep-start]
3836.193: [GC 3836.193: [ParNew: 1867670K->209664K(1887488K), 0.7558610 secs] 14281099K->13031908K(20761856K), 0.7562110 secs] [Times: user=9.14 sys=0.03, real=0.76 secs] 
3839.736: [GC 3839.736: [ParNew: 1887488K->209664K(1887488K), 0.8903680 secs] 13539071K->12352890K(20761856K), 0.8907040 secs] [Times: user=10.37 sys=0.03, real=0.90 secs] 
3845.575: [GC 3845.575: [ParNew: 1887488K->209664K(1887488K), 0.6339520 secs] 12239811K->10888053K(20761856K), 0.6342670 secs] [Times: user=7.39 sys=0.02, real=0.64 secs] 
3851.075: [GC 3851.075: [ParNew: 1887488K->209664K(1887488K), 0.6157400 secs] 11144230K->9767893K(20761856K), 0.6160570 secs] [Times: user=7.05 sys=0.03, real=0.62 secs] 
3856.792: [GC 3856.792: [ParNew: 1887488K->209664K(1887488K), 0.9025180 secs] 9346104K->8192559K(20761856K), 0.9028300 secs] [Times: user=11.13 sys=0.03, real=0.90 secs] 
3861.525: [CMS-concurrent-sweep: 26.439/30.277 secs] [Times: user=112.07 sys=1.00, real=30.27 secs] 
3861.525: [CMS-concurrent-reset-start]
3861.566: [CMS-concurrent-reset: 0.041/0.041 secs] [Times: user=0.08 sys=0.00, real=0.04 secs] 
3862.492: [GC 3862.493: [ParNew: 1887488K->209664K(1887488K), 0.9887110 secs] 8407941K->7274458K(20761856K), 0.9890600 secs] [Times: user=12.07 sys=0.03, real=0.99 secs] 
3866.134: [GC 3866.135: [ParNew: 1887488K->209664K(1887488K), 0.8227680 secs] 8952282K->7671060K(20761856K), 0.8231220 secs] [Times: user=8.90 sys=0.04, real=0.82 secs] 
3867.528: [GC 3867.528: [ParNew: 1887488K->209664K(1887488K), 0.5432770 secs] 9348884K->7947924K(20761856K), 0.5436140 secs] [Times: user=6.40 sys=0.01, real=0.55 secs] 
3869.299: [GC 3869.299: [ParNew: 1887488K->209664K(1887488K), 0.9088680 secs] 9625748K->8340766K(20761856K), 0.9092250 secs] [Times: user=9.95 sys=0.01, real=0.91 secs] 
3871.758: [GC 3871.758: [ParNew: 1887488K->209664K(1887488K), 1.1446000 secs] 10018590K->8908725K(20761856K), 1.1449610 secs] [Times: user=12.93 sys=0.02, real=1.15 secs] 
3875.481: [GC 3875.481: [ParNew: 1887488K->209664K(1887488K), 1.0989320 secs] 10586549K->9416422K(20761856K), 1.0993000 secs] [Times: user=11.83 sys=0.01, real=1.10 secs] 
3880.344: [GC 3880.344: [ParNew: 1887488K->209664K(1887488K), 0.6251100 secs] 11094246K->9691311K(20761856K), 0.6254560 secs] [Times: user=6.86 sys=0.01, real=0.62 secs] 
3884.589: [GC 3884.589: [ParNew: 1887488K->209664K(1887488K), 0.3602330 secs] 11369135K->9882611K(20761856K), 0.3605660 secs] [Times: user=4.10 sys=0.01, real=0.36 secs] 
3888.383: [GC 3888.383: [ParNew: 1887488K->158116K(1887488K), 0.2471500 secs] 11560435K->9938311K(20761856K), 0.2474880 secs] [Times: user=2.77 sys=0.01, real=0.25 secs] 
3891.915: [GC 3891.915: [ParNew: 1835940K->190650K(1887488K), 0.2639510 secs] 11616135K->10082591K(20761856K), 0.2642870 secs] [Times: user=2.99 sys=0.01, real=0.26 secs] 
3895.311: [GC 3895.311: [ParNew: 1868474K->195741K(1887488K), 0.2652250 secs] 11760415K->10207286K(20761856K), 0.2655640 secs] [Times: user=3.05 sys=0.00, real=0.27 secs] 
3899.022: [GC 3899.022: [ParNew: 1873565K->189837K(1887488K), 0.2647810 secs] 11885110K->10324014K(20761856K), 0.2651150 secs] [Times: user=3.07 sys=0.01, real=0.27 secs] 
3902.779: [GC 3902.779: [ParNew: 1867661K->209664K(1887488K), 0.2824240 secs] 12001838K->10471178K(20761856K), 0.2827720 secs] [Times: user=3.37 sys=0.01, real=0.28 secs] 
3906.592: [GC 3906.593: [ParNew: 1887488K->209664K(1887488K), 0.2914410 secs] 12149002K->10618380K(20761856K), 0.2917830 secs] [Times: user=3.39 sys=0.01, real=0.29 secs] 
3910.574: [GC 3910.574: [ParNew: 1887488K->209664K(1887488K), 0.6042080 secs] 12296204K->10832815K(20761856K), 0.6045980 secs] [Times: user=5.99 sys=0.00, real=0.61 secs] 
3913.900: [GC 3913.900: [ParNew: 1887488K->209664K(1887488K), 1.0352010 secs] 12510639K->11376430K(20761856K), 1.0355770 secs] [Times: user=11.61 sys=0.02, real=1.03 secs] 
3918.929: [GC 3918.930: [ParNew: 1887488K->209664K(1887488K), 0.6120270 secs] 13054254K->11710922K(20761856K), 0.6124160 secs] [Times: user=7.35 sys=0.01, real=0.61 secs] 
3923.081: [GC 3923.081: [ParNew: 1887488K->209664K(1887488K), 0.7098630 secs] 13388746K->12112558K(20761856K), 0.7102460 secs] [Times: user=8.36 sys=0.01, real=0.71 secs] 
3925.420: [GC 3925.420: [ParNew: 1887488K->209664K(1887488K), 1.0442250 secs] 13790382K->12696686K(20761856K), 1.0445840 secs] [Times: user=12.15 sys=0.03, real=1.04 secs] 
3927.779: [GC 3927.779: [ParNew: 1887488K->209664K(1887488K), 1.0134740 secs] 14374510K->13259403K(20761856K), 1.0138240 secs] [Times: user=12.15 sys=0.02, real=1.02 secs] 
3931.256: [GC 3931.256: [ParNew: 1887488K->209664K(1887488K), 0.9285050 secs] 14937227K->13763911K(20761856K), 0.9288260 secs] [Times: user=11.03 sys=0.02, real=0.93 secs] 
3932.186: [GC [1 CMS-initial-mark: 13554247K(18874368K)] 13764637K(20761856K), 0.4340850 secs] [Times: user=0.44 sys=0.00, real=0.44 secs] 
3932.621: [CMS-concurrent-mark-start]
3934.759: [GC 3934.759: [ParNew: 1887488K->209664K(1887488K), 0.9166310 secs] 15441735K->14248396K(20761856K), 0.9169440 secs] [Times: user=10.53 sys=0.04, real=0.92 secs] 
3937.293: [CMS-concurrent-mark: 3.734/4.672 secs] [Times: user=45.97 sys=0.17, real=4.67 secs] 
3937.293: [CMS-concurrent-preclean-start]
3937.538: [GC 3937.538: [ParNew: 1887488K->209664K(1887488K), 1.0453360 secs] 15926220K->14818513K(20761856K), 1.0456610 secs] [Times: user=12.15 sys=0.04, real=1.05 secs] 
3940.505: [GC 3940.505: [ParNew: 1887488K->209662K(1887488K), 1.0739330 secs] 16496337K->15382471K(20761856K), 1.0742860 secs] [Times: user=12.55 sys=0.03, real=1.07 secs] 
3942.845: [GC 3942.845: [ParNew: 1887486K->209664K(1887488K), 1.1380090 secs] 17060295K->15948421K(20761856K), 1.1383580 secs] [Times: user=12.91 sys=0.02, real=1.14 secs] 
3945.256: [GC 3945.256: [ParNew: 1887488K->209664K(1887488K), 1.0437150 secs] 17626245K->16463850K(20761856K), 1.0440160 secs] [Times: user=12.24 sys=0.02, real=1.04 secs] 
3947.617: [GC 3947.617: [ParNew: 1887488K->209664K(1887488K), 1.0569870 secs] 18141674K->17023784K(20761856K), 1.0573070 secs] [Times: user=12.53 sys=0.01, real=1.06 secs] 
3950.066: [GC 3950.066: [ParNew: 1887488K->209664K(1887488K), 1.0322000 secs] 18701608K->17587179K(20761856K), 1.0325070 secs] [Times: user=12.62 sys=0.02, real=1.03 secs] 
3952.761: [GC 3952.761: [ParNew: 1887488K->209664K(1887488K), 0.7638570 secs] 19265003K->17966359K(20761856K), 0.7641910 secs] [Times: user=9.13 sys=0.01, real=0.77 secs] 
3955.443: [CMS-concurrent-preclean: 10.904/18.150 secs] [Times: user=162.09 sys=0.60, real=18.14 secs] 
3955.443: [CMS-concurrent-abortable-preclean-start]
3955.705: [CMS-concurrent-abortable-preclean: 0.258/0.262 secs] [Times: user=0.53 sys=0.00, real=0.27 secs] 
3955.707: [GC[YG occupancy: 1528262 K (1887488 K)]3955.707: [GC 3955.707: [ParNew: 1528262K->209662K(1887488K), 0.7141570 secs] 19284958K->18294296K(20761856K), 0.7144980 secs] [Times: user=8.00 sys=0.01, real=0.71 secs] 
3956.421: [Rescan (parallel) , 0.2226810 secs]3956.644: [weak refs processing, 0.3495610 secs]3956.994: [class unloading, 0.0638440 secs]3957.058: [scrub symbol & string tables, 0.0099230 secs] [1 CMS-remark: 18084633K(18874368K)] 18294296K(20761856K), 1.4909660 secs] [Times: user=12.54 sys=0.01, real=1.49 secs] 
3957.199: [CMS-concurrent-sweep-start]
3960.611: [GC 3960.611: [ParNew: 1887486K->209664K(1887488K), 0.4213430 secs] 19276091K->17800805K(20761856K), 0.4216490 secs] [Times: user=5.19 sys=0.03, real=0.42 secs] 
3964.792: [GC 3964.792: [ParNew: 1887488K->209664K(1887488K), 0.3005930 secs] 17462791K->15931320K(20761856K), 0.3008980 secs] [Times: user=3.60 sys=0.02, real=0.30 secs] 
3968.311: [GC 3968.311: [ParNew: 1887488K->191594K(1887488K), 0.2801410 secs] 15603041K->14037065K(20761856K), 0.2804380 secs] [Times: user=3.31 sys=0.01, real=0.28 secs] 
3972.127: [GC 3972.127: [ParNew: 1869418K->196962K(1887488K), 0.2662870 secs] 13572587K->12028366K(20761856K), 0.2665930 secs] [Times: user=3.24 sys=0.01, real=0.26 secs] 
3975.469: [GC 3975.469: [ParNew: 1874786K->209664K(1887488K), 0.2736690 secs] 12590346K->11057687K(20761856K), 0.2739790 secs] [Times: user=3.38 sys=0.02, real=0.27 secs] 
3977.706: [CMS-concurrent-sweep: 18.885/20.507 secs] [Times: user=67.03 sys=0.99, real=20.50 secs] 
3977.706: [CMS-concurrent-reset-start]
3977.749: [CMS-concurrent-reset: 0.043/0.043 secs] [Times: user=0.09 sys=0.00, real=0.05 secs] 
3978.962: [GC 3978.962: [ParNew: 1887488K->209664K(1887488K), 0.3014940 secs] 12603640K->11073335K(20761856K), 0.3018240 secs] [Times: user=3.61 sys=0.02, real=0.30 secs] 
3982.825: [GC 3982.825: [ParNew: 1887488K->209664K(1887488K), 0.3069450 secs] 12751159K->11226916K(20761856K), 0.3073070 secs] [Times: user=3.79 sys=0.01, real=0.31 secs] 
3986.298: [GC 3986.298: [ParNew: 1887488K->209664K(1887488K), 0.5761080 secs] 12904740K->11465877K(20761856K), 0.5764560 secs] [Times: user=6.29 sys=0.01, real=0.58 secs] 
3989.317: [GC 3989.318: [ParNew: 1887488K->209664K(1887488K), 1.0050750 secs] 13143701K->11990985K(20761856K), 1.0054280 secs] [Times: user=11.69 sys=0.02, real=1.01 secs] 
3993.982: [GC 3993.983: [ParNew: 1887488K->209664K(1887488K), 0.7063190 secs] 13668809K->12359673K(20761856K), 0.7067330 secs] [Times: user=8.16 sys=0.03, real=0.70 secs] 
3997.907: [GC 3997.907: [ParNew: 1887488K->209664K(1887488K), 0.8598280 secs] 14037497K->12842214K(20761856K), 0.8601860 secs] [Times: user=10.36 sys=0.03, real=0.86 secs] 
4001.245: [GC 4001.245: [ParNew: 1887488K->209664K(1887488K), 0.9123930 secs] 14520038K->13296554K(20761856K), 0.9127600 secs] [Times: user=10.22 sys=0.02, real=0.91 secs] 
4006.835: [GC 4006.835: [ParNew: 1887488K->209664K(1887488K), 0.5671630 secs] 14974378K->13533776K(20761856K), 0.5675130 secs] [Times: user=6.02 sys=0.01, real=0.57 secs] 
4007.404: [GC [1 CMS-initial-mark: 13324112K(18874368K)] 13533889K(20761856K), 0.5927010 secs] [Times: user=0.59 sys=0.00, real=0.59 secs] 
4007.998: [CMS-concurrent-mark-start]
4010.245: [CMS-concurrent-mark: 2.247/2.247 secs] [Times: user=14.28 sys=0.07, real=2.25 secs] 
4010.245: [CMS-concurrent-preclean-start]
4010.401: [CMS-concurrent-preclean: 0.155/0.156 secs] [Times: user=0.31 sys=0.00, real=0.15 secs] 
4010.401: [CMS-concurrent-abortable-preclean-start]
4011.761: [GC 4011.761: [ParNew: 1887488K->209664K(1887488K), 0.5756280 secs] 15211600K->13799395K(20761856K), 0.5759900 secs] [Times: user=6.25 sys=0.01, real=0.58 secs] 
4015.241: [CMS-concurrent-abortable-preclean: 4.250/4.840 secs] [Times: user=15.83 sys=0.11, real=4.84 secs] 
4015.243: [GC[YG occupancy: 1183114 K (1887488 K)]4015.243: [GC 4015.243: [ParNew: 1183114K->209664K(1887488K), 0.4322580 secs] 14772846K->13979710K(20761856K), 0.4326540 secs] [Times: user=4.57 sys=0.02, real=0.43 secs] 
4015.676: [Rescan (parallel) , 0.0722580 secs]4015.748: [weak refs processing, 0.1551010 secs]4015.903: [class unloading, 0.0644430 secs]4015.968: [scrub symbol & string tables, 0.0099880 secs] [1 CMS-remark: 13770046K(18874368K)] 13979710K(20761856K), 0.8906390 secs] [Times: user=6.24 sys=0.02, real=0.89 secs] 
4016.134: [CMS-concurrent-sweep-start]
4020.515: [GC 4020.515: [ParNew: 1887488K->209664K(1887488K), 0.8769100 secs] 14337336K->13105544K(20761856K), 0.8772750 secs] [Times: user=10.41 sys=0.01, real=0.87 secs] 
4026.778: [GC 4026.778: [ParNew: 1887488K->209664K(1887488K), 0.8793850 secs] 12290247K->11110524K(20761856K), 0.8797210 secs] [Times: user=10.75 sys=0.03, real=0.88 secs] 
4031.859: [GC 4031.859: [ParNew: 1887488K->209664K(1887488K), 0.6103170 secs] 11541492K->10143459K(20761856K), 0.6106880 secs] [Times: user=6.63 sys=0.03, real=0.61 secs] 
4036.491: [GC 4036.492: [ParNew: 1887488K->207348K(1887488K), 0.3044210 secs] 10162598K->8676639K(20761856K), 0.3047590 secs] [Times: user=3.32 sys=0.02, real=0.30 secs] 
4040.987: [GC 4040.988: [ParNew: 1885172K->209664K(1887488K), 0.1644470 secs] 8282022K->6608434K(20761856K), 0.1647690 secs] [Times: user=2.42 sys=0.00, real=0.16 secs] 
4042.051: [CMS-concurrent-sweep: 22.995/25.917 secs] [Times: user=87.86 sys=0.80, real=25.91 secs] 
4042.051: [CMS-concurrent-reset-start]
4042.091: [CMS-concurrent-reset: 0.040/0.040 secs] [Times: user=0.08 sys=0.00, real=0.04 secs] 
4045.187: [GC 4045.188: [ParNew: 1887488K->209664K(1887488K), 0.3298620 secs] 8019672K->6544461K(20761856K), 0.3301490 secs] [Times: user=4.03 sys=0.02, real=0.33 secs] 
4049.916: [GC 4049.916: [ParNew: 1887488K->209664K(1887488K), 0.4548050 secs] 8222285K->6725759K(20761856K), 0.4551670 secs] [Times: user=5.19 sys=0.01, real=0.46 secs] 
4055.938: [GC 4055.938: [ParNew: 1887488K->209664K(1887488K), 0.8462920 secs] 8403583K->7209648K(20761856K), 0.8466460 secs] [Times: user=10.19 sys=0.02, real=0.85 secs] 
4059.739: [GC 4059.739: [ParNew: 1887488K->209664K(1887488K), 0.8662510 secs] 8887472K->7644245K(20761856K), 0.8666210 secs] [Times: user=9.70 sys=0.02, real=0.87 secs] 
4065.517: [GC 4065.517: [ParNew: 1887488K->209664K(1887488K), 0.6167360 secs] 9322069K->7893300K(20761856K), 0.6170920 secs] [Times: user=6.47 sys=0.01, real=0.62 secs] 
4071.059: [GC 4071.059: [ParNew: 1887488K->209664K(1887488K), 0.9096810 secs] 9571124K->8335422K(20761856K), 0.9100430 secs] [Times: user=10.23 sys=0.01, real=0.91 secs] 
4077.432: [GC 4077.432: [ParNew: 1887488K->209664K(1887488K), 1.0302750 secs] 10013246K->8868260K(20761856K), 1.0306400 secs] [Times: user=11.78 sys=0.03, real=1.04 secs] 
4082.505: [GC 4082.505: [ParNew: 1887488K->209664K(1887488K), 0.8790380 secs] 10546084K->9281263K(20761856K), 0.8794000 secs] [Times: user=9.55 sys=0.01, real=0.88 secs] 
4084.456: [GC 4084.457: [ParNew: 1887488K->209664K(1887488K), 0.6454400 secs] 10959087K->9595286K(20761856K), 0.6457730 secs] [Times: user=7.37 sys=0.03, real=0.64 secs] 
4085.955: [GC 4085.955: [ParNew: 1887488K->209664K(1887488K), 0.5485230 secs] 11273110K->9836451K(20761856K), 0.5488850 secs] [Times: user=6.37 sys=0.03, real=0.54 secs] 
4087.823: [GC 4087.823: [ParNew: 1887488K->209664K(1887488K), 1.1478840 secs] 11514275K->10403598K(20761856K), 1.1482720 secs] [Times: user=12.52 sys=0.02, real=1.15 secs] 
4091.211: [GC 4091.212: [ParNew: 1887488K->209664K(1887488K), 1.0642320 secs] 12081422K->10953105K(20761856K), 1.0645580 secs] [Times: user=12.54 sys=0.04, real=1.07 secs] 
4095.915: [GC 4095.915: [ParNew: 1887488K->209664K(1887488K), 0.8959220 secs] 12630929K->11373171K(20761856K), 0.8962880 secs] [Times: user=9.87 sys=0.02, real=0.90 secs] 
4100.291: [GC 4100.292: [ParNew: 1887488K->209664K(1887488K), 0.3084600 secs] 13050995K->11558253K(20761856K), 0.3087610 secs] [Times: user=3.92 sys=0.02, real=0.31 secs] 
4104.077: [GC 4104.077: [ParNew: 1887488K->162423K(1887488K), 0.2278770 secs] 13236077K->11630164K(20761856K), 0.2281720 secs] [Times: user=2.80 sys=0.01, real=0.23 secs] 
4107.936: [GC 4107.936: [ParNew: 1840247K->162200K(1887488K), 0.2367010 secs] 13307988K->11736175K(20761856K), 0.2370470 secs] [Times: user=2.81 sys=0.01, real=0.24 secs] 
4111.499: [GC 4111.499: [ParNew: 1840024K->174376K(1887488K), 0.2304240 secs] 13413999K->11862226K(20761856K), 0.2307300 secs] [Times: user=2.84 sys=0.01, real=0.23 secs] 
4115.313: [GC 4115.313: [ParNew: 1852200K->176580K(1887488K), 0.2574870 secs] 13540050K->11983136K(20761856K), 0.2578100 secs] [Times: user=3.12 sys=0.01, real=0.26 secs] 
4119.271: [GC 4119.271: [ParNew: 1854404K->209664K(1887488K), 0.2781870 secs] 13660960K->12148231K(20761856K), 0.2785060 secs] [Times: user=3.38 sys=0.01, real=0.28 secs] 
4123.759: [GC 4123.759: [ParNew: 1887488K->209664K(1887488K), 0.2680770 secs] 13826055K->12291295K(20761856K), 0.2683950 secs] [Times: user=3.40 sys=0.01, real=0.27 secs] 
4127.542: [GC 4127.542: [ParNew: 1887488K->209664K(1887488K), 0.3128330 secs] 13969119K->12437395K(20761856K), 0.3131500 secs] [Times: user=3.68 sys=0.01, real=0.31 secs] 
4130.835: [GC 4130.835: [ParNew: 1887488K->209664K(1887488K), 0.9788230 secs] 14115219K->12936740K(20761856K), 0.9791960 secs] [Times: user=11.24 sys=0.02, real=0.98 secs] 
4135.442: [GC 4135.443: [ParNew: 1887488K->209664K(1887488K), 0.7930400 secs] 14614564K->13358104K(20761856K), 0.7934370 secs] [Times: user=9.16 sys=0.03, real=0.79 secs] 
4141.185: [GC 4141.185: [ParNew: 1887488K->209664K(1887488K), 0.4402200 secs] 15035928K->13635974K(20761856K), 0.4406260 secs] [Times: user=5.52 sys=0.02, real=0.44 secs] 
4141.627: [GC [1 CMS-initial-mark: 13426310K(18874368K)] 13636175K(20761856K), 0.5418410 secs] [Times: user=0.55 sys=0.00, real=0.54 secs] 
4142.169: [CMS-concurrent-mark-start]
4144.020: [GC 4144.020: [ParNew: 1887488K->209664K(1887488K), 1.0120330 secs] 15313798K->14202715K(20761856K), 1.0123750 secs] [Times: user=11.02 sys=0.04, real=1.01 secs] 
4146.476: [GC 4146.476: [ParNew: 1887488K->209664K(1887488K), 0.9988240 secs] 15880539K->14775488K(20761856K), 0.9991550 secs] [Times: user=11.91 sys=0.05, real=1.00 secs] 
4147.676: [CMS-concurrent-mark: 3.483/5.507 secs] [Times: user=60.77 sys=0.28, real=5.51 secs] 
4147.676: [CMS-concurrent-preclean-start]
4149.072: [GC 4149.072: [ParNew: 1887488K->209664K(1887488K), 1.0404650 secs] 16453312K->15349388K(20761856K), 1.0408290 secs] [Times: user=12.51 sys=0.04, real=1.04 secs] 
4152.631: [GC 4152.631: [ParNew: 1887488K->209664K(1887488K), 0.9292560 secs] 17027212K->15814632K(20761856K), 0.9296510 secs] [Times: user=10.41 sys=0.03, real=0.93 secs] 
4155.512: [CMS-concurrent-preclean: 5.803/7.836 secs] [Times: user=52.72 sys=0.44, real=7.83 secs] 
4155.512: [CMS-concurrent-abortable-preclean-start]
4155.946: [GC 4155.946: [ParNew: 1887488K->209664K(1887488K), 1.0057240 secs] 17492456K->16334679K(20761856K), 1.0061020 secs] [Times: user=12.00 sys=0.01, real=1.00 secs] 
4158.911: [CMS-concurrent-abortable-preclean: 2.365/3.399 secs] [Times: user=25.49 sys=0.17, real=3.40 secs] 
4158.912: [GC[YG occupancy: 1861645 K (1887488 K)]4158.913: [GC 4158.913: [ParNew: 1861645K->209664K(1887488K), 1.1318240 secs] 17986661K->16921464K(20761856K), 1.1321850 secs] [Times: user=13.28 sys=0.02, real=1.13 secs] 
4160.045: [Rescan (parallel) , 0.2325070 secs]4160.277: [weak refs processing, 0.3551200 secs]4160.633: [class unloading, 0.0640150 secs]4160.697: [scrub symbol & string tables, 0.0100260 secs] [1 CMS-remark: 16711800K(18874368K)] 16921464K(20761856K), 1.8833850 secs] [Times: user=17.96 sys=0.02, real=1.89 secs] 
4160.797: [CMS-concurrent-sweep-start]
4162.238: [GC 4162.238: [ParNew: 1887488K->209664K(1887488K), 1.1495090 secs] 18471050K->17392560K(20761856K), 1.1498260 secs] [Times: user=13.09 sys=0.04, real=1.15 secs] 
4164.657: [GC 4164.658: [ParNew: 1887488K->209664K(1887488K), 1.0925170 secs] 18915733K->17791881K(20761856K), 1.0928220 secs] [Times: user=12.22 sys=0.03, real=1.09 secs] 
4167.007: [GC 4167.007: [ParNew: 1887488K->209664K(1887488K), 1.1221040 secs] 19003878K->17891823K(20761856K), 1.1224240 secs] [Times: user=11.89 sys=0.04, real=1.12 secs] 
4169.474: [GC 4169.474: [ParNew: 1887488K->209664K(1887488K), 1.0139770 secs] 19292404K->18159265K(20761856K), 1.0142770 secs] [Times: user=11.48 sys=0.03, real=1.02 secs] 
4171.809: [GC 4171.809: [ParNew: 1887488K->209664K(1887488K), 0.9888740 secs] 19225391K->18062359K(20761856K), 0.9891890 secs] [Times: user=11.04 sys=0.03, real=0.99 secs] 
4175.096: [GC 4175.096: [ParNew: 1887488K->209664K(1887488K), 0.7483280 secs] 18573522K->17245409K(20761856K), 0.7486720 secs] [Times: user=8.23 sys=0.03, real=0.75 secs] 
4179.067: [GC 4179.067: [ParNew: 1887488K->209664K(1887488K), 0.5338060 secs] 16627828K->15219864K(20761856K), 0.5341600 secs] [Times: user=6.35 sys=0.03, real=0.54 secs] 
4182.306: [GC 4182.306: [ParNew: 1887488K->209664K(1887488K), 1.0043940 secs] 15270434K->14129307K(20761856K), 1.0047520 secs] [Times: user=11.63 sys=0.03, real=1.01 secs] 
4186.620: [GC 4186.620: [ParNew: 1887488K->209664K(1887488K), 0.8040420 secs] 14344902K->13096952K(20761856K), 0.8044180 secs] [Times: user=9.34 sys=0.02, real=0.80 secs] 
4190.171: [CMS-concurrent-sweep: 20.838/29.374 secs] [Times: user=212.52 sys=1.67, real=29.37 secs] 
4190.171: [CMS-concurrent-reset-start]
4190.212: [CMS-concurrent-reset: 0.041/0.041 secs] [Times: user=0.08 sys=0.00, real=0.04 secs] 
4190.971: [GC 4190.971: [ParNew: 1887488K->209664K(1887488K), 0.7561590 secs] 14483415K->13204007K(20761856K), 0.7565360 secs] [Times: user=8.84 sys=0.02, real=0.75 secs] 
4194.203: [GC 4194.203: [ParNew: 1887488K->209664K(1887488K), 0.9841280 secs] 14881831K->13727449K(20761856K), 0.9844910 secs] [Times: user=11.11 sys=0.03, real=0.98 secs] 
4195.190: [GC [1 CMS-initial-mark: 13517785K(18874368K)] 13728005K(20761856K), 0.5056180 secs] [Times: user=0.50 sys=0.00, real=0.51 secs] 
4195.696: [CMS-concurrent-mark-start]
4197.807: [CMS-concurrent-mark: 2.111/2.111 secs] [Times: user=13.53 sys=0.04, real=2.11 secs] 
4197.807: [CMS-concurrent-preclean-start]
4197.950: [CMS-concurrent-preclean: 0.143/0.143 secs] [Times: user=0.29 sys=0.00, real=0.14 secs] 
4197.951: [CMS-concurrent-abortable-preclean-start]
4199.561: [GC 4199.561: [ParNew: 1887488K->209664K(1887488K), 0.5945740 secs] 15405273K->13990206K(20761856K), 0.5949240 secs] [Times: user=6.46 sys=0.01, real=0.60 secs] 
 CMS: abort preclean due to time 4203.227: [CMS-concurrent-abortable-preclean: 4.663/5.276 secs] [Times: user=16.35 sys=0.13, real=5.28 secs] 
4203.229: [GC[YG occupancy: 1295887 K (1887488 K)]4203.229: [GC 4203.229: [ParNew: 1295887K->209664K(1887488K), 0.3809330 secs] 15076430K->14174077K(20761856K), 0.3812870 secs] [Times: user=4.15 sys=0.02, real=0.38 secs] 
4203.610: [Rescan (parallel) , 0.0703110 secs]4203.681: [weak refs processing, 0.1495640 secs]4203.830: [class unloading, 0.0645570 secs]4203.895: [scrub symbol & string tables, 0.0099850 secs] [1 CMS-remark: 13964413K(18874368K)] 14174077K(20761856K), 0.8302840 secs] [Times: user=5.77 sys=0.02, real=0.83 secs] 
4204.060: [CMS-concurrent-sweep-start]
4208.740: [GC 4208.740: [ParNew: 1887488K->209664K(1887488K), 0.5444410 secs] 14273997K->12801074K(20761856K), 0.5448100 secs] [Times: user=5.90 sys=0.01, real=0.55 secs] 
4214.561: [GC 4214.561: [ParNew: 1887488K->209664K(1887488K), 0.8992880 secs] 11541781K->10363291K(20761856K), 0.8996230 secs] [Times: user=10.70 sys=0.02, real=0.90 secs] 
4220.501: [GC 4220.502: [ParNew: 1887488K->209664K(1887488K), 0.8559240 secs] 10654931K->9461280K(20761856K), 0.8562760 secs] [Times: user=10.45 sys=0.03, real=0.86 secs] 
4225.951: [GC 4225.951: [ParNew: 1887488K->209664K(1887488K), 0.6277560 secs] 9296051K->7913602K(20761856K), 0.6280970 secs] [Times: user=6.97 sys=0.01, real=0.63 secs] 
4230.335: [CMS-concurrent-sweep: 23.329/26.275 secs] [Times: user=86.60 sys=1.04, real=26.27 secs] 
4230.335: [CMS-concurrent-reset-start]
4230.376: [CMS-concurrent-reset: 0.041/0.041 secs] [Times: user=0.08 sys=0.00, real=0.04 secs] 
4230.552: [GC 4230.552: [ParNew: 1887488K->209394K(1887488K), 0.3073080 secs] 7936250K->6453979K(20761856K), 0.3076380 secs] [Times: user=3.42 sys=0.03, real=0.31 secs] 
4234.980: [GC 4234.980: [ParNew: 1887218K->209664K(1887488K), 0.1861930 secs] 8131803K->6461192K(20761856K), 0.1865370 secs] [Times: user=2.58 sys=0.00, real=0.18 secs] 
4239.044: [GC 4239.044: [ParNew: 1887488K->209664K(1887488K), 0.3425230 secs] 8139016K->6665120K(20761856K), 0.3428190 secs] [Times: user=4.15 sys=0.01, real=0.34 secs] 
4243.647: [GC 4243.647: [ParNew: 1887488K->209664K(1887488K), 0.4460720 secs] 8342944K->6838776K(20761856K), 0.4464500 secs] [Times: user=4.96 sys=0.02, real=0.45 secs] 
4249.575: [GC 4249.575: [ParNew: 1887488K->209664K(1887488K), 0.8865760 secs] 8516600K->7321963K(20761856K), 0.8869010 secs] [Times: user=10.35 sys=0.03, real=0.89 secs] 
4253.413: [GC 4253.413: [ParNew: 1887488K->209664K(1887488K), 0.8267010 secs] 8999787K->7764690K(20761856K), 0.8270550 secs] [Times: user=9.78 sys=0.01, real=0.82 secs] 
4259.161: [GC 4259.161: [ParNew: 1887488K->209664K(1887488K), 0.6025650 secs] 9442514K->8021015K(20761856K), 0.6029250 secs] [Times: user=6.55 sys=0.01, real=0.60 secs] 
4264.758: [GC 4264.758: [ParNew: 1887488K->209664K(1887488K), 0.8926150 secs] 9698839K->8465950K(20761856K), 0.8929860 secs] [Times: user=10.16 sys=0.01, real=0.89 secs] 
4270.787: [GC 4270.788: [ParNew: 1887488K->209664K(1887488K), 0.9775420 secs] 10143774K->9001684K(20761856K), 0.9778970 secs] [Times: user=11.77 sys=0.02, real=0.98 secs] 
4275.537: [GC 4275.537: [ParNew: 1887488K->209664K(1887488K), 0.8731390 secs] 10679508K->9416288K(20761856K), 0.8734880 secs] [Times: user=9.55 sys=0.02, real=0.87 secs] 
4277.384: [GC 4277.385: [ParNew: 1887488K->209664K(1887488K), 0.6810060 secs] 11094112K->9729599K(20761856K), 0.6813370 secs] [Times: user=7.40 sys=0.02, real=0.68 secs] 
4278.945: [GC 4278.945: [ParNew: 1887488K->209664K(1887488K), 0.5901920 secs] 11407423K->9991110K(20761856K), 0.5905430 secs] [Times: user=6.63 sys=0.03, real=0.59 secs] 
4280.846: [GC 4280.846: [ParNew: 1887488K->209664K(1887488K), 1.1225800 secs] 11668934K->10554295K(20761856K), 1.1229600 secs] [Times: user=12.56 sys=0.02, real=1.12 secs] 
4284.416: [GC 4284.417: [ParNew: 1887488K->209664K(1887488K), 1.1272580 secs] 12232119K->11101980K(20761856K), 1.1276240 secs] [Times: user=12.75 sys=0.02, real=1.12 secs] 
4289.487: [GC 4289.487: [ParNew: 1887488K->209664K(1887488K), 0.8155050 secs] 12779804K->11520128K(20761856K), 0.8158690 secs] [Times: user=9.57 sys=0.02, real=0.81 secs] 
4293.839: [GC 4293.839: [ParNew: 1887488K->209664K(1887488K), 0.3116910 secs] 13197952K->11711481K(20761856K), 0.3120120 secs] [Times: user=3.95 sys=0.01, real=0.31 secs] 
4297.923: [GC 4297.924: [ParNew: 1887488K->147477K(1887488K), 0.2342210 secs] 13389305K->11761379K(20761856K), 0.2345590 secs] [Times: user=2.78 sys=0.00, real=0.24 secs] 
4301.810: [GC 4301.810: [ParNew: 1825301K->177923K(1887488K), 0.2296330 secs] 13439203K->11897644K(20761856K), 0.2299470 secs] [Times: user=2.82 sys=0.02, real=0.23 secs] 
4305.579: [GC 4305.579: [ParNew: 1855747K->165378K(1887488K), 0.2334220 secs] 13575468K->12001829K(20761856K), 0.2337120 secs] [Times: user=2.87 sys=0.01, real=0.23 secs] 
4309.501: [GC 4309.501: [ParNew: 1843202K->206441K(1887488K), 0.2431390 secs] 13679653K->12158993K(20761856K), 0.2434370 secs] [Times: user=3.00 sys=0.01, real=0.24 secs] 
4313.598: [GC 4313.598: [ParNew: 1884265K->208017K(1887488K), 0.2875110 secs] 13836817K->12293247K(20761856K), 0.2878620 secs] [Times: user=3.45 sys=0.00, real=0.29 secs] 
4317.894: [GC 4317.894: [ParNew: 1885841K->209664K(1887488K), 0.2779710 secs] 13971071K->12438787K(20761856K), 0.2782600 secs] [Times: user=3.45 sys=0.01, real=0.28 secs] 
4322.018: [GC 4322.018: [ParNew: 1887488K->209664K(1887488K), 0.3733710 secs] 14116611K->12585484K(20761856K), 0.3737070 secs] [Times: user=3.96 sys=0.01, real=0.38 secs] 
4325.473: [GC 4325.473: [ParNew: 1887488K->209664K(1887488K), 1.0097100 secs] 14263308K->13084969K(20761856K), 1.0100840 secs] [Times: user=11.32 sys=0.01, real=1.01 secs] 
4329.952: [GC 4329.953: [ParNew: 1887488K->209664K(1887488K), 0.8148380 secs] 14762793K->13506615K(20761856K), 0.8152510 secs] [Times: user=9.15 sys=0.02, real=0.81 secs] 
4330.770: [GC [1 CMS-initial-mark: 13296951K(18874368K)] 13506659K(20761856K), 0.4296350 secs] [Times: user=0.43 sys=0.00, real=0.43 secs] 
4331.200: [CMS-concurrent-mark-start]
4334.117: [CMS-concurrent-mark: 2.917/2.917 secs] [Times: user=19.82 sys=0.50, real=2.92 secs] 
4334.117: [CMS-concurrent-preclean-start]
4334.360: [CMS-concurrent-preclean: 0.242/0.243 secs] [Times: user=0.62 sys=0.05, real=0.24 secs] 
4334.360: [CMS-concurrent-abortable-preclean-start]
4335.057: [GC 4335.057: [ParNew: 1887488K->209664K(1887488K), 0.4814360 secs] 15184439K->13798909K(20761856K), 0.4818310 secs] [Times: user=5.76 sys=0.03, real=0.48 secs] 
4337.302: [CMS-concurrent-abortable-preclean: 2.433/2.942 secs] [Times: user=16.43 sys=0.12, real=2.94 secs] 
4337.304: [GC[YG occupancy: 1823035 K (1887488 K)]4337.304: [GC 4337.304: [ParNew: 1823035K->209664K(1887488K), 0.9791750 secs] 15412281K->14347965K(20761856K), 0.9795510 secs] [Times: user=11.15 sys=0.03, real=0.98 secs] 
4338.284: [Rescan (parallel) , 0.1459200 secs]4338.430: [weak refs processing, 0.8800540 secs]4339.310: [class unloading, 0.0432360 secs]4339.353: [scrub symbol & string tables, 0.0079620 secs] [1 CMS-remark: 14138301K(18874368K)] 14347965K(20761856K), 2.1343720 secs] [Times: user=14.76 sys=0.03, real=2.13 secs] 
4339.440: [CMS-concurrent-sweep-start]
4340.696: [GC 4340.697: [ParNew: 1887488K->209664K(1887488K), 1.0444350 secs] 15916517K->14822943K(20761856K), 1.0447700 secs] [Times: user=12.45 sys=0.05, real=1.04 secs] 
4343.330: [GC 4343.330: [ParNew: 1887488K->209664K(1887488K), 1.0204330 secs] 16267350K->15160128K(20761856K), 1.0207690 secs] [Times: user=12.10 sys=0.02, real=1.02 secs] 
4346.990: [GC 4346.991: [ParNew: 1887488K->209664K(1887488K), 0.9387600 secs] 15682247K->14481933K(20761856K), 0.9391100 secs] [Times: user=10.51 sys=0.03, real=0.94 secs] 
4350.018: [GC 4350.019: [ParNew: 1887488K->209664K(1887488K), 1.0120960 secs] 15097116K->13944586K(20761856K), 1.0124860 secs] [Times: user=11.47 sys=0.03, real=1.01 secs] 
4352.859: [GC 4352.859: [ParNew: 1887488K->209664K(1887488K), 1.1466520 secs] 14837030K->13764175K(20761856K), 1.1469940 secs] [Times: user=13.15 sys=0.02, real=1.15 secs] 
4355.855: [GC 4355.855: [ParNew: 1887488K->209664K(1887488K), 1.0711140 secs] 14509043K->13394904K(20761856K), 1.0714440 secs] [Times: user=12.22 sys=0.03, real=1.08 secs] 
4358.315: [GC 4358.315: [ParNew: 1887488K->209664K(1887488K), 1.0562770 secs] 14246058K->13122802K(20761856K), 1.0565800 secs] [Times: user=11.68 sys=0.03, real=1.06 secs] 
4360.605: [GC 4360.606: [ParNew: 1887488K->209664K(1887488K), 1.0385340 secs] 14125109K->12968618K(20761856K), 1.0388450 secs] [Times: user=11.63 sys=0.03, real=1.04 secs] 
4363.006: [GC 4363.006: [ParNew: 1887488K->209664K(1887488K), 1.0329780 secs] 14023947K->12910833K(20761856K), 1.0332830 secs] [Times: user=11.58 sys=0.04, real=1.04 secs] 
4365.318: [GC 4365.319: [ParNew: 1887488K->209664K(1887488K), 1.0448690 secs] 14115005K->13007306K(20761856K), 1.0451910 secs] [Times: user=11.77 sys=0.04, real=1.04 secs] 
4368.384: [GC 4368.385: [ParNew: 1887488K->209664K(1887488K), 0.7316610 secs] 13956723K->12581244K(20761856K), 0.7320300 secs] [Times: user=7.52 sys=0.02, real=0.73 secs] 
4370.606: [CMS-concurrent-sweep: 19.965/31.167 secs] [Times: user=257.32 sys=1.23, real=31.16 secs] 
4370.606: [CMS-concurrent-reset-start]
4370.648: [CMS-concurrent-reset: 0.041/0.041 secs] [Times: user=0.09 sys=0.00, real=0.04 secs] 
4373.355: [GC 4373.355: [ParNew: 1887488K->209664K(1887488K), 0.5285260 secs] 14139454K->12757188K(20761856K), 0.5288930 secs] [Times: user=6.60 sys=0.03, real=0.53 secs] 
4376.416: [GC 4376.416: [ParNew: 1887488K->209664K(1887488K), 1.0747180 secs] 14435012K->13289615K(20761856K), 1.0750910 secs] [Times: user=11.67 sys=0.03, real=1.08 secs] 
4381.034: [GC 4381.034: [ParNew: 1887488K->209664K(1887488K), 0.8469650 secs] 14967439K->13713133K(20761856K), 0.8473730 secs] [Times: user=9.57 sys=0.02, real=0.85 secs] 
4381.884: [GC [1 CMS-initial-mark: 13503469K(18874368K)] 13713247K(20761856K), 0.5916530 secs] [Times: user=0.60 sys=0.00, real=0.59 secs] 
4382.476: [CMS-concurrent-mark-start]
4385.234: [CMS-concurrent-mark: 2.733/2.758 secs] [Times: user=18.81 sys=0.29, real=2.76 secs] 
4385.234: [CMS-concurrent-preclean-start]
4385.579: [CMS-concurrent-preclean: 0.336/0.346 secs] [Times: user=1.69 sys=0.01, real=0.34 secs] 
4385.580: [CMS-concurrent-abortable-preclean-start]
4385.602: [GC 4385.603: [ParNew: 1887488K->209664K(1887488K), 0.6749200 secs] 15390957K->14100885K(20761856K), 0.6752470 secs] [Times: user=8.63 sys=0.01, real=0.67 secs] 
4387.640: [CMS-concurrent-abortable-preclean: 1.362/2.060 secs] [Times: user=14.28 sys=0.05, real=2.06 secs] 
4387.641: [GC[YG occupancy: 1101858 K (1887488 K)]4387.641: [GC 4387.641: [ParNew: 1101858K->209664K(1887488K), 0.5510110 secs] 14993079K->14367090K(20761856K), 0.5513370 secs] [Times: user=6.28 sys=0.01, real=0.56 secs] 
4388.192: [Rescan (parallel) , 0.1144330 secs]4388.307: [weak refs processing, 0.8370620 secs]4389.144: [class unloading, 0.0383650 secs]4389.182: [scrub symbol & string tables, 0.0067850 secs] [1 CMS-remark: 14157426K(18874368K)] 14367090K(20761856K), 1.6360760 secs] [Times: user=9.28 sys=0.01, real=1.64 secs] 
4389.278: [CMS-concurrent-sweep-start]
4391.763: [GC 4391.763: [ParNew: 1887488K->209664K(1887488K), 0.7525670 secs] 15643537K->14332916K(20761856K), 0.7528960 secs] [Times: user=8.80 sys=0.02, real=0.75 secs] 
4397.009: [GC 4397.009: [ParNew: 1887488K->209664K(1887488K), 0.4715140 secs] 13565425K->12118892K(20761856K), 0.4718420 secs] [Times: user=5.43 sys=0.02, real=0.47 secs] 
4402.332: [GC 4402.332: [ParNew: 1887488K->209664K(1887488K), 0.5352870 secs] 11119224K->9694919K(20761856K), 0.5356120 secs] [Times: user=6.28 sys=0.01, real=0.54 secs] 
4408.094: [GC 4408.095: [ParNew: 1887488K->209664K(1887488K), 0.7573700 secs] 9253807K->8037035K(20761856K), 0.7576580 secs] [Times: user=9.96 sys=0.03, real=0.75 secs] 
4410.141: [CMS-concurrent-sweep: 18.337/20.863 secs] [Times: user=78.70 sys=0.53, real=20.86 secs] 
4410.142: [CMS-concurrent-reset-start]
4410.181: [CMS-concurrent-reset: 0.039/0.039 secs] [Times: user=0.07 sys=0.00, real=0.04 secs] 
4414.221: [GC 4414.222: [ParNew: 1887488K->209664K(1887488K), 0.8573390 secs] 8945759K->7754497K(20761856K), 0.8576450 secs] [Times: user=10.83 sys=0.02, real=0.86 secs] 
4419.962: [GC 4419.962: [ParNew: 1887488K->209664K(1887488K), 0.7730950 secs] 9432321K->8163936K(20761856K), 0.7734150 secs] [Times: user=9.37 sys=0.02, real=0.77 secs] 
4424.537: [GC 4424.537: [ParNew: 1887488K->209532K(1887488K), 0.3091670 secs] 9841760K->8360351K(20761856K), 0.3094810 secs] [Times: user=3.51 sys=0.02, real=0.31 secs] 
4429.286: [GC 4429.286: [ParNew: 1887356K->209664K(1887488K), 0.3684470 secs] 10038175K->8462535K(20761856K), 0.3687670 secs] [Times: user=4.76 sys=0.00, real=0.37 secs] 
4434.798: [GC 4434.798: [ParNew: 1887488K->209664K(1887488K), 0.8253280 secs] 10140359K->8968053K(20761856K), 0.8256220 secs] [Times: user=10.67 sys=0.03, real=0.83 secs] 
4438.660: [GC 4438.661: [ParNew: 1887488K->209664K(1887488K), 0.7742290 secs] 10645877K->9352892K(20761856K), 0.7745400 secs] [Times: user=8.97 sys=0.02, real=0.77 secs] 
4444.180: [GC 4444.180: [ParNew: 1887488K->209664K(1887488K), 0.5611330 secs] 11030716K->9626649K(20761856K), 0.5614570 secs] [Times: user=6.57 sys=0.02, real=0.57 secs] 
4448.881: [GC 4448.882: [ParNew: 1887488K->209664K(1887488K), 0.8095040 secs] 11304473K->10092597K(20761856K), 0.8098250 secs] [Times: user=10.39 sys=0.02, real=0.81 secs] 
4454.810: [GC 4454.811: [ParNew: 1887488K->209664K(1887488K), 0.8624690 secs] 11770421K->10627996K(20761856K), 0.8627640 secs] [Times: user=11.62 sys=0.01, real=0.87 secs] 
4459.496: [GC 4459.496: [ParNew: 1887488K->209664K(1887488K), 0.7452130 secs] 12305820K->11017964K(20761856K), 0.7455310 secs] [Times: user=8.78 sys=0.03, real=0.74 secs] 
4461.535: [GC 4461.535: [ParNew: 1887488K->209664K(1887488K), 1.0689240 secs] 12695788K->11615611K(20761856K), 1.0691720 secs] [Times: user=13.10 sys=0.03, real=1.07 secs] 
4464.111: [GC 4464.112: [ParNew: 1887488K->209664K(1887488K), 1.0211340 secs] 13293435K->12173076K(20761856K), 1.0214540 secs] [Times: user=11.96 sys=0.06, real=1.02 secs] 
4468.262: [GC 4468.262: [ParNew: 1887488K->209664K(1887488K), 0.9039310 secs] 13850900K->12655762K(20761856K), 0.9042510 secs] [Times: user=11.37 sys=0.02, real=0.91 secs] 
4473.319: [GC 4473.319: [ParNew: 1887488K->209664K(1887488K), 0.7416600 secs] 14333586K->13094265K(20761856K), 0.7419780 secs] [Times: user=9.71 sys=0.02, real=0.74 secs] 
4476.922: [GC 4476.922: [ParNew: 1887488K->209664K(1887488K), 0.9722640 secs] 14772089K->13627195K(20761856K), 0.9726090 secs] [Times: user=11.48 sys=0.04, real=0.97 secs] 
4477.896: [GC [1 CMS-initial-mark: 13417531K(18874368K)] 13627202K(20761856K), 0.5895170 secs] [Times: user=0.59 sys=0.00, real=0.59 secs] 
4478.487: [CMS-concurrent-mark-start]
4481.637: [CMS-concurrent-mark: 3.150/3.150 secs] [Times: user=22.76 sys=0.39, real=3.15 secs] 
4481.637: [CMS-concurrent-preclean-start]
4481.943: [GC 4481.944: [ParNew: 1887488K->209664K(1887488K), 0.5645440 secs] 15305019K->13957567K(20761856K), 0.5648830 secs] [Times: user=7.24 sys=0.02, real=0.57 secs] 
4482.540: [CMS-concurrent-preclean: 0.329/0.903 secs] [Times: user=7.98 sys=0.08, real=0.90 secs] 
4482.540: [CMS-concurrent-abortable-preclean-start]
4484.776: [CMS-concurrent-abortable-preclean: 2.233/2.236 secs] [Times: user=5.77 sys=0.37, real=2.23 secs] 
4484.777: [GC[YG occupancy: 1109898 K (1887488 K)]4484.777: [GC 4484.777: [ParNew: 1109898K->209664K(1887488K), 0.2947850 secs] 14857801K->14156521K(20761856K), 0.2951060 secs] [Times: user=3.66 sys=0.02, real=0.29 secs] 
4485.073: [Rescan (parallel) , 0.1469240 secs]4485.219: [weak refs processing, 0.1782360 secs]4485.398: [class unloading, 0.0632850 secs]4485.461: [scrub symbol & string tables, 0.0091010 secs] [1 CMS-remark: 13946857K(18874368K)] 14156521K(20761856K), 0.7730560 secs] [Times: user=6.60 sys=0.02, real=0.77 secs] 
4485.551: [CMS-concurrent-sweep-start]
4487.246: [GC 4487.246: [ParNew: 1887488K->209664K(1887488K), 0.8896560 secs] 15701827K->14510002K(20761856K), 0.8899790 secs] [Times: user=10.92 sys=0.02, real=0.89 secs] 
4489.635: [GC 4489.635: [ParNew: 1887488K->209664K(1887488K), 0.9524770 secs] 15895457K->14760260K(20761856K), 0.9527740 secs] [Times: user=11.57 sys=0.04, real=0.96 secs] 
4492.252: [GC 4492.252: [ParNew: 1887488K->209664K(1887488K), 0.9450540 secs] 15998610K->14892766K(20761856K), 0.9453570 secs] [Times: user=12.39 sys=0.03, real=0.94 secs] 
4495.681: [GC 4495.682: [ParNew: 1887488K->209664K(1887488K), 0.8218510 secs] 15251879K->14037604K(20761856K), 0.8221750 secs] [Times: user=10.13 sys=0.03, real=0.82 secs] 
4498.678: [GC 4498.678: [ParNew: 1887288K->209664K(1887488K), 0.8761210 secs] 14528161K->13371197K(20761856K), 0.8764160 secs] [Times: user=11.30 sys=0.02, real=0.88 secs] 
4501.090: [GC 4501.090: [ParNew: 1887488K->209664K(1887488K), 1.0293960 secs] 14300510K->13222926K(20761856K), 1.0296770 secs] [Times: user=12.56 sys=0.04, real=1.03 secs] 
4503.773: [GC 4503.774: [ParNew: 1887488K->209664K(1887488K), 0.9561160 secs] 14194939K->13079240K(20761856K), 0.9563870 secs] [Times: user=12.10 sys=0.04, real=0.96 secs] 
4506.024: [GC 4506.024: [ParNew: 1887488K->209664K(1887488K), 1.0188850 secs] 14158994K->13028012K(20761856K), 1.0191930 secs] [Times: user=11.89 sys=0.02, real=1.02 secs] 
4508.424: [GC 4508.424: [ParNew: 1887488K->209664K(1887488K), 0.9273210 secs] 14171358K->12999584K(20761856K), 0.9276210 secs] [Times: user=11.11 sys=0.03, real=0.93 secs] 
4510.709: [GC 4510.709: [ParNew: 1887488K->209664K(1887488K), 0.9130270 secs] 14210821K->13070603K(20761856K), 0.9132880 secs] [Times: user=11.56 sys=0.04, real=0.92 secs] 
4512.969: [GC 4512.970: [ParNew: 1887488K->209664K(1887488K), 0.9388660 secs] 14218092K->13095440K(20761856K), 0.9391520 secs] [Times: user=11.73 sys=0.03, real=0.94 secs] 
4515.617: [GC 4515.617: [ParNew: 1887488K->209664K(1887488K), 0.6495890 secs] 14211762K->12879521K(20761856K), 0.6498660 secs] [Times: user=7.81 sys=0.04, real=0.65 secs] 
4518.263: [CMS-concurrent-sweep: 21.706/32.711 secs] [Times: user=283.42 sys=1.81, real=32.71 secs] 
4518.263: [CMS-concurrent-reset-start]
4518.305: [CMS-concurrent-reset: 0.042/0.042 secs] [Times: user=0.08 sys=0.01, real=0.04 secs] 
4519.753: [GC 4519.754: [ParNew: 1887488K->209664K(1887488K), 0.5431000 secs] 14220179K->12866087K(20761856K), 0.5434120 secs] [Times: user=7.07 sys=0.03, real=0.54 secs] 
4522.547: [GC 4522.547: [ParNew: 1887488K->209664K(1887488K), 0.8945670 secs] 14543911K->13354268K(20761856K), 0.8948550 secs] [Times: user=10.88 sys=0.04, real=0.89 secs] 
4526.300: [GC 4526.300: [ParNew: 1887488K->209664K(1887488K), 0.7987040 secs] 15032092K->13822992K(20761856K), 0.7990190 secs] [Times: user=10.51 sys=0.03, real=0.80 secs] 
4527.101: [GC [1 CMS-initial-mark: 13613328K(18874368K)] 13823147K(20761856K), 0.3765400 secs] [Times: user=0.38 sys=0.00, real=0.38 secs] 
4527.478: [CMS-concurrent-mark-start]
4530.467: [CMS-concurrent-mark: 2.974/2.989 secs] [Times: user=20.49 sys=0.34, real=2.99 secs] 
4530.467: [CMS-concurrent-preclean-start]
4530.816: [CMS-concurrent-preclean: 0.340/0.348 secs] [Times: user=0.74 sys=0.00, real=0.35 secs] 
4530.816: [CMS-concurrent-abortable-preclean-start]
4530.926: [GC 4530.926: [ParNew: 1887488K->209664K(1887488K), 0.5685210 secs] 15500816K->14146751K(20761856K), 0.5688110 secs] [Times: user=7.26 sys=0.03, real=0.57 secs] 
4532.929: [CMS-concurrent-abortable-preclean: 1.514/2.113 secs] [Times: user=14.38 sys=0.06, real=2.11 secs] 
4532.930: [GC[YG occupancy: 1283018 K (1887488 K)]4532.930: [GC 4532.931: [ParNew: 1283018K->209664K(1887488K), 0.6549230 secs] 15220105K->14494791K(20761856K), 0.6552530 secs] [Times: user=7.66 sys=0.03, real=0.66 secs] 
4533.586: [Rescan (parallel) , 0.1348320 secs]4533.721: [weak refs processing, 0.1970580 secs]4533.918: [class unloading, 0.0634890 secs]4533.981: [scrub symbol & string tables, 0.0090120 secs] [1 CMS-remark: 14285127K(18874368K)] 14494791K(20761856K), 1.2237410 secs] [Times: user=10.50 sys=0.03, real=1.23 secs] 
4534.156: [CMS-concurrent-sweep-start]
4536.731: [GC 4536.731: [ParNew: 1887488K->209664K(1887488K), 0.7142580 secs] 15761656K->14461956K(20761856K), 0.7145380 secs] [Times: user=8.62 sys=0.03, real=0.72 secs] 
4542.083: [GC 4542.083: [ParNew: 1887488K->209664K(1887488K), 0.4942250 secs] 13519631K->12085491K(20761856K), 0.4945470 secs] [Times: user=5.75 sys=0.03, real=0.50 secs] 
4547.446: [GC 4547.446: [ParNew: 1887488K->209664K(1887488K), 0.5312470 secs] 11036488K->9592942K(20761856K), 0.5315730 secs] [Times: user=6.10 sys=0.02, real=0.53 secs] 
4553.137: [GC 4553.137: [ParNew: 1887488K->209664K(1887488K), 0.8274250 secs] 8702229K->7484541K(20761856K), 0.8277420 secs] [Times: user=10.09 sys=0.01, real=0.82 secs] 
4553.986: [CMS-concurrent-sweep: 17.246/19.831 secs] [Times: user=76.34 sys=0.82, real=19.82 secs] 
4553.986: [CMS-concurrent-reset-start]
4554.040: [CMS-concurrent-reset: 0.054/0.054 secs] [Times: user=0.21 sys=0.01, real=0.06 secs] 
4559.092: [GC 4559.092: [ParNew: 1887488K->209664K(1887488K), 0.8900990 secs] 9162365K->7968971K(20761856K), 0.8904190 secs] [Times: user=10.83 sys=0.03, real=0.89 secs] 
4564.925: [GC 4564.925: [ParNew: 1887488K->209664K(1887488K), 0.7403630 secs] 9646795K->8370566K(20761856K), 0.7406680 secs] [Times: user=9.18 sys=0.03, real=0.74 secs] 
4569.518: [GC 4569.519: [ParNew: 1887488K->209526K(1887488K), 0.2863690 secs] 10048390K->8566691K(20761856K), 0.2866840 secs] [Times: user=3.28 sys=0.01, real=0.29 secs] 
4573.897: [GC 4573.898: [ParNew: 1887350K->209664K(1887488K), 0.4168330 secs] 10244515K->8715887K(20761856K), 0.4171240 secs] [Times: user=5.53 sys=0.00, real=0.42 secs] 
4578.643: [GC 4578.643: [ParNew: 1874794K->209664K(1887488K), 0.8872230 secs] 10381018K->9231414K(20761856K), 0.8875200 secs] [Times: user=11.30 sys=0.03, real=0.88 secs] 
4583.235: [GC 4583.236: [ParNew: 1887488K->209664K(1887488K), 0.6677810 secs] 10909238K->9558850K(20761856K), 0.6680850 secs] [Times: user=7.82 sys=0.02, real=0.67 secs] 
4588.706: [GC 4588.706: [ParNew: 1887488K->209664K(1887488K), 0.5534880 secs] 11236674K->9820313K(20761856K), 0.5538080 secs] [Times: user=6.57 sys=0.03, real=0.55 secs] 
4594.391: [GC 4594.391: [ParNew: 1887488K->209664K(1887488K), 0.9029620 secs] 11498137K->10339959K(20761856K), 0.9033000 secs] [Times: user=11.41 sys=0.02, real=0.91 secs] 
4600.401: [GC 4600.402: [ParNew: 1887488K->209664K(1887488K), 0.9250210 secs] 12017783K->10874391K(20761856K), 0.9253470 secs] [Times: user=11.68 sys=0.03, real=0.93 secs] 
4603.547: [GC 4603.547: [ParNew: 1887488K->209664K(1887488K), 0.7710990 secs] 12552215K->11268736K(20761856K), 0.7714010 secs] [Times: user=9.16 sys=0.02, real=0.77 secs] 
4604.890: [GC 4604.890: [ParNew: 1887488K->209664K(1887488K), 0.4898150 secs] 12946560K->11539997K(20761856K), 0.4900940 secs] [Times: user=6.08 sys=0.04, real=0.49 secs] 
4606.409: [GC 4606.409: [ParNew: 1887488K->209664K(1887488K), 0.7379040 secs] 13217821K->11911902K(20761856K), 0.7382080 secs] [Times: user=9.08 sys=0.02, real=0.74 secs] 
4608.783: [GC 4608.784: [ParNew: 1887312K->209664K(1887488K), 1.0244680 secs] 13589550K->12477578K(20761856K), 1.0247390 secs] [Times: user=12.78 sys=0.04, real=1.03 secs] 
4612.366: [GC 4612.366: [ParNew: 1887488K->209664K(1887488K), 0.9967870 secs] 14155402K->12979674K(20761856K), 0.9971020 secs] [Times: user=11.49 sys=0.01, real=0.99 secs] 
4617.005: [GC 4617.005: [ParNew: 1887488K->209664K(1887488K), 0.8940290 secs] 14657498K->13448714K(20761856K), 0.8943790 secs] [Times: user=10.62 sys=0.03, real=0.90 secs] 
4617.901: [GC [1 CMS-initial-mark: 13239050K(18874368K)] 13448905K(20761856K), 0.5687870 secs] [Times: user=0.56 sys=0.00, real=0.57 secs] 
4618.471: [CMS-concurrent-mark-start]
4621.403: [GC 4621.403: [ParNew: 1887488K->209664K(1887488K), 0.8144500 secs] 15126538K->13934838K(20761856K), 0.8147380 secs] [Times: user=10.20 sys=0.06, real=0.82 secs] 
4622.646: [CMS-concurrent-mark: 3.355/4.175 secs] [Times: user=38.06 sys=0.39, real=4.17 secs] 
4622.647: [CMS-concurrent-preclean-start]
4624.705: [CMS-concurrent-preclean: 2.018/2.058 secs] [Times: user=5.87 sys=0.25, real=2.06 secs] 
4624.705: [CMS-concurrent-abortable-preclean-start]
4626.614: [GC 4626.614: [ParNew: 1887488K->209664K(1887488K), 0.6418940 secs] 15612662K->14327311K(20761856K), 0.6421710 secs] [Times: user=8.45 sys=0.02, real=0.64 secs] 
 CMS: abort preclean due to time 4630.625: [CMS-concurrent-abortable-preclean: 5.253/5.920 secs] [Times: user=21.29 sys=0.88, real=5.92 secs] 
4630.626: [GC[YG occupancy: 1437361 K (1887488 K)]4630.626: [GC 4630.627: [ParNew: 1437361K->209664K(1887488K), 0.3322170 secs] 15555008K->14554186K(20761856K), 0.3325010 secs] [Times: user=4.40 sys=0.03, real=0.34 secs] 
4630.959: [Rescan (parallel) , 0.0742100 secs]4631.033: [weak refs processing, 0.1462400 secs]4631.180: [class unloading, 0.0379070 secs]4631.218: [scrub symbol & string tables, 0.0069180 secs] [1 CMS-remark: 14344522K(18874368K)] 14554186K(20761856K), 0.6617640 secs] [Times: user=5.96 sys=0.03, real=0.66 secs] 
4631.289: [CMS-concurrent-sweep-start]
4633.154: [GC 4633.154: [ParNew: 1887488K->209664K(1887488K), 0.8387680 secs] 16079720K->14905450K(20761856K), 0.8390660 secs] [Times: user=10.32 sys=0.04, real=0.84 secs] 
4635.740: [GC 4635.740: [ParNew: 1887488K->209664K(1887488K), 0.8550130 secs] 15983292K->14818293K(20761856K), 0.8552830 secs] [Times: user=10.80 sys=0.05, real=0.85 secs] 
4638.208: [GC 4638.208: [ParNew: 1887488K->209664K(1887488K), 0.9821550 secs] 16016731K->14939640K(20761856K), 0.9824250 secs] [Times: user=12.38 sys=0.05, real=0.99 secs] 
4641.683: [GC 4641.683: [ParNew: 1887488K->209664K(1887488K), 0.8574160 secs] 15068109K->13835903K(20761856K), 0.8577230 secs] [Times: user=10.18 sys=0.03, real=0.85 secs] 
4644.715: [GC 4644.715: [ParNew: 1887488K->209664K(1887488K), 0.8933280 secs] 14564002K->13405353K(20761856K), 0.8936370 secs] [Times: user=11.49 sys=0.02, real=0.89 secs] 
4647.194: [GC 4647.194: [ParNew: 1887445K->209664K(1887488K), 0.9737880 secs] 14437896K->13348806K(20761856K), 0.9740860 secs] [Times: user=12.56 sys=0.03, real=0.97 secs] 
4650.112: [GC 4650.112: [ParNew: 1887488K->209664K(1887488K), 0.9687340 secs] 14029191K->12925803K(20761856K), 0.9690410 secs] [Times: user=12.46 sys=0.03, real=0.96 secs] 
4652.427: [GC 4652.427: [ParNew: 1887488K->209664K(1887488K), 1.0265350 secs] 14096576K->12974917K(20761856K), 1.0268100 secs] [Times: user=12.05 sys=0.04, real=1.03 secs] 
4654.775: [GC 4654.775: [ParNew: 1887488K->209664K(1887488K), 0.9255950 secs] 14191746K->13026570K(20761856K), 0.9258500 secs] [Times: user=11.33 sys=0.04, real=0.92 secs] 
4656.952: [GC 4656.952: [ParNew: 1887488K->209664K(1887488K), 1.0109270 secs] 14302242K->13196038K(20761856K), 1.0112130 secs] [Times: user=11.82 sys=0.04, real=1.02 secs] 
4659.346: [GC 4659.346: [ParNew: 1887488K->209664K(1887488K), 0.9563980 secs] 14499850K->13384827K(20761856K), 0.9566500 secs] [Times: user=11.42 sys=0.05, real=0.95 secs] 
4660.575: [GC 4660.575: [ParNew: 632615K->209664K(1887488K), 0.3532140 secs] 13752485K->13557215K(20761856K), 0.3534630 secs] [Times: user=4.09 sys=0.02, real=0.35 secs] 
4662.713: [CMS-concurrent-sweep: 20.727/31.424 secs] [Times: user=268.71 sys=1.71, real=31.41 secs] 
4662.713: [CMS-concurrent-reset-start]
4662.752: [CMS-concurrent-reset: 0.039/0.039 secs] [Times: user=0.08 sys=0.00, real=0.04 secs] 
4662.753: [GC [1 CMS-initial-mark: 13097272K(18874368K)] 13341546K(20761856K), 0.3330910 secs] [Times: user=0.33 sys=0.00, real=0.34 secs] 
4663.087: [CMS-concurrent-mark-start]
4666.602: [CMS-concurrent-mark: 3.508/3.515 secs] [Times: user=17.75 sys=0.00, real=3.51 secs] 
4666.603: [CMS-concurrent-preclean-start]
4667.053: [CMS-concurrent-preclean: 0.447/0.450 secs] [Times: user=0.45 sys=0.00, real=0.45 secs] 
4667.053: [CMS-concurrent-abortable-preclean-start]
 CMS: abort preclean due to time 4672.366: [CMS-concurrent-abortable-preclean: 5.006/5.313 secs] [Times: user=5.01 sys=0.00, real=5.32 secs] 
4672.367: [GC[YG occupancy: 257549 K (1887488 K)]4672.368: [GC 4672.368: [ParNew: 257549K->135977K(1887488K), 0.1007910 secs] 13354821K->13233250K(20761856K), 0.1010390 secs] [Times: user=1.49 sys=0.00, real=0.10 secs] 
4672.469: [Rescan (parallel) , 0.0382760 secs]4672.507: [weak refs processing, 0.2615810 secs]4672.769: [class unloading, 0.0386470 secs]4672.807: [scrub symbol & string tables, 0.0069480 secs] [1 CMS-remark: 13097272K(18874368K)] 13233250K(20761856K), 0.7014090 secs] [Times: user=2.72 sys=0.00, real=0.70 secs] 
4673.070: [CMS-concurrent-sweep-start]
4707.686: [CMS-concurrent-sweep: 34.610/34.617 secs] [Times: user=47.00 sys=0.26, real=34.61 secs] 
4707.686: [CMS-concurrent-reset-start]
4707.727: [CMS-concurrent-reset: 0.041/0.041 secs] [Times: user=0.04 sys=0.00, real=0.04 secs] 
4742.493: [GC 4742.493: [ParNew: 1813801K->180304K(1887488K), 0.1695770 secs] 7890909K->6257412K(20761856K), 0.1699090 secs] [Times: user=2.65 sys=0.00, real=0.17 secs] 
4746.253: [GC 4746.253: [ParNew: 1858128K->135115K(1887488K), 0.1311660 secs] 7935236K->6299111K(20761856K), 0.1314930 secs] [Times: user=1.69 sys=0.02, real=0.13 secs] 
4750.383: [GC 4750.383: [ParNew: 1812939K->103756K(1887488K), 0.0470660 secs] 7976935K->6267753K(20761856K), 0.0473880 secs] [Times: user=0.82 sys=0.00, real=0.05 secs] 
4768.171: [GC 4768.172: [ParNew: 1781580K->157387K(1887488K), 0.0994400 secs] 7945577K->6321383K(20761856K), 0.0997720 secs] [Times: user=1.53 sys=0.00, real=0.10 secs] 
4785.487: [GC 4785.488: [ParNew: 1835211K->209664K(1887488K), 0.1725430 secs] 7999207K->6424197K(20761856K), 0.1728670 secs] [Times: user=2.36 sys=0.01, real=0.17 secs] 
4790.808: [GC 4790.809: [ParNew: 1887488K->153365K(1887488K), 0.1944760 secs] 8102021K->6510719K(20761856K), 0.1947420 secs] [Times: user=1.90 sys=0.06, real=0.20 secs] 
4793.407: [GC 4793.407: [ParNew: 1831189K->124905K(1887488K), 0.0717430 secs] 8188543K->6482259K(20761856K), 0.0720170 secs] [Times: user=1.27 sys=0.01, real=0.07 secs] 
4794.837: [GC 4794.837: [ParNew: 1802729K->203349K(1887488K), 0.0900260 secs] 8160083K->6560703K(20761856K), 0.0903780 secs] [Times: user=1.60 sys=0.00, real=0.09 secs] 
4796.122: [GC 4796.122: [ParNew: 1881173K->157793K(1887488K), 0.1593180 secs] 8238527K->6606464K(20761856K), 0.1596720 secs] [Times: user=1.81 sys=0.00, real=0.16 secs] 
4797.923: [GC 4797.924: [ParNew: 1835617K->125641K(1887488K), 0.0637050 secs] 8284288K->6574312K(20761856K), 0.0640850 secs] [Times: user=1.13 sys=0.00, real=0.07 secs] 
4799.833: [GC 4799.833: [ParNew: 1803465K->128196K(1887488K), 0.0652250 secs] 8252136K->6576868K(20761856K), 0.0656140 secs] [Times: user=1.15 sys=0.00, real=0.07 secs] 
4800.866: [GC 4800.866: [ParNew: 1806020K->98977K(1887488K), 0.0883670 secs] 8254692K->6616345K(20761856K), 0.0887190 secs] [Times: user=1.15 sys=0.01, real=0.08 secs] 
4801.374: [GC 4801.374: [ParNew: 1776801K->43772K(1887488K), 0.0375200 secs] 8294169K->6563557K(20761856K), 0.0378320 secs] [Times: user=0.63 sys=0.00, real=0.04 secs] 
4804.577: [GC 4804.577: [ParNew: 1721596K->101647K(1887488K), 0.0984890 secs] 8241381K->6633876K(20761856K), 0.0988490 secs] [Times: user=1.42 sys=0.01, real=0.10 secs] 
4806.632: [GC 4806.632: [ParNew: 1779471K->128678K(1887488K), 0.1079590 secs] 8311700K->6674943K(20761856K), 0.1083740 secs] [Times: user=1.51 sys=0.00, real=0.11 secs] 
4807.565: [GC 4807.566: [ParNew: 1806502K->129495K(1887488K), 0.0711320 secs] 8352767K->6678786K(20761856K), 0.0714200 secs] [Times: user=1.18 sys=0.00, real=0.08 secs] 
4808.236: [GC 4808.236: [ParNew: 1807319K->136933K(1887488K), 0.0678880 secs] 8356610K->6686224K(20761856K), 0.0681780 secs] [Times: user=1.16 sys=0.00, real=0.07 secs] 
4808.887: [GC 4808.887: [ParNew: 1814757K->102519K(1887488K), 0.1220230 secs] 8364048K->6717654K(20761856K), 0.1223080 secs] [Times: user=1.29 sys=0.01, real=0.12 secs] 
4809.564: [GC 4809.564: [ParNew: 1780343K->20188K(1887488K), 0.0540790 secs] 8395478K->6662227K(20761856K), 0.0543630 secs] [Times: user=0.66 sys=0.00, real=0.06 secs] 
4810.211: [GC 4810.211: [ParNew: 1698012K->6026K(1887488K), 0.0238640 secs] 8340051K->6648634K(20761856K), 0.0241480 secs] [Times: user=0.38 sys=0.01, real=0.02 secs] 
4811.237: [GC 4811.237: [ParNew: 1683850K->33496K(1887488K), 0.0543000 secs] 8326458K->6676503K(20761856K), 0.0546660 secs] [Times: user=0.81 sys=0.00, real=0.05 secs] 
4814.650: [GC 4814.650: [ParNew: 1711320K->101903K(1887488K), 0.1251310 secs] 8354327K->6744910K(20761856K), 0.1255330 secs] [Times: user=1.61 sys=0.00, real=0.12 secs] 
4819.381: [GC 4819.381: [ParNew: 1779664K->141143K(1887488K), 0.1104750 secs] 8422671K->6784159K(20761856K), 0.1108080 secs] [Times: user=1.66 sys=0.00, real=0.11 secs] 
4820.322: [GC 4820.323: [ParNew: 1818967K->137203K(1887488K), 0.1095070 secs] 8461983K->6804473K(20761856K), 0.1098490 secs] [Times: user=1.61 sys=0.00, real=0.11 secs] 
4821.858: [GC 4821.858: [ParNew: 1815027K->133137K(1887488K), 0.0807850 secs] 8482297K->6800406K(20761856K), 0.0811190 secs] [Times: user=1.34 sys=0.00, real=0.09 secs] 
4823.721: [GC 4823.721: [ParNew: 1810961K->105959K(1887488K), 0.1244670 secs] 8478230K->6830671K(20761856K), 0.1248160 secs] [Times: user=1.70 sys=0.00, real=0.12 secs] 
4824.793: [GC 4824.793: [ParNew: 1783783K->50473K(1887488K), 0.0681830 secs] 8508495K->6800304K(20761856K), 0.0685190 secs] [Times: user=0.98 sys=0.00, real=0.07 secs] 
4825.309: [GC 4825.309: [ParNew: 1728297K->33044K(1887488K), 0.0347430 secs] 8478128K->6784108K(20761856K), 0.0350180 secs] [Times: user=0.58 sys=0.00, real=0.03 secs] 
4827.825: [GC 4827.826: [ParNew: 1710868K->90631K(1887488K), 0.0803890 secs] 8461932K->6850711K(20761856K), 0.0806910 secs] [Times: user=1.24 sys=0.00, real=0.08 secs] 
4829.976: [GC 4829.976: [ParNew: 1768455K->111868K(1887488K), 0.0781070 secs] 8528535K->6884937K(20761856K), 0.0783900 secs] [Times: user=1.20 sys=0.01, real=0.08 secs] 
4830.646: [GC 4830.646: [ParNew: 1789692K->108871K(1887488K), 0.0601140 secs] 8562761K->6884174K(20761856K), 0.0603620 secs] [Times: user=1.02 sys=0.00, real=0.06 secs] 
4831.261: [GC 4831.261: [ParNew: 1786695K->106064K(1887488K), 0.0581620 secs] 8561998K->6881379K(20761856K), 0.0584180 secs] [Times: user=0.98 sys=0.00, real=0.05 secs] 
4831.869: [GC 4831.869: [ParNew: 1783888K->77141K(1887488K), 0.0939140 secs] 8559203K->6912748K(20761856K), 0.0941620 secs] [Times: user=1.12 sys=0.01, real=0.10 secs] 
4832.492: [GC 4832.493: [ParNew: 1754965K->17380K(1887488K), 0.0380690 secs] 8590572K->6870016K(20761856K), 0.0383570 secs] [Times: user=0.52 sys=0.00, real=0.04 secs] 
4833.084: [GC 4833.084: [ParNew: 1695204K->5541K(1887488K), 0.0202700 secs] 8547840K->6858778K(20761856K), 0.0205130 secs] [Times: user=0.34 sys=0.00, real=0.02 secs] 
4835.987: [GC 4835.987: [ParNew: 1683365K->26483K(1887488K), 0.0417720 secs] 8536602K->6880088K(20761856K), 0.0420510 secs] [Times: user=0.63 sys=0.00, real=0.04 secs] 
4838.769: [GC 4838.769: [ParNew: 1704307K->58684K(1887488K), 0.0666340 secs] 8557912K->6912290K(20761856K), 0.0670400 secs] [Times: user=0.96 sys=0.00, real=0.07 secs] 
4839.737: [GC 4839.737: [ParNew: 1736508K->60304K(1887488K), 0.0510080 secs] 8590114K->6913918K(20761856K), 0.0514210 secs] [Times: user=0.88 sys=0.01, real=0.05 secs] 
4841.101: [GC 4841.102: [ParNew: 1738128K->73905K(1887488K), 0.0546470 secs] 8591742K->6927519K(20761856K), 0.0550410 secs] [Times: user=0.93 sys=0.00, real=0.05 secs] 
4842.983: [GC 4842.983: [ParNew: 1751729K->73778K(1887488K), 0.0824710 secs] 8605343K->6950876K(20761856K), 0.0828600 secs] [Times: user=1.11 sys=0.00, real=0.08 secs] 
4843.921: [GC 4843.921: [ParNew: 1751602K->54812K(1887488K), 0.0583540 secs] 8628700K->6953773K(20761856K), 0.0586810 secs] [Times: user=0.82 sys=0.00, real=0.06 secs] 
4844.444: [GC 4844.444: [ParNew: 1732636K->31658K(1887488K), 0.0326800 secs] 8631597K->6931605K(20761856K), 0.0330160 secs] [Times: user=0.56 sys=0.00, real=0.03 secs] 
4847.828: [GC 4847.829: [ParNew: 1709482K->90920K(1887488K), 0.0868930 secs] 8609429K->6999876K(20761856K), 0.0872420 secs] [Times: user=1.35 sys=0.00, real=0.09 secs] 
4849.380: [GC 4849.380: [ParNew: 1768744K->103243K(1887488K), 0.0815850 secs] 8677700K->7025243K(20761856K), 0.0819090 secs] [Times: user=1.23 sys=0.00, real=0.08 secs] 
4850.113: [GC 4850.114: [ParNew: 1781067K->110284K(1887488K), 0.0611220 secs] 8703067K->7034225K(20761856K), 0.0614300 secs] [Times: user=1.02 sys=0.00, real=0.06 secs] 
4850.781: [GC 4850.782: [ParNew: 1788108K->119598K(1887488K), 0.0596150 secs] 8712049K->7043540K(20761856K), 0.0599180 secs] [Times: user=1.01 sys=0.00, real=0.06 secs] 
4851.458: [GC 4851.458: [ParNew: 1797422K->77592K(1887488K), 0.1151460 secs] 8721364K->7066606K(20761856K), 0.1154570 secs] [Times: user=1.14 sys=0.01, real=0.12 secs] 
4852.139: [GC 4852.139: [ParNew: 1755416K->14707K(1887488K), 0.0368900 secs] 8744430K->7016200K(20761856K), 0.0371940 secs] [Times: user=0.50 sys=0.00, real=0.04 secs] 
4852.813: [GC 4852.813: [ParNew: 1692531K->6135K(1887488K), 0.0198290 secs] 8694024K->7008340K(20761856K), 0.0201270 secs] [Times: user=0.31 sys=0.00, real=0.02 secs] 
4856.545: [GC 4856.545: [ParNew: 1683959K->29621K(1887488K), 0.0476710 secs] 8686164K->7032082K(20761856K), 0.0480150 secs] [Times: user=0.72 sys=0.00, real=0.04 secs] 
4858.897: [GC 4858.897: [ParNew: 1707445K->67199K(1887488K), 0.0679980 secs] 8709906K->7069660K(20761856K), 0.0683760 secs] [Times: user=0.98 sys=0.00, real=0.07 secs] 
4859.892: [GC 4859.892: [ParNew: 1745023K->70226K(1887488K), 0.0491210 secs] 8747484K->7072696K(20761856K), 0.0495210 secs] [Times: user=0.83 sys=0.00, real=0.05 secs] 
4861.383: [GC 4861.383: [ParNew: 1748050K->86323K(1887488K), 0.0565460 secs] 8750520K->7088793K(20761856K), 0.0569330 secs] [Times: user=0.97 sys=0.00, real=0.06 secs] 
4863.166: [GC 4863.166: [ParNew: 1764147K->72071K(1887488K), 0.0832590 secs] 8766617K->7098969K(20761856K), 0.0836600 secs] [Times: user=1.14 sys=0.00, real=0.08 secs] 
4864.158: [GC 4864.158: [ParNew: 1749895K->51877K(1887488K), 0.0600570 secs] 8776793K->7099297K(20761856K), 0.0604420 secs] [Times: user=0.84 sys=0.00, real=0.06 secs] 
4864.793: [GC 4864.794: [ParNew: 1729701K->32993K(1887488K), 0.0348540 secs] 8777121K->7081928K(20761856K), 0.0351930 secs] [Times: user=0.59 sys=0.00, real=0.04 secs] 
4868.170: [GC 4868.171: [ParNew: 1710817K->93726K(1887488K), 0.0913670 secs] 8759752K->7155461K(20761856K), 0.0916880 secs] [Times: user=1.36 sys=0.01, real=0.09 secs] 
4869.746: [GC 4869.747: [ParNew: 1771550K->108186K(1887488K), 0.0761510 secs] 8833285K->7178472K(20761856K), 0.0765490 secs] [Times: user=1.16 sys=0.01, real=0.07 secs] 
4870.598: [GC 4870.598: [ParNew: 1786010K->109843K(1887488K), 0.0619640 secs] 8856296K->7182114K(20761856K), 0.0622500 secs] [Times: user=1.04 sys=0.00, real=0.06 secs] 
4871.215: [GC 4871.215: [ParNew: 1787667K->115931K(1887488K), 0.0576350 secs] 8859938K->7188204K(20761856K), 0.0579200 secs] [Times: user=0.98 sys=0.00, real=0.06 secs] 
4871.859: [GC 4871.859: [ParNew: 1793755K->77199K(1887488K), 0.1214970 secs] 8866028K->7218162K(20761856K), 0.1217820 secs] [Times: user=1.18 sys=0.02, real=0.12 secs] 
4872.529: [GC 4872.529: [ParNew: 1755023K->18999K(1887488K), 0.0312040 secs] 8895986K->7168775K(20761856K), 0.0314950 secs] [Times: user=0.44 sys=0.01, real=0.03 secs] 
4873.172: [GC 4873.172: [ParNew: 1696823K->6179K(1887488K), 0.0284930 secs] 8846599K->7156728K(20761856K), 0.0287830 secs] [Times: user=0.45 sys=0.00, real=0.03 secs] 
4877.020: [GC 4877.020: [ParNew: 1684003K->28792K(1887488K), 0.0477440 secs] 8834552K->7179537K(20761856K), 0.0480750 secs] [Times: user=0.73 sys=0.00, real=0.05 secs] 
4878.992: [GC 4878.992: [ParNew: 1706616K->64639K(1887488K), 0.0674710 secs] 8857361K->7215384K(20761856K), 0.0678650 secs] [Times: user=0.97 sys=0.00, real=0.07 secs] 
4879.980: [GC 4879.980: [ParNew: 1742463K->65429K(1887488K), 0.0487550 secs] 8893208K->7216182K(20761856K), 0.0491400 secs] [Times: user=0.82 sys=0.00, real=0.05 secs] 
4881.580: [GC 4881.580: [ParNew: 1743253K->77906K(1887488K), 0.0631540 secs] 8894006K->7229776K(20761856K), 0.0635770 secs] [Times: user=1.03 sys=0.03, real=0.06 secs] 
4883.432: [GC 4883.432: [ParNew: 1755730K->77800K(1887488K), 0.0854440 secs] 8907600K->7253523K(20761856K), 0.0858210 secs] [Times: user=1.14 sys=0.00, real=0.09 secs] 
4884.452: [GC 4884.452: [ParNew: 1755624K->39709K(1887488K), 0.0575720 secs] 8931347K->7235721K(20761856K), 0.0578890 secs] [Times: user=0.81 sys=0.00, real=0.06 secs] 
4884.953: [GC 4884.953: [ParNew: 1717533K->34904K(1887488K), 0.0323670 secs] 8913545K->7233091K(20761856K), 0.0326490 secs] [Times: user=0.54 sys=0.00, real=0.03 secs] 
4887.966: [GC 4887.966: [ParNew: 1712728K->97528K(1887488K), 0.0920900 secs] 8910915K->7302851K(20761856K), 0.0924640 secs] [Times: user=1.38 sys=0.00, real=0.09 secs] 
4889.787: [GC 4889.788: [ParNew: 1775352K->110049K(1887488K), 0.0854850 secs] 8980675K->7328917K(20761856K), 0.0858370 secs] [Times: user=1.28 sys=0.00, real=0.09 secs] 
4890.531: [GC 4890.531: [ParNew: 1787873K->119585K(1887488K), 0.0616290 secs] 9006741K->7340267K(20761856K), 0.0619310 secs] [Times: user=1.04 sys=0.00, real=0.06 secs] 
4891.258: [GC 4891.258: [ParNew: 1797409K->111874K(1887488K), 0.0603330 secs] 9018091K->7332556K(20761856K), 0.0606530 secs] [Times: user=1.02 sys=0.00, real=0.06 secs] 
4891.915: [GC 4891.915: [ParNew: 1789698K->77662K(1887488K), 0.1206140 secs] 9010380K->7367151K(20761856K), 0.1208980 secs] [Times: user=1.18 sys=0.01, real=0.12 secs] 
4892.579: [GC 4892.579: [ParNew: 1755486K->16657K(1887488K), 0.0333960 secs] 9044975K->7315002K(20761856K), 0.0336760 secs] [Times: user=0.46 sys=0.00, real=0.04 secs] 
4893.204: [GC 4893.204: [ParNew: 1694481K->5354K(1887488K), 0.0240800 secs] 8992826K->7304454K(20761856K), 0.0243760 secs] [Times: user=0.40 sys=0.00, real=0.02 secs] 
4896.989: [GC 4896.989: [ParNew: 1683178K->28082K(1887488K), 0.0443050 secs] 8982278K->7327396K(20761856K), 0.0446380 secs] [Times: user=0.66 sys=0.00, real=0.05 secs] 
4899.306: [GC 4899.306: [ParNew: 1705906K->57390K(1887488K), 0.0638030 secs] 9005220K->7356705K(20761856K), 0.0641620 secs] [Times: user=0.91 sys=0.00, real=0.07 secs] 
4900.284: [GC 4900.285: [ParNew: 1735214K->60892K(1887488K), 0.0468150 secs] 9034529K->7360216K(20761856K), 0.0472120 secs] [Times: user=0.80 sys=0.00, real=0.05 secs] 
4901.784: [GC 4901.784: [ParNew: 1738716K->84330K(1887488K), 0.0557110 secs] 9038040K->7383654K(20761856K), 0.0560850 secs] [Times: user=0.96 sys=0.00, real=0.05 secs] 
4903.655: [GC 4903.656: [ParNew: 1762154K->71603K(1887488K), 0.0877190 secs] 9061478K->7395661K(20761856K), 0.0881010 secs] [Times: user=1.13 sys=0.00, real=0.09 secs] 
4904.671: [GC 4904.671: [ParNew: 1749427K->55160K(1887488K), 0.0712940 secs] 9073485K->7399953K(20761856K), 0.0716790 secs] [Times: user=0.89 sys=0.00, real=0.08 secs] 
4905.347: [GC 4905.347: [ParNew: 1732984K->36366K(1887488K), 0.0362070 secs] 9077777K->7382060K(20761856K), 0.0365080 secs] [Times: user=0.59 sys=0.00, real=0.04 secs] 
4908.053: [GC 4908.053: [ParNew: 1714190K->86343K(1887488K), 0.0937830 secs] 9059884K->7444229K(20761856K), 0.0941520 secs] [Times: user=1.28 sys=0.00, real=0.09 secs] 
4909.981: [GC 4909.981: [ParNew: 1764167K->103433K(1887488K), 0.0825790 secs] 9122053K->7470912K(20761856K), 0.0829510 secs] [Times: user=1.19 sys=0.00, real=0.09 secs] 
4910.928: [GC 4910.929: [ParNew: 1781257K->112075K(1887488K), 0.0597090 secs] 9148736K->7481668K(20761856K), 0.0599970 secs] [Times: user=0.99 sys=0.00, real=0.06 secs] 
4911.580: [GC 4911.581: [ParNew: 1789899K->109673K(1887488K), 0.0590790 secs] 9159492K->7479265K(20761856K), 0.0593690 secs] [Times: user=1.02 sys=0.00, real=0.06 secs] 
4912.255: [GC 4912.256: [ParNew: 1787497K->73579K(1887488K), 0.1123790 secs] 9157089K->7500697K(20761856K), 0.1126730 secs] [Times: user=1.12 sys=0.01, real=0.11 secs] 
4912.989: [GC 4912.989: [ParNew: 1751403K->16539K(1887488K), 0.0435600 secs] 9178521K->7460145K(20761856K), 0.0438610 secs] [Times: user=0.56 sys=0.01, real=0.05 secs] 
4913.784: [GC 4913.784: [ParNew: 1694363K->4953K(1887488K), 0.0248080 secs] 9137969K->7449199K(20761856K), 0.0251380 secs] [Times: user=0.40 sys=0.00, real=0.02 secs] 
4917.107: [GC 4917.107: [ParNew: 1682777K->25267K(1887488K), 0.0438960 secs] 9127023K->7469842K(20761856K), 0.0442140 secs] [Times: user=0.66 sys=0.00, real=0.04 secs] 
4920.159: [GC 4920.159: [ParNew: 1703091K->59863K(1887488K), 0.0618310 secs] 9147666K->7504438K(20761856K), 0.0621830 secs] [Times: user=0.89 sys=0.00, real=0.06 secs] 
4921.060: [GC 4921.060: [ParNew: 1737687K->63647K(1887488K), 0.0506590 secs] 9182262K->7508232K(20761856K), 0.0510550 secs] [Times: user=0.86 sys=0.00, real=0.05 secs] 
4922.783: [GC 4922.783: [ParNew: 1741471K->85907K(1887488K), 0.0552160 secs] 9186056K->7530492K(20761856K), 0.0555920 secs] [Times: user=0.96 sys=0.00, real=0.06 secs] 
4924.557: [GC 4924.558: [ParNew: 1763731K->72333K(1887488K), 0.0791600 secs] 9208316K->7538924K(20761856K), 0.0795900 secs] [Times: user=1.08 sys=0.00, real=0.08 secs] 
4925.769: [GC 4925.770: [ParNew: 1750157K->55550K(1887488K), 0.0653240 secs] 9216748K->7544583K(20761856K), 0.0656990 secs] [Times: user=0.89 sys=0.00, real=0.07 secs] 
4926.409: [GC 4926.409: [ParNew: 1733374K->31976K(1887488K), 0.0308580 secs] 9222407K->7521669K(20761856K), 0.0311500 secs] [Times: user=0.51 sys=0.01, real=0.03 secs] 
4928.168: [GC 4928.169: [ParNew: 1709800K->82812K(1887488K), 0.0759800 secs] 9199493K->7580695K(20761856K), 0.0763170 secs] [Times: user=1.15 sys=0.00, real=0.08 secs] 
4930.940: [GC 4930.940: [ParNew: 1760429K->115904K(1887488K), 0.0916750 secs] 9258312K->7627254K(20761856K), 0.0920480 secs] [Times: user=1.28 sys=0.01, real=0.09 secs] 
4931.856: [GC 4931.857: [ParNew: 1793413K->107326K(1887488K), 0.0615080 secs] 9304763K->7621469K(20761856K), 0.0618020 secs] [Times: user=1.01 sys=0.00, real=0.06 secs] 
4932.532: [GC 4932.532: [ParNew: 1785150K->112913K(1887488K), 0.0572910 secs] 9299293K->7627057K(20761856K), 0.0575780 secs] [Times: user=1.00 sys=0.00, real=0.06 secs] 
4933.164: [GC 4933.164: [ParNew: 1790737K->75876K(1887488K), 0.1046900 secs] 9304881K->7640629K(20761856K), 0.1049860 secs] [Times: user=1.10 sys=0.01, real=0.11 secs] 
4933.837: [GC 4933.837: [ParNew: 1753700K->22901K(1887488K), 0.0574760 secs] 9318453K->7613432K(20761856K), 0.0577620 secs] [Times: user=0.71 sys=0.01, real=0.05 secs] 
4934.476: [GC 4934.476: [ParNew: 1700725K->5548K(1887488K), 0.0201420 secs] 9291256K->7596550K(20761856K), 0.0204380 secs] [Times: user=0.33 sys=0.01, real=0.03 secs] 
4937.329: [GC 4937.329: [ParNew: 1683372K->24059K(1887488K), 0.0468550 secs] 9274374K->7615560K(20761856K), 0.0472230 secs] [Times: user=0.70 sys=0.00, real=0.04 secs] 
4940.792: [GC 4940.792: [ParNew: 1701883K->60882K(1887488K), 0.0711860 secs] 9293384K->7652383K(20761856K), 0.0715300 secs] [Times: user=1.02 sys=0.00, real=0.07 secs] 
4941.661: [GC 4941.661: [ParNew: 1738706K->70526K(1887488K), 0.0529010 secs] 9330207K->7662036K(20761856K), 0.0532920 secs] [Times: user=0.91 sys=0.00, real=0.05 secs] 
4943.560: [GC 4943.561: [ParNew: 1748350K->83969K(1887488K), 0.0587580 secs] 9339860K->7675479K(20761856K), 0.0591250 secs] [Times: user=1.01 sys=0.00, real=0.06 secs] 
4944.833: [GC 4944.834: [ParNew: 1761793K->77204K(1887488K), 0.0835140 secs] 9353303K->7688775K(20761856K), 0.0838910 secs] [Times: user=1.17 sys=0.01, real=0.08 secs] 
4946.132: [GC 4946.132: [ParNew: 1755028K->56166K(1887488K), 0.0683710 secs] 9366599K->7691542K(20761856K), 0.0687500 secs] [Times: user=0.91 sys=0.00, real=0.07 secs] 
4946.816: [GC 4946.816: [ParNew: 1733990K->35918K(1887488K), 0.0336700 secs] 9369366K->7672539K(20761856K), 0.0340140 secs] [Times: user=0.55 sys=0.00, real=0.04 secs] 
4948.412: [GC 4948.413: [ParNew: 1713742K->41244K(1887488K), 0.0605710 secs] 9350363K->7691222K(20761856K), 0.0609390 secs] [Times: user=0.83 sys=0.00, real=0.06 secs] 
4951.597: [GC 4951.597: [ParNew: 1719068K->94827K(1887488K), 0.0819020 secs] 9369046K->7752363K(20761856K), 0.0822410 secs] [Times: user=1.25 sys=0.00, real=0.09 secs] 
4952.264: [GC 4952.264: [ParNew: 1772651K->114858K(1887488K), 0.0623220 secs] 9430187K->7775585K(20761856K), 0.0626110 secs] [Times: user=1.03 sys=0.00, real=0.06 secs] 
4953.109: [GC 4953.109: [ParNew: 1792682K->112460K(1887488K), 0.0600780 secs] 9453409K->7773188K(20761856K), 0.0603720 secs] [Times: user=1.03 sys=0.00, real=0.06 secs] 
4953.730: [GC 4953.730: [ParNew: 1790284K->89527K(1887488K), 0.0795150 secs] 9451012K->7773225K(20761856K), 0.0798020 secs] [Times: user=1.06 sys=0.01, real=0.08 secs] 
4954.414: [GC 4954.415: [ParNew: 1767351K->43829K(1887488K), 0.0850600 secs] 9451049K->7782172K(20761856K), 0.0853500 secs] [Times: user=0.92 sys=0.01, real=0.09 secs] 
4955.081: [GC 4955.081: [ParNew: 1721653K->13680K(1887488K), 0.0245910 secs] 9459996K->7752311K(20761856K), 0.0248900 secs] [Times: user=0.42 sys=0.00, real=0.02 secs] 
4957.124: [GC 4957.124: [ParNew: 1691504K->20451K(1887488K), 0.0386230 secs] 9430135K->7759762K(20761856K), 0.0389470 secs] [Times: user=0.58 sys=0.00, real=0.04 secs] 
4961.013: [GC 4961.013: [ParNew: 1698275K->58463K(1887488K), 0.0648350 secs] 9437586K->7797774K(20761856K), 0.0651630 secs] [Times: user=0.97 sys=0.00, real=0.06 secs] 
4961.855: [GC 4961.855: [ParNew: 1736287K->62684K(1887488K), 0.0489420 secs] 9475598K->7802006K(20761856K), 0.0493420 secs] [Times: user=0.83 sys=0.00, real=0.05 secs] 
4963.123: [GC 4963.123: [ParNew: 1740508K->68768K(1887488K), 0.0462140 secs] 9479830K->7808090K(20761856K), 0.0465900 secs] [Times: user=0.80 sys=0.01, real=0.05 secs] 
4964.296: [GC 4964.296: [ParNew: 1746592K->57335K(1887488K), 0.0661310 secs] 9485914K->7813510K(20761856K), 0.0664810 secs] [Times: user=0.97 sys=0.00, real=0.07 secs] 
4966.328: [GC 4966.328: [ParNew: 1735159K->48619K(1887488K), 0.0695740 secs] 9491334K->7831294K(20761856K), 0.0699170 secs] [Times: user=0.97 sys=0.01, real=0.07 secs] 
4967.023: [GC 4967.023: [ParNew: 1726443K->31563K(1887488K), 0.0371460 secs] 9509118K->7816274K(20761856K), 0.0374340 secs] [Times: user=0.61 sys=0.00, real=0.03 secs] 
4967.592: [GC 4967.592: [ParNew: 1709387K->34330K(1887488K), 0.0323180 secs] 9494098K->7820662K(20761856K), 0.0326190 secs] [Times: user=0.52 sys=0.01, real=0.03 secs] 
4971.580: [GC 4971.580: [ParNew: 1712154K->107395K(1887488K), 0.0954880 secs] 9498486K->7901046K(20761856K), 0.0958210 secs] [Times: user=1.44 sys=0.00, real=0.10 secs] 
4972.414: [GC 4972.414: [ParNew: 1785219K->113292K(1887488K), 0.0801690 secs] 9578870K->7921760K(20761856K), 0.0804500 secs] [Times: user=1.20 sys=0.00, real=0.08 secs] 
4973.194: [GC 4973.194: [ParNew: 1791116K->106340K(1887488K), 0.0611780 secs] 9599584K->7914809K(20761856K), 0.0614380 secs] [Times: user=1.03 sys=0.00, real=0.06 secs] 
4973.810: [GC 4973.810: [ParNew: 1784164K->107817K(1887488K), 0.0626620 secs] 9592633K->7916302K(20761856K), 0.0629430 secs] [Times: user=1.08 sys=0.00, real=0.07 secs] 
4974.473: [GC 4974.474: [ParNew: 1785641K->55863K(1887488K), 0.1234420 secs] 9594126K->7941932K(20761856K), 0.1237130 secs] [Times: user=1.17 sys=0.03, real=0.12 secs] 
4975.181: [GC 4975.550: [ParNew: 1733687K->14124K(1887488K), 0.0230180 secs] 9619756K->7900262K(20761856K), 0.0233150 secs] [Times: user=0.39 sys=0.00, real=0.40 secs] 
4977.008: [GC 4977.008: [ParNew: 1691948K->10233K(1887488K), 0.0306610 secs] 9578086K->7897277K(20761856K), 0.0309870 secs] [Times: user=0.48 sys=0.00, real=0.03 secs] 
4981.315: [GC 4981.316: [ParNew: 1688057K->32875K(1887488K), 0.0459220 secs] 9575101K->7919919K(20761856K), 0.0462440 secs] [Times: user=0.71 sys=0.00, real=0.04 secs] 
4983.007: [GC 4983.008: [ParNew: 1710699K->60684K(1887488K), 0.0644000 secs] 9597743K->7947740K(20761856K), 0.0647420 secs] [Times: user=0.95 sys=0.00, real=0.06 secs] 
4983.804: [GC 4983.804: [ParNew: 1738508K->65753K(1887488K), 0.0512940 secs] 9625564K->7952810K(20761856K), 0.0516210 secs] [Times: user=0.88 sys=0.01, real=0.05 secs] 
4985.373: [GC 4985.374: [ParNew: 1743577K->67341K(1887488K), 0.0628190 secs] 9630634K->7960476K(20761856K), 0.0631580 secs] [Times: user=1.04 sys=0.00, real=0.07 secs] 
4987.217: [GC 4987.217: [ParNew: 1745165K->68297K(1887488K), 0.0736010 secs] 9638300K->7981576K(20761856K), 0.0739540 secs] [Times: user=1.10 sys=0.00, real=0.07 secs] 
4988.262: [GC 4988.262: [ParNew: 1746121K->49313K(1887488K), 0.0582820 secs] 9659400K->7982442K(20761856K), 0.0586070 secs] [Times: user=0.82 sys=0.00, real=0.06 secs] 
4988.909: [GC 4988.909: [ParNew: 1727137K->34834K(1887488K), 0.0328750 secs] 9660266K->7968878K(20761856K), 0.0331440 secs] [Times: user=0.56 sys=0.00, real=0.03 secs] 
4991.711: [GC 4991.711: [ParNew: 1712658K->83130K(1887488K), 0.0861800 secs] 9646702K->8028796K(20761856K), 0.0865210 secs] [Times: user=1.25 sys=0.01, real=0.09 secs] 
4993.740: [GC 4993.740: [ParNew: 1760954K->99322K(1887488K), 0.0811170 secs] 9706620K->8054595K(20761856K), 0.0814500 secs] [Times: user=1.20 sys=0.00, real=0.08 secs] 
4994.604: [GC 4994.605: [ParNew: 1777146K->111251K(1887488K), 0.0590770 secs] 9732419K->8068344K(20761856K), 0.0593450 secs] [Times: user=1.01 sys=0.00, real=0.06 secs] 
4995.267: [GC 4995.267: [ParNew: 1789075K->109716K(1887488K), 0.0597880 secs] 9746168K->8066808K(20761856K), 0.0600690 secs] [Times: user=1.03 sys=0.00, real=0.06 secs] 
4995.913: [GC 4995.913: [ParNew: 1787540K->73824K(1887488K), 0.1038330 secs] 9744632K->8088221K(20761856K), 0.1041040 secs] [Times: user=1.10 sys=0.01, real=0.11 secs] 
4996.592: [GC 4996.592: [ParNew: 1751648K->16651K(1887488K), 0.0464780 secs] 9766045K->8048070K(20761856K), 0.0467780 secs] [Times: user=0.59 sys=0.00, real=0.05 secs] 
4997.383: [GC 4997.383: [ParNew: 1694475K->4651K(1887488K), 0.0209610 secs] 9725894K->8036632K(20761856K), 0.0212380 secs] [Times: user=0.34 sys=0.00, real=0.02 secs] 
5000.546: [GC 5000.547: [ParNew: 1682475K->23343K(1887488K), 0.0454540 secs] 9714456K->8055729K(20761856K), 0.0457690 secs] [Times: user=0.70 sys=0.01, real=0.04 secs] 
5004.142: [GC 5004.143: [ParNew: 1701167K->58028K(1887488K), 0.0635840 secs] 9733553K->8090415K(20761856K), 0.0639190 secs] [Times: user=0.92 sys=0.00, real=0.06 secs] 
5005.044: [GC 5005.044: [ParNew: 1735852K->63427K(1887488K), 0.0498000 secs] 9768239K->8095823K(20761856K), 0.0501340 secs] [Times: user=0.85 sys=0.00, real=0.05 secs] 
5006.627: [GC 5006.627: [ParNew: 1741251K->73656K(1887488K), 0.0555470 secs] 9773647K->8106052K(20761856K), 0.0559500 secs] [Times: user=0.97 sys=0.00, real=0.05 secs] 
5007.923: [GC 5007.924: [ParNew: 1751480K->69637K(1887488K), 0.0760630 secs] 9783876K->8122610K(20761856K), 0.0764100 secs] [Times: user=1.07 sys=0.01, real=0.08 secs] 
5009.617: [GC 5009.617: [ParNew: 1747461K->53044K(1887488K), 0.0667430 secs] 9800434K->8130095K(20761856K), 0.0670790 secs] [Times: user=0.93 sys=0.00, real=0.07 secs] 
5010.291: [GC 5010.292: [ParNew: 1730868K->31400K(1887488K), 0.0343410 secs] 9807919K->8109415K(20761856K), 0.0346560 secs] [Times: user=0.58 sys=0.00, real=0.03 secs] 
5011.337: [GC 5011.337: [ParNew: 1709224K->41862K(1887488K), 0.0448760 secs] 9787239K->8126749K(20761856K), 0.0452060 secs] [Times: user=0.70 sys=0.00, real=0.05 secs] 
5014.829: [GC 5014.829: [ParNew: 1719686K->94902K(1887488K), 0.0926460 secs] 9804573K->8191319K(20761856K), 0.0929830 secs] [Times: user=1.35 sys=0.00, real=0.09 secs] 
5015.500: [GC 5015.500: [ParNew: 1772726K->109082K(1887488K), 0.0659480 secs] 9869143K->8211535K(20761856K), 0.0662370 secs] [Times: user=1.08 sys=0.00, real=0.06 secs] 
5016.240: [GC 5016.240: [ParNew: 1786906K->107820K(1887488K), 0.0603970 secs] 9889359K->8210285K(20761856K), 0.0606760 secs] [Times: user=1.03 sys=0.00, real=0.06 secs] 
5016.869: [GC 5016.870: [ParNew: 1785644K->93385K(1887488K), 0.0682460 secs] 9888109K->8206380K(20761856K), 0.0685300 secs] [Times: user=1.05 sys=0.00, real=0.06 secs] 
5017.534: [GC 5017.534: [ParNew: 1771209K->38391K(1887488K), 0.1057770 secs] 9884204K->8218136K(20761856K), 0.1060510 secs] [Times: user=1.09 sys=0.01, real=0.11 secs] 
5018.209: [GC 5018.209: [ParNew: 1716215K->16592K(1887488K), 0.0254290 secs] 9895960K->8196534K(20761856K), 0.0256950 secs] [Times: user=0.40 sys=0.00, real=0.02 secs] 
5019.964: [GC 5019.964: [ParNew: 1694416K->11036K(1887488K), 0.0334130 secs] 9874358K->8191751K(20761856K), 0.0337380 secs] [Times: user=0.52 sys=0.00, real=0.03 secs] 
5024.324: [GC 5024.324: [ParNew: 1688860K->36884K(1887488K), 0.0524610 secs] 9869575K->8217599K(20761856K), 0.0527850 secs] [Times: user=0.78 sys=0.00, real=0.05 secs] 
5025.802: [GC 5025.802: [ParNew: 1714708K->60980K(1887488K), 0.0566860 secs] 9895423K->8241703K(20761856K), 0.0570230 secs] [Times: user=0.91 sys=0.00, real=0.05 secs] 
5026.721: [GC 5026.721: [ParNew: 1738804K->64763K(1887488K), 0.0470340 secs] 9919527K->8245486K(20761856K), 0.0473720 secs] [Times: user=0.81 sys=0.00, real=0.04 secs] 
5028.359: [GC 5028.360: [ParNew: 1742587K->69286K(1887488K), 0.0631490 secs] 9923310K->8256861K(20761856K), 0.0635260 secs] [Times: user=1.00 sys=0.00, real=0.07 secs] 
5030.088: [GC 5030.088: [ParNew: 1747110K->65328K(1887488K), 0.0778830 secs] 9934685K->8275679K(20761856K), 0.0782630 secs] [Times: user=1.04 sys=0.00, real=0.08 secs] 
5031.251: [GC 5031.251: [ParNew: 1743152K->39764K(1887488K), 0.0584620 secs] 9953503K->8266236K(20761856K), 0.0588580 secs] [Times: user=0.79 sys=0.00, real=0.06 secs] 
5031.907: [GC 5031.907: [ParNew: 1717588K->34972K(1887488K), 0.0331120 secs] 9944060K->8263087K(20761856K), 0.0334150 secs] [Times: user=0.56 sys=0.00, real=0.03 secs] 
5034.612: [GC 5034.613: [ParNew: 1712796K->85927K(1887488K), 0.0944050 secs] 9940911K->8326007K(20761856K), 0.0947890 secs] [Times: user=1.31 sys=0.00, real=0.09 secs] 
5036.526: [GC 5036.526: [ParNew: 1763751K->115642K(1887488K), 0.0801930 secs] 10003831K->8364441K(20761856K), 0.0805240 secs] [Times: user=1.20 sys=0.01, real=0.08 secs] 
5037.258: [GC 5037.258: [ParNew: 1793466K->116908K(1887488K), 0.0624360 secs] 10042265K->8367896K(20761856K), 0.0627210 secs] [Times: user=1.04 sys=0.00, real=0.06 secs] 
5037.927: [GC 5037.927: [ParNew: 1794732K->114409K(1887488K), 0.0598670 secs] 10045720K->8365397K(20761856K), 0.0601510 secs] [Times: user=1.02 sys=0.00, real=0.06 secs] 
5038.579: [GC 5038.579: [ParNew: 1792233K->77251K(1887488K), 0.1257010 secs] 10043221K->8388925K(20761856K), 0.1259860 secs] [Times: user=1.18 sys=0.02, real=0.13 secs] 
5039.309: [GC 5039.309: [ParNew: 1755075K->23923K(1887488K), 0.0453690 secs] 10066749K->8352203K(20761856K), 0.0456610 secs] [Times: user=0.57 sys=0.00, real=0.05 secs] 
5039.990: [GC 5039.990: [ParNew: 1701747K->6887K(1887488K), 0.0254320 secs] 10030027K->8335760K(20761856K), 0.0257550 secs] [Times: user=0.42 sys=0.00, real=0.03 secs] 
5043.191: [GC 5043.191: [ParNew: 1684711K->24987K(1887488K), 0.0404950 secs] 10013584K->8354241K(20761856K), 0.0408240 secs] [Times: user=0.60 sys=0.00, real=0.04 secs] 
5047.952: [GC 5047.952: [ParNew: 1702811K->121540K(1887488K), 0.1383640 secs] 10032065K->8450794K(20761856K), 0.1387790 secs] [Times: user=1.82 sys=0.00, real=0.14 secs] 
5050.288: [GC 5050.288: [ParNew: 1799364K->182476K(1887488K), 0.1566670 secs] 10128618K->8532378K(20761856K), 0.1570450 secs] [Times: user=2.11 sys=0.01, real=0.16 secs] 
5053.110: [GC 5053.110: [ParNew: 1860300K->209664K(1887488K), 0.9510900 secs] 10210202K->8965091K(20761856K), 0.9514880 secs] [Times: user=10.12 sys=0.05, real=0.95 secs] 
5057.565: [GC 5057.565: [ParNew: 1887488K->209664K(1887488K), 0.4385270 secs] 10642915K->9160356K(20761856K), 0.4389120 secs] [Times: user=4.85 sys=0.01, real=0.43 secs] 
5061.762: [GC 5061.762: [ParNew: 1887488K->209664K(1887488K), 0.4011920 secs] 10838180K->9316038K(20761856K), 0.4015540 secs] [Times: user=4.37 sys=0.01, real=0.40 secs] 
5066.734: [GC 5066.734: [ParNew: 1887488K->209664K(1887488K), 0.3388100 secs] 10993862K->9475217K(20761856K), 0.3391550 secs] [Times: user=4.15 sys=0.01, real=0.34 secs] 
5071.580: [GC 5071.580: [ParNew: 1887488K->209664K(1887488K), 0.3240370 secs] 11153041K->9633995K(20761856K), 0.3243610 secs] [Times: user=4.15 sys=0.01, real=0.32 secs] 
5076.239: [GC 5076.239: [ParNew: 1887488K->209664K(1887488K), 0.3070720 secs] 11311819K->9793363K(20761856K), 0.3073900 secs] [Times: user=3.99 sys=0.02, real=0.30 secs] 
5080.670: [GC 5080.670: [ParNew: 1887488K->209664K(1887488K), 0.3619190 secs] 11471187K->9958626K(20761856K), 0.3622780 secs] [Times: user=4.47 sys=0.02, real=0.36 secs] 
5085.385: [GC 5085.385: [ParNew: 1887488K->209664K(1887488K), 0.4137600 secs] 11636450K->10160671K(20761856K), 0.4141330 secs] [Times: user=4.87 sys=0.02, real=0.42 secs] 
5089.997: [GC 5089.997: [ParNew: 1887488K->209664K(1887488K), 0.3793260 secs] 11838495K->10344791K(20761856K), 0.3796790 secs] [Times: user=4.80 sys=0.01, real=0.38 secs] 
5094.570: [GC 5094.571: [ParNew: 1887488K->209664K(1887488K), 0.3829740 secs] 12022615K->10535311K(20761856K), 0.3833050 secs] [Times: user=4.96 sys=0.02, real=0.38 secs] 
5098.614: [GC 5098.615: [ParNew: 1887488K->209664K(1887488K), 0.3568240 secs] 12213135K->10717811K(20761856K), 0.3571470 secs] [Times: user=4.72 sys=0.02, real=0.36 secs] 
5102.092: [GC 5102.092: [ParNew: 1887488K->209664K(1887488K), 0.3128490 secs] 12395635K->10893809K(20761856K), 0.3131840 secs] [Times: user=4.02 sys=0.02, real=0.31 secs] 
5105.361: [GC 5105.361: [ParNew: 1887488K->209664K(1887488K), 0.2365320 secs] 12571633K->11023635K(20761856K), 0.2368040 secs] [Times: user=3.42 sys=0.01, real=0.24 secs] 
5108.956: [GC 5108.957: [ParNew: 1887488K->209664K(1887488K), 0.4397890 secs] 12701459K->11195727K(20761856K), 0.4401260 secs] [Times: user=5.33 sys=0.01, real=0.44 secs] 
5112.187: [GC 5112.187: [ParNew: 1887488K->209664K(1887488K), 0.9653230 secs] 12873551K->11744719K(20761856K), 0.9656430 secs] [Times: user=12.45 sys=0.03, real=0.96 secs] 
5115.705: [GC 5115.705: [ParNew: 1887488K->209664K(1887488K), 0.8788870 secs] 13422543K->12194943K(20761856K), 0.8792630 secs] [Times: user=10.52 sys=0.02, real=0.88 secs] 
5120.012: [GC 5120.012: [ParNew: 1887488K->209664K(1887488K), 0.6526380 secs] 13872767K->12560071K(20761856K), 0.6529850 secs] [Times: user=8.40 sys=0.02, real=0.66 secs] 
5122.761: [GC 5122.761: [ParNew: 1887488K->209664K(1887488K), 0.9710450 secs] 14237895K->13152779K(20761856K), 0.9713680 secs] [Times: user=12.75 sys=0.03, real=0.97 secs] 
5126.252: [GC 5126.252: [ParNew: 1887488K->209664K(1887488K), 0.6649750 secs] 14830603K->13477922K(20761856K), 0.6652860 secs] [Times: user=8.15 sys=0.02, real=0.67 secs] 
5126.920: [GC [1 CMS-initial-mark: 13268258K(18874368K)] 13494788K(20761856K), 0.5926190 secs] [Times: user=0.59 sys=0.00, real=0.59 secs] 
5127.513: [CMS-concurrent-mark-start]
5131.541: [GC 5131.542: [ParNew: 1887488K->209664K(1887488K), 0.4749740 secs] 15155746K->13743913K(20761856K), 0.4752570 secs] [Times: user=6.17 sys=0.02, real=0.48 secs] 
5132.058: [CMS-concurrent-mark: 4.059/4.545 secs] [Times: user=32.47 sys=0.11, real=4.55 secs] 
5132.058: [CMS-concurrent-preclean-start]
5133.270: [CMS-concurrent-preclean: 1.205/1.213 secs] [Times: user=3.55 sys=0.03, real=1.21 secs] 
5133.270: [CMS-concurrent-abortable-preclean-start]
5135.209: [CMS-concurrent-abortable-preclean: 1.938/1.939 secs] [Times: user=3.87 sys=0.04, real=1.94 secs] 
5135.211: [GC[YG occupancy: 1409541 K (1887488 K)]5135.211: [GC 5135.211: [ParNew: 1409541K->209664K(1887488K), 0.4146780 secs] 14943790K->13917772K(20761856K), 0.4150340 secs] [Times: user=4.80 sys=0.01, real=0.41 secs] 
5135.626: [Rescan (parallel) , 0.0701080 secs]5135.696: [weak refs processing, 0.3968820 secs]5136.093: [class unloading, 0.0677530 secs]5136.161: [scrub symbol & string tables, 0.0092390 secs] [1 CMS-remark: 13708108K(18874368K)] 13917772K(20761856K), 1.1753260 secs] [Times: user=6.73 sys=0.01, real=1.17 secs] 
5136.387: [CMS-concurrent-sweep-start]
5139.579: [GC 5139.579: [ParNew: 1887413K->209664K(1887488K), 0.6157000 secs] 15094844K->13728714K(20761856K), 0.6159880 secs] [Times: user=8.19 sys=0.03, real=0.61 secs] 
5144.072: [GC 5144.072: [ParNew: 1887488K->209664K(1887488K), 0.8505850 secs] 14243571K->13020972K(20761856K), 0.8509400 secs] [Times: user=10.59 sys=0.03, real=0.85 secs] 
5150.047: [GC 5150.047: [ParNew: 1887488K->209664K(1887488K), 0.8651170 secs] 12727092K->11532772K(20761856K), 0.8654710 secs] [Times: user=10.57 sys=0.02, real=0.87 secs] 
5155.372: [GC 5155.372: [ParNew: 1887488K->209664K(1887488K), 0.4891810 secs] 11571221K->10129504K(20761856K), 0.4895340 secs] [Times: user=5.62 sys=0.02, real=0.49 secs] 
5158.829: [CMS-concurrent-sweep: 19.525/22.442 secs] [Times: user=99.94 sys=0.82, real=22.43 secs] 
5158.831: [CMS-concurrent-reset-start]
5158.879: [CMS-concurrent-reset: 0.046/0.048 secs] [Times: user=0.10 sys=0.00, real=0.04 secs] 
5160.267: [GC 5160.267: [ParNew: 1887488K->209664K(1887488K), 0.3308900 secs] 10902507K->9400779K(20761856K), 0.3312660 secs] [Times: user=4.23 sys=0.02, real=0.33 secs] 
5165.642: [GC 5165.643: [ParNew: 1887488K->209664K(1887488K), 0.5686200 secs] 11078603K->9668261K(20761856K), 0.5689640 secs] [Times: user=7.43 sys=0.01, real=0.57 secs] 
5170.918: [GC 5170.918: [ParNew: 1887488K->209664K(1887488K), 0.9858430 secs] 11346085K->10198134K(20761856K), 0.9862100 secs] [Times: user=11.51 sys=0.03, real=0.99 secs] 
5175.771: [GC 5175.771: [ParNew: 1887488K->209664K(1887488K), 0.7007110 secs] 11875958K->10491043K(20761856K), 0.7011130 secs] [Times: user=7.22 sys=0.01, real=0.70 secs] 
5181.256: [GC 5181.256: [ParNew: 1887488K->209664K(1887488K), 0.6409190 secs] 12168867K->10773471K(20761856K), 0.6412990 secs] [Times: user=7.01 sys=0.02, real=0.64 secs] 
5187.123: [GC 5187.123: [ParNew: 1887488K->209664K(1887488K), 0.9714030 secs] 12451295K->11300512K(20761856K), 0.9717810 secs] [Times: user=11.68 sys=0.03, real=0.97 secs] 
5193.493: [GC 5193.493: [ParNew: 1887488K->209664K(1887488K), 1.0323990 secs] 12978336K->11843509K(20761856K), 1.0327720 secs] [Times: user=12.28 sys=0.02, real=1.03 secs] 
5198.251: [GC 5198.251: [ParNew: 1887488K->209664K(1887488K), 0.7201170 secs] 13521333K->12183768K(20761856K), 0.7204960 secs] [Times: user=8.26 sys=0.02, real=0.72 secs] 
5199.778: [GC 5199.778: [ParNew: 1887488K->209664K(1887488K), 0.6789950 secs] 13861592K->12503606K(20761856K), 0.6793310 secs] [Times: user=7.72 sys=0.02, real=0.68 secs] 
5201.078: [GC 5201.078: [ParNew: 1887488K->209664K(1887488K), 0.4112460 secs] 14181430K->12725435K(20761856K), 0.4115730 secs] [Times: user=5.20 sys=0.03, real=0.41 secs] 
5202.989: [GC 5202.989: [ParNew: 1887488K->209664K(1887488K), 1.0794670 secs] 14403259K->13218770K(20761856K), 1.0798500 secs] [Times: user=11.98 sys=0.03, real=1.08 secs] 
5205.678: [GC 5205.678: [ParNew: 1887488K->209664K(1887488K), 1.1473810 secs] 14896594K->13768224K(20761856K), 1.1477720 secs] [Times: user=12.92 sys=0.03, real=1.14 secs] 
5206.828: [GC [1 CMS-initial-mark: 13558560K(18874368K)] 13776046K(20761856K), 0.4520500 secs] [Times: user=0.45 sys=0.00, real=0.45 secs] 
5207.281: [CMS-concurrent-mark-start]
5210.130: [GC 5210.130: [ParNew: 1887488K->209664K(1887488K), 1.0251690 secs] 15446048K->14242259K(20761856K), 1.0255350 secs] [Times: user=10.97 sys=0.02, real=1.02 secs] 
5212.120: [CMS-concurrent-mark: 3.801/4.840 secs] [Times: user=41.96 sys=0.23, real=4.84 secs] 
5212.121: [CMS-concurrent-preclean-start]
5213.520: [CMS-concurrent-preclean: 1.383/1.400 secs] [Times: user=3.33 sys=0.20, real=1.40 secs] 
5213.520: [CMS-concurrent-abortable-preclean-start]
5215.308: [GC 5215.309: [ParNew: 1887488K->209664K(1887488K), 0.8260230 secs] 15920083K->14677989K(20761856K), 0.8264370 secs] [Times: user=9.57 sys=0.04, real=0.83 secs] 
5217.721: [CMS-concurrent-abortable-preclean: 3.357/4.200 secs] [Times: user=22.06 sys=0.32, real=4.20 secs] 
5217.722: [GC[YG occupancy: 1257866 K (1887488 K)]5217.722: [GC 5217.722: [ParNew: 1257866K->209664K(1887488K), 0.7482340 secs] 15726191K->14976713K(20761856K), 0.7486540 secs] [Times: user=7.30 sys=0.02, real=0.75 secs] 
5218.471: [Rescan (parallel) , 0.2010370 secs]5218.672: [weak refs processing, 0.3307130 secs]5219.003: [class unloading, 0.0547480 secs]5219.058: [scrub symbol & string tables, 0.0104690 secs] [1 CMS-remark: 14767049K(18874368K)] 14976713K(20761856K), 1.4630190 secs] [Times: user=11.39 sys=0.02, real=1.46 secs] 
5219.186: [CMS-concurrent-sweep-start]
5222.396: [GC 5222.396: [ParNew: 1887488K->209664K(1887488K), 0.8527590 secs] 16078067K->14852482K(20761856K), 0.8531240 secs] [Times: user=9.61 sys=0.06, real=0.85 secs] 
5227.019: [GC 5227.019: [ParNew: 1887488K->209664K(1887488K), 0.4813240 secs] 14918210K->13521414K(20761856K), 0.4817480 secs] [Times: user=5.89 sys=0.02, real=0.48 secs] 
5229.997: [GC 5229.997: [ParNew: 1887488K->209664K(1887488K), 0.9387110 secs] 14039032K->12866271K(20761856K), 0.9390720 secs] [Times: user=10.15 sys=0.03, real=0.94 secs] 
5232.420: [GC 5232.420: [ParNew: 1887488K->209664K(1887488K), 0.9924460 secs] 14039129K->12887351K(20761856K), 0.9928490 secs] [Times: user=11.38 sys=0.03, real=1.00 secs] 
5235.293: [GC 5235.293: [ParNew: 1887488K->209664K(1887488K), 1.0337270 secs] 13852494K->12750436K(20761856K), 1.0340950 secs] [Times: user=12.40 sys=0.03, real=1.03 secs] 
5238.626: [GC 5238.626: [ParNew: 1887488K->209664K(1887488K), 0.9549080 secs] 13500910K->12279523K(20761856K), 0.9553080 secs] [Times: user=10.43 sys=0.01, real=0.95 secs] 
5241.890: [GC 5241.890: [ParNew: 1887488K->209664K(1887488K), 0.9607400 secs] 13141809K->11983184K(20761856K), 0.9611080 secs] [Times: user=11.29 sys=0.03, real=0.96 secs] 
5244.113: [CMS-concurrent-sweep: 18.579/24.927 secs] [Times: user=167.88 sys=1.85, real=24.92 secs] 
5244.113: [CMS-concurrent-reset-start]
5244.243: [CMS-concurrent-reset: 0.130/0.130 secs] [Times: user=1.38 sys=0.00, real=0.13 secs] 
5244.370: [GC 5244.371: [ParNew: 1887488K->209664K(1887488K), 1.0765360 secs] 13225870K->12140257K(20761856K), 1.0769350 secs] [Times: user=12.53 sys=0.03, real=1.08 secs] 
5247.231: [GC 5247.231: [ParNew: 1887488K->209664K(1887488K), 1.0514740 secs] 13818081K->12707384K(20761856K), 1.0518340 secs] [Times: user=12.41 sys=0.02, real=1.05 secs] 
5249.523: [GC 5249.524: [ParNew: 1887488K->209662K(1887488K), 1.1696990 secs] 14385208K->13263879K(20761856K), 1.1700830 secs] [Times: user=12.59 sys=0.03, real=1.17 secs] 
5251.929: [GC 5251.930: [ParNew: 1887486K->209664K(1887488K), 1.1427820 secs] 14941703K->13817060K(20761856K), 1.1431690 secs] [Times: user=11.98 sys=0.05, real=1.14 secs] 
5253.074: [GC [1 CMS-initial-mark: 13607396K(18874368K)] 13817416K(20761856K), 0.5458500 secs] [Times: user=0.55 sys=0.00, real=0.55 secs] 
5253.621: [CMS-concurrent-mark-start]
5255.123: [GC 5255.123: [ParNew: 1887488K->209662K(1887488K), 1.0920120 secs] 15494884K->14383786K(20761856K), 1.0923450 secs] [Times: user=11.84 sys=0.04, real=1.10 secs] 
5257.714: [GC 5257.714: [ParNew: 1887486K->209664K(1887488K), 1.0549200 secs] 16061610K->14941560K(20761856K), 1.0552770 secs] [Times: user=12.10 sys=0.04, real=1.06 secs] 
5260.306: [CMS-concurrent-mark: 4.482/6.685 secs] [Times: user=84.99 sys=0.31, real=6.68 secs] 
5260.306: [CMS-concurrent-preclean-start]
5260.431: [GC 5260.431: [ParNew: 1887488K->209663K(1887488K), 0.8080610 secs] 16619384K->15339262K(20761856K), 0.8084120 secs] [Times: user=9.21 sys=0.03, real=0.81 secs] 
5264.113: [GC 5264.113: [ParNew: 1887487K->209664K(1887488K), 0.8530920 secs] 17017086K->15734423K(20761856K), 0.8534850 secs] [Times: user=9.74 sys=0.03, real=0.85 secs] 
5268.449: [CMS-concurrent-preclean: 6.390/8.143 secs] [Times: user=44.89 sys=0.54, real=8.15 secs] 
5268.449: [CMS-concurrent-abortable-preclean-start]
5268.486: [GC 5268.487: [ParNew: 1887488K->209664K(1887488K), 0.7465460 secs] 17412247K->16139891K(20761856K), 0.7468990 secs] [Times: user=9.52 sys=0.01, real=0.75 secs] 
5271.559: [CMS-concurrent-abortable-preclean: 2.342/3.109 secs] [Times: user=19.59 sys=0.09, real=3.11 secs] 
5271.560: [GC[YG occupancy: 1773570 K (1887488 K)]5271.560: [GC 5271.560: [ParNew: 1773570K->209664K(1887488K), 0.9700240 secs] 17703798K->16614605K(20761856K), 0.9704130 secs] [Times: user=10.79 sys=0.02, real=0.97 secs] 
5272.530: [Rescan (parallel) , 0.2285150 secs]5272.759: [weak refs processing, 0.3644020 secs]5273.124: [class unloading, 0.0562010 secs]5273.180: [scrub symbol & string tables, 0.0103670 secs] [1 CMS-remark: 16404941K(18874368K)] 16614605K(20761856K), 1.8009430 secs] [Times: user=15.48 sys=0.02, real=1.80 secs] 
5273.362: [CMS-concurrent-sweep-start]
5276.802: [GC 5276.802: [ParNew: 1887488K->209663K(1887488K), 0.6649020 secs] 17625660K->16298638K(20761856K), 0.6652850 secs] [Times: user=7.60 sys=0.05, real=0.66 secs] 
5280.747: [GC 5280.747: [ParNew: 1887487K->209664K(1887488K), 0.9432670 secs] 16425533K->15252981K(20761856K), 0.9436250 secs] [Times: user=10.94 sys=0.02, real=0.95 secs] 
5283.470: [GC 5283.470: [ParNew: 1887488K->209664K(1887488K), 0.9459410 secs] 16023384K->14856613K(20761856K), 0.9462990 secs] [Times: user=11.03 sys=0.02, real=0.94 secs] 
5289.086: [GC 5289.086: [ParNew: 1887488K->209664K(1887488K), 0.5473710 secs] 14005635K->12573835K(20761856K), 0.5477120 secs] [Times: user=6.11 sys=0.02, real=0.55 secs] 
5294.260: [GC 5294.261: [ParNew: 1887488K->209664K(1887488K), 0.5062450 secs] 12460278K->11023280K(20761856K), 0.5065820 secs] [Times: user=5.70 sys=0.01, real=0.51 secs] 
5294.916: [CMS-concurrent-sweep: 17.890/21.555 secs] [Times: user=99.20 sys=1.03, real=21.55 secs] 
5294.916: [CMS-concurrent-reset-start]
5294.965: [CMS-concurrent-reset: 0.048/0.048 secs] [Times: user=0.19 sys=0.00, real=0.05 secs] 
5300.191: [GC 5300.191: [ParNew: 1887488K->209664K(1887488K), 0.7328210 secs] 12676854K->11343451K(20761856K), 0.7332270 secs] [Times: user=8.23 sys=0.01, real=0.74 secs] 
5306.312: [GC 5306.312: [ParNew: 1887488K->209664K(1887488K), 0.8758050 secs] 13021275K->11828223K(20761856K), 0.8761780 secs] [Times: user=10.69 sys=0.02, real=0.88 secs] 
5312.613: [GC 5312.614: [ParNew: 1887488K->209664K(1887488K), 0.9641000 secs] 13506047K->12323184K(20761856K), 0.9644970 secs] [Times: user=11.24 sys=0.02, real=0.97 secs] 
5317.887: [GC 5317.887: [ParNew: 1887488K->209664K(1887488K), 0.4841050 secs] 14001008K->12538984K(20761856K), 0.4845110 secs] [Times: user=5.20 sys=0.02, real=0.48 secs] 
5322.375: [GC 5322.375: [ParNew: 1887488K->203297K(1887488K), 0.3412990 secs] 14216808K->12682264K(20761856K), 0.3416850 secs] [Times: user=3.84 sys=0.01, real=0.35 secs] 
5327.675: [GC 5327.675: [ParNew: 1881121K->209664K(1887488K), 0.7577960 secs] 14360088K->13049074K(20761856K), 0.7581890 secs] [Times: user=8.61 sys=0.01, real=0.76 secs] 
5331.497: [GC 5331.498: [ParNew: 1887488K->209664K(1887488K), 1.0075430 secs] 14726898K->13574548K(20761856K), 1.0079260 secs] [Times: user=11.47 sys=0.03, real=1.00 secs] 
5332.508: [GC [1 CMS-initial-mark: 13364884K(18874368K)] 13574910K(20761856K), 0.5797420 secs] [Times: user=0.58 sys=0.00, real=0.57 secs] 
5333.089: [CMS-concurrent-mark-start]
5336.457: [CMS-concurrent-mark: 3.359/3.369 secs] [Times: user=21.94 sys=0.10, real=3.36 secs] 
5336.457: [CMS-concurrent-preclean-start]
5336.647: [CMS-concurrent-preclean: 0.189/0.190 secs] [Times: user=0.38 sys=0.00, real=0.19 secs] 
5336.647: [CMS-concurrent-abortable-preclean-start]
5336.875: [GC 5336.875: [ParNew: 1887488K->209664K(1887488K), 0.6216170 secs] 15252372K->13821797K(20761856K), 0.6220020 secs] [Times: user=6.46 sys=0.01, real=0.62 secs] 
5340.303: [CMS-concurrent-abortable-preclean: 3.017/3.656 secs] [Times: user=14.28 sys=0.10, real=3.66 secs] 
5340.305: [GC[YG occupancy: 1367949 K (1887488 K)]5340.305: [GC 5340.305: [ParNew: 1367949K->209664K(1887488K), 0.4591900 secs] 14980082K->14016375K(20761856K), 0.4595380 secs] [Times: user=5.08 sys=0.01, real=0.46 secs] 
5340.765: [Rescan (parallel) , 0.0809970 secs]5340.846: [weak refs processing, 0.1701140 secs]5341.016: [class unloading, 0.0564490 secs]5341.072: [scrub symbol & string tables, 0.0103350 secs] [1 CMS-remark: 13806711K(18874368K)] 14016375K(20761856K), 0.9227100 secs] [Times: user=6.89 sys=0.01, real=0.92 secs] 
5341.229: [CMS-concurrent-sweep-start]
5345.157: [GC 5345.157: [ParNew: 1887488K->209664K(1887488K), 1.0030890 secs] 14980777K->13817801K(20761856K), 1.0034520 secs] [Times: user=11.94 sys=0.02, real=1.01 secs] 
5351.139: [GC 5351.139: [ParNew: 1887488K->209664K(1887488K), 0.9620170 secs] 13405881K->12257317K(20761856K), 0.9623760 secs] [Times: user=11.62 sys=0.02, real=0.97 secs] 
5354.794: [GC 5354.794: [ParNew: 1887488K->209664K(1887488K), 0.7949780 secs] 12837161K->11539658K(20761856K), 0.7953370 secs] [Times: user=8.39 sys=0.04, real=0.79 secs] 
5356.230: [GC 5356.230: [ParNew: 1887488K->209664K(1887488K), 0.5777790 secs] 13059605K->11657994K(20761856K), 0.5781490 secs] [Times: user=6.44 sys=0.02, real=0.58 secs] 
5357.803: [GC 5357.804: [ParNew: 1887488K->209664K(1887488K), 0.7541710 secs] 13066977K->11695736K(20761856K), 0.7545490 secs] [Times: user=7.95 sys=0.02, real=0.75 secs] 
5360.451: [GC 5360.451: [ParNew: 1887488K->209664K(1887488K), 1.2112530 secs] 12640842K->11534815K(20761856K), 1.2116590 secs] [Times: user=12.87 sys=0.03, real=1.22 secs] 
5364.194: [GC 5364.194: [ParNew: 1887488K->209664K(1887488K), 1.1055410 secs] 12370179K->11226551K(20761856K), 1.1059060 secs] [Times: user=12.05 sys=0.03, real=1.10 secs] 
5368.706: [GC 5368.706: [ParNew: 1887488K->209664K(1887488K), 0.7693990 secs] 11595499K->10275690K(20761856K), 0.7697880 secs] [Times: user=8.28 sys=0.05, real=0.77 secs] 
5370.947: [CMS-concurrent-sweep: 22.444/29.719 secs] [Times: user=174.14 sys=1.36, real=29.72 secs] 
5370.947: [CMS-concurrent-reset-start]
5370.987: [CMS-concurrent-reset: 0.039/0.039 secs] [Times: user=0.08 sys=0.01, real=0.04 secs] 
5373.751: [GC 5373.751: [ParNew: 1887488K->209664K(1887488K), 0.3980920 secs] 11518890K->10058777K(20761856K), 0.3984330 secs] [Times: user=4.87 sys=0.02, real=0.40 secs] 
5377.876: [GC 5377.876: [ParNew: 1887488K->209664K(1887488K), 0.3254750 secs] 11736601K->10215379K(20761856K), 0.3257940 secs] [Times: user=3.98 sys=0.01, real=0.32 secs] 
5382.172: [GC 5382.173: [ParNew: 1887488K->209664K(1887488K), 0.3815610 secs] 11893203K->10407540K(20761856K), 0.3819260 secs] [Times: user=4.53 sys=0.01, real=0.38 secs] 
5386.410: [GC 5386.411: [ParNew: 1887488K->209664K(1887488K), 0.3921500 secs] 12085364K->10617788K(20761856K), 0.3925360 secs] [Times: user=4.67 sys=0.01, real=0.39 secs] 
5391.103: [GC 5391.103: [ParNew: 1887488K->209664K(1887488K), 0.4050390 secs] 12295612K->10824735K(20761856K), 0.4053810 secs] [Times: user=4.74 sys=0.01, real=0.41 secs] 
5394.111: [GC 5394.111: [ParNew: 1887488K->209664K(1887488K), 1.1001430 secs] 12502559K->11353996K(20761856K), 1.1005700 secs] [Times: user=12.02 sys=0.02, real=1.10 secs] 
5399.118: [GC 5399.118: [ParNew: 1887488K->209664K(1887488K), 0.8492450 secs] 13031820K->11796372K(20761856K), 0.8496670 secs] [Times: user=9.55 sys=0.01, real=0.85 secs] 
5404.734: [GC 5404.734: [ParNew: 1887488K->209664K(1887488K), 0.4602270 secs] 13474196K->12083503K(20761856K), 0.4606580 secs] [Times: user=5.68 sys=0.02, real=0.46 secs] 
5407.077: [GC 5407.077: [ParNew: 1887488K->209664K(1887488K), 1.0571390 secs] 13761327K->12634124K(20761856K), 1.0575370 secs] [Times: user=11.47 sys=0.02, real=1.06 secs] 
5409.574: [GC 5409.574: [ParNew: 1887488K->209664K(1887488K), 1.0942330 secs] 14311948K->13174742K(20761856K), 1.0946600 secs] [Times: user=12.17 sys=0.02, real=1.09 secs] 
5412.449: [GC 5412.450: [ParNew: 1887488K->209664K(1887488K), 1.1009470 secs] 14852566K->13755107K(20761856K), 1.1013350 secs] [Times: user=12.92 sys=0.02, real=1.11 secs] 
5413.553: [GC [1 CMS-initial-mark: 13545443K(18874368K)] 13755419K(20761856K), 0.4517300 secs] [Times: user=0.45 sys=0.00, real=0.45 secs] 
5414.006: [CMS-concurrent-mark-start]
5416.190: [GC 5416.190: [ParNew: 1887488K->209664K(1887488K), 0.9845720 secs] 15432931K->14276824K(20761856K), 0.9849280 secs] [Times: user=11.32 sys=0.05, real=0.99 secs] 
5419.202: [GC 5419.202: [ParNew: 1887488K->209664K(1887488K), 0.9556710 secs] 15954648K->14792433K(20761856K), 0.9560290 secs] [Times: user=11.21 sys=0.04, real=0.95 secs] 
5420.292: [CMS-concurrent-mark: 4.278/6.286 secs] [Times: user=63.61 sys=0.35, real=6.29 secs] 
5420.292: [CMS-concurrent-preclean-start]
5421.972: [GC 5421.973: [ParNew: 1887488K->209664K(1887488K), 1.1216320 secs] 16470257K->15391842K(20761856K), 1.1220210 secs] [Times: user=13.39 sys=0.02, real=1.12 secs] 
5424.677: [GC 5424.677: [ParNew: 1887488K->209664K(1887488K), 1.1450830 secs] 17069666K->15985823K(20761856K), 1.1454220 secs] [Times: user=13.29 sys=0.04, real=1.15 secs] 
5427.084: [GC 5427.084: [ParNew: 1887488K->209662K(1887488K), 1.1050390 secs] 17663647K->16524902K(20761856K), 1.1053620 secs] [Times: user=12.12 sys=0.04, real=1.10 secs] 
5429.598: [GC 5429.598: [ParNew: 1887486K->209664K(1887488K), 1.0375530 secs] 18202726K->17025771K(20761856K), 1.0378880 secs] [Times: user=11.63 sys=0.03, real=1.04 secs] 
5431.903: [GC 5431.904: [ParNew: 1887488K->209662K(1887488K), 1.0820650 secs] 18703595K->17590381K(20761856K), 1.0824150 secs] [Times: user=12.73 sys=0.02, real=1.08 secs] 
5434.414: [GC 5434.414: [ParNew: 1887486K->209664K(1887488K), 1.0651440 secs] 19268205K->18120539K(20761856K), 1.0654900 secs] [Times: user=12.27 sys=0.02, real=1.06 secs] 
5437.443: [GC 5437.443: [ParNew: 1887488K->209664K(1887488K), 0.7238110 secs] 19798363K->18449303K(20761856K), 0.7241550 secs] [Times: user=8.44 sys=0.01, real=0.73 secs] 
5441.666: [CMS-concurrent-preclean: 13.949/21.374 secs] [Times: user=174.54 sys=1.30, real=21.37 secs] 
5441.666: [CMS-concurrent-abortable-preclean-start]
5442.013: [CMS-concurrent-abortable-preclean: 0.344/0.347 secs] [Times: user=0.98 sys=0.04, real=0.34 secs] 
5442.015: [GC[YG occupancy: 1772719 K (1887488 K)]5442.015: [GC 5442.015: [ParNew: 1772719K->209662K(1887488K), 0.6439390 secs] 20012359K->18773153K(20761856K), 0.6442690 secs] [Times: user=7.95 sys=0.02, real=0.64 secs] 
5442.659: [Rescan (parallel) , 0.2699650 secs]5442.929: [weak refs processing, 0.3695810 secs]5443.299: [class unloading, 0.0577330 secs]5443.356: [scrub symbol & string tables, 0.0102790 secs] [1 CMS-remark: 18563491K(18874368K)] 18773153K(20761856K), 1.4624340 secs] [Times: user=13.33 sys=0.02, real=1.46 secs] 
5443.478: [CMS-concurrent-sweep-start]
5445.699: [GC 5445.700: [ParNew: 1887486K->1887486K(1887488K), 0.0000220 secs]5445.700: [CMS5461.399: [CMS-concurrent-sweep: 17.918/17.921 secs] [Times: user=29.18 sys=0.26, real=17.92 secs] 
 (concurrent mode failure): 18373769K->6875578K(18874368K), 49.4546830 secs] 20261255K->6875578K(20761856K), [CMS Perm : 68692K->68467K(114572K)], 49.4550190 secs] [Times: user=49.45 sys=0.00, real=49.45 secs] 
5497.910: [GC 5497.910: [ParNew: 1677824K->209664K(1887488K), 0.6945940 secs] 8553402K->7443143K(20761856K), 0.6948940 secs] [Times: user=9.10 sys=0.05, real=0.70 secs] 
5502.073: [GC 5502.073: [ParNew: 1887488K->209662K(1887488K), 0.4979180 secs] 9120967K->7718341K(20761856K), 0.4982970 secs] [Times: user=6.48 sys=0.01, real=0.50 secs] 
5504.992: [GC 5504.992: [ParNew: 1887486K->209664K(1887488K), 0.9766880 secs] 9396165K->8341458K(20761856K), 0.9770340 secs] [Times: user=12.61 sys=0.03, real=0.98 secs] 
5508.853: [GC 5508.853: [ParNew: 1887488K->209664K(1887488K), 0.7032750 secs] 10019282K->8709987K(20761856K), 0.7036140 secs] [Times: user=8.63 sys=0.00, real=0.71 secs] 
5514.224: [GC 5514.224: [ParNew: 1887488K->209664K(1887488K), 0.4757170 secs] 10387811K->8941142K(20761856K), 0.4760770 secs] [Times: user=5.66 sys=0.01, real=0.48 secs] 
5519.308: [GC 5519.308: [ParNew: 1887488K->209664K(1887488K), 0.5511400 secs] 10618966K->9212702K(20761856K), 0.5514930 secs] [Times: user=6.60 sys=0.01, real=0.55 secs] 
5524.923: [GC 5524.923: [ParNew: 1887488K->209664K(1887488K), 0.7244060 secs] 10890526K->9645131K(20761856K), 0.7247330 secs] [Times: user=9.74 sys=0.01, real=0.73 secs] 
5530.590: [GC 5530.591: [ParNew: 1887488K->209664K(1887488K), 0.8250950 secs] 11322955K->10120971K(20761856K), 0.8254470 secs] [Times: user=10.57 sys=0.02, real=0.82 secs] 
5536.373: [GC 5536.373: [ParNew: 1887417K->209664K(1887488K), 0.7460560 secs] 11798724K->10587486K(20761856K), 0.7463780 secs] [Times: user=10.17 sys=0.02, real=0.75 secs] 
5540.622: [GC 5540.622: [ParNew: 1887488K->209514K(1887488K), 0.2879280 secs] 12265310K->10785927K(20761856K), 0.2882720 secs] [Times: user=3.48 sys=0.01, real=0.29 secs] 
5545.306: [GC 5545.306: [ParNew: 1887338K->209664K(1887488K), 0.3525850 secs] 12463751K->10875385K(20761856K), 0.3529250 secs] [Times: user=4.46 sys=0.00, real=0.35 secs] 
5551.415: [GC 5551.415: [ParNew: 1887488K->209664K(1887488K), 0.8619600 secs] 12553209K->11375629K(20761856K), 0.8623070 secs] [Times: user=10.88 sys=0.01, real=0.86 secs] 
5555.464: [GC 5555.464: [ParNew: 1887488K->209664K(1887488K), 0.7703410 secs] 13053453K->11781049K(20761856K), 0.7706790 secs] [Times: user=9.29 sys=0.00, real=0.77 secs] 
5561.120: [GC 5561.120: [ParNew: 1887488K->209664K(1887488K), 0.5630900 secs] 13458873K->12048651K(20761856K), 0.5634470 secs] [Times: user=6.69 sys=0.00, real=0.57 secs] 
5566.719: [GC 5566.719: [ParNew: 1887488K->209664K(1887488K), 0.8048900 secs] 13726475K->12494263K(20761856K), 0.8052410 secs] [Times: user=10.15 sys=0.01, real=0.81 secs] 
5573.045: [GC 5573.045: [ParNew: 1887488K->209664K(1887488K), 0.9269760 secs] 14172087K->13032933K(20761856K), 0.9273420 secs] [Times: user=11.96 sys=0.00, real=0.93 secs] 
5578.118: [GC 5578.119: [ParNew: 1887488K->209664K(1887488K), 0.7647450 secs] 14710757K->13444744K(20761856K), 0.7650910 secs] [Times: user=9.27 sys=0.01, real=0.76 secs] 
5578.886: [GC [1 CMS-initial-mark: 13235080K(18874368K)] 13444746K(20761856K), 0.5874200 secs] [Times: user=0.59 sys=0.00, real=0.58 secs] 
5579.474: [CMS-concurrent-mark-start]
5580.481: [GC 5580.481: [ParNew: 1887488K->209664K(1887488K), 0.5896540 secs] 15122568K->13765086K(20761856K), 0.5899270 secs] [Times: user=7.73 sys=0.03, real=0.59 secs] 
5581.964: [GC 5581.964: [ParNew: 1887488K->209664K(1887488K), 0.4469520 secs] 15442910K->14014023K(20761856K), 0.4472480 secs] [Times: user=6.33 sys=0.01, real=0.45 secs] 
5584.040: [GC 5584.041: [ParNew: 1887488K->209664K(1887488K), 1.0379550 secs] 15691847K->14574816K(20761856K), 1.0382700 secs] [Times: user=12.68 sys=0.02, real=1.04 secs] 
5586.031: [CMS-concurrent-mark: 4.475/6.557 secs] [Times: user=80.77 sys=0.49, real=6.56 secs] 
5586.031: [CMS-concurrent-preclean-start]
5587.597: [GC 5587.597: [ParNew: 1887488K->209664K(1887488K), 1.0130060 secs] 16252640K->15144941K(20761856K), 1.0133130 secs] [Times: user=13.31 sys=0.01, real=1.01 secs] 
5591.525: [CMS-concurrent-preclean: 4.456/5.494 secs] [Times: user=28.86 sys=0.08, real=5.49 secs] 
5591.525: [CMS-concurrent-abortable-preclean-start]
5592.654: [GC 5592.654: [ParNew: 1887488K->209664K(1887488K), 0.8320900 secs] 16822765K->15618692K(20761856K), 0.8324100 secs] [Times: user=11.06 sys=0.02, real=0.83 secs] 
5595.885: [CMS-concurrent-abortable-preclean: 3.514/4.360 secs] [Times: user=21.54 sys=0.44, real=4.36 secs] 
5595.887: [GC[YG occupancy: 1243771 K (1887488 K)]5595.887: [GC 5595.887: [ParNew: 1243771K->209664K(1887488K), 0.5037320 secs] 16652800K->15872445K(20761856K), 0.5040860 secs] [Times: user=6.37 sys=0.01, real=0.51 secs] 
5596.391: [Rescan (parallel) , 0.2324040 secs]5596.623: [weak refs processing, 0.1351240 secs]5596.758: [class unloading, 0.0573580 secs]5596.816: [scrub symbol & string tables, 0.0093600 secs] [1 CMS-remark: 15662781K(18874368K)] 15872445K(20761856K), 1.0503210 secs] [Times: user=10.83 sys=0.01, real=1.05 secs] 
5596.937: [CMS-concurrent-sweep-start]
5599.558: [GC 5599.558: [ParNew: 1887488K->209664K(1887488K), 0.9061870 secs] 17536070K->16415093K(20761856K), 0.9065240 secs] [Times: user=11.94 sys=0.01, real=0.91 secs] 
5604.983: [GC 5604.983: [ParNew: 1887488K->209664K(1887488K), 0.5603110 secs] 16347505K->15020749K(20761856K), 0.5606260 secs] [Times: user=7.33 sys=0.02, real=0.56 secs] 
5609.420: [GC 5609.420: [ParNew: 1887488K->209664K(1887488K), 0.5955570 secs] 14403415K->13114582K(20761856K), 0.5958580 secs] [Times: user=7.63 sys=0.03, real=0.60 secs] 
5612.146: [GC 5612.146: [ParNew: 1887488K->209664K(1887488K), 0.8676100 secs] 13695627K->12534424K(20761856K), 0.8679340 secs] [Times: user=10.43 sys=0.04, real=0.87 secs] 
5614.490: [GC 5614.490: [ParNew: 1887488K->209664K(1887488K), 0.9196160 secs] 13591766K->12497155K(20761856K), 0.9199190 secs] [Times: user=11.89 sys=0.04, real=0.92 secs] 
5617.006: [GC 5617.006: [ParNew: 1887488K->209664K(1887488K), 0.9208640 secs] 13270586K->12173086K(20761856K), 0.9211630 secs] [Times: user=12.06 sys=0.03, real=0.92 secs] 
5619.443: [CMS-concurrent-sweep: 17.680/22.506 secs] [Times: user=136.50 sys=2.05, real=22.51 secs] 
5619.443: [CMS-concurrent-reset-start]
5619.496: [CMS-concurrent-reset: 0.052/0.052 secs] [Times: user=0.23 sys=0.00, real=0.05 secs] 
5620.177: [GC 5620.178: [ParNew: 1887488K->209664K(1887488K), 0.8930640 secs] 13161655K->12016771K(20761856K), 0.8934000 secs] [Times: user=11.52 sys=0.03, real=0.89 secs] 
5623.197: [GC 5623.198: [ParNew: 1887488K->209664K(1887488K), 0.9107910 secs] 13694595K->12561376K(20761856K), 0.9111430 secs] [Times: user=12.14 sys=0.02, real=0.91 secs] 
5626.039: [GC 5626.039: [ParNew: 1887488K->209664K(1887488K), 1.0023440 secs] 14239200K->13135044K(20761856K), 1.0026630 secs] [Times: user=12.87 sys=0.02, real=1.00 secs] 
5628.311: [GC 5628.311: [ParNew: 1887488K->209664K(1887488K), 1.0222000 secs] 14812868K->13723792K(20761856K), 1.0225330 secs] [Times: user=13.24 sys=0.01, real=1.02 secs] 
5629.336: [GC [1 CMS-initial-mark: 13514128K(18874368K)] 13724037K(20761856K), 0.4168480 secs] [Times: user=0.42 sys=0.00, real=0.41 secs] 
5629.753: [CMS-concurrent-mark-start]
5631.089: [GC 5631.089: [ParNew: 1887488K->209663K(1887488K), 0.9907130 secs] 15401616K->14267100K(20761856K), 0.9910030 secs] [Times: user=12.57 sys=0.01, real=0.99 secs] 
5633.522: [GC 5633.522: [ParNew: 1887487K->209664K(1887488K), 0.9866720 secs] 15944924K->14805311K(20761856K), 0.9869830 secs] [Times: user=12.28 sys=0.02, real=0.99 secs] 
5635.978: [GC 5635.978: [ParNew: 1887488K->209664K(1887488K), 0.9119910 secs] 16483135K->15317748K(20761856K), 0.9123010 secs] [Times: user=11.62 sys=0.02, real=0.91 secs] 
5637.677: [CMS-concurrent-mark: 5.027/7.924 secs] [Times: user=103.77 sys=0.26, real=7.93 secs] 
5637.677: [CMS-concurrent-preclean-start]
5638.361: [GC 5638.362: [ParNew: 1887488K->209664K(1887488K), 0.9388240 secs] 16995572K->15857384K(20761856K), 0.9391540 secs] [Times: user=12.23 sys=0.02, real=0.94 secs] 
5641.507: [GC 5641.507: [ParNew: 1887488K->209664K(1887488K), 0.6716400 secs] 17535208K->16167315K(20761856K), 0.6719930 secs] [Times: user=7.87 sys=0.00, real=0.67 secs] 
5645.411: [CMS-concurrent-preclean: 6.090/7.734 secs] [Times: user=44.90 sys=0.57, real=7.73 secs] 
5645.411: [CMS-concurrent-abortable-preclean-start]
5645.507: [CMS-concurrent-abortable-preclean: 0.093/0.096 secs] [Times: user=0.38 sys=0.01, real=0.10 secs] 
5645.509: [GC[YG occupancy: 1407486 K (1887488 K)]5645.509: [GC 5645.509: [ParNew: 1407486K->209664K(1887488K), 0.4136950 secs] 17365138K->16382854K(20761856K), 0.4140040 secs] [Times: user=5.69 sys=0.01, real=0.41 secs] 
5645.923: [Rescan (parallel) , 0.2157510 secs]5646.139: [weak refs processing, 0.2042010 secs]5646.343: [class unloading, 0.0488080 secs]5646.392: [scrub symbol & string tables, 0.0094780 secs] [1 CMS-remark: 16173190K(18874368K)] 16382854K(20761856K), 0.9617260 secs] [Times: user=9.88 sys=0.01, real=0.96 secs] 
5646.472: [CMS-concurrent-sweep-start]
5648.814: [GC 5648.815: [ParNew: 1887488K->209664K(1887488K), 0.7746850 secs] 18046622K->16829109K(20761856K), 0.7749890 secs] [Times: user=10.13 sys=0.03, real=0.78 secs] 
5651.931: [GC 5651.931: [ParNew: 1887488K->209664K(1887488K), 0.9683900 secs] 18065856K->16891454K(20761856K), 0.9687130 secs] [Times: user=11.50 sys=0.02, real=0.97 secs] 
5655.867: [GC 5655.867: [ParNew: 1887488K->209664K(1887488K), 0.5525010 secs] 17461325K->16073192K(20761856K), 0.5528850 secs] [Times: user=6.78 sys=0.01, real=0.56 secs] 
5659.497: [GC 5659.498: [ParNew: 1887488K->209664K(1887488K), 0.9511360 secs] 16650303K->15524687K(20761856K), 0.9514870 secs] [Times: user=11.80 sys=0.02, real=0.96 secs] 
5662.982: [GC 5662.982: [ParNew: 1887488K->209664K(1887488K), 0.8124810 secs] 16163744K->14928271K(20761856K), 0.8128330 secs] [Times: user=9.58 sys=0.03, real=0.81 secs] 
5668.293: [GC 5668.293: [ParNew: 1887488K->209664K(1887488K), 0.4974150 secs] 14005383K->12568283K(20761856K), 0.4977790 secs] [Times: user=5.72 sys=0.03, real=0.50 secs] 
5671.108: [CMS-concurrent-sweep: 20.042/24.636 secs] [Times: user=130.70 sys=1.26, real=24.63 secs] 
5671.108: [CMS-concurrent-reset-start]
5671.150: [CMS-concurrent-reset: 0.041/0.041 secs] [Times: user=0.08 sys=0.01, real=0.04 secs] 
5672.860: [GC 5672.860: [ParNew: 1887488K->209664K(1887488K), 0.5094080 secs] 13131587K->11683591K(20761856K), 0.5097740 secs] [Times: user=5.94 sys=0.01, real=0.51 secs] 
5678.867: [GC 5678.868: [ParNew: 1887488K->209664K(1887488K), 0.7654380 secs] 13361415K->12107854K(20761856K), 0.7657950 secs] [Times: user=9.46 sys=0.02, real=0.77 secs] 
5684.977: [GC 5684.977: [ParNew: 1887488K->209664K(1887488K), 0.8374600 secs] 13785678K->12593361K(20761856K), 0.8378130 secs] [Times: user=10.59 sys=0.02, real=0.84 secs] 
5691.315: [GC 5691.315: [ParNew: 1887488K->209664K(1887488K), 0.8054520 secs] 14271185K->13093059K(20761856K), 0.8057740 secs] [Times: user=10.75 sys=0.03, real=0.80 secs] 
5695.832: [GC 5695.832: [ParNew: 1887488K->209571K(1887488K), 0.2973020 secs] 14770883K->13289534K(20761856K), 0.2976400 secs] [Times: user=3.53 sys=0.01, real=0.30 secs] 
5700.386: [GC 5700.386: [ParNew: 1887395K->209664K(1887488K), 0.3379840 secs] 14967358K->13372129K(20761856K), 0.3383390 secs] [Times: user=4.31 sys=0.00, real=0.33 secs] 
5705.547: [GC 5705.547: [ParNew: 1887488K->209664K(1887488K), 0.8250030 secs] 15049953K->13862004K(20761856K), 0.8253460 secs] [Times: user=10.08 sys=0.04, real=0.82 secs] 
5706.375: [GC [1 CMS-initial-mark: 13652340K(18874368K)] 13862386K(20761856K), 0.5935440 secs] [Times: user=0.59 sys=0.00, real=0.60 secs] 
5706.969: [CMS-concurrent-mark-start]
5709.600: [GC 5709.600: [ParNew: 1887488K->209664K(1887488K), 0.7286690 secs] 15539828K->14297802K(20761856K), 0.7289700 secs] [Times: user=9.18 sys=0.04, real=0.73 secs] 
5711.223: [CMS-concurrent-mark: 3.522/4.254 secs] [Times: user=38.38 sys=0.18, real=4.25 secs] 
5711.223: [CMS-concurrent-preclean-start]
5712.388: [CMS-concurrent-preclean: 1.158/1.165 secs] [Times: user=2.34 sys=0.02, real=1.17 secs] 
5712.388: [CMS-concurrent-abortable-preclean-start]
5714.845: [GC 5714.846: [ParNew: 1887488K->209664K(1887488K), 0.5460530 secs] 15975626K->14544121K(20761856K), 0.5464050 secs] [Times: user=6.32 sys=0.02, real=0.55 secs] 
 CMS: abort preclean due to time 5718.816: [CMS-concurrent-abortable-preclean: 5.863/6.429 secs] [Times: user=19.74 sys=0.14, real=6.42 secs] 
5718.819: [GC[YG occupancy: 1394187 K (1887488 K)]5718.819: [GC 5718.819: [ParNew: 1394187K->209664K(1887488K), 0.5510520 secs] 15728644K->14812380K(20761856K), 0.5513880 secs] [Times: user=6.38 sys=0.01, real=0.55 secs] 
5719.370: [Rescan (parallel) , 0.1166230 secs]5719.487: [weak refs processing, 0.0940650 secs]5719.581: [class unloading, 0.0575510 secs]5719.639: [scrub symbol & string tables, 0.0094620 secs] [1 CMS-remark: 14602716K(18874368K)] 14812380K(20761856K), 0.9447100 secs] [Times: user=8.72 sys=0.01, real=0.94 secs] 
5719.765: [CMS-concurrent-sweep-start]
5724.488: [GC 5724.489: [ParNew: 1887488K->209664K(1887488K), 0.9407850 secs] 15656644K->14513108K(20761856K), 0.9411340 secs] [Times: user=11.69 sys=0.02, real=0.94 secs] 
5730.316: [GC 5730.316: [ParNew: 1887488K->209664K(1887488K), 0.7969390 secs] 13141334K->11941272K(20761856K), 0.7972260 secs] [Times: user=10.26 sys=0.04, real=0.80 secs] 
5732.774: [GC 5732.774: [ParNew: 1887488K->209664K(1887488K), 0.6427460 secs] 12757788K->11418484K(20761856K), 0.6430730 secs] [Times: user=7.73 sys=0.04, real=0.64 secs] 
5734.009: [GC 5734.009: [ParNew: 1887488K->209664K(1887488K), 0.4788740 secs] 12871492K->11460037K(20761856K), 0.4791770 secs] [Times: user=5.96 sys=0.03, real=0.48 secs] 
5735.814: [GC 5735.814: [ParNew: 1887488K->209664K(1887488K), 0.8035220 secs] 12578302K->11337640K(20761856K), 0.8038370 secs] [Times: user=10.16 sys=0.02, real=0.80 secs] 
5738.335: [GC 5738.335: [ParNew: 1887488K->209664K(1887488K), 0.9798810 secs] 12186525K->11074963K(20761856K), 0.9802090 secs] [Times: user=12.39 sys=0.03, real=0.98 secs] 
5741.983: [GC 5741.983: [ParNew: 1887488K->209664K(1887488K), 0.9591630 secs] 11513910K->10339892K(20761856K), 0.9595260 secs] [Times: user=11.17 sys=0.02, real=0.96 secs] 
5744.839: [CMS-concurrent-sweep: 19.440/25.075 secs] [Times: user=147.31 sys=0.96, real=25.07 secs] 
5744.840: [CMS-concurrent-reset-start]
5744.885: [CMS-concurrent-reset: 0.045/0.045 secs] [Times: user=0.09 sys=0.00, real=0.05 secs] 
5747.265: [GC 5747.265: [ParNew: 1887488K->209664K(1887488K), 0.5201230 secs] 11467287K->10042691K(20761856K), 0.5204860 secs] [Times: user=6.40 sys=0.01, real=0.52 secs] 
5751.154: [GC 5751.154: [ParNew: 1887488K->209664K(1887488K), 0.3709500 secs] 11720515K->10253021K(20761856K), 0.3712650 secs] [Times: user=4.61 sys=0.01, real=0.37 secs] 
5755.183: [GC 5755.184: [ParNew: 1887488K->209664K(1887488K), 0.3131310 secs] 11930845K->10426038K(20761856K), 0.3134470 secs] [Times: user=4.15 sys=0.01, real=0.31 secs] 
5758.982: [GC 5758.982: [ParNew: 1887488K->209664K(1887488K), 0.3269400 secs] 12103862K->10615248K(20761856K), 0.3272240 secs] [Times: user=4.38 sys=0.02, real=0.33 secs] 
5762.727: [GC 5762.728: [ParNew: 1887488K->209664K(1887488K), 0.3719020 secs] 12293072K->10833272K(20761856K), 0.3722040 secs] [Times: user=4.75 sys=0.01, real=0.37 secs] 
5766.730: [GC 5766.730: [ParNew: 1887488K->209664K(1887488K), 0.5792090 secs] 12511096K->11107440K(20761856K), 0.5795870 secs] [Times: user=6.67 sys=0.01, real=0.58 secs] 
5770.009: [GC 5770.009: [ParNew: 1887488K->209664K(1887488K), 0.9946410 secs] 12785264K->11667492K(20761856K), 0.9950180 secs] [Times: user=12.12 sys=0.03, real=0.99 secs] 
5775.518: [GC 5775.519: [ParNew: 1887488K->209664K(1887488K), 0.6042940 secs] 13345316K->12016963K(20761856K), 0.6046610 secs] [Times: user=7.38 sys=0.03, real=0.60 secs] 
5780.127: [GC 5780.127: [ParNew: 1887488K->209664K(1887488K), 0.5940940 secs] 13694787K->12384729K(20761856K), 0.5944610 secs] [Times: user=7.72 sys=0.01, real=0.60 secs] 
5782.498: [GC 5782.498: [ParNew: 1887488K->209664K(1887488K), 0.9781010 secs] 14062553K->12946467K(20761856K), 0.9784600 secs] [Times: user=11.99 sys=0.02, real=0.97 secs] 
5785.027: [GC 5785.027: [ParNew: 1887488K->209664K(1887488K), 0.9956910 secs] 14624291K->13509783K(20761856K), 0.9960530 secs] [Times: user=12.46 sys=0.02, real=1.00 secs] 
5786.025: [GC [1 CMS-initial-mark: 13300119K(18874368K)] 13509990K(20761856K), 0.5394420 secs] [Times: user=0.54 sys=0.00, real=0.54 secs] 
5786.565: [CMS-concurrent-mark-start]
5788.320: [GC 5788.320: [ParNew: 1887488K->209664K(1887488K), 0.9195960 secs] 15187607K->14077187K(20761856K), 0.9198940 secs] [Times: user=12.34 sys=0.01, real=0.92 secs] 
5791.721: [CMS-concurrent-mark: 4.168/5.156 secs] [Times: user=52.40 sys=0.17, real=5.16 secs] 
5791.721: [CMS-concurrent-preclean-start]
5791.734: [GC 5791.734: [ParNew: 1887488K->209664K(1887488K), 0.7804520 secs] 15755011K->14528848K(20761856K), 0.7807650 secs] [Times: user=10.27 sys=0.01, real=0.78 secs] 
5794.669: [GC 5794.669: [ParNew: 1887488K->209664K(1887488K), 0.9530760 secs] 16206672K->15083256K(20761856K), 0.9534050 secs] [Times: user=12.68 sys=0.01, real=0.96 secs] 
5797.426: [GC 5797.426: [ParNew: 1887488K->209664K(1887488K), 1.0290780 secs] 16761080K->15629826K(20761856K), 1.0294470 secs] [Times: user=12.85 sys=0.01, real=1.03 secs] 
5799.744: [GC 5799.744: [ParNew: 1887488K->209664K(1887488K), 1.1494640 secs] 17307650K->16257119K(20761856K), 1.1498180 secs] [Times: user=13.96 sys=0.01, real=1.15 secs] 
5802.122: [GC 5802.123: [ParNew: 1887488K->209664K(1887488K), 1.0912170 secs] 17934943K->16807462K(20761856K), 1.0915440 secs] [Times: user=12.72 sys=0.02, real=1.09 secs] 
5804.453: [GC 5804.453: [ParNew: 1887488K->209664K(1887488K), 1.0814520 secs] 18485286K->17374459K(20761856K), 1.0817960 secs] [Times: user=12.79 sys=0.01, real=1.08 secs] 
5806.864: [GC 5806.864: [ParNew: 1887488K->209664K(1887488K), 1.0162220 secs] 19052283K->17914636K(20761856K), 1.0165480 secs] [Times: user=12.22 sys=0.02, real=1.01 secs] 
5809.169: [GC 5809.169: [ParNew: 1887488K->209664K(1887488K), 1.0313790 secs] 19592460K->18453560K(20761856K), 1.0317220 secs] [Times: user=12.30 sys=0.02, real=1.03 secs] 
5812.205: [GC 5812.205: [ParNew: 1887488K->209664K(1887488K), 0.6122010 secs] 20131384K->18750182K(20761856K), 0.6125110 secs] [Times: user=7.73 sys=0.01, real=0.61 secs] 
5814.289: [CMS-concurrent-preclean: 13.729/22.567 secs] [Times: user=205.36 sys=0.74, real=22.56 secs] 
5814.289: [CMS-concurrent-abortable-preclean-start]
5814.289: [CMS-concurrent-abortable-preclean: 0.000/0.000 secs] [Times: user=0.00 sys=0.00, real=0.00 secs] 
5814.290: [GC[YG occupancy: 813316 K (1887488 K)]5814.290: [GC 5814.290: [ParNew: 813316K->813316K(1887488K), 0.0000190 secs] 19353835K->19353835K(20761856K), 0.0001670 secs] [Times: user=0.00 sys=0.00, real=0.00 secs] 
5814.290: [Rescan (parallel) , 0.7888040 secs]5815.079: [weak refs processing, 0.1307730 secs]5815.210: [class unloading, 0.0345530 secs]5815.245: [scrub symbol & string tables, 0.0070490 secs] [1 CMS-remark: 18540518K(18874368K)] 19353835K(20761856K), 1.0134120 secs] [Times: user=12.03 sys=0.04, real=1.02 secs] 
5815.305: [CMS-concurrent-sweep-start]
5850.806: [Full GC 5850.806: [CMS5858.452: [CMS-concurrent-sweep: 28.872/43.147 secs] [Times: user=79.92 sys=4.25, real=43.14 secs] 
 (concurrent mode failure): 16663216K->5541936K(18874368K), 34.4769300 secs] 18550704K->5541936K(20761856K), [CMS Perm : 68743K->68517K(114572K)], 34.4772260 secs] [Times: user=34.47 sys=0.00, real=34.47 secs] 
5888.867: [GC 5888.868: [ParNew: 1677824K->206910K(1887488K), 0.1169440 secs] 7219760K->5748847K(20761856K), 0.1172790 secs] [Times: user=1.95 sys=0.00, real=0.12 secs] 
5892.554: [GC 5892.554: [ParNew: 1884734K->209664K(1887488K), 0.2634680 secs] 7426671K->5906010K(20761856K), 0.2637980 secs] [Times: user=3.42 sys=0.03, real=0.27 secs] 
5896.384: [GC 5896.384: [ParNew: 1887488K->209664K(1887488K), 0.2975140 secs] 7583834K->6068898K(20761856K), 0.2978430 secs] [Times: user=3.80 sys=0.02, real=0.30 secs] 
5900.214: [GC 5900.214: [ParNew: 1887488K->209664K(1887488K), 0.3234210 secs] 7746722K->6247822K(20761856K), 0.3237610 secs] [Times: user=4.18 sys=0.01, real=0.33 secs] 
5904.364: [GC 5904.364: [ParNew: 1887488K->209664K(1887488K), 0.3321420 secs] 7925646K->6440465K(20761856K), 0.3324820 secs] [Times: user=4.36 sys=0.02, real=0.34 secs] 
5908.660: [GC 5908.660: [ParNew: 1887488K->209664K(1887488K), 0.3104900 secs] 8118289K->6641800K(20761856K), 0.3107950 secs] [Times: user=4.38 sys=0.01, real=0.31 secs] 
5912.560: [GC 5912.560: [ParNew: 1887488K->209664K(1887488K), 0.4736610 secs] 8319624K->6881461K(20761856K), 0.4740150 secs] [Times: user=5.65 sys=0.01, real=0.47 secs] 
5915.837: [GC 5915.838: [ParNew: 1887488K->209664K(1887488K), 0.9245880 secs] 8559285K->7471866K(20761856K), 0.9249220 secs] [Times: user=11.98 sys=0.03, real=0.93 secs] 
5919.437: [GC 5919.437: [ParNew: 1887488K->209664K(1887488K), 0.8198140 secs] 9149690K->7934750K(20761856K), 0.8201770 secs] [Times: user=10.13 sys=0.01, real=0.82 secs] 
5923.936: [GC 5923.936: [ParNew: 1887488K->209664K(1887488K), 0.6124500 secs] 9612574K->8303600K(20761856K), 0.6128100 secs] [Times: user=8.05 sys=0.00, real=0.61 secs] 
5927.022: [GC 5927.022: [ParNew: 1887488K->209664K(1887488K), 0.9196940 secs] 9981424K->8824344K(20761856K), 0.9200570 secs] [Times: user=11.14 sys=0.01, real=0.92 secs] 
5931.509: [GC 5931.510: [ParNew: 1887488K->209664K(1887488K), 0.6019330 secs] 10502168K->9148685K(20761856K), 0.6022870 secs] [Times: user=7.81 sys=0.01, real=0.61 secs] 
5936.806: [GC 5936.806: [ParNew: 1887488K->209664K(1887488K), 0.4917560 secs] 10826509K->9390119K(20761856K), 0.4921090 secs] [Times: user=5.83 sys=0.01, real=0.49 secs] 
5942.076: [GC 5942.076: [ParNew: 1887488K->209664K(1887488K), 0.5462700 secs] 11067943K->9646019K(20761856K), 0.5466030 secs] [Times: user=6.45 sys=0.01, real=0.55 secs] 
5947.521: [GC 5947.521: [ParNew: 1887488K->209664K(1887488K), 0.7872580 secs] 11323843K->10131935K(20761856K), 0.7875720 secs] [Times: user=10.49 sys=0.01, real=0.79 secs] 
5953.157: [GC 5953.157: [ParNew: 1887488K->209664K(1887488K), 0.8551460 secs] 11809759K->10624018K(20761856K), 0.8554960 secs] [Times: user=10.94 sys=0.01, real=0.85 secs] 
5958.833: [GC 5958.833: [ParNew: 1887488K->209664K(1887488K), 0.6788420 secs] 12301842K->10982248K(20761856K), 0.6791900 secs] [Times: user=8.55 sys=0.01, real=0.68 secs] 
5963.319: [GC 5963.319: [ParNew: 1887488K->209600K(1887488K), 0.2870150 secs] 12660072K->11178156K(20761856K), 0.2873690 secs] [Times: user=3.44 sys=0.01, real=0.29 secs] 
5968.102: [GC 5968.102: [ParNew: 1887424K->209664K(1887488K), 0.5002780 secs] 12855980K->11375137K(20761856K), 0.5006150 secs] [Times: user=6.43 sys=0.01, real=0.50 secs] 
5972.896: [GC 5972.896: [ParNew: 1887488K->209664K(1887488K), 0.8740700 secs] 13052961K->11887315K(20761856K), 0.8744050 secs] [Times: user=11.02 sys=0.01, real=0.88 secs] 
5977.421: [GC 5977.421: [ParNew: 1887488K->209664K(1887488K), 0.6578340 secs] 13565139K->12209780K(20761856K), 0.6581900 secs] [Times: user=7.75 sys=0.01, real=0.66 secs] 
5982.753: [GC 5982.753: [ParNew: 1887488K->209664K(1887488K), 0.5568390 secs] 13887604K->12475321K(20761856K), 0.5571890 secs] [Times: user=6.69 sys=0.01, real=0.56 secs] 
5988.360: [GC 5988.360: [ParNew: 1887488K->209664K(1887488K), 0.8270070 secs] 14153145K->12987284K(20761856K), 0.8273310 secs] [Times: user=11.31 sys=0.01, real=0.82 secs] 
5994.276: [GC 5994.277: [ParNew: 1887488K->209664K(1887488K), 0.8675350 secs] 14665108K->13528555K(20761856K), 0.8678470 secs] [Times: user=11.86 sys=0.02, real=0.87 secs] 
5995.146: [GC [1 CMS-initial-mark: 13318891K(18874368K)] 13529286K(20761856K), 0.4283070 secs] [Times: user=0.42 sys=0.00, real=0.43 secs] 
5995.575: [CMS-concurrent-mark-start]
5998.240: [GC 5998.240: [ParNew: 1887487K->209664K(1887488K), 0.7518690 secs] 15206379K->13933328K(20761856K), 0.7521740 secs] [Times: user=9.59 sys=0.01, real=0.76 secs] 
5999.722: [GC 5999.722: [ParNew: 1887488K->209664K(1887488K), 0.4835790 secs] 15611152K->14217700K(20761856K), 0.4838660 secs] [Times: user=6.67 sys=0.01, real=0.48 secs] 
6000.613: [CMS-concurrent-mark: 3.795/5.038 secs] [Times: user=55.86 sys=0.59, real=5.04 secs] 
6000.613: [CMS-concurrent-preclean-start]
6001.153: [GC 6001.153: [ParNew: 1887488K->209664K(1887488K), 0.6188750 secs] 15895524K->14515853K(20761856K), 0.6192010 secs] [Times: user=7.97 sys=0.01, real=0.62 secs] 
6003.385: [GC 6003.385: [ParNew: 1887488K->209664K(1887488K), 1.0346680 secs] 16193677K->15082124K(20761856K), 1.0349870 secs] [Times: user=13.06 sys=0.01, real=1.03 secs] 
6006.609: [CMS-concurrent-preclean: 4.320/5.996 secs] [Times: user=47.44 sys=0.17, real=5.99 secs] 
6006.609: [CMS-concurrent-abortable-preclean-start]
6006.612: [GC 6006.612: [ParNew: 1887488K->209664K(1887488K), 0.9770630 secs] 16759948K->15611553K(20761856K), 0.9773910 secs] [Times: user=12.48 sys=0.02, real=0.98 secs] 
6009.214: [CMS-concurrent-abortable-preclean: 1.612/2.604 secs] [Times: user=19.19 sys=0.04, real=2.61 secs] 
6009.215: [GC[YG occupancy: 1101964 K (1887488 K)]6009.215: [GC 6009.216: [ParNew: 1101964K->209664K(1887488K), 0.5449090 secs] 16503854K->15821671K(20761856K), 0.5452600 secs] [Times: user=6.08 sys=0.01, real=0.54 secs] 
6009.761: [Rescan (parallel) , 0.0963610 secs]6009.857: [weak refs processing, 2.4440560 secs]6012.301: [class unloading, 0.0349670 secs]6012.336: [scrub symbol & string tables, 0.0072130 secs] [1 CMS-remark: 15612007K(18874368K)] 15821671K(20761856K), 3.2011800 secs] [Times: user=10.35 sys=0.01, real=3.20 secs] 
6012.417: [CMS-concurrent-sweep-start]
6015.955: [GC 6015.956: [ParNew: 1887488K->209664K(1887488K), 0.4287100 secs] 17484328K->16021124K(20761856K), 0.4290620 secs] [Times: user=5.62 sys=0.00, real=0.43 secs] 
6019.954: [GC 6019.954: [ParNew: 1887480K->209664K(1887488K), 0.8391600 secs] 16415239K->15154407K(20761856K), 0.8395270 secs] [Times: user=9.38 sys=0.02, real=0.84 secs] 
6022.930: [GC 6022.930: [ParNew: 1887488K->209664K(1887488K), 0.8424900 secs] 15649080K->14509536K(20761856K), 0.8428390 secs] [Times: user=10.90 sys=0.03, real=0.84 secs] 
6028.515: [GC 6028.515: [ParNew: 1887488K->209664K(1887488K), 0.5073810 secs] 13277995K->11926621K(20761856K), 0.5077560 secs] [Times: user=6.53 sys=0.02, real=0.51 secs] 
6031.894: [GC 6031.894: [ParNew: 1887488K->209664K(1887488K), 0.7313300 secs] 12353743K->11161919K(20761856K), 0.7316450 secs] [Times: user=9.63 sys=0.03, real=0.73 secs] 
6032.679: [CMS-concurrent-sweep: 16.870/20.261 secs] [Times: user=98.36 sys=2.04, real=20.26 secs] 
6032.679: [CMS-concurrent-reset-start]
6032.720: [CMS-concurrent-reset: 0.041/0.041 secs] [Times: user=0.16 sys=0.00, real=0.04 secs] 
6034.284: [GC 6034.284: [ParNew: 1887488K->209664K(1887488K), 0.8440440 secs] 12834428K->11676952K(20761856K), 0.8443950 secs] [Times: user=10.97 sys=0.02, real=0.85 secs] 
6036.439: [GC 6036.439: [ParNew: 1887488K->209664K(1887488K), 0.9487070 secs] 13354776K->12226670K(20761856K), 0.9490680 secs] [Times: user=11.77 sys=0.02, real=0.95 secs] 
6040.067: [GC 6040.067: [ParNew: 1887481K->209664K(1887488K), 0.9425000 secs] 13904487K->12715830K(20761856K), 0.9429030 secs] [Times: user=10.74 sys=0.03, real=0.95 secs] 
6043.163: [GC 6043.163: [ParNew: 1887488K->209664K(1887488K), 1.0450200 secs] 14393654K->13242287K(20761856K), 1.0454270 secs] [Times: user=11.91 sys=0.02, real=1.05 secs] 
6046.194: [GC 6046.194: [ParNew: 1887488K->209664K(1887488K), 1.0786710 secs] 14920111K->13815548K(20761856K), 1.0790550 secs] [Times: user=12.86 sys=0.02, real=1.08 secs] 
6047.275: [GC [1 CMS-initial-mark: 13605884K(18874368K)] 13815662K(20761856K), 0.4655620 secs] [Times: user=0.47 sys=0.00, real=0.47 secs] 
6047.742: [CMS-concurrent-mark-start]
6049.498: [GC 6049.498: [ParNew: 1887488K->209664K(1887488K), 1.0696990 secs] 15493372K->14381374K(20761856K), 1.0700860 secs] [Times: user=13.11 sys=0.00, real=1.07 secs] 
6052.050: [GC 6052.051: [ParNew: 1887488K->209664K(1887488K), 1.1674930 secs] 16059198K->14958123K(20761856K), 1.1678630 secs] [Times: user=12.83 sys=0.03, real=1.16 secs] 
6054.653: [CMS-concurrent-mark: 4.660/6.911 secs] [Times: user=81.92 sys=0.26, real=6.91 secs] 
6054.653: [CMS-concurrent-preclean-start]
6054.720: [GC 6054.720: [ParNew: 1887488K->209664K(1887488K), 1.0842870 secs] 16635947K->15512255K(20761856K), 1.0846250 secs] [Times: user=12.65 sys=0.01, real=1.08 secs] 
6057.004: [GC 6057.004: [ParNew: 1887488K->209664K(1887488K), 1.1225350 secs] 17190079K->16077652K(20761856K), 1.1228840 secs] [Times: user=12.79 sys=0.02, real=1.12 secs] 
6059.508: [GC 6059.508: [ParNew: 1887488K->209664K(1887488K), 1.1053320 secs] 17755476K->16629991K(20761856K), 1.1056820 secs] [Times: user=12.79 sys=0.02, real=1.11 secs] 
6062.235: [GC 6062.235: [ParNew: 1887488K->209664K(1887488K), 0.8574560 secs] 18307815K->17065154K(20761856K), 0.8578170 secs] [Times: user=10.21 sys=0.02, real=0.86 secs] 
6065.586: [GC 6065.586: [ParNew: 1887488K->209662K(1887488K), 0.8206190 secs] 18742978K->17443714K(20761856K), 0.8210080 secs] [Times: user=9.47 sys=0.01, real=0.82 secs] 
6069.516: [GC 6069.516: [ParNew: 1887486K->209664K(1887488K), 0.7744360 secs] 19121538K->17847322K(20761856K), 0.7748020 secs] [Times: user=9.66 sys=0.02, real=0.77 secs] 
6072.922: [GC 6072.922: [ParNew: 1887488K->209664K(1887488K), 1.0028670 secs] 19525146K->18346765K(20761856K), 1.0032420 secs] [Times: user=11.54 sys=0.01, real=1.01 secs] 
6073.957: [CMS-concurrent-preclean: 12.458/19.304 secs] [Times: user=151.38 sys=0.90, real=19.30 secs] 
6073.957: [CMS-concurrent-abortable-preclean-start]
6077.351: [CMS-concurrent-abortable-preclean: 3.351/3.394 secs] [Times: user=12.16 sys=0.11, real=3.39 secs] 
6077.353: [GC[YG occupancy: 1868434 K (1887488 K)]6077.353: [GC 6077.354: [ParNew: 1868434K->209662K(1887488K), 0.8884760 secs] 20005536K->18818372K(20761856K), 0.8888510 secs] [Times: user=11.21 sys=0.01, real=0.88 secs] 
6078.242: [Rescan (parallel) , 0.1425570 secs]6078.385: [weak refs processing, 0.8371980 secs]6079.222: [class unloading, 0.0363270 secs]6079.259: [scrub symbol & string tables, 0.0082570 secs] [1 CMS-remark: 18608709K(18874368K)] 18818372K(20761856K), 1.9930190 secs] [Times: user=14.71 sys=0.01, real=1.99 secs] 
6079.347: [CMS-concurrent-sweep-start]
6081.133: [GC 6081.133: [ParNew: 1887486K->1887486K(1887488K), 0.0000330 secs]6081.133: [CMS6096.340: [CMS-concurrent-sweep: 16.988/16.993 secs] [Times: user=27.76 sys=0.08, real=16.99 secs] 
 (concurrent mode failure): 18606328K->6696792K(18874368K), 52.6777430 secs] 20493815K->6696792K(20761856K), [CMS Perm : 68641K->68180K(114572K)], 52.6781440 secs] [Times: user=52.67 sys=0.00, real=52.67 secs] 
6137.347: [GC 6137.347: [ParNew: 1677824K->209664K(1887488K), 0.3760420 secs] 8374616K->6976965K(20761856K), 0.3763760 secs] [Times: user=4.27 sys=0.01, real=0.38 secs] 
6141.697: [GC 6141.698: [ParNew: 1887488K->209664K(1887488K), 0.5330610 secs] 8654789K->7235587K(20761856K), 0.5334510 secs] [Times: user=6.01 sys=0.03, real=0.53 secs] 
6147.284: [GC 6147.284: [ParNew: 1887488K->209664K(1887488K), 0.6806970 secs] 8913411K->7570005K(20761856K), 0.6810780 secs] [Times: user=7.71 sys=0.02, real=0.68 secs] 
6152.998: [GC 6152.999: [ParNew: 1887488K->209664K(1887488K), 0.9139810 secs] 9247829K->8088219K(20761856K), 0.9143500 secs] [Times: user=11.05 sys=0.03, real=0.91 secs] 
6159.032: [GC 6159.032: [ParNew: 1887488K->209664K(1887488K), 0.9183000 secs] 9766043K->8589757K(20761856K), 0.9186890 secs] [Times: user=11.14 sys=0.01, real=0.92 secs] 
6164.195: [GC 6164.195: [ParNew: 1887488K->209664K(1887488K), 0.4917540 secs] 10267581K->8804028K(20761856K), 0.4921450 secs] [Times: user=5.40 sys=0.01, real=0.50 secs] 
6168.778: [GC 6168.779: [ParNew: 1887488K->202130K(1887488K), 0.2798370 secs] 10481852K->8967529K(20761856K), 0.2801660 secs] [Times: user=3.46 sys=0.01, real=0.28 secs] 
6174.091: [GC 6174.092: [ParNew: 1879954K->209664K(1887488K), 0.7041910 secs] 10645353K->9310572K(20761856K), 0.7045800 secs] [Times: user=8.95 sys=0.01, real=0.70 secs] 
6178.063: [GC 6178.063: [ParNew: 1887488K->209664K(1887488K), 1.0238230 secs] 10988396K->9841952K(20761856K), 1.0242280 secs] [Times: user=11.88 sys=0.02, real=1.02 secs] 
6183.514: [GC 6183.514: [ParNew: 1887488K->209664K(1887488K), 0.6056160 secs] 11519776K->10092967K(20761856K), 0.6059890 secs] [Times: user=6.48 sys=0.01, real=0.61 secs] 
6188.481: [GC 6188.481: [ParNew: 1887488K->209664K(1887488K), 0.6661360 secs] 11770791K->10400126K(20761856K), 0.6665250 secs] [Times: user=7.47 sys=0.00, real=0.66 secs] 
6194.302: [GC 6194.302: [ParNew: 1887488K->209664K(1887488K), 0.9314440 secs] 12077950K->10946242K(20761856K), 0.9318130 secs] [Times: user=11.91 sys=0.01, real=0.93 secs] 
6200.312: [GC 6200.312: [ParNew: 1887478K->209664K(1887488K), 0.8991630 secs] 12624056K->11468509K(20761856K), 0.8995120 secs] [Times: user=11.50 sys=0.01, real=0.89 secs] 
6203.429: [GC 6203.429: [ParNew: 1887488K->209664K(1887488K), 0.7248780 secs] 13146333K->11829226K(20761856K), 0.7252240 secs] [Times: user=8.55 sys=0.01, real=0.73 secs] 
6204.660: [GC 6204.661: [ParNew: 1887488K->209664K(1887488K), 0.4655340 secs] 13507050K->12067523K(20761856K), 0.4658590 secs] [Times: user=5.91 sys=0.01, real=0.47 secs] 
6206.258: [GC 6206.258: [ParNew: 1887488K->209664K(1887488K), 0.8577310 secs] 13745347K->12462023K(20761856K), 0.8581140 secs] [Times: user=9.65 sys=0.01, real=0.86 secs] 
6208.810: [GC 6208.810: [ParNew: 1887488K->209664K(1887488K), 1.0472520 secs] 14139847K->13036909K(20761856K), 1.0476420 secs] [Times: user=12.87 sys=0.02, real=1.05 secs] 
6212.692: [GC 6212.692: [ParNew: 1887488K->209664K(1887488K), 1.0752620 secs] 14714733K->13546890K(20761856K), 1.0756610 secs] [Times: user=12.07 sys=0.01, real=1.08 secs] 
6213.770: [GC [1 CMS-initial-mark: 13337226K(18874368K)] 13548037K(20761856K), 0.5014190 secs] [Times: user=0.50 sys=0.00, real=0.50 secs] 
6214.272: [CMS-concurrent-mark-start]
6216.931: [GC 6216.931: [ParNew: 1887488K->209664K(1887488K), 0.7490040 secs] 15224714K->13998460K(20761856K), 0.7493760 secs] [Times: user=9.82 sys=0.01, real=0.75 secs] 
6219.465: [CMS-concurrent-mark: 4.427/5.193 secs] [Times: user=43.91 sys=0.49, real=5.20 secs] 
6219.465: [CMS-concurrent-preclean-start]
6220.271: [GC 6220.271: [ParNew: 1887488K->209664K(1887488K), 0.9066990 secs] 15676284K->14528262K(20761856K), 0.9070800 secs] [Times: user=11.31 sys=0.01, real=0.91 secs] 
6223.230: [CMS-concurrent-preclean: 2.837/3.764 secs] [Times: user=22.07 sys=0.28, real=3.76 secs] 
6223.230: [CMS-concurrent-abortable-preclean-start]
6224.704: [GC 6224.704: [ParNew: 1887488K->209664K(1887488K), 0.8099420 secs] 16206086K->15022693K(20761856K), 0.8102970 secs] [Times: user=10.88 sys=0.01, real=0.81 secs] 
6226.840: [CMS-concurrent-abortable-preclean: 2.785/3.610 secs] [Times: user=17.95 sys=0.40, real=3.61 secs] 
6226.841: [GC[YG occupancy: 676981 K (1887488 K)]6226.841: [GC 6226.841: [ParNew: 676981K->209653K(1887488K), 0.3119050 secs] 15490010K->15229848K(20761856K), 0.3122630 secs] [Times: user=4.27 sys=0.01, real=0.31 secs] 
6227.153: [Rescan (parallel) , 0.0741620 secs]6227.227: [weak refs processing, 0.1823490 secs]6227.410: [class unloading, 0.0583950 secs]6227.468: [scrub symbol & string tables, 0.0103540 secs] [1 CMS-remark: 15020195K(18874368K)] 15229848K(20761856K), 0.7437830 secs] [Times: user=5.94 sys=0.01, real=0.74 secs] 
6227.586: [CMS-concurrent-sweep-start]
6230.832: [GC 6230.832: [ParNew: 1887477K->209664K(1887488K), 0.4450350 secs] 16907282K->15442441K(20761856K), 0.4454020 secs] [Times: user=6.38 sys=0.00, real=0.45 secs] 
6233.219: [GC 6233.219: [ParNew: 1887488K->209664K(1887488K), 0.9078070 secs] 16572160K->15395262K(20761856K), 0.9081490 secs] [Times: user=10.02 sys=0.03, real=0.90 secs] 
6235.370: [GC 6235.370: [ParNew: 1887488K->209664K(1887488K), 1.0953350 secs] 16594567K->15483488K(20761856K), 1.0956880 secs] [Times: user=12.52 sys=0.03, real=1.09 secs] 
6238.197: [GC 6238.198: [ParNew: 1887488K->209664K(1887488K), 1.0405470 secs] 15904410K->14796972K(20761856K), 1.0408970 secs] [Times: user=12.12 sys=0.04, real=1.05 secs] 
6241.986: [GC 6241.987: [ParNew: 1887488K->209664K(1887488K), 0.8551650 secs] 14551198K->13344142K(20761856K), 0.8555480 secs] [Times: user=10.13 sys=0.03, real=0.86 secs] 
6245.067: [GC 6245.068: [ParNew: 1887488K->209664K(1887488K), 0.9166700 secs] 13566641K->12414269K(20761856K), 0.9170310 secs] [Times: user=11.23 sys=0.03, real=0.92 secs] 
6247.664: [GC 6247.664: [ParNew: 1887488K->209664K(1887488K), 1.1093420 secs] 13457028K->12401430K(20761856K), 1.1096910 secs] [Times: user=13.24 sys=0.04, real=1.11 secs] 
6249.730: [CMS-concurrent-sweep: 15.733/22.144 secs] [Times: user=155.29 sys=1.17, real=22.15 secs] 
6249.731: [CMS-concurrent-reset-start]
6249.780: [CMS-concurrent-reset: 0.049/0.049 secs] [Times: user=0.20 sys=0.00, real=0.05 secs] 
6250.353: [GC 6250.353: [ParNew: 1887488K->209664K(1887488K), 1.1107350 secs] 13913422K->12820858K(20761856K), 1.1111180 secs] [Times: user=12.70 sys=0.02, real=1.11 secs] 
6252.886: [GC 6252.886: [ParNew: 1887488K->209664K(1887488K), 1.1020950 secs] 14498682K->13384696K(20761856K), 1.1024710 secs] [Times: user=12.76 sys=0.01, real=1.10 secs] 
6255.390: [GC 6255.391: [ParNew: 1887488K->209662K(1887488K), 1.0356320 secs] 15062520K->13900721K(20761856K), 1.0360160 secs] [Times: user=11.97 sys=0.01, real=1.04 secs] 
6256.429: [GC [1 CMS-initial-mark: 13691058K(18874368K)] 13900894K(20761856K), 0.5975100 secs] [Times: user=0.60 sys=0.00, real=0.60 secs] 
6257.027: [CMS-concurrent-mark-start]
6258.510: [GC 6258.511: [ParNew: 1887486K->209664K(1887488K), 1.0394030 secs] 15578545K->14447384K(20761856K), 1.0398010 secs] [Times: user=12.26 sys=0.02, real=1.04 secs] 
6261.047: [GC 6261.047: [ParNew: 1887488K->209664K(1887488K), 1.0569660 secs] 16125208K->14991873K(20761856K), 1.0573190 secs] [Times: user=12.23 sys=0.01, real=1.06 secs] 
6263.837: [CMS-concurrent-mark: 4.682/6.810 secs] [Times: user=78.40 sys=0.14, real=6.81 secs] 
6263.837: [CMS-concurrent-preclean-start]
6264.123: [GC 6264.124: [ParNew: 1887488K->209664K(1887488K), 0.6923910 secs] 16669697K->15329097K(20761856K), 0.6927560 secs] [Times: user=8.21 sys=0.02, real=0.69 secs] 
6268.291: [CMS-concurrent-preclean: 3.742/4.454 secs] [Times: user=20.68 sys=0.26, real=4.45 secs] 
6268.292: [CMS-concurrent-abortable-preclean-start]
6268.538: [GC 6268.539: [ParNew: 1887488K->209664K(1887488K), 0.7314260 secs] 17006921K->15704274K(20761856K), 0.7318430 secs] [Times: user=8.61 sys=0.01, real=0.73 secs] 
6269.519: [CMS-concurrent-abortable-preclean: 0.484/1.228 secs] [Times: user=10.56 sys=0.09, real=1.23 secs] 
6269.521: [GC[YG occupancy: 464941 K (1887488 K)]6269.521: [GC 6269.522: [ParNew: 464941K->209661K(1887488K), 0.2876710 secs] 15959552K->15906468K(20761856K), 0.2880470 secs] [Times: user=3.48 sys=0.01, real=0.29 secs] 
6269.810: [Rescan (parallel) , 0.3043980 secs]6270.114: [weak refs processing, 0.3526310 secs]6270.467: [class unloading, 0.0582630 secs]6270.525: [scrub symbol & string tables, 0.0103570 secs] [1 CMS-remark: 15696806K(18874368K)] 15906468K(20761856K), 1.0868100 secs] [Times: user=9.43 sys=0.01, real=1.09 secs] 
6270.609: [CMS-concurrent-sweep-start]
6272.931: [GC 6272.932: [ParNew: 1887485K->209664K(1887488K), 0.8119730 secs] 17584240K->16235206K(20761856K), 0.8123810 secs] [Times: user=9.92 sys=0.01, real=0.82 secs] 
6276.487: [GC 6276.487: [ParNew: 1887488K->209664K(1887488K), 0.9451760 secs] 17526118K->16375698K(20761856K), 0.9454750 secs] [Times: user=11.71 sys=0.04, real=0.94 secs] 
6280.887: [GC 6280.887: [ParNew: 1887488K->209664K(1887488K), 0.5276220 secs] 16074507K->14679036K(20761856K), 0.5280020 secs] [Times: user=6.55 sys=0.03, real=0.52 secs] 
6284.265: [GC 6284.265: [ParNew: 1887488K->209664K(1887488K), 0.9393760 secs] 14973801K->13865716K(20761856K), 0.9397180 secs] [Times: user=11.57 sys=0.03, real=0.94 secs] 
6288.302: [GC 6288.302: [ParNew: 1887488K->209664K(1887488K), 0.6998770 secs] 13791648K->12471428K(20761856K), 0.7002440 secs] [Times: user=8.20 sys=0.02, real=0.70 secs] 
6293.468: [GC 6293.468: [ParNew: 1887488K->209664K(1887488K), 0.4799040 secs] 11943643K->10502292K(20761856K), 0.4802640 secs] [Times: user=5.45 sys=0.02, real=0.48 secs] 
6294.146: [CMS-concurrent-sweep: 19.071/23.537 secs] [Times: user=117.52 sys=1.02, real=23.53 secs] 
6294.146: [CMS-concurrent-reset-start]
6294.195: [CMS-concurrent-reset: 0.049/0.049 secs] [Times: user=0.19 sys=0.01, real=0.05 secs] 
6298.910: [GC 6298.910: [ParNew: 1887488K->209664K(1887488K), 0.5388630 secs] 12131210K->10705436K(20761856K), 0.5392010 secs] [Times: user=6.34 sys=0.02, real=0.54 secs] 
6304.694: [GC 6304.694: [ParNew: 1887488K->209664K(1887488K), 0.8285600 secs] 12383260K->11166611K(20761856K), 0.8289260 secs] [Times: user=10.33 sys=0.01, real=0.83 secs] 
6310.654: [GC 6310.654: [ParNew: 1887488K->209664K(1887488K), 0.8435850 secs] 12844435K->11642062K(20761856K), 0.8439330 secs] [Times: user=10.54 sys=0.02, real=0.84 secs] 
6316.449: [GC 6316.449: [ParNew: 1887488K->209664K(1887488K), 0.7624730 secs] 13319886K->12069016K(20761856K), 0.7628230 secs] [Times: user=9.57 sys=0.02, real=0.77 secs] 
6321.013: [GC 6321.013: [ParNew: 1887488K->209562K(1887488K), 0.2926060 secs] 13746840K->12265547K(20761856K), 0.2929560 secs] [Times: user=3.42 sys=0.02, real=0.29 secs] 
6325.646: [GC 6325.646: [ParNew: 1887386K->209664K(1887488K), 0.3940190 secs] 13943371K->12386584K(20761856K), 0.3943900 secs] [Times: user=5.07 sys=0.00, real=0.39 secs] 
6331.090: [GC 6331.091: [ParNew: 1887488K->209664K(1887488K), 0.8427110 secs] 14064408K->12901073K(20761856K), 0.8430300 secs] [Times: user=10.85 sys=0.02, real=0.85 secs] 
6334.919: [GC 6334.920: [ParNew: 1887488K->209664K(1887488K), 0.6799310 secs] 14578897K->13268580K(20761856K), 0.6802940 secs] [Times: user=8.41 sys=0.02, real=0.68 secs] 
6340.004: [GC 6340.004: [ParNew: 1887488K->209664K(1887488K), 0.5492400 secs] 14946404K->13551515K(20761856K), 0.5495700 secs] [Times: user=6.70 sys=0.02, real=0.55 secs] 
6340.555: [GC [1 CMS-initial-mark: 13341851K(18874368K)] 13577791K(20761856K), 0.4720000 secs] [Times: user=0.47 sys=0.00, real=0.47 secs] 
6341.028: [CMS-concurrent-mark-start]
6344.034: [CMS-concurrent-mark: 2.998/3.007 secs] [Times: user=19.15 sys=0.08, real=3.01 secs] 
6344.035: [CMS-concurrent-preclean-start]
6344.218: [CMS-concurrent-preclean: 0.181/0.183 secs] [Times: user=0.37 sys=0.00, real=0.18 secs] 
6344.218: [CMS-concurrent-abortable-preclean-start]
6344.652: [GC 6344.652: [ParNew: 1887488K->209664K(1887488K), 0.8031700 secs] 15229339K->14017104K(20761856K), 0.8034970 secs] [Times: user=10.26 sys=0.02, real=0.81 secs] 
 CMS: abort preclean due to time 6349.230: [CMS-concurrent-abortable-preclean: 4.197/5.013 secs] [Times: user=19.88 sys=0.06, real=5.01 secs] 
6349.232: [GC[YG occupancy: 1573287 K (1887488 K)]6349.232: [GC 6349.232: [ParNew: 1573287K->209664K(1887488K), 0.7669090 secs] 15380728K->14441755K(20761856K), 0.7672660 secs] [Times: user=9.40 sys=0.03, real=0.77 secs] 
6350.000: [Rescan (parallel) , 0.1590950 secs]6350.159: [weak refs processing, 0.1164300 secs]6350.275: [class unloading, 0.0588470 secs]6350.334: [scrub symbol & string tables, 0.0094670 secs] [1 CMS-remark: 14232091K(18874368K)] 14441755K(20761856K), 1.2437540 secs] [Times: user=12.55 sys=0.03, real=1.25 secs] 
6350.477: [CMS-concurrent-sweep-start]
6353.745: [GC 6353.745: [ParNew: 1887487K->209664K(1887488K), 0.7735100 secs] 16076601K->14820446K(20761856K), 0.7738100 secs] [Times: user=9.73 sys=0.03, real=0.78 secs] 
6355.911: [GC 6355.911: [ParNew: 1887488K->209664K(1887488K), 0.6653630 secs] 16365834K->15016165K(20761856K), 0.6656590 secs] [Times: user=7.71 sys=0.04, real=0.67 secs] 
6357.152: [GC 6357.152: [ParNew: 1887488K->209664K(1887488K), 0.4035010 secs] 16537115K->15088011K(20761856K), 0.4037830 secs] [Times: user=5.54 sys=0.02, real=0.41 secs] 
6359.101: [GC 6359.101: [ParNew: 1887488K->209664K(1887488K), 1.0462210 secs] 15941059K->14793934K(20761856K), 1.0465710 secs] [Times: user=12.00 sys=0.03, real=1.05 secs] 
6362.176: [GC 6362.176: [ParNew: 1887488K->209664K(1887488K), 1.0999330 secs] 15374141K->14249207K(20761856K), 1.1002810 secs] [Times: user=12.51 sys=0.03, real=1.10 secs] 
6366.591: [GC 6366.591: [ParNew: 1887488K->209664K(1887488K), 0.9341690 secs] 13998722K->12809678K(20761856K), 0.9345290 secs] [Times: user=10.87 sys=0.02, real=0.93 secs] 
6371.348: [GC 6371.348: [ParNew: 1887488K->209664K(1887488K), 0.3279790 secs] 12775637K->11292671K(20761856K), 0.3282940 secs] [Times: user=4.39 sys=0.02, real=0.33 secs] 
6375.117: [GC 6375.117: [ParNew: 1887488K->209664K(1887488K), 0.2611950 secs] 11579594K->10056868K(20761856K), 0.2614980 secs] [Times: user=3.48 sys=0.03, real=0.26 secs] 
6376.927: [CMS-concurrent-sweep: 20.832/26.449 secs] [Times: user=153.64 sys=1.59, real=26.44 secs] 
6376.927: [CMS-concurrent-reset-start]
6376.969: [CMS-concurrent-reset: 0.043/0.043 secs] [Times: user=0.09 sys=0.01, real=0.05 secs] 
6379.140: [GC 6379.140: [ParNew: 1887488K->209664K(1887488K), 0.2719440 secs] 11183870K->9644388K(20761856K), 0.2722990 secs] [Times: user=3.50 sys=0.01, real=0.27 secs] 
6383.240: [GC 6383.240: [ParNew: 1887488K->209664K(1887488K), 0.2823780 secs] 11322212K->9801196K(20761856K), 0.2826950 secs] [Times: user=3.78 sys=0.00, real=0.29 secs] 
6386.924: [GC 6386.924: [ParNew: 1887488K->209664K(1887488K), 0.3128510 secs] 11479020K->9973257K(20761856K), 0.3131560 secs] [Times: user=4.07 sys=0.02, real=0.31 secs] 
6391.147: [GC 6391.147: [ParNew: 1887488K->209664K(1887488K), 0.3250190 secs] 11651081K->10171441K(20761856K), 0.3253090 secs] [Times: user=4.37 sys=0.01, real=0.33 secs] 
6395.302: [GC 6395.303: [ParNew: 1887488K->209664K(1887488K), 0.3367300 secs] 11849265K->10363466K(20761856K), 0.3370660 secs] [Times: user=4.31 sys=0.02, real=0.33 secs] 
6399.173: [GC 6399.173: [ParNew: 1887488K->209664K(1887488K), 0.5670190 secs] 12041290K->10630875K(20761856K), 0.5673750 secs] [Times: user=6.33 sys=0.01, real=0.57 secs] 
6402.675: [GC 6402.675: [ParNew: 1887488K->209664K(1887488K), 0.8773500 secs] 12308699K->11167410K(20761856K), 0.8777070 secs] [Times: user=11.35 sys=0.03, real=0.87 secs] 
6406.988: [GC 6406.988: [ParNew: 1887488K->209664K(1887488K), 0.6540380 secs] 12845234K->11561542K(20761856K), 0.6544080 secs] [Times: user=8.43 sys=0.01, real=0.65 secs] 
6411.842: [GC 6411.842: [ParNew: 1887488K->209664K(1887488K), 0.5329600 secs] 13239366K->11904308K(20761856K), 0.5332950 secs] [Times: user=7.08 sys=0.02, real=0.53 secs] 
6413.927: [GC 6413.927: [ParNew: 1887488K->209664K(1887488K), 0.9783160 secs] 13582132K->12459803K(20761856K), 0.9786760 secs] [Times: user=11.55 sys=0.03, real=0.98 secs] 
6416.278: [GC 6416.279: [ParNew: 1887488K->209664K(1887488K), 0.9215410 secs] 14137627K->13038923K(20761856K), 0.9218620 secs] [Times: user=11.89 sys=0.05, real=0.92 secs] 
6418.478: [GC 6418.478: [ParNew: 1887488K->209664K(1887488K), 1.0489560 secs] 14716747K->13628926K(20761856K), 1.0493450 secs] [Times: user=13.12 sys=0.01, real=1.05 secs] 
6419.530: [GC [1 CMS-initial-mark: 13419262K(18874368K)] 13638833K(20761856K), 0.5412560 secs] [Times: user=0.54 sys=0.00, real=0.54 secs] 
6420.072: [CMS-concurrent-mark-start]
6422.632: [GC 6422.633: [ParNew: 1887488K->209664K(1887488K), 0.7823900 secs] 15306750K->14070466K(20761856K), 0.7826800 secs] [Times: user=10.03 sys=0.01, real=0.78 secs] 
6424.999: [CMS-concurrent-mark: 4.064/4.928 secs] [Times: user=47.82 sys=0.25, real=4.93 secs] 
6425.000: [CMS-concurrent-preclean-start]
6425.401: [GC 6425.401: [ParNew: 1887488K->209664K(1887488K), 0.9610490 secs] 15748290K->14606659K(20761856K), 0.9613980 secs] [Times: user=12.62 sys=0.02, real=0.96 secs] 
6428.115: [GC 6428.116: [ParNew: 1887488K->209664K(1887488K), 1.0016220 secs] 16284483K->15182295K(20761856K), 1.0019630 secs] [Times: user=13.24 sys=0.00, real=1.01 secs] 
6430.292: [GC 6430.292: [ParNew: 1887488K->209664K(1887488K), 1.0435760 secs] 16860119K->15801689K(20761856K), 1.0438950 secs] [Times: user=13.62 sys=0.03, real=1.04 secs] 
6432.516: [GC 6432.516: [ParNew: 1887488K->209662K(1887488K), 1.0384280 secs] 17479513K->16341233K(20761856K), 1.0387360 secs] [Times: user=12.67 sys=0.00, real=1.04 secs] 
6434.790: [GC 6434.790: [ParNew: 1887486K->209664K(1887488K), 0.9990540 secs] 18019057K->16907078K(20761856K), 0.9993350 secs] [Times: user=12.78 sys=0.02, real=1.00 secs] 
6437.086: [GC 6437.087: [ParNew: 1887488K->209664K(1887488K), 0.9598060 secs] 18584902K->17466709K(20761856K), 0.9600890 secs] [Times: user=12.54 sys=0.01, real=0.96 secs] 
6439.245: [GC 6439.246: [ParNew: 1887488K->209664K(1887488K), 0.9837610 secs] 19144533K->18044624K(20761856K), 0.9840370 secs] [Times: user=12.89 sys=0.01, real=0.99 secs] 
6442.235: [GC 6442.235: [ParNew: 1887488K->209664K(1887488K), 0.6459760 secs] 19722448K->18369938K(20761856K), 0.6463070 secs] [Times: user=8.18 sys=0.01, real=0.65 secs] 
6445.939: [CMS-concurrent-preclean: 13.222/20.939 secs] [Times: user=188.03 sys=0.96, real=20.93 secs] 
6445.939: [CMS-concurrent-abortable-preclean-start]
6446.571: [CMS-concurrent-abortable-preclean: 0.614/0.632 secs] [Times: user=1.87 sys=0.09, real=0.64 secs] 
6446.572: [GC[YG occupancy: 1706970 K (1887488 K)]6446.572: [GC 6446.573: [ParNew: 1706970K->209664K(1887488K), 0.5671250 secs] 19867244K->18651721K(20761856K), 0.5674650 secs] [Times: user=7.34 sys=0.01, real=0.56 secs] 
6447.140: [Rescan (parallel) , 0.3395020 secs]6447.480: [weak refs processing, 0.3791990 secs]6447.859: [class unloading, 0.0581850 secs]6447.917: [scrub symbol & string tables, 0.0093920 secs] [1 CMS-remark: 18442057K(18874368K)] 18651721K(20761856K), 1.4541010 secs] [Times: user=13.96 sys=0.01, real=1.45 secs] 
6448.028: [CMS-concurrent-sweep-start]
6450.242: [GC 6450.242: [ParNew: 1886950K->1886950K(1887488K), 0.0000220 secs] 20324770K->20324770K(20761856K), 0.0001860 secs] [Times: user=0.00 sys=0.00, real=0.00 secs] 
6450.242: [Full GC 6450.242: [CMS6463.968: [CMS-concurrent-sweep: 15.935/15.940 secs] [Times: user=26.73 sys=0.19, real=15.94 secs] 
 (concurrent mode failure): 18437820K->5622228K(18874368K), 40.7329200 secs] 20324770K->5622228K(20761856K), [CMS Perm : 68735K->68043K(114572K)], 40.7331450 secs] [Times: user=40.73 sys=0.00, real=40.72 secs] 
6493.123: [GC 6493.123: [ParNew: 1677824K->209664K(1887488K), 0.6503090 secs] 7300052K->6188045K(20761856K), 0.6506360 secs] [Times: user=8.65 sys=0.04, real=0.65 secs] 
6496.786: [GC 6496.786: [ParNew: 1887488K->209664K(1887488K), 0.4430380 secs] 7865869K->6406119K(20761856K), 0.4433540 secs] [Times: user=5.44 sys=0.01, real=0.45 secs] 
6501.126: [GC 6501.126: [ParNew: 1887488K->209664K(1887488K), 0.3009920 secs] 8083943K->6584071K(20761856K), 0.3013280 secs] [Times: user=4.06 sys=0.02, real=0.30 secs] 
6505.433: [GC 6505.433: [ParNew: 1887488K->209664K(1887488K), 0.2297820 secs] 8261895K->6720313K(20761856K), 0.2300730 secs] [Times: user=3.25 sys=0.01, real=0.23 secs] 
6509.008: [GC 6509.009: [ParNew: 1887488K->209664K(1887488K), 0.2693460 secs] 8398137K->6876756K(20761856K), 0.2696290 secs] [Times: user=3.70 sys=0.02, real=0.27 secs] 
6513.288: [GC 6513.288: [ParNew: 1887488K->209664K(1887488K), 0.3270080 secs] 8554580K->7059892K(20761856K), 0.3273160 secs] [Times: user=4.23 sys=0.01, real=0.33 secs] 
6517.424: [GC 6517.424: [ParNew: 1887488K->209664K(1887488K), 0.3092750 secs] 8737716K->7250833K(20761856K), 0.3095600 secs] [Times: user=4.33 sys=0.02, real=0.31 secs] 
6521.413: [GC 6521.413: [ParNew: 1887488K->209664K(1887488K), 0.3088220 secs] 8928657K->7470534K(20761856K), 0.3091170 secs] [Times: user=4.39 sys=0.01, real=0.31 secs] 
6525.022: [GC 6525.022: [ParNew: 1887488K->209664K(1887488K), 0.3149180 secs] 9148358K->7655266K(20761856K), 0.3152830 secs] [Times: user=4.34 sys=0.00, real=0.32 secs] 
6528.623: [GC 6528.623: [ParNew: 1887488K->209664K(1887488K), 0.9242340 secs] 9333090K->8236445K(20761856K), 0.9246080 secs] [Times: user=11.81 sys=0.02, real=0.92 secs] 
6531.884: [GC 6531.884: [ParNew: 1887488K->209664K(1887488K), 0.8792510 secs] 9914269K->8744676K(20761856K), 0.8796060 secs] [Times: user=10.90 sys=0.01, real=0.88 secs] 
6537.182: [GC 6537.182: [ParNew: 1887488K->209664K(1887488K), 0.5129460 secs] 10422500K->8980829K(20761856K), 0.5133090 secs] [Times: user=5.99 sys=0.01, real=0.52 secs] 
6541.687: [GC 6541.687: [ParNew: 1887488K->209664K(1887488K), 0.4874930 secs] 10658653K->9227584K(20761856K), 0.4878370 secs] [Times: user=5.87 sys=0.01, real=0.49 secs] 
6546.858: [GC 6546.858: [ParNew: 1887488K->209664K(1887488K), 0.6835130 secs] 10905408K->9588423K(20761856K), 0.6838550 secs] [Times: user=8.50 sys=0.01, real=0.68 secs] 
6552.635: [GC 6552.636: [ParNew: 1887488K->209664K(1887488K), 0.8497330 secs] 11266247K->10083362K(20761856K), 0.8500780 secs] [Times: user=11.01 sys=0.01, real=0.85 secs] 
6558.652: [GC 6558.652: [ParNew: 1887488K->209664K(1887488K), 0.8717780 secs] 11761186K->10587370K(20761856K), 0.8721340 secs] [Times: user=11.27 sys=0.02, real=0.87 secs] 
6563.539: [GC 6563.539: [ParNew: 1887488K->209664K(1887488K), 0.3932870 secs] 12265194K->10792084K(20761856K), 0.3936380 secs] [Times: user=4.60 sys=0.01, real=0.40 secs] 
6567.777: [GC 6567.777: [ParNew: 1887488K->209664K(1887488K), 0.2754620 secs] 12469908K->10923926K(20761856K), 0.2757500 secs] [Times: user=3.61 sys=0.00, real=0.28 secs] 
6573.193: [GC 6573.193: [ParNew: 1887488K->209664K(1887488K), 0.7160380 secs] 12601750K->11324688K(20761856K), 0.7163750 secs] [Times: user=9.20 sys=0.00, real=0.71 secs] 
6576.817: [GC 6576.817: [ParNew: 1887488K->209664K(1887488K), 0.8272170 secs] 13002512K->11832102K(20761856K), 0.8275320 secs] [Times: user=11.04 sys=0.02, real=0.83 secs] 
6582.471: [GC 6582.471: [ParNew: 1887488K->209664K(1887488K), 0.5315400 secs] 13509926K->12079180K(20761856K), 0.5318770 secs] [Times: user=6.23 sys=0.01, real=0.54 secs] 
6587.928: [GC 6587.928: [ParNew: 1887488K->209664K(1887488K), 0.7055150 secs] 13757004K->12453806K(20761856K), 0.7058630 secs] [Times: user=8.69 sys=0.00, real=0.71 secs] 
6593.969: [GC 6593.969: [ParNew: 1887488K->209664K(1887488K), 0.9162690 secs] 14131630K->12997503K(20761856K), 0.9166210 secs] [Times: user=11.88 sys=0.01, real=0.92 secs] 
6599.796: [GC 6599.796: [ParNew: 1887488K->209664K(1887488K), 0.8046470 secs] 14675327K->13473396K(20761856K), 0.8049670 secs] [Times: user=10.66 sys=0.02, real=0.80 secs] 
6600.602: [GC [1 CMS-initial-mark: 13263732K(18874368K)] 13473421K(20761856K), 0.3928580 secs] [Times: user=0.39 sys=0.00, real=0.40 secs] 
6600.996: [CMS-concurrent-mark-start]
6602.641: [GC 6602.641: [ParNew: 1868318K->209664K(1887488K), 0.6312770 secs] 15132051K->13802666K(20761856K), 0.6315570 secs] [Times: user=8.05 sys=0.01, real=0.63 secs] 
6603.958: [GC 6603.959: [ParNew: 1887488K->209664K(1887488K), 0.4108210 secs] 15480490K->14030789K(20761856K), 0.4111110 secs] [Times: user=5.75 sys=0.01, real=0.41 secs] 
6605.775: [CMS-concurrent-mark: 3.732/4.779 secs] [Times: user=58.80 sys=0.43, real=4.78 secs] 
6605.775: [CMS-concurrent-preclean-start]
6605.960: [GC 6605.960: [ParNew: 1887488K->209664K(1887488K), 0.9433780 secs] 15708613K->14553681K(20761856K), 0.9437070 secs] [Times: user=12.08 sys=0.02, real=0.94 secs] 
6608.842: [GC 6608.842: [ParNew: 1887488K->209664K(1887488K), 0.9707130 secs] 16231505K->15098381K(20761856K), 0.9710560 secs] [Times: user=12.66 sys=0.01, real=0.97 secs] 
6612.275: [CMS-concurrent-preclean: 4.560/6.500 secs] [Times: user=46.65 sys=0.17, real=6.49 secs] 
6612.276: [CMS-concurrent-abortable-preclean-start]
6613.294: [GC 6613.294: [ParNew: 1887488K->209664K(1887488K), 0.8777470 secs] 16776205K->15591159K(20761856K), 0.8780680 secs] [Times: user=11.48 sys=0.01, real=0.88 secs] 
6615.472: [CMS-concurrent-abortable-preclean: 2.309/3.196 secs] [Times: user=17.81 sys=0.17, real=3.20 secs] 
6615.473: [GC[YG occupancy: 681451 K (1887488 K)]6615.473: [GC 6615.473: [ParNew: 681451K->209664K(1887488K), 0.2932260 secs] 16062947K->15775063K(20761856K), 0.2935500 secs] [Times: user=3.98 sys=0.01, real=0.30 secs] 
6615.767: [Rescan (parallel) , 0.2007440 secs]6615.968: [weak refs processing, 1.1304930 secs]6617.098: [class unloading, 0.0359240 secs]6617.134: [scrub symbol & string tables, 0.0070430 secs] [1 CMS-remark: 15565399K(18874368K)] 15775063K(20761856K), 1.7018210 secs] [Times: user=8.77 sys=0.01, real=1.70 secs] 
6617.176: [CMS-concurrent-sweep-start]
6620.687: [GC 6620.687: [ParNew: 1887488K->209664K(1887488K), 0.6442940 secs] 17451990K->16098181K(20761856K), 0.6446080 secs] [Times: user=8.13 sys=0.01, real=0.64 secs] 
6624.020: [GC 6624.020: [ParNew: 1887488K->209664K(1887488K), 0.8923970 secs] 16364164K->15202010K(20761856K), 0.8927250 secs] [Times: user=11.08 sys=0.03, real=0.89 secs] 
6629.726: [GC 6629.726: [ParNew: 1887488K->209664K(1887488K), 0.4950920 secs] 14137725K->12784826K(20761856K), 0.4954030 secs] [Times: user=6.59 sys=0.03, real=0.50 secs] 
6632.955: [GC 6632.955: [ParNew: 1887488K->209664K(1887488K), 0.7314840 secs] 12939962K->11735929K(20761856K), 0.7318160 secs] [Times: user=9.41 sys=0.02, real=0.73 secs] 
6635.403: [GC 6635.404: [ParNew: 1887488K->209664K(1887488K), 0.8501910 secs] 12566387K->11413810K(20761856K), 0.8504970 secs] [Times: user=10.80 sys=0.02, real=0.85 secs] 
6637.563: [CMS-concurrent-sweep: 16.715/20.388 secs] [Times: user=111.67 sys=1.82, real=20.39 secs] 
6637.563: [CMS-concurrent-reset-start]
6637.602: [CMS-concurrent-reset: 0.039/0.039 secs] [Times: user=0.08 sys=0.00, real=0.04 secs] 
6637.753: [GC 6637.753: [ParNew: 1887488K->209664K(1887488K), 0.9079700 secs] 12507690K->11387256K(20761856K), 0.9082880 secs] [Times: user=11.90 sys=0.04, real=0.91 secs] 
6641.110: [GC 6641.110: [ParNew: 1887488K->209664K(1887488K), 0.8924290 secs] 13065080K->11890585K(20761856K), 0.8928040 secs] [Times: user=10.83 sys=0.03, real=0.89 secs] 
6644.199: [GC 6644.199: [ParNew: 1887488K->209664K(1887488K), 0.9051580 secs] 13568409K->12391706K(20761856K), 0.9055360 secs] [Times: user=11.05 sys=0.02, real=0.91 secs] 
6647.214: [GC 6647.214: [ParNew: 1887488K->209664K(1887488K), 0.9494920 secs] 14069530K->12956250K(20761856K), 0.9498590 secs] [Times: user=12.47 sys=0.01, real=0.95 secs] 
6649.805: [GC 6649.805: [ParNew: 1887488K->209662K(1887488K), 0.9481170 secs] 14634074K->13516372K(20761856K), 0.9484190 secs] [Times: user=12.27 sys=0.02, real=0.95 secs] 
6650.755: [GC [1 CMS-initial-mark: 13306710K(18874368K)] 13516670K(20761856K), 0.5166720 secs] [Times: user=0.52 sys=0.00, real=0.52 secs] 
6651.272: [CMS-concurrent-mark-start]
6652.551: [GC 6652.552: [ParNew: 1887486K->209664K(1887488K), 1.0945210 secs] 15194196K->14128484K(20761856K), 1.0948420 secs] [Times: user=13.40 sys=0.03, real=1.10 secs] 
6655.185: [GC 6655.185: [ParNew: 1887488K->209664K(1887488K), 0.9765060 secs] 15806308K->14660454K(20761856K), 0.9767880 secs] [Times: user=12.37 sys=0.02, real=0.97 secs] 
6657.666: [GC 6657.667: [ParNew: 1887488K->209664K(1887488K), 0.9457480 secs] 16338278K->15198650K(20761856K), 0.9460370 secs] [Times: user=12.39 sys=0.02, real=0.94 secs] 
6658.876: [CMS-concurrent-mark: 4.578/7.603 secs] [Times: user=97.78 sys=0.22, real=7.60 secs] 
6658.876: [CMS-concurrent-preclean-start]
6660.098: [GC 6660.099: [ParNew: 1887488K->209664K(1887488K), 0.9225290 secs] 16876474K->15726261K(20761856K), 0.9228220 secs] [Times: user=12.14 sys=0.02, real=0.92 secs] 
6662.651: [GC 6662.651: [ParNew: 1887488K->209664K(1887488K), 0.8344390 secs] 17404085K->16196190K(20761856K), 0.8347420 secs] [Times: user=10.92 sys=0.02, real=0.84 secs] 
6665.906: [GC 6665.906: [ParNew: 1887488K->209664K(1887488K), 0.7189720 secs] 17874014K->16572416K(20761856K), 0.7192830 secs] [Times: user=9.29 sys=0.01, real=0.72 secs] 
6669.057: [CMS-concurrent-preclean: 7.661/10.181 secs] [Times: user=72.39 sys=0.70, real=10.18 secs] 
6669.057: [CMS-concurrent-abortable-preclean-start]
6669.453: [CMS-concurrent-abortable-preclean: 0.292/0.396 secs] [Times: user=0.86 sys=0.05, real=0.39 secs] 
6669.455: [GC[YG occupancy: 1121940 K (1887488 K)]6669.455: [GC 6669.455: [ParNew: 1121940K->209664K(1887488K), 0.3675340 secs] 17484692K->16767613K(20761856K), 0.3678920 secs] [Times: user=4.88 sys=0.00, real=0.36 secs] 
6669.823: [Rescan (parallel) , 0.2462990 secs]6670.069: [weak refs processing, 0.4150580 secs]6670.484: [class unloading, 0.0577750 secs]6670.542: [scrub symbol & string tables, 0.0093610 secs] [1 CMS-remark: 16557949K(18874368K)] 16767613K(20761856K), 1.1651810 secs] [Times: user=9.84 sys=0.00, real=1.17 secs] 
6670.621: [CMS-concurrent-sweep-start]
6673.073: [GC 6673.073: [ParNew: 1887488K->209664K(1887488K), 0.8268960 secs] 18445008K->17226422K(20761856K), 0.8272150 secs] [Times: user=10.68 sys=0.01, real=0.83 secs] 
6676.906: [GC 6676.906: [ParNew: 1887488K->209664K(1887488K), 0.8880730 secs] 17925696K->16752632K(20761856K), 0.8883830 secs] [Times: user=11.05 sys=0.02, real=0.88 secs] 
6681.292: [GC 6681.292: [ParNew: 1887488K->209664K(1887488K), 0.4516180 secs] 16644537K->15246577K(20761856K), 0.4519430 secs] [Times: user=6.17 sys=0.02, real=0.45 secs] 
6684.866: [GC 6684.866: [ParNew: 1887488K->209664K(1887488K), 0.8932090 secs] 15646597K->14532079K(20761856K), 0.8935170 secs] [Times: user=11.24 sys=0.03, real=0.90 secs] 
6689.159: [GC 6689.160: [ParNew: 1887488K->209664K(1887488K), 0.6573000 secs] 14013890K->12690302K(20761856K), 0.6576070 secs] [Times: user=8.07 sys=0.03, real=0.65 secs] 
6691.542: [CMS-concurrent-sweep: 17.153/20.921 secs] [Times: user=107.56 sys=1.03, real=20.92 secs] 
6691.543: [CMS-concurrent-reset-start]
6691.582: [CMS-concurrent-reset: 0.040/0.040 secs] [Times: user=0.08 sys=0.00, real=0.04 secs] 
6694.519: [GC 6694.519: [ParNew: 1887488K->209664K(1887488K), 0.4867460 secs] 13343642K->11896187K(20761856K), 0.4870930 secs] [Times: user=5.65 sys=0.01, real=0.49 secs] 
6699.922: [GC 6699.922: [ParNew: 1887488K->209664K(1887488K), 0.5407780 secs] 13574011K->12148159K(20761856K), 0.5411270 secs] [Times: user=6.27 sys=0.01, real=0.54 secs] 
6705.655: [GC 6705.655: [ParNew: 1887488K->209664K(1887488K), 0.8301070 secs] 13825983K->12617777K(20761856K), 0.8304730 secs] [Times: user=10.32 sys=0.02, real=0.83 secs] 
6711.614: [GC 6711.614: [ParNew: 1887488K->209664K(1887488K), 0.8433910 secs] 14295601K->13095312K(20761856K), 0.8437490 secs] [Times: user=10.69 sys=0.03, real=0.84 secs] 
6717.376: [GC 6717.376: [ParNew: 1887488K->209664K(1887488K), 0.7036190 secs] 14773136K->13505274K(20761856K), 0.7039540 secs] [Times: user=9.23 sys=0.02, real=0.70 secs] 
6718.082: [GC [1 CMS-initial-mark: 13295610K(18874368K)] 13505644K(20761856K), 0.4035370 secs] [Times: user=0.41 sys=0.00, real=0.40 secs] 
6718.486: [CMS-concurrent-mark-start]
6721.310: [GC 6721.310: [ParNew: 1887488K->209236K(1887488K), 0.2704510 secs] 15183098K->13700308K(20761856K), 0.2707390 secs] [Times: user=3.28 sys=0.03, real=0.27 secs] 
6721.613: [CMS-concurrent-mark: 2.855/3.127 secs] [Times: user=21.10 sys=0.17, real=3.13 secs] 
6721.613: [CMS-concurrent-preclean-start]
6722.277: [CMS-concurrent-preclean: 0.659/0.663 secs] [Times: user=1.50 sys=0.04, real=0.66 secs] 
6722.277: [CMS-concurrent-abortable-preclean-start]
6724.163: [CMS-concurrent-abortable-preclean: 1.885/1.887 secs] [Times: user=3.83 sys=0.02, real=1.89 secs] 
6724.165: [GC[YG occupancy: 1133917 K (1887488 K)]6724.165: [GC 6724.165: [ParNew: 1133917K->209664K(1887488K), 0.2563730 secs] 14624989K->13708186K(20761856K), 0.2567350 secs] [Times: user=2.87 sys=0.00, real=0.25 secs] 
6724.422: [Rescan (parallel) , 0.1562940 secs]6724.578: [weak refs processing, 0.1316970 secs]6724.710: [class unloading, 0.0586400 secs]6724.769: [scrub symbol & string tables, 0.0094520 secs] [1 CMS-remark: 13498522K(18874368K)] 13708186K(20761856K), 0.7421730 secs] [Times: user=5.98 sys=0.00, real=0.74 secs] 
6724.908: [CMS-concurrent-sweep-start]
6729.556: [GC 6729.556: [ParNew: 1887488K->209664K(1887488K), 0.8196830 secs] 14693811K->13501404K(20761856K), 0.8200310 secs] [Times: user=10.25 sys=0.03, real=0.82 secs] 
6732.654: [GC 6732.654: [ParNew: 1887488K->209664K(1887488K), 0.7755920 secs] 14347720K->13106410K(20761856K), 0.7759560 secs] [Times: user=9.55 sys=0.02, real=0.78 secs] 
6738.865: [GC 6738.865: [ParNew: 1887488K->209664K(1887488K), 0.5749560 secs] 11871120K->10501886K(20761856K), 0.5752690 secs] [Times: user=7.09 sys=0.02, real=0.58 secs] 
6744.507: [GC 6744.508: [ParNew: 1887488K->209664K(1887488K), 0.5648430 secs] 9974426K->8609485K(20761856K), 0.5651650 secs] [Times: user=7.11 sys=0.02, real=0.56 secs] 
6748.197: [CMS-concurrent-sweep: 20.521/23.288 secs] [Times: user=89.45 sys=0.66, real=23.28 secs] 
6748.197: [CMS-concurrent-reset-start]
6748.239: [CMS-concurrent-reset: 0.042/0.042 secs] [Times: user=0.08 sys=0.00, real=0.05 secs] 
6750.112: [GC 6750.112: [ParNew: 1887488K->209664K(1887488K), 0.9395260 secs] 9145230K->8004642K(20761856K), 0.9398760 secs] [Times: user=11.76 sys=0.03, real=0.94 secs] 
6756.163: [GC 6756.163: [ParNew: 1887488K->209664K(1887488K), 0.9046500 secs] 9682466K->8526137K(20761856K), 0.9050070 secs] [Times: user=11.35 sys=0.01, real=0.90 secs] 
6759.432: [GC 6759.433: [ParNew: 1887488K->209664K(1887488K), 0.7060580 secs] 10203961K->8920156K(20761856K), 0.7063530 secs] [Times: user=8.80 sys=0.02, real=0.70 secs] 
6760.638: [GC 6760.638: [ParNew: 1887488K->209664K(1887488K), 0.4268640 secs] 10597980K->9166918K(20761856K), 0.4271470 secs] [Times: user=5.57 sys=0.03, real=0.43 secs] 
6762.284: [GC 6762.284: [ParNew: 1887488K->209664K(1887488K), 0.7777980 secs] 10844742K->9549719K(20761856K), 0.7781410 secs] [Times: user=9.29 sys=0.02, real=0.78 secs] 
6764.701: [GC 6764.701: [ParNew: 1887488K->209664K(1887488K), 0.9747480 secs] 11227543K->10120080K(20761856K), 0.9750540 secs] [Times: user=12.30 sys=0.03, real=0.97 secs] 
6768.376: [GC 6768.376: [ParNew: 1887488K->209664K(1887488K), 0.9870910 secs] 11797904K->10635051K(20761856K), 0.9874370 secs] [Times: user=11.68 sys=0.03, real=0.99 secs] 
6772.720: [GC 6772.720: [ParNew: 1887488K->209664K(1887488K), 0.6178570 secs] 12312875K->10935409K(20761856K), 0.6181910 secs] [Times: user=7.32 sys=0.02, real=0.61 secs] 
6776.852: [GC 6776.852: [ParNew: 1887488K->209664K(1887488K), 0.3766460 secs] 12613233K->11142278K(20761856K), 0.3769910 secs] [Times: user=4.87 sys=0.01, real=0.37 secs] 
6781.432: [GC 6781.432: [ParNew: 1887488K->209664K(1887488K), 0.3234240 secs] 12820102K->11315088K(20761856K), 0.3237860 secs] [Times: user=4.04 sys=0.02, real=0.33 secs] 
6785.929: [GC 6785.929: [ParNew: 1887488K->209664K(1887488K), 0.3571280 secs] 12992912K->11502824K(20761856K), 0.3574640 secs] [Times: user=4.52 sys=0.00, real=0.36 secs] 
6789.996: [GC 6789.996: [ParNew: 1887488K->209664K(1887488K), 0.3618450 secs] 13180648K->11716181K(20761856K), 0.3621890 secs] [Times: user=4.48 sys=0.03, real=0.36 secs] 
6794.022: [GC 6794.022: [ParNew: 1887488K->209664K(1887488K), 0.5304740 secs] 13394005K->11966983K(20761856K), 0.5308290 secs] [Times: user=6.11 sys=0.01, real=0.53 secs] 
6797.797: [GC 6797.797: [ParNew: 1887488K->209664K(1887488K), 0.8907130 secs] 13644807K->12474038K(20761856K), 0.8910410 secs] [Times: user=11.46 sys=0.03, real=0.89 secs] 
6802.737: [GC 6802.737: [ParNew: 1887488K->209664K(1887488K), 0.7320200 secs] 14151862K->12887837K(20761856K), 0.7324000 secs] [Times: user=9.02 sys=0.01, real=0.73 secs] 
6808.061: [GC 6808.062: [ParNew: 1887488K->209664K(1887488K), 0.5248810 secs] 14565661K->13219510K(20761856K), 0.5252520 secs] [Times: user=6.97 sys=0.01, real=0.53 secs] 
6810.390: [GC 6810.390: [ParNew: 1887488K->209664K(1887488K), 0.8822120 secs] 14897334K->13771689K(20761856K), 0.8825480 secs] [Times: user=11.45 sys=0.01, real=0.88 secs] 
6811.275: [GC [1 CMS-initial-mark: 13562025K(18874368K)] 13771848K(20761856K), 0.6163580 secs] [Times: user=0.61 sys=0.00, real=0.62 secs] 
6811.891: [CMS-concurrent-mark-start]
6813.362: [GC 6813.362: [ParNew: 1887488K->209664K(1887488K), 0.8999190 secs] 15449513K->14329359K(20761856K), 0.9002180 secs] [Times: user=12.04 sys=0.01, real=0.90 secs] 
6815.767: [GC 6815.767: [ParNew: 1887488K->209664K(1887488K), 0.9299240 secs] 16007183K->14901136K(20761856K), 0.9302370 secs] [Times: user=12.45 sys=0.02, real=0.94 secs] 
6818.280: [CMS-concurrent-mark: 4.479/6.388 secs] [Times: user=70.37 sys=0.36, real=6.39 secs] 
6818.280: [CMS-concurrent-preclean-start]
6819.549: [GC 6819.549: [ParNew: 1887488K->209664K(1887488K), 0.8711120 secs] 16578960K->15349617K(20761856K), 0.8714950 secs] [Times: user=10.70 sys=0.01, real=0.87 secs] 
6822.689: [GC 6822.689: [ParNew: 1887488K->209662K(1887488K), 0.8880250 secs] 17027441K->15866875K(20761856K), 0.8883660 secs] [Times: user=12.29 sys=0.00, real=0.88 secs] 
6825.436: [GC 6825.436: [ParNew: 1887486K->209664K(1887488K), 1.0734050 secs] 17544699K->16459245K(20761856K), 1.0737690 secs] [Times: user=13.43 sys=0.02, real=1.08 secs] 
6828.009: [GC 6828.009: [ParNew: 1887488K->209664K(1887488K), 1.1209850 secs] 18137069K->17066017K(20761856K), 1.1213420 secs] [Times: user=13.84 sys=0.01, real=1.13 secs] 
6830.572: [GC 6830.572: [ParNew: 1887488K->209664K(1887488K), 1.0139230 secs] 18743841K->17616725K(20761856K), 1.0142340 secs] [Times: user=12.79 sys=0.01, real=1.01 secs] 
6831.639: [CMS-concurrent-preclean: 8.333/13.359 secs] [Times: user=113.04 sys=0.39, real=13.35 secs] 
6831.639: [CMS-concurrent-abortable-preclean-start]
6832.942: [GC 6832.942: [ParNew: 1887488K->209664K(1887488K), 1.0000760 secs] 19294549K->18159155K(20761856K), 1.0003820 secs] [Times: user=12.43 sys=0.02, real=1.00 secs] 
6834.487: [CMS-concurrent-abortable-preclean: 1.826/2.848 secs] [Times: user=29.59 sys=0.14, real=2.85 secs] 
6834.489: [GC[YG occupancy: 891714 K (1887488 K)]6834.489: [GC 6834.489: [ParNew: 891714K->209664K(1887488K), 0.5392840 secs] 18841205K->18393947K(20761856K), 0.5396020 secs] [Times: user=6.28 sys=0.00, real=0.54 secs] 
6835.029: [Rescan (parallel) , 0.5131180 secs]6835.542: [weak refs processing, 0.1797130 secs]6835.722: [class unloading, 0.0582700 secs]6835.780: [scrub symbol & string tables, 0.0093900 secs] [1 CMS-remark: 18184283K(18874368K)] 18393947K(20761856K), 1.3654300 secs] [Times: user=15.80 sys=0.00, real=1.37 secs] 
6835.856: [CMS-concurrent-sweep-start]
6837.271: [GC 6837.271: [ParNew: 1887488K->209664K(1887488K), 0.9245880 secs] 20071580K->18919036K(20761856K), 0.9248760 secs] [Times: user=11.79 sys=0.02, real=0.92 secs] 
6839.689: [GC 6839.690: [ParNew: 1887488K->1887488K(1887488K), 0.0000220 secs]6839.690: [CMS6854.987: [CMS-concurrent-sweep: 18.199/19.131 secs] [Times: user=52.41 sys=0.26, real=19.13 secs] 
 (concurrent mode failure): 18707368K->6987925K(18874368K), 47.7648630 secs] 20594856K->6987925K(20761856K), [CMS Perm : 68712K->68239K(114572K)], 47.7651970 secs] [Times: user=47.76 sys=0.00, real=47.76 secs] 
6889.784: [GC 6889.784: [ParNew: 1677824K->209664K(1887488K), 0.5823350 secs] 8665749K->7427755K(20761856K), 0.5826690 secs] [Times: user=7.33 sys=0.03, real=0.58 secs] 
6893.682: [GC 6893.683: [ParNew: 1887488K->209664K(1887488K), 0.3917740 secs] 9105579K->7670457K(20761856K), 0.3920490 secs] [Times: user=5.46 sys=0.04, real=0.39 secs] 
6897.215: [GC 6897.215: [ParNew: 1887488K->209664K(1887488K), 0.2766990 secs] 9348281K->7823934K(20761856K), 0.2769790 secs] [Times: user=4.07 sys=0.03, real=0.28 secs] 
6901.105: [GC 6901.105: [ParNew: 1887488K->209664K(1887488K), 0.2982750 secs] 9501758K->7960578K(20761856K), 0.2985590 secs] [Times: user=4.50 sys=0.03, real=0.30 secs] 
6904.773: [GC 6904.773: [ParNew: 1887488K->209664K(1887488K), 0.2665970 secs] 9638402K->8097895K(20761856K), 0.2669180 secs] [Times: user=3.57 sys=0.01, real=0.26 secs] 
6908.796: [GC 6908.796: [ParNew: 1887488K->209664K(1887488K), 0.2877420 secs] 9775719K->8264663K(20761856K), 0.2880490 secs] [Times: user=3.98 sys=0.01, real=0.29 secs] 
6912.583: [GC 6912.583: [ParNew: 1887488K->209664K(1887488K), 0.3093840 secs] 9942487K->8451512K(20761856K), 0.3096670 secs] [Times: user=4.32 sys=0.01, real=0.31 secs] 
6915.979: [GC 6915.980: [ParNew: 1887488K->209664K(1887488K), 0.3078230 secs] 10129336K->8642397K(20761856K), 0.3081040 secs] [Times: user=4.35 sys=0.02, real=0.31 secs] 
6920.360: [GC 6920.360: [ParNew: 1887488K->209664K(1887488K), 0.3031670 secs] 10320221K->8843841K(20761856K), 0.3034690 secs] [Times: user=4.28 sys=0.01, real=0.31 secs] 
6923.266: [GC 6923.267: [ParNew: 1887488K->209664K(1887488K), 0.7729120 secs] 10521665K->9306963K(20761856K), 0.7732390 secs] [Times: user=10.19 sys=0.01, real=0.77 secs] 
6926.778: [GC 6926.778: [ParNew: 1887488K->209664K(1887488K), 0.8972800 secs] 10984787K->9834671K(20761856K), 0.8976070 secs] [Times: user=11.59 sys=0.01, real=0.90 secs] 
6931.469: [GC 6931.470: [ParNew: 1887488K->209664K(1887488K), 0.4853350 secs] 11512495K->10126049K(20761856K), 0.4857110 secs] [Times: user=6.43 sys=0.02, real=0.48 secs] 
6935.296: [GC 6935.297: [ParNew: 1887488K->209664K(1887488K), 0.8903280 secs] 11803873K->10684244K(20761856K), 0.8906760 secs] [Times: user=11.69 sys=0.01, real=0.89 secs] 
6939.440: [GC 6939.440: [ParNew: 1887488K->209664K(1887488K), 0.7260080 secs] 12362068K->11059903K(20761856K), 0.7263580 secs] [Times: user=8.66 sys=0.01, real=0.72 secs] 
6944.782: [GC 6944.782: [ParNew: 1887488K->209664K(1887488K), 0.4687900 secs] 12737727K->11286184K(20761856K), 0.4691300 secs] [Times: user=5.54 sys=0.00, real=0.47 secs] 
6950.062: [GC 6950.062: [ParNew: 1887488K->209664K(1887488K), 0.5553360 secs] 12964008K->11559121K(20761856K), 0.5556920 secs] [Times: user=6.65 sys=0.00, real=0.55 secs] 
6955.790: [GC 6955.791: [ParNew: 1887488K->209664K(1887488K), 0.7833240 secs] 13236945K->12004824K(20761856K), 0.7836820 secs] [Times: user=10.03 sys=0.00, real=0.78 secs] 
6961.658: [GC 6961.658: [ParNew: 1887488K->209664K(1887488K), 0.8457390 secs] 13682648K->12488518K(20761856K), 0.8460900 secs] [Times: user=10.80 sys=0.02, real=0.85 secs] 
6967.458: [GC 6967.458: [ParNew: 1887488K->209664K(1887488K), 0.7408790 secs] 14166342K->12936118K(20761856K), 0.7412150 secs] [Times: user=9.93 sys=0.02, real=0.74 secs] 
6971.796: [GC 6971.796: [ParNew: 1887488K->209664K(1887488K), 0.2943200 secs] 14613942K->13134333K(20761856K), 0.2946760 secs] [Times: user=3.54 sys=0.00, real=0.29 secs] 
6976.478: [GC 6976.478: [ParNew: 1887488K->209664K(1887488K), 0.3626950 secs] 14812157K->13235065K(20761856K), 0.3630700 secs] [Times: user=4.62 sys=0.01, real=0.36 secs] 
6980.877: [GC 6980.878: [ParNew: 1887488K->209664K(1887488K), 0.8097770 secs] 14912889K->13736210K(20761856K), 0.8101330 secs] [Times: user=10.79 sys=0.01, real=0.81 secs] 
6981.689: [GC [1 CMS-initial-mark: 13526546K(18874368K)] 13736225K(20761856K), 0.5638340 secs] [Times: user=0.57 sys=0.00, real=0.57 secs] 
6982.254: [CMS-concurrent-mark-start]
6984.918: [GC 6984.919: [ParNew: 1887488K->209664K(1887488K), 0.6922050 secs] 15414034K->14120061K(20761856K), 0.6925120 secs] [Times: user=8.86 sys=0.01, real=0.69 secs] 
6986.529: [CMS-concurrent-mark: 3.580/4.275 secs] [Times: user=36.02 sys=0.13, real=4.27 secs] 
6986.529: [CMS-concurrent-preclean-start]
6987.715: [CMS-concurrent-preclean: 1.182/1.186 secs] [Times: user=2.37 sys=0.02, real=1.19 secs] 
6987.715: [CMS-concurrent-abortable-preclean-start]
6990.165: [GC 6990.165: [ParNew: 1887488K->209664K(1887488K), 0.5848750 secs] 15797885K->14390783K(20761856K), 0.5852310 secs] [Times: user=7.00 sys=0.01, real=0.59 secs] 
 CMS: abort preclean due to time 6994.054: [CMS-concurrent-abortable-preclean: 5.744/6.339 secs] [Times: user=19.43 sys=0.15, real=6.33 secs] 
6994.056: [GC[YG occupancy: 1332855 K (1887488 K)]6994.056: [GC 6994.056: [ParNew: 1332855K->209664K(1887488K), 0.5859100 secs] 15513975K->14678938K(20761856K), 0.5862640 secs] [Times: user=7.17 sys=0.00, real=0.58 secs] 
6994.642: [Rescan (parallel) , 0.1200900 secs]6994.762: [weak refs processing, 0.1400590 secs]6994.903: [class unloading, 0.0588330 secs]6994.961: [scrub symbol & string tables, 0.0095300 secs] [1 CMS-remark: 14469274K(18874368K)] 14678938K(20761856K), 1.0534140 secs] [Times: user=9.64 sys=0.01, real=1.05 secs] 
6995.110: [CMS-concurrent-sweep-start]
6999.297: [GC 6999.297: [ParNew: 1887488K->209664K(1887488K), 0.8653980 secs] 16109195K->14963014K(20761856K), 0.8657320 secs] [Times: user=11.72 sys=0.02, real=0.86 secs] 
7004.834: [GC 7004.834: [ParNew: 1887488K->209664K(1887488K), 0.7690530 secs] 13407564K->12173971K(20761856K), 0.7693630 secs] [Times: user=9.65 sys=0.05, real=0.77 secs] 
7007.081: [GC 7007.082: [ParNew: 1887488K->209664K(1887488K), 0.6548190 secs] 13063282K->11735339K(20761856K), 0.6551030 secs] [Times: user=7.81 sys=0.03, real=0.65 secs] 
7008.354: [GC 7008.354: [ParNew: 1887488K->209664K(1887488K), 0.4156590 secs] 13054996K->11618116K(20761856K), 0.4159360 secs] [Times: user=5.59 sys=0.03, real=0.42 secs] 
7010.270: [GC 7010.270: [ParNew: 1887488K->209664K(1887488K), 0.8892360 secs] 12419378K->11242818K(20761856K), 0.8895370 secs] [Times: user=11.21 sys=0.03, real=0.89 secs] 
7012.826: [GC 7012.826: [ParNew: 1887488K->209664K(1887488K), 0.9689820 secs] 12237162K->11128047K(20761856K), 0.9692860 secs] [Times: user=11.90 sys=0.04, real=0.97 secs] 
7016.569: [CMS-concurrent-sweep: 16.859/21.459 secs] [Times: user=131.52 sys=1.19, real=21.45 secs] 
7016.569: [CMS-concurrent-reset-start]
7016.681: [CMS-concurrent-reset: 0.112/0.112 secs] [Times: user=1.16 sys=0.01, real=0.12 secs] 
7017.087: [GC 7017.087: [ParNew: 1887488K->209664K(1887488K), 0.9280820 secs] 11384901K->10172855K(20761856K), 0.9284370 secs] [Times: user=10.91 sys=0.03, real=0.93 secs] 
7021.854: [GC 7021.854: [ParNew: 1887488K->209664K(1887488K), 0.4759680 secs] 11850679K->10409218K(20761856K), 0.4763160 secs] [Times: user=5.86 sys=0.01, real=0.48 secs] 
7025.725: [GC 7025.725: [ParNew: 1887488K->209664K(1887488K), 0.3291730 secs] 12087042K->10608112K(20761856K), 0.3294920 secs] [Times: user=4.47 sys=0.02, real=0.33 secs] 
7029.694: [GC 7029.694: [ParNew: 1887488K->209664K(1887488K), 0.3081170 secs] 12285936K->10789486K(20761856K), 0.3084000 secs] [Times: user=4.10 sys=0.01, real=0.31 secs] 
7033.390: [GC 7033.390: [ParNew: 1887488K->209664K(1887488K), 0.3180670 secs] 12467310K->10976308K(20761856K), 0.3183510 secs] [Times: user=4.33 sys=0.02, real=0.32 secs] 
7037.624: [GC 7037.624: [ParNew: 1887488K->209664K(1887488K), 0.3299230 secs] 12654132K->11184792K(20761856K), 0.3302150 secs] [Times: user=4.52 sys=0.03, real=0.33 secs] 
7041.278: [GC 7041.278: [ParNew: 1887488K->209664K(1887488K), 0.5497380 secs] 12862616K->11480012K(20761856K), 0.5500790 secs] [Times: user=6.83 sys=0.03, real=0.55 secs] 
7044.220: [GC 7044.221: [ParNew: 1887488K->209664K(1887488K), 0.9167370 secs] 13157836K->12042944K(20761856K), 0.9170980 secs] [Times: user=12.21 sys=0.02, real=0.92 secs] 
7049.443: [GC 7049.444: [ParNew: 1887488K->209664K(1887488K), 0.5708670 secs] 13720768K->12390502K(20761856K), 0.5712540 secs] [Times: user=7.63 sys=0.01, real=0.58 secs] 
7053.905: [GC 7053.906: [ParNew: 1887488K->209664K(1887488K), 0.6136640 secs] 14068326K->12786618K(20761856K), 0.6140480 secs] [Times: user=8.21 sys=0.00, real=0.61 secs] 
7056.120: [GC 7056.121: [ParNew: 1887488K->209664K(1887488K), 1.0137880 secs] 14464442K->13372290K(20761856K), 1.0141570 secs] [Times: user=12.34 sys=0.02, real=1.01 secs] 
7058.684: [GC 7058.685: [ParNew: 1887488K->209664K(1887488K), 0.9272510 secs] 15050114K->13937344K(20761856K), 0.9276110 secs] [Times: user=12.54 sys=0.01, real=0.93 secs] 
7059.614: [GC [1 CMS-initial-mark: 13727680K(18874368K)] 13937482K(20761856K), 0.4025190 secs] [Times: user=0.40 sys=0.00, real=0.41 secs] 
7060.017: [CMS-concurrent-mark-start]
7062.008: [GC 7062.008: [ParNew: 1887488K->209664K(1887488K), 0.9088210 secs] 15615168K->14479035K(20761856K), 0.9091500 secs] [Times: user=11.87 sys=0.01, real=0.91 secs] 
7065.147: [GC 7065.147: [ParNew: 1887488K->209664K(1887488K), 0.8342590 secs] 16156859K->14950308K(20761856K), 0.8346010 secs] [Times: user=10.78 sys=0.01, real=0.83 secs] 
7066.139: [CMS-concurrent-mark: 4.314/6.121 secs] [Times: user=64.40 sys=0.25, real=6.12 secs] 
7066.139: [CMS-concurrent-preclean-start]
7068.130: [GC 7068.130: [ParNew: 1887488K->209662K(1887488K), 0.9912580 secs] 16628132K->15494009K(20761856K), 0.9915880 secs] [Times: user=12.61 sys=0.02, real=0.99 secs] 
7071.112: [GC 7071.112: [ParNew: 1887486K->209664K(1887488K), 1.0887060 secs] 17171833K->16065248K(20761856K), 1.0890620 secs] [Times: user=13.24 sys=0.02, real=1.09 secs] 
7073.544: [GC 7073.544: [ParNew: 1887488K->209664K(1887488K), 1.1117860 secs] 17743072K->16664981K(20761856K), 1.1121630 secs] [Times: user=13.61 sys=0.01, real=1.11 secs] 
7075.970: [GC 7075.971: [ParNew: 1887488K->209664K(1887488K), 1.0188750 secs] 18342805K->17211130K(20761856K), 1.0192130 secs] [Times: user=12.62 sys=0.01, real=1.02 secs] 
7078.441: [GC 7078.441: [ParNew: 1887488K->209664K(1887488K), 1.0212120 secs] 18888954K->17787587K(20761856K), 1.0215300 secs] [Times: user=12.71 sys=0.03, real=1.02 secs] 
7080.832: [GC 7080.832: [ParNew: 1887488K->209664K(1887488K), 0.9530130 secs] 19465411K->18359483K(20761856K), 0.9533000 secs] [Times: user=12.64 sys=0.02, real=0.95 secs] 
7083.097: [GC 7083.097: [ParNew: 1887488K->209662K(1887488K), 0.9339360 secs] 20037307K->18875718K(20761856K), 0.9342480 secs] [Times: user=11.82 sys=0.02, real=0.94 secs] 
7086.075: [GC 7086.075: [ParNew: 1887486K->1887486K(1887488K), 0.0000290 secs]7086.075: [CMS7087.475: [CMS-concurrent-preclean: 14.120/21.336 secs] [Times: user=181.78 sys=0.93, real=21.33 secs] 
 (concurrent mode failure): 18666056K->8225221K(18874368K), 39.1784010 secs] 20553542K->8225221K(20761856K), [CMS Perm : 68618K->68301K(114572K)], 39.1787830 secs] [Times: user=39.17 sys=0.01, real=39.17 secs] 
7128.519: [GC 7128.520: [ParNew: 1677824K->209664K(1887488K), 0.2895380 secs] 9903045K->8488180K(20761856K), 0.2898500 secs] [Times: user=4.17 sys=0.01, real=0.29 secs] 
7132.329: [GC 7132.329: [ParNew: 1887488K->209664K(1887488K), 0.3265160 secs] 10166004K->8719097K(20761856K), 0.3268080 secs] [Times: user=4.44 sys=0.10, real=0.32 secs] 
7135.744: [GC 7135.745: [ParNew: 1887488K->198437K(1887488K), 0.2466360 secs] 10396921K->8832442K(20761856K), 0.2469170 secs] [Times: user=3.64 sys=0.02, real=0.25 secs] 
7139.144: [GC 7139.144: [ParNew: 1876261K->209664K(1887488K), 0.3136190 secs] 10510266K->8983118K(20761856K), 0.3139030 secs] [Times: user=4.58 sys=0.01, real=0.32 secs] 
7142.747: [GC 7142.747: [ParNew: 1887488K->209664K(1887488K), 0.2836340 secs] 10660942K->9142803K(20761856K), 0.2839110 secs] [Times: user=3.90 sys=0.02, real=0.29 secs] 
7146.452: [GC 7146.452: [ParNew: 1887488K->209664K(1887488K), 0.3060780 secs] 10820627K->9329313K(20761856K), 0.3063560 secs] [Times: user=4.23 sys=0.02, real=0.31 secs] 
7150.432: [GC 7150.432: [ParNew: 1887488K->209664K(1887488K), 0.3129170 secs] 11007137K->9526073K(20761856K), 0.3132080 secs] [Times: user=4.40 sys=0.01, real=0.31 secs] 
7155.667: [GC 7155.667: [ParNew: 1887488K->209664K(1887488K), 0.3028840 secs] 11203897K->9721855K(20761856K), 0.3031690 secs] [Times: user=4.31 sys=0.01, real=0.30 secs] 
7158.788: [GC 7158.789: [ParNew: 1887487K->209664K(1887488K), 0.6943730 secs] 11399679K->10115833K(20761856K), 0.6947090 secs] [Times: user=8.83 sys=0.01, real=0.70 secs] 
7161.813: [GC 7161.814: [ParNew: 1887488K->209664K(1887488K), 0.8862720 secs] 11793657K->10649744K(20761856K), 0.8866110 secs] [Times: user=11.42 sys=0.03, real=0.88 secs] 
7166.359: [GC 7166.359: [ParNew: 1887488K->209664K(1887488K), 0.5830860 secs] 12327568K->10969240K(20761856K), 0.5834780 secs] [Times: user=7.35 sys=0.01, real=0.59 secs] 
7170.336: [GC 7170.336: [ParNew: 1887488K->209664K(1887488K), 0.8253620 secs] 12647064K->11487572K(20761856K), 0.8257020 secs] [Times: user=10.91 sys=0.01, real=0.82 secs] 
7173.576: [GC 7173.576: [ParNew: 1887488K->209664K(1887488K), 0.8055360 secs] 13165396K->11930908K(20761856K), 0.8058810 secs] [Times: user=10.00 sys=0.02, real=0.80 secs] 
7178.952: [GC 7178.952: [ParNew: 1887488K->209664K(1887488K), 0.5117310 secs] 13608732K->12184206K(20761856K), 0.5120850 secs] [Times: user=6.11 sys=0.00, real=0.52 secs] 
7184.108: [GC 7184.108: [ParNew: 1887488K->209664K(1887488K), 0.4909930 secs] 13862030K->12409678K(20761856K), 0.4913420 secs] [Times: user=5.79 sys=0.01, real=0.49 secs] 
7189.692: [GC 7189.692: [ParNew: 1887488K->209664K(1887488K), 0.7486270 secs] 14087502K->12822632K(20761856K), 0.7489800 secs] [Times: user=9.46 sys=0.00, real=0.75 secs] 
7195.497: [GC 7195.497: [ParNew: 1887488K->209664K(1887488K), 0.8246640 secs] 14500456K->13302032K(20761856K), 0.8250120 secs] [Times: user=10.70 sys=0.01, real=0.82 secs] 
7201.527: [GC 7201.527: [ParNew: 1887488K->209664K(1887488K), 0.8699780 secs] 14979856K->13823843K(20761856K), 0.8703120 secs] [Times: user=11.43 sys=0.01, real=0.88 secs] 
7202.400: [GC [1 CMS-initial-mark: 13614179K(18874368K)] 13851286K(20761856K), 0.4046530 secs] [Times: user=0.40 sys=0.00, real=0.40 secs] 
7202.805: [CMS-concurrent-mark-start]
7205.571: [GC 7205.571: [ParNew: 1887488K->209472K(1887488K), 0.2969150 secs] 15501667K->14022068K(20761856K), 0.2972220 secs] [Times: user=3.85 sys=0.01, real=0.30 secs] 
7206.256: [CMS-concurrent-mark: 3.149/3.451 secs] [Times: user=24.32 sys=0.18, real=3.45 secs] 
7206.256: [CMS-concurrent-preclean-start]
7207.109: [CMS-concurrent-preclean: 0.847/0.853 secs] [Times: user=1.71 sys=0.04, real=0.86 secs] 
7207.110: [CMS-concurrent-abortable-preclean-start]
7209.738: [GC 7209.738: [ParNew: 1887296K->209664K(1887488K), 0.3307200 secs] 15699892K->14100928K(20761856K), 0.3310640 secs] [Times: user=4.19 sys=0.01, real=0.34 secs] 
 CMS: abort preclean due to time 7213.569: [CMS-concurrent-abortable-preclean: 6.120/6.460 secs] [Times: user=17.32 sys=0.19, real=6.45 secs] 
7213.571: [GC[YG occupancy: 1309526 K (1887488 K)]7213.571: [GC 7213.571: [ParNew: 1309526K->209664K(1887488K), 0.5668550 secs] 15200791K->14382839K(20761856K), 0.5672120 secs] [Times: user=6.90 sys=0.01, real=0.56 secs] 
7214.139: [Rescan (parallel) , 0.1187910 secs]7214.257: [weak refs processing, 0.2194170 secs]7214.477: [class unloading, 0.0585450 secs]7214.535: [scrub symbol & string tables, 0.0093910 secs] [1 CMS-remark: 14173175K(18874368K)] 14382839K(20761856K), 1.1109090 secs] [Times: user=9.43 sys=0.01, real=1.11 secs] 
7214.683: [CMS-concurrent-sweep-start]
7217.625: [GC 7217.625: [ParNew: 1887488K->209664K(1887488K), 0.7955030 secs] 16060452K->14820613K(20761856K), 0.7958520 secs] [Times: user=10.09 sys=0.00, real=0.80 secs] 
7222.299: [GC 7222.299: [ParNew: 1887488K->209664K(1887488K), 0.7203320 secs] 14523266K->13215872K(20761856K), 0.7206850 secs] [Times: user=8.30 sys=0.03, real=0.72 secs] 
7227.938: [GC 7227.938: [ParNew: 1887488K->209664K(1887488K), 0.6080170 secs] 12047915K->10670252K(20761856K), 0.6084170 secs] [Times: user=7.09 sys=0.02, real=0.61 secs] 
7233.546: [GC 7233.546: [ParNew: 1887488K->209664K(1887488K), 0.8234450 secs] 9790420K->8569553K(20761856K), 0.8237610 secs] [Times: user=9.95 sys=0.04, real=0.82 secs] 
7235.715: [CMS-concurrent-sweep: 18.054/21.032 secs] [Times: user=85.56 sys=0.74, real=21.03 secs] 
7235.715: [CMS-concurrent-reset-start]
7235.756: [CMS-concurrent-reset: 0.041/0.041 secs] [Times: user=0.09 sys=0.00, real=0.04 secs] 
7239.027: [GC 7239.027: [ParNew: 1887488K->209664K(1887488K), 0.9225940 secs] 9709713K->8580683K(20761856K), 0.9229550 secs] [Times: user=11.72 sys=0.02, real=0.92 secs] 
7243.975: [GC 7243.975: [ParNew: 1887488K->209664K(1887488K), 0.7200010 secs] 10258507K->9000427K(20761856K), 0.7203020 secs] [Times: user=9.14 sys=0.03, real=0.72 secs] 
7245.371: [GC 7245.371: [ParNew: 1887488K->209664K(1887488K), 0.5893840 secs] 10678251K->9329425K(20761856K), 0.5896940 secs] [Times: user=6.93 sys=0.05, real=0.59 secs] 
7246.902: [GC 7246.903: [ParNew: 1887488K->209664K(1887488K), 0.5173140 secs] 11007249K->9603153K(20761856K), 0.5176160 secs] [Times: user=6.77 sys=0.04, real=0.52 secs] 
7248.670: [GC 7248.670: [ParNew: 1887488K->209664K(1887488K), 1.0643870 secs] 11280977K->10166464K(20761856K), 1.0647480 secs] [Times: user=12.62 sys=0.02, real=1.07 secs] 
7251.752: [GC 7251.752: [ParNew: 1887488K->209664K(1887488K), 0.9448980 secs] 11844288K->10709304K(20761856K), 0.9451960 secs] [Times: user=12.40 sys=0.03, real=0.95 secs] 
7256.448: [GC 7256.448: [ParNew: 1887488K->209664K(1887488K), 0.8614950 secs] 12387128K->11156562K(20761856K), 0.8618730 secs] [Times: user=10.33 sys=0.01, real=0.86 secs] 
7261.049: [GC 7261.049: [ParNew: 1887488K->209664K(1887488K), 0.3469530 secs] 12834386K->11349523K(20761856K), 0.3472810 secs] [Times: user=4.60 sys=0.01, real=0.34 secs] 
7265.188: [GC 7265.188: [ParNew: 1887488K->209664K(1887488K), 0.3150540 secs] 13027347K->11509951K(20761856K), 0.3153960 secs] [Times: user=3.98 sys=0.02, real=0.31 secs] 
7269.164: [GC 7269.164: [ParNew: 1887488K->209664K(1887488K), 0.3417190 secs] 13187775K->11690602K(20761856K), 0.3420810 secs] [Times: user=4.42 sys=0.01, real=0.34 secs] 
7273.203: [GC 7273.203: [ParNew: 1887488K->209664K(1887488K), 0.3460590 secs] 13368426K->11886185K(20761856K), 0.3464010 secs] [Times: user=4.55 sys=0.02, real=0.35 secs] 
7277.256: [GC 7277.257: [ParNew: 1887488K->209664K(1887488K), 0.3457830 secs] 13564009K->12094443K(20761856K), 0.3461130 secs] [Times: user=4.58 sys=0.01, real=0.35 secs] 
7281.032: [GC 7281.032: [ParNew: 1887488K->209664K(1887488K), 0.7731160 secs] 13772267K->12511376K(20761856K), 0.7734910 secs] [Times: user=9.59 sys=0.01, real=0.77 secs] 
7284.762: [GC 7284.762: [ParNew: 1887488K->209664K(1887488K), 0.8300510 secs] 14189200K->13032220K(20761856K), 0.8304130 secs] [Times: user=11.21 sys=0.01, real=0.83 secs] 
7290.527: [GC 7290.527: [ParNew: 1887488K->209664K(1887488K), 0.4925600 secs] 14710044K->13348057K(20761856K), 0.4929410 secs] [Times: user=6.63 sys=0.01, real=0.49 secs] 
7293.735: [GC 7293.736: [ParNew: 1887488K->209664K(1887488K), 0.7760840 secs] 15025881K->13836480K(20761856K), 0.7764390 secs] [Times: user=10.21 sys=0.02, real=0.78 secs] 
7294.514: [GC [1 CMS-initial-mark: 13626816K(18874368K)] 13836508K(20761856K), 0.3874790 secs] [Times: user=0.38 sys=0.00, real=0.39 secs] 
7294.902: [CMS-concurrent-mark-start]
7296.317: [GC 7296.317: [ParNew: 1887488K->209664K(1887488K), 0.8994140 secs] 15514304K->14402592K(20761856K), 0.8997170 secs] [Times: user=11.87 sys=0.01, real=0.90 secs] 
7298.937: [GC 7298.937: [ParNew: 1887488K->209664K(1887488K), 0.9332610 secs] 16080416K->14973781K(20761856K), 0.9335650 secs] [Times: user=12.52 sys=0.02, real=0.93 secs] 
7300.863: [CMS-concurrent-mark: 4.096/5.961 secs] [Times: user=69.42 sys=0.17, real=5.96 secs] 
7300.863: [CMS-concurrent-preclean-start]
7302.605: [GC 7302.605: [ParNew: 1887488K->209664K(1887488K), 0.8126080 secs] 16651605K->15418116K(20761856K), 0.8129210 secs] [Times: user=10.33 sys=0.01, real=0.81 secs] 
7305.519: [GC 7305.519: [ParNew: 1887488K->209664K(1887488K), 0.9306320 secs] 17095940K->15942516K(20761856K), 0.9309710 secs] [Times: user=11.85 sys=0.02, real=0.93 secs] 
7307.853: [GC 7307.853: [ParNew: 1887488K->209664K(1887488K), 1.0255000 secs] 17620340K->16546713K(20761856K), 1.0258160 secs] [Times: user=13.67 sys=0.02, real=1.03 secs] 
7310.850: [GC 7310.851: [ParNew: 1887488K->209664K(1887488K), 0.9624550 secs] 18224537K->17118539K(20761856K), 0.9627550 secs] [Times: user=12.99 sys=0.01, real=0.96 secs] 
7311.873: [CMS-concurrent-preclean: 7.222/11.010 secs] [Times: user=85.41 sys=0.45, real=11.00 secs] 
7311.873: [CMS-concurrent-abortable-preclean-start]
7312.919: [GC 7312.919: [ParNew: 1887488K->209664K(1887488K), 1.0156830 secs] 18796363K->17665875K(20761856K), 1.0159730 secs] [Times: user=12.56 sys=0.01, real=1.01 secs] 
7315.087: [GC 7315.087: [ParNew: 1887488K->209664K(1887488K), 0.9888160 secs] 19343699K->18225949K(20761856K), 0.9890990 secs] [Times: user=12.61 sys=0.03, real=0.99 secs] 
7317.323: [GC 7317.323: [ParNew: 1887425K->209662K(1887488K), 0.9777170 secs] 19903710K->18806506K(20761856K), 0.9779950 secs] [Times: user=12.74 sys=0.02, real=0.98 secs] 
 CMS: abort preclean due to time 7318.366: [CMS-concurrent-abortable-preclean: 3.469/6.493 secs] [Times: user=71.51 sys=0.32, real=6.50 secs] 
7318.368: [GC[YG occupancy: 369659 K (1887488 K)]7318.369: [GC 7318.369: [ParNew: 369659K->369659K(1887488K), 0.0000190 secs] 18966502K->18966502K(20761856K), 0.0001610 secs] [Times: user=0.00 sys=0.00, real=0.00 secs] 
7318.369: [Rescan (parallel) , 0.3776080 secs]7318.746: [weak refs processing, 0.1241190 secs]7318.871: [class unloading, 0.0432330 secs]7318.914: [scrub symbol & string tables, 0.0079140 secs] [1 CMS-remark: 18596843K(18874368K)] 18966502K(20761856K), 0.6020850 secs] [Times: user=7.01 sys=0.00, real=0.60 secs] 
7318.972: [CMS-concurrent-sweep-start]
7327.540: [Full GC 7327.540: [CMS7341.589: [CMS-concurrent-sweep: 18.493/22.617 secs] [Times: user=39.66 sys=4.25, real=22.62 secs] 
 (concurrent mode failure): 18714508K->6857631K(18874368K), 45.8196360 secs] 20601995K->6857631K(20761856K), [CMS Perm : 68697K->68174K(114572K)], 45.8199660 secs] [Times: user=45.82 sys=0.01, real=45.81 secs] 
7374.860: [GC 7374.860: [ParNew: 1677824K->209664K(1887488K), 0.5648350 secs] 8535455K->7293395K(20761856K), 0.5651550 secs] [Times: user=7.14 sys=0.03, real=0.57 secs] 
7377.931: [GC 7377.931: [ParNew: 1887488K->209664K(1887488K), 0.7193670 secs] 8971219K->7716912K(20761856K), 0.7196560 secs] [Times: user=8.91 sys=0.06, real=0.72 secs] 
7381.648: [GC 7381.648: [ParNew: 1887488K->209662K(1887488K), 0.3213460 secs] 9394736K->7920518K(20761856K), 0.3216390 secs] [Times: user=4.61 sys=0.02, real=0.32 secs] 
7384.900: [GC 7384.900: [ParNew: 1887486K->209664K(1887488K), 0.2635920 secs] 9598342K->8064336K(20761856K), 0.2638760 secs] [Times: user=3.84 sys=0.02, real=0.26 secs] 
7388.253: [GC 7388.253: [ParNew: 1887488K->207002K(1887488K), 0.3044110 secs] 9742160K->8199069K(20761856K), 0.3046910 secs] [Times: user=4.35 sys=0.01, real=0.31 secs] 
7391.683: [GC 7391.683: [ParNew: 1884826K->209664K(1887488K), 0.2602410 secs] 9876893K->8341290K(20761856K), 0.2605320 secs] [Times: user=3.62 sys=0.01, real=0.26 secs] 
7395.580: [GC 7395.580: [ParNew: 1887488K->209664K(1887488K), 0.2981390 secs] 10019114K->8522272K(20761856K), 0.2984220 secs] [Times: user=4.08 sys=0.01, real=0.30 secs] 
7399.288: [GC 7399.288: [ParNew: 1887488K->209664K(1887488K), 0.3049830 secs] 10200096K->8701475K(20761856K), 0.3052590 secs] [Times: user=4.27 sys=0.02, real=0.31 secs] 
7403.438: [GC 7403.438: [ParNew: 1887488K->209664K(1887488K), 0.3137060 secs] 10379299K->8909242K(20761856K), 0.3139880 secs] [Times: user=4.44 sys=0.01, real=0.32 secs] 
7407.359: [GC 7407.359: [ParNew: 1887481K->209664K(1887488K), 0.3399200 secs] 10587060K->9101070K(20761856K), 0.3402580 secs] [Times: user=4.54 sys=0.01, real=0.34 secs] 
7410.086: [GC 7410.086: [ParNew: 1887488K->209664K(1887488K), 0.9885740 secs] 10778894K->9635009K(20761856K), 0.9889330 secs] [Times: user=11.86 sys=0.01, real=0.99 secs] 
7414.263: [GC 7414.263: [ParNew: 1887488K->209664K(1887488K), 0.8436190 secs] 11312833K->10139886K(20761856K), 0.8439580 secs] [Times: user=11.21 sys=0.02, real=0.84 secs] 
7419.006: [GC 7419.006: [ParNew: 1887372K->209664K(1887488K), 0.5172020 secs] 11817595K->10429058K(20761856K), 0.5175820 secs] [Times: user=6.62 sys=0.02, real=0.52 secs] 
7421.955: [GC 7421.955: [ParNew: 1887488K->209664K(1887488K), 0.9775580 secs] 12106882K->10992309K(20761856K), 0.9779280 secs] [Times: user=11.98 sys=0.02, real=0.98 secs] 
7426.963: [GC 7426.963: [ParNew: 1887488K->209664K(1887488K), 0.6148100 secs] 12670133K->11299563K(20761856K), 0.6151630 secs] [Times: user=7.55 sys=0.00, real=0.61 secs] 
7432.315: [GC 7432.315: [ParNew: 1887488K->209664K(1887488K), 0.4878450 secs] 12977387K->11546020K(20761856K), 0.4882000 secs] [Times: user=5.88 sys=0.01, real=0.49 secs] 
7437.829: [GC 7437.830: [ParNew: 1887488K->209664K(1887488K), 0.5698860 secs] 13223844K->11815754K(20761856K), 0.5702510 secs] [Times: user=6.76 sys=0.01, real=0.57 secs] 
7443.485: [GC 7443.486: [ParNew: 1887488K->209664K(1887488K), 0.8704810 secs] 13493578K->12317222K(20761856K), 0.8708280 secs] [Times: user=11.23 sys=0.01, real=0.87 secs] 
7449.505: [GC 7449.505: [ParNew: 1887488K->209664K(1887488K), 0.8603500 secs] 13995046K->12820134K(20761856K), 0.8606960 secs] [Times: user=11.26 sys=0.00, real=0.87 secs] 
7454.980: [GC 7454.980: [ParNew: 1887488K->209664K(1887488K), 0.5635200 secs] 14497958K->13107109K(20761856K), 0.5638820 secs] [Times: user=6.87 sys=0.00, real=0.56 secs] 
7459.633: [GC 7459.633: [ParNew: 1887488K->201366K(1887488K), 0.2747710 secs] 14784933K->13283305K(20761856K), 0.2751190 secs] [Times: user=3.39 sys=0.01, real=0.28 secs] 
7465.147: [GC 7465.147: [ParNew: 1879190K->209664K(1887488K), 0.6098270 secs] 14961129K->13570002K(20761856K), 0.6101660 secs] [Times: user=8.05 sys=0.01, real=0.61 secs] 
7465.760: [GC [1 CMS-initial-mark: 13360338K(18874368K)] 13570469K(20761856K), 0.6230190 secs] [Times: user=0.62 sys=0.00, real=0.62 secs] 
7466.383: [CMS-concurrent-mark-start]
7469.526: [CMS-concurrent-mark: 3.133/3.143 secs] [Times: user=22.07 sys=0.05, real=3.14 secs] 
7469.526: [CMS-concurrent-preclean-start]
7469.724: [GC 7469.724: [ParNew: 1887488K->209664K(1887488K), 0.8697620 secs] 15247826K->14094655K(20761856K), 0.8700570 secs] [Times: user=11.52 sys=0.02, real=0.87 secs] 
7470.662: [CMS-concurrent-preclean: 0.262/1.136 secs] [Times: user=13.72 sys=0.03, real=1.14 secs] 
7470.662: [CMS-concurrent-abortable-preclean-start]
7474.547: [CMS-concurrent-abortable-preclean: 3.879/3.885 secs] [Times: user=8.58 sys=0.11, real=3.88 secs] 
7474.549: [GC[YG occupancy: 1687481 K (1887488 K)]7474.549: [GC 7474.550: [ParNew: 1687481K->209664K(1887488K), 0.5082990 secs] 15572472K->14309462K(20761856K), 0.5086560 secs] [Times: user=5.84 sys=0.00, real=0.50 secs] 
7475.058: [Rescan (parallel) , 0.1049540 secs]7475.163: [weak refs processing, 2.0399320 secs]7477.203: [class unloading, 0.0358250 secs]7477.239: [scrub symbol & string tables, 0.0072180 secs] [1 CMS-remark: 14099798K(18874368K)] 14309462K(20761856K), 2.7754550 secs] [Times: user=9.84 sys=0.01, real=2.77 secs] 
7477.325: [CMS-concurrent-sweep-start]
7481.920: [GC 7481.920: [ParNew: 1887488K->209664K(1887488K), 0.5967450 secs] 15180635K->13776843K(20761856K), 0.5970990 secs] [Times: user=7.04 sys=0.03, real=0.60 secs] 
7487.691: [GC 7487.691: [ParNew: 1887488K->209664K(1887488K), 0.9493070 secs] 12675960K->11541588K(20761856K), 0.9496540 secs] [Times: user=11.46 sys=0.03, real=0.95 secs] 
7493.713: [GC 7493.713: [ParNew: 1887488K->209664K(1887488K), 0.8595810 secs] 10567890K->9430173K(20761856K), 0.8598790 secs] [Times: user=11.43 sys=0.02, real=0.86 secs] 
7495.766: [CMS-concurrent-sweep: 16.026/18.441 secs] [Times: user=67.08 sys=0.37, real=18.44 secs] 
7495.766: [CMS-concurrent-reset-start]
7495.806: [CMS-concurrent-reset: 0.039/0.039 secs] [Times: user=0.08 sys=0.00, real=0.04 secs] 
7496.898: [GC 7496.898: [ParNew: 1887487K->209664K(1887488K), 0.7192020 secs] 10606648K->9289967K(20761856K), 0.7195510 secs] [Times: user=8.41 sys=0.02, real=0.72 secs] 
7498.172: [GC 7498.172: [ParNew: 1887488K->209664K(1887488K), 0.4722780 secs] 10967791K->9544774K(20761856K), 0.4726140 secs] [Times: user=5.94 sys=0.02, real=0.48 secs] 
7499.706: [GC 7499.706: [ParNew: 1887488K->209664K(1887488K), 0.7209510 secs] 11222598K->9898915K(20761856K), 0.7212920 secs] [Times: user=8.51 sys=0.02, real=0.72 secs] 
7502.196: [GC 7502.196: [ParNew: 1887488K->209664K(1887488K), 0.9682220 secs] 11576739K->10451593K(20761856K), 0.9685650 secs] [Times: user=12.43 sys=0.02, real=0.96 secs] 
7505.187: [GC 7505.188: [ParNew: 1887488K->209664K(1887488K), 0.9212770 secs] 12129417K->10981184K(20761856K), 0.9215750 secs] [Times: user=11.33 sys=0.03, real=0.92 secs] 
7509.906: [GC 7509.907: [ParNew: 1887488K->209664K(1887488K), 0.6447240 secs] 12659008K->11321875K(20761856K), 0.6450590 secs] [Times: user=8.17 sys=0.02, real=0.64 secs] 
7513.908: [GC 7513.908: [ParNew: 1887488K->209664K(1887488K), 0.5631290 secs] 12999699K->11623803K(20761856K), 0.5634960 secs] [Times: user=7.06 sys=0.01, real=0.56 secs] 
7517.462: [GC 7517.462: [ParNew: 1887488K->209664K(1887488K), 0.9121380 secs] 13301627K->12120401K(20761856K), 0.9125040 secs] [Times: user=11.04 sys=0.01, real=0.91 secs] 
7522.212: [GC 7522.212: [ParNew: 1887488K->209664K(1887488K), 0.7011720 secs] 13798225K->12533832K(20761856K), 0.7015390 secs] [Times: user=8.93 sys=0.00, real=0.70 secs] 
7525.936: [GC 7525.937: [ParNew: 1887488K->209664K(1887488K), 0.5033510 secs] 14211656K->12866430K(20761856K), 0.5036820 secs] [Times: user=6.94 sys=0.01, real=0.51 secs] 
7528.149: [GC 7528.149: [ParNew: 1887488K->209664K(1887488K), 0.9052500 secs] 14544254K->13427113K(20761856K), 0.9055820 secs] [Times: user=11.74 sys=0.01, real=0.90 secs] 
7529.057: [GC [1 CMS-initial-mark: 13217449K(18874368K)] 13427305K(20761856K), 0.4140580 secs] [Times: user=0.41 sys=0.00, real=0.42 secs] 
7529.472: [CMS-concurrent-mark-start]
7531.040: [GC 7531.040: [ParNew: 1887488K->209664K(1887488K), 0.9239910 secs] 15104937K->13987592K(20761856K), 0.9242960 secs] [Times: user=12.31 sys=0.02, real=0.92 secs] 
7533.516: [GC 7533.517: [ParNew: 1887488K->209664K(1887488K), 0.9544390 secs] 15665416K->14569352K(20761856K), 0.9547420 secs] [Times: user=12.61 sys=0.02, real=0.96 secs] 
7535.905: [CMS-concurrent-mark: 4.456/6.434 secs] [Times: user=70.20 sys=0.28, real=6.43 secs] 
7535.905: [CMS-concurrent-preclean-start]
7537.499: [GC 7537.500: [ParNew: 1887488K->209664K(1887488K), 0.7873260 secs] 16247176K->15012859K(20761856K), 0.7876250 secs] [Times: user=10.38 sys=0.01, real=0.78 secs] 
7540.327: [GC 7540.328: [ParNew: 1887488K->209662K(1887488K), 0.8781600 secs] 16690683K->15535550K(20761856K), 0.8785070 secs] [Times: user=11.93 sys=0.02, real=0.88 secs] 
7543.048: [GC 7543.048: [ParNew: 1887486K->209664K(1887488K), 0.9972840 secs] 17213374K->16115948K(20761856K), 0.9975950 secs] [Times: user=13.29 sys=0.02, real=1.00 secs] 
7545.609: [GC 7545.609: [ParNew: 1887488K->209664K(1887488K), 1.0472180 secs] 17793772K->16722702K(20761856K), 1.0475200 secs] [Times: user=13.64 sys=0.02, real=1.05 secs] 
7547.997: [GC 7547.997: [ParNew: 1887488K->209664K(1887488K), 1.0525490 secs] 18400526K->17259060K(20761856K), 1.0528520 secs] [Times: user=12.57 sys=0.01, real=1.05 secs] 
7550.485: [GC 7550.485: [ParNew: 1887488K->209664K(1887488K), 1.0326970 secs] 18936884K->17811733K(20761856K), 1.0330000 secs] [Times: user=12.52 sys=0.02, real=1.03 secs] 
7552.988: [GC 7552.988: [ParNew: 1887488K->209664K(1887488K), 1.0036490 secs] 19489557K->18380916K(20761856K), 1.0039610 secs] [Times: user=12.80 sys=0.02, real=1.01 secs] 
7555.350: [GC 7555.350: [ParNew: 1887488K->209663K(1887488K), 0.9206650 secs] 20058740K->18904062K(20761856K), 0.9209590 secs] [Times: user=12.00 sys=0.01, real=0.92 secs] 
7556.470: [GC 7556.470: [ParNew: 422902K->422902K(1887488K), 0.0000270 secs] 19117301K->19117301K(20761856K), 0.0002150 secs] [Times: user=0.00 sys=0.00, real=0.00 secs] 
7558.107: [CMS-concurrent-preclean: 14.411/22.202 secs] [Times: user=193.47 sys=0.96, real=22.20 secs] 
7558.107: [CMS-concurrent-abortable-preclean-start]
7558.107: [CMS-concurrent-abortable-preclean: 0.000/0.000 secs] [Times: user=0.00 sys=0.00, real=0.00 secs] 
7558.109: [GC[YG occupancy: 470656 K (1887488 K)]7558.109: [GC 7558.109: [ParNew: 470656K->470656K(1887488K), 0.0000180 secs] 19165054K->19165054K(20761856K), 0.0001510 secs] [Times: user=0.00 sys=0.00, real=0.00 secs] 
7558.109: [Rescan (parallel) , 0.3204530 secs]7558.430: [weak refs processing, 0.1292170 secs]7558.559: [class unloading, 0.0141750 secs]7558.573: [scrub symbol & string tables, 0.0072390 secs] [1 CMS-remark: 18694398K(18874368K)] 19165054K(20761856K), 0.5117070 secs] [Times: user=4.94 sys=0.01, real=0.51 secs] 
7558.622: [CMS-concurrent-sweep-start]
7574.541: [CMS-concurrent-sweep: 15.912/15.919 secs] [Times: user=17.88 sys=0.02, real=15.92 secs] 
7574.541: [CMS-concurrent-reset-start]
7574.580: [CMS-concurrent-reset: 0.039/0.039 secs] [Times: user=0.04 sys=0.00, real=0.04 secs] 
7574.581: [GC [1 CMS-initial-mark: 11049801K(18874368K)] 11549568K(20761856K), 0.9796370 secs] [Times: user=0.98 sys=0.00, real=0.98 secs] 
7575.561: [CMS-concurrent-mark-start]
7578.949: [CMS-concurrent-mark: 3.388/3.388 secs] [Times: user=16.95 sys=0.00, real=3.39 secs] 
7578.950: [CMS-concurrent-preclean-start]
7579.291: [CMS-concurrent-preclean: 0.330/0.342 secs] [Times: user=0.34 sys=0.00, real=0.34 secs] 
7579.292: [CMS-concurrent-abortable-preclean-start]
 CMS: abort preclean due to time 7586.530: [CMS-concurrent-abortable-preclean: 7.238/7.238 secs] [Times: user=7.25 sys=0.00, real=7.24 secs] 
7586.532: [GC[YG occupancy: 502050 K (1887488 K)]7586.532: [GC 7586.532: [ParNew: 502050K->209663K(1887488K), 0.2626250 secs] 11551852K->11427839K(20761856K), 0.2628840 secs] [Times: user=3.49 sys=0.01, real=0.26 secs] 
7586.795: [Rescan (parallel) , 0.0878340 secs]7586.883: [weak refs processing, 0.1676240 secs]7587.050: [class unloading, 0.0398870 secs]7587.090: [scrub symbol & string tables, 0.0075180 secs] [1 CMS-remark: 11218175K(18874368K)] 11427839K(20761856K), 0.6939950 secs] [Times: user=5.38 sys=0.01, real=0.69 secs] 
7587.226: [CMS-concurrent-sweep-start]
7612.211: [CMS-concurrent-sweep: 24.970/24.985 secs] [Times: user=29.30 sys=0.02, real=24.99 secs] 
7612.211: [CMS-concurrent-reset-start]
7612.250: [CMS-concurrent-reset: 0.039/0.039 secs] [Times: user=0.04 sys=0.00, real=0.03 secs] 
7646.551: [GC 7646.551: [ParNew: 1887487K->101838K(1887488K), 0.0922230 secs] 8293877K->6508228K(20761856K), 0.0925990 secs] [Times: user=1.59 sys=0.01, real=0.09 secs] 
7650.210: [GC 7650.210: [ParNew: 1779662K->101275K(1887488K), 0.0491180 secs] 8186052K->6507665K(20761856K), 0.0494380 secs] [Times: user=0.81 sys=0.00, real=0.05 secs] 
7654.044: [GC 7654.044: [ParNew: 1779099K->114417K(1887488K), 0.0558590 secs] 8185489K->6520806K(20761856K), 0.0561560 secs] [Times: user=0.95 sys=0.01, real=0.06 secs] 
7671.571: [GC 7671.571: [ParNew: 1792241K->168192K(1887488K), 0.1173880 secs] 8198630K->6586861K(20761856K), 0.1177730 secs] [Times: user=1.68 sys=0.00, real=0.11 secs] 
7679.622: [GC 7679.623: [ParNew: 1846016K->209664K(1887488K), 0.1522630 secs] 8264685K->6681418K(20761856K), 0.1526210 secs] [Times: user=2.22 sys=0.01, real=0.15 secs] 
7691.895: [GC 7691.896: [ParNew: 1887488K->207221K(1887488K), 0.1887890 secs] 8359242K->6846774K(20761856K), 0.1890810 secs] [Times: user=2.37 sys=0.04, real=0.19 secs] 
7693.937: [GC 7693.937: [ParNew: 1885045K->135282K(1887488K), 0.1071780 secs] 8524598K->6902073K(20761856K), 0.1074500 secs] [Times: user=1.45 sys=0.01, real=0.11 secs] 
7696.303: [GC 7696.303: [ParNew: 1813106K->153400K(1887488K), 0.0870950 secs] 8579897K->6920191K(20761856K), 0.0874210 secs] [Times: user=1.55 sys=0.01, real=0.09 secs] 
7697.405: [GC 7697.406: [ParNew: 1831224K->100550K(1887488K), 0.1208190 secs] 8598015K->6985865K(20761856K), 0.1211830 secs] [Times: user=1.48 sys=0.00, real=0.12 secs] 
7699.737: [GC 7699.737: [ParNew: 1778374K->42573K(1887488K), 0.0375290 secs] 8663689K->6927888K(20761856K), 0.0379300 secs] [Times: user=0.68 sys=0.00, real=0.04 secs] 
7701.261: [GC 7701.262: [ParNew: 1720397K->47708K(1887488K), 0.0392020 secs] 8605712K->6933023K(20761856K), 0.0395900 secs] [Times: user=0.67 sys=0.00, real=0.04 secs] 
7702.538: [GC 7702.539: [ParNew: 1725532K->50374K(1887488K), 0.0387380 secs] 8610847K->6935689K(20761856K), 0.0391180 secs] [Times: user=0.66 sys=0.00, real=0.04 secs] 
7703.060: [GC 7703.060: [ParNew: 1728198K->55566K(1887488K), 0.0386440 secs] 8613513K->6944247K(20761856K), 0.0389320 secs] [Times: user=0.65 sys=0.00, real=0.04 secs] 
7703.504: [GC 7703.504: [ParNew: 1733390K->38120K(1887488K), 0.0461270 secs] 8622071K->6947802K(20761856K), 0.0464270 secs] [Times: user=0.67 sys=0.00, real=0.05 secs] 
7707.026: [GC 7707.026: [ParNew: 1715944K->83086K(1887488K), 0.0806960 secs] 8625626K->7001278K(20761856K), 0.0810080 secs] [Times: user=1.27 sys=0.00, real=0.09 secs] 
7708.587: [GC 7708.587: [ParNew: 1760910K->128619K(1887488K), 0.0837030 secs] 8679102K->7051276K(20761856K), 0.0840810 secs] [Times: user=1.31 sys=0.00, real=0.08 secs] 
7709.442: [GC 7709.442: [ParNew: 1806443K->128573K(1887488K), 0.0679450 secs] 8729100K->7051230K(20761856K), 0.0682320 secs] [Times: user=1.16 sys=0.00, real=0.07 secs] 
7710.172: [GC 7710.172: [ParNew: 1806397K->116589K(1887488K), 0.0667350 secs] 8729054K->7039245K(20761856K), 0.0670130 secs] [Times: user=1.14 sys=0.00, real=0.07 secs] 
7710.743: [GC 7710.744: [ParNew: 1794413K->97930K(1887488K), 0.1009080 secs] 8717069K->7090531K(20761856K), 0.1012020 secs] [Times: user=1.26 sys=0.02, real=0.10 secs] 
7711.415: [GC 7711.415: [ParNew: 1775754K->22827K(1887488K), 0.0425210 secs] 8768355K->7039117K(20761856K), 0.0427970 secs] [Times: user=0.60 sys=0.00, real=0.05 secs] 
7712.002: [GC 7712.002: [ParNew: 1700651K->6038K(1887488K), 0.0200220 secs] 8716941K->7022689K(20761856K), 0.0203090 secs] [Times: user=0.35 sys=0.00, real=0.02 secs] 
7712.567: [GC 7712.567: [ParNew: 1683862K->1659K(1887488K), 0.0210440 secs] 8700513K->7019134K(20761856K), 0.0213170 secs] [Times: user=0.35 sys=0.00, real=0.02 secs] 
7713.514: [GC 7713.514: [ParNew: 1679483K->27890K(1887488K), 0.0457260 secs] 8696958K->7045366K(20761856K), 0.0460980 secs] [Times: user=0.68 sys=0.00, real=0.05 secs] 
7714.160: [GC 7714.160: [ParNew: 1705714K->43282K(1887488K), 0.0409350 secs] 8723190K->7060758K(20761856K), 0.0413020 secs] [Times: user=0.65 sys=0.00, real=0.04 secs] 
7718.039: [GC 7718.039: [ParNew: 1721106K->110857K(1887488K), 0.1077560 secs] 8738582K->7128343K(20761856K), 0.1080620 secs] [Times: user=1.49 sys=0.00, real=0.10 secs] 
7721.500: [GC 7721.500: [ParNew: 1788681K->170624K(1887488K), 0.1307470 secs] 8806167K->7188110K(20761856K), 0.1312160 secs] [Times: user=1.93 sys=0.02, real=0.13 secs] 
7722.972: [GC 7722.972: [ParNew: 1848448K->158271K(1887488K), 0.1194090 secs] 8865934K->7199267K(20761856K), 0.1198280 secs] [Times: user=1.64 sys=0.01, real=0.12 secs] 
7724.314: [GC 7724.314: [ParNew: 1836095K->144680K(1887488K), 0.0973620 secs] 8877091K->7190617K(20761856K), 0.0977720 secs] [Times: user=1.51 sys=0.01, real=0.10 secs] 
7726.560: [GC 7726.560: [ParNew: 1822504K->114332K(1887488K), 0.1281750 secs] 8868441K->7218205K(20761856K), 0.1285860 secs] [Times: user=1.70 sys=0.01, real=0.13 secs] 
7727.271: [GC 7727.271: [ParNew: 1792156K->58946K(1887488K), 0.0808240 secs] 8896029K->7199566K(20761856K), 0.0812000 secs] [Times: user=1.06 sys=0.00, real=0.08 secs] 
7727.895: [GC 7727.895: [ParNew: 1736770K->33405K(1887488K), 0.0312830 secs] 8877390K->7176921K(20761856K), 0.0315850 secs] [Times: user=0.53 sys=0.00, real=0.03 secs] 
7729.415: [GC 7729.415: [ParNew: 1711229K->70561K(1887488K), 0.0748060 secs] 8854745K->7225304K(20761856K), 0.0752040 secs] [Times: user=1.13 sys=0.00, real=0.08 secs] 
7732.613: [GC 7732.613: [ParNew: 1748385K->105392K(1887488K), 0.0826300 secs] 8903128K->7271681K(20761856K), 0.0829760 secs] [Times: user=1.25 sys=0.00, real=0.08 secs] 
7733.402: [GC 7733.402: [ParNew: 1783216K->111942K(1887488K), 0.0609910 secs] 8949505K->7278231K(20761856K), 0.0613070 secs] [Times: user=1.04 sys=0.00, real=0.06 secs] 
7734.149: [GC 7734.149: [ParNew: 1789766K->113717K(1887488K), 0.0599460 secs] 8956055K->7280007K(20761856K), 0.0602510 secs] [Times: user=1.01 sys=0.00, real=0.06 secs] 
7734.752: [GC 7734.752: [ParNew: 1791541K->77600K(1887488K), 0.0880900 secs] 8957831K->7293054K(20761856K), 0.0883910 secs] [Times: user=1.09 sys=0.01, real=0.09 secs] 
7735.411: [GC 7735.411: [ParNew: 1755424K->23848K(1887488K), 0.0520960 secs] 8970878K->7268413K(20761856K), 0.0524290 secs] [Times: user=0.67 sys=0.00, real=0.05 secs] 
7736.075: [GC 7736.076: [ParNew: 1701672K->6384K(1887488K), 0.0232720 secs] 8946237K->7251123K(20761856K), 0.0235840 secs] [Times: user=0.38 sys=0.01, real=0.02 secs] 
7736.718: [GC 7736.718: [ParNew: 1684208K->2034K(1887488K), 0.0258620 secs] 8928947K->7247673K(20761856K), 0.0261670 secs] [Times: user=0.40 sys=0.00, real=0.03 secs] 
7737.721: [GC 7737.721: [ParNew: 1679858K->10777K(1887488K), 0.0308650 secs] 8925497K->7256528K(20761856K), 0.0312260 secs] [Times: user=0.47 sys=0.01, real=0.03 secs] 
7741.752: [GC 7741.752: [ParNew: 1688601K->34859K(1887488K), 0.0458360 secs] 8934352K->7280610K(20761856K), 0.0462210 secs] [Times: user=0.71 sys=0.00, real=0.04 secs] 
7744.296: [GC 7744.297: [ParNew: 1712683K->77901K(1887488K), 0.0743990 secs] 8958434K->7323664K(20761856K), 0.0747680 secs] [Times: user=1.11 sys=0.00, real=0.08 secs] 
7746.108: [GC 7746.108: [ParNew: 1755725K->97846K(1887488K), 0.0607900 secs] 9001488K->7343611K(20761856K), 0.0611120 secs] [Times: user=1.04 sys=0.00, real=0.06 secs] 
7747.807: [GC 7747.807: [ParNew: 1775670K->102850K(1887488K), 0.0708990 secs] 9021435K->7355638K(20761856K), 0.0712740 secs] [Times: user=1.16 sys=0.00, real=0.07 secs] 
7749.048: [GC 7749.049: [ParNew: 1780674K->90929K(1887488K), 0.0732000 secs] 9033462K->7363756K(20761856K), 0.0735680 secs] [Times: user=1.12 sys=0.00, real=0.08 secs] 
7749.696: [GC 7749.696: [ParNew: 1768753K->63877K(1887488K), 0.0679200 secs] 9041580K->7368868K(20761856K), 0.0682450 secs] [Times: user=0.92 sys=0.01, real=0.07 secs] 
7750.299: [GC 7750.299: [ParNew: 1741701K->27376K(1887488K), 0.0364280 secs] 9046692K->7339846K(20761856K), 0.0367390 secs]