20.281: [Full GC 20.281: [CMS: 0K->4796K(3704448K), 0.9992390 secs] 109814K->4796K(4145344K), [CMS Perm : 21247K->21203K(21248K)], 1.0010371 secs] [Times: user=0.88 sys=0.13, real=1.00 secs] 
32.743: [GC 32.743: [ParNew: 391936K->18964K(440896K), 0.1304847 secs] 396732K->23761K(4145344K), 0.1309069 secs] [Times: user=1.13 sys=0.21, real=0.13 secs] 
59.551: [Full GC 59.551: [CMS: 4796K->28797K(3704448K), 1.7859562 secs] 246988K->28797K(4145344K), [CMS Perm : 35281K->35261K(35344K)], 1.7883224 secs] [Times: user=1.75 sys=0.04, real=1.79 secs] 
84.639: [GC 84.639: [ParNew: 391936K->48960K(440896K), 0.3146046 secs] 420733K->82808K(4145344K), 0.3149430 secs] [Times: user=1.58 sys=0.14, real=0.32 secs] 
1046.191: [GC 1046.191: [ParNew: 440896K->48959K(440896K), 0.7535437 secs] 474744K->131893K(4145344K), 0.7539353 secs] [Times: user=4.21 sys=0.34, real=0.75 secs] 
1056.399: [GC 1056.399: [ParNew: 440895K->36291K(440896K), 0.5547601 secs] 523829K->145864K(4145344K), 0.5551445 secs] [Times: user=2.48 sys=0.09, real=0.56 secs] 
1070.592: [GC 1070.593: [ParNew: 428227K->32818K(440896K), 0.4129755 secs] 537800K->148884K(4145344K), 0.4133736 secs] [Times: user=1.25 sys=0.03, real=0.41 secs] 
1081.072: [GC 1081.072: [ParNew: 424754K->46892K(440896K), 0.6718294 secs] 540820K->173432K(4145344K), 0.6722222 secs] [Times: user=1.38 sys=0.02, real=0.67 secs] 
1089.924: [GC 1089.925: [ParNew: 438828K->41960K(440896K), 0.5114800 secs] 565368K->178609K(4145344K), 0.5118662 secs] [Times: user=1.33 sys=0.04, real=0.51 secs] 
1102.796: [GC 1102.796: [ParNew: 433896K->37880K(440896K), 0.4921124 secs] 570545K->189029K(4145344K), 0.4925058 secs] [Times: user=1.70 sys=0.05, real=0.49 secs] 
1107.647: [Full GC 1107.647: [CMS: 151149K->114864K(3704448K), 5.1484174 secs] 394254K->114864K(4145344K), [CMS Perm : 58650K->58274K(58776K)], 5.1518871 secs] [Times: user=5.16 sys=0.01, real=5.15 secs] 
1119.195: [GC 1119.195: [ParNew: 391936K->48960K(440896K), 0.8184148 secs] 506800K->166673K(4145344K), 0.8188597 secs] [Times: user=1.41 sys=0.01, real=0.82 secs] 
1127.335: [GC 1127.335: [ParNew: 440896K->41015K(440896K), 0.5747934 secs] 558609K->171956K(4145344K), 0.5751844 secs] [Times: user=1.37 sys=0.03, real=0.58 secs] 
1139.819: [GC 1139.819: [ParNew: 432951K->48960K(440896K), 1.3806830 secs] 563892K->201623K(4145344K), 1.3810959 secs] [Times: user=1.97 sys=0.01, real=1.38 secs] 
1147.987: [GC 1147.987: [ParNew: 440896K->34821K(440896K), 0.7739523 secs] 593559K->231016K(4145344K), 0.7743660 secs] [Times: user=3.02 sys=0.17, real=0.77 secs] 
1161.803: [GC 1161.804: [ParNew: 426757K->48960K(440896K), 1.3442786 secs] 622952K->265035K(4145344K), 1.3447174 secs] [Times: user=1.91 sys=0.05, real=1.34 secs] 
1168.129: [GC 1168.129: [ParNew: 440896K->41329K(440896K), 0.7304589 secs] 656971K->299808K(4145344K), 0.7308962 secs] [Times: user=3.00 sys=0.11, real=0.73 secs] 
1181.766: [GC 1181.766: [ParNew: 433265K->48959K(440896K), 1.1723863 secs] 691744K->327136K(4145344K), 1.1728027 secs] [Times: user=1.96 sys=0.05, real=1.17 secs] 
1197.977: [GC 1197.977: [ParNew: 440895K->48960K(440896K), 2.0154758 secs] 719072K->388369K(4145344K), 2.0159778 secs] [Times: user=4.26 sys=0.14, real=2.02 secs] 
1210.883: [GC 1210.883: [ParNew: 440896K->48960K(440896K), 1.4436027 secs] 780305K->439674K(4145344K), 1.4440281 secs] [Times: user=3.67 sys=0.11, real=1.44 secs] 
1218.785: [GC 1218.785: [ParNew: 440896K->40761K(440896K), 0.7709747 secs] 831610K->468127K(4145344K), 0.7714083 secs] [Times: user=2.73 sys=0.10, real=0.77 secs] 
1236.184: [GC 1236.185: [ParNew: 432697K->48960K(440896K), 1.4267141 secs] 860063K->498078K(4145344K), 1.4271685 secs] [Times: user=2.11 sys=0.04, real=1.43 secs] 
1253.646: [GC 1253.646: [ParNew: 440896K->48959K(440896K), 1.4061718 secs] 890014K->547454K(4145344K), 1.4067144 secs] [Times: user=3.78 sys=0.12, real=1.41 secs] 
1264.650: [GC 1264.650: [ParNew: 440895K->48960K(440896K), 1.6046419 secs] 939390K->602290K(4145344K), 1.6050451 secs] [Times: user=3.85 sys=0.13, real=1.61 secs] 
1277.205: [GC 1277.205: [ParNew: 440896K->48960K(440896K), 1.1492377 secs] 994226K->649650K(4145344K), 1.1496826 secs] [Times: user=3.38 sys=0.11, real=1.15 secs] 
1286.897: [GC 1286.897: [ParNew: 440896K->48960K(440896K), 0.9859854 secs] 1041586K->691677K(4145344K), 0.9863511 secs] [Times: user=3.02 sys=0.10, real=0.99 secs] 
1303.798: [GC 1303.798: [ParNew: 440405K->48960K(440896K), 0.9414810 secs] 1083123K->727516K(4145344K), 0.9419091 secs] [Times: user=2.91 sys=0.10, real=0.94 secs] 
1327.443: [GC 1327.443: [ParNew: 440896K->48960K(440896K), 1.5456719 secs] 1119452K->766878K(4145344K), 1.5460522 secs] [Times: user=2.77 sys=0.09, real=1.55 secs] 
1339.050: [GC 1339.050: [ParNew: 440896K->48959K(440896K), 1.7140020 secs] 1158814K->820360K(4145344K), 1.7144044 secs] [Times: user=3.83 sys=0.12, real=1.71 secs] 
1348.323: [GC 1348.323: [ParNew: 440895K->48960K(440896K), 1.7582173 secs] 1212296K->880154K(4145344K), 1.7586490 secs] [Times: user=4.16 sys=0.14, real=1.76 secs] 
1367.149: [GC 1367.150: [ParNew: 440896K->48960K(440896K), 2.0239847 secs] 1272090K->940202K(4145344K), 2.0244395 secs] [Times: user=4.14 sys=0.13, real=2.02 secs] 
1384.943: [GC 1384.944: [ParNew: 440896K->48960K(440896K), 1.7577229 secs] 1332138K->991814K(4145344K), 1.7581582 secs] [Times: user=3.76 sys=0.12, real=1.76 secs] 
1396.073: [GC 1396.073: [ParNew: 440896K->48960K(440896K), 1.0986738 secs] 1383750K->1037107K(4145344K), 1.0991500 secs] [Times: user=3.41 sys=0.12, real=1.10 secs] 
1408.877: [GC 1408.877: [ParNew: 440896K->48960K(440896K), 1.8390417 secs] 1429043K->1096933K(4145344K), 1.8394984 secs] [Times: user=4.12 sys=0.13, real=1.84 secs] 
1417.615: [GC 1417.616: [ParNew: 440896K->48960K(440896K), 1.8570974 secs] 1488869K->1152774K(4145344K), 1.8575489 secs] [Times: user=4.23 sys=0.13, real=1.86 secs] 
1429.783: [GC 1429.783: [ParNew: 440896K->48960K(440896K), 1.4814415 secs] 1544710K->1205930K(4145344K), 1.4818634 secs] [Times: user=3.90 sys=0.12, real=1.48 secs] 
1440.668: [GC 1440.668: [ParNew: 440896K->48960K(440896K), 1.1579119 secs] 1597866K->1253382K(4145344K), 1.1583366 secs] [Times: user=3.42 sys=0.11, real=1.16 secs] 
1456.363: [GC 1456.364: [ParNew: 440896K->48959K(440896K), 1.9987685 secs] 1645318K->1313452K(4145344K), 1.9992162 secs] [Times: user=4.19 sys=0.13, real=2.00 secs] 
1469.749: [GC 1469.750: [ParNew: 440895K->48959K(440896K), 1.1845958 secs] 1705388K->1353724K(4145344K), 1.1850234 secs] [Times: user=3.30 sys=0.10, real=1.19 secs] 
1484.841: [GC 1484.841: [ParNew: 440895K->48959K(440896K), 1.0329736 secs] 1745660K->1396882K(4145344K), 1.0334118 secs] [Times: user=3.39 sys=0.11, real=1.03 secs] 
1503.792: [GC 1503.792: [ParNew: 440895K->48960K(440896K), 1.1032717 secs] 1788818K->1438394K(4145344K), 1.1036927 secs] [Times: user=3.51 sys=0.10, real=1.10 secs] 
1522.261: [GC 1522.261: [ParNew: 440896K->48960K(440896K), 1.0526561 secs] 1830330K->1483044K(4145344K), 1.0530617 secs] [Times: user=3.29 sys=0.11, real=1.05 secs] 
1538.302: [GC 1538.302: [ParNew: 440896K->48960K(440896K), 1.7771576 secs] 1874980K->1538992K(4145344K), 1.7775698 secs] [Times: user=3.78 sys=0.11, real=1.78 secs] 
1554.980: [GC 1554.981: [ParNew: 440896K->48960K(440896K), 1.4299066 secs] 1930928K->1587000K(4145344K), 1.4303301 secs] [Times: user=3.48 sys=0.11, real=1.43 secs] 
1575.292: [GC 1575.293: [ParNew: 440896K->48960K(440896K), 1.5472391 secs] 1978936K->1641586K(4145344K), 1.5476802 secs] [Times: user=3.90 sys=0.12, real=1.55 secs] 
1593.165: [GC 1593.166: [ParNew: 440896K->48960K(440896K), 1.4151156 secs] 2033522K->1691329K(4145344K), 1.4155312 secs] [Times: user=3.53 sys=0.11, real=1.42 secs] 
1603.999: [GC 1603.999: [ParNew: 440896K->48960K(440896K), 1.8203429 secs] 2083265K->1750523K(4145344K), 1.8207964 secs] [Times: user=4.00 sys=0.13, real=1.82 secs] 
1622.568: [GC 1622.568: [ParNew: 440896K->48960K(440896K), 1.6482264 secs] 2142459K->1804107K(4145344K), 1.6486391 secs] [Times: user=3.83 sys=0.12, real=1.65 secs] 
1639.658: [GC 1639.659: [ParNew: 440896K->48960K(440896K), 1.6218591 secs] 2196043K->1857085K(4145344K), 1.6222618 secs] [Times: user=3.74 sys=0.12, real=1.62 secs] 
1654.981: [GC 1654.981: [ParNew: 440896K->48959K(440896K), 1.6937736 secs] 2249021K->1912590K(4145344K), 1.6944090 secs] [Times: user=3.91 sys=0.12, real=1.69 secs] 
1656.678: [GC [1 CMS-initial-mark: 1863630K(3704448K)] 1914753K(4145344K), 0.4772950 secs] [Times: user=0.48 sys=0.00, real=0.48 secs] 
1657.155: [CMS-concurrent-mark-start]
1657.824: [CMS-concurrent-mark: 0.659/0.669 secs] [Times: user=5.98 sys=0.08, real=0.67 secs] 
1657.824: [CMS-concurrent-preclean-start]
1657.947: [CMS-concurrent-preclean: 0.122/0.123 secs] [Times: user=0.19 sys=0.00, real=0.12 secs] 
1657.948: [CMS-concurrent-abortable-preclean-start]
 CMS: abort preclean due to time 1663.067: [CMS-concurrent-abortable-preclean: 5.102/5.120 secs] [Times: user=12.97 sys=0.22, real=5.12 secs] 
1663.068: [GC[YG occupancy: 251842 K (440896 K)]1663.069: [Rescan (non-parallel) 1663.069: [grey object rescan, 0.0543550 secs]1663.123: [root rescan, 2.2255353 secs], 2.2801348 secs]1665.349: [weak refs processing, 2.1416368 secs] [1 CMS-remark: 1863630K(3704448K)] 2115472K(4145344K), 4.4230575 secs] [Times: user=5.29 sys=0.01, real=4.42 secs] 
1667.492: [CMS-concurrent-sweep-start]
1676.318: [GC 1676.318: [ParNew: 440895K->48960K(440896K), 1.5286451 secs] 1771567K->1432714K(4145344K), 1.5290631 secs] [Times: user=3.90 sys=0.02, real=1.53 secs] 
1695.193: [CMS-concurrent-sweep: 26.124/27.701 secs] [Times: user=57.60 sys=1.00, real=27.70 secs] 
1695.197: [CMS-concurrent-reset-start]
1695.226: [CMS-concurrent-reset: 0.029/0.029 secs] [Times: user=0.10 sys=0.00, real=0.03 secs] 
1695.322: [GC 1695.322: [ParNew: 440896K->48959K(440896K), 1.5693846 secs] 905618K->566783K(4145344K), 1.5699302 secs] [Times: user=3.75 sys=0.02, real=1.57 secs] 
1714.680: [GC 1714.680: [ParNew: 440895K->48960K(440896K), 1.4842381 secs] 958719K->619546K(4145344K), 1.4846520 secs] [Times: user=3.86 sys=0.03, real=1.48 secs] 
1723.327: [GC 1723.327: [ParNew: 440879K->48960K(440896K), 1.8467388 secs] 1011465K->678964K(4145344K), 1.8471575 secs] [Times: user=4.32 sys=0.02, real=1.85 secs] 
1736.262: [GC 1736.262: [ParNew: 440896K->48960K(440896K), 1.8490080 secs] 1070900K->737580K(4145344K), 1.8494971 secs] [Times: user=4.51 sys=0.02, real=1.85 secs] 
1750.762: [GC 1750.762: [ParNew: 440896K->48960K(440896K), 1.8230948 secs] 1129516K->796893K(4145344K), 1.8235243 secs] [Times: user=4.32 sys=0.02, real=1.82 secs] 
1757.677: [GC 1757.678: [ParNew: 440896K->48960K(440896K), 1.8966949 secs] 1188829K->855367K(4145344K), 1.8971592 secs] [Times: user=4.19 sys=0.03, real=1.90 secs] 
1776.275: [GC 1776.275: [ParNew: 440896K->48960K(440896K), 1.6955312 secs] 1247303K->909198K(4145344K), 1.6959644 secs] [Times: user=4.02 sys=0.03, real=1.70 secs] 
1789.937: [GC 1789.937: [ParNew: 440896K->48960K(440896K), 1.6814953 secs] 1301134K->964300K(4145344K), 1.6819045 secs] [Times: user=4.09 sys=0.04, real=1.68 secs] 
1798.633: [GC 1798.633: [ParNew: 440896K->48960K(440896K), 1.6133233 secs] 1356236K->1021203K(4145344K), 1.6137732 secs] [Times: user=4.01 sys=0.05, real=1.61 secs] 
1810.670: [GC 1810.670: [ParNew: 440896K->48960K(440896K), 1.9060268 secs] 1413139K->1080207K(4145344K), 1.9064720 secs] [Times: user=4.04 sys=0.03, real=1.91 secs] 
1825.267: [GC 1825.267: [ParNew: 440896K->48959K(440896K), 1.7765845 secs] 1472143K->1134910K(4145344K), 1.7770269 secs] [Times: user=4.18 sys=0.02, real=1.78 secs] 
1832.345: [GC 1832.345: [ParNew: 440895K->48960K(440896K), 1.4937999 secs] 1526846K->1189688K(4145344K), 1.4942520 secs] [Times: user=3.91 sys=0.03, real=1.49 secs] 
1852.139: [GC 1852.139: [ParNew: 440896K->48960K(440896K), 1.4632564 secs] 1581624K->1240506K(4145344K), 1.4636839 secs] [Times: user=3.79 sys=0.03, real=1.46 secs] 
1865.334: [GC 1865.335: [ParNew: 440826K->48959K(440896K), 1.3437558 secs] 1632372K->1289110K(4145344K), 1.3441816 secs] [Times: user=3.58 sys=0.02, real=1.34 secs] 
1886.942: [GC 1886.942: [ParNew: 440883K->48959K(440896K), 1.8465258 secs] 1681034K->1349888K(4145344K), 1.8469542 secs] [Times: user=4.10 sys=0.03, real=1.85 secs] 
1905.374: [GC 1905.374: [ParNew: 440895K->48960K(440896K), 1.4111305 secs] 1741824K->1398797K(4145344K), 1.4115548 secs] [Times: user=4.24 sys=0.02, real=1.41 secs] 
1923.321: [GC 1923.321: [ParNew: 440896K->48959K(440896K), 1.4861932 secs] 1790733K->1453997K(4145344K), 1.4865970 secs] [Times: user=4.02 sys=0.03, real=1.49 secs] 
1935.083: [GC 1935.083: [ParNew: 440821K->48960K(440896K), 1.5837982 secs] 1845859K->1511696K(4145344K), 1.5842523 secs] [Times: user=4.07 sys=0.03, real=1.58 secs] 
1957.325: [GC 1957.326: [ParNew: 440896K->48960K(440896K), 1.6213671 secs] 1903632K->1564434K(4145344K), 1.6218213 secs] [Times: user=3.74 sys=0.02, real=1.62 secs] 
1973.880: [GC 1973.880: [ParNew: 440896K->48959K(440896K), 1.5097238 secs] 1956370K->1612708K(4145344K), 1.5101313 secs] [Times: user=3.65 sys=0.03, real=1.51 secs] 
1983.123: [GC 1983.123: [ParNew: 440895K->48960K(440896K), 1.6919826 secs] 2004644K->1672943K(4145344K), 1.6924313 secs] [Times: user=4.32 sys=0.02, real=1.69 secs] 
1999.301: [GC 1999.301: [ParNew: 440893K->48960K(440896K), 1.5450424 secs] 2064876K->1724935K(4145344K), 1.5454888 secs] [Times: user=3.91 sys=0.02, real=1.55 secs] 
2016.752: [GC 2016.752: [ParNew: 440896K->48960K(440896K), 1.7099205 secs] 2116871K->1780531K(4145344K), 1.7103564 secs] [Times: user=4.00 sys=0.03, real=1.71 secs] 
2030.822: [GC 2030.822: [ParNew: 440896K->48464K(440896K), 0.8976875 secs] 2172467K->1819369K(4145344K), 0.8981515 secs] [Times: user=3.24 sys=0.02, real=0.90 secs] 
2047.254: [GC 2047.254: [ParNew: 440400K->48960K(440896K), 1.2942501 secs] 2211305K->1840089K(4145344K), 1.2946813 secs] [Times: user=1.99 sys=0.01, real=1.29 secs] 
2064.348: [GC 2064.348: [ParNew: 440896K->48960K(440896K), 1.6650176 secs] 2232025K->1896488K(4145344K), 1.6654529 secs] [Times: user=3.92 sys=0.03, real=1.67 secs] 
2081.685: [GC 2081.685: [ParNew: 440896K->48960K(440896K), 1.5932181 secs] 2288424K->1947306K(4145344K), 1.5936317 secs] [Times: user=3.67 sys=0.09, real=1.59 secs] 
2110.893: [GC 2110.893: [ParNew: 440896K->48960K(440896K), 1.3491369 secs] 2339242K->1997127K(4145344K), 1.3495855 secs] [Times: user=3.63 sys=0.12, real=1.35 secs] 
2131.926: [GC 2131.927: [ParNew: 440896K->48959K(440896K), 1.7704333 secs] 2389063K->2053895K(4145344K), 1.7708657 secs] [Times: user=3.92 sys=0.12, real=1.77 secs] 
2148.773: [GC 2148.773: [ParNew: 440895K->48959K(440896K), 1.5492719 secs] 2445831K->2102205K(4145344K), 1.5496699 secs] [Times: user=3.71 sys=0.11, real=1.55 secs] 
2164.807: [GC 2164.807: [ParNew: 440895K->48960K(440896K), 1.6683958 secs] 2494141K->2158986K(4145344K), 1.6688331 secs] [Times: user=3.94 sys=0.13, real=1.67 secs] 
2187.589: [GC 2187.590: [ParNew: 440896K->48960K(440896K), 1.4613990 secs] 2550922K->2210344K(4145344K), 1.4618487 secs] [Times: user=3.77 sys=0.12, real=1.46 secs] 
2206.055: [GC 2206.055: [ParNew: 440896K->48960K(440896K), 1.4798952 secs] 2602280K->2259205K(4145344K), 1.4803658 secs] [Times: user=3.73 sys=0.12, real=1.48 secs] 
2226.522: [GC 2226.522: [ParNew: 440896K->48959K(440896K), 1.6543576 secs] 2651141K->2313911K(4145344K), 1.6548214 secs] [Times: user=3.76 sys=0.12, real=1.66 secs] 
2244.775: [GC 2244.775: [ParNew: 440895K->48959K(440896K), 1.6422709 secs] 2705847K->2365393K(4145344K), 1.6427218 secs] [Times: user=3.81 sys=0.11, real=1.64 secs] 
2259.356: [GC 2259.356: [ParNew: 440895K->48960K(440896K), 1.7193971 secs] 2757329K->2422268K(4145344K), 1.7198679 secs] [Times: user=4.10 sys=0.13, real=1.72 secs] 
2267.288: [GC 2267.289: [ParNew: 440896K->48960K(440896K), 1.8455567 secs] 2814204K->2482751K(4145344K), 1.8460079 secs] [Times: user=4.20 sys=0.13, real=1.85 secs] 
2280.635: [GC 2280.635: [ParNew: 440896K->48960K(440896K), 1.5549579 secs] 2874687K->2534594K(4145344K), 1.5553735 secs] [Times: user=3.96 sys=0.12, real=1.56 secs] 
2292.690: [GC 2292.690: [ParNew: 440896K->48960K(440896K), 1.6321212 secs] 2926530K->2585977K(4145344K), 1.6325850 secs] [Times: user=3.88 sys=0.11, real=1.63 secs] 
2304.165: [GC 2304.165: [ParNew: 440896K->48960K(440896K), 1.5882495 secs] 2977913K->2641792K(4145344K), 1.5887159 secs] [Times: user=4.09 sys=0.13, real=1.59 secs] 
2322.258: [GC 2322.259: [ParNew: 440896K->48960K(440896K), 1.8503363 secs] 3033728K->2700847K(4145344K), 1.8614287 secs] [Times: user=4.08 sys=0.13, real=1.86 secs] 
2345.171: [GC 2345.172: [ParNew: 440896K->48960K(440896K), 1.4970909 secs] 3092783K->2748911K(4145344K), 1.4975334 secs] [Times: user=3.61 sys=0.11, real=1.50 secs] 
2366.891: [GC 2366.892: [ParNew: 440896K->48960K(440896K), 1.4760461 secs] 3140847K->2800761K(4145344K), 1.4764621 secs] [Times: user=3.73 sys=0.12, real=1.48 secs] 
2402.623: [GC 2402.624: [ParNew: 440896K->48960K(440896K), 1.4248998 secs] 3192697K->2849446K(4145344K), 1.4252940 secs] [Times: user=3.64 sys=0.11, real=1.43 secs] 
2434.385: [GC 2434.385: [ParNew: 440896K->48960K(440896K), 1.3612973 secs] 3241382K->2896424K(4145344K), 1.3617159 secs] [Times: user=3.53 sys=0.11, real=1.36 secs] 
2454.681: [GC 2454.681: [ParNew: 440896K->48960K(440896K), 1.2268329 secs] 3288360K->2944002K(4145344K), 1.2272309 secs] [Times: user=3.45 sys=0.11, real=1.23 secs] 
2474.595: [GC 2474.595: [ParNew: 440896K->48959K(440896K), 1.5049263 secs] 3335938K->2992565K(4145344K), 1.5054277 secs] [Times: user=3.62 sys=0.12, real=1.51 secs] 
2489.238: [GC 2489.238: [ParNew: 440895K->48959K(440896K), 1.7503411 secs] 3384501K->3047691K(4145344K), 1.7508400 secs] [Times: user=4.49 sys=0.14, real=1.75 secs] 
2506.702: [GC 2506.703: [ParNew: 440895K->48959K(440896K), 1.8748935 secs] 3439627K->3109183K(4145344K), 1.8753288 secs] [Times: user=4.29 sys=0.13, real=1.88 secs] 
2519.893: [GC 2519.893: [ParNew: 440895K->48959K(440896K), 1.6921280 secs] 3501119K->3163890K(4145344K), 1.6925806 secs] [Times: user=3.81 sys=0.13, real=1.69 secs] 
2534.417: [GC 2534.418: [ParNew: 440895K->48960K(440896K), 1.2615767 secs] 3555826K->3209422K(4145344K), 1.2620112 secs] [Times: user=3.50 sys=0.11, real=1.26 secs] 
2546.879: [GC 2546.880: [ParNew: 440896K->48959K(440896K), 1.6584709 secs] 3601358K->3267781K(4145344K), 1.6588947 secs] [Times: user=3.99 sys=0.11, real=1.66 secs] 
2555.323: [GC 2555.324: [ParNew: 440895K->48959K(440896K), 1.8101785 secs] 3659717K->3325256K(4145344K), 1.8106200 secs] [Times: user=4.12 sys=0.13, real=1.81 secs] 
2570.779: [GC 2570.779: [ParNew: 440895K->48960K(440896K), 1.5423222 secs] 3717192K->3375314K(4145344K), 1.5427860 secs] [Times: user=3.78 sys=0.11, real=1.54 secs] 
2593.089: [GC 2593.089: [ParNew: 440896K->48960K(440896K), 1.7409504 secs] 3767250K->3429331K(4145344K), 1.7413902 secs] [Times: user=3.90 sys=0.11, real=1.74 secs] 
2605.260: [GC 2605.260: [ParNew: 440896K->47297K(440896K), 0.9679441 secs] 3821267K->3467147K(4145344K), 0.9683463 secs] [Times: user=3.16 sys=0.09, real=0.97 secs] 
2606.231: [GC [1 CMS-initial-mark: 3419849K(3704448K)] 3467779K(4145344K), 0.4574298 secs] [Times: user=0.45 sys=0.00, real=0.46 secs] 
2606.689: [CMS-concurrent-mark-start]
2607.490: [CMS-concurrent-mark: 0.789/0.801 secs] [Times: user=6.52 sys=0.05, real=0.80 secs] 
2607.490: [CMS-concurrent-preclean-start]
2607.611: [CMS-concurrent-preclean: 0.120/0.121 secs] [Times: user=0.18 sys=0.01, real=0.12 secs] 
2607.612: [CMS-concurrent-abortable-preclean-start]
 CMS: abort preclean due to time 2613.158: [CMS-concurrent-abortable-preclean: 5.539/5.546 secs] [Times: user=10.05 sys=0.16, real=5.55 secs] 
2613.161: [GC[YG occupancy: 194242 K (440896 K)]2613.161: [Rescan (non-parallel) 2613.161: [grey object rescan, 0.1026388 secs]2613.264: [root rescan, 1.8697163 secs], 1.9726198 secs]2615.134: [weak refs processing, 3.5327842 secs] [1 CMS-remark: 3419849K(3704448K)] 3614091K(4145344K), 5.5073263 secs] [Times: user=5.52 sys=0.00, real=5.51 secs] 
2618.669: [CMS-concurrent-sweep-start]
2623.398: [GC 2623.398: [ParNew: 439233K->48960K(440896K), 1.0067662 secs] 3548417K->3171600K(4145344K), 1.0072370 secs] [Times: user=1.85 sys=0.00, real=1.01 secs] 
2642.727: [GC 2642.727: [ParNew: 440896K->48959K(440896K), 1.3642375 secs] 2592417K->2253099K(4145344K), 1.3646973 secs] [Times: user=3.89 sys=0.01, real=1.36 secs] 
2660.199: [GC 2660.199: [ParNew: 440895K->48960K(440896K), 1.2878104 secs] 1831753K->1489046K(4145344K), 1.2882901 secs] [Times: user=3.65 sys=0.01, real=1.29 secs] 
2674.912: [CMS-concurrent-sweep: 52.527/56.243 secs] [Times: user=120.19 sys=2.21, real=56.24 secs] 
2674.915: [CMS-concurrent-reset-start]
2674.944: [CMS-concurrent-reset: 0.029/0.029 secs] [Times: user=0.03 sys=0.01, real=0.03 secs] 
2686.768: [GC 2686.768: [ParNew: 440896K->48959K(440896K), 1.2757795 secs] 1203811K->859488K(4145344K), 1.2762092 secs] [Times: user=3.39 sys=0.02, real=1.28 secs] 
2710.284: [GC 2710.285: [ParNew: 440895K->48959K(440896K), 1.5133973 secs] 1251424K->912252K(4145344K), 1.5138006 secs] [Times: user=3.72 sys=0.01, real=1.51 secs] 
2732.490: [GC 2732.490: [ParNew: 440895K->48960K(440896K), 1.7163056 secs] 1304188K->967952K(4145344K), 1.7167051 secs] [Times: user=4.17 sys=0.01, real=1.72 secs] 
2750.041: [GC 2750.041: [ParNew: 440896K->48960K(440896K), 1.8233582 secs] 1359888K->1022987K(4145344K), 1.8238074 secs] [Times: user=4.38 sys=0.03, real=1.82 secs] 
2768.166: [GC 2768.167: [ParNew: 440896K->48960K(440896K), 1.7216479 secs] 1414923K->1079901K(4145344K), 1.7220982 secs] [Times: user=4.20 sys=0.03, real=1.72 secs] 
2778.634: [GC 2778.634: [ParNew: 440896K->48959K(440896K), 1.0548764 secs] 1471837K->1127140K(4145344K), 1.0553389 secs] [Times: user=3.75 sys=0.02, real=1.06 secs] 
2791.072: [GC 2791.072: [ParNew: 440895K->48959K(440896K), 1.4196709 secs] 1519076K->1180632K(4145344K), 1.4201474 secs] [Times: user=3.92 sys=0.03, real=1.42 secs] 
2802.649: [GC 2802.649: [ParNew: 440895K->48960K(440896K), 1.0050095 secs] 1572568K->1221205K(4145344K), 1.0054288 secs] [Times: user=3.48 sys=0.02, real=1.01 secs] 
2816.704: [GC 2816.705: [ParNew: 440896K->48959K(440896K), 1.3861426 secs] 1613141K->1273482K(4145344K), 1.3865655 secs] [Times: user=3.78 sys=0.03, real=1.39 secs] 
2827.236: [GC 2827.236: [ParNew: 440895K->48960K(440896K), 1.1851952 secs] 1665418K->1321093K(4145344K), 1.1856285 secs] [Times: user=3.82 sys=0.02, real=1.19 secs] 
2838.753: [GC 2838.753: [ParNew: 440896K->48960K(440896K), 1.6966693 secs] 1713029K->1380960K(4145344K), 1.6971158 secs] [Times: user=4.52 sys=0.03, real=1.70 secs] 
2852.501: [GC 2852.502: [ParNew: 440896K->48960K(440896K), 1.4403375 secs] 1772896K->1427298K(4145344K), 1.4407818 secs] [Times: user=3.76 sys=0.02, real=1.44 secs] 
2867.707: [GC 2867.708: [ParNew: 440896K->48960K(440896K), 1.6540216 secs] 1819234K->1483918K(4145344K), 1.6544896 secs] [Times: user=4.20 sys=0.03, real=1.65 secs] 
2883.433: [GC 2883.434: [ParNew: 440896K->48960K(440896K), 1.5904181 secs] 1875854K->1538352K(4145344K), 1.5908362 secs] [Times: user=4.07 sys=0.03, real=1.59 secs] 
2900.782: [GC 2900.782: [ParNew: 440896K->48959K(440896K), 1.7231314 secs] 1930288K->1592199K(4145344K), 1.7235931 secs] [Times: user=4.13 sys=0.04, real=1.72 secs] 
2914.363: [GC 2914.363: [ParNew: 440895K->48960K(440896K), 1.6923502 secs] 1984135K->1648000K(4145344K), 1.6927924 secs] [Times: user=4.91 sys=0.03, real=1.69 secs] 
2932.583: [GC 2932.584: [ParNew: 440896K->48960K(440896K), 1.9210455 secs] 2039936K->1702978K(4145344K), 1.9215723 secs] [Times: user=4.75 sys=0.03, real=1.92 secs] 
2947.313: [GC 2947.317: [ParNew: 440896K->48959K(440896K), 1.4945609 secs] 2094914K->1754217K(4145344K), 1.4951454 secs] [Times: user=4.15 sys=0.04, real=1.50 secs] 
2961.289: [GC 2961.289: [ParNew: 440895K->48960K(440896K), 1.5746721 secs] 2146153K->1811683K(4145344K), 1.5750730 secs] [Times: user=4.39 sys=0.04, real=1.58 secs] 
2974.635: [GC 2974.635: [ParNew: 440896K->48960K(440896K), 1.7770268 secs] 2203619K->1868439K(4145344K), 1.7774566 secs] [Times: user=4.28 sys=0.04, real=1.78 secs] 
2991.500: [GC 2991.500: [ParNew: 440896K->48960K(440896K), 1.3682450 secs] 2260375K->1912921K(4145344K), 1.3687186 secs] [Times: user=3.71 sys=0.04, real=1.37 secs] 
3000.465: [GC 3000.465: [ParNew: 440896K->48959K(440896K), 1.5266594 secs] 2304857K->1968597K(4145344K), 1.5271202 secs] [Times: user=4.15 sys=0.05, real=1.53 secs] 
3018.953: [GC 3018.953: [ParNew: 440895K->48960K(440896K), 1.3241650 secs] 2360533K->2017617K(4145344K), 1.3245741 secs] [Times: user=3.87 sys=0.03, real=1.32 secs] 
3037.370: [GC 3037.370: [ParNew: 440896K->48959K(440896K), 1.7913869 secs] 2409553K->2073740K(4145344K), 1.7919710 secs] [Times: user=4.19 sys=0.04, real=1.79 secs] 
3048.048: [GC 3048.048: [ParNew: 440895K->48960K(440896K), 1.6389828 secs] 2465676K->2125416K(4145344K), 1.6394232 secs] [Times: user=4.08 sys=0.03, real=1.64 secs] 
3058.295: [GC 3058.296: [ParNew: 440896K->48960K(440896K), 1.5450323 secs] 2517352K->2180397K(4145344K), 1.5454819 secs] [Times: user=4.06 sys=0.04, real=1.55 secs] 
3076.082: [GC 3076.083: [ParNew: 440896K->48960K(440896K), 1.6554461 secs] 2572333K->2233517K(4145344K), 1.6558671 secs] [Times: user=4.06 sys=0.04, real=1.66 secs] 
3093.288: [GC 3093.289: [ParNew: 440896K->48960K(440896K), 1.4894984 secs] 2625453K->2285330K(4145344K), 1.4899108 secs] [Times: user=3.88 sys=0.02, real=1.49 secs] 
3112.640: [GC 3112.640: [ParNew: 440896K->48960K(440896K), 1.4055334 secs] 2677266K->2336496K(4145344K), 1.4059495 secs] [Times: user=3.84 sys=0.04, real=1.41 secs] 
3132.619: [GC 3132.619: [ParNew: 440896K->48959K(440896K), 1.5078257 secs] 2728432K->2388710K(4145344K), 1.5083340 secs] [Times: user=4.09 sys=0.03, real=1.51 secs] 
3149.046: [GC 3149.047: [ParNew: 440895K->48960K(440896K), 1.4769206 secs] 2780646K->2443136K(4145344K), 1.4773582 secs] [Times: user=4.07 sys=0.03, real=1.48 secs] 
3165.955: [GC 3165.955: [ParNew: 440896K->48960K(440896K), 1.3928500 secs] 2835072K->2492718K(4145344K), 1.3932500 secs] [Times: user=3.76 sys=0.03, real=1.39 secs] 
3180.285: [GC 3180.285: [ParNew: 440896K->48960K(440896K), 1.7534913 secs] 2884654K->2548542K(4145344K), 1.7539526 secs] [Times: user=4.16 sys=0.03, real=1.75 secs] 
3196.465: [GC 3196.466: [ParNew: 440896K->48959K(440896K), 1.3519097 secs] 2940478K->2596688K(4145344K), 1.3523265 secs] [Times: user=3.76 sys=0.03, real=1.35 secs] 
3215.803: [GC 3215.803: [ParNew: 440895K->48960K(440896K), 0.9927538 secs] 2988624K->2641502K(4145344K), 0.9931584 secs] [Times: user=3.47 sys=0.03, real=0.99 secs] 
3226.960: [GC 3226.960: [ParNew: 440896K->48959K(440896K), 1.7130335 secs] 3033438K->2696742K(4145344K), 1.7135065 secs] [Times: user=4.30 sys=0.04, real=1.71 secs] 
3246.147: [GC 3246.147: [ParNew: 440895K->48959K(440896K), 1.4955680 secs] 3088678K->2749598K(4145344K), 1.4959674 secs] [Times: user=3.89 sys=0.03, real=1.50 secs] 
3258.979: [GC 3258.980: [ParNew: 440895K->48959K(440896K), 1.7995070 secs] 3141534K->2805942K(4145344K), 1.7999365 secs] [Times: user=4.15 sys=0.03, real=1.80 secs] 
3280.677: [GC 3280.677: [ParNew: 440895K->48960K(440896K), 1.5617376 secs] 3197878K->2859771K(4145344K), 1.5621601 secs] [Times: user=4.00 sys=0.02, real=1.56 secs] 
3301.666: [GC 3301.666: [ParNew: 440896K->48960K(440896K), 1.3804595 secs] 3251707K->2909672K(4145344K), 1.3808613 secs] [Times: user=3.81 sys=0.02, real=1.38 secs] 
3333.786: [GC 3333.786: [ParNew: 440896K->48960K(440896K), 1.4397244 secs] 3301608K->2962337K(4145344K), 1.4401383 secs] [Times: user=3.79 sys=0.02, real=1.44 secs] 
3365.392: [GC 3365.393: [ParNew: 440896K->48959K(440896K), 1.3849692 secs] 3354273K->3009828K(4145344K), 1.3853961 secs] [Times: user=3.68 sys=0.02, real=1.39 secs] 
3384.958: [GC 3384.958: [ParNew: 440895K->48960K(440896K), 1.7724384 secs] 3401764K->3068695K(4145344K), 1.7728647 secs] [Times: user=4.36 sys=0.03, real=1.77 secs] 
3399.335: [GC 3399.335: [ParNew: 440896K->48960K(440896K), 1.6630878 secs] 3460631K->3125475K(4145344K), 1.6635143 secs] [Times: user=4.14 sys=0.02, real=1.66 secs] 
3427.535: [GC 3427.536: [ParNew: 440896K->48959K(440896K), 1.5467282 secs] 3517411K->3178415K(4145344K), 1.5471591 secs] [Times: user=3.86 sys=0.01, real=1.55 secs] 
3458.618: [GC 3458.619: [ParNew: 440895K->48960K(440896K), 1.5255216 secs] 3570351K->3228449K(4145344K), 1.5259312 secs] [Times: user=3.80 sys=0.02, real=1.53 secs] 
3478.447: [GC 3478.447: [ParNew: 440896K->48960K(440896K), 1.6879222 secs] 3620385K->3285099K(4145344K), 1.6883820 secs] [Times: user=4.22 sys=0.02, real=1.69 secs] 
3501.896: [GC 3501.896: [ParNew: 440876K->48960K(440896K), 1.5043623 secs] 3677015K->3337206K(4145344K), 1.5048030 secs] [Times: user=3.97 sys=0.02, real=1.51 secs] 
3512.239: [GC 3512.240: [ParNew: 440896K->48960K(440896K), 1.4383387 secs] 3729142K->3376492K(4145344K), 1.4387719 secs] [Times: user=3.26 sys=0.02, real=1.44 secs] 
3528.634: [GC 3528.635: [ParNew: 440896K->48960K(440896K), 1.8572521 secs] 3768428K->3435357K(4145344K), 1.8577424 secs] [Times: user=4.40 sys=0.03, real=1.86 secs] 
3551.934: [GC 3551.934: [ParNew: 440895K->48960K(440896K), 1.4638906 secs] 3827293K->3480080K(4145344K), 1.4644646 secs] [Times: user=3.67 sys=0.05, real=1.46 secs] 
3553.402: [GC [1 CMS-initial-mark: 3431120K(3704448K)] 3480115K(4145344K), 0.4971665 secs] [Times: user=0.50 sys=0.00, real=0.50 secs] 
3553.899: [CMS-concurrent-mark-start]
3554.802: [CMS-concurrent-mark: 0.903/0.903 secs] [Times: user=7.29 sys=0.07, real=0.90 secs] 
3554.802: [CMS-concurrent-preclean-start]
3554.934: [CMS-concurrent-preclean: 0.130/0.132 secs] [Times: user=0.13 sys=0.00, real=0.13 secs] 
3554.935: [CMS-concurrent-abortable-preclean-start]
 CMS: abort preclean due to time 3560.114: [CMS-concurrent-abortable-preclean: 5.175/5.180 secs] [Times: user=8.38 sys=0.12, real=5.18 secs] 
3560.117: [GC[YG occupancy: 157257 K (440896 K)]3560.117: [Rescan (non-parallel) 3560.117: [grey object rescan, 0.0971801 secs]3560.215: [root rescan, 1.4672589 secs], 1.5646888 secs]3561.682: [weak refs processing, 3.0756662 secs] [1 CMS-remark: 3431120K(3704448K)] 3588378K(4145344K), 4.6438828 secs] [Times: user=4.65 sys=0.00, real=4.64 secs] 
3564.762: [CMS-concurrent-sweep-start]
3579.213: [GC 3579.213: [ParNew: 440896K->48959K(440896K), 1.4643034 secs] 3022537K->2686933K(4145344K), 1.4647150 secs] [Times: user=3.92 sys=0.01, real=1.46 secs] 
3615.786: [GC 3615.786: [ParNew: 440895K->48960K(440896K), 1.4330632 secs] 1339539K->1001418K(4145344K), 1.4335026 secs] [Times: user=3.76 sys=0.02, real=1.43 secs] 
3622.178: [CMS-concurrent-sweep: 54.509/57.417 secs] [Times: user=100.48 sys=1.49, real=57.42 secs] 
3622.179: [CMS-concurrent-reset-start]
3622.208: [CMS-concurrent-reset: 0.029/0.029 secs] [Times: user=0.05 sys=0.00, real=0.03 secs] 
3630.519: [GC 3630.519: [ParNew: 440896K->48959K(440896K), 1.4953618 secs] 1145917K->808991K(4145344K), 1.4957668 secs] [Times: user=3.77 sys=0.01, real=1.50 secs] 
3664.738: [GC 3664.739: [ParNew: 440895K->48960K(440896K), 1.3560471 secs] 1200927K->859406K(4145344K), 1.3564487 secs] [Times: user=3.44 sys=0.01, real=1.36 secs] 
3680.791: [GC 3680.791: [ParNew: 440896K->48959K(440896K), 1.2009320 secs] 1251342K->886334K(4145344K), 1.2013516 secs] [Times: user=2.45 sys=0.01, real=1.20 secs] 
3708.546: [GC 3708.546: [ParNew: 440895K->48960K(440896K), 1.7795576 secs] 1278270K->943108K(4145344K), 1.7800015 secs] [Times: user=3.94 sys=0.02, real=1.78 secs] 
3733.609: [GC 3733.609: [ParNew: 440896K->48959K(440896K), 1.4196282 secs] 1335044K->985297K(4145344K), 1.4200602 secs] [Times: user=3.83 sys=0.01, real=1.42 secs] 
3754.065: [GC 3754.065: [ParNew: 440895K->48959K(440896K), 1.3055263 secs] 1377233K->1036504K(4145344K), 1.3059724 secs] [Times: user=3.87 sys=0.03, real=1.31 secs] 
3768.542: [GC 3768.543: [ParNew: 440895K->48960K(440896K), 1.6022555 secs] 1428440K->1093899K(4145344K), 1.6026948 secs] [Times: user=4.24 sys=0.03, real=1.60 secs] 
3790.137: [GC 3790.138: [ParNew: 440896K->48960K(440896K), 1.6301145 secs] 1485835K->1146308K(4145344K), 1.6305692 secs] [Times: user=4.09 sys=0.03, real=1.63 secs] 
3822.054: [GC 3822.054: [ParNew: 440896K->48959K(440896K), 1.3757840 secs] 1538244K->1192890K(4145344K), 1.3762334 secs] [Times: user=3.82 sys=0.02, real=1.38 secs] 
3843.721: [GC 3843.722: [ParNew: 440895K->48960K(440896K), 1.6078774 secs] 1584826K->1248306K(4145344K), 1.6083195 secs] [Times: user=4.17 sys=0.03, real=1.61 secs] 
3865.964: [GC 3865.964: [ParNew: 440896K->48960K(440896K), 1.6643840 secs] 1640242K->1305385K(4145344K), 1.6647962 secs] [Times: user=4.11 sys=0.02, real=1.67 secs] 
3900.360: [GC 3900.360: [ParNew: 440896K->48960K(440896K), 1.5646423 secs] 1697321K->1360816K(4145344K), 1.5650865 secs] [Times: user=4.00 sys=0.02, real=1.57 secs] 
3930.735: [GC 3930.736: [ParNew: 440896K->48959K(440896K), 1.5779388 secs] 1752752K->1413769K(4145344K), 1.5888472 secs] [Times: user=3.96 sys=0.02, real=1.59 secs] 
3955.618: [GC 3955.618: [ParNew: 440895K->48960K(440896K), 1.4487565 secs] 1805705K->1464153K(4145344K), 1.4491938 secs] [Times: user=3.81 sys=0.03, real=1.45 secs] 
3971.253: [GC 3971.253: [ParNew: 440896K->48960K(440896K), 1.4810641 secs] 1856089K->1516542K(4145344K), 1.4814928 secs] [Times: user=3.91 sys=0.02, real=1.48 secs] 
3993.323: [GC 3993.323: [ParNew: 440896K->48960K(440896K), 1.4755638 secs] 1908478K->1568032K(4145344K), 1.4759942 secs] [Times: user=3.88 sys=0.02, real=1.48 secs] 
4006.478: [GC 4006.478: [ParNew: 440896K->48960K(440896K), 1.6098109 secs] 1959968K->1621489K(4145344K), 1.6102738 secs] [Times: user=4.09 sys=0.03, real=1.61 secs] 
4029.294: [GC 4029.295: [ParNew: 440896K->48959K(440896K), 1.4493855 secs] 2013425K->1673410K(4145344K), 1.4498130 secs] [Times: user=3.86 sys=0.02, real=1.45 secs] 
4040.684: [GC 4040.685: [ParNew: 440895K->48960K(440896K), 1.7468451 secs] 2065346K->1728830K(4145344K), 1.7473502 secs] [Times: user=4.09 sys=0.03, real=1.75 secs] 
4058.441: [GC 4058.441: [ParNew: 440896K->48960K(440896K), 1.5598427 secs] 2120766K->1780581K(4145344K), 1.5603086 secs] [Times: user=4.03 sys=0.03, real=1.56 secs] 
4077.002: [GC 4077.003: [ParNew: 440896K->48960K(440896K), 1.5799908 secs] 2172517K->1834986K(4145344K), 1.5804503 secs] [Times: user=4.17 sys=0.03, real=1.58 secs] 
4093.582: [GC 4093.582: [ParNew: 440896K->48960K(440896K), 1.4843963 secs] 2226922K->1885991K(4145344K), 1.4848218 secs] [Times: user=4.06 sys=0.04, real=1.49 secs] 
4109.780: [GC 4109.781: [ParNew: 440896K->48959K(440896K), 1.9630394 secs] 2277927K->1944922K(4145344K), 1.9634651 secs] [Times: user=4.36 sys=0.07, real=1.96 secs] 
4127.296: [GC 4127.296: [ParNew: 440895K->48959K(440896K), 1.4246479 secs] 2336858K->1990855K(4145344K), 1.4250848 secs] [Times: user=3.87 sys=0.05, real=1.43 secs] 
4153.080: [GC 4153.080: [ParNew: 440895K->48959K(440896K), 1.6453927 secs] 2382791K->2045956K(4145344K), 1.6457901 secs] [Times: user=4.03 sys=0.07, real=1.65 secs] 
4176.058: [GC 4176.058: [ParNew: 440895K->48960K(440896K), 1.4022930 secs] 2437892K->2094903K(4145344K), 1.4027471 secs] [Times: user=3.69 sys=0.06, real=1.40 secs] 
4202.371: [GC 4202.371: [ParNew: 440896K->48959K(440896K), 1.6321170 secs] 2486839K->2146404K(4145344K), 1.6325589 secs] [Times: user=3.96 sys=0.06, real=1.63 secs] 
4222.189: [GC 4222.189: [ParNew: 440895K->48959K(440896K), 1.8143560 secs] 2538340K->2204605K(4145344K), 1.8147992 secs] [Times: user=4.31 sys=0.06, real=1.82 secs] 
4245.251: [GC 4245.251: [ParNew: 440895K->48960K(440896K), 1.5949753 secs] 2596541K->2258713K(4145344K), 1.5954146 secs] [Times: user=4.04 sys=0.04, real=1.60 secs] 
4268.657: [GC 4268.657: [ParNew: 440896K->48959K(440896K), 1.7259079 secs] 2650649K->2316228K(4145344K), 1.7263479 secs] [Times: user=4.15 sys=0.03, real=1.73 secs] 
4287.560: [GC 4287.560: [ParNew: 440895K->48960K(440896K), 1.5142267 secs] 2708164K->2371027K(4145344K), 1.5146737 secs] [Times: user=4.00 sys=0.03, real=1.51 secs] 
4309.681: [GC 4309.681: [ParNew: 440896K->48960K(440896K), 1.4365414 secs] 2762963K->2423311K(4145344K), 1.4369384 secs] [Times: user=3.90 sys=0.03, real=1.44 secs] 
4326.120: [GC 4326.120: [ParNew: 440896K->48960K(440896K), 1.5925897 secs] 2815247K->2477395K(4145344K), 1.5930383 secs] [Times: user=3.93 sys=0.03, real=1.59 secs] 
4355.980: [GC 4355.981: [ParNew: 440896K->48959K(440896K), 1.4894816 secs] 2869331K->2528272K(4145344K), 1.4899273 secs] [Times: user=3.74 sys=0.03, real=1.49 secs] 
4377.316: [GC 4377.317: [ParNew: 440895K->48959K(440896K), 1.3741447 secs] 2920208K->2575494K(4145344K), 1.3745792 secs] [Times: user=3.64 sys=0.04, real=1.37 secs] 
4395.507: [GC 4395.507: [ParNew: 440895K->48959K(440896K), 1.5006525 secs] 2967430K->2628680K(4145344K), 1.5011420 secs] [Times: user=4.11 sys=0.04, real=1.50 secs] 
4412.346: [GC 4412.346: [ParNew: 440895K->48959K(440896K), 1.5051273 secs] 3020616K->2681803K(4145344K), 1.5055765 secs] [Times: user=3.99 sys=0.03, real=1.51 secs] 
4434.320: [GC 4434.320: [ParNew: 440895K->48960K(440896K), 1.5143235 secs] 3073739K->2736059K(4145344K), 1.5147279 secs] [Times: user=4.10 sys=0.03, real=1.51 secs] 
4453.520: [GC 4453.520: [ParNew: 440896K->48960K(440896K), 1.3626637 secs] 3127995K->2786050K(4145344K), 1.3631163 secs] [Times: user=3.69 sys=0.02, real=1.36 secs] 
4479.617: [GC 4479.617: [ParNew: 440896K->48960K(440896K), 1.4984110 secs] 3177986K->2837153K(4145344K), 1.4988329 secs] [Times: user=3.82 sys=0.03, real=1.50 secs] 
4501.518: [GC 4501.519: [ParNew: 440896K->48959K(440896K), 1.4370043 secs] 3229089K->2888506K(4145344K), 1.4374492 secs] [Times: user=4.00 sys=0.04, real=1.44 secs] 
4520.584: [GC 4520.585: [ParNew: 440895K->48960K(440896K), 1.5557896 secs] 3280442K->2944450K(4145344K), 1.5562421 secs] [Times: user=4.17 sys=0.03, real=1.56 secs] 
4544.758: [GC 4544.758: [ParNew: 440896K->48960K(440896K), 1.7244508 secs] 3336386K->3000385K(4145344K), 1.7248943 secs] [Times: user=4.12 sys=0.03, real=1.73 secs] 
4577.400: [GC 4577.400: [ParNew: 440896K->48960K(440896K), 1.2649050 secs] 3392321K->3044480K(4145344K), 1.2653654 secs] [Times: user=3.74 sys=0.02, real=1.27 secs] 
4601.878: [GC 4601.878: [ParNew: 440896K->48960K(440896K), 1.8030329 secs] 3436416K->3103108K(4145344K), 1.8034886 secs] [Times: user=4.40 sys=0.03, real=1.80 secs] 
4623.627: [GC 4623.627: [ParNew: 440896K->48960K(440896K), 1.6385579 secs] 3495044K->3159308K(4145344K), 1.6389666 secs] [Times: user=4.08 sys=0.03, real=1.64 secs] 
4641.699: [GC 4641.699: [ParNew: 440896K->48959K(440896K), 1.6849955 secs] 3551244K->3216303K(4145344K), 1.6854371 secs] [Times: user=4.23 sys=0.02, real=1.69 secs] 
4656.694: [GC 4656.694: [ParNew: 440895K->48959K(440896K), 1.7290263 secs] 3608239K->3273014K(4145344K), 1.7294151 secs] [Times: user=4.10 sys=0.03, real=1.73 secs] 
4672.351: [GC 4672.352: [ParNew: 440895K->48960K(440896K), 1.3664650 secs] 3664950K->3320167K(4145344K), 1.3669259 secs] [Times: user=3.64 sys=0.03, real=1.37 secs] 
4689.753: [GC 4689.753: [ParNew: 440896K->48960K(440896K), 1.3257994 secs] 3712103K->3370452K(4145344K), 1.3262969 secs] [Times: user=3.93 sys=0.03, real=1.33 secs] 
4704.365: [GC 4704.365: [ParNew: 440896K->48959K(440896K), 1.5888262 secs] 3762388K->3425203K(4145344K), 1.5892603 secs] [Times: user=4.02 sys=0.03, real=1.59 secs] 
4705.958: [GC [1 CMS-initial-mark: 3376243K(3704448K)] 3426296K(4145344K), 0.4808906 secs] [Times: user=0.48 sys=0.00, real=0.48 secs] 
4706.439: [CMS-concurrent-mark-start]
4707.304: [CMS-concurrent-mark: 0.865/0.865 secs] [Times: user=8.84 sys=0.11, real=0.86 secs] 
4707.304: [CMS-concurrent-preclean-start]
4707.441: [CMS-concurrent-preclean: 0.135/0.136 secs] [Times: user=0.40 sys=0.01, real=0.14 secs] 
4707.441: [CMS-concurrent-abortable-preclean-start]
 CMS: abort preclean due to time 4713.071: [CMS-concurrent-abortable-preclean: 5.618/5.630 secs] [Times: user=12.97 sys=0.22, real=5.63 secs] 
4713.074: [GC[YG occupancy: 323141 K (440896 K)]4713.074: [Rescan (non-parallel) 4713.074: [grey object rescan, 0.0990620 secs]4713.174: [root rescan, 2.8393332 secs], 2.9387216 secs]4716.013: [weak refs processing, 2.6049230 secs] [1 CMS-remark: 3376243K(3704448K)] 3699385K(4145344K), 5.5479104 secs] [Times: user=5.56 sys=0.00, real=5.55 secs] 
4718.623: [CMS-concurrent-sweep-start]
4720.658: [GC 4720.658: [ParNew: 440895K->48959K(440896K), 1.4256812 secs] 3690700K->3352754K(4145344K), 1.4261146 secs] [Times: user=3.76 sys=0.01, real=1.43 secs] 
4740.695: [GC 4740.695: [ParNew: 440895K->48960K(440896K), 1.3941086 secs] 2820953K->2482575K(4145344K), 1.3945107 secs] [Times: user=3.77 sys=0.01, real=1.39 secs] 
4756.830: [GC 4756.830: [ParNew: 440896K->48960K(440896K), 1.3005697 secs] 2230190K->1888408K(4145344K), 1.3009702 secs] [Times: user=3.59 sys=0.02, real=1.30 secs] 
4771.283: [GC 4771.283: [ParNew: 440896K->48960K(440896K), 1.5125680 secs] 1727570K->1390005K(4145344K), 1.5129662 secs] [Times: user=3.85 sys=0.01, real=1.51 secs] 
4782.859: [GC 4782.859: [ParNew: 440896K->48959K(440896K), 1.3406929 secs] 1349204K->1008726K(4145344K), 1.3411064 secs] [Times: user=3.67 sys=0.01, real=1.34 secs] 
4787.257: [CMS-concurrent-sweep: 61.590/68.634 secs] [Times: user=152.89 sys=2.32, real=68.63 secs] 
4787.257: [CMS-concurrent-reset-start]
4787.286: [CMS-concurrent-reset: 0.029/0.029 secs] [Times: user=0.07 sys=0.00, real=0.03 secs] 
4806.476: [GC 4806.476: [ParNew: 440895K->48959K(440896K), 1.4580309 secs] 1241775K->903389K(4145344K), 1.4584099 secs] [Times: user=3.54 sys=0.02, real=1.46 secs] 
4820.659: [GC 4820.659: [ParNew: 440895K->48960K(440896K), 1.3310378 secs] 1295325K->950934K(4145344K), 1.3314321 secs] [Times: user=3.42 sys=0.01, real=1.33 secs] 
4833.923: [GC 4833.923: [ParNew: 440896K->48960K(440896K), 1.3805532 secs] 1342870K->1003775K(4145344K), 1.3810263 secs] [Times: user=3.55 sys=0.02, real=1.38 secs] 
4848.284: [GC 4848.284: [ParNew: 440896K->48960K(440896K), 1.7749375 secs] 1395711K->1057830K(4145344K), 1.7754129 secs] [Times: user=4.07 sys=0.02, real=1.78 secs] 
4857.618: [GC 4857.618: [ParNew: 440896K->48959K(440896K), 1.7927009 secs] 1449766K->1116516K(4145344K), 1.7932351 secs] [Times: user=4.31 sys=0.03, real=1.79 secs] 
4869.582: [GC 4869.583: [ParNew: 440895K->48959K(440896K), 1.0230941 secs] 1508452K->1161073K(4145344K), 1.0235159 secs] [Times: user=3.53 sys=0.03, real=1.02 secs] 
4881.452: [GC 4881.452: [ParNew: 440895K->48960K(440896K), 1.5997315 secs] 1553009K->1218514K(4145344K), 1.6001607 secs] [Times: user=4.04 sys=0.04, real=1.60 secs] 
4893.195: [GC 4893.196: [ParNew: 440896K->48960K(440896K), 1.7176821 secs] 1610450K->1277739K(4145344K), 1.7180952 secs] [Times: user=4.20 sys=0.03, real=1.72 secs] 
4916.718: [GC 4916.718: [ParNew: 440896K->48959K(440896K), 1.3099506 secs] 1669675K->1325611K(4145344K), 1.3103983 secs] [Times: user=3.62 sys=0.03, real=1.31 secs] 
4928.889: [GC 4928.889: [ParNew: 440895K->48959K(440896K), 1.4041682 secs] 1717547K->1373294K(4145344K), 1.4045931 secs] [Times: user=3.71 sys=0.04, real=1.40 secs] 
4940.084: [GC 4940.084: [ParNew: 440895K->48959K(440896K), 1.2301345 secs] 1765230K->1421244K(4145344K), 1.2305955 secs] [Times: user=3.72 sys=0.04, real=1.23 secs] 
4955.632: [GC 4955.632: [ParNew: 440895K->48960K(440896K), 1.3436313 secs] 1813180K->1472540K(4145344K), 1.3440595 secs] [Times: user=3.78 sys=0.03, real=1.34 secs] 
4975.108: [GC 4975.109: [ParNew: 440896K->48960K(440896K), 1.3078889 secs] 1864476K->1520153K(4145344K), 1.3083090 secs] [Times: user=3.63 sys=0.03, real=1.31 secs] 
4990.693: [GC 4990.693: [ParNew: 440896K->48960K(440896K), 1.4935685 secs] 1912089K->1574822K(4145344K), 1.4940514 secs] [Times: user=4.00 sys=0.03, real=1.49 secs] 
5004.543: [GC 5004.543: [ParNew: 440896K->48960K(440896K), 1.6567673 secs] 1966758K->1629173K(4145344K), 1.6572073 secs] [Times: user=4.00 sys=0.03, real=1.66 secs] 
5018.118: [GC 5018.118: [ParNew: 440896K->48960K(440896K), 1.5273338 secs] 2021109K->1681010K(4145344K), 1.5277198 secs] [Times: user=4.01 sys=0.04, real=1.53 secs] 
5032.692: [GC 5032.692: [ParNew: 440896K->48960K(440896K), 1.4205637 secs] 2072946K->1733304K(4145344K), 1.4210026 secs] [Times: user=3.99 sys=0.04, real=1.42 secs] 
5045.582: [GC 5045.582: [ParNew: 440896K->48960K(440896K), 1.3408348 secs] 2125240K->1784777K(4145344K), 1.3412778 secs] [Times: user=3.97 sys=0.04, real=1.34 secs] 
5059.268: [GC 5059.268: [ParNew: 440896K->48960K(440896K), 1.5906895 secs] 2176713K->1837419K(4145344K), 1.5911271 secs] [Times: user=3.95 sys=0.04, real=1.59 secs] 
5072.555: [GC 5072.555: [ParNew: 440896K->48960K(440896K), 1.3540392 secs] 2229355K->1884708K(4145344K), 1.3544675 secs] [Times: user=3.69 sys=0.03, real=1.35 secs] 
5087.315: [GC 5087.315: [ParNew: 440896K->48960K(440896K), 1.1833502 secs] 2276644K->1929756K(4145344K), 1.1837611 secs] [Times: user=3.59 sys=0.05, real=1.18 secs] 
5107.767: [GC 5107.767: [ParNew: 440896K->48960K(440896K), 1.3496171 secs] 2321692K->1980400K(4145344K), 1.3500402 secs] [Times: user=3.90 sys=0.05, real=1.35 secs] 
5126.982: [GC 5126.982: [ParNew: 440896K->48960K(440896K), 1.6350667 secs] 2372336K->2035619K(4145344K), 1.6355303 secs] [Times: user=4.15 sys=0.04, real=1.64 secs] 
5160.735: [GC 5160.736: [ParNew: 440896K->48960K(440896K), 1.2843418 secs] 2427555K->2081594K(4145344K), 1.2847898 secs] [Times: user=3.76 sys=0.05, real=1.29 secs] 
5180.485: [GC 5180.485: [ParNew: 440896K->48959K(440896K), 1.5099617 secs] 2473530K->2136108K(4145344K), 1.5103779 secs] [Times: user=4.06 sys=0.06, real=1.51 secs] 
5198.569: [GC 5198.569: [ParNew: 440895K->48960K(440896K), 1.5032191 secs] 2528044K->2188008K(4145344K), 1.5036526 secs] [Times: user=3.94 sys=0.05, real=1.50 secs] 
5215.759: [GC 5215.759: [ParNew: 440896K->48959K(440896K), 1.3419853 secs] 2579944K->2236389K(4145344K), 1.3423862 secs] [Times: user=3.76 sys=0.06, real=1.34 secs] 
5231.423: [GC 5231.423: [ParNew: 440895K->48959K(440896K), 1.6360871 secs] 2628325K->2291021K(4145344K), 1.6365310 secs] [Times: user=4.13 sys=0.07, real=1.64 secs] 
5246.982: [GC 5246.982: [ParNew: 440895K->48959K(440896K), 1.3742415 secs] 2682957K->2340215K(4145344K), 1.3746834 secs] [Times: user=3.83 sys=0.06, real=1.37 secs] 
5267.964: [GC 5267.964: [ParNew: 440881K->48960K(440896K), 1.3962170 secs] 2732137K->2387137K(4145344K), 1.3966859 secs] [Times: user=3.88 sys=0.06, real=1.40 secs] 
5290.707: [GC 5290.707: [ParNew: 440896K->48960K(440896K), 1.5162160 secs] 2779073K->2440840K(4145344K), 1.5166388 secs] [Times: user=3.84 sys=0.07, real=1.52 secs] 
5318.358: [GC 5318.359: [ParNew: 440896K->48960K(440896K), 1.4881203 secs] 2832776K->2491621K(4145344K), 1.4885317 secs] [Times: user=3.75 sys=0.07, real=1.49 secs] 
5338.222: [GC 5338.223: [ParNew: 440896K->48959K(440896K), 1.2703632 secs] 2883557K->2537083K(4145344K), 1.2708535 secs] [Times: user=3.96 sys=0.03, real=1.27 secs] 
5357.139: [GC 5357.140: [ParNew: 440895K->48960K(440896K), 1.6304382 secs] 2929019K->2592857K(4145344K), 1.6308587 secs] [Times: user=4.05 sys=0.04, real=1.63 secs] 
5370.249: [GC 5370.250: [ParNew: 440896K->48960K(440896K), 1.5456820 secs] 2984793K->2646636K(4145344K), 1.5461160 secs] [Times: user=4.09 sys=0.05, real=1.55 secs] 
5387.782: [GC 5387.782: [ParNew: 440896K->48960K(440896K), 1.5725592 secs] 3038572K->2701880K(4145344K), 1.5729977 secs] [Times: user=4.06 sys=0.03, real=1.57 secs] 
5406.184: [GC 5406.184: [ParNew: 440896K->48959K(440896K), 1.5282441 secs] 3093816K->2752033K(4145344K), 1.5286827 secs] [Times: user=3.87 sys=0.03, real=1.53 secs] 
5428.926: [GC 5428.926: [ParNew: 440895K->48960K(440896K), 1.6281050 secs] 3143969K->2807542K(4145344K), 1.6285289 secs] [Times: user=4.17 sys=0.04, real=1.63 secs] 
5447.126: [GC 5447.126: [ParNew: 440896K->48960K(440896K), 1.4440512 secs] 3199478K->2858696K(4145344K), 1.4444930 secs] [Times: user=3.93 sys=0.03, real=1.44 secs] 
5461.345: [GC 5461.345: [ParNew: 440896K->48960K(440896K), 1.3477371 secs] 3250632K->2908565K(4145344K), 1.3481761 secs] [Times: user=3.80 sys=0.03, real=1.35 secs] 
5477.586: [GC 5477.586: [ParNew: 440896K->48959K(440896K), 1.3699917 secs] 3300501K->2958690K(4145344K), 1.3704311 secs] [Times: user=3.70 sys=0.03, real=1.37 secs] 
5506.120: [GC 5506.121: [ParNew: 440894K->48960K(440896K), 1.1973967 secs] 3350624K->3004223K(4145344K), 1.1978734 secs] [Times: user=3.62 sys=0.04, real=1.20 secs] 
5523.846: [GC 5523.846: [ParNew: 440896K->48960K(440896K), 1.5894027 secs] 3396159K->3058356K(4145344K), 1.5898188 secs] [Times: user=3.93 sys=0.03, real=1.59 secs] 
5551.296: [GC 5551.296: [ParNew: 440896K->48960K(440896K), 1.4549029 secs] 3450292K->3109792K(4145344K), 1.4553444 secs] [Times: user=3.79 sys=0.03, real=1.46 secs] 
5577.760: [GC 5577.761: [ParNew: 440841K->48960K(440896K), 1.4792462 secs] 3501673K->3160632K(4145344K), 1.4796846 secs] [Times: user=3.94 sys=0.03, real=1.48 secs] 
5593.152: [GC 5593.152: [ParNew: 440896K->48959K(440896K), 1.3591821 secs] 3552568K->3210850K(4145344K), 1.3596638 secs] [Times: user=3.86 sys=0.03, real=1.36 secs] 
5607.455: [GC 5607.455: [ParNew: 440895K->48959K(440896K), 1.6394244 secs] 3602786K->3267594K(4145344K), 1.6398548 secs] [Times: user=4.21 sys=0.03, real=1.64 secs] 
5624.617: [GC 5624.617: [ParNew: 440895K->48959K(440896K), 1.4111696 secs] 3659530K->3315682K(4145344K), 1.4117995 secs] [Times: user=3.79 sys=0.02, real=1.41 secs] 
5640.458: [GC 5640.458: [ParNew: 440895K->48960K(440896K), 1.4605275 secs] 3707618K->3370111K(4145344K), 1.4609740 secs] [Times: user=4.00 sys=0.03, real=1.46 secs] 
5653.405: [GC 5653.405: [ParNew: 440896K->48960K(440896K), 1.7903601 secs] 3762047K->3428450K(4145344K), 1.7907970 secs] [Times: user=4.34 sys=0.03, real=1.79 secs] 
5655.199: [GC [1 CMS-initial-mark: 3379490K(3704448K)] 3429269K(4145344K), 0.4872675 secs] [Times: user=0.48 sys=0.00, real=0.49 secs] 
5655.687: [CMS-concurrent-mark-start]
5656.563: [CMS-concurrent-mark: 0.876/0.876 secs] [Times: user=7.19 sys=0.07, real=0.88 secs] 
5656.563: [CMS-concurrent-preclean-start]
5656.690: [CMS-concurrent-preclean: 0.125/0.127 secs] [Times: user=0.41 sys=0.01, real=0.13 secs] 
5656.690: [CMS-concurrent-abortable-preclean-start]
 CMS: abort preclean due to time 5662.072: [CMS-concurrent-abortable-preclean: 5.372/5.382 secs] [Times: user=14.11 sys=0.26, real=5.38 secs] 
5662.075: [GC[YG occupancy: 317420 K (440896 K)]5662.076: [Rescan (non-parallel) 5662.076: [grey object rescan, 0.0973531 secs]5662.173: [root rescan, 2.7049948 secs], 2.8025983 secs]5664.878: [weak refs processing, 3.0420096 secs] [1 CMS-remark: 3379490K(3704448K)] 3696911K(4145344K), 5.8468691 secs] [Times: user=5.86 sys=0.00, real=5.85 secs] 
5667.923: [CMS-concurrent-sweep-start]
5670.308: [GC 5670.308: [ParNew: 440896K->48959K(440896K), 1.3146779 secs] 3671780K->3328436K(4145344K), 1.3151406 secs] [Times: user=3.82 sys=0.01, real=1.32 secs] 
5684.971: [GC 5684.971: [ParNew: 440895K->48960K(440896K), 1.2712397 secs] 3018184K->2674923K(4145344K), 1.2716886 secs] [Times: user=3.72 sys=0.02, real=1.27 secs] 
5700.942: [GC 5700.942: [ParNew: 440896K->48959K(440896K), 1.3564733 secs] 2397395K->2057554K(4145344K), 1.3569237 secs] [Times: user=3.65 sys=0.01, real=1.36 secs] 
5727.677: [GC 5727.677: [ParNew: 440895K->48959K(440896K), 1.4797024 secs] 1327468K->987915K(4145344K), 1.4801262 secs] [Times: user=3.74 sys=0.01, real=1.48 secs] 
5731.574: [CMS-concurrent-sweep: 58.193/63.651 secs] [Times: user=129.48 sys=2.10, real=63.65 secs] 
5731.575: [CMS-concurrent-reset-start]
5731.604: [CMS-concurrent-reset: 0.029/0.029 secs] [Times: user=0.06 sys=0.00, real=0.03 secs] 
5757.562: [GC 5757.562: [ParNew: 440895K->48960K(440896K), 1.3974381 secs] 1257779K->913579K(4145344K), 1.3978582 secs] [Times: user=3.44 sys=0.02, real=1.40 secs] 
5771.376: [GC 5771.376: [ParNew: 440896K->48960K(440896K), 1.2765660 secs] 1305515K->964268K(4145344K), 1.2769859 secs] [Times: user=3.46 sys=0.02, real=1.28 secs] 
5788.417: [GC 5788.418: [ParNew: 440896K->48960K(440896K), 1.4706707 secs] 1356204K->1020088K(4145344K), 1.4710970 secs] [Times: user=3.66 sys=0.01, real=1.47 secs] 
5801.402: [GC 5801.402: [ParNew: 440896K->48960K(440896K), 1.3950574 secs] 1412024K->1069373K(4145344K), 1.3955353 secs] [Times: user=3.60 sys=0.01, real=1.40 secs] 
5814.850: [GC 5814.851: [ParNew: 440896K->48960K(440896K), 1.3938309 secs] 1461309K->1121101K(4145344K), 1.3942868 secs] [Times: user=3.84 sys=0.01, real=1.39 secs] 
5827.514: [GC 5827.514: [ParNew: 440896K->48960K(440896K), 1.3355439 secs] 1513037K->1172079K(4145344K), 1.3359636 secs] [Times: user=3.96 sys=0.03, real=1.34 secs] 
5843.383: [GC 5843.383: [ParNew: 440896K->48959K(440896K), 1.4914061 secs] 1564015K->1223420K(4145344K), 1.4918359 secs] [Times: user=3.85 sys=0.04, real=1.49 secs] 
5854.182: [GC 5854.182: [ParNew: 440895K->48960K(440896K), 1.3758020 secs] 1615356K->1277163K(4145344K), 1.3762231 secs] [Times: user=4.16 sys=0.04, real=1.38 secs] 
5868.483: [GC 5868.484: [ParNew: 440896K->48960K(440896K), 1.6055925 secs] 1669099K->1331912K(4145344K), 1.6060259 secs] [Times: user=3.91 sys=0.04, real=1.61 secs] 
5884.175: [GC 5884.175: [ParNew: 440890K->48960K(440896K), 1.4378380 secs] 1723843K->1378877K(4145344K), 1.4382699 secs] [Times: user=3.64 sys=0.04, real=1.44 secs] 
5892.734: [GC 5892.734: [ParNew: 440896K->48960K(440896K), 1.7617008 secs] 1770813K->1433940K(4145344K), 1.7622270 secs] [Times: user=4.16 sys=0.04, real=1.76 secs] 
5902.980: [GC 5902.980: [ParNew: 440896K->48960K(440896K), 1.4928711 secs] 1825876K->1486662K(4145344K), 1.4932833 secs] [Times: user=3.92 sys=0.03, real=1.49 secs] 
5914.666: [GC 5914.666: [ParNew: 440896K->48960K(440896K), 1.4002238 secs] 1878598K->1536859K(4145344K), 1.4006928 secs] [Times: user=3.99 sys=0.03, real=1.40 secs] 
5923.769: [GC 5923.770: [ParNew: 440896K->48960K(440896K), 1.3601664 secs] 1928795K->1586954K(4145344K), 1.3606220 secs] [Times: user=3.82 sys=0.04, real=1.36 secs] 
5932.408: [GC 5932.409: [ParNew: 440896K->48959K(440896K), 1.6907083 secs] 1978890K->1643888K(4145344K), 1.6911590 secs] [Times: user=4.23 sys=0.04, real=1.69 secs] 
5943.484: [GC 5943.484: [ParNew: 440895K->48960K(440896K), 1.1667221 secs] 2035824K->1688428K(4145344K), 1.1671764 secs] [Times: user=3.57 sys=0.03, real=1.17 secs] 
5953.774: [GC 5953.774: [ParNew: 440896K->48960K(440896K), 1.4324446 secs] 2080364K->1741446K(4145344K), 1.4328961 secs] [Times: user=4.01 sys=0.04, real=1.43 secs] 
5966.495: [GC 5966.495: [ParNew: 440896K->48959K(440896K), 1.5638276 secs] 2133382K->1795941K(4145344K), 1.5642608 secs] [Times: user=4.04 sys=0.04, real=1.56 secs] 
5980.409: [GC 5980.409: [ParNew: 440895K->48960K(440896K), 1.2050711 secs] 2187877K->1843484K(4145344K), 1.2055057 secs] [Times: user=3.74 sys=0.04, real=1.21 secs] 
5987.932: [GC 5987.932: [ParNew: 440896K->48960K(440896K), 1.4135777 secs] 2235420K->1879299K(4145344K), 1.4140486 secs] [Times: user=3.02 sys=0.02, real=1.41 secs] 
5997.681: [GC 5997.681: [ParNew: 440896K->48960K(440896K), 1.4175254 secs] 2271235K->1930194K(4145344K), 1.4179579 secs] [Times: user=3.91 sys=0.04, real=1.42 secs] 
6015.090: [GC 6015.091: [ParNew: 440896K->48960K(440896K), 1.2491661 secs] 2322130K->1976670K(4145344K), 1.2496157 secs] [Times: user=3.60 sys=0.04, real=1.25 secs] 
6034.557: [GC 6034.557: [ParNew: 440896K->48959K(440896K), 1.3776648 secs] 2368606K->2023378K(4145344K), 1.3780813 secs] [Times: user=3.61 sys=0.03, real=1.38 secs] 
6056.644: [GC 6056.645: [ParNew: 440895K->48960K(440896K), 1.2402185 secs] 2415314K->2070106K(4145344K), 1.2406972 secs] [Times: user=3.64 sys=0.04, real=1.24 secs] 
6070.183: [GC 6070.183: [ParNew: 440712K->48960K(440896K), 1.2792473 secs] 2461859K->2119952K(4145344K), 1.2796749 secs] [Times: user=3.74 sys=0.05, real=1.28 secs] 
6087.575: [GC 6087.575: [ParNew: 440896K->48959K(440896K), 1.3157168 secs] 2511888K->2168300K(4145344K), 1.3161792 secs] [Times: user=3.72 sys=0.06, real=1.32 secs] 
6104.205: [GC 6104.205: [ParNew: 440881K->48960K(440896K), 1.3777912 secs] 2560221K->2220308K(4145344K), 1.3782454 secs] [Times: user=3.92 sys=0.05, real=1.38 secs] 
6121.637: [GC 6121.638: [ParNew: 440896K->48959K(440896K), 1.2513552 secs] 2612244K->2269611K(4145344K), 1.2517860 secs] [Times: user=3.69 sys=0.05, real=1.25 secs] 
6132.927: [GC 6132.928: [ParNew: 440895K->48960K(440896K), 1.1377845 secs] 2661547K->2315173K(4145344K), 1.1382034 secs] [Times: user=3.45 sys=0.04, real=1.14 secs] 
6152.737: [GC 6152.737: [ParNew: 440896K->48959K(440896K), 1.6153788 secs] 2707109K->2366512K(4145344K), 1.6158595 secs] [Times: user=3.86 sys=0.04, real=1.62 secs] 
6171.928: [GC 6171.929: [ParNew: 440895K->48960K(440896K), 1.4766548 secs] 2758448K->2417578K(4145344K), 1.4771389 secs] [Times: user=4.13 sys=0.05, real=1.48 secs] 
6194.680: [GC 6194.681: [ParNew: 440896K->48960K(440896K), 1.2978057 secs] 2809514K->2466826K(4145344K), 1.2982404 secs] [Times: user=3.77 sys=0.05, real=1.30 secs] 
6215.816: [GC 6215.816: [ParNew: 440896K->48960K(440896K), 1.4537660 secs] 2858762K->2517265K(4145344K), 1.4542252 secs] [Times: user=4.03 sys=0.06, real=1.45 secs] 
6233.690: [GC 6233.690: [ParNew: 440896K->48959K(440896K), 1.3713840 secs] 2909201K->2564504K(4145344K), 1.3717812 secs] [Times: user=3.62 sys=0.07, real=1.37 secs] 
6252.643: [GC 6252.643: [ParNew: 440895K->48960K(440896K), 1.2699508 secs] 2956440K->2612242K(4145344K), 1.2704021 secs] [Times: user=3.83 sys=0.07, real=1.27 secs] 
6269.900: [GC 6269.900: [ParNew: 440896K->48960K(440896K), 1.6297115 secs] 3004178K->2667739K(4145344K), 1.6304453 secs] [Times: user=4.10 sys=0.06, real=1.63 secs] 
6289.836: [GC 6289.837: [ParNew: 440882K->48959K(440896K), 1.3454634 secs] 3059661K->2716363K(4145344K), 1.3458982 secs] [Times: user=3.77 sys=0.04, real=1.35 secs] 
6299.106: [GC 6299.106: [ParNew: 440895K->48960K(440896K), 1.4458562 secs] 3108299K->2768248K(4145344K), 1.4462448 secs] [Times: user=3.88 sys=0.04, real=1.45 secs] 
6335.480: [GC 6335.480: [ParNew: 440896K->48960K(440896K), 1.3245491 secs] 3160184K->2817403K(4145344K), 1.3249986 secs] [Times: user=3.83 sys=0.03, real=1.33 secs] 
6358.910: [GC 6358.910: [ParNew: 440896K->48959K(440896K), 1.5680323 secs] 3209339K->2868658K(4145344K), 1.5684828 secs] [Times: user=3.95 sys=0.04, real=1.57 secs] 
6378.829: [GC 6378.829: [ParNew: 440895K->48960K(440896K), 1.2876082 secs] 3260594K->2918759K(4145344K), 1.2880545 secs] [Times: user=3.96 sys=0.04, real=1.29 secs] 
6403.033: [GC 6403.033: [ParNew: 440896K->48960K(440896K), 1.4654954 secs] 3310695K->2971969K(4145344K), 1.4659352 secs] [Times: user=3.89 sys=0.04, real=1.47 secs] 
6423.849: [GC 6423.849: [ParNew: 440896K->48960K(440896K), 1.6524424 secs] 3363905K->3026437K(4145344K), 1.6528856 secs] [Times: user=3.95 sys=0.03, real=1.65 secs] 
6439.516: [GC 6439.516: [ParNew: 440896K->48960K(440896K), 1.3427817 secs] 3418373K->3075267K(4145344K), 1.3432745 secs] [Times: user=3.77 sys=0.03, real=1.34 secs] 
6465.217: [GC 6465.217: [ParNew: 440896K->48960K(440896K), 1.4709343 secs] 3467203K->3127494K(4145344K), 1.4713973 secs] [Times: user=3.90 sys=0.03, real=1.47 secs] 
6486.319: [GC 6486.319: [ParNew: 440896K->48960K(440896K), 1.4869412 secs] 3519430K->3178569K(4145344K), 1.4873668 secs] [Times: user=3.82 sys=0.03, real=1.49 secs] 
6507.620: [GC 6507.621: [ParNew: 440896K->48959K(440896K), 1.6068536 secs] 3570505K->3232753K(4145344K), 1.6073270 secs] [Times: user=3.96 sys=0.03, real=1.61 secs] 
6526.087: [GC 6526.087: [ParNew: 440895K->48960K(440896K), 1.5156942 secs] 3624689K->3282084K(4145344K), 1.5161032 secs] [Times: user=3.81 sys=0.03, real=1.52 secs] 
6545.496: [GC 6545.496: [ParNew: 440856K->48959K(440896K), 1.4021499 secs] 3673980K->3334796K(4145344K), 1.4025657 secs] [Times: user=3.89 sys=0.03, real=1.40 secs] 
6569.242: [GC 6569.242: [ParNew: 440895K->48960K(440896K), 1.4894840 secs] 3726732K->3386825K(4145344K), 1.4899502 secs] [Times: user=3.88 sys=0.03, real=1.49 secs] 
6585.054: [GC 6585.054: [ParNew: 440896K->48960K(440896K), 1.4616791 secs] 3778761K->3439011K(4145344K), 1.4621428 secs] [Times: user=3.83 sys=0.02, real=1.46 secs] 
6586.519: [GC [1 CMS-initial-mark: 3390051K(3704448K)] 3439606K(4145344K), 0.4896975 secs] [Times: user=0.49 sys=0.01, real=0.49 secs] 
6587.010: [CMS-concurrent-mark-start]
6587.838: [CMS-concurrent-mark: 0.829/0.829 secs] [Times: user=6.44 sys=0.07, real=0.83 secs] 
6587.839: [CMS-concurrent-preclean-start]
6587.972: [CMS-concurrent-preclean: 0.132/0.134 secs] [Times: user=0.16 sys=0.00, real=0.13 secs] 
6587.973: [CMS-concurrent-abortable-preclean-start]
 CMS: abort preclean due to time 6593.072: [CMS-concurrent-abortable-preclean: 5.095/5.099 secs] [Times: user=9.47 sys=0.17, real=5.10 secs] 
6593.075: [GC[YG occupancy: 194404 K (440896 K)]6593.076: [Rescan (non-parallel) 6593.076: [grey object rescan, 0.0967020 secs]6593.173: [root rescan, 1.7733476 secs], 1.8703682 secs]6594.946: [weak refs processing, 3.0380972 secs] [1 CMS-remark: 3390051K(3704448K)] 3584456K(4145344K), 4.9106100 secs] [Times: user=4.92 sys=0.00, real=4.91 secs] 
6597.987: [CMS-concurrent-sweep-start]
6605.061: [GC 6605.061: [ParNew: 440892K->48960K(440896K), 1.5404735 secs] 3413004K->3075611K(4145344K), 1.5409611 secs] [Times: user=3.89 sys=0.01, real=1.54 secs] 
6625.603: [GC 6625.603: [ParNew: 440896K->48960K(440896K), 1.3796044 secs] 2559883K->2214740K(4145344K), 1.3800377 secs] [Times: user=4.98 sys=0.01, real=1.38 secs] 
6640.231: [GC 6640.231: [ParNew: 440896K->48960K(440896K), 1.5894517 secs] 2013078K->1679331K(4145344K), 1.5898651 secs] [Times: user=3.89 sys=0.01, real=1.59 secs] 
6654.212: [GC 6654.213: [ParNew: 440896K->48960K(440896K), 1.2604041 secs] 1543288K->1202415K(4145344K), 1.2608681 secs] [Times: user=3.75 sys=0.01, real=1.26 secs] 
6663.265: [CMS-concurrent-sweep: 59.460/65.278 secs] [Times: user=147.32 sys=2.17, real=65.28 secs] 
6663.265: [CMS-concurrent-reset-start]
6663.294: [CMS-concurrent-reset: 0.029/0.029 secs] [Times: user=0.08 sys=0.01, real=0.03 secs] 
6667.457: [GC 6667.457: [ParNew: 440896K->48959K(440896K), 1.3888956 secs] 1248524K->910433K(4145344K), 1.3892808 secs] [Times: user=3.54 sys=0.02, real=1.39 secs] 
6683.024: [GC 6683.024: [ParNew: 440895K->48959K(440896K), 1.3083435 secs] 1302369K->960564K(4145344K), 1.3087901 secs] [Times: user=3.59 sys=0.02, real=1.31 secs] 
6698.381: [GC 6698.381: [ParNew: 440895K->48959K(440896K), 1.4058656 secs] 1352500K->1014906K(4145344K), 1.4063438 secs] [Times: user=3.59 sys=0.01, real=1.41 secs] 
6713.000: [GC 6713.000: [ParNew: 440895K->48960K(440896K), 1.4342526 secs] 1406842K->1067109K(4145344K), 1.4346695 secs] [Times: user=3.80 sys=0.02, real=1.43 secs] 
6731.429: [GC 6731.429: [ParNew: 440896K->48959K(440896K), 1.6349675 secs] 1459045K->1119885K(4145344K), 1.6354392 secs] [Times: user=4.00 sys=0.01, real=1.64 secs] 
6739.975: [GC 6739.976: [ParNew: 440895K->48960K(440896K), 1.2497895 secs] 1511821K->1170320K(4145344K), 1.2502278 secs] [Times: user=4.01 sys=0.02, real=1.25 secs] 
6751.232: [GC 6751.233: [ParNew: 440896K->48959K(440896K), 1.5516150 secs] 1562256K->1225033K(4145344K), 1.5520570 secs] [Times: user=4.10 sys=0.04, real=1.55 secs] 
6768.640: [GC 6768.640: [ParNew: 440895K->48959K(440896K), 1.5011736 secs] 1616969K->1273588K(4145344K), 1.5016163 secs] [Times: user=3.74 sys=0.03, real=1.50 secs] 
6780.961: [GC 6780.961: [ParNew: 440895K->48959K(440896K), 1.4875921 secs] 1665524K->1323954K(4145344K), 1.4881003 secs] [Times: user=4.05 sys=0.04, real=1.49 secs] 
6797.933: [GC 6797.933: [ParNew: 440895K->48959K(440896K), 1.1727466 secs] 1715890K->1373096K(4145344K), 1.1732095 secs] [Times: user=3.83 sys=0.04, real=1.17 secs] 
6809.481: [GC 6809.482: [ParNew: 440895K->48960K(440896K), 1.3597153 secs] 1765032K->1425467K(4145344K), 1.3601546 secs] [Times: user=3.79 sys=0.04, real=1.36 secs] 
6824.163: [GC 6824.163: [ParNew: 440896K->48959K(440896K), 1.1422817 secs] 1817403K->1469296K(4145344K), 1.1427472 secs] [Times: user=3.46 sys=0.03, real=1.14 secs] 
6836.917: [GC 6836.918: [ParNew: 440895K->48959K(440896K), 1.3660842 secs] 1861232K->1522818K(4145344K), 1.3665408 secs] [Times: user=3.98 sys=0.04, real=1.37 secs] 
6859.681: [GC 6859.682: [ParNew: 440895K->48960K(440896K), 1.4947490 secs] 1914754K->1575027K(4145344K), 1.4951891 secs] [Times: user=3.94 sys=0.03, real=1.50 secs] 
6880.178: [GC 6880.178: [ParNew: 440896K->48960K(440896K), 1.5473547 secs] 1966963K->1625592K(4145344K), 1.5477724 secs] [Times: user=4.00 sys=0.04, real=1.55 secs] 
6901.892: [GC 6901.892: [ParNew: 440896K->48960K(440896K), 1.3457506 secs] 2017528K->1672467K(4145344K), 1.3462384 secs] [Times: user=3.63 sys=0.03, real=1.35 secs] 
6921.902: [GC 6921.902: [ParNew: 440896K->48959K(440896K), 1.3618511 secs] 2064403K->1722321K(4145344K), 1.3623493 secs] [Times: user=3.86 sys=0.04, real=1.36 secs] 
6941.568: [GC 6941.569: [ParNew: 440895K->48960K(440896K), 1.2775389 secs] 2114257K->1773533K(4145344K), 1.2780066 secs] [Times: user=3.85 sys=0.04, real=1.28 secs] 
6957.251: [GC 6957.251: [ParNew: 440896K->48960K(440896K), 1.2611250 secs] 2165469K->1821264K(4145344K), 1.2615665 secs] [Times: user=3.73 sys=0.04, real=1.26 secs] 
6970.782: [GC 6970.783: [ParNew: 440896K->48959K(440896K), 1.5855687 secs] 2213200K->1873337K(4145344K), 1.5860126 secs] [Times: user=3.98 sys=0.03, real=1.59 secs] 
6978.701: [GC 6978.701: [ParNew: 440895K->48960K(440896K), 1.4291463 secs] 2265273K->1925273K(4145344K), 1.4296247 secs] [Times: user=4.04 sys=0.03, real=1.43 secs] 
6993.169: [GC 6993.169: [ParNew: 440896K->48960K(440896K), 1.6673846 secs] 2317209K->1982165K(4145344K), 1.6678287 secs] [Times: user=4.16 sys=0.04, real=1.67 secs] 
7007.290: [GC 7007.290: [ParNew: 440896K->48960K(440896K), 1.4084237 secs] 2374101K->2031968K(4145344K), 1.4233989 secs] [Times: user=3.81 sys=0.04, real=1.42 secs] 
7021.144: [GC 7021.144: [ParNew: 440896K->48960K(440896K), 1.6420724 secs] 2423904K->2087465K(4145344K), 1.6425219 secs] [Times: user=4.14 sys=0.04, real=1.64 secs] 
7033.182: [GC 7033.182: [ParNew: 440808K->48960K(440896K), 1.5884986 secs] 2479314K->2140039K(4145344K), 1.5889609 secs] [Times: user=4.19 sys=0.04, real=1.59 secs] 
7050.359: [GC 7050.359: [ParNew: 440896K->48960K(440896K), 1.3627070 secs] 2531975K->2188184K(4145344K), 1.3631928 secs] [Times: user=3.72 sys=0.06, real=1.36 secs] 
7074.044: [GC 7074.044: [ParNew: 440896K->48960K(440896K), 1.0912541 secs] 2580120K->2229712K(4145344K), 1.0917405 secs] [Times: user=3.36 sys=0.06, real=1.09 secs] 
7088.271: [GC 7088.272: [ParNew: 440896K->48960K(440896K), 1.4099508 secs] 2621648K->2280146K(4145344K), 1.4104162 secs] [Times: user=3.90 sys=0.07, real=1.41 secs] 
7116.577: [GC 7116.577: [ParNew: 440896K->48959K(440896K), 1.4006972 secs] 2672082K->2329971K(4145344K), 1.4011677 secs] [Times: user=3.77 sys=0.05, real=1.40 secs] 
7140.148: [GC 7140.148: [ParNew: 440895K->48959K(440896K), 1.5966083 secs] 2721907K->2384640K(4145344K), 1.5970494 secs] [Times: user=4.08 sys=0.05, real=1.60 secs] 
7159.277: [GC 7159.277: [ParNew: 440895K->48960K(440896K), 1.5365738 secs] 2776576K->2437339K(4145344K), 1.5370250 secs] [Times: user=3.95 sys=0.05, real=1.54 secs] 
7178.882: [GC 7178.883: [ParNew: 440896K->48960K(440896K), 1.5230476 secs] 2829275K->2488672K(4145344K), 1.5235167 secs] [Times: user=3.94 sys=0.05, real=1.52 secs] 
7199.338: [GC 7199.338: [ParNew: 440896K->48960K(440896K), 1.2025331 secs] 2880608K->2533665K(4145344K), 1.2030057 secs] [Times: user=3.78 sys=0.04, real=1.20 secs] 
7222.156: [GC 7222.157: [ParNew: 440896K->48960K(440896K), 1.4267562 secs] 2925601K->2585492K(4145344K), 1.4272174 secs] [Times: user=3.89 sys=0.05, real=1.43 secs] 
7240.000: [GC 7240.000: [ParNew: 440896K->48959K(440896K), 1.3366794 secs] 2977428K->2633343K(4145344K), 1.3371417 secs] [Times: user=3.74 sys=0.03, real=1.34 secs] 
7251.474: [GC 7251.492: [ParNew: 440895K->48960K(440896K), 1.5570418 secs] 3025279K->2687013K(4145344K), 1.5575896 secs] [Times: user=4.20 sys=0.05, real=1.58 secs] 
7270.507: [GC 7270.507: [ParNew: 440896K->48960K(440896K), 1.1180733 secs] 3078949K->2731653K(4145344K), 1.1185520 secs] [Times: user=3.66 sys=0.05, real=1.12 secs] 
7290.300: [GC 7290.300: [ParNew: 440896K->48959K(440896K), 1.2705554 secs] 3123589K->2780612K(4145344K), 1.2709940 secs] [Times: user=3.66 sys=0.04, real=1.27 secs] 
7303.790: [GC 7303.790: [ParNew: 440895K->48960K(440896K), 1.6032257 secs] 3172548K->2832776K(4145344K), 1.6036755 secs] [Times: user=4.08 sys=0.05, real=1.60 secs] 
7316.190: [GC 7316.190: [ParNew: 440896K->48960K(440896K), 1.3357830 secs] 3224712K->2882378K(4145344K), 1.3362742 secs] [Times: user=3.96 sys=0.03, real=1.34 secs] 
7331.637: [GC 7331.638: [ParNew: 440896K->48960K(440896K), 1.3598656 secs] 3274314K->2933853K(4145344K), 1.3603639 secs] [Times: user=3.90 sys=0.03, real=1.36 secs] 
7343.475: [GC 7343.475: [ParNew: 440896K->48960K(440896K), 1.4356527 secs] 3325789K->2984525K(4145344K), 1.4361081 secs] [Times: user=3.77 sys=0.03, real=1.44 secs] 
7362.905: [GC 7362.905: [ParNew: 440896K->48960K(440896K), 1.4094645 secs] 3376461K->3011061K(4145344K), 1.4099107 secs] [Times: user=2.53 sys=0.02, real=1.41 secs] 
7387.973: [GC 7387.973: [ParNew: 440896K->48960K(440896K), 1.3402270 secs] 3402997K->3057567K(4145344K), 1.3406776 secs] [Times: user=3.75 sys=0.03, real=1.34 secs] 
7407.450: [GC 7407.450: [ParNew: 440896K->48960K(440896K), 1.4717912 secs] 3449503K->3084060K(4145344K), 1.4722483 secs] [Times: user=2.61 sys=0.02, real=1.47 secs] 
7426.689: [GC 7426.689: [ParNew: 440896K->48959K(440896K), 1.3035699 secs] 3475996K->3133164K(4145344K), 1.3040391 secs] [Times: user=4.04 sys=0.05, real=1.30 secs] 
7442.146: [GC 7442.147: [ParNew: 440895K->48960K(440896K), 1.3301544 secs] 3525100K->3183114K(4145344K), 1.3306176 secs] [Times: user=3.89 sys=0.05, real=1.33 secs] 
7455.339: [GC 7455.339: [ParNew: 440896K->48960K(440896K), 1.1689875 secs] 3575050K->3228821K(4145344K), 1.1694192 secs] [Times: user=3.65 sys=0.05, real=1.17 secs] 
7473.404: [GC 7473.404: [ParNew: 440896K->48960K(440896K), 1.5045835 secs] 3620757K->3283659K(4145344K), 1.5050469 secs] [Times: user=4.01 sys=0.04, real=1.51 secs] 
7495.155: [GC 7495.155: [ParNew: 440896K->48959K(440896K), 1.8072087 secs] 3675595K->3340915K(4145344K), 1.8076951 secs] [Times: user=4.30 sys=0.03, real=1.81 secs] 
7515.348: [GC 7515.348: [ParNew: 440895K->48960K(440896K), 1.6829880 secs] 3732851K->3393369K(4145344K), 1.6834231 secs] [Times: user=3.97 sys=0.03, real=1.68 secs] 
7544.506: [GC 7544.506: [ParNew: 440896K->48960K(440896K), 1.1138833 secs] 3785305K->3439310K(4145344K), 1.1143623 secs] [Times: user=3.62 sys=0.03, real=1.11 secs] 
7563.054: [GC 7563.054: [ParNew: 440896K->48959K(440896K), 1.4660660 secs] 3831246K->3491307K(4145344K), 1.4664947 secs] [Times: user=3.91 sys=0.04, real=1.47 secs] 
7564.524: [GC [1 CMS-initial-mark: 3442347K(3704448K)] 3492484K(4145344K), 0.4754490 secs] [Times: user=0.47 sys=0.01, real=0.48 secs] 
7565.000: [CMS-concurrent-mark-start]
7565.895: [CMS-concurrent-mark: 0.886/0.894 secs] [Times: user=8.15 sys=0.07, real=0.89 secs] 
7565.895: [CMS-concurrent-preclean-start]
7566.021: [CMS-concurrent-preclean: 0.124/0.126 secs] [Times: user=0.63 sys=0.01, real=0.13 secs] 
7566.021: [CMS-concurrent-abortable-preclean-start]
 CMS: abort preclean due to time 7571.553: [CMS-concurrent-abortable-preclean: 5.525/5.532 secs] [Times: user=10.77 sys=0.20, real=5.53 secs] 
7571.556: [GC[YG occupancy: 247589 K (440896 K)]7571.556: [Rescan (non-parallel) 7571.556: [grey object rescan, 0.0996883 secs]7571.656: [root rescan, 2.2233496 secs], 2.3233115 secs]7573.879: [weak refs processing, 2.8559567 secs] [1 CMS-remark: 3442347K(3704448K)] 3689937K(4145344K), 5.1821994 secs] [Times: user=5.19 sys=0.01, real=5.18 secs] 
7576.739: [CMS-concurrent-sweep-start]
7587.725: [GC 7587.725: [ParNew: 440895K->48960K(440896K), 1.2796400 secs] 3209490K->2869456K(4145344K), 1.2801507 secs] [Times: user=3.68 sys=0.01, real=1.28 secs] 
7618.895: [GC 7618.895: [ParNew: 440896K->48960K(440896K), 1.2617534 secs] 1820981K->1477436K(4145344K), 1.2621814 secs] [Times: user=3.59 sys=0.02, real=1.26 secs] 
7635.882: [CMS-concurrent-sweep: 56.590/59.143 secs] [Times: user=105.22 sys=1.62, real=59.14 secs] 
7635.882: [CMS-concurrent-reset-start]
7635.911: [CMS-concurrent-reset: 0.029/0.029 secs] [Times: user=0.08 sys=0.00, real=0.03 secs] 
7635.939: [GC 7635.939: [ParNew: 440896K->48960K(440896K), 1.4446597 secs] 1117458K->776270K(4145344K), 1.4451217 secs] [Times: user=3.50 sys=0.01, real=1.45 secs] 
7650.528: [GC 7650.528: [ParNew: 440896K->48959K(440896K), 1.3996296 secs] 1168206K->831565K(4145344K), 1.4001041 secs] [Times: user=3.76 sys=0.02, real=1.40 secs] 
7661.200: [GC 7661.200: [ParNew: 440895K->48960K(440896K), 1.3612766 secs] 1223501K->882699K(4145344K), 1.3617489 secs] [Times: user=3.55 sys=0.02, real=1.36 secs] 
7680.258: [GC 7680.258: [ParNew: 440896K->48960K(440896K), 1.3187596 secs] 1274635K->931560K(4145344K), 1.3192651 secs] [Times: user=3.47 sys=0.02, real=1.32 secs] 
7708.890: [GC 7708.890: [ParNew: 440896K->48959K(440896K), 1.3846226 secs] 1323496K->978549K(4145344K), 1.3850825 secs] [Times: user=3.64 sys=0.01, real=1.39 secs] 
7723.035: [GC 7723.035: [ParNew: 440895K->48960K(440896K), 1.5938173 secs] 1370485K->1032864K(4145344K), 1.5942833 secs] [Times: user=4.29 sys=0.03, real=1.59 secs] 
7738.982: [GC 7738.982: [ParNew: 440896K->48960K(440896K), 1.5821491 secs] 1424800K->1086343K(4145344K), 1.5826217 secs] [Times: user=4.43 sys=0.03, real=1.58 secs] 
7755.042: [GC 7755.043: [ParNew: 440896K->48960K(440896K), 1.6493700 secs] 1478279K->1141855K(4145344K), 1.6498815 secs] [Times: user=4.20 sys=0.04, real=1.65 secs] 
7777.713: [GC 7777.714: [ParNew: 440896K->48960K(440896K), 1.4672881 secs] 1533791K->1193583K(4145344K), 1.4677604 secs] [Times: user=3.91 sys=0.03, real=1.47 secs] 
7796.444: [GC 7796.444: [ParNew: 440896K->48959K(440896K), 1.6214874 secs] 1585519K->1246368K(4145344K), 1.6292536 secs] [Times: user=3.93 sys=0.03, real=1.63 secs] 
7813.430: [GC 7813.430: [ParNew: 440895K->48960K(440896K), 1.3701524 secs] 1638304K->1291535K(4145344K), 1.3706054 secs] [Times: user=3.79 sys=0.03, real=1.37 secs] 
7831.188: [GC 7831.188: [ParNew: 440896K->48960K(440896K), 1.1746799 secs] 1683471K->1339902K(4145344K), 1.1751730 secs] [Times: user=3.66 sys=0.03, real=1.18 secs] 
7846.789: [GC 7846.790: [ParNew: 440896K->48959K(440896K), 1.4636046 secs] 1731838K->1392905K(4145344K), 1.4640621 secs] [Times: user=3.97 sys=0.03, real=1.46 secs] 
7859.777: [GC 7859.777: [ParNew: 440895K->48960K(440896K), 1.3992074 secs] 1784841K->1444300K(4145344K), 1.3996835 secs] [Times: user=4.04 sys=0.02, real=1.40 secs] 
7876.618: [GC 7876.618: [ParNew: 440896K->48960K(440896K), 1.6128951 secs] 1836236K->1501081K(4145344K), 1.6133349 secs] [Times: user=4.04 sys=0.03, real=1.61 secs] 
7895.565: [GC 7895.565: [ParNew: 440896K->48960K(440896K), 1.5100473 secs] 1893017K->1551897K(4145344K), 1.5105104 secs] [Times: user=3.98 sys=0.02, real=1.51 secs] 
7920.350: [GC 7920.350: [ParNew: 440896K->48959K(440896K), 1.5225628 secs] 1943833K->1603943K(4145344K), 1.5230106 secs] [Times: user=3.90 sys=0.02, real=1.52 secs] 
7938.064: [GC 7938.064: [ParNew: 440895K->48960K(440896K), 1.7300216 secs] 1995879K->1656400K(4145344K), 1.7304692 secs] [Times: user=4.17 sys=0.03, real=1.73 secs] 
7954.893: [GC 7954.893: [ParNew: 440896K->48960K(440896K), 1.3504649 secs] 2048336K->1707023K(4145344K), 1.3509330 secs] [Times: user=3.79 sys=0.03, real=1.35 secs] 
7971.910: [GC 7971.910: [ParNew: 440896K->48959K(440896K), 1.3441276 secs] 2098959K->1755612K(4145344K), 1.3445773 secs] [Times: user=3.71 sys=0.04, real=1.34 secs] 
7996.420: [GC 7996.421: [ParNew: 440895K->48960K(440896K), 1.0368678 secs] 2147548K->1798173K(4145344K), 1.0373637 secs] [Times: user=3.61 sys=0.04, real=1.04 secs] 
8012.063: [GC 8012.063: [ParNew: 440896K->48960K(440896K), 1.4491712 secs] 2190109K->1850717K(4145344K), 1.4495877 secs] [Times: user=4.06 sys=0.05, real=1.45 secs] 
8023.735: [GC 8023.735: [ParNew: 440896K->48959K(440896K), 1.5983435 secs] 2242653K->1905970K(4145344K), 1.5987835 secs] [Times: user=4.10 sys=0.04, real=1.60 secs] 
8037.389: [GC 8037.389: [ParNew: 440858K->48960K(440896K), 0.9971895 secs] 2297868K->1948209K(4145344K), 0.9976081 secs] [Times: user=3.32 sys=0.03, real=1.00 secs] 
8072.959: [GC 8072.959: [ParNew: 440896K->48960K(440896K), 1.0675419 secs] 2340145K->1991457K(4145344K), 1.0679962 secs] [Times: user=3.36 sys=0.04, real=1.07 secs] 
8103.078: [GC 8103.078: [ParNew: 440896K->48959K(440896K), 1.1510032 secs] 2383393K->2038638K(4145344K), 1.1514351 secs] [Times: user=3.59 sys=0.04, real=1.15 secs] 
8131.698: [GC 8131.699: [ParNew: 440895K->48960K(440896K), 1.3671860 secs] 2430574K->2089244K(4145344K), 1.3676395 secs] [Times: user=4.01 sys=0.04, real=1.37 secs] 
8151.205: [GC 8151.205: [ParNew: 440896K->48960K(440896K), 1.6019854 secs] 2481180K->2146516K(4145344K), 1.6023953 secs] [Times: user=4.10 sys=0.04, real=1.60 secs] 
8167.278: [GC 8167.279: [ParNew: 440896K->48960K(440896K), 1.3593543 secs] 2538452K->2194737K(4145344K), 1.3597770 secs] [Times: user=3.70 sys=0.04, real=1.36 secs] 
8187.629: [GC 8187.629: [ParNew: 440896K->48960K(440896K), 1.6587056 secs] 2586673K->2249494K(4145344K), 1.6591412 secs] [Times: user=3.97 sys=0.03, real=1.66 secs] 
8204.973: [GC 8204.973: [ParNew: 440896K->48960K(440896K), 1.4130956 secs] 2641430K->2295980K(4145344K), 1.4135518 secs] [Times: user=3.60 sys=0.04, real=1.41 secs] 
8222.139: [GC 8222.139: [ParNew: 440896K->48960K(440896K), 1.7220489 secs] 2687916K->2350959K(4145344K), 1.7224838 secs] [Times: user=4.24 sys=0.04, real=1.72 secs] 
8237.069: [GC 8237.070: [ParNew: 440896K->48960K(440896K), 1.6338555 secs] 2742895K->2407781K(4145344K), 1.6343135 secs] [Times: user=4.14 sys=0.03, real=1.63 secs] 
8256.726: [GC 8256.726: [ParNew: 440896K->48960K(440896K), 1.5173952 secs] 2799717K->2460459K(4145344K), 1.5178227 secs] [Times: user=3.94 sys=0.04, real=1.52 secs] 
8275.524: [GC 8275.524: [ParNew: 440896K->48960K(440896K), 1.3668159 secs] 2852395K->2508176K(4145344K), 1.3672716 secs] [Times: user=3.77 sys=0.04, real=1.37 secs] 
8295.868: [GC 8295.869: [ParNew: 440896K->48960K(440896K), 1.4598847 secs] 2900112K->2560286K(4145344K), 1.4603390 secs] [Times: user=3.86 sys=0.05, real=1.46 secs] 
8312.019: [GC 8312.019: [ParNew: 440896K->48960K(440896K), 1.3720316 secs] 2952222K->2608027K(4145344K), 1.3724594 secs] [Times: user=4.02 sys=0.03, real=1.37 secs] 
8328.649: [GC 8328.649: [ParNew: 440896K->48959K(440896K), 1.6533331 secs] 2999963K->2664369K(4145344K), 1.6537769 secs] [Times: user=4.27 sys=0.04, real=1.65 secs] 
8341.901: [GC 8341.902: [ParNew: 440895K->48960K(440896K), 1.6724631 secs] 3056305K->2718448K(4145344K), 1.6728935 secs] [Times: user=4.19 sys=0.03, real=1.67 secs] 
8354.597: [GC 8354.597: [ParNew: 440896K->48959K(440896K), 1.4226403 secs] 3110384K->2768921K(4145344K), 1.4231344 secs] [Times: user=4.06 sys=0.04, real=1.42 secs] 
8374.511: [GC 8374.512: [ParNew: 440895K->48959K(440896K), 1.2727542 secs] 3160857K->2818227K(4145344K), 1.2732081 secs] [Times: user=3.81 sys=0.03, real=1.27 secs] 
8386.162: [GC 8386.162: [ParNew: 440895K->48959K(440896K), 1.4709265 secs] 3210163K->2871564K(4145344K), 1.4713757 secs] [Times: user=3.94 sys=0.03, real=1.47 secs] 
8399.821: [GC 8399.821: [ParNew: 440895K->48960K(440896K), 1.6164938 secs] 3263500K->2925326K(4145344K), 1.6168987 secs] [Times: user=4.05 sys=0.04, real=1.62 secs] 
8415.006: [GC 8415.006: [ParNew: 440896K->48960K(440896K), 1.7657099 secs] 3317262K->2981539K(4145344K), 1.7661801 secs] [Times: user=4.50 sys=0.03, real=1.77 secs] 
8426.944: [GC 8426.944: [ParNew: 440896K->48960K(440896K), 1.5104362 secs] 3373475K->3033803K(4145344K), 1.5109247 secs] [Times: user=4.10 sys=0.04, real=1.51 secs] 
8449.174: [GC 8449.174: [ParNew: 440896K->48960K(440896K), 1.2224335 secs] 3425739K->3077473K(4145344K), 1.2229191 secs] [Times: user=3.66 sys=0.02, real=1.22 secs] 
8459.128: [GC 8459.128: [ParNew: 440896K->48960K(440896K), 1.6648770 secs] 3469409K->3134482K(4145344K), 1.6653790 secs] [Times: user=4.34 sys=0.03, real=1.67 secs] 
8476.597: [GC 8476.597: [ParNew: 440896K->48959K(440896K), 1.2972124 secs] 3526418K->3185512K(4145344K), 1.2976422 secs] [Times: user=3.94 sys=0.02, real=1.30 secs] 
8492.038: [GC 8492.038: [ParNew: 440895K->48959K(440896K), 1.5984928 secs] 3577448K->3239980K(4145344K), 1.5989316 secs] [Times: user=3.95 sys=0.02, real=1.60 secs] 
8507.476: [GC 8507.476: [ParNew: 440895K->48959K(440896K), 1.5686235 secs] 3631916K->3290170K(4145344K), 1.5690502 secs] [Times: user=3.90 sys=0.03, real=1.57 secs] 
8521.450: [GC 8521.450: [ParNew: 440895K->48960K(440896K), 1.2209955 secs] 3682106K->3339092K(4145344K), 1.2215188 secs] [Times: user=3.86 sys=0.03, real=1.22 secs] 
8536.755: [GC 8536.755: [ParNew: 440896K->48959K(440896K), 1.3139799 secs] 3731028K->3388761K(4145344K), 1.3144220 secs] [Times: user=3.65 sys=0.03, real=1.31 secs] 
8538.073: [GC [1 CMS-initial-mark: 3339801K(3704448K)] 3389747K(4145344K), 0.4519792 secs] [Times: user=0.45 sys=0.00, real=0.45 secs] 
8538.526: [CMS-concurrent-mark-start]
8539.409: [CMS-concurrent-mark: 0.880/0.883 secs] [Times: user=7.51 sys=0.10, real=0.88 secs] 
8539.409: [CMS-concurrent-preclean-start]
8539.548: [CMS-concurrent-preclean: 0.137/0.139 secs] [Times: user=0.30 sys=0.01, real=0.14 secs] 
8539.549: [CMS-concurrent-abortable-preclean-start]
 CMS: abort preclean due to time 8544.942: [CMS-concurrent-abortable-preclean: 5.383/5.394 secs] [Times: user=12.33 sys=0.23, real=5.39 secs] 
8544.946: [GC[YG occupancy: 248712 K (440896 K)]8544.946: [Rescan (non-parallel) 8544.946: [grey object rescan, 0.0987171 secs]8545.045: [root rescan, 2.1321733 secs], 2.2311500 secs]8547.177: [weak refs processing, 2.9539641 secs] [1 CMS-remark: 3339801K(3704448K)] 3588513K(4145344K), 5.1871595 secs] [Times: user=5.19 sys=0.01, real=5.19 secs] 
8550.134: [CMS-concurrent-sweep-start]
8555.445: [GC 8555.446: [ParNew: 440895K->48960K(440896K), 1.3207983 secs] 3452767K->3107792K(4145344K), 1.3212336 secs] [Times: user=3.55 sys=0.02, real=1.33 secs] 
8568.703: [GC 8568.703: [ParNew: 440896K->48960K(440896K), 1.3796264 secs] 2887814K->2549377K(4145344K), 1.3800482 secs] [Times: user=3.77 sys=0.01, real=1.38 secs] 
8585.717: [GC 8585.717: [ParNew: 440896K->48960K(440896K), 1.4854496 secs] 2234509K->1897317K(4145344K), 1.4858982 secs] [Times: user=3.91 sys=0.01, real=1.49 secs] 
8602.639: [GC 8602.640: [ParNew: 440896K->48960K(440896K), 1.4895411 secs] 1589532K->1253091K(4145344K), 1.4899722 secs] [Times: user=3.71 sys=0.01, real=1.49 secs] 
8612.839: [CMS-concurrent-sweep: 56.984/62.706 secs] [Times: user=140.96 sys=2.42, real=62.71 secs] 
8612.840: [CMS-concurrent-reset-start]
8612.869: [CMS-concurrent-reset: 0.029/0.029 secs] [Times: user=0.06 sys=0.00, real=0.03 secs] 
8614.570: [GC 8614.571: [ParNew: 440896K->48959K(440896K), 1.5562849 secs] 1240112K->903145K(4145344K), 1.5567118 secs] [Times: user=3.81 sys=0.02, real=1.56 secs] 
8621.998: [GC 8621.998: [ParNew: 440886K->48960K(440896K), 1.3847083 secs] 1295072K->957397K(4145344K), 1.3852192 secs] [Times: user=3.88 sys=0.01, real=1.39 secs] 
8632.215: [GC 8632.216: [ParNew: 440896K->48960K(440896K), 1.2974449 secs] 1349333K->1010544K(4145344K), 1.2979678 secs] [Times: user=3.64 sys=0.01, real=1.30 secs] 
8645.265: [GC 8645.265: [ParNew: 440896K->48959K(440896K), 1.9396935 secs] 1402480K->1067516K(4145344K), 1.9401671 secs] [Times: user=4.22 sys=0.02, real=1.94 secs] 
8659.714: [GC 8659.714: [ParNew: 440895K->48959K(440896K), 1.5617704 secs] 1459452K->1118218K(4145344K), 1.5622802 secs] [Times: user=4.39 sys=0.01, real=1.56 secs] 
8671.282: [GC 8671.283: [ParNew: 440895K->48960K(440896K), 1.5136731 secs] 1510154K->1172059K(4145344K), 1.5141898 secs] [Times: user=4.01 sys=0.03, real=1.51 secs] 
8689.337: [GC 8689.337: [ParNew: 440896K->48960K(440896K), 1.2246592 secs] 1563995K->1217075K(4145344K), 1.2250890 secs] [Times: user=3.59 sys=0.03, real=1.23 secs] 
8701.020: [GC 8701.021: [ParNew: 440765K->48959K(440896K), 1.4292937 secs] 1608880K->1269731K(4145344K), 1.4297515 secs] [Times: user=4.23 sys=0.04, real=1.43 secs] 
8708.876: [GC 8708.877: [ParNew: 440895K->48959K(440896K), 1.5436078 secs] 1661667K->1325362K(4145344K), 1.5440650 secs] [Times: user=4.14 sys=0.03, real=1.54 secs] 
8719.107: [GC 8719.107: [ParNew: 440895K->48960K(440896K), 1.9529804 secs] 1717298K->1384866K(4145344K), 1.9534446 secs] [Times: user=4.54 sys=0.03, real=1.95 secs] 
8733.740: [GC 8733.740: [ParNew: 440893K->48959K(440896K), 1.6237950 secs] 1776800K->1437528K(4145344K), 1.6242635 secs] [Times: user=4.12 sys=0.03, real=1.62 secs] 
8750.611: [GC 8750.611: [ParNew: 440895K->48960K(440896K), 1.0189256 secs] 1829464K->1476485K(4145344K), 1.0194763 secs] [Times: user=3.46 sys=0.03, real=1.02 secs] 
8767.608: [GC 8767.608: [ParNew: 440896K->47239K(440896K), 0.9447353 secs] 1868421K->1517045K(4145344K), 0.9451988 secs] [Times: user=3.40 sys=0.04, real=0.95 secs] 
8776.101: [GC 8776.101: [ParNew: 439175K->48960K(440896K), 1.3607884 secs] 1908981K->1537449K(4145344K), 1.3612380 secs] [Times: user=2.11 sys=0.01, real=1.36 secs] 
8794.529: [GC 8794.529: [ParNew: 440896K->46233K(440896K), 0.8962302 secs] 1929385K->1577747K(4145344K), 0.8966850 secs] [Times: user=3.62 sys=0.05, real=0.90 secs] 
8810.140: [GC 8810.141: [ParNew: 438169K->46054K(440896K), 0.7032836 secs] 1969683K->1586758K(4145344K), 0.7037355 secs] [Times: user=1.65 sys=0.02, real=0.70 secs] 
8821.943: [GC 8821.944: [ParNew: 437990K->48960K(440896K), 1.2804829 secs] 1978694K->1606821K(4145344K), 1.2809441 secs] [Times: user=2.08 sys=0.01, real=1.28 secs] 
8831.873: [GC 8831.874: [ParNew: 440896K->48959K(440896K), 1.1747829 secs] 1998757K->1654253K(4145344K), 1.1752688 secs] [Times: user=3.88 sys=0.07, real=1.18 secs] 
8845.314: [GC 8845.315: [ParNew: 440895K->48959K(440896K), 1.3613608 secs] 2046189K->1704004K(4145344K), 1.3617973 secs] [Times: user=3.68 sys=0.03, real=1.36 secs] 
8862.584: [GC 8862.584: [ParNew: 440895K->48959K(440896K), 1.2029526 secs] 2095940K->1747663K(4145344K), 1.2033688 secs] [Times: user=3.59 sys=0.03, real=1.20 secs] 
8872.951: [GC 8872.952: [ParNew: 440895K->48959K(440896K), 1.3395898 secs] 2139599K->1800378K(4145344K), 1.3400404 secs] [Times: user=4.09 sys=0.04, real=1.34 secs] 
8897.187: [GC 8897.187: [ParNew: 440895K->48960K(440896K), 1.6433069 secs] 2192314K->1856932K(4145344K), 1.6437843 secs] [Times: user=4.18 sys=0.03, real=1.64 secs] 
8918.358: [GC 8918.358: [ParNew: 440896K->48959K(440896K), 1.4119321 secs] 2248868K->1904623K(4145344K), 1.4123824 secs] [Times: user=3.90 sys=0.02, real=1.41 secs] 
8933.778: [GC 8933.779: [ParNew: 440895K->48959K(440896K), 1.7713282 secs] 2296559K->1959236K(4145344K), 1.7718048 secs] [Times: user=4.66 sys=0.03, real=1.77 secs] 
8950.212: [GC 8950.212: [ParNew: 440895K->48959K(440896K), 0.9188682 secs] 2351172K->1999885K(4145344K), 0.9192960 secs] [Times: user=3.35 sys=0.03, real=0.92 secs] 
8971.385: [GC 8971.385: [ParNew: 440895K->48959K(440896K), 1.3574984 secs] 2391821K->2049038K(4145344K), 1.3579570 secs] [Times: user=3.58 sys=0.04, real=1.36 secs] 
8987.623: [GC 8987.624: [ParNew: 440876K->48960K(440896K), 1.3626816 secs] 2440955K->2096690K(4145344K), 1.3632135 secs] [Times: user=3.96 sys=0.05, real=1.36 secs] 
9000.525: [GC 9000.525: [ParNew: 440896K->48960K(440896K), 1.4313116 secs] 2488626K->2151007K(4145344K), 1.4317537 secs] [Times: user=4.08 sys=0.06, real=1.43 secs] 
9025.665: [GC 9025.665: [ParNew: 440896K->48959K(440896K), 1.4586197 secs] 2542943K->2202535K(4145344K), 1.4590706 secs] [Times: user=3.91 sys=0.05, real=1.46 secs] 
9035.936: [GC 9035.937: [ParNew: 440895K->48959K(440896K), 1.4826742 secs] 2594471K->2252542K(4145344K), 1.4831244 secs] [Times: user=3.98 sys=0.05, real=1.48 secs] 
9048.827: [GC 9048.828: [ParNew: 440895K->48960K(440896K), 1.6526344 secs] 2644486K->2308643K(4145344K), 1.6530623 secs] [Times: user=4.27 sys=0.06, real=1.65 secs] 
9065.127: [GC 9065.127: [ParNew: 440896K->48960K(440896K), 1.5169280 secs] 2700579K->2359501K(4145344K), 1.5173923 secs] [Times: user=3.88 sys=0.04, real=1.52 secs] 
9079.541: [GC 9079.541: [ParNew: 440896K->48959K(440896K), 1.3849176 secs] 2751437K->2408460K(4145344K), 1.3853974 secs] [Times: user=3.96 sys=0.06, real=1.39 secs] 
9111.994: [GC 9111.994: [ParNew: 440895K->48960K(440896K), 1.3890862 secs] 2800396K->2458580K(4145344K), 1.3895312 secs] [Times: user=3.74 sys=0.04, real=1.39 secs] 
9124.940: [GC 9124.940: [ParNew: 440896K->48959K(440896K), 1.3468516 secs] 2850516K->2506737K(4145344K), 1.3472911 secs] [Times: user=3.90 sys=0.04, real=1.35 secs] 
9137.190: [GC 9137.190: [ParNew: 440895K->48959K(440896K), 1.5039530 secs] 2898673K->2561269K(4145344K), 1.5044264 secs] [Times: user=4.15 sys=0.03, real=1.50 secs] 
9149.298: [GC 9149.299: [ParNew: 440895K->48959K(440896K), 1.2884679 secs] 2953205K->2610000K(4145344K), 1.2889459 secs] [Times: user=3.79 sys=0.03, real=1.29 secs] 
9169.286: [GC 9169.286: [ParNew: 440895K->48960K(440896K), 1.4521549 secs] 3001936K->2661939K(4145344K), 1.4526928 secs] [Times: user=3.99 sys=0.04, real=1.45 secs] 
9181.813: [GC 9181.813: [ParNew: 440896K->48959K(440896K), 1.5120101 secs] 3053875K->2711945K(4145344K), 1.5124522 secs] [Times: user=3.84 sys=0.03, real=1.51 secs] 
9194.166: [GC 9194.166: [ParNew: 440895K->48960K(440896K), 1.3169011 secs] 3103881K->2762114K(4145344K), 1.3174004 secs] [Times: user=3.97 sys=0.02, real=1.32 secs] 
9209.517: [GC 9209.517: [ParNew: 440896K->48959K(440896K), 1.2801523 secs] 3154050K->2810808K(4145344K), 1.2806051 secs] [Times: user=3.75 sys=0.02, real=1.28 secs] 
9220.663: [GC 9220.663: [ParNew: 440895K->48959K(440896K), 1.4435681 secs] 3202744K->2861139K(4145344K), 1.4439939 secs] [Times: user=3.74 sys=0.03, real=1.44 secs] 
9230.270: [GC 9230.270: [ParNew: 440895K->48960K(440896K), 1.6742648 secs] 3253075K->2916859K(4145344K), 1.6747163 secs] [Times: user=4.20 sys=0.03, real=1.67 secs] 
9240.778: [GC 9240.778: [ParNew: 440896K->48960K(440896K), 1.6356790 secs] 3308795K->2974905K(4145344K), 1.6361612 secs] [Times: user=4.13 sys=0.03, real=1.64 secs] 
9248.337: [GC 9248.337: [ParNew: 440896K->48959K(440896K), 1.3184225 secs] 3366841K->3021908K(4145344K), 1.3188671 secs] [Times: user=3.96 sys=0.03, real=1.32 secs] 
9261.139: [GC 9261.140: [ParNew: 440895K->48960K(440896K), 1.5197627 secs] 3413844K->3075975K(4145344K), 1.5202212 secs] [Times: user=4.01 sys=0.03, real=1.52 secs] 
9275.564: [GC 9275.564: [ParNew: 440896K->48959K(440896K), 1.3351584 secs] 3467911K->3122883K(4145344K), 1.3355950 secs] [Times: user=3.57 sys=0.02, real=1.34 secs] 
9293.832: [GC 9293.832: [ParNew: 440895K->48959K(440896K), 1.3666063 secs] 3514819K->3174759K(4145344K), 1.3670780 secs] [Times: user=3.95 sys=0.03, real=1.37 secs] 
9312.093: [GC 9312.094: [ParNew: 440895K->48960K(440896K), 1.4296318 secs] 3566695K->3226768K(4145344K), 1.4300859 secs] [Times: user=3.88 sys=0.03, real=1.43 secs] 
9325.119: [GC 9325.119: [ParNew: 440896K->48960K(440896K), 1.5080447 secs] 3618704K->3275534K(4145344K), 1.5084828 secs] [Times: user=3.79 sys=0.02, real=1.51 secs] 
9344.414: [GC 9344.414: [ParNew: 440896K->48959K(440896K), 1.4139636 secs] 3667470K->3326602K(4145344K), 1.4144192 secs] [Times: user=3.91 sys=0.03, real=1.41 secs] 
9364.228: [GC 9364.228: [ParNew: 439983K->48960K(440896K), 1.2120657 secs] 3717625K->3373646K(4145344K), 1.2124901 secs] [Times: user=3.67 sys=0.03, real=1.21 secs] 
9378.406: [GC 9378.406: [ParNew: 440896K->48960K(440896K), 1.3095132 secs] 3765582K->3423871K(4145344K), 1.3099675 secs] [Times: user=3.82 sys=0.02, real=1.31 secs] 
9379.719: [GC [1 CMS-initial-mark: 3374911K(3704448K)] 3423877K(4145344K), 0.4670723 secs] [Times: user=0.47 sys=0.00, real=0.47 secs] 
9380.187: [CMS-concurrent-mark-start]
9381.087: [CMS-concurrent-mark: 0.900/0.900 secs] [Times: user=6.15 sys=0.04, real=0.90 secs] 
9381.087: [CMS-concurrent-preclean-start]
9381.205: [CMS-concurrent-preclean: 0.117/0.118 secs] [Times: user=0.12 sys=0.00, real=0.12 secs] 
9381.205: [CMS-concurrent-abortable-preclean-start]
 CMS: abort preclean due to time 9386.680: [CMS-concurrent-abortable-preclean: 5.471/5.475 secs] [Times: user=8.33 sys=0.12, real=5.48 secs] 
9386.684: [GC[YG occupancy: 136715 K (440896 K)]9386.684: [Rescan (non-parallel) 9386.684: [grey object rescan, 0.0988392 secs]9386.783: [root rescan, 1.2510506 secs], 1.3501243 secs]9388.034: [weak refs processing, 3.4383681 secs] [1 CMS-remark: 3374911K(3704448K)] 3511626K(4145344K), 4.7906680 secs] [Times: user=4.80 sys=0.01, real=4.79 secs] 
9391.475: [CMS-concurrent-sweep-start]
9398.894: [GC 9398.894: [ParNew: 440896K->48960K(440896K), 1.3167504 secs] 3374650K->3030864K(4145344K), 1.3172291 secs] [Times: user=3.57 sys=0.01, real=1.32 secs] 
9411.296: [GC 9411.297: [ParNew: 440896K->48960K(440896K), 1.3789413 secs] 2870161K->2526563K(4145344K), 1.3793537 secs] [Times: user=3.70 sys=0.02, real=1.38 secs] 
9420.735: [GC 9420.735: [ParNew: 440896K->48960K(440896K), 1.1857455 secs] 2520231K->2177683K(4145344K), 1.1861474 secs] [Times: user=3.59 sys=0.02, real=1.19 secs] 
9436.459: [GC 9436.460: [ParNew: 440896K->48960K(440896K), 1.3927892 secs] 1890301K->1550221K(4145344K), 1.3932187 secs] [Times: user=3.70 sys=0.01, real=1.39 secs] 
9448.711: [GC 9448.711: [ParNew: 440896K->48959K(440896K), 1.1005765 secs] 1444951K->1098550K(4145344K), 1.1010360 secs] [Times: user=3.34 sys=0.02, real=1.10 secs] 
9452.377: [CMS-concurrent-sweep: 54.446/60.902 secs] [Times: user=154.72 sys=2.87, real=60.90 secs] 
9452.378: [CMS-concurrent-reset-start]
9452.407: [CMS-concurrent-reset: 0.029/0.029 secs] [Times: user=0.09 sys=0.00, real=0.03 secs] 
9467.828: [GC 9467.828: [ParNew: 440895K->48960K(440896K), 1.3329637 secs] 1350634K->1009951K(4145344K), 1.3334178 secs] [Times: user=3.52 sys=0.01, real=1.33 secs] 
9484.642: [GC 9484.642: [ParNew: 440896K->48960K(440896K), 1.1324585 secs] 1401887K->1054368K(4145344K), 1.1329105 secs] [Times: user=3.23 sys=0.01, real=1.13 secs] 
9497.711: [GC 9497.712: [ParNew: 440896K->48959K(440896K), 1.4284692 secs] 1446304K->1109165K(4145344K), 1.4289618 secs] [Times: user=3.92 sys=0.02, real=1.43 secs] 
9518.436: [GC 9518.437: [ParNew: 440895K->48960K(440896K), 1.3785582 secs] 1501101K->1160147K(4145344K), 1.3790218 secs] [Times: user=3.55 sys=0.01, real=1.38 secs] 
9533.589: [GC 9533.589: [ParNew: 440842K->48960K(440896K), 1.5679799 secs] 1552029K->1209569K(4145344K), 1.5684358 secs] [Times: user=3.69 sys=0.01, real=1.57 secs] 
9546.909: [GC 9546.910: [ParNew: 440896K->48960K(440896K), 1.3330620 secs] 1601505K->1259544K(4145344K), 1.3335335 secs] [Times: user=4.01 sys=0.01, real=1.33 secs] 
9564.028: [GC 9564.028: [ParNew: 440896K->48960K(440896K), 1.4505890 secs] 1651480K->1312440K(4145344K), 1.4510255 secs] [Times: user=4.05 sys=0.04, real=1.45 secs] 
9576.549: [GC 9576.550: [ParNew: 440896K->48960K(440896K), 1.4786765 secs] 1704376K->1363902K(4145344K), 1.4791375 secs] [Times: user=3.81 sys=0.04, real=1.48 secs] 
9594.048: [GC 9594.048: [ParNew: 440896K->48959K(440896K), 1.5022397 secs] 1755838K->1412139K(4145344K), 1.5027853 secs] [Times: user=3.86 sys=0.03, real=1.50 secs] 
9616.252: [GC 9616.252: [ParNew: 440895K->48960K(440896K), 1.3759689 secs] 1804075K->1464308K(4145344K), 1.3764286 secs] [Times: user=3.90 sys=0.04, real=1.38 secs] 
9629.029: [GC 9629.029: [ParNew: 440896K->48959K(440896K), 1.7925116 secs] 1856244K->1523459K(4145344K), 1.7931204 secs] [Times: user=4.32 sys=0.04, real=1.79 secs] 
9641.057: [GC 9641.057: [ParNew: 440895K->48960K(440896K), 1.5979482 secs] 1915395K->1577229K(4145344K), 1.5984233 secs] [Times: user=4.19 sys=0.04, real=1.60 secs] 
9653.259: [GC 9653.259: [ParNew: 440896K->48960K(440896K), 1.4099196 secs] 1969165K->1625280K(4145344K), 1.4104101 secs] [Times: user=3.91 sys=0.03, real=1.41 secs] 
9669.187: [GC 9669.187: [ParNew: 440896K->48960K(440896K), 1.3696081 secs] 2017216K->1672436K(4145344K), 1.3700606 secs] [Times: user=3.65 sys=0.03, real=1.37 secs] 
9681.019: [GC 9681.019: [ParNew: 440882K->48959K(440896K), 1.4337047 secs] 2064358K->1726039K(4145344K), 1.4341590 secs] [Times: user=4.01 sys=0.03, real=1.43 secs] 
9695.142: [GC 9695.142: [ParNew: 440895K->48959K(440896K), 1.3841351 secs] 2117975K->1777176K(4145344K), 1.3846046 secs] [Times: user=3.82 sys=0.03, real=1.38 secs] 
9709.645: [GC 9709.645: [ParNew: 440895K->48959K(440896K), 1.4117047 secs] 2169112K->1827482K(4145344K), 1.4121952 secs] [Times: user=3.77 sys=0.03, real=1.41 secs] 
9725.664: [GC 9725.664: [ParNew: 440895K->48959K(440896K), 1.5223042 secs] 2219418K->1883203K(4145344K), 1.5227495 secs] [Times: user=4.15 sys=0.04, real=1.52 secs] 
9738.988: [GC 9738.988: [ParNew: 440895K->48959K(440896K), 1.2091011 secs] 2275139K->1927140K(4145344K), 1.2095639 secs] [Times: user=3.83 sys=0.04, real=1.21 secs] 
9747.220: [GC 9747.220: [ParNew: 440895K->48960K(440896K), 1.4483716 secs] 2319076K->1982281K(4145344K), 1.4488085 secs] [Times: user=4.14 sys=0.04, real=1.45 secs] 
9757.556: [GC 9757.557: [ParNew: 440896K->48959K(440896K), 1.8080789 secs] 2374217K->2040599K(4145344K), 1.8085347 secs] [Times: user=4.17 sys=0.03, real=1.81 secs] 
9774.468: [GC 9774.469: [ParNew: 440895K->48960K(440896K), 0.9608385 secs] 2432535K->2078790K(4145344K), 0.9612678 secs] [Times: user=3.27 sys=0.03, real=0.96 secs] 
9791.093: [GC 9791.093: [ParNew: 440896K->48960K(440896K), 1.3515356 secs] 2470726K->2125597K(4145344K), 1.3519509 secs] [Times: user=3.52 sys=0.04, real=1.35 secs] 
9809.366: [GC 9809.367: [ParNew: 440896K->48960K(440896K), 1.6198474 secs] 2517533K->2179588K(4145344K), 1.6202809 secs] [Times: user=4.09 sys=0.03, real=1.62 secs] 
9822.982: [GC 9822.982: [ParNew: 440896K->48960K(440896K), 1.3370118 secs] 2571524K->2229507K(4145344K), 1.3374430 secs] [Times: user=3.83 sys=0.03, real=1.34 secs] 
9835.069: [GC 9835.070: [ParNew: 440896K->48960K(440896K), 1.2652813 secs] 2621443K->2279633K(4145344K), 1.2657213 secs] [Times: user=3.84 sys=0.04, real=1.27 secs] 
9850.452: [GC 9850.452: [ParNew: 440843K->48960K(440896K), 1.4839728 secs] 2671517K->2331909K(4145344K), 1.4844182 secs] [Times: user=4.09 sys=0.06, real=1.48 secs] 
9868.322: [GC 9868.322: [ParNew: 440884K->48960K(440896K), 1.5920733 secs] 2723834K->2382584K(4145344K), 1.5925287 secs] [Times: user=3.93 sys=0.05, real=1.59 secs] 
9888.045: [GC 9888.046: [ParNew: 440896K->48960K(440896K), 1.2239153 secs] 2774520K->2427573K(4145344K), 1.2243715 secs] [Times: user=3.81 sys=0.06, real=1.22 secs] 
9917.693: [GC 9917.693: [ParNew: 440896K->48960K(440896K), 1.3809466 secs] 2819509K->2478565K(4145344K), 1.3814406 secs] [Times: user=3.98 sys=0.06, real=1.38 secs] 
9934.959: [GC 9934.959: [ParNew: 440896K->48959K(440896K), 1.4519021 secs] 2870501K->2529164K(4145344K), 1.4523474 secs] [Times: user=3.89 sys=0.05, real=1.45 secs] 
9948.658: [GC 9948.658: [ParNew: 440895K->48960K(440896K), 1.4084287 secs] 2921100K->2580565K(4145344K), 1.4088958 secs] [Times: user=3.91 sys=0.06, real=1.41 secs] 
9968.594: [GC 9968.595: [ParNew: 440896K->48959K(440896K), 1.6512196 secs] 2972501K->2636751K(4145344K), 1.6516760 secs] [Times: user=4.27 sys=0.05, real=1.65 secs] 
9979.978: [GC 9979.978: [ParNew: 440895K->48960K(440896K), 1.7018026 secs] 3028687K->2693882K(4145344K), 1.7022841 secs] [Times: user=4.37 sys=0.04, real=1.70 secs] 
9999.912: [GC 9999.912: [ParNew: 440896K->48960K(440896K), 1.5598856 secs] 3085818K->2746561K(4145344K), 1.5603619 secs] [Times: user=3.95 sys=0.04, real=1.56 secs] 
10014.635: [GC 10014.635: [ParNew: 440896K->48960K(440896K), 1.3630076 secs] 3138497K->2792824K(4145344K), 1.3634552 secs] [Times: user=4.03 sys=0.03, real=1.36 secs] 
10031.001: [GC 10031.001: [ParNew: 440896K->48960K(440896K), 1.4686946 secs] 3184760K->2846021K(4145344K), 1.4691223 secs] [Times: user=3.94 sys=0.04, real=1.47 secs] 
10045.373: [GC 10045.373: [ParNew: 440896K->48960K(440896K), 1.1495189 secs] 3237957K->2889724K(4145344K), 1.1499662 secs] [Times: user=3.50 sys=0.04, real=1.15 secs] 
10053.296: [GC 10053.296: [ParNew: 440856K->48960K(440896K), 1.4416828 secs] 3281621K->2942823K(4145344K), 1.4421815 secs] [Times: user=4.08 sys=0.05, real=1.44 secs] 
10074.184: [GC 10074.184: [ParNew: 440896K->48959K(440896K), 1.5763509 secs] 3334759K->2995322K(4145344K), 1.5769171 secs] [Times: user=4.14 sys=0.05, real=1.58 secs] 
10089.602: [GC 10089.602: [ParNew: 440895K->48960K(440896K), 1.4475656 secs] 3387258K->3043977K(4145344K), 1.4480434 secs] [Times: user=3.79 sys=0.03, real=1.45 secs] 
10103.977: [GC 10103.978: [ParNew: 440896K->48959K(440896K), 1.4652620 secs] 3435913K->3096934K(4145344K), 1.4657152 secs] [Times: user=3.96 sys=0.03, real=1.47 secs] 
10127.361: [GC 10127.361: [ParNew: 440895K->48959K(440896K), 1.5696988 secs] 3488870K->3150924K(4145344K), 1.5701485 secs] [Times: user=4.04 sys=0.03, real=1.57 secs] 
10143.519: [GC 10143.520: [ParNew: 440895K->48960K(440896K), 1.5178738 secs] 3542860K->3200547K(4145344K), 1.5183733 secs] [Times: user=4.20 sys=0.03, real=1.52 secs] 
10169.565: [GC 10169.565: [ParNew: 440896K->48960K(440896K), 1.3546095 secs] 3592483K->3250495K(4145344K), 1.3550408 secs] [Times: user=3.86 sys=0.03, real=1.36 secs] 
10187.250: [GC 10187.251: [ParNew: 440896K->48960K(440896K), 1.1416318 secs] 3642431K->3292917K(4145344K), 1.1421261 secs] [Times: user=3.42 sys=0.02, real=1.14 secs] 
10203.701: [GC 10203.702: [ParNew: 440896K->48959K(440896K), 1.8131459 secs] 3684853K->3352825K(4145344K), 1.8136292 secs] [Times: user=4.38 sys=0.03, real=1.81 secs] 
10215.749: [GC 10215.750: [ParNew: 440895K->48959K(440896K), 1.3928372 secs] 3744761K->3402956K(4145344K), 1.3933074 secs] [Times: user=4.06 sys=0.04, real=1.39 secs] 
10217.147: [GC [1 CMS-initial-mark: 3353996K(3704448K)] 3403329K(4145344K), 0.4576346 secs] [Times: user=0.46 sys=0.00, real=0.46 secs] 
10217.605: [CMS-concurrent-mark-start]
10218.515: [CMS-concurrent-mark: 0.910/0.910 secs] [Times: user=7.68 sys=0.07, real=0.91 secs] 
10218.515: [CMS-concurrent-preclean-start]
10218.642: [CMS-concurrent-preclean: 0.125/0.127 secs] [Times: user=0.14 sys=0.00, real=0.13 secs] 
10218.642: [CMS-concurrent-abortable-preclean-start]
 CMS: abort preclean due to time 10224.119: [CMS-concurrent-abortable-preclean: 5.365/5.476 secs] [Times: user=9.55 sys=0.14, real=5.48 secs] 
10224.122: [GC[YG occupancy: 207191 K (440896 K)]10224.122: [Rescan (non-parallel) 10224.122: [grey object rescan, 0.0985688 secs]10224.221: [root rescan, 1.8857090 secs], 1.9845596 secs]10226.107: [weak refs processing, 2.8998135 secs] [1 CMS-remark: 3353996K(3704448K)] 3561188K(4145344K), 4.8864235 secs] [Times: user=4.90 sys=0.00, real=4.89 secs] 
10229.009: [CMS-concurrent-sweep-start]
10238.087: [GC 10238.087: [ParNew: 440895K->48960K(440896K), 1.3249869 secs] 3265208K->2923141K(4145344K), 1.3254380 secs] [Times: user=3.67 sys=0.01, real=1.33 secs] 
10245.889: [GC 10245.889: [ParNew: 440850K->48960K(440896K), 1.5790585 secs] 2982688K->2648322K(4145344K), 1.5794783 secs] [Times: user=3.86 sys=0.02, real=1.58 secs] 
10258.368: [GC 10258.368: [ParNew: 440896K->48959K(440896K), 1.2775039 secs] 2538451K->2195697K(4145344K), 1.2779694 secs] [Times: user=3.60 sys=0.01, real=1.28 secs] 
10276.749: [GC 10276.749: [ParNew: 440895K->48959K(440896K), 1.3767006 secs] 1818210K->1479410K(4145344K), 1.3771461 secs] [Times: user=3.63 sys=0.01, real=1.38 secs] 
10291.405: [CMS-concurrent-sweep: 56.779/62.396 secs] [Times: user=138.99 sys=2.14, real=62.40 secs] 
10291.406: [CMS-concurrent-reset-start]
10291.435: [CMS-concurrent-reset: 0.029/0.029 secs] [Times: user=0.04 sys=0.01, real=0.03 secs] 
10299.532: [GC 10299.533: [ParNew: 440895K->48960K(440896K), 1.3809308 secs] 1271598K->932978K(4145344K), 1.3814076 secs] [Times: user=3.51 sys=0.01, real=1.38 secs] 
10315.965: [GC 10315.965: [ParNew: 440896K->48960K(440896K), 1.2563798 secs] 1324914K->980794K(4145344K), 1.2568426 secs] [Times: user=3.34 sys=0.01, real=1.26 secs] 
10342.665: [GC 10342.665: [ParNew: 440896K->48960K(440896K), 1.2490794 secs] 1372730K->1030670K(4145344K), 1.2495567 secs] [Times: user=3.39 sys=0.01, real=1.25 secs] 
10365.240: [GC 10365.241: [ParNew: 440896K->48960K(440896K), 1.3252901 secs] 1422606K->1078732K(4145344K), 1.3257405 secs] [Times: user=3.46 sys=0.01, real=1.33 secs] 
10381.089: [GC 10381.089: [ParNew: 440896K->48960K(440896K), 1.7678971 secs] 1470668K->1132001K(4145344K), 1.7683804 secs] [Times: user=4.20 sys=0.01, real=1.77 secs] 
10403.689: [GC 10403.689: [ParNew: 440896K->48959K(440896K), 1.3920413 secs] 1523937K->1182648K(4145344K), 1.3925490 secs] [Times: user=4.22 sys=0.02, real=1.39 secs] 
10427.835: [GC 10427.835: [ParNew: 440895K->48959K(440896K), 1.6167119 secs] 1574584K->1237037K(4145344K), 1.6171692 secs] [Times: user=4.09 sys=0.03, real=1.62 secs] 
10444.819: [GC 10444.819: [ParNew: 440895K->48960K(440896K), 1.4951920 secs] 1628973K->1288779K(4145344K), 1.4956513 secs] [Times: user=3.86 sys=0.03, real=1.50 secs] 
10460.997: [GC 10460.997: [ParNew: 440896K->48960K(440896K), 1.2136902 secs] 1680715K->1339553K(4145344K), 1.2141700 secs] [Times: user=3.84 sys=0.04, real=1.21 secs] 
10475.814: [GC 10475.815: [ParNew: 440896K->48960K(440896K), 1.9692968 secs] 1731489K->1402078K(4145344K), 1.9697358 secs] [Times: user=4.32 sys=0.04, real=1.97 secs] 
10490.719: [GC 10490.719: [ParNew: 440896K->48960K(440896K), 1.7189302 secs] 1794014K->1453352K(4145344K), 1.7194268 secs] [Times: user=4.07 sys=0.03, real=1.72 secs] 
10506.037: [GC 10506.037: [ParNew: 440896K->48960K(440896K), 1.3985118 secs] 1845288K->1504334K(4145344K), 1.3990129 secs] [Times: user=3.96 sys=0.04, real=1.40 secs] 
10522.714: [GC 10522.714: [ParNew: 440896K->48959K(440896K), 1.0514765 secs] 1896270K->1549586K(4145344K), 1.0519716 secs] [Times: user=3.76 sys=0.04, real=1.05 secs] 
10541.974: [GC 10541.974: [ParNew: 440895K->48960K(440896K), 1.4139945 secs] 1941522K->1601071K(4145344K), 1.4144584 secs] [Times: user=4.01 sys=0.05, real=1.41 secs] 
10549.444: [GC 10549.444: [ParNew: 440896K->48959K(440896K), 1.3255451 secs] 1993007K->1651363K(4145344K), 1.3260528 secs] [Times: user=3.96 sys=0.04, real=1.33 secs] 
10559.824: [GC 10559.825: [ParNew: 440895K->48960K(440896K), 1.6745366 secs] 2043299K->1707320K(4145344K), 1.6750157 secs] [Times: user=4.15 sys=0.04, real=1.68 secs] 
10571.748: [GC 10571.748: [ParNew: 440896K->48960K(440896K), 1.0550603 secs] 2099256K->1745832K(4145344K), 1.0555404 secs] [Times: user=3.47 sys=0.04, real=1.06 secs] 
10587.680: [GC 10587.681: [ParNew: 440896K->48960K(440896K), 1.4767354 secs] 2137768K->1797986K(4145344K), 1.4772204 secs] [Times: user=3.96 sys=0.05, real=1.48 secs] 
10599.080: [GC 10599.091: [ParNew: 440896K->48960K(440896K), 1.3170692 secs] 2189922K->1845067K(4145344K), 1.3175592 secs] [Times: user=3.80 sys=0.04, real=1.33 secs] 
10612.998: [GC 10612.998: [ParNew: 440896K->48960K(440896K), 1.4125516 secs] 2237003K->1896748K(4145344K), 1.4130059 secs] [Times: user=3.99 sys=0.04, real=1.41 secs] 
10624.790: [GC 10624.790: [ParNew: 440896K->48960K(440896K), 1.5095433 secs] 2288684K->1949002K(4145344K), 1.5099934 secs] [Times: user=3.96 sys=0.04, real=1.51 secs] 
10636.604: [GC 10636.604: [ParNew: 440896K->48960K(440896K), 0.9683872 secs] 2340938K->1978319K(4145344K), 0.9688389 secs] [Times: user=2.70 sys=0.03, real=0.97 secs] 
10647.605: [GC 10647.606: [ParNew: 440896K->48959K(440896K), 1.3065811 secs] 2370255K->2027893K(4145344K), 1.3070089 secs] [Times: user=3.77 sys=0.04, real=1.31 secs] 
10661.189: [GC 10661.189: [ParNew: 440819K->48960K(440896K), 1.4765965 secs] 2419753K->2079132K(4145344K), 1.4771001 secs] [Times: user=3.99 sys=0.04, real=1.48 secs] 
10679.572: [GC 10679.572: [ParNew: 440896K->48960K(440896K), 1.5504833 secs] 2471068K->2130928K(4145344K), 1.5510123 secs] [Times: user=3.97 sys=0.04, real=1.55 secs] 
10706.006: [GC 10706.006: [ParNew: 440896K->48053K(440896K), 1.0108254 secs] 2522864K->2168399K(4145344K), 1.0112638 secs] [Times: user=3.27 sys=0.03, real=1.01 secs] 
10719.019: [GC 10719.019: [ParNew: 439989K->48960K(440896K), 1.2741610 secs] 2560335K->2182666K(4145344K), 1.2746027 secs] [Times: user=1.90 sys=0.01, real=1.27 secs] 
10735.251: [GC 10735.251: [ParNew: 440896K->48960K(440896K), 1.2581466 secs] 2574604K->2233186K(4145344K), 1.2586032 secs] [Times: user=3.97 sys=0.06, real=1.26 secs] 
10749.289: [GC 10749.289: [ParNew: 440896K->48960K(440896K), 1.6267768 secs] 2625122K->2287891K(4145344K), 1.6272555 secs] [Times: user=4.07 sys=0.04, real=1.63 secs] 
10762.059: [GC 10762.060: [ParNew: 440896K->48960K(440896K), 1.6404729 secs] 2679827K->2341891K(4145344K), 1.6409509 secs] [Times: user=4.16 sys=0.04, real=1.64 secs] 
10775.854: [GC 10775.854: [ParNew: 440896K->48959K(440896K), 1.2995105 secs] 2733827K->2389349K(4145344K), 1.3000286 secs] [Times: user=3.96 sys=0.05, real=1.30 secs] 
10788.351: [GC 10788.352: [ParNew: 440895K->48959K(440896K), 1.6498102 secs] 2781285K->2445766K(4145344K), 1.6502649 secs] [Times: user=4.13 sys=0.06, real=1.65 secs] 
10813.671: [GC 10813.671: [ParNew: 440808K->48960K(440896K), 1.3545315 secs] 2837614K->2491390K(4145344K), 1.3550038 secs] [Times: user=3.77 sys=0.04, real=1.36 secs] 
10830.835: [GC 10830.835: [ParNew: 440896K->48959K(440896K), 1.2529590 secs] 2883326K->2540029K(4145344K), 1.2534452 secs] [Times: user=3.76 sys=0.06, real=1.25 secs] 
10856.498: [GC 10856.499: [ParNew: 440895K->48960K(440896K), 1.5749993 secs] 2931965K->2593954K(4145344K), 1.5754374 secs] [Times: user=4.04 sys=0.05, real=1.58 secs] 
10886.561: [GC 10886.561: [ParNew: 440896K->48960K(440896K), 1.2304562 secs] 2985890K->2640816K(4145344K), 1.2309088 secs] [Times: user=3.60 sys=0.05, real=1.23 secs] 
10903.485: [GC 10903.486: [ParNew: 440896K->48960K(440896K), 1.4413393 secs] 3032752K->2691895K(4145344K), 1.4417717 secs] [Times: user=3.76 sys=0.05, real=1.44 secs] 
10918.899: [GC 10918.900: [ParNew: 440896K->48959K(440896K), 1.5120255 secs] 3083831K->2742305K(4145344K), 1.5124987 secs] [Times: user=3.89 sys=0.05, real=1.51 secs] 
11005.731: [GC 11005.731: [ParNew: 440895K->40211K(440896K), 0.7202814 secs] 3134241K->2776236K(4145344K), 0.7207854 secs] [Times: user=3.56 sys=0.07, real=0.72 secs] 
11013.184: [GC 11013.184: [ParNew: 432147K->48960K(440896K), 1.3932754 secs] 3168172K->2815154K(4145344K), 1.3937837 secs] [Times: user=2.87 sys=0.02, real=1.39 secs] 
11027.144: [GC 11027.144: [ParNew: 440896K->48960K(440896K), 1.7385270 secs] 3207090K->2872848K(4145344K), 1.7390403 secs] [Times: user=4.24 sys=0.04, real=1.74 secs] 
11039.362: [GC 11039.362: [ParNew: 440876K->48960K(440896K), 1.3145159 secs] 3264764K->2916247K(4145344K), 1.3150069 secs] [Times: user=3.62 sys=0.02, real=1.32 secs] 
11048.058: [GC 11048.059: [ParNew: 440888K->48960K(440896K), 1.6157229 secs] 3308176K->2973751K(4145344K), 1.6161717 secs] [Times: user=4.24 sys=0.03, real=1.62 secs] 
11066.963: [GC 11066.964: [ParNew: 440896K->48960K(440896K), 1.7517587 secs] 3365687K->3029109K(4145344K), 1.7522367 secs] [Times: user=4.14 sys=0.03, real=1.75 secs] 
11079.450: [GC 11079.450: [ParNew: 440896K->48960K(440896K), 1.5993388 secs] 3421045K->3082509K(4145344K), 1.5998244 secs] [Times: user=3.87 sys=0.03, real=1.60 secs] 
11096.525: [GC 11096.526: [ParNew: 440896K->48959K(440896K), 1.5216249 secs] 3474445K->3133307K(4145344K), 1.5221110 secs] [Times: user=3.87 sys=0.03, real=1.52 secs] 
11111.653: [GC 11111.653: [ParNew: 440895K->48960K(440896K), 1.3498918 secs] 3525243K->3183403K(4145344K), 1.3504108 secs] [Times: user=4.11 sys=0.02, real=1.35 secs] 
11133.256: [GC 11133.256: [ParNew: 440896K->48959K(440896K), 1.7007941 secs] 3575339K->3238772K(4145344K), 1.7012830 secs] [Times: user=4.15 sys=0.02, real=1.70 secs] 
11153.386: [GC 11153.386: [ParNew: 440895K->48959K(440896K), 1.2996643 secs] 3630708K->3268754K(4145344K), 1.3001369 secs] [Times: user=2.97 sys=0.01, real=1.30 secs] 
11166.669: [GC 11166.669: [ParNew: 440895K->48960K(440896K), 1.5127637 secs] 3660690K->3323387K(4145344K), 1.5132132 secs] [Times: user=4.05 sys=0.03, real=1.51 secs] 
11183.090: [GC 11183.090: [ParNew: 440896K->48959K(440896K), 1.7722985 secs] 3715323K->3380443K(4145344K), 1.7727617 secs] [Times: user=4.16 sys=0.02, real=1.77 secs] 
11184.867: [GC [1 CMS-initial-mark: 3331483K(3704448K)] 3381829K(4145344K), 0.4802628 secs] [Times: user=0.48 sys=0.00, real=0.48 secs] 
11185.348: [CMS-concurrent-mark-start]
11186.254: [CMS-concurrent-mark: 0.892/0.906 secs] [Times: user=7.50 sys=0.11, real=0.91 secs] 
11186.254: [CMS-concurrent-preclean-start]
11186.386: [CMS-concurrent-preclean: 0.131/0.132 secs] [Times: user=0.22 sys=0.00, real=0.13 secs] 
11186.387: [CMS-concurrent-abortable-preclean-start]
 CMS: abort preclean due to time 11191.880: [CMS-concurrent-abortable-preclean: 5.488/5.493 secs] [Times: user=9.77 sys=0.18, real=5.49 secs] 
11191.884: [GC[YG occupancy: 209956 K (440896 K)]11191.884: [Rescan (non-parallel) 11191.884: [grey object rescan, 0.0982216 secs]11191.982: [root rescan, 1.9063679 secs], 2.0048502 secs]11193.889: [weak refs processing, 3.2869063 secs] [1 CMS-remark: 3331483K(3704448K)] 3541439K(4145344K), 5.2938710 secs] [Times: user=5.30 sys=0.00, real=5.29 secs] 
11197.178: [CMS-concurrent-sweep-start]
11200.836: [GC 11200.837: [ParNew: 440895K->48960K(440896K), 1.3295009 secs] 3552747K->3210516K(4145344K), 1.3299672 secs] [Times: user=3.69 sys=0.01, real=1.33 secs] 
11217.246: [GC 11217.247: [ParNew: 440896K->48959K(440896K), 1.3905078 secs] 2823617K->2486958K(4145344K), 1.3909609 secs] [Times: user=3.89 sys=0.02, real=1.39 secs] 
11232.354: [GC 11232.355: [ParNew: 440895K->48960K(440896K), 1.2118940 secs] 2206684K->1863429K(4145344K), 1.2123533 secs] [Times: user=3.68 sys=0.02, real=1.21 secs] 
11243.071: [GC 11243.071: [ParNew: 440891K->48959K(440896K), 0.9699054 secs] 1812611K->1463171K(4145344K), 0.9703715 secs] [Times: user=3.29 sys=0.01, real=0.97 secs] 
11256.236: [CMS-concurrent-sweep: 54.100/59.058 secs] [Times: user=137.12 sys=2.34, real=59.06 secs] 
11256.237: [CMS-concurrent-reset-start]
11256.266: [CMS-concurrent-reset: 0.029/0.029 secs] [Times: user=0.03 sys=0.00, real=0.03 secs] 
11264.115: [GC 11264.116: [ParNew: 440895K->48960K(440896K), 1.2884353 secs] 1276742K->936697K(4145344K), 1.2888755 secs] [Times: user=3.48 sys=0.01, real=1.29 secs] 
11281.753: [GC 11281.753: [ParNew: 440896K->48960K(440896K), 1.2357210 secs] 1328633K->982349K(4145344K), 1.2361455 secs] [Times: user=3.41 sys=0.02, real=1.24 secs] 
11309.627: [GC 11309.627: [ParNew: 440896K->48960K(440896K), 1.3918955 secs] 1374285K->1035276K(4145344K), 1.3923439 secs] [Times: user=3.58 sys=0.02, real=1.39 secs] 
11326.225: [GC 11326.225: [ParNew: 440896K->48960K(440896K), 1.4910453 secs] 1427212K->1087361K(4145344K), 1.4914810 secs] [Times: user=3.67 sys=0.02, real=1.49 secs] 
11349.925: [GC 11349.925: [ParNew: 440896K->48960K(440896K), 1.0535331 secs] 1479297K->1130996K(4145344K), 1.0666895 secs] [Times: user=3.69 sys=0.01, real=1.07 secs] 
11369.457: [GC 11369.457: [ParNew: 440896K->48960K(440896K), 1.4692558 secs] 1522932K->1181897K(4145344K), 1.4696768 secs] [Times: user=3.86 sys=0.02, real=1.47 secs] 
11386.929: [GC 11386.929: [ParNew: 440896K->48960K(440896K), 1.4043899 secs] 1573833K->1232801K(4145344K), 1.4048329 secs] [Times: user=3.89 sys=0.04, real=1.41 secs] 
11403.269: [GC 11403.269: [ParNew: 440896K->48960K(440896K), 1.3740566 secs] 1624737K->1281949K(4145344K), 1.3745013 secs] [Times: user=3.71 sys=0.04, real=1.37 secs] 
11419.106: [GC 11419.106: [ParNew: 440896K->48960K(440896K), 1.3406484 secs] 1673885K->1329606K(4145344K), 1.3411574 secs] [Times: user=3.68 sys=0.04, real=1.34 secs] 
11446.546: [GC 11446.547: [ParNew: 440896K->48960K(440896K), 1.4028894 secs] 1721542K->1381114K(4145344K), 1.4034333 secs] [Times: user=3.96 sys=0.04, real=1.40 secs] 
11470.123: [GC 11470.123: [ParNew: 440896K->48960K(440896K), 1.5971517 secs] 1773050K->1434813K(4145344K), 1.5975862 secs] [Times: user=3.92 sys=0.04, real=1.60 secs] 
11490.092: [GC 11490.092: [ParNew: 440896K->48959K(440896K), 1.2047118 secs] 1826749K->1480137K(4145344K), 1.2052347 secs] [Times: user=3.86 sys=0.03, real=1.21 secs] 
11505.096: [GC 11505.096: [ParNew: 440895K->48959K(440896K), 1.7639924 secs] 1872073K->1539946K(4145344K), 1.7644325 secs] [Times: user=4.28 sys=0.04, real=1.76 secs] 
11520.189: [GC 11520.189: [ParNew: 440895K->48959K(440896K), 1.3837422 secs] 1931882K->1590479K(4145344K), 1.3842272 secs] [Times: user=3.89 sys=0.03, real=1.38 secs] 
11533.475: [GC 11533.475: [ParNew: 440895K->48959K(440896K), 1.6834378 secs] 1982415K->1646495K(4145344K), 1.6838957 secs] [Times: user=4.26 sys=0.04, real=1.68 secs] 
11552.568: [GC 11552.569: [ParNew: 440895K->48960K(440896K), 1.4122288 secs] 2038431K->1698219K(4145344K), 1.4126605 secs] [Times: user=3.89 sys=0.03, real=1.41 secs] 
11570.485: [GC 11570.485: [ParNew: 440896K->48960K(440896K), 1.2053549 secs] 2090155K->1727236K(4145344K), 1.2058005 secs] [Times: user=2.76 sys=0.02, real=1.21 secs] 
11592.072: [GC 11592.072: [ParNew: 440896K->48960K(440896K), 1.4277465 secs] 2119172K->1779474K(4145344K), 1.4282057 secs] [Times: user=3.92 sys=0.05, real=1.43 secs] 
11613.483: [GC 11613.483: [ParNew: 440896K->48960K(440896K), 1.3526608 secs] 2171410K->1825820K(4145344K), 1.3531194 secs] [Times: user=3.66 sys=0.04, real=1.35 secs] 
11621.586: [GC 11621.586: [ParNew: 440896K->48960K(440896K), 1.3962289 secs] 2217756K->1871394K(4145344K), 1.3967272 secs] [Times: user=3.73 sys=0.03, real=1.40 secs] 
11636.410: [GC 11636.410: [ParNew: 440896K->48959K(440896K), 1.6186429 secs] 2263330K->1927091K(4145344K), 1.6190818 secs] [Times: user=4.08 sys=0.04, real=1.62 secs] 
11670.434: [GC 11670.434: [ParNew: 440895K->48959K(440896K), 1.3331599 secs] 2319027K->1974551K(4145344K), 1.3336224 secs] [Times: user=3.75 sys=0.03, real=1.33 secs] 
11694.621: [GC 11694.621: [ParNew: 440850K->48959K(440896K), 1.4069767 secs] 2366442K->2021991K(4145344K), 1.4074304 secs] [Times: user=3.81 sys=0.03, real=1.41 secs] 
11717.264: [GC 11717.264: [ParNew: 440895K->48960K(440896K), 1.5327965 secs] 2413927K->2075993K(4145344K), 1.5331925 secs] [Times: user=3.91 sys=0.04, real=1.53 secs] 
11733.036: [GC 11733.036: [ParNew: 440896K->48960K(440896K), 1.3210977 secs] 2467929K->2124971K(4145344K), 1.3215725 secs] [Times: user=3.83 sys=0.04, real=1.32 secs] 
11769.802: [GC 11769.802: [ParNew: 440896K->48959K(440896K), 1.1914990 secs] 2516907K->2172603K(4145344K), 1.1919779 secs] [Times: user=3.63 sys=0.04, real=1.19 secs] 
11801.287: [GC 11801.287: [ParNew: 440895K->48960K(440896K), 1.3077130 secs] 2564539K->2220513K(4145344K), 1.3081480 secs] [Times: user=3.79 sys=0.05, real=1.31 secs] 
11827.191: [GC 11827.191: [ParNew: 440896K->48960K(440896K), 1.4428045 secs] 2612449K->2273421K(4145344K), 1.4432486 secs] [Times: user=4.15 sys=0.06, real=1.44 secs] 
11854.193: [GC 11854.193: [ParNew: 440896K->48959K(440896K), 1.5599628 secs] 2665357K->2328277K(4145344K), 1.5604139 secs] [Times: user=4.07 sys=0.05, real=1.56 secs] 
11867.326: [GC 11867.326: [ParNew: 440895K->48960K(440896K), 1.3672905 secs] 2720213K->2375955K(4145344K), 1.3677452 secs] [Times: user=3.86 sys=0.04, real=1.37 secs] 
11884.117: [GC 11884.117: [ParNew: 440896K->48960K(440896K), 1.6055467 secs] 2767891K->2430885K(4145344K), 1.6060603 secs] [Times: user=4.00 sys=0.05, real=1.61 secs] 
11897.991: [GC 11897.991: [ParNew: 440896K->48959K(440896K), 1.2562076 secs] 2822821K->2478490K(4145344K), 1.2566804 secs] [Times: user=3.90 sys=0.04, real=1.26 secs] 
11907.455: [GC 11907.455: [ParNew: 440895K->48960K(440896K), 1.6140822 secs] 2870426K->2536101K(4145344K), 1.6145681 secs] [Times: user=4.18 sys=0.06, real=1.61 secs] 
11921.301: [GC 11921.301: [ParNew: 440896K->48960K(440896K), 1.7651637 secs] 2928037K->2592045K(4145344K), 1.7656699 secs] [Times: user=4.13 sys=0.06, real=1.77 secs] 
11936.041: [GC 11936.041: [ParNew: 440896K->48959K(440896K), 1.5190825 secs] 2983981K->2640636K(4145344K), 1.5195827 secs] [Times: user=4.05 sys=0.05, real=1.52 secs] 
11953.227: [GC 11953.227: [ParNew: 440895K->48959K(440896K), 1.4331086 secs] 3032572K->2693149K(4145344K), 1.4335958 secs] [Times: user=4.17 sys=0.04, real=1.43 secs] 
11961.497: [GC 11961.497: [ParNew: 440895K->48960K(440896K), 1.5645513 secs] 3085085K->2749243K(4145344K), 1.5650303 secs] [Times: user=4.42 sys=0.04, real=1.57 secs] 
11974.050: [GC 11974.050: [ParNew: 440896K->48960K(440896K), 1.7186027 secs] 3141179K->2805150K(4145344K), 1.7190726 secs] [Times: user=4.28 sys=0.03, real=1.72 secs] 
11988.950: [GC 11988.950: [ParNew: 440896K->48960K(440896K), 1.2788364 secs] 3197086K->2848915K(4145344K), 1.2793196 secs] [Times: user=3.54 sys=0.02, real=1.28 secs] 
12001.980: [GC 12001.980: [ParNew: 440896K->48959K(440896K), 1.5462026 secs] 3240851K->2904145K(4145344K), 1.5466870 secs] [Times: user=4.05 sys=0.04, real=1.55 secs] 
12016.777: [GC 12016.777: [ParNew: 440895K->48959K(440896K), 1.2783889 secs] 3296081K->2952541K(4145344K), 1.2788513 secs] [Times: user=3.84 sys=0.03, real=1.28 secs] 
12030.886: [GC 12030.886: [ParNew: 440895K->48960K(440896K), 1.5749159 secs] 3344477K->3008658K(4145344K), 1.5753966 secs] [Times: user=4.17 sys=0.03, real=1.58 secs] 
12043.731: [GC 12043.731: [ParNew: 440896K->48960K(440896K), 1.6967033 secs] 3400594K->3063280K(4145344K), 1.6971310 secs] [Times: user=4.10 sys=0.03, real=1.70 secs] 
12054.245: [GC 12054.246: [ParNew: 440896K->48960K(440896K), 1.7654095 secs] 3455216K->3116976K(4145344K), 1.7659050 secs] [Times: user=4.37 sys=0.03, real=1.77 secs] 
12065.263: [GC 12065.263: [ParNew: 440896K->48960K(440896K), 1.4911011 secs] 3508912K->3172379K(4145344K), 1.4915882 secs] [Times: user=4.16 sys=0.03, real=1.49 secs] 
12075.060: [GC 12075.060: [ParNew: 440896K->48960K(440896K), 1.4483105 secs] 3564315K->3224886K(4145344K), 1.4487772 secs] [Times: user=4.02 sys=0.03, real=1.45 secs] 
12090.784: [GC 12090.784: [ParNew: 440896K->48960K(440896K), 1.4229186 secs] 3616822K->3274353K(4145344K), 1.4234105 secs] [Times: user=3.80 sys=0.02, real=1.42 secs] 
12104.114: [GC 12104.114: [ParNew: 440896K->48960K(440896K), 1.2123570 secs] 3666289K->3320351K(4145344K), 1.2128362 secs] [Times: user=3.66 sys=0.03, real=1.21 secs] 
12113.606: [GC 12113.606: [ParNew: 440896K->48959K(440896K), 1.5047875 secs] 3712287K->3377487K(4145344K), 1.5052320 secs] [Times: user=4.11 sys=0.03, real=1.51 secs] 
12115.115: [GC [1 CMS-initial-mark: 3328527K(3704448K)] 3378038K(4145344K), 0.4706896 secs] [Times: user=0.47 sys=0.00, real=0.47 secs] 
12115.586: [CMS-concurrent-mark-start]
12116.564: [CMS-concurrent-mark: 0.978/0.978 secs] [Times: user=8.27 sys=0.06, real=0.98 secs] 
12116.564: [CMS-concurrent-preclean-start]
12116.707: [CMS-concurrent-preclean: 0.141/0.143 secs] [Times: user=0.41 sys=0.01, real=0.14 secs] 
12116.707: [CMS-concurrent-abortable-preclean-start]
 CMS: abort preclean due to time 12122.102: [CMS-concurrent-abortable-preclean: 5.391/5.394 secs] [Times: user=8.79 sys=0.11, real=5.39 secs] 
12122.106: [GC[YG occupancy: 197850 K (440896 K)]12122.106: [Rescan (non-parallel) 12122.106: [grey object rescan, 0.0979973 secs]12122.214: [root rescan, 1.8329281 secs], 1.9410199 secs]12124.047: [weak refs processing, 3.1512956 secs] [1 CMS-remark: 3328527K(3704448K)] 3526378K(4145344K), 5.0943052 secs] [Times: user=5.09 sys=0.01, real=5.09 secs] 
12127.201: [CMS-concurrent-sweep-start]
12138.701: [GC 12138.702: [ParNew: 440895K->48960K(440896K), 1.4147984 secs] 3120218K->2778972K(4145344K), 1.4152591 secs] [Times: user=4.95 sys=0.02, real=1.42 secs] 
12158.734: [GC 12158.734: [ParNew: 440896K->48960K(440896K), 1.3473096 secs] 2210264K->1865208K(4145344K), 1.3477699 secs] [Times: user=3.59 sys=0.01, real=1.35 secs] 
12175.380: [GC 12175.380: [ParNew: 440896K->48960K(440896K), 1.5377599 secs] 1557141K->1220417K(4145344K), 1.5381959 secs] [Times: user=3.99 sys=0.01, real=1.54 secs] 
12185.292: [CMS-concurrent-sweep: 53.766/58.091 secs] [Times: user=121.74 sys=1.80, real=58.09 secs] 
12185.292: [CMS-concurrent-reset-start]
12185.321: [CMS-concurrent-reset: 0.029/0.029 secs] [Times: user=0.07 sys=0.00, real=0.03 secs] 
12192.867: [GC 12192.868: [ParNew: 440896K->48960K(440896K), 1.3724504 secs] 1203783K->862810K(4145344K), 1.3729136 secs] [Times: user=3.48 sys=0.02, real=1.37 secs] 
12204.297: [GC 12204.297: [ParNew: 440896K->48960K(440896K), 1.2874414 secs] 1254746K->911480K(4145344K), 1.2878995 secs] [Times: user=3.70 sys=0.01, real=1.29 secs] 
12216.343: [GC 12216.343: [ParNew: 440896K->48960K(440896K), 1.3756341 secs] 1303416K->966251K(4145344K), 1.3760944 secs] [Times: user=3.63 sys=0.02, real=1.38 secs] 
12232.266: [GC 12232.267: [ParNew: 440896K->48959K(440896K), 1.5528273 secs] 1358187K->1016802K(4145344K), 1.5533415 secs] [Times: user=3.86 sys=0.02, real=1.55 secs] 
12243.871: [GC 12243.871: [ParNew: 440895K->48960K(440896K), 1.1635852 secs] 1408738K->1063537K(4145344K), 1.1640378 secs] [Times: user=3.94 sys=0.01, real=1.16 secs] 
12252.576: [GC 12252.576: [ParNew: 440896K->48959K(440896K), 1.5710207 secs] 1455473K->1117298K(4145344K), 1.5714910 secs] [Times: user=4.18 sys=0.03, real=1.57 secs] 
12265.355: [GC 12265.356: [ParNew: 440895K->48960K(440896K), 1.6885522 secs] 1509234K->1171950K(4145344K), 1.6890213 secs] [Times: user=4.31 sys=0.03, real=1.69 secs] 
12281.763: [GC 12281.763: [ParNew: 440896K->48959K(440896K), 1.8255828 secs] 1563886K->1228958K(4145344K), 1.8260508 secs] [Times: user=4.22 sys=0.03, real=1.83 secs] 
12296.051: [GC 12296.051: [ParNew: 440895K->48960K(440896K), 1.5718101 secs] 1620894K->1280035K(4145344K), 1.5723220 secs] [Times: user=4.19 sys=0.03, real=1.57 secs] 
12320.327: [GC 12320.327: [ParNew: 440896K->48960K(440896K), 1.6644728 secs] 1671971K->1333774K(4145344K), 1.6649364 secs] [Times: user=3.97 sys=0.03, real=1.67 secs] 
12344.208: [GC 12344.208: [ParNew: 440896K->48960K(440896K), 1.3897224 secs] 1725710K->1381708K(4145344K), 1.3901890 secs] [Times: user=3.73 sys=0.03, real=1.39 secs] 
12360.520: [GC 12360.520: [ParNew: 440896K->48960K(440896K), 1.4300756 secs] 1773644K->1433532K(4145344K), 1.4305365 secs] [Times: user=3.82 sys=0.04, real=1.43 secs] 
12373.677: [GC 12373.677: [ParNew: 440892K->48960K(440896K), 1.6074745 secs] 1825464K->1485339K(4145344K), 1.6079286 secs] [Times: user=4.09 sys=0.03, real=1.61 secs] 
12393.288: [GC 12393.288: [ParNew: 440896K->48959K(440896K), 1.2597674 secs] 1877275K->1534875K(4145344K), 1.2602545 secs] [Times: user=3.93 sys=0.04, real=1.26 secs] 
12406.116: [GC 12406.116: [ParNew: 440895K->48959K(440896K), 1.4213174 secs] 1926811K->1586817K(4145344K), 1.4217740 secs] [Times: user=3.94 sys=0.03, real=1.42 secs] 
12416.315: [GC 12416.315: [ParNew: 440895K->48959K(440896K), 1.3615445 secs] 1978753K->1638235K(4145344K), 1.3620049 secs] [Times: user=4.20 sys=0.04, real=1.36 secs] 
12427.467: [GC 12427.467: [ParNew: 440895K->48959K(440896K), 1.3151634 secs] 2030171K->1690778K(4145344K), 1.3156323 secs] [Times: user=3.85 sys=0.03, real=1.32 secs] 
12443.189: [GC 12443.190: [ParNew: 440895K->48960K(440896K), 1.8333845 secs] 2082714K->1749142K(4145344K), 1.8338480 secs] [Times: user=4.32 sys=0.03, real=1.83 secs] 
12453.817: [GC 12453.818: [ParNew: 440896K->48960K(440896K), 1.6245703 secs] 2141078K->1800022K(4145344K), 1.6250383 secs] [Times: user=3.98 sys=0.03, real=1.63 secs] 
12464.776: [GC 12464.776: [ParNew: 440879K->48960K(440896K), 1.1234923 secs] 2191942K->1846688K(4145344K), 1.1239440 secs] [Times: user=3.58 sys=0.03, real=1.12 secs] 
12474.325: [GC 12474.325: [ParNew: 440896K->48960K(440896K), 1.9021659 secs] 2238624K->1907163K(4145344K), 1.9026449 secs] [Times: user=4.36 sys=0.04, real=1.90 secs] 
12488.969: [GC 12488.970: [ParNew: 440896K->48960K(440896K), 1.1795827 secs] 2299099K->1952298K(4145344K), 1.1800561 secs] [Times: user=3.74 sys=0.03, real=1.18 secs] 
12504.317: [GC 12504.318: [ParNew: 440896K->48960K(440896K), 1.5885383 secs] 2344234K->2008397K(4145344K), 1.5890019 secs] [Times: user=4.17 sys=0.04, real=1.59 secs] 
12518.164: [GC 12518.165: [ParNew: 440896K->48960K(440896K), 1.5953354 secs] 2400333K->2058355K(4145344K), 1.5957864 secs] [Times: user=3.91 sys=0.03, real=1.60 secs] 
12534.268: [GC 12534.269: [ParNew: 440896K->48960K(440896K), 1.7064195 secs] 2450291K->2113487K(4145344K), 1.7068765 secs] [Times: user=4.13 sys=0.03, real=1.71 secs] 
12554.906: [GC 12554.906: [ParNew: 440896K->48959K(440896K), 1.4705517 secs] 2505423K->2165124K(4145344K), 1.4709794 secs] [Times: user=3.89 sys=0.04, real=1.47 secs] 
12573.648: [GC 12573.648: [ParNew: 440895K->48960K(440896K), 1.7688898 secs] 2557060K->2221105K(4145344K), 1.7693440 secs] [Times: user=4.21 sys=0.05, real=1.77 secs] 
12586.681: [GC 12586.681: [ParNew: 440896K->48960K(440896K), 1.4215083 secs] 2613041K->2270688K(4145344K), 1.4219942 secs] [Times: user=3.90 sys=0.04, real=1.42 secs] 
12600.633: [GC 12600.633: [ParNew: 440896K->48960K(440896K), 1.4249749 secs] 2662624K->2323493K(4145344K), 1.4254607 secs] [Times: user=4.03 sys=0.07, real=1.43 secs] 
12615.882: [GC 12615.882: [ParNew: 440896K->48959K(440896K), 1.5465823 secs] 2715429K->2375212K(4145344K), 1.5470601 secs] [Times: user=3.80 sys=0.07, real=1.55 secs] 
12631.221: [GC 12631.221: [ParNew: 440895K->48960K(440896K), 1.4751520 secs] 2767148K->2418804K(4145344K), 1.4756142 secs] [Times: user=3.65 sys=0.05, real=1.48 secs] 
12644.184: [GC 12644.184: [ParNew: 440896K->48959K(440896K), 1.7294243 secs] 2810740K->2475440K(4145344K), 1.7298861 secs] [Times: user=4.18 sys=0.06, real=1.73 secs] 
12660.840: [GC 12660.841: [ParNew: 440895K->48960K(440896K), 1.4663301 secs] 2867376K->2521078K(4145344K), 1.4667632 secs] [Times: user=3.79 sys=0.06, real=1.47 secs] 
12677.002: [GC 12677.002: [ParNew: 440896K->48959K(440896K), 1.4811232 secs] 2913014K->2569406K(4145344K), 1.4815745 secs] [Times: user=3.77 sys=0.07, real=1.48 secs] 
12700.109: [GC 12700.109: [ParNew: 440895K->45367K(440896K), 0.9559254 secs] 2961342K->2606431K(4145344K), 0.9563469 secs] [Times: user=3.32 sys=0.06, real=0.96 secs] 
12714.365: [GC 12714.365: [ParNew: 437303K->48960K(440896K), 1.2446370 secs] 2998367K->2626985K(4145344K), 1.2450839 secs] [Times: user=2.07 sys=0.01, real=1.25 secs] 
12723.480: [GC 12723.481: [ParNew: 440896K->48960K(440896K), 1.3829160 secs] 3018921K->2681611K(4145344K), 1.3833541 secs] [Times: user=4.21 sys=0.08, real=1.38 secs] 
12753.680: [GC 12753.681: [ParNew: 440896K->48960K(440896K), 1.2513736 secs] 3073547K->2732937K(4145344K), 1.2518500 secs] [Times: user=3.96 sys=0.04, real=1.25 secs] 
12801.585: [GC 12801.585: [ParNew: 440896K->48959K(440896K), 0.5757735 secs] 3124873K->2769877K(4145344K), 0.5762964 secs] [Times: user=3.07 sys=0.03, real=0.58 secs] 
12826.699: [GC 12826.699: [ParNew: 440895K->48959K(440896K), 1.3730504 secs] 3161813K->2826622K(4145344K), 1.3735482 secs] [Times: user=3.93 sys=0.04, real=1.37 secs] 
12841.639: [GC 12841.639: [ParNew: 440895K->48960K(440896K), 1.3703419 secs] 3218558K->2877997K(4145344K), 1.3708680 secs] [Times: user=3.94 sys=0.03, real=1.37 secs] 
12847.147: [GC 12847.147: [ParNew: 440896K->48959K(440896K), 1.8013409 secs] 3269933K->2942358K(4145344K), 1.8018466 secs] [Times: user=4.44 sys=0.04, real=1.80 secs] 
12854.171: [GC 12854.172: [ParNew: 440895K->48960K(440896K), 1.7930828 secs] 3334294K->3000661K(4145344K), 1.7935937 secs] [Times: user=4.27 sys=0.03, real=1.80 secs] 
12863.429: [GC 12863.429: [ParNew: 440896K->48960K(440896K), 1.3734154 secs] 3392597K->3042595K(4145344K), 1.3739348 secs] [Times: user=3.37 sys=0.02, real=1.37 secs] 
12882.901: [GC 12882.902: [ParNew: 440896K->48960K(440896K), 1.3303170 secs] 3434531K->3086978K(4145344K), 1.3308110 secs] [Times: user=3.40 sys=0.03, real=1.33 secs] 
12899.496: [GC 12899.496: [ParNew: 440896K->48960K(440896K), 1.5138733 secs] 3478914K->3138411K(4145344K), 1.5143642 secs] [Times: user=4.03 sys=0.03, real=1.51 secs] 
12925.190: [GC 12925.190: [ParNew: 440896K->48960K(440896K), 1.5022954 secs] 3530347K->3188206K(4145344K), 1.5027297 secs] [Times: user=3.99 sys=0.03, real=1.50 secs] 
12937.629: [GC 12937.629: [ParNew: 440896K->48960K(440896K), 1.5474678 secs] 3580142K->3244596K(4145344K), 1.5480038 secs] [Times: user=4.28 sys=0.03, real=1.55 secs] 
12949.138: [GC 12949.138: [ParNew: 440896K->48959K(440896K), 1.3972716 secs] 3636532K->3295330K(4145344K), 1.3977396 secs] [Times: user=3.90 sys=0.03, real=1.40 secs] 
12960.658: [GC 12960.658: [ParNew: 440895K->48959K(440896K), 1.5348181 secs] 3687266K->3346621K(4145344K), 1.5352901 secs] [Times: user=4.11 sys=0.03, real=1.54 secs] 
12962.197: [GC [1 CMS-initial-mark: 3297661K(3704448K)] 3346894K(4145344K), 0.5022018 secs] [Times: user=0.50 sys=0.00, real=0.50 secs] 
12962.700: [CMS-concurrent-mark-start]
12963.614: [CMS-concurrent-mark: 0.914/0.914 secs] [Times: user=8.10 sys=0.12, real=0.91 secs] 
12963.615: [CMS-concurrent-preclean-start]
12963.751: [CMS-concurrent-preclean: 0.134/0.136 secs] [Times: user=0.44 sys=0.01, real=0.14 secs] 
12963.751: [CMS-concurrent-abortable-preclean-start]
 CMS: abort preclean due to time 12969.081: [CMS-concurrent-abortable-preclean: 5.317/5.330 secs] [Times: user=13.88 sys=0.22, real=5.33 secs] 
12969.085: [GC[YG occupancy: 317697 K (440896 K)]12969.085: [Rescan (non-parallel) 12969.085: [grey object rescan, 0.0987229 secs]12969.184: [root rescan, 2.8338646 secs], 2.9328724 secs]12972.018: [weak refs processing, 4.4950063 secs] [1 CMS-remark: 3297661K(3704448K)] 3615359K(4145344K), 7.4300333 secs] [Times: user=7.44 sys=0.01, real=7.43 secs] 
12976.515: [CMS-concurrent-sweep-start]
12978.368: [GC 12978.368: [ParNew: 440895K->48960K(440896K), 1.2252753 secs] 3634569K->3293307K(4145344K), 1.2257624 secs] [Times: user=3.72 sys=0.01, real=1.23 secs] 
12989.231: [GC 12989.232: [ParNew: 440896K->48960K(440896K), 1.4457016 secs] 3111240K->2773634K(4145344K), 1.4462107 secs] [Times: user=4.12 sys=0.02, real=1.45 secs] 
12996.549: [GC 12996.550: [ParNew: 440896K->48959K(440896K), 1.3542722 secs] 2865110K->2525455K(4145344K), 1.3547383 secs] [Times: user=3.73 sys=0.01, real=1.36 secs] 
13009.662: [GC 13009.662: [ParNew: 440895K->48960K(440896K), 1.3226158 secs] 2343526K->2003817K(4145344K), 1.3232401 secs] [Times: user=3.77 sys=0.02, real=1.32 secs] 
13019.174: [GC 13019.174: [ParNew: 440896K->48960K(440896K), 1.2551187 secs] 2001931K->1658095K(4145344K), 1.2555879 secs] [Times: user=3.64 sys=0.01, real=1.26 secs] 
13032.593: [CMS-concurrent-sweep: 49.398/56.078 secs] [Times: user=146.00 sys=2.39, real=56.08 secs] 
13032.594: [CMS-concurrent-reset-start]
13032.623: [CMS-concurrent-reset: 0.029/0.029 secs] [Times: user=0.02 sys=0.00, real=0.03 secs] 
13042.116: [GC 13042.117: [ParNew: 440896K->48960K(440896K), 1.5187815 secs] 1456478K->1119738K(4145344K), 1.5192508 secs] [Times: user=3.73 sys=0.01, real=1.52 secs] 
13053.912: [GC 13053.913: [ParNew: 440896K->48960K(440896K), 1.3288758 secs] 1511674K->1168094K(4145344K), 1.3293287 secs] [Times: user=3.49 sys=0.01, real=1.33 secs] 
13066.291: [GC 13066.292: [ParNew: 440896K->48959K(440896K), 1.5101143 secs] 1560030K->1225672K(4145344K), 1.5106216 secs] [Times: user=3.79 sys=0.02, real=1.51 secs] 
13077.015: [GC 13077.015: [ParNew: 440880K->48959K(440896K), 1.2627176 secs] 1617592K->1273242K(4145344K), 1.2632335 secs] [Times: user=3.48 sys=0.01, real=1.26 secs] 
13091.749: [GC 13091.750: [ParNew: 440895K->48960K(440896K), 1.7871783 secs] 1665178K->1329164K(4145344K), 1.7876658 secs] [Times: user=4.24 sys=0.01, real=1.79 secs] 
13103.551: [GC 13103.552: [ParNew: 440896K->48960K(440896K), 1.2974515 secs] 1721100K->1376133K(4145344K), 1.2979699 secs] [Times: user=3.92 sys=0.02, real=1.30 secs] 
13115.978: [GC 13115.978: [ParNew: 440802K->48960K(440896K), 1.3341619 secs] 1767975K->1429758K(4145344K), 1.3346642 secs] [Times: user=4.09 sys=0.03, real=1.33 secs] 
13124.303: [GC 13124.303: [ParNew: 440896K->48960K(440896K), 1.3723189 secs] 1821694K->1481975K(4145344K), 1.3728210 secs] [Times: user=3.81 sys=0.04, real=1.37 secs] 
13135.932: [GC 13135.933: [ParNew: 440896K->48960K(440896K), 1.4431126 secs] 1873911K->1531132K(4145344K), 1.4436076 secs] [Times: user=3.74 sys=0.03, real=1.44 secs] 
13143.783: [GC 13143.784: [ParNew: 440896K->48960K(440896K), 1.3813327 secs] 1923068K->1582173K(4145344K), 1.3818408 secs] [Times: user=4.00 sys=0.03, real=1.38 secs] 
13158.550: [GC 13158.551: [ParNew: 440896K->48960K(440896K), 1.5175918 secs] 1974109K->1636042K(4145344K), 1.5180689 secs] [Times: user=4.19 sys=0.04, real=1.52 secs] 
13168.186: [GC 13168.186: [ParNew: 440896K->48960K(440896K), 1.6320597 secs] 2027978K->1690016K(4145344K), 1.6325534 secs] [Times: user=3.99 sys=0.02, real=1.63 secs] 
13183.358: [GC 13183.358: [ParNew: 440896K->48960K(440896K), 1.4317091 secs] 2081952K->1738369K(4145344K), 1.4321776 secs] [Times: user=3.78 sys=0.03, real=1.43 secs] 
13200.374: [GC 13200.375: [ParNew: 440896K->48960K(440896K), 1.1997098 secs] 2130305K->1760150K(4145344K), 1.2001662 secs] [Times: user=2.36 sys=0.01, real=1.20 secs] 
13218.565: [GC 13218.565: [ParNew: 440896K->48959K(440896K), 1.5369680 secs] 2152086K->1812440K(4145344K), 1.5374329 secs] [Times: user=4.11 sys=0.04, real=1.54 secs] 
13231.974: [GC 13231.974: [ParNew: 440895K->48959K(440896K), 1.3087402 secs] 2204376K->1856888K(4145344K), 1.3092702 secs] [Times: user=3.80 sys=0.04, real=1.31 secs] 
13250.872: [GC 13250.872: [ParNew: 440895K->48960K(440896K), 1.4465363 secs] 2248824K->1911100K(4145344K), 1.4470252 secs] [Times: user=4.03 sys=0.03, real=1.45 secs] 
13275.903: [GC 13275.904: [ParNew: 440896K->48959K(440896K), 1.6940549 secs] 2303036K->1965908K(4145344K), 1.6945319 secs] [Times: user=4.26 sys=0.04, real=1.69 secs] 
13289.853: [GC 13289.853: [ParNew: 440895K->48959K(440896K), 1.6357466 secs] 2357844K->2019738K(4145344K), 1.6362496 secs] [Times: user=4.15 sys=0.03, real=1.64 secs] 
13305.234: [GC 13305.234: [ParNew: 440895K->48960K(440896K), 1.2796032 secs] 2411674K->2069212K(4145344K), 1.2801020 secs] [Times: user=3.88 sys=0.03, real=1.28 secs] 
13336.338: [GC 13336.338: [ParNew: 440896K->48959K(440896K), 1.4217417 secs] 2461148K->2118799K(4145344K), 1.4222360 secs] [Times: user=3.84 sys=0.03, real=1.42 secs] 
13357.776: [GC 13357.777: [ParNew: 440895K->48960K(440896K), 1.1326902 secs] 2510735K->2163331K(4145344K), 1.1331479 secs] [Times: user=3.57 sys=0.04, real=1.13 secs] 
13379.918: [GC 13379.918: [ParNew: 440896K->48960K(440896K), 1.4922877 secs] 2555267K->2215648K(4145344K), 1.4927882 secs] [Times: user=3.97 sys=0.04, real=1.49 secs] 
13401.503: [GC 13401.503: [ParNew: 440896K->48960K(440896K), 1.2122857 secs] 2607584K->2260199K(4145344K), 1.2127530 secs] [Times: user=3.53 sys=0.03, real=1.21 secs] 
13415.220: [GC 13415.220: [ParNew: 440896K->48960K(440896K), 1.4823885 secs] 2652135K->2315425K(4145344K), 1.4828496 secs] [Times: user=4.08 sys=0.04, real=1.48 secs] 
13436.247: [GC 13436.247: [ParNew: 440896K->48960K(440896K), 1.5117757 secs] 2707361K->2369447K(4145344K), 1.5122577 secs] [Times: user=4.02 sys=0.04, real=1.51 secs] 
13455.211: [GC 13455.211: [ParNew: 440896K->48959K(440896K), 1.3799864 secs] 2761383K->2417420K(4145344K), 1.3804500 secs] [Times: user=3.68 sys=0.03, real=1.38 secs] 
13471.476: [GC 13471.476: [ParNew: 440895K->48960K(440896K), 1.5477538 secs] 2809356K->2471635K(4145344K), 1.5482498 secs] [Times: user=4.18 sys=0.04, real=1.55 secs] 
13485.751: [GC 13485.752: [ParNew: 440896K->48960K(440896K), 1.3885554 secs] 2863571K->2523391K(4145344K), 1.3890506 secs] [Times: user=3.89 sys=0.04, real=1.39 secs] 
13498.557: [GC 13498.563: [ParNew: 440896K->48960K(440896K), 1.7930665 secs] 2915327K->2580277K(4145344K), 1.7936018 secs] [Times: user=4.46 sys=0.06, real=1.80 secs] 
13511.763: [GC 13511.763: [ParNew: 440896K->48960K(440896K), 1.5534468 secs] 2972213K->2632068K(4145344K), 1.5539569 secs] [Times: user=4.29 sys=0.06, real=1.55 secs] 
13529.327: [GC 13529.327: [ParNew: 440896K->48959K(440896K), 1.4599971 secs] 3024004K->2683777K(4145344K), 1.4604880 secs] [Times: user=3.97 sys=0.06, real=1.46 secs] 
13540.531: [GC 13540.531: [ParNew: 440895K->48960K(440896K), 1.3299436 secs] 3075713K->2730628K(4145344K), 1.3304404 secs] [Times: user=3.69 sys=0.05, real=1.33 secs] 
13556.628: [GC 13556.628: [ParNew: 440896K->48960K(440896K), 1.6822585 secs] 3122564K->2786824K(4145344K), 1.6827693 secs] [Times: user=4.23 sys=0.05, real=1.68 secs] 
13570.983: [GC 13570.983: [ParNew: 440896K->48960K(440896K), 1.1130838 secs] 3178760K->2832025K(4145344K), 1.1136762 secs] [Times: user=3.68 sys=0.04, real=1.11 secs] 
13584.698: [GC 13584.698: [ParNew: 440896K->48960K(440896K), 1.5183874 secs] 3223961K->2888750K(4145344K), 1.5189124 secs] [Times: user=4.15 sys=0.04, real=1.52 secs] 
13597.420: [GC 13597.420: [ParNew: 440896K->48959K(440896K), 1.3943018 secs] 3280686K->2938572K(4145344K), 1.3948052 secs] [Times: user=4.00 sys=0.03, real=1.40 secs] 
13607.772: [GC 13607.773: [ParNew: 440895K->48959K(440896K), 1.4396678 secs] 3330508K->2987897K(4145344K), 1.4402027 secs] [Times: user=3.82 sys=0.03, real=1.44 secs] 
13621.636: [GC 13621.636: [ParNew: 440895K->48959K(440896K), 1.4076117 secs] 3379833K->3037211K(4145344K), 1.4080769 secs] [Times: user=3.79 sys=0.04, real=1.41 secs] 
13634.662: [GC 13634.662: [ParNew: 440895K->48960K(440896K), 1.6930045 secs] 3429147K->3096660K(4145344K), 1.6934958 secs] [Times: user=4.08 sys=0.04, real=1.69 secs] 
13657.008: [GC 13657.008: [ParNew: 440896K->48960K(440896K), 1.1178677 secs] 3488596K->3140868K(4145344K), 1.1183443 secs] [Times: user=3.78 sys=0.04, real=1.12 secs] 
13673.070: [GC 13673.071: [ParNew: 440896K->48960K(440896K), 1.2543100 secs] 3532804K->3189799K(4145344K), 1.2548242 secs] [Times: user=3.84 sys=0.03, real=1.26 secs] 
13691.109: [GC 13691.109: [ParNew: 440896K->48959K(440896K), 1.5354700 secs] 3581735K->3244033K(4145344K), 1.5359540 secs] [Times: user=3.94 sys=0.03, real=1.54 secs] 
13719.045: [GC 13719.045: [ParNew: 440895K->48960K(440896K), 1.5295534 secs] 3635969K->3296298K(4145344K), 1.5300506 secs] [Times: user=3.85 sys=0.02, real=1.53 secs] 
13734.086: [GC 13734.087: [ParNew: 440896K->48960K(440896K), 1.4450229 secs] 3688234K->3343886K(4145344K), 1.4455199 secs] [Times: user=3.84 sys=0.02, real=1.45 secs] 
13752.370: [GC 13752.371: [ParNew: 440896K->48960K(440896K), 1.5362130 secs] 3735822K->3397847K(4145344K), 1.5367946 secs] [Times: user=4.24 sys=0.03, real=1.54 secs] 
13776.090: [GC 13776.090: [ParNew: 440896K->48959K(440896K), 1.4487098 secs] 3789783K->3448449K(4145344K), 1.4492044 secs] [Times: user=3.82 sys=0.03, real=1.45 secs] 
13792.132: [GC 13792.132: [ParNew: 440895K->48960K(440896K), 1.3321861 secs] 3840385K->3495018K(4145344K), 1.3326541 secs] [Times: user=3.67 sys=0.04, real=1.33 secs] 
13793.469: [GC [1 CMS-initial-mark: 3446058K(3704448K)] 3495563K(4145344K), 0.4954506 secs] [Times: user=0.49 sys=0.00, real=0.50 secs] 
13793.965: [CMS-concurrent-mark-start]
13794.838: [CMS-concurrent-mark: 0.873/0.873 secs] [Times: user=7.02 sys=0.10, real=0.87 secs] 
13794.839: [CMS-concurrent-preclean-start]
13794.969: [CMS-concurrent-preclean: 0.129/0.130 secs] [Times: user=0.27 sys=0.00, real=0.13 secs] 
13794.969: [CMS-concurrent-abortable-preclean-start]
 CMS: abort preclean due to time 13800.180: [CMS-concurrent-abortable-preclean: 5.195/5.210 secs] [Times: user=16.82 sys=0.28, real=5.21 secs] 
13800.184: [GC[YG occupancy: 385099 K (440896 K)]13800.184: [Rescan (non-parallel) 13800.184: [grey object rescan, 0.0979108 secs]13800.282: [root rescan, 3.2549749 secs], 3.3531653 secs]13803.537: [weak refs processing, 3.6422748 secs] [1 CMS-remark: 3446058K(3704448K)] 3831158K(4145344K), 6.9975425 secs] [Times: user=7.01 sys=0.00, real=7.00 secs] 
13807.182: [CMS-concurrent-sweep-start]
13807.406: [GC 13807.406: [ParNew: 440896K->48960K(440896K), 1.9208993 secs] 3884900K->3555349K(4145344K), 1.9213947 secs] [Times: user=4.52 sys=0.10, real=1.92 secs] 
13814.741: [GC 13814.741: [ParNew: 440896K->48960K(440896K), 1.4583974 secs] 3643611K->3304249K(4145344K), 1.4589195 secs] [Times: user=3.84 sys=0.01, real=1.46 secs] 
13826.835: [GC 13826.835: [ParNew: 440896K->48960K(440896K), 1.2427888 secs] 3118765K->2774079K(4145344K), 1.2432822 secs] [Times: user=3.44 sys=0.01, real=1.24 secs] 
13840.754: [GC 13840.755: [ParNew: 440896K->48960K(440896K), 1.6408921 secs] 2539269K->2205326K(4145344K), 1.6413792 secs] [Times: user=3.88 sys=0.01, real=1.64 secs] 
13850.366: [GC 13850.366: [ParNew: 440880K->48960K(440896K), 1.5262924 secs] 2241439K->1903905K(4145344K), 1.5268116 secs] [Times: user=4.16 sys=0.02, real=1.53 secs] 
13859.536: [GC 13859.536: [ParNew: 440896K->48960K(440896K), 1.2947513 secs] 1932454K->1592747K(4145344K), 1.2951894 secs] [Times: user=3.82 sys=0.02, real=1.30 secs] 
13872.296: [CMS-concurrent-sweep: 55.900/65.114 secs] [Times: user=177.18 sys=3.07, real=65.11 secs] 
13872.297: [CMS-concurrent-reset-start]
13872.326: [CMS-concurrent-reset: 0.029/0.029 secs] [Times: user=0.04 sys=0.00, real=0.03 secs] 
13874.774: [GC 13874.774: [ParNew: 440891K->48960K(440896K), 1.3465391 secs] 1452096K->1109302K(4145344K), 1.3470210 secs] [Times: user=3.46 sys=0.01, real=1.35 secs] 
13888.146: [GC 13888.146: [ParNew: 440896K->48960K(440896K), 1.3261659 secs] 1501238K->1157626K(4145344K), 1.3266660 secs] [Times: user=3.52 sys=0.01, real=1.33 secs] 
13916.569: [GC 13916.569: [ParNew: 440896K->48959K(440896K), 1.4438418 secs] 1549562K->1211695K(4145344K), 1.4443111 secs] [Times: user=3.76 sys=0.01, real=1.44 secs] 
13943.865: [GC 13943.865: [ParNew: 440895K->48959K(440896K), 1.3900292 secs] 1603631K->1261074K(4145344K), 1.3905093 secs] [Times: user=3.78 sys=0.01, real=1.39 secs] 
13963.535: [GC 13963.535: [ParNew: 440895K->48959K(440896K), 1.4576976 secs] 1653010K->1312095K(4145344K), 1.4581590 secs] [Times: user=4.04 sys=0.01, real=1.46 secs] 
13978.190: [GC 13978.190: [ParNew: 440895K->48959K(440896K), 1.3970740 secs] 1704031K->1359669K(4145344K), 1.3976688 secs] [Times: user=4.05 sys=0.02, real=1.40 secs] 
13991.881: [GC 13991.882: [ParNew: 440895K->48960K(440896K), 1.5902679 secs] 1751605K->1413047K(4145344K), 1.5907663 secs] [Times: user=4.16 sys=0.04, real=1.59 secs] 
14005.520: [GC 14005.520: [ParNew: 440896K->48960K(440896K), 1.2627505 secs] 1804983K->1460817K(4145344K), 1.2632541 secs] [Times: user=3.71 sys=0.04, real=1.26 secs] 
14024.000: [GC 14024.001: [ParNew: 440896K->48960K(440896K), 1.5639042 secs] 1852753K->1514337K(4145344K), 1.5643982 secs] [Times: user=3.93 sys=0.03, real=1.56 secs] 
14047.660: [GC 14047.660: [ParNew: 440896K->48960K(440896K), 1.3045827 secs] 1906273K->1561902K(4145344K), 1.3050738 secs] [Times: user=3.71 sys=0.03, real=1.31 secs] 
14062.426: [GC 14062.426: [ParNew: 440896K->48960K(440896K), 1.7233505 secs] 1953838K->1617269K(4145344K), 1.7238653 secs] [Times: user=4.53 sys=0.04, real=1.72 secs] 
14079.677: [GC 14079.677: [ParNew: 440896K->48960K(440896K), 1.6703234 secs] 2009205K->1673072K(4145344K), 1.6708520 secs] [Times: user=4.22 sys=0.04, real=1.67 secs] 
14104.726: [GC 14104.726: [ParNew: 440896K->48959K(440896K), 1.2838624 secs] 2065008K->1720330K(4145344K), 1.2843450 secs] [Times: user=3.85 sys=0.03, real=1.28 secs] 
14120.644: [GC 14120.644: [ParNew: 440895K->48959K(440896K), 1.4525115 secs] 2112266K->1772685K(4145344K), 1.4529806 secs] [Times: user=3.95 sys=0.03, real=1.45 secs] 
14130.330: [GC 14130.330: [ParNew: 440895K->48960K(440896K), 1.3763418 secs] 2164621K->1824452K(4145344K), 1.3768478 secs] [Times: user=4.04 sys=0.02, real=1.38 secs] 
14149.788: [GC 14149.788: [ParNew: 440896K->48960K(440896K), 1.6121651 secs] 2216388K->1878158K(4145344K), 1.6126569 secs] [Times: user=4.17 sys=0.03, real=1.61 secs] 
14170.187: [GC 14170.187: [ParNew: 440896K->48960K(440896K), 1.3353174 secs] 2270094K->1923797K(4145344K), 1.3458988 secs] [Times: user=3.83 sys=0.03, real=1.35 secs] 
14186.563: [GC 14186.564: [ParNew: 440896K->48960K(440896K), 1.5632714 secs] 2315733K->1977687K(4145344K), 1.5637637 secs] [Times: user=4.09 sys=0.03, real=1.56 secs] 
14201.330: [GC 14201.330: [ParNew: 440896K->48959K(440896K), 1.2883700 secs] 2369623K->2025838K(4145344K), 1.2889338 secs] [Times: user=3.83 sys=0.02, real=1.29 secs] 
14222.182: [GC 14222.182: [ParNew: 440895K->48960K(440896K), 1.2885337 secs] 2417774K->2071919K(4145344K), 1.2890459 secs] [Times: user=3.83 sys=0.03, real=1.29 secs] 
14247.202: [GC 14247.203: [ParNew: 440896K->48960K(440896K), 1.2651922 secs] 2463855K->2121301K(4145344K), 1.2656521 secs] [Times: user=3.85 sys=0.03, real=1.27 secs] 
14290.184: [GC 14290.184: [ParNew: 440896K->48960K(440896K), 1.2684564 secs] 2513237K->2169682K(4145344K), 1.2689417 secs] [Times: user=3.66 sys=0.03, real=1.27 secs] 
14309.404: [GC 14309.404: [ParNew: 440896K->48959K(440896K), 1.5332013 secs] 2561618K->2221249K(4145344K), 1.5336766 secs] [Times: user=3.99 sys=0.03, real=1.53 secs] 
14324.107: [GC 14324.107: [ParNew: 440895K->48960K(440896K), 1.6552788 secs] 2613185K->2279189K(4145344K), 1.6557813 secs] [Times: user=4.36 sys=0.03, real=1.66 secs] 
14339.222: [GC 14339.222: [ParNew: 440896K->48960K(440896K), 1.4995877 secs] 2671125K->2329484K(4145344K), 1.5000978 secs] [Times: user=4.13 sys=0.03, real=1.50 secs] 
14351.376: [GC 14351.377: [ParNew: 440896K->48960K(440896K), 1.3137768 secs] 2721420K->2376949K(4145344K), 1.3142382 secs] [Times: user=3.77 sys=0.03, real=1.31 secs] 
14367.812: [GC 14367.812: [ParNew: 440896K->48960K(440896K), 1.2999052 secs] 2768885K->2426879K(4145344K), 1.3004406 secs] [Times: user=3.86 sys=0.03, real=1.30 secs] 
14381.419: [GC 14381.419: [ParNew: 440896K->48960K(440896K), 1.6558609 secs] 2818815K->2482297K(4145344K), 1.6563779 secs] [Times: user=4.43 sys=0.03, real=1.66 secs] 
14399.092: [GC 14399.092: [ParNew: 440896K->48960K(440896K), 1.4420485 secs] 2874233K->2531589K(4145344K), 1.4425461 secs] [Times: user=4.04 sys=0.03, real=1.44 secs] 
14420.928: [GC 14420.928: [ParNew: 440896K->48960K(440896K), 1.7401520 secs] 2923525K->2589239K(4145344K), 1.7406166 secs] [Times: user=4.27 sys=0.04, real=1.74 secs] 
14429.454: [GC 14429.454: [ParNew: 440896K->48960K(440896K), 1.6584379 secs] 2981175K->2641077K(4145344K), 1.6589581 secs] [Times: user=4.00 sys=0.03, real=1.66 secs] 
14441.524: [GC 14441.524: [ParNew: 440896K->48960K(440896K), 1.4663222 secs] 3033013K->2692933K(4145344K), 1.4668175 secs] [Times: user=4.18 sys=0.04, real=1.47 secs] 
14455.256: [GC 14455.257: [ParNew: 440896K->48960K(440896K), 1.8012549 secs] 3084869K->2748317K(4145344K), 1.8018603 secs] [Times: user=4.68 sys=0.05, real=1.80 secs] 
14463.744: [GC 14463.744: [ParNew: 440896K->48960K(440896K), 1.4406574 secs] 3140253K->2799148K(4145344K), 1.4411546 secs] [Times: user=3.95 sys=0.03, real=1.44 secs] 
14479.557: [GC 14479.557: [ParNew: 440896K->48960K(440896K), 1.3575267 secs] 3191084K->2848409K(4145344K), 1.3579998 secs] [Times: user=3.89 sys=0.03, real=1.36 secs] 
14495.905: [GC 14495.905: [ParNew: 440896K->48960K(440896K), 1.5694782 secs] 3240345K->2903496K(4145344K), 1.5699462 secs] [Times: user=4.12 sys=0.04, real=1.57 secs] 
14510.057: [GC 14510.057: [ParNew: 440896K->48960K(440896K), 1.4134171 secs] 3295432K->2952380K(4145344K), 1.4138921 secs] [Times: user=3.95 sys=0.02, real=1.41 secs] 
14530.935: [GC 14530.936: [ParNew: 440896K->48959K(440896K), 1.4337912 secs] 3344316K->3004043K(4145344K), 1.4342808 secs] [Times: user=3.98 sys=0.04, real=1.43 secs] 
14546.133: [GC 14546.133: [ParNew: 440895K->48959K(440896K), 1.5077960 secs] 3395979K->3055107K(4145344K), 1.5082629 secs] [Times: user=4.01 sys=0.04, real=1.51 secs] 
14555.771: [GC 14555.771: [ParNew: 440895K->48960K(440896K), 1.7044243 secs] 3447043K->3111409K(4145344K), 1.7048987 secs] [Times: user=4.35 sys=0.03, real=1.71 secs] 
14572.426: [GC 14572.426: [ParNew: 440896K->48960K(440896K), 1.8100338 secs] 3503345K->3166212K(4145344K), 1.8105833 secs] [Times: user=4.35 sys=0.03, real=1.81 secs] 
14591.611: [GC 14591.612: [ParNew: 440896K->48959K(440896K), 1.3700073 secs] 3558148K->3211634K(4145344K), 1.3704777 secs] [Times: user=3.80 sys=0.03, real=1.37 secs] 
14609.695: [GC 14609.695: [ParNew: 440895K->48960K(440896K), 1.4502893 secs] 3603570K->3264483K(4145344K), 1.4507732 secs] [Times: user=4.03 sys=0.02, real=1.45 secs] 
14624.556: [GC 14624.557: [ParNew: 440896K->48960K(440896K), 1.4136093 secs] 3656424K->3314620K(4145344K), 1.4140758 secs] [Times: user=3.92 sys=0.02, real=1.41 secs] 
14636.586: [GC 14636.586: [ParNew: 440896K->48960K(440896K), 1.6951916 secs] 3706556K->3370526K(4145344K), 1.6957153 secs] [Times: user=4.19 sys=0.04, real=1.70 secs] 
14638.286: [GC [1 CMS-initial-mark: 3321566K(3704448K)] 3372915K(4145344K), 0.4762074 secs] [Times: user=0.48 sys=0.00, real=0.48 secs] 
14638.763: [CMS-concurrent-mark-start]
14639.714: [CMS-concurrent-mark: 0.951/0.951 secs] [Times: user=9.36 sys=0.13, real=0.95 secs] 
14639.714: [CMS-concurrent-preclean-start]
14639.851: [CMS-concurrent-preclean: 0.135/0.137 secs] [Times: user=0.23 sys=0.01, real=0.14 secs] 
14639.852: [CMS-concurrent-abortable-preclean-start]
 CMS: abort preclean due to time 14645.055: [CMS-concurrent-abortable-preclean: 5.190/5.203 secs] [Times: user=17.04 sys=0.32, real=5.20 secs] 
14645.059: [GC[YG occupancy: 408574 K (440896 K)]14645.059: [Rescan (non-parallel) 14645.059: [grey object rescan, 0.1030941 secs]14645.163: [root rescan, 3.5143381 secs], 3.6176778 secs]14648.677: [weak refs processing, 3.1204356 secs] [1 CMS-remark: 3321566K(3704448K)] 3730141K(4145344K), 6.7399594 secs] [Times: user=6.75 sys=0.00, real=6.74 secs] 
14651.800: [CMS-concurrent-sweep-start]
14652.035: [GC 14652.035: [ParNew: 440896K->48960K(440896K), 1.4702814 secs] 3761352K->3419384K(4145344K), 1.4707675 secs] [Times: user=4.07 sys=0.08, real=1.47 secs] 
14659.534: [GC 14659.534: [ParNew: 440896K->48960K(440896K), 1.5595382 secs] 3477986K->3142003K(4145344K), 1.5600616 secs] [Times: user=3.96 sys=0.01, real=1.56 secs] 
14669.879: [GC 14669.879: [ParNew: 440896K->48960K(440896K), 1.5428695 secs] 3083634K->2748314K(4145344K), 1.5433722 secs] [Times: user=4.19 sys=0.02, real=1.54 secs] 
14683.607: [GC 14683.607: [ParNew: 440896K->48960K(440896K), 1.5088920 secs] 2559982K->2218861K(4145344K), 1.5093822 secs] [Times: user=4.07 sys=0.01, real=1.51 secs] 
14697.958: [GC 14697.959: [ParNew: 440896K->48959K(440896K), 1.4558693 secs] 2055469K->1716993K(4145344K), 1.4563535 secs] [Times: user=3.90 sys=0.02, real=1.46 secs] 
14707.009: [GC 14707.009: [ParNew: 440895K->48959K(440896K), 1.2682704 secs] 1774112K->1431836K(4145344K), 1.2687472 secs] [Times: user=3.70 sys=0.01, real=1.27 secs] 
14718.388: [CMS-concurrent-sweep: 57.718/66.588 secs] [Times: user=177.09 sys=3.24, real=66.59 secs] 
14718.389: [CMS-concurrent-reset-start]
14718.418: [CMS-concurrent-reset: 0.029/0.029 secs] [Times: user=0.05 sys=0.00, real=0.03 secs] 
14727.464: [GC 14727.464: [ParNew: 440895K->48960K(440896K), 1.5150757 secs] 1397393K->1060218K(4145344K), 1.5155720 secs] [Times: user=3.81 sys=0.01, real=1.52 secs] 
14755.057: [GC 14755.057: [ParNew: 440896K->48959K(440896K), 1.2863471 secs] 1452154K->1106760K(4145344K), 1.2868514 secs] [Times: user=3.47 sys=0.01, real=1.29 secs] 
14772.381: [GC 14772.382: [ParNew: 440895K->48959K(440896K), 1.1139074 secs] 1498696K->1152616K(4145344K), 1.1143928 secs] [Times: user=3.43 sys=0.01, real=1.11 secs] 
14800.437: [GC 14800.437: [ParNew: 440895K->48960K(440896K), 1.4174535 secs] 1544552K->1205562K(4145344K), 1.4179329 secs] [Times: user=3.54 sys=0.01, real=1.42 secs] 
14821.659: [GC 14821.659: [ParNew: 440896K->48959K(440896K), 1.5627773 secs] 1597498K->1253579K(4145344K), 1.5634726 secs] [Times: user=4.03 sys=0.02, real=1.56 secs] 
14835.873: [GC 14835.874: [ParNew: 440895K->48959K(440896K), 1.4006206 secs] 1645515K->1302806K(4145344K), 1.4011027 secs] [Times: user=4.27 sys=0.02, real=1.40 secs] 
14852.748: [GC 14852.748: [ParNew: 440895K->48959K(440896K), 1.2989191 secs] 1694742K->1349885K(4145344K), 1.2994143 secs] [Times: user=3.74 sys=0.05, real=1.31 secs] 
14865.335: [GC 14865.335: [ParNew: 440895K->48960K(440896K), 1.2907463 secs] 1741821K->1399706K(4145344K), 1.2912371 secs] [Times: user=3.91 sys=0.05, real=1.29 secs] 
14874.026: [GC 14874.026: [ParNew: 440896K->48960K(440896K), 1.5430847 secs] 1791642K->1454770K(4145344K), 1.5435639 secs] [Times: user=4.17 sys=0.04, real=1.54 secs] 
14884.460: [GC 14884.460: [ParNew: 440896K->48959K(440896K), 1.3409748 secs] 1846706K->1507214K(4145344K), 1.3414870 secs] [Times: user=4.10 sys=0.04, real=1.34 secs] 
14892.532: [GC 14892.532: [ParNew: 440895K->48959K(440896K), 1.8925569 secs] 1899150K->1569968K(4145344K), 1.8930870 secs] [Times: user=4.46 sys=0.03, real=1.89 secs] 
14908.005: [GC 14908.006: [ParNew: 440895K->48960K(440896K), 1.4437728 secs] 1961904K->1617212K(4145344K), 1.4442644 secs] [Times: user=3.94 sys=0.03, real=1.44 secs] 
14920.583: [GC 14920.583: [ParNew: 440896K->48960K(440896K), 1.4056871 secs] 2009148K->1668764K(4145344K), 1.4061684 secs] [Times: user=3.99 sys=0.03, real=1.41 secs] 
14940.880: [GC 14940.881: [ParNew: 440896K->48960K(440896K), 1.4392689 secs] 2060700K->1715873K(4145344K), 1.4398135 secs] [Times: user=4.21 sys=0.04, real=1.44 secs] 
14955.002: [GC 14955.002: [ParNew: 440896K->48960K(440896K), 1.4426925 secs] 2107809K->1767198K(4145344K), 1.4432094 secs] [Times: user=4.01 sys=0.04, real=1.44 secs] 
14970.440: [GC 14970.440: [ParNew: 440896K->48960K(440896K), 1.5781747 secs] 2159134K->1817758K(4145344K), 1.5786821 secs] [Times: user=4.04 sys=0.03, real=1.58 secs] 
14988.676: [GC 14988.677: [ParNew: 440896K->48960K(440896K), 1.1966262 secs] 2209694K->1860657K(4145344K), 1.1971222 secs] [Times: user=3.84 sys=0.04, real=1.20 secs] 
14997.744: [GC 14997.744: [ParNew: 440896K->48959K(440896K), 1.2746752 secs] 2252593K->1911293K(4145344K), 1.2751532 secs] [Times: user=4.19 sys=0.04, real=1.28 secs] 
15009.800: [GC 15009.800: [ParNew: 440895K->48959K(440896K), 1.5169679 secs] 2303229K->1966239K(4145344K), 1.5174877 secs] [Times: user=4.02 sys=0.04, real=1.52 secs] 
15026.926: [GC 15026.926: [ParNew: 440893K->48960K(440896K), 1.7163014 secs] 2358173K->2021882K(4145344K), 1.7168351 secs] [Times: user=4.19 sys=0.03, real=1.72 secs] 
15035.850: [GC 15035.851: [ParNew: 440896K->48960K(440896K), 1.4915007 secs] 2413818K->2076201K(4145344K), 1.4920197 secs] [Times: user=4.12 sys=0.03, real=1.49 secs] 
15052.000: [GC 15052.000: [ParNew: 440896K->48959K(440896K), 1.7408405 secs] 2468137K->2131942K(4145344K), 1.7413909 secs] [Times: user=4.44 sys=0.04, real=1.74 secs] 
15059.060: [GC 15059.060: [ParNew: 440895K->48960K(440896K), 1.4596222 secs] 2523878K->2183955K(4145344K), 1.4601235 secs] [Times: user=4.11 sys=0.04, real=1.46 secs] 
15070.023: [GC 15070.024: [ParNew: 440892K->48959K(440896K), 1.5638210 secs] 2575887K->2240269K(4145344K), 1.5644610 secs] [Times: user=4.30 sys=0.04, real=1.56 secs] 
15082.923: [GC 15082.924: [ParNew: 440895K->48960K(440896K), 1.2881484 secs] 2632205K->2287518K(4145344K), 1.2886348 secs] [Times: user=3.81 sys=0.03, real=1.29 secs] 
15099.507: [GC 15099.507: [ParNew: 440896K->48960K(440896K), 1.8385728 secs] 2679454K->2343514K(4145344K), 1.8390859 secs] [Times: user=4.25 sys=0.04, real=1.84 secs] 
15114.937: [GC 15114.938: [ParNew: 440896K->48960K(440896K), 1.4166084 secs] 2735450K->2389670K(4145344K), 1.4170719 secs] [Times: user=3.73 sys=0.03, real=1.42 secs] 
15132.844: [GC 15132.845: [ParNew: 440896K->48960K(440896K), 1.4754149 secs] 2781606K->2440209K(4145344K), 1.4759369 secs] [Times: user=4.16 sys=0.05, real=1.48 secs] 
15150.360: [GC 15150.360: [ParNew: 440896K->48959K(440896K), 1.6044478 secs] 2832145K->2494680K(4145344K), 1.6049421 secs] [Times: user=4.22 sys=0.06, real=1.61 secs] 
15163.689: [GC 15163.689: [ParNew: 440895K->48960K(440896K), 1.6484433 secs] 2886616K->2548654K(4145344K), 1.6489473 secs] [Times: user=4.19 sys=0.06, real=1.65 secs] 
15179.787: [GC 15179.788: [ParNew: 440866K->48960K(440896K), 1.3989150 secs] 2940561K->2598589K(4145344K), 1.3994166 secs] [Times: user=3.82 sys=0.07, real=1.40 secs] 
15205.887: [GC 15205.887: [ParNew: 440896K->48960K(440896K), 1.6380113 secs] 2990525K->2651665K(4145344K), 1.6385139 secs] [Times: user=4.05 sys=0.07, real=1.64 secs] 
15225.770: [GC 15225.770: [ParNew: 440896K->48960K(440896K), 1.6175432 secs] 3043601K->2703657K(4145344K), 1.6180213 secs] [Times: user=4.23 sys=0.06, real=1.62 secs] 
15242.143: [GC 15242.144: [ParNew: 440896K->48960K(440896K), 1.3932288 secs] 3095593K->2753449K(4145344K), 1.3937862 secs] [Times: user=4.05 sys=0.06, real=1.39 secs] 
15253.882: [GC 15253.882: [ParNew: 440896K->48960K(440896K), 1.4980950 secs] 3145385K->2805194K(4145344K), 1.4986105 secs] [Times: user=3.97 sys=0.06, real=1.50 secs] 
15270.401: [GC 15270.402: [ParNew: 440896K->48960K(440896K), 1.2017986 secs] 3197130K->2852710K(4145344K), 1.2023131 secs] [Times: user=3.78 sys=0.05, real=1.20 secs] 
15283.131: [GC 15283.131: [ParNew: 440896K->48960K(440896K), 1.6141211 secs] 3244646K->2910588K(4145344K), 1.6145818 secs] [Times: user=4.23 sys=0.05, real=1.61 secs] 
15311.756: [GC 15311.756: [ParNew: 440896K->48959K(440896K), 1.2846612 secs] 3302524K->2958542K(4145344K), 1.2851598 secs] [Times: user=3.71 sys=0.04, real=1.29 secs] 
15340.136: [GC 15340.136: [ParNew: 440895K->48959K(440896K), 1.6508568 secs] 3350478K->3013165K(4145344K), 1.6513801 secs] [Times: user=4.07 sys=0.04, real=1.65 secs] 
15371.617: [GC 15371.617: [ParNew: 440895K->48960K(440896K), 1.2144551 secs] 3405101K->3055922K(4145344K), 1.2149370 secs] [Times: user=3.41 sys=0.02, real=1.22 secs] 
15384.746: [GC 15384.747: [ParNew: 440896K->48960K(440896K), 1.6062923 secs] 3447858K->3108618K(4145344K), 1.6068006 secs] [Times: user=4.20 sys=0.04, real=1.61 secs] 
15402.185: [GC 15402.185: [ParNew: 440896K->48960K(440896K), 1.6174843 secs] 3500554K->3164677K(4145344K), 1.6179533 secs] [Times: user=4.10 sys=0.03, real=1.62 secs] 
15418.004: [GC 15418.005: [ParNew: 440896K->48959K(440896K), 1.5356635 secs] 3556613K->3217475K(4145344K), 1.5361520 secs] [Times: user=3.98 sys=0.03, real=1.54 secs] 
15444.114: [GC 15444.114: [ParNew: 440895K->48959K(440896K), 1.2030953 secs] 3609411K->3267042K(4145344K), 1.2035939 secs] [Times: user=3.75 sys=0.03, real=1.20 secs] 
15460.468: [GC 15460.468: [ParNew: 440895K->48960K(440896K), 1.7631338 secs] 3658978K->3324855K(4145344K), 1.7636505 secs] [Times: user=4.29 sys=0.03, real=1.76 secs] 
15477.960: [GC 15477.960: [ParNew: 440896K->48959K(440896K), 1.5395132 secs] 3716791K->3377523K(4145344K), 1.5400265 secs] [Times: user=3.92 sys=0.02, real=1.54 secs] 
15492.470: [GC 15492.470: [ParNew: 440895K->48960K(440896K), 1.1328609 secs] 3769459K->3423317K(4145344K), 1.1333586 secs] [Times: user=3.59 sys=0.02, real=1.13 secs] 
15493.608: [GC [1 CMS-initial-mark: 3374357K(3704448K)] 3424103K(4145344K), 0.4571702 secs] [Times: user=0.46 sys=0.00, real=0.46 secs] 
15494.066: [CMS-concurrent-mark-start]
15494.995: [CMS-concurrent-mark: 0.929/0.929 secs] [Times: user=6.72 sys=0.07, real=0.93 secs] 
15494.995: [CMS-concurrent-preclean-start]
15495.134: [CMS-concurrent-preclean: 0.137/0.139 secs] [Times: user=0.38 sys=0.01, real=0.14 secs] 
15495.134: [CMS-concurrent-abortable-preclean-start]
15499.504: [CMS-concurrent-abortable-preclean: 4.366/4.370 secs] [Times: user=10.56 sys=0.16, real=4.37 secs] 
15499.509: [GC[YG occupancy: 249501 K (440896 K)]15499.509: [Rescan (non-parallel) 15499.509: [grey object rescan, 0.1016650 secs]15499.611: [root rescan, 2.1543933 secs], 2.2563622 secs]15501.765: [weak refs processing, 3.4767164 secs] [1 CMS-remark: 3374357K(3704448K)] 3623858K(4145344K), 5.7350690 secs] [Times: user=5.74 sys=0.00, real=5.74 secs] 
15505.245: [CMS-concurrent-sweep-start]
15509.370: [GC 15509.370: [ParNew: 440896K->48959K(440896K), 1.7809431 secs] 3557580K->3226680K(4145344K), 1.7814976 secs] [Times: user=4.04 sys=0.02, real=1.78 secs] 
15526.923: [GC 15526.924: [ParNew: 440895K->48960K(440896K), 1.3287369 secs] 2804722K->2458646K(4145344K), 1.3292017 secs] [Times: user=3.44 sys=0.01, real=1.33 secs] 
15541.504: [GC 15541.504: [ParNew: 440896K->48960K(440896K), 1.3274037 secs] 2228284K->1887955K(4145344K), 1.3278805 secs] [Times: user=3.69 sys=0.01, real=1.34 secs] 
15557.342: [GC 15557.343: [ParNew: 440896K->48960K(440896K), 1.3161649 secs] 1619285K->1277694K(4145344K), 1.3166730 secs] [Times: user=3.70 sys=0.01, real=1.32 secs] 
15566.392: [GC 15566.393: [ParNew: 440896K->48960K(440896K), 1.4255254 secs] 1323309K->987126K(4145344K), 1.4259932 secs] [Times: user=3.77 sys=0.01, real=1.43 secs] 
15568.035: [CMS-concurrent-sweep: 55.538/62.790 secs] [Times: user=146.73 sys=2.49, real=62.79 secs] 
15568.035: [CMS-concurrent-reset-start]
15568.064: [CMS-concurrent-reset: 0.029/0.029 secs] [Times: user=0.05 sys=0.00, real=0.03 secs] 
15579.747: [GC 15579.747: [ParNew: 440896K->48960K(440896K), 1.4905084 secs] 1370709K->1032534K(4145344K), 1.4909934 secs] [Times: user=3.66 sys=0.01, real=1.49 secs] 
15596.668: [GC 15596.668: [ParNew: 440896K->48960K(440896K), 1.3787227 secs] 1424470K->1081863K(4145344K), 1.3792485 secs] [Times: user=3.58 sys=0.01, real=1.38 secs] 
15611.628: [GC 15611.629: [ParNew: 440896K->48960K(440896K), 1.3273234 secs] 1473799K->1133841K(4145344K), 1.3278203 secs] [Times: user=3.57 sys=0.02, real=1.33 secs] 
15625.761: [GC 15625.761: [ParNew: 440896K->48960K(440896K), 1.5410724 secs] 1525777K->1182711K(4145344K), 1.5415658 secs] [Times: user=3.76 sys=0.01, real=1.54 secs] 
15637.497: [GC 15637.497: [ParNew: 440896K->48959K(440896K), 1.6450441 secs] 1574647K->1238407K(4145344K), 1.6455117 secs] [Times: user=4.58 sys=0.02, real=1.65 secs] 
15650.261: [GC 15650.261: [ParNew: 440895K->48960K(440896K), 1.6516233 secs] 1630343K->1295199K(4145344K), 1.6521794 secs] [Times: user=4.19 sys=0.04, real=1.65 secs] 
15659.860: [GC 15659.860: [ParNew: 440896K->48960K(440896K), 1.2983910 secs] 1687135K->1324972K(4145344K), 1.2988744 secs] [Times: user=2.85 sys=0.02, real=1.30 secs] 
15674.122: [GC 15674.123: [ParNew: 440896K->48959K(440896K), 1.4936491 secs] 1716908K->1377686K(4145344K), 1.4941087 secs] [Times: user=3.97 sys=0.05, real=1.49 secs] 
15688.789: [GC 15688.789: [ParNew: 440895K->48959K(440896K), 1.4531798 secs] 1769622K->1426143K(4145344K), 1.4536689 secs] [Times: user=3.71 sys=0.04, real=1.45 secs] 
15700.844: [GC 15700.844: [ParNew: 440895K->48959K(440896K), 1.4976537 secs] 1818079K->1480052K(4145344K), 1.4981457 secs] [Times: user=4.13 sys=0.04, real=1.50 secs] 
15712.486: [GC 15712.487: [ParNew: 440895K->48960K(440896K), 1.5107753 secs] 1871988K->1534119K(4145344K), 1.5113098 secs] [Times: user=4.00 sys=0.05, real=1.51 secs] 
15723.129: [GC 15723.129: [ParNew: 440896K->48960K(440896K), 1.2769615 secs] 1926055K->1580896K(4145344K), 1.2774513 secs] [Times: user=3.72 sys=0.03, real=1.28 secs] 
15734.641: [GC 15734.642: [ParNew: 440896K->48959K(440896K), 1.6090884 secs] 1972832K->1638794K(4145344K), 1.6095705 secs] [Times: user=4.17 sys=0.04, real=1.61 secs] 
15749.418: [GC 15749.418: [ParNew: 440842K->48960K(440896K), 1.1312708 secs] 2030676K->1684209K(4145344K), 1.1318021 secs] [Times: user=3.63 sys=0.03, real=1.13 secs] 
15771.950: [GC 15771.950: [ParNew: 440896K->48960K(440896K), 1.6591878 secs] 2076145K->1735977K(4145344K), 1.6597417 secs] [Times: user=4.13 sys=0.04, real=1.66 secs] 
15794.233: [GC 15794.234: [ParNew: 440896K->48960K(440896K), 1.2030159 secs] 2127913K->1778579K(4145344K), 1.2034795 secs] [Times: user=3.50 sys=0.03, real=1.20 secs] 
15810.644: [GC 15810.645: [ParNew: 440896K->48960K(440896K), 1.5522623 secs] 2170515K->1832253K(4145344K), 1.5527451 secs] [Times: user=4.12 sys=0.04, real=1.55 secs] 
15823.956: [GC 15823.956: [ParNew: 440896K->48960K(440896K), 1.2025288 secs] 2224189K->1879899K(4145344K), 1.2030036 secs] [Times: user=3.65 sys=0.03, real=1.20 secs] 
15836.638: [GC 15836.639: [ParNew: 440896K->48959K(440896K), 1.6270552 secs] 2271835K->1934984K(4145344K), 1.6276125 secs] [Times: user=4.09 sys=0.04, real=1.63 secs] 
15856.212: [GC 15856.213: [ParNew: 440895K->48960K(440896K), 1.3466715 secs] 2326920K->1983417K(4145344K), 1.3471599 secs] [Times: user=3.88 sys=0.03, real=1.35 secs] 
15868.918: [GC 15868.919: [ParNew: 440896K->48960K(440896K), 1.6902130 secs] 2375353K->2040320K(4145344K), 1.6907145 secs] [Times: user=4.16 sys=0.04, real=1.69 secs] 
15888.698: [GC 15888.698: [ParNew: 440896K->48960K(440896K), 1.5401542 secs] 2432256K->2091830K(4145344K), 1.5406298 secs] [Times: user=3.95 sys=0.03, real=1.54 secs] 
15900.117: [GC 15900.118: [ParNew: 440896K->48960K(440896K), 1.4456378 secs] 2483766K->2141823K(4145344K), 1.4461367 secs] [Times: user=3.94 sys=0.04, real=1.45 secs] 
15936.311: [GC 15936.311: [ParNew: 440896K->48960K(440896K), 1.5767700 secs] 2533759K->2195365K(4145344K), 1.5772695 secs] [Times: user=4.11 sys=0.05, real=1.58 secs] 
15961.313: [GC 15961.313: [ParNew: 440896K->48960K(440896K), 1.2745623 secs] 2587301K->2241234K(4145344K), 1.2750379 secs] [Times: user=3.55 sys=0.04, real=1.28 secs] 
15975.336: [GC 15975.337: [ParNew: 440896K->48960K(440896K), 1.7610481 secs] 2633170K->2299058K(4145344K), 1.7615558 secs] [Times: user=4.27 sys=0.06, real=1.76 secs] 
15995.352: [GC 15995.352: [ParNew: 440896K->48960K(440896K), 1.0747336 secs] 2690994K->2343254K(4145344K), 1.0752512 secs] [Times: user=3.45 sys=0.05, real=1.08 secs] 
16015.795: [GC 16015.795: [ParNew: 440891K->48959K(440896K), 1.6875186 secs] 2735186K->2396902K(4145344K), 1.6880023 secs] [Times: user=4.39 sys=0.07, real=1.69 secs] 
16026.556: [GC 16026.556: [ParNew: 440895K->48959K(440896K), 1.4682347 secs] 2788838K->2448876K(4145344K), 1.4687210 secs] [Times: user=3.93 sys=0.05, real=1.47 secs] 
16042.078: [GC 16042.078: [ParNew: 440895K->48960K(440896K), 1.5640862 secs] 2840812K->2502494K(4145344K), 1.5645862 secs] [Times: user=3.98 sys=0.05, real=1.56 secs] 
16053.791: [GC 16053.791: [ParNew: 440896K->48960K(440896K), 1.3842104 secs] 2894430K->2553007K(4145344K), 1.3847219 secs] [Times: user=3.89 sys=0.04, real=1.38 secs] 
16064.074: [GC 16064.074: [ParNew: 440896K->48959K(440896K), 1.6014071 secs] 2944943K->2610426K(4145344K), 1.6019051 secs] [Times: user=4.18 sys=0.05, real=1.60 secs] 
16081.837: [GC 16081.838: [ParNew: 440895K->48959K(440896K), 1.5351151 secs] 3002362K->2659937K(4145344K), 1.5355874 secs] [Times: user=3.94 sys=0.03, real=1.54 secs] 
16101.375: [GC 16101.376: [ParNew: 440895K->48960K(440896K), 1.6297713 secs] 3051873K->2714044K(4145344K), 1.6302619 secs] [Times: user=4.12 sys=0.05, real=1.63 secs] 
16109.570: [GC 16109.571: [ParNew: 440896K->48959K(440896K), 1.4544308 secs] 3105980K->2767672K(4145344K), 1.4549060 secs] [Times: user=4.05 sys=0.05, real=1.46 secs] 
16120.030: [GC 16120.030: [ParNew: 440895K->48959K(440896K), 1.5647906 secs] 3159608K->2823202K(4145344K), 1.5652967 secs] [Times: user=4.03 sys=0.04, real=1.57 secs] 
16130.638: [GC 16130.639: [ParNew: 440895K->48960K(440896K), 1.6154430 secs] 3215138K->2876875K(4145344K), 1.6159415 secs] [Times: user=4.02 sys=0.03, real=1.62 secs] 
16150.284: [GC 16150.284: [ParNew: 440896K->48960K(440896K), 1.5317331 secs] 3268811K->2928790K(4145344K), 1.5322366 secs] [Times: user=4.03 sys=0.05, real=1.53 secs] 
16171.359: [GC 16171.359: [ParNew: 440896K->48960K(440896K), 1.4623541 secs] 3320726K->2977963K(4145344K), 1.4628832 secs] [Times: user=3.81 sys=0.03, real=1.46 secs] 
16188.748: [GC 16188.748: [ParNew: 440896K->48959K(440896K), 1.5727696 secs] 3369899K->3032082K(4145344K), 1.5732544 secs] [Times: user=4.07 sys=0.04, real=1.57 secs] 
16213.589: [GC 16213.589: [ParNew: 440894K->48960K(440896K), 1.0613826 secs] 3424017K->3076867K(4145344K), 1.0618272 secs] [Times: user=3.46 sys=0.03, real=1.06 secs] 
16228.310: [GC 16228.311: [ParNew: 440896K->48960K(440896K), 1.4101497 secs] 3468803K->3127753K(4145344K), 1.4106369 secs] [Times: user=3.84 sys=0.04, real=1.41 secs] 
16240.517: [GC 16240.517: [ParNew: 440896K->48959K(440896K), 1.3497983 secs] 3519689K->3177987K(4145344K), 1.3503570 secs] [Times: user=3.93 sys=0.04, real=1.35 secs] 
16261.599: [GC 16261.599: [ParNew: 440895K->48959K(440896K), 1.3065469 secs] 3569923K->3226550K(4145344K), 1.3070330 secs] [Times: user=3.88 sys=0.03, real=1.31 secs] 
16274.616: [GC 16274.616: [ParNew: 440895K->48959K(440896K), 1.3447625 secs] 3618486K->3273970K(4145344K), 1.3452521 secs] [Times: user=3.86 sys=0.04, real=1.35 secs] 
16291.734: [GC 16291.741: [ParNew: 440895K->48960K(440896K), 1.3859295 secs] 3665906K->3327460K(4145344K), 1.3864237 secs] [Times: user=4.06 sys=0.04, real=1.39 secs] 
16310.224: [GC 16310.224: [ParNew: 440893K->48960K(440896K), 1.6108884 secs] 3719394K->3380927K(4145344K), 1.6113798 secs] [Times: user=3.87 sys=0.03, real=1.61 secs] 
16324.425: [GC 16324.426: [ParNew: 440896K->48960K(440896K), 1.5252319 secs] 3772863K->3430477K(4145344K), 1.5257353 secs] [Times: user=3.89 sys=0.02, real=1.53 secs] 
16325.956: [GC [1 CMS-initial-mark: 3381517K(3704448K)] 3431933K(4145344K), 0.5050118 secs] [Times: user=0.51 sys=0.00, real=0.51 secs] 
16326.462: [CMS-concurrent-mark-start]
16327.440: [CMS-concurrent-mark: 0.965/0.978 secs] [Times: user=8.41 sys=0.08, real=0.98 secs] 
16327.440: [CMS-concurrent-preclean-start]
16327.574: [CMS-concurrent-preclean: 0.131/0.133 secs] [Times: user=0.38 sys=0.01, real=0.13 secs] 
16327.574: [CMS-concurrent-abortable-preclean-start]
 CMS: abort preclean due to time 16332.577: [CMS-concurrent-abortable-preclean: 4.997/5.003 secs] [Times: user=9.63 sys=0.17, real=5.00 secs] 
16332.581: [GC[YG occupancy: 230719 K (440896 K)]16332.581: [Rescan (non-parallel) 16332.581: [grey object rescan, 0.1013788 secs]16332.683: [root rescan, 2.0387761 secs], 2.1404445 secs]16334.722: [weak refs processing, 3.0693456 secs] [1 CMS-remark: 3381517K(3704448K)] 3612237K(4145344K), 5.2118683 secs] [Times: user=5.22 sys=0.01, real=5.21 secs] 
16337.794: [CMS-concurrent-sweep-start]
16341.477: [GC 16341.478: [ParNew: 440893K->48960K(440896K), 1.2612138 secs] 3590863K->3249848K(4145344K), 1.2617139 secs] [Times: user=3.66 sys=0.01, real=1.26 secs] 
16351.270: [GC 16351.270: [ParNew: 440896K->48960K(440896K), 1.3796456 secs] 3158836K->2819486K(4145344K), 1.3801285 secs] [Times: user=3.73 sys=0.01, real=1.38 secs] 
16365.574: [GC 16365.574: [ParNew: 440896K->48960K(440896K), 1.3574233 secs] 2548705K->2206606K(4145344K), 1.3578887 secs] [Times: user=3.57 sys=0.01, real=1.36 secs] 
16387.330: [GC 16387.330: [ParNew: 440896K->48959K(440896K), 1.1003054 secs] 1591010K->1243204K(4145344K), 1.1007899 secs] [Times: user=3.36 sys=0.01, real=1.10 secs] 
16395.652: [CMS-concurrent-sweep: 52.698/57.859 secs] [Times: user=131.45 sys=2.16, real=57.86 secs] 
16395.653: [CMS-concurrent-reset-start]
16395.683: [CMS-concurrent-reset: 0.030/0.030 secs] [Times: user=0.06 sys=0.00, real=0.03 secs] 
16409.476: [GC 16409.476: [ParNew: 440895K->48960K(440896K), 1.4060493 secs] 1281681K->945223K(4145344K), 1.4065427 secs] [Times: user=3.59 sys=0.01, real=1.41 secs] 
16421.373: [GC 16421.373: [ParNew: 440896K->48959K(440896K), 1.3060821 secs] 1337159K->993149K(4145344K), 1.3065454 secs] [Times: user=3.50 sys=0.02, real=1.31 secs] 
16437.346: [GC 16437.346: [ParNew: 440895K->48959K(440896K), 1.3437296 secs] 1385085K->1048860K(4145344K), 1.3442249 secs] [Times: user=3.75 sys=0.02, real=1.34 secs] 
16451.577: [GC 16451.577: [ParNew: 440895K->48959K(440896K), 1.1581976 secs] 1440796K->1097470K(4145344K), 1.1586856 secs] [Times: user=3.56 sys=0.01, real=1.16 secs] 
16467.302: [GC 16467.302: [ParNew: 440895K->48960K(440896K), 1.9402524 secs] 1489406K->1153945K(4145344K), 1.9407189 secs] [Times: user=4.12 sys=0.01, real=1.94 secs] 
16483.413: [GC 16483.413: [ParNew: 440896K->48960K(440896K), 1.3835357 secs] 1545881K->1200279K(4145344K), 1.3840212 secs] [Times: user=3.98 sys=0.02, real=1.38 secs] 
16500.682: [GC 16500.683: [ParNew: 440896K->48959K(440896K), 1.4985775 secs] 1592215K->1253000K(4145344K), 1.4990706 secs] [Times: user=4.30 sys=0.03, real=1.50 secs] 
16519.078: [GC 16519.078: [ParNew: 440895K->48960K(440896K), 1.5902899 secs] 1644936K->1307531K(4145344K), 1.5907901 secs] [Times: user=3.97 sys=0.03, real=1.59 secs] 
16531.954: [GC 16531.955: [ParNew: 440896K->48960K(440896K), 1.4628200 secs] 1699467K->1357168K(4145344K), 1.4632926 secs] [Times: user=3.80 sys=0.03, real=1.46 secs] 
16545.389: [GC 16545.389: [ParNew: 440896K->48959K(440896K), 1.3954450 secs] 1749104K->1408831K(4145344K), 1.3959656 secs] [Times: user=3.82 sys=0.03, real=1.40 secs] 
16559.597: [GC 16559.597: [ParNew: 440895K->48960K(440896K), 1.4418485 secs] 1800767K->1457427K(4145344K), 1.4423598 secs] [Times: user=3.76 sys=0.04, real=1.44 secs] 
16567.784: [GC 16567.784: [ParNew: 440896K->48960K(440896K), 1.3693625 secs] 1849363K->1507235K(4145344K), 1.3698874 secs] [Times: user=3.91 sys=0.04, real=1.37 secs] 
16580.195: [GC 16580.195: [ParNew: 440896K->48960K(440896K), 1.4133214 secs] 1899171K->1556641K(4145344K), 1.4138290 secs] [Times: user=3.91 sys=0.04, real=1.41 secs] 
16597.058: [GC 16597.059: [ParNew: 440896K->48959K(440896K), 1.2817743 secs] 1948577K->1605408K(4145344K), 1.2822669 secs] [Times: user=3.94 sys=0.04, real=1.28 secs] 
16615.325: [GC 16615.325: [ParNew: 440895K->48959K(440896K), 1.5029975 secs] 1997344K->1658317K(4145344K), 1.5034458 secs] [Times: user=3.94 sys=0.03, real=1.50 secs] 
16630.908: [GC 16630.908: [ParNew: 440895K->48960K(440896K), 1.3170023 secs] 2050253K->1707823K(4145344K), 1.3175181 secs] [Times: user=3.84 sys=0.03, real=1.32 secs] 
16645.390: [GC 16645.390: [ParNew: 440896K->48959K(440896K), 1.4745271 secs] 2099759K->1739847K(4145344K), 1.4750033 secs] [Times: user=2.84 sys=0.02, real=1.48 secs] 
16663.677: [GC 16663.678: [ParNew: 440895K->48960K(440896K), 1.6755561 secs] 2131783K->1793347K(4145344K), 1.6760590 secs] [Times: user=3.98 sys=0.03, real=1.68 secs] 
16685.731: [GC 16685.731: [ParNew: 440896K->48959K(440896K), 1.2875725 secs] 2185283K->1840252K(4145344K), 1.2881014 secs] [Times: user=3.76 sys=0.03, real=1.29 secs] 
16698.297: [GC 16698.297: [ParNew: 440895K->48959K(440896K), 1.4047798 secs] 2232188K->1893364K(4145344K), 1.4052613 secs] [Times: user=4.01 sys=0.03, real=1.41 secs] 
16715.265: [GC 16715.265: [ParNew: 440895K->48959K(440896K), 1.6690097 secs] 2285300K->1950432K(4145344K), 1.6695113 secs] [Times: user=4.10 sys=0.03, real=1.67 secs] 
16726.834: [GC 16726.834: [ParNew: 440895K->48959K(440896K), 1.3941830 secs] 2342368K->1997234K(4145344K), 1.3947001 secs] [Times: user=3.88 sys=0.03, real=1.39 secs] 
16742.167: [GC 16742.167: [ParNew: 440890K->48960K(440896K), 1.4267258 secs] 2389165K->2048722K(4145344K), 1.4272281 secs] [Times: user=3.77 sys=0.03, real=1.43 secs] 
16760.954: [GC 16760.954: [ParNew: 440896K->48959K(440896K), 1.5366109 secs] 2440658K->2101051K(4145344K), 1.5370979 secs] [Times: user=3.95 sys=0.03, real=1.54 secs] 
16778.403: [GC 16778.404: [ParNew: 440895K->48959K(440896K), 1.6150224 secs] 2492987K->2157847K(4145344K), 1.6155168 secs] [Times: user=4.17 sys=0.04, real=1.62 secs] 
16786.583: [GC 16786.583: [ParNew: 440895K->48960K(440896K), 1.6052343 secs] 2549783K->2213031K(4145344K), 1.6057350 secs] [Times: user=4.08 sys=0.03, real=1.61 secs] 
16802.163: [GC 16802.164: [ParNew: 440890K->48960K(440896K), 1.6821741 secs] 2604961K->2267770K(4145344K), 1.6826927 secs] [Times: user=4.19 sys=0.03, real=1.68 secs] 
16818.038: [GC 16818.038: [ParNew: 440896K->48960K(440896K), 1.3637859 secs] 2659706K->2313483K(4145344K), 1.3642867 secs] [Times: user=3.69 sys=0.03, real=1.36 secs] 
16836.197: [GC 16836.197: [ParNew: 440896K->48959K(440896K), 1.7506839 secs] 2705419K->2369301K(4145344K), 1.7511820 secs] [Times: user=4.21 sys=0.03, real=1.75 secs] 
16852.617: [GC 16852.618: [ParNew: 440895K->48959K(440896K), 1.3199511 secs] 2761237K->2418187K(4145344K), 1.3204505 secs] [Times: user=3.71 sys=0.03, real=1.32 secs] 
16870.486: [GC 16870.486: [ParNew: 440895K->48960K(440896K), 1.5124003 secs] 2810123K->2437496K(4145344K), 1.5128944 secs] [Times: user=2.29 sys=0.02, real=1.51 secs] 
16890.880: [GC 16890.880: [ParNew: 440896K->48960K(440896K), 1.2192353 secs] 2829432K->2484971K(4145344K), 1.2197417 secs] [Times: user=3.70 sys=0.05, real=1.22 secs] 
16915.904: [GC 16915.904: [ParNew: 440896K->48960K(440896K), 1.4284479 secs] 2876907K->2535262K(4145344K), 1.4289439 secs] [Times: user=3.79 sys=0.07, real=1.43 secs] 
16938.427: [GC 16938.427: [ParNew: 440821K->48960K(440896K), 1.3081463 secs] 2927123K->2583432K(4145344K), 1.3086260 secs] [Times: user=3.85 sys=0.05, real=1.31 secs] 
16957.251: [GC 16957.251: [ParNew: 440896K->48960K(440896K), 1.7277070 secs] 2975368K->2640637K(4145344K), 1.7383992 secs] [Times: user=4.32 sys=0.04, real=1.74 secs] 
16979.270: [GC 16979.270: [ParNew: 440896K->48960K(440896K), 1.2689270 secs] 3032573K->2686575K(4145344K), 1.2694409 secs] [Times: user=3.69 sys=0.04, real=1.27 secs] 
16996.855: [GC 16996.855: [ParNew: 440896K->48959K(440896K), 1.4021826 secs] 3078511K->2739267K(4145344K), 1.4026264 secs] [Times: user=3.94 sys=0.04, real=1.40 secs] 
17006.293: [GC 17006.293: [ParNew: 440895K->48959K(440896K), 1.2513988 secs] 3131203K->2791033K(4145344K), 1.2519132 secs] [Times: user=3.82 sys=0.04, real=1.25 secs] 
17016.965: [GC 17016.965: [ParNew: 440895K->48959K(440896K), 1.7321793 secs] 3182969K->2849883K(4145344K), 1.7326686 secs] [Times: user=4.19 sys=0.05, real=1.73 secs] 
17033.677: [GC 17033.677: [ParNew: 440895K->48960K(440896K), 1.3215758 secs] 3241819K->2893472K(4145344K), 1.3220996 secs] [Times: user=3.61 sys=0.04, real=1.32 secs] 
17040.155: [GC 17040.155: [ParNew: 440896K->48960K(440896K), 1.4837398 secs] 3285408K->2938028K(4145344K), 1.4842260 secs] [Times: user=3.49 sys=0.02, real=1.48 secs] 
17058.262: [GC 17058.262: [ParNew: 440896K->48959K(440896K), 1.3202021 secs] 3329964K->2987912K(4145344K), 1.3207352 secs] [Times: user=3.97 sys=0.02, real=1.32 secs] 
17070.988: [GC 17070.988: [ParNew: 440895K->48960K(440896K), 1.9232649 secs] 3379848K->3045096K(4145344K), 1.9237453 secs] [Times: user=4.13 sys=0.03, real=1.92 secs] 
17086.961: [GC 17086.961: [ParNew: 440896K->48959K(440896K), 1.1271981 secs] 3437032K->3085623K(4145344K), 1.1276835 secs] [Times: user=3.44 sys=0.02, real=1.13 secs] 
17101.910: [GC 17101.910: [ParNew: 440895K->48960K(440896K), 1.5535202 secs] 3477559K->3140756K(4145344K), 1.5539965 secs] [Times: user=4.00 sys=0.04, real=1.55 secs] 
17120.965: [GC 17120.966: [ParNew: 440896K->48959K(440896K), 1.3464887 secs] 3532692K->3187748K(4145344K), 1.3469564 secs] [Times: user=3.84 sys=0.04, real=1.35 secs] 
17138.500: [GC 17138.500: [ParNew: 440895K->48960K(440896K), 1.3110984 secs] 3579684K->3236937K(4145344K), 1.3115788 secs] [Times: user=4.00 sys=0.03, real=1.31 secs] 
17156.916: [GC 17156.916: [ParNew: 440797K->48959K(440896K), 1.1577239 secs] 3628775K->3283861K(4145344K), 1.1582251 secs] [Times: user=3.78 sys=0.03, real=1.16 secs] 
17177.406: [GC 17177.407: [ParNew: 440895K->48959K(440896K), 1.2398080 secs] 3675797K->3332216K(4145344K), 1.2402885 secs] [Times: user=3.63 sys=0.03, real=1.24 secs] 
17191.468: [GC 17191.468: [ParNew: 440895K->48959K(440896K), 1.4071934 secs] 3724152K->3381455K(4145344K), 1.4076610 secs] [Times: user=3.83 sys=0.03, real=1.41 secs] 
17205.913: [GC 17205.913: [ParNew: 440895K->48960K(440896K), 1.3589813 secs] 3773391K->3432935K(4145344K), 1.3594707 secs] [Times: user=3.89 sys=0.03, real=1.36 secs] 
17207.277: [GC [1 CMS-initial-mark: 3383975K(3704448K)] 3434380K(4145344K), 0.4973218 secs] [Times: user=0.50 sys=0.00, real=0.50 secs] 
17207.775: [CMS-concurrent-mark-start]
17208.715: [CMS-concurrent-mark: 0.940/0.940 secs] [Times: user=8.65 sys=0.13, real=0.94 secs] 
17208.715: [CMS-concurrent-preclean-start]
17208.857: [CMS-concurrent-preclean: 0.140/0.142 secs] [Times: user=0.63 sys=0.01, real=0.14 secs] 
17208.857: [CMS-concurrent-abortable-preclean-start]
 CMS: abort preclean due to time 17213.904: [CMS-concurrent-abortable-preclean: 5.036/5.047 secs] [Times: user=14.60 sys=0.26, real=5.05 secs] 
17213.907: [GC[YG occupancy: 350331 K (440896 K)]17213.907: [Rescan (non-parallel) 17213.907: [grey object rescan, 0.1112914 secs]17214.019: [root rescan, 2.9929596 secs], 3.1045408 secs]17217.012: [weak refs processing, 3.0912870 secs] [1 CMS-remark: 3383975K(3704448K)] 3734307K(4145344K), 6.1977565 secs] [Times: user=6.20 sys=0.01, real=6.20 secs] 
17220.106: [CMS-concurrent-sweep-start]
17220.867: [GC 17220.867: [ParNew: 440896K->48960K(440896K), 1.5155873 secs] 3793980K->3456807K(4145344K), 1.5161166 secs] [Times: user=4.19 sys=0.02, real=1.52 secs] 
17231.431: [GC 17231.432: [ParNew: 440896K->48959K(440896K), 1.3445412 secs] 3295454K->2955810K(4145344K), 1.3450410 secs] [Times: user=3.74 sys=0.01, real=1.35 secs] 
17241.263: [GC 17241.263: [ParNew: 440895K->48960K(440896K), 1.3470169 secs] 2907569K->2564943K(4145344K), 1.3475035 secs] [Times: user=3.65 sys=0.01, real=1.35 secs] 
17249.297: [GC 17249.297: [ParNew: 440896K->48960K(440896K), 1.4066842 secs] 2607130K->2270752K(4145344K), 1.4071567 secs] [Times: user=3.84 sys=0.02, real=1.41 secs] 
17263.609: [GC 17263.609: [ParNew: 440896K->48960K(440896K), 1.4792554 secs] 2029358K->1691807K(4145344K), 1.4797361 secs] [Times: user=3.74 sys=0.01, real=1.48 secs] 
17274.829: [GC 17274.829: [ParNew: 440896K->48960K(440896K), 1.2806587 secs] 1624876K->1284060K(4145344K), 1.2811115 secs] [Times: user=3.77 sys=0.01, real=1.28 secs] 
17281.506: [CMS-concurrent-sweep: 52.947/61.401 secs] [Times: user=168.84 sys=3.09, real=61.40 secs] 
17281.507: [CMS-concurrent-reset-start]
17281.536: [CMS-concurrent-reset: 0.029/0.029 secs] [Times: user=0.03 sys=0.00, real=0.03 secs] 
17289.580: [GC 17289.580: [ParNew: 440896K->48960K(440896K), 1.3437561 secs] 1395256K->1054404K(4145344K), 1.3442046 secs] [Times: user=3.47 sys=0.01, real=1.34 secs] 
17302.956: [GC 17302.957: [ParNew: 440896K->48960K(440896K), 1.3295529 secs] 1446340K->1100266K(4145344K), 1.3300407 secs] [Times: user=3.36 sys=0.02, real=1.33 secs] 
17319.057: [GC 17319.057: [ParNew: 440896K->48959K(440896K), 1.5361028 secs] 1492202K->1156881K(4145344K), 1.5366128 secs] [Times: user=3.86 sys=0.02, real=1.54 secs] 
17338.113: [GC 17338.113: [ParNew: 440895K->48959K(440896K), 1.5395631 secs] 1548817K->1209775K(4145344K), 1.5401124 secs] [Times: user=3.91 sys=0.01, real=1.54 secs] 
17350.641: [GC 17350.641: [ParNew: 440895K->48960K(440896K), 1.7757876 secs] 1601711K->1262810K(4145344K), 1.7762971 secs] [Times: user=4.17 sys=0.01, real=1.78 secs] 
17375.322: [GC 17375.323: [ParNew: 440896K->48960K(440896K), 1.4304720 secs] 1654746K->1312690K(4145344K), 1.4309639 secs] [Times: user=3.99 sys=0.02, real=1.43 secs] 
17387.865: [GC 17387.865: [ParNew: 440896K->48960K(440896K), 1.4000634 secs] 1704626K->1360964K(4145344K), 1.4005595 secs] [Times: user=3.92 sys=0.04, real=1.40 secs] 
17402.673: [GC 17402.673: [ParNew: 440896K->48960K(440896K), 1.4603964 secs] 1752900K->1413934K(4145344K), 1.4609013 secs] [Times: user=3.97 sys=0.04, real=1.46 secs] 
17417.313: [GC 17417.313: [ParNew: 440896K->48960K(440896K), 1.5131244 secs] 1805870K->1466840K(4145344K), 1.5135916 secs] [Times: user=3.93 sys=0.03, real=1.51 secs] 
17437.704: [GC 17437.704: [ParNew: 440896K->48960K(440896K), 1.1548913 secs] 1858776K->1512854K(4145344K), 1.1553598 secs] [Times: user=3.62 sys=0.03, real=1.16 secs] 
17451.971: [GC 17451.971: [ParNew: 440896K->48960K(440896K), 1.6654257 secs] 1904790K->1566108K(4145344K), 1.6659350 secs] [Times: user=4.13 sys=0.04, real=1.67 secs] 
17464.906: [GC 17464.906: [ParNew: 440896K->48960K(440896K), 1.6644965 secs] 1958044K->1621872K(4145344K), 1.6649985 secs] [Times: user=4.10 sys=0.03, real=1.67 secs] 
17480.023: [GC 17480.024: [ParNew: 440896K->48960K(440896K), 1.3710160 secs] 2013808K->1673089K(4145344K), 1.3715044 secs] [Times: user=4.02 sys=0.03, real=1.37 secs] 
17500.170: [GC 17500.170: [ParNew: 440896K->48959K(440896K), 1.7385154 secs] 2065025K->1729489K(4145344K), 1.7389856 secs] [Times: user=4.08 sys=0.03, real=1.74 secs] 
17513.628: [GC 17513.629: [ParNew: 440895K->48960K(440896K), 1.4759356 secs] 2121425K->1779023K(4145344K), 1.4764149 secs] [Times: user=3.87 sys=0.03, real=1.48 secs] 
17531.466: [GC 17531.466: [ParNew: 440896K->48960K(440896K), 1.1924855 secs] 2170959K->1827273K(4145344K), 1.1930230 secs] [Times: user=3.83 sys=0.04, real=1.19 secs] 
17552.632: [GC 17552.633: [ParNew: 440896K->48960K(440896K), 1.6887740 secs] 2219209K->1882568K(4145344K), 1.6894015 secs] [Times: user=4.26 sys=0.04, real=1.69 secs] 
17566.058: [GC 17566.058: [ParNew: 440896K->48959K(440896K), 1.0482845 secs] 2274504K->1904480K(4145344K), 1.0488115 secs] [Times: user=2.50 sys=0.02, real=1.05 secs] 
17582.128: [GC 17582.128: [ParNew: 440895K->48960K(440896K), 1.5134140 secs] 2296416K->1957954K(4145344K), 1.5139272 secs] [Times: user=3.79 sys=0.04, real=1.51 secs] 
17593.430: [GC 17593.430: [ParNew: 440896K->48960K(440896K), 1.3310828 secs] 2349890K->2002379K(4145344K), 1.3316158 secs] [Times: user=3.66 sys=0.03, real=1.33 secs] 
17608.101: [GC 17608.101: [ParNew: 440896K->48960K(440896K), 1.3946767 secs] 2394315K->2054414K(4145344K), 1.3951939 secs] [Times: user=3.89 sys=0.03, real=1.40 secs] 
17622.996: [GC 17622.997: [ParNew: 440896K->48960K(440896K), 1.2140069 secs] 2446350K->2101147K(4145344K), 1.2145134 secs] [Times: user=3.80 sys=0.03, real=1.21 secs] 
17639.035: [GC 17639.035: [ParNew: 440896K->48960K(440896K), 1.5128117 secs] 2493083K->2156488K(4145344K), 1.5133307 secs] [Times: user=4.05 sys=0.03, real=1.51 secs] 
17646.713: [GC 17646.713: [ParNew: 440896K->48960K(440896K), 1.3361403 secs] 2548424K->2206854K(4145344K), 1.3366338 secs] [Times: user=3.84 sys=0.02, real=1.34 secs] 
17657.352: [GC 17657.352: [ParNew: 440896K->48959K(440896K), 1.4903168 secs] 2598790K->2260353K(4145344K), 1.4908381 secs] [Times: user=4.06 sys=0.03, real=1.49 secs] 
17665.580: [GC 17665.580: [ParNew: 440895K->48959K(440896K), 1.6619484 secs] 2652289K->2313484K(4145344K), 1.6624289 secs] [Times: user=4.05 sys=0.03, real=1.66 secs] 
17676.357: [GC 17676.357: [ParNew: 440895K->48960K(440896K), 1.3622676 secs] 2705420K->2364321K(4145344K), 1.3627929 secs] [Times: user=3.86 sys=0.03, real=1.36 secs] 
17686.341: [GC 17686.342: [ParNew: 440892K->48960K(440896K), 1.5025700 secs] 2756253K->2418400K(4145344K), 1.5031358 secs] [Times: user=4.12 sys=0.03, real=1.50 secs] 
17697.283: [GC 17697.284: [ParNew: 440896K->48960K(440896K), 1.7531682 secs] 2810336K->2476102K(4145344K), 1.7536687 secs] [Times: user=4.20 sys=0.03, real=1.75 secs] 
17709.039: [GC 17709.039: [ParNew: 440896K->48960K(440896K), 1.3241001 secs] 2868038K->2521374K(4145344K), 1.3246208 secs] [Times: user=3.86 sys=0.05, real=1.32 secs] 
17722.641: [GC 17722.641: [ParNew: 440896K->48959K(440896K), 1.2901311 secs] 2913310K->2570060K(4145344K), 1.2905977 secs] [Times: user=3.70 sys=0.06, real=1.29 secs] 
17741.105: [GC 17741.105: [ParNew: 440895K->48960K(440896K), 1.0889593 secs] 2961996K->2613138K(4145344K), 1.0894650 secs] [Times: user=3.41 sys=0.05, real=1.09 secs] 
17756.296: [GC 17756.296: [ParNew: 440896K->48959K(440896K), 1.1740995 secs] 3005074K->2660389K(4145344K), 1.1746077 secs] [Times: user=3.70 sys=0.07, real=1.17 secs] 
17774.245: [GC 17774.245: [ParNew: 440895K->48959K(440896K), 1.6799914 secs] 3052325K->2716592K(4145344K), 1.6804630 secs] [Times: user=4.21 sys=0.08, real=1.68 secs] 
17797.721: [GC 17797.722: [ParNew: 440895K->48960K(440896K), 1.3752494 secs] 3108528K->2765082K(4145344K), 1.3757136 secs] [Times: user=3.97 sys=0.06, real=1.38 secs] 
17808.020: [GC 17808.020: [ParNew: 440896K->48959K(440896K), 1.6669411 secs] 3157018K->2819444K(4145344K), 1.6674142 secs] [Times: user=4.04 sys=0.07, real=1.67 secs] 
17827.241: [GC 17827.241: [ParNew: 440882K->48960K(440896K), 1.3661907 secs] 3211367K->2868936K(4145344K), 1.3667212 secs] [Times: user=3.72 sys=0.06, real=1.37 secs] 
17836.658: [GC 17836.658: [ParNew: 440896K->48960K(440896K), 1.7887824 secs] 3260872K->2925637K(4145344K), 1.7892673 secs] [Times: user=4.26 sys=0.06, real=1.79 secs] 
17850.016: [GC 17850.016: [ParNew: 440896K->48959K(440896K), 1.4828223 secs] 3317573K->2977329K(4145344K), 1.4833295 secs] [Times: user=3.92 sys=0.05, real=1.48 secs] 
17857.870: [GC 17857.870: [ParNew: 440895K->48960K(440896K), 1.4466529 secs] 3369265K->3031281K(4145344K), 1.4471709 secs] [Times: user=4.14 sys=0.04, real=1.45 secs] 
17873.632: [GC 17873.632: [ParNew: 440896K->48960K(440896K), 1.4795235 secs] 3423217K->3083978K(4145344K), 1.4800300 secs] [Times: user=4.00 sys=0.03, real=1.48 secs] 
17889.420: [GC 17889.420: [ParNew: 440896K->48960K(440896K), 1.5609379 secs] 3475914K->3135177K(4145344K), 1.5614574 secs] [Times: user=3.85 sys=0.03, real=1.56 secs] 
17907.129: [GC 17907.129: [ParNew: 440891K->48959K(440896K), 1.6684368 secs] 3527109K->3187342K(4145344K), 1.6689436 secs] [Times: user=3.95 sys=0.03, real=1.67 secs] 
17916.536: [GC 17916.536: [ParNew: 440799K->48960K(440896K), 1.4284546 secs] 3579181K->3239655K(4145344K), 1.4289314 secs] [Times: user=3.99 sys=0.02, real=1.43 secs] 
17931.706: [GC 17931.707: [ParNew: 440896K->48960K(440896K), 1.5953476 secs] 3631591K->3295458K(4145344K), 1.5958352 secs] [Times: user=4.09 sys=0.02, real=1.60 secs] 
17954.514: [GC 17954.514: [ParNew: 440896K->48960K(440896K), 1.2412713 secs] 3687394K->3343226K(4145344K), 1.2417751 secs] [Times: user=3.61 sys=0.03, real=1.24 secs] 
17979.720: [GC 17979.720: [ParNew: 440896K->48960K(440896K), 1.3548758 secs] 3735162K->3394550K(4145344K), 1.3553482 secs] [Times: user=3.90 sys=0.03, real=1.36 secs] 
17996.098: [GC 17996.098: [ParNew: 440896K->48960K(440896K), 1.4697036 secs] 3786486K->3445618K(4145344K), 1.4701886 secs] [Times: user=3.83 sys=0.02, real=1.47 secs] 
17997.573: [GC [1 CMS-initial-mark: 3396658K(3704448K)] 3446258K(4145344K), 0.4512927 secs] [Times: user=0.45 sys=0.00, real=0.45 secs] 
17998.025: [CMS-concurrent-mark-start]
17999.005: [CMS-concurrent-mark: 0.980/0.980 secs] [Times: user=10.07 sys=0.10, real=0.98 secs] 
17999.005: [CMS-concurrent-preclean-start]
17999.137: [CMS-concurrent-preclean: 0.130/0.132 secs] [Times: user=0.44 sys=0.01, real=0.13 secs] 
17999.137: [CMS-concurrent-abortable-preclean-start]
 CMS: abort preclean due to time 18004.438: [CMS-concurrent-abortable-preclean: 5.278/5.301 secs] [Times: user=10.82 sys=0.14, real=5.30 secs] 
18004.442: [GC[YG occupancy: 290721 K (440896 K)]18004.443: [Rescan (non-parallel) 18004.443: [grey object rescan, 0.1000207 secs]18004.543: [root rescan, 2.5956985 secs], 2.6959999 secs]18007.139: [weak refs processing, 3.6560668 secs] [1 CMS-remark: 3396658K(3704448K)] 3687379K(4145344K), 6.3541692 secs] [Times: user=6.36 sys=0.00, real=6.35 secs] 
18010.797: [CMS-concurrent-sweep-start]
18014.237: [GC 18014.237: [ParNew: 440896K->48959K(440896K), 1.4010341 secs] 3626024K->3285117K(4145344K), 1.4015426 secs] [Times: user=3.85 sys=0.01, real=1.40 secs] 
18029.971: [GC 18029.971: [ParNew: 440895K->48960K(440896K), 1.3132033 secs] 2888992K->2550234K(4145344K), 1.3137234 secs] [Times: user=3.88 sys=0.01, real=1.31 secs] 
18041.489: [GC 18041.490: [ParNew: 440896K->48960K(440896K), 1.5116380 secs] 2453230K->2116755K(4145344K), 1.5121340 secs] [Times: user=3.82 sys=0.01, real=1.51 secs] 
18055.568: [GC 18055.568: [ParNew: 440896K->48959K(440896K), 1.3565902 secs] 1939953K->1595399K(4145344K), 1.3570960 secs] [Times: user=3.60 sys=0.01, real=1.36 secs] 
18068.805: [GC 18068.805: [ParNew: 440895K->48960K(440896K), 1.1314049 secs] 1426825K->1082502K(4145344K), 1.1318969 secs] [Times: user=3.54 sys=0.01, real=1.13 secs] 
18071.278: [CMS-concurrent-sweep: 53.694/60.481 secs] [Times: user=148.11 sys=2.51, real=60.48 secs] 
18071.279: [CMS-concurrent-reset-start]
18071.308: [CMS-concurrent-reset: 0.029/0.029 secs] [Times: user=0.11 sys=0.00, real=0.03 secs] 
18087.980: [GC 18087.980: [ParNew: 440896K->48959K(440896K), 1.2293752 secs] 1398100K->1058653K(4145344K), 1.2298603 secs] [Times: user=3.60 sys=0.02, real=1.23 secs] 
18106.969: [GC 18106.970: [ParNew: 440895K->48959K(440896K), 1.4375323 secs] 1450589K->1112871K(4145344K), 1.4380400 secs] [Times: user=3.57 sys=0.01, real=1.44 secs] 
18124.716: [GC 18124.717: [ParNew: 440895K->48960K(440896K), 1.1156734 secs] 1504807K->1159328K(4145344K), 1.1161570 secs] [Times: user=3.37 sys=0.02, real=1.12 secs] 
18135.432: [GC 18135.432: [ParNew: 440896K->48960K(440896K), 1.2458437 secs] 1551264K->1212156K(4145344K), 1.2463158 secs] [Times: user=3.54 sys=0.01, real=1.25 secs] 
18148.453: [GC 18148.454: [ParNew: 440896K->48960K(440896K), 2.0138290 secs] 1604092K->1269663K(4145344K), 2.0143285 secs] [Times: user=4.31 sys=0.02, real=2.01 secs] 
18163.524: [GC 18163.524: [ParNew: 440896K->48960K(440896K), 1.5122390 secs] 1661599K->1317618K(4145344K), 1.5127023 secs] [Times: user=4.13 sys=0.02, real=1.51 secs] 
18196.776: [GC 18196.776: [ParNew: 440896K->48960K(440896K), 1.4046478 secs] 1709554K->1368490K(4145344K), 1.4051671 secs] [Times: user=4.13 sys=0.04, real=1.41 secs] 
18213.462: [GC 18213.462: [ParNew: 440896K->48960K(440896K), 1.4146707 secs] 1760426K->1417015K(4145344K), 1.4151668 secs] [Times: user=3.86 sys=0.04, real=1.42 secs] 
18230.358: [GC 18230.358: [ParNew: 440896K->48960K(440896K), 1.4202186 secs] 1808951K->1470015K(4145344K), 1.4207447 secs] [Times: user=4.00 sys=0.04, real=1.42 secs] 
18248.786: [GC 18248.786: [ParNew: 440896K->48960K(440896K), 1.3433982 secs] 1861951K->1521034K(4145344K), 1.3438824 secs] [Times: user=3.90 sys=0.04, real=1.34 secs] 
18264.655: [GC 18264.656: [ParNew: 440896K->48960K(440896K), 1.5896222 secs] 1912970K->1573309K(4145344K), 1.5901206 secs] [Times: user=4.16 sys=0.05, real=1.59 secs] 
18287.401: [GC 18287.401: [ParNew: 440896K->48959K(440896K), 1.5009090 secs] 1965245K->1624225K(4145344K), 1.5013832 secs] [Times: user=3.80 sys=0.03, real=1.50 secs] 
18300.384: [GC 18300.384: [ParNew: 440895K->48960K(440896K), 1.3279681 secs] 2016161K->1674169K(4145344K), 1.3284891 secs] [Times: user=3.96 sys=0.04, real=1.33 secs] 
18323.859: [GC 18323.859: [ParNew: 440896K->48960K(440896K), 1.4029167 secs] 2066105K->1725117K(4145344K), 1.4033890 secs] [Times: user=3.86 sys=0.03, real=1.40 secs] 
18343.687: [GC 18343.688: [ParNew: 440896K->48960K(440896K), 1.5627511 secs] 2117053K->1778790K(4145344K), 1.5632758 secs] [Times: user=3.96 sys=0.03, real=1.56 secs] 
18358.880: [GC 18358.880: [ParNew: 440896K->48960K(440896K), 1.4304143 secs] 2170726K->1828516K(4145344K), 1.4308693 secs] [Times: user=3.89 sys=0.03, real=1.43 secs] 
18381.172: [GC 18381.172: [ParNew: 440896K->48959K(440896K), 1.5907191 secs] 2220452K->1884222K(4145344K), 1.5911974 secs] [Times: user=4.06 sys=0.03, real=1.59 secs] 
18404.345: [GC 18404.345: [ParNew: 440895K->48960K(440896K), 1.6517722 secs] 2276158K->1938920K(4145344K), 1.6522658 secs] [Times: user=4.04 sys=0.02, real=1.65 secs] 
18423.099: [GC 18423.100: [ParNew: 440896K->48959K(440896K), 1.3942026 secs] 2330856K->1987094K(4145344K), 1.3946672 secs] [Times: user=3.82 sys=0.03, real=1.39 secs] 
18447.128: [GC 18447.128: [ParNew: 440895K->48960K(440896K), 1.4654898 secs] 2379030K->2036472K(4145344K), 1.4659661 secs] [Times: user=3.79 sys=0.04, real=1.47 secs] 
18463.323: [GC 18463.323: [ParNew: 440896K->48959K(440896K), 1.4294661 secs] 2428408K->2087774K(4145344K), 1.4299362 secs] [Times: user=3.92 sys=0.03, real=1.43 secs] 
18474.877: [GC 18474.877: [ParNew: 440895K->48959K(440896K), 1.3848920 secs] 2479710K->2138696K(4145344K), 1.3853829 secs] [Times: user=4.00 sys=0.04, real=1.39 secs] 
18495.436: [GC 18495.436: [ParNew: 440895K->48960K(440896K), 1.5325941 secs] 2530632K->2192098K(4145344K), 1.5330939 secs] [Times: user=3.97 sys=0.03, real=1.53 secs] 
18516.096: [GC 18516.096: [ParNew: 440896K->48959K(440896K), 1.5449330 secs] 2584034K->2241954K(4145344K), 1.5454307 secs] [Times: user=3.94 sys=0.03, real=1.55 secs] 
18531.733: [GC 18531.733: [ParNew: 440895K->48960K(440896K), 1.4489271 secs] 2633890K->2293572K(4145344K), 1.4494373 secs] [Times: user=4.01 sys=0.03, real=1.45 secs] 
18548.142: [GC 18548.142: [ParNew: 440896K->48960K(440896K), 1.4644219 secs] 2685508K->2344238K(4145344K), 1.4649247 secs] [Times: user=4.37 sys=0.05, real=1.47 secs] 
18563.422: [GC 18563.422: [ParNew: 440896K->48960K(440896K), 1.6369323 secs] 2736174K->2394220K(4145344K), 1.6374615 secs] [Times: user=3.92 sys=0.04, real=1.64 secs] 
18578.938: [GC 18578.939: [ParNew: 440896K->48959K(440896K), 1.4464595 secs] 2786156K->2443231K(4145344K), 1.4470399 secs] [Times: user=3.76 sys=0.03, real=1.45 secs] 
18587.462: [GC 18587.462: [ParNew: 440895K->48959K(440896K), 1.5995628 secs] 2835167K->2498354K(4145344K), 1.6000953 secs] [Times: user=4.16 sys=0.04, real=1.60 secs] 
18599.452: [GC 18599.453: [ParNew: 440894K->48960K(440896K), 1.2978817 secs] 2890288K->2548948K(4145344K), 1.2984275 secs] [Times: user=3.96 sys=0.04, real=1.30 secs] 
18614.532: [GC 18614.532: [ParNew: 440896K->48960K(440896K), 1.4385261 secs] 2940884K->2600056K(4145344K), 1.4390320 secs] [Times: user=4.03 sys=0.05, real=1.44 secs] 
18637.435: [GC 18637.436: [ParNew: 440896K->48960K(440896K), 1.3062629 secs] 2991992K->2645110K(4145344K), 1.3067780 secs] [Times: user=3.67 sys=0.04, real=1.31 secs] 
18648.498: [GC 18648.498: [ParNew: 440896K->48960K(440896K), 1.5753476 secs] 3037046K->2700812K(4145344K), 1.5758576 secs] [Times: user=4.18 sys=0.05, real=1.58 secs] 
18661.940: [GC 18661.941: [ParNew: 440896K->48959K(440896K), 1.5606833 secs] 3092748K->2757803K(4145344K), 1.5612238 secs] [Times: user=4.10 sys=0.03, real=1.56 secs] 
18679.323: [GC 18679.323: [ParNew: 440895K->48960K(440896K), 1.2692584 secs] 3149739K->2804363K(4145344K), 1.2697627 secs] [Times: user=3.70 sys=0.04, real=1.27 secs] 
18698.665: [GC 18698.665: [ParNew: 440852K->48960K(440896K), 1.4785262 secs] 3196255K->2859564K(4145344K), 1.4790149 secs] [Times: user=3.90 sys=0.03, real=1.48 secs] 
18713.839: [GC 18713.839: [ParNew: 440896K->48960K(440896K), 1.6321957 secs] 3251500K->2911930K(4145344K), 1.6326766 secs] [Times: user=4.04 sys=0.03, real=1.63 secs] 
18725.671: [GC 18725.672: [ParNew: 440896K->48959K(440896K), 1.5359595 secs] 3303866K->2966455K(4145344K), 1.5364399 secs] [Times: user=4.04 sys=0.03, real=1.54 secs] 
18739.587: [GC 18739.587: [ParNew: 440792K->48959K(440896K), 1.1552059 secs] 3358288K->3014788K(4145344K), 1.1557122 secs] [Times: user=3.91 sys=0.04, real=1.16 secs] 
18755.839: [GC 18755.840: [ParNew: 440895K->48960K(440896K), 1.3256319 secs] 3406724K->3065566K(4145344K), 1.3261268 secs] [Times: user=3.82 sys=0.04, real=1.33 secs] 
18765.736: [GC 18765.737: [ParNew: 440896K->48960K(440896K), 1.5253665 secs] 3457502K->3116584K(4145344K), 1.5258892 secs] [Times: user=4.06 sys=0.04, real=1.53 secs] 
18774.365: [GC 18774.365: [ParNew: 440896K->48959K(440896K), 1.3474744 secs] 3508520K->3164424K(4145344K), 1.3479766 secs] [Times: user=3.76 sys=0.03, real=1.35 secs] 
18788.683: [GC 18788.683: [ParNew: 440895K->48960K(440896K), 1.3183509 secs] 3556360K->3214859K(4145344K), 1.3188511 secs] [Times: user=3.79 sys=0.03, real=1.32 secs] 
18805.814: [GC 18805.814: [ParNew: 440896K->48959K(440896K), 1.5078312 secs] 3606795K->3266303K(4145344K), 1.5083189 secs] [Times: user=3.89 sys=0.03, real=1.51 secs] 
18829.188: [GC 18829.188: [ParNew: 440895K->48960K(440896K), 1.3705351 secs] 3658239K->3313872K(4145344K), 1.3710911 secs] [Times: user=3.73 sys=0.02, real=1.37 secs] 
18844.465: [GC 18844.466: [ParNew: 440896K->48960K(440896K), 1.4961021 secs] 3705808K->3367150K(4145344K), 1.4965951 secs] [Times: user=3.99 sys=0.04, real=1.50 secs] 
18855.478: [GC 18855.478: [ParNew: 440896K->48960K(440896K), 1.5152721 secs] 3759086K->3422433K(4145344K), 1.5157869 secs] [Times: user=4.16 sys=0.03, real=1.52 secs] 
18856.999: [GC [1 CMS-initial-mark: 3373473K(3704448K)] 3422965K(4145344K), 0.4791103 secs] [Times: user=0.48 sys=0.00, real=0.48 secs] 
18857.478: [CMS-concurrent-mark-start]
18858.421: [CMS-concurrent-mark: 0.943/0.943 secs] [Times: user=6.90 sys=0.07, real=0.94 secs] 
18858.421: [CMS-concurrent-preclean-start]
18858.555: [CMS-concurrent-preclean: 0.132/0.134 secs] [Times: user=0.25 sys=0.00, real=0.13 secs] 
18858.556: [CMS-concurrent-abortable-preclean-start]
 CMS: abort preclean due to time 18864.070: [CMS-concurrent-abortable-preclean: 5.504/5.515 secs] [Times: user=11.99 sys=0.20, real=5.51 secs] 
18864.074: [GC[YG occupancy: 240443 K (440896 K)]18864.074: [Rescan (non-parallel) 18864.074: [grey object rescan, 0.1020015 secs]18864.176: [root rescan, 2.0471944 secs], 2.1494906 secs]18866.224: [weak refs processing, 3.4288201 secs] [1 CMS-remark: 3373473K(3704448K)] 3613916K(4145344K), 5.5803637 secs] [Times: user=5.58 sys=0.00, real=5.58 secs] 
18869.655: [CMS-concurrent-sweep-start]
18873.758: [GC 18873.758: [ParNew: 440896K->48960K(440896K), 1.3642004 secs] 3571989K->3233483K(4145344K), 1.3647212 secs] [Times: user=3.71 sys=0.01, real=1.37 secs] 
18881.119: [GC 18881.120: [ParNew: 440896K->48960K(440896K), 1.3348131 secs] 3309380K->2969787K(4145344K), 1.3353129 secs] [Times: user=3.79 sys=0.01, real=1.34 secs] 
18894.528: [GC 18894.528: [ParNew: 440896K->48960K(440896K), 1.3411423 secs] 2760585K->2420797K(4145344K), 1.3416340 secs] [Times: user=3.68 sys=0.02, real=1.34 secs] 
18904.825: [GC 18904.832: [ParNew: 440896K->48959K(440896K), 1.4658012 secs] 2396994K->2056651K(4145344K), 1.4663523 secs] [Times: user=3.69 sys=0.01, real=1.47 secs] 
18920.723: [GC 18920.724: [ParNew: 440895K->48959K(440896K), 1.4486659 secs] 1790985K->1453964K(4145344K), 1.4491918 secs] [Times: user=4.00 sys=0.02, real=1.45 secs] 
18932.137: [CMS-concurrent-sweep: 55.451/62.482 secs] [Times: user=157.68 sys=2.63, real=62.48 secs] 
18932.137: [CMS-concurrent-reset-start]
18932.166: [CMS-concurrent-reset: 0.029/0.029 secs] [Times: user=0.02 sys=0.00, real=0.03 secs] 
18941.266: [GC 18941.266: [ParNew: 440895K->48959K(440896K), 1.2794759 secs] 1392604K->1049613K(4145344K), 1.2800073 secs] [Times: user=3.46 sys=0.02, real=1.28 secs] 
18957.716: [GC 18957.717: [ParNew: 440895K->48960K(440896K), 1.5459758 secs] 1441549K->1102494K(4145344K), 1.5464903 secs] [Times: user=3.64 sys=0.02, real=1.55 secs] 
18978.652: [GC 18978.653: [ParNew: 440896K->48959K(440896K), 1.2142128 secs] 1494430K->1151250K(4145344K), 1.2147458 secs] [Times: user=3.56 sys=0.01, real=1.22 secs] 
19003.764: [GC 19003.764: [ParNew: 440895K->48960K(440896K), 1.4239610 secs] 1543186K->1205391K(4145344K), 1.4244770 secs] [Times: user=3.70 sys=0.02, real=1.42 secs] 
19034.280: [GC 19034.280: [ParNew: 440896K->48960K(440896K), 1.4649668 secs] 1597327K->1254934K(4145344K), 1.4654796 secs] [Times: user=3.74 sys=0.01, real=1.47 secs] 
19048.263: [GC 19048.263: [ParNew: 440896K->48960K(440896K), 1.5586747 secs] 1646870K->1308132K(4145344K), 1.5591925 secs] [Times: user=4.13 sys=0.02, real=1.56 secs] 
19065.036: [GC 19065.036: [ParNew: 440896K->48960K(440896K), 1.6571901 secs] 1700068K->1362499K(4145344K), 1.6576979 secs] [Times: user=4.10 sys=0.03, real=1.66 secs] 
19076.182: [GC 19076.183: [ParNew: 440896K->48960K(440896K), 1.7027996 secs] 1754435K->1420617K(4145344K), 1.7032698 secs] [Times: user=4.33 sys=0.04, real=1.70 secs] 
19094.743: [GC 19094.744: [ParNew: 440896K->48960K(440896K), 1.5862403 secs] 1812553K->1474251K(4145344K), 1.5867207 secs] [Times: user=4.03 sys=0.04, real=1.59 secs] 
19102.768: [GC 19102.768: [ParNew: 440896K->48959K(440896K), 1.4216430 secs] 1866187K->1526756K(4145344K), 1.4221506 secs] [Times: user=4.03 sys=0.03, real=1.42 secs] 
19114.767: [GC 19114.768: [ParNew: 440895K->48959K(440896K), 1.6654933 secs] 1918692K->1585016K(4145344K), 1.6660014 secs] [Times: user=4.40 sys=0.05, real=1.67 secs] 
19135.465: [GC 19135.465: [ParNew: 440895K->48959K(440896K), 1.2130011 secs] 1976952K->1626494K(4145344K), 1.2135332 secs] [Times: user=3.41 sys=0.04, real=1.21 secs] 
19146.937: [GC 19146.938: [ParNew: 440895K->48960K(440896K), 1.5842241 secs] 2018430K->1682554K(4145344K), 1.5847184 secs] [Times: user=4.13 sys=0.05, real=1.59 secs] 
19162.433: [GC 19162.433: [ParNew: 440896K->48960K(440896K), 1.5233843 secs] 2074490K->1736131K(4145344K), 1.5239240 secs] [Times: user=3.96 sys=0.04, real=1.52 secs] 
19178.205: [GC 19178.206: [ParNew: 440896K->48959K(440896K), 1.4289144 secs] 2128067K->1785237K(4145344K), 1.4294452 secs] [Times: user=3.82 sys=0.04, real=1.43 secs] 
19198.351: [GC 19198.351: [ParNew: 440895K->48960K(440896K), 1.2049590 secs] 2177173K->1832638K(4145344K), 1.2054900 secs] [Times: user=3.65 sys=0.04, real=1.21 secs] 
19214.403: [GC 19214.403: [ParNew: 440896K->48960K(440896K), 1.4477333 secs] 2224574K->1865826K(4145344K), 1.4482426 secs] [Times: user=2.88 sys=0.02, real=1.45 secs] 
19237.889: [GC 19237.890: [ParNew: 440896K->48960K(440896K), 1.5596666 secs] 2257762K->1919749K(4145344K), 1.5601710 secs] [Times: user=4.05 sys=0.05, real=1.56 secs] 
19252.902: [GC 19252.902: [ParNew: 440896K->48959K(440896K), 1.3083016 secs] 2311685K->1966137K(4145344K), 1.3088672 secs] [Times: user=4.03 sys=0.05, real=1.31 secs] 
19264.290: [GC 19264.290: [ParNew: 440895K->48960K(440896K), 1.3239382 secs] 2358073K->2017442K(4145344K), 1.3244626 secs] [Times: user=3.82 sys=0.04, real=1.32 secs] 
19277.107: [GC 19277.107: [ParNew: 440896K->48959K(440896K), 1.1910172 secs] 2409378K->2065541K(4145344K), 1.1915282 secs] [Times: user=3.76 sys=0.04, real=1.19 secs] 
19289.129: [GC 19289.130: [ParNew: 440895K->48959K(440896K), 1.4942958 secs] 2457477K->2119982K(4145344K), 1.4948427 secs] [Times: user=3.97 sys=0.04, real=1.50 secs] 
19301.609: [GC 19301.609: [ParNew: 440895K->48960K(440896K), 1.3668485 secs] 2511918K->2168487K(4145344K), 1.3673651 secs] [Times: user=3.75 sys=0.03, real=1.37 secs] 
19328.789: [GC 19328.789: [ParNew: 440896K->48960K(440896K), 1.3923594 secs] 2560423K->2215616K(4145344K), 1.3928813 secs] [Times: user=3.74 sys=0.04, real=1.39 secs] 
19360.867: [GC 19360.867: [ParNew: 440889K->48279K(440896K), 0.7412308 secs] 2607545K->2256566K(4145344K), 0.7417759 secs] [Times: user=3.54 sys=0.05, real=0.74 secs] 
19387.614: [GC 19387.614: [ParNew: 440215K->48960K(440896K), 1.2358285 secs] 2648502K->2291098K(4145344K), 1.2364461 secs] [Times: user=3.02 sys=0.02, real=1.24 secs] 
19392.197: [GC 19392.198: [ParNew: 440896K->48960K(440896K), 1.5578318 secs] 2683034K->2354683K(4145344K), 1.5583815 secs] [Times: user=4.44 sys=0.04, real=1.56 secs] 
19400.025: [GC 19400.026: [ParNew: 440896K->48960K(440896K), 1.7098461 secs] 2746619K->2409072K(4145344K), 1.7104600 secs] [Times: user=4.28 sys=0.04, real=1.71 secs] 
19412.034: [GC 19412.034: [ParNew: 440896K->48960K(440896K), 1.3449712 secs] 2801008K->2450423K(4145344K), 1.3454599 secs] [Times: user=3.37 sys=0.04, real=1.35 secs] 
19420.633: [GC 19420.633: [ParNew: 440896K->48960K(440896K), 1.6607054 secs] 2842359K->2505290K(4145344K), 1.6612256 secs] [Times: user=4.13 sys=0.04, real=1.66 secs] 
19436.957: [GC 19436.957: [ParNew: 440896K->48960K(440896K), 1.5097609 secs] 2897226K->2554998K(4145344K), 1.5103076 secs] [Times: user=3.91 sys=0.05, real=1.51 secs] 
19450.713: [GC 19450.714: [ParNew: 440896K->48959K(440896K), 1.4926218 secs] 2946934K->2609599K(4145344K), 1.4931376 secs] [Times: user=4.06 sys=0.04, real=1.49 secs] 
19473.637: [GC 19473.637: [ParNew: 440889K->48960K(440896K), 1.6774318 secs] 3001529K->2667938K(4145344K), 1.6779440 secs] [Times: user=4.23 sys=0.04, real=1.68 secs] 
19490.964: [GC 19490.964: [ParNew: 440893K->48959K(440896K), 1.3525353 secs] 3059872K->2711757K(4145344K), 1.3530666 secs] [Times: user=3.48 sys=0.03, real=1.35 secs] 
19510.436: [GC 19510.436: [ParNew: 440895K->48959K(440896K), 1.3640849 secs] 3103693K->2761581K(4145344K), 1.3645888 secs] [Times: user=3.78 sys=0.03, real=1.36 secs] 
19535.060: [GC 19535.060: [ParNew: 440895K->48960K(440896K), 1.3996410 secs] 3153517K->2812038K(4145344K), 1.4001538 secs] [Times: user=4.00 sys=0.04, real=1.40 secs] 
19557.396: [GC 19557.396: [ParNew: 440896K->44281K(440896K), 0.8462824 secs] 3203974K->2848629K(4145344K), 0.8468021 secs] [Times: user=3.29 sys=0.05, real=0.85 secs] 
19563.697: [GC 19563.697: [ParNew: 436217K->48960K(440896K), 0.9497455 secs] 3240565K->2871294K(4145344K), 0.9502500 secs] [Times: user=2.08 sys=0.01, real=0.95 secs] 
19575.446: [GC 19575.447: [ParNew: 440896K->48960K(440896K), 1.4695872 secs] 3263230K->2925476K(4145344K), 1.4701321 secs] [Times: user=4.04 sys=0.05, real=1.47 secs] 
19587.068: [GC 19587.068: [ParNew: 440896K->48960K(440896K), 1.0634144 secs] 3317412K->2963560K(4145344K), 1.0639541 secs] [Times: user=3.32 sys=0.03, real=1.06 secs] 
19597.218: [GC 19597.219: [ParNew: 440896K->48959K(440896K), 1.2757679 secs] 3355496K->3013104K(4145344K), 1.2762939 secs] [Times: user=3.82 sys=0.03, real=1.28 secs] 
19609.693: [GC 19609.693: [ParNew: 440895K->48960K(440896K), 1.0136801 secs] 3405040K->3055105K(4145344K), 1.0142006 secs] [Times: user=3.35 sys=0.02, real=1.01 secs] 
19623.567: [GC 19623.567: [ParNew: 440896K->48960K(440896K), 1.1544167 secs] 3447041K->3099904K(4145344K), 1.1549555 secs] [Times: user=3.76 sys=0.04, real=1.16 secs] 
19639.094: [GC 19639.094: [ParNew: 440896K->48960K(440896K), 1.3067519 secs] 3491840K->3152545K(4145344K), 1.3072229 secs] [Times: user=3.92 sys=0.05, real=1.31 secs] 
19654.271: [GC 19654.272: [ParNew: 440896K->48960K(440896K), 1.3587257 secs] 3544481K->3192039K(4145344K), 1.3592053 secs] [Times: user=3.32 sys=0.04, real=1.36 secs] 
19667.260: [GC 19667.261: [ParNew: 440896K->48959K(440896K), 1.4095106 secs] 3583975K->3244254K(4145344K), 1.4257680 secs] [Times: user=3.85 sys=0.03, real=1.43 secs] 
19687.265: [GC 19687.266: [ParNew: 440895K->48960K(440896K), 1.3768056 secs] 3636190K->3294021K(4145344K), 1.3772833 secs] [Times: user=3.74 sys=0.03, real=1.38 secs] 
19705.458: [GC 19705.459: [ParNew: 440896K->48960K(440896K), 1.6298841 secs] 3685957K->3349745K(4145344K), 1.6303670 secs] [Times: user=3.99 sys=0.03, real=1.63 secs] 
19716.803: [GC 19716.803: [ParNew: 440896K->48959K(440896K), 1.4519048 secs] 3741681K->3400168K(4145344K), 1.4524173 secs] [Times: user=3.80 sys=0.03, real=1.45 secs] 
19718.260: [GC [1 CMS-initial-mark: 3351208K(3704448K)] 3401902K(4145344K), 0.4715796 secs] [Times: user=0.48 sys=0.00, real=0.47 secs] 
19718.732: [CMS-concurrent-mark-start]
19719.744: [CMS-concurrent-mark: 0.989/1.012 secs] [Times: user=9.32 sys=0.12, real=1.01 secs] 
19719.744: [CMS-concurrent-preclean-start]
19719.881: [CMS-concurrent-preclean: 0.135/0.137 secs] [Times: user=0.39 sys=0.02, real=0.14 secs] 
19719.882: [CMS-concurrent-abortable-preclean-start]
 CMS: abort preclean due to time 19725.310: [CMS-concurrent-abortable-preclean: 5.403/5.428 secs] [Times: user=12.99 sys=0.20, real=5.43 secs] 
19725.314: [GC[YG occupancy: 332943 K (440896 K)]19725.314: [Rescan (non-parallel) 19725.314: [grey object rescan, 0.1023966 secs]19725.417: [root rescan, 2.8917296 secs], 2.9943838 secs]19728.309: [weak refs processing, 4.9701942 secs] [1 CMS-remark: 3351208K(3704448K)] 3684151K(4145344K), 7.9669519 secs] [Times: user=7.98 sys=0.01, real=7.97 secs] 
19733.282: [CMS-concurrent-sweep-start]
19734.206: [GC 19734.206: [ParNew: 440895K->48960K(440896K), 1.3871865 secs] 3759112K->3417930K(4145344K), 1.3876770 secs] [Times: user=3.68 sys=0.01, real=1.39 secs] 
19744.929: [GC 19744.929: [ParNew: 440896K->48960K(440896K), 1.3502836 secs] 3510724K->3170590K(4145344K), 1.3507730 secs] [Times: user=4.27 sys=0.01, real=1.35 secs] 
19755.354: [GC 19755.354: [ParNew: 440896K->48960K(440896K), 1.5275748 secs] 3320960K->2987870K(4145344K), 1.5280636 secs] [Times: user=3.98 sys=0.01, real=1.53 secs] 
19771.654: [GC 19771.654: [ParNew: 440896K->48960K(440896K), 1.5912813 secs] 3009765K->2673171K(4145344K), 1.5917636 secs] [Times: user=3.76 sys=0.02, real=1.59 secs] 
19781.256: [GC 19781.256: [ParNew: 440896K->48960K(440896K), 1.3307753 secs] 2864673K->2501671K(4145344K), 1.3312506 secs] [Times: user=2.61 sys=0.01, real=1.33 secs] 
19791.989: [GC 19791.989: [ParNew: 440896K->48959K(440896K), 1.1420010 secs] 2687799K->2344019K(4145344K), 1.1424845 secs] [Times: user=3.58 sys=0.02, real=1.14 secs] 
19803.038: [GC 19803.039: [ParNew: 440895K->48959K(440896K), 1.3139748 secs] 2521986K->2181010K(4145344K), 1.3144845 secs] [Times: user=3.53 sys=0.02, real=1.31 secs] 
19814.666: [GC 19814.666: [ParNew: 440895K->48960K(440896K), 1.0613594 secs] 2333089K->1982680K(4145344K), 1.0618573 secs] [Times: user=3.30 sys=0.01, real=1.06 secs] 
19831.762: [GC 19831.763: [ParNew: 440896K->48960K(440896K), 1.5670012 secs] 2012381K->1677803K(4145344K), 1.5674695 secs] [Times: user=3.89 sys=0.01, real=1.57 secs] 
19843.590: [GC 19843.590: [ParNew: 440896K->48960K(440896K), 1.2303183 secs] 1820613K->1476029K(4145344K), 1.2308042 secs] [Times: user=3.55 sys=0.01, real=1.23 secs] 
19850.470: [CMS-concurrent-sweep: 103.514/117.188 secs] [Times: user=303.74 sys=5.29, real=117.19 secs] 
19850.471: [CMS-concurrent-reset-start]
19850.500: [CMS-concurrent-reset: 0.029/0.029 secs] [Times: user=0.03 sys=0.00, real=0.03 secs] 
19855.639: [GC 19855.639: [ParNew: 440892K->48959K(440896K), 1.5584866 secs] 1728737K->1389398K(4145344K), 1.5590021 secs] [Times: user=4.10 sys=0.02, real=1.56 secs] 
19873.880: [GC 19873.880: [ParNew: 440895K->48960K(440896K), 1.2211111 secs] 1781334K->1438635K(4145344K), 1.2215751 secs] [Times: user=3.44 sys=0.02, real=1.22 secs] 
19896.722: [GC 19896.722: [ParNew: 440896K->48959K(440896K), 1.3774601 secs] 1830571K->1488106K(4145344K), 1.3779771 secs] [Times: user=3.61 sys=0.02, real=1.38 secs] 
19908.951: [GC 19908.952: [ParNew: 440895K->48960K(440896K), 1.4159027 secs] 1880042K->1537745K(4145344K), 1.4164256 secs] [Times: user=3.52 sys=0.01, real=1.42 secs] 
19919.779: [GC 19919.779: [ParNew: 440896K->48960K(440896K), 1.6023315 secs] 1929681K->1591748K(4145344K), 1.6028290 secs] [Times: user=4.08 sys=0.02, real=1.60 secs] 
19931.634: [GC 19931.635: [ParNew: 440896K->48960K(440896K), 1.6073377 secs] 1983684K->1646940K(4145344K), 1.6078085 secs] [Times: user=4.30 sys=0.03, real=1.61 secs] 
19948.569: [GC 19948.569: [ParNew: 440896K->48959K(440896K), 1.4561380 secs] 2038876K->1698193K(4145344K), 1.4566384 secs] [Times: user=3.92 sys=0.04, real=1.46 secs] 
19967.705: [GC 19967.705: [ParNew: 440895K->48960K(440896K), 1.5423986 secs] 2090129K->1751186K(4145344K), 1.5428982 secs] [Times: user=4.07 sys=0.05, real=1.54 secs] 
19983.407: [GC 19983.407: [ParNew: 440896K->48960K(440896K), 1.3144499 secs] 2143122K->1798571K(4145344K), 1.3149291 secs] [Times: user=3.69 sys=0.04, real=1.32 secs] 
20003.364: [GC 20003.365: [ParNew: 440896K->48960K(440896K), 1.6570313 secs] 2190507K->1854322K(4145344K), 1.6575153 secs] [Times: user=4.04 sys=0.05, real=1.66 secs] 
20018.481: [GC 20018.481: [ParNew: 440896K->48959K(440896K), 1.3732008 secs] 2246258K->1900980K(4145344K), 1.3736664 secs] [Times: user=3.72 sys=0.04, real=1.37 secs] 
20032.530: [GC 20032.530: [ParNew: 440895K->48959K(440896K), 1.3592926 secs] 2292916K->1950743K(4145344K), 1.3598252 secs] [Times: user=3.84 sys=0.04, real=1.36 secs] 
20044.971: [GC 20044.971: [ParNew: 440804K->48960K(440896K), 1.4910279 secs] 2342588K->2006151K(4145344K), 1.4915224 secs] [Times: user=4.13 sys=0.05, real=1.49 secs] 
20056.917: [GC 20056.917: [ParNew: 440896K->48960K(440896K), 1.5942278 secs] 2398087K->2062313K(4145344K), 1.5947206 secs] [Times: user=4.11 sys=0.04, real=1.59 secs] 
20072.883: [GC 20072.883: [ParNew: 440896K->48959K(440896K), 1.2641874 secs] 2454249K->2110002K(4145344K), 1.2646650 secs] [Times: user=3.76 sys=0.03, real=1.26 secs] 
20099.147: [GC 20099.147: [ParNew: 440895K->48959K(440896K), 1.4918069 secs] 2501938K->2159957K(4145344K), 1.4923251 secs] [Times: user=3.74 sys=0.04, real=1.49 secs] 
20112.797: [GC 20112.797: [ParNew: 440895K->48960K(440896K), 1.3541942 secs] 2551893K->2208011K(4145344K), 1.3546840 secs] [Times: user=3.77 sys=0.04, real=1.35 secs] 
20123.939: [GC 20123.939: [ParNew: 440896K->48960K(440896K), 1.5315336 secs] 2599947K->2263111K(4145344K), 1.5320575 secs] [Times: user=4.14 sys=0.05, real=1.53 secs] 
20139.626: [GC 20139.626: [ParNew: 440896K->48959K(440896K), 1.5679503 secs] 2655047K->2316272K(4145344K), 1.5684535 secs] [Times: user=4.04 sys=0.04, real=1.57 secs] 
20150.710: [GC 20150.710: [ParNew: 440895K->48960K(440896K), 1.3638580 secs] 2708208K->2362115K(4145344K), 1.3643358 secs] [Times: user=3.69 sys=0.04, real=1.36 secs] 
20161.879: [GC 20161.879: [ParNew: 440896K->48960K(440896K), 1.8268858 secs] 2754051K->2420851K(4145344K), 1.8273772 secs] [Times: user=4.22 sys=0.04, real=1.83 secs] 
20173.449: [GC 20173.449: [ParNew: 440896K->48960K(440896K), 1.1453519 secs] 2812787K->2468003K(4145344K), 1.1458772 secs] [Times: user=3.80 sys=0.03, real=1.15 secs] 
20192.317: [GC 20192.317: [ParNew: 440896K->48960K(440896K), 1.6117255 secs] 2859939K->2524668K(4145344K), 1.6122191 secs] [Times: user=4.04 sys=0.05, real=1.61 secs] 
20207.345: [GC 20207.345: [ParNew: 440896K->48960K(440896K), 1.4853457 secs] 2916604K->2572710K(4145344K), 1.4858136 secs] [Times: user=3.92 sys=0.04, real=1.49 secs] 
20223.786: [GC 20223.786: [ParNew: 440896K->48959K(440896K), 1.2323150 secs] 2964646K->2623864K(4145344K), 1.2327787 secs] [Times: user=3.92 sys=0.04, real=1.23 secs] 
20233.286: [GC 20233.286: [ParNew: 440895K->48960K(440896K), 1.4543630 secs] 3015800K->2677177K(4145344K), 1.4548605 secs] [Times: user=3.95 sys=0.04, real=1.46 secs] 
20244.634: [GC 20244.635: [ParNew: 440896K->48960K(440896K), 1.4876612 secs] 3069113K->2729289K(4145344K), 1.4881622 secs] [Times: user=3.93 sys=0.04, real=1.49 secs] 
20258.117: [GC 20258.117: [ParNew: 440896K->48960K(440896K), 1.5798393 secs] 3121225K->2783135K(4145344K), 1.5803510 secs] [Times: user=4.13 sys=0.05, real=1.59 secs] 
20268.809: [GC 20268.810: [ParNew: 440896K->48959K(440896K), 1.5393177 secs] 3175071K->2838632K(4145344K), 1.5398189 secs] [Times: user=4.12 sys=0.04, real=1.54 secs] 
20279.956: [GC 20279.956: [ParNew: 440895K->48960K(440896K), 1.5714526 secs] 3230568K->2892129K(4145344K), 1.5719571 secs] [Times: user=4.01 sys=0.04, real=1.57 secs] 
20292.768: [GC 20292.769: [ParNew: 440896K->48959K(440896K), 1.4661485 secs] 3284065K->2940597K(4145344K), 1.4666511 secs] [Times: user=3.74 sys=0.04, real=1.47 secs] 
20298.189: [GC 20298.189: [ParNew: 440895K->48960K(440896K), 1.7927307 secs] 3332533K->2983844K(4145344K), 1.7932688 secs] [Times: user=3.60 sys=0.02, real=1.79 secs] 
20307.993: [GC 20307.993: [ParNew: 440896K->48960K(440896K), 1.2547058 secs] 3375780K->3034844K(4145344K), 1.2552058 secs] [Times: user=3.88 sys=0.03, real=1.26 secs] 
20320.904: [GC 20320.904: [ParNew: 440880K->48960K(440896K), 1.4928144 secs] 3426764K->3084689K(4145344K), 1.4933079 secs] [Times: user=3.66 sys=0.04, real=1.49 secs] 
20337.528: [GC 20337.528: [ParNew: 440896K->48959K(440896K), 1.4795074 secs] 3476625K->3130222K(4145344K), 1.4800058 secs] [Times: user=3.60 sys=0.04, real=1.48 secs] 
20349.258: [GC 20349.258: [ParNew: 440895K->48960K(440896K), 1.4181457 secs] 3522158K->3182108K(4145344K), 1.4186198 secs] [Times: user=4.01 sys=0.03, real=1.42 secs] 
20359.753: [GC 20359.754: [ParNew: 440896K->48959K(440896K), 1.6441425 secs] 3574044K->3238581K(4145344K), 1.6447066 secs] [Times: user=4.27 sys=0.03, real=1.64 secs] 
20361.403: [GC [1 CMS-initial-mark: 3189621K(3704448K)] 3239380K(4145344K), 0.4700081 secs] [Times: user=0.47 sys=0.00, real=0.47 secs] 
20361.874: [CMS-concurrent-mark-start]
20362.848: [CMS-concurrent-mark: 0.974/0.974 secs] [Times: user=8.58 sys=0.09, real=0.97 secs] 
20362.848: [CMS-concurrent-preclean-start]
20362.981: [CMS-concurrent-preclean: 0.132/0.134 secs] [Times: user=0.38 sys=0.01, real=0.13 secs] 
20362.982: [CMS-concurrent-abortable-preclean-start]
 CMS: abort preclean due to time 20368.463: [CMS-concurrent-abortable-preclean: 5.475/5.481 secs] [Times: user=11.81 sys=0.22, real=5.48 secs] 
20368.468: [GC[YG occupancy: 269243 K (440896 K)]20368.468: [Rescan (non-parallel) 20368.468: [grey object rescan, 0.1043606 secs]20368.573: [root rescan, 2.3936492 secs], 2.4983032 secs]20370.967: [weak refs processing, 3.6734013 secs] [1 CMS-remark: 3189621K(3704448K)] 3458864K(4145344K), 6.1737355 secs] [Times: user=6.18 sys=0.01, real=6.17 secs] 
20374.642: [CMS-concurrent-sweep-start]
20378.387: [GC 20378.387: [ParNew: 440895K->48959K(440896K), 1.1845487 secs] 3400675K->3056764K(4145344K), 1.1850620 secs] [Times: user=3.56 sys=0.02, real=1.19 secs] 
20387.708: [GC 20387.709: [ParNew: 440895K->48959K(440896K), 1.4328006 secs] 2954095K->2617566K(4145344K), 1.4333009 secs] [Times: user=3.96 sys=0.01, real=1.43 secs] 
20403.075: [GC 20403.076: [ParNew: 440895K->48959K(440896K), 1.6627238 secs] 2405157K->2071150K(4145344K), 1.6632509 secs] [Times: user=3.95 sys=0.01, real=1.66 secs] 
20416.640: [GC 20416.640: [ParNew: 440895K->48960K(440896K), 1.2165241 secs] 1962907K->1613792K(4145344K), 1.2169848 secs] [Times: user=3.21 sys=0.01, real=1.22 secs] 
20431.106: [GC 20431.107: [ParNew: 440896K->48960K(440896K), 1.4530630 secs] 1458030K->1121525K(4145344K), 1.4535526 secs] [Times: user=3.92 sys=0.01, real=1.45 secs] 
20434.255: [CMS-concurrent-sweep: 52.583/59.612 secs] [Times: user=145.09 sys=2.42, real=59.61 secs] 
20434.255: [CMS-concurrent-reset-start]
20434.284: [CMS-concurrent-reset: 0.029/0.029 secs] [Times: user=0.06 sys=0.00, real=0.03 secs] 
20443.325: [GC 20443.325: [ParNew: 440896K->48960K(440896K), 1.5268051 secs] 1421166K->1085534K(4145344K), 1.5273291 secs] [Times: user=3.77 sys=0.02, real=1.53 secs] 
20455.961: [GC 20455.962: [ParNew: 440889K->48960K(440896K), 1.1869922 secs] 1477463K->1132625K(4145344K), 1.1875400 secs] [Times: user=3.67 sys=0.02, real=1.19 secs] 
20466.354: [GC 20466.354: [ParNew: 440896K->48960K(440896K), 1.4831728 secs] 1524561K->1186665K(4145344K), 1.4836658 secs] [Times: user=3.67 sys=0.01, real=1.48 secs] 
20485.465: [GC 20485.465: [ParNew: 440896K->48959K(440896K), 1.4043641 secs] 1578601K->1235598K(4145344K), 1.4048285 secs] [Times: user=3.49 sys=0.02, real=1.41 secs] 
20500.152: [GC 20500.152: [ParNew: 440895K->48126K(440896K), 0.9326142 secs] 1627534K->1277232K(4145344K), 0.9331217 secs] [Times: user=3.30 sys=0.02, real=0.93 secs] 
20511.780: [GC 20511.781: [ParNew: 440062K->48959K(440896K), 1.3162798 secs] 1669168K->1300583K(4145344K), 1.3167855 secs] [Times: user=2.15 sys=0.01, real=1.32 secs] 
20524.376: [GC 20524.376: [ParNew: 440895K->48959K(440896K), 1.0768361 secs] 1692519K->1348026K(4145344K), 1.0773174 secs] [Times: user=3.54 sys=0.02, real=1.08 secs] 
20534.384: [GC 20534.384: [ParNew: 440895K->48960K(440896K), 1.3613791 secs] 1739962K->1402163K(4145344K), 1.3619010 secs] [Times: user=3.64 sys=0.02, real=1.36 secs] 
20545.358: [GC 20545.358: [ParNew: 440896K->48959K(440896K), 1.2134264 secs] 1794099K->1447922K(4145344K), 1.2139406 secs] [Times: user=3.27 sys=0.01, real=1.21 secs] 
20558.070: [GC 20558.070: [ParNew: 440895K->48960K(440896K), 1.3851461 secs] 1839858K->1498973K(4145344K), 1.3856608 secs] [Times: user=3.75 sys=0.02, real=1.39 secs] 
20570.540: [GC 20570.540: [ParNew: 440896K->48959K(440896K), 1.5937798 secs] 1890909K->1551589K(4145344K), 1.5942826 secs] [Times: user=4.02 sys=0.01, real=1.59 secs] 
20586.401: [GC 20586.401: [ParNew: 440895K->48960K(440896K), 1.4247453 secs] 1943525K->1603128K(4145344K), 1.4252349 secs] [Times: user=4.10 sys=0.03, real=1.43 secs] 
20602.064: [GC 20602.064: [ParNew: 440896K->48960K(440896K), 1.2511033 secs] 1995064K->1651459K(4145344K), 1.2515573 secs] [Times: user=3.76 sys=0.05, real=1.25 secs] 
20621.113: [GC 20621.113: [ParNew: 440896K->48960K(440896K), 1.4194746 secs] 2043395K->1703048K(4145344K), 1.4199964 secs] [Times: user=3.87 sys=0.04, real=1.42 secs] 
20640.039: [GC 20640.040: [ParNew: 440896K->48960K(440896K), 1.3131773 secs] 2094984K->1749897K(4145344K), 1.3136444 secs] [Times: user=3.73 sys=0.04, real=1.31 secs] 
20656.703: [GC 20656.703: [ParNew: 440896K->48960K(440896K), 1.4156005 secs] 2141833K->1801383K(4145344K), 1.4160991 secs] [Times: user=4.02 sys=0.04, real=1.42 secs] 
20672.979: [GC 20672.979: [ParNew: 440896K->48960K(440896K), 1.7249665 secs] 2193319K->1858535K(4145344K), 1.7255179 secs] [Times: user=4.28 sys=0.04, real=1.73 secs] 
20687.900: [GC 20687.901: [ParNew: 440896K->48960K(440896K), 1.2825083 secs] 2250471K->1906275K(4145344K), 1.2829930 secs] [Times: user=3.85 sys=0.04, real=1.28 secs] 
20700.480: [GC 20700.481: [ParNew: 440896K->48959K(440896K), 1.6187029 secs] 2298211K->1960340K(4145344K), 1.6191944 secs] [Times: user=4.17 sys=0.04, real=1.62 secs] 
20718.718: [GC 20718.718: [ParNew: 440895K->48959K(440896K), 1.4911499 secs] 2352276K->2011505K(4145344K), 1.4916680 secs] [Times: user=4.09 sys=0.04, real=1.49 secs] 
20734.424: [GC 20734.424: [ParNew: 440895K->48960K(440896K), 1.4388683 secs] 2403441K->2061958K(4145344K), 1.4393496 secs] [Times: user=3.82 sys=0.03, real=1.44 secs] 
20749.109: [GC 20749.109: [ParNew: 440896K->48960K(440896K), 1.2946429 secs] 2453894K->2111181K(4145344K), 1.2951505 secs] [Times: user=3.86 sys=0.04, real=1.30 secs] 
20767.253: [GC 20767.253: [ParNew: 440896K->48960K(440896K), 1.6975426 secs] 2503117K->2168576K(4145344K), 1.6980647 secs] [Times: user=4.19 sys=0.04, real=1.70 secs] 
20780.742: [GC 20780.742: [ParNew: 440896K->48959K(440896K), 1.2529721 secs] 2560512K->2211285K(4145344K), 1.2535065 secs] [Times: user=3.48 sys=0.03, real=1.25 secs] 
20796.287: [GC 20796.287: [ParNew: 440895K->48960K(440896K), 1.3717959 secs] 2603221K->2262173K(4145344K), 1.3722990 secs] [Times: user=3.92 sys=0.05, real=1.37 secs] 
20807.651: [GC 20807.651: [ParNew: 440896K->48960K(440896K), 1.4087685 secs] 2654109K->2316962K(4145344K), 1.4092713 secs] [Times: user=4.15 sys=0.04, real=1.41 secs] 
20819.670: [GC 20819.670: [ParNew: 440896K->48960K(440896K), 1.5340694 secs] 2708898K->2370893K(4145344K), 1.5345928 secs] [Times: user=4.05 sys=0.05, real=1.53 secs] 
20830.911: [GC 20830.921: [ParNew: 440896K->48960K(440896K), 1.6612053 secs] 2762829K->2422097K(4145344K), 1.6616754 secs] [Times: user=4.12 sys=0.04, real=1.67 secs] 
20845.583: [GC 20845.583: [ParNew: 440896K->48960K(440896K), 1.3010790 secs] 2814033K->2472713K(4145344K), 1.3015840 secs] [Times: user=3.89 sys=0.04, real=1.30 secs] 
20861.016: [GC 20861.016: [ParNew: 440896K->48959K(440896K), 1.3845104 secs] 2864649K->2523496K(4145344K), 1.3850171 secs] [Times: user=3.84 sys=0.03, real=1.39 secs] 
20876.920: [GC 20876.920: [ParNew: 440895K->48959K(440896K), 0.9815656 secs] 2915432K->2563686K(4145344K), 0.9820728 secs] [Times: user=3.38 sys=0.05, real=0.98 secs] 
20895.212: [GC 20895.212: [ParNew: 440895K->48960K(440896K), 1.6002740 secs] 2955622K->2618948K(4145344K), 1.6007899 secs] [Times: user=4.11 sys=0.06, real=1.60 secs] 
20910.906: [GC 20910.907: [ParNew: 440896K->48960K(440896K), 1.3189536 secs] 3010884K->2669682K(4145344K), 1.3194740 secs] [Times: user=4.01 sys=0.05, real=1.32 secs] 
20928.101: [GC 20928.101: [ParNew: 440896K->48960K(440896K), 1.5623973 secs] 3061618K->2724428K(4145344K), 1.5628779 secs] [Times: user=3.99 sys=0.04, real=1.56 secs] 
20946.620: [GC 20946.621: [ParNew: 440896K->48960K(440896K), 1.2928478 secs] 3116364K->2769026K(4145344K), 1.2933607 secs] [Times: user=3.80 sys=0.05, real=1.29 secs] 
20964.014: [GC 20964.014: [ParNew: 440896K->48960K(440896K), 1.4714493 secs] 3160962K->2822546K(4145344K), 1.4719063 secs] [Times: user=3.95 sys=0.06, real=1.47 secs] 
20976.492: [GC 20976.492: [ParNew: 440896K->48960K(440896K), 1.5602765 secs] 3214482K->2875100K(4145344K), 1.5608016 secs] [Times: user=3.95 sys=0.04, real=1.56 secs] 
20996.699: [GC 20996.699: [ParNew: 440896K->48960K(440896K), 1.2996195 secs] 3267036K->2922114K(4145344K), 1.3000935 secs] [Times: user=3.73 sys=0.05, real=1.30 secs] 
21009.570: [GC 21009.570: [ParNew: 440896K->48959K(440896K), 1.7375031 secs] 3314050K->2979889K(4145344K), 1.7379965 secs] [Times: user=4.26 sys=0.05, real=1.74 secs] 
21029.100: [GC 21029.101: [ParNew: 440895K->48960K(440896K), 1.1324394 secs] 3371825K->3025320K(4145344K), 1.1329657 secs] [Times: user=3.76 sys=0.05, real=1.13 secs] 
21045.155: [GC 21045.155: [ParNew: 440896K->48960K(440896K), 1.4579882 secs] 3417256K->3076458K(4145344K), 1.4585250 secs] [Times: user=3.97 sys=0.05, real=1.46 secs] 
21056.497: [GC 21056.497: [ParNew: 440896K->48959K(440896K), 1.6971174 secs] 3468394K->3133478K(4145344K), 1.6976498 secs] [Times: user=4.35 sys=0.06, real=1.70 secs] 
21067.649: [GC 21067.649: [ParNew: 440895K->48960K(440896K), 1.4440654 secs] 3525414K->3184150K(4145344K), 1.4445946 secs] [Times: user=3.82 sys=0.03, real=1.44 secs] 
21084.965: [GC 21084.965: [ParNew: 440896K->48959K(440896K), 1.3984482 secs] 3576086K->3233638K(4145344K), 1.3989527 secs] [Times: user=3.73 sys=0.03, real=1.40 secs] 
21101.746: [GC 21101.746: [ParNew: 440895K->48959K(440896K), 1.5281903 secs] 3625574K->3286349K(4145344K), 1.5286878 secs] [Times: user=3.82 sys=0.03, real=1.53 secs] 
21120.601: [GC 21120.601: [ParNew: 440895K->48960K(440896K), 1.3467565 secs] 3678285K->3333285K(4145344K), 1.3472952 secs] [Times: user=3.74 sys=0.03, real=1.35 secs] 
21149.036: [GC 21149.036: [ParNew: 440896K->48960K(440896K), 1.0225401 secs] 3725221K->3376946K(4145344K), 1.0230268 secs] [Times: user=3.54 sys=0.04, real=1.02 secs] 
21166.416: [GC 21166.416: [ParNew: 440896K->48959K(440896K), 1.3973926 secs] 3768882K->3426104K(4145344K), 1.3978711 secs] [Times: user=3.82 sys=0.04, real=1.40 secs] 
21167.819: [GC [1 CMS-initial-mark: 3377144K(3704448K)] 3427197K(4145344K), 0.4972925 secs] [Times: user=0.49 sys=0.00, real=0.50 secs] 
21168.316: [CMS-concurrent-mark-start]
21169.238: [CMS-concurrent-mark: 0.922/0.922 secs] [Times: user=6.63 sys=0.05, real=0.92 secs] 
21169.239: [CMS-concurrent-preclean-start]
21169.375: [CMS-concurrent-preclean: 0.135/0.136 secs] [Times: user=0.28 sys=0.00, real=0.14 secs] 
21169.375: [CMS-concurrent-abortable-preclean-start]
 CMS: abort preclean due to time 21174.475: [CMS-concurrent-abortable-preclean: 5.095/5.099 secs] [Times: user=8.97 sys=0.19, real=5.10 secs] 
21174.480: [GC[YG occupancy: 180483 K (440896 K)]21174.480: [Rescan (non-parallel) 21174.480: [grey object rescan, 0.1019194 secs]21174.582: [root rescan, 1.5559870 secs], 1.6581896 secs]21176.138: [weak refs processing, 3.6282027 secs] [1 CMS-remark: 3377144K(3704448K)] 3557627K(4145344K), 5.2883510 secs] [Times: user=5.29 sys=0.00, real=5.29 secs] 
21179.769: [CMS-concurrent-sweep-start]
21181.666: [GC 21181.667: [ParNew: 440895K->48959K(440896K), 1.4894293 secs] 3721290K->3386010K(4145344K), 1.4899751 secs] [Times: user=4.07 sys=0.03, real=1.49 secs] 
21186.623: [GC 21186.623: [ParNew: 440895K->48959K(440896K), 1.4857691 secs] 3539215K->3205694K(4145344K), 1.4863052 secs] [Times: user=4.09 sys=0.02, real=1.49 secs] 
21198.055: [GC 21198.056: [ParNew: 440895K->48960K(440896K), 1.2542110 secs] 3084740K->2745659K(4145344K), 1.2546910 secs] [Times: user=3.82 sys=0.02, real=1.25 secs] 
21208.955: [GC 21208.955: [ParNew: 440896K->48960K(440896K), 1.3663215 secs] 2673663K->2331822K(4145344K), 1.3668032 secs] [Times: user=3.46 sys=0.01, real=1.37 secs] 
21225.031: [GC 21225.031: [ParNew: 440896K->48960K(440896K), 1.2860095 secs] 2058538K->1710753K(4145344K), 1.2864948 secs] [Times: user=3.44 sys=0.01, real=1.29 secs] 
21237.446: [GC 21237.446: [ParNew: 440896K->48959K(440896K), 1.4183227 secs] 1630482K->1289328K(4145344K), 1.4188016 secs] [Times: user=3.88 sys=0.01, real=1.42 secs] 
21244.676: [CMS-concurrent-sweep: 56.484/64.907 secs] [Times: user=180.64 sys=3.16, real=64.91 secs] 
21244.676: [CMS-concurrent-reset-start]
21244.705: [CMS-concurrent-reset: 0.029/0.029 secs] [Times: user=0.07 sys=0.00, real=0.03 secs] 
21248.039: [GC 21248.039: [ParNew: 440895K->48959K(440896K), 1.1420373 secs] 1458117K->1114071K(4145344K), 1.1425834 secs] [Times: user=3.36 sys=0.01, real=1.14 secs] 
21259.489: [GC 21259.489: [ParNew: 440895K->48960K(440896K), 1.3814079 secs] 1506007K->1167633K(4145344K), 1.3819666 secs] [Times: user=3.63 sys=0.02, real=1.38 secs] 
21270.808: [GC 21270.809: [ParNew: 440896K->48959K(440896K), 1.2976804 secs] 1559569K->1216753K(4145344K), 1.2981953 secs] [Times: user=3.60 sys=0.01, real=1.30 secs] 
21280.318: [GC 21280.318: [ParNew: 440895K->48960K(440896K), 1.4913671 secs] 1608689K->1274027K(4145344K), 1.4919037 secs] [Times: user=3.79 sys=0.02, real=1.49 secs] 
21287.549: [GC 21287.549: [ParNew: 440896K->48960K(440896K), 1.4119903 secs] 1665963K->1329177K(4145344K), 1.4125308 secs] [Times: user=3.74 sys=0.01, real=1.41 secs] 
21300.241: [GC 21300.241: [ParNew: 440896K->48960K(440896K), 1.2666476 secs] 1721113K->1377735K(4145344K), 1.2671948 secs] [Times: user=3.43 sys=0.01, real=1.27 secs] 
21309.985: [GC 21309.985: [ParNew: 440896K->48960K(440896K), 1.5393098 secs] 1769671K->1414109K(4145344K), 1.5398288 secs] [Times: user=3.23 sys=0.01, real=1.54 secs] 
21319.895: [GC 21319.895: [ParNew: 440896K->48960K(440896K), 1.8018244 secs] 1806045K->1471184K(4145344K), 1.8023901 secs] [Times: user=4.65 sys=0.02, real=1.80 secs] 
21331.385: [GC 21331.385: [ParNew: 440877K->48960K(440896K), 1.2995816 secs] 1863102K->1520161K(4145344K), 1.3000863 secs] [Times: user=3.80 sys=0.03, real=1.30 secs] 
21344.294: [GC 21344.294: [ParNew: 440896K->48959K(440896K), 1.8092914 secs] 1912097K->1578136K(4145344K), 1.8098516 secs] [Times: user=4.28 sys=0.04, real=1.81 secs] 
21354.344: [GC 21354.344: [ParNew: 440895K->48960K(440896K), 1.3463100 secs] 1970072K->1626387K(4145344K), 1.3468901 secs] [Times: user=3.94 sys=0.04, real=1.35 secs] 
21368.854: [GC 21368.854: [ParNew: 440896K->48960K(440896K), 1.4484483 secs] 2018323K->1680749K(4145344K), 1.4489819 secs] [Times: user=4.00 sys=0.04, real=1.45 secs] 
21380.979: [GC 21380.980: [ParNew: 440896K->48959K(440896K), 1.2017953 secs] 2072685K->1727025K(4145344K), 1.2023346 secs] [Times: user=3.61 sys=0.04, real=1.20 secs] 
21399.329: [GC 21399.329: [ParNew: 440895K->48960K(440896K), 1.5140027 secs] 2118961K->1780052K(4145344K), 1.5144737 secs] [Times: user=3.89 sys=0.04, real=1.51 secs] 
21414.922: [GC 21414.922: [ParNew: 440896K->48959K(440896K), 1.5726040 secs] 2171988K->1829696K(4145344K), 1.5890647 secs] [Times: user=3.87 sys=0.03, real=1.59 secs] 
21437.052: [GC 21437.052: [ParNew: 440895K->48959K(440896K), 1.1629190 secs] 2221632K->1876848K(4145344K), 1.1634289 secs] [Times: user=3.68 sys=0.04, real=1.16 secs] 
21456.492: [GC 21456.492: [ParNew: 440895K->48960K(440896K), 1.5784202 secs] 2268784K->1930355K(4145344K), 1.5789192 secs] [Times: user=3.94 sys=0.04, real=1.58 secs] 
21476.410: [GC 21476.410: [ParNew: 440896K->48959K(440896K), 1.3396901 secs] 2322291K->1978005K(4145344K), 1.3402631 secs] [Times: user=3.80 sys=0.04, real=1.34 secs] 
21498.478: [GC 21498.478: [ParNew: 440895K->48959K(440896K), 1.4934810 secs] 2369941K->2032006K(4145344K), 1.4940023 secs] [Times: user=4.08 sys=0.04, real=1.49 secs] 
21517.971: [GC 21517.971: [ParNew: 440895K->48960K(440896K), 1.4321055 secs] 2423942K->2082079K(4145344K), 1.4326099 secs] [Times: user=3.88 sys=0.04, real=1.43 secs] 
21533.352: [GC 21533.352: [ParNew: 440892K->48960K(440896K), 1.2564849 secs] 2474011K->2127662K(4145344K), 1.2570218 secs] [Times: user=3.76 sys=0.04, real=1.26 secs] 
21549.575: [GC 21549.575: [ParNew: 440896K->48960K(440896K), 1.6023597 secs] 2519598K->2183585K(4145344K), 1.6028750 secs] [Times: user=4.08 sys=0.04, real=1.60 secs] 
21558.318: [GC 21558.318: [ParNew: 440777K->48959K(440896K), 1.2970156 secs] 2575402K->2234402K(4145344K), 1.2975303 secs] [Times: user=3.92 sys=0.04, real=1.30 secs] 
21572.342: [GC 21572.342: [ParNew: 440895K->48960K(440896K), 1.8658555 secs] 2626338K->2293888K(4145344K), 1.8663456 secs] [Times: user=4.30 sys=0.04, real=1.87 secs] 
21582.704: [GC 21582.704: [ParNew: 440896K->48959K(440896K), 1.1168447 secs] 2685824K->2337497K(4145344K), 1.1173451 secs] [Times: user=3.66 sys=0.03, real=1.12 secs] 
21592.386: [GC 21592.386: [ParNew: 440895K->48959K(440896K), 1.5316937 secs] 2729433K->2396026K(4145344K), 1.5322025 secs] [Times: user=4.25 sys=0.05, real=1.53 secs] 
21610.284: [GC 21610.285: [ParNew: 440895K->48960K(440896K), 1.5417756 secs] 2787962K->2451242K(4145344K), 1.5422836 secs] [Times: user=4.04 sys=0.04, real=1.54 secs] 
21620.716: [GC 21620.716: [ParNew: 440896K->48960K(440896K), 1.5842815 secs] 2843178K->2500539K(4145344K), 1.5847915 secs] [Times: user=3.74 sys=0.04, real=1.59 secs] 
21631.677: [GC 21631.677: [ParNew: 440896K->48959K(440896K), 1.3585986 secs] 2892475K->2549457K(4145344K), 1.3591432 secs] [Times: user=3.85 sys=0.04, real=1.36 secs] 
21645.088: [GC 21645.088: [ParNew: 440873K->48960K(440896K), 1.4605590 secs] 2941371K->2601906K(4145344K), 1.4610933 secs] [Times: user=3.95 sys=0.04, real=1.46 secs] 
21653.392: [GC 21653.392: [ParNew: 440800K->48960K(440896K), 1.6653324 secs] 2993747K->2656655K(4145344K), 1.6659159 secs] [Times: user=4.37 sys=0.06, real=1.67 secs] 
21666.178: [GC 21666.178: [ParNew: 440896K->48960K(440896K), 1.3563080 secs] 3048591K->2705061K(4145344K), 1.3568459 secs] [Times: user=3.77 sys=0.05, real=1.36 secs] 
21683.238: [GC 21683.238: [ParNew: 440896K->48960K(440896K), 1.9977904 secs] 3096997K->2765614K(4145344K), 1.9983088 secs] [Times: user=4.51 sys=0.06, real=2.00 secs] 
21697.732: [GC 21697.733: [ParNew: 440896K->48959K(440896K), 1.2070402 secs] 3157550K->2811480K(4145344K), 1.2075464 secs] [Times: user=3.64 sys=0.04, real=1.21 secs] 
21709.999: [GC 21709.999: [ParNew: 440895K->48960K(440896K), 1.8066214 secs] 3203416K->2869786K(4145344K), 1.8071142 secs] [Times: user=4.35 sys=0.06, real=1.81 secs] 
21722.566: [GC 21722.567: [ParNew: 440896K->48960K(440896K), 1.6163718 secs] 3261722K->2922184K(4145344K), 1.6169627 secs] [Times: user=4.20 sys=0.05, real=1.62 secs] 
21740.568: [GC 21740.568: [ParNew: 440896K->48960K(440896K), 1.6865924 secs] 3314120K->2976447K(4145344K), 1.6870714 secs] [Times: user=4.13 sys=0.05, real=1.69 secs] 
21754.439: [GC 21754.439: [ParNew: 440896K->48960K(440896K), 1.2587853 secs] 3368383K->3023964K(4145344K), 1.2593188 secs] [Times: user=3.75 sys=0.06, real=1.26 secs] 
21767.250: [GC 21767.250: [ParNew: 440883K->48960K(440896K), 1.7765095 secs] 3415887K->3082085K(4145344K), 1.7769829 secs] [Times: user=4.22 sys=0.06, real=1.78 secs] 
21780.524: [GC 21780.524: [ParNew: 440896K->48960K(440896K), 1.0260707 secs] 3474021K->3124623K(4145344K), 1.0265712 secs] [Times: user=3.53 sys=0.04, real=1.03 secs] 
21789.613: [GC 21789.613: [ParNew: 440896K->48959K(440896K), 1.5045872 secs] 3516559K->3169463K(4145344K), 1.5051255 secs] [Times: user=3.53 sys=0.03, real=1.51 secs] 
21798.181: [GC 21798.181: [ParNew: 440895K->48960K(440896K), 1.6127097 secs] 3561399K->3223223K(4145344K), 1.6132266 secs] [Times: user=3.96 sys=0.04, real=1.61 secs] 
21799.799: [GC [1 CMS-initial-mark: 3174263K(3704448K)] 3223568K(4145344K), 0.4377949 secs] [Times: user=0.44 sys=0.00, real=0.44 secs] 
21800.238: [CMS-concurrent-mark-start]
21801.295: [CMS-concurrent-mark: 1.052/1.057 secs] [Times: user=10.04 sys=0.16, real=1.06 secs] 
21801.295: [CMS-concurrent-preclean-start]
21801.435: [CMS-concurrent-preclean: 0.138/0.140 secs] [Times: user=0.37 sys=0.01, real=0.14 secs] 
21801.436: [CMS-concurrent-abortable-preclean-start]
21806.231: [GC 21806.231: [ParNew: 440787K->48959K(440896K), 1.4008314 secs] 3615050K->3269972K(4145344K), 1.4013327 secs] [Times: user=3.97 sys=0.03, real=1.40 secs] 
 CMS: abort preclean due to time 21808.874: [CMS-concurrent-abortable-preclean: 5.991/7.439 secs] [Times: user=25.01 sys=0.45, real=7.44 secs] 
21808.879: [GC[YG occupancy: 115083 K (440896 K)]21808.880: [Rescan (non-parallel) 21808.880: [grey object rescan, 0.1028597 secs]21808.983: [root rescan, 1.0607560 secs], 1.1639092 secs]21810.044: [weak refs processing, 3.4465576 secs] [1 CMS-remark: 3221012K(3704448K)] 3336095K(4145344K), 4.6126021 secs] [Times: user=4.62 sys=0.00, real=4.61 secs] 
21813.493: [CMS-concurrent-sweep-start]
21822.454: [GC 21822.455: [ParNew: 440895K->48959K(440896K), 1.2230718 secs] 3186859K->2844286K(4145344K), 1.2235999 secs] [Times: user=3.68 sys=0.01, real=1.22 secs] 
21834.725: [GC 21834.725: [ParNew: 440895K->48959K(440896K), 1.4961982 secs] 2748876K->2410877K(4145344K), 1.4967132 secs] [Times: user=3.91 sys=0.02, real=1.50 secs] 
21845.852: [GC 21845.852: [ParNew: 440895K->48960K(440896K), 1.2341375 secs] 2377582K->2038705K(4145344K), 1.2346357 secs] [Times: user=3.68 sys=0.01, real=1.23 secs] 
21858.894: [GC 21858.894: [ParNew: 440896K->48960K(440896K), 1.4221155 secs] 1945847K->1609096K(4145344K), 1.4226118 secs] [Times: user=3.85 sys=0.01, real=1.42 secs] 
21869.165: [GC 21869.165: [ParNew: 440896K->48960K(440896K), 1.5264201 secs] 1624136K->1290425K(4145344K), 1.5269382 secs] [Times: user=3.89 sys=0.01, real=1.53 secs] 
21875.450: [CMS-concurrent-sweep: 54.990/61.958 secs] [Times: user=157.40 sys=2.66, real=61.96 secs] 
21875.451: [CMS-concurrent-reset-start]
21875.480: [CMS-concurrent-reset: 0.029/0.029 secs] [Times: user=0.02 sys=0.00, real=0.03 secs] 
21885.881: [GC 21885.882: [ParNew: 440896K->48959K(440896K), 1.2463192 secs] 1467468K->1119379K(4145344K), 1.2468308 secs] [Times: user=3.28 sys=0.01, real=1.25 secs] 
21897.970: [GC 21897.970: [ParNew: 440895K->48959K(440896K), 1.4422745 secs] 1511315K->1173177K(4145344K), 1.4427568 secs] [Times: user=3.70 sys=0.01, real=1.44 secs] 
21924.742: [GC 21924.742: [ParNew: 440894K->48960K(440896K), 1.3003362 secs] 1565111K->1223471K(4145344K), 1.3008485 secs] [Times: user=3.48 sys=0.01, real=1.30 secs] 
21950.484: [GC 21950.484: [ParNew: 440896K->48960K(440896K), 1.0877536 secs] 1615407K->1266995K(4145344K), 1.0882639 secs] [Times: user=3.18 sys=0.01, real=1.09 secs] 
21968.343: [GC 21968.343: [ParNew: 440896K->48959K(440896K), 1.4739059 secs] 1658931K->1321948K(4145344K), 1.4744100 secs] [Times: user=3.60 sys=0.01, real=1.47 secs] 
21986.777: [GC 21986.777: [ParNew: 440895K->48959K(440896K), 1.2718330 secs] 1713884K->1370769K(4145344K), 1.2723642 secs] [Times: user=3.37 sys=0.01, real=1.27 secs] 
22003.667: [GC 22003.667: [ParNew: 440895K->48960K(440896K), 1.7168201 secs] 1762705K->1421980K(4145344K), 1.7173131 secs] [Times: user=4.21 sys=0.01, real=1.72 secs] 
22016.931: [GC 22016.931: [ParNew: 440896K->48960K(440896K), 1.4770478 secs] 1813916K->1474626K(4145344K), 1.4775480 secs] [Times: user=4.59 sys=0.02, real=1.48 secs] 
22035.849: [GC 22035.849: [ParNew: 440896K->48959K(440896K), 1.3462808 secs] 1866562K->1525355K(4145344K), 1.3467948 secs] [Times: user=3.93 sys=0.05, real=1.35 secs] 
22046.958: [GC 22046.958: [ParNew: 440895K->48960K(440896K), 1.5191910 secs] 1917291K->1578051K(4145344K), 1.5197181 secs] [Times: user=3.92 sys=0.05, real=1.52 secs] 
22059.599: [GC 22059.600: [ParNew: 440896K->48960K(440896K), 1.5630273 secs] 1969987K->1631676K(4145344K), 1.5635391 secs] [Times: user=4.18 sys=0.05, real=1.56 secs] 
22071.069: [GC 22071.069: [ParNew: 440896K->48959K(440896K), 1.1662812 secs] 2023612K->1678015K(4145344K), 1.1668593 secs] [Times: user=3.70 sys=0.06, real=1.17 secs] 
22085.267: [GC 22085.267: [ParNew: 440886K->48959K(440896K), 1.2567714 secs] 2069941K->1725178K(4145344K), 1.2573402 secs] [Times: user=3.76 sys=0.05, real=1.26 secs] 
22097.972: [GC 22097.972: [ParNew: 440895K->48960K(440896K), 1.4988563 secs] 2117114K->1778668K(4145344K), 1.4993738 secs] [Times: user=4.03 sys=0.06, real=1.50 secs] 
22110.771: [GC 22110.772: [ParNew: 440896K->48960K(440896K), 1.3846292 secs] 2170604K->1829098K(4145344K), 1.3851255 secs] [Times: user=3.81 sys=0.04, real=1.39 secs] 
22122.794: [GC 22122.794: [ParNew: 440858K->48960K(440896K), 1.5044730 secs] 2220996K->1879278K(4145344K), 1.5050106 secs] [Times: user=3.93 sys=0.05, real=1.51 secs] 
22139.843: [GC 22139.843: [ParNew: 440896K->48960K(440896K), 1.7031089 secs] 2271214K->1927242K(4145344K), 1.7036856 secs] [Times: user=4.41 sys=0.05, real=1.70 secs] 
22160.895: [GC 22160.895: [ParNew: 440896K->48960K(440896K), 1.5334629 secs] 2319178K->1979761K(4145344K), 1.5339694 secs] [Times: user=3.89 sys=0.05, real=1.53 secs] 
22176.864: [GC 22176.864: [ParNew: 440896K->48960K(440896K), 1.6776577 secs] 2371697K->2034259K(4145344K), 1.6782746 secs] [Times: user=4.07 sys=0.05, real=1.68 secs] 
22188.717: [GC 22188.717: [ParNew: 440896K->48960K(440896K), 1.4975956 secs] 2426195K->2086201K(4145344K), 1.4980610 secs] [Times: user=4.02 sys=0.04, real=1.50 secs] 
22201.117: [GC 22201.117: [ParNew: 440896K->48960K(440896K), 1.5216591 secs] 2478137K->2140938K(4145344K), 1.5221768 secs] [Times: user=4.22 sys=0.05, real=1.52 secs] 
22213.536: [GC 22213.536: [ParNew: 440896K->48960K(440896K), 1.3894474 secs] 2532874K->2192938K(4145344K), 1.3899556 secs] [Times: user=4.02 sys=0.04, real=1.39 secs] 
22230.100: [GC 22230.100: [ParNew: 440896K->48960K(440896K), 1.5024902 secs] 2584874K->2245571K(4145344K), 1.5029894 secs] [Times: user=3.95 sys=0.05, real=1.50 secs] 
22242.548: [GC 22242.549: [ParNew: 440896K->48960K(440896K), 1.5732838 secs] 2637507K->2297706K(4145344K), 1.5737987 secs] [Times: user=3.95 sys=0.05, real=1.57 secs] 
22256.028: [GC 22256.029: [ParNew: 440896K->48960K(440896K), 1.8277856 secs] 2689642K->2353417K(4145344K), 1.8283322 secs] [Times: user=4.44 sys=0.06, real=1.83 secs] 
22280.372: [GC 22280.372: [ParNew: 440896K->48959K(440896K), 1.4733638 secs] 2745353K->2400921K(4145344K), 1.4738577 secs] [Times: user=3.84 sys=0.05, real=1.47 secs] 
22301.061: [GC 22301.061: [ParNew: 440895K->48959K(440896K), 1.6755793 secs] 2792857K->2456820K(4145344K), 1.6760887 secs] [Times: user=4.13 sys=0.06, real=1.68 secs] 
22313.998: [GC 22313.999: [ParNew: 440895K->48960K(440896K), 1.6080560 secs] 2848756K->2511426K(4145344K), 1.6085956 secs] [Times: user=4.22 sys=0.05, real=1.61 secs] 
22330.663: [GC 22330.664: [ParNew: 440896K->48959K(440896K), 1.4672263 secs] 2903362K->2563926K(4145344K), 1.4677416 secs] [Times: user=4.09 sys=0.05, real=1.47 secs] 
22358.487: [GC 22358.488: [ParNew: 440895K->48959K(440896K), 1.7106692 secs] 2955862K->2619024K(4145344K), 1.7111584 secs] [Times: user=4.14 sys=0.04, real=1.71 secs] 
22375.949: [GC 22375.949: [ParNew: 440895K->48960K(440896K), 1.2961234 secs] 3010960K->2665089K(4145344K), 1.2966559 secs] [Times: user=3.71 sys=0.05, real=1.30 secs] 
22402.274: [GC 22402.275: [ParNew: 440896K->48959K(440896K), 1.4314910 secs] 3057025K->2716864K(4145344K), 1.4319705 secs] [Times: user=3.95 sys=0.06, real=1.43 secs] 
22427.579: [GC 22427.579: [ParNew: 440895K->48960K(440896K), 1.3633717 secs] 3108800K->2766679K(4145344K), 1.3638750 secs] [Times: user=3.91 sys=0.06, real=1.36 secs] 
22448.815: [GC 22448.815: [ParNew: 440896K->48960K(440896K), 1.4926070 secs] 3158615K->2817415K(4145344K), 1.4931221 secs] [Times: user=3.93 sys=0.07, real=1.49 secs] 
22463.326: [GC 22463.326: [ParNew: 440896K->48960K(440896K), 1.4539376 secs] 3209351K->2868804K(4145344K), 1.4544474 secs] [Times: user=3.86 sys=0.06, real=1.45 secs] 
22482.716: [GC 22482.717: [ParNew: 440896K->48960K(440896K), 1.4733296 secs] 3260740K->2920700K(4145344K), 1.4738570 secs] [Times: user=3.97 sys=0.05, real=1.47 secs] 
22498.128: [GC 22498.128: [ParNew: 440896K->48960K(440896K), 1.4511667 secs] 3312636K->2970576K(4145344K), 1.4516803 secs] [Times: user=3.75 sys=0.06, real=1.45 secs] 
22512.294: [GC 22512.294: [ParNew: 440896K->48960K(440896K), 1.3139481 secs] 3362512K->3017216K(4145344K), 1.3144719 secs] [Times: user=3.58 sys=0.06, real=1.31 secs] 
22532.702: [GC 22532.702: [ParNew: 440896K->48960K(440896K), 1.5847667 secs] 3409152K->3071540K(4145344K), 1.5852764 secs] [Times: user=4.01 sys=0.06, real=1.59 secs] 
22552.501: [GC 22552.502: [ParNew: 440896K->48960K(440896K), 1.2423193 secs] 3463476K->3119686K(4145344K), 1.2428365 secs] [Times: user=3.74 sys=0.04, real=1.24 secs] 
22572.303: [GC 22572.304: [ParNew: 440896K->48960K(440896K), 1.5165482 secs] 3511622K->3172462K(4145344K), 1.5170898 secs] [Times: user=3.99 sys=0.05, real=1.52 secs] 
22588.689: [GC 22588.690: [ParNew: 440896K->48960K(440896K), 1.8017833 secs] 3564398K->3229216K(4145344K), 1.8022664 secs] [Times: user=4.38 sys=0.06, real=1.80 secs] 
22603.401: [GC 22603.401: [ParNew: 440896K->48959K(440896K), 1.3510608 secs] 3621152K->3281203K(4145344K), 1.3515439 secs] [Times: user=4.05 sys=0.04, real=1.35 secs] 
22616.291: [GC 22616.291: [ParNew: 440895K->48960K(440896K), 1.4519917 secs] 3673139K->3334480K(4145344K), 1.4524939 secs] [Times: user=3.99 sys=0.04, real=1.45 secs] 
22617.749: [GC [1 CMS-initial-mark: 3285520K(3704448K)] 3334889K(4145344K), 0.4542371 secs] [Times: user=0.45 sys=0.00, real=0.45 secs] 
22618.204: [CMS-concurrent-mark-start]
22619.178: [CMS-concurrent-mark: 0.974/0.974 secs] [Times: user=8.47 sys=0.09, real=0.97 secs] 
22619.178: [CMS-concurrent-preclean-start]
22619.304: [CMS-concurrent-preclean: 0.125/0.126 secs] [Times: user=0.29 sys=0.00, real=0.13 secs] 
22619.305: [CMS-concurrent-abortable-preclean-start]
 CMS: abort preclean due to time 22624.575: [CMS-concurrent-abortable-preclean: 5.256/5.270 secs] [Times: user=10.90 sys=0.19, real=5.27 secs] 
22624.580: [GC[YG occupancy: 262522 K (440896 K)]22624.580: [Rescan (non-parallel) 22624.580: [grey object rescan, 0.1015557 secs]22624.682: [root rescan, 2.2056287 secs], 2.3074595 secs]22626.888: [weak refs processing, 3.2303100 secs] [1 CMS-remark: 3285520K(3704448K)] 3548042K(4145344K), 5.5396951 secs] [Times: user=5.54 sys=0.00, real=5.54 secs] 
22630.120: [CMS-concurrent-sweep-start]
22633.354: [GC 22633.355: [ParNew: 440896K->48959K(440896K), 1.2541648 secs] 3530039K->3187643K(4145344K), 1.2546802 secs] [Times: user=3.62 sys=0.01, real=1.25 secs] 
22656.479: [GC 22656.479: [ParNew: 440895K->48959K(440896K), 1.2930952 secs] 2416863K->2074302K(4145344K), 1.2936060 secs] [Times: user=3.58 sys=0.01, real=1.29 secs] 
22670.679: [GC 22670.679: [ParNew: 440838K->48960K(440896K), 1.2392008 secs] 1854336K->1509819K(4145344K), 1.2396960 secs] [Times: user=3.49 sys=0.01, real=1.24 secs] 
22685.775: [CMS-concurrent-sweep: 51.835/55.655 secs] [Times: user=118.64 sys=1.95, real=55.65 secs] 
22685.776: [CMS-concurrent-reset-start]
22685.805: [CMS-concurrent-reset: 0.029/0.029 secs] [Times: user=0.10 sys=0.01, real=0.03 secs] 
22687.664: [GC 22687.664: [ParNew: 440873K->48960K(440896K), 1.5788254 secs] 1253359K->917378K(4145344K), 1.5793512 secs] [Times: user=3.70 sys=0.02, real=1.58 secs] 
22700.059: [GC 22700.060: [ParNew: 440896K->48960K(440896K), 1.5051280 secs] 1309314K->974465K(4145344K), 1.5056021 secs] [Times: user=3.83 sys=0.02, real=1.51 secs] 
22719.526: [GC 22719.543: [ParNew: 440896K->48960K(440896K), 1.4995346 secs] 1366401K->1028117K(4145344K), 1.5000876 secs] [Times: user=3.69 sys=0.01, real=1.52 secs] 
22739.005: [GC 22739.006: [ParNew: 440896K->48960K(440896K), 1.3188356 secs] 1420053K->1078725K(4145344K), 1.3193459 secs] [Times: user=3.61 sys=0.01, real=1.32 secs] 
22757.156: [GC 22757.157: [ParNew: 440896K->48960K(440896K), 1.4732143 secs] 1470661K->1125901K(4145344K), 1.4736971 secs] [Times: user=3.58 sys=0.01, real=1.47 secs] 
22768.443: [GC 22768.443: [ParNew: 440896K->48960K(440896K), 1.6269674 secs] 1517837K->1180940K(4145344K), 1.6274653 secs] [Times: user=4.52 sys=0.01, real=1.63 secs] 
22780.032: [GC 22780.033: [ParNew: 440896K->48959K(440896K), 1.6369459 secs] 1572876K->1237750K(4145344K), 1.6374433 secs] [Times: user=4.37 sys=0.03, real=1.64 secs] 
22790.411: [GC 22790.411: [ParNew: 440895K->48959K(440896K), 1.4571995 secs] 1629686K->1291015K(4145344K), 1.4576918 secs] [Times: user=4.01 sys=0.03, real=1.46 secs] 
22806.745: [GC 22806.745: [ParNew: 440895K->48960K(440896K), 1.7784207 secs] 1682951K->1350195K(4145344K), 1.7789165 secs] [Times: user=4.25 sys=0.05, real=1.78 secs] 
22830.265: [GC 22830.265: [ParNew: 440896K->48960K(440896K), 1.3799526 secs] 1742131K->1396252K(4145344K), 1.3804137 secs] [Times: user=3.70 sys=0.04, real=1.38 secs] 
22847.222: [GC 22847.222: [ParNew: 440896K->48959K(440896K), 1.5329585 secs] 1788188K->1448849K(4145344K), 1.5334405 secs] [Times: user=3.85 sys=0.04, real=1.53 secs] 
22859.769: [GC 22859.769: [ParNew: 440895K->48960K(440896K), 1.9215777 secs] 1840785K->1506023K(4145344K), 1.9221059 secs] [Times: user=4.36 sys=0.04, real=1.92 secs] 
22873.362: [GC 22873.362: [ParNew: 440896K->48959K(440896K), 1.2667626 secs] 1897959K->1553520K(4145344K), 1.2672750 secs] [Times: user=3.76 sys=0.03, real=1.27 secs] 
22886.710: [GC 22886.710: [ParNew: 440895K->48960K(440896K), 1.3911146 secs] 1945456K->1606466K(4145344K), 1.3915832 secs] [Times: user=3.85 sys=0.04, real=1.39 secs] 
22898.386: [GC 22898.386: [ParNew: 440896K->48960K(440896K), 1.1598942 secs] 1998402K->1653306K(4145344K), 1.1603754 secs] [Times: user=3.54 sys=0.04, real=1.16 secs] 
22907.458: [GC 22907.458: [ParNew: 440896K->48959K(440896K), 1.6567096 secs] 2045243K->1710913K(4145344K), 1.6571852 secs] [Times: user=4.09 sys=0.04, real=1.66 secs] 
22925.581: [GC 22925.582: [ParNew: 440895K->48960K(440896K), 1.6218054 secs] 2102849K->1763302K(4145344K), 1.6223211 secs] [Times: user=3.91 sys=0.03, real=1.62 secs] 
22946.629: [GC 22946.630: [ParNew: 440896K->48960K(440896K), 1.5891183 secs] 2155238K->1814129K(4145344K), 1.5896455 secs] [Times: user=3.92 sys=0.04, real=1.59 secs] 
22962.682: [GC 22962.682: [ParNew: 440896K->48959K(440896K), 1.5302457 secs] 2206065K->1867471K(4145344K), 1.5307833 secs] [Times: user=3.98 sys=0.03, real=1.53 secs] 
22979.288: [GC 22979.288: [ParNew: 440895K->48959K(440896K), 1.2388885 secs] 2259407K->1914171K(4145344K), 1.2393958 secs] [Times: user=3.69 sys=0.04, real=1.24 secs] 
22991.465: [GC 22991.465: [ParNew: 440895K->48959K(440896K), 1.5322319 secs] 2306107K->1968996K(4145344K), 1.5327229 secs] [Times: user=4.11 sys=0.04, real=1.53 secs] 
23003.071: [GC 23003.071: [ParNew: 440895K->48960K(440896K), 1.3090568 secs] 2360932K->2018671K(4145344K), 1.3095933 secs] [Times: user=3.83 sys=0.03, real=1.31 secs] 
23016.425: [GC 23016.425: [ParNew: 440896K->48959K(440896K), 1.5403791 secs] 2410607K->2072123K(4145344K), 1.5408753 secs] [Times: user=4.03 sys=0.04, real=1.54 secs] 
23032.143: [GC 23032.143: [ParNew: 440895K->48959K(440896K), 1.3362467 secs] 2464059K->2118608K(4145344K), 1.3367696 secs] [Times: user=3.71 sys=0.04, real=1.34 secs] 
23043.259: [GC 23043.260: [ParNew: 440852K->48960K(440896K), 1.2673996 secs] 2510501K->2169427K(4145344K), 1.2678962 secs] [Times: user=3.91 sys=0.05, real=1.27 secs] 
23059.333: [GC 23059.333: [ParNew: 440896K->48959K(440896K), 1.7656225 secs] 2561363K->2227096K(4145344K), 1.7661481 secs] [Times: user=4.31 sys=0.05, real=1.77 secs] 
23074.553: [GC 23074.553: [ParNew: 440895K->48960K(440896K), 1.5374656 secs] 2619032K->2277403K(4145344K), 1.5380028 secs] [Times: user=3.90 sys=0.04, real=1.54 secs] 
23097.896: [GC 23097.896: [ParNew: 440896K->48959K(440896K), 1.5325237 secs] 2669339K->2327476K(4145344K), 1.5330251 secs] [Times: user=3.98 sys=0.05, real=1.53 secs] 
23114.189: [GC 23114.189: [ParNew: 440895K->48960K(440896K), 1.4897597 secs] 2719412K->2380975K(4145344K), 1.4902659 secs] [Times: user=4.09 sys=0.04, real=1.49 secs] 
23130.645: [GC 23130.645: [ParNew: 440896K->48959K(440896K), 1.2874756 secs] 2772911K->2429347K(4145344K), 1.2879805 secs] [Times: user=3.72 sys=0.04, real=1.29 secs] 
23151.863: [GC 23151.863: [ParNew: 440895K->48960K(440896K), 1.1216459 secs] 2821283K->2473788K(4145344K), 1.1221339 secs] [Times: user=3.68 sys=0.05, real=1.12 secs] 
23164.288: [GC 23164.288: [ParNew: 440896K->48959K(440896K), 1.1681556 secs] 2865724K->2522658K(4145344K), 1.1686598 secs] [Times: user=3.72 sys=0.05, real=1.17 secs] 
23179.784: [GC 23179.785: [ParNew: 440895K->48959K(440896K), 1.7917497 secs] 2914594K->2580320K(4145344K), 1.7922306 secs] [Times: user=4.23 sys=0.06, real=1.79 secs] 
23195.312: [GC 23195.312: [ParNew: 440895K->48959K(440896K), 1.4767847 secs] 2972256K->2629108K(4145344K), 1.4772967 secs] [Times: user=3.97 sys=0.05, real=1.48 secs] 
23207.869: [GC 23207.869: [ParNew: 440895K->48960K(440896K), 1.5358764 secs] 3021044K->2684660K(4145344K), 1.5363856 secs] [Times: user=4.10 sys=0.06, real=1.54 secs] 
23222.054: [GC 23222.054: [ParNew: 440896K->48960K(440896K), 1.3351182 secs] 3076596K->2733844K(4145344K), 1.3356531 secs] [Times: user=3.79 sys=0.05, real=1.34 secs] 
23237.577: [GC 23237.577: [ParNew: 440896K->48960K(440896K), 1.3936292 secs] 3125780K->2783681K(4145344K), 1.3941383 secs] [Times: user=3.76 sys=0.05, real=1.39 secs] 
23249.031: [GC 23249.031: [ParNew: 440896K->48960K(440896K), 1.4943447 secs] 3175617K->2835810K(4145344K), 1.4948558 secs] [Times: user=4.10 sys=0.06, real=1.50 secs] 
23261.239: [GC 23261.239: [ParNew: 440896K->48959K(440896K), 1.4984502 secs] 3227746K->2890835K(4145344K), 1.4989802 secs] [Times: user=4.14 sys=0.06, real=1.50 secs] 
23274.128: [GC 23274.128: [ParNew: 440895K->48960K(440896K), 1.5961079 secs] 3282771K->2943620K(4145344K), 1.5966071 secs] [Times: user=4.06 sys=0.06, real=1.60 secs] 
23284.969: [GC 23284.969: [ParNew: 440896K->48960K(440896K), 1.4609712 secs] 3335556K->2990207K(4145344K), 1.4614991 secs] [Times: user=3.80 sys=0.05, real=1.46 secs] 
23299.367: [GC 23299.367: [ParNew: 440896K->48959K(440896K), 1.5705656 secs] 3382143K->3045083K(4145344K), 1.5710776 secs] [Times: user=4.11 sys=0.05, real=1.57 secs] 
23320.486: [GC 23320.487: [ParNew: 440895K->48959K(440896K), 1.4127260 secs] 3437019K->3094037K(4145344K), 1.4132525 secs] [Times: user=3.78 sys=0.03, real=1.41 secs] 
23350.331: [GC 23350.332: [ParNew: 440895K->48960K(440896K), 1.4279009 secs] 3485973K->3143198K(4145344K), 1.4283970 secs] [Times: user=3.97 sys=0.04, real=1.43 secs] 
23370.549: [GC 23370.550: [ParNew: 440896K->48960K(440896K), 1.3699694 secs] 3535134K->3193074K(4145344K), 1.3704695 secs] [Times: user=3.78 sys=0.05, real=1.37 secs] 
23393.933: [GC 23393.934: [ParNew: 440896K->48960K(440896K), 1.5320604 secs] 3585010K->3248051K(4145344K), 1.5325448 secs] [Times: user=3.98 sys=0.04, real=1.53 secs] 
23412.974: [GC 23412.974: [ParNew: 440896K->48959K(440896K), 1.3658997 secs] 3639987K->3297237K(4145344K), 1.3663932 secs] [Times: user=3.79 sys=0.05, real=1.37 secs] 
23432.952: [GC 23432.952: [ParNew: 440895K->48959K(440896K), 1.4641373 secs] 3689173K->3349501K(4145344K), 1.4646308 secs] [Times: user=4.01 sys=0.04, real=1.46 secs] 
23443.850: [GC 23443.850: [ParNew: 440895K->48960K(440896K), 1.4474102 secs] 3741437K->3402397K(4145344K), 1.4479335 secs] [Times: user=3.95 sys=0.04, real=1.45 secs] 
23445.303: [GC [1 CMS-initial-mark: 3353437K(3704448K)] 3402774K(4145344K), 0.4955775 secs] [Times: user=0.50 sys=0.00, real=0.50 secs] 
23445.799: [CMS-concurrent-mark-start]
23446.739: [CMS-concurrent-mark: 0.940/0.940 secs] [Times: user=8.41 sys=0.09, real=0.94 secs] 
23446.739: [CMS-concurrent-preclean-start]
23446.864: [CMS-concurrent-preclean: 0.124/0.125 secs] [Times: user=0.45 sys=0.01, real=0.13 secs] 
23446.864: [CMS-concurrent-abortable-preclean-start]
 CMS: abort preclean due to time 23451.980: [CMS-concurrent-abortable-preclean: 5.096/5.115 secs] [Times: user=11.67 sys=0.20, real=5.12 secs] 
23451.985: [GC[YG occupancy: 284017 K (440896 K)]23451.997: [Rescan (non-parallel) 23451.997: [grey object rescan, 0.1010327 secs]23452.098: [root rescan, 2.4946455 secs], 2.5959718 secs]23454.593: [weak refs processing, 3.0746220 secs] [1 CMS-remark: 3353437K(3704448K)] 3637455K(4145344K), 5.6725543 secs] [Times: user=5.68 sys=0.01, real=5.69 secs] 
23457.670: [CMS-concurrent-sweep-start]
23461.783: [GC 23461.783: [ParNew: 440896K->48959K(440896K), 1.3456439 secs] 3552719K->3214592K(4145344K), 1.3461424 secs] [Times: user=3.80 sys=0.01, real=1.35 secs] 
23470.106: [GC 23470.106: [ParNew: 440855K->48960K(440896K), 1.5331174 secs] 3223570K->2886844K(4145344K), 1.5336014 secs] [Times: user=3.84 sys=0.01, real=1.53 secs] 
23487.918: [GC 23487.918: [ParNew: 440896K->48960K(440896K), 1.3422358 secs] 2478240K->2136662K(4145344K), 1.3427484 secs] [Times: user=3.65 sys=0.02, real=1.34 secs] 
23504.049: [GC 23504.049: [ParNew: 440896K->48960K(440896K), 1.3003542 secs] 1846468K->1505473K(4145344K), 1.3008329 secs] [Times: user=3.54 sys=0.02, real=1.30 secs] 
23518.168: [CMS-concurrent-sweep: 54.927/60.497 secs] [Times: user=135.31 sys=2.21, real=60.50 secs] 
23518.168: [CMS-concurrent-reset-start]
23518.197: [CMS-concurrent-reset: 0.029/0.029 secs] [Times: user=0.09 sys=0.00, real=0.03 secs] 
23521.427: [GC 23521.427: [ParNew: 440896K->48960K(440896K), 1.4877340 secs] 1296656K->958096K(4145344K), 1.4882445 secs] [Times: user=3.54 sys=0.03, real=1.49 secs] 
23534.248: [GC 23534.248: [ParNew: 440896K->48960K(440896K), 1.2299876 secs] 1350032K->1003931K(4145344K), 1.2304895 secs] [Times: user=3.45 sys=0.01, real=1.23 secs] 
23550.719: [GC 23550.719: [ParNew: 440896K->48960K(440896K), 1.2994980 secs] 1395867K->1056654K(4145344K), 1.2999961 secs] [Times: user=3.60 sys=0.02, real=1.30 secs] 
23568.250: [GC 23568.250: [ParNew: 440896K->48960K(440896K), 1.3005115 secs] 1448590K->1105854K(4145344K), 1.3010286 secs] [Times: user=3.54 sys=0.02, real=1.30 secs] 
23583.213: [GC 23583.213: [ParNew: 440896K->48960K(440896K), 1.8265259 secs] 1497790K->1163722K(4145344K), 1.8269995 secs] [Times: user=4.12 sys=0.01, real=1.83 secs] 
23598.771: [GC 23598.771: [ParNew: 440896K->48960K(440896K), 1.2592525 secs] 1555658K->1210586K(4145344K), 1.2597470 secs] [Times: user=3.90 sys=0.02, real=1.26 secs] 
23609.471: [GC 23609.471: [ParNew: 440896K->48960K(440896K), 1.5395955 secs] 1602522K->1264256K(4145344K), 1.5400824 secs] [Times: user=3.92 sys=0.04, real=1.54 secs] 
23622.501: [GC 23622.501: [ParNew: 440896K->48959K(440896K), 1.3695658 secs] 1656192K->1311924K(4145344K), 1.3700824 secs] [Times: user=3.88 sys=0.05, real=1.37 secs] 
23643.840: [GC 23643.841: [ParNew: 440895K->48960K(440896K), 1.6206868 secs] 1703860K->1369232K(4145344K), 1.6212192 secs] [Times: user=4.14 sys=0.04, real=1.62 secs] 
23657.479: [GC 23657.479: [ParNew: 440896K->48960K(440896K), 1.6171433 secs] 1761168K->1422960K(4145344K), 1.6176624 secs] [Times: user=4.14 sys=0.04, real=1.62 secs] 
23677.759: [GC 23677.760: [ParNew: 440896K->48960K(440896K), 1.3031487 secs] 1814896K->1471313K(4145344K), 1.3036347 secs] [Times: user=3.70 sys=0.04, real=1.30 secs] 
23690.232: [GC 23690.232: [ParNew: 440896K->48960K(440896K), 1.7493179 secs] 1863249K->1528372K(4145344K), 1.7498141 secs] [Times: user=4.13 sys=0.05, real=1.75 secs] 
23705.240: [GC 23705.241: [ParNew: 440896K->48959K(440896K), 1.4604496 secs] 1920308K->1577140K(4145344K), 1.4609732 secs] [Times: user=3.75 sys=0.04, real=1.46 secs] 
23714.567: [GC 23714.567: [ParNew: 440895K->48960K(440896K), 1.3339328 secs] 1969076K->1628508K(4145344K), 1.3344455 secs] [Times: user=3.94 sys=0.05, real=1.33 secs] 
23727.769: [GC 23727.770: [ParNew: 440896K->48960K(440896K), 1.6400492 secs] 2020444K->1685347K(4145344K), 1.6405676 secs] [Times: user=4.26 sys=0.04, real=1.64 secs] 
23746.022: [GC 23746.022: [ParNew: 440896K->48959K(440896K), 1.7819507 secs] 2077283K->1741745K(4145344K), 1.7824973 secs] [Times: user=4.22 sys=0.03, real=1.78 secs] 
23756.839: [GC 23756.840: [ParNew: 440895K->48960K(440896K), 1.3836729 secs] 2133681K->1789164K(4145344K), 1.3842032 secs] [Times: user=3.94 sys=0.04, real=1.38 secs] 
23767.056: [GC 23767.057: [ParNew: 440896K->48960K(440896K), 1.4788311 secs] 2181100K->1841640K(4145344K), 1.4793044 secs] [Times: user=3.99 sys=0.05, real=1.48 secs] 
23781.745: [GC 23781.745: [ParNew: 440896K->48959K(440896K), 1.4012275 secs] 2233576K->1891985K(4145344K), 1.4017551 secs] [Times: user=3.89 sys=0.04, real=1.40 secs] 
23798.085: [GC 23798.085: [ParNew: 440895K->48960K(440896K), 1.5599601 secs] 2283921K->1945091K(4145344K), 1.5604700 secs] [Times: user=3.90 sys=0.04, real=1.56 secs] 
23814.599: [GC 23814.599: [ParNew: 440896K->48959K(440896K), 1.5677205 secs] 2337027K->1997196K(4145344K), 1.5682421 secs] [Times: user=4.03 sys=0.03, real=1.57 secs] 
23835.447: [GC 23835.447: [ParNew: 440895K->48960K(440896K), 1.3753131 secs] 2389132K->2048301K(4145344K), 1.3757999 secs] [Times: user=3.80 sys=0.04, real=1.38 secs] 
23849.092: [GC 23849.093: [ParNew: 440896K->48960K(440896K), 1.3561976 secs] 2440237K->2098151K(4145344K), 1.3567101 secs] [Times: user=3.84 sys=0.04, real=1.36 secs] 
23869.939: [GC 23869.939: [ParNew: 440896K->48960K(440896K), 1.5470697 secs] 2490087K->2151120K(4145344K), 1.5475739 secs] [Times: user=3.91 sys=0.05, real=1.55 secs] 
23886.014: [GC 23886.014: [ParNew: 440896K->48959K(440896K), 1.1140112 secs] 2543056K->2195101K(4145344K), 1.1144985 secs] [Times: user=3.47 sys=0.05, real=1.11 secs] 
23899.386: [GC 23899.386: [ParNew: 440895K->48960K(440896K), 1.2495309 secs] 2587037K->2245464K(4145344K), 1.2500173 secs] [Times: user=3.74 sys=0.06, real=1.25 secs] 
23915.545: [GC 23915.545: [ParNew: 440896K->48960K(440896K), 1.5164877 secs] 2637400K->2297303K(4145344K), 1.5170318 secs] [Times: user=3.85 sys=0.05, real=1.52 secs] 
23931.011: [GC 23931.011: [ParNew: 440896K->48960K(440896K), 1.1196028 secs] 2689239K->2341386K(4145344K), 1.1201155 secs] [Times: user=3.45 sys=0.04, real=1.12 secs] 
23950.581: [GC 23950.582: [ParNew: 440896K->48960K(440896K), 1.3614680 secs] 2733322K->2392754K(4145344K), 1.3619566 secs] [Times: user=3.98 sys=0.06, real=1.36 secs] 
23962.665: [GC 23962.666: [ParNew: 440896K->48960K(440896K), 1.5928052 secs] 2784690K->2449092K(4145344K), 1.5933547 secs] [Times: user=4.19 sys=0.04, real=1.59 secs] 
23971.068: [GC 23971.069: [ParNew: 440896K->48960K(440896K), 1.5253955 secs] 2841028K->2502739K(4145344K), 1.5258846 secs] [Times: user=4.04 sys=0.05, real=1.53 secs] 
23982.550: [GC 23982.551: [ParNew: 440896K->48959K(440896K), 1.4472657 secs] 2894675K->2551460K(4145344K), 1.4477490 secs] [Times: user=3.70 sys=0.06, real=1.45 secs] 
23995.481: [GC 23995.481: [ParNew: 440895K->48960K(440896K), 1.3514293 secs] 2943396K->2598222K(4145344K), 1.3519445 secs] [Times: user=3.66 sys=0.05, real=1.35 secs] 
24006.343: [GC 24006.344: [ParNew: 440896K->48960K(440896K), 1.4493102 secs] 2990158K->2649748K(4145344K), 1.4498262 secs] [Times: user=4.02 sys=0.06, real=1.45 secs] 
24022.112: [GC 24022.112: [ParNew: 440896K->48960K(440896K), 1.4484092 secs] 3041684K->2703128K(4145344K), 1.4488803 secs] [Times: user=4.11 sys=0.06, real=1.45 secs] 
24033.067: [GC 24033.067: [ParNew: 440896K->48960K(440896K), 1.7363092 secs] 3095064K->2763423K(4145344K), 1.7368141 secs] [Times: user=4.35 sys=0.04, real=1.74 secs] 
24047.130: [GC 24047.130: [ParNew: 440896K->48960K(440896K), 1.4270536 secs] 3155359K->2813199K(4145344K), 1.4275653 secs] [Times: user=3.80 sys=0.04, real=1.43 secs] 
24054.987: [GC 24054.988: [ParNew: 440896K->48959K(440896K), 1.6000474 secs] 3205135K->2869260K(4145344K), 1.6005553 secs] [Times: user=4.39 sys=0.04, real=1.60 secs] 
24064.732: [GC 24064.732: [ParNew: 440895K->48959K(440896K), 1.5939828 secs] 3261196K->2924892K(4145344K), 1.5945174 secs] [Times: user=4.22 sys=0.04, real=1.59 secs] 
24074.154: [GC 24074.154: [ParNew: 440895K->48959K(440896K), 1.4004073 secs] 3316828K->2972062K(4145344K), 1.4010350 secs] [Times: user=3.75 sys=0.04, real=1.40 secs] 
24090.165: [GC 24090.165: [ParNew: 440895K->48959K(440896K), 1.8755139 secs] 3363998K->3033313K(4145344K), 1.8760240 secs] [Times: user=4.42 sys=0.06, real=1.88 secs] 
24111.013: [GC 24111.013: [ParNew: 440895K->48959K(440896K), 1.1866631 secs] 3425249K->3075355K(4145344K), 1.1871384 secs] [Times: user=3.47 sys=0.03, real=1.19 secs] 
24126.409: [GC 24126.410: [ParNew: 440895K->48960K(440896K), 1.6703094 secs] 3467291K->3131648K(4145344K), 1.6708175 secs] [Times: user=4.12 sys=0.04, real=1.67 secs] 
24139.522: [GC 24139.522: [ParNew: 440896K->48960K(440896K), 1.5793073 secs] 3523584K->3186562K(4145344K), 1.5798342 secs] [Times: user=4.14 sys=0.03, real=1.58 secs] 
24153.755: [GC 24153.755: [ParNew: 440896K->48959K(440896K), 1.4824887 secs] 3578498K->3240117K(4145344K), 1.4829820 secs] [Times: user=3.90 sys=0.03, real=1.48 secs] 
24178.685: [GC 24178.685: [ParNew: 440895K->48960K(440896K), 1.3515299 secs] 3632053K->3289687K(4145344K), 1.3520223 secs] [Times: user=3.79 sys=0.04, real=1.35 secs] 
24200.212: [GC 24200.213: [ParNew: 440896K->48959K(440896K), 1.8436902 secs] 3681623K->3348373K(4145344K), 1.8441972 secs] [Times: user=4.38 sys=0.05, real=1.84 secs] 
24218.998: [GC 24218.998: [ParNew: 440895K->48960K(440896K), 1.3027010 secs] 3740309K->3395494K(4145344K), 1.3032021 secs] [Times: user=3.73 sys=0.03, real=1.30 secs] 
24245.340: [GC 24245.340: [ParNew: 440896K->48959K(440896K), 1.5689801 secs] 3787430K->3450720K(4145344K), 1.5694416 secs] [Times: user=4.03 sys=0.07, real=1.57 secs] 
24246.915: [GC [1 CMS-initial-mark: 3401760K(3704448K)] 3450738K(4145344K), 0.4641189 secs] [Times: user=0.47 sys=0.00, real=0.46 secs] 
24247.380: [CMS-concurrent-mark-start]
24248.326: [CMS-concurrent-mark: 0.946/0.946 secs] [Times: user=7.96 sys=0.07, real=0.95 secs] 
24248.326: [CMS-concurrent-preclean-start]
24248.457: [CMS-concurrent-preclean: 0.129/0.130 secs] [Times: user=0.42 sys=0.01, real=0.13 secs] 
24248.457: [CMS-concurrent-abortable-preclean-start]
 CMS: abort preclean due to time 24253.758: [CMS-concurrent-abortable-preclean: 5.297/5.301 secs] [Times: user=8.44 sys=0.12, real=5.30 secs] 
24253.763: [GC[YG occupancy: 184315 K (440896 K)]24253.764: [Rescan (non-parallel) 24253.764: [grey object rescan, 0.1026598 secs]24253.866: [root rescan, 1.6311519 secs], 1.7340979 secs]24255.498: [weak refs processing, 3.3756386 secs] [1 CMS-remark: 3401760K(3704448K)] 3586076K(4145344K), 5.1117695 secs] [Times: user=5.12 sys=0.00, real=5.11 secs] 
24258.876: [CMS-concurrent-sweep-start]
24276.321: [GC 24276.321: [ParNew: 440891K->48959K(440896K), 1.0935590 secs] 2888095K->2539501K(4145344K), 1.0940471 secs] [Times: user=3.30 sys=0.01, real=1.09 secs] 
24296.259: [GC 24296.259: [ParNew: 440895K->48960K(440896K), 1.3331989 secs] 2051592K->1710999K(4145344K), 1.3336704 secs] [Times: user=3.62 sys=0.01, real=1.33 secs] 
24311.617: [GC 24311.617: [ParNew: 440896K->48959K(440896K), 1.2122531 secs] 1452232K->1110129K(4145344K), 1.2127578 secs] [Times: user=3.69 sys=0.01, real=1.21 secs] 
24317.452: [CMS-concurrent-sweep: 54.903/58.576 secs] [Times: user=112.36 sys=1.66, real=58.58 secs] 
24317.453: [CMS-concurrent-reset-start]
24317.482: [CMS-concurrent-reset: 0.029/0.029 secs] [Times: user=0.19 sys=0.00, real=0.03 secs] 
24328.446: [GC 24328.446: [ParNew: 440895K->48959K(440896K), 1.3911839 secs] 1269977K->932530K(4145344K), 1.3917031 secs] [Times: user=3.71 sys=0.01, real=1.39 secs] 
24338.580: [GC 24338.581: [ParNew: 440895K->48960K(440896K), 1.4194382 secs] 1324466K->985854K(4145344K), 1.4199573 secs] [Times: user=3.64 sys=0.01, real=1.42 secs] 
24354.153: [GC 24354.153: [ParNew: 440896K->48959K(440896K), 1.3069913 secs] 1377790K->1035173K(4145344K), 1.3075023 secs] [Times: user=3.47 sys=0.02, real=1.31 secs] 
24369.247: [GC 24369.248: [ParNew: 440895K->48960K(440896K), 1.3585187 secs] 1427109K->1084720K(4145344K), 1.3590208 secs] [Times: user=3.35 sys=0.01, real=1.36 secs] 
24383.030: [GC 24383.030: [ParNew: 440896K->48960K(440896K), 1.3316602 secs] 1476656K->1130906K(4145344K), 1.3321736 secs] [Times: user=3.51 sys=0.02, real=1.33 secs] 
24398.465: [GC 24398.465: [ParNew: 440896K->48960K(440896K), 1.3384160 secs] 1522842K->1182754K(4145344K), 1.3389494 secs] [Times: user=4.24 sys=0.01, real=1.34 secs] 
24417.701: [GC 24417.702: [ParNew: 440896K->48960K(440896K), 1.8159467 secs] 1574690K->1237025K(4145344K), 1.8164893 secs] [Times: user=4.47 sys=0.05, real=1.82 secs] 
24430.916: [GC 24430.916: [ParNew: 440896K->48960K(440896K), 1.5589718 secs] 1628961K->1287337K(4145344K), 1.5595129 secs] [Times: user=3.84 sys=0.04, real=1.56 secs] 
24445.668: [GC 24445.668: [ParNew: 440896K->48960K(440896K), 1.3493403 secs] 1679273K->1338876K(4145344K), 1.3498473 secs] [Times: user=3.90 sys=0.04, real=1.35 secs] 
24456.158: [GC 24456.159: [ParNew: 440896K->48960K(440896K), 1.5579162 secs] 1730812K->1391090K(4145344K), 1.5584546 secs] [Times: user=4.06 sys=0.06, real=1.56 secs] 
24473.548: [GC 24473.548: [ParNew: 440896K->48960K(440896K), 1.0961619 secs] 1783026K->1424648K(4145344K), 1.0966737 secs] [Times: user=3.03 sys=0.03, real=1.10 secs] 
24499.049: [GC 24499.049: [ParNew: 440896K->48959K(440896K), 1.4898125 secs] 1816584K->1479101K(4145344K), 1.4902801 secs] [Times: user=4.13 sys=0.06, real=1.49 secs] 
24517.809: [GC 24517.809: [ParNew: 440895K->48959K(440896K), 1.6301330 secs] 1871037K->1534915K(4145344K), 1.6306516 secs] [Times: user=4.14 sys=0.04, real=1.63 secs] 
24535.643: [GC 24535.643: [ParNew: 440895K->48959K(440896K), 1.4625157 secs] 1926851K->1585613K(4145344K), 1.4630171 secs] [Times: user=3.83 sys=0.04, real=1.46 secs] 
24548.179: [GC 24548.180: [ParNew: 440895K->48959K(440896K), 1.7242300 secs] 1977549K->1641806K(4145344K), 1.7248198 secs] [Times: user=4.55 sys=0.05, real=1.73 secs] 
24562.488: [GC 24562.489: [ParNew: 440895K->48960K(440896K), 1.4012725 secs] 2033742K->1692038K(4145344K), 1.4017953 secs] [Times: user=3.89 sys=0.04, real=1.40 secs] 
24575.622: [GC 24575.623: [ParNew: 440896K->48960K(440896K), 1.7593452 secs] 2083974K->1749317K(4145344K), 1.7598941 secs] [Times: user=4.25 sys=0.05, real=1.76 secs] 
24590.277: [GC 24590.277: [ParNew: 440896K->48959K(440896K), 1.3277644 secs] 2141253K->1796249K(4145344K), 1.3282570 secs] [Times: user=3.63 sys=0.03, real=1.33 secs] 
24603.775: [GC 24603.775: [ParNew: 440895K->48960K(440896K), 1.4865315 secs] 2188185K->1848707K(4145344K), 1.4870488 secs] [Times: user=3.94 sys=0.05, real=1.49 secs] 
24610.775: [GC 24610.775: [ParNew: 440896K->48960K(440896K), 1.5344910 secs] 2240643K->1905098K(4145344K), 1.5349901 secs] [Times: user=4.26 sys=0.04, real=1.54 secs] 
24623.219: [GC 24623.219: [ParNew: 440896K->48960K(440896K), 1.4828771 secs] 2297034K->1957613K(4145344K), 1.4833801 secs] [Times: user=3.92 sys=0.04, real=1.48 secs] 
24638.291: [GC 24638.291: [ParNew: 440896K->48959K(440896K), 1.1735314 secs] 2349549K->1998745K(4145344K), 1.1740922 secs] [Times: user=3.45 sys=0.03, real=1.17 secs] 
24654.489: [GC 24654.489: [ParNew: 440895K->48959K(440896K), 1.7470646 secs] 2390681K->2056901K(4145344K), 1.7475766 secs] [Times: user=4.31 sys=0.05, real=1.75 secs] 
24667.624: [GC 24667.624: [ParNew: 440895K->48960K(440896K), 1.4050539 secs] 2448837K->2104608K(4145344K), 1.4055524 secs] [Times: user=3.71 sys=0.04, real=1.41 secs] 
24678.285: [GC 24678.285: [ParNew: 440896K->48960K(440896K), 1.5596722 secs] 2496544K->2161686K(4145344K), 1.5601898 secs] [Times: user=4.36 sys=0.05, real=1.56 secs] 
24692.998: [GC 24692.998: [ParNew: 440896K->48960K(440896K), 1.6833940 secs] 2553622K->2218729K(4145344K), 1.6839326 secs] [Times: user=4.15 sys=0.04, real=1.68 secs] 
24705.690: [GC 24705.690: [ParNew: 440896K->48959K(440896K), 1.4181921 secs] 2610665K->2269444K(4145344K), 1.4186950 secs] [Times: user=3.87 sys=0.04, real=1.42 secs] 
24720.878: [GC 24720.878: [ParNew: 440895K->48959K(440896K), 1.5400482 secs] 2661380K->2321506K(4145344K), 1.5405256 secs] [Times: user=3.75 sys=0.04, real=1.54 secs] 
24739.793: [GC 24739.793: [ParNew: 440892K->48960K(440896K), 1.2232852 secs] 2713439K->2365783K(4145344K), 1.2237992 secs] [Times: user=3.57 sys=0.04, real=1.22 secs] 
24751.626: [GC 24751.626: [ParNew: 440896K->48959K(440896K), 1.3215600 secs] 2757719K->2417050K(4145344K), 1.3220596 secs] [Times: user=3.97 sys=0.06, real=1.32 secs] 
24775.135: [GC 24775.136: [ParNew: 440895K->48959K(440896K), 1.6030749 secs] 2808986K->2473094K(4145344K), 1.6035666 secs] [Times: user=4.02 sys=0.04, real=1.60 secs] 
24785.585: [GC 24785.586: [ParNew: 440854K->48959K(440896K), 1.5974918 secs] 2864989K->2523293K(4145344K), 1.5980167 secs] [Times: user=3.86 sys=0.04, real=1.60 secs] 
24796.341: [GC 24796.341: [ParNew: 440895K->48960K(440896K), 1.3668501 secs] 2915229K->2573822K(4145344K), 1.3673662 secs] [Times: user=3.84 sys=0.04, real=1.37 secs] 
24807.541: [GC 24807.541: [ParNew: 440896K->48960K(440896K), 1.4956761 secs] 2965758K->2625918K(4145344K), 1.4961760 secs] [Times: user=3.84 sys=0.05, real=1.50 secs] 
24819.627: [GC 24819.627: [ParNew: 440896K->48960K(440896K), 1.4307005 secs] 3017854K->2676697K(4145344K), 1.4312020 secs] [Times: user=3.94 sys=0.05, real=1.43 secs] 
24831.292: [GC 24831.292: [ParNew: 440896K->48960K(440896K), 1.4427594 secs] 3068633K->2728339K(4145344K), 1.4432975 secs] [Times: user=3.95 sys=0.05, real=1.44 secs] 
24841.814: [GC 24841.814: [ParNew: 440896K->48959K(440896K), 1.3748834 secs] 3120275K->2777858K(4145344K), 1.3754015 secs] [Times: user=3.95 sys=0.05, real=1.38 secs] 
24854.937: [GC 24854.937: [ParNew: 440895K->48959K(440896K), 1.5204114 secs] 3169794K->2830113K(4145344K), 1.5209164 secs] [Times: user=3.86 sys=0.04, real=1.52 secs] 
24865.095: [GC 24865.096: [ParNew: 440895K->48959K(440896K), 1.6802238 secs] 3222049K->2886710K(4145344K), 1.6807350 secs] [Times: user=4.28 sys=0.05, real=1.68 secs] 
24876.173: [GC 24876.173: [ParNew: 440895K->48959K(440896K), 1.5365039 secs] 3278646K->2936668K(4145344K), 1.5370303 secs] [Times: user=3.89 sys=0.04, real=1.54 secs] 
24888.846: [GC 24888.847: [ParNew: 440895K->48960K(440896K), 1.3411201 secs] 3328604K->2988937K(4145344K), 1.3416239 secs] [Times: user=4.03 sys=0.03, real=1.34 secs] 
24905.321: [GC 24905.321: [ParNew: 440896K->48960K(440896K), 2.0123554 secs] 3380873K->3052110K(4145344K), 2.0128574 secs] [Times: user=4.46 sys=0.04, real=2.01 secs] 
24916.184: [GC 24916.184: [ParNew: 440896K->48960K(440896K), 1.4812024 secs] 3444046K->3098979K(4145344K), 1.4816992 secs] [Times: user=3.62 sys=0.03, real=1.48 secs] 
24933.389: [GC 24933.389: [ParNew: 440896K->48959K(440896K), 1.2433997 secs] 3490915K->3146464K(4145344K), 1.2439186 secs] [Times: user=3.72 sys=0.04, real=1.24 secs] 
24955.519: [GC 24955.519: [ParNew: 440895K->48959K(440896K), 1.1002950 secs] 3538400K->3190364K(4145344K), 1.1007770 secs] [Times: user=3.72 sys=0.04, real=1.10 secs] 
24967.345: [GC 24967.346: [ParNew: 440895K->48960K(440896K), 1.2225780 secs] 3582300K->3236032K(4145344K), 1.2230651 secs] [Times: user=3.51 sys=0.04, real=1.22 secs] 
24978.884: [GC 24978.884: [ParNew: 440896K->48960K(440896K), 1.5019077 secs] 3627968K->3286503K(4145344K), 1.5024236 secs] [Times: user=3.79 sys=0.05, real=1.50 secs] 
24991.403: [GC 24991.403: [ParNew: 440896K->48960K(440896K), 1.3713381 secs] 3678439K->3339024K(4145344K), 1.3718407 secs] [Times: user=3.94 sys=0.04, real=1.37 secs] 
24992.780: [GC [1 CMS-initial-mark: 3290064K(3704448K)] 3339463K(4145344K), 0.4926635 secs] [Times: user=0.49 sys=0.00, real=0.49 secs] 
24993.274: [CMS-concurrent-mark-start]
24994.206: [CMS-concurrent-mark: 0.932/0.932 secs] [Times: user=7.75 sys=0.10, real=0.93 secs] 
24994.206: [CMS-concurrent-preclean-start]
24994.333: [CMS-concurrent-preclean: 0.125/0.126 secs] [Times: user=0.26 sys=0.00, real=0.13 secs] 
24994.333: [CMS-concurrent-abortable-preclean-start]
 CMS: abort preclean due to time 24999.410: [CMS-concurrent-abortable-preclean: 5.061/5.077 secs] [Times: user=13.80 sys=0.24, real=5.08 secs] 
24999.415: [GC[YG occupancy: 335970 K (440896 K)]24999.415: [Rescan (non-parallel) 24999.415: [grey object rescan, 0.1027286 secs]24999.518: [root rescan, 2.9159578 secs], 3.0189735 secs]25002.434: [weak refs processing, 2.9419819 secs] [1 CMS-remark: 3290064K(3704448K)] 3626034K(4145344K), 5.9629184 secs] [Times: user=5.97 sys=0.01, real=5.96 secs] 
25005.379: [CMS-concurrent-sweep-start]
25006.328: [GC 25006.328: [ParNew: 440855K->48960K(440896K), 1.3369459 secs] 3688083K->3349037K(4145344K), 1.3374820 secs] [Times: user=3.84 sys=0.01, real=1.34 secs] 
25013.118: [GC 25013.119: [ParNew: 440893K->48960K(440896K), 1.4628311 secs] 3416603K->3080343K(4145344K), 1.4633192 secs] [Times: user=3.86 sys=0.02, real=1.46 secs] 
25026.165: [GC 25026.165: [ParNew: 440896K->48960K(440896K), 1.1365317 secs] 2888225K->2544400K(4145344K), 1.1370740 secs] [Times: user=3.56 sys=0.01, real=1.14 secs] 
25034.033: [GC 25034.034: [ParNew: 440896K->48960K(440896K), 1.6531105 secs] 2632991K->2298380K(4145344K), 1.6535907 secs] [Times: user=3.78 sys=0.01, real=1.65 secs] 
25041.718: [GC 25041.718: [ParNew: 440896K->48960K(440896K), 1.3117390 secs] 2411096K->2064276K(4145344K), 1.3122451 secs] [Times: user=3.38 sys=0.01, real=1.31 secs] 
25059.194: [GC 25059.194: [ParNew: 440896K->48960K(440896K), 1.2219794 secs] 1738591K->1395395K(4145344K), 1.2224707 secs] [Times: user=3.47 sys=0.01, real=1.22 secs] 
25068.741: [CMS-concurrent-sweep: 55.097/63.362 secs] [Times: user=164.29 sys=2.74, real=63.36 secs] 
25068.741: [CMS-concurrent-reset-start]
25068.770: [CMS-concurrent-reset: 0.029/0.029 secs] [Times: user=0.03 sys=0.00, real=0.03 secs] 
25080.302: [GC 25080.303: [ParNew: 440896K->48960K(440896K), 1.3776379 secs] 1405301K->1064867K(4145344K), 1.3781245 secs] [Times: user=3.54 sys=0.01, real=1.38 secs] 
25101.178: [GC 25101.179: [ParNew: 440896K->48959K(440896K), 1.5145294 secs] 1456803K->1118248K(4145344K), 1.5150112 secs] [Times: user=3.70 sys=0.01, real=1.52 secs] 
25128.233: [GC 25128.233: [ParNew: 440895K->48959K(440896K), 1.3641378 secs] 1510184K->1168024K(4145344K), 1.3646346 secs] [Times: user=3.54 sys=0.01, real=1.36 secs] 
25151.099: [GC 25151.100: [ParNew: 440867K->48960K(440896K), 1.3352515 secs] 1559932K->1218864K(4145344K), 1.3357442 secs] [Times: user=3.54 sys=0.02, real=1.34 secs] 
25164.665: [GC 25164.665: [ParNew: 440896K->48960K(440896K), 1.7149723 secs] 1610800K->1273355K(4145344K), 1.7155146 secs] [Times: user=4.00 sys=0.02, real=1.72 secs] 
25182.050: [GC 25182.050: [ParNew: 440896K->48960K(440896K), 1.3889193 secs] 1665291K->1322362K(4145344K), 1.3894471 secs] [Times: user=4.19 sys=0.01, real=1.39 secs] 
25197.384: [GC 25197.384: [ParNew: 440896K->48959K(440896K), 1.3793893 secs] 1714298K->1371938K(4145344K), 1.3798844 secs] [Times: user=3.85 sys=0.04, real=1.38 secs] 
25215.759: [GC 25215.760: [ParNew: 440895K->48960K(440896K), 1.2676732 secs] 1763874K->1418804K(4145344K), 1.2681467 secs] [Times: user=3.63 sys=0.04, real=1.27 secs] 
25231.356: [GC 25231.357: [ParNew: 440896K->48959K(440896K), 1.1340639 secs] 1810740K->1464935K(4145344K), 1.1345779 secs] [Times: user=3.56 sys=0.05, real=1.13 secs] 
25242.825: [GC 25242.825: [ParNew: 440895K->48959K(440896K), 1.1983113 secs] 1856871K->1511772K(4145344K), 1.1987975 secs] [Times: user=3.59 sys=0.05, real=1.20 secs] 
25259.279: [GC 25259.279: [ParNew: 440895K->48959K(440896K), 1.3808366 secs] 1903708K->1562250K(4145344K), 1.3813397 secs] [Times: user=3.78 sys=0.04, real=1.38 secs] 
25274.715: [GC 25274.716: [ParNew: 440895K->48959K(440896K), 1.3283238 secs] 1954186K->1611054K(4145344K), 1.3288049 secs] [Times: user=3.73 sys=0.04, real=1.33 secs] 
25292.243: [GC 25292.243: [ParNew: 440895K->48960K(440896K), 1.4240339 secs] 2002990K->1663442K(4145344K), 1.4245378 secs] [Times: user=3.92 sys=0.05, real=1.42 secs] 
25312.698: [GC 25312.699: [ParNew: 440896K->48960K(440896K), 1.5618708 secs] 2055378K->1717577K(4145344K), 1.5623623 secs] [Times: user=4.02 sys=0.04, real=1.56 secs] 
25324.510: [GC 25324.510: [ParNew: 440896K->48959K(440896K), 1.8364366 secs] 2109513K->1776028K(4145344K), 1.8369352 secs] [Times: user=4.16 sys=0.03, real=1.84 secs] 
25342.068: [GC 25342.068: [ParNew: 440895K->48959K(440896K), 1.6181813 secs] 2167964K->1827608K(4145344K), 1.6186695 secs] [Times: user=4.07 sys=0.03, real=1.62 secs] 
25354.631: [GC 25354.632: [ParNew: 440895K->48959K(440896K), 1.2449598 secs] 2219544K->1876867K(4145344K), 1.2454646 secs] [Times: user=3.82 sys=0.04, real=1.25 secs] 
25366.251: [GC 25366.251: [ParNew: 440895K->48959K(440896K), 1.6005771 secs] 2268803K->1934162K(4145344K), 1.6010710 secs] [Times: user=4.20 sys=0.04, real=1.60 secs] 
25378.190: [GC 25378.191: [ParNew: 440895K->48960K(440896K), 1.3599730 secs] 2326098K->1980725K(4145344K), 1.3604879 secs] [Times: user=3.84 sys=0.04, real=1.36 secs] 
25395.636: [GC 25395.636: [ParNew: 440896K->48959K(440896K), 1.5763801 secs] 2372661K->2033809K(4145344K), 1.5769029 secs] [Times: user=4.05 sys=0.05, real=1.58 secs] 
25408.985: [GC 25408.985: [ParNew: 440895K->48959K(440896K), 1.2496934 secs] 2425745K->2078037K(4145344K), 1.2501893 secs] [Times: user=3.56 sys=0.04, real=1.25 secs] 
25421.100: [GC 25421.100: [ParNew: 440895K->48959K(440896K), 1.3306549 secs] 2469973K->2128900K(4145344K), 1.3311363 secs] [Times: user=3.93 sys=0.05, real=1.33 secs] 
25433.454: [GC 25433.454: [ParNew: 440895K->48959K(440896K), 1.3986594 secs] 2520836K->2178687K(4145344K), 1.3991551 secs] [Times: user=3.83 sys=0.05, real=1.40 secs] 
25448.972: [GC 25448.972: [ParNew: 440895K->48960K(440896K), 1.1523143 secs] 2570623K->2225172K(4145344K), 1.1527963 secs] [Times: user=3.54 sys=0.04, real=1.15 secs] 
25459.669: [GC 25459.670: [ParNew: 440896K->48960K(440896K), 1.8093124 secs] 2617108K->2283606K(4145344K), 1.8098096 secs] [Times: user=4.18 sys=0.05, real=1.81 secs] 
25475.274: [GC 25475.274: [ParNew: 440896K->48959K(440896K), 1.2827475 secs] 2675542K->2332685K(4145344K), 1.2832710 secs] [Times: user=3.83 sys=0.04, real=1.28 secs] 
25490.462: [GC 25490.462: [ParNew: 440895K->48960K(440896K), 1.5381191 secs] 2724621K->2386070K(4145344K), 1.5386537 secs] [Times: user=4.00 sys=0.04, real=1.54 secs] 
25516.990: [GC 25516.990: [ParNew: 440896K->48960K(440896K), 1.1898067 secs] 2778006K->2431670K(4145344K), 1.1902848 secs] [Times: user=3.57 sys=0.04, real=1.19 secs] 
25535.847: [GC 25535.847: [ParNew: 440875K->48960K(440896K), 1.4710411 secs] 2823586K->2480603K(4145344K), 1.4715753 secs] [Times: user=3.82 sys=0.06, real=1.47 secs] 
25553.081: [GC 25553.081: [ParNew: 440896K->48959K(440896K), 1.4590690 secs] 2872539K->2533339K(4145344K), 1.4595797 secs] [Times: user=4.00 sys=0.05, real=1.46 secs] 
25573.882: [GC 25573.882: [ParNew: 440895K->48960K(440896K), 1.4800883 secs] 2925275K->2585144K(4145344K), 1.4805678 secs] [Times: user=3.93 sys=0.05, real=1.48 secs] 
25590.568: [GC 25590.569: [ParNew: 440896K->48960K(440896K), 1.3807350 secs] 2977080K->2632184K(4145344K), 1.3812468 secs] [Times: user=3.81 sys=0.06, real=1.38 secs] 
25611.821: [GC 25611.821: [ParNew: 440896K->48959K(440896K), 1.4620733 secs] 3024120K->2683035K(4145344K), 1.4625927 secs] [Times: user=3.89 sys=0.06, real=1.46 secs] 
25642.801: [GC 25642.801: [ParNew: 440895K->48959K(440896K), 1.4377406 secs] 3074971K->2734085K(4145344K), 1.4382500 secs] [Times: user=4.01 sys=0.05, real=1.44 secs] 
25653.782: [GC 25653.783: [ParNew: 440895K->48959K(440896K), 1.4526604 secs] 3126021K->2787402K(4145344K), 1.4531617 secs] [Times: user=4.11 sys=0.05, real=1.45 secs] 
25663.909: [GC 25663.910: [ParNew: 440895K->48960K(440896K), 1.5022879 secs] 3179338K->2841685K(4145344K), 1.5028050 secs] [Times: user=4.06 sys=0.05, real=1.50 secs] 
25684.707: [GC 25684.707: [ParNew: 440872K->48960K(440896K), 1.1852559 secs] 3233597K->2884209K(4145344K), 1.1857559 secs] [Times: user=3.46 sys=0.04, real=1.19 secs] 
25713.336: [GC 25713.336: [ParNew: 440896K->48960K(440896K), 1.5010970 secs] 3276145K->2936752K(4145344K), 1.5016186 secs] [Times: user=3.88 sys=0.05, real=1.50 secs] 
25733.789: [GC 25733.789: [ParNew: 440896K->48960K(440896K), 1.6082548 secs] 3328688K->2990059K(4145344K), 1.6087700 secs] [Times: user=4.08 sys=0.06, real=1.61 secs] 
25747.064: [GC 25747.065: [ParNew: 440896K->48960K(440896K), 1.6703254 secs] 3381995K->3044467K(4145344K), 1.6708205 secs] [Times: user=4.48 sys=0.06, real=1.67 secs] 
25770.576: [GC 25770.576: [ParNew: 440896K->48959K(440896K), 1.3881966 secs] 3436403K->3094751K(4145344K), 1.3886867 secs] [Times: user=3.92 sys=0.05, real=1.39 secs] 
25785.661: [GC 25785.661: [ParNew: 440895K->48960K(440896K), 1.4219768 secs] 3486687K->3144160K(4145344K), 1.4225201 secs] [Times: user=3.94 sys=0.06, real=1.42 secs] 
25802.091: [GC 25802.092: [ParNew: 440896K->48960K(440896K), 1.4581444 secs] 3536096K->3194931K(4145344K), 1.4586784 secs] [Times: user=3.87 sys=0.05, real=1.46 secs] 
25818.915: [GC 25818.916: [ParNew: 440896K->48960K(440896K), 1.2490665 secs] 3586867K->3242679K(4145344K), 1.2495895 secs] [Times: user=3.66 sys=0.05, real=1.25 secs] 
25842.573: [GC 25842.574: [ParNew: 440896K->48960K(440896K), 1.0587836 secs] 3634615K->3285155K(4145344K), 1.0593006 secs] [Times: user=3.51 sys=0.05, real=1.06 secs] 
25859.172: [GC 25859.172: [ParNew: 440896K->48959K(440896K), 1.3683247 secs] 3677091K->3336360K(4145344K), 1.3688830 secs] [Times: user=3.87 sys=0.04, real=1.37 secs] 
25881.959: [GC 25881.959: [ParNew: 440895K->48959K(440896K), 1.3637478 secs] 3728296K->3385809K(4145344K), 1.3642755 secs] [Times: user=3.86 sys=0.04, real=1.36 secs] 
25905.295: [GC 25905.295: [ParNew: 440895K->48959K(440896K), 1.3786392 secs] 3777745K->3434416K(4145344K), 1.3791626 secs] [Times: user=3.89 sys=0.10, real=1.38 secs] 
25920.144: [GC 25920.144: [ParNew: 440895K->48959K(440896K), 1.4345295 secs] 3826352K->3485128K(4145344K), 1.4350320 secs] [Times: user=3.87 sys=0.09, real=1.44 secs] 
25921.584: [GC [1 CMS-initial-mark: 3436168K(3704448K)] 3487641K(4145344K), 0.4716828 secs] [Times: user=0.47 sys=0.00, real=0.47 secs] 
25922.057: [CMS-concurrent-mark-start]
25923.010: [CMS-concurrent-mark: 0.953/0.953 secs] [Times: user=7.15 sys=0.05, real=0.95 secs] 
25923.010: [CMS-concurrent-preclean-start]
25923.142: [CMS-concurrent-preclean: 0.130/0.132 secs] [Times: user=0.17 sys=0.00, real=0.13 secs] 
25923.142: [CMS-concurrent-abortable-preclean-start]
 CMS: abort preclean due to time 25928.573: [CMS-concurrent-abortable-preclean: 5.421/5.430 secs] [Times: user=8.93 sys=0.14, real=5.43 secs] 
25928.578: [GC[YG occupancy: 174443 K (440896 K)]25928.579: [Rescan (non-parallel) 25928.579: [grey object rescan, 0.1092713 secs]25928.688: [root rescan, 1.5425876 secs], 1.6521698 secs]25930.231: [weak refs processing, 3.0320303 secs] [1 CMS-remark: 3436168K(3704448K)] 3610611K(4145344K), 4.6861529 secs] [Times: user=4.69 sys=0.00, real=4.69 secs] 
25933.265: [CMS-concurrent-sweep-start]
25937.988: [GC 25937.989: [ParNew: 440895K->48960K(440896K), 1.4693744 secs] 3606837K->3267750K(4145344K), 1.4698611 secs] [Times: user=3.76 sys=0.01, real=1.47 secs] 
25954.434: [GC 25954.434: [ParNew: 440896K->48960K(440896K), 1.2552923 secs] 2857944K->2514324K(4145344K), 1.2557787 secs] [Times: user=3.64 sys=0.01, real=1.26 secs] 
25966.025: [GC 25966.025: [ParNew: 440896K->48959K(440896K), 1.4388246 secs] 2402181K->2065953K(4145344K), 1.4392923 secs] [Times: user=3.78 sys=0.02, real=1.44 secs] 
25983.705: [GC 25983.705: [ParNew: 440895K->48960K(440896K), 1.2545514 secs] 1703488K->1359172K(4145344K), 1.2550517 secs] [Times: user=3.56 sys=0.01, real=1.26 secs] 
25995.527: [CMS-concurrent-sweep: 56.753/62.262 secs] [Times: user=140.00 sys=2.15, real=62.26 secs] 
25995.528: [CMS-concurrent-reset-start]
25995.556: [CMS-concurrent-reset: 0.029/0.029 secs] [Times: user=0.08 sys=0.01, real=0.03 secs] 
26005.687: [GC 26005.687: [ParNew: 440896K->48959K(440896K), 1.4700845 secs] 1286304K->946578K(4145344K), 1.4705900 secs] [Times: user=3.67 sys=0.01, real=1.47 secs] 
26015.644: [GC 26015.645: [ParNew: 440895K->48960K(440896K), 1.3228020 secs] 1338514K->998715K(4145344K), 1.3232907 secs] [Times: user=3.56 sys=0.02, real=1.32 secs] 
26035.866: [GC 26035.866: [ParNew: 440896K->48960K(440896K), 1.3237139 secs] 1390651K->1049393K(4145344K), 1.3242569 secs] [Times: user=3.55 sys=0.02, real=1.32 secs] 
26052.704: [GC 26052.704: [ParNew: 440896K->48959K(440896K), 1.2186894 secs] 1441329K->1099761K(4145344K), 1.2191814 secs] [Times: user=3.49 sys=0.02, real=1.22 secs] 
26064.838: [GC 26064.838: [ParNew: 440895K->48960K(440896K), 1.7584964 secs] 1491697K->1155685K(4145344K), 1.7702445 secs] [Times: user=4.16 sys=0.01, real=1.77 secs] 
26075.379: [GC 26075.379: [ParNew: 440896K->48960K(440896K), 1.3529681 secs] 1547621K->1201904K(4145344K), 1.3534773 secs] [Times: user=3.92 sys=0.02, real=1.35 secs] 
26102.570: [GC 26102.570: [ParNew: 440896K->48959K(440896K), 1.3949995 secs] 1593840K->1251998K(4145344K), 1.3955218 secs] [Times: user=3.84 sys=0.04, real=1.40 secs] 
26116.604: [GC 26116.605: [ParNew: 440895K->48960K(440896K), 1.5260956 secs] 1643934K->1301372K(4145344K), 1.5265806 secs] [Times: user=3.85 sys=0.04, real=1.53 secs] 
26131.348: [GC 26131.348: [ParNew: 440896K->48960K(440896K), 1.1899304 secs] 1693308K->1349592K(4145344K), 1.1904249 secs] [Times: user=3.66 sys=0.04, real=1.19 secs] 
26161.751: [GC 26161.751: [ParNew: 440896K->48959K(440896K), 1.4135546 secs] 1741528K->1400049K(4145344K), 1.4140643 secs] [Times: user=3.75 sys=0.05, real=1.41 secs] 
26182.534: [GC 26182.534: [ParNew: 440895K->48960K(440896K), 1.4156508 secs] 1791985K->1448640K(4145344K), 1.4161491 secs] [Times: user=3.72 sys=0.04, real=1.42 secs] 
26202.627: [GC 26202.628: [ParNew: 440896K->48960K(440896K), 1.4448339 secs] 1840576K->1500693K(4145344K), 1.4453208 secs] [Times: user=3.88 sys=0.04, real=1.45 secs] 
26219.283: [GC 26219.283: [ParNew: 440896K->48959K(440896K), 1.5221256 secs] 1892629K->1553340K(4145344K), 1.5226635 secs] [Times: user=4.01 sys=0.04, real=1.52 secs] 
26249.258: [GC 26249.258: [ParNew: 440895K->48960K(440896K), 1.3447778 secs] 1945276K->1603451K(4145344K), 1.3452757 secs] [Times: user=3.80 sys=0.04, real=1.35 secs] 
26276.242: [GC 26276.242: [ParNew: 440896K->48960K(440896K), 1.1948303 secs] 1995387K->1648349K(4145344K), 1.1953246 secs] [Times: user=3.61 sys=0.04, real=1.20 secs] 
26299.383: [GC 26299.383: [ParNew: 440888K->48960K(440896K), 1.6590137 secs] 2040277K->1704418K(4145344K), 1.6596225 secs] [Times: user=4.21 sys=0.04, real=1.66 secs] 
26314.204: [GC 26314.204: [ParNew: 440896K->48960K(440896K), 1.4764918 secs] 2096354K->1756841K(4145344K), 1.4769904 secs] [Times: user=3.94 sys=0.04, real=1.48 secs] 
26324.460: [GC 26324.460: [ParNew: 440892K->48960K(440896K), 1.4605302 secs] 2148773K->1807728K(4145344K), 1.4610363 secs] [Times: user=3.91 sys=0.04, real=1.46 secs] 
26337.912: [GC 26337.913: [ParNew: 440896K->48960K(440896K), 1.4312681 secs] 2199664K->1860217K(4145344K), 1.4317847 secs] [Times: user=3.98 sys=0.04, real=1.43 secs] 
26351.245: [GC 26351.245: [ParNew: 440896K->48959K(440896K), 1.2745663 secs] 2252153K->1907238K(4145344K), 1.2751738 secs] [Times: user=3.77 sys=0.05, real=1.28 secs] 
26369.720: [GC 26369.720: [ParNew: 440895K->48960K(440896K), 1.5526627 secs] 2299174K->1961564K(4145344K), 1.5531997 secs] [Times: user=4.04 sys=0.04, real=1.55 secs] 
26384.080: [GC 26384.080: [ParNew: 440896K->48959K(440896K), 1.3722177 secs] 2353500K->2011596K(4145344K), 1.3727129 secs] [Times: user=3.77 sys=0.03, real=1.37 secs] 
26410.493: [GC 26410.493: [ParNew: 440895K->48959K(440896K), 1.2215368 secs] 2403532K->2055925K(4145344K), 1.2220460 secs] [Times: user=3.55 sys=0.04, real=1.22 secs] 
26433.169: [GC 26433.169: [ParNew: 440895K->48959K(440896K), 1.4346468 secs] 2447861K->2107979K(4145344K), 1.4351555 secs] [Times: user=3.86 sys=0.05, real=1.44 secs] 
26446.585: [GC 26446.586: [ParNew: 440895K->48959K(440896K), 1.4082271 secs] 2499915K->2158658K(4145344K), 1.4087423 secs] [Times: user=3.91 sys=0.04, real=1.41 secs] 
26459.460: [GC 26459.460: [ParNew: 440895K->48960K(440896K), 1.6075210 secs] 2550594K->2211922K(4145344K), 1.6080828 secs] [Times: user=4.29 sys=0.05, real=1.61 secs] 
26467.672: [GC 26467.672: [ParNew: 440896K->48959K(440896K), 1.5773967 secs] 2603858K->2269467K(4145344K), 1.5779012 secs] [Times: user=4.17 sys=0.03, real=1.58 secs] 
26473.858: [GC 26473.858: [ParNew: 440895K->48960K(440896K), 1.1730534 secs] 2661403K->2318270K(4145344K), 1.1735882 secs] [Times: user=3.72 sys=0.04, real=1.17 secs] 
26490.573: [GC 26490.573: [ParNew: 440896K->48960K(440896K), 1.4758934 secs] 2710206K->2370801K(4145344K), 1.4764233 secs] [Times: user=3.82 sys=0.04, real=1.48 secs] 
26508.898: [GC 26508.898: [ParNew: 440896K->48960K(440896K), 1.3655765 secs] 2762737K->2419494K(4145344K), 1.3660893 secs] [Times: user=3.76 sys=0.04, real=1.37 secs] 
26523.274: [GC 26523.274: [ParNew: 440896K->48960K(440896K), 1.7232906 secs] 2811430K->2476783K(4145344K), 1.7237896 secs] [Times: user=3.88 sys=0.05, real=1.72 secs] 
26555.882: [GC 26555.882: [ParNew: 440896K->48959K(440896K), 1.4149748 secs] 2868719K->2525874K(4145344K), 1.4155177 secs] [Times: user=3.88 sys=0.04, real=1.42 secs] 
26575.239: [GC 26575.240: [ParNew: 440895K->48960K(440896K), 1.5034185 secs] 2917810K->2585552K(4145344K), 1.5039855 secs] [Times: user=4.89 sys=0.06, real=1.50 secs] 
26579.105: [GC 26579.106: [ParNew: 440868K->48960K(440896K), 1.7639353 secs] 2977460K->2646124K(4145344K), 1.7644964 secs] [Times: user=4.38 sys=0.05, real=1.76 secs] 
26585.273: [GC 26585.273: [ParNew: 440896K->48959K(440896K), 1.3594765 secs] 3038060K->2694122K(4145344K), 1.3599981 secs] [Times: user=3.71 sys=0.04, real=1.36 secs] 
26604.015: [GC 26604.015: [ParNew: 440895K->48960K(440896K), 1.4825252 secs] 3086058K->2739399K(4145344K), 1.4830504 secs] [Times: user=3.62 sys=0.04, real=1.48 secs] 
26621.978: [GC 26621.978: [ParNew: 440896K->48960K(440896K), 1.5403109 secs] 3131335K->2787113K(4145344K), 1.5408051 secs] [Times: user=3.72 sys=0.05, real=1.54 secs] 
26641.147: [GC 26641.148: [ParNew: 440896K->48960K(440896K), 1.2140946 secs] 3179049K->2834243K(4145344K), 1.2146958 secs] [Times: user=3.74 sys=0.05, real=1.21 secs] 
26661.883: [GC 26661.884: [ParNew: 440896K->48960K(440896K), 1.5366819 secs] 3226179K->2888721K(4145344K), 1.5371992 secs] [Times: user=4.08 sys=0.06, real=1.54 secs] 
26675.492: [GC 26675.492: [ParNew: 440896K->48960K(440896K), 1.6076764 secs] 3280657K->2942897K(4145344K), 1.6081923 secs] [Times: user=4.06 sys=0.05, real=1.61 secs] 
26693.532: [GC 26693.532: [ParNew: 440896K->48960K(440896K), 1.3896759 secs] 3334833K->2992779K(4145344K), 1.3901784 secs] [Times: user=3.87 sys=0.05, real=1.39 secs] 
26711.283: [GC 26711.283: [ParNew: 440896K->48959K(440896K), 1.3227208 secs] 3384715K->3041870K(4145344K), 1.3232037 secs] [Times: user=3.70 sys=0.05, real=1.32 secs] 
26725.771: [GC 26725.771: [ParNew: 440895K->48959K(440896K), 1.3382391 secs] 3433806K->3089277K(4145344K), 1.3387664 secs] [Times: user=3.70 sys=0.04, real=1.34 secs] 
26743.290: [GC 26743.291: [ParNew: 440895K->48959K(440896K), 1.5557307 secs] 3481213K->3143726K(4145344K), 1.5562519 secs] [Times: user=4.16 sys=0.05, real=1.56 secs] 
26759.129: [GC 26759.129: [ParNew: 440878K->48960K(440896K), 1.5459911 secs] 3535645K->3195433K(4145344K), 1.5465459 secs] [Times: user=4.05 sys=0.04, real=1.55 secs] 
26775.659: [GC 26775.660: [ParNew: 440896K->48959K(440896K), 1.6626395 secs] 3587369K->3250363K(4145344K), 1.6631539 secs] [Times: user=4.06 sys=0.04, real=1.66 secs] 
26789.710: [GC 26789.711: [ParNew: 440895K->48959K(440896K), 1.3767127 secs] 3642299K->3296948K(4145344K), 1.3772259 secs] [Times: user=3.72 sys=0.03, real=1.38 secs] 
26809.109: [GC 26809.109: [ParNew: 440895K->48959K(440896K), 1.3108630 secs] 3688884K->3347899K(4145344K), 1.3113589 secs] [Times: user=3.91 sys=0.04, real=1.31 secs] 
26826.549: [GC 26826.549: [ParNew: 440895K->48960K(440896K), 1.2913363 secs] 3739835K->3396688K(4145344K), 1.2918500 secs] [Times: user=3.71 sys=0.04, real=1.29 secs] 
26847.931: [GC 26847.931: [ParNew: 440852K->48960K(440896K), 1.4153682 secs] 3788580K->3446856K(4145344K), 1.4158844 secs] [Times: user=3.75 sys=0.03, real=1.42 secs] 
26849.352: [GC [1 CMS-initial-mark: 3397896K(3704448K)] 3446939K(4145344K), 0.4791308 secs] [Times: user=0.48 sys=0.00, real=0.48 secs] 
26849.832: [CMS-concurrent-mark-start]
26850.786: [CMS-concurrent-mark: 0.954/0.954 secs] [Times: user=8.40 sys=0.08, real=0.95 secs] 
26850.787: [CMS-concurrent-preclean-start]
26850.919: [CMS-concurrent-preclean: 0.131/0.132 secs] [Times: user=0.62 sys=0.00, real=0.13 secs] 
26850.919: [CMS-concurrent-abortable-preclean-start]
 CMS: abort preclean due to time 26856.452: [CMS-concurrent-abortable-preclean: 5.519/5.532 secs] [Times: user=9.19 sys=0.12, real=5.53 secs] 
26856.457: [GC[YG occupancy: 221290 K (440896 K)]26856.466: [Rescan (non-parallel) 26856.466: [grey object rescan, 0.1041364 secs]26856.570: [root rescan, 1.9394837 secs], 2.0439571 secs]26858.510: [weak refs processing, 3.0796611 secs] [1 CMS-remark: 3397896K(3704448K)] 3619186K(4145344K), 5.1255398 secs] [Times: user=5.13 sys=0.00, real=5.13 secs] 
26861.592: [CMS-concurrent-sweep-start]
26867.935: [GC 26867.935: [ParNew: 440876K->48960K(440896K), 1.3092341 secs] 3459350K->3117990K(4145344K), 1.3097897 secs] [Times: user=3.74 sys=0.01, real=1.31 secs] 
26884.953: [GC 26884.953: [ParNew: 440896K->48960K(440896K), 1.4490086 secs] 2667658K->2332243K(4145344K), 1.4495395 secs] [Times: user=3.96 sys=0.02, real=1.45 secs] 
26901.051: [GC 26901.052: [ParNew: 440896K->48959K(440896K), 1.5016679 secs] 2001276K->1663145K(4145344K), 1.5021620 secs] [Times: user=3.77 sys=0.01, real=1.50 secs] 
26917.504: [GC 26917.505: [ParNew: 440895K->48960K(440896K), 1.3813369 secs] 1347970K->1005575K(4145344K), 1.3818199 secs] [Times: user=3.63 sys=0.01, real=1.38 secs] 
26921.023: [CMS-concurrent-sweep: 53.716/59.431 secs] [Times: user=128.81 sys=1.97, real=59.43 secs] 
26921.024: [CMS-concurrent-reset-start]
26921.053: [CMS-concurrent-reset: 0.029/0.029 secs] [Times: user=0.08 sys=0.00, real=0.03 secs] 
26935.943: [GC 26935.943: [ParNew: 440896K->48960K(440896K), 1.3643292 secs] 1284916K->945869K(4145344K), 1.3648147 secs] [Times: user=3.71 sys=0.02, real=1.37 secs] 
26946.973: [GC 26946.973: [ParNew: 440896K->48960K(440896K), 1.6946662 secs] 1337805K->1003435K(4145344K), 1.6951614 secs] [Times: user=4.16 sys=0.02, real=1.70 secs] 
26959.034: [GC 26959.035: [ParNew: 440896K->48960K(440896K), 1.3528725 secs] 1395371K->1055396K(4145344K), 1.3533964 secs] [Times: user=3.60 sys=0.02, real=1.35 secs] 
26973.109: [GC 26973.109: [ParNew: 440896K->48960K(440896K), 1.6585169 secs] 1447332K->1111753K(4145344K), 1.6590522 secs] [Times: user=3.90 sys=0.02, real=1.66 secs] 
26989.976: [GC 26989.976: [ParNew: 440896K->48960K(440896K), 1.4491819 secs] 1503689K->1159445K(4145344K), 1.4496795 secs] [Times: user=3.94 sys=0.01, real=1.45 secs] 
27007.940: [GC 27007.940: [ParNew: 440896K->48959K(440896K), 1.2855320 secs] 1551381K->1209211K(4145344K), 1.2860535 secs] [Times: user=3.91 sys=0.03, real=1.29 secs] 
27028.840: [GC 27028.841: [ParNew: 440895K->48959K(440896K), 1.1947597 secs] 1601147K->1256462K(4145344K), 1.1953215 secs] [Times: user=3.64 sys=0.04, real=1.20 secs] 
27049.326: [GC 27049.326: [ParNew: 440895K->48959K(440896K), 1.5451893 secs] 1648398K->1307543K(4145344K), 1.5457070 secs] [Times: user=3.83 sys=0.04, real=1.55 secs] 
27068.408: [GC 27068.408: [ParNew: 440895K->48960K(440896K), 1.3607120 secs] 1699479K->1356679K(4145344K), 1.3612704 secs] [Times: user=3.86 sys=0.05, real=1.36 secs] 
27083.207: [GC 27083.207: [ParNew: 440896K->48960K(440896K), 1.3562508 secs] 1748615K->1407543K(4145344K), 1.3568116 secs] [Times: user=3.93 sys=0.04, real=1.36 secs] 
27102.973: [GC 27102.973: [ParNew: 440896K->48959K(440896K), 1.3414815 secs] 1799479K->1457928K(4145344K), 1.3420047 secs] [Times: user=3.83 sys=0.04, real=1.34 secs] 
27119.847: [GC 27119.847: [ParNew: 440895K->48960K(440896K), 1.4887703 secs] 1849864K->1509016K(4145344K), 1.4893135 secs] [Times: user=4.00 sys=0.04, real=1.49 secs] 
27136.105: [GC 27136.105: [ParNew: 440896K->48960K(440896K), 1.4024248 secs] 1900952K->1561559K(4145344K), 1.4029047 secs] [Times: user=4.02 sys=0.04, real=1.40 secs] 
27151.723: [GC 27151.723: [ParNew: 440896K->48959K(440896K), 1.4363951 secs] 1953495K->1612647K(4145344K), 1.4369392 secs] [Times: user=3.81 sys=0.04, real=1.44 secs] 
27169.077: [GC 27169.077: [ParNew: 440895K->48960K(440896K), 1.5859919 secs] 2004583K->1665551K(4145344K), 1.5865067 secs] [Times: user=3.94 sys=0.04, real=1.59 secs] 
27188.406: [GC 27188.407: [ParNew: 440896K->48960K(440896K), 1.1589346 secs] 2057487K->1708618K(4145344K), 1.1594793 secs] [Times: user=3.61 sys=0.04, real=1.16 secs] 
27205.596: [GC 27205.596: [ParNew: 440896K->48960K(440896K), 1.5179673 secs] 2100554K->1764013K(4145344K), 1.5185157 secs] [Times: user=4.14 sys=0.05, real=1.52 secs] 
27221.419: [GC 27221.420: [ParNew: 440896K->48959K(440896K), 1.3722920 secs] 2155949K->1813716K(4145344K), 1.3728216 secs] [Times: user=3.81 sys=0.04, real=1.37 secs] 
27239.221: [GC 27239.221: [ParNew: 440850K->48959K(440896K), 1.1998281 secs] 2205607K->1858186K(4145344K), 1.2003181 secs] [Times: user=3.50 sys=0.03, real=1.20 secs] 
27257.097: [GC 27257.098: [ParNew: 440895K->48959K(440896K), 1.5353868 secs] 2250122K->1911801K(4145344K), 1.5359100 secs] [Times: user=4.11 sys=0.05, real=1.54 secs] 
27276.090: [GC 27276.090: [ParNew: 440895K->48960K(440896K), 1.4371492 secs] 2303737K->1964711K(4145344K), 1.4376566 secs] [Times: user=3.96 sys=0.04, real=1.44 secs] 
27287.851: [GC 27287.852: [ParNew: 440896K->48960K(440896K), 1.5415766 secs] 2356647K->2018175K(4145344K), 1.5421087 secs] [Times: user=3.98 sys=0.04, real=1.54 secs] 
27312.883: [GC 27312.884: [ParNew: 440896K->48960K(440896K), 1.2789435 secs] 2410111K->2065397K(4145344K), 1.2794875 secs] [Times: user=3.84 sys=0.05, real=1.28 secs] 
27330.036: [GC 27330.036: [ParNew: 440896K->48959K(440896K), 1.3101603 secs] 2457333K->2087599K(4145344K), 1.3106707 secs] [Times: user=2.28 sys=0.02, real=1.31 secs] 
27346.403: [GC 27346.403: [ParNew: 440895K->48960K(440896K), 1.6680454 secs] 2479535K->2142434K(4145344K), 1.6685499 secs] [Times: user=4.15 sys=0.04, real=1.67 secs] 
27354.271: [GC 27354.272: [ParNew: 440896K->48959K(440896K), 1.5770592 secs] 2534370K->2197362K(4145344K), 1.5775871 secs] [Times: user=4.39 sys=0.05, real=1.58 secs] 
27365.026: [GC 27365.027: [ParNew: 440895K->48960K(440896K), 1.3985269 secs] 2589298K->2249561K(4145344K), 1.3990671 secs] [Times: user=3.90 sys=0.04, real=1.40 secs] 
27383.464: [GC 27383.464: [ParNew: 440896K->48959K(440896K), 1.2104570 secs] 2641497K->2292697K(4145344K), 1.2109630 secs] [Times: user=3.56 sys=0.05, real=1.21 secs] 
27401.050: [GC 27401.051: [ParNew: 440895K->48959K(440896K), 1.2729937 secs] 2684633K->2340632K(4145344K), 1.2735245 secs] [Times: user=3.70 sys=0.05, real=1.27 secs] 
27419.440: [GC 27419.441: [ParNew: 440895K->48959K(440896K), 1.5703747 secs] 2732568K->2393691K(4145344K), 1.5709312 secs] [Times: user=4.07 sys=0.05, real=1.57 secs] 
27435.334: [GC 27435.335: [ParNew: 440895K->48959K(440896K), 1.3274720 secs] 2785627K->2442844K(4145344K), 1.3279663 secs] [Times: user=3.71 sys=0.03, real=1.33 secs] 
27447.105: [GC 27447.105: [ParNew: 440895K->48959K(440896K), 1.4195630 secs] 2834780K->2494649K(4145344K), 1.4200867 secs] [Times: user=3.94 sys=0.03, real=1.42 secs] 
27463.597: [GC 27463.598: [ParNew: 440895K->48960K(440896K), 1.4955466 secs] 2886585K->2545619K(4145344K), 1.4960725 secs] [Times: user=3.85 sys=0.05, real=1.50 secs] 
27490.869: [GC 27490.870: [ParNew: 440896K->48960K(440896K), 1.4010718 secs] 2937555K->2593305K(4145344K), 1.4016067 secs] [Times: user=3.71 sys=0.05, real=1.40 secs] 
27507.462: [GC 27507.462: [ParNew: 440896K->48960K(440896K), 1.5341064 secs] 2985241K->2646775K(4145344K), 1.5346417 secs] [Times: user=4.05 sys=0.06, real=1.53 secs] 
27526.209: [GC 27526.209: [ParNew: 440896K->48960K(440896K), 1.4627854 secs] 3038711K->2697787K(4145344K), 1.4632970 secs] [Times: user=3.92 sys=0.06, real=1.46 secs] 
27540.477: [GC 27540.478: [ParNew: 440896K->48959K(440896K), 1.5412034 secs] 3089723K->2748581K(4145344K), 1.5417098 secs] [Times: user=3.86 sys=0.07, real=1.54 secs] 
27555.094: [GC 27555.094: [ParNew: 440895K->48960K(440896K), 1.6367243 secs] 3140517K->2803662K(4145344K), 1.6372414 secs] [Times: user=4.19 sys=0.06, real=1.64 secs] 
27574.701: [GC 27574.701: [ParNew: 440896K->48959K(440896K), 1.6368286 secs] 3195598K->2859259K(4145344K), 1.6373559 secs] [Times: user=4.31 sys=0.05, real=1.64 secs] 
27598.244: [GC 27598.244: [ParNew: 440895K->48960K(440896K), 1.3613933 secs] 3251195K->2909863K(4145344K), 1.3619106 secs] [Times: user=3.87 sys=0.04, real=1.36 secs] 
27617.736: [GC 27617.736: [ParNew: 440896K->48959K(440896K), 1.6305381 secs] 3301799K->2964293K(4145344K), 1.6453031 secs] [Times: user=4.14 sys=0.04, real=1.65 secs] 
27634.435: [GC 27634.435: [ParNew: 440895K->48959K(440896K), 1.5039506 secs] 3356229K->3016745K(4145344K), 1.5044339 secs] [Times: user=4.04 sys=0.05, real=1.50 secs] 
27653.337: [GC 27653.338: [ParNew: 440895K->48960K(440896K), 1.5605174 secs] 3408681K->3070004K(4145344K), 1.5610127 secs] [Times: user=3.87 sys=0.05, real=1.56 secs] 
27667.861: [GC 27667.862: [ParNew: 440896K->48959K(440896K), 1.2193607 secs] 3461940K->3114099K(4145344K), 1.2198511 secs] [Times: user=3.45 sys=0.03, real=1.22 secs] 
27683.151: [GC 27683.151: [ParNew: 440895K->48960K(440896K), 1.2793830 secs] 3506035K->3164083K(4145344K), 1.2798959 secs] [Times: user=3.83 sys=0.05, real=1.28 secs] 
27699.204: [GC 27699.205: [ParNew: 440896K->48959K(440896K), 1.6655045 secs] 3556019K->3220848K(4145344K), 1.6660332 secs] [Times: user=4.00 sys=0.04, real=1.67 secs] 
27717.648: [GC 27717.649: [ParNew: 440895K->48960K(440896K), 1.3863176 secs] 3612784K->3269721K(4145344K), 1.3868171 secs] [Times: user=3.57 sys=0.03, real=1.39 secs] 
27744.407: [GC 27744.407: [ParNew: 440896K->48959K(440896K), 1.4321629 secs] 3661657K->3318574K(4145344K), 1.4326761 secs] [Times: user=3.76 sys=0.05, real=1.43 secs] 
27756.760: [GC 27756.761: [ParNew: 440895K->48959K(440896K), 1.6284549 secs] 3710510K->3375804K(4145344K), 1.6289601 secs] [Times: user=4.12 sys=0.03, real=1.63 secs] 
27772.278: [GC 27772.278: [ParNew: 440895K->48959K(440896K), 1.3292424 secs] 3767740K->3427626K(4145344K), 1.3297771 secs] [Times: user=3.98 sys=0.03, real=1.33 secs] 
27773.614: [GC [1 CMS-initial-mark: 3378666K(3704448K)] 3428561K(4145344K), 0.4826748 secs] [Times: user=0.49 sys=0.00, real=0.48 secs] 
27774.097: [CMS-concurrent-mark-start]
27775.094: [CMS-concurrent-mark: 0.997/0.997 secs] [Times: user=7.94 sys=0.06, real=1.00 secs] 
27775.094: [CMS-concurrent-preclean-start]
27775.218: [CMS-concurrent-preclean: 0.123/0.124 secs] [Times: user=0.22 sys=0.01, real=0.12 secs] 
27775.218: [CMS-concurrent-abortable-preclean-start]
 CMS: abort preclean due to time 27780.820: [CMS-concurrent-abortable-preclean: 5.597/5.602 secs] [Times: user=10.35 sys=0.15, real=5.60 secs] 
27780.825: [GC[YG occupancy: 213324 K (440896 K)]27780.826: [Rescan (non-parallel) 27780.826: [grey object rescan, 0.1033475 secs]27780.929: [root rescan, 1.8467586 secs], 1.9503922 secs]27782.776: [weak refs processing, 2.8360119 secs] [1 CMS-remark: 3378666K(3704448K)] 3591991K(4145344K), 4.7881497 secs] [Times: user=4.80 sys=0.01, real=4.79 secs] 
27785.614: [CMS-concurrent-sweep-start]
27796.134: [GC 27796.134: [ParNew: 440895K->48960K(440896K), 1.6096899 secs] 3221515K->2886633K(4145344K), 1.6101899 secs] [Times: user=3.95 sys=0.01, real=1.61 secs] 
27810.840: [GC 27810.841: [ParNew: 440896K->48960K(440896K), 1.2355780 secs] 2610722K->2265108K(4145344K), 1.2360872 secs] [Times: user=3.43 sys=0.01, real=1.24 secs] 
27831.557: [GC 27831.557: [ParNew: 440896K->48960K(440896K), 1.4650227 secs] 1738237K->1402458K(4145344K), 1.4655046 secs] [Times: user=3.82 sys=0.01, real=1.47 secs] 
27845.488: [CMS-concurrent-sweep: 55.512/59.874 secs] [Times: user=118.36 sys=1.68, real=59.87 secs] 
27845.489: [CMS-concurrent-reset-start]
27845.517: [CMS-concurrent-reset: 0.029/0.029 secs] [Times: user=0.05 sys=0.00, real=0.03 secs] 
27849.767: [GC 27849.768: [ParNew: 440896K->48959K(440896K), 1.3395862 secs] 1210509K->866755K(4145344K), 1.3400822 secs] [Times: user=3.41 sys=0.01, real=1.34 secs] 
27871.284: [GC 27871.284: [ParNew: 440895K->48960K(440896K), 1.3221904 secs] 1258691K->918903K(4145344K), 1.3226924 secs] [Times: user=3.55 sys=0.01, real=1.32 secs] 
27886.352: [GC 27886.352: [ParNew: 440896K->48959K(440896K), 1.4276234 secs] 1310839K->971502K(4145344K), 1.4281665 secs] [Times: user=3.62 sys=0.01, real=1.43 secs] 
27900.102: [GC 27900.103: [ParNew: 440895K->48960K(440896K), 1.3571959 secs] 1363438K->1020002K(4145344K), 1.3577150 secs] [Times: user=3.45 sys=0.01, real=1.36 secs] 
27920.611: [GC 27920.611: [ParNew: 440896K->48960K(440896K), 1.5878858 secs] 1411938K->1073269K(4145344K), 1.5884385 secs] [Times: user=4.06 sys=0.02, real=1.59 secs] 
27938.211: [GC 27938.212: [ParNew: 440864K->48960K(440896K), 1.5223048 secs] 1465174K->1126046K(4145344K), 1.5228112 secs] [Times: user=4.17 sys=0.03, real=1.52 secs] 
27965.216: [GC 27965.216: [ParNew: 440896K->48960K(440896K), 1.4938621 secs] 1517982K->1177771K(4145344K), 1.4943901 secs] [Times: user=3.95 sys=0.03, real=1.49 secs] 
27985.707: [GC 27985.707: [ParNew: 440896K->48960K(440896K), 1.2234363 secs] 1569707K->1224228K(4145344K), 1.2239425 secs] [Times: user=3.61 sys=0.04, real=1.22 secs] 
28004.102: [GC 28004.102: [ParNew: 440893K->48960K(440896K), 1.1623198 secs] 1616162K->1272983K(4145344K), 1.1628235 secs] [Times: user=3.62 sys=0.04, real=1.16 secs] 
28023.629: [GC 28023.629: [ParNew: 440896K->48960K(440896K), 1.3715765 secs] 1664919K->1324320K(4145344K), 1.3720947 secs] [Times: user=4.04 sys=0.05, real=1.37 secs] 
28040.364: [GC 28040.364: [ParNew: 440896K->48960K(440896K), 1.4644569 secs] 1716256K->1375724K(4145344K), 1.4649992 secs] [Times: user=3.82 sys=0.04, real=1.47 secs] 
28052.237: [GC 28052.237: [ParNew: 440896K->48959K(440896K), 1.4003992 secs] 1767660K->1425600K(4145344K), 1.4009148 secs] [Times: user=3.94 sys=0.04, real=1.40 secs] 
28071.851: [GC 28071.851: [ParNew: 440895K->48960K(440896K), 1.3934344 secs] 1817536K->1475644K(4145344K), 1.3939039 secs] [Times: user=3.83 sys=0.04, real=1.39 secs] 
28090.888: [GC 28090.889: [ParNew: 440896K->48960K(440896K), 1.4354251 secs] 1867580K->1524095K(4145344K), 1.4359421 secs] [Times: user=3.76 sys=0.04, real=1.44 secs] 
28118.935: [GC 28118.935: [ParNew: 440896K->48959K(440896K), 1.3642012 secs] 1916031K->1573996K(4145344K), 1.3647085 secs] [Times: user=3.73 sys=0.04, real=1.37 secs] 
28149.699: [GC 28149.700: [ParNew: 440895K->48960K(440896K), 1.4203840 secs] 1965932K->1624196K(4145344K), 1.4209225 secs] [Times: user=4.05 sys=0.05, real=1.42 secs] 
28184.943: [GC 28184.943: [ParNew: 440896K->48959K(440896K), 1.1586850 secs] 2016132K->1671168K(4145344K), 1.1592010 secs] [Times: user=3.64 sys=0.04, real=1.16 secs] 
28211.972: [GC 28211.973: [ParNew: 440895K->48960K(440896K), 1.5682181 secs] 2063104K->1726568K(4145344K), 1.5687512 secs] [Times: user=4.04 sys=0.04, real=1.57 secs] 
28232.460: [GC 28232.460: [ParNew: 440896K->48960K(440896K), 1.3123756 secs] 2118504K->1776569K(4145344K), 1.3128645 secs] [Times: user=3.76 sys=0.03, real=1.31 secs] 
28262.075: [GC 28262.075: [ParNew: 440896K->48960K(440896K), 1.8206221 secs] 2168505K->1836004K(4145344K), 1.8211229 secs] [Times: user=4.19 sys=0.04, real=1.82 secs] 
28275.955: [GC 28275.956: [ParNew: 440896K->48959K(440896K), 1.3384639 secs] 2227940K->1881997K(4145344K), 1.3389799 secs] [Times: user=3.77 sys=0.04, real=1.34 secs] 
28298.500: [GC 28298.500: [ParNew: 440895K->48960K(440896K), 1.6266929 secs] 2273933K->1938304K(4145344K), 1.6272016 secs] [Times: user=4.25 sys=0.05, real=1.63 secs] 
28315.818: [GC 28315.819: [ParNew: 440896K->48959K(440896K), 1.4196906 secs] 2330240K->1989030K(4145344K), 1.4202276 secs] [Times: user=3.87 sys=0.04, real=1.42 secs] 
28327.523: [GC 28327.523: [ParNew: 440895K->48960K(440896K), 1.4716932 secs] 2380966K->2042054K(4145344K), 1.4722292 secs] [Times: user=4.12 sys=0.05, real=1.47 secs] 
28342.840: [GC 28342.840: [ParNew: 440896K->48960K(440896K), 1.6054437 secs] 2433990K->2097469K(4145344K), 1.6059554 secs] [Times: user=4.26 sys=0.04, real=1.61 secs] 
28363.751: [GC 28363.751: [ParNew: 440896K->48960K(440896K), 1.4999428 secs] 2489405K->2150075K(4145344K), 1.5004418 secs] [Times: user=3.92 sys=0.04, real=1.50 secs] 
28382.491: [GC 28382.491: [ParNew: 440896K->48960K(440896K), 1.5365612 secs] 2542011K->2202357K(4145344K), 1.5370728 secs] [Times: user=3.92 sys=0.04, real=1.54 secs] 
28399.044: [GC 28399.044: [ParNew: 440896K->48959K(440896K), 1.5031638 secs] 2594293K->2254851K(4145344K), 1.5036796 secs] [Times: user=3.88 sys=0.04, real=1.50 secs] 
28415.151: [GC 28415.151: [ParNew: 440895K->48959K(440896K), 1.3028274 secs] 2646787K->2302631K(4145344K), 1.3033318 secs] [Times: user=3.66 sys=0.05, real=1.32 secs] 
28432.088: [GC 28432.088: [ParNew: 440895K->48960K(440896K), 1.1886402 secs] 2694567K->2351329K(4145344K), 1.1891313 secs] [Times: user=3.72 sys=0.05, real=1.19 secs] 
28444.991: [GC 28444.992: [ParNew: 440896K->48960K(440896K), 1.2063012 secs] 2743265K->2398807K(4145344K), 1.2068516 secs] [Times: user=3.66 sys=0.06, real=1.21 secs] 
28456.565: [GC 28456.566: [ParNew: 440896K->48960K(440896K), 1.6705151 secs] 2790743K->2457121K(4145344K), 1.6710337 secs] [Times: user=4.12 sys=0.06, real=1.67 secs] 
28467.803: [GC 28467.803: [ParNew: 440896K->48960K(440896K), 1.6259637 secs] 2849057K->2512754K(4145344K), 1.6264710 secs] [Times: user=4.15 sys=0.04, real=1.63 secs] 
28481.965: [GC 28481.966: [ParNew: 440896K->48959K(440896K), 1.6525930 secs] 2904690K->2567647K(4145344K), 1.6531384 secs] [Times: user=4.15 sys=0.05, real=1.65 secs] 
28508.167: [GC 28508.167: [ParNew: 440895K->48960K(440896K), 1.4079769 secs] 2959583K->2615520K(4145344K), 1.4084473 secs] [Times: user=3.76 sys=0.05, real=1.41 secs] 
28532.363: [GC 28532.363: [ParNew: 440896K->48960K(440896K), 1.2250273 secs] 3007456K->2663364K(4145344K), 1.2254995 secs] [Times: user=3.65 sys=0.07, real=1.23 secs] 
28545.315: [GC 28545.315: [ParNew: 440896K->48959K(440896K), 1.7416639 secs] 3055300K->2718431K(4145344K), 1.7421632 secs] [Times: user=4.11 sys=0.07, real=1.74 secs] 
28556.733: [GC 28556.733: [ParNew: 440895K->48960K(440896K), 1.2162349 secs] 3110367K->2764854K(4145344K), 1.2167568 secs] [Times: user=4.02 sys=0.05, real=1.22 secs] 
28574.376: [GC 28574.377: [ParNew: 440896K->48960K(440896K), 1.5201359 secs] 3156790K->2820602K(4145344K), 1.5206131 secs] [Times: user=4.12 sys=0.07, real=1.52 secs] 
28598.558: [GC 28598.559: [ParNew: 440884K->48959K(440896K), 1.3955482 secs] 3212526K->2867637K(4145344K), 1.3960492 secs] [Times: user=3.71 sys=0.05, real=1.40 secs] 
28617.731: [GC 28617.732: [ParNew: 440895K->48959K(440896K), 1.6617720 secs] 3259573K->2923644K(4145344K), 1.6622765 secs] [Times: user=4.07 sys=0.06, real=1.66 secs] 
28638.398: [GC 28638.398: [ParNew: 440895K->48960K(440896K), 1.3748696 secs] 3315580K->2971115K(4145344K), 1.3753783 secs] [Times: user=3.91 sys=0.05, real=1.38 secs] 
28664.417: [GC 28664.417: [ParNew: 440896K->48960K(440896K), 1.2471501 secs] 3363051K->3018707K(4145344K), 1.2476282 secs] [Times: user=3.59 sys=0.06, real=1.25 secs] 
28700.160: [GC 28700.160: [ParNew: 440896K->48960K(440896K), 1.4440963 secs] 3410643K->3067884K(4145344K), 1.4445902 secs] [Times: user=4.08 sys=0.05, real=1.44 secs] 
28723.240: [GC 28723.240: [ParNew: 440896K->48960K(440896K), 1.5894258 secs] 3459820K->3122261K(4145344K), 1.5899397 secs] [Times: user=4.15 sys=0.05, real=1.59 secs] 
28755.710: [GC 28755.710: [ParNew: 440895K->48959K(440896K), 1.6448446 secs] 3514196K->3176869K(4145344K), 1.6453675 secs] [Times: user=4.01 sys=0.03, real=1.65 secs] 
28776.799: [GC 28776.800: [ParNew: 440895K->48959K(440896K), 1.4054589 secs] 3568805K->3225285K(4145344K), 1.4059910 secs] [Times: user=3.95 sys=0.05, real=1.41 secs] 
28806.191: [GC 28806.192: [ParNew: 440895K->48960K(440896K), 1.3677740 secs] 3617221K->3276383K(4145344K), 1.3682556 secs] [Times: user=3.85 sys=0.05, real=1.37 secs] 
28841.392: [GC 28841.393: [ParNew: 440896K->48959K(440896K), 1.8047930 secs] 3668319K->3333956K(4145344K), 1.8052957 secs] [Times: user=4.35 sys=0.05, real=1.81 secs] 
28858.246: [GC 28858.246: [ParNew: 440895K->48960K(440896K), 1.3606283 secs] 3725892K->3383659K(4145344K), 1.3612104 secs] [Times: user=4.26 sys=0.04, real=1.36 secs] 
28874.926: [GC 28874.926: [ParNew: 440896K->48959K(440896K), 1.4661882 secs] 3775595K->3436885K(4145344K), 1.4666957 secs] [Times: user=3.83 sys=0.03, real=1.47 secs] 
28876.398: [GC [1 CMS-initial-mark: 3387925K(3704448K)] 3438692K(4145344K), 0.4504299 secs] [Times: user=0.45 sys=0.01, real=0.45 secs] 
28876.849: [CMS-concurrent-mark-start]
28877.748: [CMS-concurrent-mark: 0.899/0.899 secs] [Times: user=7.28 sys=0.05, real=0.90 secs] 
28877.749: [CMS-concurrent-preclean-start]
28877.867: [CMS-concurrent-preclean: 0.118/0.119 secs] [Times: user=0.25 sys=0.00, real=0.12 secs] 
28877.868: [CMS-concurrent-abortable-preclean-start]
 CMS: abort preclean due to time 28883.068: [CMS-concurrent-abortable-preclean: 5.192/5.201 secs] [Times: user=9.19 sys=0.13, real=5.20 secs] 
28883.074: [GC[YG occupancy: 197074 K (440896 K)]28883.074: [Rescan (non-parallel) 28883.074: [grey object rescan, 0.1114466 secs]28883.186: [root rescan, 1.7636360 secs], 1.8753525 secs]28884.949: [weak refs processing, 2.9940957 secs] [1 CMS-remark: 3387925K(3704448K)] 3584999K(4145344K), 4.8713323 secs] [Times: user=4.88 sys=0.01, real=4.87 secs] 
28887.946: [CMS-concurrent-sweep-start]
28894.685: [GC 28894.686: [ParNew: 440895K->48959K(440896K), 1.1614651 secs] 3495742K->3146363K(4145344K), 1.1620372 secs] [Times: user=3.59 sys=0.02, real=1.16 secs] 
28924.696: [GC 28924.696: [ParNew: 440895K->48960K(440896K), 1.2306943 secs] 2338790K->1996532K(4145344K), 1.2311832 secs] [Times: user=3.58 sys=0.02, real=1.23 secs] 
28951.791: [GC 28951.791: [ParNew: 440896K->48959K(440896K), 1.2852778 secs] 1362659K->1018308K(4145344K), 1.2857493 secs] [Times: user=3.52 sys=0.01, real=1.29 secs] 
28958.576: [CMS-concurrent-sweep: 66.889/70.630 secs] [Times: user=123.13 sys=1.68, real=70.63 secs] 
28958.576: [CMS-concurrent-reset-start]
28958.605: [CMS-concurrent-reset: 0.029/0.029 secs] [Times: user=0.03 sys=0.00, real=0.03 secs] 
28972.425: [GC 28972.426: [ParNew: 440895K->48960K(440896K), 1.3763747 secs] 1176102K->836595K(4145344K), 1.3769027 secs] [Times: user=3.64 sys=0.01, real=1.38 secs] 
29004.462: [GC 29004.462: [ParNew: 440896K->48959K(440896K), 1.2873420 secs] 1228531K->883667K(4145344K), 1.2878119 secs] [Times: user=3.35 sys=0.02, real=1.29 secs] 
29028.751: [GC 29028.751: [ParNew: 440895K->48960K(440896K), 1.1218373 secs] 1275603K->930132K(4145344K), 1.1223343 secs] [Times: user=3.30 sys=0.02, real=1.12 secs] 
29041.926: [GC 29041.927: [ParNew: 440896K->48959K(440896K), 1.5714338 secs] 1322068K->983469K(4145344K), 1.5719281 secs] [Times: user=3.85 sys=0.01, real=1.57 secs] 
29058.689: [GC 29058.689: [ParNew: 440895K->48959K(440896K), 1.4682053 secs] 1375405K->1034687K(4145344K), 1.4687045 secs] [Times: user=4.30 sys=0.02, real=1.47 secs] 
29079.452: [GC 29079.452: [ParNew: 440895K->48960K(440896K), 1.4803549 secs] 1426623K->1083500K(4145344K), 1.4808267 secs] [Times: user=3.81 sys=0.05, real=1.48 secs] 
29102.652: [GC 29102.652: [ParNew: 440896K->48960K(440896K), 1.3762514 secs] 1475436K->1134080K(4145344K), 1.3767592 secs] [Times: user=3.80 sys=0.05, real=1.38 secs] 
29136.109: [GC 29136.109: [ParNew: 440896K->48959K(440896K), 1.4055444 secs] 1526016K->1186477K(4145344K), 1.4059939 secs] [Times: user=3.84 sys=0.06, real=1.41 secs] 
29150.581: [GC 29150.581: [ParNew: 440895K->48960K(440896K), 1.3936501 secs] 1578413K->1236450K(4145344K), 1.3941424 secs] [Times: user=3.71 sys=0.06, real=1.39 secs] 
29201.744: [GC 29201.744: [ParNew: 440896K->48959K(440896K), 1.0925564 secs] 1628386K->1277540K(4145344K), 1.0930464 secs] [Times: user=3.53 sys=0.06, real=1.09 secs] 
29225.919: [GC 29225.920: [ParNew: 440895K->48960K(440896K), 1.7287863 secs] 1669476K->1334873K(4145344K), 1.7292647 secs] [Times: user=4.24 sys=0.06, real=1.73 secs] 
29251.919: [GC 29251.919: [ParNew: 440896K->48959K(440896K), 1.4072907 secs] 1726809K->1385226K(4145344K), 1.4077549 secs] [Times: user=3.75 sys=0.04, real=1.41 secs] 
29261.794: [GC 29261.794: [ParNew: 440895K->48959K(440896K), 1.5791490 secs] 1777162K->1438543K(4145344K), 1.5796555 secs] [Times: user=3.91 sys=0.06, real=1.58 secs] 
29289.340: [GC 29289.340: [ParNew: 440895K->48959K(440896K), 0.9469307 secs] 1830479K->1479712K(4145344K), 0.9474218 secs] [Times: user=3.43 sys=0.05, real=0.95 secs] 
29303.111: [GC 29303.112: [ParNew: 440895K->48960K(440896K), 1.7963019 secs] 1871648K->1538071K(4145344K), 1.7968019 secs] [Times: user=4.15 sys=0.05, real=1.80 secs] 
29338.909: [GC 29338.910: [ParNew: 440886K->48960K(440896K), 1.2302503 secs] 1929998K->1582771K(4145344K), 1.2307683 secs] [Times: user=4.08 sys=0.04, real=1.23 secs] 
29354.273: [GC 29354.283: [ParNew: 440896K->48959K(440896K), 1.5470883 secs] 1974707K->1637201K(4145344K), 1.5477008 secs] [Times: user=4.00 sys=0.05, real=1.56 secs] 
29390.420: [GC 29390.421: [ParNew: 440895K->48960K(440896K), 1.3767277 secs] 2029137K->1687123K(4145344K), 1.3772230 secs] [Times: user=3.73 sys=0.04, real=1.38 secs] 
29408.117: [GC 29408.118: [ParNew: 440887K->48960K(440896K), 1.4264418 secs] 2079050K->1738418K(4145344K), 1.4269776 secs] [Times: user=3.98 sys=0.04, real=1.43 secs] 
29417.666: [GC 29417.666: [ParNew: 440896K->48960K(440896K), 1.1647705 secs] 2130354K->1787607K(4145344K), 1.1652826 secs] [Times: user=3.81 sys=0.05, real=1.17 secs] 
29431.224: [GC 29431.225: [ParNew: 440896K->48960K(440896K), 1.5932284 secs] 2179543K->1840667K(4145344K), 1.5937734 secs] [Times: user=3.91 sys=0.04, real=1.59 secs] 
29440.295: [GC 29440.295: [ParNew: 440896K->48959K(440896K), 1.1931292 secs] 2232603K->1886818K(4145344K), 1.1936459 secs] [Times: user=3.75 sys=0.05, real=1.19 secs] 
29473.210: [GC 29473.210: [ParNew: 440895K->48959K(440896K), 1.4621887 secs] 2278754K->1941892K(4145344K), 1.4627176 secs] [Times: user=4.17 sys=0.06, real=1.46 secs] 
29483.061: [GC 29483.061: [ParNew: 440895K->48960K(440896K), 1.4541897 secs] 2333828K->1990328K(4145344K), 1.4547270 secs] [Times: user=3.78 sys=0.05, real=1.46 secs] 
29524.773: [GC 29524.773: [ParNew: 440896K->48959K(440896K), 1.4148300 secs] 2382264K->2040649K(4145344K), 1.4153560 secs] [Times: user=3.90 sys=0.05, real=1.42 secs] 
29542.137: [GC 29542.137: [ParNew: 440895K->48960K(440896K), 1.0615236 secs] 2432585K->2084541K(4145344K), 1.0620562 secs] [Times: user=3.53 sys=0.05, real=1.06 secs] 
29556.656: [GC 29556.657: [ParNew: 440896K->48960K(440896K), 1.6040472 secs] 2476477K->2138979K(4145344K), 1.6045617 secs] [Times: user=3.95 sys=0.06, real=1.60 secs] 
29586.137: [GC 29586.137: [ParNew: 440896K->48960K(440896K), 1.2037247 secs] 2530915K->2181601K(4145344K), 1.2042783 secs] [Times: user=3.47 sys=0.04, real=1.20 secs] 
29613.417: [GC 29613.418: [ParNew: 440896K->48959K(440896K), 1.4104111 secs] 2573537K->2233995K(4145344K), 1.4109204 secs] [Times: user=3.88 sys=0.05, real=1.41 secs] 
29652.096: [GC 29652.097: [ParNew: 440895K->48960K(440896K), 1.4626578 secs] 2625931K->2284776K(4145344K), 1.4631628 secs] [Times: user=3.81 sys=0.05, real=1.46 secs] 
29697.970: [GC 29697.970: [ParNew: 440896K->48959K(440896K), 1.2703051 secs] 2676712K->2331398K(4145344K), 1.2708045 secs] [Times: user=3.64 sys=0.05, real=1.27 secs] 
29726.694: [GC 29726.695: [ParNew: 440895K->48960K(440896K), 1.3677626 secs] 2723334K->2384481K(4145344K), 1.3682737 secs] [Times: user=3.91 sys=0.05, real=1.37 secs] 
29751.787: [GC 29751.788: [ParNew: 440896K->48960K(440896K), 1.4020800 secs] 2776417K->2434948K(4145344K), 1.4025928 secs] [Times: user=3.95 sys=0.06, real=1.40 secs] 
29775.723: [GC 29775.724: [ParNew: 440896K->48959K(440896K), 1.3873322 secs] 2826884K->2481831K(4145344K), 1.3878439 secs] [Times: user=3.71 sys=0.07, real=1.39 secs] 
29806.983: [GC 29806.983: [ParNew: 440895K->48960K(440896K), 1.3782632 secs] 2873767K->2533989K(4145344K), 1.3788332 secs] [Times: user=3.70 sys=0.07, real=1.38 secs] 
29817.225: [GC 29817.225: [ParNew: 440896K->48960K(440896K), 1.5539206 secs] 2925925K->2587820K(4145344K), 1.5544443 secs] [Times: user=4.02 sys=0.06, real=1.55 secs] 
29827.113: [GC 29827.113: [ParNew: 440896K->48960K(440896K), 1.6992112 secs] 2979756K->2641865K(4145344K), 1.6997654 secs] [Times: user=3.99 sys=0.07, real=1.70 secs] 
29847.742: [GC 29847.743: [ParNew: 440896K->48960K(440896K), 1.3455996 secs] 3033801K->2684433K(4145344K), 1.3460912 secs] [Times: user=3.46 sys=0.06, real=1.35 secs] 
29863.492: [GC 29863.492: [ParNew: 440896K->48960K(440896K), 1.8144118 secs] 3076369K->2743805K(4145344K), 1.8149159 secs] [Times: user=4.30 sys=0.07, real=1.82 secs] 
29895.833: [GC 29895.833: [ParNew: 440896K->48960K(440896K), 1.6471544 secs] 3135741K->2797989K(4145344K), 1.6477174 secs] [Times: user=4.17 sys=0.05, real=1.65 secs] 
29908.324: [GC 29908.324: [ParNew: 440896K->48959K(440896K), 1.1775067 secs] 3189925K->2842320K(4145344K), 1.1780276 secs] [Times: user=3.70 sys=0.04, real=1.18 secs] 
29946.863: [GC 29946.863: [ParNew: 440895K->48960K(440896K), 1.3021669 secs] 3234256K->2892933K(4145344K), 1.3026652 secs] [Times: user=3.78 sys=0.05, real=1.30 secs] 
29962.208: [GC 29962.208: [ParNew: 440896K->48960K(440896K), 1.7163870 secs] 3284869K->2949453K(4145344K), 1.7169134 secs] [Times: user=4.14 sys=0.04, real=1.72 secs] 
29988.430: [GC 29988.430: [ParNew: 440896K->48959K(440896K), 1.3884822 secs] 3341389K->2998626K(4145344K), 1.3889708 secs] [Times: user=3.77 sys=0.04, real=1.39 secs] 
30014.761: [GC 30014.761: [ParNew: 440895K->48960K(440896K), 1.6013375 secs] 3390562K->3049120K(4145344K), 1.6018257 secs] [Times: user=3.90 sys=0.04, real=1.60 secs] 
30037.930: [GC 30037.931: [ParNew: 440896K->48960K(440896K), 1.0679788 secs] 3441056K->3093227K(4145344K), 1.0684968 secs] [Times: user=3.54 sys=0.04, real=1.07 secs] 
30054.906: [GC 30054.907: [ParNew: 440896K->48960K(440896K), 1.9186584 secs] 3485163K->3153066K(4145344K), 1.9191627 secs] [Times: user=4.40 sys=0.05, real=1.92 secs] 
30069.481: [GC 30069.481: [ParNew: 440896K->48960K(440896K), 1.5539776 secs] 3545002K->3208473K(4145344K), 1.5545364 secs] [Times: user=4.14 sys=0.04, real=1.55 secs] 
30087.652: [GC 30087.652: [ParNew: 440896K->48959K(440896K), 1.2487835 secs] 3600409K->3257078K(4145344K), 1.2493116 secs] [Times: user=3.74 sys=0.04, real=1.25 secs] 
30140.515: [GC 30140.516: [ParNew: 440895K->48960K(440896K), 1.2520654 secs] 3649014K->3306954K(4145344K), 1.2525982 secs] [Times: user=3.64 sys=0.04, real=1.25 secs] 
30145.484: [GC 30145.484: [ParNew: 440896K->48959K(440896K), 1.2486671 secs] 3698890K->3362164K(4145344K), 1.2491863 secs] [Times: user=4.07 sys=0.04, real=1.25 secs] 
30153.932: [GC 30153.932: [ParNew: 440895K->48960K(440896K), 2.0153654 secs] 3754100K->3429871K(4145344K), 2.0159015 secs] [Times: user=4.61 sys=0.03, real=2.02 secs] 
30155.954: [GC [1 CMS-initial-mark: 3380911K(3704448K)] 3430849K(4145344K), 0.3123508 secs] [Times: user=0.32 sys=0.00, real=0.31 secs] 
30156.267: [CMS-concurrent-mark-start]
30157.197: [CMS-concurrent-mark: 0.901/0.930 secs] [Times: user=8.48 sys=0.09, real=0.93 secs] 
30157.197: [CMS-concurrent-preclean-start]
30157.330: [CMS-concurrent-preclean: 0.131/0.132 secs] [Times: user=0.35 sys=0.01, real=0.13 secs] 
30157.330: [CMS-concurrent-abortable-preclean-start]
 CMS: abort preclean due to time 30162.710: [CMS-concurrent-abortable-preclean: 5.363/5.379 secs] [Times: user=12.10 sys=0.19, real=5.38 secs] 
30162.714: [GC[YG occupancy: 298409 K (440896 K)]30162.714: [Rescan (non-parallel) 30162.714: [grey object rescan, 0.1033555 secs]30162.818: [root rescan, 2.5268197 secs], 2.6304964 secs]30165.345: [weak refs processing, 3.2681023 secs] [1 CMS-remark: 3380911K(3704448K)] 3679321K(4145344K), 5.9007856 secs] [Times: user=5.91 sys=0.00, real=5.90 secs] 
30168.616: [CMS-concurrent-sweep-start]
30172.228: [GC 30172.228: [ParNew: 440896K->48959K(440896K), 1.0998024 secs] 3599652K->3242468K(4145344K), 1.1003322 secs] [Times: user=2.94 sys=0.01, real=1.10 secs] 
30203.089: [GC 30203.090: [ParNew: 440895K->48960K(440896K), 1.4250790 secs] 2221560K->1882632K(4145344K), 1.4255930 secs] [Times: user=3.68 sys=0.02, real=1.43 secs] 
30212.725: [GC 30212.726: [ParNew: 440896K->48959K(440896K), 1.3517930 secs] 1929026K->1586821K(4145344K), 1.3523083 secs] [Times: user=3.78 sys=0.01, real=1.35 secs] 
30222.215: [GC 30222.216: [ParNew: 440895K->48959K(440896K), 1.5672633 secs] 1625529K->1294239K(4145344K), 1.5677875 secs] [Times: user=4.08 sys=0.01, real=1.57 secs] 
30234.093: [CMS-concurrent-sweep: 59.941/65.477 secs] [Times: user=136.02 sys=1.94, real=65.48 secs] 
30234.093: [CMS-concurrent-reset-start]
30234.122: [CMS-concurrent-reset: 0.029/0.029 secs] [Times: user=0.03 sys=0.00, real=0.03 secs] 
30244.026: [GC 30244.026: [ParNew: 440895K->48959K(440896K), 1.1809615 secs] 1232089K->887787K(4145344K), 1.1814389 secs] [Times: user=3.53 sys=0.01, real=1.18 secs] 
30260.964: [GC 30260.964: [ParNew: 440895K->48960K(440896K), 1.4278381 secs] 1279723K->941417K(4145344K), 1.4385757 secs] [Times: user=3.60 sys=0.02, real=1.44 secs] 
30276.645: [GC 30276.645: [ParNew: 440896K->48959K(440896K), 1.3973307 secs] 1333353K->993148K(4145344K), 1.3978610 secs] [Times: user=3.51 sys=0.02, real=1.40 secs] 
30308.334: [GC 30308.335: [ParNew: 440895K->48960K(440896K), 1.1897744 secs] 1385084K->1036320K(4145344K), 1.1902770 secs] [Times: user=3.27 sys=0.01, real=1.19 secs] 
30341.620: [GC 30341.620: [ParNew: 440896K->48960K(440896K), 1.5408563 secs] 1428256K->1089635K(4145344K), 1.5413742 secs] [Times: user=4.24 sys=0.01, real=1.54 secs] 
30355.485: [GC 30355.485: [ParNew: 440896K->48960K(440896K), 1.3299420 secs] 1481571K->1140757K(4145344K), 1.3304035 secs] [Times: user=3.98 sys=0.04, real=1.33 secs] 
30368.278: [GC 30368.279: [ParNew: 440896K->48960K(440896K), 1.6182716 secs] 1532693K->1197346K(4145344K), 1.6187812 secs] [Times: user=4.16 sys=0.04, real=1.62 secs] 
30391.439: [GC 30391.439: [ParNew: 440846K->48960K(440896K), 1.4913392 secs] 1589233K->1251191K(4145344K), 1.4918491 secs] [Times: user=4.14 sys=0.04, real=1.49 secs] 
30414.016: [GC 30414.016: [ParNew: 440849K->48959K(440896K), 1.2949663 secs] 1643081K->1297844K(4145344K), 1.2954912 secs] [Times: user=3.63 sys=0.03, real=1.30 secs] 
30444.200: [GC 30444.201: [ParNew: 440892K->48960K(440896K), 1.6015621 secs] 1689777K->1346240K(4145344K), 1.6020666 secs] [Times: user=3.70 sys=0.04, real=1.60 secs] 
30459.330: [GC 30459.330: [ParNew: 440896K->48959K(440896K), 1.5690837 secs] 1738176K->1398848K(4145344K), 1.5695628 secs] [Times: user=4.21 sys=0.05, real=1.57 secs] 
30476.208: [GC 30476.208: [ParNew: 440895K->48959K(440896K), 1.2880931 secs] 1790784K->1449140K(4145344K), 1.2885799 secs] [Times: user=3.83 sys=0.04, real=1.29 secs] 
30511.768: [GC 30511.768: [ParNew: 440895K->48960K(440896K), 1.3532204 secs] 1841076K->1501083K(4145344K), 1.3537506 secs] [Times: user=3.89 sys=0.04, real=1.35 secs] 
30531.366: [GC 30531.366: [ParNew: 440896K->48960K(440896K), 1.4197066 secs] 1893019K->1551898K(4145344K), 1.4202106 secs] [Times: user=3.84 sys=0.04, real=1.42 secs] 
30579.920: [GC 30579.920: [ParNew: 440896K->48960K(440896K), 1.3260185 secs] 1943834K->1601443K(4145344K), 1.3265469 secs] [Times: user=3.78 sys=0.05, real=1.33 secs] 
30601.933: [GC 30601.934: [ParNew: 440896K->48960K(440896K), 1.6679154 secs] 1993379K->1664558K(4145344K), 1.6684414 secs] [Times: user=4.67 sys=0.04, real=1.67 secs] 
30613.521: [GC 30613.521: [ParNew: 440896K->48960K(440896K), 1.1983284 secs] 2056494K->1705706K(4145344K), 1.1988727 secs] [Times: user=3.47 sys=0.03, real=1.20 secs] 
30640.023: [GC 30640.023: [ParNew: 440896K->48960K(440896K), 1.6907732 secs] 2097642K->1756447K(4145344K), 1.6913080 secs] [Times: user=3.75 sys=0.04, real=1.69 secs] 
30660.966: [GC 30660.966: [ParNew: 440896K->48959K(440896K), 1.2715902 secs] 2148383K->1795089K(4145344K), 1.2720847 secs] [Times: user=3.32 sys=0.04, real=1.27 secs] 
30676.220: [GC 30676.220: [ParNew: 440895K->48960K(440896K), 1.5909790 secs] 2187025K->1850232K(4145344K), 1.5914849 secs] [Times: user=4.08 sys=0.04, real=1.59 secs] 
30701.269: [GC 30701.269: [ParNew: 440896K->48960K(440896K), 1.5721540 secs] 2242168K->1904713K(4145344K), 1.5726729 secs] [Times: user=4.17 sys=0.05, real=1.57 secs] 
30722.207: [GC 30722.208: [ParNew: 440896K->48960K(440896K), 1.4307861 secs] 2296649K->1954317K(4145344K), 1.4313006 secs] [Times: user=3.71 sys=0.04, real=1.43 secs] 
30757.226: [GC 30757.226: [ParNew: 440896K->48960K(440896K), 1.5823849 secs] 2346253K->2007915K(4145344K), 1.5828797 secs] [Times: user=3.97 sys=0.04, real=1.58 secs] 
30773.879: [GC 30773.879: [ParNew: 440896K->48960K(440896K), 1.4998536 secs] 2399851K->2061734K(4145344K), 1.5003239 secs] [Times: user=3.96 sys=0.05, real=1.50 secs] 
30818.583: [GC 30818.583: [ParNew: 440896K->48959K(440896K), 1.2265446 secs] 2453670K->2109395K(4145344K), 1.2270666 secs] [Times: user=3.64 sys=0.05, real=1.23 secs] 
30831.094: [GC 30831.094: [ParNew: 440895K->48960K(440896K), 1.6474955 secs] 2501331K->2168184K(4145344K), 1.6479753 secs] [Times: user=4.30 sys=0.06, real=1.65 secs] 
30849.137: [GC 30849.137: [ParNew: 440896K->48960K(440896K), 1.7942907 secs] 2560120K->2226304K(4145344K), 1.7948035 secs] [Times: user=4.17 sys=0.06, real=1.80 secs] 
30896.245: [GC 30896.245: [ParNew: 440896K->48959K(440896K), 1.4891390 secs] 2618240K->2270401K(4145344K), 1.4896398 secs] [Times: user=3.83 sys=0.05, real=1.49 secs] 
30904.724: [GC 30904.724: [ParNew: 440895K->48960K(440896K), 1.4128103 secs] 2662337K->2324873K(4145344K), 1.4133188 secs] [Times: user=4.07 sys=0.07, real=1.41 secs] 
30924.823: [GC 30924.823: [ParNew: 440896K->48960K(440896K), 1.6082935 secs] 2716809K->2380656K(4145344K), 1.6088330 secs] [Times: user=4.36 sys=0.07, real=1.61 secs] 
30959.671: [GC 30959.671: [ParNew: 440896K->48959K(440896K), 1.4916641 secs] 2772592K->2428535K(4145344K), 1.4921683 secs] [Times: user=3.91 sys=0.05, real=1.49 secs] 
30990.061: [GC 30990.061: [ParNew: 440895K->48960K(440896K), 1.2960008 secs] 2820471K->2476963K(4145344K), 1.2964854 secs] [Times: user=3.73 sys=0.06, real=1.30 secs] 
31007.868: [GC 31007.868: [ParNew: 440896K->48960K(440896K), 1.7912620 secs] 2868899K->2531583K(4145344K), 1.7917439 secs] [Times: user=4.06 sys=0.06, real=1.79 secs] 
31019.313: [GC 31019.313: [ParNew: 440896K->48960K(440896K), 1.2174395 secs] 2923519K->2579286K(4145344K), 1.2179540 secs] [Times: user=3.75 sys=0.05, real=1.22 secs] 
31038.006: [GC 31038.007: [ParNew: 440896K->48959K(440896K), 1.4993298 secs] 2971222K->2632788K(4145344K), 1.4998304 secs] [Times: user=3.95 sys=0.04, real=1.50 secs] 
31060.770: [GC 31060.770: [ParNew: 440895K->48960K(440896K), 1.3702908 secs] 3024724K->2682093K(4145344K), 1.3707709 secs] [Times: user=3.77 sys=0.04, real=1.37 secs] 
31092.430: [GC 31092.430: [ParNew: 440896K->48960K(440896K), 1.4702802 secs] 3074029K->2734637K(4145344K), 1.4707816 secs] [Times: user=3.89 sys=0.04, real=1.47 secs] 
31116.495: [GC 31116.496: [ParNew: 440896K->48960K(440896K), 1.5682029 secs] 3126573K->2788027K(4145344K), 1.5687328 secs] [Times: user=4.00 sys=0.04, real=1.57 secs] 
31147.476: [GC 31147.477: [ParNew: 440896K->48960K(440896K), 1.2574066 secs] 3179963K->2835738K(4145344K), 1.2579148 secs] [Times: user=3.64 sys=0.04, real=1.26 secs] 
31166.574: [GC 31166.574: [ParNew: 440896K->48959K(440896K), 1.7278121 secs] 3227674K->2892460K(4145344K), 1.7283186 secs] [Times: user=4.07 sys=0.03, real=1.73 secs] 
31192.822: [GC 31192.822: [ParNew: 440895K->48959K(440896K), 1.3823500 secs] 3284396K->2939580K(4145344K), 1.3828459 secs] [Times: user=3.68 sys=0.03, real=1.38 secs] 
31232.799: [GC 31232.799: [ParNew: 440894K->48960K(440896K), 1.6587804 secs] 3331515K->2995530K(4145344K), 1.6592821 secs] [Times: user=4.11 sys=0.05, real=1.66 secs] 
31263.220: [GC 31263.220: [ParNew: 440896K->48959K(440896K), 1.1889802 secs] 3387466K->3042272K(4145344K), 1.1894413 secs] [Times: user=3.64 sys=0.04, real=1.19 secs] 
31272.026: [GC 31272.026: [ParNew: 440895K->48960K(440896K), 1.4872960 secs] 3434208K->3097718K(4145344K), 1.4878015 secs] [Times: user=4.09 sys=0.04, real=1.49 secs] 
31291.885: [GC 31291.885: [ParNew: 440885K->48960K(440896K), 1.3952428 secs] 3489644K->3150632K(4145344K), 1.3957127 secs] [Times: user=3.82 sys=0.04, real=1.40 secs] 
31315.201: [GC 31315.202: [ParNew: 440896K->48960K(440896K), 1.3872996 secs] 3542568K->3197668K(4145344K), 1.3878028 secs] [Times: user=3.57 sys=0.03, real=1.39 secs] 
31383.054: [GC 31383.054: [ParNew: 440896K->48960K(440896K), 1.2285859 secs] 3589604K->3246146K(4145344K), 1.2291497 secs] [Times: user=3.79 sys=0.04, real=1.23 secs] 
31388.212: [GC 31388.212: [ParNew: 440896K->48959K(440896K), 1.5087978 secs] 3638082K->3298293K(4145344K), 1.5093272 secs] [Times: user=4.06 sys=0.04, real=1.51 secs] 
31414.554: [GC 31414.554: [ParNew: 440895K->48959K(440896K), 1.2402131 secs] 3690229K->3347129K(4145344K), 1.2407248 secs] [Times: user=3.72 sys=0.04, real=1.24 secs] 
31440.220: [GC 31440.220: [ParNew: 440864K->48960K(440896K), 1.5952808 secs] 3739034K->3392902K(4145344K), 1.5957841 secs] [Times: user=3.59 sys=0.02, real=1.60 secs] 
31473.099: [GC 31473.099: [ParNew: 440896K->48959K(440896K), 1.6767093 secs] 3784838K->3450441K(4145344K), 1.6866425 secs] [Times: user=4.12 sys=0.03, real=1.69 secs] 
31486.120: [GC 31486.121: [ParNew: 440895K->48960K(440896K), 1.3310136 secs] 3842377K->3501681K(4145344K), 1.3315142 secs] [Times: user=3.91 sys=0.03, real=1.33 secs] 
31487.457: [GC [1 CMS-initial-mark: 3452721K(3704448K)] 3502279K(4145344K), 0.4775530 secs] [Times: user=0.48 sys=0.00, real=0.48 secs] 
31487.936: [CMS-concurrent-mark-start]
31488.735: [CMS-concurrent-mark: 0.789/0.799 secs] [Times: user=6.61 sys=0.07, real=0.80 secs] 
31488.735: [CMS-concurrent-preclean-start]
31488.867: [CMS-concurrent-preclean: 0.131/0.132 secs] [Times: user=0.36 sys=0.01, real=0.13 secs] 
31488.868: [CMS-concurrent-abortable-preclean-start]
 CMS: abort preclean due to time 31493.908: [CMS-concurrent-abortable-preclean: 5.036/5.040 secs] [Times: user=7.90 sys=0.10, real=5.04 secs] 
31493.913: [GC[YG occupancy: 172199 K (440896 K)]31493.913: [Rescan (non-parallel) 31493.913: [grey object rescan, 0.1036500 secs]31494.017: [root rescan, 1.5494726 secs], 1.6534033 secs]31495.567: [weak refs processing, 4.0545864 secs] [1 CMS-remark: 3452721K(3704448K)] 3624921K(4145344K), 5.7102152 secs] [Times: user=5.72 sys=0.01, real=5.71 secs] 
31499.624: [CMS-concurrent-sweep-start]
31507.272: [GC 31507.272: [ParNew: 440896K->48959K(440896K), 1.4833338 secs] 3423090K->3087443K(4145344K), 1.4838284 secs] [Times: user=3.83 sys=0.01, real=1.48 secs] 
31515.429: [GC 31515.429: [ParNew: 440895K->48959K(440896K), 1.4396163 secs] 3097127K->2756701K(4145344K), 1.4400749 secs] [Times: user=3.77 sys=0.02, real=1.44 secs] 
31555.146: [CMS-concurrent-sweep: 52.536/55.522 secs] [Times: user=101.25 sys=1.33, real=55.52 secs] 
31555.146: [CMS-concurrent-reset-start]
31555.175: [CMS-concurrent-reset: 0.029/0.029 secs] [Times: user=0.03 sys=0.00, real=0.03 secs] 
31564.410: [GC 31564.410: [ParNew: 440895K->48960K(440896K), 1.1315039 secs] 1179047K->833499K(4145344K), 1.1320094 secs] [Times: user=3.35 sys=0.01, real=1.13 secs] 
31586.376: [GC 31586.376: [ParNew: 440896K->48959K(440896K), 1.3175935 secs] 1225435K->883259K(4145344K), 1.3180905 secs] [Times: user=3.45 sys=0.01, real=1.32 secs] 
31608.855: [GC 31608.856: [ParNew: 440895K->48960K(440896K), 1.4768944 secs] 1275195K->937928K(4145344K), 1.4773758 secs] [Times: user=3.57 sys=0.02, real=1.48 secs] 
31645.041: [GC 31645.041: [ParNew: 440896K->48960K(440896K), 1.4517196 secs] 1329864K->986515K(4145344K), 1.4522192 secs] [Times: user=4.04 sys=0.01, real=1.45 secs] 
31661.992: [GC 31661.992: [ParNew: 440896K->48960K(440896K), 1.5976051 secs] 1378451K->1043542K(4145344K), 1.5981039 secs] [Times: user=4.30 sys=0.02, real=1.60 secs] 
31685.793: [GC 31685.793: [ParNew: 440896K->48959K(440896K), 1.2733878 secs] 1435478K->1090421K(4145344K), 1.2738792 secs] [Times: user=3.66 sys=0.03, real=1.27 secs] 
31720.068: [GC 31720.068: [ParNew: 440895K->48960K(440896K), 1.6778087 secs] 1482357K->1144191K(4145344K), 1.6783089 secs] [Times: user=3.99 sys=0.04, real=1.68 secs] 
31753.478: [GC 31753.478: [ParNew: 440840K->48960K(440896K), 1.4796710 secs] 1536071K->1199140K(4145344K), 1.4801380 secs] [Times: user=4.07 sys=0.02, real=1.48 secs] 
31803.653: [GC 31803.653: [ParNew: 440896K->48960K(440896K), 1.4804680 secs] 1591076K->1251776K(4145344K), 1.4809749 secs] [Times: user=3.85 sys=0.03, real=1.48 secs] 
31817.502: [GC 31817.502: [ParNew: 440896K->48960K(440896K), 1.4395114 secs] 1643712K->1302002K(4145344K), 1.4399969 secs] [Times: user=3.92 sys=0.03, real=1.44 secs] 
31846.397: [GC 31846.398: [ParNew: 440896K->48959K(440896K), 1.3141455 secs] 1693938K->1353892K(4145344K), 1.3146517 secs] [Times: user=3.80 sys=0.03, real=1.31 secs] 
31883.216: [GC 31883.216: [ParNew: 440895K->48960K(440896K), 1.5698646 secs] 1745828K->1405251K(4145344K), 1.5703623 secs] [Times: user=3.87 sys=0.03, real=1.57 secs] 
31899.062: [GC 31899.062: [ParNew: 440896K->48960K(440896K), 1.4678390 secs] 1797187K->1461926K(4145344K), 1.4683939 secs] [Times: user=4.18 sys=0.02, real=1.47 secs] 
31926.626: [GC 31926.627: [ParNew: 440896K->48960K(440896K), 1.2975178 secs] 1853862K->1513239K(4145344K), 1.2980263 secs] [Times: user=3.80 sys=0.02, real=1.30 secs] 
31992.623: [GC 31992.623: [ParNew: 440896K->48960K(440896K), 0.9325810 secs] 1905175K->1550969K(4145344K), 0.9331161 secs] [Times: user=3.13 sys=0.03, real=0.93 secs] 
32059.163: [GC 32059.163: [ParNew: 440896K->48960K(440896K), 0.7738129 secs] 1942905K->1595008K(4145344K), 0.7743286 secs] [Times: user=3.37 sys=0.03, real=0.77 secs] 
32131.881: [GC 32131.881: [ParNew: 440896K->48960K(440896K), 0.7615700 secs] 1986944K->1621207K(4145344K), 0.7620819 secs] [Times: user=2.28 sys=0.03, real=0.76 secs] 
32221.701: [GC 32221.702: [ParNew: 440896K->43296K(440896K), 0.5359908 secs] 2013143K->1646470K(4145344K), 0.5365196 secs] [Times: user=2.53 sys=0.03, real=0.54 secs] 
32306.895: [GC 32306.895: [ParNew: 435232K->48406K(440896K), 0.6092615 secs] 2038406K->1666374K(4145344K), 0.6097791 secs] [Times: user=1.66 sys=0.03, real=0.61 secs] 
32413.917: [GC 32413.917: [ParNew: 440342K->41470K(440896K), 0.5356277 secs] 2058310K->1670270K(4145344K), 0.5361464 secs] [Times: user=1.46 sys=0.02, real=0.54 secs] 
32514.496: [GC 32514.497: [ParNew: 433406K->43314K(440896K), 0.5027828 secs] 2062206K->1684325K(4145344K), 0.5033306 secs] [Times: user=1.52 sys=0.02, real=0.50 secs] 
32549.407: [GC 32549.407: [ParNew: 435250K->48959K(440896K), 1.1213385 secs] 2076261K->1715214K(4145344K), 1.1218468 secs] [Times: user=2.28 sys=0.03, real=1.12 secs] 
32583.881: [GC 32583.882: [ParNew: 440895K->48960K(440896K), 1.6028410 secs] 2107150K->1772419K(4145344K), 1.6033322 secs] [Times: user=4.30 sys=0.07, real=1.60 secs] 
32606.177: [GC 32606.178: [ParNew: 440896K->48960K(440896K), 1.4032008 secs] 2164355K->1824096K(4145344K), 1.4037207 secs] [Times: user=3.78 sys=0.03, real=1.40 secs] 
32638.221: [GC 32638.221: [ParNew: 440896K->48960K(440896K), 1.1814418 secs] 2216032K->1855427K(4145344K), 1.1819392 secs] [Times: user=2.77 sys=0.02, real=1.18 secs] 
32656.457: [GC 32656.458: [ParNew: 440896K->48960K(440896K), 1.4136808 secs] 2247363K->1907124K(4145344K), 1.4141966 secs] [Times: user=3.84 sys=0.03, real=1.41 secs] 
32674.726: [GC 32674.727: [ParNew: 440896K->48960K(440896K), 1.3168565 secs] 2299060K->1955105K(4145344K), 1.3173678 secs] [Times: user=3.68 sys=0.03, real=1.32 secs] 
32703.195: [GC 32703.196: [ParNew: 440896K->48960K(440896K), 1.7518892 secs] 2347041K->2010892K(4145344K), 1.7524020 secs] [Times: user=4.00 sys=0.03, real=1.75 secs] 
32738.984: [GC 32738.984: [ParNew: 440896K->48960K(440896K), 1.5318471 secs] 2402828K->2057618K(4145344K), 1.5323356 secs] [Times: user=3.78 sys=0.04, real=1.53 secs] 
32768.272: [GC 32768.272: [ParNew: 440896K->48959K(440896K), 1.4899318 secs] 2449554K->2109478K(4145344K), 1.4904139 secs] [Times: user=3.91 sys=0.06, real=1.49 secs] 
32803.947: [GC 32803.947: [ParNew: 440895K->48959K(440896K), 1.3074427 secs] 2501414K->2156913K(4145344K), 1.3079528 secs] [Times: user=3.72 sys=0.04, real=1.31 secs] 
32827.684: [GC 32827.685: [ParNew: 440895K->48959K(440896K), 1.4328001 secs] 2548849K->2211177K(4145344K), 1.4333097 secs] [Times: user=4.09 sys=0.04, real=1.43 secs] 
32869.685: [GC 32869.686: [ParNew: 440895K->48960K(440896K), 1.6571980 secs] 2603113K->2269565K(4145344K), 1.6576936 secs] [Times: user=4.22 sys=0.04, real=1.66 secs] 
32911.458: [GC 32911.458: [ParNew: 440896K->48959K(440896K), 1.5408709 secs] 2661501K->2323603K(4145344K), 1.5414229 secs] [Times: user=4.06 sys=0.03, real=1.54 secs] 
32925.348: [GC 32925.349: [ParNew: 440895K->48960K(440896K), 1.4993783 secs] 2715539K->2377984K(4145344K), 1.4999229 secs] [Times: user=4.25 sys=0.03, real=1.50 secs] 
32944.028: [GC 32944.028: [ParNew: 440896K->48960K(440896K), 1.6919833 secs] 2769920K->2430244K(4145344K), 1.6925145 secs] [Times: user=4.21 sys=0.02, real=1.69 secs] 
32967.158: [GC 32967.158: [ParNew: 440896K->48960K(440896K), 1.3851799 secs] 2822180K->2477462K(4145344K), 1.3856970 secs] [Times: user=3.64 sys=0.04, real=1.39 secs] 
32996.896: [GC 32996.897: [ParNew: 440896K->48960K(440896K), 1.3619557 secs] 2869398K->2529072K(4145344K), 1.3624331 secs] [Times: user=3.79 sys=0.02, real=1.37 secs] 
33036.646: [GC 33036.647: [ParNew: 440896K->48960K(440896K), 1.2750662 secs] 2921008K->2578801K(4145344K), 1.2755678 secs] [Times: user=3.70 sys=0.03, real=1.28 secs] 
33044.203: [GC 33044.203: [ParNew: 440896K->48960K(440896K), 1.5305650 secs] 2970737K->2639327K(4145344K), 1.5310771 secs] [Times: user=4.50 sys=0.04, real=1.53 secs] 
33054.286: [GC 33054.304: [ParNew: 440896K->48960K(440896K), 1.2063999 secs] 3031263K->2688210K(4145344K), 1.2069910 secs] [Times: user=3.75 sys=0.04, real=1.22 secs] 
33079.489: [GC 33079.489: [ParNew: 440896K->48959K(440896K), 1.7419919 secs] 3080146K->2740628K(4145344K), 1.7425157 secs] [Times: user=3.88 sys=0.03, real=1.74 secs] 
33103.861: [GC 33103.861: [ParNew: 440895K->48959K(440896K), 1.3730034 secs] 3132564K->2792799K(4145344K), 1.3735177 secs] [Times: user=3.76 sys=0.03, real=1.37 secs] 
33149.567: [GC 33149.568: [ParNew: 440895K->48960K(440896K), 1.6154189 secs] 3184735K->2844489K(4145344K), 1.6159037 secs] [Times: user=3.89 sys=0.03, real=1.62 secs] 
33180.737: [GC 33180.737: [ParNew: 440896K->48960K(440896K), 1.4766357 secs] 3236425K->2890353K(4145344K), 1.4771105 secs] [Times: user=3.75 sys=0.03, real=1.48 secs] 
33233.001: [GC 33233.001: [ParNew: 440896K->48960K(440896K), 1.4678927 secs] 3282289K->2943011K(4145344K), 1.4684063 secs] [Times: user=4.00 sys=0.04, real=1.47 secs] 
33286.431: [GC 33286.432: [ParNew: 440896K->48960K(440896K), 1.3904225 secs] 3334947K->2991995K(4145344K), 1.3908867 secs] [Times: user=3.66 sys=0.03, real=1.39 secs] 
33310.766: [GC 33310.766: [ParNew: 440896K->48960K(440896K), 1.3895893 secs] 3383931K->3041007K(4145344K), 1.3900973 secs] [Times: user=3.72 sys=0.03, real=1.39 secs] 
33344.058: [GC 33344.058: [ParNew: 440896K->48959K(440896K), 1.4496187 secs] 3432943K->3094119K(4145344K), 1.4501129 secs] [Times: user=3.89 sys=0.03, real=1.45 secs] 
33389.645: [GC 33389.645: [ParNew: 440895K->48960K(440896K), 1.5034109 secs] 3486055K->3147363K(4145344K), 1.5039016 secs] [Times: user=3.89 sys=0.02, real=1.50 secs] 
33416.575: [GC 33416.575: [ParNew: 440896K->48959K(440896K), 1.2430982 secs] 3539299K->3194422K(4145344K), 1.2435842 secs] [Times: user=3.56 sys=0.03, real=1.24 secs] 
33438.575: [GC 33438.576: [ParNew: 440895K->48959K(440896K), 1.4941538 secs] 3586358K->3247409K(4145344K), 1.4946600 secs] [Times: user=3.94 sys=0.04, real=1.49 secs] 
33456.944: [GC 33456.944: [ParNew: 440895K->48960K(440896K), 1.4162408 secs] 3639345K->3298407K(4145344K), 1.4167238 secs] [Times: user=3.77 sys=0.02, real=1.42 secs] 
33482.610: [GC 33482.610: [ParNew: 440896K->48960K(440896K), 1.6321104 secs] 3690343K->3353196K(4145344K), 1.6326245 secs] [Times: user=4.01 sys=0.02, real=1.63 secs] 
33512.152: [GC 33512.152: [ParNew: 440896K->48959K(440896K), 1.4978027 secs] 3745132K->3401474K(4145344K), 1.4983167 secs] [Times: user=3.73 sys=0.02, real=1.50 secs] 
33539.218: [GC 33539.219: [ParNew: 440895K->48960K(440896K), 1.2238104 secs] 3793410K->3450806K(4145344K), 1.2242860 secs] [Times: user=3.70 sys=0.03, real=1.22 secs] 
33572.978: [GC 33572.978: [ParNew: 440896K->48960K(440896K), 1.1780188 secs] 3842742K->3498853K(4145344K), 1.1785080 secs] [Times: user=3.51 sys=0.03, real=1.18 secs] 
33574.162: [GC [1 CMS-initial-mark: 3449893K(3704448K)] 3499970K(4145344K), 0.4658681 secs] [Times: user=0.46 sys=0.00, real=0.47 secs] 
33574.629: [CMS-concurrent-mark-start]
33575.324: [CMS-concurrent-mark: 0.695/0.695 secs] [Times: user=4.59 sys=0.03, real=0.70 secs] 
33575.324: [CMS-concurrent-preclean-start]
33575.441: [CMS-concurrent-preclean: 0.116/0.117 secs] [Times: user=0.11 sys=0.00, real=0.12 secs] 
33575.442: [CMS-concurrent-abortable-preclean-start]
 CMS: abort preclean due to time 33580.839: [CMS-concurrent-abortable-preclean: 5.394/5.398 secs] [Times: user=9.14 sys=0.12, real=5.40 secs] 
33580.845: [GC[YG occupancy: 160020 K (440896 K)]33580.845: [Rescan (non-parallel) 33580.845: [grey object rescan, 0.1035561 secs]33580.949: [root rescan, 1.3829210 secs], 1.4867692 secs]33582.332: [weak refs processing, 4.4387343 secs] [1 CMS-remark: 3449893K(3704448K)] 3609914K(4145344K), 5.9282201 secs] [Times: user=5.93 sys=0.01, real=5.93 secs] 
33586.774: [CMS-concurrent-sweep-start]
33595.467: [GC 33595.468: [ParNew: 440896K->48959K(440896K), 1.3476502 secs] 3372677K->3030093K(4145344K), 1.3481492 secs] [Times: user=3.54 sys=0.02, real=1.35 secs] 
33612.385: [GC 33612.385: [ParNew: 440895K->48960K(440896K), 1.3658307 secs] 2589660K->2248658K(4145344K), 1.3663086 secs] [Times: user=3.65 sys=0.01, real=1.37 secs] 
33643.237: [CMS-concurrent-sweep: 53.689/56.463 secs] [Times: user=98.19 sys=1.18, real=56.46 secs] 
33643.237: [CMS-concurrent-reset-start]
33643.266: [CMS-concurrent-reset: 0.029/0.029 secs] [Times: user=0.03 sys=0.00, real=0.03 secs] 
33646.610: [GC 33646.610: [ParNew: 440896K->48959K(440896K), 1.6277218 secs] 1161919K->827289K(4145344K), 1.6282277 secs] [Times: user=3.86 sys=0.01, real=1.63 secs] 
33664.885: [GC 33664.885: [ParNew: 440895K->48960K(440896K), 1.4381964 secs] 1219225K->878416K(4145344K), 1.4386408 secs] [Times: user=3.62 sys=0.02, real=1.44 secs] 
33690.602: [GC 33690.603: [ParNew: 440896K->48960K(440896K), 1.7370205 secs] 1270352K->935875K(4145344K), 1.7374947 secs] [Times: user=4.24 sys=0.01, real=1.74 secs] 
33719.688: [GC 33719.689: [ParNew: 440896K->48960K(440896K), 1.4376848 secs] 1327811K->987008K(4145344K), 1.4381916 secs] [Times: user=3.97 sys=0.02, real=1.44 secs] 
33748.089: [GC 33748.089: [ParNew: 440896K->48960K(440896K), 1.4478466 secs] 1378944K->1039309K(4145344K), 1.4482980 secs] [Times: user=3.82 sys=0.03, real=1.45 secs] 
33790.930: [GC 33790.930: [ParNew: 440896K->48960K(440896K), 1.3059240 secs] 1431245K->1087803K(4145344K), 1.3063940 secs] [Times: user=3.69 sys=0.03, real=1.31 secs] 
33814.636: [GC 33814.636: [ParNew: 440896K->48960K(440896K), 1.4216707 secs] 1479739K->1136482K(4145344K), 1.4221642 secs] [Times: user=3.70 sys=0.04, real=1.42 secs] 
33832.598: [GC 33832.599: [ParNew: 440890K->48959K(440896K), 1.4278274 secs] 1528413K->1189417K(4145344K), 1.4283094 secs] [Times: user=3.99 sys=0.04, real=1.43 secs] 
33864.529: [GC 33864.529: [ParNew: 440895K->48960K(440896K), 1.2809817 secs] 1581353K->1238673K(4145344K), 1.2814487 secs] [Times: user=3.64 sys=0.03, real=1.28 secs] 
33900.044: [GC 33900.045: [ParNew: 440896K->48960K(440896K), 1.3007689 secs] 1630609K->1286774K(4145344K), 1.3012560 secs] [Times: user=3.64 sys=0.04, real=1.30 secs] 
33931.985: [GC 33931.986: [ParNew: 440896K->48960K(440896K), 1.2569608 secs] 1678710K->1335658K(4145344K), 1.2574527 secs] [Times: user=3.65 sys=0.03, real=1.26 secs] 
33970.016: [GC 33970.016: [ParNew: 440896K->48960K(440896K), 1.3811536 secs] 1727594K->1385322K(4145344K), 1.3817541 secs] [Times: user=3.90 sys=0.03, real=1.38 secs] 
34031.218: [GC 34031.219: [ParNew: 440896K->48959K(440896K), 1.4378803 secs] 1777258K->1439298K(4145344K), 1.4383636 secs] [Times: user=4.00 sys=0.03, real=1.44 secs] 
34078.893: [GC 34078.894: [ParNew: 440895K->48960K(440896K), 1.4042665 secs] 1831234K->1496493K(4145344K), 1.4048202 secs] [Times: user=4.33 sys=0.03, real=1.41 secs] 
34114.807: [GC 34114.808: [ParNew: 440896K->48960K(440896K), 1.3624401 secs] 1888429K->1555392K(4145344K), 1.3629658 secs] [Times: user=4.16 sys=0.03, real=1.36 secs] 
34150.884: [GC 34150.885: [ParNew: 440853K->48959K(440896K), 1.5329120 secs] 1947286K->1612982K(4145344K), 1.5334912 secs] [Times: user=4.56 sys=0.02, real=1.53 secs] 
34157.688: [GC 34157.689: [ParNew: 440895K->48959K(440896K), 1.4624722 secs] 2004918K->1666234K(4145344K), 1.4629883 secs] [Times: user=4.08 sys=0.02, real=1.46 secs] 
34170.154: [GC 34170.154: [ParNew: 440878K->48959K(440896K), 1.7818092 secs] 2058153K->1721271K(4145344K), 1.7824417 secs] [Times: user=4.08 sys=0.03, real=1.78 secs] 
34184.844: [GC 34184.844: [ParNew: 440895K->48959K(440896K), 1.4132769 secs] 2113207K->1761949K(4145344K), 1.4137915 secs] [Times: user=3.37 sys=0.02, real=1.41 secs] 
34228.284: [GC 34228.284: [ParNew: 440895K->48960K(440896K), 1.4110632 secs] 2153885K->1809442K(4145344K), 1.4115569 secs] [Times: user=3.58 sys=0.03, real=1.41 secs] 
34251.013: [GC 34251.026: [ParNew: 440896K->48960K(440896K), 1.4635077 secs] 2201378K->1860488K(4145344K), 1.4639674 secs] [Times: user=3.90 sys=0.03, real=1.48 secs] 
34294.807: [GC 34294.807: [ParNew: 440896K->48960K(440896K), 1.3224749 secs] 2252424K->1908752K(4145344K), 1.3229827 secs] [Times: user=3.67 sys=0.04, real=1.32 secs] 
34320.670: [GC 34320.670: [ParNew: 440896K->48959K(440896K), 1.5374337 secs] 2300688K->1963961K(4145344K), 1.5379418 secs] [Times: user=4.05 sys=0.04, real=1.54 secs] 
34366.283: [GC 34366.284: [ParNew: 440895K->48959K(440896K), 1.2676345 secs] 2355897K->2013669K(4145344K), 1.2681121 secs] [Times: user=3.60 sys=0.04, real=1.27 secs] 
34400.027: [GC 34400.028: [ParNew: 440895K->48778K(440896K), 1.0171518 secs] 2405605K->2054015K(4145344K), 1.0176327 secs] [Times: user=3.27 sys=0.05, real=1.02 secs] 
34420.951: [GC 34420.952: [ParNew: 440714K->48960K(440896K), 1.1541945 secs] 2445951K->2066823K(4145344K), 1.1547333 secs] [Times: user=1.78 sys=0.01, real=1.16 secs] 
34439.044: [GC 34439.045: [ParNew: 440896K->48960K(440896K), 1.1175895 secs] 2458759K->2113177K(4145344K), 1.1181158 secs] [Times: user=3.64 sys=0.05, real=1.12 secs] 
34459.169: [GC 34459.170: [ParNew: 440896K->48959K(440896K), 1.9450350 secs] 2505113K->2174301K(4145344K), 1.9455460 secs] [Times: user=4.27 sys=0.04, real=1.95 secs] 
34488.300: [GC 34488.300: [ParNew: 440895K->48960K(440896K), 1.1760130 secs] 2566237K->2219661K(4145344K), 1.1765371 secs] [Times: user=3.61 sys=0.03, real=1.18 secs] 
34545.790: [GC 34545.791: [ParNew: 440896K->48959K(440896K), 1.2695523 secs] 2611597K->2267832K(4145344K), 1.2700286 secs] [Times: user=3.72 sys=0.04, real=1.27 secs] 
34572.508: [GC 34572.508: [ParNew: 440895K->48959K(440896K), 1.4449558 secs] 2659768K->2317644K(4145344K), 1.4454752 secs] [Times: user=3.72 sys=0.04, real=1.45 secs] 
34603.119: [GC 34603.119: [ParNew: 440895K->47944K(440896K), 1.0119019 secs] 2709580K->2359928K(4145344K), 1.0124049 secs] [Times: user=3.43 sys=0.05, real=1.01 secs] 
34619.581: [GC 34619.582: [ParNew: 439880K->48960K(440896K), 1.2753611 secs] 2751864K->2376396K(4145344K), 1.2758686 secs] [Times: user=1.98 sys=0.02, real=1.28 secs] 
34644.154: [GC 34644.154: [ParNew: 440896K->48960K(440896K), 1.6823283 secs] 2768332K->2433241K(4145344K), 1.6828103 secs] [Times: user=4.16 sys=0.05, real=1.68 secs] 
34666.713: [GC 34666.713: [ParNew: 440896K->48959K(440896K), 1.4900476 secs] 2825177K->2484505K(4145344K), 1.4905475 secs] [Times: user=3.90 sys=0.03, real=1.49 secs] 
34695.124: [GC 34695.125: [ParNew: 440895K->48960K(440896K), 1.3915526 secs] 2876441K->2532853K(4145344K), 1.3920890 secs] [Times: user=3.86 sys=0.03, real=1.39 secs] 
34724.355: [GC 34724.355: [ParNew: 440896K->48960K(440896K), 1.2687700 secs] 2924789K->2582476K(4145344K), 1.2692770 secs] [Times: user=3.79 sys=0.03, real=1.27 secs] 
34762.635: [GC 34762.635: [ParNew: 440896K->48960K(440896K), 1.5590095 secs] 2974412K->2635727K(4145344K), 1.5595184 secs] [Times: user=3.87 sys=0.02, real=1.56 secs] 
34779.406: [GC 34779.406: [ParNew: 440896K->48959K(440896K), 1.4782714 secs] 3027663K->2686006K(4145344K), 1.4787647 secs] [Times: user=3.83 sys=0.03, real=1.48 secs] 
34808.778: [GC 34808.778: [ParNew: 440895K->48959K(440896K), 1.3807873 secs] 3077942K->2737168K(4145344K), 1.3813139 secs] [Times: user=3.88 sys=0.03, real=1.38 secs] 
34825.719: [GC 34825.719: [ParNew: 440895K->48959K(440896K), 1.5307725 secs] 3129104K->2790294K(4145344K), 1.5312576 secs] [Times: user=3.92 sys=0.03, real=1.53 secs] 
34854.523: [GC 34854.523: [ParNew: 440895K->48960K(440896K), 1.6082667 secs] 3182230K->2844789K(4145344K), 1.6087612 secs] [Times: user=4.06 sys=0.03, real=1.61 secs] 
34895.788: [GC 34895.788: [ParNew: 440896K->48960K(440896K), 1.1301796 secs] 3236725K->2889802K(4145344K), 1.1306791 secs] [Times: user=3.61 sys=0.03, real=1.13 secs] 
34926.651: [GC 34926.651: [ParNew: 440896K->48960K(440896K), 1.4591861 secs] 3281738K->2942842K(4145344K), 1.4597003 secs] [Times: user=3.90 sys=0.04, real=1.46 secs] 
34951.690: [GC 34951.690: [ParNew: 440896K->48960K(440896K), 1.4855819 secs] 3334778K->2993447K(4145344K), 1.4861054 secs] [Times: user=3.96 sys=0.04, real=1.49 secs] 
34974.571: [GC 34974.571: [ParNew: 440896K->48960K(440896K), 1.3625383 secs] 3385383K->3043900K(4145344K), 1.3630550 secs] [Times: user=3.92 sys=0.04, real=1.36 secs] 
35002.718: [GC 35002.719: [ParNew: 440896K->48959K(440896K), 1.3269667 secs] 3435836K->3093782K(4145344K), 1.3274449 secs] [Times: user=3.77 sys=0.02, real=1.33 secs] 
35040.484: [GC 35040.484: [ParNew: 440895K->48960K(440896K), 1.5141682 secs] 3485718K->3146380K(4145344K), 1.5146424 secs] [Times: user=3.81 sys=0.02, real=1.51 secs] 
35084.244: [GC 35084.245: [ParNew: 440896K->48960K(440896K), 1.1739807 secs] 3538316K->3190790K(4145344K), 1.1744733 secs] [Times: user=3.49 sys=0.03, real=1.17 secs] 
35108.441: [GC 35108.441: [ParNew: 440868K->48960K(440896K), 1.2609460 secs] 3582698K->3241342K(4145344K), 1.2614313 secs] [Times: user=3.75 sys=0.02, real=1.26 secs] 
35142.404: [GC 35142.404: [ParNew: 440896K->48960K(440896K), 1.2544194 secs] 3633278K->3288165K(4145344K), 1.2549149 secs] [Times: user=3.59 sys=0.02, real=1.26 secs] 
35163.886: [GC 35163.886: [ParNew: 440896K->48959K(440896K), 1.4347364 secs] 3680101K->3339594K(4145344K), 1.4352402 secs] [Times: user=3.79 sys=0.02, real=1.44 secs] 
35184.949: [GC 35184.949: [ParNew: 440895K->48960K(440896K), 1.6004774 secs] 3731530K->3394999K(4145344K), 1.6009846 secs] [Times: user=4.00 sys=0.03, real=1.60 secs] 
35225.446: [GC 35225.446: [ParNew: 440896K->48959K(440896K), 1.4024869 secs] 3786935K->3443639K(4145344K), 1.4029799 secs] [Times: user=3.75 sys=0.03, real=1.40 secs] 
35258.078: [GC 35258.078: [ParNew: 440895K->48960K(440896K), 1.6576126 secs] 3835575K->3499635K(4145344K), 1.6580883 secs] [Times: user=4.07 sys=0.02, real=1.66 secs] 
35259.742: [GC [1 CMS-initial-mark: 3450675K(3704448K)] 3500767K(4145344K), 0.5031739 secs] [Times: user=0.51 sys=0.00, real=0.50 secs] 
35260.246: [CMS-concurrent-mark-start]
35260.938: [CMS-concurrent-mark: 0.692/0.692 secs] [Times: user=4.68 sys=0.02, real=0.69 secs] 
35260.938: [CMS-concurrent-preclean-start]
35261.055: [CMS-concurrent-preclean: 0.116/0.117 secs] [Times: user=0.20 sys=0.00, real=0.12 secs] 
35261.055: [CMS-concurrent-abortable-preclean-start]
 CMS: abort preclean due to time 35266.667: [CMS-concurrent-abortable-preclean: 5.610/5.612 secs] [Times: user=8.11 sys=0.08, real=5.61 secs] 
35266.673: [GC[YG occupancy: 134672 K (440896 K)]35266.673: [Rescan (non-parallel) 35266.673: [grey object rescan, 0.1027573 secs]35266.776: [root rescan, 1.1992046 secs], 1.3022512 secs]35267.975: [weak refs processing, 3.0057042 secs] [1 CMS-remark: 3450675K(3704448K)] 3585348K(4145344K), 4.3097130 secs] [Times: user=4.31 sys=0.01, real=4.31 secs] 
35270.983: [CMS-concurrent-sweep-start]
35308.012: [GC 35308.013: [ParNew: 440896K->48960K(440896K), 1.3151181 secs] 1877983K->1535035K(4145344K), 1.3155969 secs] [Times: user=3.55 sys=0.01, real=1.32 secs] 
35327.847: [CMS-concurrent-sweep: 55.542/56.863 secs] [Times: user=77.77 sys=0.69, real=56.86 secs] 
35327.847: [CMS-concurrent-reset-start]
35327.876: [CMS-concurrent-reset: 0.029/0.029 secs] [Times: user=0.03 sys=0.00, real=0.03 secs] 
35342.211: [GC 35342.211: [ParNew: 440896K->48959K(440896K), 1.4183627 secs] 1008663K->669934K(4145344K), 1.4188860 secs] [Times: user=3.54 sys=0.01, real=1.42 secs] 
35375.362: [GC 35375.362: [ParNew: 440895K->48960K(440896K), 1.2093191 secs] 1061870K->717953K(4145344K), 1.2098314 secs] [Times: user=3.29 sys=0.01, real=1.21 secs] 
35401.213: [GC 35401.213: [ParNew: 440896K->48960K(440896K), 1.4986390 secs] 1109889K->770076K(4145344K), 1.4991360 secs] [Times: user=3.90 sys=0.01, real=1.50 secs] 
35436.011: [GC 35436.011: [ParNew: 440896K->48959K(440896K), 1.5341658 secs] 1162012K->822397K(4145344K), 1.5346702 secs] [Times: user=4.01 sys=0.03, real=1.53 secs] 
35460.880: [GC 35460.881: [ParNew: 440895K->48960K(440896K), 1.6094652 secs] 1214333K->874213K(4145344K), 1.6099626 secs] [Times: user=4.14 sys=0.03, real=1.61 secs] 
35494.500: [GC 35494.500: [ParNew: 440896K->48959K(440896K), 1.5006997 secs] 1266149K->929245K(4145344K), 1.5148562 secs] [Times: user=4.04 sys=0.03, real=1.52 secs] 
35515.375: [GC 35515.376: [ParNew: 440895K->48959K(440896K), 1.4847252 secs] 1321181K->981312K(4145344K), 1.4852029 secs] [Times: user=3.86 sys=0.03, real=1.49 secs] 
35591.095: [GC 35591.095: [ParNew: 440895K->48959K(440896K), 1.1219236 secs] 1373248K->1025765K(4145344K), 1.1224534 secs] [Times: user=3.61 sys=0.03, real=1.12 secs] 
35631.422: [GC 35631.423: [ParNew: 440895K->48960K(440896K), 1.4088753 secs] 1417701K->1062032K(4145344K), 1.4093971 secs] [Times: user=3.18 sys=0.02, real=1.41 secs] 
35661.675: [GC 35661.675: [ParNew: 440896K->48959K(440896K), 1.8078454 secs] 1453968K->1120949K(4145344K), 1.8083901 secs] [Times: user=4.35 sys=0.03, real=1.81 secs] 
35670.969: [GC 35670.970: [ParNew: 440895K->48960K(440896K), 1.3967534 secs] 1512885K->1175871K(4145344K), 1.3972937 secs] [Times: user=4.24 sys=0.03, real=1.40 secs] 
35690.184: [GC 35690.185: [ParNew: 440867K->48960K(440896K), 1.5181909 secs] 1567779K->1236929K(4145344K), 1.5187050 secs] [Times: user=4.16 sys=0.03, real=1.52 secs] 
35699.150: [GC 35699.150: [ParNew: 440854K->48960K(440896K), 1.8284233 secs] 1628824K->1291326K(4145344K), 1.8289677 secs] [Times: user=4.43 sys=0.03, real=1.83 secs] 
35716.884: [GC 35716.885: [ParNew: 440896K->48959K(440896K), 1.3626705 secs] 1683262K->1343619K(4145344K), 1.3632216 secs] [Times: user=3.96 sys=0.02, real=1.36 secs] 
35736.080: [GC 35736.081: [ParNew: 440895K->48960K(440896K), 1.6724107 secs] 1735555K->1396252K(4145344K), 1.6729303 secs] [Times: user=3.91 sys=0.03, real=1.67 secs] 
35755.571: [GC 35755.571: [ParNew: 440896K->48960K(440896K), 1.4656803 secs] 1788188K->1443579K(4145344K), 1.4661694 secs] [Times: user=3.70 sys=0.02, real=1.47 secs] 
35789.597: [GC 35789.597: [ParNew: 440896K->48959K(440896K), 1.4477576 secs] 1835515K->1495012K(4145344K), 1.4482497 secs] [Times: user=3.79 sys=0.03, real=1.45 secs] 
35827.760: [GC 35827.761: [ParNew: 440895K->48959K(440896K), 1.2967417 secs] 1886948K->1537269K(4145344K), 1.2972380 secs] [Times: user=3.42 sys=0.03, real=1.30 secs] 
35862.612: [GC 35862.613: [ParNew: 440895K->48960K(440896K), 1.4716484 secs] 1929205K->1588647K(4145344K), 1.4721399 secs] [Times: user=3.96 sys=0.06, real=1.47 secs] 
35904.127: [GC 35904.127: [ParNew: 440896K->48959K(440896K), 1.2776715 secs] 1980583K->1636453K(4145344K), 1.2781552 secs] [Times: user=3.68 sys=0.05, real=1.28 secs] 
35943.226: [GC 35943.226: [ParNew: 440895K->48960K(440896K), 1.2699109 secs] 2028389K->1684643K(4145344K), 1.2703966 secs] [Times: user=3.70 sys=0.06, real=1.27 secs] 
35989.163: [GC 35989.163: [ParNew: 440896K->48960K(440896K), 1.3581790 secs] 2076579K->1732916K(4145344K), 1.3586809 secs] [Times: user=3.66 sys=0.05, real=1.36 secs] 
36055.874: [GC 36055.875: [ParNew: 440896K->48960K(440896K), 1.2562696 secs] 2124852K->1779118K(4145344K), 1.2567627 secs] [Times: user=3.59 sys=0.06, real=1.26 secs] 
36095.504: [GC 36095.504: [ParNew: 440896K->48960K(440896K), 1.4632594 secs] 2171054K->1832088K(4145344K), 1.4637420 secs] [Times: user=3.99 sys=0.06, real=1.46 secs] 
36128.559: [GC 36128.560: [ParNew: 440896K->48960K(440896K), 1.7800721 secs] 2224024K->1891359K(4145344K), 1.7805616 secs] [Times: user=4.28 sys=0.04, real=1.78 secs] 
36161.548: [GC 36161.548: [ParNew: 440896K->48959K(440896K), 1.4433862 secs] 2283295K->1941377K(4145344K), 1.4438724 secs] [Times: user=3.84 sys=0.03, real=1.44 secs] 
36202.493: [GC 36202.493: [ParNew: 440895K->48960K(440896K), 1.3568898 secs] 2333313K->1989017K(4145344K), 1.3573932 secs] [Times: user=3.70 sys=0.05, real=1.36 secs] 
36231.533: [GC 36231.533: [ParNew: 440896K->48960K(440896K), 1.4653120 secs] 2380953K->2039853K(4145344K), 1.4658079 secs] [Times: user=3.82 sys=0.06, real=1.47 secs] 
36243.835: [GC 36243.835: [ParNew: 440896K->48960K(440896K), 1.4812311 secs] 2431789K->2091640K(4145344K), 1.4817294 secs] [Times: user=3.87 sys=0.04, real=1.48 secs] 
36267.897: [GC 36267.897: [ParNew: 440896K->48960K(440896K), 1.1576943 secs] 2483576K->2114251K(4145344K), 1.1581929 secs] [Times: user=2.40 sys=0.01, real=1.16 secs] 
36297.240: [GC 36297.241: [ParNew: 440896K->48959K(440896K), 1.2420302 secs] 2506187K->2162930K(4145344K), 1.2425028 secs] [Times: user=3.66 sys=0.03, real=1.24 secs] 
36324.885: [GC 36324.885: [ParNew: 440895K->48960K(440896K), 1.6111365 secs] 2554866K->2216743K(4145344K), 1.6116484 secs] [Times: user=3.97 sys=0.03, real=1.61 secs] 
36349.641: [GC 36349.641: [ParNew: 440896K->48960K(440896K), 1.3831984 secs] 2608679K->2268128K(4145344K), 1.3836763 secs] [Times: user=3.89 sys=0.02, real=1.38 secs] 
36372.726: [GC 36372.726: [ParNew: 440896K->48960K(440896K), 1.5502100 secs] 2660064K->2322584K(4145344K), 1.5507299 secs] [Times: user=4.09 sys=0.03, real=1.55 secs] 
36410.063: [GC 36410.063: [ParNew: 440896K->48960K(440896K), 1.2654527 secs] 2714520K->2368113K(4145344K), 1.2659355 secs] [Times: user=3.55 sys=0.02, real=1.27 secs] 
36457.750: [GC 36457.750: [ParNew: 440896K->48960K(440896K), 1.6158663 secs] 2760049K->2422787K(4145344K), 1.6163497 secs] [Times: user=4.06 sys=0.04, real=1.62 secs] 
36499.792: [GC 36499.792: [ParNew: 440896K->48959K(440896K), 1.2990049 secs] 2814723K->2471171K(4145344K), 1.2994849 secs] [Times: user=3.64 sys=0.03, real=1.30 secs] 
36548.008: [GC 36548.008: [ParNew: 440895K->48960K(440896K), 1.2095382 secs] 2863107K->2517073K(4145344K), 1.2099862 secs] [Times: user=3.51 sys=0.02, real=1.21 secs] 
36591.259: [GC 36591.260: [ParNew: 440896K->48959K(440896K), 1.2007922 secs] 2909009K->2565533K(4145344K), 1.2012856 secs] [Times: user=3.64 sys=0.04, real=1.20 secs] 
36637.392: [GC 36637.392: [ParNew: 440895K->48960K(440896K), 1.3769626 secs] 2957469K->2616419K(4145344K), 1.3774517 secs] [Times: user=3.82 sys=0.03, real=1.38 secs] 
36665.880: [GC 36665.880: [ParNew: 440896K->48960K(440896K), 1.0289895 secs] 3008355K->2660705K(4145344K), 1.0294635 secs] [Times: user=3.44 sys=0.03, real=1.03 secs] 
36704.751: [GC 36704.752: [ParNew: 440896K->48959K(440896K), 1.5911483 secs] 3052641K->2716033K(4145344K), 1.5916428 secs] [Times: user=4.02 sys=0.03, real=1.59 secs] 
36762.195: [GC 36762.195: [ParNew: 440895K->48960K(440896K), 1.2614132 secs] 3107969K->2762784K(4145344K), 1.2618999 secs] [Times: user=3.58 sys=0.03, real=1.26 secs] 
36829.803: [GC 36829.804: [ParNew: 440896K->48959K(440896K), 1.1244195 secs] 3154720K->2806478K(4145344K), 1.1248871 secs] [Times: user=3.45 sys=0.03, real=1.13 secs] 
36883.838: [GC 36883.838: [ParNew: 440895K->48960K(440896K), 1.1794828 secs] 3198414K->2854289K(4145344K), 1.1799460 secs] [Times: user=3.59 sys=0.03, real=1.18 secs] 
36937.242: [GC 36937.242: [ParNew: 440896K->48960K(440896K), 1.5773823 secs] 3246225K->2906910K(4145344K), 1.5778745 secs] [Times: user=3.90 sys=0.03, real=1.58 secs] 
36990.897: [GC 36990.897: [ParNew: 440896K->48960K(440896K), 1.3074719 secs] 3298846K->2956863K(4145344K), 1.3079585 secs] [Times: user=3.73 sys=0.02, real=1.31 secs] 
37025.434: [GC 37025.434: [ParNew: 440896K->48960K(440896K), 1.4827306 secs] 3348799K->3009538K(4145344K), 1.4832008 secs] [Times: user=3.80 sys=0.03, real=1.48 secs] 
37065.245: [GC 37065.245: [ParNew: 440896K->48960K(440896K), 1.2167251 secs] 3401474K->3056290K(4145344K), 1.2171978 secs] [Times: user=3.53 sys=0.02, real=1.22 secs] 
37098.240: [GC 37098.240: [ParNew: 440896K->48960K(440896K), 1.5519301 secs] 3448226K->3111337K(4145344K), 1.5524147 secs] [Times: user=3.96 sys=0.03, real=1.55 secs] 
37118.598: [GC 37118.598: [ParNew: 440896K->48960K(440896K), 1.4688848 secs] 3503273K->3163735K(4145344K), 1.4694483 secs] [Times: user=3.88 sys=0.03, real=1.47 secs] 
37156.123: [GC 37156.123: [ParNew: 440896K->48960K(440896K), 1.4430538 secs] 3555671K->3215488K(4145344K), 1.4435610 secs] [Times: user=3.76 sys=0.03, real=1.44 secs] 
37174.763: [GC 37174.763: [ParNew: 440896K->48960K(440896K), 1.1811008 secs] 3607424K->3261540K(4145344K), 1.1816060 secs] [Times: user=3.77 sys=0.03, real=1.18 secs] 
37211.728: [GC 37211.728: [ParNew: 440896K->48960K(440896K), 1.4021040 secs] 3653476K->3311547K(4145344K), 1.4026342 secs] [Times: user=3.77 sys=0.03, real=1.40 secs] 
37246.776: [GC 37246.777: [ParNew: 440896K->48960K(440896K), 1.4206650 secs] 3703483K->3360514K(4145344K), 1.4324694 secs] [Times: user=3.60 sys=0.03, real=1.43 secs] 
37281.551: [GC 37281.551: [ParNew: 440896K->48959K(440896K), 1.5573487 secs] 3752450K->3415007K(4145344K), 1.5578307 secs] [Times: user=4.14 sys=0.02, real=1.56 secs] 
37310.858: [GC 37310.858: [ParNew: 440895K->48960K(440896K), 1.5708382 secs] 3806943K->3469701K(4145344K), 1.5713490 secs] [Times: user=3.86 sys=0.02, real=1.57 secs] 
37312.435: [GC [1 CMS-initial-mark: 3420741K(3704448K)] 3471637K(4145344K), 0.4616179 secs] [Times: user=0.46 sys=0.00, real=0.46 secs] 
37312.897: [CMS-concurrent-mark-start]
37313.582: [CMS-concurrent-mark: 0.685/0.685 secs] [Times: user=4.65 sys=0.02, real=0.69 secs] 
37313.583: [CMS-concurrent-preclean-start]
37313.698: [CMS-concurrent-preclean: 0.115/0.115 secs] [Times: user=0.14 sys=0.00, real=0.12 secs] 
37313.699: [CMS-concurrent-abortable-preclean-start]
 CMS: abort preclean due to time 37318.979: [CMS-concurrent-abortable-preclean: 5.277/5.280 secs] [Times: user=7.65 sys=0.10, real=5.28 secs] 
37318.985: [GC[YG occupancy: 118151 K (440896 K)]37318.985: [Rescan (non-parallel) 37318.985: [grey object rescan, 0.1042106 secs]37319.089: [root rescan, 1.0249556 secs], 1.1294706 secs]37320.114: [weak refs processing, 3.2067581 secs] [1 CMS-remark: 3420741K(3704448K)] 3538893K(4145344K), 4.3380727 secs] [Times: user=4.34 sys=0.00, real=4.34 secs] 
37323.323: [CMS-concurrent-sweep-start]
37347.721: [GC 37347.721: [ParNew: 440896K->48960K(440896K), 1.4134585 secs] 2427623K->2085311K(4145344K), 1.4139656 secs] [Times: user=3.52 sys=0.01, real=1.41 secs] 
37378.214: [CMS-concurrent-sweep: 53.397/54.891 secs] [Times: user=80.95 sys=0.73, real=54.89 secs] 
37378.215: [CMS-concurrent-reset-start]
37378.244: [CMS-concurrent-reset: 0.029/0.029 secs] [Times: user=0.04 sys=0.00, real=0.03 secs] 
37380.752: [GC 37380.752: [ParNew: 440896K->48960K(440896K), 1.3755463 secs] 989052K->650243K(4145344K), 1.3760483 secs] [Times: user=3.65 sys=0.02, real=1.38 secs] 
37423.440: [GC 37423.440: [ParNew: 440896K->48960K(440896K), 1.4013129 secs] 1042179K->701414K(4145344K), 1.4018333 secs] [Times: user=3.58 sys=0.01, real=1.40 secs] 
37456.368: [GC 37456.368: [ParNew: 440896K->48959K(440896K), 1.5066128 secs] 1093350K->752055K(4145344K), 1.5071058 secs] [Times: user=3.98 sys=0.01, real=1.51 secs] 
37502.002: [GC 37502.003: [ParNew: 440895K->48960K(440896K), 1.3469109 secs] 1143991K->802701K(4145344K), 1.3474193 secs] [Times: user=3.83 sys=0.03, real=1.35 secs] 
37546.724: [GC 37546.724: [ParNew: 440896K->48959K(440896K), 1.4352192 secs] 1194637K->853760K(4145344K), 1.4357203 secs] [Times: user=3.71 sys=0.03, real=1.44 secs] 
37593.812: [GC 37593.813: [ParNew: 440895K->48959K(440896K), 1.6765948 secs] 1245696K->907126K(4145344K), 1.6771324 secs] [Times: user=4.06 sys=0.03, real=1.68 secs] 
37626.742: [GC 37626.742: [ParNew: 440895K->48960K(440896K), 1.4059852 secs] 1299062K->957725K(4145344K), 1.4064828 secs] [Times: user=3.83 sys=0.03, real=1.41 secs] 
37654.523: [GC 37654.523: [ParNew: 440896K->48959K(440896K), 1.3047604 secs] 1349661K->975936K(4145344K), 1.3052633 secs] [Times: user=2.11 sys=0.01, real=1.31 secs] 
37673.172: [GC 37673.172: [ParNew: 440895K->48960K(440896K), 1.1571153 secs] 1367872K->1023271K(4145344K), 1.1575959 secs] [Times: user=3.80 sys=0.05, real=1.16 secs] 
37711.953: [GC 37711.954: [ParNew: 440896K->48960K(440896K), 1.3429354 secs] 1415207K->1073330K(4145344K), 1.3434437 secs] [Times: user=3.73 sys=0.04, real=1.34 secs] 
37753.167: [GC 37753.167: [ParNew: 440896K->48960K(440896K), 1.2433014 secs] 1465266K->1118156K(4145344K), 1.2438271 secs] [Times: user=3.54 sys=0.03, real=1.24 secs] 
37778.334: [GC 37778.335: [ParNew: 440896K->48960K(440896K), 1.7506253 secs] 1510092K->1177085K(4145344K), 1.7511399 secs] [Times: user=4.22 sys=0.03, real=1.75 secs] 
37803.680: [GC 37803.680: [ParNew: 440896K->48959K(440896K), 1.2850522 secs] 1569021K->1226183K(4145344K), 1.2855755 secs] [Times: user=3.82 sys=0.02, real=1.29 secs] 
37841.267: [GC 37841.268: [ParNew: 440895K->48960K(440896K), 1.3037358 secs] 1618119K->1275545K(4145344K), 1.3042773 secs] [Times: user=3.82 sys=0.03, real=1.30 secs] 
37882.614: [GC 37882.615: [ParNew: 440896K->48960K(440896K), 1.5674703 secs] 1667481K->1328271K(4145344K), 1.5679749 secs] [Times: user=3.84 sys=0.03, real=1.57 secs] 
37908.816: [GC 37908.817: [ParNew: 440896K->48959K(440896K), 1.6809410 secs] 1720207K->1382410K(4145344K), 1.6814656 secs] [Times: user=4.30 sys=0.02, real=1.68 secs] 
37935.535: [GC 37935.536: [ParNew: 440895K->48960K(440896K), 1.3840043 secs] 1774346K->1434094K(4145344K), 1.3844877 secs] [Times: user=3.87 sys=0.02, real=1.38 secs] 
37964.305: [GC 37964.305: [ParNew: 440896K->48960K(440896K), 1.7367508 secs] 1826030K->1492193K(4145344K), 1.7372573 secs] [Times: user=4.05 sys=0.03, real=1.74 secs] 
38001.100: [GC 38001.100: [ParNew: 440896K->48960K(440896K), 1.1943589 secs] 1884129K->1534498K(4145344K), 1.1948953 secs] [Times: user=3.33 sys=0.02, real=1.20 secs] 
38041.774: [GC 38041.774: [ParNew: 440896K->48960K(440896K), 1.7057640 secs] 1926434K->1588475K(4145344K), 1.7062839 secs] [Times: user=4.14 sys=0.03, real=1.71 secs] 
38076.739: [GC 38076.740: [ParNew: 440896K->48960K(440896K), 1.4553959 secs] 1980411K->1640077K(4145344K), 1.4559080 secs] [Times: user=3.91 sys=0.03, real=1.46 secs] 
38116.126: [GC 38116.127: [ParNew: 440896K->48960K(440896K), 1.3867028 secs] 2032013K->1691998K(4145344K), 1.3872132 secs] [Times: user=3.93 sys=0.04, real=1.39 secs] 
38161.244: [GC 38161.244: [ParNew: 440896K->48959K(440896K), 1.3828970 secs] 2083934K->1742772K(4145344K), 1.3834116 secs] [Times: user=3.75 sys=0.04, real=1.38 secs] 
38191.660: [GC 38191.661: [ParNew: 440895K->48960K(440896K), 1.4284782 secs] 2134708K->1793784K(4145344K), 1.4289916 secs] [Times: user=3.87 sys=0.03, real=1.43 secs] 
38240.255: [GC 38240.255: [ParNew: 440896K->48960K(440896K), 1.1440791 secs] 2185720K->1840321K(4145344K), 1.1445744 secs] [Times: user=3.56 sys=0.05, real=1.14 secs] 
38270.868: [GC 38270.868: [ParNew: 440896K->48960K(440896K), 1.4566336 secs] 2232257K->1893604K(4145344K), 1.4571326 secs] [Times: user=3.96 sys=0.04, real=1.46 secs] 
38300.259: [GC 38300.260: [ParNew: 440896K->48960K(440896K), 1.4284201 secs] 2285540K->1945192K(4145344K), 1.4289336 secs] [Times: user=3.84 sys=0.03, real=1.43 secs] 
38356.086: [GC 38356.086: [ParNew: 440896K->48960K(440896K), 1.5008359 secs] 2337128K->1997903K(4145344K), 1.5013286 secs] [Times: user=3.82 sys=0.03, real=1.50 secs] 
38386.403: [GC 38386.403: [ParNew: 440896K->48960K(440896K), 1.5637162 secs] 2389839K->2048223K(4145344K), 1.5642056 secs] [Times: user=3.80 sys=0.03, real=1.56 secs] 
38412.881: [GC 38412.881: [ParNew: 440896K->48959K(440896K), 1.4063226 secs] 2440159K->2099291K(4145344K), 1.4068009 secs] [Times: user=3.80 sys=0.03, real=1.41 secs] 
38482.855: [GC 38482.856: [ParNew: 440895K->48960K(440896K), 1.5007948 secs] 2491227K->2150693K(4145344K), 1.5012870 secs] [Times: user=3.82 sys=0.04, real=1.50 secs] 
38543.410: [GC 38543.411: [ParNew: 440896K->48959K(440896K), 1.3838114 secs] 2542629K->2199495K(4145344K), 1.3842792 secs] [Times: user=3.73 sys=0.04, real=1.38 secs] 
38569.339: [GC 38569.339: [ParNew: 440895K->48960K(440896K), 1.5990178 secs] 2591431K->2255911K(4145344K), 1.5995246 secs] [Times: user=4.10 sys=0.05, real=1.60 secs] 
38608.644: [GC 38608.644: [ParNew: 440896K->48960K(440896K), 1.3950431 secs] 2647847K->2306761K(4145344K), 1.3955734 secs] [Times: user=3.76 sys=0.04, real=1.40 secs] 
38661.036: [GC 38661.037: [ParNew: 440896K->48959K(440896K), 1.6757101 secs] 2698697K->2361814K(4145344K), 1.6762295 secs] [Times: user=4.20 sys=0.06, real=1.68 secs] 
38697.774: [GC 38697.774: [ParNew: 440895K->48959K(440896K), 1.3497363 secs] 2753750K->2409384K(4145344K), 1.3502632 secs] [Times: user=3.80 sys=0.05, real=1.35 secs] 
38758.967: [GC 38758.968: [ParNew: 440895K->48960K(440896K), 1.3135474 secs] 2801320K->2458519K(4145344K), 1.3140420 secs] [Times: user=3.66 sys=0.03, real=1.31 secs] 
38797.732: [GC 38797.732: [ParNew: 440896K->48959K(440896K), 1.3240532 secs] 2850455K->2507399K(4145344K), 1.3245739 secs] [Times: user=3.69 sys=0.03, real=1.33 secs] 
38836.650: [GC 38836.650: [ParNew: 440895K->48959K(440896K), 1.4790355 secs] 2899335K->2558148K(4145344K), 1.4794652 secs] [Times: user=3.78 sys=0.03, real=1.48 secs] 
38871.202: [GC 38871.203: [ParNew: 440895K->48960K(440896K), 1.0670673 secs] 2950084K->2603228K(4145344K), 1.0675460 secs] [Times: user=3.49 sys=0.03, real=1.07 secs] 
38913.830: [GC 38913.830: [ParNew: 440896K->48959K(440896K), 1.5600874 secs] 2995164K->2657031K(4145344K), 1.5605809 secs] [Times: user=3.94 sys=0.04, real=1.56 secs] 
38944.115: [GC 38944.116: [ParNew: 440895K->48960K(440896K), 1.5462045 secs] 3048967K->2709508K(4145344K), 1.5466805 secs] [Times: user=4.31 sys=0.03, real=1.55 secs] 
38973.662: [GC 38973.662: [ParNew: 440896K->48959K(440896K), 1.3186971 secs] 3101444K->2758848K(4145344K), 1.3191876 secs] [Times: user=3.70 sys=0.02, real=1.32 secs] 
39008.175: [GC 39008.175: [ParNew: 440895K->48960K(440896K), 1.3810799 secs] 3150784K->2806836K(4145344K), 1.3815513 secs] [Times: user=3.74 sys=0.03, real=1.38 secs] 
39041.242: [GC 39041.243: [ParNew: 440896K->48960K(440896K), 1.1804722 secs] 3198772K->2854166K(4145344K), 1.1809558 secs] [Times: user=3.73 sys=0.03, real=1.18 secs] 
39062.857: [GC 39062.857: [ParNew: 440896K->48960K(440896K), 1.7839670 secs] 3246102K->2913850K(4145344K), 1.7844855 secs] [Times: user=4.38 sys=0.03, real=1.78 secs] 
39090.108: [GC 39090.108: [ParNew: 440896K->48960K(440896K), 1.4223947 secs] 3305786K->2962050K(4145344K), 1.4229229 secs] [Times: user=3.90 sys=0.03, real=1.42 secs] 
39119.323: [GC 39119.323: [ParNew: 440896K->48960K(440896K), 1.6123298 secs] 3353986K->3016635K(4145344K), 1.6128165 secs] [Times: user=4.09 sys=0.03, real=1.61 secs] 
39158.021: [GC 39158.021: [ParNew: 440896K->48960K(440896K), 1.3149924 secs] 3408571K->3063654K(4145344K), 1.3154846 secs] [Times: user=3.73 sys=0.03, real=1.32 secs] 
39194.821: [GC 39194.821: [ParNew: 440896K->48960K(440896K), 1.5485013 secs] 3455590K->3117600K(4145344K), 1.5489979 secs] [Times: user=4.01 sys=0.04, real=1.55 secs] 
39234.448: [GC 39234.448: [ParNew: 440896K->48960K(440896K), 1.1647753 secs] 3509536K->3164847K(4145344K), 1.1652327 secs] [Times: user=3.75 sys=0.03, real=1.17 secs] 
39267.668: [GC 39267.668: [ParNew: 440896K->48960K(440896K), 1.4885602 secs] 3556783K->3217940K(4145344K), 1.4890801 secs] [Times: user=4.10 sys=0.04, real=1.49 secs] 
39303.947: [GC 39303.947: [ParNew: 440896K->48960K(440896K), 1.3166809 secs] 3609876K->3265446K(4145344K), 1.3171550 secs] [Times: user=3.66 sys=0.03, real=1.32 secs] 
39331.148: [GC 39331.148: [ParNew: 440896K->48959K(440896K), 1.5094704 secs] 3657382K->3318441K(4145344K), 1.5099514 secs] [Times: user=3.89 sys=0.03, real=1.51 secs] 
39377.282: [GC 39377.283: [ParNew: 440895K->48960K(440896K), 1.2161257 secs] 3710377K->3364636K(4145344K), 1.2165796 secs] [Times: user=3.60 sys=0.02, real=1.22 secs] 
39442.442: [GC 39442.443: [ParNew: 440896K->48960K(440896K), 1.2840349 secs] 3756572K->3414779K(4145344K), 1.2845220 secs] [Times: user=3.73 sys=0.03, real=1.28 secs] 
39470.950: [GC 39470.950: [ParNew: 440896K->48960K(440896K), 1.3145699 secs] 3806715K->3462468K(4145344K), 1.3150720 secs] [Times: user=3.56 sys=0.03, real=1.32 secs] 
39472.271: [GC [1 CMS-initial-mark: 3413508K(3704448K)] 3463887K(4145344K), 0.4939709 secs] [Times: user=0.50 sys=0.00, real=0.49 secs] 
39472.766: [CMS-concurrent-mark-start]
39473.460: [CMS-concurrent-mark: 0.694/0.694 secs] [Times: user=4.77 sys=0.02, real=0.69 secs] 
39473.460: [CMS-concurrent-preclean-start]
39473.572: [CMS-concurrent-preclean: 0.111/0.112 secs] [Times: user=0.15 sys=0.00, real=0.11 secs] 
39473.572: [CMS-concurrent-abortable-preclean-start]
 CMS: abort preclean due to time 39478.779: [CMS-concurrent-abortable-preclean: 4.998/5.207 secs] [Times: user=8.10 sys=0.07, real=5.21 secs] 
39478.785: [GC[YG occupancy: 152873 K (440896 K)]39478.785: [Rescan (non-parallel) 39478.785: [grey object rescan, 0.1036815 secs]39478.889: [root rescan, 1.4027676 secs], 1.5067121 secs]39480.292: [weak refs processing, 1.8511367 secs] [1 CMS-remark: 3413508K(3704448K)] 3566382K(4145344K), 3.3592945 secs] [Times: user=3.36 sys=0.00, real=3.36 secs] 
39482.145: [CMS-concurrent-sweep-start]
39512.407: [GC 39512.407: [ParNew: 440896K->48960K(440896K), 1.2096332 secs] 2162857K->1801513K(4145344K), 1.2101039 secs] [Times: user=2.70 sys=0.00, real=1.21 secs] 
39540.347: [CMS-concurrent-sweep: 56.969/58.202 secs] [Times: user=80.15 sys=0.71, real=58.20 secs] 
39540.347: [CMS-concurrent-reset-start]
39540.377: [CMS-concurrent-reset: 0.030/0.030 secs] [Times: user=0.04 sys=0.00, real=0.03 secs] 
39566.343: [GC 39566.343: [ParNew: 440896K->48960K(440896K), 1.3207547 secs] 862901K->522962K(4145344K), 1.3212194 secs] [Times: user=3.47 sys=0.01, real=1.32 secs] 
39597.354: [GC 39597.354: [ParNew: 440896K->48959K(440896K), 0.9523865 secs] 914898K->535957K(4145344K), 0.9528621 secs] [Times: user=1.89 sys=0.00, real=0.95 secs] 
39630.128: [GC 39630.129: [ParNew: 440895K->48959K(440896K), 1.3659337 secs] 927893K->585798K(4145344K), 1.3664127 secs] [Times: user=3.56 sys=0.01, real=1.37 secs] 
39666.193: [GC 39666.193: [ParNew: 440895K->48960K(440896K), 1.3513593 secs] 977734K->634476K(4145344K), 1.3518410 secs] [Times: user=3.86 sys=0.02, real=1.35 secs] 
39724.219: [GC 39724.220: [ParNew: 440896K->48959K(440896K), 1.4092382 secs] 1026412K->686242K(4145344K), 1.4097607 secs] [Times: user=4.05 sys=0.04, real=1.41 secs] 
39763.866: [GC 39763.867: [ParNew: 440895K->48960K(440896K), 1.5907318 secs] 1078178K->739923K(4145344K), 1.5912511 secs] [Times: user=3.95 sys=0.04, real=1.59 secs] 
39796.301: [GC 39796.301: [ParNew: 440886K->48960K(440896K), 1.2936176 secs] 1131850K->785960K(4145344K), 1.2940798 secs] [Times: user=3.59 sys=0.03, real=1.29 secs] 
39838.267: [GC 39838.268: [ParNew: 440896K->48960K(440896K), 1.3835107 secs] 1177896K->835760K(4145344K), 1.3840112 secs] [Times: user=3.97 sys=0.03, real=1.38 secs] 
39879.559: [GC 39879.559: [ParNew: 440896K->48960K(440896K), 1.5850905 secs] 1227696K->888654K(4145344K), 1.5855745 secs] [Times: user=3.93 sys=0.03, real=1.59 secs] 
39939.446: [GC 39939.446: [ParNew: 440896K->48959K(440896K), 1.3923693 secs] 1280590K->938447K(4145344K), 1.3928870 secs] [Times: user=3.78 sys=0.03, real=1.39 secs] 
40003.850: [GC 40003.850: [ParNew: 440895K->48960K(440896K), 1.2693768 secs] 1330383K->986396K(4145344K), 1.2698747 secs] [Times: user=3.77 sys=0.03, real=1.27 secs] 
40038.103: [GC 40038.103: [ParNew: 440896K->48959K(440896K), 1.4797173 secs] 1378332K->1038123K(4145344K), 1.4802135 secs] [Times: user=4.02 sys=0.03, real=1.48 secs] 
40091.383: [GC 40091.383: [ParNew: 440895K->48960K(440896K), 1.0376456 secs] 1430059K->1080443K(4145344K), 1.0380957 secs] [Times: user=3.31 sys=0.03, real=1.04 secs] 
40112.284: [GC 40112.285: [ParNew: 440896K->48959K(440896K), 1.5574512 secs] 1472379K->1132788K(4145344K), 1.5579605 secs] [Times: user=3.92 sys=0.04, real=1.56 secs] 
40139.622: [GC 40139.622: [ParNew: 440895K->48959K(440896K), 1.2130149 secs] 1524724K->1178675K(4145344K), 1.2136436 secs] [Times: user=3.95 sys=0.04, real=1.21 secs] 
40169.626: [GC 40169.626: [ParNew: 440895K->48960K(440896K), 1.5170406 secs] 1570611K->1232679K(4145344K), 1.5175534 secs] [Times: user=4.06 sys=0.04, real=1.52 secs] 
40198.931: [GC 40198.932: [ParNew: 440896K->48960K(440896K), 1.1417413 secs] 1624615K->1278349K(4145344K), 1.1422443 secs] [Times: user=3.53 sys=0.03, real=1.14 secs] 
40246.662: [GC 40246.663: [ParNew: 440896K->48959K(440896K), 1.4711368 secs] 1670285K->1330593K(4145344K), 1.4716370 secs] [Times: user=3.80 sys=0.03, real=1.47 secs] 
40289.254: [GC 40289.254: [ParNew: 440895K->48960K(440896K), 1.3816940 secs] 1722529K->1379758K(4145344K), 1.3821787 secs] [Times: user=3.87 sys=0.03, real=1.38 secs] 
40337.850: [GC 40337.850: [ParNew: 440896K->48960K(440896K), 1.1964505 secs] 1771694K->1425910K(4145344K), 1.1969086 secs] [Times: user=3.55 sys=0.03, real=1.20 secs] 
40358.548: [GC 40358.548: [ParNew: 440896K->48960K(440896K), 1.5827956 secs] 1817846K->1480415K(4145344K), 1.5832744 secs] [Times: user=3.97 sys=0.03, real=1.58 secs] 
40398.613: [GC 40398.622: [ParNew: 440896K->48960K(440896K), 1.3322859 secs] 1872351K->1530803K(4145344K), 1.3327810 secs] [Times: user=3.68 sys=0.03, real=1.34 secs] 
40438.983: [GC 40438.984: [ParNew: 440896K->48960K(440896K), 1.3561763 secs] 1922739K->1578010K(4145344K), 1.3566737 secs] [Times: user=3.72 sys=0.03, real=1.36 secs] 
40478.653: [GC 40478.654: [ParNew: 440896K->48960K(440896K), 1.2115344 secs] 1969946K->1626343K(4145344K), 1.2120343 secs] [Times: user=3.81 sys=0.04, real=1.21 secs] 
40538.983: [GC 40538.984: [ParNew: 440896K->48959K(440896K), 1.4170309 secs] 2018279K->1677169K(4145344K), 1.4175317 secs] [Times: user=3.80 sys=0.04, real=1.42 secs] 
40584.203: [GC 40584.204: [ParNew: 440895K->48960K(440896K), 1.2823432 secs] 2069105K->1724150K(4145344K), 1.2828359 secs] [Times: user=3.64 sys=0.04, real=1.28 secs] 
40626.231: [GC 40626.232: [ParNew: 440896K->48959K(440896K), 1.4174704 secs] 2116086K->1775867K(4145344K), 1.4180185 secs] [Times: user=3.98 sys=0.04, real=1.42 secs] 
40667.699: [GC 40667.699: [ParNew: 440895K->48960K(440896K), 1.5260866 secs] 2167803K->1829730K(4145344K), 1.5266249 secs] [Times: user=3.99 sys=0.05, real=1.53 secs] 
40717.395: [GC 40717.395: [ParNew: 440896K->48960K(440896K), 1.3838631 secs] 2221666K->1879770K(4145344K), 1.3843792 secs] [Times: user=3.89 sys=0.05, real=1.38 secs] 
40747.569: [GC 40747.569: [ParNew: 440896K->48960K(440896K), 1.4960488 secs] 2271706K->1932286K(4145344K), 1.4965339 secs] [Times: user=3.82 sys=0.05, real=1.50 secs] 
40802.190: [GC 40802.190: [ParNew: 440896K->48960K(440896K), 1.3906978 secs] 2324222K->1980499K(4145344K), 1.3912340 secs] [Times: user=3.79 sys=0.04, real=1.39 secs] 
40830.361: [GC 40830.361: [ParNew: 440896K->48959K(440896K), 1.3614422 secs] 2372435K->2030087K(4145344K), 1.3619420 secs] [Times: user=3.81 sys=0.05, real=1.36 secs] 
40862.874: [GC 40862.874: [ParNew: 440895K->48960K(440896K), 1.5294423 secs] 2422023K->2084025K(4145344K), 1.5299426 secs] [Times: user=4.07 sys=0.05, real=1.53 secs] 
40890.654: [GC 40890.654: [ParNew: 440896K->48959K(440896K), 1.7297748 secs] 2475961K->2139804K(4145344K), 1.7302286 secs] [Times: user=4.03 sys=0.05, real=1.73 secs] 
40929.429: [GC 40929.429: [ParNew: 440895K->48960K(440896K), 1.5240793 secs] 2531740K->2189997K(4145344K), 1.5245713 secs] [Times: user=3.83 sys=0.05, real=1.52 secs] 
40961.404: [GC 40961.404: [ParNew: 440896K->48960K(440896K), 1.4390450 secs] 2581933K->2240674K(4145344K), 1.4395170 secs] [Times: user=3.77 sys=0.06, real=1.44 secs] 
41003.851: [GC 41003.851: [ParNew: 440896K->48960K(440896K), 1.1402204 secs] 2632610K->2284754K(4145344K), 1.1406980 secs] [Times: user=3.47 sys=0.05, real=1.14 secs] 
41021.911: [GC 41021.912: [ParNew: 440896K->48960K(440896K), 1.5269729 secs] 2676690K->2338540K(4145344K), 1.5274675 secs] [Times: user=3.97 sys=0.07, real=1.53 secs] 
41053.885: [GC 41053.886: [ParNew: 440896K->48959K(440896K), 1.2124467 secs] 2730476K->2386715K(4145344K), 1.2129341 secs] [Times: user=3.79 sys=0.03, real=1.21 secs] 
41068.109: [GC 41068.109: [ParNew: 440895K->48960K(440896K), 1.6171895 secs] 2778651K->2442679K(4145344K), 1.6177051 secs] [Times: user=4.06 sys=0.04, real=1.62 secs] 
41117.092: [GC 41117.093: [ParNew: 440896K->48960K(440896K), 1.2108659 secs] 2834615K->2487856K(4145344K), 1.2113403 secs] [Times: user=3.62 sys=0.03, real=1.21 secs] 
41151.329: [GC 41151.329: [ParNew: 440896K->48960K(440896K), 1.2591917 secs] 2879792K->2537277K(4145344K), 1.2596750 secs] [Times: user=3.69 sys=0.03, real=1.26 secs] 
41209.069: [GC 41209.069: [ParNew: 440896K->48960K(440896K), 1.2553042 secs] 2929213K->2584863K(4145344K), 1.2558093 secs] [Times: user=3.66 sys=0.03, real=1.26 secs] 
41253.002: [GC 41253.002: [ParNew: 440896K->48959K(440896K), 1.4834308 secs] 2976799K->2637468K(4145344K), 1.4838973 secs] [Times: user=3.89 sys=0.04, real=1.48 secs] 
41297.061: [GC 41297.061: [ParNew: 440895K->48960K(440896K), 1.1490313 secs] 3029404K->2684271K(4145344K), 1.1495070 secs] [Times: user=3.48 sys=0.03, real=1.15 secs] 
41361.693: [GC 41361.693: [ParNew: 440896K->48960K(440896K), 1.0773390 secs] 3076207K->2727401K(4145344K), 1.0777984 secs] [Times: user=3.45 sys=0.04, real=1.08 secs] 
41412.511: [GC 41412.511: [ParNew: 440896K->48959K(440896K), 1.4551338 secs] 3119337K->2775436K(4145344K), 1.4556341 secs] [Times: user=3.63 sys=0.04, real=1.46 secs] 
41433.254: [GC 41433.255: [ParNew: 440895K->48960K(440896K), 1.0679356 secs] 3167372K->2820995K(4145344K), 1.0683913 secs] [Times: user=3.55 sys=0.03, real=1.07 secs] 
41481.999: [GC 41481.999: [ParNew: 440896K->48960K(440896K), 1.2907913 secs] 3212931K->2869710K(4145344K), 1.2912957 secs] [Times: user=3.74 sys=0.03, real=1.29 secs] 
41548.818: [GC 41548.818: [ParNew: 440896K->48960K(440896K), 1.4591040 secs] 3261646K->2922689K(4145344K), 1.4596037 secs] [Times: user=3.87 sys=0.03, real=1.46 secs] 
41585.870: [GC 41585.870: [ParNew: 440896K->48960K(440896K), 1.4722842 secs] 3314625K->2973781K(4145344K), 1.4727767 secs] [Times: user=3.73 sys=0.03, real=1.47 secs] 
41628.428: [GC 41628.429: [ParNew: 440896K->48960K(440896K), 1.6497155 secs] 3365717K->3027862K(4145344K), 1.6502088 secs] [Times: user=3.95 sys=0.03, real=1.65 secs] 
41670.919: [GC 41670.919: [ParNew: 440896K->48960K(440896K), 1.2504734 secs] 3419798K->3076737K(4145344K), 1.2509667 secs] [Times: user=3.71 sys=0.03, real=1.25 secs] 
41716.662: [GC 41716.662: [ParNew: 440896K->48959K(440896K), 1.4432520 secs] 3468673K->3129248K(4145344K), 1.4437455 secs] [Times: user=3.86 sys=0.04, real=1.44 secs] 
41767.793: [GC 41767.793: [ParNew: 440895K->48959K(440896K), 1.3445202 secs] 3521184K->3178192K(4145344K), 1.3450006 secs] [Times: user=3.70 sys=0.03, real=1.35 secs] 
41834.152: [GC 41834.152: [ParNew: 440895K->48960K(440896K), 1.1318451 secs] 3570128K->3223547K(4145344K), 1.1323354 secs] [Times: user=3.43 sys=0.03, real=1.13 secs] 
41873.308: [GC 41873.308: [ParNew: 440896K->48960K(440896K), 1.3562279 secs] 3615483K->3274429K(4145344K), 1.3567155 secs] [Times: user=3.78 sys=0.03, real=1.36 secs] 
41925.056: [GC 41925.056: [ParNew: 440896K->48959K(440896K), 1.3472185 secs] 3666365K->3324558K(4145344K), 1.3476963 secs] [Times: user=3.73 sys=0.03, real=1.35 secs] 
41958.472: [GC 41958.472: [ParNew: 440895K->48959K(440896K), 1.4416187 secs] 3716494K->3375773K(4145344K), 1.4420975 secs] [Times: user=3.77 sys=0.03, real=1.44 secs] 
41993.221: [GC 41993.221: [ParNew: 440895K->48960K(440896K), 1.3655666 secs] 3767709K->3424380K(4145344K), 1.3660384 secs] [Times: user=3.73 sys=0.03, real=1.37 secs] 
42041.885: [GC 42041.885: [ParNew: 440896K->48959K(440896K), 1.3379804 secs] 3816316K->3474715K(4145344K), 1.3384737 secs] [Times: user=3.73 sys=0.02, real=1.34 secs] 
42043.229: [GC [1 CMS-initial-mark: 3425755K(3704448K)] 3475733K(4145344K), 0.4794632 secs] [Times: user=0.48 sys=0.00, real=0.48 secs] 
42043.710: [CMS-concurrent-mark-start]
42044.351: [CMS-concurrent-mark: 0.641/0.641 secs] [Times: user=4.40 sys=0.03, real=0.64 secs] 
42044.351: [CMS-concurrent-preclean-start]
42044.465: [CMS-concurrent-preclean: 0.114/0.114 secs] [Times: user=0.11 sys=0.00, real=0.11 secs] 
42044.465: [CMS-concurrent-abortable-preclean-start]
 CMS: abort preclean due to time 42050.177: [CMS-concurrent-abortable-preclean: 5.506/5.712 secs] [Times: user=7.91 sys=0.06, real=5.71 secs] 
42050.183: [GC[YG occupancy: 131691 K (440896 K)]42050.183: [Rescan (non-parallel) 42050.183: [grey object rescan, 0.1027639 secs]42050.286: [root rescan, 1.1371133 secs], 1.2401703 secs]42051.423: [weak refs processing, 1.8106582 secs] [1 CMS-remark: 3425755K(3704448K)] 3557447K(4145344K), 3.0523361 secs] [Times: user=3.05 sys=0.01, real=3.05 secs] 
42053.236: [CMS-concurrent-sweep-start]
42085.220: [GC 42085.220: [ParNew: 440895K->48960K(440896K), 1.2198741 secs] 2195047K->1850801K(4145344K), 1.2203603 secs] [Times: user=3.45 sys=0.01, real=1.22 secs] 
42116.220: [CMS-concurrent-sweep: 61.741/62.985 secs] [Times: user=85.39 sys=0.71, real=62.98 secs] 
42116.221: [CMS-concurrent-reset-start]
42116.250: [CMS-concurrent-reset: 0.029/0.029 secs] [Times: user=0.03 sys=0.00, real=0.03 secs] 
42131.808: [GC 42131.808: [ParNew: 440896K->48960K(440896K), 1.2012767 secs] 859698K->514026K(4145344K), 1.2125829 secs] [Times: user=3.27 sys=0.01, real=1.21 secs] 
42192.950: [GC 42192.950: [ParNew: 440896K->48960K(440896K), 1.2425828 secs] 905962K->562369K(4145344K), 1.2430487 secs] [Times: user=3.38 sys=0.02, real=1.24 secs] 
42269.738: [GC 42269.738: [ParNew: 440896K->48959K(440896K), 1.2869475 secs] 954305K->611445K(4145344K), 1.2874343 secs] [Times: user=3.70 sys=0.02, real=1.29 secs] 
42312.251: [GC 42312.251: [ParNew: 440895K->48959K(440896K), 1.2061791 secs] 1003381K->658938K(4145344K), 1.2066540 secs] [Times: user=3.67 sys=0.03, real=1.21 secs] 
42373.051: [GC 42373.051: [ParNew: 440895K->48960K(440896K), 1.5369802 secs] 1050874K->712775K(4145344K), 1.5374566 secs] [Times: user=3.90 sys=0.04, real=1.54 secs] 
42438.041: [GC 42438.041: [ParNew: 440896K->48960K(440896K), 1.4180962 secs] 1104711K->761469K(4145344K), 1.4186176 secs] [Times: user=3.90 sys=0.03, real=1.42 secs] 
42462.926: [GC 42462.926: [ParNew: 440896K->48959K(440896K), 1.2917503 secs] 1153405K->812765K(4145344K), 1.2922238 secs] [Times: user=3.91 sys=0.04, real=1.29 secs] 
42511.937: [GC 42511.937: [ParNew: 440895K->48960K(440896K), 1.3196322 secs] 1204701K->863767K(4145344K), 1.3201144 secs] [Times: user=3.74 sys=0.04, real=1.32 secs] 
42559.360: [GC 42559.360: [ParNew: 440896K->48959K(440896K), 1.6019011 secs] 1255703K->917796K(4145344K), 1.6023878 secs] [Times: user=3.93 sys=0.03, real=1.60 secs] 
42591.413: [GC 42591.413: [ParNew: 440895K->48959K(440896K), 1.0950989 secs] 1309732K->962284K(4145344K), 1.0955716 secs] [Times: user=3.48 sys=0.03, real=1.10 secs] 
42621.679: [GC 42621.679: [ParNew: 440895K->48960K(440896K), 1.6858627 secs] 1354220K->1015601K(4145344K), 1.6863601 secs] [Times: user=3.98 sys=0.04, real=1.69 secs] 
42664.433: [GC 42664.433: [ParNew: 440896K->48960K(440896K), 1.7246819 secs] 1407537K->1073205K(4145344K), 1.7251986 secs] [Times: user=4.18 sys=0.03, real=1.73 secs] 
42693.384: [GC 42693.385: [ParNew: 440896K->48960K(440896K), 1.0292450 secs] 1465141K->1116562K(4145344K), 1.0297447 secs] [Times: user=3.43 sys=0.02, real=1.03 secs] 
42720.538: [GC 42720.539: [ParNew: 440896K->48959K(440896K), 1.5185142 secs] 1508498K->1173941K(4145344K), 1.5190342 secs] [Times: user=4.19 sys=0.03, real=1.52 secs] 
42762.468: [GC 42762.469: [ParNew: 440895K->48959K(440896K), 1.7337323 secs] 1565877K->1231149K(4145344K), 1.7342492 secs] [Times: user=4.13 sys=0.03, real=1.73 secs] 
42794.947: [GC 42794.947: [ParNew: 440895K->48960K(440896K), 1.4437892 secs] 1623085K->1277789K(4145344K), 1.4442977 secs] [Times: user=3.80 sys=0.02, real=1.44 secs] 
42822.229: [GC 42822.229: [ParNew: 440896K->48960K(440896K), 1.0658980 secs] 1669725K->1323593K(4145344K), 1.0664180 secs] [Times: user=3.64 sys=0.03, real=1.07 secs] 
42851.194: [GC 42851.194: [ParNew: 440896K->48959K(440896K), 1.5590976 secs] 1715529K->1376968K(4145344K), 1.5595836 secs] [Times: user=3.98 sys=0.04, real=1.56 secs] 
42893.530: [GC 42893.530: [ParNew: 440895K->48960K(440896K), 1.5846190 secs] 1768904K->1427478K(4145344K), 1.5850937 secs] [Times: user=3.90 sys=0.03, real=1.59 secs] 
42930.937: [GC 42930.937: [ParNew: 440896K->48960K(440896K), 1.5152672 secs] 1819414K->1478831K(4145344K), 1.5157444 secs] [Times: user=3.92 sys=0.03, real=1.52 secs] 
42964.871: [GC 42964.871: [ParNew: 440896K->48960K(440896K), 1.3492142 secs] 1870767K->1528037K(4145344K), 1.3497457 secs] [Times: user=3.74 sys=0.04, real=1.35 secs] 
43013.903: [GC 43013.904: [ParNew: 440896K->48960K(440896K), 1.4427291 secs] 1919973K->1579672K(4145344K), 1.4431773 secs] [Times: user=3.87 sys=0.04, real=1.44 secs] 
43057.138: [GC 43057.138: [ParNew: 440896K->48959K(440896K), 1.4165176 secs] 1971608K->1630030K(4145344K), 1.4169898 secs] [Times: user=3.91 sys=0.06, real=1.42 secs] 
43142.158: [GC 43142.159: [ParNew: 440895K->48959K(440896K), 1.1431945 secs] 2021966K->1674872K(4145344K), 1.1436724 secs] [Times: user=3.60 sys=0.05, real=1.14 secs] 
43208.165: [GC 43208.165: [ParNew: 440895K->48959K(440896K), 1.2588322 secs] 2066808K->1723375K(4145344K), 1.2593085 secs] [Times: user=3.66 sys=0.04, real=1.26 secs] 
43239.510: [GC 43239.511: [ParNew: 440895K->48959K(440896K), 1.3719814 secs] 2115311K->1773583K(4145344K), 1.3724985 secs] [Times: user=3.90 sys=0.05, real=1.37 secs] 
43337.984: [GC 43337.984: [ParNew: 440895K->48960K(440896K), 1.1859706 secs] 2165519K->1821447K(4145344K), 1.1864747 secs] [Times: user=3.66 sys=0.04, real=1.19 secs] 
43360.677: [GC 43360.678: [ParNew: 440896K->48959K(440896K), 1.7416092 secs] 2213383K->1883960K(4145344K), 1.7420933 secs] [Times: user=4.47 sys=0.05, real=1.74 secs] 
43410.544: [GC 43410.545: [ParNew: 440895K->48960K(440896K), 1.5476442 secs] 2275896K->1940155K(4145344K), 1.5481431 secs] [Times: user=3.95 sys=0.05, real=1.55 secs] 
43456.632: [GC 43456.633: [ParNew: 440896K->48960K(440896K), 0.9718677 secs] 2332091K->1977306K(4145344K), 0.9723476 secs] [Times: user=3.29 sys=0.03, real=0.97 secs] 
43479.958: [GC 43479.959: [ParNew: 440896K->48959K(440896K), 1.3905655 secs] 2369242K->2029907K(4145344K), 1.3910559 secs] [Times: user=3.89 sys=0.04, real=1.39 secs] 
43545.234: [GC 43545.234: [ParNew: 440895K->48960K(440896K), 1.4046818 secs] 2421843K->2078790K(4145344K), 1.4051718 secs] [Times: user=3.70 sys=0.05, real=1.41 secs] 
43609.052: [GC 43609.052: [ParNew: 440896K->48960K(440896K), 1.1341848 secs] 2470726K->2119697K(4145344K), 1.1346628 secs] [Times: user=3.31 sys=0.03, real=1.13 secs] 
43667.313: [GC 43667.313: [ParNew: 440884K->48960K(440896K), 1.3269174 secs] 2511622K->2170090K(4145344K), 1.3274016 secs] [Times: user=3.85 sys=0.03, real=1.33 secs] 
43727.460: [GC 43727.460: [ParNew: 438769K->48959K(440896K), 1.1289540 secs] 2559900K->2220329K(4145344K), 1.1294513 secs] [Times: user=3.81 sys=0.03, real=1.13 secs] 
43757.157: [GC 43757.158: [ParNew: 440895K->48959K(440896K), 1.2596095 secs] 2612265K->2266911K(4145344K), 1.2600859 secs] [Times: user=3.48 sys=0.02, real=1.26 secs] 
43794.875: [GC 43794.875: [ParNew: 440895K->48959K(440896K), 1.0090896 secs] 2658847K->2311111K(4145344K), 1.0095378 secs] [Times: user=3.39 sys=0.03, real=1.01 secs] 
43856.843: [GC 43856.844: [ParNew: 440895K->48960K(440896K), 1.2839779 secs] 2703047K->2357742K(4145344K), 1.2844532 secs] [Times: user=3.66 sys=0.03, real=1.28 secs] 
43912.709: [GC 43912.709: [ParNew: 440896K->48959K(440896K), 1.1429234 secs] 2749678K->2400494K(4145344K), 1.1433700 secs] [Times: user=3.40 sys=0.02, real=1.14 secs] 
43967.160: [GC 43967.161: [ParNew: 440895K->48960K(440896K), 1.3535429 secs] 2792430K->2450922K(4145344K), 1.3540084 secs] [Times: user=3.78 sys=0.03, real=1.35 secs] 
44023.040: [GC 44023.041: [ParNew: 440896K->48960K(440896K), 1.4171293 secs] 2842858K->2499991K(4145344K), 1.4176204 secs] [Times: user=3.82 sys=0.04, real=1.42 secs] 
44088.997: [GC 44088.997: [ParNew: 440896K->48960K(440896K), 1.1456142 secs] 2891927K->2545739K(4145344K), 1.1460822 secs] [Times: user=3.55 sys=0.05, real=1.15 secs] 
44159.416: [GC 44159.416: [ParNew: 440896K->48960K(440896K), 1.3166360 secs] 2937675K->2593540K(4145344K), 1.3171420 secs] [Times: user=3.67 sys=0.05, real=1.32 secs] 
44205.317: [GC 44205.318: [ParNew: 440896K->48960K(440896K), 1.3134303 secs] 2985476K->2641484K(4145344K), 1.3139068 secs] [Times: user=3.72 sys=0.04, real=1.31 secs] 
44276.056: [GC 44276.057: [ParNew: 440896K->48959K(440896K), 1.2793344 secs] 3033420K->2690866K(4145344K), 1.2798200 secs] [Times: user=3.86 sys=0.04, real=1.28 secs] 
44325.757: [GC 44325.757: [ParNew: 440895K->48959K(440896K), 1.1362481 secs] 3082802K->2738205K(4145344K), 1.1367078 secs] [Times: user=3.59 sys=0.04, real=1.14 secs] 
44358.810: [GC 44358.810: [ParNew: 440895K->48960K(440896K), 1.5629210 secs] 3130141K->2792843K(4145344K), 1.5634025 secs] [Times: user=4.00 sys=0.03, real=1.56 secs] 
44379.282: [GC 44379.283: [ParNew: 440896K->48960K(440896K), 1.3360668 secs] 3184779K->2843541K(4145344K), 1.3365535 secs] [Times: user=3.81 sys=0.03, real=1.34 secs] 
44403.071: [GC 44403.072: [ParNew: 440896K->48959K(440896K), 1.5266458 secs] 3235477K->2897031K(4145344K), 1.5271482 secs] [Times: user=3.93 sys=0.03, real=1.53 secs] 
44443.459: [GC 44443.459: [ParNew: 440895K->48960K(440896K), 1.3002223 secs] 3288967K->2944361K(4145344K), 1.3132441 secs] [Times: user=3.77 sys=0.02, real=1.31 secs] 
44467.143: [GC 44467.144: [ParNew: 440896K->48960K(440896K), 1.5852878 secs] 3336297K->2996241K(4145344K), 1.5857616 secs] [Times: user=3.81 sys=0.03, real=1.59 secs] 
44528.658: [GC 44528.658: [ParNew: 440896K->48960K(440896K), 1.4617270 secs] 3388177K->3048130K(4145344K), 1.4622227 secs] [Times: user=3.77 sys=0.03, real=1.46 secs] 
44585.577: [GC 44585.577: [ParNew: 440896K->48960K(440896K), 1.3859384 secs] 3440066K->3099162K(4145344K), 1.3864209 secs] [Times: user=3.91 sys=0.03, real=1.39 secs] 
44613.411: [GC 44613.412: [ParNew: 440896K->48960K(440896K), 1.6382175 secs] 3491098K->3156272K(4145344K), 1.6387442 secs] [Times: user=4.08 sys=0.02, real=1.64 secs] 
44653.337: [GC 44653.337: [ParNew: 440896K->48959K(440896K), 1.2154782 secs] 3548208K->3204538K(4145344K), 1.2159585 secs] [Times: user=3.57 sys=0.02, real=1.22 secs] 
44704.057: [GC 44704.058: [ParNew: 440895K->48959K(440896K), 1.3932173 secs] 3596474K->3253664K(4145344K), 1.3937135 secs] [Times: user=3.66 sys=0.03, real=1.39 secs] 
44776.530: [GC 44776.530: [ParNew: 440895K->48959K(440896K), 1.1375222 secs] 3645600K->3300679K(4145344K), 1.1380218 secs] [Times: user=3.61 sys=0.03, real=1.14 secs] 
44830.191: [GC 44830.191: [ParNew: 440895K->48960K(440896K), 1.5567277 secs] 3692615K->3355987K(4145344K), 1.5572175 secs] [Times: user=3.97 sys=0.02, real=1.56 secs] 
44863.668: [GC 44863.669: [ParNew: 440896K->48960K(440896K), 1.4428577 secs] 3747923K->3405545K(4145344K), 1.4433525 secs] [Times: user=3.74 sys=0.03, real=1.44 secs] 
44914.575: [GC 44914.575: [ParNew: 440896K->48960K(440896K), 1.1386894 secs] 3797481K->3449532K(4145344K), 1.1391907 secs] [Times: user=3.44 sys=0.02, real=1.14 secs] 
45019.062: [GC 45019.062: [ParNew: 440896K->48960K(440896K), 1.3376255 secs] 3841468K->3500500K(4145344K), 1.3381051 secs] [Times: user=3.72 sys=0.03, real=1.34 secs] 
45020.406: [GC [1 CMS-initial-mark: 3451540K(3704448K)] 3500523K(4145344K), 0.4807124 secs] [Times: user=0.49 sys=0.00, real=0.48 secs] 
45020.887: [CMS-concurrent-mark-start]
45021.505: [CMS-concurrent-mark: 0.618/0.618 secs] [Times: user=4.93 sys=0.03, real=0.62 secs] 
45021.506: [CMS-concurrent-preclean-start]
45021.621: [CMS-concurrent-preclean: 0.115/0.115 secs] [Times: user=0.27 sys=0.00, real=0.12 secs] 
45021.621: [CMS-concurrent-abortable-preclean-start]
 CMS: abort preclean due to time 45027.208: [CMS-concurrent-abortable-preclean: 5.482/5.587 secs] [Times: user=7.84 sys=0.08, real=5.59 secs] 
45027.214: [GC[YG occupancy: 148925 K (440896 K)]45027.214: [Rescan (non-parallel) 45027.214: [grey object rescan, 0.1024958 secs]45027.317: [root rescan, 1.3915201 secs], 1.4943208 secs]45028.708: [weak refs processing, 2.8753427 secs] [1 CMS-remark: 3451540K(3704448K)] 3600466K(4145344K), 4.3716286 secs] [Times: user=4.38 sys=0.00, real=4.37 secs] 
45031.586: [CMS-concurrent-sweep-start]
45059.061: [GC 45059.062: [ParNew: 440896K->48960K(440896K), 1.4172130 secs] 2370835K->2031053K(4145344K), 1.4177209 secs] [Times: user=3.83 sys=0.01, real=1.42 secs] 
45090.565: [CMS-concurrent-sweep: 57.540/58.979 secs] [Times: user=81.30 sys=0.64, real=58.98 secs] 
45090.566: [CMS-concurrent-reset-start]
45090.595: [CMS-concurrent-reset: 0.029/0.029 secs] [Times: user=0.03 sys=0.00, real=0.03 secs] 
45113.590: [GC 45113.590: [ParNew: 440896K->48959K(440896K), 1.3869513 secs] 933741K->595441K(4145344K), 1.3874204 secs] [Times: user=3.48 sys=0.01, real=1.39 secs] 
45191.263: [GC 45191.263: [ParNew: 440895K->48959K(440896K), 1.1363091 secs] 987377K->639272K(4145344K), 1.1368091 secs] [Times: user=3.36 sys=0.02, real=1.14 secs] 
45235.229: [GC 45235.230: [ParNew: 440895K->48959K(440896K), 1.4681865 secs] 1031208K->691897K(4145344K), 1.4686818 secs] [Times: user=3.89 sys=0.01, real=1.47 secs] 
45303.925: [GC 45303.926: [ParNew: 440895K->48960K(440896K), 1.4315756 secs] 1083833K->742184K(4145344K), 1.4320579 secs] [Times: user=3.71 sys=0.03, real=1.43 secs] 
45349.079: [GC 45349.079: [ParNew: 440896K->48959K(440896K), 1.2404133 secs] 1134120K->788293K(4145344K), 1.2408996 secs] [Times: user=3.52 sys=0.03, real=1.24 secs] 
45424.792: [GC 45424.792: [ParNew: 440895K->48960K(440896K), 1.2377208 secs] 1180229K->837191K(4145344K), 1.2382176 secs] [Times: user=3.74 sys=0.03, real=1.24 secs] 
45460.737: [GC 45460.737: [ParNew: 440869K->48959K(440896K), 1.1683356 secs] 1229101K->886304K(4145344K), 1.1688193 secs] [Times: user=3.72 sys=0.03, real=1.17 secs] 
45504.139: [GC 45504.139: [ParNew: 440895K->48960K(440896K), 1.5236086 secs] 1278240K->941018K(4145344K), 1.5240925 secs] [Times: user=3.92 sys=0.04, real=1.52 secs] 
45539.701: [GC 45539.701: [ParNew: 440896K->48960K(440896K), 1.3944468 secs] 1332954K->988563K(4145344K), 1.3949320 secs] [Times: user=3.54 sys=0.03, real=1.40 secs] 
45589.640: [GC 45589.641: [ParNew: 440896K->48959K(440896K), 1.4490536 secs] 1380499K->1039068K(4145344K), 1.4495192 secs] [Times: user=3.85 sys=0.04, real=1.45 secs] 
45632.655: [GC 45632.655: [ParNew: 440895K->48960K(440896K), 1.2475229 secs] 1431004K->1088678K(4145344K), 1.2480022 secs] [Times: user=3.72 sys=0.04, real=1.25 secs] 
45706.696: [GC 45706.696: [ParNew: 440896K->48960K(440896K), 1.1779107 secs] 1480614K->1136277K(4145344K), 1.1784030 secs] [Times: user=3.49 sys=0.03, real=1.18 secs] 
45751.540: [GC 45751.540: [ParNew: 440896K->48960K(440896K), 1.3718968 secs] 1528213K->1185000K(4145344K), 1.3723954 secs] [Times: user=3.74 sys=0.03, real=1.37 secs] 
45797.001: [GC 45797.001: [ParNew: 440896K->48959K(440896K), 1.3975708 secs] 1576936K->1235561K(4145344K), 1.3980609 secs] [Times: user=3.75 sys=0.03, real=1.40 secs] 
45834.625: [GC 45834.625: [ParNew: 440895K->48960K(440896K), 1.3978175 secs] 1627497K->1285455K(4145344K), 1.3983125 secs] [Times: user=3.78 sys=0.03, real=1.40 secs] 
45913.532: [GC 45913.533: [ParNew: 440896K->48959K(440896K), 1.1255319 secs] 1677391K->1330337K(4145344K), 1.1260085 secs] [Times: user=3.49 sys=0.03, real=1.13 secs] 
45990.468: [GC 45990.468: [ParNew: 440895K->48960K(440896K), 1.1289959 secs] 1722273K->1375238K(4145344K), 1.1294748 secs] [Times: user=3.49 sys=0.03, real=1.13 secs] 
46024.093: [GC 46024.093: [ParNew: 440896K->48959K(440896K), 1.3473165 secs] 1767174K->1426147K(4145344K), 1.3478334 secs] [Times: user=3.93 sys=0.05, real=1.35 secs] 
46058.721: [GC 46058.721: [ParNew: 440895K->48959K(440896K), 1.6151660 secs] 1818083K->1481868K(4145344K), 1.6156578 secs] [Times: user=4.06 sys=0.03, real=1.62 secs] 
46109.498: [GC 46109.498: [ParNew: 440895K->48960K(440896K), 1.2670193 secs] 1873804K->1529542K(4145344K), 1.2675025 secs] [Times: user=3.68 sys=0.03, real=1.27 secs] 
46141.992: [GC 46141.992: [ParNew: 440896K->48959K(440896K), 1.5299836 secs] 1921478K->1580810K(4145344K), 1.5305123 secs] [Times: user=3.83 sys=0.03, real=1.53 secs] 
46173.807: [GC 46173.808: [ParNew: 440895K->48959K(440896K), 1.3587875 secs] 1972746K->1631303K(4145344K), 1.3592648 secs] [Times: user=3.72 sys=0.03, real=1.36 secs] 
46212.062: [GC 46212.063: [ParNew: 440895K->48960K(440896K), 1.3996876 secs] 2023239K->1681971K(4145344K), 1.4001643 secs] [Times: user=3.87 sys=0.04, real=1.40 secs] 
46261.073: [GC 46261.074: [ParNew: 440896K->48960K(440896K), 1.2887973 secs] 2073907K->1729151K(4145344K), 1.2893075 secs] [Times: user=3.77 sys=0.05, real=1.29 secs] 
46294.028: [GC 46294.029: [ParNew: 440896K->48960K(440896K), 1.6468594 secs] 2121087K->1786834K(4145344K), 1.6473152 secs] [Times: user=4.17 sys=0.05, real=1.65 secs] 
46325.232: [GC 46325.232: [ParNew: 440896K->48959K(440896K), 1.3475554 secs] 2178770K->1836567K(4145344K), 1.3480689 secs] [Times: user=3.70 sys=0.04, real=1.35 secs] 
46370.391: [GC 46370.391: [ParNew: 440895K->48959K(440896K), 1.3858599 secs] 2228503K->1884211K(4145344K), 1.3863812 secs] [Times: user=3.68 sys=0.04, real=1.39 secs] 
46423.827: [GC 46423.828: [ParNew: 440895K->48959K(440896K), 1.3744724 secs] 2276147K->1933829K(4145344K), 1.3749502 secs] [Times: user=3.76 sys=0.05, real=1.38 secs] 
46462.205: [GC 46462.205: [ParNew: 440895K->48960K(440896K), 1.3769156 secs] 2325765K->1983264K(4145344K), 1.3774182 secs] [Times: user=3.72 sys=0.05, real=1.39 secs] 
46516.504: [GC 46516.504: [ParNew: 440833K->48960K(440896K), 1.2798279 secs] 2375137K->2031955K(4145344K), 1.2803126 secs] [Times: user=3.70 sys=0.05, real=1.28 secs] 
46586.444: [GC 46586.444: [ParNew: 440896K->48960K(440896K), 1.2547862 secs] 2423891K->2081087K(4145344K), 1.2552814 secs] [Times: user=3.66 sys=0.06, real=1.26 secs] 
46631.114: [GC 46631.114: [ParNew: 440896K->48960K(440896K), 1.2756485 secs] 2473023K->2128306K(4145344K), 1.2760944 secs] [Times: user=3.58 sys=0.06, real=1.28 secs] 
46692.282: [GC 46692.283: [ParNew: 440896K->48960K(440896K), 1.5274857 secs] 2520242K->2178943K(4145344K), 1.5279767 secs] [Times: user=3.69 sys=0.07, real=1.53 secs] 
46796.918: [GC 46796.918: [ParNew: 440896K->48959K(440896K), 1.3930435 secs] 2570879K->2225825K(4145344K), 1.3935346 secs] [Times: user=3.62 sys=0.07, real=1.39 secs] 
46860.505: [GC 46860.505: [ParNew: 440895K->48959K(440896K), 1.2676313 secs] 2617761K->2273937K(4145344K), 1.2681176 secs] [Times: user=3.75 sys=0.07, real=1.27 secs] 
46882.130: [GC 46882.130: [ParNew: 440895K->48959K(440896K), 1.5200875 secs] 2665873K->2327646K(4145344K), 1.5205897 secs] [Times: user=3.92 sys=0.07, real=1.52 secs] 
46925.667: [GC 46925.667: [ParNew: 440895K->48960K(440896K), 1.7250881 secs] 2719582K->2384880K(4145344K), 1.7255972 secs] [Times: user=4.15 sys=0.04, real=1.73 secs] 
46962.194: [GC 46962.194: [ParNew: 440896K->48960K(440896K), 1.5415180 secs] 2776816K->2436757K(4145344K), 1.5420136 secs] [Times: user=3.83 sys=0.03, real=1.54 secs] 
47030.535: [GC 47030.535: [ParNew: 440896K->48959K(440896K), 1.2724069 secs] 2828693K->2482896K(4145344K), 1.2729078 secs] [Times: user=3.58 sys=0.03, real=1.27 secs] 
47050.208: [GC 47050.208: [ParNew: 440895K->48960K(440896K), 1.3525201 secs] 2874832K->2534856K(4145344K), 1.3530245 secs] [Times: user=4.02 sys=0.03, real=1.35 secs] 
47096.074: [GC 47096.074: [ParNew: 440896K->48959K(440896K), 1.2778734 secs] 2926792K->2584257K(4145344K), 1.2783890 secs] [Times: user=3.80 sys=0.03, real=1.28 secs] 
47155.313: [GC 47155.313: [ParNew: 440895K->48960K(440896K), 1.6618082 secs] 2976193K->2639110K(4145344K), 1.6622634 secs] [Times: user=3.96 sys=0.03, real=1.66 secs] 
47206.382: [GC 47206.383: [ParNew: 440896K->48960K(440896K), 1.3673109 secs] 3031046K->2687546K(4145344K), 1.3678040 secs] [Times: user=3.80 sys=0.03, real=1.37 secs] 
47249.597: [GC 47249.597: [ParNew: 440896K->48960K(440896K), 1.2239098 secs] 3079482K->2737250K(4145344K), 1.2243920 secs] [Times: user=3.70 sys=0.03, real=1.22 secs] 
47326.996: [GC 47326.996: [ParNew: 440896K->48959K(440896K), 1.3004310 secs] 3129186K->2785802K(4145344K), 1.3009175 secs] [Times: user=3.59 sys=0.03, real=1.30 secs] 
47406.588: [GC 47406.588: [ParNew: 440895K->48960K(440896K), 1.3959969 secs] 3177738K->2833229K(4145344K), 1.3964793 secs] [Times: user=3.63 sys=0.02, real=1.40 secs] 
47458.955: [GC 47458.955: [ParNew: 440896K->48960K(440896K), 1.3093757 secs] 3225165K->2883148K(4145344K), 1.3098708 secs] [Times: user=3.76 sys=0.03, real=1.31 secs] 
47511.855: [GC 47511.855: [ParNew: 440896K->48960K(440896K), 1.2201414 secs] 3275084K->2931484K(4145344K), 1.2206104 secs] [Times: user=3.64 sys=0.03, real=1.22 secs] 
47629.126: [GC 47629.126: [ParNew: 440896K->48960K(440896K), 1.1673326 secs] 3323420K->2975676K(4145344K), 1.1678112 secs] [Times: user=3.46 sys=0.02, real=1.17 secs] 
47647.541: [GC 47647.541: [ParNew: 440896K->48960K(440896K), 1.4658772 secs] 3367612K->3029186K(4145344K), 1.4663636 secs] [Times: user=3.97 sys=0.04, real=1.47 secs] 
47734.971: [GC 47734.971: [ParNew: 440896K->48960K(440896K), 1.1786217 secs] 3421122K->3077430K(4145344K), 1.1791023 secs] [Times: user=3.61 sys=0.02, real=1.18 secs] 
47805.638: [GC 47805.638: [ParNew: 440896K->48960K(440896K), 1.3469958 secs] 3469366K->3124132K(4145344K), 1.3474603 secs] [Times: user=3.53 sys=0.03, real=1.35 secs] 
47838.971: [GC 47838.971: [ParNew: 440896K->48959K(440896K), 1.3458607 secs] 3516068K->3173843K(4145344K), 1.3463293 secs] [Times: user=3.68 sys=0.03, real=1.35 secs] 
47910.000: [GC 47910.000: [ParNew: 440895K->48960K(440896K), 1.4322688 secs] 3565779K->3223093K(4145344K), 1.4327572 secs] [Times: user=3.75 sys=0.03, real=1.43 secs] 
47956.948: [GC 47956.948: [ParNew: 440896K->48959K(440896K), 1.6979191 secs] 3615029K->3281198K(4145344K), 1.6984158 secs] [Times: user=4.30 sys=0.04, real=1.70 secs] 
48003.957: [GC 48003.957: [ParNew: 440895K->48960K(440896K), 1.2300959 secs] 3673134K->3329631K(4145344K), 1.2305779 secs] [Times: user=3.68 sys=0.02, real=1.23 secs] 
48060.654: [GC 48060.654: [ParNew: 440896K->48959K(440896K), 1.6181286 secs] 3721567K->3384662K(4145344K), 1.6186718 secs] [Times: user=4.10 sys=0.02, real=1.62 secs] 
48101.378: [GC 48101.378: [ParNew: 440895K->48960K(440896K), 1.4813542 secs] 3776598K->3434205K(4145344K), 1.4818175 secs] [Times: user=3.80 sys=0.02, real=1.48 secs] 
48157.259: [GC 48157.259: [ParNew: 440896K->48960K(440896K), 1.4879699 secs] 3826141K->3487211K(4145344K), 1.4884686 secs] [Times: user=3.81 sys=0.02, real=1.49 secs] 
48158.753: [GC [1 CMS-initial-mark: 3438251K(3704448K)] 3490796K(4145344K), 0.4778377 secs] [Times: user=0.48 sys=0.00, real=0.48 secs] 
48159.232: [CMS-concurrent-mark-start]
48159.879: [CMS-concurrent-mark: 0.648/0.648 secs] [Times: user=4.88 sys=0.03, real=0.65 secs] 
48159.880: [CMS-concurrent-preclean-start]
48159.992: [CMS-concurrent-preclean: 0.111/0.112 secs] [Times: user=0.14 sys=0.00, real=0.11 secs] 
48159.992: [CMS-concurrent-abortable-preclean-start]
 CMS: abort preclean due to time 48165.558: [CMS-concurrent-abortable-preclean: 5.450/5.566 secs] [Times: user=7.25 sys=0.06, real=5.57 secs] 
48165.563: [GC[YG occupancy: 123421 K (440896 K)]48165.563: [Rescan (non-parallel) 48165.563: [grey object rescan, 0.1029698 secs]48165.667: [root rescan, 1.2044845 secs], 1.3077442 secs]48166.871: [weak refs processing, 2.1147595 secs] [1 CMS-remark: 3438251K(3704448K)] 3561673K(4145344K), 3.4240275 secs] [Times: user=3.43 sys=0.00, real=3.42 secs] 
48168.988: [CMS-concurrent-sweep-start]
48186.014: [GC 48186.015: [ParNew: 440896K->48960K(440896K), 1.1876557 secs] 2953245K->2608074K(4145344K), 1.1881170 secs] [Times: user=3.53 sys=0.01, real=1.19 secs] 
48216.163: [GC 48216.164: [ParNew: 440896K->48959K(440896K), 1.3677273 secs] 1596977K->1257278K(4145344K), 1.3682128 secs] [Times: user=3.60 sys=0.01, real=1.37 secs] 
48233.367: [CMS-concurrent-sweep: 61.726/64.379 secs] [Times: user=103.31 sys=1.04, real=64.38 secs] 
48233.367: [CMS-concurrent-reset-start]
48233.396: [CMS-concurrent-reset: 0.029/0.029 secs] [Times: user=0.03 sys=0.00, real=0.03 secs] 
48245.864: [GC 48245.864: [ParNew: 440895K->48960K(440896K), 1.2353230 secs] 912595K->569328K(4145344K), 1.2358012 secs] [Times: user=3.29 sys=0.01, real=1.24 secs] 
48277.803: [GC 48277.804: [ParNew: 440896K->48960K(440896K), 1.6787144 secs] 961264K->623863K(4145344K), 1.6792045 secs] [Times: user=3.84 sys=0.02, real=1.68 secs] 
48311.879: [GC 48311.880: [ParNew: 440896K->48960K(440896K), 1.4863519 secs] 1015799K->675293K(4145344K), 1.4868337 secs] [Times: user=3.90 sys=0.02, real=1.49 secs] 
48353.522: [GC 48353.523: [ParNew: 440896K->48959K(440896K), 1.2638531 secs] 1067229K->723066K(4145344K), 1.2643036 secs] [Times: user=3.60 sys=0.04, real=1.26 secs] 
48399.993: [GC 48399.993: [ParNew: 440895K->48960K(440896K), 1.3673479 secs] 1115002K->770208K(4145344K), 1.3678317 secs] [Times: user=3.59 sys=0.04, real=1.37 secs] 
48455.817: [GC 48455.817: [ParNew: 440896K->48960K(440896K), 1.2532941 secs] 1162144K->818312K(4145344K), 1.2537740 secs] [Times: user=3.74 sys=0.04, real=1.25 secs] 
48510.018: [GC 48510.019: [ParNew: 440896K->48960K(440896K), 1.3502221 secs] 1210248K->868640K(4145344K), 1.3507221 secs] [Times: user=3.90 sys=0.04, real=1.35 secs] 
48586.164: [GC 48586.165: [ParNew: 440896K->48959K(440896K), 1.0775165 secs] 1260576K->913360K(4145344K), 1.0780293 secs] [Times: user=3.45 sys=0.04, real=1.08 secs] 
48664.822: [GC 48664.822: [ParNew: 440895K->48960K(440896K), 1.3712758 secs] 1305296K->963301K(4145344K), 1.3717717 secs] [Times: user=3.76 sys=0.04, real=1.37 secs] 
48706.455: [GC 48706.455: [ParNew: 440896K->48960K(440896K), 1.3426935 secs] 1355237K->1011702K(4145344K), 1.3542901 secs] [Times: user=3.65 sys=0.04, real=1.35 secs] 
48779.925: [GC 48779.925: [ParNew: 440896K->48959K(440896K), 1.3908696 secs] 1403638K->1063989K(4145344K), 1.3913588 secs] [Times: user=3.82 sys=0.04, real=1.39 secs] 
48830.701: [GC 48830.701: [ParNew: 440895K->48959K(440896K), 1.2653864 secs] 1455925K->1113407K(4145344K), 1.2658473 secs] [Times: user=3.63 sys=0.03, real=1.27 secs] 
48882.070: [GC 48882.070: [ParNew: 440895K->48959K(440896K), 1.2880681 secs] 1505343K->1160345K(4145344K), 1.2885540 secs] [Times: user=3.60 sys=0.03, real=1.29 secs] 
48952.123: [GC 48952.123: [ParNew: 440895K->48960K(440896K), 1.1364535 secs] 1552281K->1207959K(4145344K), 1.1369546 secs] [Times: user=3.67 sys=0.04, real=1.14 secs] 
49014.918: [GC 49014.918: [ParNew: 440887K->48960K(440896K), 0.9758663 secs] 1599887K->1252895K(4145344K), 0.9763569 secs] [Times: user=3.46 sys=0.04, real=0.98 secs] 
49074.343: [GC 49074.344: [ParNew: 440896K->48960K(440896K), 1.2765099 secs] 1644831K->1299974K(4145344K), 1.2769940 secs] [Times: user=3.61 sys=0.04, real=1.28 secs] 
49141.971: [GC 49141.971: [ParNew: 440896K->48959K(440896K), 1.2910738 secs] 1691910K->1346570K(4145344K), 1.2915998 secs] [Times: user=3.59 sys=0.03, real=1.29 secs] 
49194.968: [GC 49194.969: [ParNew: 440895K->48959K(440896K), 1.4328645 secs] 1738506K->1398723K(4145344K), 1.4333610 secs] [Times: user=3.94 sys=0.04, real=1.43 secs] 
49217.066: [GC 49217.066: [ParNew: 440895K->48959K(440896K), 1.2708449 secs] 1790659K->1449807K(4145344K), 1.2713506 secs] [Times: user=3.96 sys=0.04, real=1.27 secs] 
49304.997: [GC 49304.997: [ParNew: 440895K->48960K(440896K), 1.2388045 secs] 1841743K->1498743K(4145344K), 1.2392828 secs] [Times: user=3.53 sys=0.03, real=1.24 secs] 
49355.541: [GC 49355.541: [ParNew: 440896K->48959K(440896K), 1.4146374 secs] 1890679K->1545067K(4145344K), 1.4151333 secs] [Times: user=3.55 sys=0.03, real=1.42 secs] 
49410.601: [GC 49410.601: [ParNew: 440895K->48960K(440896K), 1.2540439 secs] 1937003K->1594238K(4145344K), 1.2545207 secs] [Times: user=3.75 sys=0.04, real=1.25 secs] 
49447.381: [GC 49447.382: [ParNew: 440896K->48960K(440896K), 1.2240112 secs] 1986174K->1642732K(4145344K), 1.2245059 secs] [Times: user=3.63 sys=0.04, real=1.22 secs] 
49513.647: [GC 49513.648: [ParNew: 440896K->48960K(440896K), 1.3038400 secs] 2034668K->1688839K(4145344K), 1.3043334 secs] [Times: user=3.64 sys=0.04, real=1.30 secs] 
49581.772: [GC 49581.772: [ParNew: 440896K->48960K(440896K), 1.3357804 secs] 2080775K->1739007K(4145344K), 1.3362622 secs] [Times: user=3.81 sys=0.04, real=1.34 secs] 
49628.799: [GC 49628.800: [ParNew: 440896K->48959K(440896K), 1.5101711 secs] 2130943K->1791585K(4145344K), 1.5106667 secs] [Times: user=3.91 sys=0.07, real=1.51 secs] 
49694.585: [GC 49694.586: [ParNew: 440895K->48959K(440896K), 1.3605873 secs] 2183521K->1838588K(4145344K), 1.3610647 secs] [Times: user=3.72 sys=0.05, real=1.36 secs] 
49746.813: [GC 49746.813: [ParNew: 440895K->48960K(440896K), 1.5436017 secs] 2230524K->1890882K(4145344K), 1.5440715 secs] [Times: user=3.89 sys=0.07, real=1.54 secs] 
49793.716: [GC 49793.717: [ParNew: 440896K->48960K(440896K), 1.5214397 secs] 2282818K->1939527K(4145344K), 1.5219183 secs] [Times: user=3.89 sys=0.07, real=1.52 secs] 
49832.096: [GC 49832.097: [ParNew: 440896K->48959K(440896K), 1.4129495 secs] 2331463K->1988189K(4145344K), 1.4134166 secs] [Times: user=3.64 sys=0.06, real=1.41 secs] 
49890.147: [GC 49890.147: [ParNew: 440895K->48959K(440896K), 1.4807960 secs] 2380125K->2037966K(4145344K), 1.4812923 secs] [Times: user=3.79 sys=0.06, real=1.48 secs] 
49910.202: [GC 49910.202: [ParNew: 440895K->48959K(440896K), 1.5730581 secs] 2429902K->2092986K(4145344K), 1.5735728 secs] [Times: user=3.96 sys=0.07, real=1.57 secs] 
49937.600: [GC 49937.601: [ParNew: 440895K->48960K(440896K), 1.5346041 secs] 2484922K->2144830K(4145344K), 1.5350784 secs] [Times: user=3.68 sys=0.06, real=1.54 secs] 
49970.205: [GC 49970.205: [ParNew: 440896K->48959K(440896K), 1.2986364 secs] 2536766K->2189860K(4145344K), 1.2991317 secs] [Times: user=3.56 sys=0.05, real=1.30 secs] 
50050.302: [GC 50050.302: [ParNew: 440895K->48960K(440896K), 1.2146178 secs] 2581796K->2236940K(4145344K), 1.2151412 secs] [Times: user=3.64 sys=0.05, real=1.22 secs] 
50105.055: [GC 50105.056: [ParNew: 440896K->48959K(440896K), 1.1779724 secs] 2628876K->2283646K(4145344K), 1.1784207 secs] [Times: user=3.62 sys=0.04, real=1.18 secs] 
50158.839: [GC 50158.839: [ParNew: 440895K->48959K(440896K), 1.4357468 secs] 2675582K->2333874K(4145344K), 1.4362480 secs] [Times: user=3.81 sys=0.04, real=1.44 secs] 
50218.103: [GC 50218.103: [ParNew: 440895K->48960K(440896K), 1.4226311 secs] 2725810K->2383721K(4145344K), 1.4231190 secs] [Times: user=3.81 sys=0.04, real=1.42 secs] 
50274.465: [GC 50274.465: [ParNew: 440896K->48960K(440896K), 1.4439978 secs] 2775657K->2434697K(4145344K), 1.4444582 secs] [Times: user=3.75 sys=0.04, real=1.44 secs] 
50406.749: [GC 50406.750: [ParNew: 440896K->48959K(440896K), 1.0919140 secs] 2826633K->2476854K(4145344K), 1.0923783 secs] [Times: user=3.37 sys=0.06, real=1.09 secs] 
50497.994: [GC 50497.994: [ParNew: 440895K->48960K(440896K), 1.1347078 secs] 2868790K->2522820K(4145344K), 1.1351773 secs] [Times: user=3.50 sys=0.06, real=1.14 secs] 
50549.624: [GC 50549.625: [ParNew: 440896K->48960K(440896K), 1.4767167 secs] 2914756K->2575489K(4145344K), 1.4771970 secs] [Times: user=3.89 sys=0.04, real=1.48 secs] 
50606.259: [GC 50606.259: [ParNew: 440896K->48959K(440896K), 1.1340181 secs] 2967425K->2621049K(4145344K), 1.1345019 secs] [Times: user=3.48 sys=0.04, real=1.13 secs] 
50686.171: [GC 50686.171: [ParNew: 440895K->48960K(440896K), 1.3274307 secs] 3012985K->2669434K(4145344K), 1.3279063 secs] [Times: user=3.67 sys=0.03, real=1.33 secs] 
50746.087: [GC 50746.088: [ParNew: 440896K->48960K(440896K), 1.3210362 secs] 3061370K->2720877K(4145344K), 1.3215388 secs] [Times: user=3.94 sys=0.04, real=1.32 secs] 
50778.945: [GC 50778.946: [ParNew: 440896K->48959K(440896K), 1.4578078 secs] 3112813K->2777875K(4145344K), 1.4583407 secs] [Times: user=4.16 sys=0.03, real=1.46 secs] 
50817.415: [GC 50817.415: [ParNew: 440895K->48960K(440896K), 1.5251609 secs] 3169811K->2831350K(4145344K), 1.5256246 secs] [Times: user=3.82 sys=0.03, real=1.53 secs] 
50916.015: [GC 50916.015: [ParNew: 440896K->48960K(440896K), 1.2544261 secs] 3223286K->2874678K(4145344K), 1.2549362 secs] [Times: user=3.44 sys=0.02, real=1.26 secs] 
50969.302: [GC 50969.302: [ParNew: 440896K->48960K(440896K), 1.1591705 secs] 3266614K->2920186K(4145344K), 1.1596735 secs] [Times: user=3.69 sys=0.03, real=1.16 secs] 
51000.783: [GC 51000.783: [ParNew: 440896K->48960K(440896K), 1.3920770 secs] 3312122K->2973671K(4145344K), 1.3925847 secs] [Times: user=3.92 sys=0.04, real=1.39 secs] 
51047.107: [GC 51047.108: [ParNew: 440896K->48960K(440896K), 1.3727721 secs] 3365607K->3023668K(4145344K), 1.3732835 secs] [Times: user=3.73 sys=0.03, real=1.37 secs] 
51116.644: [GC 51116.644: [ParNew: 440896K->48960K(440896K), 1.3369113 secs] 3415604K->3071230K(4145344K), 1.3374245 secs] [Times: user=3.71 sys=0.03, real=1.34 secs] 
51181.611: [GC 51181.611: [ParNew: 440896K->48960K(440896K), 1.2552325 secs] 3463166K->3120200K(4145344K), 1.2557171 secs] [Times: user=3.62 sys=0.03, real=1.26 secs] 
51276.788: [GC 51276.788: [ParNew: 440896K->48959K(440896K), 1.0771865 secs] 3512136K->3163638K(4145344K), 1.0776429 secs] [Times: user=3.35 sys=0.04, real=1.08 secs] 
51320.632: [GC 51320.633: [ParNew: 440895K->48960K(440896K), 1.3636504 secs] 3555574K->3209935K(4145344K), 1.3641253 secs] [Times: user=3.64 sys=0.04, real=1.36 secs] 
51384.993: [GC 51384.993: [ParNew: 440896K->48959K(440896K), 1.4328899 secs] 3601871K->3262438K(4145344K), 1.4333848 secs] [Times: user=3.90 sys=0.03, real=1.43 secs] 
51431.924: [GC 51431.924: [ParNew: 440895K->48960K(440896K), 1.2003916 secs] 3654374K->3310363K(4145344K), 1.2009034 secs] [Times: user=3.64 sys=0.03, real=1.20 secs] 
51451.518: [GC 51451.518: [ParNew: 440895K->48960K(440896K), 1.2105962 secs] 3702299K->3360377K(4145344K), 1.2111084 secs] [Times: user=3.73 sys=0.03, real=1.21 secs] 
51513.102: [GC 51513.116: [ParNew: 440896K->48960K(440896K), 1.7673056 secs] 3752313K->3417563K(4145344K), 1.7677974 secs] [Times: user=3.96 sys=0.03, real=1.78 secs] 
51568.677: [GC 51568.678: [ParNew: 440896K->48959K(440896K), 1.0431635 secs] 3809499K->3457470K(4145344K), 1.0436169 secs] [Times: user=3.34 sys=0.02, real=1.04 secs] 
51569.727: [GC [1 CMS-initial-mark: 3408510K(3704448K)] 3458255K(4145344K), 0.5014439 secs] [Times: user=0.50 sys=0.00, real=0.50 secs] 
51570.229: [CMS-concurrent-mark-start]
51570.841: [CMS-concurrent-mark: 0.612/0.612 secs] [Times: user=4.15 sys=0.02, real=0.61 secs] 
51570.842: [CMS-concurrent-preclean-start]
51570.955: [CMS-concurrent-preclean: 0.113/0.113 secs] [Times: user=0.11 sys=0.00, real=0.11 secs] 
51570.955: [CMS-concurrent-abortable-preclean-start]
 CMS: abort preclean due to time 51576.481: [CMS-concurrent-abortable-preclean: 5.101/5.526 secs] [Times: user=6.87 sys=0.05, real=5.53 secs] 
51576.487: [GC[YG occupancy: 115327 K (440896 K)]51576.487: [Rescan (non-parallel) 51576.487: [grey object rescan, 0.1036108 secs]51576.591: [root rescan, 1.1075042 secs], 1.2113837 secs]51577.699: [weak refs processing, 2.3365430 secs] [1 CMS-remark: 3408510K(3704448K)] 3523838K(4145344K), 3.5496069 secs] [Times: user=3.55 sys=0.00, real=3.55 secs] 
51580.037: [CMS-concurrent-sweep-start]
51626.060: [GC 51626.061: [ParNew: 440895K->48960K(440896K), 1.4170091 secs] 1608713K->1269932K(4145344K), 1.4174814 secs] [Times: user=3.70 sys=0.01, real=1.42 secs] 
51644.894: [CMS-concurrent-sweep: 63.428/64.857 secs] [Times: user=83.88 sys=0.60, real=64.86 secs] 
51644.895: [CMS-concurrent-reset-start]
51644.924: [CMS-concurrent-reset: 0.030/0.030 secs] [Times: user=0.03 sys=0.00, real=0.03 secs] 
51684.588: [GC 51684.589: [ParNew: 440896K->48960K(440896K), 1.4105522 secs] 873651K->532864K(4145344K), 1.4110352 secs] [Times: user=3.59 sys=0.01, real=1.41 secs] 
51715.160: [GC 51715.161: [ParNew: 440896K->48959K(440896K), 1.5020192 secs] 924800K->588267K(4145344K), 1.5025116 secs] [Times: user=3.94 sys=0.02, real=1.50 secs] 
51744.565: [GC 51744.565: [ParNew: 440895K->48959K(440896K), 1.5247492 secs] 980203K->642948K(4145344K), 1.5252517 secs] [Times: user=4.08 sys=0.03, real=1.53 secs] 
51762.732: [GC 51762.732: [ParNew: 440895K->48960K(440896K), 1.7156180 secs] 1034884K->701278K(4145344K), 1.7160819 secs] [Times: user=4.01 sys=0.03, real=1.72 secs] 
51798.691: [GC 51798.691: [ParNew: 440896K->48960K(440896K), 1.3281586 secs] 1093214K->747514K(4145344K), 1.3286378 secs] [Times: user=3.56 sys=0.04, real=1.33 secs] 
51826.606: [GC 51826.606: [ParNew: 440896K->48959K(440896K), 1.2902075 secs] 1139450K->797274K(4145344K), 1.2907387 secs] [Times: user=3.75 sys=0.04, real=1.29 secs] 
51873.057: [GC 51873.057: [ParNew: 440895K->48960K(440896K), 1.3543852 secs] 1189210K->847086K(4145344K), 1.3548584 secs] [Times: user=3.73 sys=0.04, real=1.36 secs] 
51903.608: [GC 51903.609: [ParNew: 440896K->48959K(440896K), 1.4772597 secs] 1239022K->895591K(4145344K), 1.4777796 secs] [Times: user=3.81 sys=0.04, real=1.48 secs] 
51980.894: [GC 51980.895: [ParNew: 440895K->48959K(440896K), 1.0468287 secs] 1287527K->940872K(4145344K), 1.0473363 secs] [Times: user=3.54 sys=0.04, real=1.05 secs] 
52027.220: [GC 52027.220: [ParNew: 440895K->48960K(440896K), 1.5310939 secs] 1332808K->995331K(4145344K), 1.5315907 secs] [Times: user=3.98 sys=0.03, real=1.53 secs] 
52085.235: [GC 52085.235: [ParNew: 440754K->48959K(440896K), 1.1795883 secs] 1387125K->1041406K(4145344K), 1.1800836 secs] [Times: user=3.59 sys=0.04, real=1.18 secs] 
52149.739: [GC 52149.740: [ParNew: 440895K->48960K(440896K), 1.3906221 secs] 1433342K->1089623K(4145344K), 1.3911465 secs] [Times: user=3.74 sys=0.04, real=1.39 secs] 
52220.774: [GC 52220.775: [ParNew: 440896K->48959K(440896K), 1.1625367 secs] 1481559K->1133043K(4145344K), 1.1630031 secs] [Times: user=3.45 sys=0.04, real=1.16 secs] 
52281.776: [GC 52281.777: [ParNew: 440895K->48960K(440896K), 1.2906520 secs] 1524979K->1184023K(4145344K), 1.2911538 secs] [Times: user=3.88 sys=0.04, real=1.29 secs] 
52332.838: [GC 52332.838: [ParNew: 440896K->48960K(440896K), 1.3023081 secs] 1575959K->1233829K(4145344K), 1.3027941 secs] [Times: user=3.75 sys=0.04, real=1.30 secs] 
52369.215: [GC 52369.215: [ParNew: 440896K->48959K(440896K), 1.3360002 secs] 1625765K->1282650K(4145344K), 1.3365192 secs] [Times: user=3.75 sys=0.04, real=1.34 secs] 
52424.707: [GC 52424.707: [ParNew: 440895K->48960K(440896K), 1.3135756 secs] 1674586K->1333598K(4145344K), 1.3140482 secs] [Times: user=3.80 sys=0.03, real=1.31 secs] 
52460.204: [GC 52460.204: [ParNew: 440896K->48960K(440896K), 1.3696281 secs] 1725534K->1382698K(4145344K), 1.3700939 secs] [Times: user=3.70 sys=0.04, real=1.37 secs] 
52571.777: [GC 52571.778: [ParNew: 440896K->48960K(440896K), 1.1570237 secs] 1774634K->1425804K(4145344K), 1.1575192 secs] [Times: user=3.43 sys=0.04, real=1.16 secs] 
52652.093: [GC 52652.094: [ParNew: 440896K->48959K(440896K), 0.9943762 secs] 1817740K->1470443K(4145344K), 0.9948737 secs] [Times: user=3.57 sys=0.04, real=1.00 secs] 
52694.184: [GC 52694.184: [ParNew: 440895K->48959K(440896K), 1.1935026 secs] 1862379K->1518521K(4145344K), 1.1939983 secs] [Times: user=3.52 sys=0.05, real=1.19 secs] 
52745.638: [GC 52745.639: [ParNew: 440895K->48959K(440896K), 1.1723170 secs] 1910457K->1562261K(4145344K), 1.1727735 secs] [Times: user=3.42 sys=0.05, real=1.17 secs] 
52797.982: [GC 52797.983: [ParNew: 440895K->48960K(440896K), 1.5002410 secs] 1954197K->1615266K(4145344K), 1.5007521 secs] [Times: user=4.00 sys=0.05, real=1.50 secs] 
52871.589: [GC 52871.589: [ParNew: 440896K->48960K(440896K), 1.0459506 secs] 2007202K->1660645K(4145344K), 1.0464311 secs] [Times: user=3.55 sys=0.05, real=1.05 secs] 
52918.516: [GC 52918.516: [ParNew: 440896K->48960K(440896K), 1.4358836 secs] 2052581K->1713819K(4145344K), 1.4364151 secs] [Times: user=4.00 sys=0.06, real=1.44 secs] 
52966.783: [GC 52966.784: [ParNew: 440896K->48959K(440896K), 1.3087027 secs] 2105755K->1760791K(4145344K), 1.3091774 secs] [Times: user=3.55 sys=0.05, real=1.31 secs] 
53044.036: [GC 53044.036: [ParNew: 440895K->48260K(440896K), 1.0480913 secs] 2152727K->1799777K(4145344K), 1.0486121 secs] [Times: user=3.41 sys=0.07, real=1.05 secs] 
53114.973: [GC 53114.973: [ParNew: 440196K->48960K(440896K), 1.0885223 secs] 2191713K->1812618K(4145344K), 1.0890482 secs] [Times: user=1.83 sys=0.02, real=1.09 secs] 
53164.086: [GC 53164.086: [ParNew: 440896K->48960K(440896K), 1.5084195 secs] 2204554K->1867210K(4145344K), 1.5089074 secs] [Times: user=4.17 sys=0.09, real=1.51 secs] 
53213.245: [GC 53213.245: [ParNew: 440896K->48959K(440896K), 1.3904294 secs] 2259146K->1917228K(4145344K), 1.3909246 secs] [Times: user=3.80 sys=0.05, real=1.39 secs] 
53277.142: [GC 53277.142: [ParNew: 440895K->48959K(440896K), 1.4961307 secs] 2309164K->1964916K(4145344K), 1.4966381 secs] [Times: user=3.74 sys=0.04, real=1.50 secs] 
53310.003: [GC 53310.003: [ParNew: 440895K->48959K(440896K), 1.2640816 secs] 2356852K->2011814K(4145344K), 1.2645862 secs] [Times: user=3.68 sys=0.04, real=1.26 secs] 
53377.584: [GC 53377.584: [ParNew: 440895K->48959K(440896K), 1.6475956 secs] 2403750K->2068079K(4145344K), 1.6481680 secs] [Times: user=4.19 sys=0.04, real=1.65 secs] 
53428.873: [GC 53428.873: [ParNew: 440895K->48960K(440896K), 1.1941177 secs] 2460015K->2113238K(4145344K), 1.1945699 secs] [Times: user=3.63 sys=0.03, real=1.19 secs] 
53454.097: [GC 53454.097: [ParNew: 440896K->48960K(440896K), 1.4104303 secs] 2505174K->2165210K(4145344K), 1.4109067 secs] [Times: user=3.85 sys=0.04, real=1.41 secs] 
53493.125: [GC 53493.125: [ParNew: 440896K->48959K(440896K), 1.4447331 secs] 2557146K->2216721K(4145344K), 1.4452157 secs] [Times: user=3.84 sys=0.04, real=1.45 secs] 
53541.959: [GC 53541.960: [ParNew: 440895K->48959K(440896K), 1.4703841 secs] 2608657K->2267569K(4145344K), 1.4708664 secs] [Times: user=3.76 sys=0.03, real=1.47 secs] 
53588.511: [GC 53588.511: [ParNew: 440895K->48960K(440896K), 1.4814307 secs] 2659505K->2319476K(4145344K), 1.4819334 secs] [Times: user=3.90 sys=0.03, real=1.48 secs] 
53633.224: [GC 53633.225: [ParNew: 440896K->48960K(440896K), 1.2561465 secs] 2711412K->2368275K(4145344K), 1.2605912 secs] [Times: user=3.74 sys=0.03, real=1.26 secs] 
53669.921: [GC 53669.922: [ParNew: 440896K->48959K(440896K), 1.3549005 secs] 2760211K->2418720K(4145344K), 1.3553838 secs] [Times: user=3.70 sys=0.04, real=1.36 secs] 
53714.440: [GC 53714.440: [ParNew: 440895K->48960K(440896K), 1.4274763 secs] 2810656K->2467800K(4145344K), 1.4279452 secs] [Times: user=3.79 sys=0.04, real=1.43 secs] 
53771.794: [GC 53771.795: [ParNew: 440896K->48960K(440896K), 1.3892437 secs] 2859736K->2518718K(4145344K), 1.3897402 secs] [Times: user=3.81 sys=0.05, real=1.39 secs] 
53816.716: [GC 53816.716: [ParNew: 440896K->48960K(440896K), 1.4074741 secs] 2910654K->2570721K(4145344K), 1.4079451 secs] [Times: user=3.81 sys=0.04, real=1.41 secs] 
53888.794: [GC 53888.794: [ParNew: 440896K->48960K(440896K), 1.2326562 secs] 2962657K->2617514K(4145344K), 1.2331782 secs] [Times: user=3.57 sys=0.03, real=1.23 secs] 
53942.445: [GC 53942.446: [ParNew: 440896K->48960K(440896K), 1.2844885 secs] 3009450K->2667232K(4145344K), 1.2849589 secs] [Times: user=3.77 sys=0.04, real=1.29 secs] 
53994.269: [GC 53994.269: [ParNew: 440896K->48960K(440896K), 1.2156826 secs] 3059168K->2714458K(4145344K), 1.2161312 secs] [Times: user=3.56 sys=0.04, real=1.22 secs] 
54082.461: [GC 54082.461: [ParNew: 440896K->48959K(440896K), 1.1556972 secs] 3106394K->2759005K(4145344K), 1.1561681 secs] [Times: user=3.43 sys=0.04, real=1.16 secs] 
54137.094: [GC 54137.094: [ParNew: 440895K->48960K(440896K), 1.4349714 secs] 3150941K->2811709K(4145344K), 1.4354798 secs] [Times: user=3.94 sys=0.04, real=1.44 secs] 
54172.023: [GC 54172.023: [ParNew: 440896K->48960K(440896K), 1.6163303 secs] 3203645K->2868282K(4145344K), 1.6168079 secs] [Times: user=4.13 sys=0.04, real=1.62 secs] 
54212.096: [GC 54212.096: [ParNew: 440896K->48960K(440896K), 1.4578737 secs] 3260218K->2918860K(4145344K), 1.4583411 secs] [Times: user=3.79 sys=0.03, real=1.46 secs] 
54278.921: [GC 54278.921: [ParNew: 440896K->48960K(440896K), 1.5304600 secs] 3310796K->2969620K(4145344K), 1.5309343 secs] [Times: user=3.83 sys=0.04, real=1.53 secs] 
54319.350: [GC 54319.350: [ParNew: 440896K->48960K(440896K), 1.2287834 secs] 3361556K->3019137K(4145344K), 1.2292659 secs] [Times: user=3.72 sys=0.04, real=1.23 secs] 
54384.433: [GC 54384.434: [ParNew: 440896K->48960K(440896K), 1.4234349 secs] 3411073K->3068898K(4145344K), 1.4239451 secs] [Times: user=3.77 sys=0.04, real=1.42 secs] 
54452.206: [GC 54452.206: [ParNew: 440896K->48960K(440896K), 1.1885433 secs] 3460834K->3113075K(4145344K), 1.1890513 secs] [Times: user=3.53 sys=0.04, real=1.19 secs] 
54500.089: [GC 54500.089: [ParNew: 440896K->48960K(440896K), 1.4673728 secs] 3505011K->3165996K(4145344K), 1.4678615 secs] [Times: user=3.91 sys=0.04, real=1.47 secs] 
54541.184: [GC 54541.184: [ParNew: 440896K->48960K(440896K), 1.5159610 secs] 3557932K->3215741K(4145344K), 1.5164760 secs] [Times: user=3.85 sys=0.04, real=1.52 secs] 
54599.968: [GC 54599.968: [ParNew: 440896K->48959K(440896K), 1.4624106 secs] 3607677K->3267765K(4145344K), 1.4629231 secs] [Times: user=3.86 sys=0.04, real=1.46 secs] 
54659.834: [GC 54659.834: [ParNew: 440895K->48959K(440896K), 1.1809954 secs] 3659701K->3314136K(4145344K), 1.1815183 secs] [Times: user=3.70 sys=0.04, real=1.18 secs] 
54708.166: [GC 54708.166: [ParNew: 440895K->48960K(440896K), 1.2780124 secs] 3706072K->3364161K(4145344K), 1.2784976 secs] [Times: user=3.76 sys=0.04, real=1.28 secs] 
54767.689: [GC 54767.690: [ParNew: 440896K->48960K(440896K), 1.3236747 secs] 3756097K->3411715K(4145344K), 1.3241406 secs] [Times: user=3.59 sys=0.04, real=1.32 secs] 
54818.901: [GC 54818.902: [ParNew: 440896K->48960K(440896K), 1.3636278 secs] 3803651K->3462485K(4145344K), 1.3641567 secs] [Times: user=3.78 sys=0.04, real=1.36 secs] 
54820.272: [GC [1 CMS-initial-mark: 3413525K(3704448K)] 3463986K(4145344K), 0.4830996 secs] [Times: user=0.48 sys=0.00, real=0.48 secs] 
54820.755: [CMS-concurrent-mark-start]
54821.376: [CMS-concurrent-mark: 0.621/0.621 secs] [Times: user=4.87 sys=0.03, real=0.62 secs] 
54821.377: [CMS-concurrent-preclean-start]
54821.491: [CMS-concurrent-preclean: 0.114/0.115 secs] [Times: user=0.16 sys=0.00, real=0.11 secs] 
54821.491: [CMS-concurrent-abortable-preclean-start]
 CMS: abort preclean due to time 54826.540: [CMS-concurrent-abortable-preclean: 4.936/5.049 secs] [Times: user=7.38 sys=0.06, real=5.05 secs] 
54826.546: [GC[YG occupancy: 146529 K (440896 K)]54826.546: [Rescan (non-parallel) 54826.546: [grey object rescan, 0.1038807 secs]54826.650: [root rescan, 1.3796511 secs], 1.4838094 secs]54828.030: [weak refs processing, 2.5431897 secs] [1 CMS-remark: 3413525K(3704448K)] 3560054K(4145344K), 4.0288296 secs] [Times: user=4.04 sys=0.00, real=4.03 secs] 
54830.575: [CMS-concurrent-sweep-start]
54893.457: [CMS-concurrent-sweep: 62.881/62.881 secs] [Times: user=71.45 sys=0.38, real=62.88 secs] 
54893.457: [CMS-concurrent-reset-start]
54893.487: [CMS-concurrent-reset: 0.030/0.030 secs] [Times: user=0.03 sys=0.00, real=0.03 secs] 
54908.055: [GC 54908.055: [ParNew: 440896K->48959K(440896K), 1.0553902 secs] 846558K->499069K(4145344K), 1.0558675 secs] [Times: user=3.27 sys=0.01, real=1.06 secs] 
54950.419: [GC 54950.419: [ParNew: 440895K->48960K(440896K), 1.4815212 secs] 891005K->549815K(4145344K), 1.4820115 secs] [Times: user=3.77 sys=0.01, real=1.48 secs] 
55018.711: [GC 55018.712: [ParNew: 440896K->48959K(440896K), 1.1702138 secs] 941751K->596124K(4145344K), 1.1706975 secs] [Times: user=3.68 sys=0.03, real=1.17 secs] 
55068.522: [GC 55068.522: [ParNew: 440895K->48959K(440896K), 1.2636548 secs] 988060K->648494K(4145344K), 1.2641583 secs] [Times: user=4.00 sys=0.04, real=1.26 secs] 
55093.465: [GC 55093.466: [ParNew: 440895K->48959K(440896K), 1.5797364 secs] 1040430K->705051K(4145344K), 1.5802350 secs] [Times: user=4.05 sys=0.05, real=1.58 secs] 
55136.516: [GC 55136.516: [ParNew: 440895K->48960K(440896K), 1.3520740 secs] 1096987K->751461K(4145344K), 1.3525659 secs] [Times: user=3.55 sys=0.04, real=1.35 secs] 
55183.078: [GC 55183.078: [ParNew: 440896K->48960K(440896K), 1.3900027 secs] 1143397K->799351K(4145344K), 1.3905246 secs] [Times: user=3.85 sys=0.04, real=1.39 secs] 
55225.544: [GC 55225.545: [ParNew: 440896K->48959K(440896K), 1.5625401 secs] 1191287K->853791K(4145344K), 1.5630136 secs] [Times: user=4.00 sys=0.05, real=1.56 secs] 
55279.962: [GC 55279.963: [ParNew: 440895K->48960K(440896K), 1.5513987 secs] 1245727K->906653K(4145344K), 1.5519121 secs] [Times: user=4.04 sys=0.04, real=1.55 secs] 
55325.820: [GC 55325.821: [ParNew: 440896K->48959K(440896K), 1.2820241 secs] 1298589K->955416K(4145344K), 1.2825429 secs] [Times: user=3.83 sys=0.04, real=1.28 secs] 
55375.974: [GC 55375.974: [ParNew: 440895K->48960K(440896K), 1.5696758 secs] 1347352K->1011554K(4145344K), 1.5702019 secs] [Times: user=4.09 sys=0.05, real=1.57 secs] 
55414.402: [GC 55414.402: [ParNew: 440896K->48960K(440896K), 1.0945741 secs] 1403490K->1057264K(4145344K), 1.0950606 secs] [Times: user=3.54 sys=0.04, real=1.10 secs] 
55443.655: [GC 55443.656: [ParNew: 440896K->48959K(440896K), 1.5176267 secs] 1449200K->1109717K(4145344K), 1.5181403 secs] [Times: user=3.86 sys=0.05, real=1.52 secs] 
55494.730: [GC 55494.730: [ParNew: 440895K->48960K(440896K), 1.5312874 secs] 1501653K->1159848K(4145344K), 1.5318020 secs] [Times: user=3.75 sys=0.03, real=1.53 secs] 
55535.965: [GC 55535.965: [ParNew: 440896K->48959K(440896K), 1.3382579 secs] 1551784K->1209933K(4145344K), 1.3387393 secs] [Times: user=3.77 sys=0.03, real=1.34 secs] 
55579.418: [GC 55579.418: [ParNew: 440895K->48960K(440896K), 1.0824998 secs] 1601869K->1256504K(4145344K), 1.0829737 secs] [Times: user=3.57 sys=0.04, real=1.08 secs] 
55621.789: [GC 55621.790: [ParNew: 440896K->48960K(440896K), 1.4883282 secs] 1648440K->1308668K(4145344K), 1.4888320 secs] [Times: user=3.99 sys=0.04, real=1.49 secs] 
55672.007: [GC 55672.007: [ParNew: 440896K->48960K(440896K), 1.2382393 secs] 1700604K->1355382K(4145344K), 1.2387496 secs] [Times: user=3.56 sys=0.04, real=1.24 secs] 
55743.439: [GC 55743.439: [ParNew: 440896K->48960K(440896K), 1.1702557 secs] 1747318K->1399044K(4145344K), 1.1707833 secs] [Times: user=3.92 sys=0.05, real=1.17 secs] 
55776.629: [GC 55776.639: [ParNew: 440896K->48959K(440896K), 1.3773185 secs] 1790980K->1450044K(4145344K), 1.3777868 secs] [Times: user=3.81 sys=0.04, real=1.39 secs] 
55827.202: [GC 55827.203: [ParNew: 440895K->48959K(440896K), 1.3935046 secs] 1841980K->1499497K(4145344K), 1.3940037 secs] [Times: user=3.86 sys=0.04, real=1.39 secs] 
55881.103: [GC 55881.103: [ParNew: 440895K->48960K(440896K), 1.3420800 secs] 1891433K->1550308K(4145344K), 1.3425719 secs] [Times: user=3.77 sys=0.05, real=1.34 secs] 
55922.275: [GC 55922.275: [ParNew: 440896K->48959K(440896K), 1.4032805 secs] 1942244K->1601107K(4145344K), 1.4037947 secs] [Times: user=3.82 sys=0.04, real=1.40 secs] 
55943.740: [GC 55943.740: [ParNew: 440895K->48960K(440896K), 1.5595048 secs] 1993043K->1656029K(4145344K), 1.5600051 secs] [Times: user=4.01 sys=0.04, real=1.56 secs] 
55973.938: [GC 55973.939: [ParNew: 440896K->48959K(440896K), 0.9857263 secs] 2047965K->1698878K(4145344K), 0.9862477 secs] [Times: user=3.39 sys=0.05, real=0.99 secs] 
56027.741: [GC 56027.742: [ParNew: 440895K->48960K(440896K), 1.3024455 secs] 2090814K->1746902K(4145344K), 1.3029234 secs] [Times: user=3.51 sys=0.06, real=1.30 secs] 
56083.520: [GC 56083.521: [ParNew: 440896K->48443K(440896K), 1.0524431 secs] 2138838K->1784622K(4145344K), 1.0529094 secs] [Times: user=3.22 sys=0.06, real=1.05 secs] 
56131.583: [GC 56131.584: [ParNew: 440379K->47898K(440896K), 0.8210041 secs] 2176558K->1789718K(4145344K), 0.8215007 secs] [Times: user=1.44 sys=0.02, real=0.82 secs] 
56171.579: [GC 56171.579: [ParNew: 439834K->47520K(440896K), 0.7373430 secs] 2181654K->1795130K(4145344K), 0.7378125 secs] [Times: user=1.40 sys=0.01, real=0.74 secs] 
56209.738: [GC 56209.738: [ParNew: 439456K->48960K(440896K), 0.9425695 secs] 2187066K->1808418K(4145344K), 0.9430748 secs] [Times: user=1.78 sys=0.02, real=0.94 secs] 
56255.828: [GC 56255.828: [ParNew: 440896K->48960K(440896K), 1.2691448 secs] 2200354K->1856388K(4145344K), 1.2696393 secs] [Times: user=3.65 sys=0.12, real=1.27 secs] 
56294.069: [GC 56294.069: [ParNew: 440896K->48960K(440896K), 1.3771183 secs] 2248324K->1902084K(4145344K), 1.3776052 secs] [Times: user=3.60 sys=0.06, real=1.38 secs] 
56332.767: [GC 56332.767: [ParNew: 440896K->48960K(440896K), 1.4729575 secs] 2294020K->1953593K(4145344K), 1.4734596 secs] [Times: user=3.91 sys=0.06, real=1.47 secs] 
56370.551: [GC 56370.551: [ParNew: 440896K->48959K(440896K), 1.3072957 secs] 2345529K->2002774K(4145344K), 1.3077579 secs] [Times: user=3.80 sys=0.04, real=1.31 secs] 
56405.748: [GC 56405.749: [ParNew: 440895K->48960K(440896K), 1.7270223 secs] 2394710K->2059410K(4145344K), 1.7275114 secs] [Times: user=4.09 sys=0.04, real=1.73 secs] 
56472.065: [GC 56472.065: [ParNew: 440896K->48959K(440896K), 1.1190075 secs] 2451346K->2103850K(4145344K), 1.1194923 secs] [Times: user=3.61 sys=0.04, real=1.12 secs] 
56505.856: [GC 56505.857: [ParNew: 440895K->48959K(440896K), 1.1844660 secs] 2495786K->2148454K(4145344K), 1.1849645 secs] [Times: user=3.56 sys=0.04, real=1.19 secs] 
56536.392: [GC 56536.392: [ParNew: 440895K->48960K(440896K), 1.4069198 secs] 2540390K->2202505K(4145344K), 1.4073983 secs] [Times: user=3.91 sys=0.03, real=1.41 secs] 
56567.762: [GC 56567.763: [ParNew: 440896K->48959K(440896K), 1.3662813 secs] 2594441K->2252930K(4145344K), 1.3668003 secs] [Times: user=3.70 sys=0.06, real=1.37 secs] 
56619.579: [GC 56619.579: [ParNew: 440895K->48960K(440896K), 1.3825087 secs] 2644866K->2302442K(4145344K), 1.3830060 secs] [Times: user=3.76 sys=0.05, real=1.38 secs] 
56658.294: [GC 56658.294: [ParNew: 440896K->48960K(440896K), 1.3357121 secs] 2694378K->2350064K(4145344K), 1.3361791 secs] [Times: user=3.65 sys=0.04, real=1.34 secs] 
56683.923: [GC 56683.924: [ParNew: 440896K->48959K(440896K), 1.0495648 secs] 2742000K->2394487K(4145344K), 1.0500266 secs] [Times: user=3.50 sys=0.04, real=1.05 secs] 
56725.223: [GC 56725.224: [ParNew: 440895K->48959K(440896K), 1.2292950 secs] 2786423K->2442852K(4145344K), 1.2297643 secs] [Times: user=3.62 sys=0.05, real=1.23 secs] 
56789.569: [GC 56789.569: [ParNew: 440837K->48960K(440896K), 1.2664738 secs] 2834730K->2490534K(4145344K), 1.2669539 secs] [Times: user=3.64 sys=0.04, real=1.27 secs] 
56848.657: [GC 56848.657: [ParNew: 440896K->48959K(440896K), 1.3729163 secs] 2882470K->2539668K(4145344K), 1.3734100 secs] [Times: user=3.81 sys=0.04, real=1.37 secs] 
56876.618: [GC 56876.618: [ParNew: 440895K->48959K(440896K), 1.2880042 secs] 2931604K->2589179K(4145344K), 1.2884867 secs] [Times: user=3.74 sys=0.03, real=1.29 secs] 
56928.295: [GC 56928.295: [ParNew: 440895K->48960K(440896K), 1.7501454 secs] 2981115K->2646154K(4145344K), 1.7506807 secs] [Times: user=4.27 sys=0.06, real=1.75 secs] 
56965.871: [GC 56965.871: [ParNew: 440861K->48959K(440896K), 1.4313285 secs] 3038056K->2695282K(4145344K), 1.4317851 secs] [Times: user=3.81 sys=0.03, real=1.43 secs] 
57008.738: [GC 57008.738: [ParNew: 440895K->48959K(440896K), 1.0524555 secs] 3087218K->2741438K(4145344K), 1.0529610 secs] [Times: user=3.54 sys=0.03, real=1.05 secs] 
57045.405: [GC 57045.405: [ParNew: 440895K->48960K(440896K), 1.4284458 secs] 3133374K->2792704K(4145344K), 1.4289133 secs] [Times: user=3.75 sys=0.03, real=1.43 secs] 
57071.352: [GC 57071.353: [ParNew: 440896K->48959K(440896K), 1.5937326 secs] 3184640K->2845716K(4145344K), 1.5941977 secs] [Times: user=4.00 sys=0.04, real=1.59 secs] 
57094.544: [GC 57094.544: [ParNew: 440895K->48960K(440896K), 1.4683082 secs] 3237652K->2899368K(4145344K), 1.4688029 secs] [Times: user=3.96 sys=0.03, real=1.47 secs] 
57122.687: [GC 57122.687: [ParNew: 440896K->48960K(440896K), 1.6010446 secs] 3291304K->2955446K(4145344K), 1.6015582 secs] [Times: user=4.13 sys=0.03, real=1.60 secs] 
57164.657: [GC 57164.658: [ParNew: 440896K->48959K(440896K), 1.0034743 secs] 3347382K->2997824K(4145344K), 1.0039513 secs] [Times: user=3.38 sys=0.03, real=1.00 secs] 
57198.275: [GC 57198.276: [ParNew: 440895K->48959K(440896K), 1.5373100 secs] 3389760K->3049146K(4145344K), 1.5377763 secs] [Times: user=3.93 sys=0.04, real=1.54 secs] 
57242.648: [GC 57242.648: [ParNew: 440895K->48960K(440896K), 1.1897075 secs] 3441082K->3096400K(4145344K), 1.1902049 secs] [Times: user=3.75 sys=0.04, real=1.19 secs] 
57274.855: [GC 57274.855: [ParNew: 440896K->48960K(440896K), 1.1866293 secs] 3488336K->3142235K(4145344K), 1.1871101 secs] [Times: user=3.51 sys=0.03, real=1.19 secs] 
57314.543: [GC 57314.543: [ParNew: 440896K->48960K(440896K), 1.4401465 secs] 3534171K->3192548K(4145344K), 1.4406314 secs] [Times: user=3.74 sys=0.03, real=1.44 secs] 
57365.273: [GC 57365.273: [ParNew: 440896K->48960K(440896K), 1.2586686 secs] 3584484K->3240353K(4145344K), 1.2591460 secs] [Times: user=3.72 sys=0.03, real=1.26 secs] 
57426.958: [GC 57426.958: [ParNew: 440896K->48960K(440896K), 1.1457229 secs] 3632289K->3285165K(4145344K), 1.1461704 secs] [Times: user=3.58 sys=0.04, real=1.15 secs] 
57473.198: [GC 57473.198: [ParNew: 440896K->48959K(440896K), 1.4429582 secs] 3677101K->3337381K(4145344K), 1.4434307 secs] [Times: user=3.83 sys=0.03, real=1.44 secs] 
57512.879: [GC 57512.879: [ParNew: 440895K->48959K(440896K), 1.1249736 secs] 3729317K->3381369K(4145344K), 1.1254494 secs] [Times: user=3.44 sys=0.03, real=1.13 secs] 
57551.642: [GC 57551.642: [ParNew: 440895K->48960K(440896K), 1.4108467 secs] 3773305K->3431895K(4145344K), 1.4113365 secs] [Times: user=3.74 sys=0.04, real=1.41 secs] 
57601.970: [GC 57601.970: [ParNew: 440896K->48960K(440896K), 1.1561742 secs] 3823831K->3477012K(4145344K), 1.1566808 secs] [Times: user=3.59 sys=0.03, real=1.16 secs] 
57603.133: [GC [1 CMS-initial-mark: 3428052K(3704448K)] 3480678K(4145344K), 0.5022434 secs] [Times: user=0.50 sys=0.00, real=0.50 secs] 
57603.636: [CMS-concurrent-mark-start]
57604.304: [CMS-concurrent-mark: 0.668/0.668 secs] [Times: user=4.81 sys=0.03, real=0.67 secs] 
57604.304: [CMS-concurrent-preclean-start]
57604.419: [CMS-concurrent-preclean: 0.114/0.114 secs] [Times: user=0.11 sys=0.00, real=0.11 secs] 
57604.419: [CMS-concurrent-abortable-preclean-start]
 CMS: abort preclean due to time 57609.553: [CMS-concurrent-abortable-preclean: 5.132/5.134 secs] [Times: user=7.98 sys=0.09, real=5.13 secs] 
57609.558: [GC[YG occupancy: 143166 K (440896 K)]57609.566: [Rescan (non-parallel) 57609.566: [grey object rescan, 0.1030756 secs]57609.670: [root rescan, 1.2740672 secs], 1.3774442 secs]57610.944: [weak refs processing, 2.2345463 secs] [1 CMS-remark: 3428052K(3704448K)] 3571219K(4145344K), 3.6137318 secs] [Times: user=3.62 sys=0.01, real=3.62 secs] 
57613.181: [CMS-concurrent-sweep-start]
57625.021: [GC 57625.021: [ParNew: 440896K->48960K(440896K), 1.3346825 secs] 3162745K->2823526K(4145344K), 1.3351846 secs] [Times: user=3.79 sys=0.02, real=1.34 secs] 
57670.936: [GC 57670.936: [ParNew: 440896K->48960K(440896K), 1.1967567 secs] 986634K->642919K(4145344K), 1.1972395 secs] [Times: user=3.57 sys=0.01, real=1.20 secs] 
57673.771: [CMS-concurrent-sweep: 58.035/60.590 secs] [Times: user=92.89 sys=1.06, real=60.59 secs] 
57673.772: [CMS-concurrent-reset-start]
57673.800: [CMS-concurrent-reset: 0.029/0.029 secs] [Times: user=0.03 sys=0.00, real=0.03 secs] 
57721.457: [GC 57721.457: [ParNew: 440896K->48959K(440896K), 1.1203496 secs] 941635K->593077K(4145344K), 1.1208330 secs] [Times: user=3.14 sys=0.01, real=1.12 secs] 
57759.018: [GC 57759.019: [ParNew: 440895K->48960K(440896K), 1.5719302 secs] 985013K->645517K(4145344K), 1.5724245 secs] [Times: user=3.81 sys=0.01, real=1.57 secs] 
57805.874: [GC 57805.874: [ParNew: 440896K->48960K(440896K), 1.4347141 secs] 1037453K->696725K(4145344K), 1.4351852 secs] [Times: user=4.00 sys=0.03, real=1.44 secs] 
57861.789: [GC 57861.789: [ParNew: 440896K->48960K(440896K), 1.4615056 secs] 1088661K->748454K(4145344K), 1.4620031 secs] [Times: user=3.88 sys=0.04, real=1.46 secs] 
57897.950: [GC 57897.950: [ParNew: 440896K->48959K(440896K), 1.2341414 secs] 1140390K->794141K(4145344K), 1.2346526 secs] [Times: user=3.53 sys=0.02, real=1.23 secs] 
57946.400: [GC 57946.401: [ParNew: 440895K->48960K(440896K), 1.2198511 secs] 1186077K->842582K(4145344K), 1.2203501 secs] [Times: user=3.78 sys=0.04, real=1.22 secs] 
57984.526: [GC 57984.527: [ParNew: 440896K->48959K(440896K), 1.4906995 secs] 1234518K->895055K(4145344K), 1.4912052 secs] [Times: user=4.00 sys=0.04, real=1.49 secs] 
58022.303: [GC 58022.303: [ParNew: 440895K->48959K(440896K), 1.3441128 secs] 1286991K->943809K(4145344K), 1.3445603 secs] [Times: user=3.71 sys=0.02, real=1.34 secs] 
58052.328: [GC 58052.328: [ParNew: 440895K->48959K(440896K), 1.3649321 secs] 1335745K->995154K(4145344K), 1.3654090 secs] [Times: user=3.83 sys=0.03, real=1.37 secs] 
58100.082: [GC 58100.083: [ParNew: 440895K->48960K(440896K), 1.3507147 secs] 1387090K->1044360K(4145344K), 1.3511925 secs] [Times: user=3.67 sys=0.03, real=1.35 secs] 
58134.487: [GC 58134.487: [ParNew: 440896K->48960K(440896K), 1.4386366 secs] 1436296K->1093284K(4145344K), 1.4391224 secs] [Times: user=3.82 sys=0.03, real=1.44 secs] 
58167.630: [GC 58167.630: [ParNew: 440896K->48959K(440896K), 1.4060827 secs] 1485220K->1144130K(4145344K), 1.4065730 secs] [Times: user=3.86 sys=0.03, real=1.41 secs] 
58195.714: [GC 58195.715: [ParNew: 440895K->48960K(440896K), 1.6382867 secs] 1536066K->1198417K(4145344K), 1.6388345 secs] [Times: user=4.17 sys=0.04, real=1.64 secs] 
58220.658: [GC 58220.659: [ParNew: 440896K->48960K(440896K), 0.9976946 secs] 1590353K->1241914K(4145344K), 0.9981971 secs] [Times: user=3.46 sys=0.04, real=1.00 secs] 
58252.061: [GC 58252.061: [ParNew: 440896K->48959K(440896K), 1.1280640 secs] 1633850K->1287109K(4145344K), 1.1285642 secs] [Times: user=3.49 sys=0.04, real=1.13 secs] 
58299.760: [GC 58299.761: [ParNew: 440895K->48960K(440896K), 1.5798962 secs] 1679045K->1339714K(4145344K), 1.5803767 secs] [Times: user=3.87 sys=0.03, real=1.58 secs] 
58321.656: [GC 58321.656: [ParNew: 440896K->48960K(440896K), 1.1829295 secs] 1731650K->1384952K(4145344K), 1.1834490 secs] [Times: user=3.63 sys=0.03, real=1.18 secs] 
58345.657: [GC 58345.658: [ParNew: 440896K->48960K(440896K), 1.5514108 secs] 1776888K->1440011K(4145344K), 1.5519108 secs] [Times: user=3.99 sys=0.03, real=1.55 secs] 
58377.534: [GC 58377.534: [ParNew: 440896K->48960K(440896K), 1.3163472 secs] 1831947K->1489065K(4145344K), 1.3168084 secs] [Times: user=3.67 sys=0.03, real=1.32 secs] 
58417.853: [GC 58417.854: [ParNew: 440896K->48960K(440896K), 1.4707962 secs] 1881001K->1539605K(4145344K), 1.4712701 secs] [Times: user=3.84 sys=0.03, real=1.47 secs] 
58447.870: [GC 58447.870: [ParNew: 440896K->48960K(440896K), 1.3998497 secs] 1931541K->1591090K(4145344K), 1.4003148 secs] [Times: user=3.84 sys=0.04, real=1.40 secs] 
58493.969: [GC 58493.969: [ParNew: 440896K->48960K(440896K), 1.2828333 secs] 1983026K->1640665K(4145344K), 1.2832933 secs] [Times: user=3.73 sys=0.03, real=1.28 secs] 
58520.655: [GC 58520.655: [ParNew: 440896K->48960K(440896K), 1.4270316 secs] 2032601K->1692499K(4145344K), 1.4275242 secs] [Times: user=3.81 sys=0.03, real=1.43 secs] 
58554.132: [GC 58554.132: [ParNew: 440896K->48960K(440896K), 1.2193401 secs] 2084435K->1738467K(4145344K), 1.2198687 secs] [Times: user=3.69 sys=0.04, real=1.22 secs] 
58585.160: [GC 58585.161: [ParNew: 440896K->48960K(440896K), 1.6950080 secs] 2130403K->1795533K(4145344K), 1.6955057 secs] [Times: user=4.10 sys=0.05, real=1.70 secs] 
58614.880: [GC 58614.880: [ParNew: 440896K->48960K(440896K), 1.4854611 secs] 2187469K->1845668K(4145344K), 1.4859225 secs] [Times: user=3.86 sys=0.04, real=1.49 secs] 
58655.018: [GC 58655.018: [ParNew: 440896K->48959K(440896K), 1.4313170 secs] 2237604K->1897035K(4145344K), 1.4318008 secs] [Times: user=3.79 sys=0.05, real=1.43 secs] 
58700.252: [GC 58700.253: [ParNew: 440895K->48960K(440896K), 1.4946822 secs] 2288971K->1946303K(4145344K), 1.4951583 secs] [Times: user=3.75 sys=0.06, real=1.50 secs] 
58731.573: [GC 58731.573: [ParNew: 440896K->48960K(440896K), 1.5911362 secs] 2338239K->1999099K(4145344K), 1.5916312 secs] [Times: user=3.96 sys=0.06, real=1.59 secs] 
58759.178: [GC 58759.179: [ParNew: 440896K->48959K(440896K), 1.6383188 secs] 2391035K->2051712K(4145344K), 1.6388021 secs] [Times: user=4.06 sys=0.05, real=1.64 secs] 
58809.596: [GC 58809.596: [ParNew: 440895K->48959K(440896K), 1.4381514 secs] 2443648K->2102359K(4145344K), 1.4386493 secs] [Times: user=3.86 sys=0.05, real=1.44 secs] 
58838.688: [GC 58838.688: [ParNew: 440895K->48959K(440896K), 1.5270791 secs] 2494295K->2153668K(4145344K), 1.5275375 secs] [Times: user=3.96 sys=0.07, real=1.53 secs] 
58872.708: [GC 58872.708: [ParNew: 440895K->48959K(440896K), 1.8204313 secs] 2545604K->2212065K(4145344K), 1.8209091 secs] [Times: user=4.33 sys=0.06, real=1.82 secs] 
58896.748: [GC 58896.749: [ParNew: 440895K->48960K(440896K), 1.2531564 secs] 2604001K->2258550K(4145344K), 1.2536186 secs] [Times: user=3.65 sys=0.05, real=1.25 secs] 
58925.009: [GC 58925.009: [ParNew: 440896K->48959K(440896K), 1.5958381 secs] 2650486K->2315033K(4145344K), 1.5963270 secs] [Times: user=4.07 sys=0.07, real=1.60 secs] 
58962.266: [GC 58962.266: [ParNew: 440895K->48960K(440896K), 1.3805122 secs] 2706969K->2365220K(4145344K), 1.3809806 secs] [Times: user=3.68 sys=0.04, real=1.38 secs] 
58997.446: [GC 58997.447: [ParNew: 440896K->48959K(440896K), 1.2181798 secs] 2757156K->2411252K(4145344K), 1.2186671 secs] [Times: user=3.49 sys=0.03, real=1.22 secs] 
59025.582: [GC 59025.582: [ParNew: 440895K->48960K(440896K), 1.4780506 secs] 2803188K->2464735K(4145344K), 1.4785212 secs] [Times: user=3.98 sys=0.03, real=1.48 secs] 
59051.509: [GC 59051.509: [ParNew: 440896K->48960K(440896K), 1.2110778 secs] 2856671K->2513708K(4145344K), 1.2115708 secs] [Times: user=3.72 sys=0.02, real=1.21 secs] 
59083.741: [GC 59083.741: [ParNew: 440896K->48959K(440896K), 1.2137655 secs] 2905644K->2560058K(4145344K), 1.2142604 secs] [Times: user=3.45 sys=0.02, real=1.21 secs] 
59115.051: [GC 59115.051: [ParNew: 440895K->48959K(440896K), 1.2721029 secs] 2951994K->2605752K(4145344K), 1.2725909 secs] [Times: user=3.54 sys=0.03, real=1.27 secs] 
59152.870: [GC 59152.870: [ParNew: 440895K->48960K(440896K), 1.3055008 secs] 2997688K->2655723K(4145344K), 1.3059801 secs] [Times: user=3.71 sys=0.05, real=1.31 secs] 
59210.376: [GC 59210.377: [ParNew: 440896K->48960K(440896K), 1.2613386 secs] 3047659K->2703364K(4145344K), 1.2617961 secs] [Times: user=3.67 sys=0.03, real=1.26 secs] 
59247.742: [GC 59247.758: [ParNew: 440896K->48960K(440896K), 1.5430566 secs] 3095300K->2756179K(4145344K), 1.5435480 secs] [Times: user=3.98 sys=0.04, real=1.56 secs] 
59272.414: [GC 59272.414: [ParNew: 440896K->48960K(440896K), 1.1903155 secs] 3148115K->2802652K(4145344K), 1.1907822 secs] [Times: user=3.60 sys=0.02, real=1.19 secs] 
59304.946: [GC 59304.946: [ParNew: 440896K->48959K(440896K), 1.2523528 secs] 3194588K->2850776K(4145344K), 1.2528335 secs] [Times: user=3.68 sys=0.03, real=1.25 secs] 
59338.760: [GC 59338.760: [ParNew: 440895K->48959K(440896K), 1.6824278 secs] 3242712K->2909396K(4145344K), 1.6828901 secs] [Times: user=4.22 sys=0.04, real=1.68 secs] 
59371.210: [GC 59371.210: [ParNew: 440895K->48960K(440896K), 1.7269961 secs] 3301332K->2965760K(4145344K), 1.7274921 secs] [Times: user=4.13 sys=0.03, real=1.73 secs] 
59408.068: [GC 59408.068: [ParNew: 440896K->48960K(440896K), 1.2756173 secs] 3357696K->3011228K(4145344K), 1.2760914 secs] [Times: user=3.73 sys=0.03, real=1.28 secs] 
59442.835: [GC 59442.835: [ParNew: 440896K->48960K(440896K), 1.5022723 secs] 3403164K->3065402K(4145344K), 1.5027473 secs] [Times: user=4.02 sys=0.02, real=1.50 secs] 
59476.452: [GC 59476.452: [ParNew: 440896K->48960K(440896K), 1.4780035 secs] 3457338K->3117449K(4145344K), 1.4784670 secs] [Times: user=3.79 sys=0.03, real=1.48 secs] 
59504.597: [GC 59504.597: [ParNew: 440896K->48959K(440896K), 1.3772046 secs] 3509385K->3166260K(4145344K), 1.3776711 secs] [Times: user=3.65 sys=0.02, real=1.38 secs] 
59527.487: [GC 59527.487: [ParNew: 440895K->48959K(440896K), 1.4980890 secs] 3558196K->3219783K(4145344K), 1.4985836 secs] [Times: user=3.93 sys=0.03, real=1.50 secs] 
59564.158: [GC 59564.159: [ParNew: 440895K->48959K(440896K), 1.1985904 secs] 3611719K->3268197K(4145344K), 1.1990621 secs] [Times: user=3.61 sys=0.02, real=1.20 secs] 
59613.178: [GC 59613.178: [ParNew: 440895K->48959K(440896K), 1.0607942 secs] 3660133K->3314455K(4145344K), 1.0612817 secs] [Times: user=3.59 sys=0.03, real=1.06 secs] 
59651.416: [GC 59651.417: [ParNew: 440895K->48959K(440896K), 1.4992033 secs] 3706391K->3365351K(4145344K), 1.4997090 secs] [Times: user=3.88 sys=0.04, real=1.50 secs] 
59684.697: [GC 59684.697: [ParNew: 440895K->48960K(440896K), 1.1452566 secs] 3757287K->3409102K(4145344K), 1.1457703 secs] [Times: user=3.44 sys=0.03, real=1.15 secs] 
59725.923: [GC 59725.924: [ParNew: 440896K->48960K(440896K), 1.4174975 secs] 3801038K->3461788K(4145344K), 1.4179835 secs] [Times: user=4.01 sys=0.03, real=1.42 secs] 
59727.347: [GC [1 CMS-initial-mark: 3412828K(3704448K)] 3463010K(4145344K), 0.4914787 secs] [Times: user=0.49 sys=0.00, real=0.49 secs] 
59727.840: [CMS-concurrent-mark-start]
59728.574: [CMS-concurrent-mark: 0.734/0.734 secs] [Times: user=5.28 sys=0.03, real=0.73 secs] 
59728.574: [CMS-concurrent-preclean-start]
59728.688: [CMS-concurrent-preclean: 0.114/0.114 secs] [Times: user=0.18 sys=0.00, real=0.11 secs] 
59728.689: [CMS-concurrent-abortable-preclean-start]
 CMS: abort preclean due to time 59734.356: [CMS-concurrent-abortable-preclean: 5.557/5.667 secs] [Times: user=6.54 sys=0.06, real=5.67 secs] 
59734.361: [GC[YG occupancy: 100516 K (440896 K)]59734.361: [Rescan (non-parallel) 59734.362: [grey object rescan, 0.1024787 secs]59734.464: [root rescan, 0.9247104 secs], 1.0274750 secs]59735.389: [weak refs processing, 1.6212966 secs] [1 CMS-remark: 3412828K(3704448K)] 3513345K(4145344K), 2.6502433 secs] [Times: user=2.65 sys=0.00, real=2.65 secs] 
59737.012: [CMS-concurrent-sweep-start]
59790.754: [GC 59790.754: [ParNew: 440896K->48960K(440896K), 1.1377335 secs] 1168043K->823351K(4145344K), 1.1382180 secs] [Times: user=3.39 sys=0.01, real=1.14 secs] 
59799.282: [CMS-concurrent-sweep: 61.115/62.270 secs] [Times: user=86.31 sys=0.81, real=62.27 secs] 
59799.283: [CMS-concurrent-reset-start]
59799.311: [CMS-concurrent-reset: 0.029/0.029 secs] [Times: user=0.03 sys=0.00, real=0.03 secs] 
59830.644: [GC 59830.644: [ParNew: 440896K->48960K(440896K), 1.1187744 secs] 875527K->530292K(4145344K), 1.1192319 secs] [Times: user=3.25 sys=0.02, real=1.12 secs] 
59857.997: [GC 59857.997: [ParNew: 440896K->48960K(440896K), 1.4893984 secs] 922228K->581966K(4145344K), 1.4898824 secs] [Times: user=3.68 sys=0.01, real=1.49 secs] 
59879.763: [GC 59879.763: [ParNew: 440896K->48959K(440896K), 1.2306330 secs] 973902K->628048K(4145344K), 1.2311194 secs] [Times: user=3.98 sys=0.01, real=1.23 secs] 
59904.484: [GC 59904.485: [ParNew: 440895K->48960K(440896K), 1.4645421 secs] 1019984K->680158K(4145344K), 1.4650375 secs] [Times: user=3.87 sys=0.04, real=1.47 secs] 
59926.830: [GC 59926.830: [ParNew: 440896K->48960K(440896K), 1.3733655 secs] 1072094K->730097K(4145344K), 1.3738612 secs] [Times: user=3.96 sys=0.04, real=1.37 secs] 
59952.831: [GC 59952.831: [ParNew: 440896K->48959K(440896K), 1.4019489 secs] 1122033K->781312K(4145344K), 1.4024347 secs] [Times: user=3.79 sys=0.03, real=1.40 secs] 
59977.265: [GC 59977.265: [ParNew: 440895K->48960K(440896K), 1.6800797 secs] 1173248K->835017K(4145344K), 1.6805798 secs] [Times: user=3.97 sys=0.04, real=1.68 secs] 
60005.276: [GC 60005.277: [ParNew: 440896K->48960K(440896K), 1.3401470 secs] 1226953K->883592K(4145344K), 1.3406047 secs] [Times: user=3.77 sys=0.03, real=1.34 secs] 
60029.260: [GC 60029.260: [ParNew: 440896K->48960K(440896K), 1.3525921 secs] 1275528K->933579K(4145344K), 1.3530816 secs] [Times: user=3.71 sys=0.04, real=1.35 secs] 
60066.156: [GC 60066.156: [ParNew: 440896K->48959K(440896K), 1.3587274 secs] 1325515K->983323K(4145344K), 1.3592181 secs] [Times: user=3.81 sys=0.04, real=1.36 secs] 
60103.140: [GC 60103.141: [ParNew: 440895K->48960K(440896K), 1.2304462 secs] 1375259K->1030201K(4145344K), 1.2309376 secs] [Times: user=3.68 sys=0.05, real=1.23 secs] 
60133.301: [GC 60133.301: [ParNew: 440811K->48960K(440896K), 1.2992737 secs] 1422052K->1079965K(4145344K), 1.2997681 secs] [Times: user=3.72 sys=0.04, real=1.30 secs] 
60172.521: [GC 60172.521: [ParNew: 440896K->48960K(440896K), 1.5748708 secs] 1471901K->1133224K(4145344K), 1.5753768 secs] [Times: user=3.98 sys=0.03, real=1.58 secs] 
60213.373: [GC 60213.374: [ParNew: 440889K->48504K(440896K), 0.9142076 secs] 1525153K->1172276K(4145344K), 0.9147018 secs] [Times: user=3.33 sys=0.03, real=0.91 secs] 
60252.108: [GC 60252.108: [ParNew: 440440K->48960K(440896K), 1.1217135 secs] 1564212K->1189193K(4145344K), 1.1222056 secs] [Times: user=2.01 sys=0.01, real=1.12 secs] 
60282.406: [GC 60282.407: [ParNew: 440896K->48959K(440896K), 1.5152635 secs] 1581129K->1241879K(4145344K), 1.5157639 secs] [Times: user=3.85 sys=0.04, real=1.52 secs] 
60326.490: [GC 60326.490: [ParNew: 440895K->48960K(440896K), 1.2933969 secs] 1633815K->1286853K(4145344K), 1.2938746 secs] [Times: user=3.59 sys=0.03, real=1.29 secs] 
60373.074: [GC 60373.075: [ParNew: 440896K->48960K(440896K), 1.4259238 secs] 1678789K->1339196K(4145344K), 1.4263822 secs] [Times: user=3.85 sys=0.04, real=1.43 secs] 
60390.230: [GC 60390.230: [ParNew: 440896K->48959K(440896K), 1.3897756 secs] 1731132K->1390545K(4145344K), 1.3903434 secs] [Times: user=3.88 sys=0.03, real=1.39 secs] 
60395.751: [GC 60395.752: [ParNew: 440895K->48960K(440896K), 1.2592765 secs] 1782481K->1444867K(4145344K), 1.2597875 secs] [Times: user=4.04 sys=0.04, real=1.26 secs] 
60412.026: [GC 60412.026: [ParNew: 440896K->48960K(440896K), 1.5430255 secs] 1836803K->1500117K(4145344K), 1.5435375 secs] [Times: user=4.05 sys=0.03, real=1.54 secs] 
60427.618: [GC 60427.619: [ParNew: 440896K->48960K(440896K), 1.3597349 secs] 1892053K->1544191K(4145344K), 1.3602385 secs] [Times: user=3.66 sys=0.03, real=1.36 secs] 
60447.478: [GC 60447.478: [ParNew: 440896K->48960K(440896K), 1.3047374 secs] 1936127K->1593123K(4145344K), 1.3052121 secs] [Times: user=3.71 sys=0.03, real=1.31 secs] 
60474.963: [GC 60474.963: [ParNew: 440896K->48959K(440896K), 1.2229662 secs] 1985059K->1639540K(4145344K), 1.2234671 secs] [Times: user=3.49 sys=0.03, real=1.22 secs] 
60494.827: [GC 60494.827: [ParNew: 440895K->48960K(440896K), 1.2916330 secs] 2031476K->1686198K(4145344K), 1.2921190 secs] [Times: user=3.57 sys=0.06, real=1.29 secs] 
60520.849: [GC 60520.850: [ParNew: 440896K->48960K(440896K), 1.2028363 secs] 2078134K->1733971K(4145344K), 1.2142083 secs] [Times: user=3.78 sys=0.06, real=1.21 secs] 
60551.977: [GC 60551.977: [ParNew: 440896K->48960K(440896K), 1.2582821 secs] 2125907K->1782763K(4145344K), 1.2587798 secs] [Times: user=3.82 sys=0.06, real=1.26 secs] 
60584.406: [GC 60584.406: [ParNew: 440896K->48960K(440896K), 1.2627051 secs] 2174699K->1829117K(4145344K), 1.2632039 secs] [Times: user=3.55 sys=0.04, real=1.26 secs] 
60604.245: [GC 60604.245: [ParNew: 440896K->48960K(440896K), 1.7179769 secs] 2221053K->1885104K(4145344K), 1.7185076 secs] [Times: user=4.17 sys=0.05, real=1.72 secs] 
60623.162: [GC 60623.163: [ParNew: 440896K->48959K(440896K), 1.5687354 secs] 2277040K->1938391K(4145344K), 1.5692335 secs] [Times: user=3.98 sys=0.04, real=1.57 secs] 
60659.012: [GC 60659.013: [ParNew: 440895K->48959K(440896K), 1.5163424 secs] 2330327K->1989470K(4145344K), 1.5168437 secs] [Times: user=3.95 sys=0.05, real=1.52 secs] 
60687.765: [GC 60687.766: [ParNew: 440895K->48959K(440896K), 1.5154611 secs] 2381406K->2041417K(4145344K), 1.5159682 secs] [Times: user=3.84 sys=0.05, real=1.52 secs] 
60720.606: [GC 60720.606: [ParNew: 440895K->48960K(440896K), 1.2720464 secs] 2433353K->2088373K(4145344K), 1.2725365 secs] [Times: user=3.65 sys=0.04, real=1.27 secs] 
60736.808: [GC 60736.808: [ParNew: 440896K->48960K(440896K), 1.4204993 secs] 2480309K->2123639K(4145344K), 1.4210150 secs] [Times: user=3.06 sys=0.03, real=1.42 secs] 
60765.911: [GC 60765.911: [ParNew: 440896K->48960K(440896K), 1.2362532 secs] 2515575K->2171409K(4145344K), 1.2367552 secs] [Times: user=3.53 sys=0.03, real=1.24 secs] 
60808.655: [GC 60808.655: [ParNew: 440889K->48960K(440896K), 1.0637596 secs] 2563338K->2216599K(4145344K), 1.0642474 secs] [Times: user=3.56 sys=0.03, real=1.06 secs] 
60837.663: [GC 60837.663: [ParNew: 440896K->48960K(440896K), 1.4561332 secs] 2608535K->2270167K(4145344K), 1.4566299 secs] [Times: user=3.91 sys=0.04, real=1.46 secs] 
60860.200: [GC 60860.201: [ParNew: 440896K->48959K(440896K), 1.4217939 secs] 2662103K->2318433K(4145344K), 1.4222963 secs] [Times: user=3.70 sys=0.04, real=1.42 secs] 
60895.264: [GC 60895.264: [ParNew: 440766K->48960K(440896K), 1.3068924 secs] 2710240K->2366561K(4145344K), 1.3074053 secs] [Times: user=3.65 sys=0.03, real=1.31 secs] 
60927.236: [GC 60927.236: [ParNew: 440896K->48959K(440896K), 1.4898266 secs] 2758497K->2419060K(4145344K), 1.4902719 secs] [Times: user=3.87 sys=0.04, real=1.49 secs] 
60957.374: [GC 60957.374: [ParNew: 440895K->48960K(440896K), 1.1009496 secs] 2810996K->2463952K(4145344K), 1.1014311 secs] [Times: user=3.58 sys=0.03, real=1.10 secs] 
60980.710: [GC 60980.710: [ParNew: 440876K->48959K(440896K), 1.3380928 secs] 2855869K->2516969K(4145344K), 1.3385883 secs] [Times: user=3.94 sys=0.04, real=1.34 secs] 
61008.371: [GC 61008.371: [ParNew: 440895K->48960K(440896K), 1.3642076 secs] 2908905K->2567197K(4145344K), 1.3647087 secs] [Times: user=3.76 sys=0.03, real=1.36 secs] 
61029.875: [GC 61029.875: [ParNew: 440896K->48959K(440896K), 1.4118111 secs] 2959133K->2615702K(4145344K), 1.4123014 secs] [Times: user=3.69 sys=0.04, real=1.41 secs] 
61076.600: [GC 61076.601: [ParNew: 440895K->48960K(440896K), 1.1211329 secs] 3007638K->2660120K(4145344K), 1.1216389 secs] [Times: user=3.54 sys=0.04, real=1.12 secs] 
61128.603: [GC 61128.603: [ParNew: 440896K->48960K(440896K), 1.6126297 secs] 3052056K->2716689K(4145344K), 1.6131312 secs] [Times: user=4.08 sys=0.04, real=1.61 secs] 
61165.150: [GC 61165.150: [ParNew: 440896K->48959K(440896K), 1.1107914 secs] 3108625K->2760897K(4145344K), 1.1112896 secs] [Times: user=3.53 sys=0.03, real=1.11 secs] 
61212.816: [GC 61212.816: [ParNew: 440895K->48959K(440896K), 1.5268255 secs] 3152833K->2816572K(4145344K), 1.5272924 secs] [Times: user=4.02 sys=0.03, real=1.53 secs] 
61251.984: [GC 61251.984: [ParNew: 440859K->48960K(440896K), 1.3410223 secs] 3208472K->2865556K(4145344K), 1.3415240 secs] [Times: user=3.74 sys=0.03, real=1.34 secs] 
61281.715: [GC 61281.716: [ParNew: 440896K->48960K(440896K), 1.4786496 secs] 3257492K->2917990K(4145344K), 1.4791398 secs] [Times: user=3.87 sys=0.03, real=1.48 secs] 
61294.475: [GC 61294.476: [ParNew: 440896K->48960K(440896K), 1.4054009 secs] 3309926K->2966113K(4145344K), 1.4059063 secs] [Times: user=3.75 sys=0.03, real=1.41 secs] 
61328.825: [GC 61328.826: [ParNew: 440896K->48960K(440896K), 1.7111523 secs] 3358049K->3025368K(4145344K), 1.7116642 secs] [Times: user=4.18 sys=0.03, real=1.71 secs] 
61350.840: [GC 61350.840: [ParNew: 440896K->48959K(440896K), 1.5802030 secs] 3417304K->3076876K(4145344K), 1.5806969 secs] [Times: user=3.86 sys=0.03, real=1.58 secs] 
61389.564: [GC 61389.565: [ParNew: 440895K->48960K(440896K), 1.3693929 secs] 3468812K->3125671K(4145344K), 1.3698975 secs] [Times: user=3.92 sys=0.04, real=1.37 secs] 
61421.723: [GC 61421.723: [ParNew: 440896K->48960K(440896K), 1.5048196 secs] 3517607K->3178175K(4145344K), 1.5052996 secs] [Times: user=3.92 sys=0.03, real=1.51 secs] 
61441.238: [GC 61441.238: [ParNew: 440896K->48960K(440896K), 1.7620957 secs] 3570111K->3233818K(4145344K), 1.7625643 secs] [Times: user=4.13 sys=0.03, real=1.76 secs] 
61457.833: [GC 61457.833: [ParNew: 440896K->48959K(440896K), 1.4893928 secs] 3625754K->3285661K(4145344K), 1.4898960 secs] [Times: user=3.87 sys=0.03, real=1.49 secs] 
61474.101: [GC 61474.101: [ParNew: 440895K->48960K(440896K), 1.4978743 secs] 3677597K->3340933K(4145344K), 1.4983731 secs] [Times: user=4.01 sys=0.03, real=1.50 secs] 
61492.201: [GC 61492.201: [ParNew: 440896K->48960K(440896K), 1.4622265 secs] 3732869K->3393453K(4145344K), 1.4627101 secs] [Times: user=3.74 sys=0.02, real=1.46 secs] 
61510.695: [GC 61510.695: [ParNew: 440896K->48959K(440896K), 1.2739707 secs] 3785389K->3438061K(4145344K), 1.2744553 secs] [Times: user=3.58 sys=0.03, real=1.27 secs] 
61511.975: [GC [1 CMS-initial-mark: 3389101K(3704448K)] 3438487K(4145344K), 0.4803491 secs] [Times: user=0.48 sys=0.00, real=0.48 secs] 
61512.456: [CMS-concurrent-mark-start]
61513.272: [CMS-concurrent-mark: 0.815/0.815 secs] [Times: user=6.51 sys=0.05, real=0.82 secs] 
61513.272: [CMS-concurrent-preclean-start]
61513.391: [CMS-concurrent-preclean: 0.118/0.119 secs] [Times: user=0.12 sys=0.00, real=0.12 secs] 
61513.391: [CMS-concurrent-abortable-preclean-start]
 CMS: abort preclean due to time 61518.957: [CMS-concurrent-abortable-preclean: 5.563/5.566 secs] [Times: user=9.49 sys=0.12, real=5.57 secs] 
61518.963: [GC[YG occupancy: 184569 K (440896 K)]61518.963: [Rescan (non-parallel) 61518.963: [grey object rescan, 0.1031283 secs]61519.066: [root rescan, 1.7046992 secs], 1.8080881 secs]61520.771: [weak refs processing, 2.5329097 secs] [1 CMS-remark: 3389101K(3704448K)] 3573670K(4145344K), 4.3428098 secs] [Times: user=4.35 sys=0.01, real=4.34 secs] 
61523.306: [CMS-concurrent-sweep-start]
61540.027: [GC 61540.027: [ParNew: 440895K->48960K(440896K), 1.0945301 secs] 2933572K->2557039K(4145344K), 1.0950162 secs] [Times: user=1.89 sys=0.00, real=1.10 secs] 
61573.507: [GC 61573.507: [ParNew: 440896K->48960K(440896K), 1.4457808 secs] 1443194K->1104218K(4145344K), 1.4462607 secs] [Times: user=3.64 sys=0.01, real=1.45 secs] 
61585.870: [CMS-concurrent-sweep: 59.997/62.564 secs] [Times: user=94.66 sys=1.06, real=62.56 secs] 
61585.871: [CMS-concurrent-reset-start]
61585.900: [CMS-concurrent-reset: 0.029/0.029 secs] [Times: user=0.07 sys=0.00, real=0.03 secs] 
61607.137: [GC 61607.137: [ParNew: 440896K->48959K(440896K), 1.2834477 secs] 988069K->645414K(4145344K), 1.2839453 secs] [Times: user=3.43 sys=0.01, real=1.28 secs] 
61621.658: [GC 61621.658: [ParNew: 440895K->48959K(440896K), 1.4407335 secs] 1037350K->698857K(4145344K), 1.4412028 secs] [Times: user=3.72 sys=0.02, real=1.44 secs] 
61661.237: [GC 61661.237: [ParNew: 440895K->48959K(440896K), 1.5468590 secs] 1090793K->750697K(4145344K), 1.5473876 secs] [Times: user=3.97 sys=0.01, real=1.55 secs] 
61674.895: [GC 61674.895: [ParNew: 440895K->48960K(440896K), 1.3354229 secs] 1142633K->800064K(4145344K), 1.3359101 secs] [Times: user=3.93 sys=0.03, real=1.34 secs] 
61699.549: [GC 61699.550: [ParNew: 440896K->48960K(440896K), 1.2826687 secs] 1192000K->848072K(4145344K), 1.2831434 secs] [Times: user=3.75 sys=0.04, real=1.28 secs] 
61731.835: [GC 61731.848: [ParNew: 440896K->48960K(440896K), 1.1988636 secs] 1240008K->895150K(4145344K), 1.1993334 secs] [Times: user=3.52 sys=0.04, real=1.21 secs] 
61757.373: [GC 61757.374: [ParNew: 440896K->48959K(440896K), 1.6295246 secs] 1287086K->947722K(4145344K), 1.6300293 secs] [Times: user=3.85 sys=0.04, real=1.63 secs] 
61786.265: [GC 61786.265: [ParNew: 440895K->48960K(440896K), 1.4753348 secs] 1339658K->998596K(4145344K), 1.4758288 secs] [Times: user=3.84 sys=0.04, real=1.48 secs] 
61806.484: [GC 61806.484: [ParNew: 440896K->48960K(440896K), 1.5496120 secs] 1390532K->1053349K(4145344K), 1.5501009 secs] [Times: user=4.03 sys=0.04, real=1.55 secs] 
61838.328: [GC 61838.328: [ParNew: 440896K->48960K(440896K), 1.5517133 secs] 1445285K->1106471K(4145344K), 1.5521820 secs] [Times: user=3.95 sys=0.04, real=1.55 secs] 
61865.212: [GC 61865.212: [ParNew: 440896K->48960K(440896K), 1.6175132 secs] 1498407K->1156084K(4145344K), 1.6180449 secs] [Times: user=4.00 sys=0.03, real=1.62 secs] 
61891.381: [GC 61891.381: [ParNew: 440896K->48959K(440896K), 1.0834918 secs] 1548020K->1201728K(4145344K), 1.0839953 secs] [Times: user=3.55 sys=0.03, real=1.08 secs] 
61916.593: [GC 61916.594: [ParNew: 440895K->48960K(440896K), 1.5189160 secs] 1593664K->1257071K(4145344K), 1.5193896 secs] [Times: user=4.01 sys=0.04, real=1.52 secs] 
61959.440: [GC 61959.441: [ParNew: 440896K->48960K(440896K), 1.0630906 secs] 1649007K->1299584K(4145344K), 1.0635956 secs] [Times: user=3.38 sys=0.03, real=1.06 secs] 
61991.798: [GC 61991.799: [ParNew: 440895K->48960K(440896K), 1.4142373 secs] 1691519K->1351743K(4145344K), 1.4147394 secs] [Times: user=3.92 sys=0.04, real=1.42 secs] 
62013.753: [GC 62013.753: [ParNew: 440896K->48960K(440896K), 1.4384065 secs] 1743679K->1403221K(4145344K), 1.4388830 secs] [Times: user=3.90 sys=0.04, real=1.44 secs] 
62045.060: [GC 62045.061: [ParNew: 440896K->48960K(440896K), 1.4776353 secs] 1795157K->1454465K(4145344K), 1.4781250 secs] [Times: user=3.76 sys=0.03, real=1.48 secs] 
62069.099: [GC 62069.099: [ParNew: 440896K->48959K(440896K), 1.4025750 secs] 1846401K->1501573K(4145344K), 1.4030710 secs] [Times: user=3.76 sys=0.03, real=1.40 secs] 
62104.340: [GC 62104.340: [ParNew: 440895K->48960K(440896K), 1.5102645 secs] 1893509K->1554430K(4145344K), 1.5107766 secs] [Times: user=3.91 sys=0.04, real=1.51 secs] 
62155.470: [GC 62155.470: [ParNew: 440896K->48960K(440896K), 1.1323609 secs] 1946366K->1597902K(4145344K), 1.1328392 secs] [Times: user=3.52 sys=0.04, real=1.13 secs] 
62177.231: [GC 62177.231: [ParNew: 440896K->48960K(440896K), 1.6721664 secs] 1989838K->1655564K(4145344K), 1.6726962 secs] [Times: user=4.20 sys=0.04, real=1.67 secs] 
62211.087: [GC 62211.087: [ParNew: 440896K->48960K(440896K), 1.4320172 secs] 2047500K->1707143K(4145344K), 1.4325019 secs] [Times: user=3.84 sys=0.03, real=1.43 secs] 
62238.251: [GC 62238.251: [ParNew: 440896K->48959K(440896K), 1.5320817 secs] 2099079K->1758267K(4145344K), 1.5325614 secs] [Times: user=4.01 sys=0.04, real=1.53 secs] 
62276.788: [GC 62276.789: [ParNew: 440895K->48960K(440896K), 1.3258355 secs] 2150203K->1806582K(4145344K), 1.3263222 secs] [Times: user=3.67 sys=0.04, real=1.33 secs] 
62310.110: [GC 62310.110: [ParNew: 440896K->48960K(440896K), 1.4951955 secs] 2198518K->1859784K(4145344K), 1.4956936 secs] [Times: user=4.11 sys=0.05, real=1.50 secs] 
62326.547: [GC 62326.547: [ParNew: 440896K->48959K(440896K), 1.0919004 secs] 2251720K->1905434K(4145344K), 1.0923876 secs] [Times: user=3.55 sys=0.05, real=1.09 secs] 
62347.250: [GC 62347.251: [ParNew: 440895K->48959K(440896K), 1.2622892 secs] 2297370K->1954224K(4145344K), 1.2627710 secs] [Times: user=3.65 sys=0.06, real=1.26 secs] 
62377.376: [GC 62377.376: [ParNew: 440895K->48959K(440896K), 1.4214559 secs] 2346160K->2004565K(4145344K), 1.4219308 secs] [Times: user=3.82 sys=0.05, real=1.42 secs] 
62409.916: [GC 62409.916: [ParNew: 440895K->48960K(440896K), 1.4563434 secs] 2396501K->2056813K(4145344K), 1.4568536 secs] [Times: user=3.93 sys=0.04, real=1.46 secs] 
62438.887: [GC 62438.887: [ParNew: 440896K->48960K(440896K), 1.3208018 secs] 2448749K->2104285K(4145344K), 1.3212885 secs] [Times: user=3.71 sys=0.04, real=1.32 secs] 
62457.226: [GC 62457.226: [ParNew: 440896K->48960K(440896K), 1.5997344 secs] 2496221K->2160474K(4145344K), 1.6002485 secs] [Times: user=4.11 sys=0.05, real=1.60 secs] 
62474.335: [GC 62474.335: [ParNew: 440896K->48960K(440896K), 1.7787664 secs] 2552410K->2218556K(4145344K), 1.7792871 secs] [Times: user=4.26 sys=0.05, real=1.78 secs] 
62502.545: [GC 62502.545: [ParNew: 440896K->48959K(440896K), 1.3920246 secs] 2610492K->2268384K(4145344K), 1.3925247 secs] [Times: user=3.86 sys=0.05, real=1.39 secs] 
62524.841: [GC 62524.841: [ParNew: 440895K->48960K(440896K), 1.7334934 secs] 2660320K->2324765K(4145344K), 1.7339912 secs] [Times: user=4.09 sys=0.06, real=1.73 secs] 
62553.451: [GC 62553.451: [ParNew: 440896K->48959K(440896K), 1.3279067 secs] 2716701K->2372115K(4145344K), 1.3283882 secs] [Times: user=3.66 sys=0.05, real=1.33 secs] 
62573.093: [GC 62573.093: [ParNew: 440895K->48960K(440896K), 1.6292938 secs] 2764051K->2427275K(4145344K), 1.6297868 secs] [Times: user=4.10 sys=0.06, real=1.63 secs] 
62589.394: [GC 62589.395: [ParNew: 440896K->48959K(440896K), 1.3425104 secs] 2819211K->2476788K(4145344K), 1.3429873 secs] [Times: user=3.72 sys=0.06, real=1.34 secs] 
62609.538: [GC 62609.538: [ParNew: 440895K->48959K(440896K), 1.3143202 secs] 2868724K->2524098K(4145344K), 1.3148285 secs] [Times: user=3.76 sys=0.06, real=1.32 secs] 
62630.205: [GC 62630.206: [ParNew: 440895K->48959K(440896K), 1.6188400 secs] 2916034K->2579044K(4145344K), 1.6193145 secs] [Times: user=4.10 sys=0.04, real=1.62 secs] 
62656.619: [GC 62656.619: [ParNew: 440807K->48959K(440896K), 1.2630750 secs] 2970892K->2625787K(4145344K), 1.2635502 secs] [Times: user=3.68 sys=0.03, real=1.26 secs] 
62676.242: [GC 62676.243: [ParNew: 440895K->48960K(440896K), 1.6240044 secs] 3017723K->2682548K(4145344K), 1.6245109 secs] [Times: user=4.11 sys=0.04, real=1.62 secs] 
62707.147: [GC 62707.148: [ParNew: 440896K->48960K(440896K), 1.4094581 secs] 3074484K->2733086K(4145344K), 1.4099688 secs] [Times: user=3.78 sys=0.04, real=1.41 secs] 
62730.039: [GC 62730.039: [ParNew: 440896K->48960K(440896K), 1.2097579 secs] 3125022K->2778964K(4145344K), 1.2102577 secs] [Times: user=3.59 sys=0.05, real=1.21 secs] 
62766.341: [GC 62766.342: [ParNew: 440896K->48960K(440896K), 1.3578861 secs] 3170900K->2830064K(4145344K), 1.3583928 secs] [Times: user=3.79 sys=0.04, real=1.36 secs] 
62788.276: [GC 62788.276: [ParNew: 440896K->48960K(440896K), 1.4845578 secs] 3222000K->2883341K(4145344K), 1.4850670 secs] [Times: user=4.06 sys=0.03, real=1.49 secs] 
62808.158: [GC 62808.158: [ParNew: 440896K->48960K(440896K), 1.3733160 secs] 3275277K->2934961K(4145344K), 1.3738141 secs] [Times: user=3.92 sys=0.04, real=1.37 secs] 
62824.490: [GC 62824.491: [ParNew: 440896K->48960K(440896K), 1.7865922 secs] 3326897K->2993559K(4145344K), 1.7871118 secs] [Times: user=4.22 sys=0.04, real=1.79 secs] 
62838.279: [GC 62838.279: [ParNew: 440896K->48960K(440896K), 1.2955695 secs] 3385495K->3039644K(4145344K), 1.2960996 secs] [Times: user=3.74 sys=0.03, real=1.30 secs] 
62857.938: [GC 62857.939: [ParNew: 440896K->48959K(440896K), 1.7030243 secs] 3431580K->3096759K(4145344K), 1.7035392 secs] [Times: user=4.24 sys=0.04, real=1.70 secs] 
62884.558: [GC 62884.558: [ParNew: 440895K->48960K(440896K), 1.1214352 secs] 3488695K->3141815K(4145344K), 1.1219361 secs] [Times: user=3.53 sys=0.03, real=1.12 secs] 
62913.485: [GC 62913.485: [ParNew: 440896K->48960K(440896K), 1.3390104 secs] 3533751K->3188829K(4145344K), 1.3395201 secs] [Times: user=3.63 sys=0.03, real=1.34 secs] 
62960.476: [GC 62960.476: [ParNew: 440896K->48959K(440896K), 1.3396976 secs] 3580765K->3238667K(4145344K), 1.3401678 secs] [Times: user=3.82 sys=0.03, real=1.34 secs] 
62989.822: [GC 62989.822: [ParNew: 440895K->48960K(440896K), 1.4118142 secs] 3630603K->3290346K(4145344K), 1.4123204 secs] [Times: user=3.82 sys=0.03, real=1.41 secs] 
63011.109: [GC 63011.109: [ParNew: 440896K->48959K(440896K), 1.3825928 secs] 3682282K->3339525K(4145344K), 1.3831006 secs] [Times: user=3.73 sys=0.03, real=1.40 secs] 
63029.530: [GC 63029.530: [ParNew: 440895K->48959K(440896K), 1.3328454 secs] 3731461K->3390750K(4145344K), 1.3333575 secs] [Times: user=3.85 sys=0.03, real=1.33 secs] 
63063.693: [GC 63063.693: [ParNew: 440895K->48960K(440896K), 1.0361286 secs] 3782686K->3435138K(4145344K), 1.0366194 secs] [Times: user=3.44 sys=0.03, real=1.04 secs] 
63089.289: [GC 63089.289: [ParNew: 440896K->48959K(440896K), 1.5454408 secs] 3827074K->3489810K(4145344K), 1.5459431 secs] [Times: user=4.10 sys=0.03, real=1.55 secs] 
63090.841: [GC [1 CMS-initial-mark: 3440850K(3704448K)] 3490987K(4145344K), 0.4803893 secs] [Times: user=0.48 sys=0.00, real=0.48 secs] 
63091.322: [CMS-concurrent-mark-start]
63092.109: [CMS-concurrent-mark: 0.786/0.786 secs] [Times: user=7.08 sys=0.06, real=0.79 secs] 
63092.109: [CMS-concurrent-preclean-start]
63092.231: [CMS-concurrent-preclean: 0.121/0.123 secs] [Times: user=0.17 sys=0.01, real=0.12 secs] 
63092.232: [CMS-concurrent-abortable-preclean-start]
 CMS: abort preclean due to time 63097.639: [CMS-concurrent-abortable-preclean: 5.399/5.407 secs] [Times: user=8.67 sys=0.12, real=5.41 secs] 
63097.645: [GC[YG occupancy: 200807 K (440896 K)]63097.645: [Rescan (non-parallel) 63097.645: [grey object rescan, 0.1024967 secs]63097.748: [root rescan, 1.7539754 secs], 1.8567548 secs]63099.502: [weak refs processing, 2.4951264 secs] [1 CMS-remark: 3440850K(3704448K)] 3641657K(4145344K), 4.3537123 secs] [Times: user=4.36 sys=0.00, real=4.35 secs] 
63101.999: [CMS-concurrent-sweep-start]
63108.121: [GC 63108.121: [ParNew: 440895K->48959K(440896K), 1.2521190 secs] 3496616K->3154143K(4145344K), 1.2526152 secs] [Times: user=3.55 sys=0.01, real=1.25 secs] 
63129.936: [GC 63129.936: [ParNew: 440895K->48960K(440896K), 1.5385956 secs] 2442957K->2105122K(4145344K), 1.5390690 secs] [Times: user=3.78 sys=0.01, real=1.54 secs] 
63160.820: [CMS-concurrent-sweep: 55.997/58.820 secs] [Times: user=95.86 sys=1.07, real=58.82 secs] 
63160.820: [CMS-concurrent-reset-start]
63160.850: [CMS-concurrent-reset: 0.030/0.030 secs] [Times: user=0.03 sys=0.00, real=0.03 secs] 
63178.496: [GC 63178.496: [ParNew: 440896K->48959K(440896K), 1.1741018 secs] 1033484K->684100K(4145344K), 1.1746170 secs] [Times: user=3.16 sys=0.02, real=1.17 secs] 
63209.324: [GC 63209.325: [ParNew: 440895K->48960K(440896K), 1.4770022 secs] 1076036K->738357K(4145344K), 1.4774978 secs] [Times: user=3.68 sys=0.02, real=1.48 secs] 
63233.349: [GC 63233.349: [ParNew: 440896K->48960K(440896K), 1.6368347 secs] 1130293K->791305K(4145344K), 1.6373471 secs] [Times: user=4.02 sys=0.02, real=1.64 secs] 
63270.081: [GC 63270.082: [ParNew: 440896K->48960K(440896K), 1.2204108 secs] 1183241K->838848K(4145344K), 1.2209260 secs] [Times: user=3.86 sys=0.02, real=1.22 secs] 
63299.016: [GC 63299.016: [ParNew: 440896K->48960K(440896K), 1.5613441 secs] 1230784K->893307K(4145344K), 1.5618347 secs] [Times: user=4.05 sys=0.03, real=1.56 secs] 
63317.570: [GC 63317.570: [ParNew: 440896K->48960K(440896K), 1.4873158 secs] 1285243K->944681K(4145344K), 1.4878230 secs] [Times: user=3.95 sys=0.03, real=1.49 secs] 
63337.326: [GC 63337.326: [ParNew: 440896K->48960K(440896K), 1.4711419 secs] 1336617K->996356K(4145344K), 1.4716295 secs] [Times: user=3.91 sys=0.03, real=1.47 secs] 
63364.904: [GC 63364.904: [ParNew: 440896K->48960K(440896K), 1.2307088 secs] 1388292K->1045903K(4145344K), 1.2311785 secs] [Times: user=3.70 sys=0.04, real=1.23 secs] 
63377.453: [GC 63377.453: [ParNew: 440896K->48960K(440896K), 1.6724483 secs] 1437839K->1101949K(4145344K), 1.6729670 secs] [Times: user=4.17 sys=0.04, real=1.67 secs] 
63397.174: [GC 63397.174: [ParNew: 440890K->48959K(440896K), 1.0595581 secs] 1493879K->1145022K(4145344K), 1.0601188 secs] [Times: user=3.41 sys=0.03, real=1.06 secs] 
63424.046: [GC 63424.046: [ParNew: 440895K->48960K(440896K), 1.4423657 secs] 1536958K->1194868K(4145344K), 1.4428621 secs] [Times: user=3.78 sys=0.03, real=1.44 secs] 
63453.931: [GC 63453.931: [ParNew: 440896K->48960K(440896K), 1.1089275 secs] 1586804K->1241386K(4145344K), 1.1094151 secs] [Times: user=3.60 sys=0.03, real=1.11 secs] 
63468.534: [GC 63468.534: [ParNew: 440896K->48960K(440896K), 1.6449393 secs] 1633322K->1297053K(4145344K), 1.6454257 secs] [Times: user=4.01 sys=0.03, real=1.65 secs] 
63478.877: [GC 63478.877: [ParNew: 440896K->48960K(440896K), 1.2605222 secs] 1688989K->1343775K(4145344K), 1.2610066 secs] [Times: user=3.65 sys=0.03, real=1.26 secs] 
63494.555: [GC 63494.556: [ParNew: 440896K->48960K(440896K), 1.6652760 secs] 1735711K->1400836K(4145344K), 1.6658020 secs] [Times: user=4.31 sys=0.04, real=1.67 secs] 
63505.604: [GC 63505.605: [ParNew: 440896K->48959K(440896K), 1.3927951 secs] 1792772K->1452067K(4145344K), 1.3933393 secs] [Times: user=3.91 sys=0.03, real=1.39 secs] 
63521.398: [GC 63521.398: [ParNew: 440895K->48959K(440896K), 1.3878116 secs] 1844003K->1504724K(4145344K), 1.3883257 secs] [Times: user=3.80 sys=0.02, real=1.39 secs] 
63532.452: [GC 63532.452: [ParNew: 440895K->48959K(440896K), 1.4814248 secs] 1896660K->1554909K(4145344K), 1.4819279 secs] [Times: user=3.84 sys=0.03, real=1.48 secs] 
63546.269: [GC 63546.269: [ParNew: 440895K->48960K(440896K), 1.6241271 secs] 1946845K->1611716K(4145344K), 1.6246658 secs] [Times: user=4.11 sys=0.03, real=1.62 secs] 
63567.891: [GC 63567.891: [ParNew: 440896K->48960K(440896K), 1.5407680 secs] 2003652K->1664506K(4145344K), 1.5412904 secs] [Times: user=3.96 sys=0.03, real=1.54 secs] 
63586.489: [GC 63586.489: [ParNew: 440896K->48959K(440896K), 1.2753928 secs] 2056442K->1712144K(4145344K), 1.2759170 secs] [Times: user=3.72 sys=0.03, real=1.28 secs] 
63607.429: [GC 63607.429: [ParNew: 440895K->48960K(440896K), 1.4509499 secs] 2104080K->1763324K(4145344K), 1.4514470 secs] [Times: user=3.85 sys=0.03, real=1.45 secs] 
63630.844: [GC 63630.844: [ParNew: 440895K->48960K(440896K), 1.5475318 secs] 2155260K->1816718K(4145344K), 1.5480553 secs] [Times: user=3.92 sys=0.03, real=1.55 secs] 
63646.650: [GC 63646.651: [ParNew: 440896K->48960K(440896K), 1.1448371 secs] 2208654K->1860235K(4145344K), 1.1453616 secs] [Times: user=3.44 sys=0.03, real=1.15 secs] 
63690.631: [GC 63690.631: [ParNew: 440896K->48959K(440896K), 1.6214261 secs] 2252171K->1915655K(4145344K), 1.6219288 secs] [Times: user=4.09 sys=0.04, real=1.62 secs] 
63708.260: [GC 63708.261: [ParNew: 440895K->48960K(440896K), 1.4313650 secs] 2307591K->1967966K(4145344K), 1.4318320 secs] [Times: user=3.80 sys=0.03, real=1.43 secs] 
63732.232: [GC 63732.232: [ParNew: 440896K->48959K(440896K), 1.3702507 secs] 2359902K->2016237K(4145344K), 1.3707488 secs] [Times: user=3.75 sys=0.05, real=1.37 secs] 
63753.640: [GC 63753.640: [ParNew: 440895K->48959K(440896K), 1.2596779 secs] 2408173K->2065265K(4145344K), 1.2601989 secs] [Times: user=3.80 sys=0.04, real=1.26 secs] 
63772.087: [GC 63772.088: [ParNew: 440895K->48959K(440896K), 1.2511807 secs] 2457201K->2113580K(4145344K), 1.2516642 secs] [Times: user=3.65 sys=0.04, real=1.25 secs] 
63796.926: [GC 63796.926: [ParNew: 440895K->48960K(440896K), 1.4518319 secs] 2505516K->2162073K(4145344K), 1.4523452 secs] [Times: user=3.72 sys=0.05, real=1.45 secs] 
63824.547: [GC 63824.547: [ParNew: 440896K->48960K(440896K), 1.2083682 secs] 2554009K->2210211K(4145344K), 1.2088506 secs] [Times: user=3.67 sys=0.05, real=1.21 secs] 
63843.918: [GC 63843.918: [ParNew: 440896K->48960K(440896K), 1.1978135 secs] 2602147K->2257601K(4145344K), 1.1983433 secs] [Times: user=3.72 sys=0.05, real=1.20 secs] 
63866.127: [GC 63866.128: [ParNew: 440896K->48960K(440896K), 1.3139793 secs] 2649537K->2305858K(4145344K), 1.3144558 secs] [Times: user=3.78 sys=0.05, real=1.31 secs] 
63883.807: [GC 63883.807: [ParNew: 440896K->48960K(440896K), 1.4923313 secs] 2697794K->2357210K(4145344K), 1.4928594 secs] [Times: user=3.93 sys=0.06, real=1.49 secs] 
63906.745: [GC 63906.745: [ParNew: 440896K->48960K(440896K), 1.5054500 secs] 2749146K->2408878K(4145344K), 1.5060014 secs] [Times: user=3.90 sys=0.05, real=1.51 secs] 
63937.494: [GC 63937.494: [ParNew: 440896K->48960K(440896K), 1.3768161 secs] 2800814K->2457512K(4145344K), 1.3773078 secs] [Times: user=3.69 sys=0.04, real=1.38 secs] 
63969.760: [GC 63969.768: [ParNew: 440896K->48960K(440896K), 1.0633506 secs] 2849448K->2502837K(4145344K), 1.0638886 secs] [Times: user=3.72 sys=0.06, real=1.07 secs] 
63991.064: [GC 63991.064: [ParNew: 440896K->48960K(440896K), 1.3991226 secs] 2894773K->2554417K(4145344K), 1.3996283 secs] [Times: user=3.85 sys=0.04, real=1.40 secs] 
64015.103: [GC 64015.104: [ParNew: 440896K->48959K(440896K), 1.6240352 secs] 2946353K->2608558K(4145344K), 1.6245416 secs] [Times: user=3.97 sys=0.04, real=1.62 secs] 
64033.084: [GC 64033.084: [ParNew: 440895K->48960K(440896K), 1.2900156 secs] 3000494K->2655938K(4145344K), 1.2905259 secs] [Times: user=3.74 sys=0.04, real=1.29 secs] 
64057.340: [GC 64057.340: [ParNew: 440896K->48960K(440896K), 1.4607943 secs] 3047874K->2708732K(4145344K), 1.4612721 secs] [Times: user=3.94 sys=0.04, real=1.46 secs] 
64074.900: [GC 64074.901: [ParNew: 440896K->48960K(440896K), 1.4470218 secs] 3100668K->2760895K(4145344K), 1.4475169 secs] [Times: user=3.89 sys=0.04, real=1.45 secs] 
64098.765: [GC 64098.765: [ParNew: 440896K->48959K(440896K), 1.3469779 secs] 3152831K->2811759K(4145344K), 1.3474576 secs] [Times: user=3.79 sys=0.04, real=1.35 secs] 
64127.231: [GC 64127.232: [ParNew: 440895K->48960K(440896K), 1.5345492 secs] 3203695K->2862967K(4145344K), 1.5350524 secs] [Times: user=3.97 sys=0.03, real=1.54 secs] 
64151.950: [GC 64151.950: [ParNew: 440896K->48959K(440896K), 1.4129647 secs] 3254903K->2913573K(4145344K), 1.4134409 secs] [Times: user=3.93 sys=0.03, real=1.41 secs] 
64173.707: [GC 64173.707: [ParNew: 440895K->48959K(440896K), 1.3751987 secs] 3305509K->2963920K(4145344K), 1.3756762 secs] [Times: user=3.76 sys=0.03, real=1.38 secs] 
64202.867: [GC 64202.867: [ParNew: 440895K->48959K(440896K), 1.2981983 secs] 3355856K->3013332K(4145344K), 1.2986886 secs] [Times: user=3.72 sys=0.03, real=1.30 secs] 
64217.061: [GC 64217.061: [ParNew: 440895K->48960K(440896K), 1.4115807 secs] 3405268K->3063179K(4145344K), 1.4120734 secs] [Times: user=3.89 sys=0.04, real=1.41 secs] 
64237.054: [GC 64237.054: [ParNew: 440896K->48960K(440896K), 1.3584786 secs] 3455115K->3116335K(4145344K), 1.3589582 secs] [Times: user=4.06 sys=0.03, real=1.36 secs] 
64256.651: [GC 64256.651: [ParNew: 440896K->48960K(440896K), 1.3302475 secs] 3508271K->3166348K(4145344K), 1.3307356 secs] [Times: user=3.66 sys=0.03, real=1.33 secs] 
64276.842: [GC 64276.843: [ParNew: 440896K->48959K(440896K), 1.4946073 secs] 3558284K->3215250K(4145344K), 1.4951031 secs] [Times: user=3.73 sys=0.03, real=1.50 secs] 
64288.414: [GC 64288.414: [ParNew: 440895K->48959K(440896K), 1.3709111 secs] 3607186K->3266691K(4145344K), 1.3713918 secs] [Times: user=3.80 sys=0.03, real=1.37 secs] 
64300.883: [GC 64300.883: [ParNew: 440895K->48959K(440896K), 1.4878219 secs] 3658627K->3318957K(4145344K), 1.4882985 secs] [Times: user=3.94 sys=0.03, real=1.49 secs] 
64315.638: [GC 64315.638: [ParNew: 440895K->48960K(440896K), 1.5049723 secs] 3710893K->3372570K(4145344K), 1.5054651 secs] [Times: user=4.04 sys=0.03, real=1.51 secs] 
64317.149: [GC [1 CMS-initial-mark: 3323610K(3704448K)] 3374018K(4145344K), 0.5032759 secs] [Times: user=0.50 sys=0.00, real=0.50 secs] 
64317.653: [CMS-concurrent-mark-start]
64318.520: [CMS-concurrent-mark: 0.867/0.867 secs] [Times: user=7.49 sys=0.06, real=0.87 secs] 
64318.520: [CMS-concurrent-preclean-start]
64318.648: [CMS-concurrent-preclean: 0.126/0.128 secs] [Times: user=0.27 sys=0.00, real=0.13 secs] 
64318.648: [CMS-concurrent-abortable-preclean-start]
 CMS: abort preclean due to time 64323.719: [CMS-concurrent-abortable-preclean: 5.057/5.071 secs] [Times: user=9.01 sys=0.17, real=5.07 secs] 
64323.725: [GC[YG occupancy: 195004 K (440896 K)]64323.725: [Rescan (non-parallel) 64323.725: [grey object rescan, 0.1029465 secs]64323.828: [root rescan, 1.7811023 secs], 1.8843358 secs]64325.610: [weak refs processing, 2.2700428 secs] [1 CMS-remark: 3323610K(3704448K)] 3518614K(4145344K), 4.1560702 secs] [Times: user=4.16 sys=0.00, real=4.16 secs] 
64327.882: [CMS-concurrent-sweep-start]
64338.028: [GC 64338.029: [ParNew: 440896K->48960K(440896K), 1.3304160 secs] 3282058K->2943206K(4145344K), 1.3309200 secs] [Times: user=3.70 sys=0.01, real=1.33 secs] 
64396.600: [CMS-concurrent-sweep: 67.369/68.718 secs] [Times: user=93.95 sys=1.11, real=68.72 secs] 
64396.600: [CMS-concurrent-reset-start]
64396.629: [CMS-concurrent-reset: 0.029/0.029 secs] [Times: user=0.03 sys=0.00, real=0.03 secs] 
64406.782: [GC 64406.782: [ParNew: 440896K->40083K(440896K), 0.6693900 secs] 999967K->639276K(4145344K), 0.6699349 secs] [Times: user=2.95 sys=0.01, real=0.67 secs] 
64423.286: [GC 64423.286: [ParNew: 432019K->48960K(440896K), 1.0448580 secs] 1031212K->678781K(4145344K), 1.0453962 secs] [Times: user=2.42 sys=0.01, real=1.05 secs] 
64429.356: [GC 64429.356: [ParNew: 440896K->48960K(440896K), 1.3837061 secs] 1070717K->726817K(4145344K), 1.3842200 secs] [Times: user=3.39 sys=0.01, real=1.38 secs] 
64447.141: [GC 64447.141: [ParNew: 440896K->48959K(440896K), 1.5713602 secs] 1118816K->775094K(4145344K), 1.5718820 secs] [Times: user=4.25 sys=0.02, real=1.57 secs] 
64463.163: [GC 64463.163: [ParNew: 440879K->48959K(440896K), 1.5493842 secs] 1167014K->817071K(4145344K), 1.5498898 secs] [Times: user=3.77 sys=0.01, real=1.55 secs] 
64478.911: [GC 64478.911: [ParNew: 440895K->48960K(440896K), 1.7577249 secs] 1209007K->871849K(4145344K), 1.7582635 secs] [Times: user=4.32 sys=0.04, real=1.76 secs] 
64501.287: [GC 64501.287: [ParNew: 440896K->48960K(440896K), 1.2457580 secs] 1263785K->914359K(4145344K), 1.2462627 secs] [Times: user=3.58 sys=0.05, real=1.25 secs] 
64517.669: [GC 64517.669: [ParNew: 440896K->48959K(440896K), 1.3181227 secs] 1306295K->963121K(4145344K), 1.3186372 secs] [Times: user=4.09 sys=0.06, real=1.32 secs] 
64535.833: [GC 64535.834: [ParNew: 440895K->48960K(440896K), 1.6243149 secs] 1355057K->1017918K(4145344K), 1.6248348 secs] [Times: user=4.14 sys=0.07, real=1.63 secs] 
64555.260: [GC 64555.261: [ParNew: 440896K->48960K(440896K), 1.5748424 secs] 1409854K->1067759K(4145344K), 1.5753143 secs] [Times: user=3.87 sys=0.05, real=1.58 secs] 
64579.876: [GC 64579.876: [ParNew: 440896K->48960K(440896K), 1.2714792 secs] 1459695K->1116288K(4145344K), 1.2719520 secs] [Times: user=3.69 sys=0.06, real=1.27 secs] 
64604.223: [GC 64604.223: [ParNew: 440896K->48960K(440896K), 1.4314701 secs] 1508224K->1167542K(4145344K), 1.4319894 secs] [Times: user=3.83 sys=0.06, real=1.43 secs] 
64630.513: [GC 64630.514: [ParNew: 440896K->48960K(440896K), 1.2171548 secs] 1559478K->1215376K(4145344K), 1.2176112 secs] [Times: user=3.62 sys=0.04, real=1.22 secs] 
64662.126: [GC 64662.126: [ParNew: 440896K->48959K(440896K), 1.4910972 secs] 1607312K->1267744K(4145344K), 1.4915810 secs] [Times: user=4.16 sys=0.06, real=1.49 secs] 
64696.119: [GC 64696.119: [ParNew: 440895K->48960K(440896K), 1.1484001 secs] 1659680K->1311245K(4145344K), 1.1488821 secs] [Times: user=3.57 sys=0.05, real=1.15 secs] 
64725.863: [GC 64725.863: [ParNew: 440896K->48959K(440896K), 1.4334747 secs] 1703181K->1364132K(4145344K), 1.4339555 secs] [Times: user=3.98 sys=0.04, real=1.43 secs] 
64746.341: [GC 64746.342: [ParNew: 440895K->48959K(440896K), 1.5034069 secs] 1756068K->1418577K(4145344K), 1.5038990 secs] [Times: user=4.07 sys=0.04, real=1.50 secs] 
64765.746: [GC 64765.746: [ParNew: 440895K->48960K(440896K), 1.1802119 secs] 1810513K->1462993K(4145344K), 1.1807271 secs] [Times: user=3.74 sys=0.04, real=1.18 secs] 
64784.061: [GC 64784.062: [ParNew: 440896K->48959K(440896K), 1.2558654 secs] 1854929K->1512810K(4145344K), 1.2563886 secs] [Times: user=3.82 sys=0.04, real=1.26 secs] 
64812.237: [GC 64812.237: [ParNew: 440827K->48960K(440896K), 1.4103847 secs] 1904678K->1566721K(4145344K), 1.4109043 secs] [Times: user=3.97 sys=0.04, real=1.41 secs] 
64833.088: [GC 64833.089: [ParNew: 440896K->48959K(440896K), 1.2946017 secs] 1958657K->1613657K(4145344K), 1.2951194 secs] [Times: user=3.78 sys=0.04, real=1.30 secs] 
64857.266: [GC 64857.267: [ParNew: 440895K->48960K(440896K), 1.3360625 secs] 2005593K->1660867K(4145344K), 1.3365451 secs] [Times: user=3.72 sys=0.03, real=1.34 secs] 
64882.471: [GC 64882.471: [ParNew: 440813K->48959K(440896K), 1.1110259 secs] 2052720K->1707029K(4145344K), 1.1115276 secs] [Times: user=3.64 sys=0.04, real=1.12 secs] 
64907.124: [GC 64907.125: [ParNew: 440895K->48959K(440896K), 1.2724958 secs] 2098965K->1754472K(4145344K), 1.2730344 secs] [Times: user=3.70 sys=0.04, real=1.27 secs] 
64929.477: [GC 64929.477: [ParNew: 440895K->48960K(440896K), 1.6124974 secs] 2146408K->1807399K(4145344K), 1.6130085 secs] [Times: user=4.06 sys=0.05, real=1.61 secs] 
64948.741: [GC 64948.741: [ParNew: 440896K->48960K(440896K), 1.1969837 secs] 2199335K->1853984K(4145344K), 1.1974695 secs] [Times: user=3.56 sys=0.04, real=1.20 secs] 
64967.956: [GC 64967.956: [ParNew: 440896K->48960K(440896K), 1.2831329 secs] 2245920K->1901066K(4145344K), 1.2836623 secs] [Times: user=3.81 sys=0.04, real=1.28 secs] 
64988.497: [GC 64988.497: [ParNew: 440896K->48960K(440896K), 1.6007853 secs] 2293002K->1956838K(4145344K), 1.6013031 secs] [Times: user=4.31 sys=0.05, real=1.60 secs] 
65012.437: [GC 65012.438: [ParNew: 440896K->48960K(440896K), 1.2159890 secs] 2348774K->2007616K(4145344K), 1.2165047 secs] [Times: user=3.84 sys=0.04, real=1.22 secs] 
65028.979: [GC 65028.979: [ParNew: 440896K->48959K(440896K), 1.1452016 secs] 2399552K->2057681K(4145344K), 1.1458183 secs] [Times: user=4.04 sys=0.04, real=1.15 secs] 
65043.229: [GC 65043.229: [ParNew: 440895K->48960K(440896K), 1.4701761 secs] 2449617K->2111551K(4145344K), 1.4707370 secs] [Times: user=3.96 sys=0.04, real=1.47 secs] 
65058.895: [GC 65058.895: [ParNew: 440896K->48960K(440896K), 1.6201684 secs] 2503487K->2163869K(4145344K), 1.6206633 secs] [Times: user=3.82 sys=0.03, real=1.62 secs] 
65081.799: [GC 65081.799: [ParNew: 440896K->48960K(440896K), 1.2474571 secs] 2555805K->2205320K(4145344K), 1.2479701 secs] [Times: user=3.37 sys=0.03, real=1.25 secs] 
65108.962: [GC 65108.962: [ParNew: 440896K->48959K(440896K), 1.3700137 secs] 2597256K->2252483K(4145344K), 1.3705031 secs] [Times: user=3.67 sys=0.05, real=1.37 secs] 
65134.793: [GC 65134.793: [ParNew: 440895K->48959K(440896K), 1.6138722 secs] 2644419K->2307004K(4145344K), 1.6143661 secs] [Times: user=4.09 sys=0.04, real=1.61 secs] 
65159.799: [GC 65159.800: [ParNew: 440895K->48960K(440896K), 1.0964642 secs] 2698940K->2351925K(4145344K), 1.0969590 secs] [Times: user=3.49 sys=0.03, real=1.10 secs] 
65186.943: [GC 65186.943: [ParNew: 440896K->48959K(440896K), 1.6339850 secs] 2743861K->2408101K(4145344K), 1.6344996 secs] [Times: user=4.07 sys=0.06, real=1.63 secs] 
65206.084: [GC 65206.084: [ParNew: 440895K->48960K(440896K), 1.2932199 secs] 2800037K->2456776K(4145344K), 1.2937194 secs] [Times: user=3.76 sys=0.04, real=1.29 secs] 
65221.727: [GC 65221.728: [ParNew: 440896K->48960K(440896K), 1.4633543 secs] 2848712K->2506522K(4145344K), 1.4638909 secs] [Times: user=4.00 sys=0.05, real=1.46 secs] 
65247.400: [GC 65247.400: [ParNew: 440896K->48960K(440896K), 1.3144191 secs] 2898458K->2553567K(4145344K), 1.3149377 secs] [Times: user=3.64 sys=0.05, real=1.32 secs] 
65267.558: [GC 65267.558: [ParNew: 440896K->48959K(440896K), 1.2183400 secs] 2945503K->2598605K(4145344K), 1.2188296 secs] [Times: user=3.59 sys=0.05, real=1.22 secs] 
65289.327: [GC 65289.327: [ParNew: 440895K->48960K(440896K), 1.4749740 secs] 2990541K->2651729K(4145344K), 1.4755252 secs] [Times: user=4.04 sys=0.06, real=1.48 secs] 
65316.330: [GC 65316.330: [ParNew: 440896K->48960K(440896K), 1.4929114 secs] 3043665K->2702610K(4145344K), 1.4934125 secs] [Times: user=3.97 sys=0.06, real=1.49 secs] 
65332.402: [GC 65332.402: [ParNew: 440896K->48960K(440896K), 1.3948200 secs] 3094546K->2751417K(4145344K), 1.3953098 secs] [Times: user=3.78 sys=0.05, real=1.40 secs] 
65347.324: [GC 65347.324: [ParNew: 440896K->48960K(440896K), 1.5192145 secs] 3143353K->2802443K(4145344K), 1.5197552 secs] [Times: user=4.47 sys=0.05, real=1.52 secs] 
65371.692: [GC 65371.693: [ParNew: 440896K->48959K(440896K), 1.6910569 secs] 3194379K->2858475K(4145344K), 1.6915712 secs] [Times: user=4.16 sys=0.03, real=1.69 secs] 
65389.081: [GC 65389.081: [ParNew: 440895K->48959K(440896K), 1.3108639 secs] 3250411K->2906180K(4145344K), 1.3113775 secs] [Times: user=3.68 sys=0.03, real=1.31 secs] 
65406.049: [GC 65406.049: [ParNew: 440895K->48960K(440896K), 1.3201206 secs] 3298116K->2955438K(4145344K), 1.3206601 secs] [Times: user=3.91 sys=0.04, real=1.32 secs] 
65426.257: [GC 65426.257: [ParNew: 440896K->48960K(440896K), 1.4088127 secs] 3347374K->3007907K(4145344K), 1.4093092 secs] [Times: user=3.84 sys=0.04, real=1.41 secs] 
65443.524: [GC 65443.524: [ParNew: 440896K->48960K(440896K), 1.5664584 secs] 3399843K->3060544K(4145344K), 1.5669777 secs] [Times: user=3.91 sys=0.03, real=1.57 secs] 
65470.538: [GC 65470.538: [ParNew: 440896K->48959K(440896K), 1.4289244 secs] 3452480K->3111833K(4145344K), 1.4294265 secs] [Times: user=3.94 sys=0.03, real=1.43 secs] 
65490.629: [GC 65490.629: [ParNew: 440895K->48959K(440896K), 1.4749626 secs] 3503769K->3163510K(4145344K), 1.4754884 secs] [Times: user=3.87 sys=0.03, real=1.48 secs] 
65510.298: [GC 65510.299: [ParNew: 440895K->48960K(440896K), 1.6528671 secs] 3555446K->3220956K(4145344K), 1.6533644 secs] [Times: user=4.05 sys=0.03, real=1.65 secs] 
65542.246: [GC 65542.246: [ParNew: 440896K->48960K(440896K), 1.5532432 secs] 3612892K->3274339K(4145344K), 1.5537338 secs] [Times: user=3.93 sys=0.03, real=1.55 secs] 
65556.312: [GC 65556.313: [ParNew: 440896K->48960K(440896K), 1.7259699 secs] 3666275K->3331665K(4145344K), 1.7264657 secs] [Times: user=4.19 sys=0.03, real=1.73 secs] 
65590.481: [GC 65590.481: [ParNew: 440896K->48960K(440896K), 1.4808620 secs] 3723601K->3381638K(4145344K), 1.4813959 secs] [Times: user=3.85 sys=0.03, real=1.48 secs] 
65622.951: [GC 65622.951: [ParNew: 440896K->48960K(440896K), 1.2026112 secs] 3773574K->3424121K(4145344K), 1.2031559 secs] [Times: user=3.49 sys=0.03, real=1.20 secs] 
65644.678: [GC 65644.679: [ParNew: 440896K->48960K(440896K), 1.7473892 secs] 3816057K->3479953K(4145344K), 1.7479263 secs] [Times: user=4.19 sys=0.04, real=1.75 secs] 
65646.432: [GC [1 CMS-initial-mark: 3430993K(3704448K)] 3481623K(4145344K), 0.5121287 secs] [Times: user=0.52 sys=0.00, real=0.51 secs] 
65646.945: [CMS-concurrent-mark-start]
65647.807: [CMS-concurrent-mark: 0.862/0.862 secs] [Times: user=7.02 sys=0.10, real=0.86 secs] 
65647.808: [CMS-concurrent-preclean-start]
65647.935: [CMS-concurrent-preclean: 0.125/0.127 secs] [Times: user=0.13 sys=0.00, real=0.13 secs] 
65647.935: [CMS-concurrent-abortable-preclean-start]
 CMS: abort preclean due to time 65652.985: [CMS-concurrent-abortable-preclean: 5.047/5.050 secs] [Times: user=7.29 sys=0.11, real=5.05 secs] 
65652.991: [GC[YG occupancy: 137570 K (440896 K)]65652.991: [Rescan (non-parallel) 65652.991: [grey object rescan, 0.1027709 secs]65653.094: [root rescan, 1.2967454 secs], 1.3997862 secs]65654.391: [weak refs processing, 3.6309733 secs] [1 CMS-remark: 3430993K(3704448K)] 3568564K(4145344K), 5.0329112 secs] [Times: user=5.04 sys=0.00, real=5.03 secs] 
65658.024: [CMS-concurrent-sweep-start]
65666.980: [GC 65666.981: [ParNew: 440896K->48960K(440896K), 1.2696538 secs] 3359468K->3015966K(4145344K), 1.2702026 secs] [Times: user=3.65 sys=0.01, real=1.27 secs] 
65690.224: [GC 65690.224: [ParNew: 440896K->48960K(440896K), 1.4013929 secs] 2341303K->2002628K(4145344K), 1.4018991 secs] [Times: user=3.74 sys=0.02, real=1.40 secs] 
65715.976: [GC 65715.977: [ParNew: 440896K->48960K(440896K), 1.2857390 secs] 1280252K->938678K(4145344K), 1.2862433 secs] [Times: user=3.69 sys=0.01, real=1.29 secs] 
65719.635: [CMS-concurrent-sweep: 57.606/61.611 secs] [Times: user=115.64 sys=1.71, real=61.61 secs] 
65719.636: [CMS-concurrent-reset-start]
65719.665: [CMS-concurrent-reset: 0.030/0.030 secs] [Times: user=0.04 sys=0.01, real=0.03 secs] 
65745.477: [GC 65745.478: [ParNew: 440896K->48960K(440896K), 1.2363443 secs] 1210271K->866975K(4145344K), 1.2368464 secs] [Times: user=3.42 sys=0.01, real=1.24 secs] 
65767.003: [GC 65767.004: [ParNew: 440896K->48960K(440896K), 1.3633297 secs] 1258911K->917838K(4145344K), 1.3638329 secs] [Times: user=3.46 sys=0.02, real=1.36 secs] 
65798.458: [GC 65798.458: [ParNew: 440896K->48960K(440896K), 1.2035463 secs] 1309774K->966253K(4145344K), 1.2040456 secs] [Times: user=3.30 sys=0.01, real=1.20 secs] 
65818.148: [GC 65818.159: [ParNew: 440896K->48960K(440896K), 1.5763715 secs] 1358189K->1016846K(4145344K), 1.5768377 secs] [Times: user=3.70 sys=0.02, real=1.59 secs] 
65841.218: [GC 65841.218: [ParNew: 440896K->48959K(440896K), 1.2609771 secs] 1408782K->1050448K(4145344K), 1.2614541 secs] [Times: user=3.24 sys=0.01, real=1.26 secs] 
65867.699: [GC 65867.699: [ParNew: 440895K->48960K(440896K), 1.3689658 secs] 1442384K->1099870K(4145344K), 1.3695381 secs] [Times: user=3.94 sys=0.03, real=1.37 secs] 
65889.084: [GC 65889.084: [ParNew: 440896K->48959K(440896K), 1.2947714 secs] 1491806K->1147284K(4145344K), 1.2952817 secs] [Times: user=3.69 sys=0.04, real=1.30 secs] 
65911.693: [GC 65911.693: [ParNew: 440895K->48959K(440896K), 1.5252306 secs] 1539220K->1198930K(4145344K), 1.5257256 secs] [Times: user=3.94 sys=0.05, real=1.53 secs] 
65930.528: [GC 65930.528: [ParNew: 440895K->48960K(440896K), 1.2286983 secs] 1590866K->1247754K(4145344K), 1.2292208 secs] [Times: user=3.74 sys=0.04, real=1.23 secs] 
65947.624: [GC 65947.624: [ParNew: 440896K->48960K(440896K), 1.6038455 secs] 1639690K->1304369K(4145344K), 1.6043652 secs] [Times: user=4.08 sys=0.04, real=1.60 secs] 
65962.524: [GC 65962.524: [ParNew: 440896K->48960K(440896K), 1.4834420 secs] 1696305K->1355597K(4145344K), 1.4839224 secs] [Times: user=3.97 sys=0.04, real=1.48 secs] 
65977.402: [GC 65977.402: [ParNew: 440896K->48959K(440896K), 1.5302489 secs] 1747533K->1407870K(4145344K), 1.5308119 secs] [Times: user=4.12 sys=0.04, real=1.53 secs] 
66000.043: [GC 66000.044: [ParNew: 440895K->48959K(440896K), 1.4448364 secs] 1799806K->1459643K(4145344K), 1.4453611 secs] [Times: user=4.05 sys=0.04, real=1.45 secs] 
66016.175: [GC 66016.175: [ParNew: 440895K->48960K(440896K), 1.5699437 secs] 1851579K->1513734K(4145344K), 1.5704552 secs] [Times: user=3.98 sys=0.04, real=1.57 secs] 
66032.923: [GC 66032.923: [ParNew: 440896K->48960K(440896K), 1.3535099 secs] 1905670K->1561450K(4145344K), 1.3540033 secs] [Times: user=3.74 sys=0.03, real=1.35 secs] 
66064.987: [GC 66064.988: [ParNew: 440896K->48959K(440896K), 1.5330326 secs] 1953386K->1615446K(4145344K), 1.5336018 secs] [Times: user=4.22 sys=0.04, real=1.53 secs] 
66080.542: [GC 66080.542: [ParNew: 440895K->48960K(440896K), 1.6977788 secs] 2007382K->1672190K(4145344K), 1.6983006 secs] [Times: user=4.23 sys=0.04, real=1.70 secs] 
66095.653: [GC 66095.653: [ParNew: 440896K->48960K(440896K), 1.5697558 secs] 2064126K->1725478K(4145344K), 1.5703228 secs] [Times: user=3.97 sys=0.03, real=1.57 secs] 
66119.615: [GC 66119.615: [ParNew: 440896K->48960K(440896K), 1.2707979 secs] 2117414K->1770966K(4145344K), 1.2713178 secs] [Times: user=3.62 sys=0.04, real=1.27 secs] 
66138.626: [GC 66138.626: [ParNew: 440896K->48960K(440896K), 1.5497028 secs] 2162902K->1825686K(4145344K), 1.5501867 secs] [Times: user=4.09 sys=0.04, real=1.55 secs] 
66153.632: [GC 66153.633: [ParNew: 440896K->48960K(440896K), 1.3745099 secs] 2217622K->1876696K(4145344K), 1.3750450 secs] [Times: user=3.90 sys=0.04, real=1.38 secs] 
66192.269: [GC 66192.269: [ParNew: 440896K->48960K(440896K), 1.6260187 secs] 2268632K->1933327K(4145344K), 1.6265449 secs] [Times: user=4.25 sys=0.04, real=1.63 secs] 
66196.972: [GC 66196.972: [ParNew: 440841K->48959K(440896K), 1.2012806 secs] 2325208K->1986459K(4145344K), 1.2018305 secs] [Times: user=4.03 sys=0.04, real=1.20 secs] 
66212.761: [GC 66212.761: [ParNew: 440895K->48959K(440896K), 1.7210233 secs] 2378395K->2044307K(4145344K), 1.7215406 secs] [Times: user=4.16 sys=0.04, real=1.72 secs] 
66232.382: [GC 66232.383: [ParNew: 440895K->48960K(440896K), 1.4263702 secs] 2436243K->2088177K(4145344K), 1.4268598 secs] [Times: user=3.44 sys=0.03, real=1.43 secs] 
66248.161: [GC 66248.161: [ParNew: 440896K->48959K(440896K), 1.5464659 secs] 2480113K->2139636K(4145344K), 1.5469667 secs] [Times: user=4.07 sys=0.04, real=1.55 secs] 
66261.595: [GC 66261.595: [ParNew: 440895K->48960K(440896K), 1.7135813 secs] 2531572K->2198741K(4145344K), 1.7140750 secs] [Times: user=4.25 sys=0.04, real=1.71 secs] 
66284.222: [GC 66284.223: [ParNew: 440896K->48960K(440896K), 1.5372366 secs] 2590677K->2252082K(4145344K), 1.5377553 secs] [Times: user=3.95 sys=0.04, real=1.54 secs] 
66321.889: [GC 66321.890: [ParNew: 440896K->48959K(440896K), 1.2078263 secs] 2644018K->2297619K(4145344K), 1.2083335 secs] [Times: user=3.68 sys=0.05, real=1.21 secs] 
66340.706: [GC 66340.706: [ParNew: 440895K->48959K(440896K), 1.3043652 secs] 2689555K->2345958K(4145344K), 1.3048775 secs] [Times: user=3.84 sys=0.06, real=1.31 secs] 
66359.592: [GC 66359.592: [ParNew: 440895K->48960K(440896K), 1.7210006 secs] 2737894K->2403590K(4145344K), 1.7215133 secs] [Times: user=4.11 sys=0.06, real=1.72 secs] 
66377.810: [GC 66377.811: [ParNew: 440889K->48960K(440896K), 1.2302103 secs] 2795519K->2447676K(4145344K), 1.2307546 secs] [Times: user=3.66 sys=0.05, real=1.23 secs] 
66399.254: [GC 66399.254: [ParNew: 440896K->48960K(440896K), 1.5267180 secs] 2839612K->2500656K(4145344K), 1.5272317 secs] [Times: user=3.98 sys=0.05, real=1.53 secs] 
66427.788: [GC 66427.789: [ParNew: 440896K->48959K(440896K), 1.5448246 secs] 2892592K->2550350K(4145344K), 1.5454370 secs] [Times: user=4.19 sys=0.04, real=1.55 secs] 
66448.206: [GC 66448.207: [ParNew: 440895K->48960K(440896K), 1.1689004 secs] 2942286K->2597339K(4145344K), 1.1694236 secs] [Times: user=3.62 sys=0.05, real=1.17 secs] 
66470.264: [GC 66470.265: [ParNew: 440896K->48960K(440896K), 1.7031554 secs] 2989275K->2654697K(4145344K), 1.7037358 secs] [Times: user=4.17 sys=0.06, real=1.70 secs] 
66487.033: [GC 66487.033: [ParNew: 440896K->48959K(440896K), 1.5502910 secs] 3046633K->2708726K(4145344K), 1.5508056 secs] [Times: user=4.05 sys=0.05, real=1.55 secs] 
66518.929: [GC 66518.930: [ParNew: 440895K->48960K(440896K), 1.3461146 secs] 3100662K->2756370K(4145344K), 1.3466523 secs] [Times: user=3.67 sys=0.04, real=1.35 secs] 
66539.196: [GC 66539.197: [ParNew: 440896K->48959K(440896K), 1.5891632 secs] 3148306K->2807924K(4145344K), 1.5896761 secs] [Times: user=3.89 sys=0.04, real=1.59 secs] 
66571.577: [GC 66571.577: [ParNew: 440895K->48960K(440896K), 1.0586841 secs] 3199860K->2852023K(4145344K), 1.0591678 secs] [Times: user=3.53 sys=0.04, real=1.06 secs] 
66593.606: [GC 66593.606: [ParNew: 440896K->48959K(440896K), 1.5920555 secs] 3243959K->2906235K(4145344K), 1.5925763 secs] [Times: user=4.03 sys=0.06, real=1.59 secs] 
66621.507: [GC 66621.508: [ParNew: 440895K->48960K(440896K), 1.3973669 secs] 3298171K->2956732K(4145344K), 1.3978560 secs] [Times: user=3.80 sys=0.03, real=1.40 secs] 
66642.674: [GC 66642.674: [ParNew: 440896K->48960K(440896K), 1.4732258 secs] 3348668K->3009167K(4145344K), 1.4737070 secs] [Times: user=3.90 sys=0.03, real=1.47 secs] 
66669.265: [GC 66669.266: [ParNew: 440896K->48960K(440896K), 1.4318913 secs] 3401103K->3060408K(4145344K), 1.4324441 secs] [Times: user=3.97 sys=0.04, real=1.43 secs] 
66686.477: [GC 66686.477: [ParNew: 440896K->48960K(440896K), 1.4646911 secs] 3452344K->3112532K(4145344K), 1.4653532 secs] [Times: user=4.06 sys=0.04, real=1.47 secs] 
66706.405: [GC 66706.405: [ParNew: 440896K->48960K(440896K), 1.3496310 secs] 3504468K->3163150K(4145344K), 1.3501220 secs] [Times: user=3.80 sys=0.03, real=1.35 secs] 
66723.313: [GC 66723.314: [ParNew: 440896K->48959K(440896K), 1.4726172 secs] 3555086K->3212966K(4145344K), 1.4731087 secs] [Times: user=3.83 sys=0.03, real=1.47 secs] 
66743.878: [GC 66743.879: [ParNew: 440895K->48960K(440896K), 1.4839872 secs] 3604902K->3267287K(4145344K), 1.4845586 secs] [Times: user=4.26 sys=0.04, real=1.48 secs] 
66756.338: [GC 66756.338: [ParNew: 440896K->48960K(440896K), 1.2326656 secs] 3659223K->3317944K(4145344K), 1.2331766 secs] [Times: user=3.86 sys=0.03, real=1.23 secs] 
66774.053: [GC 66774.054: [ParNew: 440896K->48960K(440896K), 1.6690950 secs] 3709880K->3374856K(4145344K), 1.6695994 secs] [Times: user=3.97 sys=0.03, real=1.67 secs] 
66775.729: [GC [1 CMS-initial-mark: 3325896K(3704448K)] 3374869K(4145344K), 0.4400455 secs] [Times: user=0.44 sys=0.00, real=0.44 secs] 
66776.170: [CMS-concurrent-mark-start]
66776.995: [CMS-concurrent-mark: 0.825/0.825 secs] [Times: user=6.37 sys=0.07, real=0.83 secs] 
