2011-08-25T05:50:21.256+0100: 2.733: [Full GC 2.733: [CMS: 0K->5456K(776192K), 0.1693890 secs] 274763K->5456K(1965056K), [CMS Perm : 21247K->21218K(21248K)], 0.1695990 secs] [Times: user=0.15 sys=0.02, real=0.17 secs] 
2011-08-25T05:50:24.375+0100: 5.851: [Full GC 5.851: [CMS: 5456K->7255K(776192K), 0.2139140 secs] 294521K->7255K(1965056K), [CMS Perm : 35278K->35270K(35364K)], 0.2141930 secs] [Times: user=0.21 sys=0.00, real=0.21 secs] 
2011-08-25T05:50:42.054+0100: 23.530: [GC 23.530: [ParNew: 1056768K->132096K(1188864K), 0.2493300 secs] 1064023K->152079K(1965056K), 0.2495790 secs] [Times: user=1.00 sys=0.16, real=0.25 secs] 
2011-08-25T05:50:49.478+0100: 30.954: [GC 30.955: [ParNew: 1188864K->132096K(1188864K), 1.9992290 secs] 1208847K->343969K(1965056K), 1.9994960 secs] [Times: user=3.50 sys=0.29, real=2.00 secs] 
2011-08-25T05:50:54.756+0100: 36.232: [GC 36.232: [ParNew: 1188864K->124216K(1188864K), 1.0676790 secs] 1400737K->457850K(1965056K), 1.0678630 secs] [Times: user=1.48 sys=0.10, real=1.06 secs] 
2011-08-25T05:51:10.535+0100: 52.011: [GC 52.011: [ParNew: 1180984K->132096K(1188864K), 0.7192770 secs] 1514618K->541771K(1965056K), 0.7194930 secs] [Times: user=1.55 sys=0.11, real=0.72 secs] 
2011-08-25T05:51:11.257+0100: 52.733: [GC [1 CMS-initial-mark: 409675K(776192K)] 545797K(1965056K), 0.1872190 secs] [Times: user=0.18 sys=0.00, real=0.18 secs] 
2011-08-25T05:51:11.445+0100: 52.921: [CMS-concurrent-mark-start]
2011-08-25T05:51:12.645+0100: 54.122: [CMS-concurrent-mark: 1.108/1.201 secs] [Times: user=6.00 sys=0.05, real=1.20 secs] 
2011-08-25T05:51:12.646+0100: 54.122: [CMS-concurrent-preclean-start]
2011-08-25T05:51:12.650+0100: 54.126: [CMS-concurrent-preclean: 0.004/0.005 secs] [Times: user=0.01 sys=0.00, real=0.01 secs] 
2011-08-25T05:51:12.650+0100: 54.126: [CMS-concurrent-abortable-preclean-start]
 CMS: abort preclean due to time 2011-08-25T05:51:17.772+0100: 59.248: [CMS-concurrent-abortable-preclean: 4.117/5.122 secs] [Times: user=7.19 sys=0.08, real=5.12 secs] 
2011-08-25T05:51:17.774+0100: 59.250: [GC[YG occupancy: 707742 K (1188864 K)]59.250: [Rescan (parallel) , 1.1703740 secs]60.421: [weak refs processing, 0.0000890 secs] [1 CMS-remark: 409675K(776192K)] 1117418K(1965056K), 1.1706270 secs] [Times: user=1.70 sys=1.41, real=1.17 secs] 
2011-08-25T05:51:18.945+0100: 60.421: [CMS-concurrent-sweep-start]
2011-08-25T05:51:19.489+0100: 60.965: [CMS-concurrent-sweep: 0.523/0.544 secs] [Times: user=0.54 sys=0.00, real=0.55 secs] 
2011-08-25T05:51:19.489+0100: 60.965: [CMS-concurrent-reset-start]
2011-08-25T05:51:19.501+0100: 60.977: [CMS-concurrent-reset: 0.012/0.012 secs] [Times: user=0.01 sys=0.00, real=0.01 secs] 
2011-08-25T05:51:21.504+0100: 62.981: [GC [1 CMS-initial-mark: 400422K(776192K)] 1125551K(1965056K), 1.0953980 secs] [Times: user=1.08 sys=0.02, real=1.10 secs] 
2011-08-25T05:51:22.608+0100: 64.085: [CMS-concurrent-mark-start]
2011-08-25T05:51:23.449+0100: 64.926: [CMS-concurrent-mark: 0.808/0.841 secs] [Times: user=3.18 sys=0.04, real=0.85 secs] 
2011-08-25T05:51:23.450+0100: 64.926: [CMS-concurrent-preclean-start]
2011-08-25T05:51:23.454+0100: 64.930: [CMS-concurrent-preclean: 0.004/0.004 secs] [Times: user=0.01 sys=0.00, real=0.00 secs] 
2011-08-25T05:51:23.454+0100: 64.930: [CMS-concurrent-abortable-preclean-start]
 CMS: abort preclean due to time 2011-08-25T05:51:28.833+0100: 70.309: [CMS-concurrent-abortable-preclean: 4.231/5.379 secs] [Times: user=4.31 sys=0.04, real=5.38 secs] 
2011-08-25T05:51:28.838+0100: 70.315: [GC[YG occupancy: 762675 K (1188864 K)]70.315: [Rescan (parallel) , 1.0766380 secs]71.392: [weak refs processing, 0.0000220 secs] [1 CMS-remark: 400422K(776192K)] 1163098K(1965056K), 1.0768280 secs] [Times: user=1.55 sys=1.54, real=1.08 secs] 
2011-08-25T05:51:29.917+0100: 71.393: [CMS-concurrent-sweep-start]
2011-08-25T05:51:30.434+0100: 71.910: [CMS-concurrent-sweep: 0.518/0.518 secs] [Times: user=0.52 sys=0.00, real=0.52 secs] 
2011-08-25T05:51:30.434+0100: 71.911: [CMS-concurrent-reset-start]
2011-08-25T05:51:30.446+0100: 71.922: [CMS-concurrent-reset: 0.012/0.012 secs] [Times: user=0.02 sys=0.00, real=0.01 secs] 
2011-08-25T05:51:32.449+0100: 73.925: [GC [1 CMS-initial-mark: 398313K(776192K)] 1163176K(1965056K), 1.0176420 secs] [Times: user=1.00 sys=0.02, real=1.02 secs] 
2011-08-25T05:51:33.467+0100: 74.944: [CMS-concurrent-mark-start]
2011-08-25T05:51:34.287+0100: 75.763: [CMS-concurrent-mark: 0.812/0.819 secs] [Times: user=3.18 sys=0.05, real=0.82 secs] 
2011-08-25T05:51:34.287+0100: 75.763: [CMS-concurrent-preclean-start]
2011-08-25T05:51:34.290+0100: 75.766: [CMS-concurrent-preclean: 0.003/0.003 secs] [Times: user=0.00 sys=0.00, real=0.01 secs] 
2011-08-25T05:51:34.290+0100: 75.766: [CMS-concurrent-abortable-preclean-start]
 CMS: abort preclean due to time 2011-08-25T05:51:39.431+0100: 80.907: [CMS-concurrent-abortable-preclean: 4.122/5.141 secs] [Times: user=4.10 sys=0.07, real=5.14 secs] 
2011-08-25T05:51:39.433+0100: 80.910: [GC[YG occupancy: 767565 K (1188864 K)]80.910: [Rescan (parallel) , 1.1192230 secs]82.029: [weak refs processing, 0.0000380 secs] [1 CMS-remark: 398313K(776192K)] 1165879K(1965056K), 1.1194290 secs] [Times: user=1.65 sys=1.56, real=1.12 secs] 
2011-08-25T05:51:40.554+0100: 82.030: [CMS-concurrent-sweep-start]
2011-08-25T05:51:41.088+0100: 82.564: [CMS-concurrent-sweep: 0.528/0.534 secs] [Times: user=0.52 sys=0.00, real=0.53 secs] 
2011-08-25T05:51:41.088+0100: 82.564: [CMS-concurrent-reset-start]
2011-08-25T05:51:41.100+0100: 82.576: [CMS-concurrent-reset: 0.012/0.012 secs] [Times: user=0.01 sys=0.00, real=0.01 secs] 
2011-08-25T05:51:43.102+0100: 84.578: [GC [1 CMS-initial-mark: 398299K(776192K)] 1168051K(1965056K), 0.9083810 secs] [Times: user=0.91 sys=0.00, real=0.90 secs] 
2011-08-25T05:51:44.010+0100: 85.487: [CMS-concurrent-mark-start]
2011-08-25T05:51:44.728+0100: 86.204: [CMS-concurrent-mark: 0.718/0.718 secs] [Times: user=2.86 sys=0.01, real=0.72 secs] 
2011-08-25T05:51:44.728+0100: 86.205: [CMS-concurrent-preclean-start]
2011-08-25T05:51:44.731+0100: 86.207: [CMS-concurrent-preclean: 0.003/0.003 secs] [Times: user=0.00 sys=0.00, real=0.01 secs] 
2011-08-25T05:51:44.731+0100: 86.207: [CMS-concurrent-abortable-preclean-start]
 CMS: abort preclean due to time 2011-08-25T05:51:49.758+0100: 91.235: [CMS-concurrent-abortable-preclean: 3.894/5.027 secs] [Times: user=3.90 sys=0.07, real=5.02 secs] 
2011-08-25T05:51:49.759+0100: 91.236: [GC[YG occupancy: 773802 K (1188864 K)]91.236: [Rescan (parallel) , 1.0957980 secs]92.332: [weak refs processing, 0.0000300 secs] [1 CMS-remark: 398299K(776192K)] 1172101K(1965056K), 1.0960160 secs] [Times: user=1.68 sys=1.73, real=1.10 secs] 
2011-08-25T05:51:50.856+0100: 92.332: [CMS-concurrent-sweep-start]
2011-08-25T05:51:51.396+0100: 92.872: [CMS-concurrent-sweep: 0.537/0.540 secs] [Times: user=0.53 sys=0.01, real=0.54 secs] 
2011-08-25T05:51:51.396+0100: 92.873: [CMS-concurrent-reset-start]
2011-08-25T05:51:51.407+0100: 92.883: [CMS-concurrent-reset: 0.010/0.010 secs] [Times: user=0.01 sys=0.00, real=0.01 secs] 
2011-08-25T05:51:51.798+0100: 93.274: [GC [1 CMS-initial-mark: 398298K(776192K)] 1174288K(1965056K), 1.0363200 secs] [Times: user=1.00 sys=0.05, real=1.04 secs] 
2011-08-25T05:51:52.835+0100: 94.312: [CMS-concurrent-mark-start]
2011-08-25T05:51:53.615+0100: 95.091: [CMS-concurrent-mark: 0.775/0.779 secs] [Times: user=3.02 sys=0.04, real=0.78 secs] 
2011-08-25T05:51:53.615+0100: 95.091: [CMS-concurrent-preclean-start]
2011-08-25T05:51:53.617+0100: 95.094: [CMS-concurrent-preclean: 0.003/0.003 secs] [Times: user=0.00 sys=0.00, real=0.00 secs] 
2011-08-25T05:51:53.618+0100: 95.094: [CMS-concurrent-abortable-preclean-start]
 CMS: abort preclean due to time 2011-08-25T05:51:58.787+0100: 100.263: [CMS-concurrent-abortable-preclean: 4.131/5.169 secs] [Times: user=4.16 sys=0.02, real=5.17 secs] 
2011-08-25T05:51:58.788+0100: 100.264: [GC[YG occupancy: 781985 K (1188864 K)]100.264: [Rescan (parallel) , 1.0074600 secs]101.271: [weak refs processing, 0.0000220 secs] [1 CMS-remark: 398298K(776192K)] 1180284K(1965056K), 1.0076130 secs] [Times: user=1.53 sys=1.50, real=1.01 secs] 
2011-08-25T05:51:59.796+0100: 101.272: [CMS-concurrent-sweep-start]
2011-08-25T05:52:00.369+0100: 101.845: [CMS-concurrent-sweep: 0.570/0.573 secs] [Times: user=0.61 sys=0.00, real=0.57 secs] 
2011-08-25T05:52:00.369+0100: 101.845: [CMS-concurrent-reset-start]
2011-08-25T05:52:00.383+0100: 101.859: [CMS-concurrent-reset: 0.014/0.014 secs] [Times: user=0.02 sys=0.00, real=0.01 secs] 
2011-08-25T05:52:00.802+0100: 102.278: [GC [1 CMS-initial-mark: 398298K(776192K)] 1182994K(1965056K), 1.0046610 secs] [Times: user=0.99 sys=0.00, real=1.01 secs] 
2011-08-25T05:52:01.807+0100: 103.283: [CMS-concurrent-mark-start]
2011-08-25T05:52:02.548+0100: 104.025: [CMS-concurrent-mark: 0.737/0.741 secs] [Times: user=2.92 sys=0.01, real=0.74 secs] 
2011-08-25T05:52:02.549+0100: 104.025: [CMS-concurrent-preclean-start]
2011-08-25T05:52:02.552+0100: 104.028: [CMS-concurrent-preclean: 0.003/0.003 secs] [Times: user=0.00 sys=0.00, real=0.00 secs] 
2011-08-25T05:52:02.552+0100: 104.028: [CMS-concurrent-abortable-preclean-start]
 CMS: abort preclean due to time 2011-08-25T05:52:07.633+0100: 109.109: [CMS-concurrent-abortable-preclean: 3.959/5.081 secs] [Times: user=3.95 sys=0.02, real=5.08 secs] 
2011-08-25T05:52:07.634+0100: 109.110: [GC[YG occupancy: 786883 K (1188864 K)]109.110: [Rescan (parallel) , 1.1372960 secs]110.248: [weak refs processing, 0.0000210 secs] [1 CMS-remark: 398298K(776192K)] 1185182K(1965056K), 1.1374930 secs] [Times: user=1.69 sys=1.73, real=1.13 secs] 
2011-08-25T05:52:08.774+0100: 110.250: [CMS-concurrent-sweep-start]
2011-08-25T05:52:09.334+0100: 110.810: [CMS-concurrent-sweep: 0.560/0.560 secs] [Times: user=0.56 sys=0.00, real=0.56 secs] 
2011-08-25T05:52:09.334+0100: 110.810: [CMS-concurrent-reset-start]
2011-08-25T05:52:09.348+0100: 110.824: [CMS-concurrent-reset: 0.013/0.013 secs] [Times: user=0.01 sys=0.00, real=0.01 secs] 
2011-08-25T05:52:11.351+0100: 112.827: [GC [1 CMS-initial-mark: 398297K(776192K)] 1187899K(1965056K), 1.0183180 secs] [Times: user=1.02 sys=0.00, real=1.02 secs] 
2011-08-25T05:52:12.369+0100: 113.846: [CMS-concurrent-mark-start]
2011-08-25T05:52:13.181+0100: 114.657: [CMS-concurrent-mark: 0.809/0.811 secs] [Times: user=3.18 sys=0.05, real=0.81 secs] 
2011-08-25T05:52:13.181+0100: 114.657: [CMS-concurrent-preclean-start]
2011-08-25T05:52:13.184+0100: 114.660: [CMS-concurrent-preclean: 0.003/0.003 secs] [Times: user=0.01 sys=0.00, real=0.00 secs] 
2011-08-25T05:52:13.184+0100: 114.660: [CMS-concurrent-abortable-preclean-start]
 CMS: abort preclean due to time 2011-08-25T05:52:18.548+0100: 120.024: [CMS-concurrent-abortable-preclean: 4.138/5.364 secs] [Times: user=4.15 sys=0.01, real=5.37 secs] 
2011-08-25T05:52:18.549+0100: 120.025: [GC[YG occupancy: 791789 K (1188864 K)]120.025: [Rescan (parallel) , 1.0664210 secs]121.091: [weak refs processing, 0.0000220 secs] [1 CMS-remark: 398297K(776192K)] 1190086K(1965056K), 1.0666470 secs] [Times: user=1.60 sys=1.47, real=1.07 secs] 
2011-08-25T05:52:19.615+0100: 121.092: [CMS-concurrent-sweep-start]
2011-08-25T05:52:20.173+0100: 121.650: [CMS-concurrent-sweep: 0.557/0.558 secs] [Times: user=0.56 sys=0.01, real=0.55 secs] 
2011-08-25T05:52:20.173+0100: 121.650: [CMS-concurrent-reset-start]
2011-08-25T05:52:20.186+0100: 121.662: [CMS-concurrent-reset: 0.012/0.012 secs] [Times: user=0.01 sys=0.00, real=0.02 secs] 
2011-08-25T05:52:21.498+0100: 122.974: [GC [1 CMS-initial-mark: 398297K(776192K)] 1193158K(1965056K), 1.0923540 secs] [Times: user=1.07 sys=0.00, real=1.09 secs] 
2011-08-25T05:52:22.594+0100: 124.070: [CMS-concurrent-mark-start]
2011-08-25T05:52:23.332+0100: 124.808: [CMS-concurrent-mark: 0.738/0.738 secs] [Times: user=2.94 sys=0.00, real=0.74 secs] 
2011-08-25T05:52:23.332+0100: 124.809: [CMS-concurrent-preclean-start]
2011-08-25T05:52:23.335+0100: 124.812: [CMS-concurrent-preclean: 0.003/0.003 secs] [Times: user=0.00 sys=0.00, real=0.01 secs] 
2011-08-25T05:52:23.335+0100: 124.812: [CMS-concurrent-abortable-preclean-start]
 CMS: abort preclean due to time 2011-08-25T05:52:28.754+0100: 130.230: [CMS-concurrent-abortable-preclean: 4.289/5.419 secs] [Times: user=4.27 sys=0.06, real=5.41 secs] 
2011-08-25T05:52:28.755+0100: 130.232: [GC[YG occupancy: 800178 K (1188864 K)]130.232: [Rescan (parallel) , 1.0210590 secs]131.253: [weak refs processing, 0.0000210 secs] [1 CMS-remark: 398297K(776192K)] 1198476K(1965056K), 1.0213230 secs] [Times: user=1.51 sys=1.29, real=1.03 secs] 
2011-08-25T05:52:29.777+0100: 131.253: [CMS-concurrent-sweep-start]
2011-08-25T05:52:30.302+0100: 131.779: [CMS-concurrent-sweep: 0.523/0.525 secs] [Times: user=0.58 sys=0.00, real=0.52 secs] 
2011-08-25T05:52:30.302+0100: 131.779: [CMS-concurrent-reset-start]
2011-08-25T05:52:30.315+0100: 131.791: [CMS-concurrent-reset: 0.012/0.012 secs] [Times: user=0.01 sys=0.00, real=0.01 secs] 
2011-08-25T05:52:30.931+0100: 132.407: [GC [1 CMS-initial-mark: 398297K(776192K)] 1202636K(1965056K), 0.9847920 secs] [Times: user=0.98 sys=0.00, real=0.98 secs] 
2011-08-25T05:52:31.917+0100: 133.393: [CMS-concurrent-mark-start]
2011-08-25T05:52:32.667+0100: 134.143: [CMS-concurrent-mark: 0.744/0.750 secs] [Times: user=2.93 sys=0.01, real=0.75 secs] 
2011-08-25T05:52:32.667+0100: 134.143: [CMS-concurrent-preclean-start]
2011-08-25T05:52:32.670+0100: 134.147: [CMS-concurrent-preclean: 0.003/0.003 secs] [Times: user=0.01 sys=0.00, real=0.00 secs] 
2011-08-25T05:52:32.670+0100: 134.147: [CMS-concurrent-abortable-preclean-start]
 CMS: abort preclean due to time 2011-08-25T05:52:38.173+0100: 139.649: [CMS-concurrent-abortable-preclean: 4.292/5.502 secs] [Times: user=4.33 sys=0.02, real=5.50 secs] 
2011-08-25T05:52:38.178+0100: 139.654: [GC[YG occupancy: 808493 K (1188864 K)]139.654: [Rescan (parallel) , 1.1512010 secs]140.806: [weak refs processing, 0.0000210 secs] [1 CMS-remark: 398297K(776192K)] 1206790K(1965056K), 1.1514070 secs] [Times: user=1.71 sys=1.69, real=1.15 secs] 
2011-08-25T05:52:39.330+0100: 140.806: [CMS-concurrent-sweep-start]
2011-08-25T05:52:39.899+0100: 141.375: [CMS-concurrent-sweep: 0.569/0.569 secs] [Times: user=0.57 sys=0.00, real=0.57 secs] 
2011-08-25T05:52:39.899+0100: 141.375: [CMS-concurrent-reset-start]
2011-08-25T05:52:39.912+0100: 141.388: [CMS-concurrent-reset: 0.013/0.013 secs] [Times: user=0.01 sys=0.00, real=0.01 secs] 
2011-08-25T05:52:41.916+0100: 143.392: [GC [1 CMS-initial-mark: 398296K(776192K)] 1209500K(1965056K), 1.0673410 secs] [Times: user=1.06 sys=0.01, real=1.07 secs] 
2011-08-25T05:52:42.983+0100: 144.460: [CMS-concurrent-mark-start]
2011-08-25T05:52:43.811+0100: 145.287: [CMS-concurrent-mark: 0.806/0.827 secs] [Times: user=3.20 sys=0.02, real=0.83 secs] 
2011-08-25T05:52:43.811+0100: 145.287: [CMS-concurrent-preclean-start]
2011-08-25T05:52:43.814+0100: 145.290: [CMS-concurrent-preclean: 0.003/0.003 secs] [Times: user=0.00 sys=0.00, real=0.00 secs] 
2011-08-25T05:52:43.814+0100: 145.290: [CMS-concurrent-abortable-preclean-start]
 CMS: abort preclean due to time 2011-08-25T05:52:48.879+0100: 150.355: [CMS-concurrent-abortable-preclean: 3.940/5.065 secs] [Times: user=4.07 sys=0.03, real=5.07 secs] 
2011-08-25T05:52:48.881+0100: 150.357: [GC[YG occupancy: 840340 K (1188864 K)]150.358: [Rescan (parallel) , 1.1349310 secs]151.493: [weak refs processing, 0.0000230 secs] [1 CMS-remark: 398296K(776192K)] 1238637K(1965056K), 1.1351640 secs] [Times: user=1.73 sys=1.66, real=1.13 secs] 
2011-08-25T05:52:50.017+0100: 151.493: [CMS-concurrent-sweep-start]
2011-08-25T05:52:50.531+0100: 152.008: [CMS-concurrent-sweep: 0.514/0.515 secs] [Times: user=0.53 sys=0.00, real=0.52 secs] 
2011-08-25T05:52:50.531+0100: 152.008: [CMS-concurrent-reset-start]
2011-08-25T05:52:50.544+0100: 152.020: [CMS-concurrent-reset: 0.012/0.012 secs] [Times: user=0.01 sys=0.00, real=0.01 secs] 
2011-08-25T05:52:52.546+0100: 154.022: [GC [1 CMS-initial-mark: 398296K(776192K)] 1241878K(1965056K), 1.1450210 secs] [Times: user=1.14 sys=0.00, real=1.15 secs] 
2011-08-25T05:52:53.694+0100: 155.170: [CMS-concurrent-mark-start]
2011-08-25T05:52:54.443+0100: 155.919: [CMS-concurrent-mark: 0.747/0.749 secs] [Times: user=2.94 sys=0.01, real=0.75 secs] 
2011-08-25T05:52:54.443+0100: 155.919: [CMS-concurrent-preclean-start]
2011-08-25T05:52:54.446+0100: 155.922: [CMS-concurrent-preclean: 0.003/0.003 secs] [Times: user=0.00 sys=0.00, real=0.00 secs] 
2011-08-25T05:52:54.446+0100: 155.922: [CMS-concurrent-abortable-preclean-start]
 CMS: abort preclean due to time 2011-08-25T05:52:59.563+0100: 161.040: [CMS-concurrent-abortable-preclean: 4.096/5.117 secs] [Times: user=4.06 sys=0.06, real=5.12 secs] 
2011-08-25T05:52:59.564+0100: 161.040: [GC[YG occupancy: 850801 K (1188864 K)]161.041: [Rescan (parallel) , 1.0762840 secs]162.117: [weak refs processing, 0.0000240 secs] [1 CMS-remark: 398296K(776192K)] 1249098K(1965056K), 1.0764830 secs] [Times: user=1.64 sys=1.58, real=1.08 secs] 
2011-08-25T05:53:00.641+0100: 162.117: [CMS-concurrent-sweep-start]
2011-08-25T05:53:01.199+0100: 162.675: [CMS-concurrent-sweep: 0.543/0.558 secs] [Times: user=0.56 sys=0.01, real=0.55 secs] 
2011-08-25T05:53:01.199+0100: 162.675: [CMS-concurrent-reset-start]
2011-08-25T05:53:01.211+0100: 162.687: [CMS-concurrent-reset: 0.012/0.012 secs] [Times: user=0.01 sys=0.00, real=0.02 secs] 
2011-08-25T05:53:01.796+0100: 163.273: [GC [1 CMS-initial-mark: 398296K(776192K)] 1253796K(1965056K), 1.1299300 secs] [Times: user=1.12 sys=0.00, real=1.13 secs] 
2011-08-25T05:53:02.927+0100: 164.403: [CMS-concurrent-mark-start]
2011-08-25T05:53:03.672+0100: 165.148: [CMS-concurrent-mark: 0.739/0.745 secs] [Times: user=2.92 sys=0.01, real=0.75 secs] 
2011-08-25T05:53:03.672+0100: 165.148: [CMS-concurrent-preclean-start]
2011-08-25T05:53:03.675+0100: 165.152: [CMS-concurrent-preclean: 0.003/0.003 secs] [Times: user=0.01 sys=0.00, real=0.00 secs] 
2011-08-25T05:53:03.675+0100: 165.152: [CMS-concurrent-abortable-preclean-start]
 CMS: abort preclean due to time 2011-08-25T05:53:08.912+0100: 170.388: [CMS-concurrent-abortable-preclean: 4.115/5.237 secs] [Times: user=4.10 sys=0.04, real=5.24 secs] 
2011-08-25T05:53:08.913+0100: 170.389: [GC[YG occupancy: 859145 K (1188864 K)]170.389: [Rescan (parallel) , 1.3377550 secs]171.727: [weak refs processing, 0.0000170 secs] [1 CMS-remark: 398296K(776192K)] 1257442K(1965056K), 1.3379350 secs] [Times: user=1.78 sys=2.20, real=1.34 secs] 
2011-08-25T05:53:10.253+0100: 171.729: [CMS-concurrent-sweep-start]
2011-08-25T05:53:10.798+0100: 172.274: [CMS-concurrent-sweep: 0.546/0.546 secs] [Times: user=0.55 sys=0.00, real=0.54 secs] 
2011-08-25T05:53:10.798+0100: 172.275: [CMS-concurrent-reset-start]
2011-08-25T05:53:10.812+0100: 172.289: [CMS-concurrent-reset: 0.014/0.014 secs] [Times: user=0.01 sys=0.00, real=0.02 secs] 
2011-08-25T05:53:12.815+0100: 174.291: [GC [1 CMS-initial-mark: 398296K(776192K)] 1260143K(1965056K), 1.2199700 secs] [Times: user=1.15 sys=0.07, real=1.22 secs] 
2011-08-25T05:53:14.036+0100: 175.512: [CMS-concurrent-mark-start]
2011-08-25T05:53:14.832+0100: 176.308: [CMS-concurrent-mark: 0.796/0.796 secs] [Times: user=3.14 sys=0.05, real=0.80 secs] 
2011-08-25T05:53:14.832+0100: 176.308: [CMS-concurrent-preclean-start]
2011-08-25T05:53:14.835+0100: 176.311: [CMS-concurrent-preclean: 0.003/0.003 secs] [Times: user=0.00 sys=0.00, real=0.00 secs] 
2011-08-25T05:53:14.835+0100: 176.311: [CMS-concurrent-abortable-preclean-start]
 CMS: abort preclean due to time 2011-08-25T05:53:20.005+0100: 181.481: [CMS-concurrent-abortable-preclean: 3.944/5.170 secs] [Times: user=3.96 sys=0.01, real=5.17 secs] 
2011-08-25T05:53:20.005+0100: 181.482: [GC[YG occupancy: 863305 K (1188864 K)]181.482: [Rescan (parallel) , 1.1704100 secs]182.652: [weak refs processing, 0.0000190 secs] [1 CMS-remark: 398296K(776192K)] 1261602K(1965056K), 1.1705620 secs] [Times: user=1.73 sys=1.65, real=1.17 secs] 
2011-08-25T05:53:21.178+0100: 182.654: [CMS-concurrent-sweep-start]
2011-08-25T05:53:21.701+0100: 183.177: [CMS-concurrent-sweep: 0.522/0.523 secs] [Times: user=0.53 sys=0.01, real=0.52 secs] 
2011-08-25T05:53:21.701+0100: 183.177: [CMS-concurrent-reset-start]
2011-08-25T05:53:21.714+0100: 183.191: [CMS-concurrent-reset: 0.013/0.013 secs] [Times: user=0.01 sys=0.00, real=0.02 secs] 
2011-08-25T05:53:23.717+0100: 185.193: [GC [1 CMS-initial-mark: 398296K(776192K)] 1264843K(1965056K), 1.0236810 secs] [Times: user=1.03 sys=0.00, real=1.02 secs] 
2011-08-25T05:53:24.741+0100: 186.218: [CMS-concurrent-mark-start]
2011-08-25T05:53:25.531+0100: 187.007: [CMS-concurrent-mark: 0.786/0.790 secs] [Times: user=3.08 sys=0.05, real=0.79 secs] 
2011-08-25T05:53:25.531+0100: 187.007: [CMS-concurrent-preclean-start]
2011-08-25T05:53:25.534+0100: 187.010: [CMS-concurrent-preclean: 0.003/0.003 secs] [Times: user=0.01 sys=0.00, real=0.01 secs] 
2011-08-25T05:53:25.534+0100: 187.010: [CMS-concurrent-abortable-preclean-start]
 CMS: abort preclean due to time 2011-08-25T05:53:30.893+0100: 192.370: [CMS-concurrent-abortable-preclean: 4.229/5.359 secs] [Times: user=4.20 sys=0.05, real=5.36 secs] 
2011-08-25T05:53:30.894+0100: 192.370: [GC[YG occupancy: 873865 K (1188864 K)]192.370: [Rescan (parallel) , 1.1459180 secs]193.516: [weak refs processing, 0.0000180 secs] [1 CMS-remark: 398296K(776192K)] 1272161K(1965056K), 1.1460720 secs] [Times: user=1.65 sys=1.62, real=1.14 secs] 
2011-08-25T05:53:32.052+0100: 193.528: [CMS-concurrent-sweep-start]
2011-08-25T05:53:32.566+0100: 194.042: [CMS-concurrent-sweep: 0.513/0.514 secs] [Times: user=0.51 sys=0.01, real=0.52 secs] 
2011-08-25T05:53:32.566+0100: 194.042: [CMS-concurrent-reset-start]
2011-08-25T05:53:32.579+0100: 194.055: [CMS-concurrent-reset: 0.013/0.013 secs] [Times: user=0.02 sys=0.00, real=0.01 secs] 
2011-08-25T05:53:33.058+0100: 194.534: [GC [1 CMS-initial-mark: 398296K(776192K)] 1275805K(1965056K), 1.1218710 secs] [Times: user=1.10 sys=0.00, real=1.12 secs] 
2011-08-25T05:53:34.180+0100: 195.657: [CMS-concurrent-mark-start]
2011-08-25T05:53:34.952+0100: 196.428: [CMS-concurrent-mark: 0.758/0.771 secs] [Times: user=2.99 sys=0.01, real=0.77 secs] 
2011-08-25T05:53:34.952+0100: 196.428: [CMS-concurrent-preclean-start]
2011-08-25T05:53:34.955+0100: 196.431: [CMS-concurrent-preclean: 0.003/0.003 secs] [Times: user=0.00 sys=0.00, real=0.01 secs] 
2011-08-25T05:53:34.955+0100: 196.431: [CMS-concurrent-abortable-preclean-start]
 CMS: abort preclean due to time 2011-08-25T05:53:40.088+0100: 201.564: [CMS-concurrent-abortable-preclean: 4.013/5.133 secs] [Times: user=4.03 sys=0.05, real=5.13 secs] 
2011-08-25T05:53:40.092+0100: 201.568: [GC[YG occupancy: 881694 K (1188864 K)]201.568: [Rescan (parallel) , 1.4801670 secs]203.048: [weak refs processing, 0.0000200 secs] [1 CMS-remark: 398296K(776192K)] 1279990K(1965056K), 1.4803650 secs] [Times: user=1.84 sys=2.16, real=1.48 secs] 
2011-08-25T05:53:41.579+0100: 203.055: [CMS-concurrent-sweep-start]
2011-08-25T05:53:42.116+0100: 203.592: [CMS-concurrent-sweep: 0.535/0.536 secs] [Times: user=0.54 sys=0.01, real=0.54 secs] 
2011-08-25T05:53:42.116+0100: 203.592: [CMS-concurrent-reset-start]
2011-08-25T05:53:42.132+0100: 203.609: [CMS-concurrent-reset: 0.017/0.017 secs] [Times: user=0.02 sys=0.00, real=0.01 secs] 
2011-08-25T05:53:44.134+0100: 205.611: [GC [1 CMS-initial-mark: 398295K(776192K)] 1281448K(1965056K), 1.1568300 secs] [Times: user=1.15 sys=0.00, real=1.16 secs] 
2011-08-25T05:53:45.292+0100: 206.768: [CMS-concurrent-mark-start]
2011-08-25T05:53:46.108+0100: 207.584: [CMS-concurrent-mark: 0.813/0.816 secs] [Times: user=3.15 sys=0.05, real=0.82 secs] 
2011-08-25T05:53:46.108+0100: 207.584: [CMS-concurrent-preclean-start]
2011-08-25T05:53:46.112+0100: 207.588: [CMS-concurrent-preclean: 0.004/0.004 secs] [Times: user=0.01 sys=0.00, real=0.00 secs] 
2011-08-25T05:53:46.112+0100: 207.589: [CMS-concurrent-abortable-preclean-start]
 CMS: abort preclean due to time 2011-08-25T05:53:51.294+0100: 212.770: [CMS-concurrent-abortable-preclean: 4.120/5.181 secs] [Times: user=4.25 sys=0.02, real=5.18 secs] 
2011-08-25T05:53:51.295+0100: 212.771: [GC[YG occupancy: 910860 K (1188864 K)]212.771: [Rescan (parallel) , 1.2678500 secs]214.039: [weak refs processing, 0.0000250 secs] [1 CMS-remark: 398295K(776192K)] 1309156K(1965056K), 1.2680710 secs] [Times: user=1.88 sys=1.89, real=1.27 secs] 
2011-08-25T05:53:52.567+0100: 214.043: [CMS-concurrent-sweep-start]
2011-08-25T05:53:53.075+0100: 214.551: [CMS-concurrent-sweep: 0.509/0.509 secs] [Times: user=0.53 sys=0.00, real=0.51 secs] 
2011-08-25T05:53:53.075+0100: 214.552: [CMS-concurrent-reset-start]
2011-08-25T05:53:53.088+0100: 214.564: [CMS-concurrent-reset: 0.013/0.013 secs] [Times: user=0.02 sys=0.00, real=0.01 secs] 
2011-08-25T05:53:53.568+0100: 215.044: [GC [1 CMS-initial-mark: 398295K(776192K)] 1313587K(1965056K), 1.2414560 secs] [Times: user=1.23 sys=0.00, real=1.24 secs] 
2011-08-25T05:53:54.811+0100: 216.287: [CMS-concurrent-mark-start]
2011-08-25T05:53:55.582+0100: 217.058: [CMS-concurrent-mark: 0.769/0.771 secs] [Times: user=3.03 sys=0.04, real=0.77 secs] 
2011-08-25T05:53:55.582+0100: 217.058: [CMS-concurrent-preclean-start]
2011-08-25T05:53:55.585+0100: 217.061: [CMS-concurrent-preclean: 0.003/0.003 secs] [Times: user=0.01 sys=0.00, real=0.00 secs] 
2011-08-25T05:53:55.585+0100: 217.061: [CMS-concurrent-abortable-preclean-start]
 CMS: abort preclean due to time 2011-08-25T05:54:00.869+0100: 222.345: [CMS-concurrent-abortable-preclean: 4.162/5.284 secs] [Times: user=4.13 sys=0.04, real=5.29 secs] 
2011-08-25T05:54:00.872+0100: 222.348: [GC[YG occupancy: 919084 K (1188864 K)]222.348: [Rescan (parallel) , 1.3346260 secs]223.683: [weak refs processing, 0.0000210 secs] [1 CMS-remark: 398295K(776192K)] 1317380K(1965056K), 1.3348520 secs] [Times: user=1.99 sys=2.07, real=1.34 secs] 
2011-08-25T05:54:02.212+0100: 223.688: [CMS-concurrent-sweep-start]
2011-08-25T05:54:02.732+0100: 224.208: [CMS-concurrent-sweep: 0.520/0.520 secs] [Times: user=0.54 sys=0.00, real=0.52 secs] 
2011-08-25T05:54:02.732+0100: 224.208: [CMS-concurrent-reset-start]
2011-08-25T05:54:02.744+0100: 224.221: [CMS-concurrent-reset: 0.012/0.012 secs] [Times: user=0.02 sys=0.00, real=0.01 secs] 
2011-08-25T05:54:04.375+0100: 225.852: [GC [1 CMS-initial-mark: 398295K(776192K)] 1320983K(1965056K), 1.1852670 secs] [Times: user=1.17 sys=0.01, real=1.19 secs] 
2011-08-25T05:54:05.562+0100: 227.038: [CMS-concurrent-mark-start]
2011-08-25T05:54:06.315+0100: 227.791: [CMS-concurrent-mark: 0.747/0.753 secs] [Times: user=2.93 sys=0.01, real=0.75 secs] 
2011-08-25T05:54:06.315+0100: 227.792: [CMS-concurrent-preclean-start]
2011-08-25T05:54:06.319+0100: 227.795: [CMS-concurrent-preclean: 0.003/0.003 secs] [Times: user=0.00 sys=0.00, real=0.01 secs] 
2011-08-25T05:54:06.319+0100: 227.795: [CMS-concurrent-abortable-preclean-start]
 CMS: abort preclean due to time 2011-08-25T05:54:11.632+0100: 233.108: [CMS-concurrent-abortable-preclean: 4.230/5.313 secs] [Times: user=4.17 sys=0.11, real=5.31 secs] 
2011-08-25T05:54:11.633+0100: 233.109: [GC[YG occupancy: 929778 K (1188864 K)]233.109: [Rescan (parallel) , 1.3194070 secs]234.428: [weak refs processing, 0.0000180 secs] [1 CMS-remark: 398295K(776192K)] 1328074K(1965056K), 1.3195560 secs] [Times: user=1.87 sys=1.97, real=1.32 secs] 
2011-08-25T05:54:12.953+0100: 234.429: [CMS-concurrent-sweep-start]
2011-08-25T05:54:13.495+0100: 234.971: [CMS-concurrent-sweep: 0.542/0.542 secs] [Times: user=0.53 sys=0.03, real=0.54 secs] 
2011-08-25T05:54:13.495+0100: 234.971: [CMS-concurrent-reset-start]
2011-08-25T05:54:13.504+0100: 234.980: [CMS-concurrent-reset: 0.009/0.009 secs] [Times: user=0.01 sys=0.00, real=0.01 secs] 
2011-08-25T05:54:15.507+0100: 236.983: [GC [1 CMS-initial-mark: 398295K(776192K)] 1330261K(1965056K), 1.1619010 secs] [Times: user=1.08 sys=0.07, real=1.17 secs] 
2011-08-25T05:54:16.669+0100: 238.145: [CMS-concurrent-mark-start]
2011-08-25T05:54:17.481+0100: 238.957: [CMS-concurrent-mark: 0.809/0.812 secs] [Times: user=3.17 sys=0.07, real=0.81 secs] 
2011-08-25T05:54:17.481+0100: 238.957: [CMS-concurrent-preclean-start]
2011-08-25T05:54:17.484+0100: 238.960: [CMS-concurrent-preclean: 0.003/0.003 secs] [Times: user=0.01 sys=0.00, real=0.00 secs] 
2011-08-25T05:54:17.484+0100: 238.960: [CMS-concurrent-abortable-preclean-start]
 CMS: abort preclean due to time 2011-08-25T05:54:22.715+0100: 244.191: [CMS-concurrent-abortable-preclean: 3.994/5.231 secs] [Times: user=3.95 sys=0.02, real=5.23 secs] 
2011-08-25T05:54:22.716+0100: 244.192: [GC[YG occupancy: 936871 K (1188864 K)]244.192: [Rescan (parallel) , 1.3316900 secs]245.524: [weak refs processing, 0.0000430 secs] [1 CMS-remark: 398295K(776192K)] 1335167K(1965056K), 1.3319160 secs] [Times: user=1.95 sys=1.78, real=1.33 secs] 
2011-08-25T05:54:24.059+0100: 245.535: [CMS-concurrent-sweep-start]
2011-08-25T05:54:24.630+0100: 246.106: [CMS-concurrent-sweep: 0.571/0.571 secs] [Times: user=0.57 sys=0.00, real=0.58 secs] 
2011-08-25T05:54:24.630+0100: 246.107: [CMS-concurrent-reset-start]
2011-08-25T05:54:24.647+0100: 246.123: [CMS-concurrent-reset: 0.017/0.017 secs] [Times: user=0.01 sys=0.00, real=0.01 secs] 
2011-08-25T05:54:25.051+0100: 246.528: [GC [1 CMS-initial-mark: 398293K(776192K)] 1337351K(1965056K), 1.3346320 secs] [Times: user=1.25 sys=0.00, real=1.33 secs] 
2011-08-25T05:54:26.386+0100: 247.863: [CMS-concurrent-mark-start]
2011-08-25T05:54:27.109+0100: 248.585: [CMS-concurrent-mark: 0.720/0.722 secs] [Times: user=2.88 sys=0.01, real=0.72 secs] 
2011-08-25T05:54:27.109+0100: 248.585: [CMS-concurrent-preclean-start]
2011-08-25T05:54:27.112+0100: 248.588: [CMS-concurrent-preclean: 0.003/0.003 secs] [Times: user=0.01 sys=0.00, real=0.01 secs] 
2011-08-25T05:54:27.112+0100: 248.588: [CMS-concurrent-abortable-preclean-start]
 CMS: abort preclean due to time 2011-08-25T05:54:32.291+0100: 253.767: [CMS-concurrent-abortable-preclean: 4.049/5.179 secs] [Times: user=4.05 sys=0.00, real=5.18 secs] 
2011-08-25T05:54:32.292+0100: 253.768: [GC[YG occupancy: 945802 K (1188864 K)]253.768: [Rescan (parallel) , 1.1446520 secs]254.913: [weak refs processing, 0.0000220 secs] [1 CMS-remark: 398293K(776192K)] 1344095K(1965056K), 1.1448590 secs] [Times: user=1.68 sys=1.39, real=1.14 secs] 
2011-08-25T05:54:33.437+0100: 254.913: [CMS-concurrent-sweep-start]
2011-08-25T05:54:33.967+0100: 255.443: [CMS-concurrent-sweep: 0.530/0.530 secs] [Times: user=0.53 sys=0.00, real=0.53 secs] 
2011-08-25T05:54:33.967+0100: 255.444: [CMS-concurrent-reset-start]
2011-08-25T05:54:33.982+0100: 255.459: [CMS-concurrent-reset: 0.015/0.015 secs] [Times: user=0.02 sys=0.00, real=0.02 secs] 
2011-08-25T05:54:34.976+0100: 256.453: [GC [1 CMS-initial-mark: 398293K(776192K)] 1346282K(1965056K), 1.2897860 secs] [Times: user=1.28 sys=0.00, real=1.29 secs] 
2011-08-25T05:54:36.267+0100: 257.743: [CMS-concurrent-mark-start]
2011-08-25T05:54:37.007+0100: 258.483: [CMS-concurrent-mark: 0.731/0.740 secs] [Times: user=2.89 sys=0.01, real=0.74 secs] 
2011-08-25T05:54:37.007+0100: 258.483: [CMS-concurrent-preclean-start]
2011-08-25T05:54:37.010+0100: 258.487: [CMS-concurrent-preclean: 0.003/0.003 secs] [Times: user=0.01 sys=0.00, real=0.01 secs] 
2011-08-25T05:54:37.011+0100: 258.487: [CMS-concurrent-abortable-preclean-start]
 CMS: abort preclean due to time 2011-08-25T05:54:42.388+0100: 263.864: [CMS-concurrent-abortable-preclean: 4.174/5.377 secs] [Times: user=4.23 sys=0.02, real=5.37 secs] 
2011-08-25T05:54:42.389+0100: 263.865: [GC[YG occupancy: 955065 K (1188864 K)]263.865: [Rescan (parallel) , 1.3104060 secs]265.176: [weak refs processing, 0.0000190 secs] [1 CMS-remark: 398293K(776192K)] 1353359K(1965056K), 1.3106740 secs] [Times: user=1.91 sys=2.08, real=1.31 secs] 
2011-08-25T05:54:43.703+0100: 265.180: [CMS-concurrent-sweep-start]
2011-08-25T05:54:44.425+0100: 265.901: [CMS-concurrent-sweep: 0.717/0.721 secs] [Times: user=0.72 sys=0.01, real=0.72 secs] 
2011-08-25T05:54:44.425+0100: 265.901: [CMS-concurrent-reset-start]
2011-08-25T05:54:44.441+0100: 265.917: [CMS-concurrent-reset: 0.016/0.016 secs] [Times: user=0.02 sys=0.00, real=0.01 secs] 
2011-08-25T05:54:46.443+0100: 267.919: [GC [1 CMS-initial-mark: 398293K(776192K)] 1357790K(1965056K), 1.1882230 secs] [Times: user=1.16 sys=0.02, real=1.19 secs] 
2011-08-25T05:54:47.631+0100: 269.108: [CMS-concurrent-mark-start]
2011-08-25T05:54:48.433+0100: 269.909: [CMS-concurrent-mark: 0.800/0.802 secs] [Times: user=3.15 sys=0.06, real=0.80 secs] 
2011-08-25T05:54:48.433+0100: 269.910: [CMS-concurrent-preclean-start]
2011-08-25T05:54:48.437+0100: 269.913: [CMS-concurrent-preclean: 0.003/0.004 secs] [Times: user=0.00 sys=0.00, real=0.00 secs] 
2011-08-25T05:54:48.437+0100: 269.913: [CMS-concurrent-abortable-preclean-start]
 CMS: abort preclean due to time 2011-08-25T05:54:53.789+0100: 275.265: [CMS-concurrent-abortable-preclean: 4.130/5.352 secs] [Times: user=4.18 sys=0.02, real=5.35 secs] 
2011-08-25T05:54:53.790+0100: 275.266: [GC[YG occupancy: 965865 K (1188864 K)]275.266: [Rescan (parallel) , 1.2083610 secs]276.474: [weak refs processing, 0.0000210 secs] [1 CMS-remark: 398293K(776192K)] 1364159K(1965056K), 1.2085510 secs] [Times: user=1.83 sys=1.81, real=1.21 secs] 
2011-08-25T05:54:55.013+0100: 276.489: [CMS-concurrent-sweep-start]
2011-08-25T05:54:55.554+0100: 277.030: [CMS-concurrent-sweep: 0.540/0.541 secs] [Times: user=0.56 sys=0.00, real=0.54 secs] 
2011-08-25T05:54:55.554+0100: 277.030: [CMS-concurrent-reset-start]
2011-08-25T05:54:55.568+0100: 277.044: [CMS-concurrent-reset: 0.014/0.014 secs] [Times: user=0.01 sys=0.00, real=0.01 secs] 
2011-08-25T05:54:57.571+0100: 279.047: [GC [1 CMS-initial-mark: 398293K(776192K)] 1369643K(1965056K), 1.1666080 secs] [Times: user=1.16 sys=0.00, real=1.17 secs] 
2011-08-25T05:54:58.738+0100: 280.214: [CMS-concurrent-mark-start]
2011-08-25T05:54:59.469+0100: 280.945: [CMS-concurrent-mark: 0.730/0.732 secs] [Times: user=2.88 sys=0.01, real=0.73 secs] 
2011-08-25T05:54:59.469+0100: 280.946: [CMS-concurrent-preclean-start]
2011-08-25T05:54:59.472+0100: 280.949: [CMS-concurrent-preclean: 0.003/0.003 secs] [Times: user=0.01 sys=0.00, real=0.00 secs] 
2011-08-25T05:54:59.473+0100: 280.949: [CMS-concurrent-abortable-preclean-start]
 CMS: abort preclean due to time 2011-08-25T05:55:04.615+0100: 286.091: [CMS-concurrent-abortable-preclean: 4.112/5.142 secs] [Times: user=4.17 sys=0.01, real=5.15 secs] 
2011-08-25T05:55:04.617+0100: 286.093: [GC[YG occupancy: 1022169 K (1188864 K)]286.094: [Rescan (parallel) , 1.2123770 secs]287.306: [weak refs processing, 0.0000220 secs] [1 CMS-remark: 398293K(776192K)] 1420463K(1965056K), 1.2126300 secs] [Times: user=1.80 sys=1.73, real=1.21 secs] 
2011-08-25T05:55:05.833+0100: 287.309: [CMS-concurrent-sweep-start]
2011-08-25T05:55:06.372+0100: 287.849: [CMS-concurrent-sweep: 0.540/0.540 secs] [Times: user=0.55 sys=0.01, real=0.54 secs] 
2011-08-25T05:55:06.373+0100: 287.849: [CMS-concurrent-reset-start]
2011-08-25T05:55:06.387+0100: 287.864: [CMS-concurrent-reset: 0.015/0.015 secs] [Times: user=0.01 sys=0.00, real=0.02 secs] 
2011-08-25T05:55:07.683+0100: 289.159: [GC [1 CMS-initial-mark: 398293K(776192K)] 1422650K(1965056K), 1.1542290 secs] [Times: user=1.14 sys=0.01, real=1.16 secs] 
2011-08-25T05:55:08.837+0100: 290.314: [CMS-concurrent-mark-start]
2011-08-25T05:55:09.697+0100: 291.173: [CMS-concurrent-mark: 0.851/0.860 secs] [Times: user=3.32 sys=0.05, real=0.86 secs] 
2011-08-25T05:55:09.697+0100: 291.174: [CMS-concurrent-preclean-start]
2011-08-25T05:55:09.701+0100: 291.177: [CMS-concurrent-preclean: 0.003/0.003 secs] [Times: user=0.01 sys=0.00, real=0.00 secs] 
2011-08-25T05:55:09.701+0100: 291.177: [CMS-concurrent-abortable-preclean-start]
 CMS: abort preclean due to time 2011-08-25T05:55:14.865+0100: 296.341: [CMS-concurrent-abortable-preclean: 4.182/5.164 secs] [Times: user=4.24 sys=0.05, real=5.17 secs] 
2011-08-25T05:55:14.867+0100: 296.343: [GC[YG occupancy: 1034414 K (1188864 K)]296.343: [Rescan (parallel) , 1.2264840 secs]297.570: [weak refs processing, 0.0000190 secs] [1 CMS-remark: 398293K(776192K)] 1432708K(1965056K), 1.2266580 secs] [Times: user=1.83 sys=1.84, real=1.22 secs] 
2011-08-25T05:55:16.094+0100: 297.570: [CMS-concurrent-sweep-start]
2011-08-25T05:55:16.632+0100: 298.108: [CMS-concurrent-sweep: 0.532/0.538 secs] [Times: user=0.54 sys=0.01, real=0.54 secs] 
2011-08-25T05:55:16.632+0100: 298.109: [CMS-concurrent-reset-start]
2011-08-25T05:55:16.641+0100: 298.118: [CMS-concurrent-reset: 0.009/0.009 secs] [Times: user=0.01 sys=0.00, real=0.01 secs] 
2011-08-25T05:55:18.645+0100: 300.121: [GC [1 CMS-initial-mark: 398293K(776192K)] 1434894K(1965056K), 1.3154690 secs] [Times: user=1.18 sys=0.11, real=1.31 secs] 
2011-08-25T05:55:19.961+0100: 301.438: [CMS-concurrent-mark-start]
2011-08-25T05:55:20.791+0100: 302.267: [CMS-concurrent-mark: 0.822/0.830 secs] [Times: user=3.17 sys=0.05, real=0.83 secs] 
2011-08-25T05:55:20.791+0100: 302.267: [CMS-concurrent-preclean-start]
2011-08-25T05:55:20.795+0100: 302.271: [CMS-concurrent-preclean: 0.003/0.003 secs] [Times: user=0.01 sys=0.00, real=0.01 secs] 
2011-08-25T05:55:20.795+0100: 302.271: [CMS-concurrent-abortable-preclean-start]
 CMS: abort preclean due to time 2011-08-25T05:55:25.942+0100: 307.418: [CMS-concurrent-abortable-preclean: 4.118/5.147 secs] [Times: user=4.15 sys=0.01, real=5.14 secs] 
2011-08-25T05:55:25.942+0100: 307.418: [GC[YG occupancy: 1043123 K (1188864 K)]307.419: [Rescan (parallel) , 1.2828770 secs]308.701: [weak refs processing, 0.0000190 secs] [1 CMS-remark: 398293K(776192K)] 1441416K(1965056K), 1.2830540 secs] [Times: user=1.93 sys=1.98, real=1.28 secs] 
2011-08-25T05:55:27.226+0100: 308.702: [CMS-concurrent-sweep-start]
2011-08-25T05:55:27.754+0100: 309.230: [CMS-concurrent-sweep: 0.528/0.528 secs] [Times: user=0.56 sys=0.00, real=0.52 secs] 
2011-08-25T05:55:27.754+0100: 309.230: [CMS-concurrent-reset-start]
2011-08-25T05:55:27.768+0100: 309.245: [CMS-concurrent-reset: 0.014/0.014 secs] [Times: user=0.01 sys=0.00, real=0.02 secs] 
2011-08-25T05:55:29.772+0100: 311.248: [GC [1 CMS-initial-mark: 398293K(776192K)] 1443603K(1965056K), 1.1453960 secs] [Times: user=1.15 sys=0.00, real=1.15 secs] 
2011-08-25T05:55:30.918+0100: 312.395: [CMS-concurrent-mark-start]
2011-08-25T05:55:31.659+0100: 313.135: [CMS-concurrent-mark: 0.739/0.741 secs] [Times: user=2.91 sys=0.02, real=0.74 secs] 
2011-08-25T05:55:31.659+0100: 313.136: [CMS-concurrent-preclean-start]
2011-08-25T05:55:31.662+0100: 313.139: [CMS-concurrent-preclean: 0.003/0.003 secs] [Times: user=0.00 sys=0.00, real=0.00 secs] 
2011-08-25T05:55:31.663+0100: 313.139: [CMS-concurrent-abortable-preclean-start]
 CMS: abort preclean due to time 2011-08-25T05:55:36.767+0100: 318.243: [CMS-concurrent-abortable-preclean: 3.976/5.104 secs] [Times: user=3.98 sys=0.01, real=5.10 secs] 
2011-08-25T05:55:36.767+0100: 318.244: [GC[YG occupancy: 1050724 K (1188864 K)]318.244: [Rescan (parallel) , 1.3961620 secs]319.640: [weak refs processing, 0.0000220 secs] [1 CMS-remark: 398293K(776192K)] 1449017K(1965056K), 1.3964220 secs] [Times: user=1.99 sys=1.96, real=1.39 secs] 
2011-08-25T05:55:38.165+0100: 319.642: [CMS-concurrent-sweep-start]
2011-08-25T05:55:38.758+0100: 320.234: [CMS-concurrent-sweep: 0.591/0.592 secs] [Times: user=0.61 sys=0.00, real=0.60 secs] 
2011-08-25T05:55:38.758+0100: 320.234: [CMS-concurrent-reset-start]
2011-08-25T05:55:38.776+0100: 320.253: [CMS-concurrent-reset: 0.018/0.018 secs] [Times: user=0.02 sys=0.00, real=0.01 secs] 
2011-08-25T05:55:38.777+0100: 320.253: [GC [1 CMS-initial-mark: 398291K(776192K)] 1455228K(1965056K), 1.3433820 secs] [Times: user=1.30 sys=0.01, real=1.34 secs] 
2011-08-25T05:55:40.124+0100: 321.601: [CMS-concurrent-mark-start]
2011-08-25T05:55:40.920+0100: 322.396: [CMS-concurrent-mark: 0.788/0.795 secs] [Times: user=3.04 sys=0.04, real=0.80 secs] 
2011-08-25T05:55:40.920+0100: 322.396: [CMS-concurrent-preclean-start]
2011-08-25T05:55:40.924+0100: 322.401: [CMS-concurrent-preclean: 0.004/0.005 secs] [Times: user=0.01 sys=0.00, real=0.00 secs] 
2011-08-25T05:55:40.925+0100: 322.401: [CMS-concurrent-abortable-preclean-start]
 CMS: abort preclean due to time 2011-08-25T05:55:45.953+0100: 327.429: [CMS-concurrent-abortable-preclean: 3.897/5.028 secs] [Times: user=3.98 sys=0.01, real=5.03 secs] 
2011-08-25T05:55:45.954+0100: 327.430: [GC[YG occupancy: 1072640 K (1188864 K)]327.430: [Rescan (parallel) , 1.4253560 secs]328.856: [weak refs processing, 0.0000200 secs] [1 CMS-remark: 398291K(776192K)] 1470932K(1965056K), 1.4255580 secs] [Times: user=1.97 sys=2.14, real=1.43 secs] 
2011-08-25T05:55:47.380+0100: 328.856: [CMS-concurrent-sweep-start]
2011-08-25T05:55:47.911+0100: 329.388: [CMS-concurrent-sweep: 0.527/0.532 secs] [Times: user=0.66 sys=0.00, real=0.53 secs] 
2011-08-25T05:55:47.912+0100: 329.388: [CMS-concurrent-reset-start]
2011-08-25T05:55:47.925+0100: 329.402: [CMS-concurrent-reset: 0.014/0.014 secs] [Times: user=0.01 sys=0.00, real=0.01 secs] 
2011-08-25T05:55:49.784+0100: 331.260: [GC [1 CMS-initial-mark: 398291K(776192K)] 1493249K(1965056K), 1.2384610 secs] [Times: user=1.23 sys=0.00, real=1.24 secs] 
2011-08-25T05:55:51.023+0100: 332.499: [CMS-concurrent-mark-start]
2011-08-25T05:55:51.801+0100: 333.277: [CMS-concurrent-mark: 0.772/0.778 secs] [Times: user=2.99 sys=0.03, real=0.78 secs] 
2011-08-25T05:55:51.801+0100: 333.277: [CMS-concurrent-preclean-start]
2011-08-25T05:55:51.804+0100: 333.280: [CMS-concurrent-preclean: 0.003/0.003 secs] [Times: user=0.01 sys=0.00, real=0.00 secs] 
2011-08-25T05:55:51.804+0100: 333.280: [CMS-concurrent-abortable-preclean-start]
 CMS: abort preclean due to time 2011-08-25T05:55:57.227+0100: 338.703: [CMS-concurrent-abortable-preclean: 4.383/5.422 secs] [Times: user=4.34 sys=0.04, real=5.42 secs] 
2011-08-25T05:55:57.228+0100: 338.704: [GC[YG occupancy: 1099846 K (1188864 K)]338.704: [Rescan (parallel) , 1.6776740 secs]340.382: [weak refs processing, 0.0000220 secs] [1 CMS-remark: 398291K(776192K)] 1498138K(1965056K), 1.6778740 secs] [Times: user=2.14 sys=2.32, real=1.68 secs] 
2011-08-25T05:55:58.908+0100: 340.384: [CMS-concurrent-sweep-start]
2011-08-25T05:55:59.549+0100: 341.025: [CMS-concurrent-sweep: 0.640/0.641 secs] [Times: user=0.66 sys=0.00, real=0.64 secs] 
2011-08-25T05:55:59.549+0100: 341.025: [CMS-concurrent-reset-start]
2011-08-25T05:55:59.569+0100: 341.045: [CMS-concurrent-reset: 0.019/0.019 secs] [Times: user=0.02 sys=0.00, real=0.01 secs] 
2011-08-25T05:56:00.110+0100: 341.586: [GC [1 CMS-initial-mark: 398291K(776192K)] 1504352K(1965056K), 1.3288110 secs] [Times: user=1.30 sys=0.01, real=1.32 secs] 
2011-08-25T05:56:01.439+0100: 342.915: [CMS-concurrent-mark-start]
2011-08-25T05:56:02.255+0100: 343.731: [CMS-concurrent-mark: 0.813/0.816 secs] [Times: user=3.15 sys=0.06, real=0.82 secs] 
2011-08-25T05:56:02.255+0100: 343.731: [CMS-concurrent-preclean-start]
2011-08-25T05:56:02.259+0100: 343.735: [CMS-concurrent-preclean: 0.003/0.004 secs] [Times: user=0.00 sys=0.00, real=0.00 secs] 
2011-08-25T05:56:02.259+0100: 343.735: [CMS-concurrent-abortable-preclean-start]
 CMS: abort preclean due to time 2011-08-25T05:56:07.567+0100: 349.043: [CMS-concurrent-abortable-preclean: 4.288/5.308 secs] [Times: user=4.36 sys=0.01, real=5.31 secs] 
2011-08-25T05:56:07.567+0100: 349.044: [GC[YG occupancy: 1113194 K (1188864 K)]349.044: [Rescan (parallel) , 1.3236290 secs]350.367: [weak refs processing, 0.0000190 secs] [1 CMS-remark: 398291K(776192K)] 1511486K(1965056K), 1.3238340 secs] [Times: user=1.99 sys=2.10, real=1.33 secs] 
2011-08-25T05:56:08.892+0100: 350.368: [CMS-concurrent-sweep-start]
2011-08-25T05:56:09.434+0100: 350.911: [CMS-concurrent-sweep: 0.542/0.543 secs] [Times: user=0.59 sys=0.00, real=0.54 secs] 
2011-08-25T05:56:09.435+0100: 350.911: [CMS-concurrent-reset-start]
2011-08-25T05:56:09.451+0100: 350.928: [CMS-concurrent-reset: 0.017/0.017 secs] [Times: user=0.02 sys=0.00, real=0.02 secs] 
2011-08-25T05:56:11.454+0100: 352.931: [GC [1 CMS-initial-mark: 398291K(776192K)] 1515131K(1965056K), 1.2435310 secs] [Times: user=1.23 sys=0.01, real=1.24 secs] 
2011-08-25T05:56:12.706+0100: 354.182: [CMS-concurrent-mark-start]
2011-08-25T05:56:13.761+0100: 355.237: [CMS-concurrent-mark: 1.054/1.054 secs] [Times: user=2.99 sys=0.02, real=1.06 secs] 
2011-08-25T05:56:13.761+0100: 355.237: [CMS-concurrent-preclean-start]
2011-08-25T05:56:13.764+0100: 355.240: [CMS-concurrent-preclean: 0.003/0.003 secs] [Times: user=0.00 sys=0.00, real=0.00 secs] 
2011-08-25T05:56:13.764+0100: 355.240: [CMS-concurrent-abortable-preclean-start]
 CMS: abort preclean due to time 2011-08-25T05:56:19.114+0100: 360.591: [CMS-concurrent-abortable-preclean: 4.217/5.351 secs] [Times: user=4.21 sys=0.11, real=5.35 secs] 
2011-08-25T05:56:19.115+0100: 360.591: [GC[YG occupancy: 1125676 K (1188864 K)]360.591: [Rescan (parallel) , 1.3878170 secs]361.979: [weak refs processing, 0.0000180 secs] [1 CMS-remark: 398291K(776192K)] 1523968K(1965056K), 1.3879800 secs] [Times: user=1.95 sys=1.85, real=1.39 secs] 
2011-08-25T05:56:20.503+0100: 361.980: [CMS-concurrent-sweep-start]
2011-08-25T05:56:21.032+0100: 362.509: [CMS-concurrent-sweep: 0.529/0.529 secs] [Times: user=0.53 sys=0.00, real=0.53 secs] 
2011-08-25T05:56:21.033+0100: 362.509: [CMS-concurrent-reset-start]
2011-08-25T05:56:21.049+0100: 362.525: [CMS-concurrent-reset: 0.016/0.016 secs] [Times: user=0.02 sys=0.00, real=0.01 secs] 
2011-08-25T05:56:23.051+0100: 364.527: [GC [1 CMS-initial-mark: 398291K(776192K)] 1527612K(1965056K), 1.3327880 secs] [Times: user=1.24 sys=0.04, real=1.34 secs] 
2011-08-25T05:56:24.392+0100: 365.868: [CMS-concurrent-mark-start]
2011-08-25T05:56:25.283+0100: 366.759: [CMS-concurrent-mark: 0.889/0.891 secs] [Times: user=3.27 sys=0.04, real=0.89 secs] 
2011-08-25T05:56:25.283+0100: 366.759: [CMS-concurrent-preclean-start]
2011-08-25T05:56:25.286+0100: 366.763: [CMS-concurrent-preclean: 0.003/0.003 secs] [Times: user=0.01 sys=0.00, real=0.00 secs] 
2011-08-25T05:56:25.287+0100: 366.763: [CMS-concurrent-abortable-preclean-start]
 CMS: abort preclean due to time 2011-08-25T05:56:30.510+0100: 371.986: [CMS-concurrent-abortable-preclean: 4.207/5.223 secs] [Times: user=4.21 sys=0.05, real=5.22 secs] 
2011-08-25T05:56:30.511+0100: 371.987: [GC[YG occupancy: 1142335 K (1188864 K)]371.987: [Rescan (parallel) , 1.3313680 secs]373.318: [weak refs processing, 0.0000230 secs] [1 CMS-remark: 398291K(776192K)] 1540626K(1965056K), 1.3315860 secs] [Times: user=1.94 sys=1.87, real=1.33 secs] 
2011-08-25T05:56:31.890+0100: 373.366: [CMS-concurrent-sweep-start]
2011-08-25T05:56:32.468+0100: 373.945: [CMS-concurrent-sweep: 0.578/0.578 secs] [Times: user=0.52 sys=0.00, real=0.58 secs] 
2011-08-25T05:56:32.468+0100: 373.945: [CMS-concurrent-reset-start]
2011-08-25T05:56:32.481+0100: 373.957: [CMS-concurrent-reset: 0.012/0.012 secs] [Times: user=0.01 sys=0.00, real=0.01 secs] 
2011-08-25T05:56:34.484+0100: 375.960: [GC [1 CMS-initial-mark: 398291K(776192K)] 1547245K(1965056K), 1.1586910 secs] [Times: user=1.16 sys=0.00, real=1.15 secs] 
2011-08-25T05:56:35.643+0100: 377.119: [CMS-concurrent-mark-start]
2011-08-25T05:56:36.400+0100: 377.877: [CMS-concurrent-mark: 0.755/0.757 secs] [Times: user=2.89 sys=0.01, real=0.76 secs] 
2011-08-25T05:56:36.400+0100: 377.877: [CMS-concurrent-preclean-start]
2011-08-25T05:56:36.403+0100: 377.880: [CMS-concurrent-preclean: 0.003/0.003 secs] [Times: user=0.01 sys=0.00, real=0.00 secs] 
2011-08-25T05:56:36.404+0100: 377.880: [CMS-concurrent-abortable-preclean-start]
 CMS: abort preclean due to time 2011-08-25T05:56:41.738+0100: 383.214: [CMS-concurrent-abortable-preclean: 4.312/5.334 secs] [Times: user=4.35 sys=0.03, real=5.34 secs] 
2011-08-25T05:56:41.738+0100: 383.215: [GC[YG occupancy: 1157925 K (1188864 K)]383.215: [Rescan (parallel) , 1.5803670 secs]384.795: [weak refs processing, 0.0000230 secs] [1 CMS-remark: 398291K(776192K)] 1556217K(1965056K), 1.5806840 secs] [Times: user=2.22 sys=2.06, real=1.58 secs] 
2011-08-25T05:56:43.320+0100: 384.797: [CMS-concurrent-sweep-start]
2011-08-25T05:56:43.928+0100: 385.405: [CMS-concurrent-sweep: 0.595/0.608 secs] [Times: user=0.62 sys=0.01, real=0.61 secs] 
2011-08-25T05:56:43.929+0100: 385.405: [CMS-concurrent-reset-start]
2011-08-25T05:56:43.948+0100: 385.425: [CMS-concurrent-reset: 0.020/0.020 secs] [Times: user=0.02 sys=0.00, real=0.02 secs] 
2011-08-25T05:56:45.085+0100: 386.562: [GC [1 CMS-initial-mark: 398291K(776192K)] 1563348K(1965056K), 1.3677460 secs] [Times: user=1.37 sys=0.00, real=1.36 secs] 
2011-08-25T05:56:46.454+0100: 387.931: [CMS-concurrent-mark-start]
2011-08-25T05:56:46.575+0100: 388.051: [GC 388.052: [ParNew: 1188864K->107929K(1188864K), 0.8260080 secs] 1587155K->594033K(1965056K), 0.8262590 secs] [Times: user=1.08 sys=0.07, real=0.82 secs] 
2011-08-25T05:56:48.175+0100: 389.652: [CMS-concurrent-mark: 0.879/1.721 secs] [Times: user=4.94 sys=0.11, real=1.72 secs] 
2011-08-25T05:56:48.176+0100: 389.652: [CMS-concurrent-preclean-start]
2011-08-25T05:56:48.622+0100: 390.099: [CMS-concurrent-preclean: 0.436/0.447 secs] [Times: user=0.45 sys=0.00, real=0.44 secs] 
2011-08-25T05:56:48.622+0100: 390.099: [CMS-concurrent-abortable-preclean-start]
 CMS: abort preclean due to time 2011-08-25T05:56:53.780+0100: 395.256: [CMS-concurrent-abortable-preclean: 1.957/5.157 secs] [Times: user=2.03 sys=0.02, real=5.16 secs] 
2011-08-25T05:56:53.781+0100: 395.257: [GC[YG occupancy: 231594 K (1188864 K)]395.257: [Rescan (parallel) , 0.1651640 secs]395.422: [weak refs processing, 0.0000230 secs] [1 CMS-remark: 486103K(776192K)] 717697K(1965056K), 0.1653690 secs] [Times: user=0.25 sys=0.19, real=0.17 secs] 
2011-08-25T05:56:53.946+0100: 395.423: [CMS-concurrent-sweep-start]
2011-08-25T05:56:54.521+0100: 395.997: [CMS-concurrent-sweep: 0.574/0.574 secs] [Times: user=0.59 sys=0.00, real=0.57 secs] 
2011-08-25T05:56:54.521+0100: 395.997: [CMS-concurrent-reset-start]
2011-08-25T05:56:54.535+0100: 396.011: [CMS-concurrent-reset: 0.014/0.014 secs] [Times: user=0.01 sys=0.00, real=0.01 secs] 
2011-08-25T05:56:56.204+0100: 397.680: [GC [1 CMS-initial-mark: 486103K(776192K)] 720376K(1965056K), 0.1766850 secs] [Times: user=0.18 sys=0.01, real=0.18 secs] 
2011-08-25T05:56:56.382+0100: 397.858: [CMS-concurrent-mark-start]
2011-08-25T05:56:57.478+0100: 398.954: [CMS-concurrent-mark: 1.096/1.096 secs] [Times: user=4.21 sys=0.12, real=1.10 secs] 
2011-08-25T05:56:57.478+0100: 398.954: [CMS-concurrent-preclean-start]
2011-08-25T05:56:57.482+0100: 398.959: [CMS-concurrent-preclean: 0.004/0.004 secs] [Times: user=0.00 sys=0.00, real=0.00 secs] 
2011-08-25T05:56:57.482+0100: 398.959: [CMS-concurrent-abortable-preclean-start]
 CMS: abort preclean due to time 2011-08-25T05:57:02.606+0100: 404.083: [CMS-concurrent-abortable-preclean: 2.107/5.124 secs] [Times: user=2.15 sys=0.02, real=5.13 secs] 
2011-08-25T05:57:02.607+0100: 404.083: [GC[YG occupancy: 255797 K (1188864 K)]404.084: [Rescan (parallel) , 0.1851450 secs]404.269: [weak refs processing, 0.0000230 secs] [1 CMS-remark: 486103K(776192K)] 741901K(1965056K), 0.1853170 secs] [Times: user=0.28 sys=0.31, real=0.18 secs] 
2011-08-25T05:57:02.793+0100: 404.269: [CMS-concurrent-sweep-start]
2011-08-25T05:57:03.553+0100: 405.030: [CMS-concurrent-sweep: 0.759/0.761 secs] [Times: user=0.77 sys=0.00, real=0.76 secs] 
2011-08-25T05:57:03.554+0100: 405.030: [CMS-concurrent-reset-start]
2011-08-25T05:57:03.570+0100: 405.046: [CMS-concurrent-reset: 0.016/0.016 secs] [Times: user=0.02 sys=0.00, real=0.02 secs] 
2011-08-25T06:01:13.797+0100: 655.274: [GC 655.274: [ParNew: 1164697K->80200K(1188864K), 0.0769180 secs] 1642892K->558394K(1965056K), 0.0773230 secs] [Times: user=0.51 sys=0.01, real=0.08 secs] 
2011-08-25T06:02:37.694+0100: 739.170: [GC 739.170: [ParNew: 1136968K->128826K(1188864K), 0.1026660 secs] 1615162K->607020K(1965056K), 0.1029120 secs] [Times: user=0.70 sys=0.01, real=0.10 secs] 
2011-08-25T06:03:45.584+0100: 807.060: [GC 807.061: [ParNew: 1185594K->132096K(1188864K), 0.1321300 secs] 1663788K->618122K(1965056K), 0.1324340 secs] [Times: user=0.80 sys=0.01, real=0.13 secs] 
2011-08-25T06:04:58.089+0100: 879.565: [GC 879.565: [ParNew: 1188864K->126658K(1188864K), 0.1134130 secs] 1674890K->613117K(1965056K), 0.1136620 secs] [Times: user=0.68 sys=0.01, real=0.12 secs] 
2011-08-25T06:05:57.751+0100: 939.227: [GC 939.227: [ParNew: 1183426K->132096K(1188864K), 0.1034630 secs] 1669885K->620565K(1965056K), 0.1036750 secs] [Times: user=0.67 sys=0.01, real=0.10 secs] 
2011-08-25T06:06:57.572+0100: 999.049: [GC 999.049: [ParNew: 1188864K->98962K(1188864K), 0.3585730 secs] 1677333K->615526K(1965056K), 0.3589480 secs] [Times: user=0.68 sys=0.02, real=0.35 secs] 
2011-08-25T06:08:27.706+0100: 1089.183: [GC 1089.183: [ParNew: 1155730K->125842K(1188864K), 0.0989890 secs] 1672294K->642407K(1965056K), 0.0992620 secs] [Times: user=0.67 sys=0.00, real=0.10 secs] 
2011-08-25T06:10:07.181+0100: 1188.657: [GC 1188.658: [ParNew: 1182610K->120591K(1188864K), 0.1095990 secs] 1699175K->637611K(1965056K), 0.1098530 secs] [Times: user=0.73 sys=0.01, real=0.11 secs] 
2011-08-25T06:11:07.508+0100: 1248.984: [GC 1248.984: [ParNew: 1177359K->98835K(1188864K), 0.3793140 secs] 1694379K->640745K(1965056K), 0.3796310 secs] [Times: user=0.70 sys=0.04, real=0.38 secs] 
2011-08-25T06:12:32.173+0100: 1333.649: [GC 1333.649: [ParNew: 1155603K->110147K(1188864K), 0.1068640 secs] 1697513K->652056K(1965056K), 0.1071130 secs] [Times: user=0.66 sys=0.00, real=0.11 secs] 
2011-08-25T06:13:47.965+0100: 1409.441: [GC 1409.442: [ParNew: 1166915K->114720K(1188864K), 0.0938140 secs] 1708824K->657159K(1965056K), 0.0941520 secs] [Times: user=0.67 sys=0.01, real=0.10 secs] 
2011-08-25T06:15:07.574+0100: 1489.050: [GC 1489.050: [ParNew: 1171488K->113256K(1188864K), 0.1106580 secs] 1713927K->656033K(1965056K), 0.1109160 secs] [Times: user=0.69 sys=0.00, real=0.11 secs] 
2011-08-25T06:15:57.633+0100: 1539.109: [GC 1539.110: [ParNew: 1170024K->109963K(1188864K), 0.5864550 secs] 1712801K->671553K(1965056K), 0.5867810 secs] [Times: user=0.68 sys=0.03, real=0.58 secs] 
2011-08-25T06:17:17.715+0100: 1619.191: [GC 1619.191: [ParNew: 1166731K->108583K(1188864K), 0.3804950 secs] 1728321K->694098K(1965056K), 0.3807730 secs] [Times: user=0.69 sys=0.03, real=0.38 secs] 
2011-08-25T06:18:34.306+0100: 1695.783: [GC 1695.783: [ParNew: 1165351K->107743K(1188864K), 0.7315480 secs] 1750866K->721222K(1965056K), 0.7317680 secs] [Times: user=0.73 sys=0.03, real=0.73 secs] 
2011-08-25T06:19:48.588+0100: 1770.064: [GC 1770.064: [ParNew: 1164511K->85189K(1188864K), 0.3978560 secs] 1777990K->725726K(1965056K), 0.3982080 secs] [Times: user=0.71 sys=0.04, real=0.39 secs] 
2011-08-25T06:20:47.695+0100: 1829.172: [GC 1829.172: [ParNew: 1141957K->103647K(1188864K), 0.0976500 secs] 1782494K->744183K(1965056K), 0.0979180 secs] [Times: user=0.69 sys=0.01, real=0.09 secs] 
2011-08-25T06:21:47.918+0100: 1889.394: [GC 1889.394: [ParNew: 1160415K->90416K(1188864K), 0.3492970 secs] 1800951K->754088K(1965056K), 0.3496530 secs] [Times: user=0.66 sys=0.04, real=0.35 secs] 
2011-08-25T06:22:57.479+0100: 1958.956: [GC 1958.956: [ParNew: 1147184K->130299K(1188864K), 0.0988680 secs] 1810856K->793972K(1965056K), 0.0991220 secs] [Times: user=0.68 sys=0.01, real=0.09 secs] 
2011-08-25T06:24:03.789+0100: 2025.265: [GC 2025.265: [ParNew: 1187067K->132096K(1188864K), 0.1051110 secs] 1850740K->797560K(1965056K), 0.1054430 secs] [Times: user=0.69 sys=0.01, real=0.10 secs] 
2011-08-25T06:24:58.426+0100: 2079.902: [GC 2079.903: [ParNew: 1188864K->132096K(1188864K), 0.1129000 secs] 1854328K->800090K(1965056K), 0.1131480 secs] [Times: user=0.75 sys=0.02, real=0.11 secs] 
2011-08-25T06:26:07.634+0100: 2149.111: [GC 2149.111: [ParNew: 1188864K->122923K(1188864K), 0.0997080 secs] 1856858K->791178K(1965056K), 0.0999690 secs] [Times: user=0.65 sys=0.00, real=0.10 secs] 
2011-08-25T06:27:07.518+0100: 2208.994: [GC 2208.994: [ParNew: 1179691K->102874K(1188864K), 0.3541820 secs] 1847946K->795017K(1965056K), 0.3545050 secs] [Times: user=0.70 sys=0.03, real=0.35 secs] 
2011-08-25T06:28:07.466+0100: 2268.942: [GC 2268.942: [ParNew: 1159642K->97673K(1188864K), 0.3995550 secs] 1851785K->819926K(1965056K), 0.3998130 secs] [Times: user=0.76 sys=0.03, real=0.40 secs] 
2011-08-25T06:28:07.867+0100: 2269.343: [GC [1 CMS-initial-mark: 722252K(776192K)] 840828K(1965056K), 0.1140910 secs] [Times: user=0.11 sys=0.00, real=0.11 secs] 
2011-08-25T06:28:07.981+0100: 2269.458: [CMS-concurrent-mark-start]
2011-08-25T06:28:08.830+0100: 2270.306: [CMS-concurrent-mark: 0.842/0.848 secs] [Times: user=3.79 sys=0.04, real=0.85 secs] 
2011-08-25T06:28:08.830+0100: 2270.306: [CMS-concurrent-preclean-start]
2011-08-25T06:28:08.838+0100: 2270.314: [CMS-concurrent-preclean: 0.007/0.008 secs] [Times: user=0.01 sys=0.00, real=0.01 secs] 
2011-08-25T06:28:08.838+0100: 2270.315: [CMS-concurrent-abortable-preclean-start]
 CMS: abort preclean due to time 2011-08-25T06:28:13.884+0100: 2275.360: [CMS-concurrent-abortable-preclean: 4.634/5.046 secs] [Times: user=4.67 sys=0.15, real=5.05 secs] 
2011-08-25T06:28:13.885+0100: 2275.362: [GC[YG occupancy: 284058 K (1188864 K)]2275.362: [Rescan (parallel) , 0.3147760 secs]2275.677: [weak refs processing, 0.0004360 secs] [1 CMS-remark: 722252K(776192K)] 1006310K(1965056K), 0.3153930 secs] [Times: user=0.53 sys=0.40, real=0.31 secs] 
2011-08-25T06:28:14.201+0100: 2275.677: [CMS-concurrent-sweep-start]
2011-08-25T06:28:15.283+0100: 2276.760: [CMS-concurrent-sweep: 1.082/1.082 secs] [Times: user=1.12 sys=0.04, real=1.08 secs] 
2011-08-25T06:28:15.284+0100: 2276.760: [CMS-concurrent-reset-start]
2011-08-25T06:28:15.292+0100: 2276.768: [CMS-concurrent-reset: 0.009/0.009 secs] [Times: user=0.01 sys=0.00, real=0.01 secs] 
2011-08-25T06:29:11.132+0100: 2332.608: [GC 2332.608: [ParNew: 1154441K->88143K(1188864K), 0.1716700 secs] 1579352K->540991K(1965056K), 0.1718860 secs] [Times: user=0.75 sys=0.02, real=0.17 secs] 
2011-08-25T06:30:17.480+0100: 2398.956: [GC 2398.956: [ParNew: 1144911K->122177K(1188864K), 0.1547340 secs] 1597759K->575025K(1965056K), 0.1549580 secs] [Times: user=0.73 sys=0.03, real=0.15 secs] 
2011-08-25T06:31:01.560+0100: 2443.036: [GC 2443.037: [ParNew: 1178945K->98136K(1188864K), 0.1766860 secs] 1631793K->579534K(1965056K), 0.1769270 secs] [Times: user=0.76 sys=0.01, real=0.18 secs] 
2011-08-25T06:31:48.166+0100: 2489.642: [GC 2489.642: [ParNew: 1154904K->115396K(1188864K), 0.0979260 secs] 1636302K->596794K(1965056K), 0.0981200 secs] [Times: user=0.70 sys=0.01, real=0.10 secs] 
2011-08-25T06:32:47.969+0100: 2549.445: [GC 2549.445: [ParNew: 1172164K->97799K(1188864K), 0.1613840 secs] 1653562K->602195K(1965056K), 0.1616100 secs] [Times: user=0.77 sys=0.02, real=0.16 secs] 
2011-08-25T06:33:48.269+0100: 2609.746: [GC 2609.746: [ParNew: 1154567K->117228K(1188864K), 0.0829380 secs] 1658963K->621625K(1965056K), 0.0831300 secs] [Times: user=0.64 sys=0.00, real=0.09 secs] 
2011-08-25T06:34:37.700+0100: 2659.176: [GC 2659.176: [ParNew: 1173996K->130119K(1188864K), 0.0999240 secs] 1678393K->634682K(1965056K), 0.1001720 secs] [Times: user=0.72 sys=0.01, real=0.10 secs] 
2011-08-25T06:35:29.243+0100: 2710.720: [GC 2710.720: [ParNew: 1186887K->99601K(1188864K), 0.1540850 secs] 1691450K->627576K(1965056K), 0.1543370 secs] [Times: user=0.70 sys=0.01, real=0.15 secs] 
2011-08-25T06:36:27.542+0100: 2769.018: [GC 2769.019: [ParNew: 1156369K->114643K(1188864K), 0.1071960 secs] 1684344K->642618K(1965056K), 0.1074250 secs] [Times: user=0.72 sys=0.00, real=0.11 secs] 
2011-08-25T06:37:27.606+0100: 2829.083: [GC 2829.083: [ParNew: 1171411K->104950K(1188864K), 0.1639940 secs] 1699386K->659728K(1965056K), 0.1642440 secs] [Times: user=0.76 sys=0.01, real=0.16 secs] 
2011-08-25T06:38:17.472+0100: 2878.948: [GC 2878.948: [ParNew: 1161718K->115977K(1188864K), 0.0925450 secs] 1716496K->670756K(1965056K), 0.0928990 secs] [Times: user=0.68 sys=0.00, real=0.09 secs] 
2011-08-25T06:39:07.514+0100: 2928.990: [GC 2928.990: [ParNew: 1172745K->132096K(1188864K), 0.0983700 secs] 1727524K->689204K(1965056K), 0.0986230 secs] [Times: user=0.71 sys=0.01, real=0.10 secs] 
2011-08-25T06:40:05.189+0100: 2986.666: [GC 2986.666: [ParNew: 1188864K->132096K(1188864K), 0.1006070 secs] 1745972K->690758K(1965056K), 0.1009160 secs] [Times: user=0.69 sys=0.00, real=0.10 secs] 
2011-08-25T06:40:57.747+0100: 3039.223: [GC 3039.223: [ParNew: 1188864K->119933K(1188864K), 0.0904090 secs] 1747526K->678650K(1965056K), 0.0907140 secs] [Times: user=0.64 sys=0.00, real=0.09 secs] 
2011-08-25T06:41:57.669+0100: 3099.145: [GC 3099.145: [ParNew: 1176701K->116587K(1188864K), 0.0923650 secs] 1735418K->675377K(1965056K), 0.0926150 secs] [Times: user=0.65 sys=0.01, real=0.09 secs] 
2011-08-25T06:42:48.081+0100: 3149.558: [GC 3149.558: [ParNew: 1173355K->106399K(1188864K), 0.1330290 secs] 1732145K->685576K(1965056K), 0.1334420 secs] [Times: user=0.74 sys=0.01, real=0.13 secs] 
2011-08-25T06:43:47.720+0100: 3209.196: [GC 3209.196: [ParNew: 1163167K->92333K(1188864K), 0.1358980 secs] 1742344K->691675K(1965056K), 0.1361440 secs] [Times: user=0.72 sys=0.01, real=0.13 secs] 
2011-08-25T06:44:28.788+0100: 3250.264: [GC 3250.265: [ParNew: 1149101K->102272K(1188864K), 0.1300370 secs] 1748443K->721559K(1965056K), 0.1302870 secs] [Times: user=0.71 sys=0.00, real=0.13 secs] 
2011-08-25T06:45:22.389+0100: 3303.865: [GC 3303.865: [ParNew: 1159040K->100446K(1188864K), 0.1492320 secs] 1778327K->741151K(1965056K), 0.1494440 secs] [Times: user=0.73 sys=0.01, real=0.14 secs] 
2011-08-25T06:46:17.863+0100: 3359.340: [GC 3359.340: [ParNew: 1157214K->98831K(1188864K), 0.1608010 secs] 1797919K->760254K(1965056K), 0.1611090 secs] [Times: user=0.71 sys=0.01, real=0.17 secs] 
2011-08-25T06:47:23.598+0100: 3425.075: [GC 3425.075: [ParNew: 1155599K->123825K(1188864K), 0.1054210 secs] 1817022K->785248K(1965056K), 0.1056170 secs] [Times: user=0.69 sys=0.00, real=0.11 secs] 
2011-08-25T06:48:17.674+0100: 3479.151: [GC 3479.151: [ParNew: 1180593K->98834K(1188864K), 0.1531430 secs] 1842016K->784832K(1965056K), 0.1533360 secs] [Times: user=0.73 sys=0.01, real=0.16 secs] 
2011-08-25T06:49:07.180+0100: 3528.656: [GC 3528.656: [ParNew: 1155602K->132096K(1188864K), 0.1103010 secs] 1841600K->819577K(1965056K), 0.1104970 secs] [Times: user=0.73 sys=0.01, real=0.11 secs] 
2011-08-25T06:49:51.393+0100: 3572.869: [GC 3572.869: [ParNew: 1188864K->115409K(1188864K), 0.1919950 secs] 1876345K->832968K(1965056K), 0.1921840 secs] [Times: user=0.81 sys=0.01, real=0.19 secs] 
2011-08-25T06:49:51.586+0100: 3573.062: [GC [1 CMS-initial-mark: 717559K(776192K)] 833852K(1965056K), 0.1155170 secs] [Times: user=0.11 sys=0.00, real=0.12 secs] 
2011-08-25T06:49:51.702+0100: 3573.178: [CMS-concurrent-mark-start]
2011-08-25T06:49:52.638+0100: 3574.114: [CMS-concurrent-mark: 0.926/0.936 secs] [Times: user=3.59 sys=0.06, real=0.93 secs] 
2011-08-25T06:49:52.638+0100: 3574.115: [CMS-concurrent-preclean-start]
2011-08-25T06:49:52.642+0100: 3574.118: [CMS-concurrent-preclean: 0.003/0.003 secs] [Times: user=0.00 sys=0.00, real=0.01 secs] 
2011-08-25T06:49:52.642+0100: 3574.118: [CMS-concurrent-abortable-preclean-start]
 CMS: abort preclean due to time 2011-08-25T06:49:57.710+0100: 3579.187: [CMS-concurrent-abortable-preclean: 5.064/5.068 secs] [Times: user=5.79 sys=0.11, real=5.07 secs] 
2011-08-25T06:49:57.711+0100: 3579.187: [GC[YG occupancy: 351434 K (1188864 K)]3579.187: [Rescan (parallel) , 0.1479100 secs]3579.335: [weak refs processing, 0.0001390 secs] [1 CMS-remark: 717559K(776192K)] 1068994K(1965056K), 0.1483290 secs] [Times: user=0.54 sys=0.15, real=0.15 secs] 
2011-08-25T06:49:57.860+0100: 3579.336: [CMS-concurrent-sweep-start]
2011-08-25T06:49:59.099+0100: 3580.576: [CMS-concurrent-sweep: 1.239/1.239 secs] [Times: user=1.98 sys=0.05, real=1.24 secs] 
2011-08-25T06:49:59.100+0100: 3580.576: [CMS-concurrent-reset-start]
2011-08-25T06:49:59.114+0100: 3580.590: [CMS-concurrent-reset: 0.014/0.014 secs] [Times: user=0.02 sys=0.00, real=0.01 secs] 
2011-08-25T06:50:56.980+0100: 3638.456: [GC 3638.456: [ParNew: 1172177K->89603K(1188864K), 0.2029130 secs] 1612775K->564279K(1965056K), 0.2032410 secs] [Times: user=0.82 sys=0.02, real=0.20 secs] 
2011-08-25T06:51:47.613+0100: 3689.089: [GC 3689.089: [ParNew: 1146371K->89088K(1188864K), 0.1792500 secs] 1621047K->591556K(1965056K), 0.1794970 secs] [Times: user=0.73 sys=0.00, real=0.18 secs] 
2011-08-25T06:52:45.406+0100: 3746.883: [GC 3746.883: [ParNew: 1145856K->122963K(1188864K), 0.1067870 secs] 1648324K->625431K(1965056K), 0.1070520 secs] [Times: user=0.73 sys=0.01, real=0.11 secs] 
2011-08-25T06:53:37.603+0100: 3799.079: [GC 3799.079: [ParNew: 1179731K->110539K(1188864K), 0.1673390 secs] 1682199K->641839K(1965056K), 0.1676350 secs] [Times: user=0.80 sys=0.01, real=0.17 secs] 
2011-08-25T06:54:37.511+0100: 3858.987: [GC 3858.987: [ParNew: 1167307K->96662K(1188864K), 0.1831920 secs] 1698607K->659086K(1965056K), 0.1834140 secs] [Times: user=0.80 sys=0.01, real=0.18 secs] 
2011-08-25T06:55:27.561+0100: 3909.038: [GC 3909.038: [ParNew: 1153430K->128623K(1188864K), 0.1032170 secs] 1715854K->691047K(1965056K), 0.1035220 secs] [Times: user=0.73 sys=0.00, real=0.10 secs] 
2011-08-25T06:56:17.477+0100: 3958.953: [GC 3958.954: [ParNew: 1185391K->116794K(1188864K), 0.1048800 secs] 1747815K->679788K(1965056K), 0.1051340 secs] [Times: user=0.71 sys=0.01, real=0.11 secs] 
2011-08-25T06:57:15.333+0100: 4016.809: [GC 4016.810: [ParNew: 1173562K->132096K(1188864K), 0.1045090 secs] 1736556K->696457K(1965056K), 0.1047400 secs] [Times: user=0.73 sys=0.01, real=0.11 secs] 
2011-08-25T06:58:07.741+0100: 4069.217: [GC 4069.217: [ParNew: 1188864K->97881K(1188864K), 0.0913330 secs] 1753225K->662248K(1965056K), 0.0915790 secs] [Times: user=0.63 sys=0.01, real=0.09 secs] 
2011-08-25T06:58:57.506+0100: 4118.983: [GC 4118.983: [ParNew: 1154649K->132096K(1188864K), 0.1078070 secs] 1719016K->698020K(1965056K), 0.1080370 secs] [Times: user=0.70 sys=0.00, real=0.11 secs] 
2011-08-25T06:59:44.797+0100: 4166.273: [GC 4166.273: [ParNew: 1188864K->132096K(1188864K), 0.1004380 secs] 1754788K->699548K(1965056K), 0.1007010 secs] [Times: user=0.69 sys=0.01, real=0.10 secs] 
2011-08-25T07:00:45.755+0100: 4227.231: [GC 4227.232: [ParNew: 1188864K->132096K(1188864K), 0.1107070 secs] 1756316K->701647K(1965056K), 0.1109470 secs] [Times: user=0.81 sys=0.01, real=0.11 secs] 
2011-08-25T07:01:37.790+0100: 4279.267: [GC 4279.267: [ParNew: 1188864K->101753K(1188864K), 0.1697660 secs] 1758415K->702247K(1965056K), 0.1700160 secs] [Times: user=0.68 sys=0.01, real=0.17 secs] 
2011-08-25T07:02:41.775+0100: 4343.251: [GC 4343.251: [ParNew: 1158521K->119335K(1188864K), 0.0995760 secs] 1759015K->719829K(1965056K), 0.0998930 secs] [Times: user=0.69 sys=0.00, real=0.10 secs] 
2011-08-25T07:03:37.696+0100: 4399.172: [GC 4399.173: [ParNew: 1176103K->93015K(1188864K), 0.1539460 secs] 1776597K->717086K(1965056K), 0.1541700 secs] [Times: user=0.71 sys=0.01, real=0.16 secs] 
2011-08-25T07:04:37.619+0100: 4459.095: [GC 4459.095: [ParNew: 1149783K->121376K(1188864K), 0.0952740 secs] 1773854K->745448K(1965056K), 0.0954690 secs] [Times: user=0.71 sys=0.00, real=0.09 secs] 
2011-08-25T07:05:27.723+0100: 4509.199: [GC 4509.199: [ParNew: 1178144K->91963K(1188864K), 0.1629760 secs] 1802216K->740162K(1965056K), 0.1631920 secs] [Times: user=0.70 sys=0.01, real=0.16 secs] 
2011-08-25T07:06:27.795+0100: 4569.272: [GC 4569.272: [ParNew: 1148731K->102842K(1188864K), 0.1081790 secs] 1796930K->751041K(1965056K), 0.1084100 secs] [Times: user=0.65 sys=0.01, real=0.11 secs] 
2011-08-25T07:07:27.590+0100: 4629.066: [GC 4629.066: [ParNew: 1159610K->132096K(1188864K), 0.0987080 secs] 1807809K->781841K(1965056K), 0.0989250 secs] [Times: user=0.76 sys=0.00, real=0.10 secs] 
2011-08-25T07:08:21.138+0100: 4682.615: [GC 4682.615: [ParNew: 1188864K->100660K(1188864K), 0.1679390 secs] 1838609K->778790K(1965056K), 0.1681520 secs] [Times: user=0.71 sys=0.01, real=0.17 secs] 
2011-08-25T07:09:17.518+0100: 4738.994: [GC 4738.994: [ParNew: 1157428K->111498K(1188864K), 0.1147090 secs] 1835558K->789627K(1965056K), 0.1149340 secs] [Times: user=0.71 sys=0.02, real=0.12 secs] 
2011-08-25T07:10:14.694+0100: 4796.170: [GC 4796.170: [ParNew: 1168266K->132096K(1188864K), 0.1001490 secs] 1846395K->811981K(1965056K), 0.1004010 secs] [Times: user=0.70 sys=0.01, real=0.10 secs] 
2011-08-25T07:11:14.130+0100: 4855.607: [GC 4855.607: [ParNew: 1188864K->132096K(1188864K), 0.0922180 secs] 1868749K->813481K(1965056K), 0.0924570 secs] [Times: user=0.67 sys=0.00, real=0.09 secs] 
2011-08-25T07:11:49.989+0100: 4891.465: [GC 4891.466: [ParNew: 1188864K->107059K(1188864K), 0.0915770 secs] 1870249K->788457K(1965056K), 0.0918070 secs] [Times: user=0.66 sys=0.00, real=0.09 secs] 
2011-08-25T07:13:04.877+0100: 4966.353: [GC 4966.353: [ParNew: 1163827K->132096K(1188864K), 0.0948710 secs] 1845225K->816041K(1965056K), 0.0950980 secs] [Times: user=0.65 sys=0.00, real=0.09 secs] 
2011-08-25T07:14:07.642+0100: 5029.119: [GC 5029.119: [ParNew: 1188864K->125620K(1188864K), 0.0828850 secs] 1872809K->809628K(1965056K), 0.0831410 secs] [Times: user=0.59 sys=0.00, real=0.08 secs] 
2011-08-25T07:15:26.419+0100: 5107.896: [GC 5107.896: [ParNew: 1182388K->129724K(1188864K), 0.0949130 secs] 1866396K->813869K(1965056K), 0.0951750 secs] [Times: user=0.65 sys=0.01, real=0.09 secs] 
2011-08-25T07:16:43.787+0100: 5185.264: [GC 5185.264: [ParNew: 1186492K->113200K(1188864K), 0.1158120 secs] 1870637K->797357K(1965056K), 0.1161250 secs] [Times: user=0.66 sys=0.00, real=0.12 secs] 
2011-08-25T07:17:51.252+0100: 5252.728: [GC 5252.729: [ParNew: 1169968K->110279K(1188864K), 0.0895690 secs] 1854125K->794443K(1965056K), 0.0898280 secs] [Times: user=0.64 sys=0.01, real=0.09 secs] 
2011-08-25T07:18:59.384+0100: 5320.861: [GC 5320.861: [ParNew: 1167047K->118507K(1188864K), 0.0906160 secs] 1851211K->802676K(1965056K), 0.0909730 secs] [Times: user=0.65 sys=0.01, real=0.09 secs] 
2011-08-25T07:20:07.679+0100: 5389.156: [GC 5389.156: [ParNew: 1175275K->115438K(1188864K), 0.0839600 secs] 1859444K->799618K(1965056K), 0.0842090 secs] [Times: user=0.63 sys=0.00, real=0.09 secs] 
2011-08-25T07:21:17.052+0100: 5458.528: [GC 5458.528: [ParNew: 1172206K->109840K(1188864K), 0.1088390 secs] 1856386K->794025K(1965056K), 0.1092630 secs] [Times: user=0.68 sys=0.01, real=0.11 secs] 
2011-08-25T07:22:17.585+0100: 5519.061: [GC 5519.061: [ParNew: 1166608K->120383K(1188864K), 0.1034490 secs] 1850793K->804600K(1965056K), 0.1038770 secs] [Times: user=0.64 sys=0.00, real=0.10 secs] 
2011-08-25T07:23:07.396+0100: 5568.873: [GC 5568.873: [ParNew: 1177151K->132096K(1188864K), 0.1069250 secs] 1861368K->818067K(1965056K), 0.1071280 secs] [Times: user=0.75 sys=0.00, real=0.11 secs] 
2011-08-25T07:24:04.356+0100: 5625.832: [GC 5625.832: [ParNew: 1188864K->100386K(1188864K), 0.2770230 secs] 1874835K->829600K(1965056K), 0.2772290 secs] [Times: user=0.77 sys=0.02, real=0.28 secs] 
2011-08-25T07:24:04.643+0100: 5626.120: [GC [1 CMS-initial-mark: 729214K(776192K)] 841644K(1965056K), 0.0784930 secs] [Times: user=0.07 sys=0.00, real=0.08 secs] 
2011-08-25T07:24:04.722+0100: 5626.199: [CMS-concurrent-mark-start]
2011-08-25T07:24:05.610+0100: 5627.086: [CMS-concurrent-mark: 0.883/0.887 secs] [Times: user=3.52 sys=0.02, real=0.89 secs] 
2011-08-25T07:24:05.610+0100: 5627.086: [CMS-concurrent-preclean-start]
2011-08-25T07:24:05.613+0100: 5627.089: [CMS-concurrent-preclean: 0.003/0.003 secs] [Times: user=0.00 sys=0.00, real=0.00 secs] 
2011-08-25T07:24:05.613+0100: 5627.089: [CMS-concurrent-abortable-preclean-start]
 CMS: abort preclean due to time 2011-08-25T07:24:10.798+0100: 5632.274: [CMS-concurrent-abortable-preclean: 3.353/5.185 secs] [Times: user=3.65 sys=0.06, real=5.19 secs] 
2011-08-25T07:24:10.799+0100: 5632.275: [GC[YG occupancy: 208273 K (1188864 K)]5632.275: [Rescan (parallel) , 0.0723100 secs]5632.348: [weak refs processing, 0.0001350 secs] [1 CMS-remark: 729214K(776192K)] 937487K(1965056K), 0.0725710 secs] [Times: user=0.27 sys=0.05, real=0.07 secs] 
2011-08-25T07:24:10.872+0100: 5632.348: [CMS-concurrent-sweep-start]
2011-08-25T07:24:11.984+0100: 5633.460: [CMS-concurrent-sweep: 1.112/1.112 secs] [Times: user=1.14 sys=0.01, real=1.11 secs] 
2011-08-25T07:24:11.984+0100: 5633.460: [CMS-concurrent-reset-start]
2011-08-25T07:24:11.996+0100: 5633.473: [CMS-concurrent-reset: 0.012/0.012 secs] [Times: user=0.01 sys=0.00, real=0.01 secs] 
2011-08-25T07:24:54.554+0100: 5676.030: [GC 5676.030: [ParNew: 1157154K->99067K(1188864K), 0.0998730 secs] 1611659K->553573K(1965056K), 0.1000800 secs] [Times: user=0.62 sys=0.01, real=0.10 secs] 
2011-08-25T07:26:25.887+0100: 5767.363: [GC 5767.363: [ParNew: 1155835K->132096K(1188864K), 0.1243850 secs] 1610341K->588855K(1965056K), 0.1246360 secs] [Times: user=0.79 sys=0.01, real=0.13 secs] 
2011-08-25T07:27:27.693+0100: 5829.169: [GC 5829.170: [ParNew: 1188864K->95790K(1188864K), 0.1767810 secs] 1645623K->581683K(1965056K), 0.1771500 secs] [Times: user=0.73 sys=0.01, real=0.18 secs] 
2011-08-25T07:28:28.206+0100: 5889.683: [GC 5889.683: [ParNew: 1152558K->98418K(1188864K), 0.0948950 secs] 1638451K->584311K(1965056K), 0.0951550 secs] [Times: user=0.63 sys=0.00, real=0.09 secs] 
2011-08-25T07:29:41.599+0100: 5963.075: [GC 5963.075: [ParNew: 1155186K->132096K(1188864K), 0.0971420 secs] 1641079K->619654K(1965056K), 0.0973660 secs] [Times: user=0.69 sys=0.00, real=0.10 secs] 
2011-08-25T07:30:25.557+0100: 6007.033: [GC 6007.033: [ParNew: 1188864K->132096K(1188864K), 0.1162570 secs] 1676422K->623038K(1965056K), 0.1164910 secs] [Times: user=0.73 sys=0.01, real=0.12 secs] 
2011-08-25T07:31:37.581+0100: 6079.057: [GC 6079.058: [ParNew: 1188864K->127262K(1188864K), 0.0967510 secs] 1679806K->618357K(1965056K), 0.0969980 secs] [Times: user=0.64 sys=0.00, real=0.10 secs] 
2011-08-25T07:32:47.536+0100: 6149.012: [GC 6149.012: [ParNew: 1184030K->132096K(1188864K), 0.1045040 secs] 1675125K->624486K(1965056K), 0.1047480 secs] [Times: user=0.75 sys=0.01, real=0.10 secs] 
2011-08-25T07:34:00.382+0100: 6221.858: [GC 6221.858: [ParNew: 1188864K->109189K(1188864K), 0.1016020 secs] 1681254K->601659K(1965056K), 0.1018590 secs] [Times: user=0.63 sys=0.00, real=0.11 secs] 
2011-08-25T07:35:07.474+0100: 6288.950: [GC 6288.950: [ParNew: 1165957K->132096K(1188864K), 0.1018390 secs] 1658427K->626452K(1965056K), 0.1024030 secs] [Times: user=0.67 sys=0.01, real=0.10 secs] 
2011-08-25T07:36:15.245+0100: 6356.722: [GC 6356.722: [ParNew: 1188864K->132096K(1188864K), 0.1105670 secs] 1683220K->628634K(1965056K), 0.1107990 secs] [Times: user=0.81 sys=0.00, real=0.11 secs] 
2011-08-25T07:37:21.577+0100: 6423.053: [GC 6423.053: [ParNew: 1188864K->106190K(1188864K), 0.2118520 secs] 1685402K->639192K(1965056K), 0.2120860 secs] [Times: user=0.75 sys=0.01, real=0.21 secs] 
2011-08-25T07:38:23.025+0100: 6484.502: [GC 6484.502: [ParNew: 1162958K->102786K(1188864K), 0.1053830 secs] 1695960K->635788K(1965056K), 0.1056950 secs] [Times: user=0.64 sys=0.00, real=0.10 secs] 
2011-08-25T07:39:27.724+0100: 6549.200: [GC 6549.200: [ParNew: 1159554K->115160K(1188864K), 0.0922650 secs] 1692556K->648542K(1965056K), 0.0925250 secs] [Times: user=0.65 sys=0.01, real=0.09 secs] 
2011-08-25T07:40:40.770+0100: 6622.246: [GC 6622.246: [ParNew: 1171928K->121930K(1188864K), 0.1029610 secs] 1705310K->655335K(1965056K), 0.1032660 secs] [Times: user=0.65 sys=0.00, real=0.10 secs] 
2011-08-25T07:41:41.497+0100: 6682.974: [GC 6682.974: [ParNew: 1178698K->132096K(1188864K), 0.1266440 secs] 1712103K->667627K(1965056K), 0.1269610 secs] [Times: user=0.84 sys=0.02, real=0.13 secs] 
2011-08-25T07:42:47.845+0100: 6749.322: [GC 6749.322: [ParNew: 1188864K->94202K(1188864K), 0.1686740 secs] 1724395K->659708K(1965056K), 0.1689080 secs] [Times: user=0.71 sys=0.02, real=0.17 secs] 
2011-08-25T07:43:56.982+0100: 6818.459: [GC 6818.459: [ParNew: 1150970K->116321K(1188864K), 0.0968340 secs] 1716476K->681826K(1965056K), 0.0970830 secs] [Times: user=0.67 sys=0.01, real=0.10 secs] 
2011-08-25T07:44:59.222+0100: 6880.698: [GC 6880.699: [ParNew: 1173089K->110012K(1188864K), 0.0886760 secs] 1738594K->676127K(1965056K), 0.0889110 secs] [Times: user=0.65 sys=0.00, real=0.09 secs] 
2011-08-25T07:46:17.637+0100: 6959.113: [GC 6959.114: [ParNew: 1166780K->120382K(1188864K), 0.1072500 secs] 1732895K->686543K(1965056K), 0.1074910 secs] [Times: user=0.67 sys=0.02, real=0.11 secs] 
2011-08-25T07:47:26.037+0100: 7027.514: [GC 7027.514: [ParNew: 1177150K->132096K(1188864K), 0.0943300 secs] 1743311K->699199K(1965056K), 0.0946330 secs] [Times: user=0.69 sys=0.00, real=0.10 secs] 
2011-08-25T07:48:25.650+0100: 7087.126: [GC 7087.126: [ParNew: 1188864K->129830K(1188864K), 0.1183790 secs] 1755967K->697016K(1965056K), 0.1188420 secs] [Times: user=0.67 sys=0.00, real=0.12 secs] 
2011-08-25T07:49:17.550+0100: 7139.027: [GC 7139.027: [ParNew: 1186598K->132096K(1188864K), 0.1624920 secs] 1753784K->702044K(1965056K), 0.1627970 secs] [Times: user=0.65 sys=0.03, real=0.16 secs] 
2011-08-25T07:50:37.567+0100: 7219.043: [GC 7219.044: [ParNew: 1188864K->132096K(1188864K), 0.0951910 secs] 1758812K->703266K(1965056K), 0.0954990 secs] [Times: user=0.64 sys=0.00, real=0.09 secs] 
2011-08-25T07:51:52.005+0100: 7293.481: [GC 7293.481: [ParNew: 1188864K->113708K(1188864K), 0.0898760 secs] 1760034K->684934K(1965056K), 0.0901210 secs] [Times: user=0.65 sys=0.01, real=0.09 secs] 
2011-08-25T07:53:07.650+0100: 7369.126: [GC 7369.126: [ParNew: 1170476K->114516K(1188864K), 0.0963890 secs] 1741702K->685826K(1965056K), 0.0966280 secs] [Times: user=0.63 sys=0.01, real=0.09 secs] 
2011-08-25T07:54:27.729+0100: 7449.205: [GC 7449.205: [ParNew: 1171284K->105877K(1188864K), 0.0932790 secs] 1742594K->677722K(1965056K), 0.0935190 secs] [Times: user=0.67 sys=0.01, real=0.09 secs] 
2011-08-25T07:55:41.573+0100: 7523.049: [GC 7523.049: [ParNew: 1162645K->132096K(1188864K), 0.0929250 secs] 1734490K->704815K(1965056K), 0.0932400 secs] [Times: user=0.67 sys=0.01, real=0.09 secs] 
2011-08-25T07:56:57.175+0100: 7598.651: [GC 7598.651: [ParNew: 1188864K->132096K(1188864K), 0.1144870 secs] 1761583K->706729K(1965056K), 0.1148230 secs] [Times: user=0.74 sys=0.00, real=0.11 secs] 
2011-08-25T07:57:47.857+0100: 7649.334: [GC 7649.334: [ParNew: 1188864K->132096K(1188864K), 0.0902320 secs] 1763497K->709138K(1965056K), 0.0904670 secs] [Times: user=0.67 sys=0.00, real=0.09 secs] 
2011-08-25T07:58:53.392+0100: 7714.869: [GC 7714.869: [ParNew: 1188864K->132096K(1188864K), 0.0926400 secs] 1765906K->710680K(1965056K), 0.0928990 secs] [Times: user=0.65 sys=0.00, real=0.09 secs] 
2011-08-25T07:59:58.994+0100: 7780.470: [GC 7780.471: [ParNew: 1188864K->95420K(1188864K), 0.0901080 secs] 1767448K->674226K(1965056K), 0.0904330 secs] [Times: user=0.64 sys=0.00, real=0.09 secs] 
2011-08-25T08:00:54.675+0100: 7836.151: [GC 7836.151: [ParNew: 1152188K->116964K(1188864K), 0.1011330 secs] 1730994K->695905K(1965056K), 0.1014030 secs] [Times: user=0.63 sys=0.00, real=0.10 secs] 
2011-08-25T08:01:27.858+0100: 7869.334: [GC 7869.335: [ParNew: 1173732K->123212K(1188864K), 0.0886860 secs] 1752673K->704801K(1965056K), 0.0889250 secs] [Times: user=0.61 sys=0.01, real=0.09 secs] 
2011-08-25T08:02:14.600+0100: 7916.076: [GC 7916.076: [ParNew: 1179980K->117885K(1188864K), 0.1010250 secs] 1761569K->703618K(1965056K), 0.1012690 secs] [Times: user=0.66 sys=0.00, real=0.11 secs] 
2011-08-25T08:02:57.875+0100: 7959.351: [GC 7959.351: [ParNew: 1174653K->113236K(1188864K), 0.0945330 secs] 1760386K->703203K(1965056K), 0.0947780 secs] [Times: user=0.62 sys=0.00, real=0.10 secs] 
2011-08-25T08:03:27.890+0100: 7989.366: [GC 7989.367: [ParNew: 1170004K->120994K(1188864K), 0.0868810 secs] 1759971K->714190K(1965056K), 0.0871160 secs] [Times: user=0.63 sys=0.00, real=0.08 secs] 
2011-08-25T08:04:17.537+0100: 8039.013: [GC 8039.013: [ParNew: 1177762K->123979K(1188864K), 0.1248440 secs] 1770958K->723810K(1965056K), 0.1250930 secs] [Times: user=0.71 sys=0.01, real=0.12 secs] 
2011-08-25T08:05:03.287+0100: 8084.763: [GC 8084.763: [ParNew: 1180747K->132096K(1188864K), 0.1267150 secs] 1780578K->739975K(1965056K), 0.1269860 secs] [Times: user=0.79 sys=0.02, real=0.13 secs] 
2011-08-25T08:05:40.579+0100: 8122.055: [GC 8122.055: [ParNew: 1188864K->109603K(1188864K), 0.2356690 secs] 1796743K->746422K(1965056K), 0.2359770 secs] [Times: user=0.78 sys=0.02, real=0.24 secs] 
2011-08-25T08:06:21.759+0100: 8163.235: [GC 8163.235: [ParNew: 1166371K->88674K(1188864K), 0.0973750 secs] 1803190K->725492K(1965056K), 0.0975850 secs] [Times: user=0.58 sys=0.00, real=0.09 secs] 
2011-08-25T08:07:08.010+0100: 8209.486: [GC 8209.486: [ParNew: 1145442K->131272K(1188864K), 0.1171260 secs] 1782260K->775697K(1965056K), 0.1173560 secs] [Times: user=0.78 sys=0.00, real=0.12 secs] 
2011-08-25T08:07:49.577+0100: 8251.053: [GC 8251.054: [ParNew: 1188040K->92397K(1188864K), 0.1854640 secs] 1832465K->765297K(1965056K), 0.1857360 secs] [Times: user=0.67 sys=0.00, real=0.19 secs] 
2011-08-25T08:08:24.621+0100: 8286.097: [GC 8286.097: [ParNew: 1149165K->97155K(1188864K), 0.0911000 secs] 1822065K->770055K(1965056K), 0.0913400 secs] [Times: user=0.63 sys=0.01, real=0.10 secs] 
2011-08-25T08:09:07.695+0100: 8329.172: [GC 8329.172: [ParNew: 1153923K->132096K(1188864K), 0.1704890 secs] 1826823K->811339K(1965056K), 0.1707280 secs] [Times: user=0.80 sys=0.00, real=0.18 secs] 
2011-08-25T08:09:54.931+0100: 8376.407: [GC 8376.407: [ParNew: 1188864K->101978K(1188864K), 0.2004560 secs] 1868107K->815109K(1965056K), 0.2007780 secs] [Times: user=0.72 sys=0.01, real=0.20 secs] 
2011-08-25T08:10:27.745+0100: 8409.221: [GC 8409.221: [ParNew: 1158746K->86406K(1188864K), 0.0898530 secs] 1871877K->799537K(1965056K), 0.0901840 secs] [Times: user=0.59 sys=0.00, real=0.09 secs] 
2011-08-25T08:11:08.288+0100: 8449.764: [GC 8449.765: [ParNew: 1143174K->132096K(1188864K), 0.1551440 secs] 1856305K->851287K(1965056K), 0.1554100 secs] [Times: user=0.99 sys=0.04, real=0.16 secs] 
2011-08-25T08:11:08.448+0100: 8449.924: [GC [1 CMS-initial-mark: 719191K(776192K)] 863034K(1965056K), 0.1976100 secs] [Times: user=0.18 sys=0.01, real=0.20 secs] 
2011-08-25T08:11:08.646+0100: 8450.122: [CMS-concurrent-mark-start]
2011-08-25T08:11:09.646+0100: 8451.122: [CMS-concurrent-mark: 0.993/1.000 secs] [Times: user=4.63 sys=0.13, real=1.00 secs] 
2011-08-25T08:11:09.646+0100: 8451.123: [CMS-concurrent-preclean-start]
2011-08-25T08:11:09.653+0100: 8451.129: [CMS-concurrent-preclean: 0.005/0.007 secs] [Times: user=0.00 sys=0.00, real=0.01 secs] 
2011-08-25T08:11:09.653+0100: 8451.129: [CMS-concurrent-abortable-preclean-start]
 CMS: abort preclean due to time 2011-08-25T08:11:15.001+0100: 8456.477: [CMS-concurrent-abortable-preclean: 5.340/5.348 secs] [Times: user=5.60 sys=0.28, real=5.35 secs] 
2011-08-25T08:11:15.001+0100: 8456.478: [GC[YG occupancy: 436180 K (1188864 K)]8456.478: [Rescan (parallel) , 0.6302730 secs]8457.108: [weak refs processing, 0.0002410 secs] [1 CMS-remark: 719191K(776192K)] 1155372K(1965056K), 0.6306470 secs] [Times: user=1.04 sys=0.95, real=0.63 secs] 
2011-08-25T08:11:15.632+0100: 8457.109: [CMS-concurrent-sweep-start]
2011-08-25T08:11:16.818+0100: 8458.295: [CMS-concurrent-sweep: 1.183/1.186 secs] [Times: user=1.71 sys=0.08, real=1.18 secs] 
2011-08-25T08:11:16.819+0100: 8458.295: [CMS-concurrent-reset-start]
2011-08-25T08:11:16.828+0100: 8458.304: [CMS-concurrent-reset: 0.009/0.009 secs] [Times: user=0.01 sys=0.00, real=0.01 secs] 
2011-08-25T08:11:47.882+0100: 8489.359: [GC 8489.359: [ParNew: 1188864K->99927K(1188864K), 0.2239970 secs] 1601090K->544514K(1965056K), 0.2242200 secs] [Times: user=0.68 sys=0.01, real=0.23 secs] 
2011-08-25T08:12:24.211+0100: 8525.688: [GC 8525.688: [ParNew: 1156695K->91784K(1188864K), 0.1225780 secs] 1601282K->536370K(1965056K), 0.1228330 secs] [Times: user=0.61 sys=0.01, real=0.12 secs] 
2011-08-25T08:13:06.603+0100: 8568.080: [GC 8568.080: [ParNew: 1148552K->132096K(1188864K), 0.1348940 secs] 1593138K->583222K(1965056K), 0.1351730 secs] [Times: user=0.88 sys=0.01, real=0.13 secs] 
2011-08-25T08:13:41.074+0100: 8602.550: [GC 8602.550: [ParNew: 1188864K->107455K(1188864K), 0.2222210 secs] 1639990K->594371K(1965056K), 0.2224760 secs] [Times: user=0.82 sys=0.02, real=0.23 secs] 
2011-08-25T08:14:17.485+0100: 8638.962: [GC 8638.962: [ParNew: 1164223K->110003K(1188864K), 0.1381950 secs] 1651139K->596918K(1965056K), 0.1384000 secs] [Times: user=0.70 sys=0.01, real=0.14 secs] 
2011-08-25T08:14:57.531+0100: 8679.007: [GC 8679.007: [ParNew: 1166771K->81855K(1188864K), 0.2100080 secs] 1653686K->606470K(1965056K), 0.2102870 secs] [Times: user=0.78 sys=0.01, real=0.21 secs] 
2011-08-25T08:15:27.749+0100: 8709.226: [GC 8709.226: [ParNew: 1138623K->89040K(1188864K), 0.0926710 secs] 1663238K->613655K(1965056K), 0.0929540 secs] [Times: user=0.60 sys=0.02, real=0.09 secs] 
2011-08-25T08:16:07.888+0100: 8749.364: [GC 8749.364: [ParNew: 1145808K->132096K(1188864K), 0.1284150 secs] 1670423K->664612K(1965056K), 0.1286630 secs] [Times: user=0.83 sys=0.01, real=0.13 secs] 
2011-08-25T08:16:48.384+0100: 8789.860: [GC 8789.861: [ParNew: 1188864K->94327K(1188864K), 0.1764260 secs] 1721380K->656392K(1965056K), 0.1767240 secs] [Times: user=0.67 sys=0.01, real=0.18 secs] 
2011-08-25T08:17:31.782+0100: 8833.258: [GC 8833.259: [ParNew: 1151095K->88225K(1188864K), 0.0934060 secs] 1713160K->650289K(1965056K), 0.0937000 secs] [Times: user=0.60 sys=0.00, real=0.10 secs] 
2011-08-25T08:18:08.213+0100: 8869.689: [GC 8869.689: [ParNew: 1144993K->114577K(1188864K), 0.1138000 secs] 1707057K->680388K(1965056K), 0.1140400 secs] [Times: user=0.73 sys=0.00, real=0.12 secs] 
2011-08-25T08:18:57.753+0100: 8919.229: [GC 8919.229: [ParNew: 1171345K->96581K(1188864K), 0.1494690 secs] 1737156K->687718K(1965056K), 0.1496860 secs] [Times: user=0.67 sys=0.01, real=0.15 secs] 
2011-08-25T08:19:35.729+0100: 8957.205: [GC 8957.205: [ParNew: 1153349K->108024K(1188864K), 0.0952560 secs] 1744486K->699162K(1965056K), 0.0956280 secs] [Times: user=0.65 sys=0.01, real=0.09 secs] 
2011-08-25T08:20:12.939+0100: 8994.415: [GC 8994.416: [ParNew: 1164792K->103584K(1188864K), 0.1713140 secs] 1755930K->720033K(1965056K), 0.1717010 secs] [Times: user=0.76 sys=0.01, real=0.18 secs] 
2011-08-25T08:21:07.682+0100: 9049.158: [GC 9049.158: [ParNew: 1160352K->131180K(1188864K), 0.1165920 secs] 1776801K->747629K(1965056K), 0.1168690 secs] [Times: user=0.82 sys=0.02, real=0.12 secs] 
2011-08-25T08:21:47.886+0100: 9089.363: [GC 9089.363: [ParNew: 1187948K->95443K(1188864K), 0.1826570 secs] 1804397K->741856K(1965056K), 0.1829890 secs] [Times: user=0.70 sys=0.01, real=0.18 secs] 
2011-08-25T08:22:33.237+0100: 9134.713: [GC 9134.713: [ParNew: 1152211K->88675K(1188864K), 0.0880760 secs] 1798624K->735088K(1965056K), 0.0883280 secs] [Times: user=0.58 sys=0.01, real=0.08 secs] 
2011-08-25T08:23:17.802+0100: 9179.278: [GC 9179.278: [ParNew: 1145443K->98344K(1188864K), 0.1055840 secs] 1791856K->747907K(1965056K), 0.1058400 secs] [Times: user=0.65 sys=0.01, real=0.10 secs] 
2011-08-25T08:23:57.705+0100: 9219.181: [GC 9219.181: [ParNew: 1155112K->119157K(1188864K), 0.0945920 secs] 1804675K->774053K(1965056K), 0.0948280 secs] [Times: user=0.62 sys=0.00, real=0.10 secs] 
2011-08-25T08:24:37.630+0100: 9259.106: [GC 9259.106: [ParNew: 1175925K->120577K(1188864K), 0.0888940 secs] 1830821K->780751K(1965056K), 0.0891170 secs] [Times: user=0.63 sys=0.00, real=0.08 secs] 
2011-08-25T08:25:12.839+0100: 9294.315: [GC 9294.315: [ParNew: 1177345K->124206K(1188864K), 0.1342830 secs] 1837519K->788832K(1965056K), 0.1347790 secs] [Times: user=0.78 sys=0.01, real=0.14 secs] 
2011-08-25T08:26:02.595+0100: 9344.072: [GC 9344.072: [ParNew: 1180974K->111242K(1188864K), 0.2037450 secs] 1845600K->802541K(1965056K), 0.2040170 secs] [Times: user=0.82 sys=0.02, real=0.21 secs] 
2011-08-25T08:26:43.777+0100: 9385.254: [GC 9385.254: [ParNew: 1168010K->89617K(1188864K), 0.2321720 secs] 1859309K->806144K(1965056K), 0.2325310 secs] [Times: user=0.66 sys=0.02, real=0.23 secs] 
2011-08-25T08:26:44.012+0100: 9385.488: [GC [1 CMS-initial-mark: 716526K(776192K)] 814796K(1965056K), 0.0974770 secs] [Times: user=0.10 sys=0.00, real=0.10 secs] 
2011-08-25T08:26:44.110+0100: 9385.586: [CMS-concurrent-mark-start]
2011-08-25T08:26:44.985+0100: 9386.461: [CMS-concurrent-mark: 0.869/0.875 secs] [Times: user=3.45 sys=0.03, real=0.88 secs] 
2011-08-25T08:26:44.985+0100: 9386.462: [CMS-concurrent-preclean-start]
2011-08-25T08:26:44.990+0100: 9386.466: [CMS-concurrent-preclean: 0.005/0.005 secs] [Times: user=0.00 sys=0.00, real=0.00 secs] 
2011-08-25T08:26:44.990+0100: 9386.466: [CMS-concurrent-abortable-preclean-start]
 CMS: abort preclean due to time 2011-08-25T08:26:50.003+0100: 9391.480: [CMS-concurrent-abortable-preclean: 4.395/5.013 secs] [Times: user=5.24 sys=0.06, real=5.01 secs] 
2011-08-25T08:26:50.004+0100: 9391.481: [GC[YG occupancy: 333625 K (1188864 K)]9391.481: [Rescan (parallel) , 0.1244790 secs]9391.605: [weak refs processing, 0.0001540 secs] [1 CMS-remark: 716526K(776192K)] 1050152K(1965056K), 0.1248170 secs] [Times: user=0.58 sys=0.07, real=0.12 secs] 
2011-08-25T08:26:50.130+0100: 9391.606: [CMS-concurrent-sweep-start]
2011-08-25T08:26:51.318+0100: 9392.794: [CMS-concurrent-sweep: 1.188/1.188 secs] [Times: user=1.23 sys=0.02, real=1.19 secs] 
2011-08-25T08:26:51.318+0100: 9392.794: [CMS-concurrent-reset-start]
2011-08-25T08:26:51.332+0100: 9392.808: [CMS-concurrent-reset: 0.014/0.014 secs] [Times: user=0.02 sys=0.00, real=0.01 secs] 
2011-08-25T08:27:17.919+0100: 9419.396: [GC 9419.396: [ParNew: 1146385K->99756K(1188864K), 0.1103930 secs] 1584843K->538213K(1965056K), 0.1108820 secs] [Times: user=0.64 sys=0.01, real=0.11 secs] 
2011-08-25T08:28:07.809+0100: 9469.285: [GC 9469.285: [ParNew: 1156524K->132096K(1188864K), 0.1173740 secs] 1594981K->578971K(1965056K), 0.1176030 secs] [Times: user=0.81 sys=0.02, real=0.12 secs] 
2011-08-25T08:28:45.323+0100: 9506.799: [GC 9506.799: [ParNew: 1188864K->97910K(1188864K), 0.2252550 secs] 1635739K->583517K(1965056K), 0.2254750 secs] [Times: user=0.79 sys=0.01, real=0.23 secs] 
2011-08-25T08:29:12.068+0100: 9533.544: [GC 9533.544: [ParNew: 1154678K->112247K(1188864K), 0.1192330 secs] 1640285K->597854K(1965056K), 0.1194670 secs] [Times: user=0.67 sys=0.02, real=0.12 secs] 
2011-08-25T08:29:47.581+0100: 9569.057: [GC 9569.058: [ParNew: 1169015K->132096K(1188864K), 0.1244560 secs] 1654622K->623633K(1965056K), 0.1247120 secs] [Times: user=0.76 sys=0.00, real=0.13 secs] 
2011-08-25T08:30:24.786+0100: 9606.263: [GC 9606.263: [ParNew: 1188864K->122395K(1188864K), 0.0919730 secs] 1680401K->615858K(1965056K), 0.0923010 secs] [Times: user=0.66 sys=0.01, real=0.10 secs] 
2011-08-25T08:31:03.184+0100: 9644.661: [GC 9644.661: [ParNew: 1179163K->132096K(1188864K), 0.1322390 secs] 1672626K->633252K(1965056K), 0.1325340 secs] [Times: user=0.79 sys=0.01, real=0.13 secs] 
2011-08-25T08:31:37.768+0100: 9679.244: [GC 9679.245: [ParNew: 1188864K->96473K(1188864K), 0.1622570 secs] 1690020K->623634K(1965056K), 0.1625100 secs] [Times: user=0.67 sys=0.01, real=0.16 secs] 
2011-08-25T08:32:08.849+0100: 9710.325: [GC 9710.326: [ParNew: 1153241K->110552K(1188864K), 0.1002200 secs] 1680402K->637713K(1965056K), 0.1005400 secs] [Times: user=0.68 sys=0.00, real=0.11 secs] 
2011-08-25T08:32:57.905+0100: 9759.381: [GC 9759.381: [ParNew: 1167320K->95665K(1188864K), 0.1624550 secs] 1694481K->646160K(1965056K), 0.1627410 secs] [Times: user=0.67 sys=0.01, real=0.17 secs] 
2011-08-25T08:33:22.854+0100: 9784.330: [GC 9784.331: [ParNew: 1152433K->119011K(1188864K), 0.1080790 secs] 1702928K->669506K(1965056K), 0.1082970 secs] [Times: user=0.72 sys=0.00, real=0.11 secs] 
2011-08-25T08:34:08.242+0100: 9829.719: [GC 9829.719: [ParNew: 1175779K->107729K(1188864K), 0.1680340 secs] 1726274K->683461K(1965056K), 0.1682460 secs] [Times: user=0.79 sys=0.01, real=0.17 secs] 
2011-08-25T08:34:47.661+0100: 9869.137: [GC 9869.137: [ParNew: 1164497K->101537K(1188864K), 0.1943910 secs] 1740229K->705045K(1965056K), 0.1946640 secs] [Times: user=0.79 sys=0.01, real=0.19 secs] 
2011-08-25T08:35:17.827+0100: 9899.304: [GC 9899.304: [ParNew: 1158305K->95764K(1188864K), 0.1732260 secs] 1761813K->721860K(1965056K), 0.1734740 secs] [Times: user=0.69 sys=0.01, real=0.18 secs] 
2011-08-25T08:36:08.481+0100: 9949.957: [GC 9949.958: [ParNew: 1152532K->111364K(1188864K), 0.1012390 secs] 1778628K->737460K(1965056K), 0.1015990 secs] [Times: user=0.63 sys=0.01, real=0.10 secs] 
2011-08-25T08:36:47.869+0100: 9989.346: [GC 9989.346: [ParNew: 1168132K->107087K(1188864K), 0.1816340 secs] 1794228K->761522K(1965056K), 0.1818950 secs] [Times: user=0.79 sys=0.02, real=0.19 secs] 
2011-08-25T08:37:37.546+0100: 10039.022: [GC 10039.022: [ParNew: 1163855K->91248K(1188864K), 0.1291530 secs] 1818290K->761720K(1965056K), 0.1294090 secs] [Times: user=0.63 sys=0.01, real=0.13 secs] 
2011-08-25T08:38:17.968+0100: 10079.444: [GC 10079.444: [ParNew: 1148016K->92860K(1188864K), 0.0857580 secs] 1818488K->763332K(1965056K), 0.0860880 secs] [Times: user=0.59 sys=0.00, real=0.09 secs] 
2011-08-25T08:38:54.808+0100: 10116.285: [GC 10116.285: [ParNew: 1149628K->106693K(1188864K), 0.1043500 secs] 1820100K->781121K(1965056K), 0.1045820 secs] [Times: user=0.69 sys=0.00, real=0.10 secs] 
2011-08-25T08:39:23.157+0100: 10144.633: [GC 10144.634: [ParNew: 1163461K->109528K(1188864K), 0.1093770 secs] 1837889K->786269K(1965056K), 0.1096030 secs] [Times: user=0.65 sys=0.01, real=0.11 secs] 
2011-08-25T08:40:07.865+0100: 10189.341: [GC 10189.341: [ParNew: 1166296K->132096K(1188864K), 0.1251480 secs] 1843037K->815027K(1965056K), 0.1253880 secs] [Times: user=0.80 sys=0.01, real=0.12 secs] 
2011-08-25T08:40:47.289+0100: 10228.765: [GC 10228.765: [ParNew: 1188864K->109591K(1188864K), 0.2147680 secs] 1871795K->825250K(1965056K), 0.2150240 secs] [Times: user=0.75 sys=0.01, real=0.21 secs] 
2011-08-25T08:40:47.505+0100: 10228.981: [GC [1 CMS-initial-mark: 715658K(776192K)] 845796K(1965056K), 0.1002680 secs] [Times: user=0.10 sys=0.00, real=0.10 secs] 
2011-08-25T08:40:47.606+0100: 10229.082: [CMS-concurrent-mark-start]
2011-08-25T08:40:48.483+0100: 10229.960: [CMS-concurrent-mark: 0.877/0.877 secs] [Times: user=3.82 sys=0.04, real=0.88 secs] 
2011-08-25T08:40:48.483+0100: 10229.960: [CMS-concurrent-preclean-start]
2011-08-25T08:40:48.494+0100: 10229.970: [CMS-concurrent-preclean: 0.009/0.010 secs] [Times: user=0.01 sys=0.00, real=0.01 secs] 
2011-08-25T08:40:48.494+0100: 10229.970: [CMS-concurrent-abortable-preclean-start]
 CMS: abort preclean due to time 2011-08-25T08:40:53.508+0100: 10234.985: [CMS-concurrent-abortable-preclean: 3.893/5.015 secs] [Times: user=3.97 sys=0.05, real=5.02 secs] 
2011-08-25T08:40:53.509+0100: 10234.986: [GC[YG occupancy: 262496 K (1188864 K)]10234.986: [Rescan (parallel) , 0.2842060 secs]10235.270: [weak refs processing, 0.0001020 secs] [1 CMS-remark: 715658K(776192K)] 978155K(1965056K), 0.2844920 secs] [Times: user=0.47 sys=0.37, real=0.28 secs] 
2011-08-25T08:40:53.796+0100: 10235.272: [CMS-concurrent-sweep-start]
2011-08-25T08:40:54.924+0100: 10236.400: [CMS-concurrent-sweep: 1.128/1.128 secs] [Times: user=1.16 sys=0.02, real=1.13 secs] 
2011-08-25T08:40:54.924+0100: 10236.400: [CMS-concurrent-reset-start]
2011-08-25T08:40:54.936+0100: 10236.413: [CMS-concurrent-reset: 0.012/0.012 secs] [Times: user=0.02 sys=0.00, real=0.01 secs] 
2011-08-25T08:41:18.053+0100: 10259.529: [GC 10259.530: [ParNew: 1166359K->95006K(1188864K), 0.1010420 secs] 1603014K->531660K(1965056K), 0.1013670 secs] [Times: user=0.63 sys=0.00, real=0.10 secs] 
2011-08-25T08:42:04.944+0100: 10306.421: [GC 10306.421: [ParNew: 1151774K->132096K(1188864K), 0.1185850 secs] 1588428K->573577K(1965056K), 0.1189690 secs] [Times: user=0.83 sys=0.00, real=0.12 secs] 
2011-08-25T08:42:47.670+0100: 10349.146: [GC 10349.146: [ParNew: 1188864K->102253K(1188864K), 0.1966030 secs] 1630345K->574157K(1965056K), 0.1968320 secs] [Times: user=0.73 sys=0.01, real=0.20 secs] 
2011-08-25T08:43:27.485+0100: 10388.961: [GC 10388.961: [ParNew: 1159021K->108509K(1188864K), 0.0997680 secs] 1630925K->580413K(1965056K), 0.1001140 secs] [Times: user=0.68 sys=0.01, real=0.10 secs] 
2011-08-25T08:44:07.854+0100: 10429.331: [GC 10429.331: [ParNew: 1165277K->107409K(1188864K), 0.1924400 secs] 1637181K->608465K(1965056K), 0.1926900 secs] [Times: user=0.88 sys=0.01, real=0.19 secs] 
2011-08-25T08:44:57.731+0100: 10479.208: [GC 10479.208: [ParNew: 1164177K->79671K(1188864K), 0.1553880 secs] 1665233K->603490K(1965056K), 0.1557010 secs] [Times: user=0.65 sys=0.01, real=0.16 secs] 
2011-08-25T08:45:37.510+0100: 10518.987: [GC 10518.987: [ParNew: 1136439K->110015K(1188864K), 0.0987650 secs] 1660258K->633835K(1965056K), 0.0990310 secs] [Times: user=0.69 sys=0.01, real=0.10 secs] 
2011-08-25T08:46:16.903+0100: 10558.380: [GC 10558.380: [ParNew: 1166783K->93763K(1188864K), 0.2353930 secs] 1690603K->642859K(1965056K), 0.2357770 secs] [Times: user=0.77 sys=0.02, real=0.23 secs] 
2011-08-25T08:46:57.600+0100: 10599.076: [GC 10599.076: [ParNew: 1150531K->122599K(1188864K), 0.0890810 secs] 1699627K->671695K(1965056K), 0.0893470 secs] [Times: user=0.65 sys=0.00, real=0.09 secs] 
2011-08-25T08:47:27.580+0100: 10629.056: [GC 10629.056: [ParNew: 1179367K->131551K(1188864K), 0.0934880 secs] 1728463K->683393K(1965056K), 0.0938520 secs] [Times: user=0.67 sys=0.00, real=0.10 secs] 
2011-08-25T08:48:08.212+0100: 10669.689: [GC 10669.689: [ParNew: 1188319K->118225K(1188864K), 0.1154100 secs] 1740161K->672993K(1965056K), 0.1157270 secs] [Times: user=0.74 sys=0.01, real=0.12 secs] 
2011-08-25T08:48:47.896+0100: 10709.372: [GC 10709.372: [ParNew: 1174993K->106559K(1188864K), 0.1868400 secs] 1729761K->689629K(1965056K), 0.1871010 secs] [Times: user=0.76 sys=0.01, real=0.19 secs] 
2011-08-25T08:49:24.390+0100: 10745.866: [GC 10745.866: [ParNew: 1163327K->105232K(1188864K), 0.1022210 secs] 1746397K->688302K(1965056K), 0.1024950 secs] [Times: user=0.63 sys=0.00, real=0.10 secs] 
2011-08-25T08:50:08.411+0100: 10789.887: [GC 10789.887: [ParNew: 1162000K->115482K(1188864K), 0.1144670 secs] 1745070K->702177K(1965056K), 0.1147240 secs] [Times: user=0.73 sys=0.01, real=0.11 secs] 
2011-08-25T08:50:47.950+0100: 10829.426: [GC 10829.426: [ParNew: 1172250K->89432K(1188864K), 0.1691630 secs] 1758945K->699974K(1965056K), 0.1694270 secs] [Times: user=0.69 sys=0.01, real=0.17 secs] 
2011-08-25T08:51:27.753+0100: 10869.229: [GC 10869.229: [ParNew: 1146200K->101706K(1188864K), 0.0912390 secs] 1756742K->712247K(1965056K), 0.0915530 secs] [Times: user=0.65 sys=0.00, real=0.09 secs] 
2011-08-25T08:52:08.044+0100: 10909.521: [GC 10909.521: [ParNew: 1158474K->116417K(1188864K), 0.1878570 secs] 1769015K->754876K(1965056K), 0.1881080 secs] [Times: user=0.81 sys=0.01, real=0.18 secs] 
2011-08-25T08:52:37.613+0100: 10939.090: [GC 10939.090: [ParNew: 1173185K->69845K(1188864K), 0.2048880 secs] 1811644K->743790K(1965056K), 0.2051620 secs] [Times: user=0.74 sys=0.01, real=0.21 secs] 
2011-08-25T08:53:07.920+0100: 10969.397: [GC 10969.397: [ParNew: 1126613K->132096K(1188864K), 0.1144120 secs] 1800558K->808495K(1965056K), 0.1147240 secs] [Times: user=0.81 sys=0.01, real=0.11 secs] 
2011-08-25T08:53:37.964+0100: 10999.441: [GC 10999.441: [ParNew: 1188864K->90849K(1188864K), 0.2194870 secs] 1865263K->803531K(1965056K), 0.2198920 secs] [Times: user=0.69 sys=0.02, real=0.22 secs] 
2011-08-25T08:53:38.186+0100: 10999.662: [GC [1 CMS-initial-mark: 712681K(776192K)] 803749K(1965056K), 0.0739860 secs] [Times: user=0.08 sys=0.00, real=0.07 secs] 
2011-08-25T08:53:38.260+0100: 10999.736: [CMS-concurrent-mark-start]
2011-08-25T08:53:39.127+0100: 11000.604: [CMS-concurrent-mark: 0.867/0.867 secs] [Times: user=3.45 sys=0.02, real=0.87 secs] 
2011-08-25T08:53:39.128+0100: 11000.604: [CMS-concurrent-preclean-start]
2011-08-25T08:53:39.131+0100: 11000.607: [CMS-concurrent-preclean: 0.004/0.004 secs] [Times: user=0.00 sys=0.00, real=0.00 secs] 
2011-08-25T08:53:39.131+0100: 11000.608: [CMS-concurrent-abortable-preclean-start]
 CMS: abort preclean due to time 2011-08-25T08:53:44.163+0100: 11005.640: [CMS-concurrent-abortable-preclean: 3.706/5.032 secs] [Times: user=3.94 sys=0.04, real=5.04 secs] 
2011-08-25T08:53:44.164+0100: 11005.641: [GC[YG occupancy: 168245 K (1188864 K)]11005.641: [Rescan (parallel) , 0.0491990 secs]11005.690: [weak refs processing, 0.0000810 secs] [1 CMS-remark: 712681K(776192K)] 880927K(1965056K), 0.0494270 secs] [Times: user=0.23 sys=0.01, real=0.05 secs] 
2011-08-25T08:53:44.214+0100: 11005.691: [CMS-concurrent-sweep-start]
2011-08-25T08:53:45.442+0100: 11006.919: [CMS-concurrent-sweep: 1.228/1.228 secs] [Times: user=1.29 sys=0.02, real=1.22 secs] 
2011-08-25T08:53:45.443+0100: 11006.919: [CMS-concurrent-reset-start]
2011-08-25T08:53:45.465+0100: 11006.942: [CMS-concurrent-reset: 0.023/0.023 secs] [Times: user=0.02 sys=0.00, real=0.03 secs] 
2011-08-25T08:54:17.634+0100: 11039.110: [GC 11039.111: [ParNew: 1147617K->97411K(1188864K), 0.0915110 secs] 1594082K->543875K(1965056K), 0.0917600 secs] [Times: user=0.62 sys=0.00, real=0.09 secs] 
2011-08-25T08:55:04.418+0100: 11085.894: [GC 11085.894: [ParNew: 1154179K->128686K(1188864K), 0.1154400 secs] 1600643K->579011K(1965056K), 0.1156880 secs] [Times: user=0.81 sys=0.00, real=0.12 secs] 
2011-08-25T08:55:42.636+0100: 11124.112: [GC 11124.112: [ParNew: 1185454K->102250K(1188864K), 0.1959540 secs] 1635779K->581327K(1965056K), 0.1964540 secs] [Times: user=0.70 sys=0.01, real=0.20 secs] 
2011-08-25T08:56:11.303+0100: 11152.779: [GC 11152.779: [ParNew: 1159018K->96926K(1188864K), 0.1137580 secs] 1638095K->576003K(1965056K), 0.1140220 secs] [Times: user=0.68 sys=0.01, real=0.11 secs] 
2011-08-25T08:56:57.748+0100: 11199.225: [GC 11199.225: [ParNew: 1153694K->123700K(1188864K), 0.1013070 secs] 1632771K->606234K(1965056K), 0.1015700 secs] [Times: user=0.65 sys=0.01, real=0.10 secs] 
2011-08-25T08:57:38.788+0100: 11240.265: [GC 11240.265: [ParNew: 1180468K->119684K(1188864K), 0.0926460 secs] 1663002K->605647K(1965056K), 0.0929720 secs] [Times: user=0.62 sys=0.00, real=0.10 secs] 
2011-08-25T08:58:16.729+0100: 11278.205: [GC 11278.206: [ParNew: 1176452K->132096K(1188864K), 0.1522740 secs] 1662415K->625594K(1965056K), 0.1526070 secs] [Times: user=0.87 sys=0.01, real=0.15 secs] 
2011-08-25T08:59:00.105+0100: 11321.582: [GC 11321.582: [ParNew: 1188864K->101476K(1188864K), 0.2074280 secs] 1682362K->624113K(1965056K), 0.2077430 secs] [Times: user=0.74 sys=0.02, real=0.21 secs] 
2011-08-25T08:59:37.635+0100: 11359.111: [GC 11359.111: [ParNew: 1158244K->98586K(1188864K), 0.0988600 secs] 1680881K->621224K(1965056K), 0.0991070 secs] [Times: user=0.61 sys=0.01, real=0.10 secs] 
2011-08-25T09:00:17.574+0100: 11399.051: [GC 11399.051: [ParNew: 1155354K->127962K(1188864K), 0.1603850 secs] 1677992K->655116K(1965056K), 0.1606990 secs] [Times: user=0.76 sys=0.03, real=0.16 secs] 
2011-08-25T09:00:59.976+0100: 11441.452: [GC 11441.452: [ParNew: 1184730K->93310K(1188864K), 0.1717350 secs] 1711884K->646669K(1965056K), 0.1721770 secs] [Times: user=0.69 sys=0.01, real=0.17 secs] 
2011-08-25T09:01:37.598+0100: 11479.074: [GC 11479.074: [ParNew: 1150078K->103338K(1188864K), 0.0958910 secs] 1703437K->656698K(1965056K), 0.0962000 secs] [Times: user=0.65 sys=0.01, real=0.09 secs] 
2011-08-25T09:02:21.910+0100: 11523.386: [GC 11523.387: [ParNew: 1160106K->94483K(1188864K), 0.1321550 secs] 1713466K->666045K(1965056K), 0.1324560 secs] [Times: user=0.69 sys=0.01, real=0.14 secs] 
2011-08-25T09:03:07.397+0100: 11568.873: [GC 11568.873: [ParNew: 1151251K->132053K(1188864K), 0.1274280 secs] 1722813K->703616K(1965056K), 0.1276760 secs] [Times: user=0.83 sys=0.01, real=0.12 secs] 
2011-08-25T09:03:45.329+0100: 11606.805: [GC 11606.805: [ParNew: 1188821K->103740K(1188864K), 0.2304190 secs] 1760384K->709315K(1965056K), 0.2307320 secs] [Times: user=0.78 sys=0.02, real=0.23 secs] 
2011-08-25T09:04:24.391+0100: 11645.867: [GC 11645.867: [ParNew: 1160508K->88523K(1188864K), 0.0949940 secs] 1766083K->694098K(1965056K), 0.0952780 secs] [Times: user=0.59 sys=0.00, real=0.10 secs] 
2011-08-25T09:05:08.071+0100: 11689.547: [GC 11689.548: [ParNew: 1145291K->124417K(1188864K), 0.1269260 secs] 1750866K->736795K(1965056K), 0.1272520 secs] [Times: user=0.80 sys=0.01, real=0.12 secs] 
2011-08-25T09:05:49.748+0100: 11731.224: [GC 11731.224: [ParNew: 1181185K->102634K(1188864K), 0.1624140 secs] 1793563K->739715K(1965056K), 0.1626980 secs] [Times: user=0.70 sys=0.01, real=0.16 secs] 
2011-08-25T09:06:27.545+0100: 11769.021: [GC 11769.021: [ParNew: 1159402K->104137K(1188864K), 0.1051900 secs] 1796483K->741219K(1965056K), 0.1055230 secs] [Times: user=0.67 sys=0.01, real=0.11 secs] 
2011-08-25T09:07:08.383+0100: 11809.859: [GC 11809.859: [ParNew: 1160905K->97381K(1188864K), 0.1618240 secs] 1797987K->756567K(1965056K), 0.1621540 secs] [Times: user=0.76 sys=0.01, real=0.17 secs] 
2011-08-25T09:07:47.979+0100: 11849.455: [GC 11849.455: [ParNew: 1154149K->94773K(1188864K), 0.1381880 secs] 1813335K->775938K(1965056K), 0.1384120 secs] [Times: user=0.70 sys=0.01, real=0.13 secs] 
2011-08-25T09:08:23.593+0100: 11885.069: [GC 11885.069: [ParNew: 1151541K->106451K(1188864K), 0.0924180 secs] 1832706K->787616K(1965056K), 0.0926920 secs] [Times: user=0.63 sys=0.01, real=0.09 secs] 
2011-08-25T09:09:07.649+0100: 11929.125: [GC 11929.125: [ParNew: 1163219K->132096K(1188864K), 0.1174840 secs] 1844384K->817603K(1965056K), 0.1177550 secs] [Times: user=0.80 sys=0.01, real=0.12 secs] 
2011-08-25T09:09:42.616+0100: 11964.092: [GC 11964.092: [ParNew: 1188864K->104579K(1188864K), 0.2176840 secs] 1874371K->824376K(1965056K), 0.2179640 secs] [Times: user=0.75 sys=0.01, real=0.22 secs] 
2011-08-25T09:09:42.836+0100: 11964.313: [GC [1 CMS-initial-mark: 719796K(776192K)] 833051K(1965056K), 0.0938440 secs] [Times: user=0.10 sys=0.00, real=0.10 secs] 
2011-08-25T09:09:42.931+0100: 11964.407: [CMS-concurrent-mark-start]
2011-08-25T09:09:43.819+0100: 11965.295: [CMS-concurrent-mark: 0.888/0.888 secs] [Times: user=3.50 sys=0.03, real=0.88 secs] 
2011-08-25T09:09:43.819+0100: 11965.296: [CMS-concurrent-preclean-start]
2011-08-25T09:09:43.823+0100: 11965.299: [CMS-concurrent-preclean: 0.004/0.004 secs] [Times: user=0.00 sys=0.00, real=0.01 secs] 
2011-08-25T09:09:43.823+0100: 11965.300: [CMS-concurrent-abortable-preclean-start]
 CMS: abort preclean due to time 2011-08-25T09:09:49.029+0100: 11970.506: [CMS-concurrent-abortable-preclean: 4.284/5.206 secs] [Times: user=5.16 sys=0.10, real=5.20 secs] 
2011-08-25T09:09:49.030+0100: 11970.507: [GC[YG occupancy: 338510 K (1188864 K)]11970.507: [Rescan (parallel) , 0.1189250 secs]11970.626: [weak refs processing, 0.0000970 secs] [1 CMS-remark: 719796K(776192K)] 1058307K(1965056K), 0.1193210 secs] [Times: user=0.55 sys=0.10, real=0.12 secs] 
2011-08-25T09:09:49.150+0100: 11970.626: [CMS-concurrent-sweep-start]
2011-08-25T09:09:50.357+0100: 11971.834: [CMS-concurrent-sweep: 1.207/1.207 secs] [Times: user=1.23 sys=0.01, real=1.21 secs] 
2011-08-25T09:09:50.358+0100: 11971.834: [CMS-concurrent-reset-start]
2011-08-25T09:09:50.372+0100: 11971.848: [CMS-concurrent-reset: 0.014/0.014 secs] [Times: user=0.02 sys=0.00, real=0.02 secs] 
2011-08-25T09:10:26.476+0100: 12007.953: [GC 12007.953: [ParNew: 1161347K->102263K(1188864K), 0.1220740 secs] 1604697K->545613K(1965056K), 0.1223570 secs] [Times: user=0.68 sys=0.01, real=0.12 secs] 
2011-08-25T09:11:06.193+0100: 12047.669: [GC 12047.669: [ParNew: 1159031K->114950K(1188864K), 0.2426540 secs] 1602381K->589924K(1965056K), 0.2429120 secs] [Times: user=0.92 sys=0.02, real=0.24 secs] 
2011-08-25T09:11:42.514+0100: 12083.990: [GC 12083.990: [ParNew: 1171718K->93301K(1188864K), 0.2008720 secs] 1646692K->596777K(1965056K), 0.2010950 secs] [Times: user=0.70 sys=0.01, real=0.20 secs] 
2011-08-25T09:11:47.036+0100: 12088.512: [GC 12088.513: [ParNew: 1150069K->73850K(1188864K), 0.0613040 secs] 1653545K->577326K(1965056K), 0.0616230 secs] [Times: user=0.37 sys=0.00, real=0.06 secs] 
2011-08-25T09:11:50.764+0100: 12092.241: [GC 12092.241: [ParNew: 1130618K->89298K(1188864K), 0.1065540 secs] 1634094K->592774K(1965056K), 0.1067790 secs] [Times: user=0.44 sys=0.02, real=0.10 secs] 
2011-08-25T09:11:55.153+0100: 12096.629: [GC 12096.629: [ParNew: 1146066K->80487K(1188864K), 0.0721820 secs] 1649542K->583963K(1965056K), 0.0724060 secs] [Times: user=0.41 sys=0.02, real=0.08 secs] 
2011-08-25T09:11:59.137+0100: 12100.613: [GC 12100.613: [ParNew: 1137255K->89723K(1188864K), 0.0642680 secs] 1640731K->593200K(1965056K), 0.0645160 secs] [Times: user=0.43 sys=0.01, real=0.06 secs] 
2011-08-25T09:12:03.119+0100: 12104.595: [GC 12104.595: [ParNew: 1146491K->122688K(1188864K), 0.1012170 secs] 1649968K->626164K(1965056K), 0.1015770 secs] [Times: user=0.57 sys=0.02, real=0.10 secs] 
2011-08-25T09:12:07.255+0100: 12108.731: [GC 12108.731: [ParNew: 1179456K->105918K(1188864K), 0.2049640 secs] 1682932K->645867K(1965056K), 0.2051970 secs] [Times: user=0.75 sys=0.01, real=0.21 secs] 
2011-08-25T09:12:10.568+0100: 12112.044: [GC 12112.044: [ParNew: 1162686K->77465K(1188864K), 0.0664750 secs] 1702635K->617415K(1965056K), 0.0666990 secs] [Times: user=0.39 sys=0.01, real=0.06 secs] 
2011-08-25T09:12:26.588+0100: 12128.064: [GC 12128.064: [ParNew: 1134233K->86627K(1188864K), 0.0740920 secs] 1674183K->626576K(1965056K), 0.0743110 secs] [Times: user=0.48 sys=0.00, real=0.08 secs] 
2011-08-25T09:12:39.353+0100: 12140.829: [GC 12140.829: [ParNew: 1143395K->99124K(1188864K), 0.0874400 secs] 1683344K->643714K(1965056K), 0.0876500 secs] [Times: user=0.52 sys=0.00, real=0.09 secs] 
2011-08-25T09:13:01.044+0100: 12162.520: [GC 12162.520: [ParNew: 1155892K->119798K(1188864K), 0.1205170 secs] 1700482K->672173K(1965056K), 0.1207240 secs] [Times: user=0.64 sys=0.01, real=0.12 secs] 
2011-08-25T09:13:45.610+0100: 12207.086: [GC 12207.087: [ParNew: 1176566K->126141K(1188864K), 0.1376220 secs] 1728941K->683501K(1965056K), 0.1378650 secs] [Times: user=0.77 sys=0.01, real=0.14 secs] 
2011-08-25T09:14:17.571+0100: 12239.047: [GC 12239.048: [ParNew: 1182909K->115588K(1188864K), 0.1824000 secs] 1740269K->697300K(1965056K), 0.1826530 secs] [Times: user=0.82 sys=0.02, real=0.18 secs] 
2011-08-25T09:15:07.275+0100: 12288.751: [GC 12288.752: [ParNew: 1172356K->101883K(1188864K), 0.2118890 secs] 1754068K->714031K(1965056K), 0.2121090 secs] [Times: user=0.92 sys=0.02, real=0.22 secs] 
2011-08-25T09:15:40.378+0100: 12321.854: [GC 12321.854: [ParNew: 1158651K->75815K(1188864K), 0.2088320 secs] 1770799K->717498K(1965056K), 0.2090700 secs] [Times: user=0.68 sys=0.02, real=0.21 secs] 
2011-08-25T09:16:13.783+0100: 12355.259: [GC 12355.259: [ParNew: 1132583K->109896K(1188864K), 0.1011430 secs] 1774266K->751578K(1965056K), 0.1013550 secs] [Times: user=0.65 sys=0.01, real=0.11 secs] 
2011-08-25T09:17:02.436+0100: 12403.913: [GC 12403.913: [ParNew: 1166664K->119203K(1188864K), 0.1107020 secs] 1808346K->765396K(1965056K), 0.1109510 secs] [Times: user=0.76 sys=0.01, real=0.11 secs] 
2011-08-25T09:17:37.674+0100: 12439.150: [GC 12439.151: [ParNew: 1175971K->132096K(1188864K), 0.0986580 secs] 1822164K->783937K(1965056K), 0.0989270 secs] [Times: user=0.67 sys=0.00, real=0.10 secs] 
2011-08-25T09:18:17.598+0100: 12479.074: [GC 12479.074: [ParNew: 1188864K->125093K(1188864K), 0.1188730 secs] 1840705K->781161K(1965056K), 0.1191790 secs] [Times: user=0.72 sys=0.00, real=0.12 secs] 
2011-08-25T09:19:03.482+0100: 12524.958: [GC 12524.958: [ParNew: 1181861K->99994K(1188864K), 0.1997170 secs] 1837929K->783849K(1965056K), 0.2000000 secs] [Times: user=0.80 sys=0.02, real=0.20 secs] 
2011-08-25T09:19:47.541+0100: 12569.017: [GC 12569.018: [ParNew: 1156762K->94266K(1188864K), 0.1889990 secs] 1840617K->803941K(1965056K), 0.1892260 secs] [Times: user=0.77 sys=0.02, real=0.19 secs] 
2011-08-25T09:20:26.587+0100: 12608.063: [GC 12608.063: [ParNew: 1151034K->97209K(1188864K), 0.1717170 secs] 1860709K->825766K(1965056K), 0.1719710 secs] [Times: user=0.67 sys=0.01, real=0.17 secs] 
2011-08-25T09:20:26.760+0100: 12608.236: [GC [1 CMS-initial-mark: 728557K(776192K)] 826205K(1965056K), 0.1272710 secs] [Times: user=0.13 sys=0.00, real=0.13 secs] 
2011-08-25T09:20:26.892+0100: 12608.368: [CMS-concurrent-mark-start]
2011-08-25T09:20:27.792+0100: 12609.268: [CMS-concurrent-mark: 0.900/0.900 secs] [Times: user=3.86 sys=0.07, real=0.90 secs] 
2011-08-25T09:20:27.792+0100: 12609.268: [CMS-concurrent-preclean-start]
2011-08-25T09:20:27.804+0100: 12609.280: [CMS-concurrent-preclean: 0.010/0.012 secs] [Times: user=0.02 sys=0.00, real=0.01 secs] 
2011-08-25T09:20:27.804+0100: 12609.280: [CMS-concurrent-abortable-preclean-start]
 CMS: abort preclean due to time 2011-08-25T09:20:32.862+0100: 12614.338: [CMS-concurrent-abortable-preclean: 4.543/5.058 secs] [Times: user=4.80 sys=0.12, real=5.05 secs] 
2011-08-25T09:20:32.863+0100: 12614.339: [GC[YG occupancy: 286865 K (1188864 K)]12614.339: [Rescan (parallel) , 0.3401290 secs]12614.680: [weak refs processing, 0.0000960 secs] [1 CMS-remark: 728557K(776192K)] 1015422K(1965056K), 0.3404030 secs] [Times: user=0.55 sys=0.42, real=0.34 secs] 
2011-08-25T09:20:33.204+0100: 12614.680: [CMS-concurrent-sweep-start]
2011-08-25T09:20:34.360+0100: 12615.836: [CMS-concurrent-sweep: 1.156/1.156 secs] [Times: user=1.22 sys=0.02, real=1.15 secs] 
2011-08-25T09:20:34.360+0100: 12615.837: [CMS-concurrent-reset-start]
2011-08-25T09:20:34.375+0100: 12615.851: [CMS-concurrent-reset: 0.015/0.015 secs] [Times: user=0.02 sys=0.00, real=0.02 secs] 
2011-08-25T09:21:07.757+0100: 12649.234: [GC 12649.234: [ParNew: 1153977K->132096K(1188864K), 0.1107710 secs] 1586383K->566481K(1965056K), 0.1110200 secs] [Times: user=0.78 sys=0.01, real=0.11 secs] 
2011-08-25T09:21:55.381+0100: 12696.858: [GC 12696.858: [ParNew: 1188864K->97891K(1188864K), 0.1866560 secs] 1623249K->563354K(1965056K), 0.1868990 secs] [Times: user=0.73 sys=0.01, real=0.18 secs] 
2011-08-25T09:22:27.650+0100: 12729.126: [GC 12729.126: [ParNew: 1154659K->103490K(1188864K), 0.0968380 secs] 1620122K->568953K(1965056K), 0.0970660 secs] [Times: user=0.61 sys=0.00, real=0.10 secs] 
2011-08-25T09:23:08.259+0100: 12769.736: [GC 12769.736: [ParNew: 1160258K->129707K(1188864K), 0.1030230 secs] 1625721K->599885K(1965056K), 0.1033190 secs] [Times: user=0.71 sys=0.00, real=0.10 secs] 
2011-08-25T09:23:57.584+0100: 12819.060: [GC 12819.060: [ParNew: 1186475K->92946K(1188864K), 0.1610320 secs] 1656653K->589785K(1965056K), 0.1613330 secs] [Times: user=0.71 sys=0.01, real=0.17 secs] 
2011-08-25T09:24:37.700+0100: 12859.176: [GC 12859.176: [ParNew: 1149714K->112956K(1188864K), 0.0871060 secs] 1646553K->609794K(1965056K), 0.0874170 secs] [Times: user=0.62 sys=0.01, real=0.08 secs] 
2011-08-25T09:25:17.753+0100: 12899.230: [GC 12899.230: [ParNew: 1169724K->110835K(1188864K), 0.1306070 secs] 1666562K->612372K(1965056K), 0.1309330 secs] [Times: user=0.74 sys=0.02, real=0.14 secs] 
2011-08-25T09:26:07.656+0100: 12949.132: [GC 12949.133: [ParNew: 1167603K->112265K(1188864K), 0.2137630 secs] 1669140K->643824K(1965056K), 0.2140020 secs] [Times: user=0.87 sys=0.01, real=0.22 secs] 
2011-08-25T09:26:47.579+0100: 12989.055: [GC 12989.055: [ParNew: 1169033K->98129K(1188864K), 0.1785840 secs] 1700592K->659015K(1965056K), 0.1789840 secs] [Times: user=0.75 sys=0.01, real=0.18 secs] 
2011-08-25T09:27:27.609+0100: 13029.085: [GC 13029.085: [ParNew: 1154897K->109342K(1188864K), 0.0969340 secs] 1715783K->670228K(1965056K), 0.0972560 secs] [Times: user=0.64 sys=0.00, real=0.09 secs] 
2011-08-25T09:28:08.182+0100: 13069.658: [GC 13069.658: [ParNew: 1166110K->122848K(1188864K), 0.1141060 secs] 1726996K->688882K(1965056K), 0.1143710 secs] [Times: user=0.73 sys=0.02, real=0.12 secs] 
2011-08-25T09:28:55.931+0100: 13117.407: [GC 13117.408: [ParNew: 1179616K->126746K(1188864K), 0.1093440 secs] 1745650K->696562K(1965056K), 0.1095880 secs] [Times: user=0.67 sys=0.00, real=0.11 secs] 
2011-08-25T09:29:37.781+0100: 13159.257: [GC 13159.258: [ParNew: 1183514K->104280K(1188864K), 0.0939540 secs] 1753330K->677224K(1965056K), 0.0942140 secs] [Times: user=0.65 sys=0.01, real=0.10 secs] 
2011-08-25T09:30:15.785+0100: 13197.262: [GC 13197.262: [ParNew: 1160558K->132096K(1188864K), 0.1440330 secs] 1733502K->712450K(1965056K), 0.1443280 secs] [Times: user=0.76 sys=0.01, real=0.15 secs] 
2011-08-25T09:30:57.849+0100: 13239.325: [GC 13239.325: [ParNew: 1188864K->97454K(1188864K), 0.1641280 secs] 1769218K->704449K(1965056K), 0.1643580 secs] [Times: user=0.66 sys=0.01, real=0.17 secs] 
2011-08-25T09:31:37.700+0100: 13279.176: [GC 13279.176: [ParNew: 1154222K->102100K(1188864K), 0.0931210 secs] 1761217K->709096K(1965056K), 0.0933900 secs] [Times: user=0.62 sys=0.02, real=0.09 secs] 
2011-08-25T09:32:08.667+0100: 13310.143: [GC 13310.143: [ParNew: 1158868K->115020K(1188864K), 0.1198460 secs] 1765864K->726591K(1965056K), 0.1200830 secs] [Times: user=0.71 sys=0.01, real=0.12 secs] 
2011-08-25T09:32:57.608+0100: 13359.085: [GC 13359.085: [ParNew: 1171788K->92266K(1188864K), 0.1598630 secs] 1783359K->730018K(1965056K), 0.1602100 secs] [Times: user=0.67 sys=0.01, real=0.16 secs] 
2011-08-25T09:33:35.072+0100: 13396.548: [GC 13396.548: [ParNew: 1149034K->101040K(1188864K), 0.0903320 secs] 1786786K->738792K(1965056K), 0.0905440 secs] [Times: user=0.62 sys=0.00, real=0.09 secs] 
2011-08-25T09:34:17.567+0100: 13439.044: [GC 13439.044: [ParNew: 1157808K->132096K(1188864K), 0.1222190 secs] 1795560K->776849K(1965056K), 0.1224290 secs] [Times: user=0.77 sys=0.01, real=0.12 secs] 
2011-08-25T09:35:00.426+0100: 13481.903: [GC 13481.903: [ParNew: 1188864K->91797K(1188864K), 0.1892770 secs] 1833617K->764067K(1965056K), 0.1895730 secs] [Times: user=0.74 sys=0.02, real=0.19 secs] 
2011-08-25T09:35:37.835+0100: 13519.312: [GC 13519.312: [ParNew: 1148565K->112261K(1188864K), 0.0877800 secs] 1820835K->784531K(1965056K), 0.0880310 secs] [Times: user=0.61 sys=0.00, real=0.09 secs] 
2011-08-25T09:36:17.898+0100: 13559.375: [GC 13559.375: [ParNew: 1169029K->115807K(1188864K), 0.1248020 secs] 1841299K->792137K(1965056K), 0.1251200 secs] [Times: user=0.72 sys=0.01, real=0.12 secs] 
2011-08-25T09:37:05.694+0100: 13607.170: [GC 13607.170: [ParNew: 1172557K->132096K(1188864K), 0.1702390 secs] 1848888K->815050K(1965056K), 0.1705640 secs] [Times: user=0.84 sys=0.02, real=0.17 secs] 
2011-08-25T09:37:38.429+0100: 13639.906: [GC 13639.906: [ParNew: 1188864K->128185K(1188864K), 0.1003990 secs] 1871818K->814177K(1965056K), 0.1006350 secs] [Times: user=0.63 sys=0.00, real=0.10 secs] 
2011-08-25T09:38:17.886+0100: 13679.362: [GC 13679.362: [ParNew: 1184953K->123242K(1188864K), 0.1181160 secs] 1870945K->811985K(1965056K), 0.1184870 secs] [Times: user=0.69 sys=0.01, real=0.12 secs] 
2011-08-25T09:39:07.671+0100: 13729.147: [GC 13729.148: [ParNew: 1180010K->126594K(1188864K), 0.1159070 secs] 1868753K->819632K(1965056K), 0.1161730 secs] [Times: user=0.76 sys=0.01, real=0.12 secs] 
2011-08-25T09:39:51.999+0100: 13773.475: [GC 13773.475: [ParNew: 1183362K->105815K(1188864K), 0.1816050 secs] 1876400K->827357K(1965056K), 0.1819060 secs] [Times: user=0.70 sys=0.01, real=0.19 secs] 
2011-08-25T09:39:52.182+0100: 13773.658: [GC [1 CMS-initial-mark: 721542K(776192K)] 827411K(1965056K), 0.0820520 secs] [Times: user=0.08 sys=0.00, real=0.08 secs] 
2011-08-25T09:39:52.264+0100: 13773.740: [CMS-concurrent-mark-start]
2011-08-25T09:39:53.198+0100: 13774.675: [CMS-concurrent-mark: 0.934/0.934 secs] [Times: user=3.59 sys=0.05, real=0.93 secs] 
2011-08-25T09:39:53.198+0100: 13774.675: [CMS-concurrent-preclean-start]
2011-08-25T09:39:53.202+0100: 13774.678: [CMS-concurrent-preclean: 0.003/0.004 secs] [Times: user=0.00 sys=0.00, real=0.01 secs] 
2011-08-25T09:39:53.202+0100: 13774.678: [CMS-concurrent-abortable-preclean-start]
 CMS: abort preclean due to time 2011-08-25T09:39:58.208+0100: 13779.684: [CMS-concurrent-abortable-preclean: 3.881/5.005 secs] [Times: user=4.34 sys=0.07, real=5.00 secs] 
2011-08-25T09:39:58.208+0100: 13779.685: [GC[YG occupancy: 263100 K (1188864 K)]13779.685: [Rescan (parallel) , 0.1149000 secs]13779.800: [weak refs processing, 0.0001210 secs] [1 CMS-remark: 721542K(776192K)] 984643K(1965056K), 0.1152600 secs] [Times: user=0.42 sys=0.09, real=0.12 secs] 
2011-08-25T09:39:58.324+0100: 13779.800: [CMS-concurrent-sweep-start]
2011-08-25T09:39:59.448+0100: 13780.925: [CMS-concurrent-sweep: 1.124/1.124 secs] [Times: user=1.15 sys=0.01, real=1.12 secs] 
2011-08-25T09:39:59.448+0100: 13780.925: [CMS-concurrent-reset-start]
2011-08-25T09:39:59.461+0100: 13780.937: [CMS-concurrent-reset: 0.013/0.013 secs] [Times: user=0.02 sys=0.00, real=0.01 secs] 
2011-08-25T09:40:33.102+0100: 13814.578: [GC 13814.578: [ParNew: 1162583K->101130K(1188864K), 0.1099500 secs] 1601732K->540280K(1965056K), 0.1102800 secs] [Times: user=0.82 sys=0.01, real=0.11 secs] 
2011-08-25T09:41:17.821+0100: 13859.298: [GC 13859.298: [ParNew: 1157898K->113502K(1188864K), 0.2315950 secs] 1597048K->581289K(1965056K), 0.2319290 secs] [Times: user=0.94 sys=0.02, real=0.23 secs] 
2011-08-25T09:42:01.022+0100: 13902.498: [GC 13902.498: [ParNew: 1170270K->92658K(1188864K), 0.2054240 secs] 1638057K->589704K(1965056K), 0.2057390 secs] [Times: user=0.73 sys=0.02, real=0.21 secs] 
2011-08-25T09:42:37.077+0100: 13938.553: [GC 13938.553: [ParNew: 1149426K->101275K(1188864K), 0.1152550 secs] 1646472K->598320K(1965056K), 0.1155280 secs] [Times: user=0.66 sys=0.01, real=0.12 secs] 
2011-08-25T09:43:14.117+0100: 13975.593: [GC 13975.593: [ParNew: 1158043K->131032K(1188864K), 0.1167670 secs] 1655088K->634689K(1965056K), 0.1170300 secs] [Times: user=0.76 sys=0.01, real=0.12 secs] 
2011-08-25T09:43:57.546+0100: 14019.023: [GC 14019.023: [ParNew: 1187800K->104764K(1188864K), 0.1022320 secs] 1691457K->612353K(1965056K), 0.1024510 secs] [Times: user=0.66 sys=0.00, real=0.11 secs] 
2011-08-25T09:44:37.538+0100: 14059.015: [GC 14059.015: [ParNew: 1161532K->121133K(1188864K), 0.1102610 secs] 1669121K->635265K(1965056K), 0.1105230 secs] [Times: user=0.71 sys=0.01, real=0.11 secs] 
2011-08-25T09:45:10.849+0100: 14092.325: [GC 14092.325: [ParNew: 1177901K->111865K(1188864K), 0.1651240 secs] 1692033K->653131K(1965056K), 0.1654030 secs] [Times: user=0.71 sys=0.01, real=0.16 secs] 
2011-08-25T09:46:03.256+0100: 14144.732: [GC 14144.733: [ParNew: 1168633K->110722K(1188864K), 0.1206480 secs] 1709899K->651988K(1965056K), 0.1208990 secs] [Times: user=0.76 sys=0.00, real=0.12 secs] 
2011-08-25T09:46:39.587+0100: 14181.063: [GC 14181.063: [ParNew: 1167490K->98522K(1188864K), 0.1778610 secs] 1708756K->666086K(1965056K), 0.1781230 secs] [Times: user=0.69 sys=0.00, real=0.17 secs] 
2011-08-25T09:47:17.742+0100: 14219.218: [GC 14219.219: [ParNew: 1155290K->106929K(1188864K), 0.1551960 secs] 1722854K->674493K(1965056K), 0.1876480 secs] [Times: user=0.72 sys=0.09, real=0.22 secs] 
2011-08-25T09:48:03.589+0100: 14265.065: [GC 14265.066: [ParNew: 1163697K->99050K(1188864K), 0.1854630 secs] 1731261K->695681K(1965056K), 0.1857130 secs] [Times: user=0.84 sys=0.01, real=0.18 secs] 
2011-08-25T09:48:42.779+0100: 14304.255: [GC 14304.255: [ParNew: 1155818K->87161K(1188864K), 0.1734090 secs] 1752449K->708092K(1965056K), 0.1737400 secs] [Times: user=0.69 sys=0.01, real=0.18 secs] 
2011-08-25T09:49:22.373+0100: 14343.850: [GC 14343.850: [ParNew: 1143929K->111644K(1188864K), 0.1185780 secs] 1764860K->732575K(1965056K), 0.1188420 secs] [Times: user=0.60 sys=0.00, real=0.12 secs] 
2011-08-25T09:50:07.730+0100: 14389.206: [GC 14389.206: [ParNew: 1168412K->132092K(1188864K), 0.1312330 secs] 1789343K->758718K(1965056K), 0.1314670 secs] [Times: user=0.87 sys=0.01, real=0.13 secs] 
2011-08-25T09:50:47.507+0100: 14428.983: [GC 14428.983: [ParNew: 1188860K->117820K(1188864K), 0.2025890 secs] 1815486K->776871K(1965056K), 0.2028370 secs] [Times: user=0.78 sys=0.02, real=0.20 secs] 
2011-08-25T09:51:27.698+0100: 14469.174: [GC 14469.174: [ParNew: 1174588K->105372K(1188864K), 0.0962720 secs] 1833639K->764424K(1965056K), 0.0965610 secs] [Times: user=0.64 sys=0.02, real=0.10 secs] 
2011-08-25T09:52:08.522+0100: 14509.998: [GC 14509.999: [ParNew: 1162140K->110769K(1188864K), 0.1025670 secs] 1821192K->773790K(1965056K), 0.1027930 secs] [Times: user=0.70 sys=0.00, real=0.11 secs] 
2011-08-25T09:52:57.858+0100: 14559.334: [GC 14559.334: [ParNew: 1167537K->109835K(1188864K), 0.0862810 secs] 1830558K->775345K(1965056K), 0.0865090 secs] [Times: user=0.61 sys=0.01, real=0.08 secs] 
2011-08-25T09:53:37.598+0100: 14599.074: [GC 14599.074: [ParNew: 1166603K->107063K(1188864K), 0.1004440 secs] 1832113K->777082K(1965056K), 0.1006560 secs] [Times: user=0.67 sys=0.00, real=0.10 secs] 
2011-08-25T09:54:12.186+0100: 14633.662: [GC 14633.662: [ParNew: 1163831K->132096K(1188864K), 0.1260050 secs] 1833850K->810043K(1965056K), 0.1262750 secs] [Times: user=0.68 sys=0.00, real=0.13 secs] 
2011-08-25T09:55:02.191+0100: 14683.667: [GC 14683.668: [ParNew: 1188864K->110445K(1188864K), 0.1223440 secs] 1866811K->794309K(1965056K), 0.1226210 secs] [Times: user=0.76 sys=0.00, real=0.13 secs] 
2011-08-25T09:55:37.770+0100: 14719.246: [GC 14719.246: [ParNew: 1167213K->98109K(1188864K), 0.1830000 secs] 1851077K->810109K(1965056K), 0.1833360 secs] [Times: user=0.75 sys=0.01, real=0.18 secs] 
2011-08-25T09:56:17.907+0100: 14759.383: [GC 14759.383: [ParNew: 1154877K->102188K(1188864K), 0.1048280 secs] 1866877K->814188K(1965056K), 0.1051680 secs] [Times: user=0.65 sys=0.02, real=0.11 secs] 
2011-08-25T09:57:03.553+0100: 14805.030: [GC 14805.030: [ParNew: 1158956K->129501K(1188864K), 0.1241550 secs] 1870956K->847590K(1965056K), 0.1244800 secs] [Times: user=0.87 sys=0.00, real=0.13 secs] 
2011-08-25T09:57:03.679+0100: 14805.155: [GC [1 CMS-initial-mark: 718088K(776192K)] 847739K(1965056K), 0.1841040 secs] [Times: user=0.19 sys=0.00, real=0.18 secs] 
2011-08-25T09:57:03.863+0100: 14805.339: [CMS-concurrent-mark-start]
2011-08-25T09:57:04.760+0100: 14806.236: [CMS-concurrent-mark: 0.897/0.897 secs] [Times: user=3.38 sys=0.06, real=0.90 secs] 
2011-08-25T09:57:04.760+0100: 14806.236: [CMS-concurrent-preclean-start]
2011-08-25T09:57:04.764+0100: 14806.240: [CMS-concurrent-preclean: 0.004/0.004 secs] [Times: user=0.01 sys=0.00, real=0.00 secs] 
2011-08-25T09:57:04.764+0100: 14806.240: [CMS-concurrent-abortable-preclean-start]
 CMS: abort preclean due to time 2011-08-25T09:57:10.035+0100: 14811.511: [CMS-concurrent-abortable-preclean: 5.263/5.270 secs] [Times: user=6.58 sys=0.13, real=5.27 secs] 
2011-08-25T09:57:10.036+0100: 14811.512: [GC[YG occupancy: 510696 K (1188864 K)]14811.512: [Rescan (parallel) , 0.2209780 secs]14811.733: [weak refs processing, 0.0001660 secs] [1 CMS-remark: 718088K(776192K)] 1228785K(1965056K), 0.2213480 secs] [Times: user=0.94 sys=0.17, real=0.23 secs] 
2011-08-25T09:57:10.258+0100: 14811.734: [CMS-concurrent-sweep-start]
2011-08-25T09:57:11.455+0100: 14812.931: [CMS-concurrent-sweep: 1.197/1.197 secs] [Times: user=1.19 sys=0.05, real=1.19 secs] 
2011-08-25T09:57:11.455+0100: 14812.931: [CMS-concurrent-reset-start]
2011-08-25T09:57:11.464+0100: 14812.941: [CMS-concurrent-reset: 0.009/0.009 secs] [Times: user=0.01 sys=0.00, real=0.01 secs] 
2011-08-25T09:57:47.171+0100: 14848.648: [GC 14848.648: [ParNew: 1186269K->111941K(1188864K), 0.2066860 secs] 1602726K->559081K(1965056K), 0.2070660 secs] [Times: user=0.78 sys=0.00, real=0.20 secs] 
2011-08-25T09:58:27.557+0100: 14889.033: [GC 14889.033: [ParNew: 1168709K->104166K(1188864K), 0.0886790 secs] 1615849K->551306K(1965056K), 0.0890290 secs] [Times: user=0.65 sys=0.01, real=0.09 secs] 
2011-08-25T09:59:08.277+0100: 14929.754: [GC 14929.754: [ParNew: 1160934K->108970K(1188864K), 0.1192590 secs] 1608074K->560450K(1965056K), 0.1195350 secs] [Times: user=0.75 sys=0.02, real=0.12 secs] 
2011-08-25T09:59:48.277+0100: 14969.754: [GC 14969.754: [ParNew: 1165738K->91929K(1188864K), 0.1603900 secs] 1617218K->569715K(1965056K), 0.1607070 secs] [Times: user=0.66 sys=0.00, real=0.16 secs] 
2011-08-25T10:00:31.996+0100: 15013.472: [GC 15013.473: [ParNew: 1148697K->98948K(1188864K), 0.1037690 secs] 1626483K->576734K(1965056K), 0.1042580 secs] [Times: user=0.67 sys=0.00, real=0.11 secs] 
2011-08-25T10:01:11.802+0100: 15053.279: [GC 15053.279: [ParNew: 1155716K->98182K(1188864K), 0.1638750 secs] 1633502K->600750K(1965056K), 0.1640840 secs] [Times: user=0.76 sys=0.01, real=0.17 secs] 
2011-08-25T10:01:30.789+0100: 15072.265: [GC 15072.265: [ParNew: 1154950K->74941K(1188864K), 0.2246400 secs] 1657518K->622341K(1965056K), 0.2249320 secs] [Times: user=0.63 sys=0.02, real=0.22 secs] 
2011-08-25T10:01:35.253+0100: 15076.729: [GC 15076.729: [ParNew: 1131709K->34832K(1188864K), 0.0360730 secs] 1679109K->582232K(1965056K), 0.0363190 secs] [Times: user=0.18 sys=0.00, real=0.04 secs] 
2011-08-25T10:01:57.502+0100: 15098.978: [GC 15098.979: [ParNew: 1091600K->71825K(1188864K), 0.0595080 secs] 1639000K->619226K(1965056K), 0.0597960 secs] [Times: user=0.39 sys=0.00, real=0.06 secs] 
2011-08-25T10:02:06.726+0100: 15108.202: [GC 15108.202: [ParNew: 1128593K->91168K(1188864K), 0.0864130 secs] 1675994K->638569K(1965056K), 0.0867270 secs] [Times: user=0.52 sys=0.01, real=0.09 secs] 
2011-08-25T10:02:10.013+0100: 15111.489: [GC 15111.489: [ParNew: 1147936K->98586K(1188864K), 0.0867670 secs] 1695337K->656700K(1965056K), 0.0871600 secs] [Times: user=0.50 sys=0.00, real=0.09 secs] 
2011-08-25T10:02:15.279+0100: 15116.755: [GC 15116.755: [ParNew: 1155354K->98440K(1188864K), 0.0626720 secs] 1713468K->656553K(1965056K), 0.0629190 secs] [Times: user=0.42 sys=0.01, real=0.07 secs] 
2011-08-25T10:02:19.053+0100: 15120.529: [GC 15120.538: [ParNew: 1155208K->86603K(1188864K), 0.1263040 secs] 1713321K->660253K(1965056K), 0.1609160 secs] [Times: user=0.51 sys=0.05, real=0.17 secs] 
2011-08-25T10:02:27.567+0100: 15129.044: [GC 15129.044: [ParNew: 1143371K->83239K(1188864K), 0.0763280 secs] 1717021K->656889K(1965056K), 0.0765680 secs] [Times: user=0.42 sys=0.01, real=0.08 secs] 
2011-08-25T10:02:35.717+0100: 15137.194: [GC 15137.194: [ParNew: 1140007K->95969K(1188864K), 0.0687650 secs] 1713657K->669620K(1965056K), 0.0690000 secs] [Times: user=0.41 sys=0.01, real=0.07 secs] 
2011-08-25T10:03:07.315+0100: 15168.791: [GC 15168.791: [ParNew: 1152737K->121388K(1188864K), 0.1166650 secs] 1726388K->695038K(1965056K), 0.1170460 secs] [Times: user=0.74 sys=0.02, real=0.12 secs] 
2011-08-25T10:03:38.383+0100: 15199.859: [GC 15199.859: [ParNew: 1178156K->110480K(1188864K), 0.1029040 secs] 1751806K->691085K(1965056K), 0.1031800 secs] [Times: user=0.64 sys=0.01, real=0.10 secs] 
2011-08-25T10:04:19.972+0100: 15241.449: [GC 15241.449: [ParNew: 1167248K->111056K(1188864K), 0.1246620 secs] 1747853K->697170K(1965056K), 0.1249310 secs] [Times: user=0.65 sys=0.01, real=0.13 secs] 
2011-08-25T10:05:06.674+0100: 15288.150: [GC 15288.151: [ParNew: 1167824K->132096K(1188864K), 0.1500340 secs] 1753938K->724833K(1965056K), 0.1502870 secs] [Times: user=0.82 sys=0.01, real=0.15 secs] 
2011-08-25T10:05:41.175+0100: 15322.651: [GC 15322.652: [ParNew: 1188864K->96135K(1188864K), 0.1905830 secs] 1781601K->719539K(1965056K), 0.1909530 secs] [Times: user=0.72 sys=0.01, real=0.19 secs] 
2011-08-25T10:06:17.635+0100: 15359.111: [GC 15359.112: [ParNew: 1152903K->99475K(1188864K), 0.0981270 secs] 1776307K->722880K(1965056K), 0.0983950 secs] [Times: user=0.68 sys=0.01, real=0.10 secs] 
2011-08-25T10:07:05.019+0100: 15406.495: [GC 15406.495: [ParNew: 1156243K->107542K(1188864K), 0.1950370 secs] 1779648K->760532K(1965056K), 0.1952630 secs] [Times: user=0.85 sys=0.01, real=0.20 secs] 
2011-08-25T10:07:43.374+0100: 15444.851: [GC 15444.851: [ParNew: 1164310K->92647K(1188864K), 0.1673930 secs] 1817300K->770567K(1965056K), 0.1676120 secs] [Times: user=0.71 sys=0.01, real=0.17 secs] 
2011-08-25T10:08:17.751+0100: 15479.227: [GC 15479.227: [ParNew: 1149415K->121309K(1188864K), 0.1288040 secs] 1827335K->799229K(1965056K), 0.1290210 secs] [Times: user=0.72 sys=0.02, real=0.13 secs] 
2011-08-25T10:09:06.981+0100: 15528.457: [GC 15528.457: [ParNew: 1178077K->107517K(1188864K), 0.1976880 secs] 1855997K->816287K(1965056K), 0.1979860 secs] [Times: user=0.86 sys=0.01, real=0.20 secs] 
2011-08-25T10:09:07.181+0100: 15528.657: [GC [1 CMS-initial-mark: 708770K(776192K)] 824974K(1965056K), 0.1398610 secs] [Times: user=0.14 sys=0.01, real=0.14 secs] 
2011-08-25T10:09:07.321+0100: 15528.797: [CMS-concurrent-mark-start]
2011-08-25T10:09:08.197+0100: 15529.673: [CMS-concurrent-mark: 0.876/0.876 secs] [Times: user=4.22 sys=0.05, real=0.88 secs] 
2011-08-25T10:09:08.197+0100: 15529.674: [CMS-concurrent-preclean-start]
2011-08-25T10:09:08.211+0100: 15529.687: [CMS-concurrent-preclean: 0.011/0.013 secs] [Times: user=0.03 sys=0.00, real=0.01 secs] 
2011-08-25T10:09:08.211+0100: 15529.687: [CMS-concurrent-abortable-preclean-start]
 CMS: abort preclean due to time 2011-08-25T10:09:13.219+0100: 15534.696: [CMS-concurrent-abortable-preclean: 4.293/5.008 secs] [Times: user=4.63 sys=0.08, real=5.01 secs] 
2011-08-25T10:09:13.220+0100: 15534.696: [GC[YG occupancy: 431792 K (1188864 K)]15534.697: [Rescan (parallel) , 0.6456400 secs]15535.342: [weak refs processing, 0.0000880 secs] [1 CMS-remark: 708770K(776192K)] 1140562K(1965056K), 0.6458930 secs] [Times: user=0.95 sys=0.90, real=0.64 secs] 
2011-08-25T10:09:13.867+0100: 15535.343: [CMS-concurrent-sweep-start]
2011-08-25T10:09:14.979+0100: 15536.455: [CMS-concurrent-sweep: 1.112/1.112 secs] [Times: user=1.14 sys=0.01, real=1.11 secs] 
2011-08-25T10:09:14.979+0100: 15536.455: [CMS-concurrent-reset-start]
2011-08-25T10:09:14.991+0100: 15536.468: [CMS-concurrent-reset: 0.013/0.013 secs] [Times: user=0.02 sys=0.00, real=0.01 secs] 
2011-08-25T10:09:51.764+0100: 15573.240: [GC 15573.240: [ParNew: 1164285K->84992K(1188864K), 0.1985710 secs] 1595724K->545637K(1965056K), 0.1988000 secs] [Times: user=0.70 sys=0.01, real=0.20 secs] 
2011-08-25T10:10:27.877+0100: 15609.353: [GC 15609.353: [ParNew: 1141760K->98912K(1188864K), 0.0871100 secs] 1602405K->559557K(1965056K), 0.0873430 secs] [Times: user=0.63 sys=0.01, real=0.08 secs] 
2011-08-25T10:11:10.385+0100: 15651.862: [GC 15651.862: [ParNew: 1155680K->121577K(1188864K), 0.1082590 secs] 1616325K->586370K(1965056K), 0.1085000 secs] [Times: user=0.67 sys=0.00, real=0.11 secs] 
2011-08-25T10:11:59.231+0100: 15700.707: [GC 15700.707: [ParNew: 1178345K->100486K(1188864K), 0.1035490 secs] 1643138K->567971K(1965056K), 0.1037770 secs] [Times: user=0.62 sys=0.01, real=0.10 secs] 
2011-08-25T10:12:35.342+0100: 15736.818: [GC 15736.818: [ParNew: 1157254K->102550K(1188864K), 0.0991110 secs] 1624739K->574328K(1965056K), 0.0993370 secs] [Times: user=0.69 sys=0.00, real=0.10 secs] 
2011-08-25T10:13:08.485+0100: 15769.962: [GC 15769.962: [ParNew: 1159318K->125522K(1188864K), 0.1042090 secs] 1631096K->601916K(1965056K), 0.1044410 secs] [Times: user=0.70 sys=0.01, real=0.10 secs] 
2011-08-25T10:13:47.589+0100: 15809.066: [GC 15809.066: [ParNew: 1182290K->113371K(1188864K), 0.0927130 secs] 1658684K->594384K(1965056K), 0.0929770 secs] [Times: user=0.67 sys=0.00, real=0.09 secs] 
2011-08-25T10:14:27.805+0100: 15849.281: [GC 15849.281: [ParNew: 1170139K->89909K(1188864K), 0.0945390 secs] 1651152K->575920K(1965056K), 0.0947650 secs] [Times: user=0.64 sys=0.01, real=0.09 secs] 
2011-08-25T10:15:08.099+0100: 15889.575: [GC 15889.575: [ParNew: 1146677K->132096K(1188864K), 0.1166170 secs] 1632688K->623351K(1965056K), 0.1169930 secs] [Times: user=0.77 sys=0.02, real=0.12 secs] 
2011-08-25T10:15:56.388+0100: 15937.864: [GC 15937.865: [ParNew: 1188864K->99758K(1188864K), 0.2054880 secs] 1680119K->617465K(1965056K), 0.2057950 secs] [Times: user=0.83 sys=0.02, real=0.21 secs] 
2011-08-25T10:16:27.663+0100: 15969.140: [GC 15969.140: [ParNew: 1156526K->105444K(1188864K), 0.1865730 secs] 1674233K->623151K(1965056K), 0.1868470 secs] [Times: user=0.77 sys=0.06, real=0.19 secs] 
2011-08-25T10:17:08.096+0100: 16009.572: [GC 16009.572: [ParNew: 1162212K->132096K(1188864K), 0.1388760 secs] 1679919K->654937K(1965056K), 0.1392150 secs] [Times: user=0.76 sys=0.00, real=0.14 secs] 
2011-08-25T10:17:54.262+0100: 16055.739: [GC 16055.739: [ParNew: 1188864K->94665K(1188864K), 0.1646370 secs] 1711705K->643191K(1965056K), 0.1649320 secs] [Times: user=0.71 sys=0.01, real=0.17 secs] 
2011-08-25T10:18:27.755+0100: 16089.232: [GC 16089.232: [ParNew: 1151433K->124824K(1188864K), 0.0981290 secs] 1699959K->673350K(1965056K), 0.0984120 secs] [Times: user=0.67 sys=0.01, real=0.10 secs] 
2011-08-25T10:19:17.474+0100: 16138.951: [GC 16138.951: [ParNew: 1181592K->101378K(1188864K), 0.2057670 secs] 1730118K->680300K(1965056K), 0.2059940 secs] [Times: user=0.78 sys=0.02, real=0.20 secs] 
2011-08-25T10:20:07.644+0100: 16189.120: [GC 16189.120: [ParNew: 1158146K->132096K(1188864K), 0.0915160 secs] 1737068K->713102K(1965056K), 0.0918240 secs] [Times: user=0.67 sys=0.01, real=0.09 secs] 
2011-08-25T10:20:40.394+0100: 16221.871: [GC 16221.871: [ParNew: 1188864K->120373K(1188864K), 0.1080380 secs] 1769870K->704221K(1965056K), 0.1083060 secs] [Times: user=0.63 sys=0.00, real=0.11 secs] 
2011-08-25T10:21:22.431+0100: 16263.907: [GC 16263.907: [ParNew: 1177141K->121387K(1188864K), 0.0955970 secs] 1760989K->710062K(1965056K), 0.0958080 secs] [Times: user=0.66 sys=0.01, real=0.09 secs] 
2011-08-25T10:22:07.503+0100: 16308.980: [GC 16308.980: [ParNew: 1178155K->121282K(1188864K), 0.1261630 secs] 1766830K->712926K(1965056K), 0.1264600 secs] [Times: user=0.85 sys=0.01, real=0.12 secs] 
2011-08-25T10:22:47.867+0100: 16349.344: [GC 16349.344: [ParNew: 1178050K->99765K(1188864K), 0.1872780 secs] 1769694K->720818K(1965056K), 0.1875420 secs] [Times: user=0.74 sys=0.01, real=0.18 secs] 
2011-08-25T10:23:27.763+0100: 16389.239: [GC 16389.239: [ParNew: 1156533K->106686K(1188864K), 0.1011770 secs] 1777586K->727739K(1965056K), 0.1014440 secs] [Times: user=0.66 sys=0.01, real=0.10 secs] 
2011-08-25T10:24:08.150+0100: 16429.626: [GC 16429.626: [ParNew: 1163454K->113677K(1188864K), 0.1248120 secs] 1784507K->737614K(1965056K), 0.1251830 secs] [Times: user=0.74 sys=0.02, real=0.12 secs] 
2011-08-25T10:24:47.537+0100: 16469.013: [GC 16469.014: [ParNew: 1170445K->96435K(1188864K), 0.2147870 secs] 1794382K->755805K(1965056K), 0.2150670 secs] [Times: user=0.79 sys=0.02, real=0.22 secs] 
2011-08-25T10:25:18.154+0100: 16499.630: [GC 16499.631: [ParNew: 1153203K->104406K(1188864K), 0.0977390 secs] 1812573K->763776K(1965056K), 0.0980100 secs] [Times: user=0.65 sys=0.02, real=0.09 secs] 
2011-08-25T10:26:07.694+0100: 16549.170: [GC 16549.170: [ParNew: 1161174K->132096K(1188864K), 0.1277590 secs] 1820544K->797123K(1965056K), 0.1280890 secs] [Times: user=0.82 sys=0.02, real=0.13 secs] 
2011-08-25T10:26:47.852+0100: 16589.328: [GC 16589.328: [ParNew: 1188864K->101505K(1188864K), 0.1974760 secs] 1853891K->795985K(1965056K), 0.1977030 secs] [Times: user=0.72 sys=0.02, real=0.20 secs] 
2011-08-25T10:27:18.027+0100: 16619.503: [GC 16619.504: [ParNew: 1158273K->102051K(1188864K), 0.0910590 secs] 1852753K->796531K(1965056K), 0.0912780 secs] [Times: user=0.65 sys=0.01, real=0.09 secs] 
2011-08-25T10:28:07.821+0100: 16669.298: [GC 16669.298: [ParNew: 1158819K->117004K(1188864K), 0.1093930 secs] 1853299K->816266K(1965056K), 0.1096330 secs] [Times: user=0.77 sys=0.01, real=0.11 secs] 
2011-08-25T10:28:47.803+0100: 16709.279: [GC 16709.280: [ParNew: 1173772K->93329K(1188864K), 0.1799990 secs] 1873034K->820580K(1965056K), 0.1802700 secs] [Times: user=0.73 sys=0.01, real=0.18 secs] 
2011-08-25T10:28:47.984+0100: 16709.460: [GC [1 CMS-initial-mark: 727250K(776192K)] 828542K(1965056K), 0.0974470 secs] [Times: user=0.09 sys=0.00, real=0.10 secs] 
2011-08-25T10:28:48.085+0100: 16709.561: [CMS-concurrent-mark-start]
2011-08-25T10:28:48.954+0100: 16710.430: [CMS-concurrent-mark: 0.869/0.869 secs] [Times: user=3.74 sys=0.03, real=0.87 secs] 
2011-08-25T10:28:48.954+0100: 16710.430: [CMS-concurrent-preclean-start]
2011-08-25T10:28:48.960+0100: 16710.436: [CMS-concurrent-preclean: 0.005/0.006 secs] [Times: user=0.01 sys=0.00, real=0.01 secs] 
2011-08-25T10:28:48.960+0100: 16710.437: [CMS-concurrent-abortable-preclean-start]
 CMS: abort preclean due to time 2011-08-25T10:28:54.034+0100: 16715.511: [CMS-concurrent-abortable-preclean: 4.357/5.074 secs] [Times: user=4.55 sys=0.04, real=5.07 secs] 
2011-08-25T10:28:54.035+0100: 16715.511: [GC[YG occupancy: 237982 K (1188864 K)]16715.512: [Rescan (parallel) , 0.1884910 secs]16715.700: [weak refs processing, 0.0001110 secs] [1 CMS-remark: 727250K(776192K)] 965233K(1965056K), 0.1887610 secs] [Times: user=0.43 sys=0.25, real=0.19 secs] 
2011-08-25T10:28:54.224+0100: 16715.701: [CMS-concurrent-sweep-start]
2011-08-25T10:28:55.418+0100: 16716.894: [CMS-concurrent-sweep: 1.193/1.193 secs] [Times: user=1.28 sys=0.01, real=1.20 secs] 
2011-08-25T10:28:55.418+0100: 16716.894: [CMS-concurrent-reset-start]
2011-08-25T10:28:55.435+0100: 16716.911: [CMS-concurrent-reset: 0.017/0.017 secs] [Times: user=0.02 sys=0.00, real=0.01 secs] 
2011-08-25T10:29:28.917+0100: 16750.394: [GC 16750.394: [ParNew: 1150097K->96569K(1188864K), 0.1050610 secs] 1586085K->532557K(1965056K), 0.1053360 secs] [Times: user=0.62 sys=0.02, real=0.11 secs] 
2011-08-25T10:30:17.900+0100: 16799.376: [GC 16799.376: [ParNew: 1153337K->127258K(1188864K), 0.1064530 secs] 1589325K->567820K(1965056K), 0.1066800 secs] [Times: user=0.69 sys=0.00, real=0.10 secs] 
2011-08-25T10:31:08.012+0100: 16849.489: [GC 16849.489: [ParNew: 1184026K->122190K(1188864K), 0.1011190 secs] 1624588K->565940K(1965056K), 0.1013550 secs] [Times: user=0.67 sys=0.00, real=0.11 secs] 
2011-08-25T10:32:01.306+0100: 16902.782: [GC 16902.782: [ParNew: 1178958K->113089K(1188864K), 0.1085120 secs] 1622708K->559942K(1965056K), 0.1087600 secs] [Times: user=0.63 sys=0.01, real=0.11 secs] 
2011-08-25T10:32:37.851+0100: 16939.327: [GC 16939.327: [ParNew: 1169857K->103442K(1188864K), 0.0903680 secs] 1616710K->553402K(1965056K), 0.0905960 secs] [Times: user=0.63 sys=0.01, real=0.09 secs] 
2011-08-25T10:33:17.623+0100: 16979.099: [GC 16979.099: [ParNew: 1160210K->132096K(1188864K), 0.0987170 secs] 1610170K->587144K(1965056K), 0.0989510 secs] [Times: user=0.72 sys=0.00, real=0.10 secs] 
2011-08-25T10:34:03.032+0100: 17024.508: [GC 17024.508: [ParNew: 1188864K->106637K(1188864K), 0.2222630 secs] 1643912K->591051K(1965056K), 0.2225470 secs] [Times: user=0.85 sys=0.01, real=0.22 secs] 
2011-08-25T10:34:45.177+0100: 17066.653: [GC 17066.653: [ParNew: 1163405K->96394K(1188864K), 0.1561020 secs] 1647819K->604650K(1965056K), 0.1563590 secs] [Times: user=0.72 sys=0.02, real=0.16 secs] 
2011-08-25T10:35:27.832+0100: 17109.308: [GC 17109.308: [ParNew: 1153162K->101726K(1188864K), 0.0860430 secs] 1661418K->609982K(1965056K), 0.0863110 secs] [Times: user=0.61 sys=0.00, real=0.08 secs] 
2011-08-25T10:36:09.457+0100: 17150.933: [GC 17150.933: [ParNew: 1158494K->113003K(1188864K), 0.1195680 secs] 1666750K->627019K(1965056K), 0.1198590 secs] [Times: user=0.70 sys=0.01, real=0.12 secs] 
2011-08-25T10:36:56.925+0100: 17198.402: [GC 17198.402: [ParNew: 1169771K->121565K(1188864K), 0.1027630 secs] 1683787K->638230K(1965056K), 0.1029830 secs] [Times: user=0.67 sys=0.01, real=0.10 secs] 
2011-08-25T10:37:37.521+0100: 17238.998: [GC 17238.998: [ParNew: 1178333K->129653K(1188864K), 0.1024280 secs] 1694998K->650287K(1965056K), 0.1026560 secs] [Times: user=0.70 sys=0.02, real=0.10 secs] 
2011-08-25T10:38:17.802+0100: 17279.278: [GC 17279.278: [ParNew: 1186421K->101077K(1188864K), 0.1036230 secs] 1707055K->628133K(1965056K), 0.1038370 secs] [Times: user=0.69 sys=0.01, real=0.10 secs] 
2011-08-25T10:39:07.552+0100: 17329.029: [GC 17329.029: [ParNew: 1157845K->132096K(1188864K), 0.1332840 secs] 1684901K->665201K(1965056K), 0.1334960 secs] [Times: user=0.83 sys=0.01, real=0.14 secs] 
2011-08-25T10:39:47.850+0100: 17369.326: [GC 17369.326: [ParNew: 1188864K->100429K(1188864K), 0.1748850 secs] 1721969K->662431K(1965056K), 0.1751030 secs] [Times: user=0.70 sys=0.01, real=0.18 secs] 
2011-08-25T10:40:27.736+0100: 17409.213: [GC 17409.213: [ParNew: 1157197K->102120K(1188864K), 0.1009610 secs] 1719199K->664121K(1965056K), 0.1011700 secs] [Times: user=0.67 sys=0.02, real=0.10 secs] 
2011-08-25T10:41:08.258+0100: 17449.734: [GC 17449.734: [ParNew: 1158888K->117390K(1188864K), 0.1199010 secs] 1720889K->682355K(1965056K), 0.1202860 secs] [Times: user=0.75 sys=0.01, real=0.12 secs] 
2011-08-25T10:41:54.916+0100: 17496.392: [GC 17496.393: [ParNew: 1174158K->103497K(1188864K), 0.1788960 secs] 1739123K->694014K(1965056K), 0.1791980 secs] [Times: user=0.72 sys=0.01, real=0.18 secs] 
2011-08-25T10:42:27.728+0100: 17529.204: [GC 17529.204: [ParNew: 1160265K->108675K(1188864K), 0.0974590 secs] 1750782K->699192K(1965056K), 0.0977730 secs] [Times: user=0.67 sys=0.02, real=0.10 secs] 
2011-08-25T10:43:09.239+0100: 17570.715: [GC 17570.715: [ParNew: 1165443K->116578K(1188864K), 0.1118200 secs] 1755960K->712110K(1965056K), 0.1121030 secs] [Times: user=0.67 sys=0.01, real=0.11 secs] 
2011-08-25T10:43:57.476+0100: 17618.952: [GC 17618.952: [ParNew: 1173346K->101785K(1188864K), 0.1057440 secs] 1768878K->700748K(1965056K), 0.1059960 secs] [Times: user=0.67 sys=0.01, real=0.11 secs] 
2011-08-25T10:44:37.583+0100: 17659.060: [GC 17659.060: [ParNew: 1158553K->124452K(1188864K), 0.0971550 secs] 1757516K->725561K(1965056K), 0.0974380 secs] [Times: user=0.66 sys=0.01, real=0.09 secs] 
2011-08-25T10:45:18.162+0100: 17699.638: [GC 17699.638: [ParNew: 1181220K->125521K(1188864K), 0.1071830 secs] 1782329K->730336K(1965056K), 0.1074640 secs] [Times: user=0.67 sys=0.01, real=0.11 secs] 
2011-08-25T10:46:07.695+0100: 17749.171: [GC 17749.171: [ParNew: 1182289K->132096K(1188864K), 0.1275460 secs] 1787104K->743665K(1965056K), 0.1278020 secs] [Times: user=0.86 sys=0.01, real=0.13 secs] 
2011-08-25T10:46:47.563+0100: 17789.039: [GC 17789.039: [ParNew: 1188864K->108906K(1188864K), 0.1897860 secs] 1800433K->750351K(1965056K), 0.1900150 secs] [Times: user=0.80 sys=0.02, real=0.19 secs] 
2011-08-25T10:47:27.486+0100: 17828.962: [GC 17828.962: [ParNew: 1165674K->109035K(1188864K), 0.0916250 secs] 1807119K->750481K(1965056K), 0.0919530 secs] [Times: user=0.67 sys=0.00, real=0.09 secs] 
2011-08-25T10:48:09.430+0100: 17870.906: [GC 17870.907: [ParNew: 1165803K->100666K(1188864K), 0.1732920 secs] 1807249K->765433K(1965056K), 0.1735580 secs] [Times: user=0.73 sys=0.03, real=0.17 secs] 
2011-08-25T10:48:57.670+0100: 17919.146: [GC 17919.147: [ParNew: 1157434K->93891K(1188864K), 0.0898440 secs] 1822201K->758657K(1965056K), 0.0900590 secs] [Times: user=0.62 sys=0.00, real=0.09 secs] 
2011-08-25T10:49:36.778+0100: 17958.254: [GC 17958.254: [ParNew: 1150659K->125011K(1188864K), 0.1227280 secs] 1815425K->793172K(1965056K), 0.1229710 secs] [Times: user=0.66 sys=0.00, real=0.12 secs] 
2011-08-25T10:50:17.385+0100: 17998.861: [GC 17998.861: [ParNew: 1181779K->96493K(1188864K), 0.1603050 secs] 1849940K->790999K(1965056K), 0.1605250 secs] [Times: user=0.77 sys=0.00, real=0.16 secs] 
2011-08-25T10:51:03.193+0100: 18044.669: [GC 18044.669: [ParNew: 1153261K->126652K(1188864K), 0.1184750 secs] 1847767K->821158K(1965056K), 0.1187250 secs] [Times: user=0.75 sys=0.00, real=0.12 secs] 
2011-08-25T10:51:44.214+0100: 18085.691: [GC 18085.691: [ParNew: 1183420K->100665K(1188864K), 0.1741140 secs] 1877926K->821015K(1965056K), 0.1743490 secs] [Times: user=0.69 sys=0.00, real=0.17 secs] 
2011-08-25T10:51:44.391+0100: 18085.868: [GC [1 CMS-initial-mark: 720350K(776192K)] 829480K(1965056K), 0.0909370 secs] [Times: user=0.09 sys=0.00, real=0.09 secs] 
2011-08-25T10:51:44.483+0100: 18085.959: [CMS-concurrent-mark-start]
2011-08-25T10:51:45.373+0100: 18086.849: [CMS-concurrent-mark: 0.890/0.890 secs] [Times: user=3.52 sys=0.07, real=0.89 secs] 
2011-08-25T10:51:45.373+0100: 18086.849: [CMS-concurrent-preclean-start]
2011-08-25T10:51:45.376+0100: 18086.853: [CMS-concurrent-preclean: 0.003/0.004 secs] [Times: user=0.01 sys=0.00, real=0.00 secs] 
2011-08-25T10:51:45.376+0100: 18086.853: [CMS-concurrent-abortable-preclean-start]
 CMS: abort preclean due to time 2011-08-25T10:51:50.477+0100: 18091.953: [CMS-concurrent-abortable-preclean: 4.279/5.100 secs] [Times: user=4.97 sys=0.16, real=5.10 secs] 
2011-08-25T10:51:50.478+0100: 18091.954: [GC[YG occupancy: 340062 K (1188864 K)]18091.954: [Rescan (parallel) , 0.1864760 secs]18092.141: [weak refs processing, 0.0001510 secs] [1 CMS-remark: 720350K(776192K)] 1060412K(1965056K), 0.1868290 secs] [Times: user=0.60 sys=0.15, real=0.19 secs] 
2011-08-25T10:51:50.665+0100: 18092.141: [CMS-concurrent-sweep-start]
2011-08-25T10:51:51.786+0100: 18093.263: [CMS-concurrent-sweep: 1.121/1.121 secs] [Times: user=1.16 sys=0.02, real=1.12 secs] 
2011-08-25T10:51:51.786+0100: 18093.263: [CMS-concurrent-reset-start]
2011-08-25T10:51:51.797+0100: 18093.273: [CMS-concurrent-reset: 0.011/0.011 secs] [Times: user=0.01 sys=0.00, real=0.01 secs] 
2011-08-25T10:52:18.106+0100: 18119.583: [GC 18119.583: [ParNew: 1157433K->87904K(1188864K), 0.0967870 secs] 1594182K->524653K(1965056K), 0.0970360 secs] [Times: user=0.63 sys=0.02, real=0.10 secs] 
2011-08-25T10:53:07.797+0100: 18169.273: [GC 18169.273: [ParNew: 1144672K->123257K(1188864K), 0.1086070 secs] 1581421K->563985K(1965056K), 0.1088730 secs] [Times: user=0.76 sys=0.01, real=0.11 secs] 
2011-08-25T10:53:51.586+0100: 18213.063: [GC 18213.063: [ParNew: 1180025K->99324K(1188864K), 0.1699820 secs] 1620753K->567296K(1965056K), 0.1702080 secs] [Times: user=0.70 sys=0.00, real=0.17 secs] 
2011-08-25T10:54:27.772+0100: 18249.248: [GC 18249.248: [ParNew: 1156092K->108456K(1188864K), 0.0971330 secs] 1624064K->576428K(1965056K), 0.0973690 secs] [Times: user=0.65 sys=0.00, real=0.10 secs] 
2011-08-25T10:55:08.258+0100: 18289.734: [GC 18289.735: [ParNew: 1165224K->105365K(1188864K), 0.1560860 secs] 1633196K->596219K(1965056K), 0.1563190 secs] [Times: user=0.75 sys=0.01, real=0.16 secs] 
2011-08-25T10:55:53.986+0100: 18335.463: [GC 18335.463: [ParNew: 1162133K->110808K(1188864K), 0.0909210 secs] 1652987K->601662K(1965056K), 0.0912220 secs] [Times: user=0.61 sys=0.01, real=0.10 secs] 
2011-08-25T10:56:27.805+0100: 18369.281: [GC 18369.282: [ParNew: 1167576K->124997K(1188864K), 0.1006820 secs] 1658430K->619234K(1965056K), 0.1013470 secs] [Times: user=0.67 sys=0.01, real=0.10 secs] 
2011-08-25T10:57:08.218+0100: 18409.694: [GC 18409.694: [ParNew: 1181765K->118069K(1188864K), 0.1246450 secs] 1676002K->617213K(1965056K), 0.1249250 secs] [Times: user=0.77 sys=0.02, real=0.12 secs] 
2011-08-25T10:57:48.046+0100: 18449.522: [GC 18449.523: [ParNew: 1174837K->97604K(1188864K), 0.1664400 secs] 1673981K->622838K(1965056K), 0.1667050 secs] [Times: user=0.69 sys=0.01, real=0.17 secs] 
2011-08-25T10:58:31.982+0100: 18493.459: [GC 18493.459: [ParNew: 1154372K->102409K(1188864K), 0.0871560 secs] 1679606K->627644K(1965056K), 0.0874530 secs] [Times: user=0.61 sys=0.01, real=0.09 secs] 
2011-08-25T10:59:09.205+0100: 18530.681: [GC 18530.681: [ParNew: 1159177K->111062K(1188864K), 0.1072990 secs] 1684412K->640520K(1965056K), 0.1075170 secs] [Times: user=0.66 sys=0.02, real=0.11 secs] 
2011-08-25T10:59:57.550+0100: 18579.026: [GC 18579.026: [ParNew: 1167830K->113293K(1188864K), 0.1077880 secs] 1697288K->644528K(1965056K), 0.1080130 secs] [Times: user=0.70 sys=0.01, real=0.11 secs] 
2011-08-25T11:00:37.525+0100: 18619.001: [GC 18619.001: [ParNew: 1170061K->122130K(1188864K), 0.1045540 secs] 1701296K->656158K(1965056K), 0.1048250 secs] [Times: user=0.68 sys=0.01, real=0.11 secs] 
2011-08-25T11:01:17.564+0100: 18659.040: [GC 18659.040: [ParNew: 1178898K->103483K(1188864K), 0.1818910 secs] 1712926K->662592K(1965056K), 0.1821740 secs] [Times: user=0.80 sys=0.02, real=0.18 secs] 
2011-08-25T11:02:02.778+0100: 18704.255: [GC 18704.255: [ParNew: 1160251K->91747K(1188864K), 0.1789550 secs] 1719360K->676418K(1965056K), 0.1791650 secs] [Times: user=0.76 sys=0.02, real=0.18 secs] 
2011-08-25T11:02:41.649+0100: 18743.125: [GC 18743.125: [ParNew: 1148515K->117993K(1188864K), 0.0889790 secs] 1733186K->702663K(1965056K), 0.0892110 secs] [Times: user=0.62 sys=0.00, real=0.09 secs] 
2011-08-25T11:03:17.839+0100: 18779.315: [GC 18779.315: [ParNew: 1174761K->132096K(1188864K), 0.0965150 secs] 1759431K->722614K(1965056K), 0.0967540 secs] [Times: user=0.69 sys=0.00, real=0.09 secs] 
2011-08-25T11:04:07.792+0100: 18829.268: [GC 18829.268: [ParNew: 1188864K->132096K(1188864K), 0.1253550 secs] 1779382K->727798K(1965056K), 0.1256320 secs] [Times: user=0.78 sys=0.01, real=0.13 secs] 
2011-08-25T11:04:47.836+0100: 18869.313: [GC 18869.313: [ParNew: 1188864K->95563K(1188864K), 0.1764850 secs] 1784566K->718709K(1965056K), 0.1767580 secs] [Times: user=0.67 sys=0.01, real=0.18 secs] 
2011-08-25T11:05:27.986+0100: 18909.463: [GC 18909.463: [ParNew: 1152331K->86239K(1188864K), 0.0924900 secs] 1775477K->709384K(1965056K), 0.0928210 secs] [Times: user=0.65 sys=0.01, real=0.09 secs] 
2011-08-25T11:06:17.636+0100: 18959.112: [GC 18959.112: [ParNew: 1143007K->132096K(1188864K), 0.1079680 secs] 1766152K->762163K(1965056K), 0.1082430 secs] [Times: user=0.75 sys=0.01, real=0.11 secs] 
2011-08-25T11:07:03.839+0100: 19005.315: [GC 19005.315: [ParNew: 1188864K->96973K(1188864K), 0.1906170 secs] 1818931K->755731K(1965056K), 0.1908500 secs] [Times: user=0.80 sys=0.01, real=0.19 secs] 
2011-08-25T11:07:40.706+0100: 19042.182: [GC 19042.183: [ParNew: 1153741K->96861K(1188864K), 0.1587920 secs] 1812499K->777481K(1965056K), 0.1590650 secs] [Times: user=0.65 sys=0.01, real=0.15 secs] 
2011-08-25T11:08:18.017+0100: 19079.494: [GC 19079.494: [ParNew: 1153629K->97182K(1188864K), 0.0942040 secs] 1834249K->777802K(1965056K), 0.0944760 secs] [Times: user=0.63 sys=0.01, real=0.10 secs] 
2011-08-25T11:09:07.729+0100: 19129.205: [GC 19129.206: [ParNew: 1153950K->132096K(1188864K), 0.1313210 secs] 1834570K->818924K(1965056K), 0.1316510 secs] [Times: user=0.88 sys=0.02, real=0.13 secs] 
2011-08-25T11:09:47.795+0100: 19169.271: [GC 19169.271: [ParNew: 1188864K->99508K(1188864K), 0.1672020 secs] 1875692K->813826K(1965056K), 0.1674690 secs] [Times: user=0.71 sys=0.02, real=0.17 secs] 
2011-08-25T11:09:47.963+0100: 19169.440: [GC [1 CMS-initial-mark: 714317K(776192K)] 826833K(1965056K), 0.0991620 secs] [Times: user=0.10 sys=0.00, real=0.10 secs] 
2011-08-25T11:09:48.063+0100: 19169.539: [CMS-concurrent-mark-start]
2011-08-25T11:09:48.948+0100: 19170.424: [CMS-concurrent-mark: 0.885/0.885 secs] [Times: user=3.66 sys=0.04, real=0.88 secs] 
2011-08-25T11:09:48.948+0100: 19170.424: [CMS-concurrent-preclean-start]
2011-08-25T11:09:48.953+0100: 19170.429: [CMS-concurrent-preclean: 0.004/0.005 secs] [Times: user=0.00 sys=0.00, real=0.01 secs] 
2011-08-25T11:09:48.953+0100: 19170.429: [CMS-concurrent-abortable-preclean-start]
 CMS: abort preclean due to time 2011-08-25T11:09:54.050+0100: 19175.526: [CMS-concurrent-abortable-preclean: 3.976/5.097 secs] [Times: user=4.17 sys=0.04, real=5.09 secs] 
2011-08-25T11:09:54.051+0100: 19175.527: [GC[YG occupancy: 197644 K (1188864 K)]19175.527: [Rescan (parallel) , 0.1049000 secs]19175.632: [weak refs processing, 0.0001100 secs] [1 CMS-remark: 714317K(776192K)] 911962K(1965056K), 0.1052000 secs] [Times: user=0.30 sys=0.11, real=0.10 secs] 
2011-08-25T11:09:54.156+0100: 19175.633: [CMS-concurrent-sweep-start]
2011-08-25T11:09:55.335+0100: 19176.811: [CMS-concurrent-sweep: 1.179/1.179 secs] [Times: user=1.24 sys=0.02, real=1.18 secs] 
2011-08-25T11:09:55.335+0100: 19176.812: [CMS-concurrent-reset-start]
2011-08-25T11:09:55.350+0100: 19176.826: [CMS-concurrent-reset: 0.014/0.014 secs] [Times: user=0.02 sys=0.00, real=0.01 secs] 
2011-08-25T11:10:27.849+0100: 19209.325: [GC 19209.326: [ParNew: 1156276K->104558K(1188864K), 0.0882510 secs] 1593670K->541952K(1965056K), 0.0884930 secs] [Times: user=0.61 sys=0.00, real=0.09 secs] 
2011-08-25T11:11:17.549+0100: 19259.025: [GC 19259.025: [ParNew: 1161326K->119952K(1188864K), 0.1066910 secs] 1598720K->561522K(1965056K), 0.1069240 secs] [Times: user=0.75 sys=0.00, real=0.11 secs] 
2011-08-25T11:12:03.753+0100: 19305.230: [GC 19305.230: [ParNew: 1176720K->118786K(1188864K), 0.1990190 secs] 1618290K->589397K(1965056K), 0.1992960 secs] [Times: user=0.80 sys=0.01, real=0.20 secs] 
2011-08-25T11:12:45.338+0100: 19346.814: [GC 19346.814: [ParNew: 1175554K->88424K(1188864K), 0.1944700 secs] 1646165K->586828K(1965056K), 0.1947380 secs] [Times: user=0.80 sys=0.01, real=0.20 secs] 
2011-08-25T11:13:27.604+0100: 19389.080: [GC 19389.080: [ParNew: 1145192K->115568K(1188864K), 0.0865540 secs] 1643596K->613973K(1965056K), 0.0868210 secs] [Times: user=0.64 sys=0.00, real=0.09 secs] 
2011-08-25T11:14:10.706+0100: 19432.182: [GC 19432.182: [ParNew: 1172336K->99919K(1188864K), 0.1016100 secs] 1670741K->604546K(1965056K), 0.1022130 secs] [Times: user=0.68 sys=0.02, real=0.10 secs] 
2011-08-25T11:14:57.979+0100: 19479.456: [GC 19479.456: [ParNew: 1156687K->121959K(1188864K), 0.0930560 secs] 1661314K->629695K(1965056K), 0.0933870 secs] [Times: user=0.63 sys=0.01, real=0.09 secs] 
2011-08-25T11:15:37.725+0100: 19519.201: [GC 19519.201: [ParNew: 1178727K->129052K(1188864K), 0.1154510 secs] 1686463K->638512K(1965056K), 0.1157730 secs] [Times: user=0.67 sys=0.00, real=0.12 secs] 
2011-08-25T11:16:17.669+0100: 19559.146: [GC 19559.146: [ParNew: 1185820K->121945K(1188864K), 0.1731740 secs] 1695280K->634421K(1965056K), 0.1734130 secs] [Times: user=0.86 sys=0.04, real=0.18 secs] 
2011-08-25T11:17:03.270+0100: 19604.747: [GC 19604.747: [ParNew: 1178713K->100684K(1188864K), 0.1968120 secs] 1691189K->644878K(1965056K), 0.1970510 secs] [Times: user=0.79 sys=0.01, real=0.19 secs] 
2011-08-25T11:17:40.927+0100: 19642.404: [GC 19642.404: [ParNew: 1157452K->105520K(1188864K), 0.0871410 secs] 1701646K->649714K(1965056K), 0.0873800 secs] [Times: user=0.63 sys=0.00, real=0.09 secs] 
2011-08-25T11:18:22.778+0100: 19684.254: [GC 19684.254: [ParNew: 1162288K->118810K(1188864K), 0.0985100 secs] 1706482K->668223K(1965056K), 0.0988750 secs] [Times: user=0.65 sys=0.01, real=0.10 secs] 
2011-08-25T11:19:08.222+0100: 19729.699: [GC 19729.699: [ParNew: 1175578K->117184K(1188864K), 0.1178000 secs] 1724991K->670876K(1965056K), 0.1181770 secs] [Times: user=0.74 sys=0.01, real=0.11 secs] 
2011-08-25T11:19:57.579+0100: 19779.055: [GC 19779.056: [ParNew: 1173952K->96327K(1188864K), 0.1782690 secs] 1727644K->676517K(1965056K), 0.1786490 secs] [Times: user=0.73 sys=0.01, real=0.18 secs] 
2011-08-25T11:20:37.756+0100: 19819.232: [GC 19819.232: [ParNew: 1153095K->99245K(1188864K), 0.0941690 secs] 1733285K->679435K(1965056K), 0.0944440 secs] [Times: user=0.64 sys=0.01, real=0.09 secs] 
2011-08-25T11:21:17.829+0100: 19859.305: [GC 19859.306: [ParNew: 1156013K->105332K(1188864K), 0.1127630 secs] 1736203K->691191K(1965056K), 0.1132180 secs] [Times: user=0.69 sys=0.00, real=0.11 secs] 
2011-08-25T11:22:07.710+0100: 19909.186: [GC 19909.186: [ParNew: 1162100K->112180K(1188864K), 0.1888830 secs] 1747959K->727410K(1965056K), 0.1891360 secs] [Times: user=0.83 sys=0.01, real=0.19 secs] 
2011-08-25T11:22:47.861+0100: 19949.337: [GC 19949.337: [ParNew: 1168948K->87138K(1188864K), 0.1840230 secs] 1784178K->730143K(1965056K), 0.1842740 secs] [Times: user=0.71 sys=0.01, real=0.18 secs] 
2011-08-25T11:23:28.391+0100: 19989.868: [GC 19989.868: [ParNew: 1143906K->87739K(1188864K), 0.0899980 secs] 1786911K->730744K(1965056K), 0.0902060 secs] [Times: user=0.58 sys=0.00, real=0.09 secs] 
2011-08-25T11:24:17.789+0100: 20039.266: [GC 20039.266: [ParNew: 1144507K->107418K(1188864K), 0.0980160 secs] 1787512K->754804K(1965056K), 0.0982730 secs] [Times: user=0.69 sys=0.00, real=0.10 secs] 
2011-08-25T11:25:03.146+0100: 20084.622: [GC 20084.623: [ParNew: 1164186K->132096K(1188864K), 0.1208500 secs] 1811572K->786183K(1965056K), 0.1210820 secs] [Times: user=0.75 sys=0.02, real=0.12 secs] 
2011-08-25T11:25:36.977+0100: 20118.453: [GC 20118.454: [ParNew: 1188864K->104217K(1188864K), 0.1171140 secs] 1842951K->763143K(1965056K), 0.1173720 secs] [Times: user=0.65 sys=0.01, real=0.11 secs] 
2011-08-25T11:26:17.576+0100: 20159.052: [GC 20159.052: [ParNew: 1160985K->120599K(1188864K), 0.1149210 secs] 1819911K->784839K(1965056K), 0.1151950 secs] [Times: user=0.71 sys=0.01, real=0.12 secs] 
2011-08-25T11:27:03.568+0100: 20205.044: [GC 20205.044: [ParNew: 1177367K->132096K(1188864K), 0.1316610 secs] 1841607K->804626K(1965056K), 0.1318930 secs] [Times: user=0.78 sys=0.01, real=0.13 secs] 
2011-08-25T11:27:28.180+0100: 20229.657: [GC 20229.657: [ParNew: 1188864K->124477K(1188864K), 0.0934180 secs] 1861394K->800299K(1965056K), 0.0936520 secs] [Times: user=0.63 sys=0.00, real=0.09 secs] 
2011-08-25T11:28:04.593+0100: 20266.069: [GC 20266.069: [ParNew: 1181245K->128148K(1188864K), 0.1085170 secs] 1857067K->811157K(1965056K), 0.1087520 secs] [Times: user=0.76 sys=0.00, real=0.10 secs] 
2011-08-25T11:28:37.489+0100: 20298.965: [GC 20298.965: [ParNew: 1184916K->114496K(1188864K), 0.1093280 secs] 1867925K->802377K(1965056K), 0.1096570 secs] [Times: user=0.66 sys=0.01, real=0.11 secs] 
2011-08-25T11:29:17.579+0100: 20339.056: [GC 20339.056: [ParNew: 1171264K->132096K(1188864K), 0.1105850 secs] 1859145K->827268K(1965056K), 0.1108540 secs] [Times: user=0.72 sys=0.01, real=0.12 secs] 
2011-08-25T11:29:57.860+0100: 20379.337: [GC 20379.337: [ParNew: 1188864K->86557K(1188864K), 0.1827460 secs] 1884036K->810854K(1965056K), 0.1829820 secs] [Times: user=0.70 sys=0.01, real=0.18 secs] 
2011-08-25T11:29:58.044+0100: 20379.521: [GC [1 CMS-initial-mark: 724296K(776192K)] 830451K(1965056K), 0.0909800 secs] [Times: user=0.09 sys=0.00, real=0.09 secs] 
2011-08-25T11:29:58.136+0100: 20379.612: [CMS-concurrent-mark-start]
2011-08-25T11:29:59.018+0100: 20380.494: [CMS-concurrent-mark: 0.882/0.882 secs] [Times: user=3.58 sys=0.04, real=0.88 secs] 
2011-08-25T11:29:59.018+0100: 20380.494: [CMS-concurrent-preclean-start]
2011-08-25T11:29:59.022+0100: 20380.498: [CMS-concurrent-preclean: 0.004/0.004 secs] [Times: user=0.01 sys=0.00, real=0.00 secs] 
2011-08-25T11:29:59.022+0100: 20380.498: [CMS-concurrent-abortable-preclean-start]
 CMS: abort preclean due to time 2011-08-25T11:30:04.029+0100: 20385.505: [CMS-concurrent-abortable-preclean: 4.187/5.007 secs] [Times: user=4.52 sys=0.10, real=5.01 secs] 
2011-08-25T11:30:04.029+0100: 20385.506: [GC[YG occupancy: 222589 K (1188864 K)]20385.506: [Rescan (parallel) , 0.0826330 secs]20385.589: [weak refs processing, 0.0001220 secs] [1 CMS-remark: 724296K(776192K)] 946885K(1965056K), 0.0829220 secs] [Times: user=0.36 sys=0.03, real=0.08 secs] 
2011-08-25T11:30:04.115+0100: 20385.591: [CMS-concurrent-sweep-start]
2011-08-25T11:30:05.241+0100: 20386.717: [CMS-concurrent-sweep: 1.126/1.126 secs] [Times: user=1.15 sys=0.01, real=1.13 secs] 
2011-08-25T11:30:05.241+0100: 20386.717: [CMS-concurrent-reset-start]
2011-08-25T11:30:05.254+0100: 20386.730: [CMS-concurrent-reset: 0.013/0.013 secs] [Times: user=0.02 sys=0.00, real=0.01 secs] 
2011-08-25T11:30:35.020+0100: 20416.496: [GC 20416.496: [ParNew: 1143325K->118531K(1188864K), 0.0939020 secs] 1582900K->558105K(1965056K), 0.0941410 secs] [Times: user=0.62 sys=0.00, real=0.09 secs] 
2011-08-25T11:31:17.541+0100: 20459.018: [GC 20459.018: [ParNew: 1175299K->126867K(1188864K), 0.1119080 secs] 1614873K->570731K(1965056K), 0.1121460 secs] [Times: user=0.74 sys=0.00, real=0.12 secs] 
2011-08-25T11:32:07.066+0100: 20508.542: [GC 20508.542: [ParNew: 1183635K->132096K(1188864K), 0.1258800 secs] 1627499K->584754K(1965056K), 0.1262000 secs] [Times: user=0.79 sys=0.01, real=0.13 secs] 
2011-08-25T11:32:40.703+0100: 20542.179: [GC 20542.179: [ParNew: 1188864K->130113K(1188864K), 0.1109780 secs] 1641522K->589759K(1965056K), 0.1112480 secs] [Times: user=0.67 sys=0.01, real=0.11 secs] 
2011-08-25T11:33:16.586+0100: 20578.062: [GC 20578.062: [ParNew: 1186881K->108759K(1188864K), 0.1269960 secs] 1646527K->579029K(1965056K), 0.1273530 secs] [Times: user=0.70 sys=0.01, real=0.13 secs] 
2011-08-25T11:34:07.707+0100: 20629.183: [GC 20629.184: [ParNew: 1165527K->132096K(1188864K), 0.1151690 secs] 1635797K->612452K(1965056K), 0.1154530 secs] [Times: user=0.77 sys=0.02, real=0.12 secs] 
2011-08-25T11:34:57.765+0100: 20679.241: [GC 20679.241: [ParNew: 1188864K->126601K(1188864K), 0.0953300 secs] 1669220K->611664K(1965056K), 0.0956340 secs] [Times: user=0.64 sys=0.00, real=0.10 secs] 
2011-08-25T11:35:37.639+0100: 20719.115: [GC 20719.115: [ParNew: 1183369K->114415K(1188864K), 0.1146320 secs] 1668432K->605407K(1965056K), 0.1149310 secs] [Times: user=0.68 sys=0.01, real=0.12 secs] 
2011-08-25T11:36:18.086+0100: 20759.562: [GC 20759.562: [ParNew: 1171183K->106504K(1188864K), 0.1095010 secs] 1662175K->601329K(1965056K), 0.1098870 secs] [Times: user=0.64 sys=0.01, real=0.11 secs] 
2011-08-25T11:37:07.698+0100: 20809.175: [GC 20809.175: [ParNew: 1163272K->132096K(1188864K), 0.1173810 secs] 1658097K->632843K(1965056K), 0.1176330 secs] [Times: user=0.80 sys=0.01, real=0.12 secs] 
2011-08-25T11:37:47.516+0100: 20848.992: [GC 20848.992: [ParNew: 1188864K->112389K(1188864K), 0.2071080 secs] 1689611K->643793K(1965056K), 0.2073890 secs] [Times: user=0.78 sys=0.01, real=0.21 secs] 
2011-08-25T11:38:17.944+0100: 20879.420: [GC 20879.420: [ParNew: 1169157K->116416K(1188864K), 0.0985390 secs] 1700561K->647820K(1965056K), 0.0988950 secs] [Times: user=0.67 sys=0.01, real=0.10 secs] 
2011-08-25T11:38:53.707+0100: 20915.183: [GC 20915.184: [ParNew: 1173184K->123676K(1188864K), 0.1212450 secs] 1704588K->658686K(1965056K), 0.1214940 secs] [Times: user=0.77 sys=0.02, real=0.12 secs] 
2011-08-25T11:39:34.992+0100: 20956.468: [GC 20956.468: [ParNew: 1180444K->132096K(1188864K), 0.1090840 secs] 1715454K->671664K(1965056K), 0.1093410 secs] [Times: user=0.68 sys=0.02, real=0.11 secs] 
2011-08-25T11:40:11.386+0100: 20992.862: [GC 20992.863: [ParNew: 1188864K->100924K(1188864K), 0.1032480 secs] 1728432K->645871K(1965056K), 0.1035090 secs] [Times: user=0.68 sys=0.00, real=0.10 secs] 
2011-08-25T11:40:53.980+0100: 21035.457: [GC 21035.457: [ParNew: 1157692K->107275K(1188864K), 0.0978400 secs] 1702639K->655486K(1965056K), 0.0980980 secs] [Times: user=0.63 sys=0.00, real=0.10 secs] 
2011-08-25T11:41:31.250+0100: 21072.726: [GC 21072.726: [ParNew: 1164043K->105348K(1188864K), 0.0973760 secs] 1712254K->657084K(1965056K), 0.0976260 secs] [Times: user=0.63 sys=0.00, real=0.10 secs] 
2011-08-25T11:42:17.020+0100: 21118.496: [GC 21118.496: [ParNew: 1162116K->132096K(1188864K), 0.1107590 secs] 1713852K->690888K(1965056K), 0.1110580 secs] [Times: user=0.75 sys=0.00, real=0.11 secs] 
2011-08-25T11:42:57.703+0100: 21159.180: [GC 21159.180: [ParNew: 1188864K->101170K(1188864K), 0.1841840 secs] 1747656K->689266K(1965056K), 0.1844600 secs] [Times: user=0.72 sys=0.02, real=0.18 secs] 
2011-08-25T11:43:37.575+0100: 21199.051: [GC 21199.051: [ParNew: 1157938K->98386K(1188864K), 0.0901670 secs] 1746034K->686482K(1965056K), 0.0904640 secs] [Times: user=0.62 sys=0.02, real=0.09 secs] 
2011-08-25T11:44:16.872+0100: 21238.349: [GC 21238.349: [ParNew: 1155154K->123840K(1188864K), 0.1933890 secs] 1743250K->719231K(1965056K), 0.1939050 secs] [Times: user=0.88 sys=0.04, real=0.19 secs] 
2011-08-25T11:44:57.692+0100: 21279.168: [GC 21279.169: [ParNew: 1180608K->95573K(1188864K), 0.1959440 secs] 1775999K->724729K(1965056K), 0.1962720 secs] [Times: user=0.70 sys=0.02, real=0.20 secs] 
2011-08-25T11:45:37.531+0100: 21319.007: [GC 21319.007: [ParNew: 1152341K->96868K(1188864K), 0.1070680 secs] 1781497K->726023K(1965056K), 0.1073460 secs] [Times: user=0.65 sys=0.01, real=0.10 secs] 
2011-08-25T11:46:17.749+0100: 21359.225: [GC 21359.226: [ParNew: 1153636K->97243K(1188864K), 0.1814680 secs] 1782791K->755239K(1965056K), 0.1817390 secs] [Times: user=0.77 sys=0.02, real=0.18 secs] 
2011-08-25T11:47:13.720+0100: 21415.196: [GC 21415.196: [ParNew: 1154011K->98006K(1188864K), 0.0909940 secs] 1812007K->756001K(1965056K), 0.0912620 secs] [Times: user=0.64 sys=0.01, real=0.09 secs] 
2011-08-25T11:48:07.941+0100: 21469.417: [GC 21469.417: [ParNew: 1154774K->129436K(1188864K), 0.1020270 secs] 1812769K->792499K(1965056K), 0.1022560 secs] [Times: user=0.70 sys=0.00, real=0.10 secs] 
2011-08-25T11:48:57.603+0100: 21519.079: [GC 21519.079: [ParNew: 1186204K->105570K(1188864K), 0.0883100 secs] 1849267K->773548K(1965056K), 0.0886010 secs] [Times: user=0.61 sys=0.01, real=0.09 secs] 
2011-08-25T11:49:37.046+0100: 21558.522: [GC 21558.522: [ParNew: 1162338K->128335K(1188864K), 0.1187230 secs] 1830316K->802421K(1965056K), 0.1190170 secs] [Times: user=0.69 sys=0.01, real=0.12 secs] 
2011-08-25T11:50:08.975+0100: 21590.452: [GC 21590.452: [ParNew: 1185103K->102110K(1188864K), 0.1012080 secs] 1859189K->783204K(1965056K), 0.1014620 secs] [Times: user=0.65 sys=0.00, real=0.10 secs] 
2011-08-25T11:51:02.578+0100: 21644.054: [GC 21644.055: [ParNew: 1158878K->124864K(1188864K), 0.1264630 secs] 1839972K->810982K(1965056K), 0.1267350 secs] [Times: user=0.72 sys=0.02, real=0.13 secs] 
2011-08-25T11:51:39.391+0100: 21680.867: [GC 21680.867: [ParNew: 1181632K->100233K(1188864K), 0.0949440 secs] 1867750K->788508K(1965056K), 0.0951620 secs] [Times: user=0.62 sys=0.01, real=0.09 secs] 
2011-08-25T11:52:17.998+0100: 21719.474: [GC 21719.474: [ParNew: 1157001K->127581K(1188864K), 0.0961090 secs] 1845276K->819945K(1965056K), 0.0963690 secs] [Times: user=0.66 sys=0.01, real=0.10 secs] 
2011-08-25T11:53:07.791+0100: 21769.267: [GC 21769.267: [ParNew: 1184349K->132096K(1188864K), 0.1134500 secs] 1876713K->829885K(1965056K), 0.1136720 secs] [Times: user=0.77 sys=0.01, real=0.11 secs] 
2011-08-25T11:53:47.972+0100: 21809.448: [GC 21809.449: [ParNew: 1188864K->97507K(1188864K), 0.1806370 secs] 1886653K->824253K(1965056K), 0.1809140 secs] [Times: user=0.69 sys=0.01, real=0.18 secs] 
2011-08-25T11:53:48.155+0100: 21809.631: [GC [1 CMS-initial-mark: 726746K(776192K)] 845468K(1965056K), 0.1015660 secs] [Times: user=0.10 sys=0.00, real=0.10 secs] 
2011-08-25T11:53:48.257+0100: 21809.733: [CMS-concurrent-mark-start]
2011-08-25T11:53:49.123+0100: 21810.599: [CMS-concurrent-mark: 0.866/0.866 secs] [Times: user=3.51 sys=0.04, real=0.86 secs] 
2011-08-25T11:53:49.123+0100: 21810.599: [CMS-concurrent-preclean-start]
2011-08-25T11:53:49.127+0100: 21810.603: [CMS-concurrent-preclean: 0.004/0.004 secs] [Times: user=0.00 sys=0.00, real=0.01 secs] 
2011-08-25T11:53:49.127+0100: 21810.603: [CMS-concurrent-abortable-preclean-start]
 CMS: abort preclean due to time 2011-08-25T11:53:54.188+0100: 21815.664: [CMS-concurrent-abortable-preclean: 4.139/5.061 secs] [Times: user=4.27 sys=0.13, real=5.06 secs] 
2011-08-25T11:53:54.190+0100: 21815.667: [GC[YG occupancy: 191463 K (1188864 K)]21815.667: [Rescan (parallel) , 0.0886200 secs]21815.756: [weak refs processing, 0.0001490 secs] [1 CMS-remark: 726746K(776192K)] 918210K(1965056K), 0.0891280 secs] [Times: user=0.28 sys=0.07, real=0.09 secs] 
2011-08-25T11:53:54.280+0100: 21815.756: [CMS-concurrent-sweep-start]
2011-08-25T11:53:55.408+0100: 21816.884: [CMS-concurrent-sweep: 1.128/1.128 secs] [Times: user=1.13 sys=0.03, real=1.13 secs] 
2011-08-25T11:53:55.408+0100: 21816.884: [CMS-concurrent-reset-start]
2011-08-25T11:53:55.417+0100: 21816.893: [CMS-concurrent-reset: 0.009/0.009 secs] [Times: user=0.01 sys=0.00, real=0.01 secs] 
2011-08-25T11:54:37.541+0100: 21859.017: [GC 21859.018: [ParNew: 1154275K->89651K(1188864K), 0.0971030 secs] 1594671K->530047K(1965056K), 0.0974270 secs] [Times: user=0.66 sys=0.01, real=0.10 secs] 
2011-08-25T11:55:17.774+0100: 21899.250: [GC 21899.251: [ParNew: 1146419K->111891K(1188864K), 0.1088440 secs] 1586815K->556667K(1965056K), 0.1092830 secs] [Times: user=0.66 sys=0.01, real=0.11 secs] 
2011-08-25T11:55:57.654+0100: 21939.130: [GC 21939.130: [ParNew: 1168659K->126101K(1188864K), 0.0873680 secs] 1613435K->575665K(1965056K), 0.0876970 secs] [Times: user=0.63 sys=0.01, real=0.09 secs] 
2011-08-25T11:56:37.770+0100: 21979.247: [GC 21979.247: [ParNew: 1182869K->108344K(1188864K), 0.0999810 secs] 1632433K->560218K(1965056K), 0.1002190 secs] [Times: user=0.65 sys=0.01, real=0.10 secs] 
2011-08-25T11:57:17.880+0100: 22019.356: [GC 22019.356: [ParNew: 1165112K->132093K(1188864K), 0.1040820 secs] 1616986K->590593K(1965056K), 0.1044290 secs] [Times: user=0.68 sys=0.00, real=0.10 secs] 
2011-08-25T11:58:07.128+0100: 22068.604: [GC 22068.604: [ParNew: 1188861K->132096K(1188864K), 0.1556540 secs] 1647361K->595674K(1965056K), 0.1559690 secs] [Times: user=0.99 sys=0.02, real=0.16 secs] 
2011-08-25T11:58:45.253+0100: 22106.729: [GC 22106.730: [ParNew: 1188864K->112754K(1188864K), 0.2393490 secs] 1652442K->609189K(1965056K), 0.2395940 secs] [Times: user=0.82 sys=0.03, real=0.24 secs] 
2011-08-25T11:59:23.232+0100: 22144.709: [GC 22144.709: [ParNew: 1169522K->93034K(1188864K), 0.0854980 secs] 1665957K->589469K(1965056K), 0.0857860 secs] [Times: user=0.62 sys=0.00, real=0.08 secs] 
2011-08-25T12:00:08.289+0100: 22189.765: [GC 22189.766: [ParNew: 1149802K->107200K(1188864K), 0.1150110 secs] 1646237K->608377K(1965056K), 0.1153040 secs] [Times: user=0.71 sys=0.01, real=0.11 secs] 
2011-08-25T12:00:57.696+0100: 22239.172: [GC 22239.172: [ParNew: 1163968K->124688K(1188864K), 0.0991450 secs] 1665145K->628747K(1965056K), 0.0994210 secs] [Times: user=0.63 sys=0.02, real=0.10 secs] 
2011-08-25T12:01:47.498+0100: 22288.975: [GC 22288.975: [ParNew: 1181456K->132096K(1188864K), 0.1106330 secs] 1685515K->641414K(1965056K), 0.1109050 secs] [Times: user=0.74 sys=0.00, real=0.11 secs] 
2011-08-25T12:02:27.933+0100: 22329.410: [GC 22329.410: [ParNew: 1188864K->93415K(1188864K), 0.1693310 secs] 1698182K->628652K(1965056K), 0.1696100 secs] [Times: user=0.68 sys=0.01, real=0.17 secs] 
2011-08-25T12:03:17.589+0100: 22379.065: [GC 22379.065: [ParNew: 1150183K->101037K(1188864K), 0.0953950 secs] 1685420K->636275K(1965056K), 0.0956660 secs] [Times: user=0.69 sys=0.01, real=0.09 secs] 
2011-08-25T12:04:07.502+0100: 22428.979: [GC 22428.979: [ParNew: 1157805K->114713K(1188864K), 0.2031260 secs] 1693043K->681390K(1965056K), 0.2033960 secs] [Times: user=0.86 sys=0.01, real=0.20 secs] 
2011-08-25T12:04:47.728+0100: 22469.205: [GC 22469.205: [ParNew: 1171481K->88097K(1188864K), 0.1756200 secs] 1738158K->683773K(1965056K), 0.1758690 secs] [Times: user=0.72 sys=0.01, real=0.17 secs] 
2011-08-25T12:05:27.628+0100: 22509.104: [GC 22509.104: [ParNew: 1144865K->108905K(1188864K), 0.0871020 secs] 1740541K->704581K(1965056K), 0.0873320 secs] [Times: user=0.61 sys=0.01, real=0.09 secs] 
2011-08-25T12:06:17.501+0100: 22558.977: [GC 22558.977: [ParNew: 1165673K->120332K(1188864K), 0.1096670 secs] 1761349K->723388K(1965056K), 0.1099960 secs] [Times: user=0.72 sys=0.01, real=0.11 secs] 
2011-08-25T12:07:05.218+0100: 22606.694: [GC 22606.694: [ParNew: 1177100K->132096K(1188864K), 0.1187050 secs] 1780156K->743894K(1965056K), 0.1189640 secs] [Times: user=0.82 sys=0.01, real=0.12 secs] 
2011-08-25T12:07:47.806+0100: 22649.282: [GC 22649.282: [ParNew: 1188864K->99072K(1188864K), 0.1607670 secs] 1800662K->739438K(1965056K), 0.1610720 secs] [Times: user=0.71 sys=0.00, real=0.17 secs] 
2011-08-25T12:08:31.050+0100: 22692.526: [GC 22692.527: [ParNew: 1155840K->89952K(1188864K), 0.0818890 secs] 1796206K->730319K(1965056K), 0.0822010 secs] [Times: user=0.60 sys=0.00, real=0.09 secs] 
2011-08-25T12:09:17.942+0100: 22739.418: [GC 22739.418: [ParNew: 1146720K->91576K(1188864K), 0.0985090 secs] 1787087K->736668K(1965056K), 0.0987780 secs] [Times: user=0.65 sys=0.01, real=0.10 secs] 
2011-08-25T12:10:12.419+0100: 22793.896: [GC 22793.896: [ParNew: 1148344K->114977K(1188864K), 0.1224970 secs] 1793436K->764157K(1965056K), 0.1227900 secs] [Times: user=0.73 sys=0.01, real=0.13 secs] 
2011-08-25T12:10:57.704+0100: 22839.181: [GC 22839.181: [ParNew: 1171745K->98151K(1188864K), 0.1566370 secs] 1820925K->772606K(1965056K), 0.1568750 secs] [Times: user=0.70 sys=0.01, real=0.16 secs] 
2011-08-25T12:11:37.647+0100: 22879.124: [GC 22879.124: [ParNew: 1154919K->95724K(1188864K), 0.0866350 secs] 1829374K->770179K(1965056K), 0.0869760 secs] [Times: user=0.62 sys=0.00, real=0.09 secs] 
2011-08-25T12:12:15.465+0100: 22916.942: [GC 22916.942: [ParNew: 1152492K->126843K(1188864K), 0.1258970 secs] 1826947K->805870K(1965056K), 0.1261820 secs] [Times: user=0.76 sys=0.02, real=0.13 secs] 
2011-08-25T12:12:57.657+0100: 22959.133: [GC 22959.134: [ParNew: 1183611K->119265K(1188864K), 0.0937380 secs] 1862638K->803704K(1965056K), 0.0940220 secs] [Times: user=0.63 sys=0.00, real=0.10 secs] 
2011-08-25T12:13:45.378+0100: 23006.855: [GC 23006.855: [ParNew: 1176033K->119004K(1188864K), 0.1120870 secs] 1860472K->808104K(1965056K), 0.1124250 secs] [Times: user=0.71 sys=0.02, real=0.11 secs] 
2011-08-25T12:14:27.515+0100: 23048.992: [GC 23048.992: [ParNew: 1175772K->105573K(1188864K), 0.1634370 secs] 1864872K->820499K(1965056K), 0.1636790 secs] [Times: user=0.78 sys=0.01, real=0.16 secs] 
2011-08-25T12:14:27.680+0100: 23049.156: [GC [1 CMS-initial-mark: 714925K(776192K)] 820764K(1965056K), 0.1079070 secs] [Times: user=0.11 sys=0.00, real=0.11 secs] 
2011-08-25T12:14:27.788+0100: 23049.264: [CMS-concurrent-mark-start]
2011-08-25T12:14:28.669+0100: 23050.146: [CMS-concurrent-mark: 0.881/0.881 secs] [Times: user=3.90 sys=0.06, real=0.88 secs] 
2011-08-25T12:14:28.669+0100: 23050.146: [CMS-concurrent-preclean-start]
2011-08-25T12:14:28.676+0100: 23050.152: [CMS-concurrent-preclean: 0.005/0.006 secs] [Times: user=0.01 sys=0.00, real=0.01 secs] 
2011-08-25T12:14:28.676+0100: 23050.152: [CMS-concurrent-abortable-preclean-start]
 CMS: abort preclean due to time 2011-08-25T12:14:33.997+0100: 23055.473: [CMS-concurrent-abortable-preclean: 4.184/5.321 secs] [Times: user=4.34 sys=0.04, real=5.32 secs] 
2011-08-25T12:14:33.997+0100: 23055.474: [GC[YG occupancy: 262682 K (1188864 K)]23055.474: [Rescan (parallel) , 0.2925480 secs]23055.766: [weak refs processing, 0.0001470 secs] [1 CMS-remark: 714925K(776192K)] 977607K(1965056K), 0.2928600 secs] [Times: user=0.49 sys=0.33, real=0.29 secs] 
2011-08-25T12:14:34.291+0100: 23055.767: [CMS-concurrent-sweep-start]
2011-08-25T12:14:35.475+0100: 23056.951: [CMS-concurrent-sweep: 1.184/1.184 secs] [Times: user=1.22 sys=0.01, real=1.19 secs] 
2011-08-25T12:14:35.475+0100: 23056.951: [CMS-concurrent-reset-start]
2011-08-25T12:14:35.489+0100: 23056.965: [CMS-concurrent-reset: 0.014/0.014 secs] [Times: user=0.02 sys=0.00, real=0.01 secs] 
2011-08-25T12:15:08.151+0100: 23089.627: [GC 23089.627: [ParNew: 1162341K->116546K(1188864K), 0.0994800 secs] 1594933K->549139K(1965056K), 0.0997370 secs] [Times: user=0.70 sys=0.00, real=0.10 secs] 
2011-08-25T12:15:58.122+0100: 23139.598: [GC 23139.598: [ParNew: 1173314K->103668K(1188864K), 0.1226090 secs] 1605907K->538826K(1965056K), 0.1231220 secs] [Times: user=0.65 sys=0.01, real=0.12 secs] 
2011-08-25T12:16:41.296+0100: 23182.772: [GC 23182.772: [ParNew: 1160436K->105432K(1188864K), 0.1120800 secs] 1595594K->544107K(1965056K), 0.1125170 secs] [Times: user=0.66 sys=0.01, real=0.11 secs] 
2011-08-25T12:17:27.543+0100: 23229.019: [GC 23229.019: [ParNew: 1162200K->132096K(1188864K), 0.1169770 secs] 1600875K->576841K(1965056K), 0.1174310 secs] [Times: user=0.75 sys=0.01, real=0.11 secs] 
2011-08-25T12:18:16.437+0100: 23277.913: [GC 23277.913: [ParNew: 1188864K->132096K(1188864K), 0.1245250 secs] 1633609K->583708K(1965056K), 0.1247660 secs] [Times: user=0.75 sys=0.01, real=0.12 secs] 
2011-08-25T12:19:06.331+0100: 23327.807: [GC 23327.807: [ParNew: 1188864K->132093K(1188864K), 0.1162250 secs] 1640476K->587967K(1965056K), 0.1164450 secs] [Times: user=0.78 sys=0.02, real=0.12 secs] 
2011-08-25T12:19:47.589+0100: 23369.065: [GC 23369.065: [ParNew: 1188861K->113526K(1188864K), 0.2106720 secs] 1644735K->601685K(1965056K), 0.2109070 secs] [Times: user=0.77 sys=0.01, real=0.21 secs] 
2011-08-25T12:20:27.766+0100: 23409.242: [GC 23409.242: [ParNew: 1170294K->97587K(1188864K), 0.0996430 secs] 1658453K->585746K(1965056K), 0.0999730 secs] [Times: user=0.62 sys=0.01, real=0.10 secs] 
2011-08-25T12:21:08.586+0100: 23450.062: [GC 23450.062: [ParNew: 1154355K->116296K(1188864K), 0.1162860 secs] 1642514K->609760K(1965056K), 0.1165990 secs] [Times: user=0.68 sys=0.02, real=0.11 secs] 
2011-08-25T12:21:57.579+0100: 23499.055: [GC 23499.056: [ParNew: 1173064K->114627K(1188864K), 0.1042870 secs] 1666528K->611001K(1965056K), 0.1046350 secs] [Times: user=0.68 sys=0.00, real=0.11 secs] 
2011-08-25T12:22:35.579+0100: 23537.055: [GC 23537.056: [ParNew: 1171395K->132096K(1188864K), 0.1123310 secs] 1667769K->633551K(1965056K), 0.1125660 secs] [Times: user=0.67 sys=0.02, real=0.11 secs] 
2011-08-25T12:23:17.290+0100: 23578.766: [GC 23578.766: [ParNew: 1188864K->132096K(1188864K), 0.1154370 secs] 1690319K->640170K(1965056K), 0.1156470 secs] [Times: user=0.73 sys=0.01, real=0.11 secs] 
2011-08-25T12:24:07.629+0100: 23629.105: [GC 23629.105: [ParNew: 1188864K->132096K(1188864K), 0.1034420 secs] 1696938K->646289K(1965056K), 0.1036790 secs] [Times: user=0.74 sys=0.00, real=0.10 secs] 
2011-08-25T12:24:47.568+0100: 23669.044: [GC 23669.044: [ParNew: 1188864K->132096K(1188864K), 0.1120150 secs] 1703057K->652678K(1965056K), 0.1122960 secs] [Times: user=0.72 sys=0.00, real=0.12 secs] 
2011-08-25T12:25:27.977+0100: 23709.453: [GC 23709.453: [ParNew: 1188864K->118147K(1188864K), 0.0940780 secs] 1709446K->644985K(1965056K), 0.0943100 secs] [Times: user=0.61 sys=0.00, real=0.09 secs] 
2011-08-25T12:26:08.986+0100: 23750.462: [GC 23750.463: [ParNew: 1174915K->127644K(1188864K), 0.1023190 secs] 1701753K->661922K(1965056K), 0.1025810 secs] [Times: user=0.68 sys=0.01, real=0.11 secs] 
2011-08-25T12:26:49.238+0100: 23790.714: [GC 23790.715: [ParNew: 1184412K->131300K(1188864K), 0.1219710 secs] 1718690K->669796K(1965056K), 0.1222850 secs] [Times: user=0.70 sys=0.02, real=0.12 secs] 
2011-08-25T12:27:29.904+0100: 23831.380: [GC 23831.381: [ParNew: 1188068K->105562K(1188864K), 0.1196220 secs] 1726564K->646463K(1965056K), 0.1199670 secs] [Times: user=0.69 sys=0.01, real=0.12 secs] 
2011-08-25T12:28:17.529+0100: 23879.006: [GC 23879.006: [ParNew: 1162330K->132096K(1188864K), 0.1132830 secs] 1703231K->679153K(1965056K), 0.1135460 secs] [Times: user=0.78 sys=0.00, real=0.12 secs] 
2011-08-25T12:29:07.640+0100: 23929.116: [GC 23929.116: [ParNew: 1188864K->114638K(1188864K), 0.2087810 secs] 1735921K->694028K(1965056K), 0.2090350 secs] [Times: user=0.82 sys=0.01, real=0.21 secs] 
2011-08-25T12:29:47.945+0100: 23969.422: [GC 23969.422: [ParNew: 1171406K->83357K(1188864K), 0.1599540 secs] 1750796K->686885K(1965056K), 0.1602090 secs] [Times: user=0.67 sys=0.01, real=0.16 secs] 
2011-08-25T12:30:27.887+0100: 24009.363: [GC 24009.363: [ParNew: 1140125K->86506K(1188864K), 0.0954580 secs] 1743653K->690034K(1965056K), 0.0957230 secs] [Times: user=0.60 sys=0.01, real=0.10 secs] 
2011-08-25T12:31:17.921+0100: 24059.397: [GC 24059.397: [ParNew: 1143274K->114066K(1188864K), 0.1070830 secs] 1746802K->721993K(1965056K), 0.1073820 secs] [Times: user=0.68 sys=0.02, real=0.11 secs] 
2011-08-25T12:32:07.168+0100: 24108.645: [GC 24108.645: [ParNew: 1170834K->132096K(1188864K), 0.1353210 secs] 1778761K->745457K(1965056K), 0.1355780 secs] [Times: user=0.83 sys=0.02, real=0.13 secs] 
2011-08-25T12:32:47.540+0100: 24149.016: [GC 24149.016: [ParNew: 1188864K->100963K(1188864K), 0.1868990 secs] 1802225K->746067K(1965056K), 0.1871630 secs] [Times: user=0.77 sys=0.01, real=0.19 secs] 
2011-08-25T12:33:27.486+0100: 24188.962: [GC 24188.962: [ParNew: 1157731K->104003K(1188864K), 0.1053420 secs] 1802835K->749107K(1965056K), 0.1056260 secs] [Times: user=0.67 sys=0.02, real=0.11 secs] 
2011-08-25T12:34:08.539+0100: 24230.015: [GC 24230.015: [ParNew: 1160771K->121783K(1188864K), 0.1155000 secs] 1805875K->771232K(1965056K), 0.1157830 secs] [Times: user=0.68 sys=0.00, real=0.12 secs] 
2011-08-25T12:35:02.010+0100: 24283.487: [GC 24283.487: [ParNew: 1178551K->117478K(1188864K), 0.0990940 secs] 1828000K->771593K(1965056K), 0.0993650 secs] [Times: user=0.69 sys=0.01, real=0.10 secs] 
2011-08-25T12:35:37.529+0100: 24319.005: [GC 24319.005: [ParNew: 1174246K->122720K(1188864K), 0.1334840 secs] 1828361K->781547K(1965056K), 0.1337870 secs] [Times: user=0.71 sys=0.00, real=0.14 secs] 
2011-08-25T12:36:22.272+0100: 24363.749: [GC 24363.749: [ParNew: 1179488K->128824K(1188864K), 0.1183210 secs] 1838315K->793039K(1965056K), 0.1186340 secs] [Times: user=0.67 sys=0.01, real=0.12 secs] 
2011-08-25T12:37:11.211+0100: 24412.687: [GC 24412.688: [ParNew: 1185592K->111360K(1188864K), 0.1136580 secs] 1849807K->782601K(1965056K), 0.1138970 secs] [Times: user=0.71 sys=0.01, real=0.12 secs] 
2011-08-25T12:37:57.506+0100: 24458.982: [GC 24458.983: [ParNew: 1168128K->129742K(1188864K), 0.1048360 secs] 1839369K->803778K(1965056K), 0.1050760 secs] [Times: user=0.67 sys=0.01, real=0.11 secs] 
2011-08-25T12:38:44.983+0100: 24506.460: [GC 24506.460: [ParNew: 1186510K->132092K(1188864K), 0.0973600 secs] 1860546K->811059K(1965056K), 0.0976000 secs] [Times: user=0.65 sys=0.01, real=0.09 secs] 
2011-08-25T12:39:37.706+0100: 24559.183: [GC 24559.183: [ParNew: 1188860K->105932K(1188864K), 0.1085330 secs] 1867827K->792427K(1965056K), 0.1087980 secs] [Times: user=0.72 sys=0.01, real=0.11 secs] 
2011-08-25T12:40:18.210+0100: 24599.687: [GC 24599.687: [ParNew: 1162700K->124321K(1188864K), 0.0991550 secs] 1849195K->816462K(1965056K), 0.0994150 secs] [Times: user=0.64 sys=0.01, real=0.10 secs] 
2011-08-25T12:41:07.703+0100: 24649.179: [GC 24649.179: [ParNew: 1181089K->116385K(1188864K), 0.1205130 secs] 1873230K->813657K(1965056K), 0.1208260 secs] [Times: user=0.83 sys=0.00, real=0.12 secs] 
2011-08-25T12:41:53.130+0100: 24694.607: [GC 24694.607: [ParNew: 1173153K->91157K(1188864K), 0.1818950 secs] 1870425K->819366K(1965056K), 0.1821530 secs] [Times: user=0.73 sys=0.01, real=0.18 secs] 
2011-08-25T12:41:53.313+0100: 24694.789: [GC [1 CMS-initial-mark: 728209K(776192K)] 819368K(1965056K), 0.0851570 secs] [Times: user=0.09 sys=0.00, real=0.08 secs] 
2011-08-25T12:41:53.399+0100: 24694.875: [CMS-concurrent-mark-start]
2011-08-25T12:41:54.274+0100: 24695.750: [CMS-concurrent-mark: 0.875/0.875 secs] [Times: user=3.46 sys=0.03, real=0.88 secs] 
2011-08-25T12:41:54.274+0100: 24695.750: [CMS-concurrent-preclean-start]
2011-08-25T12:41:54.278+0100: 24695.754: [CMS-concurrent-preclean: 0.004/0.004 secs] [Times: user=0.01 sys=0.00, real=0.00 secs] 
2011-08-25T12:41:54.278+0100: 24695.754: [CMS-concurrent-abortable-preclean-start]
 CMS: abort preclean due to time 2011-08-25T12:41:59.332+0100: 24700.808: [CMS-concurrent-abortable-preclean: 3.720/5.055 secs] [Times: user=4.23 sys=0.07, real=5.05 secs] 
2011-08-25T12:41:59.333+0100: 24700.809: [GC[YG occupancy: 232206 K (1188864 K)]24700.810: [Rescan (parallel) , 0.1368190 secs]24700.946: [weak refs processing, 0.0001500 secs] [1 CMS-remark: 728209K(776192K)] 960416K(1965056K), 0.1371420 secs] [Times: user=0.40 sys=0.13, real=0.14 secs] 
2011-08-25T12:41:59.471+0100: 24700.947: [CMS-concurrent-sweep-start]
2011-08-25T12:42:00.611+0100: 24702.088: [CMS-concurrent-sweep: 1.141/1.141 secs] [Times: user=1.15 sys=0.02, real=1.14 secs] 
2011-08-25T12:42:00.612+0100: 24702.088: [CMS-concurrent-reset-start]
2011-08-25T12:42:00.624+0100: 24702.100: [CMS-concurrent-reset: 0.012/0.012 secs] [Times: user=0.01 sys=0.00, real=0.02 secs] 
2011-08-25T12:42:37.535+0100: 24739.012: [GC 24739.012: [ParNew: 1147925K->104873K(1188864K), 0.0954510 secs] 1590925K->547873K(1965056K), 0.0957140 secs] [Times: user=0.65 sys=0.00, real=0.10 secs] 
2011-08-25T12:43:17.669+0100: 24779.145: [GC 24779.145: [ParNew: 1161641K->132095K(1188864K), 0.1117200 secs] 1604641K->583339K(1965056K), 0.1119710 secs] [Times: user=0.72 sys=0.01, real=0.11 secs] 
2011-08-25T12:44:07.972+0100: 24829.449: [GC 24829.449: [ParNew: 1188863K->132093K(1188864K), 0.1108170 secs] 1640107K->590946K(1965056K), 0.1110650 secs] [Times: user=0.74 sys=0.01, real=0.11 secs] 
2011-08-25T12:44:47.518+0100: 24868.994: [GC 24868.994: [ParNew: 1188861K->132093K(1188864K), 0.1066170 secs] 1647714K->597065K(1965056K), 0.1068490 secs] [Times: user=0.72 sys=0.01, real=0.11 secs] 
2011-08-25T12:45:23.038+0100: 24904.514: [GC 24904.514: [ParNew: 1188861K->132096K(1188864K), 0.1119600 secs] 1653833K->603985K(1965056K), 0.1122260 secs] [Times: user=0.64 sys=0.01, real=0.11 secs] 
2011-08-25T12:46:07.626+0100: 24949.102: [GC 24949.103: [ParNew: 1188864K->131041K(1188864K), 0.1159460 secs] 1660753K->607933K(1965056K), 0.1162080 secs] [Times: user=0.81 sys=0.00, real=0.12 secs] 
2011-08-25T12:46:50.794+0100: 24992.270: [GC 24992.270: [ParNew: 1187809K->95170K(1188864K), 0.1784620 secs] 1664701K->598820K(1965056K), 0.1788020 secs] [Times: user=0.65 sys=0.01, real=0.18 secs] 
2011-08-25T12:47:38.182+0100: 25039.659: [GC 25039.659: [ParNew: 1151938K->91144K(1188864K), 0.0942540 secs] 1655588K->594794K(1965056K), 0.0947050 secs] [Times: user=0.63 sys=0.01, real=0.09 secs] 
2011-08-25T12:48:17.721+0100: 25079.197: [GC 25079.197: [ParNew: 1147912K->127108K(1188864K), 0.1180430 secs] 1651562K->635905K(1965056K), 0.1182930 secs] [Times: user=0.75 sys=0.01, real=0.12 secs] 
2011-08-25T12:49:05.538+0100: 25127.014: [GC 25127.014: [ParNew: 1183876K->110300K(1188864K), 0.2007220 secs] 1692673K->647522K(1965056K), 0.2010130 secs] [Times: user=0.80 sys=0.01, real=0.20 secs] 
2011-08-25T12:49:38.107+0100: 25159.584: [GC 25159.584: [ParNew: 1167068K->102895K(1188864K), 0.0926400 secs] 1704290K->640117K(1965056K), 0.0929210 secs] [Times: user=0.64 sys=0.01, real=0.09 secs] 
2011-08-25T12:50:07.946+0100: 25189.422: [GC 25189.423: [ParNew: 1159663K->132096K(1188864K), 0.1325780 secs] 1696885K->676171K(1965056K), 0.1329880 secs] [Times: user=0.87 sys=0.01, real=0.14 secs] 
2011-08-25T12:51:08.079+0100: 25249.555: [GC 25249.555: [ParNew: 1188864K->113845K(1188864K), 0.1581810 secs] 1732939K->676791K(1965056K), 0.1585380 secs] [Times: user=0.74 sys=0.02, real=0.16 secs] 
2011-08-25T12:51:47.768+0100: 25289.244: [GC 25289.244: [ParNew: 1170613K->103479K(1188864K), 0.1450860 secs] 1733559K->686529K(1965056K), 0.1453510 secs] [Times: user=0.72 sys=0.01, real=0.15 secs] 
2011-08-25T12:52:26.958+0100: 25328.434: [GC 25328.434: [ParNew: 1160247K->124967K(1188864K), 0.0968490 secs] 1743297K->708017K(1965056K), 0.0971410 secs] [Times: user=0.64 sys=0.00, real=0.10 secs] 
2011-08-25T12:53:07.583+0100: 25369.059: [GC 25369.059: [ParNew: 1181735K->127177K(1188864K), 0.1146380 secs] 1764785K->712656K(1965056K), 0.1149560 secs] [Times: user=0.82 sys=0.02, real=0.11 secs] 
2011-08-25T12:53:47.515+0100: 25408.991: [GC 25408.991: [ParNew: 1183945K->103730K(1188864K), 0.1970870 secs] 1769424K->721177K(1965056K), 0.1973400 secs] [Times: user=0.72 sys=0.01, real=0.19 secs] 
2011-08-25T12:55:07.710+0100: 25489.186: [GC 25489.186: [ParNew: 1160498K->108704K(1188864K), 0.1043340 secs] 1777945K->726151K(1965056K), 0.1045720 secs] [Times: user=0.73 sys=0.00, real=0.11 secs] 
2011-08-25T12:55:58.191+0100: 25539.667: [GC 25539.668: [ParNew: 1165472K->83413K(1188864K), 0.1754600 secs] 1782919K->728279K(1965056K), 0.1757440 secs] [Times: user=0.70 sys=0.02, real=0.17 secs] 
2011-08-25T12:56:31.714+0100: 25573.191: [GC 25573.191: [ParNew: 1140181K->102999K(1188864K), 0.0968160 secs] 1785047K->747865K(1965056K), 0.0970490 secs] [Times: user=0.63 sys=0.00, real=0.10 secs] 
2011-08-25T12:57:17.637+0100: 25619.114: [GC 25619.114: [ParNew: 1159767K->129093K(1188864K), 0.1051980 secs] 1804633K->777229K(1965056K), 0.1054280 secs] [Times: user=0.73 sys=0.01, real=0.10 secs] 
2011-08-25T12:58:02.142+0100: 25663.618: [GC 25663.619: [ParNew: 1185861K->106407K(1188864K), 0.2361610 secs] 1833997K->783724K(1965056K), 0.2363800 secs] [Times: user=0.76 sys=0.01, real=0.23 secs] 
2011-08-25T12:59:07.548+0100: 25729.024: [GC 25729.024: [ParNew: 1163175K->109998K(1188864K), 0.1082310 secs] 1840492K->787315K(1965056K), 0.1084680 secs] [Times: user=0.73 sys=0.01, real=0.11 secs] 
2011-08-25T12:59:53.765+0100: 25775.241: [GC 25775.242: [ParNew: 1166766K->99309K(1188864K), 0.1832860 secs] 1844083K->802992K(1965056K), 0.1835180 secs] [Times: user=0.72 sys=0.01, real=0.18 secs] 
2011-08-25T13:00:35.993+0100: 25817.469: [GC 25817.470: [ParNew: 1156077K->96956K(1188864K), 0.1026460 secs] 1859760K->800639K(1965056K), 0.1029750 secs] [Times: user=0.64 sys=0.00, real=0.10 secs] 
2011-08-25T13:01:13.830+0100: 25855.306: [GC 25855.307: [ParNew: 1153724K->132096K(1188864K), 0.1121170 secs] 1857407K->841981K(1965056K), 0.1123450 secs] [Times: user=0.73 sys=0.01, real=0.12 secs] 
2011-08-25T13:01:58.381+0100: 25899.858: [GC 25899.858: [ParNew: 1188864K->112282K(1188864K), 0.0983410 secs] 1898749K->824712K(1965056K), 0.0985560 secs] [Times: user=0.61 sys=0.00, real=0.10 secs] 
2011-08-25T13:02:37.684+0100: 25939.160: [GC 25939.160: [ParNew: 1169050K->114999K(1188864K), 0.0932530 secs] 1881480K->831676K(1965056K), 0.0934910 secs] [Times: user=0.64 sys=0.00, real=0.09 secs] 
2011-08-25T13:02:37.778+0100: 25939.254: [GC [1 CMS-initial-mark: 716676K(776192K)] 831730K(1965056K), 0.1460690 secs] [Times: user=0.15 sys=0.01, real=0.15 secs] 
2011-08-25T13:02:37.925+0100: 25939.401: [CMS-concurrent-mark-start]
2011-08-25T13:02:38.775+0100: 25940.251: [CMS-concurrent-mark: 0.851/0.851 secs] [Times: user=3.46 sys=0.05, real=0.85 secs] 
2011-08-25T13:02:38.775+0100: 25940.252: [CMS-concurrent-preclean-start]
2011-08-25T13:02:38.780+0100: 25940.256: [CMS-concurrent-preclean: 0.004/0.005 secs] [Times: user=0.01 sys=0.00, real=0.00 secs] 
2011-08-25T13:02:38.780+0100: 25940.256: [CMS-concurrent-abortable-preclean-start]
 CMS: abort preclean due to time 2011-08-25T13:02:43.862+0100: 25945.339: [CMS-concurrent-abortable-preclean: 4.467/5.082 secs] [Times: user=4.40 sys=0.12, real=5.09 secs] 
2011-08-25T13:02:43.863+0100: 25945.339: [GC[YG occupancy: 186804 K (1188864 K)]25945.339: [Rescan (parallel) , 0.1195250 secs]25945.459: [weak refs processing, 0.0001120 secs] [1 CMS-remark: 716676K(776192K)] 903481K(1965056K), 0.1198010 secs] [Times: user=0.31 sys=0.10, real=0.12 secs] 
2011-08-25T13:02:43.983+0100: 25945.460: [CMS-concurrent-sweep-start]
2011-08-25T13:02:45.102+0100: 25946.578: [CMS-concurrent-sweep: 1.119/1.119 secs] [Times: user=1.13 sys=0.04, real=1.12 secs] 
2011-08-25T13:02:45.102+0100: 25946.579: [CMS-concurrent-reset-start]
2011-08-25T13:02:45.112+0100: 25946.588: [CMS-concurrent-reset: 0.009/0.009 secs] [Times: user=0.01 sys=0.00, real=0.00 secs] 
2011-08-25T13:03:27.196+0100: 25988.673: [GC 25988.673: [ParNew: 1171767K->123268K(1188864K), 0.1099400 secs] 1587280K->543920K(1965056K), 0.1101960 secs] [Times: user=0.71 sys=0.01, real=0.11 secs] 
2011-08-25T13:04:14.180+0100: 26035.657: [GC 26035.657: [ParNew: 1180036K->90559K(1188864K), 0.1913500 secs] 1600688K->541793K(1965056K), 0.1916140 secs] [Times: user=0.78 sys=0.01, real=0.19 secs] 
2011-08-25T13:04:58.369+0100: 26079.846: [GC 26079.846: [ParNew: 1147327K->111967K(1188864K), 0.1483070 secs] 1598561K->563202K(1965056K), 0.1486290 secs] [Times: user=0.65 sys=0.03, real=0.15 secs] 
2011-08-25T13:05:37.648+0100: 26119.124: [GC 26119.124: [ParNew: 1168735K->124515K(1188864K), 0.1117790 secs] 1619970K->581835K(1965056K), 0.1120310 secs] [Times: user=0.68 sys=0.01, real=0.11 secs] 
2011-08-25T13:06:17.550+0100: 26159.026: [GC 26159.026: [ParNew: 1181283K->132096K(1188864K), 0.1141220 secs] 1638603K->595884K(1965056K), 0.1143610 secs] [Times: user=0.77 sys=0.01, real=0.11 secs] 
2011-08-25T13:07:07.498+0100: 26208.974: [GC 26208.974: [ParNew: 1188864K->116389K(1188864K), 0.2132830 secs] 1652652K->612934K(1965056K), 0.2135240 secs] [Times: user=0.84 sys=0.01, real=0.22 secs] 
2011-08-25T13:07:45.234+0100: 26246.711: [GC 26246.711: [ParNew: 1173157K->82405K(1188864K), 0.1983680 secs] 1669702K->606843K(1965056K), 0.1986480 secs] [Times: user=0.78 sys=0.03, real=0.20 secs] 
2011-08-25T13:08:27.518+0100: 26288.994: [GC 26288.994: [ParNew: 1139173K->103358K(1188864K), 0.1076780 secs] 1663611K->627795K(1965056K), 0.1079140 secs] [Times: user=0.67 sys=0.02, real=0.11 secs] 
2011-08-25T13:09:12.923+0100: 26334.400: [GC 26334.400: [ParNew: 1160126K->108143K(1188864K), 0.1400790 secs] 1684563K->639485K(1965056K), 0.1403300 secs] [Times: user=0.81 sys=0.02, real=0.14 secs] 
2011-08-25T13:10:01.157+0100: 26382.633: [GC 26382.634: [ParNew: 1164911K->93836K(1188864K), 0.1887250 secs] 1696253K->653571K(1965056K), 0.1889530 secs] [Times: user=0.73 sys=0.01, real=0.19 secs] 
2011-08-25T13:10:37.672+0100: 26419.148: [GC 26419.148: [ParNew: 1150604K->86304K(1188864K), 0.0908150 secs] 1710339K->646040K(1965056K), 0.0910660 secs] [Times: user=0.59 sys=0.01, real=0.09 secs] 
2011-08-25T13:11:17.823+0100: 26459.299: [GC 26459.299: [ParNew: 1143072K->122074K(1188864K), 0.1026530 secs] 1702808K->686595K(1965056K), 0.1029850 secs] [Times: user=0.71 sys=0.01, real=0.10 secs] 
2011-08-25T13:12:07.573+0100: 26509.049: [GC 26509.049: [ParNew: 1178842K->108790K(1188864K), 0.1902570 secs] 1743363K->704287K(1965056K), 0.1906680 secs] [Times: user=0.84 sys=0.01, real=0.19 secs] 
2011-08-25T13:12:47.795+0100: 26549.272: [GC 26549.272: [ParNew: 1165558K->93946K(1188864K), 0.1486330 secs] 1761055K->713267K(1965056K), 0.1489540 secs] [Times: user=0.67 sys=0.00, real=0.15 secs] 
2011-08-25T13:13:27.830+0100: 26589.306: [GC 26589.306: [ParNew: 1150714K->100183K(1188864K), 0.0862430 secs] 1770035K->719504K(1965056K), 0.0865210 secs] [Times: user=0.61 sys=0.01, real=0.09 secs] 
2011-08-25T13:14:13.219+0100: 26634.695: [GC 26634.696: [ParNew: 1156951K->116113K(1188864K), 0.1149350 secs] 1776272K->738218K(1965056K), 0.1152050 secs] [Times: user=0.71 sys=0.00, real=0.11 secs] 
2011-08-25T13:15:07.487+0100: 26688.963: [GC 26688.963: [ParNew: 1172881K->132096K(1188864K), 0.1165260 secs] 1794986K->760682K(1965056K), 0.1168150 secs] [Times: user=0.79 sys=0.01, real=0.11 secs] 
2011-08-25T13:15:45.466+0100: 26726.942: [GC 26726.942: [ParNew: 1188864K->117433K(1188864K), 0.2100820 secs] 1817450K->779026K(1965056K), 0.2104040 secs] [Times: user=0.81 sys=0.01, real=0.21 secs] 
2011-08-25T13:16:27.507+0100: 26768.983: [GC 26768.983: [ParNew: 1174201K->104774K(1188864K), 0.0899920 secs] 1835794K->766367K(1965056K), 0.0902610 secs] [Times: user=0.65 sys=0.01, real=0.09 secs] 
2011-08-25T13:17:08.194+0100: 26809.670: [GC 26809.671: [ParNew: 1161542K->108955K(1188864K), 0.0987680 secs] 1823135K->776194K(1965056K), 0.0990430 secs] [Times: user=0.66 sys=0.00, real=0.10 secs] 
2011-08-25T13:17:57.569+0100: 26859.045: [GC 26859.046: [ParNew: 1165723K->127232K(1188864K), 0.0985120 secs] 1832962K->798428K(1965056K), 0.0987640 secs] [Times: user=0.67 sys=0.01, real=0.10 secs] 
2011-08-25T13:18:37.518+0100: 26898.994: [GC 26898.994: [ParNew: 1184000K->132096K(1188864K), 0.1131590 secs] 1855196K->809943K(1965056K), 0.1134090 secs] [Times: user=0.66 sys=0.01, real=0.12 secs] 
2011-08-25T13:19:17.733+0100: 26939.210: [GC 26939.210: [ParNew: 1188864K->109940K(1188864K), 0.1135000 secs] 1866711K->793684K(1965056K), 0.1137440 secs] [Times: user=0.71 sys=0.00, real=0.11 secs] 
2011-08-25T13:20:08.079+0100: 26989.556: [GC 26989.556: [ParNew: 1166708K->125996K(1188864K), 0.1028370 secs] 1850452K->814822K(1965056K), 0.1030950 secs] [Times: user=0.70 sys=0.00, real=0.10 secs] 
2011-08-25T13:20:48.007+0100: 27029.483: [GC 27029.484: [ParNew: 1182764K->116489K(1188864K), 0.1029970 secs] 1871590K->808600K(1965056K), 0.1033450 secs] [Times: user=0.65 sys=0.00, real=0.10 secs] 
2011-08-25T13:21:27.851+0100: 27069.328: [GC 27069.328: [ParNew: 1173257K->114448K(1188864K), 0.0880840 secs] 1865368K->809657K(1965056K), 0.0883490 secs] [Times: user=0.65 sys=0.00, real=0.09 secs] 
2011-08-25T13:22:14.045+0100: 27115.521: [GC 27115.521: [ParNew: 1171216K->132095K(1188864K), 0.1174200 secs] 1866425K->833784K(1965056K), 0.1177650 secs] [Times: user=0.73 sys=0.01, real=0.12 secs] 
2011-08-25T13:22:57.798+0100: 27159.274: [GC 27159.274: [ParNew: 1188863K->93196K(1188864K), 0.1715390 secs] 1890552K->823400K(1965056K), 0.1717790 secs] [Times: user=0.65 sys=0.01, real=0.17 secs] 
2011-08-25T13:22:57.970+0100: 27159.447: [GC [1 CMS-initial-mark: 730203K(776192K)] 823458K(1965056K), 0.0954440 secs] [Times: user=0.09 sys=0.00, real=0.09 secs] 
2011-08-25T13:22:58.066+0100: 27159.543: [CMS-concurrent-mark-start]
2011-08-25T13:22:58.955+0100: 27160.431: [CMS-concurrent-mark: 0.889/0.889 secs] [Times: user=3.47 sys=0.03, real=0.89 secs] 
2011-08-25T13:22:58.955+0100: 27160.432: [CMS-concurrent-preclean-start]
2011-08-25T13:22:58.959+0100: 27160.435: [CMS-concurrent-preclean: 0.003/0.003 secs] [Times: user=0.00 sys=0.00, real=0.01 secs] 
2011-08-25T13:22:58.959+0100: 27160.435: [CMS-concurrent-abortable-preclean-start]
 CMS: abort preclean due to time 2011-08-25T13:23:04.067+0100: 27165.543: [CMS-concurrent-abortable-preclean: 4.185/5.108 secs] [Times: user=4.48 sys=0.10, real=5.10 secs] 
2011-08-25T13:23:04.068+0100: 27165.544: [GC[YG occupancy: 197970 K (1188864 K)]27165.544: [Rescan (parallel) , 0.0526250 secs]27165.597: [weak refs processing, 0.0001240 secs] [1 CMS-remark: 730203K(776192K)] 928174K(1965056K), 0.0529790 secs] [Times: user=0.28 sys=0.02, real=0.05 secs] 
2011-08-25T13:23:04.122+0100: 27165.598: [CMS-concurrent-sweep-start]
2011-08-25T13:23:05.297+0100: 27166.773: [CMS-concurrent-sweep: 1.175/1.175 secs] [Times: user=1.28 sys=0.03, real=1.17 secs] 
2011-08-25T13:23:05.297+0100: 27166.773: [CMS-concurrent-reset-start]
2011-08-25T13:23:05.312+0100: 27166.788: [CMS-concurrent-reset: 0.015/0.015 secs] [Times: user=0.02 sys=0.00, real=0.02 secs] 
2011-08-25T13:23:37.638+0100: 27199.114: [GC 27199.114: [ParNew: 1149964K->94501K(1188864K), 0.0856880 secs] 1590529K->535065K(1965056K), 0.0859650 secs] [Times: user=0.62 sys=0.01, real=0.09 secs] 
2011-08-25T13:24:15.840+0100: 27237.316: [GC 27237.317: [ParNew: 1151269K->132096K(1188864K), 0.1350950 secs] 1591833K->578385K(1965056K), 0.1353590 secs] [Times: user=0.76 sys=0.01, real=0.13 secs] 
2011-08-25T13:24:47.489+0100: 27268.965: [GC 27268.965: [ParNew: 1188864K->110665K(1188864K), 0.2269770 secs] 1635153K->594341K(1965056K), 0.2272140 secs] [Times: user=0.79 sys=0.01, real=0.22 secs] 
2011-08-25T13:25:21.573+0100: 27303.049: [GC 27303.049: [ParNew: 1167433K->112564K(1188864K), 0.0845490 secs] 1651109K->596240K(1965056K), 0.0847790 secs] [Times: user=0.60 sys=0.01, real=0.09 secs] 
2011-08-25T13:26:07.615+0100: 27349.091: [GC 27349.092: [ParNew: 1169332K->125761K(1188864K), 0.1128020 secs] 1653008K->614261K(1965056K), 0.1130680 secs] [Times: user=0.80 sys=0.01, real=0.11 secs] 
2011-08-25T13:26:48.070+0100: 27389.546: [GC 27389.546: [ParNew: 1182529K->104089K(1188864K), 0.1628630 secs] 1671029K->616871K(1965056K), 0.1630780 secs] [Times: user=0.67 sys=0.01, real=0.17 secs] 
2011-08-25T13:27:27.746+0100: 27429.222: [GC 27429.223: [ParNew: 1160857K->102001K(1188864K), 0.0881300 secs] 1673639K->614783K(1965056K), 0.0883810 secs] [Times: user=0.64 sys=0.00, real=0.09 secs] 
2011-08-25T13:28:13.100+0100: 27474.577: [GC 27474.577: [ParNew: 1158769K->120423K(1188864K), 0.1132110 secs] 1671551K->638063K(1965056K), 0.1135430 secs] [Times: user=0.73 sys=0.00, real=0.12 secs] 
2011-08-25T13:28:47.566+0100: 27509.042: [GC 27509.042: [ParNew: 1177191K->108310K(1188864K), 0.2007870 secs] 1694831K->655602K(1965056K), 0.2011120 secs] [Times: user=0.79 sys=0.01, real=0.21 secs] 
2011-08-25T13:29:27.985+0100: 27549.462: [GC 27549.462: [ParNew: 1165078K->80757K(1188864K), 0.1245180 secs] 1712370K->646269K(1965056K), 0.1247690 secs] [Times: user=0.65 sys=0.01, real=0.13 secs] 
2011-08-25T13:30:06.346+0100: 27587.823: [GC 27587.823: [ParNew: 1137525K->131665K(1188864K), 0.2434940 secs] 1703037K->697177K(1965056K), 0.2438280 secs] [Times: user=0.86 sys=0.02, real=0.24 secs] 
2011-08-25T13:30:27.560+0100: 27609.036: [GC 27609.036: [ParNew: 1188433K->105749K(1188864K), 0.2154790 secs] 1753945K->707432K(1965056K), 0.2159220 secs] [Times: user=0.81 sys=0.01, real=0.21 secs] 
2011-08-25T13:31:08.030+0100: 27649.507: [GC 27649.507: [ParNew: 1162517K->108588K(1188864K), 0.1028660 secs] 1764200K->710270K(1965056K), 0.1031440 secs] [Times: user=0.68 sys=0.00, real=0.11 secs] 
2011-08-25T13:31:47.242+0100: 27688.719: [GC 27688.719: [ParNew: 1165356K->131931K(1188864K), 0.1068300 secs] 1767038K->736791K(1965056K), 0.1071040 secs] [Times: user=0.76 sys=0.00, real=0.11 secs] 
2011-08-25T13:32:18.052+0100: 27719.528: [GC 27719.528: [ParNew: 1188699K->102516K(1188864K), 0.1561930 secs] 1793559K->730759K(1965056K), 0.1564370 secs] [Times: user=0.72 sys=0.00, real=0.15 secs] 
2011-08-25T13:33:07.627+0100: 27769.103: [GC 27769.104: [ParNew: 1159284K->112779K(1188864K), 0.1120420 secs] 1787527K->741022K(1965056K), 0.1122800 secs] [Times: user=0.71 sys=0.01, real=0.11 secs] 
2011-08-25T13:33:43.422+0100: 27804.899: [GC 27804.899: [ParNew: 1169547K->99469K(1188864K), 0.1921280 secs] 1797790K->754494K(1965056K), 0.1923770 secs] [Times: user=0.73 sys=0.02, real=0.19 secs] 
2011-08-25T13:34:17.818+0100: 27839.294: [GC 27839.294: [ParNew: 1156237K->118175K(1188864K), 0.0967860 secs] 1811262K->773199K(1965056K), 0.0970330 secs] [Times: user=0.71 sys=0.00, real=0.10 secs] 
2011-08-25T13:34:57.763+0100: 27879.239: [GC 27879.239: [ParNew: 1174943K->88806K(1188864K), 0.1625310 secs] 1829967K->771283K(1965056K), 0.1628220 secs] [Times: user=0.69 sys=0.01, real=0.16 secs] 
2011-08-25T13:35:37.594+0100: 27919.071: [GC 27919.071: [ParNew: 1145574K->96170K(1188864K), 0.1089240 secs] 1828051K->778647K(1965056K), 0.1092050 secs] [Times: user=0.63 sys=0.00, real=0.11 secs] 
2011-08-25T13:36:17.506+0100: 27958.982: [GC 27958.983: [ParNew: 1152938K->108393K(1188864K), 0.1853990 secs] 1835415K->817910K(1965056K), 0.1857210 secs] [Times: user=0.83 sys=0.01, real=0.18 secs] 
2011-08-25T13:36:17.693+0100: 27959.169: [GC [1 CMS-initial-mark: 709516K(776192K)] 826523K(1965056K), 0.1425420 secs] [Times: user=0.15 sys=0.00, real=0.15 secs] 
2011-08-25T13:36:17.836+0100: 27959.312: [CMS-concurrent-mark-start]
2011-08-25T13:36:18.758+0100: 27960.234: [CMS-concurrent-mark: 0.922/0.922 secs] [Times: user=4.17 sys=0.06, real=0.92 secs] 
2011-08-25T13:36:18.758+0100: 27960.234: [CMS-concurrent-preclean-start]
2011-08-25T13:36:18.766+0100: 27960.242: [CMS-concurrent-preclean: 0.007/0.008 secs] [Times: user=0.01 sys=0.00, real=0.01 secs] 
2011-08-25T13:36:18.766+0100: 27960.242: [CMS-concurrent-abortable-preclean-start]
 CMS: abort preclean due to time 2011-08-25T13:36:23.814+0100: 27965.290: [CMS-concurrent-abortable-preclean: 4.023/5.048 secs] [Times: user=4.16 sys=0.02, real=5.04 secs] 
2011-08-25T13:36:23.815+0100: 27965.291: [GC[YG occupancy: 321107 K (1188864 K)]27965.291: [Rescan (parallel) , 0.4099750 secs]27965.701: [weak refs processing, 0.0000990 secs] [1 CMS-remark: 709516K(776192K)] 1030623K(1965056K), 0.4103160 secs] [Times: user=0.66 sys=0.48, real=0.41 secs] 
2011-08-25T13:36:24.226+0100: 27965.702: [CMS-concurrent-sweep-start]
2011-08-25T13:36:25.431+0100: 27966.907: [CMS-concurrent-sweep: 1.203/1.205 secs] [Times: user=1.24 sys=0.02, real=1.21 secs] 
2011-08-25T13:36:25.431+0100: 27966.907: [CMS-concurrent-reset-start]
2011-08-25T13:36:25.447+0100: 27966.923: [CMS-concurrent-reset: 0.016/0.016 secs] [Times: user=0.01 sys=0.00, real=0.02 secs] 
2011-08-25T13:37:00.397+0100: 28001.873: [GC 28001.873: [ParNew: 1165161K->83104K(1188864K), 0.1722740 secs] 1594305K->536747K(1965056K), 0.1725120 secs] [Times: user=0.67 sys=0.01, real=0.17 secs] 
2011-08-25T13:37:37.730+0100: 28039.206: [GC 28039.206: [ParNew: 1139872K->98011K(1188864K), 0.1075020 secs] 1593515K->551654K(1965056K), 0.1077750 secs] [Times: user=0.65 sys=0.01, real=0.11 secs] 
2011-08-25T13:38:17.718+0100: 28079.194: [GC 28079.194: [ParNew: 1154779K->113455K(1188864K), 0.1703670 secs] 1608422K->590825K(1965056K), 0.1706070 secs] [Times: user=0.82 sys=0.01, real=0.17 secs] 
2011-08-25T13:39:06.056+0100: 28127.533: [GC 28127.533: [ParNew: 1170223K->93994K(1188864K), 0.2004630 secs] 1647593K->597965K(1965056K), 0.2007660 secs] [Times: user=0.82 sys=0.02, real=0.20 secs] 
2011-08-25T13:39:42.182+0100: 28163.659: [GC 28163.659: [ParNew: 1150762K->81285K(1188864K), 0.1791200 secs] 1654733K->607594K(1965056K), 0.1795880 secs] [Times: user=0.70 sys=0.01, real=0.18 secs] 
2011-08-25T13:40:18.305+0100: 28199.781: [GC 28199.781: [ParNew: 1138053K->102801K(1188864K), 0.1017510 secs] 1664362K->629110K(1965056K), 0.1020400 secs] [Times: user=0.65 sys=0.00, real=0.10 secs] 
2011-08-25T13:41:07.592+0100: 28249.068: [GC 28249.069: [ParNew: 1159569K->132096K(1188864K), 0.1084980 secs] 1685878K->662963K(1965056K), 0.1087400 secs] [Times: user=0.80 sys=0.01, real=0.11 secs] 
2011-08-25T13:41:47.841+0100: 28289.317: [GC 28289.317: [ParNew: 1188864K->107147K(1188864K), 0.1582330 secs] 1719731K->664067K(1965056K), 0.1584770 secs] [Times: user=0.69 sys=0.00, real=0.16 secs] 
2011-08-25T13:42:27.818+0100: 28329.294: [GC 28329.295: [ParNew: 1163915K->91778K(1188864K), 0.0870440 secs] 1720835K->648698K(1965056K), 0.0873230 secs] [Times: user=0.62 sys=0.00, real=0.08 secs] 
2011-08-25T13:43:08.273+0100: 28369.750: [GC 28369.750: [ParNew: 1148546K->122703K(1188864K), 0.1064660 secs] 1705466K->683727K(1965056K), 0.1067340 secs] [Times: user=0.71 sys=0.01, real=0.10 secs] 
2011-08-25T13:43:57.469+0100: 28418.945: [GC 28418.945: [ParNew: 1179471K->91970K(1188864K), 0.1689380 secs] 1740495K->678182K(1965056K), 0.1691870 secs] [Times: user=0.72 sys=0.01, real=0.17 secs] 
2011-08-25T13:44:37.800+0100: 28459.276: [GC 28459.277: [ParNew: 1148738K->115464K(1188864K), 0.0845050 secs] 1734950K->701676K(1965056K), 0.0847990 secs] [Times: user=0.63 sys=0.00, real=0.09 secs] 
2011-08-25T13:45:17.990+0100: 28499.466: [GC 28499.466: [ParNew: 1172232K->114383K(1188864K), 0.1040900 secs] 1758444K->704052K(1965056K), 0.1043940 secs] [Times: user=0.64 sys=0.01, real=0.10 secs] 
2011-08-25T13:46:05.996+0100: 28547.472: [GC 28547.472: [ParNew: 1171151K->132096K(1188864K), 0.1307350 secs] 1760820K->727886K(1965056K), 0.1309850 secs] [Times: user=0.82 sys=0.01, real=0.13 secs] 
2011-08-25T13:46:45.487+0100: 28586.963: [GC 28586.963: [ParNew: 1188441K->112460K(1188864K), 0.1889680 secs] 1784231K->735563K(1965056K), 0.1892940 secs] [Times: user=0.76 sys=0.01, real=0.19 secs] 
2011-08-25T13:47:17.936+0100: 28619.413: [GC 28619.413: [ParNew: 1169228K->110023K(1188864K), 0.0971130 secs] 1792331K->733126K(1965056K), 0.0973710 secs] [Times: user=0.65 sys=0.01, real=0.10 secs] 
2011-08-25T13:48:04.362+0100: 28665.838: [GC 28665.839: [ParNew: 1166791K->131033K(1188864K), 0.1394760 secs] 1789894K->758107K(1965056K), 0.1397570 secs] [Times: user=0.79 sys=0.03, real=0.14 secs] 
2011-08-25T13:48:47.701+0100: 28709.178: [GC 28709.178: [ParNew: 1187801K->108588K(1188864K), 0.1710890 secs] 1814875K->761101K(1965056K), 0.1714910 secs] [Times: user=0.78 sys=0.01, real=0.17 secs] 
2011-08-25T13:49:26.267+0100: 28747.743: [GC 28747.743: [ParNew: 1165356K->118920K(1188864K), 0.1734110 secs] 1817869K->792657K(1965056K), 0.1736610 secs] [Times: user=0.83 sys=0.00, real=0.17 secs] 
2011-08-25T13:50:07.953+0100: 28789.430: [GC 28789.430: [ParNew: 1175688K->96970K(1188864K), 0.1548580 secs] 1849425K->792721K(1965056K), 0.1551060 secs] [Times: user=0.73 sys=0.01, real=0.16 secs] 
2011-08-25T13:50:52.676+0100: 28834.152: [GC 28834.152: [ParNew: 1153738K->126467K(1188864K), 0.1394530 secs] 1849489K->822218K(1965056K), 0.1396810 secs] [Times: user=0.83 sys=0.08, real=0.14 secs] 
2011-08-25T13:51:27.721+0100: 28869.197: [GC 28869.197: [ParNew: 1183235K->101464K(1188864K), 0.1677270 secs] 1878986K->822851K(1965056K), 0.1679810 secs] [Times: user=0.73 sys=0.02, real=0.17 secs] 
2011-08-25T13:51:27.891+0100: 28869.367: [GC [1 CMS-initial-mark: 721386K(776192K)] 843104K(1965056K), 0.1025460 secs] [Times: user=0.09 sys=0.00, real=0.10 secs] 
2011-08-25T13:51:27.994+0100: 28869.470: [CMS-concurrent-mark-start]
2011-08-25T13:51:28.879+0100: 28870.355: [CMS-concurrent-mark: 0.885/0.885 secs] [Times: user=3.77 sys=0.05, real=0.89 secs] 
2011-08-25T13:51:28.879+0100: 28870.355: [CMS-concurrent-preclean-start]
2011-08-25T13:51:28.884+0100: 28870.360: [CMS-concurrent-preclean: 0.004/0.005 secs] [Times: user=0.00 sys=0.00, real=0.00 secs] 
2011-08-25T13:51:28.884+0100: 28870.360: [CMS-concurrent-abortable-preclean-start]
 CMS: abort preclean due to time 2011-08-25T13:51:33.989+0100: 28875.465: [CMS-concurrent-abortable-preclean: 5.101/5.105 secs] [Times: user=5.23 sys=0.09, real=5.11 secs] 
2011-08-25T13:51:33.990+0100: 28875.466: [GC[YG occupancy: 257383 K (1188864 K)]28875.466: [Rescan (parallel) , 0.2067940 secs]28875.673: [weak refs processing, 0.0001310 secs] [1 CMS-remark: 721386K(776192K)] 978770K(1965056K), 0.2071680 secs] [Times: user=0.47 sys=0.20, real=0.20 secs] 
2011-08-25T13:51:34.197+0100: 28875.674: [CMS-concurrent-sweep-start]
2011-08-25T13:51:35.315+0100: 28876.792: [CMS-concurrent-sweep: 1.118/1.118 secs] [Times: user=1.16 sys=0.03, real=1.12 secs] 
2011-08-25T13:51:35.315+0100: 28876.792: [CMS-concurrent-reset-start]
2011-08-25T13:51:35.326+0100: 28876.802: [CMS-concurrent-reset: 0.011/0.011 secs] [Times: user=0.01 sys=0.00, real=0.01 secs] 
2011-08-25T13:52:08.193+0100: 28909.669: [GC 28909.669: [ParNew: 1158232K->122506K(1188864K), 0.0927890 secs] 1590756K->555030K(1965056K), 0.0930270 secs] [Times: user=0.66 sys=0.01, real=0.09 secs] 
2011-08-25T13:52:47.528+0100: 28949.004: [GC 28949.004: [ParNew: 1179274K->132096K(1188864K), 0.1162110 secs] 1611798K->569286K(1965056K), 0.1164950 secs] [Times: user=0.78 sys=0.00, real=0.11 secs] 
2011-08-25T13:53:17.928+0100: 28979.404: [GC 28979.404: [ParNew: 1188864K->107762K(1188864K), 0.1974510 secs] 1626054K->572014K(1965056K), 0.1977490 secs] [Times: user=0.70 sys=0.01, real=0.20 secs] 
2011-08-25T13:54:07.941+0100: 29029.417: [GC 29029.418: [ParNew: 1164530K->115016K(1188864K), 0.1044850 secs] 1628782K->579268K(1965056K), 0.1047570 secs] [Times: user=0.68 sys=0.01, real=0.11 secs] 
2011-08-25T13:54:48.003+0100: 29069.479: [GC 29069.479: [ParNew: 1171784K->101907K(1188864K), 0.1494810 secs] 1636036K->588941K(1965056K), 0.1498250 secs] [Times: user=0.69 sys=0.00, real=0.15 secs] 
2011-08-25T13:55:29.239+0100: 29110.716: [GC 29110.716: [ParNew: 1158675K->97256K(1188864K), 0.0928060 secs] 1645709K->584290K(1965056K), 0.0930270 secs] [Times: user=0.61 sys=0.00, real=0.09 secs] 
2011-08-25T13:56:18.000+0100: 29159.476: [GC 29159.477: [ParNew: 1154024K->108221K(1188864K), 0.1040980 secs] 1641058K->599005K(1965056K), 0.1043600 secs] [Times: user=0.65 sys=0.02, real=0.10 secs] 
2011-08-25T13:57:07.562+0100: 29209.038: [GC 29209.038: [ParNew: 1164989K->132096K(1188864K), 0.1251230 secs] 1655773K->628528K(1965056K), 0.1254710 secs] [Times: user=0.81 sys=0.00, real=0.13 secs] 
2011-08-25T13:57:47.613+0100: 29249.089: [GC 29249.089: [ParNew: 1188864K->112457K(1188864K), 0.1841840 secs] 1685296K->638838K(1965056K), 0.1845250 secs] [Times: user=0.74 sys=0.01, real=0.18 secs] 
2011-08-25T13:58:18.584+0100: 29280.060: [GC 29280.060: [ParNew: 1169225K->88229K(1188864K), 0.0936040 secs] 1695606K->614610K(1965056K), 0.1094780 secs] [Times: user=0.65 sys=0.02, real=0.11 secs] 
2011-08-25T13:59:07.587+0100: 29329.063: [GC 29329.063: [ParNew: 1144997K->126315K(1188864K), 0.1161900 secs] 1671378K->655728K(1965056K), 0.1164920 secs] [Times: user=0.77 sys=0.01, real=0.12 secs] 
2011-08-25T13:59:47.524+0100: 29369.000: [GC 29369.000: [ParNew: 1183083K->126424K(1188864K), 0.1821560 secs] 1712496K->683378K(1965056K), 0.1824590 secs] [Times: user=0.78 sys=0.01, real=0.18 secs] 
2011-08-25T14:00:18.088+0100: 29399.564: [GC 29399.564: [ParNew: 1183192K->79694K(1188864K), 0.1471380 secs] 1740146K->658413K(1965056K), 0.1474500 secs] [Times: user=0.70 sys=0.01, real=0.15 secs] 
2011-08-25T14:01:03.449+0100: 29444.926: [GC 29444.926: [ParNew: 1136462K->109097K(1188864K), 0.0994900 secs] 1715181K->687816K(1965056K), 0.0998040 secs] [Times: user=0.66 sys=0.01, real=0.10 secs] 
2011-08-25T14:01:37.896+0100: 29479.372: [GC 29479.373: [ParNew: 1165865K->107971K(1188864K), 0.1102020 secs] 1744584K->687685K(1965056K), 0.1105340 secs] [Times: user=0.63 sys=0.02, real=0.11 secs] 
2011-08-25T14:02:17.950+0100: 29519.426: [GC 29519.426: [ParNew: 1164739K->132095K(1188864K), 0.1034990 secs] 1744453K->716298K(1965056K), 0.1038320 secs] [Times: user=0.67 sys=0.01, real=0.10 secs] 
2011-08-25T14:03:07.204+0100: 29568.681: [GC 29568.681: [ParNew: 1188863K->124631K(1188864K), 0.1189830 secs] 1773066K->712195K(1965056K), 0.1195010 secs] [Times: user=0.82 sys=0.01, real=0.12 secs] 
2011-08-25T14:03:37.849+0100: 29599.326: [GC 29599.326: [ParNew: 1181399K->98254K(1188864K), 0.2125390 secs] 1768963K->716241K(1965056K), 0.2129840 secs] [Times: user=0.71 sys=0.01, real=0.21 secs] 
2011-08-25T14:04:17.981+0100: 29639.457: [GC 29639.458: [ParNew: 1155022K->96363K(1188864K), 0.1050580 secs] 1773009K->714350K(1965056K), 0.1053930 secs] [Times: user=0.65 sys=0.00, real=0.11 secs] 
2011-08-25T14:05:07.493+0100: 29688.969: [GC 29688.969: [ParNew: 1153131K->132096K(1188864K), 0.1260780 secs] 1771118K->757550K(1965056K), 0.1263660 secs] [Times: user=0.82 sys=0.00, real=0.13 secs] 
2011-08-25T14:05:45.470+0100: 29726.946: [GC 29726.947: [ParNew: 1188864K->110617K(1188864K), 0.2196700 secs] 1814318K->766892K(1965056K), 0.2200140 secs] [Times: user=0.77 sys=0.02, real=0.22 secs] 
2011-08-25T14:06:23.215+0100: 29764.691: [GC 29764.692: [ParNew: 1167385K->102803K(1188864K), 0.0942590 secs] 1823660K->759078K(1965056K), 0.0944810 secs] [Times: user=0.64 sys=0.00, real=0.10 secs] 
2011-08-25T14:07:08.018+0100: 29809.495: [GC 29809.495: [ParNew: 1159571K->119770K(1188864K), 0.1009850 secs] 1815846K->780470K(1965056K), 0.1012050 secs] [Times: user=0.69 sys=0.00, real=0.10 secs] 
2011-08-25T14:07:47.576+0100: 29849.052: [GC 29849.052: [ParNew: 1176538K->130838K(1188864K), 0.1108070 secs] 1837238K->797055K(1965056K), 0.1111330 secs] [Times: user=0.75 sys=0.00, real=0.11 secs] 
2011-08-25T14:08:23.582+0100: 29885.059: [GC 29885.059: [ParNew: 1187606K->95081K(1188864K), 0.1733990 secs] 1853823K->790045K(1965056K), 0.1738360 secs] [Times: user=0.78 sys=0.01, real=0.17 secs] 
2011-08-25T14:09:04.480+0100: 29925.956: [GC 29925.956: [ParNew: 1151849K->111384K(1188864K), 0.1214080 secs] 1846813K->806349K(1965056K), 0.1216900 secs] [Times: user=0.69 sys=0.01, real=0.12 secs] 
2011-08-25T14:09:40.345+0100: 29961.822: [GC 29961.822: [ParNew: 1168152K->110928K(1188864K), 0.1237570 secs] 1863117K->809021K(1965056K), 0.1241020 secs] [Times: user=0.68 sys=0.00, real=0.13 secs] 
2011-08-25T14:10:18.128+0100: 29999.604: [GC 29999.605: [ParNew: 1167696K->129494K(1188864K), 0.1202810 secs] 1865789K->830756K(1965056K), 0.1206100 secs] [Times: user=0.69 sys=0.02, real=0.12 secs] 
2011-08-25T14:11:00.082+0100: 30041.558: [GC 30041.558: [ParNew: 1186262K->112740K(1188864K), 0.0871800 secs] 1887524K->815045K(1965056K), 0.0874800 secs] [Times: user=0.62 sys=0.01, real=0.09 secs] 
2011-08-25T14:11:37.627+0100: 30079.104: [GC 30079.104: [ParNew: 1169508K->125181K(1188864K), 0.1017400 secs] 1871813K->829405K(1965056K), 0.1019570 secs] [Times: user=0.66 sys=0.01, real=0.10 secs] 
2011-08-25T14:12:13.555+0100: 30115.031: [GC 30115.031: [ParNew: 1181949K->97839K(1188864K), 0.1789290 secs] 1886173K->824460K(1965056K), 0.1791950 secs] [Times: user=0.76 sys=0.02, real=0.18 secs] 
2011-08-25T14:12:13.735+0100: 30115.211: [GC [1 CMS-initial-mark: 726621K(776192K)] 824470K(1965056K), 0.1268350 secs] [Times: user=0.11 sys=0.00, real=0.13 secs] 
2011-08-25T14:12:13.862+0100: 30115.338: [CMS-concurrent-mark-start]
2011-08-25T14:12:14.748+0100: 30116.224: [CMS-concurrent-mark: 0.886/0.886 secs] [Times: user=3.50 sys=0.03, real=0.89 secs] 
2011-08-25T14:12:14.748+0100: 30116.224: [CMS-concurrent-preclean-start]
2011-08-25T14:12:14.752+0100: 30116.228: [CMS-concurrent-preclean: 0.003/0.003 secs] [Times: user=0.01 sys=0.00, real=0.00 secs] 
2011-08-25T14:12:14.752+0100: 30116.228: [CMS-concurrent-abortable-preclean-start]
 CMS: abort preclean due to time 2011-08-25T14:12:19.805+0100: 30121.281: [CMS-concurrent-abortable-preclean: 4.536/5.053 secs] [Times: user=5.33 sys=0.18, real=5.05 secs] 
2011-08-25T14:12:19.806+0100: 30121.282: [GC[YG occupancy: 368930 K (1188864 K)]30121.282: [Rescan (parallel) , 0.2308530 secs]30121.513: [weak refs processing, 0.0001040 secs] [1 CMS-remark: 726621K(776192K)] 1095551K(1965056K), 0.2311170 secs] [Times: user=0.72 sys=0.17, real=0.23 secs] 
2011-08-25T14:12:20.040+0100: 30121.516: [CMS-concurrent-sweep-start]
2011-08-25T14:12:21.284+0100: 30122.760: [CMS-concurrent-sweep: 1.244/1.244 secs] [Times: user=1.25 sys=0.04, real=1.24 secs] 
2011-08-25T14:12:21.284+0100: 30122.761: [CMS-concurrent-reset-start]
2011-08-25T14:12:21.294+0100: 30122.771: [CMS-concurrent-reset: 0.010/0.010 secs] [Times: user=0.01 sys=0.00, real=0.01 secs] 
2011-08-25T14:12:56.344+0100: 30157.820: [GC 30157.820: [ParNew: 1154607K->85482K(1188864K), 0.1802030 secs] 1589071K->548556K(1965056K), 0.1804280 secs] [Times: user=0.71 sys=0.01, real=0.18 secs] 
2011-08-25T14:13:28.617+0100: 30190.093: [GC 30190.093: [ParNew: 1142250K->92687K(1188864K), 0.0908970 secs] 1605324K->555762K(1965056K), 0.0911270 secs] [Times: user=0.58 sys=0.01, real=0.09 secs] 
2011-08-25T14:14:11.795+0100: 30233.271: [GC 30233.271: [ParNew: 1149455K->126855K(1188864K), 0.1034060 secs] 1612530K->593690K(1965056K), 0.1036640 secs] [Times: user=0.69 sys=0.00, real=0.11 secs] 
2011-08-25T14:14:57.776+0100: 30279.253: [GC 30279.253: [ParNew: 1183623K->96086K(1188864K), 0.1635290 secs] 1650458K->586220K(1965056K), 0.1638380 secs] [Times: user=0.69 sys=0.01, real=0.16 secs] 
2011-08-25T14:15:39.004+0100: 30320.480: [GC 30320.480: [ParNew: 1152854K->93875K(1188864K), 0.1172130 secs] 1642988K->584009K(1965056K), 0.1174600 secs] [Times: user=0.61 sys=0.03, real=0.12 secs] 
2011-08-25T14:16:27.535+0100: 30369.011: [GC 30369.011: [ParNew: 1150643K->128052K(1188864K), 0.0978910 secs] 1640777K->619903K(1965056K), 0.0981400 secs] [Times: user=0.72 sys=0.01, real=0.09 secs] 
2011-08-25T14:17:08.006+0100: 30409.482: [GC 30409.482: [ParNew: 1184820K->105153K(1188864K), 0.1497260 secs] 1676671K->620504K(1965056K), 0.1499720 secs] [Times: user=0.78 sys=0.01, real=0.15 secs] 
2011-08-25T14:17:57.578+0100: 30459.054: [GC 30459.055: [ParNew: 1161921K->93254K(1188864K), 0.1366190 secs] 1677272K->628204K(1965056K), 0.1368910 secs] [Times: user=0.65 sys=0.00, real=0.14 secs] 
2011-08-25T14:18:37.548+0100: 30499.024: [GC 30499.024: [ParNew: 1150022K->108772K(1188864K), 0.0957040 secs] 1684972K->643721K(1965056K), 0.0959390 secs] [Times: user=0.69 sys=0.01, real=0.09 secs] 
2011-08-25T14:19:17.363+0100: 30538.840: [GC 30538.840: [ParNew: 1165540K->113538K(1188864K), 0.2111800 secs] 1700489K->678255K(1965056K), 0.2114070 secs] [Times: user=0.94 sys=0.01, real=0.21 secs] 
2011-08-25T14:19:55.998+0100: 30577.474: [GC 30577.474: [ParNew: 1170306K->94829K(1188864K), 0.1783090 secs] 1735023K->689450K(1965056K), 0.1786070 secs] [Times: user=0.74 sys=0.01, real=0.18 secs] 
2011-08-25T14:20:27.744+0100: 30609.221: [GC 30609.221: [ParNew: 1151597K->93933K(1188864K), 0.0963090 secs] 1746218K->688554K(1965056K), 0.0965310 secs] [Times: user=0.64 sys=0.01, real=0.10 secs] 
2011-08-25T14:21:08.308+0100: 30649.784: [GC 30649.784: [ParNew: 1150701K->122197K(1188864K), 0.1032030 secs] 1745322K->721826K(1965056K), 0.1034430 secs] [Times: user=0.70 sys=0.01, real=0.10 secs] 
2011-08-25T14:21:47.511+0100: 30688.988: [GC 30688.988: [ParNew: 1178965K->130866K(1188864K), 0.1210570 secs] 1778594K->733887K(1965056K), 0.1212990 secs] [Times: user=0.75 sys=0.01, real=0.12 secs] 
2011-08-25T14:22:19.668+0100: 30721.144: [GC 30721.144: [ParNew: 1187634K->108030K(1188864K), 0.1744390 secs] 1790655K->735742K(1965056K), 0.1746650 secs] [Times: user=0.69 sys=0.01, real=0.18 secs] 
2011-08-25T14:23:06.803+0100: 30768.280: [GC 30768.280: [ParNew: 1164798K->127272K(1188864K), 0.1114670 secs] 1792510K->754984K(1965056K), 0.1116900 secs] [Times: user=0.75 sys=0.00, real=0.11 secs] 
2011-08-25T14:23:39.784+0100: 30801.260: [GC 30801.261: [ParNew: 1184040K->90248K(1188864K), 0.1668010 secs] 1811752K->743039K(1965056K), 0.1670320 secs] [Times: user=0.68 sys=0.01, real=0.17 secs] 
2011-08-25T14:24:17.792+0100: 30839.268: [GC 30839.269: [ParNew: 1147016K->120449K(1188864K), 0.1023050 secs] 1799807K->773240K(1965056K), 0.1025520 secs] [Times: user=0.71 sys=0.00, real=0.10 secs] 
2011-08-25T14:24:57.745+0100: 30879.221: [GC 30879.221: [ParNew: 1177217K->89202K(1188864K), 0.1645540 secs] 1830008K->768635K(1965056K), 0.1648100 secs] [Times: user=0.67 sys=0.01, real=0.17 secs] 
2011-08-25T14:25:37.642+0100: 30919.119: [GC 30919.119: [ParNew: 1145970K->108359K(1188864K), 0.1009250 secs] 1825403K->787793K(1965056K), 0.1011620 secs] [Times: user=0.68 sys=0.01, real=0.10 secs] 
2011-08-25T14:26:17.772+0100: 30959.249: [GC 30959.249: [ParNew: 1165127K->97851K(1188864K), 0.1837870 secs] 1844561K->804347K(1965056K), 0.1841580 secs] [Times: user=0.79 sys=0.01, real=0.18 secs] 
2011-08-25T14:27:00.997+0100: 31002.474: [GC 31002.474: [ParNew: 1154619K->80745K(1188864K), 0.1669730 secs] 1861115K->810393K(1965056K), 0.1672490 secs] [Times: user=0.66 sys=0.01, real=0.17 secs] 
2011-08-25T14:27:01.167+0100: 31002.643: [GC [1 CMS-initial-mark: 729648K(776192K)] 819524K(1965056K), 0.1006350 secs] [Times: user=0.10 sys=0.00, real=0.10 secs] 
2011-08-25T14:27:01.268+0100: 31002.744: [CMS-concurrent-mark-start]
2011-08-25T14:27:02.173+0100: 31003.650: [CMS-concurrent-mark: 0.906/0.906 secs] [Times: user=3.53 sys=0.05, real=0.90 secs] 
2011-08-25T14:27:02.173+0100: 31003.650: [CMS-concurrent-preclean-start]
2011-08-25T14:27:02.177+0100: 31003.653: [CMS-concurrent-preclean: 0.004/0.004 secs] [Times: user=0.00 sys=0.00, real=0.01 secs] 
2011-08-25T14:27:02.177+0100: 31003.654: [CMS-concurrent-abortable-preclean-start]
 CMS: abort preclean due to time 2011-08-25T14:27:07.238+0100: 31008.714: [CMS-concurrent-abortable-preclean: 4.445/5.060 secs] [Times: user=4.72 sys=0.20, real=5.06 secs] 
2011-08-25T14:27:07.238+0100: 31008.715: [GC[YG occupancy: 208902 K (1188864 K)]31008.715: [Rescan (parallel) , 0.0674700 secs]31008.782: [weak refs processing, 0.0000990 secs] [1 CMS-remark: 729648K(776192K)] 938550K(1965056K), 0.0677270 secs] [Times: user=0.36 sys=0.04, real=0.07 secs] 
2011-08-25T14:27:07.307+0100: 31008.783: [CMS-concurrent-sweep-start]
2011-08-25T14:27:08.476+0100: 31009.952: [CMS-concurrent-sweep: 1.169/1.169 secs] [Times: user=2.21 sys=0.05, real=1.17 secs] 
2011-08-25T14:27:08.476+0100: 31009.952: [CMS-concurrent-reset-start]
2011-08-25T14:27:08.485+0100: 31009.961: [CMS-concurrent-reset: 0.009/0.009 secs] [Times: user=0.02 sys=0.00, real=0.01 secs] 
2011-08-25T14:27:37.719+0100: 31039.195: [GC 31039.195: [ParNew: 1137513K->121635K(1188864K), 0.1044800 secs] 1577161K->561284K(1965056K), 0.1047250 secs] [Times: user=0.66 sys=0.01, real=0.10 secs] 
2011-08-25T14:28:17.636+0100: 31079.113: [GC 31079.113: [ParNew: 1178403K->103593K(1188864K), 0.1837550 secs] 1618052K->566272K(1965056K), 0.1840240 secs] [Times: user=0.76 sys=0.01, real=0.18 secs] 
2011-08-25T14:28:57.839+0100: 31119.315: [GC 31119.315: [ParNew: 1160361K->85094K(1188864K), 0.1478650 secs] 1623040K->571432K(1965056K), 0.1481380 secs] [Times: user=0.64 sys=0.01, real=0.14 secs] 
2011-08-25T14:29:37.675+0100: 31159.151: [GC 31159.152: [ParNew: 1141862K->113147K(1188864K), 0.0896820 secs] 1628200K->599485K(1965056K), 0.0900670 secs] [Times: user=0.63 sys=0.01, real=0.09 secs] 
2011-08-25T14:30:17.849+0100: 31199.326: [GC 31199.326: [ParNew: 1169915K->103982K(1188864K), 0.1512970 secs] 1656253K->612299K(1965056K), 0.1515300 secs] [Times: user=0.74 sys=0.01, real=0.15 secs] 
2011-08-25T14:31:02.251+0100: 31243.727: [GC 31243.727: [ParNew: 1160750K->94945K(1188864K), 0.1935680 secs] 1669067K->627623K(1965056K), 0.1938390 secs] [Times: user=0.76 sys=0.02, real=0.20 secs] 
2011-08-25T14:31:37.657+0100: 31279.133: [GC 31279.133: [ParNew: 1151713K->98866K(1188864K), 0.1071230 secs] 1684391K->631544K(1965056K), 0.1074550 secs] [Times: user=0.65 sys=0.00, real=0.11 secs] 
2011-08-25T14:32:17.472+0100: 31318.948: [GC 31318.948: [ParNew: 1155634K->110835K(1188864K), 0.1780370 secs] 1688312K->668374K(1965056K), 0.1783190 secs] [Times: user=0.82 sys=0.01, real=0.18 secs] 
2011-08-25T14:32:48.672+0100: 31350.148: [GC 31350.148: [ParNew: 1167603K->85394K(1188864K), 0.1839360 secs] 1725142K->670815K(1965056K), 0.1841830 secs] [Times: user=0.66 sys=0.01, real=0.19 secs] 
2011-08-25T14:33:28.149+0100: 31389.626: [GC 31389.626: [ParNew: 1142162K->99303K(1188864K), 0.0905580 secs] 1727583K->684725K(1965056K), 0.0909320 secs] [Times: user=0.64 sys=0.01, real=0.09 secs] 
2011-08-25T14:34:10.578+0100: 31432.054: [GC 31432.054: [ParNew: 1156071K->122575K(1188864K), 0.1124550 secs] 1741493K->712126K(1965056K), 0.1127100 secs] [Times: user=0.71 sys=0.00, real=0.11 secs] 
2011-08-25T14:34:47.997+0100: 31469.473: [GC 31469.473: [ParNew: 1179343K->103775K(1188864K), 0.1745080 secs] 1768894K->716763K(1965056K), 0.1750440 secs] [Times: user=0.71 sys=0.00, real=0.17 secs] 
2011-08-25T14:35:28.075+0100: 31509.551: [GC 31509.552: [ParNew: 1160543K->96355K(1188864K), 0.0939790 secs] 1773531K->709343K(1965056K), 0.0942600 secs] [Times: user=0.58 sys=0.01, real=0.09 secs] 
2011-08-25T14:36:08.359+0100: 31549.835: [GC 31549.836: [ParNew: 1153123K->115170K(1188864K), 0.1046450 secs] 1766111K->730309K(1965056K), 0.1049860 secs] [Times: user=0.71 sys=0.00, real=0.10 secs] 
2011-08-25T14:36:57.754+0100: 31599.230: [GC 31599.230: [ParNew: 1171938K->98631K(1188864K), 0.1834860 secs] 1787077K->735999K(1965056K), 0.1837650 secs] [Times: user=0.78 sys=0.02, real=0.18 secs] 
2011-08-25T14:37:32.573+0100: 31634.050: [GC 31634.050: [ParNew: 1155399K->127629K(1188864K), 0.1080130 secs] 1792767K->764997K(1965056K), 0.1084740 secs] [Times: user=0.67 sys=0.00, real=0.11 secs] 
2011-08-25T14:38:08.513+0100: 31669.989: [GC 31669.990: [ParNew: 1184397K->129703K(1188864K), 0.1067550 secs] 1821765K->770123K(1965056K), 0.1070100 secs] [Times: user=0.67 sys=0.01, real=0.11 secs] 
2011-08-25T14:38:57.718+0100: 31719.194: [GC 31719.194: [ParNew: 1186471K->112961K(1188864K), 0.1011490 secs] 1826891K->757152K(1965056K), 0.1013760 secs] [Times: user=0.64 sys=0.01, real=0.10 secs] 
2011-08-25T14:39:34.403+0100: 31755.879: [GC 31755.879: [ParNew: 1169729K->106103K(1188864K), 0.1060000 secs] 1813920K->754006K(1965056K), 0.1063280 secs] [Times: user=0.69 sys=0.01, real=0.11 secs] 
2011-08-25T14:40:12.378+0100: 31793.854: [GC 31793.855: [ParNew: 1162871K->109809K(1188864K), 0.1861250 secs] 1810774K->785739K(1965056K), 0.1864720 secs] [Times: user=0.85 sys=0.02, real=0.19 secs] 
2011-08-25T14:40:55.810+0100: 31837.286: [GC 31837.286: [ParNew: 1166577K->106901K(1188864K), 0.1163690 secs] 1842507K->782831K(1965056K), 0.1166430 secs] [Times: user=0.64 sys=0.01, real=0.12 secs] 
2011-08-25T14:41:27.785+0100: 31869.261: [GC 31869.261: [ParNew: 1163669K->123557K(1188864K), 0.1075970 secs] 1839599K->802116K(1965056K), 0.1078460 secs] [Times: user=0.66 sys=0.01, real=0.11 secs] 
2011-08-25T14:42:08.393+0100: 31909.870: [GC 31909.870: [ParNew: 1180325K->91780K(1188864K), 0.1721930 secs] 1858884K->792358K(1965056K), 0.1725190 secs] [Times: user=0.73 sys=0.01, real=0.18 secs] 
2011-08-25T14:42:47.996+0100: 31949.472: [GC 31949.472: [ParNew: 1148548K->127537K(1188864K), 0.1012370 secs] 1849126K->828115K(1965056K), 0.1015010 secs] [Times: user=0.67 sys=0.00, real=0.10 secs] 
2011-08-25T14:43:27.585+0100: 31989.061: [GC 31989.061: [ParNew: 1184305K->111982K(1188864K), 0.1479010 secs] 1884883K->832661K(1965056K), 0.1481580 secs] [Times: user=0.74 sys=0.01, real=0.15 secs] 
2011-08-25T14:43:27.734+0100: 31989.210: [GC [1 CMS-initial-mark: 720679K(776192K)] 845266K(1965056K), 0.1149810 secs] [Times: user=0.12 sys=0.00, real=0.11 secs] 
2011-08-25T14:43:27.850+0100: 31989.326: [CMS-concurrent-mark-start]
2011-08-25T14:43:28.717+0100: 31990.193: [CMS-concurrent-mark: 0.868/0.868 secs] [Times: user=3.83 sys=0.05, real=0.87 secs] 
2011-08-25T14:43:28.717+0100: 31990.194: [CMS-concurrent-preclean-start]
2011-08-25T14:43:28.723+0100: 31990.200: [CMS-concurrent-preclean: 0.005/0.006 secs] [Times: user=0.00 sys=0.00, real=0.01 secs] 
2011-08-25T14:43:28.723+0100: 31990.200: [CMS-concurrent-abortable-preclean-start]
 CMS: abort preclean due to time 2011-08-25T14:43:33.863+0100: 31995.339: [CMS-concurrent-abortable-preclean: 3.812/5.139 secs] [Times: user=3.96 sys=0.07, real=5.13 secs] 
2011-08-25T14:43:33.864+0100: 31995.340: [GC[YG occupancy: 272889 K (1188864 K)]31995.340: [Rescan (parallel) , 0.2985660 secs]31995.639: [weak refs processing, 0.0001150 secs] [1 CMS-remark: 720679K(776192K)] 993568K(1965056K), 0.2988530 secs] [Times: user=0.52 sys=0.44, real=0.30 secs] 
2011-08-25T14:43:34.163+0100: 31995.639: [CMS-concurrent-sweep-start]
2011-08-25T14:43:35.338+0100: 31996.814: [CMS-concurrent-sweep: 1.175/1.175 secs] [Times: user=1.22 sys=0.02, real=1.18 secs] 
2011-08-25T14:43:35.338+0100: 31996.814: [CMS-concurrent-reset-start]
2011-08-25T14:43:35.350+0100: 31996.826: [CMS-concurrent-reset: 0.012/0.012 secs] [Times: user=0.01 sys=0.00, real=0.01 secs] 
2011-08-25T14:44:11.536+0100: 32033.012: [GC 32033.013: [ParNew: 1168750K->91093K(1188864K), 0.1584130 secs] 1595520K->539647K(1965056K), 0.1586910 secs] [Times: user=0.72 sys=0.02, real=0.16 secs] 
2011-08-25T14:44:57.480+0100: 32078.956: [GC 32078.956: [ParNew: 1147861K->113243K(1188864K), 0.0908340 secs] 1596415K->561798K(1965056K), 0.0911130 secs] [Times: user=0.68 sys=0.00, real=0.09 secs] 
2011-08-25T14:45:34.210+0100: 32115.687: [GC 32115.687: [ParNew: 1170011K->121269K(1188864K), 0.1097420 secs] 1618566K->571847K(1965056K), 0.1099920 secs] [Times: user=0.68 sys=0.01, real=0.11 secs] 
2011-08-25T14:46:16.865+0100: 32158.342: [GC 32158.342: [ParNew: 1178037K->132096K(1188864K), 0.2209470 secs] 1628615K->590288K(1965056K), 0.2212110 secs] [Times: user=0.79 sys=0.01, real=0.22 secs] 
2011-08-25T14:46:57.855+0100: 32199.331: [GC 32199.331: [ParNew: 1188864K->95078K(1188864K), 0.1846090 secs] 1647056K->581231K(1965056K), 0.1848480 secs] [Times: user=0.66 sys=0.01, real=0.19 secs] 
2011-08-25T14:47:41.090+0100: 32242.566: [GC 32242.566: [ParNew: 1151846K->98207K(1188864K), 0.1213910 secs] 1637999K->584359K(1965056K), 0.1217880 secs] [Times: user=0.64 sys=0.02, real=0.13 secs] 
2011-08-25T14:48:17.939+0100: 32279.415: [GC 32279.415: [ParNew: 1154975K->124382K(1188864K), 0.1166940 secs] 1641127K->615217K(1965056K), 0.1169430 secs] [Times: user=0.72 sys=0.01, real=0.12 secs] 
2011-08-25T14:49:04.393+0100: 32325.869: [GC 32325.869: [ParNew: 1181150K->132091K(1188864K), 0.1861170 secs] 1671985K->625649K(1965056K), 0.1863950 secs] [Times: user=0.74 sys=0.03, real=0.18 secs] 
2011-08-25T14:49:42.854+0100: 32364.330: [GC 32364.330: [ParNew: 1188859K->118250K(1188864K), 0.0986480 secs] 1682417K->614898K(1965056K), 0.0991060 secs] [Times: user=0.63 sys=0.01, real=0.10 secs] 
2011-08-25T14:50:18.158+0100: 32399.634: [GC 32399.634: [ParNew: 1175018K->119483K(1188864K), 0.1050430 secs] 1671666K->618597K(1965056K), 0.1053240 secs] [Times: user=0.66 sys=0.01, real=0.11 secs] 
2011-08-25T14:51:08.001+0100: 32449.477: [GC 32449.477: [ParNew: 1176251K->110380K(1188864K), 0.1116530 secs] 1675365K->612156K(1965056K), 0.1118830 secs] [Times: user=0.69 sys=0.00, real=0.11 secs] 
2011-08-25T14:51:54.384+0100: 32495.860: [GC 32495.860: [ParNew: 1167148K->95178K(1188864K), 0.1633660 secs] 1668924K->620507K(1965056K), 0.1636120 secs] [Times: user=0.69 sys=0.02, real=0.16 secs] 
2011-08-25T14:52:23.949+0100: 32525.425: [GC 32525.425: [ParNew: 1151946K->114964K(1188864K), 0.1095270 secs] 1677275K->640293K(1965056K), 0.1098420 secs] [Times: user=0.73 sys=0.02, real=0.11 secs] 
2011-08-25T14:52:47.773+0100: 32549.249: [GC 32549.250: [ParNew: 1171732K->96395K(1188864K), 0.2909040 secs] 1697061K->672817K(1965056K), 0.2911870 secs] [Times: user=0.91 sys=0.02, real=0.29 secs] 
2011-08-25T14:53:17.610+0100: 32579.086: [GC 32579.086: [ParNew: 1153163K->116795K(1188864K), 0.1055770 secs] 1729585K->693217K(1965056K), 0.1058370 secs] [Times: user=0.73 sys=0.00, real=0.10 secs] 
2011-08-25T14:53:48.061+0100: 32609.537: [GC 32609.537: [ParNew: 1173563K->103642K(1188864K), 0.2307980 secs] 1749985K->717578K(1965056K), 0.2310570 secs] [Times: user=0.81 sys=0.00, real=0.24 secs] 
2011-08-25T14:54:19.605+0100: 32641.081: [GC 32641.082: [ParNew: 1160410K->110555K(1188864K), 0.1065570 secs] 1774346K->724491K(1965056K), 0.1068700 secs] [Times: user=0.71 sys=0.00, real=0.11 secs] 
2011-08-25T14:54:44.292+0100: 32665.769: [GC 32665.769: [ParNew: 1167323K->101042K(1188864K), 0.2890110 secs] 1781259K->770416K(1965056K), 0.2892540 secs] [Times: user=0.98 sys=0.02, real=0.29 secs] 
2011-08-25T14:54:44.583+0100: 32666.059: [GC [1 CMS-initial-mark: 669374K(776192K)] 779233K(1965056K), 0.1012000 secs] [Times: user=0.10 sys=0.00, real=0.10 secs] 
2011-08-25T14:54:44.685+0100: 32666.161: [CMS-concurrent-mark-start]
2011-08-25T14:54:45.651+0100: 32667.127: [CMS-concurrent-mark: 0.967/0.967 secs] [Times: user=3.92 sys=0.07, real=0.97 secs] 
2011-08-25T14:54:45.651+0100: 32667.127: [CMS-concurrent-preclean-start]
2011-08-25T14:54:45.655+0100: 32667.131: [CMS-concurrent-preclean: 0.003/0.003 secs] [Times: user=0.00 sys=0.00, real=0.00 secs] 
2011-08-25T14:54:45.655+0100: 32667.131: [CMS-concurrent-abortable-preclean-start]
 CMS: abort preclean due to time 2011-08-25T14:54:50.736+0100: 32672.212: [CMS-concurrent-abortable-preclean: 4.358/5.081 secs] [Times: user=5.69 sys=0.11, real=5.08 secs] 
2011-08-25T14:54:50.736+0100: 32672.213: [GC[YG occupancy: 480512 K (1188864 K)]32672.213: [Rescan (parallel) , 0.1418210 secs]32672.355: [weak refs processing, 0.0000780 secs] [1 CMS-remark: 669374K(776192K)] 1149886K(1965056K), 0.1420560 secs] [Times: user=0.83 sys=0.04, real=0.14 secs] 
2011-08-25T14:54:50.879+0100: 32672.355: [CMS-concurrent-sweep-start]
2011-08-25T14:54:52.080+0100: 32673.556: [CMS-concurrent-sweep: 1.201/1.201 secs] [Times: user=1.25 sys=0.02, real=1.21 secs] 
2011-08-25T14:54:52.080+0100: 32673.556: [CMS-concurrent-reset-start]
2011-08-25T14:54:52.133+0100: 32673.610: [CMS-concurrent-reset: 0.053/0.053 secs] [Times: user=0.01 sys=0.00, real=0.05 secs] 
2011-08-25T14:55:07.717+0100: 32689.194: [GC 32689.194: [ParNew: 1157810K->122853K(1188864K), 0.0969700 secs] 1621028K->586070K(1965056K), 0.0972850 secs] [Times: user=0.72 sys=0.01, real=0.10 secs] 
2011-08-25T14:55:22.108+0100: 32703.584: [GC 32703.584: [ParNew: 1179621K->99155K(1188864K), 0.2883210 secs] 1642838K->610100K(1965056K), 0.2886370 secs] [Times: user=0.78 sys=0.02, real=0.29 secs] 
2011-08-25T14:55:57.870+0100: 32739.347: [GC 32739.347: [ParNew: 1155923K->83844K(1188864K), 0.0834060 secs] 1666868K->594789K(1965056K), 0.0836900 secs] [Times: user=0.57 sys=0.00, real=0.08 secs] 
2011-08-25T14:56:36.434+0100: 32777.910: [GC 32777.910: [ParNew: 1140612K->132096K(1188864K), 0.1603640 secs] 1651557K->657184K(1965056K), 0.1606990 secs] [Times: user=0.78 sys=0.01, real=0.16 secs] 
2011-08-25T14:57:16.379+0100: 32817.855: [GC 32817.855: [ParNew: 1188864K->114092K(1188864K), 0.2161720 secs] 1713952K->666434K(1965056K), 0.2164730 secs] [Times: user=0.83 sys=0.01, real=0.22 secs] 
2011-08-25T14:57:57.533+0100: 32859.009: [GC 32859.009: [ParNew: 1170860K->78365K(1188864K), 0.1886930 secs] 1723202K->658236K(1965056K), 0.1889690 secs] [Times: user=0.90 sys=0.01, real=0.19 secs] 
2011-08-25T14:58:28.256+0100: 32889.732: [GC 32889.732: [ParNew: 1135133K->119695K(1188864K), 0.0981420 secs] 1715004K->699567K(1965056K), 0.0984170 secs] [Times: user=0.66 sys=0.01, real=0.10 secs] 
2011-08-25T14:59:08.568+0100: 32930.045: [GC 32930.045: [ParNew: 1176463K->85470K(1188864K), 0.1474120 secs] 1756335K->686618K(1965056K), 0.1476810 secs] [Times: user=0.69 sys=0.01, real=0.14 secs] 
2011-08-25T14:59:54.232+0100: 32975.708: [GC 32975.708: [ParNew: 1142238K->120155K(1188864K), 0.0959160 secs] 1743386K->721303K(1965056K), 0.0961990 secs] [Times: user=0.63 sys=0.01, real=0.10 secs] 
2011-08-25T15:00:27.941+0100: 33009.417: [GC 33009.417: [ParNew: 1176923K->101690K(1188864K), 0.1008500 secs] 1778071K->704556K(1965056K), 0.1011100 secs] [Times: user=0.65 sys=0.01, real=0.10 secs] 
2011-08-25T15:01:08.139+0100: 33049.616: [GC 33049.616: [ParNew: 1158458K->125740K(1188864K), 0.1122580 secs] 1761324K->731505K(1965056K), 0.1125840 secs] [Times: user=0.75 sys=0.02, real=0.12 secs] 
2011-08-25T15:01:43.255+0100: 33084.731: [GC 33084.731: [ParNew: 1182508K->106646K(1188864K), 0.1787310 secs] 1788273K->738018K(1965056K), 0.1790010 secs] [Times: user=0.72 sys=0.01, real=0.17 secs] 
2011-08-25T15:02:18.351+0100: 33119.827: [GC 33119.827: [ParNew: 1163414K->100558K(1188864K), 0.0950290 secs] 1794786K->731929K(1965056K), 0.0953870 secs] [Times: user=0.66 sys=0.01, real=0.09 secs] 
2011-08-25T15:03:07.054+0100: 33168.530: [GC 33168.530: [ParNew: 1157326K->124344K(1188864K), 0.1173100 secs] 1788697K->760361K(1965056K), 0.1176230 secs] [Times: user=0.80 sys=0.01, real=0.12 secs] 
2011-08-25T15:03:37.938+0100: 33199.414: [GC 33199.415: [ParNew: 1181112K->101362K(1188864K), 0.1878320 secs] 1817129K->764123K(1965056K), 0.1881190 secs] [Times: user=0.72 sys=0.02, real=0.18 secs] 
2011-08-25T15:04:25.820+0100: 33247.297: [GC 33247.297: [ParNew: 1158130K->115062K(1188864K), 0.1168870 secs] 1820891K->777824K(1965056K), 0.1171830 secs] [Times: user=0.65 sys=0.01, real=0.12 secs] 
2011-08-25T15:05:07.981+0100: 33289.458: [GC 33289.458: [ParNew: 1171830K->104474K(1188864K), 0.1801810 secs] 1834592K->795024K(1965056K), 0.1805460 secs] [Times: user=0.80 sys=0.02, real=0.18 secs] 
2011-08-25T15:05:41.935+0100: 33323.412: [GC 33323.412: [ParNew: 1161242K->93575K(1188864K), 0.1903270 secs] 1851792K->808932K(1965056K), 0.1906040 secs] [Times: user=0.66 sys=0.01, real=0.19 secs] 
2011-08-25T15:05:42.127+0100: 33323.604: [GC [1 CMS-initial-mark: 715357K(776192K)] 809332K(1965056K), 0.1048790 secs] [Times: user=0.11 sys=0.00, real=0.11 secs] 
2011-08-25T15:05:42.233+0100: 33323.709: [CMS-concurrent-mark-start]
2011-08-25T15:05:43.189+0100: 33324.665: [CMS-concurrent-mark: 0.954/0.956 secs] [Times: user=3.92 sys=0.09, real=0.95 secs] 
2011-08-25T15:05:43.189+0100: 33324.665: [CMS-concurrent-preclean-start]
2011-08-25T15:05:43.192+0100: 33324.669: [CMS-concurrent-preclean: 0.003/0.004 secs] [Times: user=0.01 sys=0.00, real=0.01 secs] 
2011-08-25T15:05:43.193+0100: 33324.669: [CMS-concurrent-abortable-preclean-start]
 CMS: abort preclean due to time 2011-08-25T15:05:48.209+0100: 33329.686: [CMS-concurrent-abortable-preclean: 3.883/5.017 secs] [Times: user=5.23 sys=0.16, real=5.01 secs] 
2011-08-25T15:05:48.211+0100: 33329.688: [GC[YG occupancy: 452501 K (1188864 K)]33329.688: [Rescan (parallel) , 0.1749890 secs]33329.863: [weak refs processing, 0.0000850 secs] [1 CMS-remark: 715357K(776192K)] 1167858K(1965056K), 0.1752430 secs] [Times: user=0.84 sys=0.08, real=0.18 secs] 
2011-08-25T15:05:48.387+0100: 33329.863: [CMS-concurrent-sweep-start]
2011-08-25T15:05:49.519+0100: 33330.996: [CMS-concurrent-sweep: 1.132/1.132 secs] [Times: user=1.19 sys=0.03, real=1.13 secs] 
2011-08-25T15:05:49.519+0100: 33330.996: [CMS-concurrent-reset-start]
2011-08-25T15:05:49.532+0100: 33331.008: [CMS-concurrent-reset: 0.013/0.013 secs] [Times: user=0.01 sys=0.00, real=0.01 secs] 
2011-08-25T15:06:14.406+0100: 33355.882: [GC 33355.882: [ParNew: 1150343K->107854K(1188864K), 0.0979450 secs] 1604111K->561622K(1965056K), 0.0982170 secs] [Times: user=0.68 sys=0.01, real=0.09 secs] 
2011-08-25T15:06:57.478+0100: 33398.954: [GC 33398.954: [ParNew: 1164622K->124065K(1188864K), 0.0929840 secs] 1618390K->581690K(1965056K), 0.0932560 secs] [Times: user=0.68 sys=0.00, real=0.10 secs] 
2011-08-25T15:07:27.767+0100: 33429.243: [GC 33429.243: [ParNew: 1180833K->132096K(1188864K), 0.1062290 secs] 1638458K->595036K(1965056K), 0.1064960 secs] [Times: user=0.69 sys=0.01, real=0.11 secs] 
2011-08-25T15:08:11.458+0100: 33472.934: [GC 33472.935: [ParNew: 1188864K->122075K(1188864K), 0.0991620 secs] 1651804K->587791K(1965056K), 0.0994260 secs] [Times: user=0.71 sys=0.01, real=0.10 secs] 
2011-08-25T15:08:48.033+0100: 33509.510: [GC 33509.510: [ParNew: 1178843K->96855K(1188864K), 0.2150830 secs] 1644559K->591873K(1965056K), 0.2154090 secs] [Times: user=0.75 sys=0.01, real=0.21 secs] 
2011-08-25T15:09:28.649+0100: 33550.125: [GC 33550.125: [ParNew: 1153623K->97107K(1188864K), 0.0943910 secs] 1648641K->592126K(1965056K), 0.0946420 secs] [Times: user=0.61 sys=0.00, real=0.09 secs] 
2011-08-25T15:10:08.417+0100: 33589.894: [GC 33589.894: [ParNew: 1153875K->100836K(1188864K), 0.1119170 secs] 1648894K->599024K(1965056K), 0.1122020 secs] [Times: user=0.68 sys=0.02, real=0.11 secs] 
2011-08-25T15:10:47.911+0100: 33629.387: [GC 33629.388: [ParNew: 1157604K->132096K(1188864K), 0.1183170 secs] 1655792K->634837K(1965056K), 0.1185430 secs] [Times: user=0.72 sys=0.02, real=0.12 secs] 
2011-08-25T15:11:27.498+0100: 33668.974: [GC 33668.975: [ParNew: 1188864K->117231K(1188864K), 0.0999520 secs] 1691605K->622045K(1965056K), 0.1002530 secs] [Times: user=0.71 sys=0.00, real=0.10 secs] 
2011-08-25T15:12:08.070+0100: 33709.546: [GC 33709.546: [ParNew: 1173999K->98964K(1188864K), 0.1775120 secs] 1678813K->629595K(1965056K), 0.1778020 secs] [Times: user=0.75 sys=0.02, real=0.18 secs] 
2011-08-25T15:12:44.589+0100: 33746.065: [GC 33746.065: [ParNew: 1155732K->112485K(1188864K), 0.0966650 secs] 1686363K->643116K(1965056K), 0.0969160 secs] [Times: user=0.64 sys=0.00, real=0.09 secs] 
2011-08-25T15:13:18.512+0100: 33779.988: [GC 33779.988: [ParNew: 1169253K->115899K(1188864K), 0.1033100 secs] 1699884K->648795K(1965056K), 0.1035650 secs] [Times: user=0.67 sys=0.01, real=0.10 secs] 
2011-08-25T15:14:07.591+0100: 33829.067: [GC 33829.067: [ParNew: 1172667K->132096K(1188864K), 0.1169110 secs] 1705563K->670761K(1965056K), 0.1171510 secs] [Times: user=0.80 sys=0.00, real=0.12 secs] 
2011-08-25T15:14:47.646+0100: 33869.123: [GC 33869.123: [ParNew: 1188864K->108398K(1188864K), 0.1946570 secs] 1727529K->677049K(1965056K), 0.1949120 secs] [Times: user=0.78 sys=0.01, real=0.19 secs] 
2011-08-25T15:15:18.472+0100: 33899.948: [GC 33899.948: [ParNew: 1165166K->101106K(1188864K), 0.1021950 secs] 1733817K->669757K(1965056K), 0.1024410 secs] [Times: user=0.63 sys=0.02, real=0.10 secs] 
2011-08-25T15:16:07.507+0100: 33948.983: [GC 33948.984: [ParNew: 1157874K->132096K(1188864K), 0.1158740 secs] 1726525K->705547K(1965056K), 0.1161580 secs] [Times: user=0.83 sys=0.01, real=0.12 secs] 
2011-08-25T15:16:47.530+0100: 33989.006: [GC 33989.006: [ParNew: 1188864K->111762K(1188864K), 0.1841000 secs] 1762315K->712255K(1965056K), 0.1843440 secs] [Times: user=0.76 sys=0.01, real=0.18 secs] 
2011-08-25T15:17:21.404+0100: 34022.881: [GC 34022.881: [ParNew: 1168530K->89738K(1188864K), 0.1012650 secs] 1769023K->690231K(1965056K), 0.1016390 secs] [Times: user=0.62 sys=0.01, real=0.10 secs] 
2011-08-25T15:18:07.840+0100: 34069.316: [GC 34069.316: [ParNew: 1146506K->123828K(1188864K), 0.1031540 secs] 1746999K->726537K(1965056K), 0.1034150 secs] [Times: user=0.71 sys=0.00, real=0.10 secs] 
2011-08-25T15:18:47.587+0100: 34109.063: [GC 34109.063: [ParNew: 1180596K->117777K(1188864K), 0.2000610 secs] 1783305K->748376K(1965056K), 0.2005030 secs] [Times: user=0.82 sys=0.01, real=0.20 secs] 
2011-08-25T15:19:20.982+0100: 34142.459: [GC 34142.459: [ParNew: 1174545K->95008K(1188864K), 0.1341880 secs] 1805144K->745745K(1965056K), 0.1344370 secs] [Times: user=0.67 sys=0.00, real=0.13 secs] 
2011-08-25T15:20:07.972+0100: 34189.448: [GC 34189.448: [ParNew: 1151776K->123144K(1188864K), 0.0992820 secs] 1802513K->773882K(1965056K), 0.0996470 secs] [Times: user=0.74 sys=0.01, real=0.10 secs] 
2011-08-25T15:20:47.579+0100: 34229.056: [GC 34229.056: [ParNew: 1179912K->106161K(1188864K), 0.1882860 secs] 1830650K->784007K(1965056K), 0.1887210 secs] [Times: user=0.77 sys=0.02, real=0.19 secs] 
2011-08-25T15:21:27.474+0100: 34268.950: [GC 34268.950: [ParNew: 1162929K->105590K(1188864K), 0.1613460 secs] 1840775K->804953K(1965056K), 0.1616900 secs] [Times: user=0.69 sys=0.02, real=0.16 secs] 
2011-08-25T15:22:08.017+0100: 34309.494: [GC 34309.494: [ParNew: 1162358K->112208K(1188864K), 0.0967670 secs] 1861721K->811571K(1965056K), 0.0970560 secs] [Times: user=0.68 sys=0.00, real=0.10 secs] 
2011-08-25T15:22:47.671+0100: 34349.147: [GC 34349.148: [ParNew: 1168976K->110681K(1188864K), 0.1605640 secs] 1868339K->833842K(1965056K), 0.1608450 secs] [Times: user=0.78 sys=0.01, real=0.16 secs] 
2011-08-25T15:22:47.833+0100: 34349.310: [GC [1 CMS-initial-mark: 723160K(776192K)] 854772K(1965056K), 0.1255240 secs] [Times: user=0.13 sys=0.00, real=0.13 secs] 
2011-08-25T15:22:47.960+0100: 34349.436: [CMS-concurrent-mark-start]
2011-08-25T15:22:48.888+0100: 34350.364: [CMS-concurrent-mark: 0.928/0.928 secs] [Times: user=4.09 sys=0.05, real=0.93 secs] 
2011-08-25T15:22:48.888+0100: 34350.364: [CMS-concurrent-preclean-start]
2011-08-25T15:22:48.895+0100: 34350.371: [CMS-concurrent-preclean: 0.006/0.007 secs] [Times: user=0.01 sys=0.00, real=0.00 secs] 
2011-08-25T15:22:48.895+0100: 34350.372: [CMS-concurrent-abortable-preclean-start]
 CMS: abort preclean due to time 2011-08-25T15:22:53.954+0100: 34355.430: [CMS-concurrent-abortable-preclean: 3.934/5.059 secs] [Times: user=4.04 sys=0.05, real=5.06 secs] 
2011-08-25T15:22:53.955+0100: 34355.431: [GC[YG occupancy: 273425 K (1188864 K)]34355.432: [Rescan (parallel) , 0.3185530 secs]34355.750: [weak refs processing, 0.0001390 secs] [1 CMS-remark: 723160K(776192K)] 996586K(1965056K), 0.3189070 secs] [Times: user=0.53 sys=0.43, real=0.32 secs] 
2011-08-25T15:22:54.275+0100: 34355.751: [CMS-concurrent-sweep-start]
2011-08-25T15:22:55.479+0100: 34356.956: [CMS-concurrent-sweep: 1.205/1.205 secs] [Times: user=1.23 sys=0.01, real=1.21 secs] 
2011-08-25T15:22:55.480+0100: 34356.956: [CMS-concurrent-reset-start]
2011-08-25T15:22:55.494+0100: 34356.970: [CMS-concurrent-reset: 0.015/0.015 secs] [Times: user=0.01 sys=0.00, real=0.01 secs] 
2011-08-25T15:23:27.677+0100: 34389.153: [GC 34389.153: [ParNew: 1167449K->101067K(1188864K), 0.1605100 secs] 1613846K->567397K(1965056K), 0.1609700 secs] [Times: user=0.71 sys=0.01, real=0.16 secs] 
2011-08-25T15:24:07.985+0100: 34429.462: [GC 34429.462: [ParNew: 1157835K->132095K(1188864K), 0.1071400 secs] 1624165K->599694K(1965056K), 0.1075790 secs] [Times: user=0.72 sys=0.00, real=0.10 secs] 
2011-08-25T15:24:48.021+0100: 34469.497: [GC 34469.498: [ParNew: 1188863K->101483K(1188864K), 0.1639300 secs] 1656462K->592664K(1965056K), 0.1642170 secs] [Times: user=0.69 sys=0.01, real=0.16 secs] 
2011-08-25T15:25:27.705+0100: 34509.181: [GC 34509.181: [ParNew: 1158251K->100923K(1188864K), 0.1023640 secs] 1649432K->592104K(1965056K), 0.1026090 secs] [Times: user=0.68 sys=0.01, real=0.10 secs] 
2011-08-25T15:26:07.772+0100: 34549.248: [GC 34549.248: [ParNew: 1157691K->107349K(1188864K), 0.1845490 secs] 1648872K->627742K(1965056K), 0.1848750 secs] [Times: user=0.84 sys=0.00, real=0.18 secs] 
2011-08-25T15:26:47.624+0100: 34589.100: [GC 34589.101: [ParNew: 1164117K->103073K(1188864K), 0.1716640 secs] 1684510K->648337K(1965056K), 0.1720190 secs] [Times: user=0.75 sys=0.02, real=0.17 secs] 
2011-08-25T15:27:24.179+0100: 34625.655: [GC 34625.655: [ParNew: 1159841K->94410K(1188864K), 0.1512630 secs] 1705105K->660295K(1965056K), 0.1515500 secs] [Times: user=0.72 sys=0.01, real=0.15 secs] 
2011-08-25T15:28:07.902+0100: 34669.378: [GC 34669.379: [ParNew: 1151178K->119329K(1188864K), 0.0943410 secs] 1717063K->685214K(1965056K), 0.0945920 secs] [Times: user=0.69 sys=0.01, real=0.09 secs] 
2011-08-25T15:28:47.799+0100: 34709.275: [GC 34709.276: [ParNew: 1176097K->132096K(1188864K), 0.0931050 secs] 1741982K->702686K(1965056K), 0.0933760 secs] [Times: user=0.67 sys=0.01, real=0.09 secs] 
2011-08-25T15:29:27.654+0100: 34749.130: [GC 34749.130: [ParNew: 1188864K->109836K(1188864K), 0.0976960 secs] 1759454K->683743K(1965056K), 0.0979660 secs] [Times: user=0.65 sys=0.01, real=0.10 secs] 
2011-08-25T15:30:17.176+0100: 34798.652: [GC 34798.652: [ParNew: 1166604K->121940K(1188864K), 0.1142450 secs] 1740511K->698949K(1965056K), 0.1145270 secs] [Times: user=0.78 sys=0.01, real=0.11 secs] 
2011-08-25T15:30:57.937+0100: 34839.413: [GC 34839.413: [ParNew: 1178708K->91409K(1188864K), 0.2229740 secs] 1755717K->699491K(1965056K), 0.2233510 secs] [Times: user=0.78 sys=0.02, real=0.23 secs] 
2011-08-25T15:31:37.486+0100: 34878.963: [GC 34878.963: [ParNew: 1148177K->121499K(1188864K), 0.1050530 secs] 1756259K->729581K(1965056K), 0.1053800 secs] [Times: user=0.70 sys=0.01, real=0.10 secs] 
2011-08-25T15:32:17.828+0100: 34919.304: [GC 34919.305: [ParNew: 1178267K->99514K(1188864K), 0.1807190 secs] 1786349K->733790K(1965056K), 0.1812330 secs] [Times: user=0.74 sys=0.01, real=0.19 secs] 
2011-08-25T15:32:57.841+0100: 34959.317: [GC 34959.317: [ParNew: 1156282K->99578K(1188864K), 0.0957220 secs] 1790558K->733855K(1965056K), 0.0960160 secs] [Times: user=0.56 sys=0.01, real=0.10 secs] 
2011-08-25T15:33:37.648+0100: 34999.124: [GC 34999.125: [ParNew: 1156346K->104317K(1188864K), 0.1000760 secs] 1790623K->743524K(1965056K), 0.1003460 secs] [Times: user=0.66 sys=0.02, real=0.10 secs] 
2011-08-25T15:34:17.652+0100: 35039.129: [GC 35039.129: [ParNew: 1161085K->132096K(1188864K), 0.1099040 secs] 1800292K->778504K(1965056K), 0.1101730 secs] [Times: user=0.72 sys=0.01, real=0.11 secs] 
2011-08-25T15:34:55.180+0100: 35076.656: [GC 35076.656: [ParNew: 1188864K->97199K(1188864K), 0.1872040 secs] 1835272K->775292K(1965056K), 0.1874930 secs] [Times: user=0.75 sys=0.01, real=0.19 secs] 
2011-08-25T15:35:37.687+0100: 35119.163: [GC 35119.163: [ParNew: 1153967K->102466K(1188864K), 0.1066470 secs] 1832060K->780559K(1965056K), 0.1069800 secs] [Times: user=0.63 sys=0.01, real=0.11 secs] 
2011-08-25T15:36:17.721+0100: 35159.197: [GC 35159.197: [ParNew: 1159234K->93693K(1188864K), 0.1805480 secs] 1837327K->796756K(1965056K), 0.1808390 secs] [Times: user=0.79 sys=0.01, real=0.18 secs] 
2011-08-25T15:37:06.460+0100: 35207.936: [GC 35207.936: [ParNew: 1150461K->102456K(1188864K), 0.2165070 secs] 1853524K->833787K(1965056K), 0.2168430 secs] [Times: user=0.82 sys=0.01, real=0.22 secs] 
2011-08-25T15:37:06.677+0100: 35208.154: [GC [1 CMS-initial-mark: 731331K(776192K)] 833944K(1965056K), 0.1449860 secs] [Times: user=0.14 sys=0.00, real=0.15 secs] 
2011-08-25T15:37:06.824+0100: 35208.300: [CMS-concurrent-mark-start]
2011-08-25T15:37:07.843+0100: 35209.319: [CMS-concurrent-mark: 1.019/1.019 secs] [Times: user=4.17 sys=0.06, real=1.02 secs] 
2011-08-25T15:37:07.843+0100: 35209.320: [CMS-concurrent-preclean-start]
2011-08-25T15:37:07.853+0100: 35209.330: [CMS-concurrent-preclean: 0.009/0.010 secs] [Times: user=0.02 sys=0.00, real=0.01 secs] 
2011-08-25T15:37:07.853+0100: 35209.330: [CMS-concurrent-abortable-preclean-start]
2011-08-25T15:37:07.854+0100: 35209.330: [CMS-concurrent-abortable-preclean: 0.000/0.000 secs] [Times: user=0.00 sys=0.00, real=0.00 secs] 
2011-08-25T15:37:07.854+0100: 35209.331: [GC[YG occupancy: 236715 K (1188864 K)]35209.331: [Rescan (parallel) , 0.3046550 secs]35209.635: [weak refs processing, 0.0001260 secs] [1 CMS-remark: 731331K(776192K)] 968047K(1965056K), 0.3049840 secs] [Times: user=0.52 sys=0.44, real=0.30 secs] 
2011-08-25T15:37:08.160+0100: 35209.636: [CMS-concurrent-sweep-start]
2011-08-25T15:37:09.293+0100: 35210.770: [CMS-concurrent-sweep: 1.133/1.133 secs] [Times: user=1.60 sys=0.03, real=1.14 secs] 
2011-08-25T15:37:09.294+0100: 35210.770: [CMS-concurrent-reset-start]
2011-08-25T15:37:09.303+0100: 35210.779: [CMS-concurrent-reset: 0.009/0.009 secs] [Times: user=0.01 sys=0.00, real=0.01 secs] 
2011-08-25T15:37:45.395+0100: 35246.872: [GC 35246.872: [ParNew: 1159224K->110364K(1188864K), 0.1881390 secs] 1614155K->590241K(1965056K), 0.1886030 secs] [Times: user=0.76 sys=0.01, real=0.18 secs] 
2011-08-25T15:38:25.592+0100: 35287.069: [GC 35287.069: [ParNew: 1167132K->108092K(1188864K), 0.1204250 secs] 1647009K->587969K(1965056K), 0.1207680 secs] [Times: user=0.67 sys=0.01, real=0.12 secs] 
2011-08-25T15:39:07.963+0100: 35329.439: [GC 35329.439: [ParNew: 1164860K->102632K(1188864K), 0.1166100 secs] 1644737K->588613K(1965056K), 0.1169240 secs] [Times: user=0.72 sys=0.01, real=0.12 secs] 
2011-08-25T15:39:47.784+0100: 35369.260: [GC 35369.261: [ParNew: 1159400K->109686K(1188864K), 0.0959430 secs] 1645381K->597955K(1965056K), 0.0963410 secs] [Times: user=0.64 sys=0.01, real=0.10 secs] 
2011-08-25T15:40:32.145+0100: 35413.621: [GC 35413.621: [ParNew: 1166454K->121476K(1188864K), 0.1183160 secs] 1654723K->612205K(1965056K), 0.1185990 secs] [Times: user=0.70 sys=0.02, real=0.12 secs] 
2011-08-25T15:41:16.778+0100: 35458.254: [GC 35458.254: [ParNew: 1178244K->118011K(1188864K), 0.1906120 secs] 1668973K->636036K(1965056K), 0.1908620 secs] [Times: user=0.82 sys=0.01, real=0.20 secs] 
2011-08-25T15:41:58.612+0100: 35500.088: [GC 35500.089: [ParNew: 1174779K->79573K(1188864K), 0.1719140 secs] 1692804K->624723K(1965056K), 0.1721880 secs] [Times: user=0.66 sys=0.00, real=0.18 secs] 
2011-08-25T15:42:37.815+0100: 35539.291: [GC 35539.292: [ParNew: 1136341K->106966K(1188864K), 0.0925710 secs] 1681491K->652117K(1965056K), 0.0929580 secs] [Times: user=0.64 sys=0.00, real=0.10 secs] 
2011-08-25T15:43:17.823+0100: 35579.300: [GC 35579.300: [ParNew: 1163734K->100447K(1188864K), 0.1336620 secs] 1708885K->666320K(1965056K), 0.1339990 secs] [Times: user=0.71 sys=0.00, real=0.13 secs] 
2011-08-25T15:44:06.519+0100: 35627.995: [GC 35627.996: [ParNew: 1157215K->104187K(1188864K), 0.1843100 secs] 1723088K->696668K(1965056K), 0.1846230 secs] [Times: user=0.82 sys=0.01, real=0.18 secs] 
2011-08-25T15:44:40.507+0100: 35661.983: [GC 35661.983: [ParNew: 1160955K->95086K(1188864K), 0.1847660 secs] 1753436K->710138K(1965056K), 0.1850140 secs] [Times: user=0.64 sys=0.01, real=0.19 secs] 
2011-08-25T15:45:20.904+0100: 35702.380: [GC 35702.380: [ParNew: 1151854K->92223K(1188864K), 0.0974270 secs] 1766906K->707276K(1965056K), 0.0976680 secs] [Times: user=0.62 sys=0.01, real=0.10 secs] 
2011-08-25T15:46:07.761+0100: 35749.238: [GC 35749.238: [ParNew: 1148991K->116121K(1188864K), 0.1252340 secs] 1764044K->735429K(1965056K), 0.1254870 secs] [Times: user=0.80 sys=0.01, real=0.12 secs] 
2011-08-25T15:46:47.846+0100: 35789.323: [GC 35789.323: [ParNew: 1172889K->117317K(1188864K), 0.1627270 secs] 1792197K->763345K(1965056K), 0.1629820 secs] [Times: user=0.73 sys=0.01, real=0.16 secs] 
2011-08-25T15:47:27.744+0100: 35829.221: [GC 35829.221: [ParNew: 1174085K->104721K(1188864K), 0.0942870 secs] 1820113K->750748K(1965056K), 0.0945330 secs] [Times: user=0.63 sys=0.00, real=0.09 secs] 
2011-08-25T15:48:08.251+0100: 35869.728: [GC 35869.728: [ParNew: 1161489K->111989K(1188864K), 0.0964580 secs] 1807516K->762956K(1965056K), 0.0967030 secs] [Times: user=0.67 sys=0.00, real=0.10 secs] 
2011-08-25T15:48:53.788+0100: 35915.264: [GC 35915.264: [ParNew: 1168757K->120236K(1188864K), 0.1072460 secs] 1819724K->773524K(1965056K), 0.1075340 secs] [Times: user=0.66 sys=0.00, real=0.11 secs] 
2011-08-25T15:49:27.733+0100: 35949.209: [GC 35949.209: [ParNew: 1177004K->132093K(1188864K), 0.0948900 secs] 1830292K->788735K(1965056K), 0.0951320 secs] [Times: user=0.69 sys=0.00, real=0.10 secs] 
2011-08-25T15:50:10.885+0100: 35992.362: [GC 35992.362: [ParNew: 1188861K->99407K(1188864K), 0.1005090 secs] 1845503K->760739K(1965056K), 0.1007530 secs] [Times: user=0.67 sys=0.00, real=0.10 secs] 
2011-08-25T15:50:57.602+0100: 36039.078: [GC 36039.079: [ParNew: 1156175K->132096K(1188864K), 0.1132110 secs] 1817507K->798975K(1965056K), 0.1135080 secs] [Times: user=0.65 sys=0.01, real=0.12 secs] 
2011-08-25T15:51:37.548+0100: 36079.024: [GC 36079.024: [ParNew: 1188864K->115616K(1188864K), 0.1067540 secs] 1855743K->785921K(1965056K), 0.1070590 secs] [Times: user=0.67 sys=0.01, real=0.11 secs] 
2011-08-25T15:52:16.197+0100: 36117.674: [GC 36117.674: [ParNew: 1172384K->132096K(1188864K), 0.1698180 secs] 1842689K->809605K(1965056K), 0.1700430 secs] [Times: user=0.98 sys=0.04, real=0.17 secs] 
2011-08-25T15:52:54.980+0100: 36156.456: [GC 36156.456: [ParNew: 1188864K->110133K(1188864K), 0.1910830 secs] 1866373K->816149K(1965056K), 0.1913080 secs] [Times: user=0.72 sys=0.01, real=0.19 secs] 
2011-08-25T15:53:37.591+0100: 36199.068: [GC 36199.068: [ParNew: 1166901K->102565K(1188864K), 0.1026930 secs] 1872917K->808581K(1965056K), 0.1029510 secs] [Times: user=0.66 sys=0.01, real=0.10 secs] 
2011-08-25T15:54:07.901+0100: 36229.377: [GC 36229.378: [ParNew: 1159333K->96935K(1188864K), 0.2232260 secs] 1865349K->837949K(1965056K), 0.2235060 secs] [Times: user=0.82 sys=0.02, real=0.23 secs] 
2011-08-25T15:54:08.126+0100: 36229.602: [GC [1 CMS-initial-mark: 741013K(776192K)] 837958K(1965056K), 0.1144470 secs] [Times: user=0.11 sys=0.00, real=0.11 secs] 
2011-08-25T15:54:08.240+0100: 36229.717: [CMS-concurrent-mark-start]
2011-08-25T15:54:09.172+0100: 36230.648: [CMS-concurrent-mark: 0.929/0.931 secs] [Times: user=4.13 sys=0.05, real=0.93 secs] 
2011-08-25T15:54:09.172+0100: 36230.648: [CMS-concurrent-preclean-start]
2011-08-25T15:54:09.180+0100: 36230.656: [CMS-concurrent-preclean: 0.007/0.008 secs] [Times: user=0.01 sys=0.00, real=0.01 secs] 
2011-08-25T15:54:09.180+0100: 36230.656: [CMS-concurrent-abortable-preclean-start]
2011-08-25T15:54:09.180+0100: 36230.656: [CMS-concurrent-abortable-preclean: 0.000/0.000 secs] [Times: user=0.00 sys=0.00, real=0.00 secs] 
2011-08-25T15:54:09.181+0100: 36230.657: [GC[YG occupancy: 247364 K (1188864 K)]36230.657: [Rescan (parallel) , 0.2893980 secs]36230.947: [weak refs processing, 0.0000950 secs] [1 CMS-remark: 741013K(776192K)] 988378K(1965056K), 0.2896310 secs] [Times: user=0.52 sys=0.44, real=0.29 secs] 
2011-08-25T15:54:09.473+0100: 36230.950: [CMS-concurrent-sweep-start]
2011-08-25T15:54:10.697+0100: 36232.174: [CMS-concurrent-sweep: 1.224/1.224 secs] [Times: user=1.31 sys=0.04, real=1.23 secs] 
2011-08-25T15:54:10.698+0100: 36232.174: [CMS-concurrent-reset-start]
2011-08-25T15:54:10.710+0100: 36232.186: [CMS-concurrent-reset: 0.013/0.013 secs] [Times: user=0.01 sys=0.00, real=0.01 secs] 
2011-08-25T15:54:45.187+0100: 36266.663: [GC 36266.663: [ParNew: 1153703K->118356K(1188864K), 0.1043340 secs] 1607100K->571753K(1965056K), 0.1045750 secs] [Times: user=0.67 sys=0.01, real=0.11 secs] 
2011-08-25T15:55:27.489+0100: 36308.965: [GC 36308.965: [ParNew: 1175124K->122811K(1188864K), 0.1120410 secs] 1628521K->580719K(1965056K), 0.1122900 secs] [Times: user=0.72 sys=0.02, real=0.11 secs] 
2011-08-25T15:56:07.836+0100: 36349.312: [GC 36349.312: [ParNew: 1179579K->132096K(1188864K), 0.1147270 secs] 1637487K->598042K(1965056K), 0.1151730 secs] [Times: user=0.73 sys=0.00, real=0.12 secs] 
2011-08-25T15:56:47.523+0100: 36388.999: [GC 36388.999: [ParNew: 1188864K->132096K(1188864K), 0.1149040 secs] 1654810K->605198K(1965056K), 0.1151930 secs] [Times: user=0.76 sys=0.01, real=0.11 secs] 
2011-08-25T15:57:24.792+0100: 36426.268: [GC 36426.269: [ParNew: 1188864K->128746K(1188864K), 0.1025070 secs] 1661966K->605952K(1965056K), 0.1027890 secs] [Times: user=0.68 sys=0.01, real=0.10 secs] 
2011-08-25T15:58:08.051+0100: 36469.528: [GC 36469.528: [ParNew: 1185514K->112227K(1188864K), 0.1121490 secs] 1662720K->594100K(1965056K), 0.1125020 secs] [Times: user=0.68 sys=0.00, real=0.11 secs] 
2011-08-25T15:58:47.889+0100: 36509.365: [GC 36509.365: [ParNew: 1168995K->132096K(1188864K), 0.0979420 secs] 1650868K->619211K(1965056K), 0.0983270 secs] [Times: user=0.67 sys=0.01, real=0.10 secs] 
2011-08-25T15:59:27.628+0100: 36549.105: [GC 36549.105: [ParNew: 1188864K->129335K(1188864K), 0.1003150 secs] 1675979K->621329K(1965056K), 0.1005980 secs] [Times: user=0.70 sys=0.01, real=0.10 secs] 
2011-08-25T16:00:08.085+0100: 36589.561: [GC 36589.561: [ParNew: 1186103K->113201K(1188864K), 0.1166120 secs] 1678097K->608886K(1965056K), 0.1169630 secs] [Times: user=0.71 sys=0.01, real=0.11 secs] 
2011-08-25T16:00:48.035+0100: 36629.511: [GC 36629.511: [ParNew: 1169969K->118786K(1188864K), 0.0893220 secs] 1665654K->616438K(1965056K), 0.0896720 secs] [Times: user=0.65 sys=0.00, real=0.09 secs] 
2011-08-25T16:01:23.575+0100: 36665.051: [GC 36665.051: [ParNew: 1175554K->124356K(1188864K), 0.1094710 secs] 1673206K->627175K(1965056K), 0.1099220 secs] [Times: user=0.69 sys=0.02, real=0.11 secs] 
2011-08-25T16:01:57.744+0100: 36699.220: [GC 36699.221: [ParNew: 1181124K->119504K(1188864K), 0.0963580 secs] 1683943K->626167K(1965056K), 0.0966130 secs] [Times: user=0.63 sys=0.01, real=0.10 secs] 
2011-08-25T16:02:32.825+0100: 36734.302: [GC 36734.302: [ParNew: 1176272K->120206K(1188864K), 0.1881140 secs] 1682935K->628806K(1965056K), 0.1883670 secs] [Times: user=0.77 sys=0.04, real=0.19 secs] 
2011-08-25T16:03:08.090+0100: 36769.566: [GC 36769.566: [ParNew: 1176974K->122208K(1188864K), 0.1150970 secs] 1685574K->636355K(1965056K), 0.1153540 secs] [Times: user=0.68 sys=0.02, real=0.12 secs] 
2011-08-25T16:03:48.026+0100: 36809.502: [GC 36809.503: [ParNew: 1178976K->118719K(1188864K), 0.0938950 secs] 1693123K->638685K(1965056K), 0.0941390 secs] [Times: user=0.65 sys=0.00, real=0.10 secs] 
2011-08-25T16:04:28.179+0100: 36849.656: [GC 36849.656: [ParNew: 1175487K->132096K(1188864K), 0.1015620 secs] 1695453K->657755K(1965056K), 0.1018100 secs] [Times: user=0.63 sys=0.01, real=0.10 secs] 
2011-08-25T16:05:22.027+0100: 36903.503: [GC 36903.503: [ParNew: 1188864K->106849K(1188864K), 0.1310310 secs] 1714523K->637914K(1965056K), 0.1313320 secs] [Times: user=0.68 sys=0.00, real=0.13 secs] 
2011-08-25T16:06:07.933+0100: 36949.409: [GC 36949.409: [ParNew: 1163617K->112495K(1188864K), 0.1190450 secs] 1694682K->648230K(1965056K), 0.1193540 secs] [Times: user=0.72 sys=0.01, real=0.12 secs] 
2011-08-25T16:06:47.843+0100: 36989.319: [GC 36989.319: [ParNew: 1169263K->104288K(1188864K), 0.1639680 secs] 1704998K->664965K(1965056K), 0.1642440 secs] [Times: user=0.69 sys=0.01, real=0.16 secs] 
2011-08-25T16:07:27.486+0100: 37028.963: [GC 37028.963: [ParNew: 1161056K->106695K(1188864K), 0.0914010 secs] 1721733K->667373K(1965056K), 0.0917740 secs] [Times: user=0.66 sys=0.01, real=0.09 secs] 
2011-08-25T16:08:08.077+0100: 37069.553: [GC 37069.553: [ParNew: 1163463K->130331K(1188864K), 0.1075210 secs] 1724141K->694425K(1965056K), 0.1077610 secs] [Times: user=0.71 sys=0.00, real=0.11 secs] 
2011-08-25T16:08:47.883+0100: 37109.359: [GC 37109.359: [ParNew: 1187099K->109935K(1188864K), 0.1052470 secs] 1751193K->679646K(1965056K), 0.1055940 secs] [Times: user=0.66 sys=0.02, real=0.10 secs] 
2011-08-25T16:09:27.550+0100: 37149.027: [GC 37149.027: [ParNew: 1166703K->128482K(1188864K), 0.1177740 secs] 1736414K->701775K(1965056K), 0.1180260 secs] [Times: user=0.73 sys=0.01, real=0.12 secs] 
2011-08-25T16:10:08.042+0100: 37189.518: [GC 37189.519: [ParNew: 1185250K->106425K(1188864K), 0.1806850 secs] 1758543K->704835K(1965056K), 0.1810440 secs] [Times: user=0.74 sys=0.01, real=0.18 secs] 
2011-08-25T16:10:48.064+0100: 37229.540: [GC 37229.540: [ParNew: 1163193K->99380K(1188864K), 0.0848040 secs] 1761603K->697791K(1965056K), 0.0850370 secs] [Times: user=0.61 sys=0.00, real=0.09 secs] 
2011-08-25T16:11:27.903+0100: 37269.380: [GC 37269.380: [ParNew: 1156148K->100630K(1188864K), 0.1002140 secs] 1754559K->702789K(1965056K), 0.1004730 secs] [Times: user=0.67 sys=0.01, real=0.10 secs] 
2011-08-25T16:12:14.315+0100: 37315.791: [GC 37315.791: [ParNew: 1157398K->113734K(1188864K), 0.1151100 secs] 1759557K->720200K(1965056K), 0.1153890 secs] [Times: user=0.73 sys=0.00, real=0.12 secs] 
2011-08-25T16:12:49.391+0100: 37350.867: [GC 37350.868: [ParNew: 1170502K->103810K(1188864K), 0.1664710 secs] 1776968K->734896K(1965056K), 0.1667360 secs] [Times: user=0.67 sys=0.00, real=0.16 secs] 
2011-08-25T16:13:37.482+0100: 37398.958: [GC 37398.959: [ParNew: 1160578K->109183K(1188864K), 0.0922110 secs] 1791664K->740269K(1965056K), 0.0925390 secs] [Times: user=0.68 sys=0.00, real=0.10 secs] 
2011-08-25T16:14:17.707+0100: 37439.183: [GC 37439.184: [ParNew: 1165951K->98712K(1188864K), 0.1739670 secs] 1797037K->757064K(1965056K), 0.1742240 secs] [Times: user=0.80 sys=0.01, real=0.18 secs] 
2011-08-25T16:15:04.236+0100: 37485.712: [GC 37485.712: [ParNew: 1155480K->101594K(1188864K), 0.1930660 secs] 1813832K->785756K(1965056K), 0.1933210 secs] [Times: user=0.76 sys=0.01, real=0.19 secs] 
2011-08-25T16:15:37.734+0100: 37519.210: [GC 37519.210: [ParNew: 1158362K->101289K(1188864K), 0.1007190 secs] 1842524K->785451K(1965056K), 0.1009840 secs] [Times: user=0.60 sys=0.00, real=0.10 secs] 
2011-08-25T16:16:17.962+0100: 37559.438: [GC 37559.438: [ParNew: 1158057K->120978K(1188864K), 0.1129840 secs] 1842219K->811424K(1965056K), 0.1133930 secs] [Times: user=0.72 sys=0.01, real=0.11 secs] 
2011-08-25T16:17:06.395+0100: 37607.871: [GC 37607.872: [ParNew: 1177746K->132096K(1188864K), 0.1631540 secs] 1868192K->827493K(1965056K), 0.1634890 secs] [Times: user=0.79 sys=0.02, real=0.17 secs] 
2011-08-25T16:17:41.678+0100: 37643.154: [GC 37643.155: [ParNew: 1188864K->100224K(1188864K), 0.1652480 secs] 1884261K->821463K(1965056K), 0.1655200 secs] [Times: user=0.70 sys=0.01, real=0.17 secs] 
2011-08-25T16:17:41.855+0100: 37643.331: [GC [1 CMS-initial-mark: 721238K(776192K)] 829881K(1965056K), 0.0991070 secs] [Times: user=0.10 sys=0.00, real=0.10 secs] 
2011-08-25T16:17:41.955+0100: 37643.431: [CMS-concurrent-mark-start]
2011-08-25T16:17:42.880+0100: 37644.356: [CMS-concurrent-mark: 0.925/0.925 secs] [Times: user=3.60 sys=0.06, real=0.92 secs] 
2011-08-25T16:17:42.880+0100: 37644.357: [CMS-concurrent-preclean-start]
2011-08-25T16:17:42.883+0100: 37644.360: [CMS-concurrent-preclean: 0.003/0.003 secs] [Times: user=0.00 sys=0.00, real=0.01 secs] 
2011-08-25T16:17:42.884+0100: 37644.360: [CMS-concurrent-abortable-preclean-start]
 CMS: abort preclean due to time 2011-08-25T16:17:48.052+0100: 37649.529: [CMS-concurrent-abortable-preclean: 4.045/5.169 secs] [Times: user=4.88 sys=0.09, real=5.17 secs] 
2011-08-25T16:17:48.054+0100: 37649.530: [GC[YG occupancy: 335193 K (1188864 K)]37649.530: [Rescan (parallel) , 0.1458910 secs]37649.676: [weak refs processing, 0.0001980 secs] [1 CMS-remark: 721238K(776192K)] 1056431K(1965056K), 0.1463330 secs] [Times: user=0.58 sys=0.13, real=0.14 secs] 
2011-08-25T16:17:48.201+0100: 37649.677: [CMS-concurrent-sweep-start]
2011-08-25T16:17:49.398+0100: 37650.874: [CMS-concurrent-sweep: 1.197/1.197 secs] [Times: user=1.32 sys=0.01, real=1.20 secs] 
2011-08-25T16:17:49.398+0100: 37650.874: [CMS-concurrent-reset-start]
2011-08-25T16:17:49.412+0100: 37650.888: [CMS-concurrent-reset: 0.014/0.014 secs] [Times: user=0.02 sys=0.00, real=0.02 secs] 
2011-08-25T16:18:21.626+0100: 37683.102: [GC 37683.102: [ParNew: 1156992K->100138K(1188864K), 0.0934100 secs] 1611333K->554479K(1965056K), 0.0936560 secs] [Times: user=0.61 sys=0.01, real=0.09 secs] 
2011-08-25T16:19:07.342+0100: 37728.819: [GC 37728.819: [ParNew: 1156906K->132096K(1188864K), 0.1637890 secs] 1611247K->592647K(1965056K), 0.1640530 secs] [Times: user=0.93 sys=0.02, real=0.16 secs] 
2011-08-25T16:19:37.976+0100: 37759.452: [GC 37759.452: [ParNew: 1188864K->100928K(1188864K), 0.1889550 secs] 1649415K->588631K(1965056K), 0.1892460 secs] [Times: user=0.69 sys=0.01, real=0.19 secs] 
2011-08-25T16:20:08.288+0100: 37789.764: [GC 37789.764: [ParNew: 1157696K->104613K(1188864K), 0.1007670 secs] 1645399K->592317K(1965056K), 0.1010250 secs] [Times: user=0.62 sys=0.01, real=0.10 secs] 
2011-08-25T16:20:47.823+0100: 37829.299: [GC 37829.299: [ParNew: 1161381K->104381K(1188864K), 0.1094670 secs] 1649085K->599153K(1965056K), 0.1097850 secs] [Times: user=0.70 sys=0.00, real=0.11 secs] 
2011-08-25T16:21:31.688+0100: 37873.165: [GC 37873.165: [ParNew: 1161149K->107172K(1188864K), 0.1166920 secs] 1655921K->608462K(1965056K), 0.1169820 secs] [Times: user=0.66 sys=0.01, real=0.11 secs] 
2011-08-25T16:22:17.842+0100: 37919.318: [GC 37919.318: [ParNew: 1163940K->127960K(1188864K), 0.1491120 secs] 1665230K->635881K(1965056K), 0.1494950 secs] [Times: user=0.85 sys=0.04, real=0.15 secs] 
2011-08-25T16:23:07.782+0100: 37969.258: [GC 37969.258: [ParNew: 1184728K->132096K(1188864K), 0.1142540 secs] 1692649K->646416K(1965056K), 0.1145460 secs] [Times: user=0.73 sys=0.01, real=0.11 secs] 
2011-08-25T16:23:57.678+0100: 38019.155: [GC 38019.155: [ParNew: 1188864K->120467K(1188864K), 0.1146660 secs] 1703184K->639103K(1965056K), 0.1149110 secs] [Times: user=0.68 sys=0.01, real=0.12 secs] 
2011-08-25T16:24:40.060+0100: 38061.536: [GC 38061.536: [ParNew: 1177235K->104896K(1188864K), 0.0972240 secs] 1695871K->628660K(1965056K), 0.0975090 secs] [Times: user=0.63 sys=0.02, real=0.09 secs] 
2011-08-25T16:25:26.774+0100: 38108.251: [GC 38108.251: [ParNew: 1161664K->113347K(1188864K), 0.1134630 secs] 1685428K->644141K(1965056K), 0.1137190 secs] [Times: user=0.68 sys=0.01, real=0.11 secs] 
2011-08-25T16:26:17.505+0100: 38158.981: [GC 38158.981: [ParNew: 1170115K->130250K(1188864K), 0.1345360 secs] 1700909K->668054K(1965056K), 0.1348060 secs] [Times: user=0.76 sys=0.01, real=0.14 secs] 
2011-08-25T16:27:07.543+0100: 38209.020: [GC 38209.020: [ParNew: 1187018K->122254K(1188864K), 0.1385820 secs] 1724822K->664907K(1965056K), 0.1388150 secs] [Times: user=0.78 sys=0.01, real=0.13 secs] 
2011-08-25T16:27:47.898+0100: 38249.374: [GC 38249.374: [ParNew: 1178289K->99381K(1188864K), 0.1766610 secs] 1720942K->670975K(1965056K), 0.1769280 secs] [Times: user=0.76 sys=0.01, real=0.17 secs] 
2011-08-25T16:28:29.179+0100: 38290.655: [GC 38290.656: [ParNew: 1156149K->101845K(1188864K), 0.0997380 secs] 1727743K->673440K(1965056K), 0.1000680 secs] [Times: user=0.61 sys=0.01, real=0.10 secs] 
2011-08-25T16:29:17.672+0100: 38339.149: [GC 38339.149: [ParNew: 1158613K->123968K(1188864K), 0.0998050 secs] 1730208K->700508K(1965056K), 0.1000990 secs] [Times: user=0.70 sys=0.00, real=0.10 secs] 
2011-08-25T16:30:00.941+0100: 38382.417: [GC 38382.417: [ParNew: 1180736K->132095K(1188864K), 0.1544480 secs] 1757276K->714065K(1965056K), 0.1546910 secs] [Times: user=0.81 sys=0.02, real=0.16 secs] 
2011-08-25T16:30:44.211+0100: 38425.688: [GC 38425.688: [ParNew: 1188863K->128820K(1188864K), 0.1305170 secs] 1770833K->716195K(1965056K), 0.1308180 secs] [Times: user=0.79 sys=0.02, real=0.13 secs] 
2011-08-25T16:31:47.530+0100: 38489.006: [GC 38489.007: [ParNew: 1185588K->132096K(1188864K), 0.1107960 secs] 1772963K->722911K(1965056K), 0.1110350 secs] [Times: user=0.74 sys=0.00, real=0.11 secs] 
2011-08-25T16:33:01.128+0100: 38562.604: [GC 38562.604: [ParNew: 1188864K->101952K(1188864K), 0.1313960 secs] 1779679K->694306K(1965056K), 0.1317520 secs] [Times: user=0.68 sys=0.01, real=0.13 secs] 
2011-08-25T16:34:16.076+0100: 38637.552: [GC 38637.552: [ParNew: 1158720K->132096K(1188864K), 0.1177830 secs] 1751074K->726377K(1965056K), 0.1180590 secs] [Times: user=0.71 sys=0.01, real=0.12 secs] 
2011-08-25T16:35:06.004+0100: 38687.480: [GC 38687.480: [ParNew: 1188864K->132096K(1188864K), 0.2047700 secs] 1783145K->726989K(1965056K), 0.2052740 secs] [Times: user=0.91 sys=0.03, real=0.21 secs] 
2011-08-25T16:35:25.180+0100: 38706.656: [GC 38706.656: [ParNew: 1188864K->127984K(1188864K), 0.2326540 secs] 1783757K->749704K(1965056K), 0.2330410 secs] [Times: user=1.01 sys=0.05, real=0.23 secs] 
2011-08-25T16:36:07.939+0100: 38749.415: [GC 38749.416: [ParNew: 1184752K->127835K(1188864K), 0.2403020 secs] 1806472K->764305K(1965056K), 0.2406050 secs] [Times: user=1.20 sys=0.02, real=0.24 secs] 
2011-08-25T16:37:27.490+0100: 38828.967: [GC 38828.967: [ParNew: 1184603K->111720K(1188864K), 0.1139270 secs] 1821073K->749111K(1965056K), 0.1142150 secs] [Times: user=0.69 sys=0.01, real=0.12 secs] 
2011-08-25T16:38:37.603+0100: 38899.079: [GC 38899.079: [ParNew: 1168488K->132096K(1188864K), 0.0902040 secs] 1805879K->771327K(1965056K), 0.0904740 secs] [Times: user=0.65 sys=0.01, real=0.09 secs] 
2011-08-25T16:39:57.544+0100: 38979.020: [GC 38979.020: [ParNew: 1188864K->125501K(1188864K), 0.0994950 secs] 1828095K->764896K(1965056K), 0.0997400 secs] [Times: user=0.69 sys=0.01, real=0.10 secs] 
2011-08-25T16:41:07.602+0100: 39049.078: [GC 39049.078: [ParNew: 1182269K->114712K(1188864K), 0.1055590 secs] 1821664K->754638K(1965056K), 0.1058140 secs] [Times: user=0.62 sys=0.01, real=0.11 secs] 
2011-08-25T16:42:47.725+0100: 39149.201: [GC 39149.202: [ParNew: 1171480K->132096K(1188864K), 0.1010650 secs] 1811406K->772929K(1965056K), 0.1013460 secs] [Times: user=0.68 sys=0.00, real=0.10 secs] 
2011-08-25T16:43:46.591+0100: 39208.067: [GC 39208.067: [ParNew: 1188864K->132096K(1188864K), 0.1010040 secs] 1829697K->777217K(1965056K), 0.1013460 secs] [Times: user=0.72 sys=0.01, real=0.10 secs] 
2011-08-25T16:46:04.775+0100: 39346.252: [GC 39346.252: [ParNew: 1188864K->132096K(1188864K), 0.1148980 secs] 1833985K->787038K(1965056K), 0.1151730 secs] [Times: user=0.66 sys=0.00, real=0.12 secs] 
2011-08-25T16:48:17.599+0100: 39479.075: [GC 39479.075: [ParNew: 1188864K->114300K(1188864K), 0.1217930 secs] 1843806K->786450K(1965056K), 0.1220590 secs] [Times: user=0.68 sys=0.01, real=0.12 secs] 
2011-08-25T16:50:47.797+0100: 39629.273: [GC 39629.273: [ParNew: 1171068K->126404K(1188864K), 0.1175190 secs] 1843218K->813161K(1965056K), 0.1178490 secs] [Times: user=0.72 sys=0.00, real=0.12 secs] 
2011-08-25T16:54:07.979+0100: 39829.455: [GC 39829.456: [ParNew: 1183172K->104347K(1188864K), 0.1696530 secs] 1869929K->816384K(1965056K), 0.1699790 secs] [Times: user=0.79 sys=0.01, real=0.17 secs] 
2011-08-25T16:55:37.528+0100: 39919.005: [GC 39919.005: [ParNew: 1161115K->112397K(1188864K), 0.1903920 secs] 1873152K->849456K(1965056K), 0.1907050 secs] [Times: user=0.77 sys=0.01, real=0.19 secs] 
2011-08-25T16:55:37.720+0100: 39919.196: [GC [1 CMS-initial-mark: 737058K(776192K)] 857604K(1965056K), 0.1420580 secs] [Times: user=0.14 sys=0.00, real=0.14 secs] 
2011-08-25T16:55:37.863+0100: 39919.339: [CMS-concurrent-mark-start]
2011-08-25T16:55:38.765+0100: 39920.242: [CMS-concurrent-mark: 0.901/0.903 secs] [Times: user=3.65 sys=0.06, real=0.91 secs] 
2011-08-25T16:55:38.766+0100: 39920.242: [CMS-concurrent-preclean-start]
2011-08-25T16:55:38.771+0100: 39920.247: [CMS-concurrent-preclean: 0.005/0.005 secs] [Times: user=0.00 sys=0.00, real=0.00 secs] 
2011-08-25T16:55:38.771+0100: 39920.247: [CMS-concurrent-abortable-preclean-start]
 CMS: abort preclean due to time 2011-08-25T16:55:43.929+0100: 39925.405: [CMS-concurrent-abortable-preclean: 3.726/5.158 secs] [Times: user=3.76 sys=0.02, real=5.16 secs] 
2011-08-25T16:55:43.930+0100: 39925.406: [GC[YG occupancy: 162860 K (1188864 K)]39925.407: [Rescan (parallel) , 0.0995800 secs]39925.506: [weak refs processing, 0.0002740 secs] [1 CMS-remark: 737058K(776192K)] 899918K(1965056K), 0.1001030 secs] [Times: user=0.25 sys=0.10, real=0.10 secs] 
2011-08-25T16:55:44.032+0100: 39925.508: [CMS-concurrent-sweep-start]
2011-08-25T16:55:45.167+0100: 39926.643: [CMS-concurrent-sweep: 1.135/1.135 secs] [Times: user=1.14 sys=0.00, real=1.14 secs] 
2011-08-25T16:55:45.167+0100: 39926.643: [CMS-concurrent-reset-start]
2011-08-25T16:55:45.239+0100: 39926.715: [CMS-concurrent-reset: 0.072/0.072 secs] [Times: user=0.02 sys=0.00, real=0.07 secs] 
2011-08-25T16:58:36.289+0100: 40097.766: [GC 40097.766: [ParNew: 1169165K->129878K(1188864K), 0.1720340 secs] 1622005K->601125K(1965056K), 0.1723670 secs] [Times: user=0.81 sys=0.01, real=0.17 secs] 
2011-08-25T17:00:12.575+0100: 40194.051: [GC 40194.051: [ParNew: 1186646K->118077K(1188864K), 0.2313040 secs] 1657893K->626987K(1965056K), 0.2315680 secs] [Times: user=0.87 sys=0.00, real=0.23 secs] 
2011-08-25T17:02:17.788+0100: 40319.265: [GC 40319.265: [ParNew: 1174845K->132096K(1188864K), 0.2133690 secs] 1683755K->678881K(1965056K), 0.2136360 secs] [Times: user=1.01 sys=0.01, real=0.21 secs] 
2011-08-25T17:04:37.733+0100: 40459.209: [GC 40459.209: [ParNew: 1188864K->132096K(1188864K), 0.1996140 secs] 1735649K->711900K(1965056K), 0.1998560 secs] [Times: user=0.98 sys=0.01, real=0.20 secs] 
2011-08-25T17:06:07.465+0100: 40548.941: [GC 40548.942: [ParNew: 1188864K->119921K(1188864K), 0.2744050 secs] 1768668K->753403K(1965056K), 0.2746750 secs] [Times: user=1.06 sys=0.03, real=0.27 secs] 
2011-08-25T17:08:02.251+0100: 40663.727: [GC 40663.728: [ParNew: 1176689K->107937K(1188864K), 0.2047790 secs] 1810171K->775270K(1965056K), 0.2050860 secs] [Times: user=0.89 sys=0.00, real=0.20 secs] 
2011-08-25T17:09:47.492+0100: 40768.969: [GC 40768.969: [ParNew: 1164705K->132096K(1188864K), 0.2284830 secs] 1832038K->838770K(1965056K), 0.2288060 secs] [Times: user=1.03 sys=0.00, real=0.23 secs] 
2011-08-25T17:09:47.722+0100: 40769.198: [GC [1 CMS-initial-mark: 706674K(776192K)] 838874K(1965056K), 0.1612170 secs] [Times: user=0.16 sys=0.00, real=0.16 secs] 
2011-08-25T17:09:47.884+0100: 40769.360: [CMS-concurrent-mark-start]
2011-08-25T17:09:48.847+0100: 40770.324: [CMS-concurrent-mark: 0.962/0.964 secs] [Times: user=3.89 sys=0.02, real=0.96 secs] 
2011-08-25T17:09:48.848+0100: 40770.324: [CMS-concurrent-preclean-start]
2011-08-25T17:09:48.853+0100: 40770.329: [CMS-concurrent-preclean: 0.005/0.005 secs] [Times: user=0.00 sys=0.00, real=0.01 secs] 
2011-08-25T17:09:48.853+0100: 40770.329: [CMS-concurrent-abortable-preclean-start]
 CMS: abort preclean due to time 2011-08-25T17:09:53.888+0100: 40775.364: [CMS-concurrent-abortable-preclean: 3.806/5.035 secs] [Times: user=3.86 sys=0.03, real=5.03 secs] 
2011-08-25T17:09:53.889+0100: 40775.365: [GC[YG occupancy: 184197 K (1188864 K)]40775.365: [Rescan (parallel) , 0.0963960 secs]40775.462: [weak refs processing, 0.0000550 secs] [1 CMS-remark: 706674K(776192K)] 890872K(1965056K), 0.0965950 secs] [Times: user=0.29 sys=0.07, real=0.09 secs] 
2011-08-25T17:09:53.986+0100: 40775.462: [CMS-concurrent-sweep-start]
2011-08-25T17:09:55.141+0100: 40776.617: [CMS-concurrent-sweep: 1.155/1.155 secs] [Times: user=1.17 sys=0.01, real=1.16 secs] 
2011-08-25T17:09:55.141+0100: 40776.617: [CMS-concurrent-reset-start]
2011-08-25T17:09:55.156+0100: 40776.633: [CMS-concurrent-reset: 0.015/0.015 secs] [Times: user=0.01 sys=0.00, real=0.01 secs] 
2011-08-25T17:11:44.799+0100: 40886.275: [GC 40886.275: [ParNew: 1188864K->132096K(1188864K), 0.2183730 secs] 1689069K->666418K(1965056K), 0.2186240 secs] [Times: user=1.02 sys=0.01, real=0.22 secs] 
2011-08-25T17:13:08.710+0100: 40970.187: [GC 40970.187: [ParNew: 1188864K->132096K(1188864K), 0.2878180 secs] 1723186K->720261K(1965056K), 0.2880580 secs] [Times: user=1.21 sys=0.02, real=0.28 secs] 
2011-08-25T17:13:37.837+0100: 40999.313: [GC 40999.313: [ParNew: 1188864K->98413K(1188864K), 0.2129230 secs] 1777029K->729079K(1965056K), 0.2131590 secs] [Times: user=0.76 sys=0.01, real=0.21 secs] 
2011-08-25T17:14:16.207+0100: 41037.684: [GC 41037.684: [ParNew: 1155178K->78513K(1188864K), 0.0934880 secs] 1785845K->709180K(1965056K), 0.0938030 secs] [Times: user=0.46 sys=0.00, real=0.10 secs] 
2011-08-25T17:14:57.524+0100: 41079.000: [GC 41079.001: [ParNew: 1135281K->70462K(1188864K), 0.1767390 secs] 1765948K->735294K(1965056K), 0.1769990 secs] [Times: user=0.62 sys=0.02, real=0.17 secs] 
2011-08-25T17:16:08.590+0100: 41150.066: [GC 41150.066: [ParNew: 1127230K->98750K(1188864K), 0.0866240 secs] 1792062K->763582K(1965056K), 0.0869900 secs] [Times: user=0.63 sys=0.00, real=0.09 secs] 
2011-08-25T17:18:14.376+0100: 41275.852: [GC 41275.853: [ParNew: 1155518K->132096K(1188864K), 0.2017460 secs] 1820350K->821846K(1965056K), 0.2020080 secs] [Times: user=0.99 sys=0.01, real=0.20 secs] 
2011-08-25T17:20:17.375+0100: 41398.852: [GC 41398.852: [ParNew: 1188864K->132096K(1188864K), 0.3320750 secs] 1878614K->875208K(1965056K), 0.3324580 secs] [Times: user=1.25 sys=0.02, real=0.34 secs] 
2011-08-25T17:20:17.709+0100: 41399.185: [GC [1 CMS-initial-mark: 743112K(776192K)] 875219K(1965056K), 0.1891120 secs] [Times: user=0.19 sys=0.00, real=0.19 secs] 
2011-08-25T17:20:17.899+0100: 41399.375: [CMS-concurrent-mark-start]
2011-08-25T17:20:18.849+0100: 41400.325: [CMS-concurrent-mark: 0.948/0.950 secs] [Times: user=3.82 sys=0.03, real=0.95 secs] 
2011-08-25T17:20:18.849+0100: 41400.325: [CMS-concurrent-preclean-start]
2011-08-25T17:20:18.857+0100: 41400.333: [CMS-concurrent-preclean: 0.006/0.007 secs] [Times: user=0.01 sys=0.00, real=0.00 secs] 
2011-08-25T17:20:18.857+0100: 41400.333: [CMS-concurrent-abortable-preclean-start]
2011-08-25T17:20:18.857+0100: 41400.333: [CMS-concurrent-abortable-preclean: 0.000/0.000 secs] [Times: user=0.00 sys=0.00, real=0.00 secs] 
2011-08-25T17:20:18.858+0100: 41400.334: [GC[YG occupancy: 178581 K (1188864 K)]41400.334: [Rescan (parallel) , 0.0901340 secs]41400.424: [weak refs processing, 0.0000480 secs] [1 CMS-remark: 743112K(776192K)] 921693K(1965056K), 0.0903350 secs] [Times: user=0.31 sys=0.10, real=0.10 secs] 
2011-08-25T17:20:18.949+0100: 41400.425: [CMS-concurrent-sweep-start]
2011-08-25T17:20:20.119+0100: 41401.595: [CMS-concurrent-sweep: 1.170/1.170 secs] [Times: user=1.18 sys=0.00, real=1.17 secs] 
2011-08-25T17:20:20.119+0100: 41401.595: [CMS-concurrent-reset-start]
2011-08-25T17:20:20.131+0100: 41401.608: [CMS-concurrent-reset: 0.012/0.012 secs] [Times: user=0.01 sys=0.00, real=0.01 secs] 
2011-08-25T17:21:34.764+0100: 41476.240: [GC 41476.240: [ParNew: 1188864K->132096K(1188864K), 0.3202280 secs] 1675388K->669810K(1965056K), 0.3205200 secs] [Times: user=1.31 sys=0.02, real=0.32 secs] 
2011-08-25T17:23:46.592+0100: 41608.068: [GC 41608.068: [ParNew: 1188864K->132096K(1188864K), 0.3109670 secs] 1726578K->716029K(1965056K), 0.3113410 secs] [Times: user=1.15 sys=0.02, real=0.31 secs] 
2011-08-25T17:25:47.470+0100: 41728.947: [GC 41728.947: [ParNew: 1188864K->132096K(1188864K), 0.3399450 secs] 1772797K->769645K(1965056K), 0.3402790 secs] [Times: user=1.24 sys=0.01, real=0.34 secs] 
2011-08-25T17:27:37.532+0100: 41839.008: [GC 41839.008: [ParNew: 1188864K->132096K(1188864K), 0.2672330 secs] 1826413K->817259K(1965056K), 0.2676510 secs] [Times: user=1.20 sys=0.01, real=0.27 secs] 
2011-08-25T17:27:37.803+0100: 41839.279: [GC [1 CMS-initial-mark: 685163K(776192K)] 837685K(1965056K), 0.1684880 secs] [Times: user=0.17 sys=0.00, real=0.17 secs] 
2011-08-25T17:27:37.974+0100: 41839.450: [CMS-concurrent-mark-start]
2011-08-25T17:27:38.915+0100: 41840.391: [CMS-concurrent-mark: 0.941/0.941 secs] [Times: user=3.74 sys=0.03, real=0.94 secs] 
2011-08-25T17:27:38.915+0100: 41840.391: [CMS-concurrent-preclean-start]
2011-08-25T17:27:38.920+0100: 41840.396: [CMS-concurrent-preclean: 0.005/0.005 secs] [Times: user=0.01 sys=0.00, real=0.01 secs] 
2011-08-25T17:27:38.920+0100: 41840.397: [CMS-concurrent-abortable-preclean-start]
 CMS: abort preclean due to time 2011-08-25T17:27:43.949+0100: 41845.425: [CMS-concurrent-abortable-preclean: 4.516/5.029 secs] [Times: user=4.60 sys=0.03, real=5.03 secs] 
2011-08-25T17:27:43.950+0100: 41845.426: [GC[YG occupancy: 186542 K (1188864 K)]41845.427: [Rescan (parallel) , 0.0823890 secs]41845.509: [weak refs processing, 0.0000420 secs] [1 CMS-remark: 685163K(776192K)] 871706K(1965056K), 0.0826020 secs] [Times: user=0.35 sys=0.05, real=0.08 secs] 
2011-08-25T17:27:44.033+0100: 41845.509: [CMS-concurrent-sweep-start]
2011-08-25T17:27:45.158+0100: 41846.634: [CMS-concurrent-sweep: 1.124/1.124 secs] [Times: user=1.15 sys=0.02, real=1.13 secs] 
2011-08-25T17:27:45.158+0100: 41846.634: [CMS-concurrent-reset-start]
2011-08-25T17:27:45.170+0100: 41846.646: [CMS-concurrent-reset: 0.012/0.012 secs] [Times: user=0.01 sys=0.00, real=0.01 secs] 
2011-08-25T17:29:37.487+0100: 41958.964: [GC 41958.964: [ParNew: 1188864K->132096K(1188864K), 0.3138340 secs] 1675313K->672129K(1965056K), 0.3141240 secs] [Times: user=1.24 sys=0.01, real=0.32 secs] 
2011-08-25T17:31:44.174+0100: 42085.651: [GC 42085.651: [ParNew: 1188864K->132096K(1188864K), 0.2868090 secs] 1728897K->721881K(1965056K), 0.2871450 secs] [Times: user=1.19 sys=0.01, real=0.28 secs] 
2011-08-25T17:32:47.779+0100: 42149.255: [GC 42149.255: [ParNew: 1188864K->132096K(1188864K), 0.2664200 secs] 1778649K->770523K(1965056K), 0.2667060 secs] [Times: user=1.19 sys=0.02, real=0.27 secs] 
2011-08-25T17:34:47.552+0100: 42269.028: [GC 42269.028: [ParNew: 1188864K->132096K(1188864K), 0.2917250 secs] 1827291K->822539K(1965056K), 0.2920410 secs] [Times: user=1.24 sys=0.01, real=0.29 secs] 
2011-08-25T17:34:47.848+0100: 42269.325: [GC [1 CMS-initial-mark: 690443K(776192K)] 843563K(1965056K), 0.1987000 secs] [Times: user=0.20 sys=0.01, real=0.20 secs] 
2011-08-25T17:34:48.048+0100: 42269.524: [CMS-concurrent-mark-start]
2011-08-25T17:34:49.009+0100: 42270.485: [CMS-concurrent-mark: 0.961/0.961 secs] [Times: user=3.89 sys=0.02, real=0.96 secs] 
2011-08-25T17:34:49.009+0100: 42270.485: [CMS-concurrent-preclean-start]
2011-08-25T17:34:49.015+0100: 42270.491: [CMS-concurrent-preclean: 0.005/0.006 secs] [Times: user=0.01 sys=0.00, real=0.00 secs] 
2011-08-25T17:34:49.015+0100: 42270.491: [CMS-concurrent-abortable-preclean-start]
 CMS: abort preclean due to time 2011-08-25T17:34:54.125+0100: 42275.602: [CMS-concurrent-abortable-preclean: 4.698/5.111 secs] [Times: user=4.81 sys=0.04, real=5.12 secs] 
2011-08-25T17:34:54.126+0100: 42275.603: [GC[YG occupancy: 209618 K (1188864 K)]42275.603: [Rescan (parallel) , 0.1021720 secs]42275.705: [weak refs processing, 0.0000880 secs] [1 CMS-remark: 690443K(776192K)] 900061K(1965056K), 0.1024340 secs] [Times: user=0.35 sys=0.07, real=0.10 secs] 
2011-08-25T17:34:54.229+0100: 42275.706: [CMS-concurrent-sweep-start]
2011-08-25T17:34:55.352+0100: 42276.829: [CMS-concurrent-sweep: 1.123/1.123 secs] [Times: user=1.16 sys=0.01, real=1.12 secs] 
2011-08-25T17:34:55.352+0100: 42276.829: [CMS-concurrent-reset-start]
2011-08-25T17:34:55.365+0100: 42276.841: [CMS-concurrent-reset: 0.012/0.012 secs] [Times: user=0.01 sys=0.00, real=0.01 secs] 
2011-08-25T17:36:47.697+0100: 42389.173: [GC 42389.173: [ParNew: 1188864K->132096K(1188864K), 0.2811970 secs] 1679681K->671357K(1965056K), 0.2815610 secs] [Times: user=1.18 sys=0.01, real=0.29 secs] 
2011-08-25T17:38:07.875+0100: 42469.352: [GC 42469.352: [ParNew: 1188864K->132096K(1188864K), 0.3119220 secs] 1728125K->722658K(1965056K), 0.3121740 secs] [Times: user=1.21 sys=0.02, real=0.32 secs] 
2011-08-25T17:39:57.461+0100: 42578.938: [GC 42578.938: [ParNew: 1188864K->132096K(1188864K), 0.2851230 secs] 1779426K->771905K(1965056K), 0.2853840 secs] [Times: user=1.14 sys=0.01, real=0.28 secs] 
2011-08-25T17:42:00.995+0100: 42702.472: [GC 42702.472: [ParNew: 1188864K->122745K(1188864K), 0.2874560 secs] 1828673K->814456K(1965056K), 0.2877090 secs] [Times: user=1.08 sys=0.02, real=0.29 secs] 
2011-08-25T17:42:01.284+0100: 42702.761: [GC [1 CMS-initial-mark: 691710K(776192K)] 823208K(1965056K), 0.1489490 secs] [Times: user=0.15 sys=0.00, real=0.15 secs] 
2011-08-25T17:42:01.434+0100: 42702.910: [CMS-concurrent-mark-start]
2011-08-25T17:42:02.449+0100: 42703.925: [CMS-concurrent-mark: 1.015/1.015 secs] [Times: user=3.95 sys=0.03, real=1.01 secs] 
2011-08-25T17:42:02.449+0100: 42703.925: [CMS-concurrent-preclean-start]
2011-08-25T17:42:02.452+0100: 42703.929: [CMS-concurrent-preclean: 0.003/0.003 secs] [Times: user=0.01 sys=0.00, real=0.00 secs] 
2011-08-25T17:42:02.453+0100: 42703.929: [CMS-concurrent-abortable-preclean-start]
 CMS: abort preclean due to time 2011-08-25T17:42:07.622+0100: 42709.098: [CMS-concurrent-abortable-preclean: 3.741/5.169 secs] [Times: user=3.81 sys=0.04, real=5.17 secs] 
2011-08-25T17:42:07.623+0100: 42709.099: [GC[YG occupancy: 155512 K (1188864 K)]42709.099: [Rescan (parallel) , 0.0378570 secs]42709.137: [weak refs processing, 0.0000380 secs] [1 CMS-remark: 691710K(776192K)] 847223K(1965056K), 0.0380410 secs] [Times: user=0.22 sys=0.01, real=0.04 secs] 
2011-08-25T17:42:07.661+0100: 42709.137: [CMS-concurrent-sweep-start]
2011-08-25T17:42:08.774+0100: 42710.250: [CMS-concurrent-sweep: 1.113/1.113 secs] [Times: user=1.20 sys=0.01, real=1.11 secs] 
2011-08-25T17:42:08.774+0100: 42710.250: [CMS-concurrent-reset-start]
2011-08-25T17:42:08.787+0100: 42710.263: [CMS-concurrent-reset: 0.013/0.013 secs] [Times: user=0.01 sys=0.00, real=0.01 secs] 
2011-08-25T17:44:12.422+0100: 42833.898: [GC 42833.898: [ParNew: 1179513K->132096K(1188864K), 0.2804790 secs] 1694286K->689022K(1965056K), 0.2807410 secs] [Times: user=1.09 sys=0.01, real=0.28 secs] 
2011-08-25T17:45:45.463+0100: 42926.939: [GC 42926.940: [ParNew: 1188864K->106617K(1188864K), 0.4129270 secs] 1745790K->752291K(1965056K), 0.4132360 secs] [Times: user=1.33 sys=0.03, real=0.41 secs] 
2011-08-25T17:45:45.881+0100: 42927.357: [GC [1 CMS-initial-mark: 645673K(776192K)] 752355K(1965056K), 0.0969290 secs] [Times: user=0.09 sys=0.00, real=0.09 secs] 
2011-08-25T17:45:45.978+0100: 42927.454: [CMS-concurrent-mark-start]
2011-08-25T17:45:47.086+0100: 42928.563: [CMS-concurrent-mark: 1.108/1.108 secs] [Times: user=4.31 sys=0.04, real=1.10 secs] 
2011-08-25T17:45:47.087+0100: 42928.563: [CMS-concurrent-preclean-start]
2011-08-25T17:45:47.090+0100: 42928.567: [CMS-concurrent-preclean: 0.004/0.004 secs] [Times: user=0.01 sys=0.00, real=0.01 secs] 
2011-08-25T17:45:47.090+0100: 42928.567: [CMS-concurrent-abortable-preclean-start]
 CMS: abort preclean due to time 2011-08-25T17:45:52.188+0100: 42933.664: [CMS-concurrent-abortable-preclean: 3.558/5.097 secs] [Times: user=3.99 sys=0.06, real=5.09 secs] 
2011-08-25T17:45:52.199+0100: 42933.675: [GC[YG occupancy: 242623 K (1188864 K)]42933.675: [Rescan (parallel) , 0.1292490 secs]42933.805: [weak refs processing, 0.0000330 secs] [1 CMS-remark: 645673K(776192K)] 888297K(1965056K), 0.1295280 secs] [Times: user=0.38 sys=0.09, real=0.12 secs] 
2011-08-25T17:45:52.329+0100: 42933.805: [CMS-concurrent-sweep-start]
2011-08-25T17:45:53.425+0100: 42934.901: [CMS-concurrent-sweep: 1.096/1.096 secs] [Times: user=1.12 sys=0.02, real=1.09 secs] 
2011-08-25T17:45:53.425+0100: 42934.901: [CMS-concurrent-reset-start]
2011-08-25T17:45:53.437+0100: 42934.914: [CMS-concurrent-reset: 0.012/0.012 secs] [Times: user=0.01 sys=0.00, real=0.01 secs] 
2011-08-25T17:47:26.540+0100: 43028.016: [GC 43028.016: [ParNew: 1163385K->127301K(1188864K), 0.1156960 secs] 1717089K->681004K(1965056K), 0.1160050 secs] [Times: user=0.82 sys=0.01, real=0.11 secs] 
2011-08-25T17:48:47.718+0100: 43109.194: [GC 43109.194: [ParNew: 1184069K->107376K(1188864K), 0.4255360 secs] 1737772K->753030K(1965056K), 0.4258440 secs] [Times: user=1.32 sys=0.03, real=0.43 secs] 
2011-08-25T17:48:48.145+0100: 43109.622: [GC [1 CMS-initial-mark: 645653K(776192K)] 761982K(1965056K), 0.0959210 secs] [Times: user=0.10 sys=0.00, real=0.10 secs] 
2011-08-25T17:48:48.242+0100: 43109.719: [CMS-concurrent-mark-start]
2011-08-25T17:48:49.351+0100: 43110.827: [CMS-concurrent-mark: 1.108/1.108 secs] [Times: user=4.59 sys=0.04, real=1.11 secs] 
2011-08-25T17:48:49.351+0100: 43110.827: [CMS-concurrent-preclean-start]
2011-08-25T17:48:49.357+0100: 43110.833: [CMS-concurrent-preclean: 0.005/0.006 secs] [Times: user=0.01 sys=0.00, real=0.00 secs] 
2011-08-25T17:48:49.357+0100: 43110.833: [CMS-concurrent-abortable-preclean-start]
 CMS: abort preclean due to time 2011-08-25T17:48:54.493+0100: 43115.969: [CMS-concurrent-abortable-preclean: 3.909/5.136 secs] [Times: user=4.15 sys=0.07, real=5.14 secs] 
2011-08-25T17:48:54.494+0100: 43115.970: [GC[YG occupancy: 238666 K (1188864 K)]43115.971: [Rescan (parallel) , 0.1296220 secs]43116.100: [weak refs processing, 0.0000460 secs] [1 CMS-remark: 645653K(776192K)] 884320K(1965056K), 0.1299230 secs] [Times: user=0.34 sys=0.12, real=0.13 secs] 
2011-08-25T17:48:54.627+0100: 43116.103: [CMS-concurrent-sweep-start]
2011-08-25T17:48:55.719+0100: 43117.196: [CMS-concurrent-sweep: 1.092/1.092 secs] [Times: user=1.13 sys=0.02, real=1.10 secs] 
2011-08-25T17:48:55.720+0100: 43117.196: [CMS-concurrent-reset-start]
2011-08-25T17:48:55.732+0100: 43117.208: [CMS-concurrent-reset: 0.012/0.012 secs] [Times: user=0.02 sys=0.00, real=0.01 secs] 
2011-08-25T17:49:27.464+0100: 43148.940: [GC 43148.940: [ParNew: 1164144K->106377K(1188864K), 0.0952070 secs] 1726121K->668354K(1965056K), 0.0955690 secs] [Times: user=0.64 sys=0.00, real=0.09 secs] 
2011-08-25T17:50:33.833+0100: 43215.309: [GC 43215.309: [ParNew: 1163145K->131623K(1188864K), 0.1855210 secs] 1725122K->721097K(1965056K), 0.1858370 secs] [Times: user=0.91 sys=0.01, real=0.18 secs] 
2011-08-25T17:51:38.547+0100: 43280.023: [GC 43280.024: [ParNew: 1188391K->132095K(1188864K), 0.2006350 secs] 1777865K->752612K(1965056K), 0.2009690 secs] [Times: user=0.87 sys=0.02, real=0.20 secs] 
2011-08-25T17:52:47.816+0100: 43349.292: [GC 43349.292: [ParNew: 1188863K->97443K(1188864K), 0.2161040 secs] 1809380K->758734K(1965056K), 0.2163580 secs] [Times: user=0.87 sys=0.00, real=0.21 secs] 
2011-08-25T17:53:43.823+0100: 43405.300: [GC 43405.300: [ParNew: 1154211K->85023K(1188864K), 0.1474940 secs] 1815502K->769868K(1965056K), 0.1478550 secs] [Times: user=0.62 sys=0.01, real=0.15 secs] 
2011-08-25T17:53:43.980+0100: 43405.456: [GC [1 CMS-initial-mark: 684844K(776192K)] 783592K(1965056K), 0.1190790 secs] [Times: user=0.11 sys=0.00, real=0.12 secs] 
2011-08-25T17:53:44.100+0100: 43405.576: [CMS-concurrent-mark-start]
2011-08-25T17:53:45.194+0100: 43406.670: [CMS-concurrent-mark: 1.094/1.094 secs] [Times: user=5.18 sys=0.03, real=1.10 secs] 
2011-08-25T17:53:45.194+0100: 43406.670: [CMS-concurrent-preclean-start]
2011-08-25T17:53:45.200+0100: 43406.677: [CMS-concurrent-preclean: 0.006/0.006 secs] [Times: user=0.01 sys=0.00, real=0.00 secs] 
2011-08-25T17:53:45.200+0100: 43406.677: [CMS-concurrent-abortable-preclean-start]
2011-08-25T17:53:48.587+0100: 43410.064: [GC 43410.064: [ParNew: 1141791K->100106K(1188864K), 0.0601210 secs] 1826636K->784950K(1965056K), 0.0603860 secs] [Times: user=0.40 sys=0.00, real=0.06 secs] 
 CMS: abort preclean due to time 2011-08-25T17:53:50.353+0100: 43411.829: [CMS-concurrent-abortable-preclean: 5.076/5.152 secs] [Times: user=10.71 sys=0.19, real=5.16 secs] 
2011-08-25T17:53:50.354+0100: 43411.830: [GC[YG occupancy: 509979 K (1188864 K)]43411.830: [Rescan (parallel) , 0.1506110 secs]43411.981: [weak refs processing, 0.0000470 secs] [1 CMS-remark: 684844K(776192K)] 1194824K(1965056K), 0.1508090 secs] [Times: user=0.94 sys=0.04, real=0.15 secs] 
2011-08-25T17:53:50.505+0100: 43411.982: [CMS-concurrent-sweep-start]
2011-08-25T17:53:51.713+0100: 43413.189: [CMS-concurrent-sweep: 1.207/1.208 secs] [Times: user=2.35 sys=0.04, real=1.21 secs] 
2011-08-25T17:53:51.713+0100: 43413.190: [CMS-concurrent-reset-start]
2011-08-25T17:53:51.727+0100: 43413.203: [CMS-concurrent-reset: 0.013/0.013 secs] [Times: user=0.03 sys=0.00, real=0.01 secs] 
2011-08-25T17:53:53.570+0100: 43415.046: [GC 43415.048: [ParNew: 1156874K->67098K(1188864K), 0.1631850 secs] 1697065K->643002K(1965056K), 0.1643370 secs] [Times: user=0.55 sys=0.01, real=0.17 secs] 
2011-08-25T17:53:58.335+0100: 43419.811: [GC 43419.811: [ParNew: 1123866K->38309K(1188864K), 0.0396800 secs] 1699770K->614213K(1965056K), 0.0402680 secs] [Times: user=0.19 sys=0.00, real=0.04 secs] 
2011-08-25T17:54:03.029+0100: 43424.506: [GC 43424.506: [ParNew: 1095077K->46506K(1188864K), 0.0381180 secs] 1670981K->622410K(1965056K), 0.0384810 secs] [Times: user=0.17 sys=0.00, real=0.04 secs] 
2011-08-25T17:54:07.606+0100: 43429.082: [GC 43429.082: [ParNew: 1103274K->33959K(1188864K), 0.0420330 secs] 1679178K->609863K(1965056K), 0.0422980 secs] [Times: user=0.17 sys=0.01, real=0.04 secs] 
2011-08-25T17:54:47.673+0100: 43469.149: [GC 43469.149: [ParNew: 1090727K->35828K(1188864K), 0.0341310 secs] 1666631K->611732K(1965056K), 0.0343890 secs] [Times: user=0.19 sys=0.01, real=0.03 secs] 
2011-08-25T17:55:57.579+0100: 43539.056: [GC 43539.056: [ParNew: 1092596K->71534K(1188864K), 0.0699200 secs] 1668500K->647438K(1965056K), 0.0702370 secs] [Times: user=0.47 sys=0.00, real=0.07 secs] 
2011-08-25T17:56:59.657+0100: 43601.133: [GC 43601.134: [ParNew: 1128302K->132093K(1188864K), 0.1027160 secs] 1704206K->707997K(1965056K), 0.1030350 secs] [Times: user=0.70 sys=0.00, real=0.10 secs] 
2011-08-25T17:57:05.223+0100: 43606.700: [GC 43606.700: [ParNew: 1188861K->97659K(1188864K), 0.2780510 secs] 1764765K->724310K(1965056K), 0.2785230 secs] [Times: user=0.84 sys=0.03, real=0.27 secs] 
2011-08-25T17:57:44.377+0100: 43645.854: [GC 43645.854: [ParNew: 1154427K->90000K(1188864K), 0.0673630 secs] 1781078K->716651K(1965056K), 0.0676470 secs] [Times: user=0.43 sys=0.01, real=0.07 secs] 
2011-08-25T17:59:37.765+0100: 43759.242: [GC 43759.242: [ParNew: 1146768K->130035K(1188864K), 0.1192060 secs] 1773419K->756687K(1965056K), 0.1194840 secs] [Times: user=0.81 sys=0.01, real=0.12 secs] 
2011-08-25T18:01:39.976+0100: 43881.452: [GC 43881.453: [ParNew: 1186803K->132096K(1188864K), 0.3004090 secs] 1813455K->812319K(1965056K), 0.3008800 secs] [Times: user=1.22 sys=0.02, real=0.30 secs] 
2011-08-25T18:01:40.278+0100: 43881.754: [GC [1 CMS-initial-mark: 680223K(776192K)] 818836K(1965056K), 0.1944100 secs] [Times: user=0.20 sys=0.00, real=0.19 secs] 
2011-08-25T18:01:40.473+0100: 43881.949: [CMS-concurrent-mark-start]
2011-08-25T18:01:41.436+0100: 43882.912: [CMS-concurrent-mark: 0.963/0.963 secs] [Times: user=3.83 sys=0.01, real=0.97 secs] 
2011-08-25T18:01:41.436+0100: 43882.912: [CMS-concurrent-preclean-start]
2011-08-25T18:01:41.439+0100: 43882.916: [CMS-concurrent-preclean: 0.003/0.004 secs] [Times: user=0.01 sys=0.00, real=0.00 secs] 
2011-08-25T18:01:41.439+0100: 43882.916: [CMS-concurrent-abortable-preclean-start]
 CMS: abort preclean due to time 2011-08-25T18:01:46.537+0100: 43888.013: [CMS-concurrent-abortable-preclean: 4.487/5.097 secs] [Times: user=4.57 sys=0.04, real=5.10 secs] 
2011-08-25T18:01:46.538+0100: 43888.014: [GC[YG occupancy: 172989 K (1188864 K)]43888.014: [Rescan (parallel) , 0.0599320 secs]43888.074: [weak refs processing, 0.0000610 secs] [1 CMS-remark: 680223K(776192K)] 853213K(1965056K), 0.0601930 secs] [Times: user=0.29 sys=0.03, real=0.06 secs] 
2011-08-25T18:01:46.600+0100: 43888.076: [CMS-concurrent-sweep-start]
2011-08-25T18:01:47.710+0100: 43889.187: [CMS-concurrent-sweep: 1.110/1.110 secs] [Times: user=1.34 sys=0.01, real=1.11 secs] 
2011-08-25T18:01:47.711+0100: 43889.187: [CMS-concurrent-reset-start]
2011-08-25T18:01:47.722+0100: 43889.199: [CMS-concurrent-reset: 0.012/0.012 secs] [Times: user=0.02 sys=0.00, real=0.01 secs] 
2011-08-25T18:03:20.150+0100: 43981.626: [GC 43981.626: [ParNew: 1188864K->132096K(1188864K), 0.3523120 secs] 1684396K->680351K(1965056K), 0.3526750 secs] [Times: user=1.32 sys=0.03, real=0.35 secs] 
2011-08-25T18:05:27.739+0100: 44109.215: [GC 44109.215: [ParNew: 1188864K->132096K(1188864K), 0.3021100 secs] 1737119K->727842K(1965056K), 0.3024250 secs] [Times: user=1.22 sys=0.02, real=0.30 secs] 
2011-08-25T18:07:46.290+0100: 44247.766: [GC 44247.766: [ParNew: 1188864K->132096K(1188864K), 0.3296920 secs] 1784610K->781607K(1965056K), 0.3300350 secs] [Times: user=1.33 sys=0.02, real=0.33 secs] 
2011-08-25T18:07:46.623+0100: 44248.099: [GC [1 CMS-initial-mark: 649511K(776192K)] 791280K(1965056K), 0.2019950 secs] [Times: user=0.19 sys=0.00, real=0.21 secs] 
2011-08-25T18:07:46.825+0100: 44248.302: [CMS-concurrent-mark-start]
2011-08-25T18:07:47.848+0100: 44249.324: [CMS-concurrent-mark: 1.023/1.023 secs] [Times: user=4.50 sys=0.08, real=1.02 secs] 
2011-08-25T18:07:47.848+0100: 44249.325: [CMS-concurrent-preclean-start]
2011-08-25T18:07:47.863+0100: 44249.339: [CMS-concurrent-preclean: 0.012/0.014 secs] [Times: user=0.03 sys=0.00, real=0.01 secs] 
2011-08-25T18:07:47.863+0100: 44249.339: [CMS-concurrent-abortable-preclean-start]
 CMS: abort preclean due to time 2011-08-25T18:07:52.877+0100: 44254.354: [CMS-concurrent-abortable-preclean: 5.012/5.015 secs] [Times: user=5.33 sys=0.09, real=5.02 secs] 
2011-08-25T18:07:52.878+0100: 44254.355: [GC[YG occupancy: 372228 K (1188864 K)]44254.355: [Rescan (parallel) , 0.4681900 secs]44254.823: [weak refs processing, 0.0000420 secs] [1 CMS-remark: 649511K(776192K)] 1021739K(1965056K), 0.4683790 secs] [Times: user=0.80 sys=0.46, real=0.47 secs] 
2011-08-25T18:07:53.347+0100: 44254.823: [CMS-concurrent-sweep-start]
2011-08-25T18:07:54.538+0100: 44256.015: [CMS-concurrent-sweep: 1.191/1.191 secs] [Times: user=1.23 sys=0.02, real=1.19 secs] 
2011-08-25T18:07:54.539+0100: 44256.015: [CMS-concurrent-reset-start]
2011-08-25T18:07:54.551+0100: 44256.027: [CMS-concurrent-reset: 0.012/0.012 secs] [Times: user=0.01 sys=0.00, real=0.01 secs] 
2011-08-25T18:09:07.792+0100: 44329.269: [GC 44329.269: [ParNew: 1188864K->132096K(1188864K), 0.2871610 secs] 1687891K->682440K(1965056K), 0.2874410 secs] [Times: user=1.20 sys=0.02, real=0.29 secs] 
2011-08-25T18:11:02.235+0100: 44443.711: [GC 44443.711: [ParNew: 1188864K->132096K(1188864K), 0.2880510 secs] 1739208K->734997K(1965056K), 0.2883390 secs] [Times: user=1.20 sys=0.01, real=0.29 secs] 
2011-08-25T18:13:04.976+0100: 44566.452: [GC 44566.453: [ParNew: 1188864K->132096K(1188864K), 0.2869550 secs] 1791765K->784008K(1965056K), 0.2872310 secs] [Times: user=1.17 sys=0.01, real=0.29 secs] 
2011-08-25T18:13:05.264+0100: 44566.741: [GC [1 CMS-initial-mark: 651912K(776192K)] 793731K(1965056K), 0.1751170 secs] [Times: user=0.17 sys=0.00, real=0.17 secs] 
2011-08-25T18:13:05.440+0100: 44566.916: [CMS-concurrent-mark-start]
2011-08-25T18:13:06.430+0100: 44567.906: [CMS-concurrent-mark: 0.990/0.990 secs] [Times: user=3.94 sys=0.02, real=0.99 secs] 
2011-08-25T18:13:06.430+0100: 44567.907: [CMS-concurrent-preclean-start]
2011-08-25T18:13:06.434+0100: 44567.910: [CMS-concurrent-preclean: 0.003/0.004 secs] [Times: user=0.01 sys=0.00, real=0.00 secs] 
2011-08-25T18:13:06.434+0100: 44567.910: [CMS-concurrent-abortable-preclean-start]
 CMS: abort preclean due to time 2011-08-25T18:13:11.535+0100: 44573.011: [CMS-concurrent-abortable-preclean: 4.892/5.100 secs] [Times: user=5.36 sys=0.10, real=5.10 secs] 
2011-08-25T18:13:11.535+0100: 44573.012: [GC[YG occupancy: 285316 K (1188864 K)]44573.012: [Rescan (parallel) , 0.1556250 secs]44573.168: [weak refs processing, 0.0000440 secs] [1 CMS-remark: 651912K(776192K)] 937228K(1965056K), 0.1559300 secs] [Times: user=0.50 sys=0.15, real=0.16 secs] 
2011-08-25T18:13:11.692+0100: 44573.169: [CMS-concurrent-sweep-start]
2011-08-25T18:13:12.807+0100: 44574.283: [CMS-concurrent-sweep: 1.114/1.114 secs] [Times: user=1.14 sys=0.02, real=1.11 secs] 
2011-08-25T18:13:12.807+0100: 44574.283: [CMS-concurrent-reset-start]
2011-08-25T18:13:12.821+0100: 44574.298: [CMS-concurrent-reset: 0.015/0.015 secs] [Times: user=0.02 sys=0.00, real=0.02 secs] 
2011-08-25T18:14:17.827+0100: 44639.304: [GC 44639.304: [ParNew: 1188864K->132096K(1188864K), 0.2842350 secs] 1692442K->682141K(1965056K), 0.2846610 secs] [Times: user=1.20 sys=0.01, real=0.29 secs] 
2011-08-25T18:16:26.983+0100: 44768.459: [GC 44768.459: [ParNew: 1188864K->132096K(1188864K), 0.3246670 secs] 1738909K->733327K(1965056K), 0.3249340 secs] [Times: user=1.24 sys=0.01, real=0.32 secs] 
2011-08-25T18:18:09.059+0100: 44870.535: [GC 44870.535: [ParNew: 1188864K->132096K(1188864K), 0.2942250 secs] 1790095K->783882K(1965056K), 0.2944910 secs] [Times: user=1.15 sys=0.02, real=0.29 secs] 
2011-08-25T18:19:47.656+0100: 44969.132: [GC 44969.132: [ParNew: 1188864K->132096K(1188864K), 0.3023080 secs] 1840650K->836425K(1965056K), 0.3026800 secs] [Times: user=1.17 sys=0.02, real=0.30 secs] 
2011-08-25T18:19:47.960+0100: 44969.436: [GC [1 CMS-initial-mark: 704329K(776192K)] 850528K(1965056K), 0.1949350 secs] [Times: user=0.20 sys=0.00, real=0.20 secs] 
2011-08-25T18:19:48.155+0100: 44969.632: [CMS-concurrent-mark-start]
2011-08-25T18:19:49.143+0100: 44970.619: [CMS-concurrent-mark: 0.988/0.988 secs] [Times: user=4.07 sys=0.03, real=0.98 secs] 
2011-08-25T18:19:49.143+0100: 44970.620: [CMS-concurrent-preclean-start]
2011-08-25T18:19:49.150+0100: 44970.626: [CMS-concurrent-preclean: 0.006/0.007 secs] [Times: user=0.01 sys=0.00, real=0.01 secs] 
2011-08-25T18:19:49.150+0100: 44970.626: [CMS-concurrent-abortable-preclean-start]
 CMS: abort preclean due to time 2011-08-25T18:19:54.182+0100: 44975.658: [CMS-concurrent-abortable-preclean: 3.908/5.032 secs] [Times: user=3.94 sys=0.05, real=5.03 secs] 
2011-08-25T18:19:54.183+0100: 44975.660: [GC[YG occupancy: 203679 K (1188864 K)]44975.660: [Rescan (parallel) , 0.1256700 secs]44975.786: [weak refs processing, 0.0000580 secs] [1 CMS-remark: 704329K(776192K)] 908009K(1965056K), 0.1259310 secs] [Times: user=0.34 sys=0.12, real=0.13 secs] 
2011-08-25T18:19:54.310+0100: 44975.786: [CMS-concurrent-sweep-start]
2011-08-25T18:19:55.415+0100: 44976.891: [CMS-concurrent-sweep: 1.105/1.105 secs] [Times: user=1.09 sys=0.02, real=1.10 secs] 
2011-08-25T18:19:55.415+0100: 44976.891: [CMS-concurrent-reset-start]
2011-08-25T18:19:55.424+0100: 44976.900: [CMS-concurrent-reset: 0.009/0.009 secs] [Times: user=0.01 sys=0.00, real=0.01 secs] 
2011-08-25T18:21:47.682+0100: 45089.158: [GC 45089.158: [ParNew: 1188864K->132096K(1188864K), 0.3086930 secs] 1686334K->675253K(1965056K), 0.3090080 secs] [Times: user=1.17 sys=0.01, real=0.31 secs] 
2011-08-25T18:23:47.692+0100: 45209.168: [GC 45209.169: [ParNew: 1188864K->132096K(1188864K), 0.2867510 secs] 1732021K->725008K(1965056K), 0.2870410 secs] [Times: user=1.17 sys=0.02, real=0.28 secs] 
2011-08-25T18:25:08.370+0100: 45289.847: [GC 45289.847: [ParNew: 1188864K->132096K(1188864K), 0.2720480 secs] 1781776K->771776K(1965056K), 0.2724020 secs] [Times: user=1.20 sys=0.02, real=0.27 secs] 
2011-08-25T18:27:12.384+0100: 45413.860: [GC 45413.860: [ParNew: 1188864K->132096K(1188864K), 0.3017750 secs] 1828544K->824392K(1965056K), 0.3020480 secs] [Times: user=1.28 sys=0.02, real=0.31 secs] 
2011-08-25T18:27:12.686+0100: 45414.163: [GC [1 CMS-initial-mark: 692296K(776192K)] 824654K(1965056K), 0.1851270 secs] [Times: user=0.18 sys=0.00, real=0.18 secs] 
2011-08-25T18:27:12.872+0100: 45414.348: [CMS-concurrent-mark-start]
2011-08-25T18:27:13.844+0100: 45415.320: [CMS-concurrent-mark: 0.972/0.972 secs] [Times: user=3.88 sys=0.03, real=0.97 secs] 
2011-08-25T18:27:13.844+0100: 45415.320: [CMS-concurrent-preclean-start]
2011-08-25T18:27:13.848+0100: 45415.324: [CMS-concurrent-preclean: 0.003/0.004 secs] [Times: user=0.00 sys=0.00, real=0.01 secs] 
2011-08-25T18:27:13.848+0100: 45415.324: [CMS-concurrent-abortable-preclean-start]
 CMS: abort preclean due to time 2011-08-25T18:27:19.022+0100: 45420.498: [CMS-concurrent-abortable-preclean: 4.762/5.174 secs] [Times: user=5.04 sys=0.12, real=5.17 secs] 
2011-08-25T18:27:19.023+0100: 45420.499: [GC[YG occupancy: 265777 K (1188864 K)]45420.499: [Rescan (parallel) , 0.0988340 secs]45420.598: [weak refs processing, 0.0000410 secs] [1 CMS-remark: 692296K(776192K)] 958074K(1965056K), 0.0990580 secs] [Times: user=0.44 sys=0.06, real=0.10 secs] 
2011-08-25T18:27:19.122+0100: 45420.598: [CMS-concurrent-sweep-start]
2011-08-25T18:27:20.215+0100: 45421.691: [CMS-concurrent-sweep: 1.093/1.093 secs] [Times: user=1.11 sys=0.02, real=1.10 secs] 
2011-08-25T18:27:20.215+0100: 45421.691: [CMS-concurrent-reset-start]
2011-08-25T18:27:20.225+0100: 45421.701: [CMS-concurrent-reset: 0.010/0.010 secs] [Times: user=0.01 sys=0.00, real=0.01 secs] 
2011-08-25T18:29:19.818+0100: 45541.294: [GC 45541.294: [ParNew: 1188864K->132096K(1188864K), 0.3325040 secs] 1687123K->681873K(1965056K), 0.3328550 secs] [Times: user=1.24 sys=0.01, real=0.34 secs] 
2011-08-25T18:30:37.802+0100: 45619.278: [GC 45619.278: [ParNew: 1188864K->132096K(1188864K), 0.2699900 secs] 1738641K->728675K(1965056K), 0.2702970 secs] [Times: user=1.18 sys=0.01, real=0.27 secs] 
2011-08-25T18:32:37.475+0100: 45738.952: [GC 45738.952: [ParNew: 1188864K->132096K(1188864K), 0.2843960 secs] 1785443K->778823K(1965056K), 0.2846870 secs] [Times: user=1.25 sys=0.01, real=0.29 secs] 
2011-08-25T18:34:47.376+0100: 45868.852: [GC 45868.852: [ParNew: 1188864K->132096K(1188864K), 0.2991490 secs] 1835591K->833394K(1965056K), 0.2994430 secs] [Times: user=1.24 sys=0.01, real=0.30 secs] 
2011-08-25T18:34:47.676+0100: 45869.152: [GC [1 CMS-initial-mark: 701298K(776192K)] 833405K(1965056K), 0.1791600 secs] [Times: user=0.17 sys=0.00, real=0.18 secs] 
2011-08-25T18:34:47.856+0100: 45869.332: [CMS-concurrent-mark-start]
2011-08-25T18:34:48.849+0100: 45870.325: [CMS-concurrent-mark: 0.993/0.993 secs] [Times: user=4.10 sys=0.04, real=0.99 secs] 
2011-08-25T18:34:48.849+0100: 45870.325: [CMS-concurrent-preclean-start]
2011-08-25T18:34:48.857+0100: 45870.333: [CMS-concurrent-preclean: 0.006/0.008 secs] [Times: user=0.01 sys=0.00, real=0.01 secs] 
2011-08-25T18:34:48.857+0100: 45870.333: [CMS-concurrent-abortable-preclean-start]
 CMS: abort preclean due to time 2011-08-25T18:34:53.893+0100: 45875.370: [CMS-concurrent-abortable-preclean: 4.012/5.037 secs] [Times: user=4.06 sys=0.07, real=5.03 secs] 
2011-08-25T18:34:53.894+0100: 45875.371: [GC[YG occupancy: 240889 K (1188864 K)]45875.371: [Rescan (parallel) , 0.1743140 secs]45875.545: [weak refs processing, 0.0000370 secs] [1 CMS-remark: 701298K(776192K)] 942188K(1965056K), 0.1745370 secs] [Times: user=0.44 sys=0.15, real=0.18 secs] 
2011-08-25T18:34:54.070+0100: 45875.546: [CMS-concurrent-sweep-start]
2011-08-25T18:34:55.133+0100: 45876.609: [CMS-concurrent-sweep: 1.063/1.063 secs] [Times: user=1.09 sys=0.01, real=1.06 secs] 
2011-08-25T18:34:55.133+0100: 45876.609: [CMS-concurrent-reset-start]
2011-08-25T18:34:55.142+0100: 45876.618: [CMS-concurrent-reset: 0.009/0.009 secs] [Times: user=0.01 sys=0.00, real=0.01 secs] 
2011-08-25T18:36:10.910+0100: 45952.386: [GC 45952.387: [ParNew: 1188864K->132096K(1188864K), 0.2956440 secs] 1684616K->677250K(1965056K), 0.2960110 secs] [Times: user=1.20 sys=0.01, real=0.30 secs] 
2011-08-25T18:37:51.427+0100: 46052.904: [GC 46052.904: [ParNew: 1188864K->132096K(1188864K), 0.2700170 secs] 1734018K->723203K(1965056K), 0.2703240 secs] [Times: user=1.18 sys=0.01, real=0.27 secs] 
2011-08-25T18:40:07.817+0100: 46189.294: [GC 46189.294: [ParNew: 1188864K->132096K(1188864K), 0.2893940 secs] 1779971K->773514K(1965056K), 0.2897060 secs] [Times: user=1.16 sys=0.02, real=0.29 secs] 
2011-08-25T18:41:37.744+0100: 46279.220: [GC 46279.220: [ParNew: 1188864K->132096K(1188864K), 0.3027950 secs] 1830282K->823714K(1965056K), 0.3030970 secs] [Times: user=1.17 sys=0.02, real=0.30 secs] 
2011-08-25T18:41:38.048+0100: 46279.524: [GC [1 CMS-initial-mark: 691618K(776192K)] 828462K(1965056K), 0.1812890 secs] [Times: user=0.18 sys=0.00, real=0.18 secs] 
2011-08-25T18:41:38.230+0100: 46279.706: [CMS-concurrent-mark-start]
2011-08-25T18:41:39.215+0100: 46280.691: [CMS-concurrent-mark: 0.986/0.986 secs] [Times: user=3.89 sys=0.04, real=0.99 secs] 
2011-08-25T18:41:39.215+0100: 46280.692: [CMS-concurrent-preclean-start]
2011-08-25T18:41:39.219+0100: 46280.696: [CMS-concurrent-preclean: 0.004/0.004 secs] [Times: user=0.00 sys=0.00, real=0.00 secs] 
2011-08-25T18:41:39.220+0100: 46280.696: [CMS-concurrent-abortable-preclean-start]
 CMS: abort preclean due to time 2011-08-25T18:41:44.348+0100: 46285.824: [CMS-concurrent-abortable-preclean: 4.205/5.128 secs] [Times: user=4.29 sys=0.02, real=5.13 secs] 
2011-08-25T18:41:44.349+0100: 46285.825: [GC[YG occupancy: 167549 K (1188864 K)]46285.825: [Rescan (parallel) , 0.0615230 secs]46285.887: [weak refs processing, 0.0000400 secs] [1 CMS-remark: 691618K(776192K)] 859167K(1965056K), 0.0617880 secs] [Times: user=0.29 sys=0.04, real=0.07 secs] 
2011-08-25T18:41:44.411+0100: 46285.887: [CMS-concurrent-sweep-start]
2011-08-25T18:41:45.556+0100: 46287.032: [CMS-concurrent-sweep: 1.145/1.145 secs] [Times: user=1.19 sys=0.00, real=1.14 secs] 
2011-08-25T18:41:45.556+0100: 46287.033: [CMS-concurrent-reset-start]
2011-08-25T18:41:45.570+0100: 46287.046: [CMS-concurrent-reset: 0.014/0.014 secs] [Times: user=0.02 sys=0.00, real=0.01 secs] 
2011-08-25T18:43:32.947+0100: 46394.423: [GC 46394.423: [ParNew: 1188864K->132096K(1188864K), 0.2921770 secs] 1685630K->674758K(1965056K), 0.2924670 secs] [Times: user=1.23 sys=0.01, real=0.29 secs] 
2011-08-25T18:45:57.740+0100: 46539.217: [GC 46539.217: [ParNew: 1188864K->132096K(1188864K), 0.2828760 secs] 1731526K->723537K(1965056K), 0.2831390 secs] [Times: user=1.19 sys=0.02, real=0.28 secs] 
2011-08-25T18:47:27.531+0100: 46629.007: [GC 46629.007: [ParNew: 1188864K->132096K(1188864K), 0.3525310 secs] 1780305K->778829K(1965056K), 0.3528130 secs] [Times: user=1.72 sys=0.01, real=0.35 secs] 
2011-08-25T18:48:49.572+0100: 46711.048: [GC 46711.049: [ParNew: 1188864K->132096K(1188864K), 0.2740970 secs] 1835597K->827811K(1965056K), 0.2744120 secs] [Times: user=1.16 sys=0.01, real=0.27 secs] 
2011-08-25T18:48:49.853+0100: 46711.329: [GC [1 CMS-initial-mark: 695715K(776192K)] 838878K(1965056K), 0.1705860 secs] [Times: user=0.17 sys=0.00, real=0.17 secs] 
2011-08-25T18:48:50.024+0100: 46711.501: [CMS-concurrent-mark-start]
2011-08-25T18:48:50.997+0100: 46712.474: [CMS-concurrent-mark: 0.973/0.973 secs] [Times: user=4.10 sys=0.01, real=0.97 secs] 
2011-08-25T18:48:50.998+0100: 46712.474: [CMS-concurrent-preclean-start]
2011-08-25T18:48:51.003+0100: 46712.479: [CMS-concurrent-preclean: 0.005/0.005 secs] [Times: user=0.01 sys=0.00, real=0.01 secs] 
2011-08-25T18:48:51.003+0100: 46712.479: [CMS-concurrent-abortable-preclean-start]
 CMS: abort preclean due to time 2011-08-25T18:48:56.211+0100: 46717.687: [CMS-concurrent-abortable-preclean: 4.490/5.208 secs] [Times: user=4.58 sys=0.02, real=5.21 secs] 
2011-08-25T18:48:56.215+0100: 46717.692: [GC[YG occupancy: 215170 K (1188864 K)]46717.692: [Rescan (parallel) , 0.1410680 secs]46717.833: [weak refs processing, 0.0001080 secs] [1 CMS-remark: 695715K(776192K)] 910885K(1965056K), 0.1413570 secs] [Times: user=0.39 sys=0.13, real=0.14 secs] 
2011-08-25T18:48:56.358+0100: 46717.834: [CMS-concurrent-sweep-start]
2011-08-25T18:48:57.489+0100: 46718.965: [CMS-concurrent-sweep: 1.131/1.131 secs] [Times: user=1.13 sys=0.00, real=1.14 secs] 
2011-08-25T18:48:57.489+0100: 46718.965: [CMS-concurrent-reset-start]
2011-08-25T18:48:57.503+0100: 46718.979: [CMS-concurrent-reset: 0.014/0.014 secs] [Times: user=0.01 sys=0.00, real=0.01 secs] 
2011-08-25T18:51:37.767+0100: 46879.243: [GC 46879.244: [ParNew: 1188864K->132096K(1188864K), 0.2818570 secs] 1687247K->681737K(1965056K), 0.2821250 secs] [Times: user=1.12 sys=0.00, real=0.28 secs] 
2011-08-25T18:53:07.778+0100: 46969.255: [GC 46969.255: [ParNew: 1188864K->132096K(1188864K), 0.2346320 secs] 1738505K->725923K(1965056K), 0.2349660 secs] [Times: user=1.09 sys=0.01, real=0.23 secs] 
2011-08-25T18:54:47.507+0100: 47068.983: [GC 47068.983: [ParNew: 1188864K->132096K(1188864K), 0.2773540 secs] 1782691K->772604K(1965056K), 0.2776430 secs] [Times: user=1.22 sys=0.01, real=0.28 secs] 
2011-08-25T18:57:07.813+0100: 47209.289: [GC 47209.290: [ParNew: 1188864K->108210K(1188864K), 0.5224000 secs] 1829372K->848643K(1965056K), 0.5226970 secs] [Times: user=1.39 sys=0.03, real=0.52 secs] 
2011-08-25T18:57:08.337+0100: 47209.813: [GC [1 CMS-initial-mark: 740433K(776192K)] 857945K(1965056K), 0.0980690 secs] [Times: user=0.10 sys=0.00, real=0.10 secs] 
2011-08-25T18:57:08.441+0100: 47209.917: [CMS-concurrent-mark-start]
2011-08-25T18:57:09.502+0100: 47210.979: [CMS-concurrent-mark: 1.061/1.061 secs] [Times: user=4.20 sys=0.03, real=1.06 secs] 
2011-08-25T18:57:09.502+0100: 47210.979: [CMS-concurrent-preclean-start]
2011-08-25T18:57:09.506+0100: 47210.983: [CMS-concurrent-preclean: 0.004/0.004 secs] [Times: user=0.00 sys=0.00, real=0.01 secs] 
2011-08-25T18:57:09.507+0100: 47210.983: [CMS-concurrent-abortable-preclean-start]
2011-08-25T18:57:09.507+0100: 47210.983: [CMS-concurrent-abortable-preclean: 0.000/0.000 secs] [Times: user=0.00 sys=0.00, real=0.00 secs] 
2011-08-25T18:57:09.507+0100: 47210.984: [GC[YG occupancy: 128331 K (1188864 K)]47210.984: [Rescan (parallel) , 0.0361590 secs]47211.020: [weak refs processing, 0.0000370 secs] [1 CMS-remark: 740433K(776192K)] 868764K(1965056K), 0.0363640 secs] [Times: user=0.14 sys=0.02, real=0.04 secs] 
2011-08-25T18:57:09.544+0100: 47211.021: [CMS-concurrent-sweep-start]
2011-08-25T18:57:10.664+0100: 47212.140: [CMS-concurrent-sweep: 1.120/1.120 secs] [Times: user=1.14 sys=0.00, real=1.12 secs] 
2011-08-25T18:57:10.664+0100: 47212.140: [CMS-concurrent-reset-start]
2011-08-25T18:57:10.676+0100: 47212.153: [CMS-concurrent-reset: 0.012/0.012 secs] [Times: user=0.01 sys=0.00, real=0.01 secs] 
2011-08-25T18:58:47.839+0100: 47309.315: [GC 47309.315: [ParNew: 1164978K->131252K(1188864K), 0.1030520 secs] 1711543K->677817K(1965056K), 0.1033480 secs] [Times: user=0.74 sys=0.00, real=0.10 secs] 
2011-08-25T19:00:29.782+0100: 47411.258: [GC 47411.258: [ParNew: 1188020K->132096K(1188864K), 0.3298960 secs] 1734585K->723388K(1965056K), 0.3302420 secs] [Times: user=1.19 sys=0.02, real=0.33 secs] 
2011-08-25T19:02:47.460+0100: 47548.936: [GC 47548.937: [ParNew: 1188864K->132096K(1188864K), 0.2900420 secs] 1780156K->771491K(1965056K), 0.2903150 secs] [Times: user=1.17 sys=0.03, real=0.30 secs] 
2011-08-25T19:04:27.607+0100: 47649.084: [GC 47649.084: [ParNew: 1188864K->132096K(1188864K), 0.2638280 secs] 1828259K->817678K(1965056K), 0.2641890 secs] [Times: user=1.12 sys=0.01, real=0.27 secs] 
2011-08-25T19:04:27.875+0100: 47649.351: [GC [1 CMS-initial-mark: 685582K(776192K)] 831777K(1965056K), 0.1717190 secs] [Times: user=0.17 sys=0.00, real=0.17 secs] 
2011-08-25T19:04:28.048+0100: 47649.524: [CMS-concurrent-mark-start]
2011-08-25T19:04:29.065+0100: 47650.542: [CMS-concurrent-mark: 1.018/1.018 secs] [Times: user=3.96 sys=0.05, real=1.02 secs] 
2011-08-25T19:04:29.065+0100: 47650.542: [CMS-concurrent-preclean-start]
2011-08-25T19:04:29.071+0100: 47650.547: [CMS-concurrent-preclean: 0.005/0.006 secs] [Times: user=0.01 sys=0.00, real=0.00 secs] 
2011-08-25T19:04:29.071+0100: 47650.547: [CMS-concurrent-abortable-preclean-start]
 CMS: abort preclean due to time 2011-08-25T19:04:34.247+0100: 47655.723: [CMS-concurrent-abortable-preclean: 4.462/5.175 secs] [Times: user=4.53 sys=0.05, real=5.18 secs] 
2011-08-25T19:04:34.249+0100: 47655.725: [GC[YG occupancy: 172027 K (1188864 K)]47655.725: [Rescan (parallel) , 0.0763000 secs]47655.802: [weak refs processing, 0.0000580 secs] [1 CMS-remark: 685582K(776192K)] 857609K(1965056K), 0.0765780 secs] [Times: user=0.28 sys=0.04, real=0.08 secs] 
2011-08-25T19:04:34.326+0100: 47655.802: [CMS-concurrent-sweep-start]
2011-08-25T19:04:35.434+0100: 47656.910: [CMS-concurrent-sweep: 1.108/1.108 secs] [Times: user=1.13 sys=0.01, real=1.11 secs] 
2011-08-25T19:04:35.434+0100: 47656.911: [CMS-concurrent-reset-start]
2011-08-25T19:04:35.447+0100: 47656.923: [CMS-concurrent-reset: 0.012/0.012 secs] [Times: user=0.01 sys=0.00, real=0.01 secs] 
2011-08-25T19:06:22.294+0100: 47763.770: [GC 47763.770: [ParNew: 1188864K->132096K(1188864K), 0.2899970 secs] 1686847K->676022K(1965056K), 0.2902740 secs] [Times: user=1.18 sys=0.02, real=0.29 secs] 
2011-08-25T19:08:47.498+0100: 47908.975: [GC 47908.975: [ParNew: 1188864K->132096K(1188864K), 0.2960630 secs] 1732790K->721841K(1965056K), 0.2963650 secs] [Times: user=1.23 sys=0.03, real=0.30 secs] 
2011-08-25T19:10:17.748+0100: 47999.224: [GC 47999.224: [ParNew: 1188864K->132096K(1188864K), 0.2705780 secs] 1778609K->766479K(1965056K), 0.2708450 secs] [Times: user=1.12 sys=0.01, real=0.27 secs] 
2011-08-25T19:13:57.823+0100: 48219.299: [GC 48219.299: [ParNew: 1188864K->131638K(1188864K), 0.2716560 secs] 1823247K->814293K(1965056K), 0.2719390 secs] [Times: user=1.13 sys=0.01, real=0.27 secs] 
2011-08-25T19:13:58.095+0100: 48219.572: [GC [1 CMS-initial-mark: 682655K(776192K)] 818673K(1965056K), 0.1557160 secs] [Times: user=0.15 sys=0.00, real=0.15 secs] 
2011-08-25T19:13:58.252+0100: 48219.728: [CMS-concurrent-mark-start]
2011-08-25T19:13:59.205+0100: 48220.681: [CMS-concurrent-mark: 0.953/0.953 secs] [Times: user=3.77 sys=0.02, real=0.95 secs] 
2011-08-25T19:13:59.205+0100: 48220.681: [CMS-concurrent-preclean-start]
2011-08-25T19:13:59.209+0100: 48220.685: [CMS-concurrent-preclean: 0.003/0.004 secs] [Times: user=0.01 sys=0.00, real=0.00 secs] 
2011-08-25T19:13:59.209+0100: 48220.685: [CMS-concurrent-abortable-preclean-start]
 CMS: abort preclean due to time 2011-08-25T19:14:04.474+0100: 48225.951: [CMS-concurrent-abortable-preclean: 4.447/5.265 secs] [Times: user=4.55 sys=0.04, real=5.26 secs] 
2011-08-25T19:14:04.475+0100: 48225.952: [GC[YG occupancy: 189734 K (1188864 K)]48225.952: [Rescan (parallel) , 0.0536140 secs]48226.005: [weak refs processing, 0.0000290 secs] [1 CMS-remark: 682655K(776192K)] 872389K(1965056K), 0.0537920 secs] [Times: user=0.28 sys=0.02, real=0.06 secs] 
2011-08-25T19:14:04.529+0100: 48226.006: [CMS-concurrent-sweep-start]
2011-08-25T19:14:05.630+0100: 48227.106: [CMS-concurrent-sweep: 1.100/1.100 secs] [Times: user=1.15 sys=0.01, real=1.10 secs] 
2011-08-25T19:14:05.630+0100: 48227.106: [CMS-concurrent-reset-start]
2011-08-25T19:14:05.642+0100: 48227.118: [CMS-concurrent-reset: 0.012/0.012 secs] [Times: user=0.01 sys=0.00, real=0.01 secs] 
2011-08-25T19:16:07.731+0100: 48349.207: [GC 48349.207: [ParNew: 1188406K->132096K(1188864K), 0.3029370 secs] 1688483K->678769K(1965056K), 0.3032010 secs] [Times: user=1.20 sys=0.01, real=0.30 secs] 
2011-08-25T19:17:47.649+0100: 48449.126: [GC 48449.126: [ParNew: 1188864K->132096K(1188864K), 0.2948150 secs] 1735537K->726072K(1965056K), 0.2951020 secs] [Times: user=1.16 sys=0.01, real=0.30 secs] 
2011-08-25T19:19:32.517+0100: 48553.993: [GC 48553.994: [ParNew: 1188864K->132096K(1188864K), 0.2544160 secs] 1782840K->768440K(1965056K), 0.2549510 secs] [Times: user=1.15 sys=0.01, real=0.26 secs] 
2011-08-25T19:21:47.678+0100: 48689.154: [GC 48689.155: [ParNew: 1188864K->132096K(1188864K), 0.2226770 secs] 1825208K->802162K(1965056K), 0.2229940 secs] [Times: user=1.01 sys=0.00, real=0.22 secs] 
2011-08-25T19:23:24.115+0100: 48785.591: [GC 48785.591: [ParNew: 1188864K->132096K(1188864K), 0.2165220 secs] 1858930K->836752K(1965056K), 0.2168140 secs] [Times: user=1.04 sys=0.01, real=0.22 secs] 
2011-08-25T19:23:24.334+0100: 48785.811: [GC [1 CMS-initial-mark: 704656K(776192K)] 846584K(1965056K), 0.1540160 secs] [Times: user=0.15 sys=0.00, real=0.16 secs] 
2011-08-25T19:23:24.491+0100: 48785.967: [CMS-concurrent-mark-start]
2011-08-25T19:23:25.456+0100: 48786.933: [CMS-concurrent-mark: 0.965/0.965 secs] [Times: user=3.83 sys=0.02, real=0.96 secs] 
2011-08-25T19:23:25.457+0100: 48786.933: [CMS-concurrent-preclean-start]
2011-08-25T19:23:25.460+0100: 48786.936: [CMS-concurrent-preclean: 0.003/0.003 secs] [Times: user=0.00 sys=0.00, real=0.01 secs] 
2011-08-25T19:23:25.460+0100: 48786.936: [CMS-concurrent-abortable-preclean-start]
 CMS: abort preclean due to time 2011-08-25T19:23:30.668+0100: 48792.145: [CMS-concurrent-abortable-preclean: 4.085/5.208 secs] [Times: user=4.22 sys=0.03, real=5.20 secs] 
2011-08-25T19:23:30.669+0100: 48792.146: [GC[YG occupancy: 180516 K (1188864 K)]48792.146: [Rescan (parallel) , 0.0635820 secs]48792.209: [weak refs processing, 0.0000400 secs] [1 CMS-remark: 704656K(776192K)] 885172K(1965056K), 0.0637620 secs] [Times: user=0.28 sys=0.05, real=0.06 secs] 
2011-08-25T19:23:30.734+0100: 48792.210: [CMS-concurrent-sweep-start]
2011-08-25T19:23:31.833+0100: 48793.309: [CMS-concurrent-sweep: 1.099/1.099 secs] [Times: user=1.11 sys=0.01, real=1.10 secs] 
2011-08-25T19:23:31.833+0100: 48793.310: [CMS-concurrent-reset-start]
2011-08-25T19:23:31.846+0100: 48793.322: [CMS-concurrent-reset: 0.012/0.012 secs] [Times: user=0.01 sys=0.00, real=0.01 secs] 
2011-08-25T19:25:46.648+0100: 48928.124: [GC 48928.124: [ParNew: 1188864K->132096K(1188864K), 0.2141830 secs] 1686065K->660177K(1965056K), 0.2144650 secs] [Times: user=1.03 sys=0.01, real=0.21 secs] 
2011-08-25T19:27:16.586+0100: 49018.063: [GC 49018.063: [ParNew: 1188864K->132096K(1188864K), 0.1939060 secs] 1716945K->687880K(1965056K), 0.1941920 secs] [Times: user=1.00 sys=0.01, real=0.19 secs] 
2011-08-25T19:29:27.516+0100: 49148.993: [GC 49148.993: [ParNew: 1188864K->132096K(1188864K), 0.1862110 secs] 1744648K->716353K(1965056K), 0.1864920 secs] [Times: user=1.03 sys=0.01, real=0.19 secs] 
2011-08-25T19:31:07.562+0100: 49249.039: [GC 49249.039: [ParNew: 1188864K->132096K(1188864K), 0.1639840 secs] 1773121K->736942K(1965056K), 0.1642990 secs] [Times: user=0.91 sys=0.01, real=0.16 secs] 
2011-08-25T19:33:07.568+0100: 49369.044: [GC 49369.044: [ParNew: 1188864K->132096K(1188864K), 0.1852990 secs] 1793710K->761076K(1965056K), 0.1855670 secs] [Times: user=0.98 sys=0.00, real=0.19 secs] 
2011-08-25T19:35:37.744+0100: 49519.220: [GC 49519.220: [ParNew: 1188864K->132096K(1188864K), 0.1900080 secs] 1817844K->785666K(1965056K), 0.1903240 secs] [Times: user=1.00 sys=0.00, real=0.19 secs] 
2011-08-25T19:37:16.510+0100: 49617.986: [GC 49617.986: [ParNew: 1188864K->132096K(1188864K), 0.2409240 secs] 1842434K->824454K(1965056K), 0.2412220 secs] [Times: user=1.07 sys=0.01, real=0.25 secs] 
2011-08-25T19:37:16.752+0100: 49618.228: [GC [1 CMS-initial-mark: 692358K(776192K)] 824459K(1965056K), 0.1925790 secs] [Times: user=0.18 sys=0.00, real=0.19 secs] 
2011-08-25T19:37:16.945+0100: 49618.421: [CMS-concurrent-mark-start]
2011-08-25T19:37:17.897+0100: 49619.373: [CMS-concurrent-mark: 0.952/0.952 secs] [Times: user=3.86 sys=0.03, real=0.95 secs] 
2011-08-25T19:37:17.897+0100: 49619.373: [CMS-concurrent-preclean-start]
2011-08-25T19:37:17.903+0100: 49619.379: [CMS-concurrent-preclean: 0.005/0.005 secs] [Times: user=0.00 sys=0.00, real=0.01 secs] 
2011-08-25T19:37:17.903+0100: 49619.379: [CMS-concurrent-abortable-preclean-start]
 CMS: abort preclean due to time 2011-08-25T19:37:22.945+0100: 49624.422: [CMS-concurrent-abortable-preclean: 3.917/5.043 secs] [Times: user=4.00 sys=0.03, real=5.04 secs] 
2011-08-25T19:37:22.946+0100: 49624.423: [GC[YG occupancy: 194937 K (1188864 K)]49624.423: [Rescan (parallel) , 0.0934120 secs]49624.516: [weak refs processing, 0.0000470 secs] [1 CMS-remark: 692358K(776192K)] 887295K(1965056K), 0.0936540 secs] [Times: user=0.35 sys=0.08, real=0.09 secs] 
2011-08-25T19:37:23.041+0100: 49624.517: [CMS-concurrent-sweep-start]
2011-08-25T19:37:24.135+0100: 49625.611: [CMS-concurrent-sweep: 1.094/1.094 secs] [Times: user=1.11 sys=0.01, real=1.10 secs] 
2011-08-25T19:37:24.135+0100: 49625.611: [CMS-concurrent-reset-start]
2011-08-25T19:37:24.147+0100: 49625.623: [CMS-concurrent-reset: 0.012/0.012 secs] [Times: user=0.01 sys=0.00, real=0.01 secs] 
2011-08-25T19:39:47.584+0100: 49769.061: [GC 49769.061: [ParNew: 1188864K->132096K(1188864K), 0.3104420 secs] 1682363K->678626K(1965056K), 0.3107350 secs] [Times: user=1.23 sys=0.03, real=0.31 secs] 
2011-08-25T19:41:47.586+0100: 49889.062: [GC 49889.063: [ParNew: 1188864K->132096K(1188864K), 0.2818680 secs] 1735394K->727626K(1965056K), 0.2821630 secs] [Times: user=1.17 sys=0.02, real=0.28 secs] 
2011-08-25T19:43:37.775+0100: 49999.252: [GC 49999.252: [ParNew: 1188864K->132096K(1188864K), 0.2780120 secs] 1784394K->773720K(1965056K), 0.2782830 secs] [Times: user=1.16 sys=0.01, real=0.28 secs] 
2011-08-25T19:45:40.583+0100: 50122.059: [GC 50122.059: [ParNew: 1188864K->132095K(1188864K), 0.2912840 secs] 1830488K->818605K(1965056K), 0.2915320 secs] [Times: user=1.13 sys=0.00, real=0.29 secs] 
2011-08-25T19:45:40.875+0100: 50122.352: [GC [1 CMS-initial-mark: 686509K(776192K)] 818716K(1965056K), 0.1701950 secs] [Times: user=0.17 sys=0.00, real=0.17 secs] 
2011-08-25T19:45:41.046+0100: 50122.522: [CMS-concurrent-mark-start]
2011-08-25T19:45:42.000+0100: 50123.477: [CMS-concurrent-mark: 0.954/0.954 secs] [Times: user=3.79 sys=0.02, real=0.96 secs] 
2011-08-25T19:45:42.000+0100: 50123.477: [CMS-concurrent-preclean-start]
2011-08-25T19:45:42.004+0100: 50123.480: [CMS-concurrent-preclean: 0.003/0.003 secs] [Times: user=0.01 sys=0.00, real=0.00 secs] 
2011-08-25T19:45:42.004+0100: 50123.480: [CMS-concurrent-abortable-preclean-start]
 CMS: abort preclean due to time 2011-08-25T19:45:47.306+0100: 50128.782: [CMS-concurrent-abortable-preclean: 4.586/5.302 secs] [Times: user=4.66 sys=0.05, real=5.30 secs] 
2011-08-25T19:45:47.307+0100: 50128.783: [GC[YG occupancy: 162392 K (1188864 K)]50128.783: [Rescan (parallel) , 0.0737770 secs]50128.857: [weak refs processing, 0.0000330 secs] [1 CMS-remark: 686509K(776192K)] 848902K(1965056K), 0.0739860 secs] [Times: user=0.28 sys=0.02, real=0.07 secs] 
2011-08-25T19:45:47.381+0100: 50128.858: [CMS-concurrent-sweep-start]
2011-08-25T19:45:48.483+0100: 50129.959: [CMS-concurrent-sweep: 1.101/1.101 secs] [Times: user=1.34 sys=0.02, real=1.10 secs] 
2011-08-25T19:45:48.483+0100: 50129.959: [CMS-concurrent-reset-start]
2011-08-25T19:45:48.495+0100: 50129.971: [CMS-concurrent-reset: 0.012/0.012 secs] [Times: user=0.01 sys=0.00, real=0.01 secs] 
2011-08-25T19:47:36.386+0100: 50237.862: [GC 50237.862: [ParNew: 1188863K->132096K(1188864K), 0.2748980 secs] 1684974K->674132K(1965056K), 0.2752050 secs] [Times: user=1.16 sys=0.00, real=0.28 secs] 
2011-08-25T19:49:47.595+0100: 50369.071: [GC 50369.071: [ParNew: 1188864K->132096K(1188864K), 0.2846920 secs] 1730900K->720706K(1965056K), 0.2849630 secs] [Times: user=1.20 sys=0.01, real=0.28 secs] 
2011-08-25T19:51:34.626+0100: 50476.102: [GC 50476.102: [ParNew: 1188864K->132096K(1188864K), 0.2024370 secs] 1777474K->750689K(1965056K), 0.2027210 secs] [Times: user=1.03 sys=0.01, real=0.20 secs] 
2011-08-25T19:53:46.472+0100: 50607.948: [GC 50607.948: [ParNew: 1188864K->132096K(1188864K), 0.2209490 secs] 1807457K->780345K(1965056K), 0.2212680 secs] [Times: user=1.06 sys=0.01, real=0.22 secs] 
2011-08-25T19:55:36.923+0100: 50718.399: [GC 50718.400: [ParNew: 1188864K->132096K(1188864K), 0.1934340 secs] 1837113K->799152K(1965056K), 0.1937620 secs] [Times: user=0.98 sys=0.01, real=0.19 secs] 
2011-08-25T19:57:37.593+0100: 50839.069: [GC 50839.070: [ParNew: 1188864K->132096K(1188864K), 0.1499010 secs] 1855920K->818416K(1965056K), 0.1501990 secs] [Times: user=0.92 sys=0.01, real=0.15 secs] 
2011-08-25T19:57:37.745+0100: 50839.221: [GC [1 CMS-initial-mark: 686320K(776192K)] 829861K(1965056K), 0.1848640 secs] [Times: user=0.19 sys=0.00, real=0.19 secs] 
2011-08-25T19:57:37.930+0100: 50839.406: [CMS-concurrent-mark-start]
2011-08-25T19:57:38.894+0100: 50840.370: [CMS-concurrent-mark: 0.964/0.964 secs] [Times: user=3.88 sys=0.03, real=0.96 secs] 
2011-08-25T19:57:38.894+0100: 50840.371: [CMS-concurrent-preclean-start]
2011-08-25T19:57:38.900+0100: 50840.376: [CMS-concurrent-preclean: 0.005/0.005 secs] [Times: user=0.01 sys=0.00, real=0.01 secs] 
2011-08-25T19:57:38.900+0100: 50840.376: [CMS-concurrent-abortable-preclean-start]
 CMS: abort preclean due to time 2011-08-25T19:57:43.952+0100: 50845.429: [CMS-concurrent-abortable-preclean: 4.438/5.052 secs] [Times: user=4.51 sys=0.02, real=5.05 secs] 
2011-08-25T19:57:43.954+0100: 50845.430: [GC[YG occupancy: 179384 K (1188864 K)]50845.430: [Rescan (parallel) , 0.0869520 secs]50845.517: [weak refs processing, 0.0000360 secs] [1 CMS-remark: 686320K(776192K)] 865705K(1965056K), 0.0871700 secs] [Times: user=0.31 sys=0.05, real=0.09 secs] 
2011-08-25T19:57:44.041+0100: 50845.518: [CMS-concurrent-sweep-start]
2011-08-25T19:57:45.183+0100: 50846.660: [CMS-concurrent-sweep: 1.142/1.142 secs] [Times: user=1.17 sys=0.01, real=1.14 secs] 
2011-08-25T19:57:45.184+0100: 50846.660: [CMS-concurrent-reset-start]
2011-08-25T19:57:45.201+0100: 50846.678: [CMS-concurrent-reset: 0.018/0.018 secs] [Times: user=0.02 sys=0.00, real=0.02 secs] 
2011-08-25T19:59:37.540+0100: 50959.016: [GC 50959.016: [ParNew: 1188864K->132096K(1188864K), 0.1422840 secs] 1686042K->647082K(1965056K), 0.1425720 secs] [Times: user=0.92 sys=0.01, real=0.14 secs] 
2011-08-25T20:05:05.399+0100: 51286.876: [GC 51286.876: [ParNew: 1188864K->119029K(1188864K), 0.1976500 secs] 1703850K->665722K(1965056K), 0.1979600 secs] [Times: user=0.87 sys=0.01, real=0.20 secs] 
2011-08-25T20:20:05.456+0100: 52186.932: [GC 52186.933: [ParNew: 1175797K->91865K(1188864K), 0.2348330 secs] 1722490K->685451K(1965056K), 0.2351200 secs] [Times: user=0.73 sys=0.01, real=0.23 secs] 
2011-08-25T20:35:07.584+0100: 53089.061: [GC 53089.061: [ParNew: 1148633K->63260K(1188864K), 0.0565880 secs] 1742219K->656846K(1965056K), 0.0569000 secs] [Times: user=0.38 sys=0.00, real=0.06 secs] 
2011-08-25T20:49:07.725+0100: 53929.202: [GC 53929.202: [ParNew: 1120028K->91101K(1188864K), 0.0635880 secs] 1713614K->684687K(1965056K), 0.0639020 secs] [Times: user=0.45 sys=0.00, real=0.07 secs] 
2011-08-25T21:01:47.604+0100: 54689.080: [GC 54689.080: [ParNew: 1147869K->80252K(1188864K), 0.1569240 secs] 1741455K->703054K(1965056K), 0.1572450 secs] [Times: user=0.61 sys=0.01, real=0.15 secs] 
2011-08-25T21:14:45.514+0100: 55466.990: [GC 55466.990: [ParNew: 1137020K->90666K(1188864K), 0.0833540 secs] 1759822K->713468K(1965056K), 0.0836150 secs] [Times: user=0.46 sys=0.00, real=0.08 secs] 
2011-08-25T21:28:45.539+0100: 56307.015: [GC 56307.016: [ParNew: 1147434K->112980K(1188864K), 0.0877220 secs] 1770236K->742909K(1965056K), 0.0880180 secs] [Times: user=0.56 sys=0.00, real=0.09 secs] 
2011-08-25T21:41:47.519+0100: 57088.995: [GC 57088.995: [ParNew: 1169748K->114829K(1188864K), 0.0979130 secs] 1799677K->755329K(1965056K), 0.0982040 secs] [Times: user=0.62 sys=0.01, real=0.10 secs] 
2011-08-25T21:57:45.145+0100: 58046.622: [GC 58046.622: [ParNew: 1171597K->99714K(1188864K), 0.1275110 secs] 1812097K->758222K(1965056K), 0.1278060 secs] [Times: user=0.59 sys=0.01, real=0.13 secs] 
2011-08-25T22:15:08.039+0100: 59089.516: [GC 59089.516: [ParNew: 1156482K->77530K(1188864K), 0.1133570 secs] 1814990K->752845K(1965056K), 0.1136990 secs] [Times: user=0.45 sys=0.01, real=0.12 secs] 
2011-08-25T22:37:07.562+0100: 60409.038: [GC 60409.039: [ParNew: 1134298K->69339K(1188864K), 0.0550540 secs] 1809613K->744655K(1965056K), 0.0553520 secs] [Times: user=0.33 sys=0.00, real=0.05 secs] 
2011-08-25T22:58:47.494+0100: 61708.971: [GC 61708.971: [ParNew: 1126107K->80718K(1188864K), 0.0471500 secs] 1801423K->756033K(1965056K), 0.0474600 secs]
