62134.787: [GC 62134.787: [ParNew: 2412343K->156892K(2534400K), 0.1512710 secs] 7042716K->4797945K(10982400K), 0.1519400 secs] [Times: user=0.72 sys=0.01, real=0.15 secs] 
62146.152: [GC 62146.153: [ParNew: 2409692K->85890K(2534400K), 0.1156140 secs] 7050745K->4757417K(10982400K), 0.1162560 secs] [Times: user=0.64 sys=0.01, real=0.12 secs] 
62211.290: [GC 62211.292: [ParNew: 2338690K->281600K(2534400K), 0.1887300 secs] 7010217K->4993012K(10982400K), 0.1919850 secs] [Times: user=1.23 sys=0.01, real=0.19 secs] 
62245.279: [GC 62245.280: [ParNew: 2534400K->281600K(2534400K), 0.2891790 secs] 7245812K->5238844K(10982400K), 0.2919820 secs] [Times: user=1.89 sys=0.04, real=0.29 secs] 
62246.432: [GC 62246.434: [ParNew: 2534400K->229657K(2534400K), 0.1863940 secs] 7491644K->5365897K(10982400K), 0.1898330 secs] [Times: user=1.39 sys=0.04, real=0.19 secs] 
62246.630: [GC [1 CMS-initial-mark: 5136239K(8448000K)] 5366202K(10982400K), 0.1810170 secs] [Times: user=0.18 sys=0.00, real=0.18 secs] 
62248.167: [GC 62248.168: [ParNew: 2482457K->184845K(2534400K), 0.0962810 secs] 7618697K->5321085K(10982400K), 0.0984730 secs] [Times: user=0.83 sys=0.01, real=0.10 secs] 
62249.276: [GC 62249.278: [ParNew: 2437645K->177630K(2534400K), 0.1463770 secs] 7573885K->5361208K(10982400K), 0.1490930 secs] [Times: user=1.14 sys=0.01, real=0.15 secs] 
62250.262: [GC 62250.263: [ParNew: 2430645K->138057K(2534400K), 0.0711710 secs] 7614224K->5321636K(10982400K), 0.0730590 secs] [Times: user=0.66 sys=0.00, real=0.07 secs] 
62250.345: [GC 62250.346: [ParNew: 142576K->141259K(2534400K), 0.0305890 secs] 5326155K->5324838K(10982400K), 0.0330820 secs] [Times: user=0.63 sys=0.01, real=0.04 secs] 
62251.954: [GC 62251.955: [ParNew: 2394059K->120891K(2534400K), 0.0909890 secs] 7577638K->5333186K(10982400K), 0.0927580 secs] [Times: user=0.84 sys=0.01, real=0.09 secs] 
62253.105: [GC[YG occupancy: 1655877 K (2534400 K)]62253.106: [Rescan (parallel) , 0.4786020 secs]62253.585: [weak refs processing, 0.1175450 secs] [1 CMS-remark: 5212294K(8448000K)] 6868172K(10982400K), 0.5986920 secs] [Times: user=9.76 sys=0.03, real=0.60 secs] 
62254.196: [GC 62254.197: [ParNew: 2373691K->79405K(2534400K), 0.0564290 secs] 7565102K->5288983K(10982400K), 0.0582820 secs] [Times: user=0.61 sys=0.00, real=0.06 secs] 
62256.718: [GC 62256.719: [ParNew: 2332205K->81932K(2534400K), 0.0593760 secs] 7352579K->5117221K(10982400K), 0.0613030 secs] [Times: user=0.71 sys=0.01, real=0.07 secs] 
62260.447: [GC 62260.448: [ParNew: 2334732K->84880K(2534400K), 0.0474140 secs] 7031588K->4781779K(10982400K), 0.0493510 secs] [Times: user=0.58 sys=0.01, real=0.05 secs] 
62264.009: [GC 62264.010: [ParNew: 2337680K->91796K(2534400K), 0.0528010 secs] 7034579K->4797570K(10982400K), 0.0548490 secs] [Times: user=0.56 sys=0.00, real=0.06 secs] 
62273.155: [GC 62273.157: [ParNew: 2344596K->105511K(2534400K), 0.0692140 secs] 7050370K->4821598K(10982400K), 0.0712780 secs] [Times: user=0.65 sys=0.00, real=0.07 secs] 
62282.024: [GC 62282.025: [ParNew: 2358311K->123649K(2534400K), 0.0775190 secs] 7074398K->4850717K(10982400K), 0.0795370 secs] [Times: user=0.76 sys=0.01, real=0.08 secs] 
62288.777: [GC 62288.778: [ParNew: 2376449K->120131K(2534400K), 0.0678160 secs] 7103517K->4866848K(10982400K), 0.0698120 secs] [Times: user=0.62 sys=0.00, real=0.07 secs] 
62296.254: [GC 62296.256: [ParNew: 2372895K->111712K(2534400K), 0.0685810 secs] 7119611K->4868460K(10982400K), 0.0714780 secs] [Times: user=0.65 sys=0.00, real=0.08 secs] 
62306.287: [GC 62306.289: [ParNew: 2364512K->108326K(2534400K), 0.1047200 secs] 7121260K->4886583K(10982400K), 0.1076350 secs] [Times: user=0.80 sys=0.01, real=0.10 secs] 
62313.546: [GC 62313.548: [ParNew: 2361126K->106546K(2534400K), 0.0872570 secs] 7139383K->4897670K(10982400K), 0.0901320 secs] [Times: user=0.68 sys=0.00, real=0.09 secs] 
62321.133: [GC 62321.134: [ParNew: 2359346K->89464K(2534400K), 0.0809500 secs] 7150470K->4896056K(10982400K), 0.0838300 secs] [Times: user=0.74 sys=0.01, real=0.08 secs] 
62330.905: [GC 62330.906: [ParNew: 2342264K->113060K(2534400K), 0.0831760 secs] 7148856K->4932853K(10982400K), 0.0860490 secs] [Times: user=0.75 sys=0.01, real=0.09 secs] 
62341.645: [GC 62341.647: [ParNew: 2365860K->84154K(2534400K), 0.0842050 secs] 7185653K->4917264K(10982400K), 0.0870750 secs] [Times: user=0.67 sys=0.01, real=0.09 secs] 
62349.091: [GC 62349.092: [ParNew: 2336954K->83043K(2534400K), 0.0744990 secs] 7170064K->4925095K(10982400K), 0.0772450 secs] [Times: user=0.70 sys=0.00, real=0.08 secs] 
62360.043: [GC 62360.045: [ParNew: 2335843K->77639K(2534400K), 0.0742140 secs] 7177895K->4927531K(10982400K), 0.0770060 secs] [Times: user=0.60 sys=0.00, real=0.08 secs] 
62368.421: [GC 62368.423: [ParNew: 2330439K->77792K(2534400K), 0.0603620 secs] 7180331K->4940042K(10982400K), 0.0628700 secs] [Times: user=0.60 sys=0.01, real=0.06 secs] 
62372.671: [GC 62372.673: [ParNew: 2330592K->66913K(2534400K), 0.0712070 secs] 7192842K->4937365K(10982400K), 0.0739050 secs] [Times: user=0.66 sys=0.00, real=0.07 secs] 
62379.491: [GC 62379.493: [ParNew: 2319713K->70123K(2534400K), 0.0678980 secs] 7190165K->4948195K(10982400K), 0.0706910 secs] [Times: user=0.57 sys=0.00, real=0.07 secs] 
62383.750: [GC 62383.752: [ParNew: 2322923K->61696K(2534400K), 0.0615330 secs] 7200995K->4950869K(10982400K), 0.0642400 secs] [Times: user=0.56 sys=0.00, real=0.06 secs] 
62393.730: [GC 62393.732: [ParNew: 2314496K->61972K(2534400K), 0.0687330 secs] 7203669K->4955982K(10982400K), 0.0714460 secs] [Times: user=0.60 sys=0.01, real=0.07 secs] 
62403.110: [GC 62403.111: [ParNew: 2314772K->64749K(2534400K), 0.0697770 secs] 7208782K->4963377K(10982400K), 0.0721470 secs] [Times: user=0.56 sys=0.00, real=0.08 secs] 
62414.237: [GC 62414.238: [ParNew: 2317549K->67757K(2534400K), 0.0725500 secs] 7216177K->4972342K(10982400K), 0.0754350 secs] [Times: user=0.58 sys=0.00, real=0.07 secs] 
62423.170: [GC 62423.171: [ParNew: 2320557K->65497K(2534400K), 0.0659300 secs] 7225142K->4976125K(10982400K), 0.0684400 secs] [Times: user=0.64 sys=0.00, real=0.07 secs] 
62434.179: [GC 62434.180: [ParNew: 2318297K->69894K(2534400K), 0.0721810 secs] 7228925K->4990812K(10982400K), 0.0745320 secs] [Times: user=0.59 sys=0.01, real=0.07 secs] 
62444.285: [GC 62444.287: [ParNew: 2322694K->72875K(2534400K), 0.0732350 secs] 7243612K->4998712K(10982400K), 0.0759520 secs] [Times: user=0.60 sys=0.00, real=0.08 secs] 
62452.922: [GC 62452.924: [ParNew: 2325675K->136727K(2534400K), 0.0696990 secs] 7251512K->5067811K(10982400K), 0.0724580 secs] [Times: user=0.88 sys=0.00, real=0.07 secs] 
62456.888: [GC 62456.890: [ParNew: 2389527K->98750K(2534400K), 0.0598880 secs] 7320611K->5038027K(10982400K), 0.0622310 secs] [Times: user=0.68 sys=0.00, real=0.07 secs] 
62464.661: [GC 62464.662: [ParNew: 2351550K->69808K(2534400K), 0.0762420 secs] 7290827K->5021880K(10982400K), 0.0786280 secs] [Times: user=0.59 sys=0.00, real=0.07 secs] 
62475.648: [GC 62475.649: [ParNew: 2322608K->59077K(2534400K), 0.0682820 secs] 7274680K->5019892K(10982400K), 0.0710350 secs] [Times: user=0.52 sys=0.00, real=0.07 secs] 
62487.895: [GC 62487.896: [ParNew: 2311877K->57782K(2534400K), 0.0791800 secs] 7272692K->5024356K(10982400K), 0.0817710 secs] [Times: user=0.66 sys=0.00, real=0.08 secs] 
62496.135: [GC 62496.136: [ParNew: 2310582K->69569K(2534400K), 0.0721370 secs] 7277156K->5038282K(10982400K), 0.0745470 secs] [Times: user=0.63 sys=0.00, real=0.08 secs] 
62500.379: [GC 62500.380: [ParNew: 2322369K->155455K(2534400K), 0.1351870 secs] 7291082K->5130114K(10982400K), 0.1379030 secs] [Times: user=0.69 sys=0.01, real=0.14 secs] 
62506.416: [GC 62506.418: [ParNew: 2408255K->113898K(2534400K), 0.1049660 secs] 7382914K->5094378K(10982400K), 0.1077300 secs] [Times: user=0.58 sys=0.00, real=0.11 secs] 
62512.801: [GC 62512.803: [ParNew: 2366698K->150474K(2534400K), 0.1474080 secs] 7347178K->5138460K(10982400K), 0.1501940 secs] [Times: user=0.73 sys=0.00, real=0.15 secs] 
62523.133: [GC 62523.134: [ParNew: 2403274K->59256K(2534400K), 0.0885670 secs] 7391260K->5056398K(10982400K), 0.0913170 secs] [Times: user=0.73 sys=0.01, real=0.09 secs] 
62534.807: [GC 62534.808: [ParNew: 2312056K->53364K(2534400K), 0.0669900 secs] 7309198K->5056090K(10982400K), 0.0693400 secs] [Times: user=0.54 sys=0.00, real=0.07 secs] 
62550.280: [GC 62550.282: [ParNew: 2306164K->57908K(2534400K), 0.0719500 secs] 7308890K->5064674K(10982400K), 0.0746960 secs] [Times: user=0.59 sys=0.00, real=0.08 secs] 
62563.820: [GC 62563.821: [ParNew: 2310708K->67271K(2534400K), 0.0666910 secs] 7317474K->5077960K(10982400K), 0.0690410 secs] [Times: user=0.53 sys=0.01, real=0.07 secs] 
62571.929: [GC 62571.931: [ParNew: 2320071K->99321K(2534400K), 0.0977720 secs] 7330760K->5115684K(10982400K), 0.1003270 secs] [Times: user=0.67 sys=0.01, real=0.10 secs] 
62581.302: [GC 62581.303: [ParNew: 2352121K->72965K(2534400K), 0.0764270 secs] 7368484K->5096241K(10982400K), 0.0787510 secs] [Times: user=0.65 sys=0.00, real=0.08 secs] 
62591.428: [GC 62591.429: [ParNew: 2325765K->66024K(2534400K), 0.0730910 secs] 7349041K->5096492K(10982400K), 0.0757610 secs] [Times: user=0.50 sys=0.01, real=0.08 secs] 
62601.727: [GC 62601.729: [ParNew: 2318693K->57423K(2534400K), 0.0730250 secs] 7349160K->5093858K(10982400K), 0.0756880 secs] [Times: user=0.64 sys=0.00, real=0.08 secs] 
62608.749: [GC 62608.750: [ParNew: 2310223K->54096K(2534400K), 0.0585220 secs] 7346658K->5098536K(10982400K), 0.0611930 secs] [Times: user=0.54 sys=0.01, real=0.06 secs] 
62617.975: [GC 62617.976: [ParNew: 2306896K->57687K(2534400K), 0.0640920 secs] 7351336K->5107516K(10982400K), 0.0667550 secs] [Times: user=0.54 sys=0.01, real=0.06 secs] 
62627.287: [GC 62627.288: [ParNew: 2310487K->61850K(2534400K), 0.0587000 secs] 7360316K->5117211K(10982400K), 0.0613700 secs] [Times: user=0.51 sys=0.01, real=0.06 secs] 
62632.239: [GC 62632.240: [ParNew: 2314650K->51536K(2534400K), 0.0599220 secs] 7370011K->5115357K(10982400K), 0.0625790 secs] [Times: user=0.63 sys=0.01, real=0.06 secs] 
62638.735: [GC 62638.736: [ParNew: 2304336K->59973K(2534400K), 0.0541980 secs] 7368157K->5130037K(10982400K), 0.0565230 secs] [Times: user=0.50 sys=0.01, real=0.06 secs] 
62638.799: [GC [1 CMS-initial-mark: 5070063K(8448000K)] 5130329K(10982400K), 0.0931740 secs] [Times: user=0.09 sys=0.00, real=0.09 secs] 
62646.268: [GC[YG occupancy: 2235139 K (2534400 K)]62646.269: [Rescan (parallel) , 1.6313290 secs]62647.901: [weak refs processing, 0.0823570 secs] [1 CMS-remark: 5070063K(8448000K)] 7305203K(10982400K), 1.7165750 secs] [Times: user=33.14 sys=0.12, real=1.72 secs] 
62648.023: [GC 62648.024: [ParNew: 2312773K->55311K(2534400K), 0.0744620 secs] 7382397K->5134264K(10982400K), 0.0771310 secs] [Times: user=0.55 sys=0.00, real=0.08 secs] 
62661.266: [GC 62661.268: [ParNew: 2308111K->46673K(2534400K), 0.0641750 secs] 6662134K->4402612K(10982400K), 0.0668830 secs] [Times: user=0.49 sys=0.01, real=0.07 secs] 
62671.786: [GC 62671.787: [ParNew: 2299473K->46483K(2534400K), 0.0610570 secs] 6655412K->4404870K(10982400K), 0.0634210 secs] [Times: user=0.55 sys=0.01, real=0.06 secs] 
62686.182: [GC 62686.183: [ParNew: 2299283K->63807K(2534400K), 0.0767170 secs] 6657670K->4423630K(10982400K), 0.0793930 secs] [Times: user=0.68 sys=0.01, real=0.08 secs] 
62694.873: [GC 62694.874: [ParNew: 2316607K->54170K(2534400K), 0.0651210 secs] 6676430K->4416973K(10982400K), 0.0677900 secs] [Times: user=0.55 sys=0.01, real=0.07 secs] 
62703.457: [GC 62703.458: [ParNew: 2306969K->53009K(2534400K), 0.0757950 secs] 6669771K->4421475K(10982400K), 0.0784450 secs] [Times: user=0.60 sys=0.00, real=0.07 secs] 
62710.503: [GC 62710.504: [ParNew: 2305809K->48302K(2534400K), 0.0649770 secs] 6674275K->4423758K(10982400K), 0.0676190 secs] [Times: user=0.61 sys=0.00, real=0.07 secs] 
62717.258: [GC 62717.259: [ParNew: 2301102K->43765K(2534400K), 0.0614190 secs] 6676558K->4426463K(10982400K), 0.0640740 secs] [Times: user=0.59 sys=0.00, real=0.07 secs] 
62727.500: [GC 62727.502: [ParNew: 2296565K->48906K(2534400K), 0.0637720 secs] 6679263K->4435243K(10982400K), 0.0664590 secs] [Times: user=0.60 sys=0.01, real=0.07 secs] 
62738.466: [GC 62738.467: [ParNew: 2301706K->57998K(2534400K), 0.0710010 secs] 6688043K->4448543K(10982400K), 0.0736320 secs] [Times: user=0.63 sys=0.00, real=0.07 secs] 
62748.809: [GC 62748.811: [ParNew: 2310798K->61701K(2534400K), 0.0650170 secs] 6701343K->4454395K(10982400K), 0.0676750 secs] [Times: user=0.54 sys=0.01, real=0.07 secs] 
62758.618: [GC 62758.619: [ParNew: 2314501K->62842K(2534400K), 0.0630970 secs] 6707195K->4460889K(10982400K), 0.0654000 secs] [Times: user=0.60 sys=0.00, real=0.06 secs] 
62761.784: [GC 62761.785: [ParNew: 2315642K->65523K(2534400K), 0.0460260 secs] 6713689K->4470374K(10982400K), 0.0483120 secs] [Times: user=0.60 sys=0.00, real=0.05 secs] 
62763.432: [GC 62763.434: [ParNew: 2318323K->63798K(2534400K), 0.0563750 secs] 6723174K->4477923K(10982400K), 0.0589790 secs] [Times: user=0.67 sys=0.00, real=0.06 secs] 
62765.071: [GC 62765.072: [ParNew: 2316598K->82587K(2534400K), 0.0500410 secs] 6730723K->4501094K(10982400K), 0.0526650 secs] [Times: user=0.67 sys=0.01, real=0.05 secs] 
62767.556: [GC 62767.558: [ParNew: 2335387K->56131K(2534400K), 0.0405430 secs] 6753894K->4478351K(10982400K), 0.0431530 secs] [Times: user=0.55 sys=0.01, real=0.05 secs] 
62769.534: [GC 62769.535: [ParNew: 2308931K->39982K(2534400K), 0.0279310 secs] 6731151K->4464161K(10982400K), 0.0305200 secs] [Times: user=0.40 sys=0.00, real=0.03 secs] 
62777.067: [GC 62777.068: [ParNew: 2292782K->32276K(2534400K), 0.0458620 secs] 6716961K->4457140K(10982400K), 0.0485210 secs] [Times: user=0.44 sys=0.00, real=0.05 secs] 
62788.476: [GC 62788.478: [ParNew: 2285076K->51481K(2534400K), 0.0608260 secs] 6709940K->4476828K(10982400K), 0.0634870 secs] [Times: user=0.56 sys=0.00, real=0.07 secs] 
62800.487: [GC 62800.488: [ParNew: 2304281K->50227K(2534400K), 0.0645260 secs] 6729628K->4477826K(10982400K), 0.0671840 secs] [Times: user=0.56 sys=0.00, real=0.07 secs] 
62813.747: [GC 62813.748: [ParNew: 2303027K->58998K(2534400K), 0.0653000 secs] 6730626K->4488611K(10982400K), 0.0675880 secs] [Times: user=0.59 sys=0.01, real=0.07 secs] 
62823.794: [GC 62823.795: [ParNew: 2311798K->60748K(2534400K), 0.0686240 secs] 6741411K->4497628K(10982400K), 0.0709660 secs] [Times: user=0.54 sys=0.00, real=0.08 secs] 
62831.553: [GC 62831.554: [ParNew: 2313548K->49481K(2534400K), 0.0577120 secs] 6750428K->4493079K(10982400K), 0.0600220 secs] [Times: user=0.54 sys=0.00, real=0.06 secs] 
62843.352: [GC 62843.353: [ParNew: 2302281K->52809K(2534400K), 0.0655280 secs] 6745879K->4500474K(10982400K), 0.0672510 secs] [Times: user=0.63 sys=0.00, real=0.07 secs] 
62854.179: [GC 62854.180: [ParNew: 2305595K->48694K(2534400K), 0.0634530 secs] 6753260K->4503092K(10982400K), 0.0651690 secs] [Times: user=0.62 sys=0.01, real=0.07 secs] 
62862.699: [GC 62862.700: [ParNew: 2301470K->50979K(2534400K), 0.0516220 secs] 6755867K->4508675K(10982400K), 0.0534130 secs] [Times: user=0.49 sys=0.01, real=0.06 secs] 
62874.286: [GC 62874.287: [ParNew: 2303779K->59767K(2534400K), 0.0678410 secs] 6761475K->4519518K(10982400K), 0.0696830 secs] [Times: user=0.62 sys=0.01, real=0.07 secs] 
62882.797: [GC 62882.798: [ParNew: 2312567K->56475K(2534400K), 0.0647180 secs] 6772318K->4522940K(10982400K), 0.0665440 secs] [Times: user=0.53 sys=0.01, real=0.06 secs] 
62889.279: [GC 62889.280: [ParNew: 2309275K->56098K(2534400K), 0.0645120 secs] 6775740K->4529879K(10982400K), 0.0667770 secs] [Times: user=0.53 sys=0.01, real=0.07 secs] 
62896.764: [GC 62896.765: [ParNew: 2308897K->58545K(2534400K), 0.0541670 secs] 6782678K->4538032K(10982400K), 0.0559830 secs] [Times: user=0.52 sys=0.00, real=0.06 secs] 
62912.799: [GC 62912.800: [ParNew: 2311345K->53075K(2534400K), 0.0579840 secs] 6790832K->4537075K(10982400K), 0.0597880 secs] [Times: user=0.46 sys=0.00, real=0.06 secs] 
62919.949: [GC 62919.950: [ParNew: 2305875K->57916K(2534400K), 0.0654060 secs] 6789875K->4550600K(10982400K), 0.0672070 secs] [Times: user=0.52 sys=0.01, real=0.07 secs] 
62929.905: [GC 62929.906: [ParNew: 2310716K->53484K(2534400K), 0.0615480 secs] 6803400K->4548723K(10982400K), 0.0632590 secs] [Times: user=0.53 sys=0.00, real=0.06 secs] 
62939.282: [GC 62939.283: [ParNew: 2306273K->42519K(2534400K), 0.0573210 secs] 6801512K->4540823K(10982400K), 0.0591360 secs] [Times: user=0.52 sys=0.00, real=0.06 secs] 
62947.734: [GC 62947.735: [ParNew: 2295319K->43714K(2534400K), 0.0652190 secs] 6793623K->4545332K(10982400K), 0.0670340 secs] [Times: user=0.60 sys=0.00, real=0.07 secs] 
62956.417: [GC 62956.418: [ParNew: 2296514K->46058K(2534400K), 0.0653200 secs] 6798132K->4553639K(10982400K), 0.0671050 secs] [Times: user=0.61 sys=0.00, real=0.06 secs] 
62964.985: [GC 62964.986: [ParNew: 2298858K->45880K(2534400K), 0.0642690 secs] 6806439K->4557366K(10982400K), 0.0659570 secs] [Times: user=0.54 sys=0.01, real=0.07 secs] 
62976.092: [GC 62976.093: [ParNew: 2298680K->44442K(2534400K), 0.0596060 secs] 6810166K->4558168K(10982400K), 0.0613940 secs] [Times: user=0.54 sys=0.00, real=0.06 secs] 
62986.843: [GC 62986.844: [ParNew: 2297242K->51425K(2534400K), 0.0676420 secs] 6810968K->4569350K(10982400K), 0.0694170 secs] [Times: user=0.58 sys=0.00, real=0.07 secs] 
62998.288: [GC 62998.289: [ParNew: 2304225K->50222K(2534400K), 0.0605400 secs] 6822150K->4572627K(10982400K), 0.0622460 secs] [Times: user=0.48 sys=0.01, real=0.06 secs] 
63006.047: [GC 63006.048: [ParNew: 2303022K->45670K(2534400K), 0.0672370 secs] 6825427K->4571573K(10982400K), 0.0690270 secs] [Times: user=0.53 sys=0.01, real=0.07 secs] 
63012.076: [GC 63012.077: [ParNew: 2298462K->44693K(2534400K), 0.0569130 secs] 6824365K->4574934K(10982400K), 0.0587000 secs] [Times: user=0.52 sys=0.01, real=0.06 secs] 
63018.504: [GC 63018.505: [ParNew: 2297493K->44298K(2534400K), 0.0585640 secs] 6827734K->4579315K(10982400K), 0.0602590 secs] [Times: user=0.43 sys=0.00, real=0.07 secs] 
63025.053: [GC 63025.054: [ParNew: 2297098K->39649K(2534400K), 0.0553440 secs] 6832115K->4580032K(10982400K), 0.0571310 secs] [Times: user=0.53 sys=0.00, real=0.06 secs] 
63037.010: [GC 63037.011: [ParNew: 2292449K->58288K(2534400K), 0.0713500 secs] 6832832K->4601089K(10982400K), 0.0731440 secs] [Times: user=0.65 sys=0.01, real=0.07 secs] 
63046.626: [GC 63046.627: [ParNew: 2311088K->48289K(2534400K), 0.0563320 secs] 6853889K->4593959K(10982400K), 0.0581220 secs] [Times: user=0.50 sys=0.00, real=0.06 secs] 
63057.227: [GC 63057.228: [ParNew: 2301089K->51444K(2534400K), 0.0666430 secs] 6846759K->4601780K(10982400K), 0.0684610 secs] [Times: user=0.62 sys=0.01, real=0.07 secs] 
63064.656: [GC 63064.657: [ParNew: 2304244K->54693K(2534400K), 0.0587120 secs] 6854580K->4607647K(10982400K), 0.0605400 secs] [Times: user=0.51 sys=0.01, real=0.06 secs] 
63074.917: [GC 63074.918: [ParNew: 2307493K->53895K(2534400K), 0.0669780 secs] 6860447K->4613776K(10982400K), 0.0687960 secs] [Times: user=0.54 sys=0.01, real=0.07 secs] 
63083.524: [GC 63083.525: [ParNew: 2306695K->79843K(2534400K), 0.0508920 secs] 6866576K->4642054K(10982400K), 0.0525050 secs] [Times: user=0.55 sys=0.00, real=0.06 secs] 
63087.851: [GC 63087.852: [ParNew: 2332643K->80456K(2534400K), 0.0639720 secs] 6894854K->4650192K(10982400K), 0.0656600 secs] [Times: user=0.68 sys=0.00, real=0.07 secs] 
63094.632: [GC 63094.633: [ParNew: 2333226K->83878K(2534400K), 0.0550070 secs] 6902962K->4658065K(10982400K), 0.0568030 secs] [Times: user=0.55 sys=0.01, real=0.06 secs] 
63099.495: [GC 63099.496: [ParNew: 2336678K->75741K(2534400K), 0.0458160 secs] 6910865K->4654122K(10982400K), 0.0475770 secs] [Times: user=0.50 sys=0.00, real=0.05 secs] 
63105.209: [GC 63105.210: [ParNew: 2328541K->57086K(2534400K), 0.0580110 secs] 6906922K->4668218K(10982400K), 0.0597650 secs] [Times: user=0.54 sys=0.01, real=0.06 secs] 
63111.158: [GC 63111.159: [ParNew: 2309883K->40061K(2534400K), 0.0488960 secs] 6921014K->4654289K(10982400K), 0.0507130 secs] [Times: user=0.53 sys=0.00, real=0.06 secs] 
63116.067: [GC 63116.067: [ParNew: 2292861K->37421K(2534400K), 0.0449850 secs] 6907089K->4655420K(10982400K), 0.0466750 secs] [Times: user=0.50 sys=0.00, real=0.05 secs] 
63122.761: [GC 63122.762: [ParNew: 2290221K->42280K(2534400K), 0.0495620 secs] 6908220K->4661996K(10982400K), 0.0513640 secs] [Times: user=0.51 sys=0.00, real=0.05 secs] 
63134.339: [GC 63134.340: [ParNew: 2295080K->52233K(2534400K), 0.0661880 secs] 6914796K->4675097K(10982400K), 0.0679800 secs] [Times: user=0.51 sys=0.00, real=0.07 secs] 
63144.965: [GC 63144.966: [ParNew: 2305033K->54373K(2534400K), 0.0588380 secs] 6927897K->4681140K(10982400K), 0.0605380 secs] [Times: user=0.58 sys=0.00, real=0.06 secs] 
63147.579: [GC 63147.580: [ParNew: 2307173K->40136K(2534400K), 0.0416020 secs] 6933940K->4671998K(10982400K), 0.0434090 secs] [Times: user=0.55 sys=0.00, real=0.04 secs] 
63150.228: [GC 63150.229: [ParNew: 2292936K->41138K(2534400K), 0.0397730 secs] 6924798K->4679453K(10982400K), 0.0415180 secs] [Times: user=0.50 sys=0.01, real=0.04 secs] 
63153.586: [GC 63153.588: [ParNew: 2293938K->31639K(2534400K), 0.0422480 secs] 6932253K->4675606K(10982400K), 0.0440860 secs] [Times: user=0.51 sys=0.00, real=0.04 secs] 
63158.511: [GC 63158.512: [ParNew: 2284439K->24030K(2534400K), 0.0395810 secs] 6928406K->4674663K(10982400K), 0.0413500 secs] [Times: user=0.45 sys=0.01, real=0.04 secs] 
63162.243: [GC 63162.244: [ParNew: 2276830K->27248K(2534400K), 0.0355460 secs] 6927463K->4678894K(10982400K), 0.0373530 secs] [Times: user=0.45 sys=0.00, real=0.04 secs] 
63168.034: [GC 63168.034: [ParNew: 2280048K->30096K(2534400K), 0.0410290 secs] 6931694K->4682526K(10982400K), 0.0428510 secs] [Times: user=0.46 sys=0.00, real=0.04 secs] 
63172.660: [GC 63172.661: [ParNew: 2282896K->33220K(2534400K), 0.0367590 secs] 6935326K->4686357K(10982400K), 0.0384800 secs] [Times: user=0.47 sys=0.00, real=0.04 secs] 
63176.718: [GC 63176.719: [ParNew: 2286020K->32491K(2534400K), 0.0381230 secs] 6939157K->4688504K(10982400K), 0.0399070 secs] [Times: user=0.52 sys=0.01, real=0.04 secs] 
63178.291: [GC 63178.292: [ParNew: 2285291K->37360K(2534400K), 0.0656160 secs] 6941304K->4699390K(10982400K), 0.0678930 secs] [Times: user=0.61 sys=0.00, real=0.06 secs] 
63182.577: [GC 63182.578: [ParNew: 2290160K->54064K(2534400K), 0.0492710 secs] 6952190K->4718810K(10982400K), 0.0518930 secs] [Times: user=0.50 sys=0.01, real=0.05 secs] 
63184.709: [GC 63184.710: [ParNew: 2306864K->53440K(2534400K), 0.0431860 secs] 6971610K->4721206K(10982400K), 0.0457660 secs] [Times: user=0.48 sys=0.00, real=0.05 secs] 
63186.542: [GC 63186.544: [ParNew: 2306240K->63048K(2534400K), 0.0379020 secs] 6974006K->4732048K(10982400K), 0.0405180 secs] [Times: user=0.60 sys=0.00, real=0.04 secs] 
63188.485: [GC 63188.486: [ParNew: 2315848K->48063K(2534400K), 0.0384610 secs] 6984848K->4722679K(10982400K), 0.0410790 secs] [Times: user=0.48 sys=0.00, real=0.04 secs] 
63190.864: [GC 63190.866: [ParNew: 2300863K->28559K(2534400K), 0.0482200 secs] 6975479K->4717996K(10982400K), 0.0506870 secs] [Times: user=0.48 sys=0.00, real=0.05 secs] 
63194.125: [GC 63194.126: [ParNew: 2281359K->30259K(2534400K), 0.0411660 secs] 6970796K->4723263K(10982400K), 0.0434480 secs] [Times: user=0.49 sys=0.00, real=0.04 secs] 
63195.753: [GC 63195.754: [ParNew: 2283059K->27009K(2534400K), 0.0304920 secs] 6976063K->4721069K(10982400K), 0.0331180 secs] [Times: user=0.44 sys=0.00, real=0.03 secs] 
63197.654: [GC 63197.655: [ParNew: 2279809K->35900K(2534400K), 0.0304090 secs] 6973869K->4731589K(10982400K), 0.0330180 secs] [Times: user=0.43 sys=0.00, real=0.03 secs] 
63199.472: [GC 63199.473: [ParNew: 2288700K->51594K(2534400K), 0.0390220 secs] 6984389K->4749972K(10982400K), 0.0416120 secs] [Times: user=0.58 sys=0.01, real=0.05 secs] 
63201.233: [GC 63201.234: [ParNew: 2304394K->57056K(2534400K), 0.0605050 secs] 7002772K->4762004K(10982400K), 0.0631030 secs] [Times: user=0.53 sys=0.01, real=0.06 secs] 
63202.883: [GC 63202.884: [ParNew: 2309856K->17776K(2534400K), 0.0288900 secs] 7014804K->4724304K(10982400K), 0.0314700 secs] [Times: user=0.42 sys=0.00, real=0.03 secs] 
63204.430: [GC 63204.432: [ParNew: 2270576K->16750K(2534400K), 0.0253790 secs] 6977104K->4724159K(10982400K), 0.0279380 secs] [Times: user=0.38 sys=0.00, real=0.03 secs] 
63205.941: [GC 63205.942: [ParNew: 2269550K->15059K(2534400K), 0.0309800 secs] 6976959K->4724381K(10982400K), 0.0335710 secs] [Times: user=0.50 sys=0.00, real=0.04 secs] 
63207.443: [GC 63207.444: [ParNew: 2267859K->41322K(2534400K), 0.0535950 secs] 6977181K->4751389K(10982400K), 0.0561610 secs] [Times: user=0.52 sys=0.00, real=0.06 secs] 
63208.687: [GC 63208.688: [ParNew: 2294122K->20578K(2534400K), 0.0297410 secs] 7004189K->4731192K(10982400K), 0.0323270 secs] [Times: user=0.43 sys=0.00, real=0.03 secs] 
63210.075: [GC 63210.077: [ParNew: 2273378K->16373K(2534400K), 0.0327340 secs] 6983992K->4729883K(10982400K), 0.0353460 secs] [Times: user=0.44 sys=0.01, real=0.03 secs] 
63211.404: [GC 63211.405: [ParNew: 2269173K->12286K(2534400K), 0.0260650 secs] 6982683K->4726032K(10982400K), 0.0286660 secs] [Times: user=0.42 sys=0.00, real=0.03 secs] 
63212.773: [GC 63212.774: [ParNew: 2265086K->55383K(2534400K), 0.0616840 secs] 6978832K->4769521K(10982400K), 0.0639300 secs] [Times: user=0.46 sys=0.01, real=0.07 secs] 
63214.267: [GC 63214.268: [ParNew: 2308183K->91288K(2534400K), 0.0947430 secs] 7022321K->4808110K(10982400K), 0.0969710 secs] [Times: user=0.57 sys=0.00, real=0.10 secs] 
63220.095: [GC 63220.096: [ParNew: 2344088K->105130K(2534400K), 0.1152690 secs] 7060910K->4822807K(10982400K), 0.1179120 secs] [Times: user=0.58 sys=0.00, real=0.12 secs] 
63224.930: [GC 63224.931: [ParNew: 2357922K->170227K(2534400K), 0.1637090 secs] 7075599K->4888593K(10982400K), 0.1663610 secs] [Times: user=0.63 sys=0.01, real=0.17 secs] 
63232.212: [GC 63232.213: [ParNew: 2423027K->89224K(2534400K), 0.1092790 secs] 7141393K->4820064K(10982400K), 0.1117940 secs] [Times: user=0.48 sys=0.01, real=0.11 secs] 
63240.688: [GC 63240.689: [ParNew: 2342024K->29718K(2534400K), 0.0499750 secs] 7072864K->4760557K(10982400K), 0.0526010 secs] [Times: user=0.44 sys=0.00, real=0.06 secs] 
63247.143: [GC 63247.144: [ParNew: 2282518K->66878K(2534400K), 0.0571560 secs] 7013357K->4797718K(10982400K), 0.0597890 secs] [Times: user=0.56 sys=0.00, real=0.06 secs] 
63256.436: [GC 63256.438: [ParNew: 2319678K->85464K(2534400K), 0.0852800 secs] 7050518K->4816303K(10982400K), 0.0881570 secs] [Times: user=0.47 sys=0.00, real=0.09 secs] 
63266.809: [GC 63266.810: [ParNew: 2338264K->142149K(2534400K), 0.1483750 secs] 7069103K->4877646K(10982400K), 0.1510240 secs] [Times: user=0.62 sys=0.01, real=0.15 secs] 
63276.244: [GC 63276.245: [ParNew: 2394949K->134660K(2534400K), 0.1359260 secs] 7130446K->4875136K(10982400K), 0.1382250 secs] [Times: user=0.56 sys=0.01, real=0.14 secs] 
63279.928: [GC 63279.930: [ParNew: 2387460K->131579K(2534400K), 0.1245390 secs] 7127936K->4874857K(10982400K), 0.1271450 secs] [Times: user=0.60 sys=0.01, real=0.13 secs] 
63282.651: [GC 63282.652: [ParNew: 2384379K->154026K(2534400K), 0.1454280 secs] 7127657K->4902816K(10982400K), 0.1476740 secs] [Times: user=0.57 sys=0.00, real=0.15 secs] 
63287.156: [GC 63287.157: [ParNew: 2406826K->73059K(2534400K), 0.0709860 secs] 7155616K->4825696K(10982400K), 0.0736100 secs] [Times: user=0.66 sys=0.01, real=0.07 secs] 
63297.240: [GC 63297.241: [ParNew: 2325859K->55328K(2534400K), 0.0627870 secs] 7078496K->4810896K(10982400K), 0.0652240 secs] [Times: user=0.50 sys=0.01, real=0.06 secs] 
63303.902: [GC 63303.904: [ParNew: 2308128K->42573K(2534400K), 0.0551800 secs] 7063696K->4799301K(10982400K), 0.0578030 secs] [Times: user=0.47 sys=0.00, real=0.06 secs] 
63314.621: [GC 63314.622: [ParNew: 2295373K->39146K(2534400K), 0.0656940 secs] 7052101K->4799925K(10982400K), 0.0679750 secs] [Times: user=0.58 sys=0.01, real=0.06 secs] 
63325.993: [GC 63325.994: [ParNew: 2291946K->44160K(2534400K), 0.0667370 secs] 7052725K->4806300K(10982400K), 0.0693470 secs] [Times: user=0.59 sys=0.00, real=0.07 secs] 
63337.013: [GC 63337.015: [ParNew: 2296960K->47295K(2534400K), 0.0697090 secs] 7059100K->4814050K(10982400K), 0.0723710 secs] [Times: user=0.59 sys=0.01, real=0.08 secs] 
63350.257: [GC 63350.259: [ParNew: 2300095K->45073K(2534400K), 0.0755280 secs] 7066850K->4815250K(10982400K), 0.0781760 secs] [Times: user=0.62 sys=0.01, real=0.08 secs] 
63362.572: [GC 63362.573: [ParNew: 2297873K->46977K(2534400K), 0.0753730 secs] 7068050K->4821220K(10982400K), 0.0780090 secs] [Times: user=0.55 sys=0.01, real=0.08 secs] 
63370.661: [GC 63370.662: [ParNew: 2299777K->48514K(2534400K), 0.0562420 secs] 7074020K->4825579K(10982400K), 0.0589020 secs] [Times: user=0.47 sys=0.00, real=0.06 secs] 
63378.882: [GC 63378.883: [ParNew: 2301314K->40932K(2534400K), 0.0578990 secs] 7078379K->4822837K(10982400K), 0.0605230 secs] [Times: user=0.49 sys=0.01, real=0.06 secs] 
63388.059: [GC 63388.060: [ParNew: 2293731K->42499K(2534400K), 0.0530620 secs] 7075637K->4827576K(10982400K), 0.0556900 secs] [Times: user=0.45 sys=0.01, real=0.06 secs] 
63396.885: [GC 63396.886: [ParNew: 2295299K->38922K(2534400K), 0.0612420 secs] 7080376K->4827780K(10982400K), 0.0637590 secs] [Times: user=0.58 sys=0.01, real=0.06 secs] 
63407.366: [GC 63407.367: [ParNew: 2291722K->39232K(2534400K), 0.0641980 secs] 7080580K->4833425K(10982400K), 0.0668150 secs] [Times: user=0.52 sys=0.01, real=0.06 secs] 
63410.929: [GC 63410.930: [ParNew: 2292032K->62126K(2534400K), 0.0429410 secs] 7086225K->4858346K(10982400K), 0.0455520 secs] [Times: user=0.62 sys=0.00, real=0.05 secs] 
63415.161: [GC 63415.163: [ParNew: 2314926K->46031K(2534400K), 0.0375710 secs] 7111146K->4843795K(10982400K), 0.0401970 secs] [Times: user=0.43 sys=0.00, real=0.04 secs] 
63423.270: [GC 63423.271: [ParNew: 2298831K->36117K(2534400K), 0.0563410 secs] 7096595K->4836339K(10982400K), 0.0589370 secs] [Times: user=0.45 sys=0.00, real=0.06 secs] 
63433.760: [GC 63433.761: [ParNew: 2288917K->31753K(2534400K), 0.0650100 secs] 7089139K->4838062K(10982400K), 0.0676400 secs] [Times: user=0.51 sys=0.01, real=0.07 secs] 
63442.992: [GC 63442.993: [ParNew: 2284553K->37284K(2534400K), 0.0603660 secs] 7090862K->4844203K(10982400K), 0.0629920 secs] [Times: user=0.59 sys=0.01, real=0.06 secs] 
63450.895: [GC 63450.896: [ParNew: 2290084K->42012K(2534400K), 0.0509150 secs] 7097003K->4851380K(10982400K), 0.0535590 secs] [Times: user=0.49 sys=0.00, real=0.05 secs] 
63458.920: [GC 63458.922: [ParNew: 2294812K->39724K(2534400K), 0.0561830 secs] 7104180K->4852724K(10982400K), 0.0588260 secs] [Times: user=0.58 sys=0.00, real=0.06 secs] 
63468.772: [GC 63468.774: [ParNew: 2292524K->49245K(2534400K), 0.0599550 secs] 7105524K->4863477K(10982400K), 0.0622740 secs] [Times: user=0.53 sys=0.00, real=0.07 secs] 
63481.176: [GC 63481.178: [ParNew: 2302045K->109691K(2534400K), 0.0851950 secs] 7116277K->4932153K(10982400K), 0.0878190 secs] [Times: user=0.76 sys=0.00, real=0.08 secs] 
63486.852: [GC 63486.853: [ParNew: 2362491K->115101K(2534400K), 0.0676020 secs] 7184953K->4940546K(10982400K), 0.0702320 secs] [Times: user=0.69 sys=0.00, real=0.07 secs] 
63498.124: [GC 63498.125: [ParNew: 2367901K->126591K(2534400K), 0.0620180 secs] 7193346K->4954266K(10982400K), 0.0646380 secs] [Times: user=0.62 sys=0.00, real=0.07 secs] 
63507.953: [GC 63507.955: [ParNew: 2379391K->129866K(2534400K), 0.0629450 secs] 7207066K->4961525K(10982400K), 0.0655840 secs] [Times: user=0.63 sys=0.00, real=0.07 secs] 
63523.043: [GC 63523.044: [ParNew: 2382666K->96732K(2534400K), 0.1128840 secs] 7214325K->4987680K(10982400K), 0.1151980 secs] [Times: user=0.68 sys=0.02, real=0.11 secs] 
63530.385: [GC 63530.387: [ParNew: 2349532K->52715K(2534400K), 0.0527330 secs] 7240480K->4947555K(10982400K), 0.0553420 secs] [Times: user=0.54 sys=0.00, real=0.05 secs] 
63538.511: [GC 63538.512: [ParNew: 2305515K->49225K(2534400K), 0.0600360 secs] 7200355K->4951381K(10982400K), 0.0623020 secs] [Times: user=0.62 sys=0.00, real=0.06 secs] 
63543.725: [GC 63543.726: [ParNew: 2302014K->43656K(2534400K), 0.0643120 secs] 7204169K->4954723K(10982400K), 0.0669220 secs] [Times: user=0.56 sys=0.01, real=0.06 secs] 
63547.897: [GC 63547.899: [ParNew: 2296456K->37444K(2534400K), 0.0503930 secs] 7207523K->4953174K(10982400K), 0.0529590 secs] [Times: user=0.48 sys=0.01, real=0.05 secs] 
63559.229: [GC 63559.231: [ParNew: 2290244K->42492K(2534400K), 0.0613490 secs] 7205974K->4960324K(10982400K), 0.0639780 secs] [Times: user=0.55 sys=0.01, real=0.06 secs] 
63570.687: [GC 63570.689: [ParNew: 2295292K->42197K(2534400K), 0.0599110 secs] 7213124K->4963484K(10982400K), 0.0625330 secs] [Times: user=0.49 sys=0.01, real=0.07 secs] 
63578.920: [GC 63578.921: [ParNew: 2294997K->47296K(2534400K), 0.0546310 secs] 7216284K->4970002K(10982400K), 0.0572630 secs] [Times: user=0.53 sys=0.00, real=0.06 secs] 
63588.868: [GC 63588.869: [ParNew: 2300096K->49195K(2534400K), 0.0569710 secs] 7222802K->4974984K(10982400K), 0.0592620 secs] [Times: user=0.59 sys=0.01, real=0.06 secs] 
63602.087: [GC 63602.088: [ParNew: 2301995K->53129K(2534400K), 0.0691050 secs] 7227784K->4987181K(10982400K), 0.0717030 secs] [Times: user=0.54 sys=0.00, real=0.07 secs] 
63610.268: [GC 63610.269: [ParNew: 2305929K->55918K(2534400K), 0.0690110 secs] 7239981K->4991798K(10982400K), 0.0707890 secs] [Times: user=0.53 sys=0.00, real=0.07 secs] 
63623.443: [GC 63623.444: [ParNew: 2308718K->52451K(2534400K), 0.0702830 secs] 7244598K->4995323K(10982400K), 0.0720140 secs] [Times: user=0.54 sys=0.01, real=0.07 secs] 
63634.066: [GC 63634.067: [ParNew: 2305251K->51362K(2534400K), 0.0643560 secs] 7248123K->4999216K(10982400K), 0.0661390 secs] [Times: user=0.59 sys=0.00, real=0.07 secs] 
63646.247: [GC 63646.248: [ParNew: 2304162K->46938K(2534400K), 0.0670330 secs] 7252016K->5001329K(10982400K), 0.0688130 secs] [Times: user=0.55 sys=0.01, real=0.07 secs] 
63655.734: [GC 63655.735: [ParNew: 2299738K->44394K(2534400K), 0.0546270 secs] 7254129K->5001303K(10982400K), 0.0564030 secs] [Times: user=0.52 sys=0.01, real=0.05 secs] 
63664.700: [GC 63664.701: [ParNew: 2297194K->51400K(2534400K), 0.0687860 secs] 7254103K->5011990K(10982400K), 0.0706500 secs] [Times: user=0.60 sys=0.01, real=0.07 secs] 
63673.363: [GC 63673.364: [ParNew: 2304200K->47032K(2534400K), 0.0506620 secs] 7264790K->5011992K(10982400K), 0.0523490 secs] [Times: user=0.50 sys=0.00, real=0.06 secs] 
63679.084: [GC 63679.085: [ParNew: 2299832K->39314K(2534400K), 0.0547450 secs] 7264792K->5008456K(10982400K), 0.0565080 secs] [Times: user=0.56 sys=0.00, real=0.06 secs] 
63692.554: [GC 63692.555: [ParNew: 2292114K->47045K(2534400K), 0.0708410 secs] 7261256K->5021505K(10982400K), 0.0726360 secs] [Times: user=0.61 sys=0.00, real=0.07 secs] 
63699.412: [GC 63699.413: [ParNew: 2299845K->45801K(2534400K), 0.0503050 secs] 7274305K->5024033K(10982400K), 0.0520960 secs] [Times: user=0.53 sys=0.00, real=0.05 secs] 
63705.878: [GC 63705.879: [ParNew: 2298601K->66645K(2534400K), 0.0565080 secs] 7276833K->5048548K(10982400K), 0.0582910 secs] [Times: user=0.69 sys=0.00, real=0.06 secs] 
63717.951: [GC 63717.952: [ParNew: 2319445K->63673K(2534400K), 0.0675210 secs] 7301348K->5047046K(10982400K), 0.0695500 secs] [Times: user=0.66 sys=0.00, real=0.07 secs] 
63727.995: [GC 63727.996: [ParNew: 2316473K->51668K(2534400K), 0.0650860 secs] 7299846K->5038625K(10982400K), 0.0668650 secs] [Times: user=0.50 sys=0.00, real=0.07 secs] 
63739.730: [GC 63739.731: [ParNew: 2304468K->51350K(2534400K), 0.0627640 secs] 7291425K->5041090K(10982400K), 0.0645470 secs] [Times: user=0.60 sys=0.01, real=0.07 secs] 
63750.328: [GC 63750.329: [ParNew: 2304150K->51460K(2534400K), 0.0883880 secs] 7293890K->5044081K(10982400K), 0.0901810 secs] [Times: user=0.55 sys=0.00, real=0.09 secs] 
63761.329: [GC 63761.330: [ParNew: 2304260K->37635K(2534400K), 0.0553240 secs] 7296881K->5034047K(10982400K), 0.0570400 secs] [Times: user=0.44 sys=0.01, real=0.05 secs] 
63776.720: [GC 63776.721: [ParNew: 2290435K->46452K(2534400K), 0.0672700 secs] 7286847K->5045779K(10982400K), 0.0689840 secs] [Times: user=0.52 sys=0.01, real=0.07 secs] 
63785.241: [GC 63785.242: [ParNew: 2299252K->43956K(2534400K), 0.0692340 secs] 7298579K->5046012K(10982400K), 0.0710160 secs] [Times: user=0.55 sys=0.00, real=0.08 secs] 
63796.743: [GC 63796.744: [ParNew: 2296756K->47769K(2534400K), 0.0660650 secs] 7298812K->5051846K(10982400K), 0.0678190 secs] [Times: user=0.61 sys=0.01, real=0.07 secs] 
63804.059: [GC 63804.060: [ParNew: 2300569K->45977K(2534400K), 0.0509320 secs] 7304646K->5054096K(10982400K), 0.0535610 secs] [Times: user=0.58 sys=0.01, real=0.05 secs] 
63809.936: [GC 63809.937: [ParNew: 2298777K->62028K(2534400K), 0.0671880 secs] 7306896K->5074202K(10982400K), 0.0698050 secs] [Times: user=0.59 sys=0.00, real=0.07 secs] 
63829.804: [GC 63829.805: [ParNew: 2314828K->53716K(2534400K), 0.0693430 secs] 7327002K->5069147K(10982400K), 0.0720090 secs] [Times: user=0.54 sys=0.01, real=0.07 secs] 
63845.330: [GC 63845.331: [ParNew: 2306516K->55050K(2534400K), 0.0686930 secs] 7321947K->5080168K(10982400K), 0.0713000 secs] [Times: user=0.50 sys=0.01, real=0.08 secs] 
63854.986: [GC 63854.987: [ParNew: 2307850K->52562K(2534400K), 0.0537680 secs] 7332968K->5080625K(10982400K), 0.0564090 secs] [Times: user=0.58 sys=0.01, real=0.06 secs] 
63863.082: [GC 63863.083: [ParNew: 2305362K->53346K(2534400K), 0.0630330 secs] 7333425K->5084039K(10982400K), 0.0656640 secs] [Times: user=0.46 sys=0.00, real=0.07 secs] 
63872.477: [GC 63872.478: [ParNew: 2306146K->45129K(2534400K), 0.0721410 secs] 7336839K->5081436K(10982400K), 0.0747890 secs] [Times: user=0.63 sys=0.00, real=0.07 secs] 
63885.426: [GC 63885.427: [ParNew: 2297929K->49170K(2534400K), 0.0776030 secs] 7334236K->5090691K(10982400K), 0.0802550 secs] [Times: user=0.59 sys=0.00, real=0.08 secs] 
63900.903: [GC 63900.904: [ParNew: 2301970K->45161K(2534400K), 0.0677760 secs] 7343491K->5089972K(10982400K), 0.0704000 secs] [Times: user=0.50 sys=0.00, real=0.07 secs] 
63909.411: [GC 63909.413: [ParNew: 2297961K->45596K(2534400K), 0.0571180 secs] 7342772K->5093830K(10982400K), 0.0600800 secs] [Times: user=0.48 sys=0.00, real=0.06 secs] 
63923.281: [GC 63923.282: [ParNew: 2298396K->57553K(2534400K), 0.0700120 secs] 7346630K->5109900K(10982400K), 0.0726380 secs] [Times: user=0.53 sys=0.01, real=0.08 secs] 
63930.329: [GC 63930.330: [ParNew: 2310353K->50714K(2534400K), 0.0482880 secs] 7362700K->5106712K(10982400K), 0.0505530 secs] [Times: user=0.51 sys=0.00, real=0.05 secs] 
63933.060: [GC 63933.061: [ParNew: 2303514K->47940K(2534400K), 0.0420000 secs] 7359512K->5106506K(10982400K), 0.0445880 secs] [Times: user=0.51 sys=0.00, real=0.05 secs] 
63937.465: [GC 63937.466: [ParNew: 2300740K->56836K(2534400K), 0.0410390 secs] 7359306K->5118086K(10982400K), 0.0436510 secs] [Times: user=0.49 sys=0.00, real=0.04 secs] 
63948.919: [GC 63948.920: [ParNew: 2309636K->46186K(2534400K), 0.0733670 secs] 7370886K->5120752K(10982400K), 0.0760080 secs] [Times: user=0.61 sys=0.01, real=0.07 secs] 
63949.003: [GC [1 CMS-initial-mark: 5074566K(8448000K)] 5120831K(10982400K), 0.0779940 secs] [Times: user=0.08 sys=0.00, real=0.08 secs] 
63956.423: [GC[YG occupancy: 1442254 K (2534400 K)]63956.424: [Rescan (parallel) , 0.9406680 secs]63957.365: [weak refs processing, 0.1707140 secs] [1 CMS-remark: 5074566K(8448000K)] 6516821K(10982400K), 1.1139120 secs] [Times: user=19.23 sys=0.10, real=1.12 secs] 
63958.682: [GC 63958.683: [ParNew: 2298973K->35573K(2534400K), 0.0570910 secs] 7257988K->4998811K(10982400K), 0.0596730 secs] [Times: user=0.59 sys=0.00, real=0.06 secs] 
63967.538: [GC 63967.539: [ParNew: 2288373K->34628K(2534400K), 0.0594400 secs] 6761433K->4509120K(10982400K), 0.0620520 secs] [Times: user=0.49 sys=0.00, real=0.07 secs] 
63980.337: [GC 63980.338: [ParNew: 2287428K->42902K(2534400K), 0.0663460 secs] 6761920K->4518325K(10982400K), 0.0689850 secs] [Times: user=0.57 sys=0.00, real=0.07 secs] 
63991.889: [GC 63991.890: [ParNew: 2295702K->44171K(2534400K), 0.0637530 secs] 6771125K->4522510K(10982400K), 0.0660600 secs] [Times: user=0.58 sys=0.01, real=0.07 secs] 
64001.028: [GC 64001.029: [ParNew: 2296971K->92727K(2534400K), 0.0987260 secs] 6775310K->4574012K(10982400K), 0.1013840 secs] [Times: user=0.51 sys=0.00, real=0.10 secs] 
64007.957: [GC 64007.958: [ParNew: 2345527K->67942K(2534400K), 0.0674110 secs] 6826812K->4551541K(10982400K), 0.0700370 secs] [Times: user=0.49 sys=0.00, real=0.07 secs] 
64015.403: [GC 64015.404: [ParNew: 2320742K->41754K(2534400K), 0.0564390 secs] 6804341K->4531789K(10982400K), 0.0589520 secs] [Times: user=0.58 sys=0.01, real=0.06 secs] 
64025.427: [GC 64025.429: [ParNew: 2294554K->57232K(2534400K), 0.0618490 secs] 6784589K->4549829K(10982400K), 0.0645020 secs] [Times: user=0.50 sys=0.01, real=0.07 secs] 
64036.787: [GC 64036.788: [ParNew: 2310032K->49231K(2534400K), 0.0694610 secs] 6802629K->4547965K(10982400K), 0.0720960 secs] [Times: user=0.61 sys=0.00, real=0.07 secs] 
64046.304: [GC 64046.306: [ParNew: 2302031K->52449K(2534400K), 0.0642010 secs] 6800765K->4553132K(10982400K), 0.0668230 secs] [Times: user=0.64 sys=0.00, real=0.07 secs] 
64052.849: [GC 64052.850: [ParNew: 2305240K->51728K(2534400K), 0.0520450 secs] 6805924K->4556902K(10982400K), 0.0546700 secs] [Times: user=0.49 sys=0.01, real=0.06 secs] 
64060.789: [GC 64060.790: [ParNew: 2304528K->50090K(2534400K), 0.0647030 secs] 6809702K->4559257K(10982400K), 0.0670040 secs] [Times: user=0.55 sys=0.00, real=0.07 secs] 
64063.747: [GC 64063.748: [ParNew: 2302890K->39750K(2534400K), 0.0506050 secs] 6812057K->4554962K(10982400K), 0.0532220 secs] [Times: user=0.59 sys=0.01, real=0.05 secs] 
64068.860: [GC 64068.861: [ParNew: 2292550K->41236K(2534400K), 0.0429180 secs] 6807762K->4558453K(10982400K), 0.0455360 secs] [Times: user=0.45 sys=0.00, real=0.05 secs] 
64076.184: [GC 64076.185: [ParNew: 2294036K->41123K(2534400K), 0.0511360 secs] 6811253K->4561264K(10982400K), 0.0537260 secs] [Times: user=0.52 sys=0.01, real=0.06 secs] 
64084.696: [GC 64084.698: [ParNew: 2293923K->42615K(2534400K), 0.0588320 secs] 6814064K->4566021K(10982400K), 0.0614760 secs] [Times: user=0.47 sys=0.00, real=0.07 secs] 
64092.711: [GC 64092.712: [ParNew: 2295415K->43156K(2534400K), 0.0482070 secs] 6818821K->4568764K(10982400K), 0.0508620 secs] [Times: user=0.45 sys=0.00, real=0.05 secs] 
64104.093: [GC 64104.095: [ParNew: 2295822K->45924K(2534400K), 0.0679690 secs] 6821430K->4573704K(10982400K), 0.0705800 secs] [Times: user=0.62 sys=0.01, real=0.07 secs] 
64112.699: [GC 64112.700: [ParNew: 2298724K->46065K(2534400K), 0.0613850 secs] 6826504K->4578036K(10982400K), 0.0640120 secs] [Times: user=0.60 sys=0.00, real=0.07 secs] 
64125.126: [GC 64125.127: [ParNew: 2298865K->83759K(2534400K), 0.0958340 secs] 6830836K->4620031K(10982400K), 0.0981210 secs] [Times: user=0.58 sys=0.00, real=0.10 secs] 
64133.638: [GC 64133.639: [ParNew: 2336559K->80916K(2534400K), 0.0954170 secs] 6872831K->4623063K(10982400K), 0.0980690 secs] [Times: user=0.62 sys=0.00, real=0.10 secs] 
64140.656: [GC 64140.658: [ParNew: 2333705K->233067K(2534400K), 0.2116010 secs] 6875853K->4778959K(10982400K), 0.2139010 secs] [Times: user=0.84 sys=0.00, real=0.21 secs] 
64146.247: [GC 64146.248: [ParNew: 2485842K->281600K(2534400K), 0.2987460 secs] 7031734K->4854192K(10982400K), 0.3013970 secs] [Times: user=0.83 sys=0.01, real=0.30 secs] 
64150.674: [GC 64150.675: [ParNew: 2534400K->281600K(2534400K), 0.3120370 secs] 7106992K->4871383K(10982400K), 0.3147070 secs] [Times: user=0.84 sys=0.01, real=0.32 secs] 
64155.172: [GC 64155.173: [ParNew: 2534400K->192325K(2534400K), 0.2032130 secs] 7124183K->4795912K(10982400K), 0.2059050 secs] [Times: user=0.75 sys=0.00, real=0.21 secs] 
64158.450: [GC 64158.451: [ParNew: 2445125K->246711K(2534400K), 0.2373570 secs] 7048712K->4860996K(10982400K), 0.2396520 secs] [Times: user=0.63 sys=0.01, real=0.24 secs] 
64161.391: [GC 64161.393: [ParNew: 2499511K->197577K(2534400K), 0.2122930 secs] 7113796K->4815309K(10982400K), 0.2148350 secs] [Times: user=0.74 sys=0.01, real=0.21 secs] 
64166.832: [GC 64166.833: [ParNew: 2450377K->104152K(2534400K), 0.1230400 secs] 7068109K->4730897K(10982400K), 0.1253490 secs] [Times: user=0.55 sys=0.01, real=0.12 secs] 
64169.213: [GC 64169.215: [ParNew: 2356952K->141830K(2534400K), 0.1489270 secs] 6983697K->4768574K(10982400K), 0.1512250 secs] [Times: user=0.65 sys=0.00, real=0.15 secs] 
64171.848: [GC 64171.849: [ParNew: 2394624K->194355K(2534400K), 0.1908040 secs] 7021368K->4821099K(10982400K), 0.1934670 secs] [Times: user=0.73 sys=0.00, real=0.20 secs] 
64173.961: [GC 64173.962: [ParNew: 2447155K->87402K(2534400K), 0.1005700 secs] 7073899K->4721575K(10982400K), 0.1031710 secs] [Times: user=0.48 sys=0.00, real=0.10 secs] 
64175.156: [GC 64175.157: [ParNew: 2340202K->46316K(2534400K), 0.0724210 secs] 6974375K->4680489K(10982400K), 0.0749930 secs] [Times: user=0.56 sys=0.00, real=0.08 secs] 
64176.619: [GC 64176.620: [ParNew: 2299116K->24543K(2534400K), 0.0553160 secs] 6933289K->4658716K(10982400K), 0.0579100 secs] [Times: user=0.43 sys=0.00, real=0.06 secs] 
64184.639: [GC 64184.641: [ParNew: 2277343K->30882K(2534400K), 0.0654550 secs] 6911516K->4665055K(10982400K), 0.0680640 secs] [Times: user=0.58 sys=0.00, real=0.07 secs] 
64191.465: [GC 64191.466: [ParNew: 2283682K->34681K(2534400K), 0.0534960 secs] 6917855K->4669753K(10982400K), 0.0561050 secs] [Times: user=0.58 sys=0.01, real=0.05 secs] 
64195.521: [GC 64195.523: [ParNew: 2287481K->37371K(2534400K), 0.0394510 secs] 6922553K->4673697K(10982400K), 0.0420570 secs] [Times: user=0.46 sys=0.00, real=0.05 secs] 
64200.188: [GC 64200.190: [ParNew: 2290171K->58697K(2534400K), 0.0515540 secs] 6926497K->4696806K(10982400K), 0.0543590 secs] [Times: user=0.66 sys=0.01, real=0.05 secs] 
64202.935: [GC 64202.936: [ParNew: 2311497K->40693K(2534400K), 0.0446630 secs] 6949606K->4681912K(10982400K), 0.0472660 secs] [Times: user=0.56 sys=0.01, real=0.04 secs] 
64206.218: [GC 64206.219: [ParNew: 2293493K->32797K(2534400K), 0.0570570 secs] 6934712K->4680628K(10982400K), 0.0596380 secs] [Times: user=0.58 sys=0.00, real=0.06 secs] 
64209.278: [GC 64209.279: [ParNew: 2285597K->26406K(2534400K), 0.0415140 secs] 6933428K->4675664K(10982400K), 0.0440900 secs] [Times: user=0.55 sys=0.00, real=0.04 secs] 
64214.085: [GC 64214.087: [ParNew: 2279206K->42512K(2534400K), 0.0463710 secs] 6928464K->4692384K(10982400K), 0.0490020 secs] [Times: user=0.58 sys=0.01, real=0.05 secs] 
64217.072: [GC 64217.074: [ParNew: 2295312K->43050K(2534400K), 0.0347950 secs] 6945184K->4694011K(10982400K), 0.0373750 secs] [Times: user=0.44 sys=0.00, real=0.04 secs] 
64224.403: [GC 64224.405: [ParNew: 2295850K->34837K(2534400K), 0.0588720 secs] 6946811K->4691876K(10982400K), 0.0613230 secs] [Times: user=0.50 sys=0.01, real=0.06 secs] 
64235.179: [GC 64235.181: [ParNew: 2287637K->31503K(2534400K), 0.0655080 secs] 6944676K->4689931K(10982400K), 0.0681280 secs] [Times: user=0.58 sys=0.01, real=0.07 secs] 
64245.248: [GC 64245.249: [ParNew: 2284303K->32051K(2534400K), 0.0711620 secs] 6942731K->4692106K(10982400K), 0.0737640 secs] [Times: user=0.64 sys=0.00, real=0.08 secs] 
64256.802: [GC 64256.803: [ParNew: 2284851K->37092K(2534400K), 0.0612410 secs] 6944906K->4698185K(10982400K), 0.0638650 secs] [Times: user=0.57 sys=0.00, real=0.07 secs] 
64264.792: [GC 64264.793: [ParNew: 2289889K->41257K(2534400K), 0.0595370 secs] 6950982K->4703830K(10982400K), 0.0621530 secs] [Times: user=0.54 sys=0.00, real=0.07 secs] 
64276.311: [GC 64276.312: [ParNew: 2294057K->37772K(2534400K), 0.0627270 secs] 6956630K->4702658K(10982400K), 0.0653500 secs] [Times: user=0.59 sys=0.01, real=0.07 secs] 
64290.396: [GC 64290.397: [ParNew: 2290572K->40556K(2534400K), 0.0699920 secs] 6955458K->4707543K(10982400K), 0.0726180 secs] [Times: user=0.61 sys=0.00, real=0.08 secs] 
64296.737: [GC 64296.738: [ParNew: 2293256K->39907K(2534400K), 0.0434490 secs] 6960243K->4710948K(10982400K), 0.0460900 secs] [Times: user=0.46 sys=0.00, real=0.05 secs] 
64306.110: [GC 64306.111: [ParNew: 2292707K->38651K(2534400K), 0.0492600 secs] 6963748K->4713476K(10982400K), 0.0515780 secs] [Times: user=0.44 sys=0.01, real=0.06 secs] 
64317.484: [GC 64317.485: [ParNew: 2291451K->43796K(2534400K), 0.0700470 secs] 6966276K->4721414K(10982400K), 0.0723400 secs] [Times: user=0.62 sys=0.01, real=0.07 secs] 
64327.459: [GC 64327.460: [ParNew: 2296596K->40953K(2534400K), 0.0651190 secs] 6974214K->4722090K(10982400K), 0.0677660 secs] [Times: user=0.52 sys=0.00, real=0.07 secs] 
64336.068: [GC 64336.070: [ParNew: 2293753K->33249K(2534400K), 0.0549730 secs] 6974890K->4718875K(10982400K), 0.0576560 secs] [Times: user=0.54 sys=0.00, real=0.06 secs] 
64340.782: [GC 64340.784: [ParNew: 2286049K->25061K(2534400K), 0.0393540 secs] 6971675K->4713170K(10982400K), 0.0419860 secs] [Times: user=0.53 sys=0.00, real=0.04 secs] 
64347.268: [GC 64347.269: [ParNew: 2277861K->32065K(2534400K), 0.0528750 secs] 6965970K->4722330K(10982400K), 0.0554880 secs] [Times: user=0.57 sys=0.00, real=0.05 secs] 
64351.973: [GC 64351.974: [ParNew: 2284865K->34383K(2534400K), 0.0482100 secs] 6975130K->4727659K(10982400K), 0.0508300 secs] [Times: user=0.57 sys=0.01, real=0.05 secs] 
64363.169: [GC 64363.171: [ParNew: 2287183K->43330K(2534400K), 0.0638050 secs] 6980459K->4738217K(10982400K), 0.0664490 secs] [Times: user=0.60 sys=0.00, real=0.07 secs] 
64376.181: [GC 64376.182: [ParNew: 2296130K->61641K(2534400K), 0.0714070 secs] 6991017K->4757010K(10982400K), 0.0738310 secs] [Times: user=0.58 sys=0.01, real=0.08 secs] 
64384.239: [GC 64384.240: [ParNew: 2314441K->59074K(2534400K), 0.0651520 secs] 7009810K->4759060K(10982400K), 0.0677880 secs] [Times: user=0.58 sys=0.01, real=0.07 secs] 
64388.750: [GC 64388.752: [ParNew: 2311874K->51699K(2534400K), 0.0402700 secs] 7011860K->4755278K(10982400K), 0.0428710 secs] [Times: user=0.48 sys=0.00, real=0.04 secs] 
64396.409: [GC 64396.410: [ParNew: 2304499K->48061K(2534400K), 0.0536360 secs] 7008078K->4760065K(10982400K), 0.0562160 secs] [Times: user=0.50 sys=0.01, real=0.06 secs] 
64407.607: [GC 64407.608: [ParNew: 2300861K->35703K(2534400K), 0.0667870 secs] 7012865K->4759009K(10982400K), 0.0694160 secs] [Times: user=0.48 sys=0.00, real=0.07 secs] 
64416.882: [GC 64416.883: [ParNew: 2288503K->42967K(2534400K), 0.0512960 secs] 7011809K->4768426K(10982400K), 0.0539520 secs] [Times: user=0.46 sys=0.00, real=0.05 secs] 
64428.237: [GC 64428.238: [ParNew: 2295764K->49358K(2534400K), 0.0576700 secs] 7021222K->4775501K(10982400K), 0.0599670 secs] [Times: user=0.58 sys=0.00, real=0.06 secs] 
64437.011: [GC 64437.012: [ParNew: 2302158K->49474K(2534400K), 0.0514520 secs] 7028301K->4777996K(10982400K), 0.0541110 secs] [Times: user=0.46 sys=0.01, real=0.06 secs] 
64445.409: [GC 64445.410: [ParNew: 2302274K->50394K(2534400K), 0.0629660 secs] 7030796K->4784638K(10982400K), 0.0655810 secs] [Times: user=0.51 sys=0.01, real=0.07 secs] 
64456.442: [GC 64456.443: [ParNew: 2303193K->41105K(2534400K), 0.0674590 secs] 7037438K->4782791K(10982400K), 0.0700890 secs] [Times: user=0.56 sys=0.01, real=0.07 secs] 
64468.053: [GC 64468.054: [ParNew: 2293905K->43463K(2534400K), 0.0573760 secs] 7035591K->4787239K(10982400K), 0.0599980 secs] [Times: user=0.48 sys=0.01, real=0.06 secs] 
64476.731: [GC 64476.733: [ParNew: 2296263K->42649K(2534400K), 0.0586640 secs] 7040039K->4791284K(10982400K), 0.0613120 secs] [Times: user=0.59 sys=0.01, real=0.06 secs] 
64484.609: [GC 64484.610: [ParNew: 2295388K->38474K(2534400K), 0.0463760 secs] 7044023K->4788772K(10982400K), 0.0490220 secs] [Times: user=0.44 sys=0.01, real=0.05 secs] 
64495.283: [GC 64495.284: [ParNew: 2291274K->39005K(2534400K), 0.0528680 secs] 7041572K->4793726K(10982400K), 0.0555620 secs] [Times: user=0.46 sys=0.00, real=0.05 secs] 
64502.877: [GC 64502.878: [ParNew: 2291805K->51659K(2534400K), 0.0627850 secs] 7046526K->4811589K(10982400K), 0.0654210 secs] [Times: user=0.62 sys=0.00, real=0.07 secs] 
64515.562: [GC 64515.563: [ParNew: 2304459K->49690K(2534400K), 0.0642220 secs] 7064389K->4812581K(10982400K), 0.0668490 secs] [Times: user=0.52 sys=0.00, real=0.07 secs] 
64527.686: [GC 64527.687: [ParNew: 2302452K->43161K(2534400K), 0.0544340 secs] 7065343K->4809379K(10982400K), 0.0569660 secs] [Times: user=0.45 sys=0.01, real=0.05 secs] 
64537.016: [GC 64537.017: [ParNew: 2295961K->41443K(2534400K), 0.0497760 secs] 7062179K->4812673K(10982400K), 0.0524030 secs] [Times: user=0.46 sys=0.01, real=0.05 secs] 
64544.033: [GC 64544.035: [ParNew: 2294243K->161412K(2534400K), 0.0753630 secs] 7065473K->4938549K(10982400K), 0.0780060 secs] [Times: user=0.97 sys=0.00, real=0.08 secs] 
64553.209: [GC 64553.210: [ParNew: 2414212K->152599K(2534400K), 0.0654950 secs] 7191349K->4941116K(10982400K), 0.0677830 secs] [Times: user=0.71 sys=0.01, real=0.06 secs] 
64565.000: [GC 64565.001: [ParNew: 2405399K->141051K(2534400K), 0.0779550 secs] 7193916K->4929567K(10982400K), 0.0805890 secs] [Times: user=0.77 sys=0.00, real=0.08 secs] 
64573.592: [GC 64573.593: [ParNew: 2393851K->224721K(2534400K), 0.0691180 secs] 7182367K->5013237K(10982400K), 0.0718060 secs] [Times: user=1.00 sys=0.00, real=0.07 secs] 
64577.817: [GC 64577.818: [ParNew: 2477521K->185922K(2534400K), 0.1764200 secs] 7266037K->5041957K(10982400K), 0.1790350 secs] [Times: user=1.16 sys=0.01, real=0.18 secs] 
64588.331: [GC 64588.332: [ParNew: 2438722K->133634K(2534400K), 0.0804890 secs] 7294757K->5005863K(10982400K), 0.0831140 secs] [Times: user=0.80 sys=0.01, real=0.09 secs] 
64596.259: [GC 64596.261: [ParNew: 2386434K->243026K(2534400K), 0.0691910 secs] 7258663K->5117935K(10982400K), 0.0718210 secs] [Times: user=1.04 sys=0.01, real=0.07 secs] 
64602.335: [GC 64602.337: [ParNew: 2495826K->171564K(2534400K), 0.1565340 secs] 7370735K->5123616K(10982400K), 0.1588210 secs] [Times: user=0.80 sys=0.01, real=0.16 secs] 
64605.520: [GC 64605.521: [ParNew: 2424364K->46991K(2534400K), 0.0382340 secs] 7376416K->4999043K(10982400K), 0.0408660 secs] [Times: user=0.51 sys=0.00, real=0.04 secs] 
64610.017: [GC 64610.019: [ParNew: 2299791K->29673K(2534400K), 0.0397890 secs] 7251843K->4983211K(10982400K), 0.0424020 secs] [Times: user=0.42 sys=0.01, real=0.04 secs] 
64614.640: [GC 64614.642: [ParNew: 2282473K->130054K(2534400K), 0.0583640 secs] 7236011K->5085054K(10982400K), 0.0609830 secs] [Times: user=0.90 sys=0.01, real=0.06 secs] 
64622.750: [GC 64622.751: [ParNew: 2382854K->100696K(2534400K), 0.0500000 secs] 7337854K->5057077K(10982400K), 0.0525240 secs] [Times: user=0.46 sys=0.00, real=0.05 secs] 
64632.296: [GC 64632.297: [ParNew: 2353496K->88364K(2534400K), 0.0671350 secs] 7309877K->5045634K(10982400K), 0.0697710 secs] [Times: user=0.68 sys=0.00, real=0.07 secs] 
64637.663: [GC 64637.664: [ParNew: 2341156K->58092K(2534400K), 0.0393130 secs] 7298426K->5017151K(10982400K), 0.0420140 secs] [Times: user=0.46 sys=0.01, real=0.04 secs] 
64648.854: [GC 64648.856: [ParNew: 2310892K->40194K(2534400K), 0.0517510 secs] 7269951K->5000635K(10982400K), 0.0544050 secs] [Times: user=0.44 sys=0.00, real=0.05 secs] 
64656.717: [GC 64656.718: [ParNew: 2292994K->159703K(2534400K), 0.0609220 secs] 7253435K->5121989K(10982400K), 0.0635440 secs] [Times: user=0.92 sys=0.00, real=0.06 secs] 
64667.580: [GC 64667.582: [ParNew: 2412503K->123070K(2534400K), 0.0655650 secs] 7374789K->5096187K(10982400K), 0.0680030 secs] [Times: user=0.55 sys=0.00, real=0.07 secs] 
64680.409: [GC 64680.410: [ParNew: 2375870K->67470K(2534400K), 0.0557820 secs] 7348987K->5040588K(10982400K), 0.0580830 secs] [Times: user=0.57 sys=0.00, real=0.05 secs] 
64684.505: [GC 64684.506: [ParNew: 2320270K->169247K(2534400K), 0.0593540 secs] 7293388K->5142365K(10982400K), 0.0619570 secs] [Times: user=0.91 sys=0.01, real=0.06 secs] 
64698.315: [GC 64698.316: [ParNew: 2422047K->130502K(2534400K), 0.0797580 secs] 7395165K->5117634K(10982400K), 0.0824040 secs] [Times: user=0.59 sys=0.01, real=0.08 secs] 
64713.499: [GC 64713.500: [ParNew: 2383302K->47222K(2534400K), 0.0648680 secs] 7370434K->5034353K(10982400K), 0.0674890 secs] [Times: user=0.49 sys=0.00, real=0.07 secs] 
64725.274: [GC 64725.275: [ParNew: 2300022K->39955K(2534400K), 0.0556480 secs] 7287153K->5027087K(10982400K), 0.0579480 secs] [Times: user=0.53 sys=0.01, real=0.06 secs] 
64733.971: [GC 64733.972: [ParNew: 2292755K->42751K(2534400K), 0.0518850 secs] 7279887K->5033344K(10982400K), 0.0541740 secs] [Times: user=0.48 sys=0.00, real=0.06 secs] 
64739.910: [GC 64739.912: [ParNew: 2295551K->48947K(2534400K), 0.0499130 secs] 7286144K->5041998K(10982400K), 0.0525350 secs] [Times: user=0.60 sys=0.00, real=0.05 secs] 
64751.397: [GC 64751.398: [ParNew: 2301718K->44394K(2534400K), 0.0697800 secs] 7294769K->5041156K(10982400K), 0.0724090 secs] [Times: user=0.50 sys=0.00, real=0.08 secs] 
64764.311: [GC 64764.312: [ParNew: 2297194K->37357K(2534400K), 0.0661650 secs] 7293956K->5038898K(10982400K), 0.0687800 secs] [Times: user=0.60 sys=0.00, real=0.06 secs] 
64777.524: [GC 64777.526: [ParNew: 2290157K->38353K(2534400K), 0.0655970 secs] 7291698K->5043003K(10982400K), 0.0682240 secs] [Times: user=0.54 sys=0.01, real=0.07 secs] 
64790.808: [GC 64790.810: [ParNew: 2291153K->42679K(2534400K), 0.0684240 secs] 7295803K->5048960K(10982400K), 0.0710590 secs] [Times: user=0.57 sys=0.00, real=0.07 secs] 
64802.431: [GC 64802.432: [ParNew: 2295479K->46734K(2534400K), 0.0625570 secs] 7301760K->5055565K(10982400K), 0.0652000 secs] [Times: user=0.55 sys=0.00, real=0.07 secs] 
64809.033: [GC 64809.034: [ParNew: 2299534K->45251K(2534400K), 0.0615700 secs] 7308365K->5056475K(10982400K), 0.0641850 secs] [Times: user=0.56 sys=0.00, real=0.06 secs] 
64821.311: [GC 64821.312: [ParNew: 2298051K->94720K(2534400K), 0.0662160 secs] 7309275K->5109447K(10982400K), 0.0689290 secs] [Times: user=0.62 sys=0.01, real=0.07 secs] 
64831.348: [GC 64831.349: [ParNew: 2347520K->114311K(2534400K), 0.0616480 secs] 7362247K->5131474K(10982400K), 0.0642270 secs] [Times: user=0.67 sys=0.00, real=0.07 secs] 
64843.524: [GC 64843.525: [ParNew: 2367111K->115319K(2534400K), 0.0674770 secs] 7384274K->5134656K(10982400K), 0.0701180 secs] [Times: user=0.70 sys=0.00, real=0.07 secs] 
64855.735: [GC 64855.737: [ParNew: 2368119K->120195K(2534400K), 0.0629650 secs] 7387456K->5141463K(10982400K), 0.0656250 secs] [Times: user=0.64 sys=0.00, real=0.06 secs] 
64862.026: [GC 64862.027: [ParNew: 2372995K->84050K(2534400K), 0.1007310 secs] 7394263K->5162082K(10982400K), 0.1033660 secs] [Times: user=0.59 sys=0.02, real=0.10 secs] 
64862.138: [GC [1 CMS-initial-mark: 5078032K(8448000K)] 5163228K(10982400K), 0.0794470 secs] [Times: user=0.08 sys=0.00, real=0.08 secs] 
64865.373: [GC 64865.374: [ParNew: 2336850K->49599K(2534400K), 0.0477420 secs] 7414882K->5130724K(10982400K), 0.0503460 secs] [Times: user=0.52 sys=0.00, real=0.05 secs] 
64869.448: [GC[YG occupancy: 1203191 K (2534400 K)]64869.448: [Rescan (parallel) , 0.1233960 secs]64869.572: [weak refs processing, 0.1143340 secs] [1 CMS-remark: 5081125K(8448000K)] 6284317K(10982400K), 0.2395800 secs] [Times: user=2.72 sys=0.00, real=0.24 secs] 
64873.832: [GC 64873.833: [ParNew: 2302399K->115058K(2534400K), 0.0566640 secs] 6937085K->4753751K(10982400K), 0.0592870 secs] [Times: user=0.72 sys=0.00, real=0.06 secs] 
64883.111: [GC 64883.112: [ParNew: 2367858K->86415K(2534400K), 0.0513710 secs] 6784612K->4506094K(10982400K), 0.0539730 secs] [Times: user=0.42 sys=0.00, real=0.05 secs] 
64895.960: [GC 64895.961: [ParNew: 2339187K->35992K(2534400K), 0.0672610 secs] 6758867K->4456640K(10982400K), 0.0699130 secs] [Times: user=0.59 sys=0.01, real=0.07 secs] 
64900.960: [GC 64900.961: [ParNew: 2288792K->149527K(2534400K), 0.0628310 secs] 6709440K->4571344K(10982400K), 0.0654870 secs] [Times: user=0.91 sys=0.00, real=0.07 secs] 
64913.926: [GC 64913.927: [ParNew: 2402327K->117895K(2534400K), 0.0623340 secs] 6824144K->4546173K(10982400K), 0.0649830 secs] [Times: user=0.50 sys=0.00, real=0.06 secs] 
64919.859: [GC 64919.861: [ParNew: 2370695K->158242K(2534400K), 0.0586930 secs] 6798973K->4586520K(10982400K), 0.0613150 secs] [Times: user=0.92 sys=0.01, real=0.06 secs] 
64927.826: [GC 64927.827: [ParNew: 2410977K->123573K(2534400K), 0.0599890 secs] 6839255K->4559485K(10982400K), 0.0626430 secs] [Times: user=0.52 sys=0.00, real=0.06 secs] 
64935.160: [GC 64935.161: [ParNew: 2376373K->85550K(2534400K), 0.0575590 secs] 6812285K->4521461K(10982400K), 0.0598740 secs] [Times: user=0.74 sys=0.00, real=0.06 secs] 
64941.701: [GC 64941.702: [ParNew: 2338350K->64304K(2534400K), 0.0431810 secs] 6774261K->4500215K(10982400K), 0.0458070 secs] [Times: user=0.44 sys=0.01, real=0.04 secs] 
64954.757: [GC 64954.758: [ParNew: 2317104K->67825K(2534400K), 0.0702210 secs] 6753015K->4507182K(10982400K), 0.0728700 secs] [Times: user=0.69 sys=0.01, real=0.08 secs] 
64960.477: [GC 64960.478: [ParNew: 2320625K->48398K(2534400K), 0.0448050 secs] 6759982K->4489165K(10982400K), 0.0474510 secs] [Times: user=0.48 sys=0.00, real=0.05 secs] 
64972.299: [GC 64972.301: [ParNew: 2301183K->37597K(2534400K), 0.0605940 secs] 6741950K->4482424K(10982400K), 0.0629110 secs] [Times: user=0.53 sys=0.01, real=0.07 secs] 
64984.359: [GC 64984.360: [ParNew: 2290397K->45466K(2534400K), 0.0613150 secs] 6735224K->4493047K(10982400K), 0.0639530 secs] [Times: user=0.46 sys=0.01, real=0.07 secs] 
64992.579: [GC 64992.580: [ParNew: 2298266K->46407K(2534400K), 0.0504980 secs] 6745847K->4496410K(10982400K), 0.0528130 secs] [Times: user=0.53 sys=0.01, real=0.05 secs] 
65001.510: [GC 65001.512: [ParNew: 2299207K->65312K(2534400K), 0.0554190 secs] 6749210K->4517181K(10982400K), 0.0580570 secs] [Times: user=0.57 sys=0.00, real=0.06 secs] 
65007.319: [GC 65007.321: [ParNew: 2318112K->46658K(2534400K), 0.0491130 secs] 6769981K->4501907K(10982400K), 0.0517820 secs] [Times: user=0.58 sys=0.00, real=0.05 secs] 
65019.462: [GC 65019.463: [ParNew: 2299458K->63009K(2534400K), 0.0700740 secs] 6754707K->4526389K(10982400K), 0.0726640 secs] [Times: user=0.60 sys=0.01, real=0.07 secs] 
65026.544: [GC 65026.546: [ParNew: 2315809K->44462K(2534400K), 0.0537540 secs] 6779189K->4513586K(10982400K), 0.0564130 secs] [Times: user=0.56 sys=0.01, real=0.06 secs] 
65039.739: [GC 65039.740: [ParNew: 2297262K->41855K(2534400K), 0.0600930 secs] 6766386K->4512800K(10982400K), 0.0627250 secs] [Times: user=0.48 sys=0.00, real=0.06 secs] 
65047.399: [GC 65047.400: [ParNew: 2294655K->105453K(2534400K), 0.0629200 secs] 6765600K->4577172K(10982400K), 0.0654240 secs] [Times: user=0.69 sys=0.00, real=0.07 secs] 
65051.413: [GC 65051.415: [ParNew: 2358236K->70771K(2534400K), 0.0415320 secs] 6829955K->4550537K(10982400K), 0.0441190 secs] [Times: user=0.43 sys=0.00, real=0.05 secs] 
65064.438: [GC 65064.439: [ParNew: 2323571K->60717K(2534400K), 0.0667450 secs] 6803337K->4544459K(10982400K), 0.0693700 secs] [Times: user=0.55 sys=0.00, real=0.07 secs] 
65068.943: [GC 65068.945: [ParNew: 2313517K->99196K(2534400K), 0.0451870 secs] 6797259K->4587152K(10982400K), 0.0478430 secs] [Times: user=0.58 sys=0.01, real=0.05 secs] 
65082.077: [GC 65082.079: [ParNew: 2351996K->75667K(2534400K), 0.0645590 secs] 6839952K->4567270K(10982400K), 0.0671710 secs] [Times: user=0.57 sys=0.00, real=0.07 secs] 
65088.780: [GC 65088.781: [ParNew: 2328467K->106518K(2534400K), 0.0565260 secs] 6820070K->4600572K(10982400K), 0.0591410 secs] [Times: user=0.83 sys=0.01, real=0.05 secs] 
65093.881: [GC 65093.883: [ParNew: 2359318K->77630K(2534400K), 0.0497100 secs] 6853372K->4575216K(10982400K), 0.0523410 secs] [Times: user=0.60 sys=0.00, real=0.05 secs] 
65104.788: [GC 65104.789: [ParNew: 2330430K->42097K(2534400K), 0.0583630 secs] 6828016K->4542200K(10982400K), 0.0606740 secs] [Times: user=0.45 sys=0.00, real=0.06 secs] 
65112.282: [GC 65112.283: [ParNew: 2294897K->150366K(2534400K), 0.0668210 secs] 6795000K->4656086K(10982400K), 0.0694320 secs] [Times: user=0.91 sys=0.00, real=0.07 secs] 
65119.115: [GC 65119.116: [ParNew: 2403166K->111775K(2534400K), 0.0430970 secs] 6908886K->4619014K(10982400K), 0.0457080 secs] [Times: user=0.47 sys=0.00, real=0.05 secs] 
65125.883: [GC 65125.885: [ParNew: 2364575K->42016K(2534400K), 0.0461390 secs] 6871814K->4551605K(10982400K), 0.0487840 secs] [Times: user=0.45 sys=0.01, real=0.05 secs] 
65130.599: [GC 65130.600: [ParNew: 2294816K->148317K(2534400K), 0.0572890 secs] 6804405K->4662435K(10982400K), 0.0599390 secs] [Times: user=0.92 sys=0.00, real=0.06 secs] 
65144.907: [GC 65144.908: [ParNew: 2401117K->118495K(2534400K), 0.0719030 secs] 6915235K->4634580K(10982400K), 0.0745310 secs] [Times: user=0.63 sys=0.00, real=0.08 secs] 
65151.683: [GC 65151.684: [ParNew: 2371295K->143998K(2534400K), 0.0553010 secs] 6887380K->4661932K(10982400K), 0.0579740 secs] [Times: user=0.83 sys=0.00, real=0.06 secs] 
65158.344: [GC 65158.345: [ParNew: 2396798K->102521K(2534400K), 0.0457080 secs] 6914732K->4621633K(10982400K), 0.0483050 secs] [Times: user=0.56 sys=0.01, real=0.05 secs] 
65168.580: [GC 65168.581: [ParNew: 2355321K->46176K(2534400K), 0.0652550 secs] 6874433K->4565792K(10982400K), 0.0678490 secs] [Times: user=0.59 sys=0.00, real=0.07 secs] 
65176.427: [GC 65176.428: [ParNew: 2298976K->42054K(2534400K), 0.0471650 secs] 6818592K->4564767K(10982400K), 0.0498210 secs] [Times: user=0.51 sys=0.00, real=0.05 secs] 
65180.538: [GC 65180.539: [ParNew: 2294854K->118405K(2534400K), 0.0569890 secs] 6817567K->4645489K(10982400K), 0.0592670 secs] [Times: user=0.90 sys=0.00, real=0.06 secs] 
65186.627: [GC 65186.628: [ParNew: 2371205K->88501K(2534400K), 0.0440940 secs] 6898289K->4617829K(10982400K), 0.0467250 secs] [Times: user=0.48 sys=0.00, real=0.04 secs] 
65198.869: [GC 65198.871: [ParNew: 2341301K->67399K(2534400K), 0.0661110 secs] 6870629K->4602980K(10982400K), 0.0687150 secs] [Times: user=0.55 sys=0.00, real=0.07 secs] 
65203.700: [GC 65203.701: [ParNew: 2320199K->103432K(2534400K), 0.0516270 secs] 6855780K->4640134K(10982400K), 0.0542320 secs] [Times: user=0.77 sys=0.00, real=0.05 secs] 
65217.297: [GC 65217.298: [ParNew: 2356232K->80888K(2534400K), 0.0665720 secs] 6892934K->4621751K(10982400K), 0.0688560 secs] [Times: user=0.61 sys=0.01, real=0.07 secs] 
65226.636: [GC 65226.637: [ParNew: 2333688K->96177K(2534400K), 0.0650600 secs] 6874551K->4639446K(10982400K), 0.0676810 secs] [Times: user=0.68 sys=0.00, real=0.07 secs] 
65233.445: [GC 65233.447: [ParNew: 2348977K->68337K(2534400K), 0.0460420 secs] 6892246K->4615115K(10982400K), 0.0486840 secs] [Times: user=0.48 sys=0.00, real=0.05 secs] 
65242.837: [GC 65242.839: [ParNew: 2321130K->88010K(2534400K), 0.0504130 secs] 6867908K->4635947K(10982400K), 0.0526810 secs] [Times: user=0.59 sys=0.00, real=0.05 secs] 
65247.541: [GC 65247.543: [ParNew: 2340744K->65350K(2534400K), 0.0522480 secs] 6888681K->4617137K(10982400K), 0.0548630 secs] [Times: user=0.56 sys=0.00, real=0.06 secs] 
65252.191: [GC 65252.192: [ParNew: 2318150K->32653K(2534400K), 0.0422700 secs] 6869937K->4588160K(10982400K), 0.0448880 secs] [Times: user=0.47 sys=0.00, real=0.05 secs] 
65261.640: [GC 65261.641: [ParNew: 2285453K->95607K(2534400K), 0.0654110 secs] 6840960K->4652649K(10982400K), 0.0680400 secs] [Times: user=0.74 sys=0.00, real=0.07 secs] 
65269.192: [GC 65269.193: [ParNew: 2348407K->70515K(2534400K), 0.0467410 secs] 6905449K->4630241K(10982400K), 0.0493810 secs] [Times: user=0.46 sys=0.00, real=0.05 secs] 
65282.570: [GC 65282.571: [ParNew: 2323315K->87614K(2534400K), 0.0696590 secs] 6883041K->4649373K(10982400K), 0.0722940 secs] [Times: user=0.71 sys=0.01, real=0.07 secs] 
65286.603: [GC 65286.604: [ParNew: 2340414K->124029K(2534400K), 0.0546710 secs] 6902173K->4686820K(10982400K), 0.0573070 secs] [Times: user=0.71 sys=0.01, real=0.06 secs] 
65296.723: [GC 65296.724: [ParNew: 2376829K->83980K(2534400K), 0.0531120 secs] 6939620K->4649691K(10982400K), 0.0557570 secs] [Times: user=0.49 sys=0.00, real=0.05 secs] 
65303.341: [GC 65303.342: [ParNew: 2336780K->164257K(2534400K), 0.0588100 secs] 6902491K->4731904K(10982400K), 0.0614340 secs] [Times: user=0.94 sys=0.00, real=0.07 secs] 
65314.440: [GC 65314.442: [ParNew: 2417057K->123369K(2534400K), 0.0795750 secs] 6984704K->4700961K(10982400K), 0.0821990 secs] [Times: user=0.70 sys=0.00, real=0.08 secs] 
65320.678: [GC 65320.679: [ParNew: 2376169K->121216K(2534400K), 0.0490020 secs] 6953761K->4699518K(10982400K), 0.0515850 secs] [Times: user=0.68 sys=0.00, real=0.05 secs] 
65328.982: [GC 65328.983: [ParNew: 2374016K->152010K(2534400K), 0.1131700 secs] 6952318K->4732935K(10982400K), 0.1158130 secs] [Times: user=0.64 sys=0.01, real=0.12 secs] 
65338.878: [GC 65338.879: [ParNew: 2404803K->41763K(2534400K), 0.0533040 secs] 6985729K->4624749K(10982400K), 0.0558900 secs] [Times: user=0.58 sys=0.01, real=0.06 secs] 
65345.262: [GC 65345.264: [ParNew: 2294563K->143183K(2534400K), 0.0702780 secs] 6877549K->4730331K(10982400K), 0.0729200 secs] [Times: user=0.93 sys=0.00, real=0.07 secs] 
65357.860: [GC 65357.861: [ParNew: 2395983K->116901K(2534400K), 0.0684040 secs] 6983131K->4706843K(10982400K), 0.0710410 secs] [Times: user=0.70 sys=0.01, real=0.08 secs] 
65368.114: [GC 65368.115: [ParNew: 2369701K->121959K(2534400K), 0.0686080 secs] 6959643K->4717236K(10982400K), 0.0712130 secs] [Times: user=0.80 sys=0.01, real=0.07 secs] 
65375.533: [GC 65375.534: [ParNew: 2374759K->93569K(2534400K), 0.0544870 secs] 6970036K->4692270K(10982400K), 0.0571310 secs] [Times: user=0.57 sys=0.01, real=0.06 secs] 
65380.034: [GC 65380.035: [ParNew: 2346369K->47259K(2534400K), 0.0447560 secs] 6945070K->4647216K(10982400K), 0.0473550 secs] [Times: user=0.65 sys=0.00, real=0.04 secs] 
65391.549: [GC 65391.550: [ParNew: 2300058K->44211K(2534400K), 0.0668340 secs] 6900016K->4653154K(10982400K), 0.0693570 secs] [Times: user=0.67 sys=0.01, real=0.07 secs] 
65401.558: [GC 65401.559: [ParNew: 2297011K->119202K(2534400K), 0.0689890 secs] 6905954K->4735571K(10982400K), 0.0716140 secs] [Times: user=0.88 sys=0.01, real=0.07 secs] 
65408.848: [GC 65408.850: [ParNew: 2372002K->87014K(2534400K), 0.0598840 secs] 6988371K->4712617K(10982400K), 0.0625450 secs] [Times: user=0.67 sys=0.00, real=0.07 secs] 
65416.837: [GC 65416.839: [ParNew: 2339814K->117921K(2534400K), 0.0554040 secs] 6965417K->4744384K(10982400K), 0.0580370 secs] [Times: user=0.78 sys=0.01, real=0.06 secs] 
65423.944: [GC 65423.946: [ParNew: 2370655K->126963K(2534400K), 0.0537640 secs] 6997118K->4756157K(10982400K), 0.0563940 secs] [Times: user=0.70 sys=0.01, real=0.06 secs] 
65430.852: [GC 65430.853: [ParNew: 2379763K->206686K(2534400K), 0.0635420 secs] 7008957K->4837316K(10982400K), 0.0658580 secs] [Times: user=0.94 sys=0.00, real=0.06 secs] 
65440.012: [GC 65440.013: [ParNew: 2459486K->165094K(2534400K), 0.1685140 secs] 7090116K->4843794K(10982400K), 0.1711100 secs] [Times: user=0.79 sys=0.05, real=0.18 secs] 
65448.773: [GC 65448.774: [ParNew: 2417894K->195734K(2534400K), 0.0689360 secs] 7096594K->4874434K(10982400K), 0.0716030 secs] [Times: user=1.04 sys=0.00, real=0.08 secs] 
65460.961: [GC 65460.962: [ParNew: 2448534K->140647K(2534400K), 0.1065880 secs] 7127234K->4853016K(10982400K), 0.1092270 secs] [Times: user=0.69 sys=0.02, real=0.11 secs] 
65471.879: [GC 65471.880: [ParNew: 2393447K->55045K(2534400K), 0.0632460 secs] 7105816K->4767414K(10982400K), 0.0658640 secs] [Times: user=0.59 sys=0.01, real=0.06 secs] 
65479.664: [GC 65479.665: [ParNew: 2307845K->119001K(2534400K), 0.0580240 secs] 7020214K->4833918K(10982400K), 0.0606570 secs] [Times: user=0.81 sys=0.01, real=0.06 secs] 
65486.106: [GC 65486.107: [ParNew: 2371801K->87841K(2534400K), 0.0464180 secs] 7086718K->4804945K(10982400K), 0.0487190 secs] [Times: user=0.54 sys=0.00, real=0.05 secs] 
65494.412: [GC 65494.413: [ParNew: 2340641K->104455K(2534400K), 0.0639890 secs] 7057745K->4826158K(10982400K), 0.0662630 secs] [Times: user=0.83 sys=0.01, real=0.06 secs] 
65496.698: [GC 65496.700: [ParNew: 2357255K->168729K(2534400K), 0.0544110 secs] 7078958K->4895211K(10982400K), 0.0569940 secs] [Times: user=0.98 sys=0.01, real=0.06 secs] 
65505.348: [GC 65505.349: [ParNew: 2421529K->131781K(2534400K), 0.0645280 secs] 7148011K->4859639K(10982400K), 0.0671360 secs] [Times: user=0.60 sys=0.01, real=0.07 secs] 
65508.454: [GC 65508.455: [ParNew: 2384581K->112445K(2534400K), 0.0497690 secs] 7112439K->4842016K(10982400K), 0.0523640 secs] [Times: user=0.81 sys=0.00, real=0.05 secs] 
65515.614: [GC 65515.616: [ParNew: 2365241K->82741K(2534400K), 0.0409760 secs] 7094812K->4814137K(10982400K), 0.0432390 secs] [Times: user=0.44 sys=0.00, real=0.05 secs] 
65521.930: [GC 65521.931: [ParNew: 2335541K->93731K(2534400K), 0.0522380 secs] 7066937K->4826428K(10982400K), 0.0544980 secs] [Times: user=0.81 sys=0.00, real=0.05 secs] 
65525.268: [GC 65525.269: [ParNew: 2346531K->116956K(2534400K), 0.0599870 secs] 7079228K->4853307K(10982400K), 0.0625970 secs] [Times: user=0.74 sys=0.00, real=0.06 secs] 
65539.519: [GC 65539.520: [ParNew: 2369756K->101718K(2534400K), 0.0677990 secs] 7106107K->4839100K(10982400K), 0.0703980 secs] [Times: user=0.72 sys=0.00, real=0.08 secs] 
65546.459: [GC 65546.461: [ParNew: 2354518K->66524K(2534400K), 0.0420360 secs] 7091900K->4806424K(10982400K), 0.0446710 secs] [Times: user=0.44 sys=0.00, real=0.05 secs] 
65555.410: [GC 65555.411: [ParNew: 2319324K->187011K(2534400K), 0.0668510 secs] 7059224K->4928110K(10982400K), 0.0694630 secs] [Times: user=1.03 sys=0.00, real=0.07 secs] 
65564.795: [GC 65564.796: [ParNew: 2439811K->141388K(2534400K), 0.0653820 secs] 7180910K->4896975K(10982400K), 0.0679950 secs] [Times: user=0.57 sys=0.00, real=0.07 secs] 
65570.031: [GC 65570.032: [ParNew: 2394188K->98805K(2534400K), 0.0480600 secs] 7149775K->4854391K(10982400K), 0.0503320 secs] [Times: user=0.71 sys=0.00, real=0.05 secs] 
65579.417: [GC 65579.418: [ParNew: 2351605K->151923K(2534400K), 0.0539340 secs] 7107191K->4907510K(10982400K), 0.0565750 secs] [Times: user=0.70 sys=0.00, real=0.05 secs] 
65586.527: [GC 65586.528: [ParNew: 2404723K->99853K(2534400K), 0.0490200 secs] 7160310K->4855439K(10982400K), 0.0516030 secs] [Times: user=0.44 sys=0.01, real=0.05 secs] 
65593.361: [GC 65593.362: [ParNew: 2352653K->164314K(2534400K), 0.0606900 secs] 7108239K->4921984K(10982400K), 0.0634000 secs] [Times: user=0.96 sys=0.01, real=0.06 secs] 
65604.908: [GC 65604.909: [ParNew: 2417114K->155400K(2534400K), 0.0784280 secs] 7174784K->4923079K(10982400K), 0.0810790 secs] [Times: user=0.87 sys=0.00, real=0.09 secs] 
65613.063: [GC 65613.064: [ParNew: 2408200K->68944K(2534400K), 0.0524280 secs] 7175879K->4836624K(10982400K), 0.0550830 secs] [Times: user=0.62 sys=0.01, real=0.05 secs] 
65621.736: [GC 65621.737: [ParNew: 2321744K->117600K(2534400K), 0.0544220 secs] 7089424K->4887127K(10982400K), 0.0567350 secs] [Times: user=0.72 sys=0.01, real=0.06 secs] 
65629.558: [GC 65629.559: [ParNew: 2370400K->90180K(2534400K), 0.0540180 secs] 7139927K->4860523K(10982400K), 0.0563010 secs] [Times: user=0.58 sys=0.00, real=0.06 secs] 
65633.901: [GC 65633.902: [ParNew: 2342980K->144647K(2534400K), 0.0548230 secs] 7113323K->4917573K(10982400K), 0.0574020 secs] [Times: user=0.93 sys=0.00, real=0.06 secs] 
65637.844: [GC 65637.845: [ParNew: 2397447K->106579K(2534400K), 0.0447380 secs] 7170373K->4883281K(10982400K), 0.0470050 secs] [Times: user=0.46 sys=0.01, real=0.04 secs] 
65644.744: [GC 65644.746: [ParNew: 2359379K->113098K(2534400K), 0.0669820 secs] 7136081K->4894696K(10982400K), 0.0695820 secs] [Times: user=0.79 sys=0.00, real=0.08 secs] 
65654.082: [GC 65654.083: [ParNew: 2365898K->81110K(2534400K), 0.0556810 secs] 7147496K->4866308K(10982400K), 0.0583340 secs] [Times: user=0.57 sys=0.00, real=0.06 secs] 
65662.306: [GC 65662.307: [ParNew: 2333910K->156961K(2534400K), 0.0598460 secs] 7119108K->4944132K(10982400K), 0.0624500 secs] [Times: user=0.89 sys=0.00, real=0.07 secs] 
65670.822: [GC 65670.823: [ParNew: 2409753K->118262K(2534400K), 0.0540920 secs] 7196924K->4913485K(10982400K), 0.0567690 secs] [Times: user=0.50 sys=0.00, real=0.06 secs] 
65676.193: [GC 65676.194: [ParNew: 2371062K->161675K(2534400K), 0.0549240 secs] 7166285K->4956899K(10982400K), 0.0575510 secs] [Times: user=0.92 sys=0.00, real=0.06 secs] 
65686.494: [GC 65686.495: [ParNew: 2414475K->122766K(2534400K), 0.0750960 secs] 7209699K->4930164K(10982400K), 0.0777040 secs] [Times: user=0.81 sys=0.00, real=0.08 secs] 
65694.380: [GC 65694.381: [ParNew: 2375566K->61404K(2534400K), 0.0482170 secs] 7182964K->4868802K(10982400K), 0.0508050 secs] [Times: user=0.50 sys=0.01, real=0.05 secs] 
65704.216: [GC 65704.217: [ParNew: 2314204K->63126K(2534400K), 0.0578690 secs] 7121602K->4870524K(10982400K), 0.0605040 secs] [Times: user=0.53 sys=0.00, real=0.06 secs] 
65708.864: [GC 65708.865: [ParNew: 2315926K->119578K(2534400K), 0.0551630 secs] 7123324K->4926977K(10982400K), 0.0578240 secs] [Times: user=0.84 sys=0.00, real=0.05 secs] 
65719.881: [GC 65719.882: [ParNew: 2372378K->128579K(2534400K), 0.0937140 secs] 7179777K->4939111K(10982400K), 0.0964860 secs] [Times: user=0.65 sys=0.00, real=0.10 secs] 
65725.970: [GC 65725.971: [ParNew: 2381379K->135950K(2534400K), 0.0835070 secs] 7191911K->4951153K(10982400K), 0.0861590 secs] [Times: user=0.83 sys=0.00, real=0.08 secs] 
65732.767: [GC 65732.769: [ParNew: 2388750K->192209K(2534400K), 0.0903290 secs] 7203953K->5009955K(10982400K), 0.0929990 secs] [Times: user=0.89 sys=0.01, real=0.10 secs] 
65740.023: [GC 65740.024: [ParNew: 2445009K->135158K(2534400K), 0.0913020 secs] 7262755K->4964866K(10982400K), 0.0936960 secs] [Times: user=0.56 sys=0.00, real=0.09 secs] 
65745.793: [GC 65745.794: [ParNew: 2387958K->169047K(2534400K), 0.0813300 secs] 7217666K->4998755K(10982400K), 0.0839190 secs] [Times: user=0.96 sys=0.00, real=0.08 secs] 
65756.645: [GC 65756.646: [ParNew: 2421847K->135989K(2534400K), 0.1503840 secs] 7251555K->4972934K(10982400K), 0.1530230 secs] [Times: user=1.13 sys=0.00, real=0.15 secs] 
65761.198: [GC 65761.199: [ParNew: 2388789K->163091K(2534400K), 0.0719570 secs] 7225734K->5000035K(10982400K), 0.0744350 secs] [Times: user=0.94 sys=0.01, real=0.08 secs] 
65763.565: [GC 65763.567: [ParNew: 2415891K->120440K(2534400K), 0.0592330 secs] 7252835K->4966526K(10982400K), 0.0617870 secs] [Times: user=0.50 sys=0.01, real=0.06 secs] 
65772.465: [GC 65772.467: [ParNew: 2373240K->107439K(2534400K), 0.1025810 secs] 7219326K->4953525K(10982400K), 0.1052030 secs] [Times: user=0.84 sys=0.00, real=0.10 secs] 
65779.670: [GC 65779.672: [ParNew: 2360239K->77753K(2534400K), 0.0878640 secs] 7206325K->4923839K(10982400K), 0.0904860 secs] [Times: user=0.70 sys=0.01, real=0.09 secs] 
65786.546: [GC 65786.548: [ParNew: 2330553K->158858K(2534400K), 0.0944430 secs] 7176639K->5006190K(10982400K), 0.0970470 secs] [Times: user=0.93 sys=0.00, real=0.09 secs] 
65794.186: [GC 65794.187: [ParNew: 2411658K->122930K(2534400K), 0.1011620 secs] 7258990K->4978434K(10982400K), 0.1038050 secs] [Times: user=0.81 sys=0.01, real=0.11 secs] 
65798.622: [GC 65798.624: [ParNew: 2375730K->165763K(2534400K), 0.0770950 secs] 7231234K->5021267K(10982400K), 0.0797060 secs] [Times: user=1.01 sys=0.00, real=0.08 secs] 
65807.579: [GC 65807.581: [ParNew: 2418563K->154841K(2534400K), 0.1077460 secs] 7274067K->5015242K(10982400K), 0.1100550 secs] [Times: user=0.89 sys=0.01, real=0.11 secs] 
65812.621: [GC 65812.622: [ParNew: 2407641K->103919K(2534400K), 0.0718320 secs] 7268042K->4964320K(10982400K), 0.0744490 secs] [Times: user=0.56 sys=0.00, real=0.07 secs] 
65820.279: [GC 65820.280: [ParNew: 2356719K->159066K(2534400K), 0.0907210 secs] 7217120K->5019467K(10982400K), 0.0930240 secs] [Times: user=0.92 sys=0.01, real=0.10 secs] 
65825.038: [GC 65825.039: [ParNew: 2411866K->118725K(2534400K), 0.0796790 secs] 7272267K->4986095K(10982400K), 0.0819730 secs] [Times: user=0.66 sys=0.00, real=0.08 secs] 
65832.480: [GC 65832.482: [ParNew: 2371525K->157725K(2534400K), 0.0969350 secs] 7238895K->5025095K(10982400K), 0.0995730 secs] [Times: user=0.95 sys=0.00, real=0.10 secs] 
65837.610: [GC 65837.611: [ParNew: 2410525K->110096K(2534400K), 0.0683230 secs] 7277895K->4980054K(10982400K), 0.0706130 secs] [Times: user=0.63 sys=0.00, real=0.07 secs] 
65846.070: [GC 65846.071: [ParNew: 2362896K->134779K(2534400K), 0.1008510 secs] 7232854K->5006649K(10982400K), 0.1034960 secs] [Times: user=0.93 sys=0.01, real=0.10 secs] 
65853.534: [GC 65853.536: [ParNew: 2387579K->98655K(2534400K), 0.0795480 secs] 7259449K->4972397K(10982400K), 0.0821620 secs] [Times: user=0.60 sys=0.00, real=0.09 secs] 
65859.593: [GC 65859.594: [ParNew: 2351455K->171867K(2534400K), 0.0884830 secs] 7225197K->5049361K(10982400K), 0.0907750 secs] [Times: user=1.02 sys=0.00, real=0.09 secs] 
65867.956: [GC 65867.957: [ParNew: 2424667K->130993K(2534400K), 0.1012050 secs] 7302161K->5018730K(10982400K), 0.1035330 secs] [Times: user=0.86 sys=0.01, real=0.11 secs] 
65875.821: [GC 65875.822: [ParNew: 2383793K->96064K(2534400K), 0.1249880 secs] 7271530K->4983801K(10982400K), 0.1272860 secs] [Times: user=0.72 sys=0.00, real=0.12 secs] 
65879.996: [GC 65879.998: [ParNew: 2348864K->226274K(2534400K), 0.0862770 secs] 7236601K->5114011K(10982400K), 0.0888770 secs] [Times: user=1.28 sys=0.00, real=0.09 secs] 
65884.038: [GC 65884.040: [ParNew: 2479074K->158680K(2534400K), 0.1743120 secs] 7366811K->5111110K(10982400K), 0.1769400 secs] [Times: user=1.06 sys=0.03, real=0.18 secs] 
65889.454: [GC 65889.456: [ParNew: 2411464K->63511K(2534400K), 0.0582450 secs] 7363893K->5015941K(10982400K), 0.0608860 secs] [Times: user=0.60 sys=0.00, real=0.06 secs] 
65892.509: [GC 65892.510: [ParNew: 2316311K->86781K(2534400K), 0.0518810 secs] 7268741K->5039210K(10982400K), 0.0544530 secs] [Times: user=0.72 sys=0.00, real=0.06 secs] 
65896.405: [GC 65896.407: [ParNew: 2339584K->196082K(2534400K), 0.0655560 secs] 7292013K->5148511K(10982400K), 0.0681560 secs] [Times: user=1.01 sys=0.00, real=0.07 secs] 
65902.562: [GC 65902.564: [ParNew: 2448882K->145419K(2534400K), 0.0980000 secs] 7401311K->5125924K(10982400K), 0.1006260 secs] [Times: user=0.58 sys=0.01, real=0.11 secs] 
65908.501: [GC 65908.502: [ParNew: 2398219K->133181K(2534400K), 0.0671280 secs] 7378724K->5113686K(10982400K), 0.0696270 secs] [Times: user=0.77 sys=0.00, real=0.07 secs] 
65914.548: [GC 65914.549: [ParNew: 2385981K->104307K(2534400K), 0.0639680 secs] 7366486K->5084812K(10982400K), 0.0664610 secs] [Times: user=0.72 sys=0.01, real=0.06 secs] 
65919.182: [GC 65919.183: [ParNew: 2357107K->180152K(2534400K), 0.0695450 secs] 7337612K->5164942K(10982400K), 0.0721440 secs] [Times: user=1.14 sys=0.01, real=0.07 secs] 
65923.560: [GC 65923.562: [ParNew: 2432952K->132716K(2534400K), 0.0822070 secs] 7417742K->5152296K(10982400K), 0.0841940 secs] [Times: user=0.70 sys=0.00, real=0.08 secs] 
65930.701: [GC 65930.702: [ParNew: 2385516K->135723K(2534400K), 0.0729940 secs] 7405096K->5155302K(10982400K), 0.0746630 secs] [Times: user=0.82 sys=0.00, real=0.07 secs] 
65935.264: [GC 65935.265: [ParNew: 2388523K->166056K(2534400K), 0.0599650 secs] 7408102K->5185636K(10982400K), 0.0616220 secs] [Times: user=0.74 sys=0.00, real=0.06 secs] 
65943.467: [GC 65943.468: [ParNew: 2418856K->117192K(2534400K), 0.1238740 secs] 7438436K->5170791K(10982400K), 0.1257210 secs] [Times: user=0.88 sys=0.00, real=0.13 secs] 
65949.492: [GC 65949.493: [ParNew: 2369992K->41306K(2534400K), 0.0674280 secs] 7423591K->5095699K(10982400K), 0.0692000 secs] [Times: user=0.57 sys=0.00, real=0.07 secs] 
65953.979: [GC 65953.980: [ParNew: 2294106K->172307K(2534400K), 0.0664480 secs] 7348499K->5228200K(10982400K), 0.0682080 secs] [Times: user=1.17 sys=0.00, real=0.07 secs] 
65959.530: [GC 65959.531: [ParNew: 2425107K->129572K(2534400K), 0.1377600 secs] 7481000K->5258367K(10982400K), 0.1395410 secs] [Times: user=0.83 sys=0.02, real=0.14 secs] 
65959.676: [GC [1 CMS-initial-mark: 5128794K(8448000K)] 5259980K(10982400K), 0.0523940 secs] [Times: user=0.05 sys=0.00, real=0.05 secs] 
65966.987: [GC 65966.988: [ParNew: 2382372K->46384K(2534400K), 0.0705320 secs] 7511167K->5175178K(10982400K), 0.0723700 secs] [Times: user=0.58 sys=0.00, real=0.07 secs] 
65967.072: [GC[YG occupancy: 68520 K (2534400 K)]65967.073: [Rescan (parallel) , 0.0235750 secs]65967.096: [weak refs processing, 0.0506260 secs] [1 CMS-remark: 5128794K(8448000K)] 5197315K(10982400K), 0.0756100 secs] [Times: user=0.54 sys=0.00, real=0.08 secs] 
65971.160: [GC 65971.161: [ParNew: 2299184K->149070K(2534400K), 0.0607700 secs] 7089984K->4939870K(10982400K), 0.0625440 secs] [Times: user=0.93 sys=0.01, real=0.06 secs] 
65977.781: [GC 65977.782: [ParNew: 2401870K->115302K(2534400K), 0.0643300 secs] 6973018K->4689834K(10982400K), 0.0661100 secs] [Times: user=0.56 sys=0.00, real=0.07 secs] 
65985.838: [GC 65985.839: [ParNew: 2368102K->66723K(2534400K), 0.0673050 secs] 6942634K->4641255K(10982400K), 0.0691180 secs] [Times: user=0.54 sys=0.00, real=0.07 secs] 
65993.834: [GC 65993.835: [ParNew: 2319523K->99549K(2534400K), 0.0614360 secs] 6894055K->4674081K(10982400K), 0.0632350 secs] [Times: user=0.65 sys=0.00, real=0.07 secs] 
66000.833: [GC 66000.834: [ParNew: 2352349K->119620K(2534400K), 0.0813760 secs] 6926881K->4699173K(10982400K), 0.0831360 secs] [Times: user=0.79 sys=0.01, real=0.08 secs] 
66007.038: [GC 66007.039: [ParNew: 2372420K->124179K(2534400K), 0.0833050 secs] 6951973K->4704673K(10982400K), 0.0850690 secs] [Times: user=0.80 sys=0.00, real=0.09 secs] 
66015.173: [GC 66015.174: [ParNew: 2376979K->98004K(2534400K), 0.1034240 secs] 6957473K->4703586K(10982400K), 0.1051680 secs] [Times: user=0.86 sys=0.01, real=0.10 secs] 
66019.951: [GC 66019.952: [ParNew: 2350804K->74212K(2534400K), 0.0962150 secs] 6956386K->4718142K(10982400K), 0.0979790 secs] [Times: user=0.66 sys=0.01, real=0.10 secs] 
66024.535: [GC 66024.536: [ParNew: 2327012K->94030K(2534400K), 0.0624700 secs] 6970942K->4744747K(10982400K), 0.0642770 secs] [Times: user=0.89 sys=0.00, real=0.06 secs] 
66033.006: [GC 66033.007: [ParNew: 2346830K->123536K(2534400K), 0.0872020 secs] 6997547K->4778683K(10982400K), 0.0889780 secs] [Times: user=0.81 sys=0.00, real=0.09 secs] 
66041.005: [GC 66041.006: [ParNew: 2376336K->120369K(2534400K), 0.0818230 secs] 7031483K->4779775K(10982400K), 0.0836030 secs] [Times: user=0.76 sys=0.00, real=0.08 secs] 
66049.781: [GC 66049.782: [ParNew: 2373169K->121628K(2534400K), 0.0897810 secs] 7032575K->4782989K(10982400K), 0.0915780 secs] [Times: user=0.80 sys=0.01, real=0.09 secs] 
66058.100: [GC 66058.100: [ParNew: 2374427K->124664K(2534400K), 0.1002650 secs] 7035787K->4815246K(10982400K), 0.1019420 secs] [Times: user=0.92 sys=0.01, real=0.10 secs] 
66064.857: [GC 66064.858: [ParNew: 2377464K->124607K(2534400K), 0.0776950 secs] 7068046K->4816762K(10982400K), 0.0794630 secs] [Times: user=0.69 sys=0.01, real=0.08 secs] 
66073.351: [GC 66073.351: [ParNew: 2377407K->157021K(2534400K), 0.0966510 secs] 7069562K->4852293K(10982400K), 0.0984260 secs] [Times: user=0.75 sys=0.00, real=0.09 secs] 
66080.768: [GC 66080.769: [ParNew: 2409821K->125439K(2534400K), 0.0815830 secs] 7105093K->4822497K(10982400K), 0.0833490 secs] [Times: user=0.80 sys=0.01, real=0.09 secs] 
66088.297: [GC 66088.298: [ParNew: 2378239K->107724K(2534400K), 0.1141530 secs] 7075297K->4836309K(10982400K), 0.1159320 secs] [Times: user=0.89 sys=0.01, real=0.12 secs] 
66095.932: [GC 66095.933: [ParNew: 2360524K->118090K(2534400K), 0.0796930 secs] 7089109K->4848122K(10982400K), 0.0815110 secs] [Times: user=0.81 sys=0.00, real=0.09 secs] 
66103.464: [GC 66103.465: [ParNew: 2370890K->125936K(2534400K), 0.0838150 secs] 7100922K->4858038K(10982400K), 0.0863980 secs] [Times: user=0.81 sys=0.00, real=0.08 secs] 
66109.583: [GC 66109.584: [ParNew: 2378736K->106796K(2534400K), 0.0667990 secs] 7110838K->4840417K(10982400K), 0.0693980 secs] [Times: user=0.68 sys=0.01, real=0.07 secs] 
66117.360: [GC 66117.361: [ParNew: 2359596K->103883K(2534400K), 0.1193850 secs] 7093217K->4862588K(10982400K), 0.1219990 secs] [Times: user=0.70 sys=0.01, real=0.12 secs] 
66123.723: [GC 66123.724: [ParNew: 2356683K->122942K(2534400K), 0.0796870 secs] 7115388K->4890244K(10982400K), 0.0823020 secs] [Times: user=0.89 sys=0.00, real=0.08 secs] 
66131.379: [GC 66131.381: [ParNew: 2375742K->122513K(2534400K), 0.0887400 secs] 7143044K->4892364K(10982400K), 0.0913710 secs] [Times: user=0.81 sys=0.01, real=0.09 secs] 
66139.105: [GC 66139.106: [ParNew: 2375313K->131391K(2534400K), 0.0844380 secs] 7145164K->4902523K(10982400K), 0.0870570 secs] [Times: user=0.82 sys=0.00, real=0.09 secs] 
66146.814: [GC 66146.815: [ParNew: 2384191K->93035K(2534400K), 0.1198040 secs] 7155323K->4895753K(10982400K), 0.1220790 secs] [Times: user=0.76 sys=0.03, real=0.12 secs] 
66149.938: [GC 66149.939: [ParNew: 2345835K->99167K(2534400K), 0.0993540 secs] 7148553K->4934549K(10982400K), 0.1019430 secs] [Times: user=0.85 sys=0.01, real=0.10 secs] 
66155.338: [GC 66155.339: [ParNew: 2351967K->121264K(2534400K), 0.0649920 secs] 7187349K->4958694K(10982400K), 0.0676040 secs] [Times: user=0.82 sys=0.00, real=0.07 secs] 
66163.186: [GC 66163.187: [ParNew: 2374064K->138425K(2534400K), 0.0801210 secs] 7211494K->4978248K(10982400K), 0.0827620 secs] [Times: user=0.71 sys=0.00, real=0.08 secs] 
66169.394: [GC 66169.396: [ParNew: 2391225K->124033K(2534400K), 0.0665670 secs] 7231048K->4965768K(10982400K), 0.0691920 secs] [Times: user=0.70 sys=0.00, real=0.07 secs] 
66177.024: [GC 66177.025: [ParNew: 2376833K->142974K(2534400K), 0.1310830 secs] 7218568K->5024194K(10982400K), 0.1334940 secs] [Times: user=0.98 sys=0.01, real=0.14 secs] 
66183.181: [GC 66183.182: [ParNew: 2395774K->189673K(2534400K), 0.0911220 secs] 7276994K->5091907K(10982400K), 0.0937440 secs] [Times: user=1.01 sys=0.01, real=0.09 secs] 
66189.536: [GC 66189.538: [ParNew: 2442473K->200111K(2534400K), 0.0948710 secs] 7344707K->5106016K(10982400K), 0.0975180 secs] [Times: user=0.96 sys=0.00, real=0.10 secs] 
66197.939: [GC 66197.940: [ParNew: 2452911K->148966K(2534400K), 0.1262770 secs] 7358816K->5113357K(10982400K), 0.1289020 secs] [Times: user=0.91 sys=0.01, real=0.13 secs] 
66205.419: [GC 66205.420: [ParNew: 2401762K->122765K(2534400K), 0.0750140 secs] 7366154K->5087156K(10982400K), 0.0776440 secs] [Times: user=0.70 sys=0.01, real=0.08 secs] 
66211.520: [GC 66211.521: [ParNew: 2375565K->99430K(2534400K), 0.1078220 secs] 7339956K->5093781K(10982400K), 0.1104360 secs] [Times: user=0.79 sys=0.01, real=0.12 secs] 
66218.817: [GC 66218.819: [ParNew: 2352230K->103857K(2534400K), 0.0714150 secs] 7346581K->5101334K(10982400K), 0.0740310 secs] [Times: user=0.84 sys=0.00, real=0.08 secs] 
66227.127: [GC 66227.129: [ParNew: 2356657K->121311K(2534400K), 0.0814890 secs] 7354134K->5121706K(10982400K), 0.0841100 secs] [Times: user=0.73 sys=0.01, real=0.08 secs] 
66234.300: [GC 66234.301: [ParNew: 2374111K->138122K(2534400K), 0.0710260 secs] 7374506K->5139936K(10982400K), 0.0736330 secs] [Times: user=0.67 sys=0.00, real=0.08 secs] 
66241.334: [GC 66241.335: [ParNew: 2390922K->133131K(2534400K), 0.1206490 secs] 7392736K->5161459K(10982400K), 0.1232640 secs] [Times: user=1.05 sys=0.01, real=0.13 secs] 
66246.047: [GC 66246.049: [ParNew: 2385931K->119822K(2534400K), 0.0931630 secs] 7414259K->5181174K(10982400K), 0.0957740 secs] [Times: user=0.96 sys=0.01, real=0.09 secs] 
66254.597: [GC 66254.599: [ParNew: 2372622K->122502K(2534400K), 0.0765360 secs] 7433974K->5187255K(10982400K), 0.0791750 secs] [Times: user=0.65 sys=0.01, real=0.08 secs] 
66262.032: [GC 66262.034: [ParNew: 2375302K->126064K(2534400K), 0.0856770 secs] 7440055K->5192705K(10982400K), 0.0882820 secs] [Times: user=0.81 sys=0.00, real=0.09 secs] 
66268.915: [GC 66268.916: [ParNew: 2378864K->119073K(2534400K), 0.0766850 secs] 7445505K->5188487K(10982400K), 0.0793110 secs] [Times: user=0.75 sys=0.01, real=0.08 secs] 
66269.002: [GC [1 CMS-initial-mark: 5069413K(8448000K)] 5188546K(10982400K), 0.1615980 secs] [Times: user=0.16 sys=0.00, real=0.16 secs] 
66275.448: [GC 66275.449: [ParNew: 2371873K->96740K(2534400K), 0.0795250 secs] 7441287K->5192789K(10982400K), 0.0821290 secs] [Times: user=0.64 sys=0.01, real=0.09 secs] 
66276.789: [GC[YG occupancy: 743194 K (2534400 K)]66276.790: [Rescan (parallel) , 0.2185180 secs]66277.009: [weak refs processing, 0.0989260 secs] [1 CMS-remark: 5096048K(8448000K)] 5839242K(10982400K), 0.3191070 secs] [Times: user=4.56 sys=0.01, real=0.32 secs] 
66279.458: [GC 66279.459: [ParNew: 2349540K->95825K(2534400K), 0.0536510 secs] 7282265K->5036871K(10982400K), 0.0559220 secs] [Times: user=0.71 sys=0.01, real=0.06 secs] 
66286.667: [GC 66286.668: [ParNew: 2348625K->127708K(2534400K), 0.0738560 secs] 6928619K->4709910K(10982400K), 0.0764700 secs] [Times: user=0.77 sys=0.01, real=0.08 secs] 
66295.552: [GC 66295.554: [ParNew: 2380508K->123384K(2534400K), 0.0849450 secs] 6962710K->4706813K(10982400K), 0.0875530 secs] [Times: user=0.81 sys=0.00, real=0.09 secs] 
66301.828: [GC 66301.829: [ParNew: 2376184K->104865K(2534400K), 0.0760420 secs] 6959613K->4702549K(10982400K), 0.0787000 secs] [Times: user=0.69 sys=0.01, real=0.08 secs] 
66308.533: [GC 66308.535: [ParNew: 2357665K->81316K(2534400K), 0.1260270 secs] 6955349K->4724438K(10982400K), 0.1286730 secs] [Times: user=0.69 sys=0.01, real=0.13 secs] 
66316.228: [GC 66316.229: [ParNew: 2334094K->99076K(2534400K), 0.0787470 secs] 6977216K->4749810K(10982400K), 0.0813860 secs] [Times: user=0.92 sys=0.00, real=0.08 secs] 
66324.052: [GC 66324.053: [ParNew: 2351876K->116290K(2534400K), 0.0736810 secs] 7002610K->4769555K(10982400K), 0.0762950 secs] [Times: user=0.70 sys=0.01, real=0.08 secs] 
66330.887: [GC 66330.889: [ParNew: 2369090K->116952K(2534400K), 0.0694140 secs] 7022355K->4771005K(10982400K), 0.0720210 secs] [Times: user=0.69 sys=0.00, real=0.08 secs] 
66338.769: [GC 66338.771: [ParNew: 2369752K->127364K(2534400K), 0.0718250 secs] 7023805K->4782843K(10982400K), 0.0744670 secs] [Times: user=0.63 sys=0.00, real=0.08 secs] 
66346.619: [GC 66346.621: [ParNew: 2380164K->107112K(2534400K), 0.1186780 secs] 7035643K->4794930K(10982400K), 0.1213060 secs] [Times: user=0.87 sys=0.02, real=0.13 secs] 
66355.009: [GC 66355.010: [ParNew: 2359912K->131302K(2534400K), 0.0761710 secs] 7047730K->4822020K(10982400K), 0.0786510 secs] [Times: user=0.73 sys=0.01, real=0.08 secs] 
66362.885: [GC 66362.886: [ParNew: 2384102K->118484K(2534400K), 0.0811100 secs] 7074820K->4810489K(10982400K), 0.0837220 secs] [Times: user=0.84 sys=0.01, real=0.08 secs] 
66368.789: [GC 66368.790: [ParNew: 2371284K->133266K(2534400K), 0.0735010 secs] 7063289K->4829394K(10982400K), 0.0761080 secs] [Times: user=0.69 sys=0.00, real=0.08 secs] 
66374.706: [GC 66374.707: [ParNew: 2386066K->86471K(2534400K), 0.1606440 secs] 7082194K->4834665K(10982400K), 0.1633050 secs] [Times: user=0.79 sys=0.02, real=0.16 secs] 
66381.606: [GC 66381.607: [ParNew: 2339271K->103715K(2534400K), 0.0850430 secs] 7087465K->4865078K(10982400K), 0.0876660 secs] [Times: user=0.87 sys=0.01, real=0.09 secs] 
66388.695: [GC 66388.696: [ParNew: 2356515K->130057K(2534400K), 0.0772800 secs] 7117878K->4892696K(10982400K), 0.0798740 secs] [Times: user=0.75 sys=0.00, real=0.08 secs] 
66395.305: [GC 66395.306: [ParNew: 2382857K->122869K(2534400K), 0.0720440 secs] 7145496K->4888094K(10982400K), 0.0746630 secs] [Times: user=0.70 sys=0.00, real=0.08 secs] 
66403.915: [GC 66403.917: [ParNew: 2375669K->129275K(2534400K), 0.0754980 secs] 7140894K->4896178K(10982400K), 0.0777590 secs] [Times: user=0.71 sys=0.00, real=0.08 secs] 
66407.403: [GC 66407.404: [ParNew: 2382075K->90250K(2534400K), 0.1592600 secs] 7148978K->4919896K(10982400K), 0.1618570 secs] [Times: user=0.86 sys=0.04, real=0.16 secs] 
66411.280: [GC 66411.281: [ParNew: 2343050K->39215K(2534400K), 0.0530710 secs] 7172696K->4874853K(10982400K), 0.0556430 secs] [Times: user=0.51 sys=0.00, real=0.06 secs] 
66420.104: [GC 66420.105: [ParNew: 2292015K->94165K(2534400K), 0.0729320 secs] 7127653K->4932509K(10982400K), 0.0755310 secs] [Times: user=0.89 sys=0.00, real=0.07 secs] 
66425.536: [GC 66425.538: [ParNew: 2346965K->129148K(2534400K), 0.0741120 secs] 7185309K->4970333K(10982400K), 0.0767520 secs] [Times: user=0.70 sys=0.00, real=0.08 secs] 
66429.800: [GC 66429.802: [ParNew: 2381948K->121025K(2534400K), 0.0567320 secs] 7223133K->4963518K(10982400K), 0.0593370 secs] [Times: user=0.73 sys=0.00, real=0.06 secs] 
66438.278: [GC 66438.279: [ParNew: 2373825K->156148K(2534400K), 0.0819040 secs] 7216318K->5000835K(10982400K), 0.0843680 secs] [Times: user=0.81 sys=0.01, real=0.08 secs] 
66442.136: [GC 66442.137: [ParNew: 2408948K->101157K(2534400K), 0.1732900 secs] 7253635K->5011568K(10982400K), 0.1758560 secs] [Times: user=0.95 sys=0.04, real=0.17 secs] 
66444.234: [GC 66444.236: [ParNew: 2353957K->59537K(2534400K), 0.0361530 secs] 7264368K->4972590K(10982400K), 0.0386780 secs] [Times: user=0.54 sys=0.00, real=0.04 secs] 
66447.536: [GC 66447.537: [ParNew: 2312337K->100098K(2534400K), 0.0468700 secs] 7225390K->5014549K(10982400K), 0.0491250 secs] [Times: user=0.66 sys=0.00, real=0.05 secs] 
66452.821: [GC 66452.822: [ParNew: 2352898K->145561K(2534400K), 0.0562700 secs] 7267349K->5062807K(10982400K), 0.0588890 secs] [Times: user=0.80 sys=0.00, real=0.06 secs] 
66456.525: [GC 66456.526: [ParNew: 2398361K->142130K(2534400K), 0.0584760 secs] 7315607K->5061580K(10982400K), 0.0609810 secs] [Times: user=0.79 sys=0.00, real=0.06 secs] 
66465.089: [GC 66465.090: [ParNew: 2394930K->142457K(2534400K), 0.0944410 secs] 7314380K->5064931K(10982400K), 0.0970520 secs] [Times: user=0.87 sys=0.00, real=0.10 secs] 
66473.761: [GC 66473.762: [ParNew: 2395257K->111808K(2534400K), 0.1132870 secs] 7317731K->5067709K(10982400K), 0.1158840 secs] [Times: user=0.88 sys=0.01, real=0.11 secs] 
66482.091: [GC 66482.092: [ParNew: 2364608K->96151K(2534400K), 0.1064580 secs] 7320509K->5086362K(10982400K), 0.1090620 secs] [Times: user=0.94 sys=0.01, real=0.11 secs] 
66488.080: [GC 66488.081: [ParNew: 2348951K->119540K(2534400K), 0.0740630 secs] 7339162K->5113279K(10982400K), 0.0767050 secs] [Times: user=0.87 sys=0.00, real=0.08 secs] 
66495.204: [GC 66495.206: [ParNew: 2372340K->147273K(2534400K), 0.0771110 secs] 7366079K->5145465K(10982400K), 0.0797650 secs] [Times: user=0.71 sys=0.00, real=0.08 secs] 
66502.032: [GC 66502.033: [ParNew: 2400073K->131099K(2534400K), 0.0870400 secs] 7398265K->5134000K(10982400K), 0.0896720 secs] [Times: user=0.73 sys=0.00, real=0.09 secs] 
66510.879: [GC 66510.880: [ParNew: 2383899K->102347K(2534400K), 0.1084870 secs] 7386800K->5136950K(10982400K), 0.1111110 secs] [Times: user=0.75 sys=0.01, real=0.11 secs] 
66517.198: [GC 66517.199: [ParNew: 2355105K->97585K(2534400K), 0.0913000 secs] 7389708K->5162181K(10982400K), 0.0939270 secs] [Times: user=0.93 sys=0.01, real=0.09 secs] 
66524.980: [GC 66524.981: [ParNew: 2350385K->130818K(2534400K), 0.0709470 secs] 7414981K->5198847K(10982400K), 0.0735680 secs] [Times: user=0.68 sys=0.00, real=0.07 secs] 
66532.318: [GC 66532.319: [ParNew: 2383618K->131720K(2534400K), 0.0793020 secs] 7451647K->5205412K(10982400K), 0.0815630 secs] [Times: user=0.66 sys=0.00, real=0.09 secs] 
66532.407: [GC [1 CMS-initial-mark: 5073692K(8448000K)] 5205426K(10982400K), 0.1583590 secs] [Times: user=0.16 sys=0.00, real=0.16 secs] 
66536.440: [GC 66536.441: [ParNew: 2384520K->122571K(2534400K), 0.0552200 secs] 7458212K->5198138K(10982400K), 0.0574870 secs] [Times: user=0.69 sys=0.01, real=0.05 secs] 
66538.345: [GC[YG occupancy: 1411397 K (2534400 K)]66538.346: [Rescan (parallel) , 0.4047760 secs]66538.751: [weak refs processing, 0.0172420 secs] [1 CMS-remark: 5075566K(8448000K)] 6486964K(10982400K), 0.4232190 secs] [Times: user=8.23 sys=0.02, real=0.42 secs] 
66541.274: [GC 66541.275: [ParNew: 2375371K->86797K(2534400K), 0.1326270 secs] 7203102K->4963635K(10982400K), 0.1352170 secs] [Times: user=0.80 sys=0.02, real=0.13 secs] 
66547.789: [GC 66547.791: [ParNew: 2339597K->43783K(2534400K), 0.0923570 secs] 6867575K->4590058K(10982400K), 0.0948350 secs] [Times: user=0.61 sys=0.00, real=0.10 secs] 
66553.512: [GC 66553.513: [ParNew: 2296583K->94552K(2534400K), 0.0588420 secs] 6842858K->4642452K(10982400K), 0.0616530 secs] [Times: user=0.91 sys=0.00, real=0.07 secs] 
66561.330: [GC 66561.331: [ParNew: 2347352K->134452K(2534400K), 0.0787960 secs] 6895252K->4684572K(10982400K), 0.0811080 secs] [Times: user=0.83 sys=0.00, real=0.08 secs] 
66569.863: [GC 66569.865: [ParNew: 2387252K->136381K(2534400K), 0.0912230 secs] 6937372K->4687373K(10982400K), 0.0939300 secs] [Times: user=0.83 sys=0.00, real=0.10 secs] 
66578.394: [GC 66578.395: [ParNew: 2389181K->145160K(2534400K), 0.0860720 secs] 6940173K->4699513K(10982400K), 0.0886020 secs] [Times: user=0.86 sys=0.01, real=0.09 secs] 
66585.155: [GC 66585.156: [ParNew: 2397960K->96782K(2534400K), 0.1236310 secs] 6952313K->4689150K(10982400K), 0.1262340 secs] [Times: user=0.62 sys=0.02, real=0.13 secs] 
66592.762: [GC 66592.763: [ParNew: 2349582K->102729K(2534400K), 0.0715510 secs] 6941950K->4700059K(10982400K), 0.0741670 secs] [Times: user=0.89 sys=0.00, real=0.07 secs] 
66598.895: [GC 66598.897: [ParNew: 2355487K->136019K(2534400K), 0.0662890 secs] 6952817K->4736307K(10982400K), 0.0689030 secs] [Times: user=0.70 sys=0.00, real=0.07 secs] 
66604.645: [GC 66604.646: [ParNew: 2388819K->119051K(2534400K), 0.0719990 secs] 6989107K->4724343K(10982400K), 0.0742600 secs] [Times: user=0.66 sys=0.01, real=0.08 secs] 
66613.030: [GC 66613.031: [ParNew: 2371851K->132793K(2534400K), 0.0779310 secs] 6977143K->4739951K(10982400K), 0.0805230 secs] [Times: user=0.71 sys=0.00, real=0.08 secs] 
66620.865: [GC 66620.866: [ParNew: 2385593K->110912K(2534400K), 0.1554750 secs] 6992751K->4771461K(10982400K), 0.1581110 secs] [Times: user=0.99 sys=0.02, real=0.16 secs] 
66628.573: [GC 66628.574: [ParNew: 2363712K->111185K(2534400K), 0.0770690 secs] 7024261K->4773058K(10982400K), 0.0796120 secs] [Times: user=0.86 sys=0.00, real=0.09 secs] 
66636.203: [GC 66636.204: [ParNew: 2363985K->137090K(2534400K), 0.0729040 secs] 7025858K->4801304K(10982400K), 0.0754900 secs] [Times: user=0.70 sys=0.00, real=0.08 secs] 
66644.021: [GC 66644.022: [ParNew: 2389890K->136856K(2534400K), 0.0758980 secs] 7054104K->4802690K(10982400K), 0.0782350 secs] [Times: user=0.77 sys=0.00, real=0.08 secs] 
66653.254: [GC 66653.255: [ParNew: 2389656K->103948K(2534400K), 0.1197900 secs] 7055490K->4803681K(10982400K), 0.1224080 secs] [Times: user=0.78 sys=0.01, real=0.12 secs] 
66661.374: [GC 66661.375: [ParNew: 2356748K->130495K(2534400K), 0.1063230 secs] 7056481K->4865565K(10982400K), 0.1085960 secs] [Times: user=1.04 sys=0.00, real=0.11 secs] 
66665.593: [GC 66665.594: [ParNew: 2383295K->140097K(2534400K), 0.0698150 secs] 7118365K->4877255K(10982400K), 0.0724750 secs] [Times: user=0.74 sys=0.00, real=0.07 secs] 
66670.159: [GC 66670.160: [ParNew: 2392897K->114085K(2534400K), 0.0623630 secs] 7130055K->4856423K(10982400K), 0.0650180 secs] [Times: user=0.68 sys=0.00, real=0.07 secs] 
66676.450: [GC 66676.451: [ParNew: 2366885K->113802K(2534400K), 0.0617890 secs] 7109223K->4858895K(10982400K), 0.0642690 secs] [Times: user=0.64 sys=0.01, real=0.07 secs] 
66684.701: [GC 66684.703: [ParNew: 2366602K->89333K(2534400K), 0.1795510 secs] 7111695K->4899509K(10982400K), 0.1821790 secs] [Times: user=0.87 sys=0.02, real=0.19 secs] 
66691.674: [GC 66691.675: [ParNew: 2342133K->102382K(2534400K), 0.0691290 secs] 7152309K->4913595K(10982400K), 0.0714510 secs] [Times: user=0.77 sys=0.01, real=0.07 secs] 
66696.939: [GC 66696.940: [ParNew: 2355182K->155172K(2534400K), 0.0616050 secs] 7166395K->4967638K(10982400K), 0.0639010 secs] [Times: user=0.75 sys=0.00, real=0.06 secs] 
66703.051: [GC 66703.052: [ParNew: 2407972K->178495K(2534400K), 0.0701450 secs] 7220438K->4992761K(10982400K), 0.0728070 secs] [Times: user=0.68 sys=0.00, real=0.07 secs] 
66708.901: [GC 66708.902: [ParNew: 2431295K->171939K(2534400K), 0.0858060 secs] 7245561K->4991125K(10982400K), 0.0884470 secs] [Times: user=0.87 sys=0.00, real=0.09 secs] 
66713.648: [GC 66713.649: [ParNew: 2424739K->122836K(2534400K), 0.1267010 secs] 7243925K->5001744K(10982400K), 0.1293210 secs] [Times: user=0.88 sys=0.02, real=0.13 secs] 
66719.664: [GC 66719.665: [ParNew: 2370278K->64803K(2534400K), 0.1181670 secs] 7249186K->4985568K(10982400K), 0.1208560 secs] [Times: user=0.68 sys=0.01, real=0.12 secs] 
66724.568: [GC 66724.569: [ParNew: 2317603K->35657K(2534400K), 0.0624820 secs] 7238368K->4960291K(10982400K), 0.0651250 secs] [Times: user=0.49 sys=0.00, real=0.07 secs] 
66729.474: [GC 66729.475: [ParNew: 2288457K->102275K(2534400K), 0.0563690 secs] 7213091K->5029973K(10982400K), 0.0589760 secs] [Times: user=0.84 sys=0.00, real=0.06 secs] 
66736.408: [GC 66736.409: [ParNew: 2355075K->136392K(2534400K), 0.0736760 secs] 7282773K->5066795K(10982400K), 0.0763080 secs] [Times: user=0.81 sys=0.00, real=0.08 secs] 
66743.819: [GC 66743.820: [ParNew: 2389192K->138046K(2534400K), 0.0710890 secs] 7319595K->5070544K(10982400K), 0.0737350 secs] [Times: user=0.65 sys=0.00, real=0.08 secs] 
66753.055: [GC 66753.057: [ParNew: 2390846K->140070K(2534400K), 0.0918110 secs] 7323344K->5074581K(10982400K), 0.0944750 secs] [Times: user=0.87 sys=0.00, real=0.09 secs] 
66761.934: [GC 66761.935: [ParNew: 2392870K->115606K(2534400K), 0.1379770 secs] 7327381K->5083168K(10982400K), 0.1406290 secs] [Times: user=0.77 sys=0.02, real=0.14 secs] 
66769.618: [GC 66769.620: [ParNew: 2368406K->107753K(2534400K), 0.0738820 secs] 7335968K->5086306K(10982400K), 0.0765180 secs] [Times: user=0.82 sys=0.01, real=0.08 secs] 
66777.522: [GC 66777.524: [ParNew: 2360553K->144926K(2534400K), 0.0785840 secs] 7339106K->5126063K(10982400K), 0.0811860 secs] [Times: user=0.71 sys=0.00, real=0.08 secs] 
66784.646: [GC 66784.647: [ParNew: 2397726K->141673K(2534400K), 0.0866480 secs] 7378863K->5126125K(10982400K), 0.0892600 secs] [Times: user=0.82 sys=0.01, real=0.09 secs] 
66792.007: [GC 66792.008: [ParNew: 2394472K->117572K(2534400K), 0.1048660 secs] 7378924K->5118617K(10982400K), 0.1075740 secs] [Times: user=0.86 sys=0.01, real=0.11 secs] 
66795.237: [GC 66795.239: [ParNew: 2370372K->77741K(2534400K), 0.1205270 secs] 7371417K->5129035K(10982400K), 0.1231180 secs] [Times: user=0.72 sys=0.02, real=0.13 secs] 
66802.708: [GC 66802.709: [ParNew: 2330541K->101852K(2534400K), 0.0647080 secs] 7381835K->5157501K(10982400K), 0.0673390 secs] [Times: user=0.78 sys=0.01, real=0.07 secs] 
66809.650: [GC 66809.651: [ParNew: 2354652K->133354K(2534400K), 0.0799740 secs] 7410301K->5190476K(10982400K), 0.0825760 secs] [Times: user=0.83 sys=0.00, real=0.09 secs] 
66817.127: [GC 66817.128: [ParNew: 2386154K->139454K(2534400K), 0.0808250 secs] 7443276K->5199609K(10982400K), 0.0834490 secs] [Times: user=0.67 sys=0.00, real=0.08 secs] 
66825.844: [GC 66825.846: [ParNew: 2392254K->132375K(2534400K), 0.0747180 secs] 7452409K->5194169K(10982400K), 0.0773210 secs] [Times: user=0.66 sys=0.00, real=0.07 secs] 
66834.512: [GC 66834.514: [ParNew: 2385175K->116271K(2534400K), 0.1301940 secs] 7446969K->5212017K(10982400K), 0.1326160 secs] [Times: user=0.96 sys=0.01, real=0.14 secs] 
66834.653: [GC [1 CMS-initial-mark: 5095746K(8448000K)] 5212104K(10982400K), 0.1390880 secs] [Times: user=0.14 sys=0.00, real=0.14 secs] 
66842.630: [GC 66842.631: [ParNew: 2369071K->129658K(2534400K), 0.0730800 secs] 7464817K->5230212K(10982400K), 0.0757300 secs] [Times: user=0.73 sys=0.00, real=0.07 secs] 
66842.819: [GC[YG occupancy: 206326 K (2534400 K)]66842.820: [Rescan (parallel) , 0.0296160 secs]66842.850: [weak refs processing, 0.0568560 secs] [1 CMS-remark: 5100553K(8448000K)] 5306880K(10982400K), 0.0877790 secs] [Times: user=0.67 sys=0.00, real=0.09 secs] 
66849.107: [GC 66849.109: [ParNew: 2382458K->128565K(2534400K), 0.0783990 secs] 6910482K->4658803K(10982400K), 0.0809860 secs] [Times: user=0.70 sys=0.00, real=0.09 secs] 
66855.613: [GC 66855.615: [ParNew: 2381365K->125969K(2534400K), 0.0730830 secs] 6911603K->4657667K(10982400K), 0.0756940 secs] [Times: user=0.79 sys=0.00, real=0.08 secs] 
66863.888: [GC 66863.889: [ParNew: 2378769K->93368K(2534400K), 0.1355070 secs] 6910467K->4666700K(10982400K), 0.1378060 secs] [Times: user=0.77 sys=0.02, real=0.14 secs] 
66871.326: [GC 66871.327: [ParNew: 2346168K->97503K(2534400K), 0.0892570 secs] 6919500K->4693152K(10982400K), 0.0918700 secs] [Times: user=0.84 sys=0.00, real=0.09 secs] 
66878.245: [GC 66878.247: [ParNew: 2350303K->179759K(2534400K), 0.1201320 secs] 6945952K->4777491K(10982400K), 0.1227530 secs] [Times: user=0.85 sys=0.00, real=0.12 secs] 
66886.275: [GC 66886.276: [ParNew: 2432559K->132791K(2534400K), 0.0818620 secs] 7030291K->4733040K(10982400K), 0.0845130 secs] [Times: user=0.70 sys=0.00, real=0.08 secs] 
66894.719: [GC 66894.720: [ParNew: 2385591K->127740K(2534400K), 0.0832020 secs] 6985840K->4729887K(10982400K), 0.0858170 secs] [Times: user=0.79 sys=0.00, real=0.09 secs] 
66902.883: [GC 66902.884: [ParNew: 2380540K->102164K(2534400K), 0.1365020 secs] 6982687K->4735934K(10982400K), 0.1391320 secs] [Times: user=0.85 sys=0.02, real=0.14 secs] 
66909.545: [GC 66909.546: [ParNew: 2354964K->122247K(2534400K), 0.0730280 secs] 6988734K->4759664K(10982400K), 0.0756840 secs] [Times: user=0.72 sys=0.00, real=0.08 secs] 
66916.907: [GC 66916.908: [ParNew: 2375047K->143561K(2534400K), 0.0772150 secs] 7012464K->4782708K(10982400K), 0.0794890 secs] [Times: user=0.85 sys=0.00, real=0.08 secs] 
66921.847: [GC 66921.848: [ParNew: 2396361K->138412K(2534400K), 0.0642960 secs] 7035508K->4779432K(10982400K), 0.0669190 secs] [Times: user=0.78 sys=0.01, real=0.07 secs] 
66926.035: [GC 66926.036: [ParNew: 2391212K->103162K(2534400K), 0.1264170 secs] 7032232K->4783231K(10982400K), 0.1290260 secs] [Times: user=0.78 sys=0.02, real=0.13 secs] 
66933.373: [GC 66933.374: [ParNew: 2355957K->56721K(2534400K), 0.1047810 secs] 7036027K->4763876K(10982400K), 0.1073930 secs] [Times: user=0.64 sys=0.00, real=0.11 secs] 
66940.886: [GC 66940.887: [ParNew: 2309521K->93464K(2534400K), 0.0765850 secs] 7016676K->4807062K(10982400K), 0.0792150 secs] [Times: user=0.91 sys=0.00, real=0.08 secs] 
66947.933: [GC 66947.934: [ParNew: 2346264K->124097K(2534400K), 0.0675760 secs] 7059862K->4842002K(10982400K), 0.0698530 secs] [Times: user=0.70 sys=0.00, real=0.07 secs] 
66953.953: [GC 66953.955: [ParNew: 2376897K->181885K(2534400K), 0.1270780 secs] 7094802K->4901163K(10982400K), 0.1297250 secs] [Times: user=0.81 sys=0.00, real=0.14 secs] 
66960.976: [GC 66960.977: [ParNew: 2434685K->138463K(2534400K), 0.2256350 secs] 7153963K->4924217K(10982400K), 0.2284460 secs] [Times: user=0.88 sys=0.03, real=0.23 secs] 
66966.601: [GC 66966.603: [ParNew: 2391263K->144280K(2534400K), 0.1517550 secs] 7177017K->4930034K(10982400K), 0.1543830 secs] [Times: user=0.57 sys=0.00, real=0.16 secs] 
66970.993: [GC 66970.994: [ParNew: 2397080K->107491K(2534400K), 0.0909800 secs] 7182834K->4895157K(10982400K), 0.0935880 secs] [Times: user=0.79 sys=0.00, real=0.10 secs] 
66976.960: [GC 66976.961: [ParNew: 2360291K->171991K(2534400K), 0.1189610 secs] 7147957K->4962633K(10982400K), 0.1215150 secs] [Times: user=0.89 sys=0.00, real=0.12 secs] 
66981.929: [GC 66981.930: [ParNew: 2424791K->240763K(2534400K), 0.1647040 secs] 7215433K->5033288K(10982400K), 0.1673810 secs] [Times: user=0.80 sys=0.00, real=0.16 secs] 
66988.391: [GC 66988.392: [ParNew: 2493563K->160333K(2534400K), 0.2539030 secs] 7286088K->5024517K(10982400K), 0.2565350 secs] [Times: user=0.93 sys=0.03, real=0.25 secs] 
66995.867: [GC 66995.868: [ParNew: 2413133K->42518K(2534400K), 0.0769030 secs] 7277317K->4906702K(10982400K), 0.0795550 secs] [Times: user=0.62 sys=0.00, real=0.08 secs] 
67001.695: [GC 67001.696: [ParNew: 2295318K->37785K(2534400K), 0.0692280 secs] 7159502K->4901969K(10982400K), 0.0718290 secs] [Times: user=0.64 sys=0.01, real=0.07 secs] 
67007.594: [GC 67007.595: [ParNew: 2290585K->105152K(2534400K), 0.0687580 secs] 7154769K->4971243K(10982400K), 0.0713880 secs] [Times: user=0.76 sys=0.01, real=0.07 secs] 
67015.002: [GC 67015.003: [ParNew: 2357952K->148692K(2534400K), 0.0836790 secs] 7224043K->5017158K(10982400K), 0.0862750 secs] [Times: user=0.79 sys=0.00, real=0.09 secs] 
67021.547: [GC 67021.548: [ParNew: 2401486K->139652K(2534400K), 0.0837310 secs] 7269952K->5013987K(10982400K), 0.0863540 secs] [Times: user=0.80 sys=0.00, real=0.09 secs] 
67025.821: [GC 67025.823: [ParNew: 2392452K->143409K(2534400K), 0.0718820 secs] 7266787K->5018920K(10982400K), 0.0744840 secs] [Times: user=0.77 sys=0.00, real=0.08 secs] 
67032.655: [GC 67032.656: [ParNew: 2396209K->102690K(2534400K), 0.1982520 secs] 7271720K->5047065K(10982400K), 0.2009070 secs] [Times: user=0.87 sys=0.05, real=0.21 secs] 
67039.527: [GC 67039.529: [ParNew: 2355490K->89686K(2534400K), 0.0747670 secs] 7299865K->5037281K(10982400K), 0.0774080 secs] [Times: user=0.82 sys=0.00, real=0.07 secs] 
67046.382: [GC 67046.383: [ParNew: 2342465K->126807K(2534400K), 0.0687720 secs] 7290060K->5077378K(10982400K), 0.0710630 secs] [Times: user=0.71 sys=0.01, real=0.07 secs] 
67050.375: [GC 67050.377: [ParNew: 2379607K->125450K(2534400K), 0.0649370 secs] 7330178K->5077646K(10982400K), 0.0675600 secs] [Times: user=0.79 sys=0.00, real=0.07 secs] 
67054.232: [GC 67054.233: [ParNew: 2378250K->137439K(2534400K), 0.0637440 secs] 7330446K->5092806K(10982400K), 0.0663800 secs] [Times: user=0.79 sys=0.00, real=0.06 secs] 
67062.208: [GC 67062.209: [ParNew: 2390239K->101609K(2534400K), 0.1434180 secs] 7345606K->5102576K(10982400K), 0.1459200 secs] [Times: user=0.82 sys=0.01, real=0.15 secs] 
67069.625: [GC 67069.626: [ParNew: 2354409K->84986K(2534400K), 0.1412400 secs] 7355376K->5109943K(10982400K), 0.1438940 secs] [Times: user=0.72 sys=0.00, real=0.14 secs] 
67075.231: [GC 67075.232: [ParNew: 2337786K->177890K(2534400K), 0.1367830 secs] 7362743K->5203738K(10982400K), 0.1394230 secs] [Times: user=0.86 sys=0.00, real=0.14 secs] 
67079.882: [GC 67079.883: [ParNew: 2430690K->196334K(2534400K), 0.2715500 secs] 7456538K->5289420K(10982400K), 0.2741790 secs] [Times: user=1.06 sys=0.01, real=0.28 secs] 
67080.164: [GC [1 CMS-initial-mark: 5093086K(8448000K)] 5289429K(10982400K), 0.1426310 secs] [Times: user=0.14 sys=0.00, real=0.14 secs] 
67086.178: [GC 67086.179: [ParNew: 2449134K->105829K(2534400K), 0.1328640 secs] 7542220K->5206828K(10982400K), 0.1355400 secs] [Times: user=0.63 sys=0.00, real=0.14 secs] 
67088.043: [GC[YG occupancy: 978931 K (2534400 K)]67088.044: [Rescan (parallel) , 0.2310520 secs]67088.275: [weak refs processing, 0.0198310 secs] [1 CMS-remark: 5100999K(8448000K)] 6079930K(10982400K), 0.2524930 secs] [Times: user=4.73 sys=0.02, real=0.26 secs] 
67091.837: [GC 67091.839: [ParNew: 2358629K->169991K(2534400K), 0.1840180 secs] 7118432K->4929795K(10982400K), 0.1868540 secs] [Times: user=0.69 sys=0.01, real=0.18 secs] 
67096.370: [GC 67096.371: [ParNew: 2422791K->273715K(2534400K), 0.2767520 secs] 6971241K->4832813K(10982400K), 0.2794190 secs] [Times: user=0.74 sys=0.01, real=0.28 secs] 
67101.466: [GC 67101.467: [ParNew: 2526515K->46697K(2534400K), 0.0918860 secs] 7085613K->4609093K(10982400K), 0.0945100 secs] [Times: user=0.59 sys=0.01, real=0.09 secs] 
67109.136: [GC 67109.137: [ParNew: 2299497K->85962K(2534400K), 0.0718170 secs] 6861893K->4648358K(10982400K), 0.0740850 secs] [Times: user=0.86 sys=0.00, real=0.08 secs] 
67117.509: [GC 67117.510: [ParNew: 2338762K->129631K(2534400K), 0.0772950 secs] 6901158K->4692027K(10982400K), 0.0799020 secs] [Times: user=0.72 sys=0.01, real=0.08 secs] 
67125.348: [GC 67125.350: [ParNew: 2382431K->154752K(2534400K), 0.0934050 secs] 6944827K->4717148K(10982400K), 0.0960260 secs] [Times: user=0.73 sys=0.00, real=0.10 secs] 
67130.281: [GC 67130.282: [ParNew: 2407552K->157581K(2534400K), 0.0738350 secs] 6969948K->4724894K(10982400K), 0.0766040 secs] [Times: user=0.73 sys=0.01, real=0.07 secs] 
67134.868: [GC 67134.869: [ParNew: 2410381K->120518K(2534400K), 0.1626040 secs] 6977694K->4746409K(10982400K), 0.1652100 secs] [Times: user=0.94 sys=0.01, real=0.17 secs] 
67139.866: [GC 67139.868: [ParNew: 2373318K->108041K(2534400K), 0.0829380 secs] 6999209K->4745583K(10982400K), 0.0855460 secs] [Times: user=0.85 sys=0.01, real=0.09 secs] 
67144.208: [GC 67144.210: [ParNew: 2360841K->146667K(2534400K), 0.0604690 secs] 6998383K->4786250K(10982400K), 0.0630760 secs] [Times: user=0.77 sys=0.00, real=0.07 secs] 
67148.781: [GC 67148.783: [ParNew: 2399467K->146022K(2534400K), 0.0794350 secs] 7039050K->4795972K(10982400K), 0.0820530 secs] [Times: user=0.78 sys=0.00, real=0.09 secs] 
67153.308: [GC 67153.309: [ParNew: 2398822K->141833K(2534400K), 0.0766540 secs] 7048772K->4799035K(10982400K), 0.0792610 secs] [Times: user=0.85 sys=0.00, real=0.08 secs] 
67159.207: [GC 67159.208: [ParNew: 2394633K->111044K(2534400K), 0.1274890 secs] 7051835K->4803962K(10982400K), 0.1301090 secs] [Times: user=0.88 sys=0.01, real=0.13 secs] 
67163.953: [GC 67163.954: [ParNew: 2363844K->57712K(2534400K), 0.1064330 secs] 7056762K->4784542K(10982400K), 0.1090270 secs] [Times: user=0.78 sys=0.01, real=0.11 secs] 
67171.045: [GC 67171.046: [ParNew: 2310512K->44383K(2534400K), 0.0740260 secs] 7037342K->4774350K(10982400K), 0.0766720 secs] [Times: user=0.65 sys=0.01, real=0.08 secs] 
67179.368: [GC 67179.369: [ParNew: 2297183K->91985K(2534400K), 0.0694800 secs] 7027150K->4823356K(10982400K), 0.0717810 secs] [Times: user=0.88 sys=0.00, real=0.08 secs] 
67184.083: [GC 67184.084: [ParNew: 2344785K->130945K(2534400K), 0.0643020 secs] 7076156K->4863573K(10982400K), 0.0669630 secs] [Times: user=0.77 sys=0.00, real=0.07 secs] 
67188.436: [GC 67188.437: [ParNew: 2383745K->145002K(2534400K), 0.0680480 secs] 7116373K->4879320K(10982400K), 0.0707180 secs] [Times: user=0.87 sys=0.01, real=0.07 secs] 
67192.831: [GC 67192.832: [ParNew: 2397802K->125975K(2534400K), 0.0714150 secs] 7132120K->4862877K(10982400K), 0.0740370 secs] [Times: user=0.79 sys=0.00, real=0.07 secs] 
67200.589: [GC 67200.590: [ParNew: 2378775K->90367K(2534400K), 0.2266510 secs] 7115677K->4893284K(10982400K), 0.2292970 secs] [Times: user=0.87 sys=0.06, real=0.23 secs] 
67205.157: [GC 67205.158: [ParNew: 2343167K->49628K(2534400K), 0.0614720 secs] 7146084K->4853256K(10982400K), 0.0640820 secs] [Times: user=0.52 sys=0.00, real=0.07 secs] 
67211.979: [GC 67211.980: [ParNew: 2302428K->99380K(2534400K), 0.0666880 secs] 7106056K->4904519K(10982400K), 0.0693150 secs] [Times: user=0.86 sys=0.01, real=0.07 secs] 
67220.155: [GC 67220.157: [ParNew: 2352180K->139917K(2534400K), 0.0878100 secs] 7157319K->4947561K(10982400K), 0.0904530 secs] [Times: user=0.86 sys=0.00, real=0.09 secs] 
67227.784: [GC 67227.785: [ParNew: 2392717K->121354K(2534400K), 0.0708310 secs] 7200361K->4931569K(10982400K), 0.0731150 secs] [Times: user=0.60 sys=0.00, real=0.08 secs] 
67234.692: [GC 67234.694: [ParNew: 2374154K->192953K(2534400K), 0.1421520 secs] 7184369K->5008543K(10982400K), 0.1448280 secs] [Times: user=0.78 sys=0.01, real=0.15 secs] 
67240.914: [GC 67240.915: [ParNew: 2445753K->194270K(2534400K), 0.2224250 secs] 7261343K->5060656K(10982400K), 0.2250770 secs] [Times: user=1.14 sys=0.02, real=0.23 secs] 
67244.298: [GC 67244.299: [ParNew: 2447070K->186599K(2534400K), 0.2211990 secs] 7313456K->5111751K(10982400K), 0.2238220 secs] [Times: user=1.02 sys=0.02, real=0.22 secs] 
67249.154: [GC 67249.155: [ParNew: 2439399K->145605K(2534400K), 0.1756170 secs] 7364551K->5090147K(10982400K), 0.1782670 secs] [Times: user=0.70 sys=0.01, real=0.18 secs] 
67252.563: [GC 67252.564: [ParNew: 2398405K->172470K(2534400K), 0.1795460 secs] 7342947K->5117012K(10982400K), 0.1821830 secs] [Times: user=0.64 sys=0.01, real=0.18 secs] 
67257.668: [GC 67257.669: [ParNew: 2425270K->154449K(2534400K), 0.1629340 secs] 7369812K->5107989K(10982400K), 0.1652240 secs] [Times: user=0.83 sys=0.01, real=0.17 secs] 
67260.918: [GC 67260.919: [ParNew: 2407249K->86640K(2534400K), 0.1104880 secs] 7360789K->5044011K(10982400K), 0.1130670 secs] [Times: user=0.65 sys=0.00, real=0.12 secs] 
67263.409: [GC 67263.410: [ParNew: 2339440K->137045K(2534400K), 0.1606970 secs] 7296810K->5094416K(10982400K), 0.1634520 secs] [Times: user=0.68 sys=0.00, real=0.17 secs] 
67266.525: [GC 67266.526: [ParNew: 2389845K->281599K(2534400K), 0.2783490 secs] 7347216K->5239159K(10982400K), 0.2809750 secs] [Times: user=0.74 sys=0.01, real=0.28 secs] 
67269.765: [GC 67269.766: [ParNew: 2534399K->106789K(2534400K), 0.1315580 secs] 7491959K->5070135K(10982400K), 0.1341500 secs] [Times: user=0.61 sys=0.01, real=0.13 secs] 
67274.234: [GC 67274.235: [ParNew: 2359589K->194448K(2534400K), 0.1660060 secs] 7322935K->5157793K(10982400K), 0.1686390 secs] [Times: user=0.70 sys=0.01, real=0.17 secs] 
67276.008: [GC 67276.009: [ParNew: 2447248K->93530K(2534400K), 0.1361850 secs] 7410593K->5102471K(10982400K), 0.1387200 secs] [Times: user=0.84 sys=0.01, real=0.14 secs] 
67277.143: [GC 67277.144: [ParNew: 2346330K->70771K(2534400K), 0.0744920 secs] 7355271K->5079712K(10982400K), 0.0770470 secs] [Times: user=0.68 sys=0.00, real=0.07 secs] 
67282.490: [GC 67282.491: [ParNew: 2323571K->66478K(2534400K), 0.0632380 secs] 7332512K->5075419K(10982400K), 0.0656510 secs] [Times: user=0.69 sys=0.01, real=0.07 secs] 
67289.359: [GC 67289.360: [ParNew: 2319278K->78937K(2534400K), 0.0712430 secs] 7328219K->5087878K(10982400K), 0.0733490 secs] [Times: user=0.69 sys=0.01, real=0.07 secs] 
67297.110: [GC 67297.111: [ParNew: 2331737K->64759K(2534400K), 0.0840920 secs] 7340678K->5089583K(10982400K), 0.0858710 secs] [Times: user=0.65 sys=0.00, real=0.09 secs] 
67303.214: [GC 67303.215: [ParNew: 2317559K->50222K(2534400K), 0.0693870 secs] 7342383K->5084959K(10982400K), 0.0711590 secs] [Times: user=0.52 sys=0.01, real=0.07 secs] 
67310.565: [GC 67310.566: [ParNew: 2303022K->101537K(2534400K), 0.0678040 secs] 7337759K->5142658K(10982400K), 0.0695510 secs] [Times: user=0.80 sys=0.01, real=0.07 secs] 
67316.063: [GC 67316.064: [ParNew: 2354337K->129184K(2534400K), 0.0713560 secs] 7395458K->5176957K(10982400K), 0.0730270 secs] [Times: user=0.82 sys=0.00, real=0.07 secs] 
67319.933: [GC 67319.934: [ParNew: 2381984K->158412K(2534400K), 0.0649540 secs] 7429757K->5210255K(10982400K), 0.0667050 secs] [Times: user=0.75 sys=0.01, real=0.07 secs] 
67322.866: [GC 67322.867: [ParNew: 2411212K->128619K(2534400K), 0.0540790 secs] 7463055K->5182381K(10982400K), 0.0558170 secs] [Times: user=0.72 sys=0.00, real=0.06 secs] 
67325.480: [GC 67325.481: [ParNew: 2381419K->89290K(2534400K), 0.1343690 secs] 7435181K->5208369K(10982400K), 0.1361100 secs] [Times: user=0.78 sys=0.03, real=0.13 secs] 
67325.623: [GC [1 CMS-initial-mark: 5119078K(8448000K)] 5209184K(10982400K), 0.0579840 secs] [Times: user=0.06 sys=0.00, real=0.06 secs] 
67329.433: [GC 67329.434: [ParNew: 2342090K->32187K(2534400K), 0.0531460 secs] 7461169K->5153159K(10982400K), 0.0549210 secs] [Times: user=0.53 sys=0.00, real=0.05 secs] 
67331.356: [GC[YG occupancy: 1219542 K (2534400 K)]67331.357: [Rescan (parallel) , 0.1457030 secs]67331.503: [weak refs processing, 0.0180190 secs] [1 CMS-remark: 5120972K(8448000K)] 6340514K(10982400K), 0.1645830 secs] [Times: user=3.04 sys=0.01, real=0.17 secs] 
67332.998: [GC 67332.999: [ParNew: 2284987K->26651K(2534400K), 0.0482820 secs] 7249739K->4992664K(10982400K), 0.0500120 secs] [Times: user=0.52 sys=0.00, real=0.05 secs] 
67335.073: [GC 67335.074: [ParNew: 2279451K->22154K(2534400K), 0.0332950 secs] 7058994K->4802833K(10982400K), 0.0350080 secs] [Times: user=0.41 sys=0.00, real=0.03 secs] 
67341.030: [GC 67341.031: [ParNew: 2274954K->62573K(2534400K), 0.0543140 secs] 6831820K->4619957K(10982400K), 0.0560790 secs] [Times: user=0.64 sys=0.01, real=0.06 secs] 
67349.113: [GC 67349.114: [ParNew: 2315373K->102295K(2534400K), 0.0639750 secs] 6872757K->4661119K(10982400K), 0.0657530 secs] [Times: user=0.67 sys=0.00, real=0.07 secs] 
67357.650: [GC 67357.651: [ParNew: 2355095K->131747K(2534400K), 0.0864330 secs] 6913919K->4691417K(10982400K), 0.0881670 secs] [Times: user=0.80 sys=0.00, real=0.09 secs] 
67366.134: [GC 67366.135: [ParNew: 2384547K->141103K(2534400K), 0.0823150 secs] 6944217K->4701248K(10982400K), 0.0840780 secs] [Times: user=0.82 sys=0.00, real=0.09 secs] 
67374.338: [GC 67374.339: [ParNew: 2393903K->132356K(2534400K), 0.1030390 secs] 6954048K->4711105K(10982400K), 0.1047930 secs] [Times: user=0.79 sys=0.03, real=0.10 secs] 
67381.094: [GC 67381.095: [ParNew: 2385156K->134382K(2534400K), 0.0984310 secs] 6963905K->4731427K(10982400K), 0.1001690 secs] [Times: user=0.86 sys=0.01, real=0.10 secs] 
67387.334: [GC 67387.335: [ParNew: 2387182K->136708K(2534400K), 0.0848380 secs] 6984227K->4736748K(10982400K), 0.0865130 secs] [Times: user=0.84 sys=0.01, real=0.09 secs] 
67394.788: [GC 67394.789: [ParNew: 2389508K->133817K(2534400K), 0.0791820 secs] 6989548K->4738853K(10982400K), 0.0809600 secs] [Times: user=0.80 sys=0.01, real=0.08 secs] 
67402.551: [GC 67402.552: [ParNew: 2386617K->92923K(2534400K), 0.1174930 secs] 6991653K->4740122K(10982400K), 0.1192380 secs] [Times: user=0.81 sys=0.02, real=0.12 secs] 
67409.985: [GC 67409.986: [ParNew: 2345723K->104583K(2534400K), 0.0875750 secs] 6992922K->4775608K(10982400K), 0.0893550 secs] [Times: user=0.96 sys=0.01, real=0.09 secs] 
67418.204: [GC 67418.205: [ParNew: 2357383K->132859K(2534400K), 0.0821200 secs] 7028408K->4806130K(10982400K), 0.0838050 secs] [Times: user=0.84 sys=0.00, real=0.08 secs] 
67426.120: [GC 67426.121: [ParNew: 2385659K->123755K(2534400K), 0.0833560 secs] 7058930K->4799729K(10982400K), 0.0851170 secs] [Times: user=0.85 sys=0.00, real=0.09 secs] 
67435.054: [GC 67435.055: [ParNew: 2376555K->127428K(2534400K), 0.0803330 secs] 7052529K->4805030K(10982400K), 0.0820990 secs] [Times: user=0.72 sys=0.00, real=0.08 secs] 
67440.595: [GC 67440.596: [ParNew: 2380228K->118966K(2534400K), 0.0930050 secs] 7057830K->4830297K(10982400K), 0.0947670 secs] [Times: user=0.84 sys=0.02, real=0.10 secs] 
67446.561: [GC 67446.562: [ParNew: 2371766K->138654K(2534400K), 0.0855040 secs] 7083097K->4851754K(10982400K), 0.0873700 secs] [Times: user=0.88 sys=0.00, real=0.09 secs] 
67454.961: [GC 67454.962: [ParNew: 2391454K->142711K(2534400K), 0.0777180 secs] 7104554K->4858357K(10982400K), 0.0795090 secs] [Times: user=0.69 sys=0.00, real=0.08 secs] 
67461.773: [GC 67461.774: [ParNew: 2395511K->127496K(2534400K), 0.0786710 secs] 7111157K->4849230K(10982400K), 0.0804570 secs] [Times: user=0.81 sys=0.01, real=0.08 secs] 
67465.754: [GC 67465.755: [ParNew: 2380296K->87748K(2534400K), 0.1220670 secs] 7102030K->4861516K(10982400K), 0.1238270 secs] [Times: user=0.84 sys=0.03, real=0.12 secs] 
67473.571: [GC 67473.572: [ParNew: 2340548K->84312K(2534400K), 0.0781570 secs] 7114316K->4871974K(10982400K), 0.0799500 secs] [Times: user=0.80 sys=0.01, real=0.08 secs] 
67480.714: [GC 67480.715: [ParNew: 2337112K->122820K(2534400K), 0.0661210 secs] 7124774K->4912609K(10982400K), 0.0678080 secs] [Times: user=0.71 sys=0.01, real=0.06 secs] 
67488.947: [GC 67488.948: [ParNew: 2375620K->127551K(2534400K), 0.0723840 secs] 7165409K->4918863K(10982400K), 0.0741060 secs] [Times: user=0.64 sys=0.00, real=0.07 secs] 
67497.315: [GC 67497.316: [ParNew: 2380351K->139414K(2534400K), 0.0824250 secs] 7171663K->4931652K(10982400K), 0.0841290 secs] [Times: user=0.87 sys=0.00, real=0.09 secs] 
67504.350: [GC 67504.351: [ParNew: 2392214K->99315K(2534400K), 0.1051860 secs] 7184452K->4917459K(10982400K), 0.1069140 secs] [Times: user=0.83 sys=0.02, real=0.11 secs] 
67510.839: [GC 67510.840: [ParNew: 2352115K->123783K(2534400K), 0.0764240 secs] 7170259K->4952155K(10982400K), 0.0781900 secs] [Times: user=0.73 sys=0.00, real=0.08 secs] 
67519.439: [GC 67519.440: [ParNew: 2376583K->130832K(2534400K), 0.0860280 secs] 7204955K->4960399K(10982400K), 0.0878520 secs] [Times: user=0.82 sys=0.00, real=0.09 secs] 
67527.067: [GC 67527.068: [ParNew: 2383632K->188204K(2534400K), 0.0788250 secs] 7213199K->5019708K(10982400K), 0.0806040 secs] [Times: user=0.78 sys=0.00, real=0.08 secs] 
67533.997: [GC 67533.998: [ParNew: 2441004K->170448K(2534400K), 0.1213480 secs] 7272508K->5037502K(10982400K), 0.1231380 secs] [Times: user=0.97 sys=0.02, real=0.12 secs] 
67540.931: [GC 67540.932: [ParNew: 2423248K->204368K(2534400K), 0.0976620 secs] 7290302K->5099331K(10982400K), 0.0994350 secs] [Times: user=1.12 sys=0.01, real=0.10 secs] 
67549.707: [GC 67549.708: [ParNew: 2457168K->205131K(2534400K), 0.0925480 secs] 7352131K->5105284K(10982400K), 0.0943280 secs] [Times: user=0.94 sys=0.01, real=0.09 secs] 
67557.993: [GC 67557.994: [ParNew: 2457931K->151097K(2534400K), 0.1075420 secs] 7358084K->5102785K(10982400K), 0.1092710 secs] [Times: user=0.89 sys=0.00, real=0.11 secs] 
67564.299: [GC 67564.300: [ParNew: 2403897K->151685K(2534400K), 0.0817730 secs] 7355585K->5106782K(10982400K), 0.0835470 secs] [Times: user=0.88 sys=0.00, real=0.08 secs] 
67571.862: [GC 67571.863: [ParNew: 2404485K->131463K(2534400K), 0.1090830 secs] 7359582K->5123682K(10982400K), 0.1108570 secs] [Times: user=0.97 sys=0.00, real=0.11 secs] 
67578.331: [GC 67578.332: [ParNew: 2384263K->136869K(2534400K), 0.0755430 secs] 7376482K->5134060K(10982400K), 0.0773140 secs] [Times: user=0.79 sys=0.00, real=0.08 secs] 
67585.971: [GC 67585.972: [ParNew: 2389669K->166692K(2534400K), 0.0785650 secs] 7386860K->5166207K(10982400K), 0.0803220 secs] [Times: user=0.81 sys=0.01, real=0.08 secs] 
67591.439: [GC 67591.440: [ParNew: 2419492K->137897K(2534400K), 0.0635500 secs] 7419007K->5139428K(10982400K), 0.0653030 secs] [Times: user=0.76 sys=0.00, real=0.07 secs] 
67594.724: [GC 67594.725: [ParNew: 2390697K->94251K(2534400K), 0.1262630 secs] 7392228K->5156754K(10982400K), 0.1280390 secs] [Times: user=0.85 sys=0.03, real=0.13 secs] 
67602.175: [GC 67602.176: [ParNew: 2347051K->84760K(2534400K), 0.0816140 secs] 7409554K->5156999K(10982400K), 0.0833820 secs] [Times: user=0.81 sys=0.00, real=0.08 secs] 
67602.264: [GC [1 CMS-initial-mark: 5072239K(8448000K)] 5157045K(10982400K), 0.1107490 secs] [Times: user=0.11 sys=0.00, real=0.11 secs] 
67610.432: [GC[YG occupancy: 2336185 K (2534400 K)]67610.433: [Rescan (parallel) , 1.6661230 secs]67612.099: [weak refs processing, 0.0785540 secs] [1 CMS-remark: 5072239K(8448000K)] 7408425K(10982400K), 1.7457240 secs] [Times: user=33.75 sys=0.12, real=1.75 secs] 
67612.189: [GC 67612.190: [ParNew: 2337560K->107271K(2534400K), 0.0677670 secs] 7409799K->5182519K(10982400K), 0.0695460 secs] [Times: user=0.72 sys=0.00, real=0.07 secs] 
67617.707: [GC 67617.708: [ParNew: 2360071K->134519K(2534400K), 0.0715860 secs] 6912436K->4687812K(10982400K), 0.0732630 secs] [Times: user=0.80 sys=0.00, real=0.07 secs] 
67623.382: [GC 67623.383: [ParNew: 2387319K->141474K(2534400K), 0.0731800 secs] 6940612K->4695361K(10982400K), 0.0749580 secs] [Times: user=0.72 sys=0.00, real=0.08 secs] 
67631.313: [GC 67631.314: [ParNew: 2394274K->105877K(2534400K), 0.1153530 secs] 6948161K->4694300K(10982400K), 0.1171230 secs] [Times: user=0.79 sys=0.01, real=0.12 secs] 
67638.264: [GC 67638.265: [ParNew: 2358677K->99066K(2534400K), 0.0974240 secs] 6947100K->4716626K(10982400K), 0.0992130 secs] [Times: user=0.89 sys=0.01, real=0.10 secs] 
67646.664: [GC 67646.665: [ParNew: 2351866K->128745K(2534400K), 0.0810820 secs] 6969426K->4750155K(10982400K), 0.0828540 secs] [Times: user=0.84 sys=0.01, real=0.08 secs] 
67654.178: [GC 67654.179: [ParNew: 2381545K->139355K(2534400K), 0.0829980 secs] 7002955K->4767267K(10982400K), 0.0847700 secs] [Times: user=0.73 sys=0.01, real=0.09 secs] 
67662.161: [GC 67662.162: [ParNew: 2392155K->130942K(2534400K), 0.0763090 secs] 7020067K->4762423K(10982400K), 0.0780770 secs] [Times: user=0.73 sys=0.00, real=0.07 secs] 
67667.394: [GC 67667.395: [ParNew: 2383742K->87963K(2534400K), 0.1029800 secs] 7015223K->4762254K(10982400K), 0.1047430 secs] [Times: user=0.73 sys=0.02, real=0.10 secs] 
67676.550: [GC 67676.551: [ParNew: 2340763K->106583K(2534400K), 0.0859200 secs] 7015054K->4802346K(10982400K), 0.0876120 secs] [Times: user=0.95 sys=0.01, real=0.09 secs] 
67683.598: [GC 67683.599: [ParNew: 2359383K->136178K(2534400K), 0.0856820 secs] 7055146K->4836196K(10982400K), 0.0874600 secs] [Times: user=0.81 sys=0.00, real=0.09 secs] 
67691.400: [GC 67691.401: [ParNew: 2388978K->133024K(2534400K), 0.0807790 secs] 7088996K->4834554K(10982400K), 0.0825710 secs] [Times: user=0.76 sys=0.00, real=0.08 secs] 
67701.819: [GC 67701.820: [ParNew: 2385824K->114757K(2534400K), 0.0828970 secs] 7087354K->4817526K(10982400K), 0.0845770 secs] [Times: user=0.66 sys=0.00, real=0.08 secs] 
67709.924: [GC 67709.924: [ParNew: 2367557K->123267K(2534400K), 0.1126480 secs] 7070326K->4859716K(10982400K), 0.1143120 secs] [Times: user=1.00 sys=0.02, real=0.12 secs] 
67718.027: [GC 67718.028: [ParNew: 2376067K->138012K(2534400K), 0.0849890 secs] 7112516K->4876104K(10982400K), 0.0867390 secs] [Times: user=0.82 sys=0.00, real=0.09 secs] 
67722.706: [GC 67722.707: [ParNew: 2390812K->147780K(2534400K), 0.0583730 secs] 7128904K->4888293K(10982400K), 0.0601240 secs] [Times: user=0.66 sys=0.00, real=0.06 secs] 
67727.842: [GC 67727.842: [ParNew: 2400561K->105866K(2534400K), 0.0751460 secs] 7141074K->4861158K(10982400K), 0.0769050 secs] [Times: user=0.76 sys=0.01, real=0.07 secs] 
67736.374: [GC 67736.375: [ParNew: 2358666K->111358K(2534400K), 0.1294430 secs] 7113958K->4910800K(10982400K), 0.1312240 secs] [Times: user=1.02 sys=0.02, real=0.13 secs] 
67743.586: [GC 67743.587: [ParNew: 2364158K->130412K(2534400K), 0.0766610 secs] 7163600K->4935569K(10982400K), 0.0784350 secs] [Times: user=0.74 sys=0.00, real=0.08 secs] 
67750.487: [GC 67750.488: [ParNew: 2383212K->122155K(2534400K), 0.0705750 secs] 7188369K->4928226K(10982400K), 0.0723330 secs] [Times: user=0.70 sys=0.00, real=0.07 secs] 
67759.269: [GC 67759.270: [ParNew: 2374955K->142830K(2534400K), 0.0793820 secs] 7181026K->4950090K(10982400K), 0.0811760 secs] [Times: user=0.62 sys=0.01, real=0.08 secs] 
67766.966: [GC 67766.967: [ParNew: 2395630K->107689K(2534400K), 0.1009120 secs] 7202890K->4936632K(10982400K), 0.1026740 secs] [Times: user=0.76 sys=0.01, real=0.11 secs] 
67775.070: [GC 67775.071: [ParNew: 2360489K->136733K(2534400K), 0.0840440 secs] 7189432K->4979977K(10982400K), 0.0858100 secs] [Times: user=0.89 sys=0.00, real=0.08 secs] 
67784.177: [GC 67784.178: [ParNew: 2389533K->131903K(2534400K), 0.0791020 secs] 7232777K->4976946K(10982400K), 0.0808190 secs] [Times: user=0.64 sys=0.00, real=0.08 secs] 
67792.479: [GC 67792.480: [ParNew: 2384703K->139955K(2534400K), 0.0786880 secs] 7229746K->4989386K(10982400K), 0.0804500 secs] [Times: user=0.72 sys=0.00, real=0.08 secs] 
67799.331: [GC 67799.332: [ParNew: 2392755K->127725K(2534400K), 0.0846330 secs] 7242186K->4989536K(10982400K), 0.0864140 secs] [Times: user=0.67 sys=0.01, real=0.09 secs] 
67806.109: [GC 67806.110: [ParNew: 2380525K->119013K(2534400K), 0.0914330 secs] 7242336K->5006250K(10982400K), 0.0931040 secs] [Times: user=0.88 sys=0.01, real=0.10 secs] 
67814.300: [GC 67814.301: [ParNew: 2371813K->123191K(2534400K), 0.0829630 secs] 7259050K->5013192K(10982400K), 0.0846390 secs] [Times: user=0.81 sys=0.01, real=0.09 secs] 
67820.834: [GC 67820.835: [ParNew: 2375885K->122869K(2534400K), 0.0793400 secs] 7265886K->5016363K(10982400K), 0.0811200 secs] [Times: user=0.82 sys=0.00, real=0.09 secs] 
67827.176: [GC 67827.177: [ParNew: 2375669K->91618K(2534400K), 0.0944630 secs] 7269163K->5013979K(10982400K), 0.0962330 secs] [Times: user=0.72 sys=0.01, real=0.09 secs] 
67833.684: [GC 67833.685: [ParNew: 2344418K->99859K(2534400K), 0.0993520 secs] 7266779K->5056587K(10982400K), 0.1010670 secs] [Times: user=0.89 sys=0.01, real=0.10 secs] 
67840.410: [GC 67840.411: [ParNew: 2352659K->125439K(2534400K), 0.0633890 secs] 7309387K->5085301K(10982400K), 0.0660090 secs] [Times: user=0.64 sys=0.01, real=0.06 secs] 
67843.845: [GC 67843.847: [ParNew: 2378239K->112206K(2534400K), 0.0487660 secs] 7338101K->5073520K(10982400K), 0.0513390 secs] [Times: user=0.60 sys=0.00, real=0.05 secs] 
67848.622: [GC 67848.623: [ParNew: 2365006K->115283K(2534400K), 0.0571150 secs] 7326320K->5077868K(10982400K), 0.0597590 secs] [Times: user=0.61 sys=0.00, real=0.06 secs] 
67853.935: [GC 67853.936: [ParNew: 2368083K->85669K(2534400K), 0.1581300 secs] 7330668K->5099535K(10982400K), 0.1604860 secs] [Times: user=0.81 sys=0.03, real=0.16 secs] 
67860.991: [GC 67860.992: [ParNew: 2338469K->41972K(2534400K), 0.1015940 secs] 7352335K->5072041K(10982400K), 0.1041950 secs] [Times: user=0.71 sys=0.01, real=0.10 secs] 
67869.100: [GC 67869.101: [ParNew: 2294719K->90112K(2534400K), 0.0694700 secs] 7324787K->5122196K(10982400K), 0.0720700 secs] [Times: user=0.89 sys=0.00, real=0.07 secs] 
67875.717: [GC 67875.718: [ParNew: 2342912K->126925K(2534400K), 0.0708890 secs] 7374996K->5160426K(10982400K), 0.0734700 secs] [Times: user=0.75 sys=0.00, real=0.07 secs] 
67883.424: [GC 67883.426: [ParNew: 2379725K->136570K(2534400K), 0.0784860 secs] 7413226K->5171067K(10982400K), 0.0811310 secs] [Times: user=0.70 sys=0.00, real=0.09 secs] 
67890.976: [GC 67890.977: [ParNew: 2389370K->142028K(2534400K), 0.0804790 secs] 7423867K->5178886K(10982400K), 0.0830850 secs] [Times: user=0.83 sys=0.00, real=0.09 secs] 
67898.195: [GC 67898.197: [ParNew: 2394828K->111710K(2534400K), 0.1246460 secs] 7431686K->5183022K(10982400K), 0.1270730 secs] [Times: user=0.96 sys=0.02, real=0.13 secs] 
67898.330: [GC [1 CMS-initial-mark: 5071312K(8448000K)] 5183060K(10982400K), 0.1402910 secs] [Times: user=0.14 sys=0.00, real=0.14 secs] 
67906.159: [GC[YG occupancy: 2309583 K (2534400 K)]67906.160: [Rescan (parallel) , 1.5158340 secs]67907.676: [weak refs processing, 0.0208980 secs] [1 CMS-remark: 5071312K(8448000K)] 7380895K(10982400K), 1.5381880 secs] [Times: user=30.74 sys=0.12, real=1.53 secs] 
67907.724: [GC 67907.726: [ParNew: 2364510K->145288K(2534400K), 0.0796310 secs] 7435609K->5218249K(10982400K), 0.0819860 secs] [Times: user=0.90 sys=0.00, real=0.08 secs] 
67915.986: [GC 67915.987: [ParNew: 2398084K->134387K(2534400K), 0.0850330 secs] 6896518K->4635457K(10982400K), 0.0876410 secs] [Times: user=0.80 sys=0.00, real=0.09 secs] 
67921.965: [GC 67921.966: [ParNew: 2387187K->132937K(2534400K), 0.0723880 secs] 6888257K->4636524K(10982400K), 0.0749900 secs] [Times: user=0.67 sys=0.01, real=0.07 secs] 
67930.706: [GC 67930.707: [ParNew: 2385737K->113649K(2534400K), 0.1191330 secs] 6889324K->4641279K(10982400K), 0.1217460 secs] [Times: user=0.84 sys=0.01, real=0.12 secs] 
67939.078: [GC 67939.080: [ParNew: 2366449K->139072K(2534400K), 0.0846950 secs] 6894079K->4679290K(10982400K), 0.0869750 secs] [Times: user=0.93 sys=0.00, real=0.09 secs] 
67947.554: [GC 67947.555: [ParNew: 2391872K->126336K(2534400K), 0.0861980 secs] 6932090K->4668809K(10982400K), 0.0885920 secs] [Times: user=0.73 sys=0.00, real=0.09 secs] 
67955.966: [GC 67955.967: [ParNew: 2379136K->127557K(2534400K), 0.0887970 secs] 6921609K->4674843K(10982400K), 0.0914300 secs] [Times: user=0.83 sys=0.01, real=0.10 secs] 
67962.272: [GC 67962.273: [ParNew: 2380357K->122024K(2534400K), 0.0912260 secs] 6927643K->4687032K(10982400K), 0.0938630 secs] [Times: user=0.73 sys=0.01, real=0.09 secs] 
67970.067: [GC 67970.069: [ParNew: 2374824K->133001K(2534400K), 0.0964460 secs] 6939832K->4716844K(10982400K), 0.0990470 secs] [Times: user=0.84 sys=0.01, real=0.10 secs] 
67976.213: [GC 67976.214: [ParNew: 2385801K->129882K(2534400K), 0.0730560 secs] 6969644K->4716999K(10982400K), 0.0756450 secs] [Times: user=0.78 sys=0.01, real=0.08 secs] 
67981.082: [GC 67981.084: [ParNew: 2382682K->130048K(2534400K), 0.0624620 secs] 6969799K->4720127K(10982400K), 0.0650590 secs] [Times: user=0.62 sys=0.00, real=0.06 secs] 
67989.239: [GC 67989.240: [ParNew: 2382848K->111323K(2534400K), 0.1287550 secs] 6972927K->4733720K(10982400K), 0.1313650 secs] [Times: user=0.86 sys=0.01, real=0.13 secs] 
67996.753: [GC 67996.754: [ParNew: 2364123K->104805K(2534400K), 0.1219580 secs] 6986520K->4767113K(10982400K), 0.1245700 secs] [Times: user=1.02 sys=0.01, real=0.12 secs] 
68004.352: [GC 68004.353: [ParNew: 2357605K->139668K(2534400K), 0.0762810 secs] 7019913K->4803330K(10982400K), 0.0789070 secs] [Times: user=0.64 sys=0.00, real=0.08 secs] 
68011.924: [GC 68011.926: [ParNew: 2392468K->133505K(2534400K), 0.0763770 secs] 7056130K->4798724K(10982400K), 0.0789850 secs] [Times: user=0.65 sys=0.00, real=0.08 secs] 
68020.095: [GC 68020.096: [ParNew: 2386305K->141859K(2534400K), 0.0884650 secs] 7051524K->4810535K(10982400K), 0.0911000 secs] [Times: user=0.82 sys=0.00, real=0.10 secs] 
68027.031: [GC 68027.032: [ParNew: 2394659K->133796K(2534400K), 0.1211890 secs] 7063335K->4836508K(10982400K), 0.1238070 secs] [Times: user=0.98 sys=0.01, real=0.12 secs] 
68034.916: [GC 68034.917: [ParNew: 2386596K->137488K(2534400K), 0.0818490 secs] 7089308K->4842937K(10982400K), 0.0844720 secs] [Times: user=0.73 sys=0.00, real=0.09 secs] 
68041.000: [GC 68041.002: [ParNew: 2390288K->169090K(2534400K), 0.0797070 secs] 7095737K->4879588K(10982400K), 0.0823450 secs] [Times: user=0.82 sys=0.01, real=0.08 secs] 
68048.436: [GC 68048.438: [ParNew: 2421890K->134672K(2534400K), 0.0792500 secs] 7132388K->4849632K(10982400K), 0.0819120 secs] [Times: user=0.64 sys=0.00, real=0.08 secs] 
68062.275: [GC 68062.277: [ParNew: 2387472K->97826K(2534400K), 0.1453830 secs] 7102432K->4847988K(10982400K), 0.1480220 secs] [Times: user=0.65 sys=0.03, real=0.15 secs] 
68073.997: [GC 68073.999: [ParNew: 2350626K->50766K(2534400K), 0.0635220 secs] 7100788K->4803519K(10982400K), 0.0661200 secs] [Times: user=0.54 sys=0.00, real=0.07 secs] 
68091.528: [GC 68091.530: [ParNew: 2303566K->61037K(2534400K), 0.0706480 secs] 7056319K->4815769K(10982400K), 0.0733090 secs] [Times: user=0.69 sys=0.00, real=0.07 secs] 
68100.181: [GC 68100.182: [ParNew: 2313837K->55961K(2534400K), 0.0501990 secs] 7068569K->4813522K(10982400K), 0.0524940 secs] [Times: user=0.60 sys=0.00, real=0.05 secs] 
68106.678: [GC 68106.679: [ParNew: 2308761K->45195K(2534400K), 0.0575140 secs] 7066322K->4811108K(10982400K), 0.0600770 secs] [Times: user=0.50 sys=0.01, real=0.06 secs] 
68114.929: [GC 68114.930: [ParNew: 2297995K->50933K(2534400K), 0.0563390 secs] 7063908K->4823110K(10982400K), 0.0589200 secs] [Times: user=0.64 sys=0.00, real=0.06 secs] 
68118.492: [GC 68118.494: [ParNew: 2303733K->110053K(2534400K), 0.0526780 secs] 7075910K->4888836K(10982400K), 0.0552470 secs] [Times: user=0.72 sys=0.00, real=0.05 secs] 
68120.228: [GC 68120.229: [ParNew: 2362853K->143371K(2534400K), 0.0502460 secs] 7141636K->4925412K(10982400K), 0.0527820 secs] [Times: user=0.76 sys=0.00, real=0.06 secs] 
68124.446: [GC 68124.448: [ParNew: 2396062K->95383K(2534400K), 0.0556490 secs] 7178102K->4878610K(10982400K), 0.0582520 secs] [Times: user=0.62 sys=0.00, real=0.06 secs] 
68138.772: [GC 68138.773: [ParNew: 2348183K->57647K(2534400K), 0.0881490 secs] 7131410K->4851378K(10982400K), 0.0907480 secs] [Times: user=0.73 sys=0.01, real=0.09 secs] 
68155.282: [GC 68155.283: [ParNew: 2310447K->56932K(2534400K), 0.0865710 secs] 7104178K->4862410K(10982400K), 0.0892190 secs] [Times: user=0.61 sys=0.00, real=0.09 secs] 
68163.930: [GC 68163.931: [ParNew: 2309732K->70861K(2534400K), 0.0638830 secs] 7115210K->4880898K(10982400K), 0.0661970 secs] [Times: user=0.70 sys=0.01, real=0.07 secs] 
68167.564: [GC 68167.565: [ParNew: 2323661K->60884K(2534400K), 0.0668540 secs] 7133698K->4880225K(10982400K), 0.0694510 secs] [Times: user=0.65 sys=0.00, real=0.07 secs] 
68178.432: [GC 68178.434: [ParNew: 2313684K->82826K(2534400K), 0.0673930 secs] 7133025K->4906793K(10982400K), 0.0700230 secs] [Times: user=0.69 sys=0.00, real=0.07 secs] 
68187.313: [GC 68187.315: [ParNew: 2335626K->67377K(2534400K), 0.0607100 secs] 7159593K->4897705K(10982400K), 0.0633110 secs] [Times: user=0.59 sys=0.00, real=0.06 secs] 
68192.503: [GC 68192.504: [ParNew: 2320177K->69802K(2534400K), 0.0660320 secs] 7150505K->4909171K(10982400K), 0.0686650 secs] [Times: user=0.64 sys=0.00, real=0.07 secs] 
68203.126: [GC 68203.128: [ParNew: 2322602K->73125K(2534400K), 0.0724420 secs] 7161971K->4922437K(10982400K), 0.0750560 secs] [Times: user=0.63 sys=0.01, real=0.07 secs] 
68208.582: [GC 68208.583: [ParNew: 2325925K->92570K(2534400K), 0.0621980 secs] 7175237K->4946361K(10982400K), 0.0647970 secs] [Times: user=0.74 sys=0.00, real=0.07 secs] 
68211.937: [GC 68211.938: [ParNew: 2345370K->89836K(2534400K), 0.0616600 secs] 7199161K->4955025K(10982400K), 0.0641370 secs] [Times: user=0.68 sys=0.00, real=0.06 secs] 
68215.617: [GC 68215.618: [ParNew: 2342636K->86242K(2534400K), 0.0724170 secs] 7207825K->4965067K(10982400K), 0.0750080 secs] [Times: user=0.74 sys=0.00, real=0.07 secs] 
68227.387: [GC 68227.388: [ParNew: 2339042K->159984K(2534400K), 0.1204730 secs] 7217867K->5045703K(10982400K), 0.1229590 secs] [Times: user=0.71 sys=0.00, real=0.12 secs] 
68233.309: [GC 68233.310: [ParNew: 2412784K->76078K(2534400K), 0.0808170 secs] 7298503K->4980052K(10982400K), 0.0834740 secs] [Times: user=0.66 sys=0.00, real=0.08 secs] 
68237.632: [GC 68237.634: [ParNew: 2328877K->54063K(2534400K), 0.0610510 secs] 7232852K->4971383K(10982400K), 0.0636360 secs] [Times: user=0.60 sys=0.00, real=0.06 secs] 
68247.857: [GC 68247.858: [ParNew: 2306863K->48207K(2534400K), 0.0757910 secs] 7224183K->4978165K(10982400K), 0.0784020 secs] [Times: user=0.62 sys=0.00, real=0.08 secs] 
68257.124: [GC 68257.125: [ParNew: 2301007K->48556K(2534400K), 0.0499230 secs] 7230965K->4983303K(10982400K), 0.0522140 secs] [Times: user=0.50 sys=0.01, real=0.05 secs] 
68272.816: [GC 68272.817: [ParNew: 2301356K->58433K(2534400K), 0.0657000 secs] 7236103K->4995199K(10982400K), 0.0682960 secs] [Times: user=0.58 sys=0.00, real=0.07 secs] 
68286.002: [GC 68286.003: [ParNew: 2311233K->61515K(2534400K), 0.0653160 secs] 7247999K->4999331K(10982400K), 0.0679410 secs] [Times: user=0.60 sys=0.01, real=0.07 secs] 
68301.619: [GC 68301.620: [ParNew: 2314315K->49125K(2534400K), 0.0734100 secs] 7252131K->4998800K(10982400K), 0.0756950 secs] [Times: user=0.61 sys=0.01, real=0.07 secs] 
68319.766: [GC 68319.768: [ParNew: 2301925K->51276K(2534400K), 0.0704090 secs] 7251600K->5007490K(10982400K), 0.0728280 secs] [Times: user=0.54 sys=0.00, real=0.07 secs] 
68337.280: [GC 68337.281: [ParNew: 2304076K->49377K(2534400K), 0.0657990 secs] 7260290K->5009458K(10982400K), 0.0680860 secs] [Times: user=0.51 sys=0.00, real=0.07 secs] 
68346.355: [GC 68346.357: [ParNew: 2302177K->50613K(2534400K), 0.0536800 secs] 7262258K->5013224K(10982400K), 0.0561720 secs] [Times: user=0.52 sys=0.00, real=0.05 secs] 
68362.454: [GC 68362.455: [ParNew: 2303413K->45101K(2534400K), 0.0640490 secs] 7266024K->5014199K(10982400K), 0.0666480 secs] [Times: user=0.52 sys=0.00, real=0.07 secs] 
68366.170: [GC 68366.171: [ParNew: 2297901K->38264K(2534400K), 0.0364970 secs] 7266999K->5012007K(10982400K), 0.0390780 secs] [Times: user=0.49 sys=0.00, real=0.04 secs] 
68380.162: [GC 68380.164: [ParNew: 2291064K->37536K(2534400K), 0.0557810 secs] 7264807K->5014872K(10982400K), 0.0583950 secs] [Times: user=0.52 sys=0.01, real=0.06 secs] 
68396.216: [GC 68396.217: [ParNew: 2290336K->49369K(2534400K), 0.0732360 secs] 7267672K->5028744K(10982400K), 0.0758690 secs] [Times: user=0.64 sys=0.01, real=0.07 secs] 
68406.190: [GC 68406.191: [ParNew: 2302169K->51141K(2534400K), 0.0693150 secs] 7281544K->5033662K(10982400K), 0.0719410 secs] [Times: user=0.62 sys=0.00, real=0.07 secs] 
68415.937: [GC 68415.939: [ParNew: 2303941K->220424K(2534400K), 0.2089440 secs] 7286462K->5203884K(10982400K), 0.2115220 secs] [Times: user=0.75 sys=0.00, real=0.21 secs] 
68422.142: [GC 68422.143: [ParNew: 2473224K->70218K(2534400K), 0.0959700 secs] 7456684K->5071165K(10982400K), 0.0984010 secs] [Times: user=0.58 sys=0.01, real=0.10 secs] 
68435.227: [GC 68435.228: [ParNew: 2323018K->40728K(2534400K), 0.0576970 secs] 7323965K->5041674K(10982400K), 0.0600880 secs] [Times: user=0.62 sys=0.00, real=0.06 secs] 
68449.387: [GC 68449.388: [ParNew: 2293528K->49854K(2534400K), 0.0604870 secs] 7294474K->5050800K(10982400K), 0.0630790 secs] [Times: user=0.61 sys=0.00, real=0.06 secs] 
68460.463: [GC 68460.464: [ParNew: 2302654K->67742K(2534400K), 0.0662910 secs] 7303600K->5068688K(10982400K), 0.0685720 secs] [Times: user=0.58 sys=0.00, real=0.06 secs] 
68475.481: [GC 68475.482: [ParNew: 2320542K->57198K(2534400K), 0.0750200 secs] 7321488K->5067573K(10982400K), 0.0776320 secs] [Times: user=0.60 sys=0.00, real=0.08 secs] 
68493.716: [GC 68493.717: [ParNew: 2309998K->63044K(2534400K), 0.0667320 secs] 7320373K->5079131K(10982400K), 0.0693490 secs] [Times: user=0.54 sys=0.00, real=0.07 secs] 
68498.076: [GC 68498.077: [ParNew: 2315844K->52181K(2534400K), 0.0405980 secs] 7331931K->5073783K(10982400K), 0.0431620 secs] [Times: user=0.53 sys=0.00, real=0.05 secs] 
68508.779: [GC 68508.780: [ParNew: 2304981K->50132K(2534400K), 0.0619460 secs] 7326583K->5078009K(10982400K), 0.0642130 secs] [Times: user=0.63 sys=0.00, real=0.07 secs] 
68521.063: [GC 68521.065: [ParNew: 2302932K->90515K(2534400K), 0.0902190 secs] 7330809K->5121946K(10982400K), 0.0925250 secs] [Times: user=0.58 sys=0.01, real=0.09 secs] 
68525.852: [GC 68525.853: [ParNew: 2343315K->56856K(2534400K), 0.0648140 secs] 7374746K->5093020K(10982400K), 0.0673930 secs] [Times: user=0.53 sys=0.00, real=0.06 secs] 
68540.584: [GC 68540.585: [ParNew: 2309656K->55849K(2534400K), 0.0653300 secs] 7345820K->5094385K(10982400K), 0.0680130 secs] [Times: user=0.53 sys=0.01, real=0.07 secs] 
68556.537: [GC 68556.538: [ParNew: 2308649K->51260K(2534400K), 0.0834460 secs] 7347185K->5097316K(10982400K), 0.0862300 secs] [Times: user=0.64 sys=0.01, real=0.08 secs] 
68574.438: [GC 68574.440: [ParNew: 2304060K->50020K(2534400K), 0.0652960 secs] 7350116K->5101603K(10982400K), 0.0679670 secs] [Times: user=0.54 sys=0.00, real=0.07 secs] 
68585.840: [GC 68585.841: [ParNew: 2302820K->48182K(2534400K), 0.0693380 secs] 7354403K->5102415K(10982400K), 0.0716300 secs] [Times: user=0.63 sys=0.01, real=0.08 secs] 
68601.396: [GC 68601.397: [ParNew: 2300982K->51111K(2534400K), 0.0623560 secs] 7355215K->5110617K(10982400K), 0.0649820 secs] [Times: user=0.53 sys=0.00, real=0.06 secs] 
68615.844: [GC 68615.845: [ParNew: 2303911K->66008K(2534400K), 0.0643810 secs] 7363417K->5129717K(10982400K), 0.0670050 secs] [Times: user=0.60 sys=0.00, real=0.07 secs] 
68625.123: [GC 68625.125: [ParNew: 2318808K->61583K(2534400K), 0.0651210 secs] 7382517K->5130557K(10982400K), 0.0677210 secs] [Times: user=0.63 sys=0.01, real=0.07 secs] 
68625.199: [GC [1 CMS-initial-mark: 5068973K(8448000K)] 5130874K(10982400K), 0.0891300 secs] [Times: user=0.09 sys=0.00, real=0.09 secs] 
68630.322: [GC 68630.323: [ParNew: 2314383K->41163K(2534400K), 0.0447180 secs] 7383357K->5114050K(10982400K), 0.0473220 secs] [Times: user=0.52 sys=0.00, real=0.05 secs] 
68632.801: [GC[YG occupancy: 1106851 K (2534400 K)]68632.802: [Rescan (parallel) , 0.0581400 secs]68632.860: [weak refs processing, 0.0747740 secs] [1 CMS-remark: 5072886K(8448000K)] 6179737K(10982400K), 0.1347800 secs] [Times: user=1.29 sys=0.00, real=0.13 secs] 
68640.256: [GC 68640.257: [ParNew: 2293963K->40461K(2534400K), 0.0550980 secs] 6925824K->4679632K(10982400K), 0.0574680 secs] [Times: user=0.51 sys=0.01, real=0.06 secs] 
68654.468: [GC 68654.469: [ParNew: 2293261K->130140K(2534400K), 0.0780170 secs] 6932432K->4774348K(10982400K), 0.0804350 secs] [Times: user=0.81 sys=0.00, real=0.08 secs] 
68662.298: [GC 68662.299: [ParNew: 2382940K->246096K(2534400K), 0.1198670 secs] 7027148K->4892777K(10982400K), 0.1224980 secs] [Times: user=2.18 sys=0.00, real=0.12 secs] 
68672.165: [GC 68672.166: [ParNew: 2498896K->185782K(2534400K), 0.5468710 secs] 7145577K->5022576K(10982400K), 0.5494670 secs] [Times: user=2.74 sys=0.15, real=0.55 secs] 
68680.337: [GC 68680.338: [ParNew: 2438582K->147199K(2534400K), 0.0739070 secs] 7275376K->4983993K(10982400K), 0.0765110 secs] [Times: user=1.24 sys=0.00, real=0.07 secs] 
68688.408: [GC 68688.410: [ParNew: 2399999K->226834K(2534400K), 0.1045830 secs] 7236793K->5063628K(10982400K), 0.1071670 secs] [Times: user=2.03 sys=0.00, real=0.10 secs] 
68696.205: [GC 68696.206: [ParNew: 2479634K->221330K(2534400K), 0.2405680 secs] 7316428K->5117001K(10982400K), 0.2431890 secs] [Times: user=2.42 sys=0.01, real=0.25 secs] 
68702.396: [GC 68702.397: [ParNew: 2474130K->232978K(2534400K), 0.2490130 secs] 7369801K->5182166K(10982400K), 0.2512840 secs] [Times: user=3.48 sys=0.01, real=0.25 secs] 
68708.543: [GC 68708.545: [ParNew: 2485778K->185894K(2534400K), 0.1827690 secs] 7434966K->5191460K(10982400K), 0.1857460 secs] [Times: user=1.97 sys=0.00, real=0.19 secs] 
68716.806: [GC 68716.807: [ParNew: 2438694K->247469K(2534400K), 0.0860460 secs] 7444260K->5253034K(10982400K), 0.0886750 secs] [Times: user=1.54 sys=0.00, real=0.09 secs] 
68725.060: [GC 68725.061: [ParNew: 2500269K->193277K(2534400K), 0.1724760 secs] 7505834K->5248648K(10982400K), 0.1750850 secs] [Times: user=1.68 sys=0.01, real=0.18 secs] 
68733.414: [GC 68733.415: [ParNew: 2446077K->151921K(2534400K), 0.1552270 secs] 7501448K->5247815K(10982400K), 0.1578200 secs] [Times: user=1.48 sys=0.00, real=0.16 secs] 
68733.580: [GC [1 CMS-initial-mark: 5095894K(8448000K)] 5247964K(10982400K), 0.2224640 secs] [Times: user=0.22 sys=0.00, real=0.22 secs] 
68740.226: [GC 68740.227: [ParNew: 2404721K->94776K(2534400K), 0.1041990 secs] 7500615K->5213435K(10982400K), 0.1067800 secs] [Times: user=1.20 sys=0.01, real=0.10 secs] 
68741.833: [GC[YG occupancy: 1041312 K (2534400 K)]68741.834: [Rescan (parallel) , 0.1849550 secs]68742.019: [weak refs processing, 0.0071350 secs] [1 CMS-remark: 5118659K(8448000K)] 6159971K(10982400K), 0.1931640 secs] [Times: user=3.77 sys=0.01, real=0.20 secs] 
68746.862: [GC 68746.863: [ParNew: 2347576K->76359K(2534400K), 0.0958350 secs] 7181979K->4931559K(10982400K), 0.0984180 secs] [Times: user=1.07 sys=0.00, real=0.10 secs] 
68752.153: [GC 68752.155: [ParNew: 2329159K->69440K(2534400K), 0.0588470 secs] 7184359K->4926260K(10982400K), 0.0611030 secs] [Times: user=0.87 sys=0.00, real=0.06 secs] 
68756.082: [GC 68756.084: [ParNew: 2322207K->79843K(2534400K), 0.0505110 secs] 7179028K->4938522K(10982400K), 0.0531340 secs] [Times: user=0.86 sys=0.00, real=0.05 secs] 
68761.066: [GC 68761.067: [ParNew: 2332643K->74439K(2534400K), 0.0613530 secs] 7191322K->4937941K(10982400K), 0.0638330 secs] [Times: user=0.90 sys=0.01, real=0.07 secs] 
68767.681: [GC 68767.682: [ParNew: 2327239K->100384K(2534400K), 0.0719460 secs] 7190741K->4965583K(10982400K), 0.0742740 secs] [Times: user=1.05 sys=0.00, real=0.07 secs] 
68775.255: [GC 68775.257: [ParNew: 2353184K->75794K(2534400K), 0.0660400 secs] 7218383K->4944859K(10982400K), 0.0686740 secs] [Times: user=0.88 sys=0.00, real=0.07 secs] 
68784.162: [GC 68784.163: [ParNew: 2328594K->65812K(2534400K), 0.0592990 secs] 7197659K->4936964K(10982400K), 0.0619220 secs] [Times: user=0.87 sys=0.01, real=0.07 secs] 
68793.427: [GC 68793.428: [ParNew: 2318612K->71045K(2534400K), 0.0626960 secs] 7189764K->4945595K(10982400K), 0.0653090 secs] [Times: user=0.91 sys=0.00, real=0.07 secs] 
68802.072: [GC 68802.073: [ParNew: 2323845K->72368K(2534400K), 0.0590460 secs] 7198395K->4948827K(10982400K), 0.0616720 secs] [Times: user=0.86 sys=0.01, real=0.07 secs] 
68809.333: [GC 68809.334: [ParNew: 2325168K->67320K(2534400K), 0.0525790 secs] 7201627K->4945488K(10982400K), 0.0551980 secs] [Times: user=0.84 sys=0.01, real=0.06 secs] 
68817.420: [GC 68817.421: [ParNew: 2320120K->82051K(2534400K), 0.0580450 secs] 7198288K->4963136K(10982400K), 0.0606500 secs] [Times: user=0.91 sys=0.00, real=0.06 secs] 
68824.140: [GC 68824.142: [ParNew: 2334851K->68035K(2534400K), 0.0634680 secs] 7215936K->4951718K(10982400K), 0.0657430 secs] [Times: user=0.91 sys=0.01, real=0.06 secs] 
68832.239: [GC 68832.240: [ParNew: 2320835K->62289K(2534400K), 0.0593590 secs] 7204518K->4948777K(10982400K), 0.0619800 secs] [Times: user=0.90 sys=0.00, real=0.06 secs] 
68840.627: [GC 68840.628: [ParNew: 2315089K->77452K(2534400K), 0.0623030 secs] 7201577K->4965749K(10982400K), 0.0649180 secs] [Times: user=0.88 sys=0.00, real=0.07 secs] 
68849.420: [GC 68849.422: [ParNew: 2330252K->70535K(2534400K), 0.0654550 secs] 7218549K->4962004K(10982400K), 0.0680470 secs] [Times: user=0.90 sys=0.00, real=0.07 secs] 
68857.564: [GC 68857.565: [ParNew: 2323335K->71532K(2534400K), 0.0556850 secs] 7214804K->4964882K(10982400K), 0.0579660 secs] [Times: user=0.88 sys=0.00, real=0.05 secs] 
68865.523: [GC 68865.524: [ParNew: 2324332K->67881K(2534400K), 0.0556150 secs] 7217682K->4963172K(10982400K), 0.0582280 secs] [Times: user=0.87 sys=0.00, real=0.06 secs] 
68874.161: [GC 68874.162: [ParNew: 2320681K->125438K(2534400K), 0.0675970 secs] 7215972K->5026566K(10982400K), 0.0701910 secs] [Times: user=0.99 sys=0.01, real=0.07 secs] 
68881.403: [GC 68881.405: [ParNew: 2378222K->132304K(2534400K), 0.0618360 secs] 7279349K->5035166K(10982400K), 0.0643450 secs] [Times: user=0.95 sys=0.00, real=0.07 secs] 
68884.630: [GC 68884.631: [ParNew: 2385104K->144336K(2534400K), 0.0564730 secs] 7287966K->5049207K(10982400K), 0.0590460 secs] [Times: user=0.94 sys=0.01, real=0.06 secs] 
68892.350: [GC 68892.351: [ParNew: 2397136K->144254K(2534400K), 0.0601990 secs] 7302007K->5051232K(10982400K), 0.0628080 secs] [Times: user=0.92 sys=0.01, real=0.06 secs] 
68899.730: [GC 68899.731: [ParNew: 2397054K->103551K(2534400K), 0.1352510 secs] 7304032K->5064508K(10982400K), 0.1378420 secs] [Times: user=0.99 sys=0.02, real=0.13 secs] 
68908.476: [GC 68908.477: [ParNew: 2356351K->73356K(2534400K), 0.0565390 secs] 7317308K->5036136K(10982400K), 0.0590280 secs] [Times: user=0.89 sys=0.00, real=0.06 secs] 
68917.844: [GC 68917.845: [ParNew: 2326156K->68057K(2534400K), 0.0536420 secs] 7288936K->5031575K(10982400K), 0.0559260 secs] [Times: user=0.83 sys=0.01, real=0.05 secs] 
68926.552: [GC 68926.553: [ParNew: 2320857K->68623K(2534400K), 0.0575970 secs] 7284375K->5034545K(10982400K), 0.0601910 secs] [Times: user=0.88 sys=0.00, real=0.07 secs] 
68936.444: [GC 68936.445: [ParNew: 2321423K->66622K(2534400K), 0.0564710 secs] 7287345K->5034542K(10982400K), 0.0587320 secs] [Times: user=0.86 sys=0.01, real=0.06 secs] 
68943.952: [GC 68943.953: [ParNew: 2319422K->69610K(2534400K), 0.0644600 secs] 7287342K->5039500K(10982400K), 0.0670730 secs] [Times: user=0.87 sys=0.00, real=0.07 secs] 
68953.049: [GC 68953.050: [ParNew: 2322410K->68032K(2534400K), 0.0541670 secs] 7292300K->5040294K(10982400K), 0.0564360 secs] [Times: user=0.84 sys=0.00, real=0.05 secs] 
68962.068: [GC 68962.069: [ParNew: 2320832K->67487K(2534400K), 0.0636910 secs] 7293094K->5041508K(10982400K), 0.0662960 secs] [Times: user=0.86 sys=0.00, real=0.07 secs] 
68971.050: [GC 68971.051: [ParNew: 2320287K->70918K(2534400K), 0.0589440 secs] 7294308K->5047684K(10982400K), 0.0615330 secs] [Times: user=0.86 sys=0.00, real=0.06 secs] 
68979.662: [GC 68979.663: [ParNew: 2323718K->69946K(2534400K), 0.0555650 secs] 7300484K->5048339K(10982400K), 0.0581660 secs] [Times: user=0.87 sys=0.01, real=0.05 secs] 
68988.987: [GC 68988.988: [ParNew: 2322746K->70993K(2534400K), 0.0604330 secs] 7301139K->5052462K(10982400K), 0.0630260 secs] [Times: user=0.89 sys=0.01, real=0.06 secs] 
68998.237: [GC 68998.239: [ParNew: 2323793K->83209K(2534400K), 0.0610100 secs] 7305262K->5067454K(10982400K), 0.0636390 secs] [Times: user=0.90 sys=0.00, real=0.06 secs] 
69005.246: [GC 69005.247: [ParNew: 2336009K->69017K(2534400K), 0.0619710 secs] 7320254K->5056658K(10982400K), 0.0646090 secs] [Times: user=0.88 sys=0.00, real=0.06 secs] 
69010.432: [GC 69010.433: [ParNew: 2321817K->62477K(2534400K), 0.0521150 secs] 7309458K->5052046K(10982400K), 0.0543790 secs] [Times: user=0.91 sys=0.00, real=0.06 secs] 
69015.234: [GC 69015.235: [ParNew: 2315277K->70034K(2534400K), 0.0513120 secs] 7304846K->5061876K(10982400K), 0.0535820 secs] [Times: user=0.88 sys=0.00, real=0.06 secs] 
69023.272: [GC 69023.274: [ParNew: 2322834K->68741K(2534400K), 0.0615650 secs] 7314676K->5063141K(10982400K), 0.0641800 secs] [Times: user=0.84 sys=0.00, real=0.06 secs] 
69032.420: [GC 69032.421: [ParNew: 2321541K->68451K(2534400K), 0.0556610 secs] 7315941K->5064556K(10982400K), 0.0582650 secs] [Times: user=0.84 sys=0.00, real=0.05 secs] 
69040.628: [GC 69040.629: [ParNew: 2321251K->84732K(2534400K), 0.0591600 secs] 7317356K->5082461K(10982400K), 0.0616550 secs] [Times: user=0.96 sys=0.00, real=0.06 secs] 
69046.456: [GC 69046.458: [ParNew: 2337505K->199183K(2534400K), 0.1309090 secs] 7335235K->5199562K(10982400K), 0.1332140 secs] [Times: user=0.97 sys=0.00, real=0.13 secs] 
69054.530: [GC 69054.531: [ParNew: 2451983K->157677K(2534400K), 0.1793450 secs] 7452362K->5190062K(10982400K), 0.1820140 secs] [Times: user=1.40 sys=0.03, real=0.18 secs] 
69061.304: [GC 69061.305: [ParNew: 2410477K->207228K(2534400K), 0.0786040 secs] 7442862K->5239613K(10982400K), 0.0812440 secs] [Times: user=1.36 sys=0.00, real=0.09 secs] 
69066.848: [GC 69066.849: [ParNew: 2460028K->162222K(2534400K), 0.1279980 secs] 7492413K->5219842K(10982400K), 0.1304030 secs] [Times: user=1.61 sys=0.01, real=0.13 secs] 
69074.064: [GC 69074.066: [ParNew: 2415022K->180355K(2534400K), 0.0697550 secs] 7472642K->5237974K(10982400K), 0.0723820 secs] [Times: user=1.28 sys=0.00, real=0.08 secs] 
69081.946: [GC 69081.947: [ParNew: 2433155K->122352K(2534400K), 0.2197320 secs] 7490774K->5248263K(10982400K), 0.2223400 secs] [Times: user=1.57 sys=0.01, real=0.23 secs] 
69082.176: [GC [1 CMS-initial-mark: 5125910K(8448000K)] 5248314K(10982400K), 0.1349910 secs] [Times: user=0.13 sys=0.01, real=0.14 secs] 
69089.577: [GC 69089.579: [ParNew: 2375152K->81961K(2534400K), 0.0700380 secs] 7501063K->5212176K(10982400K), 0.0726400 secs] [Times: user=1.05 sys=0.01, real=0.08 secs] 
69090.982: [GC[YG occupancy: 584284 K (2534400 K)]69090.983: [Rescan (parallel) , 0.2795650 secs]69091.263: [weak refs processing, 0.1034670 secs] [1 CMS-remark: 5130215K(8448000K)] 5714499K(10982400K), 0.3847400 secs] [Times: user=5.79 sys=0.02, real=0.38 secs] 
69097.681: [GC 69097.683: [ParNew: 2334761K->78334K(2534400K), 0.0628770 secs] 7348861K->5093963K(10982400K), 0.0654680 secs] [Times: user=1.00 sys=0.00, real=0.06 secs] 
69105.748: [GC 69105.749: [ParNew: 2331134K->83680K(2534400K), 0.0624860 secs] 7346763K->5102057K(10982400K), 0.0651410 secs] [Times: user=0.99 sys=0.01, real=0.07 secs] 
69113.554: [GC 69113.555: [ParNew: 2336480K->75846K(2534400K), 0.0632390 secs] 7354857K->5095881K(10982400K), 0.0657300 secs] [Times: user=1.03 sys=0.00, real=0.06 secs] 
69120.996: [GC 69120.998: [ParNew: 2328646K->82534K(2534400K), 0.0656030 secs] 7348681K->5105543K(10982400K), 0.0678550 secs] [Times: user=1.03 sys=0.00, real=0.07 secs] 
69126.783: [GC 69126.784: [ParNew: 2335334K->77792K(2534400K), 0.0654270 secs] 7358343K->5104532K(10982400K), 0.0680270 secs] [Times: user=0.97 sys=0.00, real=0.07 secs] 
69130.439: [GC 69130.441: [ParNew: 2330592K->115300K(2534400K), 0.0549190 secs] 7357332K->5144056K(10982400K), 0.0574860 secs] [Times: user=1.02 sys=0.00, real=0.06 secs] 
69137.784: [GC 69137.785: [ParNew: 2368100K->89023K(2534400K), 0.0627060 secs] 7396856K->5120407K(10982400K), 0.0649550 secs] [Times: user=1.04 sys=0.00, real=0.07 secs] 
69141.154: [GC 69141.155: [ParNew: 2341823K->72434K(2534400K), 0.0637530 secs] 7373207K->5108923K(10982400K), 0.0663280 secs] [Times: user=1.06 sys=0.00, real=0.07 secs] 
69147.906: [GC 69147.908: [ParNew: 2325234K->70549K(2534400K), 0.0653910 secs] 7361723K->5110143K(10982400K), 0.0680160 secs] [Times: user=0.97 sys=0.00, real=0.07 secs] 
69154.160: [GC 69154.161: [ParNew: 2323349K->90883K(2534400K), 0.0642540 secs] 7362943K->5131553K(10982400K), 0.0668790 secs] [Times: user=1.12 sys=0.00, real=0.06 secs] 
69161.229: [GC 69161.230: [ParNew: 2343683K->74017K(2534400K), 0.0603020 secs] 7384353K->5117410K(10982400K), 0.0629160 secs] [Times: user=1.00 sys=0.00, real=0.07 secs] 
69168.004: [GC 69168.005: [ParNew: 2326817K->101654K(2534400K), 0.0642070 secs] 7370210K->5145976K(10982400K), 0.0668200 secs] [Times: user=1.11 sys=0.01, real=0.07 secs] 
69175.508: [GC 69175.509: [ParNew: 2354454K->78489K(2534400K), 0.0608020 secs] 7398776K->5125026K(10982400K), 0.0634460 secs] [Times: user=1.01 sys=0.00, real=0.07 secs] 
69181.016: [GC 69181.017: [ParNew: 2331289K->75731K(2534400K), 0.0597040 secs] 7377826K->5123721K(10982400K), 0.0623020 secs] [Times: user=0.98 sys=0.01, real=0.06 secs] 
69187.766: [GC 69187.767: [ParNew: 2328531K->103484K(2534400K), 0.0713290 secs] 7376521K->5154555K(10982400K), 0.0739290 secs] [Times: user=1.18 sys=0.00, real=0.07 secs] 
69193.709: [GC 69193.710: [ParNew: 2356284K->73855K(2534400K), 0.0568460 secs] 7407355K->5127912K(10982400K), 0.0594190 secs] [Times: user=1.00 sys=0.00, real=0.06 secs] 
69193.777: [GC 69193.778: [ParNew: 97753K->72612K(2534400K), 0.0341320 secs] 5151810K->5128440K(10982400K), 0.0365860 secs] [Times: user=0.71 sys=0.00, real=0.04 secs] 
69201.517: [GC 69201.518: [ParNew: 2325412K->71822K(2534400K), 0.0584940 secs] 7381240K->5129080K(10982400K), 0.0607580 secs] [Times: user=0.99 sys=0.00, real=0.06 secs] 
69209.112: [GC 69209.113: [ParNew: 2324622K->83772K(2534400K), 0.0621550 secs] 7381880K->5142470K(10982400K), 0.0644250 secs] [Times: user=1.04 sys=0.00, real=0.07 secs] 
69216.113: [GC 69216.115: [ParNew: 2336572K->73835K(2534400K), 0.0683060 secs] 7395270K->5134781K(10982400K), 0.0709160 secs] [Times: user=1.01 sys=0.00, real=0.07 secs] 
69224.270: [GC 69224.271: [ParNew: 2326635K->91348K(2534400K), 0.0630140 secs] 7387581K->5152295K(10982400K), 0.0656400 secs] [Times: user=1.02 sys=0.01, real=0.06 secs] 
69231.809: [GC 69231.810: [ParNew: 2344148K->79947K(2534400K), 0.0639280 secs] 7405095K->5144606K(10982400K), 0.0662150 secs] [Times: user=1.01 sys=0.01, real=0.07 secs] 
69240.034: [GC 69240.035: [ParNew: 2332747K->78029K(2534400K), 0.0644230 secs] 7397406K->5145543K(10982400K), 0.0670220 secs] [Times: user=1.03 sys=0.00, real=0.07 secs] 
69246.198: [GC 69246.200: [ParNew: 2330829K->75561K(2534400K), 0.0675400 secs] 7398343K->5145096K(10982400K), 0.0701580 secs] [Times: user=1.02 sys=0.01, real=0.07 secs] 
69246.277: [GC [1 CMS-initial-mark: 5069535K(8448000K)] 5170092K(10982400K), 0.1743760 secs] [Times: user=0.17 sys=0.00, real=0.18 secs] 
69253.903: [GC 69253.904: [ParNew: 2328361K->70997K(2534400K), 0.0617100 secs] 7397896K->5145032K(10982400K), 0.0642920 secs] [Times: user=0.98 sys=0.01, real=0.06 secs] 
69255.250: [GC[YG occupancy: 458442 K (2534400 K)]69255.251: [Rescan (parallel) , 0.2841880 secs]69255.536: [weak refs processing, 0.0135590 secs] [1 CMS-remark: 5074035K(8448000K)] 5532477K(10982400K), 0.2987790 secs] [Times: user=5.79 sys=0.02, real=0.30 secs] 
69261.088: [GC 69261.089: [ParNew: 2323797K->66856K(2534400K), 0.0600470 secs] 7266845K->5011937K(10982400K), 0.0626570 secs] [Times: user=1.01 sys=0.00, real=0.06 secs] 
69266.297: [GC 69266.299: [ParNew: 2319656K->84319K(2534400K), 0.0583380 secs] 7264737K->5031441K(10982400K), 0.0609320 secs] [Times: user=0.97 sys=0.00, real=0.06 secs] 
69269.782: [GC 69269.783: [ParNew: 2337119K->72583K(2534400K), 0.0553410 secs] 7284241K->5021282K(10982400K), 0.0579560 secs] [Times: user=0.98 sys=0.00, real=0.06 secs] 
69276.208: [GC 69276.209: [ParNew: 2325383K->73267K(2534400K), 0.0652380 secs] 7274082K->5023925K(10982400K), 0.0678700 secs] [Times: user=1.01 sys=0.01, real=0.07 secs] 
69283.859: [GC 69283.860: [ParNew: 2326067K->73746K(2534400K), 0.0614810 secs] 7276725K->5025947K(10982400K), 0.0641110 secs] [Times: user=1.00 sys=0.00, real=0.06 secs] 
69291.585: [GC 69291.586: [ParNew: 2326546K->73239K(2534400K), 0.0586350 secs] 7278747K->5026630K(10982400K), 0.0611160 secs] [Times: user=1.01 sys=0.00, real=0.06 secs] 
69297.633: [GC 69297.634: [ParNew: 2326039K->60165K(2534400K), 0.0526200 secs] 7279430K->5016200K(10982400K), 0.0548660 secs] [Times: user=0.89 sys=0.00, real=0.05 secs] 
69303.537: [GC 69303.538: [ParNew: 2312965K->65079K(2534400K), 0.0685410 secs] 7269000K->5024066K(10982400K), 0.0709390 secs] [Times: user=1.01 sys=0.01, real=0.07 secs] 
69310.453: [GC 69310.454: [ParNew: 2317871K->77579K(2534400K), 0.0562130 secs] 7276858K->5038446K(10982400K), 0.0588220 secs] [Times: user=0.97 sys=0.00, real=0.06 secs] 
69316.249: [GC 69316.250: [ParNew: 2330379K->77076K(2534400K), 0.0556270 secs] 7291246K->5039415K(10982400K), 0.0582310 secs] [Times: user=1.02 sys=0.00, real=0.06 secs] 
69324.435: [GC 69324.436: [ParNew: 2329876K->105700K(2534400K), 0.0606970 secs] 7292215K->5070099K(10982400K), 0.0633680 secs] [Times: user=1.04 sys=0.01, real=0.06 secs] 
69331.197: [GC 69331.198: [ParNew: 2358500K->123524K(2534400K), 0.0647380 secs] 7322899K->5089233K(10982400K), 0.0673270 secs] [Times: user=1.09 sys=0.01, real=0.07 secs] 
69336.079: [GC 69336.080: [ParNew: 2376324K->200449K(2534400K), 0.0637370 secs] 7342033K->5167702K(10982400K), 0.0663160 secs] [Times: user=1.19 sys=0.00, real=0.07 secs] 
69339.912: [GC 69339.913: [ParNew: 2453249K->170375K(2534400K), 0.0743790 secs] 7420502K->5151441K(10982400K), 0.0770060 secs] [Times: user=1.18 sys=0.00, real=0.08 secs] 
69345.549: [GC 69345.551: [ParNew: 2423175K->171755K(2534400K), 0.0607280 secs] 7404241K->5152821K(10982400K), 0.0633630 secs] [Times: user=1.11 sys=0.00, real=0.06 secs] 
69351.543: [GC 69351.544: [ParNew: 2424555K->134973K(2534400K), 0.0812920 secs] 7405621K->5148535K(10982400K), 0.0839170 secs] [Times: user=1.14 sys=0.01, real=0.08 secs] 
69355.795: [GC 69355.796: [ParNew: 2387773K->102810K(2534400K), 0.0763560 secs] 7401335K->5134864K(10982400K), 0.0786870 secs] [Times: user=1.14 sys=0.01, real=0.08 secs] 
69361.054: [GC 69361.055: [ParNew: 2355610K->92926K(2534400K), 0.0857490 secs] 7387664K->5143122K(10982400K), 0.0884450 secs] [Times: user=1.12 sys=0.01, real=0.09 secs] 
69365.517: [GC 69365.518: [ParNew: 2345726K->81183K(2534400K), 0.0705570 secs] 7395922K->5136282K(10982400K), 0.0731660 secs] [Times: user=1.04 sys=0.01, real=0.08 secs] 
69371.056: [GC 69371.057: [ParNew: 2333983K->89951K(2534400K), 0.0645650 secs] 7389082K->5148656K(10982400K), 0.0671220 secs] [Times: user=1.15 sys=0.00, real=0.07 secs] 
69377.763: [GC 69377.764: [ParNew: 2342751K->83848K(2534400K), 0.0623430 secs] 7401456K->5144814K(10982400K), 0.0646260 secs] [Times: user=1.09 sys=0.00, real=0.06 secs] 
69384.117: [GC 69384.118: [ParNew: 2336648K->281600K(2534400K), 0.4907080 secs] 7397614K->5437895K(10982400K), 0.4931990 secs] [Times: user=6.28 sys=0.09, real=0.49 secs] 
69384.620: [GC [1 CMS-initial-mark: 5156295K(8448000K)] 5437928K(10982400K), 0.3933750 secs] [Times: user=0.39 sys=0.01, real=0.40 secs] 
69387.491: [GC 69387.492: [ParNew: 2534400K->281600K(2534400K), 0.3084240 secs] 7690695K->5673706K(10982400K), 0.3108780 secs] [Times: user=3.40 sys=0.01, real=0.31 secs] 
69390.331: [GC 69390.332: [ParNew: 2534400K->226592K(2534400K), 0.1869290 secs] 7926506K->5783935K(10982400K), 0.1890530 secs] [Times: user=2.39 sys=0.03, real=0.19 secs] 
69393.324: [GC[YG occupancy: 1578717 K (2534400 K)]69393.324: [Rescan (parallel) , 0.5245370 secs]69393.849: [weak refs processing, 0.0211910 secs] [1 CMS-remark: 5557343K(8448000K)] 7136060K(10982400K), 0.5463570 secs] [Times: user=10.78 sys=0.03, real=0.54 secs] 
69394.773: [GC 69394.774: [ParNew: 2479392K->219460K(2534400K), 0.1502550 secs] 8027770K->5897419K(10982400K), 0.1529770 secs] [Times: user=1.86 sys=0.01, real=0.16 secs] 
69397.595: [GC 69397.596: [ParNew: 2472260K->165016K(2534400K), 0.1957120 secs] 8109671K->5880263K(10982400K), 0.1979310 secs] [Times: user=1.72 sys=0.01, real=0.19 secs] 
69401.426: [GC [1 CMS-initial-mark: 5667482K(8448000K)] 6861623K(10982400K), 1.6242000 secs] [Times: user=1.63 sys=0.00, real=1.62 secs] 
69406.210: [GC 69406.211: [ParNew: 2417816K->183673K(2534400K), 0.1032020 secs] 8085299K->5851156K(10982400K), 0.1054750 secs] [Times: user=1.98 sys=0.00, real=0.11 secs] 
69410.666: [GC[YG occupancy: 1688334 K (2534400 K)]69410.667: [Rescan (parallel) , 0.6754650 secs]69411.343: [weak refs processing, 0.0023880 secs] [1 CMS-remark: 5667482K(8448000K)] 7355816K(10982400K), 0.6789020 secs] [Times: user=13.80 sys=0.05, real=0.68 secs] 
69412.775: [GC 69412.776: [ParNew: 2436473K->281600K(2534400K), 0.8371410 secs] 8043793K->6206238K(10982400K), 0.8396340 secs] [Times: user=14.66 sys=0.06, real=0.84 secs] 
69416.487: [GC 69416.488: [ParNew: 2534400K->281600K(2534400K), 0.6421700 secs] 8303231K->6450042K(10982400K), 0.6444030 secs] [Times: user=10.08 sys=0.06, real=0.65 secs] 
69419.236: [GC 69419.237: [ParNew: 2534396K->247349K(2534400K), 0.2630120 secs] 8535681K->6493428K(10982400K), 0.2655550 secs] [Times: user=2.66 sys=0.05, real=0.27 secs] 
69421.075: [GC 69421.076: [ParNew: 2500149K->199321K(2534400K), 0.1457670 secs] 8681213K->6540010K(10982400K), 0.1479750 secs] [Times: user=1.87 sys=0.01, real=0.15 secs] 
69421.230: [GC [1 CMS-initial-mark: 6340689K(8448000K)] 6540090K(10982400K), 0.2018780 secs] [Times: user=0.20 sys=0.00, real=0.20 secs] 
69423.371: [GC 69423.372: [ParNew: 2452121K->281600K(2534400K), 0.1076480 secs] 8792810K->6638349K(10982400K), 0.1098710 secs] [Times: user=1.72 sys=0.01, real=0.11 secs] 
69430.347: [GC[YG occupancy: 2328949 K (2534400 K)]69430.348: [Rescan (parallel) , 2.2503710 secs]69432.598: [weak refs processing, 0.0022190 secs] [1 CMS-remark: 6356749K(8448000K)] 8685699K(10982400K), 2.2536290 secs] [Times: user=45.49 sys=0.14, real=2.26 secs] 
69432.728: [GC 69432.729: [ParNew: 2534400K->252405K(2534400K), 0.1449900 secs] 8889138K->6713438K(10982400K), 0.1472760 secs] [Times: user=1.70 sys=0.02, real=0.15 secs] 
69439.033: [GC 69439.034: [ParNew: 2505205K->182270K(2534400K), 0.1755520 secs] 8630219K->6422506K(10982400K), 0.1782360 secs] [Times: user=1.40 sys=0.02, real=0.18 secs] 
69445.949: [GC 69445.950: [ParNew: 2435070K->83929K(2534400K), 0.0609850 secs] 8317845K->5966703K(10982400K), 0.0635590 secs] [Times: user=1.00 sys=0.01, real=0.07 secs] 
69451.815: [GC 69451.817: [ParNew: 2336729K->82362K(2534400K), 0.0564410 secs] 8084389K->5830022K(10982400K), 0.0590710 secs] [Times: user=1.01 sys=0.00, real=0.06 secs] 
69457.761: [GC 69457.762: [ParNew: 2335162K->104744K(2534400K), 0.0654760 secs] 7972702K->5745415K(10982400K), 0.0677790 secs] [Times: user=1.05 sys=0.01, real=0.07 secs] 
69462.572: [GC 69462.574: [ParNew: 2357544K->116061K(2534400K), 0.0836940 secs] 7904921K->5667499K(10982400K), 0.0862790 secs] [Times: user=1.05 sys=0.00, real=0.09 secs] 
69467.128: [GC [1 CMS-initial-mark: 5425600K(8448000K)] 7784771K(10982400K), 1.9649070 secs] [Times: user=1.97 sys=0.00, real=1.96 secs] 
69469.111: [GC 69469.112: [ParNew: 2368861K->80585K(2534400K), 0.0608670 secs] 7794461K->5510837K(10982400K), 0.0635230 secs] [Times: user=0.99 sys=0.01, real=0.06 secs] 
69474.931: [GC 69474.932: [ParNew: 2333385K->84480K(2534400K), 0.0652600 secs] 7763637K->5518122K(10982400K), 0.0680080 secs] [Times: user=1.08 sys=0.00, real=0.07 secs] 
69478.212: [GC[YG occupancy: 1418925 K (2534400 K)]69478.213: [Rescan (parallel) , 0.4242300 secs]69478.637: [weak refs processing, 0.0037010 secs] [1 CMS-remark: 5433641K(8448000K)] 6852567K(10982400K), 0.4289210 secs] [Times: user=8.71 sys=0.03, real=0.43 secs] 
69481.390: [GC 69481.391: [ParNew: 2337280K->109400K(2534400K), 0.0866650 secs] 7768298K->5549110K(10982400K), 0.0892850 secs] [Times: user=1.27 sys=0.01, real=0.09 secs] 
69488.466: [GC 69488.468: [ParNew: 2362200K->114244K(2534400K), 0.0769780 secs] 7797732K->5551292K(10982400K), 0.0795900 secs] [Times: user=1.14 sys=0.00, real=0.08 secs] 
69491.063: [GC [1 CMS-initial-mark: 5399682K(8448000K)] 5940918K(10982400K), 0.6171910 secs] [Times: user=0.62 sys=0.00, real=0.62 secs] 
69499.651: [GC[YG occupancy: 2193043 K (2534400 K)]69499.652: [Rescan (parallel) , 1.7887620 secs]69501.441: [weak refs processing, 0.0017070 secs] [1 CMS-remark: 5399682K(8448000K)] 7592725K(10982400K), 1.7914840 secs] [Times: user=36.01 sys=0.13, real=1.79 secs] 
69501.674: [GC 69501.675: [ParNew: 2367044K->90288K(2534400K), 0.0680100 secs] 7764420K->5489154K(10982400K), 0.0705770 secs] [Times: user=0.91 sys=0.00, real=0.07 secs] 
69510.425: [GC [1 CMS-initial-mark: 5318257K(8448000K)] 7210570K(10982400K), 1.4399800 secs] [Times: user=1.44 sys=0.01, real=1.44 secs] 
69513.065: [GC 69513.066: [ParNew: 2343088K->99377K(2534400K), 0.0611440 secs] 7661346K->5420818K(10982400K), 0.0636140 secs] [Times: user=0.83 sys=0.00, real=0.06 secs] 
69518.061: [GC 69518.062: [ParNew: 2352177K->281600K(2534400K), 0.8730360 secs] 7673618K->5812767K(10982400K), 0.8753230 secs] [Times: user=10.95 sys=0.11, real=0.88 secs] 
69520.854: [GC 69520.856: [ParNew: 2534400K->226869K(2534400K), 0.2990980 secs] 8065567K->6036987K(10982400K), 0.3013460 secs] [Times: user=2.95 sys=0.04, real=0.30 secs] 
69521.283: [GC[YG occupancy: 380574 K (2534400 K)]69521.283: [Rescan (parallel) , 0.0733360 secs]69521.357: [weak refs processing, 0.0016920 secs] [1 CMS-remark: 5810117K(8448000K)] 6190691K(10982400K), 0.0758460 secs] [Times: user=1.66 sys=0.00, real=0.08 secs] 
69523.581: [GC 69523.582: [ParNew: 2479652K->232312K(2534400K), 0.0574810 secs] 8284466K->6037127K(10982400K), 0.0597290 secs] [Times: user=1.07 sys=0.00, real=0.06 secs] 
69525.428: [GC 69525.429: [ParNew: 2485112K->174506K(2534400K), 0.1097150 secs] 8288304K->6075974K(10982400K), 0.1121210 secs] [Times: user=1.32 sys=0.00, real=0.11 secs] 
69527.064: [GC 69527.065: [ParNew: 2427306K->271403K(2534400K), 0.0695420 secs] 8327545K->6171642K(10982400K), 0.0720630 secs] [Times: user=1.11 sys=0.00, real=0.08 secs] 
69527.144: [GC [1 CMS-initial-mark: 5900238K(8448000K)] 6173692K(10982400K), 0.2401260 secs] [Times: user=0.24 sys=0.00, real=0.25 secs] 
69530.158: [GC 69530.160: [ParNew: 2524203K->198233K(2534400K), 0.1053220 secs] 8424442K->6164755K(10982400K), 0.1079170 secs] [Times: user=1.20 sys=0.01, real=0.11 secs] 
69531.723: [GC[YG occupancy: 1843513 K (2534400 K)]69531.724: [Rescan (parallel) , 1.0788400 secs]69532.803: [weak refs processing, 0.0017790 secs] [1 CMS-remark: 5966521K(8448000K)] 7810035K(10982400K), 1.0815330 secs] [Times: user=21.80 sys=0.07, real=1.08 secs] 
69533.240: [GC 69533.241: [ParNew: 2451033K->176489K(2534400K), 0.0701850 secs] 8401119K->6126576K(10982400K), 0.0727040 secs] [Times: user=1.08 sys=0.00, real=0.07 secs] 
69536.107: [GC 69536.108: [ParNew: 2429289K->150703K(2534400K), 0.1662080 secs] 8112618K->5869889K(10982400K), 0.1684390 secs] [Times: user=1.81 sys=0.01, real=0.17 secs] 
69538.073: [GC 69538.074: [ParNew: 2403509K->134325K(2534400K), 0.1981060 secs] 7933448K->5710579K(10982400K), 0.2003000 secs] [Times: user=1.72 sys=0.00, real=0.20 secs] 
69538.281: [GC 69538.282: [ParNew: 139303K->104145K(2534400K), 0.1028110 secs] 5715553K->5682724K(10982400K), 0.1049150 secs] [Times: user=2.23 sys=0.00, real=0.11 secs] 
69540.690: [GC [1 CMS-initial-mark: 5335499K(8448000K)] 7692445K(10982400K), 2.0607060 secs] [Times: user=2.06 sys=0.00, real=2.06 secs] 
69542.759: [GC 69542.760: [ParNew: 2356950K->109860K(2534400K), 0.1252260 secs] 7692449K->5449924K(10982400K), 0.1274510 secs] [Times: user=2.12 sys=0.00, real=0.13 secs] 
69544.794: [GC 69544.795: [ParNew: 2362670K->149513K(2534400K), 0.2198840 secs] 7702734K->5494185K(10982400K), 0.2221650 secs] [Times: user=4.30 sys=0.00, real=0.22 secs] 
69545.024: [GC 69545.025: [ParNew: 149646K->124803K(2534400K), 0.2000970 secs] 5494318K->5498057K(10982400K), 0.2022090 secs] [Times: user=3.45 sys=0.00, real=0.20 secs] 
69547.746: [GC 69547.747: [ParNew: 2377603K->160505K(2534400K), 0.2005520 secs] 7750857K->5533760K(10982400K), 0.2028070 secs] [Times: user=4.00 sys=0.01, real=0.21 secs] 
69551.498: [GC[YG occupancy: 1359133 K (2534400 K)]69551.499: [Rescan (parallel) , 0.1324720 secs]69551.631: [weak refs processing, 0.0019150 secs] [1 CMS-remark: 5373255K(8448000K)] 6732389K(10982400K), 0.1353080 secs] [Times: user=2.79 sys=0.01, real=0.13 secs] 
69552.655: [GC 69552.656: [ParNew: 2413305K->47594K(2534400K), 0.2182660 secs] 7737292K->5458927K(10982400K), 0.2205580 secs] [Times: user=4.21 sys=0.00, real=0.22 secs] 
69555.347: [GC 69555.348: [ParNew: 2300394K->72304K(2534400K), 0.0554920 secs] 7588325K->5360234K(10982400K), 0.0577020 secs] [Times: user=0.64 sys=0.00, real=0.06 secs] 
69557.600: [GC 69557.602: [ParNew: 2325104K->281600K(2534400K), 0.1008880 secs] 7486764K->5450985K(10982400K), 0.1034750 secs] [Times: user=1.16 sys=0.00, real=0.10 secs] 
69559.356: [GC 69559.357: [ParNew: 2534400K->281600K(2534400K), 0.7624850 secs] 7516059K->5523659K(10982400K), 0.7650290 secs] [Times: user=3.34 sys=0.12, real=0.77 secs] 
69560.131: [GC [1 CMS-initial-mark: 5242059K(8448000K)] 5536836K(10982400K), 0.2212520 secs] [Times: user=0.22 sys=0.00, real=0.22 secs] 
69561.870: [GC 69561.871: [ParNew: 2534400K->224195K(2534400K), 0.3971040 secs] 7776459K->5695242K(10982400K), 0.3996720 secs] [Times: user=2.77 sys=0.02, real=0.40 secs] 
69563.663: [GC 69563.665: [ParNew: 2476995K->241711K(2534400K), 0.0614630 secs] 7948042K->5712758K(10982400K), 0.0639800 secs] [Times: user=1.03 sys=0.00, real=0.06 secs] 
69566.136: [GC 69566.137: [ParNew: 2494511K->224573K(2534400K), 0.1827880 secs] 7965558K->5789798K(10982400K), 0.1853120 secs] [Times: user=1.54 sys=0.01, real=0.19 secs] 
69566.956: [GC[YG occupancy: 678378 K (2534400 K)]69566.957: [Rescan (parallel) , 0.0610830 secs]69567.018: [weak refs processing, 0.0014400 secs] [1 CMS-remark: 5565224K(8448000K)] 6243603K(10982400K), 0.0633530 secs] [Times: user=1.28 sys=0.01, real=0.06 secs] 
69568.470: [GC 69568.471: [ParNew: 2477373K->169994K(2534400K), 0.1493240 secs] 7973747K->5756434K(10982400K), 0.1515520 secs] [Times: user=1.20 sys=0.02, real=0.16 secs] 
69571.320: [GC 69571.321: [ParNew: 2422794K->97105K(2534400K), 0.0771930 secs] 7887123K->5561434K(10982400K), 0.0794300 secs] [Times: user=1.18 sys=0.00, real=0.08 secs] 
69572.930: [GC [1 CMS-initial-mark: 5217631K(8448000K)] 6089271K(10982400K), 0.7551680 secs] [Times: user=0.76 sys=0.00, real=0.76 secs] 
69575.455: [GC 69575.457: [ParNew: 2349905K->63544K(2534400K), 0.0771690 secs] 7567536K->5281176K(10982400K), 0.0797960 secs] [Times: user=1.12 sys=0.01, real=0.08 secs] 
69579.359: [GC 69579.360: [ParNew: 2316344K->49935K(2534400K), 0.1104300 secs] 7533976K->5293558K(10982400K), 0.1129870 secs] [Times: user=1.04 sys=0.00, real=0.12 secs] 
69580.899: [GC[YG occupancy: 1189083 K (2534400 K)]69580.900: [Rescan (parallel) , 0.1516970 secs]69581.052: [weak refs processing, 0.0018340 secs] [1 CMS-remark: 5243622K(8448000K)] 6432706K(10982400K), 0.1545150 secs] [Times: user=3.17 sys=0.01, real=0.16 secs] 
69582.445: [GC 69582.447: [ParNew: 2302735K->28007K(2534400K), 0.0501210 secs] 7474350K->5201431K(10982400K), 0.0526150 secs] [Times: user=0.47 sys=0.00, real=0.05 secs] 
69585.687: [GC 69585.689: [ParNew: 2280807K->32570K(2534400K), 0.0486390 secs] 7265207K->5018174K(10982400K), 0.0512110 secs] [Times: user=0.47 sys=0.01, real=0.05 secs] 
69591.753: [GC 69591.754: [ParNew: 2285370K->30665K(2534400K), 0.0515860 secs] 7114507K->4863676K(10982400K), 0.0540680 secs] [Times: user=0.44 sys=0.00, real=0.06 secs] 
69595.643: [GC 69595.644: [ParNew: 2283465K->27927K(2534400K), 0.0483630 secs] 7116476K->4862358K(10982400K), 0.0512990 secs] [Times: user=0.44 sys=0.01, real=0.06 secs] 
69597.938: [GC 69597.939: [ParNew: 2280727K->32682K(2534400K), 0.0422100 secs] 7115158K->4868527K(10982400K), 0.0444410 secs] [Times: user=0.45 sys=0.00, real=0.04 secs] 
69600.055: [GC 69600.056: [ParNew: 2285482K->28530K(2534400K), 0.0511970 secs] 7121327K->4866507K(10982400K), 0.0537460 secs] [Times: user=0.49 sys=0.00, real=0.06 secs] 
69602.178: [GC 69602.179: [ParNew: 2281330K->29929K(2534400K), 0.0489140 secs] 7119307K->4870273K(10982400K), 0.0514460 secs] [Times: user=0.50 sys=0.01, real=0.05 secs] 
69605.072: [GC 69605.073: [ParNew: 2282729K->26842K(2534400K), 0.0537270 secs] 7123073K->4870327K(10982400K), 0.0561800 secs] [Times: user=0.57 sys=0.00, real=0.06 secs] 
69607.940: [GC 69607.941: [ParNew: 2279642K->31754K(2534400K), 0.0535270 secs] 7123127K->4876292K(10982400K), 0.0561230 secs] [Times: user=0.57 sys=0.01, real=0.05 secs] 
69611.118: [GC 69611.119: [ParNew: 2284554K->28624K(2534400K), 0.0550050 secs] 7129092K->4874483K(10982400K), 0.0575810 secs] [Times: user=0.60 sys=0.00, real=0.05 secs] 
69614.782: [GC 69614.783: [ParNew: 2281424K->30413K(2534400K), 0.0558220 secs] 7127283K->4877817K(10982400K), 0.0584330 secs] [Times: user=0.55 sys=0.00, real=0.06 secs] 
69617.413: [GC 69617.414: [ParNew: 2283213K->27918K(2534400K), 0.0460860 secs] 7130617K->4876911K(10982400K), 0.0484670 secs] [Times: user=0.41 sys=0.01, real=0.05 secs] 
69621.222: [GC 69621.223: [ParNew: 2280718K->26503K(2534400K), 0.0535750 secs] 7129711K->4877233K(10982400K), 0.0561480 secs] [Times: user=0.56 sys=0.01, real=0.06 secs] 
69624.205: [GC 69624.207: [ParNew: 2279303K->27706K(2534400K), 0.0503130 secs] 7130033K->4880119K(10982400K), 0.0528950 secs] [Times: user=0.48 sys=0.01, real=0.06 secs] 
69627.438: [GC 69627.439: [ParNew: 2280506K->24445K(2534400K), 0.0459240 secs] 7132919K->4878332K(10982400K), 0.0483490 secs] [Times: user=0.47 sys=0.00, real=0.05 secs] 
69630.550: [GC 69630.552: [ParNew: 2277245K->30962K(2534400K), 0.0478890 secs] 7131132K->4885582K(10982400K), 0.0504580 secs] [Times: user=0.49 sys=0.00, real=0.05 secs] 
69633.777: [GC 69633.778: [ParNew: 2283762K->30991K(2534400K), 0.0475550 secs] 7138382K->4887137K(10982400K), 0.0498010 secs] [Times: user=0.46 sys=0.00, real=0.05 secs] 
69636.332: [GC 69636.333: [ParNew: 2283791K->30352K(2534400K), 0.0504210 secs] 7139937K->4888318K(10982400K), 0.0526370 secs] [Times: user=0.53 sys=0.00, real=0.05 secs] 
69639.804: [GC 69639.805: [ParNew: 2283152K->29109K(2534400K), 0.0476770 secs] 7141118K->4888291K(10982400K), 0.0500090 secs] [Times: user=0.48 sys=0.00, real=0.05 secs] 
69643.593: [GC 69643.594: [ParNew: 2281909K->29274K(2534400K), 0.0539360 secs] 7141091K->4890241K(10982400K), 0.0561780 secs] [Times: user=0.59 sys=0.00, real=0.05 secs] 
69646.602: [GC 69646.603: [ParNew: 2282074K->281600K(2534400K), 0.1300160 secs] 7143041K->5154338K(10982400K), 0.1324180 secs] [Times: user=1.56 sys=0.00, real=0.14 secs] 
69648.882: [GC 69648.883: [ParNew: 2534400K->281600K(2534400K), 1.0722240 secs] 7407138K->5433943K(10982400K), 1.0747440 secs] [Times: user=4.12 sys=0.33, real=1.08 secs] 
69649.966: [GC [1 CMS-initial-mark: 5152343K(8448000K)] 5433945K(10982400K), 0.2335040 secs] [Times: user=0.23 sys=0.00, real=0.23 secs] 
69651.675: [GC 69651.676: [ParNew: 2534400K->230198K(2534400K), 0.2895700 secs] 7686743K->5604499K(10982400K), 0.2920870 secs] [Times: user=2.57 sys=0.03, real=0.29 secs] 
69653.470: [GC 69653.471: [ParNew: 2482998K->195701K(2534400K), 0.0564770 secs] 7857299K->5570002K(10982400K), 0.0586810 secs] [Times: user=0.88 sys=0.00, real=0.06 secs] 
69654.935: [GC 69654.936: [ParNew: 2448501K->267081K(2534400K), 0.1009120 secs] 7822802K->5715754K(10982400K), 0.1032450 secs] [Times: user=1.36 sys=0.01, real=0.10 secs] 
69655.236: [GC[YG occupancy: 662536 K (2534400 K)]69655.237: [Rescan (parallel) , 0.0527440 secs]69655.289: [weak refs processing, 0.0068640 secs] [1 CMS-remark: 5448673K(8448000K)] 6111209K(10982400K), 0.0604600 secs] [Times: user=1.11 sys=0.01, real=0.06 secs] 
69656.760: [GC 69656.761: [ParNew: 2519881K->281600K(2534400K), 0.7402540 secs] 7889551K->5996420K(10982400K), 0.7426740 secs] [Times: user=12.55 sys=0.02, real=0.74 secs] 
69658.652: [GC 69658.653: [ParNew: 2534356K->281600K(2534400K), 0.2842450 secs] 8222162K->6213668K(10982400K), 0.2868020 secs] [Times: user=2.97 sys=0.03, real=0.29 secs] 
69659.726: [GC 69659.727: [ParNew: 2534400K->208504K(2534400K), 0.2082680 secs] 8408261K->6227733K(10982400K), 0.2104510 secs] [Times: user=1.77 sys=0.02, real=0.21 secs] 
69661.265: [GC 69661.266: [ParNew: 2461304K->281600K(2534400K), 0.0796300 secs] 8444612K->6271312K(10982400K), 0.0818310 secs] [Times: user=1.25 sys=0.01, real=0.08 secs] 
69662.586: [GC 69662.587: [ParNew: 2534400K->229345K(2534400K), 0.3139070 secs] 8417927K->6327385K(10982400K), 0.3163660 secs] [Times: user=2.46 sys=0.01, real=0.31 secs] 
69663.523: [GC [1 CMS-initial-mark: 6098040K(8448000K)] 6849542K(10982400K), 0.5867190 secs] [Times: user=0.59 sys=0.00, real=0.59 secs] 
69665.521: [GC 69665.533: [ParNew: 2482145K->179156K(2534400K), 0.1090310 secs] 8580185K->6415185K(10982400K), 0.1106540 secs] [Times: user=1.24 sys=0.01, real=0.12 secs] 
69668.177: [GC 69668.178: [ParNew: 2431956K->78824K(2534400K), 0.0728400 secs] 8667985K->6314853K(10982400K), 0.0744700 secs] [Times: user=1.18 sys=0.00, real=0.07 secs] 
69670.385: [GC[YG occupancy: 1298879 K (2534400 K)]69670.385: [Rescan (parallel) , 0.1223650 secs]69670.508: [weak refs processing, 0.0017720 secs] [1 CMS-remark: 6236029K(8448000K)] 7534908K(10982400K), 0.1249110 secs] [Times: user=2.61 sys=0.01, real=0.13 secs] 
69671.616: [GC 69671.617: [ParNew: 2331625K->76387K(2534400K), 0.1239480 secs] 8473343K->6218105K(10982400K), 0.1257540 secs] [Times: user=2.22 sys=0.01, real=0.13 secs] 
69671.749: [GC 69671.750: [ParNew: 80989K->76633K(2534400K), 0.0972200 secs] 6222697K->6218340K(10982400K), 0.0993940 secs] [Times: user=2.17 sys=0.00, real=0.10 secs] 
69679.444: [GC 69679.446: [ParNew: 2329433K->125240K(2534400K), 0.2124480 secs] 7627202K->5429228K(10982400K), 0.2151050 secs] [Times: user=4.12 sys=0.02, real=0.22 secs] 
69679.668: [GC [1 CMS-initial-mark: 5303988K(8448000K)] 5429455K(10982400K), 0.1694720 secs] [Times: user=0.17 sys=0.00, real=0.17 secs] 
69687.057: [GC 69687.058: [ParNew: 2378040K->188168K(2534400K), 0.1940820 secs] 7682028K->5493189K(10982400K), 0.1963550 secs] [Times: user=3.90 sys=0.01, real=0.20 secs] 
69687.537: [GC[YG occupancy: 267131 K (2534400 K)]69687.538: [Rescan (parallel) , 0.0524010 secs]69687.590: [weak refs processing, 0.0028380 secs] [1 CMS-remark: 5305021K(8448000K)] 5572152K(10982400K), 0.0562080 secs] [Times: user=1.07 sys=0.01, real=0.06 secs] 
69694.424: [GC 69694.425: [ParNew: 2440968K->99934K(2534400K), 0.2015760 secs] 7734645K->5475930K(10982400K), 0.2041960 secs] [Times: user=4.10 sys=0.01, real=0.20 secs] 
69699.024: [GC [1 CMS-initial-mark: 5367469K(8448000K)] 7377321K(10982400K), 1.0911590 secs] [Times: user=1.09 sys=0.00, real=1.09 secs] 
69700.718: [GC 69700.719: [ParNew: 2349046K->102523K(2534400K), 0.0376660 secs] 7716515K->5469993K(10982400K), 0.0400670 secs] [Times: user=0.53 sys=0.01, real=0.04 secs] 
69705.741: [GC 69705.743: [ParNew: 2355323K->103830K(2534400K), 0.0364380 secs] 7722793K->5471299K(10982400K), 0.0390150 secs] [Times: user=0.51 sys=0.00, real=0.04 secs] 
69707.663: [GC[YG occupancy: 836495 K (2534400 K)]69707.664: [Rescan (parallel) , 0.0716090 secs]69707.736: [weak refs processing, 0.0018940 secs] [1 CMS-remark: 5367469K(8448000K)] 6203964K(10982400K), 0.0744940 secs] [Times: user=1.49 sys=0.00, real=0.07 secs] 
69713.347: [GC 69713.348: [ParNew: 2356630K->44699K(2534400K), 0.0728990 secs] 7508119K->5229318K(10982400K), 0.0754910 secs] [Times: user=0.85 sys=0.03, real=0.08 secs] 
69724.286: [GC 69724.287: [ParNew: 2297499K->40787K(2534400K), 0.0603010 secs] 7177180K->4922808K(10982400K), 0.0629590 secs] [Times: user=0.46 sys=0.00, real=0.06 secs] 
69738.071: [GC 69738.072: [ParNew: 2293587K->40964K(2534400K), 0.0738340 secs] 7175608K->4924411K(10982400K), 0.0764440 secs] [Times: user=0.58 sys=0.01, real=0.08 secs] 
69756.210: [GC 69756.211: [ParNew: 2293764K->49103K(2534400K), 0.0662860 secs] 7177211K->4933888K(10982400K), 0.0686490 secs] [Times: user=0.56 sys=0.00, real=0.07 secs] 
69768.931: [GC 69768.933: [ParNew: 2301903K->281600K(2534400K), 1.6430930 secs] 7186688K->5525239K(10982400K), 1.6456170 secs] [Times: user=17.56 sys=0.26, real=1.64 secs] 
69770.587: [GC [1 CMS-initial-mark: 5243639K(8448000K)] 5538053K(10982400K), 0.2535690 secs] [Times: user=0.25 sys=0.00, real=0.25 secs] 
69774.314: [GC 69774.315: [ParNew: 2534400K->281600K(2534400K), 1.0386240 secs] 7778039K->6047445K(10982400K), 1.0411940 secs] [Times: user=16.02 sys=0.03, real=1.04 secs] 
69777.572: [GC[YG occupancy: 2054587 K (2534400 K)]69777.573: [Rescan (parallel) , 0.1060240 secs]69777.679: [weak refs processing, 0.0503350 secs] [1 CMS-remark: 5765845K(8448000K)] 7820433K(10982400K), 0.1575060 secs] [Times: user=2.40 sys=0.01, real=0.16 secs] 
69778.307: [GC 69778.308: [ParNew: 2534400K->268014K(2534400K), 0.3130450 secs] 8297240K->6312543K(10982400K), 0.3154890 secs] [Times: user=2.89 sys=0.05, real=0.32 secs] 
69780.834: [GC 69780.835: [ParNew: 2520814K->215216K(2534400K), 0.1985260 secs] 8527212K->6399128K(10982400K), 0.2007880 secs] [Times: user=1.93 sys=0.01, real=0.20 secs] 
69783.526: [GC 69783.527: [ParNew: 2468016K->281600K(2534400K), 0.0906280 secs] 8532992K->6361945K(10982400K), 0.0928470 secs] [Times: user=1.62 sys=0.00, real=0.09 secs] 
69787.149: [GC [1 CMS-initial-mark: 5885681K(8448000K)] 7389046K(10982400K), 1.2656550 secs] [Times: user=1.26 sys=0.00, real=1.27 secs] 
69796.503: [GC 69796.504: [ParNew: 2534400K->253350K(2534400K), 0.2716050 secs] 8420081K->6413080K(10982400K), 0.2739390 secs] [Times: user=2.46 sys=0.02, real=0.28 secs] 
69797.628: [GC[YG occupancy: 389616 K (2534400 K)]69797.628: [Rescan (parallel) , 0.0387880 secs]69797.667: [weak refs processing, 0.0369030 secs] [1 CMS-remark: 6159730K(8448000K)] 6549346K(10982400K), 0.0764050 secs] [Times: user=0.83 sys=0.01, real=0.07 secs] 
69810.389: [GC [1 CMS-initial-mark: 5169739K(8448000K)] 7478648K(10982400K), 1.7595200 secs] [Times: user=1.76 sys=0.00, real=1.76 secs] 
69812.297: [GC 69812.298: [ParNew: 2506150K->190817K(2534400K), 0.1154300 secs] 7675890K->5360556K(10982400K), 0.1172720 secs] [Times: user=0.98 sys=0.00, real=0.12 secs] 
69820.410: [GC[YG occupancy: 2112544 K (2534400 K)]69820.411: [Rescan (parallel) , 1.2847670 secs]69821.695: [weak refs processing, 0.0018280 secs] [1 CMS-remark: 5169739K(8448000K)] 7282284K(10982400K), 1.2873440 secs] [Times: user=25.99 sys=0.10, real=1.28 secs] 
69822.192: [GC 69822.193: [ParNew: 2443609K->214988K(2534400K), 0.2332650 secs] 7612406K->5459554K(10982400K), 0.2349610 secs] [Times: user=1.16 sys=0.01, real=0.23 secs] 
69829.224: [GC 69829.225: [ParNew: 2467788K->41235K(2534400K), 0.0548770 secs] 7685751K->5268473K(10982400K), 0.0565540 secs] [Times: user=0.59 sys=0.00, real=0.06 secs] 
69830.276: [GC [1 CMS-initial-mark: 5219239K(8448000K)] 5435258K(10982400K), 0.1391780 secs] [Times: user=0.14 sys=0.00, real=0.14 secs] 
69833.850: [GC 69833.851: [ParNew: 2294035K->281600K(2534400K), 0.6887620 secs] 7513274K->5675592K(10982400K), 0.6904370 secs] [Times: user=10.14 sys=0.04, real=0.70 secs] 
69836.435: [GC[YG occupancy: 2244411 K (2534400 K)]69836.436: [Rescan (parallel) , 0.1145120 secs]69836.551: [weak refs processing, 0.0013380 secs] [1 CMS-remark: 5393992K(8448000K)] 7638404K(10982400K), 0.1165340 secs] [Times: user=2.55 sys=0.00, real=0.12 secs] 
69836.802: [GC 69836.803: [ParNew: 2534400K->213951K(2534400K), 0.4292740 secs] 7928315K->5883890K(10982400K), 0.4308840 secs] [Times: user=3.70 sys=0.05, real=0.43 secs] 
69839.137: [GC 69839.138: [ParNew: 2466751K->168991K(2534400K), 0.1396690 secs] 8135426K->5986630K(10982400K), 0.1413370 secs] [Times: user=1.70 sys=0.01, real=0.14 secs] 
69840.859: [GC 69840.860: [ParNew: 2421791K->253424K(2534400K), 0.0518640 secs] 8237346K->6068978K(10982400K), 0.0534470 secs] [Times: user=0.92 sys=0.00, real=0.06 secs] 
69843.591: [GC 69843.592: [ParNew: 2506224K->281600K(2534400K), 0.1251610 secs] 8316871K->6195645K(10982400K), 0.1269910 secs] [Times: user=1.71 sys=0.00, real=0.13 secs] 
69843.724: [GC [1 CMS-initial-mark: 5914045K(8448000K)] 6205927K(10982400K), 0.2120150 secs] [Times: user=0.21 sys=0.00, real=0.21 secs] 
69846.908: [GC 69846.909: [ParNew: 2534400K->275248K(2534400K), 0.0983110 secs] 8448445K->6266954K(10982400K), 0.1000070 secs] [Times: user=1.57 sys=0.01, real=0.10 secs] 
69849.401: [GC[YG occupancy: 1931223 K (2534400 K)]69849.401: [Rescan (parallel) , 0.8616840 secs]69850.263: [weak refs processing, 0.0010700 secs] [1 CMS-remark: 5991705K(8448000K)] 7922928K(10982400K), 0.8634370 secs] [Times: user=17.43 sys=0.08, real=0.87 secs] 
69851.308: [GC 69851.309: [ParNew: 2528057K->262969K(2534400K), 0.1841490 secs] 8451810K->6251912K(10982400K), 0.1859560 secs] [Times: user=1.79 sys=0.01, real=0.19 secs] 
69851.500: [GC 69851.501: [ParNew: 264599K->187219K(2534400K), 0.0911010 secs] 6253525K->6255606K(10982400K), 0.0927260 secs] [Times: user=1.15 sys=0.01, real=0.09 secs] 
69858.413: [GC 69858.414: [ParNew: 2440019K->157960K(2534400K), 0.1061550 secs] 8073624K->5791564K(10982400K), 0.1079110 secs] [Times: user=2.07 sys=0.01, real=0.11 secs] 
69858.529: [GC [1 CMS-initial-mark: 5633604K(8448000K)] 5821799K(10982400K), 0.1569470 secs] [Times: user=0.16 sys=0.00, real=0.16 secs] 
69866.904: [GC[YG occupancy: 2279208 K (2534400 K)]69866.904: [Rescan (parallel) , 1.1367500 secs]69868.041: [weak refs processing, 0.0009380 secs] [1 CMS-remark: 5633604K(8448000K)] 7912813K(10982400K), 1.1384410 secs] [Times: user=23.02 sys=0.07, real=1.14 secs] 
69868.121: [GC 69868.122: [ParNew: 2410760K->224378K(2534400K), 0.2097510 secs] 8044339K->5857958K(10982400K), 0.2115070 secs] [Times: user=4.40 sys=0.00, real=0.21 secs] 
69874.381: [GC [1 CMS-initial-mark: 5622794K(8448000K)] 7645206K(10982400K), 1.2385910 secs] [Times: user=1.24 sys=0.00, real=1.24 secs] 
69877.085: [GC 69877.086: [ParNew: 2477178K->154814K(2534400K), 0.1805990 secs] 8099972K->5843328K(10982400K), 0.1823840 secs] [Times: user=1.00 sys=0.00, real=0.19 secs] 
69884.957: [GC[YG occupancy: 1552811 K (2534400 K)]69884.958: [Rescan (parallel) , 0.9120390 secs]69885.870: [weak refs processing, 0.0010140 secs] [1 CMS-remark: 5688513K(8448000K)] 7241325K(10982400K), 0.9137820 secs] [Times: user=18.41 sys=0.07, real=0.92 secs] 
69892.613: [GC 69892.614: [ParNew: 2407614K->113834K(2534400K), 0.0581110 secs] 8091286K->5797505K(10982400K), 0.0598320 secs] [Times: user=0.64 sys=0.01, real=0.06 secs] 
69892.678: [GC [1 CMS-initial-mark: 5683671K(8448000K)] 5797660K(10982400K), 0.0648760 secs] [Times: user=0.07 sys=0.00, real=0.07 secs] 
69900.037: [GC[YG occupancy: 1256852 K (2534400 K)]69900.038: [Rescan (parallel) , 0.1314720 secs]69900.170: [weak refs processing, 0.0009220 secs] [1 CMS-remark: 5683671K(8448000K)] 6940524K(10982400K), 0.1331660 secs] [Times: user=2.77 sys=0.00, real=0.14 secs] 
69903.738: [GC 69903.739: [ParNew: 2366634K->281600K(2534400K), 0.9090140 secs] 7835382K->5988380K(10982400K), 0.9108790 secs] [Times: user=12.26 sys=0.02, real=0.91 secs] 
69907.400: [GC 69907.401: [ParNew: 2534400K->281600K(2534400K), 0.3067180 secs] 8032105K->6027134K(10982400K), 0.3083640 secs] [Times: user=3.05 sys=0.02, real=0.31 secs] 
69914.772: [GC 69914.773: [ParNew: 2534400K->210893K(2534400K), 0.3323710 secs] 7872979K->5767378K(10982400K), 0.3340510 secs] [Times: user=2.99 sys=0.03, real=0.34 secs] 
69921.435: [GC [1 CMS-initial-mark: 5255043K(8448000K)] 6090510K(10982400K), 0.6925240 secs] [Times: user=0.69 sys=0.00, real=0.69 secs] 
69930.496: [GC[YG occupancy: 2366064 K (2534400 K)]69930.497: [Rescan (parallel) , 1.3096600 secs]69931.807: [weak refs processing, 0.0017780 secs] [1 CMS-remark: 5255043K(8448000K)] 7621107K(10982400K), 1.3121800 secs] [Times: user=26.53 sys=0.10, real=1.31 secs] 
69931.873: [GC 69931.874: [ParNew: 2463693K->167410K(2534400K), 0.1351190 secs] 7717972K->5558517K(10982400K), 0.1368160 secs] [Times: user=1.15 sys=0.01, real=0.14 secs] 
69949.721: [GC 69949.722: [ParNew: 2420209K->56490K(2534400K), 0.0590750 secs] 7301496K->4937776K(10982400K), 0.0611400 secs] [Times: user=0.56 sys=0.00, real=0.06 secs] 
69960.895: [GC 69960.896: [ParNew: 2309290K->44908K(2534400K), 0.0560850 secs] 7190576K->4926195K(10982400K), 0.0583710 secs] [Times: user=0.57 sys=0.00, real=0.06 secs] 
69969.976: [GC 69969.977: [ParNew: 2297708K->48498K(2534400K), 0.0479550 secs] 7178995K->4929785K(10982400K), 0.0502530 secs] [Times: user=0.52 sys=0.00, real=0.05 secs] 
69976.674: [GC 69976.675: [ParNew: 2301298K->43960K(2534400K), 0.0426460 secs] 7182585K->4931632K(10982400K), 0.0452660 secs] [Times: user=0.45 sys=0.01, real=0.04 secs] 
69985.854: [GC 69985.855: [ParNew: 2296760K->37026K(2534400K), 0.0499620 secs] 7184432K->4930971K(10982400K), 0.0525340 secs] [Times: user=0.50 sys=0.00, real=0.05 secs] 
70005.716: [GC 70005.717: [ParNew: 2289826K->41076K(2534400K), 0.0591740 secs] 7183771K->4937908K(10982400K), 0.0615140 secs] [Times: user=0.55 sys=0.01, real=0.07 secs] 
70018.586: [GC 70018.587: [ParNew: 2293876K->281600K(2534400K), 1.4611780 secs] 7190708K->5518832K(10982400K), 1.4637790 secs] [Times: user=17.37 sys=0.09, real=1.47 secs] 
70020.060: [GC [1 CMS-initial-mark: 5237232K(8448000K)] 5518954K(10982400K), 0.2510910 secs] [Times: user=0.25 sys=0.00, real=0.25 secs] 
70022.389: [GC 70022.391: [ParNew: 2534400K->237731K(2534400K), 0.3103580 secs] 7771632K->5754063K(10982400K), 0.3132470 secs] [Times: user=3.17 sys=0.04, real=0.32 secs] 
70025.671: [GC 70025.672: [ParNew: 2490531K->227758K(2534400K), 0.1563990 secs] 8006863K->5901807K(10982400K), 0.1586700 secs] [Times: user=2.14 sys=0.02, real=0.16 secs] 
70030.688: [GC[YG occupancy: 1492946 K (2534400 K)]70030.688: [Rescan (parallel) , 0.3760120 secs]70031.064: [weak refs processing, 0.0062530 secs] [1 CMS-remark: 5674049K(8448000K)] 7166995K(10982400K), 0.3832040 secs] [Times: user=7.71 sys=0.04, real=0.39 secs] 
70038.741: [GC [1 CMS-initial-mark: 5334043K(8448000K)] 7789724K(10982400K), 2.1008640 secs] [Times: user=2.11 sys=0.01, real=2.10 secs] 
70040.864: [GC 70040.865: [ParNew: 2480558K->186182K(2534400K), 0.2423540 secs] 7814601K->5694927K(10982400K), 0.2441210 secs] [Times: user=1.69 sys=0.01, real=0.24 secs] 
70049.363: [GC 70049.364: [ParNew: 2438982K->281600K(2534400K), 0.3548550 secs] 7947727K->5892862K(10982400K), 0.3565480 secs] [Times: user=5.91 sys=0.00, real=0.36 secs] 
70050.302: [GC[YG occupancy: 809937 K (2534400 K)]70050.302: [Rescan (parallel) , 0.0578600 secs]70050.360: [weak refs processing, 0.0014950 secs] [1 CMS-remark: 5611262K(8448000K)] 6421199K(10982400K), 0.0599910 secs] [Times: user=1.23 sys=0.01, real=0.06 secs] 
70054.252: [GC 70054.253: [ParNew: 2534400K->277898K(2534400K), 0.1490770 secs] 7802220K->5657433K(10982400K), 0.1507390 secs] [Times: user=1.89 sys=0.00, real=0.15 secs] 
70058.699: [GC [1 CMS-initial-mark: 5131288K(8448000K)] 6281979K(10982400K), 1.0046620 secs] [Times: user=1.00 sys=0.01, real=1.00 secs] 
70067.275: [GC[YG occupancy: 2361798 K (2534400 K)]70067.276: [Rescan (parallel) , 1.8887500 secs]70069.165: [weak refs processing, 0.0011610 secs] [1 CMS-remark: 5131288K(8448000K)] 7493087K(10982400K), 1.8906630 secs] [Times: user=38.15 sys=0.14, real=1.89 secs] 
70069.255: [GC 70069.256: [ParNew: 2530698K->239192K(2534400K), 0.2361840 secs] 7661682K->5530262K(10982400K), 0.2378810 secs] [Times: user=1.30 sys=0.02, real=0.24 secs] 
70077.575: [GC [1 CMS-initial-mark: 5184523K(8448000K)] 7644584K(10982400K), 1.1664930 secs] [Times: user=1.16 sys=0.00, real=1.17 secs] 
70078.764: [GC 70078.765: [ParNew: 2491992K->91597K(2534400K), 0.0488200 secs] 7676516K->5276120K(10982400K), 0.0504910 secs] [Times: user=0.67 sys=0.01, real=0.05 secs] 
70085.408: [GC 70085.409: [ParNew: 2344397K->69123K(2534400K), 0.0491050 secs] 7528920K->5253647K(10982400K), 0.0508770 secs] [Times: user=0.51 sys=0.00, real=0.06 secs] 
70086.384: [GC[YG occupancy: 323778 K (2534400 K)]70086.385: [Rescan (parallel) , 0.0582840 secs]70086.443: [weak refs processing, 0.0012390 secs] [1 CMS-remark: 5184523K(8448000K)] 5508301K(10982400K), 0.0602330 secs] [Times: user=1.19 sys=0.00, real=0.06 secs] 
70094.188: [GC 70094.189: [ParNew: 2321923K->78890K(2534400K), 0.0515030 secs] 7346920K->5103887K(10982400K), 0.0533090 secs] [Times: user=0.74 sys=0.00, real=0.06 secs] 
70104.307: [GC 70104.308: [ParNew: 2331690K->63750K(2534400K), 0.0787250 secs] 7356687K->5110165K(10982400K), 0.0810140 secs] [Times: user=0.60 sys=0.00, real=0.08 secs] 
70115.045: [GC 70115.046: [ParNew: 2316550K->39031K(2534400K), 0.0541900 secs] 7362965K->5087994K(10982400K), 0.0568290 secs] [Times: user=0.61 sys=0.00, real=0.05 secs] 
70130.994: [GC 70130.995: [ParNew: 2291831K->281600K(2534400K), 0.4482390 secs] 7340794K->5402127K(10982400K), 0.4507260 secs] [Times: user=3.81 sys=0.02, real=0.45 secs] 
70131.453: [GC [1 CMS-initial-mark: 5120527K(8448000K)] 5402160K(10982400K), 0.2485630 secs] [Times: user=0.25 sys=0.00, real=0.25 secs] 
70135.412: [GC 70135.413: [ParNew: 2534400K->281600K(2534400K), 1.2392530 secs] 7654927K->5891027K(10982400K), 1.2417690 secs] [Times: user=14.84 sys=0.06, real=1.24 secs] 
70139.315: [GC 70139.316: [ParNew: 2534400K->268177K(2534400K), 0.2505670 secs] 8143827K->6155042K(10982400K), 0.2530410 secs] [Times: user=2.88 sys=0.04, real=0.26 secs] 
70139.576: [GC[YG occupancy: 270760 K (2534400 K)]70139.577: [Rescan (parallel) , 0.0412490 secs]70139.618: [weak refs processing, 0.0040270 secs] [1 CMS-remark: 5886864K(8448000K)] 6157625K(10982400K), 0.0461330 secs] [Times: user=0.92 sys=0.01, real=0.05 secs] 
70142.749: [GC 70142.751: [ParNew: 2520977K->212731K(2534400K), 0.2955450 secs] 8229043K->6090956K(10982400K), 0.2981290 secs] [Times: user=2.13 sys=0.01, real=0.30 secs] 
70148.103: [GC [1 CMS-initial-mark: 5556300K(8448000K)] 6558074K(10982400K), 0.8623970 secs] [Times: user=0.86 sys=0.00, real=0.86 secs] 
70155.963: [GC 70155.964: [ParNew: 2465531K->198950K(2534400K), 0.2441490 secs] 8021831K->5897859K(10982400K), 0.2466240 secs] [Times: user=1.42 sys=0.01, real=0.25 secs] 
70156.952: [GC[YG occupancy: 556333 K (2534400 K)]70156.953: [Rescan (parallel) , 0.0441830 secs]70156.997: [weak refs processing, 0.0017980 secs] [1 CMS-remark: 5698908K(8448000K)] 6255242K(10982400K), 0.0469100 secs] [Times: user=0.92 sys=0.00, real=0.04 secs] 
70162.330: [GC 70162.332: [ParNew: 2451750K->281600K(2534400K), 0.8634020 secs] 7771056K->5843773K(10982400K), 0.8659940 secs] [Times: user=12.74 sys=0.05, real=0.87 secs] 
70165.887: [GC 70165.889: [ParNew: 2534400K->222355K(2534400K), 0.4242370 secs] 7801050K->5765495K(10982400K), 0.4264970 secs] [Times: user=2.72 sys=0.04, real=0.43 secs] 
70168.364: [GC [1 CMS-initial-mark: 5539770K(8448000K)] 7471268K(10982400K), 1.6224230 secs] [Times: user=1.63 sys=0.01, real=1.62 secs] 
70171.293: [GC 70171.294: [ParNew: 2475155K->254141K(2534400K), 0.1579820 secs] 8014925K->5942662K(10982400K), 0.1597770 secs] [Times: user=1.93 sys=0.01, real=0.16 secs] 
70177.003: [GC 70177.004: [ParNew: 2506941K->281600K(2534400K), 0.1952680 secs] 8195462K->6109066K(10982400K), 0.1970310 secs] [Times: user=2.36 sys=0.02, real=0.19 secs] 
70180.285: [GC[YG occupancy: 769246 K (2534400 K)]70180.286: [Rescan (parallel) , 0.3988100 secs]70180.684: [weak refs processing, 0.0017970 secs] [1 CMS-remark: 5827466K(8448000K)] 6596712K(10982400K), 0.4034690 secs] [Times: user=8.05 sys=0.04, real=0.40 secs] 
70188.797: [GC [1 CMS-initial-mark: 5336267K(8448000K)] 7708439K(10982400K), 1.9061570 secs] [Times: user=1.91 sys=0.00, real=1.90 secs] 
70190.798: [GC 70190.799: [ParNew: 2534400K->275430K(2534400K), 0.4077860 secs] 7870667K->5787877K(10982400K), 0.4095240 secs] [Times: user=3.96 sys=0.01, real=0.41 secs] 
70199.625: [GC 70199.626: [ParNew: 2528232K->157086K(2534400K), 0.2065240 secs] 8040678K->5669532K(10982400K), 0.2082270 secs] [Times: user=4.26 sys=0.01, real=0.21 secs] 
70199.843: [GC 70199.844: [ParNew: 157889K->130761K(2534400K), 0.1837680 secs] 5670335K->5643207K(10982400K), 0.1862840 secs] [Times: user=4.16 sys=0.00, real=0.19 secs] 
70200.927: [GC[YG occupancy: 407893 K (2534400 K)]70200.928: [Rescan (parallel) , 0.0920690 secs]70201.020: [weak refs processing, 0.0025160 secs] [1 CMS-remark: 5512446K(8448000K)] 5920340K(10982400K), 0.0954570 secs] [Times: user=1.87 sys=0.01, real=0.09 secs] 
70206.814: [GC 70206.815: [ParNew: 2383561K->103966K(2534400K), 0.0554070 secs] 7869960K->5590365K(10982400K), 0.0580360 secs] [Times: user=0.60 sys=0.01, real=0.06 secs] 
70206.879: [GC [1 CMS-initial-mark: 5486398K(8448000K)] 5590591K(10982400K), 0.0767740 secs] [Times: user=0.08 sys=0.00, real=0.07 secs] 
70214.555: [GC[YG occupancy: 2039804 K (2534400 K)]70214.556: [Rescan (parallel) , 1.1033110 secs]70215.659: [weak refs processing, 0.0018040 secs] [1 CMS-remark: 5486398K(8448000K)] 7526202K(10982400K), 1.1060570 secs] [Times: user=22.33 sys=0.09, real=1.11 secs] 
70216.326: [GC 70216.327: [ParNew: 2356766K->77425K(2534400K), 0.0543680 secs] 7819740K->5546383K(10982400K), 0.0566800 secs] [Times: user=0.53 sys=0.01, real=0.06 secs] 
70222.187: [GC 70222.188: [ParNew: 2330225K->189025K(2534400K), 0.1235540 secs] 7382511K->5244877K(10982400K), 0.1261920 secs] [Times: user=0.60 sys=0.01, real=0.13 secs] 
70229.128: [GC 70229.129: [ParNew: 2441825K->107848K(2534400K), 0.1053030 secs] 7462355K->5162891K(10982400K), 0.1075750 secs] [Times: user=0.60 sys=0.00, real=0.11 secs] 
70233.448: [GC 70233.449: [ParNew: 2360648K->86302K(2534400K), 0.0874840 secs] 7415691K->5141346K(10982400K), 0.0897850 secs] [Times: user=0.66 sys=0.01, real=0.09 secs] 
70238.390: [GC 70238.391: [ParNew: 2339102K->49411K(2534400K), 0.0435270 secs] 7394146K->5107260K(10982400K), 0.0457820 secs] [Times: user=0.53 sys=0.01, real=0.05 secs] 
70253.038: [GC 70253.039: [ParNew: 2302211K->44465K(2534400K), 0.0613480 secs] 7360060K->5109582K(10982400K), 0.0636530 secs] [Times: user=0.52 sys=0.00, real=0.06 secs] 
70267.695: [GC 70267.697: [ParNew: 2297265K->51545K(2534400K), 0.0739920 secs] 7362382K->5121246K(10982400K), 0.0766740 secs] [Times: user=0.50 sys=0.01, real=0.08 secs] 
70267.780: [GC [1 CMS-initial-mark: 5069700K(8448000K)] 5121555K(10982400K), 0.0819720 secs] [Times: user=0.08 sys=0.00, real=0.08 secs] 
70275.387: [GC[YG occupancy: 2161397 K (2534400 K)]70275.388: [Rescan (parallel) , 1.7185970 secs]70277.107: [weak refs processing, 0.0156360 secs] [1 CMS-remark: 5069700K(8448000K)] 7231098K(10982400K), 1.7353530 secs] [Times: user=34.75 sys=0.11, real=1.74 secs] 
70277.185: [GC 70277.186: [ParNew: 2304345K->281600K(2534400K), 2.0016870 secs] 7373374K->5910684K(10982400K), 2.0039610 secs] [Times: user=28.75 sys=0.14, real=2.01 secs] 
70281.116: [GC 70281.117: [ParNew: 2534400K->281600K(2534400K), 0.3697130 secs] 8065596K->6089304K(10982400K), 0.3723210 secs] [Times: user=3.31 sys=0.04, real=0.38 secs] 
70283.944: [GC 70283.945: [ParNew: 2534400K->237705K(2534400K), 0.3415150 secs] 8141904K->6046331K(10982400K), 0.3440870 secs] [Times: user=2.82 sys=0.03, real=0.34 secs] 
70286.634: [GC 70286.635: [ParNew: 2490505K->217669K(2534400K), 0.2209520 secs] 8126128K->6009897K(10982400K), 0.2235550 secs] [Times: user=1.94 sys=0.01, real=0.22 secs] 
70286.866: [GC [1 CMS-initial-mark: 5792228K(8448000K)] 6013005K(10982400K), 0.1903340 secs] [Times: user=0.19 sys=0.00, real=0.19 secs] 
70290.352: [GC 70290.353: [ParNew: 2470469K->204740K(2534400K), 0.1629390 secs] 8262697K->6151604K(10982400K), 0.1655460 secs] [Times: user=2.00 sys=0.01, real=0.16 secs] 
70294.843: [GC[YG occupancy: 1358711 K (2534400 K)]70294.844: [Rescan (parallel) , 0.3728590 secs]70295.217: [weak refs processing, 0.0029550 secs] [1 CMS-remark: 5946864K(8448000K)] 7305575K(10982400K), 0.3769030 secs] [Times: user=7.68 sys=0.04, real=0.38 secs] 
70298.483: [GC 70298.484: [ParNew: 2457540K->157503K(2534400K), 0.1915390 secs] 8387252K->6232451K(10982400K), 0.1941640 secs] [Times: user=2.46 sys=0.01, real=0.19 secs] 
70303.046: [GC [1 CMS-initial-mark: 6020356K(8448000K)] 7046513K(10982400K), 1.2949770 secs] [Times: user=1.29 sys=0.00, real=1.29 secs] 
70310.651: [GC 70310.652: [ParNew: 2410303K->50229K(2534400K), 0.0468140 secs] 8430660K->6070586K(10982400K), 0.0494890 secs] [Times: user=0.52 sys=0.00, real=0.05 secs] 
70312.161: [GC[YG occupancy: 282128 K (2534400 K)]70312.162: [Rescan (parallel) , 0.0692930 secs]70312.231: [weak refs processing, 0.0065820 secs] [1 CMS-remark: 6020356K(8448000K)] 6302485K(10982400K), 0.0768690 secs] [Times: user=1.42 sys=0.01, real=0.08 secs] 
70320.641: [GC 70320.643: [ParNew: 2303029K->43714K(2534400K), 0.0470190 secs] 7677459K->5418144K(10982400K), 0.0496650 secs] [Times: user=0.53 sys=0.01, real=0.05 secs] 
70325.244: [GC [1 CMS-initial-mark: 5171875K(8448000K)] 6137028K(10982400K), 1.3107170 secs] [Times: user=1.32 sys=0.00, real=1.32 secs] 
70330.118: [GC 70330.119: [ParNew: 2296514K->49833K(2534400K), 0.0554950 secs] 7468389K->5221709K(10982400K), 0.0594800 secs] [Times: user=0.63 sys=0.00, real=0.06 secs] 
70334.445: [GC[YG occupancy: 892042 K (2534400 K)]70334.446: [Rescan (parallel) , 0.1381350 secs]70334.584: [weak refs processing, 0.0018170 secs] [1 CMS-remark: 5171875K(8448000K)] 6063917K(10982400K), 0.1438240 secs] [Times: user=2.84 sys=0.01, real=0.15 secs] 
70342.114: [GC [1 CMS-initial-mark: 5164286K(8448000K)] 7174896K(10982400K), 2.1409220 secs] [Times: user=2.14 sys=0.00, real=2.14 secs] 
70344.377: [GC 70344.378: [ParNew: 2302633K->58714K(2534400K), 0.0689150 secs] 7466919K->5228538K(10982400K), 0.0714070 secs] [Times: user=0.61 sys=0.00, real=0.08 secs] 
70352.402: [GC[YG occupancy: 2259712 K (2534400 K)]70352.403: [Rescan (parallel) , 1.2368640 secs]70353.640: [weak refs processing, 0.0019910 secs] [1 CMS-remark: 5169823K(8448000K)] 7429535K(10982400K), 1.2398930 secs] [Times: user=24.97 sys=0.10, real=1.24 secs] 
70353.679: [GC 70353.680: [ParNew: 2311863K->64592K(2534400K), 0.0723250 secs] 7481685K->5239085K(10982400K), 0.0749080 secs] [Times: user=0.65 sys=0.00, real=0.08 secs] 
70353.763: [GC 70353.764: [ParNew: 84452K->59806K(2534400K), 0.0299680 secs] 5258945K->5238562K(10982400K), 0.0325560 secs] [Times: user=0.51 sys=0.00, real=0.03 secs] 
70359.684: [GC [1 CMS-initial-mark: 5171047K(8448000K)] 6931836K(10982400K), 1.1022490 secs] [Times: user=1.10 sys=0.00, real=1.10 secs] 
70363.113: [GC 70363.114: [ParNew: 2312606K->50034K(2534400K), 0.0507620 secs] 7483653K->5224919K(10982400K), 0.0530390 secs] [Times: user=0.52 sys=0.01, real=0.05 secs] 
70365.373: [GC[YG occupancy: 1177127 K (2534400 K)]70365.374: [Rescan (parallel) , 0.0980850 secs]70365.472: [weak refs processing, 0.0014030 secs] [1 CMS-remark: 5174884K(8448000K)] 6352012K(10982400K), 0.1003530 secs] [Times: user=2.04 sys=0.01, real=0.10 secs] 
70367.411: [GC 70367.412: [ParNew: 2302834K->36835K(2534400K), 0.0399110 secs] 7476306K->5218370K(10982400K), 0.0423380 secs] [Times: user=0.53 sys=0.00, real=0.05 secs] 
70371.056: [GC [1 CMS-initial-mark: 5175702K(8448000K)] 6808810K(10982400K), 1.0526920 secs] [Times: user=1.06 sys=0.00, real=1.05 secs] 
70372.749: [GC 70372.751: [ParNew: 2289635K->281600K(2534400K), 0.3157210 secs] 7465337K->5492250K(10982400K), 0.3187980 secs] [Times: user=2.47 sys=0.04, real=0.32 secs] 
70375.818: [GC 70375.819: [ParNew: 2534400K->216301K(2534400K), 0.1160350 secs] 7745050K->5472730K(10982400K), 0.1182850 secs] [Times: user=1.24 sys=0.01, real=0.12 secs] 
70378.181: [GC[YG occupancy: 1451254 K (2534400 K)]70378.182: [Rescan (parallel) , 0.2114230 secs]70378.393: [weak refs processing, 0.0008820 secs] [1 CMS-remark: 5256429K(8448000K)] 6707684K(10982400K), 0.2132460 secs] [Times: user=4.36 sys=0.02, real=0.22 secs] 
70380.818: [GC 70380.819: [ParNew: 2469108K->281600K(2534400K), 0.0873580 secs] 7717589K->5536162K(10982400K), 0.0899150 secs] [Times: user=1.31 sys=0.00, real=0.09 secs] 
70380.915: [GC 70380.916: [ParNew: 282813K->207146K(2534400K), 0.1851000 secs] 5537375K->5584249K(10982400K), 0.1875280 secs] [Times: user=1.38 sys=0.01, real=0.18 secs] 
70385.884: [GC [1 CMS-initial-mark: 5343150K(8448000K)] 7305379K(10982400K), 1.3910680 secs] [Times: user=1.38 sys=0.01, real=1.40 secs] 
70388.748: [GC 70388.749: [ParNew: 2459966K->187210K(2534400K), 0.1247730 secs] 7803117K->5530360K(10982400K), 0.1272830 secs] [Times: user=2.34 sys=0.01, real=0.13 secs] 
70388.884: [GC 70388.885: [ParNew: 200800K->192163K(2534400K), 0.1054310 secs] 5543951K->5535313K(10982400K), 0.1079010 secs] [Times: user=2.38 sys=0.00, real=0.11 secs] 
70395.769: [GC[YG occupancy: 1933620 K (2534400 K)]70395.770: [Rescan (parallel) , 1.1677770 secs]70396.938: [weak refs processing, 0.0019570 secs] [1 CMS-remark: 5343150K(8448000K)] 7276770K(10982400K), 1.1706960 secs] [Times: user=23.47 sys=0.09, real=1.17 secs] 
70398.854: [GC 70398.855: [ParNew: 2444963K->121799K(2534400K), 0.2638390 secs] 7774128K->5531330K(10982400K), 0.2664890 secs] [Times: user=1.21 sys=0.02, real=0.27 secs] 
70404.675: [GC [1 CMS-initial-mark: 5381289K(8448000K)] 6515537K(10982400K), 0.6912150 secs] [Times: user=0.70 sys=0.00, real=0.69 secs] 
70412.813: [GC[YG occupancy: 2259754 K (2534400 K)]70412.814: [Rescan (parallel) , 1.5332700 secs]70414.347: [weak refs processing, 0.0015070 secs] [1 CMS-remark: 5381289K(8448000K)] 7641044K(10982400K), 1.5356970 secs] [Times: user=31.11 sys=0.11, real=1.53 secs] 
70414.441: [GC 70414.443: [ParNew: 2374598K->68042K(2534400K), 0.0699470 secs] 7754345K->5447789K(10982400K), 0.0722690 secs] [Times: user=0.66 sys=0.00, real=0.07 secs] 
70426.225: [GC 70426.226: [ParNew: 2320842K->231346K(2534400K), 0.0750130 secs] 7016426K->4929103K(10982400K), 0.0773560 secs] [Times: user=1.10 sys=0.01, real=0.08 secs] 
70428.944: [GC 70428.945: [ParNew: 2484146K->281600K(2534400K), 1.2628970 secs] 7044364K->5230044K(10982400K), 1.2653470 secs] [Times: user=12.15 sys=0.06, real=1.26 secs] 
70432.122: [GC 70432.124: [ParNew: 2534400K->281600K(2534400K), 0.4054400 secs] 7482844K->5575870K(10982400K), 0.4074110 secs] [Times: user=4.74 sys=0.03, real=0.40 secs] 
70432.536: [GC [1 CMS-initial-mark: 5294270K(8448000K)] 5589837K(10982400K), 0.2441450 secs] [Times: user=0.24 sys=0.00, real=0.24 secs] 
70434.915: [GC 70434.916: [ParNew: 2534400K->281600K(2534400K), 0.2456720 secs] 7828670K->5856260K(10982400K), 0.2473040 secs] [Times: user=3.17 sys=0.04, real=0.24 secs] 
70441.897: [GC[YG occupancy: 2510136 K (2534400 K)]70441.898: [Rescan (parallel) , 1.8725430 secs]70443.771: [weak refs processing, 0.0019030 secs] [1 CMS-remark: 5574660K(8448000K)] 8084796K(10982400K), 1.8751980 secs] [Times: user=37.54 sys=0.15, real=1.87 secs] 
70443.790: [GC 70443.791: [ParNew: 2534400K->252344K(2534400K), 0.2005670 secs] 8109020K->6017625K(10982400K), 0.2023430 secs] [Times: user=2.46 sys=0.02, real=0.20 secs] 
70452.075: [GC [1 CMS-initial-mark: 5426262K(8448000K)] 7460895K(10982400K), 1.9480400 secs] [Times: user=1.95 sys=0.00, real=1.94 secs] 
70454.885: [GC 70454.886: [ParNew: 2505144K->240940K(2534400K), 0.2269580 secs] 7931406K->5826039K(10982400K), 0.2287890 secs] [Times: user=1.46 sys=0.01, real=0.23 secs] 
70462.922: [GC[YG occupancy: 1695547 K (2534400 K)]70462.923: [Rescan (parallel) , 0.9470600 secs]70463.870: [weak refs processing, 0.0040270 secs] [1 CMS-remark: 5585098K(8448000K)] 7280646K(10982400K), 0.9518280 secs] [Times: user=19.12 sys=0.07, real=0.95 secs] 
70467.076: [GC 70467.077: [ParNew: 2493740K->100538K(2534400K), 0.0490540 secs] 7948053K->5554851K(10982400K), 0.0507770 secs] [Times: user=0.50 sys=0.00, real=0.05 secs] 
70475.340: [GC [1 CMS-initial-mark: 5145506K(8448000K)] 7358541K(10982400K), 1.1126420 secs] [Times: user=1.11 sys=0.00, real=1.11 secs] 
70476.535: [GC 70476.536: [ParNew: 2353338K->83714K(2534400K), 0.0461490 secs] 7498845K->5229220K(10982400K), 0.0484630 secs] [Times: user=0.51 sys=0.01, real=0.05 secs] 
70484.168: [GC[YG occupancy: 2098664 K (2534400 K)]70484.169: [Rescan (parallel) , 1.0346660 secs]70485.204: [weak refs processing, 0.0023180 secs] [1 CMS-remark: 5145506K(8448000K)] 7244171K(10982400K), 1.0379450 secs] [Times: user=20.85 sys=0.09, real=1.04 secs] 
70485.543: [GC 70485.545: [ParNew: 2336514K->83674K(2534400K), 0.0414680 secs] 7477766K->5224926K(10982400K), 0.0440550 secs] [Times: user=0.48 sys=0.01, real=0.04 secs] 
70496.062: [GC 70496.063: [ParNew: 2336458K->149507K(2534400K), 0.0599060 secs] 7181635K->5020157K(10982400K), 0.0621910 secs] [Times: user=0.83 sys=0.01, real=0.06 secs] 
70499.041: [GC 70499.042: [ParNew: 2402307K->281600K(2534400K), 0.7736820 secs] 7272957K->5334805K(10982400K), 0.7759160 secs] [Times: user=9.94 sys=0.06, real=0.78 secs] 
70501.654: [GC 70501.655: [ParNew: 2534400K->239062K(2534400K), 0.4825080 secs] 7587605K->5568947K(10982400K), 0.4847400 secs] [Times: user=3.08 sys=0.04, real=0.48 secs] 
70502.146: [GC [1 CMS-initial-mark: 5329885K(8448000K)] 5569028K(10982400K), 0.1757090 secs] [Times: user=0.17 sys=0.01, real=0.18 secs] 
70505.636: [GC 70505.637: [ParNew: 2491862K->281600K(2534400K), 0.1034760 secs] 7821747K->5619709K(10982400K), 0.1057330 secs] [Times: user=1.43 sys=0.00, real=0.10 secs] 
70510.872: [GC[YG occupancy: 1754058 K (2534400 K)]70510.873: [Rescan (parallel) , 0.4315360 secs]70511.304: [weak refs processing, 0.0018990 secs] [1 CMS-remark: 5338109K(8448000K)] 7092168K(10982400K), 0.4343470 secs] [Times: user=8.90 sys=0.03, real=0.44 secs] 
70515.728: [GC 70515.729: [ParNew: 2534400K->253004K(2534400K), 0.4241780 secs] 7524254K->5479940K(10982400K), 0.4267980 secs] [Times: user=3.48 sys=0.03, real=0.43 secs] 
70519.841: [GC 70519.842: [ParNew: 2505808K->281600K(2534400K), 1.0632990 secs] 7363635K->5548079K(10982400K), 1.0657550 secs] [Times: user=13.95 sys=0.05, real=1.07 secs] 
70520.916: [GC [1 CMS-initial-mark: 5266479K(8448000K)] 5548118K(10982400K), 0.3002620 secs] [Times: user=0.30 sys=0.00, real=0.30 secs] 
70525.156: [GC 70525.157: [ParNew: 2534400K->273496K(2534400K), 0.3457070 secs] 7800879K->5847427K(10982400K), 0.3479880 secs] [Times: user=2.70 sys=0.03, real=0.34 secs] 
70529.515: [GC[YG occupancy: 894234 K (2534400 K)]70529.515: [Rescan (parallel) , 0.2109780 secs]70529.726: [weak refs processing, 0.0019850 secs] [1 CMS-remark: 5573930K(8448000K)] 6468165K(10982400K), 0.2138710 secs] [Times: user=4.32 sys=0.01, real=0.22 secs] 
70536.528: [GC [1 CMS-initial-mark: 5552013K(8448000K)] 7723761K(10982400K), 1.9400640 secs] [Times: user=1.95 sys=0.00, real=1.94 secs] 
70539.050: [GC 70539.051: [ParNew: 2526296K->172479K(2534400K), 0.1608530 secs] 8078310K->5894679K(10982400K), 0.1635780 secs] [Times: user=1.16 sys=0.02, real=0.16 secs] 
70546.779: [GC[YG occupancy: 1188733 K (2534400 K)]70546.780: [Rescan (parallel) , 0.1984990 secs]70546.979: [weak refs processing, 0.0022160 secs] [1 CMS-remark: 5722200K(8448000K)] 6910933K(10982400K), 0.2018020 secs] [Times: user=4.11 sys=0.02, real=0.21 secs] 
70552.088: [GC 70552.090: [ParNew: 2425279K->96383K(2534400K), 0.0512210 secs] 7830656K->5501760K(10982400K), 0.0554180 secs] [Times: user=0.52 sys=0.01, real=0.06 secs] 
70555.070: [GC [1 CMS-initial-mark: 5299374K(8448000K)] 6165600K(10982400K), 0.5729260 secs] [Times: user=0.57 sys=0.00, real=0.58 secs] 
70561.114: [GC 70561.115: [ParNew: 2349183K->83906K(2534400K), 0.0380330 secs] 7648558K->5383281K(10982400K), 0.0404680 secs] [Times: user=0.51 sys=0.01, real=0.04 secs] 
70563.162: [GC[YG occupancy: 680896 K (2534400 K)]70563.162: [Rescan (parallel) , 0.0612580 secs]70563.224: [weak refs processing, 0.0015060 secs] [1 CMS-remark: 5299374K(8448000K)] 5980271K(10982400K), 0.0637440 secs] [Times: user=1.25 sys=0.01, real=0.07 secs] 
70568.717: [GC 70568.718: [ParNew: 2336706K->63626K(2534400K), 0.0554780 secs] 7371748K->5098668K(10982400K), 0.0579750 secs] [Times: user=0.65 sys=0.01, real=0.06 secs] 
70584.378: [GC 70584.379: [ParNew: 2316426K->245240K(2534400K), 0.0855570 secs] 7146554K->5106184K(10982400K), 0.0880050 secs] [Times: user=1.26 sys=0.00, real=0.09 secs] 
70587.518: [GC 70587.519: [ParNew: 2498040K->281600K(2534400K), 0.6061620 secs] 7358984K->5367270K(10982400K), 0.6084390 secs] [Times: user=2.75 sys=0.06, real=0.61 secs] 
70588.135: [GC [1 CMS-initial-mark: 5085670K(8448000K)] 5367367K(10982400K), 0.2329060 secs] [Times: user=0.23 sys=0.00, real=0.24 secs] 
70595.477: [GC 70595.479: [ParNew: 2534400K->241802K(2534400K), 0.3855100 secs] 7620070K->5554258K(10982400K), 0.3880940 secs] [Times: user=2.80 sys=0.01, real=0.38 secs] 
70597.179: [GC[YG occupancy: 473035 K (2534400 K)]70597.180: [Rescan (parallel) , 0.0549780 secs]70597.235: [weak refs processing, 0.0031360 secs] [1 CMS-remark: 5312456K(8448000K)] 5785491K(10982400K), 0.0590970 secs] [Times: user=1.15 sys=0.01, real=0.06 secs] 
70602.115: [GC 70602.116: [ParNew: 2494652K->281600K(2534400K), 1.0147170 secs] 7639478K->5865611K(10982400K), 1.0168180 secs] [Times: user=16.44 sys=0.02, real=1.02 secs] 
70605.354: [GC [1 CMS-initial-mark: 5445758K(8448000K)] 7980158K(10982400K), 2.1316250 secs] [Times: user=2.14 sys=0.00, real=2.13 secs] 
70607.493: [GC 70607.494: [ParNew: 2534400K->235493K(2534400K), 0.2087590 secs] 7980158K->5955126K(10982400K), 0.2103780 secs] [Times: user=2.63 sys=0.03, real=0.21 secs] 
70607.712: [GC 70607.713: [ParNew: 238215K->174910K(2534400K), 0.1352700 secs] 5957849K->6057476K(10982400K), 0.1377460 secs] [Times: user=1.22 sys=0.02, real=0.14 secs] 
70613.354: [GC 70613.355: [ParNew: 2427710K->181967K(2534400K), 0.0525410 secs] 8310276K->6064533K(10982400K), 0.0551530 secs] [Times: user=0.79 sys=0.00, real=0.06 secs] 
70617.446: [GC[YG occupancy: 735742 K (2534400 K)]70617.447: [Rescan (parallel) , 0.1114930 secs]70617.558: [weak refs processing, 0.0024980 secs] [1 CMS-remark: 5882566K(8448000K)] 6618309K(10982400K), 0.1148970 secs] [Times: user=2.31 sys=0.01, real=0.12 secs] 
70624.570: [GC 70624.571: [ParNew: 2434767K->141033K(2534400K), 0.1845370 secs] 8007446K->5845971K(10982400K), 0.1869790 secs] [Times: user=0.90 sys=0.00, real=0.19 secs] 
70624.766: [GC [1 CMS-initial-mark: 5704937K(8448000K)] 5856209K(10982400K), 0.0983750 secs] [Times: user=0.10 sys=0.01, real=0.10 secs] 
70630.572: [GC 70630.573: [ParNew: 2393818K->29234K(2534400K), 0.0385150 secs] 8098756K->5734172K(10982400K), 0.0411680 secs] [Times: user=0.49 sys=0.00, real=0.04 secs] 
70632.551: [GC[YG occupancy: 688498 K (2534400 K)]70632.552: [Rescan (parallel) , 0.0925820 secs]70632.645: [weak refs processing, 0.0018110 secs] [1 CMS-remark: 5704937K(8448000K)] 6393436K(10982400K), 0.0953050 secs] [Times: user=1.93 sys=0.01, real=0.10 secs] 
70643.870: [GC 70643.871: [ParNew: 2282034K->35544K(2534400K), 0.0503480 secs] 7284556K->5038066K(10982400K), 0.0527690 secs] [Times: user=0.49 sys=0.01, real=0.05 secs] 
70650.913: [GC 70650.915: [ParNew: 2288344K->35613K(2534400K), 0.0344280 secs] 7177385K->4924654K(10982400K), 0.0369530 secs] [Times: user=0.42 sys=0.00, real=0.04 secs] 
70658.236: [GC 70658.237: [ParNew: 2288413K->281600K(2534400K), 0.1448690 secs] 7177454K->5199926K(10982400K), 0.1471480 secs] [Times: user=1.49 sys=0.00, real=0.15 secs] 
70661.375: [GC 70661.376: [ParNew: 2534400K->229667K(2534400K), 0.1075670 secs] 7452726K->5188185K(10982400K), 0.1100080 secs] [Times: user=1.26 sys=0.00, real=0.11 secs] 
70668.292: [GC 70668.293: [ParNew: 2482467K->272719K(2534400K), 0.2640000 secs] 7440985K->5353596K(10982400K), 0.2665070 secs] [Times: user=1.89 sys=0.01, real=0.27 secs] 
70668.568: [GC [1 CMS-initial-mark: 5080877K(8448000K)] 5365951K(10982400K), 0.1653620 secs] [Times: user=0.16 sys=0.01, real=0.16 secs] 
70676.363: [GC 70676.364: [ParNew: 2525519K->171103K(2534400K), 0.2518090 secs] 7606396K->5310342K(10982400K), 0.2541020 secs] [Times: user=0.87 sys=0.01, real=0.25 secs] 
70677.467: [GC[YG occupancy: 608043 K (2534400 K)]70677.468: [Rescan (parallel) , 0.0535950 secs]70677.521: [weak refs processing, 0.0043310 secs] [1 CMS-remark: 5139239K(8448000K)] 5747283K(10982400K), 0.0589010 secs] [Times: user=1.11 sys=0.01, real=0.06 secs] 
70683.356: [GC 70683.358: [ParNew: 2423903K->281600K(2534400K), 0.6020810 secs] 7297739K->5365009K(10982400K), 0.6045880 secs] [Times: user=2.60 sys=0.01, real=0.61 secs] 
70686.178: [GC 70686.179: [ParNew: 2534400K->281600K(2534400K), 0.6720160 secs] 7519630K->5572358K(10982400K), 0.6743780 secs] [Times: user=4.31 sys=0.04, real=0.68 secs] 
70686.861: [GC [1 CMS-initial-mark: 5290758K(8448000K)] 5572512K(10982400K), 0.2546760 secs] [Times: user=0.25 sys=0.00, real=0.26 secs] 
70689.643: [GC 70689.644: [ParNew: 2534400K->258468K(2534400K), 0.4535610 secs] 7825158K->5815149K(10982400K), 0.4561270 secs] [Times: user=3.29 sys=0.02, real=0.45 secs] 
70695.942: [GC[YG occupancy: 1404331 K (2534400 K)]70695.943: [Rescan (parallel) , 0.1878610 secs]70696.131: [weak refs processing, 0.0094010 secs] [1 CMS-remark: 5556681K(8448000K)] 6961013K(10982400K), 0.1982990 secs] [Times: user=3.95 sys=0.01, real=0.19 secs] 
70703.630: [GC [1 CMS-initial-mark: 5143354K(8448000K)] 7314237K(10982400K), 1.8264490 secs] [Times: user=1.80 sys=0.02, real=1.83 secs] 
70706.921: [GC 70706.922: [ParNew: 2511261K->199715K(2534400K), 0.2613260 secs] 7654616K->5503996K(10982400K), 0.2631140 secs] [Times: user=1.62 sys=0.02, real=0.27 secs] 
70714.819: [GC[YG occupancy: 1161261 K (2534400 K)]70714.820: [Rescan (parallel) , 0.8766070 secs]70715.697: [weak refs processing, 0.0015030 secs] [1 CMS-remark: 5304280K(8448000K)] 6465542K(10982400K), 0.8788240 secs] [Times: user=17.73 sys=0.08, real=0.88 secs] 
70720.149: [GC 70720.150: [ParNew: 2452515K->281600K(2534400K), 0.2921200 secs] 7492485K->5389225K(10982400K), 0.2938790 secs] [Times: user=4.36 sys=0.01, real=0.29 secs] 
70722.740: [GC 70722.741: [ParNew: 2534400K->227842K(2534400K), 0.4095710 secs] 7439963K->5412028K(10982400K), 0.4112740 secs] [Times: user=2.25 sys=0.04, real=0.41 secs] 
70723.157: [GC [1 CMS-initial-mark: 5184185K(8448000K)] 5425389K(10982400K), 0.1370110 secs] [Times: user=0.14 sys=0.00, real=0.13 secs] 
70727.121: [GC 70727.122: [ParNew: 2480642K->281600K(2534400K), 0.0864450 secs] 7664828K->5473400K(10982400K), 0.0881520 secs] [Times: user=1.35 sys=0.00, real=0.09 secs] 
70731.687: [GC[YG occupancy: 1627493 K (2534400 K)]70731.688: [Rescan (parallel) , 0.3998280 secs]70732.088: [weak refs processing, 0.0014760 secs] [1 CMS-remark: 5191800K(8448000K)] 6819293K(10982400K), 0.4020250 secs] [Times: user=8.13 sys=0.04, real=0.41 secs] 
70735.890: [GC 70735.891: [ParNew: 2534400K->262739K(2534400K), 0.1756550 secs] 7704909K->5561578K(10982400K), 0.1773760 secs] [Times: user=2.31 sys=0.01, real=0.18 secs] 
70739.311: [GC [1 CMS-initial-mark: 5288036K(8448000K)] 6426848K(10982400K), 0.6558170 secs] [Times: user=0.66 sys=0.00, real=0.65 secs] 
70744.543: [GC 70744.544: [ParNew: 2515539K->143695K(2534400K), 0.2125960 secs] 7803576K->5541287K(10982400K), 0.2142800 secs] [Times: user=1.34 sys=0.01, real=0.21 secs] 
70747.661: [GC[YG occupancy: 492039 K (2534400 K)]70747.662: [Rescan (parallel) , 0.0544320 secs]70747.716: [weak refs processing, 0.0011750 secs] [1 CMS-remark: 5397592K(8448000K)] 5889631K(10982400K), 0.0562780 secs] [Times: user=1.12 sys=0.01, real=0.05 secs] 
70755.327: [GC [1 CMS-initial-mark: 5119773K(8448000K)] 6331295K(10982400K), 0.9771290 secs] [Times: user=0.98 sys=0.00, real=0.98 secs] 
70758.105: [GC 70758.106: [ParNew: 2396494K->80156K(2534400K), 0.0520520 secs] 7516267K->5199929K(10982400K), 0.0537450 secs] [Times: user=0.47 sys=0.00, real=0.05 secs] 
70763.113: [GC 70763.114: [ParNew: 2332956K->70414K(2534400K), 0.0361110 secs] 7452729K->5190188K(10982400K), 0.0377750 secs] [Times: user=0.45 sys=0.00, real=0.03 secs] 
70763.940: [GC[YG occupancy: 452805 K (2534400 K)]70763.941: [Rescan (parallel) , 0.0484120 secs]70763.989: [weak refs processing, 0.0008800 secs] [1 CMS-remark: 5119773K(8448000K)] 5572578K(10982400K), 0.0499200 secs] [Times: user=0.98 sys=0.00, real=0.05 secs] 
70766.649: [GC 70766.650: [ParNew: 2323190K->72848K(2534400K), 0.0375870 secs] 7292416K->5044935K(10982400K), 0.0392300 secs] [Times: user=0.52 sys=0.00, real=0.04 secs] 
70781.219: [GC 70781.220: [ParNew: 2325648K->43155K(2534400K), 0.0681760 secs] 6888791K->4628154K(10982400K), 0.0699050 secs] [Times: user=0.70 sys=0.00, real=0.07 secs] 
70792.869: [GC 70792.870: [ParNew: 2295955K->281600K(2534400K), 0.3274270 secs] 6880954K->4886533K(10982400K), 0.3291930 secs] [Times: user=0.97 sys=0.00, real=0.33 secs] 
70798.373: [GC 70798.374: [ParNew: 2534400K->281600K(2534400K), 2.5668290 secs] 7139333K->5775427K(10982400K), 2.5685710 secs] [Times: user=39.02 sys=0.16, real=2.57 secs] 
70800.949: [GC [1 CMS-initial-mark: 5493827K(8448000K)] 5776459K(10982400K), 0.2462880 secs] [Times: user=0.25 sys=0.00, real=0.24 secs] 
70802.949: [GC 70802.949: [ParNew: 2534400K->281600K(2534400K), 0.6143950 secs] 8028227K->6083093K(10982400K), 0.6160690 secs] [Times: user=3.52 sys=0.05, real=0.62 secs] 
70805.588: [GC 70805.589: [ParNew: 2534400K->281600K(2534400K), 0.2664320 secs] 8335893K->6230329K(10982400K), 0.2680530 secs] [Times: user=1.94 sys=0.02, real=0.27 secs] 
70807.560: [GC[YG occupancy: 1849276 K (2534400 K)]70807.561: [Rescan (parallel) , 0.7628170 secs]70808.324: [weak refs processing, 0.0029310 secs] [1 CMS-remark: 5948729K(8448000K)] 7798006K(10982400K), 0.7664410 secs] [Times: user=15.40 sys=0.06, real=0.76 secs] 
70808.988: [GC 70808.989: [ParNew: 2534400K->253949K(2534400K), 0.2245470 secs] 8479796K->6334810K(10982400K), 0.2261810 secs] [Times: user=1.90 sys=0.02, real=0.23 secs] 
70811.371: [GC 70811.371: [ParNew: 2506749K->281600K(2534400K), 0.2921250 secs] 8576178K->6549383K(10982400K), 0.2937590 secs] [Times: user=1.99 sys=0.02, real=0.29 secs] 
70813.911: [GC 70813.912: [ParNew: 2534400K->261959K(2534400K), 0.2218290 secs] 8783549K->6692183K(10982400K), 0.2235060 secs] [Times: user=2.23 sys=0.02, real=0.22 secs] 
70816.896: [GC 70816.897: [ParNew: 2512986K->281600K(2534400K), 0.2318740 secs] 8916786K->6836734K(10982400K), 0.2336720 secs] [Times: user=1.31 sys=0.00, real=0.23 secs] 
70817.136: [GC [1 CMS-initial-mark: 6555134K(8448000K)] 6838671K(10982400K), 0.0961840 secs] [Times: user=0.09 sys=0.01, real=0.10 secs] 
70825.302: [GC[YG occupancy: 2166207 K (2534400 K)]70825.302: [Rescan (parallel) , 1.4232690 secs]70826.726: [weak refs processing, 0.0887780 secs] [1 CMS-remark: 6555134K(8448000K)] 8721341K(10982400K), 1.5129050 secs] [Times: user=28.76 sys=0.11, real=1.51 secs] 
70827.779: [GC 70827.780: [ParNew: 2534400K->58580K(2534400K), 0.0590200 secs] 9013995K->6538176K(10982400K), 0.0607140 secs] [Times: user=0.59 sys=0.00, real=0.06 secs] 
70842.833: [GC 70842.834: [ParNew: 2311380K->112003K(2534400K), 0.1234910 secs] 7707926K->5508549K(10982400K), 0.1252020 secs] [Times: user=0.77 sys=0.01, real=0.13 secs] 
70845.848: [GC [1 CMS-initial-mark: 5354815K(8448000K)] 5818707K(10982400K), 0.4215750 secs] [Times: user=0.42 sys=0.00, real=0.42 secs] 
70854.209: [GC[YG occupancy: 1697862 K (2534400 K)]70854.210: [Rescan (parallel) , 1.4856780 secs]70855.696: [weak refs processing, 0.0020180 secs] [1 CMS-remark: 5354815K(8448000K)] 7052678K(10982400K), 1.4884850 secs] [Times: user=30.11 sys=0.08, real=1.49 secs] 
70857.372: [GC 70857.373: [ParNew: 2364803K->137985K(2534400K), 0.1343740 secs] 7717518K->5490701K(10982400K), 0.1361350 secs] [Times: user=0.66 sys=0.01, real=0.14 secs] 
70864.767: [GC [1 CMS-initial-mark: 5273207K(8448000K)] 7655177K(10982400K), 1.6303570 secs] [Times: user=1.64 sys=0.00, real=1.64 secs] 
70866.413: [GC 70866.414: [ParNew: 2390785K->89707K(2534400K), 0.0932990 secs] 7663993K->5364352K(10982400K), 0.0951080 secs] [Times: user=0.54 sys=0.01, real=0.10 secs] 
70872.682: [GC 70872.683: [ParNew: 2342507K->79973K(2534400K), 0.0597520 secs] 7617152K->5359677K(10982400K), 0.0614500 secs] [Times: user=0.87 sys=0.01, real=0.06 secs] 
70874.765: [GC[YG occupancy: 587925 K (2534400 K)]70874.766: [Rescan (parallel) , 0.0902290 secs]70874.856: [weak refs processing, 0.0013870 secs] [1 CMS-remark: 5279703K(8448000K)] 5867629K(10982400K), 0.0922850 secs] [Times: user=1.85 sys=0.01, real=0.09 secs] 
70881.256: [GC 70881.257: [ParNew: 2332773K->98706K(2534400K), 0.1041390 secs] 7604347K->5374606K(10982400K), 0.1058200 secs] [Times: user=0.53 sys=0.01, real=0.11 secs] 
70881.368: [GC [1 CMS-initial-mark: 5275899K(8448000K)] 5392754K(10982400K), 0.0908310 secs] [Times: user=0.10 sys=0.00, real=0.09 secs] 
70888.057: [GC 70888.058: [ParNew: 2351506K->56682K(2534400K), 0.0923810 secs] 7627406K->5338260K(10982400K), 0.0940930 secs] [Times: user=0.56 sys=0.00, real=0.09 secs] 
70889.293: [GC[YG occupancy: 365855 K (2534400 K)]70889.294: [Rescan (parallel) , 0.0583150 secs]70889.352: [weak refs processing, 0.0012180 secs] [1 CMS-remark: 5281577K(8448000K)] 5647432K(10982400K), 0.0602110 secs] [Times: user=1.20 sys=0.01, real=0.06 secs] 
70893.687: [GC 70893.688: [ParNew: 2309482K->106542K(2534400K), 0.0780830 secs] 7584889K->5384857K(10982400K), 0.0797570 secs] [Times: user=1.46 sys=0.00, real=0.08 secs] 
70896.863: [GC 70896.864: [ParNew: 2359342K->132066K(2534400K), 0.0715270 secs] 7635060K->5411079K(10982400K), 0.0731640 secs] [Times: user=1.36 sys=0.00, real=0.07 secs] 
70896.942: [GC [1 CMS-initial-mark: 5279012K(8448000K)] 5415905K(10982400K), 0.1086730 secs] [Times: user=0.11 sys=0.00, real=0.11 secs] 
70901.594: [GC 70901.595: [ParNew: 2384866K->137343K(2534400K), 0.2112010 secs] 7663879K->5419086K(10982400K), 0.2128580 secs] [Times: user=0.87 sys=0.00, real=0.21 secs] 
70903.959: [GC[YG occupancy: 1287306 K (2534400 K)]70903.960: [Rescan (parallel) , 0.3344970 secs]70904.295: [weak refs processing, 0.0013300 secs] [1 CMS-remark: 5281742K(8448000K)] 6569049K(10982400K), 0.3365450 secs] [Times: user=6.84 sys=0.02, real=0.34 secs] 
70907.087: [GC 70907.088: [ParNew: 2390143K->87286K(2534400K), 0.0562320 secs] 7669647K->5369080K(10982400K), 0.0578930 secs] [Times: user=0.87 sys=0.01, real=0.06 secs] 
70910.557: [GC [1 CMS-initial-mark: 5278214K(8448000K)] 7462318K(10982400K), 1.4445050 secs] [Times: user=1.45 sys=0.00, real=1.44 secs] 
70912.078: [GC 70912.079: [ParNew: 2340086K->65421K(2534400K), 0.0508470 secs] 7618301K->5345604K(10982400K), 0.0525860 secs] [Times: user=0.80 sys=0.00, real=0.05 secs] 
70920.027: [GC[YG occupancy: 1893746 K (2534400 K)]70920.027: [Rescan (parallel) , 1.1353060 secs]70921.163: [weak refs processing, 0.0014040 secs] [1 CMS-remark: 5280182K(8448000K)] 7173928K(10982400K), 1.1374990 secs] [Times: user=22.94 sys=0.08, real=1.13 secs] 
70922.803: [GC 70922.804: [ParNew: 2318221K->87621K(2534400K), 0.1358010 secs] 7597355K->5368668K(10982400K), 0.1375630 secs] [Times: user=0.54 sys=0.00, real=0.14 secs] 
70929.035: [GC [1 CMS-initial-mark: 5276948K(8448000K)] 6513210K(10982400K), 0.9748090 secs] [Times: user=0.98 sys=0.00, real=0.98 secs] 
70937.278: [GC 70937.279: [ParNew: 2340421K->206304K(2534400K), 0.1380220 secs] 7617370K->5485020K(10982400K), 0.1397150 secs] [Times: user=1.18 sys=0.01, real=0.14 secs] 
70937.496: [GC[YG occupancy: 236890 K (2534400 K)]70937.497: [Rescan (parallel) , 0.0399600 secs]70937.537: [weak refs processing, 0.0011010 secs] [1 CMS-remark: 5278716K(8448000K)] 5515606K(10982400K), 0.0416670 secs] [Times: user=0.83 sys=0.00, real=0.04 secs] 
70943.637: [GC 70943.638: [ParNew: 2459104K->281600K(2534400K), 1.6292280 secs] 7586807K->5870596K(10982400K), 1.6309200 secs] [Times: user=19.23 sys=0.24, real=1.63 secs] 
70956.379: [GC 70956.380: [ParNew: 2534400K->261131K(2534400K), 0.5059580 secs] 7677217K->5769136K(10982400K), 0.5076430 secs] [Times: user=8.23 sys=0.02, real=0.51 secs] 
70961.122: [GC [1 CMS-initial-mark: 5391551K(8448000K)] 6320601K(10982400K), 0.6604830 secs] [Times: user=0.66 sys=0.00, real=0.66 secs] 
70969.442: [GC[YG occupancy: 1988312 K (2534400 K)]70969.442: [Rescan (parallel) , 1.3399530 secs]70970.782: [weak refs processing, 0.0825550 secs] [1 CMS-remark: 5391551K(8448000K)] 7379864K(10982400K), 1.4232960 secs] [Times: user=27.24 sys=0.10, real=1.43 secs] 
70973.022: [GC 70973.023: [ParNew: 2513931K->159930K(2534400K), 0.0766860 secs] 7775060K->5421059K(10982400K), 0.0783980 secs] [Times: user=0.88 sys=0.01, real=0.08 secs] 
70986.128: [GC 70986.130: [ParNew: 2412730K->157955K(2534400K), 0.0738490 secs] 7420085K->5165310K(10982400K), 0.0765070 secs] [Times: user=0.84 sys=0.00, real=0.07 secs] 
70997.683: [GC 70997.685: [ParNew: 2410755K->281600K(2534400K), 2.2212850 secs] 7418110K->5918297K(10982400K), 2.2239040 secs] [Times: user=32.81 sys=0.05, real=2.22 secs] 
70999.917: [GC [1 CMS-initial-mark: 5636697K(8448000K)] 5918638K(10982400K), 0.2651980 secs] [Times: user=0.26 sys=0.00, real=0.27 secs] 
71003.974: [GC 71003.975: [ParNew: 2534400K->281600K(2534400K), 0.9329050 secs] 8171097K->6477175K(10982400K), 0.9355190 secs] [Times: user=16.95 sys=0.05, real=0.94 secs] 
71007.755: [GC 71007.756: [ParNew: 2534400K->281242K(2534400K), 0.2591730 secs] 8729975K->6754043K(10982400K), 0.2617460 secs] [Times: user=3.14 sys=0.05, real=0.26 secs] 
71008.628: [GC[YG occupancy: 819537 K (2534400 K)]71008.629: [Rescan (parallel) , 0.0489010 secs]71008.678: [weak refs processing, 0.0037820 secs] [1 CMS-remark: 6472801K(8448000K)] 7292339K(10982400K), 0.0536470 secs] [Times: user=1.05 sys=0.00, real=0.06 secs] 
71010.873: [GC 71010.874: [ParNew: 2534042K->280114K(2534400K), 0.1675440 secs] 9002123K->6943545K(10982400K), 0.1701820 secs] [Times: user=2.31 sys=0.02, real=0.17 secs] 
71013.843: [GC 71013.844: [ParNew: 2532914K->247393K(2534400K), 0.1688220 secs] 9188883K->7091950K(10982400K), 0.1711570 secs] [Times: user=2.45 sys=0.01, real=0.17 secs] 
71016.913: [GC 71016.914: [ParNew: 2500193K->227119K(2534400K), 0.1702090 secs] 9247890K->7167187K(10982400K), 0.1724420 secs] [Times: user=2.53 sys=0.02, real=0.17 secs] 
71017.093: [GC [1 CMS-initial-mark: 6940067K(8448000K)] 7167284K(10982400K), 0.1939650 secs] [Times: user=0.20 sys=0.00, real=0.19 secs] 
71026.067: [GC[YG occupancy: 1316605 K (2534400 K)]71026.068: [Rescan (parallel) , 0.7818430 secs]71026.850: [weak refs processing, 0.0029190 secs] [1 CMS-remark: 6940067K(8448000K)] 8256672K(10982400K), 0.7853800 secs] [Times: user=15.97 sys=0.06, real=0.79 secs] 
71033.420: [GC 71033.421: [ParNew: 2479919K->194490K(2534400K), 0.2835190 secs] 8762321K->6654271K(10982400K), 0.2857930 secs] [Times: user=2.92 sys=0.01, real=0.29 secs] 
71040.419: [GC 71040.420: [ParNew: 2447290K->55789K(2534400K), 0.0473530 secs] 8458483K->6066983K(10982400K), 0.0502520 secs] [Times: user=0.49 sys=0.01, real=0.05 secs] 
71046.858: [GC 71046.859: [ParNew: 2308589K->39514K(2534400K), 0.0556430 secs] 8045295K->5776220K(10982400K), 0.0589250 secs] [Times: user=0.49 sys=0.00, real=0.06 secs] 
71056.960: [GC [1 CMS-initial-mark: 5423948K(8448000K)] 6664443K(10982400K), 1.0946230 secs] [Times: user=1.10 sys=0.00, real=1.09 secs] 
71061.168: [GC 71061.170: [ParNew: 2292314K->46505K(2534400K), 0.0604380 secs] 7716262K->5470453K(10982400K), 0.0630390 secs] [Times: user=0.60 sys=0.00, real=0.06 secs] 
71066.021: [GC[YG occupancy: 732302 K (2534400 K)]71066.022: [Rescan (parallel) , 0.0951970 secs]71066.118: [weak refs processing, 0.0042030 secs] [1 CMS-remark: 5423948K(8448000K)] 6156250K(10982400K), 0.1004640 secs] [Times: user=2.00 sys=0.00, real=0.10 secs] 
71076.370: [GC [1 CMS-initial-mark: 5413119K(8448000K)] 7427536K(10982400K), 1.7263350 secs] [Times: user=1.72 sys=0.00, real=1.72 secs] 
71079.195: [GC 71079.196: [ParNew: 2299305K->53747K(2534400K), 0.0629370 secs] 7712424K->5472544K(10982400K), 0.0646410 secs] [Times: user=0.51 sys=0.01, real=0.06 secs] 
71086.131: [GC[YG occupancy: 966553 K (2534400 K)]71086.131: [Rescan (parallel) , 0.7442460 secs]71086.876: [weak refs processing, 0.0012430 secs] [1 CMS-remark: 5418796K(8448000K)] 6385350K(10982400K), 0.7462480 secs] [Times: user=14.97 sys=0.06, real=0.75 secs] 
71094.835: [GC 71094.836: [ParNew: 2306547K->57654K(2534400K), 0.0698320 secs] 7712124K->5464947K(10982400K), 0.0715150 secs] [Times: user=0.65 sys=0.01, real=0.07 secs] 
71094.913: [GC [1 CMS-initial-mark: 5407293K(8448000K)] 5489822K(10982400K), 0.0735420 secs] [Times: user=0.07 sys=0.00, real=0.07 secs] 
71102.900: [GC[YG occupancy: 1926981 K (2534400 K)]71102.901: [Rescan (parallel) , 0.9241820 secs]71103.825: [weak refs processing, 0.0010050 secs] [1 CMS-remark: 5407293K(8448000K)] 7334274K(10982400K), 0.9259370 secs] [Times: user=18.58 sys=0.07, real=0.93 secs] 
71104.437: [GC 71104.438: [ParNew: 2310454K->55911K(2534400K), 0.0538660 secs] 7717318K->5465255K(10982400K), 0.0555070 secs] [Times: user=0.49 sys=0.00, real=0.05 secs] 
71111.099: [GC [1 CMS-initial-mark: 5401187K(8448000K)] 7561885K(10982400K), 1.3085400 secs] [Times: user=1.31 sys=0.00, real=1.31 secs] 
71112.648: [GC 71112.649: [ParNew: 2308711K->52016K(2534400K), 0.0508080 secs] 7709899K->5458611K(10982400K), 0.0524890 secs] [Times: user=0.51 sys=0.01, real=0.05 secs] 
71120.344: [GC[YG occupancy: 2302585 K (2534400 K)]71120.344: [Rescan (parallel) , 0.9514620 secs]71121.296: [weak refs processing, 0.0010470 secs] [1 CMS-remark: 5406594K(8448000K)] 7709179K(10982400K), 0.9532690 secs] [Times: user=19.24 sys=0.07, real=0.96 secs] 
71121.306: [GC 71121.307: [ParNew: 2304816K->46945K(2534400K), 0.0386630 secs] 7711411K->5459524K(10982400K), 0.0403960 secs] [Times: user=0.47 sys=0.00, real=0.05 secs] 
71127.937: [GC [1 CMS-initial-mark: 5408562K(8448000K)] 7456991K(10982400K), 0.9631100 secs] [Times: user=0.97 sys=0.00, real=0.97 secs] 
71129.392: [GC 71129.393: [ParNew: 2299745K->96105K(2534400K), 0.0472570 secs] 7708307K->5511486K(10982400K), 0.0489550 secs] [Times: user=0.59 sys=0.00, real=0.05 secs] 
71137.236: [GC[YG occupancy: 2281873 K (2534400 K)]71137.237: [Rescan (parallel) , 1.2210690 secs]71138.458: [weak refs processing, 0.0009770 secs] [1 CMS-remark: 5415380K(8448000K)] 7697254K(10982400K), 1.2227950 secs] [Times: user=24.63 sys=0.10, real=1.23 secs] 
71138.517: [GC 71138.518: [ParNew: 2348905K->120013K(2534400K), 0.0536680 secs] 7764224K->5538978K(10982400K), 0.0553610 secs] [Times: user=0.75 sys=0.00, real=0.06 secs] 
71144.173: [GC [1 CMS-initial-mark: 5393539K(8448000K)] 7021732K(10982400K), 0.9954550 secs] [Times: user=1.00 sys=0.00, real=0.99 secs] 
71146.977: [GC 71146.978: [ParNew: 2372813K->116869K(2534400K), 0.0515460 secs] 7766353K->5513448K(10982400K), 0.0532560 secs] [Times: user=0.71 sys=0.00, real=0.06 secs] 
71150.782: [GC[YG occupancy: 1421638 K (2534400 K)]71150.782: [Rescan (parallel) , 0.2113900 secs]71150.994: [weak refs processing, 0.0643430 secs] [1 CMS-remark: 5396578K(8448000K)] 6818216K(10982400K), 0.2765330 secs] [Times: user=4.41 sys=0.02, real=0.27 secs] 
71153.084: [GC 71153.085: [ParNew: 2369669K->119712K(2534400K), 0.0626050 secs] 7764446K->5520764K(10982400K), 0.0645200 secs] [Times: user=0.72 sys=0.01, real=0.06 secs] 
71157.887: [GC [1 CMS-initial-mark: 5395891K(8448000K)] 6665836K(10982400K), 0.8536030 secs] [Times: user=0.85 sys=0.01, real=0.85 secs] 
71162.240: [GC 71162.241: [ParNew: 2372512K->84629K(2534400K), 0.1669820 secs] 7768404K->5536256K(10982400K), 0.1692660 secs] [Times: user=0.76 sys=0.02, real=0.17 secs] 
71166.741: [GC[YG occupancy: 754843 K (2534400 K)]71166.742: [Rescan (parallel) , 0.0611220 secs]71166.803: [weak refs processing, 0.0019770 secs] [1 CMS-remark: 5451626K(8448000K)] 6206469K(10982400K), 0.0639990 secs] [Times: user=1.30 sys=0.01, real=0.07 secs] 
71171.354: [GC 71171.355: [ParNew: 2337429K->61252K(2534400K), 0.0702710 secs] 7758517K->5486186K(10982400K), 0.0725740 secs] [Times: user=0.67 sys=0.01, real=0.08 secs] 
71174.135: [GC [1 CMS-initial-mark: 5409117K(8448000K)] 6997974K(10982400K), 1.1789930 secs] [Times: user=1.18 sys=0.00, real=1.18 secs] 
71178.768: [GC 71178.769: [ParNew: 2314052K->48301K(2534400K), 0.0593500 secs] 7723169K->5461742K(10982400K), 0.0617750 secs] [Times: user=0.65 sys=0.01, real=0.06 secs] 
71183.023: [GC[YG occupancy: 632560 K (2534400 K)]71183.023: [Rescan (parallel) , 0.0781280 secs]71183.102: [weak refs processing, 0.0011740 secs] [1 CMS-remark: 5413441K(8448000K)] 6046001K(10982400K), 0.0802030 secs] [Times: user=1.63 sys=0.00, real=0.08 secs] 
71197.188: [GC 71197.189: [ParNew: 2301101K->57120K(2534400K), 0.0630160 secs] 7181313K->4938745K(10982400K), 0.0653220 secs] [Times: user=0.60 sys=0.00, real=0.07 secs] 
71212.156: [GC 71212.157: [ParNew: 2309920K->195646K(2534400K), 0.0792230 secs] 6868901K->4760699K(10982400K), 0.0814250 secs] [Times: user=0.98 sys=0.00, real=0.08 secs] 
71217.306: [GC 71217.307: [ParNew: 2448446K->281600K(2534400K), 2.2124770 secs] 7013499K->5493330K(10982400K), 2.2149590 secs] [Times: user=28.53 sys=0.22, real=2.21 secs] 
71219.531: [GC [1 CMS-initial-mark: 5211730K(8448000K)] 5493443K(10982400K), 0.2653940 secs] [Times: user=0.27 sys=0.00, real=0.27 secs] 
71222.480: [GC 71222.481: [ParNew: 2534400K->259028K(2534400K), 0.3048810 secs] 7746130K->5748225K(10982400K), 0.3071530 secs] [Times: user=3.18 sys=0.05, real=0.31 secs] 
71225.376: [GC[YG occupancy: 2366668 K (2534400 K)]71225.377: [Rescan (parallel) , 0.8633380 secs]71226.240: [weak refs processing, 0.0037280 secs] [1 CMS-remark: 5489197K(8448000K)] 7855865K(10982400K), 0.8680000 secs] [Times: user=17.56 sys=0.06, real=0.87 secs] 
71226.337: [GC 71226.338: [ParNew: 2511828K->261769K(2534400K), 0.1717210 secs] 8000767K->5935000K(10982400K), 0.1739740 secs] [Times: user=2.26 sys=0.01, real=0.17 secs] 
71230.492: [GC 71230.493: [ParNew: 2514569K->227227K(2534400K), 0.2098900 secs] 8177445K->6061271K(10982400K), 0.2122390 secs] [Times: user=1.90 sys=0.02, real=0.22 secs] 
71234.313: [GC [1 CMS-initial-mark: 5825164K(8448000K)] 6956397K(10982400K), 0.6307220 secs] [Times: user=0.63 sys=0.00, real=0.64 secs] 
71243.160: [GC[YG occupancy: 2271051 K (2534400 K)]71243.161: [Rescan (parallel) , 1.4001050 secs]71244.561: [weak refs processing, 0.0018330 secs] [1 CMS-remark: 5825164K(8448000K)] 8096216K(10982400K), 1.4029590 secs] [Times: user=28.35 sys=0.13, real=1.40 secs] 
71244.866: [GC 71244.868: [ParNew: 2480027K->200196K(2534400K), 0.2289480 secs] 8300313K->6132885K(10982400K), 0.2325220 secs] [Times: user=2.40 sys=0.01, real=0.23 secs] 
71251.980: [GC 71251.982: [ParNew: 2452996K->159811K(2534400K), 0.1499870 secs] 7881546K->5588362K(10982400K), 0.1523510 secs] [Times: user=0.64 sys=0.00, real=0.15 secs] 
71258.749: [GC [1 CMS-initial-mark: 5121085K(8448000K)] 6589356K(10982400K), 1.1893440 secs] [Times: user=1.19 sys=0.00, real=1.19 secs] 
71262.541: [GC 71262.542: [ParNew: 2412606K->213810K(2534400K), 0.2122550 secs] 7533691K->5345024K(10982400K), 0.2149440 secs] [Times: user=0.68 sys=0.00, real=0.21 secs] 
71268.391: [GC[YG occupancy: 1325239 K (2534400 K)]71268.391: [Rescan (parallel) , 0.2004030 secs]71268.592: [weak refs processing, 0.0028850 secs] [1 CMS-remark: 5131214K(8448000K)] 6456453K(10982400K), 0.2042700 secs] [Times: user=4.12 sys=0.02, real=0.20 secs] 
71274.305: [GC 71274.306: [ParNew: 2466610K->30354K(2534400K), 0.0623230 secs] 7592465K->5162096K(10982400K), 0.0640110 secs] [Times: user=0.63 sys=0.01, real=0.06 secs] 
71275.454: [GC [1 CMS-initial-mark: 5128556K(8448000K)] 5258467K(10982400K), 0.1403410 secs] [Times: user=0.14 sys=0.00, real=0.14 secs] 
71283.342: [GC[YG occupancy: 1534737 K (2534400 K)]71283.343: [Rescan (parallel) , 1.4279280 secs]71284.771: [weak refs processing, 0.0015680 secs] [1 CMS-remark: 5128556K(8448000K)] 6663293K(10982400K), 1.4302610 secs] [Times: user=28.88 sys=0.12, real=1.43 secs] 
71287.073: [GC 71287.074: [ParNew: 2283154K->36593K(2534400K), 0.0559020 secs] 7407008K->5160447K(10982400K), 0.0576840 secs] [Times: user=0.50 sys=0.01, real=0.05 secs] 
71292.324: [GC [1 CMS-initial-mark: 5116495K(8448000K)] 6864067K(10982400K), 1.5422670 secs] [Times: user=1.54 sys=0.00, real=1.54 secs] 
71295.755: [GC 71295.756: [ParNew: 2289393K->42388K(2534400K), 0.0563920 secs] 7405889K->5158884K(10982400K), 0.0580570 secs] [Times: user=0.46 sys=0.00, real=0.05 secs] 
71300.637: [GC[YG occupancy: 1372362 K (2534400 K)]71300.637: [Rescan (parallel) , 0.1806590 secs]71300.818: [weak refs processing, 0.0017220 secs] [1 CMS-remark: 5116495K(8448000K)] 6488858K(10982400K), 0.1830870 secs] [Times: user=3.76 sys=0.01, real=0.18 secs] 
71302.842: [GC 71302.843: [ParNew: 2295188K->44169K(2534400K), 0.0403540 secs] 7410234K->5159216K(10982400K), 0.0421340 secs] [Times: user=0.44 sys=0.00, real=0.04 secs] 
71307.042: [GC 71307.043: [ParNew: 2296952K->39954K(2534400K), 0.0412490 secs] 7407199K->5153558K(10982400K), 0.0429050 secs] [Times: user=0.60 sys=0.00, real=0.05 secs] 
71307.091: [GC [1 CMS-initial-mark: 5113604K(8448000K)] 5153745K(10982400K), 0.0594320 secs] [Times: user=0.06 sys=0.00, real=0.06 secs] 
71314.740: [GC 71314.741: [ParNew: 2292754K->52213K(2534400K), 0.0457480 secs] 7406358K->5169481K(10982400K), 0.0474190 secs] [Times: user=0.53 sys=0.01, real=0.05 secs] 
71314.880: [GC[YG occupancy: 106433 K (2534400 K)]71314.880: [Rescan (parallel) , 0.0306600 secs]71314.911: [weak refs processing, 0.0009550 secs] [1 CMS-remark: 5117268K(8448000K)] 5223701K(10982400K), 0.0322480 secs] [Times: user=0.62 sys=0.00, real=0.03 secs] 
71321.814: [GC 71321.815: [ParNew: 2305013K->42136K(2534400K), 0.0465930 secs] 7414857K->5156128K(10982400K), 0.0482700 secs] [Times: user=0.58 sys=0.00, real=0.05 secs] 
71321.869: [GC [1 CMS-initial-mark: 5113991K(8448000K)] 5172882K(10982400K), 0.0635160 secs] [Times: user=0.06 sys=0.00, real=0.06 secs] 
71329.664: [GC[YG occupancy: 2159923 K (2534400 K)]71329.665: [Rescan (parallel) , 1.2358340 secs]71330.900: [weak refs processing, 0.0010760 secs] [1 CMS-remark: 5113991K(8448000K)] 7273914K(10982400K), 1.2376610 secs] [Times: user=25.02 sys=0.09, real=1.24 secs] 
71330.983: [GC 71330.984: [ParNew: 2294936K->41467K(2534400K), 0.0434960 secs] 7408906K->5157718K(10982400K), 0.0452520 secs] [Times: user=0.53 sys=0.00, real=0.05 secs] 
71336.765: [GC [1 CMS-initial-mark: 5110376K(8448000K)] 6612983K(10982400K), 0.7683760 secs] [Times: user=0.77 sys=0.00, real=0.77 secs] 
71340.092: [GC 71340.093: [ParNew: 2294267K->46733K(2534400K), 0.0414460 secs] 7404644K->5158334K(10982400K), 0.0431240 secs] [Times: user=0.50 sys=0.00, real=0.04 secs] 
71343.315: [GC[YG occupancy: 1207234 K (2534400 K)]71343.315: [Rescan (parallel) , 0.0761640 secs]71343.392: [weak refs processing, 0.0011070 secs] [1 CMS-remark: 5111600K(8448000K)] 6318835K(10982400K), 0.0779850 secs] [Times: user=1.61 sys=0.01, real=0.08 secs] 
71345.687: [GC 71345.688: [ParNew: 2299533K->48837K(2534400K), 0.0480390 secs] 7409640K->5163196K(10982400K), 0.0497140 secs] [Times: user=0.51 sys=0.00, real=0.05 secs] 
71349.553: [GC [1 CMS-initial-mark: 5109594K(8448000K)] 6246107K(10982400K), 0.7556630 secs] [Times: user=0.76 sys=0.00, real=0.75 secs] 
71351.871: [GC 71351.872: [ParNew: 2301637K->51190K(2534400K), 0.0586920 secs] 7411232K->5164328K(10982400K), 0.0603740 secs] [Times: user=0.53 sys=0.01, real=0.07 secs] 
71358.283: [GC[YG occupancy: 1035564 K (2534400 K)]71358.284: [Rescan (parallel) , 0.1894800 secs]71358.473: [weak refs processing, 0.0006880 secs] [1 CMS-remark: 5113138K(8448000K)] 6148702K(10982400K), 0.1909020 secs] [Times: user=3.91 sys=0.01, real=0.19 secs] 
71365.877: [GC [1 CMS-initial-mark: 5109027K(8448000K)] 6985113K(10982400K), 1.6194390 secs] [Times: user=1.62 sys=0.00, real=1.62 secs] 
71369.281: [GC 71369.282: [ParNew: 2303990K->73046K(2534400K), 0.0726400 secs] 7413017K->5185737K(10982400K), 0.0743190 secs] [Times: user=0.66 sys=0.00, real=0.08 secs] 
71375.320: [GC[YG occupancy: 1788201 K (2534400 K)]71375.321: [Rescan (parallel) , 1.1649690 secs]71376.486: [weak refs processing, 0.0014000 secs] [1 CMS-remark: 5112690K(8448000K)] 6900892K(10982400K), 1.1671260 secs] [Times: user=23.07 sys=0.09, real=1.17 secs] 
71379.763: [GC 71379.764: [ParNew: 2325846K->46040K(2534400K), 0.0502990 secs] 7375153K->5099474K(10982400K), 0.0520390 secs] [Times: user=0.58 sys=0.00, real=0.05 secs] 
71391.691: [GC 71391.692: [ParNew: 2298840K->281600K(2534400K), 1.0342120 secs] 6862842K->5124076K(10982400K), 1.0360330 secs] [Times: user=14.29 sys=0.17, real=1.03 secs] 
71394.886: [GC 71394.887: [ParNew: 2534400K->281600K(2534400K), 0.4844780 secs] 7376876K->5442043K(10982400K), 0.4862190 secs] [Times: user=4.20 sys=0.02, real=0.49 secs] 
71395.378: [GC [1 CMS-initial-mark: 5160443K(8448000K)] 5442177K(10982400K), 0.2388430 secs] [Times: user=0.24 sys=0.00, real=0.24 secs] 
71397.897: [GC 71397.898: [ParNew: 2534400K->254555K(2534400K), 0.2541500 secs] 7694843K->5675649K(10982400K), 0.2557650 secs] [Times: user=2.95 sys=0.04, real=0.26 secs] 
71401.004: [GC 71401.005: [ParNew: 2507355K->247729K(2534400K), 0.1254180 secs] 7928449K->5809056K(10982400K), 0.1272300 secs] [Times: user=1.98 sys=0.01, real=0.13 secs] 
71405.635: [GC[YG occupancy: 1461168 K (2534400 K)]71405.636: [Rescan (parallel) , 0.4003690 secs]71406.036: [weak refs processing, 0.0020130 secs] [1 CMS-remark: 5561327K(8448000K)] 7022496K(10982400K), 0.4031160 secs] [Times: user=8.20 sys=0.03, real=0.40 secs] 
71409.586: [GC 71409.587: [ParNew: 2500529K->207966K(2534400K), 0.1818250 secs] 8044758K->5928930K(10982400K), 0.1834990 secs] [Times: user=1.72 sys=0.02, real=0.18 secs] 
71411.732: [GC [1 CMS-initial-mark: 5703723K(8448000K)] 6127466K(10982400K), 0.3032730 secs] [Times: user=0.30 sys=0.00, real=0.30 secs] 
71419.818: [GC[YG occupancy: 1858747 K (2534400 K)]71419.819: [Rescan (parallel) , 1.6126090 secs]71421.432: [weak refs processing, 0.0024900 secs] [1 CMS-remark: 5703723K(8448000K)] 7562470K(10982400K), 1.6158370 secs] [Times: user=32.69 sys=0.14, real=1.62 secs] 
71425.367: [GC 71425.368: [ParNew: 2460766K->123586K(2534400K), 0.0639800 secs] 7799685K->5462505K(10982400K), 0.0656660 secs] [Times: user=0.70 sys=0.00, real=0.07 secs] 
71435.341: [GC 71435.342: [ParNew: 2376386K->111164K(2534400K), 0.0576100 secs] 7360444K->5095221K(10982400K), 0.0592890 secs] [Times: user=0.84 sys=0.00, real=0.06 secs] 
71443.600: [GC 71443.601: [ParNew: 2363964K->111412K(2534400K), 0.0503570 secs] 7348021K->5095469K(10982400K), 0.0520630 secs] [Times: user=0.69 sys=0.01, real=0.05 secs] 
71457.609: [GC 71457.610: [ParNew: 2364212K->84210K(2534400K), 0.1312020 secs] 7348269K->5119292K(10982400K), 0.1330410 secs] [Times: user=0.84 sys=0.01, real=0.13 secs] 
71467.235: [GC 71467.236: [ParNew: 2337010K->46489K(2534400K), 0.0558020 secs] 7372092K->5088594K(10982400K), 0.0574690 secs] [Times: user=0.59 sys=0.00, real=0.06 secs] 
71477.845: [GC 71477.847: [ParNew: 2299289K->42998K(2534400K), 0.0596240 secs] 7341394K->5089050K(10982400K), 0.0622370 secs] [Times: user=0.61 sys=0.01, real=0.06 secs] 
71489.361: [GC 71489.362: [ParNew: 2295798K->44526K(2534400K), 0.0437930 secs] 7341850K->5092766K(10982400K), 0.0460810 secs] [Times: user=0.50 sys=0.00, real=0.05 secs] 
71499.465: [GC 71499.466: [ParNew: 2297326K->49652K(2534400K), 0.0442240 secs] 7345566K->5103287K(10982400K), 0.0465300 secs] [Times: user=0.51 sys=0.01, real=0.04 secs] 
71509.896: [GC 71509.898: [ParNew: 2302451K->57612K(2534400K), 0.0513600 secs] 7356086K->5113981K(10982400K), 0.0536570 secs] [Times: user=0.68 sys=0.00, real=0.05 secs] 
71524.636: [GC 71524.637: [ParNew: 2310412K->63274K(2534400K), 0.0683450 secs] 7366781K->5123785K(10982400K), 0.0706190 secs] [Times: user=0.68 sys=0.01, real=0.07 secs] 
71535.738: [GC 71535.740: [ParNew: 2316074K->61752K(2534400K), 0.0602340 secs] 7376585K->5127886K(10982400K), 0.0627210 secs] [Times: user=0.59 sys=0.01, real=0.07 secs] 
71553.897: [GC 71553.898: [ParNew: 2314552K->78461K(2534400K), 0.0871970 secs] 7380686K->5154328K(10982400K), 0.0896330 secs] [Times: user=0.62 sys=0.00, real=0.09 secs] 
71553.995: [GC [1 CMS-initial-mark: 5075867K(8448000K)] 5160028K(10982400K), 0.1135840 secs] [Times: user=0.11 sys=0.00, real=0.11 secs] 
71559.378: [GC 71559.379: [ParNew: 2331261K->281600K(2534400K), 2.0489100 secs] 7407128K->5995998K(10982400K), 2.0511850 secs] [Times: user=32.26 sys=0.11, real=2.05 secs] 
71563.830: [GC 71563.832: [ParNew: 2534400K->219958K(2534400K), 0.2722910 secs] 8248798K->6211564K(10982400K), 0.2745600 secs] [Times: user=2.99 sys=0.06, real=0.28 secs] 
71566.006: [GC 71566.007: [ParNew: 2472758K->183663K(2534400K), 0.1465560 secs] 8464364K->6345400K(10982400K), 0.1491430 secs] [Times: user=1.77 sys=0.02, real=0.15 secs] 
71566.275: [GC[YG occupancy: 323816 K (2534400 K)]71566.276: [Rescan (parallel) , 0.0429270 secs]71566.319: [weak refs processing, 0.0111580 secs] [1 CMS-remark: 6161737K(8448000K)] 6485553K(10982400K), 0.0551500 secs] [Times: user=0.92 sys=0.01, real=0.05 secs] 
71567.742: [GC 71567.743: [ParNew: 2436463K->281600K(2534400K), 0.0696480 secs] 8553059K->6400311K(10982400K), 0.0725100 secs] [Times: user=1.41 sys=0.01, real=0.08 secs] 
71572.825: [GC 71572.826: [ParNew: 2534398K->250109K(2534400K), 0.2214040 secs] 8282385K->6123382K(10982400K), 0.2239050 secs] [Times: user=1.88 sys=0.03, real=0.23 secs] 
71573.663: [GC [1 CMS-initial-mark: 5793384K(8448000K)] 6148108K(10982400K), 0.2933990 secs] [Times: user=0.30 sys=0.00, real=0.30 secs] 
71582.618: [GC[YG occupancy: 1619647 K (2534400 K)]71582.619: [Rescan (parallel) , 1.2808220 secs]71583.899: [weak refs processing, 0.0028730 secs] [1 CMS-remark: 5793384K(8448000K)] 7413032K(10982400K), 1.2847440 secs] [Times: user=25.90 sys=0.11, real=1.28 secs] 
71587.260: [GC 71587.261: [ParNew: 2502909K->208165K(2534400K), 0.1475610 secs] 8024695K->5835635K(10982400K), 0.1498730 secs] [Times: user=1.47 sys=0.01, real=0.15 secs] 
71602.810: [GC 71602.811: [ParNew: 2460965K->148875K(2534400K), 0.1196550 secs] 7512913K->5200823K(10982400K), 0.1219040 secs] [Times: user=2.06 sys=0.01, real=0.12 secs] 
71621.409: [GC 71621.411: [ParNew: 2401675K->178090K(2534400K), 0.1280300 secs] 7453623K->5230038K(10982400K), 0.1303620 secs] [Times: user=2.07 sys=0.00, real=0.13 secs] 
71633.131: [GC 71633.132: [ParNew: 2430890K->125240K(2534400K), 0.1682840 secs] 7482838K->5258653K(10982400K), 0.1705880 secs] [Times: user=1.90 sys=0.01, real=0.17 secs] 
71633.309: [GC [1 CMS-initial-mark: 5133413K(8448000K)] 5259129K(10982400K), 0.0902360 secs] [Times: user=0.09 sys=0.00, real=0.09 secs] 
71641.043: [GC[YG occupancy: 1937412 K (2534400 K)]71641.044: [Rescan (parallel) , 1.1422050 secs]71642.186: [weak refs processing, 0.0049570 secs] [1 CMS-remark: 5133413K(8448000K)] 7070825K(10982400K), 1.1481180 secs] [Times: user=23.06 sys=0.12, real=1.15 secs] 
71643.373: [GC 71643.374: [ParNew: 2378040K->72700K(2534400K), 0.0571980 secs] 7507508K->5210383K(10982400K), 0.0594960 secs] [Times: user=0.72 sys=0.01, real=0.06 secs] 
71648.567: [GC [1 CMS-initial-mark: 5116879K(8448000K)] 7212917K(10982400K), 1.4734290 secs] [Times: user=1.47 sys=0.01, real=1.47 secs] 
71650.449: [GC 71650.450: [ParNew: 2325500K->61544K(2534400K), 0.0548780 secs] 7442380K->5185813K(10982400K), 0.0575390 secs] [Times: user=0.56 sys=0.01, real=0.06 secs] 
71657.975: [GC[YG occupancy: 2282487 K (2534400 K)]71657.976: [Rescan (parallel) , 1.2427750 secs]71659.219: [weak refs processing, 0.0017920 secs] [1 CMS-remark: 5124269K(8448000K)] 7406756K(10982400K), 1.2456380 secs] [Times: user=25.05 sys=0.10, real=1.25 secs] 
71659.243: [GC 71659.244: [ParNew: 2314344K->58445K(2534400K), 0.0476000 secs] 7438610K->5189673K(10982400K), 0.0502090 secs] [Times: user=0.54 sys=0.00, real=0.05 secs] 
71667.190: [GC [1 CMS-initial-mark: 5112513K(8448000K)] 7330568K(10982400K), 1.2734850 secs] [Times: user=1.28 sys=0.00, real=1.27 secs] 
71668.520: [GC 71668.521: [ParNew: 2311245K->51730K(2534400K), 0.0592730 secs] 7423758K->5170952K(10982400K), 0.0615580 secs] [Times: user=0.73 sys=0.00, real=0.06 secs] 
71675.801: [GC 71675.802: [ParNew: 2304528K->49548K(2534400K), 0.0535480 secs] 7423751K->5174218K(10982400K), 0.0558210 secs] [Times: user=0.55 sys=0.01, real=0.05 secs] 
71676.324: [GC[YG occupancy: 106612 K (2534400 K)]71676.324: [Rescan (parallel) , 0.0276250 secs]71676.352: [weak refs processing, 0.0020810 secs] [1 CMS-remark: 5124670K(8448000K)] 5231283K(10982400K), 0.0305420 secs] [Times: user=0.55 sys=0.00, real=0.03 secs] 
71683.676: [GC [1 CMS-initial-mark: 5117222K(8448000K)] 7064935K(10982400K), 1.0319100 secs] [Times: user=1.03 sys=0.00, real=1.03 secs] 
71689.375: [GC 71689.376: [ParNew: 2302348K->47165K(2534400K), 0.0580850 secs] 7419570K->5169196K(10982400K), 0.0608160 secs] [Times: user=0.55 sys=0.01, real=0.06 secs] 
71692.470: [GC[YG occupancy: 488708 K (2534400 K)]71692.471: [Rescan (parallel) , 0.0724970 secs]71692.544: [weak refs processing, 0.0013800 secs] [1 CMS-remark: 5122031K(8448000K)] 5610739K(10982400K), 0.0748580 secs] [Times: user=1.51 sys=0.01, real=0.08 secs] 
71696.238: [GC 71696.239: [ParNew: 2299965K->61961K(2534400K), 0.0479510 secs] 7416651K->5181314K(10982400K), 0.0507430 secs] [Times: user=0.59 sys=0.00, real=0.05 secs] 
71699.857: [GC [1 CMS-initial-mark: 5115535K(8448000K)] 5515248K(10982400K), 0.3114290 secs] [Times: user=0.31 sys=0.00, real=0.31 secs] 
71707.635: [GC[YG occupancy: 1733819 K (2534400 K)]71707.636: [Rescan (parallel) , 1.3856520 secs]71709.022: [weak refs processing, 0.0012450 secs] [1 CMS-remark: 5115535K(8448000K)] 6849354K(10982400K), 1.3878130 secs] [Times: user=27.99 sys=0.11, real=1.39 secs] 
71711.914: [GC 71711.915: [ParNew: 2314752K->61780K(2534400K), 0.0674090 secs] 7346396K->5097557K(10982400K), 0.0697250 secs] [Times: user=0.63 sys=0.00, real=0.07 secs] 
71729.769: [GC 71729.770: [ParNew: 2314580K->63965K(2534400K), 0.0678880 secs] 6877038K->4631149K(10982400K), 0.0705230 secs] [Times: user=0.52 sys=0.01, real=0.07 secs] 
71737.886: [GC 71737.887: [ParNew: 2316765K->281600K(2534400K), 2.2956680 secs] 6883949K->5449032K(10982400K), 2.2983070 secs] [Times: user=32.28 sys=0.21, real=2.30 secs] 
71740.194: [GC [1 CMS-initial-mark: 5167432K(8448000K)] 5449052K(10982400K), 0.2595750 secs] [Times: user=0.26 sys=0.00, real=0.26 secs] 
71742.795: [GC 71742.796: [ParNew: 2534400K->277387K(2534400K), 0.2765400 secs] 7701832K->5722085K(10982400K), 0.2791410 secs] [Times: user=3.22 sys=0.05, real=0.28 secs] 
71745.636: [GC 71745.637: [ParNew: 2530187K->229795K(2534400K), 0.2071320 secs] 7974885K->5855435K(10982400K), 0.2096950 secs] [Times: user=2.25 sys=0.02, real=0.21 secs] 
71747.798: [GC[YG occupancy: 1766831 K (2534400 K)]71747.799: [Rescan (parallel) , 0.7594060 secs]71748.558: [weak refs processing, 0.0050600 secs] [1 CMS-remark: 5625639K(8448000K)] 7392471K(10982400K), 0.7655670 secs] [Times: user=15.33 sys=0.09, real=0.77 secs] 
71749.432: [GC 71749.433: [ParNew: 2482595K->241916K(2534400K), 0.1687740 secs] 8107245K->6026547K(10982400K), 0.1714350 secs] [Times: user=2.09 sys=0.02, real=0.18 secs] 
71755.725: [GC [1 CMS-initial-mark: 5773878K(8448000K)] 7386511K(10982400K), 1.4793420 secs] [Times: user=1.48 sys=0.00, real=1.48 secs] 
71761.644: [GC 71761.646: [ParNew: 2494716K->183658K(2534400K), 0.1880170 secs] 8268595K->6132581K(10982400K), 0.1903470 secs] [Times: user=1.62 sys=0.02, real=0.19 secs] 
71765.353: [GC[YG occupancy: 879607 K (2534400 K)]71765.354: [Rescan (parallel) , 0.1595250 secs]71765.514: [weak refs processing, 0.0064390 secs] [1 CMS-remark: 5948923K(8448000K)] 6828530K(10982400K), 0.1668580 secs] [Times: user=3.29 sys=0.01, real=0.17 secs] 
71774.347: [GC 71774.348: [ParNew: 2436458K->106430K(2534400K), 0.1062110 secs] 7709630K->5379602K(10982400K), 0.1087040 secs] [Times: user=1.71 sys=0.00, real=0.11 secs] 
71779.480: [GC [1 CMS-initial-mark: 5106641K(8448000K)] 5979231K(10982400K), 0.7116060 secs] [Times: user=0.71 sys=0.00, real=0.71 secs] 
71788.400: [GC[YG occupancy: 1969492 K (2534400 K)]71788.401: [Rescan (parallel) , 1.4089210 secs]71789.810: [weak refs processing, 0.0017280 secs] [1 CMS-remark: 5106641K(8448000K)] 7076133K(10982400K), 1.4116630 secs] [Times: user=28.56 sys=0.10, real=1.41 secs] 
71790.844: [GC 71790.846: [ParNew: 2359230K->119517K(2534400K), 0.1022320 secs] 7464405K->5224692K(10982400K), 0.1045410 secs] [Times: user=1.71 sys=0.00, real=0.11 secs] 
71798.438: [GC [1 CMS-initial-mark: 5089959K(8448000K)] 6105153K(10982400K), 0.9204610 secs] [Times: user=0.93 sys=0.00, real=0.92 secs] 
71807.254: [GC[YG occupancy: 1822664 K (2534400 K)]71807.255: [Rescan (parallel) , 1.3579190 secs]71808.613: [weak refs processing, 0.0018880 secs] [1 CMS-remark: 5089959K(8448000K)] 6912623K(10982400K), 1.3607520 secs] [Times: user=27.17 sys=0.12, real=1.36 secs] 
71813.737: [GC 71813.738: [ParNew: 2372317K->127402K(2534400K), 0.1211360 secs] 7457669K->5212753K(10982400K), 0.1237720 secs] [Times: user=1.82 sys=0.00, real=0.12 secs] 
71816.198: [GC [1 CMS-initial-mark: 5083997K(8448000K)] 5653179K(10982400K), 0.3546030 secs] [Times: user=0.36 sys=0.00, real=0.36 secs] 
71822.084: [GC 71822.085: [ParNew: 2380202K->88564K(2534400K), 0.1781050 secs] 7464199K->5235152K(10982400K), 0.1807220 secs] [Times: user=1.59 sys=0.01, real=0.18 secs] 
71824.034: [GC[YG occupancy: 1403715 K (2534400 K)]71824.035: [Rescan (parallel) , 0.1074990 secs]71824.143: [weak refs processing, 0.0011220 secs] [1 CMS-remark: 5146588K(8448000K)] 6550303K(10982400K), 0.1095940 secs] [Times: user=2.22 sys=0.00, real=0.11 secs] 
71827.078: [GC 71827.079: [ParNew: 2341364K->50433K(2534400K), 0.0497290 secs] 7485984K->5198805K(10982400K), 0.0519990 secs] [Times: user=0.63 sys=0.01, real=0.05 secs] 
71831.375: [GC [1 CMS-initial-mark: 5144359K(8448000K)] 6719558K(10982400K), 1.0908830 secs] [Times: user=1.09 sys=0.00, real=1.09 secs] 
71832.810: [GC 71832.811: [ParNew: 2303233K->37943K(2534400K), 0.0466420 secs] 7447592K->5187665K(10982400K), 0.0492610 secs] [Times: user=0.52 sys=0.00, real=0.05 secs] 
71840.072: [GC[YG occupancy: 1690954 K (2534400 K)]71840.073: [Rescan (parallel) , 0.8494090 secs]71840.922: [weak refs processing, 0.0015950 secs] [1 CMS-remark: 5149722K(8448000K)] 6840676K(10982400K), 0.8520560 secs] [Times: user=17.11 sys=0.05, real=0.85 secs] 
71842.736: [GC 71842.737: [ParNew: 2290743K->29606K(2534400K), 0.0444150 secs] 7439612K->5184539K(10982400K), 0.0470280 secs] [Times: user=0.47 sys=0.00, real=0.05 secs] 
71848.195: [GC [1 CMS-initial-mark: 5151465K(8448000K)] 6849152K(10982400K), 0.8162970 secs] [Times: user=0.82 sys=0.00, real=0.82 secs] 
71851.354: [GC 71851.355: [ParNew: 2282406K->34106K(2534400K), 0.0421840 secs] 7433871K->5187833K(10982400K), 0.0444960 secs] [Times: user=0.58 sys=0.01, real=0.05 secs] 
71856.929: [GC[YG occupancy: 1130917 K (2534400 K)]71856.930: [Rescan (parallel) , 0.0719300 secs]71857.002: [weak refs processing, 0.0014330 secs] [1 CMS-remark: 5153726K(8448000K)] 6284644K(10982400K), 0.0742910 secs] [Times: user=1.51 sys=0.00, real=0.07 secs] 
71861.893: [GC 71861.895: [ParNew: 2286491K->46765K(2534400K), 0.0535720 secs] 7434682K->5196586K(10982400K), 0.0558850 secs] [Times: user=0.64 sys=0.01, real=0.06 secs] 
71864.230: [GC [1 CMS-initial-mark: 5148216K(8448000K)] 5675149K(10982400K), 0.3851170 secs] [Times: user=0.39 sys=0.00, real=0.38 secs] 
71872.207: [GC[YG occupancy: 1628775 K (2534400 K)]71872.208: [Rescan (parallel) , 1.3741750 secs]71873.582: [weak refs processing, 0.0013460 secs] [1 CMS-remark: 5148216K(8448000K)] 6776992K(10982400K), 1.3764410 secs] [Times: user=27.63 sys=0.11, real=1.38 secs] 
71878.105: [GC 71878.106: [ParNew: 2299565K->56267K(2534400K), 0.0645710 secs] 7341124K->5100008K(10982400K), 0.0670480 secs] [Times: user=0.55 sys=0.00, real=0.07 secs] 
71888.263: [GC 71888.265: [ParNew: 2309067K->58947K(2534400K), 0.0587420 secs] 7011874K->4764023K(10982400K), 0.0613510 secs] [Times: user=0.65 sys=0.01, real=0.07 secs] 
71901.836: [GC 71901.838: [ParNew: 2311747K->210760K(2534400K), 0.0848420 secs] 6883131K->4787390K(10982400K), 0.0874790 secs] [Times: user=1.03 sys=0.02, real=0.08 secs] 
71906.657: [GC 71906.658: [ParNew: 2463560K->281600K(2534400K), 1.9269210 secs] 7040190K->5424220K(10982400K), 1.9291740 secs] [Times: user=23.18 sys=0.25, real=1.93 secs] 
71908.595: [GC [1 CMS-initial-mark: 5142620K(8448000K)] 5424283K(10982400K), 0.2713800 secs] [Times: user=0.27 sys=0.00, real=0.28 secs] 
71911.141: [GC 71911.142: [ParNew: 2534400K->250678K(2534400K), 0.3283660 secs] 7677020K->5673003K(10982400K), 0.3308210 secs] [Times: user=2.98 sys=0.07, real=0.33 secs] 
71914.197: [GC 71914.199: [ParNew: 2503478K->236801K(2534400K), 0.1466010 secs] 7925803K->5804443K(10982400K), 0.1492720 secs] [Times: user=2.05 sys=0.02, real=0.15 secs] 
71918.939: [GC[YG occupancy: 962821 K (2534400 K)]71918.940: [Rescan (parallel) , 0.1792860 secs]71919.119: [weak refs processing, 0.0040810 secs] [1 CMS-remark: 5567641K(8448000K)] 6530462K(10982400K), 0.1842790 secs] [Times: user=3.67 sys=0.01, real=0.18 secs] 
71926.493: [GC [1 CMS-initial-mark: 5553031K(8448000K)] 8010416K(10982400K), 1.7756260 secs] [Times: user=1.78 sys=0.00, real=1.77 secs] 
71928.295: [GC 71928.297: [ParNew: 2489601K->194930K(2534400K), 0.1928210 secs] 8042633K->5919323K(10982400K), 0.1951120 secs] [Times: user=1.65 sys=0.02, real=0.20 secs] 
71936.806: [GC[YG occupancy: 1208765 K (2534400 K)]71936.807: [Rescan (parallel) , 0.7697230 secs]71937.577: [weak refs processing, 0.0028540 secs] [1 CMS-remark: 5724392K(8448000K)] 6933158K(10982400K), 0.7735820 secs] [Times: user=15.13 sys=0.09, real=0.77 secs] 
71944.929: [GC 71944.930: [ParNew: 2447730K->95431K(2534400K), 0.0659190 secs] 7593519K->5241220K(10982400K), 0.0682200 secs] [Times: user=0.81 sys=0.00, real=0.07 secs] 
71951.081: [GC 71951.082: [ParNew: 2348231K->78536K(2534400K), 0.0611140 secs] 7378059K->5108364K(10982400K), 0.0637240 secs] [Times: user=0.87 sys=0.00, real=0.07 secs] 
71959.742: [GC 71959.743: [ParNew: 2331336K->76627K(2534400K), 0.0536880 secs] 7361164K->5106455K(10982400K), 0.0559970 secs] [Times: user=0.82 sys=0.00, real=0.06 secs] 
71969.909: [GC 71969.910: [ParNew: 2329427K->62944K(2534400K), 0.0784900 secs] 7359255K->5116458K(10982400K), 0.0811350 secs] [Times: user=0.81 sys=0.00, real=0.08 secs] 
71977.070: [GC 71977.071: [ParNew: 2315730K->73582K(2534400K), 0.0557460 secs] 7369244K->5132856K(10982400K), 0.0580140 secs] [Times: user=0.70 sys=0.01, real=0.06 secs] 
71984.179: [GC 71984.180: [ParNew: 2326382K->92449K(2534400K), 0.0756010 secs] 7385656K->5158986K(10982400K), 0.0775720 secs] [Times: user=0.54 sys=0.00, real=0.07 secs] 
71988.040: [GC 71988.041: [ParNew: 2345249K->74699K(2534400K), 0.0618830 secs] 7411786K->5144748K(10982400K), 0.0635300 secs] [Times: user=0.56 sys=0.00, real=0.06 secs] 
71988.109: [GC [1 CMS-initial-mark: 5070049K(8448000K)] 5145015K(10982400K), 0.0796690 secs] [Times: user=0.08 sys=0.00, real=0.08 secs] 
71995.997: [GC[YG occupancy: 2217857 K (2534400 K)]71995.997: [Rescan (parallel) , 1.3747170 secs]71997.372: [weak refs processing, 0.0048510 secs] [1 CMS-remark: 5070049K(8448000K)] 7287906K(10982400K), 1.3803640 secs] [Times: user=27.63 sys=0.08, real=1.38 secs] 
71997.423: [GC 71997.424: [ParNew: 2326266K->78502K(2534400K), 0.0567660 secs] 7396217K->5154447K(10982400K), 0.0584210 secs] [Times: user=0.60 sys=0.01, real=0.06 secs] 
72008.764: [GC 72008.765: [ParNew: 2331302K->58252K(2534400K), 0.0638840 secs] 7377833K->5110730K(10982400K), 0.0655670 secs] [Times: user=0.60 sys=0.00, real=0.06 secs] 
72028.758: [GC 72028.759: [ParNew: 2311052K->65266K(2534400K), 0.0649890 secs] 7363530K->5121330K(10982400K), 0.0666710 secs] [Times: user=0.57 sys=0.00, real=0.07 secs] 
72044.311: [GC 72044.312: [ParNew: 2318066K->86960K(2534400K), 0.0598740 secs] 7374130K->5146429K(10982400K), 0.0615550 secs] [Times: user=0.63 sys=0.00, real=0.06 secs] 
72051.153: [GC 72051.154: [ParNew: 2339760K->281600K(2534400K), 2.2054940 secs] 7399229K->6021919K(10982400K), 2.2073160 secs] [Times: user=34.10 sys=0.33, real=2.21 secs] 
72053.368: [GC [1 CMS-initial-mark: 5740319K(8448000K)] 6021956K(10982400K), 0.2497140 secs] [Times: user=0.25 sys=0.01, real=0.25 secs] 
72056.094: [GC 72056.095: [ParNew: 2534400K->243356K(2534400K), 0.2300420 secs] 8274719K->6258074K(10982400K), 0.2317510 secs] [Times: user=3.20 sys=0.05, real=0.23 secs] 
72059.467: [GC 72059.468: [ParNew: 2496156K->262209K(2534400K), 0.1391760 secs] 8510874K->6456293K(10982400K), 0.1408800 secs] [Times: user=2.21 sys=0.02, real=0.14 secs] 
72061.479: [GC[YG occupancy: 1923115 K (2534400 K)]72061.480: [Rescan (parallel) , 1.0191110 secs]72062.499: [weak refs processing, 0.0144580 secs] [1 CMS-remark: 6194083K(8448000K)] 8117199K(10982400K), 1.0343290 secs] [Times: user=20.61 sys=0.07, real=1.04 secs] 
72063.218: [GC 72063.219: [ParNew: 2515009K->248699K(2534400K), 0.1542110 secs] 8689789K->6610610K(10982400K), 0.1559000 secs] [Times: user=2.12 sys=0.02, real=0.16 secs] 
72068.952: [GC 72068.953: [ParNew: 2501499K->175403K(2534400K), 0.1901740 secs] 8369119K->6204282K(10982400K), 0.1925050 secs] [Times: user=1.52 sys=0.01, real=0.19 secs] 
72069.152: [GC [1 CMS-initial-mark: 6028878K(8448000K)] 6204285K(10982400K), 0.0972610 secs] [Times: user=0.10 sys=0.00, real=0.09 secs] 
72077.273: [GC[YG occupancy: 1858332 K (2534400 K)]72077.273: [Rescan (parallel) , 1.5565830 secs]72078.830: [weak refs processing, 0.0024940 secs] [1 CMS-remark: 6028878K(8448000K)] 7887211K(10982400K), 1.5600720 secs] [Times: user=31.36 sys=0.13, real=1.56 secs] 
72079.476: [GC 72079.477: [ParNew: 2428100K->87309K(2534400K), 0.0764400 secs] 8418052K->6077261K(10982400K), 0.0791640 secs] [Times: user=1.30 sys=0.01, real=0.08 secs] 
72084.056: [GC 72084.057: [ParNew: 2340109K->104706K(2534400K), 0.0717700 secs] 7775363K->5539959K(10982400K), 0.0743370 secs] [Times: user=1.34 sys=0.00, real=0.07 secs] 
72089.011: [GC [1 CMS-initial-mark: 5128191K(8448000K)] 6097663K(10982400K), 0.8529030 secs] [Times: user=0.86 sys=0.00, real=0.86 secs] 
72097.484: [GC[YG occupancy: 1767218 K (2534400 K)]72097.485: [Rescan (parallel) , 1.2086720 secs]72098.693: [weak refs processing, 0.0022840 secs] [1 CMS-remark: 5128191K(8448000K)] 6895410K(10982400K), 1.2120700 secs] [Times: user=24.26 sys=0.10, real=1.22 secs] 
72101.643: [GC 72101.645: [ParNew: 2357506K->113334K(2534400K), 0.0976090 secs] 7482848K->5238676K(10982400K), 0.1002150 secs] [Times: user=1.43 sys=0.01, real=0.10 secs] 
72106.931: [GC [1 CMS-initial-mark: 5118401K(8448000K)] 5735456K(10982400K), 0.5362820 secs] [Times: user=0.54 sys=0.00, real=0.54 secs] 
72115.741: [GC[YG occupancy: 2038629 K (2534400 K)]72115.742: [Rescan (parallel) , 1.5490720 secs]72117.291: [weak refs processing, 0.0013320 secs] [1 CMS-remark: 5118401K(8448000K)] 7157031K(10982400K), 1.5513180 secs] [Times: user=31.32 sys=0.14, real=1.55 secs] 
72117.663: [GC 72117.664: [ParNew: 2366134K->120271K(2534400K), 0.1471160 secs] 7484370K->5277595K(10982400K), 0.1494500 secs] [Times: user=1.31 sys=0.00, real=0.15 secs] 
72124.678: [GC [1 CMS-initial-mark: 5149420K(8448000K)] 7122823K(10982400K), 1.6136110 secs] [Times: user=1.61 sys=0.00, real=1.62 secs] 
72128.515: [GC 72128.516: [ParNew: 2373071K->111566K(2534400K), 0.1026690 secs] 7522492K->5267764K(10982400K), 0.1043470 secs] [Times: user=0.58 sys=0.00, real=0.10 secs] 
72133.108: [GC[YG occupancy: 1245617 K (2534400 K)]72133.108: [Rescan (parallel) , 0.1237550 secs]72133.232: [weak refs processing, 0.0010040 secs] [1 CMS-remark: 5156197K(8448000K)] 6401815K(10982400K), 0.1254720 secs] [Times: user=2.58 sys=0.01, real=0.13 secs] 
72139.433: [GC 72139.434: [ParNew: 2364366K->65543K(2534400K), 0.0469530 secs] 7510574K->5214659K(10982400K), 0.0487060 secs] [Times: user=0.56 sys=0.00, real=0.05 secs] 
72139.488: [GC [1 CMS-initial-mark: 5149116K(8448000K)] 5214818K(10982400K), 0.0732680 secs] [Times: user=0.08 sys=0.00, real=0.07 secs] 
72147.429: [GC[YG occupancy: 1954992 K (2534400 K)]72147.430: [Rescan (parallel) , 0.9064840 secs]72148.336: [weak refs processing, 0.0009150 secs] [1 CMS-remark: 5149116K(8448000K)] 7104108K(10982400K), 0.9081310 secs] [Times: user=18.40 sys=0.07, real=0.91 secs] 
72149.744: [GC 72149.744: [ParNew: 2318343K->57643K(2534400K), 0.0533320 secs] 7466313K->5212418K(10982400K), 0.0550390 secs] [Times: user=0.67 sys=0.00, real=0.05 secs] 
72154.487: [GC [1 CMS-initial-mark: 5145891K(8448000K)] 6417897K(10982400K), 0.7684990 secs] [Times: user=0.77 sys=0.00, real=0.77 secs] 
72159.149: [GC 72159.150: [ParNew: 2310443K->62115K(2534400K), 0.0583330 secs] 7456335K->5217528K(10982400K), 0.0600340 secs] [Times: user=0.70 sys=0.01, real=0.06 secs] 
72162.412: [GC[YG occupancy: 1230881 K (2534400 K)]72162.413: [Rescan (parallel) , 0.1054980 secs]72162.518: [weak refs processing, 0.0008360 secs] [1 CMS-remark: 5155412K(8448000K)] 6386293K(10982400K), 0.1070690 secs] [Times: user=2.11 sys=0.01, real=0.11 secs] 
72168.050: [GC 72168.051: [ParNew: 2314915K->52712K(2534400K), 0.0498810 secs] 7464337K->5206708K(10982400K), 0.0515460 secs] [Times: user=0.68 sys=0.00, real=0.05 secs] 
72168.108: [GC [1 CMS-initial-mark: 5153995K(8448000K)] 5207333K(10982400K), 0.0713670 secs] [Times: user=0.07 sys=0.00, real=0.07 secs] 
72175.869: [GC[YG occupancy: 2085611 K (2534400 K)]72175.869: [Rescan (parallel) , 0.9906150 secs]72176.860: [weak refs processing, 0.0008540 secs] [1 CMS-remark: 5153995K(8448000K)] 7239606K(10982400K), 0.9923190 secs] [Times: user=19.47 sys=0.09, real=0.99 secs] 
72177.998: [GC 72177.999: [ParNew: 2305512K->50404K(2534400K), 0.0595910 secs] 7457285K->5208412K(10982400K), 0.0614900 secs] [Times: user=0.66 sys=0.01, real=0.07 secs] 
72183.813: [GC [1 CMS-initial-mark: 5152222K(8448000K)] 5864203K(10982400K), 0.5255940 secs] [Times: user=0.52 sys=0.01, real=0.53 secs] 
72192.093: [GC[YG occupancy: 2233354 K (2534400 K)]72192.094: [Rescan (parallel) , 1.6287290 secs]72193.723: [weak refs processing, 0.0009460 secs] [1 CMS-remark: 5152222K(8448000K)] 7385577K(10982400K), 1.6304090 secs] [Times: user=31.88 sys=0.11, real=1.63 secs] 
72193.764: [GC 72193.765: [ParNew: 2303204K->65770K(2534400K), 0.0672940 secs] 7455418K->5223354K(10982400K), 0.0689810 secs] [Times: user=0.67 sys=0.00, real=0.07 secs] 
72200.736: [GC [1 CMS-initial-mark: 5151608K(8448000K)] 5888699K(10982400K), 0.6502420 secs] [Times: user=0.65 sys=0.00, real=0.65 secs] 
72209.122: [GC[YG occupancy: 2064875 K (2534400 K)]72209.123: [Rescan (parallel) , 1.1744600 secs]72210.297: [weak refs processing, 0.0012780 secs] [1 CMS-remark: 5151608K(8448000K)] 7216484K(10982400K), 1.1765240 secs] [Times: user=23.54 sys=0.10, real=1.17 secs] 
72210.809: [GC 72210.810: [ParNew: 2318570K->61356K(2534400K), 0.0636190 secs] 7459295K->5206554K(10982400K), 0.0653390 secs] [Times: user=0.65 sys=0.00, real=0.07 secs] 
72221.715: [GC 72221.716: [ParNew: 2314156K->96869K(2534400K), 0.0918170 secs] 6870703K->4658167K(10982400K), 0.0935810 secs] [Times: user=0.57 sys=0.00, real=0.09 secs] 
72233.038: [GC 72233.039: [ParNew: 2349669K->255602K(2534400K), 0.2367640 secs] 6910967K->4822268K(10982400K), 0.2384670 secs] [Times: user=0.82 sys=0.00, real=0.24 secs] 
72238.501: [GC 72238.502: [ParNew: 2508402K->132130K(2534400K), 0.1548950 secs] 7075068K->4723484K(10982400K), 0.1565810 secs] [Times: user=0.71 sys=0.01, real=0.16 secs] 
72245.085: [GC 72245.086: [ParNew: 2384930K->151844K(2534400K), 0.1529720 secs] 6976284K->4743198K(10982400K), 0.1548140 secs] [Times: user=0.59 sys=0.00, real=0.16 secs] 
72250.521: [GC 72250.522: [ParNew: 2404644K->165282K(2534400K), 0.1912220 secs] 6995998K->4764031K(10982400K), 0.1929840 secs] [Times: user=0.63 sys=0.00, real=0.19 secs] 
72254.607: [GC 72254.608: [ParNew: 2418082K->76173K(2534400K), 0.0929270 secs] 7016831K->4679059K(10982400K), 0.0945840 secs] [Times: user=0.48 sys=0.00, real=0.10 secs] 
72265.040: [GC 72265.041: [ParNew: 2328973K->33104K(2534400K), 0.0622940 secs] 6931859K->4635990K(10982400K), 0.0639680 secs] [Times: user=0.54 sys=0.00, real=0.07 secs] 
72281.028: [GC 72281.029: [ParNew: 2285904K->45461K(2534400K), 0.0578020 secs] 6888790K->4648347K(10982400K), 0.0594960 secs] [Times: user=0.62 sys=0.00, real=0.06 secs] 
72296.925: [GC 72296.926: [ParNew: 2298261K->61902K(2534400K), 0.0630360 secs] 6901147K->4664788K(10982400K), 0.0647090 secs] [Times: user=0.65 sys=0.00, real=0.07 secs] 
72303.673: [GC 72303.674: [ParNew: 2314702K->281600K(2534400K), 2.1403470 secs] 6917588K->5562714K(10982400K), 2.1420450 secs] [Times: user=35.88 sys=0.11, real=2.14 secs] 
72305.822: [GC [1 CMS-initial-mark: 5281114K(8448000K)] 5582808K(10982400K), 0.2487320 secs] [Times: user=0.25 sys=0.00, real=0.25 secs] 
72308.574: [GC 72308.576: [ParNew: 2534400K->249638K(2534400K), 0.2735620 secs] 7815514K->5804391K(10982400K), 0.2761600 secs] [Times: user=3.20 sys=0.04, real=0.28 secs] 
72311.210: [GC 72311.211: [ParNew: 2502438K->222451K(2534400K), 0.1699910 secs] 8057191K->5942796K(10982400K), 0.1724160 secs] [Times: user=2.07 sys=0.02, real=0.17 secs] 
72313.001: [GC[YG occupancy: 1498369 K (2534400 K)]72313.002: [Rescan (parallel) , 0.8239970 secs]72313.826: [weak refs processing, 0.0107660 secs] [1 CMS-remark: 5720344K(8448000K)] 7218714K(10982400K), 0.8358180 secs] [Times: user=16.69 sys=0.07, real=0.84 secs] 
72315.089: [GC 72315.090: [ParNew: 2475251K->281600K(2534400K), 0.1667150 secs] 8190382K->6143723K(10982400K), 0.1689640 secs] [Times: user=1.98 sys=0.02, real=0.17 secs] 
72321.610: [GC [1 CMS-initial-mark: 5835899K(8448000K)] 7452942K(10982400K), 1.2884100 secs] [Times: user=1.29 sys=0.01, real=1.28 secs] 
72330.321: [GC 72330.322: [ParNew: 2534400K->187681K(2534400K), 0.1987830 secs] 8370299K->6208680K(10982400K), 0.2004680 secs] [Times: user=1.86 sys=0.02, real=0.20 secs] 
72331.127: [GC[YG occupancy: 248629 K (2534400 K)]72331.128: [Rescan (parallel) , 0.0436560 secs]72331.171: [weak refs processing, 0.0028390 secs] [1 CMS-remark: 6020999K(8448000K)] 6269629K(10982400K), 0.0471220 secs] [Times: user=0.79 sys=0.01, real=0.05 secs] 
72343.161: [GC 72343.162: [ParNew: 2440473K->123654K(2534400K), 0.1027240 secs] 7561463K->5244644K(10982400K), 0.1044290 secs] [Times: user=1.81 sys=0.01, real=0.11 secs] 
72343.271: [GC [1 CMS-initial-mark: 5120990K(8448000K)] 5244676K(10982400K), 0.1223420 secs] [Times: user=0.12 sys=0.00, real=0.13 secs] 
72347.275: [GC 72347.276: [ParNew: 2376454K->129876K(2534400K), 0.0881690 secs] 7497444K->5250866K(10982400K), 0.0898590 secs] [Times: user=1.74 sys=0.00, real=0.09 secs] 
72349.933: [GC[YG occupancy: 1266498 K (2534400 K)]72349.933: [Rescan (parallel) , 0.3107790 secs]72350.244: [weak refs processing, 0.0014300 secs] [1 CMS-remark: 5120990K(8448000K)] 6387488K(10982400K), 0.3128880 secs] [Times: user=6.35 sys=0.03, real=0.32 secs] 
72353.539: [GC 72353.539: [ParNew: 2382676K->131960K(2534400K), 0.0909720 secs] 7495509K->5244793K(10982400K), 0.0926350 secs] [Times: user=1.70 sys=0.00, real=0.09 secs] 
72357.138: [GC [1 CMS-initial-mark: 5096599K(8448000K)] 7057319K(10982400K), 1.4025760 secs] [Times: user=1.41 sys=0.00, real=1.40 secs] 
72359.216: [GC 72359.217: [ParNew: 2384760K->98912K(2534400K), 0.1468320 secs] 7481359K->5262500K(10982400K), 0.1485920 secs] [Times: user=1.72 sys=0.01, real=0.15 secs] 
72367.752: [GC[YG occupancy: 1432871 K (2534400 K)]72367.753: [Rescan (parallel) , 0.9901430 secs]72368.743: [weak refs processing, 0.0013810 secs] [1 CMS-remark: 5163588K(8448000K)] 6596459K(10982400K), 0.9925490 secs] [Times: user=19.84 sys=0.08, real=0.99 secs] 
72370.798: [GC 72370.799: [ParNew: 2351712K->56724K(2534400K), 0.0758380 secs] 7513497K->5227776K(10982400K), 0.0784300 secs] [Times: user=0.66 sys=0.00, real=0.08 secs] 
72375.991: [GC [1 CMS-initial-mark: 5165017K(8448000K)] 5979811K(10982400K), 0.7100600 secs] [Times: user=0.71 sys=0.00, real=0.71 secs] 
72383.703: [GC 72383.704: [ParNew: 2309524K->47952K(2534400K), 0.0538240 secs] 7474541K->5216552K(10982400K), 0.0563420 secs] [Times: user=0.53 sys=0.00, real=0.06 secs] 
72384.477: [GC[YG occupancy: 207101 K (2534400 K)]72384.478: [Rescan (parallel) , 0.0319140 secs]72384.510: [weak refs processing, 0.0018820 secs] [1 CMS-remark: 5168599K(8448000K)] 5375700K(10982400K), 0.0347470 secs] [Times: user=0.63 sys=0.01, real=0.04 secs] 
72391.550: [GC [1 CMS-initial-mark: 5161195K(8448000K)] 6765124K(10982400K), 1.0022080 secs] [Times: user=1.00 sys=0.00, real=1.01 secs] 
72393.537: [GC 72393.538: [ParNew: 2300752K->74663K(2534400K), 0.0491400 secs] 7461948K->5237688K(10982400K), 0.0517450 secs] [Times: user=0.65 sys=0.00, real=0.05 secs] 
72400.125: [GC 72400.127: [ParNew: 2327463K->56966K(2534400K), 0.0431320 secs] 7490488K->5223602K(10982400K), 0.0457070 secs] [Times: user=0.48 sys=0.00, real=0.05 secs] 
72400.552: [GC[YG occupancy: 163094 K (2534400 K)]72400.553: [Rescan (parallel) , 0.0360420 secs]72400.589: [weak refs processing, 0.0016500 secs] [1 CMS-remark: 5166636K(8448000K)] 5329730K(10982400K), 0.0386290 secs] [Times: user=0.72 sys=0.00, real=0.04 secs] 
72407.724: [GC [1 CMS-initial-mark: 5157536K(8448000K)] 7078570K(10982400K), 1.0782340 secs] [Times: user=1.08 sys=0.00, real=1.08 secs] 
72409.961: [GC 72409.963: [ParNew: 2309766K->63856K(2534400K), 0.0441620 secs] 7467302K->5224911K(10982400K), 0.0464380 secs] [Times: user=0.62 sys=0.00, real=0.05 secs] 
72416.822: [GC[YG occupancy: 1738861 K (2534400 K)]72416.823: [Rescan (parallel) , 0.9126690 secs]72417.736: [weak refs processing, 0.0016680 secs] [1 CMS-remark: 5161055K(8448000K)] 6899917K(10982400K), 0.9152920 secs] [Times: user=18.38 sys=0.09, real=0.92 secs] 
72419.557: [GC 72419.558: [ParNew: 2316656K->57109K(2534400K), 0.0453790 secs] 7476396K->5224297K(10982400K), 0.0476620 secs] [Times: user=0.51 sys=0.01, real=0.05 secs] 
72425.141: [GC [1 CMS-initial-mark: 5161439K(8448000K)] 6593125K(10982400K), 0.9791060 secs] [Times: user=0.98 sys=0.00, real=0.98 secs] 
72428.317: [GC 72428.318: [ParNew: 2309881K->110712K(2534400K), 0.1060010 secs] 7471321K->5278631K(10982400K), 0.1083400 secs] [Times: user=0.68 sys=0.00, real=0.11 secs] 
72433.777: [GC 72433.779: [ParNew: 2363508K->127703K(2534400K), 0.1134120 secs] 7531428K->5297171K(10982400K), 0.1160890 secs] [Times: user=0.59 sys=0.00, real=0.11 secs] 
72434.486: [GC[YG occupancy: 431007 K (2534400 K)]72434.486: [Rescan (parallel) , 0.1553460 secs]72434.642: [weak refs processing, 0.0015350 secs] [1 CMS-remark: 5169468K(8448000K)] 5600475K(10982400K), 0.1578350 secs] [Times: user=3.13 sys=0.02, real=0.16 secs] 
72437.500: [GC 72437.501: [ParNew: 2380503K->151360K(2534400K), 0.1643210 secs] 7546413K->5322857K(10982400K), 0.1669030 secs] [Times: user=0.63 sys=0.02, real=0.17 secs] 
72442.320: [GC [1 CMS-initial-mark: 5165512K(8448000K)] 6034577K(10982400K), 0.7931320 secs] [Times: user=0.80 sys=0.00, real=0.79 secs] 
72451.057: [GC[YG occupancy: 2046062 K (2534400 K)]72451.057: [Rescan (parallel) , 1.6428290 secs]72452.700: [weak refs processing, 0.0015530 secs] [1 CMS-remark: 5165512K(8448000K)] 7211575K(10982400K), 1.6453030 secs] [Times: user=33.14 sys=0.12, real=1.65 secs] 
72455.084: [GC 72455.086: [ParNew: 2404160K->55688K(2534400K), 0.0646030 secs] 7525798K->5181512K(10982400K), 0.0674790 secs] [Times: user=0.59 sys=0.00, real=0.07 secs] 
72474.303: [GC 72474.304: [ParNew: 2308488K->111787K(2534400K), 0.0614510 secs] 6876857K->4682941K(10982400K), 0.0637720 secs] [Times: user=0.62 sys=0.00, real=0.06 secs] 
72487.003: [GC 72487.004: [ParNew: 2364587K->165141K(2534400K), 0.0745270 secs] 6935741K->4741195K(10982400K), 0.0768560 secs] [Times: user=0.94 sys=0.00, real=0.08 secs] 
72490.981: [GC 72490.982: [ParNew: 2417944K->141470K(2534400K), 0.0565830 secs] 6993999K->4718142K(10982400K), 0.0590350 secs] [Times: user=0.71 sys=0.00, real=0.06 secs] 
72491.048: [GC 72491.049: [ParNew: 147014K->124796K(2534400K), 0.0496400 secs] 4723686K->4710663K(10982400K), 0.0517700 secs] [Times: user=0.74 sys=0.01, real=0.05 secs] 
72494.710: [GC 72494.711: [ParNew: 2377596K->89251K(2534400K), 0.1260300 secs] 6963463K->4731641K(10982400K), 0.1286140 secs] [Times: user=0.73 sys=0.02, real=0.13 secs] 
72511.666: [GC 72511.667: [ParNew: 2342051K->44377K(2534400K), 0.0624530 secs] 6984441K->4694440K(10982400K), 0.0647680 secs] [Times: user=0.51 sys=0.01, real=0.07 secs] 
72528.075: [GC 72528.077: [ParNew: 2297177K->61472K(2534400K), 0.0519600 secs] 6947240K->4712554K(10982400K), 0.0542890 secs] [Times: user=0.51 sys=0.00, real=0.05 secs] 
72540.942: [GC 72540.944: [ParNew: 2314272K->281600K(2534400K), 1.3457120 secs] 6965354K->5283572K(10982400K), 1.3480650 secs] [Times: user=17.97 sys=0.11, real=1.35 secs] 
72545.816: [GC 72545.818: [ParNew: 2534400K->281600K(2534400K), 0.6580140 secs] 7536372K->5679031K(10982400K), 0.6606110 secs] [Times: user=9.44 sys=0.02, real=0.66 secs] 
72546.486: [GC [1 CMS-initial-mark: 5397431K(8448000K)] 5679108K(10982400K), 0.2626510 secs] [Times: user=0.26 sys=0.00, real=0.26 secs] 
72549.254: [GC 72549.255: [ParNew: 2534399K->268345K(2534400K), 0.2812780 secs] 7931831K->5947923K(10982400K), 0.2835200 secs] [Times: user=2.92 sys=0.04, real=0.28 secs] 
72551.828: [GC 72551.829: [ParNew: 2521145K->234287K(2534400K), 0.1553550 secs] 8200723K->6072651K(10982400K), 0.1576390 secs] [Times: user=1.94 sys=0.02, real=0.16 secs] 
72553.526: [GC[YG occupancy: 1499206 K (2534400 K)]72553.527: [Rescan (parallel) , 0.7997830 secs]72554.327: [weak refs processing, 0.1335860 secs] [1 CMS-remark: 5838363K(8448000K)] 7337570K(10982400K), 0.9344910 secs] [Times: user=16.32 sys=0.06, real=0.93 secs] 
72561.882: [GC 72561.883: [ParNew: 2487087K->168800K(2534400K), 0.2365270 secs] 8265845K->6098446K(10982400K), 0.2389080 secs] [Times: user=1.74 sys=0.02, real=0.24 secs] 
72562.128: [GC [1 CMS-initial-mark: 5929645K(8448000K)] 6099401K(10982400K), 0.1598270 secs] [Times: user=0.16 sys=0.00, real=0.16 secs] 
72570.228: [GC[YG occupancy: 1028125 K (2534400 K)]72570.229: [Rescan (parallel) , 0.6486520 secs]72570.878: [weak refs processing, 0.0034190 secs] [1 CMS-remark: 5929645K(8448000K)] 6957770K(10982400K), 0.6531440 secs] [Times: user=13.04 sys=0.06, real=0.65 secs] 
72582.673: [GC 72582.674: [ParNew: 2421600K->201777K(2534400K), 0.1406970 secs] 7454944K->5235121K(10982400K), 0.1433210 secs] [Times: user=2.39 sys=0.01, real=0.14 secs] 
72598.737: [GC 72598.738: [ParNew: 2454577K->143782K(2534400K), 0.2235950 secs] 7487921K->5290108K(10982400K), 0.2258900 secs] [Times: user=2.34 sys=0.01, real=0.23 secs] 
72598.971: [GC [1 CMS-initial-mark: 5146326K(8448000K)] 5290349K(10982400K), 0.0931700 secs] [Times: user=0.10 sys=0.00, real=0.10 secs] 
72607.064: [GC[YG occupancy: 1298662 K (2534400 K)]72607.065: [Rescan (parallel) , 0.8216650 secs]72607.886: [weak refs processing, 0.0023820 secs] [1 CMS-remark: 5146326K(8448000K)] 6444989K(10982400K), 0.8249570 secs] [Times: user=16.57 sys=0.09, real=0.82 secs] 
72611.967: [GC 72611.968: [ParNew: 2396582K->69161K(2534400K), 0.0656460 secs] 7533590K->5206169K(10982400K), 0.0679800 secs] [Times: user=0.65 sys=0.00, real=0.07 secs] 
72615.940: [GC [1 CMS-initial-mark: 5131145K(8448000K)] 5874178K(10982400K), 0.5005200 secs] [Times: user=0.51 sys=0.00, real=0.50 secs] 
72619.784: [GC 72619.785: [ParNew: 2321961K->65850K(2534400K), 0.0448270 secs] 7453106K->5196995K(10982400K), 0.0471130 secs] [Times: user=0.62 sys=0.00, real=0.05 secs] 
72622.028: [GC[YG occupancy: 1424883 K (2534400 K)]72622.029: [Rescan (parallel) , 0.1590250 secs]72622.188: [weak refs processing, 0.0013640 secs] [1 CMS-remark: 5131145K(8448000K)] 6556028K(10982400K), 0.1613860 secs] [Times: user=3.29 sys=0.01, real=0.16 secs] 
72624.758: [GC 72624.760: [ParNew: 2318650K->78466K(2534400K), 0.0547430 secs] 7447412K->5217223K(10982400K), 0.0578270 secs] [Times: user=0.58 sys=0.00, real=0.06 secs] 
72629.023: [GC [1 CMS-initial-mark: 5129996K(8448000K)] 6163959K(10982400K), 0.6255450 secs] [Times: user=0.62 sys=0.00, real=0.63 secs] 
72634.242: [GC 72634.243: [ParNew: 2331266K->56539K(2534400K), 0.0520410 secs] 7461263K->5193752K(10982400K), 0.0547350 secs] [Times: user=0.51 sys=0.00, real=0.06 secs] 
72637.378: [GC[YG occupancy: 707549 K (2534400 K)]72637.379: [Rescan (parallel) , 0.0691360 secs]72637.448: [weak refs processing, 0.0010290 secs] [1 CMS-remark: 5137212K(8448000K)] 5844762K(10982400K), 0.0711660 secs] [Times: user=1.41 sys=0.01, real=0.07 secs] 
72643.741: [GC 72643.743: [ParNew: 2309339K->50092K(2534400K), 0.0541050 secs] 7440325K->5186773K(10982400K), 0.0566020 secs] [Times: user=0.62 sys=0.01, real=0.06 secs] 
72643.806: [GC [1 CMS-initial-mark: 5136680K(8448000K)] 5186798K(10982400K), 0.0862530 secs] [Times: user=0.08 sys=0.01, real=0.09 secs] 
72651.028: [GC 72651.030: [ParNew: 2302892K->40404K(2534400K), 0.0443710 secs] 7439573K->5180422K(10982400K), 0.0466560 secs] [Times: user=0.61 sys=0.00, real=0.05 secs] 
72651.717: [GC[YG occupancy: 281380 K (2534400 K)]72651.717: [Rescan (parallel) , 0.0809360 secs]72651.798: [weak refs processing, 0.0010530 secs] [1 CMS-remark: 5140018K(8448000K)] 5421398K(10982400K), 0.0829130 secs] [Times: user=1.65 sys=0.01, real=0.09 secs] 
72658.887: [GC 72658.889: [ParNew: 2293204K->48095K(2534400K), 0.0479470 secs] 7424741K->5183555K(10982400K), 0.0505590 secs] [Times: user=0.63 sys=0.01, real=0.05 secs] 
72658.946: [GC [1 CMS-initial-mark: 5135460K(8448000K)] 5183569K(10982400K), 0.0853390 secs] [Times: user=0.08 sys=0.00, real=0.09 secs] 
72666.696: [GC[YG occupancy: 1685282 K (2534400 K)]72666.697: [Rescan (parallel) , 1.2260320 secs]72667.923: [weak refs processing, 0.0011360 secs] [1 CMS-remark: 5135460K(8448000K)] 6820743K(10982400K), 1.2280760 secs] [Times: user=24.63 sys=0.09, real=1.23 secs] 
72670.395: [GC 72670.396: [ParNew: 2300895K->50281K(2534400K), 0.0641100 secs] 7434739K->5189771K(10982400K), 0.0665520 secs] [Times: user=0.69 sys=0.00, real=0.07 secs] 
72674.865: [GC [1 CMS-initial-mark: 5135087K(8448000K)] 5938266K(10982400K), 0.7435850 secs] [Times: user=0.74 sys=0.01, real=0.74 secs] 
72683.340: [GC[YG occupancy: 2126410 K (2534400 K)]72683.341: [Rescan (parallel) , 1.6835700 secs]72685.025: [weak refs processing, 0.0017080 secs] [1 CMS-remark: 5135087K(8448000K)] 7261497K(10982400K), 1.6863360 secs] [Times: user=33.55 sys=0.15, real=1.69 secs] 
72685.194: [GC 72685.195: [ParNew: 2303081K->55507K(2534400K), 0.0831100 secs] 7436718K->5194479K(10982400K), 0.0857590 secs] [Times: user=0.66 sys=0.00, real=0.09 secs] 
72703.375: [GC 72703.377: [ParNew: 2308307K->63026K(2534400K), 0.0610570 secs] 6880480K->4636589K(10982400K), 0.0641110 secs] [Times: user=0.59 sys=0.00, real=0.07 secs] 
72718.049: [GC 72718.050: [ParNew: 2315826K->64609K(2534400K), 0.0694730 secs] 6889389K->4642422K(10982400K), 0.0718940 secs] [Times: user=0.58 sys=0.00, real=0.08 secs] 
72733.170: [GC 72733.172: [ParNew: 2317409K->96238K(2534400K), 0.1083470 secs] 6895222K->4678575K(10982400K), 0.1109110 secs] [Times: user=0.71 sys=0.00, real=0.12 secs] 
72737.445: [GC 72737.446: [ParNew: 2349038K->73212K(2534400K), 0.0849680 secs] 6931375K->4662968K(10982400K), 0.0874320 secs] [Times: user=0.73 sys=0.00, real=0.09 secs] 
72740.509: [GC 72740.510: [ParNew: 2326012K->59552K(2534400K), 0.0746890 secs] 6915768K->4658866K(10982400K), 0.0769080 secs] [Times: user=0.69 sys=0.01, real=0.08 secs] 
72749.634: [GC 72749.635: [ParNew: 2312352K->55005K(2534400K), 0.0715420 secs] 6911666K->4662754K(10982400K), 0.0738280 secs] [Times: user=0.68 sys=0.01, real=0.08 secs] 
72756.796: [GC 72756.797: [ParNew: 2307805K->45806K(2534400K), 0.0466500 secs] 6915554K->4658993K(10982400K), 0.0489880 secs] [Times: user=0.59 sys=0.00, real=0.05 secs] 
72772.191: [GC 72772.192: [ParNew: 2298606K->66364K(2534400K), 0.0539930 secs] 6911793K->4680574K(10982400K), 0.0563910 secs] [Times: user=0.56 sys=0.01, real=0.05 secs] 
72788.862: [GC 72788.863: [ParNew: 2319164K->70734K(2534400K), 0.0674190 secs] 6933374K->4692289K(10982400K), 0.0697160 secs] [Times: user=0.61 sys=0.00, real=0.07 secs] 
72805.304: [GC 72805.305: [ParNew: 2323523K->79265K(2534400K), 0.0645960 secs] 6945078K->4704269K(10982400K), 0.0669050 secs] [Times: user=0.55 sys=0.00, real=0.06 secs] 
72815.829: [GC 72815.830: [ParNew: 2332065K->74814K(2534400K), 0.0593570 secs] 6957069K->4706339K(10982400K), 0.0616520 secs] [Times: user=0.68 sys=0.01, real=0.06 secs] 
72836.809: [GC 72836.810: [ParNew: 2327614K->89558K(2534400K), 0.0658960 secs] 6959139K->4727946K(10982400K), 0.0683320 secs] [Times: user=0.59 sys=0.01, real=0.07 secs] 
72856.083: [GC 72856.084: [ParNew: 2342358K->99659K(2534400K), 0.0877680 secs] 6980746K->4749362K(10982400K), 0.0901410 secs] [Times: user=0.75 sys=0.01, real=0.09 secs] 
72876.339: [GC 72876.340: [ParNew: 2352459K->83203K(2534400K), 0.0874320 secs] 7002162K->4740837K(10982400K), 0.0899260 secs] [Times: user=0.75 sys=0.00, real=0.09 secs] 
72881.338: [GC 72881.339: [ParNew: 2336003K->73536K(2534400K), 0.0465510 secs] 6993637K->4736942K(10982400K), 0.0489370 secs] [Times: user=0.57 sys=0.01, real=0.05 secs] 
72899.249: [GC 72899.250: [ParNew: 2326273K->75193K(2534400K), 0.0829730 secs] 6989679K->4750406K(10982400K), 0.0852800 secs] [Times: user=0.75 sys=0.00, real=0.08 secs] 
72913.612: [GC 72913.614: [ParNew: 2327993K->65779K(2534400K), 0.0722620 secs] 7003206K->4751752K(10982400K), 0.0745740 secs] [Times: user=0.70 sys=0.00, real=0.07 secs] 
72933.336: [GC 72933.337: [ParNew: 2318579K->68708K(2534400K), 0.0750300 secs] 7004552K->4762542K(10982400K), 0.0773770 secs] [Times: user=0.70 sys=0.01, real=0.08 secs] 
72945.604: [GC 72945.605: [ParNew: 2321508K->281600K(2534400K), 0.1182260 secs] 7015342K->4987058K(10982400K), 0.1205340 secs] [Times: user=1.48 sys=0.01, real=0.12 secs] 
72948.221: [GC 72948.222: [ParNew: 2534400K->214099K(2534400K), 0.5717640 secs] 7239858K->5182729K(10982400K), 0.5740220 secs] [Times: user=3.32 sys=0.13, real=0.58 secs] 
72958.768: [GC 72958.769: [ParNew: 2466899K->245906K(2534400K), 0.0510880 secs] 7435529K->5214536K(10982400K), 0.0535740 secs] [Times: user=0.77 sys=0.01, real=0.05 secs] 
72964.833: [GC 72964.834: [ParNew: 2498706K->161668K(2534400K), 0.1801580 secs] 7467336K->5261578K(10982400K), 0.1829280 secs] [Times: user=1.17 sys=0.03, real=0.18 secs] 
72965.024: [GC [1 CMS-initial-mark: 5099910K(8448000K)] 5261669K(10982400K), 0.0855200 secs] [Times: user=0.08 sys=0.00, real=0.09 secs] 
72972.825: [GC[YG occupancy: 1508132 K (2534400 K)]72972.825: [Rescan (parallel) , 0.9319790 secs]72973.757: [weak refs processing, 0.0289270 secs] [1 CMS-remark: 5099910K(8448000K)] 6608042K(10982400K), 0.9622050 secs] [Times: user=18.58 sys=0.07, real=0.96 secs] 
72981.780: [GC 72981.782: [ParNew: 2414468K->76897K(2534400K), 0.0660370 secs] 7185981K->4848410K(10982400K), 0.0686750 secs] [Times: user=0.75 sys=0.00, real=0.07 secs] 
72998.879: [GC 72998.881: [ParNew: 2329697K->97547K(2534400K), 0.0794000 secs] 7101210K->4869060K(10982400K), 0.0817140 secs] [Times: user=0.73 sys=0.00, real=0.09 secs] 
73007.580: [GC 73007.581: [ParNew: 2350347K->65113K(2534400K), 0.0671030 secs] 7121860K->4856677K(10982400K), 0.0694410 secs] [Times: user=0.79 sys=0.01, real=0.07 secs] 
73018.455: [GC 73018.456: [ParNew: 2317913K->69746K(2534400K), 0.0494110 secs] 7109477K->4864800K(10982400K), 0.0516950 secs] [Times: user=0.56 sys=0.01, real=0.05 secs] 
73032.346: [GC 73032.347: [ParNew: 2322546K->61575K(2534400K), 0.0732460 secs] 7117600K->4866932K(10982400K), 0.0755390 secs] [Times: user=0.68 sys=0.00, real=0.08 secs] 
73057.523: [GC 73057.524: [ParNew: 2314375K->79200K(2534400K), 0.0785860 secs] 7119732K->4891992K(10982400K), 0.0809020 secs] [Times: user=0.73 sys=0.00, real=0.08 secs] 
73079.169: [GC 73079.170: [ParNew: 2332000K->86739K(2534400K), 0.0708680 secs] 7144792K->4904704K(10982400K), 0.0734290 secs] [Times: user=0.70 sys=0.00, real=0.07 secs] 
73094.903: [GC 73094.904: [ParNew: 2339539K->162227K(2534400K), 0.0706150 secs] 7157504K->4987061K(10982400K), 0.0729300 secs] [Times: user=0.73 sys=0.00, real=0.07 secs] 
73098.916: [GC 73098.917: [ParNew: 2415027K->281600K(2534400K), 0.5547860 secs] 7239861K->5259800K(10982400K), 0.5573790 secs] [Times: user=7.76 sys=0.04, real=0.56 secs] 
73105.760: [GC 73105.761: [ParNew: 2534326K->240781K(2534400K), 0.1842020 secs] 7512526K->5326159K(10982400K), 0.1867950 secs] [Times: user=1.19 sys=0.02, real=0.18 secs] 
73105.955: [GC [1 CMS-initial-mark: 5085378K(8448000K)] 5326271K(10982400K), 0.1101910 secs] [Times: user=0.11 sys=0.01, real=0.11 secs] 
73113.928: [GC[YG occupancy: 2450476 K (2534400 K)]73113.929: [Rescan (parallel) , 1.2543630 secs]73115.183: [weak refs processing, 0.0114900 secs] [1 CMS-remark: 5085378K(8448000K)] 7535854K(10982400K), 1.2668820 secs] [Times: user=25.49 sys=0.08, real=1.27 secs] 
73115.216: [GC 73115.217: [ParNew: 2493581K->113958K(2534400K), 0.0437820 secs] 7578876K->5199253K(10982400K), 0.0460760 secs] [Times: user=0.67 sys=0.00, real=0.05 secs] 
73122.788: [GC 73122.789: [ParNew: 2366758K->142110K(2534400K), 0.0469590 secs] 7093005K->4868357K(10982400K), 0.0495460 secs] [Times: user=0.67 sys=0.00, real=0.05 secs] 
73137.912: [GC 73137.914: [ParNew: 2394910K->144551K(2534400K), 0.0542780 secs] 7121157K->4870798K(10982400K), 0.0566900 secs] [Times: user=0.73 sys=0.00, real=0.06 secs] 
73148.004: [GC 73148.005: [ParNew: 2397351K->96846K(2534400K), 0.1024030 secs] 7123598K->4883081K(10982400K), 0.1046820 secs] [Times: user=0.64 sys=0.01, real=0.11 secs] 
73162.740: [GC 73162.742: [ParNew: 2349646K->72294K(2534400K), 0.0757830 secs] 7135881K->4869067K(10982400K), 0.0784060 secs] [Times: user=0.62 sys=0.00, real=0.08 secs] 
73179.985: [GC 73179.986: [ParNew: 2325094K->83094K(2534400K), 0.0672780 secs] 7121867K->4882389K(10982400K), 0.0697710 secs] [Times: user=0.58 sys=0.00, real=0.07 secs] 
73187.768: [GC 73187.769: [ParNew: 2335894K->184293K(2534400K), 0.0737660 secs] 7135189K->4991653K(10982400K), 0.0760360 secs] [Times: user=1.23 sys=0.00, real=0.08 secs] 
73202.667: [GC 73202.668: [ParNew: 2436981K->138731K(2534400K), 0.0824240 secs] 7244340K->4970090K(10982400K), 0.0846890 secs] [Times: user=0.61 sys=0.01, real=0.08 secs] 
73212.260: [GC 73212.261: [ParNew: 2391531K->51301K(2534400K), 0.0490940 secs] 7222890K->4882660K(10982400K), 0.0513650 secs] [Times: user=0.55 sys=0.00, real=0.05 secs] 
73226.791: [GC 73226.792: [ParNew: 2304084K->90228K(2534400K), 0.0619300 secs] 7135444K->4921588K(10982400K), 0.0647010 secs] [Times: user=0.64 sys=0.01, real=0.06 secs] 
73230.667: [GC 73230.668: [ParNew: 2343028K->281600K(2534400K), 0.4932910 secs] 7174388K->5234109K(10982400K), 0.4958730 secs] [Times: user=7.11 sys=0.03, real=0.50 secs] 
73238.001: [GC 73238.002: [ParNew: 2534400K->228436K(2534400K), 0.1698250 secs] 7486909K->5278251K(10982400K), 0.1720700 secs] [Times: user=1.37 sys=0.02, real=0.17 secs] 
73251.037: [GC 73251.038: [ParNew: 2481236K->201077K(2534400K), 0.0601130 secs] 7531051K->5250891K(10982400K), 0.0627090 secs] [Times: user=0.77 sys=0.00, real=0.06 secs] 
73259.225: [GC 73259.227: [ParNew: 2453877K->223239K(2534400K), 0.0526430 secs] 7503691K->5273053K(10982400K), 0.0552720 secs] [Times: user=0.88 sys=0.00, real=0.05 secs] 
73266.263: [GC 73266.264: [ParNew: 2476039K->138412K(2534400K), 0.1572360 secs] 7525853K->5298121K(10982400K), 0.1595040 secs] [Times: user=0.95 sys=0.01, real=0.16 secs] 
73266.431: [GC [1 CMS-initial-mark: 5159708K(8448000K)] 5301697K(10982400K), 0.0844960 secs] [Times: user=0.08 sys=0.00, real=0.09 secs] 
73274.747: [GC[YG occupancy: 2284943 K (2534400 K)]73274.748: [Rescan (parallel) , 1.3583920 secs]73276.107: [weak refs processing, 0.0144690 secs] [1 CMS-remark: 5159708K(8448000K)] 7444652K(10982400K), 1.3739490 secs] [Times: user=27.30 sys=0.11, real=1.37 secs] 
73276.185: [GC 73276.186: [ParNew: 2391212K->68951K(2534400K), 0.0483490 secs] 7550362K->5228101K(10982400K), 0.0506570 secs] [Times: user=0.54 sys=0.00, real=0.05 secs] 
73297.133: [GC 73297.134: [ParNew: 2321751K->89534K(2534400K), 0.0670490 secs] 6928297K->4705657K(10982400K), 0.0687570 secs] [Times: user=0.64 sys=0.00, real=0.07 secs] 
73313.006: [GC 73313.007: [ParNew: 2342334K->71899K(2534400K), 0.0636010 secs] 6958457K->4693088K(10982400K), 0.0652860 secs] [Times: user=0.60 sys=0.00, real=0.07 secs] 
73328.191: [GC 73328.192: [ParNew: 2324699K->81913K(2534400K), 0.0679620 secs] 6945888K->4707565K(10982400K), 0.0698490 secs] [Times: user=0.68 sys=0.00, real=0.08 secs] 
73347.848: [GC 73347.849: [ParNew: 2334713K->91525K(2534400K), 0.0619380 secs] 6960365K->4721988K(10982400K), 0.0636440 secs] [Times: user=0.61 sys=0.01, real=0.06 secs] 
73366.958: [GC 73366.959: [ParNew: 2344325K->96185K(2534400K), 0.0690260 secs] 6974788K->4737596K(10982400K), 0.0707290 secs] [Times: user=0.61 sys=0.00, real=0.08 secs] 
73384.393: [GC 73384.394: [ParNew: 2348985K->94446K(2534400K), 0.0640770 secs] 6990396K->4745863K(10982400K), 0.0657950 secs] [Times: user=0.63 sys=0.01, real=0.06 secs] 
73393.059: [GC 73393.060: [ParNew: 2347246K->87885K(2534400K), 0.0556150 secs] 6998663K->4747375K(10982400K), 0.0572950 secs] [Times: user=0.60 sys=0.00, real=0.06 secs] 
73409.704: [GC 73409.705: [ParNew: 2340685K->83867K(2534400K), 0.0759260 secs] 7000175K->4754521K(10982400K), 0.0784140 secs] [Times: user=0.63 sys=0.01, real=0.08 secs] 
73427.712: [GC 73427.714: [ParNew: 2336667K->92243K(2534400K), 0.0737620 secs] 7007321K->4771756K(10982400K), 0.0763940 secs] [Times: user=0.64 sys=0.01, real=0.08 secs] 
73441.743: [GC 73441.744: [ParNew: 2345043K->281600K(2534400K), 1.0799520 secs] 7024556K->5249032K(10982400K), 1.0822460 secs] [Times: user=15.21 sys=0.12, real=1.08 secs] 
73445.234: [GC 73445.236: [ParNew: 2534400K->227368K(2534400K), 0.4634510 secs] 7501832K->5471447K(10982400K), 0.4657080 secs] [Times: user=3.01 sys=0.03, real=0.47 secs] 
73445.708: [GC [1 CMS-initial-mark: 5244079K(8448000K)] 5474077K(10982400K), 0.1552920 secs] [Times: user=0.15 sys=0.00, real=0.16 secs] 
73448.395: [GC 73448.396: [ParNew: 2480168K->281600K(2534400K), 0.0915250 secs] 7724247K->5529748K(10982400K), 0.0940560 secs] [Times: user=1.34 sys=0.00, real=0.09 secs] 
73455.633: [GC[YG occupancy: 1653922 K (2534400 K)]73455.634: [Rescan (parallel) , 0.1855800 secs]73455.819: [weak refs processing, 0.0255290 secs] [1 CMS-remark: 5248148K(8448000K)] 6902071K(10982400K), 0.2123290 secs] [Times: user=3.85 sys=0.02, real=0.21 secs] 
73461.300: [GC [1 CMS-initial-mark: 5140376K(8448000K)] 7393079K(10982400K), 1.4323230 secs] [Times: user=1.43 sys=0.00, real=1.44 secs] 
73465.410: [GC 73465.411: [ParNew: 2534400K->243752K(2534400K), 0.2235320 secs] 7674776K->5502485K(10982400K), 0.2258200 secs] [Times: user=1.65 sys=0.02, real=0.23 secs] 
73471.210: [GC[YG occupancy: 956142 K (2534400 K)]73471.211: [Rescan (parallel) , 0.1630480 secs]73471.374: [weak refs processing, 0.0016780 secs] [1 CMS-remark: 5258733K(8448000K)] 6214875K(10982400K), 0.1657670 secs] [Times: user=3.37 sys=0.01, real=0.17 secs] 
73478.604: [GC 73478.605: [ParNew: 2496552K->177996K(2534400K), 0.1784120 secs] 7231436K->5035817K(10982400K), 0.1807180 secs] [Times: user=1.07 sys=0.01, real=0.19 secs] 
73485.170: [GC 73485.171: [ParNew: 2430796K->74026K(2534400K), 0.0498290 secs] 7288617K->4931848K(10982400K), 0.0521230 secs] [Times: user=0.87 sys=0.00, real=0.05 secs] 
73492.798: [GC 73492.799: [ParNew: 2326826K->83135K(2534400K), 0.0510840 secs] 7184648K->4940956K(10982400K), 0.0536170 secs] [Times: user=0.88 sys=0.00, real=0.05 secs] 
73505.150: [GC 73505.152: [ParNew: 2335935K->70429K(2534400K), 0.0906340 secs] 7193756K->4955704K(10982400K), 0.0930470 secs] [Times: user=0.93 sys=0.00, real=0.09 secs] 
73519.255: [GC 73519.256: [ParNew: 2323222K->62585K(2534400K), 0.0623530 secs] 7208497K->4955493K(10982400K), 0.0646460 secs] [Times: user=0.58 sys=0.00, real=0.06 secs] 
73525.392: [GC 73525.394: [ParNew: 2315385K->58938K(2534400K), 0.0572410 secs] 7208293K->4957633K(10982400K), 0.0598230 secs] [Times: user=0.57 sys=0.01, real=0.06 secs] 
73537.544: [GC 73537.546: [ParNew: 2311738K->217823K(2534400K), 0.0720300 secs] 7210433K->5120804K(10982400K), 0.0746490 secs] [Times: user=1.07 sys=0.00, real=0.07 secs] 
73546.986: [GC 73546.987: [ParNew: 2470623K->159262K(2534400K), 0.0723630 secs] 7373604K->5091454K(10982400K), 0.0746520 secs] [Times: user=0.55 sys=0.01, real=0.07 secs] 
73563.602: [GC 73563.603: [ParNew: 2412062K->54995K(2534400K), 0.0591730 secs] 7344254K->4987187K(10982400K), 0.0614680 secs] [Times: user=0.59 sys=0.00, real=0.06 secs] 
73580.774: [GC 73580.776: [ParNew: 2307795K->76788K(2534400K), 0.0718840 secs] 7239987K->5008980K(10982400K), 0.0745020 secs] [Times: user=0.63 sys=0.00, real=0.07 secs] 
73594.111: [GC 73594.112: [ParNew: 2329588K->138681K(2534400K), 0.0513720 secs] 7261780K->5070873K(10982400K), 0.0536990 secs] [Times: user=0.75 sys=0.01, real=0.06 secs] 
73613.890: [GC 73613.891: [ParNew: 2391481K->188261K(2534400K), 0.0667070 secs] 7323673K->5126515K(10982400K), 0.0691530 secs] [Times: user=0.79 sys=0.00, real=0.07 secs] 
73625.378: [GC 73625.379: [ParNew: 2441061K->120614K(2534400K), 0.0694290 secs] 7379315K->5070114K(10982400K), 0.0719920 secs] [Times: user=0.58 sys=0.00, real=0.07 secs] 
73631.934: [GC 73631.935: [ParNew: 2373414K->63591K(2534400K), 0.0514570 secs] 7322914K->5020431K(10982400K), 0.0537540 secs] [Times: user=0.58 sys=0.01, real=0.05 secs] 
73648.343: [GC 73648.345: [ParNew: 2316391K->62637K(2534400K), 0.0558160 secs] 7273231K->5024689K(10982400K), 0.0584480 secs] [Times: user=0.53 sys=0.00, real=0.06 secs] 
73666.257: [GC 73666.258: [ParNew: 2315437K->70467K(2534400K), 0.0673180 secs] 7277489K->5042948K(10982400K), 0.0696520 secs] [Times: user=0.67 sys=0.01, real=0.07 secs] 
73684.459: [GC 73684.460: [ParNew: 2323267K->74354K(2534400K), 0.0807490 secs] 7295748K->5052177K(10982400K), 0.0830720 secs] [Times: user=0.62 sys=0.00, real=0.08 secs] 
73696.371: [GC 73696.373: [ParNew: 2327154K->281600K(2534400K), 0.1203970 secs] 7304977K->5273406K(10982400K), 0.1227140 secs] [Times: user=1.41 sys=0.01, real=0.12 secs] 
73703.954: [GC 73703.955: [ParNew: 2534400K->220330K(2534400K), 0.1040800 secs] 7526206K->5276286K(10982400K), 0.1063540 secs] [Times: user=1.07 sys=0.02, real=0.11 secs] 
73717.640: [GC 73717.642: [ParNew: 2473077K->166213K(2534400K), 0.0489630 secs] 7529033K->5222169K(10982400K), 0.0512670 secs] [Times: user=0.63 sys=0.01, real=0.06 secs] 
73732.944: [GC 73732.946: [ParNew: 2419013K->184956K(2534400K), 0.0549520 secs] 7474969K->5240912K(10982400K), 0.0574030 secs] [Times: user=0.75 sys=0.00, real=0.05 secs] 
73748.274: [GC 73748.275: [ParNew: 2437756K->215438K(2534400K), 0.0681760 secs] 7493712K->5271394K(10982400K), 0.0704690 secs] [Times: user=0.74 sys=0.00, real=0.07 secs] 
73774.031: [GC 73774.033: [ParNew: 2468238K->133564K(2534400K), 0.1352270 secs] 7524194K->5283903K(10982400K), 0.1378840 secs] [Times: user=0.83 sys=0.01, real=0.14 secs] 
73774.178: [GC [1 CMS-initial-mark: 5150339K(8448000K)] 5284062K(10982400K), 0.0924610 secs] [Times: user=0.09 sys=0.00, real=0.10 secs] 
73781.983: [GC[YG occupancy: 1979307 K (2534400 K)]73781.984: [Rescan (parallel) , 1.3351180 secs]73783.319: [weak refs processing, 0.0258190 secs] [1 CMS-remark: 5150339K(8448000K)] 7129646K(10982400K), 1.3621840 secs] [Times: user=26.71 sys=0.09, real=1.36 secs] 
73785.200: [GC 73785.201: [ParNew: 2386364K->65607K(2534400K), 0.0501670 secs] 7406191K->5091835K(10982400K), 0.0524660 secs] [Times: user=0.55 sys=0.01, real=0.06 secs] 
73805.741: [GC 73805.742: [ParNew: 2318407K->225858K(2534400K), 0.0811950 secs] 6962337K->4875603K(10982400K), 0.0835260 secs] [Times: user=1.02 sys=0.00, real=0.09 secs] 
73809.494: [GC 73809.495: [ParNew: 2478658K->160628K(2534400K), 0.0832240 secs] 7128403K->4849419K(10982400K), 0.0854760 secs] [Times: user=0.81 sys=0.01, real=0.09 secs] 
73820.177: [GC 73820.178: [ParNew: 2413428K->152521K(2534400K), 0.0473590 secs] 7102219K->4841313K(10982400K), 0.0499660 secs] [Times: user=0.72 sys=0.00, real=0.05 secs] 
73838.941: [GC 73838.942: [ParNew: 2405321K->221421K(2534400K), 0.0657550 secs] 7094113K->4910212K(10982400K), 0.0683800 secs] [Times: user=0.84 sys=0.00, real=0.07 secs] 
73846.549: [GC 73846.550: [ParNew: 2474221K->281600K(2534400K), 1.5778560 secs] 7163012K->5484825K(10982400K), 1.5802610 secs] [Times: user=22.60 sys=0.05, real=1.58 secs] 
73848.139: [GC [1 CMS-initial-mark: 5203225K(8448000K)] 5498342K(10982400K), 0.3044820 secs] [Times: user=0.31 sys=0.00, real=0.31 secs] 
73857.613: [GC[YG occupancy: 2288427 K (2534400 K)]73857.614: [Rescan (parallel) , 1.7674690 secs]73859.381: [weak refs processing, 0.0956360 secs] [1 CMS-remark: 5203225K(8448000K)] 7491652K(10982400K), 1.8642430 secs] [Times: user=35.83 sys=0.14, real=1.86 secs] 
73860.254: [GC 73860.255: [ParNew: 2534400K->263335K(2534400K), 0.4806880 secs] 7721916K->5708767K(10982400K), 0.4830010 secs] [Times: user=8.08 sys=0.01, real=0.48 secs] 
73866.757: [GC [1 CMS-initial-mark: 5263639K(8448000K)] 6124702K(10982400K), 0.7391400 secs] [Times: user=0.74 sys=0.00, real=0.74 secs] 
73875.345: [GC[YG occupancy: 2105134 K (2534400 K)]73875.346: [Rescan (parallel) , 1.6335490 secs]73876.979: [weak refs processing, 0.0025780 secs] [1 CMS-remark: 5263639K(8448000K)] 7368773K(10982400K), 1.6371610 secs] [Times: user=32.90 sys=0.13, real=1.64 secs] 
73879.684: [GC 73879.685: [ParNew: 2516135K->193047K(2534400K), 0.3691670 secs] 7681118K->5519229K(10982400K), 0.3714700 secs] [Times: user=1.65 sys=0.02, real=0.38 secs] 
73885.251: [GC [1 CMS-initial-mark: 5116565K(8448000K)] 5698769K(10982400K), 0.3806500 secs] [Times: user=0.39 sys=0.00, real=0.38 secs] 
73890.565: [GC 73890.566: [ParNew: 2445847K->281600K(2534400K), 0.0898190 secs] 7562413K->5407403K(10982400K), 0.0924220 secs] [Times: user=1.22 sys=0.00, real=0.10 secs] 
73893.559: [GC[YG occupancy: 1070630 K (2534400 K)]73893.560: [Rescan (parallel) , 0.9152220 secs]73894.475: [weak refs processing, 0.0017830 secs] [1 CMS-remark: 5125803K(8448000K)] 6196433K(10982400K), 0.9180020 secs] [Times: user=18.40 sys=0.09, real=0.91 secs] 
73901.411: [GC 73901.412: [ParNew: 2534400K->225474K(2534400K), 0.2313010 secs] 7293525K->5103522K(10982400K), 0.2339190 secs] [Times: user=1.06 sys=0.02, real=0.23 secs] 
73905.682: [GC 73905.683: [ParNew: 2478274K->64023K(2534400K), 0.0345440 secs] 7198298K->4784048K(10982400K), 0.0368270 secs] [Times: user=0.53 sys=0.01, real=0.03 secs] 
73910.365: [GC 73910.367: [ParNew: 2307459K->50437K(2534400K), 0.0346110 secs] 7027483K->4770461K(10982400K), 0.0372140 secs] [Times: user=0.52 sys=0.00, real=0.04 secs] 
73924.411: [GC 73924.412: [ParNew: 2303237K->65282K(2534400K), 0.0483120 secs] 7023261K->4785306K(10982400K), 0.0506320 secs] [Times: user=0.65 sys=0.00, real=0.05 secs] 
73931.091: [GC 73931.093: [ParNew: 2318082K->53218K(2534400K), 0.0879640 secs] 7038106K->4794695K(10982400K), 0.0905670 secs] [Times: user=0.66 sys=0.01, real=0.09 secs] 
73948.102: [GC 73948.103: [ParNew: 2306018K->52126K(2534400K), 0.0548290 secs] 7047495K->4795316K(10982400K), 0.0574760 secs] [Times: user=0.63 sys=0.01, real=0.06 secs] 
73967.473: [GC 73967.474: [ParNew: 2304926K->65073K(2534400K), 0.0605250 secs] 7048116K->4810223K(10982400K), 0.0631340 secs] [Times: user=0.55 sys=0.01, real=0.06 secs] 
73984.826: [GC 73984.827: [ParNew: 2317873K->65724K(2534400K), 0.0617290 secs] 7063023K->4816158K(10982400K), 0.0643550 secs] [Times: user=0.59 sys=0.01, real=0.06 secs] 
73997.644: [GC 73997.645: [ParNew: 2318524K->76114K(2534400K), 0.0614930 secs] 7068958K->4829729K(10982400K), 0.0638080 secs] [Times: user=0.58 sys=0.00, real=0.06 secs] 
74015.683: [GC 74015.684: [ParNew: 2328914K->233691K(2534400K), 0.0789780 secs] 7082529K->4997076K(10982400K), 0.0812990 secs] [Times: user=1.06 sys=0.00, real=0.08 secs] 
74020.910: [GC 74020.911: [ParNew: 2486491K->281600K(2534400K), 1.6359370 secs] 7249876K->5585519K(10982400K), 1.6382110 secs] [Times: user=21.01 sys=0.14, real=1.64 secs] 
74022.557: [GC [1 CMS-initial-mark: 5303919K(8448000K)] 5585797K(10982400K), 0.2623250 secs] [Times: user=0.26 sys=0.00, real=0.27 secs] 
74025.608: [GC 74025.609: [ParNew: 2534400K->253029K(2534400K), 0.2579380 secs] 7838319K->5836283K(10982400K), 0.2603790 secs] [Times: user=3.15 sys=0.03, real=0.26 secs] 
74028.118: [GC[YG occupancy: 1623181 K (2534400 K)]74028.119: [Rescan (parallel) , 1.1189330 secs]74029.238: [weak refs processing, 0.0393900 secs] [1 CMS-remark: 5583253K(8448000K)] 7206435K(10982400K), 1.1593250 secs] [Times: user=22.69 sys=0.06, real=1.16 secs] 
74031.859: [GC 74031.860: [ParNew: 2505829K->205704K(2534400K), 0.2667540 secs] 8050184K->5930983K(10982400K), 0.2689970 secs] [Times: user=2.11 sys=0.02, real=0.26 secs] 
74037.272: [GC [1 CMS-initial-mark: 5593623K(8448000K)] 7303604K(10982400K), 1.1688350 secs] [Times: user=1.18 sys=0.00, real=1.17 secs] 
74042.397: [GC 74042.398: [ParNew: 2458504K->206416K(2534400K), 0.0511320 secs] 8052128K->5800039K(10982400K), 0.0537470 secs] [Times: user=0.80 sys=0.00, real=0.06 secs] 
74046.968: [GC[YG occupancy: 808227 K (2534400 K)]74046.969: [Rescan (parallel) , 0.2029480 secs]74047.172: [weak refs processing, 0.0019420 secs] [1 CMS-remark: 5593623K(8448000K)] 6401850K(10982400K), 0.2058080 secs] [Times: user=4.10 sys=0.01, real=0.21 secs] 
74054.127: [GC 74054.128: [ParNew: 2459216K->233416K(2534400K), 0.0717550 secs] 7415869K->5190069K(10982400K), 0.0743990 secs] [Times: user=0.87 sys=0.00, real=0.07 secs] 
74070.300: [GC 74070.427: [ParNew: 2486216K->143454K(2534400K), 0.2669780 secs] 7404074K->5174574K(10982400K), 0.2693000 secs] [Times: user=1.22 sys=0.02, real=0.40 secs] 
74088.463: [GC 74088.465: [ParNew: 2396254K->95561K(2534400K), 0.0559910 secs] 7427374K->5126682K(10982400K), 0.0585960 secs] [Times: user=0.63 sys=0.00, real=0.06 secs] 
74103.511: [GC 74103.512: [ParNew: 2348361K->121096K(2534400K), 0.0763750 secs] 7379482K->5160965K(10982400K), 0.0790140 secs] [Times: user=0.77 sys=0.00, real=0.08 secs] 
74115.355: [GC 74115.357: [ParNew: 2373896K->112002K(2534400K), 0.2082640 secs] 7413765K->5163300K(10982400K), 0.2109140 secs] [Times: user=0.74 sys=0.01, real=0.21 secs] 
74133.260: [GC 74133.261: [ParNew: 2364802K->110142K(2534400K), 0.0802010 secs] 7416100K->5175933K(10982400K), 0.0824740 secs] [Times: user=0.70 sys=0.00, real=0.08 secs] 
74148.774: [GC 74148.775: [ParNew: 2362942K->104693K(2534400K), 0.0736860 secs] 7428733K->5186590K(10982400K), 0.0761980 secs] [Times: user=0.66 sys=0.01, real=0.08 secs] 
74148.859: [GC [1 CMS-initial-mark: 5081896K(8448000K)] 5186598K(10982400K), 0.1155080 secs] [Times: user=0.12 sys=0.00, real=0.11 secs] 
74156.755: [GC[YG occupancy: 1468531 K (2534400 K)]74156.756: [Rescan (parallel) , 1.1110910 secs]74157.867: [weak refs processing, 0.0075960 secs] [1 CMS-remark: 5081896K(8448000K)] 6550428K(10982400K), 1.1196430 secs] [Times: user=22.49 sys=0.10, real=1.12 secs] 
74159.495: [GC 74159.496: [ParNew: 2357493K->111097K(2534400K), 0.0722880 secs] 7417881K->5185756K(10982400K), 0.0748800 secs] [Times: user=0.67 sys=0.00, real=0.08 secs] 
74168.360: [GC 74168.362: [ParNew: 2363897K->90445K(2534400K), 0.0630020 secs] 7377214K->5114424K(10982400K), 0.0656140 secs] [Times: user=0.58 sys=0.00, real=0.06 secs] 
74179.947: [GC 74179.948: [ParNew: 2343245K->74447K(2534400K), 0.0840360 secs] 7367224K->5113528K(10982400K), 0.0863580 secs] [Times: user=0.73 sys=0.01, real=0.09 secs] 
74192.273: [GC 74192.274: [ParNew: 2327247K->72320K(2534400K), 0.0687080 secs] 7366328K->5124857K(10982400K), 0.0713210 secs] [Times: user=0.55 sys=0.00, real=0.08 secs] 
74205.557: [GC 74205.558: [ParNew: 2325120K->77179K(2534400K), 0.0625040 secs] 7377657K->5138793K(10982400K), 0.0648260 secs] [Times: user=0.63 sys=0.01, real=0.06 secs] 
74216.652: [GC 74216.654: [ParNew: 2329979K->105719K(2534400K), 0.0913430 secs] 7391593K->5175613K(10982400K), 0.0939650 secs] [Times: user=0.66 sys=0.01, real=0.09 secs] 
74216.756: [GC [1 CMS-initial-mark: 5069893K(8448000K)] 5196327K(10982400K), 0.1123130 secs] [Times: user=0.11 sys=0.00, real=0.12 secs] 
74223.784: [GC 74223.785: [ParNew: 2358519K->183589K(2534400K), 0.1564530 secs] 7428413K->5262639K(10982400K), 0.1590490 secs] [Times: user=0.70 sys=0.00, real=0.16 secs] 
74224.925: [GC[YG occupancy: 664122 K (2534400 K)]74224.926: [Rescan (parallel) , 0.2449400 secs]74225.171: [weak refs processing, 0.0041960 secs] [1 CMS-remark: 5079049K(8448000K)] 5743172K(10982400K), 0.2499770 secs] [Times: user=4.93 sys=0.02, real=0.25 secs] 
74228.293: [GC 74228.295: [ParNew: 2436389K->140521K(2534400K), 0.1421200 secs] 7484891K->5209284K(10982400K), 0.1444060 secs] [Times: user=0.61 sys=0.01, real=0.14 secs] 
74232.236: [GC 74232.237: [ParNew: 2393321K->114849K(2534400K), 0.0978880 secs] 7429010K->5150537K(10982400K), 0.1001580 secs] [Times: user=0.70 sys=0.00, real=0.10 secs] 
74235.697: [GC 74235.698: [ParNew: 2367649K->89922K(2534400K), 0.1149570 secs] 7403337K->5134972K(10982400K), 0.1175640 secs] [Times: user=0.56 sys=0.00, real=0.12 secs] 
74240.774: [GC 74240.775: [ParNew: 2341972K->104852K(2534400K), 0.1054790 secs] 7387023K->5157507K(10982400K), 0.1076970 secs] [Times: user=0.57 sys=0.01, real=0.11 secs] 
74248.959: [GC 74248.960: [ParNew: 2357652K->45185K(2534400K), 0.0470890 secs] 7410307K->5102234K(10982400K), 0.0493610 secs] [Times: user=0.48 sys=0.01, real=0.05 secs] 
74267.293: [GC 74267.294: [ParNew: 2297985K->63344K(2534400K), 0.0618600 secs] 7355034K->5123325K(10982400K), 0.0644480 secs] [Times: user=0.65 sys=0.01, real=0.07 secs] 
74283.913: [GC 74283.914: [ParNew: 2316144K->88002K(2534400K), 0.0601600 secs] 7376125K->5151032K(10982400K), 0.0624480 secs] [Times: user=0.61 sys=0.00, real=0.06 secs] 
74292.037: [GC 74292.038: [ParNew: 2340802K->153255K(2534400K), 0.0759620 secs] 7403832K->5220232K(10982400K), 0.0782270 secs] [Times: user=0.87 sys=0.01, real=0.08 secs] 
74295.746: [GC 74295.747: [ParNew: 2406055K->171172K(2534400K), 0.1203170 secs] 7473032K->5244919K(10982400K), 0.1229040 secs] [Times: user=0.64 sys=0.01, real=0.12 secs] 
74295.876: [GC [1 CMS-initial-mark: 5073747K(8448000K)] 5245306K(10982400K), 0.1443920 secs] [Times: user=0.14 sys=0.00, real=0.15 secs] 
74300.192: [GC 74300.193: [ParNew: 2423972K->107016K(2534400K), 0.0932670 secs] 7497719K->5194075K(10982400K), 0.0954870 secs] [Times: user=0.73 sys=0.01, real=0.09 secs] 
74303.525: [GC[YG occupancy: 1486676 K (2534400 K)]74303.526: [Rescan (parallel) , 0.2376450 secs]74303.764: [weak refs processing, 0.0379680 secs] [1 CMS-remark: 5087059K(8448000K)] 6573735K(10982400K), 0.2766690 secs] [Times: user=4.94 sys=0.02, real=0.28 secs] 
74305.197: [GC 74305.198: [ParNew: 2359816K->281600K(2534400K), 0.9493880 secs] 7392843K->5535895K(10982400K), 0.9518240 secs] [Times: user=9.10 sys=0.04, real=0.95 secs] 
74308.118: [GC 74308.119: [ParNew: 2534400K->281599K(2534400K), 0.7030980 secs] 7686329K->5732493K(10982400K), 0.7053280 secs] [Times: user=3.70 sys=0.03, real=0.71 secs] 
74314.319: [GC [1 CMS-initial-mark: 5111775K(8448000K)] 7433785K(10982400K), 1.8550680 secs] [Times: user=1.86 sys=0.00, real=1.86 secs] 
74316.435: [GC 74316.436: [ParNew: 2534399K->111220K(2534400K), 0.2244690 secs] 7646175K->5349088K(10982400K), 0.2268150 secs] [Times: user=1.57 sys=0.01, real=0.22 secs] 
74325.151: [GC[YG occupancy: 1006666 K (2534400 K)]74325.152: [Rescan (parallel) , 0.8132400 secs]74325.966: [weak refs processing, 0.0032710 secs] [1 CMS-remark: 5237868K(8448000K)] 6244534K(10982400K), 0.8175620 secs] [Times: user=16.38 sys=0.06, real=0.82 secs] 
74336.031: [GC 74336.032: [ParNew: 2364020K->161015K(2534400K), 0.0545450 secs] 7144616K->4941611K(10982400K), 0.0568710 secs] [Times: user=0.64 sys=0.01, real=0.06 secs] 
74349.448: [GC 74349.450: [ParNew: 2413815K->179463K(2534400K), 0.0537700 secs] 7194411K->4960059K(10982400K), 0.0561550 secs] [Times: user=0.73 sys=0.00, real=0.05 secs] 
74357.661: [GC 74357.662: [ParNew: 2432263K->187595K(2534400K), 0.0524460 secs] 7212859K->4968191K(10982400K), 0.0547500 secs] [Times: user=0.83 sys=0.00, real=0.05 secs] 
74367.784: [GC 74367.785: [ParNew: 2440395K->112181K(2534400K), 0.1505730 secs] 7220991K->4964832K(10982400K), 0.1529830 secs] [Times: user=0.80 sys=0.01, real=0.15 secs] 
74384.289: [GC 74384.290: [ParNew: 2364981K->281600K(2534400K), 0.2964480 secs] 7217632K->5201221K(10982400K), 0.2989550 secs] [Times: user=3.35 sys=0.01, real=0.30 secs] 
74387.674: [GC 74387.675: [ParNew: 2534400K->281600K(2534400K), 0.6945720 secs] 7454021K->5485204K(10982400K), 0.6971170 secs] [Times: user=3.33 sys=0.04, real=0.69 secs] 
74388.381: [GC [1 CMS-initial-mark: 5203604K(8448000K)] 5485214K(10982400K), 0.2387030 secs] [Times: user=0.24 sys=0.00, real=0.24 secs] 
74398.163: [GC[YG occupancy: 1520129 K (2534400 K)]74398.164: [Rescan (parallel) , 1.1045640 secs]74399.268: [weak refs processing, 0.0062600 secs] [1 CMS-remark: 5203604K(8448000K)] 6723734K(10982400K), 1.1117770 secs] [Times: user=22.23 sys=0.09, real=1.12 secs] 
74408.147: [GC 74408.148: [ParNew: 2534400K->281600K(2534400K), 0.5611960 secs] 7425484K->5427809K(10982400K), 0.5635000 secs] [Times: user=2.95 sys=0.02, real=0.56 secs] 
74408.719: [GC [1 CMS-initial-mark: 5146209K(8448000K)] 5428183K(10982400K), 0.1072950 secs] [Times: user=0.11 sys=0.00, real=0.11 secs] 
74416.775: [GC[YG occupancy: 2057737 K (2534400 K)]74416.776: [Rescan (parallel) , 1.4877780 secs]74418.264: [weak refs processing, 0.0027200 secs] [1 CMS-remark: 5146209K(8448000K)] 7203947K(10982400K), 1.4915510 secs] [Times: user=30.10 sys=0.12, real=1.49 secs] 
74420.990: [GC 74420.991: [ParNew: 2534400K->124052K(2534400K), 0.0996960 secs] 7530931K->5120584K(10982400K), 0.1023290 secs] [Times: user=1.20 sys=0.00, real=0.10 secs] 
74427.829: [GC 74427.830: [ParNew: 2376852K->96611K(2534400K), 0.0642920 secs] 7162911K->4882670K(10982400K), 0.0665600 secs] [Times: user=1.20 sys=0.00, real=0.07 secs] 
74432.182: [GC 74432.183: [ParNew: 2349411K->87924K(2534400K), 0.0668720 secs] 7135470K->4873983K(10982400K), 0.0694320 secs] [Times: user=1.22 sys=0.00, real=0.07 secs] 
74452.459: [GC 74452.460: [ParNew: 2340724K->69924K(2534400K), 0.1235700 secs] 7126783K->4898432K(10982400K), 0.1260850 secs] [Times: user=1.08 sys=0.00, real=0.13 secs] 
74458.436: [GC 74458.437: [ParNew: 2322724K->281600K(2534400K), 0.8700530 secs] 7151232K->5362905K(10982400K), 0.8726330 secs] [Times: user=12.34 sys=0.02, real=0.87 secs] 
74459.318: [GC [1 CMS-initial-mark: 5081305K(8448000K)] 5383529K(10982400K), 0.2541380 secs] [Times: user=0.25 sys=0.00, real=0.25 secs] 
74468.211: [GC[YG occupancy: 2476870 K (2534400 K)]74468.212: [Rescan (parallel) , 1.7208790 secs]74469.933: [weak refs processing, 0.0044380 secs] [1 CMS-remark: 5081305K(8448000K)] 7558176K(10982400K), 1.7264020 secs] [Times: user=34.79 sys=0.14, real=1.73 secs] 
74470.022: [GC 74470.023: [ParNew: 2534400K->221469K(2534400K), 0.1948600 secs] 7615292K->5405654K(10982400K), 0.1972660 secs] [Times: user=1.50 sys=0.01, real=0.20 secs] 
74487.192: [GC 74487.193: [ParNew: 2474269K->276184K(2534400K), 0.0746010 secs] 7413882K->5215796K(10982400K), 0.0772320 secs] [Times: user=0.89 sys=0.00, real=0.08 secs] 
74496.103: [GC 74496.104: [ParNew: 2528984K->168516K(2534400K), 0.2189430 secs] 7468597K->5232635K(10982400K), 0.2215560 secs] [Times: user=1.04 sys=0.01, real=0.22 secs] 
74496.335: [GC 74496.336: [ParNew: 168589K->79992K(2534400K), 0.0251300 secs] 5232708K->5144111K(10982400K), 0.0279780 secs] [Times: user=0.50 sys=0.01, real=0.03 secs] 
74507.040: [GC 74507.041: [ParNew: 2332792K->83250K(2534400K), 0.0417470 secs] 7396911K->5147369K(10982400K), 0.0442220 secs] [Times: user=0.57 sys=0.01, real=0.05 secs] 
74515.488: [GC 74515.489: [ParNew: 2336050K->61033K(2534400K), 0.0574390 secs] 7400169K->5161532K(10982400K), 0.0600650 secs] [Times: user=0.46 sys=0.01, real=0.06 secs] 
74515.556: [GC [1 CMS-initial-mark: 5100498K(8448000K)] 5161612K(10982400K), 0.0737710 secs] [Times: user=0.08 sys=0.00, real=0.07 secs] 
74521.651: [GC 74521.652: [ParNew: 2313833K->37291K(2534400K), 0.0436690 secs] 7414332K->5141843K(10982400K), 0.0461250 secs] [Times: user=0.61 sys=0.00, real=0.05 secs] 
74523.269: [GC[YG occupancy: 571017 K (2534400 K)]74523.270: [Rescan (parallel) , 0.1336240 secs]74523.403: [weak refs processing, 0.0047770 secs] [1 CMS-remark: 5104551K(8448000K)] 5675568K(10982400K), 0.1392520 secs] [Times: user=2.76 sys=0.02, real=0.14 secs] 
74529.411: [GC 74529.412: [ParNew: 2290091K->40510K(2534400K), 0.0484020 secs] 7177327K->4927745K(10982400K), 0.0509530 secs] [Times: user=0.66 sys=0.00, real=0.05 secs] 
74546.209: [GC 74546.210: [ParNew: 2293310K->47819K(2534400K), 0.0566900 secs] 7180545K->4942039K(10982400K), 0.0592950 secs] [Times: user=0.58 sys=0.00, real=0.06 secs] 
74551.919: [GC 74551.920: [ParNew: 2300619K->281600K(2534400K), 0.6266260 secs] 7194839K->5337872K(10982400K), 0.6288890 secs] [Times: user=8.45 sys=0.08, real=0.62 secs] 
74555.189: [GC 74555.190: [ParNew: 2534400K->253871K(2534400K), 0.5446150 secs] 7590672K->5588214K(10982400K), 0.5470290 secs] [Times: user=3.20 sys=0.04, real=0.54 secs] 
74555.746: [GC [1 CMS-initial-mark: 5334343K(8448000K)] 5608149K(10982400K), 0.2090070 secs] [Times: user=0.21 sys=0.00, real=0.21 secs] 
74558.234: [GC 74558.235: [ParNew: 2506671K->203726K(2534400K), 0.2283850 secs] 7841014K->5735552K(10982400K), 0.2305900 secs] [Times: user=2.06 sys=0.02, real=0.23 secs] 
74565.134: [GC[YG occupancy: 1159740 K (2534400 K)]74565.135: [Rescan (parallel) , 0.1644590 secs]74565.299: [weak refs processing, 0.0036850 secs] [1 CMS-remark: 5531826K(8448000K)] 6691566K(10982400K), 0.1690930 secs] [Times: user=3.42 sys=0.01, real=0.17 secs] 
74569.653: [GC 74569.655: [ParNew: 2456526K->281600K(2534400K), 0.4981600 secs] 7824125K->5774917K(10982400K), 0.5005960 secs] [Times: user=7.39 sys=0.02, real=0.50 secs] 
74573.496: [GC [1 CMS-initial-mark: 5347379K(8448000K)] 7593671K(10982400K), 1.9560600 secs] [Times: user=1.95 sys=0.00, real=1.96 secs] 
74576.446: [GC 74576.447: [ParNew: 2534400K->254191K(2534400K), 0.2253340 secs] 7881779K->5739782K(10982400K), 0.2276200 secs] [Times: user=2.05 sys=0.02, real=0.23 secs] 
74585.650: [GC[YG occupancy: 2004976 K (2534400 K)]74585.651: [Rescan (parallel) , 1.4631800 secs]74587.114: [weak refs processing, 0.0020000 secs] [1 CMS-remark: 5485591K(8448000K)] 7490567K(10982400K), 1.4661120 secs] [Times: user=29.56 sys=0.10, real=1.47 secs] 
74588.571: [GC 74588.572: [ParNew: 2506993K->249267K(2534400K), 0.2838360 secs] 7909724K->5805252K(10982400K), 0.2863280 secs] [Times: user=2.62 sys=0.01, real=0.29 secs] 
74588.866: [GC 74588.867: [ParNew: 249422K->110933K(2534400K), 0.0946780 secs] 5805399K->5666910K(10982400K), 0.0969470 secs] [Times: user=2.14 sys=0.00, real=0.10 secs] 
74595.660: [GC [1 CMS-initial-mark: 5211150K(8448000K)] 5928631K(10982400K), 0.6302140 secs] [Times: user=0.64 sys=0.00, real=0.63 secs] 
74604.245: [GC[YG occupancy: 2350148 K (2534400 K)]74604.246: [Rescan (parallel) , 1.3677650 secs]74605.614: [weak refs processing, 0.0026850 secs] [1 CMS-remark: 5211150K(8448000K)] 7561298K(10982400K), 1.3715380 secs] [Times: user=27.67 sys=0.08, real=1.38 secs] 
74605.635: [GC 74605.637: [ParNew: 2363733K->90183K(2534400K), 0.0470330 secs] 7574875K->5301326K(10982400K), 0.0497200 secs] [Times: user=0.60 sys=0.01, real=0.05 secs] 
74614.736: [GC [1 CMS-initial-mark: 5075636K(8448000K)] 7279682K(10982400K), 1.1166010 secs] [Times: user=1.12 sys=0.00, real=1.12 secs] 
74616.051: [GC 74616.052: [ParNew: 2342983K->113510K(2534400K), 0.0520410 secs] 7418620K->5189146K(10982400K), 0.0545580 secs] [Times: user=0.74 sys=0.00, real=0.05 secs] 
74623.797: [GC[YG occupancy: 1259854 K (2534400 K)]74623.798: [Rescan (parallel) , 0.6246840 secs]74624.423: [weak refs processing, 0.0022000 secs] [1 CMS-remark: 5075636K(8448000K)] 6335490K(10982400K), 0.6279630 secs] [Times: user=12.65 sys=0.05, real=0.63 secs] 
74635.718: [GC 74635.719: [ParNew: 2366310K->73883K(2534400K), 0.0612070 secs] 7273812K->4985284K(10982400K), 0.0636070 secs] [Times: user=0.55 sys=0.01, real=0.07 secs] 
74647.490: [GC 74647.491: [ParNew: 2326683K->281600K(2534400K), 0.9807800 secs] 7238084K->5400354K(10982400K), 0.9834610 secs] [Times: user=10.63 sys=0.04, real=0.99 secs] 
74648.483: [GC [1 CMS-initial-mark: 5118754K(8448000K)] 5416571K(10982400K), 0.2388580 secs] [Times: user=0.24 sys=0.00, real=0.23 secs] 
74651.669: [GC 74651.670: [ParNew: 2534400K->265960K(2534400K), 0.4516270 secs] 7653154K->5662984K(10982400K), 0.4538550 secs] [Times: user=3.74 sys=0.02, real=0.45 secs] 
74656.982: [GC[YG occupancy: 1090039 K (2534400 K)]74656.983: [Rescan (parallel) , 0.1640950 secs]74657.147: [weak refs processing, 0.0025200 secs] [1 CMS-remark: 5397024K(8448000K)] 6487064K(10982400K), 0.1675220 secs] [Times: user=3.41 sys=0.01, real=0.17 secs] 
74672.931: [GC 74672.932: [ParNew: 2518760K->211992K(2534400K), 0.3345570 secs] 7580627K->5475194K(10982400K), 0.3370410 secs] [Times: user=1.75 sys=0.02, real=0.34 secs] 
74673.276: [GC [1 CMS-initial-mark: 5263201K(8448000K)] 5475335K(10982400K), 0.1303610 secs] [Times: user=0.13 sys=0.00, real=0.13 secs] 
74681.093: [GC[YG occupancy: 771807 K (2534400 K)]74681.094: [Rescan (parallel) , 0.1522050 secs]74681.246: [weak refs processing, 0.0024530 secs] [1 CMS-remark: 5263201K(8448000K)] 6035009K(10982400K), 0.1555640 secs] [Times: user=3.17 sys=0.02, real=0.16 secs] 
74687.251: [GC 74687.253: [ParNew: 2464792K->101803K(2534400K), 0.0532190 secs] 7294384K->4931395K(10982400K), 0.0555690 secs] [Times: user=0.66 sys=0.00, real=0.05 secs] 
74698.773: [GC 74698.775: [ParNew: 2354603K->104947K(2534400K), 0.0469670 secs] 7184195K->4934539K(10982400K), 0.0493190 secs] [Times: user=0.66 sys=0.00, real=0.05 secs] 
74704.694: [GC 74704.695: [ParNew: 2357747K->281600K(2534400K), 0.4027350 secs] 7187339K->5205282K(10982400K), 0.4050880 secs] [Times: user=6.10 sys=0.02, real=0.40 secs] 
74707.382: [GC 74707.383: [ParNew: 2534400K->231136K(2534400K), 0.6684890 secs] 7458082K->5433265K(10982400K), 0.6710730 secs] [Times: user=2.69 sys=0.05, real=0.67 secs] 
74708.064: [GC [1 CMS-initial-mark: 5202129K(8448000K)] 5433328K(10982400K), 0.1438120 secs] [Times: user=0.14 sys=0.00, real=0.14 secs] 
74712.538: [GC 74712.556: [ParNew: 2483936K->281600K(2534400K), 0.0818420 secs] 7686065K->5490495K(10982400K), 0.0846640 secs] [Times: user=1.37 sys=0.00, real=0.10 secs] 
74716.191: [GC[YG occupancy: 1259349 K (2534400 K)]74716.191: [Rescan (parallel) , 0.4682790 secs]74716.660: [weak refs processing, 0.0051180 secs] [1 CMS-remark: 5208895K(8448000K)] 6468244K(10982400K), 0.4744050 secs] [Times: user=9.51 sys=0.05, real=0.48 secs] 
74724.430: [GC 74724.431: [ParNew: 2534400K->260208K(2534400K), 0.4259390 secs] 7424351K->5389807K(10982400K), 0.4282980 secs] [Times: user=3.06 sys=0.02, real=0.43 secs] 
74724.866: [GC [1 CMS-initial-mark: 5129598K(8448000K)] 5389936K(10982400K), 0.1589150 secs] [Times: user=0.16 sys=0.00, real=0.16 secs] 
74732.630: [GC[YG occupancy: 958332 K (2534400 K)]74732.631: [Rescan (parallel) , 0.6063910 secs]74733.237: [weak refs processing, 0.0194940 secs] [1 CMS-remark: 5129598K(8448000K)] 6087930K(10982400K), 0.6268630 secs] [Times: user=12.37 sys=0.04, real=0.63 secs] 
74753.676: [GC 74753.677: [ParNew: 2513008K->140534K(2534400K), 0.0729430 secs] 7341932K->4969457K(10982400K), 0.0756110 secs] [Times: user=0.66 sys=0.00, real=0.08 secs] 
74766.315: [GC 74766.316: [ParNew: 2393334K->281600K(2534400K), 2.0813850 secs] 7222257K->5746062K(10982400K), 2.0840400 secs] [Times: user=32.02 sys=0.05, real=2.08 secs] 
74768.409: [GC [1 CMS-initial-mark: 5464462K(8448000K)] 5746115K(10982400K), 0.2309430 secs] [Times: user=0.23 sys=0.00, real=0.24 secs] 
74771.171: [GC 74771.173: [ParNew: 2534400K->281600K(2534400K), 0.2788600 secs] 7998862K->6008778K(10982400K), 0.2815210 secs] [Times: user=3.06 sys=0.03, real=0.29 secs] 
74774.124: [GC[YG occupancy: 2289174 K (2534400 K)]74774.125: [Rescan (parallel) , 1.1258040 secs]74775.251: [weak refs processing, 0.0038870 secs] [1 CMS-remark: 5727178K(8448000K)] 8016352K(10982400K), 1.1306800 secs] [Times: user=22.82 sys=0.08, real=1.13 secs] 
74775.532: [GC 74775.534: [ParNew: 2534400K->281600K(2534400K), 0.2090820 secs] 8259948K->6214822K(10982400K), 0.2116340 secs] [Times: user=2.49 sys=0.01, real=0.21 secs] 
74778.603: [GC 74778.604: [ParNew: 2534400K->235616K(2534400K), 0.2545950 secs] 8402878K->6291786K(10982400K), 0.2569530 secs] [Times: user=2.21 sys=0.02, real=0.26 secs] 
74783.511: [GC [1 CMS-initial-mark: 5915308K(8448000K)] 6731305K(10982400K), 0.7693150 secs] [Times: user=0.77 sys=0.00, real=0.77 secs] 
74792.967: [GC[YG occupancy: 1670017 K (2534400 K)]74792.968: [Rescan (parallel) , 1.2270960 secs]74794.195: [weak refs processing, 0.0019980 secs] [1 CMS-remark: 5915308K(8448000K)] 7585325K(10982400K), 1.2300990 secs] [Times: user=24.79 sys=0.12, real=1.23 secs] 
74805.561: [GC 74805.563: [ParNew: 2488416K->203808K(2534400K), 0.3646310 secs] 7648574K->5553329K(10982400K), 0.3669380 secs] [Times: user=1.84 sys=0.02, real=0.37 secs] 
74811.913: [GC [1 CMS-initial-mark: 5152141K(8448000K)] 5972448K(10982400K), 0.5867790 secs] [Times: user=0.59 sys=0.00, real=0.59 secs] 
74815.878: [GC 74815.879: [ParNew: 2456608K->70270K(2534400K), 0.0595790 secs] 7608750K->5222411K(10982400K), 0.0612580 secs] [Times: user=0.87 sys=0.00, real=0.07 secs] 
74820.411: [GC[YG occupancy: 913739 K (2534400 K)]74820.411: [Rescan (parallel) , 0.1168900 secs]74820.528: [weak refs processing, 0.0016060 secs] [1 CMS-remark: 5152141K(8448000K)] 6065881K(10982400K), 0.1192220 secs] [Times: user=2.40 sys=0.01, real=0.12 secs] 
74825.470: [GC 74825.471: [ParNew: 2323070K->281600K(2534400K), 0.4108130 secs] 7470338K->5518937K(10982400K), 0.4125540 secs] [Times: user=5.98 sys=0.01, real=0.41 secs] 
74827.615: [GC [1 CMS-initial-mark: 5233440K(8448000K)] 6782432K(10982400K), 1.1373890 secs] [Times: user=1.14 sys=0.01, real=1.14 secs] 
74830.396: [GC 74830.397: [ParNew: 2534400K->281600K(2534400K), 0.6614450 secs] 7767840K->5868169K(10982400K), 0.6630740 secs] [Times: user=7.86 sys=0.03, real=0.66 secs] 
74838.644: [GC 74838.645: [ParNew: 2534400K->280804K(2534400K), 0.2642140 secs] 8120969K->6188487K(10982400K), 0.2659670 secs] [Times: user=3.76 sys=0.02, real=0.26 secs] 
74839.620: [GC[YG occupancy: 611660 K (2534400 K)]74839.621: [Rescan (parallel) , 0.0694500 secs]74839.690: [weak refs processing, 0.0009600 secs] [1 CMS-remark: 5907683K(8448000K)] 6519343K(10982400K), 0.0710480 secs] [Times: user=1.42 sys=0.01, real=0.07 secs] 
74846.782: [GC 74846.783: [ParNew: 2533604K->265204K(2534400K), 0.3441040 secs] 8429865K->6161465K(10982400K), 0.3458490 secs] [Times: user=7.61 sys=0.01, real=0.35 secs] 
74847.134: [GC [1 CMS-initial-mark: 5896260K(8448000K)] 6161656K(10982400K), 0.2427210 secs] [Times: user=0.25 sys=0.00, real=0.24 secs] 
74855.727: [GC[YG occupancy: 2235428 K (2534400 K)]74855.727: [Rescan (parallel) , 0.7762560 secs]74856.504: [weak refs processing, 0.0019940 secs] [1 CMS-remark: 5896260K(8448000K)] 8131689K(10982400K), 0.7791020 secs] [Times: user=15.79 sys=0.05, real=0.78 secs] 
74857.495: [GC 74857.496: [ParNew: 2518004K->213364K(2534400K), 0.3694830 secs] 8392055K->6208285K(10982400K), 0.3712820 secs] [Times: user=6.73 sys=0.01, real=0.37 secs] 
74865.683: [GC [1 CMS-initial-mark: 5588091K(8448000K)] 6913973K(10982400K), 0.7203150 secs] [Times: user=0.72 sys=0.00, real=0.72 secs] 
74873.776: [GC 74873.777: [ParNew: 2466164K->136559K(2534400K), 0.3765360 secs] 8054255K->5724650K(10982400K), 0.3782250 secs] [Times: user=7.94 sys=0.00, real=0.38 secs] 
74874.214: [GC[YG occupancy: 174935 K (2534400 K)]74874.214: [Rescan (parallel) , 0.1123840 secs]74874.327: [weak refs processing, 0.0018200 secs] [1 CMS-remark: 5588091K(8448000K)] 5763026K(10982400K), 0.1148110 secs] [Times: user=2.31 sys=0.00, real=0.12 secs] 
74881.941: [GC [1 CMS-initial-mark: 5570474K(8448000K)] 6565110K(10982400K), 0.8245800 secs] [Times: user=0.83 sys=0.00, real=0.82 secs] 
74890.491: [GC[YG occupancy: 2140970 K (2534400 K)]74890.492: [Rescan (parallel) , 1.4403390 secs]74891.932: [weak refs processing, 0.0010540 secs] [1 CMS-remark: 5570474K(8448000K)] 7711444K(10982400K), 1.4421620 secs] [Times: user=29.08 sys=0.13, real=1.44 secs] 
74893.050: [GC 74893.051: [ParNew: 2389359K->59079K(2534400K), 0.0835260 secs] 7921199K->5590919K(10982400K), 0.0858350 secs] [Times: user=0.64 sys=0.00, real=0.08 secs] 
74902.560: [GC 74902.561: [ParNew: 2311879K->202474K(2534400K), 0.1890190 secs] 7424230K->5316888K(10982400K), 0.1913000 secs] [Times: user=0.72 sys=0.01, real=0.19 secs] 
74906.692: [GC 74906.693: [ParNew: 2455274K->96588K(2534400K), 0.1370950 secs] 7447602K->5109975K(10982400K), 0.1393360 secs] [Times: user=0.65 sys=0.00, real=0.14 secs] 
74913.555: [GC 74913.557: [ParNew: 2349388K->36582K(2534400K), 0.0463020 secs] 7362775K->5049969K(10982400K), 0.0485960 secs] [Times: user=0.51 sys=0.01, real=0.05 secs] 
74924.106: [GC 74924.107: [ParNew: 2289382K->281600K(2534400K), 1.4412290 secs] 7302769K->5647746K(10982400K), 1.4439200 secs] [Times: user=18.07 sys=0.04, real=1.44 secs] 
74925.561: [GC [1 CMS-initial-mark: 5366146K(8448000K)] 5648116K(10982400K), 0.2546970 secs] [Times: user=0.25 sys=0.00, real=0.26 secs] 
74929.750: [GC 74929.752: [ParNew: 2534400K->281600K(2534400K), 0.9268980 secs] 7900546K->6151034K(10982400K), 0.9291690 secs] [Times: user=14.99 sys=0.02, real=0.93 secs] 
74932.283: [GC[YG occupancy: 1439327 K (2534400 K)]74932.284: [Rescan (parallel) , 0.0775850 secs]74932.361: [weak refs processing, 0.0038270 secs] [1 CMS-remark: 5869434K(8448000K)] 7308762K(10982400K), 0.0824300 secs] [Times: user=1.73 sys=0.00, real=0.09 secs] 
74933.859: [GC 74933.860: [ParNew: 2534400K->266185K(2534400K), 0.3035820 secs] 8351686K->6362480K(10982400K), 0.3060610 secs] [Times: user=3.09 sys=0.03, real=0.30 secs] 
74936.906: [GC 74936.907: [ParNew: 2518985K->256802K(2534400K), 0.1968930 secs] 8491201K->6417219K(10982400K), 0.1991740 secs] [Times: user=2.26 sys=0.01, real=0.20 secs] 
74942.253: [GC 74942.255: [ParNew: 2509602K->204951K(2534400K), 0.1959420 secs] 8410285K->6278761K(10982400K), 0.1982960 secs] [Times: user=2.28 sys=0.00, real=0.20 secs] 
74942.460: [GC [1 CMS-initial-mark: 6073810K(8448000K)] 6279710K(10982400K), 0.2349580 secs] [Times: user=0.23 sys=0.00, real=0.23 secs] 
74946.975: [GC 74946.976: [ParNew: 2457751K->159862K(2534400K), 0.1119550 secs] 8531561K->6372797K(10982400K), 0.1142260 secs] [Times: user=1.40 sys=0.00, real=0.12 secs] 
74950.368: [GC[YG occupancy: 964709 K (2534400 K)]74950.369: [Rescan (parallel) , 0.1464040 secs]74950.515: [weak refs processing, 0.0029100 secs] [1 CMS-remark: 6212934K(8448000K)] 7177644K(10982400K), 0.1502240 secs] [Times: user=3.05 sys=0.01, real=0.16 secs] 
74961.307: [GC 74961.308: [ParNew: 2412662K->60144K(2534400K), 0.0499510 secs] 7809165K->5456646K(10982400K), 0.0524610 secs] [Times: user=0.48 sys=0.00, real=0.05 secs] 
74964.884: [GC [1 CMS-initial-mark: 5242156K(8448000K)] 5661919K(10982400K), 0.3625740 secs] [Times: user=0.36 sys=0.00, real=0.36 secs] 
74972.961: [GC[YG occupancy: 1263356 K (2534400 K)]74972.962: [Rescan (parallel) , 1.1144840 secs]74974.077: [weak refs processing, 0.0034200 secs] [1 CMS-remark: 5242156K(8448000K)] 6505513K(10982400K), 1.1189320 secs] [Times: user=22.52 sys=0.08, real=1.12 secs] 
74981.422: [GC 74981.423: [ParNew: 2312944K->51400K(2534400K), 0.0529230 secs] 7546048K->5284505K(10982400K), 0.0552350 secs] [Times: user=0.50 sys=0.00, real=0.06 secs] 
74981.485: [GC [1 CMS-initial-mark: 5233104K(8448000K)] 5284579K(10982400K), 0.0821830 secs] [Times: user=0.08 sys=0.00, real=0.08 secs] 
74989.371: [GC[YG occupancy: 864546 K (2534400 K)]74989.372: [Rescan (parallel) , 0.6410860 secs]74990.013: [weak refs processing, 0.0009740 secs] [1 CMS-remark: 5233104K(8448000K)] 6097650K(10982400K), 0.6429550 secs] [Times: user=12.96 sys=0.07, real=0.64 secs] 
74996.036: [GC [1 CMS-initial-mark: 5221703K(8448000K)] 6752440K(10982400K), 1.3310220 secs] [Times: user=1.33 sys=0.01, real=1.33 secs] 
75001.330: [GC 75001.331: [ParNew: 2304192K->72966K(2534400K), 0.0593550 secs] 7525895K->5294669K(10982400K), 0.0610690 secs] [Times: user=0.58 sys=0.00, real=0.06 secs] 
75005.368: [GC[YG occupancy: 467004 K (2534400 K)]75005.369: [Rescan (parallel) , 0.0789050 secs]75005.448: [weak refs processing, 0.0008550 secs] [1 CMS-remark: 5221703K(8448000K)] 5688707K(10982400K), 0.0804290 secs] [Times: user=1.62 sys=0.01, real=0.08 secs] 
75012.516: [GC [1 CMS-initial-mark: 5217420K(8448000K)] 6814298K(10982400K), 1.3594840 secs] [Times: user=1.36 sys=0.01, real=1.36 secs] 
75019.420: [GC 75019.421: [ParNew: 2325766K->80409K(2534400K), 0.0640360 secs] 7543186K->5299309K(10982400K), 0.0659770 secs] [Times: user=0.65 sys=0.00, real=0.06 secs] 
75021.687: [GC[YG occupancy: 647382 K (2534400 K)]75021.688: [Rescan (parallel) , 0.1268240 secs]75021.815: [weak refs processing, 0.0009990 secs] [1 CMS-remark: 5218900K(8448000K)] 5866283K(10982400K), 0.1284800 secs] [Times: user=2.56 sys=0.01, real=0.13 secs] 
75029.029: [GC [1 CMS-initial-mark: 5210651K(8448000K)] 7026451K(10982400K), 1.0750990 secs] [Times: user=1.07 sys=0.00, real=1.08 secs] 
75031.999: [GC 75032.000: [ParNew: 2333209K->69547K(2534400K), 0.0449660 secs] 7543861K->5284625K(10982400K), 0.0467170 secs] [Times: user=0.51 sys=0.00, real=0.05 secs] 
75037.731: [GC[YG occupancy: 1251180 K (2534400 K)]75037.732: [Rescan (parallel) , 0.1139060 secs]75037.846: [weak refs processing, 0.0010350 secs] [1 CMS-remark: 5215078K(8448000K)] 6466258K(10982400K), 0.1156450 secs] [Times: user=2.38 sys=0.00, real=0.12 secs] 
75042.340: [GC 75042.341: [ParNew: 2322347K->64642K(2534400K), 0.0542570 secs] 7530689K->5283966K(10982400K), 0.0560340 secs] [Times: user=0.54 sys=0.01, real=0.06 secs] 
75044.898: [GC [1 CMS-initial-mark: 5218047K(8448000K)] 5818111K(10982400K), 0.3322920 secs] [Times: user=0.33 sys=0.00, real=0.33 secs] 
75052.751: [GC 75052.752: [ParNew: 2317442K->58724K(2534400K), 0.0551200 secs] 7535489K->5286374K(10982400K), 0.0568520 secs] [Times: user=0.60 sys=0.00, real=0.06 secs] 
75053.080: [GC[YG occupancy: 175346 K (2534400 K)]75053.081: [Rescan (parallel) , 0.0309590 secs]75053.112: [weak refs processing, 0.0010930 secs] [1 CMS-remark: 5227650K(8448000K)] 5402997K(10982400K), 0.0326780 secs] [Times: user=0.63 sys=0.00, real=0.03 secs] 
75060.058: [GC [1 CMS-initial-mark: 5219031K(8448000K)] 7101912K(10982400K), 0.8543530 secs] [Times: user=0.86 sys=0.00, real=0.85 secs] 
75062.012: [GC 75062.013: [ParNew: 2311524K->59673K(2534400K), 0.0603580 secs] 7530555K->5287143K(10982400K), 0.0620390 secs] [Times: user=0.53 sys=0.00, real=0.06 secs] 
75069.124: [GC[YG occupancy: 2226948 K (2534400 K)]75069.125: [Rescan (parallel) , 1.2081170 secs]75070.333: [weak refs processing, 0.0008810 secs] [1 CMS-remark: 5227470K(8448000K)] 7454418K(10982400K), 1.2097560 secs] [Times: user=24.41 sys=0.08, real=1.21 secs] 
75070.405: [GC 75070.406: [ParNew: 2312473K->145479K(2534400K), 0.1315650 secs] 7539926K->5378841K(10982400K), 0.1333410 secs] [Times: user=0.57 sys=0.00, real=0.14 secs] 
75073.381: [GC 75073.382: [ParNew: 2398279K->40942K(2534400K), 0.0495710 secs] 7629744K->5276723K(10982400K), 0.0512590 secs] [Times: user=0.47 sys=0.00, real=0.05 secs] 
75076.964: [GC [1 CMS-initial-mark: 5232405K(8448000K)] 7024315K(10982400K), 1.0805970 secs] [Times: user=1.08 sys=0.00, real=1.08 secs] 
75079.990: [GC 75079.991: [ParNew: 2293742K->39443K(2534400K), 0.0424030 secs] 7526148K->5276631K(10982400K), 0.0440910 secs] [Times: user=0.51 sys=0.00, real=0.04 secs] 
75085.332: [GC[YG occupancy: 1662252 K (2534400 K)]75085.333: [Rescan (parallel) , 0.1343680 secs]75085.467: [weak refs processing, 0.0010760 secs] [1 CMS-remark: 5237187K(8448000K)] 6899440K(10982400K), 0.1361870 secs] [Times: user=2.75 sys=0.01, real=0.13 secs] 
75091.484: [GC 75091.485: [ParNew: 2292243K->40231K(2534400K), 0.0441850 secs] 7522254K->5274184K(10982400K), 0.0458950 secs] [Times: user=0.49 sys=0.01, real=0.05 secs] 
75091.537: [GC [1 CMS-initial-mark: 5233953K(8448000K)] 5275453K(10982400K), 0.0626600 secs] [Times: user=0.06 sys=0.00, real=0.07 secs] 
75099.398: [GC[YG occupancy: 882286 K (2534400 K)]75099.398: [Rescan (parallel) , 0.7918960 secs]75100.190: [weak refs processing, 0.0010420 secs] [1 CMS-remark: 5233953K(8448000K)] 6116239K(10982400K), 0.7936830 secs] [Times: user=15.82 sys=0.07, real=0.80 secs] 
75106.958: [GC [1 CMS-initial-mark: 5226318K(8448000K)] 6816639K(10982400K), 1.3197330 secs] [Times: user=1.33 sys=0.00, real=1.32 secs] 
75114.021: [GC 75114.022: [ParNew: 2293031K->54084K(2534400K), 0.0643820 secs] 7519349K->5284159K(10982400K), 0.0661490 secs] [Times: user=0.53 sys=0.01, real=0.07 secs] 
75115.798: [GC[YG occupancy: 232319 K (2534400 K)]75115.798: [Rescan (parallel) , 0.0519940 secs]75115.850: [weak refs processing, 0.0011540 secs] [1 CMS-remark: 5230075K(8448000K)] 5462394K(10982400K), 0.0537940 secs] [Times: user=1.05 sys=0.01, real=0.05 secs] 
75131.078: [GC 75131.079: [ParNew: 2306884K->60117K(2534400K), 0.0688000 secs] 6882284K->4636411K(10982400K), 0.0705200 secs] [Times: user=0.64 sys=0.00, real=0.07 secs] 
75154.802: [GC 75154.803: [ParNew: 2312917K->64168K(2534400K), 0.0637900 secs] 6889211K->4643272K(10982400K), 0.0656190 secs] [Times: user=0.65 sys=0.00, real=0.06 secs] 
75177.061: [GC 75177.062: [ParNew: 2316968K->104711K(2534400K), 0.0690690 secs] 6896072K->4688164K(10982400K), 0.0707700 secs] [Times: user=0.72 sys=0.00, real=0.07 secs] 
75195.052: [GC 75195.053: [ParNew: 2357511K->121949K(2534400K), 0.0816920 secs] 6940964K->4714027K(10982400K), 0.0833900 secs] [Times: user=0.77 sys=0.00, real=0.08 secs] 
75201.573: [GC 75201.574: [ParNew: 2374749K->281600K(2534400K), 1.5265480 secs] 6966827K->5330500K(10982400K), 1.5282100 secs] [Times: user=23.51 sys=0.13, real=1.53 secs] 
75205.376: [GC 75205.376: [ParNew: 2534400K->231736K(2534400K), 0.2635150 secs] 7583300K->5559676K(10982400K), 0.2652100 secs] [Times: user=2.97 sys=0.02, real=0.27 secs] 
75205.647: [GC [1 CMS-initial-mark: 5327939K(8448000K)] 5563857K(10982400K), 0.1578180 secs] [Times: user=0.16 sys=0.00, real=0.16 secs] 
75208.023: [GC 75208.024: [ParNew: 2484536K->203067K(2534400K), 0.1130160 secs] 7812476K->5671268K(10982400K), 0.1146630 secs] [Times: user=1.78 sys=0.01, real=0.12 secs] 
75214.243: [GC[YG occupancy: 1431556 K (2534400 K)]75214.244: [Rescan (parallel) , 1.1079930 secs]75215.352: [weak refs processing, 0.0417150 secs] [1 CMS-remark: 5468201K(8448000K)] 6899757K(10982400K), 1.1506280 secs] [Times: user=22.50 sys=0.07, real=1.15 secs] 
75222.504: [GC [1 CMS-initial-mark: 5431618K(8448000K)] 7554429K(10982400K), 1.6994660 secs] [Times: user=1.70 sys=0.01, real=1.70 secs] 
75227.770: [GC 75227.771: [ParNew: 2455867K->281600K(2534400K), 0.0913710 secs] 7887485K->5721606K(10982400K), 0.0930520 secs] [Times: user=1.08 sys=0.01, real=0.10 secs] 
75232.973: [GC[YG occupancy: 679676 K (2534400 K)]75232.974: [Rescan (parallel) , 0.1076290 secs]75233.081: [weak refs processing, 0.0019510 secs] [1 CMS-remark: 5440006K(8448000K)] 6119683K(10982400K), 0.1102920 secs] [Times: user=2.22 sys=0.00, real=0.11 secs] 
75249.992: [GC 75249.993: [ParNew: 2534400K->199800K(2534400K), 0.2400050 secs] 7344696K->5143702K(10982400K), 0.2416960 secs] [Times: user=1.37 sys=0.02, real=0.24 secs] 
75259.925: [GC 75259.926: [ParNew: 2452600K->281600K(2534400K), 1.1508610 secs] 7396502K->5562059K(10982400K), 1.1525910 secs] [Times: user=17.89 sys=0.03, real=1.16 secs] 
75261.085: [GC [1 CMS-initial-mark: 5280459K(8448000K)] 5572500K(10982400K), 0.2755330 secs] [Times: user=0.28 sys=0.00, real=0.28 secs] 
75267.538: [GC 75267.539: [ParNew: 2534400K->281600K(2534400K), 0.2901230 secs] 7814859K->5761812K(10982400K), 0.2918150 secs] [Times: user=4.60 sys=0.01, real=0.29 secs] 
75271.311: [GC[YG occupancy: 1055575 K (2534400 K)]75271.312: [Rescan (parallel) , 0.3941430 secs]75271.706: [weak refs processing, 0.0020520 secs] [1 CMS-remark: 5480212K(8448000K)] 6535788K(10982400K), 0.3969130 secs] [Times: user=8.00 sys=0.04, real=0.40 secs] 
75278.411: [GC 75278.412: [ParNew: 2534400K->247893K(2534400K), 0.4318130 secs] 7983699K->6007906K(10982400K), 0.4335370 secs] [Times: user=6.81 sys=0.02, real=0.43 secs] 
75278.853: [GC [1 CMS-initial-mark: 5760013K(8448000K)] 6008016K(10982400K), 0.0620830 secs] [Times: user=0.06 sys=0.00, real=0.06 secs] 
75286.521: [GC[YG occupancy: 1498595 K (2534400 K)]75286.522: [Rescan (parallel) , 0.5293600 secs]75287.052: [weak refs processing, 1.2603940 secs] [1 CMS-remark: 5760013K(8448000K)] 7258608K(10982400K), 1.9265080 secs] [Times: user=12.15 sys=0.06, real=1.92 secs] 
75294.250: [GC 75294.251: [ParNew: 2500693K->78415K(2534400K), 0.0452960 secs] 7995274K->5572996K(10982400K), 0.0479690 secs] [Times: user=0.55 sys=0.01, real=0.05 secs] 
75294.306: [GC [1 CMS-initial-mark: 5494581K(8448000K)] 5573080K(10982400K), 0.0708520 secs] [Times: user=0.07 sys=0.00, real=0.07 secs] 
75301.915: [GC[YG occupancy: 1743249 K (2534400 K)]75301.916: [Rescan (parallel) , 0.5869310 secs]75302.503: [weak refs processing, 0.0016050 secs] [1 CMS-remark: 5494581K(8448000K)] 7237830K(10982400K), 0.5895120 secs] [Times: user=11.92 sys=0.03, real=0.59 secs] 
75302.912: [GC 75302.913: [ParNew: 2331167K->42815K(2534400K), 0.0329490 secs] 7823812K->5535460K(10982400K), 0.0352010 secs] [Times: user=0.48 sys=0.00, real=0.04 secs] 
75316.145: [GC 75316.146: [ParNew: 2295615K->41584K(2534400K), 0.0534670 secs] 7274996K->5020965K(10982400K), 0.0557640 secs] [Times: user=0.48 sys=0.00, real=0.05 secs] 
75333.550: [GC 75333.551: [ParNew: 2294368K->47624K(2534400K), 0.0538770 secs] 7273749K->5029626K(10982400K), 0.0556060 secs] [Times: user=0.57 sys=0.01, real=0.05 secs] 
75356.549: [GC 75356.550: [ParNew: 2300424K->51517K(2534400K), 0.0607970 secs] 7282426K->5038399K(10982400K), 0.0624970 secs] [Times: user=0.64 sys=0.01, real=0.07 secs] 
75371.329: [GC 75371.330: [ParNew: 2304317K->281600K(2534400K), 0.7078410 secs] 7291199K->5459987K(10982400K), 0.7095450 secs] [Times: user=10.12 sys=0.05, real=0.71 secs] 
75372.046: [GC [1 CMS-initial-mark: 5178387K(8448000K)] 5465052K(10982400K), 0.2267300 secs] [Times: user=0.22 sys=0.00, real=0.23 secs] 
75375.081: [GC 75375.082: [ParNew: 2534400K->281600K(2534400K), 0.3743820 secs] 7712787K->5745501K(10982400K), 0.3760330 secs] [Times: user=3.94 sys=0.03, real=0.38 secs] 
75377.115: [GC[YG occupancy: 1562760 K (2534400 K)]75377.116: [Rescan (parallel) , 0.0854730 secs]75377.201: [weak refs processing, 0.0048390 secs] [1 CMS-remark: 5463901K(8448000K)] 7026661K(10982400K), 0.0910220 secs] [Times: user=1.88 sys=0.00, real=0.09 secs] 
75378.393: [GC 75378.394: [ParNew: 2534400K->280909K(2534400K), 0.3334480 secs] 7955916K->5969493K(10982400K), 0.3351010 secs] [Times: user=3.88 sys=0.01, real=0.34 secs] 
75385.450: [GC [1 CMS-initial-mark: 5315316K(8448000K)] 6663958K(10982400K), 1.0644140 secs] [Times: user=1.07 sys=0.01, real=1.06 secs] 
75394.844: [GC[YG occupancy: 2382405 K (2534400 K)]75394.845: [Rescan (parallel) , 1.7134820 secs]75396.558: [weak refs processing, 0.0017720 secs] [1 CMS-remark: 5315316K(8448000K)] 7697722K(10982400K), 1.7160300 secs] [Times: user=34.55 sys=0.12, real=1.72 secs] 
75396.817: [GC 75396.818: [ParNew: 2533709K->210931K(2534400K), 0.2179340 secs] 7845405K->5702281K(10982400K), 0.2196870 secs] [Times: user=1.46 sys=0.01, real=0.22 secs] 
75421.391: [GC 75421.392: [ParNew: 2463731K->79751K(2534400K), 0.0686460 secs] 7401323K->5017343K(10982400K), 0.0704020 secs] [Times: user=0.88 sys=0.00, real=0.07 secs] 
75431.291: [GC 75431.292: [ParNew: 2332551K->76976K(2534400K), 0.0624270 secs] 7270143K->5014568K(10982400K), 0.0641550 secs] [Times: user=0.86 sys=0.00, real=0.07 secs] 
75446.227: [GC 75446.228: [ParNew: 2329776K->80555K(2534400K), 0.0635180 secs] 7267368K->5018147K(10982400K), 0.0653180 secs] [Times: user=0.79 sys=0.00, real=0.06 secs] 
75457.805: [GC 75457.807: [ParNew: 2332010K->61220K(2534400K), 0.0707060 secs] 7269602K->5023186K(10982400K), 0.0726640 secs] [Times: user=0.86 sys=0.00, real=0.08 secs] 
75461.871: [GC 75461.872: [ParNew: 2314020K->47340K(2534400K), 0.0380620 secs] 7275986K->5019750K(10982400K), 0.0397410 secs] [Times: user=0.52 sys=0.00, real=0.04 secs] 
75474.634: [GC 75474.635: [ParNew: 2300140K->42181K(2534400K), 0.0411180 secs] 7272550K->5016994K(10982400K), 0.0429510 secs] [Times: user=0.47 sys=0.00, real=0.04 secs] 
75484.316: [GC 75484.326: [ParNew: 2294978K->34217K(2534400K), 0.0398810 secs] 7269792K->5013182K(10982400K), 0.0423790 secs] [Times: user=0.50 sys=0.00, real=0.05 secs] 
75500.425: [GC 75500.427: [ParNew: 2287017K->43720K(2534400K), 0.0514830 secs] 7265982K->5025682K(10982400K), 0.0537940 secs] [Times: user=0.52 sys=0.00, real=0.05 secs] 
75524.467: [GC 75524.468: [ParNew: 2296520K->56178K(2534400K), 0.0711490 secs] 7278482K->5038891K(10982400K), 0.0736830 secs] [Times: user=0.58 sys=0.00, real=0.07 secs] 
75545.708: [GC 75545.709: [ParNew: 2308978K->56442K(2534400K), 0.0658770 secs] 7291691K->5042867K(10982400K), 0.0676230 secs] [Times: user=0.58 sys=0.00, real=0.07 secs] 
75572.169: [GC 75572.170: [ParNew: 2309242K->68904K(2534400K), 0.0707830 secs] 7295667K->5057756K(10982400K), 0.0725610 secs] [Times: user=0.62 sys=0.01, real=0.07 secs] 
75577.784: [GC 75577.785: [ParNew: 2321704K->281600K(2534400K), 1.8146650 secs] 7310556K->5830068K(10982400K), 1.8164110 secs] [Times: user=28.91 sys=0.27, real=1.81 secs] 
75579.607: [GC [1 CMS-initial-mark: 5548468K(8448000K)] 5851963K(10982400K), 0.2396210 secs] [Times: user=0.24 sys=0.00, real=0.24 secs] 
75582.521: [GC 75582.522: [ParNew: 2534400K->238825K(2534400K), 0.2067010 secs] 8082868K->6064927K(10982400K), 0.2083710 secs] [Times: user=2.99 sys=0.04, real=0.21 secs] 
75584.644: [GC[YG occupancy: 1679575 K (2534400 K)]75584.645: [Rescan (parallel) , 0.7468710 secs]75585.392: [weak refs processing, 0.0186210 secs] [1 CMS-remark: 5826102K(8448000K)] 7505677K(10982400K), 0.7663620 secs] [Times: user=15.06 sys=0.05, real=0.77 secs] 
75586.370: [GC 75586.371: [ParNew: 2491625K->241529K(2534400K), 0.1869990 secs] 8289278K->6209688K(10982400K), 0.1894160 secs] [Times: user=2.12 sys=0.03, real=0.19 secs] 
75590.852: [GC 75590.853: [ParNew: 2494313K->188272K(2534400K), 0.2671450 secs] 8195610K->6077089K(10982400K), 0.2698260 secs] [Times: user=1.70 sys=0.02, real=0.27 secs] 
75593.674: [GC [1 CMS-initial-mark: 5793418K(8448000K)] 6359840K(10982400K), 0.3835500 secs] [Times: user=0.38 sys=0.00, real=0.39 secs] 
75601.889: [GC[YG occupancy: 1095535 K (2534400 K)]75601.889: [Rescan (parallel) , 0.6345810 secs]75602.524: [weak refs processing, 0.0014940 secs] [1 CMS-remark: 5793418K(8448000K)] 6888953K(10982400K), 0.6368650 secs] [Times: user=12.89 sys=0.05, real=0.63 secs] 
75610.767: [GC 75610.768: [ParNew: 2441072K->88891K(2534400K), 0.0643160 secs] 7489355K->5137175K(10982400K), 0.0661130 secs] [Times: user=0.75 sys=0.01, real=0.07 secs] 
75626.258: [GC 75626.259: [ParNew: 2341691K->89014K(2534400K), 0.0784810 secs] 7389975K->5137297K(10982400K), 0.0802140 secs] [Times: user=0.76 sys=0.00, real=0.08 secs] 
75641.404: [GC 75641.405: [ParNew: 2341814K->103923K(2534400K), 0.0568050 secs] 7390097K->5152206K(10982400K), 0.0588180 secs] [Times: user=0.67 sys=0.00, real=0.06 secs] 
75655.654: [GC 75655.655: [ParNew: 2356723K->79723K(2534400K), 0.0599820 secs] 7405006K->5145303K(10982400K), 0.0617560 secs] [Times: user=0.70 sys=0.00, real=0.07 secs] 
75664.670: [GC 75664.671: [ParNew: 2332523K->68654K(2534400K), 0.0437630 secs] 7398103K->5139938K(10982400K), 0.0454910 secs] [Times: user=0.47 sys=0.00, real=0.04 secs] 
75664.722: [GC [1 CMS-initial-mark: 5071283K(8448000K)] 5165334K(10982400K), 0.0692470 secs] [Times: user=0.07 sys=0.00, real=0.07 secs] 
75671.585: [GC 75671.586: [ParNew: 2321454K->45535K(2534400K), 0.0542390 secs] 7392738K->5136339K(10982400K), 0.0560140 secs] [Times: user=0.50 sys=0.01, real=0.06 secs] 
75672.360: [GC[YG occupancy: 240124 K (2534400 K)]75672.361: [Rescan (parallel) , 0.0319910 secs]75672.393: [weak refs processing, 0.0263310 secs] [1 CMS-remark: 5090804K(8448000K)] 5330929K(10982400K), 0.0590530 secs] [Times: user=0.68 sys=0.01, real=0.06 secs] 
75678.722: [GC [1 CMS-initial-mark: 5076079K(8448000K)] 6513733K(10982400K), 0.7964070 secs] [Times: user=0.79 sys=0.00, real=0.79 secs] 
75686.397: [GC 75686.398: [ParNew: 2298285K->59130K(2534400K), 0.0467880 secs] 7374365K->5140039K(10982400K), 0.0484680 secs] [Times: user=0.54 sys=0.00, real=0.05 secs] 
75687.155: [GC[YG occupancy: 207964 K (2534400 K)]75687.156: [Rescan (parallel) , 0.0528120 secs]75687.209: [weak refs processing, 0.0009660 secs] [1 CMS-remark: 5080909K(8448000K)] 5288874K(10982400K), 0.0544960 secs] [Times: user=1.07 sys=0.01, real=0.05 secs] 
75696.959: [GC 75696.960: [ParNew: 2311930K->77352K(2534400K), 0.0443690 secs] 7364113K->5134125K(10982400K), 0.0460840 secs] [Times: user=0.55 sys=0.00, real=0.05 secs] 
75706.496: [GC 75706.497: [ParNew: 2330151K->90451K(2534400K), 0.0374870 secs] 7386925K->5149901K(10982400K), 0.0392140 secs] [Times: user=0.57 sys=0.01, real=0.04 secs] 
75716.298: [GC 75716.299: [ParNew: 2343251K->92260K(2534400K), 0.0376340 secs] 7402701K->5153360K(10982400K), 0.0394320 secs] [Times: user=0.53 sys=0.00, real=0.04 secs] 
75721.238: [GC 75721.239: [ParNew: 2345060K->80565K(2534400K), 0.0488960 secs] 7406160K->5149049K(10982400K), 0.0505670 secs] [Times: user=0.58 sys=0.01, real=0.05 secs] 
75737.748: [GC 75737.749: [ParNew: 2333356K->65872K(2534400K), 0.0677680 secs] 7401841K->5165065K(10982400K), 0.0694960 secs] [Times: user=0.50 sys=0.01, real=0.07 secs] 
75737.823: [GC [1 CMS-initial-mark: 5099192K(8448000K)] 5165181K(10982400K), 0.0705650 secs] [Times: user=0.07 sys=0.00, real=0.07 secs] 
75745.370: [GC[YG occupancy: 1040595 K (2534400 K)]75745.371: [Rescan (parallel) , 0.1467670 secs]75745.518: [weak refs processing, 0.0032100 secs] [1 CMS-remark: 5099192K(8448000K)] 6139788K(10982400K), 0.1507050 secs] [Times: user=3.08 sys=0.01, real=0.15 secs] 
75758.204: [GC 75758.205: [ParNew: 2318672K->77976K(2534400K), 0.0752620 secs] 6935747K->4700340K(10982400K), 0.0770080 secs] [Times: user=0.62 sys=0.00, real=0.07 secs] 
75764.989: [GC 75764.990: [ParNew: 2330776K->281600K(2534400K), 2.6212680 secs] 6953140K->5748314K(10982400K), 2.6230590 secs] [Times: user=44.02 sys=0.12, real=2.62 secs] 
75767.620: [GC [1 CMS-initial-mark: 5466714K(8448000K)] 5755919K(10982400K), 0.2645670 secs] [Times: user=0.27 sys=0.00, real=0.27 secs] 
75769.826: [GC 75769.826: [ParNew: 2534400K->281600K(2534400K), 0.4207920 secs] 8001114K->6114275K(10982400K), 0.4224700 secs] [Times: user=7.08 sys=0.04, real=0.42 secs] 
75772.907: [GC 75772.908: [ParNew: 2534388K->281600K(2534400K), 0.2455560 secs] 8367064K->6410093K(10982400K), 0.2472470 secs] [Times: user=3.75 sys=0.04, real=0.25 secs] 
75775.528: [GC[YG occupancy: 1726291 K (2534400 K)]75775.529: [Rescan (parallel) , 0.9671700 secs]75776.496: [weak refs processing, 0.0026810 secs] [1 CMS-remark: 6128493K(8448000K)] 7854784K(10982400K), 0.9705050 secs] [Times: user=19.53 sys=0.07, real=0.97 secs] 
75781.570: [GC 75781.571: [ParNew: 2534400K->241025K(2534400K), 0.3350830 secs] 8642159K->6650148K(10982400K), 0.3373640 secs] [Times: user=5.70 sys=0.01, real=0.34 secs] 
75784.635: [GC [1 CMS-initial-mark: 6402624K(8448000K)] 7121476K(10982400K), 0.5169270 secs] [Times: user=0.51 sys=0.00, real=0.52 secs] 
75793.837: [GC[YG occupancy: 2280840 K (2534400 K)]75793.838: [Rescan (parallel) , 1.6801640 secs]75795.518: [weak refs processing, 0.0019120 secs] [1 CMS-remark: 6402624K(8448000K)] 8683464K(10982400K), 1.6830860 secs] [Times: user=33.97 sys=0.13, real=1.68 secs] 
75796.711: [GC 75796.713: [ParNew: 2493825K->179369K(2534400K), 0.1296340 secs] 8805439K->6490983K(10982400K), 0.1320240 secs] [Times: user=2.37 sys=0.01, real=0.13 secs] 
75810.708: [GC [1 CMS-initial-mark: 5387343K(8448000K)] 7078612K(10982400K), 1.1803700 secs] [Times: user=1.19 sys=0.00, real=1.19 secs] 
75814.848: [GC 75814.850: [ParNew: 2432169K->201228K(2534400K), 0.1297820 secs] 7819513K->5588572K(10982400K), 0.1320830 secs] [Times: user=2.29 sys=0.01, real=0.14 secs] 
75820.094: [GC[YG occupancy: 1342729 K (2534400 K)]75820.095: [Rescan (parallel) , 0.1252200 secs]75820.221: [weak refs processing, 0.9220640 secs] [1 CMS-remark: 5387343K(8448000K)] 6730073K(10982400K), 1.0483360 secs] [Times: user=3.44 sys=0.06, real=1.05 secs] 
75827.318: [GC 75827.319: [ParNew: 2454028K->127931K(2534400K), 0.2439940 secs] 7839534K->5631418K(10982400K), 0.2463740 secs] [Times: user=2.19 sys=0.00, real=0.25 secs] 
75829.554: [GC [1 CMS-initial-mark: 5499706K(8448000K)] 6012525K(10982400K), 0.2502320 secs] [Times: user=0.25 sys=0.00, real=0.25 secs] 
75837.417: [GC[YG occupancy: 2147382 K (2534400 K)]75837.419: [Rescan (parallel) , 0.9451190 secs]75838.365: [weak refs processing, 0.0016670 secs] [1 CMS-remark: 5499706K(8448000K)] 7647088K(10982400K), 0.9489740 secs] [Times: user=19.05 sys=0.08, real=0.95 secs] 
75839.038: [GC 75839.039: [ParNew: 2380731K->46736K(2534400K), 0.0373170 secs] 7872305K->5538311K(10982400K), 0.0398150 secs] [Times: user=0.48 sys=0.00, real=0.04 secs] 
75846.991: [GC 75846.993: [ParNew: 2299536K->43725K(2534400K), 0.0427330 secs] 7520134K->5268426K(10982400K), 0.0453230 secs] [Times: user=0.51 sys=0.01, real=0.05 secs] 
75862.867: [GC 75862.869: [ParNew: 2296524K->43062K(2534400K), 0.0536320 secs] 7276337K->5028380K(10982400K), 0.0563020 secs] [Times: user=0.51 sys=0.00, real=0.06 secs] 
75890.888: [GC 75890.889: [ParNew: 2295862K->55608K(2534400K), 0.0667240 secs] 7281180K->5043996K(10982400K), 0.0690340 secs] [Times: user=0.56 sys=0.01, real=0.07 secs] 
75914.184: [GC 75914.185: [ParNew: 2308408K->59725K(2534400K), 0.0647990 secs] 7296796K->5051255K(10982400K), 0.0670870 secs] [Times: user=0.56 sys=0.01, real=0.07 secs] 
75934.437: [GC 75934.438: [ParNew: 2312525K->62122K(2534400K), 0.0566880 secs] 7304055K->5056033K(10982400K), 0.0593800 secs] [Times: user=0.53 sys=0.00, real=0.06 secs] 
75960.140: [GC 75960.141: [ParNew: 2314922K->65511K(2534400K), 0.0707140 secs] 7308833K->5065465K(10982400K), 0.0724250 secs] [Times: user=0.68 sys=0.00, real=0.07 secs] 
75974.060: [GC 75974.061: [ParNew: 2318311K->59004K(2534400K), 0.0543110 secs] 7318265K->5066550K(10982400K), 0.0560260 secs] [Times: user=0.56 sys=0.00, real=0.06 secs] 
75992.026: [GC 75992.027: [ParNew: 2311804K->53343K(2534400K), 0.0518210 secs] 7319350K->5067352K(10982400K), 0.0535020 secs] [Times: user=0.54 sys=0.01, real=0.06 secs] 
76001.002: [GC 76001.003: [ParNew: 2306143K->281600K(2534400K), 0.5732250 secs] 7320152K->5444447K(10982400K), 0.5748990 secs] [Times: user=7.72 sys=0.10, real=0.57 secs] 
76001.584: [GC [1 CMS-initial-mark: 5162847K(8448000K)] 5453939K(10982400K), 0.2310210 secs] [Times: user=0.23 sys=0.00, real=0.23 secs] 
76004.607: [GC 76004.608: [ParNew: 2534400K->218078K(2534400K), 0.3640660 secs] 7697247K->5657820K(10982400K), 0.3657760 secs] [Times: user=3.22 sys=0.04, real=0.37 secs] 
76009.144: [GC[YG occupancy: 1669404 K (2534400 K)]76009.145: [Rescan (parallel) , 0.2609050 secs]76009.406: [weak refs processing, 0.0092540 secs] [1 CMS-remark: 5439742K(8448000K)] 7109146K(10982400K), 0.2709470 secs] [Times: user=5.38 sys=0.02, real=0.27 secs] 
76013.175: [GC 76013.176: [ParNew: 2470878K->281600K(2534400K), 0.3506500 secs] 7765796K->5670403K(10982400K), 0.3523480 secs] [Times: user=4.56 sys=0.01, real=0.35 secs] 
76019.017: [GC [1 CMS-initial-mark: 5117819K(8448000K)] 6112834K(10982400K), 0.9254150 secs] [Times: user=0.92 sys=0.01, real=0.93 secs] 
76028.871: [GC 76028.872: [ParNew: 2534400K->271670K(2534400K), 0.3710420 secs] 7652220K->5703773K(10982400K), 0.3728780 secs] [Times: user=4.61 sys=0.02, real=0.38 secs] 
76029.250: [GC 76029.251: [ParNew: 272231K->99764K(2534400K), 0.0274170 secs] 5704334K->5531867K(10982400K), 0.0290660 secs] [Times: user=0.57 sys=0.01, real=0.03 secs] 
76030.570: [GC[YG occupancy: 316698 K (2534400 K)]76030.571: [Rescan (parallel) , 0.0424730 secs]76030.613: [weak refs processing, 0.0011030 secs] [1 CMS-remark: 5432103K(8448000K)] 5748801K(10982400K), 0.0442200 secs] [Times: user=0.85 sys=0.01, real=0.05 secs] 
76054.453: [GC 76054.454: [ParNew: 2352564K->191514K(2534400K), 0.0603820 secs] 7387396K->5226346K(10982400K), 0.0620840 secs] [Times: user=0.66 sys=0.00, real=0.06 secs] 
76059.230: [GC 76059.231: [ParNew: 2444314K->281600K(2534400K), 0.3812010 secs] 7479146K->5546601K(10982400K), 0.3829360 secs] [Times: user=6.18 sys=0.02, real=0.38 secs] 
76059.619: [GC [1 CMS-initial-mark: 5265001K(8448000K)] 5546611K(10982400K), 0.2458610 secs] [Times: user=0.24 sys=0.00, real=0.24 secs] 
76068.626: [GC[YG occupancy: 2020348 K (2534400 K)]76068.626: [Rescan (parallel) , 1.4072560 secs]76070.034: [weak refs processing, 0.0023550 secs] [1 CMS-remark: 5265001K(8448000K)] 7285350K(10982400K), 1.4103740 secs] [Times: user=28.46 sys=0.11, real=1.41 secs] 
76071.094: [GC 76071.095: [ParNew: 2534398K->221238K(2534400K), 0.1316050 secs] 7769375K->5543374K(10982400K), 0.1333400 secs] [Times: user=1.05 sys=0.01, real=0.13 secs] 
76079.992: [GC 76079.993: [ParNew: 2474038K->133708K(2534400K), 0.0375460 secs] 7297283K->4956953K(10982400K), 0.0393120 secs] [Times: user=0.59 sys=0.00, real=0.04 secs] 
76086.632: [GC 76086.633: [ParNew: 2386508K->133830K(2534400K), 0.0455740 secs] 7209753K->4957075K(10982400K), 0.0472240 secs] [Times: user=0.72 sys=0.00, real=0.04 secs] 
76093.068: [GC 76093.069: [ParNew: 2386630K->144767K(2534400K), 0.0446900 secs] 7209875K->4968012K(10982400K), 0.0463460 secs] [Times: user=0.62 sys=0.00, real=0.05 secs] 
76104.664: [GC 76104.665: [ParNew: 2397567K->96183K(2534400K), 0.0836360 secs] 7220812K->4985008K(10982400K), 0.0853310 secs] [Times: user=0.60 sys=0.01, real=0.08 secs] 
76134.525: [GC 76134.526: [ParNew: 2348983K->63061K(2534400K), 0.0738750 secs] 7237808K->4963975K(10982400K), 0.0755950 secs] [Times: user=0.67 sys=0.00, real=0.08 secs] 
76154.863: [GC 76154.864: [ParNew: 2315861K->53094K(2534400K), 0.0655110 secs] 7216775K->4955930K(10982400K), 0.0672090 secs] [Times: user=0.62 sys=0.00, real=0.06 secs] 
76186.995: [GC 76186.996: [ParNew: 2305894K->59505K(2534400K), 0.0652950 secs] 7208730K->4964517K(10982400K), 0.0670130 secs] [Times: user=0.54 sys=0.01, real=0.07 secs] 
76192.892: [GC 76192.893: [ParNew: 2312305K->281600K(2534400K), 0.3108940 secs] 7217317K->5293653K(10982400K), 0.3126320 secs] [Times: user=5.14 sys=0.04, real=0.31 secs] 
76200.067: [GC 76200.067: [ParNew: 2534400K->281599K(2534400K), 0.1781960 secs] 7546453K->5406744K(10982400K), 0.1799530 secs] [Times: user=0.95 sys=0.01, real=0.18 secs] 
76200.253: [GC [1 CMS-initial-mark: 5125144K(8448000K)] 5407032K(10982400K), 0.0994290 secs] [Times: user=0.10 sys=0.00, real=0.10 secs] 
76206.064: [GC 76206.065: [ParNew: 2534399K->182406K(2534400K), 0.1548680 secs] 7659544K->5307550K(10982400K), 0.1566170 secs] [Times: user=0.72 sys=0.01, real=0.16 secs] 
76208.252: [GC[YG occupancy: 770529 K (2534400 K)]76208.252: [Rescan (parallel) , 0.2782070 secs]76208.531: [weak refs processing, 0.0204100 secs] [1 CMS-remark: 5125144K(8448000K)] 5895673K(10982400K), 0.2994110 secs] [Times: user=5.53 sys=0.04, real=0.30 secs] 
76227.863: [GC 76227.864: [ParNew: 2435205K->56571K(2534400K), 0.0713020 secs] 7190723K->4839688K(10982400K), 0.0730040 secs] [Times: user=0.60 sys=0.00, real=0.07 secs] 
76236.634: [GC 76236.635: [ParNew: 2309371K->31351K(2534400K), 0.0361020 secs] 7092488K->4814468K(10982400K), 0.0377850 secs] [Times: user=0.46 sys=0.01, real=0.04 secs] 
76263.633: [GC 76263.634: [ParNew: 2284151K->49540K(2534400K), 0.0614160 secs] 7067268K->4832657K(10982400K), 0.0631260 secs] [Times: user=0.50 sys=0.00, real=0.06 secs] 
76289.702: [GC 76289.703: [ParNew: 2302340K->56272K(2534400K), 0.0655580 secs] 7085457K->4841474K(10982400K), 0.0672590 secs] [Times: user=0.57 sys=0.00, real=0.07 secs] 
76322.258: [GC 76322.259: [ParNew: 2309072K->71213K(2534400K), 0.0719960 secs] 7094274K->4862492K(10982400K), 0.0737280 secs] [Times: user=0.59 sys=0.01, real=0.07 secs] 
76347.332: [GC 76347.333: [ParNew: 2324013K->70918K(2534400K), 0.0626310 secs] 7115292K->4864438K(10982400K), 0.0643460 secs] [Times: user=0.52 sys=0.00, real=0.06 secs] 
76359.275: [GC 76359.276: [ParNew: 2323718K->60753K(2534400K), 0.0470250 secs] 7117238K->4861885K(10982400K), 0.0487190 secs] [Times: user=0.62 sys=0.01, real=0.05 secs] 
76374.352: [GC 76374.353: [ParNew: 2313553K->281600K(2534400K), 0.9496560 secs] 7114685K->5349300K(10982400K), 0.9514480 secs] [Times: user=14.12 sys=0.24, real=0.95 secs] 
76378.121: [GC 76378.122: [ParNew: 2534400K->219779K(2534400K), 0.4110350 secs] 7602100K->5565453K(10982400K), 0.4127240 secs] [Times: user=2.69 sys=0.05, real=0.41 secs] 
76378.541: [GC [1 CMS-initial-mark: 5345674K(8448000K)] 5595344K(10982400K), 0.1576000 secs] [Times: user=0.15 sys=0.00, real=0.16 secs] 
76383.519: [GC 76383.520: [ParNew: 2472579K->226524K(2534400K), 0.1726450 secs] 7818253K->5712181K(10982400K), 0.1743550 secs] [Times: user=1.73 sys=0.01, real=0.17 secs] 
76387.263: [GC[YG occupancy: 822121 K (2534400 K)]76387.264: [Rescan (parallel) , 0.1579690 secs]76387.422: [weak refs processing, 0.0094630 secs] [1 CMS-remark: 5485657K(8448000K)] 6307778K(10982400K), 0.1681870 secs] [Times: user=3.30 sys=0.02, real=0.17 secs] 
76393.783: [GC 76393.784: [ParNew: 2479324K->185290K(2534400K), 0.1780110 secs] 7751548K->5575339K(10982400K), 0.1797780 secs] [Times: user=0.87 sys=0.01, real=0.18 secs] 
76393.970: [GC [1 CMS-initial-mark: 5390048K(8448000K)] 5604055K(10982400K), 0.0817420 secs] [Times: user=0.08 sys=0.01, real=0.08 secs] 
76398.760: [GC 76398.761: [ParNew: 2438090K->44837K(2534400K), 0.0426240 secs] 7828139K->5434885K(10982400K), 0.0443650 secs] [Times: user=0.52 sys=0.00, real=0.04 secs] 
76401.612: [GC[YG occupancy: 972769 K (2534400 K)]76401.613: [Rescan (parallel) , 0.0652950 secs]76401.678: [weak refs processing, 0.0017140 secs] [1 CMS-remark: 5390048K(8448000K)] 6362817K(10982400K), 0.0677340 secs] [Times: user=1.35 sys=0.01, real=0.07 secs] 
76406.251: [GC 76406.252: [ParNew: 2297637K->25462K(2534400K), 0.0340540 secs] 7341238K->5069063K(10982400K), 0.0358120 secs] [Times: user=0.47 sys=0.00, real=0.03 secs] 
76434.543: [GC 76434.552: [ParNew: 2278262K->53311K(2534400K), 0.0503240 secs] 7152351K->4927400K(10982400K), 0.0522160 secs] [Times: user=0.52 sys=0.01, real=0.06 secs] 
76454.213: [GC 76454.214: [ParNew: 2306111K->63643K(2534400K), 0.0672740 secs] 7180200K->4940778K(10982400K), 0.0689850 secs] [Times: user=0.54 sys=0.00, real=0.07 secs] 
76484.679: [GC 76484.680: [ParNew: 2316443K->67524K(2534400K), 0.0677190 secs] 7193578K->4946319K(10982400K), 0.0694400 secs] [Times: user=0.62 sys=0.00, real=0.07 secs] 
76489.125: [GC 76489.126: [ParNew: 2320324K->72543K(2534400K), 0.0367110 secs] 7199119K->4952934K(10982400K), 0.0383530 secs] [Times: user=0.56 sys=0.00, real=0.04 secs] 
76507.501: [GC 76507.502: [ParNew: 2325343K->80688K(2534400K), 0.0757940 secs] 7205734K->4970968K(10982400K), 0.0774830 secs] [Times: user=0.59 sys=0.00, real=0.08 secs] 
76527.166: [GC 76527.167: [ParNew: 2333481K->99650K(2534400K), 0.0849280 secs] 7223761K->4994990K(10982400K), 0.0866430 secs] [Times: user=0.70 sys=0.00, real=0.09 secs] 
76546.526: [GC 76546.527: [ParNew: 2352450K->281600K(2534400K), 0.8644260 secs] 7247790K->5417256K(10982400K), 0.8662150 secs] [Times: user=12.71 sys=0.23, real=0.87 secs] 
76547.400: [GC [1 CMS-initial-mark: 5135656K(8448000K)] 5418373K(10982400K), 0.2412070 secs] [Times: user=0.24 sys=0.00, real=0.25 secs] 
76550.459: [GC 76550.460: [ParNew: 2534400K->224715K(2534400K), 0.3914320 secs] 7670056K->5637588K(10982400K), 0.3930790 secs] [Times: user=2.75 sys=0.06, real=0.40 secs] 
76552.574: [GC[YG occupancy: 1559921 K (2534400 K)]76552.575: [Rescan (parallel) , 0.0913030 secs]76552.666: [weak refs processing, 0.0556750 secs] [1 CMS-remark: 5412873K(8448000K)] 6972795K(10982400K), 0.1478960 secs] [Times: user=2.06 sys=0.00, real=0.14 secs] 
76559.899: [GC 76559.900: [ParNew: 2477515K->281600K(2534400K), 0.0820130 secs] 7570747K->5385919K(10982400K), 0.0837800 secs] [Times: user=1.33 sys=0.00, real=0.08 secs] 
76559.989: [GC [1 CMS-initial-mark: 5104319K(8448000K)] 5386032K(10982400K), 0.2460030 secs] [Times: user=0.25 sys=0.00, real=0.25 secs] 
76567.815: [GC[YG occupancy: 1130733 K (2534400 K)]76567.815: [Rescan (parallel) , 0.3564120 secs]76568.172: [weak refs processing, 0.0015730 secs] [1 CMS-remark: 5104319K(8448000K)] 6235052K(10982400K), 0.3587570 secs] [Times: user=7.25 sys=0.03, real=0.35 secs] 
76579.412: [GC 76579.413: [ParNew: 2534400K->242208K(2534400K), 0.1798650 secs] 7139376K->4981387K(10982400K), 0.1816560 secs] [Times: user=1.42 sys=0.01, real=0.18 secs] 
76591.071: [GC 76591.072: [ParNew: 2495008K->195095K(2534400K), 0.0526120 secs] 7234187K->4934274K(10982400K), 0.0544170 secs] [Times: user=0.82 sys=0.01, real=0.05 secs] 
76598.823: [GC 76598.824: [ParNew: 2447895K->189369K(2534400K), 0.0446270 secs] 7187074K->4928549K(10982400K), 0.0464160 secs] [Times: user=0.76 sys=0.00, real=0.05 secs] 
76615.147: [GC 76615.148: [ParNew: 2442162K->134654K(2534400K), 0.1269280 secs] 7181341K->4984595K(10982400K), 0.1286270 secs] [Times: user=0.85 sys=0.01, real=0.13 secs] 
76627.097: [GC 76627.195: [ParNew: 2387454K->50415K(2534400K), 0.0444470 secs] 7237395K->4906033K(10982400K), 0.0461300 secs] [Times: user=0.52 sys=0.00, real=0.14 secs] 
76647.682: [GC 76647.683: [ParNew: 2303215K->50045K(2534400K), 0.0703980 secs] 7158833K->4911906K(10982400K), 0.0721850 secs] [Times: user=0.55 sys=0.01, real=0.07 secs] 
76655.899: [GC 76655.900: [ParNew: 2302845K->69280K(2534400K), 0.0791150 secs] 7164706K->4932641K(10982400K), 0.0808730 secs] [Times: user=0.53 sys=0.00, real=0.08 secs] 
76662.575: [GC 76662.576: [ParNew: 2322080K->45546K(2534400K), 0.0551540 secs] 7185441K->4913903K(10982400K), 0.0568960 secs] [Times: user=0.51 sys=0.00, real=0.06 secs] 
76670.396: [GC 76670.397: [ParNew: 2298346K->112730K(2534400K), 0.0441870 secs] 7166703K->4984730K(10982400K), 0.0459390 secs] [Times: user=0.67 sys=0.00, real=0.05 secs] 
76681.691: [GC 76681.692: [ParNew: 2365530K->83048K(2534400K), 0.0391710 secs] 7237530K->4959350K(10982400K), 0.0409460 secs] [Times: user=0.51 sys=0.00, real=0.05 secs] 
76700.545: [GC 76700.546: [ParNew: 2335848K->50174K(2534400K), 0.0690180 secs] 7212150K->4929427K(10982400K), 0.0707830 secs] [Times: user=0.53 sys=0.00, real=0.07 secs] 
76726.017: [GC 76726.018: [ParNew: 2302974K->150151K(2534400K), 0.0694470 secs] 7182227K->5033111K(10982400K), 0.0712490 secs] [Times: user=0.77 sys=0.01, real=0.07 secs] 
76743.068: [GC 76743.069: [ParNew: 2402951K->136344K(2534400K), 0.0599720 secs] 7285911K->5021621K(10982400K), 0.0616980 secs] [Times: user=0.73 sys=0.00, real=0.06 secs] 
76752.291: [GC 76752.292: [ParNew: 2389144K->94702K(2534400K), 0.0420500 secs] 7274421K->4982468K(10982400K), 0.0437240 secs] [Times: user=0.46 sys=0.00, real=0.05 secs] 
76759.010: [GC 76759.011: [ParNew: 2347502K->43080K(2534400K), 0.0437600 secs] 7235268K->4935809K(10982400K), 0.0454370 secs] [Times: user=0.48 sys=0.00, real=0.05 secs] 
76784.884: [GC 76784.885: [ParNew: 2295880K->53083K(2534400K), 0.0637670 secs] 7188609K->4952027K(10982400K), 0.0654840 secs] [Times: user=0.58 sys=0.01, real=0.07 secs] 
76808.036: [GC 76808.037: [ParNew: 2305883K->55501K(2534400K), 0.0637020 secs] 7204827K->4958630K(10982400K), 0.0654280 secs] [Times: user=0.57 sys=0.00, real=0.07 secs] 
76817.790: [GC 76817.791: [ParNew: 2308301K->281600K(2534400K), 0.0678950 secs] 7211430K->5187226K(10982400K), 0.0696630 secs] [Times: user=1.19 sys=0.00, real=0.07 secs] 
76824.890: [GC 76824.891: [ParNew: 2534400K->209248K(2534400K), 0.1189040 secs] 7440026K->5197121K(10982400K), 0.1206700 secs] [Times: user=0.88 sys=0.04, real=0.12 secs] 
76835.348: [GC 76835.348: [ParNew: 2462015K->96650K(2534400K), 0.0461320 secs] 7449888K->5084523K(10982400K), 0.0479010 secs] [Times: user=0.64 sys=0.01, real=0.05 secs] 
76862.885: [GC 76862.886: [ParNew: 2349450K->119285K(2534400K), 0.0587100 secs] 7337323K->5107158K(10982400K), 0.0604100 secs] [Times: user=0.62 sys=0.00, real=0.06 secs] 
76881.540: [GC 76881.541: [ParNew: 2372085K->119789K(2534400K), 0.0549860 secs] 7359958K->5107662K(10982400K), 0.0566930 secs] [Times: user=0.57 sys=0.01, real=0.06 secs] 
76889.846: [GC 76889.847: [ParNew: 2372589K->212477K(2534400K), 0.0948390 secs] 7360462K->5251872K(10982400K), 0.0966250 secs] [Times: user=1.04 sys=0.01, real=0.09 secs] 
76907.405: [GC 76907.406: [ParNew: 2465277K->155694K(2534400K), 0.0803350 secs] 7504672K->5243051K(10982400K), 0.0821510 secs] [Times: user=0.64 sys=0.01, real=0.09 secs] 
76907.495: [GC [1 CMS-initial-mark: 5087356K(8448000K)] 5259149K(10982400K), 0.0899330 secs] [Times: user=0.09 sys=0.00, real=0.09 secs] 
76915.429: [GC[YG occupancy: 1189845 K (2534400 K)]76915.430: [Rescan (parallel) , 0.4658820 secs]76915.896: [weak refs processing, 0.0172440 secs] [1 CMS-remark: 5087356K(8448000K)] 6277201K(10982400K), 0.4841160 secs] [Times: user=9.47 sys=0.03, real=0.48 secs] 
76927.537: [GC 76927.538: [ParNew: 2408494K->101392K(2534400K), 0.0600030 secs] 7095599K->4788497K(10982400K), 0.0617750 secs] [Times: user=0.63 sys=0.00, real=0.06 secs] 
76951.583: [GC 76951.584: [ParNew: 2354192K->121856K(2534400K), 0.0708690 secs] 7041297K->4808961K(10982400K), 0.0726570 secs] [Times: user=0.71 sys=0.01, real=0.07 secs] 
76979.706: [GC 76979.707: [ParNew: 2374656K->132908K(2534400K), 0.0683170 secs] 7061761K->4820013K(10982400K), 0.0701040 secs] [Times: user=0.65 sys=0.00, real=0.08 secs] 
76997.724: [GC 76997.726: [ParNew: 2385708K->95629K(2534400K), 0.0971830 secs] 7072813K->4831876K(10982400K), 0.0991730 secs] [Times: user=0.59 sys=0.01, real=0.10 secs] 
77010.742: [GC 77010.743: [ParNew: 2348429K->76110K(2534400K), 0.0484390 secs] 7084676K->4819122K(10982400K), 0.0502250 secs] [Times: user=0.55 sys=0.00, real=0.05 secs] 
77029.702: [GC 77029.703: [ParNew: 2328910K->78319K(2534400K), 0.0623160 secs] 7071922K->4827905K(10982400K), 0.0640920 secs] [Times: user=0.62 sys=0.00, real=0.07 secs] 
77054.743: [GC 77054.744: [ParNew: 2331119K->64867K(2534400K), 0.0738760 secs] 7080705K->4829684K(10982400K), 0.0756740 secs] [Times: user=0.54 sys=0.00, real=0.08 secs] 
77082.015: [GC 77082.016: [ParNew: 2317667K->61685K(2534400K), 0.0769080 secs] 7082484K->4831193K(10982400K), 0.0787020 secs] [Times: user=0.59 sys=0.00, real=0.08 secs] 
77107.818: [GC 77107.819: [ParNew: 2314485K->61856K(2534400K), 0.0660510 secs] 7083993K->4834915K(10982400K), 0.0678540 secs] [Times: user=0.54 sys=0.00, real=0.06 secs] 
77135.332: [GC 77135.333: [ParNew: 2314602K->66435K(2534400K), 0.0641790 secs] 7087662K->4846015K(10982400K), 0.0659130 secs] [Times: user=0.56 sys=0.00, real=0.06 secs] 
77145.653: [GC 77145.654: [ParNew: 2319200K->55228K(2534400K), 0.0518040 secs] 7098779K->4841134K(10982400K), 0.0535780 secs] [Times: user=0.59 sys=0.00, real=0.05 secs] 
77167.431: [GC 77167.432: [ParNew: 2308028K->59073K(2534400K), 0.0610190 secs] 7093934K->4851279K(10982400K), 0.0628290 secs] [Times: user=0.58 sys=0.01, real=0.06 secs] 
77190.690: [GC 77190.691: [ParNew: 2311873K->60223K(2534400K), 0.0628620 secs] 7104079K->4859455K(10982400K), 0.0646380 secs] [Times: user=0.57 sys=0.01, real=0.06 secs] 
77219.091: [GC 77219.092: [ParNew: 2313023K->59382K(2534400K), 0.0685360 secs] 7112255K->4866010K(10982400K), 0.0703250 secs] [Times: user=0.56 sys=0.00, real=0.07 secs] 
77238.535: [GC 77238.536: [ParNew: 2312182K->80869K(2534400K), 0.0841700 secs] 7118810K->4889454K(10982400K), 0.0859640 secs] [Times: user=0.64 sys=0.01, real=0.09 secs] 
77244.152: [GC 77244.153: [ParNew: 2333607K->125624K(2534400K), 0.1139680 secs] 7142192K->4940769K(10982400K), 0.1157560 secs] [Times: user=0.53 sys=0.01, real=0.12 secs] 
77264.003: [GC 77264.004: [ParNew: 2378424K->64767K(2534400K), 0.0611490 secs] 7193569K->4887331K(10982400K), 0.0629330 secs] [Times: user=0.57 sys=0.01, real=0.06 secs] 
77268.537: [GC 77268.538: [ParNew: 2317567K->72887K(2534400K), 0.0403730 secs] 7140131K->4902803K(10982400K), 0.0421080 secs] [Times: user=0.60 sys=0.00, real=0.04 secs] 
77287.767: [GC 77287.768: [ParNew: 2325687K->55879K(2534400K), 0.0558570 secs] 7155603K->4891324K(10982400K), 0.0576400 secs] [Times: user=0.53 sys=0.00, real=0.06 secs] 
77309.207: [GC 77309.208: [ParNew: 2308679K->45302K(2534400K), 0.0575990 secs] 7144124K->4882758K(10982400K), 0.0593960 secs] [Times: user=0.54 sys=0.00, real=0.06 secs] 
77343.308: [GC 77343.309: [ParNew: 2298102K->55861K(2534400K), 0.0739720 secs] 7135558K->4899114K(10982400K), 0.0757770 secs] [Times: user=0.62 sys=0.00, real=0.08 secs] 
77362.169: [GC 77362.170: [ParNew: 2308661K->65350K(2534400K), 0.0654310 secs] 7151914K->4909501K(10982400K), 0.0672380 secs] [Times: user=0.53 sys=0.01, real=0.07 secs] 
77392.880: [GC 77392.881: [ParNew: 2318137K->72104K(2534400K), 0.0741020 secs] 7162288K->4921309K(10982400K), 0.0759400 secs] [Times: user=0.60 sys=0.01, real=0.07 secs] 
77405.767: [GC 77405.767: [ParNew: 2324904K->64932K(2534400K), 0.0432150 secs] 7174109K->4920038K(10982400K), 0.0449790 secs] [Times: user=0.51 sys=0.00, real=0.05 secs] 
77420.930: [GC 77420.931: [ParNew: 2317732K->55259K(2534400K), 0.0540750 secs] 7172838K->4919014K(10982400K), 0.0558350 secs] [Times: user=0.54 sys=0.01, real=0.06 secs] 
77443.807: [GC 77443.808: [ParNew: 2308059K->76440K(2534400K), 0.0568190 secs] 7171814K->4945550K(10982400K), 0.0585300 secs] [Times: user=0.53 sys=0.00, real=0.06 secs] 
77466.548: [GC 77466.549: [ParNew: 2329240K->79122K(2534400K), 0.0744540 secs] 7198350K->4957546K(10982400K), 0.0762690 secs] [Times: user=0.67 sys=0.01, real=0.08 secs] 
77482.860: [GC 77482.861: [ParNew: 2331922K->113062K(2534400K), 0.0585900 secs] 7210346K->4994458K(10982400K), 0.0603990 secs] [Times: user=0.59 sys=0.00, real=0.06 secs] 
77493.238: [GC 77493.239: [ParNew: 2365862K->110611K(2534400K), 0.0418030 secs] 7247258K->4996057K(10982400K), 0.0435890 secs] [Times: user=0.56 sys=0.00, real=0.04 secs] 
77501.854: [GC 77501.855: [ParNew: 2363407K->105939K(2534400K), 0.0566160 secs] 7248853K->5013641K(10982400K), 0.0583930 secs] [Times: user=0.64 sys=0.01, real=0.06 secs] 
77510.453: [GC 77510.454: [ParNew: 2358739K->108808K(2534400K), 0.0698700 secs] 7266441K->5022420K(10982400K), 0.0716650 secs] [Times: user=0.57 sys=0.01, real=0.07 secs] 
77515.918: [GC 77515.919: [ParNew: 2361608K->152980K(2534400K), 0.1404660 secs] 7275220K->5101099K(10982400K), 0.1421470 secs] [Times: user=0.68 sys=0.01, real=0.15 secs] 
77520.942: [GC 77520.943: [ParNew: 2405780K->152305K(2534400K), 0.1430670 secs] 7353899K->5105845K(10982400K), 0.1448190 secs] [Times: user=0.69 sys=0.01, real=0.14 secs] 
77524.167: [GC 77524.168: [ParNew: 2405105K->115405K(2534400K), 0.1067100 secs] 7358645K->5074190K(10982400K), 0.1084650 secs] [Times: user=0.61 sys=0.00, real=0.11 secs] 
77527.654: [GC 77527.655: [ParNew: 2368205K->42484K(2534400K), 0.0501850 secs] 7326990K->5005294K(10982400K), 0.0518450 secs] [Times: user=0.51 sys=0.00, real=0.05 secs] 
77551.924: [GC 77551.925: [ParNew: 2295284K->47560K(2534400K), 0.0713340 secs] 7258094K->5014232K(10982400K), 0.0731350 secs] [Times: user=0.63 sys=0.00, real=0.07 secs] 
77577.501: [GC 77577.502: [ParNew: 2300360K->52708K(2534400K), 0.0675140 secs] 7267032K->5023320K(10982400K), 0.0693320 secs] [Times: user=0.57 sys=0.01, real=0.07 secs] 
77588.856: [GC 77588.857: [ParNew: 2305508K->108625K(2534400K), 0.1027960 secs] 7276120K->5081540K(10982400K), 0.1045830 secs] [Times: user=0.57 sys=0.00, real=0.11 secs] 
77591.224: [GC 77591.225: [ParNew: 2361425K->51790K(2534400K), 0.0477280 secs] 7334340K->5025398K(10982400K), 0.0494340 secs] [Times: user=0.49 sys=0.00, real=0.05 secs] 
77615.794: [GC 77615.795: [ParNew: 2304586K->55191K(2534400K), 0.0663600 secs] 7278195K->5036196K(10982400K), 0.0681570 secs] [Times: user=0.60 sys=0.01, real=0.06 secs] 
77645.860: [GC 77645.861: [ParNew: 2307991K->53691K(2534400K), 0.0727550 secs] 7288996K->5041836K(10982400K), 0.0745520 secs] [Times: user=0.58 sys=0.01, real=0.07 secs] 
77654.081: [GC 77654.082: [ParNew: 2306491K->52422K(2534400K), 0.0469810 secs] 7294636K->5045635K(10982400K), 0.0487550 secs] [Times: user=0.52 sys=0.00, real=0.05 secs] 
77660.703: [GC 77660.704: [ParNew: 2305222K->45341K(2534400K), 0.0353080 secs] 7298435K->5039338K(10982400K), 0.0370680 secs] [Times: user=0.43 sys=0.00, real=0.03 secs] 
77679.669: [GC 77679.670: [ParNew: 2298141K->48202K(2534400K), 0.0567950 secs] 7292138K->5048306K(10982400K), 0.0585750 secs] [Times: user=0.61 sys=0.00, real=0.06 secs] 
77707.856: [GC 77707.857: [ParNew: 2301002K->56998K(2534400K), 0.0771890 secs] 7301106K->5064550K(10982400K), 0.0789830 secs] [Times: user=0.59 sys=0.00, real=0.08 secs] 
77733.071: [GC 77733.072: [ParNew: 2309798K->58189K(2534400K), 0.0613010 secs] 7317350K->5068254K(10982400K), 0.0631020 secs] [Times: user=0.57 sys=0.00, real=0.07 secs] 
77760.210: [GC 77760.211: [ParNew: 2310989K->70735K(2534400K), 0.0689420 secs] 7321054K->5082362K(10982400K), 0.0707460 secs] [Times: user=0.57 sys=0.00, real=0.07 secs] 
77780.513: [GC 77780.514: [ParNew: 2323535K->71573K(2534400K), 0.0803170 secs] 7335162K->5089176K(10982400K), 0.0821010 secs] [Times: user=0.72 sys=0.00, real=0.08 secs] 
77791.611: [GC 77791.612: [ParNew: 2324373K->56148K(2534400K), 0.0469420 secs] 7341976K->5081141K(10982400K), 0.0486260 secs] [Times: user=0.61 sys=0.00, real=0.04 secs] 
77822.560: [GC 77822.561: [ParNew: 2308948K->72359K(2534400K), 0.0645620 secs] 7333941K->5105000K(10982400K), 0.0672140 secs] [Times: user=0.53 sys=0.00, real=0.07 secs] 
77837.641: [GC 77837.643: [ParNew: 2325159K->167317K(2534400K), 0.1600640 secs] 7357800K->5207620K(10982400K), 0.1626860 secs] [Times: user=0.68 sys=0.00, real=0.16 secs] 
77871.008: [GC 77871.010: [ParNew: 2420117K->49897K(2534400K), 0.0680300 secs] 7460420K->5109328K(10982400K), 0.0706670 secs] [Times: user=0.49 sys=0.00, real=0.07 secs] 
77893.051: [GC 77893.052: [ParNew: 2302697K->182234K(2534400K), 0.1413720 secs] 7362128K->5241664K(10982400K), 0.1440450 secs] [Times: user=0.77 sys=0.01, real=0.14 secs] 
77899.779: [GC 77899.780: [ParNew: 2435034K->209376K(2534400K), 0.2288490 secs] 7494464K->5329187K(10982400K), 0.2314660 secs] [Times: user=0.80 sys=0.02, real=0.23 secs] 
77900.019: [GC [1 CMS-initial-mark: 5119810K(8448000K)] 5337786K(10982400K), 0.1182290 secs] [Times: user=0.12 sys=0.00, real=0.12 secs] 
77903.203: [GC 77903.205: [ParNew: 2462176K->131820K(2534400K), 0.1455500 secs] 7581987K->5259936K(10982400K), 0.1481820 secs] [Times: user=0.58 sys=0.00, real=0.15 secs] 
77905.335: [GC[YG occupancy: 1278370 K (2534400 K)]77905.336: [Rescan (parallel) , 0.3476520 secs]77905.684: [weak refs processing, 0.2197110 secs] [1 CMS-remark: 5128115K(8448000K)] 6406486K(10982400K), 0.5696710 secs] [Times: user=7.34 sys=0.02, real=0.57 secs] 
77912.139: [GC 77912.141: [ParNew: 2384620K->62371K(2534400K), 0.0828670 secs] 7248581K->4926331K(10982400K), 0.0854810 secs] [Times: user=0.52 sys=0.00, real=0.08 secs] 
77917.895: [GC 77917.896: [ParNew: 2315171K->28242K(2534400K), 0.0355340 secs] 7179131K->4892202K(10982400K), 0.0379080 secs] [Times: user=0.48 sys=0.00, real=0.04 secs] 
77922.621: [GC 77922.623: [ParNew: 2281042K->54477K(2534400K), 0.0389290 secs] 7145002K->4918437K(10982400K), 0.0411660 secs] [Times: user=0.59 sys=0.00, real=0.04 secs] 
77946.602: [GC 77946.603: [ParNew: 2307277K->47683K(2534400K), 0.0534880 secs] 7171237K->4915706K(10982400K), 0.0561070 secs] [Times: user=0.45 sys=0.01, real=0.06 secs] 
77967.053: [GC 77967.054: [ParNew: 2300483K->46399K(2534400K), 0.0722490 secs] 7168506K->4917504K(10982400K), 0.0748720 secs] [Times: user=0.57 sys=0.01, real=0.08 secs] 
77996.015: [GC 77996.016: [ParNew: 2299199K->50645K(2534400K), 0.0545580 secs] 7170304K->4923015K(10982400K), 0.0571970 secs] [Times: user=0.49 sys=0.00, real=0.06 secs] 
78021.313: [GC 78021.314: [ParNew: 2303445K->63590K(2534400K), 0.0705320 secs] 7175815K->4937202K(10982400K), 0.0731540 secs] [Times: user=0.58 sys=0.00, real=0.08 secs] 
78043.126: [GC 78043.128: [ParNew: 2316363K->67153K(2534400K), 0.0591840 secs] 7189975K->4947797K(10982400K), 0.0617840 secs] [Times: user=0.58 sys=0.01, real=0.07 secs] 
78049.412: [GC 78049.414: [ParNew: 2319757K->50525K(2534400K), 0.0365550 secs] 7200402K->4935671K(10982400K), 0.0391550 secs] [Times: user=0.51 sys=0.01, real=0.04 secs] 
78067.189: [GC 78067.190: [ParNew: 2303325K->49892K(2534400K), 0.0565660 secs] 7188471K->4942759K(10982400K), 0.0591920 secs] [Times: user=0.62 sys=0.00, real=0.06 secs] 
78091.509: [GC 78091.510: [ParNew: 2302692K->77439K(2534400K), 0.0875420 secs] 7195559K->4976732K(10982400K), 0.0901830 secs] [Times: user=0.58 sys=0.00, real=0.09 secs] 
78125.184: [GC 78125.185: [ParNew: 2330239K->69472K(2534400K), 0.0649930 secs] 7229532K->4975439K(10982400K), 0.0676730 secs] [Times: user=0.58 sys=0.00, real=0.07 secs] 
78149.702: [GC 78149.703: [ParNew: 2322272K->72867K(2534400K), 0.0688970 secs] 7228239K->4980340K(10982400K), 0.0714260 secs] [Times: user=0.56 sys=0.00, real=0.07 secs] 
78174.161: [GC 78174.162: [ParNew: 2325643K->66781K(2534400K), 0.0628640 secs] 7233117K->4979448K(10982400K), 0.0653880 secs] [Times: user=0.58 sys=0.00, real=0.06 secs] 
78182.015: [GC 78182.016: [ParNew: 2319581K->58869K(2534400K), 0.0365840 secs] 7232248K->4977016K(10982400K), 0.0391490 secs] [Times: user=0.44 sys=0.00, real=0.04 secs] 
78200.323: [GC 78200.324: [ParNew: 2311660K->68470K(2534400K), 0.0690960 secs] 7229808K->4995570K(10982400K), 0.0717210 secs] [Times: user=0.60 sys=0.00, real=0.07 secs] 
78220.253: [GC 78220.254: [ParNew: 2321270K->55464K(2534400K), 0.0563640 secs] 7248370K->4989285K(10982400K), 0.0590050 secs] [Times: user=0.60 sys=0.01, real=0.06 secs] 
78245.413: [GC 78245.414: [ParNew: 2308264K->56140K(2534400K), 0.0644590 secs] 7242085K->4997275K(10982400K), 0.0671070 secs] [Times: user=0.64 sys=0.00, real=0.07 secs] 
78272.282: [GC 78272.284: [ParNew: 2308940K->65359K(2534400K), 0.0748230 secs] 7250075K->5008350K(10982400K), 0.0774730 secs] [Times: user=0.62 sys=0.01, real=0.08 secs] 
78301.893: [GC 78301.894: [ParNew: 2318159K->68207K(2534400K), 0.0690060 secs] 7261150K->5017144K(10982400K), 0.0716910 secs] [Times: user=0.65 sys=0.00, real=0.07 secs] 
78310.082: [GC 78310.084: [ParNew: 2321007K->56312K(2534400K), 0.0494670 secs] 7269944K->5011412K(10982400K), 0.0520610 secs] [Times: user=0.48 sys=0.00, real=0.05 secs] 
78328.519: [GC 78328.521: [ParNew: 2309112K->78686K(2534400K), 0.0768650 secs] 7264212K->5042054K(10982400K), 0.0795030 secs] [Times: user=0.65 sys=0.00, real=0.08 secs] 
78363.373: [GC 78363.375: [ParNew: 2331486K->73128K(2534400K), 0.0727920 secs] 7294854K->5042775K(10982400K), 0.0754290 secs] [Times: user=0.67 sys=0.00, real=0.08 secs] 
78383.049: [GC 78383.050: [ParNew: 2325928K->67131K(2534400K), 0.0608380 secs] 7295575K->5044523K(10982400K), 0.0631200 secs] [Times: user=0.64 sys=0.00, real=0.07 secs] 
78409.422: [GC 78409.424: [ParNew: 2319931K->84393K(2534400K), 0.0793440 secs] 7297323K->5063709K(10982400K), 0.0822230 secs] [Times: user=0.68 sys=0.00, real=0.09 secs] 
78429.079: [GC 78429.081: [ParNew: 2337193K->66220K(2534400K), 0.0689110 secs] 7316509K->5058018K(10982400K), 0.0715320 secs] [Times: user=0.53 sys=0.00, real=0.07 secs] 
78449.703: [GC 78449.704: [ParNew: 2319020K->52187K(2534400K), 0.0482950 secs] 7310818K->5054005K(10982400K), 0.0509350 secs] [Times: user=0.46 sys=0.00, real=0.05 secs] 
78478.841: [GC 78478.842: [ParNew: 2304987K->61544K(2534400K), 0.0648150 secs] 7306805K->5068235K(10982400K), 0.0674410 secs] [Times: user=0.55 sys=0.00, real=0.07 secs] 
78504.617: [GC 78504.618: [ParNew: 2314344K->55964K(2534400K), 0.0691440 secs] 7321035K->5068716K(10982400K), 0.0717920 secs] [Times: user=0.59 sys=0.00, real=0.08 secs] 
78504.698: [GC 78504.699: [ParNew: 56027K->54868K(2534400K), 0.0317590 secs] 5068778K->5072841K(10982400K), 0.0341970 secs] [Times: user=0.59 sys=0.01, real=0.04 secs] 
78522.563: [GC 78522.565: [ParNew: 2307668K->61404K(2534400K), 0.0644180 secs] 7325641K->5083950K(10982400K), 0.0670160 secs] [Times: user=0.64 sys=0.00, real=0.06 secs] 
78548.197: [GC 78548.198: [ParNew: 2314204K->52281K(2534400K), 0.0631190 secs] 7336750K->5081975K(10982400K), 0.0657770 secs] [Times: user=0.52 sys=0.01, real=0.06 secs] 
78566.066: [GC 78566.068: [ParNew: 2305081K->47868K(2534400K), 0.0489420 secs] 7334775K->5083450K(10982400K), 0.0515760 secs] [Times: user=0.47 sys=0.00, real=0.06 secs] 
78595.500: [GC 78595.502: [ParNew: 2300668K->89356K(2534400K), 0.0872930 secs] 7336250K->5124939K(10982400K), 0.0899520 secs] [Times: user=0.55 sys=0.00, real=0.09 secs] 
78611.089: [GC 78611.090: [ParNew: 2342123K->52601K(2534400K), 0.0606090 secs] 7377705K->5096233K(10982400K), 0.0632190 secs] [Times: user=0.52 sys=0.00, real=0.06 secs] 
78644.984: [GC 78644.985: [ParNew: 2305401K->61762K(2534400K), 0.0789550 secs] 7349033K->5111595K(10982400K), 0.0816160 secs] [Times: user=0.70 sys=0.01, real=0.08 secs] 
78667.966: [GC 78667.967: [ParNew: 2314562K->62626K(2534400K), 0.0634420 secs] 7364395K->5116334K(10982400K), 0.0660560 secs] [Times: user=0.60 sys=0.00, real=0.06 secs] 
78685.827: [GC 78685.829: [ParNew: 2315426K->55182K(2534400K), 0.0514150 secs] 7369134K->5115941K(10982400K), 0.0539230 secs] [Times: user=0.51 sys=0.00, real=0.05 secs] 
78707.030: [GC 78707.031: [ParNew: 2307982K->61260K(2534400K), 0.0606140 secs] 7368741K->5125293K(10982400K), 0.0632580 secs] [Times: user=0.57 sys=0.01, real=0.07 secs] 
78731.687: [GC 78731.688: [ParNew: 2314060K->59793K(2534400K), 0.0729730 secs] 7378093K->5131914K(10982400K), 0.0756010 secs] [Times: user=0.69 sys=0.00, real=0.07 secs] 
78731.772: [GC [1 CMS-initial-mark: 5072120K(8448000K)] 5133071K(10982400K), 0.0810170 secs] [Times: user=0.08 sys=0.00, real=0.09 secs] 
78739.381: [GC[YG occupancy: 691244 K (2534400 K)]78739.382: [Rescan (parallel) , 0.6092860 secs]78739.991: [weak refs processing, 0.0834840 secs] [1 CMS-remark: 5072120K(8448000K)] 5763365K(10982400K), 0.6947380 secs] [Times: user=12.40 sys=0.05, real=0.70 secs] 
78762.686: [GC 78762.687: [ParNew: 2312593K->68263K(2534400K), 0.0656950 secs] 7060253K->4821466K(10982400K), 0.0683790 secs] [Times: user=0.54 sys=0.01, real=0.07 secs] 
78780.744: [GC 78780.745: [ParNew: 2321063K->230793K(2534400K), 0.1968160 secs] 7074266K->4988268K(10982400K), 0.1985210 secs] [Times: user=0.76 sys=0.00, real=0.20 secs] 
78801.710: [GC 78801.711: [ParNew: 2483593K->58953K(2534400K), 0.0911500 secs] 7241068K->4859549K(10982400K), 0.0929370 secs] [Times: user=0.62 sys=0.02, real=0.10 secs] 
78812.692: [GC 78812.693: [ParNew: 2311753K->53189K(2534400K), 0.0459790 secs] 7112349K->4853786K(10982400K), 0.0477480 secs] [Times: user=0.66 sys=0.01, real=0.05 secs] 
78815.340: [GC 78815.341: [ParNew: 2305989K->56508K(2534400K), 0.0313160 secs] 7106586K->4857105K(10982400K), 0.0330040 secs] [Times: user=0.50 sys=0.01, real=0.03 secs] 
78831.128: [GC 78831.129: [ParNew: 2309308K->54391K(2534400K), 0.0522610 secs] 7109905K->4854987K(10982400K), 0.0539780 secs] [Times: user=0.52 sys=0.00, real=0.06 secs] 
78854.120: [GC 78854.120: [ParNew: 2307191K->51638K(2534400K), 0.0665920 secs] 7107787K->4858456K(10982400K), 0.0683670 secs] [Times: user=0.57 sys=0.00, real=0.07 secs] 
78885.586: [GC 78885.587: [ParNew: 2304438K->61331K(2534400K), 0.0702260 secs] 7111256K->4871251K(10982400K), 0.0720150 secs] [Times: user=0.63 sys=0.00, real=0.08 secs] 
78905.095: [GC 78905.096: [ParNew: 2314131K->259970K(2534400K), 0.2332920 secs] 7124051K->5070553K(10982400K), 0.2350760 secs] [Times: user=0.79 sys=0.01, real=0.24 secs] 
78915.329: [GC 78915.330: [ParNew: 2512770K->176280K(2534400K), 0.1758530 secs] 7323353K->5015717K(10982400K), 0.1776350 secs] [Times: user=0.75 sys=0.01, real=0.18 secs] 
78921.357: [GC 78921.358: [ParNew: 2429080K->177773K(2534400K), 0.1833150 secs] 7268517K->5022799K(10982400K), 0.1850460 secs] [Times: user=0.71 sys=0.00, real=0.18 secs] 
78924.234: [GC 78924.235: [ParNew: 2430573K->211166K(2534400K), 0.2160320 secs] 7275599K->5063433K(10982400K), 0.2177420 secs] [Times: user=0.74 sys=0.00, real=0.21 secs] 
78926.437: [GC 78926.438: [ParNew: 2463966K->110781K(2534400K), 0.1342610 secs] 7316233K->4971056K(10982400K), 0.1359190 secs] [Times: user=0.49 sys=0.00, real=0.14 secs] 
78940.920: [GC 78940.921: [ParNew: 2363581K->22771K(2534400K), 0.0493380 secs] 7223856K->4883046K(10982400K), 0.0511160 secs] [Times: user=0.54 sys=0.00, real=0.05 secs] 
78946.062: [GC 78946.063: [ParNew: 2275571K->28047K(2534400K), 0.0375780 secs] 7135846K->4888322K(10982400K), 0.0393140 secs] [Times: user=0.55 sys=0.00, real=0.04 secs] 
78951.569: [GC 78951.570: [ParNew: 2280847K->67212K(2534400K), 0.0725880 secs] 7141122K->4927487K(10982400K), 0.0742810 secs] [Times: user=0.53 sys=0.00, real=0.07 secs] 
78967.948: [GC 78967.949: [ParNew: 2320012K->79819K(2534400K), 0.0933960 secs] 7180287K->4941226K(10982400K), 0.0951770 secs] [Times: user=0.51 sys=0.00, real=0.10 secs] 
78997.347: [GC 78997.348: [ParNew: 2332619K->47590K(2534400K), 0.0660150 secs] 7194026K->4912451K(10982400K), 0.0678150 secs] [Times: user=0.61 sys=0.00, real=0.07 secs] 
79023.965: [GC 79023.966: [ParNew: 2300390K->53991K(2534400K), 0.0663990 secs] 7165251K->4919897K(10982400K), 0.0681960 secs] [Times: user=0.63 sys=0.00, real=0.07 secs] 
79051.895: [GC 79051.896: [ParNew: 2306791K->63901K(2534400K), 0.0618390 secs] 7172697K->4931147K(10982400K), 0.0636300 secs] [Times: user=0.41 sys=0.00, real=0.06 secs] 
79073.896: [GC 79073.897: [ParNew: 2316701K->64879K(2534400K), 0.0517480 secs] 7183947K->4937013K(10982400K), 0.0535140 secs] [Times: user=0.53 sys=0.00, real=0.05 secs] 
79078.440: [GC 79078.441: [ParNew: 2317679K->73463K(2534400K), 0.0532620 secs] 7189813K->4952972K(10982400K), 0.0549830 secs] [Times: user=0.46 sys=0.00, real=0.05 secs] 
79086.913: [GC 79086.914: [ParNew: 2326263K->141143K(2534400K), 0.1290710 secs] 7205772K->5026888K(10982400K), 0.1308430 secs] [Times: user=0.55 sys=0.00, real=0.13 secs] 
79099.280: [GC 79099.281: [ParNew: 2393943K->63762K(2534400K), 0.0788480 secs] 7279688K->4956638K(10982400K), 0.0806140 secs] [Times: user=0.64 sys=0.01, real=0.08 secs] 
79127.561: [GC 79127.562: [ParNew: 2316562K->45064K(2534400K), 0.0583210 secs] 7209438K->4945040K(10982400K), 0.0601190 secs] [Times: user=0.49 sys=0.00, real=0.06 secs] 
79141.921: [GC 79141.923: [ParNew: 2297864K->77428K(2534400K), 0.0849580 secs] 7197840K->4978561K(10982400K), 0.0875790 secs] [Times: user=0.64 sys=0.00, real=0.09 secs] 
79146.849: [GC 79146.850: [ParNew: 2330228K->72627K(2534400K), 0.0724600 secs] 7231361K->4975940K(10982400K), 0.0750640 secs] [Times: user=0.49 sys=0.00, real=0.07 secs] 
79154.001: [GC 79154.002: [ParNew: 2325427K->248476K(2534400K), 0.2186330 secs] 7228740K->5155680K(10982400K), 0.2212010 secs] [Times: user=0.62 sys=0.00, real=0.22 secs] 
79173.112: [GC 79173.113: [ParNew: 2501276K->91935K(2534400K), 0.1163680 secs] 7408480K->5015406K(10982400K), 0.1189960 secs] [Times: user=0.64 sys=0.01, real=0.12 secs] 
79194.456: [GC 79194.457: [ParNew: 2344735K->36494K(2534400K), 0.0479840 secs] 7268206K->4959964K(10982400K), 0.0504600 secs] [Times: user=0.49 sys=0.00, real=0.05 secs] 
79206.027: [GC 79206.028: [ParNew: 2289294K->43607K(2534400K), 0.0436950 secs] 7212764K->4967077K(10982400K), 0.0463060 secs] [Times: user=0.51 sys=0.00, real=0.04 secs] 
79209.252: [GC 79209.253: [ParNew: 2296407K->72848K(2534400K), 0.0556080 secs] 7219877K->4996319K(10982400K), 0.0581250 secs] [Times: user=0.50 sys=0.01, real=0.06 secs] 
79214.274: [GC 79214.275: [ParNew: 2325648K->54568K(2534400K), 0.0470890 secs] 7249119K->4983871K(10982400K), 0.0496170 secs] [Times: user=0.64 sys=0.01, real=0.05 secs] 
79237.377: [GC 79237.379: [ParNew: 2307368K->89313K(2534400K), 0.0573030 secs] 7236671K->5025690K(10982400K), 0.0599270 secs] [Times: user=0.60 sys=0.01, real=0.06 secs] 
79267.312: [GC 79267.313: [ParNew: 2342113K->105782K(2534400K), 0.0719620 secs] 7278490K->5044895K(10982400K), 0.0742650 secs] [Times: user=0.67 sys=0.01, real=0.08 secs] 
79295.023: [GC 79295.025: [ParNew: 2358582K->107360K(2534400K), 0.0687530 secs] 7297695K->5047721K(10982400K), 0.0713940 secs] [Times: user=0.56 sys=0.00, real=0.07 secs] 
79327.073: [GC 79327.074: [ParNew: 2360160K->125138K(2534400K), 0.0650240 secs] 7300521K->5066358K(10982400K), 0.0673290 secs] [Times: user=0.60 sys=0.00, real=0.07 secs] 
79340.716: [GC 79340.718: [ParNew: 2377938K->86996K(2534400K), 0.1374820 secs] 7319158K->5071651K(10982400K), 0.1400700 secs] [Times: user=0.56 sys=0.03, real=0.14 secs] 
79364.742: [GC 79364.744: [ParNew: 2339796K->58088K(2534400K), 0.0538430 secs] 7324451K->5050652K(10982400K), 0.0564620 secs] [Times: user=0.50 sys=0.00, real=0.06 secs] 
79392.267: [GC 79392.268: [ParNew: 2310888K->70210K(2534400K), 0.0755970 secs] 7303452K->5069240K(10982400K), 0.0782370 secs] [Times: user=0.62 sys=0.01, real=0.08 secs] 
79429.754: [GC 79429.755: [ParNew: 2323010K->72574K(2534400K), 0.0663470 secs] 7322040K->5079429K(10982400K), 0.0686650 secs] [Times: user=0.59 sys=0.01, real=0.07 secs] 
79449.609: [GC 79449.610: [ParNew: 2325374K->71208K(2534400K), 0.0655450 secs] 7332229K->5082142K(10982400K), 0.0681460 secs] [Times: user=0.57 sys=0.01, real=0.07 secs] 
79467.643: [GC 79467.644: [ParNew: 2324008K->77719K(2534400K), 0.0656700 secs] 7334942K->5095878K(10982400K), 0.0683070 secs] [Times: user=0.65 sys=0.01, real=0.07 secs] 
79485.978: [GC 79485.979: [ParNew: 2330519K->68723K(2534400K), 0.0482850 secs] 7348678K->5094476K(10982400K), 0.0508900 secs] [Times: user=0.49 sys=0.00, real=0.05 secs] 
79512.963: [GC 79512.965: [ParNew: 2321523K->68826K(2534400K), 0.0735860 secs] 7347276K->5104629K(10982400K), 0.0762250 secs] [Times: user=0.48 sys=0.01, real=0.07 secs] 
79548.768: [GC 79548.769: [ParNew: 2321626K->73148K(2534400K), 0.0740530 secs] 7357429K->5115421K(10982400K), 0.0767140 secs] [Times: user=0.55 sys=0.00, real=0.08 secs] 
79579.025: [GC 79579.026: [ParNew: 2325948K->71258K(2534400K), 0.0743240 secs] 7368221K->5118770K(10982400K), 0.0768330 secs] [Times: user=0.61 sys=0.01, real=0.07 secs] 
79596.279: [GC 79596.280: [ParNew: 2324058K->61690K(2534400K), 0.0518250 secs] 7371570K->5114666K(10982400K), 0.0541110 secs] [Times: user=0.55 sys=0.00, real=0.05 secs] 
79621.414: [GC 79621.415: [ParNew: 2314490K->60044K(2534400K), 0.0597860 secs] 7367466K->5119755K(10982400K), 0.0623950 secs] [Times: user=0.61 sys=0.01, real=0.06 secs] 
79648.530: [GC 79648.531: [ParNew: 2312844K->76138K(2534400K), 0.0780830 secs] 7372555K->5144332K(10982400K), 0.0807100 secs] [Times: user=0.59 sys=0.00, real=0.08 secs] 
79659.174: [GC 79659.176: [ParNew: 2328938K->154528K(2534400K), 0.1413720 secs] 7397132K->5230106K(10982400K), 0.1436640 secs] [Times: user=0.69 sys=0.00, real=0.15 secs] 
79659.326: [GC [1 CMS-initial-mark: 5075578K(8448000K)] 5234924K(10982400K), 0.1075570 secs] [Times: user=0.10 sys=0.00, real=0.10 secs] 
79666.963: [GC[YG occupancy: 1599492 K (2534400 K)]79666.964: [Rescan (parallel) , 1.2752700 secs]79668.239: [weak refs processing, 0.1630510 secs] [1 CMS-remark: 5075578K(8448000K)] 6675070K(10982400K), 1.4403090 secs] [Times: user=25.96 sys=0.09, real=1.44 secs] 
79676.441: [GC 79676.442: [ParNew: 2407328K->89256K(2534400K), 0.0802040 secs] 7221539K->4907356K(10982400K), 0.0826230 secs] [Times: user=0.51 sys=0.00, real=0.08 secs] 
79704.319: [GC 79704.320: [ParNew: 2342056K->66865K(2534400K), 0.0721090 secs] 7160156K->4891456K(10982400K), 0.0747520 secs] [Times: user=0.66 sys=0.01, real=0.08 secs] 
79723.237: [GC 79723.238: [ParNew: 2319665K->65153K(2534400K), 0.0595340 secs] 7144256K->4898134K(10982400K), 0.0621400 secs] [Times: user=0.56 sys=0.01, real=0.06 secs] 
79729.715: [GC 79729.717: [ParNew: 2317953K->66861K(2534400K), 0.0393440 secs] 7150934K->4902282K(10982400K), 0.0418490 secs] [Times: user=0.53 sys=0.00, real=0.04 secs] 
79748.180: [GC 79748.181: [ParNew: 2319661K->56795K(2534400K), 0.0648490 secs] 7155082K->4904924K(10982400K), 0.0674630 secs] [Times: user=0.60 sys=0.01, real=0.07 secs] 
79751.235: [GC 79751.236: [ParNew: 2309595K->41532K(2534400K), 0.0412410 secs] 7157724K->4895889K(10982400K), 0.0437860 secs] [Times: user=0.50 sys=0.00, real=0.05 secs] 
79755.135: [GC 79755.136: [ParNew: 2294332K->59374K(2534400K), 0.0708200 secs] 7148689K->4918202K(10982400K), 0.0733920 secs] [Times: user=0.53 sys=0.00, real=0.08 secs] 
79762.345: [GC 79762.346: [ParNew: 2312174K->81937K(2534400K), 0.0911030 secs] 7171002K->4942032K(10982400K), 0.0933870 secs] [Times: user=0.55 sys=0.01, real=0.09 secs] 
79766.396: [GC 79766.397: [ParNew: 2334737K->47571K(2534400K), 0.0757840 secs] 7194832K->4911624K(10982400K), 0.0783570 secs] [Times: user=0.61 sys=0.01, real=0.08 secs] 
79771.912: [GC 79771.913: [ParNew: 2300371K->29281K(2534400K), 0.0624280 secs] 7164424K->4894670K(10982400K), 0.0650210 secs] [Times: user=0.58 sys=0.01, real=0.06 secs] 
79797.172: [GC 79797.173: [ParNew: 2282081K->76545K(2534400K), 0.0909940 secs] 7147470K->4942751K(10982400K), 0.0932830 secs] [Times: user=0.56 sys=0.00, real=0.10 secs] 
79823.459: [GC 79823.460: [ParNew: 2329343K->44093K(2534400K), 0.0660670 secs] 7195548K->4912388K(10982400K), 0.0686760 secs] [Times: user=0.56 sys=0.00, real=0.07 secs] 
79845.677: [GC 79845.678: [ParNew: 2296893K->57549K(2534400K), 0.0646300 secs] 7165188K->4927156K(10982400K), 0.0672270 secs] [Times: user=0.63 sys=0.01, real=0.07 secs] 
79858.872: [GC 79858.873: [ParNew: 2310349K->58375K(2534400K), 0.0476450 secs] 7179956K->4929520K(10982400K), 0.0502220 secs] [Times: user=0.60 sys=0.00, real=0.05 secs] 
79864.155: [GC 79864.156: [ParNew: 2311175K->45295K(2534400K), 0.0395320 secs] 7182320K->4922321K(10982400K), 0.0421170 secs] [Times: user=0.52 sys=0.01, real=0.05 secs] 
79882.248: [GC 79882.250: [ParNew: 2298095K->50116K(2534400K), 0.0568750 secs] 7175121K->4933416K(10982400K), 0.0594760 secs] [Times: user=0.53 sys=0.00, real=0.06 secs] 
79909.745: [GC 79909.747: [ParNew: 2302916K->54273K(2534400K), 0.0748330 secs] 7186216K->4947879K(10982400K), 0.0774950 secs] [Times: user=0.44 sys=0.01, real=0.08 secs] 
79934.097: [GC 79934.098: [ParNew: 2307071K->48771K(2534400K), 0.0599740 secs] 7200677K->4944454K(10982400K), 0.0623060 secs] [Times: user=0.53 sys=0.00, real=0.07 secs] 
79966.286: [GC 79966.288: [ParNew: 2301571K->56889K(2534400K), 0.0663180 secs] 7197254K->4953631K(10982400K), 0.0689740 secs] [Times: user=0.58 sys=0.00, real=0.07 secs] 
79988.681: [GC 79988.683: [ParNew: 2309689K->69432K(2534400K), 0.0552870 secs] 7206431K->4969904K(10982400K), 0.0579270 secs] [Times: user=0.51 sys=0.00, real=0.06 secs] 
80008.076: [GC 80008.077: [ParNew: 2322232K->59438K(2534400K), 0.0564660 secs] 7222704K->4966360K(10982400K), 0.0590740 secs] [Times: user=0.61 sys=0.00, real=0.06 secs] 
80040.785: [GC 80040.786: [ParNew: 2312238K->63520K(2534400K), 0.0706780 secs] 7219160K->4976424K(10982400K), 0.0733480 secs] [Times: user=0.58 sys=0.01, real=0.07 secs] 
80056.332: [GC 80056.334: [ParNew: 2316316K->59902K(2534400K), 0.0534460 secs] 7229220K->4978809K(10982400K), 0.0561410 secs] [Times: user=0.54 sys=0.00, real=0.06 secs] 
80086.610: [GC 80086.611: [ParNew: 2312702K->69185K(2534400K), 0.0709600 secs] 7231609K->4992910K(10982400K), 0.0735670 secs] [Times: user=0.66 sys=0.01, real=0.08 secs] 
80109.724: [GC 80109.726: [ParNew: 2321985K->69488K(2534400K), 0.0619600 secs] 7245710K->4998346K(10982400K), 0.0645860 secs] [Times: user=0.56 sys=0.01, real=0.06 secs] 
80128.489: [GC 80128.490: [ParNew: 2322288K->74766K(2534400K), 0.0513230 secs] 7251146K->5012744K(10982400K), 0.0539370 secs] [Times: user=0.55 sys=0.01, real=0.05 secs] 
80156.350: [GC 80156.352: [ParNew: 2327566K->81867K(2534400K), 0.0701060 secs] 7265544K->5024779K(10982400K), 0.0727330 secs] [Times: user=0.63 sys=0.00, real=0.07 secs] 
80186.362: [GC 80186.363: [ParNew: 2334667K->81045K(2534400K), 0.0694130 secs] 7277579K->5030820K(10982400K), 0.0720940 secs] [Times: user=0.64 sys=0.01, real=0.07 secs] 
80212.085: [GC 80212.086: [ParNew: 2333800K->82821K(2534400K), 0.0647140 secs] 7283575K->5037925K(10982400K), 0.0670330 secs] [Times: user=0.59 sys=0.01, real=0.07 secs] 
80237.616: [GC 80237.617: [ParNew: 2335621K->63711K(2534400K), 0.0881290 secs] 7290725K->5037942K(10982400K), 0.0907760 secs] [Times: user=0.60 sys=0.02, real=0.09 secs] 
80248.461: [GC 80248.462: [ParNew: 2316511K->47850K(2534400K), 0.0387330 secs] 7290742K->5029753K(10982400K), 0.0410390 secs] [Times: user=0.50 sys=0.00, real=0.04 secs] 
80278.637: [GC 80278.639: [ParNew: 2300650K->56822K(2534400K), 0.0687680 secs] 7282553K->5044995K(10982400K), 0.0711000 secs] [Times: user=0.65 sys=0.00, real=0.08 secs] 
80306.291: [GC 80306.293: [ParNew: 2309622K->55382K(2534400K), 0.0651220 secs] 7297795K->5049165K(10982400K), 0.0674570 secs] [Times: user=0.61 sys=0.00, real=0.07 secs] 
80326.902: [GC 80326.904: [ParNew: 2308182K->115594K(2534400K), 0.1152420 secs] 7301965K->5114989K(10982400K), 0.1178640 secs] [Times: user=0.61 sys=0.01, real=0.12 secs] 
80350.446: [GC 80350.448: [ParNew: 2368394K->57579K(2534400K), 0.0680410 secs] 7367789K->5058987K(10982400K), 0.0706530 secs] [Times: user=0.58 sys=0.00, real=0.07 secs] 
80368.123: [GC 80368.124: [ParNew: 2310379K->49802K(2534400K), 0.0478170 secs] 7311787K->5057958K(10982400K), 0.0500730 secs] [Times: user=0.58 sys=0.00, real=0.05 secs] 
80373.594: [GC 80373.595: [ParNew: 2302602K->41026K(2534400K), 0.0356470 secs] 7310758K->5055130K(10982400K), 0.0382220 secs] [Times: user=0.51 sys=0.00, real=0.03 secs] 
80397.754: [GC 80397.755: [ParNew: 2293826K->50960K(2534400K), 0.0609140 secs] 7307930K->5069644K(10982400K), 0.0632720 secs] [Times: user=0.60 sys=0.00, real=0.07 secs] 
80407.792: [GC 80407.793: [ParNew: 2303760K->49752K(2534400K), 0.0427150 secs] 7322444K->5073383K(10982400K), 0.0450090 secs] [Times: user=0.52 sys=0.00, real=0.04 secs] 
80414.673: [GC 80414.674: [ParNew: 2302552K->39956K(2534400K), 0.0438510 secs] 7326183K->5068959K(10982400K), 0.0464240 secs] [Times: user=0.56 sys=0.01, real=0.05 secs] 
80421.369: [GC 80421.370: [ParNew: 2292756K->39869K(2534400K), 0.0341080 secs] 7321759K->5069762K(10982400K), 0.0367010 secs] [Times: user=0.56 sys=0.00, real=0.04 secs] 
80434.634: [GC 80434.635: [ParNew: 2292669K->47809K(2534400K), 0.0522610 secs] 7322562K->5083219K(10982400K), 0.0548590 secs] [Times: user=0.47 sys=0.00, real=0.05 secs] 
80450.168: [GC 80450.169: [ParNew: 2300609K->32067K(2534400K), 0.0416670 secs] 7336019K->5069942K(10982400K), 0.0442590 secs] [Times: user=0.50 sys=0.00, real=0.04 secs] 
80454.456: [GC 80454.457: [ParNew: 2284867K->38220K(2534400K), 0.0286330 secs] 7322742K->5077891K(10982400K), 0.0311800 secs] [Times: user=0.44 sys=0.00, real=0.03 secs] 
80477.832: [GC 80477.833: [ParNew: 2291020K->39602K(2534400K), 0.0580360 secs] 7330691K->5081064K(10982400K), 0.0604120 secs] [Times: user=0.50 sys=0.01, real=0.06 secs] 
80480.503: [GC 80480.504: [ParNew: 2292402K->36536K(2534400K), 0.0308860 secs] 7333864K->5080743K(10982400K), 0.0333660 secs] [Times: user=0.57 sys=0.00, real=0.03 secs] 
80486.948: [GC 80486.949: [ParNew: 2289336K->37329K(2534400K), 0.0356740 secs] 7333543K->5084254K(10982400K), 0.0382790 secs] [Times: user=0.57 sys=0.00, real=0.04 secs] 
80500.684: [GC 80500.685: [ParNew: 2290129K->35726K(2534400K), 0.0399660 secs] 7337054K->5083578K(10982400K), 0.0425500 secs] [Times: user=0.48 sys=0.01, real=0.04 secs] 
80505.108: [GC 80505.109: [ParNew: 2288526K->30399K(2534400K), 0.0344450 secs] 7336378K->5082702K(10982400K), 0.0369970 secs] [Times: user=0.51 sys=0.00, real=0.04 secs] 
80522.376: [GC 80522.377: [ParNew: 2283199K->32501K(2534400K), 0.0449480 secs] 7335502K->5085269K(10982400K), 0.0475440 secs] [Times: user=0.44 sys=0.00, real=0.04 secs] 
80552.186: [GC 80552.187: [ParNew: 2285301K->48385K(2534400K), 0.0572600 secs] 7338069K->5102472K(10982400K), 0.0599000 secs] [Times: user=0.49 sys=0.00, real=0.06 secs] 
80587.407: [GC 80587.409: [ParNew: 2301185K->91709K(2534400K), 0.0702040 secs] 7355272K->5148474K(10982400K), 0.0725230 secs] [Times: user=0.69 sys=0.00, real=0.07 secs] 
80598.018: [GC 80598.019: [ParNew: 2344509K->115135K(2534400K), 0.0445440 secs] 7401274K->5172847K(10982400K), 0.0469570 secs] [Times: user=0.65 sys=0.00, real=0.04 secs] 
80618.151: [GC 80618.153: [ParNew: 2367935K->105855K(2534400K), 0.0514640 secs] 7425647K->5167975K(10982400K), 0.0538660 secs] [Times: user=0.66 sys=0.00, real=0.05 secs] 
80625.907: [GC 80625.908: [ParNew: 2358655K->100141K(2534400K), 0.0456970 secs] 7420775K->5169212K(10982400K), 0.0482990 secs] [Times: user=0.69 sys=0.00, real=0.05 secs] 
80625.964: [GC [1 CMS-initial-mark: 5069071K(8448000K)] 5178659K(10982400K), 0.1086810 secs] [Times: user=0.11 sys=0.01, real=0.11 secs] 
80633.939: [GC[YG occupancy: 2312577 K (2534400 K)]80633.940: [Rescan (parallel) , 1.4094670 secs]80635.350: [weak refs processing, 0.1950260 secs] [1 CMS-remark: 5069071K(8448000K)] 7381648K(10982400K), 1.6069240 secs] [Times: user=28.66 sys=0.10, real=1.61 secs] 
80635.575: [GC 80635.576: [ParNew: 2352941K->72890K(2534400K), 0.0830270 secs] 7421961K->5185999K(10982400K), 0.0855970 secs] [Times: user=0.52 sys=0.02, real=0.08 secs] 
80655.126: [GC 80655.127: [ParNew: 2325690K->44398K(2534400K), 0.0615680 secs] 7123243K->4844963K(10982400K), 0.0641970 secs] [Times: user=0.51 sys=0.01, real=0.06 secs] 
80660.341: [GC 80660.342: [ParNew: 2297198K->28959K(2534400K), 0.0293230 secs] 7097763K->4833922K(10982400K), 0.0318660 secs] [Times: user=0.45 sys=0.00, real=0.03 secs] 
80688.245: [GC 80688.246: [ParNew: 2281759K->42887K(2534400K), 0.0490870 secs] 7086722K->4849590K(10982400K), 0.0517180 secs] [Times: user=0.45 sys=0.00, real=0.05 secs] 
80693.219: [GC 80693.221: [ParNew: 2295687K->39481K(2534400K), 0.0287290 secs] 7102390K->4848178K(10982400K), 0.0310540 secs] [Times: user=0.48 sys=0.01, real=0.03 secs] 
80695.662: [GC 80695.663: [ParNew: 2292281K->36958K(2534400K), 0.0312840 secs] 7100978K->4849703K(10982400K), 0.0337730 secs] [Times: user=0.56 sys=0.00, real=0.03 secs] 
80728.890: [GC 80728.891: [ParNew: 2289758K->48590K(2534400K), 0.0698880 secs] 7102503K->4862239K(10982400K), 0.0725250 secs] [Times: user=0.57 sys=0.01, real=0.07 secs] 
80752.685: [GC 80752.686: [ParNew: 2301390K->46613K(2534400K), 0.0531780 secs] 7115039K->4865986K(10982400K), 0.0557910 secs] [Times: user=0.59 sys=0.01, real=0.06 secs] 
80769.599: [GC 80769.600: [ParNew: 2299413K->42125K(2534400K), 0.0496470 secs] 7118786K->4862320K(10982400K), 0.0522450 secs] [Times: user=0.52 sys=0.00, real=0.05 secs] 
80806.129: [GC 80806.130: [ParNew: 2294925K->54259K(2534400K), 0.0591080 secs] 7115120K->4874812K(10982400K), 0.0617500 secs] [Times: user=0.50 sys=0.00, real=0.07 secs] 
80830.070: [GC 80830.071: [ParNew: 2307059K->58628K(2534400K), 0.0637610 secs] 7127612K->4886109K(10982400K), 0.0663650 secs] [Times: user=0.58 sys=0.00, real=0.07 secs] 
80868.570: [GC 80868.571: [ParNew: 2311428K->59811K(2534400K), 0.0614390 secs] 7138909K->4891850K(10982400K), 0.0640600 secs] [Times: user=0.53 sys=0.00, real=0.06 secs] 
80887.642: [GC 80887.643: [ParNew: 2312611K->57171K(2534400K), 0.0449540 secs] 7144650K->4892439K(10982400K), 0.0475650 secs] [Times: user=0.50 sys=0.00, real=0.04 secs] 
80912.927: [GC 80912.928: [ParNew: 2309971K->60671K(2534400K), 0.0704180 secs] 7145239K->4902783K(10982400K), 0.0730300 secs] [Times: user=0.60 sys=0.01, real=0.07 secs] 
80947.958: [GC 80947.959: [ParNew: 2313471K->58832K(2534400K), 0.0593980 secs] 7155583K->4906612K(10982400K), 0.0618130 secs] [Times: user=0.51 sys=0.01, real=0.06 secs] 
80968.151: [GC 80968.152: [ParNew: 2311632K->56843K(2534400K), 0.0650290 secs] 7159412K->4913430K(10982400K), 0.0674260 secs] [Times: user=0.58 sys=0.00, real=0.07 secs] 
81002.119: [GC 81002.120: [ParNew: 2309643K->53578K(2534400K), 0.0570730 secs] 7166230K->4913569K(10982400K), 0.0593680 secs] [Times: user=0.56 sys=0.00, real=0.06 secs] 
81008.438: [GC 81008.440: [ParNew: 2306378K->55442K(2534400K), 0.0434320 secs] 7166369K->4920153K(10982400K), 0.0460250 secs] [Times: user=0.52 sys=0.01, real=0.05 secs] 
81023.643: [GC 81023.645: [ParNew: 2308242K->56823K(2534400K), 0.0527700 secs] 7172953K->4927888K(10982400K), 0.0553680 secs] [Times: user=0.54 sys=0.00, real=0.05 secs] 
81054.667: [GC 81054.668: [ParNew: 2309623K->60945K(2534400K), 0.0601670 secs] 7180688K->4936897K(10982400K), 0.0626160 secs] [Times: user=0.53 sys=0.00, real=0.06 secs] 
81069.315: [GC 81069.316: [ParNew: 2313745K->55210K(2534400K), 0.0572980 secs] 7189697K->4938030K(10982400K), 0.0599040 secs] [Times: user=0.55 sys=0.00, real=0.06 secs] 
81093.318: [GC 81093.319: [ParNew: 2308010K->89549K(2534400K), 0.0550410 secs] 7190830K->4973415K(10982400K), 0.0576510 secs] [Times: user=0.59 sys=0.01, real=0.06 secs] 
81106.321: [GC 81106.322: [ParNew: 2342349K->92178K(2534400K), 0.0522690 secs] 7226215K->4987381K(10982400K), 0.0548740 secs] [Times: user=0.56 sys=0.00, real=0.06 secs] 
81117.404: [GC 81117.405: [ParNew: 2344978K->81989K(2534400K), 0.0391450 secs] 7240181K->4983563K(10982400K), 0.0414160 secs] [Times: user=0.54 sys=0.01, real=0.05 secs] 
81128.940: [GC 81128.941: [ParNew: 2334789K->64308K(2534400K), 0.0431230 secs] 7236363K->4968534K(10982400K), 0.0457180 secs] [Times: user=0.52 sys=0.01, real=0.04 secs] 
81139.539: [GC 81139.540: [ParNew: 2317108K->42344K(2534400K), 0.0497990 secs] 7221334K->4953144K(10982400K), 0.0523870 secs] [Times: user=0.60 sys=0.01, real=0.06 secs] 
81168.867: [GC 81168.868: [ParNew: 2295144K->52825K(2534400K), 0.0610740 secs] 7205944K->4968513K(10982400K), 0.0636940 secs] [Times: user=0.51 sys=0.01, real=0.06 secs] 
81192.250: [GC 81192.251: [ParNew: 2305625K->52210K(2534400K), 0.0637120 secs] 7221313K->4971179K(10982400K), 0.0654860 secs] [Times: user=0.50 sys=0.00, real=0.06 secs] 
81230.563: [GC 81230.564: [ParNew: 2305010K->60549K(2534400K), 0.0734240 secs] 7223979K->4985269K(10982400K), 0.0752100 secs] [Times: user=0.64 sys=0.01, real=0.08 secs] 
81252.982: [GC 81252.983: [ParNew: 2313349K->62957K(2534400K), 0.0630260 secs] 7238069K->4989777K(10982400K), 0.0648060 secs] [Times: user=0.55 sys=0.00, real=0.07 secs] 
81268.009: [GC 81268.009: [ParNew: 2315751K->49665K(2534400K), 0.0424770 secs] 7242570K->4983679K(10982400K), 0.0442280 secs] [Times: user=0.52 sys=0.00, real=0.05 secs] 
81303.654: [GC 81303.655: [ParNew: 2302465K->81460K(2534400K), 0.0659360 secs] 7236479K->5020722K(10982400K), 0.0677330 secs] [Times: user=0.64 sys=0.00, real=0.07 secs] 
81332.153: [GC 81332.154: [ParNew: 2334260K->73991K(2534400K), 0.0718270 secs] 7273522K->5022420K(10982400K), 0.0736190 secs] [Times: user=0.61 sys=0.00, real=0.07 secs] 
81367.861: [GC 81367.862: [ParNew: 2326791K->62507K(2534400K), 0.0666630 secs] 7275220K->5015052K(10982400K), 0.0684540 secs] [Times: user=0.61 sys=0.01, real=0.07 secs] 
81387.727: [GC 81387.728: [ParNew: 2315265K->68239K(2534400K), 0.0522280 secs] 7267809K->5024273K(10982400K), 0.0538970 secs] [Times: user=0.53 sys=0.00, real=0.05 secs] 
81406.276: [GC 81406.277: [ParNew: 2321039K->56895K(2534400K), 0.0531220 secs] 7277073K->5021481K(10982400K), 0.0548770 secs] [Times: user=0.52 sys=0.01, real=0.06 secs] 
81443.709: [GC 81443.710: [ParNew: 2309695K->61851K(2534400K), 0.0693390 secs] 7274281K->5034406K(10982400K), 0.0711500 secs] [Times: user=0.58 sys=0.01, real=0.07 secs] 
81480.790: [GC 81480.791: [ParNew: 2314651K->78041K(2534400K), 0.0717490 secs] 7287206K->5059900K(10982400K), 0.0735480 secs] [Times: user=0.67 sys=0.01, real=0.08 secs] 
81513.529: [GC 81513.530: [ParNew: 2330841K->83814K(2534400K), 0.0672640 secs] 7312700K->5069408K(10982400K), 0.0689500 secs] [Times: user=0.63 sys=0.01, real=0.07 secs] 
81534.294: [GC 81534.295: [ParNew: 2336614K->83136K(2534400K), 0.0515180 secs] 7322208K->5072107K(10982400K), 0.0532810 secs] [Times: user=0.53 sys=0.01, real=0.05 secs] 
81566.673: [GC 81566.674: [ParNew: 2335936K->94093K(2534400K), 0.0629530 secs] 7324907K->5089657K(10982400K), 0.0646570 secs] [Times: user=0.61 sys=0.00, real=0.07 secs] 
81584.106: [GC 81584.106: [ParNew: 2346893K->67779K(2534400K), 0.0610640 secs] 7342457K->5086500K(10982400K), 0.0627350 secs] [Times: user=0.59 sys=0.01, real=0.07 secs] 
81610.872: [GC 81610.873: [ParNew: 2320579K->50660K(2534400K), 0.0641370 secs] 7339300K->5076052K(10982400K), 0.0658350 secs] [Times: user=0.57 sys=0.01, real=0.06 secs] 
81641.647: [GC 81641.648: [ParNew: 2303460K->60764K(2534400K), 0.0629720 secs] 7328852K->5090677K(10982400K), 0.0646750 secs] [Times: user=0.53 sys=0.00, real=0.06 secs] 
81650.675: [GC 81650.676: [ParNew: 2313564K->152315K(2534400K), 0.1335690 secs] 7343477K->5189039K(10982400K), 0.1353200 secs] [Times: user=0.59 sys=0.01, real=0.14 secs] 
81660.112: [GC 81660.113: [ParNew: 2405115K->281600K(2534400K), 0.3963430 secs] 7441839K->5392956K(10982400K), 0.3981010 secs] [Times: user=0.81 sys=0.01, real=0.40 secs] 
81660.517: [GC [1 CMS-initial-mark: 5111356K(8448000K)] 5400038K(10982400K), 0.1427980 secs] [Times: user=0.14 sys=0.00, real=0.15 secs] 
81668.569: [GC[YG occupancy: 2257946 K (2534400 K)]81668.570: [Rescan (parallel) , 1.5280490 secs]81670.098: [weak refs processing, 0.0964140 secs] [1 CMS-remark: 5111356K(8448000K)] 7369303K(10982400K), 1.6257730 secs] [Times: user=31.02 sys=0.11, real=1.63 secs] 
81672.331: [GC 81672.332: [ParNew: 2534400K->149575K(2534400K), 0.1696460 secs] 7600832K->5235329K(10982400K), 0.1713980 secs] [Times: user=0.81 sys=0.01, real=0.17 secs] 
81690.982: [GC 81690.983: [ParNew: 2402375K->202257K(2534400K), 0.1968940 secs] 7266153K->5066035K(10982400K), 0.1986690 secs] [Times: user=0.72 sys=0.00, real=0.20 secs] 
81697.354: [GC 81697.355: [ParNew: 2455057K->93851K(2534400K), 0.1146220 secs] 7318835K->4970242K(10982400K), 0.1163360 secs] [Times: user=0.50 sys=0.00, real=0.12 secs] 
81727.918: [GC 81727.919: [ParNew: 2346651K->44088K(2534400K), 0.0703220 secs] 7223042K->4920480K(10982400K), 0.0721010 secs] [Times: user=0.50 sys=0.00, real=0.08 secs] 
81764.167: [GC 81764.168: [ParNew: 2296888K->47530K(2534400K), 0.0626770 secs] 7173280K->4923922K(10982400K), 0.0643990 secs] [Times: user=0.57 sys=0.00, real=0.06 secs] 
81772.123: [GC 81772.124: [ParNew: 2300330K->69705K(2534400K), 0.0424600 secs] 7176722K->4946097K(10982400K), 0.0441220 secs] [Times: user=0.59 sys=0.00, real=0.05 secs] 
81778.025: [GC 81778.025: [ParNew: 2322505K->50201K(2534400K), 0.0399450 secs] 7198897K->4928158K(10982400K), 0.0415460 secs] [Times: user=0.59 sys=0.00, real=0.05 secs] 
81788.012: [GC 81788.013: [ParNew: 2303001K->40608K(2534400K), 0.0430960 secs] 7180958K->4926283K(10982400K), 0.0448530 secs] [Times: user=0.50 sys=0.00, real=0.05 secs] 
81818.631: [GC 81818.632: [ParNew: 2293408K->37900K(2534400K), 0.0602140 secs] 7179083K->4930434K(10982400K), 0.0619040 secs] [Times: user=0.55 sys=0.01, real=0.07 secs] 
81848.962: [GC 81848.963: [ParNew: 2290700K->47154K(2534400K), 0.0665260 secs] 7183234K->4941425K(10982400K), 0.0683290 secs] [Times: user=0.57 sys=0.00, real=0.07 secs] 
81887.728: [GC 81887.729: [ParNew: 2299954K->52523K(2534400K), 0.0646860 secs] 7194225K->4947720K(10982400K), 0.0664450 secs] [Times: user=0.59 sys=0.00, real=0.07 secs] 
81907.555: [GC 81907.556: [ParNew: 2305323K->110693K(2534400K), 0.0869270 secs] 7200520K->5007848K(10982400K), 0.0886870 secs] [Times: user=0.72 sys=0.01, real=0.09 secs] 
81910.296: [GC 81910.297: [ParNew: 2363493K->102947K(2534400K), 0.0812070 secs] 7260648K->5005853K(10982400K), 0.0828660 secs] [Times: user=0.54 sys=0.00, real=0.09 secs] 
81914.447: [GC 81914.448: [ParNew: 2355747K->83159K(2534400K), 0.0883250 secs] 7258653K->4991920K(10982400K), 0.0900240 secs] [Times: user=0.54 sys=0.00, real=0.10 secs] 
81946.900: [GC 81946.901: [ParNew: 2335959K->77870K(2534400K), 0.0593660 secs] 7244720K->4993939K(10982400K), 0.0611580 secs] [Times: user=0.59 sys=0.00, real=0.06 secs] 
81963.327: [GC 81963.328: [ParNew: 2330670K->92775K(2534400K), 0.0501370 secs] 7246739K->5012520K(10982400K), 0.0517960 secs] [Times: user=0.60 sys=0.00, real=0.05 secs] 
81990.457: [GC 81990.458: [ParNew: 2345575K->105411K(2534400K), 0.0616990 secs] 7265320K->5025786K(10982400K), 0.0634660 secs] [Times: user=0.60 sys=0.00, real=0.07 secs] 
82028.335: [GC 82028.336: [ParNew: 2358211K->122042K(2534400K), 0.0693180 secs] 7278586K->5043352K(10982400K), 0.0711360 secs] [Times: user=0.57 sys=0.01, real=0.08 secs] 
82038.579: [GC 82038.579: [ParNew: 2374842K->83990K(2534400K), 0.1037730 secs] 7296152K->5050078K(10982400K), 0.1055140 secs] [Times: user=0.56 sys=0.04, real=0.10 secs] 
82050.178: [GC 82050.179: [ParNew: 2336790K->48087K(2534400K), 0.0454250 secs] 7302878K->5018563K(10982400K), 0.0480090 secs] [Times: user=0.56 sys=0.00, real=0.04 secs] 
82083.298: [GC 82083.299: [ParNew: 2300887K->56578K(2534400K), 0.0572770 secs] 7271363K->5033945K(10982400K), 0.0597750 secs] [Times: user=0.51 sys=0.00, real=0.06 secs] 
82104.240: [GC 82104.241: [ParNew: 2309378K->45376K(2534400K), 0.0621890 secs] 7286745K->5033161K(10982400K), 0.0647970 secs] [Times: user=0.45 sys=0.01, real=0.06 secs] 
82141.133: [GC 82141.135: [ParNew: 2298176K->58232K(2534400K), 0.0594710 secs] 7285961K->5048261K(10982400K), 0.0621060 secs] [Times: user=0.53 sys=0.00, real=0.06 secs] 
82167.258: [GC 82167.260: [ParNew: 2311009K->65296K(2534400K), 0.0671840 secs] 7301038K->5057260K(10982400K), 0.0697700 secs] [Times: user=0.62 sys=0.00, real=0.07 secs] 
82186.076: [GC 82186.078: [ParNew: 2318096K->52145K(2534400K), 0.0493610 secs] 7310060K->5051390K(10982400K), 0.0519420 secs] [Times: user=0.58 sys=0.00, real=0.06 secs] 
82213.987: [GC 82213.988: [ParNew: 2304945K->56471K(2534400K), 0.0646790 secs] 7304190K->5060053K(10982400K), 0.0672830 secs] [Times: user=0.56 sys=0.00, real=0.07 secs] 
82252.761: [GC 82252.763: [ParNew: 2309271K->64779K(2534400K), 0.0620030 secs] 7312853K->5077738K(10982400K), 0.0646310 secs] [Times: user=0.53 sys=0.01, real=0.06 secs] 
82281.237: [GC 82281.238: [ParNew: 2317579K->61369K(2534400K), 0.0684970 secs] 7330538K->5079420K(10982400K), 0.0711140 secs] [Times: user=0.63 sys=0.00, real=0.07 secs] 
82296.491: [GC 82296.492: [ParNew: 2314169K->55884K(2534400K), 0.0418370 secs] 7332220K->5077301K(10982400K), 0.0444370 secs] [Times: user=0.51 sys=0.00, real=0.05 secs] 
82328.651: [GC 82328.652: [ParNew: 2308684K->56336K(2534400K), 0.0616330 secs] 7330101K->5083623K(10982400K), 0.0642460 secs] [Times: user=0.58 sys=0.00, real=0.06 secs] 
82361.859: [GC 82361.860: [ParNew: 2309136K->57600K(2534400K), 0.0764920 secs] 7336423K->5092467K(10982400K), 0.0790870 secs] [Times: user=0.68 sys=0.01, real=0.08 secs] 
82394.137: [GC 82394.138: [ParNew: 2310400K->68178K(2534400K), 0.0576170 secs] 7345267K->5107951K(10982400K), 0.0599330 secs] [Times: user=0.51 sys=0.00, real=0.06 secs] 
82416.487: [GC 82416.489: [ParNew: 2320978K->63189K(2534400K), 0.0483430 secs] 7360751K->5105915K(10982400K), 0.0509190 secs] [Times: user=0.53 sys=0.01, real=0.05 secs] 
82430.889: [GC 82430.890: [ParNew: 2315989K->65558K(2534400K), 0.0487130 secs] 7358715K->5113533K(10982400K), 0.0512130 secs] [Times: user=0.62 sys=0.00, real=0.05 secs] 
82460.354: [GC 82460.355: [ParNew: 2318358K->59995K(2534400K), 0.0651480 secs] 7366333K->5113861K(10982400K), 0.0677330 secs] [Times: user=0.55 sys=0.01, real=0.07 secs] 
82500.591: [GC 82500.592: [ParNew: 2312795K->58978K(2534400K), 0.0665920 secs] 7366661K->5128501K(10982400K), 0.0689720 secs] [Times: user=0.48 sys=0.01, real=0.07 secs] 
82500.669: [GC [1 CMS-initial-mark: 5069523K(8448000K)] 5128869K(10982400K), 0.0735080 secs] [Times: user=0.07 sys=0.00, real=0.07 secs] 
82508.307: [GC[YG occupancy: 933413 K (2534400 K)]82508.308: [Rescan (parallel) , 0.1342880 secs]82508.442: [weak refs processing, 0.1282750 secs] [1 CMS-remark: 5069523K(8448000K)] 6002936K(10982400K), 0.2643040 secs] [Times: user=2.94 sys=0.00, real=0.27 secs] 
82518.774: [GC 82518.775: [ParNew: 2311778K->50562K(2534400K), 0.0554510 secs] 7058945K->4801996K(10982400K), 0.0577350 secs] [Times: user=0.64 sys=0.00, real=0.06 secs] 
82549.049: [GC 82549.050: [ParNew: 2303362K->63840K(2534400K), 0.0523580 secs] 7054796K->4817976K(10982400K), 0.0546630 secs] [Times: user=0.52 sys=0.00, real=0.06 secs] 
82569.684: [GC 82569.685: [ParNew: 2316640K->58692K(2534400K), 0.0588280 secs] 7070776K->4817997K(10982400K), 0.0614140 secs] [Times: user=0.58 sys=0.01, real=0.06 secs] 
82595.260: [GC 82595.261: [ParNew: 2311492K->145578K(2534400K), 0.1267750 secs] 7070797K->4912346K(10982400K), 0.1292190 secs] [Times: user=0.62 sys=0.00, real=0.13 secs] 
82628.812: [GC 82628.813: [ParNew: 2398378K->82916K(2534400K), 0.0844920 secs] 7165146K->4853550K(10982400K), 0.0870650 secs] [Times: user=0.58 sys=0.00, real=0.09 secs] 
82653.806: [GC 82653.808: [ParNew: 2335716K->55345K(2534400K), 0.0605240 secs] 7106350K->4834062K(10982400K), 0.0631700 secs] [Times: user=0.51 sys=0.00, real=0.07 secs] 
82676.550: [GC 82676.552: [ParNew: 2308145K->65007K(2534400K), 0.0526440 secs] 7086862K->4848991K(10982400K), 0.0552540 secs] [Times: user=0.65 sys=0.00, real=0.06 secs] 
82694.334: [GC 82694.335: [ParNew: 2317807K->53599K(2534400K), 0.0555110 secs] 7101791K->4842290K(10982400K), 0.0580200 secs] [Times: user=0.60 sys=0.00, real=0.06 secs] 
82732.514: [GC 82732.515: [ParNew: 2306399K->62249K(2534400K), 0.0645310 secs] 7095090K->4856737K(10982400K), 0.0668520 secs] [Times: user=0.62 sys=0.01, real=0.06 secs] 
82762.045: [GC 82762.046: [ParNew: 2315049K->60910K(2534400K), 0.0579990 secs] 7109537K->4860630K(10982400K), 0.0604150 secs] [Times: user=0.56 sys=0.01, real=0.07 secs] 
82798.941: [GC 82798.942: [ParNew: 2313710K->60282K(2534400K), 0.0627740 secs] 7113430K->4863630K(10982400K), 0.0650560 secs] [Times: user=0.62 sys=0.00, real=0.07 secs] 
82809.071: [GC 82809.072: [ParNew: 2313082K->56084K(2534400K), 0.0436920 secs] 7116430K->4862703K(10982400K), 0.0460400 secs] [Times: user=0.51 sys=0.01, real=0.05 secs] 
82839.341: [GC 82839.343: [ParNew: 2308854K->74245K(2534400K), 0.0617640 secs] 7115473K->4889458K(10982400K), 0.0642690 secs] [Times: user=0.62 sys=0.00, real=0.06 secs] 
82860.450: [GC 82860.451: [ParNew: 2327045K->75106K(2534400K), 0.0459130 secs] 7142258K->4896852K(10982400K), 0.0483160 secs] [Times: user=0.54 sys=0.00, real=0.05 secs] 
82878.434: [GC 82878.435: [ParNew: 2327902K->60149K(2534400K), 0.0546690 secs] 7149648K->4889133K(10982400K), 0.0569920 secs] [Times: user=0.57 sys=0.00, real=0.05 secs] 
82914.897: [GC 82914.898: [ParNew: 2312949K->73900K(2534400K), 0.0652260 secs] 7141933K->4905119K(10982400K), 0.0670000 secs] [Times: user=0.61 sys=0.01, real=0.07 secs] 
82930.726: [GC 82930.727: [ParNew: 2326700K->54649K(2534400K), 0.0641100 secs] 7157919K->4906205K(10982400K), 0.0658640 secs] [Times: user=0.46 sys=0.00, real=0.07 secs] 
82961.649: [GC 82961.650: [ParNew: 2307449K->49146K(2534400K), 0.0516190 secs] 7159005K->4904467K(10982400K), 0.0533990 secs] [Times: user=0.52 sys=0.01, real=0.05 secs] 
82993.509: [GC 82993.510: [ParNew: 2301946K->57089K(2534400K), 0.0682560 secs] 7157267K->4915682K(10982400K), 0.0700450 secs] [Times: user=0.58 sys=0.01, real=0.07 secs] 
83037.122: [GC 83037.123: [ParNew: 2309889K->70347K(2534400K), 0.0699540 secs] 7168482K->4939007K(10982400K), 0.0716490 secs] [Times: user=0.59 sys=0.00, real=0.07 secs] 
83056.653: [GC 83056.655: [ParNew: 2323147K->70398K(2534400K), 0.0641470 secs] 7191807K->4941745K(10982400K), 0.0667640 secs] [Times: user=0.56 sys=0.01, real=0.07 secs] 
83086.828: [GC 83086.830: [ParNew: 2323198K->66358K(2534400K), 0.0507410 secs] 7194545K->4943089K(10982400K), 0.0533920 secs] [Times: user=0.52 sys=0.00, real=0.05 secs] 
83115.500: [GC 83115.502: [ParNew: 2319158K->68804K(2534400K), 0.0703130 secs] 7195889K->4952483K(10982400K), 0.0729250 secs] [Times: user=0.61 sys=0.01, real=0.07 secs] 
83154.194: [GC 83154.195: [ParNew: 2321604K->64707K(2534400K), 0.0704660 secs] 7205283K->4959337K(10982400K), 0.0730980 secs] [Times: user=0.55 sys=0.00, real=0.08 secs] 
83180.928: [GC 83180.929: [ParNew: 2317507K->66050K(2534400K), 0.0592230 secs] 7212137K->4964507K(10982400K), 0.0615260 secs] [Times: user=0.53 sys=0.00, real=0.07 secs] 
83200.823: [GC 83200.824: [ParNew: 2318850K->52175K(2534400K), 0.0467350 secs] 7217307K->4956799K(10982400K), 0.0493540 secs] [Times: user=0.54 sys=0.00, real=0.05 secs] 
83229.899: [GC 83229.901: [ParNew: 2304975K->64082K(2534400K), 0.0685340 secs] 7209599K->4973888K(10982400K), 0.0711440 secs] [Times: user=0.58 sys=0.01, real=0.07 secs] 
83269.064: [GC 83269.065: [ParNew: 2316882K->61188K(2534400K), 0.0572040 secs] 7226688K->4978933K(10982400K), 0.0595210 secs] [Times: user=0.55 sys=0.00, real=0.06 secs] 
83294.063: [GC 83294.064: [ParNew: 2313988K->93880K(2534400K), 0.0731240 secs] 7231733K->5019069K(10982400K), 0.0757470 secs] [Times: user=0.65 sys=0.01, real=0.08 secs] 
83311.499: [GC 83311.500: [ParNew: 2346680K->102963K(2534400K), 0.0483790 secs] 7271869K->5031370K(10982400K), 0.0509980 secs] [Times: user=0.59 sys=0.00, real=0.06 secs] 
83349.261: [GC 83349.263: [ParNew: 2355763K->111867K(2534400K), 0.0759470 secs] 7284170K->5045473K(10982400K), 0.0785830 secs] [Times: user=0.70 sys=0.01, real=0.08 secs] 
83386.402: [GC 83386.403: [ParNew: 2364667K->115755K(2534400K), 0.0622210 secs] 7298273K->5055449K(10982400K), 0.0648930 secs] [Times: user=0.60 sys=0.00, real=0.06 secs] 
83412.296: [GC 83412.297: [ParNew: 2368555K->91277K(2534400K), 0.1213330 secs] 7308249K->5072583K(10982400K), 0.1239640 secs] [Times: user=0.57 sys=0.02, real=0.12 secs] 
83436.271: [GC 83436.273: [ParNew: 2344077K->60504K(2534400K), 0.0523010 secs] 7325383K->5045385K(10982400K), 0.0549170 secs] [Times: user=0.60 sys=0.01, real=0.05 secs] 
83455.865: [GC 83455.866: [ParNew: 2313304K->59272K(2534400K), 0.0428280 secs] 7298185K->5052671K(10982400K), 0.0454310 secs] [Times: user=0.47 sys=0.00, real=0.04 secs] 
83483.381: [GC 83483.382: [ParNew: 2312072K->62613K(2534400K), 0.0773440 secs] 7305471K->5065808K(10982400K), 0.0799480 secs] [Times: user=0.55 sys=0.00, real=0.08 secs] 
83522.590: [GC 83522.592: [ParNew: 2315413K->57119K(2534400K), 0.0625450 secs] 7318608K->5065529K(10982400K), 0.0651600 secs] [Times: user=0.50 sys=0.00, real=0.07 secs] 
83543.301: [GC 83543.303: [ParNew: 2309919K->58017K(2534400K), 0.0619680 secs] 7318329K->5071939K(10982400K), 0.0645720 secs] [Times: user=0.56 sys=0.00, real=0.07 secs] 
83564.715: [GC 83564.717: [ParNew: 2310817K->55970K(2534400K), 0.0472020 secs] 7324739K->5074714K(10982400K), 0.0498020 secs] [Times: user=0.56 sys=0.01, real=0.05 secs] 
83588.883: [GC 83588.884: [ParNew: 2308770K->54495K(2534400K), 0.0553260 secs] 7327514K->5078359K(10982400K), 0.0579320 secs] [Times: user=0.55 sys=0.00, real=0.05 secs] 
83619.930: [GC 83619.931: [ParNew: 2307295K->56483K(2534400K), 0.0718920 secs] 7331159K->5087682K(10982400K), 0.0744940 secs] [Times: user=0.60 sys=0.01, real=0.07 secs] 
83649.973: [GC 83649.974: [ParNew: 2309283K->57024K(2534400K), 0.0621910 secs] 7340482K->5091965K(10982400K), 0.0647890 secs] [Times: user=0.53 sys=0.01, real=0.06 secs] 
83680.674: [GC 83680.675: [ParNew: 2309824K->60789K(2534400K), 0.0706280 secs] 7344765K->5100208K(10982400K), 0.0732360 secs] [Times: user=0.57 sys=0.00, real=0.08 secs] 
83698.741: [GC 83698.743: [ParNew: 2313589K->53634K(2534400K), 0.0465510 secs] 7353008K->5097897K(10982400K), 0.0491420 secs] [Times: user=0.59 sys=0.00, real=0.05 secs] 
83722.000: [GC 83722.001: [ParNew: 2306434K->60397K(2534400K), 0.0626510 secs] 7350697K->5110996K(10982400K), 0.0652490 secs] [Times: user=0.50 sys=0.01, real=0.07 secs] 
83755.707: [GC 83755.709: [ParNew: 2313197K->68979K(2534400K), 0.0614450 secs] 7363796K->5125108K(10982400K), 0.0640770 secs] [Times: user=0.58 sys=0.00, real=0.06 secs] 
83771.288: [GC 83771.289: [ParNew: 2321779K->90766K(2534400K), 0.0759690 secs] 7377908K->5154426K(10982400K), 0.0782280 secs] [Times: user=0.51 sys=0.00, real=0.08 secs] 
83794.660: [GC 83794.661: [ParNew: 2343566K->74097K(2534400K), 0.0649900 secs] 7407226K->5140815K(10982400K), 0.0675800 secs] [Times: user=0.56 sys=0.00, real=0.07 secs] 
83819.217: [GC 83819.218: [ParNew: 2326897K->53467K(2534400K), 0.0556110 secs] 7393615K->5130713K(10982400K), 0.0581970 secs] [Times: user=0.55 sys=0.02, real=0.05 secs] 
83819.284: [GC [1 CMS-initial-mark: 5077245K(8448000K)] 5130799K(10982400K), 0.0760210 secs] [Times: user=0.07 sys=0.00, real=0.08 secs] 
83826.848: [GC[YG occupancy: 593732 K (2534400 K)]83826.849: [Rescan (parallel) , 0.4661580 secs]83827.315: [weak refs processing, 0.2101780 secs] [1 CMS-remark: 5077245K(8448000K)] 5670978K(10982400K), 0.6794820 secs] [Times: user=9.63 sys=0.04, real=0.68 secs] 
83842.081: [GC 83842.082: [ParNew: 2306267K->53392K(2534400K), 0.0782280 secs] 7127637K->4885217K(10982400K), 0.0808450 secs] [Times: user=0.69 sys=0.01, real=0.08 secs] 
83862.957: [GC 83862.959: [ParNew: 2306192K->48768K(2534400K), 0.0450640 secs] 7138017K->4883420K(10982400K), 0.0476590 secs] [Times: user=0.52 sys=0.01, real=0.05 secs] 
83889.611: [GC 83889.613: [ParNew: 2301568K->51222K(2534400K), 0.0612530 secs] 7136220K->4890656K(10982400K), 0.0638660 secs] [Times: user=0.55 sys=0.00, real=0.06 secs] 
83921.087: [GC 83921.088: [ParNew: 2304022K->56815K(2534400K), 0.0684010 secs] 7143456K->4900662K(10982400K), 0.0710120 secs] [Times: user=0.65 sys=0.01, real=0.07 secs] 
83945.979: [GC 83945.980: [ParNew: 2309615K->61600K(2534400K), 0.0503770 secs] 7153462K->4911195K(10982400K), 0.0529830 secs] [Times: user=0.55 sys=0.01, real=0.05 secs] 
83967.844: [GC 83967.845: [ParNew: 2314400K->56668K(2534400K), 0.0592410 secs] 7163995K->4910288K(10982400K), 0.0619040 secs] [Times: user=0.51 sys=0.00, real=0.06 secs] 
84008.462: [GC 84008.463: [ParNew: 2309468K->62709K(2534400K), 0.0618260 secs] 7163088K->4921454K(10982400K), 0.0643570 secs] [Times: user=0.58 sys=0.01, real=0.07 secs] 
84034.442: [GC 84034.443: [ParNew: 2315509K->61465K(2534400K), 0.0645930 secs] 7174254K->4925993K(10982400K), 0.0671870 secs] [Times: user=0.53 sys=0.01, real=0.06 secs] 
84062.850: [GC 84062.851: [ParNew: 2314265K->59230K(2534400K), 0.0586740 secs] 7178793K->4928188K(10982400K), 0.0612940 secs] [Times: user=0.62 sys=0.00, real=0.06 secs] 
84073.620: [GC 84073.622: [ParNew: 2312030K->51628K(2534400K), 0.0441610 secs] 7180988K->4925219K(10982400K), 0.0467430 secs] [Times: user=0.45 sys=0.01, real=0.05 secs] 
84108.855: [GC 84108.856: [ParNew: 2304428K->62988K(2534400K), 0.0650170 secs] 7178019K->4943991K(10982400K), 0.0676300 secs] [Times: user=0.57 sys=0.00, real=0.07 secs] 
84139.996: [GC 84139.997: [ParNew: 2315757K->55127K(2534400K), 0.0612350 secs] 7196760K->4940835K(10982400K), 0.0638520 secs] [Times: user=0.52 sys=0.00, real=0.06 secs] 
84171.243: [GC 84171.244: [ParNew: 2307927K->69983K(2534400K), 0.0619810 secs] 7193635K->4961369K(10982400K), 0.0643980 secs] [Times: user=0.56 sys=0.00, real=0.06 secs] 
84192.526: [GC 84192.527: [ParNew: 2322783K->78515K(2534400K), 0.0556430 secs] 7214169K->4972118K(10982400K), 0.0582950 secs] [Times: user=0.57 sys=0.00, real=0.06 secs] 
84201.448: [GC 84201.449: [ParNew: 2331315K->67748K(2534400K), 0.0378380 secs] 7224918K->4970132K(10982400K), 0.0403990 secs] [Times: user=0.47 sys=0.00, real=0.04 secs] 
84236.353: [GC 84236.354: [ParNew: 2320548K->82222K(2534400K), 0.0638610 secs] 7222932K->4989874K(10982400K), 0.0665020 secs] [Times: user=0.55 sys=0.01, real=0.06 secs] 
84260.073: [GC 84260.075: [ParNew: 2334981K->72368K(2534400K), 0.0512750 secs] 7242633K->4986005K(10982400K), 0.0538750 secs] [Times: user=0.48 sys=0.00, real=0.06 secs] 
84297.602: [GC 84297.603: [ParNew: 2325168K->64128K(2534400K), 0.0821460 secs] 7238805K->4997533K(10982400K), 0.0847650 secs] [Times: user=0.44 sys=0.02, real=0.08 secs] 
84325.132: [GC 84325.134: [ParNew: 2316928K->57240K(2534400K), 0.0616620 secs] 7250333K->4992355K(10982400K), 0.0642500 secs] [Times: user=0.61 sys=0.00, real=0.07 secs] 
84342.978: [GC 84342.979: [ParNew: 2310040K->56679K(2534400K), 0.0579750 secs] 7245155K->5000154K(10982400K), 0.0606310 secs] [Times: user=0.63 sys=0.01, real=0.06 secs] 
84354.897: [GC 84354.899: [ParNew: 2309479K->54788K(2534400K), 0.0398930 secs] 7252954K->5002482K(10982400K), 0.0423020 secs] [Times: user=0.52 sys=0.01, real=0.05 secs] 
84376.917: [GC 84376.918: [ParNew: 2307588K->51989K(2534400K), 0.0558460 secs] 7255282K->5007322K(10982400K), 0.0581140 secs] [Times: user=0.55 sys=0.00, real=0.06 secs] 
84413.023: [GC 84413.025: [ParNew: 2304789K->54473K(2534400K), 0.0745100 secs] 7260122K->5015077K(10982400K), 0.0772570 secs] [Times: user=0.66 sys=0.01, real=0.08 secs] 
84442.343: [GC 84442.345: [ParNew: 2307230K->56419K(2534400K), 0.0692420 secs] 7267835K->5020771K(10982400K), 0.0718620 secs] [Times: user=0.64 sys=0.01, real=0.07 secs] 
84455.958: [GC 84455.959: [ParNew: 2309219K->47592K(2534400K), 0.0459360 secs] 7273571K->5014912K(10982400K), 0.0485320 secs] [Times: user=0.53 sys=0.00, real=0.05 secs] 
84482.029: [GC 84482.030: [ParNew: 2300392K->59973K(2534400K), 0.0620690 secs] 7267712K->5031390K(10982400K), 0.0646560 secs] [Times: user=0.62 sys=0.01, real=0.06 secs] 
84514.776: [GC 84514.778: [ParNew: 2312773K->61645K(2534400K), 0.0714620 secs] 7284190K->5040815K(10982400K), 0.0740780 secs] [Times: user=0.64 sys=0.00, real=0.07 secs] 
84546.404: [GC 84546.405: [ParNew: 2314445K->61027K(2534400K), 0.0701570 secs] 7293615K->5046158K(10982400K), 0.0727630 secs] [Times: user=0.66 sys=0.01, real=0.08 secs] 
84576.455: [GC 84576.456: [ParNew: 2313827K->65789K(2534400K), 0.0636760 secs] 7298958K->5054260K(10982400K), 0.0663010 secs] [Times: user=0.60 sys=0.00, real=0.07 secs] 
84583.996: [GC 84583.997: [ParNew: 2318589K->69843K(2534400K), 0.0448370 secs] 7307060K->5064259K(10982400K), 0.0474030 secs] [Times: user=0.63 sys=0.00, real=0.05 secs] 
84608.392: [GC 84608.394: [ParNew: 2322643K->62315K(2534400K), 0.0610180 secs] 7317059K->5062976K(10982400K), 0.0636160 secs] [Times: user=0.59 sys=0.00, real=0.06 secs] 
84640.776: [GC 84640.777: [ParNew: 2315113K->101191K(2534400K), 0.0681810 secs] 7315775K->5110061K(10982400K), 0.0707940 secs] [Times: user=0.63 sys=0.00, real=0.07 secs] 
84660.667: [GC 84660.669: [ParNew: 2353991K->103782K(2534400K), 0.0648120 secs] 7362861K->5119941K(10982400K), 0.0674360 secs] [Times: user=0.70 sys=0.01, real=0.07 secs] 
84680.312: [GC 84680.313: [ParNew: 2356582K->137361K(2534400K), 0.0620730 secs] 7372741K->5155862K(10982400K), 0.0646910 secs] [Times: user=0.73 sys=0.01, real=0.06 secs] 
84692.471: [GC 84692.472: [ParNew: 2390161K->142384K(2534400K), 0.0446640 secs] 7408662K->5166740K(10982400K), 0.0472760 secs] [Times: user=0.64 sys=0.00, real=0.04 secs] 
84704.771: [GC 84704.773: [ParNew: 2395184K->127542K(2534400K), 0.0856030 secs] 7419540K->5194138K(10982400K), 0.0878620 secs] [Times: user=0.63 sys=0.02, real=0.09 secs] 
84711.379: [GC 84711.380: [ParNew: 2380342K->78796K(2534400K), 0.0458330 secs] 7446938K->5152834K(10982400K), 0.0480800 secs] [Times: user=0.60 sys=0.01, real=0.05 secs] 
84711.435: [GC [1 CMS-initial-mark: 5074038K(8448000K)] 5158979K(10982400K), 0.0848350 secs] [Times: user=0.08 sys=0.00, real=0.08 secs] 
84718.997: [GC[YG occupancy: 1423210 K (2534400 K)]84718.998: [Rescan (parallel) , 0.9232680 secs]84719.921: [weak refs processing, 0.1671000 secs] [1 CMS-remark: 5074038K(8448000K)] 6497249K(10982400K), 1.0925080 secs] [Times: user=18.87 sys=0.07, real=1.09 secs] 
84728.536: [GC 84728.537: [ParNew: 2331596K->64003K(2534400K), 0.0595030 secs] 7103271K->4843567K(10982400K), 0.0621050 secs] [Times: user=0.62 sys=0.01, real=0.06 secs] 
84768.298: [GC 84768.299: [ParNew: 2316803K->53453K(2534400K), 0.0722870 secs] 7096367K->4837395K(10982400K), 0.0749130 secs] [Times: user=0.63 sys=0.00, real=0.08 secs] 
84789.658: [GC 84789.659: [ParNew: 2306253K->74370K(2534400K), 0.0853360 secs] 7090195K->4861997K(10982400K), 0.0879430 secs] [Times: user=0.65 sys=0.00, real=0.09 secs] 
84830.760: [GC 84830.761: [ParNew: 2327170K->65288K(2534400K), 0.0637150 secs] 7114797K->4855771K(10982400K), 0.0655170 secs] [Times: user=0.57 sys=0.01, real=0.07 secs] 
84841.480: [GC 84841.481: [ParNew: 2318088K->57047K(2534400K), 0.0451960 secs] 7108571K->4853717K(10982400K), 0.0469080 secs] [Times: user=0.61 sys=0.00, real=0.05 secs] 
84866.732: [GC 84866.733: [ParNew: 2309847K->62065K(2534400K), 0.0679020 secs] 7106517K->4866524K(10982400K), 0.0696830 secs] [Times: user=0.58 sys=0.00, real=0.07 secs] 
84908.390: [GC 84908.391: [ParNew: 2314865K->65186K(2534400K), 0.0736080 secs] 7119324K->4874044K(10982400K), 0.0754140 secs] [Times: user=0.60 sys=0.01, real=0.08 secs] 
84934.924: [GC 84934.925: [ParNew: 2317986K->57242K(2534400K), 0.0605780 secs] 7126844K->4874229K(10982400K), 0.0623930 secs] [Times: user=0.52 sys=0.00, real=0.07 secs] 
84957.592: [GC 84957.593: [ParNew: 2310042K->59263K(2534400K), 0.0486170 secs] 7127029K->4878736K(10982400K), 0.0503470 secs] [Times: user=0.52 sys=0.00, real=0.05 secs] 
84968.319: [GC 84968.320: [ParNew: 2312063K->57832K(2534400K), 0.0391640 secs] 7131536K->4882501K(10982400K), 0.0409020 secs] [Times: user=0.54 sys=0.00, real=0.04 secs] 
84990.906: [GC 84990.907: [ParNew: 2310632K->57577K(2534400K), 0.0664390 secs] 7135301K->4891011K(10982400K), 0.0682240 secs] [Times: user=0.61 sys=0.01, real=0.07 secs] 
85028.476: [GC 85028.477: [ParNew: 2310377K->58607K(2534400K), 0.0680000 secs] 7143811K->4897207K(10982400K), 0.0698280 secs] [Times: user=0.64 sys=0.00, real=0.07 secs] 
85058.703: [GC 85058.704: [ParNew: 2311407K->60605K(2534400K), 0.0720610 secs] 7150007K->4904116K(10982400K), 0.0738410 secs] [Times: user=0.60 sys=0.00, real=0.08 secs] 
85089.971: [GC 85089.972: [ParNew: 2313405K->67091K(2534400K), 0.0785030 secs] 7156916K->4913476K(10982400K), 0.0804300 secs] [Times: user=0.66 sys=0.00, real=0.08 secs] 
85096.263: [GC 85096.264: [ParNew: 2319891K->68125K(2534400K), 0.0430350 secs] 7166276K->4919784K(10982400K), 0.0456080 secs] [Times: user=0.52 sys=0.00, real=0.04 secs] 
85133.386: [GC 85133.387: [ParNew: 2320921K->77273K(2534400K), 0.0699080 secs] 7172580K->4936885K(10982400K), 0.0725590 secs] [Times: user=0.63 sys=0.01, real=0.08 secs] 
85158.051: [GC 85158.052: [ParNew: 2330073K->68873K(2534400K), 0.0721930 secs] 7189685K->4934171K(10982400K), 0.0748100 secs] [Times: user=0.64 sys=0.01, real=0.07 secs] 
85193.766: [GC 85193.767: [ParNew: 2321673K->65957K(2534400K), 0.0761730 secs] 7186971K->4947634K(10982400K), 0.0787920 secs] [Times: user=0.54 sys=0.01, real=0.08 secs] 
85214.695: [GC 85214.696: [ParNew: 2318757K->72980K(2534400K), 0.0727290 secs] 7200434K->4956257K(10982400K), 0.0750270 secs] [Times: user=0.54 sys=0.00, real=0.08 secs] 
85223.083: [GC 85223.084: [ParNew: 2325780K->60171K(2534400K), 0.0671540 secs] 7209057K->4951765K(10982400K), 0.0694480 secs] [Times: user=0.63 sys=0.00, real=0.07 secs] 
85258.008: [GC 85258.009: [ParNew: 2312971K->58183K(2534400K), 0.0636530 secs] 7204565K->4955126K(10982400K), 0.0662900 secs] [Times: user=0.59 sys=0.00, real=0.06 secs] 
85269.885: [GC 85269.887: [ParNew: 2310983K->51103K(2534400K), 0.0578840 secs] 7207926K->4956895K(10982400K), 0.0604800 secs] [Times: user=0.59 sys=0.01, real=0.06 secs] 
85301.439: [GC 85301.441: [ParNew: 2303900K->64741K(2534400K), 0.0715940 secs] 7209691K->4976365K(10982400K), 0.0742010 secs] [Times: user=0.65 sys=0.00, real=0.08 secs] 
85327.487: [GC 85327.488: [ParNew: 2317541K->59814K(2534400K), 0.0498370 secs] 7229165K->4973511K(10982400K), 0.0521420 secs] [Times: user=0.48 sys=0.01, real=0.05 secs] 
85348.032: [GC 85348.033: [ParNew: 2312614K->58042K(2534400K), 0.0690060 secs] 7226311K->4979214K(10982400K), 0.0715800 secs] [Times: user=0.62 sys=0.00, real=0.07 secs] 
85364.517: [GC 85364.518: [ParNew: 2310842K->52960K(2534400K), 0.0429310 secs] 7232014K->4977581K(10982400K), 0.0455310 secs] [Times: user=0.46 sys=0.01, real=0.05 secs] 
85392.314: [GC 85392.316: [ParNew: 2305760K->56836K(2534400K), 0.0712870 secs] 7230381K->4988555K(10982400K), 0.0738970 secs] [Times: user=0.61 sys=0.01, real=0.08 secs] 
85417.628: [GC 85417.629: [ParNew: 2309636K->52893K(2534400K), 0.0604580 secs] 7241355K->4991198K(10982400K), 0.0628740 secs] [Times: user=0.49 sys=0.00, real=0.07 secs] 
85446.348: [GC 85446.350: [ParNew: 2305693K->64169K(2534400K), 0.0687100 secs] 7243998K->5006540K(10982400K), 0.0713440 secs] [Times: user=0.57 sys=0.00, real=0.07 secs] 
85473.206: [GC 85473.208: [ParNew: 2316969K->74209K(2534400K), 0.0674050 secs] 7259340K->5019833K(10982400K), 0.0700210 secs] [Times: user=0.54 sys=0.00, real=0.07 secs] 
85484.541: [GC 85484.542: [ParNew: 2327009K->53289K(2534400K), 0.0377540 secs] 7272633K->5004495K(10982400K), 0.0403530 secs] [Times: user=0.46 sys=0.01, real=0.04 secs] 
85495.307: [Full GC (System) 85495.308: [CMS: 4951205K->4679599K(8448000K), 26.2289240 secs] 5806041K->4679599K(10982400K), [CMS Perm : 193486K->157454K(262144K)], 26.2316850 secs] [Times: user=26.26 sys=0.01, real=26.23 secs] 
85524.163: [GC 85524.165: [ParNew: 2252800K->62442K(2534400K), 0.0298130 secs] 6932399K->4742041K(10982400K), 0.0325000 secs] [Times: user=0.29 sys=0.00, real=0.04 secs] 
85545.017: [GC 85545.018: [ParNew: 2315242K->84783K(2534400K), 0.0652530 secs] 6994841K->4764382K(10982400K), 0.0679720 secs] [Times: user=0.34 sys=0.00, real=0.07 secs] 
85573.592: [GC 85573.593: [ParNew: 2337583K->85902K(2534400K), 0.0417400 secs] 7017182K->4765502K(10982400K), 0.0443940 secs] [Times: user=0.29 sys=0.00, real=0.05 secs] 
85593.803: [GC 85593.804: [ParNew: 2338702K->100771K(2534400K), 0.0478360 secs] 7018302K->4780370K(10982400K), 0.0505780 secs] [Times: user=0.28 sys=0.00, real=0.05 secs] 
85599.951: [GC 85599.952: [ParNew: 2353571K->156290K(2534400K), 0.1399920 secs] 7033170K->4868548K(10982400K), 0.1426210 secs] [Times: user=0.44 sys=0.02, real=0.14 secs] 
85617.764: [GC 85617.765: [ParNew: 2409078K->69631K(2534400K), 0.0600020 secs] 7121336K->4785394K(10982400K), 0.0625910 secs] [Times: user=0.36 sys=0.00, real=0.06 secs] 
85630.107: [GC 85630.108: [ParNew: 2322431K->41266K(2534400K), 0.0290740 secs] 7038194K->4765520K(10982400K), 0.0316520 secs] [Times: user=0.23 sys=0.00, real=0.03 secs] 
85649.845: [GC 85649.846: [ParNew: 2294066K->44033K(2534400K), 0.0466920 secs] 7018320K->4773060K(10982400K), 0.0493230 secs] [Times: user=0.32 sys=0.01, real=0.05 secs] 
85683.701: [GC 85683.702: [ParNew: 2296833K->55419K(2534400K), 0.0624880 secs] 7025860K->4787464K(10982400K), 0.0651190 secs] [Times: user=0.44 sys=0.01, real=0.06 secs] 
85709.476: [GC 85709.477: [ParNew: 2308219K->58549K(2534400K), 0.0492000 secs] 7040264K->4794409K(10982400K), 0.0517960 secs] [Times: user=0.32 sys=0.00, real=0.05 secs] 
85734.775: [GC 85734.776: [ParNew: 2311349K->64809K(2534400K), 0.0492730 secs] 7047209K->4803788K(10982400K), 0.0519000 secs] [Times: user=0.28 sys=0.00, real=0.05 secs] 
85747.458: [GC 85747.459: [ParNew: 2317609K->54497K(2534400K), 0.0232410 secs] 7056588K->4798221K(10982400K), 0.0249940 secs] [Times: user=0.24 sys=0.01, real=0.03 secs] 
85768.654: [GC 85768.655: [ParNew: 2307297K->54055K(2534400K), 0.0413600 secs] 7051021K->4806143K(10982400K), 0.0431590 secs] [Times: user=0.24 sys=0.00, real=0.04 secs] 
85791.756: [GC 85791.757: [ParNew: 2306855K->54432K(2534400K), 0.0575930 secs] 7058943K->4813056K(10982400K), 0.0593630 secs] [Times: user=0.39 sys=0.00, real=0.06 secs] 
85827.475: [GC 85827.476: [ParNew: 2307232K->60870K(2534400K), 0.0535770 secs] 7065856K->4825797K(10982400K), 0.0553740 secs] [Times: user=0.34 sys=0.00, real=0.05 secs] 
85851.455: [GC 85851.456: [ParNew: 2313670K->66539K(2534400K), 0.0608380 secs] 7078597K->4834553K(10982400K), 0.0626180 secs] [Times: user=0.39 sys=0.00, real=0.07 secs] 
85873.562: [GC 85873.563: [ParNew: 2319339K->60226K(2534400K), 0.0332890 secs] 7087353K->4833439K(10982400K), 0.0351090 secs] [Times: user=0.23 sys=0.00, real=0.03 secs] 
85888.480: [GC 85888.481: [ParNew: 2313026K->60476K(2534400K), 0.0354530 secs] 7086239K->4839275K(10982400K), 0.0375660 secs] [Times: user=0.28 sys=0.00, real=0.04 secs] 
85919.774: [GC 85919.775: [ParNew: 2313276K->62884K(2534400K), 0.0638420 secs] 7092075K->4849974K(10982400K), 0.0656470 secs] [Times: user=0.45 sys=0.00, real=0.07 secs] 
85949.307: [GC 85949.308: [ParNew: 2315684K->64468K(2534400K), 0.0547000 secs] 7102774K->4857659K(10982400K), 0.0565150 secs] [Times: user=0.39 sys=0.00, real=0.06 secs] 
85976.723: [GC 85976.724: [ParNew: 2317264K->102615K(2534400K), 0.0546400 secs] 7110456K->4901161K(10982400K), 0.0563980 secs] [Times: user=0.40 sys=0.00, real=0.06 secs] 
86000.722: [GC 86000.723: [ParNew: 2355415K->125513K(2534400K), 0.0411010 secs] 7153961K->4928518K(10982400K), 0.0428820 secs] [Times: user=0.42 sys=0.00, real=0.04 secs] 
86018.687: [GC 86018.688: [ParNew: 2378313K->112152K(2534400K), 0.0467570 secs] 7181318K->4922261K(10982400K), 0.0485470 secs] [Times: user=0.39 sys=0.00, real=0.05 secs] 
86048.152: [GC 86048.153: [ParNew: 2364952K->107973K(2534400K), 0.0557800 secs] 7175061K->4925425K(10982400K), 0.0575590 secs] [Times: user=0.40 sys=0.01, real=0.06 secs] 
86069.263: [GC 86069.264: [ParNew: 2360773K->80892K(2534400K), 0.0860520 secs] 7178225K->4943550K(10982400K), 0.0877940 secs] [Times: user=0.45 sys=0.03, real=0.09 secs] 
86100.420: [GC 86100.421: [ParNew: 2333615K->64305K(2534400K), 0.0624520 secs] 7196273K->4932257K(10982400K), 0.0642400 secs] [Times: user=0.40 sys=0.01, real=0.07 secs] 
86123.252: [GC 86123.252: [ParNew: 2317105K->58451K(2534400K), 0.0319770 secs] 7185057K->4931661K(10982400K), 0.0337650 secs] [Times: user=0.23 sys=0.00, real=0.03 secs] 
86128.602: [GC 86128.603: [ParNew: 2311251K->48033K(2534400K), 0.0253910 secs] 7184461K->4928359K(10982400K), 0.0271230 secs] [Times: user=0.23 sys=0.00, real=0.03 secs] 
86155.863: [GC 86155.863: [ParNew: 2300671K->58085K(2534400K), 0.0500020 secs] 7180997K->4943242K(10982400K), 0.0517260 secs] [Times: user=0.36 sys=0.00, real=0.05 secs] 
86178.911: [GC 86178.912: [ParNew: 2310885K->55729K(2534400K), 0.0469280 secs] 7196042K->4948813K(10982400K), 0.0486980 secs] [Times: user=0.34 sys=0.01, real=0.05 secs] 
86196.739: [GC 86196.740: [ParNew: 2308529K->58275K(2534400K), 0.0456070 secs] 7201613K->4956777K(10982400K), 0.0473870 secs] [Times: user=0.31 sys=0.00, real=0.04 secs] 
86223.582: [GC 86223.583: [ParNew: 2311075K->54425K(2534400K), 0.0396380 secs] 7209577K->4953994K(10982400K), 0.0414280 secs] [Times: user=0.24 sys=0.00, real=0.05 secs] 
86248.859: [GC 86248.860: [ParNew: 2307225K->58558K(2534400K), 0.0489250 secs] 7206794K->4965465K(10982400K), 0.0506700 secs] [Times: user=0.26 sys=0.00, real=0.05 secs] 
86255.336: [GC 86255.337: [ParNew: 2311358K->44133K(2534400K), 0.0275890 secs] 7218265K->4956673K(10982400K), 0.0292990 secs] [Times: user=0.21 sys=0.00, real=0.03 secs] 
86284.520: [GC 86284.521: [ParNew: 2296933K->55477K(2534400K), 0.0476460 secs] 7209473K->4973121K(10982400K), 0.0494420 secs] [Times: user=0.25 sys=0.00, real=0.05 secs] 
86309.606: [GC 86309.607: [ParNew: 2308277K->54526K(2534400K), 0.0540080 secs] 7225921K->4978733K(10982400K), 0.0557880 secs] [Times: user=0.39 sys=0.00, real=0.06 secs] 
86327.879: [GC 86327.880: [ParNew: 2307267K->69685K(2534400K), 0.0312480 secs] 7231475K->4998791K(10982400K), 0.0330550 secs] [Times: user=0.26 sys=0.00, real=0.03 secs] 
86348.047: [GC 86348.048: [ParNew: 2322485K->60430K(2534400K), 0.0433010 secs] 7251591K->4990972K(10982400K), 0.0450600 secs] [Times: user=0.34 sys=0.00, real=0.05 secs] 
86369.383: [GC 86369.384: [ParNew: 2313230K->52444K(2534400K), 0.0550220 secs] 7243772K->4992873K(10982400K), 0.0568020 secs] [Times: user=0.40 sys=0.00, real=0.06 secs] 
86381.499: [GC 86381.500: [ParNew: 2305244K->46487K(2534400K), 0.0274880 secs] 7245673K->4992346K(10982400K), 0.0292400 secs] [Times: user=0.22 sys=0.01, real=0.03 secs] 