4.799: [GC 4.799: [ParNew: 52480K->2333K(59008K), 0.0126120 secs] 52480K->2333K(517760K), 0.0127020 secs] [Times: user=0.02 sys=0.01, real=0.02 secs] 
18.580: [GC 18.580: [ParNew: 54813K->4584K(59008K), 0.0141000 secs] 54813K->4584K(517760K), 0.0142340 secs] [Times: user=0.04 sys=0.00, real=0.01 secs] 
19.247: [GC 19.247: [ParNew: 57037K->4545K(59008K), 0.0214480 secs] 57037K->6516K(517760K), 0.0215640 secs] [Times: user=0.08 sys=0.03, real=0.02 secs] 
20.123: [GC 20.123: [ParNew: 57025K->4908K(59008K), 0.0047370 secs] 58996K->6878K(517760K), 0.0048300 secs] [Times: user=0.03 sys=0.00, real=0.00 secs] 
20.752: [GC 20.752: [ParNew: 57388K->5194K(59008K), 0.0099820 secs] 59358K->8371K(517760K), 0.0100760 secs] [Times: user=0.06 sys=0.01, real=0.01 secs] 
21.570: [GC 21.570: [ParNew: 57587K->6005K(59008K), 0.0071980 secs] 60764K->10386K(517760K), 0.0072970 secs] [Times: user=0.04 sys=0.00, real=0.00 secs] 
22.261: [GC 22.261: [ParNew: 58485K->5761K(59008K), 0.0074770 secs] 62866K->11419K(517760K), 0.0075900 secs] [Times: user=0.04 sys=0.01, real=0.01 secs] 
22.943: [GC 22.943: [ParNew: 58241K->5690K(59008K), 0.0136430 secs] 63899K->12540K(517760K), 0.0137600 secs] [Times: user=0.04 sys=0.00, real=0.01 secs] 
24.688: [GC 24.688: [ParNew: 58170K->5193K(59008K), 0.0137130 secs] 65020K->13313K(517760K), 0.0138260 secs] [Times: user=0.04 sys=0.00, real=0.02 secs] 
574.710: [GC 574.710: [ParNew: 57673K->4675K(59008K), 0.0207640 secs] 65793K->13965K(517760K), 0.0208940 secs] [Times: user=0.06 sys=0.00, real=0.02 secs] 
1160.944: [GC 1160.944: [ParNew: 57155K->3087K(59008K), 0.0038090 secs] 66445K->12377K(517760K), 0.0039060 secs] [Times: user=0.02 sys=0.00, real=0.01 secs] 
1712.255: [GC 1712.255: [ParNew: 55567K->3111K(59008K), 0.0136020 secs] 64857K->13684K(517760K), 0.0136990 secs] [Times: user=0.04 sys=0.00, real=0.02 secs] 
2293.451: [GC 2293.452: [ParNew: 55591K->1191K(59008K), 0.0077320 secs] 66164K->12928K(517760K), 0.0078300 secs] [Times: user=0.02 sys=0.00, real=0.01 secs] 
2942.592: [GC 2942.592: [ParNew: 53671K->442K(59008K), 0.0016220 secs] 65408K->12251K(517760K), 0.0017140 secs] [Times: user=0.01 sys=0.00, real=0.01 secs] 
3588.581: [GC 3588.582: [ParNew: 52922K->438K(59008K), 0.0013930 secs] 64731K->12354K(517760K), 0.0014830 secs] [Times: user=0.00 sys=0.00, real=0.00 secs] 
4184.003: [GC 4184.003: [ParNew: 52918K->374K(59008K), 0.0013570 secs] 64834K->12350K(517760K), 0.0014460 secs] [Times: user=0.01 sys=0.00, real=0.00 secs] 
4847.527: [GC 4847.527: [ParNew: 52854K->356K(59008K), 0.0018340 secs] 64830K->12359K(517760K), 0.0019260 secs] [Times: user=0.01 sys=0.00, real=0.00 secs] 
5512.566: [GC 5512.566: [ParNew: 52726K->294K(59008K), 0.0013980 secs] 64729K->12320K(517760K), 0.0014920 secs] [Times: user=0.01 sys=0.00, real=0.00 secs] 
6175.018: [GC 6175.018: [ParNew: 52774K->276K(59008K), 0.0013450 secs] 64800K->12336K(517760K), 0.0014370 secs] [Times: user=0.00 sys=0.00, real=0.00 secs] 
6832.222: [GC 6832.222: [ParNew: 52756K->224K(59008K), 0.0013260 secs] 64816K->12354K(517760K), 0.0014180 secs] [Times: user=0.01 sys=0.00, real=0.00 secs] 
7487.548: [GC 7487.548: [ParNew: 52698K->213K(59008K), 0.0014100 secs] 64827K->12346K(517760K), 0.0014990 secs] [Times: user=0.01 sys=0.00, real=0.00 secs] 
8162.089: [GC 8162.089: [ParNew: 52693K->225K(59008K), 0.0014950 secs] 64826K->12362K(517760K), 0.0015860 secs] [Times: user=0.01 sys=0.00, real=0.00 secs] 
8835.750: [GC 8835.750: [ParNew: 52705K->185K(59008K), 0.0013270 secs] 64842K->12337K(517760K), 0.0014170 secs] [Times: user=0.01 sys=0.00, real=0.00 secs] 
9496.955: [GC 9496.955: [ParNew: 52665K->195K(59008K), 0.0014260 secs] 64817K->12355K(517760K), 0.0015200 secs] [Times: user=0.01 sys=0.00, real=0.00 secs] 
10177.507: [GC 10177.507: [ParNew: 52675K->190K(59008K), 0.0012790 secs] 64835K->12367K(517760K), 0.0013690 secs] [Times: user=0.01 sys=0.00, real=0.01 secs] 
10842.601: [GC 10842.601: [ParNew: 52668K->169K(59008K), 0.0012940 secs] 64846K->12347K(517760K), 0.0013810 secs] [Times: user=0.01 sys=0.00, real=0.00 secs] 
11505.330: [GC 11505.330: [ParNew: 52648K->208K(59008K), 0.0013500 secs] 64826K->12400K(517760K), 0.0014600 secs] [Times: user=0.01 sys=0.00, real=0.00 secs] 
12175.200: [GC 12175.200: [ParNew: 52688K->165K(59008K), 0.0013440 secs] 64880K->12374K(517760K), 0.0014320 secs] [Times: user=0.01 sys=0.00, real=0.00 secs] 
12851.823: [GC 12851.823: [ParNew: 52645K->153K(59008K), 0.0013000 secs] 64854K->12362K(517760K), 0.0013860 secs] [Times: user=0.01 sys=0.00, real=0.00 secs] 
13529.660: [GC 13529.660: [ParNew: 52631K->158K(59008K), 0.0012920 secs] 64840K->12368K(517760K), 0.0013770 secs] [Times: user=0.01 sys=0.00, real=0.00 secs] 
14194.466: [GC 14194.466: [ParNew: 52636K->184K(59008K), 0.0012640 secs] 64845K->12405K(517760K), 0.0013490 secs] [Times: user=0.01 sys=0.00, real=0.00 secs] 
14862.592: [GC 14862.592: [ParNew: 52664K->163K(59008K), 0.0014390 secs] 64885K->12385K(517760K), 0.0015280 secs] [Times: user=0.01 sys=0.00, real=0.00 secs] 
15531.318: [GC 15531.318: [ParNew: 52642K->192K(59008K), 0.0013040 secs] 64863K->12413K(517760K), 0.0013910 secs] [Times: user=0.01 sys=0.00, real=0.00 secs] 
16204.095: [GC 16204.095: [ParNew: 52672K->139K(59008K), 0.0014580 secs] 64893K->12360K(517760K), 0.0015450 secs] [Times: user=0.01 sys=0.00, real=0.00 secs] 
16882.377: [GC 16882.377: [ParNew: 52619K->149K(59008K), 0.0013880 secs] 64840K->12391K(517760K), 0.0014740 secs] [Times: user=0.01 sys=0.00, real=0.00 secs] 
17554.495: [GC 17554.495: [ParNew: 52629K->125K(59008K), 0.0013510 secs] 64871K->12368K(517760K), 0.0014390 secs] [Times: user=0.01 sys=0.00, real=0.01 secs] 
18227.633: [GC 18227.633: [ParNew: 52605K->128K(59008K), 0.0013390 secs] 64848K->12371K(517760K), 0.0014310 secs] [Times: user=0.01 sys=0.00, real=0.00 secs] 
18852.945: [GC 18852.945: [ParNew: 52608K->156K(59008K), 0.0014660 secs] 64851K->12404K(517760K), 0.0015580 secs] [Times: user=0.01 sys=0.00, real=0.01 secs] 
19481.771: [GC 19481.771: [ParNew: 52636K->165K(59008K), 0.0013410 secs] 64884K->12413K(517760K), 0.0014310 secs] [Times: user=0.01 sys=0.00, real=0.01 secs] 
20080.286: [GC 20080.286: [ParNew: 52645K->146K(59008K), 0.0014830 secs] 64893K->12394K(517760K), 0.0015640 secs] [Times: user=0.01 sys=0.00, real=0.00 secs] 
20789.531: [GC 20789.531: [ParNew: 52626K->173K(59008K), 0.0016030 secs] 64874K->12422K(517760K), 0.0016880 secs] [Times: user=0.01 sys=0.00, real=0.00 secs] 
21546.791: [GC 21546.791: [ParNew: 52653K->188K(59008K), 0.0028000 secs] 64902K->12451K(517760K), 0.0028820 secs] [Times: user=0.00 sys=0.00, real=0.00 secs] 
22293.988: [GC 22293.988: [ParNew: 52668K->245K(59008K), 0.0016450 secs] 64931K->12529K(517760K), 0.0017360 secs] [Times: user=0.01 sys=0.00, real=0.00 secs] 
23057.119: [GC 23057.120: [ParNew: 52725K->186K(59008K), 0.0016950 secs] 65009K->12472K(517760K), 0.0017880 secs] [Times: user=0.00 sys=0.00, real=0.00 secs] 
23829.626: [GC 23829.626: [ParNew: 52666K->212K(59008K), 0.0013430 secs] 64952K->12527K(517760K), 0.0014330 secs] [Times: user=0.00 sys=0.00, real=0.00 secs] 
24576.579: [GC 24576.579: [ParNew: 52692K->136K(59008K), 0.0017490 secs] 65007K->12480K(517760K), 0.0018350 secs] [Times: user=0.00 sys=0.00, real=0.01 secs] 
25294.177: [GC 25294.177: [ParNew: 52616K->146K(59008K), 0.0015610 secs] 64960K->12509K(517760K), 0.0016490 secs] [Times: user=0.01 sys=0.00, real=0.00 secs] 
26034.439: [GC 26034.439: [ParNew: 52626K->157K(59008K), 0.0029170 secs] 64989K->12521K(517760K), 0.0030060 secs] [Times: user=0.01 sys=0.00, real=0.01 secs] 
26789.191: [GC 26789.191: [ParNew: 52637K->157K(59008K), 0.0015320 secs] 65001K->12521K(517760K), 0.0016220 secs] [Times: user=0.00 sys=0.00, real=0.00 secs] 
27540.255: [GC 27540.256: [ParNew: 52637K->172K(59008K), 0.0023220 secs] 65001K->12545K(517760K), 0.0024100 secs] [Times: user=0.00 sys=0.00, real=0.00 secs] 
28283.096: [GC 28283.096: [ParNew: 52652K->127K(59008K), 0.0016410 secs] 65025K->12532K(517760K), 0.0017360 secs] [Times: user=0.01 sys=0.00, real=0.00 secs] 
29015.743: [GC 29015.743: [ParNew: 52607K->160K(59008K), 0.0016060 secs] 65012K->12566K(517760K), 0.0016950 secs] [Times: user=0.01 sys=0.00, real=0.00 secs] 
29754.553: [GC 29754.553: [ParNew: 52640K->142K(59008K), 0.0018470 secs] 65046K->12548K(517760K), 0.0019330 secs] [Times: user=0.00 sys=0.00, real=0.00 secs] 
30500.194: [GC 30500.194: [ParNew: 52622K->143K(59008K), 0.0016510 secs] 65028K->12550K(517760K), 0.0017420 secs] [Times: user=0.00 sys=0.00, real=0.00 secs] 
31225.265: [GC 31225.265: [ParNew: 52623K->163K(59008K), 0.0017020 secs] 65030K->12587K(517760K), 0.0017920 secs] [Times: user=0.01 sys=0.00, real=0.01 secs] 
31970.050: [GC 31970.050: [ParNew: 52643K->160K(59008K), 0.0014450 secs] 65067K->12590K(517760K), 0.0015330 secs] [Times: user=0.01 sys=0.01, real=0.00 secs] 
32711.005: [GC 32711.005: [ParNew: 52640K->159K(59008K), 0.0020440 secs] 65070K->12595K(517760K), 0.0021300 secs] [Times: user=0.01 sys=0.00, real=0.00 secs] 
33421.997: [GC 33421.997: [ParNew: 52639K->226K(59008K), 0.0018080 secs] 65075K->12665K(517760K), 0.0018910 secs] [Times: user=0.00 sys=0.00, real=0.00 secs] 
34177.010: [GC 34177.010: [ParNew: 52706K->228K(59008K), 0.0015860 secs] 65145K->12673K(517760K), 0.0016730 secs] [Times: user=0.01 sys=0.00, real=0.00 secs] 
34922.008: [GC 34922.008: [ParNew: 52708K->161K(59008K), 0.0025250 secs] 65153K->12614K(517760K), 0.0026110 secs] [Times: user=0.00 sys=0.00, real=0.00 secs] 
35675.015: [GC 35675.015: [ParNew: 52641K->201K(59008K), 0.0015770 secs] 65094K->12663K(517760K), 0.0016600 secs] [Times: user=0.01 sys=0.00, real=0.00 secs] 
36403.865: [GC 36403.865: [ParNew: 52681K->174K(59008K), 0.0018770 secs] 65143K->12696K(517760K), 0.0019670 secs] [Times: user=0.01 sys=0.00, real=0.00 secs] 
37153.803: [GC 37153.803: [ParNew: 52654K->133K(59008K), 0.0014400 secs] 65176K->12661K(517760K), 0.0015310 secs] [Times: user=0.01 sys=0.00, real=0.01 secs] 
37905.816: [GC 37905.816: [ParNew: 52613K->129K(59008K), 0.0015110 secs] 65141K->12657K(517760K), 0.0016050 secs] [Times: user=0.01 sys=0.00, real=0.00 secs] 
38653.630: [GC 38653.630: [ParNew: 52609K->147K(59008K), 0.0015430 secs] 65137K->12676K(517760K), 0.0016310 secs] [Times: user=0.00 sys=0.00, real=0.00 secs] 
39395.505: [GC 39395.505: [ParNew: 52627K->115K(59008K), 0.0026400 secs] 65156K->12664K(517760K), 0.0027250 secs] [Times: user=0.01 sys=0.00, real=0.00 secs] 
40114.709: [GC 40114.709: [ParNew: 52595K->154K(59008K), 0.0020310 secs] 65144K->12704K(517760K), 0.0021330 secs] [Times: user=0.01 sys=0.00, real=0.00 secs] 
40845.660: [GC 40845.660: [ParNew: 52634K->230K(59008K), 0.0013680 secs] 65184K->12780K(517760K), 0.0014650 secs] [Times: user=0.01 sys=0.00, real=0.00 secs] 
41580.174: [GC 41580.174: [ParNew: 52710K->244K(59008K), 0.0017000 secs] 65260K->12794K(517760K), 0.0017880 secs] [Times: user=0.01 sys=0.00, real=0.00 secs] 
42326.145: [GC 42326.145: [ParNew: 52724K->250K(59008K), 0.0031580 secs] 65274K->12819K(517760K), 0.0032450 secs] [Times: user=0.01 sys=0.00, real=0.00 secs] 
43055.651: [GC 43055.651: [ParNew: 52730K->224K(59008K), 0.0016260 secs] 65299K->12808K(517760K), 0.0017130 secs] [Times: user=0.00 sys=0.00, real=0.00 secs] 
43794.712: [GC 43794.712: [ParNew: 52704K->233K(59008K), 0.0015020 secs] 65288K->12862K(517760K), 0.0015930 secs] [Times: user=0.01 sys=0.00, real=0.00 secs] 
44514.612: [GC 44514.612: [ParNew: 52704K->244K(59008K), 0.0014890 secs] 65334K->12884K(517760K), 0.0015820 secs] [Times: user=0.01 sys=0.00, real=0.00 secs] 
45234.808: [GC 45234.808: [ParNew: 52667K->237K(59008K), 0.0013580 secs] 65307K->12878K(517760K), 0.0014510 secs] [Times: user=0.00 sys=0.00, real=0.00 secs] 
45954.641: [GC 45954.642: [ParNew: 52717K->285K(59008K), 0.0014030 secs] 65358K->12925K(517760K), 0.0014980 secs] [Times: user=0.01 sys=0.00, real=0.00 secs] 
46678.255: [GC 46678.255: [ParNew: 52765K->242K(59008K), 0.0027490 secs] 65405K->12909K(517760K), 0.0028410 secs] [Times: user=0.01 sys=0.01, real=0.00 secs] 
47388.955: [GC 47388.955: [ParNew: 52722K->234K(59008K), 0.0022100 secs] 65389K->12917K(517760K), 0.0022950 secs] [Times: user=0.00 sys=0.00, real=0.01 secs] 
48151.070: [GC 48151.070: [ParNew: 52714K->242K(59008K), 0.0017150 secs] 65397K->12925K(517760K), 0.0017990 secs] [Times: user=0.01 sys=0.00, real=0.00 secs] 
48921.656: [GC 48921.656: [ParNew: 52722K->250K(59008K), 0.0015820 secs] 65405K->12952K(517760K), 0.0016740 secs] [Times: user=0.01 sys=0.00, real=0.00 secs] 
49688.356: [GC 49688.356: [ParNew: 52730K->179K(59008K), 0.0020580 secs] 65432K->12901K(517760K), 0.0021450 secs] [Times: user=0.01 sys=0.00, real=0.00 secs] 
50460.318: [GC 50460.318: [ParNew: 52659K->214K(59008K), 0.0015150 secs] 65381K->12954K(517760K), 0.0016090 secs] [Times: user=0.01 sys=0.00, real=0.00 secs] 
51211.380: [GC 51211.380: [ParNew: 52694K->151K(59008K), 0.0016680 secs] 65434K->12946K(517760K), 0.0017630 secs] [Times: user=0.00 sys=0.00, real=0.00 secs] 
51872.477: [GC 51872.477: [ParNew: 52631K->199K(59008K), 0.0016480 secs] 65426K->12995K(517760K), 0.0017360 secs] [Times: user=0.01 sys=0.00, real=0.00 secs] 
52547.918: [GC 52547.918: [ParNew: 52679K->304K(59008K), 0.0013810 secs] 65475K->13100K(517760K), 0.0014630 secs] [Times: user=0.00 sys=0.00, real=0.00 secs] 
53307.483: [GC 53307.483: [ParNew: 52784K->273K(59008K), 0.0020830 secs] 65580K->13077K(517760K), 0.0021630 secs] [Times: user=0.00 sys=0.00, real=0.00 secs] 
54045.127: [GC 54045.127: [ParNew: 52636K->266K(59008K), 0.0016330 secs] 65440K->13080K(517760K), 0.0017230 secs] [Times: user=0.00 sys=0.00, real=0.00 secs] 
54781.881: [GC 54781.881: [ParNew: 52746K->204K(59008K), 0.0027950 secs] 65560K->13069K(517760K), 0.0028860 secs] [Times: user=0.00 sys=0.00, real=0.01 secs] 
55542.835: [GC 55542.835: [ParNew: 52684K->277K(59008K), 0.0015950 secs] 65549K->13149K(517760K), 0.0016870 secs] [Times: user=0.00 sys=0.00, real=0.00 secs] 
56279.787: [GC 56279.788: [ParNew: 52757K->168K(59008K), 0.0015400 secs] 65629K->13057K(517760K), 0.0016260 secs] [Times: user=0.01 sys=0.00, real=0.00 secs] 
57029.219: [GC 57029.219: [ParNew: 52648K->149K(59008K), 0.0020990 secs] 65537K->13059K(517760K), 0.0021890 secs] [Times: user=0.00 sys=0.00, real=0.00 secs] 
57751.280: [GC 57751.280: [ParNew: 52629K->229K(59008K), 0.0016090 secs] 65539K->13141K(517760K), 0.0016950 secs] [Times: user=0.01 sys=0.00, real=0.00 secs] 
58508.452: [GC 58508.452: [ParNew: 52709K->223K(59008K), 0.0018300 secs] 65621K->13140K(517760K), 0.0019150 secs] [Times: user=0.01 sys=0.00, real=0.01 secs] 
59246.017: [GC 59246.017: [ParNew: 52703K->207K(59008K), 0.0028860 secs] 65620K->13129K(517760K), 0.0030030 secs] [Times: user=0.01 sys=0.00, real=0.00 secs] 
60215.744: [GC 60215.744: [ParNew: 52687K->190K(59008K), 0.0028230 secs] 65609K->13133K(517760K), 0.0029110 secs] [Times: user=0.01 sys=0.00, real=0.00 secs] 
61285.261: [GC 61285.261: [ParNew: 52670K->168K(59008K), 0.0013070 secs] 65613K->13146K(517760K), 0.0013960 secs] [Times: user=0.01 sys=0.00, real=0.00 secs] 
62299.340: [GC 62299.340: [ParNew: 52635K->202K(59008K), 0.0012030 secs] 65613K->13189K(517760K), 0.0012960 secs] [Times: user=0.01 sys=0.00, real=0.00 secs] 
63275.743: [GC 63275.743: [ParNew: 52682K->227K(59008K), 0.0013890 secs] 65669K->13235K(517760K), 0.0014780 secs] [Times: user=0.00 sys=0.00, real=0.00 secs] 
64312.504: [GC 64312.504: [ParNew: 52707K->227K(59008K), 0.0011500 secs] 65715K->13238K(517760K), 0.0012350 secs] [Times: user=0.01 sys=0.00, real=0.00 secs] 
65361.883: [GC 65361.883: [ParNew: 52707K->233K(59008K), 0.0010410 secs] 65718K->13250K(517760K), 0.0011290 secs] [Times: user=0.00 sys=0.00, real=0.00 secs] 
66252.326: [GC 66252.326: [ParNew: 52713K->243K(59008K), 0.0019310 secs] 65730K->13305K(517760K), 0.0020210 secs] [Times: user=0.02 sys=0.00, real=0.00 secs] 
67280.409: [GC 67280.409: [ParNew: 52723K->140K(59008K), 0.0018580 secs] 65785K->13247K(517760K), 0.0019450 secs] [Times: user=0.01 sys=0.00, real=0.00 secs] 
68966.470: [GC 68966.471: [ParNew: 52620K->99K(59008K), 0.0026720 secs] 65727K->13236K(517760K), 0.0027610 secs] [Times: user=0.00 sys=0.00, real=0.00 secs] 
70578.536: [GC 70578.537: [ParNew: 52579K->137K(59008K), 0.0013410 secs] 65716K->13276K(517760K), 0.0014270 secs] [Times: user=0.01 sys=0.00, real=0.00 secs] 
72202.222: [GC 72202.222: [ParNew: 52598K->261K(59008K), 0.0021680 secs] 65737K->13419K(517760K), 0.0022640 secs] [Times: user=0.00 sys=0.00, real=0.00 secs] 
73930.887: [GC 73930.887: [ParNew: 52741K->135K(59008K), 0.0017160 secs] 65899K->13310K(517760K), 0.0018020 secs] [Times: user=0.01 sys=0.00, real=0.00 secs] 
75615.015: [GC 75615.015: [ParNew: 52615K->179K(59008K), 0.0012830 secs] 65790K->13373K(517760K), 0.0013650 secs] [Times: user=0.01 sys=0.00, real=0.00 secs] 
77273.127: [GC 77273.127: [ParNew: 52659K->169K(59008K), 0.0012100 secs] 65853K->13379K(517760K), 0.0012990 secs] [Times: user=0.01 sys=0.00, real=0.00 secs] 
78995.743: [GC 78995.743: [ParNew: 52649K->140K(59008K), 0.0013340 secs] 65859K->13378K(517760K), 0.0014190 secs] [Times: user=0.01 sys=0.00, real=0.00 secs] 
80685.823: [GC 80685.823: [ParNew: 52620K->168K(59008K), 0.0012820 secs] 65858K->13406K(517760K), 0.0013640 secs] [Times: user=0.00 sys=0.00, real=0.00 secs] 
82435.647: [GC 82435.647: [ParNew: 52648K->158K(59008K), 0.0011660 secs] 65886K->13407K(517760K), 0.0012480 secs] [Times: user=0.01 sys=0.00, real=0.00 secs] 
84095.743: [GC 84095.743: [ParNew: 52638K->152K(59008K), 0.0022920 secs] 65887K->13435K(517760K), 0.0023790 secs] [Times: user=0.00 sys=0.00, real=0.00 secs] 
85806.686: [GC 85806.686: [ParNew: 52631K->113K(59008K), 0.0012000 secs] 65914K->13409K(517760K), 0.0012830 secs] [Times: user=0.00 sys=0.00, real=0.00 secs] 
87480.156: [GC 87480.156: [ParNew: 52593K->94K(59008K), 0.0021590 secs] 65889K->13409K(517760K), 0.0022460 secs] [Times: user=0.00 sys=0.00, real=0.01 secs] 
89238.758: [GC 89238.758: [ParNew: 52574K->133K(59008K), 0.0010330 secs] 65889K->13448K(517760K), 0.0011180 secs] [Times: user=0.01 sys=0.00, real=0.00 secs] 
90914.452: [GC 90914.452: [ParNew: 52613K->175K(59008K), 0.0011540 secs] 65928K->13490K(517760K), 0.0012470 secs] [Times: user=0.01 sys=0.00, real=0.00 secs] 
92554.870: [GC 92554.870: [ParNew: 52655K->150K(59008K), 0.0014010 secs] 65970K->13486K(517760K), 0.0014870 secs] [Times: user=0.00 sys=0.00, real=0.00 secs] 
94291.182: [GC 94291.182: [ParNew: 52630K->143K(59008K), 0.0012430 secs] 65966K->13493K(517760K), 0.0013350 secs] [Times: user=0.01 sys=0.00, real=0.00 secs] 
96095.743: [GC 96095.743: [ParNew: 52623K->159K(59008K), 0.0010580 secs] 65973K->13509K(517760K), 0.0011520 secs] [Times: user=0.01 sys=0.00, real=0.01 secs] 
97850.283: [GC 97850.284: [ParNew: 52639K->153K(59008K), 0.0017000 secs] 65989K->13517K(517760K), 0.0017880 secs] [Times: user=0.00 sys=0.00, real=0.00 secs] 
99563.223: [GC 99563.223: [ParNew: 52633K->183K(59008K), 0.0018330 secs] 65997K->13573K(517760K), 0.0019200 secs] [Times: user=0.01 sys=0.00, real=0.00 secs] 
101529.190: [GC 101529.190: [ParNew: 52663K->182K(59008K), 0.0019510 secs] 66053K->13586K(517760K), 0.0020360 secs] [Times: user=0.01 sys=0.00, real=0.00 secs] 
103408.034: [GC 103408.034: [ParNew: 52662K->186K(59008K), 0.0013670 secs] 66066K->13607K(517760K), 0.0014520 secs] [Times: user=0.01 sys=0.00, real=0.00 secs] 
105330.563: [GC 105330.563: [ParNew: 52666K->245K(59008K), 0.0012940 secs] 66087K->13688K(517760K), 0.0013870 secs] [Times: user=0.01 sys=0.00, real=0.00 secs] 
107383.140: [GC 107383.140: [ParNew: 52725K->192K(59008K), 0.0014530 secs] 66168K->13664K(517760K), 0.0015350 secs] [Times: user=0.00 sys=0.00, real=0.00 secs] 
109255.071: [GC 109255.071: [ParNew: 52672K->166K(59008K), 0.0023920 secs] 66144K->13661K(517760K), 0.0024820 secs] [Times: user=0.00 sys=0.00, real=0.00 secs] 
111208.221: [GC 111208.221: [ParNew: 52646K->270K(59008K), 0.0025910 secs] 66141K->13797K(517760K), 0.0026760 secs] [Times: user=0.00 sys=0.00, real=0.01 secs] 
115355.743: [GC 115355.743: [ParNew: 52750K->252K(59008K), 0.0014960 secs] 66277K->13823K(517760K), 0.0015820 secs] [Times: user=0.01 sys=0.00, real=0.00 secs] 
119421.326: [GC 119421.326: [ParNew: 52732K->416K(59008K), 0.0013810 secs] 66303K->13988K(517760K), 0.0014620 secs] [Times: user=0.01 sys=0.00, real=0.00 secs] 
123847.881: [GC 123847.881: [ParNew: 52896K->337K(59008K), 0.0013940 secs] 66468K->13924K(517760K), 0.0014860 secs] [Times: user=0.01 sys=0.00, real=0.00 secs] 
128516.395: [GC 128516.395: [ParNew: 52817K->433K(59008K), 0.0040610 secs] 66404K->14083K(517760K), 0.0041870 secs] [Times: user=0.02 sys=0.00, real=0.00 secs] 
132875.744: [GC 132875.744: [ParNew: 52913K->386K(59008K), 0.0032860 secs] 66563K->14090K(517760K), 0.0033810 secs] [Times: user=0.01 sys=0.00, real=0.00 secs] 
137525.742: [GC 137525.742: [ParNew: 52866K->432K(59008K), 0.0031730 secs] 66570K->14210K(517760K), 0.0032660 secs] [Times: user=0.01 sys=0.00, real=0.00 secs] 
141463.609: [GC 141463.609: [ParNew: 52912K->522K(59008K), 0.0026040 secs] 66690K->14339K(517760K), 0.0026980 secs] [Times: user=0.00 sys=0.00, real=0.00 secs] 
144295.393: [GC 144295.393: [ParNew: 53002K->572K(59008K), 0.0018820 secs] 66819K->14449K(517760K), 0.0019700 secs] [Times: user=0.02 sys=0.00, real=0.00 secs] 
146935.594: [GC 146935.594: [ParNew: 53037K->667K(59008K), 0.0025700 secs] 66914K->14628K(517760K), 0.0026600 secs] [Times: user=0.00 sys=0.00, real=0.01 secs] 
149474.510: [GC 149474.510: [ParNew: 53147K->689K(59008K), 0.0022500 secs] 67108K->14708K(517760K), 0.0023420 secs] [Times: user=0.01 sys=0.00, real=0.00 secs] 
151999.806: [GC 151999.806: [ParNew: 53169K->981K(59008K), 0.0021790 secs] 67188K->15088K(517760K), 0.0022660 secs] [Times: user=0.01 sys=0.01, real=0.00 secs] 
154373.838: [GC 154373.838: [ParNew: 53394K->957K(59008K), 0.0030940 secs] 67502K->15134K(517760K), 0.0031830 secs] [Times: user=0.00 sys=0.00, real=0.00 secs] 
156558.556: [GC 156558.556: [ParNew: 53437K->1019K(59008K), 0.0049150 secs] 67614K->15364K(517760K), 0.0050060 secs] [Times: user=0.01 sys=0.00, real=0.01 secs] 
158299.639: [GC 158299.639: [ParNew: 53499K->1192K(59008K), 0.0050110 secs] 67844K->15685K(517760K), 0.0051040 secs] [Times: user=0.01 sys=0.00, real=0.00 secs] 
160009.344: [GC 160009.344: [ParNew: 53672K->1102K(59008K), 0.0077450 secs] 68165K->15717K(517760K), 0.0078320 secs] [Times: user=0.03 sys=0.00, real=0.00 secs] 
161261.802: [GC 161261.802: [ParNew: 53582K->1311K(59008K), 0.0044640 secs] 68197K->16100K(517760K), 0.0045500 secs] [Times: user=0.01 sys=0.01, real=0.00 secs] 
162174.308: [GC 162174.308: [ParNew: 53785K->1857K(59008K), 0.0031470 secs] 68574K->16778K(517760K), 0.0032280 secs] [Times: user=0.01 sys=0.00, real=0.00 secs] 
163085.311: [GC 163085.311: [ParNew: 54334K->2003K(59008K), 0.0035730 secs] 69254K->17062K(517760K), 0.0036630 secs] [Times: user=0.01 sys=0.00, real=0.00 secs] 
163898.838: [GC 163898.838: [ParNew: 54483K->2212K(59008K), 0.0028840 secs] 69542K->17355K(517760K), 0.0029680 secs] [Times: user=0.02 sys=0.00, real=0.01 secs] 
164774.024: [GC 164774.024: [ParNew: 54595K->2184K(59008K), 0.0049560 secs] 69738K->17701K(517760K), 0.0050460 secs] [Times: user=0.02 sys=0.00, real=0.01 secs] 
165556.610: [GC 165556.610: [ParNew: 54664K->1887K(59008K), 0.0046590 secs] 70181K->17841K(517760K), 0.0047490 secs] [Times: user=0.02 sys=0.00, real=0.01 secs] 
166233.588: [GC 166233.588: [ParNew: 54367K->2055K(59008K), 0.0027470 secs] 70321K->18263K(517760K), 0.0028330 secs] [Times: user=0.01 sys=0.00, real=0.00 secs] 
166832.820: [GC 166832.820: [ParNew: 54533K->1741K(59008K), 0.0029470 secs] 70741K->18266K(517760K), 0.0030380 secs] [Times: user=0.02 sys=0.00, real=0.01 secs] 
167496.126: [GC 167496.126: [ParNew: 54221K->2136K(59008K), 0.0022330 secs] 70746K->18821K(517760K), 0.0023250 secs] [Times: user=0.01 sys=0.00, real=0.00 secs] 
168099.049: [GC 168099.049: [ParNew: 54616K->2518K(59008K), 0.0026000 secs] 71301K->19425K(517760K), 0.0026900 secs] [Times: user=0.02 sys=0.00, real=0.00 secs] 
168710.910: [GC 168710.910: [ParNew: 54998K->2449K(59008K), 0.0029430 secs] 71905K->19613K(517760K), 0.0030370 secs] [Times: user=0.01 sys=0.00, real=0.00 secs] 
169234.137: [GC 169234.138: [ParNew: 54929K->1910K(59008K), 0.0096700 secs] 72093K->19383K(517760K), 0.0097660 secs] [Times: user=0.02 sys=0.00, real=0.01 secs] 
169850.058: [GC 169850.058: [ParNew: 54390K->1916K(59008K), 0.0022640 secs] 71863K->19556K(517760K), 0.0023510 secs] [Times: user=0.01 sys=0.00, real=0.00 secs] 
170453.950: [GC 170453.950: [ParNew: 54369K->2139K(59008K), 0.0048660 secs] 72009K->20062K(517760K), 0.0049530 secs] [Times: user=0.00 sys=0.00, real=0.00 secs] 
171053.210: [GC 171053.210: [ParNew: 54619K->1504K(59008K), 0.0046390 secs] 72542K->19672K(517760K), 0.0047310 secs] [Times: user=0.02 sys=0.00, real=0.00 secs] 
171556.648: [GC 171556.648: [ParNew: 53984K->1633K(59008K), 0.0037730 secs] 72152K->19975K(517760K), 0.0038850 secs] [Times: user=0.01 sys=0.00, real=0.01 secs] 
172077.158: [GC 172077.158: [ParNew: 54113K->1886K(59008K), 0.0029260 secs] 72455K->20372K(517760K), 0.0030110 secs] [Times: user=0.01 sys=0.00, real=0.00 secs] 
172651.483: [GC 172651.483: [ParNew: 54366K->1804K(59008K), 0.0026510 secs] 72852K->20522K(517760K), 0.0027450 secs] [Times: user=0.01 sys=0.00, real=0.01 secs] 
173151.801: [GC 173151.801: [ParNew: 54284K->1571K(59008K), 0.0040540 secs] 73002K->20418K(517760K), 0.0041590 secs] [Times: user=0.00 sys=0.00, real=0.00 secs] 
173694.403: [GC 173694.403: [ParNew: 54051K->1660K(59008K), 0.0125390 secs] 72897K->20686K(517760K), 0.0126680 secs] [Times: user=0.03 sys=0.01, real=0.01 secs] 
174180.884: [GC 174180.884: [ParNew: 54140K->1540K(59008K), 0.0057470 secs] 73166K->20738K(517760K), 0.0058380 secs] [Times: user=0.02 sys=0.00, real=0.00 secs] 
174745.749: [GC 174745.749: [ParNew: 54020K->1402K(59008K), 0.0035440 secs] 73218K->20752K(517760K), 0.0036290 secs] [Times: user=0.01 sys=0.00, real=0.00 secs] 
175262.251: [GC 175262.251: [ParNew: 53882K->1870K(59008K), 0.0022860 secs] 73232K->21340K(517760K), 0.0023760 secs] [Times: user=0.00 sys=0.00, real=0.01 secs] 
175930.813: [GC 175930.813: [ParNew: 54350K->1330K(59008K), 0.0025110 secs] 73820K->20884K(517760K), 0.0026040 secs] [Times: user=0.01 sys=0.00, real=0.00 secs] 
176545.859: [GC 176545.859: [ParNew: 53810K->1762K(59008K), 0.0034610 secs] 73364K->21487K(517760K), 0.0035570 secs] [Times: user=0.01 sys=0.00, real=0.01 secs] 
177129.774: [GC 177129.774: [ParNew: 54242K->1758K(59008K), 0.0025780 secs] 73967K->21627K(517760K), 0.0026730 secs] [Times: user=0.01 sys=0.00, real=0.01 secs] 
177774.637: [GC 177774.637: [ParNew: 54235K->1431K(59008K), 0.0024790 secs] 74104K->21501K(517760K), 0.0025680 secs] [Times: user=0.00 sys=0.00, real=0.01 secs] 
178418.050: [GC 178418.050: [ParNew: 53911K->1723K(59008K), 0.0027840 secs] 73981K->21961K(517760K), 0.0028740 secs] [Times: user=0.01 sys=0.00, real=0.00 secs] 
178977.927: [GC 178977.927: [ParNew: 54203K->1351K(59008K), 0.0029470 secs] 74441K->21758K(517760K), 0.0030380 secs] [Times: user=0.00 sys=0.00, real=0.00 secs] 
179526.815: [GC 179526.815: [ParNew: 53831K->1418K(59008K), 0.0033690 secs] 74238K->21956K(517760K), 0.0034520 secs] [Times: user=0.01 sys=0.00, real=0.01 secs] 
180049.025: [GC 180049.025: [ParNew: 53898K->1254K(59008K), 0.0025520 secs] 74436K->21921K(517760K), 0.0026460 secs] [Times: user=0.01 sys=0.00, real=0.00 secs] 
180564.352: [GC 180564.352: [ParNew: 53734K->1465K(59008K), 0.0019110 secs] 74401K->22250K(517760K), 0.0019990 secs] [Times: user=0.01 sys=0.00, real=0.00 secs] 
181101.299: [GC 181101.299: [ParNew: 53945K->1613K(59008K), 0.0017390 secs] 74730K->22462K(517760K), 0.0018280 secs] [Times: user=0.00 sys=0.00, real=0.01 secs] 
181685.743: [GC 181685.743: [ParNew: 54093K->1708K(59008K), 0.0021610 secs] 74942K->22703K(517760K), 0.0022440 secs] [Times: user=0.01 sys=0.00, real=0.01 secs] 
182269.029: [GC 182269.029: [ParNew: 54188K->1379K(59008K), 0.0021040 secs] 75183K->22489K(517760K), 0.0021940 secs] [Times: user=0.01 sys=0.00, real=0.00 secs] 
182974.327: [GC 182974.327: [ParNew: 53859K->1103K(59008K), 0.0021320 secs] 74969K->22428K(517760K), 0.0022220 secs] [Times: user=0.01 sys=0.00, real=0.00 secs] 
183654.071: [GC 183654.071: [ParNew: 53550K->1453K(59008K), 0.0017610 secs] 74874K->22905K(517760K), 0.0018520 secs] [Times: user=0.00 sys=0.00, real=0.00 secs] 
184335.145: [GC 184335.145: [ParNew: 53933K->1267K(59008K), 0.0048180 secs] 75385K->22915K(517760K), 0.0049290 secs] [Times: user=0.01 sys=0.00, real=0.00 secs] 
184950.247: [GC 184950.247: [ParNew: 53747K->1071K(59008K), 0.0019090 secs] 75394K->22843K(517760K), 0.0020020 secs] [Times: user=0.01 sys=0.00, real=0.00 secs] 
185554.676: [GC 185554.676: [ParNew: 53551K->911K(59008K), 0.0041910 secs] 75323K->22792K(517760K), 0.0042900 secs] [Times: user=0.00 sys=0.00, real=0.00 secs] 
186208.859: [GC 186208.859: [ParNew: 53311K->1006K(59008K), 0.0019980 secs] 75191K->22998K(517760K), 0.0020890 secs] [Times: user=0.01 sys=0.00, real=0.00 secs] 
186871.651: [GC 186871.651: [ParNew: 53486K->1160K(59008K), 0.0030090 secs] 75478K->23271K(517760K), 0.0031030 secs] [Times: user=0.01 sys=0.00, real=0.00 secs] 
187468.991: [GC 187468.991: [ParNew: 53640K->1449K(59008K), 0.0031090 secs] 75751K->23630K(517760K), 0.0032030 secs] [Times: user=0.01 sys=0.00, real=0.01 secs] 
188089.081: [GC 188089.081: [ParNew: 53929K->1545K(59008K), 0.0023500 secs] 76110K->23862K(517760K), 0.0024400 secs] [Times: user=0.01 sys=0.00, real=0.00 secs] 
188630.354: [GC 188630.354: [ParNew: 54025K->1202K(59008K), 0.0025710 secs] 76342K->23625K(517760K), 0.0026620 secs] [Times: user=0.01 sys=0.00, real=0.00 secs] 
189053.020: [GC 189053.020: [ParNew: 53682K->1609K(59008K), 0.0022300 secs] 76105K->24176K(517760K), 0.0023170 secs] [Times: user=0.01 sys=0.00, real=0.00 secs] 
189492.846: [GC 189492.846: [ParNew: 54089K->1829K(59008K), 0.0026880 secs] 76656K->24466K(517760K), 0.0027820 secs] [Times: user=0.01 sys=0.00, real=0.00 secs] 
189955.941: [GC 189955.941: [ParNew: 54309K->1977K(59008K), 0.0056810 secs] 76946K->24835K(517760K), 0.0057740 secs] [Times: user=0.02 sys=0.00, real=0.01 secs] 
190420.513: [GC 190420.513: [ParNew: 54457K->2147K(59008K), 0.0027380 secs] 77315K->25143K(517760K), 0.0028330 secs] [Times: user=0.02 sys=0.00, real=0.00 secs] 
190822.191: [GC 190822.191: [ParNew: 54627K->2830K(59008K), 0.0053120 secs] 77623K->26094K(517760K), 0.0054060 secs] [Times: user=0.02 sys=0.00, real=0.00 secs] 
191174.961: [GC 191174.961: [ParNew: 55310K->2815K(59008K), 0.0059670 secs] 78574K->26381K(517760K), 0.0060560 secs] [Times: user=0.02 sys=0.00, real=0.01 secs] 
191571.687: [GC 191571.687: [ParNew: 55291K->2747K(59008K), 0.0038780 secs] 78857K->26612K(517760K), 0.0039720 secs] [Times: user=0.02 sys=0.00, real=0.00 secs] 
191967.192: [GC 191967.192: [ParNew: 55227K->3046K(59008K), 0.0062040 secs] 79092K->27285K(517760K), 0.0062970 secs] [Times: user=0.01 sys=0.00, real=0.00 secs] 
192254.011: [GC 192254.011: [ParNew: 55526K->3322K(59008K), 0.0044720 secs] 79765K->27875K(517760K), 0.0045610 secs] [Times: user=0.02 sys=0.01, real=0.00 secs] 
192557.321: [GC 192557.321: [ParNew: 55726K->3233K(59008K), 0.0063040 secs] 80279K->28175K(517760K), 0.0063920 secs] [Times: user=0.02 sys=0.00, real=0.00 secs] 
192893.619: [GC 192893.619: [ParNew: 55713K->2818K(59008K), 0.0044540 secs] 80655K->28082K(517760K), 0.0045470 secs] [Times: user=0.03 sys=0.01, real=0.00 secs] 
193198.180: [GC 193198.180: [ParNew: 55298K->3247K(59008K), 0.0040540 secs] 80562K->28894K(517760K), 0.0041570 secs] [Times: user=0.03 sys=0.00, real=0.00 secs] 
193570.874: [GC 193570.874: [ParNew: 55727K->3370K(59008K), 0.0039790 secs] 81374K->29435K(517760K), 0.0040800 secs] [Times: user=0.02 sys=0.00, real=0.01 secs] 
193898.034: [GC 193898.034: [ParNew: 55850K->3287K(59008K), 0.0057150 secs] 81915K->29757K(517760K), 0.0058110 secs] [Times: user=0.02 sys=0.00, real=0.00 secs] 
194227.593: [GC 194227.593: [ParNew: 55767K->3237K(59008K), 0.0062400 secs] 82237K->30145K(517760K), 0.0063310 secs] [Times: user=0.02 sys=0.00, real=0.00 secs] 
194525.022: [GC 194525.022: [ParNew: 55717K->2501K(59008K), 0.0040040 secs] 82625K->29830K(517760K), 0.0041030 secs] [Times: user=0.02 sys=0.00, real=0.00 secs] 
194785.099: [GC 194785.099: [ParNew: 54981K->2799K(59008K), 0.0037450 secs] 82310K->30407K(517760K), 0.0038340 secs] [Times: user=0.02 sys=0.00, real=0.00 secs] 
195012.192: [GC 195012.192: [ParNew: 55279K->2771K(59008K), 0.0037920 secs] 82887K->30795K(517760K), 0.0038950 secs] [Times: user=0.02 sys=0.00, real=0.00 secs] 
195287.779: [GC 195287.779: [ParNew: 55251K->3159K(59008K), 0.0042700 secs] 83275K->31443K(517760K), 0.0043590 secs] [Times: user=0.02 sys=0.00, real=0.01 secs] 
195561.540: [GC 195561.540: [ParNew: 55639K->2428K(59008K), 0.0034360 secs] 83923K->30970K(517760K), 0.0035560 secs] [Times: user=0.01 sys=0.00, real=0.00 secs] 
195806.854: [GC 195806.854: [ParNew: 54908K->2931K(59008K), 0.0049250 secs] 83450K->31761K(517760K), 0.0050190 secs] [Times: user=0.02 sys=0.00, real=0.00 secs] 
196079.426: [GC 196079.426: [ParNew: 55411K->3248K(59008K), 0.0029400 secs] 84241K->32416K(517760K), 0.0030380 secs] [Times: user=0.02 sys=0.00, real=0.01 secs] 
196406.855: [GC 196406.855: [ParNew: 55727K->3220K(59008K), 0.0027830 secs] 84895K->32712K(517760K), 0.0028800 secs] [Times: user=0.02 sys=0.00, real=0.00 secs] 
196665.468: [GC 196665.468: [ParNew: 55700K->2523K(59008K), 0.0029230 secs] 85192K->32468K(517760K), 0.0030260 secs] [Times: user=0.02 sys=0.00, real=0.01 secs] 
196959.725: [GC 196959.726: [ParNew: 55003K->2869K(59008K), 0.0028290 secs] 84948K->33171K(517760K), 0.0029310 secs] [Times: user=0.01 sys=0.01, real=0.00 secs] 
197211.039: [GC 197211.039: [ParNew: 55349K->2761K(59008K), 0.0026300 secs] 85651K->33358K(517760K), 0.0027150 secs] [Times: user=0.02 sys=0.00, real=0.00 secs] 
197460.569: [GC 197460.569: [ParNew: 55241K->2967K(59008K), 0.0022350 secs] 85838K->33791K(517760K), 0.0023190 secs] [Times: user=0.01 sys=0.00, real=0.00 secs] 
197751.451: [GC 197751.451: [ParNew: 55447K->2741K(59008K), 0.0024680 secs] 86271K->33855K(517760K), 0.0025580 secs] [Times: user=0.01 sys=0.00, real=0.00 secs] 
198049.999: [GC 198049.999: [ParNew: 55221K->2793K(59008K), 0.0030540 secs] 86335K->34192K(517760K), 0.0031600 secs] [Times: user=0.02 sys=0.00, real=0.00 secs] 
198286.790: [GC 198286.790: [ParNew: 55273K->2781K(59008K), 0.0029790 secs] 86672K->34465K(517760K), 0.0030750 secs] [Times: user=0.01 sys=0.00, real=0.00 secs] 
198531.258: [GC 198531.258: [ParNew: 55261K->3019K(59008K), 0.0028640 secs] 86945K->34970K(517760K), 0.0029760 secs] [Times: user=0.01 sys=0.01, real=0.00 secs] 
198807.687: [GC 198807.687: [ParNew: 55499K->2562K(59008K), 0.0042390 secs] 87450K->34855K(517760K), 0.0043300 secs] [Times: user=0.01 sys=0.00, real=0.01 secs] 
199068.829: [GC 199068.829: [ParNew: 55042K->2689K(59008K), 0.0032080 secs] 87335K->35210K(517760K), 0.0033080 secs] [Times: user=0.01 sys=0.00, real=0.00 secs] 
199301.877: [GC 199301.878: [ParNew: 55169K->2961K(59008K), 0.0030270 secs] 87690K->35837K(517760K), 0.0035190 secs] [Times: user=0.01 sys=0.01, real=0.00 secs] 
199595.133: [GC 199595.133: [ParNew: 55441K->2180K(59008K), 0.0046810 secs] 88317K->35349K(517760K), 0.0047750 secs] [Times: user=0.02 sys=0.00, real=0.00 secs] 
199862.817: [GC 199862.817: [ParNew: 54660K->2326K(59008K), 0.0029900 secs] 87829K->35743K(517760K), 0.0030730 secs] [Times: user=0.01 sys=0.00, real=0.01 secs] 
200135.923: [GC 200135.923: [ParNew: 54806K->2397K(59008K), 0.0023900 secs] 88223K->36036K(517760K), 0.0024790 secs] [Times: user=0.01 sys=0.00, real=0.00 secs] 
200400.741: [GC 200400.741: [ParNew: 54877K->2213K(59008K), 0.0032090 secs] 88516K->36113K(517760K), 0.0032960 secs] [Times: user=0.01 sys=0.01, real=0.00 secs] 
200688.780: [GC 200688.781: [ParNew: 54690K->2332K(59008K), 0.0025320 secs] 88591K->36470K(517760K), 0.0026210 secs] [Times: user=0.02 sys=0.00, real=0.00 secs] 
200927.322: [GC 200927.322: [ParNew: 54812K->2358K(59008K), 0.0021320 secs] 88950K->36696K(517760K), 0.0022230 secs] [Times: user=0.01 sys=0.00, real=0.00 secs] 
201181.618: [GC 201181.618: [ParNew: 54838K->1746K(59008K), 0.0032000 secs] 89176K->36293K(517760K), 0.0032880 secs] [Times: user=0.01 sys=0.00, real=0.00 secs] 
201422.216: [GC 201422.216: [ParNew: 54225K->2468K(59008K), 0.0028690 secs] 88772K->37183K(517760K), 0.0029560 secs] [Times: user=0.01 sys=0.00, real=0.00 secs] 
201667.162: [GC 201667.162: [ParNew: 54948K->2701K(59008K), 0.0023360 secs] 89663K->37587K(517760K), 0.0024280 secs] [Times: user=0.01 sys=0.00, real=0.00 secs] 
201912.156: [GC 201912.156: [ParNew: 55181K->2526K(59008K), 0.0036640 secs] 90067K->37624K(517760K), 0.0037500 secs] [Times: user=0.01 sys=0.00, real=0.01 secs] 
202154.571: [GC 202154.571: [ParNew: 55006K->2879K(59008K), 0.0037070 secs] 90104K->38233K(517760K), 0.0038170 secs] [Times: user=0.01 sys=0.00, real=0.00 secs] 
202416.098: [GC 202416.099: [ParNew: 55359K->2631K(59008K), 0.0025460 secs] 90713K->38216K(517760K), 0.0026420 secs] [Times: user=0.01 sys=0.00, real=0.01 secs] 
202669.207: [GC 202669.207: [ParNew: 55111K->2571K(59008K), 0.0027860 secs] 90696K->38342K(517760K), 0.0028760 secs] [Times: user=0.01 sys=0.00, real=0.00 secs] 
202908.964: [GC 202908.964: [ParNew: 55051K->2654K(59008K), 0.0026590 secs] 90822K->38669K(517760K), 0.0027460 secs] [Times: user=0.01 sys=0.00, real=0.01 secs] 
203153.870: [GC 203153.870: [ParNew: 55134K->2162K(59008K), 0.0029680 secs] 91149K->38497K(517760K), 0.0030530 secs] [Times: user=0.01 sys=0.00, real=0.00 secs] 
203388.818: [GC 203388.818: [ParNew: 54642K->2082K(59008K), 0.0028720 secs] 90977K->38623K(517760K), 0.0029560 secs] [Times: user=0.01 sys=0.00, real=0.00 secs] 
203668.659: [GC 203668.659: [ParNew: 54562K->2520K(59008K), 0.0027380 secs] 91103K->39318K(517760K), 0.0028250 secs] [Times: user=0.01 sys=0.01, real=0.00 secs] 
203942.793: [GC 203942.793: [ParNew: 55000K->2329K(59008K), 0.0026660 secs] 91798K->39320K(517760K), 0.0027580 secs] [Times: user=0.01 sys=0.00, real=0.00 secs] 
204189.300: [GC 204189.300: [ParNew: 54809K->2573K(59008K), 0.0033020 secs] 91800K->39812K(517760K), 0.0034020 secs] [Times: user=0.01 sys=0.01, real=0.00 secs] 
204444.916: [GC 204444.916: [ParNew: 55049K->2342K(59008K), 0.0022420 secs] 92288K->39891K(517760K), 0.0023310 secs] [Times: user=0.02 sys=0.00, real=0.00 secs] 
204696.698: [GC 204696.698: [ParNew: 54822K->2385K(59008K), 0.0020410 secs] 92371K->40158K(517760K), 0.0021300 secs] [Times: user=0.02 sys=0.00, real=0.01 secs] 
204984.280: [GC 204984.281: [ParNew: 54865K->2342K(59008K), 0.0021640 secs] 92638K->40420K(517760K), 0.0022580 secs] [Times: user=0.02 sys=0.00, real=0.01 secs] 
205296.616: [GC 205296.616: [ParNew: 54822K->2281K(59008K), 0.0023420 secs] 92900K->40583K(517760K), 0.0024320 secs] [Times: user=0.02 sys=0.00, real=0.00 secs] 
205572.232: [GC 205572.232: [ParNew: 54761K->2584K(59008K), 0.0038520 secs] 93063K->41085K(517760K), 0.0039570 secs] [Times: user=0.01 sys=0.00, real=0.01 secs] 
205844.212: [GC 205844.212: [ParNew: 55064K->2117K(59008K), 0.0026090 secs] 93565K->40828K(517760K), 0.0027010 secs] [Times: user=0.01 sys=0.00, real=0.00 secs] 
206151.060: [GC 206151.060: [ParNew: 54597K->2259K(59008K), 0.0036980 secs] 93308K->41207K(517760K), 0.0037970 secs] [Times: user=0.01 sys=0.00, real=0.00 secs] 
206446.154: [GC 206446.154: [ParNew: 54739K->2234K(59008K), 0.0026470 secs] 93687K->41414K(517760K), 0.0027340 secs] [Times: user=0.01 sys=0.00, real=0.00 secs] 
206747.225: [GC 206747.226: [ParNew: 54714K->2295K(59008K), 0.0032520 secs] 93894K->41667K(517760K), 0.0033410 secs] [Times: user=0.01 sys=0.00, real=0.01 secs] 
207006.903: [GC 207006.903: [ParNew: 54775K->1806K(59008K), 0.0029540 secs] 94147K->41323K(517760K), 0.0030420 secs] [Times: user=0.01 sys=0.00, real=0.01 secs] 
207268.843: [GC 207268.843: [ParNew: 54286K->2471K(59008K), 0.0026220 secs] 93803K->42147K(517760K), 0.0027100 secs] [Times: user=0.01 sys=0.00, real=0.00 secs] 
207584.334: [GC 207584.334: [ParNew: 54951K->2657K(59008K), 0.0034430 secs] 94627K->42551K(517760K), 0.0035340 secs] [Times: user=0.01 sys=0.00, real=0.00 secs] 
207893.234: [GC 207893.234: [ParNew: 55063K->2307K(59008K), 0.0032980 secs] 94956K->42408K(517760K), 0.0033910 secs] [Times: user=0.01 sys=0.01, real=0.01 secs] 
208196.310: [GC 208196.310: [ParNew: 54787K->2332K(59008K), 0.0026530 secs] 94888K->42625K(517760K), 0.0027400 secs] [Times: user=0.01 sys=0.00, real=0.00 secs] 
208509.756: [GC 208509.756: [ParNew: 54812K->2314K(59008K), 0.0031490 secs] 95105K->42953K(517760K), 0.0032400 secs] [Times: user=0.01 sys=0.00, real=0.00 secs] 
208815.589: [GC 208815.589: [ParNew: 54794K->2343K(59008K), 0.0032140 secs] 95433K->43277K(517760K), 0.0033130 secs] [Times: user=0.02 sys=0.00, real=0.00 secs] 
209085.974: [GC 209085.974: [ParNew: 54823K->2387K(59008K), 0.0040650 secs] 95757K->43510K(517760K), 0.0041550 secs] [Times: user=0.01 sys=0.01, real=0.00 secs] 
209359.738: [GC 209359.738: [ParNew: 54867K->2121K(59008K), 0.0033820 secs] 95990K->43457K(517760K), 0.0034820 secs] [Times: user=0.02 sys=0.00, real=0.00 secs] 
209639.514: [GC 209639.514: [ParNew: 54601K->1645K(59008K), 0.0044380 secs] 95937K->43145K(517760K), 0.0045350 secs] [Times: user=0.01 sys=0.00, real=0.01 secs] 
209950.602: [GC 209950.602: [ParNew: 54125K->2304K(59008K), 0.0033910 secs] 95625K->43963K(517760K), 0.0034820 secs] [Times: user=0.01 sys=0.00, real=0.01 secs] 
210300.441: [GC 210300.441: [ParNew: 54783K->2209K(59008K), 0.0027310 secs] 96442K->44080K(517760K), 0.0028230 secs] [Times: user=0.01 sys=0.00, real=0.00 secs] 
210616.385: [GC 210616.385: [ParNew: 54689K->2056K(59008K), 0.0113720 secs] 96560K->44264K(517760K), 0.0114630 secs] [Times: user=0.03 sys=0.00, real=0.01 secs] 
210927.609: [GC 210927.609: [ParNew: 54536K->1966K(59008K), 0.0046350 secs] 96744K->44354K(517760K), 0.0047250 secs] [Times: user=0.01 sys=0.00, real=0.00 secs] 
211231.266: [GC 211231.266: [ParNew: 54446K->2360K(59008K), 0.0034660 secs] 96834K->44975K(517760K), 0.0035550 secs] [Times: user=0.01 sys=0.00, real=0.01 secs] 
211518.495: [GC 211518.495: [ParNew: 54840K->2005K(59008K), 0.0048390 secs] 97455K->44882K(517760K), 0.0049370 secs] [Times: user=0.02 sys=0.00, real=0.01 secs] 
211848.915: [GC 211848.915: [ParNew: 54485K->2094K(59008K), 0.0025070 secs] 97362K->45119K(517760K), 0.0026030 secs] [Times: user=0.02 sys=0.00, real=0.01 secs] 
212139.223: [GC 212139.223: [ParNew: 54489K->1990K(59008K), 0.0026150 secs] 97513K->45243K(517760K), 0.0027040 secs] [Times: user=0.01 sys=0.00, real=0.00 secs] 
212432.768: [GC 212432.768: [ParNew: 54470K->2181K(59008K), 0.0035180 secs] 97723K->45654K(517760K), 0.0036080 secs] [Times: user=0.01 sys=0.00, real=0.01 secs] 
212731.993: [GC 212731.994: [ParNew: 54661K->1927K(59008K), 0.0030900 secs] 98134K->45578K(517760K), 0.0031760 secs] [Times: user=0.01 sys=0.00, real=0.00 secs] 
213007.036: [GC 213007.036: [ParNew: 54407K->1988K(59008K), 0.0027510 secs] 98058K->45881K(517760K), 0.0028430 secs] [Times: user=0.01 sys=0.00, real=0.00 secs] 
213300.705: [GC 213300.705: [ParNew: 54468K->2194K(59008K), 0.0033340 secs] 98361K->46313K(517760K), 0.0034290 secs] [Times: user=0.02 sys=0.00, real=0.00 secs] 
213563.025: [GC 213563.025: [ParNew: 54674K->1988K(59008K), 0.0025910 secs] 98793K->46314K(517760K), 0.0026790 secs] [Times: user=0.01 sys=0.00, real=0.00 secs] 
213849.402: [GC 213849.402: [ParNew: 54468K->2176K(59008K), 0.0024170 secs] 98794K->46710K(517760K), 0.0025020 secs] [Times: user=0.01 sys=0.00, real=0.00 secs] 
214120.260: [GC 214120.260: [ParNew: 54656K->2266K(59008K), 0.0034080 secs] 99190K->47031K(517760K), 0.0034960 secs] [Times: user=0.01 sys=0.00, real=0.00 secs] 
214369.255: [GC 214369.255: [ParNew: 54740K->2162K(59008K), 0.0036310 secs] 99506K->47146K(517760K), 0.0037220 secs] [Times: user=0.01 sys=0.00, real=0.00 secs] 
214632.058: [GC 214632.058: [ParNew: 54642K->2004K(59008K), 0.0025000 secs] 99626K->47230K(517760K), 0.0025890 secs] [Times: user=0.02 sys=0.00, real=0.01 secs] 
214856.196: [GC 214856.196: [ParNew: 54484K->2148K(59008K), 0.0023720 secs] 99710K->47546K(517760K), 0.0024660 secs] [Times: user=0.02 sys=0.00, real=0.00 secs] 
215074.935: [GC 215074.935: [ParNew: 54628K->2121K(59008K), 0.0035050 secs] 100026K->47762K(517760K), 0.0035850 secs] [Times: user=0.01 sys=0.00, real=0.00 secs] 
215325.298: [GC 215325.298: [ParNew: 54601K->2313K(59008K), 0.0028980 secs] 100242K->48082K(517760K), 0.0030000 secs] [Times: user=0.02 sys=0.00, real=0.00 secs] 
215557.572: [GC 215557.572: [ParNew: 54793K->2307K(59008K), 0.0021920 secs] 100562K->48304K(517760K), 0.0022830 secs] [Times: user=0.02 sys=0.01, real=0.00 secs] 
215804.882: [GC 215804.883: [ParNew: 54787K->2524K(59008K), 0.0028540 secs] 100784K->48679K(517760K), 0.0029520 secs] [Times: user=0.01 sys=0.00, real=0.01 secs] 
216041.086: [GC 216041.086: [ParNew: 55004K->3070K(59008K), 0.0046180 secs] 101159K->49421K(517760K), 0.0047040 secs] [Times: user=0.02 sys=0.00, real=0.00 secs] 
216272.925: [GC 216272.925: [ParNew: 55550K->2425K(59008K), 0.0029630 secs] 101901K->49057K(517760K), 0.0030610 secs] [Times: user=0.01 sys=0.00, real=0.00 secs] 
216481.841: [GC 216481.841: [ParNew: 54905K->2550K(59008K), 0.0032920 secs] 101537K->49408K(517760K), 0.0034000 secs] [Times: user=0.01 sys=0.00, real=0.00 secs] 
216722.213: [GC 216722.213: [ParNew: 55025K->2912K(59008K), 0.0033000 secs] 101883K->50010K(517760K), 0.0034170 secs] [Times: user=0.01 sys=0.00, real=0.01 secs] 
216932.676: [GC 216932.676: [ParNew: 55392K->2841K(59008K), 0.0029310 secs] 102490K->50180K(517760K), 0.0030250 secs] [Times: user=0.01 sys=0.00, real=0.00 secs] 
217178.671: [GC 217178.671: [ParNew: 55321K->3071K(59008K), 0.0038070 secs] 102660K->50673K(517760K), 0.0039050 secs] [Times: user=0.02 sys=0.00, real=0.01 secs] 
217405.480: [GC 217405.480: [ParNew: 55551K->2899K(59008K), 0.0061350 secs] 103153K->50896K(517760K), 0.0062250 secs] [Times: user=0.02 sys=0.00, real=0.01 secs] 
217607.694: [GC 217607.694: [ParNew: 55379K->2481K(59008K), 0.0037420 secs] 103376K->50761K(517760K), 0.0038280 secs] [Times: user=0.01 sys=0.00, real=0.01 secs] 
217834.577: [GC 217834.577: [ParNew: 54961K->2341K(59008K), 0.0032100 secs] 103241K->50883K(517760K), 0.0033030 secs] [Times: user=0.01 sys=0.00, real=0.00 secs] 
218050.702: [GC 218050.702: [ParNew: 54821K->2408K(59008K), 0.0110780 secs] 103363K->51210K(517760K), 0.0111650 secs] [Times: user=0.05 sys=0.00, real=0.01 secs] 
218255.619: [GC 218255.620: [ParNew: 54888K->2399K(59008K), 0.0028590 secs] 103690K->51444K(517760K), 0.0029480 secs] [Times: user=0.01 sys=0.00, real=0.01 secs] 
218469.169: [GC 218469.169: [ParNew: 54879K->2840K(59008K), 0.0030200 secs] 103924K->52002K(517760K), 0.0031020 secs] [Times: user=0.01 sys=0.00, real=0.00 secs] 
218683.774: [GC 218683.774: [ParNew: 55320K->2283K(59008K), 0.0030570 secs] 104482K->51591K(517760K), 0.0031560 secs] [Times: user=0.02 sys=0.00, real=0.01 secs] 
218910.292: [GC 218910.293: [ParNew: 54763K->2583K(59008K), 0.0024320 secs] 104071K->52088K(517760K), 0.0025250 secs] [Times: user=0.01 sys=0.00, real=0.01 secs] 
219161.427: [GC 219161.427: [ParNew: 55063K->2604K(59008K), 0.0039720 secs] 104568K->52418K(517760K), 0.0040630 secs] [Times: user=0.02 sys=0.00, real=0.00 secs] 
219414.992: [GC 219414.992: [ParNew: 55084K->2781K(59008K), 0.0109670 secs] 104898K->52774K(517760K), 0.0110970 secs] [Times: user=0.03 sys=0.00, real=0.01 secs] 
219659.869: [GC 219659.869: [ParNew: 55261K->2586K(59008K), 0.0034700 secs] 105254K->52895K(517760K), 0.0035610 secs] [Times: user=0.01 sys=0.00, real=0.00 secs] 
219904.910: [GC 219904.910: [ParNew: 55066K->2739K(59008K), 0.0027560 secs] 105375K->53258K(517760K), 0.0028550 secs] [Times: user=0.01 sys=0.00, real=0.00 secs] 
220135.312: [GC 220135.312: [ParNew: 55219K->2845K(59008K), 0.0034740 secs] 105738K->53663K(517760K), 0.0035700 secs] [Times: user=0.01 sys=0.00, real=0.01 secs] 
220356.197: [GC 220356.197: [ParNew: 55325K->1970K(59008K), 0.0043700 secs] 106143K->53020K(517760K), 0.0044760 secs] [Times: user=0.01 sys=0.00, real=0.00 secs] 
220606.548: [GC 220606.548: [ParNew: 54450K->2683K(59008K), 0.0028260 secs] 105500K->53901K(517760K), 0.0029110 secs] [Times: user=0.01 sys=0.00, real=0.00 secs] 
220806.446: [GC 220806.446: [ParNew: 55163K->2512K(59008K), 0.0049050 secs] 106381K->54089K(517760K), 0.0049960 secs] [Times: user=0.02 sys=0.00, real=0.00 secs] 
221030.340: [GC 221030.340: [ParNew: 54992K->2434K(59008K), 0.0033390 secs] 106569K->54376K(517760K), 0.0034330 secs] [Times: user=0.02 sys=0.00, real=0.00 secs] 
221259.085: [GC 221259.085: [ParNew: 54914K->2751K(59008K), 0.0032720 secs] 106856K->54927K(517760K), 0.0033780 secs] [Times: user=0.01 sys=0.00, real=0.01 secs] 
221518.455: [GC 221518.455: [ParNew: 55231K->3116K(59008K), 0.0034260 secs] 107407K->55519K(517760K), 0.0035200 secs] [Times: user=0.01 sys=0.00, real=0.00 secs] 
221769.270: [GC 221769.270: [ParNew: 55596K->2411K(59008K), 0.0027430 secs] 107999K->55034K(517760K), 0.0028340 secs] [Times: user=0.01 sys=0.00, real=0.00 secs] 
221992.724: [GC 221992.724: [ParNew: 54891K->2871K(59008K), 0.0034300 secs] 107514K->55756K(517760K), 0.0035090 secs] [Times: user=0.01 sys=0.01, real=0.00 secs] 
222212.199: [GC 222212.200: [ParNew: 55351K->1927K(59008K), 0.0033160 secs] 108236K->55114K(517760K), 0.0034200 secs] [Times: user=0.01 sys=0.00, real=0.00 secs] 
222465.815: [GC 222465.815: [ParNew: 54407K->2321K(59008K), 0.0031630 secs] 107594K->55691K(517760K), 0.0032510 secs] [Times: user=0.01 sys=0.00, real=0.01 secs] 
222562.487: [GC 222562.487: [ParNew: 54801K->2550K(59008K), 0.0028420 secs] 108171K->56178K(517760K), 0.0029270 secs] [Times: user=0.01 sys=0.00, real=0.00 secs] 
222765.382: [GC 222765.382: [ParNew: 55030K->2209K(59008K), 0.0044500 secs] 108658K->56091K(517760K), 0.0045480 secs] [Times: user=0.02 sys=0.00, real=0.01 secs] 
222990.177: [GC 222990.177: [ParNew: 54689K->2540K(59008K), 0.0038570 secs] 108571K->56690K(517760K), 0.0039520 secs] [Times: user=0.02 sys=0.00, real=0.00 secs] 
223170.764: [GC 223170.764: [ParNew: 55020K->2139K(59008K), 0.0030400 secs] 109170K->56552K(517760K), 0.0031280 secs] [Times: user=0.01 sys=0.00, real=0.00 secs] 
223369.412: [GC 223369.412: [ParNew: 54619K->1874K(59008K), 0.0039770 secs] 109032K->56338K(517760K), 0.0040610 secs] [Times: user=0.01 sys=0.00, real=0.00 secs] 
223586.234: [GC 223586.234: [ParNew: 54354K->1955K(59008K), 0.0031690 secs] 108818K->56664K(517760K), 0.0032680 secs] [Times: user=0.01 sys=0.00, real=0.00 secs] 
223817.341: [GC 223817.341: [ParNew: 54435K->2530K(59008K), 0.0030150 secs] 109144K->57416K(517760K), 0.0031040 secs] [Times: user=0.01 sys=0.01, real=0.00 secs] 
224025.765: [GC 224025.765: [ParNew: 55010K->2378K(59008K), 0.0025490 secs] 109896K->57416K(517760K), 0.0026460 secs] [Times: user=0.01 sys=0.00, real=0.00 secs] 
224253.666: [GC 224253.666: [ParNew: 54858K->2509K(59008K), 0.0027260 secs] 109896K->57724K(517760K), 0.0028150 secs] [Times: user=0.01 sys=0.00, real=0.00 secs] 
224399.668: [GC 224399.668: [ParNew: 54989K->2486K(59008K), 0.0040980 secs] 110204K->57996K(517760K), 0.0041920 secs] [Times: user=0.01 sys=0.00, real=0.01 secs] 
224678.683: [GC 224678.683: [ParNew: 54966K->2611K(59008K), 0.0027450 secs] 110476K->58291K(517760K), 0.0028500 secs] [Times: user=0.01 sys=0.00, real=0.01 secs] 
224882.743: [GC 224882.743: [ParNew: 55091K->2702K(59008K), 0.0027560 secs] 110771K->58666K(517760K), 0.0028410 secs] [Times: user=0.01 sys=0.01, real=0.00 secs] 
225068.981: [GC 225068.981: [ParNew: 55182K->2463K(59008K), 0.0033800 secs] 111146K->58645K(517760K), 0.0034690 secs] [Times: user=0.01 sys=0.00, real=0.01 secs] 
225253.268: [GC 225253.268: [ParNew: 54943K->2468K(59008K), 0.0034390 secs] 111125K->58863K(517760K), 0.0035280 secs] [Times: user=0.02 sys=0.00, real=0.01 secs] 
225464.549: [GC 225464.549: [ParNew: 54948K->2863K(59008K), 0.0024850 secs] 111343K->59490K(517760K), 0.0025800 secs] [Times: user=0.01 sys=0.00, real=0.01 secs] 
225651.923: [GC 225651.923: [ParNew: 55342K->2689K(59008K), 0.0032330 secs] 111969K->59536K(517760K), 0.0033170 secs] [Times: user=0.01 sys=0.00, real=0.00 secs] 
225886.541: [GC 225886.541: [ParNew: 55169K->2974K(59008K), 0.0024480 secs] 112016K->59985K(517760K), 0.0025410 secs] [Times: user=0.01 sys=0.00, real=0.00 secs] 
226108.270: [GC 226108.270: [ParNew: 55454K->2209K(59008K), 0.0036680 secs] 112465K->59598K(517760K), 0.0037640 secs] [Times: user=0.01 sys=0.00, real=0.00 secs] 
226342.843: [GC 226342.843: [ParNew: 54689K->2385K(59008K), 0.0026040 secs] 112078K->59988K(517760K), 0.0026890 secs] [Times: user=0.02 sys=0.00, real=0.00 secs] 
226593.301: [GC 226593.301: [ParNew: 54865K->2569K(59008K), 0.0035180 secs] 112468K->60459K(517760K), 0.0036070 secs] [Times: user=0.01 sys=0.00, real=0.01 secs] 
226865.290: [GC 226865.290: [ParNew: 55049K->2396K(59008K), 0.0029880 secs] 112939K->60494K(517760K), 0.0030830 secs] [Times: user=0.01 sys=0.00, real=0.00 secs] 
227102.594: [GC 227102.594: [ParNew: 54874K->2408K(59008K), 0.0024490 secs] 112973K->60754K(517760K), 0.0025380 secs] [Times: user=0.01 sys=0.00, real=0.01 secs] 
227333.692: [GC 227333.692: [ParNew: 54885K->2390K(59008K), 0.0020210 secs] 113231K->60915K(517760K), 0.0021400 secs] [Times: user=0.01 sys=0.01, real=0.00 secs] 
227640.584: [GC 227640.584: [ParNew: 54870K->2119K(59008K), 0.0021440 secs] 113395K->60889K(517760K), 0.0022390 secs] [Times: user=0.02 sys=0.00, real=0.01 secs] 
227871.371: [GC 227871.371: [ParNew: 54599K->2414K(59008K), 0.0024180 secs] 113369K->61455K(517760K), 0.0025100 secs] [Times: user=0.01 sys=0.00, real=0.00 secs] 
228137.204: [GC 228137.204: [ParNew: 54894K->1682K(59008K), 0.0022200 secs] 113935K->60943K(517760K), 0.0023090 secs] [Times: user=0.01 sys=0.01, real=0.00 secs] 
228447.597: [GC 228447.597: [ParNew: 54162K->1901K(59008K), 0.0021680 secs] 113423K->61408K(517760K), 0.0022530 secs] [Times: user=0.01 sys=0.00, real=0.01 secs] 
228718.637: [GC 228718.637: [ParNew: 54376K->2267K(59008K), 0.0021250 secs] 113884K->61922K(517760K), 0.0022150 secs] [Times: user=0.01 sys=0.00, real=0.00 secs] 
229006.090: [GC 229006.090: [ParNew: 54745K->2245K(59008K), 0.0021540 secs] 114400K->62095K(517760K), 0.0022420 secs] [Times: user=0.02 sys=0.00, real=0.00 secs] 
229300.701: [GC 229300.701: [ParNew: 54725K->1931K(59008K), 0.0021990 secs] 114575K->61994K(517760K), 0.0022890 secs] [Times: user=0.02 sys=0.00, real=0.00 secs] 
229619.124: [GC 229619.124: [ParNew: 54411K->2204K(59008K), 0.0021040 secs] 114474K->62467K(517760K), 0.0021930 secs] [Times: user=0.01 sys=0.00, real=0.01 secs] 
229953.211: [GC 229953.211: [ParNew: 54684K->1703K(59008K), 0.0029990 secs] 114947K->62184K(517760K), 0.0030940 secs] [Times: user=0.01 sys=0.00, real=0.00 secs] 
230249.036: [GC 230249.036: [ParNew: 54183K->1719K(59008K), 0.0023600 secs] 114664K->62445K(517760K), 0.0024500 secs] [Times: user=0.01 sys=0.00, real=0.00 secs] 
230582.377: [GC 230582.377: [ParNew: 54199K->2038K(59008K), 0.0024020 secs] 114925K->62930K(517760K), 0.0024950 secs] [Times: user=0.01 sys=0.00, real=0.01 secs] 
230872.467: [GC 230872.468: [ParNew: 54518K->1646K(59008K), 0.0023140 secs] 115410K->62681K(517760K), 0.0024130 secs] [Times: user=0.01 sys=0.00, real=0.01 secs] 
231218.717: [GC 231218.717: [ParNew: 54126K->1713K(59008K), 0.0022010 secs] 115161K->62896K(517760K), 0.0022940 secs] [Times: user=0.01 sys=0.00, real=0.00 secs] 
231500.369: [GC 231500.369: [ParNew: 54193K->1853K(59008K), 0.0025530 secs] 115376K->63235K(517760K), 0.0026560 secs] [Times: user=0.01 sys=0.00, real=0.00 secs] 
231843.606: [GC 231843.606: [ParNew: 54333K->1835K(59008K), 0.0028590 secs] 115715K->63466K(517760K), 0.0029480 secs] [Times: user=0.01 sys=0.00, real=0.00 secs] 
232187.839: [GC 232187.839: [ParNew: 54315K->1423K(59008K), 0.0030700 secs] 115946K->63289K(517760K), 0.0031590 secs] [Times: user=0.01 sys=0.00, real=0.00 secs] 
232532.910: [GC 232532.910: [ParNew: 53903K->1335K(59008K), 0.0023890 secs] 115769K->63342K(517760K), 0.0024760 secs] [Times: user=0.01 sys=0.00, real=0.01 secs] 
232911.569: [GC 232911.569: [ParNew: 53815K->1419K(59008K), 0.0024060 secs] 115822K->63565K(517760K), 0.0025080 secs] [Times: user=0.01 sys=0.00, real=0.01 secs] 
233249.790: [GC 233249.790: [ParNew: 53899K->1274K(59008K), 0.0031970 secs] 116045K->63571K(517760K), 0.0032970 secs] [Times: user=0.01 sys=0.00, real=0.00 secs] 
233569.324: [GC 233569.324: [ParNew: 53754K->1365K(59008K), 0.0021690 secs] 116051K->63828K(517760K), 0.0022630 secs] [Times: user=0.01 sys=0.00, real=0.00 secs] 
233896.245: [GC 233896.245: [ParNew: 53845K->1556K(59008K), 0.0022170 secs] 116308K->64154K(517760K), 0.0023110 secs] [Times: user=0.02 sys=0.00, real=0.00 secs] 
234233.779: [GC 234233.779: [ParNew: 54036K->1318K(59008K), 0.0021880 secs] 116634K->64007K(517760K), 0.0022740 secs] [Times: user=0.01 sys=0.00, real=0.00 secs] 
234569.572: [GC 234569.572: [ParNew: 53798K->1290K(59008K), 0.0020480 secs] 116487K->64081K(517760K), 0.0021350 secs] [Times: user=0.01 sys=0.00, real=0.00 secs] 
234928.003: [GC 234928.003: [ParNew: 53770K->1425K(59008K), 0.0029770 secs] 116561K->64376K(517760K), 0.0030760 secs] [Times: user=0.01 sys=0.00, real=0.01 secs] 
235274.576: [GC 235274.576: [ParNew: 53905K->1256K(59008K), 0.0037750 secs] 116856K->64305K(517760K), 0.0038970 secs] [Times: user=0.01 sys=0.00, real=0.01 secs] 
235641.242: [GC 235641.242: [ParNew: 53735K->1254K(59008K), 0.0029290 secs] 116785K->64418K(517760K), 0.0030240 secs] [Times: user=0.00 sys=0.00, real=0.00 secs] 
235981.221: [GC 235981.221: [ParNew: 53734K->1254K(59008K), 0.0020590 secs] 116898K->64580K(517760K), 0.0021490 secs] [Times: user=0.01 sys=0.00, real=0.00 secs] 
236340.069: [GC 236340.069: [ParNew: 53734K->1297K(59008K), 0.0021300 secs] 117060K->64708K(517760K), 0.0022230 secs] [Times: user=0.01 sys=0.00, real=0.00 secs] 
236711.705: [GC 236711.705: [ParNew: 53777K->1586K(59008K), 0.0028470 secs] 117188K->65096K(517760K), 0.0029370 secs] [Times: user=0.02 sys=0.00, real=0.00 secs] 
237044.782: [GC 237044.782: [ParNew: 54066K->1298K(59008K), 0.0029100 secs] 117576K->64914K(517760K), 0.0030000 secs] [Times: user=0.01 sys=0.00, real=0.00 secs] 
237333.679: [GC 237333.680: [ParNew: 53776K->1372K(59008K), 0.0017370 secs] 117392K->65116K(517760K), 0.0018270 secs] [Times: user=0.01 sys=0.00, real=0.00 secs] 
237644.356: [GC 237644.356: [ParNew: 53852K->1189K(59008K), 0.0017690 secs] 117596K->65092K(517760K), 0.0018610 secs] [Times: user=0.01 sys=0.00, real=0.01 secs] 
237962.465: [GC 237962.465: [ParNew: 53669K->1197K(59008K), 0.0017590 secs] 117572K->65193K(517760K), 0.0018510 secs] [Times: user=0.01 sys=0.00, real=0.00 secs] 
238285.364: [GC 238285.364: [ParNew: 53677K->1148K(59008K), 0.0017290 secs] 117673K->65178K(517760K), 0.0018240 secs] [Times: user=0.01 sys=0.01, real=0.00 secs] 
238633.584: [GC 238633.585: [ParNew: 53628K->1371K(59008K), 0.0019060 secs] 117658K->65472K(517760K), 0.0020060 secs] [Times: user=0.01 sys=0.01, real=0.01 secs] 
239033.372: [GC 239033.372: [ParNew: 53851K->1077K(59008K), 0.0022340 secs] 117952K->65295K(517760K), 0.0023210 secs] [Times: user=0.01 sys=0.00, real=0.01 secs] 
239417.291: [GC 239417.292: [ParNew: 53557K->1042K(59008K), 0.0025680 secs] 117775K->65390K(517760K), 0.0026600 secs] [Times: user=0.00 sys=0.00, real=0.01 secs] 
239654.306: [GC 239654.306: [ParNew: 53522K->1362K(59008K), 0.0031410 secs] 117870K->65793K(517760K), 0.0032290 secs] [Times: user=0.01 sys=0.00, real=0.00 secs] 
239967.356: [GC 239967.357: [ParNew: 53842K->936K(59008K), 0.0022330 secs] 118273K->65460K(517760K), 0.0023290 secs] [Times: user=0.01 sys=0.00, real=0.00 secs] 
240356.186: [GC 240356.187: [ParNew: 53416K->851K(59008K), 0.0030070 secs] 117940K->65475K(517760K), 0.0031000 secs] [Times: user=0.01 sys=0.00, real=0.01 secs] 
240722.958: [GC 240722.958: [ParNew: 53331K->975K(59008K), 0.0022220 secs] 117955K->65702K(517760K), 0.0023060 secs] [Times: user=0.01 sys=0.00, real=0.00 secs] 
241108.678: [GC 241108.678: [ParNew: 53455K->1022K(59008K), 0.0024000 secs] 118182K->65824K(517760K), 0.0024850 secs] [Times: user=0.01 sys=0.00, real=0.01 secs] 
241506.512: [GC 241506.512: [ParNew: 53502K->929K(59008K), 0.0034650 secs] 118304K->65783K(517760K), 0.0035590 secs] [Times: user=0.01 sys=0.00, real=0.00 secs] 
241873.868: [GC 241873.868: [ParNew: 53409K->922K(59008K), 0.0039820 secs] 118263K->65899K(517760K), 0.0040780 secs] [Times: user=0.02 sys=0.00, real=0.01 secs] 
242264.761: [GC 242264.761: [ParNew: 53402K->846K(59008K), 0.0030160 secs] 118378K->65882K(517760K), 0.0031050 secs] [Times: user=0.01 sys=0.00, real=0.00 secs] 
242660.500: [GC 242660.500: [ParNew: 53326K->869K(59008K), 0.0026030 secs] 118362K->65973K(517760K), 0.0026940 secs] [Times: user=0.01 sys=0.00, real=0.00 secs] 
243079.263: [GC 243079.263: [ParNew: 53349K->860K(59008K), 0.0027360 secs] 118453K->66023K(517760K), 0.0028270 secs] [Times: user=0.02 sys=0.00, real=0.00 secs] 
243404.907: [GC 243404.907: [ParNew: 53340K->1033K(59008K), 0.0028050 secs] 118503K->66287K(517760K), 0.0028950 secs] [Times: user=0.01 sys=0.00, real=0.01 secs] 
243771.205: [GC 243771.205: [ParNew: 53513K->1011K(59008K), 0.0023340 secs] 118767K->66366K(517760K), 0.0024220 secs] [Times: user=0.01 sys=0.00, real=0.00 secs] 
244187.981: [GC 244187.981: [ParNew: 53491K->983K(59008K), 0.0023840 secs] 118846K->66417K(517760K), 0.0024730 secs] [Times: user=0.01 sys=0.00, real=0.01 secs] 
244570.324: [GC 244570.324: [ParNew: 53461K->1145K(59008K), 0.0032160 secs] 118895K->66646K(517760K), 0.0033040 secs] [Times: user=0.01 sys=0.00, real=0.00 secs] 
244989.696: [GC 244989.697: [ParNew: 53625K->1132K(59008K), 0.0034740 secs] 119126K->66711K(517760K), 0.0035630 secs] [Times: user=0.01 sys=0.00, real=0.01 secs] 
245353.476: [GC 245353.476: [ParNew: 53612K->1107K(59008K), 0.0026200 secs] 119191K->66778K(517760K), 0.0027100 secs] [Times: user=0.02 sys=0.00, real=0.00 secs] 
245744.361: [GC 245744.361: [ParNew: 53587K->1204K(59008K), 0.0021500 secs] 119258K->66927K(517760K), 0.0022390 secs] [Times: user=0.01 sys=0.00, real=0.00 secs] 
246066.987: [GC 246066.987: [ParNew: 53684K->854K(59008K), 0.0025110 secs] 119407K->66716K(517760K), 0.0025930 secs] [Times: user=0.01 sys=0.00, real=0.00 secs] 
246471.708: [GC 246471.708: [ParNew: 53334K->1185K(59008K), 0.0021820 secs] 119196K->67140K(517760K), 0.0022750 secs] [Times: user=0.01 sys=0.00, real=0.00 secs] 
246840.018: [GC 246840.018: [ParNew: 53665K->1249K(59008K), 0.0024930 secs] 119620K->67353K(517760K), 0.0025840 secs] [Times: user=0.01 sys=0.00, real=0.00 secs] 
247247.736: [GC 247247.736: [ParNew: 53729K->932K(59008K), 0.0021810 secs] 119833K->67133K(517760K), 0.0022720 secs] [Times: user=0.01 sys=0.00, real=0.00 secs] 
247641.764: [GC 247641.764: [ParNew: 53412K->1024K(59008K), 0.0069330 secs] 119613K->67312K(517760K), 0.0070430 secs] [Times: user=0.01 sys=0.00, real=0.01 secs] 
248044.769: [GC 248044.769: [ParNew: 53504K->1133K(59008K), 0.0020290 secs] 119792K->67502K(517760K), 0.0021180 secs] [Times: user=0.01 sys=0.00, real=0.00 secs] 
248464.592: [GC 248464.592: [ParNew: 53613K->1138K(59008K), 0.0025040 secs] 119982K->67627K(517760K), 0.0025910 secs] [Times: user=0.01 sys=0.00, real=0.00 secs] 
248890.091: [GC 248890.091: [ParNew: 53618K->1016K(59008K), 0.0038100 secs] 120107K->67587K(517760K), 0.0039040 secs] [Times: user=0.01 sys=0.00, real=0.00 secs] 
249302.732: [GC 249302.732: [ParNew: 53496K->1244K(59008K), 0.0027980 secs] 120067K->68023K(517760K), 0.0028900 secs] [Times: user=0.01 sys=0.00, real=0.00 secs] 
249741.950: [GC 249741.950: [ParNew: 53724K->1135K(59008K), 0.0021970 secs] 120503K->68026K(517760K), 0.0022930 secs] [Times: user=0.01 sys=0.00, real=0.00 secs] 
250145.511: [GC 250145.511: [ParNew: 53615K->1385K(59008K), 0.0027110 secs] 120506K->68360K(517760K), 0.0028050 secs] [Times: user=0.01 sys=0.00, real=0.00 secs] 
250511.653: [GC 250511.653: [ParNew: 53865K->1311K(59008K), 0.0028890 secs] 120840K->68396K(517760K), 0.0029810 secs] [Times: user=0.01 sys=0.00, real=0.00 secs] 
250900.679: [GC 250900.679: [ParNew: 53791K->1464K(59008K), 0.0040740 secs] 120876K->68660K(517760K), 0.0041650 secs] [Times: user=0.01 sys=0.00, real=0.01 secs] 
251323.243: [GC 251323.243: [ParNew: 53944K->1586K(59008K), 0.0031000 secs] 121140K->68929K(517760K), 0.0031870 secs] [Times: user=0.00 sys=0.00, real=0.01 secs] 
251721.314: [GC 251721.314: [ParNew: 54066K->1527K(59008K), 0.0021290 secs] 121409K->68924K(517760K), 0.0022210 secs] [Times: user=0.01 sys=0.00, real=0.00 secs] 
252120.951: [GC 252120.951: [ParNew: 54007K->1569K(59008K), 0.0033090 secs] 121404K->69352K(517760K), 0.0033970 secs] [Times: user=0.02 sys=0.00, real=0.00 secs] 
252462.324: [GC 252462.324: [ParNew: 54049K->1114K(59008K), 0.0024660 secs] 121832K->69048K(517760K), 0.0025590 secs] [Times: user=0.01 sys=0.00, real=0.00 secs] 
252846.845: [GC 252846.845: [ParNew: 53594K->1200K(59008K), 0.0023750 secs] 121528K->69269K(517760K), 0.0024630 secs] [Times: user=0.01 sys=0.00, real=0.00 secs] 
253259.224: [GC 253259.225: [ParNew: 53680K->1247K(59008K), 0.0022950 secs] 121749K->69395K(517760K), 0.0023980 secs] [Times: user=0.02 sys=0.01, real=0.00 secs] 
253683.049: [GC 253683.049: [ParNew: 53727K->1277K(59008K), 0.0081670 secs] 121875K->69517K(517760K), 0.0082640 secs] [Times: user=0.05 sys=0.00, real=0.01 secs] 
254040.585: [GC 254040.585: [ParNew: 53757K->1157K(59008K), 0.0031840 secs] 121997K->69574K(517760K), 0.0032880 secs] [Times: user=0.02 sys=0.00, real=0.01 secs] 
254362.068: [GC 254362.069: [ParNew: 53637K->1297K(59008K), 0.0022960 secs] 122054K->69809K(517760K), 0.0023920 secs] [Times: user=0.01 sys=0.00, real=0.00 secs] 
254705.571: [GC 254705.571: [ParNew: 53777K->1148K(59008K), 0.0035010 secs] 122289K->69742K(517760K), 0.0035950 secs] [Times: user=0.00 sys=0.00, real=0.00 secs] 
255069.992: [GC 255069.992: [ParNew: 53628K->1165K(59008K), 0.0031710 secs] 122222K->69812K(517760K), 0.0032670 secs] [Times: user=0.01 sys=0.00, real=0.00 secs] 
255445.787: [GC 255445.787: [ParNew: 53645K->1372K(59008K), 0.0028590 secs] 122292K->70114K(517760K), 0.0029570 secs] [Times: user=0.02 sys=0.00, real=0.00 secs] 
255751.670: [GC 255751.670: [ParNew: 53852K->1174K(59008K), 0.0027250 secs] 122594K->70023K(517760K), 0.0028200 secs] [Times: user=0.01 sys=0.00, real=0.01 secs] 
256077.270: [GC 256077.271: [ParNew: 53654K->1226K(59008K), 0.0030900 secs] 122503K->70181K(517760K), 0.0031860 secs] [Times: user=0.01 sys=0.00, real=0.00 secs] 
256402.513: [GC 256402.513: [ParNew: 53706K->1064K(59008K), 0.0030920 secs] 122661K->70146K(517760K), 0.0031800 secs] [Times: user=0.01 sys=0.00, real=0.01 secs] 
256743.500: [GC 256743.500: [ParNew: 53544K->1498K(59008K), 0.0031900 secs] 122626K->70667K(517760K), 0.0032760 secs] [Times: user=0.01 sys=0.00, real=0.00 secs] 
257076.923: [GC 257076.923: [ParNew: 53978K->1290K(59008K), 0.0029700 secs] 123147K->70590K(517760K), 0.0030610 secs] [Times: user=0.01 sys=0.00, real=0.01 secs] 
257388.145: [GC 257388.145: [ParNew: 53770K->1287K(59008K), 0.0023510 secs] 123070K->70650K(517760K), 0.0024450 secs] [Times: user=0.01 sys=0.00, real=0.01 secs] 
257697.401: [GC 257697.401: [ParNew: 53767K->1225K(59008K), 0.0033880 secs] 123130K->70727K(517760K), 0.0034760 secs] [Times: user=0.02 sys=0.00, real=0.01 secs] 
258007.236: [GC 258007.236: [ParNew: 53705K->1343K(59008K), 0.0033350 secs] 123207K->70933K(517760K), 0.0038220 secs] [Times: user=0.01 sys=0.00, real=0.00 secs] 
258310.996: [GC 258310.996: [ParNew: 53817K->1578K(59008K), 0.0023120 secs] 123407K->71260K(517760K), 0.0024030 secs] [Times: user=0.01 sys=0.00, real=0.00 secs] 
258652.561: [GC 258652.561: [ParNew: 54058K->1102K(59008K), 0.0023630 secs] 123740K->70888K(517760K), 0.0024530 secs] [Times: user=0.01 sys=0.00, real=0.00 secs] 
259006.330: [GC 259006.330: [ParNew: 53582K->1348K(59008K), 0.0029590 secs] 123368K->71193K(517760K), 0.0030480 secs] [Times: user=0.01 sys=0.00, real=0.01 secs] 
259335.377: [GC 259335.377: [ParNew: 53828K->1642K(59008K), 0.0023710 secs] 123673K->71590K(517760K), 0.0024590 secs] [Times: user=0.01 sys=0.01, real=0.01 secs] 
259691.345: [GC 259691.345: [ParNew: 54122K->1109K(59008K), 0.0025370 secs] 124070K->71125K(517760K), 0.0026230 secs] [Times: user=0.01 sys=0.00, real=0.00 secs] 
260053.346: [GC 260053.346: [ParNew: 53587K->1314K(59008K), 0.0021920 secs] 123604K->71467K(517760K), 0.0022810 secs] [Times: user=0.01 sys=0.00, real=0.00 secs] 
260414.796: [GC 260414.796: [ParNew: 53794K->1180K(59008K), 0.0024400 secs] 123947K->71423K(517760K), 0.0025260 secs] [Times: user=0.01 sys=0.00, real=0.00 secs] 
260783.257: [GC 260783.257: [ParNew: 53660K->1317K(59008K), 0.0022990 secs] 123903K->71726K(517760K), 0.0023920 secs] [Times: user=0.01 sys=0.00, real=0.01 secs] 
261142.915: [GC 261142.916: [ParNew: 53797K->1405K(59008K), 0.0022300 secs] 124206K->71910K(517760K), 0.0023160 secs] [Times: user=0.01 sys=0.00, real=0.00 secs] 
261471.767: [GC 261471.767: [ParNew: 53885K->1411K(59008K), 0.0030860 secs] 124390K->72034K(517760K), 0.0031760 secs] [Times: user=0.01 sys=0.00, real=0.00 secs] 
261845.323: [GC 261845.323: [ParNew: 53891K->1602K(59008K), 0.0026190 secs] 124514K->72314K(517760K), 0.0027110 secs] [Times: user=0.01 sys=0.00, real=0.00 secs] 
262191.775: [GC 262191.775: [ParNew: 54082K->1336K(59008K), 0.0022390 secs] 124794K->72209K(517760K), 0.0023360 secs] [Times: user=0.02 sys=0.00, real=0.00 secs] 
262609.641: [GC 262609.641: [ParNew: 53816K->1603K(59008K), 0.0031210 secs] 124689K->72624K(517760K), 0.0032130 secs] [Times: user=0.01 sys=0.00, real=0.00 secs] 
263023.625: [GC 263023.625: [ParNew: 54083K->1117K(59008K), 0.0033230 secs] 125104K->72273K(517760K), 0.0034070 secs] [Times: user=0.01 sys=0.00, real=0.00 secs] 
263449.770: [GC 263449.770: [ParNew: 53597K->1205K(59008K), 0.0021230 secs] 124753K->72420K(517760K), 0.0022150 secs] [Times: user=0.01 sys=0.01, real=0.00 secs] 
263874.009: [GC 263874.009: [ParNew: 53685K->1064K(59008K), 0.0022090 secs] 124900K->72421K(517760K), 0.0022990 secs] [Times: user=0.01 sys=0.00, real=0.01 secs] 
264294.760: [GC 264294.760: [ParNew: 53520K->1065K(59008K), 0.0028210 secs] 124877K->72516K(517760K), 0.0029100 secs] [Times: user=0.01 sys=0.00, real=0.00 secs] 
264722.683: [GC 264722.683: [ParNew: 53543K->1134K(59008K), 0.0027760 secs] 124994K->72680K(517760K), 0.0028670 secs] [Times: user=0.01 sys=0.00, real=0.00 secs] 
265123.484: [GC 265123.484: [ParNew: 53614K->1215K(59008K), 0.0023130 secs] 125160K->72813K(517760K), 0.0023980 secs] [Times: user=0.01 sys=0.00, real=0.01 secs] 
265572.969: [GC 265572.969: [ParNew: 53695K->1130K(59008K), 0.0030840 secs] 125293K->72796K(517760K), 0.0031700 secs] [Times: user=0.01 sys=0.00, real=0.00 secs] 
265953.753: [GC 265953.753: [ParNew: 53610K->975K(59008K), 0.0024720 secs] 125276K->72764K(517760K), 0.0025540 secs] [Times: user=0.01 sys=0.00, real=0.00 secs] 
266299.625: [GC 266299.625: [ParNew: 53455K->1077K(59008K), 0.0019670 secs] 125244K->72922K(517760K), 0.0020550 secs] [Times: user=0.01 sys=0.00, real=0.00 secs] 
266694.347: [GC 266694.347: [ParNew: 53557K->1188K(59008K), 0.0020010 secs] 125402K->73215K(517760K), 0.0020930 secs] [Times: user=0.01 sys=0.00, real=0.01 secs] 
267049.960: [GC 267049.960: [ParNew: 53668K->1084K(59008K), 0.0017140 secs] 125695K->73181K(517760K), 0.0018020 secs] [Times: user=0.01 sys=0.00, real=0.01 secs] 
267416.497: [GC 267416.497: [ParNew: 53564K->1109K(59008K), 0.0018400 secs] 125661K->73310K(517760K), 0.0019300 secs] [Times: user=0.02 sys=0.00, real=0.00 secs] 
267756.827: [GC 267756.827: [ParNew: 53589K->1177K(59008K), 0.0020640 secs] 125790K->73452K(517760K), 0.0021540 secs] [Times: user=0.01 sys=0.00, real=0.01 secs] 
268136.895: [GC 268136.895: [ParNew: 53657K->961K(59008K), 0.0034590 secs] 125932K->73301K(517760K), 0.0035540 secs] [Times: user=0.01 sys=0.00, real=0.01 secs] 
268523.448: [GC 268523.448: [ParNew: 53441K->1177K(59008K), 0.0020530 secs] 125781K->73627K(517760K), 0.0021410 secs] [Times: user=0.01 sys=0.00, real=0.00 secs] 
268984.376: [GC 268984.376: [ParNew: 53657K->1084K(59008K), 0.0020840 secs] 126107K->73630K(517760K), 0.0021740 secs] [Times: user=0.01 sys=0.00, real=0.01 secs] 
269444.956: [GC 269444.956: [ParNew: 53564K->1120K(59008K), 0.0019890 secs] 126110K->73785K(517760K), 0.0020800 secs] [Times: user=0.01 sys=0.00, real=0.00 secs] 
269919.518: [GC 269919.518: [ParNew: 53597K->1186K(59008K), 0.0027030 secs] 126262K->73912K(517760K), 0.0027880 secs] [Times: user=0.02 sys=0.00, real=0.00 secs] 
270340.643: [GC 270340.643: [ParNew: 53666K->948K(59008K), 0.0018110 secs] 126392K->73802K(517760K), 0.0019010 secs] [Times: user=0.02 sys=0.00, real=0.00 secs] 
270789.063: [GC 270789.063: [ParNew: 53428K->990K(59008K), 0.0017450 secs] 126282K->73937K(517760K), 0.0018310 secs] [Times: user=0.01 sys=0.00, real=0.00 secs] 
271221.872: [GC 271221.873: [ParNew: 53470K->984K(59008K), 0.0017340 secs] 126417K->74043K(517760K), 0.0018260 secs] [Times: user=0.01 sys=0.00, real=0.00 secs] 
271601.519: [GC 271601.519: [ParNew: 53464K->1125K(59008K), 0.0018400 secs] 126523K->74241K(517760K), 0.0019360 secs] [Times: user=0.02 sys=0.00, real=0.00 secs] 
271990.477: [GC 271990.477: [ParNew: 53599K->955K(59008K), 0.0017820 secs] 126715K->74154K(517760K), 0.0018720 secs] [Times: user=0.01 sys=0.00, real=0.00 secs] 
272419.551: [GC 272419.551: [ParNew: 53435K->1146K(59008K), 0.0017300 secs] 126634K->74387K(517760K), 0.0018160 secs] [Times: user=0.02 sys=0.00, real=0.00 secs] 
272837.338: [GC 272837.338: [ParNew: 53626K->1234K(59008K), 0.0018140 secs] 126867K->74538K(517760K), 0.0019070 secs] [Times: user=0.01 sys=0.00, real=0.01 secs] 
273225.655: [GC 273225.655: [ParNew: 53714K->1354K(59008K), 0.0019030 secs] 127018K->74760K(517760K), 0.0020010 secs] [Times: user=0.02 sys=0.00, real=0.00 secs] 
273624.258: [GC 273624.258: [ParNew: 53834K->1420K(59008K), 0.0018800 secs] 127240K->74902K(517760K), 0.0019660 secs] [Times: user=0.01 sys=0.00, real=0.00 secs] 
274016.677: [GC 274016.677: [ParNew: 53900K->1382K(59008K), 0.0027390 secs] 127382K->75034K(517760K), 0.0028330 secs] [Times: user=0.01 sys=0.00, real=0.00 secs] 
274410.876: [GC 274410.876: [ParNew: 53862K->1124K(59008K), 0.0022230 secs] 127514K->74855K(517760K), 0.0023220 secs] [Times: user=0.01 sys=0.00, real=0.00 secs] 
274817.776: [GC 274817.776: [ParNew: 53604K->1373K(59008K), 0.0020280 secs] 127335K->75262K(517760K), 0.0021200 secs] [Times: user=0.01 sys=0.00, real=0.01 secs] 
275229.264: [GC 275229.264: [ParNew: 53851K->1153K(59008K), 0.0018570 secs] 127740K->75141K(517760K), 0.0019480 secs] [Times: user=0.01 sys=0.01, real=0.00 secs] 
275634.820: [GC 275634.820: [ParNew: 53633K->1380K(59008K), 0.0021440 secs] 127621K->75451K(517760K), 0.0022330 secs] [Times: user=0.01 sys=0.00, real=0.00 secs] 
276029.336: [GC 276029.336: [ParNew: 53860K->1229K(59008K), 0.0020010 secs] 127931K->75390K(517760K), 0.0020920 secs] [Times: user=0.01 sys=0.00, real=0.01 secs] 
276416.571: [GC 276416.571: [ParNew: 53697K->1512K(59008K), 0.0022330 secs] 127858K->75831K(517760K), 0.0023240 secs] [Times: user=0.01 sys=0.00, real=0.00 secs] 
276829.839: [GC 276829.839: [ParNew: 53991K->1376K(59008K), 0.0021130 secs] 128311K->75810K(517760K), 0.0021980 secs] [Times: user=0.01 sys=0.00, real=0.00 secs] 
277193.274: [GC 277193.274: [ParNew: 53856K->1212K(59008K), 0.0018900 secs] 128290K->75755K(517760K), 0.0019780 secs] [Times: user=0.01 sys=0.00, real=0.01 secs] 
277505.940: [GC 277505.940: [ParNew: 53692K->1314K(59008K), 0.0020960 secs] 128235K->75960K(517760K), 0.0021930 secs] [Times: user=0.01 sys=0.00, real=0.00 secs] 
277875.733: [GC 277875.733: [ParNew: 53794K->1284K(59008K), 0.0022530 secs] 128440K->76093K(517760K), 0.0023400 secs] [Times: user=0.01 sys=0.00, real=0.01 secs] 
278224.536: [GC 278224.536: [ParNew: 53764K->1424K(59008K), 0.0038240 secs] 128573K->76312K(517760K), 0.0039140 secs] [Times: user=0.01 sys=0.00, real=0.01 secs] 
278572.617: [GC 278572.617: [ParNew: 53904K->1659K(59008K), 0.0024430 secs] 128792K->76689K(517760K), 0.0025400 secs] [Times: user=0.01 sys=0.00, real=0.00 secs] 
278898.641: [GC 278898.641: [ParNew: 54139K->1784K(59008K), 0.0028630 secs] 129169K->76950K(517760K), 0.0029630 secs] [Times: user=0.01 sys=0.00, real=0.00 secs] 
279197.631: [GC 279197.631: [ParNew: 54264K->1375K(59008K), 0.0034610 secs] 129430K->76677K(517760K), 0.0035520 secs] [Times: user=0.02 sys=0.01, real=0.00 secs] 
279536.682: [GC 279536.682: [ParNew: 53853K->1684K(59008K), 0.0028030 secs] 129156K->77160K(517760K), 0.0029050 secs] [Times: user=0.01 sys=0.00, real=0.01 secs] 
279859.261: [GC 279859.261: [ParNew: 54164K->1715K(59008K), 0.0025410 secs] 129640K->77349K(517760K), 0.0026320 secs] [Times: user=0.01 sys=0.00, real=0.01 secs] 
280150.677: [GC 280150.677: [ParNew: 54195K->1763K(59008K), 0.0031140 secs] 129829K->77512K(517760K), 0.0032040 secs] [Times: user=0.01 sys=0.00, real=0.00 secs] 
280453.043: [GC 280453.043: [ParNew: 54243K->2049K(59008K), 0.0029720 secs] 129992K->77905K(517760K), 0.0030840 secs] [Times: user=0.01 sys=0.00, real=0.01 secs] 
280751.462: [GC 280751.462: [ParNew: 54529K->2017K(59008K), 0.0026080 secs] 130385K->78000K(517760K), 0.0026990 secs] [Times: user=0.00 sys=0.00, real=0.01 secs] 
281039.075: [GC 281039.075: [ParNew: 54494K->2187K(59008K), 0.0028780 secs] 130477K->78397K(517760K), 0.0029730 secs] [Times: user=0.01 sys=0.00, real=0.01 secs] 
281293.784: [GC 281293.784: [ParNew: 54667K->2341K(59008K), 0.0070760 secs] 130877K->78735K(517760K), 0.0071670 secs] [Times: user=0.03 sys=0.00, real=0.00 secs] 
281546.328: [GC 281546.328: [ParNew: 54821K->1656K(59008K), 0.0026680 secs] 131215K->78220K(517760K), 0.0027610 secs] [Times: user=0.01 sys=0.00, real=0.01 secs] 
281822.891: [GC 281822.891: [ParNew: 54136K->1984K(59008K), 0.0031170 secs] 130700K->78645K(517760K), 0.0032050 secs] [Times: user=0.01 sys=0.00, real=0.01 secs] 
282056.543: [GC 282056.543: [ParNew: 54464K->2464K(59008K), 0.0025540 secs] 131125K->79265K(517760K), 0.0026420 secs] [Times: user=0.01 sys=0.00, real=0.01 secs] 
282282.466: [GC 282282.466: [ParNew: 54944K->2491K(59008K), 0.0037140 secs] 131745K->79447K(517760K), 0.0038120 secs] [Times: user=0.02 sys=0.00, real=0.00 secs] 
282536.779: [GC 282536.779: [ParNew: 54971K->2852K(59008K), 0.0022430 secs] 131927K->80044K(517760K), 0.0023320 secs] [Times: user=0.01 sys=0.00, real=0.01 secs] 
282737.022: [GC 282737.022: [ParNew: 55332K->2012K(59008K), 0.0030070 secs] 132524K->79387K(517760K), 0.0031020 secs] [Times: user=0.01 sys=0.00, real=0.01 secs] 
282954.304: [GC 282954.304: [ParNew: 54492K->2812K(59008K), 0.0053140 secs] 131867K->80445K(517760K), 0.0054160 secs] [Times: user=0.02 sys=0.00, real=0.01 secs] 
283203.006: [GC 283203.006: [ParNew: 55292K->2364K(59008K), 0.0043410 secs] 132925K->80194K(517760K), 0.0044280 secs] [Times: user=0.02 sys=0.00, real=0.00 secs] 
283417.797: [GC 283417.797: [ParNew: 54844K->2617K(59008K), 0.0028110 secs] 132674K->80687K(517760K), 0.0029060 secs] [Times: user=0.01 sys=0.00, real=0.00 secs] 
283686.843: [GC 283686.843: [ParNew: 55097K->2469K(59008K), 0.0028800 secs] 133167K->80749K(517760K), 0.0029820 secs] [Times: user=0.01 sys=0.00, real=0.00 secs] 
283951.669: [GC 283951.669: [ParNew: 54949K->3060K(59008K), 0.0050110 secs] 133229K->81551K(517760K), 0.0051090 secs] [Times: user=0.02 sys=0.00, real=0.01 secs] 
284187.851: [GC 284187.852: [ParNew: 55540K->2288K(59008K), 0.0030320 secs] 134031K->81047K(517760K), 0.0031310 secs] [Times: user=0.01 sys=0.00, real=0.01 secs] 
284427.502: [GC 284427.502: [ParNew: 54766K->1980K(59008K), 0.0031430 secs] 133525K->81018K(517760K), 0.0032320 secs] [Times: user=0.02 sys=0.00, real=0.00 secs] 
284653.419: [GC 284653.420: [ParNew: 54460K->2457K(59008K), 0.0037460 secs] 133498K->81716K(517760K), 0.0038390 secs] [Times: user=0.01 sys=0.00, real=0.01 secs] 
284881.639: [GC 284881.639: [ParNew: 54937K->2460K(59008K), 0.0024240 secs] 134196K->81921K(517760K), 0.0025150 secs] [Times: user=0.01 sys=0.00, real=0.01 secs] 
285082.912: [GC 285082.912: [ParNew: 54940K->2693K(59008K), 0.0028860 secs] 134401K->82422K(517760K), 0.0029800 secs] [Times: user=0.01 sys=0.01, real=0.01 secs] 
285330.030: [GC 285330.030: [ParNew: 55173K->2303K(59008K), 0.0025950 secs] 134902K->82229K(517760K), 0.0026950 secs] [Times: user=0.01 sys=0.00, real=0.01 secs] 
285497.853: [GC 285497.853: [ParNew: 54783K->1925K(59008K), 0.0044970 secs] 134709K->82128K(517760K), 0.0045840 secs] [Times: user=0.01 sys=0.00, real=0.00 secs] 
285705.276: [GC 285705.276: [ParNew: 54405K->2515K(59008K), 0.0026960 secs] 134608K->82881K(517760K), 0.0027910 secs] [Times: user=0.02 sys=0.00, real=0.00 secs] 
285914.914: [GC 285914.914: [ParNew: 54995K->2302K(59008K), 0.0026440 secs] 135361K->82925K(517760K), 0.0027340 secs] [Times: user=0.01 sys=0.00, real=0.01 secs] 
286114.172: [GC 286114.172: [ParNew: 54782K->2313K(59008K), 0.0038300 secs] 135405K->83199K(517760K), 0.0039320 secs] [Times: user=0.01 sys=0.00, real=0.00 secs] 
286336.423: [GC 286336.423: [ParNew: 54793K->2578K(59008K), 0.0043770 secs] 135679K->83666K(517760K), 0.0044720 secs] [Times: user=0.01 sys=0.00, real=0.00 secs] 
286534.026: [GC 286534.026: [ParNew: 55058K->2632K(59008K), 0.0026030 secs] 136146K->83854K(517760K), 0.0026940 secs] [Times: user=0.01 sys=0.00, real=0.00 secs] 
286734.945: [GC 286734.945: [ParNew: 55026K->2778K(59008K), 0.0044740 secs] 136248K->84244K(517760K), 0.0045580 secs] [Times: user=0.01 sys=0.00, real=0.01 secs] 
286939.828: [GC 286939.828: [ParNew: 55258K->2651K(59008K), 0.0033200 secs] 136724K->84321K(517760K), 0.0034130 secs] [Times: user=0.01 sys=0.00, real=0.01 secs] 
287163.272: [GC 287163.272: [ParNew: 55131K->2199K(59008K), 0.0033430 secs] 136801K->84134K(517760K), 0.0034340 secs] [Times: user=0.01 sys=0.00, real=0.00 secs] 
287396.799: [GC 287396.799: [ParNew: 54679K->2567K(59008K), 0.0034060 secs] 136614K->84711K(517760K), 0.0035130 secs] [Times: user=0.01 sys=0.00, real=0.01 secs] 
287612.547: [GC 287612.547: [ParNew: 55047K->2519K(59008K), 0.0033690 secs] 137191K->84982K(517760K), 0.0034710 secs] [Times: user=0.02 sys=0.01, real=0.00 secs] 
287816.622: [GC 287816.622: [ParNew: 54999K->1958K(59008K), 0.0024800 secs] 137462K->84556K(517760K), 0.0025660 secs] [Times: user=0.02 sys=0.00, real=0.00 secs] 
288067.262: [GC 288067.262: [ParNew: 54438K->2338K(59008K), 0.0037920 secs] 137036K->85174K(517760K), 0.0038810 secs] [Times: user=0.01 sys=0.01, real=0.00 secs] 
288289.234: [GC 288289.234: [ParNew: 54818K->2039K(59008K), 0.0037060 secs] 137654K->85094K(517760K), 0.0037920 secs] [Times: user=0.02 sys=0.00, real=0.00 secs] 
288527.094: [GC 288527.094: [ParNew: 54519K->1969K(59008K), 0.0024090 secs] 137574K->85140K(517760K), 0.0025060 secs] [Times: user=0.02 sys=0.00, real=0.00 secs] 
288754.304: [GC 288754.304: [ParNew: 54449K->2179K(59008K), 0.0025260 secs] 137620K->85574K(517760K), 0.0026190 secs] [Times: user=0.01 sys=0.00, real=0.00 secs] 
289015.647: [GC 289015.647: [ParNew: 54659K->1999K(59008K), 0.0043050 secs] 138054K->85501K(517760K), 0.0044050 secs] [Times: user=0.01 sys=0.00, real=0.00 secs] 
289244.665: [GC 289244.665: [ParNew: 54479K->2449K(59008K), 0.0027470 secs] 137981K->86172K(517760K), 0.0028450 secs] [Times: user=0.01 sys=0.00, real=0.01 secs] 
289470.941: [GC 289470.941: [ParNew: 54929K->2041K(59008K), 0.0029670 secs] 138652K->85951K(517760K), 0.0030550 secs] [Times: user=0.01 sys=0.00, real=0.00 secs] 
289680.278: [GC 289680.279: [ParNew: 54521K->2001K(59008K), 0.0029580 secs] 138431K->86094K(517760K), 0.0030450 secs] [Times: user=0.01 sys=0.01, real=0.01 secs] 
289926.705: [GC 289926.705: [ParNew: 54481K->2171K(59008K), 0.0028340 secs] 138574K->86468K(517760K), 0.0029240 secs] [Times: user=0.01 sys=0.00, real=0.01 secs] 
290143.131: [GC 290143.131: [ParNew: 54651K->2076K(59008K), 0.0022020 secs] 138948K->86497K(517760K), 0.0022930 secs] [Times: user=0.01 sys=0.00, real=0.00 secs] 
290373.438: [GC 290373.438: [ParNew: 54556K->2532K(59008K), 0.0028660 secs] 138977K->87142K(517760K), 0.0029660 secs] [Times: user=0.01 sys=0.00, real=0.00 secs] 
290592.811: [GC 290592.811: [ParNew: 55012K->2349K(59008K), 0.0025060 secs] 139622K->87132K(517760K), 0.0025960 secs] [Times: user=0.01 sys=0.00, real=0.00 secs] 
290816.743: [GC 290816.743: [ParNew: 54783K->2533K(59008K), 0.0025830 secs] 139566K->87506K(517760K), 0.0026800 secs] [Times: user=0.01 sys=0.00, real=0.00 secs] 
291062.852: [GC 291062.852: [ParNew: 55013K->2006K(59008K), 0.0023260 secs] 139986K->87189K(517760K), 0.0024240 secs] [Times: user=0.01 sys=0.01, real=0.00 secs] 
291308.594: [GC 291308.594: [ParNew: 54486K->2360K(59008K), 0.0024590 secs] 139669K->87715K(517760K), 0.0025430 secs] [Times: user=0.01 sys=0.00, real=0.00 secs] 
291542.908: [GC 291542.909: [ParNew: 54840K->2208K(59008K), 0.0030180 secs] 140195K->87830K(517760K), 0.0031080 secs] [Times: user=0.02 sys=0.00, real=0.00 secs] 
291802.104: [GC 291802.104: [ParNew: 54688K->2083K(59008K), 0.0028300 secs] 140310K->87952K(517760K), 0.0029350 secs] [Times: user=0.01 sys=0.01, real=0.00 secs] 
292007.206: [GC 292007.206: [ParNew: 54561K->1936K(59008K), 0.0032930 secs] 140430K->87980K(517760K), 0.0033910 secs] [Times: user=0.02 sys=0.00, real=0.00 secs] 
292265.730: [GC 292265.730: [ParNew: 54416K->2269K(59008K), 0.0039270 secs] 140460K->88548K(517760K), 0.0040300 secs] [Times: user=0.02 sys=0.00, real=0.00 secs] 
292496.699: [GC 292496.699: [ParNew: 54718K->1800K(59008K), 0.0025010 secs] 140997K->88251K(517760K), 0.0025910 secs] [Times: user=0.01 sys=0.00, real=0.00 secs] 
292744.732: [GC 292744.732: [ParNew: 54280K->1806K(59008K), 0.0044880 secs] 140731K->88363K(517760K), 0.0045730 secs] [Times: user=0.01 sys=0.00, real=0.01 secs] 
293028.084: [GC 293028.084: [ParNew: 54286K->2177K(59008K), 0.0028790 secs] 140843K->88913K(517760K), 0.0029680 secs] [Times: user=0.01 sys=0.00, real=0.00 secs] 
293313.124: [GC 293313.124: [ParNew: 54657K->2261K(59008K), 0.0029590 secs] 141393K->89119K(517760K), 0.0030780 secs] [Times: user=0.01 sys=0.00, real=0.00 secs] 
293606.385: [GC 293606.385: [ParNew: 54741K->2319K(59008K), 0.0039270 secs] 141599K->89440K(517760K), 0.0040150 secs] [Times: user=0.01 sys=0.00, real=0.00 secs] 
293838.288: [GC 293838.288: [ParNew: 54799K->1851K(59008K), 0.0024920 secs] 141920K->89148K(517760K), 0.0025800 secs] [Times: user=0.01 sys=0.00, real=0.00 secs] 
294134.677: [GC 294134.678: [ParNew: 54331K->2178K(59008K), 0.0023990 secs] 141628K->89661K(517760K), 0.0024920 secs] [Times: user=0.02 sys=0.00, real=0.00 secs] 
294365.716: [GC 294365.716: [ParNew: 54658K->2415K(59008K), 0.0027020 secs] 142141K->90130K(517760K), 0.0027910 secs] [Times: user=0.02 sys=0.00, real=0.00 secs] 
294591.029: [GC 294591.029: [ParNew: 54895K->2367K(59008K), 0.0028280 secs] 142610K->90286K(517760K), 0.0029190 secs] [Times: user=0.02 sys=0.00, real=0.00 secs] 
294825.980: [GC 294825.980: [ParNew: 54847K->2266K(59008K), 0.0030810 secs] 142766K->90475K(517760K), 0.0031680 secs] [Times: user=0.02 sys=0.00, real=0.01 secs] 
295110.100: [GC 295110.100: [ParNew: 54746K->2421K(59008K), 0.0025340 secs] 142955K->90843K(517760K), 0.0026280 secs] [Times: user=0.02 sys=0.00, real=0.00 secs] 
295344.057: [GC 295344.057: [ParNew: 54901K->2249K(59008K), 0.0044840 secs] 143323K->90969K(517760K), 0.0045770 secs] [Times: user=0.03 sys=0.00, real=0.00 secs] 
295557.735: [GC 295557.735: [ParNew: 54621K->2736K(59008K), 0.0046560 secs] 143342K->91792K(517760K), 0.0047530 secs] [Times: user=0.03 sys=0.00, real=0.01 secs] 
295787.725: [GC 295787.725: [ParNew: 55216K->2552K(59008K), 0.0038940 secs] 144272K->91849K(517760K), 0.0039910 secs] [Times: user=0.02 sys=0.00, real=0.01 secs] 
296048.518: [GC 296048.518: [ParNew: 55032K->3076K(59008K), 0.0033680 secs] 144329K->92634K(517760K), 0.0034610 secs] [Times: user=0.02 sys=0.00, real=0.01 secs] 
296293.352: [GC 296293.353: [ParNew: 55556K->2776K(59008K), 0.0035250 secs] 145114K->92675K(517760K), 0.0036230 secs] [Times: user=0.02 sys=0.00, real=0.00 secs] 
296515.591: [GC 296515.591: [ParNew: 55256K->3103K(59008K), 0.0042690 secs] 145155K->93302K(517760K), 0.0043600 secs] [Times: user=0.03 sys=0.01, real=0.00 secs] 
296764.358: [GC 296764.358: [ParNew: 55582K->2688K(59008K), 0.0031800 secs] 145781K->93279K(517760K), 0.0032770 secs] [Times: user=0.02 sys=0.00, real=0.00 secs] 
297010.254: [GC 297010.254: [ParNew: 55168K->2893K(59008K), 0.0032140 secs] 145759K->93814K(517760K), 0.0033070 secs] [Times: user=0.02 sys=0.00, real=0.00 secs] 
297236.647: [GC 297236.647: [ParNew: 55373K->3092K(59008K), 0.0035490 secs] 146294K->94350K(517760K), 0.0036440 secs] [Times: user=0.02 sys=0.00, real=0.00 secs] 
297442.070: [GC 297442.071: [ParNew: 55572K->2952K(59008K), 0.0031100 secs] 146830K->94551K(517760K), 0.0032080 secs] [Times: user=0.02 sys=0.00, real=0.00 secs] 
297666.553: [GC 297666.553: [ParNew: 55432K->2924K(59008K), 0.0032870 secs] 147031K->94858K(517760K), 0.0033830 secs] [Times: user=0.02 sys=0.00, real=0.00 secs] 
297900.338: [GC 297900.338: [ParNew: 55404K->2816K(59008K), 0.0033140 secs] 147338K->95134K(517760K), 0.0034120 secs] [Times: user=0.02 sys=0.00, real=0.00 secs] 
298107.587: [GC 298107.587: [ParNew: 55296K->2416K(59008K), 0.0030030 secs] 147614K->95078K(517760K), 0.0031000 secs] [Times: user=0.02 sys=0.00, real=0.01 secs] 
298336.472: [GC 298336.472: [ParNew: 54896K->2696K(59008K), 0.0028540 secs] 147558K->95680K(517760K), 0.0029500 secs] [Times: user=0.02 sys=0.00, real=0.00 secs] 
298527.083: [GC 298527.083: [ParNew: 55176K->2476K(59008K), 0.0028760 secs] 148160K->95679K(517760K), 0.0029620 secs] [Times: user=0.02 sys=0.00, real=0.01 secs] 
298757.844: [GC 298757.844: [ParNew: 54956K->2769K(59008K), 0.0043550 secs] 148159K->96224K(517760K), 0.0044510 secs] [Times: user=0.03 sys=0.00, real=0.00 secs] 
298958.703: [GC 298958.703: [ParNew: 55249K->2821K(59008K), 0.0026100 secs] 148704K->96518K(517760K), 0.0026990 secs] [Times: user=0.01 sys=0.00, real=0.00 secs] 
299125.855: [GC 299125.855: [ParNew: 55301K->2678K(59008K), 0.0031510 secs] 148998K->96676K(517760K), 0.0032440 secs] [Times: user=0.02 sys=0.00, real=0.01 secs] 
299297.973: [GC 299297.973: [ParNew: 55158K->2532K(59008K), 0.0028540 secs] 149156K->96859K(517760K), 0.0029460 secs] [Times: user=0.02 sys=0.00, real=0.00 secs] 
299469.746: [GC 299469.746: [ParNew: 55012K->2461K(59008K), 0.0039440 secs] 149339K->97088K(517760K), 0.0040460 secs] [Times: user=0.02 sys=0.00, real=0.01 secs] 
299632.915: [GC 299632.915: [ParNew: 54941K->2773K(59008K), 0.0029640 secs] 149568K->97592K(517760K), 0.0030610 secs] [Times: user=0.02 sys=0.00, real=0.01 secs] 
299824.392: [GC 299824.392: [ParNew: 55253K->2960K(59008K), 0.0059240 secs] 150072K->98103K(517760K), 0.0060260 secs] [Times: user=0.02 sys=0.00, real=0.01 secs] 
299998.394: [GC 299998.394: [ParNew: 55440K->2753K(59008K), 0.0040680 secs] 150583K->98149K(517760K), 0.0041540 secs] [Times: user=0.01 sys=0.00, real=0.00 secs] 
300171.349: [GC 300171.349: [ParNew: 55233K->3306K(59008K), 0.0065230 secs] 150629K->99004K(517760K), 0.0066310 secs] [Times: user=0.03 sys=0.00, real=0.00 secs] 
300365.742: [GC 300365.742: [ParNew: 55786K->3282K(59008K), 0.0033210 secs] 151484K->99375K(517760K), 0.0034130 secs] [Times: user=0.02 sys=0.00, real=0.00 secs] 
300536.180: [GC 300536.180: [ParNew: 55762K->2577K(59008K), 0.0032790 secs] 151855K->98969K(517760K), 0.0033730 secs] [Times: user=0.01 sys=0.00, real=0.00 secs] 
300697.606: [GC 300697.606: [ParNew: 55057K->2900K(59008K), 0.0039760 secs] 151449K->99543K(517760K), 0.0040750 secs] [Times: user=0.02 sys=0.00, real=0.01 secs] 
300850.349: [GC 300850.349: [ParNew: 55380K->2746K(59008K), 0.0039850 secs] 152023K->99713K(517760K), 0.0040830 secs] [Times: user=0.03 sys=0.00, real=0.00 secs] 
301029.111: [GC 301029.111: [ParNew: 55226K->2726K(59008K), 0.0038210 secs] 152193K->99970K(517760K), 0.0039190 secs] [Times: user=0.02 sys=0.00, real=0.01 secs] 
301216.497: [GC 301216.497: [ParNew: 55206K->3270K(59008K), 0.0035240 secs] 152450K->100770K(517760K), 0.0036200 secs] [Times: user=0.02 sys=0.00, real=0.01 secs] 
301381.697: [GC 301381.697: [ParNew: 55750K->3189K(59008K), 0.0039070 secs] 153250K->101015K(517760K), 0.0040240 secs] [Times: user=0.02 sys=0.00, real=0.01 secs] 
301541.192: [GC 301541.192: [ParNew: 55669K->3285K(59008K), 0.0048280 secs] 153495K->101455K(517760K), 0.0049160 secs] [Times: user=0.02 sys=0.00, real=0.01 secs] 
301705.942: [GC 301705.942: [ParNew: 55765K->3105K(59008K), 0.0037970 secs] 153935K->101579K(517760K), 0.0038830 secs] [Times: user=0.01 sys=0.00, real=0.01 secs] 
301870.807: [GC 301870.807: [ParNew: 55585K->3346K(59008K), 0.0033230 secs] 154059K->102166K(517760K), 0.0034090 secs] [Times: user=0.01 sys=0.00, real=0.00 secs] 
302037.773: [GC 302037.773: [ParNew: 55826K->3413K(59008K), 0.0047920 secs] 154646K->102644K(517760K), 0.0048800 secs] [Times: user=0.01 sys=0.00, real=0.00 secs] 
302191.212: [GC 302191.212: [ParNew: 55893K->3032K(59008K), 0.0042230 secs] 155124K->102630K(517760K), 0.0043260 secs] [Times: user=0.02 sys=0.00, real=0.00 secs] 
302343.290: [GC 302343.291: [ParNew: 55510K->3686K(59008K), 0.0036400 secs] 155107K->103545K(517760K), 0.0037450 secs] [Times: user=0.02 sys=0.00, real=0.01 secs] 
302472.602: [GC 302472.602: [ParNew: 56166K->2678K(59008K), 0.0045950 secs] 156025K->102811K(517760K), 0.0046870 secs] [Times: user=0.02 sys=0.00, real=0.01 secs] 
302603.167: [GC 302603.167: [ParNew: 55158K->2904K(59008K), 0.0045960 secs] 155291K->103348K(517760K), 0.0047050 secs] [Times: user=0.01 sys=0.00, real=0.00 secs] 
302730.611: [GC 302730.611: [ParNew: 55384K->3557K(59008K), 0.0049340 secs] 155828K->104335K(517760K), 0.0050410 secs] [Times: user=0.02 sys=0.00, real=0.00 secs] 
302871.988: [GC 302871.988: [ParNew: 56037K->2916K(59008K), 0.0039900 secs] 156815K->104040K(517760K), 0.0040960 secs] [Times: user=0.02 sys=0.00, real=0.01 secs] 
303008.915: [GC 303008.915: [ParNew: 55396K->3315K(59008K), 0.0037430 secs] 156520K->104681K(517760K), 0.0038270 secs] [Times: user=0.02 sys=0.00, real=0.00 secs] 
303146.513: [GC 303146.513: [ParNew: 55795K->3149K(59008K), 0.0035560 secs] 157161K->104741K(517760K), 0.0036460 secs] [Times: user=0.02 sys=0.00, real=0.01 secs] 
303294.378: [GC 303294.378: [ParNew: 55629K->3300K(59008K), 0.0040750 secs] 157221K->105298K(517760K), 0.0041760 secs] [Times: user=0.02 sys=0.00, real=0.00 secs] 
303437.419: [GC 303437.419: [ParNew: 55780K->3501K(59008K), 0.0041000 secs] 157778K->105825K(517760K), 0.0041880 secs] [Times: user=0.02 sys=0.00, real=0.00 secs] 
303572.174: [GC 303572.174: [ParNew: 55981K->3443K(59008K), 0.0032740 secs] 158305K->105990K(517760K), 0.0033650 secs] [Times: user=0.02 sys=0.00, real=0.00 secs] 
303703.799: [GC 303703.799: [ParNew: 55923K->3343K(59008K), 0.0032350 secs] 158470K->106163K(517760K), 0.0033240 secs] [Times: user=0.01 sys=0.00, real=0.01 secs] 
303833.285: [GC 303833.285: [ParNew: 55823K->3725K(59008K), 0.0034320 secs] 158643K->106816K(517760K), 0.0035290 secs] [Times: user=0.01 sys=0.01, real=0.00 secs] 
303986.598: [GC 303986.598: [ParNew: 56205K->3516K(59008K), 0.0037660 secs] 159296K->106910K(517760K), 0.0038540 secs] [Times: user=0.01 sys=0.00, real=0.00 secs] 
304093.715: [GC 304093.715: [ParNew: 55996K->3324K(59008K), 0.0037630 secs] 159390K->107044K(517760K), 0.0038540 secs] [Times: user=0.02 sys=0.00, real=0.00 secs] 
304230.944: [GC 304230.944: [ParNew: 55804K->3315K(59008K), 0.0027860 secs] 159524K->107352K(517760K), 0.0028820 secs] [Times: user=0.01 sys=0.00, real=0.00 secs] 
304368.026: [GC 304368.026: [ParNew: 55795K->3222K(59008K), 0.0049090 secs] 159832K->107571K(517760K), 0.0050060 secs] [Times: user=0.02 sys=0.01, real=0.00 secs] 
304502.736: [GC 304502.736: [ParNew: 55702K->3159K(59008K), 0.0042040 secs] 160051K->107759K(517760K), 0.0043150 secs] [Times: user=0.01 sys=0.00, real=0.01 secs] 
304653.280: [GC 304653.280: [ParNew: 55639K->3328K(59008K), 0.0034030 secs] 160239K->108286K(517760K), 0.0034940 secs] [Times: user=0.02 sys=0.00, real=0.00 secs] 
304801.653: [GC 304801.653: [ParNew: 55808K->3648K(59008K), 0.0030750 secs] 160766K->108832K(517760K), 0.0031660 secs] [Times: user=0.02 sys=0.00, real=0.00 secs] 
304937.872: [GC 304937.872: [ParNew: 56128K->3139K(59008K), 0.0037570 secs] 161312K->108638K(517760K), 0.0038680 secs] [Times: user=0.02 sys=0.00, real=0.00 secs] 
305030.597: [GC 305030.597: [ParNew: 55619K->3123K(59008K), 0.0044000 secs] 161118K->109111K(517760K), 0.0044870 secs] [Times: user=0.01 sys=0.00, real=0.01 secs] 
305161.014: [GC 305161.014: [ParNew: 55603K->2890K(59008K), 0.0032460 secs] 161591K->109206K(517760K), 0.0033380 secs] [Times: user=0.01 sys=0.00, real=0.00 secs] 
305280.732: [GC 305280.732: [ParNew: 55370K->3373K(59008K), 0.0032910 secs] 161686K->109896K(517760K), 0.0033790 secs] [Times: user=0.01 sys=0.00, real=0.01 secs] 
305410.476: [GC 305410.476: [ParNew: 55853K->2867K(59008K), 0.0033940 secs] 162376K->109663K(517760K), 0.0034860 secs] [Times: user=0.01 sys=0.00, real=0.01 secs] 
305538.521: [GC 305538.521: [ParNew: 55347K->2978K(59008K), 0.0041350 secs] 162143K->110043K(517760K), 0.0042220 secs] [Times: user=0.01 sys=0.00, real=0.00 secs] 
305660.672: [GC 305660.672: [ParNew: 55458K->3615K(59008K), 0.0048950 secs] 162523K->111041K(517760K), 0.0049770 secs] [Times: user=0.01 sys=0.00, real=0.01 secs] 
305797.236: [GC 305797.236: [ParNew: 56095K->2624K(59008K), 0.0030470 secs] 163521K->110258K(517760K), 0.0031450 secs] [Times: user=0.02 sys=0.00, real=0.01 secs] 
305915.222: [GC 305915.222: [ParNew: 55104K->3175K(59008K), 0.0027980 secs] 162738K->111060K(517760K), 0.0028930 secs] [Times: user=0.02 sys=0.00, real=0.00 secs] 
306061.185: [GC 306061.185: [ParNew: 55655K->3212K(59008K), 0.0029860 secs] 163540K->111481K(517760K), 0.0030880 secs] [Times: user=0.01 sys=0.00, real=0.00 secs] 
306219.662: [GC 306219.662: [ParNew: 55692K->3718K(59008K), 0.0025700 secs] 163961K->112169K(517760K), 0.0026630 secs] [Times: user=0.01 sys=0.00, real=0.00 secs] 
306335.267: [GC 306335.267: [ParNew: 56195K->3642K(59008K), 0.0027930 secs] 164646K->112402K(517760K), 0.0028870 secs] [Times: user=0.02 sys=0.00, real=0.00 secs] 
306464.475: [GC 306464.475: [ParNew: 56122K->3214K(59008K), 0.0027220 secs] 164882K->112282K(517760K), 0.0028160 secs] [Times: user=0.02 sys=0.00, real=0.00 secs] 
306574.064: [GC 306574.064: [ParNew: 55694K->3796K(59008K), 0.0027290 secs] 164762K->113156K(517760K), 0.0028220 secs] [Times: user=0.02 sys=0.00, real=0.00 secs] 
306694.749: [GC 306694.749: [ParNew: 56276K->3881K(59008K), 0.0029040 secs] 165636K->113548K(517760K), 0.0029970 secs] [Times: user=0.02 sys=0.00, real=0.00 secs] 
306830.253: [GC 306830.253: [ParNew: 56361K->3336K(59008K), 0.0031300 secs] 166028K->113425K(517760K), 0.0032200 secs] [Times: user=0.01 sys=0.00, real=0.00 secs] 
306935.429: [GC 306935.429: [ParNew: 55816K->3443K(59008K), 0.0026380 secs] 165905K->113884K(517760K), 0.0027250 secs] [Times: user=0.01 sys=0.00, real=0.00 secs] 
307039.709: [GC 307039.709: [ParNew: 55923K->3585K(59008K), 0.0046230 secs] 166364K->114298K(517760K), 0.0047240 secs] [Times: user=0.02 sys=0.00, real=0.01 secs] 
307146.881: [GC 307146.881: [ParNew: 56065K->3003K(59008K), 0.0050710 secs] 166778K->114032K(517760K), 0.0051740 secs] [Times: user=0.01 sys=0.00, real=0.00 secs] 
307278.588: [GC 307278.588: [ParNew: 55483K->3012K(59008K), 0.0040510 secs] 166512K->114333K(517760K), 0.0041470 secs] [Times: user=0.02 sys=0.00, real=0.01 secs] 
307403.104: [GC 307403.104: [ParNew: 55492K->3384K(59008K), 0.0036260 secs] 166813K->114928K(517760K), 0.0037330 secs] [Times: user=0.02 sys=0.00, real=0.01 secs] 
307531.455: [GC 307531.455: [ParNew: 55864K->3374K(59008K), 0.0039730 secs] 167408K->115141K(517760K), 0.0040600 secs] [Times: user=0.02 sys=0.00, real=0.01 secs] 
307649.015: [GC 307649.016: [ParNew: 55854K->3237K(59008K), 0.0036780 secs] 167621K->115306K(517760K), 0.0037670 secs] [Times: user=0.01 sys=0.00, real=0.00 secs] 
307785.856: [GC 307785.856: [ParNew: 55717K->3267K(59008K), 0.0039020 secs] 167786K->115598K(517760K), 0.0039960 secs] [Times: user=0.01 sys=0.00, real=0.00 secs] 
307943.360: [GC 307943.360: [ParNew: 55747K->3030K(59008K), 0.0050870 secs] 168078K->115647K(517760K), 0.0051950 secs] [Times: user=0.02 sys=0.00, real=0.01 secs] 
308085.489: [GC 308085.489: [ParNew: 55510K->3552K(59008K), 0.0049720 secs] 168127K->116522K(517760K), 0.0050570 secs] [Times: user=0.01 sys=0.00, real=0.00 secs] 
308214.480: [GC 308214.480: [ParNew: 56032K->3006K(59008K), 0.0050620 secs] 169002K->116241K(517760K), 0.0051760 secs] [Times: user=0.02 sys=0.00, real=0.00 secs] 
308345.744: [GC 308345.744: [ParNew: 55486K->3212K(59008K), 0.0043050 secs] 168721K->116804K(517760K), 0.0044190 secs] [Times: user=0.01 sys=0.00, real=0.00 secs] 
308443.974: [GC 308443.975: [ParNew: 55692K->3203K(59008K), 0.0039620 secs] 169284K->117043K(517760K), 0.0040670 secs] [Times: user=0.02 sys=0.00, real=0.01 secs] 
308573.554: [GC 308573.555: [ParNew: 55683K->3603K(59008K), 0.0040340 secs] 169523K->117729K(517760K), 0.0041170 secs] [Times: user=0.01 sys=0.00, real=0.00 secs] 
308691.216: [GC 308691.216: [ParNew: 56083K->3131K(59008K), 0.0046850 secs] 170209K->117671K(517760K), 0.0047730 secs] [Times: user=0.02 sys=0.00, real=0.00 secs] 
308829.516: [GC 308829.516: [ParNew: 55611K->2965K(59008K), 0.0041930 secs] 170151K->117794K(517760K), 0.0042760 secs] [Times: user=0.01 sys=0.00, real=0.01 secs] 
308974.521: [GC 308974.521: [ParNew: 55445K->2870K(59008K), 0.0040840 secs] 170274K->117964K(517760K), 0.0041830 secs] [Times: user=0.02 sys=0.00, real=0.00 secs] 
309110.781: [GC 309110.781: [ParNew: 55350K->3229K(59008K), 0.0046140 secs] 170444K->118599K(517760K), 0.0047350 secs] [Times: user=0.01 sys=0.00, real=0.00 secs] 
309237.519: [GC 309237.519: [ParNew: 55709K->3167K(59008K), 0.0041570 secs] 171079K->118862K(517760K), 0.0042600 secs] [Times: user=0.02 sys=0.00, real=0.00 secs] 
309385.281: [GC 309385.281: [ParNew: 55647K->3129K(59008K), 0.0032490 secs] 171342K->119098K(517760K), 0.0033520 secs] [Times: user=0.02 sys=0.00, real=0.01 secs] 
309518.112: [GC 309518.112: [ParNew: 55609K->2854K(59008K), 0.0033460 secs] 171578K->119093K(517760K), 0.0034460 secs] [Times: user=0.02 sys=0.00, real=0.00 secs] 
309633.598: [GC 309633.599: [ParNew: 55334K->3466K(59008K), 0.0040610 secs] 171573K->120007K(517760K), 0.0041590 secs] [Times: user=0.02 sys=0.00, real=0.01 secs] 
309769.541: [GC 309769.541: [ParNew: 55946K->2382K(59008K), 0.0041020 secs] 172487K->119218K(517760K), 0.0041870 secs] [Times: user=0.01 sys=0.00, real=0.01 secs] 
309879.702: [GC 309879.703: [ParNew: 54862K->3478K(59008K), 0.0032040 secs] 171698K->120524K(517760K), 0.0032900 secs] [Times: user=0.01 sys=0.00, real=0.00 secs] 
309994.665: [GC 309994.665: [ParNew: 55958K->3381K(59008K), 0.0033740 secs] 173004K->120660K(517760K), 0.0034670 secs] [Times: user=0.02 sys=0.00, real=0.00 secs] 
310104.621: [GC 310104.621: [ParNew: 55861K->3022K(59008K), 0.0033130 secs] 173140K->120602K(517760K), 0.0034060 secs] [Times: user=0.02 sys=0.00, real=0.00 secs] 
310246.156: [GC 310246.156: [ParNew: 55502K->3216K(59008K), 0.0029840 secs] 173082K->121176K(517760K), 0.0030760 secs] [Times: user=0.01 sys=0.00, real=0.00 secs] 
310386.319: [GC 310386.319: [ParNew: 55696K->3126K(59008K), 0.0071220 secs] 173656K->121400K(517760K), 0.0072330 secs] [Times: user=0.02 sys=0.00, real=0.01 secs] 
310511.234: [GC 310511.234: [ParNew: 55606K->3044K(59008K), 0.0039390 secs] 173880K->121595K(517760K), 0.0040350 secs] [Times: user=0.02 sys=0.00, real=0.01 secs] 
310647.393: [GC 310647.393: [ParNew: 55524K->2970K(59008K), 0.0037330 secs] 174075K->121731K(517760K), 0.0038230 secs] [Times: user=0.02 sys=0.00, real=0.00 secs] 
310786.227: [GC 310786.227: [ParNew: 55450K->3487K(59008K), 0.0029580 secs] 174211K->122526K(517760K), 0.0030460 secs] [Times: user=0.02 sys=0.00, real=0.01 secs] 
310925.649: [GC 310925.649: [ParNew: 55967K->2488K(59008K), 0.0035690 secs] 175006K->121826K(517760K), 0.0036700 secs] [Times: user=0.02 sys=0.00, real=0.01 secs] 
311043.053: [GC 311043.053: [ParNew: 54968K->2912K(59008K), 0.0031220 secs] 174306K->122500K(517760K), 0.0032080 secs] [Times: user=0.02 sys=0.00, real=0.01 secs] 
311171.175: [GC 311171.175: [ParNew: 55392K->2444K(59008K), 0.0064350 secs] 174980K->122312K(517760K), 0.0065630 secs] [Times: user=0.02 sys=0.00, real=0.01 secs] 
311294.831: [GC 311294.831: [ParNew: 54924K->2815K(59008K), 0.0034390 secs] 174792K->122941K(517760K), 0.0035450 secs] [Times: user=0.01 sys=0.00, real=0.01 secs] 
311423.828: [GC 311423.828: [ParNew: 55295K->3198K(59008K), 0.0034230 secs] 175421K->123597K(517760K), 0.0035120 secs] [Times: user=0.01 sys=0.01, real=0.00 secs] 
311543.770: [GC 311543.770: [ParNew: 55678K->3532K(59008K), 0.0036660 secs] 176077K->124243K(517760K), 0.0037680 secs] [Times: user=0.01 sys=0.00, real=0.00 secs] 
311681.140: [GC 311681.140: [ParNew: 56012K->3469K(59008K), 0.0033760 secs] 176723K->124503K(517760K), 0.0034590 secs] [Times: user=0.02 sys=0.00, real=0.01 secs] 
311804.605: [GC 311804.606: [ParNew: 55949K->3159K(59008K), 0.0035180 secs] 176983K->124493K(517760K), 0.0036220 secs] [Times: user=0.02 sys=0.00, real=0.01 secs] 
311940.282: [GC 311940.282: [ParNew: 55639K->3495K(59008K), 0.0046380 secs] 176973K->125104K(517760K), 0.0047230 secs] [Times: user=0.02 sys=0.01, real=0.00 secs] 
312071.759: [GC 312071.759: [ParNew: 55975K->2942K(59008K), 0.0034780 secs] 177584K->124846K(517760K), 0.0035680 secs] [Times: user=0.01 sys=0.00, real=0.01 secs] 
312198.989: [GC 312198.989: [ParNew: 55422K->3633K(59008K), 0.0027870 secs] 177326K->125858K(517760K), 0.0028760 secs] [Times: user=0.02 sys=0.00, real=0.00 secs] 
312311.751: [GC 312311.752: [ParNew: 56113K->2552K(59008K), 0.0029860 secs] 178338K->125103K(517760K), 0.0030830 secs] [Times: user=0.02 sys=0.00, real=0.00 secs] 
312450.444: [GC 312450.444: [ParNew: 55032K->2915K(59008K), 0.0026020 secs] 177583K->125668K(517760K), 0.0026970 secs] [Times: user=0.02 sys=0.00, real=0.00 secs] 
312610.393: [GC 312610.394: [ParNew: 55395K->3430K(59008K), 0.0026250 secs] 178148K->126464K(517760K), 0.0027220 secs] [Times: user=0.02 sys=0.00, real=0.00 secs] 
312759.265: [GC 312759.265: [ParNew: 55910K->2609K(59008K), 0.0038250 secs] 178944K->125930K(517760K), 0.0039210 secs] [Times: user=0.02 sys=0.00, real=0.00 secs] 
312909.230: [GC 312909.230: [ParNew: 55089K->2662K(59008K), 0.0031800 secs] 178410K->126291K(517760K), 0.0032950 secs] [Times: user=0.02 sys=0.00, real=0.00 secs] 
313044.438: [GC 313044.438: [ParNew: 55142K->2953K(59008K), 0.0034630 secs] 178771K->126850K(517760K), 0.0035600 secs] [Times: user=0.02 sys=0.00, real=0.00 secs] 
313188.320: [GC 313188.320: [ParNew: 55433K->2850K(59008K), 0.0037800 secs] 179330K->126978K(517760K), 0.0038790 secs] [Times: user=0.01 sys=0.00, real=0.01 secs] 
313351.825: [GC 313351.825: [ParNew: 55330K->2851K(59008K), 0.0039920 secs] 179458K->127216K(517760K), 0.0040910 secs] [Times: user=0.02 sys=0.00, real=0.00 secs] 
313486.941: [GC 313486.941: [ParNew: 55331K->2892K(59008K), 0.0031520 secs] 179696K->127517K(517760K), 0.0032470 secs] [Times: user=0.01 sys=0.00, real=0.00 secs] 
313653.065: [GC 313653.065: [ParNew: 55372K->3192K(59008K), 0.0029470 secs] 179997K->128064K(517760K), 0.0030380 secs] [Times: user=0.02 sys=0.00, real=0.00 secs] 
313806.226: [GC 313806.226: [ParNew: 55672K->2723K(59008K), 0.0034400 secs] 180544K->127846K(517760K), 0.0035270 secs] [Times: user=0.03 sys=0.00, real=0.00 secs] 
313974.057: [GC 313974.057: [ParNew: 55203K->3192K(59008K), 0.0039290 secs] 180326K->128596K(517760K), 0.0040230 secs] [Times: user=0.01 sys=0.00, real=0.01 secs] 
314160.366: [GC 314160.366: [ParNew: 55672K->2450K(59008K), 0.0056460 secs] 181076K->128152K(517760K), 0.0057380 secs] [Times: user=0.03 sys=0.00, real=0.00 secs] 
314341.854: [GC 314341.854: [ParNew: 54930K->2690K(59008K), 0.0031230 secs] 180632K->128662K(517760K), 0.0032370 secs] [Times: user=0.01 sys=0.00, real=0.00 secs] 
314513.390: [GC 314513.390: [ParNew: 55170K->2915K(59008K), 0.0031470 secs] 181142K->129219K(517760K), 0.0032390 secs] [Times: user=0.02 sys=0.00, real=0.00 secs] 
314676.887: [GC 314676.887: [ParNew: 55395K->3080K(59008K), 0.0034170 secs] 181699K->129606K(517760K), 0.0035070 secs] [Times: user=0.01 sys=0.00, real=0.01 secs] 
314822.028: [GC 314822.028: [ParNew: 55560K->2587K(59008K), 0.0036730 secs] 182086K->129472K(517760K), 0.0037650 secs] [Times: user=0.01 sys=0.01, real=0.01 secs] 
314976.537: [GC 314976.537: [ParNew: 55067K->2478K(59008K), 0.0030050 secs] 181952K->129604K(517760K), 0.0030950 secs] [Times: user=0.02 sys=0.00, real=0.01 secs] 
315115.406: [GC 315115.406: [ParNew: 54958K->2735K(59008K), 0.0028850 secs] 182084K->130102K(517760K), 0.0029970 secs] [Times: user=0.02 sys=0.00, real=0.00 secs] 
315297.662: [GC 315297.662: [ParNew: 55215K->2729K(59008K), 0.0031960 secs] 182582K->130362K(517760K), 0.0032800 secs] [Times: user=0.02 sys=0.01, real=0.00 secs] 
315462.292: [GC 315462.292: [ParNew: 55209K->2428K(59008K), 0.0028950 secs] 182842K->130269K(517760K), 0.0029860 secs] [Times: user=0.02 sys=0.00, real=0.01 secs] 
315622.851: [GC 315622.851: [ParNew: 54908K->2447K(59008K), 0.0033400 secs] 182749K->130570K(517760K), 0.0034370 secs] [Times: user=0.01 sys=0.00, real=0.01 secs] 
315778.243: [GC 315778.243: [ParNew: 54927K->2692K(59008K), 0.0030650 secs] 183050K->131031K(517760K), 0.0031670 secs] [Times: user=0.02 sys=0.00, real=0.00 secs] 
315948.978: [GC 315948.978: [ParNew: 55172K->2489K(59008K), 0.0031050 secs] 183511K->131026K(517760K), 0.0031970 secs] [Times: user=0.01 sys=0.00, real=0.01 secs] 
316139.493: [GC 316139.493: [ParNew: 54969K->2752K(59008K), 0.0036650 secs] 183506K->131586K(517760K), 0.0037560 secs] [Times: user=0.01 sys=0.00, real=0.01 secs] 
316309.927: [GC 316309.927: [ParNew: 55232K->2750K(59008K), 0.0039230 secs] 184066K->131930K(517760K), 0.0040190 secs] [Times: user=0.01 sys=0.00, real=0.00 secs] 
316517.329: [GC 316517.329: [ParNew: 55227K->2569K(59008K), 0.0029400 secs] 184407K->132024K(517760K), 0.0030320 secs] [Times: user=0.02 sys=0.00, real=0.00 secs] 
316725.845: [GC 316725.845: [ParNew: 55049K->2535K(59008K), 0.0031390 secs] 184504K->132249K(517760K), 0.0032290 secs] [Times: user=0.02 sys=0.00, real=0.01 secs] 
316865.742: [GC 316865.742: [ParNew: 55015K->2023K(59008K), 0.0033060 secs] 184729K->131981K(517760K), 0.0033980 secs] [Times: user=0.01 sys=0.00, real=0.00 secs] 
317045.743: [GC 317045.743: [ParNew: 54503K->2294K(59008K), 0.0031920 secs] 184461K->132473K(517760K), 0.0033020 secs] [Times: user=0.02 sys=0.00, real=0.01 secs] 
317218.823: [GC 317218.824: [ParNew: 54774K->1873K(59008K), 0.0045190 secs] 184953K->132220K(517760K), 0.0046370 secs] [Times: user=0.02 sys=0.00, real=0.00 secs] 
317411.659: [GC 317411.659: [ParNew: 54353K->2572K(59008K), 0.0024690 secs] 184700K->133085K(517760K), 0.0025550 secs] [Times: user=0.01 sys=0.00, real=0.00 secs] 
317604.543: [GC 317604.544: [ParNew: 55052K->2601K(59008K), 0.0029970 secs] 185565K->133352K(517760K), 0.0030910 secs] [Times: user=0.01 sys=0.00, real=0.00 secs] 
317810.222: [GC 317810.222: [ParNew: 55081K->2289K(59008K), 0.0038620 secs] 185832K->133259K(517760K), 0.0039460 secs] [Times: user=0.01 sys=0.01, real=0.01 secs] 
318003.066: [GC 318003.066: [ParNew: 54769K->2962K(59008K), 0.0035620 secs] 185739K->134174K(517760K), 0.0036440 secs] [Times: user=0.01 sys=0.00, real=0.00 secs] 
318215.302: [GC 318215.302: [ParNew: 55442K->2120K(59008K), 0.0032380 secs] 186654K->133536K(517760K), 0.0033210 secs] [Times: user=0.01 sys=0.00, real=0.00 secs] 
318428.232: [GC 318428.232: [ParNew: 54600K->2225K(59008K), 0.0030330 secs] 186016K->133905K(517760K), 0.0031310 secs] [Times: user=0.01 sys=0.00, real=0.01 secs] 
318607.878: [GC 318607.878: [ParNew: 54705K->2143K(59008K), 0.0031310 secs] 186385K->134119K(517760K), 0.0032280 secs] [Times: user=0.01 sys=0.00, real=0.01 secs] 
318791.652: [GC 318791.652: [ParNew: 54623K->2141K(59008K), 0.0030120 secs] 186599K->134332K(517760K), 0.0031170 secs] [Times: user=0.01 sys=0.00, real=0.00 secs] 
318990.677: [GC 318990.677: [ParNew: 54621K->2142K(59008K), 0.0039610 secs] 186812K->134522K(517760K), 0.0040430 secs] [Times: user=0.01 sys=0.00, real=0.01 secs] 
319162.527: [GC 319162.527: [ParNew: 54622K->2553K(59008K), 0.0029540 secs] 187002K->135163K(517760K), 0.0030680 secs] [Times: user=0.02 sys=0.00, real=0.01 secs] 
319370.769: [GC 319370.769: [ParNew: 55033K->2046K(59008K), 0.0033850 secs] 187643K->134852K(517760K), 0.0034780 secs] [Times: user=0.01 sys=0.00, real=0.01 secs] 
319565.606: [GC 319565.606: [ParNew: 54526K->1830K(59008K), 0.0032600 secs] 187332K->134812K(517760K), 0.0033460 secs] [Times: user=0.01 sys=0.00, real=0.00 secs] 
319773.662: [GC 319773.662: [ParNew: 54310K->2344K(59008K), 0.0025330 secs] 187292K->135479K(517760K), 0.0026220 secs] [Times: user=0.02 sys=0.00, real=0.00 secs] 
319971.903: [GC 319971.903: [ParNew: 54824K->2161K(59008K), 0.0032940 secs] 187959K->135470K(517760K), 0.0034020 secs] [Times: user=0.02 sys=0.00, real=0.00 secs] 
320170.470: [GC 320170.470: [ParNew: 54641K->2146K(59008K), 0.0028210 secs] 187950K->135655K(517760K), 0.0029160 secs] [Times: user=0.02 sys=0.00, real=0.00 secs] 
320367.895: [GC 320367.895: [ParNew: 54626K->1950K(59008K), 0.0035810 secs] 188135K->135653K(517760K), 0.0036690 secs] [Times: user=0.01 sys=0.00, real=0.01 secs] 
320548.438: [GC 320548.438: [ParNew: 54430K->2429K(59008K), 0.0025050 secs] 188133K->136285K(517760K), 0.0026070 secs] [Times: user=0.02 sys=0.00, real=0.00 secs] 
320715.628: [GC 320715.628: [ParNew: 54907K->2402K(59008K), 0.0033570 secs] 188763K->136405K(517760K), 0.0034470 secs] [Times: user=0.01 sys=0.00, real=0.00 secs] 
320874.862: [GC 320874.862: [ParNew: 54882K->2581K(59008K), 0.0039770 secs] 188885K->136763K(517760K), 0.0040640 secs] [Times: user=0.02 sys=0.00, real=0.01 secs] 
321072.873: [GC 321072.873: [ParNew: 55061K->2492K(59008K), 0.0023790 secs] 189243K->136844K(517760K), 0.0024740 secs] [Times: user=0.01 sys=0.00, real=0.00 secs] 
321233.142: [GC 321233.142: [ParNew: 54970K->2471K(59008K), 0.0032900 secs] 189321K->137047K(517760K), 0.0033800 secs] [Times: user=0.02 sys=0.00, real=0.01 secs] 
321425.697: [GC 321425.697: [ParNew: 54951K->2381K(59008K), 0.0025430 secs] 189527K->137165K(517760K), 0.0026300 secs] [Times: user=0.02 sys=0.00, real=0.01 secs] 
321608.963: [GC 321608.963: [ParNew: 54861K->2397K(59008K), 0.0026650 secs] 189645K->137377K(517760K), 0.0027560 secs] [Times: user=0.02 sys=0.00, real=0.01 secs] 
321798.177: [GC 321798.178: [ParNew: 54877K->2773K(59008K), 0.0031780 secs] 189857K->137892K(517760K), 0.0032920 secs] [Times: user=0.01 sys=0.00, real=0.01 secs] 
321969.159: [GC 321969.159: [ParNew: 55253K->2109K(59008K), 0.0034380 secs] 190372K->137412K(517760K), 0.0035330 secs] [Times: user=0.02 sys=0.00, real=0.00 secs] 
322132.215: [GC 322132.215: [ParNew: 54589K->2202K(59008K), 0.0028860 secs] 189892K->137760K(517760K), 0.0029730 secs] [Times: user=0.01 sys=0.00, real=0.01 secs] 
322310.221: [GC 322310.221: [ParNew: 54682K->2266K(59008K), 0.0039370 secs] 190240K->138017K(517760K), 0.0040500 secs] [Times: user=0.01 sys=0.00, real=0.01 secs] 
322499.744: [GC 322499.744: [ParNew: 54746K->2510K(59008K), 0.0028670 secs] 190497K->138458K(517760K), 0.0029590 secs] [Times: user=0.01 sys=0.00, real=0.00 secs] 
322703.284: [GC 322703.284: [ParNew: 54990K->2150K(59008K), 0.0026860 secs] 190938K->138250K(517760K), 0.0027750 secs] [Times: user=0.01 sys=0.00, real=0.00 secs] 
322908.233: [GC 322908.233: [ParNew: 54630K->2129K(59008K), 0.0028630 secs] 190730K->138351K(517760K), 0.0029550 secs] [Times: user=0.02 sys=0.00, real=0.01 secs] 
323108.672: [GC 323108.673: [ParNew: 54609K->2201K(59008K), 0.0036310 secs] 190831K->138638K(517760K), 0.0037200 secs] [Times: user=0.01 sys=0.00, real=0.00 secs] 
323266.741: [GC 323266.741: [ParNew: 54681K->2369K(59008K), 0.0030680 secs] 191118K->138996K(517760K), 0.0031680 secs] [Times: user=0.01 sys=0.00, real=0.00 secs] 
323505.969: [GC 323505.969: [ParNew: 54849K->2297K(59008K), 0.0032010 secs] 191476K->139156K(517760K), 0.0032920 secs] [Times: user=0.02 sys=0.00, real=0.00 secs] 
323720.241: [GC 323720.242: [ParNew: 54777K->2353K(59008K), 0.0031510 secs] 191636K->139421K(517760K), 0.0032430 secs] [Times: user=0.01 sys=0.01, real=0.00 secs] 
323924.471: [GC 323924.471: [ParNew: 54833K->2168K(59008K), 0.0027780 secs] 191901K->139423K(517760K), 0.0028650 secs] [Times: user=0.01 sys=0.00, real=0.01 secs] 
324114.121: [GC 324114.121: [ParNew: 54648K->2184K(59008K), 0.0027130 secs] 191903K->139575K(517760K), 0.0028070 secs] [Times: user=0.02 sys=0.00, real=0.00 secs] 
324317.097: [GC 324317.097: [ParNew: 54664K->1848K(59008K), 0.0027830 secs] 192055K->139420K(517760K), 0.0028830 secs] [Times: user=0.02 sys=0.00, real=0.01 secs] 
324519.375: [GC 324519.376: [ParNew: 54328K->2238K(59008K), 0.0024990 secs] 191900K->139948K(517760K), 0.0025880 secs] [Times: user=0.02 sys=0.00, real=0.00 secs] 
324693.266: [GC 324693.266: [ParNew: 54718K->2101K(59008K), 0.0031980 secs] 192428K->140014K(517760K), 0.0032810 secs] [Times: user=0.01 sys=0.00, real=0.00 secs] 
324888.243: [GC 324888.243: [ParNew: 54581K->2255K(59008K), 0.0028530 secs] 192494K->140320K(517760K), 0.0029460 secs] [Times: user=0.02 sys=0.00, real=0.01 secs] 
325076.676: [GC 325076.676: [ParNew: 54735K->2229K(59008K), 0.0027130 secs] 192800K->140465K(517760K), 0.0028040 secs] [Times: user=0.01 sys=0.00, real=0.01 secs] 
325238.449: [GC 325238.449: [ParNew: 54709K->2171K(59008K), 0.0025330 secs] 192945K->140591K(517760K), 0.0026370 secs] [Times: user=0.01 sys=0.01, real=0.00 secs] 
325456.731: [GC 325456.731: [ParNew: 54651K->2013K(59008K), 0.0029050 secs] 193071K->140606K(517760K), 0.0030020 secs] [Times: user=0.01 sys=0.00, real=0.00 secs] 
325684.618: [GC 325684.619: [ParNew: 54493K->2121K(59008K), 0.0024690 secs] 193086K->140837K(517760K), 0.0025590 secs] [Times: user=0.01 sys=0.00, real=0.01 secs] 
325905.345: [GC 325905.345: [ParNew: 54601K->1783K(59008K), 0.0040970 secs] 193317K->140673K(517760K), 0.0041840 secs] [Times: user=0.02 sys=0.00, real=0.00 secs] 
326097.074: [GC 326097.074: [ParNew: 54263K->1866K(59008K), 0.0026290 secs] 193153K->140987K(517760K), 0.0027130 secs] [Times: user=0.02 sys=0.00, real=0.01 secs] 
326302.147: [GC 326302.147: [ParNew: 54346K->2368K(59008K), 0.0044110 secs] 193467K->141619K(517760K), 0.0045070 secs] [Times: user=0.02 sys=0.00, real=0.01 secs] 
326518.775: [GC 326518.775: [ParNew: 54848K->2192K(59008K), 0.0031350 secs] 194099K->141590K(517760K), 0.0032340 secs] [Times: user=0.01 sys=0.00, real=0.00 secs] 
326693.091: [GC 326693.091: [ParNew: 54672K->2241K(59008K), 0.0032990 secs] 194070K->141836K(517760K), 0.0034130 secs] [Times: user=0.01 sys=0.00, real=0.00 secs] 
326880.573: [GC 326880.573: [ParNew: 54721K->2418K(59008K), 0.0032360 secs] 194316K->142140K(517760K), 0.0033190 secs] [Times: user=0.02 sys=0.00, real=0.00 secs] 
327076.324: [GC 327076.324: [ParNew: 54898K->2059K(59008K), 0.0037710 secs] 194620K->141905K(517760K), 0.0038620 secs] [Times: user=0.01 sys=0.00, real=0.01 secs] 
327271.267: [GC 327271.267: [ParNew: 54539K->1857K(59008K), 0.0029550 secs] 194385K->141886K(517760K), 0.0030440 secs] [Times: user=0.02 sys=0.00, real=0.00 secs] 
327446.345: [GC 327446.345: [ParNew: 54337K->2380K(59008K), 0.0031030 secs] 194366K->142558K(517760K), 0.0032120 secs] [Times: user=0.01 sys=0.00, real=0.01 secs] 
327643.849: [GC 327643.850: [ParNew: 54860K->2058K(59008K), 0.0029470 secs] 195038K->142475K(517760K), 0.0030360 secs] [Times: user=0.01 sys=0.00, real=0.01 secs] 
327819.948: [GC 327819.948: [ParNew: 54538K->1968K(59008K), 0.0035670 secs] 194955K->142524K(517760K), 0.0036600 secs] [Times: user=0.01 sys=0.00, real=0.01 secs] 
328029.768: [GC 328029.768: [ParNew: 54448K->2162K(59008K), 0.0039550 secs] 195004K->142888K(517760K), 0.0040520 secs] [Times: user=0.01 sys=0.00, real=0.01 secs] 
328237.092: [GC 328237.092: [ParNew: 54642K->2134K(59008K), 0.0038170 secs] 195368K->143045K(517760K), 0.0039050 secs] [Times: user=0.01 sys=0.00, real=0.01 secs] 
328447.980: [GC 328447.980: [ParNew: 54614K->1746K(59008K), 0.0043670 secs] 195525K->142807K(517760K), 0.0044630 secs] [Times: user=0.02 sys=0.00, real=0.00 secs] 
328662.360: [GC 328662.360: [ParNew: 54226K->1894K(59008K), 0.0034620 secs] 195287K->143144K(517760K), 0.0035660 secs] [Times: user=0.02 sys=0.00, real=0.00 secs] 
328850.593: [GC 328850.593: [ParNew: 54374K->2139K(59008K), 0.0031160 secs] 195624K->143552K(517760K), 0.0032030 secs] [Times: user=0.01 sys=0.00, real=0.00 secs] 
329051.204: [GC 329051.204: [ParNew: 54619K->1847K(59008K), 0.0033920 secs] 196032K->143418K(517760K), 0.0034770 secs] [Times: user=0.02 sys=0.00, real=0.01 secs] 
329259.375: [GC 329259.375: [ParNew: 54327K->2031K(59008K), 0.0035620 secs] 195898K->143774K(517760K), 0.0036500 secs] [Times: user=0.01 sys=0.00, real=0.01 secs] 
329489.690: [GC 329489.690: [ParNew: 54511K->1663K(59008K), 0.0040940 secs] 196254K->143607K(517760K), 0.0041950 secs] [Times: user=0.01 sys=0.00, real=0.00 secs] 
329694.983: [GC 329694.983: [ParNew: 54143K->2184K(59008K), 0.0028510 secs] 196087K->144289K(517760K), 0.0029380 secs] [Times: user=0.01 sys=0.00, real=0.00 secs] 
329894.833: [GC 329894.833: [ParNew: 54664K->1799K(59008K), 0.0027620 secs] 196769K->144059K(517760K), 0.0028740 secs] [Times: user=0.01 sys=0.00, real=0.01 secs] 
330109.342: [GC 330109.342: [ParNew: 54279K->1798K(59008K), 0.0026130 secs] 196539K->144178K(517760K), 0.0027000 secs] [Times: user=0.02 sys=0.00, real=0.00 secs] 
330322.815: [GC 330322.815: [ParNew: 54278K->2309K(59008K), 0.0028850 secs] 196658K->144827K(517760K), 0.0029820 secs] [Times: user=0.02 sys=0.00, real=0.01 secs] 
330542.725: [GC 330542.725: [ParNew: 54789K->1796K(59008K), 0.0022350 secs] 197307K->144461K(517760K), 0.0023210 secs] [Times: user=0.02 sys=0.00, real=0.00 secs] 
330763.377: [GC 330763.378: [ParNew: 54276K->2179K(59008K), 0.0022160 secs] 196941K->145014K(517760K), 0.0023090 secs] [Times: user=0.01 sys=0.00, real=0.00 secs] 
330983.296: [GC 330983.296: [ParNew: 54659K->1967K(59008K), 0.0023140 secs] 197494K->144984K(517760K), 0.0024100 secs] [Times: user=0.01 sys=0.00, real=0.00 secs] 
331193.579: [GC 331193.579: [ParNew: 54447K->1970K(59008K), 0.0039300 secs] 197464K->145136K(517760K), 0.0040270 secs] [Times: user=0.01 sys=0.00, real=0.00 secs] 
331447.691: [GC 331447.691: [ParNew: 54450K->2125K(59008K), 0.0038680 secs] 197616K->145429K(517760K), 0.0039630 secs] [Times: user=0.01 sys=0.00, real=0.00 secs] 
331660.639: [GC 331660.639: [ParNew: 54605K->2135K(59008K), 0.0027300 secs] 197909K->145604K(517760K), 0.0028240 secs] [Times: user=0.02 sys=0.00, real=0.00 secs] 
331912.489: [GC 331912.489: [ParNew: 54615K->1999K(59008K), 0.0024720 secs] 198084K->145615K(517760K), 0.0025920 secs] [Times: user=0.01 sys=0.00, real=0.00 secs] 
332190.125: [GC 332190.125: [ParNew: 54479K->1685K(59008K), 0.0047280 secs] 198095K->145449K(517760K), 0.0048270 secs] [Times: user=0.01 sys=0.00, real=0.00 secs] 
332418.218: [GC 332418.218: [ParNew: 54165K->1910K(59008K), 0.0028300 secs] 197929K->145886K(517760K), 0.0029290 secs] [Times: user=0.01 sys=0.00, real=0.00 secs] 
332667.214: [GC 332667.214: [ParNew: 54390K->1829K(59008K), 0.0033090 secs] 198366K->146032K(517760K), 0.0034080 secs] [Times: user=0.01 sys=0.00, real=0.00 secs] 
332980.265: [GC 332980.265: [ParNew: 54309K->1693K(59008K), 0.0030330 secs] 198512K->146081K(517760K), 0.0031380 secs] [Times: user=0.01 sys=0.00, real=0.01 secs] 
333290.264: [GC 333290.264: [ParNew: 54173K->1580K(59008K), 0.0024400 secs] 198561K->146172K(517760K), 0.0025330 secs] [Times: user=0.01 sys=0.00, real=0.00 secs] 
333614.615: [GC 333614.615: [ParNew: 54060K->1779K(59008K), 0.0032280 secs] 198652K->146508K(517760K), 0.0033180 secs] [Times: user=0.02 sys=0.00, real=0.00 secs] 
333955.115: [GC 333955.115: [ParNew: 54259K->1749K(59008K), 0.0030140 secs] 198988K->146639K(517760K), 0.0031050 secs] [Times: user=0.01 sys=0.00, real=0.00 secs] 
334304.371: [GC 334304.372: [ParNew: 54229K->1178K(59008K), 0.0037690 secs] 199119K->146255K(517760K), 0.0038790 secs] [Times: user=0.01 sys=0.00, real=0.01 secs] 
334659.676: [GC 334659.676: [ParNew: 53658K->1328K(59008K), 0.0027970 secs] 198735K->146552K(517760K), 0.0028870 secs] [Times: user=0.02 sys=0.00, real=0.01 secs] 
335006.270: [GC 335006.270: [ParNew: 53808K->1360K(59008K), 0.0038990 secs] 199032K->146683K(517760K), 0.0039840 secs] [Times: user=0.02 sys=0.00, real=0.01 secs] 
335344.690: [GC 335344.690: [ParNew: 53840K->1638K(59008K), 0.0024390 secs] 199163K->147106K(517760K), 0.0025300 secs] [Times: user=0.02 sys=0.00, real=0.00 secs] 
335672.529: [GC 335672.529: [ParNew: 54113K->1274K(59008K), 0.0040880 secs] 199581K->146866K(517760K), 0.0041750 secs] [Times: user=0.01 sys=0.00, real=0.00 secs] 
335965.720: [GC 335965.720: [ParNew: 53754K->1424K(59008K), 0.0031940 secs] 199346K->147168K(517760K), 0.0032850 secs] [Times: user=0.02 sys=0.00, real=0.00 secs] 
336270.529: [GC 336270.529: [ParNew: 53904K->1433K(59008K), 0.0024870 secs] 199648K->147309K(517760K), 0.0025840 secs] [Times: user=0.01 sys=0.00, real=0.00 secs] 
336550.898: [GC 336550.898: [ParNew: 53913K->1280K(59008K), 0.0031300 secs] 199789K->147323K(517760K), 0.0032210 secs] [Times: user=0.01 sys=0.00, real=0.00 secs] 
336932.260: [GC 336932.260: [ParNew: 53760K->1241K(59008K), 0.0028000 secs] 199803K->147344K(517760K), 0.0028880 secs] [Times: user=0.01 sys=0.00, real=0.00 secs] 
337309.490: [GC 337309.490: [ParNew: 53721K->1147K(59008K), 0.0027280 secs] 199824K->147374K(517760K), 0.0028120 secs] [Times: user=0.01 sys=0.00, real=0.00 secs] 
337691.990: [GC 337691.990: [ParNew: 53627K->1269K(59008K), 0.0028370 secs] 199854K->147756K(517760K), 0.0029270 secs] [Times: user=0.01 sys=0.00, real=0.00 secs] 
338055.258: [GC 338055.258: [ParNew: 53749K->1131K(59008K), 0.0031530 secs] 200236K->147728K(517760K), 0.0032490 secs] [Times: user=0.01 sys=0.00, real=0.01 secs] 
338410.915: [GC 338410.915: [ParNew: 53611K->1073K(59008K), 0.0029670 secs] 200208K->147784K(517760K), 0.0030530 secs] [Times: user=0.01 sys=0.00, real=0.00 secs] 
338757.611: [GC 338757.611: [ParNew: 53553K->1122K(59008K), 0.0025300 secs] 200264K->147903K(517760K), 0.0026160 secs] [Times: user=0.01 sys=0.00, real=0.00 secs] 
339059.950: [GC 339059.950: [ParNew: 53602K->1227K(59008K), 0.0023870 secs] 200383K->148165K(517760K), 0.0024760 secs] [Times: user=0.01 sys=0.00, real=0.00 secs] 
339402.162: [GC 339402.162: [ParNew: 53707K->1296K(59008K), 0.0034220 secs] 200645K->148324K(517760K), 0.0035180 secs] [Times: user=0.00 sys=0.00, real=0.01 secs] 
339710.375: [GC 339710.375: [ParNew: 53776K->1042K(59008K), 0.0030880 secs] 200804K->148170K(517760K), 0.0031790 secs] [Times: user=0.01 sys=0.00, real=0.00 secs] 
340046.289: [GC 340046.289: [ParNew: 53522K->1094K(59008K), 0.0041520 secs] 200650K->148337K(517760K), 0.0042700 secs] [Times: user=0.01 sys=0.00, real=0.00 secs] 
340328.192: [GC 340328.192: [ParNew: 53574K->1314K(59008K), 0.0039250 secs] 200817K->148647K(517760K), 0.0040120 secs] [Times: user=0.01 sys=0.00, real=0.00 secs] 
340647.739: [GC 340647.739: [ParNew: 53794K->1342K(59008K), 0.0029580 secs] 201127K->148771K(517760K), 0.0030480 secs] [Times: user=0.01 sys=0.00, real=0.00 secs] 
340977.076: [GC 340977.077: [ParNew: 53720K->1289K(59008K), 0.0023150 secs] 201148K->148802K(517760K), 0.0024060 secs] [Times: user=0.02 sys=0.00, real=0.00 secs] 
341323.074: [GC 341323.074: [ParNew: 53769K->1327K(59008K), 0.0036870 secs] 201282K->149005K(517760K), 0.0037850 secs] [Times: user=0.01 sys=0.00, real=0.00 secs] 
341645.474: [GC 341645.474: [ParNew: 53807K->1266K(59008K), 0.0024450 secs] 201485K->149056K(517760K), 0.0025490 secs] [Times: user=0.01 sys=0.00, real=0.00 secs] 
341965.867: [GC 341965.867: [ParNew: 53746K->1531K(59008K), 0.0041580 secs] 201536K->149482K(517760K), 0.0042490 secs] [Times: user=0.01 sys=0.00, real=0.00 secs] 
342260.242: [GC 342260.242: [ParNew: 54011K->1274K(59008K), 0.0024960 secs] 201962K->149318K(517760K), 0.0025880 secs] [Times: user=0.02 sys=0.00, real=0.00 secs] 
342575.743: [GC 342575.743: [ParNew: 53754K->1013K(59008K), 0.0022180 secs] 201798K->149190K(517760K), 0.0023060 secs] [Times: user=0.01 sys=0.00, real=0.01 secs] 
342862.139: [GC 342862.140: [ParNew: 53493K->1356K(59008K), 0.0024870 secs] 201670K->149616K(517760K), 0.0025780 secs] [Times: user=0.01 sys=0.00, real=0.00 secs] 
343163.360: [GC 343163.360: [ParNew: 53836K->1341K(59008K), 0.0023480 secs] 202096K->149679K(517760K), 0.0024400 secs] [Times: user=0.01 sys=0.00, real=0.00 secs] 
343497.057: [GC 343497.057: [ParNew: 53821K->1617K(59008K), 0.0044130 secs] 202159K->150086K(517760K), 0.0045220 secs] [Times: user=0.01 sys=0.00, real=0.00 secs] 
343850.250: [GC 343850.250: [ParNew: 54097K->1445K(59008K), 0.0029560 secs] 202566K->150001K(517760K), 0.0030430 secs] [Times: user=0.01 sys=0.00, real=0.00 secs] 
344182.695: [GC 344182.695: [ParNew: 53925K->1466K(59008K), 0.0024140 secs] 202481K->150134K(517760K), 0.0025080 secs] [Times: user=0.02 sys=0.00, real=0.00 secs] 
344507.830: [GC 344507.830: [ParNew: 53946K->1103K(59008K), 0.0053990 secs] 202614K->149958K(517760K), 0.0054950 secs] [Times: user=0.01 sys=0.00, real=0.00 secs] 
344793.718: [GC 344793.718: [ParNew: 53583K->1228K(59008K), 0.0025700 secs] 202438K->150182K(517760K), 0.0026730 secs] [Times: user=0.01 sys=0.00, real=0.00 secs] 
345099.522: [GC 345099.522: [ParNew: 53708K->1424K(59008K), 0.0028290 secs] 202662K->150498K(517760K), 0.0029260 secs] [Times: user=0.01 sys=0.00, real=0.00 secs] 
345376.952: [GC 345376.952: [ParNew: 53904K->1399K(59008K), 0.0025780 secs] 202978K->150542K(517760K), 0.0026670 secs] [Times: user=0.01 sys=0.00, real=0.00 secs] 
345659.845: [GC 345659.845: [ParNew: 53879K->1390K(59008K), 0.0023600 secs] 203022K->150633K(517760K), 0.0024510 secs] [Times: user=0.01 sys=0.00, real=0.00 secs] 
345961.051: [GC 345961.051: [ParNew: 53870K->1158K(59008K), 0.0022870 secs] 203113K->150485K(517760K), 0.0023810 secs] [Times: user=0.02 sys=0.00, real=0.00 secs] 
346273.130: [GC 346273.130: [ParNew: 53638K->1374K(59008K), 0.0028430 secs] 202965K->150758K(517760K), 0.0029340 secs] [Times: user=0.01 sys=0.00, real=0.00 secs] 
346603.873: [GC 346603.873: [ParNew: 53854K->1428K(59008K), 0.0024020 secs] 203238K->150954K(517760K), 0.0024950 secs] [Times: user=0.01 sys=0.00, real=0.01 secs] 
346921.949: [GC 346921.949: [ParNew: 53908K->1325K(59008K), 0.0022620 secs] 203434K->150935K(517760K), 0.0023530 secs] [Times: user=0.02 sys=0.00, real=0.00 secs] 
347220.335: [GC 347220.335: [ParNew: 53805K->1086K(59008K), 0.0029330 secs] 203415K->150781K(517760K), 0.0030250 secs] [Times: user=0.01 sys=0.01, real=0.00 secs] 
347510.895: [GC 347510.895: [ParNew: 53566K->1326K(59008K), 0.0023830 secs] 203261K->151141K(517760K), 0.0024780 secs] [Times: user=0.01 sys=0.00, real=0.00 secs] 
347811.462: [GC 347811.462: [ParNew: 53806K->1639K(59008K), 0.0024870 secs] 203621K->151589K(517760K), 0.0026040 secs] [Times: user=0.02 sys=0.00, real=0.01 secs] 
348173.648: [GC 348173.649: [ParNew: 54119K->1210K(59008K), 0.0035320 secs] 204069K->151258K(517760K), 0.0036370 secs] [Times: user=0.01 sys=0.00, real=0.00 secs] 
348503.930: [GC 348503.930: [ParNew: 53690K->1299K(59008K), 0.0038080 secs] 203738K->151420K(517760K), 0.0039060 secs] [Times: user=0.01 sys=0.00, real=0.01 secs] 
348802.456: [GC 348802.456: [ParNew: 53779K->1429K(59008K), 0.0033020 secs] 203900K->151678K(517760K), 0.0033960 secs] [Times: user=0.01 sys=0.00, real=0.00 secs] 
349152.027: [GC 349152.027: [ParNew: 53909K->1658K(59008K), 0.0028160 secs] 204158K->152075K(517760K), 0.0029090 secs] [Times: user=0.02 sys=0.00, real=0.01 secs] 
349495.384: [GC 349495.384: [ParNew: 54138K->1056K(59008K), 0.0029930 secs] 204555K->151610K(517760K), 0.0030940 secs] [Times: user=0.01 sys=0.00, real=0.00 secs] 
349856.051: [GC 349856.052: [ParNew: 53536K->1131K(59008K), 0.0051110 secs] 204090K->151773K(517760K), 0.0051940 secs] [Times: user=0.00 sys=0.00, real=0.01 secs] 
350242.331: [GC 350242.331: [ParNew: 53611K->1239K(59008K), 0.0027410 secs] 204253K->151961K(517760K), 0.0028260 secs] [Times: user=0.01 sys=0.00, real=0.00 secs] 
350627.641: [GC 350627.641: [ParNew: 53719K->1364K(59008K), 0.0029040 secs] 204441K->152250K(517760K), 0.0029940 secs] [Times: user=0.02 sys=0.00, real=0.01 secs] 
350986.936: [GC 350986.936: [ParNew: 53844K->1419K(59008K), 0.0032200 secs] 204730K->152501K(517760K), 0.0033130 secs] [Times: user=0.01 sys=0.00, real=0.01 secs] 
351347.808: [GC 351347.808: [ParNew: 53899K->925K(59008K), 0.0023200 secs] 204981K->152112K(517760K), 0.0024100 secs] [Times: user=0.01 sys=0.00, real=0.01 secs] 
351698.316: [GC 351698.316: [ParNew: 53405K->931K(59008K), 0.0033670 secs] 204592K->152173K(517760K), 0.0034520 secs] [Times: user=0.01 sys=0.00, real=0.00 secs] 
352040.759: [GC 352040.759: [ParNew: 53411K->1027K(59008K), 0.0026100 secs] 204653K->152325K(517760K), 0.0026960 secs] [Times: user=0.01 sys=0.00, real=0.00 secs] 
352353.281: [GC 352353.281: [ParNew: 53507K->1049K(59008K), 0.0030790 secs] 204805K->152421K(517760K), 0.0031620 secs] [Times: user=0.01 sys=0.00, real=0.00 secs] 
352684.166: [GC 352684.166: [ParNew: 53529K->1380K(59008K), 0.0030790 secs] 204901K->152824K(517760K), 0.0031690 secs] [Times: user=0.02 sys=0.00, real=0.00 secs] 
352999.747: [GC 352999.747: [ParNew: 53860K->1240K(59008K), 0.0038620 secs] 205304K->152745K(517760K), 0.0039530 secs] [Times: user=0.01 sys=0.00, real=0.00 secs] 
353319.494: [GC 353319.494: [ParNew: 53720K->1410K(59008K), 0.0024660 secs] 205225K->153009K(517760K), 0.0025570 secs] [Times: user=0.01 sys=0.00, real=0.00 secs] 
353668.972: [GC 353668.972: [ParNew: 53890K->1328K(59008K), 0.0028730 secs] 205489K->153048K(517760K), 0.0029570 secs] [Times: user=0.01 sys=0.00, real=0.01 secs] 
354026.628: [GC 354026.628: [ParNew: 53808K->1298K(59008K), 0.0029060 secs] 205528K->153141K(517760K), 0.0030100 secs] [Times: user=0.02 sys=0.00, real=0.00 secs] 
354410.535: [GC 354410.535: [ParNew: 53778K->1481K(59008K), 0.0024290 secs] 205621K->153450K(517760K), 0.0025210 secs] [Times: user=0.02 sys=0.00, real=0.01 secs] 
354802.363: [GC 354802.363: [ParNew: 53961K->1054K(59008K), 0.0038500 secs] 205930K->153176K(517760K), 0.0039460 secs] [Times: user=0.01 sys=0.00, real=0.01 secs] 
355180.828: [GC 355180.828: [ParNew: 53534K->997K(59008K), 0.0027200 secs] 205656K->153252K(517760K), 0.0028090 secs] [Times: user=0.02 sys=0.00, real=0.00 secs] 
355533.274: [GC 355533.274: [ParNew: 53477K->1053K(59008K), 0.0033510 secs] 205732K->153481K(517760K), 0.0034440 secs] [Times: user=0.01 sys=0.00, real=0.00 secs] 
355903.781: [GC 355903.781: [ParNew: 53533K->848K(59008K), 0.0031190 secs] 205961K->153383K(517760K), 0.0032150 secs] [Times: user=0.01 sys=0.00, real=0.00 secs] 
356270.514: [GC 356270.514: [ParNew: 53328K->1002K(59008K), 0.0043300 secs] 205863K->153627K(517760K), 0.0044190 secs] [Times: user=0.01 sys=0.00, real=0.00 secs] 
356644.746: [GC 356644.746: [ParNew: 53482K->1172K(59008K), 0.0034880 secs] 206107K->153914K(517760K), 0.0036050 secs] [Times: user=0.01 sys=0.00, real=0.00 secs] 
357019.235: [GC 357019.235: [ParNew: 53652K->823K(59008K), 0.0029790 secs] 206394K->153612K(517760K), 0.0030700 secs] [Times: user=0.01 sys=0.00, real=0.00 secs] 
357360.164: [GC 357360.164: [ParNew: 53303K->987K(59008K), 0.0029060 secs] 206092K->153853K(517760K), 0.0029980 secs] [Times: user=0.01 sys=0.00, real=0.00 secs] 
357694.097: [GC 357694.097: [ParNew: 53467K->894K(59008K), 0.0035450 secs] 206333K->153839K(517760K), 0.0036350 secs] [Times: user=0.01 sys=0.00, real=0.00 secs] 
358050.569: [GC 358050.569: [ParNew: 53374K->1145K(59008K), 0.0032190 secs] 206319K->154155K(517760K), 0.0033250 secs] [Times: user=0.01 sys=0.00, real=0.00 secs] 
358420.269: [GC 358420.269: [ParNew: 53625K->1239K(59008K), 0.0028840 secs] 206635K->154295K(517760K), 0.0029750 secs] [Times: user=0.01 sys=0.00, real=0.00 secs] 
358789.527: [GC 358789.527: [ParNew: 53719K->903K(59008K), 0.0027620 secs] 206775K->154025K(517760K), 0.0028790 secs] [Times: user=0.01 sys=0.00, real=0.01 secs] 
359127.931: [GC 359127.931: [ParNew: 53383K->1111K(59008K), 0.0023020 secs] 206505K->154316K(517760K), 0.0023890 secs] [Times: user=0.01 sys=0.01, real=0.00 secs] 
359490.381: [GC 359490.381: [ParNew: 53591K->1123K(59008K), 0.0026530 secs] 206796K->154393K(517760K), 0.0027490 secs] [Times: user=0.01 sys=0.00, real=0.00 secs] 
359864.851: [GC 359864.851: [ParNew: 53603K->1300K(59008K), 0.0028960 secs] 206873K->154653K(517760K), 0.0029800 secs] [Times: user=0.01 sys=0.00, real=0.00 secs] 
360246.608: [GC 360246.608: [ParNew: 53780K->1100K(59008K), 0.0021240 secs] 207133K->154518K(517760K), 0.0022090 secs] [Times: user=0.01 sys=0.00, real=0.00 secs] 
360569.350: [GC 360569.350: [ParNew: 53580K->1325K(59008K), 0.0038960 secs] 206998K->154850K(517760K), 0.0040090 secs] [Times: user=0.01 sys=0.00, real=0.00 secs] 
360894.200: [GC 360894.200: [ParNew: 53805K->1026K(59008K), 0.0023130 secs] 207330K->154649K(517760K), 0.0024060 secs] [Times: user=0.01 sys=0.00, real=0.01 secs] 
361186.568: [GC 361186.568: [ParNew: 53506K->1311K(59008K), 0.0031390 secs] 207129K->155030K(517760K), 0.0032270 secs] [Times: user=0.01 sys=0.00, real=0.00 secs] 
361550.609: [GC 361550.609: [ParNew: 53791K->1203K(59008K), 0.0026740 secs] 207510K->154960K(517760K), 0.0027800 secs] [Times: user=0.01 sys=0.00, real=0.00 secs] 
361859.438: [GC 361859.438: [ParNew: 53683K->1560K(59008K), 0.0028280 secs] 207440K->155415K(517760K), 0.0029230 secs] [Times: user=0.01 sys=0.00, real=0.00 secs] 
362202.352: [GC 362202.352: [ParNew: 54040K->1219K(59008K), 0.0030530 secs] 207895K->155206K(517760K), 0.0031510 secs] [Times: user=0.01 sys=0.00, real=0.00 secs] 
362518.281: [GC 362518.282: [ParNew: 53699K->1331K(59008K), 0.0028030 secs] 207686K->155477K(517760K), 0.0028970 secs] [Times: user=0.02 sys=0.00, real=0.00 secs] 
362834.671: [GC 362834.671: [ParNew: 53811K->1122K(59008K), 0.0023610 secs] 207957K->155409K(517760K), 0.0024550 secs] [Times: user=0.02 sys=0.00, real=0.00 secs] 
363197.125: [GC 363197.125: [ParNew: 53601K->1359K(59008K), 0.0022590 secs] 207888K->155752K(517760K), 0.0023540 secs] [Times: user=0.01 sys=0.00, real=0.00 secs] 
363518.714: [GC 363518.714: [ParNew: 53839K->1149K(59008K), 0.0023350 secs] 208232K->155664K(517760K), 0.0024250 secs] [Times: user=0.01 sys=0.00, real=0.01 secs] 
363802.221: [GC 363802.221: [ParNew: 53617K->1256K(59008K), 0.0027510 secs] 208133K->155896K(517760K), 0.0028420 secs] [Times: user=0.01 sys=0.00, real=0.00 secs] 
364093.032: [GC 364093.033: [ParNew: 53736K->1338K(59008K), 0.0024520 secs] 208376K->156045K(517760K), 0.0025420 secs] [Times: user=0.02 sys=0.00, real=0.00 secs] 
364377.160: [GC 364377.160: [ParNew: 53818K->1340K(59008K), 0.0024450 secs] 208525K->156145K(517760K), 0.0025600 secs] [Times: user=0.01 sys=0.00, real=0.00 secs] 
364671.937: [GC 364671.937: [ParNew: 53820K->1512K(59008K), 0.0112470 secs] 208625K->156454K(517760K), 0.0113420 secs] [Times: user=0.03 sys=0.00, real=0.01 secs] 
364983.132: [GC 364983.132: [ParNew: 53992K->1490K(59008K), 0.0036300 secs] 208934K->156543K(517760K), 0.0037560 secs] [Times: user=0.01 sys=0.00, real=0.01 secs] 
365264.426: [GC 365264.426: [ParNew: 53970K->1668K(59008K), 0.0027130 secs] 209023K->156853K(517760K), 0.0028070 secs] [Times: user=0.01 sys=0.01, real=0.01 secs] 
365506.867: [GC 365506.867: [ParNew: 54147K->1702K(59008K), 0.0022880 secs] 209333K->156967K(517760K), 0.0023810 secs] [Times: user=0.02 sys=0.00, real=0.00 secs] 
365732.241: [GC 365732.242: [ParNew: 54182K->1652K(59008K), 0.0023240 secs] 209447K->157070K(517760K), 0.0024170 secs] [Times: user=0.02 sys=0.00, real=0.00 secs] 
366009.325: [GC 366009.325: [ParNew: 54132K->2149K(59008K), 0.0056550 secs] 209550K->157659K(517760K), 0.0057570 secs] [Times: user=0.01 sys=0.00, real=0.01 secs] 
366285.120: [GC 366285.120: [ParNew: 54629K->2129K(59008K), 0.0035360 secs] 210139K->157858K(517760K), 0.0036260 secs] [Times: user=0.02 sys=0.01, real=0.01 secs] 
366554.805: [GC 366554.805: [ParNew: 54609K->1795K(59008K), 0.0030120 secs] 210338K->157666K(517760K), 0.0030990 secs] [Times: user=0.02 sys=0.00, real=0.01 secs] 
366838.070: [GC 366838.070: [ParNew: 54275K->1927K(59008K), 0.0033290 secs] 210146K->158010K(517760K), 0.0034270 secs] [Times: user=0.01 sys=0.01, real=0.00 secs] 
367098.096: [GC 367098.096: [ParNew: 54407K->1865K(59008K), 0.0025130 secs] 210490K->158077K(517760K), 0.0026240 secs] [Times: user=0.02 sys=0.00, real=0.00 secs] 
367338.398: [GC 367338.398: [ParNew: 54345K->1804K(59008K), 0.0028690 secs] 210557K->158266K(517760K), 0.0029600 secs] [Times: user=0.01 sys=0.00, real=0.00 secs] 
367590.282: [GC 367590.282: [ParNew: 54284K->1751K(59008K), 0.0041420 secs] 210746K->158322K(517760K), 0.0042370 secs] [Times: user=0.01 sys=0.00, real=0.00 secs] 
367787.372: [GC 367787.372: [ParNew: 54231K->1988K(59008K), 0.0039180 secs] 210802K->158702K(517760K), 0.0040250 secs] [Times: user=0.01 sys=0.00, real=0.01 secs] 
368017.235: [GC 368017.236: [ParNew: 54468K->2119K(59008K), 0.0026020 secs] 211182K->159034K(517760K), 0.0026950 secs] [Times: user=0.02 sys=0.00, real=0.00 secs] 
368214.733: [GC 368214.733: [ParNew: 54599K->1795K(59008K), 0.0026110 secs] 211514K->158892K(517760K), 0.0027020 secs] [Times: user=0.02 sys=0.00, real=0.00 secs] 
368428.839: [GC 368428.839: [ParNew: 54275K->2576K(59008K), 0.0035410 secs] 211372K->159815K(517760K), 0.0036330 secs] [Times: user=0.01 sys=0.00, real=0.01 secs] 
368620.857: [GC 368620.858: [ParNew: 55056K->2102K(59008K), 0.0030220 secs] 212295K->159557K(517760K), 0.0031170 secs] [Times: user=0.01 sys=0.00, real=0.00 secs] 
368886.167: [GC 368886.167: [ParNew: 54582K->2431K(59008K), 0.0034100 secs] 212037K->160078K(517760K), 0.0035020 secs] [Times: user=0.01 sys=0.00, real=0.01 secs] 
369120.623: [GC 369120.623: [ParNew: 54911K->2235K(59008K), 0.0029650 secs] 212558K->160069K(517760K), 0.0030580 secs] [Times: user=0.02 sys=0.00, real=0.00 secs] 
369329.424: [GC 369329.424: [ParNew: 54715K->1951K(59008K), 0.0028480 secs] 212549K->159950K(517760K), 0.0029430 secs] [Times: user=0.01 sys=0.00, real=0.00 secs] 
369531.321: [GC 369531.321: [ParNew: 54431K->2313K(59008K), 0.0038290 secs] 212430K->160443K(517760K), 0.0039240 secs] [Times: user=0.02 sys=0.00, real=0.01 secs] 
369743.074: [GC 369743.074: [ParNew: 54793K->2237K(59008K), 0.0037090 secs] 212923K->160559K(517760K), 0.0038310 secs] [Times: user=0.01 sys=0.00, real=0.01 secs] 
369935.743: [GC 369935.743: [ParNew: 54717K->1954K(59008K), 0.0042040 secs] 213039K->160426K(517760K), 0.0042970 secs] [Times: user=0.01 sys=0.00, real=0.00 secs] 
370108.672: [GC 370108.672: [ParNew: 54434K->2202K(59008K), 0.0044150 secs] 212906K->160864K(517760K), 0.0045040 secs] [Times: user=0.02 sys=0.00, real=0.00 secs] 
370333.223: [GC 370333.224: [ParNew: 54682K->2444K(59008K), 0.0059560 secs] 213344K->161335K(517760K), 0.0060710 secs] [Times: user=0.01 sys=0.00, real=0.01 secs] 
370528.247: [GC 370528.247: [ParNew: 54924K->2463K(59008K), 0.0030860 secs] 213815K->161528K(517760K), 0.0031750 secs] [Times: user=0.02 sys=0.00, real=0.00 secs] 
370722.773: [GC 370722.773: [ParNew: 54943K->2323K(59008K), 0.0046780 secs] 214008K->161679K(517760K), 0.0048260 secs] [Times: user=0.01 sys=0.00, real=0.01 secs] 
370911.526: [GC 370911.526: [ParNew: 54801K->2258K(59008K), 0.0032840 secs] 214158K->161788K(517760K), 0.0033840 secs] [Times: user=0.01 sys=0.00, real=0.00 secs] 
371085.137: [GC 371085.137: [ParNew: 54738K->2666K(59008K), 0.0031910 secs] 214268K->162353K(517760K), 0.0032990 secs] [Times: user=0.01 sys=0.00, real=0.01 secs] 
371271.242: [GC 371271.242: [ParNew: 55146K->2385K(59008K), 0.0038100 secs] 214833K->162293K(517760K), 0.0039050 secs] [Times: user=0.01 sys=0.00, real=0.01 secs] 
371473.005: [GC 371473.006: [ParNew: 54865K->2605K(59008K), 0.0040960 secs] 214773K->162772K(517760K), 0.0041950 secs] [Times: user=0.01 sys=0.00, real=0.01 secs] 
371651.259: [GC 371651.259: [ParNew: 55085K->2439K(59008K), 0.0027970 secs] 215252K->162776K(517760K), 0.0028850 secs] [Times: user=0.01 sys=0.00, real=0.00 secs] 
371848.484: [GC 371848.485: [ParNew: 54919K->2301K(59008K), 0.0036200 secs] 215256K->162825K(517760K), 0.0037140 secs] [Times: user=0.02 sys=0.00, real=0.00 secs] 
372061.021: [GC 372061.021: [ParNew: 54779K->2481K(59008K), 0.0035320 secs] 215303K->163217K(517760K), 0.0036160 secs] [Times: user=0.01 sys=0.00, real=0.01 secs] 
372296.011: [GC 372296.011: [ParNew: 54961K->2551K(59008K), 0.0036910 secs] 215697K->163536K(517760K), 0.0037950 secs] [Times: user=0.01 sys=0.00, real=0.00 secs] 
372530.690: [GC 372530.690: [ParNew: 55031K->2273K(59008K), 0.0032700 secs] 216016K->163476K(517760K), 0.0033810 secs] [Times: user=0.02 sys=0.00, real=0.00 secs] 
372752.307: [GC 372752.307: [ParNew: 54753K->2788K(59008K), 0.0038550 secs] 215956K->164184K(517760K), 0.0039590 secs] [Times: user=0.02 sys=0.00, real=0.01 secs] 
372961.290: [GC 372961.290: [ParNew: 55268K->2686K(59008K), 0.0128720 secs] 216664K->164340K(517760K), 0.0129690 secs] [Times: user=0.06 sys=0.00, real=0.02 secs] 
373163.825: [GC 373163.825: [ParNew: 55166K->2924K(59008K), 0.0029710 secs] 216820K->164732K(517760K), 0.0030580 secs] [Times: user=0.02 sys=0.00, real=0.01 secs] 
373389.043: [GC 373389.044: [ParNew: 55404K->2110K(59008K), 0.0031210 secs] 217212K->164147K(517760K), 0.0032130 secs] [Times: user=0.01 sys=0.00, real=0.01 secs] 
373608.068: [GC 373608.069: [ParNew: 54590K->2464K(59008K), 0.0040870 secs] 216627K->164759K(517760K), 0.0042010 secs] [Times: user=0.02 sys=0.00, real=0.00 secs] 
373814.328: [GC 373814.328: [ParNew: 54944K->1941K(59008K), 0.0035600 secs] 217239K->164468K(517760K), 0.0036510 secs] [Times: user=0.01 sys=0.00, real=0.01 secs] 
374035.392: [GC 374035.392: [ParNew: 54421K->2383K(59008K), 0.0037980 secs] 216948K->165073K(517760K), 0.0038890 secs] [Times: user=0.02 sys=0.00, real=0.00 secs] 
374255.744: [GC 374255.744: [ParNew: 54863K->2387K(59008K), 0.0029310 secs] 217553K->165257K(517760K), 0.0030300 secs] [Times: user=0.02 sys=0.00, real=0.00 secs] 
374485.104: [GC 374485.105: [ParNew: 54867K->2025K(59008K), 0.0048240 secs] 217737K->165205K(517760K), 0.0049430 secs] [Times: user=0.02 sys=0.00, real=0.00 secs] 
374689.417: [GC 374689.417: [ParNew: 54505K->2283K(59008K), 0.0029710 secs] 217685K->165668K(517760K), 0.0030610 secs] [Times: user=0.02 sys=0.00, real=0.00 secs] 
374892.650: [GC 374892.650: [ParNew: 54756K->1918K(59008K), 0.0057270 secs] 218141K->165466K(517760K), 0.0058160 secs] [Times: user=0.01 sys=0.00, real=0.00 secs] 
375140.248: [GC 375140.248: [ParNew: 54398K->1980K(59008K), 0.0047560 secs] 217946K->165686K(517760K), 0.0048520 secs] [Times: user=0.02 sys=0.00, real=0.00 secs] 
375322.257: [GC 375322.257: [ParNew: 54460K->2503K(59008K), 0.0036570 secs] 218166K->166441K(517760K), 0.0037600 secs] [Times: user=0.02 sys=0.00, real=0.00 secs] 
375526.494: [GC 375526.494: [ParNew: 54983K->2685K(59008K), 0.0034710 secs] 218921K->166846K(517760K), 0.0035650 secs] [Times: user=0.02 sys=0.00, real=0.01 secs] 
375750.804: [GC 375750.804: [ParNew: 55165K->1960K(59008K), 0.0030820 secs] 219326K->166346K(517760K), 0.0031770 secs] [Times: user=0.01 sys=0.00, real=0.01 secs] 
375967.034: [GC 375967.034: [ParNew: 54440K->2220K(59008K), 0.0035280 secs] 218826K->166850K(517760K), 0.0036390 secs] [Times: user=0.01 sys=0.00, real=0.01 secs] 
376177.333: [GC 376177.333: [ParNew: 54700K->1913K(59008K), 0.0033550 secs] 219330K->166756K(517760K), 0.0034490 secs] [Times: user=0.01 sys=0.00, real=0.00 secs] 
376401.553: [GC 376401.553: [ParNew: 54393K->1980K(59008K), 0.0024780 secs] 219236K->166926K(517760K), 0.0025700 secs] [Times: user=0.02 sys=0.00, real=0.00 secs] 
376641.851: [GC 376641.851: [ParNew: 54460K->2354K(59008K), 0.0032670 secs] 219406K->167479K(517760K), 0.0033600 secs] [Times: user=0.01 sys=0.01, real=0.00 secs] 
376908.290: [GC 376908.290: [ParNew: 54834K->2337K(59008K), 0.0033970 secs] 219959K->167576K(517760K), 0.0034870 secs] [Times: user=0.02 sys=0.00, real=0.01 secs] 
377149.669: [GC 377149.669: [ParNew: 54817K->2364K(59008K), 0.0035410 secs] 220056K->167883K(517760K), 0.0036370 secs] [Times: user=0.02 sys=0.01, real=0.01 secs] 
377411.924: [GC 377411.924: [ParNew: 54844K->1972K(59008K), 0.0033150 secs] 220363K->167713K(517760K), 0.0034130 secs] [Times: user=0.01 sys=0.00, real=0.01 secs] 
377673.710: [GC 377673.710: [ParNew: 54449K->1930K(59008K), 0.0026610 secs] 220191K->167927K(517760K), 0.0027570 secs] [Times: user=0.01 sys=0.00, real=0.01 secs] 
377892.494: [GC 377892.495: [ParNew: 54410K->1812K(59008K), 0.0029400 secs] 220407K->167936K(517760K), 0.0030310 secs] [Times: user=0.01 sys=0.00, real=0.00 secs] 
378153.376: [GC 378153.376: [ParNew: 54292K->2258K(59008K), 0.0032990 secs] 220416K->168590K(517760K), 0.0033990 secs] [Times: user=0.02 sys=0.00, real=0.01 secs] 
378389.644: [GC 378389.644: [ParNew: 54738K->1882K(59008K), 0.0029170 secs] 221070K->168385K(517760K), 0.0030130 secs] [Times: user=0.02 sys=0.00, real=0.00 secs] 
378628.373: [GC 378628.373: [ParNew: 54362K->1927K(59008K), 0.0040050 secs] 220865K->168616K(517760K), 0.0041060 secs] [Times: user=0.01 sys=0.00, real=0.01 secs] 
378862.497: [GC 378862.497: [ParNew: 54407K->2289K(59008K), 0.0031770 secs] 221096K->169182K(517760K), 0.0032770 secs] [Times: user=0.01 sys=0.00, real=0.00 secs] 
379093.555: [GC 379093.556: [ParNew: 54769K->2068K(59008K), 0.0033980 secs] 221662K->169120K(517760K), 0.0034940 secs] [Times: user=0.02 sys=0.00, real=0.00 secs] 
379340.571: [GC 379340.571: [ParNew: 54548K->1752K(59008K), 0.0031870 secs] 221600K->169020K(517760K), 0.0032920 secs] [Times: user=0.01 sys=0.00, real=0.01 secs] 
379569.276: [GC 379569.276: [ParNew: 54232K->2007K(59008K), 0.0027050 secs] 221500K->169443K(517760K), 0.0027970 secs] [Times: user=0.01 sys=0.00, real=0.00 secs] 
379816.827: [GC 379816.827: [ParNew: 54487K->2189K(59008K), 0.0035890 secs] 221923K->169826K(517760K), 0.0036760 secs] [Times: user=0.01 sys=0.00, real=0.01 secs] 
380088.238: [GC 380088.238: [ParNew: 54669K->2161K(59008K), 0.0026960 secs] 222306K->169939K(517760K), 0.0027880 secs] [Times: user=0.01 sys=0.00, real=0.00 secs] 
380366.291: [GC 380366.291: [ParNew: 54641K->1985K(59008K), 0.0033140 secs] 222419K->169896K(517760K), 0.0034010 secs] [Times: user=0.01 sys=0.00, real=0.00 secs] 
380584.826: [GC 380584.826: [ParNew: 54465K->1836K(59008K), 0.0026780 secs] 222376K->169945K(517760K), 0.0027660 secs] [Times: user=0.02 sys=0.00, real=0.00 secs] 
380844.276: [GC 380844.276: [ParNew: 54316K->2222K(59008K), 0.0030290 secs] 222425K->170542K(517760K), 0.0031210 secs] [Times: user=0.01 sys=0.00, real=0.00 secs] 
381076.809: [GC 381076.809: [ParNew: 54702K->1703K(59008K), 0.0036130 secs] 223022K->170228K(517760K), 0.0040930 secs] [Times: user=0.01 sys=0.00, real=0.00 secs] 
381303.724: [GC 381303.724: [ParNew: 54183K->2305K(59008K), 0.0033690 secs] 222708K->171030K(517760K), 0.0034600 secs] [Times: user=0.02 sys=0.01, real=0.01 secs] 
381548.543: [GC 381548.543: [ParNew: 54785K->1759K(59008K), 0.0033310 secs] 223510K->170607K(517760K), 0.0034230 secs] [Times: user=0.01 sys=0.00, real=0.00 secs] 
381798.323: [GC 381798.323: [ParNew: 54239K->1746K(59008K), 0.0052350 secs] 223087K->170787K(517760K), 0.0053260 secs] [Times: user=0.01 sys=0.00, real=0.00 secs] 
382050.655: [GC 382050.655: [ParNew: 54226K->2223K(59008K), 0.0036410 secs] 223267K->171507K(517760K), 0.0037560 secs] [Times: user=0.01 sys=0.00, real=0.01 secs] 
382337.712: [GC 382337.712: [ParNew: 54703K->2194K(59008K), 0.0038990 secs] 223987K->171729K(517760K), 0.0039900 secs] [Times: user=0.02 sys=0.00, real=0.00 secs] 
382611.210: [GC 382611.210: [ParNew: 54674K->2036K(59008K), 0.0026790 secs] 224209K->171742K(517760K), 0.0027650 secs] [Times: user=0.02 sys=0.00, real=0.01 secs] 
382872.876: [GC 382872.877: [ParNew: 54516K->2287K(59008K), 0.0037920 secs] 224222K->172236K(517760K), 0.0038830 secs] [Times: user=0.02 sys=0.00, real=0.01 secs] 
383144.006: [GC 383144.006: [ParNew: 54767K->2470K(59008K), 0.0029630 secs] 224716K->172746K(517760K), 0.0030640 secs] [Times: user=0.02 sys=0.00, real=0.00 secs] 
383378.305: [GC 383378.305: [ParNew: 54950K->1924K(59008K), 0.0040550 secs] 225226K->172390K(517760K), 0.0041430 secs] [Times: user=0.02 sys=0.00, real=0.00 secs] 
383597.625: [GC 383597.625: [ParNew: 54404K->1781K(59008K), 0.0029440 secs] 224870K->172414K(517760K), 0.0030330 secs] [Times: user=0.02 sys=0.00, real=0.00 secs] 
383818.820: [GC 383818.820: [ParNew: 54261K->2515K(59008K), 0.0042950 secs] 224894K->173355K(517760K), 0.0043910 secs] [Times: user=0.01 sys=0.00, real=0.01 secs] 
384045.442: [GC 384045.442: [ParNew: 54995K->2568K(59008K), 0.0029640 secs] 225835K->173650K(517760K), 0.0030520 secs] [Times: user=0.01 sys=0.00, real=0.01 secs] 
384263.344: [GC 384263.344: [ParNew: 55048K->2063K(59008K), 0.0031630 secs] 226130K->173299K(517760K), 0.0032490 secs] [Times: user=0.02 sys=0.00, real=0.01 secs] 
384504.724: [GC 384504.725: [ParNew: 54543K->2472K(59008K), 0.0041010 secs] 225779K->173962K(517760K), 0.0041920 secs] [Times: user=0.02 sys=0.00, real=0.00 secs] 
384718.486: [GC 384718.486: [ParNew: 54952K->2295K(59008K), 0.0030930 secs] 226442K->174057K(517760K), 0.0031810 secs] [Times: user=0.02 sys=0.00, real=0.00 secs] 
384932.485: [GC 384932.485: [ParNew: 54775K->2434K(59008K), 0.0030510 secs] 226537K->174447K(517760K), 0.0031530 secs] [Times: user=0.01 sys=0.00, real=0.01 secs] 
385102.359: [GC 385102.359: [ParNew: 54914K->2634K(59008K), 0.0029830 secs] 226927K->174861K(517760K), 0.0030930 secs] [Times: user=0.01 sys=0.00, real=0.00 secs] 
385268.269: [GC 385268.269: [ParNew: 55114K->2928K(59008K), 0.0037000 secs] 227341K->175479K(517760K), 0.0038200 secs] [Times: user=0.02 sys=0.00, real=0.00 secs] 
385420.757: [GC 385420.757: [ParNew: 55408K->2023K(59008K), 0.0033810 secs] 227959K->174724K(517760K), 0.0034680 secs] [Times: user=0.02 sys=0.00, real=0.00 secs] 
385564.930: [GC 385564.930: [ParNew: 54503K->2829K(59008K), 0.0034520 secs] 227204K->175708K(517760K), 0.0035470 secs] [Times: user=0.01 sys=0.00, real=0.01 secs] 
385737.457: [GC 385737.457: [ParNew: 55309K->2759K(59008K), 0.0032800 secs] 228188K->175918K(517760K), 0.0033700 secs] [Times: user=0.02 sys=0.00, real=0.00 secs] 
385875.159: [GC 385875.160: [ParNew: 55239K->2558K(59008K), 0.0029170 secs] 228398K->175927K(517760K), 0.0030130 secs] [Times: user=0.01 sys=0.00, real=0.00 secs] 
386037.218: [GC 386037.219: [ParNew: 55038K->2638K(59008K), 0.0037720 secs] 228407K->176223K(517760K), 0.0038550 secs] [Times: user=0.02 sys=0.00, real=0.01 secs] 
386199.353: [GC 386199.353: [ParNew: 55118K->2731K(59008K), 0.0027980 secs] 228703K->176557K(517760K), 0.0028850 secs] [Times: user=0.02 sys=0.00, real=0.00 secs] 
386389.201: [GC 386389.201: [ParNew: 55211K->3063K(59008K), 0.0037750 secs] 229037K->177217K(517760K), 0.0038740 secs] [Times: user=0.02 sys=0.00, real=0.00 secs] 
386571.788: [GC 386571.788: [ParNew: 55543K->2306K(59008K), 0.0032640 secs] 229697K->176702K(517760K), 0.0033580 secs] [Times: user=0.02 sys=0.00, real=0.01 secs] 
386754.160: [GC 386754.160: [ParNew: 54786K->2684K(59008K), 0.0032300 secs] 229182K->177292K(517760K), 0.0033360 secs] [Times: user=0.01 sys=0.00, real=0.00 secs] 
386921.278: [GC 386921.278: [ParNew: 55164K->2566K(59008K), 0.0038160 secs] 229772K->177514K(517760K), 0.0039140 secs] [Times: user=0.01 sys=0.00, real=0.00 secs] 
387062.036: [GC 387062.036: [ParNew: 55046K->2948K(59008K), 0.0038150 secs] 229994K->178096K(517760K), 0.0039330 secs] [Times: user=0.01 sys=0.00, real=0.01 secs] 
387202.867: [GC 387202.867: [ParNew: 55427K->2800K(59008K), 0.0030960 secs] 230575K->178205K(517760K), 0.0031970 secs] [Times: user=0.02 sys=0.00, real=0.01 secs] 
387347.146: [GC 387347.146: [ParNew: 55280K->2810K(59008K), 0.0037290 secs] 230685K->178458K(517760K), 0.0038320 secs] [Times: user=0.02 sys=0.00, real=0.01 secs] 
387477.536: [GC 387477.536: [ParNew: 55290K->2907K(59008K), 0.0035660 secs] 230938K->178795K(517760K), 0.0036580 secs] [Times: user=0.01 sys=0.01, real=0.00 secs] 
387634.623: [GC 387634.623: [ParNew: 55387K->2997K(59008K), 0.0044550 secs] 231275K->179237K(517760K), 0.0045550 secs] [Times: user=0.02 sys=0.00, real=0.00 secs] 
387780.711: [GC 387780.711: [ParNew: 55477K->2928K(59008K), 0.0040170 secs] 231717K->179447K(517760K), 0.0041170 secs] [Times: user=0.02 sys=0.00, real=0.01 secs] 
387928.251: [GC 387928.251: [ParNew: 55403K->3366K(59008K), 0.0036040 secs] 231922K->180155K(517760K), 0.0037040 secs] [Times: user=0.02 sys=0.00, real=0.01 secs] 
388065.482: [GC 388065.482: [ParNew: 55846K->2712K(59008K), 0.0035330 secs] 232635K->179722K(517760K), 0.0036250 secs] [Times: user=0.02 sys=0.00, real=0.01 secs] 
388190.800: [GC 388190.800: [ParNew: 55192K->3095K(59008K), 0.0030170 secs] 232202K->180352K(517760K), 0.0031090 secs] [Times: user=0.03 sys=0.00, real=0.00 secs] 
388311.853: [GC 388311.853: [ParNew: 55575K->2933K(59008K), 0.0029110 secs] 232832K->180444K(517760K), 0.0029980 secs] [Times: user=0.02 sys=0.00, real=0.00 secs] 
388451.869: [GC 388451.869: [ParNew: 55413K->3023K(59008K), 0.0055370 secs] 232924K->180818K(517760K), 0.0056310 secs] [Times: user=0.01 sys=0.00, real=0.01 secs] 
388607.268: [GC 388607.268: [ParNew: 55503K->3358K(59008K), 0.0041230 secs] 233298K->181398K(517760K), 0.0042110 secs] [Times: user=0.02 sys=0.00, real=0.00 secs] 
388743.710: [GC 388743.710: [ParNew: 55838K->3186K(59008K), 0.0039520 secs] 233878K->181488K(517760K), 0.0040450 secs] [Times: user=0.01 sys=0.00, real=0.00 secs] 
388877.601: [GC 388877.601: [ParNew: 55666K->3493K(59008K), 0.0040140 secs] 233968K->182053K(517760K), 0.0041240 secs] [Times: user=0.01 sys=0.00, real=0.00 secs] 
388999.347: [GC 388999.347: [ParNew: 55973K->3593K(59008K), 0.0036400 secs] 234533K->182561K(517760K), 0.0037400 secs] [Times: user=0.03 sys=0.00, real=0.00 secs] 
389105.743: [GC 389105.743: [ParNew: 56073K->2809K(59008K), 0.0046790 secs] 235041K->182075K(517760K), 0.0047840 secs] [Times: user=0.02 sys=0.00, real=0.01 secs] 
389202.342: [GC 389202.343: [ParNew: 55289K->3292K(59008K), 0.0037270 secs] 234555K->182838K(517760K), 0.0038260 secs] [Times: user=0.02 sys=0.01, real=0.01 secs] 
389326.866: [GC 389326.866: [ParNew: 55772K->3114K(59008K), 0.0041560 secs] 235318K->182953K(517760K), 0.0042550 secs] [Times: user=0.01 sys=0.00, real=0.01 secs] 
389456.725: [GC 389456.725: [ParNew: 55594K->3404K(59008K), 0.0037500 secs] 235433K->183494K(517760K), 0.0038400 secs] [Times: user=0.02 sys=0.00, real=0.00 secs] 
389580.878: [GC 389580.878: [ParNew: 55884K->3136K(59008K), 0.0036470 secs] 235974K->183531K(517760K), 0.0037350 secs] [Times: user=0.02 sys=0.00, real=0.00 secs] 
389714.294: [GC 389714.294: [ParNew: 55616K->3066K(59008K), 0.0036570 secs] 236011K->183748K(517760K), 0.0037530 secs] [Times: user=0.02 sys=0.00, real=0.01 secs] 
389852.984: [GC 389852.984: [ParNew: 55546K->3249K(59008K), 0.0029450 secs] 236228K->184159K(517760K), 0.0030360 secs] [Times: user=0.02 sys=0.00, real=0.00 secs] 
389969.427: [GC 389969.427: [ParNew: 55729K->3090K(59008K), 0.0035410 secs] 236639K->184201K(517760K), 0.0036330 secs] [Times: user=0.02 sys=0.00, real=0.00 secs] 
390074.568: [GC 390074.568: [ParNew: 55570K->3101K(59008K), 0.0036810 secs] 236681K->184488K(517760K), 0.0037750 secs] [Times: user=0.01 sys=0.00, real=0.01 secs] 
390192.485: [GC 390192.485: [ParNew: 55581K->3296K(59008K), 0.0040940 secs] 236968K->184898K(517760K), 0.0041820 secs] [Times: user=0.01 sys=0.00, real=0.00 secs] 
390317.181: [GC 390317.181: [ParNew: 55776K->3301K(59008K), 0.0038670 secs] 237378K->185205K(517760K), 0.0039760 secs] [Times: user=0.01 sys=0.00, real=0.00 secs] 
390445.477: [GC 390445.477: [ParNew: 55781K->2975K(59008K), 0.0032240 secs] 237685K->185060K(517760K), 0.0033230 secs] [Times: user=0.02 sys=0.00, real=0.00 secs] 
390567.582: [GC 390567.582: [ParNew: 55455K->3010K(59008K), 0.0036710 secs] 237540K->185382K(517760K), 0.0037580 secs] [Times: user=0.01 sys=0.00, real=0.01 secs] 
390695.297: [GC 390695.297: [ParNew: 55490K->2944K(59008K), 0.0042660 secs] 237862K->185622K(517760K), 0.0043570 secs] [Times: user=0.01 sys=0.00, real=0.01 secs] 
390820.775: [GC 390820.775: [ParNew: 55424K->2865K(59008K), 0.0035870 secs] 238102K->185808K(517760K), 0.0036790 secs] [Times: user=0.02 sys=0.00, real=0.00 secs] 
390915.095: [GC 390915.096: [ParNew: 55345K->2869K(59008K), 0.0033330 secs] 238288K->186063K(517760K), 0.0034350 secs] [Times: user=0.02 sys=0.00, real=0.00 secs] 
391037.482: [GC 391037.482: [ParNew: 55349K->3184K(59008K), 0.0029520 secs] 238543K->186593K(517760K), 0.0030510 secs] [Times: user=0.01 sys=0.00, real=0.01 secs] 
391136.820: [GC 391136.820: [ParNew: 55664K->3181K(59008K), 0.0025520 secs] 239073K->186745K(517760K), 0.0026450 secs] [Times: user=0.02 sys=0.00, real=0.01 secs] 
391258.805: [GC 391258.805: [ParNew: 55661K->3034K(59008K), 0.0042670 secs] 239225K->186823K(517760K), 0.0043710 secs] [Times: user=0.02 sys=0.00, real=0.00 secs] 
391385.743: [GC 391385.743: [ParNew: 55514K->2873K(59008K), 0.0035250 secs] 239303K->186955K(517760K), 0.0036140 secs] [Times: user=0.02 sys=0.00, real=0.00 secs] 
391507.216: [GC 391507.216: [ParNew: 55353K->3057K(59008K), 0.0032280 secs] 239435K->187372K(517760K), 0.0033270 secs] [Times: user=0.02 sys=0.00, real=0.00 secs] 
391617.623: [GC 391617.623: [ParNew: 55537K->3065K(59008K), 0.0035320 secs] 239852K->187646K(517760K), 0.0036230 secs] [Times: user=0.01 sys=0.00, real=0.00 secs] 
391737.556: [GC 391737.556: [ParNew: 55545K->3594K(59008K), 0.0035720 secs] 240126K->188420K(517760K), 0.0036570 secs] [Times: user=0.02 sys=0.00, real=0.00 secs] 
391850.416: [GC 391850.417: [ParNew: 56074K->2581K(59008K), 0.0035890 secs] 240900K->187677K(517760K), 0.0036870 secs] [Times: user=0.01 sys=0.00, real=0.00 secs] 
391974.388: [GC 391974.388: [ParNew: 55061K->2943K(59008K), 0.0041710 secs] 240157K->188286K(517760K), 0.0042580 secs] [Times: user=0.01 sys=0.01, real=0.01 secs] 
392095.874: [GC 392095.874: [ParNew: 55327K->2821K(59008K), 0.0037730 secs] 240669K->188436K(517760K), 0.0038600 secs] [Times: user=0.01 sys=0.00, real=0.01 secs] 
392233.598: [GC 392233.598: [ParNew: 55301K->3236K(59008K), 0.0033300 secs] 240916K->189096K(517760K), 0.0034260 secs] [Times: user=0.02 sys=0.00, real=0.00 secs] 
392348.386: [GC 392348.386: [ParNew: 55716K->3304K(59008K), 0.0034550 secs] 241576K->189387K(517760K), 0.0035440 secs] [Times: user=0.02 sys=0.00, real=0.00 secs] 
392469.354: [GC 392469.354: [ParNew: 55784K->3619K(59008K), 0.0036570 secs] 241867K->189942K(517760K), 0.0037510 secs] [Times: user=0.02 sys=0.01, real=0.01 secs] 
392585.193: [GC 392585.193: [ParNew: 56099K->2627K(59008K), 0.0030160 secs] 242422K->189294K(517760K), 0.0031110 secs] [Times: user=0.02 sys=0.01, real=0.00 secs] 
392705.449: [GC 392705.449: [ParNew: 55107K->3005K(59008K), 0.0029610 secs] 241774K->189936K(517760K), 0.0030520 secs] [Times: user=0.02 sys=0.00, real=0.00 secs] 
392833.475: [GC 392833.475: [ParNew: 55485K->3242K(59008K), 0.0026810 secs] 242416K->190383K(517760K), 0.0027700 secs] [Times: user=0.01 sys=0.00, real=0.01 secs] 
392963.293: [GC 392963.293: [ParNew: 55722K->3491K(59008K), 0.0028630 secs] 242863K->190902K(517760K), 0.0029490 secs] [Times: user=0.02 sys=0.00, real=0.00 secs] 
393093.985: [GC 393093.985: [ParNew: 55971K->2369K(59008K), 0.0027210 secs] 243382K->190032K(517760K), 0.0028110 secs] [Times: user=0.02 sys=0.00, real=0.00 secs] 
393228.718: [GC 393228.719: [ParNew: 54849K->2729K(59008K), 0.0028540 secs] 242512K->190669K(517760K), 0.0029510 secs] [Times: user=0.02 sys=0.00, real=0.00 secs] 
393344.301: [GC 393344.301: [ParNew: 55209K->3110K(59008K), 0.0028500 secs] 243149K->191320K(517760K), 0.0029630 secs] [Times: user=0.02 sys=0.00, real=0.00 secs] 
393448.367: [GC 393448.367: [ParNew: 55590K->3245K(59008K), 0.0028020 secs] 243800K->191781K(517760K), 0.0028950 secs] [Times: user=0.02 sys=0.00, real=0.00 secs] 
393567.393: [GC 393567.393: [ParNew: 55725K->3016K(59008K), 0.0027900 secs] 244261K->191814K(517760K), 0.0028830 secs] [Times: user=0.02 sys=0.01, real=0.00 secs] 
393687.995: [GC 393687.995: [ParNew: 55496K->3264K(59008K), 0.0039070 secs] 244294K->192299K(517760K), 0.0040160 secs] [Times: user=0.02 sys=0.00, real=0.00 secs] 
393808.702: [GC 393808.702: [ParNew: 55744K->3143K(59008K), 0.0029010 secs] 244779K->192475K(517760K), 0.0029980 secs] [Times: user=0.02 sys=0.00, real=0.00 secs] 
393920.690: [GC 393920.690: [ParNew: 55623K->3183K(59008K), 0.0028130 secs] 244955K->192802K(517760K), 0.0029090 secs] [Times: user=0.02 sys=0.00, real=0.00 secs] 
394037.546: [GC 394037.547: [ParNew: 55663K->3282K(59008K), 0.0029160 secs] 245282K->193151K(517760K), 0.0030110 secs] [Times: user=0.01 sys=0.00, real=0.01 secs] 
394173.980: [GC 394173.980: [ParNew: 55762K->3499K(59008K), 0.0027360 secs] 245631K->193603K(517760K), 0.0028300 secs] [Times: user=0.02 sys=0.00, real=0.01 secs] 
394306.500: [GC 394306.500: [ParNew: 55979K->2950K(59008K), 0.0051840 secs] 246083K->193333K(517760K), 0.0052830 secs] [Times: user=0.02 sys=0.00, real=0.01 secs] 
394435.390: [GC 394435.390: [ParNew: 55430K->3234K(59008K), 0.0055640 secs] 245813K->193892K(517760K), 0.0056920 secs] [Times: user=0.01 sys=0.00, real=0.01 secs] 
394538.932: [GC 394538.932: [ParNew: 55714K->3245K(59008K), 0.0064600 secs] 246372K->194250K(517760K), 0.0065760 secs] [Times: user=0.01 sys=0.00, real=0.01 secs] 
394642.074: [GC 394642.075: [ParNew: 55725K->2879K(59008K), 0.0041610 secs] 246730K->194143K(517760K), 0.0042470 secs] [Times: user=0.02 sys=0.00, real=0.00 secs] 
394766.660: [GC 394766.661: [ParNew: 55359K->3075K(59008K), 0.0043310 secs] 246623K->194601K(517760K), 0.0044200 secs] [Times: user=0.02 sys=0.00, real=0.01 secs] 
394873.398: [GC 394873.398: [ParNew: 55555K->3104K(59008K), 0.0036080 secs] 247081K->194889K(517760K), 0.0036890 secs] [Times: user=0.02 sys=0.00, real=0.01 secs] 
394976.059: [GC 394976.059: [ParNew: 55580K->3121K(59008K), 0.0032830 secs] 247365K->195162K(517760K), 0.0033650 secs] [Times: user=0.02 sys=0.00, real=0.00 secs] 
395072.621: [GC 395072.621: [ParNew: 55601K->3383K(59008K), 0.0031970 secs] 247642K->195628K(517760K), 0.0032870 secs] [Times: user=0.02 sys=0.00, real=0.01 secs] 
395205.699: [GC 395205.700: [ParNew: 55863K->3385K(59008K), 0.0124270 secs] 248108K->195928K(517760K), 0.0125260 secs] [Times: user=0.06 sys=0.00, real=0.01 secs] 
395343.224: [GC 395343.224: [ParNew: 55865K->2534K(59008K), 0.0031520 secs] 248408K->195331K(517760K), 0.0032400 secs] [Times: user=0.02 sys=0.00, real=0.01 secs] 
395472.464: [GC 395472.464: [ParNew: 55014K->2846K(59008K), 0.0032960 secs] 247811K->195863K(517760K), 0.0033940 secs] [Times: user=0.02 sys=0.00, real=0.00 secs] 
395578.031: [GC 395578.032: [ParNew: 55326K->3410K(59008K), 0.0035720 secs] 248343K->196683K(517760K), 0.0036660 secs] [Times: user=0.02 sys=0.00, real=0.00 secs] 
395681.317: [GC 395681.317: [ParNew: 55890K->3053K(59008K), 0.0029760 secs] 249163K->196587K(517760K), 0.0030690 secs] [Times: user=0.02 sys=0.01, real=0.00 secs] 
395785.794: [GC 395785.794: [ParNew: 55533K->3018K(59008K), 0.0033630 secs] 249067K->196731K(517760K), 0.0034680 secs] [Times: user=0.01 sys=0.00, real=0.00 secs] 
395888.476: [GC 395888.476: [ParNew: 55498K->3674K(59008K), 0.0036780 secs] 249211K->197648K(517760K), 0.0037610 secs] [Times: user=0.02 sys=0.00, real=0.00 secs] 
395989.071: [GC 395989.071: [ParNew: 56154K->2992K(59008K), 0.0046030 secs] 250128K->197203K(517760K), 0.0047200 secs] [Times: user=0.02 sys=0.00, real=0.01 secs] 
396105.445: [GC 396105.445: [ParNew: 55472K->3357K(59008K), 0.0030490 secs] 249683K->197805K(517760K), 0.0031400 secs] [Times: user=0.02 sys=0.00, real=0.01 secs] 
396212.419: [GC 396212.419: [ParNew: 55837K->3664K(59008K), 0.0039180 secs] 250285K->198391K(517760K), 0.0040270 secs] [Times: user=0.03 sys=0.00, real=0.01 secs] 
396326.064: [GC 396326.064: [ParNew: 56144K->3398K(59008K), 0.0040480 secs] 250871K->198453K(517760K), 0.0041480 secs] [Times: user=0.02 sys=0.00, real=0.01 secs] 
396440.520: [GC 396440.520: [ParNew: 55878K->3621K(59008K), 0.0028510 secs] 250933K->199012K(517760K), 0.0029500 secs] [Times: user=0.02 sys=0.00, real=0.01 secs] 
396567.708: [GC 396567.708: [ParNew: 56101K->2699K(59008K), 0.0028120 secs] 251492K->198342K(517760K), 0.0029040 secs] [Times: user=0.02 sys=0.00, real=0.00 secs] 
396686.766: [GC 396686.766: [ParNew: 55179K->2877K(59008K), 0.0032430 secs] 250822K->198808K(517760K), 0.0033400 secs] [Times: user=0.02 sys=0.00, real=0.00 secs] 
396800.425: [GC 396800.425: [ParNew: 55357K->3008K(59008K), 0.0027580 secs] 251288K->199237K(517760K), 0.0028540 secs] [Times: user=0.01 sys=0.00, real=0.01 secs] 
396917.677: [GC 396917.677: [ParNew: 55488K->3279K(59008K), 0.0027170 secs] 251717K->199707K(517760K), 0.0028180 secs] [Times: user=0.02 sys=0.00, real=0.00 secs] 
397028.556: [GC 397028.556: [ParNew: 55759K->3222K(59008K), 0.0027720 secs] 252187K->199916K(517760K), 0.0028660 secs] [Times: user=0.02 sys=0.00, real=0.00 secs] 
397149.931: [GC 397149.931: [ParNew: 55702K->3536K(59008K), 0.0028570 secs] 252396K->200462K(517760K), 0.0029500 secs] [Times: user=0.02 sys=0.00, real=0.00 secs] 
397273.873: [GC 397273.873: [ParNew: 56016K->3253K(59008K), 0.0033310 secs] 252942K->200526K(517760K), 0.0034260 secs] [Times: user=0.02 sys=0.00, real=0.00 secs] 
397393.017: [GC 397393.018: [ParNew: 55733K->3398K(59008K), 0.0051300 secs] 253006K->200904K(517760K), 0.0052350 secs] [Times: user=0.01 sys=0.00, real=0.00 secs] 
397508.545: [GC 397508.546: [ParNew: 55878K->3105K(59008K), 0.0048430 secs] 253384K->200943K(517760K), 0.0049410 secs] [Times: user=0.01 sys=0.00, real=0.00 secs] 
397619.287: [GC 397619.288: [ParNew: 55585K->3023K(59008K), 0.0061470 secs] 253423K->201128K(517760K), 0.0062560 secs] [Times: user=0.01 sys=0.00, real=0.00 secs] 
397733.422: [GC 397733.422: [ParNew: 55503K->2488K(59008K), 0.0035000 secs] 253608K->200813K(517760K), 0.0035930 secs] [Times: user=0.02 sys=0.00, real=0.01 secs] 
397849.178: [GC 397849.178: [ParNew: 54968K->3013K(59008K), 0.0045070 secs] 253293K->201573K(517760K), 0.0046090 secs] [Times: user=0.02 sys=0.00, real=0.00 secs] 
397990.631: [GC 397990.631: [ParNew: 55493K->3292K(59008K), 0.0036110 secs] 254053K->202055K(517760K), 0.0037140 secs] [Times: user=0.02 sys=0.00, real=0.00 secs] 
398109.401: [GC 398109.401: [ParNew: 55772K->3234K(59008K), 0.0045110 secs] 254535K->202304K(517760K), 0.0046130 secs] [Times: user=0.01 sys=0.00, real=0.01 secs] 
398218.802: [GC 398218.802: [ParNew: 55714K->3167K(59008K), 0.0036510 secs] 254784K->202523K(517760K), 0.0037430 secs] [Times: user=0.01 sys=0.00, real=0.00 secs] 
398334.183: [GC 398334.183: [ParNew: 55647K->3156K(59008K), 0.0039510 secs] 255003K->202765K(517760K), 0.0040440 secs] [Times: user=0.02 sys=0.00, real=0.01 secs] 
398447.364: [GC 398447.364: [ParNew: 55636K->3179K(59008K), 0.0039510 secs] 255245K->203076K(517760K), 0.0040530 secs] [Times: user=0.02 sys=0.00, real=0.00 secs] 
398571.915: [GC 398571.915: [ParNew: 55659K->2927K(59008K), 0.0045610 secs] 255556K->203103K(517760K), 0.0046430 secs] [Times: user=0.02 sys=0.00, real=0.00 secs] 
398704.928: [GC 398704.928: [ParNew: 55407K->3461K(59008K), 0.0052580 secs] 255583K->203855K(517760K), 0.0053440 secs] [Times: user=0.02 sys=0.00, real=0.00 secs] 
398810.283: [GC 398810.283: [ParNew: 55941K->3542K(59008K), 0.0027100 secs] 256335K->204222K(517760K), 0.0028090 secs] [Times: user=0.01 sys=0.01, real=0.00 secs] 
398929.729: [GC 398929.729: [ParNew: 56022K->3466K(59008K), 0.0038000 secs] 256702K->204422K(517760K), 0.0038900 secs] [Times: user=0.03 sys=0.00, real=0.00 secs] 
399046.548: [GC 399046.548: [ParNew: 55946K->2777K(59008K), 0.0026950 secs] 256902K->204050K(517760K), 0.0027910 secs] [Times: user=0.02 sys=0.00, real=0.01 secs] 
399173.054: [GC 399173.054: [ParNew: 55257K->2949K(59008K), 0.0044790 secs] 256530K->204518K(517760K), 0.0045720 secs] [Times: user=0.02 sys=0.00, real=0.00 secs] 
399286.891: [GC 399286.891: [ParNew: 55429K->3331K(59008K), 0.0043410 secs] 256998K->205117K(517760K), 0.0044450 secs] [Times: user=0.02 sys=0.00, real=0.00 secs] 
399411.147: [GC 399411.147: [ParNew: 55811K->3274K(59008K), 0.0036860 secs] 257597K->205299K(517760K), 0.0037850 secs] [Times: user=0.01 sys=0.00, real=0.00 secs] 
399548.111: [GC 399548.111: [ParNew: 55754K->2565K(59008K), 0.0036990 secs] 257779K->204886K(517760K), 0.0037830 secs] [Times: user=0.02 sys=0.00, real=0.01 secs] 
399658.528: [GC 399658.528: [ParNew: 55045K->3012K(59008K), 0.0033610 secs] 257366K->205573K(517760K), 0.0034610 secs] [Times: user=0.02 sys=0.00, real=0.01 secs] 
399760.055: [GC 399760.056: [ParNew: 55492K->2732K(59008K), 0.0040500 secs] 258053K->205568K(517760K), 0.0041450 secs] [Times: user=0.01 sys=0.00, real=0.01 secs] 
399875.977: [GC 399875.977: [ParNew: 55212K->2647K(59008K), 0.0031900 secs] 258048K->205771K(517760K), 0.0032840 secs] [Times: user=0.02 sys=0.00, real=0.00 secs] 
399998.109: [GC 399998.109: [ParNew: 55127K->3324K(59008K), 0.0034940 secs] 258251K->206648K(517760K), 0.0035840 secs] [Times: user=0.01 sys=0.00, real=0.00 secs] 
400137.782: [GC 400137.782: [ParNew: 55804K->2999K(59008K), 0.0033380 secs] 259128K->206546K(517760K), 0.0034210 secs] [Times: user=0.01 sys=0.01, real=0.00 secs] 
400258.205: [GC 400258.205: [ParNew: 55479K->3054K(59008K), 0.0109080 secs] 259026K->206905K(517760K), 0.0110060 secs] [Times: user=0.06 sys=0.01, real=0.01 secs] 
400381.053: [GC 400381.053: [ParNew: 55534K->2961K(59008K), 0.0038500 secs] 259385K->207113K(517760K), 0.0039460 secs] [Times: user=0.01 sys=0.00, real=0.01 secs] 
400495.920: [GC 400495.920: [ParNew: 55437K->3171K(59008K), 0.0033780 secs] 259589K->207551K(517760K), 0.0034740 secs] [Times: user=0.02 sys=0.00, real=0.00 secs] 
400634.880: [GC 400634.880: [ParNew: 55651K->2872K(59008K), 0.0034670 secs] 260031K->207495K(517760K), 0.0035530 secs] [Times: user=0.01 sys=0.00, real=0.01 secs] 
400769.060: [GC 400769.060: [ParNew: 55352K->2920K(59008K), 0.0034480 secs] 259975K->207815K(517760K), 0.0035440 secs] [Times: user=0.02 sys=0.00, real=0.01 secs] 
400940.538: [GC 400940.538: [ParNew: 55400K->2875K(59008K), 0.0035360 secs] 260295K->207946K(517760K), 0.0036400 secs] [Times: user=0.01 sys=0.00, real=0.01 secs] 
401072.382: [GC 401072.382: [ParNew: 55355K->3202K(59008K), 0.0041490 secs] 260426K->208568K(517760K), 0.0042410 secs] [Times: user=0.01 sys=0.00, real=0.01 secs] 
401210.109: [GC 401210.109: [ParNew: 55682K->3150K(59008K), 0.0031460 secs] 261048K->208808K(517760K), 0.0032330 secs] [Times: user=0.02 sys=0.00, real=0.00 secs] 
401341.782: [GC 401341.782: [ParNew: 55630K->2507K(59008K), 0.0032220 secs] 261288K->208428K(517760K), 0.0033070 secs] [Times: user=0.01 sys=0.00, real=0.00 secs] 
401511.079: [GC 401511.079: [ParNew: 54987K->2862K(59008K), 0.0030100 secs] 260908K->209008K(517760K), 0.0031160 secs] [Times: user=0.02 sys=0.00, real=0.00 secs] 
401657.149: [GC 401657.149: [ParNew: 55342K->2385K(59008K), 0.0027740 secs] 261488K->208712K(517760K), 0.0028700 secs] [Times: user=0.02 sys=0.00, real=0.00 secs] 
401826.068: [GC 401826.068: [ParNew: 54865K->2851K(59008K), 0.0041030 secs] 261192K->209406K(517760K), 0.0041910 secs] [Times: user=0.02 sys=0.00, real=0.00 secs] 
401985.450: [GC 401985.450: [ParNew: 55331K->2617K(59008K), 0.0048330 secs] 261886K->209408K(517760K), 0.0049300 secs] [Times: user=0.03 sys=0.00, real=0.01 secs] 
402182.057: [GC 402182.057: [ParNew: 55097K->2633K(59008K), 0.0039240 secs] 261888K->209643K(517760K), 0.0040140 secs] [Times: user=0.02 sys=0.00, real=0.01 secs] 
402340.060: [GC 402340.060: [ParNew: 55113K->2651K(59008K), 0.0031650 secs] 262123K->209859K(517760K), 0.0032550 secs] [Times: user=0.01 sys=0.00, real=0.00 secs] 
402482.773: [GC 402482.773: [ParNew: 55131K->2670K(59008K), 0.0037600 secs] 262339K->210135K(517760K), 0.0038500 secs] [Times: user=0.03 sys=0.00, real=0.00 secs] 
402632.757: [GC 402632.757: [ParNew: 55150K->2567K(59008K), 0.0038660 secs] 262615K->210229K(517760K), 0.0039550 secs] [Times: user=0.02 sys=0.00, real=0.01 secs] 
402792.280: [GC 402792.280: [ParNew: 55047K->2554K(59008K), 0.0034800 secs] 262709K->210481K(517760K), 0.0035800 secs] [Times: user=0.02 sys=0.00, real=0.00 secs] 
402960.217: [GC 402960.217: [ParNew: 55034K->2626K(59008K), 0.0035400 secs] 262961K->210774K(517760K), 0.0036340 secs] [Times: user=0.02 sys=0.00, real=0.00 secs] 
403137.636: [GC 403137.636: [ParNew: 55048K->3086K(59008K), 0.0034590 secs] 263196K->211395K(517760K), 0.0035450 secs] [Times: user=0.01 sys=0.00, real=0.00 secs] 
403282.575: [GC 403282.575: [ParNew: 55566K->2230K(59008K), 0.0028950 secs] 263875K->210739K(517760K), 0.0029930 secs] [Times: user=0.01 sys=0.00, real=0.00 secs] 
403410.388: [GC 403410.388: [ParNew: 54710K->2712K(59008K), 0.0034490 secs] 263219K->211423K(517760K), 0.0035460 secs] [Times: user=0.02 sys=0.00, real=0.00 secs] 
403569.791: [GC 403569.791: [ParNew: 55192K->2585K(59008K), 0.0038100 secs] 263903K->211548K(517760K), 0.0039070 secs] [Times: user=0.02 sys=0.00, real=0.00 secs] 
403754.650: [GC 403754.650: [ParNew: 55065K->2569K(59008K), 0.0030670 secs] 264028K->211726K(517760K), 0.0031640 secs] [Times: user=0.01 sys=0.00, real=0.01 secs] 
403915.776: [GC 403915.776: [ParNew: 55049K->2778K(59008K), 0.0042500 secs] 264206K->212120K(517760K), 0.0043400 secs] [Times: user=0.02 sys=0.00, real=0.01 secs] 
404078.919: [GC 404078.919: [ParNew: 55258K->2307K(59008K), 0.0031450 secs] 264600K->211875K(517760K), 0.0032390 secs] [Times: user=0.02 sys=0.00, real=0.00 secs] 
404271.409: [GC 404271.410: [ParNew: 54787K->2279K(59008K), 0.0031230 secs] 264355K->212062K(517760K), 0.0032100 secs] [Times: user=0.01 sys=0.00, real=0.01 secs] 
404469.380: [GC 404469.380: [ParNew: 54759K->2455K(59008K), 0.0029410 secs] 264542K->212424K(517760K), 0.0030570 secs] [Times: user=0.01 sys=0.00, real=0.00 secs] 
404602.490: [GC 404602.490: [ParNew: 54935K->2450K(59008K), 0.0032950 secs] 264904K->212711K(517760K), 0.0033820 secs] [Times: user=0.02 sys=0.00, real=0.00 secs] 
404776.132: [GC 404776.132: [ParNew: 54930K->2373K(59008K), 0.0033680 secs] 265191K->212832K(517760K), 0.0034600 secs] [Times: user=0.02 sys=0.00, real=0.00 secs] 
404982.299: [GC 404982.299: [ParNew: 54853K->2757K(59008K), 0.0033730 secs] 265312K->213415K(517760K), 0.0034790 secs] [Times: user=0.01 sys=0.00, real=0.01 secs] 
405153.419: [GC 405153.419: [ParNew: 55237K->1804K(59008K), 0.0027840 secs] 265895K->212633K(517760K), 0.0028810 secs] [Times: user=0.02 sys=0.00, real=0.00 secs] 
405311.178: [GC 405311.178: [ParNew: 54284K->2213K(59008K), 0.0028800 secs] 265113K->213260K(517760K), 0.0029770 secs] [Times: user=0.01 sys=0.00, real=0.00 secs] 
405464.789: [GC 405464.789: [ParNew: 54693K->1832K(59008K), 0.0027930 secs] 265740K->213059K(517760K), 0.0028880 secs] [Times: user=0.01 sys=0.00, real=0.00 secs] 
405631.109: [GC 405631.109: [ParNew: 54312K->2227K(59008K), 0.0025390 secs] 265539K->213602K(517760K), 0.0026340 secs] [Times: user=0.02 sys=0.00, real=0.00 secs] 
405822.236: [GC 405822.236: [ParNew: 54707K->2331K(59008K), 0.0025600 secs] 266082K->213911K(517760K), 0.0026530 secs] [Times: user=0.02 sys=0.00, real=0.01 secs] 
405994.269: [GC 405994.269: [ParNew: 54811K->2407K(59008K), 0.0025870 secs] 266391K->214164K(517760K), 0.0026800 secs] [Times: user=0.02 sys=0.00, real=0.00 secs] 
406212.200: [GC 406212.200: [ParNew: 54887K->2398K(59008K), 0.0024550 secs] 266644K->214305K(517760K), 0.0025530 secs] [Times: user=0.01 sys=0.00, real=0.00 secs] 
406426.400: [GC 406426.400: [ParNew: 54878K->2191K(59008K), 0.0028900 secs] 266785K->214322K(517760K), 0.0029960 secs] [Times: user=0.01 sys=0.00, real=0.00 secs] 
406555.280: [GC 406555.280: [ParNew: 54671K->2183K(59008K), 0.0028620 secs] 266802K->214544K(517760K), 0.0029590 secs] [Times: user=0.01 sys=0.01, real=0.01 secs] 
406739.790: [GC 406739.790: [ParNew: 54663K->2069K(59008K), 0.0027240 secs] 267024K->214608K(517760K), 0.0028120 secs] [Times: user=0.02 sys=0.00, real=0.00 secs] 
406912.775: [GC 406912.775: [ParNew: 54549K->1988K(59008K), 0.0029840 secs] 267088K->214728K(517760K), 0.0030730 secs] [Times: user=0.02 sys=0.00, real=0.01 secs] 
407118.902: [GC 407118.902: [ParNew: 54468K->1894K(59008K), 0.0028930 secs] 267208K->214818K(517760K), 0.0029850 secs] [Times: user=0.01 sys=0.01, real=0.00 secs] 
407333.809: [GC 407333.809: [ParNew: 54374K->2023K(59008K), 0.0027070 secs] 267298K->215060K(517760K), 0.0028010 secs] [Times: user=0.02 sys=0.00, real=0.01 secs] 
407537.526: [GC 407537.526: [ParNew: 54503K->2193K(59008K), 0.0025760 secs] 267540K->215388K(517760K), 0.0026680 secs] [Times: user=0.02 sys=0.00, real=0.00 secs] 
407730.628: [GC 407730.628: [ParNew: 54673K->1840K(59008K), 0.0032250 secs] 267868K->215219K(517760K), 0.0033220 secs] [Times: user=0.02 sys=0.00, real=0.00 secs] 
407920.471: [GC 407920.471: [ParNew: 54320K->1972K(59008K), 0.0034590 secs] 267699K->215462K(517760K), 0.0035570 secs] [Times: user=0.01 sys=0.00, real=0.01 secs] 
408104.903: [GC 408104.903: [ParNew: 54452K->2034K(59008K), 0.0033620 secs] 267942K->215746K(517760K), 0.0034500 secs] [Times: user=0.02 sys=0.01, real=0.00 secs] 
408297.707: [GC 408297.707: [ParNew: 54514K->1827K(59008K), 0.0047840 secs] 268226K->215643K(517760K), 0.0049230 secs] [Times: user=0.02 sys=0.00, real=0.00 secs] 
408489.454: [GC 408489.454: [ParNew: 54307K->2055K(59008K), 0.0044700 secs] 268123K->216022K(517760K), 0.0045620 secs] [Times: user=0.01 sys=0.00, real=0.01 secs] 
408675.728: [GC 408675.728: [ParNew: 54535K->1981K(59008K), 0.0031530 secs] 268502K->216085K(517760K), 0.0032530 secs] [Times: user=0.01 sys=0.00, real=0.00 secs] 
408850.299: [GC 408850.299: [ParNew: 54461K->2023K(59008K), 0.0028920 secs] 268565K->216284K(517760K), 0.0029810 secs] [Times: user=0.02 sys=0.00, real=0.01 secs] 
409032.461: [GC 409032.461: [ParNew: 54503K->2386K(59008K), 0.0025780 secs] 268764K->216885K(517760K), 0.0026700 secs] [Times: user=0.02 sys=0.00, real=0.00 secs] 
409227.577: [GC 409227.577: [ParNew: 54866K->2338K(59008K), 0.0025280 secs] 269365K->216994K(517760K), 0.0026220 secs] [Times: user=0.01 sys=0.00, real=0.00 secs] 
409386.630: [GC 409386.630: [ParNew: 54818K->2341K(59008K), 0.0026890 secs] 269474K->217124K(517760K), 0.0027820 secs] [Times: user=0.02 sys=0.00, real=0.01 secs] 
409564.093: [GC 409564.093: [ParNew: 54821K->2387K(59008K), 0.0034910 secs] 269604K->217302K(517760K), 0.0035920 secs] [Times: user=0.01 sys=0.00, real=0.00 secs] 
409740.968: [GC 409740.968: [ParNew: 54867K->2452K(59008K), 0.0027150 secs] 269782K->217562K(517760K), 0.0028050 secs] [Times: user=0.02 sys=0.00, real=0.00 secs] 
409858.167: [GC 409858.167: [ParNew: 54932K->2438K(59008K), 0.0034470 secs] 270041K->217744K(517760K), 0.0035390 secs] [Times: user=0.01 sys=0.00, real=0.01 secs] 
410050.208: [GC 410050.208: [ParNew: 54918K->2065K(59008K), 0.0038060 secs] 270224K->217597K(517760K), 0.0039170 secs] [Times: user=0.01 sys=0.00, real=0.00 secs] 
410237.620: [GC 410237.620: [ParNew: 54545K->1972K(59008K), 0.0030440 secs] 270077K->217669K(517760K), 0.0031430 secs] [Times: user=0.02 sys=0.00, real=0.00 secs] 
410412.910: [GC 410412.910: [ParNew: 54452K->2321K(59008K), 0.0028680 secs] 270149K->218118K(517760K), 0.0029570 secs] [Times: user=0.02 sys=0.00, real=0.00 secs] 
410587.371: [GC 410587.371: [ParNew: 54801K->2071K(59008K), 0.0034730 secs] 270598K->218062K(517760K), 0.0035600 secs] [Times: user=0.01 sys=0.00, real=0.01 secs] 
410748.682: [GC 410748.682: [ParNew: 54551K->1995K(59008K), 0.0034380 secs] 270542K->218138K(517760K), 0.0035390 secs] [Times: user=0.01 sys=0.00, real=0.00 secs] 
410914.779: [GC 410914.779: [ParNew: 54475K->2382K(59008K), 0.0032860 secs] 270618K->218726K(517760K), 0.0033930 secs] [Times: user=0.01 sys=0.01, real=0.00 secs] 
411089.797: [GC 411089.797: [ParNew: 54862K->2230K(59008K), 0.0039460 secs] 271206K->218717K(517760K), 0.0040430 secs] [Times: user=0.02 sys=0.00, real=0.00 secs] 
411280.104: [GC 411280.104: [ParNew: 54710K->2044K(59008K), 0.0039810 secs] 271197K->218663K(517760K), 0.0040750 secs] [Times: user=0.01 sys=0.01, real=0.00 secs] 
411451.377: [GC 411451.377: [ParNew: 54524K->2477K(59008K), 0.0040480 secs] 271143K->219307K(517760K), 0.0041430 secs] [Times: user=0.01 sys=0.00, real=0.01 secs] 
411611.388: [GC 411611.388: [ParNew: 54956K->2058K(59008K), 0.0029400 secs] 271787K->219048K(517760K), 0.0030370 secs] [Times: user=0.01 sys=0.00, real=0.00 secs] 
411777.740: [GC 411777.740: [ParNew: 54517K->2113K(59008K), 0.0032220 secs] 271507K->219256K(517760K), 0.0033200 secs] [Times: user=0.01 sys=0.00, real=0.00 secs] 
411936.041: [GC 411936.041: [ParNew: 54593K->1971K(59008K), 0.0031030 secs] 271736K->219345K(517760K), 0.0031920 secs] [Times: user=0.02 sys=0.00, real=0.00 secs] 
412103.246: [GC 412103.246: [ParNew: 54451K->2027K(59008K), 0.0029260 secs] 271825K->219547K(517760K), 0.0030140 secs] [Times: user=0.02 sys=0.01, real=0.00 secs] 
412272.873: [GC 412272.873: [ParNew: 54507K->2019K(59008K), 0.0031670 secs] 272027K->219700K(517760K), 0.0032700 secs] [Times: user=0.02 sys=0.00, real=0.00 secs] 
412421.234: [GC 412421.234: [ParNew: 54499K->2026K(59008K), 0.0026530 secs] 272180K->219867K(517760K), 0.0027460 secs] [Times: user=0.01 sys=0.00, real=0.00 secs] 
412560.753: [GC 412560.753: [ParNew: 54506K->2301K(59008K), 0.0027460 secs] 272347K->220291K(517760K), 0.0028380 secs] [Times: user=0.01 sys=0.00, real=0.00 secs] 
412724.988: [GC 412724.988: [ParNew: 54781K->1947K(59008K), 0.0033870 secs] 272771K->220078K(517760K), 0.0034680 secs] [Times: user=0.02 sys=0.00, real=0.01 secs] 
412888.669: [GC 412888.669: [ParNew: 54427K->2057K(59008K), 0.0027170 secs] 272558K->220329K(517760K), 0.0028060 secs] [Times: user=0.02 sys=0.00, real=0.00 secs] 
413032.445: [GC 413032.445: [ParNew: 54537K->2035K(59008K), 0.0026140 secs] 272809K->220443K(517760K), 0.0027020 secs] [Times: user=0.02 sys=0.00, real=0.00 secs] 
413207.333: [GC 413207.333: [ParNew: 54515K->2111K(59008K), 0.0034630 secs] 272923K->220621K(517760K), 0.0035530 secs] [Times: user=0.01 sys=0.00, real=0.01 secs] 
413387.611: [GC 413387.611: [ParNew: 54591K->2033K(59008K), 0.0029890 secs] 273101K->220696K(517760K), 0.0030830 secs] [Times: user=0.01 sys=0.00, real=0.01 secs] 
413545.472: [GC 413545.472: [ParNew: 54513K->2176K(59008K), 0.0026510 secs] 273176K->220957K(517760K), 0.0027420 secs] [Times: user=0.02 sys=0.00, real=0.01 secs] 
413705.664: [GC 413705.664: [ParNew: 54656K->2576K(59008K), 0.0035170 secs] 273437K->221530K(517760K), 0.0036260 secs] [Times: user=0.02 sys=0.00, real=0.00 secs] 
413875.287: [GC 413875.287: [ParNew: 55056K->2101K(59008K), 0.0037040 secs] 274010K->221230K(517760K), 0.0037990 secs] [Times: user=0.02 sys=0.00, real=0.01 secs] 
414063.805: [GC 414063.805: [ParNew: 54581K->2370K(59008K), 0.0028430 secs] 273710K->221632K(517760K), 0.0029270 secs] [Times: user=0.01 sys=0.00, real=0.00 secs] 
414228.582: [GC 414228.582: [ParNew: 54850K->2016K(59008K), 0.0030190 secs] 274112K->221476K(517760K), 0.0031070 secs] [Times: user=0.02 sys=0.00, real=0.01 secs] 
414386.450: [GC 414386.450: [ParNew: 54496K->2604K(59008K), 0.0029100 secs] 273956K->222273K(517760K), 0.0030140 secs] [Times: user=0.02 sys=0.00, real=0.01 secs] 
414551.759: [GC 414551.759: [ParNew: 55084K->1856K(59008K), 0.0027680 secs] 274753K->221681K(517760K), 0.0028630 secs] [Times: user=0.02 sys=0.00, real=0.01 secs] 
414734.112: [GC 414734.112: [ParNew: 54336K->1836K(59008K), 0.0039490 secs] 274161K->221813K(517760K), 0.0040540 secs] [Times: user=0.01 sys=0.00, real=0.01 secs] 
414939.697: [GC 414939.698: [ParNew: 54316K->1824K(59008K), 0.0051210 secs] 274293K->221944K(517760K), 0.0052150 secs] [Times: user=0.01 sys=0.00, real=0.01 secs] 
415159.384: [GC 415159.384: [ParNew: 54304K->1989K(59008K), 0.0041940 secs] 274424K->222321K(517760K), 0.0042810 secs] [Times: user=0.02 sys=0.00, real=0.00 secs] 
415306.002: [GC 415306.002: [ParNew: 54469K->2658K(59008K), 0.0055530 secs] 274801K->223160K(517760K), 0.0056750 secs] [Times: user=0.01 sys=0.00, real=0.00 secs] 
415479.659: [GC 415479.659: [ParNew: 55138K->1785K(59008K), 0.0046160 secs] 275640K->222407K(517760K), 0.0047090 secs] [Times: user=0.01 sys=0.00, real=0.00 secs] 
415671.025: [GC 415671.025: [ParNew: 54265K->2176K(59008K), 0.0052540 secs] 274887K->223013K(517760K), 0.0053430 secs] [Times: user=0.01 sys=0.01, real=0.00 secs] 
415887.580: [GC 415887.580: [ParNew: 54656K->1961K(59008K), 0.0030110 secs] 275493K->222951K(517760K), 0.0031120 secs] [Times: user=0.01 sys=0.01, real=0.00 secs] 
416086.136: [GC 416086.136: [ParNew: 54441K->2394K(59008K), 0.0029880 secs] 275431K->223534K(517760K), 0.0030830 secs] [Times: user=0.02 sys=0.00, real=0.01 secs] 
416273.680: [GC 416273.680: [ParNew: 54874K->2239K(59008K), 0.0032770 secs] 276014K->223550K(517760K), 0.0033930 secs] [Times: user=0.02 sys=0.00, real=0.01 secs] 
416470.642: [GC 416470.642: [ParNew: 54719K->2005K(59008K), 0.0038370 secs] 276030K->223524K(517760K), 0.0039270 secs] [Times: user=0.02 sys=0.00, real=0.00 secs] 
416649.174: [GC 416649.174: [ParNew: 54485K->2085K(59008K), 0.0028500 secs] 276004K->223762K(517760K), 0.0029430 secs] [Times: user=0.02 sys=0.00, real=0.00 secs] 
416865.144: [GC 416865.144: [ParNew: 54565K->2253K(59008K), 0.0040660 secs] 276242K->224056K(517760K), 0.0041670 secs] [Times: user=0.01 sys=0.00, real=0.01 secs] 
417098.983: [GC 417098.983: [ParNew: 54733K->2038K(59008K), 0.0029830 secs] 276536K->223993K(517760K), 0.0030790 secs] [Times: user=0.01 sys=0.00, real=0.01 secs] 
417333.678: [GC 417333.678: [ParNew: 54518K->2103K(59008K), 0.0026300 secs] 276473K->224211K(517760K), 0.0027300 secs] [Times: user=0.02 sys=0.00, real=0.00 secs] 
417532.212: [GC 417532.212: [ParNew: 54583K->1988K(59008K), 0.0026210 secs] 276691K->224287K(517760K), 0.0027130 secs] [Times: user=0.01 sys=0.00, real=0.00 secs] 
417719.477: [GC 417719.477: [ParNew: 54468K->2063K(59008K), 0.0034200 secs] 276767K->224553K(517760K), 0.0035070 secs] [Times: user=0.02 sys=0.00, real=0.00 secs] 
417927.807: [GC 417927.807: [ParNew: 54537K->1898K(59008K), 0.0029320 secs] 277027K->224624K(517760K), 0.0030250 secs] [Times: user=0.02 sys=0.00, real=0.00 secs] 
418153.775: [GC 418153.776: [ParNew: 54378K->1987K(59008K), 0.0033790 secs] 277104K->224835K(517760K), 0.0034760 secs] [Times: user=0.02 sys=0.00, real=0.00 secs] 
418373.878: [GC 418373.878: [ParNew: 54467K->1818K(59008K), 0.0041940 secs] 277315K->224754K(517760K), 0.0042890 secs] [Times: user=0.01 sys=0.00, real=0.00 secs] 
418629.421: [GC 418629.421: [ParNew: 54298K->2430K(59008K), 0.0057430 secs] 277234K->225587K(517760K), 0.0058600 secs] [Times: user=0.01 sys=0.01, real=0.01 secs] 
418855.735: [GC 418855.735: [ParNew: 54910K->1920K(59008K), 0.0040190 secs] 278067K->225280K(517760K), 0.0041040 secs] [Times: user=0.02 sys=0.00, real=0.00 secs] 
419104.629: [GC 419104.629: [ParNew: 54400K->1655K(59008K), 0.0036710 secs] 277760K->225137K(517760K), 0.0037600 secs] [Times: user=0.01 sys=0.00, real=0.01 secs] 
419356.826: [GC 419356.826: [ParNew: 54135K->1955K(59008K), 0.0028840 secs] 277617K->225651K(517760K), 0.0029760 secs] [Times: user=0.02 sys=0.00, real=0.01 secs] 
419612.747: [GC 419612.747: [ParNew: 54435K->1592K(59008K), 0.0043740 secs] 278131K->225467K(517760K), 0.0044610 secs] [Times: user=0.01 sys=0.00, real=0.00 secs] 
419873.712: [GC 419873.712: [ParNew: 54072K->1875K(59008K), 0.0034460 secs] 277947K->225916K(517760K), 0.0035410 secs] [Times: user=0.02 sys=0.00, real=0.00 secs] 
420166.124: [GC 420166.124: [ParNew: 54355K->1567K(59008K), 0.0034110 secs] 278396K->225755K(517760K), 0.0035170 secs] [Times: user=0.01 sys=0.01, real=0.00 secs] 
420471.889: [GC 420471.889: [ParNew: 54047K->1768K(59008K), 0.0033560 secs] 278235K->226174K(517760K), 0.0034650 secs] [Times: user=0.01 sys=0.00, real=0.01 secs] 
420772.283: [GC 420772.283: [ParNew: 54248K->1509K(59008K), 0.0025020 secs] 278654K->226113K(517760K), 0.0025940 secs] [Times: user=0.02 sys=0.01, real=0.00 secs] 
421061.297: [GC 421061.297: [ParNew: 53989K->1396K(59008K), 0.0041670 secs] 278593K->226150K(517760K), 0.0042640 secs] [Times: user=0.01 sys=0.00, real=0.00 secs] 
421402.223: [GC 421402.223: [ParNew: 53876K->1893K(59008K), 0.0032560 secs] 278630K->226787K(517760K), 0.0033600 secs] [Times: user=0.01 sys=0.00, real=0.00 secs] 
421731.522: [GC 421731.522: [ParNew: 54373K->1665K(59008K), 0.0029610 secs] 279267K->226679K(517760K), 0.0030500 secs] [Times: user=0.02 sys=0.00, real=0.01 secs] 
422097.835: [GC 422097.835: [ParNew: 54076K->1523K(59008K), 0.0026200 secs] 279091K->226725K(517760K), 0.0027140 secs] [Times: user=0.02 sys=0.00, real=0.01 secs] 
422443.544: [GC 422443.544: [ParNew: 54003K->1534K(59008K), 0.0031250 secs] 279205K->226936K(517760K), 0.0032220 secs] [Times: user=0.02 sys=0.00, real=0.00 secs] 
422817.155: [GC 422817.155: [ParNew: 54014K->1190K(59008K), 0.0028060 secs] 279416K->226740K(517760K), 0.0029120 secs] [Times: user=0.02 sys=0.00, real=0.00 secs] 
423195.434: [GC 423195.434: [ParNew: 53670K->1311K(59008K), 0.0026010 secs] 279220K->227038K(517760K), 0.0026940 secs] [Times: user=0.01 sys=0.00, real=0.00 secs] 
423550.139: [GC 423550.139: [ParNew: 53791K->1135K(59008K), 0.0024960 secs] 279518K->226971K(517760K), 0.0025930 secs] [Times: user=0.01 sys=0.00, real=0.00 secs] 
423914.675: [GC 423914.675: [ParNew: 53614K->1301K(59008K), 0.0032980 secs] 279449K->227248K(517760K), 0.0033830 secs] [Times: user=0.01 sys=0.00, real=0.01 secs] 
424311.094: [GC 424311.094: [ParNew: 53781K->1359K(59008K), 0.0023200 secs] 279728K->227451K(517760K), 0.0024080 secs] [Times: user=0.01 sys=0.00, real=0.01 secs] 
424621.464: [GC 424621.464: [ParNew: 53839K->1048K(59008K), 0.0031320 secs] 279931K->227213K(517760K), 0.0032210 secs] [Times: user=0.01 sys=0.00, real=0.00 secs] 
424929.101: [GC 424929.101: [ParNew: 53528K->1093K(59008K), 0.0024250 secs] 279693K->227388K(517760K), 0.0025170 secs] [Times: user=0.02 sys=0.00, real=0.01 secs] 
425269.554: [GC 425269.554: [ParNew: 53573K->1248K(59008K), 0.0025270 secs] 279868K->227603K(517760K), 0.0026210 secs] [Times: user=0.02 sys=0.00, real=0.00 secs] 
425642.355: [GC 425642.355: [ParNew: 53728K->1187K(59008K), 0.0032190 secs] 280083K->227592K(517760K), 0.0033270 secs] [Times: user=0.01 sys=0.00, real=0.00 secs] 
425980.967: [GC 425980.967: [ParNew: 53667K->1411K(59008K), 0.0026500 secs] 280072K->228000K(517760K), 0.0027380 secs] [Times: user=0.02 sys=0.00, real=0.00 secs] 
426312.530: [GC 426312.530: [ParNew: 53891K->1117K(59008K), 0.0029920 secs] 280480K->227808K(517760K), 0.0030970 secs] [Times: user=0.01 sys=0.00, real=0.01 secs] 
426595.928: [GC 426595.928: [ParNew: 53597K->1130K(59008K), 0.0034810 secs] 280288K->227908K(517760K), 0.0035680 secs] [Times: user=0.01 sys=0.00, real=0.00 secs] 
426921.280: [GC 426921.280: [ParNew: 53610K->1246K(59008K), 0.0024330 secs] 280388K->228130K(517760K), 0.0025280 secs] [Times: user=0.01 sys=0.00, real=0.01 secs] 
427254.728: [GC 427254.728: [ParNew: 53726K->1516K(59008K), 0.0029570 secs] 280610K->228489K(517760K), 0.0030470 secs] [Times: user=0.02 sys=0.00, real=0.00 secs] 
427551.121: [GC 427551.121: [ParNew: 53996K->1290K(59008K), 0.0023570 secs] 280969K->228382K(517760K), 0.0024540 secs] [Times: user=0.02 sys=0.00, real=0.00 secs] 
427869.077: [GC 427869.077: [ParNew: 53770K->1360K(59008K), 0.0024810 secs] 280862K->228594K(517760K), 0.0025690 secs] [Times: user=0.02 sys=0.00, real=0.00 secs] 
428159.809: [GC 428159.809: [ParNew: 53840K->1544K(59008K), 0.0027990 secs] 281074K->228862K(517760K), 0.0028970 secs] [Times: user=0.02 sys=0.00, real=0.00 secs] 
428479.805: [GC 428479.805: [ParNew: 54024K->1553K(59008K), 0.0028730 secs] 281342K->228935K(517760K), 0.0029680 secs] [Times: user=0.01 sys=0.00, real=0.01 secs] 
428824.324: [GC 428824.324: [ParNew: 54033K->1349K(59008K), 0.0026340 secs] 281415K->228838K(517760K), 0.0027220 secs] [Times: user=0.02 sys=0.00, real=0.00 secs] 
429137.093: [GC 429137.093: [ParNew: 53829K->1390K(59008K), 0.0024810 secs] 281318K->228951K(517760K), 0.0025710 secs] [Times: user=0.02 sys=0.00, real=0.00 secs] 
429399.407: [GC 429399.407: [ParNew: 53870K->1498K(59008K), 0.0025130 secs] 281431K->229172K(517760K), 0.0026020 secs] [Times: user=0.01 sys=0.00, real=0.00 secs] 
429727.837: [GC 429727.837: [ParNew: 53978K->1339K(59008K), 0.0024490 secs] 281652K->229094K(517760K), 0.0025410 secs] [Times: user=0.02 sys=0.00, real=0.00 secs] 
430071.748: [GC 430071.748: [ParNew: 53819K->1458K(59008K), 0.0030200 secs] 281574K->229366K(517760K), 0.0031160 secs] [Times: user=0.02 sys=0.00, real=0.00 secs] 
430365.963: [GC 430365.963: [ParNew: 53938K->1188K(59008K), 0.0022820 secs] 281846K->229208K(517760K), 0.0023760 secs] [Times: user=0.01 sys=0.00, real=0.00 secs] 
430685.060: [GC 430685.060: [ParNew: 53668K->1382K(59008K), 0.0021970 secs] 281688K->229527K(517760K), 0.0022900 secs] [Times: user=0.02 sys=0.00, real=0.00 secs] 
431009.487: [GC 431009.487: [ParNew: 53862K->1242K(59008K), 0.0023500 secs] 282007K->229459K(517760K), 0.0024410 secs] [Times: user=0.02 sys=0.00, real=0.00 secs] 
431309.899: [GC 431309.899: [ParNew: 53722K->1581K(59008K), 0.0022530 secs] 281939K->229848K(517760K), 0.0023430 secs] [Times: user=0.01 sys=0.00, real=0.00 secs] 
431598.231: [GC 431598.231: [ParNew: 54061K->1467K(59008K), 0.0023450 secs] 282328K->229853K(517760K), 0.0024420 secs] [Times: user=0.01 sys=0.00, real=0.00 secs] 
431914.629: [GC 431914.629: [ParNew: 53947K->1210K(59008K), 0.0023430 secs] 282333K->229718K(517760K), 0.0024340 secs] [Times: user=0.01 sys=0.00, real=0.00 secs] 
432231.044: [GC 432231.045: [ParNew: 53690K->1458K(59008K), 0.0023460 secs] 282198K->230028K(517760K), 0.0024360 secs] [Times: user=0.02 sys=0.00, real=0.00 secs] 
432539.929: [GC 432539.929: [ParNew: 53925K->1302K(59008K), 0.0023080 secs] 282495K->229995K(517760K), 0.0023970 secs] [Times: user=0.02 sys=0.01, real=0.01 secs] 
432863.907: [GC 432863.908: [ParNew: 53782K->1408K(59008K), 0.0021260 secs] 282475K->230165K(517760K), 0.0022160 secs] [Times: user=0.01 sys=0.00, real=0.01 secs] 
433138.008: [GC 433138.008: [ParNew: 53882K->1365K(59008K), 0.0022890 secs] 282639K->230202K(517760K), 0.0023830 secs] [Times: user=0.02 sys=0.00, real=0.00 secs] 
433445.743: [GC 433445.743: [ParNew: 53845K->1374K(59008K), 0.0023750 secs] 282682K->230324K(517760K), 0.0024710 secs] [Times: user=0.01 sys=0.00, real=0.00 secs] 
433752.943: [GC 433752.943: [ParNew: 53854K->1349K(59008K), 0.0042750 secs] 282804K->230390K(517760K), 0.0043650 secs] [Times: user=0.01 sys=0.00, real=0.00 secs] 
434068.931: [GC 434068.931: [ParNew: 53829K->1196K(59008K), 0.0028170 secs] 282870K->230321K(517760K), 0.0029080 secs] [Times: user=0.02 sys=0.00, real=0.00 secs] 
434415.425: [GC 434415.425: [ParNew: 53676K->1172K(59008K), 0.0025050 secs] 282801K->230397K(517760K), 0.0025990 secs] [Times: user=0.02 sys=0.00, real=0.00 secs] 
434712.341: [GC 434712.341: [ParNew: 53652K->1283K(59008K), 0.0023780 secs] 282877K->230585K(517760K), 0.0024670 secs] [Times: user=0.02 sys=0.00, real=0.00 secs] 
435084.825: [GC 435084.825: [ParNew: 53763K->1252K(59008K), 0.0022680 secs] 283065K->230684K(517760K), 0.0023630 secs] [Times: user=0.01 sys=0.00, real=0.01 secs] 
435084.829: [GC [1 CMS-initial-mark: 229432K(458752K)] 231234K(517760K), 0.0035710 secs] [Times: user=0.00 sys=0.01, real=0.00 secs] 
435084.833: [CMS-concurrent-mark-start]
435084.915: [CMS-concurrent-mark: 0.079/0.082 secs] [Times: user=0.16 sys=0.02, real=0.08 secs] 
435084.915: [CMS-concurrent-preclean-start]
435084.921: [CMS-concurrent-preclean: 0.005/0.006 secs] [Times: user=0.00 sys=0.00, real=0.01 secs] 
435084.921: [GC[YG occupancy: 1804 K (59008 K)]435084.921: [Rescan (parallel) , 0.0010050 secs]435084.922: [weak refs processing, 0.0033750 secs] [1 CMS-remark: 229432K(458752K)] 231236K(517760K), 0.0047480 secs] [Times: user=0.01 sys=0.00, real=0.00 secs] 
435084.926: [CMS-concurrent-sweep-start]
435085.015: [CMS-concurrent-sweep: 0.087/0.089 secs] [Times: user=0.10 sys=0.00, real=0.09 secs] 
435085.015: [CMS-concurrent-reset-start]
435085.024: [CMS-concurrent-reset: 0.009/0.009 secs] [Times: user=0.00 sys=0.01, real=0.01 secs] 
435487.314: [GC 435487.315: [ParNew: 53732K->1225K(59008K), 0.0027260 secs] 85667K->33238K(517760K), 0.0028220 secs] [Times: user=0.02 sys=0.00, real=0.00 secs] 
435833.781: [GC 435833.781: [ParNew: 53705K->1211K(59008K), 0.0021580 secs] 85718K->33322K(517760K), 0.0022500 secs] [Times: user=0.02 sys=0.00, real=0.00 secs] 
436192.226: [GC 436192.227: [ParNew: 53691K->1192K(59008K), 0.0023950 secs] 85802K->33431K(517760K), 0.0025110 secs] [Times: user=0.01 sys=0.00, real=0.00 secs] 
436611.233: [GC 436611.233: [ParNew: 53672K->974K(59008K), 0.0021480 secs] 85911K->33331K(517760K), 0.0022370 secs] [Times: user=0.02 sys=0.00, real=0.00 secs] 
436984.756: [GC 436984.756: [ParNew: 53454K->1246K(59008K), 0.0021870 secs] 85811K->33671K(517760K), 0.0022780 secs] [Times: user=0.02 sys=0.00, real=0.01 secs] 
437388.230: [GC 437388.230: [ParNew: 53726K->951K(59008K), 0.0020210 secs] 86151K->33463K(517760K), 0.0021150 secs] [Times: user=0.01 sys=0.00, real=0.00 secs] 
437766.524: [GC 437766.525: [ParNew: 53431K->1105K(59008K), 0.0023320 secs] 85943K->33733K(517760K), 0.0024240 secs] [Times: user=0.02 sys=0.00, real=0.00 secs] 
438111.983: [GC 438111.983: [ParNew: 53585K->983K(59008K), 0.0021990 secs] 86213K->33679K(517760K), 0.0022880 secs] [Times: user=0.01 sys=0.00, real=0.00 secs] 
438424.023: [GC 438424.023: [ParNew: 53463K->960K(59008K), 0.0032330 secs] 86159K->33750K(517760K), 0.0033510 secs] [Times: user=0.01 sys=0.00, real=0.00 secs] 
438753.874: [GC 438753.874: [ParNew: 53440K->1114K(59008K), 0.0023770 secs] 86230K->33937K(517760K), 0.0024710 secs] [Times: user=0.01 sys=0.00, real=0.00 secs] 
439083.844: [GC 439083.844: [ParNew: 53594K->1182K(59008K), 0.0022370 secs] 86417K->34056K(517760K), 0.0023260 secs] [Times: user=0.01 sys=0.00, real=0.00 secs] 
439420.393: [GC 439420.393: [ParNew: 53662K->1131K(59008K), 0.0024480 secs] 86536K->34091K(517760K), 0.0025390 secs] [Times: user=0.01 sys=0.00, real=0.00 secs] 
439799.778: [GC 439799.778: [ParNew: 53611K->1072K(59008K), 0.0030760 secs] 86571K->34178K(517760K), 0.0031740 secs] [Times: user=0.02 sys=0.00, real=0.00 secs] 
440132.640: [GC 440132.640: [ParNew: 53552K->1067K(59008K), 0.0030910 secs] 86658K->34267K(517760K), 0.0032020 secs] [Times: user=0.01 sys=0.00, real=0.01 secs] 
440485.637: [GC 440485.637: [ParNew: 53547K->976K(59008K), 0.0026140 secs] 86747K->34333K(517760K), 0.0027270 secs] [Times: user=0.02 sys=0.00, real=0.00 secs] 
440852.148: [GC 440852.148: [ParNew: 53456K->989K(59008K), 0.0031640 secs] 86813K->34462K(517760K), 0.0032520 secs] [Times: user=0.01 sys=0.00, real=0.00 secs] 
441220.985: [GC 441220.985: [ParNew: 53469K->1025K(59008K), 0.0027530 secs] 86942K->34596K(517760K), 0.0028390 secs] [Times: user=0.01 sys=0.00, real=0.00 secs] 
441576.141: [GC 441576.142: [ParNew: 53505K->1060K(59008K), 0.0025990 secs] 87076K->34737K(517760K), 0.0026940 secs] [Times: user=0.01 sys=0.00, real=0.01 secs] 
442011.252: [GC 442011.252: [ParNew: 53540K->965K(59008K), 0.0020920 secs] 87217K->34740K(517760K), 0.0021790 secs] [Times: user=0.01 sys=0.01, real=0.00 secs] 
442387.623: [GC 442387.623: [ParNew: 53445K->975K(59008K), 0.0021770 secs] 87220K->34832K(517760K), 0.0022680 secs] [Times: user=0.02 sys=0.00, real=0.01 secs] 
442759.305: [GC 442759.305: [ParNew: 53455K->876K(59008K), 0.0024240 secs] 87312K->34834K(517760K), 0.0025200 secs] [Times: user=0.02 sys=0.00, real=0.01 secs] 
443139.408: [GC 443139.408: [ParNew: 53356K->885K(59008K), 0.0023140 secs] 87314K->34929K(517760K), 0.0024100 secs] [Times: user=0.01 sys=0.00, real=0.00 secs] 
443470.039: [GC 443470.039: [ParNew: 53365K->954K(59008K), 0.0023780 secs] 87409K->35046K(517760K), 0.0024710 secs] [Times: user=0.01 sys=0.00, real=0.00 secs] 
443816.308: [GC 443816.309: [ParNew: 53434K->1103K(59008K), 0.0024100 secs] 87526K->35285K(517760K), 0.0025010 secs] [Times: user=0.01 sys=0.00, real=0.00 secs] 
444206.953: [GC 444206.953: [ParNew: 53583K->1093K(59008K), 0.0024250 secs] 87765K->35334K(517760K), 0.0025120 secs] [Times: user=0.02 sys=0.00, real=0.01 secs] 
444579.473: [GC 444579.473: [ParNew: 53567K->791K(59008K), 0.0031490 secs] 87808K->35099K(517760K), 0.0032360 secs] [Times: user=0.01 sys=0.00, real=0.01 secs] 
444924.965: [GC 444924.965: [ParNew: 53271K->953K(59008K), 0.0028770 secs] 87579K->35324K(517760K), 0.0029740 secs] [Times: user=0.02 sys=0.00, real=0.00 secs] 
445267.883: [GC 445267.883: [ParNew: 53433K->980K(59008K), 0.0022180 secs] 87804K->35452K(517760K), 0.0023050 secs] [Times: user=0.01 sys=0.00, real=0.01 secs] 
445618.016: [GC 445618.016: [ParNew: 53447K->981K(59008K), 0.0022590 secs] 87919K->35551K(517760K), 0.0023470 secs] [Times: user=0.01 sys=0.00, real=0.00 secs] 
446006.856: [GC 446006.856: [ParNew: 53461K->1039K(59008K), 0.0020730 secs] 88031K->35641K(517760K), 0.0021650 secs] [Times: user=0.01 sys=0.00, real=0.01 secs] 
446327.277: [GC 446327.277: [ParNew: 53519K->1172K(59008K), 0.0027470 secs] 88121K->35862K(517760K), 0.0028410 secs] [Times: user=0.02 sys=0.00, real=0.00 secs] 
446657.713: [GC 446657.713: [ParNew: 53652K->971K(59008K), 0.0023510 secs] 88342K->35747K(517760K), 0.0024440 secs] [Times: user=0.02 sys=0.00, real=0.00 secs] 
447015.743: [GC 447015.743: [ParNew: 53444K->1199K(59008K), 0.0027870 secs] 88219K->36088K(517760K), 0.0028750 secs] [Times: user=0.01 sys=0.00, real=0.01 secs] 
447356.590: [GC 447356.590: [ParNew: 53621K->1143K(59008K), 0.0023110 secs] 88510K->36106K(517760K), 0.0024040 secs] [Times: user=0.02 sys=0.00, real=0.01 secs] 
447705.061: [GC 447705.061: [ParNew: 53623K->1338K(59008K), 0.0022960 secs] 88586K->36445K(517760K), 0.0023920 secs] [Times: user=0.02 sys=0.00, real=0.00 secs] 
448017.994: [GC 448017.994: [ParNew: 53815K->1443K(59008K), 0.0024210 secs] 88922K->36631K(517760K), 0.0025120 secs] [Times: user=0.01 sys=0.00, real=0.01 secs] 
448355.378: [GC 448355.378: [ParNew: 53923K->1604K(59008K), 0.0023210 secs] 89111K->36909K(517760K), 0.0024150 secs] [Times: user=0.02 sys=0.00, real=0.01 secs] 
448684.310: [GC 448684.310: [ParNew: 54084K->1225K(59008K), 0.0030670 secs] 89389K->36663K(517760K), 0.0031600 secs] [Times: user=0.02 sys=0.00, real=0.00 secs] 
449018.771: [GC 449018.771: [ParNew: 53705K->1284K(59008K), 0.0029940 secs] 89143K->36834K(517760K), 0.0030870 secs] [Times: user=0.01 sys=0.00, real=0.01 secs] 
449344.020: [GC 449344.020: [ParNew: 53764K->1487K(59008K), 0.0026150 secs] 89314K->37154K(517760K), 0.0026990 secs] [Times: user=0.01 sys=0.00, real=0.00 secs] 
449683.621: [GC 449683.621: [ParNew: 53967K->1246K(59008K), 0.0024300 secs] 89634K->36974K(517760K), 0.0025190 secs] [Times: user=0.01 sys=0.00, real=0.00 secs] 
450022.920: [GC 450022.920: [ParNew: 53630K->1517K(59008K), 0.0045140 secs] 89358K->37358K(517760K), 0.0046550 secs] [Times: user=0.01 sys=0.00, real=0.01 secs] 
450308.405: [GC 450308.405: [ParNew: 53997K->1460K(59008K), 0.0026500 secs] 89838K->37441K(517760K), 0.0027370 secs] [Times: user=0.01 sys=0.00, real=0.00 secs] 
450619.844: [GC 450619.844: [ParNew: 53940K->1344K(59008K), 0.0026650 secs] 89921K->37442K(517760K), 0.0027530 secs] [Times: user=0.01 sys=0.00, real=0.00 secs] 
451003.617: [GC 451003.617: [ParNew: 53824K->1127K(59008K), 0.0030780 secs] 89922K->37345K(517760K), 0.0031710 secs] [Times: user=0.01 sys=0.00, real=0.00 secs] 
451387.812: [GC 451387.812: [ParNew: 53607K->1300K(59008K), 0.0024720 secs] 89825K->37660K(517760K), 0.0025650 secs] [Times: user=0.01 sys=0.00, real=0.00 secs] 
451768.323: [GC 451768.323: [ParNew: 53780K->1466K(59008K), 0.0032980 secs] 90140K->37999K(517760K), 0.0033890 secs] [Times: user=0.01 sys=0.00, real=0.00 secs] 
452072.702: [GC 452072.702: [ParNew: 53946K->1130K(59008K), 0.0030450 secs] 90479K->37797K(517760K), 0.0031390 secs] [Times: user=0.02 sys=0.00, real=0.00 secs] 
452396.493: [GC 452396.493: [ParNew: 53610K->1327K(59008K), 0.0050180 secs] 90277K->38112K(517760K), 0.0051110 secs] [Times: user=0.01 sys=0.00, real=0.01 secs] 
452685.486: [GC 452685.486: [ParNew: 53807K->1293K(59008K), 0.0032140 secs] 90592K->38192K(517760K), 0.0033170 secs] [Times: user=0.01 sys=0.00, real=0.01 secs] 
453015.872: [GC 453015.872: [ParNew: 53773K->1602K(59008K), 0.0039320 secs] 90672K->38564K(517760K), 0.0040320 secs] [Times: user=0.01 sys=0.00, real=0.01 secs] 
453292.221: [GC 453292.221: [ParNew: 54082K->1752K(59008K), 0.0029620 secs] 91044K->38889K(517760K), 0.0030550 secs] [Times: user=0.01 sys=0.00, real=0.00 secs] 
453583.450: [GC 453583.451: [ParNew: 54232K->1720K(59008K), 0.0041530 secs] 91369K->38993K(517760K), 0.0042420 secs] [Times: user=0.02 sys=0.00, real=0.01 secs] 
453819.818: [GC 453819.818: [ParNew: 54200K->1853K(59008K), 0.0048390 secs] 91473K->39325K(517760K), 0.0049380 secs] [Times: user=0.01 sys=0.00, real=0.01 secs] 
454065.384: [GC 454065.384: [ParNew: 54333K->1849K(59008K), 0.0057650 secs] 91805K->39453K(517760K), 0.0058510 secs] [Times: user=0.01 sys=0.00, real=0.01 secs] 
454307.478: [GC 454307.478: [ParNew: 54329K->2144K(59008K), 0.0036040 secs] 91933K->39944K(517760K), 0.0036970 secs] [Times: user=0.02 sys=0.00, real=0.00 secs] 
454595.420: [GC 454595.420: [ParNew: 54624K->1993K(59008K), 0.0033160 secs] 92424K->39959K(517760K), 0.0034110 secs] [Times: user=0.02 sys=0.00, real=0.00 secs] 
454866.627: [GC 454866.627: [ParNew: 54473K->2044K(59008K), 0.0035590 secs] 92439K->40200K(517760K), 0.0036660 secs] [Times: user=0.01 sys=0.00, real=0.00 secs] 
455109.075: [GC 455109.075: [ParNew: 54524K->2218K(59008K), 0.0047300 secs] 92680K->40585K(517760K), 0.0048210 secs] [Times: user=0.01 sys=0.00, real=0.00 secs] 
455324.932: [GC 455324.933: [ParNew: 54698K->1781K(59008K), 0.0036070 secs] 93065K->40293K(517760K), 0.0037040 secs] [Times: user=0.02 sys=0.00, real=0.00 secs] 
455529.606: [GC 455529.606: [ParNew: 54261K->1907K(59008K), 0.0029180 secs] 92773K->40684K(517760K), 0.0030150 secs] [Times: user=0.01 sys=0.00, real=0.00 secs] 
455760.925: [GC 455760.925: [ParNew: 54387K->2084K(59008K), 0.0027910 secs] 93164K->40980K(517760K), 0.0028850 secs] [Times: user=0.02 sys=0.00, real=0.00 secs] 
455995.759: [GC 455995.759: [ParNew: 54564K->2783K(59008K), 0.0032520 secs] 93460K->41823K(517760K), 0.0033490 secs] [Times: user=0.01 sys=0.00, real=0.00 secs] 
456255.381: [GC 456255.381: [ParNew: 55263K->1787K(59008K), 0.0030170 secs] 94303K->41000K(517760K), 0.0031120 secs] [Times: user=0.02 sys=0.00, real=0.00 secs] 
456490.513: [GC 456490.513: [ParNew: 54267K->1884K(59008K), 0.0036440 secs] 93480K->41282K(517760K), 0.0037520 secs] [Times: user=0.02 sys=0.00, real=0.00 secs] 
456700.637: [GC 456700.637: [ParNew: 54364K->2453K(59008K), 0.0050120 secs] 93762K->42034K(517760K), 0.0051060 secs] [Times: user=0.02 sys=0.00, real=0.01 secs] 
456910.744: [GC 456910.744: [ParNew: 54933K->2155K(59008K), 0.0046640 secs] 94514K->41928K(517760K), 0.0047540 secs] [Times: user=0.01 sys=0.00, real=0.00 secs] 
457115.158: [GC 457115.158: [ParNew: 54635K->2430K(59008K), 0.0032530 secs] 94408K->42358K(517760K), 0.0033480 secs] [Times: user=0.01 sys=0.00, real=0.00 secs] 
457341.819: [GC 457341.819: [ParNew: 54910K->2486K(59008K), 0.0037310 secs] 94838K->42591K(517760K), 0.0038370 secs] [Times: user=0.01 sys=0.00, real=0.00 secs] 
457560.167: [GC 457560.167: [ParNew: 54966K->2283K(59008K), 0.0032540 secs] 95071K->42640K(517760K), 0.0033440 secs] [Times: user=0.02 sys=0.00, real=0.01 secs] 
457783.302: [GC 457783.302: [ParNew: 54763K->2431K(59008K), 0.0037390 secs] 95120K->43014K(517760K), 0.0038220 secs] [Times: user=0.01 sys=0.00, real=0.00 secs] 
458034.266: [GC 458034.266: [ParNew: 54911K->2389K(59008K), 0.0033670 secs] 95494K->43233K(517760K), 0.0034640 secs] [Times: user=0.01 sys=0.00, real=0.00 secs] 
458268.273: [GC 458268.273: [ParNew: 54869K->2174K(59008K), 0.0030980 secs] 95713K->43201K(517760K), 0.0031840 secs] [Times: user=0.01 sys=0.00, real=0.01 secs] 
458502.639: [GC 458502.639: [ParNew: 54654K->2280K(59008K), 0.0028500 secs] 95681K->43540K(517760K), 0.0029530 secs] [Times: user=0.02 sys=0.00, real=0.00 secs] 
458716.416: [GC 458716.416: [ParNew: 54760K->2408K(59008K), 0.0030750 secs] 96020K->43854K(517760K), 0.0031820 secs] [Times: user=0.01 sys=0.00, real=0.00 secs] 
458953.143: [GC 458953.143: [ParNew: 54888K->2290K(59008K), 0.0029260 secs] 96334K->43913K(517760K), 0.0030170 secs] [Times: user=0.01 sys=0.00, real=0.01 secs] 
459155.370: [GC 459155.370: [ParNew: 54770K->2240K(59008K), 0.0025420 secs] 96393K->44054K(517760K), 0.0026330 secs] [Times: user=0.02 sys=0.00, real=0.00 secs] 
459358.161: [GC 459358.161: [ParNew: 54720K->2192K(59008K), 0.0028400 secs] 96534K->44222K(517760K), 0.0029360 secs] [Times: user=0.02 sys=0.00, real=0.00 secs] 
459572.243: [GC 459572.243: [ParNew: 54672K->2227K(59008K), 0.0049740 secs] 96702K->44497K(517760K), 0.0050650 secs] [Times: user=0.04 sys=0.00, real=0.00 secs] 
459798.124: [GC 459798.125: [ParNew: 54707K->2335K(59008K), 0.0026880 secs] 96977K->44748K(517760K), 0.0027860 secs] [Times: user=0.01 sys=0.00, real=0.00 secs] 
460036.843: [GC 460036.843: [ParNew: 54815K->2464K(59008K), 0.0025310 secs] 97228K->45044K(517760K), 0.0026180 secs] [Times: user=0.01 sys=0.00, real=0.00 secs] 
460318.227: [GC 460318.227: [ParNew: 54944K->1801K(59008K), 0.0029210 secs] 97524K->44541K(517760K), 0.0030240 secs] [Times: user=0.02 sys=0.00, real=0.00 secs] 
460551.585: [GC 460551.585: [ParNew: 54281K->2093K(59008K), 0.0025870 secs] 97021K->45128K(517760K), 0.0026860 secs] [Times: user=0.02 sys=0.00, real=0.00 secs] 
460767.275: [GC 460767.275: [ParNew: 54573K->2343K(59008K), 0.0027320 secs] 97608K->45528K(517760K), 0.0028200 secs] [Times: user=0.02 sys=0.00, real=0.00 secs] 
460970.111: [GC 460970.111: [ParNew: 54823K->2307K(59008K), 0.0034490 secs] 98008K->45727K(517760K), 0.0035540 secs] [Times: user=0.01 sys=0.00, real=0.00 secs] 
461197.891: [GC 461197.891: [ParNew: 54787K->2531K(59008K), 0.0036910 secs] 98207K->46217K(517760K), 0.0037750 secs] [Times: user=0.02 sys=0.00, real=0.00 secs] 
461454.478: [GC 461454.479: [ParNew: 55011K->2500K(59008K), 0.0027890 secs] 98697K->46374K(517760K), 0.0028830 secs] [Times: user=0.02 sys=0.00, real=0.00 secs] 
461700.409: [GC 461700.409: [ParNew: 54980K->2070K(59008K), 0.0030430 secs] 98854K->46185K(517760K), 0.0031280 secs] [Times: user=0.02 sys=0.00, real=0.00 secs] 
461959.088: [GC 461959.088: [ParNew: 54550K->2745K(59008K), 0.0030770 secs] 98665K->47038K(517760K), 0.0031940 secs] [Times: user=0.02 sys=0.00, real=0.01 secs] 
462191.786: [GC 462191.787: [ParNew: 55225K->1983K(59008K), 0.0036130 secs] 99518K->46490K(517760K), 0.0037050 secs] [Times: user=0.02 sys=0.00, real=0.01 secs] 
462450.887: [GC 462450.887: [ParNew: 54463K->2198K(59008K), 0.0032960 secs] 98970K->46907K(517760K), 0.0033990 secs] [Times: user=0.01 sys=0.00, real=0.00 secs] 
462673.965: [GC 462673.965: [ParNew: 54678K->1926K(59008K), 0.0031440 secs] 99387K->46824K(517760K), 0.0032350 secs] [Times: user=0.02 sys=0.00, real=0.00 secs] 
462892.388: [GC 462892.388: [ParNew: 54406K->2115K(59008K), 0.0034570 secs] 99304K->47183K(517760K), 0.0035590 secs] [Times: user=0.01 sys=0.00, real=0.00 secs] 
463149.703: [GC 463149.704: [ParNew: 54595K->2186K(59008K), 0.0028280 secs] 99663K->47434K(517760K), 0.0029270 secs] [Times: user=0.01 sys=0.00, real=0.00 secs] 
463370.312: [GC 463370.313: [ParNew: 54666K->1926K(59008K), 0.0025450 secs] 99914K->47324K(517760K), 0.0026380 secs] [Times: user=0.01 sys=0.00, real=0.00 secs] 
463614.799: [GC 463614.799: [ParNew: 54406K->2091K(59008K), 0.0034670 secs] 99804K->47671K(517760K), 0.0035600 secs] [Times: user=0.02 sys=0.00, real=0.01 secs] 
463786.995: [GC 463786.995: [ParNew: 54571K->2101K(59008K), 0.0039610 secs] 100151K->47855K(517760K), 0.0040540 secs] [Times: user=0.02 sys=0.00, real=0.01 secs] 
464019.153: [GC 464019.154: [ParNew: 54581K->2140K(59008K), 0.0028800 secs] 100335K->48005K(517760K), 0.0029760 secs] [Times: user=0.02 sys=0.00, real=0.00 secs] 
464229.768: [GC 464229.768: [ParNew: 54620K->2070K(59008K), 0.0035540 secs] 100485K->48075K(517760K), 0.0036690 secs] [Times: user=0.01 sys=0.00, real=0.01 secs] 
464465.564: [GC 464465.564: [ParNew: 54550K->2283K(59008K), 0.0036500 secs] 100555K->48474K(517760K), 0.0037550 secs] [Times: user=0.01 sys=0.00, real=0.01 secs] 
464670.190: [GC 464670.190: [ParNew: 54763K->2065K(59008K), 0.0028420 secs] 100954K->48503K(517760K), 0.0029370 secs] [Times: user=0.02 sys=0.00, real=0.01 secs] 
464874.494: [GC 464874.494: [ParNew: 54545K->2781K(59008K), 0.0036310 secs] 100983K->49373K(517760K), 0.0037160 secs] [Times: user=0.01 sys=0.00, real=0.01 secs] 
465082.016: [GC 465082.016: [ParNew: 55261K->1992K(59008K), 0.0031160 secs] 101853K->48727K(517760K), 0.0032060 secs] [Times: user=0.02 sys=0.00, real=0.01 secs] 
465319.591: [GC 465319.591: [ParNew: 54472K->1899K(59008K), 0.0035640 secs] 101207K->48833K(517760K), 0.0036830 secs] [Times: user=0.01 sys=0.00, real=0.00 secs] 
465560.929: [GC 465560.929: [ParNew: 54379K->2031K(59008K), 0.0037660 secs] 101313K->49156K(517760K), 0.0038600 secs] [Times: user=0.01 sys=0.00, real=0.00 secs] 
465812.228: [GC 465812.228: [ParNew: 54511K->2286K(59008K), 0.0034450 secs] 101636K->49651K(517760K), 0.0035290 secs] [Times: user=0.02 sys=0.00, real=0.01 secs] 
466071.604: [GC 466071.604: [ParNew: 54766K->1689K(59008K), 0.0030320 secs] 102131K->49304K(517760K), 0.0031310 secs] [Times: user=0.02 sys=0.00, real=0.01 secs] 
466318.996: [GC 466318.997: [ParNew: 54169K->1705K(59008K), 0.0027330 secs] 101784K->49493K(517760K), 0.0028290 secs] [Times: user=0.01 sys=0.00, real=0.00 secs] 
466563.206: [GC 466563.206: [ParNew: 54185K->1773K(59008K), 0.0036380 secs] 101973K->49706K(517760K), 0.0037260 secs] [Times: user=0.02 sys=0.00, real=0.00 secs] 
466798.721: [GC 466798.721: [ParNew: 54253K->1848K(59008K), 0.0026480 secs] 102186K->49908K(517760K), 0.0027470 secs] [Times: user=0.02 sys=0.00, real=0.00 secs] 
467006.657: [GC 467006.657: [ParNew: 54328K->2253K(59008K), 0.0029480 secs] 102388K->50484K(517760K), 0.0030400 secs] [Times: user=0.02 sys=0.00, real=0.00 secs] 
467271.506: [GC 467271.506: [ParNew: 54733K->1965K(59008K), 0.0025240 secs] 102964K->50362K(517760K), 0.0026210 secs] [Times: user=0.02 sys=0.00, real=0.00 secs] 
467551.793: [GC 467551.793: [ParNew: 54445K->2176K(59008K), 0.0029130 secs] 102842K->50763K(517760K), 0.0030030 secs] [Times: user=0.02 sys=0.00, real=0.00 secs] 
467834.269: [GC 467834.269: [ParNew: 54656K->2183K(59008K), 0.0031140 secs] 103243K->51001K(517760K), 0.0032110 secs] [Times: user=0.02 sys=0.00, real=0.00 secs] 
468091.740: [GC 468091.740: [ParNew: 54663K->1898K(59008K), 0.0026510 secs] 103481K->50937K(517760K), 0.0027550 secs] [Times: user=0.02 sys=0.00, real=0.01 secs] 
468363.540: [GC 468363.540: [ParNew: 54378K->1856K(59008K), 0.0032120 secs] 103417K->51074K(517760K), 0.0033000 secs] [Times: user=0.01 sys=0.00, real=0.00 secs] 
468659.908: [GC 468659.908: [ParNew: 54336K->2102K(59008K), 0.0026960 secs] 103554K->51529K(517760K), 0.0027960 secs] [Times: user=0.01 sys=0.00, real=0.00 secs] 
468949.563: [GC 468949.564: [ParNew: 54582K->1752K(59008K), 0.0036250 secs] 104009K->51345K(517760K), 0.0037120 secs] [Times: user=0.02 sys=0.00, real=0.00 secs] 
469204.547: [GC 469204.547: [ParNew: 54232K->2290K(59008K), 0.0035270 secs] 103825K->52125K(517760K), 0.0036300 secs] [Times: user=0.02 sys=0.00, real=0.00 secs] 
469416.120: [GC 469416.120: [ParNew: 54770K->2161K(59008K), 0.0032760 secs] 104605K->52271K(517760K), 0.0033620 secs] [Times: user=0.02 sys=0.00, real=0.00 secs] 
469636.332: [GC 469636.332: [ParNew: 54641K->2362K(59008K), 0.0028300 secs] 104751K->52661K(517760K), 0.0029210 secs] [Times: user=0.01 sys=0.00, real=0.00 secs] 
469876.130: [GC 469876.131: [ParNew: 54842K->2465K(59008K), 0.0027520 secs] 105141K->52984K(517760K), 0.0028390 secs] [Times: user=0.02 sys=0.00, real=0.00 secs] 
470088.670: [GC 470088.670: [ParNew: 54943K->2495K(59008K), 0.0026430 secs] 105462K->53236K(517760K), 0.0027350 secs] [Times: user=0.02 sys=0.00, real=0.00 secs] 
470285.254: [GC 470285.254: [ParNew: 54975K->2331K(59008K), 0.0032670 secs] 105716K->53237K(517760K), 0.0033570 secs] [Times: user=0.01 sys=0.00, real=0.00 secs] 
470480.290: [GC 470480.290: [ParNew: 54811K->2713K(59008K), 0.0030130 secs] 105717K->53807K(517760K), 0.0031040 secs] [Times: user=0.01 sys=0.00, real=0.00 secs] 
470693.689: [GC 470693.689: [ParNew: 55167K->2374K(59008K), 0.0032020 secs] 106261K->53670K(517760K), 0.0032910 secs] [Times: user=0.02 sys=0.00, real=0.00 secs] 
470907.108: [GC 470907.108: [ParNew: 54854K->2547K(59008K), 0.0034180 secs] 106150K->54097K(517760K), 0.0035160 secs] [Times: user=0.02 sys=0.00, real=0.01 secs] 
471121.124: [GC 471121.124: [ParNew: 55027K->2945K(59008K), 0.0034190 secs] 106577K->54758K(517760K), 0.0035190 secs] [Times: user=0.02 sys=0.00, real=0.00 secs] 
471303.157: [GC 471303.157: [ParNew: 55425K->2267K(59008K), 0.0035740 secs] 107238K->54389K(517760K), 0.0036670 secs] [Times: user=0.02 sys=0.00, real=0.01 secs] 
471518.310: [GC 471518.310: [ParNew: 54747K->2441K(59008K), 0.0027520 secs] 106869K->54763K(517760K), 0.0028510 secs] [Times: user=0.01 sys=0.00, real=0.00 secs] 
471729.418: [GC 471729.418: [ParNew: 54921K->2409K(59008K), 0.0037320 secs] 107243K->54991K(517760K), 0.0038290 secs] [Times: user=0.01 sys=0.00, real=0.00 secs] 
471939.922: [GC 471939.922: [ParNew: 54889K->2429K(59008K), 0.0036560 secs] 107471K->55315K(517760K), 0.0037560 secs] [Times: user=0.02 sys=0.00, real=0.01 secs] 
472099.806: [GC 472099.806: [ParNew: 54909K->2333K(59008K), 0.0029790 secs] 107795K->55451K(517760K), 0.0030630 secs] [Times: user=0.02 sys=0.00, real=0.00 secs] 
472285.407: [GC 472285.407: [ParNew: 54813K->2475K(59008K), 0.0027380 secs] 107931K->55802K(517760K), 0.0028260 secs] [Times: user=0.02 sys=0.00, real=0.01 secs] 
472470.180: [GC 472470.180: [ParNew: 54955K->2445K(59008K), 0.0030240 secs] 108282K->55950K(517760K), 0.0031160 secs] [Times: user=0.01 sys=0.00, real=0.00 secs] 
472655.809: [GC 472655.809: [ParNew: 54925K->2342K(59008K), 0.0029920 secs] 108430K->56021K(517760K), 0.0030870 secs] [Times: user=0.02 sys=0.00, real=0.01 secs] 
472823.471: [GC 472823.471: [ParNew: 54822K->2702K(59008K), 0.0044070 secs] 108501K->56568K(517760K), 0.0045060 secs] [Times: user=0.01 sys=0.00, real=0.00 secs] 
472997.309: [GC 472997.309: [ParNew: 55182K->2406K(59008K), 0.0027840 secs] 109048K->56413K(517760K), 0.0028770 secs] [Times: user=0.02 sys=0.00, real=0.00 secs] 
473168.576: [GC 473168.576: [ParNew: 54886K->2873K(59008K), 0.0042200 secs] 108893K->57135K(517760K), 0.0043220 secs] [Times: user=0.02 sys=0.00, real=0.00 secs] 
473344.638: [GC 473344.638: [ParNew: 55353K->2246K(59008K), 0.0029390 secs] 109615K->56756K(517760K), 0.0030410 secs] [Times: user=0.02 sys=0.00, real=0.01 secs] 
473512.848: [GC 473512.848: [ParNew: 54726K->2428K(59008K), 0.0030520 secs] 109236K->57178K(517760K), 0.0031470 secs] [Times: user=0.02 sys=0.00, real=0.00 secs] 
473682.286: [GC 473682.286: [ParNew: 54908K->1950K(59008K), 0.0034350 secs] 109658K->56879K(517760K), 0.0035290 secs] [Times: user=0.01 sys=0.00, real=0.00 secs] 
473840.379: [GC 473840.379: [ParNew: 54430K->2559K(59008K), 0.0032150 secs] 109359K->57748K(517760K), 0.0033150 secs] [Times: user=0.02 sys=0.01, real=0.00 secs] 
473987.423: [GC 473987.423: [ParNew: 55039K->2396K(59008K), 0.0030040 secs] 110228K->57764K(517760K), 0.0030980 secs] [Times: user=0.02 sys=0.00, real=0.01 secs] 
474136.747: [GC 474136.747: [ParNew: 54876K->2695K(59008K), 0.0030860 secs] 110244K->58267K(517760K), 0.0031890 secs] [Times: user=0.02 sys=0.00, real=0.00 secs] 
474294.622: [GC 474294.623: [ParNew: 55175K->2761K(59008K), 0.0033430 secs] 110747K->58543K(517760K), 0.0034300 secs] [Times: user=0.02 sys=0.00, real=0.01 secs] 
474421.012: [GC 474421.012: [ParNew: 55241K->2685K(59008K), 0.0031180 secs] 111023K->58691K(517760K), 0.0032120 secs] [Times: user=0.02 sys=0.00, real=0.00 secs] 
474554.663: [GC 474554.663: [ParNew: 55165K->2810K(59008K), 0.0034930 secs] 111171K->59037K(517760K), 0.0035870 secs] [Times: user=0.02 sys=0.00, real=0.00 secs] 
474686.281: [GC 474686.281: [ParNew: 55290K->2562K(59008K), 0.0029380 secs] 111517K->58985K(517760K), 0.0030330 secs] [Times: user=0.02 sys=0.00, real=0.01 secs] 
474820.190: [GC 474820.190: [ParNew: 55042K->2659K(59008K), 0.0033070 secs] 111465K->59354K(517760K), 0.0034050 secs] [Times: user=0.02 sys=0.00, real=0.00 secs] 
474951.841: [GC 474951.841: [ParNew: 55139K->2701K(59008K), 0.0031830 secs] 111834K->59541K(517760K), 0.0032770 secs] [Times: user=0.01 sys=0.00, real=0.00 secs] 
475071.998: [GC 475071.999: [ParNew: 55181K->3138K(59008K), 0.0044670 secs] 112021K->60191K(517760K), 0.0045490 secs] [Times: user=0.01 sys=0.00, real=0.01 secs] 
475210.504: [GC 475210.504: [ParNew: 55618K->2789K(59008K), 0.0037260 secs] 112671K->60106K(517760K), 0.0038360 secs] [Times: user=0.02 sys=0.00, real=0.00 secs] 
475341.251: [GC 475341.251: [ParNew: 55269K->3274K(59008K), 0.0050890 secs] 112586K->60813K(517760K), 0.0052070 secs] [Times: user=0.01 sys=0.00, real=0.00 secs] 
475475.337: [GC 475475.337: [ParNew: 55754K->3350K(59008K), 0.0036540 secs] 113293K->61181K(517760K), 0.0037630 secs] [Times: user=0.02 sys=0.00, real=0.01 secs] 
475605.363: [GC 475605.363: [ParNew: 55830K->2549K(59008K), 0.0033540 secs] 113661K->60704K(517760K), 0.0034540 secs] [Times: user=0.01 sys=0.00, real=0.00 secs] 
475746.028: [GC 475746.028: [ParNew: 55029K->3042K(59008K), 0.0044100 secs] 113184K->61415K(517760K), 0.0045150 secs] [Times: user=0.02 sys=0.00, real=0.00 secs] 
475894.074: [GC 475894.074: [ParNew: 55522K->3138K(59008K), 0.0036110 secs] 113895K->61833K(517760K), 0.0037070 secs] [Times: user=0.01 sys=0.00, real=0.00 secs] 
476020.426: [GC 476020.426: [ParNew: 55618K->3016K(59008K), 0.0034330 secs] 114313K->61971K(517760K), 0.0035290 secs] [Times: user=0.02 sys=0.00, real=0.01 secs] 
476160.020: [GC 476160.020: [ParNew: 55496K->2705K(59008K), 0.0033520 secs] 114451K->61900K(517760K), 0.0034470 secs] [Times: user=0.02 sys=0.00, real=0.00 secs] 
476282.157: [GC 476282.157: [ParNew: 55185K->2708K(59008K), 0.0043570 secs] 114380K->62188K(517760K), 0.0044620 secs] [Times: user=0.02 sys=0.00, real=0.00 secs] 
476435.051: [GC 476435.051: [ParNew: 55188K->2846K(59008K), 0.0036300 secs] 114668K->62561K(517760K), 0.0037280 secs] [Times: user=0.02 sys=0.01, real=0.01 secs] 
476571.967: [GC 476571.967: [ParNew: 55326K->2860K(59008K), 0.0027170 secs] 115041K->62805K(517760K), 0.0028110 secs] [Times: user=0.02 sys=0.00, real=0.00 secs] 
476685.803: [GC 476685.803: [ParNew: 55340K->3162K(59008K), 0.0026750 secs] 115285K->63332K(517760K), 0.0027600 secs] [Times: user=0.02 sys=0.00, real=0.00 secs] 
476817.643: [GC 476817.643: [ParNew: 55642K->3383K(59008K), 0.0028210 secs] 115812K->63777K(517760K), 0.0029140 secs] [Times: user=0.02 sys=0.00, real=0.00 secs] 
476947.006: [GC 476947.006: [ParNew: 55863K->2580K(59008K), 0.0027410 secs] 116257K->63233K(517760K), 0.0028280 secs] [Times: user=0.01 sys=0.00, real=0.00 secs] 
477086.772: [GC 477086.772: [ParNew: 55060K->3080K(59008K), 0.0027080 secs] 115713K->63958K(517760K), 0.0027960 secs] [Times: user=0.02 sys=0.00, real=0.00 secs] 
477216.208: [GC 477216.209: [ParNew: 55560K->2940K(59008K), 0.0027590 secs] 116438K->64105K(517760K), 0.0028530 secs] [Times: user=0.02 sys=0.00, real=0.01 secs] 
477329.012: [GC 477329.012: [ParNew: 55420K->3347K(59008K), 0.0036180 secs] 116585K->64745K(517760K), 0.0037170 secs] [Times: user=0.02 sys=0.00, real=0.01 secs] 
477451.142: [GC 477451.142: [ParNew: 55827K->3077K(59008K), 0.0042830 secs] 117225K->64702K(517760K), 0.0043960 secs] [Times: user=0.01 sys=0.00, real=0.00 secs] 
477589.168: [GC 477589.168: [ParNew: 55557K->2886K(59008K), 0.0054280 secs] 117182K->64737K(517760K), 0.0055280 secs] [Times: user=0.01 sys=0.01, real=0.01 secs] 
477706.140: [GC 477706.140: [ParNew: 55366K->3324K(59008K), 0.0047760 secs] 117217K->65446K(517760K), 0.0048740 secs] [Times: user=0.02 sys=0.00, real=0.01 secs] 
477831.561: [GC 477831.561: [ParNew: 55804K->3920K(59008K), 0.0040860 secs] 117926K->66362K(517760K), 0.0041720 secs] [Times: user=0.02 sys=0.00, real=0.00 secs] 
477933.930: [GC 477933.930: [ParNew: 56400K->2920K(59008K), 0.0035730 secs] 118842K->65660K(517760K), 0.0036870 secs] [Times: user=0.02 sys=0.00, real=0.00 secs] 
478041.640: [GC 478041.640: [ParNew: 55400K->3235K(59008K), 0.0035240 secs] 118140K->66264K(517760K), 0.0036110 secs] [Times: user=0.02 sys=0.00, real=0.01 secs] 
478159.994: [GC 478159.994: [ParNew: 55715K->2905K(59008K), 0.0036610 secs] 118744K->66247K(517760K), 0.0037560 secs] [Times: user=0.02 sys=0.00, real=0.01 secs] 
478279.785: [GC 478279.785: [ParNew: 55385K->2604K(59008K), 0.0037190 secs] 118727K->66221K(517760K), 0.0038160 secs] [Times: user=0.01 sys=0.00, real=0.00 secs] 
478414.898: [GC 478414.898: [ParNew: 55084K->2904K(59008K), 0.0051370 secs] 118701K->66810K(517760K), 0.0052320 secs] [Times: user=0.01 sys=0.00, real=0.01 secs] 
478540.438: [GC 478540.439: [ParNew: 55384K->2877K(59008K), 0.0038370 secs] 119290K->67115K(517760K), 0.0039410 secs] [Times: user=0.02 sys=0.00, real=0.00 secs] 
478662.938: [GC 478662.938: [ParNew: 55357K->3023K(59008K), 0.0045900 secs] 119595K->67490K(517760K), 0.0047580 secs] [Times: user=0.02 sys=0.01, real=0.01 secs] 
478771.980: [GC 478771.980: [ParNew: 55503K->3382K(59008K), 0.0035360 secs] 119970K->68064K(517760K), 0.0036220 secs] [Times: user=0.02 sys=0.00, real=0.00 secs] 
478891.321: [GC 478891.321: [ParNew: 55862K->3770K(59008K), 0.0041450 secs] 120544K->68775K(517760K), 0.0042380 secs] [Times: user=0.02 sys=0.00, real=0.00 secs] 
479044.906: [GC 479044.906: [ParNew: 56250K->2899K(59008K), 0.0043650 secs] 121255K->68152K(517760K), 0.0044890 secs] [Times: user=0.02 sys=0.00, real=0.01 secs] 
479182.501: [GC 479182.501: [ParNew: 55379K->3311K(59008K), 0.0037280 secs] 120632K->68882K(517760K), 0.0038330 secs] [Times: user=0.02 sys=0.00, real=0.00 secs] 
479308.137: [GC 479308.137: [ParNew: 55791K->3240K(59008K), 0.0034410 secs] 121362K->69082K(517760K), 0.0035410 secs] [Times: user=0.02 sys=0.00, real=0.00 secs] 
479424.824: [GC 479424.824: [ParNew: 55720K->2513K(59008K), 0.0043990 secs] 121562K->68635K(517760K), 0.0045190 secs] [Times: user=0.01 sys=0.00, real=0.00 secs] 
479534.928: [GC 479534.928: [ParNew: 54993K->3107K(59008K), 0.0035360 secs] 121115K->69553K(517760K), 0.0036410 secs] [Times: user=0.01 sys=0.00, real=0.00 secs] 
479648.196: [GC 479648.196: [ParNew: 55587K->2973K(59008K), 0.0040900 secs] 122033K->69689K(517760K), 0.0042070 secs] [Times: user=0.02 sys=0.00, real=0.01 secs] 
479773.383: [GC 479773.383: [ParNew: 55453K->2949K(59008K), 0.0031030 secs] 122169K->69930K(517760K), 0.0031950 secs] [Times: user=0.02 sys=0.01, real=0.00 secs] 
479881.819: [GC 479881.819: [ParNew: 55429K->3193K(59008K), 0.0033850 secs] 122410K->70459K(517760K), 0.0034730 secs] [Times: user=0.01 sys=0.00, real=0.00 secs] 
479991.539: [GC 479991.539: [ParNew: 55671K->3174K(59008K), 0.0037940 secs] 122937K->70651K(517760K), 0.0038990 secs] [Times: user=0.02 sys=0.00, real=0.00 secs] 
480110.202: [GC 480110.202: [ParNew: 55654K->3269K(59008K), 0.0033800 secs] 123131K->71019K(517760K), 0.0034900 secs] [Times: user=0.01 sys=0.00, real=0.00 secs] 
480221.239: [GC 480221.239: [ParNew: 55749K->3516K(59008K), 0.0030380 secs] 123499K->71519K(517760K), 0.0031280 secs] [Times: user=0.02 sys=0.00, real=0.00 secs] 
480360.201: [GC 480360.201: [ParNew: 55996K->2956K(59008K), 0.0027390 secs] 123999K->71173K(517760K), 0.0028320 secs] [Times: user=0.02 sys=0.00, real=0.00 secs] 
480496.657: [GC 480496.657: [ParNew: 55436K->3141K(59008K), 0.0026810 secs] 123653K->71655K(517760K), 0.0027760 secs] [Times: user=0.02 sys=0.00, real=0.01 secs] 
480618.316: [GC 480618.316: [ParNew: 55621K->3341K(59008K), 0.0041680 secs] 124135K->72121K(517760K), 0.0042580 secs] [Times: user=0.02 sys=0.00, real=0.00 secs] 
480742.638: [GC 480742.638: [ParNew: 55821K->3245K(59008K), 0.0030130 secs] 124601K->72312K(517760K), 0.0031110 secs] [Times: user=0.02 sys=0.00, real=0.00 secs] 
480877.288: [GC 480877.288: [ParNew: 55725K->3572K(59008K), 0.0046890 secs] 124792K->72994K(517760K), 0.0047840 secs] [Times: user=0.01 sys=0.00, real=0.00 secs] 
480989.584: [GC 480989.584: [ParNew: 56052K->2655K(59008K), 0.0042090 secs] 125474K->72304K(517760K), 0.0043080 secs] [Times: user=0.02 sys=0.00, real=0.00 secs] 
481120.008: [GC 481120.008: [ParNew: 55135K->3449K(59008K), 0.0032800 secs] 124784K->73418K(517760K), 0.0033790 secs] [Times: user=0.02 sys=0.00, real=0.00 secs] 
481241.274: [GC 481241.274: [ParNew: 55929K->3420K(59008K), 0.0043470 secs] 125898K->73641K(517760K), 0.0044330 secs] [Times: user=0.01 sys=0.01, real=0.00 secs] 
481348.446: [GC 481348.446: [ParNew: 55900K->2379K(59008K), 0.0046210 secs] 126121K->72932K(517760K), 0.0047440 secs] [Times: user=0.02 sys=0.00, real=0.00 secs] 
481463.208: [GC 481463.208: [ParNew: 54859K->3350K(59008K), 0.0061300 secs] 125412K->74159K(517760K), 0.0062400 secs] [Times: user=0.01 sys=0.00, real=0.01 secs] 
481593.526: [GC 481593.526: [ParNew: 55830K->3171K(59008K), 0.0039510 secs] 126639K->74307K(517760K), 0.0040550 secs] [Times: user=0.01 sys=0.00, real=0.00 secs] 
481698.747: [GC 481698.752: [ParNew: 55651K->2835K(59008K), 0.0033930 secs] 126787K->74177K(517760K), 0.0034960 secs] [Times: user=0.02 sys=0.00, real=0.01 secs] 
481820.131: [GC 481820.131: [ParNew: 55315K->3324K(59008K), 0.0045280 secs] 126657K->74991K(517760K), 0.0046330 secs] [Times: user=0.01 sys=0.00, real=0.01 secs] 
481949.823: [GC 481949.823: [ParNew: 55804K->3369K(59008K), 0.0031790 secs] 127471K->75276K(517760K), 0.0032870 secs] [Times: user=0.02 sys=0.00, real=0.01 secs] 
482078.158: [GC 482078.159: [ParNew: 55849K->3179K(59008K), 0.0055150 secs] 127756K->75368K(517760K), 0.0056110 secs] [Times: user=0.02 sys=0.00, real=0.01 secs] 
482194.433: [GC 482194.433: [ParNew: 55659K->3385K(59008K), 0.0035550 secs] 127848K->75774K(517760K), 0.0036500 secs] [Times: user=0.02 sys=0.00, real=0.01 secs] 
482321.294: [GC 482321.295: [ParNew: 55865K->3205K(59008K), 0.0076560 secs] 128254K->75871K(517760K), 0.0077800 secs] [Times: user=0.02 sys=0.00, real=0.01 secs] 
482432.811: [GC 482432.811: [ParNew: 55685K->2872K(59008K), 0.0048520 secs] 128351K->75834K(517760K), 0.0049670 secs] [Times: user=0.02 sys=0.00, real=0.01 secs] 
482547.789: [GC 482547.789: [ParNew: 55352K->3379K(59008K), 0.0036920 secs] 128314K->76608K(517760K), 0.0037870 secs] [Times: user=0.01 sys=0.00, real=0.00 secs] 
482665.966: [GC 482665.966: [ParNew: 55859K->3631K(59008K), 0.0036430 secs] 129088K->77123K(517760K), 0.0037330 secs] [Times: user=0.02 sys=0.00, real=0.00 secs] 
482772.246: [GC 482772.247: [ParNew: 56111K->2803K(59008K), 0.0033810 secs] 129603K->76587K(517760K), 0.0034740 secs] [Times: user=0.02 sys=0.00, real=0.01 secs] 
482885.015: [GC 482885.015: [ParNew: 55283K->3271K(59008K), 0.0034250 secs] 129067K->77314K(517760K), 0.0035200 secs] [Times: user=0.02 sys=0.01, real=0.00 secs] 
482999.326: [GC 482999.326: [ParNew: 55751K->3027K(59008K), 0.0031960 secs] 129794K->77333K(517760K), 0.0032920 secs] [Times: user=0.02 sys=0.00, real=0.01 secs] 
483095.755: [GC 483095.756: [ParNew: 55441K->3039K(59008K), 0.0034380 secs] 129747K->77597K(517760K), 0.0035360 secs] [Times: user=0.02 sys=0.00, real=0.00 secs] 
483212.867: [GC 483212.867: [ParNew: 55519K->2857K(59008K), 0.0047790 secs] 130077K->77687K(517760K), 0.0048960 secs] [Times: user=0.01 sys=0.00, real=0.01 secs] 
483348.258: [GC 483348.258: [ParNew: 55337K->3391K(59008K), 0.0036040 secs] 130167K->78464K(517760K), 0.0036990 secs] [Times: user=0.02 sys=0.00, real=0.00 secs] 
483449.120: [GC 483449.121: [ParNew: 55871K->2897K(59008K), 0.0042570 secs] 130944K->78215K(517760K), 0.0043530 secs] [Times: user=0.01 sys=0.00, real=0.00 secs] 
483573.335: [GC 483573.335: [ParNew: 55377K->3359K(59008K), 0.0034630 secs] 130695K->78975K(517760K), 0.0035620 secs] [Times: user=0.02 sys=0.00, real=0.00 secs] 
483714.698: [GC 483714.698: [ParNew: 55836K->3297K(59008K), 0.0040440 secs] 131451K->79186K(517760K), 0.0041440 secs] [Times: user=0.01 sys=0.00, real=0.00 secs] 
483849.047: [GC 483849.047: [ParNew: 55777K->2832K(59008K), 0.0048720 secs] 131666K->78960K(517760K), 0.0049980 secs] [Times: user=0.02 sys=0.00, real=0.00 secs] 
483965.443: [GC 483965.443: [ParNew: 55312K->3237K(59008K), 0.0030410 secs] 131440K->79665K(517760K), 0.0031380 secs] [Times: user=0.02 sys=0.00, real=0.00 secs] 
484079.641: [GC 484079.641: [ParNew: 55717K->3780K(59008K), 0.0038100 secs] 132145K->80486K(517760K), 0.0039050 secs] [Times: user=0.02 sys=0.00, real=0.01 secs] 
484191.586: [GC 484191.586: [ParNew: 56260K->2703K(59008K), 0.0032580 secs] 132966K->79705K(517760K), 0.0033620 secs] [Times: user=0.02 sys=0.00, real=0.00 secs] 
484304.305: [GC 484304.305: [ParNew: 55183K->2912K(59008K), 0.0038410 secs] 132185K->80233K(517760K), 0.0039260 secs] [Times: user=0.02 sys=0.00, real=0.01 secs] 
484434.275: [GC 484434.275: [ParNew: 55392K->3266K(59008K), 0.0032740 secs] 132713K->80848K(517760K), 0.0033630 secs] [Times: user=0.02 sys=0.00, real=0.01 secs] 
484551.406: [GC 484551.406: [ParNew: 55746K->3050K(59008K), 0.0030830 secs] 133328K->80958K(517760K), 0.0031830 secs] [Times: user=0.01 sys=0.00, real=0.00 secs] 
484652.300: [GC 484652.300: [ParNew: 55530K->2987K(59008K), 0.0033350 secs] 133438K->81123K(517760K), 0.0034230 secs] [Times: user=0.02 sys=0.00, real=0.00 secs] 
484767.183: [GC 484767.183: [ParNew: 55467K->3017K(59008K), 0.0033470 secs] 133603K->81414K(517760K), 0.0034340 secs] [Times: user=0.02 sys=0.00, real=0.01 secs] 
484894.348: [GC 484894.348: [ParNew: 55497K->3021K(59008K), 0.0035970 secs] 133894K->81684K(517760K), 0.0036940 secs] [Times: user=0.01 sys=0.00, real=0.01 secs] 
485023.481: [GC 485023.481: [ParNew: 55501K->3079K(59008K), 0.0053370 secs] 134164K->82069K(517760K), 0.0054290 secs] [Times: user=0.03 sys=0.00, real=0.00 secs] 
485174.056: [GC 485174.057: [ParNew: 55559K->3604K(59008K), 0.0028970 secs] 134549K->82799K(517760K), 0.0029870 secs] [Times: user=0.02 sys=0.01, real=0.00 secs] 
485303.033: [GC 485303.034: [ParNew: 56084K->3465K(59008K), 0.0028360 secs] 135279K->82925K(517760K), 0.0029300 secs] [Times: user=0.02 sys=0.00, real=0.01 secs] 
485416.609: [GC 485416.609: [ParNew: 55945K->3207K(59008K), 0.0028000 secs] 135405K->82997K(517760K), 0.0028910 secs] [Times: user=0.02 sys=0.00, real=0.01 secs] 
485531.540: [GC 485531.540: [ParNew: 55687K->3300K(59008K), 0.0028340 secs] 135477K->83347K(517760K), 0.0029270 secs] [Times: user=0.02 sys=0.00, real=0.00 secs] 
485647.222: [GC 485647.222: [ParNew: 55780K->2770K(59008K), 0.0033760 secs] 135827K->83109K(517760K), 0.0034950 secs] [Times: user=0.02 sys=0.00, real=0.00 secs] 
485778.526: [GC 485778.526: [ParNew: 55250K->2483K(59008K), 0.0034560 secs] 135589K->83078K(517760K), 0.0035550 secs] [Times: user=0.02 sys=0.00, real=0.00 secs] 
485895.385: [GC 485895.385: [ParNew: 54963K->3111K(59008K), 0.0031270 secs] 135558K->83950K(517760K), 0.0032150 secs] [Times: user=0.02 sys=0.00, real=0.01 secs] 
486037.907: [GC 486037.907: [ParNew: 55591K->2822K(59008K), 0.0032520 secs] 136430K->83930K(517760K), 0.0033530 secs] [Times: user=0.02 sys=0.00, real=0.00 secs] 
486186.382: [GC 486186.382: [ParNew: 55302K->2755K(59008K), 0.0033240 secs] 136410K->84107K(517760K), 0.0034160 secs] [Times: user=0.02 sys=0.00, real=0.00 secs] 
486328.240: [GC 486328.240: [ParNew: 55235K->3110K(59008K), 0.0033580 secs] 136587K->84678K(517760K), 0.0034530 secs] [Times: user=0.02 sys=0.00, real=0.00 secs] 
486465.115: [GC 486465.116: [ParNew: 55590K->2531K(59008K), 0.0029830 secs] 137158K->84352K(517760K), 0.0030730 secs] [Times: user=0.02 sys=0.00, real=0.00 secs] 
486589.293: [GC 486589.293: [ParNew: 55011K->2585K(59008K), 0.0027420 secs] 136832K->84636K(517760K), 0.0028350 secs] [Times: user=0.02 sys=0.00, real=0.01 secs] 
486727.696: [GC 486727.696: [ParNew: 55065K->2543K(59008K), 0.0034440 secs] 137116K->84775K(517760K), 0.0035380 secs] [Times: user=0.02 sys=0.00, real=0.00 secs] 
486857.620: [GC 486857.620: [ParNew: 55023K->2968K(59008K), 0.0026590 secs] 137255K->85381K(517760K), 0.0027530 secs] [Times: user=0.02 sys=0.00, real=0.00 secs] 
486997.773: [GC 486997.773: [ParNew: 55448K->3251K(59008K), 0.0027670 secs] 137861K->85865K(517760K), 0.0028640 secs] [Times: user=0.02 sys=0.00, real=0.00 secs] 
487163.296: [GC 487163.296: [ParNew: 55731K->2503K(59008K), 0.0029210 secs] 138345K->85391K(517760K), 0.0030190 secs] [Times: user=0.03 sys=0.00, real=0.00 secs] 
487307.350: [GC 487307.350: [ParNew: 54983K->2839K(59008K), 0.0027400 secs] 137871K->85977K(517760K), 0.0028360 secs] [Times: user=0.02 sys=0.00, real=0.00 secs] 
487484.360: [GC 487484.360: [ParNew: 55319K->2995K(59008K), 0.0027830 secs] 138457K->86376K(517760K), 0.0028770 secs] [Times: user=0.02 sys=0.00, real=0.00 secs] 
487653.076: [GC 487653.076: [ParNew: 55475K->2820K(59008K), 0.0027470 secs] 138856K->86472K(517760K), 0.0028390 secs] [Times: user=0.02 sys=0.01, real=0.00 secs] 
487823.156: [GC 487823.156: [ParNew: 55300K->2329K(59008K), 0.0048450 secs] 138952K->86201K(517760K), 0.0049630 secs] [Times: user=0.01 sys=0.00, real=0.00 secs] 
487932.155: [GC 487932.155: [ParNew: 54809K->2820K(59008K), 0.0031280 secs] 138681K->86967K(517760K), 0.0032150 secs] [Times: user=0.02 sys=0.00, real=0.01 secs] 
488089.071: [GC 488089.071: [ParNew: 55300K->2749K(59008K), 0.0042670 secs] 139447K->87198K(517760K), 0.0043800 secs] [Times: user=0.01 sys=0.00, real=0.00 secs] 
488244.254: [GC 488244.254: [ParNew: 55229K->2662K(59008K), 0.0034360 secs] 139678K->87371K(517760K), 0.0035330 secs] [Times: user=0.02 sys=0.00, real=0.01 secs] 
488436.682: [GC 488436.682: [ParNew: 55142K->2373K(59008K), 0.0031390 secs] 139851K->87294K(517760K), 0.0032440 secs] [Times: user=0.01 sys=0.00, real=0.00 secs] 
488598.896: [GC 488598.896: [ParNew: 54853K->2374K(59008K), 0.0045660 secs] 139774K->87458K(517760K), 0.0046490 secs] [Times: user=0.01 sys=0.00, real=0.01 secs] 
488752.878: [GC 488752.878: [ParNew: 54854K->2377K(59008K), 0.0034890 secs] 139938K->87702K(517760K), 0.0035940 secs] [Times: user=0.01 sys=0.00, real=0.01 secs] 
488938.084: [GC 488938.084: [ParNew: 54855K->2561K(59008K), 0.0028070 secs] 140180K->88176K(517760K), 0.0028980 secs] [Times: user=0.02 sys=0.00, real=0.01 secs] 
489157.574: [GC 489157.574: [ParNew: 55041K->2659K(59008K), 0.0030680 secs] 140656K->88500K(517760K), 0.0031650 secs] [Times: user=0.02 sys=0.00, real=0.01 secs] 
489362.954: [GC 489362.954: [ParNew: 55139K->1865K(59008K), 0.0029220 secs] 140980K->87889K(517760K), 0.0030210 secs] [Times: user=0.01 sys=0.00, real=0.00 secs] 
489558.086: [GC 489558.086: [ParNew: 54345K->2162K(59008K), 0.0034960 secs] 140369K->88331K(517760K), 0.0035860 secs] [Times: user=0.02 sys=0.00, real=0.00 secs] 
489734.402: [GC 489734.402: [ParNew: 54642K->2310K(59008K), 0.0036770 secs] 140811K->88712K(517760K), 0.0037610 secs] [Times: user=0.02 sys=0.00, real=0.00 secs] 
489894.198: [GC 489894.198: [ParNew: 54790K->2048K(59008K), 0.0028680 secs] 141192K->88684K(517760K), 0.0029720 secs] [Times: user=0.02 sys=0.00, real=0.01 secs] 
490054.839: [GC 490054.839: [ParNew: 54527K->1803K(59008K), 0.0036160 secs] 141162K->88619K(517760K), 0.0037290 secs] [Times: user=0.02 sys=0.00, real=0.00 secs] 
490237.688: [GC 490237.688: [ParNew: 54283K->2517K(59008K), 0.0031540 secs] 141099K->89488K(517760K), 0.0032460 secs] [Times: user=0.01 sys=0.00, real=0.00 secs] 
490409.905: [GC 490409.905: [ParNew: 54997K->2080K(59008K), 0.0028170 secs] 141968K->89228K(517760K), 0.0029090 secs] [Times: user=0.02 sys=0.00, real=0.00 secs] 
490592.731: [GC 490592.731: [ParNew: 54559K->2556K(59008K), 0.0036260 secs] 141707K->89864K(517760K), 0.0037160 secs] [Times: user=0.02 sys=0.00, real=0.00 secs] 
490809.807: [GC 490809.807: [ParNew: 55036K->2110K(59008K), 0.0032460 secs] 142344K->89592K(517760K), 0.0033440 secs] [Times: user=0.02 sys=0.01, real=0.01 secs] 
490998.140: [GC 490998.140: [ParNew: 54590K->2596K(59008K), 0.0028700 secs] 142072K->90326K(517760K), 0.0029550 secs] [Times: user=0.02 sys=0.00, real=0.00 secs] 
491196.918: [GC 491196.918: [ParNew: 55076K->1710K(59008K), 0.0042640 secs] 142806K->89645K(517760K), 0.0043490 secs] [Times: user=0.01 sys=0.00, real=0.00 secs] 
491384.385: [GC 491384.385: [ParNew: 54190K->2369K(59008K), 0.0037240 secs] 142125K->90488K(517760K), 0.0038210 secs] [Times: user=0.02 sys=0.00, real=0.00 secs] 
491608.799: [GC 491608.799: [ParNew: 54849K->1918K(59008K), 0.0043000 secs] 142968K->90321K(517760K), 0.0043840 secs] [Times: user=0.01 sys=0.01, real=0.00 secs] 
491779.407: [GC 491779.407: [ParNew: 54398K->2217K(59008K), 0.0027340 secs] 142801K->90793K(517760K), 0.0028270 secs] [Times: user=0.02 sys=0.00, real=0.00 secs] 
491960.385: [GC 491960.385: [ParNew: 54697K->2232K(59008K), 0.0029770 secs] 143273K->90985K(517760K), 0.0030750 secs] [Times: user=0.01 sys=0.00, real=0.01 secs] 
492110.305: [GC 492110.305: [ParNew: 54712K->2212K(59008K), 0.0027000 secs] 143465K->91115K(517760K), 0.0027890 secs] [Times: user=0.01 sys=0.00, real=0.01 secs] 
492313.257: [GC 492313.257: [ParNew: 54692K->2062K(59008K), 0.0028720 secs] 143595K->91104K(517760K), 0.0029530 secs] [Times: user=0.02 sys=0.00, real=0.00 secs] 
492528.547: [GC 492528.547: [ParNew: 54542K->1923K(59008K), 0.0032630 secs] 143584K->91150K(517760K), 0.0033640 secs] [Times: user=0.02 sys=0.00, real=0.00 secs] 
492700.760: [GC 492700.760: [ParNew: 54403K->2099K(59008K), 0.0028200 secs] 143630K->91482K(517760K), 0.0029330 secs] [Times: user=0.01 sys=0.00, real=0.00 secs] 
492897.007: [GC 492897.007: [ParNew: 54579K->2447K(59008K), 0.0038000 secs] 143962K->91990K(517760K), 0.0038950 secs] [Times: user=0.02 sys=0.00, real=0.00 secs] 
493120.889: [GC 493120.889: [ParNew: 54927K->2109K(59008K), 0.0032330 secs] 144470K->91789K(517760K), 0.0033380 secs] [Times: user=0.01 sys=0.00, real=0.00 secs] 
493322.145: [GC 493322.145: [ParNew: 54589K->2366K(59008K), 0.0047980 secs] 144269K->92177K(517760K), 0.0049020 secs] [Times: user=0.02 sys=0.00, real=0.01 secs] 
493534.863: [GC 493534.864: [ParNew: 54846K->2194K(59008K), 0.0033170 secs] 144657K->92191K(517760K), 0.0034060 secs] [Times: user=0.02 sys=0.00, real=0.00 secs] 
493719.008: [GC 493719.008: [ParNew: 54672K->2124K(59008K), 0.0026950 secs] 144669K->92313K(517760K), 0.0027860 secs] [Times: user=0.02 sys=0.00, real=0.00 secs] 
493894.637: [GC 493894.637: [ParNew: 54604K->1946K(59008K), 0.0032580 secs] 144793K->92265K(517760K), 0.0033440 secs] [Times: user=0.02 sys=0.00, real=0.00 secs] 
494070.511: [GC 494070.511: [ParNew: 54426K->2542K(59008K), 0.0027010 secs] 144745K->93057K(517760K), 0.0027980 secs] [Times: user=0.02 sys=0.00, real=0.00 secs] 
494245.986: [GC 494245.987: [ParNew: 55022K->2522K(59008K), 0.0031770 secs] 145537K->93256K(517760K), 0.0032680 secs] [Times: user=0.02 sys=0.00, real=0.00 secs] 
494420.210: [GC 494420.210: [ParNew: 55002K->2291K(59008K), 0.0027970 secs] 145736K->93213K(517760K), 0.0028980 secs] [Times: user=0.02 sys=0.00, real=0.00 secs] 
494608.056: [GC 494608.056: [ParNew: 54771K->2278K(59008K), 0.0029710 secs] 145693K->93408K(517760K), 0.0030700 secs] [Times: user=0.01 sys=0.00, real=0.01 secs] 
494829.690: [GC 494829.690: [ParNew: 54758K->1838K(59008K), 0.0027160 secs] 145888K->93130K(517760K), 0.0028130 secs] [Times: user=0.01 sys=0.00, real=0.00 secs] 
494998.926: [GC 494998.926: [ParNew: 54318K->2051K(59008K), 0.0040850 secs] 145610K->93512K(517760K), 0.0041680 secs] [Times: user=0.01 sys=0.00, real=0.01 secs] 
495201.359: [GC 495201.359: [ParNew: 54531K->2405K(59008K), 0.0027190 secs] 145992K->94046K(517760K), 0.0028080 secs] [Times: user=0.01 sys=0.00, real=0.01 secs] 
495387.872: [GC 495387.872: [ParNew: 54885K->2077K(59008K), 0.0033660 secs] 146526K->93912K(517760K), 0.0034590 secs] [Times: user=0.01 sys=0.00, real=0.00 secs] 
495590.387: [GC 495590.387: [ParNew: 54557K->2164K(59008K), 0.0027150 secs] 146392K->94174K(517760K), 0.0028110 secs] [Times: user=0.01 sys=0.00, real=0.00 secs] 
495781.726: [GC 495781.726: [ParNew: 54644K->2132K(59008K), 0.0035900 secs] 146654K->94309K(517760K), 0.0036780 secs] [Times: user=0.02 sys=0.00, real=0.00 secs] 
495962.149: [GC 495962.149: [ParNew: 54612K->2151K(59008K), 0.0032340 secs] 146789K->94505K(517760K), 0.0033200 secs] [Times: user=0.01 sys=0.00, real=0.01 secs] 
496139.723: [GC 496139.723: [ParNew: 54631K->1944K(59008K), 0.0025800 secs] 146985K->94420K(517760K), 0.0026760 secs] [Times: user=0.02 sys=0.00, real=0.00 secs] 
496336.590: [GC 496336.590: [ParNew: 54424K->1935K(59008K), 0.0027120 secs] 146900K->94577K(517760K), 0.0028070 secs] [Times: user=0.01 sys=0.00, real=0.01 secs] 
496544.420: [GC 496544.420: [ParNew: 54415K->1926K(59008K), 0.0030770 secs] 147057K->94770K(517760K), 0.0031660 secs] [Times: user=0.01 sys=0.00, real=0.00 secs] 
496730.516: [GC 496730.516: [ParNew: 54406K->1715K(59008K), 0.0037790 secs] 147250K->94694K(517760K), 0.0038720 secs] [Times: user=0.01 sys=0.00, real=0.01 secs] 
496873.763: [GC 496873.764: [ParNew: 54195K->1695K(59008K), 0.0046230 secs] 147174K->94828K(517760K), 0.0047090 secs] [Times: user=0.01 sys=0.00, real=0.00 secs] 
497016.112: [GC 497016.112: [ParNew: 54175K->1882K(59008K), 0.0032130 secs] 147308K->95165K(517760K), 0.0033160 secs] [Times: user=0.01 sys=0.00, real=0.01 secs] 
497165.695: [GC 497165.695: [ParNew: 54362K->1666K(59008K), 0.0050560 secs] 147645K->95104K(517760K), 0.0051580 secs] [Times: user=0.01 sys=0.00, real=0.00 secs] 
497307.519: [GC 497307.519: [ParNew: 54146K->1828K(59008K), 0.0035170 secs] 147584K->95401K(517760K), 0.0036320 secs] [Times: user=0.01 sys=0.00, real=0.00 secs] 
497481.749: [GC 497481.749: [ParNew: 54305K->1857K(59008K), 0.0037230 secs] 147877K->95563K(517760K), 0.0038180 secs] [Times: user=0.01 sys=0.01, real=0.01 secs] 
497671.919: [GC 497671.919: [ParNew: 54337K->1743K(59008K), 0.0040020 secs] 148043K->95559K(517760K), 0.0040930 secs] [Times: user=0.01 sys=0.00, real=0.00 secs] 
497864.418: [GC 497864.418: [ParNew: 54223K->1956K(59008K), 0.0024660 secs] 148039K->95904K(517760K), 0.0025620 secs] [Times: user=0.01 sys=0.00, real=0.00 secs] 
498046.519: [GC 498046.519: [ParNew: 54436K->1790K(59008K), 0.0033790 secs] 148384K->95930K(517760K), 0.0034730 secs] [Times: user=0.02 sys=0.00, real=0.00 secs] 
498216.422: [GC 498216.422: [ParNew: 54270K->2101K(59008K), 0.0028670 secs] 148410K->96408K(517760K), 0.0029560 secs] [Times: user=0.01 sys=0.00, real=0.01 secs] 
498407.881: [GC 498407.881: [ParNew: 54581K->1893K(59008K), 0.0039450 secs] 148888K->96350K(517760K), 0.0040390 secs] [Times: user=0.02 sys=0.00, real=0.00 secs] 
498569.629: [GC 498569.629: [ParNew: 54373K->2175K(59008K), 0.0037340 secs] 148829K->96744K(517760K), 0.0038430 secs] [Times: user=0.02 sys=0.00, real=0.00 secs] 
498761.751: [GC 498761.751: [ParNew: 54655K->2179K(59008K), 0.0026570 secs] 149224K->96897K(517760K), 0.0027480 secs] [Times: user=0.02 sys=0.00, real=0.01 secs] 
498951.735: [GC 498951.735: [ParNew: 54659K->2510K(59008K), 0.0031330 secs] 149377K->97387K(517760K), 0.0032230 secs] [Times: user=0.02 sys=0.00, real=0.01 secs] 
499129.677: [GC 499129.677: [ParNew: 54990K->1856K(59008K), 0.0043900 secs] 149867K->96908K(517760K), 0.0044820 secs] [Times: user=0.01 sys=0.00, real=0.00 secs] 
499328.521: [GC 499328.521: [ParNew: 54333K->1925K(59008K), 0.0049230 secs] 149384K->97148K(517760K), 0.0050210 secs] [Times: user=0.01 sys=0.00, real=0.00 secs] 
499524.255: [GC 499524.255: [ParNew: 54405K->2098K(59008K), 0.0036380 secs] 149628K->97452K(517760K), 0.0037470 secs] [Times: user=0.01 sys=0.00, real=0.00 secs] 
499709.294: [GC 499709.294: [ParNew: 54578K->2376K(59008K), 0.0029890 secs] 149932K->97945K(517760K), 0.0030800 secs] [Times: user=0.02 sys=0.00, real=0.00 secs] 
499875.169: [GC 499875.169: [ParNew: 54856K->2045K(59008K), 0.0030660 secs] 150425K->97768K(517760K), 0.0031540 secs] [Times: user=0.02 sys=0.00, real=0.00 secs] 
500072.634: [GC 500072.634: [ParNew: 54525K->2233K(59008K), 0.0041270 secs] 150248K->98099K(517760K), 0.0042110 secs] [Times: user=0.02 sys=0.00, real=0.00 secs] 
500251.367: [GC 500251.367: [ParNew: 54713K->2093K(59008K), 0.0043460 secs] 150579K->98080K(517760K), 0.0044310 secs] [Times: user=0.01 sys=0.00, real=0.00 secs] 
500381.743: [GC 500381.743: [ParNew: 54573K->2124K(59008K), 0.0032440 secs] 150560K->98304K(517760K), 0.0033260 secs] [Times: user=0.01 sys=0.00, real=0.00 secs] 
500553.944: [GC 500553.944: [ParNew: 54604K->1873K(59008K), 0.0039060 secs] 150784K->98218K(517760K), 0.0040010 secs] [Times: user=0.01 sys=0.00, real=0.01 secs] 
500770.781: [GC 500770.781: [ParNew: 54353K->2033K(59008K), 0.0027340 secs] 150698K->98579K(517760K), 0.0028350 secs] [Times: user=0.01 sys=0.00, real=0.00 secs] 
500958.458: [GC 500958.458: [ParNew: 54513K->2207K(59008K), 0.0029210 secs] 151059K->98893K(517760K), 0.0030070 secs] [Times: user=0.01 sys=0.00, real=0.00 secs] 
501152.685: [GC 501152.685: [ParNew: 54687K->2230K(59008K), 0.0056070 secs] 151373K->99094K(517760K), 0.0056910 secs] [Times: user=0.01 sys=0.00, real=0.01 secs] 
501344.922: [GC 501344.922: [ParNew: 54710K->1878K(59008K), 0.0042990 secs] 151574K->98925K(517760K), 0.0043890 secs] [Times: user=0.02 sys=0.00, real=0.01 secs] 
501514.382: [GC 501514.382: [ParNew: 54358K->2008K(59008K), 0.0055850 secs] 151405K->99185K(517760K), 0.0056800 secs] [Times: user=0.01 sys=0.01, real=0.00 secs] 
501725.397: [GC 501725.397: [ParNew: 54488K->2080K(59008K), 0.0036480 secs] 151665K->99456K(517760K), 0.0037400 secs] [Times: user=0.01 sys=0.00, real=0.00 secs] 
501933.607: [GC 501933.607: [ParNew: 54560K->2219K(59008K), 0.0035030 secs] 151936K->99851K(517760K), 0.0036030 secs] [Times: user=0.02 sys=0.00, real=0.00 secs] 
502108.158: [GC 502108.158: [ParNew: 54699K->1893K(59008K), 0.0043140 secs] 152331K->99726K(517760K), 0.0044170 secs] [Times: user=0.02 sys=0.00, real=0.01 secs] 
502282.622: [GC 502282.622: [ParNew: 54373K->2045K(59008K), 0.0026990 secs] 152206K->99990K(517760K), 0.0027860 secs] [Times: user=0.01 sys=0.00, real=0.00 secs] 
502440.670: [GC 502440.670: [ParNew: 54525K->2038K(59008K), 0.0029520 secs] 152470K->100075K(517760K), 0.0030660 secs] [Times: user=0.02 sys=0.00, real=0.00 secs] 
502595.073: [GC 502595.073: [ParNew: 54518K->2302K(59008K), 0.0030940 secs] 152555K->100472K(517760K), 0.0031930 secs] [Times: user=0.02 sys=0.00, real=0.00 secs] 
502828.101: [GC 502828.101: [ParNew: 54782K->2332K(59008K), 0.0034460 secs] 152952K->100696K(517760K), 0.0035390 secs] [Times: user=0.01 sys=0.01, real=0.00 secs] 
503067.777: [GC 503067.777: [ParNew: 54812K->2175K(59008K), 0.0026680 secs] 153176K->100638K(517760K), 0.0027600 secs] [Times: user=0.01 sys=0.00, real=0.00 secs] 
503335.880: [GC 503335.880: [ParNew: 54655K->2012K(59008K), 0.0040310 secs] 153118K->100652K(517760K), 0.0041200 secs] [Times: user=0.01 sys=0.00, real=0.00 secs] 
503578.492: [GC 503578.492: [ParNew: 54412K->1987K(59008K), 0.0038910 secs] 153052K->100916K(517760K), 0.0039870 secs] [Times: user=0.02 sys=0.00, real=0.00 secs] 
503808.189: [GC 503808.189: [ParNew: 54467K->2064K(59008K), 0.0042310 secs] 153396K->101304K(517760K), 0.0043200 secs] [Times: user=0.01 sys=0.00, real=0.00 secs] 
503986.264: [GC 503986.265: [ParNew: 54544K->1705K(59008K), 0.0042630 secs] 153784K->101060K(517760K), 0.0043500 secs] [Times: user=0.01 sys=0.00, real=0.01 secs] 
504206.801: [GC 504206.801: [ParNew: 54185K->1800K(59008K), 0.0037950 secs] 153540K->101318K(517760K), 0.0038900 secs] [Times: user=0.02 sys=0.00, real=0.00 secs] 
504433.807: [GC 504433.807: [ParNew: 54280K->1523K(59008K), 0.0036190 secs] 153798K->101182K(517760K), 0.0037090 secs] [Times: user=0.02 sys=0.00, real=0.00 secs] 
504701.160: [GC 504701.160: [ParNew: 54003K->1526K(59008K), 0.0037050 secs] 153662K->101322K(517760K), 0.0038180 secs] [Times: user=0.01 sys=0.00, real=0.01 secs] 
504979.937: [GC 504979.937: [ParNew: 54006K->1647K(59008K), 0.0042510 secs] 153802K->101560K(517760K), 0.0043510 secs] [Times: user=0.02 sys=0.00, real=0.00 secs] 
505276.028: [GC 505276.028: [ParNew: 54127K->1632K(59008K), 0.0037440 secs] 154040K->101683K(517760K), 0.0038640 secs] [Times: user=0.01 sys=0.00, real=0.00 secs] 
505476.535: [GC 505476.535: [ParNew: 54112K->1974K(59008K), 0.0028690 secs] 154163K->102100K(517760K), 0.0029630 secs] [Times: user=0.02 sys=0.00, real=0.00 secs] 
505626.997: [GC 505626.997: [ParNew: 54454K->2210K(59008K), 0.0032480 secs] 154580K->102527K(517760K), 0.0033370 secs] [Times: user=0.02 sys=0.00, real=0.01 secs] 
505883.313: [GC 505883.313: [ParNew: 54690K->1857K(59008K), 0.0028020 secs] 155007K->102300K(517760K), 0.0028990 secs] [Times: user=0.02 sys=0.00, real=0.01 secs] 
505970.814: [GC 505970.814: [ParNew: 54337K->1579K(59008K), 0.0040730 secs] 154780K->102181K(517760K), 0.0041710 secs] [Times: user=0.01 sys=0.00, real=0.00 secs] 
506107.579: [GC 506107.579: [ParNew: 54059K->1675K(59008K), 0.0031460 secs] 154661K->102734K(517760K), 0.0032400 secs] [Times: user=0.02 sys=0.00, real=0.00 secs] 
506351.256: [GC 506351.256: [ParNew: 54155K->1124K(59008K), 0.0028740 secs] 155214K->102320K(517760K), 0.0029710 secs] [Times: user=0.01 sys=0.00, real=0.00 secs] 
506637.887: [GC 506637.887: [ParNew: 53602K->1574K(59008K), 0.0025530 secs] 154798K->102971K(517760K), 0.0026460 secs] [Times: user=0.01 sys=0.00, real=0.00 secs] 
506936.824: [GC 506936.824: [ParNew: 53951K->1738K(59008K), 0.0030780 secs] 155348K->103172K(517760K), 0.0031630 secs] [Times: user=0.01 sys=0.00, real=0.01 secs] 
507272.952: [GC 507272.952: [ParNew: 54218K->1660K(59008K), 0.0044760 secs] 155652K->103238K(517760K), 0.0045800 secs] [Times: user=0.01 sys=0.00, real=0.00 secs] 
507603.797: [GC 507603.797: [ParNew: 54140K->2012K(59008K), 0.0033820 secs] 155718K->103732K(517760K), 0.0034770 secs] [Times: user=0.01 sys=0.00, real=0.01 secs] 
507896.838: [GC 507896.838: [ParNew: 54415K->1712K(59008K), 0.0030800 secs] 156135K->103781K(517760K), 0.0031830 secs] [Times: user=0.01 sys=0.00, real=0.01 secs] 
508289.126: [GC 508289.126: [ParNew: 54192K->1289K(59008K), 0.0031940 secs] 156261K->103541K(517760K), 0.0032890 secs] [Times: user=0.01 sys=0.00, real=0.01 secs] 
508620.786: [GC 508620.786: [ParNew: 53769K->1171K(59008K), 0.0027920 secs] 156021K->103592K(517760K), 0.0028790 secs] [Times: user=0.01 sys=0.00, real=0.00 secs] 
508951.695: [GC 508951.695: [ParNew: 53651K->1172K(59008K), 0.0028170 secs] 156072K->103714K(517760K), 0.0029310 secs] [Times: user=0.01 sys=0.00, real=0.00 secs] 
509309.183: [GC 509309.183: [ParNew: 53652K->1201K(59008K), 0.0036890 secs] 156194K->103911K(517760K), 0.0037790 secs] [Times: user=0.02 sys=0.00, real=0.01 secs] 
509631.002: [GC 509631.002: [ParNew: 53681K->1184K(59008K), 0.0025440 secs] 156391K->103971K(517760K), 0.0026350 secs] [Times: user=0.02 sys=0.00, real=0.01 secs] 
509984.162: [GC 509984.162: [ParNew: 53664K->1394K(59008K), 0.0035710 secs] 156451K->104333K(517760K), 0.0036620 secs] [Times: user=0.01 sys=0.00, real=0.00 secs] 
510358.709: [GC 510358.709: [ParNew: 53874K->1186K(59008K), 0.0023440 secs] 156813K->104215K(517760K), 0.0024320 secs] [Times: user=0.01 sys=0.00, real=0.00 secs] 
510671.484: [GC 510671.484: [ParNew: 53666K->1265K(59008K), 0.0023890 secs] 156695K->104412K(517760K), 0.0024840 secs] [Times: user=0.02 sys=0.00, real=0.01 secs] 
511012.919: [GC 511012.919: [ParNew: 53745K->1188K(59008K), 0.0026190 secs] 156892K->104454K(517760K), 0.0027160 secs] [Times: user=0.02 sys=0.00, real=0.01 secs] 
511361.877: [GC 511361.877: [ParNew: 53668K->1310K(59008K), 0.0024730 secs] 156934K->104686K(517760K), 0.0025670 secs] [Times: user=0.01 sys=0.00, real=0.00 secs] 
511699.234: [GC 511699.234: [ParNew: 53790K->1105K(59008K), 0.0025200 secs] 157166K->104567K(517760K), 0.0026080 secs] [Times: user=0.01 sys=0.00, real=0.00 secs] 
511976.948: [GC 511976.948: [ParNew: 53467K->1160K(59008K), 0.0022920 secs] 156930K->104748K(517760K), 0.0023870 secs] [Times: user=0.02 sys=0.00, real=0.00 secs] 
512314.512: [GC 512314.512: [ParNew: 53640K->1098K(59008K), 0.0024140 secs] 157228K->104812K(517760K), 0.0025050 secs] [Times: user=0.02 sys=0.00, real=0.00 secs] 
512641.676: [GC 512641.676: [ParNew: 53578K->1214K(59008K), 0.0024720 secs] 157292K->105025K(517760K), 0.0025620 secs] [Times: user=0.01 sys=0.00, real=0.01 secs] 
512956.676: [GC 512956.676: [ParNew: 53694K->1176K(59008K), 0.0039480 secs] 157505K->105059K(517760K), 0.0040470 secs] [Times: user=0.01 sys=0.00, real=0.00 secs] 
513278.786: [GC 513278.786: [ParNew: 53656K->1373K(59008K), 0.0025330 secs] 157539K->105350K(517760K), 0.0026310 secs] [Times: user=0.02 sys=0.00, real=0.00 secs] 
513564.563: [GC 513564.563: [ParNew: 53853K->1419K(59008K), 0.0037380 secs] 157830K->105510K(517760K), 0.0038330 secs] [Times: user=0.01 sys=0.00, real=0.01 secs] 
513855.291: [GC 513855.291: [ParNew: 53899K->1565K(59008K), 0.0024740 secs] 157990K->105751K(517760K), 0.0025630 secs] [Times: user=0.02 sys=0.00, real=0.00 secs] 
514171.424: [GC 514171.424: [ParNew: 54045K->1567K(59008K), 0.0023720 secs] 158231K->105818K(517760K), 0.0024680 secs] [Times: user=0.02 sys=0.00, real=0.01 secs] 
514470.433: [GC 514470.433: [ParNew: 54047K->1404K(59008K), 0.0022530 secs] 158298K->105779K(517760K), 0.0023410 secs] [Times: user=0.02 sys=0.00, real=0.00 secs] 
514790.507: [GC 514790.507: [ParNew: 53884K->1350K(59008K), 0.0023860 secs] 158259K->105907K(517760K), 0.0024870 secs] [Times: user=0.01 sys=0.00, real=0.00 secs] 
515099.550: [GC 515099.550: [ParNew: 53828K->1350K(59008K), 0.0021790 secs] 158385K->106015K(517760K), 0.0022770 secs] [Times: user=0.01 sys=0.00, real=0.00 secs] 
515419.720: [GC 515419.720: [ParNew: 53830K->1347K(59008K), 0.0022980 secs] 158495K->106044K(517760K), 0.0023900 secs] [Times: user=0.01 sys=0.00, real=0.01 secs] 
515737.767: [GC 515737.767: [ParNew: 53827K->1068K(59008K), 0.0051380 secs] 158524K->105900K(517760K), 0.0052390 secs] [Times: user=0.01 sys=0.00, real=0.01 secs] 
516052.145: [GC 516052.145: [ParNew: 53548K->1228K(59008K), 0.0029420 secs] 158380K->106149K(517760K), 0.0030290 secs] [Times: user=0.02 sys=0.00, real=0.01 secs] 
516324.540: [GC 516324.540: [ParNew: 53708K->1372K(59008K), 0.0027160 secs] 158629K->106387K(517760K), 0.0028030 secs] [Times: user=0.01 sys=0.00, real=0.01 secs] 
516658.591: [GC 516658.591: [ParNew: 53833K->1531K(59008K), 0.0039480 secs] 158847K->106593K(517760K), 0.0040470 secs] [Times: user=0.01 sys=0.00, real=0.00 secs] 
516962.011: [GC 516962.012: [ParNew: 54011K->1308K(59008K), 0.0030670 secs] 159073K->106443K(517760K), 0.0031590 secs] [Times: user=0.01 sys=0.00, real=0.00 secs] 
517311.890: [GC 517311.890: [ParNew: 53788K->1179K(59008K), 0.0029260 secs] 158923K->106397K(517760K), 0.0030200 secs] [Times: user=0.01 sys=0.00, real=0.01 secs] 
517623.457: [GC 517623.458: [ParNew: 53659K->1419K(59008K), 0.0025540 secs] 158876K->106816K(517760K), 0.0026560 secs] [Times: user=0.02 sys=0.00, real=0.01 secs] 
517969.884: [GC 517969.884: [ParNew: 53899K->1106K(59008K), 0.0021520 secs] 159296K->106584K(517760K), 0.0022420 secs] [Times: user=0.02 sys=0.00, real=0.01 secs] 
518289.050: [GC 518289.050: [ParNew: 53586K->1137K(59008K), 0.0022410 secs] 159064K->106713K(517760K), 0.0023330 secs] [Times: user=0.02 sys=0.00, real=0.01 secs] 
518643.726: [GC 518643.726: [ParNew: 53617K->1261K(59008K), 0.0021130 secs] 159193K->106898K(517760K), 0.0022040 secs] [Times: user=0.02 sys=0.00, real=0.00 secs] 
518989.936: [GC 518989.936: [ParNew: 53741K->1237K(59008K), 0.0021540 secs] 159378K->106979K(517760K), 0.0022430 secs] [Times: user=0.01 sys=0.00, real=0.00 secs] 
519338.775: [GC 519338.775: [ParNew: 53717K->1339K(59008K), 0.0021300 secs] 159459K->107156K(517760K), 0.0022170 secs] [Times: user=0.01 sys=0.00, real=0.00 secs] 
519673.322: [GC 519673.322: [ParNew: 53819K->1128K(59008K), 0.0021550 secs] 159636K->107048K(517760K), 0.0022460 secs] [Times: user=0.02 sys=0.00, real=0.00 secs] 
520016.939: [GC 520016.939: [ParNew: 53608K->1016K(59008K), 0.0022320 secs] 159528K->107032K(517760K), 0.0023230 secs] [Times: user=0.02 sys=0.00, real=0.00 secs] 
520374.193: [GC 520374.193: [ParNew: 53496K->1186K(59008K), 0.0021940 secs] 159512K->107315K(517760K), 0.0022850 secs] [Times: user=0.01 sys=0.00, real=0.00 secs] 
520732.698: [GC 520732.698: [ParNew: 53666K->1243K(59008K), 0.0022690 secs] 159795K->107465K(517760K), 0.0023620 secs] [Times: user=0.02 sys=0.00, real=0.01 secs] 
521093.157: [GC 521093.157: [ParNew: 53723K->1211K(59008K), 0.0031550 secs] 159945K->107539K(517760K), 0.0032500 secs] [Times: user=0.01 sys=0.00, real=0.00 secs] 
521441.610: [GC 521441.610: [ParNew: 53691K->1275K(59008K), 0.0024470 secs] 160019K->107710K(517760K), 0.0025400 secs] [Times: user=0.02 sys=0.00, real=0.00 secs] 
521771.587: [GC 521771.588: [ParNew: 53755K->1083K(59008K), 0.0029080 secs] 160190K->107655K(517760K), 0.0030050 secs] [Times: user=0.02 sys=0.00, real=0.00 secs] 
522152.531: [GC 522152.531: [ParNew: 53563K->1206K(59008K), 0.0029140 secs] 160135K->107846K(517760K), 0.0030020 secs] [Times: user=0.01 sys=0.00, real=0.01 secs] 
522506.551: [GC 522506.551: [ParNew: 53686K->1025K(59008K), 0.0023600 secs] 160326K->107789K(517760K), 0.0024490 secs] [Times: user=0.02 sys=0.00, real=0.00 secs] 
522872.100: [GC 522872.100: [ParNew: 53505K->1098K(59008K), 0.0021630 secs] 160269K->107931K(517760K), 0.0022490 secs] [Times: user=0.02 sys=0.00, real=0.00 secs] 
523237.635: [GC 523237.635: [ParNew: 53578K->1173K(59008K), 0.0022430 secs] 160411K->108095K(517760K), 0.0023320 secs] [Times: user=0.02 sys=0.00, real=0.00 secs] 
523629.167: [GC 523629.167: [ParNew: 53653K->1108K(59008K), 0.0022070 secs] 160575K->108115K(517760K), 0.0022980 secs] [Times: user=0.02 sys=0.00, real=0.01 secs] 
523988.928: [GC 523988.928: [ParNew: 53588K->1053K(59008K), 0.0023430 secs] 160595K->108155K(517760K), 0.0024330 secs] [Times: user=0.01 sys=0.00, real=0.00 secs] 
524315.388: [GC 524315.389: [ParNew: 53533K->1178K(59008K), 0.0022220 secs] 160635K->108348K(517760K), 0.0023540 secs] [Times: user=0.02 sys=0.00, real=0.01 secs] 
524644.782: [GC 524644.782: [ParNew: 53658K->1282K(59008K), 0.0021170 secs] 160828K->108564K(517760K), 0.0022100 secs] [Times: user=0.02 sys=0.00, real=0.00 secs] 
525000.274: [GC 525000.274: [ParNew: 53762K->1273K(59008K), 0.0021570 secs] 161044K->108614K(517760K), 0.0022500 secs] [Times: user=0.02 sys=0.00, real=0.00 secs] 
525346.242: [GC 525346.242: [ParNew: 53753K->1226K(59008K), 0.0021850 secs] 161094K->108642K(517760K), 0.0022880 secs] [Times: user=0.01 sys=0.00, real=0.01 secs] 
525725.249: [GC 525725.249: [ParNew: 53706K->1295K(59008K), 0.0022550 secs] 161122K->108792K(517760K), 0.0023500 secs] [Times: user=0.02 sys=0.00, real=0.00 secs] 
526089.758: [GC 526089.758: [ParNew: 53775K->1291K(59008K), 0.0022190 secs] 161272K->108956K(517760K), 0.0023120 secs] [Times: user=0.02 sys=0.00, real=0.00 secs] 
526448.234: [GC 526448.234: [ParNew: 53771K->1121K(59008K), 0.0021330 secs] 161436K->108856K(517760K), 0.0022260 secs] [Times: user=0.01 sys=0.00, real=0.00 secs] 
526802.194: [GC 526802.195: [ParNew: 53601K->1096K(59008K), 0.0025490 secs] 161336K->108971K(517760K), 0.0026430 secs] [Times: user=0.02 sys=0.00, real=0.00 secs] 
527195.743: [GC 527195.743: [ParNew: 53576K->1057K(59008K), 0.0023470 secs] 161451K->108994K(517760K), 0.0024400 secs] [Times: user=0.02 sys=0.00, real=0.00 secs] 
527557.518: [GC 527557.519: [ParNew: 53537K->1238K(59008K), 0.0027090 secs] 161474K->109276K(517760K), 0.0028080 secs] [Times: user=0.02 sys=0.00, real=0.00 secs] 
527940.268: [GC 527940.268: [ParNew: 53718K->945K(59008K), 0.0023370 secs] 161756K->109129K(517760K), 0.0024330 secs] [Times: user=0.01 sys=0.00, real=0.00 secs] 
528328.983: [GC 528328.983: [ParNew: 53425K->938K(59008K), 0.0024740 secs] 161609K->109187K(517760K), 0.0025790 secs] [Times: user=0.01 sys=0.01, real=0.00 secs] 
528726.944: [GC 528726.944: [ParNew: 53418K->1024K(59008K), 0.0032420 secs] 161667K->109345K(517760K), 0.0033450 secs] [Times: user=0.01 sys=0.00, real=0.00 secs] 
529119.851: [GC 529119.851: [ParNew: 53504K->889K(59008K), 0.0021590 secs] 161825K->109303K(517760K), 0.0022480 secs] [Times: user=0.02 sys=0.00, real=0.00 secs] 
529536.529: [GC 529536.529: [ParNew: 53369K->927K(59008K), 0.0022230 secs] 161783K->109437K(517760K), 0.0023120 secs] [Times: user=0.02 sys=0.00, real=0.01 secs] 
529903.963: [GC 529903.963: [ParNew: 53407K->1005K(59008K), 0.0024790 secs] 161917K->109596K(517760K), 0.0025740 secs] [Times: user=0.02 sys=0.00, real=0.00 secs] 
530272.004: [GC 530272.004: [ParNew: 53485K->1044K(59008K), 0.0022830 secs] 162076K->109660K(517760K), 0.0023760 secs] [Times: user=0.01 sys=0.00, real=0.01 secs] 
530633.890: [GC 530633.890: [ParNew: 53524K->1075K(59008K), 0.0022740 secs] 162140K->109776K(517760K), 0.0023660 secs] [Times: user=0.01 sys=0.00, real=0.00 secs] 
531032.396: [GC 531032.396: [ParNew: 53555K->1118K(59008K), 0.0024710 secs] 162256K->109891K(517760K), 0.0025690 secs] [Times: user=0.01 sys=0.00, real=0.00 secs] 
531428.925: [GC 531428.925: [ParNew: 53598K->1090K(59008K), 0.0032970 secs] 162371K->110016K(517760K), 0.0033840 secs] [Times: user=0.01 sys=0.00, real=0.00 secs] 
531827.722: [GC 531827.723: [ParNew: 53570K->1010K(59008K), 0.0022460 secs] 162496K->110054K(517760K), 0.0023370 secs] [Times: user=0.01 sys=0.00, real=0.00 secs] 
532151.851: [GC 532151.851: [ParNew: 53490K->1054K(59008K), 0.0024170 secs] 162534K->110156K(517760K), 0.0025120 secs] [Times: user=0.02 sys=0.00, real=0.00 secs] 
532517.664: [GC 532517.664: [ParNew: 53534K->1007K(59008K), 0.0024970 secs] 162636K->110202K(517760K), 0.0025940 secs] [Times: user=0.01 sys=0.00, real=0.00 secs] 
532903.748: [GC 532903.748: [ParNew: 53487K->906K(59008K), 0.0027680 secs] 162682K->110163K(517760K), 0.0028600 secs] [Times: user=0.01 sys=0.00, real=0.00 secs] 
533264.642: [GC 533264.642: [ParNew: 53386K->1135K(59008K), 0.0031040 secs] 162643K->110450K(517760K), 0.0032010 secs] [Times: user=0.01 sys=0.00, real=0.00 secs] 
533623.725: [GC 533623.725: [ParNew: 53615K->1284K(59008K), 0.0032560 secs] 162930K->110749K(517760K), 0.0033770 secs] [Times: user=0.01 sys=0.00, real=0.00 secs] 
534001.471: [GC 534001.471: [ParNew: 53764K->1225K(59008K), 0.0037000 secs] 163229K->110776K(517760K), 0.0037920 secs] [Times: user=0.02 sys=0.00, real=0.01 secs] 
534363.094: [GC 534363.094: [ParNew: 53705K->1242K(59008K), 0.0025830 secs] 163256K->110873K(517760K), 0.0026770 secs] [Times: user=0.02 sys=0.00, real=0.01 secs] 
534722.538: [GC 534722.538: [ParNew: 53722K->1222K(59008K), 0.0028590 secs] 163353K->110934K(517760K), 0.0029470 secs] [Times: user=0.01 sys=0.00, real=0.01 secs] 
535049.732: [GC 535049.732: [ParNew: 53702K->1247K(59008K), 0.0024680 secs] 163414K->111149K(517760K), 0.0025610 secs] [Times: user=0.01 sys=0.00, real=0.00 secs] 
535396.117: [GC 535396.117: [ParNew: 53727K->1107K(59008K), 0.0022280 secs] 163629K->111097K(517760K), 0.0023180 secs] [Times: user=0.01 sys=0.00, real=0.01 secs] 
535720.563: [GC 535720.563: [ParNew: 53587K->1282K(59008K), 0.0022280 secs] 163577K->111359K(517760K), 0.0023220 secs] [Times: user=0.01 sys=0.00, real=0.00 secs] 
536088.646: [GC 536088.646: [ParNew: 53760K->1208K(59008K), 0.0022090 secs] 163837K->111424K(517760K), 0.0023010 secs] [Times: user=0.02 sys=0.00, real=0.01 secs] 
536438.697: [GC 536438.697: [ParNew: 53688K->1301K(59008K), 0.0025340 secs] 163904K->111616K(517760K), 0.0026270 secs] [Times: user=0.02 sys=0.00, real=0.00 secs] 
536751.518: [GC 536751.518: [ParNew: 53781K->1237K(59008K), 0.0032120 secs] 164095K->111698K(517760K), 0.0033120 secs] [Times: user=0.02 sys=0.00, real=0.01 secs] 
537088.350: [GC 537088.350: [ParNew: 53717K->1088K(59008K), 0.0031500 secs] 164178K->111639K(517760K), 0.0032710 secs] [Times: user=0.01 sys=0.00, real=0.00 secs] 
537375.539: [GC 537375.539: [ParNew: 53568K->1261K(59008K), 0.0025330 secs] 164119K->111909K(517760K), 0.0026260 secs] [Times: user=0.01 sys=0.00, real=0.01 secs] 
537709.297: [GC 537709.297: [ParNew: 53740K->1491K(59008K), 0.0036200 secs] 164388K->112233K(517760K), 0.0037130 secs] [Times: user=0.02 sys=0.00, real=0.00 secs] 
538019.533: [GC 538019.533: [ParNew: 53971K->1376K(59008K), 0.0038070 secs] 164713K->112230K(517760K), 0.0038950 secs] [Times: user=0.01 sys=0.00, real=0.01 secs] 
538323.918: [GC 538323.918: [ParNew: 53856K->1363K(59008K), 0.0027960 secs] 164710K->112331K(517760K), 0.0028910 secs] [Times: user=0.01 sys=0.00, real=0.00 secs] 
538616.882: [GC 538616.882: [ParNew: 53843K->1671K(59008K), 0.0031030 secs] 164811K->112777K(517760K), 0.0031940 secs] [Times: user=0.02 sys=0.00, real=0.00 secs] 
538920.684: [GC 538920.684: [ParNew: 54151K->1850K(59008K), 0.0024210 secs] 165257K->113064K(517760K), 0.0025150 secs] [Times: user=0.01 sys=0.00, real=0.01 secs] 
539250.315: [GC 539250.315: [ParNew: 54330K->1732K(59008K), 0.0025810 secs] 165544K->113109K(517760K), 0.0026780 secs] [Times: user=0.02 sys=0.00, real=0.00 secs] 
539587.544: [GC 539587.544: [ParNew: 54212K->1792K(59008K), 0.0024680 secs] 165589K->113262K(517760K), 0.0025630 secs] [Times: user=0.02 sys=0.01, real=0.00 secs] 
539893.987: [GC 539893.988: [ParNew: 54272K->1804K(59008K), 0.0024570 secs] 165742K->113422K(517760K), 0.0025480 secs] [Times: user=0.02 sys=0.00, real=0.00 secs] 
540212.126: [GC 540212.126: [ParNew: 54284K->1748K(59008K), 0.0027280 secs] 165902K->113580K(517760K), 0.0028240 secs] [Times: user=0.02 sys=0.00, real=0.00 secs] 
540498.299: [GC 540498.299: [ParNew: 54228K->1873K(59008K), 0.0035690 secs] 166060K->113876K(517760K), 0.0036630 secs] [Times: user=0.01 sys=0.01, real=0.00 secs] 
540764.245: [GC 540764.245: [ParNew: 54353K->1970K(59008K), 0.0035480 secs] 166356K->114160K(517760K), 0.0036360 secs] [Times: user=0.02 sys=0.00, real=0.00 secs] 
541015.100: [GC 541015.100: [ParNew: 54450K->1734K(59008K), 0.0029150 secs] 166640K->114130K(517760K), 0.0030060 secs] [Times: user=0.02 sys=0.00, real=0.00 secs] 
541233.217: [GC 541233.217: [ParNew: 54214K->1746K(59008K), 0.0034820 secs] 166610K->114282K(517760K), 0.0035880 secs] [Times: user=0.02 sys=0.00, real=0.00 secs] 
541501.541: [GC 541501.541: [ParNew: 54226K->1698K(59008K), 0.0037860 secs] 166762K->114405K(517760K), 0.0039310 secs] [Times: user=0.01 sys=0.00, real=0.00 secs] 
541749.148: [GC 541749.148: [ParNew: 54178K->2049K(59008K), 0.0038560 secs] 166885K->114910K(517760K), 0.0039470 secs] [Times: user=0.02 sys=0.00, real=0.00 secs] 
542013.207: [GC 542013.207: [ParNew: 54529K->1927K(59008K), 0.0026900 secs] 167390K->114962K(517760K), 0.0027810 secs] [Times: user=0.02 sys=0.00, real=0.01 secs] 
542285.743: [GC 542285.743: [ParNew: 54407K->1752K(59008K), 0.0026290 secs] 167442K->115019K(517760K), 0.0027330 secs] [Times: user=0.02 sys=0.00, real=0.00 secs] 
542521.288: [GC 542521.288: [ParNew: 54232K->1460K(59008K), 0.0054190 secs] 167499K->114911K(517760K), 0.0055240 secs] [Times: user=0.02 sys=0.00, real=0.01 secs] 
542730.685: [GC 542730.685: [ParNew: 53940K->1787K(59008K), 0.0031630 secs] 167391K->115362K(517760K), 0.0032560 secs] [Times: user=0.01 sys=0.00, real=0.00 secs] 
542973.005: [GC 542973.005: [ParNew: 54267K->1903K(59008K), 0.0031680 secs] 167842K->115715K(517760K), 0.0032760 secs] [Times: user=0.01 sys=0.00, real=0.00 secs] 
543205.735: [GC 543205.735: [ParNew: 54383K->2044K(59008K), 0.0028190 secs] 168195K->115961K(517760K), 0.0029140 secs] [Times: user=0.01 sys=0.00, real=0.00 secs] 
543449.614: [GC 543449.614: [ParNew: 54524K->2568K(59008K), 0.0043230 secs] 168441K->116671K(517760K), 0.0044160 secs] [Times: user=0.01 sys=0.00, real=0.00 secs] 
543672.347: [GC 543672.347: [ParNew: 55048K->2212K(59008K), 0.0046050 secs] 169151K->116543K(517760K), 0.0047100 secs] [Times: user=0.01 sys=0.00, real=0.01 secs] 
543903.836: [GC 543903.836: [ParNew: 54692K->2216K(59008K), 0.0040230 secs] 169023K->116725K(517760K), 0.0041330 secs] [Times: user=0.02 sys=0.00, real=0.01 secs] 
544151.422: [GC 544151.422: [ParNew: 54696K->2456K(59008K), 0.0025980 secs] 169205K->117157K(517760K), 0.0026890 secs] [Times: user=0.02 sys=0.00, real=0.00 secs] 
544369.712: [GC 544369.712: [ParNew: 54936K->2572K(59008K), 0.0028000 secs] 169637K->117457K(517760K), 0.0028900 secs] [Times: user=0.02 sys=0.00, real=0.00 secs] 
544585.966: [GC 544585.966: [ParNew: 55052K->2452K(59008K), 0.0031460 secs] 169937K->117588K(517760K), 0.0032330 secs] [Times: user=0.02 sys=0.00, real=0.00 secs] 
544848.306: [GC 544848.306: [ParNew: 54932K->3005K(59008K), 0.0043820 secs] 170068K->118345K(517760K), 0.0044880 secs] [Times: user=0.02 sys=0.01, real=0.00 secs] 
545084.618: [GC 545084.619: [ParNew: 55485K->1945K(59008K), 0.0026070 secs] 170825K->117571K(517760K), 0.0027010 secs] [Times: user=0.02 sys=0.00, real=0.00 secs] 
545333.646: [GC 545333.646: [ParNew: 54425K->2046K(59008K), 0.0024840 secs] 170051K->117887K(517760K), 0.0026050 secs] [Times: user=0.02 sys=0.00, real=0.00 secs] 
545604.321: [GC 545604.321: [ParNew: 54526K->2329K(59008K), 0.0024590 secs] 170367K->118366K(517760K), 0.0025570 secs] [Times: user=0.01 sys=0.00, real=0.00 secs] 
545803.510: [GC 545803.510: [ParNew: 54809K->1752K(59008K), 0.0024960 secs] 170846K->117955K(517760K), 0.0025900 secs] [Times: user=0.01 sys=0.00, real=0.00 secs] 
546023.336: [GC 546023.336: [ParNew: 54232K->2193K(59008K), 0.0025960 secs] 170435K->118530K(517760K), 0.0026900 secs] [Times: user=0.02 sys=0.00, real=0.00 secs] 
546246.774: [GC 546246.775: [ParNew: 54673K->1950K(59008K), 0.0037270 secs] 171010K->118463K(517760K), 0.0038190 secs] [Times: user=0.02 sys=0.00, real=0.00 secs] 
546503.064: [GC 546503.065: [ParNew: 54430K->2003K(59008K), 0.0039380 secs] 170943K->118675K(517760K), 0.0040490 secs] [Times: user=0.02 sys=0.00, real=0.01 secs] 
546758.717: [GC 546758.718: [ParNew: 54483K->2018K(59008K), 0.0026340 secs] 171155K->118856K(517760K), 0.0027320 secs] [Times: user=0.01 sys=0.00, real=0.00 secs] 
546999.048: [GC 546999.048: [ParNew: 54498K->2400K(59008K), 0.0034230 secs] 171336K->119407K(517760K), 0.0035210 secs] [Times: user=0.01 sys=0.00, real=0.00 secs] 
547247.785: [GC 547247.785: [ParNew: 54880K->2037K(59008K), 0.0026420 secs] 171887K->119260K(517760K), 0.0027400 secs] [Times: user=0.02 sys=0.00, real=0.00 secs] 
547499.225: [GC 547499.225: [ParNew: 54517K->1998K(59008K), 0.0035400 secs] 171740K->119412K(517760K), 0.0036640 secs] [Times: user=0.01 sys=0.00, real=0.01 secs] 
547745.038: [GC 547745.038: [ParNew: 54478K->1799K(59008K), 0.0041260 secs] 171892K->119457K(517760K), 0.0042260 secs] [Times: user=0.01 sys=0.00, real=0.00 secs] 
547960.911: [GC 547960.912: [ParNew: 54279K->2275K(59008K), 0.0029570 secs] 171937K->120109K(517760K), 0.0030480 secs] [Times: user=0.01 sys=0.00, real=0.00 secs] 
548176.636: [GC 548176.636: [ParNew: 54755K->2344K(59008K), 0.0024670 secs] 172589K->120367K(517760K), 0.0025600 secs] [Times: user=0.02 sys=0.00, real=0.01 secs] 
548400.926: [GC 548400.926: [ParNew: 54824K->2395K(59008K), 0.0024690 secs] 172847K->120580K(517760K), 0.0025690 secs] [Times: user=0.02 sys=0.00, real=0.01 secs] 
548648.381: [GC 548648.381: [ParNew: 54875K->2194K(59008K), 0.0113990 secs] 173060K->120523K(517760K), 0.0114980 secs] [Times: user=0.06 sys=0.00, real=0.01 secs] 
548862.484: [GC 548862.485: [ParNew: 54674K->1846K(59008K), 0.0042200 secs] 173003K->120435K(517760K), 0.0043170 secs] [Times: user=0.02 sys=0.00, real=0.01 secs] 
549071.786: [GC 549071.786: [ParNew: 54326K->1742K(59008K), 0.0029880 secs] 172915K->120523K(517760K), 0.0030880 secs] [Times: user=0.01 sys=0.00, real=0.00 secs] 
549326.126: [GC 549326.126: [ParNew: 54222K->1764K(59008K), 0.0030040 secs] 173003K->120671K(517760K), 0.0030940 secs] [Times: user=0.01 sys=0.00, real=0.00 secs] 
549584.680: [GC 549584.680: [ParNew: 54244K->2124K(59008K), 0.0032490 secs] 173151K->121193K(517760K), 0.0033520 secs] [Times: user=0.01 sys=0.00, real=0.01 secs] 
549826.061: [GC 549826.061: [ParNew: 54604K->2026K(59008K), 0.0025340 secs] 173673K->121253K(517760K), 0.0026260 secs] [Times: user=0.02 sys=0.00, real=0.00 secs] 
550097.121: [GC 550097.121: [ParNew: 54506K->2283K(59008K), 0.0024530 secs] 173733K->121659K(517760K), 0.0025550 secs] [Times: user=0.02 sys=0.00, real=0.00 secs] 
550333.918: [GC 550333.918: [ParNew: 54763K->2158K(59008K), 0.0025710 secs] 174139K->121683K(517760K), 0.0026650 secs] [Times: user=0.02 sys=0.00, real=0.00 secs] 
550612.191: [GC 550612.191: [ParNew: 54638K->2498K(59008K), 0.0025510 secs] 174163K->122253K(517760K), 0.0026450 secs] [Times: user=0.02 sys=0.00, real=0.00 secs] 
550809.354: [GC 550809.354: [ParNew: 54978K->1748K(59008K), 0.0026290 secs] 174733K->121750K(517760K), 0.0027210 secs] [Times: user=0.01 sys=0.00, real=0.00 secs] 
551038.932: [GC 551038.933: [ParNew: 54228K->1870K(59008K), 0.0024670 secs] 174230K->122002K(517760K), 0.0025590 secs] [Times: user=0.01 sys=0.00, real=0.00 secs] 
551284.577: [GC 551284.577: [ParNew: 54350K->1937K(59008K), 0.0024170 secs] 174482K->122195K(517760K), 0.0025040 secs] [Times: user=0.02 sys=0.00, real=0.01 secs] 
551513.639: [GC 551513.639: [ParNew: 54417K->1967K(59008K), 0.0031650 secs] 174675K->122363K(517760K), 0.0032640 secs] [Times: user=0.02 sys=0.00, real=0.00 secs] 
551770.191: [GC 551770.191: [ParNew: 54447K->2019K(59008K), 0.0025420 secs] 174843K->122613K(517760K), 0.0026370 secs] [Times: user=0.02 sys=0.00, real=0.00 secs] 
552051.851: [GC 552051.851: [ParNew: 54499K->2042K(59008K), 0.0023540 secs] 175093K->122785K(517760K), 0.0024470 secs] [Times: user=0.02 sys=0.00, real=0.00 secs] 
552310.639: [GC 552310.640: [ParNew: 54522K->1668K(59008K), 0.0024580 secs] 175265K->122617K(517760K), 0.0025500 secs] [Times: user=0.02 sys=0.00, real=0.00 secs] 
552553.162: [GC 552553.162: [ParNew: 54148K->1704K(59008K), 0.0023750 secs] 175097K->122775K(517760K), 0.0024640 secs] [Times: user=0.01 sys=0.00, real=0.00 secs] 
552802.688: [GC 552802.688: [ParNew: 54184K->1971K(59008K), 0.0022650 secs] 175255K->123227K(517760K), 0.0023560 secs] [Times: user=0.02 sys=0.00, real=0.01 secs] 
553115.228: [GC 553115.228: [ParNew: 54445K->1839K(59008K), 0.0026250 secs] 175701K->123245K(517760K), 0.0027190 secs] [Times: user=0.01 sys=0.00, real=0.00 secs] 
553393.463: [GC 553393.463: [ParNew: 54319K->1905K(59008K), 0.0023450 secs] 175725K->123466K(517760K), 0.0024350 secs] [Times: user=0.02 sys=0.00, real=0.00 secs] 
553701.507: [GC 553701.507: [ParNew: 54385K->1842K(59008K), 0.0023540 secs] 175946K->123573K(517760K), 0.0024700 secs] [Times: user=0.02 sys=0.00, real=0.00 secs] 
553958.193: [GC 553958.193: [ParNew: 54322K->1758K(59008K), 0.0024200 secs] 176052K->123664K(517760K), 0.0025130 secs] [Times: user=0.02 sys=0.00, real=0.00 secs] 
554256.051: [GC 554256.051: [ParNew: 54238K->1537K(59008K), 0.0041140 secs] 176144K->123599K(517760K), 0.0042090 secs] [Times: user=0.02 sys=0.00, real=0.00 secs] 
554576.896: [GC 554576.896: [ParNew: 54017K->1848K(59008K), 0.0036060 secs] 176079K->124041K(517760K), 0.0036970 secs] [Times: user=0.02 sys=0.00, real=0.00 secs] 
554889.376: [GC 554889.376: [ParNew: 54324K->1923K(59008K), 0.0030740 secs] 176517K->124257K(517760K), 0.0031690 secs] [Times: user=0.01 sys=0.00, real=0.00 secs] 
555150.702: [GC 555150.702: [ParNew: 54403K->1921K(59008K), 0.0026700 secs] 176737K->124429K(517760K), 0.0027720 secs] [Times: user=0.02 sys=0.00, real=0.00 secs] 
555417.146: [GC 555417.146: [ParNew: 54401K->1837K(59008K), 0.0036160 secs] 176909K->124581K(517760K), 0.0037330 secs] [Times: user=0.01 sys=0.00, real=0.00 secs] 
555705.596: [GC 555705.596: [ParNew: 54317K->2512K(59008K), 0.0069790 secs] 177061K->125417K(517760K), 0.0070970 secs] [Times: user=0.01 sys=0.00, real=0.01 secs] 
556018.021: [GC 556018.022: [ParNew: 54992K->2132K(59008K), 0.0027640 secs] 177897K->125356K(517760K), 0.0028610 secs] [Times: user=0.01 sys=0.00, real=0.00 secs] 
556285.048: [GC 556285.048: [ParNew: 54612K->2263K(59008K), 0.0032230 secs] 177836K->125708K(517760K), 0.0033180 secs] [Times: user=0.01 sys=0.00, real=0.01 secs] 
556515.083: [GC 556515.083: [ParNew: 54743K->2607K(59008K), 0.0041420 secs] 178188K->126274K(517760K), 0.0042320 secs] [Times: user=0.01 sys=0.00, real=0.00 secs] 
556722.511: [GC 556722.511: [ParNew: 55087K->2649K(59008K), 0.0029130 secs] 178754K->126550K(517760K), 0.0030080 secs] [Times: user=0.02 sys=0.00, real=0.01 secs] 
556925.987: [GC 556925.988: [ParNew: 55129K->2242K(59008K), 0.0030260 secs] 179030K->126332K(517760K), 0.0031190 secs] [Times: user=0.02 sys=0.00, real=0.00 secs] 
557175.545: [GC 557175.545: [ParNew: 54722K->2513K(59008K), 0.0029230 secs] 178812K->126870K(517760K), 0.0030160 secs] [Times: user=0.03 sys=0.00, real=0.00 secs] 
557423.795: [GC 557423.796: [ParNew: 54993K->1713K(59008K), 0.0053970 secs] 179350K->126496K(517760K), 0.0054920 secs] [Times: user=0.01 sys=0.00, real=0.01 secs] 
557695.145: [GC 557695.145: [ParNew: 54193K->2265K(59008K), 0.0036800 secs] 178976K->127274K(517760K), 0.0037680 secs] [Times: user=0.02 sys=0.00, real=0.00 secs] 
557877.425: [GC 557877.425: [ParNew: 54745K->2062K(59008K), 0.0034430 secs] 179754K->127209K(517760K), 0.0035360 secs] [Times: user=0.02 sys=0.00, real=0.00 secs] 
558114.221: [GC 558114.221: [ParNew: 54542K->2081K(59008K), 0.0035930 secs] 179689K->127513K(517760K), 0.0036930 secs] [Times: user=0.01 sys=0.00, real=0.00 secs] 
558337.377: [GC 558337.377: [ParNew: 54561K->2164K(59008K), 0.0024440 secs] 179993K->127781K(517760K), 0.0025400 secs] [Times: user=0.02 sys=0.00, real=0.00 secs] 
558544.275: [GC 558544.275: [ParNew: 54644K->2234K(59008K), 0.0024140 secs] 180261K->128028K(517760K), 0.0025010 secs] [Times: user=0.02 sys=0.00, real=0.00 secs] 
558766.576: [GC 558766.576: [ParNew: 54714K->2305K(59008K), 0.0028380 secs] 180508K->128377K(517760K), 0.0029320 secs] [Times: user=0.02 sys=0.00, real=0.00 secs] 
558948.451: [GC 558948.451: [ParNew: 54785K->2529K(59008K), 0.0027080 secs] 180857K->128785K(517760K), 0.0028070 secs] [Times: user=0.02 sys=0.00, real=0.00 secs] 
559165.490: [GC 559165.490: [ParNew: 55009K->2515K(59008K), 0.0027570 secs] 181265K->129008K(517760K), 0.0028500 secs] [Times: user=0.02 sys=0.00, real=0.01 secs] 
559328.495: [GC 559328.495: [ParNew: 54995K->2808K(59008K), 0.0026660 secs] 181488K->129498K(517760K), 0.0027570 secs] [Times: user=0.03 sys=0.00, real=0.00 secs] 
559498.238: [GC 559498.238: [ParNew: 55288K->2910K(59008K), 0.0036580 secs] 181978K->129847K(517760K), 0.0037480 secs] [Times: user=0.02 sys=0.01, real=0.00 secs] 
559653.678: [GC 559653.678: [ParNew: 55390K->2486K(59008K), 0.0032100 secs] 182327K->129691K(517760K), 0.0033330 secs] [Times: user=0.02 sys=0.00, real=0.00 secs] 
559827.888: [GC 559827.888: [ParNew: 54966K->2901K(59008K), 0.0036710 secs] 182171K->130396K(517760K), 0.0037660 secs] [Times: user=0.02 sys=0.00, real=0.00 secs] 
559958.068: [GC 559958.068: [ParNew: 55381K->2455K(59008K), 0.0026700 secs] 182876K->130159K(517760K), 0.0027600 secs] [Times: user=0.02 sys=0.00, real=0.00 secs] 
560114.634: [GC 560114.634: [ParNew: 54935K->3083K(59008K), 0.0028880 secs] 182639K->131013K(517760K), 0.0029830 secs] [Times: user=0.03 sys=0.00, real=0.01 secs] 
560272.433: [GC 560272.433: [ParNew: 55563K->2385K(59008K), 0.0048910 secs] 183493K->130493K(517760K), 0.0049760 secs] [Times: user=0.02 sys=0.00, real=0.01 secs] 
560416.215: [GC 560416.215: [ParNew: 54865K->2182K(59008K), 0.0039340 secs] 182973K->130504K(517760K), 0.0040240 secs] [Times: user=0.01 sys=0.00, real=0.01 secs] 
560541.433: [GC 560541.433: [ParNew: 54662K->3166K(59008K), 0.0035180 secs] 182984K->131714K(517760K), 0.0036130 secs] [Times: user=0.02 sys=0.00, real=0.00 secs] 
560672.587: [GC 560672.587: [ParNew: 55646K->2451K(59008K), 0.0029250 secs] 184194K->131258K(517760K), 0.0030220 secs] [Times: user=0.02 sys=0.00, real=0.00 secs] 
560838.434: [GC 560838.434: [ParNew: 54931K->2731K(59008K), 0.0029920 secs] 183738K->131757K(517760K), 0.0030870 secs] [Times: user=0.03 sys=0.00, real=0.00 secs] 
561020.540: [GC 561020.540: [ParNew: 55211K->2845K(59008K), 0.0033270 secs] 184237K->132079K(517760K), 0.0034270 secs] [Times: user=0.02 sys=0.00, real=0.00 secs] 
561163.526: [GC 561163.526: [ParNew: 55325K->3159K(59008K), 0.0030760 secs] 184559K->132698K(517760K), 0.0031740 secs] [Times: user=0.02 sys=0.00, real=0.01 secs] 
561296.420: [GC 561296.420: [ParNew: 55639K->3057K(59008K), 0.0029780 secs] 185178K->132883K(517760K), 0.0030720 secs] [Times: user=0.02 sys=0.00, real=0.01 secs] 
561472.239: [GC 561472.239: [ParNew: 55537K->2968K(59008K), 0.0031130 secs] 185363K->133167K(517760K), 0.0032250 secs] [Times: user=0.02 sys=0.00, real=0.00 secs] 
561612.122: [GC 561612.122: [ParNew: 55448K->2533K(59008K), 0.0028800 secs] 185647K->132921K(517760K), 0.0029720 secs] [Times: user=0.02 sys=0.00, real=0.00 secs] 
561773.298: [GC 561773.298: [ParNew: 55013K->2779K(59008K), 0.0029130 secs] 185401K->133382K(517760K), 0.0030050 secs] [Times: user=0.02 sys=0.00, real=0.01 secs] 
561915.692: [GC 561915.692: [ParNew: 55259K->2892K(59008K), 0.0034270 secs] 185862K->133766K(517760K), 0.0035300 secs] [Times: user=0.02 sys=0.00, real=0.00 secs] 
562054.654: [GC 562054.655: [ParNew: 55372K->3283K(59008K), 0.0034880 secs] 186246K->134360K(517760K), 0.0035870 secs] [Times: user=0.02 sys=0.00, real=0.00 secs] 
562187.719: [GC 562187.719: [ParNew: 55763K->2908K(59008K), 0.0030210 secs] 186840K->134267K(517760K), 0.0031160 secs] [Times: user=0.02 sys=0.00, real=0.00 secs] 
562322.632: [GC 562322.632: [ParNew: 55388K->3166K(59008K), 0.0041000 secs] 186747K->134797K(517760K), 0.0041990 secs] [Times: user=0.02 sys=0.00, real=0.01 secs] 
562451.129: [GC 562451.129: [ParNew: 55646K->3535K(59008K), 0.0033420 secs] 187277K->135518K(517760K), 0.0034440 secs] [Times: user=0.02 sys=0.00, real=0.00 secs] 
562562.361: [GC 562562.361: [ParNew: 56015K->3233K(59008K), 0.0035340 secs] 187998K->135488K(517760K), 0.0036250 secs] [Times: user=0.01 sys=0.00, real=0.01 secs] 
562698.159: [GC 562698.159: [ParNew: 55713K->3639K(59008K), 0.0036350 secs] 187968K->136235K(517760K), 0.0037280 secs] [Times: user=0.02 sys=0.00, real=0.00 secs] 
562833.689: [GC 562833.689: [ParNew: 56119K->3237K(59008K), 0.0031000 secs] 188715K->136118K(517760K), 0.0031980 secs] [Times: user=0.02 sys=0.00, real=0.00 secs] 
562968.633: [GC 562968.633: [ParNew: 55717K->3486K(59008K), 0.0035920 secs] 188598K->136904K(517760K), 0.0036820 secs] [Times: user=0.02 sys=0.01, real=0.00 secs] 
563102.576: [GC 563102.576: [ParNew: 55966K->2536K(59008K), 0.0041040 secs] 189384K->136146K(517760K), 0.0041960 secs] [Times: user=0.01 sys=0.00, real=0.00 secs] 
563248.533: [GC 563248.533: [ParNew: 55016K->3160K(59008K), 0.0035330 secs] 188626K->137014K(517760K), 0.0036590 secs] [Times: user=0.02 sys=0.00, real=0.01 secs] 
563355.471: [GC 563355.471: [ParNew: 55640K->2919K(59008K), 0.0029490 secs] 189494K->137057K(517760K), 0.0030450 secs] [Times: user=0.03 sys=0.00, real=0.00 secs] 
563514.391: [GC 563514.392: [ParNew: 55399K->3419K(59008K), 0.0033170 secs] 189537K->137918K(517760K), 0.0034180 secs] [Times: user=0.02 sys=0.00, real=0.00 secs] 
563642.232: [GC 563642.232: [ParNew: 55899K->2726K(59008K), 0.0029390 secs] 190398K->137470K(517760K), 0.0030360 secs] [Times: user=0.02 sys=0.00, real=0.00 secs] 
563750.784: [GC 563750.784: [ParNew: 55206K->3340K(59008K), 0.0038740 secs] 189950K->138329K(517760K), 0.0039620 secs] [Times: user=0.02 sys=0.00, real=0.01 secs] 
563872.817: [GC 563872.817: [ParNew: 55820K->3605K(59008K), 0.0035190 secs] 190809K->138873K(517760K), 0.0036190 secs] [Times: user=0.02 sys=0.00, real=0.00 secs] 
564023.250: [GC 564023.250: [ParNew: 56085K->3711K(59008K), 0.0033230 secs] 191353K->139205K(517760K), 0.0034120 secs] [Times: user=0.02 sys=0.00, real=0.01 secs] 
564136.589: [GC 564136.589: [ParNew: 56191K->2676K(59008K), 0.0047730 secs] 191685K->138498K(517760K), 0.0048670 secs] [Times: user=0.01 sys=0.00, real=0.00 secs] 
564249.722: [GC 564249.722: [ParNew: 55156K->3207K(59008K), 0.0040800 secs] 190978K->139514K(517760K), 0.0041650 secs] [Times: user=0.02 sys=0.00, real=0.01 secs] 
564379.877: [GC 564379.877: [ParNew: 55687K->3207K(59008K), 0.0039050 secs] 191994K->139811K(517760K), 0.0039970 secs] [Times: user=0.02 sys=0.00, real=0.00 secs] 
564515.055: [GC 564515.055: [ParNew: 55687K->3034K(59008K), 0.0032470 secs] 192291K->139947K(517760K), 0.0033310 secs] [Times: user=0.01 sys=0.00, real=0.01 secs] 
564623.811: [GC 564623.811: [ParNew: 55514K->2700K(59008K), 0.0042890 secs] 192427K->139830K(517760K), 0.0043800 secs] [Times: user=0.01 sys=0.00, real=0.01 secs] 
564764.889: [GC 564764.889: [ParNew: 55180K->3024K(59008K), 0.0032660 secs] 192310K->140444K(517760K), 0.0033700 secs] [Times: user=0.01 sys=0.00, real=0.00 secs] 
564905.779: [GC 564905.779: [ParNew: 55498K->2742K(59008K), 0.0032320 secs] 192918K->140361K(517760K), 0.0033360 secs] [Times: user=0.02 sys=0.00, real=0.00 secs] 
565012.168: [GC 565012.168: [ParNew: 55222K->2509K(59008K), 0.0037590 secs] 192841K->140341K(517760K), 0.0038460 secs] [Times: user=0.02 sys=0.00, real=0.01 secs] 
565128.933: [GC 565128.933: [ParNew: 54989K->2827K(59008K), 0.0030340 secs] 192821K->140992K(517760K), 0.0031200 secs] [Times: user=0.02 sys=0.00, real=0.00 secs] 
565245.375: [GC 565245.375: [ParNew: 55307K->3032K(59008K), 0.0050460 secs] 193472K->141445K(517760K), 0.0051350 secs] [Times: user=0.02 sys=0.00, real=0.00 secs] 
565374.869: [GC 565374.870: [ParNew: 55512K->3055K(59008K), 0.0035050 secs] 193925K->141761K(517760K), 0.0036140 secs] [Times: user=0.02 sys=0.00, real=0.00 secs] 
565518.886: [GC 565518.887: [ParNew: 55535K->3691K(59008K), 0.0034630 secs] 194241K->142622K(517760K), 0.0035580 secs] [Times: user=0.02 sys=0.00, real=0.00 secs] 
565653.214: [GC 565653.214: [ParNew: 56171K->2219K(59008K), 0.0057630 secs] 195102K->141365K(517760K), 0.0058690 secs] [Times: user=0.01 sys=0.01, real=0.01 secs] 
565770.347: [GC 565770.347: [ParNew: 54699K->3183K(59008K), 0.0054550 secs] 193845K->142505K(517760K), 0.0055510 secs] [Times: user=0.01 sys=0.00, real=0.01 secs] 
565876.414: [GC 565876.414: [ParNew: 55663K->2785K(59008K), 0.0036770 secs] 194985K->142416K(517760K), 0.0037730 secs] [Times: user=0.02 sys=0.00, real=0.00 secs] 
565980.610: [GC 565980.610: [ParNew: 55265K->3129K(59008K), 0.0039500 secs] 194896K->143024K(517760K), 0.0040440 secs] [Times: user=0.01 sys=0.00, real=0.00 secs] 
566107.076: [GC 566107.076: [ParNew: 55609K->2967K(59008K), 0.0047760 secs] 195504K->143082K(517760K), 0.0048610 secs] [Times: user=0.01 sys=0.00, real=0.01 secs] 
566237.397: [GC 566237.397: [ParNew: 55447K->2756K(59008K), 0.0046560 secs] 195562K->143159K(517760K), 0.0047570 secs] [Times: user=0.01 sys=0.00, real=0.01 secs] 
566352.981: [GC 566352.981: [ParNew: 55236K->2996K(59008K), 0.0035030 secs] 195639K->143753K(517760K), 0.0036110 secs] [Times: user=0.02 sys=0.00, real=0.00 secs] 
566469.812: [GC 566469.812: [ParNew: 55476K->2419K(59008K), 0.0035860 secs] 196233K->143439K(517760K), 0.0036720 secs] [Times: user=0.01 sys=0.00, real=0.00 secs] 
566594.695: [GC 566594.695: [ParNew: 54899K->3180K(59008K), 0.0035240 secs] 195919K->144497K(517760K), 0.0036090 secs] [Times: user=0.02 sys=0.00, real=0.00 secs] 
566704.053: [GC 566704.053: [ParNew: 55660K->2879K(59008K), 0.0043620 secs] 196977K->144382K(517760K), 0.0044610 secs] [Times: user=0.01 sys=0.00, real=0.00 secs] 
566815.643: [GC 566815.643: [ParNew: 55359K->3227K(59008K), 0.0030540 secs] 196862K->144989K(517760K), 0.0031450 secs] [Times: user=0.02 sys=0.00, real=0.01 secs] 
566959.708: [GC 566959.708: [ParNew: 55707K->3213K(59008K), 0.0028220 secs] 197469K->145200K(517760K), 0.0029210 secs] [Times: user=0.02 sys=0.00, real=0.00 secs] 
567083.616: [GC 567083.616: [ParNew: 55693K->3216K(59008K), 0.0042990 secs] 197680K->145422K(517760K), 0.0043950 secs] [Times: user=0.02 sys=0.00, real=0.01 secs] 
567206.061: [GC 567206.061: [ParNew: 55694K->2802K(59008K), 0.0031680 secs] 197900K->145342K(517760K), 0.0032580 secs] [Times: user=0.02 sys=0.00, real=0.01 secs] 
567335.742: [GC 567335.742: [ParNew: 55282K->2932K(59008K), 0.0034880 secs] 197822K->145787K(517760K), 0.0035850 secs] [Times: user=0.02 sys=0.00, real=0.00 secs] 
567468.734: [GC 567468.734: [ParNew: 55412K->3126K(59008K), 0.0049710 secs] 198267K->146296K(517760K), 0.0050630 secs] [Times: user=0.02 sys=0.00, real=0.01 secs] 
567588.248: [GC 567588.248: [ParNew: 55606K->2887K(59008K), 0.0030860 secs] 198776K->146323K(517760K), 0.0031820 secs] [Times: user=0.02 sys=0.00, real=0.00 secs] 
567699.269: [GC 567699.269: [ParNew: 55367K->3626K(59008K), 0.0031270 secs] 198803K->147309K(517760K), 0.0032130 secs] [Times: user=0.01 sys=0.00, real=0.00 secs] 
567827.934: [GC 567827.934: [ParNew: 56106K->2807K(59008K), 0.0028340 secs] 199789K->146776K(517760K), 0.0029270 secs] [Times: user=0.02 sys=0.00, real=0.00 secs] 
567956.145: [GC 567956.146: [ParNew: 55287K->2855K(59008K), 0.0036860 secs] 199256K->147135K(517760K), 0.0037810 secs] [Times: user=0.02 sys=0.00, real=0.00 secs] 
568076.679: [GC 568076.680: [ParNew: 55335K->3021K(59008K), 0.0031750 secs] 199615K->147570K(517760K), 0.0032650 secs] [Times: user=0.02 sys=0.01, real=0.00 secs] 
568194.259: [GC 568194.259: [ParNew: 55501K->2902K(59008K), 0.0032930 secs] 200050K->147693K(517760K), 0.0033870 secs] [Times: user=0.03 sys=0.00, real=0.00 secs] 
568312.631: [GC 568312.631: [ParNew: 55382K->3455K(59008K), 0.0044400 secs] 200173K->148516K(517760K), 0.0045340 secs] [Times: user=0.02 sys=0.00, real=0.00 secs] 
568451.194: [GC 568451.194: [ParNew: 55935K->2435K(59008K), 0.0027750 secs] 200996K->147729K(517760K), 0.0028640 secs] [Times: user=0.02 sys=0.00, real=0.00 secs] 
568569.318: [GC 568569.318: [ParNew: 54915K->3228K(59008K), 0.0026930 secs] 200209K->148725K(517760K), 0.0027850 secs] [Times: user=0.02 sys=0.00, real=0.00 secs] 
568704.346: [GC 568704.346: [ParNew: 55708K->2977K(59008K), 0.0028660 secs] 201205K->148771K(517760K), 0.0029610 secs] [Times: user=0.02 sys=0.00, real=0.00 secs] 
568826.567: [GC 568826.567: [ParNew: 55457K->3310K(59008K), 0.0028630 secs] 201251K->149400K(517760K), 0.0029570 secs] [Times: user=0.02 sys=0.00, real=0.01 secs] 
568969.228: [GC 568969.228: [ParNew: 55790K->3297K(59008K), 0.0027570 secs] 201880K->149624K(517760K), 0.0028610 secs] [Times: user=0.02 sys=0.00, real=0.01 secs] 
569100.899: [GC 569100.899: [ParNew: 55777K->2646K(59008K), 0.0027660 secs] 202104K->149173K(517760K), 0.0028600 secs] [Times: user=0.02 sys=0.00, real=0.00 secs] 
569221.822: [GC 569221.823: [ParNew: 55126K->3017K(59008K), 0.0028030 secs] 201653K->149830K(517760K), 0.0028970 secs] [Times: user=0.02 sys=0.00, real=0.00 secs] 
569338.017: [GC 569338.018: [ParNew: 55497K->2918K(59008K), 0.0051030 secs] 202310K->149938K(517760K), 0.0051910 secs] [Times: user=0.01 sys=0.00, real=0.01 secs] 
569449.305: [GC 569449.305: [ParNew: 55398K->3180K(59008K), 0.0034840 secs] 202418K->150457K(517760K), 0.0036040 secs] [Times: user=0.01 sys=0.00, real=0.01 secs] 
569574.799: [GC 569574.799: [ParNew: 55660K->2992K(59008K), 0.0057890 secs] 202937K->150514K(517760K), 0.0058900 secs] [Times: user=0.02 sys=0.00, real=0.01 secs] 
569697.354: [GC 569697.354: [ParNew: 55380K->2874K(59008K), 0.0045000 secs] 202901K->150661K(517760K), 0.0045900 secs] [Times: user=0.02 sys=0.00, real=0.01 secs] 
569789.457: [GC 569789.457: [ParNew: 55354K->2909K(59008K), 0.0032050 secs] 203141K->150889K(517760K), 0.0032950 secs] [Times: user=0.02 sys=0.00, real=0.00 secs] 
569907.545: [GC 569907.545: [ParNew: 55388K->3479K(59008K), 0.0045210 secs] 203368K->151730K(517760K), 0.0046130 secs] [Times: user=0.02 sys=0.00, real=0.01 secs] 
570036.566: [GC 570036.566: [ParNew: 55959K->2762K(59008K), 0.0028000 secs] 204210K->151236K(517760K), 0.0028950 secs] [Times: user=0.02 sys=0.00, real=0.00 secs] 
570169.165: [GC 570169.165: [ParNew: 55242K->3261K(59008K), 0.0027240 secs] 203716K->152053K(517760K), 0.0028140 secs] [Times: user=0.02 sys=0.00, real=0.00 secs] 
570269.803: [GC 570269.803: [ParNew: 55741K->2662K(59008K), 0.0027270 secs] 204533K->151647K(517760K), 0.0028180 secs] [Times: user=0.02 sys=0.00, real=0.00 secs] 
570402.306: [GC 570402.306: [ParNew: 55142K->3173K(59008K), 0.0029580 secs] 204127K->152333K(517760K), 0.0030570 secs] [Times: user=0.02 sys=0.00, real=0.00 secs] 
570531.370: [GC 570531.370: [ParNew: 55653K->2825K(59008K), 0.0043290 secs] 204813K->152299K(517760K), 0.0044300 secs] [Times: user=0.02 sys=0.00, real=0.00 secs] 
570633.270: [GC 570633.270: [ParNew: 55305K->3388K(59008K), 0.0043680 secs] 204779K->153072K(517760K), 0.0044540 secs] [Times: user=0.01 sys=0.00, real=0.01 secs] 
570748.286: [GC 570748.286: [ParNew: 55868K->3220K(59008K), 0.0037360 secs] 205552K->153162K(517760K), 0.0038290 secs] [Times: user=0.02 sys=0.00, real=0.01 secs] 
570888.074: [GC 570888.074: [ParNew: 55700K->3454K(59008K), 0.0032720 secs] 205642K->153690K(517760K), 0.0033710 secs] [Times: user=0.02 sys=0.00, real=0.00 secs] 
571024.612: [GC 571024.612: [ParNew: 55934K->3782K(59008K), 0.0033190 secs] 206170K->154299K(517760K), 0.0034120 secs] [Times: user=0.02 sys=0.00, real=0.00 secs] 
571149.509: [GC 571149.509: [ParNew: 56262K->3141K(59008K), 0.0036090 secs] 206779K->153879K(517760K), 0.0036970 secs] [Times: user=0.02 sys=0.00, real=0.00 secs] 
571273.532: [GC 571273.532: [ParNew: 55621K->2957K(59008K), 0.0048640 secs] 206359K->154018K(517760K), 0.0049500 secs] [Times: user=0.02 sys=0.00, real=0.00 secs] 
571399.689: [GC 571399.689: [ParNew: 55437K->3451K(59008K), 0.0029160 secs] 206498K->154845K(517760K), 0.0030100 secs] [Times: user=0.02 sys=0.00, real=0.01 secs] 
571538.743: [GC 571538.743: [ParNew: 55931K->3124K(59008K), 0.0030510 secs] 207325K->154754K(517760K), 0.0031510 secs] [Times: user=0.02 sys=0.00, real=0.00 secs] 
571676.943: [GC 571676.944: [ParNew: 55604K->2886K(59008K), 0.0030570 secs] 207234K->154861K(517760K), 0.0031450 secs] [Times: user=0.01 sys=0.00, real=0.01 secs] 
571833.134: [GC 571833.134: [ParNew: 55366K->2929K(59008K), 0.0031010 secs] 207341K->155145K(517760K), 0.0031950 secs] [Times: user=0.02 sys=0.00, real=0.01 secs] 
571974.890: [GC 571974.891: [ParNew: 55409K->2987K(59008K), 0.0031000 secs] 207625K->155459K(517760K), 0.0031880 secs] [Times: user=0.02 sys=0.00, real=0.00 secs] 
572127.229: [GC 572127.229: [ParNew: 55467K->2401K(59008K), 0.0031470 secs] 207939K->155150K(517760K), 0.0032410 secs] [Times: user=0.02 sys=0.00, real=0.00 secs] 
572240.904: [GC 572240.904: [ParNew: 54881K->2363K(59008K), 0.0054460 secs] 207630K->155308K(517760K), 0.0055280 secs] [Times: user=0.01 sys=0.00, real=0.00 secs] 
572381.633: [GC 572381.633: [ParNew: 54843K->2545K(59008K), 0.0031700 secs] 207788K->155747K(517760K), 0.0032640 secs] [Times: user=0.02 sys=0.00, real=0.00 secs] 
572540.149: [GC 572540.149: [ParNew: 55025K->2857K(59008K), 0.0032080 secs] 208227K->156310K(517760K), 0.0033080 secs] [Times: user=0.02 sys=0.00, real=0.01 secs] 
572690.721: [GC 572690.721: [ParNew: 55337K->2436K(59008K), 0.0037920 secs] 208790K->156129K(517760K), 0.0039120 secs] [Times: user=0.01 sys=0.00, real=0.01 secs] 
572820.422: [GC 572820.422: [ParNew: 54916K->2811K(59008K), 0.0031970 secs] 208609K->156715K(517760K), 0.0032840 secs] [Times: user=0.02 sys=0.00, real=0.01 secs] 
572972.650: [GC 572972.650: [ParNew: 55291K->2377K(59008K), 0.0039520 secs] 209195K->156566K(517760K), 0.0040610 secs] [Times: user=0.01 sys=0.00, real=0.01 secs] 
573145.028: [GC 573145.028: [ParNew: 54857K->2531K(59008K), 0.0033150 secs] 209046K->156973K(517760K), 0.0034030 secs] [Times: user=0.02 sys=0.00, real=0.01 secs] 
573323.221: [GC 573323.221: [ParNew: 55011K->2639K(59008K), 0.0049630 secs] 209453K->157300K(517760K), 0.0050730 secs] [Times: user=0.02 sys=0.00, real=0.00 secs] 
573364.000: [GC 573364.000: [ParNew: 55119K->2404K(59008K), 0.0027660 secs] 209780K->157354K(517760K), 0.0028670 secs] [Times: user=0.01 sys=0.00, real=0.00 secs] 
573476.482: [GC 573476.482: [ParNew: 54884K->2375K(59008K), 0.0034900 secs] 209834K->157525K(517760K), 0.0035820 secs] [Times: user=0.02 sys=0.00, real=0.00 secs] 
573637.582: [GC 573637.582: [ParNew: 54855K->2149K(59008K), 0.0047500 secs] 210005K->157602K(517760K), 0.0048610 secs] [Times: user=0.01 sys=0.00, real=0.00 secs] 
573833.182: [GC 573833.182: [ParNew: 54629K->1837K(59008K), 0.0038300 secs] 210082K->157493K(517760K), 0.0039250 secs] [Times: user=0.02 sys=0.00, real=0.00 secs] 
574019.292: [GC 574019.292: [ParNew: 54317K->2417K(59008K), 0.0030880 secs] 209973K->158176K(517760K), 0.0031850 secs] [Times: user=0.02 sys=0.00, real=0.00 secs] 
574204.821: [GC 574204.821: [ParNew: 54897K->2409K(59008K), 0.0039490 secs] 210656K->158354K(517760K), 0.0040580 secs] [Times: user=0.01 sys=0.00, real=0.01 secs] 
574387.919: [GC 574387.919: [ParNew: 54889K->2328K(59008K), 0.0034140 secs] 210834K->158505K(517760K), 0.0035080 secs] [Times: user=0.02 sys=0.00, real=0.00 secs] 
574549.963: [GC 574549.963: [ParNew: 54808K->2156K(59008K), 0.0033550 secs] 210985K->158611K(517760K), 0.0034490 secs] [Times: user=0.02 sys=0.00, real=0.00 secs] 
574713.624: [GC 574713.624: [ParNew: 54636K->2463K(59008K), 0.0032110 secs] 211091K->159139K(517760K), 0.0033050 secs] [Times: user=0.01 sys=0.00, real=0.01 secs] 
574881.927: [GC 574881.927: [ParNew: 54943K->2465K(59008K), 0.0030030 secs] 211619K->159378K(517760K), 0.0030900 secs] [Times: user=0.02 sys=0.00, real=0.00 secs] 
575061.203: [GC 575061.203: [ParNew: 54945K->2514K(59008K), 0.0039150 secs] 211858K->159614K(517760K), 0.0040000 secs] [Times: user=0.02 sys=0.00, real=0.00 secs] 
575235.397: [GC 575235.397: [ParNew: 54994K->2516K(59008K), 0.0026210 secs] 212094K->159793K(517760K), 0.0027140 secs] [Times: user=0.01 sys=0.00, real=0.00 secs] 
575418.271: [GC 575418.271: [ParNew: 54996K->2748K(59008K), 0.0026690 secs] 212273K->160233K(517760K), 0.0027590 secs] [Times: user=0.01 sys=0.00, real=0.01 secs] 
575635.256: [GC 575635.257: [ParNew: 55228K->2534K(59008K), 0.0026610 secs] 212713K->160332K(517760K), 0.0027530 secs] [Times: user=0.02 sys=0.00, real=0.00 secs] 
575841.504: [GC 575841.504: [ParNew: 55014K->2407K(59008K), 0.0026160 secs] 212812K->160407K(517760K), 0.0027030 secs] [Times: user=0.01 sys=0.00, real=0.00 secs] 
576032.803: [GC 576032.803: [ParNew: 54887K->2342K(59008K), 0.0027470 secs] 212887K->160594K(517760K), 0.0028410 secs] [Times: user=0.01 sys=0.00, real=0.00 secs] 
576227.542: [GC 576227.542: [ParNew: 54822K->2140K(59008K), 0.0025480 secs] 213074K->160581K(517760K), 0.0026390 secs] [Times: user=0.02 sys=0.00, real=0.00 secs] 
576419.261: [GC 576419.261: [ParNew: 54620K->2263K(59008K), 0.0027340 secs] 213061K->160864K(517760K), 0.0028290 secs] [Times: user=0.02 sys=0.00, real=0.00 secs] 
576585.135: [GC 576585.135: [ParNew: 54743K->2295K(59008K), 0.0024960 secs] 213344K->161106K(517760K), 0.0025850 secs] [Times: user=0.02 sys=0.00, real=0.00 secs] 
576759.136: [GC 576759.136: [ParNew: 54775K->2357K(59008K), 0.0026020 secs] 213586K->161396K(517760K), 0.0026920 secs] [Times: user=0.02 sys=0.00, real=0.00 secs] 
576936.798: [GC 576936.798: [ParNew: 54837K->2117K(59008K), 0.0029360 secs] 213876K->161344K(517760K), 0.0030530 secs] [Times: user=0.01 sys=0.00, real=0.00 secs] 
577082.086: [GC 577082.086: [ParNew: 54597K->2270K(59008K), 0.0025880 secs] 213824K->161673K(517760K), 0.0026760 secs] [Times: user=0.02 sys=0.00, real=0.00 secs] 
577216.777: [GC 577216.777: [ParNew: 54750K->2228K(59008K), 0.0026340 secs] 214153K->161881K(517760K), 0.0027330 secs] [Times: user=0.02 sys=0.00, real=0.00 secs] 
577412.125: [GC 577412.125: [ParNew: 54708K->2281K(59008K), 0.0024450 secs] 214361K->162131K(517760K), 0.0025400 secs] [Times: user=0.01 sys=0.00, real=0.00 secs] 
577575.561: [GC 577575.561: [ParNew: 54761K->2477K(59008K), 0.0025340 secs] 214611K->162506K(517760K), 0.0026320 secs] [Times: user=0.01 sys=0.00, real=0.00 secs] 
577753.759: [GC 577753.759: [ParNew: 54957K->1892K(59008K), 0.0051440 secs] 214986K->162074K(517760K), 0.0052750 secs] [Times: user=0.01 sys=0.00, real=0.00 secs] 
577946.401: [GC 577946.401: [ParNew: 54372K->1776K(59008K), 0.0044490 secs] 214554K->162155K(517760K), 0.0045380 secs] [Times: user=0.02 sys=0.00, real=0.00 secs] 
578090.021: [GC 578090.021: [ParNew: 54256K->2561K(59008K), 0.0031440 secs] 214635K->163152K(517760K), 0.0032330 secs] [Times: user=0.02 sys=0.00, real=0.01 secs] 
578277.302: [GC 578277.302: [ParNew: 55041K->2386K(59008K), 0.0048500 secs] 215632K->163109K(517760K), 0.0049380 secs] [Times: user=0.01 sys=0.00, real=0.01 secs] 
578457.452: [GC 578457.452: [ParNew: 54768K->2434K(59008K), 0.0035610 secs] 215491K->163352K(517760K), 0.0036620 secs] [Times: user=0.01 sys=0.00, real=0.01 secs] 
578674.478: [GC 578674.478: [ParNew: 54914K->2312K(59008K), 0.0042370 secs] 215832K->163421K(517760K), 0.0043260 secs] [Times: user=0.02 sys=0.00, real=0.00 secs] 
578867.641: [GC 578867.641: [ParNew: 54792K->2115K(59008K), 0.0027940 secs] 215901K->163360K(517760K), 0.0028860 secs] [Times: user=0.02 sys=0.00, real=0.00 secs] 
579043.932: [GC 579043.933: [ParNew: 54595K->2276K(59008K), 0.0026900 secs] 215840K->163771K(517760K), 0.0027810 secs] [Times: user=0.02 sys=0.00, real=0.00 secs] 
579215.487: [GC 579215.487: [ParNew: 54756K->2201K(59008K), 0.0029450 secs] 216251K->163799K(517760K), 0.0030510 secs] [Times: user=0.01 sys=0.00, real=0.00 secs] 
579424.729: [GC 579424.729: [ParNew: 54681K->2120K(59008K), 0.0040180 secs] 216279K->163883K(517760K), 0.0041180 secs] [Times: user=0.01 sys=0.00, real=0.00 secs] 
579610.116: [GC 579610.116: [ParNew: 54600K->2310K(59008K), 0.0047030 secs] 216363K->164162K(517760K), 0.0047870 secs] [Times: user=0.01 sys=0.00, real=0.01 secs] 
579771.044: [GC 579771.044: [ParNew: 54790K->2228K(59008K), 0.0029010 secs] 216642K->164252K(517760K), 0.0029910 secs] [Times: user=0.02 sys=0.00, real=0.00 secs] 
579951.247: [GC 579951.247: [ParNew: 54708K->2471K(59008K), 0.0028820 secs] 216732K->164702K(517760K), 0.0029790 secs] [Times: user=0.02 sys=0.00, real=0.00 secs] 
580162.750: [GC 580162.750: [ParNew: 54951K->2420K(59008K), 0.0028840 secs] 217182K->164773K(517760K), 0.0029780 secs] [Times: user=0.02 sys=0.00, real=0.00 secs] 
580373.619: [GC 580373.619: [ParNew: 54900K->2247K(59008K), 0.0027260 secs] 217253K->164789K(517760K), 0.0028220 secs] [Times: user=0.02 sys=0.01, real=0.01 secs] 
580545.174: [GC 580545.174: [ParNew: 54727K->2439K(59008K), 0.0032800 secs] 217269K->165246K(517760K), 0.0033790 secs] [Times: user=0.02 sys=0.00, real=0.00 secs] 
580751.479: [GC 580751.479: [ParNew: 54919K->2377K(59008K), 0.0025940 secs] 217726K->165345K(517760K), 0.0026900 secs] [Times: user=0.02 sys=0.00, real=0.01 secs] 
580949.321: [GC 580949.321: [ParNew: 54857K->2533K(59008K), 0.0036930 secs] 217825K->165696K(517760K), 0.0037900 secs] [Times: user=0.02 sys=0.00, real=0.00 secs] 
581151.961: [GC 581151.962: [ParNew: 55013K->2103K(59008K), 0.0031810 secs] 218176K->165465K(517760K), 0.0032820 secs] [Times: user=0.02 sys=0.00, real=0.00 secs] 
581322.620: [GC 581322.620: [ParNew: 54583K->2093K(59008K), 0.0030630 secs] 217945K->165611K(517760K), 0.0031650 secs] [Times: user=0.01 sys=0.00, real=0.00 secs] 
581474.558: [GC 581474.558: [ParNew: 54573K->2274K(59008K), 0.0028340 secs] 218091K->166012K(517760K), 0.0029660 secs] [Times: user=0.02 sys=0.00, real=0.00 secs] 
581685.692: [GC 581685.693: [ParNew: 54754K->2182K(59008K), 0.0027180 secs] 218492K->166087K(517760K), 0.0028090 secs] [Times: user=0.01 sys=0.00, real=0.00 secs] 
581858.415: [GC 581858.415: [ParNew: 54662K->1980K(59008K), 0.0033870 secs] 218567K->166111K(517760K), 0.0034840 secs] [Times: user=0.02 sys=0.00, real=0.01 secs] 
582087.112: [GC 582087.112: [ParNew: 54460K->2142K(59008K), 0.0025960 secs] 218591K->166411K(517760K), 0.0026870 secs] [Times: user=0.01 sys=0.00, real=0.00 secs] 
582274.983: [GC 582274.983: [ParNew: 54622K->2192K(59008K), 0.0029820 secs] 218891K->166626K(517760K), 0.0030840 secs] [Times: user=0.02 sys=0.00, real=0.00 secs] 
582495.618: [GC 582495.618: [ParNew: 54672K->2034K(59008K), 0.0025950 secs] 219106K->166610K(517760K), 0.0026890 secs] [Times: user=0.01 sys=0.00, real=0.00 secs] 
582699.870: [GC 582699.870: [ParNew: 54514K->2291K(59008K), 0.0027180 secs] 219090K->167080K(517760K), 0.0028150 secs] [Times: user=0.02 sys=0.00, real=0.00 secs] 
582897.117: [GC 582897.117: [ParNew: 54771K->1864K(59008K), 0.0025560 secs] 219560K->166878K(517760K), 0.0026500 secs] [Times: user=0.01 sys=0.00, real=0.01 secs] 
583092.785: [GC 583092.785: [ParNew: 54344K->2010K(59008K), 0.0028290 secs] 219358K->167194K(517760K), 0.0029190 secs] [Times: user=0.01 sys=0.01, real=0.00 secs] 
583302.154: [GC 583302.154: [ParNew: 54490K->1831K(59008K), 0.0033480 secs] 219674K->167153K(517760K), 0.0034430 secs] [Times: user=0.01 sys=0.00, real=0.01 secs] 
583490.936: [GC 583490.936: [ParNew: 54311K->2211K(59008K), 0.0030390 secs] 219633K->167680K(517760K), 0.0031320 secs] [Times: user=0.02 sys=0.00, real=0.00 secs] 
583657.740: [GC 583657.740: [ParNew: 54691K->2445K(59008K), 0.0027230 secs] 220160K->168044K(517760K), 0.0028160 secs] [Times: user=0.02 sys=0.00, real=0.00 secs] 
583844.926: [GC 583844.926: [ParNew: 54925K->2284K(59008K), 0.0025130 secs] 220524K->168055K(517760K), 0.0026020 secs] [Times: user=0.02 sys=0.00, real=0.00 secs] 
584067.953: [GC 584067.953: [ParNew: 54764K->2385K(59008K), 0.0023750 secs] 220535K->168343K(517760K), 0.0024910 secs] [Times: user=0.02 sys=0.00, real=0.01 secs] 
584261.377: [GC 584261.377: [ParNew: 54865K->1563K(59008K), 0.0028240 secs] 220823K->167663K(517760K), 0.0029240 secs] [Times: user=0.01 sys=0.00, real=0.01 secs] 
584485.723: [GC 584485.723: [ParNew: 54043K->2231K(59008K), 0.0025910 secs] 220143K->168476K(517760K), 0.0026830 secs] [Times: user=0.01 sys=0.00, real=0.00 secs] 
584716.096: [GC 584716.096: [ParNew: 54711K->2072K(59008K), 0.0026070 secs] 220956K->168430K(517760K), 0.0026940 secs] [Times: user=0.02 sys=0.00, real=0.01 secs] 
584916.814: [GC 584916.814: [ParNew: 54552K->2310K(59008K), 0.0024760 secs] 220910K->168858K(517760K), 0.0025650 secs] [Times: user=0.02 sys=0.00, real=0.00 secs] 
585130.541: [GC 585130.541: [ParNew: 54790K->2127K(59008K), 0.0025280 secs] 221338K->168823K(517760K), 0.0026200 secs] [Times: user=0.02 sys=0.00, real=0.00 secs] 
585329.372: [GC 585329.372: [ParNew: 54607K->2360K(59008K), 0.0026020 secs] 221303K->169248K(517760K), 0.0026950 secs] [Times: user=0.02 sys=0.00, real=0.00 secs] 
585518.674: [GC 585518.674: [ParNew: 54840K->2625K(59008K), 0.0035280 secs] 221728K->169612K(517760K), 0.0036270 secs] [Times: user=0.01 sys=0.00, real=0.00 secs] 
585701.166: [GC 585701.166: [ParNew: 55105K->2016K(59008K), 0.0024170 secs] 222092K->169185K(517760K), 0.0025060 secs] [Times: user=0.01 sys=0.00, real=0.00 secs] 
585919.389: [GC 585919.389: [ParNew: 54496K->2230K(59008K), 0.0025690 secs] 221665K->169563K(517760K), 0.0026630 secs] [Times: user=0.02 sys=0.00, real=0.01 secs] 
586117.773: [GC 586117.773: [ParNew: 54710K->2219K(59008K), 0.0025730 secs] 222043K->169783K(517760K), 0.0026650 secs] [Times: user=0.02 sys=0.00, real=0.01 secs] 
586301.287: [GC 586301.287: [ParNew: 54699K->2145K(59008K), 0.0030570 secs] 222263K->169863K(517760K), 0.0031530 secs] [Times: user=0.02 sys=0.00, real=0.00 secs] 
586456.034: [GC 586456.034: [ParNew: 54625K->2303K(59008K), 0.0046140 secs] 222343K->170170K(517760K), 0.0047360 secs] [Times: user=0.02 sys=0.00, real=0.00 secs] 
586656.411: [GC 586656.411: [ParNew: 54783K->1967K(59008K), 0.0030400 secs] 222650K->169969K(517760K), 0.0031360 secs] [Times: user=0.01 sys=0.00, real=0.01 secs] 
586850.911: [GC 586850.911: [ParNew: 54447K->2129K(59008K), 0.0033910 secs] 222449K->170307K(517760K), 0.0034890 secs] [Times: user=0.01 sys=0.00, real=0.00 secs] 
587058.907: [GC 587058.907: [ParNew: 54609K->2344K(59008K), 0.0025290 secs] 222787K->170669K(517760K), 0.0026240 secs] [Times: user=0.02 sys=0.00, real=0.00 secs] 
587257.392: [GC 587257.392: [ParNew: 54824K->2355K(59008K), 0.0030640 secs] 223149K->170836K(517760K), 0.0031580 secs] [Times: user=0.02 sys=0.00, real=0.01 secs] 
587444.070: [GC 587444.070: [ParNew: 54835K->2337K(59008K), 0.0025910 secs] 223316K->170977K(517760K), 0.0026840 secs] [Times: user=0.02 sys=0.00, real=0.01 secs] 
587623.323: [GC 587623.323: [ParNew: 54817K->2110K(59008K), 0.0025460 secs] 223457K->170933K(517760K), 0.0026400 secs] [Times: user=0.02 sys=0.00, real=0.00 secs] 
587825.133: [GC 587825.133: [ParNew: 54590K->2070K(59008K), 0.0026680 secs] 223413K->171054K(517760K), 0.0027570 secs] [Times: user=0.02 sys=0.00, real=0.00 secs] 
588030.721: [GC 588030.721: [ParNew: 54550K->2046K(59008K), 0.0028260 secs] 223534K->171186K(517760K), 0.0029190 secs] [Times: user=0.02 sys=0.01, real=0.01 secs] 
588296.452: [GC 588296.452: [ParNew: 54526K->1549K(59008K), 0.0042260 secs] 223666K->170797K(517760K), 0.0043210 secs] [Times: user=0.02 sys=0.00, real=0.00 secs] 
588558.032: [GC 588558.032: [ParNew: 54029K->1683K(59008K), 0.0034660 secs] 223277K->171111K(517760K), 0.0035630 secs] [Times: user=0.02 sys=0.00, real=0.01 secs] 
588771.675: [GC 588771.675: [ParNew: 54163K->1827K(59008K), 0.0029650 secs] 223591K->171395K(517760K), 0.0030580 secs] [Times: user=0.01 sys=0.00, real=0.01 secs] 
589005.271: [GC 589005.271: [ParNew: 54307K->1814K(59008K), 0.0027770 secs] 223875K->171541K(517760K), 0.0028750 secs] [Times: user=0.02 sys=0.00, real=0.00 secs] 
589299.234: [GC 589299.234: [ParNew: 54294K->1825K(59008K), 0.0026320 secs] 224021K->171670K(517760K), 0.0027250 secs] [Times: user=0.02 sys=0.00, real=0.01 secs] 
589543.950: [GC 589543.950: [ParNew: 54305K->1788K(59008K), 0.0027680 secs] 224150K->171790K(517760K), 0.0028610 secs] [Times: user=0.02 sys=0.01, real=0.00 secs] 
589835.229: [GC 589835.229: [ParNew: 54268K->1657K(59008K), 0.0027420 secs] 224270K->171825K(517760K), 0.0028300 secs] [Times: user=0.01 sys=0.00, real=0.00 secs] 
590063.347: [GC 590063.347: [ParNew: 54137K->1782K(59008K), 0.0028290 secs] 224305K->172097K(517760K), 0.0029380 secs] [Times: user=0.01 sys=0.00, real=0.00 secs] 
590369.290: [GC 590369.291: [ParNew: 54262K->1640K(59008K), 0.0027210 secs] 224577K->172104K(517760K), 0.0028130 secs] [Times: user=0.01 sys=0.00, real=0.00 secs] 
590657.141: [GC 590657.141: [ParNew: 54120K->1780K(59008K), 0.0025410 secs] 224584K->172427K(517760K), 0.0026380 secs] [Times: user=0.02 sys=0.00, real=0.00 secs] 
590947.995: [GC 590947.995: [ParNew: 54260K->1688K(59008K), 0.0030190 secs] 224907K->172483K(517760K), 0.0031100 secs] [Times: user=0.02 sys=0.00, real=0.00 secs] 
591245.301: [GC 591245.301: [ParNew: 54168K->1339K(59008K), 0.0051660 secs] 224963K->172332K(517760K), 0.0052560 secs] [Times: user=0.01 sys=0.00, real=0.00 secs] 
591585.443: [GC 591585.443: [ParNew: 53709K->1466K(59008K), 0.0041620 secs] 224702K->172590K(517760K), 0.0042540 secs] [Times: user=0.02 sys=0.00, real=0.01 secs] 
591924.534: [GC 591924.534: [ParNew: 53946K->1824K(59008K), 0.0032060 secs] 225070K->173142K(517760K), 0.0033010 secs] [Times: user=0.01 sys=0.00, real=0.00 secs] 
592293.384: [GC 592293.384: [ParNew: 54304K->1139K(59008K), 0.0026270 secs] 225622K->172637K(517760K), 0.0027220 secs] [Times: user=0.02 sys=0.00, real=0.00 secs] 
592670.128: [GC 592670.128: [ParNew: 53619K->1228K(59008K), 0.0029150 secs] 225117K->172844K(517760K), 0.0030090 secs] [Times: user=0.02 sys=0.00, real=0.00 secs] 
593113.906: [GC 593113.906: [ParNew: 53708K->1093K(59008K), 0.0027190 secs] 225324K->172881K(517760K), 0.0028300 secs] [Times: user=0.01 sys=0.00, real=0.00 secs] 
593611.018: [GC 593611.018: [ParNew: 53573K->1095K(59008K), 0.0022210 secs] 225361K->172987K(517760K), 0.0023140 secs] [Times: user=0.02 sys=0.00, real=0.01 secs] 
594113.412: [GC 594113.412: [ParNew: 53575K->1141K(59008K), 0.0024010 secs] 225467K->173126K(517760K), 0.0025130 secs] [Times: user=0.01 sys=0.00, real=0.01 secs] 
594601.028: [GC 594601.028: [ParNew: 53619K->923K(59008K), 0.0021390 secs] 225605K->173071K(517760K), 0.0022310 secs] [Times: user=0.02 sys=0.00, real=0.01 secs] 
595132.647: [GC 595132.647: [ParNew: 53401K->894K(59008K), 0.0023170 secs] 225549K->173151K(517760K), 0.0024030 secs] [Times: user=0.01 sys=0.00, real=0.01 secs] 
595639.262: [GC 595639.262: [ParNew: 53374K->726K(59008K), 0.0021530 secs] 225631K->173100K(517760K), 0.0022420 secs] [Times: user=0.02 sys=0.00, real=0.00 secs] 
596233.097: [GC 596233.097: [ParNew: 53206K->732K(59008K), 0.0021200 secs] 225580K->173182K(517760K), 0.0022100 secs] [Times: user=0.01 sys=0.00, real=0.00 secs] 
596826.985: [GC 596826.985: [ParNew: 53212K->700K(59008K), 0.0019110 secs] 225662K->173201K(517760K), 0.0020010 secs] [Times: user=0.01 sys=0.00, real=0.01 secs] 
597398.330: [GC 597398.330: [ParNew: 53180K->647K(59008K), 0.0024080 secs] 225681K->173233K(517760K), 0.0024980 secs] [Times: user=0.01 sys=0.00, real=0.01 secs] 
597986.320: [GC 597986.320: [ParNew: 53127K->554K(59008K), 0.0022900 secs] 225713K->173254K(517760K), 0.0023860 secs] [Times: user=0.01 sys=0.00, real=0.00 secs] 
598490.931: [GC 598490.931: [ParNew: 53034K->734K(59008K), 0.0036830 secs] 225734K->173452K(517760K), 0.0037760 secs] [Times: user=0.02 sys=0.00, real=0.00 secs] 
599088.548: [GC 599088.548: [ParNew: 53214K->667K(59008K), 0.0021780 secs] 225932K->173426K(517760K), 0.0022720 secs] [Times: user=0.01 sys=0.00, real=0.01 secs] 
599088.674: [GC 599088.674: [ParNew: 53077K->611K(59008K), 0.0017120 secs] 225836K->173488K(517760K), 0.0017620 secs] [Times: user=0.00 sys=0.00, real=0.00 secs] 
599088.798: [GC 599088.798: [ParNew: 53091K->627K(59008K), 0.0020210 secs] 225968K->173600K(517760K), 0.0020710 secs] [Times: user=0.01 sys=0.00, real=0.00 secs] 
599088.942: [GC 599088.942: [ParNew: 53107K->781K(59008K), 0.0031370 secs] 226080K->173797K(517760K), 0.0031930 secs] [Times: user=0.01 sys=0.00, real=0.00 secs] 
599615.567: [GC 599615.567: [ParNew: 53261K->915K(59008K), 0.0025420 secs] 226277K->174066K(517760K), 0.0026340 secs] [Times: user=0.01 sys=0.00, real=0.01 secs] 
Heap
 par new generation   total 59008K, used 31630K [0x59940000, 0x5d940000, 0x5d940000)
  eden space 52480K,  58% used [0x59940000, 0x5b73ea58, 0x5cc80000)
  from space 6528K,  14% used [0x5d2e0000, 0x5d3c4e88, 0x5d940000)
  to   space 6528K,   0% used [0x5cc80000, 0x5cc80000, 0x5d2e0000)
 concurrent mark-sweep generation total 458752K, used 173151K [0x5d940000, 0x79940000, 0x79940000)
 concurrent-mark-sweep perm gen total 31908K, used 19573K [0x79940000, 0x7b869000, 0x7d940000)
