Java HotSpot(TM) 64-Bit Server VM (25.65-b01) for bsd-amd64 JRE (1.8.0_65-b17), built on Oct  6 2015 15:36:46 by "java_re" with gcc 4.2.1 (Based on Apple Inc. build 5658) (LLVM build 2336.11.00)
Memory: 4k page, physical 16777216k(101772k free)

/proc/meminfo:

CommandLine flags: -XX:+CMSScavengeBeforeRemark -XX:InitialHeapSize=268435456 -XX:MaxHeapSize=4294967296 -XX:MaxNewSize=697933824 -XX:MaxTenuringThreshold=6 -XX:OldPLABSize=16 -XX:+PrintGC -XX:+PrintGCDateStamps -XX:+PrintGCDetails -XX:+PrintGCTimeStamps -XX:+PrintReferenceGC -XX:+UseCompressedClassPointers -XX:+UseCompressedOops -XX:+UseConcMarkSweepGC -XX:+UseParNewGC 
2016-03-22T10:02:41.962-0100: 13.396: [GC (Allocation Failure) 2016-03-22T10:02:41.962-0100: 13.396: [ParNew2016-03-22T10:02:41.970-0100: 13.404: [SoftReference, 0 refs, 0.0000260 secs]2016-03-22T10:02:41.970-0100: 13.404: [WeakReference, 59 refs, 0.0000110 secs]2016-03-22T10:02:41.970-0100: 13.404: [FinalReference, 1407 refs, 0.0025979 secs]2016-03-22T10:02:41.973-0100: 13.407: [PhantomReference, 0 refs, 0 refs, 0.0000131 secs]2016-03-22T10:02:41.973-0100: 13.407: [JNI Weak Reference, 0.0000088 secs]: 69952K->8704K(78656K), 0.0104509 secs] 69952K->11354K(253440K), 0.0105137 secs] [Times: user=0.04 sys=0.01, real=0.01 secs] 
2016-03-22T10:02:45.328-0100: 16.762: [GC (Allocation Failure) 2016-03-22T10:02:45.328-0100: 16.762: [ParNew2016-03-22T10:02:45.357-0100: 16.792: [SoftReference, 0 refs, 0.0000315 secs]2016-03-22T10:02:45.358-0100: 16.792: [WeakReference, 1 refs, 0.0000055 secs]2016-03-22T10:02:45.358-0100: 16.792: [FinalReference, 4 refs, 0.0000085 secs]2016-03-22T10:02:45.358-0100: 16.792: [PhantomReference, 0 refs, 0 refs, 0.0000047 secs]2016-03-22T10:02:45.358-0100: 16.792: [JNI Weak Reference, 0.0000034 secs]: 78656K->8704K(78656K), 0.0299258 secs] 81306K->20601K(253440K), 0.0299627 secs] [Times: user=0.11 sys=0.03, real=0.03 secs] 
2016-03-22T10:02:47.685-0100: 19.119: [GC (Allocation Failure) 2016-03-22T10:02:47.685-0100: 19.119: [ParNew2016-03-22T10:02:47.702-0100: 19.136: [SoftReference, 0 refs, 0.0000307 secs]2016-03-22T10:02:47.702-0100: 19.136: [WeakReference, 1 refs, 0.0000051 secs]2016-03-22T10:02:47.702-0100: 19.136: [FinalReference, 3 refs, 0.0000074 secs]2016-03-22T10:02:47.702-0100: 19.136: [PhantomReference, 0 refs, 0 refs, 0.0000047 secs]2016-03-22T10:02:47.702-0100: 19.136: [JNI Weak Reference, 0.0000035 secs]: 78656K->8704K(78656K), 0.0165252 secs] 90553K->29566K(253440K), 0.0165651 secs] [Times: user=0.09 sys=0.01, real=0.02 secs] 
2016-03-22T10:02:48.753-0100: 20.187: [GC (Allocation Failure) 2016-03-22T10:02:48.753-0100: 20.187: [ParNew2016-03-22T10:02:48.770-0100: 20.204: [SoftReference, 0 refs, 0.0000309 secs]2016-03-22T10:02:48.770-0100: 20.204: [WeakReference, 1 refs, 0.0000054 secs]2016-03-22T10:02:48.770-0100: 20.204: [FinalReference, 4 refs, 0.0000080 secs]2016-03-22T10:02:48.770-0100: 20.204: [PhantomReference, 0 refs, 0 refs, 0.0000047 secs]2016-03-22T10:02:48.770-0100: 20.204: [JNI Weak Reference, 0.0000036 secs]: 78656K->8704K(78656K), 0.0174621 secs] 99518K->38680K(253440K), 0.0174999 secs] [Times: user=0.11 sys=0.00, real=0.02 secs] 
2016-03-22T10:02:49.986-0100: 21.420: [GC (Allocation Failure) 2016-03-22T10:02:49.986-0100: 21.420: [ParNew2016-03-22T10:02:50.010-0100: 21.445: [SoftReference, 0 refs, 0.0002819 secs]2016-03-22T10:02:50.011-0100: 21.445: [WeakReference, 0 refs, 0.0000070 secs]2016-03-22T10:02:50.011-0100: 21.445: [FinalReference, 3 refs, 0.0000089 secs]2016-03-22T10:02:50.011-0100: 21.445: [PhantomReference, 0 refs, 0 refs, 0.0000047 secs]2016-03-22T10:02:50.011-0100: 21.445: [JNI Weak Reference, 0.0000035 secs]: 78656K->8704K(78656K), 0.0248927 secs] 108632K->49818K(253440K), 0.0249295 secs] [Times: user=0.13 sys=0.01, real=0.03 secs] 
2016-03-22T10:02:50.863-0100: 22.297: [GC (Allocation Failure) 2016-03-22T10:02:50.863-0100: 22.297: [ParNew2016-03-22T10:02:50.885-0100: 22.320: [SoftReference, 0 refs, 0.0000300 secs]2016-03-22T10:02:50.885-0100: 22.320: [WeakReference, 0 refs, 0.0000053 secs]2016-03-22T10:02:50.885-0100: 22.320: [FinalReference, 3 refs, 0.0000208 secs]2016-03-22T10:02:50.885-0100: 22.320: [PhantomReference, 0 refs, 0 refs, 0.0000060 secs]2016-03-22T10:02:50.885-0100: 22.320: [JNI Weak Reference, 0.0000040 secs]: 78656K->8704K(78656K), 0.0225700 secs] 119770K->58707K(253440K), 0.0226081 secs] [Times: user=0.12 sys=0.01, real=0.02 secs] 
2016-03-22T10:02:51.906-0100: 23.340: [GC (Allocation Failure) 2016-03-22T10:02:51.906-0100: 23.340: [ParNew2016-03-22T10:02:51.925-0100: 23.359: [SoftReference, 0 refs, 0.0000281 secs]2016-03-22T10:02:51.925-0100: 23.359: [WeakReference, 0 refs, 0.0000046 secs]2016-03-22T10:02:51.925-0100: 23.359: [FinalReference, 2 refs, 0.0000064 secs]2016-03-22T10:02:51.925-0100: 23.359: [PhantomReference, 0 refs, 0 refs, 0.0000046 secs]2016-03-22T10:02:51.925-0100: 23.359: [JNI Weak Reference, 0.0000034 secs]: 78636K->7645K(78656K), 0.0196123 secs] 128640K->64813K(253440K), 0.0196465 secs] [Times: user=0.11 sys=0.01, real=0.02 secs] 
2016-03-22T10:02:53.162-0100: 24.596: [GC (Allocation Failure) 2016-03-22T10:02:53.162-0100: 24.596: [ParNew2016-03-22T10:02:53.179-0100: 24.613: [SoftReference, 0 refs, 0.0000330 secs]2016-03-22T10:02:53.179-0100: 24.613: [WeakReference, 0 refs, 0.0000046 secs]2016-03-22T10:02:53.179-0100: 24.613: [FinalReference, 3 refs, 0.0000083 secs]2016-03-22T10:02:53.179-0100: 24.613: [PhantomReference, 0 refs, 0 refs, 0.0000046 secs]2016-03-22T10:02:53.179-0100: 24.613: [JNI Weak Reference, 0.0000036 secs]: 77597K->8704K(78656K), 0.0171980 secs] 134765K->72674K(253440K), 0.0172361 secs] [Times: user=0.11 sys=0.00, real=0.01 secs] 
2016-03-22T10:02:53.484-0100: 24.918: [GC (Allocation Failure) 2016-03-22T10:02:53.484-0100: 24.918: [ParNew2016-03-22T10:02:53.507-0100: 24.941: [SoftReference, 0 refs, 0.0000312 secs]2016-03-22T10:02:53.507-0100: 24.941: [WeakReference, 0 refs, 0.0000045 secs]2016-03-22T10:02:53.507-0100: 24.941: [FinalReference, 3 refs, 0.0000074 secs]2016-03-22T10:02:53.507-0100: 24.941: [PhantomReference, 0 refs, 0 refs, 0.0000045 secs]2016-03-22T10:02:53.507-0100: 24.941: [JNI Weak Reference, 0.0000035 secs]: 78656K->8704K(78656K), 0.0232276 secs] 142626K->80473K(253440K), 0.0232643 secs] [Times: user=0.13 sys=0.00, real=0.02 secs] 
2016-03-22T10:02:54.055-0100: 25.489: [GC (Allocation Failure) 2016-03-22T10:02:54.055-0100: 25.489: [ParNew2016-03-22T10:02:54.071-0100: 25.505: [SoftReference, 0 refs, 0.0000272 secs]2016-03-22T10:02:54.071-0100: 25.505: [WeakReference, 0 refs, 0.0000047 secs]2016-03-22T10:02:54.071-0100: 25.505: [FinalReference, 1 refs, 0.0000058 secs]2016-03-22T10:02:54.071-0100: 25.505: [PhantomReference, 0 refs, 0 refs, 0.0000045 secs]2016-03-22T10:02:54.071-0100: 25.505: [JNI Weak Reference, 0.0000037 secs]: 78656K->7658K(78656K), 0.0159255 secs] 150425K->85814K(253440K), 0.0159614 secs] [Times: user=0.10 sys=0.00, real=0.02 secs] 
2016-03-22T10:02:54.567-0100: 26.001: [GC (Allocation Failure) 2016-03-22T10:02:54.567-0100: 26.001: [ParNew2016-03-22T10:02:54.581-0100: 26.015: [SoftReference, 0 refs, 0.0000283 secs]2016-03-22T10:02:54.581-0100: 26.015: [WeakReference, 0 refs, 0.0000045 secs]2016-03-22T10:02:54.581-0100: 26.015: [FinalReference, 2 refs, 0.0000060 secs]2016-03-22T10:02:54.581-0100: 26.015: [PhantomReference, 0 refs, 0 refs, 0.0000044 secs]2016-03-22T10:02:54.581-0100: 26.015: [JNI Weak Reference, 0.0000034 secs]: 77610K->7946K(78656K), 0.0138600 secs] 155766K->91113K(253440K), 0.0138968 secs] [Times: user=0.09 sys=0.01, real=0.02 secs] 
2016-03-22T10:02:54.784-0100: 26.218: [GC (Allocation Failure) 2016-03-22T10:02:54.784-0100: 26.218: [ParNew2016-03-22T10:02:54.796-0100: 26.230: [SoftReference, 0 refs, 0.0000225 secs]2016-03-22T10:02:54.796-0100: 26.230: [WeakReference, 0 refs, 0.0000045 secs]2016-03-22T10:02:54.796-0100: 26.230: [FinalReference, 1 refs, 0.0000056 secs]2016-03-22T10:02:54.796-0100: 26.230: [PhantomReference, 0 refs, 0 refs, 0.0000046 secs]2016-03-22T10:02:54.796-0100: 26.230: [JNI Weak Reference, 0.0000035 secs]: 77814K->5513K(78656K), 0.0122423 secs] 160981K->93689K(253440K), 0.0122792 secs] [Times: user=0.08 sys=0.00, real=0.01 secs] 
2016-03-22T10:02:54.797-0100: 26.232: [GC (CMS Initial Mark) [1 CMS-initial-mark: 88175K(174784K)] 101558K(253440K), 0.0025740 secs] [Times: user=0.01 sys=0.01, real=0.01 secs] 
2016-03-22T10:02:54.800-0100: 26.234: [CMS-concurrent-mark-start]
2016-03-22T10:02:54.854-0100: 26.288: [CMS-concurrent-mark: 0.054/0.054 secs] [Times: user=0.11 sys=0.00, real=0.05 secs] 
2016-03-22T10:02:54.854-0100: 26.288: [CMS-concurrent-preclean-start]
2016-03-22T10:02:54.854-0100: 26.288: [Preclean SoftReferences, 0.0000049 secs]2016-03-22T10:02:54.854-0100: 26.288: [Preclean WeakReferences, 0.0000191 secs]2016-03-22T10:02:54.854-0100: 26.288: [Preclean FinalReferences, 0.0000082 secs]2016-03-22T10:02:54.854-0100: 26.288: [Preclean PhantomReferences, 0.0000031 secs]2016-03-22T10:02:54.855-0100: 26.289: [CMS-concurrent-preclean: 0.001/0.001 secs] [Times: user=0.00 sys=0.00, real=0.00 secs] 
2016-03-22T10:02:54.855-0100: 26.289: [CMS-concurrent-abortable-preclean-start]
2016-03-22T10:02:55.279-0100: 26.714: [GC (Allocation Failure) 2016-03-22T10:02:55.280-0100: 26.714: [ParNew2016-03-22T10:02:55.287-0100: 26.722: [SoftReference, 0 refs, 0.0000287 secs]2016-03-22T10:02:55.287-0100: 26.722: [WeakReference, 0 refs, 0.0000044 secs]2016-03-22T10:02:55.287-0100: 26.722: [FinalReference, 1 refs, 0.0000044 secs]2016-03-22T10:02:55.287-0100: 26.722: [PhantomReference, 0 refs, 0 refs, 0.0000045 secs]2016-03-22T10:02:55.287-0100: 26.722: [JNI Weak Reference, 0.0000035 secs]: 75465K->7279K(78656K), 0.0079488 secs] 163641K->95455K(253440K), 0.0079855 secs] [Times: user=0.06 sys=0.00, real=0.01 secs] 
2016-03-22T10:02:55.716-0100: 27.150: [CMS-concurrent-abortable-preclean: 0.271/0.861 secs] [Times: user=0.47 sys=0.00, real=0.86 secs] 
2016-03-22T10:02:55.716-0100: 27.150: [GC (CMS Final Remark) [YG occupancy: 55606 K (78656 K)]2016-03-22T10:02:55.716-0100: 27.150: [GC (CMS Final Remark) 2016-03-22T10:02:55.716-0100: 27.150: [ParNew2016-03-22T10:02:55.730-0100: 27.165: [SoftReference, 0 refs, 0.0000269 secs]2016-03-22T10:02:55.730-0100: 27.165: [WeakReference, 0 refs, 0.0000045 secs]2016-03-22T10:02:55.730-0100: 27.165: [FinalReference, 3 refs, 0.0000073 secs]2016-03-22T10:02:55.730-0100: 27.165: [PhantomReference, 0 refs, 0 refs, 0.0000045 secs]2016-03-22T10:02:55.730-0100: 27.165: [JNI Weak Reference, 0.0000035 secs]: 55606K->8704K(78656K), 0.0145788 secs] 143782K->100061K(253440K), 0.0145973 secs] [Times: user=0.10 sys=0.00, real=0.02 secs] 
2016-03-22T10:02:55.730-0100: 27.165: [Rescan (parallel) , 0.0108559 secs]2016-03-22T10:02:55.741-0100: 27.176: [weak refs processing2016-03-22T10:02:55.741-0100: 27.176: [SoftReference, 0 refs, 0.0000050 secs]2016-03-22T10:02:55.741-0100: 27.176: [WeakReference, 1 refs, 0.0000041 secs]2016-03-22T10:02:55.741-0100: 27.176: [FinalReference, 101 refs, 0.0000787 secs]2016-03-22T10:02:55.741-0100: 27.176: [PhantomReference, 0 refs, 0 refs, 0.0000042 secs]2016-03-22T10:02:55.741-0100: 27.176: [JNI Weak Reference, 0.0000031 secs], 0.0001313 secs]2016-03-22T10:02:55.741-0100: 27.176: [class unloading, 0.0020614 secs]2016-03-22T10:02:55.743-0100: 27.178: [scrub symbol table, 0.0011067 secs]2016-03-22T10:02:55.745-0100: 27.179: [scrub string table, 0.0002172 secs][1 CMS-remark: 91357K(174784K)] 100061K(253440K), 0.0293410 secs] [Times: user=0.19 sys=0.00, real=0.03 secs] 
2016-03-22T10:02:55.745-0100: 27.180: [CMS-concurrent-sweep-start]
2016-03-22T10:02:55.776-0100: 27.211: [CMS-concurrent-sweep: 0.031/0.031 secs] [Times: user=0.03 sys=0.00, real=0.03 secs] 
2016-03-22T10:02:55.776-0100: 27.211: [CMS-concurrent-reset-start]
2016-03-22T10:02:55.801-0100: 27.235: [CMS-concurrent-reset: 0.024/0.024 secs] [Times: user=0.01 sys=0.02, real=0.03 secs] 
2016-03-22T10:02:56.632-0100: 28.066: [GC (Allocation Failure) 2016-03-22T10:02:56.632-0100: 28.066: [ParNew2016-03-22T10:02:56.650-0100: 28.084: [SoftReference, 0 refs, 0.0000302 secs]2016-03-22T10:02:56.650-0100: 28.084: [WeakReference, 1 refs, 0.0000050 secs]2016-03-22T10:02:56.650-0100: 28.084: [FinalReference, 2 refs, 0.0000062 secs]2016-03-22T10:02:56.650-0100: 28.084: [PhantomReference, 0 refs, 0 refs, 0.0000280 secs]2016-03-22T10:02:56.650-0100: 28.084: [JNI Weak Reference, 0.0000039 secs]: 78656K->8383K(78656K), 0.0180551 secs] 155698K->93868K(253440K), 0.0180925 secs] [Times: user=0.12 sys=0.00, real=0.02 secs] 
2016-03-22T10:02:57.219-0100: 28.653: [GC (Allocation Failure) 2016-03-22T10:02:57.219-0100: 28.653: [ParNew2016-03-22T10:02:57.235-0100: 28.670: [SoftReference, 0 refs, 0.0000372 secs]2016-03-22T10:02:57.235-0100: 28.670: [WeakReference, 1 refs, 0.0000069 secs]2016-03-22T10:02:57.235-0100: 28.670: [FinalReference, 2 refs, 0.0000082 secs]2016-03-22T10:02:57.235-0100: 28.670: [PhantomReference, 0 refs, 0 refs, 0.0000062 secs]2016-03-22T10:02:57.235-0100: 28.670: [JNI Weak Reference, 0.0000046 secs]: 78319K->6721K(78656K), 0.0165801 secs] 163804K->97269K(253440K), 0.0166184 secs] [Times: user=0.10 sys=0.00, real=0.02 secs] 
Heap
 par new generation   total 78656K, used 71605K [0x00000006c0000000, 0x00000006c5550000, 0x00000006e9990000)
  eden space 69952K,  90% used [0x00000006c0000000, 0x00000006c3da7148, 0x00000006c4450000)
  from space 8704K,  97% used [0x00000006c4450000, 0x00000006c4c96550, 0x00000006c4cd0000)
  to   space 8704K,   0% used [0x00000006c4cd0000, 0x00000006c4cd0000, 0x00000006c5550000)
 concurrent mark-sweep generation total 359976K, used 215984K [0x00000006e9990000, 0x00000006ff91a000, 0x00000007c0000000)
 Metaspace       used 11280K, capacity 11442K, committed 11648K, reserved 1058816K
  class space    used 1250K, capacity 1310K, committed 1408K, reserved 1048576K
