4.942: [GC 4.943: [ParNew: 209792K->7385K(235968K), 0.0282030 secs] 209792K->7385K(1546688K), 0.0283070 secs] [Times: user=0.08 sys=0.01, real=0.03 secs] 
6.294: [GC [1 CMS-initial-mark: 0K(1310720K)] 82455K(1546688K), 0.0929830 secs] [Times: user=0.18 sys=0.00, real=0.09 secs] 
6.387: [CMS-concurrent-mark-start]
6.526: [CMS-concurrent-mark: 0.048/0.138 secs] [Times: user=0.28 sys=0.01, real=0.14 secs] 
6.526: [CMS-concurrent-preclean-start]
6.537: [CMS-concurrent-preclean: 0.011/0.011 secs] [Times: user=0.04 sys=0.01, real=0.01 secs] 
6.537: [CMS-concurrent-abortable-preclean-start]
9.766: [GC 9.766: [ParNew: 217177K->13323K(235968K), 0.0212320 secs] 217177K->13323K(1546688K), 0.0213410 secs] [Times: user=0.08 sys=0.01, real=0.02 secs] 
 CMS: abort preclean due to time 11.560: [CMS-concurrent-abortable-preclean: 4.484/5.022 secs] [Times: user=13.81 sys=0.76, real=5.02 secs] 
11.560: [GC[YG occupancy: 91301 K (235968 K)]11.560: [Rescan (parallel) , 0.0216660 secs]11.582: [weak refs processing, 0.0000140 secs]11.582: [class unloading, 0.0086880 secs]11.591: [scrub symbol & string tables, 0.0060760 secs] [1 CMS-remark: 0K(1310720K)] 91301K(1546688K), 0.0376910 secs] [Times: user=0.15 sys=0.01, real=0.04 secs] 
11.598: [CMS-concurrent-sweep-start]
11.615: [CMS-concurrent-sweep: 0.017/0.017 secs] [Times: user=0.05 sys=0.00, real=0.02 secs] 
11.615: [CMS-concurrent-reset-start]
11.669: [CMS-concurrent-reset: 0.054/0.054 secs] [Times: user=0.14 sys=0.03, real=0.05 secs] 
14.091: [GC 14.091: [ParNew: 223115K->17289K(235968K), 0.0175670 secs] 223115K->17289K(1546688K), 0.0176970 secs] [Times: user=0.12 sys=0.01, real=0.02 secs] 
17.562: [GC 17.562: [ParNew: 227081K->26176K(235968K), 0.0218820 secs] 227081K->26318K(1546688K), 0.0220200 secs] [Times: user=0.13 sys=0.01, real=0.02 secs] 
20.078: [GC [1 CMS-initial-mark: 142K(1310720K)] 222700K(1546688K), 0.3631140 secs] [Times: user=0.35 sys=0.01, real=0.37 secs] 
20.444: [CMS-concurrent-mark-start]
20.604: [GC 20.604: [ParNew: 235968K->26176K(235968K), 0.0871360 secs] 236110K->36051K(1546688K), 0.0873120 secs] [Times: user=0.28 sys=0.05, real=0.09 secs] 
20.696: [CMS-concurrent-mark: 0.068/0.252 secs] [Times: user=0.56 sys=0.06, real=0.25 secs] 
20.696: [CMS-concurrent-preclean-start]
20.757: [CMS-concurrent-preclean: 0.055/0.061 secs] [Times: user=0.06 sys=0.01, real=0.06 secs] 
20.757: [CMS-concurrent-abortable-preclean-start]
22.604: [CMS-concurrent-abortable-preclean: 1.092/1.848 secs] [Times: user=5.22 sys=0.10, real=1.85 secs] 
22.605: [GC[YG occupancy: 137166 K (235968 K)]22.605: [Rescan (parallel) , 0.0782730 secs]22.683: [weak refs processing, 0.0000160 secs]22.683: [class unloading, 0.0117460 secs]22.695: [scrub symbol & string tables, 0.0120100 secs] [1 CMS-remark: 9875K(1310720K)] 147041K(1546688K), 0.1041900 secs] [Times: user=0.48 sys=0.00, real=0.10 secs] 
22.709: [CMS-concurrent-sweep-start]
22.745: [CMS-concurrent-sweep: 0.036/0.036 secs] [Times: user=0.11 sys=0.00, real=0.04 secs] 
22.745: [CMS-concurrent-reset-start]
22.772: [CMS-concurrent-reset: 0.027/0.027 secs] [Times: user=0.09 sys=0.01, real=0.03 secs] 
23.600: [GC 23.600: [ParNew: 235968K->26176K(235968K), 0.6198020 secs] 245702K->116571K(1546688K), 0.6199890 secs] [Times: user=1.78 sys=0.07, real=0.62 secs] 
26.477: [GC 26.478: [ParNew: 235968K->26176K(235968K), 0.1314250 secs] 326363K->142530K(1546688K), 0.1315910 secs] [Times: user=0.70 sys=0.03, real=0.13 secs] 
30.872: [GC 30.872: [ParNew: 235968K->26030K(235968K), 0.0694620 secs] 352322K->164542K(1546688K), 0.0696380 secs] [Times: user=0.39 sys=0.02, real=0.07 secs] 
34.389: [GC 34.390: [ParNew: 235822K->19311K(235968K), 0.0266980 secs] 374334K->157823K(1546688K), 0.0268570 secs] [Times: user=0.16 sys=0.00, real=0.02 secs] 
36.003: [GC [1 CMS-initial-mark: 138511K(1310720K)] 265238K(1546688K), 0.1913100 secs] [Times: user=0.19 sys=0.00, real=0.19 secs] 
36.196: [CMS-concurrent-mark-start]
36.790: [CMS-concurrent-mark: 0.575/0.594 secs] [Times: user=2.03 sys=0.07, real=0.60 secs] 
36.790: [CMS-concurrent-preclean-start]
36.805: [CMS-concurrent-preclean: 0.014/0.015 secs] [Times: user=0.07 sys=0.00, real=0.01 secs] 
36.805: [CMS-concurrent-abortable-preclean-start]
37.200: [GC 37.200: [ParNew: 229103K->26176K(235968K), 0.2410390 secs] 367615K->203625K(1546688K), 0.2412430 secs] [Times: user=1.51 sys=0.04, real=0.24 secs] 
38.348: [CMS-concurrent-abortable-preclean: 1.294/1.543 secs] [Times: user=4.15 sys=0.13, real=1.55 secs] 
38.349: [GC[YG occupancy: 148749 K (235968 K)]38.349: [Rescan (parallel) , 0.1748960 secs]38.524: [weak refs processing, 0.0006710 secs]38.524: [class unloading, 0.0266370 secs]38.551: [scrub symbol & string tables, 0.0218170 secs] [1 CMS-remark: 177449K(1310720K)] 326199K(1546688K), 0.2283250 secs] [Times: user=0.75 sys=0.01, real=0.22 secs] 
38.577: [CMS-concurrent-sweep-start]
38.902: [CMS-concurrent-sweep: 0.324/0.325 secs] [Times: user=0.33 sys=0.00, real=0.33 secs] 
38.902: [CMS-concurrent-reset-start]
38.936: [CMS-concurrent-reset: 0.034/0.034 secs] [Times: user=0.03 sys=0.00, real=0.03 secs] 
40.384: [GC 40.384: [ParNew: 235968K->26176K(235968K), 0.3006920 secs] 411372K->259498K(1546688K), 0.3009070 secs] [Times: user=1.69 sys=0.05, real=0.30 secs] 
42.080: [GC 42.080: [ParNew: 235968K->24801K(235968K), 0.0888380 secs] 469290K->284002K(1546688K), 0.0890380 secs] [Times: user=0.47 sys=0.03, real=0.09 secs] 
44.468: [GC 44.468: [ParNew: 234593K->12124K(235968K), 0.0129860 secs] 493794K->271325K(1546688K), 0.0131860 secs] [Times: user=0.08 sys=0.01, real=0.01 secs] 
46.446: [GC 46.447: [ParNew: 221916K->26175K(235968K), 0.0230070 secs] 481117K->285738K(1546688K), 0.0232100 secs] [Times: user=0.13 sys=0.00, real=0.03 secs] 
47.131: [GC 47.132: [ParNew: 235919K->19818K(235968K), 0.0607220 secs] 495481K->294876K(1546688K), 0.0609620 secs] [Times: user=0.16 sys=0.01, real=0.06 secs] 
47.348: [GC 47.348: [ParNew: 229610K->15290K(235968K), 0.0276380 secs] 504668K->290348K(1546688K), 0.0278710 secs] [Times: user=0.12 sys=0.00, real=0.02 secs] 
47.520: [GC 47.520: [ParNew: 225082K->10704K(235968K), 0.0383270 secs] 500140K->296310K(1546688K), 0.0385520 secs] [Times: user=0.13 sys=0.01, real=0.04 secs] 
47.697: [GC 47.697: [ParNew: 220496K->7418K(235968K), 0.0083270 secs] 506102K->293024K(1546688K), 0.0084750 secs] [Times: user=0.05 sys=0.00, real=0.00 secs] 
47.838: [GC 47.838: [ParNew: 217210K->5908K(235968K), 0.0074750 secs] 502816K->291515K(1546688K), 0.0076830 secs] [Times: user=0.04 sys=0.00, real=0.00 secs] 
60.338: [GC 60.339: [ParNew: 215664K->5308K(235968K), 0.0160970 secs] 501270K->292244K(1546688K), 0.0163480 secs] [Times: user=0.06 sys=0.01, real=0.02 secs] 
75.615: [GC 75.615: [ParNew: 215100K->5459K(235968K), 0.0132790 secs] 502036K->292559K(1546688K), 0.0134600 secs] [Times: user=0.04 sys=0.00, real=0.01 secs] 
81.798: [GC 81.798: [ParNew: 215251K->7777K(235968K), 0.0099180 secs] 502351K->295098K(1546688K), 0.0101380 secs] [Times: user=0.05 sys=0.00, real=0.01 secs] 
101.373: [GC 101.373: [ParNew: 217569K->8656K(235968K), 0.0089880 secs] 504890K->296088K(1546688K), 0.0092470 secs] [Times: user=0.06 sys=0.00, real=0.01 secs] 
104.837: [GC 104.837: [ParNew: 218448K->7373K(235968K), 0.0215790 secs] 505880K->297549K(1546688K), 0.0218350 secs] [Times: user=0.06 sys=0.01, real=0.03 secs] 
120.330: [GC 120.330: [ParNew: 217165K->4740K(235968K), 0.0080070 secs] 507341K->295638K(1546688K), 0.0082680 secs] [Times: user=0.04 sys=0.00, real=0.01 secs] 
135.614: [GC 135.615: [ParNew: 214531K->3257K(235968K), 0.0071670 secs] 505429K->294790K(1546688K), 0.0074310 secs] [Times: user=0.02 sys=0.00, real=0.00 secs] 
141.814: [GC 141.814: [ParNew: 212945K->1086K(235968K), 0.0068460 secs] 504478K->292742K(1546688K), 0.0070740 secs] [Times: user=0.02 sys=0.01, real=0.00 secs] 
161.417: [GC 161.417: [ParNew: 210878K->1076K(235968K), 0.0032410 secs] 502534K->292780K(1546688K), 0.0034810 secs] [Times: user=0.02 sys=0.00, real=0.01 secs] 
164.930: [GC 164.931: [ParNew: 210830K->2075K(235968K), 0.0088560 secs] 502535K->293959K(1546688K), 0.0091710 secs] [Times: user=0.03 sys=0.00, real=0.01 secs] 
185.917: [GC 185.917: [ParNew: 211867K->2175K(235968K), 0.0061870 secs] 503751K->294193K(1546688K), 0.0064810 secs] [Times: user=0.02 sys=0.00, real=0.00 secs] 
196.800: [GC 196.800: [ParNew: 211913K->2610K(235968K), 0.0042160 secs] 503932K->294673K(1546688K), 0.0044530 secs] [Times: user=0.02 sys=0.00, real=0.01 secs] 
203.841: [GC 203.841: [ParNew: 212402K->2017K(235968K), 0.0113370 secs] 504465K->294157K(1546688K), 0.0115680 secs] [Times: user=0.03 sys=0.00, real=0.02 secs] 
222.689: [GC 222.690: [ParNew: 211801K->1240K(235968K), 0.0196180 secs] 503940K->294535K(1546688K), 0.0198840 secs] [Times: user=0.04 sys=0.00, real=0.02 secs] 
227.548: [GC 227.548: [ParNew: 211029K->1080K(235968K), 0.0043790 secs] 504325K->294437K(1546688K), 0.0045850 secs] [Times: user=0.02 sys=0.01, real=0.00 secs] 
248.567: [GC 248.567: [ParNew: 210872K->1065K(235968K), 0.0056260 secs] 504229K->294472K(1546688K), 0.0058540 secs] [Times: user=0.01 sys=0.00, real=0.00 secs] 
257.490: [GC 257.490: [ParNew: 210857K->968K(235968K), 0.0076090 secs] 504264K->294414K(1546688K), 0.0077820 secs] [Times: user=0.01 sys=0.00, real=0.01 secs] 
279.822: [GC 279.822: [ParNew: 210760K->700K(235968K), 0.0051910 secs] 504206K->294300K(1546688K), 0.0054160 secs] [Times: user=0.02 sys=0.00, real=0.00 secs] 
283.798: [GC 283.799: [ParNew: 210491K->817K(235968K), 0.0048280 secs] 504092K->294461K(1546688K), 0.0050090 secs] [Times: user=0.01 sys=0.00, real=0.01 secs] 
292.561: [GC 292.562: [ParNew: 210609K->726K(235968K), 0.0051030 secs] 504253K->294407K(1546688K), 0.0053160 secs] [Times: user=0.02 sys=0.00, real=0.00 secs] 
309.292: [GC 309.293: [ParNew: 210504K->623K(235968K), 0.0044250 secs] 504185K->294348K(1546688K), 0.0046700 secs] [Times: user=0.01 sys=0.00, real=0.01 secs] 
321.541: [GC 321.541: [ParNew: 210415K->815K(235968K), 0.0047050 secs] 504140K->294579K(1546688K), 0.0049510 secs] [Times: user=0.01 sys=0.00, real=0.01 secs] 
339.881: [GC 339.881: [ParNew: 210607K->449K(235968K), 0.0048380 secs] 504371K->294261K(1546688K), 0.0049960 secs] [Times: user=0.02 sys=0.00, real=0.00 secs] 
344.878: [GC 344.878: [ParNew: 210241K->954K(235968K), 0.0043040 secs] 504053K->294810K(1546688K), 0.0045400 secs] [Times: user=0.02 sys=0.00, real=0.01 secs] 
360.381: [GC 360.381: [ParNew: 210700K->650K(235968K), 0.0077700 secs] 504556K->294554K(1546688K), 0.0079860 secs] [Times: user=0.02 sys=0.00, real=0.01 secs] 
375.667: [GC 375.668: [ParNew: 210394K->530K(235968K), 0.0033700 secs] 504297K->294491K(1546688K), 0.0036090 secs] [Times: user=0.02 sys=0.01, real=0.00 secs] 
381.846: [GC 381.846: [ParNew: 210301K->612K(235968K), 0.0065630 secs] 504261K->294605K(1546688K), 0.0068160 secs] [Times: user=0.01 sys=0.00, real=0.00 secs] 
401.587: [GC 401.587: [ParNew: 210404K->342K(235968K), 0.0053180 secs] 504397K->294385K(1546688K), 0.0054750 secs] [Times: user=0.01 sys=0.00, real=0.01 secs] 
407.551: [GC 407.551: [ParNew: 210134K->840K(235968K), 0.0050710 secs] 504177K->294926K(1546688K), 0.0052240 secs] [Times: user=0.02 sys=0.00, real=0.00 secs] 
428.579: [GC 428.579: [ParNew: 210606K->482K(235968K), 0.0064060 secs] 504692K->294605K(1546688K), 0.0066600 secs] [Times: user=0.01 sys=0.00, real=0.00 secs] 
436.856: [GC 436.856: [ParNew: 210274K->818K(235968K), 0.0033910 secs] 504397K->294984K(1546688K), 0.0036180 secs] [Times: user=0.02 sys=0.00, real=0.00 secs] 
443.909: [GC 443.910: [ParNew: 210610K->693K(235968K), 0.0050910 secs] 504776K->294897K(1546688K), 0.0053060 secs] [Times: user=0.02 sys=0.00, real=0.01 secs] 
463.810: [GC 463.810: [ParNew: 210485K->604K(235968K), 0.0061180 secs] 504689K->294856K(1546688K), 0.0062960 secs] [Times: user=0.02 sys=0.00, real=0.01 secs] 
472.576: [GC 472.576: [ParNew: 210396K->817K(235968K), 0.0048450 secs] 504648K->295119K(1546688K), 0.0050780 secs] [Times: user=0.01 sys=0.00, real=0.01 secs] 
479.733: [GC 479.733: [ParNew: 210609K->5922K(235968K), 0.0120890 secs] 504911K->300274K(1546688K), 0.0123470 secs] [Times: user=0.06 sys=0.01, real=0.01 secs] 
489.296: [GC 489.296: [ParNew: 215714K->8559K(235968K), 0.0137050 secs] 510066K->302978K(1546688K), 0.0139450 secs] [Times: user=0.05 sys=0.00, real=0.02 secs] 
497.551: [GC 497.551: [ParNew: 218351K->8984K(235968K), 0.0088560 secs] 512770K->303456K(1546688K), 0.0091320 secs] [Times: user=0.05 sys=0.00, real=0.01 secs] 
519.883: [GC 519.883: [ParNew: 218776K->10324K(235968K), 0.0089460 secs] 513248K->304854K(1546688K), 0.0093020 secs] [Times: user=0.05 sys=0.01, real=0.01 secs] 
523.853: [GC 523.853: [ParNew: 220116K->5793K(235968K), 0.0737040 secs] 514646K->304883K(1546688K), 0.0739600 secs] [Times: user=0.18 sys=0.01, real=0.07 secs] 
532.615: [GC 532.615: [ParNew: 215579K->2244K(235968K), 0.0097050 secs] 514670K->303113K(1546688K), 0.0099760 secs] [Times: user=0.04 sys=0.00, real=0.01 secs] 
549.344: [GC 549.344: [ParNew: 211928K->1446K(235968K), 0.0047750 secs] 512797K->302359K(1546688K), 0.0049470 secs] [Times: user=0.02 sys=0.00, real=0.01 secs] 
559.194: [GC 559.194: [ParNew: 211235K->2975K(235968K), 0.0069350 secs] 512148K->304087K(1546688K), 0.0071020 secs] [Times: user=0.04 sys=0.00, real=0.01 secs] 
579.905: [GC 579.905: [ParNew: 212661K->2897K(235968K), 0.0058050 secs] 513773K->304058K(1546688K), 0.0059710 secs] [Times: user=0.02 sys=0.01, real=0.00 secs] 
583.877: [GC 583.877: [ParNew: 212638K->2733K(235968K), 0.0148510 secs] 513798K->303983K(1546688K), 0.0150020 secs] [Times: user=0.05 sys=0.00, real=0.01 secs] 
600.411: [GC 600.411: [ParNew: 212525K->2781K(235968K), 0.0253640 secs] 513775K->304084K(1546688K), 0.0255460 secs] [Times: user=0.03 sys=0.00, real=0.02 secs] 
615.689: [GC 615.689: [ParNew: 212572K->1824K(235968K), 0.0136910 secs] 513876K->305011K(1546688K), 0.0139650 secs] [Times: user=0.03 sys=0.00, real=0.01 secs] 
621.622: [GC 621.622: [ParNew: 211616K->686K(235968K), 0.0063710 secs] 514803K->304059K(1546688K), 0.0066070 secs] [Times: user=0.01 sys=0.00, real=0.01 secs] 
641.494: [GC 641.494: [ParNew: 210478K->549K(235968K), 0.0056430 secs] 513851K->303953K(1546688K), 0.0058420 secs] [Times: user=0.01 sys=0.00, real=0.00 secs] 
644.959: [GC 644.959: [ParNew: 210341K->708K(235968K), 0.0044650 secs] 513745K->304153K(1546688K), 0.0046480 secs] [Times: user=0.01 sys=0.00, real=0.01 secs] 
660.483: [GC 660.483: [ParNew: 210500K->659K(235968K), 0.0051780 secs] 513945K->304157K(1546688K), 0.0053780 secs] [Times: user=0.02 sys=0.00, real=0.00 secs] 
676.864: [GC 676.864: [ParNew: 210447K->735K(235968K), 0.0094860 secs] 513945K->304274K(1546688K), 0.0096860 secs] [Times: user=0.01 sys=0.00, real=0.01 secs] 
683.911: [GC 683.911: [ParNew: 210527K->506K(235968K), 0.0134480 secs] 514066K->304118K(1546688K), 0.0137150 secs] [Times: user=0.01 sys=0.00, real=0.01 secs] 
702.746: [GC 702.746: [ParNew: 210248K->810K(235968K), 0.0063670 secs] 513860K->304458K(1546688K), 0.0066260 secs] [Times: user=0.02 sys=0.00, real=0.00 secs] 
707.630: [GC 707.630: [ParNew: 210602K->1236K(235968K), 0.0049600 secs] 514250K->304921K(1546688K), 0.0051770 secs] [Times: user=0.02 sys=0.00, real=0.01 secs] 
728.660: [GC 728.660: [ParNew: 210986K->1118K(235968K), 0.0057200 secs] 514671K->304856K(1546688K), 0.0059990 secs] [Times: user=0.01 sys=0.00, real=0.00 secs] 
737.566: [GC 737.566: [ParNew: 210845K->1160K(235968K), 0.0053290 secs] 514582K->304935K(1546688K), 0.0055870 secs] [Times: user=0.02 sys=0.00, real=0.01 secs] 
745.138: [GC 745.138: [ParNew: 210952K->783K(235968K), 0.0045810 secs] 514727K->304619K(1546688K), 0.0048110 secs] [Times: user=0.01 sys=0.00, real=0.00 secs] 
763.878: [GC 763.878: [ParNew: 210539K->1477K(235968K), 0.0066250 secs] 514374K->305362K(1546688K), 0.0069070 secs] [Times: user=0.02 sys=0.00, real=0.01 secs] 
772.649: [GC 772.649: [ParNew: 211254K->1532K(235968K), 0.0059000 secs] 515139K->305455K(1546688K), 0.0060770 secs] [Times: user=0.02 sys=0.00, real=0.01 secs] 
789.367: [GC 789.368: [ParNew: 211301K->1615K(235968K), 0.0048710 secs] 515223K->305586K(1546688K), 0.0051010 secs] [Times: user=0.02 sys=0.00, real=0.01 secs] 
801.625: [GC 801.625: [ParNew: 211404K->1288K(235968K), 0.0044300 secs] 515375K->305400K(1546688K), 0.0046950 secs] [Times: user=0.02 sys=0.00, real=0.01 secs] 
819.972: [GC 819.972: [ParNew: 211080K->980K(235968K), 0.0095830 secs] 515192K->305541K(1546688K), 0.0098290 secs] [Times: user=0.02 sys=0.00, real=0.01 secs] 
824.953: [GC 824.953: [ParNew: 210772K->757K(235968K), 0.0045390 secs] 515333K->305379K(1546688K), 0.0047250 secs] [Times: user=0.01 sys=0.00, real=0.01 secs] 
840.477: [GC 840.477: [ParNew: 210549K->534K(235968K), 0.0175260 secs] 515171K->305198K(1546688K), 0.0177040 secs] [Times: user=0.03 sys=0.00, real=0.02 secs] 
855.856: [GC 855.856: [ParNew: 210326K->671K(235968K), 0.0050690 secs] 514990K->305367K(1546688K), 0.0053260 secs] [Times: user=0.01 sys=0.00, real=0.01 secs] 
861.904: [GC 861.904: [ParNew: 210463K->1130K(235968K), 0.0048890 secs] 515159K->305871K(1546688K), 0.0051330 secs] [Times: user=0.02 sys=0.01, real=0.01 secs] 
881.552: [GC 881.552: [ParNew: 210922K->949K(235968K), 0.0045470 secs] 515663K->305729K(1546688K), 0.0047800 secs] [Times: user=0.02 sys=0.01, real=0.01 secs] 
887.630: [GC 887.630: [ParNew: 210694K->764K(235968K), 0.0044770 secs] 515474K->305602K(1546688K), 0.0047270 secs] [Times: user=0.02 sys=0.00, real=0.01 secs] 
908.658: [GC 908.658: [ParNew: 210505K->721K(235968K), 0.0040880 secs] 515344K->305610K(1546688K), 0.0042620 secs] [Times: user=0.02 sys=0.00, real=0.01 secs] 
916.912: [GC 916.912: [ParNew: 210513K->696K(235968K), 0.0032930 secs] 515402K->305629K(1546688K), 0.0035120 secs] [Times: user=0.02 sys=0.00, real=0.00 secs] 
923.951: [GC 923.951: [ParNew: 210401K->804K(235968K), 0.0121490 secs] 515334K->305774K(1546688K), 0.0123900 secs] [Times: user=0.03 sys=0.01, real=0.01 secs] 
942.794: [GC 942.794: [ParNew: 210506K->659K(235968K), 0.0062230 secs] 515476K->305670K(1546688K), 0.0064560 secs] [Times: user=0.02 sys=0.00, real=0.01 secs] 
947.677: [GC 947.677: [ParNew: 210451K->873K(235968K), 0.0074370 secs] 515462K->305949K(1546688K), 0.0076180 secs] [Times: user=0.03 sys=0.00, real=0.00 secs] 
968.705: [GC 968.705: [ParNew: 210665K->908K(235968K), 0.0044680 secs] 515741K->306033K(1546688K), 0.0047100 secs] [Times: user=0.02 sys=0.01, real=0.00 secs] 
977.596: [GC 977.596: [ParNew: 210666K->1226K(235968K), 0.0076500 secs] 515791K->306395K(1546688K), 0.0078490 secs] [Times: user=0.02 sys=0.00, real=0.01 secs] 
999.968: [GC 999.968: [ParNew: 211018K->1513K(235968K), 0.0057420 secs] 516187K->306733K(1546688K), 0.0060250 secs] [Times: user=0.03 sys=0.00, real=0.00 secs] 
1003.921: [GC 1003.921: [ParNew: 211280K->1442K(235968K), 0.0071320 secs] 516500K->307015K(1546688K), 0.0073730 secs] [Times: user=0.02 sys=0.00, real=0.01 secs] 
1012.707: [GC 1012.707: [ParNew: 211192K->1659K(235968K), 0.0048110 secs] 516765K->307270K(1546688K), 0.0050470 secs] [Times: user=0.02 sys=0.00, real=0.00 secs] 
1029.419: [GC 1029.419: [ParNew: 211441K->1715K(235968K), 0.0059790 secs] 517052K->307370K(1546688K), 0.0062200 secs] [Times: user=0.01 sys=0.00, real=0.01 secs] 
1041.683: [GC 1041.684: [ParNew: 211507K->1067K(235968K), 0.0199130 secs] 517162K->306992K(1546688K), 0.0201900 secs] [Times: user=0.05 sys=0.00, real=0.02 secs] 
1060.034: [GC 1060.034: [ParNew: 210749K->514K(235968K), 0.0040150 secs] 516675K->306491K(1546688K), 0.0042920 secs] [Times: user=0.02 sys=0.00, real=0.01 secs] 
1065.007: [GC 1065.007: [ParNew: 210306K->950K(235968K), 0.0029530 secs] 516283K->306969K(1546688K), 0.0031890 secs] [Times: user=0.01 sys=0.00, real=0.00 secs] 
1080.539: [GC 1080.539: [ParNew: 210742K->663K(235968K), 0.0132350 secs] 516761K->306725K(1546688K), 0.0135560 secs] [Times: user=0.03 sys=0.00, real=0.01 secs] 
1095.916: [GC 1095.916: [ParNew: 210429K->767K(235968K), 0.0074250 secs] 516491K->306874K(1546688K), 0.0076610 secs] [Times: user=0.02 sys=0.00, real=0.01 secs] 
1101.947: [GC 1101.947: [ParNew: 210540K->695K(235968K), 0.0041870 secs] 516646K->306834K(1546688K), 0.0044410 secs] [Times: user=0.01 sys=0.00, real=0.01 secs] 
1121.604: [GC 1121.604: [ParNew: 210487K->742K(235968K), 0.0040620 secs] 516626K->306930K(1546688K), 0.0042430 secs] [Times: user=0.02 sys=0.00, real=0.01 secs] 
1127.680: [GC 1127.680: [ParNew: 210491K->1019K(235968K), 0.0064840 secs] 516678K->307261K(1546688K), 0.0066910 secs] [Times: user=0.02 sys=0.00, real=0.01 secs] 
1148.710: [GC 1148.710: [ParNew: 210789K->1052K(235968K), 0.0036800 secs] 517031K->307338K(1546688K), 0.0039170 secs] [Times: user=0.02 sys=0.00, real=0.01 secs] 
1156.953: [GC 1156.953: [ParNew: 210804K->905K(235968K), 0.0055640 secs] 517089K->307234K(1546688K), 0.0057340 secs] [Times: user=0.02 sys=0.00, real=0.00 secs] 
1164.007: [GC 1164.008: [ParNew: 210697K->946K(235968K), 0.0067180 secs] 517026K->307312K(1546688K), 0.0068890 secs] [Times: user=0.02 sys=0.01, real=0.01 secs] 
1183.936: [GC 1183.936: [ParNew: 210738K->931K(235968K), 0.0035500 secs] 517104K->307345K(1546688K), 0.0037930 secs] [Times: user=0.02 sys=0.00, real=0.01 secs] 
1192.725: [GC 1192.726: [ParNew: 210723K->1079K(235968K), 0.0066310 secs] 517137K->307554K(1546688K), 0.0068100 secs] [Times: user=0.02 sys=0.00, real=0.01 secs] 
1209.435: [GC 1209.435: [ParNew: 210871K->639K(235968K), 0.0032840 secs] 517346K->307183K(1546688K), 0.0035100 secs] [Times: user=0.02 sys=0.01, real=0.00 secs] 
1217.649: [GC 1217.649: [ParNew: 210380K->709K(235968K), 0.0040970 secs] 516924K->307296K(1546688K), 0.0043280 secs] [Times: user=0.02 sys=0.00, real=0.01 secs] 
1240.090: [GC 1240.090: [ParNew: 210489K->682K(235968K), 0.0041210 secs] 517076K->307307K(1546688K), 0.0043780 secs] [Times: user=0.02 sys=0.00, real=0.00 secs] 
1243.989: [GC 1243.989: [ParNew: 210468K->664K(235968K), 0.0032320 secs] 517092K->307337K(1546688K), 0.0034450 secs] [Times: user=0.02 sys=0.00, real=0.00 secs] 
1260.539: [GC 1260.539: [ParNew: 210432K->852K(235968K), 0.0392010 secs] 517105K->307577K(1546688K), 0.0394960 secs] [Times: user=0.04 sys=0.00, real=0.04 secs] 
1275.928: [GC 1275.929: [ParNew: 210644K->1275K(235968K), 0.0049450 secs] 517369K->308042K(1546688K), 0.0051830 secs] [Times: user=0.02 sys=0.00, real=0.01 secs] 
1281.761: [GC 1281.761: [ParNew: 211067K->471K(235968K), 0.0051000 secs] 517834K->307286K(1546688K), 0.0053570 secs] [Times: user=0.01 sys=0.00, real=0.01 secs] 
1301.665: [GC 1301.665: [ParNew: 210225K->914K(235968K), 0.0041050 secs] 517040K->307778K(1546688K), 0.0043320 secs] [Times: user=0.01 sys=0.00, real=0.00 secs] 
1305.081: [GC 1305.081: [ParNew: 210672K->610K(235968K), 0.0051390 secs] 517536K->307597K(1546688K), 0.0053190 secs] [Times: user=0.01 sys=0.01, real=0.00 secs] 
1320.639: [GC 1320.639: [ParNew: 210328K->473K(235968K), 0.0052300 secs] 517315K->307509K(1546688K), 0.0054860 secs] [Times: user=0.02 sys=0.00, real=0.00 secs] 
1336.956: [GC 1336.956: [ParNew: 210250K->477K(235968K), 0.0033900 secs] 517287K->307551K(1546688K), 0.0036260 secs] [Times: user=0.02 sys=0.00, real=0.00 secs] 
1342.351: [GC 1342.351: [ParNew: 210269K->483K(235968K), 0.0035390 secs] 517343K->307600K(1546688K), 0.0037590 secs] [Times: user=0.02 sys=0.00, real=0.01 secs] 
1362.839: [GC 1362.839: [ParNew: 210275K->697K(235968K), 0.0042430 secs] 517392K->307850K(1546688K), 0.0044130 secs] [Times: user=0.02 sys=0.00, real=0.01 secs] 
1367.746: [GC 1367.747: [ParNew: 210433K->793K(235968K), 0.0046700 secs] 517587K->307994K(1546688K), 0.0048850 secs] [Times: user=0.02 sys=0.00, real=0.01 secs] 
1388.780: [GC 1388.780: [ParNew: 210585K->939K(235968K), 0.0037310 secs] 517786K->308192K(1546688K), 0.0039580 secs] [Times: user=0.02 sys=0.00, real=0.00 secs] 
1397.652: [GC 1397.652: [ParNew: 210644K->675K(235968K), 0.0038950 secs] 517897K->307958K(1546688K), 0.0041430 secs] [Times: user=0.01 sys=0.00, real=0.01 secs] 
1420.103: [GC 1420.103: [ParNew: 210467K->743K(235968K), 0.0036500 secs] 517750K->308073K(1546688K), 0.0038930 secs] [Times: user=0.01 sys=0.00, real=0.00 secs] 
1423.998: [GC 1423.998: [ParNew: 210512K->868K(235968K), 0.0032600 secs] 517843K->308236K(1546688K), 0.0035100 secs] [Times: user=0.02 sys=0.00, real=0.01 secs] 
1432.801: [GC 1432.801: [ParNew: 210653K->692K(235968K), 0.0036620 secs] 518020K->308096K(1546688K), 0.0038480 secs] [Times: user=0.02 sys=0.00, real=0.00 secs] 
1449.503: [GC 1449.503: [ParNew: 210474K->919K(235968K), 0.0033390 secs] 517878K->308379K(1546688K), 0.0035200 secs] [Times: user=0.02 sys=0.00, real=0.00 secs] 
1461.776: [GC 1461.776: [ParNew: 210707K->735K(235968K), 0.0034410 secs] 518166K->308238K(1546688K), 0.0036660 secs] [Times: user=0.02 sys=0.00, real=0.00 secs] 
1480.147: [GC 1480.148: [ParNew: 210527K->1396K(235968K), 0.0044410 secs] 518030K->308948K(1546688K), 0.0046300 secs] [Times: user=0.03 sys=0.00, real=0.01 secs] 
1485.076: [GC 1485.077: [ParNew: 211188K->1355K(235968K), 0.0051010 secs] 518740K->308956K(1546688K), 0.0052820 secs] [Times: user=0.02 sys=0.00, real=0.01 secs] 
1500.594: [GC 1500.594: [ParNew: 211141K->1591K(235968K), 0.0060660 secs] 518742K->309236K(1546688K), 0.0062420 secs] [Times: user=0.02 sys=0.00, real=0.01 secs] 
1515.984: [GC 1515.984: [ParNew: 211383K->1173K(235968K), 0.0053290 secs] 519028K->308863K(1546688K), 0.0055160 secs] [Times: user=0.01 sys=0.00, real=0.01 secs] 
1521.995: [GC 1521.996: [ParNew: 210909K->1155K(235968K), 0.0221410 secs] 518599K->309327K(1546688K), 0.0223780 secs] [Times: user=0.04 sys=0.00, real=0.02 secs] 
1541.672: [GC 1541.672: [ParNew: 210931K->682K(235968K), 0.0044420 secs] 519102K->308896K(1546688K), 0.0046860 secs] [Times: user=0.02 sys=0.00, real=0.01 secs] 
1547.745: [GC 1547.745: [ParNew: 210356K->674K(235968K), 0.0054140 secs] 518571K->308938K(1546688K), 0.0055760 secs] [Times: user=0.02 sys=0.00, real=0.00 secs] 
1568.782: [GC 1568.782: [ParNew: 210466K->404K(235968K), 0.0036890 secs] 518730K->308723K(1546688K), 0.0039350 secs] [Times: user=0.01 sys=0.00, real=0.00 secs] 
1577.004: [GC 1577.005: [ParNew: 210161K->761K(235968K), 0.0038870 secs] 518480K->309125K(1546688K), 0.0040740 secs] [Times: user=0.02 sys=0.00, real=0.01 secs] 
1584.040: [GC 1584.040: [ParNew: 210553K->838K(235968K), 0.0106580 secs] 518917K->309250K(1546688K), 0.0108650 secs] [Times: user=0.01 sys=0.00, real=0.01 secs] 
1602.885: [GC 1602.886: [ParNew: 210600K->544K(235968K), 0.0056940 secs] 519012K->308998K(1546688K), 0.0058930 secs] [Times: user=0.02 sys=0.00, real=0.00 secs] 
1612.805: [GC 1612.806: [ParNew: 210336K->885K(235968K), 0.0046780 secs] 518790K->309381K(1546688K), 0.0049250 secs] [Times: user=0.02 sys=0.00, real=0.00 secs] 
1629.499: [GC 1629.499: [ParNew: 210641K->1439K(235968K), 0.0068600 secs] 519137K->309984K(1546688K), 0.0070300 secs] [Times: user=0.01 sys=0.00, real=0.00 secs] 
1637.700: [GC 1637.700: [ParNew: 211231K->1358K(235968K), 0.0048670 secs] 519776K->309947K(1546688K), 0.0051110 secs] [Times: user=0.02 sys=0.00, real=0.00 secs] 
1653.939: [GC 1653.939: [ParNew: 211150K->1658K(235968K), 0.0046460 secs] 519739K->310300K(1546688K), 0.0049070 secs] [Times: user=0.02 sys=0.00, real=0.00 secs] 
1664.027: [GC 1664.027: [ParNew: 211450K->1892K(235968K), 0.0046810 secs] 520092K->310582K(1546688K), 0.0049290 secs] [Times: user=0.03 sys=0.01, real=0.00 secs] 
1672.834: [GC 1672.834: [ParNew: 211684K->1912K(235968K), 0.0064730 secs] 520374K->311055K(1546688K), 0.0067240 secs] [Times: user=0.02 sys=0.00, real=0.00 secs] 
1689.530: [GC 1689.530: [ParNew: 211684K->833K(235968K), 0.0130180 secs] 520826K->310020K(1546688K), 0.0131810 secs] [Times: user=0.02 sys=0.00, real=0.01 secs] 
1701.812: [GC 1701.813: [ParNew: 210620K->1031K(235968K), 0.0040640 secs] 519806K->310323K(1546688K), 0.0043120 secs] [Times: user=0.02 sys=0.01, real=0.01 secs] 
1720.188: [GC 1720.188: [ParNew: 210795K->1170K(235968K), 0.0047790 secs] 520087K->310622K(1546688K), 0.0050580 secs] [Times: user=0.02 sys=0.00, real=0.00 secs] 
1725.116: [GC 1725.116: [ParNew: 210962K->718K(235968K), 0.0039310 secs] 520414K->310283K(1546688K), 0.0041000 secs] [Times: user=0.01 sys=0.00, real=0.00 secs] 
1740.638: [GC 1740.638: [ParNew: 210510K->494K(235968K), 0.0034410 secs] 520075K->310102K(1546688K), 0.0036850 secs] [Times: user=0.02 sys=0.01, real=0.01 secs] 
1756.028: [GC 1756.028: [ParNew: 210249K->834K(235968K), 0.0035320 secs] 519857K->310481K(1546688K), 0.0037180 secs] [Times: user=0.01 sys=0.00, real=0.01 secs] 
1762.023: [GC 1762.023: [ParNew: 210626K->824K(235968K), 0.0052490 secs] 520273K->310516K(1546688K), 0.0054450 secs] [Times: user=0.02 sys=0.01, real=0.01 secs] 
1781.709: [GC 1781.709: [ParNew: 210503K->987K(235968K), 0.0043540 secs] 520194K->310726K(1546688K), 0.0045590 secs] [Times: user=0.02 sys=0.00, real=0.00 secs] 
1787.783: [GC 1787.783: [ParNew: 210779K->617K(235968K), 0.0039570 secs] 520518K->310404K(1546688K), 0.0041910 secs] [Times: user=0.02 sys=0.00, real=0.01 secs] 
1808.881: [GC 1808.881: [ParNew: 210391K->747K(235968K), 0.0035070 secs] 520178K->310584K(1546688K), 0.0037630 secs] [Times: user=0.02 sys=0.01, real=0.00 secs] 
1817.038: [GC 1817.039: [ParNew: 210539K->967K(235968K), 0.0035180 secs] 520376K->310843K(1546688K), 0.0037510 secs] [Times: user=0.02 sys=0.00, real=0.01 secs] 
1824.078: [GC 1824.078: [ParNew: 210759K->558K(235968K), 0.0048480 secs] 520635K->310476K(1546688K), 0.0050300 secs] [Times: user=0.02 sys=0.00, real=0.00 secs] 
1842.913: [GC 1842.913: [ParNew: 210302K->575K(235968K), 0.0039110 secs] 520220K->310535K(1546688K), 0.0040870 secs] [Times: user=0.02 sys=0.00, real=0.01 secs] 
1847.845: [GC 1847.846: [ParNew: 210274K->551K(235968K), 0.0041430 secs] 520234K->310563K(1546688K), 0.0043390 secs] [Times: user=0.02 sys=0.00, real=0.00 secs] 
1869.542: [GC 1869.543: [ParNew: 210343K->664K(235968K), 0.0051310 secs] 520355K->310723K(1546688K), 0.0053900 secs] [Times: user=0.01 sys=0.00, real=0.00 secs] 
1877.726: [GC 1877.727: [ParNew: 210332K->954K(235968K), 0.0030490 secs] 520391K->311057K(1546688K), 0.0032700 secs] [Times: user=0.02 sys=0.00, real=0.01 secs] 
1900.201: [GC 1900.201: [ParNew: 210746K->692K(235968K), 0.0032870 secs] 520849K->310834K(1546688K), 0.0035400 secs] [Times: user=0.02 sys=0.00, real=0.00 secs] 
1904.318: [GC 1904.318: [ParNew: 210484K->755K(235968K), 0.0043190 secs] 520626K->310933K(1546688K), 0.0045320 secs] [Times: user=0.02 sys=0.01, real=0.00 secs] 
1912.909: [GC 1912.909: [ParNew: 210547K->637K(235968K), 0.0040010 secs] 520725K->310858K(1546688K), 0.0042370 secs] [Times: user=0.02 sys=0.00, real=0.01 secs] 
1932.288: [GC 1932.289: [ParNew: 210429K->428K(235968K), 0.0045580 secs] 520650K->310693K(1546688K), 0.0048110 secs] [Times: user=0.02 sys=0.00, real=0.01 secs] 
1941.892: [GC 1941.892: [ParNew: 210220K->733K(235968K), 0.0097550 secs] 520485K->311044K(1546688K), 0.0100420 secs] [Times: user=0.03 sys=0.00, real=0.01 secs] 
1961.731: [GC 1961.731: [ParNew: 210525K->1062K(235968K), 0.0060840 secs] 520836K->311416K(1546688K), 0.0063140 secs] [Times: user=0.02 sys=0.00, real=0.01 secs] 
1965.183: [GC 1965.184: [ParNew: 210854K->726K(235968K), 0.0048360 secs] 521208K->311117K(1546688K), 0.0050600 secs] [Times: user=0.02 sys=0.00, real=0.01 secs] 
1980.707: [GC 1980.707: [ParNew: 210518K->924K(235968K), 0.0042350 secs] 520909K->311351K(1546688K), 0.0044800 secs] [Times: user=0.02 sys=0.00, real=0.00 secs] 
1996.098: [GC 1996.098: [ParNew: 210681K->718K(235968K), 0.0041050 secs] 521108K->311201K(1546688K), 0.0043570 secs] [Times: user=0.02 sys=0.00, real=0.01 secs] 
2002.086: [GC 2002.086: [ParNew: 210422K->1012K(235968K), 0.0085470 secs] 520905K->311627K(1546688K), 0.0087700 secs] [Times: user=0.02 sys=0.01, real=0.01 secs] 
2022.920: [GC 2022.920: [ParNew: 210804K->477K(235968K), 0.0069140 secs] 521419K->311127K(1546688K), 0.0071500 secs] [Times: user=0.01 sys=0.00, real=0.01 secs] 
2027.854: [GC 2027.854: [ParNew: 210269K->724K(235968K), 0.0052920 secs] 520919K->311413K(1546688K), 0.0054680 secs] [Times: user=0.02 sys=0.00, real=0.01 secs] 
2048.950: [GC 2048.950: [ParNew: 210487K->957K(235968K), 0.0041330 secs] 521175K->311683K(1546688K), 0.0043820 secs] [Times: user=0.02 sys=0.00, real=0.01 secs] 
2057.083: [GC 2057.084: [ParNew: 210700K->855K(235968K), 0.0063120 secs] 521426K->311625K(1546688K), 0.0065860 secs] [Times: user=0.02 sys=0.00, real=0.00 secs] 
2064.107: [GC 2064.108: [ParNew: 210647K->1055K(235968K), 0.0099550 secs] 521417K->311874K(1546688K), 0.0101980 secs] [Times: user=0.03 sys=0.00, real=0.01 secs] 
2082.943: [GC 2082.943: [ParNew: 210823K->1056K(235968K), 0.0058070 secs] 521643K->311930K(1546688K), 0.0060740 secs] [Times: user=0.01 sys=0.00, real=0.01 secs] 
2087.884: [GC 2087.884: [ParNew: 210848K->855K(235968K), 0.0049380 secs] 521722K->311803K(1546688K), 0.0051270 secs] [Times: user=0.02 sys=0.00, real=0.01 secs] 
2109.584: [GC 2109.584: [ParNew: 210647K->895K(235968K), 0.0042600 secs] 521595K->311903K(1546688K), 0.0044570 secs] [Times: user=0.02 sys=0.00, real=0.00 secs] 
2117.755: [GC 2117.755: [ParNew: 210687K->1106K(235968K), 0.0048710 secs] 521695K->312206K(1546688K), 0.0051030 secs] [Times: user=0.02 sys=0.00, real=0.00 secs] 
2140.251: [GC 2140.251: [ParNew: 210839K->1102K(235968K), 0.0040710 secs] 521939K->312383K(1546688K), 0.0042740 secs] [Times: user=0.02 sys=0.00, real=0.00 secs] 
2144.246: [GC 2144.246: [ParNew: 210877K->695K(235968K), 0.0037430 secs] 522158K->312013K(1546688K), 0.0039190 secs] [Times: user=0.02 sys=0.00, real=0.01 secs] 
2152.961: [GC 2152.961: [ParNew: 210480K->792K(235968K), 0.0060180 secs] 521798K->312157K(1546688K), 0.0062120 secs] [Times: user=0.03 sys=0.00, real=0.01 secs] 
2169.621: [GC 2169.621: [ParNew: 210584K->1114K(235968K), 0.0044760 secs] 521949K->312524K(1546688K), 0.0046530 secs] [Times: user=0.02 sys=0.00, real=0.01 secs] 
2181.917: [GC 2181.918: [ParNew: 210906K->1159K(235968K), 0.0124920 secs] 522316K->312637K(1546688K), 0.0127810 secs] [Times: user=0.05 sys=0.00, real=0.01 secs] 
2200.270: [GC 2200.270: [ParNew: 210922K->1421K(235968K), 0.0055690 secs] 522401K->312949K(1546688K), 0.0057700 secs] [Times: user=0.02 sys=0.00, real=0.00 secs] 
2205.194: [GC 2205.194: [ParNew: 211213K->1340K(235968K), 0.0067650 secs] 522741K->312922K(1546688K), 0.0070240 secs] [Times: user=0.02 sys=0.00, real=0.01 secs] 
2220.719: [GC 2220.720: [ParNew: 211132K->1546K(235968K), 0.0160740 secs] 522714K->313396K(1546688K), 0.0163390 secs] [Times: user=0.04 sys=0.00, real=0.02 secs] 
2236.115: [GC 2236.115: [ParNew: 211338K->1133K(235968K), 0.0056340 secs] 523188K->313037K(1546688K), 0.0058850 secs] [Times: user=0.01 sys=0.00, real=0.00 secs] 
2241.970: [GC 2241.970: [ParNew: 210925K->794K(235968K), 0.0046070 secs] 522829K->312936K(1546688K), 0.0048070 secs] [Times: user=0.02 sys=0.00, real=0.01 secs] 
2261.803: [GC 2261.803: [ParNew: 210586K->683K(235968K), 0.0153440 secs] 522728K->312860K(1546688K), 0.0155130 secs] [Times: user=0.02 sys=0.00, real=0.02 secs] 
2265.245: [GC 2265.245: [ParNew: 210426K->596K(235968K), 0.0053390 secs] 522603K->312816K(1546688K), 0.0054910 secs] [Times: user=0.02 sys=0.00, real=0.01 secs] 
2288.961: [GC 2288.961: [ParNew: 210388K->665K(235968K), 0.0115060 secs] 522608K->312933K(1546688K), 0.0117530 secs] [Times: user=0.01 sys=0.00, real=0.01 secs] 
2297.095: [GC 2297.095: [ParNew: 210411K->574K(235968K), 0.0064180 secs] 522679K->312874K(1546688K), 0.0066430 secs] [Times: user=0.01 sys=0.00, real=0.00 secs] 
2304.130: [GC 2304.130: [ParNew: 210366K->542K(235968K), 0.0132930 secs] 522666K->312879K(1546688K), 0.0135370 secs] [Times: user=0.02 sys=0.00, real=0.02 secs] 
2322.980: [GC 2322.980: [ParNew: 210334K->642K(235968K), 0.0086250 secs] 522671K->313016K(1546688K), 0.0088650 secs] [Times: user=0.01 sys=0.00, real=0.01 secs] 
2327.924: [GC 2327.924: [ParNew: 210394K->629K(235968K), 0.0114780 secs] 522768K->313067K(1546688K), 0.0117170 secs] [Times: user=0.02 sys=0.00, real=0.01 secs] 
2349.015: [GC 2349.016: [ParNew: 210421K->546K(235968K), 0.0055900 secs] 522859K->313034K(1546688K), 0.0057830 secs] [Times: user=0.02 sys=0.00, real=0.00 secs] 
2357.781: [GC 2357.781: [ParNew: 210293K->706K(235968K), 0.0085370 secs] 522781K->313238K(1546688K), 0.0087600 secs] [Times: user=0.03 sys=0.00, real=0.01 secs] 
2380.283: [GC 2380.283: [ParNew: 210498K->824K(235968K), 0.0069450 secs] 523030K->313405K(1546688K), 0.0071410 secs] [Times: user=0.01 sys=0.01, real=0.00 secs] 
2384.295: [GC 2384.295: [ParNew: 210616K->772K(235968K), 0.0041710 secs] 523197K->313389K(1546688K), 0.0043950 secs] [Times: user=0.01 sys=0.00, real=0.01 secs] 
2393.111: [GC 2393.111: [ParNew: 210564K->1042K(235968K), 0.0035610 secs] 523181K->313696K(1546688K), 0.0037920 secs] [Times: user=0.02 sys=0.00, real=0.00 secs] 
2409.674: [GC 2409.674: [ParNew: 210830K->1250K(235968K), 0.0035830 secs] 523484K->313949K(1546688K), 0.0038240 secs] [Times: user=0.02 sys=0.00, real=0.01 secs] 
2421.977: [GC 2421.977: [ParNew: 211023K->1070K(235968K), 0.0073100 secs] 523721K->314030K(1546688K), 0.0075720 secs] [Times: user=0.02 sys=0.00, real=0.01 secs] 
2440.327: [GC 2440.328: [ParNew: 210812K->1656K(235968K), 0.0053460 secs] 523772K->314665K(1546688K), 0.0056040 secs] [Times: user=0.03 sys=0.00, real=0.01 secs] 
2445.253: [GC 2445.253: [ParNew: 211448K->2171K(235968K), 0.0060170 secs] 524457K->315223K(1546688K), 0.0062530 secs] [Times: user=0.03 sys=0.00, real=0.00 secs] 
2460.767: [GC 2460.768: [ParNew: 211963K->2318K(235968K), 0.0082620 secs] 525015K->315424K(1546688K), 0.0084840 secs] [Times: user=0.02 sys=0.00, real=0.00 secs] 
2476.165: [GC 2476.165: [ParNew: 212110K->2356K(235968K), 0.0047870 secs] 525216K->315513K(1546688K), 0.0049590 secs] [Times: user=0.02 sys=0.00, real=0.01 secs] 
2482.127: [GC 2482.128: [ParNew: 212148K->1606K(235968K), 0.0190060 secs] 525305K->315683K(1546688K), 0.0192670 secs] [Times: user=0.04 sys=0.00, real=0.02 secs] 
2501.849: [GC 2501.849: [ParNew: 211398K->1091K(235968K), 0.0045080 secs] 525475K->315213K(1546688K), 0.0046880 secs] [Times: user=0.02 sys=0.00, real=0.01 secs] 
2507.916: [GC 2507.916: [ParNew: 210883K->741K(235968K), 0.0085000 secs] 525005K->314916K(1546688K), 0.0086800 secs] [Times: user=0.02 sys=0.00, real=0.01 secs] 
2529.014: [GC 2529.015: [ParNew: 210533K->723K(235968K), 0.0104400 secs] 524708K->314991K(1546688K), 0.0106210 secs] [Times: user=0.01 sys=0.00, real=0.01 secs] 
2537.133: [GC 2537.134: [ParNew: 210515K->706K(235968K), 0.0038560 secs] 524783K->315019K(1546688K), 0.0040340 secs] [Times: user=0.02 sys=0.00, real=0.01 secs] 
2544.178: [GC 2544.178: [ParNew: 210472K->421K(235968K), 0.0101780 secs] 524784K->314770K(1546688K), 0.0104170 secs] [Times: user=0.02 sys=0.00, real=0.01 secs] 
2563.014: [GC 2563.015: [ParNew: 210167K->817K(235968K), 0.0035870 secs] 524516K->315208K(1546688K), 0.0037630 secs] [Times: user=0.01 sys=0.01, real=0.00 secs] 
2568.603: [GC 2568.603: [ParNew: 210609K->439K(235968K), 0.0043940 secs] 525000K->314874K(1546688K), 0.0045570 secs] [Times: user=0.01 sys=0.00, real=0.00 secs] 
2589.672: [GC 2589.672: [ParNew: 210231K->797K(235968K), 0.0064220 secs] 524666K->315279K(1546688K), 0.0066430 secs] [Times: user=0.02 sys=0.00, real=0.01 secs] 
2597.820: [GC 2597.821: [ParNew: 210589K->650K(235968K), 0.0034490 secs] 525071K->315175K(1546688K), 0.0036750 secs] [Times: user=0.01 sys=0.00, real=0.00 secs] 
2620.337: [GC 2620.337: [ParNew: 210442K->592K(235968K), 0.0032050 secs] 524967K->315156K(1546688K), 0.0034400 secs] [Times: user=0.02 sys=0.00, real=0.00 secs] 
2624.340: [GC 2624.340: [ParNew: 210359K->919K(235968K), 0.0034400 secs] 524923K->315519K(1546688K), 0.0036070 secs] [Times: user=0.02 sys=0.00, real=0.01 secs] 
2633.174: [GC 2633.174: [ParNew: 210711K->547K(235968K), 0.0074270 secs] 525311K->315189K(1546688K), 0.0075940 secs] [Times: user=0.02 sys=0.00, real=0.01 secs] 
2651.776: [GC 2651.776: [ParNew: 210339K->466K(235968K), 0.0029810 secs] 524981K->315153K(1546688K), 0.0032040 secs] [Times: user=0.01 sys=0.00, real=0.01 secs] 
2662.034: [GC 2662.034: [ParNew: 210258K->656K(235968K), 0.0030320 secs] 524945K->315388K(1546688K), 0.0032690 secs] [Times: user=0.02 sys=0.00, real=0.01 secs] 
2681.867: [GC 2681.867: [ParNew: 210448K->703K(235968K), 0.0085880 secs] 525180K->315478K(1546688K), 0.0088230 secs] [Times: user=0.03 sys=0.00, real=0.01 secs] 
2685.309: [GC 2685.309: [ParNew: 210466K->937K(235968K), 0.0031190 secs] 525241K->315749K(1546688K), 0.0033250 secs] [Times: user=0.01 sys=0.01, real=0.01 secs] 
2700.838: [GC 2700.838: [ParNew: 210699K->911K(235968K), 0.0039190 secs] 525511K->315762K(1546688K), 0.0041570 secs] [Times: user=0.02 sys=0.00, real=0.01 secs] 
2716.228: [GC 2716.228: [ParNew: 210678K->543K(235968K), 0.0031150 secs] 525529K->315466K(1546688K), 0.0033460 secs] [Times: user=0.02 sys=0.00, real=0.00 secs] 
2722.176: [GC 2722.176: [ParNew: 210323K->730K(235968K), 0.0033040 secs] 525246K->315697K(1546688K), 0.0034770 secs] [Times: user=0.02 sys=0.00, real=0.01 secs] 
2743.025: [GC 2743.026: [ParNew: 210522K->744K(235968K), 0.0095950 secs] 525489K->315754K(1546688K), 0.0098320 secs] [Times: user=0.03 sys=0.00, real=0.01 secs] 
2747.978: [GC 2747.978: [ParNew: 210506K->736K(235968K), 0.0044370 secs] 525517K->315783K(1546688K), 0.0046310 secs] [Times: user=0.02 sys=0.00, real=0.01 secs] 
2769.085: [GC 2769.085: [ParNew: 210523K->744K(235968K), 0.0032720 secs] 525570K->315832K(1546688K), 0.0034740 secs] [Times: user=0.02 sys=0.00, real=0.00 secs] 
2777.826: [GC 2777.826: [ParNew: 210426K->756K(235968K), 0.0035370 secs] 525514K->315888K(1546688K), 0.0038060 secs] [Times: user=0.02 sys=0.00, real=0.01 secs] 
2786.664: [GC 2786.664: [ParNew: 210548K->427K(235968K), 0.0061120 secs] 525680K->315609K(1546688K), 0.0063050 secs] [Times: user=0.02 sys=0.00, real=0.01 secs] 
2804.353: [GC 2804.354: [ParNew: 210219K->821K(235968K), 0.0209740 secs] 525401K->316046K(1546688K), 0.0213530 secs] [Times: user=0.04 sys=0.00, real=0.03 secs] 
2813.192: [GC 2813.192: [ParNew: 210613K->793K(235968K), 0.0049400 secs] 525838K->316055K(1546688K), 0.0051290 secs] [Times: user=0.02 sys=0.00, real=0.01 secs] 
2829.740: [GC 2829.740: [ParNew: 210585K->885K(235968K), 0.0045760 secs] 525847K->316192K(1546688K), 0.0048010 secs] [Times: user=0.02 sys=0.00, real=0.00 secs] 
2842.055: [GC 2842.055: [ParNew: 210677K->988K(235968K), 0.0046210 secs] 525984K->316333K(1546688K), 0.0048840 secs] [Times: user=0.02 sys=0.00, real=0.01 secs] 
2860.410: [GC 2860.410: [ParNew: 210780K->759K(235968K), 0.0062370 secs] 526125K->316151K(1546688K), 0.0064320 secs] [Times: user=0.01 sys=0.00, real=0.01 secs] 
2865.323: [GC 2865.323: [ParNew: 210551K->1236K(235968K), 0.0045810 secs] 525943K->316680K(1546688K), 0.0048420 secs] [Times: user=0.02 sys=0.00, real=0.01 secs] 
2880.851: [GC 2880.851: [ParNew: 211028K->919K(235968K), 0.0028920 secs] 526472K->316407K(1546688K), 0.0031230 secs] [Times: user=0.02 sys=0.00, real=0.01 secs] 
2896.247: [GC 2896.247: [ParNew: 210676K->691K(235968K), 0.0029220 secs] 526164K->316217K(1546688K), 0.0031350 secs] [Times: user=0.02 sys=0.00, real=0.01 secs] 
2902.183: [GC 2902.183: [ParNew: 210483K->895K(235968K), 0.0029760 secs] 526009K->316454K(1546688K), 0.0032080 secs] [Times: user=0.02 sys=0.01, real=0.00 secs] 
2922.052: [GC 2922.053: [ParNew: 210687K->663K(235968K), 0.0029590 secs] 526246K->316266K(1546688K), 0.0032100 secs] [Times: user=0.02 sys=0.00, real=0.01 secs] 
2927.995: [GC 2927.995: [ParNew: 210441K->1018K(235968K), 0.0031550 secs] 526044K->316670K(1546688K), 0.0033860 secs] [Times: user=0.02 sys=0.00, real=0.00 secs] 
2949.097: [GC 2949.097: [ParNew: 210810K->924K(235968K), 0.0029000 secs] 526462K->316620K(1546688K), 0.0031390 secs] [Times: user=0.02 sys=0.00, real=0.00 secs] 
2957.194: [GC 2957.194: [ParNew: 210716K->855K(235968K), 0.0031230 secs] 526412K->316595K(1546688K), 0.0034010 secs] [Times: user=0.02 sys=0.00, real=0.00 secs] 
2964.237: [GC 2964.238: [ParNew: 210639K->696K(235968K), 0.0028990 secs] 526379K->316474K(1546688K), 0.0031000 secs] [Times: user=0.02 sys=0.00, real=0.01 secs] 
2983.788: [GC 2983.788: [ParNew: 210488K->303K(235968K), 0.0315200 secs] 526266K->316126K(1546688K), 0.0317760 secs] [Times: user=0.03 sys=0.00, real=0.03 secs] 
2993.211: [GC 2993.212: [ParNew: 210095K->738K(235968K), 0.0058490 secs] 525918K->316608K(1546688K), 0.0060700 secs] [Times: user=0.02 sys=0.00, real=0.01 secs] 
3009.755: [GC 3009.756: [ParNew: 210530K->1124K(235968K), 0.0043960 secs] 526400K->317037K(1546688K), 0.0046350 secs] [Times: user=0.02 sys=0.00, real=0.00 secs] 
3017.884: [GC 3017.885: [ParNew: 210916K->900K(235968K), 0.0052120 secs] 526829K->316858K(1546688K), 0.0054370 secs] [Times: user=0.02 sys=0.00, real=0.01 secs] 
3040.423: [GC 3040.423: [ParNew: 210668K->1042K(235968K), 0.0051610 secs] 526626K->317031K(1546688K), 0.0054230 secs] [Times: user=0.01 sys=0.00, real=0.01 secs] 
3044.449: [GC 3044.449: [ParNew: 210834K->968K(235968K), 0.0046930 secs] 526823K->316999K(1546688K), 0.0048590 secs] [Times: user=0.02 sys=0.00, real=0.00 secs] 
3060.865: [GC 3060.865: [ParNew: 210760K->684K(235968K), 0.0046780 secs] 526791K->316767K(1546688K), 0.0049760 secs] [Times: user=0.02 sys=0.00, real=0.00 secs] 
3076.265: [GC 3076.265: [ParNew: 210415K->1114K(235968K), 0.0048580 secs] 526498K->317333K(1546688K), 0.0051450 secs] [Times: user=0.02 sys=0.00, real=0.00 secs] 
3082.131: [GC 3082.131: [ParNew: 210906K->933K(235968K), 0.0059230 secs] 527125K->317197K(1546688K), 0.0061640 secs] [Times: user=0.02 sys=0.00, real=0.00 secs] 
3101.950: [GC 3101.950: [ParNew: 210725K->1047K(235968K), 0.0044830 secs] 526989K->317342K(1546688K), 0.0047220 secs] [Times: user=0.02 sys=0.00, real=0.00 secs] 
3105.390: [GC 3105.390: [ParNew: 210839K->622K(235968K), 0.0045910 secs] 527134K->316956K(1546688K), 0.0048010 secs] [Times: user=0.02 sys=0.00, real=0.00 secs] 
3120.922: [GC 3120.922: [ParNew: 210410K->1029K(235968K), 0.0049690 secs] 526744K->317407K(1546688K), 0.0052250 secs] [Times: user=0.01 sys=0.00, real=0.01 secs] 
3137.202: [GC 3137.203: [ParNew: 210821K->810K(235968K), 0.0044620 secs] 527199K->317231K(1546688K), 0.0046860 secs] [Times: user=0.01 sys=0.00, real=0.00 secs] 
3142.617: [GC 3142.617: [ParNew: 210602K->478K(235968K), 0.0039920 secs] 527023K->316949K(1546688K), 0.0042030 secs] [Times: user=0.02 sys=0.00, real=0.01 secs] 
3163.107: [GC 3163.107: [ParNew: 210270K->705K(235968K), 0.0124080 secs] 526741K->317213K(1546688K), 0.0126750 secs] [Times: user=0.03 sys=0.00, real=0.02 secs] 
3168.063: [GC 3168.063: [ParNew: 210398K->852K(235968K), 0.0043450 secs] 526906K->317397K(1546688K), 0.0045940 secs] [Times: user=0.02 sys=0.00, real=0.01 secs] 
3189.167: [GC 3189.167: [ParNew: 210644K->752K(235968K), 0.0045400 secs] 527189K->317347K(1546688K), 0.0047320 secs] [Times: user=0.02 sys=0.00, real=0.00 secs] 
3197.886: [GC 3197.887: [ParNew: 210544K->991K(235968K), 0.0037780 secs] 527139K->317616K(1546688K), 0.0039600 secs] [Times: user=0.02 sys=0.00, real=0.00 secs] 
3220.442: [GC 3220.442: [ParNew: 210783K->873K(235968K), 0.0059150 secs] 527408K->317546K(1546688K), 0.0061440 secs] [Times: user=0.03 sys=0.00, real=0.01 secs] 
3224.473: [GC 3224.473: [ParNew: 210665K->705K(235968K), 0.0039400 secs] 527338K->317415K(1546688K), 0.0041790 secs] [Times: user=0.02 sys=0.00, real=0.00 secs] 
3233.289: [GC 3233.289: [ParNew: 210454K->860K(235968K), 0.0043030 secs] 527164K->317607K(1546688K), 0.0045230 secs] [Times: user=0.02 sys=0.00, real=0.00 secs] 
3249.827: [GC 3249.827: [ParNew: 210588K->911K(235968K), 0.0035620 secs] 527334K->317704K(1546688K), 0.0037890 secs] [Times: user=0.01 sys=0.00, real=0.00 secs] 
3262.152: [GC 3262.152: [ParNew: 210663K->771K(235968K), 0.0046560 secs] 527456K->317602K(1546688K), 0.0048310 secs] [Times: user=0.02 sys=0.00, real=0.00 secs] 
3280.494: [GC 3280.494: [ParNew: 210563K->879K(235968K), 0.0053950 secs] 527394K->317769K(1546688K), 0.0055620 secs] [Times: user=0.02 sys=0.00, real=0.01 secs] 
3285.402: [GC 3285.402: [ParNew: 210671K->781K(235968K), 0.0041710 secs] 527561K->317714K(1546688K), 0.0043300 secs] [Times: user=0.02 sys=0.00, real=0.00 secs] 
3300.931: [GC 3300.932: [ParNew: 210473K->1186K(235968K), 0.0029460 secs] 527406K->318156K(1546688K), 0.0031970 secs] [Times: user=0.02 sys=0.00, real=0.00 secs] 
3316.319: [GC 3316.319: [ParNew: 210949K->988K(235968K), 0.0053020 secs] 527920K->318006K(1546688K), 0.0055300 secs] [Times: user=0.03 sys=0.00, real=0.01 secs] 
3322.234: [GC 3322.234: [ParNew: 210755K->1391K(235968K), 0.0071090 secs] 527772K->318466K(1546688K), 0.0073190 secs] [Times: user=0.02 sys=0.00, real=0.00 secs] 
3342.011: [GC 3342.011: [ParNew: 211183K->1289K(235968K), 0.0033570 secs] 528258K->318413K(1546688K), 0.0036150 secs] [Times: user=0.01 sys=0.01, real=0.00 secs] 
3348.059: [GC 3348.059: [ParNew: 211078K->1438K(235968K), 0.0033930 secs] 528202K->318614K(1546688K), 0.0036150 secs] [Times: user=0.02 sys=0.00, real=0.00 secs] 
3369.177: [GC 3369.177: [ParNew: 211230K->1069K(235968K), 0.0048870 secs] 528406K->318605K(1546688K), 0.0051360 secs] [Times: user=0.03 sys=0.00, real=0.00 secs] 
3377.249: [GC 3377.249: [ParNew: 210739K->847K(235968K), 0.0029380 secs] 528275K->318427K(1546688K), 0.0031750 secs] [Times: user=0.02 sys=0.00, real=0.00 secs] 
3384.289: [GC 3384.290: [ParNew: 210639K->760K(235968K), 0.0082610 secs] 528219K->318376K(1546688K), 0.0084300 secs] [Times: user=0.01 sys=0.00, real=0.01 secs] 
3403.151: [GC 3403.151: [ParNew: 210496K->666K(235968K), 0.0108120 secs] 528112K->318327K(1546688K), 0.0110620 secs] [Times: user=0.02 sys=0.00, real=0.01 secs] 
3413.294: [GC 3413.294: [ParNew: 210458K->647K(235968K), 0.0047390 secs] 528119K->318373K(1546688K), 0.0049910 secs] [Times: user=0.02 sys=0.00, real=0.01 secs] 
3429.827: [GC 3429.827: [ParNew: 210439K->576K(235968K), 0.0049660 secs] 528165K->318385K(1546688K), 0.0051360 secs] [Times: user=0.01 sys=0.00, real=0.00 secs] 
3437.929: [GC 3437.929: [ParNew: 210259K->542K(235968K), 0.0046630 secs] 528067K->318395K(1546688K), 0.0049030 secs] [Times: user=0.02 sys=0.00, real=0.01 secs] 
3460.495: [GC 3460.496: [ParNew: 210334K->800K(235968K), 0.0041380 secs] 528187K->318690K(1546688K), 0.0043310 secs] [Times: user=0.02 sys=0.00, real=0.00 secs] 
3464.560: [GC 3464.561: [ParNew: 210508K->809K(235968K), 0.0044870 secs] 528398K->318738K(1546688K), 0.0047040 secs] [Times: user=0.02 sys=0.00, real=0.00 secs] 
3473.348: [GC 3473.349: [ParNew: 210601K->799K(235968K), 0.0051790 secs] 528530K->318772K(1546688K), 0.0053500 secs] [Times: user=0.01 sys=0.00, real=0.01 secs] 
3489.870: [GC 3489.870: [ParNew: 210562K->1213K(235968K), 0.0054890 secs] 528535K->319306K(1546688K), 0.0057530 secs] [Times: user=0.02 sys=0.00, real=0.00 secs] 
3502.206: [GC 3502.206: [ParNew: 211005K->1185K(235968K), 0.0045350 secs] 529098K->319322K(1546688K), 0.0047570 secs] [Times: user=0.02 sys=0.00, real=0.00 secs] 
3522.015: [GC 3522.015: [ParNew: 210961K->1056K(235968K), 0.0045430 secs] 529099K->319281K(1546688K), 0.0047950 secs] [Times: user=0.02 sys=0.00, real=0.00 secs] 
3525.449: [GC 3525.449: [ParNew: 210848K->947K(235968K), 0.0035160 secs] 529073K->319304K(1546688K), 0.0037280 secs] [Times: user=0.01 sys=0.00, real=0.01 secs] 
3540.976: [GC 3540.976: [ParNew: 210739K->915K(235968K), 0.0046270 secs] 529096K->319458K(1546688K), 0.0048700 secs] [Times: user=0.01 sys=0.00, real=0.01 secs] 
3556.377: [GC 3556.377: [ParNew: 210707K->852K(235968K), 0.0031930 secs] 529250K->319468K(1546688K), 0.0034160 secs] [Times: user=0.02 sys=0.00, real=0.00 secs] 
3562.278: [GC 3562.278: [ParNew: 210644K->667K(235968K), 0.0029080 secs] 529260K->319319K(1546688K), 0.0031670 secs] [Times: user=0.02 sys=0.00, real=0.00 secs] 
3582.061: [GC 3582.061: [ParNew: 210459K->1021K(235968K), 0.0032660 secs] 529111K->319723K(1546688K), 0.0034590 secs] [Times: user=0.02 sys=0.00, real=0.01 secs] 
3588.110: [GC 3588.110: [ParNew: 210771K->991K(235968K), 0.0029750 secs] 529473K->319829K(1546688K), 0.0032430 secs] [Times: user=0.02 sys=0.00, real=0.01 secs] 
3609.333: [GC 3609.333: [ParNew: 210783K->1428K(235968K), 0.0041090 secs] 529621K->320316K(1546688K), 0.0043410 secs] [Times: user=0.03 sys=0.00, real=0.01 secs] 
3617.280: [GC 3617.280: [ParNew: 211183K->1929K(235968K), 0.0051510 secs] 530071K->320861K(1546688K), 0.0053400 secs] [Times: user=0.03 sys=0.00, real=0.00 secs] 
3624.320: [GC 3624.320: [ParNew: 211721K->1800K(235968K), 0.0069760 secs] 530653K->320774K(1546688K), 0.0071670 secs] [Times: user=0.02 sys=0.00, real=0.01 secs] 
3643.172: [GC 3643.172: [ParNew: 211592K->1324K(235968K), 0.0334670 secs] 530566K->320352K(1546688K), 0.0337350 secs] [Times: user=0.04 sys=0.00, real=0.04 secs] 
3648.146: [GC 3648.146: [ParNew: 211114K->1710K(235968K), 0.0196150 secs] 530143K->321489K(1546688K), 0.0198840 secs] [Times: user=0.03 sys=0.00, real=0.02 secs] 
3669.382: [GC 3669.382: [ParNew: 211415K->846K(235968K), 0.0078080 secs] 531194K->320674K(1546688K), 0.0080530 secs] [Times: user=0.02 sys=0.00, real=0.01 secs] 
3677.962: [GC 3677.962: [ParNew: 210636K->532K(235968K), 0.0049960 secs] 530464K->320404K(1546688K), 0.0052540 secs] [Times: user=0.01 sys=0.01, real=0.01 secs] 
3700.535: [GC 3700.535: [ParNew: 210324K->1108K(235968K), 0.0043150 secs] 530196K->321025K(1546688K), 0.0045530 secs] [Times: user=0.01 sys=0.00, real=0.00 secs] 
3704.582: [GC 3704.583: [ParNew: 210842K->1152K(235968K), 0.0047210 secs] 530758K->321113K(1546688K), 0.0049730 secs] [Times: user=0.02 sys=0.00, real=0.00 secs] 
3713.391: [GC 3713.391: [ParNew: 210944K->750K(235968K), 0.0046030 secs] 530905K->320748K(1546688K), 0.0048280 secs] [Times: user=0.02 sys=0.00, real=0.00 secs] 
3729.919: [GC 3729.919: [ParNew: 210527K->573K(235968K), 0.0057890 secs] 530525K->320616K(1546688K), 0.0060200 secs] [Times: user=0.02 sys=0.01, real=0.00 secs] 
3742.255: [GC 3742.255: [ParNew: 210365K->804K(235968K), 0.0036420 secs] 530408K->320889K(1546688K), 0.0038870 secs] [Times: user=0.02 sys=0.00, real=0.01 secs] 
3762.065: [GC 3762.065: [ParNew: 210596K->914K(235968K), 0.0042040 secs] 530681K->321043K(1546688K), 0.0044610 secs] [Times: user=0.02 sys=0.01, real=0.00 secs] 
3765.502: [GC 3765.502: [ParNew: 210706K->819K(235968K), 0.0052170 secs] 530835K->320984K(1546688K), 0.0054630 secs] [Times: user=0.02 sys=0.00, real=0.01 secs] 
3781.029: [GC 3781.029: [ParNew: 210611K->1034K(235968K), 0.0046810 secs] 530776K->321236K(1546688K), 0.0049200 secs] [Times: user=0.02 sys=0.00, real=0.01 secs] 
3796.432: [GC 3796.432: [ParNew: 210826K->619K(235968K), 0.0032080 secs] 531028K->320894K(1546688K), 0.0034610 secs] [Times: user=0.02 sys=0.00, real=0.00 secs] 
3802.319: [GC 3802.319: [ParNew: 210374K->768K(235968K), 0.0036370 secs] 530649K->321080K(1546688K), 0.0038980 secs] [Times: user=0.02 sys=0.00, real=0.00 secs] 
3823.172: [GC 3823.173: [ParNew: 210560K->676K(235968K), 0.0051190 secs] 530872K->321032K(1546688K), 0.0053600 secs] [Times: user=0.02 sys=0.00, real=0.01 secs] 
3828.158: [GC 3828.158: [ParNew: 210448K->651K(235968K), 0.0060480 secs] 530803K->321044K(1546688K), 0.0062960 secs] [Times: user=0.02 sys=0.00, real=0.01 secs] 
3849.398: [GC 3849.398: [ParNew: 210443K->883K(235968K), 0.0037710 secs] 530836K->321312K(1546688K), 0.0040480 secs] [Times: user=0.02 sys=0.00, real=0.01 secs] 
3857.333: [GC 3857.333: [ParNew: 210613K->636K(235968K), 0.0035990 secs] 531042K->321109K(1546688K), 0.0038310 secs] [Times: user=0.02 sys=0.00, real=0.00 secs] 
3864.386: [GC 3864.386: [ParNew: 210428K->726K(235968K), 0.0042090 secs] 530901K->321249K(1546688K), 0.0044020 secs] [Times: user=0.02 sys=0.00, real=0.01 secs] 
3884.600: [GC 3884.600: [ParNew: 210518K->855K(235968K), 0.0149580 secs] 531041K->321428K(1546688K), 0.0151140 secs] [Times: user=0.03 sys=0.00, real=0.02 secs] 
3893.412: [GC 3893.413: [ParNew: 210647K->808K(235968K), 0.0047850 secs] 531220K->321440K(1546688K), 0.0049890 secs] [Times: user=0.02 sys=0.00, real=0.01 secs] 
3909.933: [GC 3909.933: [ParNew: 210538K->908K(235968K), 0.0043090 secs] 531170K->321571K(1546688K), 0.0045680 secs] [Times: user=0.01 sys=0.00, real=0.00 secs] 
3922.278: [GC 3922.278: [ParNew: 210700K->794K(235968K), 0.0041660 secs] 531363K->321496K(1546688K), 0.0043570 secs] [Times: user=0.02 sys=0.01, real=0.01 secs] 
3940.721: [GC 3940.721: [ParNew: 210586K->576K(235968K), 0.0058320 secs] 531288K->321322K(1546688K), 0.0063800 secs] [Times: user=0.03 sys=0.00, real=0.01 secs] 
3945.519: [GC 3945.519: [ParNew: 210368K->845K(235968K), 0.0054780 secs] 531114K->321641K(1546688K), 0.0056380 secs] [Times: user=0.02 sys=0.00, real=0.01 secs] 
3961.035: [GC 3961.036: [ParNew: 210637K->957K(235968K), 0.0055470 secs] 531433K->321812K(1546688K), 0.0057400 secs] [Times: user=0.02 sys=0.00, real=0.00 secs] 
3976.442: [GC 3976.442: [ParNew: 210712K->1251K(235968K), 0.0055120 secs] 531566K->322150K(1546688K), 0.0057380 secs] [Times: user=0.01 sys=0.00, real=0.00 secs] 
3982.315: [GC 3982.315: [ParNew: 211043K->1017K(235968K), 0.0084480 secs] 531942K->321961K(1546688K), 0.0087030 secs] [Times: user=0.01 sys=0.00, real=0.01 secs] 
4002.122: [GC 4002.122: [ParNew: 210749K->1019K(235968K), 0.0055050 secs] 531693K->322005K(1546688K), 0.0057800 secs] [Times: user=0.02 sys=0.00, real=0.01 secs] 
4005.563: [GC 4005.563: [ParNew: 210811K->1208K(235968K), 0.0063320 secs] 531797K->322337K(1546688K), 0.0065750 secs] [Times: user=0.02 sys=0.00, real=0.01 secs] 
4021.081: [GC 4021.082: [ParNew: 211000K->724K(235968K), 0.0038120 secs] 532129K->321912K(1546688K), 0.0040060 secs] [Times: user=0.01 sys=0.01, real=0.01 secs] 
4037.322: [GC 4037.322: [ParNew: 210516K->996K(235968K), 0.0052560 secs] 531704K->322313K(1546688K), 0.0055210 secs] [Times: user=0.02 sys=0.00, real=0.00 secs] 
4042.357: [GC 4042.357: [ParNew: 210788K->1036K(235968K), 0.0055660 secs] 532105K->322404K(1546688K), 0.0058080 secs] [Times: user=0.02 sys=0.01, real=0.01 secs] 
4063.208: [GC 4063.208: [ParNew: 210828K->1123K(235968K), 0.0036260 secs] 532196K->322527K(1546688K), 0.0038670 secs] [Times: user=0.01 sys=0.00, real=0.00 secs] 
4068.205: [GC 4068.205: [ParNew: 210915K->859K(235968K), 0.0052910 secs] 532319K->322323K(1546688K), 0.0055360 secs] [Times: user=0.02 sys=0.01, real=0.00 secs] 
4089.444: [GC 4089.444: [ParNew: 210651K->757K(235968K), 0.0074060 secs] 532115K->322267K(1546688K), 0.0075660 secs] [Times: user=0.01 sys=0.00, real=0.00 secs] 
4098.002: [GC 4098.002: [ParNew: 210549K->969K(235968K), 0.0045270 secs] 532059K->322610K(1546688K), 0.0046910 secs] [Times: user=0.02 sys=0.00, real=0.00 secs] 
4104.412: [GC 4104.412: [ParNew: 210666K->1103K(235968K), 0.0053460 secs] 532307K->322794K(1546688K), 0.0055810 secs] [Times: user=0.02 sys=0.00, real=0.00 secs] 
4124.654: [GC 4124.654: [ParNew: 210835K->774K(235968K), 0.0157230 secs] 532526K->322511K(1546688K), 0.0159310 secs] [Times: user=0.03 sys=0.00, real=0.02 secs] 
4133.466: [GC 4133.467: [ParNew: 210566K->972K(235968K), 0.0045490 secs] 532303K->322770K(1546688K), 0.0047830 secs] [Times: user=0.02 sys=0.00, real=0.00 secs] 
4149.976: [GC 4149.976: [ParNew: 210764K->734K(235968K), 0.0056510 secs] 532562K->322587K(1546688K), 0.0058870 secs] [Times: user=0.02 sys=0.00, real=0.00 secs] 
4162.320: [GC 4162.320: [ParNew: 210522K->1002K(235968K), 0.0037000 secs] 532375K->322898K(1546688K), 0.0039520 secs] [Times: user=0.02 sys=0.00, real=0.00 secs] 
4180.648: [GC 4180.648: [ParNew: 210794K->810K(235968K), 0.0051530 secs] 532690K->322757K(1546688K), 0.0053920 secs] [Times: user=0.02 sys=0.00, real=0.00 secs] 
4185.552: [GC 4185.553: [ParNew: 210602K->1245K(235968K), 0.0040490 secs] 532549K->323246K(1546688K), 0.0042920 secs] [Times: user=0.02 sys=0.00, real=0.01 secs] 
4201.078: [GC 4201.078: [ParNew: 210927K->1017K(235968K), 0.0047850 secs] 532928K->323079K(1546688K), 0.0050410 secs] [Times: user=0.02 sys=0.00, real=0.00 secs] 
4216.494: [GC 4216.494: [ParNew: 210809K->816K(235968K), 0.0053830 secs] 532871K->323020K(1546688K), 0.0055400 secs] [Times: user=0.01 sys=0.00, real=0.00 secs] 
4222.369: [GC 4222.369: [ParNew: 210583K->940K(235968K), 0.0036650 secs] 532787K->323194K(1546688K), 0.0038630 secs] [Times: user=0.02 sys=0.00, real=0.01 secs] 
4242.170: [GC 4242.170: [ParNew: 210732K->1022K(235968K), 0.0034090 secs] 532986K->323312K(1546688K), 0.0036090 secs] [Times: user=0.02 sys=0.00, real=0.00 secs] 
4248.212: [GC 4248.212: [ParNew: 210814K->752K(235968K), 0.0040140 secs] 533104K->323090K(1546688K), 0.0042110 secs] [Times: user=0.02 sys=0.00, real=0.00 secs] 
4269.455: [GC 4269.455: [ParNew: 210544K->1041K(235968K), 0.0037710 secs] 532882K->323436K(1546688K), 0.0040900 secs] [Times: user=0.02 sys=0.00, real=0.00 secs] 
4277.365: [GC 4277.365: [ParNew: 210833K->825K(235968K), 0.0034350 secs] 533228K->323264K(1546688K), 0.0036590 secs] [Times: user=0.02 sys=0.00, real=0.00 secs] 
4284.412: [GC 4284.412: [ParNew: 210596K->796K(235968K), 0.0038540 secs] 533035K->323272K(1546688K), 0.0041310 secs] [Times: user=0.02 sys=0.00, real=0.00 secs] 
4303.256: [GC 4303.256: [ParNew: 210532K->691K(235968K), 0.0037850 secs] 533008K->323206K(1546688K), 0.0039820 secs] [Times: user=0.02 sys=0.00, real=0.01 secs] 
4308.265: [GC 4308.265: [ParNew: 210434K->670K(235968K), 0.0042520 secs] 532950K->323228K(1546688K), 0.0044460 secs] [Times: user=0.02 sys=0.00, real=0.01 secs] 
4329.987: [GC 4329.988: [ParNew: 210440K->636K(235968K), 0.0051520 secs] 532998K->323255K(1546688K), 0.0053840 secs] [Times: user=0.01 sys=0.00, real=0.00 secs] 
4338.051: [GC 4338.051: [ParNew: 210428K->611K(235968K), 0.0031940 secs] 533047K->323273K(1546688K), 0.0034800 secs] [Times: user=0.01 sys=0.00, real=0.01 secs] 
4360.667: [GC 4360.667: [ParNew: 210403K->926K(235968K), 0.0046900 secs] 533065K->323633K(1546688K), 0.0049030 secs] [Times: user=0.02 sys=0.00, real=0.01 secs] 
4364.743: [GC 4364.743: [ParNew: 210710K->733K(235968K), 0.0103260 secs] 533418K->323477K(1546688K), 0.0106020 secs] [Times: user=0.02 sys=0.00, real=0.01 secs] 
4373.558: [GC 4373.558: [ParNew: 210525K->500K(235968K), 0.0042490 secs] 533269K->323298K(1546688K), 0.0045080 secs] [Times: user=0.02 sys=0.00, real=0.00 secs] 
4390.045: [GC 4390.045: [ParNew: 210212K->642K(235968K), 0.0056630 secs] 533010K->323485K(1546688K), 0.0058720 secs] [Times: user=0.01 sys=0.00, real=0.00 secs] 
4402.391: [GC 4402.391: [ParNew: 210427K->993K(235968K), 0.0034040 secs] 533270K->323874K(1546688K), 0.0036370 secs] [Times: user=0.02 sys=0.00, real=0.01 secs] 
4422.189: [GC 4422.189: [ParNew: 210785K->857K(235968K), 0.0049210 secs] 533666K->323781K(1546688K), 0.0050940 secs] [Times: user=0.02 sys=0.00, real=0.01 secs] 
4425.619: [GC 4425.619: [ParNew: 210649K->907K(235968K), 0.0035530 secs] 533573K->323868K(1546688K), 0.0038000 secs] [Times: user=0.02 sys=0.00, real=0.01 secs] 
4441.385: [GC 4441.386: [ParNew: 210699K->905K(235968K), 0.0046720 secs] 533660K->323903K(1546688K), 0.0048650 secs] [Times: user=0.02 sys=0.00, real=0.01 secs] 
4456.564: [GC 4456.564: [ParNew: 210686K->1004K(235968K), 0.0041450 secs] 533684K->324064K(1546688K), 0.0043700 secs] [Times: user=0.01 sys=0.00, real=0.00 secs] 
4462.436: [GC 4462.436: [ParNew: 210796K->957K(235968K), 0.0048320 secs] 533856K->324071K(1546688K), 0.0050660 secs] [Times: user=0.02 sys=0.00, real=0.00 secs] 
4483.261: [GC 4483.262: [ParNew: 210718K->1374K(235968K), 0.0042170 secs] 533832K->324531K(1546688K), 0.0044700 secs] [Times: user=0.02 sys=0.01, real=0.00 secs] 
4488.278: [GC 4488.278: [ParNew: 211126K->1412K(235968K), 0.0040450 secs] 534283K->324606K(1546688K), 0.0042210 secs] [Times: user=0.02 sys=0.00, real=0.01 secs] 
4509.523: [GC 4509.523: [ParNew: 211204K->880K(235968K), 0.0038890 secs] 534398K->324111K(1546688K), 0.0041090 secs] [Times: user=0.02 sys=0.00, real=0.01 secs] 
4518.057: [GC 4518.057: [ParNew: 210672K->886K(235968K), 0.0068290 secs] 533903K->324329K(1546688K), 0.0070250 secs] [Times: user=0.02 sys=0.00, real=0.00 secs] 
4524.465: [GC 4524.465: [ParNew: 210678K->654K(235968K), 0.0038810 secs] 534121K->324148K(1546688K), 0.0040970 secs] [Times: user=0.01 sys=0.00, real=0.00 secs] 
4544.755: [GC 4544.756: [ParNew: 210446K->613K(235968K), 0.0220780 secs] 533940K->324156K(1546688K), 0.0223800 secs] [Times: user=0.05 sys=0.00, real=0.02 secs] 
4553.586: [GC 4553.587: [ParNew: 210405K->537K(235968K), 0.0061570 secs] 533948K->324121K(1546688K), 0.0063960 secs] [Times: user=0.02 sys=0.00, real=0.01 secs] 
4570.057: [GC 4570.057: [ParNew: 210297K->594K(235968K), 0.0064800 secs] 533881K->324218K(1546688K), 0.0067190 secs] [Times: user=0.02 sys=0.00, real=0.00 secs] 
4582.405: [GC 4582.406: [ParNew: 210386K->704K(235968K), 0.0053680 secs] 534010K->324359K(1546688K), 0.0056410 secs] [Times: user=0.02 sys=0.00, real=0.00 secs] 
4600.730: [GC 4600.730: [ParNew: 210496K->769K(235968K), 0.0055300 secs] 534151K->324467K(1546688K), 0.0057960 secs] [Times: user=0.02 sys=0.00, real=0.01 secs] 
4605.632: [GC 4605.632: [ParNew: 210533K->925K(235968K), 0.0063700 secs] 534232K->324673K(1546688K), 0.0065960 secs] [Times: user=0.01 sys=0.00, real=0.00 secs] 
4621.399: [GC 4621.399: [ParNew: 210717K->692K(235968K), 0.0064330 secs] 534465K->324482K(1546688K), 0.0065970 secs] [Times: user=0.02 sys=0.00, real=0.00 secs] 
4636.577: [GC 4636.577: [ParNew: 210484K->790K(235968K), 0.0036200 secs] 534274K->324623K(1546688K), 0.0038590 secs] [Times: user=0.02 sys=0.01, real=0.00 secs] 
4642.445: [GC 4642.445: [ParNew: 210582K->1019K(235968K), 0.0045110 secs] 534415K->324884K(1546688K), 0.0046930 secs] [Times: user=0.02 sys=0.00, real=0.00 secs] 
4662.258: [GC 4662.258: [ParNew: 210811K->1047K(235968K), 0.0040380 secs] 534676K->324954K(1546688K), 0.0043070 secs] [Times: user=0.02 sys=0.00, real=0.01 secs] 
4668.292: [GC 4668.293: [ParNew: 210839K->845K(235968K), 0.0034530 secs] 534746K->324804K(1546688K), 0.0037100 secs] [Times: user=0.02 sys=0.00, real=0.00 secs] 
4689.540: [GC 4689.540: [ParNew: 210596K->921K(235968K), 0.0038120 secs] 534554K->324929K(1546688K), 0.0040650 secs] [Times: user=0.02 sys=0.00, real=0.00 secs] 
4697.427: [GC 4697.428: [ParNew: 210713K->548K(235968K), 0.0052100 secs] 534721K->324599K(1546688K), 0.0054260 secs] [Times: user=0.01 sys=0.00, real=0.00 secs] 
4704.477: [GC 4704.477: [ParNew: 210316K->680K(235968K), 0.0094110 secs] 534368K->324768K(1546688K), 0.0096220 secs] [Times: user=0.04 sys=0.00, real=0.01 secs] 
4723.327: [GC 4723.327: [ParNew: 210428K->1016K(235968K), 0.0038240 secs] 534517K->325147K(1546688K), 0.0040800 secs] [Times: user=0.02 sys=0.00, real=0.00 secs] 
4733.597: [GC 4733.597: [ParNew: 210808K->762K(235968K), 0.0154170 secs] 534939K->324952K(1546688K), 0.0156140 secs] [Times: user=0.03 sys=0.00, real=0.02 secs] 
4750.075: [GC 4750.075: [ParNew: 210554K->976K(235968K), 0.0054450 secs] 534744K->325211K(1546688K), 0.0056370 secs] [Times: user=0.02 sys=0.00, real=0.01 secs] 
4758.113: [GC 4758.113: [ParNew: 210711K->604K(235968K), 0.0051150 secs] 534946K->324882K(1546688K), 0.0052970 secs] [Times: user=0.02 sys=0.00, real=0.01 secs] 
4780.752: [GC 4780.752: [ParNew: 210396K->907K(235968K), 0.0056340 secs] 534674K->325224K(1546688K), 0.0058460 secs] [Times: user=0.02 sys=0.00, real=0.01 secs] 
4784.840: [GC 4784.840: [ParNew: 210691K->954K(235968K), 0.0035610 secs] 535009K->325313K(1546688K), 0.0038020 secs] [Times: user=0.02 sys=0.00, real=0.01 secs] 
4796.509: [GC 4796.509: [ParNew: 210746K->335K(235968K), 0.0037110 secs] 535105K->324749K(1546688K), 0.0038830 secs] [Times: user=0.02 sys=0.00, real=0.01 secs] 
4811.005: [GC 4811.006: [ParNew: 210127K->892K(235968K), 0.0054170 secs] 534541K->325356K(1546688K), 0.0056710 secs] [Times: user=0.03 sys=0.00, real=0.01 secs] 
4822.457: [GC 4822.457: [ParNew: 210684K->1214K(235968K), 0.0046860 secs] 535148K->325725K(1546688K), 0.0048940 secs] [Times: user=0.02 sys=0.00, real=0.00 secs] 
4842.261: [GC 4842.261: [ParNew: 211006K->1114K(235968K), 0.0032980 secs] 535517K->325674K(1546688K), 0.0035370 secs] [Times: user=0.02 sys=0.00, real=0.01 secs] 
4845.687: [GC 4845.687: [ParNew: 210906K->1136K(235968K), 0.0033250 secs] 535466K->325732K(1546688K), 0.0035940 secs] [Times: user=0.02 sys=0.00, real=0.00 secs] 
4861.453: [GC 4861.453: [ParNew: 210882K->1148K(235968K), 0.0029960 secs] 535479K->325787K(1546688K), 0.0032330 secs] [Times: user=0.02 sys=0.00, real=0.00 secs] 
4876.634: [GC 4876.634: [ParNew: 210917K->1403K(235968K), 0.0031420 secs] 535556K->326090K(1546688K), 0.0033840 secs] [Times: user=0.03 sys=0.00, real=0.00 secs] 
4882.490: [GC 4882.490: [ParNew: 211195K->682K(235968K), 0.0034680 secs] 535882K->325624K(1546688K), 0.0037090 secs] [Times: user=0.01 sys=0.01, real=0.00 secs] 
4902.304: [GC 4902.304: [ParNew: 210474K->649K(235968K), 0.0028370 secs] 535416K->325640K(1546688K), 0.0030790 secs] [Times: user=0.02 sys=0.00, real=0.01 secs] 
4908.339: [GC 4908.339: [ParNew: 210441K->799K(235968K), 0.0052060 secs] 535432K->325840K(1546688K), 0.0053820 secs] [Times: user=0.02 sys=0.00, real=0.01 secs] 
4929.588: [GC 4929.588: [ParNew: 210537K->848K(235968K), 0.0039790 secs] 535578K->325954K(1546688K), 0.0042030 secs] [Times: user=0.02 sys=0.00, real=0.01 secs] 
4937.468: [GC 4937.468: [ParNew: 210640K->824K(235968K), 0.0036230 secs] 535746K->325974K(1546688K), 0.0037920 secs] [Times: user=0.02 sys=0.00, real=0.01 secs] 
4944.514: [GC 4944.514: [ParNew: 210523K->983K(235968K), 0.0038350 secs] 535673K->326192K(1546688K), 0.0040800 secs] [Times: user=0.02 sys=0.00, real=0.01 secs] 
4964.844: [GC 4964.845: [ParNew: 210775K->554K(235968K), 0.0251680 secs] 535984K->325815K(1546688K), 0.0254520 secs] [Times: user=0.03 sys=0.01, real=0.02 secs] 
4973.655: [GC 4973.655: [ParNew: 210346K->868K(235968K), 0.0052500 secs] 535607K->326180K(1546688K), 0.0054500 secs] [Times: user=0.01 sys=0.00, real=0.00 secs] 
4990.125: [GC 4990.125: [ParNew: 210532K->1127K(235968K), 0.0051170 secs] 535844K->326478K(1546688K), 0.0053560 secs] [Times: user=0.02 sys=0.00, real=0.01 secs] 
5000.684: [GC 5000.685: [ParNew: 210919K->593K(235968K), 0.0035900 secs] 536270K->325987K(1546688K), 0.0038300 secs] [Times: user=0.02 sys=0.00, real=0.00 secs] 
5020.806: [GC 5020.807: [ParNew: 210385K->764K(235968K), 0.0052930 secs] 535779K->326196K(1546688K), 0.0054730 secs] [Times: user=0.01 sys=0.00, real=0.00 secs] 
5025.698: [GC 5025.698: [ParNew: 210556K->668K(235968K), 0.0039040 secs] 535988K->326144K(1546688K), 0.0041330 secs] [Times: user=0.02 sys=0.00, real=0.00 secs] 
5041.463: [GC 5041.463: [ParNew: 210460K->638K(235968K), 0.0047680 secs] 535936K->326164K(1546688K), 0.0049200 secs] [Times: user=0.02 sys=0.01, real=0.00 secs] 
5056.650: [GC 5056.650: [ParNew: 210382K->968K(235968K), 0.0046940 secs] 535907K->326533K(1546688K), 0.0049250 secs] [Times: user=0.02 sys=0.00, real=0.00 secs] 
5062.512: [GC 5062.512: [ParNew: 210760K->1042K(235968K), 0.0044620 secs] 536325K->326652K(1546688K), 0.0047190 secs] [Times: user=0.02 sys=0.00, real=0.00 secs] 
5082.325: [GC 5082.325: [ParNew: 210834K->862K(235968K), 0.0042960 secs] 536444K->326507K(1546688K), 0.0044720 secs] [Times: user=0.02 sys=0.00, real=0.01 secs] 
5085.751: [GC 5085.751: [ParNew: 210654K->555K(235968K), 0.0038260 secs] 536299K->326243K(1546688K), 0.0040600 secs] [Times: user=0.02 sys=0.00, real=0.00 secs] 
5109.604: [GC 5109.604: [ParNew: 210347K->569K(235968K), 0.0051480 secs] 536035K->326305K(1546688K), 0.0054240 secs] [Times: user=0.03 sys=0.00, real=0.00 secs] 
5117.476: [GC 5117.476: [ParNew: 210361K->678K(235968K), 0.0048430 secs] 536097K->326448K(1546688K), 0.0050970 secs] [Times: user=0.02 sys=0.00, real=0.01 secs] 
5124.517: [GC 5124.517: [ParNew: 210470K->557K(235968K), 0.0072760 secs] 536240K->326362K(1546688K), 0.0075030 secs] [Times: user=0.02 sys=0.00, real=0.01 secs] 
5143.369: [GC 5143.369: [ParNew: 210349K->702K(235968K), 0.0057910 secs] 536154K->326544K(1546688K), 0.0060360 secs] [Times: user=0.02 sys=0.00, real=0.00 secs] 
5148.408: [GC 5148.408: [ParNew: 210458K->1039K(235968K), 0.0080760 secs] 536299K->326925K(1546688K), 0.0083420 secs] [Times: user=0.02 sys=0.00, real=0.01 secs] 
5169.659: [GC 5169.660: [ParNew: 210831K->556K(235968K), 0.0062830 secs] 536717K->326492K(1546688K), 0.0064690 secs] [Times: user=0.02 sys=0.00, real=0.01 secs] 
5178.161: [GC 5178.161: [ParNew: 210348K->714K(235968K), 0.0036970 secs] 536284K->326695K(1546688K), 0.0039300 secs] [Times: user=0.02 sys=0.00, real=0.01 secs] 
5200.813: [GC 5200.814: [ParNew: 210506K->1079K(235968K), 0.0059330 secs] 536487K->327107K(1546688K), 0.0061320 secs] [Times: user=0.01 sys=0.00, real=0.01 secs] 
5204.937: [GC 5204.937: [ParNew: 210857K->962K(235968K), 0.0041410 secs] 536885K->327026K(1546688K), 0.0043250 secs] [Times: user=0.02 sys=0.00, real=0.00 secs] 
5213.725: [GC 5213.725: [ParNew: 210754K->852K(235968K), 0.0044940 secs] 536818K->326952K(1546688K), 0.0046740 secs] [Times: user=0.02 sys=0.00, real=0.01 secs] 
5230.199: [GC 5230.199: [ParNew: 210644K->846K(235968K), 0.0039450 secs] 536744K->326990K(1546688K), 0.0041860 secs] [Times: user=0.01 sys=0.00, real=0.01 secs] 
5242.516: [GC 5242.517: [ParNew: 210608K->775K(235968K), 0.0114050 secs] 536752K->326990K(1546688K), 0.0115980 secs] [Times: user=0.04 sys=0.01, real=0.01 secs] 
5262.336: [GC 5262.337: [ParNew: 210567K->916K(235968K), 0.0047060 secs] 536782K->327180K(1546688K), 0.0048930 secs] [Times: user=0.02 sys=0.00, real=0.01 secs] 
5265.759: [GC 5265.759: [ParNew: 210708K->1159K(235968K), 0.0043340 secs] 536972K->327459K(1546688K), 0.0045180 secs] [Times: user=0.02 sys=0.00, real=0.00 secs] 
5281.521: [GC 5281.521: [ParNew: 210951K->591K(235968K), 0.0092800 secs] 537251K->326927K(1546688K), 0.0094300 secs] [Times: user=0.02 sys=0.00, real=0.01 secs] 
5296.719: [GC 5296.719: [ParNew: 210376K->765K(235968K), 0.0059610 secs] 536713K->327140K(1546688K), 0.0062130 secs] [Times: user=0.01 sys=0.00, real=0.01 secs] 
5302.576: [GC 5302.576: [ParNew: 210542K->798K(235968K), 0.0056430 secs] 536917K->327216K(1546688K), 0.0058500 secs] [Times: user=0.01 sys=0.00, real=0.01 secs] 
5322.384: [GC 5322.384: [ParNew: 210590K->766K(235968K), 0.0043390 secs] 537008K->327241K(1546688K), 0.0045430 secs] [Times: user=0.01 sys=0.01, real=0.01 secs] 
5328.408: [GC 5328.408: [ParNew: 210558K->852K(235968K), 0.0053360 secs] 537033K->327379K(1546688K), 0.0055540 secs] [Times: user=0.02 sys=0.00, real=0.00 secs] 
5349.661: [GC 5349.661: [ParNew: 210644K->1257K(235968K), 0.0056380 secs] 537171K->327832K(1546688K), 0.0058070 secs] [Times: user=0.02 sys=0.00, real=0.01 secs] 
5357.516: [GC 5357.516: [ParNew: 211027K->794K(235968K), 0.0041540 secs] 537602K->327413K(1546688K), 0.0043660 secs] [Times: user=0.02 sys=0.00, real=0.00 secs] 
5364.555: [GC 5364.555: [ParNew: 210586K->907K(235968K), 0.0046340 secs] 537205K->327563K(1546688K), 0.0048630 secs] [Times: user=0.02 sys=0.00, real=0.00 secs] 
5383.397: [GC 5383.397: [ParNew: 210699K->964K(235968K), 0.0058350 secs] 537355K->327667K(1546688K), 0.0060610 secs] [Times: user=0.02 sys=0.00, real=0.01 secs] 
5388.443: [GC 5388.443: [ParNew: 210636K->969K(235968K), 0.0041670 secs] 537339K->327721K(1546688K), 0.0043980 secs] [Times: user=0.01 sys=0.00, real=0.00 secs] 
5409.696: [GC 5409.696: [ParNew: 210761K->945K(235968K), 0.0058730 secs] 537513K->327750K(1546688K), 0.0061180 secs] [Times: user=0.02 sys=0.00, real=0.00 secs] 
5418.187: [GC 5418.187: [ParNew: 210737K->813K(235968K), 0.0037330 secs] 537542K->327662K(1546688K), 0.0039300 secs] [Times: user=0.02 sys=0.00, real=0.00 secs] 
5441.004: [GC 5441.004: [ParNew: 210562K->850K(235968K), 0.0135860 secs] 537411K->327745K(1546688K), 0.0138270 secs] [Times: user=0.03 sys=0.00, real=0.01 secs] 
5444.993: [GC 5444.993: [ParNew: 210642K->858K(235968K), 0.0053590 secs] 537537K->327789K(1546688K), 0.0055390 secs] [Times: user=0.01 sys=0.00, real=0.00 secs] 
5453.772: [GC 5453.772: [ParNew: 210609K->936K(235968K), 0.0063010 secs] 537540K->327913K(1546688K), 0.0064890 secs] [Times: user=0.02 sys=0.00, real=0.01 secs] 
5469.713: [GC 5469.713: [ParNew: 210728K->2974K(235968K), 0.0075430 secs] 537705K->330012K(1546688K), 0.0078040 secs] [Times: user=0.04 sys=0.00, real=0.01 secs] 
5478.199: [GC 5478.199: [ParNew: 212766K->3397K(235968K), 0.0060390 secs] 539804K->330516K(1546688K), 0.0062950 secs] [Times: user=0.03 sys=0.00, real=0.01 secs] 
5501.004: [GC 5501.005: [ParNew: 213109K->3542K(235968K), 0.0130070 secs] 540228K->330716K(1546688K), 0.0132500 secs] [Times: user=0.04 sys=0.00, real=0.01 secs] 
5505.008: [GC 5505.008: [ParNew: 213334K->3772K(235968K), 0.0061290 secs] 540508K->331001K(1546688K), 0.0063830 secs] [Times: user=0.03 sys=0.00, real=0.01 secs] 
5513.764: [GC 5513.764: [ParNew: 213564K->2825K(235968K), 0.0128570 secs] 540793K->330965K(1546688K), 0.0131520 secs] [Times: user=0.04 sys=0.00, real=0.01 secs] 
5530.226: [GC 5530.227: [ParNew: 212617K->2401K(235968K), 0.0061630 secs] 540757K->330592K(1546688K), 0.0063970 secs] [Times: user=0.02 sys=0.00, real=0.00 secs] 
5542.116: [GC 5542.116: [ParNew: 212193K->1222K(235968K), 0.0050010 secs] 540384K->329461K(1546688K), 0.0051910 secs] [Times: user=0.03 sys=0.00, real=0.00 secs] 
5561.033: [GC 5561.033: [ParNew: 211014K->1450K(235968K), 0.0065570 secs] 539253K->329738K(1546688K), 0.0068340 secs] [Times: user=0.03 sys=0.00, real=0.00 secs] 
5565.794: [GC 5565.795: [ParNew: 211242K->989K(235968K), 0.0112150 secs] 539530K->329811K(1546688K), 0.0114800 secs] [Times: user=0.04 sys=0.00, real=0.01 secs] 
5581.561: [GC 5581.561: [ParNew: 210781K->875K(235968K), 0.0050860 secs] 539603K->329745K(1546688K), 0.0052570 secs] [Times: user=0.01 sys=0.00, real=0.00 secs] 
5596.755: [GC 5596.755: [ParNew: 210667K->1114K(235968K), 0.0046360 secs] 539537K->330023K(1546688K), 0.0048700 secs] [Times: user=0.02 sys=0.00, real=0.01 secs] 
5602.618: [GC 5602.618: [ParNew: 210906K->960K(235968K), 0.0040850 secs] 539815K->329977K(1546688K), 0.0043290 secs] [Times: user=0.02 sys=0.00, real=0.00 secs] 
5622.413: [GC 5622.413: [ParNew: 210709K->1076K(235968K), 0.0047060 secs] 539726K->330134K(1546688K), 0.0050210 secs] [Times: user=0.03 sys=0.00, real=0.00 secs] 
5625.841: [GC 5625.841: [ParNew: 210827K->887K(235968K), 0.0039280 secs] 539885K->329990K(1546688K), 0.0041610 secs] [Times: user=0.02 sys=0.00, real=0.00 secs] 
5641.603: [GC 5641.603: [ParNew: 210615K->1345K(235968K), 0.0038060 secs] 539717K->330500K(1546688K), 0.0040660 secs] [Times: user=0.02 sys=0.00, real=0.00 secs] 
5656.795: [GC 5656.795: [ParNew: 211137K->1126K(235968K), 0.0035060 secs] 540292K->330324K(1546688K), 0.0037470 secs] [Times: user=0.02 sys=0.00, real=0.01 secs] 
5662.648: [GC 5662.648: [ParNew: 210908K->1148K(235968K), 0.0097870 secs] 540107K->330396K(1546688K), 0.0100460 secs] [Times: user=0.04 sys=0.00, real=0.01 secs] 
5682.454: [GC 5682.454: [ParNew: 210939K->1242K(235968K), 0.0034180 secs] 540187K->330539K(1546688K), 0.0036690 secs] [Times: user=0.02 sys=0.00, real=0.00 secs] 
5688.474: [GC 5688.475: [ParNew: 211034K->1115K(235968K), 0.0059530 secs] 540331K->330708K(1546688K), 0.0062190 secs] [Times: user=0.03 sys=0.00, real=0.01 secs] 
5709.727: [GC 5709.727: [ParNew: 210907K->1117K(235968K), 0.0032610 secs] 540500K->330752K(1546688K), 0.0036050 secs] [Times: user=0.02 sys=0.00, real=0.01 secs] 
5717.570: [GC 5717.571: [ParNew: 210909K->1133K(235968K), 0.0029780 secs] 540544K->330884K(1546688K), 0.0032210 secs] [Times: user=0.02 sys=0.00, real=0.00 secs] 
5724.608: [GC 5724.609: [ParNew: 210925K->902K(235968K), 0.0030030 secs] 540676K->330695K(1546688K), 0.0032540 secs] [Times: user=0.02 sys=0.00, real=0.00 secs] 
5743.462: [GC 5743.462: [ParNew: 210694K->922K(235968K), 0.0030720 secs] 540487K->330769K(1546688K), 0.0033290 secs] [Times: user=0.03 sys=0.00, real=0.01 secs] 
5753.809: [GC 5753.809: [ParNew: 210714K->902K(235968K), 0.0041250 secs] 540561K->330809K(1546688K), 0.0043950 secs] [Times: user=0.02 sys=0.00, real=0.01 secs] 
5770.258: [GC 5770.259: [ParNew: 210688K->746K(235968K), 0.0035160 secs] 540595K->330697K(1546688K), 0.0037530 secs] [Times: user=0.01 sys=0.00, real=0.00 secs] 
5778.245: [GC 5778.245: [ParNew: 210538K->919K(235968K), 0.0044250 secs] 540489K->330914K(1546688K), 0.0046610 secs] [Times: user=0.02 sys=0.01, real=0.01 secs] 
5801.079: [GC 5801.079: [ParNew: 210711K->915K(235968K), 0.0175150 secs] 540706K->330946K(1546688K), 0.0177630 secs] [Times: user=0.03 sys=0.00, real=0.02 secs] 
5805.079: [GC 5805.079: [ParNew: 210606K->952K(235968K), 0.0050490 secs] 540638K->331025K(1546688K), 0.0052680 secs] [Times: user=0.02 sys=0.00, real=0.01 secs] 
5813.855: [GC 5813.855: [ParNew: 210744K->745K(235968K), 0.0045840 secs] 540817K->330864K(1546688K), 0.0048250 secs] [Times: user=0.02 sys=0.00, real=0.00 secs] 
5830.305: [GC 5830.305: [ParNew: 210537K->675K(235968K), 0.0041580 secs] 540656K->330837K(1546688K), 0.0043270 secs] [Times: user=0.01 sys=0.00, real=0.01 secs] 
5842.593: [GC 5842.594: [ParNew: 210459K->841K(235968K), 0.0043070 secs] 540622K->331085K(1546688K), 0.0045390 secs] [Times: user=0.02 sys=0.01, real=0.01 secs] 
5862.445: [GC 5862.445: [ParNew: 210633K->1024K(235968K), 0.0038820 secs] 540877K->331315K(1546688K), 0.0040930 secs] [Times: user=0.02 sys=0.00, real=0.00 secs] 
5865.871: [GC 5865.871: [ParNew: 210812K->1100K(235968K), 0.0045650 secs] 541103K->331427K(1546688K), 0.0048080 secs] [Times: user=0.02 sys=0.00, real=0.01 secs] 
5873.849: [GC 5873.849: [ParNew: 210892K->2966K(235968K), 0.0080810 secs] 541219K->333356K(1546688K), 0.0083150 secs] [Times: user=0.03 sys=0.00, real=0.01 secs] 
5890.306: [GC 5890.306: [ParNew: 212728K->3377K(235968K), 0.0078690 secs] 543117K->333823K(1546688K), 0.0081030 secs] [Times: user=0.03 sys=0.00, real=0.01 secs] 
5902.588: [GC 5902.588: [ParNew: 213169K->4194K(235968K), 0.0077240 secs] 543615K->334694K(1546688K), 0.0080250 secs] [Times: user=0.03 sys=0.00, real=0.00 secs] 
5921.151: [GC 5921.152: [ParNew: 213873K->3418K(235968K), 0.0112650 secs] 544372K->333981K(1546688K), 0.0115030 secs] [Times: user=0.05 sys=0.01, real=0.01 secs] 
5925.874: [GC 5925.874: [ParNew: 213210K->2656K(235968K), 0.0448080 secs] 543773K->335329K(1546688K), 0.0451140 secs] [Times: user=0.08 sys=0.00, real=0.04 secs] 
5941.642: [GC 5941.643: [ParNew: 212448K->1102K(235968K), 0.0030470 secs] 545121K->333818K(1546688K), 0.0032930 secs] [Times: user=0.02 sys=0.00, real=0.00 secs] 
5956.834: [GC 5956.834: [ParNew: 210884K->897K(235968K), 0.0030050 secs] 543600K->333652K(1546688K), 0.0032210 secs] [Times: user=0.02 sys=0.00, real=0.00 secs] 
5962.817: [GC 5962.818: [ParNew: 210689K->666K(235968K), 0.0028620 secs] 543444K->333452K(1546688K), 0.0030990 secs] [Times: user=0.01 sys=0.00, real=0.01 secs] 
5982.500: [GC 5982.500: [ParNew: 210458K->838K(235968K), 0.0029030 secs] 543244K->333668K(1546688K), 0.0031340 secs] [Times: user=0.02 sys=0.00, real=0.00 secs] 
5988.521: [GC 5988.521: [ParNew: 210630K->767K(235968K), 0.0030520 secs] 543460K->333646K(1546688K), 0.0032780 secs] [Times: user=0.02 sys=0.00, real=0.01 secs] 
6009.782: [GC 6009.782: [ParNew: 210559K->1133K(235968K), 0.0029950 secs] 543438K->334054K(1546688K), 0.0032240 secs] [Times: user=0.02 sys=0.00, real=0.00 secs] 
6017.609: [GC 6017.610: [ParNew: 210814K->1155K(235968K), 0.0044460 secs] 543736K->334120K(1546688K), 0.0047030 secs] [Times: user=0.02 sys=0.00, real=0.00 secs] 
6024.649: [GC 6024.649: [ParNew: 210947K->944K(235968K), 0.0029790 secs] 543912K->333945K(1546688K), 0.0032110 secs] [Times: user=0.02 sys=0.00, real=0.00 secs] 
6043.504: [GC 6043.504: [ParNew: 210644K->815K(235968K), 0.0029140 secs] 543645K->333864K(1546688K), 0.0031270 secs] [Times: user=0.02 sys=0.01, real=0.01 secs] 
6053.868: [GC 6053.868: [ParNew: 210553K->792K(235968K), 0.0030380 secs] 543602K->333892K(1546688K), 0.0032740 secs] [Times: user=0.02 sys=0.00, real=0.00 secs] 
6070.317: [GC 6070.318: [ParNew: 210584K->954K(235968K), 0.0029920 secs] 543684K->334098K(1546688K), 0.0032280 secs] [Times: user=0.02 sys=0.00, real=0.01 secs] 
6078.289: [GC 6078.289: [ParNew: 210726K->778K(235968K), 0.0029060 secs] 543870K->333994K(1546688K), 0.0031300 secs] [Times: user=0.01 sys=0.01, real=0.01 secs] 
6101.166: [GC 6101.166: [ParNew: 210570K->666K(235968K), 0.0039110 secs] 543786K->333914K(1546688K), 0.0041650 secs] [Times: user=0.02 sys=0.00, real=0.00 secs] 
6105.160: [GC 6105.160: [ParNew: 210450K->692K(235968K), 0.0124260 secs] 543697K->333980K(1546688K), 0.0126530 secs] [Times: user=0.04 sys=0.00, real=0.01 secs] 
6119.598: [GC 6119.598: [ParNew: 210484K->457K(235968K), 0.0034170 secs] 543772K->333793K(1546688K), 0.0036480 secs] [Times: user=0.02 sys=0.00, real=0.00 secs] 
6136.845: [GC 6136.845: [ParNew: 210227K->614K(235968K), 0.0039470 secs] 543563K->333989K(1546688K), 0.0041890 secs] [Times: user=0.02 sys=0.00, real=0.00 secs] 
6142.836: [GC 6142.837: [ParNew: 210406K->517K(235968K), 0.0034420 secs] 543781K->333941K(1546688K), 0.0036720 secs] [Times: user=0.02 sys=0.00, real=0.01 secs] 
6162.513: [GC 6162.513: [ParNew: 210247K->807K(235968K), 0.0034880 secs] 543671K->334268K(1546688K), 0.0037290 secs] [Times: user=0.02 sys=0.00, real=0.01 secs] 
6165.941: [GC 6165.941: [ParNew: 210508K->802K(235968K), 0.0033040 secs] 543970K->334299K(1546688K), 0.0035660 secs] [Times: user=0.02 sys=0.00, real=0.00 secs] 
6181.706: [GC 6181.706: [ParNew: 210594K->597K(235968K), 0.0050800 secs] 544091K->334136K(1546688K), 0.0052350 secs] [Times: user=0.01 sys=0.00, real=0.00 secs] 
6197.614: [GC 6197.614: [ParNew: 210361K->717K(235968K), 0.0034610 secs] 543900K->334299K(1546688K), 0.0037090 secs] [Times: user=0.02 sys=0.00, real=0.00 secs] 
6202.895: [GC 6202.895: [ParNew: 210509K->728K(235968K), 0.0036180 secs] 544091K->334359K(1546688K), 0.0038360 secs] [Times: user=0.02 sys=0.00, real=0.00 secs] 
6223.509: [GC 6223.509: [ParNew: 210520K->747K(235968K), 0.0036600 secs] 544151K->334415K(1546688K), 0.0038760 secs] [Times: user=0.02 sys=0.00, real=0.00 secs] 
6228.590: [GC 6228.590: [ParNew: 210539K->816K(235968K), 0.0038860 secs] 544207K->334519K(1546688K), 0.0041480 secs] [Times: user=0.02 sys=0.01, real=0.00 secs] 
6249.850: [GC 6249.850: [ParNew: 210608K->941K(235968K), 0.0046760 secs] 544311K->334694K(1546688K), 0.0048560 secs] [Times: user=0.02 sys=0.00, real=0.01 secs] 
6258.293: [GC 6258.293: [ParNew: 210615K->720K(235968K), 0.0039670 secs] 544367K->334504K(1546688K), 0.0042120 secs] [Times: user=0.02 sys=0.00, real=0.00 secs] 
6281.181: [GC 6281.181: [ParNew: 210512K->798K(235968K), 0.0107070 secs] 544296K->334628K(1546688K), 0.0109680 secs] [Times: user=0.02 sys=0.00, real=0.01 secs] 
6285.178: [GC 6285.178: [ParNew: 210590K->715K(235968K), 0.0084250 secs] 544420K->334581K(1546688K), 0.0086360 secs] [Times: user=0.03 sys=0.00, real=0.00 secs] 
6293.942: [GC 6293.942: [ParNew: 210507K->807K(235968K), 0.0041760 secs] 544373K->334709K(1546688K), 0.0044430 secs] [Times: user=0.02 sys=0.00, real=0.01 secs] 
6310.388: [GC 6310.388: [ParNew: 210542K->774K(235968K), 0.0038410 secs] 544444K->334720K(1546688K), 0.0041000 secs] [Times: user=0.02 sys=0.00, real=0.00 secs] 
6322.655: [GC 6322.655: [ParNew: 210566K->665K(235968K), 0.0045530 secs] 544512K->334649K(1546688K), 0.0048140 secs] [Times: user=0.01 sys=0.00, real=0.00 secs] 
6342.650: [GC 6342.650: [ParNew: 210405K->527K(235968K), 0.0031350 secs] 544389K->334560K(1546688K), 0.0033780 secs] [Times: user=0.02 sys=0.00, real=0.00 secs] 
6345.955: [GC 6345.955: [ParNew: 210301K->797K(235968K), 0.0033650 secs] 544334K->334866K(1546688K), 0.0036420 secs] [Times: user=0.02 sys=0.00, real=0.01 secs] 
6361.721: [GC 6361.721: [ParNew: 210580K->765K(235968K), 0.0041970 secs] 544650K->334874K(1546688K), 0.0043870 secs] [Times: user=0.02 sys=0.00, real=0.01 secs] 
6376.916: [GC 6376.916: [ParNew: 210492K->727K(235968K), 0.0048340 secs] 544602K->334875K(1546688K), 0.0050170 secs] [Times: user=0.01 sys=0.00, real=0.00 secs] 
6382.909: [GC 6382.909: [ParNew: 210481K->938K(235968K), 0.0045010 secs] 544629K->335122K(1546688K), 0.0047610 secs] [Times: user=0.02 sys=0.00, real=0.01 secs] 
6402.705: [GC 6402.706: [ParNew: 210725K->553K(235968K), 0.0070150 secs] 544909K->334789K(1546688K), 0.0072730 secs] [Times: user=0.02 sys=0.00, real=0.01 secs] 
6408.600: [GC 6408.601: [ParNew: 210345K->1268K(235968K), 0.0037380 secs] 544581K->335546K(1546688K), 0.0039820 secs] [Times: user=0.02 sys=0.00, real=0.00 secs] 
6429.861: [GC 6429.861: [ParNew: 211060K->932K(235968K), 0.0058010 secs] 545338K->335252K(1546688K), 0.0059750 secs] [Times: user=0.02 sys=0.00, real=0.01 secs] 
6437.676: [GC 6437.676: [ParNew: 210698K->611K(235968K), 0.0045430 secs] 545019K->334975K(1546688K), 0.0047130 secs] [Times: user=0.02 sys=0.01, real=0.00 secs] 
6444.712: [GC 6444.712: [ParNew: 210403K->768K(235968K), 0.0062420 secs] 544767K->335197K(1546688K), 0.0064070 secs] [Times: user=0.02 sys=0.00, real=0.00 secs] 
6465.199: [GC 6465.200: [ParNew: 210560K->542K(235968K), 0.0050190 secs] 544989K->335014K(1546688K), 0.0052790 secs] [Times: user=0.02 sys=0.00, real=0.00 secs] 
6473.963: [GC 6473.963: [ParNew: 210333K->952K(235968K), 0.0057670 secs] 544805K->335473K(1546688K), 0.0060240 secs] [Times: user=0.02 sys=0.00, real=0.01 secs] 
6490.402: [GC 6490.402: [ParNew: 210744K->1012K(235968K), 0.0050820 secs] 545265K->335570K(1546688K), 0.0053020 secs] [Times: user=0.01 sys=0.01, real=0.01 secs] 
6498.337: [GC 6498.337: [ParNew: 210804K->1461K(235968K), 0.0044740 secs] 545362K->336062K(1546688K), 0.0047240 secs] [Times: user=0.02 sys=0.00, real=0.00 secs] 
6521.243: [GC 6521.243: [ParNew: 211253K->1567K(235968K), 0.0165810 secs] 545854K->336217K(1546688K), 0.0168350 secs] [Times: user=0.04 sys=0.00, real=0.02 secs] 
6525.224: [GC 6525.224: [ParNew: 211359K->1808K(235968K), 0.0052140 secs] 546009K->336505K(1546688K), 0.0054340 secs] [Times: user=0.02 sys=0.00, real=0.01 secs] 
6533.987: [GC 6533.987: [ParNew: 211600K->2181K(235968K), 0.0437380 secs] 546297K->336978K(1546688K), 0.0440490 secs] [Times: user=0.09 sys=0.00, real=0.05 secs] 
6550.413: [GC 6550.413: [ParNew: 211928K->1382K(235968K), 0.0144150 secs] 546725K->336656K(1546688K), 0.0146180 secs] [Times: user=0.03 sys=0.00, real=0.02 secs] 
6562.668: [GC 6562.668: [ParNew: 211174K->1029K(235968K), 0.0058370 secs] 546448K->336360K(1546688K), 0.0060300 secs] [Times: user=0.02 sys=0.00, real=0.01 secs] 
6581.278: [GC 6581.278: [ParNew: 210789K->979K(235968K), 0.0074060 secs] 546120K->336358K(1546688K), 0.0076010 secs] [Times: user=0.02 sys=0.00, real=0.01 secs] 
6585.986: [GC 6585.986: [ParNew: 210720K->1147K(235968K), 0.0044440 secs] 546099K->336713K(1546688K), 0.0046230 secs] [Times: user=0.03 sys=0.00, real=0.01 secs] 
6601.750: [GC 6601.751: [ParNew: 210939K->684K(235968K), 0.0091720 secs] 546505K->336474K(1546688K), 0.0093500 secs] [Times: user=0.02 sys=0.00, real=0.01 secs] 
6616.944: [GC 6616.944: [ParNew: 210476K->1014K(235968K), 0.0044040 secs] 546266K->336855K(1546688K), 0.0045780 secs] [Times: user=0.02 sys=0.00, real=0.01 secs] 
6622.944: [GC 6622.944: [ParNew: 210806K->1147K(235968K), 0.0053030 secs] 546647K->337032K(1546688K), 0.0055040 secs] [Times: user=0.02 sys=0.00, real=0.00 secs] 
6642.728: [GC 6642.729: [ParNew: 210939K->724K(235968K), 0.0042610 secs] 546824K->336645K(1546688K), 0.0044540 secs] [Times: user=0.02 sys=0.00, real=0.01 secs] 
6646.038: [GC 6646.039: [ParNew: 210485K->698K(235968K), 0.0046550 secs] 546406K->336665K(1546688K), 0.0048320 secs] [Times: user=0.02 sys=0.00, real=0.01 secs] 
6669.892: [GC 6669.892: [ParNew: 210490K->935K(235968K), 0.0047650 secs] 546457K->336952K(1546688K), 0.0049560 secs] [Times: user=0.03 sys=0.00, real=0.01 secs] 
6677.688: [GC 6677.688: [ParNew: 210727K->525K(235968K), 0.0048290 secs] 546744K->336578K(1546688K), 0.0050300 secs] [Times: user=0.02 sys=0.00, real=0.00 secs] 
6684.727: [GC 6684.727: [ParNew: 210317K->732K(235968K), 0.0040760 secs] 546370K->336822K(1546688K), 0.0042610 secs] [Times: user=0.01 sys=0.00, real=0.00 secs] 
6703.582: [GC 6703.582: [ParNew: 210523K->554K(235968K), 0.0034920 secs] 546613K->336680K(1546688K), 0.0036790 secs] [Times: user=0.02 sys=0.00, real=0.00 secs] 
6708.684: [GC 6708.685: [ParNew: 210346K->859K(235968K), 0.0040210 secs] 546472K->337027K(1546688K), 0.0042100 secs] [Times: user=0.01 sys=0.00, real=0.00 secs] 
6729.946: [GC 6729.946: [ParNew: 210627K->664K(235968K), 0.0048700 secs] 546795K->336881K(1546688K), 0.0050530 secs] [Times: user=0.02 sys=0.00, real=0.01 secs] 
6738.366: [GC 6738.367: [ParNew: 210456K->826K(235968K), 0.0041760 secs] 546673K->337086K(1546688K), 0.0043600 secs] [Times: user=0.02 sys=0.00, real=0.00 secs] 
6761.298: [GC 6761.298: [ParNew: 210614K->584K(235968K), 0.0149110 secs] 546874K->336888K(1546688K), 0.0151940 secs] [Times: user=0.02 sys=0.00, real=0.02 secs] 
6765.271: [GC 6765.271: [ParNew: 210320K->675K(235968K), 0.0057220 secs] 546624K->337015K(1546688K), 0.0059740 secs] [Times: user=0.02 sys=0.00, real=0.01 secs] 
6774.176: [GC 6774.176: [ParNew: 210467K->839K(235968K), 0.0482790 secs] 546807K->337215K(1546688K), 0.0485670 secs] [Times: user=0.13 sys=0.00, real=0.05 secs] 
6790.481: [GC 6790.481: [ParNew: 210631K->1136K(235968K), 0.0085200 secs] 547007K->337556K(1546688K), 0.0087870 secs] [Times: user=0.02 sys=0.00, real=0.01 secs] 
6802.712: [GC 6802.712: [ParNew: 210910K->1091K(235968K), 0.0072130 secs] 547330K->337555K(1546688K), 0.0074620 secs] [Times: user=0.02 sys=0.00, real=0.01 secs] 
6821.328: [GC 6821.328: [ParNew: 210883K->855K(235968K), 0.0129060 secs] 547347K->337373K(1546688K), 0.0131410 secs] [Times: user=0.03 sys=0.00, real=0.01 secs] 
6825.283: [GC 6825.284: [ParNew: 210543K->1286K(235968K), 0.0057090 secs] 547061K->337858K(1546688K), 0.0059030 secs] [Times: user=0.02 sys=0.00, real=0.00 secs] 
6834.197: [GC 6834.197: [ParNew: 211028K->1307K(235968K), 0.0115400 secs] 547600K->337992K(1546688K), 0.0119190 secs] [Times: user=0.03 sys=0.00, real=0.01 secs] 
6850.476: [GC 6850.476: [ParNew: 211099K->1120K(235968K), 0.0080810 secs] 547784K->337905K(1546688K), 0.0082700 secs] [Times: user=0.01 sys=0.00, real=0.01 secs] 
6859.286: [GC 6859.286: [ParNew: 209985K->4532K(235968K), 0.0195440 secs] 546770K->341611K(1546688K), 0.0198330 secs] [Times: user=0.04 sys=0.00, real=0.02 secs] 
6879.913: [GC 6879.913: [ParNew: 213626K->2843K(235968K), 0.0071950 secs] 550705K->339977K(1546688K), 0.0074490 secs] [Times: user=0.02 sys=0.00, real=0.01 secs] 
6885.279: [GC 6885.279: [ParNew: 212635K->1230K(235968K), 0.0050130 secs] 549769K->338418K(1546688K), 0.0052390 secs] [Times: user=0.01 sys=0.00, real=0.01 secs] 
6894.176: [GC 6894.176: [ParNew: 211022K->868K(235968K), 0.0049740 secs] 548210K->338112K(1546688K), 0.0051620 secs] [Times: user=0.02 sys=0.00, real=0.00 secs] 
6910.479: [GC 6910.479: [ParNew: 210628K->850K(235968K), 0.0048630 secs] 547872K->338138K(1546688K), 0.0050490 secs] [Times: user=0.02 sys=0.00, real=0.00 secs] 
6922.719: [GC 6922.719: [ParNew: 210642K->1071K(235968K), 0.0043680 secs] 547930K->338492K(1546688K), 0.0045610 secs] [Times: user=0.02 sys=0.00, real=0.00 secs] 
6941.366: [GC 6941.366: [ParNew: 210859K->774K(235968K), 0.0067410 secs] 548280K->338244K(1546688K), 0.0069770 secs] [Times: user=0.02 sys=0.00, real=0.00 secs] 
6946.049: [GC 6946.049: [ParNew: 210566K->812K(235968K), 0.0046740 secs] 548036K->338370K(1546688K), 0.0048870 secs] [Times: user=0.02 sys=0.00, real=0.01 secs] 
6961.822: [GC 6961.822: [ParNew: 210604K->864K(235968K), 0.0033240 secs] 548162K->338475K(1546688K), 0.0035390 secs] [Times: user=0.02 sys=0.00, real=0.00 secs] 
6977.017: [GC 6977.017: [ParNew: 210573K->794K(235968K), 0.0081650 secs] 548183K->338458K(1546688K), 0.0083780 secs] [Times: user=0.03 sys=0.00, real=0.01 secs] 
6983.024: [GC 6983.025: [ParNew: 210586K->886K(235968K), 0.0058950 secs] 548250K->338595K(1546688K), 0.0060970 secs] [Times: user=0.02 sys=0.00, real=0.01 secs] 
7002.798: [GC 7002.798: [ParNew: 210678K->732K(235968K), 0.0043010 secs] 548387K->338477K(1546688K), 0.0045610 secs] [Times: user=0.01 sys=0.00, real=0.00 secs] 
7008.691: [GC 7008.691: [ParNew: 210524K->541K(235968K), 0.0056310 secs] 548269K->338333K(1546688K), 0.0057910 secs] [Times: user=0.02 sys=0.00, real=0.01 secs] 
7029.959: [GC 7029.960: [ParNew: 210286K->581K(235968K), 0.0041210 secs] 548078K->338422K(1546688K), 0.0043590 secs] [Times: user=0.02 sys=0.00, real=0.01 secs] 
7037.737: [GC 7037.737: [ParNew: 210360K->723K(235968K), 0.0037130 secs] 548201K->338608K(1546688K), 0.0038780 secs] [Times: user=0.02 sys=0.00, real=0.01 secs] 
7044.775: [GC 7044.775: [ParNew: 210515K->843K(235968K), 0.0079360 secs] 548400K->338764K(1546688K), 0.0080900 secs] [Times: user=0.02 sys=0.00, real=0.01 secs] 
7063.632: [GC 7063.632: [ParNew: 210635K->777K(235968K), 0.0040490 secs] 548556K->338739K(1546688K), 0.0042190 secs] [Times: user=0.02 sys=0.00, real=0.01 secs] 
7068.742: [GC 7068.742: [ParNew: 210569K->407K(235968K), 0.0038130 secs] 548531K->338411K(1546688K), 0.0040470 secs] [Times: user=0.02 sys=0.00, real=0.01 secs] 
7090.015: [GC 7090.016: [ParNew: 210126K->816K(235968K), 0.0045110 secs] 548129K->338869K(1546688K), 0.0047820 secs] [Times: user=0.02 sys=0.00, real=0.00 secs] 
7098.412: [GC 7098.412: [ParNew: 210571K->926K(235968K), 0.0044940 secs] 548624K->339030K(1546688K), 0.0047360 secs] [Times: user=0.01 sys=0.00, real=0.00 secs] 
7121.391: [GC 7121.391: [ParNew: 210717K->1007K(235968K), 0.0116410 secs] 548821K->339154K(1546688K), 0.0119400 secs] [Times: user=0.02 sys=0.00, real=0.01 secs] 
7125.339: [GC 7125.339: [ParNew: 210745K->1119K(235968K), 0.0039740 secs] 548893K->339302K(1546688K), 0.0042070 secs] [Times: user=0.02 sys=0.00, real=0.00 secs] 
7134.253: [GC 7134.253: [ParNew: 210911K->925K(235968K), 0.0600920 secs] 549094K->339238K(1546688K), 0.0603850 secs] [Times: user=0.12 sys=0.00, real=0.07 secs] 
7150.548: [GC 7150.548: [ParNew: 210717K->416K(235968K), 0.0040860 secs] 549030K->338774K(1546688K), 0.0043300 secs] [Times: user=0.02 sys=0.00, real=0.01 secs] 
7162.777: [GC 7162.777: [ParNew: 210208K->497K(235968K), 0.0043730 secs] 548566K->338899K(1546688K), 0.0045840 secs] [Times: user=0.02 sys=0.00, real=0.01 secs] 
7182.816: [GC 7182.816: [ParNew: 210285K->757K(235968K), 0.0049580 secs] 548686K->339203K(1546688K), 0.0052190 secs] [Times: user=0.02 sys=0.00, real=0.01 secs] 
7186.114: [GC 7186.114: [ParNew: 210549K->675K(235968K), 0.0049440 secs] 548995K->339156K(1546688K), 0.0051380 secs] [Times: user=0.02 sys=0.00, real=0.01 secs] 
7201.888: [GC 7201.888: [ParNew: 210467K->625K(235968K), 0.0041560 secs] 548948K->339142K(1546688K), 0.0044190 secs] [Times: user=0.02 sys=0.00, real=0.00 secs] 
7217.088: [GC 7217.088: [ParNew: 210417K->824K(235968K), 0.0047220 secs] 548934K->339381K(1546688K), 0.0049800 secs] [Times: user=0.02 sys=0.00, real=0.01 secs] 
7223.098: [GC 7223.099: [ParNew: 210616K->1045K(235968K), 0.0060280 secs] 549173K->339640K(1546688K), 0.0063000 secs] [Times: user=0.02 sys=0.00, real=0.01 secs] 
7243.634: [GC 7243.635: [ParNew: 210837K->514K(235968K), 0.0063400 secs] 549432K->339151K(1546688K), 0.0065450 secs] [Times: user=0.02 sys=0.00, real=0.01 secs] 
7248.752: [GC 7248.752: [ParNew: 210306K->915K(235968K), 0.0048990 secs] 548943K->339592K(1546688K), 0.0051330 secs] [Times: user=0.02 sys=0.00, real=0.01 secs] 
7270.026: [GC 7270.026: [ParNew: 210707K->597K(235968K), 0.0042190 secs] 549384K->339310K(1546688K), 0.0044070 secs] [Times: user=0.02 sys=0.01, real=0.00 secs] 
7278.416: [GC 7278.416: [ParNew: 210389K->519K(235968K), 0.0056230 secs] 549102K->339276K(1546688K), 0.0058470 secs] [Times: user=0.01 sys=0.00, real=0.01 secs] 
7284.830: [GC 7284.830: [ParNew: 210311K->667K(235968K), 0.0053760 secs] 549068K->339501K(1546688K), 0.0056770 secs] [Times: user=0.02 sys=0.00, real=0.00 secs] 
7305.353: [GC 7305.354: [ParNew: 210459K->965K(235968K), 0.0051480 secs] 549293K->339848K(1546688K), 0.0054110 secs] [Times: user=0.03 sys=0.00, real=0.01 secs] 
7314.272: [GC 7314.272: [ParNew: 210736K->1022K(235968K), 0.0048770 secs] 549619K->339941K(1546688K), 0.0051360 secs] [Times: user=0.02 sys=0.00, real=0.01 secs] 
7330.672: [GC 7330.672: [ParNew: 210760K->739K(235968K), 0.0045030 secs] 549680K->339690K(1546688K), 0.0046860 secs] [Times: user=0.02 sys=0.00, real=0.01 secs] 
7342.783: [GC 7342.783: [ParNew: 210428K->964K(235968K), 0.0037470 secs] 549379K->339946K(1546688K), 0.0039880 secs] [Times: user=0.02 sys=0.01, real=0.00 secs] 
7361.466: [GC 7361.466: [ParNew: 210707K->906K(235968K), 0.0044530 secs] 549688K->339929K(1546688K), 0.0047590 secs] [Times: user=0.02 sys=0.00, real=0.01 secs] 
7366.129: [GC 7366.129: [ParNew: 210698K->876K(235968K), 0.0077550 secs] 549721K->339955K(1546688K), 0.0080330 secs] [Times: user=0.02 sys=0.00, real=0.00 secs] 
7381.903: [GC 7381.903: [ParNew: 210668K->833K(235968K), 0.0052020 secs] 549747K->339955K(1546688K), 0.0054540 secs] [Times: user=0.02 sys=0.00, real=0.01 secs] 
7397.095: [GC 7397.096: [ParNew: 210625K->765K(235968K), 0.0038010 secs] 549747K->339927K(1546688K), 0.0040020 secs] [Times: user=0.02 sys=0.00, real=0.00 secs] 
7403.115: [GC 7403.116: [ParNew: 210510K->1291K(235968K), 0.0053390 secs] 549671K->340490K(1546688K), 0.0055390 secs] [Times: user=0.02 sys=0.00, real=0.00 secs] 
7422.882: [GC 7422.883: [ParNew: 211083K->828K(235968K), 0.0039930 secs] 550282K->340070K(1546688K), 0.0041960 secs] [Times: user=0.02 sys=0.00, real=0.00 secs] 
7428.767: [GC 7428.767: [ParNew: 210555K->789K(235968K), 0.0054550 secs] 549796K->340076K(1546688K), 0.0056450 secs] [Times: user=0.01 sys=0.00, real=0.01 secs] 
7450.041: [GC 7450.041: [ParNew: 210551K->972K(235968K), 0.0058270 secs] 549838K->340308K(1546688K), 0.0061810 secs] [Times: user=0.02 sys=0.00, real=0.01 secs] 
7457.799: [GC 7457.799: [ParNew: 210764K->697K(235968K), 0.0034990 secs] 550100K->340077K(1546688K), 0.0037550 secs] [Times: user=0.02 sys=0.00, real=0.01 secs] 
7464.835: [GC 7464.835: [ParNew: 210489K->524K(235968K), 0.0040370 secs] 549869K->339940K(1546688K), 0.0042360 secs] [Times: user=0.02 sys=0.00, real=0.00 secs] 
7483.692: [GC 7483.692: [ParNew: 210290K->629K(235968K), 0.0058140 secs] 549706K->340087K(1546688K), 0.0060150 secs] [Times: user=0.01 sys=0.00, real=0.00 secs] 
7494.291: [GC 7494.291: [ParNew: 210421K->622K(235968K), 0.0040340 secs] 549879K->340127K(1546688K), 0.0042380 secs] [Times: user=0.02 sys=0.01, real=0.00 secs] 
7510.689: [GC 7510.689: [ParNew: 210414K->1038K(235968K), 0.0058910 secs] 549919K->340587K(1546688K), 0.0060960 secs] [Times: user=0.01 sys=0.00, real=0.01 secs] 
7518.468: [GC 7518.468: [ParNew: 210830K->907K(235968K), 0.0053670 secs] 550379K->340500K(1546688K), 0.0055680 secs] [Times: user=0.02 sys=0.00, real=0.01 secs] 
7541.485: [GC 7541.485: [ParNew: 210695K->629K(235968K), 0.0124280 secs] 550287K->340274K(1546688K), 0.0126810 secs] [Times: user=0.03 sys=0.00, real=0.01 secs] 
7545.417: [GC 7545.417: [ParNew: 210421K->716K(235968K), 0.0047490 secs] 550066K->340403K(1546688K), 0.0049800 secs] [Times: user=0.02 sys=0.00, real=0.01 secs] 
7554.346: [GC 7554.347: [ParNew: 210492K->966K(235968K), 0.0533120 secs] 550179K->340709K(1546688K), 0.0536090 secs] [Times: user=0.05 sys=0.00, real=0.06 secs] 
7570.744: [GC 7570.744: [ParNew: 210752K->481K(235968K), 0.0067840 secs] 550495K->340363K(1546688K), 0.0070620 secs] [Times: user=0.01 sys=0.00, real=0.01 secs] 
7582.834: [GC 7582.834: [ParNew: 210260K->772K(235968K), 0.0091000 secs] 550142K->340704K(1546688K), 0.0093120 secs] [Times: user=0.01 sys=0.00, real=0.01 secs] 
7602.894: [GC 7602.894: [ParNew: 210564K->960K(235968K), 0.0068840 secs] 550496K->340935K(1546688K), 0.0070800 secs] [Times: user=0.01 sys=0.00, real=0.01 secs] 
7606.193: [GC 7606.194: [ParNew: 210752K->618K(235968K), 0.0044850 secs] 550727K->340629K(1546688K), 0.0046600 secs] [Times: user=0.02 sys=0.00, real=0.00 secs] 
7621.967: [GC 7621.967: [ParNew: 210410K->532K(235968K), 0.0073000 secs] 550421K->340580K(1546688K), 0.0075270 secs] [Times: user=0.02 sys=0.00, real=0.01 secs] 
7637.160: [GC 7637.160: [ParNew: 210324K->667K(235968K), 0.0045040 secs] 550372K->340754K(1546688K), 0.0047810 secs] [Times: user=0.02 sys=0.00, real=0.01 secs] 
7643.182: [GC 7643.182: [ParNew: 210459K->836K(235968K), 0.0048390 secs] 550546K->340965K(1546688K), 0.0051110 secs] [Times: user=0.02 sys=0.00, real=0.01 secs] 
7662.935: [GC 7662.935: [ParNew: 210628K->1112K(235968K), 0.0053880 secs] 550757K->341290K(1546688K), 0.0056590 secs] [Times: user=0.02 sys=0.00, real=0.00 secs] 
7668.820: [GC 7668.820: [ParNew: 210858K->1121K(235968K), 0.0058260 secs] 551037K->341348K(1546688K), 0.0060370 secs] [Times: user=0.02 sys=0.01, real=0.00 secs] 
7690.093: [GC 7690.093: [ParNew: 210901K->837K(235968K), 0.0048910 secs] 551128K->341112K(1546688K), 0.0050700 secs] [Times: user=0.02 sys=0.00, real=0.01 secs] 
7697.841: [GC 7697.841: [ParNew: 210629K->776K(235968K), 0.0046990 secs] 550904K->341160K(1546688K), 0.0048790 secs] [Times: user=0.02 sys=0.00, real=0.01 secs] 
7704.876: [GC 7704.876: [ParNew: 210515K->584K(235968K), 0.0044380 secs] 550900K->341041K(1546688K), 0.0048830 secs] [Times: user=0.02 sys=0.00, real=0.00 secs] 
7725.416: [GC 7725.416: [ParNew: 210376K->928K(235968K), 0.0052740 secs] 550833K->341438K(1546688K), 0.0054630 secs] [Times: user=0.02 sys=0.00, real=0.01 secs] 
7734.353: [GC 7734.353: [ParNew: 210720K->640K(235968K), 0.0047240 secs] 551230K->341201K(1546688K), 0.0049940 secs] [Times: user=0.02 sys=0.00, real=0.00 secs] 
7750.746: [GC 7750.746: [ParNew: 210432K->1211K(235968K), 0.0045370 secs] 550993K->341815K(1546688K), 0.0047400 secs] [Times: user=0.02 sys=0.00, real=0.01 secs] 
7758.515: [GC 7758.515: [ParNew: 210956K->577K(235968K), 0.0054830 secs] 551560K->341225K(1546688K), 0.0057550 secs] [Times: user=0.02 sys=0.00, real=0.01 secs] 
7781.572: [GC 7781.572: [ParNew: 210354K->656K(235968K), 0.0076000 secs] 551002K->341367K(1546688K), 0.0078880 secs] [Times: user=0.02 sys=0.00, real=0.00 secs] 
7785.471: [GC 7785.471: [ParNew: 210413K->678K(235968K), 0.0050740 secs] 551125K->341431K(1546688K), 0.0052750 secs] [Times: user=0.01 sys=0.00, real=0.01 secs] 
7801.968: [GC 7801.968: [ParNew: 210470K->831K(235968K), 0.0077530 secs] 551223K->341635K(1546688K), 0.0079230 secs] [Times: user=0.02 sys=0.00, real=0.01 secs] 
7817.168: [GC 7817.168: [ParNew: 210623K->1008K(235968K), 0.0057120 secs] 551427K->341851K(1546688K), 0.0059120 secs] [Times: user=0.02 sys=0.00, real=0.00 secs] 
7823.192: [GC 7823.192: [ParNew: 210800K->865K(235968K), 0.0053400 secs] 551643K->341752K(1546688K), 0.0055970 secs] [Times: user=0.01 sys=0.00, real=0.01 secs] 
7842.948: [GC 7842.948: [ParNew: 210657K->529K(235968K), 0.0042560 secs] 551544K->341447K(1546688K), 0.0044430 secs] [Times: user=0.02 sys=0.00, real=0.01 secs] 
7846.249: [GC 7846.249: [ParNew: 210295K->510K(235968K), 0.0047510 secs] 551213K->341473K(1546688K), 0.0050050 secs] [Times: user=0.02 sys=0.00, real=0.01 secs] 
7870.109: [GC 7870.109: [ParNew: 210302K->423K(235968K), 0.0037110 secs] 551265K->341433K(1546688K), 0.0039540 secs] [Times: user=0.02 sys=0.00, real=0.00 secs] 
7877.844: [GC 7877.845: [ParNew: 210215K->796K(235968K), 0.0035630 secs] 551225K->341838K(1546688K), 0.0038100 secs] [Times: user=0.02 sys=0.00, real=0.01 secs] 
7883.242: [GC 7883.242: [ParNew: 210588K->833K(235968K), 0.0074710 secs] 551630K->341924K(1546688K), 0.0076390 secs] [Times: user=0.01 sys=0.00, real=0.01 secs] 
7903.718: [GC 7903.719: [ParNew: 210625K->845K(235968K), 0.0182330 secs] 551716K->341985K(1546688K), 0.0184810 secs] [Times: user=0.05 sys=0.00, real=0.02 secs] 
7908.871: [GC 7908.871: [ParNew: 210617K->1010K(235968K), 0.0038920 secs] 551757K->342195K(1546688K), 0.0041430 secs] [Times: user=0.02 sys=0.00, real=0.01 secs] 
7930.136: [GC 7930.136: [ParNew: 210802K->1286K(235968K), 0.0041540 secs] 551987K->342525K(1546688K), 0.0044050 secs] [Times: user=0.02 sys=0.00, real=0.01 secs] 
7937.868: [GC 7937.868: [ParNew: 211078K->849K(235968K), 0.0049810 secs] 552317K->342135K(1546688K), 0.0052340 secs] [Times: user=0.01 sys=0.01, real=0.00 secs] 
7944.902: [GC 7944.902: [ParNew: 210641K->795K(235968K), 0.0037750 secs] 551927K->342238K(1546688K), 0.0040200 secs] [Times: user=0.02 sys=0.00, real=0.00 secs] 
7963.875: [GC 7963.876: [ParNew: 210563K->828K(235968K), 0.0055330 secs] 552007K->342326K(1546688K), 0.0057080 secs] [Times: user=0.02 sys=0.00, real=0.00 secs] 
7974.419: [GC 7974.420: [ParNew: 210620K->391K(235968K), 0.0196690 secs] 552118K->341951K(1546688K), 0.0199250 secs] [Times: user=0.03 sys=0.00, real=0.02 secs] 
7990.783: [GC 7990.783: [ParNew: 210183K->1056K(235968K), 0.0038230 secs] 551743K->342660K(1546688K), 0.0040840 secs] [Times: user=0.02 sys=0.00, real=0.00 secs] 
7998.540: [GC 7998.541: [ParNew: 210847K->817K(235968K), 0.0050530 secs] 552450K->342464K(1546688K), 0.0052470 secs] [Times: user=0.02 sys=0.00, real=0.00 secs] 
8021.613: [GC 8021.613: [ParNew: 210496K->590K(235968K), 0.0063940 secs] 552144K->342294K(1546688K), 0.0065960 secs] [Times: user=0.02 sys=0.00, real=0.01 secs] 
8025.504: [GC 8025.504: [ParNew: 210382K->846K(235968K), 0.0055960 secs] 552086K->342591K(1546688K), 0.0057520 secs] [Times: user=0.02 sys=0.00, real=0.00 secs] 
8034.493: [GC 8034.493: [ParNew: 210632K->599K(235968K), 0.0266440 secs] 552377K->342385K(1546688K), 0.0268770 secs] [Times: user=0.07 sys=0.00, real=0.02 secs] 
8057.203: [GC 8057.204: [ParNew: 210391K->576K(235968K), 0.0049320 secs] 552177K->342406K(1546688K), 0.0052030 secs] [Times: user=0.02 sys=0.00, real=0.01 secs] 
8063.237: [GC 8063.237: [ParNew: 210368K->434K(235968K), 0.0058410 secs] 552198K->342314K(1546688K), 0.0060070 secs] [Times: user=0.02 sys=0.00, real=0.01 secs] 
8082.988: [GC 8082.988: [ParNew: 210117K->903K(235968K), 0.0063020 secs] 551998K->342820K(1546688K), 0.0065160 secs] [Times: user=0.02 sys=0.00, real=0.00 secs] 
8086.285: [GC 8086.286: [ParNew: 210633K->966K(235968K), 0.0047890 secs] 552551K->342920K(1546688K), 0.0050250 secs] [Times: user=0.01 sys=0.00, real=0.00 secs] 
8102.054: [GC 8102.055: [ParNew: 210737K->739K(235968K), 0.0093650 secs] 552691K->342734K(1546688K), 0.0095150 secs] [Times: user=0.02 sys=0.00, real=0.01 secs] 
8117.505: [GC 8117.505: [ParNew: 210531K->381K(235968K), 0.0042520 secs] 552526K->342416K(1546688K), 0.0044720 secs] [Times: user=0.02 sys=0.00, real=0.01 secs] 
8123.289: [GC 8123.289: [ParNew: 210173K->503K(235968K), 0.0044820 secs] 552208K->342588K(1546688K), 0.0047150 secs] [Times: user=0.02 sys=0.00, real=0.00 secs] 
8143.765: [GC 8143.765: [ParNew: 210295K->749K(235968K), 0.0035450 secs] 552380K->342870K(1546688K), 0.0037970 secs] [Times: user=0.02 sys=0.01, real=0.01 secs] 
8148.922: [GC 8148.922: [ParNew: 210541K->724K(235968K), 0.0057250 secs] 552662K->342885K(1546688K), 0.0059660 secs] [Times: user=0.02 sys=0.00, real=0.01 secs] 
8170.183: [GC 8170.183: [ParNew: 210452K->924K(235968K), 0.0052140 secs] 552613K->343122K(1546688K), 0.0054330 secs] [Times: user=0.02 sys=0.00, real=0.00 secs] 
8177.911: [GC 8177.911: [ParNew: 210716K->1004K(235968K), 0.0061510 secs] 552914K->343245K(1546688K), 0.0063530 secs] [Times: user=0.01 sys=0.00, real=0.00 secs] 
8184.943: [GC 8184.943: [ParNew: 210796K->808K(235968K), 0.0050940 secs] 553037K->343099K(1546688K), 0.0053590 secs] [Times: user=0.02 sys=0.00, real=0.00 secs] 
8205.508: [GC 8205.509: [ParNew: 210597K->781K(235968K), 0.0079610 secs] 552889K->343127K(1546688K), 0.0082330 secs] [Times: user=0.02 sys=0.00, real=0.01 secs] 
8214.486: [GC 8214.486: [ParNew: 210573K->753K(235968K), 0.0113870 secs] 552919K->343312K(1546688K), 0.0116680 secs] [Times: user=0.03 sys=0.00, real=0.01 secs] 
8230.835: [GC 8230.835: [ParNew: 210545K->772K(235968K), 0.0036560 secs] 553104K->343369K(1546688K), 0.0039030 secs] [Times: user=0.02 sys=0.00, real=0.00 secs] 
8238.988: [GC 8238.988: [ParNew: 210564K->508K(235968K), 0.0033570 secs] 553161K->343148K(1546688K), 0.0035920 secs] [Times: user=0.02 sys=0.00, real=0.01 secs] 
8261.680: [GC 8261.681: [ParNew: 210258K->798K(235968K), 0.0036860 secs] 552898K->343474K(1546688K), 0.0039340 secs] [Times: user=0.02 sys=0.00, real=0.00 secs] 
8265.579: [GC 8265.579: [ParNew: 210508K->652K(235968K), 0.0056340 secs] 553185K->343383K(1546688K), 0.0057960 secs] [Times: user=0.01 sys=0.00, real=0.00 secs] 
8282.057: [GC 8282.057: [ParNew: 210444K->456K(235968K), 0.0069540 secs] 553175K->343237K(1546688K), 0.0071770 secs] [Times: user=0.02 sys=0.00, real=0.01 secs] 
8297.258: [GC 8297.258: [ParNew: 210177K->1157K(235968K), 0.0040720 secs] 552959K->343977K(1546688K), 0.0042670 secs] [Times: user=0.02 sys=0.00, real=0.01 secs] 
8303.298: [GC 8303.298: [ParNew: 210949K->681K(235968K), 0.0039740 secs] 553769K->343573K(1546688K), 0.0041650 secs] [Times: user=0.01 sys=0.00, real=0.01 secs] 
8323.039: [GC 8323.039: [ParNew: 210473K->643K(235968K), 0.0046820 secs] 553365K->343566K(1546688K), 0.0048930 secs] [Times: user=0.02 sys=0.00, real=0.00 secs] 
8326.459: [GC 8326.460: [ParNew: 210353K->406K(235968K), 0.0039960 secs] 553276K->343371K(1546688K), 0.0041800 secs] [Times: user=0.02 sys=0.00, real=0.00 secs] 
8350.196: [GC 8350.196: [ParNew: 210198K->579K(235968K), 0.0041680 secs] 553163K->343586K(1546688K), 0.0044220 secs] [Times: user=0.02 sys=0.00, real=0.00 secs] 
8357.912: [GC 8357.912: [ParNew: 210371K->459K(235968K), 0.0036600 secs] 553378K->343497K(1546688K), 0.0038910 secs] [Times: user=0.02 sys=0.00, real=0.00 secs] 
8364.946: [GC 8364.946: [ParNew: 210251K->948K(235968K), 0.0049350 secs] 553289K->344035K(1546688K), 0.0051900 secs] [Times: user=0.02 sys=0.00, real=0.01 secs] 
8383.802: [GC 8383.802: [ParNew: 210720K->603K(235968K), 0.0031070 secs] 553808K->343727K(1546688K), 0.0033300 secs] [Times: user=0.02 sys=0.00, real=0.00 secs] 
8388.973: [GC 8388.973: [ParNew: 210387K->578K(235968K), 0.0035550 secs] 553511K->343742K(1546688K), 0.0037930 secs] [Times: user=0.02 sys=0.00, real=0.01 secs] 
8410.245: [GC 8410.245: [ParNew: 210370K->903K(235968K), 0.0050610 secs] 553534K->344118K(1546688K), 0.0053070 secs] [Times: user=0.02 sys=0.00, real=0.00 secs] 
8418.580: [GC 8418.581: [ParNew: 210657K->698K(235968K), 0.0051650 secs] 553871K->343956K(1546688K), 0.0053970 secs] [Times: user=0.02 sys=0.00, real=0.01 secs] 
8441.678: [GC 8441.678: [ParNew: 210490K->881K(235968K), 0.0038580 secs] 553748K->344183K(1546688K), 0.0041040 secs] [Times: user=0.02 sys=0.00, real=0.01 secs] 
8445.613: [GC 8445.614: [ParNew: 210673K->632K(235968K), 0.0098780 secs] 553975K->343971K(1546688K), 0.0100700 secs] [Times: user=0.02 sys=0.00, real=0.01 secs] 
8454.556: [GC 8454.556: [ParNew: 210303K->921K(235968K), 0.0217120 secs] 553641K->344299K(1546688K), 0.0220120 secs] [Times: user=0.03 sys=0.00, real=0.03 secs] 
8471.016: [GC 8471.016: [ParNew: 210713K->896K(235968K), 0.0063110 secs] 554091K->344319K(1546688K), 0.0065430 secs] [Times: user=0.03 sys=0.01, real=0.00 secs] 
8482.957: [GC 8482.957: [ParNew: 210688K->661K(235968K), 0.0060550 secs] 554111K->344151K(1546688K), 0.0063730 secs] [Times: user=0.02 sys=0.00, real=0.01 secs] 
8503.051: [GC 8503.052: [ParNew: 210356K->773K(235968K), 0.0051870 secs] 553847K->344312K(1546688K), 0.0053620 secs] [Times: user=0.02 sys=0.00, real=0.00 secs] 
8506.476: [GC 8506.477: [ParNew: 210565K->883K(235968K), 0.0039240 secs] 554104K->344465K(1546688K), 0.0041570 secs] [Times: user=0.02 sys=0.00, real=0.01 secs] 
8522.121: [GC 8522.121: [ParNew: 210675K->602K(235968K), 0.0065680 secs] 554257K->344221K(1546688K), 0.0067390 secs] [Times: user=0.02 sys=0.00, real=0.01 secs] 
8537.327: [GC 8537.327: [ParNew: 210394K->799K(235968K), 0.0069910 secs] 554013K->344456K(1546688K), 0.0071530 secs] [Times: user=0.02 sys=0.00, real=0.01 secs] 
8543.372: [GC 8543.372: [ParNew: 210523K->750K(235968K), 0.0044340 secs] 554180K->344444K(1546688K), 0.0046840 secs] [Times: user=0.01 sys=0.00, real=0.01 secs] 
8563.806: [GC 8563.806: [ParNew: 210542K->728K(235968K), 0.0040400 secs] 554236K->344471K(1546688K), 0.0042980 secs] [Times: user=0.02 sys=0.00, real=0.01 secs] 
8568.983: [GC 8568.983: [ParNew: 210404K->749K(235968K), 0.0055160 secs] 554147K->344527K(1546688K), 0.0056820 secs] [Times: user=0.02 sys=0.00, real=0.01 secs] 
8590.264: [GC 8590.265: [ParNew: 210481K->767K(235968K), 0.0042420 secs] 554259K->344582K(1546688K), 0.0044830 secs] [Times: user=0.01 sys=0.00, real=0.01 secs] 
8597.975: [GC 8597.976: [ParNew: 210559K->723K(235968K), 0.0043600 secs] 554374K->344581K(1546688K), 0.0045280 secs] [Times: user=0.02 sys=0.00, real=0.00 secs] 
8605.003: [GC 8605.003: [ParNew: 210515K->730K(235968K), 0.0046800 secs] 554373K->344639K(1546688K), 0.0048490 secs] [Times: user=0.02 sys=0.00, real=0.00 secs] 
8625.628: [GC 8625.628: [ParNew: 210522K->450K(235968K), 0.0295710 secs] 554431K->344407K(1546688K), 0.0298380 secs] [Times: user=0.06 sys=0.01, real=0.03 secs] 
8634.567: [GC 8634.567: [ParNew: 210242K->1140K(235968K), 0.0058040 secs] 554199K->345146K(1546688K), 0.0060650 secs] [Times: user=0.02 sys=0.00, real=0.01 secs] 
8651.020: [GC 8651.020: [ParNew: 210932K->1014K(235968K), 0.0032020 secs] 554938K->345066K(1546688K), 0.0034220 secs] [Times: user=0.02 sys=0.00, real=0.00 secs] 
8658.622: [GC 8658.623: [ParNew: 210715K->1265K(235968K), 0.0032620 secs] 554767K->345361K(1546688K), 0.0035140 secs] [Times: user=0.02 sys=0.00, real=0.01 secs] 
8681.728: [GC 8681.728: [ParNew: 211057K->1096K(235968K), 0.0032040 secs] 555153K->345241K(1546688K), 0.0034400 secs] [Times: user=0.02 sys=0.00, real=0.01 secs] 
8685.673: [GC 8685.673: [ParNew: 210880K->1314K(235968K), 0.0044090 secs] 555025K->345511K(1546688K), 0.0046640 secs] [Times: user=0.01 sys=0.01, real=0.00 secs] 
8694.605: [GC 8694.605: [ParNew: 211098K->1144K(235968K), 0.0234760 secs] 555295K->345531K(1546688K), 0.0237690 secs] [Times: user=0.05 sys=0.00, real=0.03 secs] 
8711.065: [GC 8711.065: [ParNew: 210936K->1284K(235968K), 0.0060700 secs] 555323K->345721K(1546688K), 0.0062910 secs] [Times: user=0.02 sys=0.00, real=0.01 secs] 
8722.987: [GC 8722.987: [ParNew: 211051K->1149K(235968K), 0.0060360 secs] 555489K->345636K(1546688K), 0.0062350 secs] [Times: user=0.02 sys=0.00, real=0.00 secs] 
8743.099: [GC 8743.099: [ParNew: 210941K->1099K(235968K), 0.0051330 secs] 555428K->345630K(1546688K), 0.0054280 secs] [Times: user=0.02 sys=0.00, real=0.01 secs] 
8746.522: [GC 8746.522: [ParNew: 210891K->717K(235968K), 0.0061400 secs] 555422K->345464K(1546688K), 0.0064160 secs] [Times: user=0.02 sys=0.00, real=0.00 secs] 
8762.168: [GC 8762.168: [ParNew: 210509K->584K(235968K), 0.0051960 secs] 555256K->345398K(1546688K), 0.0054430 secs] [Times: user=0.02 sys=0.00, real=0.00 secs] 
8777.375: [GC 8777.375: [ParNew: 210376K->548K(235968K), 0.0055960 secs] 555190K->345401K(1546688K), 0.0057730 secs] [Times: user=0.01 sys=0.00, real=0.01 secs] 
8783.420: [GC 8783.420: [ParNew: 210340K->1262K(235968K), 0.0057600 secs] 555193K->346152K(1546688K), 0.0059870 secs] [Times: user=0.02 sys=0.00, real=0.01 secs] 
8803.836: [GC 8803.837: [ParNew: 211034K->790K(235968K), 0.0051610 secs] 555924K->345729K(1546688K), 0.0054450 secs] [Times: user=0.02 sys=0.00, real=0.01 secs] 
8809.027: [GC 8809.027: [ParNew: 210582K->840K(235968K), 0.0048070 secs] 555521K->345815K(1546688K), 0.0051030 secs] [Times: user=0.01 sys=0.00, real=0.01 secs] 
8830.308: [GC 8830.308: [ParNew: 210632K->1129K(235968K), 0.0038540 secs] 555607K->346146K(1546688K), 0.0041250 secs] [Times: user=0.02 sys=0.00, real=0.00 secs] 
8838.001: [GC 8838.001: [ParNew: 210921K->885K(235968K), 0.0041630 secs] 555938K->345956K(1546688K), 0.0044240 secs] [Times: user=0.02 sys=0.01, real=0.00 secs] 
8845.035: [GC 8845.036: [ParNew: 210677K->651K(235968K), 0.0049030 secs] 555748K->345889K(1546688K), 0.0053360 secs] [Times: user=0.01 sys=0.00, real=0.00 secs] 
8865.687: [GC 8865.687: [ParNew: 210443K->473K(235968K), 0.0127350 secs] 555681K->345761K(1546688K), 0.0130070 secs] [Times: user=0.01 sys=0.00, real=0.01 secs] 
8874.624: [GC 8874.624: [ParNew: 210265K->997K(235968K), 0.0052410 secs] 555553K->346327K(1546688K), 0.0055050 secs] [Times: user=0.02 sys=0.00, real=0.00 secs] 
8891.081: [GC 8891.081: [ParNew: 210789K->1204K(235968K), 0.0038070 secs] 556119K->346572K(1546688K), 0.0040620 secs] [Times: user=0.02 sys=0.01, real=0.00 secs] 
8902.992: [GC 8902.992: [ParNew: 210996K->469K(235968K), 0.0050230 secs] 556364K->345874K(1546688K), 0.0052560 secs] [Times: user=0.02 sys=0.00, real=0.01 secs] 
8921.792: [GC 8921.792: [ParNew: 210244K->708K(235968K), 0.0053450 secs] 555649K->346162K(1546688K), 0.0055620 secs] [Times: user=0.02 sys=0.00, real=0.01 secs] 
8926.533: [GC 8926.533: [ParNew: 210500K->742K(235968K), 0.0051930 secs] 555954K->346245K(1546688K), 0.0054240 secs] [Times: user=0.02 sys=0.01, real=0.00 secs] 
8942.179: [GC 8942.179: [ParNew: 210534K->718K(235968K), 0.0047230 secs] 556037K->346270K(1546688K), 0.0049480 secs] [Times: user=0.02 sys=0.00, real=0.01 secs] 
8957.390: [GC 8957.390: [ParNew: 210510K->978K(235968K), 0.0040410 secs] 556062K->346575K(1546688K), 0.0042840 secs] [Times: user=0.01 sys=0.00, real=0.00 secs] 
8963.440: [GC 8963.440: [ParNew: 210668K->913K(235968K), 0.0054540 secs] 556265K->346554K(1546688K), 0.0057130 secs] [Times: user=0.02 sys=0.00, real=0.00 secs] 
8983.300: [GC 8983.300: [ParNew: 210699K->712K(235968K), 0.0087100 secs] 556340K->346389K(1546688K), 0.0089830 secs] [Times: user=0.02 sys=0.00, real=0.01 secs] 
8989.041: [GC 8989.041: [ParNew: 210504K->684K(235968K), 0.0052820 secs] 556181K->346409K(1546688K), 0.0054550 secs] [Times: user=0.02 sys=0.00, real=0.01 secs] 
9010.324: [GC 9010.324: [ParNew: 210476K->896K(235968K), 0.0048590 secs] 556201K->346671K(1546688K), 0.0051170 secs] [Times: user=0.02 sys=0.00, real=0.01 secs] 
9018.007: [GC 9018.007: [ParNew: 210661K->711K(235968K), 0.0041540 secs] 556436K->346529K(1546688K), 0.0043240 secs] [Times: user=0.02 sys=0.00, real=0.01 secs] 
9025.042: [GC 9025.042: [ParNew: 210503K->553K(235968K), 0.0041090 secs] 556321K->346407K(1546688K), 0.0043540 secs] [Times: user=0.02 sys=0.00, real=0.01 secs] 
9043.899: [GC 9043.899: [ParNew: 210345K->588K(235968K), 0.0067060 secs] 556199K->346484K(1546688K), 0.0069050 secs] [Times: user=0.02 sys=0.00, real=0.01 secs] 
9049.103: [GC 9049.103: [ParNew: 210380K->813K(235968K), 0.0083830 secs] 556276K->346756K(1546688K), 0.0085780 secs] [Times: user=0.02 sys=0.01, real=0.01 secs] 
9071.095: [GC 9071.096: [ParNew: 210564K->934K(235968K), 0.0051260 secs] 556506K->346925K(1546688K), 0.0053200 secs] [Times: user=0.02 sys=0.00, real=0.01 secs] 
9078.677: [GC 9078.677: [ParNew: 210680K->754K(235968K), 0.0057680 secs] 556671K->346789K(1546688K), 0.0059610 secs] [Times: user=0.02 sys=0.01, real=0.01 secs] 
9101.807: [GC 9101.808: [ParNew: 210546K->1007K(235968K), 0.0050200 secs] 556581K->347114K(1546688K), 0.0052140 secs] [Times: user=0.02 sys=0.00, real=0.00 secs] 
9105.766: [GC 9105.766: [ParNew: 210784K->993K(235968K), 0.0042530 secs] 556891K->347137K(1546688K), 0.0044710 secs] [Times: user=0.01 sys=0.00, real=0.00 secs] 
9114.695: [GC 9114.695: [ParNew: 210785K->494K(235968K), 0.0043150 secs] 556929K->346679K(1546688K), 0.0045390 secs] [Times: user=0.02 sys=0.01, real=0.00 secs] 
9135.362: [GC 9135.362: [ParNew: 210286K->404K(235968K), 0.0050570 secs] 556471K->346632K(1546688K), 0.0053080 secs] [Times: user=0.02 sys=0.00, real=0.00 secs] 
9143.057: [GC 9143.058: [ParNew: 210173K->422K(235968K), 0.0039840 secs] 556401K->346699K(1546688K), 0.0042230 secs] [Times: user=0.02 sys=0.00, real=0.01 secs] 
9163.181: [GC 9163.181: [ParNew: 210099K->932K(235968K), 0.0045200 secs] 556377K->347253K(1546688K), 0.0047650 secs] [Times: user=0.02 sys=0.00, real=0.01 secs] 
9166.607: [GC 9166.607: [ParNew: 210724K->803K(235968K), 0.0042070 secs] 557045K->347171K(1546688K), 0.0043900 secs] [Times: user=0.02 sys=0.00, real=0.00 secs] 
9182.250: [GC 9182.250: [ParNew: 210575K->969K(235968K), 0.0042170 secs] 556943K->347373K(1546688K), 0.0044090 secs] [Times: user=0.01 sys=0.00, real=0.01 secs] 
9197.462: [GC 9197.462: [ParNew: 210761K->653K(235968K), 0.0032770 secs] 557165K->347096K(1546688K), 0.0035190 secs] [Times: user=0.02 sys=0.00, real=0.00 secs] 
9203.523: [GC 9203.523: [ParNew: 210445K->774K(235968K), 0.0260150 secs] 556888K->347262K(1546688K), 0.0263340 secs] [Times: user=0.02 sys=0.00, real=0.03 secs] 
9223.905: [GC 9223.905: [ParNew: 210566K->624K(235968K), 0.0084280 secs] 557054K->347148K(1546688K), 0.0086990 secs] [Times: user=0.01 sys=0.00, real=0.01 secs] 
9229.113: [GC 9229.113: [ParNew: 210355K->843K(235968K), 0.0084840 secs] 556879K->347414K(1546688K), 0.0087300 secs] [Times: user=0.02 sys=0.00, real=0.01 secs] 
9250.387: [GC 9250.388: [ParNew: 210635K->893K(235968K), 0.0049450 secs] 557206K->347500K(1546688K), 0.0051910 secs] [Times: user=0.01 sys=0.00, real=0.01 secs] 
9258.679: [GC 9258.679: [ParNew: 210678K->880K(235968K), 0.0043570 secs] 557285K->347525K(1546688K), 0.0046400 secs] [Times: user=0.01 sys=0.00, real=0.01 secs] 
9275.926: [GC 9275.926: [ParNew: 210672K->509K(235968K), 0.0047770 secs] 557317K->347203K(1546688K), 0.0050360 secs] [Times: user=0.02 sys=0.00, real=0.01 secs] 
9285.783: [GC 9285.783: [ParNew: 210294K->608K(235968K), 0.0117970 secs] 556987K->347343K(1546688K), 0.0120460 secs] [Times: user=0.03 sys=0.00, real=0.01 secs] 
9294.717: [GC 9294.717: [ParNew: 210400K->875K(235968K), 0.0048250 secs] 557135K->347658K(1546688K), 0.0050080 secs] [Times: user=0.02 sys=0.00, real=0.00 secs] 
9311.166: [GC 9311.166: [ParNew: 210667K->804K(235968K), 0.0039770 secs] 557450K->347631K(1546688K), 0.0042450 secs] [Times: user=0.02 sys=0.00, real=0.00 secs] 
9323.093: [GC 9323.094: [ParNew: 210499K->817K(235968K), 0.0167760 secs] 557325K->347685K(1546688K), 0.0171130 secs] [Times: user=0.04 sys=0.00, real=0.02 secs] 
9341.870: [GC 9341.870: [ParNew: 210599K->638K(235968K), 0.0063430 secs] 557467K->347556K(1546688K), 0.0065820 secs] [Times: user=0.02 sys=0.00, real=0.00 secs] 
9346.616: [GC 9346.617: [ParNew: 210355K->748K(235968K), 0.0066040 secs] 557273K->347714K(1546688K), 0.0067670 secs] [Times: user=0.02 sys=0.00, real=0.00 secs] 
9362.268: [GC 9362.268: [ParNew: 210534K->770K(235968K), 0.0040950 secs] 557501K->347778K(1546688K), 0.0043430 secs] [Times: user=0.02 sys=0.00, real=0.00 secs] 
9377.601: [GC 9377.601: [ParNew: 210562K->801K(235968K), 0.0039800 secs] 557570K->347848K(1546688K), 0.0041540 secs] [Times: user=0.01 sys=0.01, real=0.01 secs] 
9383.540: [GC 9383.541: [ParNew: 210593K->560K(235968K), 0.0411630 secs] 557640K->347649K(1546688K), 0.0414630 secs] [Times: user=0.07 sys=0.00, real=0.04 secs] 
9403.248: [GC 9403.248: [ParNew: 210351K->1081K(235968K), 0.0050150 secs] 557440K->348218K(1546688K), 0.0052770 secs] [Times: user=0.02 sys=0.00, real=0.00 secs] 
9409.122: [GC 9409.122: [ParNew: 210816K->962K(235968K), 0.0212500 secs] 557954K->348148K(1546688K), 0.0214820 secs] [Times: user=0.06 sys=0.01, real=0.02 secs] 
9430.408: [GC 9430.408: [ParNew: 210754K->999K(235968K), 0.0052510 secs] 557940K->348239K(1546688K), 0.0054220 secs] [Times: user=0.02 sys=0.00, real=0.01 secs] 
9438.069: [GC 9438.069: [ParNew: 210791K->932K(235968K), 0.0042230 secs] 558031K->348216K(1546688K), 0.0043880 secs] [Times: user=0.02 sys=0.00, real=0.01 secs] 
9445.105: [GC 9445.105: [ParNew: 210661K->945K(235968K), 0.0043580 secs] 557945K->348285K(1546688K), 0.0046580 secs] [Times: user=0.02 sys=0.00, real=0.00 secs] 
9465.810: [GC 9465.810: [ParNew: 210737K->345K(235968K), 0.0134200 secs] 558077K->347733K(1546688K), 0.0136170 secs] [Times: user=0.03 sys=0.00, real=0.01 secs] 
9474.738: [GC 9474.739: [ParNew: 210137K->797K(235968K), 0.0058760 secs] 557525K->348234K(1546688K), 0.0060440 secs] [Times: user=0.01 sys=0.00, real=0.00 secs] 
9491.180: [GC 9491.180: [ParNew: 210575K->1147K(235968K), 0.0041950 secs] 558012K->348628K(1546688K), 0.0044610 secs] [Times: user=0.02 sys=0.00, real=0.01 secs] 
9498.735: [GC 9498.735: [ParNew: 210909K->661K(235968K), 0.0053860 secs] 558389K->348185K(1546688K), 0.0055980 secs] [Times: user=0.02 sys=0.00, real=0.00 secs] 
9521.889: [GC 9521.889: [ParNew: 210381K->754K(235968K), 0.0033770 secs] 557905K->348315K(1546688K), 0.0036300 secs] [Times: user=0.02 sys=0.01, real=0.01 secs] 
9525.872: [GC 9525.872: [ParNew: 210461K->581K(235968K), 0.0063770 secs] 558022K->348206K(1546688K), 0.0065370 secs] [Times: user=0.01 sys=0.00, real=0.01 secs] 
9542.282: [GC 9542.283: [ParNew: 210321K->983K(235968K), 0.0036790 secs] 557946K->348657K(1546688K), 0.0039110 secs] [Times: user=0.02 sys=0.01, real=0.01 secs] 
9557.610: [GC 9557.610: [ParNew: 210775K->1140K(235968K), 0.0034840 secs] 558449K->348855K(1546688K), 0.0037280 secs] [Times: user=0.02 sys=0.00, real=0.01 secs] 
9563.584: [GC 9563.584: [ParNew: 210932K->793K(235968K), 0.0155230 secs] 558647K->348557K(1546688K), 0.0157660 secs] [Times: user=0.03 sys=0.00, real=0.01 secs] 
9583.266: [GC 9583.266: [ParNew: 210585K->900K(235968K), 0.0059010 secs] 558349K->348695K(1546688K), 0.0060930 secs] [Times: user=0.01 sys=0.00, real=0.01 secs] 
9586.688: [GC 9586.688: [ParNew: 210692K->488K(235968K), 0.0056800 secs] 558487K->348325K(1546688K), 0.0059070 secs] [Times: user=0.02 sys=0.00, real=0.01 secs] 
9602.339: [GC 9602.340: [ParNew: 210264K->719K(235968K), 0.0037860 secs] 558100K->348598K(1546688K), 0.0039960 secs] [Times: user=0.02 sys=0.00, real=0.00 secs] 
9618.077: [GC 9618.077: [ParNew: 210511K->648K(235968K), 0.0060930 secs] 558390K->348584K(1546688K), 0.0062640 secs] [Times: user=0.02 sys=0.00, real=0.00 secs] 
9625.109: [GC 9625.109: [ParNew: 210423K->688K(235968K), 0.0036350 secs] 558359K->348673K(1546688K), 0.0038690 secs] [Times: user=0.02 sys=0.00, real=0.01 secs] 
9643.968: [GC 9643.968: [ParNew: 210448K->681K(235968K), 0.0047330 secs] 558433K->348702K(1546688K), 0.0049630 secs] [Times: user=0.01 sys=0.00, real=0.01 secs] 
9649.199: [GC 9649.199: [ParNew: 210473K->706K(235968K), 0.0104020 secs] 558494K->348767K(1546688K), 0.0105740 secs] [Times: user=0.03 sys=0.00, real=0.01 secs] 
9670.479: [GC 9670.479: [ParNew: 210498K->691K(235968K), 0.0040430 secs] 558559K->348801K(1546688K), 0.0042820 secs] [Times: user=0.02 sys=0.00, real=0.00 secs] 
9678.742: [GC 9678.742: [ParNew: 210483K->1022K(235968K), 0.0056820 secs] 558593K->349175K(1546688K), 0.0058720 secs] [Times: user=0.02 sys=0.00, real=0.01 secs] 
9701.906: [GC 9701.906: [ParNew: 210814K->918K(235968K), 0.0052690 secs] 558967K->349144K(1546688K), 0.0054850 secs] [Times: user=0.02 sys=0.00, real=0.01 secs] 
9705.883: [GC 9705.883: [ParNew: 210710K->583K(235968K), 0.0102940 secs] 558936K->348844K(1546688K), 0.0105480 secs] [Times: user=0.03 sys=0.00, real=0.01 secs] 
9714.815: [GC 9714.815: [ParNew: 210375K->581K(235968K), 0.0041030 secs] 558636K->348890K(1546688K), 0.0043510 secs] [Times: user=0.02 sys=0.00, real=0.01 secs] 
9731.249: [GC 9731.250: [ParNew: 210373K->678K(235968K), 0.0168000 secs] 558682K->349031K(1546688K), 0.0171630 secs] [Times: user=0.03 sys=0.00, real=0.02 secs] 
9743.168: [GC 9743.168: [ParNew: 210457K->741K(235968K), 0.0151340 secs] 558810K->349132K(1546688K), 0.0153280 secs] [Times: user=0.03 sys=0.00, real=0.01 secs] 
9763.287: [GC 9763.287: [ParNew: 210533K->860K(235968K), 0.0069840 secs] 558924K->349299K(1546688K), 0.0072090 secs] [Times: user=0.02 sys=0.00, real=0.01 secs] 
9766.701: [GC 9766.702: [ParNew: 210625K->662K(235968K), 0.0065460 secs] 559064K->349137K(1546688K), 0.0067710 secs] [Times: user=0.01 sys=0.00, real=0.00 secs] 
9782.353: [GC 9782.353: [ParNew: 210340K->776K(235968K), 0.0071490 secs] 558815K->349288K(1546688K), 0.0073990 secs] [Times: user=0.02 sys=0.00, real=0.01 secs] 
9797.681: [GC 9797.681: [ParNew: 210462K->1060K(235968K), 0.0048020 secs] 558974K->349611K(1546688K), 0.0051870 secs] [Times: user=0.02 sys=0.00, real=0.01 secs] 
9803.696: [GC 9803.697: [ParNew: 210852K->316K(235968K), 0.0083460 secs] 559403K->348909K(1546688K), 0.0086370 secs] [Times: user=0.02 sys=0.00, real=0.01 secs] 
9823.342: [GC 9823.343: [ParNew: 210108K->578K(235968K), 0.0067120 secs] 558701K->349220K(1546688K), 0.0069390 secs] [Times: user=0.02 sys=0.00, real=0.00 secs] 
9829.222: [GC 9829.222: [ParNew: 210365K->747K(235968K), 0.0066980 secs] 559007K->349425K(1546688K), 0.0069820 secs] [Times: user=0.02 sys=0.00, real=0.00 secs] 
9850.494: [GC 9850.494: [ParNew: 210532K->794K(235968K), 0.0053190 secs] 559210K->349508K(1546688K), 0.0055860 secs] [Times: user=0.01 sys=0.00, real=0.01 secs] 
9858.135: [GC 9858.135: [ParNew: 210495K->665K(235968K), 0.0043470 secs] 559210K->349423K(1546688K), 0.0046020 secs] [Times: user=0.01 sys=0.00, real=0.01 secs] 
9865.169: [GC 9865.169: [ParNew: 210457K->562K(235968K), 0.0047670 secs] 559215K->349357K(1546688K), 0.0050010 secs] [Times: user=0.01 sys=0.00, real=0.00 secs] 
9885.883: [GC 9885.884: [ParNew: 210354K->771K(235968K), 0.0051230 secs] 559149K->349614K(1546688K), 0.0053930 secs] [Times: user=0.02 sys=0.00, real=0.00 secs] 
9894.832: [GC 9894.832: [ParNew: 210563K->1025K(235968K), 0.0070160 secs] 559406K->349917K(1546688K), 0.0072370 secs] [Times: user=0.03 sys=0.00, real=0.00 secs] 
9911.270: [GC 9911.270: [ParNew: 210811K->643K(235968K), 0.0179330 secs] 559703K->349566K(1546688K), 0.0181820 secs] [Times: user=0.03 sys=0.00, real=0.02 secs] 
9923.174: [GC 9923.174: [ParNew: 210433K->567K(235968K), 0.0201440 secs] 559356K->349533K(1546688K), 0.0204030 secs] [Times: user=0.04 sys=0.00, real=0.02 secs] 
9941.969: [GC 9941.969: [ParNew: 210359K->638K(235968K), 0.0043220 secs] 559325K->349669K(1546688K), 0.0045430 secs] [Times: user=0.02 sys=0.00, real=0.01 secs] 
9946.715: [GC 9946.716: [ParNew: 210430K->694K(235968K), 0.0071450 secs] 559461K->349773K(1546688K), 0.0073200 secs] [Times: user=0.02 sys=0.00, real=0.01 secs] 
9962.367: [GC 9962.367: [ParNew: 210486K->857K(235968K), 0.0075750 secs] 559565K->349993K(1546688K), 0.0077510 secs] [Times: user=0.02 sys=0.00, real=0.01 secs] 
9977.697: [GC 9977.697: [ParNew: 210567K->1089K(235968K), 0.0056160 secs] 559703K->350281K(1546688K), 0.0058640 secs] [Times: user=0.02 sys=0.00, real=0.01 secs] 
9983.680: [GC 9983.680: [ParNew: 210881K->899K(235968K), 0.0336940 secs] 560073K->350135K(1546688K), 0.0339620 secs] [Times: user=0.05 sys=0.00, real=0.03 secs] 
10003.358: [GC 10003.358: [ParNew: 210691K->710K(235968K), 0.0049640 secs] 559927K->349982K(1546688K), 0.0052350 secs] [Times: user=0.02 sys=0.00, real=0.00 secs] 
10009.241: [GC 10009.241: [ParNew: 210502K->444K(235968K), 0.0192610 secs] 559774K->349758K(1546688K), 0.0195050 secs] [Times: user=0.02 sys=0.00, real=0.02 secs] 
10030.512: [GC 10030.512: [ParNew: 210236K->821K(235968K), 0.0048990 secs] 559550K->350193K(1546688K), 0.0050940 secs] [Times: user=0.02 sys=0.00, real=0.00 secs] 
10038.143: [GC 10038.143: [ParNew: 210613K->1004K(235968K), 0.0039390 secs] 559985K->350412K(1546688K), 0.0041560 secs] [Times: user=0.02 sys=0.00, real=0.00 secs] 
10045.174: [GC 10045.174: [ParNew: 210796K->752K(235968K), 0.0072160 secs] 560204K->350208K(1546688K), 0.0074680 secs] [Times: user=0.01 sys=0.00, real=0.01 secs] 
10064.025: [GC 10064.025: [ParNew: 210508K->1049K(235968K), 0.0048600 secs] 559963K->350544K(1546688K), 0.0051200 secs] [Times: user=0.02 sys=0.01, real=0.00 secs] 
10069.294: [GC 10069.294: [ParNew: 210841K->807K(235968K), 0.0073430 secs] 560336K->350358K(1546688K), 0.0075890 secs] [Times: user=0.02 sys=0.00, real=0.00 secs] 
10090.564: [GC 10090.565: [ParNew: 210599K->597K(235968K), 0.0085850 secs] 560150K->350197K(1546688K), 0.0087710 secs] [Times: user=0.02 sys=0.00, real=0.01 secs] 
10098.792: [GC 10098.792: [ParNew: 210368K->967K(235968K), 0.0057990 secs] 559968K->350611K(1546688K), 0.0060330 secs] [Times: user=0.02 sys=0.00, real=0.01 secs] 
10121.993: [GC 10121.993: [ParNew: 210759K->972K(235968K), 0.0103190 secs] 560403K->350675K(1546688K), 0.0105610 secs] [Times: user=0.04 sys=0.00, real=0.01 secs] 
10125.945: [GC 10125.945: [ParNew: 210739K->817K(235968K), 0.0042650 secs] 560442K->350590K(1546688K), 0.0045190 secs] [Times: user=0.02 sys=0.00, real=0.00 secs] 
10134.899: [GC 10134.899: [ParNew: 210609K->731K(235968K), 0.0036530 secs] 560382K->350541K(1546688K), 0.0038670 secs] [Times: user=0.01 sys=0.00, real=0.01 secs] 
10151.334: [GC 10151.335: [ParNew: 210523K->847K(235968K), 0.0087630 secs] 560333K->350780K(1546688K), 0.0090030 secs] [Times: user=0.02 sys=0.00, real=0.01 secs] 
10163.224: [GC 10163.224: [ParNew: 210639K->865K(235968K), 0.0236130 secs] 560572K->350835K(1546688K), 0.0238910 secs] [Times: user=0.04 sys=0.00, real=0.02 secs] 
10183.365: [GC 10183.365: [ParNew: 210657K->627K(235968K), 0.0071380 secs] 560627K->350647K(1546688K), 0.0073880 secs] [Times: user=0.02 sys=0.00, real=0.01 secs] 
10186.776: [GC 10186.776: [ParNew: 210419K->761K(235968K), 0.0043540 secs] 560439K->350817K(1546688K), 0.0045610 secs] [Times: user=0.02 sys=0.00, real=0.00 secs] 
10202.428: [GC 10202.428: [ParNew: 210511K->769K(235968K), 0.0051220 secs] 560567K->350861K(1546688K), 0.0053470 secs] [Times: user=0.02 sys=0.00, real=0.01 secs] 
10217.758: [GC 10217.758: [ParNew: 210561K->771K(235968K), 0.0061890 secs] 560653K->350902K(1546688K), 0.0064400 secs] [Times: user=0.02 sys=0.00, real=0.01 secs] 
10223.764: [GC 10223.765: [ParNew: 210512K->478K(235968K), 0.0146990 secs] 560642K->350650K(1546688K), 0.0148720 secs] [Times: user=0.01 sys=0.00, real=0.02 secs] 
10243.429: [GC 10243.429: [ParNew: 210270K->727K(235968K), 0.0046030 secs] 560442K->350948K(1546688K), 0.0048260 secs] [Times: user=0.02 sys=0.00, real=0.00 secs] 
10249.310: [GC 10249.310: [ParNew: 210494K->936K(235968K), 0.0232800 secs] 560714K->351203K(1546688K), 0.0236010 secs] [Times: user=0.03 sys=0.00, real=0.02 secs] 
10270.570: [GC 10270.571: [ParNew: 210728K->560K(235968K), 0.0066230 secs] 560995K->350864K(1546688K), 0.0068890 secs] [Times: user=0.02 sys=0.00, real=0.01 secs] 
10278.188: [GC 10278.189: [ParNew: 210296K->930K(235968K), 0.0047840 secs] 560600K->351271K(1546688K), 0.0050490 secs] [Times: user=0.02 sys=0.00, real=0.01 secs] 
10285.219: [GC 10285.219: [ParNew: 210722K->696K(235968K), 0.0049510 secs] 561063K->351074K(1546688K), 0.0051270 secs] [Times: user=0.02 sys=0.00, real=0.00 secs] 
10305.957: [GC 10305.957: [ParNew: 210488K->745K(235968K), 0.0057940 secs] 560865K->351172K(1546688K), 0.0060820 secs] [Times: user=0.02 sys=0.00, real=0.00 secs] 
10314.918: [GC 10314.919: [ParNew: 210481K->969K(235968K), 0.0044380 secs] 560907K->351444K(1546688K), 0.0047010 secs] [Times: user=0.02 sys=0.00, real=0.00 secs] 
10331.358: [GC 10331.358: [ParNew: 210761K->733K(235968K), 0.0131380 secs] 561236K->351246K(1546688K), 0.0134280 secs] [Times: user=0.03 sys=0.00, real=0.02 secs] 
10343.226: [GC 10343.226: [ParNew: 210525K->592K(235968K), 0.0047490 secs] 561038K->351148K(1546688K), 0.0050160 secs] [Times: user=0.01 sys=0.00, real=0.01 secs] 
10362.054: [GC 10362.054: [ParNew: 210384K->445K(235968K), 0.0042420 secs] 560940K->351038K(1546688K), 0.0044920 secs] [Times: user=0.01 sys=0.00, real=0.01 secs] 
10366.794: [GC 10366.794: [ParNew: 210198K->953K(235968K), 0.0046410 secs] 560791K->351594K(1546688K), 0.0048530 secs] [Times: user=0.01 sys=0.00, real=0.01 secs] 
10382.444: [GC 10382.444: [ParNew: 210704K->1135K(235968K), 0.0062460 secs] 561345K->351831K(1546688K), 0.0064980 secs] [Times: user=0.01 sys=0.00, real=0.00 secs] 
10397.778: [GC 10397.779: [ParNew: 210927K->632K(235968K), 0.0040070 secs] 561623K->351379K(1546688K), 0.0042640 secs] [Times: user=0.02 sys=0.00, real=0.01 secs] 
10403.783: [GC 10403.783: [ParNew: 210424K->600K(235968K), 0.0147660 secs] 561171K->351391K(1546688K), 0.0150430 secs] [Times: user=0.02 sys=0.00, real=0.01 secs] 
10423.436: [GC 10423.436: [ParNew: 210392K->608K(235968K), 0.0041390 secs] 561183K->351435K(1546688K), 0.0043560 secs] [Times: user=0.02 sys=0.00, real=0.01 secs] 
10427.879: [GC 10427.879: [ParNew: 210400K->478K(235968K), 0.0054410 secs] 561227K->351352K(1546688K), 0.0057080 secs] [Times: user=0.02 sys=0.00, real=0.00 secs] 
10450.583: [GC 10450.583: [ParNew: 210191K->626K(235968K), 0.0050870 secs] 561066K->351555K(1546688K), 0.0053580 secs] [Times: user=0.02 sys=0.00, real=0.00 secs] 
10458.200: [GC 10458.201: [ParNew: 210398K->689K(235968K), 0.0041720 secs] 561326K->351667K(1546688K), 0.0044210 secs] [Times: user=0.02 sys=0.00, real=0.01 secs] 
10465.223: [GC 10465.223: [ParNew: 210481K->1091K(235968K), 0.0035840 secs] 561459K->352119K(1546688K), 0.0038140 secs] [Times: user=0.02 sys=0.00, real=0.00 secs] 
10484.080: [GC 10484.080: [ParNew: 210883K->578K(235968K), 0.0049360 secs] 561911K->351643K(1546688K), 0.0051220 secs] [Times: user=0.01 sys=0.00, real=0.00 secs] 
10489.375: [GC 10489.375: [ParNew: 210265K->708K(235968K), 0.0149300 secs] 561329K->351815K(1546688K), 0.0151990 secs] [Times: user=0.03 sys=0.00, real=0.02 secs] 
10510.633: [GC 10510.633: [ParNew: 210458K->887K(235968K), 0.0066320 secs] 561564K->352043K(1546688K), 0.0068260 secs] [Times: user=0.02 sys=0.00, real=0.01 secs] 
10518.849: [GC 10518.849: [ParNew: 210679K->689K(235968K), 0.0052810 secs] 561835K->351914K(1546688K), 0.0055170 secs] [Times: user=0.01 sys=0.00, real=0.01 secs] 
10528.196: [GC 10528.196: [ParNew: 210481K->565K(235968K), 0.0036250 secs] 561706K->351839K(1546688K), 0.0038630 secs] [Times: user=0.02 sys=0.00, real=0.00 secs] 
10546.009: [GC 10546.009: [ParNew: 210357K->806K(235968K), 0.0049130 secs] 561631K->352122K(1546688K), 0.0051760 secs] [Times: user=0.02 sys=0.00, real=0.00 secs] 
10554.971: [GC 10554.971: [ParNew: 210598K->1424K(235968K), 0.0050730 secs] 561914K->352795K(1546688K), 0.0053290 secs] [Times: user=0.02 sys=0.00, real=0.00 secs] 
10571.399: [GC 10571.399: [ParNew: 211216K->687K(235968K), 0.0133250 secs] 562587K->352107K(1546688K), 0.0135920 secs] [Times: user=0.02 sys=0.00, real=0.01 secs] 
10583.258: [GC 10583.258: [ParNew: 210477K->1171K(235968K), 0.0044730 secs] 561897K->352637K(1546688K), 0.0047170 secs] [Times: user=0.02 sys=0.00, real=0.01 secs] 
10602.117: [GC 10602.117: [ParNew: 210963K->845K(235968K), 0.0107770 secs] 562429K->352357K(1546688K), 0.0109930 secs] [Times: user=0.03 sys=0.00, real=0.01 secs] 
10606.840: [GC 10606.840: [ParNew: 210637K->468K(235968K), 0.0039070 secs] 562149K->352168K(1546688K), 0.0041570 secs] [Times: user=0.01 sys=0.00, real=0.00 secs] 
10622.489: [GC 10622.489: [ParNew: 210260K->1062K(235968K), 0.0047560 secs] 561960K->352811K(1546688K), 0.0049320 secs] [Times: user=0.02 sys=0.00, real=0.00 secs] 
10637.829: [GC 10637.829: [ParNew: 210854K->852K(235968K), 0.0057760 secs] 562603K->352646K(1546688K), 0.0059560 secs] [Times: user=0.02 sys=0.00, real=0.01 secs] 
10643.826: [GC 10643.826: [ParNew: 210644K->757K(235968K), 0.0064750 secs] 562438K->352595K(1546688K), 0.0067290 secs] [Times: user=0.02 sys=0.00, real=0.01 secs] 
10663.489: [GC 10663.489: [ParNew: 210549K->877K(235968K), 0.0046660 secs] 562387K->352750K(1546688K), 0.0048360 secs] [Times: user=0.02 sys=0.00, real=0.01 secs] 
10669.370: [GC 10669.370: [ParNew: 210669K->566K(235968K), 0.0046970 secs] 562542K->352487K(1546688K), 0.0049350 secs] [Times: user=0.02 sys=0.00, real=0.00 secs] 
10690.635: [GC 10690.635: [ParNew: 210358K->930K(235968K), 0.0040050 secs] 562279K->352903K(1546688K), 0.0042490 secs] [Times: user=0.02 sys=0.00, real=0.01 secs] 
10698.233: [GC 10698.233: [ParNew: 210722K->627K(235968K), 0.0040450 secs] 562695K->352644K(1546688K), 0.0042190 secs] [Times: user=0.01 sys=0.00, real=0.01 secs] 
10705.262: [GC 10705.262: [ParNew: 210389K->517K(235968K), 0.0036350 secs] 562406K->352570K(1546688K), 0.0038450 secs] [Times: user=0.02 sys=0.00, real=0.01 secs] 
10724.124: [GC 10724.124: [ParNew: 210307K->844K(235968K), 0.0052670 secs] 562360K->352938K(1546688K), 0.0054590 secs] [Times: user=0.02 sys=0.00, real=0.00 secs] 
10729.428: [GC 10729.429: [ParNew: 210525K->459K(235968K), 0.0146510 secs] 562620K->352595K(1546688K), 0.0151450 secs] [Times: user=0.03 sys=0.00, real=0.02 secs] 
10751.420: [GC 10751.420: [ParNew: 210251K->748K(235968K), 0.0194040 secs] 562387K->352932K(1546688K), 0.0196680 secs] [Times: user=0.03 sys=0.01, real=0.02 secs] 
10758.885: [GC 10758.885: [ParNew: 210499K->996K(235968K), 0.0216820 secs] 562684K->353224K(1546688K), 0.0219420 secs] [Times: user=0.06 sys=0.00, real=0.02 secs] 
10765.292: [GC 10765.292: [ParNew: 210788K->1563K(235968K), 0.0045380 secs] 563016K->353840K(1546688K), 0.0047760 secs] [Times: user=0.02 sys=0.00, real=0.01 secs] 
10786.043: [GC 10786.043: [ParNew: 211353K->1800K(235968K), 0.0046280 secs] 563630K->354126K(1546688K), 0.0048830 secs] [Times: user=0.02 sys=0.00, real=0.00 secs] 
10795.021: [GC 10795.021: [ParNew: 211535K->2336K(235968K), 0.0050110 secs] 563861K->354717K(1546688K), 0.0052290 secs] [Times: user=0.03 sys=0.00, real=0.00 secs] 
10811.441: [GC 10811.441: [ParNew: 212128K->1928K(235968K), 0.0071340 secs] 564509K->354376K(1546688K), 0.0073810 secs] [Times: user=0.02 sys=0.00, real=0.01 secs] 
10818.903: [GC 10818.903: [ParNew: 211675K->1306K(235968K), 0.0041220 secs] 564123K->354452K(1546688K), 0.0043650 secs] [Times: user=0.02 sys=0.00, real=0.01 secs] 
10842.161: [GC 10842.161: [ParNew: 211098K->777K(235968K), 0.0143340 secs] 564244K->353965K(1546688K), 0.0145470 secs] [Times: user=0.03 sys=0.00, real=0.02 secs] 
10846.089: [GC 10846.090: [ParNew: 210546K->650K(235968K), 0.0051330 secs] 563734K->353892K(1546688K), 0.0053610 secs] [Times: user=0.02 sys=0.00, real=0.01 secs] 
10862.653: [GC 10862.653: [ParNew: 210442K->748K(235968K), 0.0037580 secs] 563684K->354130K(1546688K), 0.0039560 secs] [Times: user=0.02 sys=0.00, real=0.00 secs] 
10877.864: [GC 10877.864: [ParNew: 210540K->1114K(235968K), 0.0042230 secs] 563922K->354535K(1546688K), 0.0044840 secs] [Times: user=0.03 sys=0.00, real=0.01 secs] 
10883.865: [GC 10883.865: [ParNew: 210906K->898K(235968K), 0.0094150 secs] 564327K->354390K(1546688K), 0.0096730 secs] [Times: user=0.03 sys=0.00, real=0.01 secs] 
10903.523: [GC 10903.523: [ParNew: 210651K->1147K(235968K), 0.0049020 secs] 564144K->354670K(1546688K), 0.0051660 secs] [Times: user=0.02 sys=0.00, real=0.00 secs] 
10906.926: [GC 10906.927: [ParNew: 210939K->741K(235968K), 0.0047160 secs] 564462K->354305K(1546688K), 0.0049420 secs] [Times: user=0.01 sys=0.00, real=0.01 secs] 
10922.711: [GC 10922.711: [ParNew: 210533K->510K(235968K), 0.0247120 secs] 564097K->354118K(1546688K), 0.0249760 secs] [Times: user=0.03 sys=0.00, real=0.02 secs] 
10938.257: [GC 10938.258: [ParNew: 210179K->971K(235968K), 0.0052060 secs] 563787K->354628K(1546688K), 0.0053950 secs] [Times: user=0.02 sys=0.00, real=0.00 secs] 
10943.921: [GC 10943.921: [ParNew: 210640K->732K(235968K), 0.0042650 secs] 564296K->354438K(1546688K), 0.0044470 secs] [Times: user=0.02 sys=0.00, real=0.01 secs] 
10964.145: [GC 10964.145: [ParNew: 210524K->712K(235968K), 0.0047910 secs] 564230K->354454K(1546688K), 0.0049800 secs] [Times: user=0.02 sys=0.00, real=0.00 secs] 
10969.457: [GC 10969.457: [ParNew: 210504K->893K(235968K), 0.0058100 secs] 564246K->354671K(1546688K), 0.0059940 secs] [Times: user=0.02 sys=0.00, real=0.01 secs] 
10990.724: [GC 10990.724: [ParNew: 210654K->1018K(235968K), 0.0039450 secs] 564431K->354844K(1546688K), 0.0041690 secs] [Times: user=0.02 sys=0.00, real=0.01 secs] 
10998.910: [GC 10998.910: [ParNew: 210765K->1009K(235968K), 0.0043460 secs] 564591K->354958K(1546688K), 0.0045990 secs] [Times: user=0.02 sys=0.00, real=0.00 secs] 
11022.181: [GC 11022.181: [ParNew: 210801K->792K(235968K), 0.0232780 secs] 564750K->354790K(1546688K), 0.0235630 secs] [Times: user=0.02 sys=0.00, real=0.03 secs] 
11026.100: [GC 11026.101: [ParNew: 210584K->599K(235968K), 0.0046780 secs] 564582K->354633K(1546688K), 0.0048540 secs] [Times: user=0.02 sys=0.00, real=0.01 secs] 
11035.087: [GC 11035.087: [ParNew: 210271K->699K(235968K), 0.0041410 secs] 564305K->354770K(1546688K), 0.0043280 secs] [Times: user=0.02 sys=0.00, real=0.01 secs] 
11051.505: [GC 11051.506: [ParNew: 210484K->806K(235968K), 0.0077510 secs] 564554K->354920K(1546688K), 0.0079470 secs] [Times: user=0.02 sys=0.00, real=0.01 secs] 
11063.334: [GC 11063.334: [ParNew: 210565K->887K(235968K), 0.0045880 secs] 564679K->355038K(1546688K), 0.0047790 secs] [Times: user=0.02 sys=0.00, real=0.01 secs] 
11083.529: [GC 11083.529: [ParNew: 210629K->570K(235968K), 0.0187780 secs] 564780K->354770K(1546688K), 0.0190380 secs] [Times: user=0.03 sys=0.00, real=0.02 secs] 
11086.943: [GC 11086.943: [ParNew: 210362K->544K(235968K), 0.0055630 secs] 564562K->354780K(1546688K), 0.0057690 secs] [Times: user=0.02 sys=0.00, real=0.01 secs] 
11102.716: [GC 11102.716: [ParNew: 210336K->766K(235968K), 0.0472990 secs] 564572K->355038K(1546688K), 0.0475700 secs] [Times: user=0.05 sys=0.00, real=0.05 secs] 
11117.934: [GC 11117.934: [ParNew: 210558K->770K(235968K), 0.0072410 secs] 564830K->355081K(1546688K), 0.0074430 secs] [Times: user=0.02 sys=0.00, real=0.01 secs] 
11123.938: [GC 11123.938: [ParNew: 210562K->717K(235968K), 0.0062790 secs] 564873K->355064K(1546688K), 0.0064660 secs] [Times: user=0.02 sys=0.00, real=0.00 secs] 
11143.590: [GC 11143.590: [ParNew: 210509K->810K(235968K), 0.0061850 secs] 564856K->355206K(1546688K), 0.0063820 secs] [Times: user=0.02 sys=0.00, real=0.01 secs] 
11149.465: [GC 11149.465: [ParNew: 210602K->777K(235968K), 0.0048040 secs] 564998K->355220K(1546688K), 0.0049960 secs] [Times: user=0.02 sys=0.00, real=0.00 secs] 
11170.734: [GC 11170.735: [ParNew: 210542K->654K(235968K), 0.0071020 secs] 564985K->355133K(1546688K), 0.0073070 secs] [Times: user=0.01 sys=0.00, real=0.01 secs] 
11178.317: [GC 11178.317: [ParNew: 210440K->559K(235968K), 0.0047520 secs] 564919K->355081K(1546688K), 0.0049440 secs] [Times: user=0.01 sys=0.00, real=0.01 secs] 
11185.339: [GC 11185.339: [ParNew: 210351K->613K(235968K), 0.0042460 secs] 564873K->355171K(1546688K), 0.0044440 secs] [Times: user=0.02 sys=0.00, real=0.00 secs] 
11206.114: [GC 11206.114: [ParNew: 210405K->618K(235968K), 0.0080910 secs] 564963K->355225K(1546688K), 0.0082760 secs] [Times: user=0.01 sys=0.00, real=0.00 secs] 
11215.109: [GC 11215.109: [ParNew: 210410K->1088K(235968K), 0.0048050 secs] 565017K->355745K(1546688K), 0.0050290 secs] [Times: user=0.02 sys=0.00, real=0.01 secs] 
11231.523: [GC 11231.523: [ParNew: 210880K->1292K(235968K), 0.0048030 secs] 565537K->355985K(1546688K), 0.0050680 secs] [Times: user=0.02 sys=0.00, real=0.00 secs] 
11243.341: [GC 11243.341: [ParNew: 211010K->469K(235968K), 0.0056180 secs] 565704K->355206K(1546688K), 0.0058510 secs] [Times: user=0.01 sys=0.00, real=0.00 secs] 
11262.273: [GC 11262.273: [ParNew: 210258K->621K(235968K), 0.0074180 secs] 564995K->355395K(1546688K), 0.0076880 secs] [Times: user=0.02 sys=0.00, real=0.01 secs] 
11266.958: [GC 11266.958: [ParNew: 210413K->756K(235968K), 0.0056640 secs] 565187K->355578K(1546688K), 0.0058820 secs] [Times: user=0.02 sys=0.00, real=0.00 secs] 
11282.735: [GC 11282.735: [ParNew: 210543K->754K(235968K), 0.0142870 secs] 565365K->355626K(1546688K), 0.0145740 secs] [Times: user=0.03 sys=0.00, real=0.01 secs] 
11297.952: [GC 11297.952: [ParNew: 210546K->1059K(235968K), 0.0064320 secs] 565418K->355982K(1546688K), 0.0066130 secs] [Times: user=0.02 sys=0.00, real=0.00 secs] 
11303.980: [GC 11303.980: [ParNew: 210805K->855K(235968K), 0.0377250 secs] 565728K->355824K(1546688K), 0.0380210 secs] [Times: user=0.06 sys=0.00, real=0.03 secs] 
11323.604: [GC 11323.605: [ParNew: 210647K->715K(235968K), 0.0062170 secs] 565616K->355720K(1546688K), 0.0064630 secs] [Times: user=0.01 sys=0.00, real=0.01 secs] 
11328.025: [GC 11328.025: [ParNew: 210507K->425K(235968K), 0.0040810 secs] 565512K->355471K(1546688K), 0.0042980 secs] [Times: user=0.02 sys=0.01, real=0.00 secs] 
11350.751: [GC 11350.751: [ParNew: 210217K->712K(235968K), 0.0046720 secs] 565263K->355812K(1546688K), 0.0049100 secs] [Times: user=0.02 sys=0.00, real=0.01 secs] 
11358.318: [GC 11358.318: [ParNew: 210504K->567K(235968K), 0.0075440 secs] 565604K->355704K(1546688K), 0.0077490 secs] [Times: user=0.01 sys=0.00, real=0.01 secs] 
11365.347: [GC 11365.347: [ParNew: 210359K->503K(235968K), 0.0032230 secs] 565496K->355683K(1546688K), 0.0034510 secs] [Times: user=0.01 sys=0.00, real=0.01 secs] 
11384.215: [GC 11384.215: [ParNew: 210278K->634K(235968K), 0.0062440 secs] 565458K->355850K(1546688K), 0.0064930 secs] [Times: user=0.02 sys=0.00, real=0.01 secs] 
11389.538: [GC 11389.539: [ParNew: 210358K->668K(235968K), 0.0056870 secs] 565574K->355926K(1546688K), 0.0058580 secs] [Times: user=0.02 sys=0.00, real=0.00 secs] 
11411.537: [GC 11411.537: [ParNew: 210460K->489K(235968K), 0.0039910 secs] 565718K->355796K(1546688K), 0.0042130 secs] [Times: user=0.02 sys=0.00, real=0.00 secs] 
11418.972: [GC 11418.972: [ParNew: 210192K->697K(235968K), 0.0038640 secs] 565498K->356048K(1546688K), 0.0040990 secs] [Times: user=0.02 sys=0.00, real=0.00 secs] 
11442.286: [GC 11442.287: [ParNew: 210458K->994K(235968K), 0.0068100 secs] 565808K->356388K(1546688K), 0.0071070 secs] [Times: user=0.01 sys=0.00, real=0.01 secs] 
11446.186: [GC 11446.186: [ParNew: 210739K->959K(235968K), 0.0047160 secs] 566134K->356389K(1546688K), 0.0049830 secs] [Times: user=0.01 sys=0.00, real=0.01 secs] 
11455.186: [GC 11455.186: [ParNew: 210738K->613K(235968K), 0.0080980 secs] 566168K->356088K(1546688K), 0.0082840 secs] [Times: user=0.02 sys=0.00, real=0.00 secs] 
11471.585: [GC 11471.586: [ParNew: 210405K->681K(235968K), 0.0044300 secs] 565880K->356200K(1546688K), 0.0046270 secs] [Times: user=0.02 sys=0.00, real=0.00 secs] 
11483.396: [GC 11483.396: [ParNew: 210371K->651K(235968K), 0.0062820 secs] 565890K->356306K(1546688K), 0.0064570 secs] [Times: user=0.02 sys=0.00, real=0.01 secs] 
11503.617: [GC 11503.618: [ParNew: 210443K->534K(235968K), 0.0264360 secs] 566098K->356236K(1546688K), 0.0266790 secs] [Times: user=0.05 sys=0.00, real=0.03 secs] 
11507.138: [GC 11507.138: [ParNew: 210326K->703K(235968K), 0.0049440 secs] 566028K->356441K(1546688K), 0.0051360 secs] [Times: user=0.02 sys=0.00, real=0.00 secs] 
11522.841: [GC 11522.841: [ParNew: 210495K->821K(235968K), 0.0254710 secs] 566233K->356595K(1546688K), 0.0257860 secs] [Times: user=0.02 sys=0.00, real=0.03 secs] 
11538.016: [GC 11538.016: [ParNew: 210613K->709K(235968K), 0.0056350 secs] 566387K->356522K(1546688K), 0.0059150 secs] [Times: user=0.01 sys=0.00, real=0.00 secs] 
11544.036: [GC 11544.036: [ParNew: 210501K->655K(235968K), 0.0079530 secs] 566314K->356504K(1546688K), 0.0082100 secs] [Times: user=0.01 sys=0.00, real=0.01 secs] 
11563.675: [GC 11563.675: [ParNew: 210408K->974K(235968K), 0.0042850 secs] 566258K->356872K(1546688K), 0.0045500 secs] [Times: user=0.02 sys=0.01, real=0.01 secs] 
11569.543: [GC 11569.543: [ParNew: 210764K->832K(235968K), 0.0040370 secs] 566663K->356773K(1546688K), 0.0042910 secs] [Times: user=0.02 sys=0.00, real=0.01 secs] 
11590.814: [GC 11590.814: [ParNew: 210624K->687K(235968K), 0.0061250 secs] 566565K->356745K(1546688K), 0.0063780 secs] [Times: user=0.02 sys=0.00, real=0.00 secs] 
11598.366: [GC 11598.366: [ParNew: 210479K->740K(235968K), 0.0050460 secs] 566537K->356842K(1546688K), 0.0052340 secs] [Times: user=0.02 sys=0.00, real=0.00 secs] 
11605.394: [GC 11605.394: [ParNew: 210423K->920K(235968K), 0.0116780 secs] 566525K->357058K(1546688K), 0.0118620 secs] [Times: user=0.04 sys=0.00, real=0.01 secs] 
11626.190: [GC 11626.191: [ParNew: 210712K->478K(235968K), 0.0063690 secs] 566850K->356667K(1546688K), 0.0066560 secs] [Times: user=0.02 sys=0.00, real=0.00 secs] 
11635.200: [GC 11635.200: [ParNew: 210230K->1423K(235968K), 0.0060690 secs] 566420K->357697K(1546688K), 0.0062980 secs] [Times: user=0.03 sys=0.00, real=0.00 secs] 
11651.596: [GC 11651.596: [ParNew: 211215K->667K(235968K), 0.0039050 secs] 567489K->356978K(1546688K), 0.0041630 secs] [Times: user=0.02 sys=0.00, real=0.00 secs] 
11663.396: [GC 11663.397: [ParNew: 210459K->647K(235968K), 0.0053580 secs] 566770K->357002K(1546688K), 0.0056270 secs] [Times: user=0.02 sys=0.00, real=0.00 secs] 
11682.364: [GC 11682.364: [ParNew: 210439K->544K(235968K), 0.0150970 secs] 566794K->356935K(1546688K), 0.0154630 secs] [Times: user=0.02 sys=0.00, real=0.02 secs] 
11687.032: [GC 11687.032: [ParNew: 210336K->757K(235968K), 0.0062440 secs] 566727K->357195K(1546688K), 0.0065030 secs] [Times: user=0.02 sys=0.00, real=0.01 secs] 
11702.835: [GC 11702.835: [ParNew: 210549K->447K(235968K), 0.0411590 secs] 566987K->356935K(1546688K), 0.0418270 secs] [Times: user=0.05 sys=0.01, real=0.05 secs] 
11718.030: [GC 11718.031: [ParNew: 210239K->1013K(235968K), 0.0075040 secs] 566727K->357542K(1546688K), 0.0077490 secs] [Times: user=0.02 sys=0.00, real=0.01 secs] 
11724.063: [GC 11724.063: [ParNew: 210764K->1043K(235968K), 0.0068500 secs] 567293K->357616K(1546688K), 0.0071220 secs] [Times: user=0.02 sys=0.00, real=0.00 secs] 
11743.696: [GC 11743.697: [ParNew: 210835K->698K(235968K), 0.0067360 secs] 567408K->357308K(1546688K), 0.0069910 secs] [Times: user=0.02 sys=0.00, real=0.01 secs] 
11747.084: [GC 11747.084: [ParNew: 210490K->675K(235968K), 0.0045920 secs] 567100K->357331K(1546688K), 0.0048030 secs] [Times: user=0.02 sys=0.00, real=0.00 secs] 
11770.829: [GC 11770.829: [ParNew: 210467K->961K(235968K), 0.0046630 secs] 567123K->357664K(1546688K), 0.0048940 secs] [Times: user=0.02 sys=0.00, real=0.00 secs] 
11778.375: [GC 11778.375: [ParNew: 210753K->624K(235968K), 0.0056040 secs] 567456K->357364K(1546688K), 0.0057790 secs] [Times: user=0.01 sys=0.00, real=0.00 secs] 
11785.400: [GC 11785.400: [ParNew: 210378K->766K(235968K), 0.0052640 secs] 567118K->357542K(1546688K), 0.0054810 secs] [Times: user=0.02 sys=0.00, real=0.01 secs] 
11804.266: [GC 11804.266: [ParNew: 210520K->847K(235968K), 0.0036560 secs] 567297K->357659K(1546688K), 0.0039020 secs] [Times: user=0.02 sys=0.00, real=0.00 secs] 
11809.617: [GC 11809.617: [ParNew: 210634K->612K(235968K), 0.0039860 secs] 567447K->357466K(1546688K), 0.0042480 secs] [Times: user=0.01 sys=0.00, real=0.01 secs] 
11830.883: [GC 11830.883: [ParNew: 210324K->869K(235968K), 0.0041700 secs] 567177K->357772K(1546688K), 0.0044240 secs] [Times: user=0.02 sys=0.00, real=0.01 secs] 
11839.028: [GC 11839.028: [ParNew: 210661K->909K(235968K), 0.0036490 secs] 567564K->357855K(1546688K), 0.0038980 secs] [Times: user=0.02 sys=0.00, real=0.00 secs] 
11862.480: [GC 11862.480: [ParNew: 210701K->694K(235968K), 0.0041650 secs] 567647K->357684K(1546688K), 0.0044090 secs] [Times: user=0.02 sys=0.00, real=0.01 secs] 
11866.260: [GC 11866.260: [ParNew: 210360K->566K(235968K), 0.0063750 secs] 567350K->357621K(1546688K), 0.0065470 secs] [Times: user=0.02 sys=0.00, real=0.01 secs] 
11875.271: [GC 11875.271: [ParNew: 210358K->755K(235968K), 0.0039020 secs] 567413K->357845K(1546688K), 0.0041560 secs] [Times: user=0.02 sys=0.00, real=0.00 secs] 
11891.667: [GC 11891.667: [ParNew: 210547K->690K(235968K), 0.0045470 secs] 567637K->357824K(1546688K), 0.0047510 secs] [Times: user=0.02 sys=0.00, real=0.00 secs] 
11903.453: [GC 11903.453: [ParNew: 210482K->850K(235968K), 0.0045010 secs] 567616K->358026K(1546688K), 0.0047700 secs] [Times: user=0.02 sys=0.00, real=0.01 secs] 
11923.714: [GC 11923.714: [ParNew: 210642K->1018K(235968K), 0.0214820 secs] 567818K->358239K(1546688K), 0.0217990 secs] [Times: user=0.04 sys=0.00, real=0.02 secs] 
11927.101: [GC 11927.102: [ParNew: 210766K->728K(235968K), 0.0081650 secs] 567986K->357985K(1546688K), 0.0083740 secs] [Times: user=0.02 sys=0.00, real=0.00 secs] 
11942.931: [GC 11942.931: [ParNew: 210520K->595K(235968K), 0.0139960 secs] 567777K->357888K(1546688K), 0.0144120 secs] [Times: user=0.01 sys=0.00, real=0.01 secs] 
11958.105: [GC 11958.105: [ParNew: 210387K->593K(235968K), 0.0058570 secs] 567680K->357924K(1546688K), 0.0060470 secs] [Times: user=0.02 sys=0.00, real=0.01 secs] 
11964.126: [GC 11964.126: [ParNew: 210372K->677K(235968K), 0.0060740 secs] 567703K->358045K(1546688K), 0.0062580 secs] [Times: user=0.02 sys=0.00, real=0.00 secs] 
11984.271: [GC 11984.271: [ParNew: 210469K->778K(235968K), 0.0038370 secs] 567837K->358189K(1546688K), 0.0040220 secs] [Times: user=0.02 sys=0.00, real=0.01 secs] 
11989.626: [GC 11989.626: [ParNew: 210542K->704K(235968K), 0.0040540 secs] 567953K->358151K(1546688K), 0.0042870 secs] [Times: user=0.02 sys=0.00, real=0.00 secs] 
12010.896: [GC 12010.896: [ParNew: 210473K->913K(235968K), 0.0039240 secs] 567920K->358397K(1546688K), 0.0041420 secs] [Times: user=0.02 sys=0.00, real=0.01 secs] 
12019.029: [GC 12019.029: [ParNew: 210689K->459K(235968K), 0.0052590 secs] 568172K->357986K(1546688K), 0.0055210 secs] [Times: user=0.02 sys=0.00, real=0.00 secs] 
12025.457: [GC 12025.458: [ParNew: 210249K->547K(235968K), 0.0049230 secs] 567777K->358123K(1546688K), 0.0051220 secs] [Times: user=0.02 sys=0.00, real=0.00 secs] 
12046.276: [GC 12046.276: [ParNew: 210339K->1046K(235968K), 0.0052550 secs] 567915K->358671K(1546688K), 0.0055200 secs] [Times: user=0.02 sys=0.00, real=0.00 secs] 
12055.295: [GC 12055.295: [ParNew: 210838K->923K(235968K), 0.0049130 secs] 568463K->358595K(1546688K), 0.0051380 secs] [Times: user=0.02 sys=0.00, real=0.00 secs] 
12071.679: [GC 12071.679: [ParNew: 210715K->666K(235968K), 0.0038740 secs] 568387K->358370K(1546688K), 0.0040770 secs] [Times: user=0.02 sys=0.01, real=0.00 secs] 
12083.460: [GC 12083.461: [ParNew: 210458K->929K(235968K), 0.0058980 secs] 568162K->358665K(1546688K), 0.0061400 secs] [Times: user=0.02 sys=0.01, real=0.01 secs] 
12102.565: [GC 12102.565: [ParNew: 210721K->728K(235968K), 0.0151340 secs] 568457K->358505K(1546688K), 0.0154140 secs] [Times: user=0.04 sys=0.00, real=0.01 secs] 
12107.118: [GC 12107.118: [ParNew: 210520K->728K(235968K), 0.0058270 secs] 568297K->358554K(1546688K), 0.0060920 secs] [Times: user=0.02 sys=0.00, real=0.01 secs] 
12122.939: [GC 12122.939: [ParNew: 210520K->645K(235968K), 0.0126540 secs] 568346K->358514K(1546688K), 0.0129290 secs] [Times: user=0.03 sys=0.00, real=0.02 secs] 
12138.117: [GC 12138.117: [ParNew: 210437K->767K(235968K), 0.0054130 secs] 568306K->358674K(1546688K), 0.0056400 secs] [Times: user=0.02 sys=0.00, real=0.01 secs] 
12144.144: [GC 12144.144: [ParNew: 210558K->790K(235968K), 0.0040740 secs] 568466K->358735K(1546688K), 0.0042990 secs] [Times: user=0.02 sys=0.00, real=0.01 secs] 
12163.796: [GC 12163.796: [ParNew: 210563K->533K(235968K), 0.0058480 secs] 568508K->358520K(1546688K), 0.0060530 secs] [Times: user=0.03 sys=0.00, real=0.00 secs] 
12169.642: [GC 12169.642: [ParNew: 210325K->822K(235968K), 0.0038270 secs] 568312K->358852K(1546688K), 0.0041720 secs] [Times: user=0.02 sys=0.01, real=0.01 secs] 
12190.915: [GC 12190.915: [ParNew: 210614K->985K(235968K), 0.0032570 secs] 568644K->359063K(1546688K), 0.0035060 secs] [Times: user=0.02 sys=0.00, real=0.00 secs] 
12198.437: [GC 12198.437: [ParNew: 210718K->786K(235968K), 0.0030610 secs] 568796K->358908K(1546688K), 0.0033080 secs] [Times: user=0.02 sys=0.00, real=0.01 secs] 
12205.464: [GC 12205.464: [ParNew: 210540K->691K(235968K), 0.0030160 secs] 568662K->358849K(1546688K), 0.0032560 secs] [Times: user=0.02 sys=0.00, real=0.00 secs] 
12224.333: [GC 12224.333: [ParNew: 210483K->904K(235968K), 0.0136950 secs] 568641K->359105K(1546688K), 0.0140010 secs] [Times: user=0.03 sys=0.00, real=0.02 secs] 
12235.316: [GC 12235.316: [ParNew: 210658K->627K(235968K), 0.0057020 secs] 568858K->358875K(1546688K), 0.0058830 secs] [Times: user=0.02 sys=0.01, real=0.00 secs] 
12251.698: [GC 12251.698: [ParNew: 210419K->729K(235968K), 0.0044480 secs] 568667K->359021K(1546688K), 0.0047100 secs] [Times: user=0.02 sys=0.00, real=0.01 secs] 
12259.088: [GC 12259.089: [ParNew: 210521K->595K(235968K), 0.0041550 secs] 568813K->358930K(1546688K), 0.0043670 secs] [Times: user=0.02 sys=0.00, real=0.01 secs] 
12282.566: [GC 12282.566: [ParNew: 210381K->798K(235968K), 0.0040360 secs] 568716K->359164K(1546688K), 0.0043030 secs] [Times: user=0.02 sys=0.00, real=0.00 secs] 
12286.341: [GC 12286.341: [ParNew: 210590K->1032K(235968K), 0.0050490 secs] 568956K->359440K(1546688K), 0.0052850 secs] [Times: user=0.02 sys=0.00, real=0.01 secs] 
12295.378: [GC 12295.378: [ParNew: 210785K->594K(235968K), 0.0045840 secs] 569193K->359043K(1546688K), 0.0048390 secs] [Times: user=0.02 sys=0.00, real=0.00 secs] 
12318.133: [GC 12318.133: [ParNew: 210386K->1088K(235968K), 0.0063190 secs] 568835K->359581K(1546688K), 0.0065360 secs] [Times: user=0.02 sys=0.00, real=0.00 secs] 
12323.520: [GC 12323.521: [ParNew: 210880K->574K(235968K), 0.0063330 secs] 569373K->359144K(1546688K), 0.0065060 secs] [Times: user=0.02 sys=0.00, real=0.00 secs] 
12343.805: [GC 12343.805: [ParNew: 210366K->644K(235968K), 0.0089320 secs] 568936K->359258K(1546688K), 0.0092240 secs] [Times: user=0.03 sys=0.00, real=0.01 secs] 
12347.187: [GC 12347.187: [ParNew: 210436K->769K(235968K), 0.0052890 secs] 569050K->359418K(1546688K), 0.0054760 secs] [Times: user=0.02 sys=0.00, real=0.00 secs] 
12363.015: [GC 12363.015: [ParNew: 210561K->588K(235968K), 0.0068250 secs] 569210K->359283K(1546688K), 0.0070980 secs] [Times: user=0.01 sys=0.00, real=0.00 secs] 
12378.194: [GC 12378.194: [ParNew: 210352K->542K(235968K), 0.0043010 secs] 569047K->359276K(1546688K), 0.0044910 secs] [Times: user=0.02 sys=0.00, real=0.00 secs] 
12384.225: [GC 12384.226: [ParNew: 210334K->794K(235968K), 0.0039050 secs] 569068K->359577K(1546688K), 0.0040890 secs] [Times: user=0.02 sys=0.00, real=0.01 secs] 
12404.336: [GC 12404.336: [ParNew: 210554K->771K(235968K), 0.0040730 secs] 569336K->359590K(1546688K), 0.0042510 secs] [Times: user=0.02 sys=0.00, real=0.01 secs] 
12409.820: [GC 12409.820: [ParNew: 210563K->992K(235968K), 0.0045150 secs] 569382K->359847K(1546688K), 0.0047660 secs] [Times: user=0.02 sys=0.00, real=0.00 secs] 
12430.980: [GC 12430.980: [ParNew: 210784K->759K(235968K), 0.0059370 secs] 569639K->359650K(1546688K), 0.0061700 secs] [Times: user=0.01 sys=0.00, real=0.01 secs] 
12439.089: [GC 12439.090: [ParNew: 210516K->1155K(235968K), 0.0048420 secs] 569408K->360090K(1546688K), 0.0050970 secs] [Times: user=0.02 sys=0.00, real=0.01 secs] 
12451.724: [GC 12451.724: [ParNew: 210947K->499K(235968K), 0.0039430 secs] 569882K->359484K(1546688K), 0.0041870 secs] [Times: user=0.02 sys=0.00, real=0.00 secs] 
12466.354: [GC 12466.354: [ParNew: 210291K->1030K(235968K), 0.0036080 secs] 569276K->360153K(1546688K), 0.0038460 secs] [Times: user=0.02 sys=0.00, real=0.01 secs] 
12475.386: [GC 12475.386: [ParNew: 210766K->843K(235968K), 0.0078640 secs] 569889K->360002K(1546688K), 0.0081180 secs] [Times: user=0.02 sys=0.00, real=0.00 secs] 
12491.764: [GC 12491.764: [ParNew: 210613K->606K(235968K), 0.0055370 secs] 569772K->359808K(1546688K), 0.0057830 secs] [Times: user=0.03 sys=0.00, real=0.00 secs] 
12503.525: [GC 12503.525: [ParNew: 210398K->610K(235968K), 0.0036480 secs] 569600K->359844K(1546688K), 0.0038950 secs] [Times: user=0.02 sys=0.00, real=0.00 secs] 
12522.634: [GC 12522.634: [ParNew: 210369K->804K(235968K), 0.0049480 secs] 569602K->360086K(1546688K), 0.0051140 secs] [Times: user=0.02 sys=0.00, real=0.01 secs] 
12527.197: [GC 12527.198: [ParNew: 210587K->934K(235968K), 0.0066870 secs] 569869K->360265K(1546688K), 0.0068530 secs] [Times: user=0.02 sys=0.00, real=0.00 secs] 
12543.020: [GC 12543.020: [ParNew: 210691K->967K(235968K), 0.0067750 secs] 570022K->360341K(1546688K), 0.0069480 secs] [Times: user=0.02 sys=0.00, real=0.01 secs] 
12558.201: [GC 12558.201: [ParNew: 210759K->848K(235968K), 0.0034760 secs] 570133K->360260K(1546688K), 0.0037280 secs] [Times: user=0.02 sys=0.00, real=0.01 secs] 
12564.238: [GC 12564.238: [ParNew: 210627K->670K(235968K), 0.0057720 secs] 570039K->360113K(1546688K), 0.0059650 secs] [Times: user=0.02 sys=0.00, real=0.01 secs] 
12583.887: [GC 12583.888: [ParNew: 210462K->516K(235968K), 0.0061690 secs] 569905K->360003K(1546688K), 0.0064230 secs] [Times: user=0.01 sys=0.00, real=0.01 secs] 
12589.831: [GC 12589.832: [ParNew: 210282K->976K(235968K), 0.0045690 secs] 569769K->360511K(1546688K), 0.0048330 secs] [Times: user=0.02 sys=0.00, real=0.00 secs] 
12610.993: [GC 12610.993: [ParNew: 210724K->881K(235968K), 0.0238320 secs] 570260K->360465K(1546688K), 0.0240910 secs] [Times: user=0.09 sys=0.00, real=0.03 secs] 
12618.500: [GC 12618.500: [ParNew: 210673K->593K(235968K), 0.0039590 secs] 570257K->360221K(1546688K), 0.0041240 secs] [Times: user=0.02 sys=0.00, real=0.01 secs] 
12625.523: [GC 12625.523: [ParNew: 210385K->730K(235968K), 0.0064960 secs] 570013K->360394K(1546688K), 0.0067980 secs] [Times: user=0.02 sys=0.00, real=0.00 secs] 
12646.369: [GC 12646.369: [ParNew: 210522K->409K(235968K), 0.0036190 secs] 570186K->360121K(1546688K), 0.0038600 secs] [Times: user=0.02 sys=0.00, real=0.00 secs] 
12655.408: [GC 12655.408: [ParNew: 210115K->766K(235968K), 0.0046680 secs] 569827K->360526K(1546688K), 0.0049150 secs] [Times: user=0.03 sys=0.00, real=0.00 secs] 
12671.780: [GC 12671.780: [ParNew: 210554K->1232K(235968K), 0.0036440 secs] 570314K->361035K(1546688K), 0.0039160 secs] [Times: user=0.02 sys=0.00, real=0.01 secs] 
12679.148: [GC 12679.149: [ParNew: 210949K->937K(235968K), 0.0039570 secs] 570752K->360784K(1546688K), 0.0041980 secs] [Times: user=0.02 sys=0.01, real=0.00 secs] 
12702.647: [GC 12702.647: [ParNew: 210601K->915K(235968K), 0.0050250 secs] 570448K->360795K(1546688K), 0.0052650 secs] [Times: user=0.02 sys=0.00, real=0.01 secs] 
12706.421: [GC 12706.421: [ParNew: 210707K->632K(235968K), 0.0040970 secs] 570587K->360554K(1546688K), 0.0042840 secs] [Times: user=0.02 sys=0.00, real=0.00 secs] 
12723.031: [GC 12723.031: [ParNew: 210395K->533K(235968K), 0.0160990 secs] 570316K->360502K(1546688K), 0.0163950 secs] [Times: user=0.03 sys=0.00, real=0.02 secs] 
12738.222: [GC 12738.222: [ParNew: 210325K->638K(235968K), 0.0041300 secs] 570294K->360646K(1546688K), 0.0043860 secs] [Times: user=0.02 sys=0.00, real=0.01 secs] 
12744.258: [GC 12744.258: [ParNew: 210430K->979K(235968K), 0.0048550 secs] 570438K->361036K(1546688K), 0.0051170 secs] [Times: user=0.01 sys=0.01, real=0.01 secs] 
12763.913: [GC 12763.913: [ParNew: 210748K->497K(235968K), 0.0137440 secs] 570806K->360591K(1546688K), 0.0139810 secs] [Times: user=0.04 sys=0.00, real=0.01 secs] 
12767.266: [GC 12767.266: [ParNew: 210264K->700K(235968K), 0.0060140 secs] 570359K->360834K(1546688K), 0.0062220 secs] [Times: user=0.02 sys=0.00, real=0.01 secs] 
12783.085: [GC 12783.085: [ParNew: 210441K->858K(235968K), 0.0049080 secs] 570575K->361034K(1546688K), 0.0050970 secs] [Times: user=0.02 sys=0.00, real=0.01 secs] 
12798.511: [GC 12798.511: [ParNew: 210650K->1020K(235968K), 0.0103890 secs] 570826K->361240K(1546688K), 0.0105760 secs] [Times: user=0.01 sys=0.00, real=0.01 secs] 
12804.339: [GC 12804.339: [ParNew: 210771K->586K(235968K), 0.0162380 secs] 570991K->360855K(1546688K), 0.0165460 secs] [Times: user=0.02 sys=0.00, real=0.02 secs] 
12824.396: [GC 12824.396: [ParNew: 210368K->1003K(235968K), 0.0082100 secs] 570637K->361307K(1546688K), 0.0084610 secs] [Times: user=0.02 sys=0.00, real=0.01 secs] 
12829.899: [GC 12829.900: [ParNew: 210795K->673K(235968K), 0.0050610 secs] 571099K->361042K(1546688K), 0.0052950 secs] [Times: user=0.02 sys=0.00, real=0.00 secs] 
12851.177: [GC 12851.178: [ParNew: 210434K->693K(235968K), 0.0075410 secs] 570803K->361111K(1546688K), 0.0077280 secs] [Times: user=0.01 sys=0.00, real=0.00 secs] 
12859.155: [GC 12859.156: [ParNew: 210485K->526K(235968K), 0.0045520 secs] 570903K->360975K(1546688K), 0.0047410 secs] [Times: user=0.02 sys=0.00, real=0.00 secs] 
12882.659: [GC 12882.660: [ParNew: 210264K->674K(235968K), 0.0046430 secs] 570713K->361169K(1546688K), 0.0048340 secs] [Times: user=0.02 sys=0.00, real=0.01 secs] 
12886.438: [GC 12886.438: [ParNew: 210421K->971K(235968K), 0.0065440 secs] 570916K->361502K(1546688K), 0.0067270 secs] [Times: user=0.02 sys=0.00, real=0.01 secs] 
12895.481: [GC 12895.482: [ParNew: 210763K->631K(235968K), 0.0050430 secs] 571294K->361198K(1546688K), 0.0052290 secs] [Times: user=0.02 sys=0.00, real=0.00 secs] 
12911.847: [GC 12911.848: [ParNew: 210370K->943K(235968K), 0.0041030 secs] 570938K->361554K(1546688K), 0.0042930 secs] [Times: user=0.02 sys=0.00, real=0.00 secs] 
12923.581: [GC 12923.581: [ParNew: 210685K->639K(235968K), 0.0103400 secs] 571296K->361286K(1546688K), 0.0105330 secs] [Times: user=0.03 sys=0.00, real=0.01 secs] 
12942.723: [GC 12942.723: [ParNew: 210427K->647K(235968K), 0.0049460 secs] 571074K->361344K(1546688K), 0.0051880 secs] [Times: user=0.02 sys=0.00, real=0.00 secs] 
12947.277: [GC 12947.277: [ParNew: 210439K->760K(235968K), 0.0051950 secs] 571136K->361527K(1546688K), 0.0054450 secs] [Times: user=0.02 sys=0.00, real=0.01 secs] 
12963.094: [GC 12963.095: [ParNew: 210552K->770K(235968K), 0.0048580 secs] 571319K->361578K(1546688K), 0.0051000 secs] [Times: user=0.01 sys=0.00, real=0.01 secs] 
12978.288: [GC 12978.288: [ParNew: 210562K->685K(235968K), 0.0187860 secs] 571370K->361532K(1546688K), 0.0190240 secs] [Times: user=0.04 sys=0.00, real=0.02 secs] 
12984.382: [GC 12984.382: [ParNew: 210382K->445K(235968K), 0.0064800 secs] 571228K->361322K(1546688K), 0.0067340 secs] [Times: user=0.02 sys=0.00, real=0.01 secs] 
13003.973: [GC 13003.973: [ParNew: 210237K->461K(235968K), 0.0040900 secs] 571114K->361388K(1546688K), 0.0043350 secs] [Times: user=0.01 sys=0.00, real=0.00 secs] 
13009.909: [GC 13009.909: [ParNew: 210201K->578K(235968K), 0.0035200 secs] 571127K->361546K(1546688K), 0.0037480 secs] [Times: user=0.02 sys=0.00, real=0.01 secs] 
13031.318: [GC 13031.318: [ParNew: 210370K->874K(235968K), 0.0035580 secs] 571338K->361878K(1546688K), 0.0038090 secs] [Times: user=0.02 sys=0.00, real=0.00 secs] 
13038.565: [GC 13038.565: [ParNew: 210658K->624K(235968K), 0.0043890 secs] 571663K->361672K(1546688K), 0.0046430 secs] [Times: user=0.02 sys=0.01, real=0.01 secs] 
13045.583: [GC 13045.584: [ParNew: 210416K->775K(235968K), 0.0048990 secs] 571464K->361859K(1546688K), 0.0051830 secs] [Times: user=0.02 sys=0.00, real=0.01 secs] 
13066.450: [GC 13066.450: [ParNew: 210567K->880K(235968K), 0.0034530 secs] 571651K->362019K(1546688K), 0.0037080 secs] [Times: user=0.02 sys=0.00, real=0.01 secs] 
13075.503: [GC 13075.503: [ParNew: 210672K->735K(235968K), 0.0042030 secs] 571811K->361922K(1546688K), 0.0044390 secs] [Times: user=0.02 sys=0.00, real=0.00 secs] 
13085.987: [GC 13085.987: [ParNew: 210497K->2517K(235968K), 0.0106820 secs] 571684K->363753K(1546688K), 0.0109270 secs] [Times: user=0.03 sys=0.00, real=0.01 secs] 
13098.330: [GC 13098.330: [ParNew: 212309K->2465K(235968K), 0.0064890 secs] 573545K->363758K(1546688K), 0.0066920 secs] [Times: user=0.03 sys=0.01, real=0.00 secs] 
13104.414: [GC 13104.415: [ParNew: 212257K->2789K(235968K), 0.0076020 secs] 573550K->364137K(1546688K), 0.0078520 secs] [Times: user=0.04 sys=0.00, real=0.01 secs] 
13124.422: [GC 13124.422: [ParNew: 212581K->2579K(235968K), 0.0046080 secs] 573929K->363980K(1546688K), 0.0048800 secs] [Times: user=0.03 sys=0.00, real=0.01 secs] 
13129.934: [GC 13129.934: [ParNew: 212309K->1681K(235968K), 0.0206810 secs] 573711K->364427K(1546688K), 0.0209570 secs] [Times: user=0.05 sys=0.00, real=0.02 secs] 
13151.348: [GC 13151.348: [ParNew: 211451K->699K(235968K), 0.0041810 secs] 574197K->363482K(1546688K), 0.0044540 secs] [Times: user=0.02 sys=0.00, real=0.01 secs] 
13158.587: [GC 13158.587: [ParNew: 210491K->675K(235968K), 0.0039790 secs] 573274K->363502K(1546688K), 0.0042340 secs] [Times: user=0.02 sys=0.00, real=0.01 secs] 
13165.604: [GC 13165.604: [ParNew: 210351K->682K(235968K), 0.0032500 secs] 573178K->363597K(1546688K), 0.0034870 secs] [Times: user=0.02 sys=0.00, real=0.01 secs] 
13186.474: [GC 13186.475: [ParNew: 210455K->1352K(235968K), 0.0033890 secs] 573370K->364319K(1546688K), 0.0036360 secs] [Times: user=0.03 sys=0.00, real=0.00 secs] 
13195.533: [GC 13195.533: [ParNew: 211144K->1185K(235968K), 0.0034600 secs] 574111K->364201K(1546688K), 0.0036480 secs] [Times: user=0.02 sys=0.00, real=0.00 secs] 
13211.886: [GC 13211.886: [ParNew: 210977K->1326K(235968K), 0.0036320 secs] 573993K->364380K(1546688K), 0.0039330 secs] [Times: user=0.02 sys=0.00, real=0.01 secs] 
13223.505: [GC 13223.505: [ParNew: 211118K->933K(235968K), 0.0030500 secs] 574172K->364031K(1546688K), 0.0032660 secs] [Times: user=0.02 sys=0.00, real=0.01 secs] 
13242.753: [GC 13242.753: [ParNew: 210725K->661K(235968K), 0.0037140 secs] 573823K->364200K(1546688K), 0.0039770 secs] [Times: user=0.02 sys=0.00, real=0.01 secs] 
13247.318: [GC 13247.318: [ParNew: 210453K->737K(235968K), 0.0063910 secs] 573992K->364325K(1546688K), 0.0066300 secs] [Times: user=0.02 sys=0.00, real=0.01 secs] 
13263.131: [GC 13263.131: [ParNew: 210514K->827K(235968K), 0.0049890 secs] 574101K->364467K(1546688K), 0.0052260 secs] [Times: user=0.02 sys=0.00, real=0.01 secs] 
13278.327: [GC 13278.327: [ParNew: 210619K->1070K(235968K), 0.0046370 secs] 574259K->364749K(1546688K), 0.0048550 secs] [Times: user=0.01 sys=0.00, real=0.01 secs] 
13284.411: [GC 13284.412: [ParNew: 210862K->1075K(235968K), 0.0166380 secs] 574541K->364798K(1546688K), 0.0168700 secs] [Times: user=0.02 sys=0.00, real=0.02 secs] 
13304.216: [GC 13304.216: [ParNew: 210844K->920K(235968K), 0.0042030 secs] 574566K->364679K(1546688K), 0.0044690 secs] [Times: user=0.02 sys=0.00, real=0.00 secs] 
13307.362: [GC 13307.362: [ParNew: 210617K->767K(235968K), 0.0033900 secs] 574376K->364574K(1546688K), 0.0036020 secs] [Times: user=0.02 sys=0.00, real=0.01 secs] 
13330.090: [GC 13330.090: [ParNew: 210559K->555K(235968K), 0.0052450 secs] 574366K->364517K(1546688K), 0.0054330 secs] [Times: user=0.02 sys=0.01, real=0.01 secs] 
13338.391: [GC 13338.392: [ParNew: 210335K->721K(235968K), 0.0049600 secs] 574297K->364729K(1546688K), 0.0051480 secs] [Times: user=0.02 sys=0.00, real=0.00 secs] 
13344.463: [GC 13344.463: [ParNew: 210483K->668K(235968K), 0.0043560 secs] 574490K->364729K(1546688K), 0.0045980 secs] [Times: user=0.01 sys=0.00, real=0.00 secs] 
13364.464: [GC 13364.464: [ParNew: 210374K->916K(235968K), 0.0046070 secs] 574435K->365012K(1546688K), 0.0049090 secs] [Times: user=0.02 sys=0.00, real=0.01 secs] 
13369.985: [GC 13369.986: [ParNew: 210708K->1056K(235968K), 0.0038210 secs] 574804K->365191K(1546688K), 0.0040560 secs] [Times: user=0.02 sys=0.00, real=0.00 secs] 
13391.403: [GC 13391.403: [ParNew: 210788K->632K(235968K), 0.0049460 secs] 574923K->364821K(1546688K), 0.0051290 secs] [Times: user=0.02 sys=0.00, real=0.00 secs] 
13399.222: [GC 13399.222: [ParNew: 210424K->889K(235968K), 0.0044780 secs] 574613K->365115K(1546688K), 0.0046630 secs] [Times: user=0.02 sys=0.00, real=0.00 secs] 
13413.643: [GC 13413.643: [ParNew: 210650K->479K(235968K), 0.0057820 secs] 574876K->364753K(1546688K), 0.0059690 secs] [Times: user=0.02 sys=0.00, real=0.01 secs] 
13426.521: [GC 13426.521: [ParNew: 210271K->1161K(235968K), 0.0042820 secs] 574545K->365487K(1546688K), 0.0044710 secs] [Times: user=0.02 sys=0.00, real=0.01 secs] 
13435.583: [GC 13435.583: [ParNew: 210953K->1143K(235968K), 0.0084860 secs] 575279K->365517K(1546688K), 0.0086890 secs] [Times: user=0.02 sys=0.00, real=0.01 secs] 
13451.932: [GC 13451.932: [ParNew: 210935K->1189K(235968K), 0.0061030 secs] 575309K->365614K(1546688K), 0.0062770 secs] [Times: user=0.02 sys=0.00, real=0.00 secs] 
13459.258: [GC 13459.258: [ParNew: 210962K->910K(235968K), 0.0050960 secs] 575387K->365379K(1546688K), 0.0052670 secs] [Times: user=0.03 sys=0.00, real=0.01 secs] 
13482.792: [GC 13482.792: [ParNew: 210702K->866K(235968K), 0.0059390 secs] 575171K->365378K(1546688K), 0.0062070 secs] [Times: user=0.02 sys=0.00, real=0.01 secs] 
13486.568: [GC 13486.568: [ParNew: 210652K->654K(235968K), 0.0042310 secs] 575164K->365215K(1546688K), 0.0044610 secs] [Times: user=0.01 sys=0.00, real=0.00 secs] 
13503.170: [GC 13503.170: [ParNew: 210332K->564K(235968K), 0.0049080 secs] 574893K->365178K(1546688K), 0.0050920 secs] [Times: user=0.02 sys=0.00, real=0.01 secs] 
13518.382: [GC 13518.383: [ParNew: 210356K->667K(235968K), 0.0044080 secs] 574970K->365319K(1546688K), 0.0045860 secs] [Times: user=0.02 sys=0.00, real=0.00 secs] 
13524.452: [GC 13524.453: [ParNew: 210459K->700K(235968K), 0.0106190 secs] 575111K->365402K(1546688K), 0.0109050 secs] [Times: user=0.03 sys=0.00, real=0.01 secs] 
13544.370: [GC 13544.370: [ParNew: 210492K->764K(235968K), 0.0055460 secs] 575194K->365522K(1546688K), 0.0057330 secs] [Times: user=0.02 sys=0.00, real=0.00 secs] 
13547.416: [GC 13547.416: [ParNew: 210550K->599K(235968K), 0.0060060 secs] 575308K->365401K(1546688K), 0.0062050 secs] [Times: user=0.02 sys=0.00, real=0.01 secs] 
13563.225: [GC 13563.225: [ParNew: 210391K->583K(235968K), 0.0067670 secs] 575193K->365428K(1546688K), 0.0069440 secs] [Times: user=0.01 sys=0.00, real=0.00 secs] 
13578.617: [GC 13578.617: [ParNew: 210375K->818K(235968K), 0.0044400 secs] 575220K->365706K(1546688K), 0.0046750 secs] [Times: user=0.02 sys=0.00, real=0.01 secs] 
13584.514: [GC 13584.514: [ParNew: 210608K->884K(235968K), 0.0041190 secs] 575496K->365822K(1546688K), 0.0043060 secs] [Times: user=0.02 sys=0.00, real=0.00 secs] 
13604.501: [GC 13604.501: [ParNew: 210646K->665K(235968K), 0.0053120 secs] 575584K->365639K(1546688K), 0.0055110 secs] [Times: user=0.02 sys=0.00, real=0.00 secs] 
13610.036: [GC 13610.036: [ParNew: 210457K->595K(235968K), 0.0053290 secs] 575431K->365604K(1546688K), 0.0055210 secs] [Times: user=0.02 sys=0.00, real=0.01 secs] 
13631.456: [GC 13631.456: [ParNew: 210349K->767K(235968K), 0.0048000 secs] 575358K->365826K(1546688K), 0.0050440 secs] [Times: user=0.02 sys=0.01, real=0.00 secs] 
13639.257: [GC 13639.257: [ParNew: 210559K->527K(235968K), 0.0042830 secs] 575618K->365617K(1546688K), 0.0044780 secs] [Times: user=0.02 sys=0.00, real=0.00 secs] 
13662.807: [GC 13662.807: [ParNew: 210319K->711K(235968K), 0.0043220 secs] 575409K->365845K(1546688K), 0.0045120 secs] [Times: user=0.02 sys=0.00, real=0.01 secs] 
13666.580: [GC 13666.580: [ParNew: 210497K->1041K(235968K), 0.0048240 secs] 575631K->366211K(1546688K), 0.0050500 secs] [Times: user=0.01 sys=0.01, real=0.00 secs] 
13675.662: [GC 13675.663: [ParNew: 210832K->637K(235968K), 0.0050870 secs] 576002K->365843K(1546688K), 0.0052590 secs] [Times: user=0.02 sys=0.00, real=0.01 secs] 
13692.002: [GC 13692.002: [ParNew: 210429K->843K(235968K), 0.0086890 secs] 575635K->366093K(1546688K), 0.0088640 secs] [Times: user=0.01 sys=0.00, real=0.01 secs] 
13703.689: [GC 13703.689: [ParNew: 210635K->777K(235968K), 0.0048660 secs] 575885K->366064K(1546688K), 0.0050520 secs] [Times: user=0.01 sys=0.00, real=0.01 secs] 
13723.428: [GC 13723.429: [ParNew: 210569K->536K(235968K), 0.0053440 secs] 575856K->365877K(1546688K), 0.0055900 secs] [Times: user=0.02 sys=0.00, real=0.01 secs] 
13727.438: [GC 13727.438: [ParNew: 210203K->1006K(235968K), 0.0056550 secs] 575543K->366389K(1546688K), 0.0058710 secs] [Times: user=0.02 sys=0.00, real=0.01 secs] 
13743.235: [GC 13743.235: [ParNew: 210794K->1072K(235968K), 0.0039380 secs] 576177K->366491K(1546688K), 0.0042140 secs] [Times: user=0.02 sys=0.00, real=0.01 secs] 
13758.451: [GC 13758.451: [ParNew: 210864K->756K(235968K), 0.0050590 secs] 576283K->366214K(1546688K), 0.0052320 secs] [Times: user=0.02 sys=0.00, real=0.01 secs] 
13764.534: [GC 13764.534: [ParNew: 210548K->630K(235968K), 0.0036720 secs] 576006K->366119K(1546688K), 0.0039070 secs] [Times: user=0.02 sys=0.00, real=0.00 secs] 
13784.438: [GC 13784.438: [ParNew: 210403K->799K(235968K), 0.0043820 secs] 575892K->366436K(1546688K), 0.0046150 secs] [Times: user=0.02 sys=0.00, real=0.01 secs] 
13790.043: [GC 13790.043: [ParNew: 210473K->772K(235968K), 0.0045060 secs] 576110K->366457K(1546688K), 0.0047620 secs] [Times: user=0.02 sys=0.00, real=0.00 secs] 
13811.471: [GC 13811.471: [ParNew: 210564K->742K(235968K), 0.0055420 secs] 576249K->366470K(1546688K), 0.0057700 secs] [Times: user=0.02 sys=0.00, real=0.01 secs] 
13818.669: [GC 13818.669: [ParNew: 210425K->930K(235968K), 0.0039420 secs] 576153K->366702K(1546688K), 0.0041760 secs] [Times: user=0.02 sys=0.00, real=0.00 secs] 
13825.683: [GC 13825.683: [ParNew: 210722K->712K(235968K), 0.0044630 secs] 576494K->366520K(1546688K), 0.0047210 secs] [Times: user=0.02 sys=0.00, real=0.00 secs] 
13846.593: [GC 13846.593: [ParNew: 210504K->520K(235968K), 0.0050800 secs] 576312K->366375K(1546688K), 0.0053420 secs] [Times: user=0.02 sys=0.00, real=0.00 secs] 
13855.676: [GC 13855.676: [ParNew: 210311K->684K(235968K), 0.0038250 secs] 576166K->366591K(1546688K), 0.0040680 secs] [Times: user=0.02 sys=0.01, real=0.01 secs] 
13872.010: [GC 13872.010: [ParNew: 210476K->711K(235968K), 0.0050030 secs] 576383K->366657K(1546688K), 0.0052650 secs] [Times: user=0.02 sys=0.00, real=0.00 secs] 
13879.311: [GC 13879.311: [ParNew: 210451K->863K(235968K), 0.0038190 secs] 576397K->366852K(1546688K), 0.0040670 secs] [Times: user=0.02 sys=0.01, real=0.01 secs] 
13902.872: [GC 13902.872: [ParNew: 210559K->749K(235968K), 0.0035830 secs] 576548K->366775K(1546688K), 0.0038280 secs] [Times: user=0.02 sys=0.00, real=0.00 secs] 
13906.648: [GC 13906.648: [ParNew: 210541K->595K(235968K), 0.0047360 secs] 576567K->366662K(1546688K), 0.0049010 secs] [Times: user=0.01 sys=0.00, real=0.01 secs] 
13923.252: [GC 13923.252: [ParNew: 210387K->649K(235968K), 0.0056680 secs] 576454K->366762K(1546688K), 0.0058450 secs] [Times: user=0.02 sys=0.00, real=0.01 secs] 
13938.467: [GC 13938.467: [ParNew: 210441K->628K(235968K), 0.0033020 secs] 576554K->366779K(1546688K), 0.0035520 secs] [Times: user=0.02 sys=0.00, real=0.00 secs] 
13944.551: [GC 13944.551: [ParNew: 210420K->758K(235968K), 0.0042960 secs] 576571K->366953K(1546688K), 0.0045490 secs] [Times: user=0.02 sys=0.00, real=0.01 secs] 
13964.457: [GC 13964.458: [ParNew: 210550K->753K(235968K), 0.0056660 secs] 576745K->366980K(1546688K), 0.0058320 secs] [Times: user=0.01 sys=0.00, real=0.01 secs] 
13967.521: [GC 13967.521: [ParNew: 210545K->744K(235968K), 0.0037090 secs] 576772K->367012K(1546688K), 0.0039380 secs] [Times: user=0.03 sys=0.00, real=0.00 secs] 
13991.486: [GC 13991.487: [ParNew: 210536K->518K(235968K), 0.0037740 secs] 576804K->366834K(1546688K), 0.0040130 secs] [Times: user=0.02 sys=0.00, real=0.01 secs] 
13998.678: [GC 13998.678: [ParNew: 210310K->798K(235968K), 0.0048980 secs] 576626K->367145K(1546688K), 0.0050730 secs] [Times: user=0.03 sys=0.00, real=0.00 secs] 
14005.691: [GC 14005.691: [ParNew: 210590K->859K(235968K), 0.0037910 secs] 576937K->367248K(1546688K), 0.0040150 secs] [Times: user=0.03 sys=0.00, real=0.01 secs] 
14024.561: [GC 14024.561: [ParNew: 210651K->686K(235968K), 0.0041370 secs] 577040K->367112K(1546688K), 0.0043830 secs] [Times: user=0.02 sys=0.00, real=0.01 secs] 
14030.109: [GC 14030.109: [ParNew: 210478K->591K(235968K), 0.0038210 secs] 576904K->367057K(1546688K), 0.0040540 secs] [Times: user=0.02 sys=0.00, real=0.01 secs] 
14051.541: [GC 14051.542: [ParNew: 210366K->559K(235968K), 0.0033280 secs] 576832K->367073K(1546688K), 0.0035570 secs] [Times: user=0.02 sys=0.00, real=0.00 secs] 
14059.314: [GC 14059.314: [ParNew: 210273K->397K(235968K), 0.0044260 secs] 576787K->366955K(1546688K), 0.0046670 secs] [Times: user=0.02 sys=0.00, real=0.01 secs] 
14082.889: [GC 14082.889: [ParNew: 210189K->935K(235968K), 0.0051530 secs] 576747K->367537K(1546688K), 0.0053480 secs] [Times: user=0.01 sys=0.00, real=0.01 secs] 
14086.656: [GC 14086.657: [ParNew: 210727K->897K(235968K), 0.0038060 secs] 577329K->367535K(1546688K), 0.0040400 secs] [Times: user=0.01 sys=0.00, real=0.00 secs] 
14095.762: [GC 14095.762: [ParNew: 210689K->678K(235968K), 0.0046110 secs] 577327K->367351K(1546688K), 0.0048750 secs] [Times: user=0.02 sys=0.00, real=0.00 secs] 
14112.072: [GC 14112.072: [ParNew: 210470K->804K(235968K), 0.0051940 secs] 577143K->367521K(1546688K), 0.0054160 secs] [Times: user=0.02 sys=0.00, real=0.01 secs] 
14123.749: [GC 14123.749: [ParNew: 210593K->874K(235968K), 0.0034010 secs] 577310K->367634K(1546688K), 0.0035730 secs] [Times: user=0.02 sys=0.00, real=0.00 secs] 
14144.471: [GC 14144.472: [ParNew: 210666K->875K(235968K), 0.0031590 secs] 577426K->367685K(1546688K), 0.0034170 secs] [Times: user=0.02 sys=0.00, real=0.01 secs] 
14147.534: [GC 14147.534: [ParNew: 210667K->995K(235968K), 0.0048470 secs] 577477K->367840K(1546688K), 0.0050710 secs] [Times: user=0.02 sys=0.00, real=0.00 secs] 
14163.321: [GC 14163.321: [ParNew: 210787K->845K(235968K), 0.0043610 secs] 577632K->367812K(1546688K), 0.0046130 secs] [Times: user=0.02 sys=0.00, real=0.00 secs] 
14178.542: [GC 14178.542: [ParNew: 210625K->820K(235968K), 0.0030740 secs] 577592K->367825K(1546688K), 0.0033320 secs] [Times: user=0.02 sys=0.00, real=0.00 secs] 
14184.630: [GC 14184.630: [ParNew: 210612K->409K(235968K), 0.0231270 secs] 577617K->367450K(1546688K), 0.0233640 secs] [Times: user=0.03 sys=0.00, real=0.02 secs] 
14204.529: [GC 14204.529: [ParNew: 210200K->457K(235968K), 0.0059760 secs] 577241K->367547K(1546688K), 0.0062090 secs] [Times: user=0.02 sys=0.00, real=0.01 secs] 
14210.120: [GC 14210.120: [ParNew: 210249K->511K(235968K), 0.0041950 secs] 577339K->367644K(1546688K), 0.0044420 secs] [Times: user=0.02 sys=0.00, real=0.01 secs] 
14231.550: [GC 14231.550: [ParNew: 210303K->722K(235968K), 0.0060230 secs] 577436K->367891K(1546688K), 0.0061930 secs] [Times: user=0.02 sys=0.00, real=0.00 secs] 
14238.725: [GC 14238.725: [ParNew: 210514K->849K(235968K), 0.0071240 secs] 577683K->368062K(1546688K), 0.0073520 secs] [Times: user=0.02 sys=0.00, real=0.01 secs] 
14245.740: [GC 14245.740: [ParNew: 210635K->1016K(235968K), 0.0058780 secs] 577848K->368265K(1546688K), 0.0061270 secs] [Times: user=0.02 sys=0.00, real=0.00 secs] 
14266.664: [GC 14266.664: [ParNew: 210808K->939K(235968K), 0.0052530 secs] 578057K->368243K(1546688K), 0.0055130 secs] [Times: user=0.03 sys=0.00, real=0.00 secs] 
14275.768: [GC 14275.768: [ParNew: 210679K->1096K(235968K), 0.0049610 secs] 577983K->368451K(1546688K), 0.0051310 secs] [Times: user=0.02 sys=0.00, real=0.01 secs] 
14292.088: [GC 14292.089: [ParNew: 210888K->1264K(235968K), 0.0067100 secs] 578243K->368911K(1546688K), 0.0069590 secs] [Times: user=0.02 sys=0.00, real=0.01 secs] 
14299.364: [GC 14299.364: [ParNew: 211056K->626K(235968K), 0.0067890 secs] 578703K->368317K(1546688K), 0.0069640 secs] [Times: user=0.01 sys=0.00, real=0.01 secs] 
14314.868: [GC 14314.869: [ParNew: 210418K->1247K(235968K), 0.0078100 secs] 578109K->368992K(1546688K), 0.0080050 secs] [Times: user=0.02 sys=0.01, real=0.01 secs] 
14326.692: [GC 14326.692: [ParNew: 211039K->1674K(235968K), 0.0046890 secs] 578784K->369468K(1546688K), 0.0048830 secs] [Times: user=0.02 sys=0.00, real=0.01 secs] 
14335.795: [GC 14335.795: [ParNew: 211411K->1573K(235968K), 0.0054370 secs] 579206K->369422K(1546688K), 0.0056410 secs] [Times: user=0.02 sys=0.00, real=0.00 secs] 
14352.115: [GC 14352.115: [ParNew: 211365K->1512K(235968K), 0.0038030 secs] 579214K->369406K(1546688K), 0.0040480 secs] [Times: user=0.02 sys=0.00, real=0.00 secs] 
14363.774: [GC 14363.774: [ParNew: 211304K->805K(235968K), 0.0048560 secs] 579198K->369543K(1546688K), 0.0050520 secs] [Times: user=0.03 sys=0.00, real=0.01 secs] 
14382.968: [GC 14382.968: [ParNew: 210597K->790K(235968K), 0.0047580 secs] 579335K->369578K(1546688K), 0.0049700 secs] [Times: user=0.02 sys=0.00, real=0.00 secs] 
14387.568: [GC 14387.568: [ParNew: 210582K->1314K(235968K), 0.0188840 secs] 579370K->370153K(1546688K), 0.0191680 secs] [Times: user=0.02 sys=0.00, real=0.02 secs] 
14403.353: [GC 14403.353: [ParNew: 211089K->1372K(235968K), 0.0062440 secs] 579927K->370260K(1546688K), 0.0064670 secs] [Times: user=0.02 sys=0.00, real=0.00 secs] 
14418.568: [GC 14418.568: [ParNew: 211164K->1048K(235968K), 0.0045100 secs] 580052K->369981K(1546688K), 0.0047820 secs] [Times: user=0.02 sys=0.00, real=0.01 secs] 
14424.670: [GC 14424.671: [ParNew: 210840K->864K(235968K), 0.0222770 secs] 579773K->369857K(1546688K), 0.0224600 secs] [Times: user=0.02 sys=0.00, real=0.02 secs] 
14444.546: [GC 14444.547: [ParNew: 210656K->1125K(235968K), 0.0059020 secs] 579649K->370160K(1546688K), 0.0062000 secs] [Times: user=0.02 sys=0.00, real=0.00 secs] 
14447.622: [GC 14447.622: [ParNew: 210917K->1115K(235968K), 0.0043800 secs] 579952K->370203K(1546688K), 0.0046360 secs] [Times: user=0.02 sys=0.00, real=0.01 secs] 
14463.399: [GC 14463.400: [ParNew: 210907K->790K(235968K), 0.0052470 secs] 579995K->370050K(1546688K), 0.0055320 secs] [Times: user=0.02 sys=0.00, real=0.01 secs] 
14478.739: [GC 14478.739: [ParNew: 210582K->924K(235968K), 0.0056270 secs] 579842K->370229K(1546688K), 0.0058440 secs] [Times: user=0.02 sys=0.00, real=0.01 secs] 
14485.750: [GC 14485.750: [ParNew: 210716K->549K(235968K), 0.0055140 secs] 580021K->370016K(1546688K), 0.0057630 secs] [Times: user=0.02 sys=0.01, real=0.00 secs] 
14504.617: [GC 14504.618: [ParNew: 210341K->881K(235968K), 0.0053760 secs] 579808K->370384K(1546688K), 0.0056410 secs] [Times: user=0.02 sys=0.00, real=0.00 secs] 
14510.189: [GC 14510.190: [ParNew: 210673K->873K(235968K), 0.0062920 secs] 580176K->370414K(1546688K), 0.0064580 secs] [Times: user=0.01 sys=0.00, real=0.01 secs] 
14531.618: [GC 14531.618: [ParNew: 210665K->937K(235968K), 0.0040970 secs] 580206K->370526K(1546688K), 0.0043530 secs] [Times: user=0.02 sys=0.00, real=0.01 secs] 
14539.371: [GC 14539.371: [ParNew: 210718K->567K(235968K), 0.0040530 secs] 580307K->370189K(1546688K), 0.0042620 secs] [Times: user=0.02 sys=0.00, real=0.00 secs] 
14562.969: [GC 14562.970: [ParNew: 210358K->681K(235968K), 0.0058650 secs] 579979K->370373K(1546688K), 0.0060440 secs] [Times: user=0.02 sys=0.00, real=0.00 secs] 
14566.738: [GC 14566.738: [ParNew: 210473K->822K(235968K), 0.0049920 secs] 580165K->370550K(1546688K), 0.0051620 secs] [Times: user=0.02 sys=0.00, real=0.00 secs] 
14575.855: [GC 14575.855: [ParNew: 210572K->878K(235968K), 0.0043120 secs] 580300K->370644K(1546688K), 0.0045020 secs] [Times: user=0.02 sys=0.00, real=0.00 secs] 
14592.166: [GC 14592.166: [ParNew: 210670K->991K(235968K), 0.0040230 secs] 580435K->370800K(1546688K), 0.0042810 secs] [Times: user=0.02 sys=0.00, real=0.00 secs] 
14603.813: [GC 14603.813: [ParNew: 210765K->918K(235968K), 0.0042090 secs] 580574K->370763K(1546688K), 0.0044830 secs] [Times: user=0.02 sys=0.00, real=0.00 secs] 
14623.621: [GC 14623.621: [ParNew: 210710K->444K(235968K), 0.0161900 secs] 580555K->370337K(1546688K), 0.0164700 secs] [Times: user=0.03 sys=0.00, real=0.02 secs] 
14627.654: [GC 14627.655: [ParNew: 210236K->523K(235968K), 0.0065890 secs] 580129K->370482K(1546688K), 0.0068500 secs] [Times: user=0.02 sys=0.00, real=0.01 secs] 
14643.412: [GC 14643.412: [ParNew: 210308K->857K(235968K), 0.0040730 secs] 580266K->370852K(1546688K), 0.0043400 secs] [Times: user=0.02 sys=0.00, real=0.01 secs] 
14658.629: [GC 14658.630: [ParNew: 210649K->861K(235968K), 0.0042550 secs] 580644K->370895K(1546688K), 0.0044780 secs] [Times: user=0.02 sys=0.00, real=0.01 secs] 
14664.740: [GC 14664.740: [ParNew: 210653K->771K(235968K), 0.0037100 secs] 580687K->370835K(1546688K), 0.0039590 secs] [Times: user=0.02 sys=0.00, real=0.01 secs] 
14684.609: [GC 14684.609: [ParNew: 210563K->688K(235968K), 0.0032710 secs] 580627K->370801K(1546688K), 0.0035190 secs] [Times: user=0.02 sys=0.00, real=0.00 secs] 
14690.199: [GC 14690.199: [ParNew: 210480K->1161K(235968K), 0.0037170 secs] 580593K->371323K(1546688K), 0.0039700 secs] [Times: user=0.02 sys=0.00, real=0.00 secs] 
14711.748: [GC 14711.748: [ParNew: 210953K->718K(235968K), 0.0029820 secs] 581115K->370916K(1546688K), 0.0032380 secs] [Times: user=0.02 sys=0.00, real=0.00 secs] 
14718.793: [GC 14718.794: [ParNew: 210430K->853K(235968K), 0.0031520 secs] 580628K->371095K(1546688K), 0.0034310 secs] [Times: user=0.02 sys=0.00, real=0.00 secs] 
14725.803: [GC 14725.804: [ParNew: 210645K->1027K(235968K), 0.0032090 secs] 580887K->371304K(1546688K), 0.0034810 secs] [Times: user=0.02 sys=0.00, real=0.00 secs] 
14746.752: [GC 14746.753: [ParNew: 210819K->762K(235968K), 0.0040430 secs] 581096K->371089K(1546688K), 0.0043040 secs] [Times: user=0.02 sys=0.00, real=0.00 secs] 
14755.874: [GC 14755.875: [ParNew: 210554K->1011K(235968K), 0.0080480 secs] 580881K->371424K(1546688K), 0.0082410 secs] [Times: user=0.02 sys=0.00, real=0.01 secs] 
14772.182: [GC 14772.182: [ParNew: 210803K->1364K(235968K), 0.0063530 secs] 581216K->371821K(1546688K), 0.0065930 secs] [Times: user=0.01 sys=0.00, real=0.01 secs] 
14779.431: [GC 14779.431: [ParNew: 211107K->852K(235968K), 0.0051960 secs] 581564K->371352K(1546688K), 0.0054570 secs] [Times: user=0.02 sys=0.00, real=0.01 secs] 
14803.160: [GC 14803.160: [ParNew: 210614K->699K(235968K), 0.0057200 secs] 581114K->371235K(1546688K), 0.0059940 secs] [Times: user=0.02 sys=0.00, real=0.00 secs] 
14806.808: [GC 14806.808: [ParNew: 210491K->711K(235968K), 0.0041050 secs] 581027K->371292K(1546688K), 0.0043320 secs] [Times: user=0.01 sys=0.00, real=0.01 secs] 
14823.428: [GC 14823.428: [ParNew: 210476K->707K(235968K), 0.0050050 secs] 581056K->371338K(1546688K), 0.0051870 secs] [Times: user=0.02 sys=0.00, real=0.00 secs] 
14838.653: [GC 14838.653: [ParNew: 210499K->771K(235968K), 0.0042350 secs] 581130K->371439K(1546688K), 0.0044370 secs] [Times: user=0.02 sys=0.00, real=0.01 secs] 
14844.754: [GC 14844.754: [ParNew: 210563K->597K(235968K), 0.0126470 secs] 581231K->371309K(1546688K), 0.0129400 secs] [Times: user=0.03 sys=0.00, real=0.01 secs] 
14864.626: [GC 14864.626: [ParNew: 210389K->1032K(235968K), 0.0043030 secs] 581101K->371775K(1546688K), 0.0045130 secs] [Times: user=0.02 sys=0.00, real=0.01 secs] 
14867.734: [GC 14867.734: [ParNew: 210824K->487K(235968K), 0.0039290 secs] 581567K->371271K(1546688K), 0.0041240 secs] [Times: user=0.02 sys=0.00, real=0.00 secs] 
14891.652: [GC 14891.653: [ParNew: 210277K->648K(235968K), 0.0031230 secs] 581062K->371482K(1546688K), 0.0033710 secs] [Times: user=0.01 sys=0.00, real=0.01 secs] 
14898.798: [GC 14898.799: [ParNew: 210440K->890K(235968K), 0.0030870 secs] 581274K->371756K(1546688K), 0.0033290 secs] [Times: user=0.02 sys=0.00, real=0.00 secs] 
14905.812: [GC 14905.812: [ParNew: 210682K->748K(235968K), 0.0035070 secs] 581548K->371658K(1546688K), 0.0037760 secs] [Times: user=0.02 sys=0.00, real=0.01 secs] 
14924.681: [GC 14924.681: [ParNew: 210488K->861K(235968K), 0.0038280 secs] 581397K->371807K(1546688K), 0.0040970 secs] [Times: user=0.03 sys=0.00, real=0.00 secs] 
14930.262: [GC 14930.262: [ParNew: 210553K->830K(235968K), 0.0032290 secs] 581499K->371814K(1546688K), 0.0034890 secs] [Times: user=0.02 sys=0.00, real=0.00 secs] 
14951.703: [GC 14951.703: [ParNew: 210622K->491K(235968K), 0.0030100 secs] 581606K->371525K(1546688K), 0.0032310 secs] [Times: user=0.03 sys=0.00, real=0.01 secs] 
14959.436: [GC 14959.436: [ParNew: 210283K->651K(235968K), 0.0035010 secs] 581317K->371728K(1546688K), 0.0037270 secs] [Times: user=0.03 sys=0.00, real=0.00 secs] 
14983.176: [GC 14983.176: [ParNew: 210410K->843K(235968K), 0.0031920 secs] 581487K->371965K(1546688K), 0.0034390 secs] [Times: user=0.02 sys=0.00, real=0.00 secs] 
14986.818: [GC 14986.819: [ParNew: 210572K->887K(235968K), 0.0031320 secs] 581693K->372045K(1546688K), 0.0033530 secs] [Times: user=0.02 sys=0.00, real=0.01 secs] 
14995.949: [GC 14995.949: [ParNew: 210679K->697K(235968K), 0.0036920 secs] 581837K->371891K(1546688K), 0.0039230 secs] [Times: user=0.03 sys=0.01, real=0.01 secs] 
15012.249: [GC 15012.249: [ParNew: 210484K->778K(235968K), 0.0031800 secs] 581678K->372015K(1546688K), 0.0034280 secs] [Times: user=0.02 sys=0.00, real=0.00 secs] 
15023.873: [GC 15023.873: [ParNew: 210507K->1020K(235968K), 0.0040680 secs] 581744K->372294K(1546688K), 0.0043050 secs] [Times: user=0.02 sys=0.00, real=0.01 secs] 
15044.646: [GC 15044.646: [ParNew: 210812K->556K(235968K), 0.0043800 secs] 582086K->371873K(1546688K), 0.0045870 secs] [Times: user=0.02 sys=0.00, real=0.00 secs] 
15047.747: [GC 15047.747: [ParNew: 210297K->849K(235968K), 0.0042370 secs] 581615K->372202K(1546688K), 0.0044600 secs] [Times: user=0.02 sys=0.00, real=0.01 secs] 
15063.503: [GC 15063.503: [ParNew: 210641K->957K(235968K), 0.0077920 secs] 581994K->372351K(1546688K), 0.0080510 secs] [Times: user=0.02 sys=0.00, real=0.01 secs] 
15078.720: [GC 15078.720: [ParNew: 210704K->810K(235968K), 0.0104230 secs] 582097K->372322K(1546688K), 0.0106290 secs] [Times: user=0.01 sys=0.00, real=0.01 secs] 
15084.829: [GC 15084.829: [ParNew: 210602K->788K(235968K), 0.0069700 secs] 582114K->372336K(1546688K), 0.0072240 secs] [Times: user=0.03 sys=0.00, real=0.01 secs] 
15104.699: [GC 15104.700: [ParNew: 210580K->679K(235968K), 0.0047570 secs] 582128K->372276K(1546688K), 0.0050220 secs] [Times: user=0.02 sys=0.00, real=0.01 secs] 
15110.273: [GC 15110.273: [ParNew: 210471K->821K(235968K), 0.0044240 secs] 582068K->372461K(1546688K), 0.0046460 secs] [Times: user=0.01 sys=0.00, real=0.00 secs] 
15131.717: [GC 15131.717: [ParNew: 210608K->1116K(235968K), 0.0039700 secs] 582248K->372791K(1546688K), 0.0041530 secs] [Times: user=0.02 sys=0.00, real=0.01 secs] 
15138.850: [GC 15138.850: [ParNew: 210908K->853K(235968K), 0.0040050 secs] 582583K->372573K(1546688K), 0.0042360 secs] [Times: user=0.02 sys=0.00, real=0.00 secs] 
15145.868: [GC 15145.868: [ParNew: 210645K->830K(235968K), 0.0041770 secs] 582365K->372667K(1546688K), 0.0044030 secs] [Times: user=0.02 sys=0.00, real=0.00 secs] 
15166.838: [GC 15166.838: [ParNew: 210622K->566K(235968K), 0.0061970 secs] 582459K->372454K(1546688K), 0.0064210 secs] [Times: user=0.02 sys=0.00, real=0.01 secs] 
15175.967: [GC 15175.967: [ParNew: 210358K->770K(235968K), 0.0053670 secs] 582246K->372708K(1546688K), 0.0056010 secs] [Times: user=0.02 sys=0.00, real=0.01 secs] 
15192.265: [GC 15192.265: [ParNew: 210481K->969K(235968K), 0.0048710 secs] 582418K->372943K(1546688K), 0.0051110 secs] [Times: user=0.02 sys=0.00, real=0.01 secs] 
15203.874: [GC 15203.875: [ParNew: 210761K->827K(235968K), 0.0067090 secs] 582735K->372846K(1546688K), 0.0068990 secs] [Times: user=0.02 sys=0.00, real=0.01 secs] 
15223.239: [GC 15223.240: [ParNew: 210619K->569K(235968K), 0.0038470 secs] 582638K->372623K(1546688K), 0.0040490 secs] [Times: user=0.01 sys=0.00, real=0.01 secs] 
15227.766: [GC 15227.766: [ParNew: 210335K->826K(235968K), 0.0299610 secs] 582390K->372928K(1546688K), 0.0302390 secs] [Times: user=0.04 sys=0.01, real=0.03 secs] 
15243.519: [GC 15243.519: [ParNew: 210618K->826K(235968K), 0.0043530 secs] 582720K->372977K(1546688K), 0.0046050 secs] [Times: user=0.02 sys=0.00, real=0.01 secs] 
15258.732: [GC 15258.732: [ParNew: 210618K->1102K(235968K), 0.0042880 secs] 582769K->373305K(1546688K), 0.0045640 secs] [Times: user=0.02 sys=0.00, real=0.00 secs] 
15264.962: [GC 15264.962: [ParNew: 210894K->1287K(235968K), 0.0033780 secs] 583097K->373534K(1546688K), 0.0036280 secs] [Times: user=0.02 sys=0.00, real=0.00 secs] 
15284.708: [GC 15284.708: [ParNew: 211079K->1535K(235968K), 0.0034220 secs] 583326K->373817K(1546688K), 0.0036860 secs] [Times: user=0.02 sys=0.00, real=0.00 secs] 
15287.824: [GC 15287.824: [ParNew: 211322K->878K(235968K), 0.0031650 secs] 583604K->373202K(1546688K), 0.0034070 secs] [Times: user=0.02 sys=0.00, real=0.00 secs] 
15311.733: [GC 15311.733: [ParNew: 210621K->649K(235968K), 0.0038560 secs] 582945K->373031K(1546688K), 0.0041600 secs] [Times: user=0.02 sys=0.01, real=0.00 secs] 
15318.862: [GC 15318.862: [ParNew: 210441K->922K(235968K), 0.0037820 secs] 582823K->373338K(1546688K), 0.0040060 secs] [Times: user=0.02 sys=0.00, real=0.00 secs] 
15325.870: [GC 15325.870: [ParNew: 210648K->623K(235968K), 0.0035610 secs] 583063K->373082K(1546688K), 0.0037930 secs] [Times: user=0.02 sys=0.00, real=0.00 secs] 
15344.735: [GC 15344.736: [ParNew: 210407K->1049K(235968K), 0.0052200 secs] 582866K->373552K(1546688K), 0.0054050 secs] [Times: user=0.02 sys=0.00, real=0.00 secs] 
15350.311: [GC 15350.311: [ParNew: 210841K->1239K(235968K), 0.0069720 secs] 583344K->373801K(1546688K), 0.0071470 secs] [Times: user=0.02 sys=0.00, real=0.01 secs] 
15371.760: [GC 15371.760: [ParNew: 211020K->880K(235968K), 0.0046810 secs] 583582K->373497K(1546688K), 0.0049360 secs] [Times: user=0.01 sys=0.00, real=0.00 secs] 
15378.884: [GC 15378.885: [ParNew: 210672K->747K(235968K), 0.0048350 secs] 583289K->373420K(1546688K), 0.0050130 secs] [Times: user=0.02 sys=0.00, real=0.01 secs] 
15385.897: [GC 15385.897: [ParNew: 210511K->681K(235968K), 0.0034610 secs] 583184K->373430K(1546688K), 0.0037000 secs] [Times: user=0.02 sys=0.00, real=0.01 secs] 
15406.869: [GC 15406.869: [ParNew: 210473K->984K(235968K), 0.0063660 secs] 583222K->373787K(1546688K), 0.0065440 secs] [Times: user=0.02 sys=0.00, real=0.01 secs] 
15416.013: [GC 15416.013: [ParNew: 210776K->700K(235968K), 0.0050060 secs] 583579K->373552K(1546688K), 0.0052520 secs] [Times: user=0.03 sys=0.00, real=0.01 secs] 
15432.302: [GC 15432.303: [ParNew: 210492K->1111K(235968K), 0.0084560 secs] 583344K->374007K(1546688K), 0.0086340 secs] [Times: user=0.02 sys=0.00, real=0.01 secs] 
15439.517: [GC 15439.517: [ParNew: 210874K->656K(235968K), 0.0039620 secs] 583770K->373596K(1546688K), 0.0042020 secs] [Times: user=0.02 sys=0.00, real=0.01 secs] 
15463.284: [GC 15463.284: [ParNew: 210448K->574K(235968K), 0.0052330 secs] 583388K->373550K(1546688K), 0.0054000 secs] [Times: user=0.02 sys=0.00, real=0.01 secs] 
15467.809: [GC 15467.809: [ParNew: 210366K->396K(235968K), 0.0211200 secs] 583342K->373413K(1546688K), 0.0213750 secs] [Times: user=0.03 sys=0.00, real=0.02 secs] 
15483.563: [GC 15483.563: [ParNew: 210188K->595K(235968K), 0.0042740 secs] 583205K->373661K(1546688K), 0.0045380 secs] [Times: user=0.02 sys=0.00, real=0.00 secs] 
15498.776: [GC 15498.777: [ParNew: 210387K->999K(235968K), 0.0038380 secs] 583453K->374103K(1546688K), 0.0040710 secs] [Times: user=0.02 sys=0.01, real=0.01 secs] 
15505.014: [GC 15505.014: [ParNew: 210791K->761K(235968K), 0.0052150 secs] 583895K->373909K(1546688K), 0.0054440 secs] [Times: user=0.02 sys=0.00, real=0.01 secs] 
15524.749: [GC 15524.750: [ParNew: 210553K->1135K(235968K), 0.0068810 secs] 583701K->374322K(1546688K), 0.0070790 secs] [Times: user=0.02 sys=0.00, real=0.01 secs] 
15527.884: [GC 15527.884: [ParNew: 210927K->844K(235968K), 0.0041870 secs] 584114K->374072K(1546688K), 0.0043650 secs] [Times: user=0.02 sys=0.00, real=0.01 secs] 
15543.621: [GC 15543.621: [ParNew: 210636K->584K(235968K), 0.0049130 secs] 583864K->373861K(1546688K), 0.0051070 secs] [Times: user=0.02 sys=0.00, real=0.01 secs] 
15558.887: [GC 15558.887: [ParNew: 210376K->1030K(235968K), 0.0042990 secs] 583653K->374345K(1546688K), 0.0045330 secs] [Times: user=0.03 sys=0.00, real=0.01 secs] 
15565.896: [GC 15565.896: [ParNew: 210796K->825K(235968K), 0.0032140 secs] 584112K->374242K(1546688K), 0.0034480 secs] [Times: user=0.02 sys=0.00, real=0.00 secs] 
15584.788: [GC 15584.788: [ParNew: 210617K->1212K(235968K), 0.0032600 secs] 584034K->374666K(1546688K), 0.0035030 secs] [Times: user=0.02 sys=0.00, real=0.00 secs] 
15590.381: [GC 15590.382: [ParNew: 211004K->690K(235968K), 0.0034960 secs] 584458K->374207K(1546688K), 0.0037440 secs] [Times: user=0.02 sys=0.01, real=0.00 secs] 
15611.822: [GC 15611.823: [ParNew: 210438K->954K(235968K), 0.0033680 secs] 583955K->374521K(1546688K), 0.0036070 secs] [Times: user=0.02 sys=0.00, real=0.00 secs] 
15618.917: [GC 15618.917: [ParNew: 210746K->942K(235968K), 0.0042240 secs] 584313K->374562K(1546688K), 0.0044690 secs] [Times: user=0.02 sys=0.01, real=0.01 secs] 
15625.927: [GC 15625.927: [ParNew: 210721K->969K(235968K), 0.0039820 secs] 584341K->374654K(1546688K), 0.0042630 secs] [Times: user=0.01 sys=0.00, real=0.01 secs] 
15646.915: [GC 15646.915: [ParNew: 210761K->1017K(235968K), 0.0065080 secs] 584446K->374751K(1546688K), 0.0067970 secs] [Times: user=0.02 sys=0.00, real=0.01 secs] 
15656.077: [GC 15656.078: [ParNew: 210809K->678K(235968K), 0.0060040 secs] 584543K->374459K(1546688K), 0.0062600 secs] [Times: user=0.02 sys=0.00, real=0.00 secs] 
15672.350: [GC 15672.350: [ParNew: 210467K->1408K(235968K), 0.0065110 secs] 584248K->375302K(1546688K), 0.0067710 secs] [Times: user=0.02 sys=0.00, real=0.01 secs] 
15679.542: [GC 15679.542: [ParNew: 211200K->718K(235968K), 0.0045480 secs] 585094K->374656K(1546688K), 0.0047520 secs] [Times: user=0.02 sys=0.00, real=0.00 secs] 
15703.318: [GC 15703.319: [ParNew: 210510K->956K(235968K), 0.0044500 secs] 584448K->374932K(1546688K), 0.0046880 secs] [Times: user=0.02 sys=0.00, real=0.00 secs] 
15707.071: [GC 15707.072: [ParNew: 210724K->755K(235968K), 0.0053140 secs] 584699K->374785K(1546688K), 0.0055000 secs] [Times: user=0.02 sys=0.00, real=0.00 secs] 
15710.958: [GC 15710.959: [ParNew: 210547K->4145K(235968K), 0.0089770 secs] 584576K->378232K(1546688K), 0.0092360 secs] [Times: user=0.04 sys=0.00, real=0.01 secs] 
15731.832: [GC 15731.832: [ParNew: 213937K->6658K(235968K), 0.0136470 secs] 588024K->380789K(1546688K), 0.0139360 secs] [Times: user=0.05 sys=0.01, real=0.02 secs] 
15738.943: [GC 15738.943: [ParNew: 216410K->7857K(235968K), 0.0098160 secs] 590541K->382128K(1546688K), 0.0100790 secs] [Times: user=0.04 sys=0.00, real=0.01 secs] 
15745.941: [GC 15745.941: [ParNew: 217597K->6973K(235968K), 0.0165450 secs] 591868K->381293K(1546688K), 0.0168180 secs] [Times: user=0.04 sys=0.00, real=0.02 secs] 
15767.050: [GC 15767.050: [ParNew: 216722K->6737K(235968K), 0.0350620 secs] 591042K->384070K(1546688K), 0.0353430 secs] [Times: user=0.08 sys=0.01, real=0.03 secs] 
15776.091: [GC 15776.091: [ParNew: 216529K->2211K(235968K), 0.0209030 secs] 593862K->381546K(1546688K), 0.0211830 secs] [Times: user=0.05 sys=0.00, real=0.02 secs] 
15792.381: [GC 15792.381: [ParNew: 212003K->921K(235968K), 0.0046730 secs] 591338K->380300K(1546688K), 0.0049230 secs] [Times: user=0.02 sys=0.00, real=0.01 secs] 
15799.559: [GC 15799.559: [ParNew: 210593K->784K(235968K), 0.0044840 secs] 589972K->380244K(1546688K), 0.0047660 secs] [Times: user=0.02 sys=0.00, real=0.01 secs] 
15823.345: [GC 15823.345: [ParNew: 210473K->895K(235968K), 0.0040710 secs] 589933K->380391K(1546688K), 0.0043360 secs] [Times: user=0.02 sys=0.01, real=0.01 secs] 
15827.100: [GC 15827.100: [ParNew: 210687K->889K(235968K), 0.0091880 secs] 590183K->380427K(1546688K), 0.0093710 secs] [Times: user=0.02 sys=0.00, real=0.01 secs] 
15843.633: [GC 15843.633: [ParNew: 210681K->876K(235968K), 0.0084700 secs] 590219K->380468K(1546688K), 0.0087670 secs] [Times: user=0.01 sys=0.00, real=0.01 secs] 
15858.847: [GC 15858.848: [ParNew: 210666K->1163K(235968K), 0.0043200 secs] 590258K->380813K(1546688K), 0.0046280 secs] [Times: user=0.02 sys=0.00, real=0.00 secs] 
15865.081: [GC 15865.081: [ParNew: 210955K->862K(235968K), 0.0059120 secs] 590605K->380558K(1546688K), 0.0062010 secs] [Times: user=0.01 sys=0.00, real=0.01 secs] 
15884.803: [GC 15884.804: [ParNew: 210650K->1089K(235968K), 0.0044170 secs] 590347K->380820K(1546688K), 0.0046960 secs] [Times: user=0.02 sys=0.00, real=0.00 secs] 
15887.976: [GC 15887.976: [ParNew: 210881K->706K(235968K), 0.0062930 secs] 590612K->380479K(1546688K), 0.0065370 secs] [Times: user=0.01 sys=0.00, real=0.01 secs] 
15903.684: [GC 15903.684: [ParNew: 210498K->615K(235968K), 0.0036670 secs] 590271K->380432K(1546688K), 0.0038620 secs] [Times: user=0.02 sys=0.00, real=0.01 secs] 
15918.936: [GC 15918.936: [ParNew: 210391K->1060K(235968K), 0.0040850 secs] 590207K->380925K(1546688K), 0.0043710 secs] [Times: user=0.03 sys=0.00, real=0.00 secs] 
15925.942: [GC 15925.942: [ParNew: 210852K->611K(235968K), 0.0057620 secs] 590717K->380522K(1546688K), 0.0059530 secs] [Times: user=0.01 sys=0.00, real=0.01 secs] 
15944.843: [GC 15944.843: [ParNew: 210372K->872K(235968K), 0.0041920 secs] 590283K->380819K(1546688K), 0.0043890 secs] [Times: user=0.02 sys=0.00, real=0.00 secs] 
15950.439: [GC 15950.439: [ParNew: 210664K->499K(235968K), 0.0072920 secs] 590611K->380514K(1546688K), 0.0074770 secs] [Times: user=0.02 sys=0.00, real=0.01 secs] 
15971.896: [GC 15971.896: [ParNew: 210291K->684K(235968K), 0.0056830 secs] 590306K->380749K(1546688K), 0.0059220 secs] [Times: user=0.02 sys=0.00, real=0.00 secs] 
15979.562: [GC 15979.563: [ParNew: 210347K->859K(235968K), 0.0055400 secs] 590412K->380962K(1546688K), 0.0057930 secs] [Times: user=0.02 sys=0.00, real=0.01 secs] 
16003.363: [GC 16003.363: [ParNew: 210651K->711K(235968K), 0.0038750 secs] 590754K->380858K(1546688K), 0.0041380 secs] [Times: user=0.02 sys=0.00, real=0.00 secs] 
16007.116: [GC 16007.116: [ParNew: 210503K->665K(235968K), 0.0033280 secs] 590650K->380848K(1546688K), 0.0035590 secs] [Times: user=0.02 sys=0.00, real=0.00 secs] 
16016.168: [GC 16016.168: [ParNew: 210457K->767K(235968K), 0.0036100 secs] 590640K->380985K(1546688K), 0.0038570 secs] [Times: user=0.02 sys=0.00, real=0.01 secs] 
16032.445: [GC 16032.445: [ParNew: 210559K->668K(235968K), 0.0033510 secs] 590777K->380931K(1546688K), 0.0035920 secs] [Times: user=0.02 sys=0.00, real=0.01 secs] 
16044.044: [GC 16044.044: [ParNew: 210460K->595K(235968K), 0.0127530 secs] 590723K->380894K(1546688K), 0.0130120 secs] [Times: user=0.03 sys=0.00, real=0.02 secs] 
16064.813: [GC 16064.814: [ParNew: 210387K->980K(235968K), 0.0052390 secs] 590686K->381328K(1546688K), 0.0054980 secs] [Times: user=0.02 sys=0.00, real=0.00 secs] 
16068.001: [GC 16068.001: [ParNew: 210772K->824K(235968K), 0.0093040 secs] 591120K->381214K(1546688K), 0.0095590 secs] [Times: user=0.03 sys=0.00, real=0.01 secs] 
16083.702: [GC 16083.702: [ParNew: 210616K->902K(235968K), 0.0042770 secs] 591006K->381329K(1546688K), 0.0045450 secs] [Times: user=0.02 sys=0.00, real=0.00 secs] 
16098.915: [GC 16098.915: [ParNew: 210694K->637K(235968K), 0.0059430 secs] 591121K->381102K(1546688K), 0.0061890 secs] [Times: user=0.01 sys=0.00, real=0.01 secs] 
16105.165: [GC 16105.165: [ParNew: 210429K->559K(235968K), 0.0051760 secs] 590894K->381068K(1546688K), 0.0054170 secs] [Times: user=0.02 sys=0.00, real=0.01 secs] 
16124.841: [GC 16124.841: [ParNew: 210333K->1640K(235968K), 0.0057560 secs] 590842K->382203K(1546688K), 0.0060030 secs] [Times: user=0.03 sys=0.00, real=0.01 secs] 
16128.022: [GC 16128.022: [ParNew: 211432K->1457K(235968K), 0.0055320 secs] 591995K->382074K(1546688K), 0.0057870 secs] [Times: user=0.01 sys=0.01, real=0.00 secs] 
16151.882: [GC 16151.883: [ParNew: 211249K->1247K(235968K), 0.0056460 secs] 591866K->381919K(1546688K), 0.0059020 secs] [Times: user=0.02 sys=0.00, real=0.01 secs] 
16158.969: [GC 16158.970: [ParNew: 211025K->1586K(235968K), 0.0071390 secs] 591697K->382301K(1546688K), 0.0073130 secs] [Times: user=0.03 sys=0.00, real=0.01 secs] 
16165.975: [GC 16165.975: [ParNew: 211378K->1301K(235968K), 0.0071050 secs] 592093K->382845K(1546688K), 0.0073510 secs] [Times: user=0.03 sys=0.00, real=0.01 secs] 
16184.889: [GC 16184.889: [ParNew: 211018K->948K(235968K), 0.0051350 secs] 592562K->382528K(1546688K), 0.0053230 secs] [Times: user=0.02 sys=0.00, real=0.01 secs] 
16190.489: [GC 16190.489: [ParNew: 210694K->788K(235968K), 0.0052150 secs] 592274K->382433K(1546688K), 0.0054740 secs] [Times: user=0.02 sys=0.00, real=0.01 secs] 
16211.947: [GC 16211.947: [ParNew: 210580K->636K(235968K), 0.0032710 secs] 592225K->382329K(1546688K), 0.0034990 secs] [Times: user=0.02 sys=0.00, real=0.01 secs] 
16219.595: [GC 16219.595: [ParNew: 210408K->765K(235968K), 0.0031600 secs] 592102K->382502K(1546688K), 0.0034430 secs] [Times: user=0.02 sys=0.00, real=0.01 secs] 
16243.408: [GC 16243.408: [ParNew: 210504K->979K(235968K), 0.0041190 secs] 592241K->382761K(1546688K), 0.0044010 secs] [Times: user=0.02 sys=0.00, real=0.00 secs] 
16247.162: [GC 16247.162: [ParNew: 210771K->771K(235968K), 0.0031270 secs] 592553K->382589K(1546688K), 0.0033600 secs] [Times: user=0.02 sys=0.00, real=0.01 secs] 
16250.502: [GC 16250.502: [ParNew: 210563K->892K(235968K), 0.0061360 secs] 592381K->382767K(1546688K), 0.0064060 secs] [Times: user=0.02 sys=0.00, real=0.00 secs] 
16271.968: [GC 16271.968: [ParNew: 210684K->870K(235968K), 0.0042170 secs] 592559K->382807K(1546688K), 0.0044730 secs] [Times: user=0.02 sys=0.00, real=0.01 secs] 
16279.609: [GC 16279.609: [ParNew: 210603K->923K(235968K), 0.0038970 secs] 592540K->382911K(1546688K), 0.0041690 secs] [Times: user=0.02 sys=0.00, real=0.00 secs] 
16303.420: [GC 16303.420: [ParNew: 210715K->1247K(235968K), 0.0058180 secs] 592703K->383295K(1546688K), 0.0059980 secs] [Times: user=0.02 sys=0.00, real=0.01 secs] 
16307.174: [GC 16307.174: [ParNew: 211039K->653K(235968K), 0.0043560 secs] 593087K->382928K(1546688K), 0.0045840 secs] [Times: user=0.02 sys=0.00, real=0.00 secs] 
16316.357: [GC 16316.357: [ParNew: 210445K->723K(235968K), 0.0036950 secs] 592720K->383062K(1546688K), 0.0039470 secs] [Times: user=0.02 sys=0.00, real=0.00 secs] 
16332.505: [GC 16332.505: [ParNew: 210474K->987K(235968K), 0.0042780 secs] 592813K->383370K(1546688K), 0.0045220 secs] [Times: user=0.02 sys=0.00, real=0.01 secs] 
16344.086: [GC 16344.086: [ParNew: 210779K->728K(235968K), 0.0079710 secs] 593162K->383155K(1546688K), 0.0083160 secs] [Times: user=0.02 sys=0.00, real=0.01 secs] 
16364.857: [GC 16364.858: [ParNew: 210439K->696K(235968K), 0.0075420 secs] 592865K->383159K(1546688K), 0.0078200 secs] [Times: user=0.02 sys=0.00, real=0.01 secs] 
16368.071: [GC 16368.071: [ParNew: 210488K->906K(235968K), 0.0089490 secs] 592951K->383405K(1546688K), 0.0091650 secs] [Times: user=0.03 sys=0.01, real=0.01 secs] 
16383.763: [GC 16383.763: [ParNew: 210698K->618K(235968K), 0.0049670 secs] 593197K->383153K(1546688K), 0.0051330 secs] [Times: user=0.01 sys=0.00, real=0.00 secs] 
16398.977: [GC 16398.977: [ParNew: 210410K->597K(235968K), 0.0055000 secs] 592945K->383171K(1546688K), 0.0057490 secs] [Times: user=0.01 sys=0.00, real=0.01 secs] 
16405.222: [GC 16405.222: [ParNew: 210389K->920K(235968K), 0.0047250 secs] 592963K->383539K(1546688K), 0.0048980 secs] [Times: user=0.02 sys=0.00, real=0.00 secs] 
16424.909: [GC 16424.909: [ParNew: 210712K->880K(235968K), 0.0056210 secs] 593331K->383541K(1546688K), 0.0058000 secs] [Times: user=0.02 sys=0.00, real=0.00 secs] 
16430.508: [GC 16430.508: [ParNew: 210672K->885K(235968K), 0.0039690 secs] 593333K->383581K(1546688K), 0.0042150 secs] [Times: user=0.02 sys=0.00, real=0.00 secs] 
16451.968: [GC 16451.968: [ParNew: 210624K->1273K(235968K), 0.0040030 secs] 593321K->384012K(1546688K), 0.0042690 secs] [Times: user=0.02 sys=0.01, real=0.01 secs] 
16459.023: [GC 16459.023: [ParNew: 211065K->899K(235968K), 0.0056400 secs] 593804K->383682K(1546688K), 0.0058290 secs] [Times: user=0.02 sys=0.00, real=0.00 secs] 
16466.034: [GC 16466.034: [ParNew: 210691K->966K(235968K), 0.0053260 secs] 593474K->383806K(1546688K), 0.0056070 secs] [Times: user=0.02 sys=0.00, real=0.01 secs] 
16487.175: [GC 16487.176: [ParNew: 210758K->765K(235968K), 0.0038120 secs] 593598K->383661K(1546688K), 0.0040620 secs] [Times: user=0.03 sys=0.00, real=0.00 secs] 
16496.369: [GC 16496.369: [ParNew: 210557K->524K(235968K), 0.0061220 secs] 593453K->383578K(1546688K), 0.0063650 secs] [Times: user=0.02 sys=0.00, real=0.01 secs] 
16512.513: [GC 16512.513: [ParNew: 210316K->1240K(235968K), 0.0057660 secs] 593370K->384337K(1546688K), 0.0060650 secs] [Times: user=0.01 sys=0.00, real=0.00 secs] 
16519.650: [GC 16519.651: [ParNew: 210964K->633K(235968K), 0.0043500 secs] 594062K->383774K(1546688K), 0.0046070 secs] [Times: user=0.02 sys=0.00, real=0.00 secs] 
16543.478: [GC 16543.478: [ParNew: 210365K->820K(235968K), 0.0041240 secs] 593506K->383997K(1546688K), 0.0043910 secs] [Times: user=0.02 sys=0.00, real=0.00 secs] 
16547.232: [GC 16547.232: [ParNew: 210600K->882K(235968K), 0.0041240 secs] 593777K->384100K(1546688K), 0.0043630 secs] [Times: user=0.02 sys=0.00, real=0.01 secs] 
16557.931: [GC 16557.931: [ParNew: 210674K->554K(235968K), 0.0075350 secs] 593892K->383826K(1546688K), 0.0077660 secs] [Times: user=0.02 sys=0.00, real=0.01 secs] 
16578.976: [GC 16578.977: [ParNew: 210346K->695K(235968K), 0.0066640 secs] 593618K->384015K(1546688K), 0.0068560 secs] [Times: user=0.01 sys=0.00, real=0.01 secs] 
16584.125: [GC 16584.125: [ParNew: 210487K->787K(235968K), 0.0141200 secs] 593807K->384156K(1546688K), 0.0144920 secs] [Times: user=0.02 sys=0.00, real=0.02 secs] 
16604.894: [GC 16604.894: [ParNew: 210579K->870K(235968K), 0.0085440 secs] 593948K->384275K(1546688K), 0.0087380 secs] [Times: user=0.01 sys=0.00, real=0.01 secs] 
16608.134: [GC 16608.134: [ParNew: 210635K->760K(235968K), 0.0063580 secs] 594041K->384280K(1546688K), 0.0066150 secs] [Times: user=0.02 sys=0.00, real=0.01 secs] 
16623.807: [GC 16623.807: [ParNew: 210552K->528K(235968K), 0.0063700 secs] 594072K->384098K(1546688K), 0.0066420 secs] [Times: user=0.02 sys=0.00, real=0.01 secs] 
16639.028: [GC 16639.028: [ParNew: 210320K->935K(235968K), 0.0061890 secs] 593890K->384543K(1546688K), 0.0064730 secs] [Times: user=0.02 sys=0.00, real=0.01 secs] 
16645.481: [GC 16645.481: [ParNew: 210599K->1103K(235968K), 0.0064370 secs] 594208K->384757K(1546688K), 0.0066750 secs] [Times: user=0.02 sys=0.01, real=0.00 secs] 
16664.955: [GC 16664.955: [ParNew: 210895K->934K(235968K), 0.0078720 secs] 594549K->384623K(1546688K), 0.0081510 secs] [Times: user=0.02 sys=0.00, real=0.01 secs] 
16670.558: [GC 16670.558: [ParNew: 210726K->957K(235968K), 0.0050840 secs] 594415K->384683K(1546688K), 0.0053510 secs] [Times: user=0.02 sys=0.00, real=0.00 secs] 
16692.141: [GC 16692.141: [ParNew: 210749K->819K(235968K), 0.0045580 secs] 594475K->384591K(1546688K), 0.0048100 secs] [Times: user=0.01 sys=0.00, real=0.01 secs] 
16699.645: [GC 16699.646: [ParNew: 210611K->991K(235968K), 0.0052420 secs] 594383K->384849K(1546688K), 0.0054660 secs] [Times: user=0.02 sys=0.00, real=0.00 secs] 
16706.092: [GC 16706.092: [ParNew: 210669K->591K(235968K), 0.0054320 secs] 594527K->384498K(1546688K), 0.0056440 secs] [Times: user=0.01 sys=0.01, real=0.00 secs] 
16727.236: [GC 16727.237: [ParNew: 210311K->961K(235968K), 0.0055270 secs] 594218K->384911K(1546688K), 0.0057500 secs] [Times: user=0.02 sys=0.00, real=0.01 secs] 
16736.432: [GC 16736.432: [ParNew: 210753K->678K(235968K), 0.0054760 secs] 594703K->384663K(1546688K), 0.0058940 secs] [Times: user=0.01 sys=0.00, real=0.01 secs] 
16752.576: [GC 16752.576: [ParNew: 210470K->551K(235968K), 0.0036640 secs] 594455K->384580K(1546688K), 0.0039350 secs] [Times: user=0.02 sys=0.00, real=0.00 secs] 
16764.120: [GC 16764.120: [ParNew: 210343K->616K(235968K), 0.0064610 secs] 594372K->384676K(1546688K), 0.0067110 secs] [Times: user=0.01 sys=0.00, real=0.01 secs] 
16783.538: [GC 16783.538: [ParNew: 210408K->1010K(235968K), 0.0059590 secs] 594468K->385119K(1546688K), 0.0062340 secs] [Times: user=0.02 sys=0.00, real=0.01 secs] 
16788.147: [GC 16788.147: [ParNew: 210802K->849K(235968K), 0.0207880 secs] 594911K->385007K(1546688K), 0.0210640 secs] [Times: user=0.05 sys=0.01, real=0.03 secs] 
16803.824: [GC 16803.824: [ParNew: 210630K->591K(235968K), 0.0049770 secs] 594788K->384785K(1546688K), 0.0052420 secs] [Times: user=0.02 sys=0.00, real=0.01 secs] 
16819.050: [GC 16819.050: [ParNew: 210383K->731K(235968K), 0.0053550 secs] 594577K->384963K(1546688K), 0.0056360 secs] [Times: user=0.02 sys=0.00, real=0.01 secs] 
16825.492: [GC 16825.492: [ParNew: 210523K->678K(235968K), 0.0041940 secs] 594755K->384941K(1546688K), 0.0043820 secs] [Times: user=0.02 sys=0.00, real=0.00 secs] 
16844.971: [GC 16844.971: [ParNew: 210470K->749K(235968K), 0.0050820 secs] 594733K->385067K(1546688K), 0.0052560 secs] [Times: user=0.03 sys=0.00, real=0.00 secs] 
16850.572: [GC 16850.572: [ParNew: 210541K->956K(235968K), 0.0039940 secs] 594859K->385328K(1546688K), 0.0042580 secs] [Times: user=0.02 sys=0.00, real=0.00 secs] 
16872.159: [GC 16872.159: [ParNew: 210748K->1152K(235968K), 0.0049030 secs] 595120K->385579K(1546688K), 0.0051730 secs] [Times: user=0.02 sys=0.00, real=0.00 secs] 
16879.093: [GC 16879.093: [ParNew: 210944K->1253K(235968K), 0.0040590 secs] 595371K->385723K(1546688K), 0.0043200 secs] [Times: user=0.02 sys=0.00, real=0.01 secs] 
16886.082: [GC 16886.082: [ParNew: 211045K->972K(235968K), 0.0043860 secs] 595515K->385480K(1546688K), 0.0046480 secs] [Times: user=0.02 sys=0.00, real=0.01 secs] 
16905.026: [GC 16905.026: [ParNew: 210764K->680K(235968K), 0.0033530 secs] 595272K->385232K(1546688K), 0.0035970 secs] [Times: user=0.03 sys=0.00, real=0.01 secs] 
16916.452: [GC 16916.452: [ParNew: 210472K->538K(235968K), 0.0049740 secs] 595024K->385170K(1546688K), 0.0051580 secs] [Times: user=0.02 sys=0.00, real=0.00 secs] 
16932.587: [GC 16932.587: [ParNew: 210330K->1190K(235968K), 0.0036270 secs] 594962K->385867K(1546688K), 0.0038850 secs] [Times: user=0.03 sys=0.00, real=0.00 secs] 
16939.705: [GC 16939.706: [ParNew: 210912K->893K(235968K), 0.0033780 secs] 595589K->385613K(1546688K), 0.0036180 secs] [Times: user=0.02 sys=0.00, real=0.00 secs] 
16963.549: [GC 16963.549: [ParNew: 210685K->1008K(235968K), 0.0049220 secs] 595405K->385759K(1546688K), 0.0051580 secs] [Times: user=0.03 sys=0.00, real=0.01 secs] 
16967.306: [GC 16967.306: [ParNew: 210700K->882K(235968K), 0.0047320 secs] 595450K->385674K(1546688K), 0.0049170 secs] [Times: user=0.01 sys=0.00, real=0.01 secs] 
16981.064: [GC 16981.065: [ParNew: 210674K->391K(235968K), 0.0043280 secs] 595466K->385229K(1546688K), 0.0046060 secs] [Times: user=0.02 sys=0.00, real=0.01 secs] 
16999.067: [GC 16999.067: [ParNew: 210176K->741K(235968K), 0.0039690 secs] 595014K->385620K(1546688K), 0.0042710 secs] [Times: user=0.02 sys=0.00, real=0.00 secs] 
17005.514: [GC 17005.514: [ParNew: 210533K->666K(235968K), 0.0036760 secs] 595412K->385594K(1546688K), 0.0039200 secs] [Times: user=0.02 sys=0.00, real=0.00 secs] 
17024.958: [GC 17024.958: [ParNew: 210458K->701K(235968K), 0.0037880 secs] 595386K->385665K(1546688K), 0.0040270 secs] [Times: user=0.02 sys=0.00, real=0.01 secs] 
17028.235: [GC 17028.235: [ParNew: 210493K->484K(235968K), 0.0041050 secs] 595457K->385484K(1546688K), 0.0043510 secs] [Times: user=0.02 sys=0.00, real=0.00 secs] 
17043.894: [GC 17043.895: [ParNew: 210276K->520K(235968K), 0.0050830 secs] 595276K->385562K(1546688K), 0.0053410 secs] [Times: user=0.02 sys=0.00, real=0.01 secs] 
17059.112: [GC 17059.113: [ParNew: 210297K->1369K(235968K), 0.0061830 secs] 595339K->386442K(1546688K), 0.0064410 secs] [Times: user=0.02 sys=0.00, real=0.01 secs] 
17065.576: [GC 17065.576: [ParNew: 211161K->666K(235968K), 0.0040600 secs] 596234K->385782K(1546688K), 0.0042810 secs] [Times: user=0.02 sys=0.00, real=0.00 secs] 
17085.041: [GC 17085.041: [ParNew: 210458K->742K(235968K), 0.0055990 secs] 595574K->385894K(1546688K), 0.0058200 secs] [Times: user=0.01 sys=0.00, real=0.01 secs] 
17090.764: [GC 17090.764: [ParNew: 210534K->863K(235968K), 0.0059090 secs] 595686K->386051K(1546688K), 0.0060810 secs] [Times: user=0.02 sys=0.00, real=0.00 secs] 
17112.228: [GC 17112.228: [ParNew: 210655K->694K(235968K), 0.0041880 secs] 595843K->385931K(1546688K), 0.0044420 secs] [Times: user=0.01 sys=0.00, real=0.00 secs] 
17119.708: [GC 17119.708: [ParNew: 210427K->743K(235968K), 0.0033380 secs] 595664K->386011K(1546688K), 0.0035770 secs] [Times: user=0.02 sys=0.00, real=0.00 secs] 
17143.569: [GC 17143.570: [ParNew: 210521K->957K(235968K), 0.0055380 secs] 595788K->386274K(1546688K), 0.0057350 secs] [Times: user=0.02 sys=0.00, real=0.01 secs] 
17147.318: [GC 17147.318: [ParNew: 210690K->948K(235968K), 0.0041590 secs] 596007K->386301K(1546688K), 0.0043380 secs] [Times: user=0.02 sys=0.01, real=0.01 secs] 
17156.531: [GC 17156.531: [ParNew: 210693K->690K(235968K), 0.0048750 secs] 596046K->386083K(1546688K), 0.0051180 secs] [Times: user=0.02 sys=0.00, real=0.00 secs] 
17172.648: [GC 17172.648: [ParNew: 210482K->945K(235968K), 0.0043020 secs] 595875K->386382K(1546688K), 0.0044980 secs] [Times: user=0.02 sys=0.00, real=0.00 secs] 
17184.174: [GC 17184.174: [ParNew: 210731K->691K(235968K), 0.0046310 secs] 596169K->386164K(1546688K), 0.0049030 secs] [Times: user=0.03 sys=0.00, real=0.01 secs] 
17203.614: [GC 17203.614: [ParNew: 210483K->803K(235968K), 0.0060080 secs] 595956K->386325K(1546688K), 0.0062530 secs] [Times: user=0.02 sys=0.01, real=0.00 secs] 
17208.252: [GC 17208.252: [ParNew: 210595K->1057K(235968K), 0.0063510 secs] 596117K->386628K(1546688K), 0.0066250 secs] [Times: user=0.02 sys=0.00, real=0.00 secs] 
17223.901: [GC 17223.902: [ParNew: 210826K->851K(235968K), 0.0077770 secs] 596397K->386553K(1546688K), 0.0080320 secs] [Times: user=0.02 sys=0.01, real=0.01 secs] 
17239.130: [GC 17239.130: [ParNew: 210585K->1125K(235968K), 0.0051480 secs] 596287K->386866K(1546688K), 0.0053540 secs] [Times: user=0.01 sys=0.00, real=0.00 secs] 
17245.586: [GC 17245.586: [ParNew: 210861K->853K(235968K), 0.0039250 secs] 596602K->386625K(1546688K), 0.0041240 secs] [Times: user=0.02 sys=0.00, real=0.00 secs] 
17265.053: [GC 17265.053: [ParNew: 210645K->727K(235968K), 0.0055890 secs] 596417K->386553K(1546688K), 0.0057940 secs] [Times: user=0.02 sys=0.00, real=0.01 secs] 
17270.770: [GC 17270.770: [ParNew: 210504K->619K(235968K), 0.0050940 secs] 596330K->386493K(1546688K), 0.0052970 secs] [Times: user=0.02 sys=0.00, real=0.01 secs] 
17283.939: [GC 17283.939: [ParNew: 210411K->1179K(235968K), 0.0055110 secs] 596285K->387107K(1546688K), 0.0056900 secs] [Times: user=0.02 sys=0.00, real=0.01 secs] 
17299.156: [GC 17299.156: [ParNew: 210971K->1498K(235968K), 0.0045280 secs] 596899K->387477K(1546688K), 0.0047960 secs] [Times: user=0.02 sys=0.00, real=0.01 secs] 
17305.625: [GC 17305.625: [ParNew: 211290K->1127K(235968K), 0.0046700 secs] 597269K->387154K(1546688K), 0.0049610 secs] [Times: user=0.02 sys=0.00, real=0.01 secs] 
17325.089: [GC 17325.089: [ParNew: 210919K->762K(235968K), 0.0038910 secs] 596946K->386833K(1546688K), 0.0041820 secs] [Times: user=0.02 sys=0.00, real=0.01 secs] 
17330.809: [GC 17330.809: [ParNew: 210554K->992K(235968K), 0.0056790 secs] 596625K->387248K(1546688K), 0.0058720 secs] [Times: user=0.02 sys=0.00, real=0.01 secs] 
17352.256: [GC 17352.256: [ParNew: 210784K->1028K(235968K), 0.0057650 secs] 597040K->387333K(1546688K), 0.0059770 secs] [Times: user=0.01 sys=0.00, real=0.01 secs] 
17359.186: [GC 17359.186: [ParNew: 210794K->829K(235968K), 0.0046190 secs] 597099K->387177K(1546688K), 0.0048850 secs] [Times: user=0.02 sys=0.00, real=0.01 secs] 
17366.157: [GC 17366.158: [ParNew: 210548K->816K(235968K), 0.0045170 secs] 596896K->387214K(1546688K), 0.0047280 secs] [Times: user=0.02 sys=0.00, real=0.00 secs] 
17387.351: [GC 17387.351: [ParNew: 210608K->1241K(235968K), 0.0060860 secs] 597006K->387695K(1546688K), 0.0062990 secs] [Times: user=0.02 sys=0.00, real=0.01 secs] 
17396.571: [GC 17396.571: [ParNew: 211033K->858K(235968K), 0.0071920 secs] 597487K->387459K(1546688K), 0.0074850 secs] [Times: user=0.02 sys=0.00, real=0.01 secs] 
17412.687: [GC 17412.687: [ParNew: 210650K->702K(235968K), 0.0059750 secs] 597251K->387334K(1546688K), 0.0061650 secs] [Times: user=0.02 sys=0.00, real=0.01 secs] 
17424.204: [GC 17424.204: [ParNew: 210479K->775K(235968K), 0.0037990 secs] 597110K->387443K(1546688K), 0.0040560 secs] [Times: user=0.02 sys=0.00, real=0.01 secs] 
17443.668: [GC 17443.668: [ParNew: 210567K->1018K(235968K), 0.0039590 secs] 597235K->387732K(1546688K), 0.0041720 secs] [Times: user=0.02 sys=0.00, real=0.00 secs] 
17448.304: [GC 17448.304: [ParNew: 210781K->650K(235968K), 0.0192910 secs] 597495K->387415K(1546688K), 0.0195640 secs] [Times: user=0.03 sys=0.00, real=0.02 secs] 
17463.936: [GC 17463.936: [ParNew: 210442K->673K(235968K), 0.0039900 secs] 597207K->387491K(1546688K), 0.0042630 secs] [Times: user=0.02 sys=0.00, real=0.00 secs] 
17479.157: [GC 17479.157: [ParNew: 210465K->955K(235968K), 0.0045940 secs] 597283K->387818K(1546688K), 0.0048780 secs] [Times: user=0.02 sys=0.00, real=0.01 secs] 
17485.624: [GC 17485.624: [ParNew: 210732K->1077K(235968K), 0.0037260 secs] 597595K->388082K(1546688K), 0.0039800 secs] [Times: user=0.02 sys=0.00, real=0.00 secs] 
17505.033: [GC 17505.033: [ParNew: 210862K->764K(235968K), 0.0042740 secs] 597866K->387809K(1546688K), 0.0044630 secs] [Times: user=0.02 sys=0.00, real=0.01 secs] 
17508.368: [GC 17508.369: [ParNew: 210478K->700K(235968K), 0.0037850 secs] 597524K->387787K(1546688K), 0.0039530 secs] [Times: user=0.03 sys=0.00, real=0.00 secs] 
17532.271: [GC 17532.271: [ParNew: 210492K->580K(235968K), 0.0034770 secs] 597579K->387717K(1546688K), 0.0037380 secs] [Times: user=0.02 sys=0.00, real=0.00 secs] 
17539.195: [GC 17539.195: [ParNew: 210319K->534K(235968K), 0.0056590 secs] 597456K->387703K(1546688K), 0.0059250 secs] [Times: user=0.02 sys=0.00, real=0.01 secs] 
17546.160: [GC 17546.160: [ParNew: 210326K->843K(235968K), 0.0036860 secs] 597495K->388043K(1546688K), 0.0039420 secs] [Times: user=0.02 sys=0.00, real=0.00 secs] 
17565.140: [GC 17565.141: [ParNew: 210635K->808K(235968K), 0.0061690 secs] 597835K->388044K(1546688K), 0.0063430 secs] [Times: user=0.02 sys=0.00, real=0.01 secs] 
17570.861: [GC 17570.862: [ParNew: 210600K->787K(235968K), 0.0037630 secs] 597836K->388064K(1546688K), 0.0040210 secs] [Times: user=0.03 sys=0.00, real=0.01 secs] 
17592.698: [GC 17592.699: [ParNew: 210579K->505K(235968K), 0.0033440 secs] 597856K->387832K(1546688K), 0.0035950 secs] [Times: user=0.02 sys=0.00, real=0.01 secs] 
17599.783: [GC 17599.784: [ParNew: 210278K->650K(235968K), 0.0055170 secs] 597604K->388020K(1546688K), 0.0057600 secs] [Times: user=0.03 sys=0.00, real=0.00 secs] 
17623.683: [GC 17623.683: [ParNew: 210442K->1033K(235968K), 0.0040980 secs] 597812K->388448K(1546688K), 0.0042890 secs] [Times: user=0.02 sys=0.00, real=0.01 secs] 
17627.410: [GC 17627.410: [ParNew: 210825K->840K(235968K), 0.0036120 secs] 598240K->388291K(1546688K), 0.0038750 secs] [Times: user=0.02 sys=0.00, real=0.00 secs] 
17636.643: [GC 17636.643: [ParNew: 210632K->689K(235968K), 0.0047060 secs] 598083K->388177K(1546688K), 0.0050080 secs] [Times: user=0.03 sys=0.00, real=0.01 secs] 
17652.759: [GC 17652.759: [ParNew: 210481K->608K(235968K), 0.0042590 secs] 597969K->388139K(1546688K), 0.0044750 secs] [Times: user=0.02 sys=0.00, real=0.01 secs] 
17664.259: [GC 17664.260: [ParNew: 210271K->706K(235968K), 0.0050700 secs] 597803K->388280K(1546688K), 0.0053520 secs] [Times: user=0.02 sys=0.00, real=0.01 secs] 
17685.041: [GC 17685.042: [ParNew: 210498K->809K(235968K), 0.0112130 secs] 598072K->388419K(1546688K), 0.0118110 secs] [Times: user=0.02 sys=0.01, real=0.01 secs] 
17688.393: [GC 17688.394: [ParNew: 210601K->781K(235968K), 0.0131190 secs] 598211K->388428K(1546688K), 0.0133490 secs] [Times: user=0.04 sys=0.00, real=0.02 secs] 
17704.016: [GC 17704.017: [ParNew: 210573K->579K(235968K), 0.0042330 secs] 598220K->388262K(1546688K), 0.0045200 secs] [Times: user=0.02 sys=0.00, real=0.00 secs] 
17719.212: [GC 17719.212: [ParNew: 210336K->1403K(235968K), 0.0050710 secs] 598020K->389125K(1546688K), 0.0053080 secs] [Times: user=0.02 sys=0.00, real=0.00 secs] 
17725.700: [GC 17725.701: [ParNew: 211195K->780K(235968K), 0.0042780 secs] 598917K->388547K(1546688K), 0.0045580 secs] [Times: user=0.02 sys=0.00, real=0.00 secs] 
17745.157: [GC 17745.157: [ParNew: 210572K->887K(235968K), 0.0046600 secs] 598339K->388696K(1546688K), 0.0049420 secs] [Times: user=0.03 sys=0.00, real=0.01 secs] 
17750.869: [GC 17750.870: [ParNew: 210679K->773K(235968K), 0.0035820 secs] 598488K->388621K(1546688K), 0.0040520 secs] [Times: user=0.03 sys=0.00, real=0.00 secs] 
17772.338: [GC 17772.338: [ParNew: 210507K->737K(235968K), 0.0064650 secs] 598356K->388652K(1546688K), 0.0067710 secs] [Times: user=0.02 sys=0.00, real=0.01 secs] 
17779.788: [GC 17779.788: [ParNew: 210529K->602K(235968K), 0.0046790 secs] 598444K->388561K(1546688K), 0.0049530 secs] [Times: user=0.02 sys=0.00, real=0.01 secs] 
17786.220: [GC 17786.220: [ParNew: 210394K->730K(235968K), 0.0044590 secs] 598353K->388738K(1546688K), 0.0047410 secs] [Times: user=0.02 sys=0.00, real=0.01 secs] 
17807.546: [GC 17807.546: [ParNew: 210518K->1018K(235968K), 0.0052180 secs] 598527K->389075K(1546688K), 0.0054350 secs] [Times: user=0.03 sys=0.00, real=0.01 secs] 
17816.665: [GC 17816.665: [ParNew: 210810K->587K(235968K), 0.0057310 secs] 598867K->388681K(1546688K), 0.0059050 secs] [Times: user=0.02 sys=0.00, real=0.01 secs] 
17832.771: [GC 17832.771: [ParNew: 210379K->640K(235968K), 0.0033470 secs] 598473K->388772K(1546688K), 0.0035940 secs] [Times: user=0.02 sys=0.00, real=0.01 secs] 
17844.263: [GC 17844.263: [ParNew: 210432K->413K(235968K), 0.0038350 secs] 598564K->388575K(1546688K), 0.0040100 secs] [Times: user=0.02 sys=0.00, real=0.00 secs] 
17863.748: [GC 17863.749: [ParNew: 210205K->666K(235968K), 0.0034980 secs] 598367K->388873K(1546688K), 0.0037330 secs] [Times: user=0.02 sys=0.00, real=0.01 secs] 
17868.409: [GC 17868.409: [ParNew: 210458K->883K(235968K), 0.0151920 secs] 598665K->389139K(1546688K), 0.0155060 secs] [Times: user=0.03 sys=0.00, real=0.01 secs] 
17884.030: [GC 17884.031: [ParNew: 210675K->781K(235968K), 0.0043720 secs] 598931K->389080K(1546688K), 0.0046150 secs] [Times: user=0.02 sys=0.00, real=0.00 secs] 
17899.221: [GC 17899.221: [ParNew: 210542K->632K(235968K), 0.0069690 secs] 598841K->388974K(1546688K), 0.0072450 secs] [Times: user=0.02 sys=0.00, real=0.01 secs] 
17905.722: [GC 17905.722: [ParNew: 210424K->996K(235968K), 0.0040150 secs] 598766K->389375K(1546688K), 0.0042030 secs] [Times: user=0.02 sys=0.00, real=0.01 secs] 
17925.174: [GC 17925.174: [ParNew: 210788K->579K(235968K), 0.0050440 secs] 599167K->389008K(1546688K), 0.0052670 secs] [Times: user=0.01 sys=0.00, real=0.01 secs] 
17930.889: [GC 17930.889: [ParNew: 210371K->912K(235968K), 0.0101250 secs] 598800K->389395K(1546688K), 0.0103210 secs] [Times: user=0.02 sys=0.00, real=0.01 secs] 
17952.353: [GC 17952.354: [ParNew: 210704K->1094K(235968K), 0.0070000 secs] 599187K->389621K(1546688K), 0.0072010 secs] [Times: user=0.02 sys=0.00, real=0.01 secs] 
17959.276: [GC 17959.276: [ParNew: 210886K->791K(235968K), 0.0040810 secs] 599413K->389361K(1546688K), 0.0042940 secs] [Times: user=0.02 sys=0.00, real=0.00 secs] 
17966.219: [GC 17966.219: [ParNew: 210583K->893K(235968K), 0.0103830 secs] 599153K->389498K(1546688K), 0.0106280 secs] [Times: user=0.03 sys=0.00, real=0.01 secs] 
17985.222: [GC 17985.222: [ParNew: 210685K->876K(235968K), 0.0052720 secs] 599290K->389524K(1546688K), 0.0054640 secs] [Times: user=0.01 sys=0.00, real=0.00 secs] 
17996.682: [GC 17996.682: [ParNew: 210668K->578K(235968K), 0.0060680 secs] 599316K->389358K(1546688K), 0.0064380 secs] [Times: user=0.02 sys=0.00, real=0.01 secs] 
18012.785: [GC 18012.785: [ParNew: 210370K->753K(235968K), 0.0035320 secs] 599150K->389584K(1546688K), 0.0037800 secs] [Times: user=0.02 sys=0.00, real=0.01 secs] 
18019.844: [GC 18019.844: [ParNew: 210545K->804K(235968K), 0.0036940 secs] 599376K->389679K(1546688K), 0.0039210 secs] [Times: user=0.02 sys=0.00, real=0.01 secs] 
18043.760: [GC 18043.760: [ParNew: 210501K->1010K(235968K), 0.0038150 secs] 599376K->389923K(1546688K), 0.0040060 secs] [Times: user=0.02 sys=0.00, real=0.01 secs] 
18047.607: [GC 18047.607: [ParNew: 210802K->610K(235968K), 0.0046300 secs] 599715K->389562K(1546688K), 0.0048730 secs] [Times: user=0.02 sys=0.00, real=0.01 secs] 
18056.743: [GC 18056.743: [ParNew: 210386K->751K(235968K), 0.0143640 secs] 599339K->389751K(1546688K), 0.0146550 secs] [Times: user=0.02 sys=0.00, real=0.01 secs] 
18078.621: [GC 18078.621: [ParNew: 210543K->474K(235968K), 0.0066630 secs] 599543K->389517K(1546688K), 0.0068910 secs] [Times: user=0.02 sys=0.00, real=0.01 secs] 
18084.320: [GC 18084.320: [ParNew: 210266K->926K(235968K), 0.0042380 secs] 599309K->390018K(1546688K), 0.0044290 secs] [Times: user=0.02 sys=0.00, real=0.01 secs] 
18105.133: [GC 18105.133: [ParNew: 210701K->491K(235968K), 0.0060920 secs] 599793K->389619K(1546688K), 0.0063620 secs] [Times: user=0.02 sys=0.00, real=0.00 secs] 
18108.602: [GC 18108.602: [ParNew: 210236K->794K(235968K), 0.0055130 secs] 599363K->389958K(1546688K), 0.0057190 secs] [Times: user=0.01 sys=0.00, real=0.00 secs] 
18124.086: [GC 18124.087: [ParNew: 210586K->774K(235968K), 0.0047340 secs] 599750K->389975K(1546688K), 0.0049180 secs] [Times: user=0.02 sys=0.00, real=0.01 secs] 
18139.288: [GC 18139.288: [ParNew: 210566K->845K(235968K), 0.0048550 secs] 599767K->390088K(1546688K), 0.0051320 secs] [Times: user=0.02 sys=0.01, real=0.00 secs] 
18145.785: [GC 18145.785: [ParNew: 210637K->933K(235968K), 0.0041100 secs] 599880K->390220K(1546688K), 0.0043610 secs] [Times: user=0.02 sys=0.00, real=0.00 secs] 
18165.233: [GC 18165.233: [ParNew: 210725K->1604K(235968K), 0.0050840 secs] 600012K->390940K(1546688K), 0.0053470 secs] [Times: user=0.03 sys=0.00, real=0.00 secs] 
18170.938: [GC 18170.938: [ParNew: 211396K->837K(235968K), 0.0073940 secs] 600732K->390222K(1546688K), 0.0076680 secs] [Times: user=0.02 sys=0.00, real=0.01 secs] 
18192.433: [GC 18192.433: [ParNew: 210607K->750K(235968K), 0.0079600 secs] 599992K->390208K(1546688K), 0.0081810 secs] [Times: user=0.02 sys=0.00, real=0.01 secs] 
18199.340: [GC 18199.340: [ParNew: 210505K->546K(235968K), 0.0052290 secs] 599963K->390049K(1546688K), 0.0054970 secs] [Times: user=0.02 sys=0.00, real=0.00 secs] 
18206.271: [GC 18206.271: [ParNew: 210338K->886K(235968K), 0.0092520 secs] 599841K->390438K(1546688K), 0.0094970 secs] [Times: user=0.01 sys=0.00, real=0.01 secs] 
18227.616: [GC 18227.616: [ParNew: 210678K->1011K(235968K), 0.0043470 secs] 600230K->390612K(1546688K), 0.0046060 secs] [Times: user=0.02 sys=0.01, real=0.00 secs] 
18236.752: [GC 18236.753: [ParNew: 210803K->738K(235968K), 0.0247220 secs] 600404K->390381K(1546688K), 0.0250260 secs] [Times: user=0.03 sys=0.00, real=0.02 secs] 
18252.845: [GC 18252.845: [ParNew: 210455K->859K(235968K), 0.0040580 secs] 600098K->390533K(1546688K), 0.0043240 secs] [Times: user=0.02 sys=0.00, real=0.01 secs] 
18264.315: [GC 18264.316: [ParNew: 210651K->561K(235968K), 0.0057320 secs] 600325K->390272K(1546688K), 0.0059310 secs] [Times: user=0.02 sys=0.00, real=0.01 secs] 
18283.827: [GC 18283.827: [ParNew: 210353K->490K(235968K), 0.0050060 secs] 600064K->390245K(1546688K), 0.0052560 secs] [Times: user=0.02 sys=0.00, real=0.00 secs] 
18288.611: [GC 18288.611: [ParNew: 210201K->814K(235968K), 0.0050290 secs] 599957K->390618K(1546688K), 0.0052520 secs] [Times: user=0.02 sys=0.00, real=0.01 secs] 
18304.101: [GC 18304.101: [ParNew: 210606K->1087K(235968K), 0.0055210 secs] 600410K->390941K(1546688K), 0.0057230 secs] [Times: user=0.02 sys=0.00, real=0.00 secs] 
18319.281: [GC 18319.281: [ParNew: 210879K->888K(235968K), 0.0067080 secs] 600733K->390785K(1546688K), 0.0069500 secs] [Times: user=0.02 sys=0.00, real=0.01 secs] 
18325.810: [GC 18325.810: [ParNew: 210661K->725K(235968K), 0.0040690 secs] 600558K->390666K(1546688K), 0.0042590 secs] [Times: user=0.02 sys=0.00, real=0.00 secs] 
18345.189: [GC 18345.189: [ParNew: 210482K->515K(235968K), 0.0364040 secs] 600424K->390499K(1546688K), 0.0366990 secs] [Times: user=0.06 sys=0.00, real=0.04 secs] 
18350.954: [GC 18350.954: [ParNew: 210293K->583K(235968K), 0.0072220 secs] 600277K->390621K(1546688K), 0.0074380 secs] [Times: user=0.02 sys=0.00, real=0.00 secs] 
18372.448: [GC 18372.448: [ParNew: 210314K->826K(235968K), 0.0177080 secs] 600353K->390908K(1546688K), 0.0180420 secs] [Times: user=0.03 sys=0.00, real=0.02 secs] 
18379.359: [GC 18379.360: [ParNew: 210613K->774K(235968K), 0.0057110 secs] 600695K->390899K(1546688K), 0.0059230 secs] [Times: user=0.01 sys=0.00, real=0.00 secs] 
18386.276: [GC 18386.276: [ParNew: 210566K->880K(235968K), 0.0089690 secs] 600691K->391037K(1546688K), 0.0092220 secs] [Times: user=0.01 sys=0.00, real=0.01 secs] 
18405.303: [GC 18405.304: [ParNew: 210640K->630K(235968K), 0.0059360 secs] 600796K->390828K(1546688K), 0.0061730 secs] [Times: user=0.02 sys=0.00, real=0.01 secs] 
18416.773: [GC 18416.773: [ParNew: 210422K->421K(235968K), 0.0059180 secs] 600620K->390660K(1546688K), 0.0062030 secs] [Times: user=0.02 sys=0.00, real=0.00 secs] 
18432.858: [GC 18432.858: [ParNew: 210186K->645K(235968K), 0.0038740 secs] 600425K->390931K(1546688K), 0.0040740 secs] [Times: user=0.02 sys=0.00, real=0.01 secs] 
18439.902: [GC 18439.902: [ParNew: 210437K->751K(235968K), 0.0032780 secs] 600723K->391081K(1546688K), 0.0035120 secs] [Times: user=0.02 sys=0.00, real=0.00 secs] 
18463.837: [GC 18463.837: [ParNew: 210543K->700K(235968K), 0.0033330 secs] 600873K->391067K(1546688K), 0.0035820 secs] [Times: user=0.03 sys=0.00, real=0.00 secs] 
18467.687: [GC 18467.687: [ParNew: 210492K->847K(235968K), 0.0031390 secs] 600859K->391250K(1546688K), 0.0033790 secs] [Times: user=0.02 sys=0.01, real=0.00 secs] 
18476.844: [GC 18476.844: [ParNew: 210594K->726K(235968K), 0.0064000 secs] 600996K->391198K(1546688K), 0.0066770 secs] [Times: user=0.02 sys=0.00, real=0.00 secs] 
18499.282: [GC 18499.282: [ParNew: 210518K->564K(235968K), 0.0030760 secs] 600990K->391080K(1546688K), 0.0033090 secs] [Times: user=0.02 sys=0.00, real=0.00 secs] 
18504.372: [GC 18504.372: [ParNew: 210356K->652K(235968K), 0.0036520 secs] 600872K->391218K(1546688K), 0.0038890 secs] [Times: user=0.02 sys=0.00, real=0.00 secs] 
18525.186: [GC 18525.186: [ParNew: 210444K->720K(235968K), 0.0031300 secs] 601010K->391322K(1546688K), 0.0033770 secs] [Times: user=0.02 sys=0.00, real=0.00 secs] 
18528.677: [GC 18528.678: [ParNew: 210512K->772K(235968K), 0.0034720 secs] 601114K->391410K(1546688K), 0.0036990 secs] [Times: user=0.03 sys=0.00, real=0.00 secs] 
18544.166: [GC 18544.166: [ParNew: 210564K->706K(235968K), 0.0032020 secs] 601202K->391380K(1546688K), 0.0034430 secs] [Times: user=0.02 sys=0.00, real=0.00 secs] 
18559.373: [GC 18559.373: [ParNew: 210498K->557K(235968K), 0.0033990 secs] 601172K->391270K(1546688K), 0.0036840 secs] [Times: user=0.03 sys=0.00, real=0.00 secs] 
18565.889: [GC 18565.890: [ParNew: 210349K->623K(235968K), 0.0051530 secs] 601062K->391380K(1546688K), 0.0053680 secs] [Times: user=0.02 sys=0.00, real=0.00 secs] 
18585.322: [GC 18585.322: [ParNew: 210415K->525K(235968K), 0.0042390 secs] 601172K->391317K(1546688K), 0.0045080 secs] [Times: user=0.02 sys=0.01, real=0.01 secs] 
18591.017: [GC 18591.017: [ParNew: 210317K->764K(235968K), 0.0039110 secs] 601109K->391594K(1546688K), 0.0041140 secs] [Times: user=0.02 sys=0.00, real=0.00 secs] 
18612.622: [GC 18612.622: [ParNew: 210496K->877K(235968K), 0.0060590 secs] 601326K->391743K(1546688K), 0.0063170 secs] [Times: user=0.01 sys=0.00, real=0.00 secs] 
18619.644: [GC 18619.644: [ParNew: 210669K->683K(235968K), 0.0044240 secs] 601535K->391592K(1546688K), 0.0046140 secs] [Times: user=0.01 sys=0.00, real=0.00 secs] 
18626.331: [GC 18626.331: [ParNew: 210462K->598K(235968K), 0.0043430 secs] 601371K->391556K(1546688K), 0.0046060 secs] [Times: user=0.03 sys=0.00, real=0.00 secs] 
18647.696: [GC 18647.696: [ParNew: 210390K->1074K(235968K), 0.0040750 secs] 601348K->392080K(1546688K), 0.0043370 secs] [Times: user=0.03 sys=0.00, real=0.00 secs] 
18656.866: [GC 18656.866: [ParNew: 210866K->792K(235968K), 0.0042390 secs] 601872K->391968K(1546688K), 0.0045610 secs] [Times: user=0.02 sys=0.00, real=0.00 secs] 
18672.920: [GC 18672.920: [ParNew: 210584K->730K(235968K), 0.0037380 secs] 601760K->391938K(1546688K), 0.0039940 secs] [Times: user=0.02 sys=0.00, real=0.01 secs] 
18684.372: [GC 18684.372: [ParNew: 210522K->681K(235968K), 0.0052300 secs] 601730K->391919K(1546688K), 0.0054210 secs] [Times: user=0.02 sys=0.00, real=0.00 secs] 
18703.897: [GC 18703.897: [ParNew: 210473K->859K(235968K), 0.0045160 secs] 601711K->392140K(1546688K), 0.0047390 secs] [Times: user=0.02 sys=0.00, real=0.00 secs] 
18708.687: [GC 18708.687: [ParNew: 210621K->780K(235968K), 0.0035420 secs] 601903K->392110K(1546688K), 0.0037820 secs] [Times: user=0.02 sys=0.00, real=0.00 secs] 
18724.181: [GC 18724.181: [ParNew: 210572K->1053K(235968K), 0.0050340 secs] 601902K->392432K(1546688K), 0.0052940 secs] [Times: user=0.02 sys=0.00, real=0.01 secs] 
18739.341: [GC 18739.341: [ParNew: 210845K->677K(235968K), 0.0050270 secs] 602224K->392099K(1546688K), 0.0052550 secs] [Times: user=0.02 sys=0.00, real=0.00 secs] 
18745.907: [GC 18745.907: [ParNew: 210469K->1112K(235968K), 0.0044470 secs] 601891K->392572K(1546688K), 0.0046800 secs] [Times: user=0.02 sys=0.00, real=0.01 secs] 
18765.237: [GC 18765.237: [ParNew: 210904K->959K(235968K), 0.0037180 secs] 602364K->392463K(1546688K), 0.0039810 secs] [Times: user=0.02 sys=0.01, real=0.00 secs] 
18771.029: [GC 18771.029: [ParNew: 210708K->615K(235968K), 0.0070770 secs] 602211K->392164K(1546688K), 0.0073420 secs] [Times: user=0.02 sys=0.00, real=0.01 secs] 
18792.527: [GC 18792.527: [ParNew: 210407K->852K(235968K), 0.0067290 secs] 601956K->392449K(1546688K), 0.0069760 secs] [Times: user=0.02 sys=0.00, real=0.01 secs] 
18799.555: [GC 18799.555: [ParNew: 210616K->796K(235968K), 0.0055350 secs] 602213K->392436K(1546688K), 0.0057300 secs] [Times: user=0.01 sys=0.00, real=0.00 secs] 
18806.338: [GC 18806.338: [ParNew: 210588K->839K(235968K), 0.0037580 secs] 602228K->392510K(1546688K), 0.0040380 secs] [Times: user=0.02 sys=0.00, real=0.01 secs] 
18825.392: [GC 18825.392: [ParNew: 210521K->919K(235968K), 0.0039680 secs] 602192K->392632K(1546688K), 0.0042270 secs] [Times: user=0.02 sys=0.00, real=0.00 secs] 
18836.876: [GC 18836.876: [ParNew: 210711K->447K(235968K), 0.0137520 secs] 602424K->392213K(1546688K), 0.0140600 secs] [Times: user=0.02 sys=0.00, real=0.01 secs] 
18852.565: [GC 18852.565: [ParNew: 210224K->673K(235968K), 0.0059440 secs] 601990K->392488K(1546688K), 0.0062210 secs] [Times: user=0.02 sys=0.00, real=0.00 secs] 
18859.944: [GC 18859.944: [ParNew: 210465K->855K(235968K), 0.0044350 secs] 602280K->392713K(1546688K), 0.0047100 secs] [Times: user=0.02 sys=0.00, real=0.00 secs] 
18883.908: [GC 18883.908: [ParNew: 210647K->1068K(235968K), 0.0051470 secs] 602505K->392970K(1546688K), 0.0054500 secs] [Times: user=0.02 sys=0.00, real=0.01 secs] 
18887.754: [GC 18887.754: [ParNew: 210792K->741K(235968K), 0.0069960 secs] 602694K->392682K(1546688K), 0.0071870 secs] [Times: user=0.01 sys=0.00, real=0.01 secs] 
18896.926: [GC 18896.926: [ParNew: 210533K->551K(235968K), 0.0042140 secs] 602474K->392616K(1546688K), 0.0044680 secs] [Times: user=0.02 sys=0.00, real=0.01 secs] 
18913.185: [GC 18913.186: [ParNew: 210292K->925K(235968K), 0.0073360 secs] 602358K->393033K(1546688K), 0.0076080 secs] [Times: user=0.01 sys=0.00, real=0.00 secs] 
18924.419: [GC 18924.419: [ParNew: 210717K->694K(235968K), 0.0069570 secs] 602825K->392840K(1546688K), 0.0071360 secs] [Times: user=0.02 sys=0.00, real=0.01 secs] 
18943.941: [GC 18943.941: [ParNew: 210416K->1627K(235968K), 0.0042200 secs] 602562K->393822K(1546688K), 0.0044930 secs] [Times: user=0.03 sys=0.00, real=0.00 secs] 
18948.733: [GC 18948.733: [ParNew: 211345K->1569K(235968K), 0.0050410 secs] 603541K->393813K(1546688K), 0.0052630 secs] [Times: user=0.02 sys=0.00, real=0.00 secs] 
18964.221: [GC 18964.221: [ParNew: 211361K->1902K(235968K), 0.0046920 secs] 603605K->394199K(1546688K), 0.0048970 secs] [Times: user=0.03 sys=0.00, real=0.00 secs] 
18979.367: [GC 18979.367: [ParNew: 211665K->1498K(235968K), 0.0052910 secs] 603962K->393839K(1546688K), 0.0055690 secs] [Times: user=0.02 sys=0.00, real=0.00 secs] 
18985.957: [GC 18985.957: [ParNew: 211252K->891K(235968K), 0.0054610 secs] 603592K->393963K(1546688K), 0.0056670 secs] [Times: user=0.02 sys=0.00, real=0.01 secs] 
19005.263: [GC 19005.263: [ParNew: 210631K->1107K(235968K), 0.0037360 secs] 603703K->394222K(1546688K), 0.0039520 secs] [Times: user=0.02 sys=0.00, real=0.00 secs] 
19011.068: [GC 19011.068: [ParNew: 210871K->941K(235968K), 0.0061760 secs] 603986K->394103K(1546688K), 0.0063790 secs] [Times: user=0.02 sys=0.00, real=0.01 secs] 
19032.563: [GC 19032.563: [ParNew: 210733K->928K(235968K), 0.0060050 secs] 603895K->394134K(1546688K), 0.0062890 secs] [Times: user=0.03 sys=0.00, real=0.01 secs] 
19039.599: [GC 19039.599: [ParNew: 210593K->925K(235968K), 0.0053170 secs] 603799K->394171K(1546688K), 0.0055290 secs] [Times: user=0.02 sys=0.00, real=0.01 secs] 
19046.364: [GC 19046.364: [ParNew: 210666K->892K(235968K), 0.0062350 secs] 603912K->394174K(1546688K), 0.0064410 secs] [Times: user=0.02 sys=0.00, real=0.00 secs] 
19065.430: [GC 19065.430: [ParNew: 210684K->574K(235968K), 0.0036720 secs] 603966K->393897K(1546688K), 0.0039750 secs] [Times: user=0.02 sys=0.00, real=0.00 secs] 
19071.122: [GC 19071.122: [ParNew: 210366K->681K(235968K), 0.0161230 secs] 603689K->394047K(1546688K), 0.0163710 secs] [Times: user=0.06 sys=0.00, real=0.01 secs] 
19093.184: [GC 19093.185: [ParNew: 210463K->885K(235968K), 0.0043960 secs] 603829K->394299K(1546688K), 0.0046400 secs] [Times: user=0.02 sys=0.00, real=0.01 secs] 
19099.981: [GC 19099.982: [ParNew: 210634K->642K(235968K), 0.0049820 secs] 604048K->394100K(1546688K), 0.0052630 secs] [Times: user=0.02 sys=0.00, real=0.01 secs] 
19123.955: [GC 19123.955: [ParNew: 210434K->989K(235968K), 0.0058920 secs] 603892K->394491K(1546688K), 0.0061770 secs] [Times: user=0.02 sys=0.00, real=0.01 secs] 
19127.800: [GC 19127.800: [ParNew: 210781K->871K(235968K), 0.0035960 secs] 604283K->394409K(1546688K), 0.0038640 secs] [Times: user=0.02 sys=0.00, real=0.01 secs] 
19136.980: [GC 19136.981: [ParNew: 210646K->1052K(235968K), 0.0049700 secs] 604184K->394632K(1546688K), 0.0052400 secs] [Times: user=0.03 sys=0.00, real=0.00 secs] 
19153.238: [GC 19153.238: [ParNew: 210834K->622K(235968K), 0.0039350 secs] 604414K->394246K(1546688K), 0.0041200 secs] [Times: user=0.02 sys=0.00, real=0.00 secs] 
19164.457: [GC 19164.457: [ParNew: 210349K->574K(235968K), 0.0050570 secs] 603972K->394276K(1546688K), 0.0053150 secs] [Times: user=0.02 sys=0.00, real=0.00 secs] 
19185.273: [GC 19185.273: [ParNew: 210359K->804K(235968K), 0.0035380 secs] 604061K->394543K(1546688K), 0.0037840 secs] [Times: user=0.02 sys=0.00, real=0.00 secs] 
19188.798: [GC 19188.798: [ParNew: 210535K->634K(235968K), 0.0048370 secs] 604274K->394408K(1546688K), 0.0050870 secs] [Times: user=0.02 sys=0.00, real=0.01 secs] 
19204.298: [GC 19204.298: [ParNew: 210426K->589K(235968K), 0.0035800 secs] 604200K->394400K(1546688K), 0.0038400 secs] [Times: user=0.02 sys=0.00, real=0.01 secs] 
19219.617: [GC 19219.617: [ParNew: 210381K->844K(235968K), 0.0042330 secs] 604192K->394694K(1546688K), 0.0044680 secs] [Times: user=0.02 sys=0.00, real=0.00 secs] 
19226.028: [GC 19226.028: [ParNew: 210558K->1164K(235968K), 0.0175510 secs] 604407K->395057K(1546688K), 0.0177270 secs] [Times: user=0.06 sys=0.00, real=0.02 secs] 
19245.449: [GC 19245.449: [ParNew: 210928K->610K(235968K), 0.0034080 secs] 604821K->394539K(1546688K), 0.0036490 secs] [Times: user=0.02 sys=0.00, real=0.01 secs] 
19251.133: [GC 19251.133: [ParNew: 210402K->686K(235968K), 0.0033780 secs] 604331K->394655K(1546688K), 0.0036180 secs] [Times: user=0.02 sys=0.00, real=0.00 secs] 
19272.636: [GC 19272.637: [ParNew: 210415K->854K(235968K), 0.0032240 secs] 604384K->394861K(1546688K), 0.0035050 secs] [Times: user=0.02 sys=0.00, real=0.01 secs] 
19279.987: [GC 19279.987: [ParNew: 210646K->1142K(235968K), 0.0033950 secs] 604653K->395193K(1546688K), 0.0036350 secs] [Times: user=0.02 sys=0.00, real=0.00 secs] 
19288.970: [GC 19288.970: [ParNew: 210934K->527K(235968K), 0.0032420 secs] 604985K->394626K(1546688K), 0.0034790 secs] [Times: user=0.02 sys=0.00, real=0.00 secs] 
19307.818: [GC 19307.818: [ParNew: 210319K->767K(235968K), 0.0032930 secs] 604418K->394909K(1546688K), 0.0035520 secs] [Times: user=0.02 sys=0.00, real=0.01 secs] 
19317.003: [GC 19317.003: [ParNew: 210559K->889K(235968K), 0.0032170 secs] 604701K->395095K(1546688K), 0.0034600 secs] [Times: user=0.01 sys=0.00, real=0.00 secs] 
19333.254: [GC 19333.254: [ParNew: 210681K->712K(235968K), 0.0033380 secs] 604887K->394961K(1546688K), 0.0035990 secs] [Times: user=0.02 sys=0.01, real=0.01 secs] 
19344.463: [GC 19344.463: [ParNew: 210504K->575K(235968K), 0.0031540 secs] 604753K->394855K(1546688K), 0.0033960 secs] [Times: user=0.02 sys=0.00, real=0.01 secs] 
19364.027: [GC 19364.027: [ParNew: 210311K->662K(235968K), 0.0032910 secs] 604592K->394991K(1546688K), 0.0035370 secs] [Times: user=0.02 sys=0.00, real=0.00 secs] 
19368.815: [GC 19368.815: [ParNew: 210445K->481K(235968K), 0.0088480 secs] 604775K->394860K(1546688K), 0.0090710 secs] [Times: user=0.03 sys=0.00, real=0.01 secs] 
19384.310: [GC 19384.311: [ParNew: 210259K->656K(235968K), 0.0037800 secs] 604637K->395077K(1546688K), 0.0040350 secs] [Times: user=0.02 sys=0.00, real=0.00 secs] 
19399.429: [GC 19399.429: [ParNew: 210448K->622K(235968K), 0.0031320 secs] 604869K->395087K(1546688K), 0.0033750 secs] [Times: user=0.02 sys=0.00, real=0.00 secs] 
19406.050: [GC 19406.050: [ParNew: 210414K->766K(235968K), 0.0045340 secs] 604879K->395262K(1546688K), 0.0047980 secs] [Times: user=0.02 sys=0.00, real=0.00 secs] 
19425.466: [GC 19425.466: [ParNew: 210558K->729K(235968K), 0.0047830 secs] 605054K->395272K(1546688K), 0.0050540 secs] [Times: user=0.02 sys=0.00, real=0.00 secs] 
19431.150: [GC 19431.150: [ParNew: 210521K->775K(235968K), 0.0034980 secs] 605064K->395390K(1546688K), 0.0037360 secs] [Times: user=0.02 sys=0.00, real=0.01 secs] 
19452.650: [GC 19452.650: [ParNew: 210534K->1045K(235968K), 0.0032460 secs] 605150K->395705K(1546688K), 0.0034960 secs] [Times: user=0.03 sys=0.00, real=0.00 secs] 
19459.680: [GC 19459.680: [ParNew: 210837K->1018K(235968K), 0.0040890 secs] 605497K->395721K(1546688K), 0.0043650 secs] [Times: user=0.02 sys=0.00, real=0.00 secs] 
19466.413: [GC 19466.414: [ParNew: 210809K->1049K(235968K), 0.0038540 secs] 605512K->395789K(1546688K), 0.0041120 secs] [Times: user=0.02 sys=0.00, real=0.01 secs] 
19485.502: [GC 19485.502: [ParNew: 210841K->1258K(235968K), 0.0078440 secs] 605581K->396044K(1546688K), 0.0081110 secs] [Times: user=0.02 sys=0.00, real=0.01 secs] 
19491.181: [GC 19491.182: [ParNew: 211050K->968K(235968K), 0.0066470 secs] 605836K->395826K(1546688K), 0.0068340 secs] [Times: user=0.02 sys=0.00, real=0.01 secs] 
19512.684: [GC 19512.684: [ParNew: 210760K->776K(235968K), 0.0038340 secs] 605618K->395688K(1546688K), 0.0040840 secs] [Times: user=0.02 sys=0.00, real=0.00 secs] 
19520.027: [GC 19520.027: [ParNew: 210568K->615K(235968K), 0.0038940 secs] 605480K->395648K(1546688K), 0.0041430 secs] [Times: user=0.02 sys=0.00, real=0.01 secs] 
19544.019: [GC 19544.019: [ParNew: 210407K->864K(235968K), 0.0056400 secs] 605440K->395988K(1546688K), 0.0058870 secs] [Times: user=0.02 sys=0.00, real=0.00 secs] 
19547.860: [GC 19547.860: [ParNew: 210656K->1015K(235968K), 0.0038640 secs] 605780K->396176K(1546688K), 0.0041270 secs] [Times: user=0.02 sys=0.00, real=0.00 secs] 
19557.079: [GC 19557.079: [ParNew: 210807K->785K(235968K), 0.0037170 secs] 605968K->396013K(1546688K), 0.0039520 secs] [Times: user=0.02 sys=0.00, real=0.01 secs] 
19573.304: [GC 19573.304: [ParNew: 210570K->798K(235968K), 0.0035260 secs] 605799K->396070K(1546688K), 0.0037950 secs] [Times: user=0.02 sys=0.00, real=0.00 secs] 
19584.503: [GC 19584.504: [ParNew: 210575K->889K(235968K), 0.0037980 secs] 605847K->396197K(1546688K), 0.0040630 secs] [Times: user=0.02 sys=0.00, real=0.00 secs] 
19604.070: [GC 19604.071: [ParNew: 210681K->644K(235968K), 0.0046350 secs] 605989K->396002K(1546688K), 0.0048220 secs] [Times: user=0.02 sys=0.00, real=0.00 secs] 
19608.888: [GC 19608.888: [ParNew: 210411K->478K(235968K), 0.0044480 secs] 605769K->395872K(1546688K), 0.0046810 secs] [Times: user=0.02 sys=0.00, real=0.00 secs] 
19624.363: [GC 19624.363: [ParNew: 210270K->624K(235968K), 0.0038860 secs] 605664K->396055K(1546688K), 0.0041520 secs] [Times: user=0.02 sys=0.00, real=0.00 secs] 
19639.469: [GC 19639.469: [ParNew: 210382K->842K(235968K), 0.0037870 secs] 605812K->396316K(1546688K), 0.0040450 secs] [Times: user=0.02 sys=0.00, real=0.01 secs] 
19646.105: [GC 19646.105: [ParNew: 210634K->718K(235968K), 0.0056470 secs] 606108K->396223K(1546688K), 0.0058490 secs] [Times: user=0.03 sys=0.00, real=0.01 secs] 
19665.516: [GC 19665.516: [ParNew: 210432K->928K(235968K), 0.0058460 secs] 605937K->396482K(1546688K), 0.0060620 secs] [Times: user=0.02 sys=0.00, real=0.01 secs] 
19671.194: [GC 19671.195: [ParNew: 210661K->681K(235968K), 0.0060250 secs] 606215K->396277K(1546688K), 0.0062330 secs] [Times: user=0.01 sys=0.00, real=0.01 secs] 
19692.699: [GC 19692.699: [ParNew: 210473K->845K(235968K), 0.0062710 secs] 606069K->396479K(1546688K), 0.0064810 secs] [Times: user=0.01 sys=0.00, real=0.01 secs] 
19699.738: [GC 19699.738: [ParNew: 210637K->782K(235968K), 0.0037240 secs] 606271K->396459K(1546688K), 0.0040150 secs] [Times: user=0.02 sys=0.00, real=0.01 secs] 
19706.461: [GC 19706.461: [ParNew: 210574K->589K(235968K), 0.0037100 secs] 606251K->396333K(1546688K), 0.0039180 secs] [Times: user=0.02 sys=0.00, real=0.00 secs] 
19727.878: [GC 19727.879: [ParNew: 210355K->661K(235968K), 0.0056390 secs] 606099K->396452K(1546688K), 0.0058560 secs] [Times: user=0.03 sys=0.00, real=0.00 secs] 
19737.093: [GC 19737.093: [ParNew: 210420K->752K(235968K), 0.0035940 secs] 606210K->396596K(1546688K), 0.0038030 secs] [Times: user=0.02 sys=0.01, real=0.01 secs] 
19753.323: [GC 19753.323: [ParNew: 210544K->972K(235968K), 0.0050890 secs] 606388K->396860K(1546688K), 0.0053230 secs] [Times: user=0.02 sys=0.00, real=0.00 secs] 
19760.081: [GC 19760.081: [ParNew: 210764K->566K(235968K), 0.0044350 secs] 606652K->396498K(1546688K), 0.0047360 secs] [Times: user=0.02 sys=0.00, real=0.01 secs] 
19784.087: [GC 19784.087: [ParNew: 210347K->603K(235968K), 0.0070220 secs] 606278K->396571K(1546688K), 0.0072270 secs] [Times: user=0.03 sys=0.00, real=0.00 secs] 
19788.327: [GC 19788.327: [ParNew: 210395K->481K(235968K), 0.0034040 secs] 606363K->396489K(1546688K), 0.0036290 secs] [Times: user=0.02 sys=0.00, real=0.00 secs] 
19804.376: [GC 19804.377: [ParNew: 210273K->593K(235968K), 0.0032480 secs] 606281K->396650K(1546688K), 0.0035150 secs] [Times: user=0.02 sys=0.00, real=0.00 secs] 
19819.473: [GC 19819.473: [ParNew: 210385K->673K(235968K), 0.0035360 secs] 606442K->396761K(1546688K), 0.0038350 secs] [Times: user=0.02 sys=0.00, real=0.00 secs] 
19826.126: [GC 19826.126: [ParNew: 210371K->951K(235968K), 0.0037420 secs] 606459K->397083K(1546688K), 0.0039450 secs] [Times: user=0.02 sys=0.00, real=0.00 secs] 
19845.372: [GC 19845.372: [ParNew: 210743K->787K(235968K), 0.0032710 secs] 606875K->396956K(1546688K), 0.0035180 secs] [Times: user=0.02 sys=0.00, real=0.00 secs] 
19848.960: [GC 19848.960: [ParNew: 210579K->745K(235968K), 0.0035850 secs] 606748K->396959K(1546688K), 0.0038100 secs] [Times: user=0.02 sys=0.01, real=0.00 secs] 
19870.850: [GC 19870.850: [ParNew: 210536K->475K(235968K), 0.0031670 secs] 606751K->396738K(1546688K), 0.0034090 secs] [Times: user=0.02 sys=0.00, real=0.01 secs] 
19879.755: [GC 19879.755: [ParNew: 210197K->868K(235968K), 0.0034790 secs] 606460K->397169K(1546688K), 0.0037230 secs] [Times: user=0.02 sys=0.00, real=0.00 secs] 
19886.467: [GC 19886.467: [ParNew: 210657K->601K(235968K), 0.0045970 secs] 606958K->396946K(1546688K), 0.0048510 secs] [Times: user=0.02 sys=0.00, real=0.01 secs] 
19905.584: [GC 19905.584: [ParNew: 210367K->745K(235968K), 0.0052260 secs] 606712K->397126K(1546688K), 0.0055000 secs] [Times: user=0.03 sys=0.00, real=0.01 secs] 
19911.265: [GC 19911.265: [ParNew: 210537K->703K(235968K), 0.0066150 secs] 606918K->397123K(1546688K), 0.0068110 secs] [Times: user=0.02 sys=0.00, real=0.01 secs] 
19924.578: [GC 19924.578: [ParNew: 210495K->1091K(235968K), 0.0070690 secs] 606915K->397577K(1546688K), 0.0072450 secs] [Times: user=0.02 sys=0.00, real=0.01 secs] 
19939.764: [GC 19939.764: [ParNew: 210790K->1038K(235968K), 0.0038280 secs] 607276K->397582K(1546688K), 0.0040790 secs] [Times: user=0.02 sys=0.00, real=0.00 secs] 
19946.473: [GC 19946.473: [ParNew: 210830K->791K(235968K), 0.0039700 secs] 607374K->397383K(1546688K), 0.0042160 secs] [Times: user=0.01 sys=0.00, real=0.00 secs] 
19965.593: [GC 19965.593: [ParNew: 210583K->524K(235968K), 0.0096080 secs] 607175K->397171K(1546688K), 0.0098360 secs] [Times: user=0.03 sys=0.00, real=0.01 secs] 
19971.274: [GC 19971.274: [ParNew: 210316K->789K(235968K), 0.0037650 secs] 606963K->397504K(1546688K), 0.0040210 secs] [Times: user=0.02 sys=0.00, real=0.01 secs] 
19992.776: [GC 19992.776: [ParNew: 210531K->824K(235968K), 0.0045470 secs] 607245K->397587K(1546688K), 0.0048040 secs] [Times: user=0.02 sys=0.00, real=0.00 secs] 
20000.090: [GC 20000.091: [ParNew: 210616K->863K(235968K), 0.0040590 secs] 607379K->397665K(1546688K), 0.0042640 secs] [Times: user=0.02 sys=0.00, real=0.01 secs] 
20024.113: [GC 20024.113: [ParNew: 210655K->883K(235968K), 0.0036650 secs] 607457K->397731K(1546688K), 0.0039060 secs] [Times: user=0.02 sys=0.01, real=0.00 secs] 
20027.960: [GC 20027.961: [ParNew: 210636K->770K(235968K), 0.0050130 secs] 607485K->397655K(1546688K), 0.0051840 secs] [Times: user=0.02 sys=0.00, real=0.00 secs] 
20037.181: [GC 20037.181: [ParNew: 210562K->857K(235968K), 0.0064930 secs] 607447K->397778K(1546688K), 0.0066680 secs] [Times: user=0.02 sys=0.00, real=0.01 secs] 
20053.395: [GC 20053.396: [ParNew: 210644K->884K(235968K), 0.0047000 secs] 607565K->397848K(1546688K), 0.0049710 secs] [Times: user=0.01 sys=0.00, real=0.00 secs] 
20064.570: [GC 20064.570: [ParNew: 210676K->512K(235968K), 0.0068400 secs] 607640K->397519K(1546688K), 0.0070410 secs] [Times: user=0.02 sys=0.00, real=0.01 secs] 
20085.395: [GC 20085.396: [ParNew: 210304K->889K(235968K), 0.0128600 secs] 607311K->397946K(1546688K), 0.0131000 secs] [Times: user=0.03 sys=0.00, real=0.01 secs] 
20088.996: [GC 20088.996: [ParNew: 210681K->1148K(235968K), 0.0117600 secs] 607738K->398241K(1546688K), 0.0120350 secs] [Times: user=0.02 sys=0.00, real=0.01 secs] 
20104.592: [GC 20104.592: [ParNew: 210883K->514K(235968K), 0.0073800 secs] 607976K->397643K(1546688K), 0.0076610 secs] [Times: user=0.02 sys=0.00, real=0.01 secs] 
20119.537: [GC 20119.537: [ParNew: 210306K->659K(235968K), 0.0074560 secs] 607435K->397832K(1546688K), 0.0077120 secs] [Times: user=0.02 sys=0.00, real=0.01 secs] 
20126.211: [GC 20126.211: [ParNew: 210451K->553K(235968K), 0.0042620 secs] 607624K->397770K(1546688K), 0.0045020 secs] [Times: user=0.02 sys=0.00, real=0.01 secs] 
20145.609: [GC 20145.609: [ParNew: 210345K->913K(235968K), 0.0059440 secs] 607562K->398179K(1546688K), 0.0061290 secs] [Times: user=0.02 sys=0.00, real=0.01 secs] 
20151.282: [GC 20151.282: [ParNew: 210705K->1234K(235968K), 0.0052380 secs] 607971K->398546K(1546688K), 0.0054960 secs] [Times: user=0.02 sys=0.00, real=0.00 secs] 
20172.781: [GC 20172.781: [ParNew: 211026K->1335K(235968K), 0.0074400 secs] 608338K->398691K(1546688K), 0.0077290 secs] [Times: user=0.02 sys=0.00, real=0.01 secs] 
20179.826: [GC 20179.826: [ParNew: 211113K->1095K(235968K), 0.0046160 secs] 608469K->398495K(1546688K), 0.0048290 secs] [Times: user=0.02 sys=0.00, real=0.00 secs] 
20186.518: [GC 20186.519: [ParNew: 210887K->1344K(235968K), 0.0037490 secs] 608287K->398786K(1546688K), 0.0039470 secs] [Times: user=0.02 sys=0.00, real=0.00 secs] 
20205.656: [GC 20205.657: [ParNew: 211095K->1147K(235968K), 0.0055070 secs] 608537K->398646K(1546688K), 0.0057710 secs] [Times: user=0.03 sys=0.00, real=0.01 secs] 
20213.727: [GC 20213.727: [ParNew: 210939K->547K(235968K), 0.0241830 secs] 608438K->398221K(1546688K), 0.0245050 secs] [Times: user=0.06 sys=0.00, real=0.03 secs] 
20233.400: [GC 20233.400: [ParNew: 210339K->739K(235968K), 0.0072750 secs] 608013K->398572K(1546688K), 0.0075150 secs] [Times: user=0.03 sys=0.00, real=0.01 secs] 
20240.130: [GC 20240.130: [ParNew: 210418K->908K(235968K), 0.0052710 secs] 608251K->398785K(1546688K), 0.0055130 secs] [Times: user=0.02 sys=0.00, real=0.01 secs] 
20264.161: [GC 20264.161: [ParNew: 210700K->1223K(235968K), 0.0069730 secs] 608576K->399144K(1546688K), 0.0072260 secs] [Times: user=0.02 sys=0.00, real=0.01 secs] 
20268.008: [GC 20268.008: [ParNew: 211015K->611K(235968K), 0.0083300 secs] 608936K->398569K(1546688K), 0.0085590 secs] [Times: user=0.02 sys=0.00, real=0.01 secs] 
20277.234: [GC 20277.234: [ParNew: 210403K->858K(235968K), 0.0058440 secs] 608361K->398858K(1546688K), 0.0060450 secs] [Times: user=0.02 sys=0.00, real=0.01 secs] 
20293.448: [GC 20293.448: [ParNew: 210650K->651K(235968K), 0.0052520 secs] 608650K->398695K(1546688K), 0.0054520 secs] [Times: user=0.02 sys=0.00, real=0.00 secs] 
20304.612: [GC 20304.612: [ParNew: 210443K->865K(235968K), 0.0046320 secs] 608487K->398992K(1546688K), 0.0048340 secs] [Times: user=0.02 sys=0.00, real=0.01 secs] 
20325.451: [GC 20325.451: [ParNew: 210657K->765K(235968K), 0.0119990 secs] 608784K->398928K(1546688K), 0.0122130 secs] [Times: user=0.03 sys=0.00, real=0.02 secs] 
20329.068: [GC 20329.068: [ParNew: 210446K->587K(235968K), 0.0126870 secs] 608609K->398787K(1546688K), 0.0129750 secs] [Times: user=0.04 sys=0.00, real=0.01 secs] 
20344.641: [GC 20344.641: [ParNew: 210378K->769K(235968K), 0.0051100 secs] 608577K->399004K(1546688K), 0.0053090 secs] [Times: user=0.02 sys=0.00, real=0.00 secs] 
20359.842: [GC 20359.842: [ParNew: 210561K->569K(235968K), 0.0046630 secs] 608796K->398843K(1546688K), 0.0048680 secs] [Times: user=0.02 sys=0.01, real=0.00 secs] 
20366.278: [GC 20366.278: [ParNew: 210361K->897K(235968K), 0.0047770 secs] 608635K->399215K(1546688K), 0.0049710 secs] [Times: user=0.01 sys=0.00, real=0.00 secs] 
20385.664: [GC 20385.664: [ParNew: 210689K->602K(235968K), 0.0060800 secs] 609007K->398956K(1546688K), 0.0062750 secs] [Times: user=0.01 sys=0.00, real=0.00 secs] 
20391.337: [GC 20391.338: [ParNew: 210315K->596K(235968K), 0.0062900 secs] 608668K->398985K(1546688K), 0.0068180 secs] [Times: user=0.01 sys=0.00, real=0.01 secs] 
20412.848: [GC 20412.848: [ParNew: 210388K->601K(235968K), 0.0100190 secs] 608777K->399027K(1546688K), 0.0101990 secs] [Times: user=0.01 sys=0.00, real=0.01 secs] 
20420.134: [GC 20420.134: [ParNew: 210393K->790K(235968K), 0.0069060 secs] 608819K->399260K(1546688K), 0.0071930 secs] [Times: user=0.02 sys=0.01, real=0.01 secs] 
20430.751: [GC 20430.751: [ParNew: 210582K->541K(235968K), 0.0057930 secs] 609052K->399060K(1546688K), 0.0060420 secs] [Times: user=0.02 sys=0.00, real=0.01 secs] 
20448.023: [GC 20448.023: [ParNew: 210315K->698K(235968K), 0.0056700 secs] 608833K->399259K(1546688K), 0.0058860 secs] [Times: user=0.02 sys=0.00, real=0.00 secs] 
20457.258: [GC 20457.258: [ParNew: 210468K->827K(235968K), 0.0083030 secs] 609029K->399428K(1546688K), 0.0085160 secs] [Times: user=0.03 sys=0.00, real=0.01 secs] 
20473.466: [GC 20473.466: [ParNew: 210619K->753K(235968K), 0.0053150 secs] 609220K->399398K(1546688K), 0.0055780 secs] [Times: user=0.02 sys=0.00, real=0.01 secs] 
20484.616: [GC 20484.616: [ParNew: 210545K->844K(235968K), 0.0072680 secs] 609190K->399521K(1546688K), 0.0074730 secs] [Times: user=0.02 sys=0.00, real=0.01 secs] 
20504.230: [GC 20504.230: [ParNew: 210636K->921K(235968K), 0.0052100 secs] 609313K->399647K(1546688K), 0.0054800 secs] [Times: user=0.02 sys=0.00, real=0.01 secs] 
20509.106: [GC 20509.107: [ParNew: 210713K->717K(235968K), 0.0067610 secs] 609439K->399485K(1546688K), 0.0070630 secs] [Times: user=0.02 sys=0.00, real=0.01 secs] 
20524.654: [GC 20524.654: [ParNew: 210490K->819K(235968K), 0.0048360 secs] 609259K->399630K(1546688K), 0.0050190 secs] [Times: user=0.02 sys=0.00, real=0.00 secs] 
20539.582: [GC 20539.582: [ParNew: 210596K->763K(235968K), 0.0047440 secs] 609407K->399645K(1546688K), 0.0050170 secs] [Times: user=0.02 sys=0.00, real=0.00 secs] 
20546.296: [GC 20546.296: [ParNew: 210555K->896K(235968K), 0.0052640 secs] 609437K->399810K(1546688K), 0.0055320 secs] [Times: user=0.02 sys=0.00, real=0.01 secs] 
20565.686: [GC 20565.686: [ParNew: 210688K->826K(235968K), 0.0055960 secs] 609602K->399787K(1546688K), 0.0058690 secs] [Times: user=0.02 sys=0.00, real=0.00 secs] 
20571.353: [GC 20571.354: [ParNew: 210570K->875K(235968K), 0.0041890 secs] 609532K->399887K(1546688K), 0.0044690 secs] [Times: user=0.02 sys=0.00, real=0.01 secs] 
20592.861: [GC 20592.861: [ParNew: 210667K->652K(235968K), 0.0051240 secs] 609679K->399719K(1546688K), 0.0053120 secs] [Times: user=0.02 sys=0.00, real=0.00 secs] 
20599.917: [GC 20599.917: [ParNew: 210444K->680K(235968K), 0.0043770 secs] 609511K->399791K(1546688K), 0.0046460 secs] [Times: user=0.02 sys=0.00, real=0.01 secs] 
20606.576: [GC 20606.577: [ParNew: 210472K->765K(235968K), 0.0040280 secs] 609583K->399912K(1546688K), 0.0042880 secs] [Times: user=0.02 sys=0.00, real=0.01 secs] 
20625.735: [GC 20625.735: [ParNew: 210557K->1073K(235968K), 0.0049960 secs] 609704K->400262K(1546688K), 0.0053070 secs] [Times: user=0.02 sys=0.00, real=0.00 secs] 
20637.274: [GC 20637.274: [ParNew: 210865K->980K(235968K), 0.0050850 secs] 610054K->400218K(1546688K), 0.0053410 secs] [Times: user=0.02 sys=0.00, real=0.00 secs] 
20653.477: [GC 20653.477: [ParNew: 210772K->1143K(235968K), 0.0103350 secs] 610010K->400438K(1546688K), 0.0106070 secs] [Times: user=0.04 sys=0.00, real=0.01 secs] 
20660.300: [GC 20660.300: [ParNew: 210935K->1030K(235968K), 0.0062990 secs] 610230K->400368K(1546688K), 0.0065420 secs] [Times: user=0.02 sys=0.01, real=0.00 secs] 
20684.248: [GC 20684.248: [ParNew: 210822K->687K(235968K), 0.0072710 secs] 610160K->400328K(1546688K), 0.0075500 secs] [Times: user=0.02 sys=0.00, real=0.01 secs] 
20688.089: [GC 20688.090: [ParNew: 210479K->789K(235968K), 0.0056500 secs] 610120K->400468K(1546688K), 0.0059530 secs] [Times: user=0.02 sys=0.00, real=0.01 secs] 
20697.337: [GC 20697.338: [ParNew: 210581K->671K(235968K), 0.0054690 secs] 610260K->400392K(1546688K), 0.0057310 secs] [Times: user=0.02 sys=0.00, real=0.00 secs] 
20719.586: [GC 20719.586: [ParNew: 210463K->621K(235968K), 0.0055860 secs] 610184K->400384K(1546688K), 0.0058470 secs] [Times: user=0.02 sys=0.00, real=0.01 secs] 
20724.671: [GC 20724.672: [ParNew: 210413K->824K(235968K), 0.0219570 secs] 610176K->400637K(1546688K), 0.0222270 secs] [Times: user=0.07 sys=0.00, real=0.02 secs] 
20745.504: [GC 20745.504: [ParNew: 210616K->455K(235968K), 0.0211380 secs] 610429K->400315K(1546688K), 0.0214350 secs] [Times: user=0.03 sys=0.00, real=0.02 secs] 
20749.142: [GC 20749.142: [ParNew: 210240K->824K(235968K), 0.0062830 secs] 610100K->400721K(1546688K), 0.0065580 secs] [Times: user=0.02 sys=0.00, real=0.01 secs] 
20764.719: [GC 20764.720: [ParNew: 210616K->712K(235968K), 0.0042350 secs] 610513K->400662K(1546688K), 0.0045000 secs] [Times: user=0.02 sys=0.00, real=0.01 secs] 
20779.931: [GC 20779.932: [ParNew: 210504K->743K(235968K), 0.0104730 secs] 610454K->400731K(1546688K), 0.0107260 secs] [Times: user=0.02 sys=0.00, real=0.01 secs] 
20786.369: [GC 20786.369: [ParNew: 210535K->1056K(235968K), 0.0070680 secs] 610523K->401088K(1546688K), 0.0072620 secs] [Times: user=0.02 sys=0.00, real=0.01 secs] 
20805.751: [GC 20805.751: [ParNew: 210848K->825K(235968K), 0.0051500 secs] 610880K->400893K(1546688K), 0.0054430 secs] [Times: user=0.02 sys=0.00, real=0.01 secs] 
20811.412: [GC 20811.412: [ParNew: 210617K->755K(235968K), 0.0039330 secs] 610685K->400870K(1546688K), 0.0041790 secs] [Times: user=0.02 sys=0.00, real=0.01 secs] 
20832.931: [GC 20832.931: [ParNew: 210547K->691K(235968K), 0.0045220 secs] 610662K->400849K(1546688K), 0.0049050 secs] [Times: user=0.02 sys=0.00, real=0.01 secs] 
20840.308: [GC 20840.309: [ParNew: 210483K->718K(235968K), 0.0047700 secs] 610641K->400907K(1546688K), 0.0050240 secs] [Times: user=0.02 sys=0.00, real=0.01 secs] 
20864.259: [GC 20864.259: [ParNew: 210510K->723K(235968K), 0.0049580 secs] 610699K->400961K(1546688K), 0.0052360 secs] [Times: user=0.02 sys=0.00, real=0.00 secs] 
20868.106: [GC 20868.106: [ParNew: 210515K->1128K(235968K), 0.0108810 secs] 610753K->401402K(1546688K), 0.0111630 secs] [Times: user=0.03 sys=0.00, real=0.02 secs] 
20877.351: [GC 20877.351: [ParNew: 210802K->813K(235968K), 0.0044860 secs] 611076K->401124K(1546688K), 0.0047340 secs] [Times: user=0.02 sys=0.00, real=0.01 secs] 
20893.549: [GC 20893.549: [ParNew: 210574K->867K(235968K), 0.0064390 secs] 610885K->401222K(1546688K), 0.0067180 secs] [Times: user=0.02 sys=0.00, real=0.01 secs] 
20904.678: [GC 20904.679: [ParNew: 210659K->899K(235968K), 0.0041990 secs] 611014K->401316K(1546688K), 0.0044920 secs] [Times: user=0.02 sys=0.00, real=0.01 secs] 
20924.312: [GC 20924.312: [ParNew: 210691K->734K(235968K), 0.0060960 secs] 611108K->401200K(1546688K), 0.0063020 secs] [Times: user=0.02 sys=0.00, real=0.01 secs] 
20929.154: [GC 20929.154: [ParNew: 210455K->734K(235968K), 0.0059440 secs] 610921K->401243K(1546688K), 0.0061860 secs] [Times: user=0.02 sys=0.00, real=0.01 secs] 
20944.740: [GC 20944.740: [ParNew: 210526K->725K(235968K), 0.0065930 secs] 611035K->401270K(1546688K), 0.0068780 secs] [Times: user=0.02 sys=0.00, real=0.01 secs] 
20959.649: [GC 20959.649: [ParNew: 210427K->715K(235968K), 0.0070430 secs] 610972K->401303K(1546688K), 0.0073080 secs] [Times: user=0.01 sys=0.00, real=0.01 secs] 
20966.389: [GC 20966.390: [ParNew: 210507K->682K(235968K), 0.0055060 secs] 611095K->401302K(1546688K), 0.0057630 secs] [Times: user=0.01 sys=0.00, real=0.01 secs] 
20985.558: [GC 20985.559: [ParNew: 210474K->552K(235968K), 0.0415240 secs] 611094K->401225K(1546688K), 0.0417910 secs] [Times: user=0.09 sys=0.00, real=0.05 secs] 
20991.420: [GC 20991.420: [ParNew: 210344K->861K(235968K), 0.0072630 secs] 611017K->401586K(1546688K), 0.0074890 secs] [Times: user=0.02 sys=0.00, real=0.01 secs] 
21012.938: [GC 21012.938: [ParNew: 210653K->1082K(235968K), 0.0064030 secs] 611378K->401851K(1546688K), 0.0066790 secs] [Times: user=0.02 sys=0.00, real=0.01 secs] 
21020.000: [GC 21020.000: [ParNew: 210824K->678K(235968K), 0.0043830 secs] 611593K->401491K(1546688K), 0.0046500 secs] [Times: user=0.02 sys=0.00, real=0.01 secs] 
21026.627: [GC 21026.628: [ParNew: 210425K->884K(235968K), 0.0052700 secs] 611238K->401821K(1546688K), 0.0054690 secs] [Times: user=0.02 sys=0.00, real=0.01 secs] 
21045.819: [GC 21045.819: [ParNew: 210622K->895K(235968K), 0.0042870 secs] 611558K->401872K(1546688K), 0.0045410 secs] [Times: user=0.02 sys=0.00, real=0.00 secs] 
21057.367: [GC 21057.367: [ParNew: 210687K->728K(235968K), 0.0043600 secs] 611664K->401757K(1546688K), 0.0045950 secs] [Times: user=0.02 sys=0.00, real=0.01 secs] 
21073.557: [GC 21073.557: [ParNew: 210520K->737K(235968K), 0.0056290 secs] 611549K->401810K(1546688K), 0.0058250 secs] [Times: user=0.02 sys=0.01, real=0.00 secs] 
21080.356: [GC 21080.356: [ParNew: 210518K->838K(235968K), 0.0053600 secs] 611590K->401955K(1546688K), 0.0055600 secs] [Times: user=0.02 sys=0.00, real=0.00 secs] 
21104.319: [GC 21104.319: [ParNew: 210630K->792K(235968K), 0.0039430 secs] 611747K->401939K(1546688K), 0.0041490 secs] [Times: user=0.02 sys=0.00, real=0.01 secs] 
21108.163: [GC 21108.163: [ParNew: 210584K->782K(235968K), 0.0067290 secs] 611731K->401970K(1546688K), 0.0069260 secs] [Times: user=0.02 sys=0.00, real=0.01 secs] 
21117.418: [GC 21117.418: [ParNew: 210572K->786K(235968K), 0.0071070 secs] 611760K->402017K(1546688K), 0.0073100 secs] [Times: user=0.02 sys=0.00, real=0.00 secs] 
21139.645: [GC 21139.645: [ParNew: 210578K->751K(235968K), 0.0072060 secs] 611809K->402054K(1546688K), 0.0074220 secs] [Times: user=0.02 sys=0.00, real=0.00 secs] 
21144.850: [GC 21144.850: [ParNew: 210542K->544K(235968K), 0.0057350 secs] 611846K->401896K(1546688K), 0.0059290 secs] [Times: user=0.01 sys=0.00, real=0.01 secs] 
21165.560: [GC 21165.560: [ParNew: 210336K->710K(235968K), 0.0083940 secs] 611688K->402109K(1546688K), 0.0085790 secs] [Times: user=0.02 sys=0.00, real=0.01 secs] 
21169.219: [GC 21169.219: [ParNew: 210501K->886K(235968K), 0.0046090 secs] 611901K->402322K(1546688K), 0.0048150 secs] [Times: user=0.02 sys=0.00, real=0.01 secs] 
21184.807: [GC 21184.807: [ParNew: 210572K->562K(235968K), 0.0041770 secs] 612008K->402046K(1546688K), 0.0044340 secs] [Times: user=0.02 sys=0.00, real=0.00 secs] 
21200.013: [GC 21200.013: [ParNew: 210318K->1439K(235968K), 0.0037960 secs] 611802K->402961K(1546688K), 0.0040660 secs] [Times: user=0.02 sys=0.00, real=0.01 secs] 
21206.461: [GC 21206.461: [ParNew: 211231K->907K(235968K), 0.0038880 secs] 612753K->402474K(1546688K), 0.0041400 secs] [Times: user=0.01 sys=0.00, real=0.01 secs] 
21225.833: [GC 21225.833: [ParNew: 210641K->862K(235968K), 0.0041270 secs] 612208K->402465K(1546688K), 0.0043200 secs] [Times: user=0.02 sys=0.00, real=0.00 secs] 
21231.482: [GC 21231.483: [ParNew: 210654K->734K(235968K), 0.0038900 secs] 612257K->402373K(1546688K), 0.0041500 secs] [Times: user=0.02 sys=0.00, real=0.00 secs] 
21253.005: [GC 21253.005: [ParNew: 210526K->815K(235968K), 0.0040120 secs] 612165K->402498K(1546688K), 0.0043010 secs] [Times: user=0.02 sys=0.00, real=0.01 secs] 
21260.363: [GC 21260.363: [ParNew: 210593K->925K(235968K), 0.0056130 secs] 612277K->402639K(1546688K), 0.0058180 secs] [Times: user=0.02 sys=0.00, real=0.01 secs] 
21284.458: [GC 21284.459: [ParNew: 210717K->752K(235968K), 0.0059620 secs] 612431K->402516K(1546688K), 0.0061700 secs] [Times: user=0.02 sys=0.00, real=0.01 secs] 
21288.294: [GC 21288.294: [ParNew: 210544K->834K(235968K), 0.0041450 secs] 612308K->402634K(1546688K), 0.0043500 secs] [Times: user=0.03 sys=0.00, real=0.00 secs] 
21297.445: [GC 21297.446: [ParNew: 210626K->958K(235968K), 0.0035930 secs] 612426K->402794K(1546688K), 0.0038690 secs] [Times: user=0.02 sys=0.01, real=0.01 secs] 
21313.624: [GC 21313.624: [ParNew: 210639K->638K(235968K), 0.0038130 secs] 612475K->402517K(1546688K), 0.0040160 secs] [Times: user=0.02 sys=0.00, real=0.01 secs] 
21324.735: [GC 21324.736: [ParNew: 210430K->948K(235968K), 0.0038850 secs] 612309K->402864K(1546688K), 0.0040960 secs] [Times: user=0.02 sys=0.00, real=0.00 secs] 
21344.520: [GC 21344.520: [ParNew: 210723K->436K(235968K), 0.0037170 secs] 612639K->402401K(1546688K), 0.0039200 secs] [Times: user=0.02 sys=0.00, real=0.01 secs] 
21349.229: [GC 21349.230: [ParNew: 210228K->926K(235968K), 0.0060460 secs] 612193K->402934K(1546688K), 0.0062340 secs] [Times: user=0.03 sys=0.00, real=0.01 secs] 
21364.817: [GC 21364.817: [ParNew: 210703K->419K(235968K), 0.0070180 secs] 612710K->402467K(1546688K), 0.0072280 secs] [Times: user=0.02 sys=0.00, real=0.01 secs] 
21379.704: [GC 21379.705: [ParNew: 210211K->611K(235968K), 0.0040940 secs] 612259K->402702K(1546688K), 0.0043020 secs] [Times: user=0.02 sys=0.00, real=0.01 secs] 
21386.475: [GC 21386.475: [ParNew: 210403K->802K(235968K), 0.0034960 secs] 612494K->402924K(1546688K), 0.0036930 secs] [Times: user=0.02 sys=0.00, real=0.01 secs] 
21405.853: [GC 21405.853: [ParNew: 210594K->949K(235968K), 0.0048720 secs] 612716K->403120K(1546688K), 0.0050780 secs] [Times: user=0.02 sys=0.00, real=0.00 secs] 
21411.508: [GC 21411.508: [ParNew: 210682K->1002K(235968K), 0.0045110 secs] 612853K->403222K(1546688K), 0.0047120 secs] [Times: user=0.02 sys=0.00, real=0.01 secs] 
21433.019: [GC 21433.019: [ParNew: 210794K->936K(235968K), 0.0038740 secs] 613014K->403194K(1546688K), 0.0041410 secs] [Times: user=0.02 sys=0.00, real=0.00 secs] 
21440.067: [GC 21440.067: [ParNew: 210728K->1072K(235968K), 0.0035960 secs] 612986K->403374K(1546688K), 0.0038250 secs] [Times: user=0.03 sys=0.00, real=0.01 secs] 
21446.674: [GC 21446.674: [ParNew: 210864K->941K(235968K), 0.0036940 secs] 613166K->403294K(1546688K), 0.0039380 secs] [Times: user=0.03 sys=0.00, real=0.01 secs] 
21465.888: [GC 21465.888: [ParNew: 210728K->1077K(235968K), 0.0038070 secs] 613080K->403484K(1546688K), 0.0040930 secs] [Times: user=0.02 sys=0.00, real=0.00 secs] 
21471.539: [GC 21471.540: [ParNew: 210839K->930K(235968K), 0.0065810 secs] 613246K->403391K(1546688K), 0.0068590 secs] [Times: user=0.02 sys=0.00, real=0.01 secs] 
21493.064: [GC 21493.064: [ParNew: 210722K->662K(235968K), 0.0040170 secs] 613183K->403320K(1546688K), 0.0042330 secs] [Times: user=0.02 sys=0.00, real=0.00 secs] 
21500.402: [GC 21500.402: [ParNew: 210372K->886K(235968K), 0.0038510 secs] 613030K->403588K(1546688K), 0.0040670 secs] [Times: user=0.02 sys=0.00, real=0.00 secs] 
21524.510: [GC 21524.510: [ParNew: 210646K->772K(235968K), 0.0063400 secs] 613347K->403517K(1546688K), 0.0065500 secs] [Times: user=0.02 sys=0.01, real=0.01 secs] 
21528.346: [GC 21528.346: [ParNew: 210534K->782K(235968K), 0.0046960 secs] 613279K->403574K(1546688K), 0.0048880 secs] [Times: user=0.02 sys=0.00, real=0.00 secs] 
21537.507: [GC 21537.507: [ParNew: 210569K->967K(235968K), 0.0069980 secs] 613361K->403795K(1546688K), 0.0072060 secs] [Times: user=0.02 sys=0.01, real=0.01 secs] 
21553.679: [GC 21553.679: [ParNew: 210720K->919K(235968K), 0.0054870 secs] 613549K->403791K(1546688K), 0.0056820 secs] [Times: user=0.02 sys=0.00, real=0.00 secs] 
21564.770: [GC 21564.770: [ParNew: 210711K->787K(235968K), 0.0038040 secs] 613583K->403697K(1546688K), 0.0040870 secs] [Times: user=0.02 sys=0.00, real=0.00 secs] 
21584.552: [GC 21584.552: [ParNew: 210579K->1566K(235968K), 0.0044500 secs] 613489K->404524K(1546688K), 0.0047650 secs] [Times: user=0.02 sys=0.00, real=0.01 secs] 
21589.268: [GC 21589.268: [ParNew: 211358K->1608K(235968K), 0.0043570 secs] 614316K->404615K(1546688K), 0.0045550 secs] [Times: user=0.02 sys=0.00, real=0.00 secs] 
21604.845: [GC 21604.845: [ParNew: 211368K->1725K(235968K), 0.0059310 secs] 614375K->404784K(1546688K), 0.0061500 secs] [Times: user=0.02 sys=0.00, real=0.01 secs] 
21619.718: [GC 21619.718: [ParNew: 211517K->1626K(235968K), 0.0045150 secs] 614576K->404728K(1546688K), 0.0047730 secs] [Times: user=0.02 sys=0.00, real=0.01 secs] 
21626.512: [GC 21626.512: [ParNew: 211418K->1027K(235968K), 0.0091750 secs] 614520K->405012K(1546688K), 0.0094760 secs] [Times: user=0.03 sys=0.00, real=0.01 secs] 
21645.635: [GC 21645.635: [ParNew: 210786K->1010K(235968K), 0.0053050 secs] 614771K->405049K(1546688K), 0.0055070 secs] [Times: user=0.02 sys=0.00, real=0.01 secs] 
21649.315: [GC 21649.316: [ParNew: 210771K->622K(235968K), 0.0069560 secs] 614810K->404740K(1546688K), 0.0072070 secs] [Times: user=0.02 sys=0.00, real=0.00 secs] 
21664.888: [GC 21664.889: [ParNew: 210414K->907K(235968K), 0.0045500 secs] 614532K->405085K(1546688K), 0.0048680 secs] [Times: user=0.01 sys=0.00, real=0.01 secs] 
21680.108: [GC 21680.108: [ParNew: 210699K->1068K(235968K), 0.0038420 secs] 614877K->405290K(1546688K), 0.0040540 secs] [Times: user=0.02 sys=0.00, real=0.01 secs] 
21686.552: [GC 21686.552: [ParNew: 210860K->1064K(235968K), 0.0074160 secs] 615082K->405341K(1546688K), 0.0076070 secs] [Times: user=0.02 sys=0.00, real=0.01 secs] 
21705.912: [GC 21705.912: [ParNew: 210853K->1353K(235968K), 0.0056430 secs] 615130K->405679K(1546688K), 0.0058970 secs] [Times: user=0.02 sys=0.01, real=0.01 secs] 
21711.688: [GC 21711.688: [ParNew: 211124K->1236K(235968K), 0.0053430 secs] 615450K->405611K(1546688K), 0.0055920 secs] [Times: user=0.03 sys=0.00, real=0.00 secs] 
21733.064: [GC 21733.064: [ParNew: 211028K->1462K(235968K), 0.0039650 secs] 615403K->405890K(1546688K), 0.0042280 secs] [Times: user=0.03 sys=0.00, real=0.00 secs] 
21740.130: [GC 21740.130: [ParNew: 211162K->1589K(235968K), 0.0077910 secs] 615590K->406193K(1546688K), 0.0080290 secs] [Times: user=0.02 sys=0.00, real=0.01 secs] 
21746.725: [GC 21746.725: [ParNew: 211317K->1391K(235968K), 0.0051080 secs] 615922K->406168K(1546688K), 0.0053700 secs] [Times: user=0.02 sys=0.00, real=0.01 secs] 
21765.943: [GC 21765.943: [ParNew: 211177K->1420K(235968K), 0.0039480 secs] 615954K->406265K(1546688K), 0.0042300 secs] [Times: user=0.02 sys=0.00, real=0.01 secs] 
21771.715: [GC 21771.715: [ParNew: 211212K->1294K(235968K), 0.0064610 secs] 616057K->406386K(1546688K), 0.0066620 secs] [Times: user=0.01 sys=0.00, real=0.00 secs] 
21793.113: [GC 21793.113: [ParNew: 210979K->823K(235968K), 0.0039170 secs] 616072K->405972K(1546688K), 0.0041780 secs] [Times: user=0.02 sys=0.00, real=0.00 secs] 
21800.437: [GC 21800.437: [ParNew: 210550K->877K(235968K), 0.0036860 secs] 615700K->406070K(1546688K), 0.0039400 secs] [Times: user=0.02 sys=0.00, real=0.01 secs] 
21820.836: [GC 21820.836: [ParNew: 210669K->518K(235968K), 0.0038040 secs] 615862K->405868K(1546688K), 0.0040540 secs] [Times: user=0.02 sys=0.00, real=0.01 secs] 
21828.386: [GC 21828.386: [ParNew: 210310K->688K(235968K), 0.0061270 secs] 615660K->406091K(1546688K), 0.0063250 secs] [Times: user=0.02 sys=0.00, real=0.01 secs] 
21837.564: [GC 21837.564: [ParNew: 210480K->962K(235968K), 0.0057480 secs] 615883K->406401K(1546688K), 0.0060120 secs] [Times: user=0.02 sys=0.00, real=0.01 secs] 
21853.727: [GC 21853.727: [ParNew: 210655K->692K(235968K), 0.0055650 secs] 616094K->406175K(1546688K), 0.0058000 secs] [Times: user=0.02 sys=0.00, real=0.01 secs] 
21864.792: [GC 21864.792: [ParNew: 210484K->1289K(235968K), 0.0037350 secs] 615967K->406815K(1546688K), 0.0039850 secs] [Times: user=0.03 sys=0.00, real=0.00 secs] 
21884.600: [GC 21884.600: [ParNew: 211058K->1337K(235968K), 0.0033540 secs] 616584K->406913K(1546688K), 0.0036120 secs] [Times: user=0.02 sys=0.00, real=0.00 secs] 
21889.322: [GC 21889.322: [ParNew: 211129K->1036K(235968K), 0.0056330 secs] 616705K->406663K(1546688K), 0.0058880 secs] [Times: user=0.02 sys=0.00, real=0.01 secs] 
21904.909: [GC 21904.910: [ParNew: 210828K->1132K(235968K), 0.0148850 secs] 616455K->406808K(1546688K), 0.0150600 secs] [Times: user=0.06 sys=0.00, real=0.02 secs] 
21919.766: [GC 21919.766: [ParNew: 210924K->925K(235968K), 0.0051740 secs] 616600K->406853K(1546688K), 0.0053480 secs] [Times: user=0.03 sys=0.00, real=0.00 secs] 
21926.576: [GC 21926.576: [ParNew: 210717K->665K(235968K), 0.0044620 secs] 616645K->406637K(1546688K), 0.0047010 secs] [Times: user=0.02 sys=0.00, real=0.01 secs] 
21945.682: [GC 21945.683: [ParNew: 210445K->648K(235968K), 0.0045630 secs] 616417K->406670K(1546688K), 0.0047370 secs] [Times: user=0.02 sys=0.00, real=0.00 secs] 
21951.715: [GC 21951.715: [ParNew: 210438K->709K(235968K), 0.0044480 secs] 616460K->406782K(1546688K), 0.0046270 secs] [Times: user=0.02 sys=0.00, real=0.01 secs] 
21973.113: [GC 21973.113: [ParNew: 210501K->564K(235968K), 0.0096480 secs] 616574K->406692K(1546688K), 0.0099190 secs] [Times: user=0.03 sys=0.00, real=0.01 secs] 
21980.181: [GC 21980.182: [ParNew: 210291K->1056K(235968K), 0.0095090 secs] 616419K->407221K(1546688K), 0.0097870 secs] [Times: user=0.03 sys=0.00, real=0.01 secs] 
21986.758: [GC 21986.758: [ParNew: 210784K->1126K(235968K), 0.0051150 secs] 616949K->407333K(1546688K), 0.0053060 secs] [Times: user=0.03 sys=0.00, real=0.01 secs] 
22005.998: [GC 22005.998: [ParNew: 210918K->707K(235968K), 0.0045890 secs] 617125K->406955K(1546688K), 0.0047890 secs] [Times: user=0.02 sys=0.00, real=0.00 secs] 
22011.772: [GC 22011.772: [ParNew: 210499K->510K(235968K), 0.0053210 secs] 616747K->406801K(1546688K), 0.0055150 secs] [Times: user=0.02 sys=0.00, real=0.01 secs] 
22033.736: [GC 22033.736: [ParNew: 210302K->892K(235968K), 0.0053800 secs] 616593K->407232K(1546688K), 0.0055850 secs] [Times: user=0.02 sys=0.00, real=0.00 secs] 
22040.481: [GC 22040.481: [ParNew: 210669K->697K(235968K), 0.0044990 secs] 617008K->407081K(1546688K), 0.0046980 secs] [Times: user=0.02 sys=0.00, real=0.01 secs] 
22064.614: [GC 22064.615: [ParNew: 210489K->1198K(235968K), 0.0047360 secs] 616873K->407625K(1546688K), 0.0049440 secs] [Times: user=0.02 sys=0.00, real=0.01 secs] 
22068.440: [GC 22068.440: [ParNew: 210990K->1005K(235968K), 0.0058730 secs] 617417K->407467K(1546688K), 0.0060590 secs] [Times: user=0.02 sys=0.00, real=0.00 secs] 
22077.633: [GC 22077.633: [ParNew: 210797K->724K(235968K), 0.0049630 secs] 617259K->407239K(1546688K), 0.0051670 secs] [Times: user=0.02 sys=0.00, real=0.01 secs] 
22093.781: [GC 22093.781: [ParNew: 210516K->840K(235968K), 0.0040030 secs] 617031K->407398K(1546688K), 0.0042100 secs] [Times: user=0.02 sys=0.00, real=0.01 secs] 
22104.840: [GC 22104.841: [ParNew: 210632K->885K(235968K), 0.0044630 secs] 617190K->407491K(1546688K), 0.0046770 secs] [Times: user=0.02 sys=0.00, real=0.01 secs] 
22125.678: [GC 22125.679: [ParNew: 210677K->870K(235968K), 0.0054580 secs] 617283K->407527K(1546688K), 0.0057110 secs] [Times: user=0.02 sys=0.00, real=0.01 secs] 
22129.382: [GC 22129.382: [ParNew: 210662K->890K(235968K), 0.0042690 secs] 617319K->407582K(1546688K), 0.0045100 secs] [Times: user=0.02 sys=0.00, real=0.00 secs] 
22144.972: [GC 22144.972: [ParNew: 210587K->790K(235968K), 0.0040430 secs] 617279K->407584K(1546688K), 0.0042870 secs] [Times: user=0.02 sys=0.00, real=0.01 secs] 
22159.818: [GC 22159.818: [ParNew: 210582K->650K(235968K), 0.0041970 secs] 617376K->407490K(1546688K), 0.0044620 secs] [Times: user=0.01 sys=0.00, real=0.00 secs] 
22166.643: [GC 22166.643: [ParNew: 210442K->969K(235968K), 0.0040320 secs] 617282K->407872K(1546688K), 0.0042220 secs] [Times: user=0.02 sys=0.00, real=0.00 secs] 
22186.012: [GC 22186.012: [ParNew: 210761K->799K(235968K), 0.0044310 secs] 617664K->407756K(1546688K), 0.0046210 secs] [Times: user=0.02 sys=0.01, real=0.00 secs] 
22191.774: [GC 22191.774: [ParNew: 210591K->800K(235968K), 0.0034760 secs] 617548K->407799K(1546688K), 0.0037160 secs] [Times: user=0.02 sys=0.00, real=0.00 secs] 
22213.284: [GC 22213.284: [ParNew: 210592K->1205K(235968K), 0.0043840 secs] 617591K->408242K(1546688K), 0.0046580 secs] [Times: user=0.03 sys=0.00, real=0.01 secs] 
22220.364: [GC 22220.364: [ParNew: 210968K->1002K(235968K), 0.0034600 secs] 618005K->408083K(1546688K), 0.0037100 secs] [Times: user=0.02 sys=0.00, real=0.01 secs] 
22226.803: [GC 22226.803: [ParNew: 210761K->1092K(235968K), 0.0040670 secs] 617841K->408215K(1546688K), 0.0042340 secs] [Times: user=0.02 sys=0.00, real=0.01 secs] 
22248.448: [GC 22248.449: [ParNew: 210884K->971K(235968K), 0.0041590 secs] 618007K->408148K(1546688K), 0.0043290 secs] [Times: user=0.02 sys=0.00, real=0.01 secs] 
22257.638: [GC 22257.639: [ParNew: 210681K->935K(235968K), 0.0050700 secs] 617858K->408305K(1546688K), 0.0053190 secs] [Times: user=0.03 sys=0.00, real=0.01 secs] 
22273.792: [GC 22273.792: [ParNew: 210727K->1140K(235968K), 0.0052930 secs] 618097K->408553K(1546688K), 0.0055370 secs] [Times: user=0.02 sys=0.00, real=0.01 secs] 
22280.525: [GC 22280.525: [ParNew: 210809K->656K(235968K), 0.0045000 secs] 618222K->408114K(1546688K), 0.0047480 secs] [Times: user=0.02 sys=0.00, real=0.00 secs] 
22304.672: [GC 22304.672: [ParNew: 210448K->856K(235968K), 0.0059080 secs] 617906K->408351K(1546688K), 0.0060900 secs] [Times: user=0.02 sys=0.00, real=0.00 secs] 
22308.499: [GC 22308.499: [ParNew: 210610K->648K(235968K), 0.0048640 secs] 618105K->408183K(1546688K), 0.0050210 secs] [Times: user=0.02 sys=0.00, real=0.01 secs] 
22324.982: [GC 22324.982: [ParNew: 210440K->503K(235968K), 0.0047240 secs] 617975K->408093K(1546688K), 0.0049870 secs] [Times: user=0.02 sys=0.00, real=0.00 secs] 
22339.818: [GC 22339.819: [ParNew: 210285K->677K(235968K), 0.0046440 secs] 617875K->408309K(1546688K), 0.0048690 secs] [Times: user=0.01 sys=0.00, real=0.00 secs] 
22346.659: [GC 22346.660: [ParNew: 210394K->862K(235968K), 0.0048600 secs] 618026K->408538K(1546688K), 0.0050580 secs] [Times: user=0.02 sys=0.00, real=0.00 secs] 
22365.731: [GC 22365.731: [ParNew: 210654K->839K(235968K), 0.0057490 secs] 618330K->408551K(1546688K), 0.0059990 secs] [Times: user=0.02 sys=0.00, real=0.01 secs] 
22369.446: [GC 22369.446: [ParNew: 210604K->810K(235968K), 0.0067770 secs] 618315K->408564K(1546688K), 0.0069330 secs] [Times: user=0.01 sys=0.00, real=0.01 secs] 
22393.304: [GC 22393.304: [ParNew: 210602K->680K(235968K), 0.0036890 secs] 618356K->408483K(1546688K), 0.0039360 secs] [Times: user=0.02 sys=0.00, real=0.01 secs] 
22400.382: [GC 22400.382: [ParNew: 210472K->1097K(235968K), 0.0038830 secs] 618275K->408930K(1546688K), 0.0041450 secs] [Times: user=0.02 sys=0.00, real=0.00 secs] 
22406.806: [GC 22406.806: [ParNew: 210889K->804K(235968K), 0.0046830 secs] 618722K->408681K(1546688K), 0.0049460 secs] [Times: user=0.02 sys=0.00, real=0.00 secs] 
22426.075: [GC 22426.075: [ParNew: 210596K->832K(235968K), 0.0038940 secs] 618473K->408745K(1546688K), 0.0041390 secs] [Times: user=0.02 sys=0.00, real=0.00 secs] 
22431.839: [GC 22431.839: [ParNew: 210624K->893K(235968K), 0.0054760 secs] 618537K->408846K(1546688K), 0.0057100 secs] [Times: user=0.02 sys=0.00, real=0.01 secs] 
22453.351: [GC 22453.351: [ParNew: 210685K->779K(235968K), 0.0039460 secs] 618638K->408789K(1546688K), 0.0042150 secs] [Times: user=0.02 sys=0.00, real=0.00 secs] 
22460.524: [GC 22460.524: [ParNew: 210551K->580K(235968K), 0.0044660 secs] 618561K->408662K(1546688K), 0.0047090 secs] [Times: user=0.03 sys=0.00, real=0.01 secs] 
22484.686: [GC 22484.686: [ParNew: 210372K->893K(235968K), 0.0062220 secs] 618454K->409019K(1546688K), 0.0064110 secs] [Times: user=0.02 sys=0.00, real=0.00 secs] 
22488.510: [GC 22488.510: [ParNew: 210685K->707K(235968K), 0.0045130 secs] 618811K->408879K(1546688K), 0.0047180 secs] [Times: user=0.02 sys=0.00, real=0.01 secs] 
22497.715: [GC 22497.715: [ParNew: 210499K->735K(235968K), 0.0065120 secs] 618671K->408955K(1546688K), 0.0067700 secs] [Times: user=0.02 sys=0.00, real=0.01 secs] 
22513.860: [GC 22513.860: [ParNew: 210527K->893K(235968K), 0.0046340 secs] 618747K->409157K(1546688K), 0.0048890 secs] [Times: user=0.02 sys=0.00, real=0.00 secs] 
22524.903: [GC 22524.904: [ParNew: 210598K->816K(235968K), 0.0040640 secs] 618862K->409122K(1546688K), 0.0042850 secs] [Times: user=0.03 sys=0.00, real=0.01 secs] 
22545.739: [GC 22545.740: [ParNew: 210608K->1098K(235968K), 0.0050350 secs] 618914K->409453K(1546688K), 0.0053030 secs] [Times: user=0.02 sys=0.00, real=0.01 secs] 
22549.499: [GC 22549.499: [ParNew: 210819K->616K(235968K), 0.0053360 secs] 619174K->409008K(1546688K), 0.0055580 secs] [Times: user=0.01 sys=0.00, real=0.01 secs] 
22565.051: [GC 22565.051: [ParNew: 210408K->783K(235968K), 0.0075160 secs] 618800K->409215K(1546688K), 0.0077740 secs] [Times: user=0.02 sys=0.00, real=0.00 secs] 
22579.875: [GC 22579.876: [ParNew: 210575K->708K(235968K), 0.0062950 secs] 619007K->409188K(1546688K), 0.0065910 secs] [Times: user=0.02 sys=0.00, real=0.01 secs] 
22586.727: [GC 22586.727: [ParNew: 210500K->891K(235968K), 0.0107050 secs] 618980K->409414K(1546688K), 0.0109710 secs] [Times: user=0.04 sys=0.00, real=0.01 secs] 
22606.090: [GC 22606.090: [ParNew: 210683K->849K(235968K), 0.0079770 secs] 619206K->409421K(1546688K), 0.0083450 secs] [Times: user=0.02 sys=0.00, real=0.01 secs] 
22611.861: [GC 22611.862: [ParNew: 210641K->718K(235968K), 0.0211490 secs] 619213K->409332K(1546688K), 0.0213660 secs] [Times: user=0.03 sys=0.00, real=0.02 secs] 
22633.366: [GC 22633.366: [ParNew: 210510K->659K(235968K), 0.0058850 secs] 619124K->409398K(1546688K), 0.0060820 secs] [Times: user=0.02 sys=0.00, real=0.01 secs] 
22640.450: [GC 22640.450: [ParNew: 210370K->859K(235968K), 0.0051870 secs] 619109K->409642K(1546688K), 0.0054330 secs] [Times: user=0.02 sys=0.01, real=0.00 secs] 
22646.858: [GC 22646.858: [ParNew: 210651K->638K(235968K), 0.0127930 secs] 619434K->409458K(1546688K), 0.0130390 secs] [Times: user=0.04 sys=0.00, real=0.01 secs] 
22668.519: [GC 22668.519: [ParNew: 210430K->724K(235968K), 0.0076150 secs] 619250K->409592K(1546688K), 0.0078480 secs] [Times: user=0.02 sys=0.00, real=0.01 secs] 
22677.736: [GC 22677.736: [ParNew: 210516K->873K(235968K), 0.0039640 secs] 619384K->409791K(1546688K), 0.0042220 secs] [Times: user=0.02 sys=0.00, real=0.00 secs] 
22693.860: [GC 22693.860: [ParNew: 210665K->1328K(235968K), 0.0047140 secs] 619583K->410294K(1546688K), 0.0049050 secs] [Times: user=0.02 sys=0.00, real=0.01 secs] 
22700.561: [GC 22700.561: [ParNew: 211116K->937K(235968K), 0.0082810 secs] 620083K->409947K(1546688K), 0.0084660 secs] [Times: user=0.01 sys=0.01, real=0.01 secs] 
22724.729: [GC 22724.730: [ParNew: 210729K->1254K(235968K), 0.0048650 secs] 619739K->410313K(1546688K), 0.0051320 secs] [Times: user=0.02 sys=0.00, real=0.00 secs] 
22728.677: [GC 22728.678: [ParNew: 211046K->1317K(235968K), 0.0069940 secs] 620105K->410433K(1546688K), 0.0072470 secs] [Times: user=0.02 sys=0.00, real=0.01 secs] 
22737.763: [GC 22737.763: [ParNew: 211109K->1045K(235968K), 0.0045170 secs] 620225K->410321K(1546688K), 0.0047870 secs] [Times: user=0.02 sys=0.00, real=0.00 secs] 
22753.895: [GC 22753.895: [ParNew: 210837K->911K(235968K), 0.0055010 secs] 620113K->410233K(1546688K), 0.0057410 secs] [Times: user=0.02 sys=0.00, real=0.00 secs] 
22764.911: [GC 22764.911: [ParNew: 210703K->1000K(235968K), 0.0064110 secs] 620025K->410380K(1546688K), 0.0066970 secs] [Times: user=0.02 sys=0.00, real=0.00 secs] 
22784.756: [GC 22784.757: [ParNew: 210677K->873K(235968K), 0.0072100 secs] 620057K->410303K(1546688K), 0.0074600 secs] [Times: user=0.02 sys=0.00, real=0.00 secs] 
22788.707: [GC 22788.707: [ParNew: 210615K->834K(235968K), 0.0042090 secs] 620045K->410317K(1546688K), 0.0044440 secs] [Times: user=0.02 sys=0.00, real=0.00 secs] 
22797.783: [GC 22797.783: [ParNew: 210568K->906K(235968K), 0.0079400 secs] 620051K->410451K(1546688K), 0.0081300 secs] [Times: user=0.02 sys=0.00, real=0.01 secs] 
22813.922: [GC 22813.922: [ParNew: 210698K->933K(235968K), 0.0048640 secs] 620243K->410534K(1546688K), 0.0051210 secs] [Times: user=0.03 sys=0.00, real=0.00 secs] 
22824.941: [GC 22824.941: [ParNew: 210700K->876K(235968K), 0.0042690 secs] 620301K->410531K(1546688K), 0.0045130 secs] [Times: user=0.03 sys=0.00, real=0.00 secs] 
22845.774: [GC 22845.774: [ParNew: 210668K->958K(235968K), 0.0047270 secs] 620323K->410662K(1546688K), 0.0050020 secs] [Times: user=0.02 sys=0.00, real=0.01 secs] 
22849.542: [GC 22849.542: [ParNew: 210750K->1066K(235968K), 0.0043300 secs] 620454K->410897K(1546688K), 0.0045710 secs] [Times: user=0.02 sys=0.00, real=0.01 secs] 
22865.090: [GC 22865.091: [ParNew: 210854K->711K(235968K), 0.0063730 secs] 620685K->410590K(1546688K), 0.0066410 secs] [Times: user=0.02 sys=0.00, real=0.01 secs] 
22879.904: [GC 22879.904: [ParNew: 210503K->933K(235968K), 0.0046800 secs] 620382K->410855K(1546688K), 0.0048640 secs] [Times: user=0.01 sys=0.00, real=0.00 secs] 
22886.793: [GC 22886.794: [ParNew: 210699K->840K(235968K), 0.0127380 secs] 620621K->410808K(1546688K), 0.0130460 secs] [Times: user=0.04 sys=0.01, real=0.01 secs] 
22906.129: [GC 22906.129: [ParNew: 210632K->548K(235968K), 0.0060800 secs] 620600K->410564K(1546688K), 0.0062920 secs] [Times: user=0.01 sys=0.00, real=0.00 secs] 
22911.894: [GC 22911.894: [ParNew: 210305K->1076K(235968K), 0.0099880 secs] 620321K->411145K(1546688K), 0.0102460 secs] [Times: user=0.03 sys=0.00, real=0.01 secs] 
22933.416: [GC 22933.416: [ParNew: 210868K->1196K(235968K), 0.0052350 secs] 620937K->411337K(1546688K), 0.0055030 secs] [Times: user=0.02 sys=0.00, real=0.00 secs] 
22940.503: [GC 22940.503: [ParNew: 210988K->654K(235968K), 0.0051930 secs] 621129K->410838K(1546688K), 0.0054370 secs] [Times: user=0.02 sys=0.00, real=0.00 secs] 
22946.889: [GC 22946.889: [ParNew: 210446K->1105K(235968K), 0.0040450 secs] 620630K->411321K(1546688K), 0.0042980 secs] [Times: user=0.02 sys=0.00, real=0.01 secs] 
22966.181: [GC 22966.182: [ParNew: 210850K->857K(235968K), 0.0049460 secs] 621066K->411116K(1546688K), 0.0052220 secs] [Times: user=0.02 sys=0.00, real=0.00 secs] 
22977.781: [GC 22977.781: [ParNew: 210649K->623K(235968K), 0.0041170 secs] 620908K->410929K(1546688K), 0.0043510 secs] [Times: user=0.02 sys=0.00, real=0.01 secs] 
22993.924: [GC 22993.924: [ParNew: 210415K->905K(235968K), 0.0074670 secs] 620721K->411260K(1546688K), 0.0077070 secs] [Times: user=0.02 sys=0.00, real=0.00 secs] 
23000.604: [GC 23000.604: [ParNew: 210635K->869K(235968K), 0.0037990 secs] 620989K->411286K(1546688K), 0.0040650 secs] [Times: user=0.03 sys=0.00, real=0.00 secs] 
23024.792: [GC 23024.792: [ParNew: 210661K->1092K(235968K), 0.0051680 secs] 621078K->411547K(1546688K), 0.0054450 secs] [Times: user=0.02 sys=0.00, real=0.00 secs] 
23028.737: [GC 23028.737: [ParNew: 210866K->705K(235968K), 0.0031440 secs] 621321K->411201K(1546688K), 0.0033730 secs] [Times: user=0.02 sys=0.00, real=0.01 secs] 
23037.835: [GC 23037.835: [ParNew: 210497K->871K(235968K), 0.0034360 secs] 620993K->411426K(1546688K), 0.0036770 secs] [Times: user=0.02 sys=0.00, real=0.01 secs] 
23059.602: [GC 23059.602: [ParNew: 210663K->512K(235968K), 0.0032580 secs] 621218K->411111K(1546688K), 0.0035200 secs] [Times: user=0.03 sys=0.00, real=0.01 secs] 
23064.983: [GC 23064.983: [ParNew: 210304K->796K(235968K), 0.0035110 secs] 620903K->411484K(1546688K), 0.0037480 secs] [Times: user=0.02 sys=0.00, real=0.00 secs] 
23085.821: [GC 23085.821: [ParNew: 210588K->819K(235968K), 0.0032020 secs] 621276K->411543K(1546688K), 0.0034430 secs] [Times: user=0.02 sys=0.00, real=0.00 secs] 
23089.608: [GC 23089.609: [ParNew: 210611K->578K(235968K), 0.0032400 secs] 621335K->411339K(1546688K), 0.0034750 secs] [Times: user=0.02 sys=0.00, real=0.00 secs] 
23105.157: [GC 23105.158: [ParNew: 210263K->887K(235968K), 0.0033690 secs] 621023K->411683K(1546688K), 0.0036290 secs] [Times: user=0.02 sys=0.00, real=0.00 secs] 
23120.513: [GC 23120.513: [ParNew: 210677K->1212K(235968K), 0.0040890 secs] 621473K->412047K(1546688K), 0.0043290 secs] [Times: user=0.02 sys=0.00, real=0.01 secs] 
23126.878: [GC 23126.878: [ParNew: 210956K->1019K(235968K), 0.0032150 secs] 621791K->411897K(1546688K), 0.0034500 secs] [Times: user=0.02 sys=0.00, real=0.00 secs] 
23146.189: [GC 23146.189: [ParNew: 210811K->1386K(235968K), 0.0035270 secs] 621689K->412314K(1546688K), 0.0037880 secs] [Times: user=0.03 sys=0.00, real=0.01 secs] 
23151.952: [GC 23151.953: [ParNew: 211157K->1244K(235968K), 0.0036000 secs] 622084K->412212K(1546688K), 0.0038530 secs] [Times: user=0.02 sys=0.00, real=0.00 secs] 
23173.473: [GC 23173.473: [ParNew: 211036K->921K(235968K), 0.0038030 secs] 622004K->411926K(1546688K), 0.0040490 secs] [Times: user=0.03 sys=0.00, real=0.01 secs] 
23180.560: [GC 23180.560: [ParNew: 210665K->1007K(235968K), 0.0033760 secs] 621671K->412057K(1546688K), 0.0036430 secs] [Times: user=0.02 sys=0.00, real=0.00 secs] 
23186.933: [GC 23186.933: [ParNew: 210799K->795K(235968K), 0.0034660 secs] 621849K->411928K(1546688K), 0.0036990 secs] [Times: user=0.02 sys=0.00, real=0.01 secs] 
23208.745: [GC 23208.745: [ParNew: 210587K->1046K(235968K), 0.0036320 secs] 621720K->412227K(1546688K), 0.0038660 secs] [Times: user=0.03 sys=0.00, real=0.00 secs] 
23217.844: [GC 23217.845: [ParNew: 210793K->812K(235968K), 0.0033220 secs] 621974K->412070K(1546688K), 0.0035830 secs] [Times: user=0.02 sys=0.00, real=0.01 secs] 
23234.105: [GC 23234.105: [ParNew: 210604K->902K(235968K), 0.0048710 secs] 621862K->412191K(1546688K), 0.0050620 secs] [Times: user=0.02 sys=0.00, real=0.01 secs] 
23244.981: [GC 23244.981: [ParNew: 210694K->645K(235968K), 0.0034100 secs] 621983K->411971K(1546688K), 0.0036580 secs] [Times: user=0.02 sys=0.00, real=0.01 secs] 
23264.854: [GC 23264.855: [ParNew: 210424K->861K(235968K), 0.0045450 secs] 621750K->412239K(1546688K), 0.0048130 secs] [Times: user=0.02 sys=0.00, real=0.00 secs] 
23269.736: [GC 23269.736: [ParNew: 210653K->764K(235968K), 0.0036910 secs] 622031K->412192K(1546688K), 0.0039400 secs] [Times: user=0.02 sys=0.00, real=0.01 secs] 
23285.159: [GC 23285.159: [ParNew: 210556K->1199K(235968K), 0.0064320 secs] 621984K->412676K(1546688K), 0.0066180 secs] [Times: user=0.02 sys=0.00, real=0.00 secs] 
23299.956: [GC 23299.957: [ParNew: 210959K->1001K(235968K), 0.0042840 secs] 622437K->412522K(1546688K), 0.0045650 secs] [Times: user=0.02 sys=0.00, real=0.00 secs] 
23306.881: [GC 23306.881: [ParNew: 210793K->1160K(235968K), 0.0051780 secs] 622314K->412765K(1546688K), 0.0054320 secs] [Times: user=0.02 sys=0.00, real=0.01 secs] 
23325.872: [GC 23325.872: [ParNew: 210952K->840K(235968K), 0.0035520 secs] 622557K->412487K(1546688K), 0.0037890 secs] [Times: user=0.02 sys=0.00, real=0.00 secs] 
23331.966: [GC 23331.966: [ParNew: 210632K->705K(235968K), 0.0053900 secs] 622279K->412399K(1546688K), 0.0056480 secs] [Times: user=0.02 sys=0.00, real=0.01 secs] 
23353.490: [GC 23353.490: [ParNew: 210467K->1097K(235968K), 0.0064460 secs] 622160K->412840K(1546688K), 0.0066740 secs] [Times: user=0.02 sys=0.00, real=0.00 secs] 
23360.572: [GC 23360.572: [ParNew: 210889K->950K(235968K), 0.0040940 secs] 622632K->412730K(1546688K), 0.0043430 secs] [Times: user=0.02 sys=0.00, real=0.01 secs] 
23366.948: [GC 23366.949: [ParNew: 210719K->1004K(235968K), 0.0048060 secs] 622500K->412815K(1546688K), 0.0050980 secs] [Times: user=0.02 sys=0.00, real=0.00 secs] 
23386.257: [GC 23386.257: [ParNew: 210709K->799K(235968K), 0.0046780 secs] 622520K->412651K(1546688K), 0.0049050 secs] [Times: user=0.02 sys=0.01, real=0.01 secs] 
23392.022: [GC 23392.023: [ParNew: 210588K->630K(235968K), 0.0033740 secs] 622440K->412557K(1546688K), 0.0036090 secs] [Times: user=0.03 sys=0.00, real=0.00 secs] 
23413.544: [GC 23413.544: [ParNew: 210323K->697K(235968K), 0.0033310 secs] 622251K->412674K(1546688K), 0.0035910 secs] [Times: user=0.02 sys=0.00, real=0.01 secs] 
23420.648: [GC 23420.648: [ParNew: 210489K->939K(235968K), 0.0032900 secs] 622466K->412959K(1546688K), 0.0035400 secs] [Times: user=0.02 sys=0.00, real=0.00 secs] 
23444.866: [GC 23444.867: [ParNew: 210731K->1333K(235968K), 0.0033980 secs] 622751K->413396K(1546688K), 0.0036530 secs] [Times: user=0.02 sys=0.00, real=0.00 secs] 
23448.806: [GC 23448.806: [ParNew: 211125K->815K(235968K), 0.0039880 secs] 623188K->412914K(1546688K), 0.0041900 secs] [Times: user=0.02 sys=0.00, real=0.00 secs] 
23457.917: [GC 23457.917: [ParNew: 210494K->915K(235968K), 0.0038140 secs] 622593K->413155K(1546688K), 0.0040440 secs] [Times: user=0.02 sys=0.00, real=0.01 secs] 
23474.164: [GC 23474.164: [ParNew: 210626K->906K(235968K), 0.0032440 secs] 622866K->413191K(1546688K), 0.0034900 secs] [Times: user=0.02 sys=0.00, real=0.01 secs] 
23485.038: [GC 23485.038: [ParNew: 210692K->707K(235968K), 0.0031700 secs] 622976K->413035K(1546688K), 0.0034110 secs] [Times: user=0.02 sys=0.00, real=0.00 secs] 
23505.872: [GC 23505.872: [ParNew: 210495K->780K(235968K), 0.0033830 secs] 622823K->413144K(1546688K), 0.0036370 secs] [Times: user=0.02 sys=0.01, real=0.01 secs] 
23509.801: [GC 23509.801: [ParNew: 210572K->764K(235968K), 0.0040140 secs] 622936K->413164K(1546688K), 0.0042520 secs] [Times: user=0.02 sys=0.00, real=0.01 secs] 
23525.230: [GC 23525.230: [ParNew: 210556K->744K(235968K), 0.0032750 secs] 622956K->413204K(1546688K), 0.0035010 secs] [Times: user=0.02 sys=0.00, real=0.00 secs] 
23540.589: [GC 23540.589: [ParNew: 210536K->702K(235968K), 0.0041930 secs] 622996K->413207K(1546688K), 0.0044390 secs] [Times: user=0.03 sys=0.01, real=0.00 secs] 
23546.948: [GC 23546.948: [ParNew: 210494K->808K(235968K), 0.0033780 secs] 622999K->413356K(1546688K), 0.0036110 secs] [Times: user=0.02 sys=0.00, real=0.00 secs] 
23566.271: [GC 23566.271: [ParNew: 210600K->1092K(235968K), 0.0048600 secs] 623148K->413692K(1546688K), 0.0051170 secs] [Times: user=0.02 sys=0.00, real=0.01 secs] 
23572.028: [GC 23572.028: [ParNew: 210884K->768K(235968K), 0.0036640 secs] 623484K->413403K(1546688K), 0.0039220 secs] [Times: user=0.02 sys=0.00, real=0.01 secs] 
23593.556: [GC 23593.556: [ParNew: 210560K->927K(235968K), 0.0047830 secs] 623195K->413609K(1546688K), 0.0049820 secs] [Times: user=0.02 sys=0.00, real=0.01 secs] 
23600.635: [GC 23600.635: [ParNew: 210699K->758K(235968K), 0.0073480 secs] 623381K->413484K(1546688K), 0.0076060 secs] [Times: user=0.02 sys=0.00, real=0.01 secs] 
23606.996: [GC 23606.996: [ParNew: 210544K->690K(235968K), 0.0042710 secs] 623270K->413480K(1546688K), 0.0056680 secs] [Times: user=0.02 sys=0.01, real=0.01 secs] 
23628.816: [GC 23628.816: [ParNew: 210482K->837K(235968K), 0.0043910 secs] 623272K->413677K(1546688K), 0.0046370 secs] [Times: user=0.03 sys=0.00, real=0.00 secs] 
23637.932: [GC 23637.933: [ParNew: 210629K->1051K(235968K), 0.0044210 secs] 623469K->413939K(1546688K), 0.0046690 secs] [Times: user=0.02 sys=0.00, real=0.00 secs] 
23654.179: [GC 23654.179: [ParNew: 210840K->857K(235968K), 0.0084090 secs] 623728K->413777K(1546688K), 0.0087080 secs] [Times: user=0.02 sys=0.00, real=0.01 secs] 
23665.037: [GC 23665.037: [ParNew: 210649K->825K(235968K), 0.0047530 secs] 623569K->413788K(1546688K), 0.0049600 secs] [Times: user=0.02 sys=0.00, real=0.01 secs] 
23684.949: [GC 23684.949: [ParNew: 210578K->891K(235968K), 0.0053590 secs] 623541K->413912K(1546688K), 0.0055980 secs] [Times: user=0.02 sys=0.00, real=0.01 secs] 
23689.813: [GC 23689.813: [ParNew: 210683K->850K(235968K), 0.0069290 secs] 623704K->413919K(1546688K), 0.0072470 secs] [Times: user=0.02 sys=0.00, real=0.01 secs] 
23705.354: [GC 23705.354: [ParNew: 210642K->803K(235968K), 0.0063140 secs] 623711K->413921K(1546688K), 0.0065000 secs] [Times: user=0.02 sys=0.00, real=0.00 secs] 
23720.002: [GC 23720.002: [ParNew: 210595K->1753K(235968K), 0.0104910 secs] 623713K->414928K(1546688K), 0.0107700 secs] [Times: user=0.03 sys=0.01, real=0.01 secs] 
23726.656: [GC 23726.656: [ParNew: 211545K->1580K(235968K), 0.0068150 secs] 624720K->414808K(1546688K), 0.0070840 secs] [Times: user=0.02 sys=0.00, real=0.01 secs] 
23745.911: [GC 23745.911: [ParNew: 211345K->1751K(235968K), 0.0068840 secs] 624573K->415034K(1546688K), 0.0071790 secs] [Times: user=0.03 sys=0.00, real=0.01 secs] 
23749.851: [GC 23749.851: [ParNew: 211543K->2041K(235968K), 0.0055130 secs] 624826K->415384K(1546688K), 0.0057920 secs] [Times: user=0.03 sys=0.00, real=0.01 secs] 
23765.386: [GC 23765.386: [ParNew: 211833K->1200K(235968K), 0.0092130 secs] 625176K->415436K(1546688K), 0.0094710 secs] [Times: user=0.03 sys=0.01, real=0.01 secs] 
23780.039: [GC 23780.040: [ParNew: 210956K->1021K(235968K), 0.0064580 secs] 625192K->415300K(1546688K), 0.0067510 secs] [Times: user=0.03 sys=0.00, real=0.01 secs] 
23786.990: [GC 23786.990: [ParNew: 210811K->938K(235968K), 0.0065050 secs] 625090K->415262K(1546688K), 0.0068710 secs] [Times: user=0.02 sys=0.00, real=0.00 secs] 
23806.433: [GC 23806.433: [ParNew: 210612K->1037K(235968K), 0.0061870 secs] 624936K->415410K(1546688K), 0.0063900 secs] [Times: user=0.02 sys=0.00, real=0.01 secs] 
23812.066: [GC 23812.066: [ParNew: 210829K->1133K(235968K), 0.0073510 secs] 625202K->415561K(1546688K), 0.0075420 secs] [Times: user=0.02 sys=0.00, real=0.00 secs] 
23833.598: [GC 23833.598: [ParNew: 210925K->622K(235968K), 0.0043740 secs] 625353K->415092K(1546688K), 0.0045690 secs] [Times: user=0.02 sys=0.01, real=0.01 secs] 
23840.683: [GC 23840.683: [ParNew: 210377K->862K(235968K), 0.0051940 secs] 624846K->415375K(1546688K), 0.0053890 secs] [Times: user=0.01 sys=0.00, real=0.00 secs] 
23847.103: [GC 23847.103: [ParNew: 210551K->818K(235968K), 0.0049010 secs] 625065K->415398K(1546688K), 0.0050890 secs] [Times: user=0.01 sys=0.00, real=0.00 secs] 
23868.855: [GC 23868.856: [ParNew: 210610K->999K(235968K), 0.0063870 secs] 625190K->415632K(1546688K), 0.0065700 secs] [Times: user=0.02 sys=0.00, real=0.01 secs] 
23877.982: [GC 23877.982: [ParNew: 210791K->908K(235968K), 0.0042400 secs] 625424K->415590K(1546688K), 0.0044400 secs] [Times: user=0.02 sys=0.01, real=0.01 secs] 
23894.217: [GC 23894.218: [ParNew: 210700K->1073K(235968K), 0.0052080 secs] 625382K->415793K(1546688K), 0.0054020 secs] [Times: user=0.02 sys=0.00, real=0.01 secs] 
23900.732: [GC 23900.733: [ParNew: 210808K->945K(235968K), 0.0042920 secs] 625528K->415709K(1546688K), 0.0044920 secs] [Times: user=0.02 sys=0.00, real=0.00 secs] 
23925.005: [GC 23925.005: [ParNew: 210675K->1005K(235968K), 0.0069550 secs] 625438K->415804K(1546688K), 0.0071470 secs] [Times: user=0.02 sys=0.00, real=0.01 secs] 
23929.855: [GC 23929.855: [ParNew: 210797K->487K(235968K), 0.0054020 secs] 625596K->415331K(1546688K), 0.0056770 secs] [Times: user=0.02 sys=0.00, real=0.01 secs] 
23945.393: [GC 23945.393: [ParNew: 210178K->856K(235968K), 0.0092460 secs] 625022K->415783K(1546688K), 0.0094340 secs] [Times: user=0.02 sys=0.00, real=0.01 secs] 
23960.041: [GC 23960.041: [ParNew: 210588K->876K(235968K), 0.0054600 secs] 625515K->415834K(1546688K), 0.0056920 secs] [Times: user=0.02 sys=0.00, real=0.01 secs] 
23967.030: [GC 23967.030: [ParNew: 210657K->715K(235968K), 0.0327760 secs] 625615K->415739K(1546688K), 0.0331180 secs] [Times: user=0.05 sys=0.00, real=0.04 secs] 
23985.945: [GC 23985.946: [ParNew: 210507K->847K(235968K), 0.0138000 secs] 625531K->415906K(1546688K), 0.0140390 secs] [Times: user=0.04 sys=0.00, real=0.02 secs] 
23989.901: [GC 23989.902: [ParNew: 210612K->1019K(235968K), 0.0053090 secs] 625672K->416131K(1546688K), 0.0055020 secs] [Times: user=0.02 sys=0.00, real=0.01 secs] 
24005.438: [GC 24005.438: [ParNew: 210811K->919K(235968K), 0.0056250 secs] 625923K->416080K(1546688K), 0.0058670 secs] [Times: user=0.02 sys=0.00, real=0.00 secs] 
24020.072: [GC 24020.072: [ParNew: 210711K->5130K(235968K), 0.0118970 secs] 625872K->420351K(1546688K), 0.0121550 secs] [Times: user=0.05 sys=0.00, real=0.02 secs] 
24027.083: [GC 24027.084: [ParNew: 214922K->7023K(235968K), 0.0295280 secs] 630143K->422298K(1546688K), 0.0298720 secs] [Times: user=0.06 sys=0.00, real=0.03 secs] 
24046.480: [GC 24046.480: [ParNew: 216806K->7850K(235968K), 0.0195780 secs] 632081K->423175K(1546688K), 0.0197800 secs] [Times: user=0.04 sys=0.00, real=0.02 secs] 
24052.106: [GC 24052.106: [ParNew: 217642K->6534K(235968K), 0.0127420 secs] 632967K->421920K(1546688K), 0.0130240 secs] [Times: user=0.05 sys=0.00, real=0.02 secs] 
24073.640: [GC 24073.641: [ParNew: 216287K->3571K(235968K), 0.0469310 secs] 631673K->423411K(1546688K), 0.0472130 secs] [Times: user=0.13 sys=0.02, real=0.05 secs] 
24080.730: [GC 24080.730: [ParNew: 213346K->1264K(235968K), 0.0033850 secs] 633186K->421161K(1546688K), 0.0036380 secs] [Times: user=0.02 sys=0.00, real=0.01 secs] 
24087.130: [GC 24087.130: [ParNew: 211056K->667K(235968K), 0.0093540 secs] 630953K->420611K(1546688K), 0.0096220 secs] [Times: user=0.02 sys=0.00, real=0.01 secs] 
24108.893: [GC 24108.893: [ParNew: 210459K->779K(235968K), 0.0050350 secs] 630403K->420778K(1546688K), 0.0053030 secs] [Times: user=0.02 sys=0.01, real=0.01 secs] 
24118.029: [GC 24118.029: [ParNew: 210523K->995K(235968K), 0.0041630 secs] 630521K->421054K(1546688K), 0.0044840 secs] [Times: user=0.02 sys=0.01, real=0.00 secs] 
24134.258: [GC 24134.258: [ParNew: 210787K->957K(235968K), 0.0035840 secs] 630846K->421067K(1546688K), 0.0038410 secs] [Times: user=0.02 sys=0.00, real=0.00 secs] 
24140.875: [GC 24140.876: [ParNew: 210749K->859K(235968K), 0.0046820 secs] 630859K->421012K(1546688K), 0.0049150 secs] [Times: user=0.02 sys=0.00, real=0.00 secs] 
24165.050: [GC 24165.050: [ParNew: 210526K->622K(235968K), 0.0158740 secs] 630680K->420816K(1546688K), 0.0161770 secs] [Times: user=0.02 sys=0.00, real=0.01 secs] 
24168.949: [GC 24168.949: [ParNew: 210414K->511K(235968K), 0.0040970 secs] 630608K->420747K(1546688K), 0.0042900 secs] [Times: user=0.02 sys=0.00, real=0.00 secs] 
24183.705: [GC 24183.705: [ParNew: 210303K->550K(235968K), 0.0036950 secs] 630539K->420887K(1546688K), 0.0039400 secs] [Times: user=0.02 sys=0.00, real=0.01 secs] 
24194.304: [GC 24194.304: [ParNew: 210229K->886K(235968K), 0.0056130 secs] 630567K->421270K(1546688K), 0.0060780 secs] [Times: user=0.02 sys=0.00, real=0.01 secs] 
24205.132: [GC 24205.132: [ParNew: 210649K->896K(235968K), 0.0050400 secs] 631033K->421329K(1546688K), 0.0052630 secs] [Times: user=0.02 sys=0.00, real=0.01 secs] 
24225.971: [GC 24225.971: [ParNew: 210639K->990K(235968K), 0.0037390 secs] 631072K->421458K(1546688K), 0.0039560 secs] [Times: user=0.02 sys=0.00, real=0.00 secs] 
24229.934: [GC 24229.934: [ParNew: 210782K->842K(235968K), 0.0040460 secs] 631250K->421347K(1546688K), 0.0042640 secs] [Times: user=0.02 sys=0.01, real=0.00 secs] 
24245.468: [GC 24245.468: [ParNew: 210633K->881K(235968K), 0.0066180 secs] 631138K->421432K(1546688K), 0.0068400 secs] [Times: user=0.02 sys=0.01, real=0.00 secs] 
24260.105: [GC 24260.105: [ParNew: 210673K->940K(235968K), 0.0039880 secs] 631224K->421535K(1546688K), 0.0042490 secs] [Times: user=0.02 sys=0.00, real=0.00 secs] 
24267.106: [GC 24267.106: [ParNew: 210704K->1479K(235968K), 0.0212610 secs] 631299K->422121K(1546688K), 0.0215540 secs] [Times: user=0.02 sys=0.00, real=0.02 secs] 
24286.532: [GC 24286.533: [ParNew: 211241K->615K(235968K), 0.0050960 secs] 631883K->421307K(1546688K), 0.0052730 secs] [Times: user=0.02 sys=0.00, real=0.00 secs] 
24292.149: [GC 24292.149: [ParNew: 210407K->899K(235968K), 0.0045990 secs] 631099K->421656K(1546688K), 0.0048670 secs] [Times: user=0.02 sys=0.01, real=0.01 secs] 
24313.688: [GC 24313.688: [ParNew: 210691K->805K(235968K), 0.0053380 secs] 631448K->421600K(1546688K), 0.0056230 secs] [Times: user=0.02 sys=0.00, real=0.00 secs] 
24320.884: [GC 24320.884: [ParNew: 210597K->1216K(235968K), 0.0069610 secs] 631392K->422055K(1546688K), 0.0072890 secs] [Times: user=0.02 sys=0.00, real=0.01 secs] 
24327.156: [GC 24327.156: [ParNew: 211008K->710K(235968K), 0.0174060 secs] 631847K->421585K(1546688K), 0.0177170 secs] [Times: user=0.04 sys=0.00, real=0.02 secs] 
24348.942: [GC 24348.942: [ParNew: 210502K->930K(235968K), 0.0055280 secs] 631377K->421867K(1546688K), 0.0057320 secs] [Times: user=0.02 sys=0.00, real=0.00 secs] 
24358.084: [GC 24358.085: [ParNew: 210722K->914K(235968K), 0.0066790 secs] 631659K->421905K(1546688K), 0.0068810 secs] [Times: user=0.02 sys=0.01, real=0.01 secs] 
24374.309: [GC 24374.309: [ParNew: 210706K->1043K(235968K), 0.0056390 secs] 631697K->422095K(1546688K), 0.0058360 secs] [Times: user=0.02 sys=0.00, real=0.00 secs] 
24385.132: [GC 24385.132: [ParNew: 210835K->505K(235968K), 0.0040410 secs] 631887K->421600K(1546688K), 0.0042360 secs] [Times: user=0.01 sys=0.01, real=0.01 secs] 
24405.125: [GC 24405.125: [ParNew: 210297K->909K(235968K), 0.0166730 secs] 631392K->422041K(1546688K), 0.0169600 secs] [Times: user=0.04 sys=0.00, real=0.02 secs] 
24409.944: [GC 24409.944: [ParNew: 210701K->945K(235968K), 0.0071080 secs] 631833K->422123K(1546688K), 0.0073060 secs] [Times: user=0.02 sys=0.00, real=0.01 secs] 
24425.483: [GC 24425.484: [ParNew: 210737K->955K(235968K), 0.0053200 secs] 631915K->422183K(1546688K), 0.0055030 secs] [Times: user=0.02 sys=0.00, real=0.01 secs] 
24440.117: [GC 24440.118: [ParNew: 210698K->718K(235968K), 0.0067820 secs] 631926K->421990K(1546688K), 0.0070350 secs] [Times: user=0.02 sys=0.00, real=0.00 secs] 
24447.122: [GC 24447.123: [ParNew: 210510K->853K(235968K), 0.0087590 secs] 631782K->422161K(1546688K), 0.0090430 secs] [Times: user=0.02 sys=0.00, real=0.01 secs] 
24466.023: [GC 24466.023: [ParNew: 210645K->999K(235968K), 0.0055110 secs] 631953K->422348K(1546688K), 0.0057350 secs] [Times: user=0.02 sys=0.00, real=0.00 secs] 
24470.006: [GC 24470.006: [ParNew: 210689K->613K(235968K), 0.0209940 secs] 632039K->422006K(1546688K), 0.0212850 secs] [Times: user=0.02 sys=0.00, real=0.02 secs] 
24493.716: [GC 24493.716: [ParNew: 210405K->665K(235968K), 0.0095760 secs] 631798K->422106K(1546688K), 0.0098330 secs] [Times: user=0.02 sys=0.00, real=0.01 secs] 
24500.900: [GC 24500.900: [ParNew: 210457K->990K(235968K), 0.0113990 secs] 631898K->422473K(1546688K), 0.0115790 secs] [Times: user=0.03 sys=0.00, real=0.01 secs] 
24507.173: [GC 24507.173: [ParNew: 210782K->1240K(235968K), 0.0054290 secs] 632265K->422790K(1546688K), 0.0057160 secs] [Times: user=0.02 sys=0.00, real=0.01 secs] 
24526.606: [GC 24526.606: [ParNew: 211032K->708K(235968K), 0.0058120 secs] 632582K->422294K(1546688K), 0.0060370 secs] [Times: user=0.02 sys=0.00, real=0.00 secs] 
24532.221: [GC 24532.221: [ParNew: 210500K->604K(235968K), 0.0049450 secs] 632086K->422286K(1546688K), 0.0051760 secs] [Times: user=0.01 sys=0.00, real=0.01 secs] 
24553.768: [GC 24553.769: [ParNew: 210396K->407K(235968K), 0.0049060 secs] 632078K->422139K(1546688K), 0.0050850 secs] [Times: user=0.02 sys=0.01, real=0.00 secs] 
24560.939: [GC 24560.939: [ParNew: 210199K->817K(235968K), 0.0044880 secs] 631931K->422597K(1546688K), 0.0047330 secs] [Times: user=0.02 sys=0.00, real=0.00 secs] 
24585.130: [GC 24585.130: [ParNew: 210539K->790K(235968K), 0.0149260 secs] 632319K->422614K(1546688K), 0.0152020 secs] [Times: user=0.04 sys=0.00, real=0.02 secs] 
24589.005: [GC 24589.006: [ParNew: 210582K->819K(235968K), 0.0066370 secs] 632406K->422679K(1546688K), 0.0068830 secs] [Times: user=0.02 sys=0.00, real=0.01 secs] 
24598.166: [GC 24598.166: [ParNew: 210550K->927K(235968K), 0.0050530 secs] 632410K->422823K(1546688K), 0.0053310 secs] [Times: user=0.02 sys=0.00, real=0.01 secs] 
24614.370: [GC 24614.370: [ParNew: 210693K->516K(235968K), 0.0058270 secs] 632589K->422456K(1546688K), 0.0060100 secs] [Times: user=0.02 sys=0.00, real=0.00 secs] 
24625.188: [GC 24625.188: [ParNew: 210308K->771K(235968K), 0.0062850 secs] 632248K->422753K(1546688K), 0.0064570 secs] [Times: user=0.02 sys=0.00, real=0.00 secs] 
24646.025: [GC 24646.025: [ParNew: 210563K->737K(235968K), 0.0049260 secs] 632545K->422756K(1546688K), 0.0052340 secs] [Times: user=0.02 sys=0.00, real=0.00 secs] 
24650.008: [GC 24650.008: [ParNew: 210527K->1031K(235968K), 0.0049870 secs] 632546K->423085K(1546688K), 0.0051660 secs] [Times: user=0.02 sys=0.00, real=0.01 secs] 
24665.549: [GC 24665.549: [ParNew: 210823K->693K(235968K), 0.0053300 secs] 632877K->422790K(1546688K), 0.0055920 secs] [Times: user=0.02 sys=0.00, real=0.01 secs] 
24680.159: [GC 24680.159: [ParNew: 210469K->990K(235968K), 0.0057150 secs] 632566K->423130K(1546688K), 0.0059790 secs] [Times: user=0.03 sys=0.00, real=0.00 secs] 
24687.151: [GC 24687.151: [ParNew: 210742K->956K(235968K), 0.0065730 secs] 632882K->423145K(1546688K), 0.0068310 secs] [Times: user=0.02 sys=0.00, real=0.01 secs] 
24706.056: [GC 24706.056: [ParNew: 210748K->694K(235968K), 0.0044760 secs] 632937K->422937K(1546688K), 0.0046840 secs] [Times: user=0.02 sys=0.00, real=0.00 secs] 
24712.211: [GC 24712.211: [ParNew: 210376K->1056K(235968K), 0.0034290 secs] 632619K->423353K(1546688K), 0.0037120 secs] [Times: user=0.02 sys=0.00, real=0.01 secs] 
24733.750: [GC 24733.750: [ParNew: 210840K->1017K(235968K), 0.0037370 secs] 633137K->423426K(1546688K), 0.0039940 secs] [Times: user=0.02 sys=0.00, real=0.00 secs] 
24740.929: [GC 24740.929: [ParNew: 210809K->719K(235968K), 0.0032580 secs] 633218K->423171K(1546688K), 0.0035090 secs] [Times: user=0.02 sys=0.00, real=0.00 secs] 
24747.201: [GC 24747.201: [ParNew: 210511K->925K(235968K), 0.0033010 secs] 632963K->423408K(1546688K), 0.0035760 secs] [Times: user=0.02 sys=0.00, real=0.00 secs] 
24766.651: [GC 24766.651: [ParNew: 210632K->1137K(235968K), 0.0034170 secs] 633114K->423661K(1546688K), 0.0036620 secs] [Times: user=0.02 sys=0.00, real=0.01 secs] 
24772.265: [GC 24772.265: [ParNew: 210923K->1105K(235968K), 0.0050950 secs] 633447K->423830K(1546688K), 0.0053540 secs] [Times: user=0.03 sys=0.00, real=0.00 secs] 
24794.368: [GC 24794.368: [ParNew: 210897K->773K(235968K), 0.0033150 secs] 633622K->423542K(1546688K), 0.0035740 secs] [Times: user=0.02 sys=0.00, real=0.01 secs] 
24801.204: [GC 24801.204: [ParNew: 210565K->569K(235968K), 0.0037180 secs] 633334K->423381K(1546688K), 0.0039730 secs] [Times: user=0.02 sys=0.00, real=0.00 secs] 
24825.427: [GC 24825.427: [ParNew: 210361K->1084K(235968K), 0.0035840 secs] 633173K->423941K(1546688K), 0.0038580 secs] [Times: user=0.02 sys=0.00, real=0.00 secs] 
24829.050: [GC 24829.050: [ParNew: 210876K->813K(235968K), 0.0036510 secs] 633733K->423706K(1546688K), 0.0038660 secs] [Times: user=0.02 sys=0.00, real=0.00 secs] 
24838.215: [GC 24838.215: [ParNew: 210605K->947K(235968K), 0.0033320 secs] 633498K->423881K(1546688K), 0.0035960 secs] [Times: user=0.02 sys=0.01, real=0.00 secs] 
24854.420: [GC 24854.421: [ParNew: 210739K->853K(235968K), 0.0033470 secs] 633673K->423831K(1546688K), 0.0035890 secs] [Times: user=0.02 sys=0.00, real=0.01 secs] 
24865.206: [GC 24865.206: [ParNew: 210645K->1034K(235968K), 0.0035600 secs] 633623K->424054K(1546688K), 0.0038070 secs] [Times: user=0.02 sys=0.00, real=0.01 secs] 
24885.444: [GC 24885.444: [ParNew: 210705K->1099K(235968K), 0.0034540 secs] 633726K->424168K(1546688K), 0.0037090 secs] [Times: user=0.02 sys=0.01, real=0.01 secs] 
24889.070: [GC 24889.070: [ParNew: 210891K->898K(235968K), 0.0034240 secs] 633960K->424022K(1546688K), 0.0036620 secs] [Times: user=0.02 sys=0.00, real=0.00 secs] 
24898.238: [GC 24898.238: [ParNew: 210690K->945K(235968K), 0.0033840 secs] 633814K->424140K(1546688K), 0.0036400 secs] [Times: user=0.02 sys=0.01, real=0.00 secs] 
24920.174: [GC 24920.174: [ParNew: 210737K->951K(235968K), 0.0035560 secs] 633932K->424211K(1546688K), 0.0038230 secs] [Times: user=0.02 sys=0.00, real=0.00 secs] 
24925.238: [GC 24925.238: [ParNew: 210743K->726K(235968K), 0.0036400 secs] 634003K->424171K(1546688K), 0.0038920 secs] [Times: user=0.02 sys=0.00, real=0.01 secs] 
24946.076: [GC 24946.076: [ParNew: 210518K->1036K(235968K), 0.0037700 secs] 633963K->424517K(1546688K), 0.0040260 secs] [Times: user=0.03 sys=0.00, real=0.01 secs] 
24950.075: [GC 24950.076: [ParNew: 210771K->750K(235968K), 0.0032460 secs] 634252K->424267K(1546688K), 0.0034900 secs] [Times: user=0.03 sys=0.00, real=0.01 secs] 
24965.611: [GC 24965.611: [ParNew: 210542K->705K(235968K), 0.0033530 secs] 634059K->424287K(1546688K), 0.0036280 secs] [Times: user=0.02 sys=0.00, real=0.01 secs] 
24980.943: [GC 24980.943: [ParNew: 210497K->1157K(235968K), 0.0045630 secs] 634079K->424782K(1546688K), 0.0048100 secs] [Times: user=0.02 sys=0.01, real=0.00 secs] 
24987.217: [GC 24987.217: [ParNew: 210949K->857K(235968K), 0.0051790 secs] 634574K->424532K(1546688K), 0.0054420 secs] [Times: user=0.02 sys=0.00, real=0.01 secs] 
25006.670: [GC 25006.671: [ParNew: 210644K->990K(235968K), 0.0056370 secs] 634318K->424716K(1546688K), 0.0059010 secs] [Times: user=0.02 sys=0.00, real=0.00 secs] 
25012.275: [GC 25012.275: [ParNew: 210782K->993K(235968K), 0.0066970 secs] 634508K->424769K(1546688K), 0.0069210 secs] [Times: user=0.02 sys=0.00, real=0.01 secs] 
25033.811: [GC 25033.811: [ParNew: 210663K->1264K(235968K), 0.0042180 secs] 634440K->425097K(1546688K), 0.0044820 secs] [Times: user=0.02 sys=0.00, real=0.01 secs] 
25040.975: [GC 25040.975: [ParNew: 211046K->844K(235968K), 0.0044210 secs] 634879K->424720K(1546688K), 0.0046430 secs] [Times: user=0.02 sys=0.00, real=0.00 secs] 
25047.272: [GC 25047.273: [ParNew: 210603K->858K(235968K), 0.0046700 secs] 634480K->424779K(1546688K), 0.0048790 secs] [Times: user=0.02 sys=0.00, real=0.00 secs] 
25066.714: [GC 25066.714: [ParNew: 210650K->832K(235968K), 0.0053340 secs] 634571K->424801K(1546688K), 0.0055630 secs] [Times: user=0.02 sys=0.00, real=0.01 secs] 
25072.924: [GC 25072.924: [ParNew: 210624K->557K(235968K), 0.0044780 secs] 634593K->424574K(1546688K), 0.0047010 secs] [Times: user=0.02 sys=0.00, real=0.01 secs] 
25093.863: [GC 25093.863: [ParNew: 210349K->1006K(235968K), 0.0061170 secs] 634366K->425067K(1546688K), 0.0063340 secs] [Times: user=0.03 sys=0.00, real=0.00 secs] 
25101.034: [GC 25101.034: [ParNew: 210765K->1151K(235968K), 0.0063700 secs] 634825K->425255K(1546688K), 0.0065840 secs] [Times: user=0.02 sys=0.00, real=0.00 secs] 
25125.479: [GC 25125.479: [ParNew: 210943K->1404K(235968K), 0.0056780 secs] 635047K->425562K(1546688K), 0.0059340 secs] [Times: user=0.03 sys=0.00, real=0.00 secs] 
25129.096: [GC 25129.096: [ParNew: 211196K->1336K(235968K), 0.0056120 secs] 635354K->425531K(1546688K), 0.0058040 secs] [Times: user=0.02 sys=0.01, real=0.01 secs] 
25138.276: [GC 25138.276: [ParNew: 211107K->1114K(235968K), 0.0146720 secs] 635301K->425743K(1546688K), 0.0149250 secs] [Times: user=0.03 sys=0.00, real=0.02 secs] 
25154.481: [GC 25154.481: [ParNew: 210906K->657K(235968K), 0.0039340 secs] 635535K->425330K(1546688K), 0.0041540 secs] [Times: user=0.02 sys=0.00, real=0.01 secs] 
25165.261: [GC 25165.261: [ParNew: 210449K->730K(235968K), 0.0040210 secs] 635122K->425446K(1546688K), 0.0042420 secs] [Times: user=0.02 sys=0.00, real=0.01 secs] 
25185.522: [GC 25185.522: [ParNew: 210522K->873K(235968K), 0.0054840 secs] 635238K->425648K(1546688K), 0.0056990 secs] [Times: user=0.02 sys=0.00, real=0.00 secs] 
25190.099: [GC 25190.099: [ParNew: 210665K->1045K(235968K), 0.0074350 secs] 635440K->425871K(1546688K), 0.0077530 secs] [Times: user=0.02 sys=0.00, real=0.00 secs] 
25205.637: [GC 25205.637: [ParNew: 210837K->997K(235968K), 0.0078860 secs] 635663K->425865K(1546688K), 0.0081020 secs] [Times: user=0.03 sys=0.00, real=0.00 secs] 
25220.233: [GC 25220.233: [ParNew: 210767K->1155K(235968K), 0.0094710 secs] 635635K->426067K(1546688K), 0.0097000 secs] [Times: user=0.02 sys=0.00, real=0.01 secs] 
25227.229: [GC 25227.230: [ParNew: 210947K->762K(235968K), 0.0054780 secs] 635859K->425837K(1546688K), 0.0056840 secs] [Times: user=0.02 sys=0.00, real=0.01 secs] 
25246.127: [GC 25246.127: [ParNew: 210554K->865K(235968K), 0.0055670 secs] 635629K->425988K(1546688K), 0.0058480 secs] [Times: user=0.02 sys=0.00, real=0.01 secs] 
25250.137: [GC 25250.137: [ParNew: 210645K->900K(235968K), 0.0034820 secs] 635768K->426081K(1546688K), 0.0037330 secs] [Times: user=0.02 sys=0.01, real=0.01 secs] 
25265.679: [GC 25265.680: [ParNew: 210692K->888K(235968K), 0.0032670 secs] 635873K->426129K(1546688K), 0.0035520 secs] [Times: user=0.02 sys=0.00, real=0.00 secs] 
25280.992: [GC 25280.992: [ParNew: 210680K->829K(235968K), 0.0034100 secs] 635921K->426114K(1546688K), 0.0036640 secs] [Times: user=0.02 sys=0.00, real=0.01 secs] 
25287.308: [GC 25287.308: [ParNew: 210621K->1092K(235968K), 0.0065080 secs] 635906K->426434K(1546688K), 0.0067320 secs] [Times: user=0.02 sys=0.01, real=0.01 secs] 
25306.749: [GC 25306.750: [ParNew: 210873K->874K(235968K), 0.0052200 secs] 636215K->426258K(1546688K), 0.0054870 secs] [Times: user=0.01 sys=0.00, real=0.01 secs] 
25312.464: [GC 25312.464: [ParNew: 210579K->822K(235968K), 0.0036860 secs] 635962K->426241K(1546688K), 0.0039290 secs] [Times: user=0.02 sys=0.00, real=0.00 secs] 
25333.892: [GC 25333.893: [ParNew: 210493K->1072K(235968K), 0.0034060 secs] 635912K->426536K(1546688K), 0.0036550 secs] [Times: user=0.02 sys=0.00, real=0.01 secs] 
25341.073: [GC 25341.073: [ParNew: 210864K->953K(235968K), 0.0037800 secs] 636328K->426460K(1546688K), 0.0040480 secs] [Times: user=0.02 sys=0.00, real=0.01 secs] 
25347.355: [GC 25347.355: [ParNew: 210686K->863K(235968K), 0.0341740 secs] 636193K->426430K(1546688K), 0.0346210 secs] [Times: user=0.05 sys=0.00, real=0.03 secs] 
25369.127: [GC 25369.127: [ParNew: 210568K->910K(235968K), 0.0063170 secs] 636135K->426527K(1546688K), 0.0065160 secs] [Times: user=0.02 sys=0.00, real=0.01 secs] 
25378.312: [GC 25378.312: [ParNew: 210691K->986K(235968K), 0.0055000 secs] 636307K->426641K(1546688K), 0.0057040 secs] [Times: user=0.02 sys=0.00, real=0.00 secs] 
25394.501: [GC 25394.501: [ParNew: 210778K->930K(235968K), 0.0051040 secs] 636433K->426629K(1546688K), 0.0053130 secs] [Times: user=0.02 sys=0.01, real=0.01 secs] 
25405.277: [GC 25405.277: [ParNew: 210722K->635K(235968K), 0.0045530 secs] 636421K->426375K(1546688K), 0.0047560 secs] [Times: user=0.02 sys=0.00, real=0.00 secs] 
25425.559: [GC 25425.559: [ParNew: 210427K->840K(235968K), 0.0067970 secs] 636167K->426630K(1546688K), 0.0070030 secs] [Times: user=0.02 sys=0.00, real=0.01 secs] 
25430.145: [GC 25430.145: [ParNew: 210632K->976K(235968K), 0.0101020 secs] 636422K->426816K(1546688K), 0.0103010 secs] [Times: user=0.03 sys=0.00, real=0.01 secs] 
25445.684: [GC 25445.684: [ParNew: 210768K->1049K(235968K), 0.0061010 secs] 636608K->426937K(1546688K), 0.0063060 secs] [Times: user=0.02 sys=0.00, real=0.01 secs] 
25460.258: [GC 25460.259: [ParNew: 210841K->1034K(235968K), 0.0250600 secs] 636729K->426969K(1546688K), 0.0252720 secs] [Times: user=0.05 sys=0.00, real=0.02 secs] 
25467.254: [GC 25467.254: [ParNew: 210826K->1199K(235968K), 0.0050710 secs] 636761K->427169K(1546688K), 0.0052660 secs] [Times: user=0.02 sys=0.00, real=0.01 secs] 
25486.162: [GC 25486.162: [ParNew: 210950K->991K(235968K), 0.0054200 secs] 636920K->427003K(1546688K), 0.0056270 secs] [Times: user=0.02 sys=0.00, real=0.00 secs] 
25490.202: [GC 25490.203: [ParNew: 210659K->825K(235968K), 0.0077980 secs] 636670K->426898K(1546688K), 0.0079970 secs] [Times: user=0.02 sys=0.00, real=0.00 secs] 
25513.893: [GC 25513.894: [ParNew: 210617K->1040K(235968K), 0.0063610 secs] 636690K->427196K(1546688K), 0.0065700 secs] [Times: user=0.02 sys=0.00, real=0.01 secs] 
25521.034: [GC 25521.035: [ParNew: 210832K->882K(235968K), 0.0041940 secs] 636988K->427082K(1546688K), 0.0043990 secs] [Times: user=0.02 sys=0.00, real=0.01 secs] 
25527.364: [GC 25527.365: [ParNew: 210674K->697K(235968K), 0.0046660 secs] 636874K->426928K(1546688K), 0.0048670 secs] [Times: user=0.02 sys=0.00, real=0.01 secs] 
25546.805: [GC 25546.805: [ParNew: 210489K->856K(235968K), 0.0065530 secs] 636720K->427122K(1546688K), 0.0067520 secs] [Times: user=0.02 sys=0.00, real=0.00 secs] 
25552.522: [GC 25552.522: [ParNew: 210648K->820K(235968K), 0.0041070 secs] 636914K->427133K(1546688K), 0.0043040 secs] [Times: user=0.02 sys=0.01, real=0.00 secs] 
25574.508: [GC 25574.508: [ParNew: 210612K->623K(235968K), 0.0042240 secs] 636925K->426979K(1546688K), 0.0044310 secs] [Times: user=0.02 sys=0.00, real=0.00 secs] 
25581.133: [GC 25581.133: [ParNew: 210415K->687K(235968K), 0.0065930 secs] 636771K->427087K(1546688K), 0.0067770 secs] [Times: user=0.02 sys=0.01, real=0.01 secs] 
25605.568: [GC 25605.568: [ParNew: 210479K->985K(235968K), 0.0041880 secs] 636879K->427429K(1546688K), 0.0044550 secs] [Times: user=0.02 sys=0.00, real=0.00 secs] 
25609.193: [GC 25609.194: [ParNew: 210777K->930K(235968K), 0.0049180 secs] 637221K->427409K(1546688K), 0.0050880 secs] [Times: user=0.02 sys=0.00, real=0.00 secs] 
25618.383: [GC 25618.383: [ParNew: 210722K->658K(235968K), 0.0036890 secs] 637201K->427177K(1546688K), 0.0038940 secs] [Times: user=0.02 sys=0.00, real=0.00 secs] 
25634.557: [GC 25634.558: [ParNew: 210450K->712K(235968K), 0.0107270 secs] 636969K->427274K(1546688K), 0.0109160 secs] [Times: user=0.02 sys=0.00, real=0.02 secs] 
25645.326: [GC 25645.326: [ParNew: 210504K->950K(235968K), 0.0043100 secs] 637066K->427557K(1546688K), 0.0045780 secs] [Times: user=0.02 sys=0.00, real=0.01 secs] 
25666.162: [GC 25666.162: [ParNew: 210742K->795K(235968K), 0.0044660 secs] 637349K->427449K(1546688K), 0.0047390 secs] [Times: user=0.02 sys=0.00, real=0.01 secs] 
25670.203: [GC 25670.204: [ParNew: 210540K->1190K(235968K), 0.0040470 secs] 637194K->427879K(1546688K), 0.0043340 secs] [Times: user=0.02 sys=0.00, real=0.00 secs] 
25685.749: [GC 25685.749: [ParNew: 210951K->880K(235968K), 0.0067580 secs] 637640K->427647K(1546688K), 0.0069640 secs] [Times: user=0.03 sys=0.00, real=0.01 secs] 
25701.035: [GC 25701.035: [ParNew: 210672K->588K(235968K), 0.0094340 secs] 637439K->427399K(1546688K), 0.0097030 secs] [Times: user=0.04 sys=0.00, real=0.01 secs] 
25707.312: [GC 25707.312: [ParNew: 210351K->716K(235968K), 0.0056560 secs] 637161K->427587K(1546688K), 0.0058850 secs] [Times: user=0.02 sys=0.00, real=0.01 secs] 
25726.811: [GC 25726.811: [ParNew: 210508K->1923K(235968K), 0.0087590 secs] 637379K->428846K(1546688K), 0.0090380 secs] [Times: user=0.03 sys=0.00, real=0.01 secs] 
25732.522: [GC 25732.522: [ParNew: 211715K->2306K(235968K), 0.0057410 secs] 638638K->429277K(1546688K), 0.0059570 secs] [Times: user=0.03 sys=0.00, real=0.01 secs] 
25754.066: [GC 25754.066: [ParNew: 212086K->2495K(235968K), 0.0047640 secs] 639057K->429516K(1546688K), 0.0050390 secs] [Times: user=0.03 sys=0.00, real=0.01 secs] 
25761.070: [GC 25761.070: [ParNew: 212287K->2940K(235968K), 0.0058940 secs] 639308K->430004K(1546688K), 0.0061090 secs] [Times: user=0.03 sys=0.00, real=0.00 secs] 
25767.316: [GC 25767.316: [ParNew: 212732K->2140K(235968K), 0.0213260 secs] 639796K->430347K(1546688K), 0.0215660 secs] [Times: user=0.04 sys=0.00, real=0.03 secs] 
25785.598: [GC 25785.598: [ParNew: 211932K->1379K(235968K), 0.0148550 secs] 640139K->429646K(1546688K), 0.0151040 secs] [Times: user=0.05 sys=0.00, real=0.01 secs] 
25787.183: [GC 25787.183: [ParNew: 211171K->2003K(235968K), 0.0080260 secs] 639438K->430334K(1546688K), 0.0083100 secs] [Times: user=0.02 sys=0.00, real=0.01 secs] 
25798.385: [GC 25798.385: [ParNew: 211795K->1809K(235968K), 0.0047620 secs] 640126K->430197K(1546688K), 0.0049810 secs] [Times: user=0.02 sys=0.00, real=0.00 secs] 
25814.113: [GC 25814.113: [ParNew: 211545K->1772K(235968K), 0.0051830 secs] 639932K->430237K(1546688K), 0.0053970 secs] [Times: user=0.02 sys=0.00, real=0.00 secs] 
25821.180: [GC 25821.181: [ParNew: 211482K->1711K(235968K), 0.0067990 secs] 639947K->430456K(1546688K), 0.0070540 secs] [Times: user=0.03 sys=0.00, real=0.00 secs] 
25840.323: [GC 25840.323: [ParNew: 211503K->787K(235968K), 0.0048030 secs] 640248K->430271K(1546688K), 0.0050240 secs] [Times: user=0.02 sys=0.00, real=0.01 secs] 
25849.216: [GC 25849.217: [ParNew: 210576K->728K(235968K), 0.0057330 secs] 640061K->430261K(1546688K), 0.0059660 secs] [Times: user=0.02 sys=0.00, real=0.00 secs] 
25858.420: [GC 25858.420: [ParNew: 210425K->775K(235968K), 0.0047690 secs] 639957K->430364K(1546688K), 0.0049860 secs] [Times: user=0.02 sys=0.00, real=0.01 secs] 
25874.593: [GC 25874.593: [ParNew: 210567K->619K(235968K), 0.0058390 secs] 640156K->430252K(1546688K), 0.0060550 secs] [Times: user=0.02 sys=0.00, real=0.00 secs] 
25885.344: [GC 25885.344: [ParNew: 210411K->934K(235968K), 0.0037800 secs] 640044K->430598K(1546688K), 0.0040140 secs] [Times: user=0.02 sys=0.00, real=0.00 secs] 
25905.653: [GC 25905.653: [ParNew: 210726K->847K(235968K), 0.0039250 secs] 640390K->430560K(1546688K), 0.0041770 secs] [Times: user=0.02 sys=0.00, real=0.01 secs] 
25910.231: [GC 25910.231: [ParNew: 210595K->883K(235968K), 0.0046460 secs] 640308K->430644K(1546688K), 0.0048350 secs] [Times: user=0.02 sys=0.01, real=0.01 secs] 
25921.935: [GC 25921.935: [ParNew: 210675K->692K(235968K), 0.0041050 secs] 640436K->430508K(1546688K), 0.0043540 secs] [Times: user=0.02 sys=0.01, real=0.00 secs] 
25934.621: [GC 25934.621: [ParNew: 210372K->862K(235968K), 0.0052880 secs] 640188K->430748K(1546688K), 0.0055370 secs] [Times: user=0.03 sys=0.00, real=0.00 secs] 
25945.373: [GC 25945.373: [ParNew: 210654K->727K(235968K), 0.0039800 secs] 640540K->430662K(1546688K), 0.0042370 secs] [Times: user=0.02 sys=0.00, real=0.00 secs] 
25966.213: [GC 25966.214: [ParNew: 210519K->876K(235968K), 0.0045620 secs] 640454K->430852K(1546688K), 0.0047510 secs] [Times: user=0.03 sys=0.00, real=0.01 secs] 
25970.262: [GC 25970.262: [ParNew: 210668K->929K(235968K), 0.0055780 secs] 640644K->430941K(1546688K), 0.0058520 secs] [Times: user=0.02 sys=0.00, real=0.01 secs] 
25985.812: [GC 25985.812: [ParNew: 210714K->817K(235968K), 0.0047390 secs] 640726K->431001K(1546688K), 0.0050050 secs] [Times: user=0.02 sys=0.00, real=0.01 secs] 
26001.077: [GC 26001.077: [ParNew: 210581K->600K(235968K), 0.0039690 secs] 640765K->430821K(1546688K), 0.0042250 secs] [Times: user=0.02 sys=0.00, real=0.01 secs] 
26007.472: [GC 26007.472: [ParNew: 210392K->628K(235968K), 0.0202380 secs] 640613K->430898K(1546688K), 0.0205130 secs] [Times: user=0.03 sys=0.01, real=0.02 secs] 
26026.244: [GC 26026.244: [ParNew: 210420K->1150K(235968K), 0.0074590 secs] 640690K->431474K(1546688K), 0.0076640 secs] [Times: user=0.02 sys=0.00, real=0.01 secs] 
26032.567: [GC 26032.567: [ParNew: 210942K->1056K(235968K), 0.0062100 secs] 641266K->431434K(1546688K), 0.0064210 secs] [Times: user=0.02 sys=0.00, real=0.00 secs] 
26054.109: [GC 26054.109: [ParNew: 210848K->1142K(235968K), 0.0062680 secs] 641226K->431579K(1546688K), 0.0064710 secs] [Times: user=0.02 sys=0.00, real=0.01 secs] 
26061.106: [GC 26061.107: [ParNew: 210934K->584K(235968K), 0.0146760 secs] 641371K->431070K(1546688K), 0.0148810 secs] [Times: user=0.02 sys=0.00, real=0.02 secs] 
26067.510: [GC 26067.511: [ParNew: 210376K->678K(235968K), 0.0425860 secs] 640862K->431313K(1546688K), 0.0428760 secs] [Times: user=0.06 sys=0.01, real=0.04 secs] 
26086.912: [GC 26086.912: [ParNew: 210470K->636K(235968K), 0.0070200 secs] 641105K->431319K(1546688K), 0.0072820 secs] [Times: user=0.02 sys=0.00, real=0.01 secs] 
26092.619: [GC 26092.619: [ParNew: 210428K->926K(235968K), 0.0041900 secs] 641111K->431682K(1546688K), 0.0044590 secs] [Times: user=0.02 sys=0.00, real=0.00 secs] 
26114.609: [GC 26114.610: [ParNew: 210718K->531K(235968K), 0.0089330 secs] 641474K->431331K(1546688K), 0.0091220 secs] [Times: user=0.02 sys=0.00, real=0.01 secs] 
26121.251: [GC 26121.252: [ParNew: 210323K->693K(235968K), 0.0075360 secs] 641123K->431537K(1546688K), 0.0078000 secs] [Times: user=0.02 sys=0.00, real=0.01 secs] 
26145.669: [GC 26145.670: [ParNew: 210485K->700K(235968K), 0.0040750 secs] 641329K->431587K(1546688K), 0.0043360 secs] [Times: user=0.02 sys=0.00, real=0.00 secs] 
26149.288: [GC 26149.289: [ParNew: 210492K->663K(235968K), 0.0052000 secs] 641379K->431587K(1546688K), 0.0053760 secs] [Times: user=0.02 sys=0.00, real=0.00 secs] 
26158.501: [GC 26158.501: [ParNew: 210341K->479K(235968K), 0.0045480 secs] 641264K->431447K(1546688K), 0.0047430 secs] [Times: user=0.02 sys=0.00, real=0.00 secs] 
26174.668: [GC 26174.669: [ParNew: 210245K->693K(235968K), 0.0036650 secs] 641214K->431705K(1546688K), 0.0039060 secs] [Times: user=0.02 sys=0.00, real=0.00 secs] 
26185.414: [GC 26185.414: [ParNew: 210485K->698K(235968K), 0.0042290 secs] 641497K->431760K(1546688K), 0.0044330 secs] [Times: user=0.02 sys=0.00, real=0.00 secs] 
26206.247: [GC 26206.247: [ParNew: 210432K->759K(235968K), 0.0046260 secs] 641494K->431858K(1546688K), 0.0049050 secs] [Times: user=0.02 sys=0.00, real=0.01 secs] 
26210.307: [GC 26210.307: [ParNew: 210551K->751K(235968K), 0.0047620 secs] 641650K->431885K(1546688K), 0.0049640 secs] [Times: user=0.01 sys=0.00, real=0.01 secs] 
26225.860: [GC 26225.860: [ParNew: 210520K->801K(235968K), 0.0038680 secs] 641655K->431972K(1546688K), 0.0040730 secs] [Times: user=0.03 sys=0.01, real=0.00 secs] 
26241.111: [GC 26241.111: [ParNew: 210593K->707K(235968K), 0.0044930 secs] 641764K->431909K(1546688K), 0.0047000 secs] [Times: user=0.02 sys=0.00, real=0.01 secs] 
26247.657: [GC 26247.657: [ParNew: 210447K->446K(235968K), 0.0288110 secs] 641649K->431694K(1546688K), 0.0291010 secs] [Times: user=0.06 sys=0.00, real=0.03 secs] 
26266.929: [GC 26266.930: [ParNew: 210156K->786K(235968K), 0.0052210 secs] 641404K->432076K(1546688K), 0.0054400 secs] [Times: user=0.02 sys=0.00, real=0.00 secs] 
26272.625: [GC 26272.625: [ParNew: 210471K->1228K(235968K), 0.0056660 secs] 641761K->432555K(1546688K), 0.0058390 secs] [Times: user=0.02 sys=0.00, real=0.01 secs] 
26294.179: [GC 26294.179: [ParNew: 211020K->890K(235968K), 0.0049590 secs] 642347K->432260K(1546688K), 0.0052270 secs] [Times: user=0.02 sys=0.00, real=0.00 secs] 
26301.266: [GC 26301.266: [ParNew: 210682K->987K(235968K), 0.0046720 secs] 642052K->432401K(1546688K), 0.0049380 secs] [Times: user=0.02 sys=0.00, real=0.00 secs] 
26307.717: [GC 26307.717: [ParNew: 210779K->650K(235968K), 0.0167200 secs] 642193K->432237K(1546688K), 0.0169170 secs] [Times: user=0.03 sys=0.00, real=0.02 secs] 
26329.300: [GC 26329.300: [ParNew: 210442K->835K(235968K), 0.0071080 secs] 642029K->432470K(1546688K), 0.0073550 secs] [Times: user=0.02 sys=0.00, real=0.00 secs] 
26338.514: [GC 26338.514: [ParNew: 210627K->922K(235968K), 0.0056840 secs] 642262K->432680K(1546688K), 0.0058910 secs] [Times: user=0.03 sys=0.00, real=0.01 secs] 
26354.674: [GC 26354.675: [ParNew: 210702K->583K(235968K), 0.0071780 secs] 642461K->432380K(1546688K), 0.0073920 secs] [Times: user=0.02 sys=0.00, real=0.01 secs] 
26365.407: [GC 26365.407: [ParNew: 210375K->579K(235968K), 0.0127450 secs] 642172K->432407K(1546688K), 0.0129650 secs] [Times: user=0.02 sys=0.00, real=0.01 secs] 
26385.728: [GC 26385.728: [ParNew: 210371K->916K(235968K), 0.0052510 secs] 642199K->432787K(1546688K), 0.0054630 secs] [Times: user=0.02 sys=0.00, real=0.01 secs] 
26390.317: [GC 26390.317: [ParNew: 210708K->742K(235968K), 0.0061410 secs] 642579K->432661K(1546688K), 0.0063600 secs] [Times: user=0.02 sys=0.00, real=0.01 secs] 
26405.869: [GC 26405.869: [ParNew: 210528K->1044K(235968K), 0.0067980 secs] 642448K->433012K(1546688K), 0.0070120 secs] [Times: user=0.02 sys=0.00, real=0.00 secs] 
26420.410: [GC 26420.411: [ParNew: 210836K->692K(235968K), 0.0061770 secs] 642804K->432704K(1546688K), 0.0064680 secs] [Times: user=0.02 sys=0.00, real=0.01 secs] 
26427.391: [GC 26427.391: [ParNew: 210484K->824K(235968K), 0.0048960 secs] 642496K->432872K(1546688K), 0.0051690 secs] [Times: user=0.02 sys=0.00, real=0.01 secs] 
26446.315: [GC 26446.315: [ParNew: 210609K->777K(235968K), 0.0058750 secs] 642658K->432868K(1546688K), 0.0061900 secs] [Times: user=0.02 sys=0.00, real=0.01 secs] 
26452.636: [GC 26452.636: [ParNew: 210509K->723K(235968K), 0.0049310 secs] 642600K->432870K(1546688K), 0.0051560 secs] [Times: user=0.03 sys=0.00, real=0.01 secs] 
26474.191: [GC 26474.192: [ParNew: 210515K->951K(235968K), 0.0058000 secs] 642662K->433142K(1546688K), 0.0060280 secs] [Times: user=0.02 sys=0.00, real=0.01 secs] 
26481.163: [GC 26481.163: [ParNew: 210743K->846K(235968K), 0.0046660 secs] 642934K->433081K(1546688K), 0.0049500 secs] [Times: user=0.02 sys=0.00, real=0.01 secs] 
26487.756: [GC 26487.757: [ParNew: 210627K->766K(235968K), 0.0137000 secs] 642862K->433032K(1546688K), 0.0140740 secs] [Times: user=0.02 sys=0.00, real=0.01 secs] 
26506.997: [GC 26506.997: [ParNew: 210450K->1008K(235968K), 0.0058020 secs] 642716K->433315K(1546688K), 0.0060720 secs] [Times: user=0.02 sys=0.00, real=0.01 secs] 
26512.697: [GC 26512.698: [ParNew: 210800K->719K(235968K), 0.0066860 secs] 643107K->433070K(1546688K), 0.0069010 secs] [Times: user=0.02 sys=0.00, real=0.01 secs] 
26534.689: [GC 26534.689: [ParNew: 210511K->797K(235968K), 0.0049330 secs] 642862K->433195K(1546688K), 0.0051850 secs] [Times: user=0.02 sys=0.00, real=0.00 secs] 
26541.334: [GC 26541.334: [ParNew: 210589K->888K(235968K), 0.0049110 secs] 642987K->433330K(1546688K), 0.0051250 secs] [Times: user=0.02 sys=0.00, real=0.01 secs] 
26565.743: [GC 26565.743: [ParNew: 210680K->600K(235968K), 0.0046310 secs] 643122K->433108K(1546688K), 0.0048970 secs] [Times: user=0.02 sys=0.00, real=0.00 secs] 
26569.366: [GC 26569.366: [ParNew: 210392K->699K(235968K), 0.0064480 secs] 642900K->433244K(1546688K), 0.0066230 secs] [Times: user=0.01 sys=0.00, real=0.01 secs] 
26578.592: [GC 26578.592: [ParNew: 210439K->610K(235968K), 0.0053310 secs] 642983K->433196K(1546688K), 0.0055990 secs] [Times: user=0.02 sys=0.00, real=0.00 secs] 
26594.865: [GC 26594.865: [ParNew: 210402K->396K(235968K), 0.0044610 secs] 642988K->433025K(1546688K), 0.0047270 secs] [Times: user=0.02 sys=0.00, real=0.01 secs] 
26605.472: [GC 26605.472: [ParNew: 210188K->566K(235968K), 0.0070050 secs] 642817K->433245K(1546688K), 0.0071920 secs] [Times: user=0.02 sys=0.00, real=0.01 secs] 
26626.323: [GC 26626.324: [ParNew: 210335K->791K(235968K), 0.0180480 secs] 643013K->433505K(1546688K), 0.0183600 secs] [Times: user=0.04 sys=0.00, real=0.01 secs] 
26630.384: [GC 26630.384: [ParNew: 210583K->790K(235968K), 0.0105290 secs] 643297K->433541K(1546688K), 0.0107920 secs] [Times: user=0.04 sys=0.00, real=0.01 secs] 
26645.939: [GC 26645.939: [ParNew: 210582K->719K(235968K), 0.0064790 secs] 643333K->433505K(1546688K), 0.0067320 secs] [Times: user=0.02 sys=0.00, real=0.01 secs] 
26661.166: [GC 26661.166: [ParNew: 210494K->595K(235968K), 0.0037250 secs] 643280K->433413K(1546688K), 0.0039330 secs] [Times: user=0.02 sys=0.00, real=0.01 secs] 
26667.774: [GC 26667.775: [ParNew: 210387K->399K(235968K), 0.0312280 secs] 643205K->433261K(1546688K), 0.0314920 secs] [Times: user=0.04 sys=0.01, real=0.04 secs] 
26687.141: [GC 26687.142: [ParNew: 210178K->676K(235968K), 0.0265160 secs] 643040K->433574K(1546688K), 0.0268570 secs] [Times: user=0.02 sys=0.00, real=0.03 secs] 
26692.702: [GC 26692.702: [ParNew: 210451K->760K(235968K), 0.0084930 secs] 643349K->433695K(1546688K), 0.0086870 secs] [Times: user=0.02 sys=0.00, real=0.00 secs] 
26714.261: [GC 26714.262: [ParNew: 210552K->889K(235968K), 0.0060940 secs] 643487K->433868K(1546688K), 0.0062950 secs] [Times: user=0.02 sys=0.00, real=0.00 secs] 
26721.354: [GC 26721.354: [ParNew: 210675K->1445K(235968K), 0.0050960 secs] 643653K->434467K(1546688K), 0.0053030 secs] [Times: user=0.03 sys=0.00, real=0.01 secs] 
26727.877: [GC 26727.877: [ParNew: 211237K->722K(235968K), 0.0047030 secs] 644259K->433793K(1546688K), 0.0049160 secs] [Times: user=0.02 sys=0.00, real=0.00 secs] 
26749.370: [GC 26749.371: [ParNew: 210514K->1098K(235968K), 0.0056340 secs] 643585K->434218K(1546688K), 0.0059250 secs] [Times: user=0.02 sys=0.00, real=0.01 secs] 
26758.608: [GC 26758.609: [ParNew: 210890K->1329K(235968K), 0.0080840 secs] 644010K->434502K(1546688K), 0.0082570 secs] [Times: user=0.02 sys=0.00, real=0.01 secs] 
26774.752: [GC 26774.752: [ParNew: 211114K->1036K(235968K), 0.0066500 secs] 644286K->434253K(1546688K), 0.0068740 secs] [Times: user=0.02 sys=0.00, real=0.00 secs] 
26785.487: [GC 26785.487: [ParNew: 210828K->643K(235968K), 0.0105980 secs] 644045K->433903K(1546688K), 0.0108640 secs] [Times: user=0.04 sys=0.00, real=0.02 secs] 
26805.801: [GC 26805.801: [ParNew: 210399K->927K(235968K), 0.0066460 secs] 643660K->434345K(1546688K), 0.0068910 secs] [Times: user=0.01 sys=0.01, real=0.01 secs] 
26810.388: [GC 26810.388: [ParNew: 210716K->707K(235968K), 0.0061760 secs] 644134K->434178K(1546688K), 0.0064320 secs] [Times: user=0.02 sys=0.00, real=0.01 secs] 
26825.947: [GC 26825.947: [ParNew: 210499K->1019K(235968K), 0.0074660 secs] 643970K->434541K(1546688K), 0.0077520 secs] [Times: user=0.02 sys=0.00, real=0.01 secs] 
26840.461: [GC 26840.461: [ParNew: 210752K->827K(235968K), 0.0082700 secs] 644274K->434386K(1546688K), 0.0085160 secs] [Times: user=0.02 sys=0.00, real=0.01 secs] 
26847.440: [GC 26847.440: [ParNew: 210604K->778K(235968K), 0.0057320 secs] 644163K->434375K(1546688K), 0.0059420 secs] [Times: user=0.02 sys=0.00, real=0.00 secs] 
26866.384: [GC 26866.384: [ParNew: 210570K->806K(235968K), 0.0113220 secs] 644167K->434445K(1546688K), 0.0115690 secs] [Times: user=0.02 sys=0.00, real=0.02 secs] 
26870.440: [GC 26870.440: [ParNew: 210583K->928K(235968K), 0.0050620 secs] 644222K->434617K(1546688K), 0.0052610 secs] [Times: user=0.01 sys=0.01, real=0.01 secs] 
26894.264: [GC 26894.264: [ParNew: 210720K->690K(235968K), 0.0063990 secs] 644409K->434427K(1546688K), 0.0066080 secs] [Times: user=0.02 sys=0.00, real=0.01 secs] 
26901.209: [GC 26901.210: [ParNew: 210482K->470K(235968K), 0.0035800 secs] 644219K->434346K(1546688K), 0.0038540 secs] [Times: user=0.02 sys=0.00, real=0.00 secs] 
26907.881: [GC 26907.881: [ParNew: 210165K->772K(235968K), 0.0134780 secs] 644041K->434692K(1546688K), 0.0138260 secs] [Times: user=0.01 sys=0.00, real=0.01 secs] 
26927.204: [GC 26927.205: [ParNew: 210544K->782K(235968K), 0.0171520 secs] 644464K->434738K(1546688K), 0.0174550 secs] [Times: user=0.02 sys=0.00, real=0.02 secs] 
26932.753: [GC 26932.753: [ParNew: 210534K->816K(235968K), 0.0049070 secs] 644490K->434811K(1546688K), 0.0051100 secs] [Times: user=0.02 sys=0.00, real=0.01 secs] 
26954.317: [GC 26954.317: [ParNew: 210608K->940K(235968K), 0.0048600 secs] 644603K->434979K(1546688K), 0.0051110 secs] [Times: user=0.02 sys=0.01, real=0.01 secs] 
26961.413: [GC 26961.413: [ParNew: 210732K->922K(235968K), 0.0046230 secs] 644771K->435004K(1546688K), 0.0048070 secs] [Times: user=0.02 sys=0.00, real=0.00 secs] 
26985.811: [GC 26985.811: [ParNew: 210682K->738K(235968K), 0.0061690 secs] 644764K->434866K(1546688K), 0.0064090 secs] [Times: user=0.02 sys=0.00, real=0.01 secs] 
26989.429: [GC 26989.430: [ParNew: 210530K->731K(235968K), 0.0055130 secs] 644658K->434894K(1546688K), 0.0057110 secs] [Times: user=0.02 sys=0.01, real=0.00 secs] 
26998.675: [GC 26998.675: [ParNew: 210523K->834K(235968K), 0.0053120 secs] 644686K->435061K(1546688K), 0.0055570 secs] [Times: user=0.02 sys=0.00, real=0.00 secs] 
27014.812: [GC 27014.813: [ParNew: 210626K->608K(235968K), 0.0112650 secs] 644853K->434879K(1546688K), 0.0115090 secs] [Times: user=0.02 sys=0.00, real=0.01 secs] 
27025.549: [GC 27025.550: [ParNew: 210294K->771K(235968K), 0.0109440 secs] 644565K->435078K(1546688K), 0.0112580 secs] [Times: user=0.02 sys=0.00, real=0.02 secs] 
27045.854: [GC 27045.854: [ParNew: 210498K->1082K(235968K), 0.0050020 secs] 644805K->435439K(1546688K), 0.0051890 secs] [Times: user=0.02 sys=0.00, real=0.01 secs] 
27050.442: [GC 27050.442: [ParNew: 210868K->1170K(235968K), 0.0068870 secs] 645225K->435574K(1546688K), 0.0072000 secs] [Times: user=0.03 sys=0.00, real=0.01 secs] 
27066.002: [GC 27066.002: [ParNew: 210925K->958K(235968K), 0.0095680 secs] 645329K->435410K(1546688K), 0.0097580 secs] [Times: user=0.02 sys=0.00, real=0.01 secs] 
27080.502: [GC 27080.502: [ParNew: 210750K->782K(235968K), 0.0046480 secs] 645202K->435278K(1546688K), 0.0049200 secs] [Times: user=0.02 sys=0.00, real=0.00 secs] 
27087.481: [GC 27087.481: [ParNew: 210485K->858K(235968K), 0.0054570 secs] 644980K->435478K(1546688K), 0.0056760 secs] [Times: user=0.02 sys=0.00, real=0.00 secs] 
27106.760: [GC 27106.760: [ParNew: 210650K->396K(235968K), 0.0055260 secs] 645270K->435070K(1546688K), 0.0057360 secs] [Times: user=0.02 sys=0.00, real=0.00 secs] 
27112.754: [GC 27112.754: [ParNew: 210188K->877K(235968K), 0.0066510 secs] 644862K->435600K(1546688K), 0.0069350 secs] [Times: user=0.02 sys=0.00, real=0.01 secs] 
27134.320: [GC 27134.320: [ParNew: 210669K->868K(235968K), 0.0062990 secs] 645392K->435635K(1546688K), 0.0065470 secs] [Times: user=0.02 sys=0.00, real=0.01 secs] 
27141.248: [GC 27141.248: [ParNew: 210660K->1154K(235968K), 0.0059450 secs] 645427K->435964K(1546688K), 0.0061030 secs] [Times: user=0.03 sys=0.00, real=0.01 secs] 
27147.941: [GC 27147.941: [ParNew: 210937K->1187K(235968K), 0.0164740 secs] 645748K->436030K(1546688K), 0.0167740 secs] [Times: user=0.04 sys=0.00, real=0.01 secs] 
27167.245: [GC 27167.246: [ParNew: 210950K->1196K(235968K), 0.0170910 secs] 645792K->436080K(1546688K), 0.0174230 secs] [Times: user=0.04 sys=0.00, real=0.02 secs] 
27172.804: [GC 27172.805: [ParNew: 210988K->1286K(235968K), 0.0070900 secs] 645872K->436217K(1546688K), 0.0073530 secs] [Times: user=0.02 sys=0.00, real=0.01 secs] 
27194.371: [GC 27194.371: [ParNew: 211056K->1443K(235968K), 0.0093740 secs] 645987K->436744K(1546688K), 0.0096410 secs] [Times: user=0.04 sys=0.00, real=0.01 secs] 
27201.467: [GC 27201.467: [ParNew: 211235K->858K(235968K), 0.0034100 secs] 646536K->436211K(1546688K), 0.0036540 secs] [Times: user=0.02 sys=0.00, real=0.00 secs] 
27225.864: [GC 27225.865: [ParNew: 210650K->1242K(235968K), 0.0034490 secs] 646003K->436639K(1546688K), 0.0037410 secs] [Times: user=0.02 sys=0.01, real=0.00 secs] 
27229.485: [GC 27229.486: [ParNew: 210984K->928K(235968K), 0.0033480 secs] 646381K->436361K(1546688K), 0.0036320 secs] [Times: user=0.02 sys=0.00, real=0.01 secs] 
27238.857: [GC 27238.857: [ParNew: 210720K->706K(235968K), 0.0191730 secs] 646153K->436405K(1546688K), 0.0194510 secs] [Times: user=0.05 sys=0.00, real=0.02 secs] 
27254.851: [GC 27254.851: [ParNew: 210498K->763K(235968K), 0.0051390 secs] 646197K->436507K(1546688K), 0.0054130 secs] [Times: user=0.01 sys=0.00, real=0.01 secs] 
27265.551: [GC 27265.551: [ParNew: 210555K->1222K(235968K), 0.0073560 secs] 646299K->437009K(1546688K), 0.0076570 secs] [Times: user=0.02 sys=0.00, real=0.01 secs] 
27285.898: [GC 27285.898: [ParNew: 211014K->588K(235968K), 0.0047090 secs] 646801K->436424K(1546688K), 0.0049680 secs] [Times: user=0.02 sys=0.00, real=0.01 secs] 
27290.484: [GC 27290.484: [ParNew: 210380K->1222K(235968K), 0.0078220 secs] 646216K->437107K(1546688K), 0.0080850 secs] [Times: user=0.02 sys=0.00, real=0.01 secs] 
27306.049: [GC 27306.049: [ParNew: 211014K->597K(235968K), 0.0226970 secs] 646899K->436534K(1546688K), 0.0229980 secs] [Times: user=0.03 sys=0.01, real=0.02 secs] 
27320.533: [GC 27320.533: [ParNew: 210389K->872K(235968K), 0.0049610 secs] 646326K->436915K(1546688K), 0.0051610 secs] [Times: user=0.02 sys=0.00, real=0.01 secs] 
27327.507: [GC 27327.507: [ParNew: 210664K->763K(235968K), 0.0042760 secs] 646707K->436842K(1546688K), 0.0045140 secs] [Times: user=0.02 sys=0.00, real=0.00 secs] 
27346.466: [GC 27346.466: [ParNew: 210500K->816K(235968K), 0.0271450 secs] 646579K->436943K(1546688K), 0.0274500 secs] [Times: user=0.04 sys=0.01, real=0.03 secs] 
27352.788: [GC 27352.788: [ParNew: 210608K->739K(235968K), 0.0091500 secs] 646735K->436919K(1546688K), 0.0093580 secs] [Times: user=0.02 sys=0.00, real=0.01 secs] 
27374.360: [GC 27374.360: [ParNew: 210531K->731K(235968K), 0.0071980 secs] 646711K->436980K(1546688K), 0.0074030 secs] [Times: user=0.02 sys=0.00, real=0.01 secs] 
27381.310: [GC 27381.310: [ParNew: 210523K->609K(235968K), 0.0055880 secs] 646772K->436903K(1546688K), 0.0058620 secs] [Times: user=0.02 sys=0.00, real=0.01 secs] 
27388.013: [GC 27388.014: [ParNew: 210338K->1000K(235968K), 0.0077060 secs] 646631K->437325K(1546688K), 0.0079910 secs] [Times: user=0.02 sys=0.00, real=0.00 secs] 
27407.288: [GC 27407.288: [ParNew: 210792K->709K(235968K), 0.0233980 secs] 647117K->437075K(1546688K), 0.0236780 secs] [Times: user=0.04 sys=0.00, real=0.03 secs] 
27412.840: [GC 27412.841: [ParNew: 210476K->744K(235968K), 0.0087510 secs] 646842K->437159K(1546688K), 0.0089570 secs] [Times: user=0.02 sys=0.00, real=0.01 secs] 
27434.411: [GC 27434.411: [ParNew: 210487K->709K(235968K), 0.0056490 secs] 646901K->437168K(1546688K), 0.0058520 secs] [Times: user=0.03 sys=0.00, real=0.01 secs] 
27441.516: [GC 27441.516: [ParNew: 210417K->946K(235968K), 0.0049270 secs] 646875K->437449K(1546688K), 0.0051220 secs] [Times: user=0.02 sys=0.00, real=0.00 secs] 
27465.909: [GC 27465.909: [ParNew: 210738K->1136K(235968K), 0.0068800 secs] 647241K->437794K(1546688K), 0.0070780 secs] [Times: user=0.02 sys=0.00, real=0.01 secs] 
27469.531: [GC 27469.531: [ParNew: 210893K->745K(235968K), 0.0062780 secs] 647552K->437439K(1546688K), 0.0064710 secs] [Times: user=0.02 sys=0.00, real=0.00 secs] 
27478.943: [GC 27478.943: [ParNew: 210528K->689K(235968K), 0.0062100 secs] 647222K->437419K(1546688K), 0.0064840 secs] [Times: user=0.02 sys=0.00, real=0.01 secs] 
27494.897: [GC 27494.898: [ParNew: 210481K->1003K(235968K), 0.0045200 secs] 647211K->437777K(1546688K), 0.0047960 secs] [Times: user=0.02 sys=0.00, real=0.00 secs] 
27505.593: [GC 27505.593: [ParNew: 210735K->976K(235968K), 0.0044210 secs] 647509K->437792K(1546688K), 0.0047080 secs] [Times: user=0.03 sys=0.00, real=0.01 secs] 
27525.953: [GC 27525.953: [ParNew: 210749K->947K(235968K), 0.0060200 secs] 647566K->437813K(1546688K), 0.0063100 secs] [Times: user=0.02 sys=0.00, real=0.00 secs] 
27530.540: [GC 27530.540: [ParNew: 210739K->1150K(235968K), 0.0092200 secs] 647605K->438060K(1546688K), 0.0094790 secs] [Times: user=0.02 sys=0.00, real=0.01 secs] 
27546.088: [GC 27546.088: [ParNew: 210942K->902K(235968K), 0.0082490 secs] 647852K->437873K(1546688K), 0.0084340 secs] [Times: user=0.02 sys=0.00, real=0.01 secs] 
27560.560: [GC 27560.561: [ParNew: 210694K->995K(235968K), 0.0057190 secs] 647665K->438010K(1546688K), 0.0059650 secs] [Times: user=0.02 sys=0.00, real=0.01 secs] 
27567.530: [GC 27567.530: [ParNew: 210787K->1293K(235968K), 0.0068160 secs] 647802K->438428K(1546688K), 0.0070470 secs] [Times: user=0.02 sys=0.00, real=0.01 secs] 
27586.462: [GC 27586.462: [ParNew: 211074K->737K(235968K), 0.0044960 secs] 648209K->437923K(1546688K), 0.0047470 secs] [Times: user=0.02 sys=0.00, real=0.00 secs] 
27590.570: [GC 27590.571: [ParNew: 210443K->1011K(235968K), 0.0113780 secs] 647630K->438242K(1546688K), 0.0116600 secs] [Times: user=0.03 sys=0.00, real=0.02 secs] 
27606.130: [GC 27606.130: [ParNew: 210782K->653K(235968K), 0.0250120 secs] 648013K->437934K(1546688K), 0.0253230 secs] [Times: user=0.02 sys=0.01, real=0.02 secs] 
27621.324: [GC 27621.324: [ParNew: 210445K->921K(235968K), 0.0109820 secs] 647726K->438258K(1546688K), 0.0112230 secs] [Times: user=0.02 sys=0.00, real=0.01 secs] 
27627.573: [GC 27627.573: [ParNew: 210598K->775K(235968K), 0.0073440 secs] 647935K->438283K(1546688K), 0.0075780 secs] [Times: user=0.02 sys=0.00, real=0.01 secs] 
27647.308: [GC 27647.308: [ParNew: 210567K->799K(235968K), 0.0068840 secs] 648075K->438355K(1546688K), 0.0071190 secs] [Times: user=0.02 sys=0.00, real=0.01 secs] 
27652.854: [GC 27652.855: [ParNew: 210591K->719K(235968K), 0.0061000 secs] 648147K->438325K(1546688K), 0.0063330 secs] [Times: user=0.02 sys=0.00, real=0.00 secs] 
27674.430: [GC 27674.430: [ParNew: 210511K->716K(235968K), 0.0053840 secs] 648117K->438365K(1546688K), 0.0056280 secs] [Times: user=0.02 sys=0.00, real=0.00 secs] 
27681.538: [GC 27681.538: [ParNew: 210455K->661K(235968K), 0.0060100 secs] 648105K->438355K(1546688K), 0.0062460 secs] [Times: user=0.01 sys=0.00, real=0.00 secs] 
27688.143: [GC 27688.143: [ParNew: 210453K->636K(235968K), 0.0310180 secs] 648147K->438406K(1546688K), 0.0314360 secs] [Times: user=0.05 sys=0.00, real=0.03 secs] 
27709.548: [GC 27709.548: [ParNew: 210428K->605K(235968K), 0.0047330 secs] 648198K->438429K(1546688K), 0.0049800 secs] [Times: user=0.02 sys=0.00, real=0.01 secs] 
27718.944: [GC 27718.944: [ParNew: 210385K->1189K(235968K), 0.0056590 secs] 648209K->439062K(1546688K), 0.0059110 secs] [Times: user=0.02 sys=0.00, real=0.00 secs] 
27734.926: [GC 27734.926: [ParNew: 210981K->1004K(235968K), 0.0042690 secs] 648854K->438915K(1546688K), 0.0045220 secs] [Times: user=0.03 sys=0.00, real=0.01 secs] 
27745.179: [GC 27745.179: [ParNew: 210796K->411K(235968K), 0.0047600 secs] 648707K->438365K(1546688K), 0.0050310 secs] [Times: user=0.02 sys=0.00, real=0.00 secs] 
27765.994: [GC 27765.994: [ParNew: 210203K->639K(235968K), 0.0049180 secs] 648157K->438657K(1546688K), 0.0050980 secs] [Times: user=0.02 sys=0.01, real=0.00 secs] 
27770.585: [GC 27770.585: [ParNew: 210431K->476K(235968K), 0.0067600 secs] 648449K->438542K(1546688K), 0.0070380 secs] [Times: user=0.02 sys=0.00, real=0.00 secs] 
27786.131: [GC 27786.131: [ParNew: 210172K->671K(235968K), 0.0059400 secs] 648238K->438786K(1546688K), 0.0062170 secs] [Times: user=0.03 sys=0.00, real=0.00 secs] 
27800.595: [GC 27800.595: [ParNew: 210463K->659K(235968K), 0.0072100 secs] 648578K->438805K(1546688K), 0.0073900 secs] [Times: user=0.02 sys=0.00, real=0.01 secs] 
27807.568: [GC 27807.568: [ParNew: 210363K->575K(235968K), 0.0056510 secs] 648510K->438757K(1546688K), 0.0059100 secs] [Times: user=0.02 sys=0.01, real=0.00 secs] 
27826.513: [GC 27826.513: [ParNew: 210336K->619K(235968K), 0.0069980 secs] 648518K->438843K(1546688K), 0.0071940 secs] [Times: user=0.01 sys=0.00, real=0.01 secs] 
27830.649: [GC 27830.649: [ParNew: 210411K->571K(235968K), 0.0045410 secs] 648635K->438836K(1546688K), 0.0047210 secs] [Times: user=0.02 sys=0.00, real=0.01 secs] 
27847.746: [GC 27847.746: [ParNew: 210363K->496K(235968K), 0.0174780 secs] 648628K->438811K(1546688K), 0.0177430 secs] [Times: user=0.02 sys=0.00, real=0.02 secs] 
27861.370: [GC 27861.370: [ParNew: 210288K->795K(235968K), 0.0059520 secs] 648602K->439153K(1546688K), 0.0062280 secs] [Times: user=0.02 sys=0.00, real=0.00 secs] 
27868.119: [GC 27868.119: [ParNew: 210587K->692K(235968K), 0.0269890 secs] 648945K->439093K(1546688K), 0.0272640 secs] [Times: user=0.04 sys=0.00, real=0.02 secs] 
27887.372: [GC 27887.372: [ParNew: 210484K->872K(235968K), 0.0045630 secs] 648885K->439309K(1546688K), 0.0048250 secs] [Times: user=0.02 sys=0.00, real=0.01 secs] 
27892.923: [GC 27892.924: [ParNew: 210664K->747K(235968K), 0.0045960 secs] 649101K->439318K(1546688K), 0.0048810 secs] [Times: user=0.02 sys=0.00, real=0.01 secs] 
27914.497: [GC 27914.497: [ParNew: 210539K->616K(235968K), 0.0066460 secs] 649110K->439230K(1546688K), 0.0068990 secs] [Times: user=0.02 sys=0.00, real=0.01 secs] 
27921.606: [GC 27921.607: [ParNew: 210408K->657K(235968K), 0.0045520 secs] 649022K->439315K(1546688K), 0.0048420 secs] [Times: user=0.02 sys=0.00, real=0.01 secs] 
27946.001: [GC 27946.001: [ParNew: 210449K->940K(235968K), 0.0079440 secs] 649107K->439644K(1546688K), 0.0082050 secs] [Times: user=0.02 sys=0.00, real=0.01 secs] 
27949.611: [GC 27949.612: [ParNew: 210732K->758K(235968K), 0.0043950 secs] 649436K->439497K(1546688K), 0.0046420 secs] [Times: user=0.02 sys=0.00, real=0.01 secs] 
27959.015: [GC 27959.015: [ParNew: 210454K->1007K(235968K), 0.0044040 secs] 649194K->439787K(1546688K), 0.0046640 secs] [Times: user=0.02 sys=0.00, real=0.00 secs] 
27974.989: [GC 27974.989: [ParNew: 210799K->563K(235968K), 0.0046770 secs] 649579K->439388K(1546688K), 0.0048650 secs] [Times: user=0.02 sys=0.00, real=0.01 secs] 
27985.659: [GC 27985.659: [ParNew: 210355K->766K(235968K), 0.0041740 secs] 649180K->439626K(1546688K), 0.0044570 secs] [Times: user=0.02 sys=0.00, real=0.01 secs] 
28006.510: [GC 28006.511: [ParNew: 210558K->903K(235968K), 0.0054810 secs] 649418K->439812K(1546688K), 0.0056720 secs] [Times: user=0.02 sys=0.01, real=0.01 secs] 
28010.660: [GC 28010.660: [ParNew: 210695K->641K(235968K), 0.0062080 secs] 649604K->439593K(1546688K), 0.0065370 secs] [Times: user=0.02 sys=0.01, real=0.01 secs] 
28026.200: [GC 28026.200: [ParNew: 210371K->894K(235968K), 0.0067560 secs] 649323K->439882K(1546688K), 0.0069400 secs] [Times: user=0.01 sys=0.00, real=0.01 secs] 
28040.653: [GC 28040.653: [ParNew: 210686K->485K(235968K), 0.0043330 secs] 649674K->439517K(1546688K), 0.0046080 secs] [Times: user=0.02 sys=0.00, real=0.00 secs] 
28047.616: [GC 28047.616: [ParNew: 210277K->724K(235968K), 0.0045450 secs] 649309K->439805K(1546688K), 0.0048330 secs] [Times: user=0.02 sys=0.00, real=0.01 secs] 
28067.389: [GC 28067.389: [ParNew: 210516K->961K(235968K), 0.0072330 secs] 649597K->440091K(1546688K), 0.0074350 secs] [Times: user=0.02 sys=0.00, real=0.01 secs] 
28072.931: [GC 28072.932: [ParNew: 210627K->911K(235968K), 0.0048190 secs] 649757K->440090K(1546688K), 0.0050170 secs] [Times: user=0.02 sys=0.00, real=0.01 secs] 
28094.506: [GC 28094.506: [ParNew: 210703K->886K(235968K), 0.0046330 secs] 649882K->440096K(1546688K), 0.0048380 secs] [Times: user=0.03 sys=0.00, real=0.00 secs] 
28101.619: [GC 28101.619: [ParNew: 210678K->532K(235968K), 0.0043930 secs] 649888K->439882K(1546688K), 0.0046590 secs] [Times: user=0.02 sys=0.01, real=0.01 secs] 
28108.242: [GC 28108.242: [ParNew: 210324K->533K(235968K), 0.0173060 secs] 649674K->439923K(1546688K), 0.0175770 secs] [Times: user=0.04 sys=0.00, real=0.02 secs] 
28129.622: [GC 28129.622: [ParNew: 210278K->860K(235968K), 0.0060250 secs] 649668K->440306K(1546688K), 0.0063100 secs] [Times: user=0.03 sys=0.00, real=0.01 secs] 
28139.033: [GC 28139.033: [ParNew: 210652K->1029K(235968K), 0.0063690 secs] 650098K->440525K(1546688K), 0.0066680 secs] [Times: user=0.02 sys=0.00, real=0.01 secs] 
28154.997: [GC 28154.997: [ParNew: 210821K->1090K(235968K), 0.0062400 secs] 650317K->440623K(1546688K), 0.0064270 secs] [Times: user=0.02 sys=0.00, real=0.01 secs] 
28163.594: [GC 28163.594: [ParNew: 210882K->433K(235968K), 0.0079780 secs] 650415K->440010K(1546688K), 0.0081870 secs] [Times: user=0.02 sys=0.00, real=0.01 secs] 
28186.077: [GC 28186.077: [ParNew: 210225K->848K(235968K), 0.0141900 secs] 649802K->440461K(1546688K), 0.0144700 secs] [Times: user=0.04 sys=0.00, real=0.02 secs] 
28189.890: [GC 28189.890: [ParNew: 210640K->493K(235968K), 0.0069910 secs] 650253K->440149K(1546688K), 0.0072120 secs] [Times: user=0.02 sys=0.00, real=0.01 secs] 
28206.214: [GC 28206.214: [ParNew: 210285K->943K(235968K), 0.0055100 secs] 649941K->440656K(1546688K), 0.0057840 secs] [Times: user=0.02 sys=0.00, real=0.01 secs] 
28220.653: [GC 28220.653: [ParNew: 210735K->841K(235968K), 0.0050910 secs] 650448K->440584K(1546688K), 0.0053000 secs] [Times: user=0.02 sys=0.00, real=0.00 secs] 
28227.621: [GC 28227.621: [ParNew: 210610K->598K(235968K), 0.0077230 secs] 650353K->440412K(1546688K), 0.0079310 secs] [Times: user=0.02 sys=0.01, real=0.01 secs] 
28246.562: [GC 28246.562: [ParNew: 210386K->685K(235968K), 0.0064350 secs] 650200K->440535K(1546688K), 0.0066460 secs] [Times: user=0.02 sys=0.00, real=0.01 secs] 
28250.855: [GC 28250.855: [ParNew: 210477K->336K(235968K), 0.0075370 secs] 650327K->440233K(1546688K), 0.0077520 secs] [Times: user=0.02 sys=0.00, real=0.01 secs] 
28266.258: [GC 28266.259: [ParNew: 210100K->814K(235968K), 0.0046100 secs] 649997K->440760K(1546688K), 0.0049010 secs] [Times: user=0.02 sys=0.00, real=0.00 secs] 
28281.422: [GC 28281.422: [ParNew: 210606K->590K(235968K), 0.0054560 secs] 650552K->440580K(1546688K), 0.0056690 secs] [Times: user=0.02 sys=0.00, real=0.01 secs] 
28288.206: [GC 28288.206: [ParNew: 210359K->985K(235968K), 0.0038410 secs] 650348K->441019K(1546688K), 0.0042090 secs] [Times: user=0.02 sys=0.00, real=0.00 secs] 
28307.452: [GC 28307.452: [ParNew: 210777K->902K(235968K), 0.0070520 secs] 650811K->440972K(1546688K), 0.0072320 secs] [Times: user=0.02 sys=0.00, real=0.01 secs] 
28312.990: [GC 28312.990: [ParNew: 210641K->744K(235968K), 0.0046030 secs] 650711K->440872K(1546688K), 0.0048660 secs] [Times: user=0.02 sys=0.00, real=0.00 secs] 
28334.570: [GC 28334.570: [ParNew: 210536K->537K(235968K), 0.0059880 secs] 650664K->440709K(1546688K), 0.0062500 secs] [Times: user=0.02 sys=0.00, real=0.01 secs] 
28341.679: [GC 28341.679: [ParNew: 210329K->485K(235968K), 0.0040760 secs] 650501K->440694K(1546688K), 0.0043240 secs] [Times: user=0.02 sys=0.00, real=0.01 secs] 
28366.074: [GC 28366.075: [ParNew: 210277K->531K(235968K), 0.0113050 secs] 650486K->440789K(1546688K), 0.0115730 secs] [Times: user=0.02 sys=0.00, real=0.01 secs] 
28369.679: [GC 28369.679: [ParNew: 210301K->965K(235968K), 0.0058340 secs] 650559K->441265K(1546688K), 0.0061120 secs] [Times: user=0.02 sys=0.01, real=0.01 secs] 
28379.099: [GC 28379.099: [ParNew: 210757K->697K(235968K), 0.0058910 secs] 651057K->441034K(1546688K), 0.0066070 secs] [Times: user=0.02 sys=0.00, real=0.00 secs] 
28395.055: [GC 28395.055: [ParNew: 210489K->684K(235968K), 0.0064680 secs] 650826K->441064K(1546688K), 0.0067590 secs] [Times: user=0.02 sys=0.00, real=0.01 secs] 
28405.722: [GC 28405.722: [ParNew: 210476K->654K(235968K), 0.0055030 secs] 650856K->441161K(1546688K), 0.0060430 secs] [Times: user=0.02 sys=0.00, real=0.01 secs] 
28426.136: [GC 28426.136: [ParNew: 210446K->822K(235968K), 0.0125670 secs] 650953K->441378K(1546688K), 0.0128730 secs] [Times: user=0.03 sys=0.00, real=0.01 secs] 
28430.744: [GC 28430.744: [ParNew: 210549K->805K(235968K), 0.0311770 secs] 651106K->441410K(1546688K), 0.0314610 secs] [Times: user=0.05 sys=0.00, real=0.03 secs] 
28446.263: [GC 28446.263: [ParNew: 210597K->1157K(235968K), 0.0062150 secs] 651202K->441812K(1546688K), 0.0064870 secs] [Times: user=0.02 sys=0.00, real=0.01 secs] 
28460.696: [GC 28460.696: [ParNew: 210933K->923K(235968K), 0.0056570 secs] 651588K->441624K(1546688K), 0.0059360 secs] [Times: user=0.02 sys=0.00, real=0.00 secs] 
28467.662: [GC 28467.662: [ParNew: 210715K->674K(235968K), 0.0036830 secs] 651416K->441440K(1546688K), 0.0039170 secs] [Times: user=0.02 sys=0.00, real=0.01 secs] 
28486.601: [GC 28486.602: [ParNew: 210466K->737K(235968K), 0.0041750 secs] 651232K->441546K(1546688K), 0.0044360 secs] [Times: user=0.02 sys=0.00, real=0.00 secs] 
28492.994: [GC 28492.995: [ParNew: 210529K->836K(235968K), 0.0079970 secs] 651338K->441699K(1546688K), 0.0082640 secs] [Times: user=0.02 sys=0.00, real=0.01 secs] 
28514.566: [GC 28514.567: [ParNew: 210628K->798K(235968K), 0.0067770 secs] 651491K->441710K(1546688K), 0.0069620 secs] [Times: user=0.02 sys=0.00, real=0.00 secs] 
28521.457: [GC 28521.458: [ParNew: 210590K->840K(235968K), 0.0044610 secs] 651502K->441796K(1546688K), 0.0047170 secs] [Times: user=0.02 sys=0.00, real=0.00 secs] 
28528.256: [GC 28528.256: [ParNew: 210632K->1038K(235968K), 0.0050180 secs] 651588K->442037K(1546688K), 0.0052870 secs] [Times: user=0.02 sys=0.00, real=0.00 secs] 
28547.501: [GC 28547.501: [ParNew: 210830K->710K(235968K), 0.0040400 secs] 651829K->441827K(1546688K), 0.0042800 secs] [Times: user=0.02 sys=0.00, real=0.01 secs] 
28553.039: [GC 28553.039: [ParNew: 210485K->711K(235968K), 0.0086300 secs] 651601K->441873K(1546688K), 0.0088290 secs] [Times: user=0.02 sys=0.00, real=0.01 secs] 
28574.621: [GC 28574.621: [ParNew: 210503K->722K(235968K), 0.0044660 secs] 651665K->441928K(1546688K), 0.0047280 secs] [Times: user=0.02 sys=0.00, real=0.00 secs] 
28581.729: [GC 28581.729: [ParNew: 210487K->1012K(235968K), 0.0054170 secs] 651692K->442264K(1546688K), 0.0057020 secs] [Times: user=0.02 sys=0.00, real=0.00 secs] 
28606.148: [GC 28606.148: [ParNew: 210804K->599K(235968K), 0.0111920 secs] 652056K->441897K(1546688K), 0.0114630 secs] [Times: user=0.03 sys=0.00, real=0.01 secs] 
28609.839: [GC 28609.839: [ParNew: 210356K->600K(235968K), 0.0099510 secs] 651654K->441934K(1546688K), 0.0101240 secs] [Times: user=0.02 sys=0.01, real=0.01 secs] 
28619.156: [GC 28619.156: [ParNew: 210392K->672K(235968K), 0.0047840 secs] 651726K->442042K(1546688K), 0.0050340 secs] [Times: user=0.02 sys=0.00, real=0.01 secs] 
28635.097: [GC 28635.097: [ParNew: 210464K->1118K(235968K), 0.0042450 secs] 651834K->442531K(1546688K), 0.0045050 secs] [Times: user=0.02 sys=0.00, real=0.01 secs] 
28645.766: [GC 28645.766: [ParNew: 210910K->935K(235968K), 0.0092790 secs] 652323K->442397K(1546688K), 0.0094550 secs] [Times: user=0.02 sys=0.00, real=0.01 secs] 
28666.210: [GC 28666.210: [ParNew: 210670K->1150K(235968K), 0.0053000 secs] 652133K->442662K(1546688K), 0.0055730 secs] [Times: user=0.02 sys=0.00, real=0.01 secs] 
28670.822: [GC 28670.822: [ParNew: 210942K->1492K(235968K), 0.0157400 secs] 652454K->443144K(1546688K), 0.0160100 secs] [Times: user=0.03 sys=0.00, real=0.01 secs] 
28686.315: [GC 28686.315: [ParNew: 211284K->755K(235968K), 0.0077520 secs] 652936K->442572K(1546688K), 0.0079250 secs] [Times: user=0.02 sys=0.00, real=0.01 secs] 
28700.756: [GC 28700.756: [ParNew: 210547K->490K(235968K), 0.0108980 secs] 652364K->442443K(1546688K), 0.0111660 secs] [Times: user=0.03 sys=0.00, real=0.02 secs] 
28707.698: [GC 28707.698: [ParNew: 210275K->893K(235968K), 0.0070300 secs] 652228K->442882K(1546688K), 0.0072950 secs] [Times: user=0.02 sys=0.00, real=0.00 secs] 
28727.506: [GC 28727.506: [ParNew: 210685K->568K(235968K), 0.0056790 secs] 652674K->442612K(1546688K), 0.0059220 secs] [Times: user=0.02 sys=0.00, real=0.00 secs] 
28733.042: [GC 28733.042: [ParNew: 210360K->1014K(235968K), 0.0055620 secs] 652404K->443106K(1546688K), 0.0058320 secs] [Times: user=0.02 sys=0.00, real=0.00 secs] 
28754.610: [GC 28754.610: [ParNew: 210806K->878K(235968K), 0.0098230 secs] 652898K->443019K(1546688K), 0.0100650 secs] [Times: user=0.02 sys=0.00, real=0.01 secs] 
28761.595: [GC 28761.595: [ParNew: 210670K->1120K(235968K), 0.0070280 secs] 652811K->443305K(1546688K), 0.0072110 secs] [Times: user=0.02 sys=0.00, real=0.01 secs] 
28768.299: [GC 28768.299: [ParNew: 210912K->1353K(235968K), 0.0095350 secs] 653097K->443588K(1546688K), 0.0098340 secs] [Times: user=0.02 sys=0.00, real=0.01 secs] 
28787.528: [GC 28787.528: [ParNew: 211145K->1378K(235968K), 0.0047380 secs] 653380K->443669K(1546688K), 0.0050360 secs] [Times: user=0.03 sys=0.00, real=0.01 secs] 
28793.067: [GC 28793.067: [ParNew: 211170K->1090K(235968K), 0.0053940 secs] 653461K->443576K(1546688K), 0.0056510 secs] [Times: user=0.03 sys=0.00, real=0.01 secs] 
28814.650: [GC 28814.650: [ParNew: 210793K->1360K(235968K), 0.0035010 secs] 653279K->443949K(1546688K), 0.0037710 secs] [Times: user=0.02 sys=0.00, real=0.00 secs] 
28821.756: [GC 28821.756: [ParNew: 211152K->1005K(235968K), 0.0035080 secs] 653741K->443638K(1546688K), 0.0037400 secs] [Times: user=0.03 sys=0.00, real=0.01 secs] 
28828.340: [GC 28828.340: [ParNew: 210797K->970K(235968K), 0.0047610 secs] 653430K->443647K(1546688K), 0.0050320 secs] [Times: user=0.02 sys=0.00, real=0.00 secs] 
28849.756: [GC 28849.756: [ParNew: 210745K->1099K(235968K), 0.0049470 secs] 653422K->443830K(1546688K), 0.0052020 secs] [Times: user=0.03 sys=0.00, real=0.00 secs] 
28859.186: [GC 28859.186: [ParNew: 210891K->651K(235968K), 0.0034170 secs] 653622K->443442K(1546688K), 0.0036740 secs] [Times: user=0.02 sys=0.01, real=0.00 secs] 
28875.128: [GC 28875.129: [ParNew: 210443K->816K(235968K), 0.0033300 secs] 653234K->443643K(1546688K), 0.0035860 secs] [Times: user=0.03 sys=0.00, real=0.01 secs] 
28885.770: [GC 28885.770: [ParNew: 210608K->774K(235968K), 0.0033060 secs] 653435K->443645K(1546688K), 0.0035560 secs] [Times: user=0.02 sys=0.00, real=0.00 secs] 
28906.231: [GC 28906.234: [ParNew: 210558K->976K(235968K), 0.0164160 secs] 653429K->443885K(1546688K), 0.0166920 secs] [Times: user=0.04 sys=0.00, real=0.02 secs] 
28910.869: [GC 28910.869: [ParNew: 210768K->789K(235968K), 0.0150860 secs] 653677K->443756K(1546688K), 0.0153490 secs] [Times: user=0.04 sys=0.01, real=0.02 secs] 
28926.346: [GC 28926.346: [ParNew: 210581K->646K(235968K), 0.0073590 secs] 653548K->443691K(1546688K), 0.0076100 secs] [Times: user=0.02 sys=0.00, real=0.01 secs] 
28940.789: [GC 28940.789: [ParNew: 210438K->765K(235968K), 0.0139290 secs] 653483K->443849K(1546688K), 0.0141860 secs] [Times: user=0.01 sys=0.00, real=0.01 secs] 
28947.721: [GC 28947.722: [ParNew: 210557K->547K(235968K), 0.0059940 secs] 653641K->443668K(1546688K), 0.0062050 secs] [Times: user=0.01 sys=0.01, real=0.00 secs] 
28966.660: [GC 28966.660: [ParNew: 210323K->921K(235968K), 0.0050020 secs] 653443K->444082K(1546688K), 0.0052490 secs] [Times: user=0.02 sys=0.00, real=0.01 secs] 
28970.941: [GC 28970.941: [ParNew: 210650K->595K(235968K), 0.0058020 secs] 653811K->443799K(1546688K), 0.0060720 secs] [Times: user=0.03 sys=0.00, real=0.01 secs] 
28994.660: [GC 28994.660: [ParNew: 210387K->604K(235968K), 0.0127730 secs] 653591K->443859K(1546688K), 0.0130340 secs] [Times: user=0.02 sys=0.00, real=0.02 secs] 
29001.522: [GC 29001.522: [ParNew: 210396K->635K(235968K), 0.0045280 secs] 653651K->443933K(1546688K), 0.0047890 secs] [Times: user=0.02 sys=0.00, real=0.00 secs] 
29008.354: [GC 29008.354: [ParNew: 210427K->838K(235968K), 0.0088100 secs] 653725K->444180K(1546688K), 0.0089850 secs] [Times: user=0.02 sys=0.00, real=0.01 secs] 
29027.595: [GC 29027.596: [ParNew: 210566K->772K(235968K), 0.0071310 secs] 653908K->444150K(1546688K), 0.0073580 secs] [Times: user=0.02 sys=0.00, real=0.00 secs] 
29033.124: [GC 29033.124: [ParNew: 210564K->673K(235968K), 0.0053620 secs] 653942K->444092K(1546688K), 0.0056780 secs] [Times: user=0.01 sys=0.00, real=0.01 secs] 
29054.736: [GC 29054.736: [ParNew: 210465K->860K(235968K), 0.0045350 secs] 653884K->444345K(1546688K), 0.0047640 secs] [Times: user=0.02 sys=0.00, real=0.00 secs] 
29061.818: [GC 29061.818: [ParNew: 210652K->987K(235968K), 0.0048650 secs] 654137K->444517K(1546688K), 0.0050920 secs] [Times: user=0.03 sys=0.00, real=0.01 secs] 
29073.143: [GC 29073.144: [ParNew: 210779K->860K(235968K), 0.0045220 secs] 654309K->444439K(1546688K), 0.0047920 secs] [Times: user=0.03 sys=0.00, real=0.01 secs] 
29089.805: [GC 29089.806: [ParNew: 210592K->1234K(235968K), 0.0054630 secs] 654171K->444862K(1546688K), 0.0057280 secs] [Times: user=0.02 sys=0.00, real=0.01 secs] 
29099.363: [GC 29099.364: [ParNew: 211026K->964K(235968K), 0.0071470 secs] 654654K->444627K(1546688K), 0.0073650 secs] [Times: user=0.02 sys=0.00, real=0.01 secs] 
29115.181: [GC 29115.182: [ParNew: 210756K->1062K(235968K), 0.0040990 secs] 654419K->444770K(1546688K), 0.0043820 secs] [Times: user=0.02 sys=0.00, real=0.01 secs] 
29125.816: [GC 29125.816: [ParNew: 210823K->759K(235968K), 0.0058320 secs] 654531K->444507K(1546688K), 0.0061250 secs] [Times: user=0.02 sys=0.00, real=0.01 secs] 
29146.322: [GC 29146.322: [ParNew: 210551K->545K(235968K), 0.0105120 secs] 654299K->444343K(1546688K), 0.0108220 secs] [Times: user=0.02 sys=0.00, real=0.01 secs] 
29150.938: [GC 29150.938: [ParNew: 210332K->1187K(235968K), 0.0145700 secs] 654129K->445033K(1546688K), 0.0154090 secs] [Times: user=0.02 sys=0.00, real=0.01 secs] 
29166.402: [GC 29166.402: [ParNew: 210976K->805K(235968K), 0.0088100 secs] 654822K->444697K(1546688K), 0.0090650 secs] [Times: user=0.02 sys=0.00, real=0.01 secs] 
29180.858: [GC 29180.858: [ParNew: 210597K->776K(235968K), 0.0137080 secs] 654489K->444713K(1546688K), 0.0139940 secs] [Times: user=0.02 sys=0.00, real=0.02 secs] 
29187.769: [GC 29187.770: [ParNew: 210496K->662K(235968K), 0.0058770 secs] 654432K->444662K(1546688K), 0.0061370 secs] [Times: user=0.02 sys=0.00, real=0.01 secs] 
29207.599: [GC 29207.599: [ParNew: 210454K->713K(235968K), 0.0047540 secs] 654454K->444767K(1546688K), 0.0050100 secs] [Times: user=0.02 sys=0.00, real=0.00 secs] 
29213.128: [GC 29213.128: [ParNew: 210505K->796K(235968K), 0.0043120 secs] 654559K->444899K(1546688K), 0.0046510 secs] [Times: user=0.02 sys=0.00, real=0.00 secs] 
29234.731: [GC 29234.731: [ParNew: 210588K->1048K(235968K), 0.0135990 secs] 654691K->445195K(1546688K), 0.0138570 secs] [Times: user=0.03 sys=0.00, real=0.02 secs] 
29241.565: [GC 29241.565: [ParNew: 210826K->844K(235968K), 0.0059190 secs] 654973K->445035K(1546688K), 0.0061960 secs] [Times: user=0.02 sys=0.00, real=0.00 secs] 
29248.420: [GC 29248.420: [ParNew: 210612K->1039K(235968K), 0.0072670 secs] 654803K->445276K(1546688K), 0.0075080 secs] [Times: user=0.02 sys=0.00, real=0.01 secs] 
29267.796: [GC 29267.796: [ParNew: 210831K->1008K(235968K), 0.0057260 secs] 655068K->445292K(1546688K), 0.0060130 secs] [Times: user=0.02 sys=0.00, real=0.01 secs] 
29273.175: [GC 29273.175: [ParNew: 210800K->1019K(235968K), 0.0071480 secs] 655084K->445358K(1546688K), 0.0085620 secs] [Times: user=0.02 sys=0.00, real=0.01 secs] 
29295.190: [GC 29295.191: [ParNew: 210762K->786K(235968K), 0.0042010 secs] 655102K->445169K(1546688K), 0.0044680 secs] [Times: user=0.02 sys=0.00, real=0.01 secs] 
29301.877: [GC 29301.877: [ParNew: 210578K->906K(235968K), 0.0058740 secs] 654961K->445332K(1546688K), 0.0061370 secs] [Times: user=0.02 sys=0.00, real=0.01 secs] 
29326.333: [GC 29326.333: [ParNew: 210698K->1110K(235968K), 0.0223920 secs] 655124K->445692K(1546688K), 0.0226280 secs] [Times: user=0.04 sys=0.00, real=0.02 secs] 
29329.866: [GC 29329.866: [ParNew: 210902K->788K(235968K), 0.0060720 secs] 655484K->445406K(1546688K), 0.0062420 secs] [Times: user=0.02 sys=0.00, real=0.01 secs] 
29339.317: [GC 29339.317: [ParNew: 210580K->836K(235968K), 0.0058580 secs] 655198K->445494K(1546688K), 0.0060490 secs] [Times: user=0.02 sys=0.00, real=0.00 secs] 
29355.246: [GC 29355.246: [ParNew: 210628K->671K(235968K), 0.0046980 secs] 655286K->445372K(1546688K), 0.0050120 secs] [Times: user=0.02 sys=0.00, real=0.00 secs] 
29365.859: [GC 29365.859: [ParNew: 210463K->528K(235968K), 0.0052580 secs] 655164K->445278K(1546688K), 0.0055170 secs] [Times: user=0.01 sys=0.01, real=0.01 secs] 
29386.702: [GC 29386.702: [ParNew: 210320K->953K(235968K), 0.0055790 secs] 655070K->445740K(1546688K), 0.0058680 secs] [Times: user=0.02 sys=0.00, real=0.00 secs] 
29391.022: [GC 29391.022: [ParNew: 210745K->844K(235968K), 0.0151690 secs] 655532K->445666K(1546688K), 0.0154290 secs] [Times: user=0.03 sys=0.00, real=0.01 secs] 
29406.465: [GC 29406.465: [ParNew: 210605K->797K(235968K), 0.0068880 secs] 655427K->445655K(1546688K), 0.0071400 secs] [Times: user=0.03 sys=0.00, real=0.01 secs] 
29421.558: [GC 29421.558: [ParNew: 210535K->1031K(235968K), 0.0066710 secs] 655394K->445933K(1546688K), 0.0068550 secs] [Times: user=0.02 sys=0.00, real=0.01 secs] 
29428.430: [GC 29428.430: [ParNew: 210823K->621K(235968K), 0.0052530 secs] 655725K->445573K(1546688K), 0.0055740 secs] [Times: user=0.02 sys=0.00, real=0.01 secs] 
29447.656: [GC 29447.656: [ParNew: 210408K->1012K(235968K), 0.0050290 secs] 655360K->446034K(1546688K), 0.0052380 secs] [Times: user=0.02 sys=0.00, real=0.01 secs] 
29453.182: [GC 29453.182: [ParNew: 210804K->832K(235968K), 0.0039550 secs] 655826K->445905K(1546688K), 0.0041730 secs] [Times: user=0.02 sys=0.00, real=0.00 secs] 
29474.820: [GC 29474.820: [ParNew: 210569K->852K(235968K), 0.0082020 secs] 655642K->445969K(1546688K), 0.0083960 secs] [Times: user=0.02 sys=0.00, real=0.01 secs] 
29481.891: [GC 29481.891: [ParNew: 210632K->1139K(235968K), 0.0043640 secs] 655749K->446299K(1546688K), 0.0046100 secs] [Times: user=0.03 sys=0.00, real=0.01 secs] 
29488.488: [GC 29488.489: [ParNew: 210931K->622K(235968K), 0.0041590 secs] 656091K->445843K(1546688K), 0.0044260 secs] [Times: user=0.02 sys=0.00, real=0.01 secs] 
29509.877: [GC 29509.877: [ParNew: 210338K->912K(235968K), 0.0077360 secs] 655558K->446181K(1546688K), 0.0079840 secs] [Times: user=0.02 sys=0.01, real=0.01 secs] 
29519.328: [GC 29519.329: [ParNew: 210704K->1035K(235968K), 0.0043250 secs] 655973K->446363K(1546688K), 0.0045940 secs] [Times: user=0.03 sys=0.00, real=0.00 secs] 
29535.252: [GC 29535.252: [ParNew: 210827K->1024K(235968K), 0.0070700 secs] 656155K->446392K(1546688K), 0.0073350 secs] [Times: user=0.03 sys=0.00, real=0.01 secs] 
29545.864: [GC 29545.864: [ParNew: 210816K->737K(235968K), 0.0049580 secs] 656184K->446146K(1546688K), 0.0052420 secs] [Times: user=0.02 sys=0.00, real=0.01 secs] 
29566.412: [GC 29566.412: [ParNew: 210529K->969K(235968K), 0.0050860 secs] 655938K->446422K(1546688K), 0.0053070 secs] [Times: user=0.02 sys=0.00, real=0.00 secs] 
29571.032: [GC 29571.032: [ParNew: 210692K->979K(235968K), 0.0196790 secs] 656145K->446600K(1546688K), 0.0199880 secs] [Times: user=0.02 sys=0.00, real=0.02 secs] 
29586.477: [GC 29586.477: [ParNew: 210771K->895K(235968K), 0.0100580 secs] 656392K->446564K(1546688K), 0.0102560 secs] [Times: user=0.01 sys=0.00, real=0.01 secs] 
29600.887: [GC 29600.887: [ParNew: 210644K->692K(235968K), 0.0094910 secs] 656313K->446405K(1546688K), 0.0096980 secs] [Times: user=0.02 sys=0.00, real=0.01 secs] 
29607.817: [GC 29607.817: [ParNew: 210466K->934K(235968K), 0.0069700 secs] 656178K->446683K(1546688K), 0.0072480 secs] [Times: user=0.02 sys=0.00, real=0.01 secs] 
29626.757: [GC 29626.757: [ParNew: 210680K->679K(235968K), 0.0056460 secs] 656429K->446476K(1546688K), 0.0059090 secs] [Times: user=0.02 sys=0.00, real=0.01 secs] 
29633.190: [GC 29633.190: [ParNew: 210471K->598K(235968K), 0.0062510 secs] 656268K->446464K(1546688K), 0.0064990 secs] [Times: user=0.02 sys=0.00, real=0.01 secs] 
29654.815: [GC 29654.815: [ParNew: 210390K->1011K(235968K), 0.0201040 secs] 656256K->446927K(1546688K), 0.0204450 secs] [Times: user=0.04 sys=0.00, real=0.02 secs] 
29661.608: [GC 29661.609: [ParNew: 210753K->995K(235968K), 0.0071660 secs] 656668K->446954K(1546688K), 0.0074570 secs] [Times: user=0.02 sys=0.00, real=0.01 secs] 
29668.500: [GC 29668.500: [ParNew: 210735K->1237K(235968K), 0.0086310 secs] 656694K->447241K(1546688K), 0.0089370 secs] [Times: user=0.02 sys=0.00, real=0.01 secs] 
29687.718: [GC 29687.718: [ParNew: 211029K->861K(235968K), 0.0048070 secs] 657033K->446979K(1546688K), 0.0050250 secs] [Times: user=0.02 sys=0.00, real=0.01 secs] 
29693.243: [GC 29693.243: [ParNew: 210653K->808K(235968K), 0.0065220 secs] 656771K->447065K(1546688K), 0.0067090 secs] [Times: user=0.01 sys=0.00, real=0.00 secs] 
29714.900: [GC 29714.900: [ParNew: 210600K->813K(235968K), 0.0058380 secs] 656857K->447114K(1546688K), 0.0060930 secs] [Times: user=0.02 sys=0.00, real=0.00 secs] 
29721.953: [GC 29721.953: [ParNew: 210523K->1002K(235968K), 0.0057210 secs] 656824K->447346K(1546688K), 0.0059780 secs] [Times: user=0.02 sys=0.00, real=0.01 secs] 
29746.421: [GC 29746.422: [ParNew: 210794K->713K(235968K), 0.0193600 secs] 657138K->447102K(1546688K), 0.0197060 secs] [Times: user=0.03 sys=0.00, real=0.02 secs] 
29749.939: [GC 29749.939: [ParNew: 210505K->630K(235968K), 0.0054450 secs] 656894K->447066K(1546688K), 0.0056960 secs] [Times: user=0.02 sys=0.00, real=0.01 secs] 
29759.401: [GC 29759.401: [ParNew: 210300K->707K(235968K), 0.0041090 secs] 656736K->447219K(1546688K), 0.0043640 secs] [Times: user=0.02 sys=0.00, real=0.00 secs] 
29775.302: [GC 29775.302: [ParNew: 210499K->768K(235968K), 0.0064350 secs] 657011K->447324K(1546688K), 0.0067230 secs] [Times: user=0.02 sys=0.00, real=0.01 secs] 
29785.904: [GC 29785.905: [ParNew: 210555K->993K(235968K), 0.0044890 secs] 657111K->447586K(1546688K), 0.0046820 secs] [Times: user=0.02 sys=0.00, real=0.01 secs] 
29806.494: [GC 29806.494: [ParNew: 210704K->689K(235968K), 0.0127580 secs] 657296K->447331K(1546688K), 0.0131020 secs] [Times: user=0.02 sys=0.00, real=0.01 secs] 
29811.111: [GC 29811.111: [ParNew: 210481K->865K(235968K), 0.0204440 secs] 657123K->447543K(1546688K), 0.0207180 secs] [Times: user=0.03 sys=0.00, real=0.02 secs] 
29826.529: [GC 29826.529: [ParNew: 210657K->728K(235968K), 0.0056770 secs] 657335K->447530K(1546688K), 0.0059170 secs] [Times: user=0.02 sys=0.00, real=0.01 secs] 
29840.929: [GC 29840.929: [ParNew: 210520K->993K(235968K), 0.0045840 secs] 657322K->447839K(1546688K), 0.0048520 secs] [Times: user=0.03 sys=0.00, real=0.00 secs] 
29847.867: [GC 29847.867: [ParNew: 210755K->544K(235968K), 0.0116090 secs] 657601K->447439K(1546688K), 0.0117960 secs] [Times: user=0.04 sys=0.00, real=0.01 secs] 
29867.721: [GC 29867.721: [ParNew: 210335K->953K(235968K), 0.0117070 secs] 657230K->447899K(1546688K), 0.0119010 secs] [Times: user=0.04 sys=0.00, real=0.01 secs] 
29873.245: [GC 29873.245: [ParNew: 210745K->1175K(235968K), 0.0060390 secs] 657691K->448171K(1546688K), 0.0062970 secs] [Times: user=0.03 sys=0.00, real=0.00 secs] 
29894.900: [GC 29894.900: [ParNew: 210967K->1423K(235968K), 0.0116230 secs] 657963K->448462K(1546688K), 0.0118800 secs] [Times: user=0.04 sys=0.00, real=0.01 secs] 
29901.653: [GC 29901.653: [ParNew: 211215K->1175K(235968K), 0.0070920 secs] 658254K->448257K(1546688K), 0.0072970 secs] [Times: user=0.03 sys=0.00, real=0.01 secs] 
29908.559: [GC 29908.559: [ParNew: 210967K->1065K(235968K), 0.0056700 secs] 658049K->448278K(1546688K), 0.0059150 secs] [Times: user=0.02 sys=0.00, real=0.00 secs] 
29927.769: [GC 29927.769: [ParNew: 210857K->796K(235968K), 0.0050350 secs] 658070K->448051K(1546688K), 0.0052430 secs] [Times: user=0.02 sys=0.00, real=0.01 secs] 
29939.411: [GC 29939.411: [ParNew: 210588K->849K(235968K), 0.0069500 secs] 657843K->448289K(1546688K), 0.0071600 secs] [Times: user=0.02 sys=0.00, real=0.01 secs] 
29955.314: [GC 29955.315: [ParNew: 210641K->935K(235968K), 0.0047360 secs] 658081K->448414K(1546688K), 0.0049680 secs] [Times: user=0.02 sys=0.01, real=0.00 secs] 
29962.013: [GC 29962.013: [ParNew: 210704K->716K(235968K), 0.0040850 secs] 658183K->448239K(1546688K), 0.0042850 secs] [Times: user=0.02 sys=0.00, real=0.00 secs] 
29986.478: [GC 29986.478: [ParNew: 210403K->1300K(235968K), 0.0220170 secs] 657925K->448866K(1546688K), 0.0222830 secs] [Times: user=0.02 sys=0.00, real=0.02 secs] 
29989.980: [GC 29989.980: [ParNew: 211037K->968K(235968K), 0.0086980 secs] 658604K->448575K(1546688K), 0.0088710 secs] [Times: user=0.02 sys=0.00, real=0.01 secs] 
29999.461: [GC 29999.461: [ParNew: 210760K->906K(235968K), 0.0065180 secs] 658367K->448557K(1546688K), 0.0067100 secs] [Times: user=0.02 sys=0.00, real=0.01 secs] 
30015.359: [GC 30015.359: [ParNew: 210698K->725K(235968K), 0.0068170 secs] 658349K->448430K(1546688K), 0.0070580 secs] [Times: user=0.02 sys=0.00, real=0.01 secs] 
30025.945: [GC 30025.945: [ParNew: 210517K->833K(235968K), 0.0054060 secs] 658222K->448647K(1546688K), 0.0056560 secs] [Times: user=0.02 sys=0.00, real=0.01 secs] 
30046.790: [GC 30046.791: [ParNew: 210534K->695K(235968K), 0.0062730 secs] 658349K->448551K(1546688K), 0.0064570 secs] [Times: user=0.02 sys=0.00, real=0.01 secs] 
30051.177: [GC 30051.177: [ParNew: 210487K->587K(235968K), 0.0155490 secs] 658343K->448479K(1546688K), 0.0158020 secs] [Times: user=0.02 sys=0.00, real=0.01 secs] 
30066.586: [GC 30066.586: [ParNew: 210255K->685K(235968K), 0.0072390 secs] 658146K->448636K(1546688K), 0.0074280 secs] [Times: user=0.02 sys=0.00, real=0.01 secs] 
30080.967: [GC 30080.967: [ParNew: 210477K->481K(235968K), 0.0053090 secs] 658428K->448476K(1546688K), 0.0054950 secs] [Times: user=0.02 sys=0.01, real=0.01 secs] 
30087.907: [GC 30087.907: [ParNew: 210273K->693K(235968K), 0.0054300 secs] 658268K->448737K(1546688K), 0.0056650 secs] [Times: user=0.02 sys=0.01, real=0.01 secs] 
30107.770: [GC 30107.770: [ParNew: 210485K->997K(235968K), 0.0066580 secs] 658529K->449089K(1546688K), 0.0068720 secs] [Times: user=0.02 sys=0.00, real=0.01 secs] 
30113.296: [GC 30113.296: [ParNew: 210789K->1246K(235968K), 0.0055430 secs] 658881K->449393K(1546688K), 0.0057990 secs] [Times: user=0.02 sys=0.00, real=0.00 secs] 
30134.958: [GC 30134.958: [ParNew: 211038K->799K(235968K), 0.0135210 secs] 659185K->448982K(1546688K), 0.0137250 secs] [Times: user=0.04 sys=0.00, real=0.02 secs] 
30142.010: [GC 30142.010: [ParNew: 210591K->838K(235968K), 0.0045370 secs] 658774K->449066K(1546688K), 0.0047680 secs] [Times: user=0.02 sys=0.00, real=0.01 secs] 
30148.613: [GC 30148.613: [ParNew: 210630K->949K(235968K), 0.0058260 secs] 658858K->449305K(1546688K), 0.0060820 secs] [Times: user=0.02 sys=0.01, real=0.00 secs] 
30167.812: [GC 30167.812: [ParNew: 210708K->877K(235968K), 0.0046450 secs] 659064K->449289K(1546688K), 0.0049150 secs] [Times: user=0.02 sys=0.00, real=0.01 secs] 
30173.332: [GC 30173.332: [ParNew: 210669K->923K(235968K), 0.0064240 secs] 659081K->449389K(1546688K), 0.0066050 secs] [Times: user=0.02 sys=0.00, real=0.01 secs] 
30195.013: [GC 30195.013: [ParNew: 210629K->824K(235968K), 0.0099920 secs] 659095K->449340K(1546688K), 0.0102170 secs] [Times: user=0.04 sys=0.00, real=0.01 secs] 
30202.045: [GC 30202.045: [ParNew: 210616K->985K(235968K), 0.0047050 secs] 659132K->449548K(1546688K), 0.0048880 secs] [Times: user=0.02 sys=0.00, real=0.00 secs] 
30219.987: [GC 30219.987: [ParNew: 210777K->638K(235968K), 0.0049450 secs] 659340K->449277K(1546688K), 0.0052160 secs] [Times: user=0.03 sys=0.00, real=0.01 secs] 
30230.008: [GC 30230.008: [ParNew: 210382K->1011K(235968K), 0.0099920 secs] 659020K->449701K(1546688K), 0.0101790 secs] [Times: user=0.03 sys=0.00, real=0.01 secs] 
30239.489: [GC 30239.489: [ParNew: 210714K->992K(235968K), 0.0043270 secs] 659404K->449725K(1546688K), 0.0045890 secs] [Times: user=0.03 sys=0.00, real=0.00 secs] 
30255.381: [GC 30255.381: [ParNew: 210784K->1086K(235968K), 0.0048660 secs] 659517K->449862K(1546688K), 0.0050430 secs] [Times: user=0.02 sys=0.00, real=0.01 secs] 
30265.958: [GC 30265.958: [ParNew: 210878K->762K(235968K), 0.0046700 secs] 659654K->449570K(1546688K), 0.0049370 secs] [Times: user=0.02 sys=0.00, real=0.01 secs] 
30286.600: [GC 30286.600: [ParNew: 210554K->688K(235968K), 0.0100270 secs] 659362K->449662K(1546688K), 0.0103900 secs] [Times: user=0.02 sys=0.00, real=0.01 secs] 
30291.212: [GC 30291.213: [ParNew: 210435K->797K(235968K), 0.0143680 secs] 659409K->449858K(1546688K), 0.0146450 secs] [Times: user=0.02 sys=0.00, real=0.02 secs] 
30306.610: [GC 30306.611: [ParNew: 210589K->945K(235968K), 0.0054410 secs] 659650K->450064K(1546688K), 0.0057030 secs] [Times: user=0.02 sys=0.00, real=0.01 secs] 
30320.988: [GC 30320.988: [ParNew: 210737K->589K(235968K), 0.0053600 secs] 659856K->449752K(1546688K), 0.0056190 secs] [Times: user=0.02 sys=0.00, real=0.01 secs] 
30327.912: [GC 30327.912: [ParNew: 210350K->702K(235968K), 0.0099500 secs] 659513K->449904K(1546688K), 0.0102010 secs] [Times: user=0.02 sys=0.00, real=0.01 secs] 
30346.851: [GC 30346.852: [ParNew: 210494K->778K(235968K), 0.0044920 secs] 659696K->450021K(1546688K), 0.0047700 secs] [Times: user=0.02 sys=0.00, real=0.00 secs] 
30353.328: [GC 30353.328: [ParNew: 210570K->677K(235968K), 0.0062590 secs] 659813K->449983K(1546688K), 0.0064970 secs] [Times: user=0.02 sys=0.00, real=0.00 secs] 
30375.002: [GC 30375.003: [ParNew: 210468K->806K(235968K), 0.0084650 secs] 659774K->450161K(1546688K), 0.0087890 secs] [Times: user=0.02 sys=0.00, real=0.01 secs] 
30381.701: [GC 30381.701: [ParNew: 210598K->712K(235968K), 0.0076430 secs] 659953K->450122K(1546688K), 0.0078950 secs] [Times: user=0.02 sys=0.00, real=0.01 secs] 
30388.652: [GC 30388.652: [ParNew: 210504K->1138K(235968K), 0.0074850 secs] 659914K->450584K(1546688K), 0.0077320 secs] [Times: user=0.02 sys=0.00, real=0.00 secs] 
30407.852: [GC 30407.852: [ParNew: 210930K->806K(235968K), 0.0066140 secs] 660376K->450294K(1546688K), 0.0068580 secs] [Times: user=0.02 sys=0.00, real=0.01 secs] 
30413.375: [GC 30413.376: [ParNew: 210553K->834K(235968K), 0.0039520 secs] 660041K->450457K(1546688K), 0.0041950 secs] [Times: user=0.03 sys=0.00, real=0.01 secs] 
30435.088: [GC 30435.089: [ParNew: 210626K->449K(235968K), 0.0039000 secs] 660249K->450116K(1546688K), 0.0041680 secs] [Times: user=0.02 sys=0.00, real=0.00 secs] 
30442.101: [GC 30442.101: [ParNew: 210241K->719K(235968K), 0.0050830 secs] 659908K->450430K(1546688K), 0.0053330 secs] [Times: user=0.02 sys=0.00, real=0.01 secs] 
30466.602: [GC 30466.603: [ParNew: 210442K->828K(235968K), 0.0101930 secs] 660153K->450583K(1546688K), 0.0104720 secs] [Times: user=0.03 sys=0.00, real=0.01 secs] 
30470.094: [GC 30470.094: [ParNew: 210620K->626K(235968K), 0.0072230 secs] 660375K->450417K(1546688K), 0.0074860 secs] [Times: user=0.01 sys=0.00, real=0.01 secs] 
30479.563: [GC 30479.564: [ParNew: 210418K->787K(235968K), 0.0050030 secs] 660209K->450614K(1546688K), 0.0052050 secs] [Times: user=0.01 sys=0.00, real=0.01 secs] 
30495.448: [GC 30495.448: [ParNew: 210556K->803K(235968K), 0.0080060 secs] 660383K->450675K(1546688K), 0.0082120 secs] [Times: user=0.01 sys=0.00, real=0.01 secs] 
30506.018: [GC 30506.018: [ParNew: 210595K->668K(235968K), 0.0066650 secs] 660467K->450582K(1546688K), 0.0068960 secs] [Times: user=0.02 sys=0.00, real=0.01 secs] 
30526.855: [GC 30526.855: [ParNew: 210460K->668K(235968K), 0.0055590 secs] 660374K->450618K(1546688K), 0.0058090 secs] [Times: user=0.02 sys=0.01, real=0.01 secs] 
30531.321: [GC 30531.321: [ParNew: 210460K->690K(235968K), 0.0249970 secs] 660410K->450677K(1546688K), 0.0253890 secs] [Times: user=0.04 sys=0.00, real=0.02 secs] 
30546.675: [GC 30546.675: [ParNew: 210435K->636K(235968K), 0.0061180 secs] 660422K->450670K(1546688K), 0.0063330 secs] [Times: user=0.02 sys=0.00, real=0.01 secs] 
30561.706: [GC 30561.706: [ParNew: 210428K->830K(235968K), 0.0090940 secs] 660462K->450918K(1546688K), 0.0093480 secs] [Times: user=0.02 sys=0.00, real=0.01 secs] 
30567.973: [GC 30567.973: [ParNew: 210622K->539K(235968K), 0.0073200 secs] 660710K->450678K(1546688K), 0.0075650 secs] [Times: user=0.02 sys=0.01, real=0.01 secs] 
30587.869: [GC 30587.869: [ParNew: 210293K->1347K(235968K), 0.0072010 secs] 660431K->451528K(1546688K), 0.0074060 secs] [Times: user=0.02 sys=0.00, real=0.01 secs] 
30593.501: [GC 30593.501: [ParNew: 211139K->1036K(235968K), 0.0080190 secs] 661320K->451253K(1546688K), 0.0082210 secs] [Times: user=0.02 sys=0.00, real=0.00 secs] 
30615.081: [GC 30615.081: [ParNew: 210816K->1029K(235968K), 0.0101620 secs] 661034K->451290K(1546688K), 0.0104690 secs] [Times: user=0.02 sys=0.01, real=0.01 secs] 
30622.117: [GC 30622.118: [ParNew: 210821K->893K(235968K), 0.0056270 secs] 661082K->451192K(1546688K), 0.0058320 secs] [Times: user=0.02 sys=0.00, real=0.00 secs] 
30628.726: [GC 30628.726: [ParNew: 210685K->939K(235968K), 0.0056780 secs] 660984K->451287K(1546688K), 0.0058760 secs] [Times: user=0.02 sys=0.00, real=0.00 secs] 
30650.106: [GC 30650.106: [ParNew: 210658K->545K(235968K), 0.0165130 secs] 661007K->451081K(1546688K), 0.0167550 secs] [Times: user=0.03 sys=0.00, real=0.02 secs] 
30659.576: [GC 30659.577: [ParNew: 210337K->681K(235968K), 0.0041780 secs] 660873K->451264K(1546688K), 0.0043830 secs] [Times: user=0.02 sys=0.00, real=0.01 secs] 
30675.459: [GC 30675.459: [ParNew: 210473K->913K(235968K), 0.0048320 secs] 661056K->451533K(1546688K), 0.0050350 secs] [Times: user=0.03 sys=0.00, real=0.00 secs] 
30686.018: [GC 30686.018: [ParNew: 210705K->841K(235968K), 0.0046910 secs] 661325K->451498K(1546688K), 0.0048950 secs] [Times: user=0.02 sys=0.00, real=0.00 secs] 
30706.700: [GC 30706.701: [ParNew: 210633K->632K(235968K), 0.0085550 secs] 661290K->451325K(1546688K), 0.0087690 secs] [Times: user=0.02 sys=0.00, real=0.01 secs] 
30711.319: [GC 30711.319: [ParNew: 210390K->929K(235968K), 0.0140190 secs] 661083K->451674K(1546688K), 0.0143140 secs] [Times: user=0.02 sys=0.00, real=0.02 secs] 
30726.689: [GC 30726.689: [ParNew: 210718K->953K(235968K), 0.0050740 secs] 661462K->451757K(1546688K), 0.0053530 secs] [Times: user=0.02 sys=0.00, real=0.00 secs] 
30741.045: [GC 30741.046: [ParNew: 210734K->684K(235968K), 0.0038780 secs] 661539K->451543K(1546688K), 0.0041280 secs] [Times: user=0.03 sys=0.00, real=0.01 secs] 
30747.963: [GC 30747.963: [ParNew: 210406K->890K(235968K), 0.0041400 secs] 661265K->451786K(1546688K), 0.0044190 secs] [Times: user=0.02 sys=0.01, real=0.01 secs] 
30766.907: [GC 30766.907: [ParNew: 210682K->709K(235968K), 0.0073870 secs] 661578K->451647K(1546688K), 0.0075790 secs] [Times: user=0.02 sys=0.00, real=0.01 secs] 
30773.517: [GC 30773.517: [ParNew: 210501K->956K(235968K), 0.0073390 secs] 661439K->451940K(1546688K), 0.0076010 secs] [Times: user=0.02 sys=0.00, real=0.01 secs] 
30795.099: [GC 30795.099: [ParNew: 210722K->889K(235968K), 0.0087090 secs] 661706K->451921K(1546688K), 0.0090130 secs] [Times: user=0.02 sys=0.00, real=0.01 secs] 
30801.758: [GC 30801.758: [ParNew: 210604K->747K(235968K), 0.0060050 secs] 661635K->451823K(1546688K), 0.0062830 secs] [Times: user=0.02 sys=0.00, real=0.00 secs] 
30808.743: [GC 30808.743: [ParNew: 210539K->884K(235968K), 0.0044860 secs] 661615K->452022K(1546688K), 0.0046710 secs] [Times: user=0.02 sys=0.01, real=0.01 secs] 
30827.941: [GC 30827.941: [ParNew: 210676K->590K(235968K), 0.0043570 secs] 661814K->451769K(1546688K), 0.0046070 secs] [Times: user=0.02 sys=0.00, real=0.01 secs] 
30833.574: [GC 30833.574: [ParNew: 210382K->979K(235968K), 0.0043690 secs] 661561K->452224K(1546688K), 0.0046030 secs] [Times: user=0.03 sys=0.00, real=0.00 secs] 
30855.473: [GC 30855.474: [ParNew: 210740K->906K(235968K), 0.0057760 secs] 661985K->452200K(1546688K), 0.0060290 secs] [Times: user=0.03 sys=0.00, real=0.01 secs] 
30862.187: [GC 30862.187: [ParNew: 210698K->896K(235968K), 0.0053460 secs] 661992K->452233K(1546688K), 0.0055300 secs] [Times: user=0.02 sys=0.00, real=0.00 secs] 
30886.715: [GC 30886.715: [ParNew: 210688K->952K(235968K), 0.0087660 secs] 662025K->452333K(1546688K), 0.0090790 secs] [Times: user=0.03 sys=0.00, real=0.01 secs] 
30890.181: [GC 30890.181: [ParNew: 210744K->754K(235968K), 0.0060420 secs] 662125K->452171K(1546688K), 0.0062990 secs] [Times: user=0.02 sys=0.00, real=0.01 secs] 
30899.648: [GC 30899.648: [ParNew: 210474K->961K(235968K), 0.0042640 secs] 661892K->452430K(1546688K), 0.0044600 secs] [Times: user=0.02 sys=0.00, real=0.01 secs] 
30915.520: [GC 30915.520: [ParNew: 210753K->1121K(235968K), 0.0053840 secs] 662222K->452634K(1546688K), 0.0056500 secs] [Times: user=0.02 sys=0.00, real=0.00 secs] 
30926.067: [GC 30926.067: [ParNew: 210913K->860K(235968K), 0.0050950 secs] 662426K->452531K(1546688K), 0.0053600 secs] [Times: user=0.02 sys=0.01, real=0.01 secs] 
30946.908: [GC 30946.908: [ParNew: 210595K->918K(235968K), 0.0081970 secs] 662266K->452637K(1546688K), 0.0083760 secs] [Times: user=0.03 sys=0.00, real=0.01 secs] 
30951.394: [GC 30951.395: [ParNew: 210681K->670K(235968K), 0.0118520 secs] 662401K->452426K(1546688K), 0.0121170 secs] [Times: user=0.03 sys=0.00, real=0.01 secs] 
30966.745: [GC 30966.745: [ParNew: 210409K->978K(235968K), 0.0091690 secs] 662165K->452774K(1546688K), 0.0093820 secs] [Times: user=0.03 sys=0.00, real=0.01 secs] 
30981.096: [GC 30981.096: [ParNew: 210770K->1029K(235968K), 0.0055840 secs] 662566K->452890K(1546688K), 0.0058300 secs] [Times: user=0.02 sys=0.00, real=0.01 secs] 
30988.015: [GC 30988.015: [ParNew: 210821K->886K(235968K), 0.0040690 secs] 662682K->452802K(1546688K), 0.0042940 secs] [Times: user=0.02 sys=0.00, real=0.01 secs] 
31007.936: [GC 31007.936: [ParNew: 210678K->790K(235968K), 0.0037790 secs] 662594K->452755K(1546688K), 0.0040540 secs] [Times: user=0.03 sys=0.00, real=0.00 secs] 
31013.572: [GC 31013.572: [ParNew: 210582K->1193K(235968K), 0.0070330 secs] 662547K->453218K(1546688K), 0.0073200 secs] [Times: user=0.02 sys=0.00, real=0.01 secs] 
31035.182: [GC 31035.182: [ParNew: 210965K->909K(235968K), 0.0071210 secs] 662989K->452965K(1546688K), 0.0074110 secs] [Times: user=0.03 sys=0.00, real=0.00 secs] 
31042.194: [GC 31042.194: [ParNew: 210701K->1055K(235968K), 0.0049740 secs] 662757K->453155K(1546688K), 0.0052420 secs] [Times: user=0.02 sys=0.00, real=0.01 secs] 
31048.811: [GC 31048.811: [ParNew: 210847K->861K(235968K), 0.0207080 secs] 662947K->453132K(1546688K), 0.0210190 secs] [Times: user=0.04 sys=0.00, real=0.02 secs] 
31070.169: [GC 31070.169: [ParNew: 210653K->727K(235968K), 0.0043360 secs] 662924K->453047K(1546688K), 0.0045990 secs] [Times: user=0.03 sys=0.00, real=0.00 secs] 
31079.657: [GC 31079.657: [ParNew: 210519K->927K(235968K), 0.0045480 secs] 662839K->453307K(1546688K), 0.0047300 secs] [Times: user=0.02 sys=0.00, real=0.00 secs] 
31095.528: [GC 31095.529: [ParNew: 210719K->917K(235968K), 0.0042590 secs] 663099K->453341K(1546688K), 0.0045030 secs] [Times: user=0.02 sys=0.00, real=0.01 secs] 
31102.256: [GC 31102.256: [ParNew: 210709K->600K(235968K), 0.0042840 secs] 663133K->453067K(1546688K), 0.0044890 secs] [Times: user=0.02 sys=0.00, real=0.01 secs] 
31126.786: [GC 31126.786: [ParNew: 210392K->832K(235968K), 0.0124120 secs] 662859K->453335K(1546688K), 0.0126880 secs] [Times: user=0.04 sys=0.01, real=0.01 secs] 
31130.223: [GC 31130.223: [ParNew: 210586K->635K(235968K), 0.0044690 secs] 663090K->453182K(1546688K), 0.0047340 secs] [Times: user=0.02 sys=0.00, real=0.01 secs] 
31146.760: [GC 31146.761: [ParNew: 210427K->640K(235968K), 0.0049260 secs] 662974K->453242K(1546688K), 0.0051920 secs] [Times: user=0.02 sys=0.00, real=0.01 secs] 
31161.093: [GC 31161.093: [ParNew: 210432K->770K(235968K), 0.0054740 secs] 663034K->453402K(1546688K), 0.0057300 secs] [Times: user=0.02 sys=0.00, real=0.00 secs] 
31168.032: [GC 31168.032: [ParNew: 210562K->590K(235968K), 0.0048690 secs] 663194K->453265K(1546688K), 0.0050840 secs] [Times: user=0.02 sys=0.00, real=0.00 secs] 
31186.953: [GC 31186.954: [ParNew: 210373K->1115K(235968K), 0.0038000 secs] 663049K->453837K(1546688K), 0.0040520 secs] [Times: user=0.03 sys=0.00, real=0.01 secs] 
31191.451: [GC 31191.451: [ParNew: 210871K->1329K(235968K), 0.0056430 secs] 663594K->454103K(1546688K), 0.0058430 secs] [Times: user=0.02 sys=0.00, real=0.01 secs] 
31206.789: [GC 31206.789: [ParNew: 211074K->1169K(235968K), 0.0073060 secs] 663849K->453993K(1546688K), 0.0074880 secs] [Times: user=0.02 sys=0.00, real=0.01 secs] 
31221.112: [GC 31221.112: [ParNew: 210854K->1257K(235968K), 0.0076600 secs] 663678K->454137K(1546688K), 0.0079280 secs] [Times: user=0.03 sys=0.00, real=0.00 secs] 
31228.042: [GC 31228.042: [ParNew: 211049K->1017K(235968K), 0.0077090 secs] 663929K->454107K(1546688K), 0.0079200 secs] [Times: user=0.02 sys=0.00, real=0.01 secs] 
31246.974: [GC 31246.974: [ParNew: 210751K->1029K(235968K), 0.0057650 secs] 663841K->454178K(1546688K), 0.0059460 secs] [Times: user=0.02 sys=0.00, real=0.01 secs] 
31251.489: [GC 31251.489: [ParNew: 210821K->588K(235968K), 0.0042430 secs] 663970K->453806K(1546688K), 0.0044530 secs] [Times: user=0.02 sys=0.00, real=0.00 secs] 
31267.354: [GC 31267.355: [ParNew: 210380K->520K(235968K), 0.0053730 secs] 663598K->453787K(1546688K), 0.0056520 secs] [Times: user=0.02 sys=0.00, real=0.00 secs] 
31281.803: [GC 31281.803: [ParNew: 210312K->1037K(235968K), 0.0052990 secs] 663579K->454359K(1546688K), 0.0055520 secs] [Times: user=0.02 sys=0.00, real=0.00 secs] 
31288.075: [GC 31288.076: [ParNew: 210775K->1059K(235968K), 0.0058150 secs] 664098K->454431K(1546688K), 0.0060990 secs] [Times: user=0.02 sys=0.00, real=0.01 secs] 
31307.997: [GC 31307.997: [ParNew: 210799K->995K(235968K), 0.0066300 secs] 664170K->454409K(1546688K), 0.0069970 secs] [Times: user=0.02 sys=0.00, real=0.01 secs] 
31313.629: [GC 31313.630: [ParNew: 210761K->955K(235968K), 0.0090080 secs] 664175K->454405K(1546688K), 0.0092300 secs] [Times: user=0.01 sys=0.00, real=0.01 secs] 
31335.231: [GC 31335.231: [ParNew: 210747K->631K(235968K), 0.0041020 secs] 664197K->454129K(1546688K), 0.0043770 secs] [Times: user=0.02 sys=0.00, real=0.01 secs] 
31342.266: [GC 31342.266: [ParNew: 210423K->958K(235968K), 0.0047100 secs] 663921K->454498K(1546688K), 0.0049820 secs] [Times: user=0.02 sys=0.00, real=0.00 secs] 
31348.998: [GC 31348.998: [ParNew: 210730K->892K(235968K), 0.0041840 secs] 664270K->454478K(1546688K), 0.0043970 secs] [Times: user=0.02 sys=0.00, real=0.01 secs] 
31370.224: [GC 31370.224: [ParNew: 210662K->604K(235968K), 0.0060290 secs] 664249K->454243K(1546688K), 0.0062790 secs] [Times: user=0.02 sys=0.00, real=0.01 secs] 
31379.724: [GC 31379.724: [ParNew: 210396K->808K(235968K), 0.0066720 secs] 664035K->454497K(1546688K), 0.0069480 secs] [Times: user=0.02 sys=0.00, real=0.01 secs] 
31395.588: [GC 31395.588: [ParNew: 210600K->1026K(235968K), 0.0049490 secs] 664289K->454829K(1546688K), 0.0051970 secs] [Times: user=0.02 sys=0.00, real=0.00 secs] 
31406.108: [GC 31406.108: [ParNew: 210818K->495K(235968K), 0.0062330 secs] 664621K->454342K(1546688K), 0.0064860 secs] [Times: user=0.02 sys=0.00, real=0.01 secs] 
31426.872: [GC 31426.872: [ParNew: 210287K->708K(235968K), 0.0054350 secs] 664134K->454591K(1546688K), 0.0056930 secs] [Times: user=0.02 sys=0.00, real=0.00 secs] 
31431.465: [GC 31431.465: [ParNew: 210500K->574K(235968K), 0.0118300 secs] 664383K->454507K(1546688K), 0.0120780 secs] [Times: user=0.04 sys=0.00, real=0.01 secs] 
31446.816: [GC 31446.817: [ParNew: 210366K->654K(235968K), 0.0054850 secs] 664299K->454636K(1546688K), 0.0056640 secs] [Times: user=0.02 sys=0.00, real=0.00 secs] 
31461.142: [GC 31461.142: [ParNew: 210446K->877K(235968K), 0.0052920 secs] 664428K->454903K(1546688K), 0.0054860 secs] [Times: user=0.02 sys=0.00, real=0.01 secs] 
31468.072: [GC 31468.073: [ParNew: 210635K->561K(235968K), 0.0101400 secs] 664661K->454633K(1546688K), 0.0104100 secs] [Times: user=0.02 sys=0.00, real=0.01 secs] 
31487.004: [GC 31487.004: [ParNew: 210353K->909K(235968K), 0.0063110 secs] 664425K->455023K(1546688K), 0.0065840 secs] [Times: user=0.02 sys=0.00, real=0.01 secs] 
31491.516: [GC 31491.516: [ParNew: 210605K->947K(235968K), 0.0046390 secs] 664719K->455104K(1546688K), 0.0048740 secs] [Times: user=0.02 sys=0.01, real=0.01 secs] 
31512.716: [GC 31512.717: [ParNew: 210739K->552K(235968K), 0.0055060 secs] 664896K->454758K(1546688K), 0.0057430 secs] [Times: user=0.02 sys=0.00, real=0.00 secs] 
31521.853: [GC 31521.854: [ParNew: 210344K->829K(235968K), 0.0180050 secs] 664550K->455079K(1546688K), 0.0182620 secs] [Times: user=0.04 sys=0.00, real=0.02 secs] 
31529.013: [GC 31529.013: [ParNew: 210621K->1263K(235968K), 0.0063250 secs] 664871K->455670K(1546688K), 0.0064950 secs] [Times: user=0.02 sys=0.00, real=0.00 secs] 
31548.052: [GC 31548.052: [ParNew: 211031K->1075K(235968K), 0.0062660 secs] 665438K->455518K(1546688K), 0.0064930 secs] [Times: user=0.02 sys=0.01, real=0.00 secs] 
31553.682: [GC 31553.682: [ParNew: 210867K->903K(235968K), 0.0069750 secs] 665310K->455397K(1546688K), 0.0071500 secs] [Times: user=0.01 sys=0.00, real=0.01 secs] 
31575.282: [GC 31575.282: [ParNew: 210695K->623K(235968K), 0.0088200 secs] 665189K->455161K(1546688K), 0.0090110 secs] [Times: user=0.02 sys=0.00, real=0.01 secs] 
31582.317: [GC 31582.317: [ParNew: 210415K->744K(235968K), 0.0078480 secs] 664953K->455327K(1546688K), 0.0080310 secs] [Times: user=0.03 sys=0.01, real=0.01 secs] 
31599.712: [GC 31599.713: [ParNew: 210536K->416K(235968K), 0.0051540 secs] 665119K->455080K(1546688K), 0.0053680 secs] [Times: user=0.02 sys=0.00, real=0.00 secs] 
31610.277: [GC 31610.277: [ParNew: 210154K->1249K(235968K), 0.0049870 secs] 664818K->455961K(1546688K), 0.0052490 secs] [Times: user=0.02 sys=0.00, real=0.01 secs] 
31619.785: [GC 31619.786: [ParNew: 211041K->948K(235968K), 0.0056820 secs] 665753K->455708K(1546688K), 0.0059600 secs] [Times: user=0.03 sys=0.00, real=0.01 secs] 
31635.641: [GC 31635.641: [ParNew: 210625K->981K(235968K), 0.0049240 secs] 665385K->455784K(1546688K), 0.0051560 secs] [Times: user=0.02 sys=0.00, real=0.01 secs] 
31646.150: [GC 31646.150: [ParNew: 210773K->1108K(235968K), 0.0062970 secs] 665576K->455942K(1546688K), 0.0065560 secs] [Times: user=0.02 sys=0.00, real=0.01 secs] 
31666.929: [GC 31666.929: [ParNew: 210900K->522K(235968K), 0.0070090 secs] 665734K->455496K(1546688K), 0.0073080 secs] [Times: user=0.02 sys=0.00, real=0.01 secs] 
31671.509: [GC 31671.509: [ParNew: 210314K->1074K(235968K), 0.0071350 secs] 665288K->456100K(1546688K), 0.0074090 secs] [Times: user=0.02 sys=0.00, real=0.01 secs] 
31686.863: [GC 31686.863: [ParNew: 210866K->1161K(235968K), 0.0072790 secs] 665892K->456236K(1546688K), 0.0074880 secs] [Times: user=0.02 sys=0.00, real=0.01 secs] 
31701.182: [GC 31701.182: [ParNew: 210953K->953K(235968K), 0.0054620 secs] 666028K->456072K(1546688K), 0.0057350 secs] [Times: user=0.02 sys=0.00, real=0.01 secs] 
31708.107: [GC 31708.107: [ParNew: 210745K->995K(235968K), 0.0058600 secs] 665864K->456150K(1546688K), 0.0061090 secs] [Times: user=0.03 sys=0.00, real=0.00 secs] 
31727.039: [GC 31727.039: [ParNew: 210732K->1071K(235968K), 0.0042350 secs] 665886K->456267K(1546688K), 0.0045130 secs] [Times: user=0.02 sys=0.00, real=0.01 secs] 
31733.684: [GC 31733.684: [ParNew: 210863K->770K(235968K), 0.0041560 secs] 666059K->456042K(1546688K), 0.0044410 secs] [Times: user=0.02 sys=0.00, real=0.00 secs] 
31755.279: [GC 31755.279: [ParNew: 210562K->930K(235968K), 0.0049410 secs] 665834K->456251K(1546688K), 0.0052130 secs] [Times: user=0.02 sys=0.00, real=0.00 secs] 
31761.883: [GC 31761.883: [ParNew: 210722K->833K(235968K), 0.0183810 secs] 666043K->456198K(1546688K), 0.0186880 secs] [Times: user=0.04 sys=0.00, real=0.02 secs] 
31769.086: [GC 31769.086: [ParNew: 210603K->1087K(235968K), 0.0054740 secs] 665968K->456489K(1546688K), 0.0056900 secs] [Times: user=0.02 sys=0.00, real=0.00 secs] 
31788.108: [GC 31788.108: [ParNew: 210879K->920K(235968K), 0.0054460 secs] 666281K->456365K(1546688K), 0.0056440 secs] [Times: user=0.02 sys=0.00, real=0.01 secs] 
31793.850: [GC 31793.850: [ParNew: 210712K->698K(235968K), 0.0063370 secs] 666157K->456321K(1546688K), 0.0065300 secs] [Times: user=0.02 sys=0.00, real=0.01 secs] 
31815.337: [GC 31815.337: [ParNew: 210490K->882K(235968K), 0.0046480 secs] 666113K->456549K(1546688K), 0.0049090 secs] [Times: user=0.02 sys=0.00, real=0.01 secs] 
31822.376: [GC 31822.376: [ParNew: 210674K->803K(235968K), 0.0045470 secs] 666341K->456513K(1546688K), 0.0048160 secs] [Times: user=0.02 sys=0.00, real=0.01 secs] 
31846.941: [GC 31846.941: [ParNew: 210581K->617K(235968K), 0.0208790 secs] 666292K->456371K(1546688K), 0.0211600 secs] [Times: user=0.03 sys=0.00, real=0.02 secs] 
31850.335: [GC 31850.335: [ParNew: 210360K->681K(235968K), 0.0077020 secs] 666115K->456471K(1546688K), 0.0079470 secs] [Times: user=0.02 sys=0.00, real=0.01 secs] 
31859.854: [GC 31859.855: [ParNew: 210473K->922K(235968K), 0.0058800 secs] 666263K->456779K(1546688K), 0.0061500 secs] [Times: user=0.02 sys=0.00, real=0.01 secs] 
31875.702: [GC 31875.702: [ParNew: 210706K->656K(235968K), 0.0105410 secs] 666564K->456557K(1546688K), 0.0107900 secs] [Times: user=0.02 sys=0.00, real=0.01 secs] 
31886.194: [GC 31886.194: [ParNew: 210448K->861K(235968K), 0.0051320 secs] 666349K->456799K(1546688K), 0.0054200 secs] [Times: user=0.03 sys=0.00, real=0.01 secs] 
31907.039: [GC 31907.039: [ParNew: 210573K->844K(235968K), 0.0091230 secs] 666512K->456831K(1546688K), 0.0093070 secs] [Times: user=0.02 sys=0.00, real=0.01 secs] 
31911.567: [GC 31911.567: [ParNew: 210636K->872K(235968K), 0.0090650 secs] 666623K->456906K(1546688K), 0.0092550 secs] [Times: user=0.02 sys=0.00, real=0.01 secs] 
31926.929: [GC 31926.929: [ParNew: 210664K->899K(235968K), 0.0061320 secs] 666698K->456970K(1546688K), 0.0064210 secs] [Times: user=0.02 sys=0.00, real=0.01 secs] 
31941.232: [GC 31941.232: [ParNew: 210633K->864K(235968K), 0.0252580 secs] 666703K->456979K(1546688K), 0.0255120 secs] [Times: user=0.03 sys=0.00, real=0.02 secs] 
31948.153: [GC 31948.153: [ParNew: 210656K->930K(235968K), 0.0064150 secs] 666771K->457095K(1546688K), 0.0066770 secs] [Times: user=0.02 sys=0.01, real=0.01 secs] 
31968.117: [GC 31968.117: [ParNew: 210721K->801K(235968K), 0.0076670 secs] 666885K->457014K(1546688K), 0.0078740 secs] [Times: user=0.02 sys=0.00, real=0.01 secs] 
31973.860: [GC 31973.861: [ParNew: 210529K->839K(235968K), 0.0053820 secs] 666742K->457099K(1546688K), 0.0055830 secs] [Times: user=0.02 sys=0.00, real=0.01 secs] 
31995.337: [GC 31995.338: [ParNew: 210588K->776K(235968K), 0.0068700 secs] 666848K->457161K(1546688K), 0.0070750 secs] [Times: user=0.02 sys=0.00, real=0.01 secs] 
32002.392: [GC 32002.392: [ParNew: 210561K->933K(235968K), 0.0084020 secs] 666946K->457362K(1546688K), 0.0086080 secs] [Times: user=0.02 sys=0.00, real=0.01 secs] 
32009.146: [GC 32009.146: [ParNew: 210725K->641K(235968K), 0.0045550 secs] 667154K->457112K(1546688K), 0.0047530 secs] [Times: user=0.02 sys=0.00, real=0.01 secs] 
32030.340: [GC 32030.340: [ParNew: 210433K->585K(235968K), 0.0053880 secs] 666904K->457110K(1546688K), 0.0056520 secs] [Times: user=0.03 sys=0.00, real=0.01 secs] 
32039.864: [GC 32039.864: [ParNew: 210377K->896K(235968K), 0.0058470 secs] 666902K->457470K(1546688K), 0.0060950 secs] [Times: user=0.02 sys=0.00, real=0.00 secs] 
32055.707: [GC 32055.707: [ParNew: 210688K->1094K(235968K), 0.0052170 secs] 667262K->457719K(1546688K), 0.0054680 secs] [Times: user=0.02 sys=0.00, real=0.01 secs] 
32062.444: [GC 32062.444: [ParNew: 210876K->1030K(235968K), 0.0088270 secs] 667501K->457718K(1546688K), 0.0090800 secs] [Times: user=0.02 sys=0.00, real=0.01 secs] 
32087.010: [GC 32087.010: [ParNew: 210805K->1083K(235968K), 0.0127310 secs] 667494K->457810K(1546688K), 0.0130430 secs] [Times: user=0.03 sys=0.00, real=0.01 secs] 
32090.383: [GC 32090.383: [ParNew: 210875K->886K(235968K), 0.0172510 secs] 667602K->457654K(1546688K), 0.0175360 secs] [Times: user=0.05 sys=0.00, real=0.02 secs] 
32099.900: [GC 32099.901: [ParNew: 210678K->1241K(235968K), 0.0057540 secs] 667446K->458060K(1546688K), 0.0060360 secs] [Times: user=0.03 sys=0.00, real=0.01 secs] 
32115.740: [GC 32115.740: [ParNew: 211033K->894K(235968K), 0.0056250 secs] 667851K->457757K(1546688K), 0.0059070 secs] [Times: user=0.02 sys=0.01, real=0.01 secs] 
32126.220: [GC 32126.220: [ParNew: 210686K->913K(235968K), 0.0050290 secs] 667549K->457973K(1546688K), 0.0053090 secs] [Times: user=0.02 sys=0.00, real=0.00 secs] 
32147.061: [GC 32147.062: [ParNew: 210705K->558K(235968K), 0.0081330 secs] 667765K->457667K(1546688K), 0.0083950 secs] [Times: user=0.01 sys=0.00, real=0.01 secs] 
32151.597: [GC 32151.597: [ParNew: 210299K->1291K(235968K), 0.0049910 secs] 667408K->458448K(1546688K), 0.0052390 secs] [Times: user=0.03 sys=0.00, real=0.00 secs] 
32166.960: [GC 32166.960: [ParNew: 211083K->1226K(235968K), 0.0059910 secs] 668240K->458440K(1546688K), 0.0062720 secs] [Times: user=0.02 sys=0.01, real=0.01 secs] 
32181.253: [GC 32181.254: [ParNew: 211018K->776K(235968K), 0.0064690 secs] 668232K->458034K(1546688K), 0.0067250 secs] [Times: user=0.03 sys=0.00, real=0.01 secs] 
32188.170: [GC 32188.170: [ParNew: 210549K->726K(235968K), 0.0049810 secs] 667807K->458020K(1546688K), 0.0052220 secs] [Times: user=0.02 sys=0.00, real=0.00 secs] 
32207.117: [GC 32207.117: [ParNew: 210491K->522K(235968K), 0.0072180 secs] 667785K->457899K(1546688K), 0.0074710 secs] [Times: user=0.02 sys=0.00, real=0.00 secs] 
32213.893: [GC 32213.893: [ParNew: 210314K->858K(235968K), 0.0055120 secs] 667691K->458284K(1546688K), 0.0058060 secs] [Times: user=0.02 sys=0.00, real=0.01 secs] 
32235.378: [GC 32235.378: [ParNew: 210650K->462K(235968K), 0.0064250 secs] 668076K->457933K(1546688K), 0.0066260 secs] [Times: user=0.02 sys=0.01, real=0.01 secs] 
32241.945: [GC 32241.945: [ParNew: 210234K->866K(235968K), 0.0059390 secs] 667704K->458385K(1546688K), 0.0061400 secs] [Times: user=0.02 sys=0.00, real=0.01 secs] 
32249.190: [GC 32249.190: [ParNew: 210658K->988K(235968K), 0.0071770 secs] 668177K->458537K(1546688K), 0.0073720 secs] [Times: user=0.03 sys=0.00, real=0.00 secs] 
32268.316: [GC 32268.316: [ParNew: 210780K->805K(235968K), 0.0047290 secs] 668329K->458397K(1546688K), 0.0049910 secs] [Times: user=0.02 sys=0.00, real=0.01 secs] 
32273.933: [GC 32273.934: [ParNew: 210597K->717K(235968K), 0.0042740 secs] 668189K->458356K(1546688K), 0.0045300 secs] [Times: user=0.03 sys=0.00, real=0.01 secs] 
32295.394: [GC 32295.394: [ParNew: 210494K->1435K(235968K), 0.0047890 secs] 668133K->459232K(1546688K), 0.0050720 secs] [Times: user=0.03 sys=0.00, real=0.00 secs] 
32302.457: [GC 32302.457: [ParNew: 211227K->1415K(235968K), 0.0045990 secs] 669024K->459273K(1546688K), 0.0047930 secs] [Times: user=0.03 sys=0.00, real=0.01 secs] 
32309.214: [GC 32309.214: [ParNew: 211207K->1461K(235968K), 0.0063130 secs] 669065K->459369K(1546688K), 0.0064900 secs] [Times: user=0.02 sys=0.01, real=0.01 secs] 
32329.273: [GC 32329.273: [ParNew: 211253K->1404K(235968K), 0.0056630 secs] 669161K->459382K(1546688K), 0.0059450 secs] [Times: user=0.02 sys=0.00, real=0.01 secs] 
32339.927: [GC 32339.927: [ParNew: 211196K->953K(235968K), 0.0083300 secs] 669174K->459713K(1546688K), 0.0085120 secs] [Times: user=0.02 sys=0.00, real=0.01 secs] 
32355.765: [GC 32355.765: [ParNew: 210745K->1006K(235968K), 0.0042510 secs] 669505K->459809K(1546688K), 0.0045240 secs] [Times: user=0.02 sys=0.00, real=0.00 secs] 
32362.627: [GC 32362.627: [ParNew: 210798K->671K(235968K), 0.0051940 secs] 669601K->459517K(1546688K), 0.0054600 secs] [Times: user=0.02 sys=0.01, real=0.01 secs] 
32387.093: [GC 32387.093: [ParNew: 210463K->621K(235968K), 0.0267070 secs] 669309K->459505K(1546688K), 0.0269790 secs] [Times: user=0.04 sys=0.00, real=0.03 secs] 
32390.442: [GC 32390.442: [ParNew: 210413K->750K(235968K), 0.0056370 secs] 669297K->459675K(1546688K), 0.0058400 secs] [Times: user=0.02 sys=0.00, real=0.01 secs] 
32399.975: [GC 32399.976: [ParNew: 210538K->967K(235968K), 0.0056400 secs] 669463K->459942K(1546688K), 0.0058430 secs] [Times: user=0.02 sys=0.01, real=0.01 secs] 
32415.797: [GC 32415.797: [ParNew: 210759K->1047K(235968K), 0.0051630 secs] 669734K->460066K(1546688K), 0.0053690 secs] [Times: user=0.03 sys=0.01, real=0.00 secs] 
32426.259: [GC 32426.259: [ParNew: 210839K->890K(235968K), 0.0040020 secs] 669858K->460071K(1546688K), 0.0042760 secs] [Times: user=0.03 sys=0.00, real=0.01 secs] 
32447.138: [GC 32447.138: [ParNew: 210682K->1247K(235968K), 0.0058480 secs] 669863K->460470K(1546688K), 0.0061400 secs] [Times: user=0.02 sys=0.00, real=0.01 secs] 
32451.656: [GC 32451.656: [ParNew: 211039K->1082K(235968K), 0.0042470 secs] 670262K->460361K(1546688K), 0.0045080 secs] [Times: user=0.02 sys=0.00, real=0.01 secs] 
32467.015: [GC 32467.016: [ParNew: 210874K->717K(235968K), 0.0051140 secs] 670153K->460083K(1546688K), 0.0053410 secs] [Times: user=0.02 sys=0.00, real=0.00 secs] 
32481.298: [GC 32481.298: [ParNew: 210503K->986K(235968K), 0.0037730 secs] 669868K->460400K(1546688K), 0.0040590 secs] [Times: user=0.03 sys=0.00, real=0.00 secs] 
32488.214: [GC 32488.214: [ParNew: 210778K->613K(235968K), 0.0039390 secs] 670192K->460077K(1546688K), 0.0041310 secs] [Times: user=0.02 sys=0.00, real=0.00 secs] 
32508.329: [GC 32508.329: [ParNew: 210405K->723K(235968K), 0.0064080 secs] 669869K->460240K(1546688K), 0.0066000 secs] [Times: user=0.02 sys=0.01, real=0.00 secs] 
32513.947: [GC 32513.947: [ParNew: 210515K->1072K(235968K), 0.0055960 secs] 670032K->460658K(1546688K), 0.0057960 secs] [Times: user=0.02 sys=0.00, real=0.01 secs] 
32535.438: [GC 32535.439: [ParNew: 210864K->1183K(235968K), 0.0046440 secs] 670450K->460813K(1546688K), 0.0049060 secs] [Times: user=0.02 sys=0.00, real=0.00 secs] 
32541.988: [GC 32541.988: [ParNew: 210975K->1252K(235968K), 0.0043130 secs] 670605K->460926K(1546688K), 0.0045920 secs] [Times: user=0.02 sys=0.00, real=0.00 secs] 
32549.250: [GC 32549.250: [ParNew: 211044K->911K(235968K), 0.0053550 secs] 670718K->460623K(1546688K), 0.0056240 secs] [Times: user=0.02 sys=0.00, real=0.01 secs] 
32568.375: [GC 32568.376: [ParNew: 210703K->777K(235968K), 0.0046910 secs] 670415K->460536K(1546688K), 0.0048860 secs] [Times: user=0.02 sys=0.00, real=0.01 secs] 
32573.996: [GC 32573.996: [ParNew: 210569K->924K(235968K), 0.0045940 secs] 670328K->460760K(1546688K), 0.0048450 secs] [Times: user=0.03 sys=0.00, real=0.01 secs] 
32595.473: [GC 32595.474: [ParNew: 210655K->1295K(235968K), 0.0048510 secs] 670492K->461232K(1546688K), 0.0051310 secs] [Times: user=0.03 sys=0.00, real=0.01 secs] 
32602.667: [GC 32602.667: [ParNew: 211087K->800K(235968K), 0.0038940 secs] 671024K->460781K(1546688K), 0.0041540 secs] [Times: user=0.02 sys=0.00, real=0.00 secs] 
32612.261: [GC 32612.262: [ParNew: 210592K->4682K(235968K), 0.0166530 secs] 670573K->464712K(1546688K), 0.0169350 secs] [Times: user=0.07 sys=0.01, real=0.02 secs] 
32630.461: [GC 32630.461: [ParNew: 214474K->2798K(235968K), 0.0101680 secs] 674504K->462877K(1546688K), 0.0103600 secs] [Times: user=0.02 sys=0.01, real=0.01 secs] 
32640.123: [GC 32640.123: [ParNew: 212590K->930K(235968K), 0.0066710 secs] 672669K->461045K(1546688K), 0.0068510 secs] [Times: user=0.02 sys=0.00, real=0.01 secs] 
32655.834: [GC 32655.834: [ParNew: 210722K->890K(235968K), 0.0059850 secs] 670837K->461060K(1546688K), 0.0062340 secs] [Times: user=0.02 sys=0.00, real=0.01 secs] 
32666.285: [GC 32666.286: [ParNew: 210660K->639K(235968K), 0.0047080 secs] 670830K->460851K(1546688K), 0.0049520 secs] [Times: user=0.02 sys=0.00, real=0.00 secs] 
32687.148: [GC 32687.148: [ParNew: 210431K->731K(235968K), 0.0172440 secs] 670643K->461014K(1546688K), 0.0175160 secs] [Times: user=0.04 sys=0.00, real=0.02 secs] 
32691.696: [GC 32691.697: [ParNew: 210495K->828K(235968K), 0.0057050 secs] 670778K->461159K(1546688K), 0.0059270 secs] [Times: user=0.02 sys=0.00, real=0.01 secs] 
32707.054: [GC 32707.054: [ParNew: 210620K->981K(235968K), 0.0060070 secs] 670951K->461356K(1546688K), 0.0062290 secs] [Times: user=0.02 sys=0.00, real=0.01 secs] 
32721.326: [GC 32721.326: [ParNew: 210730K->962K(235968K), 0.0037890 secs] 671104K->461380K(1546688K), 0.0040630 secs] [Times: user=0.03 sys=0.00, real=0.00 secs] 
32728.244: [GC 32728.244: [ParNew: 210754K->927K(235968K), 0.0051720 secs] 671172K->461381K(1546688K), 0.0053950 secs] [Times: user=0.02 sys=0.00, real=0.01 secs] 
32747.239: [GC 32747.239: [ParNew: 210719K->549K(235968K), 0.0071680 secs] 671173K->461050K(1546688K), 0.0074440 secs] [Times: user=0.02 sys=0.00, real=0.01 secs] 
32753.982: [GC 32753.982: [ParNew: 210274K->1129K(235968K), 0.0060840 secs] 670775K->461693K(1546688K), 0.0063020 secs] [Times: user=0.02 sys=0.00, real=0.00 secs] 
32775.471: [GC 32775.472: [ParNew: 210921K->924K(235968K), 0.0040450 secs] 671485K->461637K(1546688K), 0.0042960 secs] [Times: user=0.03 sys=0.00, real=0.00 secs] 
32782.018: [GC 32782.018: [ParNew: 210675K->1098K(235968K), 0.0048390 secs] 671388K->461855K(1546688K), 0.0050980 secs] [Times: user=0.02 sys=0.00, real=0.00 secs] 
32789.300: [GC 32789.300: [ParNew: 210890K->619K(235968K), 0.0044780 secs] 671647K->461407K(1546688K), 0.0046990 secs] [Times: user=0.02 sys=0.01, real=0.00 secs] 
32808.424: [GC 32808.424: [ParNew: 210388K->1044K(235968K), 0.0042640 secs] 671176K->461872K(1546688K), 0.0045220 secs] [Times: user=0.02 sys=0.00, real=0.00 secs] 
32814.033: [GC 32814.033: [ParNew: 210836K->781K(235968K), 0.0069140 secs] 671664K->461688K(1546688K), 0.0071090 secs] [Times: user=0.02 sys=0.00, real=0.00 secs] 
32835.522: [GC 32835.523: [ParNew: 210573K->770K(235968K), 0.0041140 secs] 671480K->461722K(1546688K), 0.0043170 secs] [Times: user=0.02 sys=0.00, real=0.00 secs] 
32842.718: [GC 32842.719: [ParNew: 210562K->952K(235968K), 0.0051170 secs] 671514K->461947K(1546688K), 0.0053430 secs] [Times: user=0.02 sys=0.00, real=0.00 secs] 
32867.152: [GC 32867.152: [ParNew: 210744K->672K(235968K), 0.0042910 secs] 671739K->461727K(1546688K), 0.0045470 secs] [Times: user=0.02 sys=0.00, real=0.01 secs] 
32870.513: [GC 32870.513: [ParNew: 210464K->779K(235968K), 0.0097160 secs] 671519K->461876K(1546688K), 0.0099570 secs] [Times: user=0.02 sys=0.00, real=0.01 secs] 
32880.181: [GC 32880.181: [ParNew: 210571K->793K(235968K), 0.0052360 secs] 671668K->461928K(1546688K), 0.0054730 secs] [Times: user=0.02 sys=0.00, real=0.00 secs] 
32895.887: [GC 32895.887: [ParNew: 210585K->859K(235968K), 0.0055370 secs] 671720K->462038K(1546688K), 0.0058120 secs] [Times: user=0.02 sys=0.00, real=0.01 secs] 
32906.324: [GC 32906.324: [ParNew: 210651K->714K(235968K), 0.0074450 secs] 671830K->461992K(1546688K), 0.0076390 secs] [Times: user=0.01 sys=0.00, real=0.01 secs] 
32927.193: [GC 32927.194: [ParNew: 210506K->1424K(235968K), 0.0241200 secs] 671784K->462745K(1546688K), 0.0244390 secs] [Times: user=0.02 sys=0.00, real=0.02 secs] 
32931.867: [GC 32931.867: [ParNew: 211177K->717K(235968K), 0.0074670 secs] 672498K->462115K(1546688K), 0.0076480 secs] [Times: user=0.02 sys=0.00, real=0.01 secs] 
32947.109: [GC 32947.110: [ParNew: 210509K->641K(235968K), 0.0049780 secs] 671907K->462075K(1546688K), 0.0052170 secs] [Times: user=0.02 sys=0.00, real=0.01 secs] 
32961.375: [GC 32961.375: [ParNew: 210406K->806K(235968K), 0.0046820 secs] 671840K->462283K(1546688K), 0.0049400 secs] [Times: user=0.02 sys=0.00, real=0.01 secs] 
32968.288: [GC 32968.288: [ParNew: 210544K->578K(235968K), 0.0052880 secs] 672022K->462105K(1546688K), 0.0054780 secs] [Times: user=0.03 sys=0.00, real=0.00 secs] 
32988.419: [GC 32988.419: [ParNew: 210370K->792K(235968K), 0.0085790 secs] 671897K->462373K(1546688K), 0.0088050 secs] [Times: user=0.02 sys=0.00, real=0.01 secs] 
32994.032: [GC 32994.032: [ParNew: 210584K->838K(235968K), 0.0108770 secs] 672165K->462468K(1546688K), 0.0110970 secs] [Times: user=0.04 sys=0.00, real=0.02 secs] 
33015.525: [GC 33015.525: [ParNew: 210603K->1335K(235968K), 0.0044980 secs] 672233K->463009K(1546688K), 0.0047150 secs] [Times: user=0.02 sys=0.00, real=0.01 secs] 
33022.061: [GC 33022.061: [ParNew: 211075K->1010K(235968K), 0.0056620 secs] 672749K->462727K(1546688K), 0.0058820 secs] [Times: user=0.02 sys=0.00, real=0.00 secs] 
33029.366: [GC 33029.366: [ParNew: 210782K->778K(235968K), 0.0043960 secs] 672499K->462620K(1546688K), 0.0046180 secs] [Times: user=0.02 sys=0.00, real=0.01 secs] 
33048.470: [GC 33048.471: [ParNew: 210570K->614K(235968K), 0.0065330 secs] 672412K->462504K(1546688K), 0.0068230 secs] [Times: user=0.03 sys=0.00, real=0.01 secs] 
33060.195: [GC 33060.195: [ParNew: 210317K->706K(235968K), 0.0101760 secs] 672207K->462648K(1546688K), 0.0104760 secs] [Times: user=0.03 sys=0.00, real=0.01 secs] 
33075.895: [GC 33075.896: [ParNew: 210477K->859K(235968K), 0.0040540 secs] 672419K->462840K(1546688K), 0.0043180 secs] [Times: user=0.02 sys=0.00, real=0.01 secs] 
33082.777: [GC 33082.777: [ParNew: 210590K->752K(235968K), 0.0066220 secs] 672570K->462776K(1546688K), 0.0068110 secs] [Times: user=0.02 sys=0.00, real=0.01 secs] 
33107.207: [GC 33107.207: [ParNew: 210544K->720K(235968K), 0.0049640 secs] 672568K->462805K(1546688K), 0.0052190 secs] [Times: user=0.02 sys=0.00, real=0.00 secs] 
33110.570: [GC 33110.570: [ParNew: 210476K->720K(235968K), 0.0056170 secs] 672561K->462846K(1546688K), 0.0059060 secs] [Times: user=0.02 sys=0.00, real=0.01 secs] 
33120.251: [GC 33120.251: [ParNew: 210488K->758K(235968K), 0.0066580 secs] 672614K->462926K(1546688K), 0.0069040 secs] [Times: user=0.02 sys=0.00, real=0.01 secs] 
33141.375: [GC 33141.375: [ParNew: 210550K->534K(235968K), 0.0180100 secs] 672718K->462825K(1546688K), 0.0182800 secs] [Times: user=0.04 sys=0.00, real=0.02 secs] 
33146.374: [GC 33146.374: [ParNew: 210326K->715K(235968K), 0.0057630 secs] 672617K->463062K(1546688K), 0.0059940 secs] [Times: user=0.02 sys=0.00, real=0.01 secs] 
33167.248: [GC 33167.248: [ParNew: 210507K->935K(235968K), 0.0077180 secs] 672854K->463318K(1546688K), 0.0079960 secs] [Times: user=0.02 sys=0.00, real=0.01 secs] 
33171.925: [GC 33171.925: [ParNew: 210727K->705K(235968K), 0.0077920 secs] 673110K->463164K(1546688K), 0.0079680 secs] [Times: user=0.02 sys=0.00, real=0.00 secs] 
33187.164: [GC 33187.164: [ParNew: 210380K->832K(235968K), 0.0047340 secs] 672839K->463336K(1546688K), 0.0049480 secs] [Times: user=0.02 sys=0.00, real=0.00 secs] 
33202.053: [GC 33202.054: [ParNew: 210624K->1147K(235968K), 0.0054120 secs] 673128K->463696K(1546688K), 0.0057160 secs] [Times: user=0.02 sys=0.00, real=0.00 secs] 
33209.370: [GC 33209.370: [ParNew: 210938K->779K(235968K), 0.0041810 secs] 673488K->463378K(1546688K), 0.0043880 secs] [Times: user=0.02 sys=0.00, real=0.00 secs] 
33228.477: [GC 33228.477: [ParNew: 210571K->962K(235968K), 0.0054560 secs] 673170K->463603K(1546688K), 0.0056760 secs] [Times: user=0.02 sys=0.00, real=0.00 secs] 
33234.089: [GC 33234.089: [ParNew: 210754K->738K(235968K), 0.0054250 secs] 673395K->463434K(1546688K), 0.0056010 secs] [Times: user=0.02 sys=0.00, real=0.00 secs] 
33255.578: [GC 33255.578: [ParNew: 210517K->884K(235968K), 0.0045150 secs] 673212K->463646K(1546688K), 0.0047890 secs] [Times: user=0.02 sys=0.00, real=0.01 secs] 
33262.775: [GC 33262.775: [ParNew: 210676K->858K(235968K), 0.0060040 secs] 673437K->463663K(1546688K), 0.0062600 secs] [Times: user=0.02 sys=0.00, real=0.01 secs] 
33269.421: [GC 33269.421: [ParNew: 210635K->909K(235968K), 0.0097940 secs] 673440K->463764K(1546688K), 0.0100510 secs] [Times: user=0.02 sys=0.00, real=0.01 secs] 
33290.573: [GC 33290.573: [ParNew: 210607K->984K(235968K), 0.0063450 secs] 673462K->463887K(1546688K), 0.0065560 secs] [Times: user=0.02 sys=0.00, real=0.01 secs] 
33300.256: [GC 33300.257: [ParNew: 210776K->1022K(235968K), 0.0059330 secs] 673679K->464085K(1546688K), 0.0061430 secs] [Times: user=0.03 sys=0.00, real=0.00 secs] 
33316.062: [GC 33316.063: [ParNew: 210814K->647K(235968K), 0.0051230 secs] 673877K->463752K(1546688K), 0.0054130 secs] [Times: user=0.02 sys=0.00, real=0.00 secs] 
33326.365: [GC 33326.365: [ParNew: 210430K->1057K(235968K), 0.0045990 secs] 673536K->464207K(1546688K), 0.0048760 secs] [Times: user=0.02 sys=0.00, real=0.00 secs] 
33347.262: [GC 33347.262: [ParNew: 210849K->1425K(235968K), 0.0048050 secs] 673999K->464604K(1546688K), 0.0050660 secs] [Times: user=0.02 sys=0.00, real=0.01 secs] 
33351.927: [GC 33351.927: [ParNew: 211128K->1000K(235968K), 0.0070860 secs] 674308K->464226K(1546688K), 0.0073540 secs] [Times: user=0.02 sys=0.00, real=0.00 secs] 
33367.170: [GC 33367.171: [ParNew: 210733K->705K(235968K), 0.0225320 secs] 673959K->464001K(1546688K), 0.0227590 secs] [Times: user=0.05 sys=0.00, real=0.02 secs] 
33381.450: [GC 33381.450: [ParNew: 210479K->542K(235968K), 0.0156630 secs] 673774K->463881K(1546688K), 0.0159610 secs] [Times: user=0.03 sys=0.00, real=0.02 secs] 
33388.321: [GC 33388.321: [ParNew: 210288K->664K(235968K), 0.0069970 secs] 673628K->464047K(1546688K), 0.0072370 secs] [Times: user=0.02 sys=0.00, real=0.00 secs] 
33407.297: [GC 33407.297: [ParNew: 210456K->908K(235968K), 0.0071560 secs] 673839K->464331K(1546688K), 0.0074260 secs] [Times: user=0.03 sys=0.00, real=0.01 secs] 
33411.979: [GC 33411.979: [ParNew: 210700K->885K(235968K), 0.0052180 secs] 674123K->464430K(1546688K), 0.0054860 secs] [Times: user=0.02 sys=0.00, real=0.00 secs] 
33427.214: [GC 33427.214: [ParNew: 210677K->1062K(235968K), 0.0064930 secs] 674222K->464656K(1546688K), 0.0066730 secs] [Times: user=0.02 sys=0.00, real=0.01 secs] 
33442.081: [GC 33442.081: [ParNew: 210854K->973K(235968K), 0.0050950 secs] 674448K->464635K(1546688K), 0.0053490 secs] [Times: user=0.02 sys=0.00, real=0.01 secs] 
33448.362: [GC 33448.362: [ParNew: 210699K->799K(235968K), 0.0064930 secs] 674362K->464510K(1546688K), 0.0067470 secs] [Times: user=0.02 sys=0.00, real=0.00 secs] 
33468.514: [GC 33468.515: [ParNew: 210591K->1022K(235968K), 0.0053660 secs] 674302K->464782K(1546688K), 0.0055710 secs] [Times: user=0.02 sys=0.00, real=0.01 secs] 
33474.126: [GC 33474.126: [ParNew: 210810K->1201K(235968K), 0.0042850 secs] 674570K->465012K(1546688K), 0.0044810 secs] [Times: user=0.03 sys=0.00, real=0.01 secs] 
33495.620: [GC 33495.620: [ParNew: 210993K->611K(235968K), 0.0043720 secs] 674804K->464466K(1546688K), 0.0045800 secs] [Times: user=0.02 sys=0.00, real=0.01 secs] 
33502.825: [GC 33502.825: [ParNew: 210388K->1078K(235968K), 0.0066960 secs] 674243K->464974K(1546688K), 0.0068970 secs] [Times: user=0.02 sys=0.00, real=0.00 secs] 
33509.475: [GC 33509.475: [ParNew: 210870K->849K(235968K), 0.0079830 secs] 674766K->464798K(1546688K), 0.0081830 secs] [Times: user=0.02 sys=0.00, real=0.01 secs] 
33530.615: [GC 33530.615: [ParNew: 210636K->615K(235968K), 0.0058400 secs] 674585K->464616K(1546688K), 0.0060540 secs] [Times: user=0.02 sys=0.00, real=0.01 secs] 
33540.310: [GC 33540.310: [ParNew: 210407K->1080K(235968K), 0.0053640 secs] 674408K->465159K(1546688K), 0.0055650 secs] [Times: user=0.02 sys=0.00, real=0.00 secs] 
33556.109: [GC 33556.109: [ParNew: 210835K->808K(235968K), 0.0042600 secs] 674914K->464923K(1546688K), 0.0044670 secs] [Times: user=0.02 sys=0.00, real=0.00 secs] 
33566.395: [GC 33566.395: [ParNew: 210578K->708K(235968K), 0.0054680 secs] 674694K->464867K(1546688K), 0.0056780 secs] [Times: user=0.02 sys=0.00, real=0.00 secs] 
33587.292: [GC 33587.292: [ParNew: 210500K->1289K(235968K), 0.0046400 secs] 674659K->465487K(1546688K), 0.0048520 secs] [Times: user=0.02 sys=0.00, real=0.00 secs] 
33590.931: [GC 33590.932: [ParNew: 211081K->614K(235968K), 0.0075830 secs] 675279K->464893K(1546688K), 0.0077880 secs] [Times: user=0.02 sys=0.00, real=0.01 secs] 
33607.213: [GC 33607.213: [ParNew: 210406K->1014K(235968K), 0.0053230 secs] 674685K->465363K(1546688K), 0.0055320 secs] [Times: user=0.02 sys=0.01, real=0.01 secs] 
33621.497: [GC 33621.497: [ParNew: 210806K->1030K(235968K), 0.0136030 secs] 675155K->465428K(1546688K), 0.0138890 secs] [Times: user=0.02 sys=0.00, real=0.01 secs] 
33628.361: [GC 33628.361: [ParNew: 210822K->969K(235968K), 0.0150510 secs] 675220K->465423K(1546688K), 0.0153120 secs] [Times: user=0.02 sys=0.00, real=0.02 secs] 
33647.327: [GC 33647.327: [ParNew: 210761K->1506K(235968K), 0.0074390 secs] 675215K->465996K(1546688K), 0.0077120 secs] [Times: user=0.02 sys=0.00, real=0.01 secs] 
33652.024: [GC 33652.025: [ParNew: 211217K->945K(235968K), 0.0057420 secs] 675707K->465597K(1546688K), 0.0059900 secs] [Times: user=0.02 sys=0.00, real=0.01 secs] 
33667.263: [GC 33667.263: [ParNew: 210660K->780K(235968K), 0.0068590 secs] 675313K->465500K(1546688K), 0.0070920 secs] [Times: user=0.02 sys=0.00, real=0.01 secs] 
33682.122: [GC 33682.122: [ParNew: 210572K->770K(235968K), 0.0049180 secs] 675292K->465534K(1546688K), 0.0051650 secs] [Times: user=0.02 sys=0.01, real=0.01 secs] 
33689.478: [GC 33689.478: [ParNew: 210562K->1011K(235968K), 0.0076810 secs] 675326K->465819K(1546688K), 0.0079240 secs] [Times: user=0.03 sys=0.00, real=0.01 secs] 
33708.584: [GC 33708.584: [ParNew: 210803K->766K(235968K), 0.0046420 secs] 675611K->465610K(1546688K), 0.0048400 secs] [Times: user=0.02 sys=0.00, real=0.00 secs] 
33714.182: [GC 33714.182: [ParNew: 210558K->1024K(235968K), 0.0066980 secs] 675402K->465904K(1546688K), 0.0068820 secs] [Times: user=0.02 sys=0.00, real=0.00 secs] 
33735.691: [GC 33735.691: [ParNew: 210816K->890K(235968K), 0.0056500 secs] 675696K->465825K(1546688K), 0.0059090 secs] [Times: user=0.02 sys=0.00, real=0.01 secs] 
33742.885: [GC 33742.886: [ParNew: 210682K->964K(235968K), 0.0051980 secs] 675617K->465931K(1546688K), 0.0054620 secs] [Times: user=0.02 sys=0.00, real=0.00 secs] 
33767.027: [GC 33767.027: [ParNew: 210756K->556K(235968K), 0.0139420 secs] 675723K->465572K(1546688K), 0.0142190 secs] [Times: user=0.02 sys=0.00, real=0.02 secs] 
33770.671: [GC 33770.671: [ParNew: 210299K->544K(235968K), 0.0107040 secs] 675314K->465673K(1546688K), 0.0109220 secs] [Times: user=0.02 sys=0.00, real=0.01 secs] 
33780.375: [GC 33780.375: [ParNew: 210274K->619K(235968K), 0.0087630 secs] 675404K->465785K(1546688K), 0.0090030 secs] [Times: user=0.02 sys=0.00, real=0.01 secs] 
33796.204: [GC 33796.205: [ParNew: 210411K->768K(235968K), 0.0062100 secs] 675577K->465989K(1546688K), 0.0065220 secs] [Times: user=0.02 sys=0.00, real=0.01 secs] 
33806.441: [GC 33806.441: [ParNew: 210554K->704K(235968K), 0.0069720 secs] 675775K->465956K(1546688K), 0.0072420 secs] [Times: user=0.02 sys=0.00, real=0.01 secs] 
33827.335: [GC 33827.335: [ParNew: 210474K->1466K(235968K), 0.0042270 secs] 675726K->466766K(1546688K), 0.0044780 secs] [Times: user=0.02 sys=0.00, real=0.00 secs] 
33832.019: [GC 33832.019: [ParNew: 211258K->980K(235968K), 0.0043020 secs] 676558K->466330K(1546688K), 0.0045530 secs] [Times: user=0.02 sys=0.00, real=0.01 secs] 
33847.272: [GC 33847.273: [ParNew: 210772K->662K(235968K), 0.0037560 secs] 676122K->466048K(1546688K), 0.0040150 secs] [Times: user=0.02 sys=0.00, real=0.00 secs] 
33861.573: [GC 33861.574: [ParNew: 210454K->624K(235968K), 0.0279000 secs] 675840K->466054K(1546688K), 0.0282160 secs] [Times: user=0.03 sys=0.00, real=0.03 secs] 
33868.433: [GC 33868.433: [ParNew: 210388K->785K(235968K), 0.0118780 secs] 675818K->466297K(1546688K), 0.0121170 secs] [Times: user=0.04 sys=0.00, real=0.02 secs] 
33887.382: [GC 33887.382: [ParNew: 210496K->880K(235968K), 0.0045380 secs] 676009K->466439K(1546688K), 0.0047830 secs] [Times: user=0.03 sys=0.00, real=0.01 secs] 
33894.188: [GC 33894.188: [ParNew: 210631K->909K(235968K), 0.0052470 secs] 676190K->466531K(1546688K), 0.0054240 secs] [Times: user=0.02 sys=0.00, real=0.01 secs] 
33915.697: [GC 33915.697: [ParNew: 210680K->1310K(235968K), 0.0052930 secs] 676302K->466975K(1546688K), 0.0055450 secs] [Times: user=0.02 sys=0.00, real=0.01 secs] 
33922.169: [GC 33922.169: [ParNew: 211102K->829K(235968K), 0.0063810 secs] 676767K->466538K(1546688K), 0.0065730 secs] [Times: user=0.02 sys=0.00, real=0.00 secs] 
33929.541: [GC 33929.541: [ParNew: 210621K->871K(235968K), 0.0043340 secs] 676330K->466706K(1546688K), 0.0045450 secs] [Times: user=0.02 sys=0.01, real=0.01 secs] 
33948.642: [GC 33948.642: [ParNew: 210663K->622K(235968K), 0.0054000 secs] 676498K->466499K(1546688K), 0.0056150 secs] [Times: user=0.02 sys=0.00, real=0.01 secs] 
33954.243: [GC 33954.243: [ParNew: 210310K->692K(235968K), 0.0045040 secs] 676186K->466622K(1546688K), 0.0047110 secs] [Times: user=0.02 sys=0.00, real=0.00 secs] 
33976.199: [GC 33976.200: [ParNew: 210484K->557K(235968K), 0.0145980 secs] 676414K->466529K(1546688K), 0.0149180 secs] [Times: user=0.04 sys=0.00, real=0.01 secs] 
33982.949: [GC 33982.949: [ParNew: 210225K->1035K(235968K), 0.0057940 secs] 676197K->467050K(1546688K), 0.0060430 secs] [Times: user=0.01 sys=0.00, real=0.00 secs] 
34007.342: [GC 34007.342: [ParNew: 210792K->930K(235968K), 0.0052230 secs] 676808K->467009K(1546688K), 0.0054980 secs] [Times: user=0.02 sys=0.00, real=0.01 secs] 
34010.731: [GC 34010.732: [ParNew: 210722K->695K(235968K), 0.0064770 secs] 676801K->466821K(1546688K), 0.0066580 secs] [Times: user=0.02 sys=0.00, real=0.01 secs] 
34020.447: [GC 34020.448: [ParNew: 210469K->839K(235968K), 0.0055040 secs] 676595K->467009K(1546688K), 0.0057140 secs] [Times: user=0.02 sys=0.00, real=0.01 secs] 
34036.279: [GC 34036.279: [ParNew: 210554K->663K(235968K), 0.0061820 secs] 676723K->466881K(1546688K), 0.0064130 secs] [Times: user=0.02 sys=0.00, real=0.00 secs] 
34046.486: [GC 34046.486: [ParNew: 210455K->988K(235968K), 0.0053550 secs] 676673K->467250K(1546688K), 0.0056100 secs] [Times: user=0.02 sys=0.00, real=0.01 secs] 
34067.386: [GC 34067.386: [ParNew: 210780K->1128K(235968K), 0.0059500 secs] 677042K->467432K(1546688K), 0.0062060 secs] [Times: user=0.02 sys=0.00, real=0.00 secs] 
34072.077: [GC 34072.078: [ParNew: 210920K->713K(235968K), 0.0058370 secs] 677224K->467053K(1546688K), 0.0060170 secs] [Times: user=0.02 sys=0.00, real=0.01 secs] 
34087.330: [GC 34087.330: [ParNew: 210454K->798K(235968K), 0.0062670 secs] 676794K->467185K(1546688K), 0.0065520 secs] [Times: user=0.02 sys=0.00, real=0.01 secs] 
34102.165: [GC 34102.165: [ParNew: 210590K->803K(235968K), 0.0045450 secs] 676977K->467311K(1546688K), 0.0048220 secs] [Times: user=0.02 sys=0.00, real=0.01 secs] 
34108.476: [GC 34108.476: [ParNew: 210595K->813K(235968K), 0.0177880 secs] 677103K->467381K(1546688K), 0.0179770 secs] [Times: user=0.03 sys=0.00, real=0.02 secs] 
34128.647: [GC 34128.648: [ParNew: 210605K->718K(235968K), 0.0055850 secs] 677173K->467335K(1546688K), 0.0057910 secs] [Times: user=0.02 sys=0.00, real=0.00 secs] 
34134.250: [GC 34134.250: [ParNew: 210510K->740K(235968K), 0.0057450 secs] 677127K->467421K(1546688K), 0.0059580 secs] [Times: user=0.02 sys=0.00, real=0.01 secs] 
34155.759: [GC 34155.759: [ParNew: 210532K->913K(235968K), 0.0055480 secs] 677213K->467638K(1546688K), 0.0058380 secs] [Times: user=0.02 sys=0.00, real=0.01 secs] 
34162.960: [GC 34162.961: [ParNew: 210705K->1171K(235968K), 0.0059130 secs] 677430K->467934K(1546688K), 0.0061640 secs] [Times: user=0.02 sys=0.01, real=0.00 secs] 
34169.608: [GC 34169.608: [ParNew: 210963K->936K(235968K), 0.0059800 secs] 677726K->467748K(1546688K), 0.0062290 secs] [Times: user=0.02 sys=0.00, real=0.01 secs] 
34190.736: [GC 34190.736: [ParNew: 210688K->1009K(235968K), 0.0056230 secs] 677500K->467870K(1546688K), 0.0058740 secs] [Times: user=0.02 sys=0.00, real=0.00 secs] 
34200.461: [GC 34200.461: [ParNew: 210773K->669K(235968K), 0.0042300 secs] 677634K->467613K(1546688K), 0.0044880 secs] [Times: user=0.03 sys=0.00, real=0.01 secs] 
34216.282: [GC 34216.282: [ParNew: 210461K->947K(235968K), 0.0147870 secs] 677405K->467928K(1546688K), 0.0149770 secs] [Times: user=0.02 sys=0.00, real=0.01 secs] 
34226.488: [GC 34226.489: [ParNew: 210739K->904K(235968K), 0.0047840 secs] 677720K->467923K(1546688K), 0.0050040 secs] [Times: user=0.02 sys=0.00, real=0.01 secs] 
34247.397: [GC 34247.397: [ParNew: 210650K->518K(235968K), 0.0037340 secs] 677669K->467579K(1546688K), 0.0039700 secs] [Times: user=0.02 sys=0.01, real=0.00 secs] 
34252.089: [GC 34252.090: [ParNew: 210293K->850K(235968K), 0.0130410 secs] 677355K->467960K(1546688K), 0.0132200 secs] [Times: user=0.04 sys=0.00, real=0.01 secs] 
34267.340: [GC 34267.340: [ParNew: 210642K->1180K(235968K), 0.0036920 secs] 677752K->468344K(1546688K), 0.0039390 secs] [Times: user=0.03 sys=0.00, real=0.01 secs] 
34281.620: [GC 34281.620: [ParNew: 210969K->994K(235968K), 0.0032840 secs] 678133K->468201K(1546688K), 0.0035690 secs] [Times: user=0.02 sys=0.00, real=0.01 secs] 
34288.468: [GC 34288.468: [ParNew: 210786K->705K(235968K), 0.0035060 secs] 677993K->467967K(1546688K), 0.0037400 secs] [Times: user=0.03 sys=0.00, real=0.01 secs] 
34307.459: [GC 34307.459: [ParNew: 210483K->764K(235968K), 0.0033890 secs] 677745K->468067K(1546688K), 0.0036650 secs] [Times: user=0.02 sys=0.00, real=0.00 secs] 
34314.264: [GC 34314.264: [ParNew: 210549K->519K(235968K), 0.0033820 secs] 677852K->467868K(1546688K), 0.0036270 secs] [Times: user=0.02 sys=0.01, real=0.01 secs] 
34335.775: [GC 34335.775: [ParNew: 210311K->767K(235968K), 0.0035720 secs] 677660K->468159K(1546688K), 0.0038290 secs] [Times: user=0.02 sys=0.00, real=0.00 secs] 
34342.221: [GC 34342.221: [ParNew: 210558K->886K(235968K), 0.0035290 secs] 677950K->468321K(1546688K), 0.0037830 secs] [Times: user=0.03 sys=0.00, real=0.00 secs] 
34349.625: [GC 34349.626: [ParNew: 210605K->916K(235968K), 0.0033010 secs] 678040K->468383K(1546688K), 0.0035550 secs] [Times: user=0.02 sys=0.00, real=0.00 secs] 
34368.721: [GC 34368.721: [ParNew: 210687K->856K(235968K), 0.0035940 secs] 678154K->468364K(1546688K), 0.0038490 secs] [Times: user=0.03 sys=0.00, real=0.00 secs] 
34374.317: [GC 34374.317: [ParNew: 210636K->640K(235968K), 0.0036630 secs] 678144K->468218K(1546688K), 0.0039080 secs] [Times: user=0.02 sys=0.00, real=0.00 secs] 
34396.297: [GC 34396.297: [ParNew: 210432K->371K(235968K), 0.0152560 secs] 678010K->468001K(1546688K), 0.0155380 secs] [Times: user=0.03 sys=0.00, real=0.02 secs] 
34403.033: [GC 34403.033: [ParNew: 210112K->478K(235968K), 0.0086910 secs] 677742K->468151K(1546688K), 0.0089840 secs] [Times: user=0.03 sys=0.00, real=0.01 secs] 
34427.403: [GC 34427.403: [ParNew: 210270K->517K(235968K), 0.0064910 secs] 677943K->468226K(1546688K), 0.0066960 secs] [Times: user=0.02 sys=0.01, real=0.01 secs] 
34430.804: [GC 34430.804: [ParNew: 210295K->952K(235968K), 0.0050620 secs] 678005K->468697K(1546688K), 0.0052890 secs] [Times: user=0.02 sys=0.00, real=0.01 secs] 
34440.535: [GC 34440.535: [ParNew: 210722K->802K(235968K), 0.0041720 secs] 678467K->468596K(1546688K), 0.0044310 secs] [Times: user=0.02 sys=0.00, real=0.01 secs] 
34456.364: [GC 34456.364: [ParNew: 210594K->742K(235968K), 0.0044360 secs] 678388K->468580K(1546688K), 0.0046430 secs] [Times: user=0.02 sys=0.00, real=0.00 secs] 
34466.554: [GC 34466.554: [ParNew: 210532K->879K(235968K), 0.0042830 secs] 678369K->468772K(1546688K), 0.0045410 secs] [Times: user=0.03 sys=0.00, real=0.00 secs] 
34487.467: [GC 34487.467: [ParNew: 210554K->955K(235968K), 0.0054230 secs] 678448K->468885K(1546688K), 0.0056750 secs] [Times: user=0.02 sys=0.00, real=0.01 secs] 
34492.160: [GC 34492.160: [ParNew: 210747K->908K(235968K), 0.0039810 secs] 678677K->468873K(1546688K), 0.0042380 secs] [Times: user=0.02 sys=0.00, real=0.00 secs] 
34507.415: [GC 34507.416: [ParNew: 210594K->1039K(235968K), 0.0038650 secs] 678559K->469068K(1546688K), 0.0041160 secs] [Times: user=0.02 sys=0.00, real=0.00 secs] 
34522.225: [GC 34522.226: [ParNew: 210831K->825K(235968K), 0.0037330 secs] 678860K->468892K(1546688K), 0.0039910 secs] [Times: user=0.02 sys=0.00, real=0.00 secs] 
34529.645: [GC 34529.645: [ParNew: 210617K->930K(235968K), 0.0056900 secs] 678684K->469057K(1546688K), 0.0058850 secs] [Times: user=0.03 sys=0.00, real=0.00 secs] 
34548.728: [GC 34548.728: [ParNew: 210722K->930K(235968K), 0.0042540 secs] 678849K->469099K(1546688K), 0.0045410 secs] [Times: user=0.02 sys=0.00, real=0.01 secs] 
34554.334: [GC 34554.334: [ParNew: 210680K->933K(235968K), 0.0046870 secs] 678849K->469153K(1546688K), 0.0048860 secs] [Times: user=0.02 sys=0.00, real=0.01 secs] 
34575.963: [GC 34575.963: [ParNew: 210725K->548K(235968K), 0.0036280 secs] 678945K->468812K(1546688K), 0.0038390 secs] [Times: user=0.02 sys=0.00, real=0.01 secs] 
34583.046: [GC 34583.046: [ParNew: 210340K->1251K(235968K), 0.0045280 secs] 678604K->469559K(1546688K), 0.0047300 secs] [Times: user=0.03 sys=0.00, real=0.00 secs] 
34591.467: [GC 34591.467: [ParNew: 211043K->637K(235968K), 0.0062180 secs] 679351K->468994K(1546688K), 0.0064380 secs] [Times: user=0.02 sys=0.00, real=0.01 secs] 
34610.818: [GC 34610.818: [ParNew: 210429K->841K(235968K), 0.0038570 secs] 678786K->469246K(1546688K), 0.0041130 secs] [Times: user=0.02 sys=0.00, real=0.01 secs] 
34620.553: [GC 34620.553: [ParNew: 210633K->523K(235968K), 0.0085830 secs] 679038K->468976K(1546688K), 0.0088290 secs] [Times: user=0.02 sys=0.00, real=0.01 secs] 
34636.385: [GC 34636.385: [ParNew: 210249K->840K(235968K), 0.0052970 secs] 678702K->469337K(1546688K), 0.0055690 secs] [Times: user=0.02 sys=0.00, real=0.00 secs] 
34646.560: [GC 34646.560: [ParNew: 210632K->765K(235968K), 0.0069620 secs] 679129K->469293K(1546688K), 0.0072380 secs] [Times: user=0.02 sys=0.00, real=0.01 secs] 
34667.480: [GC 34667.480: [ParNew: 210499K->792K(235968K), 0.0077840 secs] 679026K->469368K(1546688K), 0.0080600 secs] [Times: user=0.02 sys=0.01, real=0.01 secs] 
34672.174: [GC 34672.175: [ParNew: 210584K->980K(235968K), 0.0046250 secs] 679160K->469606K(1546688K), 0.0048900 secs] [Times: user=0.02 sys=0.00, real=0.01 secs] 
34687.548: [GC 34687.548: [ParNew: 210772K->1053K(235968K), 0.0067990 secs] 679398K->469742K(1546688K), 0.0069790 secs] [Times: user=0.02 sys=0.00, real=0.00 secs] 
34701.682: [GC 34701.682: [ParNew: 210845K->672K(235968K), 0.0076890 secs] 679534K->469406K(1546688K), 0.0078860 secs] [Times: user=0.02 sys=0.00, real=0.01 secs] 
34708.529: [GC 34708.529: [ParNew: 210464K->1069K(235968K), 0.0055030 secs] 679198K->469838K(1546688K), 0.0057420 secs] [Times: user=0.02 sys=0.00, real=0.01 secs] 
34727.528: [GC 34727.528: [ParNew: 210861K->736K(235968K), 0.0064380 secs] 679630K->469559K(1546688K), 0.0067490 secs] [Times: user=0.02 sys=0.00, real=0.01 secs] 
34734.342: [GC 34734.342: [ParNew: 210528K->889K(235968K), 0.0051970 secs] 679351K->469763K(1546688K), 0.0054810 secs] [Times: user=0.03 sys=0.00, real=0.00 secs] 
34755.976: [GC 34755.976: [ParNew: 210681K->1176K(235968K), 0.0070720 secs] 679555K->470096K(1546688K), 0.0073540 secs] [Times: user=0.02 sys=0.00, real=0.00 secs] 
34762.275: [GC 34762.276: [ParNew: 210968K->589K(235968K), 0.0060300 secs] 679888K->469648K(1546688K), 0.0062830 secs] [Times: user=0.02 sys=0.01, real=0.00 secs] 
34769.718: [GC 34769.718: [ParNew: 210381K->844K(235968K), 0.0046170 secs] 679440K->469933K(1546688K), 0.0048600 secs] [Times: user=0.02 sys=0.01, real=0.00 secs] 
34787.512: [GC 34787.512: [ParNew: 210636K->910K(235968K), 0.0077620 secs] 679725K->470070K(1546688K), 0.0080380 secs] [Times: user=0.02 sys=0.00, real=0.00 secs] 
34792.207: [GC 34792.207: [ParNew: 210702K->892K(235968K), 0.0071830 secs] 679862K->470112K(1546688K), 0.0074020 secs] [Times: user=0.02 sys=0.00, real=0.01 secs] 
34807.582: [GC 34807.582: [ParNew: 210639K->795K(235968K), 0.0045270 secs] 679859K->470076K(1546688K), 0.0048300 secs] [Times: user=0.02 sys=0.00, real=0.00 secs] 
34822.256: [GC 34822.256: [ParNew: 210587K->851K(235968K), 0.0066890 secs] 679868K->470193K(1546688K), 0.0069410 secs] [Times: user=0.02 sys=0.01, real=0.00 secs] 
34828.563: [GC 34828.563: [ParNew: 210631K->675K(235968K), 0.0099810 secs] 679974K->470087K(1546688K), 0.0102620 secs] [Times: user=0.02 sys=0.00, real=0.01 secs] 
34848.777: [GC 34848.778: [ParNew: 210429K->991K(235968K), 0.0057070 secs] 679841K->470459K(1546688K), 0.0059420 secs] [Times: user=0.02 sys=0.00, real=0.01 secs] 
34854.374: [GC 34854.374: [ParNew: 210783K->1000K(235968K), 0.0054350 secs] 680251K->470521K(1546688K), 0.0056800 secs] [Times: user=0.02 sys=0.00, real=0.00 secs] 
34876.009: [GC 34876.009: [ParNew: 210792K->868K(235968K), 0.0053830 secs] 680313K->470422K(1546688K), 0.0056300 secs] [Times: user=0.02 sys=0.00, real=0.00 secs] 
34883.093: [GC 34883.093: [ParNew: 210540K->1268K(235968K), 0.0056020 secs] 680095K->470866K(1546688K), 0.0058300 secs] [Times: user=0.02 sys=0.00, real=0.01 secs] 
34889.752: [GC 34889.752: [ParNew: 211050K->886K(235968K), 0.0072680 secs] 680648K->470538K(1546688K), 0.0075200 secs] [Times: user=0.01 sys=0.00, real=0.01 secs] 
34910.860: [GC 34910.861: [ParNew: 210618K->759K(235968K), 0.0084090 secs] 680270K->470482K(1546688K), 0.0086950 secs] [Times: user=0.02 sys=0.00, real=0.01 secs] 
34920.610: [GC 34920.611: [ParNew: 210551K->750K(235968K), 0.0053370 secs] 680274K->470524K(1546688K), 0.0056050 secs] [Times: user=0.03 sys=0.00, real=0.00 secs] 
34936.439: [GC 34936.440: [ParNew: 210488K->678K(235968K), 0.0138460 secs] 680261K->470482K(1546688K), 0.0142260 secs] [Times: user=0.02 sys=0.00, real=0.01 secs] 
34944.991: [GC 34944.992: [ParNew: 210470K->538K(235968K), 0.0055740 secs] 680274K->470386K(1546688K), 0.0058110 secs] [Times: user=0.02 sys=0.00, real=0.01 secs] 
34967.487: [GC 34967.487: [ParNew: 210330K->655K(235968K), 0.0056750 secs] 680178K->470544K(1546688K), 0.0058790 secs] [Times: user=0.02 sys=0.00, real=0.01 secs] 
34972.217: [GC 34972.217: [ParNew: 210447K->763K(235968K), 0.0087260 secs] 680336K->470707K(1546688K), 0.0089400 secs] [Times: user=0.02 sys=0.00, real=0.01 secs] 
34987.587: [GC 34987.587: [ParNew: 210442K->1146K(235968K), 0.0079740 secs] 680386K->471149K(1546688K), 0.0081790 secs] [Times: user=0.03 sys=0.00, real=0.01 secs] 
35001.707: [GC 35001.708: [ParNew: 210925K->1060K(235968K), 0.0063320 secs] 680928K->471098K(1546688K), 0.0065410 secs] [Times: user=0.02 sys=0.00, real=0.00 secs] 
35008.560: [GC 35008.560: [ParNew: 210852K->1141K(235968K), 0.0109030 secs] 680890K->471234K(1546688K), 0.0111910 secs] [Times: user=0.02 sys=0.00, real=0.01 secs] 
35027.569: [GC 35027.569: [ParNew: 210897K->1725K(235968K), 0.0061100 secs] 680990K->471859K(1546688K), 0.0064000 secs] [Times: user=0.03 sys=0.01, real=0.01 secs] 
35032.266: [GC 35032.266: [ParNew: 211517K->1405K(235968K), 0.0070210 secs] 681651K->471665K(1546688K), 0.0073220 secs] [Times: user=0.03 sys=0.00, real=0.01 secs] 
35047.644: [GC 35047.644: [ParNew: 211197K->1161K(235968K), 0.0078430 secs] 681457K->471553K(1546688K), 0.0083810 secs] [Times: user=0.02 sys=0.00, real=0.01 secs] 
35062.314: [GC 35062.314: [ParNew: 210953K->1753K(235968K), 0.0062840 secs] 681345K->472205K(1546688K), 0.0065740 secs] [Times: user=0.02 sys=0.00, real=0.01 secs] 
35069.763: [GC 35069.763: [ParNew: 211460K->1594K(235968K), 0.0136420 secs] 681912K->472389K(1546688K), 0.0139270 secs] [Times: user=0.03 sys=0.00, real=0.02 secs] 
35088.840: [GC 35088.840: [ParNew: 211349K->1846K(235968K), 0.0075890 secs] 682144K->472704K(1546688K), 0.0078040 secs] [Times: user=0.03 sys=0.01, real=0.01 secs] 
35094.434: [GC 35094.434: [ParNew: 211638K->1278K(235968K), 0.0080580 secs] 682496K->472262K(1546688K), 0.0082440 secs] [Times: user=0.03 sys=0.00, real=0.00 secs] 
35116.067: [GC 35116.067: [ParNew: 211070K->1504K(235968K), 0.0076180 secs] 682054K->472637K(1546688K), 0.0078860 secs] [Times: user=0.03 sys=0.00, real=0.01 secs] 
35123.276: [GC 35123.277: [ParNew: 211293K->1410K(235968K), 0.0060400 secs] 682426K->472636K(1546688K), 0.0063160 secs] [Times: user=0.03 sys=0.01, real=0.01 secs] 
35136.433: [GC 35136.433: [ParNew: 211202K->1031K(235968K), 0.0061180 secs] 682428K->472369K(1546688K), 0.0064130 secs] [Times: user=0.03 sys=0.00, real=0.01 secs] 
35150.914: [GC 35150.914: [ParNew: 210809K->996K(235968K), 0.0082830 secs] 682147K->472388K(1546688K), 0.0084650 secs] [Times: user=0.02 sys=0.00, real=0.00 secs] 
35160.668: [GC 35160.668: [ParNew: 210788K->1454K(235968K), 0.0091910 secs] 682180K->473087K(1546688K), 0.0094050 secs] [Times: user=0.02 sys=0.01, real=0.01 secs] 
35176.501: [GC 35176.501: [ParNew: 211246K->957K(235968K), 0.0119510 secs] 682879K->472679K(1546688K), 0.0122540 secs] [Times: user=0.04 sys=0.00, real=0.01 secs] 
35186.670: [GC 35186.670: [ParNew: 210749K->1080K(235968K), 0.0076200 secs] 682471K->472950K(1546688K), 0.0078970 secs] [Times: user=0.02 sys=0.00, real=0.00 secs] 
35207.523: [GC 35207.527: [ParNew: 210872K->1331K(235968K), 0.0068770 secs] 682742K->473306K(1546688K), 0.0071780 secs] [Times: user=0.02 sys=0.00, real=0.01 secs] 
35212.264: [GC 35212.264: [ParNew: 211123K->1143K(235968K), 0.0084110 secs] 683098K->473219K(1546688K), 0.0086800 secs] [Times: user=0.03 sys=0.00, real=0.00 secs] 
35227.638: [GC 35227.638: [ParNew: 210935K->932K(235968K), 0.0087470 secs] 683011K->473107K(1546688K), 0.0089650 secs] [Times: user=0.02 sys=0.00, real=0.01 secs] 
35241.747: [GC 35241.747: [ParNew: 210718K->1090K(235968K), 0.0067480 secs] 682894K->473401K(1546688K), 0.0069300 secs] [Times: user=0.02 sys=0.00, real=0.01 secs] 
35248.591: [GC 35248.592: [ParNew: 210882K->1352K(235968K), 0.0103750 secs] 683193K->473811K(1546688K), 0.0106450 secs] [Times: user=0.02 sys=0.00, real=0.01 secs] 
35267.610: [GC 35267.610: [ParNew: 211058K->1391K(235968K), 0.0069880 secs] 683517K->473901K(1546688K), 0.0072720 secs] [Times: user=0.02 sys=0.00, real=0.01 secs] 
35272.285: [GC 35272.285: [ParNew: 211183K->2649K(235968K), 0.0089260 secs] 683693K->475266K(1546688K), 0.0091040 secs] [Times: user=0.03 sys=0.00, real=0.00 secs] 
35287.657: [GC 35287.658: [ParNew: 212441K->2408K(235968K), 0.0061660 secs] 685058K->475150K(1546688K), 0.0064380 secs] [Times: user=0.03 sys=0.01, real=0.01 secs] 
35301.753: [GC 35301.753: [ParNew: 212200K->2883K(235968K), 0.0085350 secs] 684942K->475694K(1546688K), 0.0087260 secs] [Times: user=0.03 sys=0.00, real=0.01 secs] 
35308.594: [GC 35308.594: [ParNew: 212675K->1976K(235968K), 0.0172120 secs] 685486K->475147K(1546688K), 0.0174950 secs] [Times: user=0.04 sys=0.00, real=0.02 secs] 
35327.623: [GC 35327.623: [ParNew: 211768K->1355K(235968K), 0.0178710 secs] 684939K->475299K(1546688K), 0.0181550 secs] [Times: user=0.04 sys=0.00, real=0.02 secs] 
35332.316: [GC 35332.317: [ParNew: 211147K->1180K(235968K), 0.0071990 secs] 685091K->475244K(1546688K), 0.0074840 secs] [Times: user=0.02 sys=0.01, real=0.00 secs] 
35347.682: [GC 35347.682: [ParNew: 210963K->1071K(235968K), 0.0086870 secs] 685027K->475274K(1546688K), 0.0089390 secs] [Times: user=0.02 sys=0.00, real=0.01 secs] 
35361.770: [GC 35361.771: [ParNew: 210863K->1324K(235968K), 0.0061960 secs] 685066K->475629K(1546688K), 0.0064650 secs] [Times: user=0.02 sys=0.00, real=0.01 secs] 
35368.610: [GC 35368.610: [ParNew: 211109K->1432K(235968K), 0.0173010 secs] 685414K->475850K(1546688K), 0.0176090 secs] [Times: user=0.03 sys=0.00, real=0.01 secs] 
35387.651: [GC 35387.651: [ParNew: 211168K->1378K(235968K), 0.0082420 secs] 685586K->475851K(1546688K), 0.0084520 secs] [Times: user=0.02 sys=0.00, real=0.01 secs] 
35394.455: [GC 35394.455: [ParNew: 211170K->1197K(235968K), 0.0058530 secs] 685643K->475745K(1546688K), 0.0060590 secs] [Times: user=0.02 sys=0.00, real=0.01 secs] 
35416.094: [GC 35416.094: [ParNew: 210988K->1409K(235968K), 0.0108950 secs] 685537K->476188K(1546688K), 0.0111060 secs] [Times: user=0.03 sys=0.00, real=0.01 secs] 
35422.362: [GC 35422.362: [ParNew: 211201K->1675K(235968K), 0.0062660 secs] 685980K->476536K(1546688K), 0.0064780 secs] [Times: user=0.03 sys=0.01, real=0.00 secs] 
35429.841: [GC 35429.842: [ParNew: 211467K->1674K(235968K), 0.0080190 secs] 686328K->476732K(1546688K), 0.0082250 secs] [Times: user=0.02 sys=0.00, real=0.00 secs] 
35448.914: [GC 35448.915: [ParNew: 211466K->1718K(235968K), 0.0079890 secs] 686524K->476841K(1546688K), 0.0081920 secs] [Times: user=0.03 sys=0.00, real=0.01 secs] 
35454.500: [GC 35454.500: [ParNew: 211509K->1115K(235968K), 0.0078530 secs] 686633K->476496K(1546688K), 0.0080520 secs] [Times: user=0.03 sys=0.00, real=0.01 secs] 
35476.143: [GC 35476.143: [ParNew: 210816K->1342K(235968K), 0.0058510 secs] 686197K->476790K(1546688K), 0.0060590 secs] [Times: user=0.02 sys=0.01, real=0.00 secs] 
35483.353: [GC 35483.354: [ParNew: 211134K->1255K(235968K), 0.0060300 secs] 686582K->476763K(1546688K), 0.0062370 secs] [Times: user=0.03 sys=0.00, real=0.00 secs] 
35507.528: [GC 35507.528: [ParNew: 211037K->1437K(235968K), 0.0073110 secs] 686545K->477108K(1546688K), 0.0075180 secs] [Times: user=0.04 sys=0.00, real=0.00 secs] 
35510.985: [GC 35510.985: [ParNew: 211229K->1533K(235968K), 0.0111130 secs] 686900K->477300K(1546688K), 0.0113130 secs] [Times: user=0.02 sys=0.00, real=0.01 secs] 
35520.749: [GC 35520.749: [ParNew: 211325K->1400K(235968K), 0.0110610 secs] 687092K->477359K(1546688K), 0.0112620 secs] [Times: user=0.03 sys=0.00, real=0.01 secs] 
35536.549: [GC 35536.549: [ParNew: 211192K->1998K(235968K), 0.0061920 secs] 687151K->478062K(1546688K), 0.0064530 secs] [Times: user=0.03 sys=0.00, real=0.01 secs] 
35544.653: [GC 35544.653: [ParNew: 211790K->1326K(235968K), 0.0075740 secs] 687854K->477624K(1546688K), 0.0078560 secs] [Times: user=0.03 sys=0.00, real=0.00 secs] 
35567.563: [GC 35567.563: [ParNew: 211118K->1713K(235968K), 0.0066270 secs] 687416K->478117K(1546688K), 0.0068540 secs] [Times: user=0.03 sys=0.00, real=0.01 secs] 
35572.328: [GC 35572.328: [ParNew: 211495K->1086K(235968K), 0.0086880 secs] 687900K->477626K(1546688K), 0.0088930 secs] [Times: user=0.02 sys=0.00, real=0.00 secs] 
35587.709: [GC 35587.709: [ParNew: 210863K->1376K(235968K), 0.0080940 secs] 687403K->478077K(1546688K), 0.0083360 secs] [Times: user=0.03 sys=0.00, real=0.01 secs] 
35601.798: [GC 35601.798: [ParNew: 211168K->1724K(235968K), 0.0061110 secs] 687869K->478552K(1546688K), 0.0063700 secs] [Times: user=0.03 sys=0.00, real=0.01 secs] 
35608.637: [GC 35608.637: [ParNew: 211516K->1162K(235968K), 0.0062800 secs] 688344K->478162K(1546688K), 0.0065820 secs] [Times: user=0.03 sys=0.00, real=0.01 secs] 
35627.796: [GC 35627.796: [ParNew: 210954K->1668K(235968K), 0.0078680 secs] 687954K->478706K(1546688K), 0.0081200 secs] [Times: user=0.03 sys=0.00, real=0.01 secs] 
35632.390: [GC 35632.391: [ParNew: 211460K->1264K(235968K), 0.0096990 secs] 688498K->478594K(1546688K), 0.0099720 secs] [Times: user=0.03 sys=0.00, real=0.01 secs] 
35648.708: [GC 35648.708: [ParNew: 211056K->1053K(235968K), 0.0059110 secs] 688386K->478511K(1546688K), 0.0061820 secs] [Times: user=0.03 sys=0.00, real=0.00 secs] 
35662.418: [GC 35662.419: [ParNew: 210845K->1557K(235968K), 0.0061040 secs] 688303K->479059K(1546688K), 0.0063700 secs] [Times: user=0.02 sys=0.00, real=0.01 secs] 
35669.894: [GC 35669.894: [ParNew: 211341K->1640K(235968K), 0.0092060 secs] 688842K->479397K(1546688K), 0.0094750 secs] [Times: user=0.04 sys=0.00, real=0.01 secs] 
35688.964: [GC 35688.965: [ParNew: 211432K->1633K(235968K), 0.0101210 secs] 689189K->479464K(1546688K), 0.0103950 secs] [Times: user=0.03 sys=0.00, real=0.01 secs] 
35694.547: [GC 35694.547: [ParNew: 211425K->1398K(235968K), 0.0069210 secs] 689256K->479457K(1546688K), 0.0071480 secs] [Times: user=0.03 sys=0.01, real=0.01 secs] 
35716.191: [GC 35716.191: [ParNew: 211172K->1510K(235968K), 0.0048790 secs] 689232K->479763K(1546688K), 0.0051430 secs] [Times: user=0.03 sys=0.00, real=0.01 secs] 
35723.402: [GC 35723.402: [ParNew: 211289K->1616K(235968K), 0.0053620 secs] 689542K->479921K(1546688K), 0.0056440 secs] [Times: user=0.03 sys=0.00, real=0.01 secs] 
35747.568: [GC 35747.568: [ParNew: 211366K->1904K(235968K), 0.0054970 secs] 689672K->480381K(1546688K), 0.0057770 secs] [Times: user=0.03 sys=0.00, real=0.01 secs] 
35751.032: [GC 35751.032: [ParNew: 211648K->1598K(235968K), 0.0044210 secs] 690125K->480163K(1546688K), 0.0046810 secs] [Times: user=0.03 sys=0.00, real=0.00 secs] 
35760.811: [GC 35760.811: [ParNew: 211383K->1536K(235968K), 0.0056820 secs] 689948K->480399K(1546688K), 0.0059420 secs] [Times: user=0.04 sys=0.00, real=0.00 secs] 
35776.614: [GC 35776.614: [ParNew: 211328K->1068K(235968K), 0.0040610 secs] 690191K->480038K(1546688K), 0.0043270 secs] [Times: user=0.02 sys=0.00, real=0.01 secs] 
35786.773: [GC 35786.773: [ParNew: 210860K->1117K(235968K), 0.0047670 secs] 689830K->480304K(1546688K), 0.0050190 secs] [Times: user=0.02 sys=0.01, real=0.01 secs] 
35807.805: [GC 35807.805: [ParNew: 210848K->1066K(235968K), 0.0043340 secs] 690035K->480306K(1546688K), 0.0045250 secs] [Times: user=0.02 sys=0.01, real=0.00 secs] 
35812.387: [GC 35812.387: [ParNew: 210853K->821K(235968K), 0.0060720 secs] 690094K->480104K(1546688K), 0.0079190 secs] [Times: user=0.02 sys=0.00, real=0.01 secs] 
35827.761: [GC 35827.762: [ParNew: 210578K->939K(235968K), 0.0042740 secs] 689861K->480265K(1546688K), 0.0045490 secs] [Times: user=0.02 sys=0.00, real=0.00 secs] 
35841.848: [GC 35841.849: [ParNew: 210703K->816K(235968K), 0.0079650 secs] 690029K->480186K(1546688K), 0.0082140 secs] [Times: user=0.03 sys=0.00, real=0.01 secs] 
35848.681: [GC 35848.682: [ParNew: 210580K->823K(235968K), 0.0042110 secs] 689949K->480317K(1546688K), 0.0044670 secs] [Times: user=0.02 sys=0.00, real=0.01 secs] 
35868.973: [GC 35868.973: [ParNew: 210615K->710K(235968K), 0.0052710 secs] 690109K->480250K(1546688K), 0.0054540 secs] [Times: user=0.02 sys=0.00, real=0.00 secs] 
35874.550: [GC 35874.550: [ParNew: 210502K->883K(235968K), 0.0099190 secs] 690042K->480473K(1546688K), 0.0100970 secs] [Times: user=0.01 sys=0.00, real=0.02 secs] 
35896.194: [GC 35896.194: [ParNew: 210675K->1234K(235968K), 0.0135520 secs] 690265K->480867K(1546688K), 0.0137920 secs] [Times: user=0.05 sys=0.00, real=0.02 secs] 
35902.463: [GC 35902.463: [ParNew: 211002K->805K(235968K), 0.0067410 secs] 690635K->480482K(1546688K), 0.0070020 secs] [Times: user=0.02 sys=0.00, real=0.01 secs] 
35909.953: [GC 35909.953: [ParNew: 210597K->1054K(235968K), 0.0059210 secs] 690274K->480778K(1546688K), 0.0061680 secs] [Times: user=0.01 sys=0.00, real=0.01 secs] 
35929.025: [GC 35929.025: [ParNew: 210758K->985K(235968K), 0.0048770 secs] 690482K->480768K(1546688K), 0.0050780 secs] [Times: user=0.02 sys=0.00, real=0.00 secs] 
35940.815: [GC 35940.815: [ParNew: 210777K->505K(235968K), 0.0050450 secs] 690560K->480357K(1546688K), 0.0052330 secs] [Times: user=0.03 sys=0.00, real=0.01 secs] 
35956.621: [GC 35956.621: [ParNew: 210297K->1015K(235968K), 0.0053040 secs] 690149K->480910K(1546688K), 0.0055690 secs] [Times: user=0.02 sys=0.00, real=0.00 secs] 
35963.459: [GC 35963.459: [ParNew: 210807K->969K(235968K), 0.0067350 secs] 690702K->480908K(1546688K), 0.0069390 secs] [Times: user=0.02 sys=0.00, real=0.00 secs] 
35987.613: [GC 35987.613: [ParNew: 210761K->765K(235968K), 0.0055680 secs] 690700K->480752K(1546688K), 0.0057940 secs] [Times: user=0.02 sys=0.00, real=0.00 secs] 
35991.083: [GC 35991.083: [ParNew: 210557K->947K(235968K), 0.0047190 secs] 690544K->480971K(1546688K), 0.0049740 secs] [Times: user=0.02 sys=0.01, real=0.00 secs] 
36000.870: [GC 36000.870: [ParNew: 210739K->728K(235968K), 0.0043460 secs] 690763K->480834K(1546688K), 0.0045650 secs] [Times: user=0.02 sys=0.00, real=0.01 secs] 
36016.667: [GC 36016.667: [ParNew: 210476K->890K(235968K), 0.0066590 secs] 690582K->481039K(1546688K), 0.0068570 secs] [Times: user=0.02 sys=0.00, real=0.01 secs] 
36026.811: [GC 36026.811: [ParNew: 210620K->828K(235968K), 0.0050930 secs] 690770K->481021K(1546688K), 0.0052840 secs] [Times: user=0.02 sys=0.01, real=0.01 secs] 
36047.857: [GC 36047.858: [ParNew: 210620K->1385K(235968K), 0.0049920 secs] 690813K->481627K(1546688K), 0.0052100 secs] [Times: user=0.02 sys=0.00, real=0.00 secs] 
36052.453: [GC 36052.453: [ParNew: 211114K->991K(235968K), 0.0054600 secs] 691356K->481270K(1546688K), 0.0057010 secs] [Times: user=0.02 sys=0.00, real=0.00 secs] 
36067.820: [GC 36067.820: [ParNew: 210738K->844K(235968K), 0.0051040 secs] 691016K->481174K(1546688K), 0.0053530 secs] [Times: user=0.02 sys=0.00, real=0.00 secs] 
36081.891: [GC 36081.892: [ParNew: 210614K->712K(235968K), 0.0043710 secs] 690945K->481086K(1546688K), 0.0046380 secs] [Times: user=0.02 sys=0.00, real=0.00 secs] 
36088.722: [GC 36088.722: [ParNew: 210451K->923K(235968K), 0.0041610 secs] 690825K->481365K(1546688K), 0.0044170 secs] [Times: user=0.02 sys=0.00, real=0.01 secs] 
36109.024: [GC 36109.025: [ParNew: 210715K->788K(235968K), 0.0035600 secs] 691157K->481279K(1546688K), 0.0038200 secs] [Times: user=0.03 sys=0.00, real=0.00 secs] 
36114.717: [GC 36114.717: [ParNew: 210580K->901K(235968K), 0.0035270 secs] 691071K->481446K(1546688K), 0.0037830 secs] [Times: user=0.02 sys=0.00, real=0.00 secs] 
36136.243: [GC 36136.244: [ParNew: 210649K->1000K(235968K), 0.0034340 secs] 691194K->481589K(1546688K), 0.0036940 secs] [Times: user=0.02 sys=0.00, real=0.00 secs] 
36142.494: [GC 36142.494: [ParNew: 210792K->743K(235968K), 0.0035950 secs] 691381K->481376K(1546688K), 0.0038350 secs] [Times: user=0.02 sys=0.00, real=0.01 secs] 
36150.009: [GC 36150.009: [ParNew: 210535K->627K(235968K), 0.0034800 secs] 691168K->481302K(1546688K), 0.0037260 secs] [Times: user=0.02 sys=0.00, real=0.00 secs] 
36169.071: [GC 36169.071: [ParNew: 210419K->767K(235968K), 0.0043340 secs] 691094K->481497K(1546688K), 0.0046290 secs] [Times: user=0.02 sys=0.00, real=0.01 secs] 
36180.496: [GC 36180.496: [ParNew: 210559K->713K(235968K), 0.0046500 secs] 691289K->481516K(1546688K), 0.0049110 secs] [Times: user=0.03 sys=0.00, real=0.00 secs] 
36196.669: [GC 36196.669: [ParNew: 210406K->1001K(235968K), 0.0071820 secs] 691209K->481845K(1546688K), 0.0074930 secs] [Times: user=0.02 sys=0.00, real=0.01 secs] 
36203.507: [GC 36203.507: [ParNew: 210756K->959K(235968K), 0.0076950 secs] 691600K->481846K(1546688K), 0.0079070 secs] [Times: user=0.02 sys=0.00, real=0.01 secs] 
36227.658: [GC 36227.658: [ParNew: 210737K->942K(235968K), 0.0088460 secs] 691625K->481865K(1546688K), 0.0091000 secs] [Times: user=0.02 sys=0.00, real=0.01 secs] 
36231.125: [GC 36231.125: [ParNew: 210734K->811K(235968K), 0.0055290 secs] 691657K->481770K(1546688K), 0.0057920 secs] [Times: user=0.02 sys=0.00, real=0.00 secs] 
36240.923: [GC 36240.923: [ParNew: 210492K->656K(235968K), 0.0059450 secs] 691452K->481657K(1546688K), 0.0062160 secs] [Times: user=0.02 sys=0.01, real=0.00 secs] 
36256.715: [GC 36256.715: [ParNew: 210448K->531K(235968K), 0.0044790 secs] 691449K->481575K(1546688K), 0.0047580 secs] [Times: user=0.02 sys=0.00, real=0.00 secs] 
36266.848: [GC 36266.849: [ParNew: 210323K->672K(235968K), 0.0072550 secs] 691367K->481784K(1546688K), 0.0075080 secs] [Times: user=0.01 sys=0.00, real=0.01 secs] 
36287.907: [GC 36287.907: [ParNew: 210464K->883K(235968K), 0.0044320 secs] 691576K->482030K(1546688K), 0.0046870 secs] [Times: user=0.03 sys=0.00, real=0.00 secs] 
36292.501: [GC 36292.501: [ParNew: 210675K->717K(235968K), 0.0058830 secs] 691822K->481900K(1546688K), 0.0061300 secs] [Times: user=0.02 sys=0.00, real=0.01 secs] 
36307.878: [GC 36307.878: [ParNew: 210509K->641K(235968K), 0.0042010 secs] 691692K->481889K(1546688K), 0.0044440 secs] [Times: user=0.02 sys=0.00, real=0.01 secs] 
36322.495: [GC 36322.495: [ParNew: 210433K->826K(235968K), 0.0047940 secs] 691681K->482110K(1546688K), 0.0050140 secs] [Times: user=0.02 sys=0.00, real=0.01 secs] 
36328.755: [GC 36328.755: [ParNew: 210618K->865K(235968K), 0.0052350 secs] 691902K->482212K(1546688K), 0.0055190 secs] [Times: user=0.02 sys=0.00, real=0.01 secs] 
36349.073: [GC 36349.073: [ParNew: 210609K->1103K(235968K), 0.0060000 secs] 691955K->482492K(1546688K), 0.0061860 secs] [Times: user=0.02 sys=0.00, real=0.01 secs] 
36354.763: [GC 36354.763: [ParNew: 210895K->1027K(235968K), 0.0052300 secs] 692284K->482462K(1546688K), 0.0054170 secs] [Times: user=0.02 sys=0.00, real=0.01 secs] 
36376.296: [GC 36376.296: [ParNew: 210819K->486K(235968K), 0.0038800 secs] 692254K->481965K(1546688K), 0.0041260 secs] [Times: user=0.02 sys=0.00, real=0.00 secs] 
36383.512: [GC 36383.512: [ParNew: 210222K->821K(235968K), 0.0054190 secs] 691701K->482340K(1546688K), 0.0056480 secs] [Times: user=0.02 sys=0.00, real=0.00 secs] 
36390.069: [GC 36390.069: [ParNew: 210613K->719K(235968K), 0.0043770 secs] 692132K->482282K(1546688K), 0.0046170 secs] [Times: user=0.02 sys=0.00, real=0.01 secs] 
36411.127: [GC 36411.127: [ParNew: 210467K->882K(235968K), 0.0070110 secs] 692030K->482503K(1546688K), 0.0072090 secs] [Times: user=0.03 sys=0.00, real=0.00 secs] 
36420.928: [GC 36420.928: [ParNew: 210674K->1277K(235968K), 0.0042120 secs] 692295K->482948K(1546688K), 0.0044580 secs] [Times: user=0.03 sys=0.00, real=0.00 secs] 
36436.722: [GC 36436.723: [ParNew: 211069K->1324K(235968K), 0.0039530 secs] 692740K->483039K(1546688K), 0.0042060 secs] [Times: user=0.02 sys=0.00, real=0.00 secs] 
36443.565: [GC 36443.565: [ParNew: 211086K->1023K(235968K), 0.0089440 secs] 692800K->482781K(1546688K), 0.0091390 secs] [Times: user=0.02 sys=0.00, real=0.01 secs] 
36467.707: [GC 36467.707: [ParNew: 210815K->1088K(235968K), 0.0046740 secs] 692573K->482887K(1546688K), 0.0049540 secs] [Times: user=0.02 sys=0.00, real=0.01 secs] 
36471.185: [GC 36471.186: [ParNew: 210760K->712K(235968K), 0.0053430 secs] 692560K->482688K(1546688K), 0.0057960 secs] [Times: user=0.02 sys=0.01, real=0.01 secs] 
36487.870: [GC 36487.870: [ParNew: 210443K->719K(235968K), 0.0053580 secs] 692419K->482750K(1546688K), 0.0056010 secs] [Times: user=0.02 sys=0.00, real=0.01 secs] 
36501.923: [GC 36501.923: [ParNew: 210511K->514K(235968K), 0.0037060 secs] 692542K->482576K(1546688K), 0.0039480 secs] [Times: user=0.02 sys=0.00, real=0.00 secs] 
36508.752: [GC 36508.752: [ParNew: 210306K->1070K(235968K), 0.0042040 secs] 692368K->483175K(1546688K), 0.0044120 secs] [Times: user=0.02 sys=0.00, real=0.00 secs] 
36527.963: [GC 36527.964: [ParNew: 210862K->1234K(235968K), 0.0060870 secs] 692967K->483375K(1546688K), 0.0065310 secs] [Times: user=0.03 sys=0.00, real=0.01 secs] 
36532.551: [GC 36532.552: [ParNew: 210994K->867K(235968K), 0.0054090 secs] 693136K->483065K(1546688K), 0.0056220 secs] [Times: user=0.02 sys=0.00, real=0.01 secs] 
36547.910: [GC 36547.911: [ParNew: 210659K->1196K(235968K), 0.0054010 secs] 692857K->483443K(1546688K), 0.0056020 secs] [Times: user=0.03 sys=0.00, real=0.01 secs] 
36561.957: [GC 36561.957: [ParNew: 210962K->1345K(235968K), 0.0055980 secs] 693208K->483644K(1546688K), 0.0058740 secs] [Times: user=0.02 sys=0.00, real=0.01 secs] 
36568.780: [GC 36568.780: [ParNew: 211126K->1196K(235968K), 0.0153980 secs] 693424K->483627K(1546688K), 0.0156420 secs] [Times: user=0.06 sys=0.00, real=0.02 secs] 
36589.107: [GC 36589.107: [ParNew: 210988K->971K(235968K), 0.0042880 secs] 693419K->483455K(1546688K), 0.0045580 secs] [Times: user=0.02 sys=0.00, real=0.01 secs] 
36594.792: [GC 36594.793: [ParNew: 210763K->1205K(235968K), 0.0050770 secs] 693247K->483741K(1546688K), 0.0053430 secs] [Times: user=0.03 sys=0.00, real=0.01 secs] 
36616.448: [GC 36616.448: [ParNew: 210914K->1252K(235968K), 0.0041520 secs] 693450K->483835K(1546688K), 0.0043680 secs] [Times: user=0.03 sys=0.00, real=0.00 secs] 
36622.560: [GC 36622.560: [ParNew: 211044K->965K(235968K), 0.0037520 secs] 693627K->483598K(1546688K), 0.0039910 secs] [Times: user=0.03 sys=0.00, real=0.01 secs] 
36630.110: [GC 36630.110: [ParNew: 210732K->987K(235968K), 0.0033790 secs] 693365K->483658K(1546688K), 0.0036310 secs] [Times: user=0.02 sys=0.00, real=0.01 secs] 
36649.152: [GC 36649.152: [ParNew: 210779K->1004K(235968K), 0.0065550 secs] 693450K->483719K(1546688K), 0.0067680 secs] [Times: user=0.02 sys=0.01, real=0.01 secs] 
36654.847: [GC 36654.847: [ParNew: 210796K->636K(235968K), 0.0047080 secs] 693511K->483404K(1546688K), 0.0049090 secs] [Times: user=0.02 sys=0.00, real=0.01 secs] 
36676.496: [GC 36676.496: [ParNew: 210428K->745K(235968K), 0.0064430 secs] 693196K->483557K(1546688K), 0.0066470 secs] [Times: user=0.02 sys=0.00, real=0.00 secs] 
36683.590: [GC 36683.590: [ParNew: 210537K->717K(235968K), 0.0040710 secs] 693349K->483573K(1546688K), 0.0042720 secs] [Times: user=0.02 sys=0.01, real=0.01 secs] 
36707.719: [GC 36707.719: [ParNew: 210509K->824K(235968K), 0.0303120 secs] 693365K->483728K(1546688K), 0.0306430 secs] [Times: user=0.03 sys=0.01, real=0.04 secs] 
36711.202: [GC 36711.203: [ParNew: 210593K->836K(235968K), 0.0058380 secs] 693498K->483777K(1546688K), 0.0060350 secs] [Times: user=0.02 sys=0.01, real=0.00 secs] 
36721.011: [GC 36721.011: [ParNew: 210628K->1077K(235968K), 0.0048340 secs] 693569K->484054K(1546688K), 0.0050430 secs] [Times: user=0.03 sys=0.00, real=0.00 secs] 
36736.794: [GC 36736.794: [ParNew: 210869K->887K(235968K), 0.0066280 secs] 693846K->483908K(1546688K), 0.0068320 secs] [Times: user=0.02 sys=0.00, real=0.01 secs] 
36746.899: [GC 36746.899: [ParNew: 210648K->875K(235968K), 0.0071150 secs] 693668K->484022K(1546688K), 0.0073190 secs] [Times: user=0.02 sys=0.00, real=0.01 secs] 
36767.982: [GC 36767.982: [ParNew: 210667K->778K(235968K), 0.0089400 secs] 693814K->483978K(1546688K), 0.0091510 secs] [Times: user=0.02 sys=0.00, real=0.01 secs] 
36772.576: [GC 36772.577: [ParNew: 210570K->806K(235968K), 0.0070710 secs] 693770K->484055K(1546688K), 0.0072740 secs] [Times: user=0.02 sys=0.00, real=0.01 secs] 
36787.942: [GC 36787.942: [ParNew: 210598K->1136K(235968K), 0.0064010 secs] 693847K->484428K(1546688K), 0.0066060 secs] [Times: user=0.02 sys=0.00, real=0.01 secs] 
36801.982: [GC 36801.982: [ParNew: 210900K->1051K(235968K), 0.0068500 secs] 694193K->484387K(1546688K), 0.0070410 secs] [Times: user=0.02 sys=0.00, real=0.01 secs] 
36808.809: [GC 36808.809: [ParNew: 210810K->815K(235968K), 0.0050510 secs] 694146K->484392K(1546688K), 0.0053690 secs] [Times: user=0.02 sys=0.00, real=0.01 secs] 
36829.153: [GC 36829.153: [ParNew: 210604K->709K(235968K), 0.0042040 secs] 694181K->484335K(1546688K), 0.0044190 secs] [Times: user=0.02 sys=0.00, real=0.00 secs] 
36834.833: [GC 36834.833: [ParNew: 210501K->1125K(235968K), 0.0061940 secs] 694127K->484800K(1546688K), 0.0064100 secs] [Times: user=0.02 sys=0.00, real=0.00 secs] 
36852.973: [GC 36852.973: [ParNew: 210917K->650K(235968K), 0.0041040 secs] 694592K->484374K(1546688K), 0.0043910 secs] [Times: user=0.02 sys=0.00, real=0.01 secs] 
36862.575: [GC 36862.575: [ParNew: 210367K->833K(235968K), 0.0040810 secs] 694091K->484601K(1546688K), 0.0042970 secs] [Times: user=0.02 sys=0.00, real=0.01 secs] 
36870.147: [GC 36870.148: [ParNew: 210625K->1116K(235968K), 0.0065420 secs] 694393K->484925K(1546688K), 0.0067540 secs] [Times: user=0.02 sys=0.00, real=0.01 secs] 
36889.182: [GC 36889.182: [ParNew: 210907K->1111K(235968K), 0.0056750 secs] 694716K->484963K(1546688K), 0.0058950 secs] [Times: user=0.02 sys=0.01, real=0.00 secs] 
36894.866: [GC 36894.866: [ParNew: 210903K->833K(235968K), 0.0093600 secs] 694755K->484730K(1546688K), 0.0095750 secs] [Times: user=0.02 sys=0.00, real=0.01 secs] 
36916.512: [GC 36916.513: [ParNew: 210625K->1183K(235968K), 0.0060370 secs] 694522K->485124K(1546688K), 0.0063330 secs] [Times: user=0.02 sys=0.00, real=0.01 secs] 
36923.615: [GC 36923.615: [ParNew: 210975K->761K(235968K), 0.0058870 secs] 694916K->484759K(1546688K), 0.0061690 secs] [Times: user=0.02 sys=0.00, real=0.01 secs] 
36930.194: [GC 36930.194: [ParNew: 210553K->755K(235968K), 0.0076050 secs] 694551K->484802K(1546688K), 0.0089920 secs] [Times: user=0.02 sys=0.00, real=0.01 secs] 
36951.227: [GC 36951.228: [ParNew: 210535K->725K(235968K), 0.0044230 secs] 694581K->484820K(1546688K), 0.0047110 secs] [Times: user=0.02 sys=0.00, real=0.01 secs] 
36961.044: [GC 36961.044: [ParNew: 210517K->1015K(235968K), 0.0105530 secs] 694612K->485177K(1546688K), 0.0108240 secs] [Times: user=0.04 sys=0.00, real=0.01 secs] 
36976.825: [GC 36976.825: [ParNew: 210807K->805K(235968K), 0.0077090 secs] 694969K->485005K(1546688K), 0.0079670 secs] [Times: user=0.02 sys=0.00, real=0.01 secs] 
36986.913: [GC 36986.914: [ParNew: 210597K->473K(235968K), 0.0040950 secs] 694797K->484716K(1546688K), 0.0042930 secs] [Times: user=0.02 sys=0.00, real=0.01 secs] 
37007.797: [GC 37007.797: [ParNew: 210265K->499K(235968K), 0.0293090 secs] 694508K->484787K(1546688K), 0.0295620 secs] [Times: user=0.04 sys=0.00, real=0.03 secs] 
37012.604: [GC 37012.604: [ParNew: 210290K->807K(235968K), 0.0054530 secs] 694578K->485146K(1546688K), 0.0056920 secs] [Times: user=0.02 sys=0.00, real=0.00 secs] 
37027.978: [GC 37027.979: [ParNew: 210599K->1011K(235968K), 0.0050490 secs] 694938K->485430K(1546688K), 0.0053160 secs] [Times: user=0.02 sys=0.00, real=0.01 secs] 
37042.008: [GC 37042.008: [ParNew: 210803K->687K(235968K), 0.0061050 secs] 695222K->485137K(1546688K), 0.0063600 secs] [Times: user=0.02 sys=0.00, real=0.00 secs] 
37048.830: [GC 37048.830: [ParNew: 210422K->789K(235968K), 0.0045890 secs] 694872K->485270K(1546688K), 0.0048410 secs] [Times: user=0.02 sys=0.00, real=0.00 secs] 
37068.086: [GC 37068.086: [ParNew: 210581K->596K(235968K), 0.0048000 secs] 695062K->485119K(1546688K), 0.0050170 secs] [Times: user=0.02 sys=0.01, real=0.00 secs] 
37072.661: [GC 37072.661: [ParNew: 210388K->531K(235968K), 0.0062140 secs] 694911K->485094K(1546688K), 0.0064190 secs] [Times: user=0.02 sys=0.00, real=0.01 secs] 
37088.029: [GC 37088.029: [ParNew: 210315K->622K(235968K), 0.0056940 secs] 694879K->485235K(1546688K), 0.0059540 secs] [Times: user=0.02 sys=0.00, real=0.01 secs] 
37102.604: [GC 37102.604: [ParNew: 210407K->916K(235968K), 0.0042440 secs] 695020K->485573K(1546688K), 0.0045190 secs] [Times: user=0.02 sys=0.00, real=0.01 secs] 
37110.304: [GC 37110.305: [ParNew: 210708K->1029K(235968K), 0.0044940 secs] 695365K->485730K(1546688K), 0.0047650 secs] [Times: user=0.02 sys=0.00, real=0.01 secs] 
37129.246: [GC 37129.246: [ParNew: 210821K->684K(235968K), 0.0055600 secs] 695522K->485420K(1546688K), 0.0058080 secs] [Times: user=0.02 sys=0.00, real=0.00 secs] 
37134.917: [GC 37134.918: [ParNew: 210476K->584K(235968K), 0.0042740 secs] 695212K->485437K(1546688K), 0.0045290 secs] [Times: user=0.02 sys=0.00, real=0.00 secs] 
37156.573: [GC 37156.573: [ParNew: 210376K->836K(235968K), 0.0046410 secs] 695229K->485733K(1546688K), 0.0049310 secs] [Times: user=0.02 sys=0.00, real=0.00 secs] 
37163.675: [GC 37163.675: [ParNew: 210628K->1011K(235968K), 0.0070070 secs] 695525K->485947K(1546688K), 0.0072260 secs] [Times: user=0.02 sys=0.00, real=0.01 secs] 
37187.784: [GC 37187.785: [ParNew: 210803K->594K(235968K), 0.0061620 secs] 695739K->485583K(1546688K), 0.0063850 secs] [Times: user=0.02 sys=0.00, real=0.00 secs] 
37191.283: [GC 37191.284: [ParNew: 210386K->663K(235968K), 0.0043940 secs] 695375K->485688K(1546688K), 0.0045950 secs] [Times: user=0.02 sys=0.00, real=0.00 secs] 
37201.114: [GC 37201.114: [ParNew: 210439K->885K(235968K), 0.0045190 secs] 695464K->485971K(1546688K), 0.0047080 secs] [Times: user=0.02 sys=0.00, real=0.00 secs] 
37216.887: [GC 37216.887: [ParNew: 210677K->605K(235968K), 0.0057950 secs] 695763K->485735K(1546688K), 0.0060590 secs] [Times: user=0.02 sys=0.00, real=0.01 secs] 
37226.964: [GC 37226.964: [ParNew: 210340K->849K(235968K), 0.0071380 secs] 695470K->486023K(1546688K), 0.0074400 secs] [Times: user=0.03 sys=0.00, real=0.01 secs] 
37248.089: [GC 37248.089: [ParNew: 210548K->1076K(235968K), 0.0053500 secs] 695722K->486299K(1546688K), 0.0055660 secs] [Times: user=0.02 sys=0.00, real=0.01 secs] 
37252.661: [GC 37252.661: [ParNew: 210868K->756K(235968K), 0.0044910 secs] 696091K->486028K(1546688K), 0.0046990 secs] [Times: user=0.02 sys=0.00, real=0.01 secs] 
37268.033: [GC 37268.033: [ParNew: 210548K->780K(235968K), 0.0046410 secs] 695820K->486095K(1546688K), 0.0048490 secs] [Times: user=0.02 sys=0.00, real=0.00 secs] 
37282.056: [GC 37282.056: [ParNew: 210543K->851K(235968K), 0.0038950 secs] 695857K->486209K(1546688K), 0.0041110 secs] [Times: user=0.02 sys=0.00, real=0.01 secs] 
37288.876: [GC 37288.876: [ParNew: 210609K->586K(235968K), 0.0368330 secs] 695967K->486076K(1546688K), 0.0371650 secs] [Times: user=0.04 sys=0.01, real=0.04 secs] 
37309.255: [GC 37309.256: [ParNew: 210378K->649K(235968K), 0.0070610 secs] 695868K->486190K(1546688K), 0.0072840 secs] [Times: user=0.03 sys=0.00, real=0.00 secs] 
37314.920: [GC 37314.920: [ParNew: 210441K->1033K(235968K), 0.0043390 secs] 695982K->486623K(1546688K), 0.0045970 secs] [Times: user=0.02 sys=0.00, real=0.01 secs] 
37336.584: [GC 37336.584: [ParNew: 210793K->694K(235968K), 0.0064300 secs] 696383K->486321K(1546688K), 0.0067150 secs] [Times: user=0.04 sys=0.00, real=0.01 secs] 
37342.655: [GC 37342.655: [ParNew: 210385K->1037K(235968K), 0.0046220 secs] 696012K->486708K(1546688K), 0.0048710 secs] [Times: user=0.02 sys=0.00, real=0.01 secs] 
37350.371: [GC 37350.371: [ParNew: 210789K->971K(235968K), 0.0041430 secs] 696460K->486679K(1546688K), 0.0043970 secs] [Times: user=0.03 sys=0.00, real=0.00 secs] 
37369.312: [GC 37369.312: [ParNew: 210763K->657K(235968K), 0.0048170 secs] 696471K->486413K(1546688K), 0.0050330 secs] [Times: user=0.02 sys=0.00, real=0.01 secs] 
37381.132: [GC 37381.132: [ParNew: 210449K->669K(235968K), 0.0041240 secs] 696205K->486496K(1546688K), 0.0043830 secs] [Times: user=0.02 sys=0.00, real=0.01 secs] 
37396.899: [GC 37396.899: [ParNew: 210451K->1204K(235968K), 0.0072790 secs] 696278K->487070K(1546688K), 0.0075140 secs] [Times: user=0.02 sys=0.00, real=0.01 secs] 
37403.746: [GC 37403.746: [ParNew: 210996K->1014K(235968K), 0.0050190 secs] 696862K->486924K(1546688K), 0.0052870 secs] [Times: user=0.02 sys=0.00, real=0.01 secs] 
37427.820: [GC 37427.820: [ParNew: 210806K->678K(235968K), 0.0123360 secs] 696716K->486630K(1546688K), 0.0125220 secs] [Times: user=0.03 sys=0.00, real=0.01 secs] 
37431.328: [GC 37431.329: [ParNew: 210359K->837K(235968K), 0.0068100 secs] 696311K->486830K(1546688K), 0.0069830 secs] [Times: user=0.02 sys=0.00, real=0.00 secs] 
37441.162: [GC 37441.162: [ParNew: 210629K->655K(235968K), 0.0058460 secs] 696622K->486697K(1546688K), 0.0060510 secs] [Times: user=0.03 sys=0.01, real=0.01 secs] 
37456.923: [GC 37456.923: [ParNew: 210443K->961K(235968K), 0.0073850 secs] 696485K->487047K(1546688K), 0.0075940 secs] [Times: user=0.02 sys=0.00, real=0.00 secs] 
37466.990: [GC 37466.990: [ParNew: 210753K->839K(235968K), 0.0065090 secs] 696839K->486974K(1546688K), 0.0067450 secs] [Times: user=0.03 sys=0.00, real=0.01 secs] 
37487.861: [GC 37487.861: [ParNew: 210631K->832K(235968K), 0.0060230 secs] 696766K->487022K(1546688K), 0.0062320 secs] [Times: user=0.03 sys=0.00, real=0.01 secs] 
37492.694: [GC 37492.694: [ParNew: 210624K->806K(235968K), 0.0047660 secs] 696814K->487101K(1546688K), 0.0049710 secs] [Times: user=0.02 sys=0.00, real=0.01 secs] 
37508.065: [GC 37508.066: [ParNew: 210598K->797K(235968K), 0.0048140 secs] 696893K->487147K(1546688K), 0.0049980 secs] [Times: user=0.02 sys=0.00, real=0.00 secs] 
37522.081: [GC 37522.081: [ParNew: 210549K->824K(235968K), 0.0108340 secs] 696899K->487217K(1546688K), 0.0110790 secs] [Times: user=0.03 sys=0.00, real=0.02 secs] 
37528.890: [GC 37528.890: [ParNew: 210616K->1415K(235968K), 0.0064230 secs] 697009K->487853K(1546688K), 0.0066740 secs] [Times: user=0.02 sys=0.00, real=0.01 secs] 
37548.169: [GC 37548.169: [ParNew: 211121K->891K(235968K), 0.0053040 secs] 697559K->487370K(1546688K), 0.0055570 secs] [Times: user=0.02 sys=0.00, real=0.00 secs] 
37552.743: [GC 37552.743: [ParNew: 210683K->879K(235968K), 0.0047810 secs] 697162K->487406K(1546688K), 0.0050510 secs] [Times: user=0.02 sys=0.00, real=0.01 secs] 
37568.128: [GC 37568.128: [ParNew: 210624K->751K(235968K), 0.0044110 secs] 697151K->487328K(1546688K), 0.0046160 secs] [Times: user=0.03 sys=0.00, real=0.00 secs] 
37582.654: [GC 37582.654: [ParNew: 210543K->1974K(235968K), 0.0085830 secs] 697120K->488608K(1546688K), 0.0088540 secs] [Times: user=0.03 sys=0.00, real=0.01 secs] 
37588.924: [GC 37588.924: [ParNew: 211744K->2751K(235968K), 0.0084420 secs] 698377K->489438K(1546688K), 0.0086170 secs] [Times: user=0.03 sys=0.00, real=0.01 secs] 
37609.438: [GC 37609.438: [ParNew: 212543K->3286K(235968K), 0.0054640 secs] 699230K->490022K(1546688K), 0.0056690 secs] [Times: user=0.03 sys=0.00, real=0.00 secs] 
37614.987: [GC 37614.988: [ParNew: 213064K->2848K(235968K), 0.0068670 secs] 699799K->489619K(1546688K), 0.0071140 secs] [Times: user=0.03 sys=0.01, real=0.00 secs] 
37636.644: [GC 37636.645: [ParNew: 212640K->2035K(235968K), 0.0305930 secs] 699411K->490326K(1546688K), 0.0308750 secs] [Times: user=0.05 sys=0.00, real=0.03 secs] 
37643.760: [GC 37643.760: [ParNew: 211827K->1122K(235968K), 0.0044480 secs] 700118K->489453K(1546688K), 0.0047540 secs] [Times: user=0.02 sys=0.00, real=0.01 secs] 
37650.471: [GC 37650.471: [ParNew: 210914K->631K(235968K), 0.0040780 secs] 699245K->489024K(1546688K), 0.0042940 secs] [Times: user=0.02 sys=0.00, real=0.01 secs] 
37671.355: [GC 37671.355: [ParNew: 210423K->860K(235968K), 0.0046290 secs] 698816K->489303K(1546688K), 0.0049110 secs] [Times: user=0.02 sys=0.00, real=0.01 secs] 
37681.201: [GC 37681.201: [ParNew: 210596K->1004K(235968K), 0.0075150 secs] 699039K->489495K(1546688K), 0.0077520 secs] [Times: user=0.02 sys=0.00, real=0.01 secs] 
37696.957: [GC 37696.957: [ParNew: 210796K->1305K(235968K), 0.0057390 secs] 699287K->489841K(1546688K), 0.0060240 secs] [Times: user=0.03 sys=0.00, real=0.00 secs] 
37703.809: [GC 37703.809: [ParNew: 211097K->953K(235968K), 0.0083030 secs] 699633K->489534K(1546688K), 0.0085430 secs] [Times: user=0.02 sys=0.00, real=0.01 secs] 
37727.878: [GC 37727.878: [ParNew: 210745K->713K(235968K), 0.0055610 secs] 699326K->489337K(1546688K), 0.0057820 secs] [Times: user=0.02 sys=0.00, real=0.01 secs] 
37731.398: [GC 37731.398: [ParNew: 210505K->703K(235968K), 0.0060170 secs] 699129K->489376K(1546688K), 0.0062290 secs] [Times: user=0.02 sys=0.00, real=0.01 secs] 
37741.634: [GC 37741.634: [ParNew: 210495K->434K(235968K), 0.0042440 secs] 699168K->489179K(1546688K), 0.0044880 secs] [Times: user=0.02 sys=0.00, real=0.01 secs] 
37762.121: [GC 37762.121: [ParNew: 210226K->956K(235968K), 0.0116450 secs] 698971K->489752K(1546688K), 0.0119010 secs] [Times: user=0.03 sys=0.00, real=0.01 secs] 
37768.780: [GC 37768.780: [ParNew: 210748K->512K(235968K), 0.0058920 secs] 699544K->489352K(1546688K), 0.0061700 secs] [Times: user=0.02 sys=0.00, real=0.01 secs] 
37788.212: [GC 37788.213: [ParNew: 210304K->635K(235968K), 0.0068370 secs] 699144K->489511K(1546688K), 0.0071100 secs] [Times: user=0.02 sys=0.00, real=0.00 secs] 
37792.779: [GC 37792.779: [ParNew: 210427K->881K(235968K), 0.0046830 secs] 699303K->489793K(1546688K), 0.0049490 secs] [Times: user=0.02 sys=0.00, real=0.00 secs] 
37808.155: [GC 37808.155: [ParNew: 210628K->999K(235968K), 0.0077270 secs] 699540K->489961K(1546688K), 0.0079830 secs] [Times: user=0.02 sys=0.00, real=0.01 secs] 
37822.687: [GC 37822.687: [ParNew: 210791K->995K(235968K), 0.0061460 secs] 699753K->490002K(1546688K), 0.0063960 secs] [Times: user=0.02 sys=0.00, real=0.00 secs] 
37828.955: [GC 37828.955: [ParNew: 210787K->791K(235968K), 0.0079190 secs] 699794K->489846K(1546688K), 0.0081560 secs] [Times: user=0.02 sys=0.00, real=0.00 secs] 
37849.487: [GC 37849.487: [ParNew: 210542K->1017K(235968K), 0.0053150 secs] 699597K->490121K(1546688K), 0.0055910 secs] [Times: user=0.03 sys=0.00, real=0.01 secs] 
37855.030: [GC 37855.030: [ParNew: 210809K->912K(235968K), 0.0049230 secs] 699913K->490132K(1546688K), 0.0052280 secs] [Times: user=0.03 sys=0.00, real=0.00 secs] 
37876.688: [GC 37876.688: [ParNew: 210704K->1011K(235968K), 0.0077370 secs] 699924K->490280K(1546688K), 0.0080030 secs] [Times: user=0.01 sys=0.00, real=0.01 secs] 
37883.617: [GC 37883.617: [ParNew: 210780K->580K(235968K), 0.0085230 secs] 700050K->489894K(1546688K), 0.0087740 secs] [Times: user=0.03 sys=0.00, real=0.01 secs] 
37890.493: [GC 37890.494: [ParNew: 210372K->881K(235968K), 0.0051790 secs] 699686K->490240K(1546688K), 0.0054160 secs] [Times: user=0.03 sys=0.00, real=0.01 secs] 
37909.524: [GC 37909.524: [ParNew: 210673K->1095K(235968K), 0.0049150 secs] 700032K->490514K(1546688K), 0.0052090 secs] [Times: user=0.02 sys=0.00, real=0.00 secs] 
37915.063: [GC 37915.063: [ParNew: 210864K->1042K(235968K), 0.0054650 secs] 700283K->490514K(1546688K), 0.0056670 secs] [Times: user=0.02 sys=0.00, real=0.00 secs] 
37936.716: [GC 37936.716: [ParNew: 210749K->1278K(235968K), 0.0076810 secs] 700221K->490795K(1546688K), 0.0079010 secs] [Times: user=0.02 sys=0.00, real=0.01 secs] 
37943.829: [GC 37943.829: [ParNew: 211057K->1086K(235968K), 0.0050760 secs] 700574K->490653K(1546688K), 0.0053450 secs] [Times: user=0.02 sys=0.00, real=0.00 secs] 
37953.966: [GC 37953.967: [ParNew: 210800K->633K(235968K), 0.0050290 secs] 700367K->490262K(1546688K), 0.0052900 secs] [Times: user=0.02 sys=0.00, real=0.00 secs] 
37971.404: [GC 37971.404: [ParNew: 210425K->913K(235968K), 0.0073870 secs] 700054K->490598K(1546688K), 0.0076650 secs] [Times: user=0.02 sys=0.00, real=0.01 secs] 
37981.258: [GC 37981.259: [ParNew: 210705K->954K(235968K), 0.0055930 secs] 700390K->490690K(1546688K), 0.0058520 secs] [Times: user=0.03 sys=0.00, real=0.01 secs] 
37997.136: [GC 37997.137: [ParNew: 210746K->885K(235968K), 0.0047320 secs] 700482K->490677K(1546688K), 0.0049750 secs] [Times: user=0.02 sys=0.00, real=0.01 secs] 
38003.866: [GC 38003.866: [ParNew: 210677K->722K(235968K), 0.0047790 secs] 700469K->490595K(1546688K), 0.0050540 secs] [Times: user=0.02 sys=0.00, real=0.01 secs] 
38027.920: [GC 38027.921: [ParNew: 210514K->589K(235968K), 0.0035150 secs] 700387K->490506K(1546688K), 0.0037600 secs] [Times: user=0.02 sys=0.00, real=0.01 secs] 
38031.459: [GC 38031.459: [ParNew: 210307K->559K(235968K), 0.0105250 secs] 700223K->490557K(1546688K), 0.0108050 secs] [Times: user=0.01 sys=0.00, real=0.01 secs] 
38046.546: [GC 38046.546: [ParNew: 210351K->522K(235968K), 0.0058090 secs] 700349K->490577K(1546688K), 0.0060800 secs] [Times: user=0.02 sys=0.00, real=0.01 secs] 
38057.174: [GC 38057.174: [ParNew: 210314K->634K(235968K), 0.0043010 secs] 700369K->490732K(1546688K), 0.0044830 secs] [Times: user=0.02 sys=0.00, real=0.01 secs] 
38067.080: [GC 38067.080: [ParNew: 210426K->984K(235968K), 0.0051960 secs] 700524K->491127K(1546688K), 0.0054570 secs] [Times: user=0.02 sys=0.00, real=0.00 secs] 
38088.244: [GC 38088.244: [ParNew: 210772K->1175K(235968K), 0.0056240 secs] 700915K->491369K(1546688K), 0.0058840 secs] [Times: user=0.02 sys=0.00, real=0.00 secs] 
38092.812: [GC 38092.812: [ParNew: 210922K->1188K(235968K), 0.0084570 secs] 701116K->491436K(1546688K), 0.0087770 secs] [Times: user=0.02 sys=0.00, real=0.00 secs] 
38108.188: [GC 38108.188: [ParNew: 210930K->1226K(235968K), 0.0061180 secs] 701178K->491517K(1546688K), 0.0063600 secs] [Times: user=0.03 sys=0.01, real=0.01 secs] 
38122.171: [GC 38122.171: [ParNew: 211018K->1056K(235968K), 0.0258830 secs] 701309K->491403K(1546688K), 0.0261730 secs] [Times: user=0.05 sys=0.01, real=0.03 secs] 
38128.966: [GC 38128.966: [ParNew: 210848K->820K(235968K), 0.0075200 secs] 701195K->491218K(1546688K), 0.0077110 secs] [Times: user=0.02 sys=0.00, real=0.01 secs] 
38148.266: [GC 38148.266: [ParNew: 210612K->1115K(235968K), 0.0065900 secs] 701010K->491573K(1546688K), 0.0068380 secs] [Times: user=0.02 sys=0.00, real=0.00 secs] 
38152.837: [GC 38152.838: [ParNew: 210907K->790K(235968K), 0.0090870 secs] 701365K->491304K(1546688K), 0.0094100 secs] [Times: user=0.03 sys=0.00, real=0.01 secs] 
38168.208: [GC 38168.208: [ParNew: 210529K->676K(235968K), 0.0067040 secs] 701044K->491240K(1546688K), 0.0070250 secs] [Times: user=0.02 sys=0.00, real=0.01 secs] 
38182.208: [GC 38182.208: [ParNew: 210468K->606K(235968K), 0.0312970 secs] 701032K->491222K(1546688K), 0.0315650 secs] [Times: user=0.05 sys=0.00, real=0.03 secs] 
38188.996: [GC 38188.996: [ParNew: 210398K->775K(235968K), 0.0053790 secs] 701014K->491441K(1546688K), 0.0056150 secs] [Times: user=0.02 sys=0.00, real=0.01 secs] 
38209.554: [GC 38209.554: [ParNew: 210553K->605K(235968K), 0.0053830 secs] 701219K->491326K(1546688K), 0.0056330 secs] [Times: user=0.02 sys=0.01, real=0.00 secs] 
38215.091: [GC 38215.091: [ParNew: 210397K->912K(235968K), 0.0057410 secs] 701118K->491687K(1546688K), 0.0059190 secs] [Times: user=0.02 sys=0.00, real=0.01 secs] 
38236.745: [GC 38236.746: [ParNew: 210704K->1681K(235968K), 0.0046140 secs] 701479K->492500K(1546688K), 0.0049010 secs] [Times: user=0.02 sys=0.00, real=0.01 secs] 
38242.775: [GC 38242.775: [ParNew: 211473K->975K(235968K), 0.0047540 secs] 702292K->491838K(1546688K), 0.0050080 secs] [Times: user=0.02 sys=0.00, real=0.01 secs] 
38250.778: [GC 38250.778: [ParNew: 210767K->768K(235968K), 0.0043910 secs] 701630K->491667K(1546688K), 0.0046670 secs] [Times: user=0.03 sys=0.00, real=0.00 secs] 
38269.591: [GC 38269.592: [ParNew: 210560K->879K(235968K), 0.0063490 secs] 701459K->491822K(1546688K), 0.0066400 secs] [Times: user=0.02 sys=0.00, real=0.01 secs] 
38275.130: [GC 38275.130: [ParNew: 210671K->767K(235968K), 0.0056850 secs] 701614K->491759K(1546688K), 0.0059470 secs] [Times: user=0.02 sys=0.00, real=0.01 secs] 
38296.790: [GC 38296.790: [ParNew: 210559K->707K(235968K), 0.0054710 secs] 701551K->491743K(1546688K), 0.0057120 secs] [Times: user=0.02 sys=0.00, real=0.01 secs] 
38303.911: [GC 38303.911: [ParNew: 210499K->758K(235968K), 0.0044260 secs] 701535K->491837K(1546688K), 0.0046990 secs] [Times: user=0.02 sys=0.00, real=0.00 secs] 
38327.945: [GC 38327.945: [ParNew: 210533K->577K(235968K), 0.0066850 secs] 701613K->491756K(1546688K), 0.0069800 secs] [Times: user=0.02 sys=0.00, real=0.01 secs] 
38331.494: [GC 38331.495: [ParNew: 210369K->816K(235968K), 0.0075820 secs] 701548K->492031K(1546688K), 0.0078840 secs] [Times: user=0.02 sys=0.00, real=0.00 secs] 
38341.496: [GC 38341.496: [ParNew: 210608K->415K(235968K), 0.0085100 secs] 701823K->491691K(1546688K), 0.0087580 secs] [Times: user=0.02 sys=0.00, real=0.01 secs] 
38357.227: [GC 38357.227: [ParNew: 210183K->888K(235968K), 0.0061320 secs] 701459K->492207K(1546688K), 0.0063300 secs] [Times: user=0.03 sys=0.00, real=0.01 secs] 
38367.120: [GC 38367.121: [ParNew: 210649K->785K(235968K), 0.0070320 secs] 701968K->492148K(1546688K), 0.0072140 secs] [Times: user=0.02 sys=0.00, real=0.00 secs] 
38388.311: [GC 38388.311: [ParNew: 210577K->917K(235968K), 0.0081230 secs] 701940K->492329K(1546688K), 0.0083310 secs] [Times: user=0.02 sys=0.00, real=0.01 secs] 
38392.897: [GC 38392.898: [ParNew: 210709K->760K(235968K), 0.0152670 secs] 702121K->492208K(1546688K), 0.0154630 secs] [Times: user=0.04 sys=0.00, real=0.01 secs] 
38408.253: [GC 38408.253: [ParNew: 210552K->1093K(235968K), 0.0051620 secs] 702000K->492578K(1546688K), 0.0054090 secs] [Times: user=0.02 sys=0.00, real=0.00 secs] 
38422.232: [GC 38422.232: [ParNew: 210828K->959K(235968K), 0.0079010 secs] 702313K->492487K(1546688K), 0.0081160 secs] [Times: user=0.02 sys=0.00, real=0.01 secs] 
38429.024: [GC 38429.024: [ParNew: 210751K->764K(235968K), 0.0045470 secs] 702279K->492428K(1546688K), 0.0048080 secs] [Times: user=0.02 sys=0.00, real=0.00 secs] 
38448.356: [GC 38448.357: [ParNew: 210556K->941K(235968K), 0.0064490 secs] 702220K->492658K(1546688K), 0.0067270 secs] [Times: user=0.02 sys=0.00, real=0.00 secs] 
38454.360: [GC 38454.360: [ParNew: 210729K->635K(235968K), 0.0052030 secs] 702446K->492519K(1546688K), 0.0054760 secs] [Times: user=0.03 sys=0.00, real=0.01 secs] 
38476.785: [GC 38476.786: [ParNew: 210427K->978K(235968K), 0.0052980 secs] 702311K->492912K(1546688K), 0.0054830 secs] [Times: user=0.02 sys=0.00, real=0.00 secs] 
38482.798: [GC 38482.798: [ParNew: 210770K->705K(235968K), 0.0065180 secs] 702704K->492682K(1546688K), 0.0068310 secs] [Times: user=0.03 sys=0.00, real=0.01 secs] 
38490.821: [GC 38490.821: [ParNew: 210497K->1051K(235968K), 0.0058300 secs] 702474K->493078K(1546688K), 0.0061070 secs] [Times: user=0.02 sys=0.00, real=0.00 secs] 
38509.643: [GC 38509.643: [ParNew: 210843K->872K(235968K), 0.0038310 secs] 702870K->492937K(1546688K), 0.0040730 secs] [Times: user=0.02 sys=0.00, real=0.01 secs] 
38515.167: [GC 38515.167: [ParNew: 210664K->816K(235968K), 0.0051030 secs] 702729K->492928K(1546688K), 0.0053550 secs] [Times: user=0.02 sys=0.00, real=0.00 secs] 
38536.835: [GC 38536.835: [ParNew: 210608K->562K(235968K), 0.0047320 secs] 702720K->492718K(1546688K), 0.0050020 secs] [Times: user=0.02 sys=0.00, real=0.00 secs] 
38543.952: [GC 38543.952: [ParNew: 210354K->565K(235968K), 0.0041190 secs] 702510K->492765K(1546688K), 0.0043770 secs] [Times: user=0.02 sys=0.00, real=0.00 secs] 
38567.976: [GC 38567.976: [ParNew: 210357K->835K(235968K), 0.0055810 secs] 702557K->493071K(1546688K), 0.0058640 secs] [Times: user=0.02 sys=0.00, real=0.01 secs] 
38571.659: [GC 38571.659: [ParNew: 210627K->866K(235968K), 0.0055170 secs] 702863K->493168K(1546688K), 0.0056950 secs] [Times: user=0.03 sys=0.00, real=0.00 secs] 
38581.529: [GC 38581.529: [ParNew: 210601K->1167K(235968K), 0.0076180 secs] 702903K->493505K(1546688K), 0.0078190 secs] [Times: user=0.03 sys=0.00, real=0.01 secs] 
38597.373: [GC 38597.373: [ParNew: 210959K->1366K(235968K), 0.0053760 secs] 703297K->493748K(1546688K), 0.0055740 secs] [Times: user=0.02 sys=0.00, real=0.00 secs] 
38607.143: [GC 38607.143: [ParNew: 211108K->781K(235968K), 0.0058700 secs] 703490K->493208K(1546688K), 0.0061400 secs] [Times: user=0.02 sys=0.00, real=0.00 secs] 
38628.347: [GC 38628.347: [ParNew: 210573K->924K(235968K), 0.0059120 secs] 703000K->493405K(1546688K), 0.0061000 secs] [Times: user=0.02 sys=0.00, real=0.01 secs] 
38632.945: [GC 38632.945: [ParNew: 210716K->918K(235968K), 0.0199770 secs] 703197K->493530K(1546688K), 0.0202490 secs] [Times: user=0.02 sys=0.00, real=0.02 secs] 
38648.289: [GC 38648.289: [ParNew: 210710K->1273K(235968K), 0.0055080 secs] 703322K->493937K(1546688K), 0.0056950 secs] [Times: user=0.03 sys=0.00, real=0.00 secs] 
38662.261: [GC 38662.261: [ParNew: 211058K->978K(235968K), 0.0040260 secs] 703721K->493685K(1546688K), 0.0042900 secs] [Times: user=0.02 sys=0.00, real=0.01 secs] 
38669.048: [GC 38669.048: [ParNew: 210729K->724K(235968K), 0.0053090 secs] 703436K->493467K(1546688K), 0.0055800 secs] [Times: user=0.02 sys=0.00, real=0.01 secs] 
38688.398: [GC 38688.398: [ParNew: 210508K->1132K(235968K), 0.0073400 secs] 703252K->493923K(1546688K), 0.0075360 secs] [Times: user=0.02 sys=0.00, real=0.01 secs] 
38695.160: [GC 38695.161: [ParNew: 210924K->784K(235968K), 0.0081680 secs] 703715K->493768K(1546688K), 0.0083450 secs] [Times: user=0.03 sys=0.00, real=0.01 secs] 
38716.830: [GC 38716.830: [ParNew: 210576K->994K(235968K), 0.0047220 secs] 703560K->494024K(1546688K), 0.0049920 secs] [Times: user=0.02 sys=0.00, real=0.01 secs] 
38722.838: [GC 38722.839: [ParNew: 210678K->1019K(235968K), 0.0043130 secs] 703709K->494093K(1546688K), 0.0045250 secs] [Times: user=0.03 sys=0.00, real=0.01 secs] 
38730.861: [GC 38730.861: [ParNew: 210755K->1245K(235968K), 0.0039410 secs] 703829K->494365K(1546688K), 0.0042100 secs] [Times: user=0.03 sys=0.00, real=0.01 secs] 
38749.685: [GC 38749.685: [ParNew: 211037K->820K(235968K), 0.0073980 secs] 704157K->493988K(1546688K), 0.0077380 secs] [Times: user=0.02 sys=0.00, real=0.01 secs] 
38755.206: [GC 38755.206: [ParNew: 210569K->864K(235968K), 0.0045760 secs] 703737K->494079K(1546688K), 0.0048510 secs] [Times: user=0.02 sys=0.00, real=0.01 secs] 
38776.865: [GC 38776.866: [ParNew: 210656K->1143K(235968K), 0.0036620 secs] 703871K->494405K(1546688K), 0.0039190 secs] [Times: user=0.02 sys=0.00, real=0.00 secs] 
38783.987: [GC 38783.987: [ParNew: 210924K->1344K(235968K), 0.0037860 secs] 704186K->494649K(1546688K), 0.0040390 secs] [Times: user=0.03 sys=0.00, real=0.00 secs] 
38792.265: [GC 38792.265: [ParNew: 211136K->702K(235968K), 0.0283260 secs] 704441K->494056K(1546688K), 0.0286660 secs] [Times: user=0.03 sys=0.00, real=0.03 secs] 
38811.692: [GC 38811.692: [ParNew: 210494K->1027K(235968K), 0.0069750 secs] 703848K->494429K(1546688K), 0.0072680 secs] [Times: user=0.03 sys=0.00, real=0.01 secs] 
38821.553: [GC 38821.553: [ParNew: 210792K->944K(235968K), 0.0054540 secs] 704195K->494399K(1546688K), 0.0057540 secs] [Times: user=0.02 sys=0.00, real=0.01 secs] 
38837.403: [GC 38837.404: [ParNew: 210679K->949K(235968K), 0.0073460 secs] 704133K->494460K(1546688K), 0.0076100 secs] [Times: user=0.02 sys=0.00, real=0.01 secs] 
38844.024: [GC 38844.024: [ParNew: 210741K->977K(235968K), 0.0056000 secs] 704252K->494532K(1546688K), 0.0058070 secs] [Times: user=0.02 sys=0.00, real=0.01 secs] 
38868.030: [GC 38868.031: [ParNew: 210769K->776K(235968K), 0.0063790 secs] 704324K->494456K(1546688K), 0.0066620 secs] [Times: user=0.02 sys=0.00, real=0.00 secs] 
38871.726: [GC 38871.726: [ParNew: 210521K->924K(235968K), 0.0056430 secs] 704201K->494657K(1546688K), 0.0059070 secs] [Times: user=0.02 sys=0.01, real=0.01 secs] 
38881.603: [GC 38881.603: [ParNew: 210712K->576K(235968K), 0.0056000 secs] 704445K->494357K(1546688K), 0.0058210 secs] [Times: user=0.03 sys=0.00, real=0.01 secs] 
38902.279: [GC 38902.279: [ParNew: 210368K->828K(235968K), 0.0067210 secs] 704149K->494652K(1546688K), 0.0069790 secs] [Times: user=0.02 sys=0.00, real=0.01 secs] 
38907.206: [GC 38907.206: [ParNew: 210620K->822K(235968K), 0.0059070 secs] 704444K->494690K(1546688K), 0.0061800 secs] [Times: user=0.02 sys=0.01, real=0.00 secs] 
38928.425: [GC 38928.426: [ParNew: 210614K->1196K(235968K), 0.0059630 secs] 704482K->495107K(1546688K), 0.0062420 secs] [Times: user=0.02 sys=0.00, real=0.01 secs] 
38933.033: [GC 38933.034: [ParNew: 210988K->1330K(235968K), 0.0144600 secs] 704899K->495278K(1546688K), 0.0147240 secs] [Times: user=0.04 sys=0.00, real=0.01 secs] 
38948.364: [GC 38948.365: [ParNew: 211122K->1813K(235968K), 0.0118200 secs] 705070K->495807K(1546688K), 0.0121110 secs] [Times: user=0.03 sys=0.00, real=0.01 secs] 
38962.320: [GC 38962.320: [ParNew: 211605K->1736K(235968K), 0.0068540 secs] 705599K->495777K(1546688K), 0.0070640 secs] [Times: user=0.03 sys=0.00, real=0.01 secs] 
38969.106: [GC 38969.106: [ParNew: 211528K->1274K(235968K), 0.0127540 secs] 705569K->495730K(1546688K), 0.0129630 secs] [Times: user=0.03 sys=0.00, real=0.01 secs] 
38989.712: [GC 38989.712: [ParNew: 211066K->1144K(235968K), 0.0272570 secs] 705522K->495655K(1546688K), 0.0275540 secs] [Times: user=0.04 sys=0.00, real=0.02 secs] 
38995.223: [GC 38995.223: [ParNew: 210936K->1358K(235968K), 0.0073050 secs] 705447K->496036K(1546688K), 0.0075670 secs] [Times: user=0.02 sys=0.00, real=0.01 secs] 
39016.900: [GC 39016.900: [ParNew: 211150K->859K(235968K), 0.0086090 secs] 705828K->495586K(1546688K), 0.0089160 secs] [Times: user=0.02 sys=0.00, real=0.01 secs] 
39024.019: [GC 39024.019: [ParNew: 210651K->563K(235968K), 0.0131050 secs] 705378K->495333K(1546688K), 0.0133110 secs] [Times: user=0.02 sys=0.00, real=0.01 secs] 
39031.058: [GC 39031.059: [ParNew: 210355K->975K(235968K), 0.0077600 secs] 705125K->495885K(1546688K), 0.0080210 secs] [Times: user=0.02 sys=0.01, real=0.01 secs] 
39051.719: [GC 39051.719: [ParNew: 210751K->555K(235968K), 0.0070470 secs] 705661K->495512K(1546688K), 0.0072340 secs] [Times: user=0.02 sys=0.00, real=0.01 secs] 
39061.605: [GC 39061.605: [ParNew: 210347K->911K(235968K), 0.0053130 secs] 705304K->495922K(1546688K), 0.0055640 secs] [Times: user=0.02 sys=0.00, real=0.01 secs] 
39077.451: [GC 39077.452: [ParNew: 210703K->1126K(235968K), 0.0079060 secs] 705714K->496179K(1546688K), 0.0080940 secs] [Times: user=0.02 sys=0.00, real=0.01 secs] 
39084.080: [GC 39084.080: [ParNew: 210875K->601K(235968K), 0.0046030 secs] 705928K->495698K(1546688K), 0.0048220 secs] [Times: user=0.02 sys=0.00, real=0.00 secs] 
39108.058: [GC 39108.058: [ParNew: 210393K->971K(235968K), 0.0055930 secs] 705490K->496110K(1546688K), 0.0058760 secs] [Times: user=0.03 sys=0.00, real=0.01 secs] 
39111.772: [GC 39111.772: [ParNew: 210730K->810K(235968K), 0.0048430 secs] 705868K->495991K(1546688K), 0.0051040 secs] [Times: user=0.02 sys=0.00, real=0.00 secs] 
39122.245: [GC 39122.245: [ParNew: 210602K->518K(235968K), 0.0046470 secs] 705783K->495748K(1546688K), 0.0049220 secs] [Times: user=0.02 sys=0.00, real=0.00 secs] 
39137.492: [GC 39137.492: [ParNew: 210310K->841K(235968K), 0.0060000 secs] 705540K->496115K(1546688K), 0.0062700 secs] [Times: user=0.02 sys=0.00, real=0.01 secs] 
39147.234: [GC 39147.235: [ParNew: 210633K->998K(235968K), 0.0058670 secs] 705907K->496319K(1546688K), 0.0061380 secs] [Times: user=0.02 sys=0.00, real=0.01 secs] 
39168.473: [GC 39168.474: [ParNew: 210790K->700K(235968K), 0.0064320 secs] 706111K->496061K(1546688K), 0.0066710 secs] [Times: user=0.02 sys=0.00, real=0.00 secs] 
39173.106: [GC 39173.106: [ParNew: 210492K->728K(235968K), 0.0091960 secs] 705853K->496125K(1546688K), 0.0093840 secs] [Times: user=0.02 sys=0.00, real=0.01 secs] 
39188.413: [GC 39188.413: [ParNew: 210520K->973K(235968K), 0.0056570 secs] 705917K->496526K(1546688K), 0.0059310 secs] [Times: user=0.02 sys=0.00, real=0.00 secs] 
39202.906: [GC 39202.906: [ParNew: 210765K->1052K(235968K), 0.0064560 secs] 706318K->496648K(1546688K), 0.0067210 secs] [Times: user=0.02 sys=0.00, real=0.01 secs] 
39209.140: [GC 39209.140: [ParNew: 210815K->1133K(235968K), 0.0062270 secs] 706411K->496779K(1546688K), 0.0064970 secs] [Times: user=0.02 sys=0.00, real=0.00 secs] 
39229.779: [GC 39229.779: [ParNew: 210925K->647K(235968K), 0.0144980 secs] 706571K->496341K(1546688K), 0.0147660 secs] [Times: user=0.02 sys=0.00, real=0.02 secs] 
39235.276: [GC 39235.276: [ParNew: 210439K->649K(235968K), 0.0101000 secs] 706133K->496384K(1546688K), 0.0103590 secs] [Times: user=0.03 sys=0.01, real=0.01 secs] 
39256.950: [GC 39256.951: [ParNew: 210441K->790K(235968K), 0.0046310 secs] 706176K->496571K(1546688K), 0.0049010 secs] [Times: user=0.02 sys=0.00, real=0.00 secs] 
39264.072: [GC 39264.073: [ParNew: 210582K->807K(235968K), 0.0046990 secs] 706363K->496626K(1546688K), 0.0049470 secs] [Times: user=0.02 sys=0.00, real=0.00 secs] 
39271.110: [GC 39271.110: [ParNew: 210599K->764K(235968K), 0.0170510 secs] 706418K->496632K(1546688K), 0.0173220 secs] [Times: user=0.03 sys=0.00, real=0.02 secs] 
39289.840: [GC 39289.840: [ParNew: 210556K->806K(235968K), 0.0074730 secs] 706424K->496728K(1546688K), 0.0076580 secs] [Times: user=0.02 sys=0.00, real=0.01 secs] 
39295.318: [GC 39295.318: [ParNew: 210598K->1085K(235968K), 0.0093690 secs] 706520K->497061K(1546688K), 0.0096020 secs] [Times: user=0.02 sys=0.00, real=0.01 secs] 
39317.485: [GC 39317.486: [ParNew: 210876K->1367K(235968K), 0.0065550 secs] 706852K->497398K(1546688K), 0.0068230 secs] [Times: user=0.03 sys=0.00, real=0.01 secs] 
39324.110: [GC 39324.110: [ParNew: 211136K->1359K(235968K), 0.0076420 secs] 707168K->497435K(1546688K), 0.0079270 secs] [Times: user=0.02 sys=0.00, real=0.00 secs] 
39348.080: [GC 39348.080: [ParNew: 211115K->1236K(235968K), 0.0062260 secs] 707192K->497349K(1546688K), 0.0064440 secs] [Times: user=0.02 sys=0.00, real=0.01 secs] 
39351.801: [GC 39351.801: [ParNew: 211028K->1284K(235968K), 0.0110310 secs] 707141K->497613K(1546688K), 0.0112400 secs] [Times: user=0.03 sys=0.00, real=0.01 secs] 
39361.699: [GC 39361.699: [ParNew: 211076K->927K(235968K), 0.0046380 secs] 707405K->497345K(1546688K), 0.0048300 secs] [Times: user=0.03 sys=0.00, real=0.01 secs] 
39377.531: [GC 39377.531: [ParNew: 210719K->713K(235968K), 0.0078480 secs] 707137K->497175K(1546688K), 0.0081290 secs] [Times: user=0.02 sys=0.00, real=0.00 secs] 
39387.265: [GC 39387.266: [ParNew: 210501K->648K(235968K), 0.0044640 secs] 706963K->497247K(1546688K), 0.0046760 secs] [Times: user=0.02 sys=0.00, real=0.01 secs] 
39408.517: [GC 39408.517: [ParNew: 210396K->1075K(235968K), 0.0048620 secs] 706995K->497723K(1546688K), 0.0050820 secs] [Times: user=0.02 sys=0.01, real=0.00 secs] 
39413.178: [GC 39413.179: [ParNew: 210867K->901K(235968K), 0.0111750 secs] 707515K->497585K(1546688K), 0.0114880 secs] [Times: user=0.04 sys=0.00, real=0.01 secs] 
39428.454: [GC 39428.454: [ParNew: 210594K->1084K(235968K), 0.0045820 secs] 707278K->497805K(1546688K), 0.0047960 secs] [Times: user=0.02 sys=0.00, real=0.00 secs] 
39442.389: [GC 39442.389: [ParNew: 210876K->522K(235968K), 0.0053310 secs] 707597K->497286K(1546688K), 0.0055380 secs] [Times: user=0.02 sys=0.00, real=0.01 secs] 
39449.177: [GC 39449.177: [ParNew: 210314K->945K(235968K), 0.0058160 secs] 707078K->497759K(1546688K), 0.0060310 secs] [Times: user=0.02 sys=0.00, real=0.01 secs] 
39469.942: [GC 39469.943: [ParNew: 210737K->1096K(235968K), 0.0060600 secs] 707551K->497959K(1546688K), 0.0062780 secs] [Times: user=0.02 sys=0.00, real=0.01 secs] 
39475.316: [GC 39475.316: [ParNew: 210869K->758K(235968K), 0.0047550 secs] 707731K->497691K(1546688K), 0.0049560 secs] [Times: user=0.02 sys=0.00, real=0.00 secs] 
39496.985: [GC 39496.985: [ParNew: 210550K->891K(235968K), 0.0080660 secs] 707483K->497861K(1546688K), 0.0082730 secs] [Times: user=0.02 sys=0.01, real=0.01 secs] 
39504.108: [GC 39504.108: [ParNew: 210683K->658K(235968K), 0.0070250 secs] 707653K->497672K(1546688K), 0.0072310 secs] [Times: user=0.02 sys=0.00, real=0.01 secs] 
39511.170: [GC 39511.170: [ParNew: 210406K->844K(235968K), 0.0145230 secs] 707419K->497902K(1546688K), 0.0147630 secs] [Times: user=0.04 sys=0.01, real=0.01 secs] 
39531.809: [GC 39531.809: [ParNew: 210636K->839K(235968K), 0.0058800 secs] 707694K->497951K(1546688K), 0.0061140 secs] [Times: user=0.02 sys=0.00, real=0.00 secs] 
39541.703: [GC 39541.703: [ParNew: 210608K->876K(235968K), 0.0087400 secs] 707720K->498141K(1546688K), 0.0090030 secs] [Times: user=0.03 sys=0.01, real=0.01 secs] 
39557.533: [GC 39557.533: [ParNew: 210668K->931K(235968K), 0.0061990 secs] 707933K->498238K(1546688K), 0.0064060 secs] [Times: user=0.02 sys=0.00, real=0.00 secs] 
39564.162: [GC 39564.162: [ParNew: 210723K->1053K(235968K), 0.0048840 secs] 708030K->498403K(1546688K), 0.0050930 secs] [Times: user=0.02 sys=0.00, real=0.00 secs] 
39588.113: [GC 39588.113: [ParNew: 210822K->1591K(235968K), 0.0053050 secs] 708172K->498982K(1546688K), 0.0055100 secs] [Times: user=0.02 sys=0.00, real=0.01 secs] 
39591.852: [GC 39591.852: [ParNew: 211383K->1352K(235968K), 0.0063050 secs] 708774K->498785K(1546688K), 0.0065010 secs] [Times: user=0.02 sys=0.00, real=0.01 secs] 
39601.743: [GC 39601.743: [ParNew: 211144K->1417K(235968K), 0.0066700 secs] 708577K->498893K(1546688K), 0.0068630 secs] [Times: user=0.03 sys=0.00, real=0.01 secs] 
39617.573: [GC 39617.573: [ParNew: 211209K->1446K(235968K), 0.0039010 secs] 708685K->498966K(1546688K), 0.0041600 secs] [Times: user=0.02 sys=0.00, real=0.00 secs] 
39627.294: [GC 39627.294: [ParNew: 211238K->836K(235968K), 0.0058290 secs] 708758K->499006K(1546688K), 0.0061040 secs] [Times: user=0.02 sys=0.00, real=0.00 secs] 
39648.562: [GC 39648.562: [ParNew: 210628K->1099K(235968K), 0.0090200 secs] 708798K->499317K(1546688K), 0.0092630 secs] [Times: user=0.02 sys=0.00, real=0.01 secs] 
39653.320: [GC 39653.321: [ParNew: 210891K->968K(235968K), 0.0054270 secs] 709109K->499227K(1546688K), 0.0056950 secs] [Times: user=0.02 sys=0.00, real=0.00 secs] 
39668.499: [GC 39668.500: [ParNew: 210714K->787K(235968K), 0.0062030 secs] 708972K->499163K(1546688K), 0.0064860 secs] [Times: user=0.02 sys=0.00, real=0.01 secs] 
39682.420: [GC 39682.420: [ParNew: 210519K->997K(235968K), 0.0061160 secs] 708895K->499416K(1546688K), 0.0062980 secs] [Times: user=0.02 sys=0.00, real=0.01 secs] 
39689.205: [GC 39689.205: [ParNew: 210764K->690K(235968K), 0.0095090 secs] 709183K->499158K(1546688K), 0.0097740 secs] [Times: user=0.03 sys=0.00, real=0.01 secs] 
39709.986: [GC 39709.987: [ParNew: 210482K->831K(235968K), 0.0045830 secs] 708950K->499348K(1546688K), 0.0048410 secs] [Times: user=0.02 sys=0.01, real=0.01 secs] 
39715.358: [GC 39715.358: [ParNew: 210595K->777K(235968K), 0.0044690 secs] 709112K->499337K(1546688K), 0.0046980 secs] [Times: user=0.02 sys=0.00, real=0.00 secs] 
39737.034: [GC 39737.034: [ParNew: 210569K->848K(235968K), 0.0053800 secs] 709129K->499463K(1546688K), 0.0056550 secs] [Times: user=0.02 sys=0.00, real=0.00 secs] 
39744.168: [GC 39744.168: [ParNew: 210588K->943K(235968K), 0.0101780 secs] 709204K->499599K(1546688K), 0.0104470 secs] [Times: user=0.04 sys=0.00, real=0.01 secs] 
39751.240: [GC 39751.241: [ParNew: 210735K->777K(235968K), 0.0066270 secs] 709391K->499476K(1546688K), 0.0068340 secs] [Times: user=0.02 sys=0.00, real=0.01 secs] 
39771.856: [GC 39771.856: [ParNew: 210569K->917K(235968K), 0.0058080 secs] 709268K->499667K(1546688K), 0.0060170 secs] [Times: user=0.02 sys=0.00, real=0.01 secs] 
39781.758: [GC 39781.759: [ParNew: 210709K->707K(235968K), 0.0047770 secs] 709459K->499507K(1546688K), 0.0050460 secs] [Times: user=0.02 sys=0.00, real=0.00 secs] 
39797.582: [GC 39797.582: [ParNew: 210499K->1406K(235968K), 0.0092180 secs] 709299K->500249K(1546688K), 0.0094810 secs] [Times: user=0.02 sys=0.00, real=0.01 secs] 
39804.213: [GC 39804.214: [ParNew: 211198K->1010K(235968K), 0.0051900 secs] 710041K->499896K(1546688K), 0.0054550 secs] [Times: user=0.02 sys=0.00, real=0.00 secs] 
39828.157: [GC 39828.158: [ParNew: 210802K->818K(235968K), 0.0073890 secs] 709688K->499746K(1546688K), 0.0076050 secs] [Times: user=0.03 sys=0.00, real=0.01 secs] 
39831.900: [GC 39831.900: [ParNew: 210610K->872K(235968K), 0.0048460 secs] 709538K->499845K(1546688K), 0.0050540 secs] [Times: user=0.02 sys=0.00, real=0.00 secs] 
39842.291: [GC 39842.291: [ParNew: 210664K->390K(235968K), 0.0041740 secs] 709637K->499501K(1546688K), 0.0043760 secs] [Times: user=0.03 sys=0.01, real=0.00 secs] 
39862.416: [GC 39862.416: [ParNew: 210182K->578K(235968K), 0.0112980 secs] 709293K->499727K(1546688K), 0.0116160 secs] [Times: user=0.04 sys=0.00, real=0.01 secs] 
39867.351: [GC 39867.352: [ParNew: 210370K->921K(235968K), 0.0052310 secs] 709519K->500114K(1546688K), 0.0054480 secs] [Times: user=0.02 sys=0.00, real=0.01 secs] 
39888.612: [GC 39888.612: [ParNew: 210656K->926K(235968K), 0.0111750 secs] 709849K->500161K(1546688K), 0.0114010 secs] [Times: user=0.02 sys=0.00, real=0.01 secs] 
39893.371: [GC 39893.371: [ParNew: 210718K->927K(235968K), 0.0058900 secs] 709953K->500198K(1546688K), 0.0060740 secs] [Times: user=0.02 sys=0.00, real=0.00 secs] 
39908.659: [GC 39908.659: [ParNew: 210689K->781K(235968K), 0.0048380 secs] 709960K->500102K(1546688K), 0.0050920 secs] [Times: user=0.02 sys=0.00, real=0.00 secs] 
39922.997: [GC 39922.997: [ParNew: 210573K->685K(235968K), 0.0083750 secs] 709894K->500108K(1546688K), 0.0085700 secs] [Times: user=0.02 sys=0.00, real=0.01 secs] 
39931.227: [GC 39931.227: [ParNew: 210477K->540K(235968K), 0.0073610 secs] 709900K->500037K(1546688K), 0.0076390 secs] [Times: user=0.02 sys=0.00, real=0.01 secs] 
39950.041: [GC 39950.041: [ParNew: 210332K->1020K(235968K), 0.0059430 secs] 709829K->500559K(1546688K), 0.0062310 secs] [Times: user=0.02 sys=0.00, real=0.00 secs] 
39955.409: [GC 39955.409: [ParNew: 210732K->858K(235968K), 0.0051740 secs] 710271K->500437K(1546688K), 0.0054570 secs] [Times: user=0.02 sys=0.00, real=0.01 secs] 
39977.076: [GC 39977.076: [ParNew: 210633K->1327K(235968K), 0.0072810 secs] 710213K->500957K(1546688K), 0.0074840 secs] [Times: user=0.02 sys=0.00, real=0.01 secs] 
39984.209: [GC 39984.209: [ParNew: 211119K->900K(235968K), 0.0069730 secs] 710749K->500574K(1546688K), 0.0072540 secs] [Times: user=0.02 sys=0.00, real=0.01 secs] 
39991.278: [GC 39991.278: [ParNew: 210692K->719K(235968K), 0.0070610 secs] 710366K->500441K(1546688K), 0.0072480 secs] [Times: user=0.02 sys=0.00, real=0.01 secs] 
40010.086: [GC 40010.086: [ParNew: 210494K->635K(235968K), 0.0068550 secs] 710217K->500412K(1546688K), 0.0070820 secs] [Times: user=0.02 sys=0.00, real=0.01 secs] 
40021.801: [GC 40021.801: [ParNew: 210351K->1066K(235968K), 0.0055020 secs] 710128K->500905K(1546688K), 0.0057540 secs] [Times: user=0.02 sys=0.00, real=0.00 secs] 
40037.626: [GC 40037.626: [ParNew: 210858K->1466K(235968K), 0.0053190 secs] 710697K->501348K(1546688K), 0.0055780 secs] [Times: user=0.02 sys=0.00, real=0.01 secs] 
40044.261: [GC 40044.261: [ParNew: 211228K->912K(235968K), 0.0052940 secs] 711110K->500839K(1546688K), 0.0055700 secs] [Times: user=0.03 sys=0.00, real=0.01 secs] 
40068.181: [GC 40068.181: [ParNew: 210704K->817K(235968K), 0.0051310 secs] 710631K->500887K(1546688K), 0.0053260 secs] [Times: user=0.02 sys=0.00, real=0.01 secs] 
40071.941: [GC 40071.941: [ParNew: 210527K->793K(235968K), 0.0073100 secs] 710598K->500905K(1546688K), 0.0075100 secs] [Times: user=0.02 sys=0.00, real=0.01 secs] 
40081.852: [GC 40081.852: [ParNew: 210556K->856K(235968K), 0.0047060 secs] 710668K->501017K(1546688K), 0.0048980 secs] [Times: user=0.02 sys=0.00, real=0.00 secs] 
40102.164: [GC 40102.164: [ParNew: 210648K->449K(235968K), 0.0083470 secs] 710809K->500654K(1546688K), 0.0085500 secs] [Times: user=0.02 sys=0.00, real=0.01 secs] 
40107.392: [GC 40107.392: [ParNew: 210182K->540K(235968K), 0.0074170 secs] 710386K->500810K(1546688K), 0.0076090 secs] [Times: user=0.02 sys=0.00, real=0.01 secs] 
40128.664: [GC 40128.664: [ParNew: 210280K->933K(235968K), 0.0053580 secs] 710549K->501238K(1546688K), 0.0057600 secs] [Times: user=0.02 sys=0.00, real=0.00 secs] 
40133.420: [GC 40133.420: [ParNew: 210725K->776K(235968K), 0.0058630 secs] 711030K->501117K(1546688K), 0.0061110 secs] [Times: user=0.02 sys=0.00, real=0.01 secs] 
40148.589: [GC 40148.589: [ParNew: 210568K->816K(235968K), 0.0051670 secs] 710909K->501195K(1546688K), 0.0054420 secs] [Times: user=0.02 sys=0.00, real=0.01 secs] 
40163.023: [GC 40163.023: [ParNew: 210608K->774K(235968K), 0.0050940 secs] 710987K->501197K(1546688K), 0.0053820 secs] [Times: user=0.02 sys=0.00, real=0.01 secs] 
40169.276: [GC 40169.277: [ParNew: 210566K->1111K(235968K), 0.0045190 secs] 710989K->501587K(1546688K), 0.0047740 secs] [Times: user=0.03 sys=0.00, real=0.00 secs] 
40190.084: [GC 40190.084: [ParNew: 210903K->1168K(235968K), 0.0059400 secs] 711379K->501692K(1546688K), 0.0062120 secs] [Times: user=0.03 sys=0.00, real=0.00 secs] 
40195.445: [GC 40195.445: [ParNew: 210959K->789K(235968K), 0.0055390 secs] 711483K->501373K(1546688K), 0.0057390 secs] [Times: user=0.02 sys=0.00, real=0.00 secs] 
40217.116: [GC 40217.116: [ParNew: 210505K->664K(235968K), 0.0066850 secs] 711089K->501289K(1546688K), 0.0068950 secs] [Times: user=0.03 sys=0.00, real=0.01 secs] 
40224.253: [GC 40224.253: [ParNew: 210456K->750K(235968K), 0.0054620 secs] 711081K->501418K(1546688K), 0.0056600 secs] [Times: user=0.02 sys=0.00, real=0.01 secs] 
40231.317: [GC 40231.317: [ParNew: 210459K->972K(235968K), 0.0093880 secs] 711127K->501688K(1546688K), 0.0095800 secs] [Times: user=0.02 sys=0.00, real=0.01 secs] 
40250.105: [GC 40250.105: [ParNew: 210758K->948K(235968K), 0.0174150 secs] 711475K->501720K(1546688K), 0.0177010 secs] [Times: user=0.06 sys=0.00, real=0.01 secs] 
40255.467: [GC 40255.468: [ParNew: 210740K->853K(235968K), 0.0050320 secs] 711512K->501687K(1546688K), 0.0052900 secs] [Times: user=0.03 sys=0.00, real=0.01 secs] 
40277.147: [GC 40277.147: [ParNew: 210645K->955K(235968K), 0.0058550 secs] 711479K->501835K(1546688K), 0.0061320 secs] [Times: user=0.02 sys=0.00, real=0.01 secs] 
40284.283: [GC 40284.284: [ParNew: 210747K->749K(235968K), 0.0064850 secs] 711627K->501677K(1546688K), 0.0066690 secs] [Times: user=0.02 sys=0.00, real=0.01 secs] 
40308.198: [GC 40308.198: [ParNew: 210541K->695K(235968K), 0.0078480 secs] 711469K->501703K(1546688K), 0.0080420 secs] [Times: user=0.03 sys=0.00, real=0.01 secs] 
40311.992: [GC 40311.993: [ParNew: 210414K->754K(235968K), 0.0064260 secs] 711422K->501798K(1546688K), 0.0066890 secs] [Times: user=0.02 sys=0.00, real=0.01 secs] 
40321.883: [GC 40321.883: [ParNew: 210546K->439K(235968K), 0.0058470 secs] 711590K->501528K(1546688K), 0.0060260 secs] [Times: user=0.02 sys=0.00, real=0.00 secs] 
40337.701: [GC 40337.702: [ParNew: 210225K->743K(235968K), 0.0066090 secs] 711315K->501877K(1546688K), 0.0067820 secs] [Times: user=0.02 sys=0.00, real=0.00 secs] 
40347.392: [GC 40347.393: [ParNew: 210535K->875K(235968K), 0.0087430 secs] 711669K->502047K(1546688K), 0.0089740 secs] [Times: user=0.02 sys=0.00, real=0.01 secs] 
40368.230: [GC 40368.230: [ParNew: 210667K->1050K(235968K), 0.0054100 secs] 711839K->502277K(1546688K), 0.0056670 secs] [Times: user=0.02 sys=0.00, real=0.01 secs] 
40372.603: [GC 40372.604: [ParNew: 210842K->663K(235968K), 0.0052860 secs] 712069K->501944K(1546688K), 0.0054750 secs] [Times: user=0.02 sys=0.00, real=0.01 secs] 
40388.611: [GC 40388.611: [ParNew: 210455K->820K(235968K), 0.0049940 secs] 711736K->502153K(1546688K), 0.0052800 secs] [Times: user=0.02 sys=0.00, real=0.01 secs] 
40402.488: [GC 40402.488: [ParNew: 210612K->1174K(235968K), 0.0059190 secs] 711945K->502685K(1546688K), 0.0061270 secs] [Times: user=0.03 sys=0.00, real=0.01 secs] 
40407.441: [GC 40407.441: [ParNew: 210888K->830K(235968K), 0.0132350 secs] 712399K->502389K(1546688K), 0.0134160 secs] [Times: user=0.04 sys=0.00, real=0.01 secs] 
40428.775: [GC 40428.775: [ParNew: 210622K->920K(235968K), 0.0060740 secs] 712181K->502529K(1546688K), 0.0063560 secs] [Times: user=0.02 sys=0.01, real=0.00 secs] 
40433.463: [GC 40433.464: [ParNew: 210712K->1026K(235968K), 0.0069850 secs] 712321K->502682K(1546688K), 0.0072560 secs] [Times: user=0.03 sys=0.00, real=0.01 secs] 
40448.632: [GC 40448.633: [ParNew: 210818K->1383K(235968K), 0.0058260 secs] 712474K->503095K(1546688K), 0.0061100 secs] [Times: user=0.02 sys=0.00, real=0.00 secs] 
40462.517: [GC 40462.517: [ParNew: 211175K->667K(235968K), 0.0060300 secs] 712887K->502583K(1546688K), 0.0062350 secs] [Times: user=0.02 sys=0.00, real=0.01 secs] 
40469.301: [GC 40469.301: [ParNew: 210459K->1016K(235968K), 0.0059920 secs] 712375K->503013K(1546688K), 0.0062380 secs] [Times: user=0.02 sys=0.00, real=0.00 secs] 
40488.821: [GC 40488.821: [ParNew: 210808K->779K(235968K), 0.0118340 secs] 712805K->502823K(1546688K), 0.0120400 secs] [Times: user=0.03 sys=0.01, real=0.01 secs] 
40493.504: [GC 40493.505: [ParNew: 210571K->660K(235968K), 0.0061960 secs] 712615K->502758K(1546688K), 0.0064730 secs] [Times: user=0.03 sys=0.00, real=0.01 secs] 
40517.159: [GC 40517.159: [ParNew: 210452K->838K(235968K), 0.0050490 secs] 712550K->502986K(1546688K), 0.0053290 secs] [Times: user=0.02 sys=0.00, real=0.01 secs] 
40523.093: [GC 40523.094: [ParNew: 210604K->1112K(235968K), 0.0073160 secs] 712751K->503303K(1546688K), 0.0075590 secs] [Times: user=0.02 sys=0.00, real=0.01 secs] 
40531.372: [GC 40531.373: [ParNew: 210892K->917K(235968K), 0.0055440 secs] 713083K->503159K(1546688K), 0.0058210 secs] [Times: user=0.02 sys=0.00, real=0.00 secs] 
40550.163: [GC 40550.163: [ParNew: 210617K->931K(235968K), 0.0055340 secs] 712859K->503249K(1546688K), 0.0058070 secs] [Times: user=0.02 sys=0.00, real=0.01 secs] 
40555.525: [GC 40555.525: [ParNew: 210723K->627K(235968K), 0.0053230 secs] 713041K->502994K(1546688K), 0.0055440 secs] [Times: user=0.02 sys=0.01, real=0.01 secs] 
40577.198: [GC 40577.199: [ParNew: 210419K->868K(235968K), 0.0062030 secs] 712786K->503279K(1546688K), 0.0064610 secs] [Times: user=0.02 sys=0.00, real=0.01 secs] 
40584.341: [GC 40584.341: [ParNew: 210660K->892K(235968K), 0.0067810 secs] 713071K->503347K(1546688K), 0.0070030 secs] [Times: user=0.02 sys=0.00, real=0.00 secs] 
40608.238: [GC 40608.238: [ParNew: 210684K->654K(235968K), 0.0057630 secs] 713139K->503157K(1546688K), 0.0060160 secs] [Times: user=0.02 sys=0.00, real=0.00 secs] 
40612.029: [GC 40612.029: [ParNew: 210446K->785K(235968K), 0.0063850 secs] 712949K->503325K(1546688K), 0.0066560 secs] [Times: user=0.02 sys=0.00, real=0.00 secs] 
40621.946: [GC 40621.946: [ParNew: 210548K->880K(235968K), 0.0061590 secs] 713087K->503543K(1546688K), 0.0064270 secs] [Times: user=0.03 sys=0.00, real=0.00 secs] 
40637.743: [GC 40637.743: [ParNew: 210672K->1178K(235968K), 0.0052540 secs] 713335K->503891K(1546688K), 0.0054640 secs] [Times: user=0.02 sys=0.00, real=0.00 secs] 
40647.419: [GC 40647.419: [ParNew: 210970K->771K(235968K), 0.0074400 secs] 713683K->503530K(1546688K), 0.0076950 secs] [Times: user=0.02 sys=0.00, real=0.01 secs] 
40668.274: [GC 40668.275: [ParNew: 210563K->800K(235968K), 0.0043390 secs] 713322K->503617K(1546688K), 0.0046120 secs] [Times: user=0.03 sys=0.00, real=0.01 secs] 
40673.491: [GC 40673.491: [ParNew: 210592K->782K(235968K), 0.0049540 secs] 713409K->503653K(1546688K), 0.0052370 secs] [Times: user=0.02 sys=0.00, real=0.00 secs] 
40688.669: [GC 40688.669: [ParNew: 210574K->1045K(235968K), 0.0048630 secs] 713445K->504017K(1546688K), 0.0050930 secs] [Times: user=0.03 sys=0.00, real=0.00 secs] 
40702.528: [GC 40702.528: [ParNew: 210837K->894K(235968K), 0.0046750 secs] 713809K->503911K(1546688K), 0.0049280 secs] [Times: user=0.02 sys=0.00, real=0.01 secs] 
40707.476: [GC 40707.476: [ParNew: 210572K->543K(235968K), 0.0230560 secs] 713590K->503610K(1546688K), 0.0233170 secs] [Times: user=0.03 sys=0.00, real=0.02 secs] 
40728.827: [GC 40728.827: [ParNew: 210335K->1142K(235968K), 0.0062960 secs] 713402K->504262K(1546688K), 0.0065620 secs] [Times: user=0.02 sys=0.00, real=0.01 secs] 
40733.516: [GC 40733.516: [ParNew: 210934K->1233K(235968K), 0.0073250 secs] 714054K->504407K(1546688K), 0.0076200 secs] [Times: user=0.03 sys=0.00, real=0.01 secs] 
40748.690: [GC 40748.690: [ParNew: 211025K->1118K(235968K), 0.0052080 secs] 714199K->504344K(1546688K), 0.0054250 secs] [Times: user=0.02 sys=0.00, real=0.01 secs] 
40762.561: [GC 40762.561: [ParNew: 210879K->820K(235968K), 0.0058680 secs] 714105K->504095K(1546688K), 0.0060850 secs] [Times: user=0.02 sys=0.00, real=0.01 secs] 
40769.346: [GC 40769.346: [ParNew: 210536K->659K(235968K), 0.0049890 secs] 713811K->504110K(1546688K), 0.0052020 secs] [Times: user=0.02 sys=0.00, real=0.00 secs] 
40788.878: [GC 40788.878: [ParNew: 210405K->1171K(235968K), 0.0057720 secs] 713857K->504677K(1546688K), 0.0059780 secs] [Times: user=0.02 sys=0.00, real=0.01 secs] 
40795.534: [GC 40795.535: [ParNew: 210936K->985K(235968K), 0.0040400 secs] 714442K->504543K(1546688K), 0.0045900 secs] [Times: user=0.02 sys=0.00, real=0.01 secs] 
40817.216: [GC 40817.216: [ParNew: 210777K->867K(235968K), 0.0048360 secs] 714335K->504468K(1546688K), 0.0050500 secs] [Times: user=0.02 sys=0.00, real=0.00 secs] 
40823.139: [GC 40823.140: [ParNew: 210623K->939K(235968K), 0.0042880 secs] 714224K->504584K(1546688K), 0.0045010 secs] [Times: user=0.02 sys=0.00, real=0.01 secs] 
40831.438: [GC 40831.438: [ParNew: 210714K->692K(235968K), 0.0071070 secs] 714358K->504496K(1546688K), 0.0073110 secs] [Times: user=0.02 sys=0.00, real=0.01 secs] 
40850.223: [GC 40850.223: [ParNew: 210484K->948K(235968K), 0.0052420 secs] 714288K->504793K(1546688K), 0.0054620 secs] [Times: user=0.02 sys=0.00, real=0.00 secs] 
40855.577: [GC 40855.577: [ParNew: 210740K->885K(235968K), 0.0042760 secs] 714585K->504777K(1546688K), 0.0044780 secs] [Times: user=0.02 sys=0.00, real=0.01 secs] 
40877.264: [GC 40877.264: [ParNew: 210677K->573K(235968K), 0.0045840 secs] 714569K->504509K(1546688K), 0.0048720 secs] [Times: user=0.02 sys=0.00, real=0.01 secs] 
40884.411: [GC 40884.411: [ParNew: 210344K->841K(235968K), 0.0045290 secs] 714280K->504820K(1546688K), 0.0048220 secs] [Times: user=0.03 sys=0.00, real=0.01 secs] 
40908.286: [GC 40908.286: [ParNew: 210633K->739K(235968K), 0.0068350 secs] 714612K->504784K(1546688K), 0.0070520 secs] [Times: user=0.03 sys=0.00, real=0.01 secs] 
40912.088: [GC 40912.089: [ParNew: 210531K->801K(235968K), 0.0038650 secs] 714576K->504882K(1546688K), 0.0041130 secs] [Times: user=0.02 sys=0.00, real=0.01 secs] 
40922.130: [GC 40922.130: [ParNew: 210591K->1187K(235968K), 0.0205880 secs] 714672K->505311K(1546688K), 0.0208990 secs] [Times: user=0.02 sys=0.01, real=0.02 secs] 
40937.804: [GC 40937.804: [ParNew: 210919K->1319K(235968K), 0.0052430 secs] 715042K->505486K(1546688K), 0.0054950 secs] [Times: user=0.02 sys=0.00, real=0.01 secs] 
40947.462: [GC 40947.463: [ParNew: 210989K->1328K(235968K), 0.0049090 secs] 715156K->505548K(1546688K), 0.0051730 secs] [Times: user=0.03 sys=0.00, real=0.01 secs] 
40968.314: [GC 40968.314: [ParNew: 211120K->1259K(235968K), 0.0075770 secs] 715340K->505534K(1546688K), 0.0078830 secs] [Times: user=0.02 sys=0.00, real=0.01 secs] 
40972.117: [GC 40972.117: [ParNew: 211026K->1108K(235968K), 0.0114340 secs] 715302K->505763K(1546688K), 0.0117200 secs] [Times: user=0.02 sys=0.00, real=0.01 secs] 
40982.177: [GC 40982.178: [ParNew: 210900K->697K(235968K), 0.0056830 secs] 715555K->505407K(1546688K), 0.0059530 secs] [Times: user=0.02 sys=0.00, real=0.01 secs] 
40997.840: [GC 40997.840: [ParNew: 210489K->855K(235968K), 0.0056510 secs] 715199K->505621K(1546688K), 0.0058540 secs] [Times: user=0.02 sys=0.00, real=0.01 secs] 
41007.499: [GC 41007.500: [ParNew: 210647K->599K(235968K), 0.0053070 secs] 715413K->505413K(1546688K), 0.0055070 secs] [Times: user=0.02 sys=0.00, real=0.01 secs] 
41028.900: [GC 41028.900: [ParNew: 210391K->479K(235968K), 0.0070900 secs] 715205K->505330K(1546688K), 0.0072990 secs] [Times: user=0.02 sys=0.00, real=0.01 secs] 
41033.593: [GC 41033.593: [ParNew: 210271K->587K(235968K), 0.0060390 secs] 715122K->505503K(1546688K), 0.0062320 secs] [Times: user=0.02 sys=0.00, real=0.00 secs] 
41048.760: [GC 41048.760: [ParNew: 210379K->735K(235968K), 0.0048950 secs] 715295K->505689K(1546688K), 0.0050900 secs] [Times: user=0.02 sys=0.00, real=0.00 secs] 
41063.152: [GC 41063.153: [ParNew: 210480K->786K(235968K), 0.0052210 secs] 715434K->505777K(1546688K), 0.0054170 secs] [Times: user=0.02 sys=0.00, real=0.01 secs] 
41069.394: [GC 41069.395: [ParNew: 210578K->927K(235968K), 0.0064670 secs] 715569K->505969K(1546688K), 0.0066640 secs] [Times: user=0.02 sys=0.00, real=0.00 secs] 
41090.260: [GC 41090.260: [ParNew: 210719K->1178K(235968K), 0.0203650 secs] 715761K->506268K(1546688K), 0.0206300 secs] [Times: user=0.04 sys=0.00, real=0.02 secs] 
41095.598: [GC 41095.598: [ParNew: 210970K->1159K(235968K), 0.0066900 secs] 716060K->506292K(1546688K), 0.0069480 secs] [Times: user=0.02 sys=0.00, real=0.01 secs] 
41117.286: [GC 41117.286: [ParNew: 210951K->697K(235968K), 0.0075640 secs] 716084K->505874K(1546688K), 0.0078360 secs] [Times: user=0.02 sys=0.00, real=0.01 secs] 
41124.436: [GC 41124.436: [ParNew: 210489K->692K(235968K), 0.0056560 secs] 715666K->505996K(1546688K), 0.0058890 secs] [Times: user=0.02 sys=0.00, real=0.00 secs] 
41131.514: [GC 41131.515: [ParNew: 210484K->841K(235968K), 0.0064700 secs] 715788K->506188K(1546688K), 0.0067220 secs] [Times: user=0.02 sys=0.00, real=0.01 secs] 
41152.115: [GC 41152.115: [ParNew: 210633K->689K(235968K), 0.0062410 secs] 715980K->506084K(1546688K), 0.0065030 secs] [Times: user=0.02 sys=0.00, real=0.01 secs] 
41162.183: [GC 41162.183: [ParNew: 210481K->813K(235968K), 0.0145390 secs] 715876K->506261K(1546688K), 0.0147920 secs] [Times: user=0.04 sys=0.00, real=0.01 secs] 
41177.848: [GC 41177.848: [ParNew: 210605K->844K(235968K), 0.0062730 secs] 716053K->506323K(1546688K), 0.0065060 secs] [Times: user=0.02 sys=0.00, real=0.00 secs] 
41187.493: [GC 41187.494: [ParNew: 210548K->1108K(235968K), 0.0057930 secs] 716027K->506631K(1546688K), 0.0060660 secs] [Times: user=0.02 sys=0.00, real=0.01 secs] 
41208.351: [GC 41208.352: [ParNew: 210900K->704K(235968K), 0.0045960 secs] 716423K->506269K(1546688K), 0.0048580 secs] [Times: user=0.02 sys=0.00, real=0.01 secs] 
41213.595: [GC 41213.596: [ParNew: 210496K->652K(235968K), 0.0225120 secs] 716061K->506266K(1546688K), 0.0227990 secs] [Times: user=0.04 sys=0.01, real=0.02 secs] 
41228.763: [GC 41228.763: [ParNew: 210444K->636K(235968K), 0.0055110 secs] 716058K->506304K(1546688K), 0.0057700 secs] [Times: user=0.02 sys=0.00, real=0.00 secs] 
41240.895: [GC 41240.895: [ParNew: 210428K->627K(235968K), 0.0072180 secs] 716096K->506352K(1546688K), 0.0074500 secs] [Times: user=0.02 sys=0.00, real=0.01 secs] 
41247.529: [GC 41247.530: [ParNew: 210419K->1156K(235968K), 0.0092720 secs] 716144K->506925K(1546688K), 0.0095170 secs] [Times: user=0.02 sys=0.01, real=0.01 secs] 
41268.938: [GC 41268.938: [ParNew: 210948K->1133K(235968K), 0.0063750 secs] 716717K->506956K(1546688K), 0.0065670 secs] [Times: user=0.02 sys=0.00, real=0.01 secs] 
41273.628: [GC 41273.628: [ParNew: 210925K->781K(235968K), 0.0179120 secs] 716748K->506654K(1546688K), 0.0181980 secs] [Times: user=0.03 sys=0.00, real=0.02 secs] 
41288.802: [GC 41288.802: [ParNew: 210573K->716K(235968K), 0.0061880 secs] 716446K->506731K(1546688K), 0.0064620 secs] [Times: user=0.02 sys=0.01, real=0.00 secs] 
41302.645: [GC 41302.645: [ParNew: 210508K->924K(235968K), 0.0052760 secs] 716523K->506983K(1546688K), 0.0054880 secs] [Times: user=0.02 sys=0.00, real=0.01 secs] 
41309.425: [GC 41309.426: [ParNew: 210716K->797K(235968K), 0.0050870 secs] 716775K->506932K(1546688K), 0.0054020 secs] [Times: user=0.02 sys=0.00, real=0.01 secs] 
41330.326: [GC 41330.326: [ParNew: 210589K->1127K(235968K), 0.0087920 secs] 716724K->507311K(1546688K), 0.0090200 secs] [Times: user=0.03 sys=0.00, real=0.01 secs] 
41335.643: [GC 41335.643: [ParNew: 210919K->1041K(235968K), 0.0060080 secs] 717103K->507267K(1546688K), 0.0062940 secs] [Times: user=0.02 sys=0.00, real=0.01 secs] 
41357.332: [GC 41357.332: [ParNew: 210833K->661K(235968K), 0.0069180 secs] 717059K->506919K(1546688K), 0.0071780 secs] [Times: user=0.02 sys=0.00, real=0.01 secs] 
41364.483: [GC 41364.483: [ParNew: 210453K->857K(235968K), 0.0047450 secs] 716711K->507153K(1546688K), 0.0050060 secs] [Times: user=0.02 sys=0.00, real=0.01 secs] 
41371.569: [GC 41371.569: [ParNew: 210622K->886K(235968K), 0.0047410 secs] 716918K->507231K(1546688K), 0.0049790 secs] [Times: user=0.02 sys=0.00, real=0.00 secs] 
41392.151: [GC 41392.151: [ParNew: 210668K->685K(235968K), 0.0062160 secs] 717013K->507084K(1546688K), 0.0064390 secs] [Times: user=0.02 sys=0.00, real=0.01 secs] 
41402.244: [GC 41402.244: [ParNew: 210477K->591K(235968K), 0.0251860 secs] 716876K->507039K(1546688K), 0.0254490 secs] [Times: user=0.03 sys=0.00, real=0.02 secs] 
41417.889: [GC 41417.889: [ParNew: 210383K->856K(235968K), 0.0047530 secs] 716831K->507342K(1546688K), 0.0050140 secs] [Times: user=0.03 sys=0.00, real=0.01 secs] 
41424.539: [GC 41424.539: [ParNew: 210641K->786K(235968K), 0.0077700 secs] 717127K->507315K(1546688K), 0.0080150 secs] [Times: user=0.02 sys=0.00, real=0.01 secs] 
41448.380: [GC 41448.381: [ParNew: 210578K->754K(235968K), 0.0047840 secs] 717107K->507419K(1546688K), 0.0050670 secs] [Times: user=0.02 sys=0.00, real=0.01 secs] 
41452.207: [GC 41452.207: [ParNew: 210496K->814K(235968K), 0.0054790 secs] 717161K->507529K(1546688K), 0.0057250 secs] [Times: user=0.02 sys=0.00, real=0.00 secs] 
41462.279: [GC 41462.279: [ParNew: 210576K->1539K(235968K), 0.0059570 secs] 717291K->508308K(1546688K), 0.0061500 secs] [Times: user=0.03 sys=0.00, real=0.01 secs] 
41477.918: [GC 41477.919: [ParNew: 211331K->1127K(235968K), 0.0075340 secs] 718100K->507940K(1546688K), 0.0077890 secs] [Times: user=0.02 sys=0.00, real=0.01 secs] 
41487.679: [GC 41487.679: [ParNew: 210810K->1063K(235968K), 0.0343850 secs] 717623K->507924K(1546688K), 0.0346600 secs] [Times: user=0.07 sys=0.00, real=0.03 secs] 
41508.383: [GC 41508.383: [ParNew: 210855K->1077K(235968K), 0.0070830 secs] 717716K->507992K(1546688K), 0.0073480 secs] [Times: user=0.02 sys=0.00, real=0.01 secs] 
41513.276: [GC 41513.276: [ParNew: 210869K->859K(235968K), 0.0078620 secs] 717784K->507838K(1546688K), 0.0080390 secs] [Times: user=0.02 sys=0.00, real=0.00 secs] 
41522.288: [GC 41522.288: [ParNew: 210651K->1018K(235968K), 0.0071480 secs] 717630K->508128K(1546688K), 0.0073450 secs] [Times: user=0.02 sys=0.00, real=0.01 secs] 
41537.931: [GC 41537.932: [ParNew: 210791K->799K(235968K), 0.0057250 secs] 717901K->507966K(1546688K), 0.0060050 secs] [Times: user=0.02 sys=0.00, real=0.00 secs] 
41547.712: [GC 41547.712: [ParNew: 210591K->891K(235968K), 0.0166140 secs] 717758K->508110K(1546688K), 0.0169110 secs] [Times: user=0.03 sys=0.01, real=0.01 secs] 
41568.988: [GC 41568.988: [ParNew: 210667K->978K(235968K), 0.0079310 secs] 717886K->508249K(1546688K), 0.0082560 secs] [Times: user=0.03 sys=0.00, real=0.01 secs] 
41573.791: [GC 41573.791: [ParNew: 210725K->981K(235968K), 0.0054810 secs] 717996K->508305K(1546688K), 0.0057310 secs] [Times: user=0.02 sys=0.00, real=0.01 secs] 
41588.849: [GC 41588.849: [ParNew: 210773K->837K(235968K), 0.0046510 secs] 718097K->508216K(1546688K), 0.0049200 secs] [Times: user=0.02 sys=0.00, real=0.01 secs] 
41602.675: [GC 41602.675: [ParNew: 210629K->837K(235968K), 0.0041840 secs] 718008K->508259K(1546688K), 0.0044630 secs] [Times: user=0.02 sys=0.01, real=0.00 secs] 
41609.455: [GC 41609.456: [ParNew: 210521K->905K(235968K), 0.0058610 secs] 717944K->508384K(1546688K), 0.0070650 secs] [Times: user=0.03 sys=0.00, real=0.01 secs] 
41629.014: [GC 41629.015: [ParNew: 210662K->962K(235968K), 0.0052620 secs] 718141K->508495K(1546688K), 0.0055270 secs] [Times: user=0.02 sys=0.00, real=0.01 secs] 
41633.820: [GC 41633.820: [ParNew: 210697K->889K(235968K), 0.0036230 secs] 718230K->508470K(1546688K), 0.0038620 secs] [Times: user=0.02 sys=0.00, real=0.00 secs] 
41648.873: [GC 41648.873: [ParNew: 210681K->1554K(235968K), 0.0101930 secs] 718262K->509184K(1546688K), 0.0104830 secs] [Times: user=0.04 sys=0.00, real=0.02 secs] 
41662.715: [GC 41662.715: [ParNew: 211346K->2002K(235968K), 0.0048480 secs] 718976K->509689K(1546688K), 0.0051270 secs] [Times: user=0.03 sys=0.00, real=0.00 secs] 
41669.476: [GC 41669.476: [ParNew: 211794K->2466K(235968K), 0.0042150 secs] 719481K->510214K(1546688K), 0.0044870 secs] [Times: user=0.02 sys=0.01, real=0.00 secs] 
41690.402: [GC 41690.402: [ParNew: 212258K->2228K(235968K), 0.0327080 secs] 720006K->510028K(1546688K), 0.0330230 secs] [Times: user=0.06 sys=0.00, real=0.03 secs] 
41695.703: [GC 41695.703: [ParNew: 212020K->2147K(235968K), 0.0125330 secs] 719820K->510722K(1546688K), 0.0128160 secs] [Times: user=0.04 sys=0.01, real=0.01 secs] 
41717.405: [GC 41717.405: [ParNew: 211917K->1562K(235968K), 0.0065140 secs] 720491K->510599K(1546688K), 0.0068720 secs] [Times: user=0.03 sys=0.00, real=0.00 secs] 
41724.555: [GC 41724.555: [ParNew: 211354K->1238K(235968K), 0.0072230 secs] 720391K->510313K(1546688K), 0.0074790 secs] [Times: user=0.03 sys=0.00, real=0.01 secs] 
41731.641: [GC 41731.641: [ParNew: 210995K->1181K(235968K), 0.0060750 secs] 720070K->510396K(1546688K), 0.0063250 secs] [Times: user=0.03 sys=0.00, real=0.00 secs] 
41752.219: [GC 41752.219: [ParNew: 210973K->1346K(235968K), 0.0069350 secs] 720188K->510638K(1546688K), 0.0071530 secs] [Times: user=0.03 sys=0.00, real=0.00 secs] 
41762.308: [GC 41762.308: [ParNew: 211138K->788K(235968K), 0.0143180 secs] 720430K->510247K(1546688K), 0.0145570 secs] [Times: user=0.02 sys=0.00, real=0.01 secs] 
41777.960: [GC 41777.960: [ParNew: 210580K->1579K(235968K), 0.0058340 secs] 720039K->511142K(1546688K), 0.0061160 secs] [Times: user=0.02 sys=0.00, real=0.01 secs] 
41784.605: [GC 41784.605: [ParNew: 211361K->1450K(235968K), 0.0067540 secs] 720923K->511128K(1546688K), 0.0070320 secs] [Times: user=0.03 sys=0.00, real=0.01 secs] 
41808.419: [GC 41808.419: [ParNew: 211199K->2092K(235968K), 0.0075700 secs] 720877K->511967K(1546688K), 0.0078550 secs] [Times: user=0.03 sys=0.00, real=0.00 secs] 
41812.257: [GC 41812.257: [ParNew: 211884K->1826K(235968K), 0.0066400 secs] 721759K->511747K(1546688K), 0.0069010 secs] [Times: user=0.03 sys=0.00, real=0.01 secs] 
41822.351: [GC 41822.351: [ParNew: 211618K->1805K(235968K), 0.0110980 secs] 721539K->511875K(1546688K), 0.0113320 secs] [Times: user=0.03 sys=0.00, real=0.01 secs] 
41837.987: [GC 41837.987: [ParNew: 211573K->1748K(235968K), 0.0216990 secs] 721643K->511955K(1546688K), 0.0219870 secs] [Times: user=0.07 sys=0.01, real=0.02 secs] 
41847.729: [GC 41847.729: [ParNew: 211477K->1542K(235968K), 0.0055940 secs] 721685K->512069K(1546688K), 0.0058680 secs] [Times: user=0.03 sys=0.00, real=0.01 secs] 
41869.048: [GC 41869.048: [ParNew: 211334K->1914K(235968K), 0.0046130 secs] 721861K->512534K(1546688K), 0.0048800 secs] [Times: user=0.03 sys=0.00, real=0.01 secs] 
41873.853: [GC 41873.853: [ParNew: 211581K->1722K(235968K), 0.0044510 secs] 722201K->512440K(1546688K), 0.0047130 secs] [Times: user=0.03 sys=0.00, real=0.00 secs] 
41888.907: [GC 41888.907: [ParNew: 211454K->1479K(235968K), 0.0053390 secs] 722172K->512377K(1546688K), 0.0056070 secs] [Times: user=0.03 sys=0.00, real=0.00 secs] 
41902.723: [GC 41902.723: [ParNew: 211271K->1266K(235968K), 0.0065060 secs] 722169K->512268K(1546688K), 0.0067580 secs] [Times: user=0.03 sys=0.00, real=0.01 secs] 
41909.502: [GC 41909.502: [ParNew: 211043K->871K(235968K), 0.0053020 secs] 722044K->512053K(1546688K), 0.0055690 secs] [Times: user=0.03 sys=0.00, real=0.01 secs] 
41929.084: [GC 41929.084: [ParNew: 210598K->1839K(235968K), 0.0048530 secs] 721780K->513125K(1546688K), 0.0051580 secs] [Times: user=0.03 sys=0.00, real=0.00 secs] 
41933.895: [GC 41933.896: [ParNew: 211600K->1773K(235968K), 0.0042160 secs] 722887K->513146K(1546688K), 0.0044840 secs] [Times: user=0.02 sys=0.01, real=0.01 secs] 
41951.932: [GC 41951.932: [ParNew: 211565K->1516K(235968K), 0.0048030 secs] 722938K->512998K(1546688K), 0.0050580 secs] [Times: user=0.03 sys=0.00, real=0.01 secs] 
41963.286: [GC 41963.286: [ParNew: 211308K->1765K(235968K), 0.0057370 secs] 722790K->513328K(1546688K), 0.0060320 secs] [Times: user=0.02 sys=0.00, real=0.00 secs] 
41971.667: [GC 41971.667: [ParNew: 211557K->1488K(235968K), 0.0055480 secs] 723120K->513828K(1546688K), 0.0057960 secs] [Times: user=0.03 sys=0.00, real=0.00 secs] 
41990.482: [GC 41990.482: [ParNew: 211280K->1381K(235968K), 0.0151320 secs] 723620K->513768K(1546688K), 0.0154480 secs] [Times: user=0.03 sys=0.00, real=0.01 secs] 
41995.770: [GC 41995.770: [ParNew: 211158K->1514K(235968K), 0.0092020 secs] 723544K->514017K(1546688K), 0.0094690 secs] [Times: user=0.03 sys=0.00, real=0.01 secs] 
42017.472: [GC 42017.472: [ParNew: 211240K->1383K(235968K), 0.0133350 secs] 723743K->513969K(1546688K), 0.0135740 secs] [Times: user=0.04 sys=0.00, real=0.02 secs] 
42024.619: [GC 42024.619: [ParNew: 211175K->1256K(235968K), 0.0067290 secs] 723761K->513952K(1546688K), 0.0070140 secs] [Times: user=0.03 sys=0.00, real=0.01 secs] 
42031.707: [GC 42031.708: [ParNew: 210988K->1186K(235968K), 0.0091800 secs] 723684K->514094K(1546688K), 0.0093800 secs] [Times: user=0.03 sys=0.00, real=0.01 secs] 
42052.274: [GC 42052.275: [ParNew: 210978K->1315K(235968K), 0.0073170 secs] 723886K->514317K(1546688K), 0.0076090 secs] [Times: user=0.02 sys=0.00, real=0.01 secs] 
42062.376: [GC 42062.377: [ParNew: 211107K->1105K(235968K), 0.0087810 secs] 724109K->514301K(1546688K), 0.0089640 secs] [Times: user=0.03 sys=0.00, real=0.01 secs] 
42078.022: [GC 42078.022: [ParNew: 210897K->814K(235968K), 0.0071340 secs] 724093K->514064K(1546688K), 0.0073290 secs] [Times: user=0.02 sys=0.00, real=0.01 secs] 
42087.749: [GC 42087.749: [ParNew: 210563K->1032K(235968K), 0.0050150 secs] 723814K->514351K(1546688K), 0.0052230 secs] [Times: user=0.03 sys=0.00, real=0.00 secs] 
42108.477: [GC 42108.477: [ParNew: 210773K->1310K(235968K), 0.0070080 secs] 724092K->514693K(1546688K), 0.0071920 secs] [Times: user=0.02 sys=0.00, real=0.01 secs] 
42112.326: [GC 42112.326: [ParNew: 210975K->1208K(235968K), 0.0096150 secs] 724358K->514722K(1546688K), 0.0097960 secs] [Times: user=0.03 sys=0.00, real=0.01 secs] 
42127.930: [GC 42127.930: [ParNew: 211000K->1171K(235968K), 0.0094780 secs] 724514K->514766K(1546688K), 0.0096580 secs] [Times: user=0.02 sys=0.01, real=0.01 secs] 
42142.735: [GC 42142.735: [ParNew: 210963K->1169K(235968K), 0.0085790 secs] 724558K->514887K(1546688K), 0.0088430 secs] [Times: user=0.03 sys=0.00, real=0.01 secs] 
42149.512: [GC 42149.512: [ParNew: 210961K->1094K(235968K), 0.0076740 secs] 724679K->515013K(1546688K), 0.0079350 secs] [Times: user=0.03 sys=0.01, real=0.01 secs] 
42169.111: [GC 42169.111: [ParNew: 210886K->1803K(235968K), 0.0081270 secs] 724805K->515807K(1546688K), 0.0084100 secs] [Times: user=0.03 sys=0.00, real=0.01 secs] 
42173.912: [GC 42173.912: [ParNew: 211525K->1432K(235968K), 0.0057160 secs] 725530K->515651K(1546688K), 0.0059900 secs] [Times: user=0.03 sys=0.00, real=0.00 secs] 
42189.091: [GC 42189.091: [ParNew: 211224K->1313K(235968K), 0.0053520 secs] 725443K->515613K(1546688K), 0.0056190 secs] [Times: user=0.03 sys=0.00, real=0.00 secs] 
42202.771: [GC 42202.771: [ParNew: 211105K->1163K(235968K), 0.0045790 secs] 725405K->515557K(1546688K), 0.0048600 secs] [Times: user=0.03 sys=0.00, real=0.00 secs] 
42209.549: [GC 42209.549: [ParNew: 210930K->1160K(235968K), 0.0059140 secs] 725324K->515704K(1546688K), 0.0061670 secs] [Times: user=0.02 sys=0.01, real=0.00 secs] 
42230.509: [GC 42230.509: [ParNew: 210952K->1684K(235968K), 0.0063320 secs] 725496K->516322K(1546688K), 0.0066230 secs] [Times: user=0.03 sys=0.00, real=0.01 secs] 
42235.795: [GC 42235.795: [ParNew: 211461K->1580K(235968K), 0.0052160 secs] 726099K->516370K(1546688K), 0.0055180 secs] [Times: user=0.02 sys=0.00, real=0.00 secs] 
42257.520: [GC 42257.520: [ParNew: 211325K->1777K(235968K), 0.0073120 secs] 726116K->516682K(1546688K), 0.0076040 secs] [Times: user=0.02 sys=0.00, real=0.00 secs] 
42263.332: [GC 42263.332: [ParNew: 211569K->1828K(235968K), 0.0086680 secs] 726474K->516795K(1546688K), 0.0089010 secs] [Times: user=0.02 sys=0.00, real=0.01 secs] 
42271.735: [GC 42271.736: [ParNew: 211620K->1851K(235968K), 0.0105050 secs] 726587K->517026K(1546688K), 0.0107880 secs] [Times: user=0.03 sys=0.00, real=0.02 secs] 
42290.542: [GC 42290.542: [ParNew: 211625K->1697K(235968K), 0.0072870 secs] 726800K->517007K(1546688K), 0.0075620 secs] [Times: user=0.02 sys=0.00, real=0.01 secs] 
42295.826: [GC 42295.826: [ParNew: 211444K->1766K(235968K), 0.0078470 secs] 726754K->517299K(1546688K), 0.0081120 secs] [Times: user=0.03 sys=0.00, real=0.01 secs] 
42317.541: [GC 42317.541: [ParNew: 211558K->1064K(235968K), 0.0154100 secs] 727091K->516817K(1546688K), 0.0156060 secs] [Times: user=0.03 sys=0.00, real=0.01 secs] 
42324.675: [GC 42324.675: [ParNew: 210856K->1324K(235968K), 0.0064200 secs] 726609K->517142K(1546688K), 0.0066720 secs] [Times: user=0.02 sys=0.00, real=0.01 secs] 
42331.780: [GC 42331.780: [ParNew: 211004K->1222K(235968K), 0.0078720 secs] 726822K->517174K(1546688K), 0.0081200 secs] [Times: user=0.02 sys=0.00, real=0.01 secs] 
42352.330: [GC 42352.330: [ParNew: 211014K->1182K(235968K), 0.0094600 secs] 726966K->517182K(1546688K), 0.0096960 secs] [Times: user=0.03 sys=0.00, real=0.01 secs] 
42362.446: [GC 42362.446: [ParNew: 210937K->1102K(235968K), 0.0073900 secs] 726938K->517281K(1546688K), 0.0076620 secs] [Times: user=0.02 sys=0.01, real=0.01 secs] 
42378.080: [GC 42378.081: [ParNew: 210880K->977K(235968K), 0.0056660 secs] 727059K->517205K(1546688K), 0.0059020 secs] [Times: user=0.02 sys=0.00, real=0.00 secs] 
42387.794: [GC 42387.794: [ParNew: 210769K->898K(235968K), 0.0065850 secs] 726997K->517198K(1546688K), 0.0068290 secs] [Times: user=0.02 sys=0.00, real=0.01 secs] 
42408.521: [GC 42408.521: [ParNew: 210626K->744K(235968K), 0.0068870 secs] 726926K->517131K(1546688K), 0.0071650 secs] [Times: user=0.03 sys=0.00, real=0.01 secs] 
42413.941: [GC 42413.941: [ParNew: 210478K->828K(235968K), 0.0089200 secs] 726865K->517281K(1546688K), 0.0091820 secs] [Times: user=0.02 sys=0.00, real=0.01 secs] 
42429.124: [GC 42429.125: [ParNew: 210620K->1577K(235968K), 0.0067610 secs] 727073K->518098K(1546688K), 0.0070050 secs] [Times: user=0.02 sys=0.00, real=0.01 secs] 
42442.785: [GC 42442.785: [ParNew: 211369K->1200K(235968K), 0.0068340 secs] 727890K->517803K(1546688K), 0.0071600 secs] [Times: user=0.02 sys=0.00, real=0.01 secs] 
42449.567: [GC 42449.567: [ParNew: 210983K->1004K(235968K), 0.0055650 secs] 727586K->517648K(1546688K), 0.0058230 secs] [Times: user=0.03 sys=0.00, real=0.01 secs] 
42469.189: [GC 42469.189: [ParNew: 210796K->754K(235968K), 0.0076290 secs] 727440K->517439K(1546688K), 0.0079030 secs] [Times: user=0.02 sys=0.00, real=0.01 secs] 
42474.821: [GC 42474.821: [ParNew: 210546K->679K(235968K), 0.0062050 secs] 727231K->517413K(1546688K), 0.0065020 secs] [Times: user=0.02 sys=0.00, real=0.01 secs] 
42489.172: [GC 42489.172: [ParNew: 210359K->951K(235968K), 0.0079840 secs] 727093K->517734K(1546688K), 0.0082780 secs] [Times: user=0.02 sys=0.00, real=0.00 secs] 
42503.475: [GC 42503.475: [ParNew: 210743K->986K(235968K), 0.0052460 secs] 727526K->517813K(1546688K), 0.0055320 secs] [Times: user=0.02 sys=0.00, real=0.01 secs] 
42511.780: [GC 42511.781: [ParNew: 210725K->1202K(235968K), 0.0053280 secs] 727552K->518075K(1546688K), 0.0056480 secs] [Times: user=0.02 sys=0.00, real=0.00 secs] 
42530.575: [GC 42530.576: [ParNew: 210994K->988K(235968K), 0.0052880 secs] 727867K->517898K(1546688K), 0.0055180 secs] [Times: user=0.03 sys=0.00, real=0.00 secs] 
42535.856: [GC 42535.856: [ParNew: 210780K->873K(235968K), 0.0054520 secs] 727690K->517821K(1546688K), 0.0057330 secs] [Times: user=0.02 sys=0.00, real=0.00 secs] 
42557.596: [GC 42557.596: [ParNew: 210665K->682K(235968K), 0.0158030 secs] 727613K->517686K(1546688K), 0.0161110 secs] [Times: user=0.03 sys=0.00, real=0.02 secs] 
42564.724: [GC 42564.725: [ParNew: 210474K->765K(235968K), 0.0096930 secs] 727478K->517898K(1546688K), 0.0099440 secs] [Times: user=0.02 sys=0.00, real=0.01 secs] 
42571.828: [GC 42571.828: [ParNew: 210537K->998K(235968K), 0.0062830 secs] 727670K->518186K(1546688K), 0.0065370 secs] [Times: user=0.02 sys=0.00, real=0.01 secs] 
42590.611: [GC 42590.611: [ParNew: 210690K->1030K(235968K), 0.0080250 secs] 727877K->518272K(1546688K), 0.0082850 secs] [Times: user=0.02 sys=0.00, real=0.01 secs] 
42602.478: [GC 42602.478: [ParNew: 210822K->770K(235968K), 0.0087940 secs] 728064K->518065K(1546688K), 0.0090380 secs] [Times: user=0.03 sys=0.00, real=0.01 secs] 
42618.102: [GC 42618.102: [ParNew: 210539K->815K(235968K), 0.0075170 secs] 727835K->518173K(1546688K), 0.0077680 secs] [Times: user=0.02 sys=0.00, real=0.00 secs] 
42624.752: [GC 42624.752: [ParNew: 210607K->1083K(235968K), 0.0073950 secs] 727964K->518488K(1546688K), 0.0076780 secs] [Times: user=0.02 sys=0.00, real=0.00 secs] 
42648.524: [GC 42648.524: [ParNew: 210875K->1065K(235968K), 0.0076370 secs] 728280K->518519K(1546688K), 0.0078460 secs] [Times: user=0.03 sys=0.01, real=0.01 secs] 
42652.396: [GC 42652.397: [ParNew: 210839K->912K(235968K), 0.0053690 secs] 728293K->518409K(1546688K), 0.0056110 secs] [Times: user=0.02 sys=0.00, real=0.00 secs] 
42662.511: [GC 42662.512: [ParNew: 210704K->1139K(235968K), 0.0067800 secs] 728201K->518678K(1546688K), 0.0070260 secs] [Times: user=0.02 sys=0.00, real=0.01 secs] 
42678.135: [GC 42678.135: [ParNew: 210931K->744K(235968K), 0.0057740 secs] 728470K->518327K(1546688K), 0.0060480 secs] [Times: user=0.03 sys=0.00, real=0.00 secs] 
42687.830: [GC 42687.830: [ParNew: 210536K->938K(235968K), 0.0063230 secs] 728119K->518576K(1546688K), 0.0065900 secs] [Times: user=0.03 sys=0.00, real=0.01 secs] 
42708.555: [GC 42708.556: [ParNew: 210730K->1069K(235968K), 0.0038200 secs] 728368K->518761K(1546688K), 0.0040840 secs] [Times: user=0.03 sys=0.01, real=0.01 secs] 
42713.976: [GC 42713.976: [ParNew: 210861K->659K(235968K), 0.0068200 secs] 728553K->518404K(1546688K), 0.0071170 secs] [Times: user=0.02 sys=0.00, real=0.01 secs] 
42729.172: [GC 42729.172: [ParNew: 210431K->813K(235968K), 0.0069370 secs] 728177K->518618K(1546688K), 0.0071710 secs] [Times: user=0.03 sys=0.00, real=0.01 secs] 
42742.817: [GC 42742.817: [ParNew: 210604K->851K(235968K), 0.0049980 secs] 728409K->518714K(1546688K), 0.0052850 secs] [Times: user=0.02 sys=0.00, real=0.01 secs] 
42749.594: [GC 42749.594: [ParNew: 210643K->759K(235968K), 0.0057760 secs] 728506K->518676K(1546688K), 0.0059550 secs] [Times: user=0.02 sys=0.00, real=0.00 secs] 
42769.235: [GC 42769.235: [ParNew: 210551K->863K(235968K), 0.0064170 secs] 728468K->518817K(1546688K), 0.0066250 secs] [Times: user=0.02 sys=0.00, real=0.01 secs] 
42774.041: [GC 42774.041: [ParNew: 210655K->566K(235968K), 0.0073480 secs] 728609K->518561K(1546688K), 0.0075500 secs] [Times: user=0.02 sys=0.00, real=0.01 secs] 
42789.214: [GC 42789.214: [ParNew: 210358K->599K(235968K), 0.0057410 secs] 728353K->518644K(1546688K), 0.0059460 secs] [Times: user=0.02 sys=0.00, real=0.01 secs] 
42802.860: [GC 42802.861: [ParNew: 210300K->820K(235968K), 0.0047080 secs] 728346K->518918K(1546688K), 0.0049160 secs] [Times: user=0.02 sys=0.00, real=0.01 secs] 
42809.629: [GC 42809.629: [ParNew: 210612K->768K(235968K), 0.0070610 secs] 728710K->518919K(1546688K), 0.0072820 secs] [Times: user=0.02 sys=0.00, real=0.01 secs] 
42830.624: [GC 42830.624: [ParNew: 210560K->1082K(235968K), 0.0055930 secs] 728711K->519281K(1546688K), 0.0058830 secs] [Times: user=0.02 sys=0.01, real=0.01 secs] 
42835.899: [GC 42835.899: [ParNew: 210874K->966K(235968K), 0.0036340 secs] 729073K->519216K(1546688K), 0.0038880 secs] [Times: user=0.02 sys=0.00, real=0.00 secs] 
42857.658: [GC 42857.658: [ParNew: 210734K->1065K(235968K), 0.0122390 secs] 728984K->519353K(1546688K), 0.0125550 secs] [Times: user=0.02 sys=0.00, real=0.01 secs] 
42864.771: [GC 42864.771: [ParNew: 210857K->941K(235968K), 0.0049590 secs] 729145K->519282K(1546688K), 0.0052280 secs] [Times: user=0.02 sys=0.01, real=0.01 secs] 
42871.884: [GC 42871.884: [ParNew: 210618K->1050K(235968K), 0.0060040 secs] 728959K->519435K(1546688K), 0.0062880 secs] [Times: user=0.03 sys=0.00, real=0.00 secs] 
42890.666: [GC 42890.666: [ParNew: 210842K->1106K(235968K), 0.0069900 secs] 729227K->519545K(1546688K), 0.0072780 secs] [Times: user=0.02 sys=0.00, real=0.01 secs] 
42902.540: [GC 42902.540: [ParNew: 210834K->1030K(235968K), 0.0069170 secs] 729272K->519603K(1546688K), 0.0071040 secs] [Times: user=0.02 sys=0.00, real=0.01 secs] 
42918.159: [GC 42918.160: [ParNew: 210822K->844K(235968K), 0.0043820 secs] 729395K->519466K(1546688K), 0.0046170 secs] [Times: user=0.03 sys=0.00, real=0.01 secs] 
42924.811: [GC 42924.812: [ParNew: 210598K->843K(235968K), 0.0047990 secs] 729219K->519511K(1546688K), 0.0050730 secs] [Times: user=0.02 sys=0.00, real=0.01 secs] 
42948.571: [GC 42948.572: [ParNew: 210595K->835K(235968K), 0.0062640 secs] 729263K->519549K(1546688K), 0.0065470 secs] [Times: user=0.02 sys=0.00, real=0.00 secs] 
42952.453: [GC 42952.453: [ParNew: 210627K->1005K(235968K), 0.0048530 secs] 729341K->519764K(1546688K), 0.0051080 secs] [Times: user=0.02 sys=0.00, real=0.00 secs] 
42962.588: [GC 42962.588: [ParNew: 210792K->945K(235968K), 0.0046880 secs] 729551K->519746K(1546688K), 0.0048750 secs] [Times: user=0.02 sys=0.00, real=0.00 secs] 
42978.202: [GC 42978.203: [ParNew: 210686K->1061K(235968K), 0.0052310 secs] 729487K->519906K(1546688K), 0.0054920 secs] [Times: user=0.02 sys=0.00, real=0.01 secs] 
42987.882: [GC 42987.882: [ParNew: 210853K->724K(235968K), 0.0053070 secs] 729698K->519717K(1546688K), 0.0055440 secs] [Times: user=0.02 sys=0.00, real=0.01 secs] 
43009.380: [GC 43009.381: [ParNew: 210516K->534K(235968K), 0.0063260 secs] 729509K->519576K(1546688K), 0.0065080 secs] [Times: user=0.03 sys=0.00, real=0.00 secs] 
43014.184: [GC 43014.184: [ParNew: 210304K->723K(235968K), 0.0066150 secs] 729346K->519807K(1546688K), 0.0068680 secs] [Times: user=0.02 sys=0.00, real=0.01 secs] 
43025.797: [GC 43025.797: [ParNew: 210502K->784K(235968K), 0.0072880 secs] 729586K->519924K(1546688K), 0.0075490 secs] [Times: user=0.02 sys=0.00, real=0.01 secs] 
43038.211: [GC 43038.211: [ParNew: 210576K->810K(235968K), 0.0094730 secs] 729716K->520007K(1546688K), 0.0097280 secs] [Times: user=0.02 sys=0.00, real=0.01 secs] 
43047.888: [GC 43047.889: [ParNew: 210562K->839K(235968K), 0.0042710 secs] 729759K->520088K(1546688K), 0.0045310 secs] [Times: user=0.02 sys=0.00, real=0.00 secs] 
43069.394: [GC 43069.394: [ParNew: 210631K->708K(235968K), 0.0056780 secs] 729880K->520022K(1546688K), 0.0059520 secs] [Times: user=0.02 sys=0.00, real=0.00 secs] 
43074.197: [GC 43074.197: [ParNew: 210500K->755K(235968K), 0.0046930 secs] 729814K->520106K(1546688K), 0.0049430 secs] [Times: user=0.02 sys=0.00, real=0.01 secs] 
43089.256: [GC 43089.256: [ParNew: 210497K->962K(235968K), 0.0046710 secs] 729847K->520349K(1546688K), 0.0048580 secs] [Times: user=0.02 sys=0.00, real=0.01 secs] 
43102.886: [GC 43102.886: [ParNew: 210754K->633K(235968K), 0.0059700 secs] 730141K->520064K(1546688K), 0.0061620 secs] [Times: user=0.02 sys=0.00, real=0.00 secs] 
43109.647: [GC 43109.647: [ParNew: 210425K->916K(235968K), 0.0080360 secs] 729856K->520390K(1546688K), 0.0082200 secs] [Times: user=0.02 sys=0.00, real=0.01 secs] 
43129.440: [GC 43129.440: [ParNew: 210655K->1126K(235968K), 0.0064040 secs] 730130K->520654K(1546688K), 0.0066720 secs] [Times: user=0.02 sys=0.00, real=0.01 secs] 
43135.940: [GC 43135.941: [ParNew: 210840K->1189K(235968K), 0.0050780 secs] 730368K->520773K(1546688K), 0.0053470 secs] [Times: user=0.02 sys=0.00, real=0.00 secs] 
43149.285: [GC 43149.286: [ParNew: 210900K->849K(235968K), 0.0050580 secs] 730484K->520483K(1546688K), 0.0052380 secs] [Times: user=0.02 sys=0.00, real=0.01 secs] 
43163.581: [GC 43163.581: [ParNew: 210641K->889K(235968K), 0.0125680 secs] 730275K->520567K(1546688K), 0.0127970 secs] [Times: user=0.04 sys=0.00, real=0.01 secs] 
43171.924: [GC 43171.924: [ParNew: 210678K->1170K(235968K), 0.0061630 secs] 730356K->520896K(1546688K), 0.0064160 secs] [Times: user=0.02 sys=0.00, real=0.01 secs] 
43190.703: [GC 43190.703: [ParNew: 210960K->990K(235968K), 0.0057860 secs] 730685K->520757K(1546688K), 0.0059710 secs] [Times: user=0.02 sys=0.00, real=0.00 secs] 
43195.978: [GC 43195.978: [ParNew: 210683K->821K(235968K), 0.0044750 secs] 730450K->520702K(1546688K), 0.0046670 secs] [Times: user=0.02 sys=0.01, real=0.01 secs] 
43217.727: [GC 43217.727: [ParNew: 210590K->762K(235968K), 0.0055370 secs] 730471K->520692K(1546688K), 0.0057370 secs] [Times: user=0.03 sys=0.00, real=0.01 secs] 
43224.850: [GC 43224.851: [ParNew: 210554K->775K(235968K), 0.0046960 secs] 730484K->520749K(1546688K), 0.0048970 secs] [Times: user=0.02 sys=0.00, real=0.00 secs] 
43234.897: [GC 43234.898: [ParNew: 210567K->410K(235968K), 0.0067760 secs] 730541K->520433K(1546688K), 0.0069790 secs] [Times: user=0.02 sys=0.00, real=0.01 secs] 
43252.489: [GC 43252.489: [ParNew: 210202K->1347K(235968K), 0.0066420 secs] 730225K->521419K(1546688K), 0.0068440 secs] [Times: user=0.03 sys=0.00, real=0.01 secs] 
43262.638: [GC 43262.638: [ParNew: 211139K->649K(235968K), 0.0060360 secs] 731211K->520776K(1546688K), 0.0062330 secs] [Times: user=0.02 sys=0.00, real=0.01 secs] 
43278.237: [GC 43278.237: [ParNew: 210441K->1133K(235968K), 0.0055560 secs] 730568K->521315K(1546688K), 0.0057580 secs] [Times: user=0.02 sys=0.00, real=0.01 secs] 
43284.895: [GC 43284.895: [ParNew: 210913K->656K(235968K), 0.0070560 secs] 731096K->520883K(1546688K), 0.0072850 secs] [Times: user=0.02 sys=0.00, real=0.01 secs] 
43308.631: [GC 43308.631: [ParNew: 210448K->884K(235968K), 0.0054900 secs] 730675K->521161K(1546688K), 0.0057610 secs] [Times: user=0.02 sys=0.00, real=0.01 secs] 
43312.527: [GC 43312.528: [ParNew: 210676K->827K(235968K), 0.0048990 secs] 730953K->521162K(1546688K), 0.0051450 secs] [Times: user=0.02 sys=0.00, real=0.01 secs] 
43322.681: [GC 43322.681: [ParNew: 210579K->970K(235968K), 0.0142430 secs] 730914K->521355K(1546688K), 0.0145500 secs] [Times: user=0.02 sys=0.00, real=0.01 secs] 
43342.892: [GC 43342.892: [ParNew: 210762K->719K(235968K), 0.0066600 secs] 731147K->521151K(1546688K), 0.0069310 secs] [Times: user=0.02 sys=0.00, real=0.01 secs] 
43347.941: [GC 43347.941: [ParNew: 210511K->766K(235968K), 0.0074760 secs] 730943K->521244K(1546688K), 0.0077080 secs] [Times: user=0.02 sys=0.00, real=0.01 secs] 
43369.465: [GC 43369.465: [ParNew: 210520K->1199K(235968K), 0.0042970 secs] 730997K->521713K(1546688K), 0.0045680 secs] [Times: user=0.02 sys=0.00, real=0.00 secs] 
43374.264: [GC 43374.264: [ParNew: 210991K->849K(235968K), 0.0091590 secs] 731505K->521598K(1546688K), 0.0093500 secs] [Times: user=0.02 sys=0.00, real=0.01 secs] 
43389.319: [GC 43389.319: [ParNew: 210641K->912K(235968K), 0.0046060 secs] 731390K->521705K(1546688K), 0.0048870 secs] [Times: user=0.03 sys=0.00, real=0.01 secs] 
43402.952: [GC 43402.952: [ParNew: 210704K->631K(235968K), 0.0044740 secs] 731497K->521468K(1546688K), 0.0046690 secs] [Times: user=0.03 sys=0.00, real=0.00 secs] 
43409.704: [GC 43409.705: [ParNew: 210423K->789K(235968K), 0.0093610 secs] 731260K->521675K(1546688K), 0.0096780 secs] [Times: user=0.02 sys=0.00, real=0.01 secs] 
43429.500: [GC 43429.500: [ParNew: 210507K->719K(235968K), 0.0072290 secs] 731393K->521659K(1546688K), 0.0074620 secs] [Times: user=0.02 sys=0.01, real=0.01 secs] 
43435.994: [GC 43435.995: [ParNew: 210491K->1070K(235968K), 0.0068780 secs] 731431K->522068K(1546688K), 0.0070860 secs] [Times: user=0.02 sys=0.00, real=0.00 secs] 
43455.498: [GC 43455.498: [ParNew: 210862K->801K(235968K), 0.0047700 secs] 731860K->521848K(1546688K), 0.0049720 secs] [Times: user=0.02 sys=0.00, real=0.01 secs] 
43463.622: [GC 43463.622: [ParNew: 210537K->835K(235968K), 0.0260320 secs] 731584K->521925K(1546688K), 0.0263570 secs] [Times: user=0.02 sys=0.00, real=0.02 secs] 
43471.989: [GC 43471.989: [ParNew: 210548K->1112K(235968K), 0.0056880 secs] 731638K->522253K(1546688K), 0.0059400 secs] [Times: user=0.02 sys=0.00, real=0.00 secs] 
43490.761: [GC 43490.761: [ParNew: 210904K->804K(235968K), 0.0061450 secs] 732045K->521986K(1546688K), 0.0063340 secs] [Times: user=0.02 sys=0.00, real=0.01 secs] 
43496.148: [GC 43496.148: [ParNew: 210575K->973K(235968K), 0.0054580 secs] 731758K->522196K(1546688K), 0.0056830 secs] [Times: user=0.02 sys=0.01, real=0.01 secs] 
43517.783: [GC 43517.783: [ParNew: 210765K->1124K(235968K), 0.0062630 secs] 731988K->522390K(1546688K), 0.0064430 secs] [Times: user=0.02 sys=0.00, real=0.00 secs] 
43524.913: [GC 43524.913: [ParNew: 210916K->737K(235968K), 0.0048670 secs] 732182K->522041K(1546688K), 0.0051260 secs] [Times: user=0.02 sys=0.00, real=0.00 secs] 
43548.643: [GC 43548.643: [ParNew: 210529K->796K(235968K), 0.0045410 secs] 731833K->522272K(1546688K), 0.0048120 secs] [Times: user=0.02 sys=0.00, real=0.01 secs] 
43552.548: [GC 43552.548: [ParNew: 210583K->731K(235968K), 0.0042830 secs] 732058K->522243K(1546688K), 0.0045080 secs] [Times: user=0.02 sys=0.00, real=0.00 secs] 
43562.714: [GC 43562.715: [ParNew: 210488K->682K(235968K), 0.0162790 secs] 732000K->522235K(1546688K), 0.0165660 secs] [Times: user=0.06 sys=0.00, real=0.01 secs] 
43578.431: [GC 43578.431: [ParNew: 210474K->787K(235968K), 0.0054040 secs] 732027K->522382K(1546688K), 0.0056810 secs] [Times: user=0.02 sys=0.01, real=0.00 secs] 
43587.953: [GC 43587.954: [ParNew: 210566K->602K(235968K), 0.0069000 secs] 732161K->522242K(1546688K), 0.0071530 secs] [Times: user=0.02 sys=0.00, real=0.01 secs] 
43609.492: [GC 43609.493: [ParNew: 210390K->706K(235968K), 0.0075230 secs] 732029K->522394K(1546688K), 0.0077080 secs] [Times: user=0.02 sys=0.00, real=0.01 secs] 
43614.292: [GC 43614.292: [ParNew: 210494K->1422K(235968K), 0.0052380 secs] 732182K->523159K(1546688K), 0.0055050 secs] [Times: user=0.02 sys=0.00, real=0.01 secs] 
43629.344: [GC 43629.344: [ParNew: 211214K->1189K(235968K), 0.0056230 secs] 732951K->522980K(1546688K), 0.0059080 secs] [Times: user=0.02 sys=0.00, real=0.00 secs] 
43642.956: [GC 43642.956: [ParNew: 210981K->767K(235968K), 0.0084290 secs] 732772K->522602K(1546688K), 0.0086730 secs] [Times: user=0.02 sys=0.00, real=0.01 secs] 
43649.725: [GC 43649.725: [ParNew: 210556K->884K(235968K), 0.0077510 secs] 732391K->522756K(1546688K), 0.0080280 secs] [Times: user=0.02 sys=0.00, real=0.01 secs] 
43669.534: [GC 43669.534: [ParNew: 210632K->887K(235968K), 0.0051480 secs] 732504K->522881K(1546688K), 0.0054300 secs] [Times: user=0.02 sys=0.00, real=0.01 secs] 
43674.541: [GC 43674.541: [ParNew: 210679K->743K(235968K), 0.0080660 secs] 732673K->522787K(1546688K), 0.0084070 secs] [Times: user=0.02 sys=0.00, real=0.01 secs] 
43697.780: [GC 43697.781: [ParNew: 210535K->703K(235968K), 0.0055790 secs] 732579K->522799K(1546688K), 0.0058330 secs] [Times: user=0.03 sys=0.00, real=0.01 secs] 
43703.645: [GC 43703.645: [ParNew: 210495K->1097K(235968K), 0.0045060 secs] 732591K->523237K(1546688K), 0.0047550 secs] [Times: user=0.02 sys=0.00, real=0.00 secs] 
43710.777: [GC 43710.777: [ParNew: 210889K->644K(235968K), 0.0304470 secs] 733029K->522854K(1546688K), 0.0308520 secs] [Times: user=0.03 sys=0.00, real=0.03 secs] 
43730.789: [GC 43730.789: [ParNew: 210429K->1128K(235968K), 0.0074840 secs] 732639K->523386K(1546688K), 0.0077330 secs] [Times: user=0.02 sys=0.00, real=0.01 secs] 
43736.168: [GC 43736.169: [ParNew: 210920K->1547K(235968K), 0.0054560 secs] 733178K->523859K(1546688K), 0.0057510 secs] [Times: user=0.02 sys=0.00, real=0.00 secs] 
43757.792: [GC 43757.792: [ParNew: 211339K->1553K(235968K), 0.0065910 secs] 733651K->523922K(1546688K), 0.0068870 secs] [Times: user=0.03 sys=0.00, real=0.01 secs] 
43763.653: [GC 43763.654: [ParNew: 211345K->1221K(235968K), 0.0070660 secs] 733714K->523635K(1546688K), 0.0072670 secs] [Times: user=0.02 sys=0.00, real=0.00 secs] 
43772.055: [GC 43772.055: [ParNew: 211013K->995K(235968K), 0.0056260 secs] 733427K->523877K(1546688K), 0.0059000 secs] [Times: user=0.02 sys=0.01, real=0.01 secs] 
43790.813: [GC 43790.814: [ParNew: 210787K->822K(235968K), 0.0040560 secs] 733669K->523759K(1546688K), 0.0043540 secs] [Times: user=0.03 sys=0.00, real=0.01 secs] 
43796.192: [GC 43796.192: [ParNew: 210614K->718K(235968K), 0.0041900 secs] 733551K->523709K(1546688K), 0.0044030 secs] [Times: user=0.03 sys=0.00, real=0.01 secs] 
43817.828: [GC 43817.828: [ParNew: 210453K->831K(235968K), 0.0050050 secs] 733444K->523865K(1546688K), 0.0053040 secs] [Times: user=0.03 sys=0.00, real=0.01 secs] 
43824.959: [GC 43824.960: [ParNew: 210623K->953K(235968K), 0.0047270 secs] 733657K->524044K(1546688K), 0.0050370 secs] [Times: user=0.03 sys=0.00, real=0.01 secs] 
43832.092: [GC 43832.092: [ParNew: 210683K->849K(235968K), 0.0043880 secs] 733774K->523990K(1546688K), 0.0045950 secs] [Times: user=0.02 sys=0.00, real=0.00 secs] 
43852.585: [GC 43852.585: [ParNew: 210641K->1026K(235968K), 0.0053900 secs] 733782K->524218K(1546688K), 0.0056130 secs] [Times: user=0.02 sys=0.00, real=0.01 secs] 
43862.760: [GC 43862.760: [ParNew: 210818K->1087K(235968K), 0.0051730 secs] 734010K->524338K(1546688K), 0.0054950 secs] [Times: user=0.02 sys=0.00, real=0.00 secs] 
43877.859: [GC 43877.860: [ParNew: 210879K->799K(235968K), 0.0101420 secs] 734130K->524105K(1546688K), 0.0103590 secs] [Times: user=0.02 sys=0.01, real=0.01 secs] 
43884.981: [GC 43884.981: [ParNew: 210591K->1045K(235968K), 0.0048920 secs] 733897K->524395K(1546688K), 0.0052990 secs] [Times: user=0.03 sys=0.00, real=0.01 secs] 
43903.549: [GC 43903.549: [ParNew: 210837K->742K(235968K), 0.0056220 secs] 734187K->524147K(1546688K), 0.0058760 secs] [Times: user=0.02 sys=0.00, real=0.01 secs] 
43912.607: [GC 43912.607: [ParNew: 210534K->938K(235968K), 0.0042560 secs] 733939K->524393K(1546688K), 0.0044970 secs] [Times: user=0.02 sys=0.00, real=0.01 secs] 
43922.788: [GC 43922.788: [ParNew: 210727K->834K(235968K), 0.0115970 secs] 734183K->524331K(1546688K), 0.0119510 secs] [Times: user=0.04 sys=0.00, real=0.01 secs] 
43938.498: [GC 43938.499: [ParNew: 210626K->1090K(235968K), 0.0058620 secs] 734123K->524638K(1546688K), 0.0061560 secs] [Times: user=0.02 sys=0.00, real=0.01 secs] 
43948.000: [GC 43948.001: [ParNew: 210820K->895K(235968K), 0.0056140 secs] 734368K->524476K(1546688K), 0.0058340 secs] [Times: user=0.02 sys=0.00, real=0.01 secs] 
43969.561: [GC 43969.562: [ParNew: 210653K->897K(235968K), 0.0058370 secs] 734235K->524532K(1546688K), 0.0062760 secs] [Times: user=0.02 sys=0.00, real=0.00 secs] 
43974.360: [GC 43974.360: [ParNew: 210689K->1235K(235968K), 0.0038510 secs] 734324K->524919K(1546688K), 0.0040840 secs] [Times: user=0.02 sys=0.01, real=0.00 secs] 
43989.410: [GC 43989.410: [ParNew: 211027K->1156K(235968K), 0.0051990 secs] 734711K->524883K(1546688K), 0.0053930 secs] [Times: user=0.02 sys=0.00, real=0.00 secs] 
44002.999: [GC 44002.999: [ParNew: 210948K->783K(235968K), 0.0074340 secs] 734675K->524553K(1546688K), 0.0108470 secs] [Times: user=0.02 sys=0.00, real=0.01 secs] 
44009.763: [GC 44009.763: [ParNew: 210575K->928K(235968K), 0.0055510 secs] 734345K->524735K(1546688K), 0.0058090 secs] [Times: user=0.03 sys=0.00, real=0.00 secs] 
44029.599: [GC 44029.600: [ParNew: 210687K->1000K(235968K), 0.0085300 secs] 734494K->524854K(1546688K), 0.0087070 secs] [Times: user=0.02 sys=0.00, real=0.01 secs] 
44034.398: [GC 44034.398: [ParNew: 210792K->755K(235968K), 0.0047470 secs] 734646K->524664K(1546688K), 0.0049410 secs] [Times: user=0.02 sys=0.01, real=0.01 secs] 
44049.448: [GC 44049.448: [ParNew: 210547K->1112K(235968K), 0.0046730 secs] 734456K->525071K(1546688K), 0.0049390 secs] [Times: user=0.02 sys=0.00, real=0.00 secs] 
44063.686: [GC 44063.686: [ParNew: 210904K->937K(235968K), 0.0060120 secs] 734863K->524943K(1546688K), 0.0062670 secs] [Times: user=0.02 sys=0.00, real=0.00 secs] 
44072.115: [GC 44072.115: [ParNew: 210729K->854K(235968K), 0.0049680 secs] 734735K->524909K(1546688K), 0.0051650 secs] [Times: user=0.02 sys=0.00, real=0.00 secs] 
44090.994: [GC 44090.995: [ParNew: 210646K->778K(235968K), 0.0046490 secs] 734701K->524955K(1546688K), 0.0049240 secs] [Times: user=0.02 sys=0.01, real=0.00 secs] 
44096.246: [GC 44096.246: [ParNew: 210570K->727K(235968K), 0.0050600 secs] 734747K->524940K(1546688K), 0.0052790 secs] [Times: user=0.02 sys=0.01, real=0.01 secs] 
44118.004: [GC 44118.004: [ParNew: 210460K->1199K(235968K), 0.0039050 secs] 734673K->525456K(1546688K), 0.0041650 secs] [Times: user=0.02 sys=0.00, real=0.01 secs] 
44125.012: [GC 44125.013: [ParNew: 210991K->1245K(235968K), 0.0051750 secs] 735248K->525546K(1546688K), 0.0054410 secs] [Times: user=0.02 sys=0.00, real=0.01 secs] 
44132.156: [GC 44132.156: [ParNew: 211037K->1102K(235968K), 0.0052970 secs] 735338K->525455K(1546688K), 0.0055670 secs] [Times: user=0.03 sys=0.00, real=0.00 secs] 
44152.639: [GC 44152.639: [ParNew: 210894K->963K(235968K), 0.0040180 secs] 735247K->525369K(1546688K), 0.0042730 secs] [Times: user=0.03 sys=0.00, real=0.01 secs] 
44162.817: [GC 44162.817: [ParNew: 210755K->891K(235968K), 0.0038550 secs] 735161K->525354K(1546688K), 0.0041140 secs] [Times: user=0.02 sys=0.00, real=0.01 secs] 
44178.526: [GC 44178.527: [ParNew: 210653K->1396K(235968K), 0.0041420 secs] 735115K->525907K(1546688K), 0.0044230 secs] [Times: user=0.03 sys=0.00, real=0.00 secs] 
44185.058: [GC 44185.058: [ParNew: 211188K->925K(235968K), 0.0036180 secs] 735699K->525482K(1546688K), 0.0038790 secs] [Times: user=0.03 sys=0.00, real=0.00 secs] 
44208.743: [GC 44208.743: [ParNew: 210663K->997K(235968K), 0.0037200 secs] 735219K->525604K(1546688K), 0.0039710 secs] [Times: user=0.03 sys=0.00, real=0.00 secs] 
44212.680: [GC 44212.680: [ParNew: 210689K->933K(235968K), 0.0057560 secs] 735296K->525581K(1546688K), 0.0060250 secs] [Times: user=0.02 sys=0.00, real=0.01 secs] 
44222.876: [GC 44222.876: [ParNew: 210706K->883K(235968K), 0.0097640 secs] 735354K->525580K(1546688K), 0.0100320 secs] [Times: user=0.02 sys=0.00, real=0.01 secs] 
44238.581: [GC 44238.581: [ParNew: 210675K->979K(235968K), 0.0060370 secs] 735372K->525726K(1546688K), 0.0063070 secs] [Times: user=0.03 sys=0.00, real=0.01 secs] 
44248.053: [GC 44248.053: [ParNew: 210771K->941K(235968K), 0.0043480 secs] 735518K->525740K(1546688K), 0.0046090 secs] [Times: user=0.02 sys=0.00, real=0.01 secs] 
44269.624: [GC 44269.625: [ParNew: 210733K->1220K(235968K), 0.0038510 secs] 735532K->526068K(1546688K), 0.0041300 secs] [Times: user=0.03 sys=0.00, real=0.00 secs] 
44274.419: [GC 44274.419: [ParNew: 211012K->1221K(235968K), 0.0039760 secs] 735860K->526111K(1546688K), 0.0043000 secs] [Times: user=0.02 sys=0.00, real=0.01 secs] 
44289.471: [GC 44289.471: [ParNew: 210963K->1118K(235968K), 0.0036240 secs] 735853K->526046K(1546688K), 0.0038900 secs] [Times: user=0.02 sys=0.00, real=0.00 secs] 
44303.052: [GC 44303.052: [ParNew: 210896K->779K(235968K), 0.0036360 secs] 735823K->525857K(1546688K), 0.0039070 secs] [Times: user=0.02 sys=0.00, real=0.00 secs] 
44309.820: [GC 44309.820: [ParNew: 210571K->687K(235968K), 0.0037550 secs] 735649K->525809K(1546688K), 0.0040040 secs] [Times: user=0.03 sys=0.00, real=0.00 secs] 
44331.021: [GC 44331.021: [ParNew: 210479K->716K(235968K), 0.0037930 secs] 735601K->525895K(1546688K), 0.0040490 secs] [Times: user=0.03 sys=0.00, real=0.01 secs] 
44336.267: [GC 44336.267: [ParNew: 210508K->924K(235968K), 0.0045030 secs] 735687K->526156K(1546688K), 0.0047560 secs] [Times: user=0.03 sys=0.00, real=0.01 secs] 
44358.037: [GC 44358.038: [ParNew: 210716K->1152K(235968K), 0.0045870 secs] 735948K->526428K(1546688K), 0.0048750 secs] [Times: user=0.02 sys=0.00, real=0.01 secs] 
44363.741: [GC 44363.742: [ParNew: 210944K->1122K(235968K), 0.0037380 secs] 736220K->526441K(1546688K), 0.0040020 secs] [Times: user=0.02 sys=0.01, real=0.00 secs] 
44372.190: [GC 44372.191: [ParNew: 210876K->929K(235968K), 0.0066160 secs] 736196K->526284K(1546688K), 0.0068940 secs] [Times: user=0.02 sys=0.00, real=0.01 secs] 
44391.064: [GC 44391.064: [ParNew: 210617K->1116K(235968K), 0.0054920 secs] 735973K->526516K(1546688K), 0.0057500 secs] [Times: user=0.02 sys=0.00, real=0.00 secs] 
44396.313: [GC 44396.313: [ParNew: 210908K->847K(235968K), 0.0073900 secs] 736308K->526300K(1546688K), 0.0075860 secs] [Times: user=0.02 sys=0.00, real=0.00 secs] 
44418.066: [GC 44418.066: [ParNew: 210639K->1283K(235968K), 0.0049580 secs] 736092K->526780K(1546688K), 0.0051510 secs] [Times: user=0.02 sys=0.00, real=0.01 secs] 
44425.082: [GC 44425.083: [ParNew: 211075K->936K(235968K), 0.0044590 secs] 736572K->526487K(1546688K), 0.0047060 secs] [Times: user=0.02 sys=0.00, real=0.00 secs] 
44439.984: [GC 44439.984: [ParNew: 210728K->689K(235968K), 0.0058910 secs] 736279K->526368K(1546688K), 0.0061300 secs] [Times: user=0.02 sys=0.00, real=0.01 secs] 
44452.705: [GC 44452.705: [ParNew: 210422K->887K(235968K), 0.0046290 secs] 736101K->526706K(1546688K), 0.0048880 secs] [Times: user=0.03 sys=0.00, real=0.00 secs] 
44462.898: [GC 44462.899: [ParNew: 210634K->660K(235968K), 0.0190710 secs] 736453K->526520K(1546688K), 0.0193280 secs] [Times: user=0.04 sys=0.00, real=0.02 secs] 
44478.589: [GC 44478.589: [ParNew: 210449K->799K(235968K), 0.0053240 secs] 736309K->526702K(1546688K), 0.0055930 secs] [Times: user=0.02 sys=0.00, real=0.00 secs] 
44488.062: [GC 44488.062: [ParNew: 210484K->1045K(235968K), 0.0062940 secs] 736387K->527067K(1546688K), 0.0065780 secs] [Times: user=0.03 sys=0.00, real=0.01 secs] 
44508.803: [GC 44508.804: [ParNew: 210787K->914K(235968K), 0.0076320 secs] 736809K->526995K(1546688K), 0.0078460 secs] [Times: user=0.02 sys=0.00, real=0.01 secs] 
44514.451: [GC 44514.451: [ParNew: 210706K->712K(235968K), 0.0070770 secs] 736787K->526847K(1546688K), 0.0073440 secs] [Times: user=0.02 sys=0.00, real=0.01 secs] 
44529.496: [GC 44529.496: [ParNew: 210504K->940K(235968K), 0.0073270 secs] 736639K->527130K(1546688K), 0.0076070 secs] [Times: user=0.02 sys=0.00, real=0.01 secs] 
44543.061: [GC 44543.062: [ParNew: 210728K->682K(235968K), 0.0055100 secs] 736917K->526915K(1546688K), 0.0057810 secs] [Times: user=0.02 sys=0.00, real=0.00 secs] 
44549.833: [GC 44549.833: [ParNew: 210474K->776K(235968K), 0.0066800 secs] 736707K->527040K(1546688K), 0.0068670 secs] [Times: user=0.02 sys=0.00, real=0.01 secs] 
44569.698: [GC 44569.699: [ParNew: 210553K->946K(235968K), 0.0064180 secs] 736818K->527252K(1546688K), 0.0066640 secs] [Times: user=0.02 sys=0.00, real=0.01 secs] 
44574.503: [GC 44574.503: [ParNew: 210667K->955K(235968K), 0.0069880 secs] 736973K->527323K(1546688K), 0.0071670 secs] [Times: user=0.02 sys=0.00, real=0.01 secs] 
44589.549: [GC 44589.549: [ParNew: 210747K->683K(235968K), 0.0045660 secs] 737115K->527100K(1546688K), 0.0048270 secs] [Times: user=0.02 sys=0.00, real=0.01 secs] 
44603.754: [GC 44603.754: [ParNew: 210453K->957K(235968K), 0.0041670 secs] 736870K->527418K(1546688K), 0.0044200 secs] [Times: user=0.02 sys=0.00, real=0.00 secs] 
44612.227: [GC 44612.227: [ParNew: 210749K->982K(235968K), 0.0050010 secs] 737210K->527487K(1546688K), 0.0052410 secs] [Times: user=0.02 sys=0.00, real=0.01 secs] 
44631.095: [GC 44631.095: [ParNew: 210774K->988K(235968K), 0.0056520 secs] 737279K->527535K(1546688K), 0.0059320 secs] [Times: user=0.02 sys=0.00, real=0.01 secs] 
44636.337: [GC 44636.337: [ParNew: 210740K->923K(235968K), 0.0043910 secs] 737288K->527587K(1546688K), 0.0046430 secs] [Times: user=0.02 sys=0.00, real=0.00 secs] 
44658.229: [GC 44658.230: [ParNew: 210715K->928K(235968K), 0.0044020 secs] 737379K->527636K(1546688K), 0.0046630 secs] [Times: user=0.02 sys=0.00, real=0.01 secs] 
44665.116: [GC 44665.116: [ParNew: 210719K->1174K(235968K), 0.0071190 secs] 737426K->527925K(1546688K), 0.0073130 secs] [Times: user=0.02 sys=0.00, real=0.01 secs] 
44672.271: [GC 44672.271: [ParNew: 210930K->903K(235968K), 0.0055950 secs] 737681K->527761K(1546688K), 0.0058170 secs] [Times: user=0.02 sys=0.00, real=0.00 secs] 
44691.129: [GC 44691.129: [ParNew: 210668K->934K(235968K), 0.0042430 secs] 737527K->527846K(1546688K), 0.0044970 secs] [Times: user=0.02 sys=0.00, real=0.00 secs] 
44696.370: [GC 44696.370: [ParNew: 210726K->937K(235968K), 0.0057030 secs] 737638K->527910K(1546688K), 0.0059770 secs] [Times: user=0.02 sys=0.00, real=0.01 secs] 
44718.257: [GC 44718.257: [ParNew: 210729K->1072K(235968K), 0.0061990 secs] 737702K->528097K(1546688K), 0.0064530 secs] [Times: user=0.02 sys=0.00, real=0.01 secs] 
44725.150: [GC 44725.150: [ParNew: 210864K->1065K(235968K), 0.0073890 secs] 737889K->528138K(1546688K), 0.0076350 secs] [Times: user=0.02 sys=0.00, real=0.01 secs] 
44737.310: [GC 44737.310: [ParNew: 210857K->1602K(235968K), 0.0045970 secs] 737930K->528729K(1546688K), 0.0047990 secs] [Times: user=0.03 sys=0.00, real=0.00 secs] 
44752.760: [GC 44752.760: [ParNew: 211384K->1389K(235968K), 0.0046030 secs] 738512K->528565K(1546688K), 0.0048100 secs] [Times: user=0.02 sys=0.00, real=0.00 secs] 
44762.988: [GC 44762.988: [ParNew: 211133K->1103K(235968K), 0.0170770 secs] 738310K->528334K(1546688K), 0.0172860 secs] [Times: user=0.02 sys=0.00, real=0.02 secs] 
44778.647: [GC 44778.647: [ParNew: 210895K->795K(235968K), 0.0057700 secs] 738126K->528081K(1546688K), 0.0059830 secs] [Times: user=0.02 sys=0.00, real=0.01 secs] 
44785.166: [GC 44785.166: [ParNew: 210570K->801K(235968K), 0.0053390 secs] 737855K->528130K(1546688K), 0.0055510 secs] [Times: user=0.02 sys=0.00, real=0.01 secs] 
44808.817: [GC 44808.817: [ParNew: 210593K->1257K(235968K), 0.0130160 secs] 737922K->528651K(1546688K), 0.0132140 secs] [Times: user=0.02 sys=0.00, real=0.02 secs] 
44812.781: [GC 44812.781: [ParNew: 211026K->955K(235968K), 0.0036200 secs] 738420K->528404K(1546688K), 0.0038740 secs] [Times: user=0.02 sys=0.01, real=0.00 secs] 
44823.018: [GC 44823.018: [ParNew: 210747K->1235K(235968K), 0.0065870 secs] 738196K->528754K(1546688K), 0.0068540 secs] [Times: user=0.03 sys=0.00, real=0.01 secs] 
44838.669: [GC 44838.669: [ParNew: 211016K->1246K(235968K), 0.0052170 secs] 738535K->528810K(1546688K), 0.0054590 secs] [Times: user=0.03 sys=0.01, real=0.01 secs] 
44848.120: [GC 44848.120: [ParNew: 211038K->796K(235968K), 0.0036470 secs] 738602K->528630K(1546688K), 0.0039060 secs] [Times: user=0.02 sys=0.00, real=0.01 secs] 
44868.853: [GC 44868.853: [ParNew: 210588K->744K(235968K), 0.0046000 secs] 738422K->528632K(1546688K), 0.0048240 secs] [Times: user=0.02 sys=0.00, real=0.00 secs] 
44874.525: [GC 44874.525: [ParNew: 210536K->587K(235968K), 0.0156780 secs] 738424K->528536K(1546688K), 0.0159880 secs] [Times: user=0.04 sys=0.00, real=0.02 secs] 
44889.565: [GC 44889.565: [ParNew: 210379K->773K(235968K), 0.0067520 secs] 738328K->528770K(1546688K), 0.0069900 secs] [Times: user=0.02 sys=0.00, real=0.00 secs] 
44901.074: [GC 44901.074: [ParNew: 210565K->709K(235968K), 0.0246170 secs] 738562K->528769K(1546688K), 0.0249060 secs] [Times: user=0.08 sys=0.00, real=0.02 secs] 
44908.139: [GC 44908.139: [ParNew: 210501K->792K(235968K), 0.0072750 secs] 738561K->528896K(1546688K), 0.0075160 secs] [Times: user=0.03 sys=0.00, real=0.01 secs] 
44929.747: [GC 44929.747: [ParNew: 210492K->1170K(235968K), 0.0100140 secs] 738597K->529328K(1546688K), 0.0102680 secs] [Times: user=0.02 sys=0.00, real=0.01 secs] 
44934.557: [GC 44934.557: [ParNew: 210920K->1080K(235968K), 0.0132930 secs] 739078K->529285K(1546688K), 0.0135460 secs] [Times: user=0.02 sys=0.00, real=0.02 secs] 
44949.599: [GC 44949.599: [ParNew: 210872K->756K(235968K), 0.0056860 secs] 739077K->529093K(1546688K), 0.0058850 secs] [Times: user=0.02 sys=0.00, real=0.00 secs] 
44963.140: [GC 44963.140: [ParNew: 210548K->491K(235968K), 0.0062280 secs] 738885K->528883K(1546688K), 0.0064280 secs] [Times: user=0.02 sys=0.00, real=0.01 secs] 
44969.907: [GC 44969.907: [ParNew: 210283K->907K(235968K), 0.0063310 secs] 738675K->529349K(1546688K), 0.0065220 secs] [Times: user=0.03 sys=0.00, real=0.01 secs] 
44991.161: [GC 44991.161: [ParNew: 210699K->960K(235968K), 0.0046010 secs] 739141K->529451K(1546688K), 0.0048700 secs] [Times: user=0.02 sys=0.00, real=0.00 secs] 
44996.390: [GC 44996.390: [ParNew: 210752K->705K(235968K), 0.0051150 secs] 739243K->529241K(1546688K), 0.0053400 secs] [Times: user=0.03 sys=0.00, real=0.00 secs] 
45018.292: [GC 45018.292: [ParNew: 210497K->877K(235968K), 0.0096270 secs] 739033K->529445K(1546688K), 0.0098980 secs] [Times: user=0.03 sys=0.00, real=0.01 secs] 
45025.176: [GC 45025.176: [ParNew: 210669K->1001K(235968K), 0.0088620 secs] 739237K->529613K(1546688K), 0.0091320 secs] [Times: user=0.02 sys=0.00, real=0.01 secs] 
45032.339: [GC 45032.340: [ParNew: 210738K->921K(235968K), 0.0065920 secs] 739350K->529580K(1546688K), 0.0068730 secs] [Times: user=0.02 sys=0.00, real=0.01 secs] 
45051.317: [GC 45051.317: [ParNew: 210713K->749K(235968K), 0.0073070 secs] 739372K->529462K(1546688K), 0.0076650 secs] [Times: user=0.02 sys=0.00, real=0.01 secs] 
45056.454: [GC 45056.454: [ParNew: 210541K->463K(235968K), 0.0121490 secs] 739254K->529234K(1546688K), 0.0125600 secs] [Times: user=0.02 sys=0.00, real=0.01 secs] 
45078.337: [GC 45078.337: [ParNew: 210255K->1024K(235968K), 0.0074230 secs] 739026K->529854K(1546688K), 0.0077180 secs] [Times: user=0.03 sys=0.00, real=0.00 secs] 
45085.209: [GC 45085.210: [ParNew: 210812K->915K(235968K), 0.0054050 secs] 739641K->529789K(1546688K), 0.0056300 secs] [Times: user=0.02 sys=0.00, real=0.01 secs] 
45108.853: [GC 45108.853: [ParNew: 210707K->1166K(235968K), 0.0047920 secs] 739581K->530086K(1546688K), 0.0050620 secs] [Times: user=0.02 sys=0.00, real=0.00 secs] 
45112.834: [GC 45112.834: [ParNew: 210958K->916K(235968K), 0.0064360 secs] 739878K->529872K(1546688K), 0.0067070 secs] [Times: user=0.02 sys=0.00, real=0.01 secs] 
45123.064: [GC 45123.064: [ParNew: 210708K->1063K(235968K), 0.0093270 secs] 739664K->530069K(1546688K), 0.0095740 secs] [Times: user=0.02 sys=0.01, real=0.01 secs] 
45138.358: [GC 45138.359: [ParNew: 210757K->901K(235968K), 0.0060720 secs] 739764K->529969K(1546688K), 0.0063390 secs] [Times: user=0.02 sys=0.00, real=0.00 secs] 
45145.224: [GC 45145.224: [ParNew: 210627K->900K(235968K), 0.0066590 secs] 739695K->530027K(1546688K), 0.0068520 secs] [Times: user=0.02 sys=0.00, real=0.01 secs] 
45156.897: [GC 45156.897: [ParNew: 210692K->678K(235968K), 0.0062290 secs] 739819K->529863K(1546688K), 0.0065010 secs] [Times: user=0.02 sys=0.00, real=0.01 secs] 
45171.348: [GC 45171.348: [ParNew: 210470K->960K(235968K), 0.0057260 secs] 739655K->530194K(1546688K), 0.0060000 secs] [Times: user=0.02 sys=0.00, real=0.01 secs] 
45176.579: [GC 45176.580: [ParNew: 210752K->2399K(235968K), 0.0082550 secs] 739986K->531691K(1546688K), 0.0085300 secs] [Times: user=0.04 sys=0.00, real=0.01 secs] 
45198.360: [GC 45198.361: [ParNew: 212191K->1421K(235968K), 0.0045320 secs] 741483K->530775K(1546688K), 0.0048090 secs] [Times: user=0.02 sys=0.00, real=0.00 secs] 
45205.225: [GC 45205.226: [ParNew: 211213K->840K(235968K), 0.0047680 secs] 740567K->530238K(1546688K), 0.0050690 secs] [Times: user=0.03 sys=0.00, real=0.00 secs] 
45212.393: [GC 45212.393: [ParNew: 210626K->1137K(235968K), 0.0126680 secs] 740024K->530583K(1546688K), 0.0128470 secs] [Times: user=0.02 sys=0.00, real=0.02 secs] 
45232.834: [GC 45232.834: [ParNew: 210929K->1340K(235968K), 0.0078270 secs] 740375K->530840K(1546688K), 0.0081180 secs] [Times: user=0.03 sys=0.00, real=0.01 secs] 
45243.087: [GC 45243.089: [ParNew: 211132K->1538K(235968K), 0.0150980 secs] 740632K->531088K(1546688K), 0.0177090 secs] [Times: user=0.04 sys=0.00, real=0.02 secs] 
45258.727: [GC 45258.728: [ParNew: 211330K->1591K(235968K), 0.0108840 secs] 740880K->531376K(1546688K), 0.0111760 secs] [Times: user=0.03 sys=0.00, real=0.01 secs] 
45265.263: [GC 45265.263: [ParNew: 211288K->1201K(235968K), 0.0061610 secs] 741072K->531089K(1546688K), 0.0064640 secs] [Times: user=0.02 sys=0.00, real=0.01 secs] 
45288.891: [GC 45288.891: [ParNew: 210993K->998K(235968K), 0.0057200 secs] 740881K->530932K(1546688K), 0.0060060 secs] [Times: user=0.02 sys=0.00, real=0.01 secs] 
45292.881: [GC 45292.881: [ParNew: 210790K->799K(235968K), 0.0046280 secs] 740724K->530775K(1546688K), 0.0048790 secs] [Times: user=0.02 sys=0.00, real=0.01 secs] 
45303.137: [GC 45303.137: [ParNew: 210591K->1032K(235968K), 0.0068970 secs] 740567K->531062K(1546688K), 0.0071580 secs] [Times: user=0.02 sys=0.00, real=0.01 secs] 
45318.987: [GC 45318.987: [ParNew: 210824K->750K(235968K), 0.0058160 secs] 740854K->530824K(1546688K), 0.0060210 secs] [Times: user=0.02 sys=0.00, real=0.01 secs] 
45328.177: [GC 45328.177: [ParNew: 210444K->1159K(235968K), 0.0066310 secs] 740518K->531276K(1546688K), 0.0068380 secs] [Times: user=0.02 sys=0.00, real=0.00 secs] 
45348.912: [GC 45348.912: [ParNew: 210853K->1162K(235968K), 0.0065710 secs] 740971K->531334K(1546688K), 0.0068180 secs] [Times: user=0.02 sys=0.00, real=0.01 secs] 
45354.627: [GC 45354.627: [ParNew: 210911K->965K(235968K), 0.0108220 secs] 741083K->531202K(1546688K), 0.0110810 secs] [Times: user=0.02 sys=0.00, real=0.01 secs] 
45369.661: [GC 45369.661: [ParNew: 210737K->1290K(235968K), 0.0054200 secs] 740974K->531578K(1546688K), 0.0056790 secs] [Times: user=0.02 sys=0.01, real=0.00 secs] 
45383.178: [GC 45383.179: [ParNew: 211082K->1013K(235968K), 0.0086140 secs] 741370K->531522K(1546688K), 0.0088300 secs] [Times: user=0.03 sys=0.00, real=0.01 secs] 
45389.945: [GC 45389.945: [ParNew: 210805K->891K(235968K), 0.0062810 secs] 741314K->531432K(1546688K), 0.0065310 secs] [Times: user=0.02 sys=0.00, real=0.01 secs] 
45409.853: [GC 45409.853: [ParNew: 210683K->1099K(235968K), 0.0083800 secs] 741224K->531681K(1546688K), 0.0085730 secs] [Times: user=0.02 sys=0.00, real=0.01 secs] 
45414.686: [GC 45414.687: [ParNew: 210891K->709K(235968K), 0.0057020 secs] 741473K->531336K(1546688K), 0.0059740 secs] [Times: user=0.02 sys=0.00, real=0.01 secs] 
45429.676: [GC 45429.677: [ParNew: 210501K->845K(235968K), 0.0072650 secs] 741128K->531528K(1546688K), 0.0074600 secs] [Times: user=0.03 sys=0.00, real=0.01 secs] 
45443.189: [GC 45443.189: [ParNew: 210637K->938K(235968K), 0.0041730 secs] 741320K->531678K(1546688K), 0.0044310 secs] [Times: user=0.03 sys=0.00, real=0.00 secs] 
45449.954: [GC 45449.954: [ParNew: 210729K->1020K(235968K), 0.0043510 secs] 741468K->531815K(1546688K), 0.0046040 secs] [Times: user=0.02 sys=0.00, real=0.01 secs] 
45469.867: [GC 45469.867: [ParNew: 210701K->1012K(235968K), 0.0060810 secs] 741496K->531866K(1546688K), 0.0062750 secs] [Times: user=0.02 sys=0.00, real=0.00 secs] 
45474.706: [GC 45474.706: [ParNew: 210789K->1013K(235968K), 0.0079070 secs] 741643K->531929K(1546688K), 0.0082020 secs] [Times: user=0.02 sys=0.00, real=0.01 secs] 
45489.702: [GC 45489.702: [ParNew: 210789K->992K(235968K), 0.0048260 secs] 741706K->531969K(1546688K), 0.0050890 secs] [Times: user=0.03 sys=0.00, real=0.00 secs] 
45503.213: [GC 45503.213: [ParNew: 210745K->1084K(235968K), 0.0038070 secs] 741722K->532117K(1546688K), 0.0040670 secs] [Times: user=0.03 sys=0.00, real=0.00 secs] 
45509.975: [GC 45509.975: [ParNew: 210833K->1276K(235968K), 0.0045880 secs] 741866K->532361K(1546688K), 0.0048490 secs] [Times: user=0.02 sys=0.01, real=0.01 secs] 
45529.888: [GC 45529.888: [ParNew: 211068K->1107K(235968K), 0.0042050 secs] 742153K->532370K(1546688K), 0.0044620 secs] [Times: user=0.03 sys=0.00, real=0.00 secs] 
45536.696: [GC 45536.697: [ParNew: 210834K->1036K(235968K), 0.0036730 secs] 742097K->532354K(1546688K), 0.0039380 secs] [Times: user=0.02 sys=0.00, real=0.00 secs] 
45558.397: [GC 45558.397: [ParNew: 210828K->727K(235968K), 0.0144570 secs] 742146K->532092K(1546688K), 0.0147430 secs] [Times: user=0.03 sys=0.00, real=0.02 secs] 
45563.929: [GC 45563.929: [ParNew: 210519K->1013K(235968K), 0.0058050 secs] 741884K->532422K(1546688K), 0.0060800 secs] [Times: user=0.03 sys=0.00, real=0.00 secs] 
45572.445: [GC 45572.445: [ParNew: 210805K->750K(235968K), 0.0059320 secs] 742214K->532225K(1546688K), 0.0061120 secs] [Times: user=0.03 sys=0.00, real=0.01 secs] 
45591.421: [GC 45591.421: [ParNew: 210477K->982K(235968K), 0.0074930 secs] 741952K->532498K(1546688K), 0.0077080 secs] [Times: user=0.02 sys=0.00, real=0.01 secs] 
45596.739: [GC 45596.739: [ParNew: 210774K->990K(235968K), 0.0045250 secs] 742290K->532548K(1546688K), 0.0047870 secs] [Times: user=0.03 sys=0.00, real=0.00 secs] 
45618.476: [GC 45618.476: [ParNew: 210774K->694K(235968K), 0.0046170 secs] 742333K->532297K(1546688K), 0.0048930 secs] [Times: user=0.02 sys=0.00, real=0.01 secs] 
45625.318: [GC 45625.319: [ParNew: 210486K->924K(235968K), 0.0044000 secs] 742089K->532570K(1546688K), 0.0046670 secs] [Times: user=0.03 sys=0.00, real=0.01 secs] 
45648.095: [GC 45648.096: [ParNew: 210716K->493K(235968K), 0.0113480 secs] 742362K->532278K(1546688K), 0.0116270 secs] [Times: user=0.03 sys=0.00, real=0.02 secs] 
45652.930: [GC 45652.931: [ParNew: 210285K->492K(235968K), 0.0092720 secs] 742070K->532313K(1546688K), 0.0095630 secs] [Times: user=0.02 sys=0.00, real=0.01 secs] 
45663.311: [GC 45663.311: [ParNew: 210228K->644K(235968K), 0.0072650 secs] 742050K->532505K(1546688K), 0.0074630 secs] [Times: user=0.02 sys=0.00, real=0.01 secs] 
45678.817: [GC 45678.817: [ParNew: 210436K->900K(235968K), 0.0061780 secs] 742297K->532805K(1546688K), 0.0064510 secs] [Times: user=0.03 sys=0.00, real=0.01 secs] 
45688.228: [GC 45688.228: [ParNew: 210692K->740K(235968K), 0.0071350 secs] 742597K->532681K(1546688K), 0.0073170 secs] [Times: user=0.02 sys=0.00, real=0.01 secs] 
45708.965: [GC 45708.965: [ParNew: 210532K->697K(235968K), 0.0058060 secs] 742473K->532691K(1546688K), 0.0060560 secs] [Times: user=0.02 sys=0.00, real=0.01 secs] 
45714.781: [GC 45714.781: [ParNew: 210489K->913K(235968K), 0.0076990 secs] 742483K->532961K(1546688K), 0.0078850 secs] [Times: user=0.02 sys=0.00, real=0.01 secs] 
45729.729: [GC 45729.729: [ParNew: 210705K->1324K(235968K), 0.0081150 secs] 742753K->533420K(1546688K), 0.0083280 secs] [Times: user=0.02 sys=0.00, real=0.01 secs] 
45743.231: [GC 45743.232: [ParNew: 211012K->1058K(235968K), 0.0068080 secs] 743108K->533198K(1546688K), 0.0070010 secs] [Times: user=0.02 sys=0.00, real=0.00 secs] 
45750.000: [GC 45750.000: [ParNew: 210850K->764K(235968K), 0.0049730 secs] 742990K->533015K(1546688K), 0.0052220 secs] [Times: user=0.02 sys=0.00, real=0.00 secs] 
45769.926: [GC 45769.926: [ParNew: 210556K->824K(235968K), 0.0045730 secs] 742807K->533118K(1546688K), 0.0048470 secs] [Times: user=0.02 sys=0.00, real=0.01 secs] 
45776.732: [GC 45776.732: [ParNew: 210616K->765K(235968K), 0.0062550 secs] 742910K->533107K(1546688K), 0.0065030 secs] [Times: user=0.02 sys=0.00, real=0.01 secs] 
45791.265: [GC 45791.265: [ParNew: 210557K->1163K(235968K), 0.0060300 secs] 742899K->533555K(1546688K), 0.0063160 secs] [Times: user=0.03 sys=0.00, real=0.00 secs] 
45803.932: [GC 45803.933: [ParNew: 210955K->1141K(235968K), 0.0059790 secs] 743347K->533589K(1546688K), 0.0062580 secs] [Times: user=0.02 sys=0.00, real=0.00 secs] 
45810.017: [GC 45810.017: [ParNew: 210886K->1114K(235968K), 0.0046930 secs] 743334K->533611K(1546688K), 0.0048970 secs] [Times: user=0.03 sys=0.00, real=0.01 secs] 
45831.439: [GC 45831.440: [ParNew: 210906K->957K(235968K), 0.0048480 secs] 743403K->533512K(1546688K), 0.0051790 secs] [Times: user=0.02 sys=0.01, real=0.00 secs] 
45836.747: [GC 45836.748: [ParNew: 210749K->918K(235968K), 0.0047550 secs] 743304K->533526K(1546688K), 0.0051250 secs] [Times: user=0.02 sys=0.00, real=0.00 secs] 
45858.468: [GC 45858.468: [ParNew: 210710K->876K(235968K), 0.0154990 secs] 743318K->533545K(1546688K), 0.0158270 secs] [Times: user=0.03 sys=0.00, real=0.02 secs] 
45863.964: [GC 45863.964: [ParNew: 210668K->715K(235968K), 0.0060080 secs] 743337K->533428K(1546688K), 0.0062960 secs] [Times: user=0.03 sys=0.00, real=0.00 secs] 
45872.503: [GC 45872.504: [ParNew: 210482K->1254K(235968K), 0.0061410 secs] 743195K->534121K(1546688K), 0.0064280 secs] [Times: user=0.02 sys=0.00, real=0.00 secs] 
45891.480: [GC 45891.480: [ParNew: 211026K->965K(235968K), 0.0067850 secs] 743893K->533874K(1546688K), 0.0070800 secs] [Times: user=0.02 sys=0.00, real=0.00 secs] 
45896.787: [GC 45896.787: [ParNew: 210736K->889K(235968K), 0.0046820 secs] 743645K->533859K(1546688K), 0.0050660 secs] [Times: user=0.02 sys=0.01, real=0.00 secs] 
45918.554: [GC 45918.554: [ParNew: 210673K->600K(235968K), 0.0085340 secs] 743644K->533614K(1546688K), 0.0087960 secs] [Times: user=0.02 sys=0.00, real=0.00 secs] 
45925.374: [GC 45925.374: [ParNew: 210392K->834K(235968K), 0.0060630 secs] 743406K->533893K(1546688K), 0.0063510 secs] [Times: user=0.02 sys=0.01, real=0.00 secs] 
45948.973: [GC 45948.973: [ParNew: 210572K->606K(235968K), 0.0054470 secs] 743631K->533737K(1546688K), 0.0057340 secs] [Times: user=0.02 sys=0.00, real=0.01 secs] 
45952.985: [GC 45952.985: [ParNew: 210357K->763K(235968K), 0.0055110 secs] 743488K->533930K(1546688K), 0.0057330 secs] [Times: user=0.02 sys=0.00, real=0.01 secs] 
45963.371: [GC 45963.371: [ParNew: 210555K->876K(235968K), 0.0047860 secs] 743722K->534084K(1546688K), 0.0050950 secs] [Times: user=0.02 sys=0.00, real=0.01 secs] 
45978.973: [GC 45978.973: [ParNew: 210616K->1201K(235968K), 0.0050880 secs] 743823K->534452K(1546688K), 0.0053620 secs] [Times: user=0.02 sys=0.00, real=0.01 secs] 
45988.261: [GC 45988.261: [ParNew: 210993K->987K(235968K), 0.0055950 secs] 744244K->534295K(1546688K), 0.0058790 secs] [Times: user=0.03 sys=0.00, real=0.01 secs] 
46009.007: [GC 46009.008: [ParNew: 210768K->1071K(235968K), 0.0061140 secs] 744076K->534433K(1546688K), 0.0063790 secs] [Times: user=0.02 sys=0.00, real=0.01 secs] 
46014.826: [GC 46014.826: [ParNew: 210863K->1078K(235968K), 0.0058960 secs] 744225K->534495K(1546688K), 0.0061440 secs] [Times: user=0.03 sys=0.00, real=0.01 secs] 
46029.790: [GC 46029.790: [ParNew: 210848K->969K(235968K), 0.0054370 secs] 744266K->534530K(1546688K), 0.0056360 secs] [Times: user=0.02 sys=0.00, real=0.00 secs] 
46043.270: [GC 46043.270: [ParNew: 210761K->777K(235968K), 0.0067210 secs] 744322K->534425K(1546688K), 0.0070040 secs] [Times: user=0.02 sys=0.00, real=0.01 secs] 
46050.032: [GC 46050.032: [ParNew: 210569K->858K(235968K), 0.0046470 secs] 744217K->534565K(1546688K), 0.0049230 secs] [Times: user=0.02 sys=0.00, real=0.01 secs] 
46069.979: [GC 46069.979: [ParNew: 210643K->871K(235968K), 0.0065980 secs] 744350K->534619K(1546688K), 0.0067940 secs] [Times: user=0.03 sys=0.00, real=0.01 secs] 
46074.885: [GC 46074.886: [ParNew: 210635K->871K(235968K), 0.0060310 secs] 744383K->534664K(1546688K), 0.0063130 secs] [Times: user=0.02 sys=0.00, real=0.01 secs] 
46095.236: [GC 46095.236: [ParNew: 210663K->600K(235968K), 0.0071540 secs] 744456K->534445K(1546688K), 0.0073520 secs] [Times: user=0.02 sys=0.00, real=0.00 secs] 
46103.266: [GC 46103.266: [ParNew: 210392K->1171K(235968K), 0.0077130 secs] 744237K->535073K(1546688K), 0.0079920 secs] [Times: user=0.02 sys=0.00, real=0.01 secs] 
46110.031: [GC 46110.032: [ParNew: 210963K->1168K(235968K), 0.0081050 secs] 744865K->535119K(1546688K), 0.0082910 secs] [Times: user=0.03 sys=0.00, real=0.01 secs] 
46127.563: [GC 46127.564: [ParNew: 210960K->1446K(235968K), 0.0066620 secs] 744911K->535451K(1546688K), 0.0069110 secs] [Times: user=0.02 sys=0.01, real=0.01 secs] 
46131.519: [GC 46131.519: [ParNew: 211238K->1246K(235968K), 0.0058090 secs] 745243K->535385K(1546688K), 0.0060270 secs] [Times: user=0.03 sys=0.01, real=0.01 secs] 
46136.823: [GC 46136.823: [ParNew: 211016K->1284K(235968K), 0.0061980 secs] 745155K->535472K(1546688K), 0.0064570 secs] [Times: user=0.03 sys=0.00, real=0.01 secs] 
46158.576: [GC 46158.576: [ParNew: 211076K->837K(235968K), 0.0115460 secs] 745264K->535127K(1546688K), 0.0117560 secs] [Times: user=0.03 sys=0.00, real=0.01 secs] 
46165.398: [GC 46165.398: [ParNew: 210628K->912K(235968K), 0.0071660 secs] 744919K->535455K(1546688K), 0.0073670 secs] [Times: user=0.02 sys=0.00, real=0.01 secs] 
46172.701: [GC 46172.701: [ParNew: 210704K->714K(235968K), 0.0049390 secs] 745247K->535312K(1546688K), 0.0052110 secs] [Times: user=0.03 sys=0.00, real=0.01 secs] 
46191.544: [GC 46191.544: [ParNew: 210474K->878K(235968K), 0.0081290 secs] 745073K->535541K(1546688K), 0.0084140 secs] [Times: user=0.02 sys=0.00, real=0.01 secs] 
46200.910: [GC 46200.911: [ParNew: 210670K->642K(235968K), 0.0051400 secs] 745333K->535362K(1546688K), 0.0054150 secs] [Times: user=0.03 sys=0.00, real=0.00 secs] 
46219.239: [GC 46219.239: [ParNew: 210429K->1017K(235968K), 0.0218710 secs] 745149K->535785K(1546688K), 0.0221000 secs] [Times: user=0.03 sys=0.00, real=0.02 secs] 
46225.443: [GC 46225.444: [ParNew: 210809K->857K(235968K), 0.0059440 secs] 745577K->535670K(1546688K), 0.0061380 secs] [Times: user=0.02 sys=0.00, real=0.01 secs] 
46249.011: [GC 46249.012: [ParNew: 210640K->865K(235968K), 0.0075450 secs] 745452K->535828K(1546688K), 0.0078090 secs] [Times: user=0.02 sys=0.01, real=0.00 secs] 
46253.043: [GC 46253.044: [ParNew: 210657K->959K(235968K), 0.0067240 secs] 745620K->535957K(1546688K), 0.0069450 secs] [Times: user=0.02 sys=0.00, real=0.01 secs] 
46263.436: [GC 46263.436: [ParNew: 210740K->877K(235968K), 0.0086930 secs] 745738K->535921K(1546688K), 0.0090220 secs] [Times: user=0.03 sys=0.00, real=0.01 secs] 
46279.282: [GC 46279.283: [ParNew: 210621K->799K(235968K), 0.0070870 secs] 745664K->535887K(1546688K), 0.0073380 secs] [Times: user=0.02 sys=0.00, real=0.01 secs] 
46288.306: [GC 46288.306: [ParNew: 210591K->785K(235968K), 0.0077820 secs] 745679K->536001K(1546688K), 0.0080590 secs] [Times: user=0.03 sys=0.00, real=0.00 secs] 
46309.990: [GC 46309.990: [ParNew: 210577K->938K(235968K), 0.0052720 secs] 745793K->536208K(1546688K), 0.0055510 secs] [Times: user=0.02 sys=0.00, real=0.01 secs] 
46314.900: [GC 46314.901: [ParNew: 210730K->1082K(235968K), 0.0058260 secs] 746000K->536430K(1546688K), 0.0060820 secs] [Times: user=0.02 sys=0.00, real=0.01 secs] 
46329.854: [GC 46329.854: [ParNew: 210847K->737K(235968K), 0.0059330 secs] 746194K->536128K(1546688K), 0.0061710 secs] [Times: user=0.02 sys=0.00, real=0.01 secs] 
46343.317: [GC 46343.317: [ParNew: 210529K->1237K(235968K), 0.0110370 secs] 745920K->536671K(1546688K), 0.0112310 secs] [Times: user=0.02 sys=0.00, real=0.01 secs] 
46350.077: [GC 46350.077: [ParNew: 211029K->695K(235968K), 0.0044220 secs] 746463K->536166K(1546688K), 0.0046760 secs] [Times: user=0.02 sys=0.00, real=0.00 secs] 
46370.049: [GC 46370.050: [ParNew: 210487K->1011K(235968K), 0.0046600 secs] 745958K->536535K(1546688K), 0.0049470 secs] [Times: user=0.03 sys=0.00, real=0.01 secs] 
46376.843: [GC 46376.843: [ParNew: 210803K->828K(235968K), 0.0056340 secs] 746327K->536405K(1546688K), 0.0059100 secs] [Times: user=0.03 sys=0.00, real=0.00 secs] 
46398.607: [GC 46398.607: [ParNew: 210498K->699K(235968K), 0.0298700 secs] 746074K->536396K(1546688K), 0.0302010 secs] [Times: user=0.04 sys=0.00, real=0.03 secs] 
46404.041: [GC 46404.041: [ParNew: 210475K->888K(235968K), 0.0072460 secs] 746173K->536629K(1546688K), 0.0076640 secs] [Times: user=0.02 sys=0.00, real=0.01 secs] 
46412.740: [GC 46412.741: [ParNew: 210680K->1028K(235968K), 0.0076980 secs] 746421K->536801K(1546688K), 0.0078940 secs] [Times: user=0.02 sys=0.00, real=0.01 secs] 
46431.587: [GC 46431.587: [ParNew: 210778K->975K(235968K), 0.0057750 secs] 746551K->536826K(1546688K), 0.0059820 secs] [Times: user=0.02 sys=0.00, real=0.01 secs] 
46436.891: [GC 46436.891: [ParNew: 210767K->725K(235968K), 0.0073310 secs] 746618K->536627K(1546688K), 0.0075790 secs] [Times: user=0.02 sys=0.00, real=0.01 secs] 
46458.670: [GC 46458.670: [ParNew: 210516K->570K(235968K), 0.0071070 secs] 746418K->536514K(1546688K), 0.0072960 secs] [Times: user=0.02 sys=0.00, real=0.00 secs] 
46465.498: [GC 46465.498: [ParNew: 210362K->742K(235968K), 0.0206130 secs] 746306K->536731K(1546688K), 0.0208740 secs] [Times: user=0.02 sys=0.00, real=0.02 secs] 
46489.044: [GC 46489.045: [ParNew: 210534K->937K(235968K), 0.0081020 secs] 746523K->536961K(1546688K), 0.0083530 secs] [Times: user=0.03 sys=0.00, real=0.00 secs] 
46493.089: [GC 46493.089: [ParNew: 210698K->1165K(235968K), 0.0049850 secs] 746722K->537225K(1546688K), 0.0052360 secs] [Times: user=0.02 sys=0.00, real=0.01 secs] 
46503.499: [GC 46503.499: [ParNew: 210957K->1126K(235968K), 0.0047740 secs] 747017K->537223K(1546688K), 0.0050470 secs] [Times: user=0.02 sys=0.00, real=0.01 secs] 
46519.341: [GC 46519.341: [ParNew: 210826K->1124K(235968K), 0.0048810 secs] 746923K->537264K(1546688K), 0.0051420 secs] [Times: user=0.02 sys=0.01, real=0.00 secs] 
46528.349: [GC 46528.350: [ParNew: 210916K->823K(235968K), 0.0055280 secs] 747056K->537170K(1546688K), 0.0058020 secs] [Times: user=0.03 sys=0.00, real=0.00 secs] 
46550.043: [GC 46550.043: [ParNew: 210590K->1127K(235968K), 0.0074970 secs] 746937K->537522K(1546688K), 0.0077580 secs] [Times: user=0.02 sys=0.00, real=0.01 secs] 
46554.954: [GC 46554.954: [ParNew: 210907K->692K(235968K), 0.0123660 secs] 747303K->537134K(1546688K), 0.0125500 secs] [Times: user=0.03 sys=0.00, real=0.01 secs] 
46569.909: [GC 46569.909: [ParNew: 210453K->751K(235968K), 0.0049220 secs] 746895K->537229K(1546688K), 0.0051880 secs] [Times: user=0.02 sys=0.00, real=0.01 secs] 
46583.358: [GC 46583.359: [ParNew: 210501K->624K(235968K), 0.0047470 secs] 746980K->537169K(1546688K), 0.0050550 secs] [Times: user=0.02 sys=0.00, real=0.01 secs] 
46590.117: [GC 46590.117: [ParNew: 210402K->692K(235968K), 0.0047760 secs] 746947K->537280K(1546688K), 0.0050350 secs] [Times: user=0.02 sys=0.00, real=0.01 secs] 
46611.594: [GC 46611.594: [ParNew: 210441K->977K(235968K), 0.0082700 secs] 747029K->537614K(1546688K), 0.0084530 secs] [Times: user=0.03 sys=0.00, real=0.01 secs] 
46617.016: [GC 46617.016: [ParNew: 210751K->1040K(235968K), 0.0039610 secs] 747388K->537719K(1546688K), 0.0041950 secs] [Times: user=0.02 sys=0.01, real=0.00 secs] 
46638.660: [GC 46638.660: [ParNew: 210832K->604K(235968K), 0.0173570 secs] 747511K->537327K(1546688K), 0.0176570 secs] [Times: user=0.03 sys=0.00, real=0.02 secs] 
46644.078: [GC 46644.078: [ParNew: 210283K->887K(235968K), 0.0064290 secs] 747006K->537653K(1546688K), 0.0066970 secs] [Times: user=0.02 sys=0.00, real=0.01 secs] 
46652.904: [GC 46652.904: [ParNew: 210679K->827K(235968K), 0.0057530 secs] 747445K->537637K(1546688K), 0.0059380 secs] [Times: user=0.02 sys=0.00, real=0.01 secs] 
46671.631: [GC 46671.631: [ParNew: 210601K->1079K(235968K), 0.0073610 secs] 747410K->537943K(1546688K), 0.0076430 secs] [Times: user=0.03 sys=0.00, real=0.01 secs] 
46677.057: [GC 46677.058: [ParNew: 210871K->923K(235968K), 0.0060120 secs] 747735K->537886K(1546688K), 0.0063430 secs] [Times: user=0.02 sys=0.00, real=0.01 secs] 
46698.899: [GC 46698.899: [ParNew: 210668K->664K(235968K), 0.0069780 secs] 747630K->537670K(1546688K), 0.0072570 secs] [Times: user=0.02 sys=0.00, real=0.01 secs] 
46705.533: [GC 46705.533: [ParNew: 210395K->892K(235968K), 0.0189010 secs] 747401K->538026K(1546688K), 0.0192360 secs] [Times: user=0.03 sys=0.00, real=0.02 secs] 
46729.077: [GC 46729.078: [ParNew: 210684K->723K(235968K), 0.0056680 secs] 747818K->537893K(1546688K), 0.0058960 secs] [Times: user=0.02 sys=0.00, real=0.00 secs] 
46733.130: [GC 46733.131: [ParNew: 210510K->915K(235968K), 0.0055630 secs] 747680K->538161K(1546688K), 0.0057940 secs] [Times: user=0.02 sys=0.00, real=0.01 secs] 
46743.554: [GC 46743.554: [ParNew: 210678K->861K(235968K), 0.0055410 secs] 747924K->538143K(1546688K), 0.0057270 secs] [Times: user=0.02 sys=0.00, real=0.00 secs] 
46759.378: [GC 46759.378: [ParNew: 210597K->880K(235968K), 0.0060240 secs] 747879K->538206K(1546688K), 0.0062990 secs] [Times: user=0.02 sys=0.00, real=0.01 secs] 
46768.385: [GC 46768.385: [ParNew: 210672K->844K(235968K), 0.0059270 secs] 747998K->538216K(1546688K), 0.0061820 secs] [Times: user=0.02 sys=0.00, real=0.01 secs] 
46790.089: [GC 46790.089: [ParNew: 210636K->868K(235968K), 0.0089400 secs] 748008K->538290K(1546688K), 0.0091330 secs] [Times: user=0.01 sys=0.00, real=0.01 secs] 
46794.990: [GC 46794.991: [ParNew: 210660K->1208K(235968K), 0.0164320 secs] 748082K->538672K(1546688K), 0.0166890 secs] [Times: user=0.02 sys=0.00, real=0.02 secs] 
46809.954: [GC 46809.954: [ParNew: 211000K->1026K(235968K), 0.0057900 secs] 748464K->538526K(1546688K), 0.0060240 secs] [Times: user=0.02 sys=0.00, real=0.00 secs] 
46823.388: [GC 46823.388: [ParNew: 210692K->920K(235968K), 0.0045700 secs] 748192K->538542K(1546688K), 0.0048360 secs] [Times: user=0.03 sys=0.00, real=0.01 secs] 
46830.149: [GC 46830.149: [ParNew: 210712K->622K(235968K), 0.0053240 secs] 748334K->538286K(1546688K), 0.0055950 secs] [Times: user=0.02 sys=0.00, real=0.01 secs] 
46851.636: [GC 46851.637: [ParNew: 210356K->731K(235968K), 0.0052340 secs] 748020K->538471K(1546688K), 0.0056780 secs] [Times: user=0.02 sys=0.00, real=0.00 secs] 
46857.057: [GC 46857.057: [ParNew: 210523K->565K(235968K), 0.0067480 secs] 748263K->538358K(1546688K), 0.0069480 secs] [Times: user=0.02 sys=0.00, real=0.00 secs] 
46878.723: [GC 46878.723: [ParNew: 210328K->1001K(235968K), 0.0157660 secs] 748121K->538838K(1546688K), 0.0160230 secs] [Times: user=0.03 sys=0.00, real=0.01 secs] 
46884.108: [GC 46884.108: [ParNew: 210793K->916K(235968K), 0.0056880 secs] 748630K->538797K(1546688K), 0.0059610 secs] [Times: user=0.02 sys=0.01, real=0.01 secs] 
46892.958: [GC 46892.958: [ParNew: 210708K->745K(235968K), 0.0045860 secs] 748589K->538662K(1546688K), 0.0048590 secs] [Times: user=0.02 sys=0.00, real=0.01 secs] 
46911.690: [GC 46911.691: [ParNew: 210537K->427K(235968K), 0.0068200 secs] 748454K->538392K(1546688K), 0.0070610 secs] [Times: user=0.02 sys=0.00, real=0.01 secs] 
46923.563: [GC 46923.564: [ParNew: 210219K->629K(235968K), 0.0054470 secs] 748184K->538658K(1546688K), 0.0057210 secs] [Times: user=0.02 sys=0.00, real=0.01 secs] 
46939.374: [GC 46939.374: [ParNew: 210421K->846K(235968K), 0.0061090 secs] 748450K->538913K(1546688K), 0.0062850 secs] [Times: user=0.02 sys=0.00, real=0.00 secs] 
46945.581: [GC 46945.581: [ParNew: 210622K->717K(235968K), 0.0262640 secs] 748689K->538828K(1546688K), 0.0265810 secs] [Times: user=0.04 sys=0.00, real=0.03 secs] 
46969.120: [GC 46969.120: [ParNew: 210469K->952K(235968K), 0.0072230 secs] 748580K->539099K(1546688K), 0.0074260 secs] [Times: user=0.02 sys=0.00, real=0.00 secs] 
46973.309: [GC 46973.309: [ParNew: 210744K->592K(235968K), 0.0123100 secs] 748891K->538780K(1546688K), 0.0124860 secs] [Times: user=0.02 sys=0.00, real=0.01 secs] 
46983.620: [GC 46983.637: [ParNew: 210384K->734K(235968K), 0.0076850 secs] 748572K->538966K(1546688K), 0.0079310 secs] [Times: user=0.02 sys=0.00, real=0.02 secs] 
47003.382: [GC 47003.382: [ParNew: 210526K->713K(235968K), 0.0059510 secs] 748758K->538987K(1546688K), 0.0062210 secs] [Times: user=0.03 sys=0.00, real=0.01 secs] 
47008.428: [GC 47008.428: [ParNew: 210505K->1036K(235968K), 0.0051330 secs] 748779K->539467K(1546688K), 0.0054100 secs] [Times: user=0.02 sys=0.00, real=0.01 secs] 
47030.147: [GC 47030.148: [ParNew: 210828K->1065K(235968K), 0.0050300 secs] 749259K->539531K(1546688K), 0.0052370 secs] [Times: user=0.02 sys=0.00, real=0.01 secs] 
47035.077: [GC 47035.077: [ParNew: 210857K->743K(235968K), 0.0078080 secs] 749323K->539246K(1546688K), 0.0080790 secs] [Times: user=0.02 sys=0.00, real=0.01 secs] 
47050.011: [GC 47050.011: [ParNew: 210535K->910K(235968K), 0.0061080 secs] 749038K->539455K(1546688K), 0.0063680 secs] [Times: user=0.02 sys=0.00, real=0.01 secs] 
47063.419: [GC 47063.419: [ParNew: 210693K->957K(235968K), 0.0074860 secs] 749238K->539553K(1546688K), 0.0077170 secs] [Times: user=0.02 sys=0.00, real=0.01 secs] 
47070.175: [GC 47070.176: [ParNew: 210721K->1135K(235968K), 0.0087860 secs] 749316K->539780K(1546688K), 0.0090640 secs] [Times: user=0.02 sys=0.00, real=0.01 secs] 
47091.678: [GC 47091.679: [ParNew: 210927K->766K(235968K), 0.0084050 secs] 749572K->539506K(1546688K), 0.0087000 secs] [Times: user=0.03 sys=0.00, real=0.01 secs] 
47097.092: [GC 47097.092: [ParNew: 210558K->1063K(235968K), 0.0076190 secs] 749298K->539862K(1546688K), 0.0078360 secs] [Times: user=0.02 sys=0.00, real=0.01 secs] 
47118.775: [GC 47118.775: [ParNew: 210855K->578K(235968K), 0.0240430 secs] 749654K->539431K(1546688K), 0.0243210 secs] [Times: user=0.04 sys=0.00, real=0.02 secs] 
47124.129: [GC 47124.129: [ParNew: 210370K->843K(235968K), 0.0064660 secs] 749223K->539740K(1546688K), 0.0067480 secs] [Times: user=0.02 sys=0.00, real=0.01 secs] 
47133.008: [GC 47133.009: [ParNew: 210635K->865K(235968K), 0.0050450 secs] 749532K->539799K(1546688K), 0.0053210 secs] [Times: user=0.02 sys=0.01, real=0.01 secs] 
47151.718: [GC 47151.718: [ParNew: 210657K->688K(235968K), 0.0083100 secs] 749591K->539668K(1546688K), 0.0085040 secs] [Times: user=0.02 sys=0.00, real=0.01 secs] 
47157.141: [GC 47157.141: [ParNew: 210435K->1068K(235968K), 0.0049500 secs] 749415K->540227K(1546688K), 0.0052250 secs] [Times: user=0.02 sys=0.00, real=0.00 secs] 
47178.842: [GC 47178.842: [ParNew: 210860K->787K(235968K), 0.0070020 secs] 750019K->539995K(1546688K), 0.0072300 secs] [Times: user=0.02 sys=0.00, real=0.01 secs] 
47185.600: [GC 47185.600: [ParNew: 210579K->1312K(235968K), 0.0059440 secs] 749787K->540577K(1546688K), 0.0063640 secs] [Times: user=0.02 sys=0.00, real=0.01 secs] 
47193.037: [GC 47193.037: [ParNew: 211104K->1119K(235968K), 0.0045730 secs] 750369K->540433K(1546688K), 0.0047850 secs] [Times: user=0.03 sys=0.00, real=0.00 secs] 
47211.743: [GC 47211.743: [ParNew: 210911K->1127K(235968K), 0.0063100 secs] 750225K->540495K(1546688K), 0.0068050 secs] [Times: user=0.03 sys=0.00, real=0.00 secs] 
47217.160: [GC 47217.160: [ParNew: 210919K->1145K(235968K), 0.0062830 secs] 750287K->540578K(1546688K), 0.0064970 secs] [Times: user=0.02 sys=0.00, real=0.00 secs] 
47238.843: [GC 47238.843: [ParNew: 210873K->1107K(235968K), 0.0157710 secs] 750307K->540593K(1546688K), 0.0160790 secs] [Times: user=0.04 sys=0.00, real=0.02 secs] 
47245.625: [GC 47245.625: [ParNew: 210899K->1232K(235968K), 0.0068740 secs] 750385K->540766K(1546688K), 0.0071660 secs] [Times: user=0.02 sys=0.00, real=0.00 secs] 
47253.063: [GC 47253.063: [ParNew: 211024K->961K(235968K), 0.0078540 secs] 750558K->540789K(1546688K), 0.0080770 secs] [Times: user=0.02 sys=0.00, real=0.01 secs] 
47273.334: [GC 47273.335: [ParNew: 210753K->1219K(235968K), 0.0081430 secs] 750581K->541096K(1546688K), 0.0084090 secs] [Times: user=0.03 sys=0.00, real=0.01 secs] 
47283.663: [GC 47283.664: [ParNew: 210995K->996K(235968K), 0.0106710 secs] 750872K->540909K(1546688K), 0.0110850 secs] [Times: user=0.02 sys=0.00, real=0.01 secs] 
47299.652: [GC 47299.652: [ParNew: 210788K->1263K(235968K), 0.0103370 secs] 750701K->541220K(1546688K), 0.0106810 secs] [Times: user=0.03 sys=0.00, real=0.01 secs] 
47308.436: [GC 47308.436: [ParNew: 211030K->896K(235968K), 0.0055470 secs] 750987K->540897K(1546688K), 0.0058280 secs] [Times: user=0.03 sys=0.00, real=0.00 secs] 
47329.180: [GC 47329.180: [ParNew: 210688K->1148K(235968K), 0.0069020 secs] 750689K->541205K(1546688K), 0.0072280 secs] [Times: user=0.02 sys=0.00, real=0.01 secs] 
47333.376: [GC 47333.376: [ParNew: 210940K->952K(235968K), 0.0060860 secs] 750997K->541063K(1546688K), 0.0062670 secs] [Times: user=0.03 sys=0.00, real=0.01 secs] 
47343.700: [GC 47343.700: [ParNew: 210744K->1000K(235968K), 0.0099760 secs] 750855K->541170K(1546688K), 0.0101900 secs] [Times: user=0.03 sys=0.00, real=0.01 secs] 
47359.688: [GC 47359.688: [ParNew: 210792K->1040K(235968K), 0.0083180 secs] 750962K->541269K(1546688K), 0.0085250 secs] [Times: user=0.03 sys=0.00, real=0.01 secs] 
47368.460: [GC 47368.461: [ParNew: 210832K->1195K(235968K), 0.0056950 secs] 751061K->541469K(1546688K), 0.0059220 secs] [Times: user=0.03 sys=0.00, real=0.01 secs] 
47390.204: [GC 47390.204: [ParNew: 210987K->1092K(235968K), 0.0052450 secs] 751261K->541442K(1546688K), 0.0055220 secs] [Times: user=0.03 sys=0.00, real=0.00 secs] 
47395.125: [GC 47395.126: [ParNew: 210821K->777K(235968K), 0.0202380 secs] 751171K->541171K(1546688K), 0.0205310 secs] [Times: user=0.06 sys=0.00, real=0.02 secs] 
47410.066: [GC 47410.067: [ParNew: 210569K->849K(235968K), 0.0093880 secs] 750963K->541295K(1546688K), 0.0096280 secs] [Times: user=0.02 sys=0.00, real=0.01 secs] 
47423.463: [GC 47423.463: [ParNew: 210641K->960K(235968K), 0.0060810 secs] 751087K->541455K(1546688K), 0.0063310 secs] [Times: user=0.02 sys=0.00, real=0.01 secs] 
47430.214: [GC 47430.214: [ParNew: 210722K->811K(235968K), 0.0083190 secs] 751217K->541348K(1546688K), 0.0085910 secs] [Times: user=0.03 sys=0.00, real=0.01 secs] 
47450.237: [GC 47450.237: [ParNew: 210603K->879K(235968K), 0.0059320 secs] 751140K->541464K(1546688K), 0.0061960 secs] [Times: user=0.03 sys=0.00, real=0.01 secs] 
47455.177: [GC 47455.178: [ParNew: 210613K->980K(235968K), 0.0110520 secs] 751198K->541725K(1546688K), 0.0113180 secs] [Times: user=0.03 sys=0.00, real=0.01 secs] 
47470.102: [GC 47470.102: [ParNew: 210772K->865K(235968K), 0.0064150 secs] 751517K->541661K(1546688K), 0.0066670 secs] [Times: user=0.02 sys=0.00, real=0.00 secs] 
47484.160: [GC 47484.160: [ParNew: 210657K->1153K(235968K), 0.0109160 secs] 751453K->542023K(1546688K), 0.0112060 secs] [Times: user=0.03 sys=0.00, real=0.01 secs] 
47493.065: [GC 47493.066: [ParNew: 210945K->1198K(235968K), 0.0097750 secs] 751815K->542119K(1546688K), 0.0100540 secs] [Times: user=0.04 sys=0.00, real=0.01 secs] 
47511.775: [GC 47511.775: [ParNew: 210943K->864K(235968K), 0.0046820 secs] 751863K->541821K(1546688K), 0.0049530 secs] [Times: user=0.03 sys=0.00, real=0.00 secs] 
47517.192: [GC 47517.192: [ParNew: 210656K->909K(235968K), 0.0050830 secs] 751613K->541995K(1546688K), 0.0052750 secs] [Times: user=0.02 sys=0.00, real=0.01 secs] 
47538.903: [GC 47538.903: [ParNew: 210640K->737K(235968K), 0.0140780 secs] 751726K->541966K(1546688K), 0.0143640 secs] [Times: user=0.03 sys=0.00, real=0.01 secs] 
47545.676: [GC 47545.676: [ParNew: 210529K->1313K(235968K), 0.0048560 secs] 751758K->542585K(1546688K), 0.0051320 secs] [Times: user=0.02 sys=0.00, real=0.01 secs] 
47553.113: [GC 47553.114: [ParNew: 211105K->793K(235968K), 0.0036170 secs] 752377K->542114K(1546688K), 0.0038560 secs] [Times: user=0.03 sys=0.00, real=0.01 secs] 
47573.499: [GC 47573.499: [ParNew: 210585K->813K(235968K), 0.0042770 secs] 751906K->542212K(1546688K), 0.0045510 secs] [Times: user=0.03 sys=0.00, real=0.01 secs] 
47583.831: [GC 47583.831: [ParNew: 210605K->1180K(235968K), 0.0042800 secs] 752004K->542693K(1546688K), 0.0045440 secs] [Times: user=0.03 sys=0.00, real=0.01 secs] 
47599.705: [GC 47599.705: [ParNew: 210881K->734K(235968K), 0.0037220 secs] 752395K->542280K(1546688K), 0.0039810 secs] [Times: user=0.02 sys=0.01, real=0.01 secs] 
47608.477: [GC 47608.477: [ParNew: 210526K->812K(235968K), 0.0036070 secs] 752072K->542401K(1546688K), 0.0038540 secs] [Times: user=0.02 sys=0.00, real=0.01 secs] 
47629.219: [GC 47629.220: [ParNew: 210551K->1055K(235968K), 0.0040650 secs] 752140K->542698K(1546688K), 0.0043050 secs] [Times: user=0.03 sys=0.00, real=0.00 secs] 
47635.169: [GC 47635.169: [ParNew: 210830K->614K(235968K), 0.0148040 secs] 752473K->542391K(1546688K), 0.0150670 secs] [Times: user=0.03 sys=0.00, real=0.02 secs] 
47650.102: [GC 47650.102: [ParNew: 210406K->803K(235968K), 0.0052780 secs] 752183K->542628K(1546688K), 0.0054540 secs] [Times: user=0.02 sys=0.00, real=0.00 secs] 
47663.488: [GC 47663.488: [ParNew: 210595K->762K(235968K), 0.0051830 secs] 752420K->542631K(1546688K), 0.0054480 secs] [Times: user=0.03 sys=0.00, real=0.01 secs] 
47670.238: [GC 47670.238: [ParNew: 210554K->745K(235968K), 0.0058760 secs] 752423K->542678K(1546688K), 0.0061060 secs] [Times: user=0.02 sys=0.00, real=0.01 secs] 
47690.283: [GC 47690.284: [ParNew: 210447K->769K(235968K), 0.0080010 secs] 752379K->542743K(1546688K), 0.0082480 secs] [Times: user=0.02 sys=0.00, real=0.01 secs] 
47695.238: [GC 47695.238: [ParNew: 210492K->1140K(235968K), 0.0047920 secs] 752466K->543155K(1546688K), 0.0050640 secs] [Times: user=0.02 sys=0.00, real=0.00 secs] 
47710.154: [GC 47710.154: [ParNew: 210932K->672K(235968K), 0.0055810 secs] 752947K->542736K(1546688K), 0.0058120 secs] [Times: user=0.03 sys=0.00, real=0.00 secs] 
47724.201: [GC 47724.201: [ParNew: 210464K->880K(235968K), 0.0038030 secs] 752528K->542988K(1546688K), 0.0040430 secs] [Times: user=0.03 sys=0.00, real=0.00 secs] 
47733.124: [GC 47733.124: [ParNew: 210672K->849K(235968K), 0.0038480 secs] 752780K->543014K(1546688K), 0.0041060 secs] [Times: user=0.02 sys=0.00, real=0.00 secs] 
47751.827: [GC 47751.827: [ParNew: 210623K->791K(235968K), 0.0036190 secs] 752789K->542992K(1546688K), 0.0038980 secs] [Times: user=0.03 sys=0.00, real=0.00 secs] 
47757.241: [GC 47757.241: [ParNew: 210520K->978K(235968K), 0.0040310 secs] 752721K->543220K(1546688K), 0.0043340 secs] [Times: user=0.02 sys=0.00, real=0.01 secs] 
47778.989: [GC 47778.989: [ParNew: 210770K->662K(235968K), 0.0040880 secs] 753012K->542958K(1546688K), 0.0043220 secs] [Times: user=0.03 sys=0.00, real=0.01 secs] 
47785.733: [GC 47785.733: [ParNew: 210399K->1004K(235968K), 0.0038170 secs] 752695K->543338K(1546688K), 0.0041380 secs] [Times: user=0.03 sys=0.00, real=0.00 secs] 
47809.211: [GC 47809.211: [ParNew: 210796K->848K(235968K), 0.0038330 secs] 753130K->543230K(1546688K), 0.0040760 secs] [Times: user=0.03 sys=0.00, real=0.00 secs] 
47813.559: [GC 47813.559: [ParNew: 210640K->754K(235968K), 0.0036440 secs] 753022K->543172K(1546688K), 0.0039050 secs] [Times: user=0.03 sys=0.00, real=0.00 secs] 
47823.898: [GC 47823.898: [ParNew: 210441K->823K(235968K), 0.0045820 secs] 752859K->543400K(1546688K), 0.0048520 secs] [Times: user=0.02 sys=0.00, real=0.00 secs] 
47839.767: [GC 47839.767: [ParNew: 210586K->1067K(235968K), 0.0039420 secs] 753163K->543687K(1546688K), 0.0042360 secs] [Times: user=0.03 sys=0.00, real=0.01 secs] 
47848.520: [GC 47848.521: [ParNew: 210786K->1130K(235968K), 0.0041970 secs] 753407K->543832K(1546688K), 0.0044590 secs] [Times: user=0.03 sys=0.00, real=0.00 secs] 
47870.286: [GC 47870.286: [ParNew: 210922K->757K(235968K), 0.0041320 secs] 753624K->543546K(1546688K), 0.0043890 secs] [Times: user=0.03 sys=0.00, real=0.01 secs] 
47875.243: [GC 47875.243: [ParNew: 210549K->544K(235968K), 0.0179320 secs] 753338K->543382K(1546688K), 0.0181770 secs] [Times: user=0.03 sys=0.00, real=0.02 secs] 
47890.160: [GC 47890.160: [ParNew: 210336K->544K(235968K), 0.0095050 secs] 753174K->543424K(1546688K), 0.0097450 secs] [Times: user=0.02 sys=0.00, real=0.01 secs] 
47903.522: [GC 47903.523: [ParNew: 210336K->1097K(235968K), 0.0055640 secs] 753216K->544020K(1546688K), 0.0057900 secs] [Times: user=0.03 sys=0.00, real=0.00 secs] 
47910.274: [GC 47910.274: [ParNew: 210840K->1154K(235968K), 0.0073680 secs] 753763K->544125K(1546688K), 0.0076260 secs] [Times: user=0.02 sys=0.00, real=0.01 secs] 
47930.326: [GC 47930.326: [ParNew: 210946K->826K(235968K), 0.0049280 secs] 753917K->543856K(1546688K), 0.0051410 secs] [Times: user=0.02 sys=0.00, real=0.01 secs] 
47935.324: [GC 47935.324: [ParNew: 210547K->707K(235968K), 0.0075580 secs] 753577K->543791K(1546688K), 0.0078070 secs] [Times: user=0.03 sys=0.00, real=0.01 secs] 
47958.973: [GC 47958.973: [ParNew: 210480K->713K(235968K), 0.0148890 secs] 753564K->543850K(1546688K), 0.0151970 secs] [Times: user=0.04 sys=0.00, real=0.01 secs] 
47964.241: [GC 47964.241: [ParNew: 210444K->992K(235968K), 0.0059080 secs] 753581K->544172K(1546688K), 0.0061140 secs] [Times: user=0.02 sys=0.00, real=0.01 secs] 
47973.184: [GC 47973.184: [ParNew: 210784K->1176K(235968K), 0.0046060 secs] 753964K->544494K(1546688K), 0.0048090 secs] [Times: user=0.02 sys=0.01, real=0.00 secs] 
47991.873: [GC 47991.873: [ParNew: 210924K->1088K(235968K), 0.0049970 secs] 754242K->544442K(1546688K), 0.0052130 secs] [Times: user=0.03 sys=0.01, real=0.01 secs] 
47997.282: [GC 47997.283: [ParNew: 210784K->916K(235968K), 0.0051260 secs] 754137K->544348K(1546688K), 0.0053890 secs] [Times: user=0.02 sys=0.00, real=0.01 secs] 
48019.019: [GC 48019.019: [ParNew: 210708K->759K(235968K), 0.0085660 secs] 754140K->544236K(1546688K), 0.0089360 secs] [Times: user=0.02 sys=0.01, real=0.01 secs] 
48025.766: [GC 48025.766: [ParNew: 210551K->857K(235968K), 0.0069980 secs] 754028K->544390K(1546688K), 0.0072750 secs] [Times: user=0.02 sys=0.00, real=0.01 secs] 
48033.210: [GC 48033.210: [ParNew: 210613K->1007K(235968K), 0.0068450 secs] 754146K->544590K(1546688K), 0.0071140 secs] [Times: user=0.03 sys=0.00, real=0.01 secs] 
48053.586: [GC 48053.586: [ParNew: 210799K->970K(235968K), 0.0048070 secs] 754382K->544606K(1546688K), 0.0050760 secs] [Times: user=0.03 sys=0.00, real=0.01 secs] 
48063.932: [GC 48063.933: [ParNew: 210762K->805K(235968K), 0.0056500 secs] 754398K->544607K(1546688K), 0.0059060 secs] [Times: user=0.02 sys=0.00, real=0.01 secs] 
48079.900: [GC 48079.901: [ParNew: 210597K->1127K(235968K), 0.0052520 secs] 754399K->544973K(1546688K), 0.0055150 secs] [Times: user=0.03 sys=0.00, real=0.01 secs] 
48085.816: [GC 48085.816: [ParNew: 210919K->786K(235968K), 0.0037980 secs] 754765K->544686K(1546688K), 0.0040450 secs] [Times: user=0.02 sys=0.00, real=0.00 secs] 
48109.268: [GC 48109.268: [ParNew: 210578K->761K(235968K), 0.0060730 secs] 754478K->544714K(1546688K), 0.0063570 secs] [Times: user=0.02 sys=0.00, real=0.01 secs] 
48113.627: [GC 48113.628: [ParNew: 210553K->943K(235968K), 0.0060660 secs] 754506K->544943K(1546688K), 0.0062470 secs] [Times: user=0.02 sys=0.00, real=0.01 secs] 
48123.976: [GC 48123.976: [ParNew: 210735K->647K(235968K), 0.0045290 secs] 754735K->544695K(1546688K), 0.0047770 secs] [Times: user=0.02 sys=0.00, real=0.01 secs] 
48139.951: [GC 48139.951: [ParNew: 210417K->573K(235968K), 0.0056460 secs] 754464K->544664K(1546688K), 0.0059070 secs] [Times: user=0.02 sys=0.00, real=0.01 secs] 
48148.573: [GC 48148.573: [ParNew: 210348K->771K(235968K), 0.0042510 secs] 754440K->544907K(1546688K), 0.0045090 secs] [Times: user=0.02 sys=0.00, real=0.00 secs] 
48170.351: [GC 48170.351: [ParNew: 210563K->899K(235968K), 0.0074030 secs] 754699K->545084K(1546688K), 0.0077140 secs] [Times: user=0.03 sys=0.00, real=0.00 secs] 
48175.332: [GC 48175.332: [ParNew: 210691K->1300K(235968K), 0.0263340 secs] 754876K->545527K(1546688K), 0.0265510 secs] [Times: user=0.06 sys=0.00, real=0.03 secs] 
48190.217: [GC 48190.217: [ParNew: 211092K->794K(235968K), 0.0050840 secs] 755319K->545057K(1546688K), 0.0053650 secs] [Times: user=0.02 sys=0.00, real=0.00 secs] 
48203.569: [GC 48203.569: [ParNew: 210586K->703K(235968K), 0.0054560 secs] 754849K->545093K(1546688K), 0.0056620 secs] [Times: user=0.02 sys=0.00, real=0.01 secs] 
48210.318: [GC 48210.318: [ParNew: 210495K->695K(235968K), 0.0050290 secs] 754885K->545128K(1546688K), 0.0052940 secs] [Times: user=0.02 sys=0.00, real=0.01 secs] 
48230.384: [GC 48230.384: [ParNew: 210487K->1009K(235968K), 0.0057670 secs] 754920K->545506K(1546688K), 0.0059720 secs] [Times: user=0.02 sys=0.01, real=0.00 secs] 
48235.379: [GC 48235.379: [ParNew: 210754K->630K(235968K), 0.0095470 secs] 755251K->545180K(1546688K), 0.0098080 secs] [Times: user=0.02 sys=0.01, real=0.01 secs] 
48259.030: [GC 48259.030: [ParNew: 210422K->502K(235968K), 0.0051910 secs] 754972K->545118K(1546688K), 0.0054720 secs] [Times: user=0.02 sys=0.00, real=0.00 secs] 
48264.272: [GC 48264.272: [ParNew: 210294K->923K(235968K), 0.0055540 secs] 754910K->545583K(1546688K), 0.0058460 secs] [Times: user=0.02 sys=0.00, real=0.01 secs] 
48273.239: [GC 48273.240: [ParNew: 210715K->1130K(235968K), 0.0061730 secs] 755375K->545921K(1546688K), 0.0064340 secs] [Times: user=0.02 sys=0.00, real=0.01 secs] 
48291.929: [GC 48291.930: [ParNew: 210922K->1045K(235968K), 0.0046420 secs] 755713K->545872K(1546688K), 0.0048520 secs] [Times: user=0.02 sys=0.00, real=0.01 secs] 
48297.335: [GC 48297.336: [ParNew: 210800K->1171K(235968K), 0.0069730 secs] 755627K->546035K(1546688K), 0.0071640 secs] [Times: user=0.02 sys=0.00, real=0.01 secs] 
48319.081: [GC 48319.081: [ParNew: 210963K->993K(235968K), 0.0064620 secs] 755827K->545910K(1546688K), 0.0066790 secs] [Times: user=0.03 sys=0.00, real=0.01 secs] 
48325.843: [GC 48325.843: [ParNew: 210785K->1019K(235968K), 0.0041430 secs] 755702K->545972K(1546688K), 0.0044090 secs] [Times: user=0.03 sys=0.00, real=0.01 secs] 
48349.286: [GC 48349.286: [ParNew: 210811K->824K(235968K), 0.0059420 secs] 755764K->545829K(1546688K), 0.0062200 secs] [Times: user=0.02 sys=0.00, real=0.01 secs] 
48353.655: [GC 48353.656: [ParNew: 210616K->839K(235968K), 0.0084880 secs] 755621K->545879K(1546688K), 0.0087370 secs] [Times: user=0.02 sys=0.00, real=0.01 secs] 
48364.016: [GC 48364.016: [ParNew: 210631K->716K(235968K), 0.0059050 secs] 755671K->545797K(1546688K), 0.0060960 secs] [Times: user=0.03 sys=0.00, real=0.01 secs] 
48379.976: [GC 48379.976: [ParNew: 210470K->792K(235968K), 0.0044120 secs] 755551K->545916K(1546688K), 0.0047150 secs] [Times: user=0.03 sys=0.00, real=0.01 secs] 
48388.604: [GC 48388.604: [ParNew: 210584K->903K(235968K), 0.0069580 secs] 755708K->546077K(1546688K), 0.0072180 secs] [Times: user=0.03 sys=0.00, real=0.01 secs] 
48410.386: [GC 48410.386: [ParNew: 210695K->843K(235968K), 0.0046490 secs] 755869K->546071K(1546688K), 0.0049250 secs] [Times: user=0.02 sys=0.00, real=0.00 secs] 
48415.379: [GC 48415.379: [ParNew: 210635K->741K(235968K), 0.0201460 secs] 755863K->546018K(1546688K), 0.0204430 secs] [Times: user=0.04 sys=0.00, real=0.02 secs] 
48430.257: [GC 48430.257: [ParNew: 210514K->894K(235968K), 0.0097390 secs] 755791K->546231K(1546688K), 0.0099570 secs] [Times: user=0.02 sys=0.00, real=0.01 secs] 
48443.602: [GC 48443.602: [ParNew: 210567K->1155K(235968K), 0.0058770 secs] 755904K->546535K(1546688K), 0.0061080 secs] [Times: user=0.03 sys=0.01, real=0.01 secs] 
48450.350: [GC 48450.350: [ParNew: 210925K->1139K(235968K), 0.0053460 secs] 756306K->546560K(1546688K), 0.0056090 secs] [Times: user=0.02 sys=0.00, real=0.01 secs] 
48470.426: [GC 48470.427: [ParNew: 210931K->883K(235968K), 0.0042300 secs] 756352K->546346K(1546688K), 0.0044940 secs] [Times: user=0.03 sys=0.00, real=0.00 secs] 
48475.441: [GC 48475.441: [ParNew: 210587K->988K(235968K), 0.0084770 secs] 756050K->546500K(1546688K), 0.0086560 secs] [Times: user=0.02 sys=0.01, real=0.01 secs] 
48496.314: [GC 48496.314: [ParNew: 210780K->525K(235968K), 0.0045390 secs] 756292K->546091K(1546688K), 0.0048090 secs] [Times: user=0.03 sys=0.01, real=0.01 secs] 
48504.306: [GC 48504.306: [ParNew: 210317K->901K(235968K), 0.0051070 secs] 755883K->546522K(1546688K), 0.0053640 secs] [Times: user=0.02 sys=0.00, real=0.01 secs] 
48513.288: [GC 48513.288: [ParNew: 210693K->893K(235968K), 0.0063640 secs] 756314K->546564K(1546688K), 0.0065550 secs] [Times: user=0.02 sys=0.00, real=0.00 secs] 
48532.090: [GC 48532.090: [ParNew: 210685K->862K(235968K), 0.0050890 secs] 756356K->546575K(1546688K), 0.0052950 secs] [Times: user=0.03 sys=0.01, real=0.01 secs] 
48537.375: [GC 48537.375: [ParNew: 210653K->933K(235968K), 0.0071000 secs] 756367K->546683K(1546688K), 0.0072960 secs] [Times: user=0.02 sys=0.00, real=0.01 secs] 
48559.114: [GC 48559.114: [ParNew: 210668K->973K(235968K), 0.0048040 secs] 756418K->546779K(1546688K), 0.0050070 secs] [Times: user=0.03 sys=0.00, real=0.01 secs] 
48565.877: [GC 48565.877: [ParNew: 210719K->752K(235968K), 0.0060790 secs] 756524K->546608K(1546688K), 0.0062800 secs] [Times: user=0.03 sys=0.01, real=0.01 secs] 
48573.343: [GC 48573.343: [ParNew: 210544K->565K(235968K), 0.0061120 secs] 756400K->546499K(1546688K), 0.0063050 secs] [Times: user=0.03 sys=0.01, real=0.01 secs] 
48593.692: [GC 48593.692: [ParNew: 210357K->557K(235968K), 0.0055730 secs] 756291K->546540K(1546688K), 0.0057720 secs] [Times: user=0.03 sys=0.00, real=0.01 secs] 
48604.058: [GC 48604.058: [ParNew: 210349K->962K(235968K), 0.0053660 secs] 756332K->546987K(1546688K), 0.0055640 secs] [Times: user=0.02 sys=0.00, real=0.01 secs] 
48620.010: [GC 48620.010: [ParNew: 210677K->888K(235968K), 0.0051350 secs] 756702K->546951K(1546688K), 0.0053980 secs] [Times: user=0.02 sys=0.00, real=0.00 secs] 
48628.620: [GC 48628.620: [ParNew: 210680K->976K(235968K), 0.0047560 secs] 756743K->547086K(1546688K), 0.0050210 secs] [Times: user=0.02 sys=0.00, real=0.00 secs] 
48649.365: [GC 48649.365: [ParNew: 210726K->867K(235968K), 0.0086590 secs] 756836K->547032K(1546688K), 0.0088480 secs] [Times: user=0.03 sys=0.00, real=0.00 secs] 
48655.427: [GC 48655.427: [ParNew: 210659K->730K(235968K), 0.0150110 secs] 756824K->546950K(1546688K), 0.0153160 secs] [Times: user=0.04 sys=0.00, real=0.01 secs] 
48670.293: [GC 48670.293: [ParNew: 210522K->887K(235968K), 0.0089760 secs] 756742K->547157K(1546688K), 0.0092470 secs] [Times: user=0.03 sys=0.00, real=0.01 secs] 
48683.625: [GC 48683.626: [ParNew: 210679K->647K(235968K), 0.0069540 secs] 756949K->546961K(1546688K), 0.0071390 secs] [Times: user=0.02 sys=0.00, real=0.01 secs] 
48690.376: [GC 48690.377: [ParNew: 210359K->721K(235968K), 0.0045720 secs] 756672K->547088K(1546688K), 0.0048210 secs] [Times: user=0.02 sys=0.00, real=0.01 secs] 
48710.474: [GC 48710.475: [ParNew: 210513K->634K(235968K), 0.0065190 secs] 756880K->547042K(1546688K), 0.0067750 secs] [Times: user=0.02 sys=0.00, real=0.01 secs] 
48715.494: [GC 48715.494: [ParNew: 210426K->808K(235968K), 0.0054580 secs] 756834K->547264K(1546688K), 0.0057220 secs] [Times: user=0.02 sys=0.00, real=0.00 secs] 
48732.846: [GC 48732.846: [ParNew: 210600K->579K(235968K), 0.0081600 secs] 757056K->547086K(1546688K), 0.0083470 secs] [Times: user=0.02 sys=0.00, real=0.01 secs] 
48744.324: [GC 48744.325: [ParNew: 210286K->1123K(235968K), 0.0128770 secs] 756792K->547688K(1546688K), 0.0131130 secs] [Times: user=0.04 sys=0.01, real=0.01 secs] 
48750.382: [GC 48750.383: [ParNew: 210894K->1159K(235968K), 0.0083250 secs] 757459K->547774K(1546688K), 0.0085860 secs] [Times: user=0.02 sys=0.00, real=0.01 secs] 
48770.487: [GC 48770.487: [ParNew: 210951K->1089K(235968K), 0.0060700 secs] 757566K->547758K(1546688K), 0.0064100 secs] [Times: user=0.02 sys=0.00, real=0.00 secs] 
48775.504: [GC 48775.504: [ParNew: 210881K->802K(235968K), 0.0059450 secs] 757550K->547525K(1546688K), 0.0061410 secs] [Times: user=0.02 sys=0.00, real=0.01 secs] 
48790.344: [GC 48790.344: [ParNew: 210594K->1128K(235968K), 0.0050420 secs] 757317K->547924K(1546688K), 0.0052480 secs] [Times: user=0.03 sys=0.00, real=0.00 secs] 
48803.666: [GC 48803.666: [ParNew: 210894K->707K(235968K), 0.0065700 secs] 757690K->547549K(1546688K), 0.0067680 secs] [Times: user=0.02 sys=0.00, real=0.01 secs] 
48810.411: [GC 48810.411: [ParNew: 210499K->861K(235968K), 0.0062020 secs] 757341K->547779K(1546688K), 0.0063990 secs] [Times: user=0.03 sys=0.00, real=0.00 secs] 
48830.563: [GC 48830.563: [ParNew: 210653K->458K(235968K), 0.0100460 secs] 757571K->547430K(1546688K), 0.0103280 secs] [Times: user=0.02 sys=0.00, real=0.01 secs] 
48835.525: [GC 48835.525: [ParNew: 210227K->725K(235968K), 0.0081050 secs] 757198K->547751K(1546688K), 0.0083400 secs] [Times: user=0.02 sys=0.01, real=0.00 secs] 
48859.145: [GC 48859.146: [ParNew: 210512K->836K(235968K), 0.0089250 secs] 757539K->547924K(1546688K), 0.0091820 secs] [Times: user=0.03 sys=0.00, real=0.01 secs] 
48864.356: [GC 48864.356: [ParNew: 210628K->751K(235968K), 0.0062920 secs] 757716K->547888K(1546688K), 0.0065400 secs] [Times: user=0.02 sys=0.00, real=0.01 secs] 
48873.373: [GC 48873.373: [ParNew: 210477K->1317K(235968K), 0.0066640 secs] 757614K->548496K(1546688K), 0.0069480 secs] [Times: user=0.03 sys=0.00, real=0.01 secs] 
48892.176: [GC 48892.176: [ParNew: 211109K->853K(235968K), 0.0089760 secs] 758288K->548140K(1546688K), 0.0092240 secs] [Times: user=0.02 sys=0.00, real=0.00 secs] 
48897.448: [GC 48897.448: [ParNew: 210635K->819K(235968K), 0.0118880 secs] 757922K->548147K(1546688K), 0.0120850 secs] [Times: user=0.02 sys=0.00, real=0.01 secs] 
48919.205: [GC 48919.205: [ParNew: 210611K->533K(235968K), 0.0051990 secs] 757939K->547905K(1546688K), 0.0054700 secs] [Times: user=0.03 sys=0.00, real=0.00 secs] 
48925.960: [GC 48925.960: [ParNew: 210261K->955K(235968K), 0.0078420 secs] 757632K->548372K(1546688K), 0.0080830 secs] [Times: user=0.02 sys=0.00, real=0.01 secs] 
48949.366: [GC 48949.366: [ParNew: 210747K->622K(235968K), 0.0080890 secs] 758164K->548088K(1546688K), 0.0083710 secs] [Times: user=0.02 sys=0.00, real=0.01 secs] 
48953.770: [GC 48953.770: [ParNew: 210414K->909K(235968K), 0.0090960 secs] 757880K->548411K(1546688K), 0.0093500 secs] [Times: user=0.02 sys=0.00, real=0.01 secs] 
48964.147: [GC 48964.148: [ParNew: 210697K->1005K(235968K), 0.0084310 secs] 758199K->548547K(1546688K), 0.0086910 secs] [Times: user=0.03 sys=0.00, real=0.01 secs] 
48980.077: [GC 48980.077: [ParNew: 210778K->926K(235968K), 0.0081000 secs] 758320K->548511K(1546688K), 0.0082920 secs] [Times: user=0.02 sys=0.00, real=0.01 secs] 
48988.670: [GC 48988.670: [ParNew: 210718K->868K(235968K), 0.0074400 secs] 758303K->548511K(1546688K), 0.0076970 secs] [Times: user=0.02 sys=0.00, real=0.01 secs] 
49009.402: [GC 49009.402: [ParNew: 210646K->923K(235968K), 0.0062680 secs] 758289K->548620K(1546688K), 0.0064520 secs] [Times: user=0.02 sys=0.00, real=0.01 secs] 
49015.625: [GC 49015.626: [ParNew: 210674K->1096K(235968K), 0.0182900 secs] 758371K->548858K(1546688K), 0.0185580 secs] [Times: user=0.04 sys=0.01, real=0.02 secs] 
49030.362: [GC 49030.362: [ParNew: 210888K->860K(235968K), 0.0069490 secs] 758650K->548747K(1546688K), 0.0072330 secs] [Times: user=0.02 sys=0.00, real=0.01 secs] 
49043.676: [GC 49043.677: [ParNew: 210652K->904K(235968K), 0.0059170 secs] 758539K->548834K(1546688K), 0.0062100 secs] [Times: user=0.03 sys=0.00, real=0.01 secs] 
49050.421: [GC 49050.421: [ParNew: 210696K->884K(235968K), 0.0057520 secs] 758626K->548847K(1546688K), 0.0060020 secs] [Times: user=0.03 sys=0.00, real=0.01 secs] 
49070.530: [GC 49070.530: [ParNew: 210676K->814K(235968K), 0.0066100 secs] 758639K->548819K(1546688K), 0.0068720 secs] [Times: user=0.03 sys=0.00, real=0.00 secs] 
49075.666: [GC 49075.666: [ParNew: 210606K->907K(235968K), 0.0053850 secs] 758611K->548974K(1546688K), 0.0056380 secs] [Times: user=0.02 sys=0.00, real=0.01 secs] 
49090.414: [GC 49090.414: [ParNew: 210660K->786K(235968K), 0.0055080 secs] 758726K->548903K(1546688K), 0.0057710 secs] [Times: user=0.02 sys=0.00, real=0.01 secs] 
49104.383: [GC 49104.383: [ParNew: 210578K->845K(235968K), 0.0054950 secs] 758695K->549021K(1546688K), 0.0057650 secs] [Times: user=0.02 sys=0.00, real=0.00 secs] 
49113.417: [GC 49113.417: [ParNew: 210637K->1121K(235968K), 0.0169630 secs] 758813K->549343K(1546688K), 0.0172470 secs] [Times: user=0.04 sys=0.00, real=0.02 secs] 
49132.215: [GC 49132.215: [ParNew: 210913K->1083K(235968K), 0.0049890 secs] 759135K->549341K(1546688K), 0.0051860 secs] [Times: user=0.03 sys=0.00, real=0.01 secs] 
49137.483: [GC 49137.483: [ParNew: 210792K->958K(235968K), 0.0047270 secs] 759050K->549256K(1546688K), 0.0049230 secs] [Times: user=0.03 sys=0.00, real=0.01 secs] 
49159.389: [GC 49159.389: [ParNew: 210638K->1165K(235968K), 0.0137350 secs] 758936K->549507K(1546688K), 0.0140160 secs] [Times: user=0.03 sys=0.00, real=0.01 secs] 
49166.001: [GC 49166.001: [ParNew: 210957K->635K(235968K), 0.0062100 secs] 759299K->549021K(1546688K), 0.0064100 secs] [Times: user=0.02 sys=0.01, real=0.01 secs] 
49173.467: [GC 49173.467: [ParNew: 210427K->802K(235968K), 0.0071500 secs] 758813K->549237K(1546688K), 0.0073790 secs] [Times: user=0.02 sys=0.00, real=0.01 secs] 
49192.247: [GC 49192.247: [ParNew: 210570K->1000K(235968K), 0.0090930 secs] 759005K->549489K(1546688K), 0.0094330 secs] [Times: user=0.02 sys=0.00, real=0.01 secs] 
49204.170: [GC 49204.170: [ParNew: 210792K->691K(235968K), 0.0083120 secs] 759281K->549238K(1546688K), 0.0086290 secs] [Times: user=0.02 sys=0.00, real=0.01 secs] 
49219.966: [GC 49219.966: [ParNew: 210483K->632K(235968K), 0.0091120 secs] 759030K->549234K(1546688K), 0.0093160 secs] [Times: user=0.03 sys=0.00, real=0.01 secs] 
49226.022: [GC 49226.022: [ParNew: 210424K->812K(235968K), 0.0067070 secs] 759026K->549458K(1546688K), 0.0070450 secs] [Times: user=0.02 sys=0.00, real=0.01 secs] 
49233.472: [GC 49233.472: [ParNew: 210604K->1009K(235968K), 0.0115120 secs] 759250K->549818K(1546688K), 0.0117560 secs] [Times: user=0.04 sys=0.00, real=0.02 secs] 
49252.251: [GC 49252.251: [ParNew: 210801K->1884K(235968K), 0.0069560 secs] 759610K->550752K(1546688K), 0.0072530 secs] [Times: user=0.02 sys=0.00, real=0.00 secs] 
49257.506: [GC 49257.506: [ParNew: 211623K->1454K(235968K), 0.0068010 secs] 760491K->550381K(1546688K), 0.0070860 secs] [Times: user=0.02 sys=0.00, real=0.01 secs] 
49279.424: [GC 49279.424: [ParNew: 211246K->1575K(235968K), 0.0114580 secs] 760173K->550595K(1546688K), 0.0117660 secs] [Times: user=0.03 sys=0.00, real=0.02 secs] 
49286.022: [GC 49286.022: [ParNew: 211362K->1451K(235968K), 0.0165770 secs] 760383K->550534K(1546688K), 0.0168310 secs] [Times: user=0.05 sys=0.00, real=0.02 secs] 
49293.485: [GC 49293.485: [ParNew: 211243K->1219K(235968K), 0.0102300 secs] 760326K->550931K(1546688K), 0.0104910 secs] [Times: user=0.03 sys=0.00, real=0.01 secs] 
49313.828: [GC 49313.828: [ParNew: 210999K->812K(235968K), 0.0058270 secs] 760711K->550619K(1546688K), 0.0060580 secs] [Times: user=0.03 sys=0.00, real=0.01 secs] 
49324.214: [GC 49324.214: [ParNew: 210604K->1108K(235968K), 0.0069740 secs] 760411K->550972K(1546688K), 0.0072310 secs] [Times: user=0.03 sys=0.00, real=0.01 secs] 
49340.125: [GC 49340.125: [ParNew: 210900K->1441K(235968K), 0.0070060 secs] 760764K->551361K(1546688K), 0.0072950 secs] [Times: user=0.03 sys=0.00, real=0.01 secs] 
49346.055: [GC 49346.055: [ParNew: 211211K->1295K(235968K), 0.0044900 secs] 761131K->551260K(1546688K), 0.0047180 secs] [Times: user=0.03 sys=0.01, real=0.00 secs] 
49369.435: [GC 49369.435: [ParNew: 211087K->1623K(235968K), 0.0041980 secs] 761052K->551636K(1546688K), 0.0044820 secs] [Times: user=0.03 sys=0.00, real=0.00 secs] 
49373.856: [GC 49373.856: [ParNew: 211415K->1342K(235968K), 0.0044530 secs] 761428K->551408K(1546688K), 0.0047310 secs] [Times: user=0.02 sys=0.00, real=0.01 secs] 
49384.240: [GC 49384.241: [ParNew: 211096K->1381K(235968K), 0.0070320 secs] 761162K->551719K(1546688K), 0.0073110 secs] [Times: user=0.03 sys=0.00, real=0.00 secs] 
49400.161: [GC 49400.161: [ParNew: 211101K->1051K(235968K), 0.0037570 secs] 761438K->551433K(1546688K), 0.0040230 secs] [Times: user=0.02 sys=0.00, real=0.00 secs] 
49408.730: [GC 49408.730: [ParNew: 210843K->788K(235968K), 0.0037400 secs] 761225K->551322K(1546688K), 0.0039970 secs] [Times: user=0.02 sys=0.00, real=0.00 secs] 
49430.574: [GC 49430.574: [ParNew: 210580K->882K(235968K), 0.0077000 secs] 761114K->551467K(1546688K), 0.0079790 secs] [Times: user=0.02 sys=0.00, real=0.01 secs] 
49435.707: [GC 49435.707: [ParNew: 210617K->849K(235968K), 0.0102360 secs] 761201K->551495K(1546688K), 0.0105080 secs] [Times: user=0.02 sys=0.00, real=0.01 secs] 
49450.441: [GC 49450.441: [ParNew: 210641K->896K(235968K), 0.0052730 secs] 761287K->551591K(1546688K), 0.0055760 secs] [Times: user=0.02 sys=0.00, real=0.00 secs] 
49463.747: [GC 49463.747: [ParNew: 210652K->1097K(235968K), 0.0047520 secs] 761347K->551838K(1546688K), 0.0051200 secs] [Times: user=0.02 sys=0.01, real=0.00 secs] 
49470.472: [GC 49470.472: [ParNew: 210889K->1079K(235968K), 0.0043550 secs] 761630K->551863K(1546688K), 0.0046310 secs] [Times: user=0.02 sys=0.00, real=0.01 secs] 
49490.599: [GC 49490.599: [ParNew: 210871K->1220K(235968K), 0.0046490 secs] 761655K->552046K(1546688K), 0.0049220 secs] [Times: user=0.03 sys=0.00, real=0.01 secs] 
49495.746: [GC 49495.746: [ParNew: 210978K->1541K(235968K), 0.0060410 secs] 761804K->552413K(1546688K), 0.0063280 secs] [Times: user=0.02 sys=0.00, real=0.01 secs] 
49510.590: [GC 49510.590: [ParNew: 211333K->1396K(235968K), 0.0066000 secs] 762205K->552317K(1546688K), 0.0068890 secs] [Times: user=0.02 sys=0.00, real=0.00 secs] 
49524.418: [GC 49524.418: [ParNew: 211188K->1079K(235968K), 0.0108090 secs] 762109K->552233K(1546688K), 0.0111270 secs] [Times: user=0.03 sys=0.00, real=0.01 secs] 
49530.509: [GC 49530.509: [ParNew: 210866K->849K(235968K), 0.0056760 secs] 762020K->552071K(1546688K), 0.0059580 secs] [Times: user=0.02 sys=0.00, real=0.00 secs] 
49552.278: [GC 49552.278: [ParNew: 210641K->983K(235968K), 0.0050090 secs] 761863K->552264K(1546688K), 0.0053040 secs] [Times: user=0.02 sys=0.00, real=0.01 secs] 
49557.541: [GC 49557.542: [ParNew: 210727K->902K(235968K), 0.0055000 secs] 762008K->552311K(1546688K), 0.0057330 secs] [Times: user=0.03 sys=0.01, real=0.01 secs] 
49579.472: [GC 49579.472: [ParNew: 210694K->720K(235968K), 0.0233000 secs] 762103K->552163K(1546688K), 0.0236020 secs] [Times: user=0.04 sys=0.00, real=0.02 secs] 
49586.069: [GC 49586.069: [ParNew: 210512K->666K(235968K), 0.0098710 secs] 761955K->552149K(1546688K), 0.0101420 secs] [Times: user=0.02 sys=0.01, real=0.01 secs] 
49593.541: [GC 49593.542: [ParNew: 210458K->593K(235968K), 0.0070540 secs] 761941K->552119K(1546688K), 0.0072520 secs] [Times: user=0.02 sys=0.00, real=0.01 secs] 
49612.321: [GC 49612.322: [ParNew: 210385K->741K(235968K), 0.0124490 secs] 761911K->552321K(1546688K), 0.0127180 secs] [Times: user=0.03 sys=0.00, real=0.02 secs] 
49617.581: [GC 49617.581: [ParNew: 210440K->804K(235968K), 0.0059330 secs] 762019K->552439K(1546688K), 0.0061210 secs] [Times: user=0.03 sys=0.00, real=0.01 secs] 
49639.503: [GC 49639.503: [ParNew: 210596K->694K(235968K), 0.0171820 secs] 762231K->552378K(1546688K), 0.0175480 secs] [Times: user=0.04 sys=0.00, real=0.02 secs] 
49646.092: [GC 49646.092: [ParNew: 210486K->1278K(235968K), 0.0077170 secs] 762170K->553013K(1546688K), 0.0080090 secs] [Times: user=0.03 sys=0.00, real=0.01 secs] 
49666.046: [GC 49666.046: [ParNew: 211070K->510K(235968K), 0.0211400 secs] 762805K->552316K(1546688K), 0.0214330 secs] [Times: user=0.08 sys=0.00, real=0.02 secs] 
49673.899: [GC 49673.899: [ParNew: 210299K->792K(235968K), 0.0073330 secs] 762105K->552636K(1546688K), 0.0076170 secs] [Times: user=0.02 sys=0.00, real=0.01 secs] 
49684.306: [GC 49684.306: [ParNew: 210584K->972K(235968K), 0.0066700 secs] 762428K->552990K(1546688K), 0.0069790 secs] [Times: user=0.02 sys=0.00, real=0.01 secs] 
49700.202: [GC 49700.203: [ParNew: 210764K->972K(235968K), 0.0062210 secs] 762782K->553034K(1546688K), 0.0064490 secs] [Times: user=0.02 sys=0.00, real=0.00 secs] 
49708.765: [GC 49708.765: [ParNew: 210666K->499K(235968K), 0.0086480 secs] 762728K->552592K(1546688K), 0.0088290 secs] [Times: user=0.02 sys=0.00, real=0.01 secs] 
49729.505: [GC 49729.505: [ParNew: 210291K->636K(235968K), 0.0069440 secs] 762384K->552782K(1546688K), 0.0071870 secs] [Times: user=0.02 sys=0.00, real=0.00 secs] 
49735.759: [GC 49735.760: [ParNew: 210348K->870K(235968K), 0.0131280 secs] 762495K->553082K(1546688K), 0.0134490 secs] [Times: user=0.03 sys=0.00, real=0.01 secs] 
49750.605: [GC 49750.605: [ParNew: 210662K->830K(235968K), 0.0081880 secs] 762874K->553111K(1546688K), 0.0084700 secs] [Times: user=0.02 sys=0.00, real=0.01 secs] 
49763.768: [GC 49763.768: [ParNew: 210622K->838K(235968K), 0.0070320 secs] 762903K->553163K(1546688K), 0.0072920 secs] [Times: user=0.02 sys=0.00, real=0.01 secs] 
49768.794: [GC 49768.794: [ParNew: 210534K->1205K(235968K), 0.0051550 secs] 762858K->553573K(1546688K), 0.0054160 secs] [Times: user=0.02 sys=0.00, real=0.01 secs] 
49790.647: [GC 49790.647: [ParNew: 210997K->1282K(235968K), 0.0067270 secs] 763365K->553705K(1546688K), 0.0070170 secs] [Times: user=0.03 sys=0.00, real=0.00 secs] 
49795.796: [GC 49795.797: [ParNew: 210962K->604K(235968K), 0.0109150 secs] 763385K->553177K(1546688K), 0.0112200 secs] [Times: user=0.02 sys=0.01, real=0.01 secs] 
49810.639: [GC 49810.639: [ParNew: 210366K->1054K(235968K), 0.0063080 secs] 762939K->553679K(1546688K), 0.0065180 secs] [Times: user=0.03 sys=0.00, real=0.01 secs] 
49823.806: [GC 49823.806: [ParNew: 210846K->485K(235968K), 0.0098130 secs] 763471K->553196K(1546688K), 0.0100010 secs] [Times: user=0.03 sys=0.00, real=0.01 secs] 
49830.548: [GC 49830.548: [ParNew: 210277K->733K(235968K), 0.0121980 secs] 762988K->553513K(1546688K), 0.0123770 secs] [Times: user=0.02 sys=0.00, real=0.02 secs] 
49852.330: [GC 49852.331: [ParNew: 210418K->861K(235968K), 0.0083160 secs] 763198K->553690K(1546688K), 0.0085990 secs] [Times: user=0.02 sys=0.00, real=0.01 secs] 
49857.590: [GC 49857.591: [ParNew: 210621K->792K(235968K), 0.0067670 secs] 763450K->553668K(1546688K), 0.0069680 secs] [Times: user=0.02 sys=0.01, real=0.01 secs] 
49879.509: [GC 49879.509: [ParNew: 210584K->589K(235968K), 0.0108360 secs] 763460K->553496K(1546688K), 0.0111930 secs] [Times: user=0.02 sys=0.01, real=0.01 secs] 
49885.366: [GC 49885.367: [ParNew: 210381K->771K(235968K), 0.0135240 secs] 763288K->553732K(1546688K), 0.0137530 secs] [Times: user=0.04 sys=0.00, real=0.02 secs] 
49893.601: [GC 49893.601: [ParNew: 210563K->891K(235968K), 0.0073010 secs] 763524K->553899K(1546688K), 0.0075230 secs] [Times: user=0.02 sys=0.00, real=0.00 secs] 
49912.374: [GC 49912.374: [ParNew: 210639K->1264K(235968K), 0.0051730 secs] 763648K->554319K(1546688K), 0.0054210 secs] [Times: user=0.02 sys=0.00, real=0.01 secs] 
49917.654: [GC 49917.655: [ParNew: 210945K->705K(235968K), 0.0059840 secs] 764000K->553815K(1546688K), 0.0062520 secs] [Times: user=0.02 sys=0.00, real=0.01 secs] 
49939.546: [GC 49939.546: [ParNew: 210497K->857K(235968K), 0.0330520 secs] 763607K->554011K(1546688K), 0.0333140 secs] [Times: user=0.05 sys=0.00, real=0.03 secs] 
49946.154: [GC 49946.154: [ParNew: 210649K->790K(235968K), 0.0058520 secs] 763803K->553999K(1546688K), 0.0061110 secs] [Times: user=0.02 sys=0.00, real=0.00 secs] 
49969.507: [GC 49969.507: [ParNew: 210582K->798K(235968K), 0.0081300 secs] 763791K->554070K(1546688K), 0.0083840 secs] [Times: user=0.02 sys=0.00, real=0.00 secs] 
49973.947: [GC 49973.947: [ParNew: 210571K->878K(235968K), 0.0062800 secs] 763844K->554199K(1546688K), 0.0064930 secs] [Times: user=0.03 sys=0.00, real=0.00 secs] 
49984.357: [GC 49984.357: [ParNew: 210670K->1336K(235968K), 0.0132640 secs] 763991K->554708K(1546688K), 0.0134610 secs] [Times: user=0.05 sys=0.00, real=0.01 secs] 
50000.253: [GC 50000.253: [ParNew: 211128K->1303K(235968K), 0.0061700 secs] 764500K->554724K(1546688K), 0.0063850 secs] [Times: user=0.02 sys=0.00, real=0.00 secs] 
50006.191: [GC 50006.191: [ParNew: 211011K->942K(235968K), 0.0060750 secs] 764432K->554426K(1546688K), 0.0063160 secs] [Times: user=0.02 sys=0.00, real=0.01 secs] 
50029.532: [GC 50029.532: [ParNew: 210734K->645K(235968K), 0.0081210 secs] 764218K->554237K(1546688K), 0.0083050 secs] [Times: user=0.02 sys=0.00, real=0.01 secs] 
50033.978: [GC 50033.978: [ParNew: 210415K->658K(235968K), 0.0048810 secs] 764007K->554306K(1546688K), 0.0051420 secs] [Times: user=0.02 sys=0.00, real=0.00 secs] 
50045.222: [GC 50045.222: [ParNew: 210450K->532K(235968K), 0.0059830 secs] 764098K->554241K(1546688K), 0.0061720 secs] [Times: user=0.03 sys=0.00, real=0.01 secs] 
50063.808: [GC 50063.809: [ParNew: 210324K->685K(235968K), 0.0064920 secs] 764033K->554439K(1546688K), 0.0067020 secs] [Times: user=0.02 sys=0.00, real=0.01 secs] 
50068.836: [GC 50068.836: [ParNew: 210477K->1071K(235968K), 0.0117340 secs] 764231K->554869K(1546688K), 0.0119280 secs] [Times: user=0.02 sys=0.00, real=0.01 secs] 
50090.710: [GC 50090.710: [ParNew: 210856K->630K(235968K), 0.0052620 secs] 764654K->554463K(1546688K), 0.0055030 secs] [Times: user=0.02 sys=0.00, real=0.00 secs] 
50095.882: [GC 50095.882: [ParNew: 210422K->941K(235968K), 0.0108770 secs] 764255K->554822K(1546688K), 0.0111700 secs] [Times: user=0.04 sys=0.00, real=0.01 secs] 
50110.712: [GC 50110.713: [ParNew: 210733K->762K(235968K), 0.0055550 secs] 764614K->554692K(1546688K), 0.0058470 secs] [Times: user=0.02 sys=0.00, real=0.01 secs] 
50124.504: [GC 50124.505: [ParNew: 210516K->783K(235968K), 0.0037340 secs] 764446K->554853K(1546688K), 0.0040100 secs] [Times: user=0.03 sys=0.00, real=0.00 secs] 
50133.618: [GC 50133.618: [ParNew: 210575K->838K(235968K), 0.0042250 secs] 764645K->554956K(1546688K), 0.0045350 secs] [Times: user=0.03 sys=0.00, real=0.01 secs] 
50152.396: [GC 50152.396: [ParNew: 210630K->1084K(235968K), 0.0039920 secs] 764748K->555251K(1546688K), 0.0042740 secs] [Times: user=0.02 sys=0.00, real=0.01 secs] 
50157.656: [GC 50157.656: [ParNew: 210856K->995K(235968K), 0.0047760 secs] 765023K->555203K(1546688K), 0.0050770 secs] [Times: user=0.03 sys=0.00, real=0.01 secs] 
50179.567: [GC 50179.567: [ParNew: 210774K->807K(235968K), 0.0046970 secs] 764981K->555058K(1546688K), 0.0049200 secs] [Times: user=0.02 sys=0.00, real=0.00 secs] 
50186.188: [GC 50186.188: [ParNew: 210599K->831K(235968K), 0.0049490 secs] 764850K->555126K(1546688K), 0.0052310 secs] [Times: user=0.02 sys=0.00, real=0.01 secs] 
50193.671: [GC 50193.671: [ParNew: 210605K->794K(235968K), 0.0078030 secs] 764900K->555153K(1546688K), 0.0080110 secs] [Times: user=0.01 sys=0.00, real=0.01 secs] 
50213.977: [GC 50213.978: [ParNew: 210586K->667K(235968K), 0.0119320 secs] 764945K->555075K(1546688K), 0.0121530 secs] [Times: user=0.02 sys=0.00, real=0.02 secs] 
50224.410: [GC 50224.410: [ParNew: 210459K->813K(235968K), 0.0060030 secs] 764867K->555288K(1546688K), 0.0062120 secs] [Times: user=0.02 sys=0.00, real=0.00 secs] 
50240.301: [GC 50240.301: [ParNew: 210605K->992K(235968K), 0.0052890 secs] 765080K->555511K(1546688K), 0.0055100 secs] [Times: user=0.02 sys=0.00, real=0.01 secs] 
50248.831: [GC 50248.831: [ParNew: 210784K->1140K(235968K), 0.0050690 secs] 765303K->555703K(1546688K), 0.0056360 secs] [Times: user=0.02 sys=0.00, real=0.01 secs] 
50269.576: [GC 50269.576: [ParNew: 210907K->668K(235968K), 0.0053990 secs] 765470K->555273K(1546688K), 0.0056290 secs] [Times: user=0.03 sys=0.00, real=0.01 secs] 
50275.876: [GC 50275.876: [ParNew: 210460K->560K(235968K), 0.0209160 secs] 765065K->555244K(1546688K), 0.0212220 secs] [Times: user=0.02 sys=0.00, real=0.02 secs] 
50290.713: [GC 50290.713: [ParNew: 210352K->1068K(235968K), 0.0077650 secs] 765036K->555801K(1546688K), 0.0080000 secs] [Times: user=0.02 sys=0.00, real=0.01 secs] 
50303.854: [GC 50303.854: [ParNew: 210741K->884K(235968K), 0.0068260 secs] 765474K->555661K(1546688K), 0.0071500 secs] [Times: user=0.02 sys=0.00, real=0.01 secs] 
50310.595: [GC 50310.595: [ParNew: 210651K->772K(235968K), 0.0123830 secs] 765428K->555580K(1546688K), 0.0126080 secs] [Times: user=0.02 sys=0.00, real=0.01 secs] 
50330.762: [GC 50330.762: [ParNew: 210564K->988K(235968K), 0.0075260 secs] 765372K->555837K(1546688K), 0.0077830 secs] [Times: user=0.03 sys=0.00, real=0.00 secs] 
50335.956: [GC 50335.957: [ParNew: 210780K->753K(235968K), 0.0145380 secs] 765629K->555650K(1546688K), 0.0148660 secs] [Times: user=0.02 sys=0.00, real=0.02 secs] 
50350.751: [GC 50350.751: [ParNew: 210545K->1284K(235968K), 0.0245880 secs] 765442K->556230K(1546688K), 0.0248860 secs] [Times: user=0.08 sys=0.00, real=0.02 secs] 
50363.877: [GC 50363.878: [ParNew: 211049K->1425K(235968K), 0.0058680 secs] 765995K->556428K(1546688K), 0.0061370 secs] [Times: user=0.02 sys=0.00, real=0.00 secs] 
50370.613: [GC 50370.614: [ParNew: 211217K->1188K(235968K), 0.0052120 secs] 766220K->556245K(1546688K), 0.0054860 secs] [Times: user=0.02 sys=0.00, real=0.01 secs] 
50392.429: [GC 50392.429: [ParNew: 210980K->1293K(235968K), 0.0085230 secs] 766037K->556408K(1546688K), 0.0088030 secs] [Times: user=0.03 sys=0.00, real=0.01 secs] 
50397.681: [GC 50397.681: [ParNew: 211085K->1229K(235968K), 0.0058620 secs] 766200K->556403K(1546688K), 0.0060790 secs] [Times: user=0.02 sys=0.00, real=0.00 secs] 
50410.779: [GC 50410.780: [ParNew: 210958K->743K(235968K), 0.0065850 secs] 766131K->556153K(1546688K), 0.0068590 secs] [Times: user=0.02 sys=0.00, real=0.00 secs] 
50424.539: [GC 50424.540: [ParNew: 210535K->1186K(235968K), 0.0082990 secs] 765945K->556652K(1546688K), 0.0084820 secs] [Times: user=0.03 sys=0.00, real=0.01 secs] 
50430.629: [GC 50430.629: [ParNew: 210933K->1198K(235968K), 0.0072600 secs] 766400K->556719K(1546688K), 0.0074570 secs] [Times: user=0.02 sys=0.00, real=0.01 secs] 
50452.441: [GC 50452.441: [ParNew: 210990K->996K(235968K), 0.0054860 secs] 766511K->556578K(1546688K), 0.0057620 secs] [Times: user=0.02 sys=0.00, real=0.01 secs] 
50457.690: [GC 50457.691: [ParNew: 210788K->1014K(235968K), 0.0057740 secs] 766370K->556658K(1546688K), 0.0060360 secs] [Times: user=0.02 sys=0.00, real=0.00 secs] 
50479.610: [GC 50479.610: [ParNew: 210806K->889K(235968K), 0.0073470 secs] 766450K->556590K(1546688K), 0.0076190 secs] [Times: user=0.02 sys=0.01, real=0.01 secs] 
50484.568: [GC 50484.568: [ParNew: 210621K->922K(235968K), 0.0045580 secs] 766322K->556666K(1546688K), 0.0048270 secs] [Times: user=0.03 sys=0.00, real=0.00 secs] 
50493.709: [GC 50493.709: [ParNew: 210692K->1112K(235968K), 0.0077820 secs] 766437K->556907K(1546688K), 0.0080770 secs] [Times: user=0.02 sys=0.00, real=0.01 secs] 
50512.483: [GC 50512.483: [ParNew: 210809K->949K(235968K), 0.0102200 secs] 766604K->556791K(1546688K), 0.0105010 secs] [Times: user=0.04 sys=0.00, real=0.01 secs] 
50517.730: [GC 50517.730: [ParNew: 210741K->811K(235968K), 0.0043710 secs] 766583K->556703K(1546688K), 0.0046530 secs] [Times: user=0.03 sys=0.00, real=0.01 secs] 
50539.658: [GC 50539.659: [ParNew: 210511K->772K(235968K), 0.0257760 secs] 766403K->556794K(1546688K), 0.0260860 secs] [Times: user=0.03 sys=0.00, real=0.02 secs] 
50546.264: [GC 50546.264: [ParNew: 210546K->992K(235968K), 0.0058650 secs] 766568K->557061K(1546688K), 0.0061180 secs] [Times: user=0.02 sys=0.00, real=0.01 secs] 
50568.835: [GC 50568.836: [ParNew: 210784K->587K(235968K), 0.0064570 secs] 766853K->556705K(1546688K), 0.0067020 secs] [Times: user=0.02 sys=0.00, real=0.00 secs] 
50574.052: [GC 50574.053: [ParNew: 210379K->997K(235968K), 0.0052070 secs] 766497K->557157K(1546688K), 0.0054060 secs] [Times: user=0.02 sys=0.00, real=0.00 secs] 
50584.495: [GC 50584.495: [ParNew: 210750K->841K(235968K), 0.0046570 secs] 766910K->557039K(1546688K), 0.0049030 secs] [Times: user=0.03 sys=0.00, real=0.01 secs] 
50600.373: [GC 50600.373: [ParNew: 210633K->924K(235968K), 0.0068430 secs] 766831K->557166K(1546688K), 0.0070340 secs] [Times: user=0.02 sys=0.00, real=0.01 secs] 
50606.396: [GC 50606.397: [ParNew: 210716K->698K(235968K), 0.0050550 secs] 766958K->556983K(1546688K), 0.0053340 secs] [Times: user=0.03 sys=0.00, real=0.01 secs] 
50629.605: [GC 50629.605: [ParNew: 210490K->898K(235968K), 0.0060090 secs] 766775K->557237K(1546688K), 0.0062790 secs] [Times: user=0.03 sys=0.00, real=0.00 secs] 
50634.078: [GC 50634.079: [ParNew: 210658K->1057K(235968K), 0.0054900 secs] 766998K->557451K(1546688K), 0.0057390 secs] [Times: user=0.03 sys=0.00, real=0.01 secs] 
50644.527: [GC 50644.528: [ParNew: 210795K->887K(235968K), 0.0051820 secs] 767188K->557432K(1546688K), 0.0054390 secs] [Times: user=0.03 sys=0.00, real=0.01 secs] 
50660.399: [GC 50660.399: [ParNew: 210572K->671K(235968K), 0.0049510 secs] 767118K->557260K(1546688K), 0.0052120 secs] [Times: user=0.02 sys=0.00, real=0.00 secs] 
50668.911: [GC 50668.911: [ParNew: 210463K->914K(235968K), 0.0059240 secs] 767052K->557586K(1546688K), 0.0061070 secs] [Times: user=0.02 sys=0.00, real=0.01 secs] 
50690.925: [GC 50690.925: [ParNew: 210706K->1059K(235968K), 0.0063320 secs] 767378K->557780K(1546688K), 0.0065900 secs] [Times: user=0.02 sys=0.00, real=0.00 secs] 
50695.977: [GC 50695.977: [ParNew: 210851K->696K(235968K), 0.0238320 secs] 767572K->557467K(1546688K), 0.0241000 secs] [Times: user=0.03 sys=0.00, real=0.02 secs] 
50710.800: [GC 50710.801: [ParNew: 210416K->1199K(235968K), 0.0085750 secs] 767186K->558013K(1546688K), 0.0088290 secs] [Times: user=0.02 sys=0.01, real=0.00 secs] 
50723.920: [GC 50723.920: [ParNew: 210991K->766K(235968K), 0.0072620 secs] 767805K->557623K(1546688K), 0.0074980 secs] [Times: user=0.02 sys=0.00, real=0.00 secs] 
50730.651: [GC 50730.651: [ParNew: 210558K->890K(235968K), 0.0074160 secs] 767415K->557792K(1546688K), 0.0076590 secs] [Times: user=0.02 sys=0.00, real=0.01 secs] 
50750.954: [GC 50750.954: [ParNew: 210556K->937K(235968K), 0.0065280 secs] 767458K->557894K(1546688K), 0.0067350 secs] [Times: user=0.03 sys=0.00, real=0.01 secs] 
50756.033: [GC 50756.034: [ParNew: 210722K->907K(235968K), 0.0172670 secs] 767679K->557921K(1546688K), 0.0175610 secs] [Times: user=0.02 sys=0.00, real=0.01 secs] 
50770.830: [GC 50770.830: [ParNew: 210665K->1215K(235968K), 0.0089750 secs] 767680K->558279K(1546688K), 0.0091850 secs] [Times: user=0.03 sys=0.00, real=0.01 secs] 
50783.932: [GC 50783.932: [ParNew: 210950K->865K(235968K), 0.0069160 secs] 768014K->557986K(1546688K), 0.0071290 secs] [Times: user=0.02 sys=0.00, real=0.01 secs] 
50790.672: [GC 50790.672: [ParNew: 210650K->881K(235968K), 0.0062570 secs] 767771K->558054K(1546688K), 0.0064610 secs] [Times: user=0.02 sys=0.00, real=0.01 secs] 
50812.507: [GC 50812.508: [ParNew: 210618K->901K(235968K), 0.0078510 secs] 767791K->558122K(1546688K), 0.0080640 secs] [Times: user=0.02 sys=0.00, real=0.01 secs] 
50817.757: [GC 50817.757: [ParNew: 210693K->726K(235968K), 0.0078800 secs] 767914K->558072K(1546688K), 0.0080800 secs] [Times: user=0.02 sys=0.00, real=0.01 secs] 
50839.672: [GC 50839.672: [ParNew: 210518K->1086K(235968K), 0.0071910 secs] 767864K->558486K(1546688K), 0.0074010 secs] [Times: user=0.03 sys=0.00, real=0.00 secs] 
50844.616: [GC 50844.617: [ParNew: 210878K->1416K(235968K), 0.0064430 secs] 768278K->558859K(1546688K), 0.0066440 secs] [Times: user=0.02 sys=0.00, real=0.01 secs] 
50853.904: [GC 50853.904: [ParNew: 211208K->1030K(235968K), 0.0080760 secs] 768651K->558516K(1546688K), 0.0082560 secs] [Times: user=0.03 sys=0.00, real=0.01 secs] 
50872.544: [GC 50872.545: [ParNew: 210822K->1494K(235968K), 0.0068530 secs] 768308K->559034K(1546688K), 0.0071420 secs] [Times: user=0.03 sys=0.00, real=0.01 secs] 
50877.798: [GC 50877.798: [ParNew: 211286K->998K(235968K), 0.0097430 secs] 768826K->558922K(1546688K), 0.0100230 secs] [Times: user=0.03 sys=0.00, real=0.01 secs] 
50899.727: [GC 50899.727: [ParNew: 210745K->733K(235968K), 0.0072960 secs] 768669K->558701K(1546688K), 0.0075310 secs] [Times: user=0.03 sys=0.00, real=0.01 secs] 
50906.348: [GC 50906.348: [ParNew: 210522K->868K(235968K), 0.0053100 secs] 768490K->558910K(1546688K), 0.0055780 secs] [Times: user=0.03 sys=0.00, real=0.01 secs] 
50927.034: [GC 50927.034: [ParNew: 210660K->676K(235968K), 0.0041260 secs] 768702K->558766K(1546688K), 0.0043830 secs] [Times: user=0.02 sys=0.01, real=0.01 secs] 
50934.116: [GC 50934.116: [ParNew: 210468K->1416K(235968K), 0.0055620 secs] 768558K->559555K(1546688K), 0.0058040 secs] [Times: user=0.02 sys=0.00, real=0.00 secs] 
50944.559: [GC 50944.560: [ParNew: 211208K->1211K(235968K), 0.0042810 secs] 769347K->559399K(1546688K), 0.0045940 secs] [Times: user=0.02 sys=0.00, real=0.01 secs] 
50960.437: [GC 50960.437: [ParNew: 211003K->976K(235968K), 0.0060780 secs] 769191K->559232K(1546688K), 0.0063690 secs] [Times: user=0.03 sys=0.00, real=0.01 secs] 
50966.383: [GC 50966.383: [ParNew: 210768K->882K(235968K), 0.0041910 secs] 769024K->559183K(1546688K), 0.0044570 secs] [Times: user=0.03 sys=0.01, real=0.00 secs] 
50989.662: [GC 50989.662: [ParNew: 210674K->770K(235968K), 0.0037180 secs] 768975K->559128K(1546688K), 0.0040120 secs] [Times: user=0.02 sys=0.00, real=0.00 secs] 
50994.159: [GC 50994.159: [ParNew: 210534K->691K(235968K), 0.0036130 secs] 768892K->559100K(1546688K), 0.0038540 secs] [Times: user=0.02 sys=0.00, real=0.00 secs] 
51010.838: [GC 51010.838: [ParNew: 210483K->604K(235968K), 0.0054510 secs] 768892K->559072K(1546688K), 0.0057200 secs] [Times: user=0.03 sys=0.00, real=0.01 secs] 
51023.941: [GC 51023.942: [ParNew: 210372K->871K(235968K), 0.0044850 secs] 768840K->559377K(1546688K), 0.0047570 secs] [Times: user=0.02 sys=0.00, real=0.00 secs] 
51030.682: [GC 51030.682: [ParNew: 210663K->1154K(235968K), 0.0253990 secs] 769169K->559704K(1546688K), 0.0256700 secs] [Times: user=0.02 sys=0.00, real=0.02 secs] 
51051.014: [GC 51051.014: [ParNew: 210921K->924K(235968K), 0.0065120 secs] 769471K->559511K(1546688K), 0.0067230 secs] [Times: user=0.03 sys=0.00, real=0.01 secs] 
51056.064: [GC 51056.065: [ParNew: 210716K->797K(235968K), 0.0555760 secs] 769303K->559531K(1546688K), 0.0559300 secs] [Times: user=0.04 sys=0.00, real=0.06 secs] 
51070.892: [GC 51070.892: [ParNew: 210589K->739K(235968K), 0.0183350 secs] 769323K->559523K(1546688K), 0.0185440 secs] [Times: user=0.02 sys=0.00, real=0.02 secs] 
51084.633: [GC 51084.634: [ParNew: 210525K->824K(235968K), 0.0073890 secs] 769308K->559657K(1546688K), 0.0076760 secs] [Times: user=0.03 sys=0.00, real=0.00 secs] 
51093.946: [GC 51093.946: [ParNew: 210572K->830K(235968K), 0.0202130 secs] 769405K->559714K(1546688K), 0.0203930 secs] [Times: user=0.02 sys=0.00, real=0.02 secs] 
51112.590: [GC 51112.590: [ParNew: 210622K->516K(235968K), 0.0111130 secs] 769506K->559436K(1546688K), 0.0113050 secs] [Times: user=0.02 sys=0.00, real=0.01 secs] 
51118.067: [GC 51118.067: [ParNew: 210308K->690K(235968K), 0.0077170 secs] 769228K->559676K(1546688K), 0.0079440 secs] [Times: user=0.03 sys=0.00, real=0.00 secs] 
51139.762: [GC 51139.762: [ParNew: 210464K->932K(235968K), 0.0119560 secs] 769449K->559961K(1546688K), 0.0121410 secs] [Times: user=0.02 sys=0.00, real=0.02 secs] 
51146.384: [GC 51146.385: [ParNew: 210724K->618K(235968K), 0.0094270 secs] 769753K->559677K(1546688K), 0.0097050 secs] [Times: user=0.03 sys=0.00, real=0.01 secs] 
51153.995: [GC 51153.995: [ParNew: 210363K->1090K(235968K), 0.0137870 secs] 769423K->560199K(1546688K), 0.0140580 secs] [Times: user=0.02 sys=0.00, real=0.01 secs] 
51174.177: [GC 51174.177: [ParNew: 210882K->1203K(235968K), 0.0081820 secs] 769991K->560363K(1546688K), 0.0084370 secs] [Times: user=0.03 sys=0.00, real=0.01 secs] 
51184.618: [GC 51184.618: [ParNew: 210995K->855K(235968K), 0.0081750 secs] 770155K->560060K(1546688K), 0.0084410 secs] [Times: user=0.02 sys=0.00, real=0.01 secs] 
51200.487: [GC 51200.487: [ParNew: 210647K->899K(235968K), 0.0097020 secs] 769852K->560151K(1546688K), 0.0099350 secs] [Times: user=0.02 sys=0.00, real=0.01 secs] 
51208.963: [GC 51208.963: [ParNew: 210593K->714K(235968K), 0.0060350 secs] 769845K->560085K(1546688K), 0.0062920 secs] [Times: user=0.02 sys=0.00, real=0.00 secs] 
51229.690: [GC 51229.690: [ParNew: 210506K->893K(235968K), 0.0059170 secs] 769877K->560318K(1546688K), 0.0061860 secs] [Times: user=0.02 sys=0.00, real=0.00 secs] 
51234.211: [GC 51234.212: [ParNew: 210685K->886K(235968K), 0.0054190 secs] 770110K->560366K(1546688K), 0.0057020 secs] [Times: user=0.03 sys=0.00, real=0.00 secs] 
51244.631: [GC 51244.632: [ParNew: 210678K->1252K(235968K), 0.0135760 secs] 770158K->560787K(1546688K), 0.0140390 secs] [Times: user=0.03 sys=0.00, real=0.01 secs] 
51260.499: [GC 51260.499: [ParNew: 210989K->1088K(235968K), 0.0052390 secs] 770523K->560679K(1546688K), 0.0055090 secs] [Times: user=0.02 sys=0.00, real=0.01 secs] 
51268.973: [GC 51268.974: [ParNew: 210880K->563K(235968K), 0.0069820 secs] 770471K->560217K(1546688K), 0.0072470 secs] [Times: user=0.02 sys=0.00, real=0.00 secs] 
51289.711: [GC 51289.711: [ParNew: 210355K->960K(235968K), 0.0056420 secs] 770009K->560667K(1546688K), 0.0058940 secs] [Times: user=0.02 sys=0.00, real=0.00 secs] 
51296.073: [GC 51296.073: [ParNew: 210711K->1076K(235968K), 0.0068410 secs] 770418K->560839K(1546688K), 0.0070230 secs] [Times: user=0.03 sys=0.00, real=0.01 secs] 
51310.904: [GC 51310.904: [ParNew: 210868K->883K(235968K), 0.0054280 secs] 770631K->560695K(1546688K), 0.0056240 secs] [Times: user=0.02 sys=0.00, real=0.01 secs] 
51323.991: [GC 51323.992: [ParNew: 210667K->1040K(235968K), 0.0062490 secs] 770479K->560897K(1546688K), 0.0064280 secs] [Times: user=0.03 sys=0.00, real=0.01 secs] 
51330.741: [GC 51330.741: [ParNew: 210819K->830K(235968K), 0.0110490 secs] 770676K->560856K(1546688K), 0.0113040 secs] [Times: user=0.02 sys=0.00, real=0.01 secs] 
51351.073: [GC 51351.073: [ParNew: 210622K->746K(235968K), 0.0061520 secs] 770648K->560819K(1546688K), 0.0063990 secs] [Times: user=0.02 sys=0.00, real=0.00 secs] 
51358.079: [GC 51358.079: [ParNew: 210538K->550K(235968K), 0.0057280 secs] 770611K->560679K(1546688K), 0.0059810 secs] [Times: user=0.02 sys=0.00, real=0.00 secs] 
51377.822: [GC 51377.823: [ParNew: 210342K->628K(235968K), 0.0056840 secs] 770471K->560806K(1546688K), 0.0059370 secs] [Times: user=0.02 sys=0.01, real=0.01 secs] 
51384.671: [GC 51384.671: [ParNew: 210295K->766K(235968K), 0.0055910 secs] 770473K->560988K(1546688K), 0.0058620 secs] [Times: user=0.02 sys=0.00, real=0.01 secs] 
51394.003: [GC 51394.003: [ParNew: 210558K->788K(235968K), 0.0253670 secs] 770780K->561054K(1546688K), 0.0256180 secs] [Times: user=0.08 sys=0.00, real=0.03 secs] 
51412.630: [GC 51412.630: [ParNew: 210580K->1320K(235968K), 0.0075480 secs] 770846K->561638K(1546688K), 0.0077650 secs] [Times: user=0.03 sys=0.00, real=0.01 secs] 
51418.107: [GC 51418.107: [ParNew: 211112K->1165K(235968K), 0.0045400 secs] 771430K->561527K(1546688K), 0.0047640 secs] [Times: user=0.03 sys=0.00, real=0.01 secs] 
51439.922: [GC 51439.922: [ParNew: 210957K->1275K(235968K), 0.0130390 secs] 771319K->561694K(1546688K), 0.0133370 secs] [Times: user=0.03 sys=0.00, real=0.01 secs] 
51446.425: [GC 51446.425: [ParNew: 211067K->1255K(235968K), 0.0064400 secs] 771486K->561723K(1546688K), 0.0067150 secs] [Times: user=0.02 sys=0.00, real=0.00 secs] 
51454.072: [GC 51454.072: [ParNew: 211047K->519K(235968K), 0.0223280 secs] 771515K->561142K(1546688K), 0.0225900 secs] [Times: user=0.04 sys=0.00, real=0.03 secs] 
51474.192: [GC 51474.192: [ParNew: 210311K->780K(235968K), 0.0071380 secs] 770934K->561457K(1546688K), 0.0073390 secs] [Times: user=0.03 sys=0.00, real=0.00 secs] 
51484.671: [GC 51484.671: [ParNew: 210551K->1171K(235968K), 0.0050470 secs] 771228K->561900K(1546688K), 0.0052660 secs] [Times: user=0.02 sys=0.00, real=0.00 secs] 
51500.531: [GC 51500.531: [ParNew: 210963K->1066K(235968K), 0.0050080 secs] 771692K->561850K(1546688K), 0.0052600 secs] [Times: user=0.02 sys=0.01, real=0.01 secs] 
51506.479: [GC 51506.479: [ParNew: 210858K->615K(235968K), 0.0044640 secs] 771642K->561443K(1546688K), 0.0047030 secs] [Times: user=0.03 sys=0.00, real=0.00 secs] 
51529.726: [GC 51529.726: [ParNew: 210407K->946K(235968K), 0.0045730 secs] 771235K->561814K(1546688K), 0.0048380 secs] [Times: user=0.03 sys=0.00, real=0.00 secs] 
51534.241: [GC 51534.242: [ParNew: 210738K->909K(235968K), 0.0057000 secs] 771606K->561820K(1546688K), 0.0058880 secs] [Times: user=0.03 sys=0.00, real=0.00 secs] 
51544.723: [GC 51544.724: [ParNew: 210701K->839K(235968K), 0.0047330 secs] 771612K->561799K(1546688K), 0.0049480 secs] [Times: user=0.03 sys=0.00, real=0.00 secs] 
51564.009: [GC 51564.009: [ParNew: 210631K->1037K(235968K), 0.0063320 secs] 771591K->562040K(1546688K), 0.0065490 secs] [Times: user=0.03 sys=0.00, real=0.00 secs] 
51569.043: [GC 51569.044: [ParNew: 210803K->739K(235968K), 0.0062380 secs] 771806K->561897K(1546688K), 0.0064290 secs] [Times: user=0.02 sys=0.00, real=0.01 secs] 
51591.098: [GC 51591.098: [ParNew: 210502K->686K(235968K), 0.0039110 secs] 771660K->561880K(1546688K), 0.0041620 secs] [Times: user=0.03 sys=0.00, real=0.01 secs] 
51596.163: [GC 51596.163: [ParNew: 210478K->760K(235968K), 0.0045320 secs] 771672K->561989K(1546688K), 0.0047990 secs] [Times: user=0.02 sys=0.00, real=0.00 secs] 
51610.991: [GC 51610.992: [ParNew: 210547K->783K(235968K), 0.0074440 secs] 771776K->562062K(1546688K), 0.0077080 secs] [Times: user=0.02 sys=0.00, real=0.01 secs] 
51624.700: [GC 51624.701: [ParNew: 210533K->490K(235968K), 0.0071200 secs] 771812K->561799K(1546688K), 0.0073030 secs] [Times: user=0.03 sys=0.00, real=0.01 secs] 
51634.080: [GC 51634.081: [ParNew: 210282K->517K(235968K), 0.0114980 secs] 771591K->561895K(1546688K), 0.0117500 secs] [Times: user=0.03 sys=0.00, real=0.01 secs] 
51652.684: [GC 51652.684: [ParNew: 210309K->831K(235968K), 0.0068670 secs] 771687K->562251K(1546688K), 0.0071090 secs] [Times: user=0.02 sys=0.00, real=0.00 secs] 
51658.158: [GC 51658.159: [ParNew: 210623K->982K(235968K), 0.0071210 secs] 772043K->562443K(1546688K), 0.0073000 secs] [Times: user=0.02 sys=0.00, real=0.01 secs] 
51679.975: [GC 51679.975: [ParNew: 210774K->691K(235968K), 0.0050610 secs] 772235K->562195K(1546688K), 0.0053380 secs] [Times: user=0.02 sys=0.00, real=0.01 secs] 
51686.481: [GC 51686.481: [ParNew: 210471K->947K(235968K), 0.0046250 secs] 771976K->562495K(1546688K), 0.0048890 secs] [Times: user=0.03 sys=0.00, real=0.00 secs] 
51694.145: [GC 51694.145: [ParNew: 210739K->913K(235968K), 0.0050800 secs] 772287K->562521K(1546688K), 0.0053320 secs] [Times: user=0.03 sys=0.00, real=0.01 secs] 
51714.249: [GC 51714.249: [ParNew: 210705K->555K(235968K), 0.0074280 secs] 772313K->562212K(1546688K), 0.0076500 secs] [Times: user=0.03 sys=0.00, real=0.01 secs] 
51724.755: [GC 51724.756: [ParNew: 210347K->719K(235968K), 0.0058770 secs] 772004K->562412K(1546688K), 0.0060910 secs] [Times: user=0.02 sys=0.00, real=0.01 secs] 
51740.581: [GC 51740.581: [ParNew: 210460K->1154K(235968K), 0.0064980 secs] 772152K->562898K(1546688K), 0.0067160 secs] [Times: user=0.03 sys=0.00, real=0.00 secs] 
51746.528: [GC 51746.528: [ParNew: 210896K->748K(235968K), 0.0052890 secs] 772640K->562536K(1546688K), 0.0054940 secs] [Times: user=0.03 sys=0.00, real=0.00 secs] 
51769.768: [GC 51769.768: [ParNew: 210441K->813K(235968K), 0.0060160 secs] 772229K->562659K(1546688K), 0.0062350 secs] [Times: user=0.02 sys=0.00, real=0.01 secs] 
51774.733: [GC 51774.733: [ParNew: 210605K->395K(235968K), 0.0231250 secs] 772451K->562296K(1546688K), 0.0234630 secs] [Times: user=0.04 sys=0.00, real=0.03 secs] 
51790.989: [GC 51790.990: [ParNew: 210187K->705K(235968K), 0.0047350 secs] 772088K->562664K(1546688K), 0.0050070 secs] [Times: user=0.02 sys=0.00, real=0.01 secs] 
51804.048: [GC 51804.048: [ParNew: 210497K->861K(235968K), 0.0042990 secs] 772456K->562851K(1546688K), 0.0045450 secs] [Times: user=0.02 sys=0.00, real=0.01 secs] 
51810.789: [GC 51810.789: [ParNew: 210633K->728K(235968K), 0.0135900 secs] 772624K->562763K(1546688K), 0.0138520 secs] [Times: user=0.03 sys=0.00, real=0.01 secs] 
51831.140: [GC 51831.140: [ParNew: 210520K->1244K(235968K), 0.0073680 secs] 772555K->563327K(1546688K), 0.0076520 secs] [Times: user=0.03 sys=0.00, real=0.01 secs] 
51836.197: [GC 51836.197: [ParNew: 211036K->1072K(235968K), 0.0073350 secs] 773119K->563280K(1546688K), 0.0075810 secs] [Times: user=0.03 sys=0.00, real=0.01 secs] 
51851.022: [GC 51851.022: [ParNew: 210864K->988K(235968K), 0.0059170 secs] 773072K->563252K(1546688K), 0.0061140 secs] [Times: user=0.02 sys=0.00, real=0.00 secs] 
51864.071: [GC 51864.071: [ParNew: 210775K->718K(235968K), 0.0100160 secs] 773039K->563039K(1546688K), 0.0102100 secs] [Times: user=0.02 sys=0.00, real=0.01 secs] 
51870.823: [GC 51870.824: [ParNew: 210448K->970K(235968K), 0.0044110 secs] 772769K->563359K(1546688K), 0.0046800 secs] [Times: user=0.02 sys=0.01, real=0.00 secs] 
51891.176: [GC 51891.176: [ParNew: 210644K->1016K(235968K), 0.0051660 secs] 773033K->563462K(1546688K), 0.0054490 secs] [Times: user=0.02 sys=0.00, real=0.00 secs] 
51898.178: [GC 51898.178: [ParNew: 210808K->766K(235968K), 0.0049380 secs] 773254K->563269K(1546688K), 0.0051950 secs] [Times: user=0.02 sys=0.00, real=0.00 secs] 
51919.996: [GC 51919.996: [ParNew: 210558K->825K(235968K), 0.0046840 secs] 773061K->563372K(1546688K), 0.0049350 secs] [Times: user=0.03 sys=0.00, real=0.01 secs] 
51924.762: [GC 51924.762: [ParNew: 210617K->921K(235968K), 0.0048850 secs] 773164K->563512K(1546688K), 0.0051300 secs] [Times: user=0.02 sys=0.00, real=0.00 secs] 
51934.248: [GC 51934.248: [ParNew: 210713K->947K(235968K), 0.0046190 secs] 773304K->563584K(1546688K), 0.0048860 secs] [Times: user=0.02 sys=0.00, real=0.01 secs] 
51952.748: [GC 51952.748: [ParNew: 210739K->861K(235968K), 0.0100520 secs] 773376K->563539K(1546688K), 0.0104640 secs] [Times: user=0.02 sys=0.00, real=0.01 secs] 
51958.227: [GC 51958.227: [ParNew: 210653K->947K(235968K), 0.0106510 secs] 773331K->563672K(1546688K), 0.0108370 secs] [Times: user=0.02 sys=0.00, real=0.01 secs] 
51980.041: [GC 51980.041: [ParNew: 210739K->921K(235968K), 0.0043990 secs] 773464K->563688K(1546688K), 0.0046880 secs] [Times: user=0.03 sys=0.00, real=0.01 secs] 
51986.546: [GC 51986.547: [ParNew: 210698K->985K(235968K), 0.0058830 secs] 773466K->563885K(1546688K), 0.0060830 secs] [Times: user=0.02 sys=0.00, real=0.01 secs] 
52009.772: [GC 52009.772: [ParNew: 210777K->968K(235968K), 0.0050460 secs] 773677K->563917K(1546688K), 0.0053090 secs] [Times: user=0.02 sys=0.00, real=0.01 secs] 
52014.307: [GC 52014.308: [ParNew: 210718K->850K(235968K), 0.0047850 secs] 773667K->563835K(1546688K), 0.0050560 secs] [Times: user=0.02 sys=0.00, real=0.00 secs] 
52024.830: [GC 52024.830: [ParNew: 210639K->922K(235968K), 0.0074190 secs] 773624K->563984K(1546688K), 0.0076210 secs] [Times: user=0.02 sys=0.00, real=0.01 secs] 
52040.655: [GC 52040.655: [ParNew: 210714K->958K(235968K), 0.0044470 secs] 773776K->564064K(1546688K), 0.0047340 secs] [Times: user=0.02 sys=0.00, real=0.00 secs] 
52049.081: [GC 52049.082: [ParNew: 210750K->1117K(235968K), 0.0042250 secs] 773856K->564267K(1546688K), 0.0045100 secs] [Times: user=0.03 sys=0.01, real=0.00 secs] 
52071.177: [GC 52071.177: [ParNew: 210797K->1033K(235968K), 0.0058090 secs] 773947K->564234K(1546688K), 0.0062090 secs] [Times: user=0.02 sys=0.00, real=0.01 secs] 
52076.362: [GC 52076.362: [ParNew: 210825K->876K(235968K), 0.0084370 secs] 774026K->564128K(1546688K), 0.0086900 secs] [Times: user=0.03 sys=0.00, real=0.01 secs] 
52091.057: [GC 52091.057: [ParNew: 210668K->1442K(235968K), 0.0069520 secs] 773920K->564743K(1546688K), 0.0072430 secs] [Times: user=0.02 sys=0.00, real=0.01 secs] 
52104.093: [GC 52104.094: [ParNew: 211234K->791K(235968K), 0.0051740 secs] 774535K->564269K(1546688K), 0.0054520 secs] [Times: user=0.03 sys=0.00, real=0.00 secs] 
52110.842: [GC 52110.842: [ParNew: 210515K->815K(235968K), 0.0297800 secs] 773992K->564336K(1546688K), 0.0300940 secs] [Times: user=0.03 sys=0.00, real=0.03 secs] 
52131.213: [GC 52131.213: [ParNew: 210557K->971K(235968K), 0.0058310 secs] 774078K->564547K(1546688K), 0.0060480 secs] [Times: user=0.02 sys=0.00, real=0.01 secs] 
52136.412: [GC 52136.413: [ParNew: 210763K->775K(235968K), 0.0068150 secs] 774339K->564408K(1546688K), 0.0070590 secs] [Times: user=0.02 sys=0.00, real=0.01 secs] 
52151.097: [GC 52151.097: [ParNew: 210567K->698K(235968K), 0.0082850 secs] 774200K->564379K(1546688K), 0.0084660 secs] [Times: user=0.02 sys=0.00, real=0.01 secs] 
52164.775: [GC 52164.775: [ParNew: 210490K->777K(235968K), 0.0053300 secs] 774171K->564503K(1546688K), 0.0055790 secs] [Times: user=0.02 sys=0.00, real=0.00 secs] 
52174.284: [GC 52174.284: [ParNew: 210569K->669K(235968K), 0.0087660 secs] 774295K->564438K(1546688K), 0.0090220 secs] [Times: user=0.02 sys=0.00, real=0.01 secs] 
52192.781: [GC 52192.781: [ParNew: 210461K->1057K(235968K), 0.0074580 secs] 774230K->564869K(1546688K), 0.0077330 secs] [Times: user=0.02 sys=0.00, real=0.01 secs] 
52198.256: [GC 52198.257: [ParNew: 210807K->1245K(235968K), 0.0071450 secs] 774619K->565093K(1546688K), 0.0073330 secs] [Times: user=0.02 sys=0.01, real=0.01 secs] 
52220.076: [GC 52220.077: [ParNew: 210993K->915K(235968K), 0.0060690 secs] 774841K->564807K(1546688K), 0.0062620 secs] [Times: user=0.02 sys=0.01, real=0.00 secs] 
52226.581: [GC 52226.581: [ParNew: 210693K->1034K(235968K), 0.0126980 secs] 774585K->564969K(1546688K), 0.0129900 secs] [Times: user=0.03 sys=0.00, real=0.02 secs] 
52234.329: [GC 52234.329: [ParNew: 210811K->1264K(235968K), 0.0052370 secs] 774747K->565355K(1546688K), 0.0054680 secs] [Times: user=0.02 sys=0.00, real=0.01 secs] 
52254.339: [GC 52254.340: [ParNew: 211056K->1159K(235968K), 0.0064080 secs] 775147K->565299K(1546688K), 0.0066890 secs] [Times: user=0.02 sys=0.00, real=0.00 secs] 
52264.876: [GC 52264.876: [ParNew: 210907K->974K(235968K), 0.0059340 secs] 775047K->565172K(1546688K), 0.0062180 secs] [Times: user=0.02 sys=0.00, real=0.01 secs] 
52280.686: [GC 52280.686: [ParNew: 210766K->1048K(235968K), 0.0055010 secs] 774964K->565285K(1546688K), 0.0057430 secs] [Times: user=0.03 sys=0.00, real=0.00 secs] 
52289.104: [GC 52289.104: [ParNew: 210840K->546K(235968K), 0.0053270 secs] 775077K->564814K(1546688K), 0.0055970 secs] [Times: user=0.03 sys=0.00, real=0.00 secs] 
52309.845: [GC 52309.846: [ParNew: 210229K->577K(235968K), 0.0040880 secs] 774497K->564893K(1546688K), 0.0043550 secs] [Times: user=0.03 sys=0.00, real=0.01 secs] 
52316.401: [GC 52316.401: [ParNew: 210342K->638K(235968K), 0.0157120 secs] 774658K->565002K(1546688K), 0.0159220 secs] [Times: user=0.02 sys=0.00, real=0.01 secs] 
52331.099: [GC 52331.099: [ParNew: 210383K->1137K(235968K), 0.0059360 secs] 774748K->565578K(1546688K), 0.0061960 secs] [Times: user=0.03 sys=0.00, real=0.00 secs] 
52344.128: [GC 52344.128: [ParNew: 210929K->660K(235968K), 0.0049940 secs] 775370K->565146K(1546688K), 0.0052380 secs] [Times: user=0.02 sys=0.00, real=0.00 secs] 
52350.876: [GC 52350.876: [ParNew: 210434K->1012K(235968K), 0.0088770 secs] 774919K->565534K(1546688K), 0.0091280 secs] [Times: user=0.04 sys=0.00, real=0.01 secs] 
52371.257: [GC 52371.257: [ParNew: 210804K->1076K(235968K), 0.0038680 secs] 775326K->565639K(1546688K), 0.0041170 secs] [Times: user=0.03 sys=0.00, real=0.01 secs] 
52376.471: [GC 52376.471: [ParNew: 210754K->1055K(235968K), 0.0056680 secs] 775317K->565662K(1546688K), 0.0059170 secs] [Times: user=0.03 sys=0.00, real=0.00 secs] 
52391.152: [GC 52391.152: [ParNew: 210847K->681K(235968K), 0.0084080 secs] 775454K->565337K(1546688K), 0.0086480 secs] [Times: user=0.04 sys=0.00, real=0.01 secs] 
52404.813: [GC 52404.813: [ParNew: 210473K->833K(235968K), 0.0041580 secs] 775129K->565534K(1546688K), 0.0044180 secs] [Times: user=0.02 sys=0.00, real=0.01 secs] 
52414.327: [GC 52414.328: [ParNew: 210625K->932K(235968K), 0.0037810 secs] 775326K->565685K(1546688K), 0.0040360 secs] [Times: user=0.02 sys=0.00, real=0.00 secs] 
52432.942: [GC 52432.942: [ParNew: 210724K->1123K(235968K), 0.0039810 secs] 775477K->565925K(1546688K), 0.0042290 secs] [Times: user=0.02 sys=0.00, real=0.00 secs] 
52438.292: [GC 52438.293: [ParNew: 210800K->965K(235968K), 0.0045530 secs] 775603K->565803K(1546688K), 0.0048370 secs] [Times: user=0.03 sys=0.00, real=0.00 secs] 
52460.101: [GC 52460.102: [ParNew: 210639K->968K(235968K), 0.0040490 secs] 775477K->565871K(1546688K), 0.0043160 secs] [Times: user=0.02 sys=0.00, real=0.01 secs] 
52464.827: [GC 52464.828: [ParNew: 210760K->1024K(235968K), 0.0042210 secs] 775663K->565977K(1546688K), 0.0044700 secs] [Times: user=0.02 sys=0.00, real=0.00 secs] 
52474.355: [GC 52474.355: [ParNew: 210816K->1076K(235968K), 0.0039860 secs] 775769K->566084K(1546688K), 0.0042410 secs] [Times: user=0.03 sys=0.00, real=0.00 secs] 
52492.971: [GC 52492.971: [ParNew: 210803K->1108K(235968K), 0.0039850 secs] 775811K->566175K(1546688K), 0.0042540 secs] [Times: user=0.03 sys=0.00, real=0.00 secs] 
52498.315: [GC 52498.315: [ParNew: 210900K->1055K(235968K), 0.0040210 secs] 775967K->566168K(1546688K), 0.0042830 secs] [Times: user=0.02 sys=0.00, real=0.00 secs] 
52520.142: [GC 52520.142: [ParNew: 210732K->1012K(235968K), 0.0038640 secs] 775845K->566169K(1546688K), 0.0041160 secs] [Times: user=0.03 sys=0.00, real=0.00 secs] 
52526.664: [GC 52526.664: [ParNew: 210785K->643K(235968K), 0.0062030 secs] 775942K->565850K(1546688K), 0.0064440 secs] [Times: user=0.02 sys=0.00, real=0.01 secs] 
52549.847: [GC 52549.847: [ParNew: 210435K->906K(235968K), 0.0067070 secs] 775642K->566285K(1546688K), 0.0069290 secs] [Times: user=0.02 sys=0.00, real=0.01 secs] 
52554.401: [GC 52554.401: [ParNew: 210686K->732K(235968K), 0.0044020 secs] 776065K->566147K(1546688K), 0.0046580 secs] [Times: user=0.02 sys=0.00, real=0.01 secs] 
52564.950: [GC 52564.950: [ParNew: 210524K->895K(235968K), 0.0037120 secs] 775939K->566379K(1546688K), 0.0039900 secs] [Times: user=0.02 sys=0.00, real=0.00 secs] 
52580.864: [GC 52580.865: [ParNew: 210653K->1155K(235968K), 0.0051640 secs] 776136K->566676K(1546688K), 0.0054330 secs] [Times: user=0.03 sys=0.00, real=0.01 secs] 
52589.149: [GC 52589.149: [ParNew: 210947K->968K(235968K), 0.0040220 secs] 776468K->566533K(1546688K), 0.0042850 secs] [Times: user=0.02 sys=0.01, real=0.00 secs] 
52609.875: [GC 52609.875: [ParNew: 210652K->1361K(235968K), 0.0068400 secs] 776217K->566979K(1546688K), 0.0071090 secs] [Times: user=0.03 sys=0.00, real=0.00 secs] 
52614.432: [GC 52614.432: [ParNew: 211153K->863K(235968K), 0.0042230 secs] 776771K->566536K(1546688K), 0.0044650 secs] [Times: user=0.03 sys=0.00, real=0.00 secs] 
52624.982: [GC 52624.983: [ParNew: 210655K->903K(235968K), 0.0081890 secs] 776328K->566643K(1546688K), 0.0084530 secs] [Times: user=0.02 sys=0.00, real=0.01 secs] 
52643.518: [GC 52643.518: [ParNew: 210695K->846K(235968K), 0.0066360 secs] 776435K->566643K(1546688K), 0.0068750 secs] [Times: user=0.02 sys=0.00, real=0.00 secs] 
52649.178: [GC 52649.178: [ParNew: 210637K->1318K(235968K), 0.0053970 secs] 776434K->567309K(1546688K), 0.0056720 secs] [Times: user=0.03 sys=0.00, real=0.00 secs] 
52671.300: [GC 52671.300: [ParNew: 211056K->1009K(235968K), 0.0066490 secs] 777047K->567042K(1546688K), 0.0069170 secs] [Times: user=0.02 sys=0.00, real=0.01 secs] 
52676.517: [GC 52676.517: [ParNew: 210801K->522K(235968K), 0.0279440 secs] 776834K->566693K(1546688K), 0.0282500 secs] [Times: user=0.03 sys=0.00, real=0.03 secs] 
52691.185: [GC 52691.185: [ParNew: 210314K->598K(235968K), 0.0058870 secs] 776485K->566811K(1546688K), 0.0061440 secs] [Times: user=0.02 sys=0.00, real=0.01 secs] 
52704.183: [GC 52704.183: [ParNew: 210390K->963K(235968K), 0.0095030 secs] 776603K->567219K(1546688K), 0.0096980 secs] [Times: user=0.03 sys=0.00, real=0.01 secs] 
52710.915: [GC 52710.915: [ParNew: 210755K->877K(235968K), 0.0092360 secs] 777011K->567193K(1546688K), 0.0094530 secs] [Times: user=0.02 sys=0.00, real=0.01 secs] 
52731.327: [GC 52731.327: [ParNew: 210669K->1138K(235968K), 0.0054550 secs] 776985K->567511K(1546688K), 0.0056800 secs] [Times: user=0.02 sys=0.00, real=0.00 secs] 
52736.546: [GC 52736.546: [ParNew: 210879K->643K(235968K), 0.0270190 secs] 777252K->567070K(1546688K), 0.0273600 secs] [Times: user=0.05 sys=0.00, real=0.03 secs] 
52752.372: [GC 52752.373: [ParNew: 210435K->599K(235968K), 0.0258940 secs] 776862K->567213K(1546688K), 0.0261910 secs] [Times: user=0.04 sys=0.00, real=0.02 secs] 
52764.850: [GC 52764.850: [ParNew: 210268K->1280K(235968K), 0.0049290 secs] 776882K->567937K(1546688K), 0.0051950 secs] [Times: user=0.03 sys=0.00, real=0.00 secs] 
52774.406: [GC 52774.407: [ParNew: 211072K->923K(235968K), 0.0071980 secs] 777729K->567627K(1546688K), 0.0073900 secs] [Times: user=0.02 sys=0.00, real=0.00 secs] 
52793.023: [GC 52793.023: [ParNew: 210715K->759K(235968K), 0.0068870 secs] 777419K->567499K(1546688K), 0.0070750 secs] [Times: user=0.03 sys=0.00, real=0.01 secs] 
52798.361: [GC 52798.361: [ParNew: 210551K->812K(235968K), 0.0050830 secs] 777291K->567592K(1546688K), 0.0053410 secs] [Times: user=0.02 sys=0.00, real=0.01 secs] 
52820.184: [GC 52820.184: [ParNew: 210604K->854K(235968K), 0.0072470 secs] 777384K->567682K(1546688K), 0.0075380 secs] [Times: user=0.02 sys=0.00, real=0.01 secs] 
52826.717: [GC 52826.718: [ParNew: 210646K->889K(235968K), 0.0262160 secs] 777474K->567757K(1546688K), 0.0265010 secs] [Times: user=0.05 sys=0.00, real=0.03 secs] 
52834.455: [GC 52834.455: [ParNew: 210681K->1014K(235968K), 0.0066650 secs] 777549K->567937K(1546688K), 0.0068610 secs] [Times: user=0.02 sys=0.00, real=0.01 secs] 
52854.444: [GC 52854.445: [ParNew: 210806K->756K(235968K), 0.0103730 secs] 777729K->567728K(1546688K), 0.0105670 secs] [Times: user=0.02 sys=0.00, real=0.01 secs] 
52865.002: [GC 52865.002: [ParNew: 210530K->1017K(235968K), 0.0073010 secs] 777502K->568145K(1546688K), 0.0074820 secs] [Times: user=0.02 sys=0.00, real=0.01 secs] 
52880.788: [GC 52880.789: [ParNew: 210802K->673K(235968K), 0.0052140 secs] 777930K->567851K(1546688K), 0.0054710 secs] [Times: user=0.02 sys=0.00, real=0.01 secs] 
52886.771: [GC 52886.772: [ParNew: 210465K->876K(235968K), 0.0063640 secs] 777643K->568097K(1546688K), 0.0066440 secs] [Times: user=0.02 sys=0.00, real=0.00 secs] 
52909.909: [GC 52909.909: [ParNew: 210604K->1072K(235968K), 0.0101200 secs] 777825K->568343K(1546688K), 0.0103960 secs] [Times: user=0.03 sys=0.00, real=0.01 secs] 
52914.480: [GC 52914.480: [ParNew: 210864K->885K(235968K), 0.0115100 secs] 778135K->568216K(1546688K), 0.0117930 secs] [Times: user=0.04 sys=0.00, real=0.01 secs] 
52925.148: [GC 52925.148: [ParNew: 210643K->1160K(235968K), 0.0059800 secs] 777974K->568553K(1546688K), 0.0062560 secs] [Times: user=0.02 sys=0.00, real=0.01 secs] 
52940.827: [GC 52940.827: [ParNew: 210952K->958K(235968K), 0.0063450 secs] 778345K->568395K(1546688K), 0.0065830 secs] [Times: user=0.02 sys=0.00, real=0.01 secs] 
52949.205: [GC 52949.205: [ParNew: 210688K->1109K(235968K), 0.0045150 secs] 778126K->568590K(1546688K), 0.0047830 secs] [Times: user=0.03 sys=0.00, real=0.01 secs] 
52971.343: [GC 52971.343: [ParNew: 210901K->1148K(235968K), 0.0045670 secs] 778382K->568678K(1546688K), 0.0048350 secs] [Times: user=0.03 sys=0.00, real=0.01 secs] 
52976.570: [GC 52976.570: [ParNew: 210939K->678K(235968K), 0.0284990 secs] 778469K->568337K(1546688K), 0.0288500 secs] [Times: user=0.04 sys=0.00, real=0.03 secs] 
52991.235: [GC 52991.235: [ParNew: 210470K->904K(235968K), 0.0056240 secs] 778129K->568606K(1546688K), 0.0058680 secs] [Times: user=0.02 sys=0.00, real=0.00 secs] 
53004.225: [GC 53004.225: [ParNew: 210664K->906K(235968K), 0.0061920 secs] 778365K->568652K(1546688K), 0.0064020 secs] [Times: user=0.02 sys=0.00, real=0.01 secs] 
53010.951: [GC 53010.951: [ParNew: 210698K->782K(235968K), 0.0057640 secs] 778444K->568565K(1546688K), 0.0060380 secs] [Times: user=0.02 sys=0.00, real=0.00 secs] 
53031.385: [GC 53031.386: [ParNew: 210574K->746K(235968K), 0.0049970 secs] 778357K->568589K(1546688K), 0.0052760 secs] [Times: user=0.02 sys=0.01, real=0.01 secs] 
53036.634: [GC 53036.634: [ParNew: 210486K->636K(235968K), 0.0259380 secs] 778329K->568544K(1546688K), 0.0262310 secs] [Times: user=0.03 sys=0.00, real=0.03 secs] 
53060.207: [GC 53060.207: [ParNew: 210428K->855K(235968K), 0.0067580 secs] 778336K->568920K(1546688K), 0.0069890 secs] [Times: user=0.02 sys=0.00, real=0.01 secs] 
53064.905: [GC 53064.905: [ParNew: 210543K->708K(235968K), 0.0063250 secs] 778608K->568838K(1546688K), 0.0066000 secs] [Times: user=0.02 sys=0.00, real=0.01 secs] 
53074.483: [GC 53074.483: [ParNew: 210386K->835K(235968K), 0.0061770 secs] 778516K->569003K(1546688K), 0.0064100 secs] [Times: user=0.01 sys=0.00, real=0.01 secs] 
53093.093: [GC 53093.093: [ParNew: 210620K->810K(235968K), 0.0041210 secs] 778788K->569014K(1546688K), 0.0043810 secs] [Times: user=0.03 sys=0.00, real=0.01 secs] 
53098.426: [GC 53098.426: [ParNew: 210556K->684K(235968K), 0.0058630 secs] 778760K->568929K(1546688K), 0.0061250 secs] [Times: user=0.02 sys=0.01, real=0.00 secs] 
53120.261: [GC 53120.261: [ParNew: 210441K->734K(235968K), 0.0065910 secs] 778687K->569023K(1546688K), 0.0068490 secs] [Times: user=0.02 sys=0.00, real=0.01 secs] 
53126.804: [GC 53126.804: [ParNew: 210526K->515K(235968K), 0.0164580 secs] 778815K->568848K(1546688K), 0.0166640 secs] [Times: user=0.04 sys=0.00, real=0.01 secs] 
53149.935: [GC 53149.935: [ParNew: 210202K->748K(235968K), 0.0074020 secs] 778535K->569117K(1546688K), 0.0076040 secs] [Times: user=0.02 sys=0.01, real=0.01 secs] 
53154.512: [GC 53154.512: [ParNew: 210422K->666K(235968K), 0.0063310 secs] 778791K->569071K(1546688K), 0.0065470 secs] [Times: user=0.02 sys=0.00, real=0.01 secs] 
53165.205: [GC 53165.205: [ParNew: 210420K->835K(235968K), 0.0059030 secs] 778825K->569280K(1546688K), 0.0061930 secs] [Times: user=0.01 sys=0.00, real=0.01 secs] 
53180.876: [GC 53180.876: [ParNew: 210627K->848K(235968K), 0.0059930 secs] 779072K->569338K(1546688K), 0.0062820 secs] [Times: user=0.02 sys=0.00, real=0.01 secs] 
53189.250: [GC 53189.250: [ParNew: 210599K->677K(235968K), 0.0052390 secs] 779088K->569211K(1546688K), 0.0055210 secs] [Times: user=0.02 sys=0.00, real=0.01 secs] 
53211.393: [GC 53211.394: [ParNew: 210469K->978K(235968K), 0.0042760 secs] 779003K->569555K(1546688K), 0.0045510 secs] [Times: user=0.02 sys=0.00, real=0.01 secs] 
53216.659: [GC 53216.660: [ParNew: 210770K->1015K(235968K), 0.0301040 secs] 779347K->569627K(1546688K), 0.0305070 secs] [Times: user=0.03 sys=0.00, real=0.03 secs] 
53231.290: [GC 53231.290: [ParNew: 210807K->832K(235968K), 0.0097520 secs] 779419K->569481K(1546688K), 0.0099320 secs] [Times: user=0.02 sys=0.01, real=0.01 secs] 
53244.905: [GC 53244.905: [ParNew: 210624K->846K(235968K), 0.0051040 secs] 779273K->569538K(1546688K), 0.0053800 secs] [Times: user=0.02 sys=0.00, real=0.00 secs] 
53251.009: [GC 53251.009: [ParNew: 210638K->383K(235968K), 0.0059570 secs] 779330K->569224K(1546688K), 0.0062240 secs] [Times: user=0.02 sys=0.00, real=0.01 secs] 
53273.104: [GC 53273.104: [ParNew: 210175K->1089K(235968K), 0.0064630 secs] 779016K->569980K(1546688K), 0.0067230 secs] [Times: user=0.03 sys=0.00, real=0.01 secs] 
53278.437: [GC 53278.438: [ParNew: 210881K->980K(235968K), 0.0056000 secs] 779772K->569907K(1546688K), 0.0058720 secs] [Times: user=0.03 sys=0.00, real=0.00 secs] 
53300.268: [GC 53300.269: [ParNew: 210749K->1153K(235968K), 0.0135920 secs] 779675K->570123K(1546688K), 0.0138590 secs] [Times: user=0.02 sys=0.01, real=0.01 secs] 
53306.840: [GC 53306.840: [ParNew: 210945K->919K(235968K), 0.0161460 secs] 779915K->569931K(1546688K), 0.0164040 secs] [Times: user=0.04 sys=0.00, real=0.02 secs] 
53314.553: [GC 53314.553: [ParNew: 210609K->1042K(235968K), 0.0061570 secs] 779621K->570116K(1546688K), 0.0064090 secs] [Times: user=0.02 sys=0.01, real=0.00 secs] 
53334.514: [GC 53334.515: [ParNew: 210818K->838K(235968K), 0.0060740 secs] 779892K->569969K(1546688K), 0.0063480 secs] [Times: user=0.03 sys=0.00, real=0.01 secs] 
53345.214: [GC 53345.214: [ParNew: 210630K->1050K(235968K), 0.0080070 secs] 779761K->570232K(1546688K), 0.0082550 secs] [Times: user=0.02 sys=0.00, real=0.01 secs] 
53360.881: [GC 53360.881: [ParNew: 210842K->944K(235968K), 0.0068570 secs] 780024K->570179K(1546688K), 0.0070770 secs] [Times: user=0.02 sys=0.00, real=0.01 secs] 
53366.888: [GC 53366.888: [ParNew: 210702K->1253K(235968K), 0.0069010 secs] 779937K->570535K(1546688K), 0.0071240 secs] [Times: user=0.02 sys=0.00, real=0.01 secs] 
53389.979: [GC 53389.979: [ParNew: 210991K->977K(235968K), 0.0056830 secs] 780273K->570409K(1546688K), 0.0059680 secs] [Times: user=0.03 sys=0.00, real=0.01 secs] 
53394.562: [GC 53394.562: [ParNew: 210767K->719K(235968K), 0.0047540 secs] 780199K->570191K(1546688K), 0.0050110 secs] [Times: user=0.03 sys=0.00, real=0.00 secs] 
53405.270: [GC 53405.270: [ParNew: 210511K->726K(235968K), 0.0052640 secs] 779983K->570249K(1546688K), 0.0055360 secs] [Times: user=0.03 sys=0.00, real=0.00 secs] 
53424.261: [GC 53424.261: [ParNew: 210439K->662K(235968K), 0.0068220 secs] 779962K->570229K(1546688K), 0.0070950 secs] [Times: user=0.03 sys=0.00, real=0.01 secs] 
53429.287: [GC 53429.287: [ParNew: 210412K->697K(235968K), 0.0068230 secs] 779979K->570308K(1546688K), 0.0070780 secs] [Times: user=0.03 sys=0.00, real=0.01 secs] 
53451.436: [GC 53451.436: [ParNew: 210489K->677K(235968K), 0.0057860 secs] 780100K->570331K(1546688K), 0.0060130 secs] [Times: user=0.03 sys=0.00, real=0.01 secs] 
53456.715: [GC 53456.715: [ParNew: 210469K->935K(235968K), 0.0264930 secs] 780123K->570629K(1546688K), 0.0268260 secs] [Times: user=0.04 sys=0.00, real=0.03 secs] 
53471.317: [GC 53471.317: [ParNew: 210727K->856K(235968K), 0.0121540 secs] 780421K->570611K(1546688K), 0.0124340 secs] [Times: user=0.04 sys=0.00, real=0.02 secs] 
53484.280: [GC 53484.281: [ParNew: 210595K->934K(235968K), 0.0067230 secs] 780351K->570733K(1546688K), 0.0069690 secs] [Times: user=0.02 sys=0.00, real=0.01 secs] 
53491.012: [GC 53491.012: [ParNew: 210726K->743K(235968K), 0.0117660 secs] 780525K->570621K(1546688K), 0.0120290 secs] [Times: user=0.03 sys=0.00, real=0.02 secs] 
53511.464: [GC 53511.464: [ParNew: 210435K->813K(235968K), 0.0063740 secs] 780313K->570745K(1546688K), 0.0066360 secs] [Times: user=0.02 sys=0.00, real=0.00 secs] 
53516.762: [GC 53516.762: [ParNew: 210567K->699K(235968K), 0.0142340 secs] 780499K->570686K(1546688K), 0.0145500 secs] [Times: user=0.03 sys=0.00, real=0.01 secs] 
53531.362: [GC 53531.362: [ParNew: 210444K->921K(235968K), 0.0368200 secs] 780431K->570963K(1546688K), 0.0371380 secs] [Times: user=0.05 sys=0.00, real=0.04 secs] 
53544.958: [GC 53544.958: [ParNew: 210713K->933K(235968K), 0.0083440 secs] 780755K->571019K(1546688K), 0.0085920 secs] [Times: user=0.02 sys=0.01, real=0.01 secs] 
53554.570: [GC 53554.570: [ParNew: 210725K->1017K(235968K), 0.0059160 secs] 780811K->571149K(1546688K), 0.0061350 secs] [Times: user=0.02 sys=0.00, real=0.01 secs] 
53573.172: [GC 53573.172: [ParNew: 210784K->722K(235968K), 0.0048110 secs] 780916K->570889K(1546688K), 0.0050850 secs] [Times: user=0.02 sys=0.00, real=0.00 secs] 
53578.504: [GC 53578.504: [ParNew: 210514K->844K(235968K), 0.0054770 secs] 780681K->571047K(1546688K), 0.0057190 secs] [Times: user=0.02 sys=0.00, real=0.00 secs] 
53600.573: [GC 53600.574: [ParNew: 210613K->815K(235968K), 0.0069970 secs] 780817K->571068K(1546688K), 0.0072560 secs] [Times: user=0.02 sys=0.00, real=0.01 secs] 
53606.929: [GC 53606.929: [ParNew: 210607K->884K(235968K), 0.0124260 secs] 780860K->571181K(1546688K), 0.0127170 secs] [Times: user=0.02 sys=0.00, real=0.01 secs] 
53614.624: [GC 53614.625: [ParNew: 210663K->620K(235968K), 0.0104580 secs] 780960K->570989K(1546688K), 0.0106340 secs] [Times: user=0.02 sys=0.00, real=0.02 secs] 
53634.580: [GC 53634.580: [ParNew: 210412K->1006K(235968K), 0.0051330 secs] 780781K->571424K(1546688K), 0.0054060 secs] [Times: user=0.02 sys=0.01, real=0.01 secs] 
53645.290: [GC 53645.290: [ParNew: 210685K->1481K(235968K), 0.0048530 secs] 781103K->571950K(1546688K), 0.0051290 secs] [Times: user=0.02 sys=0.00, real=0.00 secs] 
53660.943: [GC 53660.943: [ParNew: 211273K->660K(235968K), 0.0069900 secs] 781742K->571173K(1546688K), 0.0072690 secs] [Times: user=0.02 sys=0.00, real=0.01 secs] 
53669.291: [GC 53669.291: [ParNew: 210452K->1027K(235968K), 0.0058870 secs] 780965K->571580K(1546688K), 0.0061260 secs] [Times: user=0.02 sys=0.00, real=0.01 secs] 
53690.027: [GC 53690.027: [ParNew: 210794K->1124K(235968K), 0.0060480 secs] 781347K->571725K(1546688K), 0.0063150 secs] [Times: user=0.02 sys=0.00, real=0.01 secs] 
53695.381: [GC 53695.381: [ParNew: 210916K->618K(235968K), 0.0062260 secs] 781517K->571273K(1546688K), 0.0065040 secs] [Times: user=0.03 sys=0.00, real=0.01 secs] 
53711.352: [GC 53711.352: [ParNew: 210383K->1005K(235968K), 0.0043890 secs] 781038K->571715K(1546688K), 0.0046550 secs] [Times: user=0.02 sys=0.00, real=0.00 secs] 
53724.306: [GC 53724.306: [ParNew: 210797K->894K(235968K), 0.0052830 secs] 781507K->571648K(1546688K), 0.0055570 secs] [Times: user=0.03 sys=0.00, real=0.01 secs] 
53731.035: [GC 53731.036: [ParNew: 210686K->668K(235968K), 0.0054640 secs] 781440K->571567K(1546688K), 0.0056430 secs] [Times: user=0.03 sys=0.00, real=0.01 secs] 
53751.508: [GC 53751.508: [ParNew: 210422K->991K(235968K), 0.0045550 secs] 781321K->571926K(1546688K), 0.0048290 secs] [Times: user=0.02 sys=0.00, real=0.00 secs] 
53756.800: [GC 53756.800: [ParNew: 210760K->880K(235968K), 0.0080430 secs] 781695K->571860K(1546688K), 0.0083690 secs] [Times: user=0.02 sys=0.00, real=0.01 secs] 
53771.397: [GC 53771.397: [ParNew: 210559K->999K(235968K), 0.0259980 secs] 781539K->572029K(1546688K), 0.0262860 secs] [Times: user=0.03 sys=0.00, real=0.03 secs] 
53784.980: [GC 53784.980: [ParNew: 210771K->607K(235968K), 0.0092050 secs] 781800K->571679K(1546688K), 0.0094150 secs] [Times: user=0.02 sys=0.00, real=0.01 secs] 
53794.612: [GC 53794.612: [ParNew: 210381K->772K(235968K), 0.0082960 secs] 781453K->571894K(1546688K), 0.0084990 secs] [Times: user=0.02 sys=0.00, real=0.01 secs] 
53813.202: [GC 53813.202: [ParNew: 210554K->987K(235968K), 0.0074550 secs] 781676K->572155K(1546688K), 0.0077490 secs] [Times: user=0.02 sys=0.00, real=0.01 secs] 
53818.532: [GC 53818.532: [ParNew: 210760K->1013K(235968K), 0.0051960 secs] 781929K->572218K(1546688K), 0.0053810 secs] [Times: user=0.03 sys=0.00, real=0.01 secs] 
53840.490: [GC 53840.490: [ParNew: 210757K->1050K(235968K), 0.0042860 secs] 781962K->572305K(1546688K), 0.0045480 secs] [Times: user=0.02 sys=0.00, real=0.00 secs] 
53846.984: [GC 53846.984: [ParNew: 210842K->971K(235968K), 0.0110780 secs] 782097K->572269K(1546688K), 0.0113860 secs] [Times: user=0.02 sys=0.00, real=0.01 secs] 
53854.660: [GC 53854.660: [ParNew: 210763K->988K(235968K), 0.0062940 secs] 782061K->572329K(1546688K), 0.0065640 secs] [Times: user=0.02 sys=0.00, real=0.00 secs] 
53874.623: [GC 53874.623: [ParNew: 210780K->718K(235968K), 0.0056570 secs] 782121K->572108K(1546688K), 0.0059320 secs] [Times: user=0.02 sys=0.00, real=0.01 secs] 
53885.341: [GC 53885.341: [ParNew: 210429K->795K(235968K), 0.0060090 secs] 781819K->572258K(1546688K), 0.0062830 secs] [Times: user=0.02 sys=0.00, real=0.01 secs] 
53900.986: [GC 53900.987: [ParNew: 210587K->1021K(235968K), 0.0048790 secs] 782050K->572516K(1546688K), 0.0051460 secs] [Times: user=0.03 sys=0.00, real=0.01 secs] 
53909.315: [GC 53909.315: [ParNew: 210813K->908K(235968K), 0.0093660 secs] 782308K->572447K(1546688K), 0.0096250 secs] [Times: user=0.02 sys=0.00, real=0.01 secs] 
53930.057: [GC 53930.057: [ParNew: 210700K->832K(235968K), 0.0054310 secs] 782239K->572412K(1546688K), 0.0057180 secs] [Times: user=0.03 sys=0.00, real=0.00 secs] 
53934.673: [GC 53934.673: [ParNew: 210624K->819K(235968K), 0.0099250 secs] 782204K->572447K(1546688K), 0.0101020 secs] [Times: user=0.02 sys=0.00, real=0.01 secs] 
53951.399: [GC 53951.399: [ParNew: 210611K->854K(235968K), 0.0093500 secs] 782239K->572538K(1546688K), 0.0095350 secs] [Times: user=0.02 sys=0.00, real=0.01 secs] 
53964.343: [GC 53964.343: [ParNew: 210646K->596K(235968K), 0.0086820 secs] 782330K->572323K(1546688K), 0.0088620 secs] [Times: user=0.02 sys=0.00, real=0.01 secs] 
53971.070: [GC 53971.070: [ParNew: 210290K->821K(235968K), 0.0062740 secs] 782016K->572646K(1546688K), 0.0065190 secs] [Times: user=0.03 sys=0.00, real=0.00 secs] 
53991.558: [GC 53991.558: [ParNew: 210601K->861K(235968K), 0.0057530 secs] 782426K->572722K(1546688K), 0.0060290 secs] [Times: user=0.02 sys=0.00, real=0.00 secs] 
53996.875: [GC 53996.875: [ParNew: 210653K->930K(235968K), 0.0080940 secs] 782514K->572863K(1546688K), 0.0083180 secs] [Times: user=0.03 sys=0.00, real=0.00 secs] 
54011.456: [GC 54011.456: [ParNew: 210722K->717K(235968K), 0.0152760 secs] 782655K->572700K(1546688K), 0.0155870 secs] [Times: user=0.04 sys=0.00, real=0.01 secs] 
54025.017: [GC 54025.017: [ParNew: 210509K->710K(235968K), 0.0075880 secs] 782492K->572736K(1546688K), 0.0077820 secs] [Times: user=0.02 sys=0.00, real=0.01 secs] 
54034.783: [GC 54034.783: [ParNew: 210502K->1024K(235968K), 0.0068570 secs] 782528K->573097K(1546688K), 0.0070470 secs] [Times: user=0.02 sys=0.00, real=0.01 secs] 
54053.253: [GC 54053.253: [ParNew: 210784K->884K(235968K), 0.0061950 secs] 782857K->572992K(1546688K), 0.0063840 secs] [Times: user=0.02 sys=0.00, real=0.01 secs] 
54058.583: [GC 54058.583: [ParNew: 210676K->995K(235968K), 0.0056130 secs] 782784K->573144K(1546688K), 0.0058320 secs] [Times: user=0.02 sys=0.00, real=0.01 secs] 
54080.544: [GC 54080.544: [ParNew: 210787K->1160K(235968K), 0.0064950 secs] 782936K->573352K(1546688K), 0.0067710 secs] [Times: user=0.02 sys=0.00, real=0.00 secs] 
54087.056: [GC 54087.056: [ParNew: 210952K->699K(235968K), 0.0106580 secs] 783144K->573015K(1546688K), 0.0109450 secs] [Times: user=0.03 sys=0.00, real=0.01 secs] 
54094.837: [GC 54094.838: [ParNew: 210481K->1045K(235968K), 0.0055380 secs] 782797K->573421K(1546688K), 0.0057670 secs] [Times: user=0.02 sys=0.01, real=0.01 secs] 
54114.669: [GC 54114.670: [ParNew: 210816K->1135K(235968K), 0.0073490 secs] 783193K->573561K(1546688K), 0.0075420 secs] [Times: user=0.02 sys=0.00, real=0.01 secs] 
54125.397: [GC 54125.397: [ParNew: 210927K->805K(235968K), 0.0066820 secs] 783353K->573375K(1546688K), 0.0069400 secs] [Times: user=0.02 sys=0.00, real=0.01 secs] 
54141.036: [GC 54141.036: [ParNew: 210584K->708K(235968K), 0.0072870 secs] 783154K->573322K(1546688K), 0.0075670 secs] [Times: user=0.02 sys=0.00, real=0.01 secs] 
54149.355: [GC 54149.355: [ParNew: 210442K->682K(235968K), 0.0072470 secs] 783055K->573326K(1546688K), 0.0074960 secs] [Times: user=0.02 sys=0.00, real=0.01 secs] 
54170.090: [GC 54170.091: [ParNew: 210469K->886K(235968K), 0.0047650 secs] 783113K->573578K(1546688K), 0.0050500 secs] [Times: user=0.03 sys=0.00, real=0.00 secs] 
54176.536: [GC 54176.536: [ParNew: 210678K->592K(235968K), 0.0051020 secs] 783370K->573338K(1546688K), 0.0053500 secs] [Times: user=0.03 sys=0.00, real=0.01 secs] 
54185.445: [GC 54185.445: [ParNew: 210384K->821K(235968K), 0.0054090 secs] 783130K->573621K(1546688K), 0.0056130 secs] [Times: user=0.02 sys=0.00, real=0.01 secs] 
54204.369: [GC 54204.369: [ParNew: 210613K->1194K(235968K), 0.0064500 secs] 783413K->574051K(1546688K), 0.0067000 secs] [Times: user=0.02 sys=0.00, real=0.01 secs] 
54209.385: [GC 54209.385: [ParNew: 210971K->1098K(235968K), 0.0061670 secs] 783828K->573999K(1546688K), 0.0064380 secs] [Times: user=0.02 sys=0.00, real=0.01 secs] 
54231.580: [GC 54231.580: [ParNew: 210890K->1269K(235968K), 0.0052520 secs] 783791K->574232K(1546688K), 0.0055370 secs] [Times: user=0.03 sys=0.00, real=0.00 secs] 
54236.882: [GC 54236.883: [ParNew: 211061K->875K(235968K), 0.0295850 secs] 784024K->573884K(1546688K), 0.0299370 secs] [Times: user=0.06 sys=0.00, real=0.03 secs] 
54251.484: [GC 54251.484: [ParNew: 210667K->871K(235968K), 0.0250340 secs] 783676K->573932K(1546688K), 0.0252750 secs] [Times: user=0.04 sys=0.00, real=0.03 secs] 
54264.406: [GC 54264.406: [ParNew: 210626K->1164K(235968K), 0.0060140 secs] 783687K->574276K(1546688K), 0.0063020 secs] [Times: user=0.02 sys=0.01, real=0.01 secs] 
54271.144: [GC 54271.144: [ParNew: 210956K->1124K(235968K), 0.0061760 secs] 784068K->574318K(1546688K), 0.0063720 secs] [Times: user=0.02 sys=0.00, real=0.00 secs] 
54293.280: [GC 54293.280: [ParNew: 210916K->585K(235968K), 0.0066730 secs] 784110K->573959K(1546688K), 0.0068890 secs] [Times: user=0.02 sys=0.01, real=0.00 secs] 
54298.607: [GC 54298.608: [ParNew: 210353K->985K(235968K), 0.0053000 secs] 783728K->574408K(1546688K), 0.0055040 secs] [Times: user=0.03 sys=0.01, real=0.00 secs] 
54320.576: [GC 54320.576: [ParNew: 210777K->1078K(235968K), 0.0054540 secs] 784200K->574545K(1546688K), 0.0056650 secs] [Times: user=0.02 sys=0.00, real=0.00 secs] 
54325.079: [GC 54325.079: [ParNew: 210782K->800K(235968K), 0.0058770 secs] 784249K->574335K(1546688K), 0.0060750 secs] [Times: user=0.02 sys=0.00, real=0.01 secs] 
54334.864: [GC 54334.864: [ParNew: 210592K->748K(235968K), 0.0060550 secs] 784127K->574319K(1546688K), 0.0063240 secs] [Times: user=0.02 sys=0.00, real=0.00 secs] 
54353.337: [GC 54353.338: [ParNew: 210514K->1065K(235968K), 0.0056980 secs] 784085K->574684K(1546688K), 0.0059090 secs] [Times: user=0.03 sys=0.00, real=0.01 secs] 
54358.655: [GC 54358.655: [ParNew: 210857K->889K(235968K), 0.0075140 secs] 784476K->574572K(1546688K), 0.0077130 secs] [Times: user=0.02 sys=0.00, real=0.01 secs] 
54380.613: [GC 54380.613: [ParNew: 210681K->1084K(235968K), 0.0047510 secs] 784364K->574810K(1546688K), 0.0049580 secs] [Times: user=0.02 sys=0.01, real=0.01 secs] 
54387.133: [GC 54387.134: [ParNew: 210876K->768K(235968K), 0.0125940 secs] 784602K->574538K(1546688K), 0.0129260 secs] [Times: user=0.04 sys=0.01, real=0.01 secs] 
54410.095: [GC 54410.095: [ParNew: 210560K->1058K(235968K), 0.0101050 secs] 784330K->574877K(1546688K), 0.0103150 secs] [Times: user=0.02 sys=0.00, real=0.01 secs] 
54414.847: [GC 54414.847: [ParNew: 210850K->1113K(235968K), 0.0047250 secs] 784669K->574978K(1546688K), 0.0049510 secs] [Times: user=0.02 sys=0.00, real=0.01 secs] 
54425.470: [GC 54425.470: [ParNew: 210873K->729K(235968K), 0.0046110 secs] 784739K->574632K(1546688K), 0.0048720 secs] [Times: user=0.02 sys=0.00, real=0.00 secs] 
54441.097: [GC 54441.097: [ParNew: 210521K->1001K(235968K), 0.0067900 secs] 784424K->574949K(1546688K), 0.0070520 secs] [Times: user=0.02 sys=0.01, real=0.00 secs] 
54449.401: [GC 54449.401: [ParNew: 210793K->578K(235968K), 0.0058740 secs] 784741K->574582K(1546688K), 0.0061370 secs] [Times: user=0.02 sys=0.00, real=0.01 secs] 
54471.614: [GC 54471.617: [ParNew: 210370K->658K(235968K), 0.0040720 secs] 784374K->574711K(1546688K), 0.0043370 secs] [Times: user=0.02 sys=0.00, real=0.01 secs] 
54476.957: [GC 54476.957: [ParNew: 210386K->585K(235968K), 0.0251190 secs] 784439K->574700K(1546688K), 0.0254570 secs] [Times: user=0.03 sys=0.00, real=0.03 secs] 
54491.538: [GC 54491.538: [ParNew: 210311K->766K(235968K), 0.0057600 secs] 784427K->574924K(1546688K), 0.0060180 secs] [Times: user=0.02 sys=0.00, real=0.00 secs] 
54504.428: [GC 54504.429: [ParNew: 210558K->887K(235968K), 0.0073290 secs] 784716K->575089K(1546688K), 0.0076050 secs] [Times: user=0.02 sys=0.00, real=0.01 secs] 
54511.154: [GC 54511.154: [ParNew: 210668K->1055K(235968K), 0.0074870 secs] 784870K->575293K(1546688K), 0.0077510 secs] [Times: user=0.02 sys=0.00, real=0.00 secs] 
54531.671: [GC 54531.671: [ParNew: 210804K->677K(235968K), 0.0053150 secs] 785042K->574969K(1546688K), 0.0055500 secs] [Times: user=0.02 sys=0.00, real=0.00 secs] 
54538.648: [GC 54538.648: [ParNew: 210469K->836K(235968K), 0.0067050 secs] 784761K->575178K(1546688K), 0.0069400 secs] [Times: user=0.03 sys=0.00, real=0.01 secs] 
54560.613: [GC 54560.613: [ParNew: 210628K->905K(235968K), 0.0072560 secs] 784970K->575373K(1546688K), 0.0074780 secs] [Times: user=0.02 sys=0.00, real=0.01 secs] 
54565.098: [GC 54565.099: [ParNew: 210668K->878K(235968K), 0.0048920 secs] 785136K->575390K(1546688K), 0.0051190 secs] [Times: user=0.02 sys=0.00, real=0.00 secs] 
54574.913: [GC 54574.913: [ParNew: 210603K->921K(235968K), 0.0078510 secs] 785115K->575471K(1546688K), 0.0081380 secs] [Times: user=0.03 sys=0.00, real=0.01 secs] 
54593.375: [GC 54593.375: [ParNew: 210713K->898K(235968K), 0.0053710 secs] 785263K->575489K(1546688K), 0.0056220 secs] [Times: user=0.02 sys=0.00, real=0.00 secs] 
54598.685: [GC 54598.685: [ParNew: 210676K->643K(235968K), 0.0045740 secs] 785267K->575280K(1546688K), 0.0048120 secs] [Times: user=0.02 sys=0.00, real=0.01 secs] 
54620.664: [GC 54620.664: [ParNew: 210435K->796K(235968K), 0.0096440 secs] 785072K->575476K(1546688K), 0.0098370 secs] [Times: user=0.02 sys=0.00, real=0.01 secs] 
54627.158: [GC 54627.158: [ParNew: 210588K->737K(235968K), 0.0038770 secs] 785268K->575472K(1546688K), 0.0041310 secs] [Times: user=0.02 sys=0.00, real=0.00 secs] 
54650.122: [GC 54650.122: [ParNew: 210529K->838K(235968K), 0.0069390 secs] 785264K->575622K(1546688K), 0.0071780 secs] [Times: user=0.03 sys=0.00, real=0.00 secs] 
54654.891: [GC 54654.891: [ParNew: 210586K->949K(235968K), 0.0059400 secs] 785370K->575768K(1546688K), 0.0062020 secs] [Times: user=0.03 sys=0.01, real=0.01 secs] 
54665.522: [GC 54665.522: [ParNew: 210741K->901K(235968K), 0.0049870 secs] 785560K->575772K(1546688K), 0.0051740 secs] [Times: user=0.03 sys=0.01, real=0.00 secs] 
54681.144: [GC 54681.145: [ParNew: 210581K->1039K(235968K), 0.0045660 secs] 785452K->575954K(1546688K), 0.0048340 secs] [Times: user=0.02 sys=0.00, real=0.01 secs] 
54689.436: [GC 54689.436: [ParNew: 210831K->758K(235968K), 0.0054630 secs] 785746K->575784K(1546688K), 0.0056830 secs] [Times: user=0.03 sys=0.00, real=0.00 secs] 
54711.654: [GC 54711.654: [ParNew: 210521K->1036K(235968K), 0.0065940 secs] 785548K->576122K(1546688K), 0.0068670 secs] [Times: user=0.02 sys=0.00, real=0.00 secs] 
54716.990: [GC 54716.990: [ParNew: 210828K->697K(235968K), 0.0201540 secs] 785914K->575831K(1546688K), 0.0205170 secs] [Times: user=0.03 sys=0.00, real=0.02 secs] 
54731.574: [GC 54731.575: [ParNew: 210489K->1153K(235968K), 0.0070580 secs] 785623K->576336K(1546688K), 0.0073430 secs] [Times: user=0.02 sys=0.00, real=0.01 secs] 
54744.465: [GC 54744.465: [ParNew: 210945K->859K(235968K), 0.0065800 secs] 786128K->576085K(1546688K), 0.0068210 secs] [Times: user=0.03 sys=0.00, real=0.01 secs] 
54751.186: [GC 54751.186: [ParNew: 210651K->595K(235968K), 0.0071510 secs] 785877K->575883K(1546688K), 0.0073890 secs] [Times: user=0.03 sys=0.00, real=0.01 secs] 
54771.710: [GC 54771.710: [ParNew: 210385K->624K(235968K), 0.0068450 secs] 785673K->575960K(1546688K), 0.0070840 secs] [Times: user=0.02 sys=0.00, real=0.01 secs] 
54778.692: [GC 54778.692: [ParNew: 210406K->714K(235968K), 0.0090500 secs] 785741K->576131K(1546688K), 0.0093170 secs] [Times: user=0.02 sys=0.00, real=0.01 secs] 
54800.667: [GC 54800.667: [ParNew: 210506K->1149K(235968K), 0.0078670 secs] 785923K->576609K(1546688K), 0.0080490 secs] [Times: user=0.02 sys=0.00, real=0.01 secs] 
54805.139: [GC 54805.139: [ParNew: 210941K->605K(235968K), 0.0111530 secs] 786401K->576109K(1546688K), 0.0113230 secs] [Times: user=0.02 sys=0.00, real=0.01 secs] 
54814.966: [GC 54814.966: [ParNew: 210397K->528K(235968K), 0.0057330 secs] 785901K->576063K(1546688K), 0.0059950 secs] [Times: user=0.02 sys=0.00, real=0.01 secs] 
54833.431: [GC 54833.431: [ParNew: 210307K->589K(235968K), 0.0061700 secs] 785841K->576171K(1546688K), 0.0064500 secs] [Times: user=0.02 sys=0.00, real=0.01 secs] 
54838.931: [GC 54838.932: [ParNew: 210381K->637K(235968K), 0.0050740 secs] 785963K->576268K(1546688K), 0.0053040 secs] [Times: user=0.03 sys=0.00, real=0.01 secs] 
54861.149: [GC 54861.149: [ParNew: 210321K->892K(235968K), 0.0058990 secs] 785952K->576566K(1546688K), 0.0061780 secs] [Times: user=0.03 sys=0.00, real=0.00 secs] 
54867.216: [GC 54867.216: [ParNew: 210674K->812K(235968K), 0.0052210 secs] 786348K->576531K(1546688K), 0.0054860 secs] [Times: user=0.02 sys=0.00, real=0.01 secs] 
54890.166: [GC 54890.166: [ParNew: 210572K->920K(235968K), 0.0057960 secs] 786290K->576681K(1546688K), 0.0060530 secs] [Times: user=0.02 sys=0.00, real=0.00 secs] 
54894.947: [GC 54894.947: [ParNew: 210665K->921K(235968K), 0.0057650 secs] 786426K->576719K(1546688K), 0.0059340 secs] [Times: user=0.03 sys=0.00, real=0.00 secs] 
54905.581: [GC 54905.581: [ParNew: 210676K->899K(235968K), 0.0095320 secs] 786473K->576739K(1546688K), 0.0097080 secs] [Times: user=0.03 sys=0.00, real=0.01 secs] 
54921.195: [GC 54921.195: [ParNew: 210691K->965K(235968K), 0.0263010 secs] 786531K->576848K(1546688K), 0.0265360 secs] [Times: user=0.09 sys=0.00, real=0.03 secs] 
54929.474: [GC 54929.474: [ParNew: 210757K->947K(235968K), 0.0052750 secs] 786640K->576950K(1546688K), 0.0055390 secs] [Times: user=0.02 sys=0.00, real=0.01 secs] 
54951.714: [GC 54951.714: [ParNew: 210739K->1273K(235968K), 0.0039140 secs] 786742K->577318K(1546688K), 0.0041800 secs] [Times: user=0.02 sys=0.00, real=0.01 secs] 
54957.064: [GC 54957.064: [ParNew: 211040K->508K(235968K), 0.0406360 secs] 787085K->576593K(1546688K), 0.0411360 secs] [Times: user=0.03 sys=0.00, real=0.04 secs] 
54971.633: [GC 54971.633: [ParNew: 210300K->652K(235968K), 0.0086520 secs] 786385K->576780K(1546688K), 0.0088720 secs] [Times: user=0.02 sys=0.00, real=0.01 secs] 
54985.041: [GC 54985.041: [ParNew: 210444K->356K(235968K), 0.0086230 secs] 786572K->576528K(1546688K), 0.0089050 secs] [Times: user=0.03 sys=0.00, real=0.01 secs] 
54991.231: [GC 54991.231: [ParNew: 210145K->792K(235968K), 0.0062760 secs] 786316K->577018K(1546688K), 0.0064890 secs] [Times: user=0.02 sys=0.00, real=0.00 secs] 
55013.441: [GC 55013.441: [ParNew: 210508K->1044K(235968K), 0.0050630 secs] 786734K->577319K(1546688K), 0.0053270 secs] [Times: user=0.03 sys=0.00, real=0.01 secs] 
55018.743: [GC 55018.744: [ParNew: 210783K->664K(235968K), 0.0071920 secs] 787057K->577007K(1546688K), 0.0077050 secs] [Times: user=0.02 sys=0.00, real=0.01 secs] 
55040.718: [GC 55040.718: [ParNew: 210456K->841K(235968K), 0.0047230 secs] 786799K->577221K(1546688K), 0.0049260 secs] [Times: user=0.02 sys=0.00, real=0.01 secs] 
55047.225: [GC 55047.225: [ParNew: 210621K->686K(235968K), 0.0053530 secs] 787001K->577107K(1546688K), 0.0056250 secs] [Times: user=0.02 sys=0.00, real=0.01 secs] 
55055.008: [GC 55055.008: [ParNew: 210475K->882K(235968K), 0.0046320 secs] 786896K->577352K(1546688K), 0.0048820 secs] [Times: user=0.02 sys=0.00, real=0.01 secs] 
55073.465: [GC 55073.465: [ParNew: 210674K->796K(235968K), 0.0048650 secs] 787144K->577320K(1546688K), 0.0050640 secs] [Times: user=0.03 sys=0.00, real=0.01 secs] 
55078.765: [GC 55078.765: [ParNew: 210588K->997K(235968K), 0.0049290 secs] 787112K->577581K(1546688K), 0.0051240 secs] [Times: user=0.02 sys=0.00, real=0.00 secs] 
55100.726: [GC 55100.727: [ParNew: 210789K->1037K(235968K), 0.0058260 secs] 787373K->577675K(1546688K), 0.0061080 secs] [Times: user=0.03 sys=0.00, real=0.01 secs] 
55105.185: [GC 55105.186: [ParNew: 210828K->1101K(235968K), 0.0048270 secs] 787467K->577800K(1546688K), 0.0050220 secs] [Times: user=0.03 sys=0.00, real=0.01 secs] 
55115.032: [GC 55115.032: [ParNew: 210893K->893K(235968K), 0.0054350 secs] 787592K->577641K(1546688K), 0.0056400 secs] [Times: user=0.03 sys=0.00, real=0.00 secs] 
55133.486: [GC 55133.486: [ParNew: 210685K->798K(235968K), 0.0077520 secs] 787433K->577600K(1546688K), 0.0079550 secs] [Times: user=0.02 sys=0.00, real=0.00 secs] 
55138.788: [GC 55138.789: [ParNew: 210590K->858K(235968K), 0.0049050 secs] 787392K->577717K(1546688K), 0.0050980 secs] [Times: user=0.02 sys=0.00, real=0.00 secs] 
55160.771: [GC 55160.771: [ParNew: 210632K->784K(235968K), 0.0051350 secs] 787491K->577685K(1546688K), 0.0053440 secs] [Times: user=0.02 sys=0.00, real=0.01 secs] 
55167.282: [GC 55167.282: [ParNew: 210560K->795K(235968K), 0.0068470 secs] 787461K->577740K(1546688K), 0.0070340 secs] [Times: user=0.02 sys=0.00, real=0.00 secs] 
55190.200: [GC 55190.200: [ParNew: 210524K->741K(235968K), 0.0057660 secs] 787470K->577723K(1546688K), 0.0060540 secs] [Times: user=0.03 sys=0.00, real=0.00 secs] 
55194.995: [GC 55194.995: [ParNew: 210504K->899K(235968K), 0.0077390 secs] 787486K->577929K(1546688K), 0.0079880 secs] [Times: user=0.03 sys=0.00, real=0.01 secs] 
55205.643: [GC 55205.643: [ParNew: 210691K->925K(235968K), 0.0040730 secs] 787721K->577991K(1546688K), 0.0043590 secs] [Times: user=0.03 sys=0.00, real=0.01 secs] 
55221.244: [GC 55221.245: [ParNew: 210717K->740K(235968K), 0.0048380 secs] 787783K->577948K(1546688K), 0.0050960 secs] [Times: user=0.03 sys=0.00, real=0.00 secs] 
55229.518: [GC 55229.519: [ParNew: 210521K->797K(235968K), 0.0063340 secs] 787730K->578051K(1546688K), 0.0065560 secs] [Times: user=0.02 sys=0.00, real=0.01 secs] 
55251.769: [GC 55251.769: [ParNew: 210589K->1067K(235968K), 0.0104770 secs] 787843K->578363K(1546688K), 0.0106810 secs] [Times: user=0.03 sys=0.00, real=0.01 secs] 
55257.218: [GC 55257.218: [ParNew: 210859K->1199K(235968K), 0.0064270 secs] 788155K->578542K(1546688K), 0.0069440 secs] [Times: user=0.03 sys=0.00, real=0.00 secs] 
55271.665: [GC 55271.665: [ParNew: 210991K->1229K(235968K), 0.0088650 secs] 788334K->578626K(1546688K), 0.0091510 secs] [Times: user=0.02 sys=0.00, real=0.00 secs] 
55284.516: [GC 55284.517: [ParNew: 211020K->1512K(235968K), 0.0108800 secs] 788418K->578965K(1546688K), 0.0111430 secs] [Times: user=0.02 sys=0.00, real=0.01 secs] 
55289.537: [GC 55289.537: [ParNew: 211304K->1388K(235968K), 0.0050590 secs] 788757K->578909K(1546688K), 0.0053180 secs] [Times: user=0.02 sys=0.00, real=0.01 secs] 
55311.790: [GC 55311.790: [ParNew: 211093K->1170K(235968K), 0.0107200 secs] 788614K->578831K(1546688K), 0.0109270 secs] [Times: user=0.02 sys=0.00, real=0.01 secs] 
55317.250: [GC 55317.250: [ParNew: 210962K->1100K(235968K), 0.0048820 secs] 788623K->578922K(1546688K), 0.0050820 secs] [Times: user=0.03 sys=0.00, real=0.00 secs] 
55331.702: [GC 55331.702: [ParNew: 210883K->605K(235968K), 0.0072750 secs] 788705K->578479K(1546688K), 0.0076180 secs] [Times: user=0.03 sys=0.00, real=0.01 secs] 
55345.180: [GC 55345.180: [ParNew: 210397K->834K(235968K), 0.0072390 secs] 788271K->578757K(1546688K), 0.0074460 secs] [Times: user=0.02 sys=0.00, real=0.01 secs] 
55351.277: [GC 55351.277: [ParNew: 210626K->897K(235968K), 0.0041680 secs] 788549K->578871K(1546688K), 0.0044170 secs] [Times: user=0.02 sys=0.00, real=0.00 secs] 
55373.508: [GC 55373.508: [ParNew: 210689K->1436K(235968K), 0.0065600 secs] 788663K->579459K(1546688K), 0.0067480 secs] [Times: user=0.02 sys=0.00, real=0.01 secs] 
55378.802: [GC 55378.802: [ParNew: 211228K->960K(235968K), 0.0048280 secs] 789251K->579025K(1546688K), 0.0050240 secs] [Times: user=0.02 sys=0.00, real=0.00 secs] 
55400.782: [GC 55400.782: [ParNew: 210749K->838K(235968K), 0.0054950 secs] 788815K->578950K(1546688K), 0.0057000 secs] [Times: user=0.03 sys=0.00, real=0.01 secs] 
55407.287: [GC 55407.287: [ParNew: 210630K->670K(235968K), 0.0036540 secs] 788742K->578829K(1546688K), 0.0038840 secs] [Times: user=0.03 sys=0.00, real=0.00 secs] 
55415.101: [GC 55415.101: [ParNew: 210462K->1053K(235968K), 0.0052130 secs] 788621K->579253K(1546688K), 0.0054600 secs] [Times: user=0.02 sys=0.00, real=0.01 secs] 
55433.546: [GC 55433.546: [ParNew: 210845K->981K(235968K), 0.0049550 secs] 789045K->579238K(1546688K), 0.0052170 secs] [Times: user=0.03 sys=0.00, real=0.01 secs] 
55442.034: [GC 55442.034: [ParNew: 210773K->561K(235968K), 0.0051680 secs] 789030K->578982K(1546688K), 0.0054190 secs] [Times: user=0.02 sys=0.00, real=0.01 secs] 
55461.263: [GC 55461.263: [ParNew: 210353K->883K(235968K), 0.0050140 secs] 788774K->579347K(1546688K), 0.0052650 secs] [Times: user=0.03 sys=0.00, real=0.01 secs] 
55467.341: [GC 55467.341: [ParNew: 210675K->578K(235968K), 0.0101830 secs] 789139K->579086K(1546688K), 0.0104330 secs] [Times: user=0.03 sys=0.00, real=0.01 secs] 
55490.256: [GC 55490.256: [ParNew: 210322K->867K(235968K), 0.0070990 secs] 788830K->579418K(1546688K), 0.0073030 secs] [Times: user=0.02 sys=0.00, real=0.01 secs] 
55495.057: [GC 55495.057: [ParNew: 210633K->860K(235968K), 0.0062400 secs] 789184K->579447K(1546688K), 0.0064700 secs] [Times: user=0.02 sys=0.00, real=0.01 secs] 
55505.718: [GC 55505.718: [ParNew: 210639K->698K(235968K), 0.0062990 secs] 789227K->579329K(1546688K), 0.0067420 secs] [Times: user=0.02 sys=0.00, real=0.00 secs] 
55521.323: [GC 55521.323: [ParNew: 210383K->539K(235968K), 0.0056300 secs] 789014K->579214K(1546688K), 0.0059200 secs] [Times: user=0.03 sys=0.01, real=0.01 secs] 
55529.564: [GC 55529.564: [ParNew: 210297K->833K(235968K), 0.0046470 secs] 788972K->579552K(1546688K), 0.0048570 secs] [Times: user=0.03 sys=0.00, real=0.00 secs] 
55551.826: [GC 55551.826: [ParNew: 210537K->837K(235968K), 0.0083340 secs] 789256K->579592K(1546688K), 0.0086710 secs] [Times: user=0.02 sys=0.00, real=0.01 secs] 
55557.301: [GC 55557.302: [ParNew: 210629K->779K(235968K), 0.0094660 secs] 789384K->579577K(1546688K), 0.0097150 secs] [Times: user=0.04 sys=0.00, real=0.01 secs] 
55571.753: [GC 55571.753: [ParNew: 210568K->630K(235968K), 0.0050320 secs] 789366K->579464K(1546688K), 0.0052830 secs] [Times: user=0.02 sys=0.00, real=0.01 secs] 
55585.213: [GC 55585.213: [ParNew: 210397K->1032K(235968K), 0.0057280 secs] 789231K->579910K(1546688K), 0.0060230 secs] [Times: user=0.03 sys=0.00, real=0.01 secs] 
55591.319: [GC 55591.319: [ParNew: 210797K->834K(235968K), 0.0049770 secs] 789676K->579761K(1546688K), 0.0052590 secs] [Times: user=0.02 sys=0.00, real=0.01 secs] 
55613.558: [GC 55613.558: [ParNew: 210626K->958K(235968K), 0.0082540 secs] 789553K->579927K(1546688K), 0.0084280 secs] [Times: user=0.02 sys=0.00, real=0.01 secs] 
55618.849: [GC 55618.850: [ParNew: 210724K->719K(235968K), 0.0074220 secs] 789694K->579725K(1546688K), 0.0075910 secs] [Times: user=0.02 sys=0.00, real=0.01 secs] 
55640.823: [GC 55640.823: [ParNew: 210511K->973K(235968K), 0.0078630 secs] 789517K->580035K(1546688K), 0.0081060 secs] [Times: user=0.02 sys=0.00, real=0.01 secs] 
55645.247: [GC 55645.247: [ParNew: 210712K->1212K(235968K), 0.0050180 secs] 789774K->580318K(1546688K), 0.0053200 secs] [Times: user=0.02 sys=0.00, real=0.00 secs] 
55655.142: [GC 55655.142: [ParNew: 211004K->958K(235968K), 0.0059900 secs] 790110K->580117K(1546688K), 0.0062700 secs] [Times: user=0.02 sys=0.00, real=0.01 secs] 
55673.582: [GC 55673.582: [ParNew: 210750K->831K(235968K), 0.0084310 secs] 789909K->580050K(1546688K), 0.0086830 secs] [Times: user=0.02 sys=0.00, real=0.00 secs] 
55678.868: [GC 55678.868: [ParNew: 210563K->1012K(235968K), 0.0058140 secs] 789782K->580281K(1546688K), 0.0060890 secs] [Times: user=0.02 sys=0.00, real=0.01 secs] 
55700.858: [GC 55700.858: [ParNew: 210804K->1121K(235968K), 0.0057010 secs] 790073K->580434K(1546688K), 0.0059120 secs] [Times: user=0.02 sys=0.00, real=0.00 secs] 
55707.374: [GC 55707.374: [ParNew: 210913K->949K(235968K), 0.0071420 secs] 790226K->580314K(1546688K), 0.0074320 secs] [Times: user=0.03 sys=0.00, real=0.01 secs] 
55720.335: [GC 55720.335: [ParNew: 210741K->541K(235968K), 0.0048740 secs] 790106K->579954K(1546688K), 0.0051640 secs] [Times: user=0.02 sys=0.00, real=0.00 secs] 
55735.083: [GC 55735.084: [ParNew: 210333K->749K(235968K), 0.0047200 secs] 789746K->580205K(1546688K), 0.0049530 secs] [Times: user=0.03 sys=0.00, real=0.00 secs] 
55745.753: [GC 55745.753: [ParNew: 210541K->743K(235968K), 0.0048360 secs] 789997K->580235K(1546688K), 0.0051050 secs] [Times: user=0.02 sys=0.01, real=0.00 secs] 
55761.341: [GC 55761.341: [ParNew: 210535K->791K(235968K), 0.0069680 secs] 790027K->580328K(1546688K), 0.0072450 secs] [Times: user=0.03 sys=0.00, real=0.01 secs] 
55769.577: [GC 55769.577: [ParNew: 210583K->798K(235968K), 0.0049260 secs] 790120K->580366K(1546688K), 0.0051930 secs] [Times: user=0.03 sys=0.00, real=0.00 secs] 
55791.858: [GC 55791.858: [ParNew: 210590K->558K(235968K), 0.0065730 secs] 790158K->580175K(1546688K), 0.0068520 secs] [Times: user=0.02 sys=0.00, real=0.01 secs] 
55797.326: [GC 55797.326: [ParNew: 210350K->1026K(235968K), 0.0219090 secs] 789967K->580686K(1546688K), 0.0221750 secs] [Times: user=0.03 sys=0.00, real=0.02 secs] 
55811.775: [GC 55811.775: [ParNew: 210818K->489K(235968K), 0.0071100 secs] 790478K->580214K(1546688K), 0.0073950 secs] [Times: user=0.02 sys=0.00, real=0.01 secs] 
55824.612: [GC 55824.612: [ParNew: 210221K->754K(235968K), 0.0052970 secs] 789945K->580523K(1546688K), 0.0055650 secs] [Times: user=0.03 sys=0.01, real=0.01 secs] 
55831.330: [GC 55831.330: [ParNew: 210510K->1062K(235968K), 0.0080780 secs] 790279K->580868K(1546688K), 0.0082520 secs] [Times: user=0.03 sys=0.00, real=0.01 secs] 
55851.912: [GC 55851.912: [ParNew: 210807K->872K(235968K), 0.0096580 secs] 790612K->580731K(1546688K), 0.0098560 secs] [Times: user=0.03 sys=0.00, real=0.01 secs] 
55858.871: [GC 55858.872: [ParNew: 210651K->1020K(235968K), 0.0049280 secs] 790510K->580937K(1546688K), 0.0052140 secs] [Times: user=0.03 sys=0.00, real=0.01 secs] 
55880.861: [GC 55880.861: [ParNew: 210809K->894K(235968K), 0.0052730 secs] 790727K->580866K(1546688K), 0.0055180 secs] [Times: user=0.02 sys=0.00, real=0.00 secs] 
55885.304: [GC 55885.304: [ParNew: 210674K->911K(235968K), 0.0049260 secs] 790646K->580950K(1546688K), 0.0051760 secs] [Times: user=0.02 sys=0.00, real=0.01 secs] 
55895.363: [GC 55895.364: [ParNew: 210703K->1086K(235968K), 0.0053510 secs] 790742K->581166K(1546688K), 0.0056170 secs] [Times: user=0.03 sys=0.00, real=0.01 secs] 
55913.635: [GC 55913.635: [ParNew: 210878K->594K(235968K), 0.0061710 secs] 790958K->580715K(1546688K), 0.0063580 secs] [Times: user=0.02 sys=0.00, real=0.00 secs] 
55918.923: [GC 55918.923: [ParNew: 210379K->476K(235968K), 0.0063330 secs] 790500K->580749K(1546688K), 0.0065920 secs] [Times: user=0.02 sys=0.00, real=0.00 secs] 
55941.349: [GC 55941.349: [ParNew: 210268K->439K(235968K), 0.0060120 secs] 790541K->580755K(1546688K), 0.0062910 secs] [Times: user=0.03 sys=0.00, real=0.01 secs] 
55947.435: [GC 55947.435: [ParNew: 210217K->745K(235968K), 0.0070490 secs] 790534K->581105K(1546688K), 0.0073260 secs] [Times: user=0.02 sys=0.00, real=0.01 secs] 
55970.309: [GC 55970.310: [ParNew: 210537K->607K(235968K), 0.0055200 secs] 790897K->581003K(1546688K), 0.0057290 secs] [Times: user=0.02 sys=0.00, real=0.01 secs] 
55975.140: [GC 55975.140: [ParNew: 210368K->1162K(235968K), 0.0051240 secs] 790764K->581595K(1546688K), 0.0053480 secs] [Times: user=0.02 sys=0.00, real=0.01 secs] 
55985.809: [GC 55985.809: [ParNew: 210954K->692K(235968K), 0.0045210 secs] 791387K->581166K(1546688K), 0.0047910 secs] [Times: user=0.03 sys=0.00, real=0.01 secs] 
56001.394: [GC 56001.394: [ParNew: 210484K->1092K(235968K), 0.0045930 secs] 790958K->581610K(1546688K), 0.0048610 secs] [Times: user=0.03 sys=0.00, real=0.00 secs] 
56009.616: [GC 56009.616: [ParNew: 210829K->1079K(235968K), 0.0051410 secs] 791347K->581643K(1546688K), 0.0053960 secs] [Times: user=0.03 sys=0.00, real=0.01 secs] 
56032.026: [GC 56032.026: [ParNew: 210871K->1043K(235968K), 0.0080580 secs] 791435K->581656K(1546688K), 0.0083020 secs] [Times: user=0.02 sys=0.00, real=0.00 secs] 
56037.395: [GC 56037.395: [ParNew: 210739K->1134K(235968K), 0.0138050 secs] 791352K->581842K(1546688K), 0.0141100 secs] [Times: user=0.04 sys=0.00, real=0.01 secs] 
56051.833: [GC 56051.833: [ParNew: 210926K->903K(235968K), 0.0077980 secs] 791634K->581766K(1546688K), 0.0080890 secs] [Times: user=0.02 sys=0.01, real=0.00 secs] 
56064.644: [GC 56064.644: [ParNew: 210695K->730K(235968K), 0.0059470 secs] 791558K->581637K(1546688K), 0.0061970 secs] [Times: user=0.02 sys=0.00, real=0.01 secs] 
56071.362: [GC 56071.362: [ParNew: 210505K->915K(235968K), 0.0063030 secs] 791412K->581866K(1546688K), 0.0065830 secs] [Times: user=0.02 sys=0.00, real=0.01 secs] 
56092.369: [GC 56092.369: [ParNew: 210707K->440K(235968K), 0.0070440 secs] 791658K->581445K(1546688K), 0.0072600 secs] [Times: user=0.02 sys=0.00, real=0.01 secs] 
56098.918: [GC 56098.918: [ParNew: 210232K->1241K(235968K), 0.0067300 secs] 791237K->582305K(1546688K), 0.0069740 secs] [Times: user=0.02 sys=0.00, real=0.01 secs] 
56120.908: [GC 56120.908: [ParNew: 211033K->916K(235968K), 0.0053750 secs] 792097K->582023K(1546688K), 0.0056520 secs] [Times: user=0.02 sys=0.00, real=0.01 secs] 
56125.338: [GC 56125.338: [ParNew: 210702K->920K(235968K), 0.0043650 secs] 791809K->582071K(1546688K), 0.0046120 secs] [Times: user=0.02 sys=0.00, real=0.01 secs] 
56135.536: [GC 56135.536: [ParNew: 210600K->926K(235968K), 0.0052250 secs] 791750K->582109K(1546688K), 0.0054350 secs] [Times: user=0.02 sys=0.00, real=0.01 secs] 
56153.681: [GC 56153.681: [ParNew: 210677K->794K(235968K), 0.0040790 secs] 791860K->582180K(1546688K), 0.0043290 secs] [Times: user=0.03 sys=0.00, real=0.00 secs] 
56158.970: [GC 56158.971: [ParNew: 210482K->750K(235968K), 0.0045470 secs] 791868K->582182K(1546688K), 0.0047610 secs] [Times: user=0.02 sys=0.00, real=0.01 secs] 
56181.393: [GC 56181.393: [ParNew: 210542K->759K(235968K), 0.0039360 secs] 791974K->582235K(1546688K), 0.0042080 secs] [Times: user=0.02 sys=0.00, real=0.00 secs] 
56187.483: [GC 56187.483: [ParNew: 210492K->960K(235968K), 0.0080690 secs] 791968K->582480K(1546688K), 0.0082480 secs] [Times: user=0.02 sys=0.00, real=0.01 secs] 
56210.346: [GC 56210.346: [ParNew: 210752K->794K(235968K), 0.0043580 secs] 792272K->582406K(1546688K), 0.0045490 secs] [Times: user=0.02 sys=0.00, real=0.01 secs] 
56215.186: [GC 56215.186: [ParNew: 210585K->633K(235968K), 0.0037330 secs] 792198K->582282K(1546688K), 0.0039850 secs] [Times: user=0.02 sys=0.00, real=0.01 secs] 
56225.867: [GC 56225.867: [ParNew: 210425K->789K(235968K), 0.0062510 secs] 792074K->582479K(1546688K), 0.0064710 secs] [Times: user=0.03 sys=0.00, real=0.00 secs] 
56241.449: [GC 56241.449: [ParNew: 210581K->855K(235968K), 0.0039960 secs] 792271K->582600K(1546688K), 0.0042440 secs] [Times: user=0.03 sys=0.00, real=0.01 secs] 
56249.658: [GC 56249.658: [ParNew: 210609K->782K(235968K), 0.0036990 secs] 792354K->582571K(1546688K), 0.0039410 secs] [Times: user=0.03 sys=0.00, real=0.01 secs] 
56272.078: [GC 56272.079: [ParNew: 210509K->643K(235968K), 0.0053510 secs] 792297K->582467K(1546688K), 0.0056360 secs] [Times: user=0.02 sys=0.00, real=0.00 secs] 
56277.462: [GC 56277.462: [ParNew: 210423K->566K(235968K), 0.0085830 secs] 792247K->582427K(1546688K), 0.0088950 secs] [Times: user=0.04 sys=0.00, real=0.01 secs] 
56291.905: [GC 56291.905: [ParNew: 210358K->760K(235968K), 0.0174380 secs] 792219K->582657K(1546688K), 0.0178160 secs] [Times: user=0.04 sys=0.00, real=0.01 secs] 
56305.331: [GC 56305.331: [ParNew: 210552K->805K(235968K), 0.0072920 secs] 792449K->582745K(1546688K), 0.0075010 secs] [Times: user=0.02 sys=0.00, real=0.01 secs] 
56311.409: [GC 56311.410: [ParNew: 210571K->948K(235968K), 0.0065350 secs] 792511K->582960K(1546688K), 0.0067240 secs] [Times: user=0.02 sys=0.00, real=0.01 secs] 
56333.690: [GC 56333.691: [ParNew: 210740K->1138K(235968K), 0.0078940 secs] 792752K->583199K(1546688K), 0.0081060 secs] [Times: user=0.02 sys=0.01, real=0.01 secs] 
56338.974: [GC 56338.974: [ParNew: 210865K->875K(235968K), 0.0040590 secs] 792926K->583102K(1546688K), 0.0042950 secs] [Times: user=0.02 sys=0.00, real=0.01 secs] 
56361.029: [GC 56361.029: [ParNew: 210605K->1040K(235968K), 0.0042980 secs] 792832K->583305K(1546688K), 0.0045650 secs] [Times: user=0.03 sys=0.00, real=0.01 secs] 
56367.483: [GC 56367.483: [ParNew: 210820K->933K(235968K), 0.0083540 secs] 793086K->583240K(1546688K), 0.0086280 secs] [Times: user=0.04 sys=0.00, real=0.00 secs] 
56375.607: [GC 56375.608: [ParNew: 210698K->999K(235968K), 0.0049950 secs] 793005K->583355K(1546688K), 0.0052500 secs] [Times: user=0.02 sys=0.00, real=0.01 secs] 
56395.194: [GC 56395.195: [ParNew: 210791K->629K(235968K), 0.0065290 secs] 793147K->583036K(1546688K), 0.0067970 secs] [Times: user=0.03 sys=0.00, real=0.01 secs] 
56405.879: [GC 56405.879: [ParNew: 210421K->1131K(235968K), 0.0044330 secs] 792828K->583599K(1546688K), 0.0046900 secs] [Times: user=0.03 sys=0.00, real=0.00 secs] 
56421.451: [GC 56421.451: [ParNew: 210923K->1447K(235968K), 0.0066530 secs] 793391K->583957K(1546688K), 0.0068330 secs] [Times: user=0.02 sys=0.00, real=0.01 secs] 
56427.549: [GC 56427.550: [ParNew: 211239K->1029K(235968K), 0.0120350 secs] 793749K->583583K(1546688K), 0.0122900 secs] [Times: user=0.03 sys=0.00, real=0.01 secs] 
56450.391: [GC 56450.391: [ParNew: 210821K->1027K(235968K), 0.0061520 secs] 793375K->583623K(1546688K), 0.0064170 secs] [Times: user=0.02 sys=0.00, real=0.00 secs] 
56455.247: [GC 56455.247: [ParNew: 210819K->553K(235968K), 0.0054790 secs] 793415K->583332K(1546688K), 0.0056590 secs] [Times: user=0.02 sys=0.00, real=0.01 secs] 
56471.902: [GC 56471.903: [ParNew: 210345K->787K(235968K), 0.0066350 secs] 793124K->583615K(1546688K), 0.0069010 secs] [Times: user=0.03 sys=0.00, real=0.01 secs] 
56484.685: [GC 56484.685: [ParNew: 210579K->869K(235968K), 0.0050860 secs] 793407K->583728K(1546688K), 0.0053120 secs] [Times: user=0.02 sys=0.00, real=0.00 secs] 
56491.406: [GC 56491.406: [ParNew: 210661K->965K(235968K), 0.0062470 secs] 793520K->583868K(1546688K), 0.0064140 secs] [Times: user=0.03 sys=0.01, real=0.00 secs] 
56512.132: [GC 56512.132: [ParNew: 210757K->734K(235968K), 0.0054550 secs] 793660K->583673K(1546688K), 0.0056990 secs] [Times: user=0.02 sys=0.00, real=0.00 secs] 
56517.528: [GC 56517.528: [ParNew: 210526K->934K(235968K), 0.0063740 secs] 793465K->584007K(1546688K), 0.0066280 secs] [Times: user=0.03 sys=0.00, real=0.01 secs] 
56531.957: [GC 56531.957: [ParNew: 210726K->729K(235968K), 0.0059580 secs] 793799K->583852K(1546688K), 0.0062210 secs] [Times: user=0.02 sys=0.00, real=0.00 secs] 
56545.380: [GC 56545.380: [ParNew: 210484K->799K(235968K), 0.0062740 secs] 793607K->583965K(1546688K), 0.0065560 secs] [Times: user=0.02 sys=0.01, real=0.01 secs] 
56555.615: [GC 56555.615: [ParNew: 210591K->608K(235968K), 0.0048780 secs] 793757K->583818K(1546688K), 0.0051580 secs] [Times: user=0.02 sys=0.00, real=0.00 secs] 
56573.750: [GC 56573.750: [ParNew: 210400K->1060K(235968K), 0.0046490 secs] 793610K->584306K(1546688K), 0.0049080 secs] [Times: user=0.02 sys=0.00, real=0.00 secs] 
56579.033: [GC 56579.034: [ParNew: 210852K->848K(235968K), 0.0115340 secs] 794098K->584142K(1546688K), 0.0117390 secs] [Times: user=0.04 sys=0.00, real=0.01 secs] 
56601.072: [GC 56601.073: [ParNew: 210592K->968K(235968K), 0.0064310 secs] 793885K->584316K(1546688K), 0.0067080 secs] [Times: user=0.02 sys=0.00, real=0.01 secs] 
56607.536: [GC 56607.536: [ParNew: 210740K->793K(235968K), 0.0115280 secs] 794088K->584191K(1546688K), 0.0117850 secs] [Times: user=0.03 sys=0.00, real=0.01 secs] 
56615.649: [GC 56615.649: [ParNew: 210585K->912K(235968K), 0.0065020 secs] 793983K->584359K(1546688K), 0.0067540 secs] [Times: user=0.02 sys=0.00, real=0.01 secs] 
56635.237: [GC 56635.237: [ParNew: 210701K->586K(235968K), 0.0295240 secs] 794148K->584087K(1546688K), 0.0297820 secs] [Times: user=0.07 sys=0.00, real=0.03 secs] 
56645.928: [GC 56645.928: [ParNew: 210231K->824K(235968K), 0.0060040 secs] 793732K->584378K(1546688K), 0.0062810 secs] [Times: user=0.02 sys=0.00, real=0.01 secs] 
56661.490: [GC 56661.491: [ParNew: 210616K->1445K(235968K), 0.0056860 secs] 794170K->585043K(1546688K), 0.0059360 secs] [Times: user=0.02 sys=0.00, real=0.01 secs] 
56667.589: [GC 56667.589: [ParNew: 211237K->930K(235968K), 0.0056380 secs] 794835K->584649K(1546688K), 0.0059130 secs] [Times: user=0.02 sys=0.00, real=0.00 secs] 
56690.420: [GC 56690.420: [ParNew: 210722K->905K(235968K), 0.0071800 secs] 794441K->584676K(1546688K), 0.0074200 secs] [Times: user=0.02 sys=0.00, real=0.01 secs] 
56695.311: [GC 56695.311: [ParNew: 210689K->734K(235968K), 0.0066260 secs] 794460K->584547K(1546688K), 0.0069450 secs] [Times: user=0.02 sys=0.00, real=0.01 secs] 
56710.485: [GC 56710.486: [ParNew: 210526K->592K(235968K), 0.0049990 secs] 794339K->584451K(1546688K), 0.0052340 secs] [Times: user=0.03 sys=0.00, real=0.01 secs] 
56724.712: [GC 56724.713: [ParNew: 210384K->971K(235968K), 0.0043210 secs] 794243K->584877K(1546688K), 0.0045400 secs] [Times: user=0.02 sys=0.00, real=0.01 secs] 
56729.726: [GC 56729.726: [ParNew: 210763K->1023K(235968K), 0.0048150 secs] 794669K->584975K(1546688K), 0.0050200 secs] [Times: user=0.02 sys=0.00, real=0.00 secs] 
56752.168: [GC 56752.168: [ParNew: 210796K->1087K(235968K), 0.0061160 secs] 794748K->585075K(1546688K), 0.0063520 secs] [Times: user=0.02 sys=0.00, real=0.01 secs] 
56757.567: [GC 56757.567: [ParNew: 210879K->906K(235968K), 0.0229870 secs] 794867K->584934K(1546688K), 0.0233110 secs] [Times: user=0.04 sys=0.00, real=0.02 secs] 
56771.997: [GC 56771.997: [ParNew: 210698K->837K(235968K), 0.0069670 secs] 794726K->585046K(1546688K), 0.0071980 secs] [Times: user=0.01 sys=0.01, real=0.01 secs] 
56785.396: [GC 56785.397: [ParNew: 210629K->1322K(235968K), 0.0053960 secs] 794838K->585575K(1546688K), 0.0056530 secs] [Times: user=0.02 sys=0.00, real=0.01 secs] 
56795.656: [GC 56795.656: [ParNew: 211114K->738K(235968K), 0.0069910 secs] 795367K->585041K(1546688K), 0.0071640 secs] [Times: user=0.03 sys=0.00, real=0.00 secs] 
56813.785: [GC 56813.786: [ParNew: 210530K->845K(235968K), 0.0060040 secs] 794833K->585191K(1546688K), 0.0062520 secs] [Times: user=0.02 sys=0.00, real=0.00 secs] 
56819.072: [GC 56819.072: [ParNew: 210609K->915K(235968K), 0.0046620 secs] 794955K->585297K(1546688K), 0.0049190 secs] [Times: user=0.03 sys=0.00, real=0.00 secs] 
56841.124: [GC 56841.124: [ParNew: 210707K->760K(235968K), 0.0041720 secs] 795089K->585207K(1546688K), 0.0044480 secs] [Times: user=0.03 sys=0.00, real=0.01 secs] 
56847.582: [GC 56847.582: [ParNew: 210491K->584K(235968K), 0.0075450 secs] 794938K->585083K(1546688K), 0.0078220 secs] [Times: user=0.02 sys=0.00, real=0.01 secs] 
56855.710: [GC 56855.711: [ParNew: 210376K->835K(235968K), 0.0048260 secs] 794875K->585382K(1546688K), 0.0050710 secs] [Times: user=0.02 sys=0.00, real=0.01 secs] 
56875.300: [GC 56875.301: [ParNew: 210627K->936K(235968K), 0.0114420 secs] 795174K->585535K(1546688K), 0.0117550 secs] [Times: user=0.04 sys=0.00, real=0.01 secs] 
56885.984: [GC 56885.985: [ParNew: 210725K->1196K(235968K), 0.0048870 secs] 795324K->585844K(1546688K), 0.0051440 secs] [Times: user=0.02 sys=0.00, real=0.00 secs] 
56901.538: [GC 56901.538: [ParNew: 210988K->741K(235968K), 0.0077820 secs] 795636K->585426K(1546688K), 0.0079700 secs] [Times: user=0.02 sys=0.00, real=0.01 secs] 
56909.717: [GC 56909.717: [ParNew: 210533K->755K(235968K), 0.0054520 secs] 795218K->585570K(1546688K), 0.0057300 secs] [Times: user=0.02 sys=0.00, real=0.01 secs] 
56930.456: [GC 56930.456: [ParNew: 210496K->963K(235968K), 0.0043950 secs] 795312K->585843K(1546688K), 0.0046620 secs] [Times: user=0.03 sys=0.00, real=0.00 secs] 
56937.562: [GC 56937.562: [ParNew: 210755K->549K(235968K), 0.0053220 secs] 795635K->585478K(1546688K), 0.0055760 secs] [Times: user=0.02 sys=0.00, real=0.01 secs] 
56951.997: [GC 56951.997: [ParNew: 210330K->943K(235968K), 0.0053940 secs] 795258K->585930K(1546688K), 0.0056510 secs] [Times: user=0.03 sys=0.00, real=0.01 secs] 
56964.749: [GC 56964.750: [ParNew: 210735K->884K(235968K), 0.0066770 secs] 795722K->585904K(1546688K), 0.0068990 secs] [Times: user=0.03 sys=0.00, real=0.00 secs] 
56971.465: [GC 56971.466: [ParNew: 210676K->1352K(235968K), 0.0053320 secs] 795696K->586438K(1546688K), 0.0056010 secs] [Times: user=0.02 sys=0.00, real=0.01 secs] 
56992.221: [GC 56992.221: [ParNew: 211144K->1208K(235968K), 0.0072130 secs] 796230K->586335K(1546688K), 0.0075060 secs] [Times: user=0.03 sys=0.00, real=0.01 secs] 
56997.620: [GC 56997.620: [ParNew: 211000K->509K(235968K), 0.0203500 secs] 796127K->585678K(1546688K), 0.0206630 secs] [Times: user=0.03 sys=0.00, real=0.02 secs] 
57012.041: [GC 57012.041: [ParNew: 210173K->758K(235968K), 0.0127180 secs] 795343K->586054K(1546688K), 0.0129060 secs] [Times: user=0.03 sys=0.00, real=0.01 secs] 
57025.443: [GC 57025.443: [ParNew: 210535K->1064K(235968K), 0.0051600 secs] 795831K->586404K(1546688K), 0.0053550 secs] [Times: user=0.02 sys=0.00, real=0.00 secs] 
57035.714: [GC 57035.714: [ParNew: 210856K->642K(235968K), 0.0090280 secs] 796196K->586028K(1546688K), 0.0092860 secs] [Times: user=0.03 sys=0.00, real=0.01 secs] 
57053.843: [GC 57053.843: [ParNew: 210434K->594K(235968K), 0.0049910 secs] 795820K->586016K(1546688K), 0.0052450 secs] [Times: user=0.03 sys=0.00, real=0.01 secs] 
57059.119: [GC 57059.119: [ParNew: 210386K->759K(235968K), 0.0067680 secs] 795808K->586257K(1546688K), 0.0070320 secs] [Times: user=0.02 sys=0.00, real=0.01 secs] 
57081.174: [GC 57081.174: [ParNew: 210551K->995K(235968K), 0.0044840 secs] 796049K->586537K(1546688K), 0.0046920 secs] [Times: user=0.02 sys=0.00, real=0.00 secs] 
57087.632: [GC 57087.633: [ParNew: 210731K->1116K(235968K), 0.0130330 secs] 796272K->586701K(1546688K), 0.0132380 secs] [Times: user=0.04 sys=0.00, real=0.01 secs] 
57095.936: [GC 57095.936: [ParNew: 210908K->604K(235968K), 0.0055500 secs] 796493K->586239K(1546688K), 0.0057540 secs] [Times: user=0.03 sys=0.00, real=0.01 secs] 
57115.389: [GC 57115.389: [ParNew: 210281K->671K(235968K), 0.0073550 secs] 795915K->586348K(1546688K), 0.0076020 secs] [Times: user=0.03 sys=0.00, real=0.01 secs] 
57126.049: [GC 57126.049: [ParNew: 210463K->767K(235968K), 0.0112870 secs] 796140K->586537K(1546688K), 0.0114690 secs] [Times: user=0.03 sys=0.00, real=0.01 secs] 
57141.596: [GC 57141.596: [ParNew: 210536K->786K(235968K), 0.0071680 secs] 796306K->586600K(1546688K), 0.0074260 secs] [Times: user=0.02 sys=0.00, real=0.01 secs] 
57149.754: [GC 57149.754: [ParNew: 210578K->876K(235968K), 0.0057370 secs] 796392K->586727K(1546688K), 0.0059800 secs] [Times: user=0.02 sys=0.00, real=0.01 secs] 
57170.491: [GC 57170.491: [ParNew: 210668K->968K(235968K), 0.0047450 secs] 796519K->586872K(1546688K), 0.0050170 secs] [Times: user=0.02 sys=0.01, real=0.00 secs] 
57175.673: [GC 57175.674: [ParNew: 210746K->776K(235968K), 0.0262720 secs] 796650K->586734K(1546688K), 0.0265340 secs] [Times: user=0.04 sys=0.00, real=0.03 secs] 
57192.038: [GC 57192.038: [ParNew: 210521K->954K(235968K), 0.0068360 secs] 796479K->586964K(1546688K), 0.0071100 secs] [Times: user=0.02 sys=0.01, real=0.01 secs] 
57204.785: [GC 57204.785: [ParNew: 210741K->774K(235968K), 0.0092820 secs] 796751K->586833K(1546688K), 0.0095330 secs] [Times: user=0.02 sys=0.00, real=0.01 secs] 
57211.504: [GC 57211.504: [ParNew: 210507K->906K(235968K), 0.0073010 secs] 796565K->586999K(1546688K), 0.0075560 secs] [Times: user=0.02 sys=0.00, real=0.01 secs] 
57232.269: [GC 57232.269: [ParNew: 210677K->875K(235968K), 0.0064610 secs] 796770K->587005K(1546688K), 0.0066900 secs] [Times: user=0.02 sys=0.00, real=0.00 secs] 
57237.656: [GC 57237.657: [ParNew: 210656K->824K(235968K), 0.0066680 secs] 796786K->586995K(1546688K), 0.0068730 secs] [Times: user=0.03 sys=0.00, real=0.00 secs] 
57252.087: [GC 57252.087: [ParNew: 210616K->857K(235968K), 0.0050280 secs] 796787K->587078K(1546688K), 0.0053110 secs] [Times: user=0.02 sys=0.00, real=0.00 secs] 
57265.472: [GC 57265.472: [ParNew: 210649K->1023K(235968K), 0.0044210 secs] 796870K->587287K(1546688K), 0.0046890 secs] [Times: user=0.03 sys=0.00, real=0.00 secs] 
57275.764: [GC 57275.764: [ParNew: 210815K->1023K(235968K), 0.0050140 secs] 797079K->587342K(1546688K), 0.0052860 secs] [Times: user=0.03 sys=0.00, real=0.00 secs] 
57293.898: [GC 57293.898: [ParNew: 210693K->882K(235968K), 0.0058290 secs] 797012K->587237K(1546688K), 0.0060600 secs] [Times: user=0.02 sys=0.00, real=0.00 secs] 
57299.154: [GC 57299.155: [ParNew: 210643K->1139K(235968K), 0.0053960 secs] 796999K->587531K(1546688K), 0.0056820 secs] [Times: user=0.02 sys=0.00, real=0.01 secs] 
57321.215: [GC 57321.215: [ParNew: 210931K->754K(235968K), 0.0039280 secs] 797323K->587351K(1546688K), 0.0041970 secs] [Times: user=0.03 sys=0.01, real=0.00 secs] 
57327.804: [GC 57327.804: [ParNew: 210544K->661K(235968K), 0.0038010 secs] 797142K->587297K(1546688K), 0.0040910 secs] [Times: user=0.02 sys=0.00, real=0.00 secs] 
57335.805: [GC 57335.805: [ParNew: 210431K->854K(235968K), 0.0038790 secs] 797067K->587551K(1546688K), 0.0041500 secs] [Times: user=0.03 sys=0.01, real=0.00 secs] 
57353.927: [GC 57353.927: [ParNew: 210646K->819K(235968K), 0.0039120 secs] 797343K->587570K(1546688K), 0.0041660 secs] [Times: user=0.03 sys=0.00, real=0.01 secs] 
57360.547: [GC 57360.547: [ParNew: 210611K->640K(235968K), 0.0058250 secs] 797362K->587463K(1546688K), 0.0060580 secs] [Times: user=0.02 sys=0.00, real=0.00 secs] 
57381.247: [GC 57381.247: [ParNew: 210425K->949K(235968K), 0.0040400 secs] 797248K->587828K(1546688K), 0.0043110 secs] [Times: user=0.03 sys=0.00, real=0.00 secs] 
57387.822: [GC 57387.822: [ParNew: 210741K->1015K(235968K), 0.0065260 secs] 797620K->587940K(1546688K), 0.0067970 secs] [Times: user=0.02 sys=0.00, real=0.01 secs] 
57410.491: [GC 57410.492: [ParNew: 210807K->946K(235968K), 0.0039120 secs] 797732K->587920K(1546688K), 0.0041620 secs] [Times: user=0.03 sys=0.00, real=0.00 secs] 
57415.463: [GC 57415.464: [ParNew: 210738K->1036K(235968K), 0.0089120 secs] 797712K->588046K(1546688K), 0.0092270 secs] [Times: user=0.02 sys=0.00, real=0.01 secs] 
57426.116: [GC 57426.116: [ParNew: 210828K->955K(235968K), 0.0051070 secs] 797838K->588107K(1546688K), 0.0053870 secs] [Times: user=0.02 sys=0.00, real=0.01 secs] 
57441.648: [GC 57441.648: [ParNew: 210747K->899K(235968K), 0.0046740 secs] 797899K->588096K(1546688K), 0.0049580 secs] [Times: user=0.02 sys=0.00, real=0.00 secs] 
57449.803: [GC 57449.803: [ParNew: 210691K->736K(235968K), 0.0062400 secs] 797888K->587971K(1546688K), 0.0065100 secs] [Times: user=0.02 sys=0.00, real=0.00 secs] 
57472.281: [GC 57472.281: [ParNew: 210516K->852K(235968K), 0.0062730 secs] 797750K->588140K(1546688K), 0.0065320 secs] [Times: user=0.03 sys=0.00, real=0.00 secs] 
57477.667: [GC 57477.668: [ParNew: 210644K->1074K(235968K), 0.0053310 secs] 797932K->588411K(1546688K), 0.0055760 secs] [Times: user=0.03 sys=0.00, real=0.01 secs] 
57492.102: [GC 57492.102: [ParNew: 210866K->1402K(235968K), 0.0079020 secs] 798203K->588800K(1546688K), 0.0081810 secs] [Times: user=0.04 sys=0.00, real=0.01 secs] 
57504.835: [GC 57504.835: [ParNew: 211150K->1138K(235968K), 0.0050260 secs] 798548K->588591K(1546688K), 0.0052130 secs] [Times: user=0.02 sys=0.00, real=0.00 secs] 
57511.550: [GC 57511.550: [ParNew: 210930K->611K(235968K), 0.0041480 secs] 798383K->588100K(1546688K), 0.0043870 secs] [Times: user=0.02 sys=0.00, real=0.01 secs] 
57532.321: [GC 57532.322: [ParNew: 210403K->999K(235968K), 0.0077470 secs] 797892K->588535K(1546688K), 0.0079250 secs] [Times: user=0.02 sys=0.00, real=0.01 secs] 
57537.708: [GC 57537.708: [ParNew: 210791K->634K(235968K), 0.0058580 secs] 798327K->588333K(1546688K), 0.0061280 secs] [Times: user=0.03 sys=0.00, real=0.01 secs] 
57552.138: [GC 57552.138: [ParNew: 210426K->871K(235968K), 0.0058510 secs] 798125K->588624K(1546688K), 0.0060350 secs] [Times: user=0.02 sys=0.00, real=0.00 secs] 
57564.859: [GC 57564.859: [ParNew: 210663K->1181K(235968K), 0.0056330 secs] 798416K->588991K(1546688K), 0.0058340 secs] [Times: user=0.03 sys=0.00, real=0.01 secs] 
57571.569: [GC 57571.569: [ParNew: 210973K->1088K(235968K), 0.0067980 secs] 798783K->588958K(1546688K), 0.0069940 secs] [Times: user=0.03 sys=0.00, real=0.01 secs] 
57592.348: [GC 57592.348: [ParNew: 210880K->842K(235968K), 0.0067250 secs] 798750K->588766K(1546688K), 0.0069950 secs] [Times: user=0.02 sys=0.00, real=0.01 secs] 
57599.186: [GC 57599.186: [ParNew: 210389K->921K(235968K), 0.0056880 secs] 798313K->588900K(1546688K), 0.0059280 secs] [Times: user=0.02 sys=0.00, real=0.01 secs] 
57621.244: [GC 57621.244: [ParNew: 210695K->670K(235968K), 0.0044950 secs] 798674K->588786K(1546688K), 0.0047730 secs] [Times: user=0.03 sys=0.00, real=0.01 secs] 
57625.534: [GC 57625.534: [ParNew: 210462K->1071K(235968K), 0.0039340 secs] 798578K->589231K(1546688K), 0.0042230 secs] [Times: user=0.03 sys=0.00, real=0.01 secs] 
57635.849: [GC 57635.849: [ParNew: 210863K->712K(235968K), 0.0042110 secs] 799023K->588907K(1546688K), 0.0044700 secs] [Times: user=0.02 sys=0.00, real=0.01 secs] 
57653.985: [GC 57653.985: [ParNew: 210504K->709K(235968K), 0.0100050 secs] 798699K->588945K(1546688K), 0.0103090 secs] [Times: user=0.04 sys=0.00, real=0.01 secs] 
57659.235: [GC 57659.235: [ParNew: 210501K->869K(235968K), 0.0113700 secs] 798737K->589157K(1546688K), 0.0116450 secs] [Times: user=0.02 sys=0.00, real=0.01 secs] 
57681.297: [GC 57681.297: [ParNew: 210649K->748K(235968K), 0.0080040 secs] 798937K->589079K(1546688K), 0.0082220 secs] [Times: user=0.02 sys=0.00, real=0.00 secs] 
57687.874: [GC 57687.875: [ParNew: 210449K->1018K(235968K), 0.0145830 secs] 798780K->589394K(1546688K), 0.0148750 secs] [Times: user=0.03 sys=0.00, real=0.02 secs] 
57710.535: [GC 57710.535: [ParNew: 210758K->593K(235968K), 0.0095300 secs] 799134K->589018K(1546688K), 0.0097370 secs] [Times: user=0.02 sys=0.00, real=0.01 secs] 
57715.526: [GC 57715.526: [ParNew: 210385K->704K(235968K), 0.0165730 secs] 798810K->589164K(1546688K), 0.0168470 secs] [Times: user=0.04 sys=0.01, real=0.02 secs] 
57726.179: [GC 57726.179: [ParNew: 210496K->986K(235968K), 0.0061680 secs] 798956K->589490K(1546688K), 0.0064020 secs] [Times: user=0.02 sys=0.00, real=0.00 secs] 
57741.705: [GC 57741.705: [ParNew: 210778K->868K(235968K), 0.0045050 secs] 799282K->589418K(1546688K), 0.0047680 secs] [Times: user=0.02 sys=0.00, real=0.01 secs] 
57749.843: [GC 57749.843: [ParNew: 210660K->814K(235968K), 0.0046300 secs] 799210K->589467K(1546688K), 0.0048820 secs] [Times: user=0.02 sys=0.00, real=0.01 secs] 
57772.335: [GC 57772.336: [ParNew: 210606K->975K(235968K), 0.0060010 secs] 799259K->589682K(1546688K), 0.0062680 secs] [Times: user=0.02 sys=0.01, real=0.01 secs] 
57777.721: [GC 57777.722: [ParNew: 210767K->1099K(235968K), 0.0062510 secs] 799474K->589860K(1546688K), 0.0065330 secs] [Times: user=0.02 sys=0.00, real=0.00 secs] 
57792.161: [GC 57792.161: [ParNew: 210869K->999K(235968K), 0.0086230 secs] 799629K->589809K(1546688K), 0.0088030 secs] [Times: user=0.02 sys=0.00, real=0.01 secs] 
57804.874: [GC 57804.874: [ParNew: 210791K->889K(235968K), 0.0091290 secs] 799601K->589742K(1546688K), 0.0093920 secs] [Times: user=0.04 sys=0.00, real=0.01 secs] 
57811.589: [GC 57811.589: [ParNew: 210681K->1183K(235968K), 0.0050820 secs] 799534K->590073K(1546688K), 0.0053360 secs] [Times: user=0.02 sys=0.00, real=0.00 secs] 
57832.346: [GC 57832.346: [ParNew: 210975K->943K(235968K), 0.0077400 secs] 799865K->589889K(1546688K), 0.0080320 secs] [Times: user=0.02 sys=0.00, real=0.01 secs] 
57837.737: [GC 57837.737: [ParNew: 210735K->818K(235968K), 0.0061150 secs] 799681K->589824K(1546688K), 0.0062970 secs] [Times: user=0.02 sys=0.00, real=0.01 secs] 
57852.169: [GC 57852.170: [ParNew: 210610K->772K(235968K), 0.0044070 secs] 799616K->589839K(1546688K), 0.0046610 secs] [Times: user=0.02 sys=0.00, real=0.00 secs] 
57864.877: [GC 57864.878: [ParNew: 210564K->887K(235968K), 0.0066730 secs] 799631K->590011K(1546688K), 0.0068900 secs] [Times: user=0.03 sys=0.00, real=0.00 secs] 
57871.593: [GC 57871.593: [ParNew: 210679K->827K(235968K), 0.0052890 secs] 799803K->589988K(1546688K), 0.0054840 secs] [Times: user=0.02 sys=0.00, real=0.01 secs] 
57892.387: [GC 57892.387: [ParNew: 210619K->749K(235968K), 0.0098000 secs] 799780K->589968K(1546688K), 0.0100100 secs] [Times: user=0.02 sys=0.00, real=0.01 secs] 
57897.765: [GC 57897.765: [ParNew: 210416K->899K(235968K), 0.0101110 secs] 799636K->590203K(1546688K), 0.0103150 secs] [Times: user=0.02 sys=0.00, real=0.01 secs] 
57912.203: [GC 57912.203: [ParNew: 210688K->892K(235968K), 0.0060280 secs] 799992K->590245K(1546688K), 0.0062430 secs] [Times: user=0.02 sys=0.00, real=0.00 secs] 
57924.907: [GC 57924.907: [ParNew: 210684K->987K(235968K), 0.0049610 secs] 800037K->590396K(1546688K), 0.0051720 secs] [Times: user=0.02 sys=0.00, real=0.01 secs] 
57931.622: [GC 57931.623: [ParNew: 210732K->811K(235968K), 0.0077000 secs] 800142K->590328K(1546688K), 0.0078990 secs] [Times: user=0.02 sys=0.00, real=0.01 secs] 
57952.407: [GC 57952.407: [ParNew: 210603K->916K(235968K), 0.0055130 secs] 800120K->590489K(1546688K), 0.0057760 secs] [Times: user=0.02 sys=0.00, real=0.00 secs] 
57957.798: [GC 57957.798: [ParNew: 210679K->993K(235968K), 0.0067510 secs] 800251K->590625K(1546688K), 0.0069400 secs] [Times: user=0.03 sys=0.00, real=0.01 secs] 
57972.217: [GC 57972.217: [ParNew: 210785K->1129K(235968K), 0.0070190 secs] 800417K->590810K(1546688K), 0.0072340 secs] [Times: user=0.03 sys=0.00, real=0.01 secs] 
57983.894: [GC 57983.894: [ParNew: 210921K->1506K(235968K), 0.0073260 secs] 800602K->591243K(1546688K), 0.0076140 secs] [Times: user=0.02 sys=0.00, real=0.01 secs] 
57989.891: [GC 57989.891: [ParNew: 211298K->1795K(235968K), 0.0050440 secs] 801035K->591593K(1546688K), 0.0052470 secs] [Times: user=0.03 sys=0.00, real=0.00 secs] 
58012.385: [GC 58012.386: [ParNew: 211587K->1775K(235968K), 0.0074560 secs] 801385K->591630K(1546688K), 0.0076580 secs] [Times: user=0.03 sys=0.00, real=0.00 secs] 
58017.772: [GC 58017.772: [ParNew: 211567K->1694K(235968K), 0.0047220 secs] 801422K->591637K(1546688K), 0.0049850 secs] [Times: user=0.03 sys=0.00, real=0.01 secs] 
58032.206: [GC 58032.207: [ParNew: 211486K->1071K(235968K), 0.0061440 secs] 801429K->591884K(1546688K), 0.0063530 secs] [Times: user=0.03 sys=0.00, real=0.01 secs] 
58044.895: [GC 58044.895: [ParNew: 210863K->896K(235968K), 0.0179200 secs] 801676K->591765K(1546688K), 0.0182090 secs] [Times: user=0.04 sys=0.00, real=0.02 secs] 
58049.894: [GC 58049.894: [ParNew: 210675K->1010K(235968K), 0.0049170 secs] 801544K->591936K(1546688K), 0.0051460 secs] [Times: user=0.02 sys=0.00, real=0.01 secs] 
58070.619: [GC 58070.620: [ParNew: 210802K->982K(235968K), 0.0062830 secs] 801728K->591968K(1546688K), 0.0065160 secs] [Times: user=0.03 sys=0.00, real=0.01 secs] 
58075.600: [GC 58075.600: [ParNew: 210743K->921K(235968K), 0.0271600 secs] 801730K->591955K(1546688K), 0.0275710 secs] [Times: user=0.05 sys=0.00, real=0.03 secs] 
58086.270: [GC 58086.270: [ParNew: 210713K->934K(235968K), 0.0111050 secs] 801747K->592026K(1546688K), 0.0113700 secs] [Times: user=0.02 sys=0.00, real=0.01 secs] 
58101.770: [GC 58101.770: [ParNew: 210601K->1061K(235968K), 0.0066160 secs] 801693K->592197K(1546688K), 0.0068960 secs] [Times: user=0.02 sys=0.00, real=0.00 secs] 
58109.889: [GC 58109.889: [ParNew: 210803K->1116K(235968K), 0.0056680 secs] 801939K->592299K(1546688K), 0.0059160 secs] [Times: user=0.03 sys=0.00, real=0.01 secs] 
58130.620: [GC 58130.620: [ParNew: 210908K->1084K(235968K), 0.0074830 secs] 802091K->592352K(1546688K), 0.0077670 secs] [Times: user=0.03 sys=0.00, real=0.01 secs] 
58137.781: [GC 58137.781: [ParNew: 210876K->1208K(235968K), 0.0082900 secs] 802144K->592532K(1546688K), 0.0085950 secs] [Times: user=0.03 sys=0.00, real=0.01 secs] 
58152.227: [GC 58152.227: [ParNew: 211000K->812K(235968K), 0.0076880 secs] 802324K->592276K(1546688K), 0.0079580 secs] [Times: user=0.03 sys=0.00, real=0.01 secs] 
58163.997: [GC 58163.997: [ParNew: 210604K->800K(235968K), 0.0039770 secs] 802068K->592320K(1546688K), 0.0042510 secs] [Times: user=0.03 sys=0.00, real=0.01 secs] 
58169.906: [GC 58169.906: [ParNew: 210587K->1108K(235968K), 0.0040240 secs] 802107K->592673K(1546688K), 0.0043150 secs] [Times: user=0.03 sys=0.00, real=0.01 secs] 
58192.422: [GC 58192.422: [ParNew: 210900K->1102K(235968K), 0.0045190 secs] 802465K->592721K(1546688K), 0.0047830 secs] [Times: user=0.03 sys=0.00, real=0.01 secs] 
58197.813: [GC 58197.813: [ParNew: 210894K->1073K(235968K), 0.0043950 secs] 802513K->592746K(1546688K), 0.0046500 secs] [Times: user=0.03 sys=0.00, real=0.01 secs] 
58212.258: [GC 58212.258: [ParNew: 210865K->1005K(235968K), 0.0047420 secs] 802538K->592749K(1546688K), 0.0050230 secs] [Times: user=0.04 sys=0.00, real=0.01 secs] 
58224.955: [GC 58224.956: [ParNew: 210797K->433K(235968K), 0.0128760 secs] 802541K->592286K(1546688K), 0.0131440 secs] [Times: user=0.03 sys=0.00, real=0.01 secs] 
58231.661: [GC 58231.661: [ParNew: 210224K->689K(235968K), 0.0051780 secs] 802076K->592596K(1546688K), 0.0054350 secs] [Times: user=0.02 sys=0.00, real=0.00 secs] 
58254.059: [GC 58254.059: [ParNew: 210326K->754K(235968K), 0.0060690 secs] 802233K->592747K(1546688K), 0.0063120 secs] [Times: user=0.02 sys=0.00, real=0.00 secs] 
58259.316: [GC 58259.316: [ParNew: 210546K->1113K(235968K), 0.0066480 secs] 802539K->593147K(1546688K), 0.0069500 secs] [Times: user=0.02 sys=0.00, real=0.00 secs] 
58281.373: [GC 58281.373: [ParNew: 210905K->1413K(235968K), 0.0058360 secs] 802939K->593490K(1546688K), 0.0060450 secs] [Times: user=0.02 sys=0.01, real=0.00 secs] 
58285.625: [GC 58285.626: [ParNew: 211205K->982K(235968K), 0.0061110 secs] 803282K->593103K(1546688K), 0.0063080 secs] [Times: user=0.02 sys=0.00, real=0.01 secs] 
58295.988: [GC 58295.988: [ParNew: 210774K->915K(235968K), 0.0051940 secs] 802895K->593079K(1546688K), 0.0054000 secs] [Times: user=0.02 sys=0.00, real=0.01 secs] 
58314.099: [GC 58314.099: [ParNew: 210707K->851K(235968K), 0.0181790 secs] 802871K->593069K(1546688K), 0.0184790 secs] [Times: user=0.03 sys=0.00, real=0.02 secs] 
58319.363: [GC 58319.363: [ParNew: 210643K->853K(235968K), 0.0044330 secs] 802861K->593122K(1546688K), 0.0046640 secs] [Times: user=0.02 sys=0.00, real=0.01 secs] 
58341.789: [GC 58341.789: [ParNew: 210587K->1127K(235968K), 0.0053900 secs] 802856K->593444K(1546688K), 0.0056670 secs] [Times: user=0.02 sys=0.00, real=0.01 secs] 
58348.008: [GC 58348.008: [ParNew: 210855K->779K(235968K), 0.0066560 secs] 803172K->593143K(1546688K), 0.0068530 secs] [Times: user=0.03 sys=0.00, real=0.01 secs] 
58370.635: [GC 58370.635: [ParNew: 210571K->788K(235968K), 0.0061310 secs] 802935K->593188K(1546688K), 0.0063490 secs] [Times: user=0.03 sys=0.00, real=0.01 secs] 
58375.657: [GC 58375.657: [ParNew: 210529K->862K(235968K), 0.0118050 secs] 802929K->593310K(1546688K), 0.0121310 secs] [Times: user=0.03 sys=0.00, real=0.01 secs] 
58386.334: [GC 58386.335: [ParNew: 210641K->815K(235968K), 0.0050290 secs] 803090K->593307K(1546688K), 0.0052640 secs] [Times: user=0.02 sys=0.00, real=0.01 secs] 
58401.813: [GC 58401.813: [ParNew: 210607K->1483K(235968K), 0.0057350 secs] 803099K->594026K(1546688K), 0.0060170 secs] [Times: user=0.02 sys=0.00, real=0.00 secs] 
58408.048: [GC 58408.048: [ParNew: 211275K->852K(235968K), 0.0086370 secs] 803818K->593462K(1546688K), 0.0089190 secs] [Times: user=0.02 sys=0.00, real=0.01 secs] 
58430.659: [GC 58430.659: [ParNew: 210644K->1155K(235968K), 0.0060740 secs] 803254K->593820K(1546688K), 0.0062570 secs] [Times: user=0.02 sys=0.00, real=0.00 secs] 
58435.692: [GC 58435.692: [ParNew: 210877K->522K(235968K), 0.0145060 secs] 803541K->593240K(1546688K), 0.0147900 secs] [Times: user=0.03 sys=0.00, real=0.01 secs] 
58447.891: [GC 58447.891: [ParNew: 210314K->757K(235968K), 0.0060720 secs] 803032K->593565K(1546688K), 0.0062590 secs] [Times: user=0.02 sys=0.00, real=0.01 secs] 
58461.849: [GC 58461.849: [ParNew: 210549K->1321K(235968K), 0.0051510 secs] 803357K->594172K(1546688K), 0.0054200 secs] [Times: user=0.03 sys=0.00, real=0.01 secs] 
58469.953: [GC 58469.953: [ParNew: 211094K->1137K(235968K), 0.0053270 secs] 803945K->594042K(1546688K), 0.0055960 secs] [Times: user=0.02 sys=0.01, real=0.00 secs] 
58492.481: [GC 58492.481: [ParNew: 210836K->1006K(235968K), 0.0062610 secs] 803740K->593953K(1546688K), 0.0065100 secs] [Times: user=0.02 sys=0.01, real=0.00 secs] 
58497.872: [GC 58497.872: [ParNew: 210798K->795K(235968K), 0.0050950 secs] 803745K->593782K(1546688K), 0.0053630 secs] [Times: user=0.02 sys=0.00, real=0.01 secs] 
58512.314: [GC 58512.314: [ParNew: 210587K->924K(235968K), 0.0037620 secs] 803574K->593955K(1546688K), 0.0040140 secs] [Times: user=0.02 sys=0.01, real=0.01 secs] 
58525.001: [GC 58525.001: [ParNew: 210620K->799K(235968K), 0.0066920 secs] 803651K->593874K(1546688K), 0.0069700 secs] [Times: user=0.02 sys=0.00, real=0.01 secs] 
58531.697: [GC 58531.697: [ParNew: 210591K->729K(235968K), 0.0040850 secs] 803666K->593853K(1546688K), 0.0043380 secs] [Times: user=0.03 sys=0.00, real=0.00 secs] 
58554.107: [GC 58554.107: [ParNew: 210508K->704K(235968K), 0.0047360 secs] 803632K->593880K(1546688K), 0.0050070 secs] [Times: user=0.03 sys=0.00, real=0.01 secs] 
58559.470: [GC 58559.470: [ParNew: 210496K->1094K(235968K), 0.0044920 secs] 803672K->594323K(1546688K), 0.0047550 secs] [Times: user=0.03 sys=0.00, real=0.00 secs] 
58581.433: [GC 58581.433: [ParNew: 210886K->1314K(235968K), 0.0071840 secs] 804115K->594586K(1546688K), 0.0074660 secs] [Times: user=0.02 sys=0.00, real=0.01 secs] 
58585.667: [GC 58585.667: [ParNew: 211106K->1114K(235968K), 0.0044550 secs] 804378K->594430K(1546688K), 0.0047140 secs] [Times: user=0.02 sys=0.00, real=0.00 secs] 
58596.052: [GC 58596.052: [ParNew: 210880K->726K(235968K), 0.0053660 secs] 804195K->594099K(1546688K), 0.0055960 secs] [Times: user=0.02 sys=0.00, real=0.01 secs] 
58614.154: [GC 58614.154: [ParNew: 210518K->1095K(235968K), 0.0047660 secs] 803891K->594513K(1546688K), 0.0050150 secs] [Times: user=0.02 sys=0.00, real=0.00 secs] 
58623.102: [GC 58623.103: [ParNew: 210887K->676K(235968K), 0.0050710 secs] 804305K->594146K(1546688K), 0.0053370 secs] [Times: user=0.03 sys=0.00, real=0.00 secs] 
58641.484: [GC 58641.484: [ParNew: 210468K->823K(235968K), 0.0072070 secs] 803938K->594337K(1546688K), 0.0074800 secs] [Times: user=0.03 sys=0.00, real=0.01 secs] 
58648.062: [GC 58648.062: [ParNew: 210615K->798K(235968K), 0.0059050 secs] 804129K->594356K(1546688K), 0.0061370 secs] [Times: user=0.02 sys=0.00, real=0.01 secs] 
58670.673: [GC 58670.673: [ParNew: 210590K->924K(235968K), 0.0071640 secs] 804148K->594528K(1546688K), 0.0073810 secs] [Times: user=0.03 sys=0.00, real=0.00 secs] 
58675.713: [GC 58675.713: [ParNew: 210716K->922K(235968K), 0.0047880 secs] 804320K->594562K(1546688K), 0.0050130 secs] [Times: user=0.02 sys=0.00, real=0.00 secs] 
58686.403: [GC 58686.403: [ParNew: 210601K->900K(235968K), 0.0058900 secs] 804241K->594653K(1546688K), 0.0061050 secs] [Times: user=0.02 sys=0.01, real=0.01 secs] 
58701.907: [GC 58701.907: [ParNew: 210666K->946K(235968K), 0.0060930 secs] 804419K->594743K(1546688K), 0.0063200 secs] [Times: user=0.02 sys=0.00, real=0.00 secs] 
58709.977: [GC 58709.978: [ParNew: 210738K->617K(235968K), 0.0062770 secs] 804535K->594458K(1546688K), 0.0064860 secs] [Times: user=0.02 sys=0.00, real=0.00 secs] 
58732.528: [GC 58732.528: [ParNew: 210409K->1119K(235968K), 0.0052230 secs] 804250K->595002K(1546688K), 0.0054430 secs] [Times: user=0.03 sys=0.00, real=0.01 secs] 
58737.910: [GC 58737.910: [ParNew: 210911K->781K(235968K), 0.0041350 secs] 804794K->594701K(1546688K), 0.0043450 secs] [Times: user=0.02 sys=0.00, real=0.01 secs] 
58752.358: [GC 58752.358: [ParNew: 210459K->769K(235968K), 0.0042830 secs] 804378K->594735K(1546688K), 0.0045010 secs] [Times: user=0.03 sys=0.01, real=0.00 secs] 
58765.024: [GC 58765.024: [ParNew: 210525K->987K(235968K), 0.0046430 secs] 804492K->595008K(1546688K), 0.0049390 secs] [Times: user=0.02 sys=0.00, real=0.01 secs] 
58771.731: [GC 58771.732: [ParNew: 210779K->1004K(235968K), 0.0046260 secs] 804800K->595074K(1546688K), 0.0048940 secs] [Times: user=0.02 sys=0.00, real=0.01 secs] 
58794.160: [GC 58794.160: [ParNew: 210781K->573K(235968K), 0.0061630 secs] 804851K->594691K(1546688K), 0.0064590 secs] [Times: user=0.03 sys=0.00, real=0.01 secs] 
58799.514: [GC 58799.515: [ParNew: 210332K->1040K(235968K), 0.0044700 secs] 804451K->595220K(1546688K), 0.0047420 secs] [Times: user=0.03 sys=0.00, real=0.00 secs] 
58821.482: [GC 58821.482: [ParNew: 210832K->887K(235968K), 0.0041720 secs] 805012K->595105K(1546688K), 0.0044610 secs] [Times: user=0.02 sys=0.00, real=0.00 secs] 
58828.071: [GC 58828.072: [ParNew: 210645K->830K(235968K), 0.0054100 secs] 804863K->595092K(1546688K), 0.0056730 secs] [Times: user=0.02 sys=0.00, real=0.01 secs] 
58836.105: [GC 58836.106: [ParNew: 210622K->780K(235968K), 0.0057380 secs] 804884K->595079K(1546688K), 0.0059800 secs] [Times: user=0.02 sys=0.00, real=0.00 secs] 
58855.713: [GC 58855.713: [ParNew: 210570K->593K(235968K), 0.0054620 secs] 804870K->594960K(1546688K), 0.0057460 secs] [Times: user=0.02 sys=0.00, real=0.00 secs] 
58866.418: [GC 58866.418: [ParNew: 210385K->880K(235968K), 0.0069760 secs] 804752K->595300K(1546688K), 0.0072000 secs] [Times: user=0.02 sys=0.00, real=0.01 secs] 
58881.910: [GC 58881.910: [ParNew: 210672K->664K(235968K), 0.0254010 secs] 805092K->595128K(1546688K), 0.0257480 secs] [Times: user=0.03 sys=0.00, real=0.02 secs] 
58888.125: [GC 58888.125: [ParNew: 210421K->718K(235968K), 0.0055010 secs] 804884K->595226K(1546688K), 0.0057840 secs] [Times: user=0.02 sys=0.00, real=0.01 secs] 
58910.711: [GC 58910.711: [ParNew: 210510K->1003K(235968K), 0.0080540 secs] 805018K->595553K(1546688K), 0.0082630 secs] [Times: user=0.02 sys=0.00, real=0.01 secs] 
58915.754: [GC 58915.754: [ParNew: 210795K->825K(235968K), 0.0068340 secs] 805345K->595422K(1546688K), 0.0070840 secs] [Times: user=0.02 sys=0.00, real=0.00 secs] 
58926.456: [GC 58926.456: [ParNew: 210617K->897K(235968K), 0.0067770 secs] 805214K->595543K(1546688K), 0.0069630 secs] [Times: user=0.02 sys=0.00, real=0.01 secs] 
58941.969: [GC 58941.969: [ParNew: 210645K->1115K(235968K), 0.0059230 secs] 805291K->595805K(1546688K), 0.0061830 secs] [Times: user=0.02 sys=0.00, real=0.00 secs] 
58950.014: [GC 58950.014: [ParNew: 210850K->784K(235968K), 0.0051670 secs] 805540K->595528K(1546688K), 0.0054160 secs] [Times: user=0.02 sys=0.00, real=0.01 secs] 
58972.563: [GC 58972.563: [ParNew: 210576K->743K(235968K), 0.0065110 secs] 805320K->595536K(1546688K), 0.0067150 secs] [Times: user=0.02 sys=0.00, real=0.01 secs] 
58977.943: [GC 58977.943: [ParNew: 210535K->1047K(235968K), 0.0051250 secs] 805328K->595889K(1546688K), 0.0053610 secs] [Times: user=0.03 sys=0.00, real=0.00 secs] 
58986.478: [GC 58986.478: [ParNew: 210775K->1056K(235968K), 0.0051120 secs] 805617K->595952K(1546688K), 0.0054000 secs] [Times: user=0.03 sys=0.00, real=0.01 secs] 
59001.985: [GC 59001.986: [ParNew: 210848K->660K(235968K), 0.0072720 secs] 805744K->595612K(1546688K), 0.0075640 secs] [Times: user=0.02 sys=0.00, real=0.01 secs] 
59010.021: [GC 59010.021: [ParNew: 210452K->735K(235968K), 0.0057090 secs] 805404K->595759K(1546688K), 0.0059660 secs] [Times: user=0.03 sys=0.00, real=0.00 secs] 
59032.584: [GC 59032.584: [ParNew: 210470K->1033K(235968K), 0.0060670 secs] 805493K->596111K(1546688K), 0.0063450 secs] [Times: user=0.03 sys=0.00, real=0.01 secs] 
59037.962: [GC 59037.962: [ParNew: 210825K->984K(235968K), 0.0074110 secs] 805902K->596098K(1546688K), 0.0075950 secs] [Times: user=0.02 sys=0.00, real=0.01 secs] 
59052.414: [GC 59052.414: [ParNew: 210694K->726K(235968K), 0.0095290 secs] 805808K->595876K(1546688K), 0.0097800 secs] [Times: user=0.02 sys=0.00, real=0.01 secs] 
59065.057: [GC 59065.057: [ParNew: 210482K->906K(235968K), 0.0049810 secs] 805633K->596100K(1546688K), 0.0052460 secs] [Times: user=0.03 sys=0.00, real=0.01 secs] 
59071.764: [GC 59071.764: [ParNew: 210698K->1095K(235968K), 0.0052870 secs] 805892K->596446K(1546688K), 0.0055750 secs] [Times: user=0.03 sys=0.00, real=0.01 secs] 
59094.211: [GC 59094.211: [ParNew: 210862K->986K(235968K), 0.0064290 secs] 806214K->596392K(1546688K), 0.0067080 secs] [Times: user=0.02 sys=0.00, real=0.01 secs] 
59099.567: [GC 59099.568: [ParNew: 210672K->773K(235968K), 0.0081020 secs] 806078K->596235K(1546688K), 0.0083390 secs] [Times: user=0.02 sys=0.00, real=0.01 secs] 
59121.529: [GC 59121.529: [ParNew: 210565K->892K(235968K), 0.0042950 secs] 806027K->596398K(1546688K), 0.0045840 secs] [Times: user=0.03 sys=0.00, real=0.01 secs] 
59125.738: [GC 59125.738: [ParNew: 210684K->781K(235968K), 0.0046870 secs] 806190K->596331K(1546688K), 0.0048920 secs] [Times: user=0.03 sys=0.00, real=0.01 secs] 
59136.167: [GC 59136.168: [ParNew: 210573K->848K(235968K), 0.0066910 secs] 806123K->596449K(1546688K), 0.0069470 secs] [Times: user=0.02 sys=0.00, real=0.01 secs] 
59154.255: [GC 59154.255: [ParNew: 210640K->736K(235968K), 0.0048570 secs] 806240K->596377K(1546688K), 0.0050890 secs] [Times: user=0.02 sys=0.00, real=0.00 secs] 
59159.614: [GC 59159.614: [ParNew: 210528K->1132K(235968K), 0.0054740 secs] 806169K->596825K(1546688K), 0.0057600 secs] [Times: user=0.02 sys=0.00, real=0.00 secs] 
59181.574: [GC 59181.574: [ParNew: 210914K->873K(235968K), 0.0051260 secs] 806607K->596611K(1546688K), 0.0053240 secs] [Times: user=0.03 sys=0.01, real=0.00 secs] 
59188.175: [GC 59188.176: [ParNew: 210665K->988K(235968K), 0.0067740 secs] 806403K->596781K(1546688K), 0.0070350 secs] [Times: user=0.03 sys=0.00, real=0.01 secs] 
59210.745: [GC 59210.745: [ParNew: 210780K->899K(235968K), 0.0054160 secs] 806573K->596728K(1546688K), 0.0057060 secs] [Times: user=0.03 sys=0.00, real=0.01 secs] 
59215.800: [GC 59215.800: [ParNew: 210691K->1322K(235968K), 0.0059470 secs] 806520K->597186K(1546688K), 0.0061440 secs] [Times: user=0.02 sys=0.00, real=0.01 secs] 
59226.524: [GC 59226.524: [ParNew: 211114K->1313K(235968K), 0.0183520 secs] 806978K->597216K(1546688K), 0.0186890 secs] [Times: user=0.04 sys=0.01, real=0.01 secs] 
59242.037: [GC 59242.037: [ParNew: 211105K->606K(235968K), 0.0113090 secs] 807008K->596564K(1546688K), 0.0115350 secs] [Times: user=0.03 sys=0.00, real=0.01 secs] 
59250.044: [GC 59250.044: [ParNew: 210398K->855K(235968K), 0.0074340 secs] 806356K->596857K(1546688K), 0.0076890 secs] [Times: user=0.02 sys=0.00, real=0.01 secs] 
59272.625: [GC 59272.625: [ParNew: 210600K->1046K(235968K), 0.0049220 secs] 806602K->597097K(1546688K), 0.0052210 secs] [Times: user=0.03 sys=0.00, real=0.01 secs] 
59278.008: [GC 59278.008: [ParNew: 210736K->1058K(235968K), 0.0048220 secs] 806787K->597152K(1546688K), 0.0050380 secs] [Times: user=0.02 sys=0.00, real=0.00 secs] 
59292.581: [GC 59292.582: [ParNew: 210754K->606K(235968K), 0.0058920 secs] 806848K->596761K(1546688K), 0.0061730 secs] [Times: user=0.02 sys=0.00, real=0.01 secs] 
59305.084: [GC 59305.084: [ParNew: 210281K->1035K(235968K), 0.0066950 secs] 806436K->597233K(1546688K), 0.0069110 secs] [Times: user=0.02 sys=0.00, real=0.01 secs] 
59311.797: [GC 59311.797: [ParNew: 210801K->732K(235968K), 0.0044560 secs] 806999K->596972K(1546688K), 0.0047480 secs] [Times: user=0.02 sys=0.00, real=0.01 secs] 
59334.255: [GC 59334.256: [ParNew: 210524K->752K(235968K), 0.0048450 secs] 806764K->597046K(1546688K), 0.0050670 secs] [Times: user=0.02 sys=0.00, real=0.01 secs] 
59339.608: [GC 59339.608: [ParNew: 210528K->733K(235968K), 0.0045640 secs] 806823K->597076K(1546688K), 0.0047760 secs] [Times: user=0.02 sys=0.00, real=0.00 secs] 
59361.570: [GC 59361.570: [ParNew: 210514K->846K(235968K), 0.0048810 secs] 806857K->597235K(1546688K), 0.0052680 secs] [Times: user=0.02 sys=0.00, real=0.01 secs] 
59365.763: [GC 59365.763: [ParNew: 210638K->1081K(235968K), 0.0045250 secs] 807027K->597514K(1546688K), 0.0047360 secs] [Times: user=0.02 sys=0.00, real=0.00 secs] 
59376.208: [GC 59376.209: [ParNew: 210850K->1051K(235968K), 0.0067930 secs] 807283K->597526K(1546688K), 0.0070260 secs] [Times: user=0.02 sys=0.00, real=0.01 secs] 
59394.309: [GC 59394.309: [ParNew: 210821K->932K(235968K), 0.0055920 secs] 807296K->597449K(1546688K), 0.0058600 secs] [Times: user=0.02 sys=0.00, real=0.00 secs] 
59399.652: [GC 59399.652: [ParNew: 210684K->873K(235968K), 0.0059210 secs] 807201K->597474K(1546688K), 0.0062070 secs] [Times: user=0.02 sys=0.00, real=0.01 secs] 
59421.613: [GC 59421.613: [ParNew: 210665K->923K(235968K), 0.0058710 secs] 807266K->597574K(1546688K), 0.0060880 secs] [Times: user=0.02 sys=0.00, real=0.00 secs] 
59428.213: [GC 59428.213: [ParNew: 210667K->868K(235968K), 0.0046170 secs] 807318K->597562K(1546688K), 0.0048180 secs] [Times: user=0.02 sys=0.00, real=0.00 secs] 
59450.767: [GC 59450.768: [ParNew: 210660K->1089K(235968K), 0.0058760 secs] 807354K->597832K(1546688K), 0.0060830 secs] [Times: user=0.02 sys=0.00, real=0.01 secs] 
59455.839: [GC 59455.839: [ParNew: 210881K->1032K(235968K), 0.0053640 secs] 807624K->597811K(1546688K), 0.0055640 secs] [Times: user=0.02 sys=0.00, real=0.00 secs] 
59466.563: [GC 59466.563: [ParNew: 210799K->841K(235968K), 0.0046370 secs] 807578K->597663K(1546688K), 0.0048940 secs] [Times: user=0.03 sys=0.00, real=0.01 secs] 
59482.089: [GC 59482.089: [ParNew: 210537K->1076K(235968K), 0.0064250 secs] 807359K->597942K(1546688K), 0.0067110 secs] [Times: user=0.03 sys=0.00, real=0.01 secs] 
59490.066: [GC 59490.066: [ParNew: 210868K->1182K(235968K), 0.0063500 secs] 807734K->598103K(1546688K), 0.0066400 secs] [Times: user=0.02 sys=0.00, real=0.01 secs] 
59510.791: [GC 59510.792: [ParNew: 210974K->941K(235968K), 0.0067720 secs] 807895K->597915K(1546688K), 0.0069860 secs] [Times: user=0.02 sys=0.00, real=0.00 secs] 
59515.880: [GC 59515.880: [ParNew: 210733K->799K(235968K), 0.0078140 secs] 807707K->597838K(1546688K), 0.0080060 secs] [Times: user=0.02 sys=0.00, real=0.01 secs] 
59526.591: [GC 59526.591: [ParNew: 210591K->689K(235968K), 0.0380670 secs] 807630K->597783K(1546688K), 0.0383580 secs] [Times: user=0.07 sys=0.00, real=0.04 secs] 
59542.120: [GC 59542.120: [ParNew: 210386K->543K(235968K), 0.0151910 secs] 807480K->597696K(1546688K), 0.0154770 secs] [Times: user=0.03 sys=0.00, real=0.02 secs] 
59550.094: [GC 59550.094: [ParNew: 210335K->1018K(235968K), 0.0102500 secs] 807488K->598224K(1546688K), 0.0104450 secs] [Times: user=0.02 sys=0.00, real=0.01 secs] 
59572.684: [GC 59572.684: [ParNew: 210810K->856K(235968K), 0.0068840 secs] 808016K->598098K(1546688K), 0.0070920 secs] [Times: user=0.03 sys=0.00, real=0.01 secs] 
59578.093: [GC 59578.093: [ParNew: 210648K->663K(235968K), 0.0092900 secs] 807890K->597941K(1546688K), 0.0094670 secs] [Times: user=0.03 sys=0.00, real=0.01 secs] 
59592.657: [GC 59592.657: [ParNew: 210455K->743K(235968K), 0.0060070 secs] 807733K->598185K(1546688K), 0.0061890 secs] [Times: user=0.03 sys=0.00, real=0.00 secs] 
59605.118: [GC 59605.118: [ParNew: 210535K->1106K(235968K), 0.0064520 secs] 807977K->598591K(1546688K), 0.0067250 secs] [Times: user=0.03 sys=0.00, real=0.01 secs] 
59611.823: [GC 59611.823: [ParNew: 210898K->1023K(235968K), 0.0072200 secs] 808383K->598558K(1546688K), 0.0074060 secs] [Times: user=0.02 sys=0.00, real=0.01 secs] 
59632.711: [GC 59632.711: [ParNew: 210815K->889K(235968K), 0.0054570 secs] 808350K->598477K(1546688K), 0.0057210 secs] [Times: user=0.02 sys=0.00, real=0.00 secs] 
59638.124: [GC 59638.124: [ParNew: 210626K->827K(235968K), 0.0044020 secs] 808214K->598480K(1546688K), 0.0046450 secs] [Times: user=0.03 sys=0.00, real=0.00 secs] 
59654.370: [GC 59654.370: [ParNew: 210619K->1101K(235968K), 0.0070190 secs] 808272K->598974K(1546688K), 0.0072290 secs] [Times: user=0.03 sys=0.01, real=0.01 secs] 
59665.793: [GC 59665.793: [ParNew: 210893K->1110K(235968K), 0.0057680 secs] 808766K->599027K(1546688K), 0.0060350 secs] [Times: user=0.03 sys=0.00, real=0.01 secs] 
59676.253: [GC 59676.254: [ParNew: 210902K->1096K(235968K), 0.0105850 secs] 808819K->599062K(1546688K), 0.0107700 secs] [Times: user=0.03 sys=0.00, real=0.01 secs] 
59694.350: [GC 59694.351: [ParNew: 210852K->1003K(235968K), 0.0046320 secs] 808818K->599011K(1546688K), 0.0049080 secs] [Times: user=0.02 sys=0.01, real=0.00 secs] 
59699.683: [GC 59699.683: [ParNew: 210733K->896K(235968K), 0.0045610 secs] 808741K->599059K(1546688K), 0.0048590 secs] [Times: user=0.03 sys=0.00, real=0.00 secs] 
59721.647: [GC 59721.647: [ParNew: 210688K->850K(235968K), 0.0088240 secs] 808851K->599096K(1546688K), 0.0091220 secs] [Times: user=0.02 sys=0.00, real=0.01 secs] 
59725.810: [GC 59725.810: [ParNew: 210642K->718K(235968K), 0.0082890 secs] 808888K->599011K(1546688K), 0.0084730 secs] [Times: user=0.03 sys=0.00, real=0.01 secs] 
59736.284: [GC 59736.284: [ParNew: 210510K->705K(235968K), 0.0066330 secs] 808803K->599055K(1546688K), 0.0069130 secs] [Times: user=0.02 sys=0.00, real=0.00 secs] 
59754.381: [GC 59754.381: [ParNew: 210497K->983K(235968K), 0.0062530 secs] 808847K->599389K(1546688K), 0.0064650 secs] [Times: user=0.03 sys=0.00, real=0.00 secs] 
59759.714: [GC 59759.714: [ParNew: 210775K->1106K(235968K), 0.0058520 secs] 809181K->599572K(1546688K), 0.0061030 secs] [Times: user=0.02 sys=0.00, real=0.01 secs] 
59781.715: [GC 59781.715: [ParNew: 210898K->600K(235968K), 0.0050550 secs] 809364K->599146K(1546688K), 0.0053370 secs] [Times: user=0.02 sys=0.00, real=0.01 secs] 
59788.290: [GC 59788.290: [ParNew: 210265K->756K(235968K), 0.0048130 secs] 808812K->599378K(1546688K), 0.0050280 secs] [Times: user=0.02 sys=0.00, real=0.01 secs] 
59810.820: [GC 59810.820: [ParNew: 210499K->1044K(235968K), 0.0061660 secs] 809120K->599702K(1546688K), 0.0063730 secs] [Times: user=0.02 sys=0.00, real=0.01 secs] 
59815.908: [GC 59815.909: [ParNew: 210828K->1054K(235968K), 0.0050110 secs] 809486K->599748K(1546688K), 0.0052160 secs] [Times: user=0.03 sys=0.00, real=0.01 secs] 
59826.647: [GC 59826.647: [ParNew: 210846K->868K(235968K), 0.0244490 secs] 809540K->599598K(1546688K), 0.0247070 secs] [Times: user=0.05 sys=0.00, real=0.03 secs] 
59842.186: [GC 59842.186: [ParNew: 210609K->1129K(235968K), 0.0082870 secs] 809339K->599903K(1546688K), 0.0086250 secs] [Times: user=0.03 sys=0.00, real=0.01 secs] 
59850.124: [GC 59850.124: [ParNew: 210921K->820K(235968K), 0.0065010 secs] 809695K->599744K(1546688K), 0.0067750 secs] [Times: user=0.02 sys=0.00, real=0.01 secs] 
59872.724: [GC 59872.725: [ParNew: 210612K->671K(235968K), 0.0113620 secs] 809536K->599651K(1546688K), 0.0115560 secs] [Times: user=0.02 sys=0.00, real=0.01 secs] 
59878.125: [GC 59878.125: [ParNew: 210463K->1187K(235968K), 0.0088550 secs] 809443K->600224K(1546688K), 0.0091170 secs] [Times: user=0.02 sys=0.00, real=0.01 secs] 
59892.695: [GC 59892.696: [ParNew: 210979K->777K(235968K), 0.0079610 secs] 810016K->599856K(1546688K), 0.0082190 secs] [Times: user=0.03 sys=0.01, real=0.01 secs] 
59905.168: [GC 59905.168: [ParNew: 210569K->658K(235968K), 0.0103660 secs] 809648K->599781K(1546688K), 0.0106530 secs] [Times: user=0.02 sys=0.00, real=0.01 secs] 
59911.873: [GC 59911.873: [ParNew: 210450K->729K(235968K), 0.0075580 secs] 809573K->599910K(1546688K), 0.0077670 secs] [Times: user=0.02 sys=0.00, real=0.01 secs] 
59932.775: [GC 59932.775: [ParNew: 210521K->725K(235968K), 0.0082530 secs] 809702K->599953K(1546688K), 0.0084700 secs] [Times: user=0.02 sys=0.00, real=0.01 secs] 
59939.714: [GC 59939.715: [ParNew: 210517K->1011K(235968K), 0.0136060 secs] 809745K->600291K(1546688K), 0.0139040 secs] [Times: user=0.02 sys=0.00, real=0.01 secs] 
59961.684: [GC 59961.684: [ParNew: 210803K->1065K(235968K), 0.0085540 secs] 810083K->600391K(1546688K), 0.0088020 secs] [Times: user=0.03 sys=0.00, real=0.01 secs] 
59965.835: [GC 59965.835: [ParNew: 210857K->1153K(235968K), 0.0061320 secs] 810183K->600523K(1546688K), 0.0063670 secs] [Times: user=0.02 sys=0.00, real=0.01 secs] 
59976.335: [GC 59976.335: [ParNew: 210945K->1170K(235968K), 0.0066130 secs] 810315K->600690K(1546688K), 0.0068900 secs] [Times: user=0.02 sys=0.00, real=0.01 secs] 
59994.540: [GC 59994.540: [ParNew: 210961K->785K(235968K), 0.0349020 secs] 810481K->600347K(1546688K), 0.0352190 secs] [Times: user=0.04 sys=0.00, real=0.04 secs] 
59999.769: [GC 59999.769: [ParNew: 210577K->936K(235968K), 0.0060800 secs] 810139K->600541K(1546688K), 0.0063260 secs] [Times: user=0.03 sys=0.01, real=0.01 secs] 
60021.732: [GC 60021.732: [ParNew: 210705K->607K(235968K), 0.0048260 secs] 810311K->600261K(1546688K), 0.0051200 secs] [Times: user=0.03 sys=0.00, real=0.00 secs] 
60028.332: [GC 60028.333: [ParNew: 210348K->807K(235968K), 0.0054890 secs] 810002K->600504K(1546688K), 0.0057350 secs] [Times: user=0.03 sys=0.00, real=0.01 secs] 
60050.848: [GC 60050.849: [ParNew: 210598K->983K(235968K), 0.0060890 secs] 810295K->600753K(1546688K), 0.0063730 secs] [Times: user=0.02 sys=0.00, real=0.01 secs] 
60055.955: [GC 60055.956: [ParNew: 210693K->693K(235968K), 0.0069500 secs] 810463K->600500K(1546688K), 0.0071990 secs] [Times: user=0.02 sys=0.00, real=0.00 secs] 
60066.723: [GC 60066.723: [ParNew: 210485K->574K(235968K), 0.0065530 secs] 810292K->600421K(1546688K), 0.0068130 secs] [Times: user=0.02 sys=0.00, real=0.00 secs] 
60082.253: [GC 60082.253: [ParNew: 210304K->732K(235968K), 0.0141460 secs] 810151K->600623K(1546688K), 0.0144290 secs] [Times: user=0.03 sys=0.00, real=0.01 secs] 
60090.158: [GC 60090.158: [ParNew: 210524K->413K(235968K), 0.0072980 secs] 810415K->600348K(1546688K), 0.0075270 secs] [Times: user=0.02 sys=0.00, real=0.00 secs] 
60112.778: [GC 60112.778: [ParNew: 210205K->886K(235968K), 0.0059580 secs] 810140K->600869K(1546688K), 0.0062070 secs] [Times: user=0.02 sys=0.00, real=0.01 secs] 
60118.186: [GC 60118.186: [ParNew: 210633K->701K(235968K), 0.0067400 secs] 810617K->600721K(1546688K), 0.0069210 secs] [Times: user=0.02 sys=0.00, real=0.00 secs] 
60132.742: [GC 60132.742: [ParNew: 210433K->1118K(235968K), 0.0049060 secs] 810453K->601181K(1546688K), 0.0051670 secs] [Times: user=0.03 sys=0.00, real=0.00 secs] 
60145.191: [GC 60145.191: [ParNew: 210910K->1095K(235968K), 0.0053810 secs] 810973K->601202K(1546688K), 0.0056490 secs] [Times: user=0.03 sys=0.00, real=0.00 secs] 
60151.892: [GC 60151.892: [ParNew: 210833K->891K(235968K), 0.0044500 secs] 810940K->601041K(1546688K), 0.0047320 secs] [Times: user=0.02 sys=0.00, real=0.00 secs] 
60172.817: [GC 60172.817: [ParNew: 210683K->747K(235968K), 0.0070500 secs] 810833K->600950K(1546688K), 0.0072790 secs] [Times: user=0.02 sys=0.00, real=0.01 secs] 
60179.767: [GC 60179.767: [ParNew: 210539K->486K(235968K), 0.0294500 secs] 810742K->600786K(1546688K), 0.0297160 secs] [Times: user=0.06 sys=0.00, real=0.03 secs] 
60201.721: [GC 60201.721: [ParNew: 210278K->795K(235968K), 0.0061380 secs] 810578K->601147K(1546688K), 0.0064380 secs] [Times: user=0.02 sys=0.00, real=0.00 secs] 
60205.867: [GC 60205.867: [ParNew: 210587K->778K(235968K), 0.0049990 secs] 810939K->601173K(1546688K), 0.0052710 secs] [Times: user=0.03 sys=0.00, real=0.01 secs] 
60216.375: [GC 60216.375: [ParNew: 210570K->1081K(235968K), 0.0130520 secs] 810965K->601522K(1546688K), 0.0133120 secs] [Times: user=0.03 sys=0.00, real=0.02 secs] 
60233.986: [GC 60233.986: [ParNew: 210873K->1445K(235968K), 0.0077280 secs] 811314K->601942K(1546688K), 0.0080250 secs] [Times: user=0.02 sys=0.00, real=0.00 secs] 
60239.775: [GC 60239.775: [ParNew: 211112K->1481K(235968K), 0.0219460 secs] 811609K->602036K(1546688K), 0.0222250 secs] [Times: user=0.05 sys=0.00, real=0.02 secs] 
60260.442: [GC 60260.442: [ParNew: 211273K->1573K(235968K), 0.0086860 secs] 811828K->602185K(1546688K), 0.0089760 secs] [Times: user=0.03 sys=0.00, real=0.01 secs] 
60265.879: [GC 60265.879: [ParNew: 211365K->1372K(235968K), 0.0080000 secs] 811977K->602605K(1546688K), 0.0082480 secs] [Times: user=0.03 sys=0.00, real=0.01 secs] 
60276.384: [GC 60276.384: [ParNew: 211164K->1277K(235968K), 0.0099490 secs] 812397K->602601K(1546688K), 0.0102330 secs] [Times: user=0.03 sys=0.00, real=0.01 secs] 
60294.581: [GC 60294.581: [ParNew: 211069K->1636K(235968K), 0.0082030 secs] 812393K->603008K(1546688K), 0.0083730 secs] [Times: user=0.02 sys=0.00, real=0.01 secs] 
60299.821: [GC 60299.821: [ParNew: 211428K->1363K(235968K), 0.0114420 secs] 812800K->602980K(1546688K), 0.0117460 secs] [Times: user=0.03 sys=0.00, real=0.01 secs] 
60321.769: [GC 60321.769: [ParNew: 211155K->729K(235968K), 0.0066330 secs] 812772K->602390K(1546688K), 0.0068650 secs] [Times: user=0.02 sys=0.00, real=0.01 secs] 
60328.381: [GC 60328.381: [ParNew: 210481K->1285K(235968K), 0.0065890 secs] 812143K->603025K(1546688K), 0.0068500 secs] [Times: user=0.03 sys=0.00, real=0.00 secs] 
60336.441: [GC 60336.442: [ParNew: 211077K->956K(235968K), 0.0050060 secs] 812817K->602755K(1546688K), 0.0052620 secs] [Times: user=0.02 sys=0.00, real=0.00 secs] 
60355.995: [GC 60355.995: [ParNew: 210699K->1083K(235968K), 0.0055350 secs] 812499K->602932K(1546688K), 0.0057580 secs] [Times: user=0.03 sys=0.00, real=0.01 secs] 
60366.871: [GC 60366.871: [ParNew: 210875K->775K(235968K), 0.0060640 secs] 812724K->602663K(1546688K), 0.0063490 secs] [Times: user=0.02 sys=0.00, real=0.01 secs] 
60382.292: [GC 60382.292: [ParNew: 210564K->1137K(235968K), 0.0088630 secs] 812452K->603074K(1546688K), 0.0091720 secs] [Times: user=0.02 sys=0.00, real=0.01 secs] 
60390.183: [GC 60390.183: [ParNew: 210921K->918K(235968K), 0.0056450 secs] 812858K->602926K(1546688K), 0.0059080 secs] [Times: user=0.03 sys=0.00, real=0.00 secs] 
60410.926: [GC 60410.926: [ParNew: 210693K->614K(235968K), 0.0047660 secs] 812701K->602669K(1546688K), 0.0050280 secs] [Times: user=0.02 sys=0.00, real=0.01 secs] 
60418.218: [GC 60418.218: [ParNew: 210365K->1283K(235968K), 0.0198720 secs] 812420K->603392K(1546688K), 0.0201140 secs] [Times: user=0.03 sys=0.00, real=0.02 secs] 
60432.782: [GC 60432.782: [ParNew: 211055K->1127K(235968K), 0.0082760 secs] 813164K->603291K(1546688K), 0.0085360 secs] [Times: user=0.02 sys=0.00, real=0.01 secs] 
60445.221: [GC 60445.221: [ParNew: 210919K->1305K(235968K), 0.0057170 secs] 813083K->603530K(1546688K), 0.0059930 secs] [Times: user=0.03 sys=0.00, real=0.01 secs] 
60450.219: [GC 60450.219: [ParNew: 210992K->857K(235968K), 0.0058740 secs] 813217K->603139K(1546688K), 0.0061390 secs] [Times: user=0.03 sys=0.00, real=0.01 secs] 
60472.837: [GC 60472.837: [ParNew: 210649K->1127K(235968K), 0.0051690 secs] 812931K->603465K(1546688K), 0.0054360 secs] [Times: user=0.02 sys=0.00, real=0.01 secs] 
60478.241: [GC 60478.242: [ParNew: 210919K->1407K(235968K), 0.0198080 secs] 813257K->603799K(1546688K), 0.0200630 secs] [Times: user=0.04 sys=0.00, real=0.02 secs] 
60492.806: [GC 60492.807: [ParNew: 211199K->1252K(235968K), 0.0063700 secs] 813591K->603700K(1546688K), 0.0066590 secs] [Times: user=0.03 sys=0.01, real=0.00 secs] 
60505.245: [GC 60505.245: [ParNew: 211044K->1016K(235968K), 0.0056820 secs] 813492K->603508K(1546688K), 0.0058740 secs] [Times: user=0.03 sys=0.00, real=0.00 secs] 
60511.945: [GC 60511.945: [ParNew: 210691K->934K(235968K), 0.0067240 secs] 813183K->603481K(1546688K), 0.0069710 secs] [Times: user=0.02 sys=0.00, real=0.01 secs] 
60532.882: [GC 60532.883: [ParNew: 210663K->724K(235968K), 0.0071360 secs] 813210K->603322K(1546688K), 0.0074110 secs] [Times: user=0.03 sys=0.00, real=0.01 secs] 
60539.842: [GC 60539.842: [ParNew: 210511K->680K(235968K), 0.0230690 secs] 813108K->603332K(1546688K), 0.0233660 secs] [Times: user=0.05 sys=0.00, real=0.02 secs] 
60561.789: [GC 60561.789: [ParNew: 210472K->1021K(235968K), 0.0073300 secs] 813124K->603725K(1546688K), 0.0075480 secs] [Times: user=0.02 sys=0.00, real=0.01 secs] 
60565.941: [GC 60565.941: [ParNew: 210813K->914K(235968K), 0.0060130 secs] 813517K->603661K(1546688K), 0.0062430 secs] [Times: user=0.02 sys=0.00, real=0.01 secs] 
60576.476: [GC 60576.476: [ParNew: 210706K->721K(235968K), 0.0072200 secs] 813453K->603520K(1546688K), 0.0075120 secs] [Times: user=0.03 sys=0.00, real=0.01 secs] 
60594.657: [GC 60594.657: [ParNew: 210498K->1086K(235968K), 0.0162470 secs] 813297K->603926K(1546688K), 0.0165340 secs] [Times: user=0.03 sys=0.00, real=0.02 secs] 
60599.917: [GC 60599.917: [ParNew: 210878K->486K(235968K), 0.0100880 secs] 813718K->603379K(1546688K), 0.0103770 secs] [Times: user=0.02 sys=0.00, real=0.01 secs] 
60621.836: [GC 60621.836: [ParNew: 210277K->889K(235968K), 0.0047300 secs] 813170K->603837K(1546688K), 0.0049680 secs] [Times: user=0.02 sys=0.00, real=0.00 secs] 
60628.453: [GC 60628.454: [ParNew: 210619K->813K(235968K), 0.0038130 secs] 813567K->603825K(1546688K), 0.0040890 secs] [Times: user=0.02 sys=0.00, real=0.00 secs] 
60650.925: [GC 60650.926: [ParNew: 210581K->736K(235968K), 0.0039500 secs] 813594K->603797K(1546688K), 0.0042120 secs] [Times: user=0.02 sys=0.00, real=0.01 secs] 
60656.055: [GC 60656.055: [ParNew: 210528K->932K(235968K), 0.0047090 secs] 813589K->604036K(1546688K), 0.0049480 secs] [Times: user=0.03 sys=0.00, real=0.01 secs] 
60666.950: [GC 60666.950: [ParNew: 210724K->773K(235968K), 0.0057170 secs] 813828K->603928K(1546688K), 0.0059070 secs] [Times: user=0.02 sys=0.00, real=0.00 secs] 
60682.372: [GC 60682.373: [ParNew: 210565K->767K(235968K), 0.0201850 secs] 813720K->603967K(1546688K), 0.0205760 secs] [Times: user=0.03 sys=0.00, real=0.02 secs] 
60690.234: [GC 60690.235: [ParNew: 210559K->787K(235968K), 0.0074110 secs] 813759K->604158K(1546688K), 0.0076070 secs] [Times: user=0.02 sys=0.00, real=0.00 secs] 
60712.883: [GC 60712.884: [ParNew: 210579K->711K(235968K), 0.0077340 secs] 813950K->604131K(1546688K), 0.0079320 secs] [Times: user=0.03 sys=0.00, real=0.01 secs] 
60718.285: [GC 60718.286: [ParNew: 210503K->985K(235968K), 0.0160130 secs] 813923K->604447K(1546688K), 0.0162940 secs] [Times: user=0.04 sys=0.00, real=0.02 secs] 
60732.846: [GC 60732.847: [ParNew: 210777K->856K(235968K), 0.0065060 secs] 814239K->604367K(1546688K), 0.0067180 secs] [Times: user=0.02 sys=0.00, real=0.01 secs] 
60745.262: [GC 60745.262: [ParNew: 210648K->811K(235968K), 0.0138110 secs] 814159K->604366K(1546688K), 0.0140160 secs] [Times: user=0.03 sys=0.00, real=0.02 secs] 
60751.962: [GC 60751.962: [ParNew: 210603K->1033K(235968K), 0.0063140 secs] 814158K->604657K(1546688K), 0.0065090 secs] [Times: user=0.02 sys=0.00, real=0.01 secs] 
60772.913: [GC 60772.913: [ParNew: 210825K->1322K(235968K), 0.0055420 secs] 814449K->604992K(1546688K), 0.0058080 secs] [Times: user=0.02 sys=0.00, real=0.00 secs] 
60778.319: [GC 60778.320: [ParNew: 211114K->733K(235968K), 0.0058410 secs] 814784K->604447K(1546688K), 0.0061200 secs] [Times: user=0.02 sys=0.00, real=0.01 secs] 
60792.884: [GC 60792.884: [ParNew: 210525K->942K(235968K), 0.0072330 secs] 814239K->604706K(1546688K), 0.0075190 secs] [Times: user=0.03 sys=0.00, real=0.01 secs] 
60805.952: [GC 60805.952: [ParNew: 210734K->1132K(235968K), 0.0051810 secs] 814498K->604957K(1546688K), 0.0054620 secs] [Times: user=0.03 sys=0.00, real=0.01 secs] 
60812.694: [GC 60812.694: [ParNew: 210924K->711K(235968K), 0.0057310 secs] 814749K->604697K(1546688K), 0.0059790 secs] [Times: user=0.02 sys=0.00, real=0.01 secs] 
60834.681: [GC 60834.682: [ParNew: 210431K->1090K(235968K), 0.0085570 secs] 814418K->605125K(1546688K), 0.0089030 secs] [Times: user=0.03 sys=0.00, real=0.01 secs] 
60839.952: [GC 60839.953: [ParNew: 210882K->673K(235968K), 0.0131300 secs] 814917K->604750K(1546688K), 0.0134240 secs] [Times: user=0.04 sys=0.00, real=0.01 secs] 
60861.867: [GC 60861.867: [ParNew: 210465K->705K(235968K), 0.0053870 secs] 814542K->604825K(1546688K), 0.0056760 secs] [Times: user=0.02 sys=0.00, real=0.00 secs] 
60868.484: [GC 60868.485: [ParNew: 210497K->830K(235968K), 0.0056190 secs] 814617K->604989K(1546688K), 0.0058260 secs] [Times: user=0.02 sys=0.00, real=0.01 secs] 
60876.575: [GC 60876.575: [ParNew: 210622K->677K(235968K), 0.0060520 secs] 814781K->604882K(1546688K), 0.0063220 secs] [Times: user=0.02 sys=0.00, real=0.00 secs] 
60894.726: [GC 60894.726: [ParNew: 210469K->826K(235968K), 0.0101090 secs] 814674K->605085K(1546688K), 0.0104490 secs] [Times: user=0.02 sys=0.00, real=0.01 secs] 
60901.984: [GC 60901.984: [ParNew: 210618K->554K(235968K), 0.0059810 secs] 814877K->604878K(1546688K), 0.0062650 secs] [Times: user=0.03 sys=0.00, real=0.00 secs] 
60921.896: [GC 60921.897: [ParNew: 210272K->869K(235968K), 0.0087590 secs] 814596K->605248K(1546688K), 0.0090400 secs] [Times: user=0.02 sys=0.00, real=0.01 secs] 
60928.518: [GC 60928.518: [ParNew: 210661K->1013K(235968K), 0.0065060 secs] 815040K->605436K(1546688K), 0.0067800 secs] [Times: user=0.03 sys=0.00, real=0.00 secs] 
60950.975: [GC 60950.975: [ParNew: 210750K->1187K(235968K), 0.0065810 secs] 815174K->605709K(1546688K), 0.0068360 secs] [Times: user=0.02 sys=0.00, real=0.00 secs] 
60956.115: [GC 60956.115: [ParNew: 210979K->670K(235968K), 0.0055320 secs] 815501K->605233K(1546688K), 0.0057790 secs] [Times: user=0.03 sys=0.00, real=0.00 secs] 
60967.022: [GC 60967.022: [ParNew: 210462K->521K(235968K), 0.0066790 secs] 815025K->605145K(1546688K), 0.0069560 secs] [Times: user=0.02 sys=0.00, real=0.00 secs] 
60982.454: [GC 60982.455: [ParNew: 210313K->813K(235968K), 0.0108590 secs] 814937K->605480K(1546688K), 0.0111280 secs] [Times: user=0.03 sys=0.00, real=0.01 secs] 
60990.266: [GC 60990.266: [ParNew: 210588K->1037K(235968K), 0.0077840 secs] 815255K->605748K(1546688K), 0.0079950 secs] [Times: user=0.02 sys=0.00, real=0.01 secs] 
61012.632: [GC 61012.632: [ParNew: 210829K->807K(235968K), 0.0102440 secs] 815540K->605583K(1546688K), 0.0104540 secs] [Times: user=0.03 sys=0.00, real=0.02 secs] 
61018.331: [GC 61018.331: [ParNew: 210581K->1366K(235968K), 0.0120670 secs] 815357K->606193K(1546688K), 0.0122760 secs] [Times: user=0.04 sys=0.00, real=0.02 secs] 
61032.907: [GC 61032.907: [ParNew: 211158K->1127K(235968K), 0.0066300 secs] 815985K->606004K(1546688K), 0.0068300 secs] [Times: user=0.02 sys=0.00, real=0.01 secs] 
61045.305: [GC 61045.306: [ParNew: 210919K->1052K(235968K), 0.0059610 secs] 815796K->605976K(1546688K), 0.0062060 secs] [Times: user=0.02 sys=0.00, real=0.01 secs] 
61052.004: [GC 61052.004: [ParNew: 210844K->1167K(235968K), 0.0054080 secs] 815768K->606136K(1546688K), 0.0056470 secs] [Times: user=0.02 sys=0.00, real=0.01 secs] 
61072.962: [GC 61072.962: [ParNew: 210858K->963K(235968K), 0.0048580 secs] 815827K->605981K(1546688K), 0.0050730 secs] [Times: user=0.03 sys=0.00, real=0.01 secs] 
61078.356: [GC 61078.356: [ParNew: 210755K->810K(235968K), 0.0136380 secs] 815773K->605898K(1546688K), 0.0138910 secs] [Times: user=0.03 sys=0.00, real=0.01 secs] 
61092.928: [GC 61092.928: [ParNew: 210602K->1049K(235968K), 0.0061180 secs] 815690K->606190K(1546688K), 0.0063280 secs] [Times: user=0.03 sys=0.00, real=0.01 secs] 
61105.332: [GC 61105.332: [ParNew: 210717K->881K(235968K), 0.0066780 secs] 815857K->606078K(1546688K), 0.0068910 secs] [Times: user=0.03 sys=0.00, real=0.01 secs] 
61112.030: [GC 61112.030: [ParNew: 210627K->867K(235968K), 0.0054360 secs] 815823K->606231K(1546688K), 0.0056350 secs] [Times: user=0.03 sys=0.00, real=0.00 secs] 
61133.001: [GC 61133.002: [ParNew: 210626K->811K(235968K), 0.0059750 secs] 815990K->606235K(1546688K), 0.0061840 secs] [Times: user=0.02 sys=0.00, real=0.01 secs] 
61140.006: [GC 61140.007: [ParNew: 210603K->788K(235968K), 0.0192050 secs] 816027K->606264K(1546688K), 0.0195390 secs] [Times: user=0.03 sys=0.00, real=0.02 secs] 
61161.907: [GC 61161.907: [ParNew: 210580K->719K(235968K), 0.0071290 secs] 816056K->606239K(1546688K), 0.0073520 secs] [Times: user=0.02 sys=0.00, real=0.01 secs] 
61166.140: [GC 61166.140: [ParNew: 210502K->797K(235968K), 0.0066440 secs] 816022K->606360K(1546688K), 0.0069330 secs] [Times: user=0.02 sys=0.00, real=0.00 secs] 
61176.623: [GC 61176.624: [ParNew: 210511K->693K(235968K), 0.0114230 secs] 816074K->606316K(1546688K), 0.0117120 secs] [Times: user=0.04 sys=0.00, real=0.01 secs] 
61194.773: [GC 61194.773: [ParNew: 210485K->890K(235968K), 0.0047960 secs] 816108K->606555K(1546688K), 0.0050540 secs] [Times: user=0.02 sys=0.00, real=0.01 secs] 
61200.179: [GC 61200.179: [ParNew: 210682K->769K(235968K), 0.0039860 secs] 816347K->606476K(1546688K), 0.0042280 secs] [Times: user=0.02 sys=0.00, real=0.00 secs] 
61222.454: [GC 61222.455: [ParNew: 210496K->560K(235968K), 0.0242100 secs] 816203K->606310K(1546688K), 0.0245220 secs] [Times: user=0.04 sys=0.01, real=0.02 secs] 
61228.577: [GC 61228.577: [ParNew: 210352K->986K(235968K), 0.0066310 secs] 816102K->606780K(1546688K), 0.0069030 secs] [Times: user=0.03 sys=0.00, real=0.01 secs] 
61251.018: [GC 61251.018: [ParNew: 210773K->812K(235968K), 0.0060360 secs] 816567K->606745K(1546688K), 0.0062950 secs] [Times: user=0.03 sys=0.00, real=0.00 secs] 
61256.174: [GC 61256.174: [ParNew: 210591K->721K(235968K), 0.0069370 secs] 816523K->606689K(1546688K), 0.0072190 secs] [Times: user=0.03 sys=0.00, real=0.01 secs] 
61267.089: [GC 61267.089: [ParNew: 210503K->713K(235968K), 0.0071230 secs] 816472K->606725K(1546688K), 0.0073220 secs] [Times: user=0.02 sys=0.00, real=0.01 secs] 
61282.520: [GC 61282.520: [ParNew: 210418K->937K(235968K), 0.0134540 secs] 816430K->606993K(1546688K), 0.0138080 secs] [Times: user=0.03 sys=0.00, real=0.02 secs] 
61290.316: [GC 61290.316: [ParNew: 210692K->836K(235968K), 0.0084930 secs] 816748K->606935K(1546688K), 0.0086980 secs] [Times: user=0.02 sys=0.00, real=0.01 secs] 
61312.998: [GC 61312.998: [ParNew: 210549K->1044K(235968K), 0.0060980 secs] 816649K->607192K(1546688K), 0.0063280 secs] [Times: user=0.03 sys=0.00, real=0.00 secs] 
61318.397: [GC 61318.397: [ParNew: 210836K->1308K(235968K), 0.0056650 secs] 816984K->607504K(1546688K), 0.0059390 secs] [Times: user=0.02 sys=0.00, real=0.00 secs] 
61332.967: [GC 61332.967: [ParNew: 211100K->1243K(235968K), 0.0071960 secs] 817296K->607484K(1546688K), 0.0074750 secs] [Times: user=0.03 sys=0.00, real=0.01 secs] 
61345.366: [GC 61345.366: [ParNew: 210975K->859K(235968K), 0.0050190 secs] 817216K->607151K(1546688K), 0.0052750 secs] [Times: user=0.03 sys=0.00, real=0.01 secs] 
61352.057: [GC 61352.057: [ParNew: 210623K->1075K(235968K), 0.0072060 secs] 816914K->607487K(1546688K), 0.0074630 secs] [Times: user=0.02 sys=0.00, real=0.01 secs] 
61373.044: [GC 61373.044: [ParNew: 210867K->829K(235968K), 0.0070630 secs] 817279K->607425K(1546688K), 0.0073290 secs] [Times: user=0.03 sys=0.00, real=0.01 secs] 
61380.169: [GC 61380.169: [ParNew: 210621K->831K(235968K), 0.0051140 secs] 817217K->607484K(1546688K), 0.0053900 secs] [Times: user=0.03 sys=0.00, real=0.00 secs] 
61401.955: [GC 61401.955: [ParNew: 210623K->1018K(235968K), 0.0059480 secs] 817276K->607716K(1546688K), 0.0061570 secs] [Times: user=0.03 sys=0.00, real=0.00 secs] 
61406.169: [GC 61406.169: [ParNew: 210781K->847K(235968K), 0.0059050 secs] 817479K->607589K(1546688K), 0.0060960 secs] [Times: user=0.03 sys=0.00, real=0.01 secs] 
61416.689: [GC 61416.689: [ParNew: 210595K->1092K(235968K), 0.0107630 secs] 817337K->607867K(1546688K), 0.0110010 secs] [Times: user=0.02 sys=0.00, real=0.02 secs] 
61434.819: [GC 61434.819: [ParNew: 210848K->798K(235968K), 0.0079900 secs] 817622K->607613K(1546688K), 0.0082690 secs] [Times: user=0.02 sys=0.01, real=0.01 secs] 
61440.227: [GC 61440.227: [ParNew: 210590K->707K(235968K), 0.0077680 secs] 817405K->607590K(1546688K), 0.0079470 secs] [Times: user=0.02 sys=0.00, real=0.00 secs] 
61462.516: [GC 61462.516: [ParNew: 210467K->434K(235968K), 0.0263390 secs] 817349K->607360K(1546688K), 0.0267030 secs] [Times: user=0.03 sys=0.00, real=0.03 secs] 
61468.623: [GC 61468.623: [ParNew: 210226K->792K(235968K), 0.0089520 secs] 817152K->607762K(1546688K), 0.0091520 secs] [Times: user=0.02 sys=0.00, real=0.01 secs] 
61491.050: [GC 61491.050: [ParNew: 210584K->891K(235968K), 0.0059430 secs] 817554K->607896K(1546688K), 0.0061500 secs] [Times: user=0.03 sys=0.00, real=0.00 secs] 
61496.215: [GC 61496.215: [ParNew: 210683K->1007K(235968K), 0.0081350 secs] 817688K->608048K(1546688K), 0.0084100 secs] [Times: user=0.02 sys=0.00, real=0.01 secs] 
61507.140: [GC 61507.140: [ParNew: 210779K->1031K(235968K), 0.0062300 secs] 817820K->608115K(1546688K), 0.0064330 secs] [Times: user=0.03 sys=0.00, real=0.01 secs] 
61522.581: [GC 61522.581: [ParNew: 210767K->797K(235968K), 0.0129900 secs] 817851K->607924K(1546688K), 0.0132120 secs] [Times: user=0.03 sys=0.00, real=0.02 secs] 
61530.353: [GC 61530.353: [ParNew: 210589K->735K(235968K), 0.0069030 secs] 817716K->608033K(1546688K), 0.0070800 secs] [Times: user=0.02 sys=0.00, real=0.00 secs] 
61553.050: [GC 61553.050: [ParNew: 210527K->904K(235968K), 0.0123030 secs] 817825K->608245K(1546688K), 0.0124910 secs] [Times: user=0.03 sys=0.00, real=0.01 secs] 
61558.458: [GC 61558.458: [ParNew: 210696K->791K(235968K), 0.0075040 secs] 818037K->608172K(1546688K), 0.0077960 secs] [Times: user=0.03 sys=0.00, real=0.00 secs] 
61573.027: [GC 61573.027: [ParNew: 210583K->856K(235968K), 0.0041130 secs] 817964K->608273K(1546688K), 0.0043740 secs] [Times: user=0.02 sys=0.00, real=0.00 secs] 
61586.164: [GC 61586.164: [ParNew: 210648K->746K(235968K), 0.0061690 secs] 818065K->608207K(1546688K), 0.0063630 secs] [Times: user=0.02 sys=0.00, real=0.00 secs] 
61592.108: [GC 61592.108: [ParNew: 210516K->1065K(235968K), 0.0080790 secs] 817977K->608603K(1546688K), 0.0082790 secs] [Times: user=0.03 sys=0.00, real=0.01 secs] 
61614.823: [GC 61614.824: [ParNew: 210857K->1015K(235968K), 0.0064310 secs] 818395K->608602K(1546688K), 0.0066970 secs] [Times: user=0.03 sys=0.00, real=0.01 secs] 
61620.225: [GC 61620.226: [ParNew: 210807K->910K(235968K), 0.0062370 secs] 818394K->608545K(1546688K), 0.0064520 secs] [Times: user=0.03 sys=0.00, real=0.01 secs] 
61642.003: [GC 61642.003: [ParNew: 210702K->1260K(235968K), 0.0048210 secs] 818337K->608942K(1546688K), 0.0051310 secs] [Times: user=0.03 sys=0.00, real=0.01 secs] 
61646.200: [GC 61646.201: [ParNew: 211052K->848K(235968K), 0.0051480 secs] 818734K->608573K(1546688K), 0.0053460 secs] [Times: user=0.02 sys=0.00, real=0.01 secs] 
61656.746: [GC 61656.746: [ParNew: 210610K->799K(235968K), 0.0175950 secs] 818335K->608563K(1546688K), 0.0178630 secs] [Times: user=0.04 sys=0.00, real=0.02 secs] 
61674.865: [GC 61674.865: [ParNew: 210576K->801K(235968K), 0.0060970 secs] 818340K->608619K(1546688K), 0.0063480 secs] [Times: user=0.02 sys=0.00, real=0.01 secs] 
61680.261: [GC 61680.261: [ParNew: 210481K->886K(235968K), 0.0064810 secs] 818298K->608761K(1546688K), 0.0067620 secs] [Times: user=0.02 sys=0.00, real=0.00 secs] 
61702.053: [GC 61702.053: [ParNew: 210678K->753K(235968K), 0.0073860 secs] 818553K->608672K(1546688K), 0.0076470 secs] [Times: user=0.02 sys=0.01, real=0.01 secs] 
61708.663: [GC 61708.663: [ParNew: 210531K->911K(235968K), 0.0055330 secs] 818450K->608874K(1546688K), 0.0057900 secs] [Times: user=0.04 sys=0.00, real=0.01 secs] 
61731.081: [GC 61731.081: [ParNew: 210696K->579K(235968K), 0.0043450 secs] 818659K->608599K(1546688K), 0.0046170 secs] [Times: user=0.03 sys=0.01, real=0.00 secs] 
61736.254: [GC 61736.254: [ParNew: 210344K->913K(235968K), 0.0086240 secs] 818363K->608968K(1546688K), 0.0089030 secs] [Times: user=0.03 sys=0.00, real=0.01 secs] 
61747.189: [GC 61747.189: [ParNew: 210690K->886K(235968K), 0.0051610 secs] 818745K->608978K(1546688K), 0.0055310 secs] [Times: user=0.03 sys=0.00, real=0.00 secs] 
61762.625: [GC 61762.625: [ParNew: 210678K->1081K(235968K), 0.0119430 secs] 818770K->609216K(1546688K), 0.0121980 secs] [Times: user=0.04 sys=0.01, real=0.02 secs] 
61770.378: [GC 61770.379: [ParNew: 210855K->757K(235968K), 0.0061280 secs] 818991K->608936K(1546688K), 0.0063990 secs] [Times: user=0.02 sys=0.00, real=0.01 secs] 
61793.093: [GC 61793.093: [ParNew: 210549K->876K(235968K), 0.0057230 secs] 818728K->609104K(1546688K), 0.0059300 secs] [Times: user=0.02 sys=0.00, real=0.00 secs] 
61798.506: [GC 61798.507: [ParNew: 210668K->629K(235968K), 0.0117660 secs] 818896K->608894K(1546688K), 0.0121380 secs] [Times: user=0.02 sys=0.00, real=0.01 secs] 
61813.065: [GC 61813.065: [ParNew: 210397K->1079K(235968K), 0.0060100 secs] 818662K->609439K(1546688K), 0.0062630 secs] [Times: user=0.03 sys=0.00, real=0.01 secs] 
61825.432: [GC 61825.432: [ParNew: 210841K->781K(235968K), 0.0069020 secs] 819201K->609185K(1546688K), 0.0071260 secs] [Times: user=0.03 sys=0.00, real=0.01 secs] 
61832.118: [GC 61832.119: [ParNew: 210572K->1145K(235968K), 0.0050890 secs] 818976K->609591K(1546688K), 0.0053620 secs] [Times: user=0.03 sys=0.00, real=0.00 secs] 
61853.131: [GC 61853.131: [ParNew: 210937K->978K(235968K), 0.0052530 secs] 819383K->609478K(1546688K), 0.0055330 secs] [Times: user=0.02 sys=0.00, real=0.00 secs] 
61859.182: [GC 61859.182: [ParNew: 210770K->642K(235968K), 0.0053860 secs] 819270K->609201K(1546688K), 0.0056460 secs] [Times: user=0.03 sys=0.00, real=0.00 secs] 
61882.044: [GC 61882.044: [ParNew: 210434K->1066K(235968K), 0.0066640 secs] 818993K->609718K(1546688K), 0.0068780 secs] [Times: user=0.03 sys=0.00, real=0.01 secs] 
61886.232: [GC 61886.232: [ParNew: 210858K->897K(235968K), 0.0049130 secs] 819510K->609672K(1546688K), 0.0051130 secs] [Times: user=0.03 sys=0.00, real=0.01 secs] 
61896.806: [GC 61896.806: [ParNew: 210689K->764K(235968K), 0.0084630 secs] 819464K->609577K(1546688K), 0.0087840 secs] [Times: user=0.03 sys=0.00, real=0.01 secs] 
61914.903: [GC 61914.903: [ParNew: 210553K->772K(235968K), 0.0053490 secs] 819366K->609621K(1546688K), 0.0055570 secs] [Times: user=0.02 sys=0.00, real=0.00 secs] 
61920.306: [GC 61920.306: [ParNew: 210467K->714K(235968K), 0.0074630 secs] 819316K->609610K(1546688K), 0.0077280 secs] [Times: user=0.02 sys=0.00, real=0.01 secs] 
61942.097: [GC 61942.097: [ParNew: 210506K->857K(235968K), 0.0057120 secs] 819402K->609797K(1546688K), 0.0059240 secs] [Times: user=0.02 sys=0.00, real=0.00 secs] 
61948.706: [GC 61948.706: [ParNew: 210629K->988K(235968K), 0.0049830 secs] 819569K->609971K(1546688K), 0.0051880 secs] [Times: user=0.02 sys=0.00, real=0.00 secs] 
61971.110: [GC 61971.110: [ParNew: 210780K->818K(235968K), 0.0066950 secs] 819763K->609838K(1546688K), 0.0069490 secs] [Times: user=0.03 sys=0.00, real=0.01 secs] 
61976.306: [GC 61976.306: [ParNew: 210610K->868K(235968K), 0.0126260 secs] 819630K->609923K(1546688K), 0.0128880 secs] [Times: user=0.03 sys=0.00, real=0.01 secs] 
61987.233: [GC 61987.233: [ParNew: 210660K->792K(235968K), 0.0062270 secs] 819715K->609987K(1546688K), 0.0064500 secs] [Times: user=0.02 sys=0.00, real=0.00 secs] 
62002.666: [GC 62002.666: [ParNew: 210584K->543K(235968K), 0.0115600 secs] 819779K->609782K(1546688K), 0.0117370 secs] [Times: user=0.02 sys=0.00, real=0.02 secs] 
62010.406: [GC 62010.407: [ParNew: 210276K->948K(235968K), 0.0065540 secs] 819515K->610231K(1546688K), 0.0068220 secs] [Times: user=0.02 sys=0.00, real=0.00 secs] 
62031.150: [GC 62031.150: [ParNew: 210740K->583K(235968K), 0.0054960 secs] 820023K->609920K(1546688K), 0.0057710 secs] [Times: user=0.02 sys=0.00, real=0.01 secs] 
62038.641: [GC 62038.641: [ParNew: 210375K->857K(235968K), 0.0052480 secs] 819712K->610247K(1546688K), 0.0054700 secs] [Times: user=0.02 sys=0.00, real=0.01 secs] 
62053.089: [GC 62053.089: [ParNew: 210649K->1040K(235968K), 0.0049680 secs] 820039K->610485K(1546688K), 0.0052500 secs] [Times: user=0.02 sys=0.01, real=0.01 secs] 
62065.447: [GC 62065.447: [ParNew: 210831K->1295K(235968K), 0.0104890 secs] 820275K->610796K(1546688K), 0.0107230 secs] [Times: user=0.02 sys=0.00, real=0.02 secs] 
62072.139: [GC 62072.139: [ParNew: 211087K->746K(235968K), 0.0155130 secs] 820588K->610291K(1546688K), 0.0157830 secs] [Times: user=0.04 sys=0.00, real=0.01 secs] 
62093.163: [GC 62093.164: [ParNew: 210538K->839K(235968K), 0.0055720 secs] 820083K->610424K(1546688K), 0.0058510 secs] [Times: user=0.02 sys=0.00, real=0.00 secs] 
62098.678: [GC 62098.678: [ParNew: 210631K->670K(235968K), 0.0060030 secs] 820216K->610296K(1546688K), 0.0062510 secs] [Times: user=0.02 sys=0.00, real=0.01 secs] 
62113.128: [GC 62113.129: [ParNew: 210462K->1108K(235968K), 0.0063590 secs] 820088K->610861K(1546688K), 0.0079760 secs] [Times: user=0.03 sys=0.01, real=0.01 secs] 
62126.242: [GC 62126.242: [ParNew: 210900K->833K(235968K), 0.0048310 secs] 820653K->610631K(1546688K), 0.0051030 secs] [Times: user=0.03 sys=0.00, real=0.00 secs] 
62136.841: [GC 62136.841: [ParNew: 210625K->414K(235968K), 0.0267560 secs] 820423K->610262K(1546688K), 0.0270150 secs] [Times: user=0.06 sys=0.01, real=0.03 secs] 
62154.932: [GC 62154.932: [ParNew: 210206K->856K(235968K), 0.0076760 secs] 820054K->610752K(1546688K), 0.0079690 secs] [Times: user=0.03 sys=0.00, real=0.01 secs] 
62160.332: [GC 62160.332: [ParNew: 210648K->617K(235968K), 0.0066620 secs] 820544K->610556K(1546688K), 0.0068600 secs] [Times: user=0.02 sys=0.00, real=0.01 secs] 
62182.125: [GC 62182.126: [ParNew: 210409K->852K(235968K), 0.0056390 secs] 820348K->610834K(1546688K), 0.0058740 secs] [Times: user=0.03 sys=0.00, real=0.01 secs] 
62188.736: [GC 62188.737: [ParNew: 210630K->1098K(235968K), 0.0064250 secs] 820612K->611121K(1546688K), 0.0066670 secs] [Times: user=0.02 sys=0.00, real=0.01 secs] 
62196.940: [GC 62196.940: [ParNew: 210869K->953K(235968K), 0.0158670 secs] 820892K->611025K(1546688K), 0.0162740 secs] [Times: user=0.04 sys=0.00, real=0.01 secs] 
62216.321: [GC 62216.321: [ParNew: 210696K->999K(235968K), 0.0397740 secs] 820769K->611120K(1546688K), 0.0400670 secs] [Times: user=0.07 sys=0.00, real=0.04 secs] 
62227.273: [GC 62227.273: [ParNew: 210791K->1010K(235968K), 0.0060860 secs] 820912K->611174K(1546688K), 0.0063640 secs] [Times: user=0.02 sys=0.00, real=0.00 secs] 
62242.712: [GC 62242.712: [ParNew: 210800K->762K(235968K), 0.0114300 secs] 820964K->611106K(1546688K), 0.0117600 secs] [Times: user=0.02 sys=0.00, real=0.01 secs] 
62250.429: [GC 62250.429: [ParNew: 210554K->558K(235968K), 0.0062880 secs] 820898K->610934K(1546688K), 0.0064910 secs] [Times: user=0.02 sys=0.00, real=0.00 secs] 
62271.176: [GC 62271.177: [ParNew: 210350K->885K(235968K), 0.0083450 secs] 820726K->611302K(1546688K), 0.0085570 secs] [Times: user=0.03 sys=0.00, real=0.01 secs] 
62278.679: [GC 62278.680: [ParNew: 210664K->644K(235968K), 0.0078710 secs] 821081K->611116K(1546688K), 0.0080880 secs] [Times: user=0.03 sys=0.00, real=0.01 secs] 
62287.298: [GC 62287.298: [ParNew: 210367K->1229K(235968K), 0.0076680 secs] 820838K->611754K(1546688K), 0.0078970 secs] [Times: user=0.03 sys=0.00, real=0.01 secs] 
62302.739: [GC 62302.739: [ParNew: 211021K->1267K(235968K), 0.0150060 secs] 821546K->611850K(1546688K), 0.0152920 secs] [Times: user=0.03 sys=0.00, real=0.02 secs] 
62310.442: [GC 62310.442: [ParNew: 211051K->1105K(235968K), 0.0060160 secs] 821634K->611734K(1546688K), 0.0063040 secs] [Times: user=0.02 sys=0.00, real=0.00 secs] 
62331.191: [GC 62331.191: [ParNew: 210897K->894K(235968K), 0.0057040 secs] 821526K->611583K(1546688K), 0.0059930 secs] [Times: user=0.03 sys=0.00, real=0.01 secs] 
62338.697: [GC 62338.697: [ParNew: 210686K->1040K(235968K), 0.0080350 secs] 821375K->611884K(1546688K), 0.0083220 secs] [Times: user=0.03 sys=0.00, real=0.01 secs] 
62353.153: [GC 62353.153: [ParNew: 210775K->818K(235968K), 0.0071750 secs] 821619K->611830K(1546688K), 0.0074570 secs] [Times: user=0.02 sys=0.01, real=0.00 secs] 
62365.496: [GC 62365.496: [ParNew: 210610K->745K(235968K), 0.0055670 secs] 821622K->611800K(1546688K), 0.0057570 secs] [Times: user=0.02 sys=0.00, real=0.01 secs] 
62372.248: [GC 62372.248: [ParNew: 210537K->764K(235968K), 0.0077290 secs] 821592K->611850K(1546688K), 0.0079740 secs] [Times: user=0.03 sys=0.00, real=0.01 secs] 
62393.226: [GC 62393.227: [ParNew: 210556K->982K(235968K), 0.0080580 secs] 821642K->612110K(1546688K), 0.0083190 secs] [Times: user=0.02 sys=0.00, real=0.00 secs] 
62398.747: [GC 62398.748: [ParNew: 210774K->781K(235968K), 0.0066340 secs] 821902K->611950K(1546688K), 0.0069190 secs] [Times: user=0.02 sys=0.00, real=0.00 secs] 
62413.312: [GC 62413.313: [ParNew: 210573K->939K(235968K), 0.0053650 secs] 821742K->612157K(1546688K), 0.0056340 secs] [Times: user=0.03 sys=0.00, real=0.01 secs] 
62426.293: [GC 62426.293: [ParNew: 210731K->1032K(235968K), 0.0067800 secs] 821949K->612385K(1546688K), 0.0070550 secs] [Times: user=0.03 sys=0.00, real=0.00 secs] 
62436.967: [GC 62436.967: [ParNew: 210824K->659K(235968K), 0.0314700 secs] 822177K->612150K(1546688K), 0.0318950 secs] [Times: user=0.03 sys=0.00, real=0.03 secs] 
62454.996: [GC 62454.996: [ParNew: 210391K->986K(235968K), 0.0072520 secs] 821883K->612514K(1546688K), 0.0075060 secs] [Times: user=0.02 sys=0.00, real=0.00 secs] 
62460.401: [GC 62460.401: [ParNew: 210778K->744K(235968K), 0.0052180 secs] 822306K->612336K(1546688K), 0.0054640 secs] [Times: user=0.02 sys=0.00, real=0.01 secs] 
62482.191: [GC 62482.192: [ParNew: 210536K->883K(235968K), 0.0041500 secs] 822128K->612519K(1546688K), 0.0043980 secs] [Times: user=0.03 sys=0.00, real=0.01 secs] 
62488.804: [GC 62488.804: [ParNew: 210655K->1162K(235968K), 0.0041530 secs] 822291K->612843K(1546688K), 0.0043990 secs] [Times: user=0.03 sys=0.01, real=0.00 secs] 
62511.176: [GC 62511.176: [ParNew: 210954K->584K(235968K), 0.0074870 secs] 822635K->612334K(1546688K), 0.0076780 secs] [Times: user=0.03 sys=0.00, real=0.01 secs] 
62516.423: [GC 62516.423: [ParNew: 210376K->647K(235968K), 0.0100490 secs] 822126K->612433K(1546688K), 0.0103150 secs] [Times: user=0.04 sys=0.00, real=0.01 secs] 
62527.354: [GC 62527.354: [ParNew: 210431K->967K(235968K), 0.0051870 secs] 822218K->612790K(1546688K), 0.0054010 secs] [Times: user=0.02 sys=0.01, real=0.01 secs] 
62542.807: [GC 62542.807: [ParNew: 210759K->809K(235968K), 0.0102290 secs] 822582K->612675K(1546688K), 0.0105220 secs] [Times: user=0.03 sys=0.00, real=0.01 secs] 
62550.475: [GC 62550.475: [ParNew: 210601K->862K(235968K), 0.0089770 secs] 822467K->612772K(1546688K), 0.0091640 secs] [Times: user=0.02 sys=0.00, real=0.01 secs] 
62573.224: [GC 62573.224: [ParNew: 210649K->1004K(235968K), 0.0072380 secs] 822560K->612965K(1546688K), 0.0075100 secs] [Times: user=0.02 sys=0.01, real=0.01 secs] 
62578.747: [GC 62578.748: [ParNew: 210718K->1159K(235968K), 0.0063700 secs] 822680K->613169K(1546688K), 0.0066490 secs] [Times: user=0.02 sys=0.00, real=0.00 secs] 
62593.316: [GC 62593.316: [ParNew: 210863K->722K(235968K), 0.0107140 secs] 822873K->612866K(1546688K), 0.0109080 secs] [Times: user=0.02 sys=0.00, real=0.01 secs] 
62605.535: [GC 62605.535: [ParNew: 210412K->1012K(235968K), 0.0067140 secs] 822555K->613199K(1546688K), 0.0069870 secs] [Times: user=0.02 sys=0.00, real=0.00 secs] 
62612.304: [GC 62612.304: [ParNew: 210804K->900K(235968K), 0.0052930 secs] 822991K->613124K(1546688K), 0.0056170 secs] [Times: user=0.02 sys=0.00, real=0.01 secs] 
62635.008: [GC 62635.008: [ParNew: 210612K->884K(235968K), 0.0044730 secs] 822835K->613159K(1546688K), 0.0047550 secs] [Times: user=0.02 sys=0.00, real=0.01 secs] 
62640.406: [GC 62640.406: [ParNew: 210675K->681K(235968K), 0.0062540 secs] 822950K->613018K(1546688K), 0.0064470 secs] [Times: user=0.02 sys=0.00, real=0.01 secs] 
62662.201: [GC 62662.201: [ParNew: 210473K->1318K(235968K), 0.0059020 secs] 822810K->613710K(1546688K), 0.0061410 secs] [Times: user=0.02 sys=0.00, real=0.01 secs] 
62666.337: [GC 62666.337: [ParNew: 211110K->723K(235968K), 0.0082050 secs] 823502K->613158K(1546688K), 0.0084460 secs] [Times: user=0.03 sys=0.00, real=0.01 secs] 
62677.045: [GC 62677.045: [ParNew: 210515K->916K(235968K), 0.0113000 secs] 822950K->613388K(1546688K), 0.0116180 secs] [Times: user=0.03 sys=0.00, real=0.01 secs] 
62695.058: [GC 62695.058: [ParNew: 210708K->1089K(235968K), 0.0054540 secs] 823180K->613603K(1546688K), 0.0057380 secs] [Times: user=0.02 sys=0.01, real=0.01 secs] 
62707.363: [GC 62707.363: [ParNew: 210881K->721K(235968K), 0.0042360 secs] 823395K->613284K(1546688K), 0.0045270 secs] [Times: user=0.03 sys=0.00, real=0.01 secs] 
62722.804: [GC 62722.804: [ParNew: 210509K->689K(235968K), 0.0298320 secs] 823072K->613299K(1546688K), 0.0301220 secs] [Times: user=0.02 sys=0.00, real=0.04 secs] 
62728.852: [GC 62728.852: [ParNew: 210481K->1010K(235968K), 0.0057450 secs] 823091K->613664K(1546688K), 0.0060100 secs] [Times: user=0.02 sys=0.01, real=0.01 secs] 
62751.208: [GC 62751.209: [ParNew: 210776K->930K(235968K), 0.0059260 secs] 823429K->613632K(1546688K), 0.0061690 secs] [Times: user=0.02 sys=0.01, real=0.01 secs] 
62756.460: [GC 62756.460: [ParNew: 210722K->841K(235968K), 0.0097920 secs] 823424K->613590K(1546688K), 0.0100240 secs] [Times: user=0.03 sys=0.00, real=0.01 secs] 
62767.403: [GC 62767.403: [ParNew: 210633K->772K(235968K), 0.0062970 secs] 823382K->613670K(1546688K), 0.0065150 secs] [Times: user=0.02 sys=0.00, real=0.01 secs] 
62782.857: [GC 62782.857: [ParNew: 210557K->677K(235968K), 0.0273750 secs] 823455K->613621K(1546688K), 0.0276110 secs] [Times: user=0.05 sys=0.00, real=0.02 secs] 
62790.510: [GC 62790.510: [ParNew: 210469K->887K(235968K), 0.0068850 secs] 823413K->613897K(1546688K), 0.0070950 secs] [Times: user=0.02 sys=0.00, real=0.01 secs] 
62813.271: [GC 62813.272: [ParNew: 210679K->800K(235968K), 0.0054030 secs] 823689K->613861K(1546688K), 0.0056330 secs] [Times: user=0.03 sys=0.00, real=0.00 secs] 
62818.793: [GC 62818.793: [ParNew: 210530K->1029K(235968K), 0.0054410 secs] 823591K->614139K(1546688K), 0.0056500 secs] [Times: user=0.03 sys=0.00, real=0.00 secs] 
62833.358: [GC 62833.358: [ParNew: 210821K->962K(235968K), 0.0066360 secs] 823931K->614115K(1546688K), 0.0068490 secs] [Times: user=0.03 sys=0.00, real=0.00 secs] 
62845.569: [GC 62845.570: [ParNew: 210754K->972K(235968K), 0.0056330 secs] 823907K->614169K(1546688K), 0.0058540 secs] [Times: user=0.02 sys=0.01, real=0.01 secs] 
62852.344: [GC 62852.344: [ParNew: 210764K->829K(235968K), 0.0146330 secs] 823961K->614173K(1546688K), 0.0149590 secs] [Times: user=0.03 sys=0.00, real=0.02 secs] 
62873.316: [GC 62873.316: [ParNew: 210621K->923K(235968K), 0.0153740 secs] 823965K->614321K(1546688K), 0.0156500 secs] [Times: user=0.03 sys=0.00, real=0.02 secs] 
62880.440: [GC 62880.440: [ParNew: 210715K->791K(235968K), 0.0052170 secs] 824113K->614243K(1546688K), 0.0054880 secs] [Times: user=0.02 sys=0.00, real=0.00 secs] 
62902.240: [GC 62902.240: [ParNew: 210583K->787K(235968K), 0.0057960 secs] 824035K->614284K(1546688K), 0.0060580 secs] [Times: user=0.02 sys=0.00, real=0.01 secs] 
62906.365: [GC 62906.365: [ParNew: 210468K->701K(235968K), 0.0066130 secs] 823964K->614241K(1546688K), 0.0068180 secs] [Times: user=0.03 sys=0.00, real=0.01 secs] 
62917.086: [GC 62917.086: [ParNew: 210493K->610K(235968K), 0.0107300 secs] 824033K->614283K(1546688K), 0.0110300 secs] [Times: user=0.04 sys=0.01, real=0.01 secs] 
62935.099: [GC 62935.099: [ParNew: 210402K->795K(235968K), 0.0075940 secs] 824075K->614510K(1546688K), 0.0078010 secs] [Times: user=0.03 sys=0.00, real=0.01 secs] 
62940.493: [GC 62940.493: [ParNew: 210563K->760K(235968K), 0.0063710 secs] 824278K->614517K(1546688K), 0.0065700 secs] [Times: user=0.02 sys=0.00, real=0.00 secs] 
62962.287: [GC 62962.287: [ParNew: 210552K->782K(235968K), 0.0053180 secs] 824309K->614582K(1546688K), 0.0056070 secs] [Times: user=0.02 sys=0.00, real=0.00 secs] 
62968.894: [GC 62968.894: [ParNew: 210538K->912K(235968K), 0.0065620 secs] 824339K->614759K(1546688K), 0.0068350 secs] [Times: user=0.02 sys=0.00, real=0.01 secs] 
62991.241: [GC 62991.241: [ParNew: 210685K->817K(235968K), 0.0077980 secs] 824533K->614714K(1546688K), 0.0080290 secs] [Times: user=0.02 sys=0.00, real=0.01 secs] 
62996.494: [GC 62996.494: [ParNew: 210557K->942K(235968K), 0.0120040 secs] 824454K->614875K(1546688K), 0.0123160 secs] [Times: user=0.03 sys=0.01, real=0.01 secs] 
63007.458: [GC 63007.459: [ParNew: 210734K->730K(235968K), 0.0061130 secs] 824667K->614704K(1546688K), 0.0063880 secs] [Times: user=0.03 sys=0.00, real=0.01 secs] 
63022.910: [GC 63022.910: [ParNew: 210495K->704K(235968K), 0.0093370 secs] 824469K->614803K(1546688K), 0.0096190 secs] [Times: user=0.03 sys=0.00, real=0.01 secs] 
63030.541: [GC 63030.541: [ParNew: 210496K->700K(235968K), 0.0064210 secs] 824595K->614874K(1546688K), 0.0066120 secs] [Times: user=0.02 sys=0.00, real=0.01 secs] 
63053.318: [GC 63053.318: [ParNew: 210491K->685K(235968K), 0.0104980 secs] 824666K->614909K(1546688K), 0.0107250 secs] [Times: user=0.03 sys=0.00, real=0.01 secs] 
63058.851: [GC 63058.851: [ParNew: 210477K->1080K(235968K), 0.0066070 secs] 824701K->615344K(1546688K), 0.0068060 secs] [Times: user=0.02 sys=0.00, real=0.01 secs] 
63073.400: [GC 63073.400: [ParNew: 210872K->915K(235968K), 0.0090410 secs] 825136K->615227K(1546688K), 0.0092140 secs] [Times: user=0.02 sys=0.00, real=0.00 secs] 
63085.584: [GC 63085.584: [ParNew: 210707K->949K(235968K), 0.0070490 secs] 825019K->615305K(1546688K), 0.0072540 secs] [Times: user=0.02 sys=0.00, real=0.01 secs] 
63092.347: [GC 63092.347: [ParNew: 210741K->1261K(235968K), 0.0055820 secs] 825097K->615692K(1546688K), 0.0059750 secs] [Times: user=0.02 sys=0.00, real=0.00 secs] 
63113.357: [GC 63113.357: [ParNew: 211053K->1313K(235968K), 0.0053470 secs] 825484K->615798K(1546688K), 0.0056040 secs] [Times: user=0.03 sys=0.00, real=0.00 secs] 
63118.882: [GC 63118.882: [ParNew: 210987K->1032K(235968K), 0.0042290 secs] 825472K->615676K(1546688K), 0.0044750 secs] [Times: user=0.02 sys=0.00, real=0.00 secs] 
63133.447: [GC 63133.447: [ParNew: 210814K->621K(235968K), 0.0038220 secs] 825457K->615355K(1546688K), 0.0041010 secs] [Times: user=0.03 sys=0.00, real=0.01 secs] 
63146.381: [GC 63146.381: [ParNew: 210413K->917K(235968K), 0.0039490 secs] 825147K->615718K(1546688K), 0.0041950 secs] [Times: user=0.03 sys=0.00, real=0.00 secs] 
63157.141: [GC 63157.142: [ParNew: 210709K->852K(235968K), 0.0182890 secs] 825510K->615696K(1546688K), 0.0185800 secs] [Times: user=0.05 sys=0.01, real=0.02 secs] 
63175.133: [GC 63175.133: [ParNew: 210644K->816K(235968K), 0.0054350 secs] 825488K->615697K(1546688K), 0.0057050 secs] [Times: user=0.02 sys=0.00, real=0.01 secs] 
63180.523: [GC 63180.523: [ParNew: 210606K->911K(235968K), 0.0053630 secs] 825487K->615828K(1546688K), 0.0056150 secs] [Times: user=0.03 sys=0.01, real=0.00 secs] 
63202.320: [GC 63202.320: [ParNew: 210703K->897K(235968K), 0.0080070 secs] 825620K->615858K(1546688K), 0.0082850 secs] [Times: user=0.02 sys=0.00, real=0.00 secs] 
63208.939: [GC 63208.940: [ParNew: 210689K->681K(235968K), 0.0053440 secs] 825650K->615685K(1546688K), 0.0055240 secs] [Times: user=0.02 sys=0.00, real=0.00 secs] 
63217.204: [GC 63217.204: [ParNew: 210473K->817K(235968K), 0.0050910 secs] 825477K->615871K(1546688K), 0.0053510 secs] [Times: user=0.02 sys=0.00, real=0.01 secs] 
63236.530: [GC 63236.531: [ParNew: 210596K->1034K(235968K), 0.0051890 secs] 825650K->616137K(1546688K), 0.0053700 secs] [Times: user=0.03 sys=0.00, real=0.01 secs] 
63247.502: [GC 63247.502: [ParNew: 210826K->764K(235968K), 0.0086280 secs] 825929K->615996K(1546688K), 0.0088250 secs] [Times: user=0.03 sys=0.00, real=0.00 secs] 
63262.970: [GC 63262.970: [ParNew: 210530K->584K(235968K), 0.0105720 secs] 825762K->615854K(1546688K), 0.0108500 secs] [Times: user=0.03 sys=0.00, real=0.01 secs] 
63270.565: [GC 63270.565: [ParNew: 210376K->799K(235968K), 0.0114320 secs] 825646K->616101K(1546688K), 0.0116340 secs] [Times: user=0.03 sys=0.00, real=0.01 secs] 
63291.319: [GC 63291.319: [ParNew: 210533K->896K(235968K), 0.0064730 secs] 825835K->616251K(1546688K), 0.0067160 secs] [Times: user=0.03 sys=0.01, real=0.01 secs] 
63298.873: [GC 63298.873: [ParNew: 210688K->478K(235968K), 0.0138130 secs] 826043K->615888K(1546688K), 0.0140800 secs] [Times: user=0.02 sys=0.00, real=0.02 secs] 
63313.437: [GC 63313.438: [ParNew: 210241K->725K(235968K), 0.0097730 secs] 825651K->616184K(1546688K), 0.0100490 secs] [Times: user=0.02 sys=0.00, real=0.01 secs] 
63325.615: [GC 63325.615: [ParNew: 210517K->984K(235968K), 0.0072520 secs] 825976K->616486K(1546688K), 0.0075550 secs] [Times: user=0.03 sys=0.00, real=0.01 secs] 
63332.377: [GC 63332.377: [ParNew: 210776K->790K(235968K), 0.0085660 secs] 826278K->616341K(1546688K), 0.0087770 secs] [Times: user=0.02 sys=0.00, real=0.01 secs] 
63353.379: [GC 63353.380: [ParNew: 210555K->1103K(235968K), 0.0074280 secs] 826106K->616705K(1546688K), 0.0076500 secs] [Times: user=0.02 sys=0.00, real=0.01 secs] 
63358.905: [GC 63358.905: [ParNew: 210860K->803K(235968K), 0.0071160 secs] 826462K->616463K(1546688K), 0.0074050 secs] [Times: user=0.02 sys=0.00, real=0.00 secs] 
63373.451: [GC 63373.451: [ParNew: 210595K->1180K(235968K), 0.0075440 secs] 826255K->616903K(1546688K), 0.0077740 secs] [Times: user=0.02 sys=0.00, real=0.01 secs] 
63385.631: [GC 63385.631: [ParNew: 210972K->1001K(235968K), 0.0108160 secs] 826695K->616782K(1546688K), 0.0110580 secs] [Times: user=0.02 sys=0.00, real=0.01 secs] 
63392.396: [GC 63392.396: [ParNew: 210781K->853K(235968K), 0.0068700 secs] 826563K->616780K(1546688K), 0.0070990 secs] [Times: user=0.02 sys=0.00, real=0.01 secs] 
63413.537: [GC 63413.537: [ParNew: 210645K->1026K(235968K), 0.0061910 secs] 826572K->617000K(1546688K), 0.0064510 secs] [Times: user=0.03 sys=0.00, real=0.00 secs] 
63418.940: [GC 63418.941: [ParNew: 210818K->852K(235968K), 0.0133930 secs] 826792K->616873K(1546688K), 0.0136810 secs] [Times: user=0.04 sys=0.00, real=0.01 secs] 
63433.482: [GC 63433.482: [ParNew: 210644K->831K(235968K), 0.0053800 secs] 826665K->616901K(1546688K), 0.0056420 secs] [Times: user=0.02 sys=0.00, real=0.01 secs] 
63446.405: [GC 63446.406: [ParNew: 210623K->807K(235968K), 0.0061610 secs] 826693K->616934K(1546688K), 0.0064470 secs] [Times: user=0.02 sys=0.00, real=0.01 secs] 
63452.428: [GC 63452.428: [ParNew: 210542K->981K(235968K), 0.0060380 secs] 826668K->617157K(1546688K), 0.0062610 secs] [Times: user=0.02 sys=0.00, real=0.01 secs] 
63475.173: [GC 63475.174: [ParNew: 210673K->870K(235968K), 0.0074230 secs] 826848K->617099K(1546688K), 0.0076540 secs] [Times: user=0.02 sys=0.00, real=0.01 secs] 
63480.559: [GC 63480.560: [ParNew: 210662K->954K(235968K), 0.0065900 secs] 826891K->617238K(1546688K), 0.0068150 secs] [Times: user=0.03 sys=0.00, real=0.01 secs] 
63502.361: [GC 63502.361: [ParNew: 210746K->1077K(235968K), 0.0064480 secs] 827030K->617417K(1546688K), 0.0066640 secs] [Times: user=0.02 sys=0.00, real=0.01 secs] 
63506.453: [GC 63506.453: [ParNew: 210846K->932K(235968K), 0.0109680 secs] 827187K->617316K(1546688K), 0.0112230 secs] [Times: user=0.02 sys=0.00, real=0.01 secs] 
63517.251: [GC 63517.252: [ParNew: 210724K->900K(235968K), 0.0066780 secs] 827108K->617425K(1546688K), 0.0069560 secs] [Times: user=0.02 sys=0.00, real=0.00 secs] 
63535.224: [GC 63535.224: [ParNew: 210692K->929K(235968K), 0.0080290 secs] 827217K->617503K(1546688K), 0.0083130 secs] [Times: user=0.03 sys=0.00, real=0.01 secs] 
63547.548: [GC 63547.549: [ParNew: 210721K->941K(235968K), 0.0197930 secs] 827295K->617569K(1546688K), 0.0200410 secs] [Times: user=0.03 sys=0.00, real=0.02 secs] 
63563.004: [GC 63563.004: [ParNew: 210733K->1017K(235968K), 0.0198130 secs] 827361K->617689K(1546688K), 0.0201170 secs] [Times: user=0.02 sys=0.00, real=0.02 secs] 
63569.019: [GC 63569.020: [ParNew: 210809K->1188K(235968K), 0.0069200 secs] 827481K->617943K(1546688K), 0.0072000 secs] [Times: user=0.03 sys=0.00, real=0.01 secs] 
63591.322: [GC 63591.322: [ParNew: 210935K->927K(235968K), 0.0061960 secs] 827690K->617731K(1546688K), 0.0064100 secs] [Times: user=0.02 sys=0.00, real=0.01 secs] 
63596.587: [GC 63596.587: [ParNew: 210719K->1569K(235968K), 0.0067220 secs] 827523K->618425K(1546688K), 0.0069740 secs] [Times: user=0.03 sys=0.00, real=0.01 secs] 
63607.573: [GC 63607.574: [ParNew: 211360K->1344K(235968K), 0.0085140 secs] 828215K->618254K(1546688K), 0.0087730 secs] [Times: user=0.03 sys=0.00, real=0.01 secs] 
63623.033: [GC 63623.034: [ParNew: 211136K->1003K(235968K), 0.0151130 secs] 828046K->617964K(1546688K), 0.0153760 secs] [Times: user=0.04 sys=0.00, real=0.01 secs] 
63629.067: [GC 63629.067: [ParNew: 210784K->729K(235968K), 0.0079940 secs] 827745K->617744K(1546688K), 0.0082510 secs] [Times: user=0.03 sys=0.00, real=0.01 secs] 
63651.357: [GC 63651.357: [ParNew: 210521K->858K(235968K), 0.0069020 secs] 827536K->617927K(1546688K), 0.0071560 secs] [Times: user=0.03 sys=0.00, real=0.01 secs] 
63658.863: [GC 63658.864: [ParNew: 210650K->498K(235968K), 0.0086250 secs] 827719K->617651K(1546688K), 0.0088960 secs] [Times: user=0.02 sys=0.00, real=0.01 secs] 
63673.501: [GC 63673.501: [ParNew: 210290K->602K(235968K), 0.0084120 secs] 827443K->617804K(1546688K), 0.0086700 secs] [Times: user=0.03 sys=0.00, real=0.01 secs] 
63685.669: [GC 63685.669: [ParNew: 210393K->746K(235968K), 0.0060230 secs] 827595K->617979K(1546688K), 0.0062880 secs] [Times: user=0.03 sys=0.00, real=0.01 secs] 
63692.434: [GC 63692.434: [ParNew: 210475K->642K(235968K), 0.0088510 secs] 827708K->617906K(1546688K), 0.0090440 secs] [Times: user=0.02 sys=0.00, real=0.01 secs] 
63713.596: [GC 63713.596: [ParNew: 210434K->871K(235968K), 0.0058350 secs] 827698K->618171K(1546688K), 0.0061630 secs] [Times: user=0.02 sys=0.00, real=0.01 secs] 
63719.017: [GC 63719.017: [ParNew: 210613K->790K(235968K), 0.0111440 secs] 827912K->618132K(1546688K), 0.0113950 secs] [Times: user=0.02 sys=0.00, real=0.02 secs] 
63733.663: [GC 63733.663: [ParNew: 210559K->840K(235968K), 0.0069400 secs] 827900K->618231K(1546688K), 0.0072010 secs] [Times: user=0.03 sys=0.00, real=0.01 secs] 
63746.452: [GC 63746.452: [ParNew: 210581K->983K(235968K), 0.0056100 secs] 827971K->618417K(1546688K), 0.0058910 secs] [Times: user=0.03 sys=0.00, real=0.01 secs] 
63753.654: [GC 63753.654: [ParNew: 210775K->847K(235968K), 0.0059510 secs] 828209K->618343K(1546688K), 0.0062010 secs] [Times: user=0.03 sys=0.00, real=0.00 secs] 
63775.232: [GC 63775.232: [ParNew: 210639K->763K(235968K), 0.0082660 secs] 828135K->618310K(1546688K), 0.0085990 secs] [Times: user=0.02 sys=0.00, real=0.01 secs] 
63780.618: [GC 63780.619: [ParNew: 210495K->1316K(235968K), 0.0078150 secs] 828043K->618913K(1546688K), 0.0080000 secs] [Times: user=0.03 sys=0.00, real=0.00 secs] 
63802.412: [GC 63802.412: [ParNew: 211027K->994K(235968K), 0.0057090 secs] 828624K->618647K(1546688K), 0.0060100 secs] [Times: user=0.02 sys=0.00, real=0.01 secs] 
63806.476: [GC 63806.476: [ParNew: 210698K->1004K(235968K), 0.0052010 secs] 828351K->618700K(1546688K), 0.0054100 secs] [Times: user=0.02 sys=0.00, real=0.00 secs] 
63817.320: [GC 63817.320: [ParNew: 210698K->787K(235968K), 0.0137530 secs] 828394K->618524K(1546688K), 0.0140410 secs] [Times: user=0.02 sys=0.00, real=0.02 secs] 
63835.276: [GC 63835.276: [ParNew: 210579K->852K(235968K), 0.0069700 secs] 828316K->618637K(1546688K), 0.0072130 secs] [Times: user=0.02 sys=0.00, real=0.01 secs] 
63840.763: [GC 63840.763: [ParNew: 210644K->721K(235968K), 0.0064260 secs] 828429K->618564K(1546688K), 0.0066200 secs] [Times: user=0.02 sys=0.00, real=0.01 secs] 
63862.459: [GC 63862.460: [ParNew: 210513K->699K(235968K), 0.0104640 secs] 828356K->618586K(1546688K), 0.0107220 secs] [Times: user=0.02 sys=0.00, real=0.01 secs] 
63869.082: [GC 63869.083: [ParNew: 210491K->1087K(235968K), 0.0068160 secs] 828378K->619018K(1546688K), 0.0071070 secs] [Times: user=0.02 sys=0.00, real=0.01 secs] 
63891.367: [GC 63891.367: [ParNew: 210879K->657K(235968K), 0.0099650 secs] 828810K->618638K(1546688K), 0.0101430 secs] [Times: user=0.02 sys=0.00, real=0.01 secs] 
63896.646: [GC 63896.646: [ParNew: 210426K->1007K(235968K), 0.0133690 secs] 828406K->619023K(1546688K), 0.0135460 secs] [Times: user=0.02 sys=0.00, real=0.01 secs] 
63907.649: [GC 63907.649: [ParNew: 210799K->772K(235968K), 0.0081800 secs] 828815K->618825K(1546688K), 0.0084330 secs] [Times: user=0.03 sys=0.00, real=0.00 secs] 
63923.117: [GC 63923.117: [ParNew: 210564K->632K(235968K), 0.0132210 secs] 828617K->618823K(1546688K), 0.0135110 secs] [Times: user=0.02 sys=0.00, real=0.01 secs] 
63930.654: [GC 63930.654: [ParNew: 210424K->625K(235968K), 0.0087980 secs] 828615K->618860K(1546688K), 0.0089860 secs] [Times: user=0.02 sys=0.00, real=0.01 secs] 
63951.407: [GC 63951.407: [ParNew: 210395K->1065K(235968K), 0.0083440 secs] 828630K->619355K(1546688K), 0.0086140 secs] [Times: user=0.03 sys=0.00, real=0.01 secs] 
63956.685: [GC 63956.685: [ParNew: 210857K->875K(235968K), 0.0132580 secs] 829147K->619224K(1546688K), 0.0134820 secs] [Times: user=0.03 sys=0.00, real=0.01 secs] 
63973.552: [GC 63973.553: [ParNew: 210667K->861K(235968K), 0.0116450 secs] 829016K->619266K(1546688K), 0.0118620 secs] [Times: user=0.03 sys=0.00, real=0.01 secs] 
63985.706: [GC 63985.706: [ParNew: 210572K->1087K(235968K), 0.0075280 secs] 828977K->619537K(1546688K), 0.0077620 secs] [Times: user=0.03 sys=0.00, real=0.00 secs] 
63990.690: [GC 63990.690: [ParNew: 210818K->780K(235968K), 0.0195800 secs] 829268K->619443K(1546688K), 0.0198100 secs] [Times: user=0.04 sys=0.00, real=0.02 secs] 
64013.646: [GC 64013.646: [ParNew: 210572K->693K(235968K), 0.0105130 secs] 829235K->619392K(1546688K), 0.0107740 secs] [Times: user=0.02 sys=0.00, real=0.01 secs] 
64019.059: [GC 64019.059: [ParNew: 210485K->907K(235968K), 0.0206600 secs] 829184K->619647K(1546688K), 0.0210210 secs] [Times: user=0.04 sys=0.00, real=0.02 secs] 
64033.594: [GC 64033.594: [ParNew: 210612K->1214K(235968K), 0.0071020 secs] 829352K->620003K(1546688K), 0.0073190 secs] [Times: user=0.03 sys=0.00, real=0.01 secs] 
64046.481: [GC 64046.482: [ParNew: 211006K->811K(235968K), 0.0099580 secs] 829795K->619644K(1546688K), 0.0101750 secs] [Times: user=0.03 sys=0.00, real=0.01 secs] 
64052.509: [GC 64052.509: [ParNew: 210603K->866K(235968K), 0.0093050 secs] 829436K->619943K(1546688K), 0.0095470 secs] [Times: user=0.02 sys=0.00, real=0.01 secs] 
64075.304: [GC 64075.304: [ParNew: 210658K->829K(235968K), 0.0073520 secs] 829735K->619949K(1546688K), 0.0076040 secs] [Times: user=0.03 sys=0.00, real=0.00 secs] 
64080.791: [GC 64080.792: [ParNew: 210621K->702K(235968K), 0.0057880 secs] 829741K->619892K(1546688K), 0.0060700 secs] [Times: user=0.03 sys=0.00, real=0.00 secs] 
64102.486: [GC 64102.487: [ParNew: 210494K->1323K(235968K), 0.0055750 secs] 829684K->620546K(1546688K), 0.0058250 secs] [Times: user=0.02 sys=0.00, real=0.01 secs] 
64109.102: [GC 64109.102: [ParNew: 211115K->1213K(235968K), 0.0082460 secs] 830338K->620480K(1546688K), 0.0084540 secs] [Times: user=0.02 sys=0.00, real=0.01 secs] 
64117.417: [GC 64117.417: [ParNew: 210948K->685K(235968K), 0.0123040 secs] 830216K->619996K(1546688K), 0.0125340 secs] [Times: user=0.02 sys=0.00, real=0.01 secs] 
64136.675: [GC 64136.676: [ParNew: 210477K->665K(235968K), 0.0059620 secs] 829788K->620029K(1546688K), 0.0064530 secs] [Times: user=0.03 sys=0.00, real=0.00 secs] 
64147.685: [GC 64147.685: [ParNew: 210457K->927K(235968K), 0.0142980 secs] 829821K->620420K(1546688K), 0.0145320 secs] [Times: user=0.02 sys=0.01, real=0.01 secs] 
64163.139: [GC 64163.140: [ParNew: 210719K->836K(235968K), 0.0056800 secs] 830212K->620372K(1546688K), 0.0059640 secs] [Times: user=0.02 sys=0.00, real=0.00 secs] 
64169.138: [GC 64169.139: [ParNew: 210628K->978K(235968K), 0.0093990 secs] 830164K->620559K(1546688K), 0.0096480 secs] [Times: user=0.02 sys=0.00, real=0.01 secs] 
64185.221: [GC 64185.222: [ParNew: 210770K->638K(235968K), 0.0113690 secs] 830351K->620273K(1546688K), 0.0116640 secs] [Times: user=0.03 sys=0.00, real=0.01 secs] 
64196.691: [GC 64196.691: [ParNew: 210430K->1293K(235968K), 0.0098310 secs] 830065K->620986K(1546688K), 0.0101850 secs] [Times: user=0.03 sys=0.00, real=0.01 secs] 
64207.706: [GC 64207.706: [ParNew: 211085K->1097K(235968K), 0.0062770 secs] 830778K->620845K(1546688K), 0.0068330 secs] [Times: user=0.02 sys=0.00, real=0.01 secs] 
64223.163: [GC 64223.163: [ParNew: 210889K->1069K(235968K), 0.0094100 secs] 830637K->620868K(1546688K), 0.0096550 secs] [Times: user=0.03 sys=0.01, real=0.01 secs] 
64229.169: [GC 64229.169: [ParNew: 210845K->925K(235968K), 0.0048600 secs] 830645K->620795K(1546688K), 0.0050780 secs] [Times: user=0.02 sys=0.00, real=0.00 secs] 
64251.440: [GC 64251.440: [ParNew: 210673K->953K(235968K), 0.0059430 secs] 830543K->620866K(1546688K), 0.0062410 secs] [Times: user=0.03 sys=0.00, real=0.01 secs] 
64256.741: [GC 64256.741: [ParNew: 210745K->1383K(235968K), 0.0071290 secs] 830658K->621354K(1546688K), 0.0073950 secs] [Times: user=0.02 sys=0.00, real=0.01 secs] 
64271.196: [GC 64271.196: [ParNew: 211175K->834K(235968K), 0.0074210 secs] 831146K->620860K(1546688K), 0.0076100 secs] [Times: user=0.02 sys=0.00, real=0.01 secs] 
64285.744: [GC 64285.744: [ParNew: 210626K->623K(235968K), 0.0194550 secs] 830652K->620959K(1546688K), 0.0196540 secs] [Times: user=0.02 sys=0.00, real=0.02 secs] 
64290.731: [GC 64290.731: [ParNew: 210415K->868K(235968K), 0.0055810 secs] 830751K->621249K(1546688K), 0.0058660 secs] [Times: user=0.02 sys=0.00, real=0.00 secs] 
64313.710: [GC 64313.711: [ParNew: 210660K->761K(235968K), 0.0075080 secs] 831041K->621179K(1546688K), 0.0077810 secs] [Times: user=0.02 sys=0.00, real=0.01 secs] 
64319.114: [GC 64319.114: [ParNew: 210553K->936K(235968K), 0.0114430 secs] 830971K->621390K(1546688K), 0.0117190 secs] [Times: user=0.03 sys=0.00, real=0.01 secs] 
64333.655: [GC 64333.655: [ParNew: 210728K->657K(235968K), 0.0111150 secs] 831182K->621168K(1546688K), 0.0113530 secs] [Times: user=0.02 sys=0.00, real=0.01 secs] 
64346.527: [GC 64346.527: [ParNew: 210449K->1342K(235968K), 0.0113760 secs] 830960K->621896K(1546688K), 0.0116270 secs] [Times: user=0.03 sys=0.01, real=0.01 secs] 
64357.428: [GC 64357.428: [ParNew: 211131K->670K(235968K), 0.0177010 secs] 831685K->621273K(1546688K), 0.0180140 secs] [Times: user=0.03 sys=0.01, real=0.01 secs] 
64375.359: [GC 64375.359: [ParNew: 210462K->890K(235968K), 0.0089030 secs] 831065K->621537K(1546688K), 0.0091580 secs] [Times: user=0.02 sys=0.00, real=0.01 secs] 
64380.847: [GC 64380.847: [ParNew: 210624K->915K(235968K), 0.0062120 secs] 831270K->621600K(1546688K), 0.0064170 secs] [Times: user=0.03 sys=0.00, real=0.00 secs] 
64402.534: [GC 64402.534: [ParNew: 210650K->1027K(235968K), 0.0069670 secs] 831335K->621853K(1546688K), 0.0072620 secs] [Times: user=0.03 sys=0.00, real=0.01 secs] 
64409.155: [GC 64409.155: [ParNew: 210819K->753K(235968K), 0.0195550 secs] 831645K->621624K(1546688K), 0.0198000 secs] [Times: user=0.02 sys=0.00, real=0.02 secs] 
64417.512: [GC 64417.512: [ParNew: 210506K->672K(235968K), 0.0098820 secs] 831377K->621588K(1546688K), 0.0101730 secs] [Times: user=0.02 sys=0.01, real=0.01 secs] 
64436.729: [GC 64436.729: [ParNew: 210427K->664K(235968K), 0.0106520 secs] 831343K->621634K(1546688K), 0.0108570 secs] [Times: user=0.02 sys=0.00, real=0.01 secs] 
64447.748: [GC 64447.748: [ParNew: 210387K->860K(235968K), 0.0049700 secs] 831357K->621887K(1546688K), 0.0052400 secs] [Times: user=0.03 sys=0.00, real=0.00 secs] 
64463.204: [GC 64463.204: [ParNew: 210628K->737K(235968K), 0.0057640 secs] 831654K->621806K(1546688K), 0.0060450 secs] [Times: user=0.03 sys=0.00, real=0.00 secs] 
64469.206: [GC 64469.207: [ParNew: 210529K->857K(235968K), 0.0091160 secs] 831598K->621970K(1546688K), 0.0093510 secs] [Times: user=0.02 sys=0.00, real=0.01 secs] 
64491.462: [GC 64491.462: [ParNew: 210649K->763K(235968K), 0.0054730 secs] 831762K->621918K(1546688K), 0.0057360 secs] [Times: user=0.02 sys=0.00, real=0.01 secs] 
64496.773: [GC 64496.773: [ParNew: 210555K->843K(235968K), 0.0091210 secs] 831710K->622038K(1546688K), 0.0093590 secs] [Times: user=0.02 sys=0.00, real=0.01 secs] 
64507.797: [GC 64507.797: [ParNew: 210608K->877K(235968K), 0.0059410 secs] 831804K->622124K(1546688K), 0.0061610 secs] [Times: user=0.03 sys=0.00, real=0.00 secs] 
64523.745: [GC 64523.745: [ParNew: 210669K->504K(235968K), 0.0073230 secs] 831916K->621800K(1546688K), 0.0075730 secs] [Times: user=0.03 sys=0.00, real=0.01 secs] 
64530.758: [GC 64530.758: [ParNew: 210282K->1045K(235968K), 0.0075050 secs] 831579K->622391K(1546688K), 0.0077770 secs] [Times: user=0.02 sys=0.00, real=0.01 secs] 
64553.747: [GC 64553.747: [ParNew: 210837K->815K(235968K), 0.0073540 secs] 832183K->622197K(1546688K), 0.0076530 secs] [Times: user=0.02 sys=0.00, real=0.00 secs] 
64559.151: [GC 64559.151: [ParNew: 210510K->958K(235968K), 0.0084040 secs] 831892K->622381K(1546688K), 0.0087000 secs] [Times: user=0.02 sys=0.00, real=0.01 secs] 
64573.690: [GC 64573.690: [ParNew: 210750K->954K(235968K), 0.0087000 secs] 832173K->622413K(1546688K), 0.0089550 secs] [Times: user=0.02 sys=0.00, real=0.01 secs] 
64586.554: [GC 64586.554: [ParNew: 210746K->714K(235968K), 0.0091320 secs] 832205K->622219K(1546688K), 0.0093880 secs] [Times: user=0.02 sys=0.00, real=0.01 secs] 
64592.575: [GC 64592.575: [ParNew: 210506K->1052K(235968K), 0.0048960 secs] 832011K->622624K(1546688K), 0.0051430 secs] [Times: user=0.02 sys=0.00, real=0.00 secs] 
64615.406: [GC 64615.406: [ParNew: 210844K->1150K(235968K), 0.0080520 secs] 832416K->622764K(1546688K), 0.0082450 secs] [Times: user=0.02 sys=0.00, real=0.01 secs] 
64620.888: [GC 64620.888: [ParNew: 210901K->668K(235968K), 0.0121050 secs] 832515K->622413K(1546688K), 0.0122800 secs] [Times: user=0.02 sys=0.00, real=0.01 secs] 
64642.579: [GC 64642.579: [ParNew: 210388K->1052K(235968K), 0.0082720 secs] 832133K->622834K(1546688K), 0.0085320 secs] [Times: user=0.03 sys=0.00, real=0.01 secs] 
64649.205: [GC 64649.205: [ParNew: 210844K->973K(235968K), 0.0080010 secs] 832626K->622799K(1546688K), 0.0082120 secs] [Times: user=0.02 sys=0.00, real=0.01 secs] 
64657.569: [GC 64657.569: [ParNew: 210641K->1288K(235968K), 0.0097690 secs] 832467K->623163K(1546688K), 0.0100580 secs] [Times: user=0.02 sys=0.00, real=0.01 secs] 
64675.449: [GC 64675.450: [ParNew: 211050K->1037K(235968K), 0.0085830 secs] 832926K->622967K(1546688K), 0.0088430 secs] [Times: user=0.02 sys=0.00, real=0.01 secs] 
64685.984: [GC 64685.984: [ParNew: 210829K->625K(235968K), 0.0074620 secs] 832759K->622612K(1546688K), 0.0077190 secs] [Times: user=0.03 sys=0.00, real=0.01 secs] 
64703.246: [GC 64703.246: [ParNew: 210417K->909K(235968K), 0.0043690 secs] 832404K->622942K(1546688K), 0.0046450 secs] [Times: user=0.03 sys=0.00, real=0.00 secs] 
64709.248: [GC 64709.248: [ParNew: 210701K->1211K(235968K), 0.0047450 secs] 832734K->623288K(1546688K), 0.0050350 secs] [Times: user=0.03 sys=0.00, real=0.01 secs] 
64731.485: [GC 64731.486: [ParNew: 211000K->1114K(235968K), 0.0058520 secs] 833077K->623314K(1546688K), 0.0061120 secs] [Times: user=0.02 sys=0.00, real=0.01 secs] 
64736.809: [GC 64736.809: [ParNew: 210906K->865K(235968K), 0.0047490 secs] 833106K->623102K(1546688K), 0.0049890 secs] [Times: user=0.03 sys=0.00, real=0.00 secs] 
64747.956: [GC 64747.956: [ParNew: 210548K->828K(235968K), 0.0094150 secs] 832784K->623107K(1546688K), 0.0096150 secs] [Times: user=0.03 sys=0.00, real=0.01 secs] 
64763.280: [GC 64763.280: [ParNew: 210593K->980K(235968K), 0.0071620 secs] 832872K->623302K(1546688K), 0.0073520 secs] [Times: user=0.02 sys=0.00, real=0.01 secs] 
64770.775: [GC 64770.775: [ParNew: 210772K->746K(235968K), 0.0070310 secs] 833094K->623218K(1546688K), 0.0073140 secs] [Times: user=0.02 sys=0.00, real=0.01 secs] 
64791.514: [GC 64791.514: [ParNew: 210538K->979K(235968K), 0.0067100 secs] 833010K->623506K(1546688K), 0.0069000 secs] [Times: user=0.02 sys=0.01, real=0.01 secs] 
64799.169: [GC 64799.170: [ParNew: 210771K->706K(235968K), 0.0118310 secs] 833298K->623288K(1546688K), 0.0120890 secs] [Times: user=0.03 sys=0.00, real=0.01 secs] 
64813.716: [GC 64813.717: [ParNew: 210459K->1021K(235968K), 0.0068550 secs] 833041K->623657K(1546688K), 0.0071040 secs] [Times: user=0.03 sys=0.00, real=0.00 secs] 
64825.833: [GC 64825.833: [ParNew: 210760K->869K(235968K), 0.0075010 secs] 833396K->623549K(1546688K), 0.0077460 secs] [Times: user=0.02 sys=0.00, real=0.01 secs] 
64832.583: [GC 64832.584: [ParNew: 210654K->842K(235968K), 0.0052570 secs] 833334K->623641K(1546688K), 0.0055220 secs] [Times: user=0.02 sys=0.00, real=0.00 secs] 
64853.814: [GC 64853.814: [ParNew: 210634K->684K(235968K), 0.0159480 secs] 833433K->623523K(1546688K), 0.0162180 secs] [Times: user=0.02 sys=0.00, real=0.02 secs] 
64859.285: [GC 64859.286: [ParNew: 210476K->536K(235968K), 0.0057510 secs] 833315K->623422K(1546688K), 0.0060320 secs] [Times: user=0.02 sys=0.00, real=0.01 secs] 
64873.755: [GC 64873.755: [ParNew: 210316K->985K(235968K), 0.0057550 secs] 833202K->623922K(1546688K), 0.0060530 secs] [Times: user=0.03 sys=0.00, real=0.01 secs] 
64886.596: [GC 64886.596: [ParNew: 210772K->859K(235968K), 0.0081890 secs] 833710K->623853K(1546688K), 0.0084210 secs] [Times: user=0.02 sys=0.00, real=0.01 secs] 
64892.615: [GC 64892.615: [ParNew: 210618K->1073K(235968K), 0.0058600 secs] 833612K->624131K(1546688K), 0.0060720 secs] [Times: user=0.03 sys=0.00, real=0.00 secs] 
64915.459: [GC 64915.459: [ParNew: 210824K->1047K(235968K), 0.0054510 secs] 833882K->624154K(1546688K), 0.0057260 secs] [Times: user=0.03 sys=0.00, real=0.01 secs] 
64920.942: [GC 64920.942: [ParNew: 210839K->848K(235968K), 0.0056090 secs] 833946K->623991K(1546688K), 0.0058830 secs] [Times: user=0.02 sys=0.00, real=0.00 secs] 
64942.635: [GC 64942.635: [ParNew: 210615K->1188K(235968K), 0.0067250 secs] 833758K->624425K(1546688K), 0.0069480 secs] [Times: user=0.03 sys=0.00, real=0.01 secs] 
64946.640: [GC 64946.640: [ParNew: 210980K->1089K(235968K), 0.0069780 secs] 834217K->624369K(1546688K), 0.0071860 secs] [Times: user=0.03 sys=0.00, real=0.01 secs] 
64957.651: [GC 64957.651: [ParNew: 210881K->985K(235968K), 0.0093830 secs] 834161K->624308K(1546688K), 0.0096780 secs] [Times: user=0.02 sys=0.00, real=0.01 secs] 
64975.495: [GC 64975.495: [ParNew: 210777K->791K(235968K), 0.0083790 secs] 834100K->624168K(1546688K), 0.0086630 secs] [Times: user=0.03 sys=0.00, real=0.01 secs] 
64980.979: [GC 64980.980: [ParNew: 210573K->944K(235968K), 0.0064140 secs] 833950K->624380K(1546688K), 0.0066330 secs] [Times: user=0.03 sys=0.00, real=0.01 secs] 
65003.298: [GC 65003.298: [ParNew: 210736K->519K(235968K), 0.0063310 secs] 834172K->623998K(1546688K), 0.0066080 secs] [Times: user=0.03 sys=0.00, real=0.00 secs] 
65009.307: [GC 65009.307: [ParNew: 210304K->924K(235968K), 0.0090780 secs] 833783K->624528K(1546688K), 0.0093740 secs] [Times: user=0.03 sys=0.00, real=0.01 secs] 
65031.523: [GC 65031.523: [ParNew: 210716K->790K(235968K), 0.0080570 secs] 834320K->624431K(1546688K), 0.0082820 secs] [Times: user=0.02 sys=0.00, real=0.00 secs] 
65036.871: [GC 65036.872: [ParNew: 210572K->933K(235968K), 0.0051910 secs] 834213K->624610K(1546688K), 0.0053740 secs] [Times: user=0.03 sys=0.01, real=0.00 secs] 
65047.902: [GC 65047.902: [ParNew: 210663K->986K(235968K), 0.0042540 secs] 834340K->624705K(1546688K), 0.0045120 secs] [Times: user=0.02 sys=0.01, real=0.00 secs] 
65063.352: [GC 65063.352: [ParNew: 210778K->826K(235968K), 0.0159380 secs] 834497K->624588K(1546688K), 0.0162320 secs] [Times: user=0.04 sys=0.00, real=0.02 secs] 
65070.822: [GC 65070.822: [ParNew: 210602K->711K(235968K), 0.0077530 secs] 834364K->624565K(1546688K), 0.0079980 secs] [Times: user=0.03 sys=0.00, real=0.01 secs] 
65093.835: [GC 65093.835: [ParNew: 210503K->951K(235968K), 0.0068830 secs] 834357K->624847K(1546688K), 0.0071250 secs] [Times: user=0.02 sys=0.00, real=0.01 secs] 
65099.277: [GC 65099.278: [ParNew: 210712K->1093K(235968K), 0.0128300 secs] 834608K->625025K(1546688K), 0.0131400 secs] [Times: user=0.02 sys=0.00, real=0.01 secs] 
65113.789: [GC 65113.789: [ParNew: 210885K->1130K(235968K), 0.0064890 secs] 834817K->625099K(1546688K), 0.0067390 secs] [Times: user=0.02 sys=0.00, real=0.00 secs] 
65125.901: [GC 65125.901: [ParNew: 210900K->573K(235968K), 0.0041830 secs] 834869K->624736K(1546688K), 0.0044580 secs] [Times: user=0.03 sys=0.00, real=0.00 secs] 
65132.641: [GC 65132.641: [ParNew: 210341K->858K(235968K), 0.0056540 secs] 834504K->625066K(1546688K), 0.0058860 secs] [Times: user=0.02 sys=0.00, real=0.01 secs] 
65155.503: [GC 65155.503: [ParNew: 210650K->1101K(235968K), 0.0103270 secs] 834858K->625358K(1546688K), 0.0106300 secs] [Times: user=0.03 sys=0.00, real=0.01 secs] 
65160.985: [GC 65160.985: [ParNew: 210893K->756K(235968K), 0.0069130 secs] 835150K->625053K(1546688K), 0.0071640 secs] [Times: user=0.03 sys=0.00, real=0.01 secs] 
65182.682: [GC 65182.682: [ParNew: 210548K->880K(235968K), 0.0078400 secs] 834845K->625214K(1546688K), 0.0080590 secs] [Times: user=0.02 sys=0.00, real=0.01 secs] 
65189.307: [GC 65189.307: [ParNew: 210622K->811K(235968K), 0.0059760 secs] 834956K->625189K(1546688K), 0.0062590 secs] [Times: user=0.03 sys=0.00, real=0.01 secs] 
65197.710: [GC 65197.710: [ParNew: 210603K->636K(235968K), 0.0192320 secs] 834981K->625057K(1546688K), 0.0195340 secs] [Times: user=0.04 sys=0.00, real=0.02 secs] 
65216.875: [GC 65216.875: [ParNew: 210428K->784K(235968K), 0.0154690 secs] 834849K->625258K(1546688K), 0.0157420 secs] [Times: user=0.02 sys=0.01, real=0.01 secs] 
65227.916: [GC 65227.916: [ParNew: 210525K->666K(235968K), 0.0075510 secs] 835000K->625192K(1546688K), 0.0077330 secs] [Times: user=0.02 sys=0.00, real=0.01 secs] 
65243.354: [GC 65243.354: [ParNew: 210458K->848K(235968K), 0.0066180 secs] 834984K->625418K(1546688K), 0.0068750 secs] [Times: user=0.03 sys=0.01, real=0.01 secs] 
65249.361: [GC 65249.361: [ParNew: 210583K->652K(235968K), 0.0067650 secs] 835153K->625266K(1546688K), 0.0069750 secs] [Times: user=0.03 sys=0.00, real=0.01 secs] 
65271.570: [GC 65271.570: [ParNew: 210444K->893K(235968K), 0.0111240 secs] 835058K->625552K(1546688K), 0.0113590 secs] [Times: user=0.04 sys=0.00, real=0.01 secs] 
65276.930: [GC 65276.930: [ParNew: 210685K->1145K(235968K), 0.0067240 secs] 835344K->625845K(1546688K), 0.0069470 secs] [Times: user=0.03 sys=0.00, real=0.01 secs] 
65287.963: [GC 65287.963: [ParNew: 210937K->1196K(235968K), 0.0082210 secs] 835637K->625946K(1546688K), 0.0084850 secs] [Times: user=0.02 sys=0.00, real=0.00 secs] 
65303.415: [GC 65303.415: [ParNew: 210988K->777K(235968K), 0.0209260 secs] 835738K->625572K(1546688K), 0.0212020 secs] [Times: user=0.04 sys=0.00, real=0.02 secs] 
65310.852: [GC 65310.852: [ParNew: 210569K->1165K(235968K), 0.0066050 secs] 835364K->626004K(1546688K), 0.0068620 secs] [Times: user=0.02 sys=0.01, real=0.01 secs] 
65333.886: [GC 65333.886: [ParNew: 210935K->868K(235968K), 0.0110790 secs] 835774K->625757K(1546688K), 0.0113640 secs] [Times: user=0.03 sys=0.00, real=0.01 secs] 
65339.335: [GC 65339.335: [ParNew: 210660K->736K(235968K), 0.0115820 secs] 835549K->625667K(1546688K), 0.0118600 secs] [Times: user=0.02 sys=0.00, real=0.01 secs] 
65353.834: [GC 65353.834: [ParNew: 210528K->984K(235968K), 0.0071780 secs] 835459K->625951K(1546688K), 0.0074470 secs] [Times: user=0.02 sys=0.00, real=0.01 secs] 
65365.916: [GC 65365.917: [ParNew: 210713K->850K(235968K), 0.0083180 secs] 835681K->625863K(1546688K), 0.0085030 secs] [Times: user=0.02 sys=0.00, real=0.01 secs] 
65372.670: [GC 65372.670: [ParNew: 210642K->660K(235968K), 0.0128350 secs] 835655K->625734K(1546688K), 0.0130820 secs] [Times: user=0.02 sys=0.00, real=0.01 secs] 
65393.924: [GC 65393.924: [ParNew: 210387K->790K(235968K), 0.0060240 secs] 835461K->625930K(1546688K), 0.0065330 secs] [Times: user=0.03 sys=0.01, real=0.01 secs] 
65401.012: [GC 65401.012: [ParNew: 210582K->836K(235968K), 0.0062940 secs] 835722K->626031K(1546688K), 0.0065340 secs] [Times: user=0.03 sys=0.00, real=0.01 secs] 
65422.714: [GC 65422.714: [ParNew: 210628K->1040K(235968K), 0.0083720 secs] 835823K->626279K(1546688K), 0.0085750 secs] [Times: user=0.02 sys=0.01, real=0.01 secs] 
65426.695: [GC 65426.695: [ParNew: 210815K->1073K(235968K), 0.0061540 secs] 836054K->626356K(1546688K), 0.0063320 secs] [Times: user=0.02 sys=0.00, real=0.01 secs] 
65437.758: [GC 65437.758: [ParNew: 210742K->868K(235968K), 0.0157800 secs] 836025K->626182K(1546688K), 0.0160880 secs] [Times: user=0.03 sys=0.00, real=0.02 secs] 
65455.578: [GC 65455.578: [ParNew: 210660K->762K(235968K), 0.0065830 secs] 835974K->626272K(1546688K), 0.0068730 secs] [Times: user=0.03 sys=0.00, real=0.01 secs] 
65461.019: [GC 65461.019: [ParNew: 210554K->816K(235968K), 0.0106690 secs] 836064K->626395K(1546688K), 0.0109110 secs] [Times: user=0.03 sys=0.00, real=0.01 secs] 
65482.722: [GC 65482.722: [ParNew: 210608K->942K(235968K), 0.0052790 secs] 836187K->626578K(1546688K), 0.0055680 secs] [Times: user=0.02 sys=0.00, real=0.00 secs] 
65486.701: [GC 65486.701: [ParNew: 210734K->929K(235968K), 0.0065120 secs] 836370K->626626K(1546688K), 0.0067950 secs] [Times: user=0.03 sys=0.00, real=0.00 secs] 
65497.758: [GC 65497.758: [ParNew: 210697K->759K(235968K), 0.0046380 secs] 836394K->626516K(1546688K), 0.0048820 secs] [Times: user=0.03 sys=0.01, real=0.01 secs] 
65515.592: [GC 65515.592: [ParNew: 210490K->1020K(235968K), 0.0096120 secs] 836247K->626815K(1546688K), 0.0098280 secs] [Times: user=0.03 sys=0.00, real=0.01 secs] 
65521.072: [GC 65521.072: [ParNew: 210754K->828K(235968K), 0.0106460 secs] 836550K->626670K(1546688K), 0.0108510 secs] [Times: user=0.02 sys=0.00, real=0.01 secs] 
65542.764: [GC 65542.764: [ParNew: 210620K->710K(235968K), 0.0055830 secs] 836462K->626596K(1546688K), 0.0057890 secs] [Times: user=0.02 sys=0.00, real=0.00 secs] 
65549.394: [GC 65549.395: [ParNew: 210502K->905K(235968K), 0.0045170 secs] 836388K->626835K(1546688K), 0.0048030 secs] [Times: user=0.03 sys=0.00, real=0.00 secs] 
65569.017: [GC 65569.017: [ParNew: 210697K->624K(235968K), 0.0089040 secs] 836627K->626603K(1546688K), 0.0091880 secs] [Times: user=0.02 sys=0.00, real=0.01 secs] 
65577.074: [GC 65577.074: [ParNew: 210416K->895K(235968K), 0.0058990 secs] 836395K->626916K(1546688K), 0.0061820 secs] [Times: user=0.03 sys=0.00, real=0.01 secs] 
65588.013: [GC 65588.013: [ParNew: 210600K->781K(235968K), 0.0130950 secs] 836621K->626947K(1546688K), 0.0132740 secs] [Times: user=0.02 sys=0.00, real=0.02 secs] 
65603.452: [GC 65603.452: [ParNew: 210573K->598K(235968K), 0.0291520 secs] 836739K->626807K(1546688K), 0.0294360 secs] [Times: user=0.05 sys=0.00, real=0.03 secs] 
65610.887: [GC 65610.887: [ParNew: 210390K->862K(235968K), 0.0070350 secs] 836599K->627109K(1546688K), 0.0072840 secs] [Times: user=0.03 sys=0.00, real=0.01 secs] 
65631.611: [GC 65631.611: [ParNew: 210596K->1045K(235968K), 0.0069620 secs] 836843K->627345K(1546688K), 0.0072210 secs] [Times: user=0.03 sys=0.00, real=0.01 secs] 
65637.105: [GC 65637.105: [ParNew: 210837K->973K(235968K), 0.0108330 secs] 837137K->627328K(1546688K), 0.0110940 secs] [Times: user=0.03 sys=0.00, real=0.01 secs] 
65648.027: [GC 65648.028: [ParNew: 210706K->948K(235968K), 0.0086110 secs] 837061K->627357K(1546688K), 0.0088610 secs] [Times: user=0.02 sys=0.00, real=0.01 secs] 
65663.457: [GC 65663.457: [ParNew: 210740K->824K(235968K), 0.0239380 secs] 837149K->627290K(1546688K), 0.0242090 secs] [Times: user=0.04 sys=0.00, real=0.02 secs] 
65670.892: [GC 65670.892: [ParNew: 210616K->909K(235968K), 0.0062930 secs] 837082K->627529K(1546688K), 0.0065770 secs] [Times: user=0.03 sys=0.00, real=0.00 secs] 
65691.619: [GC 65691.619: [ParNew: 210701K->1406K(235968K), 0.0064250 secs] 837321K->628080K(1546688K), 0.0066120 secs] [Times: user=0.02 sys=0.00, real=0.00 secs] 
65697.120: [GC 65697.120: [ParNew: 211198K->1681K(235968K), 0.0078360 secs] 837872K->628409K(1546688K), 0.0081080 secs] [Times: user=0.03 sys=0.00, real=0.01 secs] 
65708.054: [GC 65708.054: [ParNew: 211473K->1487K(235968K), 0.0079960 secs] 838201K->628269K(1546688K), 0.0082020 secs] [Times: user=0.02 sys=0.00, real=0.01 secs] 
65725.940: [GC 65725.940: [ParNew: 211279K->1403K(235968K), 0.0062770 secs] 838061K->628242K(1546688K), 0.0065490 secs] [Times: user=0.03 sys=0.01, real=0.01 secs] 
65730.917: [GC 65730.917: [ParNew: 211195K->1045K(235968K), 0.0421050 secs] 838034K->628541K(1546688K), 0.0423370 secs] [Times: user=0.22 sys=0.00, real=0.04 secs] 
65753.974: [GC 65753.974: [ParNew: 210784K->867K(235968K), 0.0074750 secs] 838280K->628406K(1546688K), 0.0077190 secs] [Times: user=0.03 sys=0.00, real=0.01 secs] 
65759.427: [GC 65759.427: [ParNew: 210659K->884K(235968K), 0.0071770 secs] 838198K->628463K(1546688K), 0.0074770 secs] [Times: user=0.02 sys=0.00, real=0.01 secs] 
65773.915: [GC 65773.915: [ParNew: 210676K->831K(235968K), 0.0049160 secs] 838255K->628452K(1546688K), 0.0051330 secs] [Times: user=0.02 sys=0.00, real=0.01 secs] 
65785.983: [GC 65785.984: [ParNew: 210623K->1208K(235968K), 0.0049790 secs] 838244K->628877K(1546688K), 0.0052690 secs] [Times: user=0.03 sys=0.00, real=0.00 secs] 
65792.725: [GC 65792.725: [ParNew: 210964K->871K(235968K), 0.0066210 secs] 838633K->628593K(1546688K), 0.0068370 secs] [Times: user=0.03 sys=0.00, real=0.00 secs] 
65814.552: [GC 65814.552: [ParNew: 210659K->695K(235968K), 0.0054740 secs] 838381K->628471K(1546688K), 0.0056970 secs] [Times: user=0.02 sys=0.00, real=0.00 secs] 
65821.218: [GC 65821.218: [ParNew: 210467K->828K(235968K), 0.0074390 secs] 838243K->628656K(1546688K), 0.0076830 secs] [Times: user=0.03 sys=0.01, real=0.01 secs] 
65842.799: [GC 65842.799: [ParNew: 210620K->995K(235968K), 0.0068690 secs] 838448K->628873K(1546688K), 0.0071490 secs] [Times: user=0.03 sys=0.00, real=0.01 secs] 
65846.743: [GC 65846.743: [ParNew: 210787K->815K(235968K), 0.0108490 secs] 838665K->628737K(1546688K), 0.0110150 secs] [Times: user=0.02 sys=0.00, real=0.02 secs] 
65857.835: [GC 65857.835: [ParNew: 210607K->1145K(235968K), 0.0091510 secs] 838529K->629108K(1546688K), 0.0094150 secs] [Times: user=0.02 sys=0.00, real=0.01 secs] 
65875.653: [GC 65875.653: [ParNew: 210937K->822K(235968K), 0.0065400 secs] 838900K->628862K(1546688K), 0.0067930 secs] [Times: user=0.03 sys=0.00, real=0.01 secs] 
65881.248: [GC 65881.248: [ParNew: 210614K->1042K(235968K), 0.0054410 secs] 838654K->629327K(1546688K), 0.0056170 secs] [Times: user=0.02 sys=0.00, real=0.01 secs] 
65902.838: [GC 65902.838: [ParNew: 210797K->1061K(235968K), 0.0051530 secs] 839082K->629390K(1546688K), 0.0054360 secs] [Times: user=0.03 sys=0.00, real=0.00 secs] 
65909.462: [GC 65909.462: [ParNew: 210849K->619K(235968K), 0.0048070 secs] 839178K->628998K(1546688K), 0.0050450 secs] [Times: user=0.03 sys=0.00, real=0.01 secs] 
65917.871: [GC 65917.871: [ParNew: 210388K->1177K(235968K), 0.0053660 secs] 838767K->629609K(1546688K), 0.0056430 secs] [Times: user=0.02 sys=0.00, real=0.01 secs] 
65937.126: [GC 65937.126: [ParNew: 210969K->1077K(235968K), 0.0076620 secs] 839401K->629562K(1546688K), 0.0078500 secs] [Times: user=0.02 sys=0.00, real=0.01 secs] 
65948.069: [GC 65948.069: [ParNew: 210869K->977K(235968K), 0.0066540 secs] 839354K->629512K(1546688K), 0.0069410 secs] [Times: user=0.02 sys=0.00, real=0.00 secs] 
65963.504: [GC 65963.505: [ParNew: 210769K->965K(235968K), 0.0211520 secs] 839304K->629557K(1546688K), 0.0214870 secs] [Times: user=0.04 sys=0.00, real=0.03 secs] 
65969.500: [GC 65969.501: [ParNew: 210757K->890K(235968K), 0.0099300 secs] 839349K->629534K(1546688K), 0.0101050 secs] [Times: user=0.03 sys=0.01, real=0.01 secs] 
65991.670: [GC 65991.670: [ParNew: 210682K->827K(235968K), 0.0080320 secs] 839326K->629619K(1546688K), 0.0083170 secs] [Times: user=0.02 sys=0.00, real=0.01 secs] 
65997.174: [GC 65997.174: [ParNew: 210615K->661K(235968K), 0.0089070 secs] 839407K->629494K(1546688K), 0.0092140 secs] [Times: user=0.02 sys=0.00, real=0.01 secs] 
66013.940: [GC 66013.940: [ParNew: 210389K->656K(235968K), 0.0107300 secs] 839222K->629538K(1546688K), 0.0109190 secs] [Times: user=0.02 sys=0.00, real=0.01 secs] 
66025.986: [GC 66025.986: [ParNew: 210448K->935K(235968K), 0.0137830 secs] 839330K->629854K(1546688K), 0.0140530 secs] [Times: user=0.02 sys=0.00, real=0.01 secs] 
66032.734: [GC 66032.734: [ParNew: 210722K->652K(235968K), 0.0075930 secs] 839641K->629614K(1546688K), 0.0078390 secs] [Times: user=0.02 sys=0.00, real=0.01 secs] 
66054.024: [GC 66054.025: [ParNew: 210444K->2447K(235968K), 0.0119160 secs] 839406K->631445K(1546688K), 0.0121280 secs] [Times: user=0.02 sys=0.00, real=0.01 secs] 
66059.508: [GC 66059.508: [ParNew: 212202K->920K(235968K), 0.0156270 secs] 841200K->629964K(1546688K), 0.0159410 secs] [Times: user=0.02 sys=0.00, real=0.02 secs] 
66073.981: [GC 66073.981: [ParNew: 210677K->1017K(235968K), 0.0087560 secs] 839721K->630119K(1546688K), 0.0089750 secs] [Times: user=0.02 sys=0.01, real=0.01 secs] 
66086.757: [GC 66086.757: [ParNew: 210809K->1115K(235968K), 0.0081160 secs] 839911K->630271K(1546688K), 0.0083920 secs] [Times: user=0.03 sys=0.01, real=0.00 secs] 
66092.780: [GC 66092.780: [ParNew: 210854K->576K(235968K), 0.0160000 secs] 840010K->629789K(1546688K), 0.0162050 secs] [Times: user=0.03 sys=0.00, real=0.02 secs] 
66115.687: [GC 66115.687: [ParNew: 210328K->992K(235968K), 0.0080010 secs] 839541K->630255K(1546688K), 0.0082750 secs] [Times: user=0.02 sys=0.00, real=0.01 secs] 
66121.282: [GC 66121.282: [ParNew: 210784K->562K(235968K), 0.0076920 secs] 840047K->629882K(1546688K), 0.0079420 secs] [Times: user=0.03 sys=0.00, real=0.00 secs] 
66142.857: [GC 66142.858: [ParNew: 210354K->1120K(235968K), 0.0128090 secs] 839674K->630490K(1546688K), 0.0130960 secs] [Times: user=0.03 sys=0.00, real=0.01 secs] 
66146.800: [GC 66146.800: [ParNew: 210912K->837K(235968K), 0.0078720 secs] 840282K->630250K(1546688K), 0.0081050 secs] [Times: user=0.02 sys=0.00, real=0.01 secs] 
66157.909: [GC 66157.909: [ParNew: 210628K->912K(235968K), 0.0075320 secs] 840042K->630375K(1546688K), 0.0078180 secs] [Times: user=0.02 sys=0.00, real=0.01 secs] 
66176.583: [GC 66176.584: [ParNew: 210704K->621K(235968K), 0.0055400 secs] 840167K->630138K(1546688K), 0.0058130 secs] [Times: user=0.02 sys=0.00, real=0.00 secs] 
66188.114: [GC 66188.114: [ParNew: 210349K->662K(235968K), 0.0062840 secs] 839865K->630362K(1546688K), 0.0065700 secs] [Times: user=0.03 sys=0.00, real=0.01 secs] 
66202.902: [GC 66202.902: [ParNew: 210393K->944K(235968K), 0.0160110 secs] 840093K->630687K(1546688K), 0.0163390 secs] [Times: user=0.05 sys=0.00, real=0.02 secs] 
66209.517: [GC 66209.517: [ParNew: 210656K->903K(235968K), 0.0055210 secs] 840400K->630690K(1546688K), 0.0057760 secs] [Times: user=0.02 sys=0.00, real=0.00 secs] 
66217.944: [GC 66217.944: [ParNew: 210695K->1130K(235968K), 0.0080420 secs] 840482K->630967K(1546688K), 0.0082550 secs] [Times: user=0.02 sys=0.00, real=0.01 secs] 
66237.178: [GC 66237.178: [ParNew: 210922K->1227K(235968K), 0.0085920 secs] 840759K->631122K(1546688K), 0.0088970 secs] [Times: user=0.02 sys=0.00, real=0.01 secs] 
66247.986: [GC 66247.986: [ParNew: 211019K->652K(235968K), 0.0070350 secs] 840914K->630605K(1546688K), 0.0073270 secs] [Times: user=0.03 sys=0.00, real=0.01 secs] 
66262.934: [GC 66262.935: [ParNew: 210443K->764K(235968K), 0.0052230 secs] 840395K->630778K(1546688K), 0.0054630 secs] [Times: user=0.03 sys=0.00, real=0.01 secs] 
66269.539: [GC 66269.539: [ParNew: 210556K->1068K(235968K), 0.0079610 secs] 840570K->631128K(1546688K), 0.0082800 secs] [Times: user=0.02 sys=0.00, real=0.00 secs] 
66277.958: [GC 66277.958: [ParNew: 210857K->1009K(235968K), 0.0072110 secs] 840917K->631123K(1546688K), 0.0073800 secs] [Times: user=0.02 sys=0.00, real=0.00 secs] 
66297.191: [GC 66297.192: [ParNew: 210801K->1088K(235968K), 0.0054500 secs] 840915K->631251K(1546688K), 0.0056930 secs] [Times: user=0.02 sys=0.00, real=0.01 secs] 
66308.148: [GC 66308.148: [ParNew: 210880K->1310K(235968K), 0.0052570 secs] 841043K->631528K(1546688K), 0.0055320 secs] [Times: user=0.03 sys=0.00, real=0.01 secs] 
66323.682: [GC 66323.682: [ParNew: 211102K->1272K(235968K), 0.0091390 secs] 841320K->631582K(1546688K), 0.0093580 secs] [Times: user=0.03 sys=0.00, real=0.01 secs] 
66329.581: [GC 66329.581: [ParNew: 211064K->765K(235968K), 0.0049780 secs] 841374K->631121K(1546688K), 0.0052350 secs] [Times: user=0.03 sys=0.00, real=0.00 secs] 
66351.720: [GC 66351.720: [ParNew: 210549K->909K(235968K), 0.0048190 secs] 840905K->631355K(1546688K), 0.0050280 secs] [Times: user=0.03 sys=0.00, real=0.01 secs] 
66357.232: [GC 66357.232: [ParNew: 210701K->756K(235968K), 0.0093300 secs] 841147K->631253K(1546688K), 0.0095340 secs] [Times: user=0.02 sys=0.00, real=0.01 secs] 
66368.194: [GC 66368.194: [ParNew: 210511K->712K(235968K), 0.0061550 secs] 841008K->631261K(1546688K), 0.0063460 secs] [Times: user=0.02 sys=0.00, real=0.00 secs] 
66383.898: [GC 66383.898: [ParNew: 210504K->532K(235968K), 0.0134630 secs] 841053K->631128K(1546688K), 0.0137470 secs] [Times: user=0.02 sys=0.00, real=0.02 secs] 
66391.006: [GC 66391.006: [ParNew: 210324K->857K(235968K), 0.0072730 secs] 840920K->631497K(1546688K), 0.0075230 secs] [Times: user=0.02 sys=0.00, real=0.01 secs] 
66414.079: [GC 66414.079: [ParNew: 210649K->1218K(235968K), 0.0053720 secs] 841289K->631908K(1546688K), 0.0056440 secs] [Times: user=0.03 sys=0.00, real=0.00 secs] 
66419.567: [GC 66419.567: [ParNew: 211010K->666K(235968K), 0.0200140 secs] 841700K->631405K(1546688K), 0.0204010 secs] [Times: user=0.02 sys=0.00, real=0.02 secs] 
66434.030: [GC 66434.030: [ParNew: 210458K->740K(235968K), 0.0087310 secs] 841197K->631516K(1546688K), 0.0089670 secs] [Times: user=0.03 sys=0.01, real=0.01 secs] 
66446.060: [GC 66446.061: [ParNew: 210532K->1006K(235968K), 0.0078050 secs] 841308K->631825K(1546688K), 0.0080480 secs] [Times: user=0.02 sys=0.00, real=0.00 secs] 
66452.808: [GC 66452.809: [ParNew: 210798K->816K(235968K), 0.0072020 secs] 841617K->631796K(1546688K), 0.0074330 secs] [Times: user=0.02 sys=0.00, real=0.01 secs] 
66474.123: [GC 66474.123: [ParNew: 210608K->989K(235968K), 0.0073450 secs] 841588K->632016K(1546688K), 0.0075650 secs] [Times: user=0.02 sys=0.00, real=0.01 secs] 
66479.627: [GC 66479.628: [ParNew: 210781K->656K(235968K), 0.0135070 secs] 841808K->631737K(1546688K), 0.0137870 secs] [Times: user=0.04 sys=0.00, real=0.01 secs] 
66494.066: [GC 66494.066: [ParNew: 210423K->972K(235968K), 0.0077580 secs] 841505K->632103K(1546688K), 0.0080420 secs] [Times: user=0.02 sys=0.00, real=0.01 secs] 
66506.812: [GC 66506.812: [ParNew: 210702K->1152K(235968K), 0.0056890 secs] 841833K->632339K(1546688K), 0.0059770 secs] [Times: user=0.03 sys=0.00, real=0.00 secs] 
66512.832: [GC 66512.832: [ParNew: 210925K->814K(235968K), 0.0079200 secs] 842112K->632059K(1546688K), 0.0080740 secs] [Times: user=0.02 sys=0.01, real=0.01 secs] 
66535.759: [GC 66535.759: [ParNew: 210606K->1349K(235968K), 0.0060230 secs] 841851K->632646K(1546688K), 0.0062260 secs] [Times: user=0.03 sys=0.01, real=0.00 secs] 
66541.350: [GC 66541.350: [ParNew: 211119K->1283K(235968K), 0.0064740 secs] 842416K->632628K(1546688K), 0.0066980 secs] [Times: user=0.03 sys=0.00, real=0.01 secs] 
66557.378: [GC 66557.378: [ParNew: 211075K->739K(235968K), 0.0132910 secs] 842420K->632146K(1546688K), 0.0134930 secs] [Times: user=0.03 sys=0.01, real=0.01 secs] 
66566.817: [GC 66566.817: [ParNew: 210531K->1230K(235968K), 0.0076680 secs] 841938K->632681K(1546688K), 0.0079060 secs] [Times: user=0.02 sys=0.00, real=0.01 secs] 
66572.851: [GC 66572.851: [ParNew: 211022K->884K(235968K), 0.0086160 secs] 842473K->632509K(1546688K), 0.0087860 secs] [Times: user=0.02 sys=0.00, real=0.00 secs] 
66595.769: [GC 66595.769: [ParNew: 210676K->985K(235968K), 0.0090590 secs] 842301K->632671K(1546688K), 0.0093390 secs] [Times: user=0.02 sys=0.00, real=0.01 secs] 
66601.355: [GC 66601.355: [ParNew: 210777K->1240K(235968K), 0.0052020 secs] 842463K->632963K(1546688K), 0.0053980 secs] [Times: user=0.03 sys=0.00, real=0.00 secs] 
66622.964: [GC 66622.965: [ParNew: 211012K->988K(235968K), 0.0150610 secs] 842735K->632773K(1546688K), 0.0154250 secs] [Times: user=0.04 sys=0.00, real=0.01 secs] 
66626.860: [GC 66626.860: [ParNew: 210734K->686K(235968K), 0.0068320 secs] 842519K->632523K(1546688K), 0.0070990 secs] [Times: user=0.02 sys=0.01, real=0.01 secs] 
66638.009: [GC 66638.009: [ParNew: 210478K->1082K(235968K), 0.0052090 secs] 842315K->632956K(1546688K), 0.0054710 secs] [Times: user=0.02 sys=0.00, real=0.01 secs] 
66655.813: [GC 66655.813: [ParNew: 210779K->954K(235968K), 0.0094870 secs] 842653K->632932K(1546688K), 0.0097630 secs] [Times: user=0.04 sys=0.00, real=0.01 secs] 
66668.216: [GC 66668.217: [ParNew: 210746K->580K(235968K), 0.0052330 secs] 842724K->632615K(1546688K), 0.0055020 secs] [Times: user=0.03 sys=0.00, real=0.00 secs] 
66683.742: [GC 66683.743: [ParNew: 210369K->690K(235968K), 0.0105340 secs] 842405K->632764K(1546688K), 0.0108150 secs] [Times: user=0.02 sys=0.00, real=0.01 secs] 
66689.628: [GC 66689.628: [ParNew: 210417K->967K(235968K), 0.0079780 secs] 842491K->633085K(1546688K), 0.0082090 secs] [Times: user=0.02 sys=0.00, real=0.01 secs] 
66711.705: [GC 66711.705: [ParNew: 210759K->917K(235968K), 0.0057300 secs] 842877K->633083K(1546688K), 0.0060070 secs] [Times: user=0.03 sys=0.00, real=0.01 secs] 
66717.260: [GC 66717.260: [ParNew: 210608K->1640K(235968K), 0.0060260 secs] 842774K->633865K(1546688K), 0.0062990 secs] [Times: user=0.03 sys=0.01, real=0.00 secs] 
66728.235: [GC 66728.235: [ParNew: 211432K->1252K(235968K), 0.0075580 secs] 843657K->633538K(1546688K), 0.0077990 secs] [Times: user=0.02 sys=0.00, real=0.01 secs] 
66743.750: [GC 66743.750: [ParNew: 211044K->1190K(235968K), 0.0054240 secs] 843330K->633532K(1546688K), 0.0056400 secs] [Times: user=0.03 sys=0.00, real=0.01 secs] 
66749.638: [GC 66749.639: [ParNew: 210982K->983K(235968K), 0.0052140 secs] 843324K->633369K(1546688K), 0.0054630 secs] [Times: user=0.02 sys=0.00, real=0.01 secs] 
66771.765: [GC 66771.765: [ParNew: 210775K->820K(235968K), 0.0081000 secs] 843161K->633345K(1546688K), 0.0083820 secs] [Times: user=0.03 sys=0.00, real=0.01 secs] 
66777.422: [GC 66777.422: [ParNew: 210528K->916K(235968K), 0.0053680 secs] 843053K->633492K(1546688K), 0.0055570 secs] [Times: user=0.03 sys=0.01, real=0.01 secs] 
66788.284: [GC 66788.285: [ParNew: 210634K->851K(235968K), 0.0098420 secs] 843211K->633503K(1546688K), 0.0101060 secs] [Times: user=0.02 sys=0.00, real=0.01 secs] 
66803.790: [GC 66803.790: [ParNew: 210618K->965K(235968K), 0.0074750 secs] 843270K->633661K(1546688K), 0.0077230 secs] [Times: user=0.03 sys=0.00, real=0.01 secs] 
66811.035: [GC 66811.035: [ParNew: 210674K->806K(235968K), 0.0057980 secs] 843370K->633557K(1546688K), 0.0060410 secs] [Times: user=0.02 sys=0.00, real=0.00 secs] 
66831.786: [GC 66831.786: [ParNew: 210594K->936K(235968K), 0.0075120 secs] 843346K->633741K(1546688K), 0.0076960 secs] [Times: user=0.03 sys=0.00, real=0.01 secs] 
66837.319: [GC 66837.319: [ParNew: 210728K->1050K(235968K), 0.0051420 secs] 843533K->633909K(1546688K), 0.0054050 secs] [Times: user=0.02 sys=0.00, real=0.00 secs] 
66848.305: [GC 66848.305: [ParNew: 210842K->927K(235968K), 0.0068380 secs] 843701K->633849K(1546688K), 0.0070180 secs] [Times: user=0.03 sys=0.00, real=0.01 secs] 
66863.816: [GC 66863.816: [ParNew: 210667K->918K(235968K), 0.0058590 secs] 843589K->633904K(1546688K), 0.0061250 secs] [Times: user=0.02 sys=0.00, real=0.00 secs] 
66871.124: [GC 66871.124: [ParNew: 210710K->785K(235968K), 0.0067110 secs] 843696K->634045K(1546688K), 0.0068870 secs] [Times: user=0.03 sys=0.00, real=0.00 secs] 
66891.778: [GC 66891.778: [ParNew: 210577K->1181K(235968K), 0.0048150 secs] 843837K->634499K(1546688K), 0.0050660 secs] [Times: user=0.03 sys=0.00, real=0.01 secs] 
66897.319: [GC 66897.319: [ParNew: 210973K->1115K(235968K), 0.0050340 secs] 844291K->634487K(1546688K), 0.0053030 secs] [Times: user=0.02 sys=0.00, real=0.00 secs] 
66908.304: [GC 66908.304: [ParNew: 210907K->815K(235968K), 0.0055720 secs] 844279K->634242K(1546688K), 0.0058220 secs] [Times: user=0.02 sys=0.00, real=0.01 secs] 
66923.816: [GC 66923.816: [ParNew: 210607K->946K(235968K), 0.0076380 secs] 844034K->634507K(1546688K), 0.0079430 secs] [Times: user=0.02 sys=0.00, real=0.00 secs] 
66931.137: [GC 66931.137: [ParNew: 210705K->925K(235968K), 0.0073870 secs] 844266K->634542K(1546688K), 0.0075610 secs] [Times: user=0.03 sys=0.00, real=0.01 secs] 
66954.170: [GC 66954.170: [ParNew: 210630K->881K(235968K), 0.0074770 secs] 844247K->634553K(1546688K), 0.0076590 secs] [Times: user=0.02 sys=0.00, real=0.00 secs] 
66959.700: [GC 66959.701: [ParNew: 210673K->989K(235968K), 0.0172780 secs] 844345K->634713K(1546688K), 0.0175330 secs] [Times: user=0.03 sys=0.00, real=0.01 secs] 
66974.128: [GC 66974.128: [ParNew: 210781K->1319K(235968K), 0.0126560 secs] 844505K->635105K(1546688K), 0.0129270 secs] [Times: user=0.02 sys=0.00, real=0.01 secs] 
66986.119: [GC 66986.119: [ParNew: 211111K->1143K(235968K), 0.0080080 secs] 844897K->634977K(1546688K), 0.0082780 secs] [Times: user=0.03 sys=0.00, real=0.01 secs] 
66992.871: [GC 66992.871: [ParNew: 210935K->1389K(235968K), 0.0053750 secs] 844769K->635275K(1546688K), 0.0056410 secs] [Times: user=0.03 sys=0.00, real=0.01 secs] 
67014.211: [GC 67014.211: [ParNew: 211181K->923K(235968K), 0.0115640 secs] 845067K->634851K(1546688K), 0.0117620 secs] [Times: user=0.03 sys=0.00, real=0.01 secs] 
67019.783: [GC 67019.784: [ParNew: 210715K->927K(235968K), 0.0066720 secs] 844643K->634898K(1546688K), 0.0069590 secs] [Times: user=0.03 sys=0.00, real=0.01 secs] 
67034.145: [GC 67034.146: [ParNew: 210719K->909K(235968K), 0.0058960 secs] 844690K->635088K(1546688K), 0.0061040 secs] [Times: user=0.02 sys=0.00, real=0.01 secs] 
67046.138: [GC 67046.138: [ParNew: 210701K->1017K(235968K), 0.0099160 secs] 844880K->635253K(1546688K), 0.0101270 secs] [Times: user=0.02 sys=0.00, real=0.01 secs] 
67052.888: [GC 67052.888: [ParNew: 210809K->1014K(235968K), 0.0070230 secs] 845045K->635303K(1546688K), 0.0073070 secs] [Times: user=0.03 sys=0.00, real=0.01 secs] 
67074.216: [GC 67074.216: [ParNew: 210806K->909K(235968K), 0.0135880 secs] 845095K->635254K(1546688K), 0.0137840 secs] [Times: user=0.03 sys=0.00, real=0.01 secs] 
67079.781: [GC 67079.781: [ParNew: 210686K->1060K(235968K), 0.0150520 secs] 845031K->635469K(1546688K), 0.0153260 secs] [Times: user=0.03 sys=0.00, real=0.01 secs] 
67094.173: [GC 67094.173: [ParNew: 210852K->738K(235968K), 0.0085250 secs] 845261K->635197K(1546688K), 0.0088190 secs] [Times: user=0.02 sys=0.00, real=0.01 secs] 
67106.898: [GC 67106.898: [ParNew: 210530K->840K(235968K), 0.0054980 secs] 844989K->635343K(1546688K), 0.0057090 secs] [Times: user=0.02 sys=0.00, real=0.00 secs] 
67118.085: [GC 67118.085: [ParNew: 210596K->1007K(235968K), 0.0095350 secs] 845099K->635622K(1546688K), 0.0097430 secs] [Times: user=0.03 sys=0.01, real=0.01 secs] 
67135.885: [GC 67135.885: [ParNew: 210799K->1012K(235968K), 0.0055170 secs] 845414K->635671K(1546688K), 0.0057230 secs] [Times: user=0.02 sys=0.00, real=0.00 secs] 
67141.461: [GC 67141.461: [ParNew: 210726K->916K(235968K), 0.0060890 secs] 845384K->635611K(1546688K), 0.0062640 secs] [Times: user=0.02 sys=0.00, real=0.00 secs] 
67163.111: [GC 67163.112: [ParNew: 210708K->1004K(235968K), 0.0172210 secs] 845403K->635742K(1546688K), 0.0175330 secs] [Times: user=0.04 sys=0.00, real=0.02 secs] 
67169.691: [GC 67169.691: [ParNew: 210796K->1255K(235968K), 0.0055980 secs] 845534K->636037K(1546688K), 0.0058540 secs] [Times: user=0.02 sys=0.00, real=0.01 secs] 
67178.130: [GC 67178.131: [ParNew: 210971K->949K(235968K), 0.0053010 secs] 845753K->635796K(1546688K), 0.0055730 secs] [Times: user=0.02 sys=0.00, real=0.01 secs] 
67197.351: [GC 67197.351: [ParNew: 210741K->1057K(235968K), 0.0100970 secs] 845588K->635952K(1546688K), 0.0103630 secs] [Times: user=0.03 sys=0.00, real=0.01 secs] 
67208.345: [GC 67208.345: [ParNew: 210849K->1072K(235968K), 0.0055600 secs] 845744K->636101K(1546688K), 0.0058240 secs] [Times: user=0.03 sys=0.00, real=0.01 secs] 
67223.845: [GC 67223.845: [ParNew: 210864K->1089K(235968K), 0.0058380 secs] 845893K->636163K(1546688K), 0.0060900 secs] [Times: user=0.02 sys=0.00, real=0.01 secs] 
67229.734: [GC 67229.734: [ParNew: 210881K->1203K(235968K), 0.0055600 secs] 845955K->636320K(1546688K), 0.0057400 secs] [Times: user=0.03 sys=0.00, real=0.01 secs] 
67251.828: [GC 67251.829: [ParNew: 210959K->933K(235968K), 0.0078560 secs] 846077K->636104K(1546688K), 0.0081070 secs] [Times: user=0.03 sys=0.00, real=0.01 secs] 
67257.382: [GC 67257.382: [ParNew: 210617K->1078K(235968K), 0.0063790 secs] 845788K->636305K(1546688K), 0.0066500 secs] [Times: user=0.02 sys=0.00, real=0.01 secs] 
67268.376: [GC 67268.376: [ParNew: 210853K->890K(235968K), 0.0075150 secs] 846081K->636173K(1546688K), 0.0077740 secs] [Times: user=0.03 sys=0.00, real=0.01 secs] 
67283.884: [GC 67283.884: [ParNew: 210569K->1061K(235968K), 0.0048620 secs] 845852K->636388K(1546688K), 0.0050650 secs] [Times: user=0.02 sys=0.00, real=0.01 secs] 
67291.194: [GC 67291.194: [ParNew: 210853K->1157K(235968K), 0.0074730 secs] 846180K->636528K(1546688K), 0.0077260 secs] [Times: user=0.02 sys=0.00, real=0.01 secs] 
67314.236: [GC 67314.237: [ParNew: 210937K->879K(235968K), 0.0052260 secs] 846309K->636406K(1546688K), 0.0055130 secs] [Times: user=0.03 sys=0.01, real=0.00 secs] 
67319.779: [GC 67319.779: [ParNew: 210671K->1034K(235968K), 0.0369060 secs] 846198K->636610K(1546688K), 0.0372390 secs] [Times: user=0.05 sys=0.00, real=0.04 secs] 
67334.186: [GC 67334.186: [ParNew: 210826K->1041K(235968K), 0.0072100 secs] 846402K->636665K(1546688K), 0.0074700 secs] [Times: user=0.03 sys=0.00, real=0.01 secs] 
67346.172: [GC 67346.172: [ParNew: 210833K->833K(235968K), 0.0060810 secs] 846457K->636502K(1546688K), 0.0063700 secs] [Times: user=0.02 sys=0.00, real=0.00 secs] 
67352.920: [GC 67352.920: [ParNew: 210625K->1054K(235968K), 0.0124390 secs] 846294K->636762K(1546688K), 0.0126230 secs] [Times: user=0.03 sys=0.00, real=0.01 secs] 
67374.285: [GC 67374.285: [ParNew: 210816K->686K(235968K), 0.0055550 secs] 846525K->636442K(1546688K), 0.0058280 secs] [Times: user=0.02 sys=0.00, real=0.00 secs] 
67380.035: [GC 67380.036: [ParNew: 210478K->699K(235968K), 0.0092670 secs] 846234K->636505K(1546688K), 0.0094550 secs] [Times: user=0.02 sys=0.00, real=0.01 secs] 
67394.228: [GC 67394.228: [ParNew: 210491K->863K(235968K), 0.0059660 secs] 846297K->636717K(1546688K), 0.0062490 secs] [Times: user=0.02 sys=0.00, real=0.01 secs] 
67406.945: [GC 67406.946: [ParNew: 210592K->880K(235968K), 0.0079320 secs] 846446K->636778K(1546688K), 0.0082290 secs] [Times: user=0.02 sys=0.00, real=0.01 secs] 
67412.952: [GC 67412.952: [ParNew: 210672K->735K(235968K), 0.0065310 secs] 846570K->636683K(1546688K), 0.0068200 secs] [Times: user=0.03 sys=0.00, real=0.01 secs] 
67434.299: [GC 67434.299: [ParNew: 210505K->1373K(235968K), 0.0056840 secs] 846453K->637374K(1546688K), 0.0059140 secs] [Times: user=0.03 sys=0.00, real=0.01 secs] 
67441.494: [GC 67441.494: [ParNew: 211133K->2011K(235968K), 0.0052260 secs] 847135K->638067K(1546688K), 0.0055030 secs] [Times: user=0.03 sys=0.00, real=0.00 secs] 
67463.160: [GC 67463.160: [ParNew: 211803K->1962K(235968K), 0.0240560 secs] 847859K->638075K(1546688K), 0.0243880 secs] [Times: user=0.03 sys=0.00, real=0.03 secs] 
67466.972: [GC 67466.972: [ParNew: 211754K->1716K(235968K), 0.0122090 secs] 847867K->637874K(1546688K), 0.0123780 secs] [Times: user=0.02 sys=0.00, real=0.01 secs] 
67478.172: [GC 67478.172: [ParNew: 211508K->1127K(235968K), 0.0100560 secs] 847666K->638045K(1546688K), 0.0103440 secs] [Times: user=0.03 sys=0.00, real=0.01 secs] 
67496.089: [GC 67496.089: [ParNew: 210919K->934K(235968K), 0.0059510 secs] 847837K->637893K(1546688K), 0.0062270 secs] [Times: user=0.02 sys=0.00, real=0.01 secs] 
67501.543: [GC 67501.543: [ParNew: 210726K->933K(235968K), 0.0041460 secs] 847685K->637944K(1546688K), 0.0044040 secs] [Times: user=0.03 sys=0.00, real=0.01 secs] 
67523.242: [GC 67523.242: [ParNew: 210669K->846K(235968K), 0.0098220 secs] 847680K->637904K(1546688K), 0.0101110 secs] [Times: user=0.04 sys=0.00, real=0.01 secs] 
67529.785: [GC 67529.785: [ParNew: 210638K->711K(235968K), 0.0050110 secs] 847696K->637938K(1546688K), 0.0052770 secs] [Times: user=0.02 sys=0.01, real=0.01 secs] 
67540.156: [GC 67540.156: [ParNew: 210503K->620K(235968K), 0.0044940 secs] 847730K->637897K(1546688K), 0.0047580 secs] [Times: user=0.02 sys=0.00, real=0.01 secs] 
67557.418: [GC 67557.418: [ParNew: 210407K->1263K(235968K), 0.0042830 secs] 847683K->638592K(1546688K), 0.0045630 secs] [Times: user=0.03 sys=0.00, real=0.00 secs] 
67568.430: [GC 67568.430: [ParNew: 211055K->1244K(235968K), 0.0069770 secs] 848384K->638617K(1546688K), 0.0072360 secs] [Times: user=0.03 sys=0.00, real=0.01 secs] 
67583.925: [GC 67583.925: [ParNew: 211016K->992K(235968K), 0.0040530 secs] 848388K->638408K(1546688K), 0.0043160 secs] [Times: user=0.03 sys=0.00, real=0.00 secs] 
67591.213: [GC 67591.213: [ParNew: 210735K->1132K(235968K), 0.0040950 secs] 848151K->638594K(1546688K), 0.0043820 secs] [Times: user=0.02 sys=0.00, real=0.00 secs] 
67611.889: [GC 67611.890: [ParNew: 210924K->1209K(235968K), 0.0045360 secs] 848386K->638721K(1546688K), 0.0049810 secs] [Times: user=0.03 sys=0.00, real=0.00 secs] 
67617.456: [GC 67617.456: [ParNew: 211001K->1587K(235968K), 0.0044160 secs] 848513K->639153K(1546688K), 0.0046910 secs] [Times: user=0.03 sys=0.00, real=0.00 secs] 
67634.233: [GC 67634.233: [ParNew: 211379K->1186K(235968K), 0.0041540 secs] 848945K->638807K(1546688K), 0.0044330 secs] [Times: user=0.03 sys=0.00, real=0.01 secs] 
67646.202: [GC 67646.202: [ParNew: 210978K->1764K(235968K), 0.0045140 secs] 848599K->639440K(1546688K), 0.0047680 secs] [Times: user=0.04 sys=0.00, real=0.00 secs] 
67652.949: [GC 67652.950: [ParNew: 211553K->1257K(235968K), 0.0082750 secs] 849230K->639306K(1546688K), 0.0085380 secs] [Times: user=0.04 sys=0.01, real=0.01 secs] 
67674.367: [GC 67674.368: [ParNew: 211044K->974K(235968K), 0.0041510 secs] 849093K->639058K(1546688K), 0.0043960 secs] [Times: user=0.03 sys=0.00, real=0.00 secs] 
67679.921: [GC 67679.921: [ParNew: 210766K->630K(235968K), 0.0085570 secs] 848850K->638756K(1546688K), 0.0088250 secs] [Times: user=0.03 sys=0.00, real=0.01 secs] 
67694.283: [GC 67694.283: [ParNew: 210351K->985K(235968K), 0.0064970 secs] 848477K->639161K(1546688K), 0.0067330 secs] [Times: user=0.02 sys=0.01, real=0.01 secs] 
67706.982: [GC 67706.982: [ParNew: 210740K->778K(235968K), 0.0073630 secs] 848916K->638998K(1546688K), 0.0076540 secs] [Times: user=0.04 sys=0.00, real=0.00 secs] 
67718.208: [GC 67718.209: [ParNew: 210570K->918K(235968K), 0.0053670 secs] 848790K->639188K(1546688K), 0.0056540 secs] [Times: user=0.03 sys=0.00, real=0.01 secs] 
67736.116: [GC 67736.116: [ParNew: 210710K->896K(235968K), 0.0040170 secs] 848980K->639208K(1546688K), 0.0042690 secs] [Times: user=0.02 sys=0.00, real=0.01 secs] 
67741.574: [GC 67741.574: [ParNew: 210644K->944K(235968K), 0.0040190 secs] 848956K->639366K(1546688K), 0.0042750 secs] [Times: user=0.02 sys=0.00, real=0.01 secs] 
67763.256: [GC 67763.256: [ParNew: 210736K->853K(235968K), 0.0087220 secs] 849158K->639318K(1546688K), 0.0090060 secs] [Times: user=0.02 sys=0.00, real=0.01 secs] 
67769.807: [GC 67769.807: [ParNew: 210644K->839K(235968K), 0.0057340 secs] 849110K->639353K(1546688K), 0.0060010 secs] [Times: user=0.02 sys=0.00, real=0.01 secs] 
67778.252: [GC 67778.252: [ParNew: 210581K->663K(235968K), 0.0077330 secs] 849095K->639227K(1546688K), 0.0079510 secs] [Times: user=0.03 sys=0.00, real=0.00 secs] 
67797.452: [GC 67797.452: [ParNew: 210455K->844K(235968K), 0.0107010 secs] 849019K->639462K(1546688K), 0.0109220 secs] [Times: user=0.02 sys=0.01, real=0.01 secs] 
67808.468: [GC 67808.468: [ParNew: 210636K->1096K(235968K), 0.0063690 secs] 849254K->639768K(1546688K), 0.0066200 secs] [Times: user=0.02 sys=0.00, real=0.00 secs] 
67823.320: [GC 67823.320: [ParNew: 210888K->821K(235968K), 0.0101550 secs] 849560K->639547K(1546688K), 0.0103700 secs] [Times: user=0.02 sys=0.01, real=0.01 secs] 
67829.835: [GC 67829.836: [ParNew: 210590K->1035K(235968K), 0.0076950 secs] 849315K->639812K(1546688K), 0.0078710 secs] [Times: user=0.02 sys=0.00, real=0.01 secs] 
67842.339: [GC 67842.339: [ParNew: 210827K->803K(235968K), 0.0058470 secs] 849604K->639634K(1546688K), 0.0061080 secs] [Times: user=0.02 sys=0.00, real=0.01 secs] 
67856.163: [GC 67856.164: [ParNew: 210470K->1822K(235968K), 0.0093720 secs] 849301K->640827K(1546688K), 0.0096590 secs] [Times: user=0.03 sys=0.00, real=0.01 secs] 
67861.613: [GC 67861.613: [ParNew: 211614K->1685K(235968K), 0.0059120 secs] 850619K->640741K(1546688K), 0.0061800 secs] [Times: user=0.03 sys=0.00, real=0.01 secs] 
67883.312: [GC 67883.312: [ParNew: 211349K->1875K(235968K), 0.0070230 secs] 850405K->640993K(1546688K), 0.0073320 secs] [Times: user=0.03 sys=0.00, real=0.01 secs] 
67889.853: [GC 67889.853: [ParNew: 211667K->1938K(235968K), 0.0067510 secs] 850785K->641099K(1546688K), 0.0070230 secs] [Times: user=0.03 sys=0.00, real=0.01 secs] 
67911.906: [GC 67911.907: [ParNew: 211730K->1813K(235968K), 0.0313590 secs] 850891K->641742K(1546688K), 0.0316360 secs] [Times: user=0.08 sys=0.00, real=0.03 secs] 
67917.492: [GC 67917.492: [ParNew: 211605K->784K(235968K), 0.0043400 secs] 851534K->640749K(1546688K), 0.0045890 secs] [Times: user=0.02 sys=0.00, real=0.00 secs] 
67928.521: [GC 67928.521: [ParNew: 210516K->998K(235968K), 0.0106660 secs] 850481K->641002K(1546688K), 0.0109540 secs] [Times: user=0.04 sys=0.00, real=0.01 secs] 
67944.004: [GC 67944.004: [ParNew: 210790K->879K(235968K), 0.0064380 secs] 850794K->640928K(1546688K), 0.0067110 secs] [Times: user=0.02 sys=0.00, real=0.01 secs] 
67951.267: [GC 67951.267: [ParNew: 210581K->1003K(235968K), 0.0052540 secs] 850629K->641095K(1546688K), 0.0055110 secs] [Times: user=0.02 sys=0.00, real=0.00 secs] 
67974.415: [GC 67974.416: [ParNew: 210795K->779K(235968K), 0.0053960 secs] 850887K->640922K(1546688K), 0.0056960 secs] [Times: user=0.03 sys=0.00, real=0.01 secs] 
67979.994: [GC 67979.994: [ParNew: 210571K->1065K(235968K), 0.0153660 secs] 850714K->641260K(1546688K), 0.0155910 secs] [Times: user=0.03 sys=0.00, real=0.02 secs] 
67994.309: [GC 67994.309: [ParNew: 210857K->1183K(235968K), 0.0063630 secs] 851052K->641443K(1546688K), 0.0066910 secs] [Times: user=0.03 sys=0.00, real=0.00 secs] 
68006.263: [GC 68006.263: [ParNew: 210975K->1048K(235968K), 0.0058310 secs] 851235K->641357K(1546688K), 0.0063180 secs] [Times: user=0.03 sys=0.00, real=0.01 secs] 
68013.009: [GC 68013.009: [ParNew: 210840K->716K(235968K), 0.0078750 secs] 851149K->641061K(1546688K), 0.0081340 secs] [Times: user=0.03 sys=0.00, real=0.01 secs] 
68034.456: [GC 68034.457: [ParNew: 210508K->572K(235968K), 0.0057070 secs] 850853K->640972K(1546688K), 0.0059840 secs] [Times: user=0.03 sys=0.00, real=0.01 secs] 
68040.017: [GC 68040.018: [ParNew: 210355K->851K(235968K), 0.0121580 secs] 850755K->641404K(1546688K), 0.0124370 secs] [Times: user=0.04 sys=0.00, real=0.02 secs] 
68054.335: [GC 68054.335: [ParNew: 210643K->1002K(235968K), 0.0133190 secs] 851196K->641636K(1546688K), 0.0136000 secs] [Times: user=0.05 sys=0.00, real=0.02 secs] 
68066.293: [GC 68066.293: [ParNew: 210794K->935K(235968K), 0.0064340 secs] 851428K->641625K(1546688K), 0.0066900 secs] [Times: user=0.03 sys=0.00, real=0.01 secs] 
68073.041: [GC 68073.041: [ParNew: 210727K->870K(235968K), 0.0083390 secs] 851417K->641618K(1546688K), 0.0085130 secs] [Times: user=0.02 sys=0.00, real=0.01 secs] 
68096.175: [GC 68096.175: [ParNew: 210551K->1037K(235968K), 0.0093300 secs] 851299K->641839K(1546688K), 0.0095430 secs] [Times: user=0.03 sys=0.00, real=0.01 secs] 
68101.622: [GC 68101.622: [ParNew: 210829K->1055K(235968K), 0.0174020 secs] 851631K->641923K(1546688K), 0.0176780 secs] [Times: user=0.05 sys=0.00, real=0.01 secs] 
68123.336: [GC 68123.336: [ParNew: 210847K->1078K(235968K), 0.0096750 secs] 851715K->641983K(1546688K), 0.0100100 secs] [Times: user=0.02 sys=0.00, real=0.01 secs] 
68127.061: [GC 68127.061: [ParNew: 210870K->953K(235968K), 0.0095250 secs] 851775K->641902K(1546688K), 0.0098070 secs] [Times: user=0.02 sys=0.00, real=0.01 secs] 
68138.311: [GC 68138.311: [ParNew: 210745K->919K(235968K), 0.0057200 secs] 851694K->641911K(1546688K), 0.0061670 secs] [Times: user=0.02 sys=0.00, real=0.01 secs] 
68156.214: [GC 68156.214: [ParNew: 210587K->992K(235968K), 0.0078430 secs] 851579K->642035K(1546688K), 0.0081410 secs] [Times: user=0.02 sys=0.00, real=0.01 secs] 
68161.652: [GC 68161.653: [ParNew: 210784K->733K(235968K), 0.0063790 secs] 851827K->641832K(1546688K), 0.0065900 secs] [Times: user=0.02 sys=0.00, real=0.00 secs] 
68183.370: [GC 68183.370: [ParNew: 210525K->763K(235968K), 0.0164500 secs] 851624K->641905K(1546688K), 0.0167260 secs] [Times: user=0.03 sys=0.00, real=0.01 secs] 
68189.886: [GC 68189.887: [ParNew: 210504K->1278K(235968K), 0.0058000 secs] 851646K->642486K(1546688K), 0.0060180 secs] [Times: user=0.02 sys=0.00, real=0.00 secs] 
68198.340: [GC 68198.340: [ParNew: 211035K->885K(235968K), 0.0061180 secs] 852243K->642142K(1546688K), 0.0062970 secs] [Times: user=0.02 sys=0.00, real=0.01 secs] 
68217.529: [GC 68217.529: [ParNew: 210677K->927K(235968K), 0.0069140 secs] 851934K->642238K(1546688K), 0.0071990 secs] [Times: user=0.03 sys=0.00, real=0.01 secs] 
68228.564: [GC 68228.564: [ParNew: 210686K->981K(235968K), 0.0051880 secs] 851997K->642347K(1546688K), 0.0054590 secs] [Times: user=0.02 sys=0.00, real=0.01 secs] 
68244.039: [GC 68244.040: [ParNew: 210773K->909K(235968K), 0.0058390 secs] 852139K->642319K(1546688K), 0.0061000 secs] [Times: user=0.02 sys=0.01, real=0.00 secs] 
68249.939: [GC 68249.939: [ParNew: 210656K->762K(235968K), 0.0050990 secs] 852066K->642215K(1546688K), 0.0053520 secs] [Times: user=0.02 sys=0.00, real=0.00 secs] 
68271.965: [GC 68271.965: [ParNew: 210554K->901K(235968K), 0.0061120 secs] 852007K->642397K(1546688K), 0.0063880 secs] [Times: user=0.02 sys=0.00, real=0.00 secs] 
68277.570: [GC 68277.571: [ParNew: 210693K->1108K(235968K), 0.0056570 secs] 852189K->642644K(1546688K), 0.0059290 secs] [Times: user=0.03 sys=0.00, real=0.01 secs] 
68288.611: [GC 68288.611: [ParNew: 210900K->896K(235968K), 0.0060620 secs] 852436K->642483K(1546688K), 0.0063120 secs] [Times: user=0.03 sys=0.00, real=0.00 secs] 
68304.204: [GC 68304.204: [ParNew: 210597K->1043K(235968K), 0.0059000 secs] 852184K->642675K(1546688K), 0.0061700 secs] [Times: user=0.02 sys=0.00, real=0.01 secs] 
68311.333: [GC 68311.333: [ParNew: 210835K->873K(235968K), 0.0054300 secs] 852467K->642611K(1546688K), 0.0056820 secs] [Times: user=0.03 sys=0.00, real=0.01 secs] 
68334.515: [GC 68334.515: [ParNew: 210665K->980K(235968K), 0.0059960 secs] 852403K->642772K(1546688K), 0.0062020 secs] [Times: user=0.03 sys=0.00, real=0.00 secs] 
68340.022: [GC 68340.022: [ParNew: 210772K->1138K(235968K), 0.0326630 secs] 852564K->642980K(1546688K), 0.0329940 secs] [Times: user=0.07 sys=0.00, real=0.04 secs] 
68348.631: [GC 68348.631: [ParNew: 210895K->1604K(235968K), 0.0132620 secs] 852737K->643501K(1546688K), 0.0134490 secs] [Times: user=0.03 sys=0.00, real=0.01 secs] 
68364.209: [GC 68364.209: [ParNew: 211305K->1545K(235968K), 0.0111440 secs] 853201K->643501K(1546688K), 0.0113980 secs] [Times: user=0.03 sys=0.00, real=0.01 secs] 
68371.343: [GC 68371.344: [ParNew: 211337K->1298K(235968K), 0.0066030 secs] 853293K->643455K(1546688K), 0.0068790 secs] [Times: user=0.03 sys=0.00, real=0.01 secs] 
68394.533: [GC 68394.533: [ParNew: 211090K->1545K(235968K), 0.0182330 secs] 853247K->644091K(1546688K), 0.0184550 secs] [Times: user=0.06 sys=0.00, real=0.02 secs] 
68400.067: [GC 68400.068: [ParNew: 211337K->1229K(235968K), 0.0141310 secs] 853883K->643825K(1546688K), 0.0143410 secs] [Times: user=0.02 sys=0.00, real=0.01 secs] 
68408.637: [GC 68408.638: [ParNew: 211021K->782K(235968K), 0.0074540 secs] 853617K->643432K(1546688K), 0.0076640 secs] [Times: user=0.02 sys=0.00, real=0.01 secs] 
68424.215: [GC 68424.215: [ParNew: 210553K->989K(235968K), 0.0089830 secs] 853203K->643695K(1546688K), 0.0092460 secs] [Times: user=0.02 sys=0.00, real=0.01 secs] 
68431.346: [GC 68431.346: [ParNew: 210664K->1230K(235968K), 0.0064230 secs] 853371K->644003K(1546688K), 0.0067160 secs] [Times: user=0.02 sys=0.00, real=0.01 secs] 
68454.531: [GC 68454.531: [ParNew: 211022K->713K(235968K), 0.0051730 secs] 853795K->643547K(1546688K), 0.0054440 secs] [Times: user=0.03 sys=0.00, real=0.01 secs] 
68460.051: [GC 68460.052: [ParNew: 210505K->938K(235968K), 0.0246400 secs] 853339K->643876K(1546688K), 0.0249470 secs] [Times: user=0.05 sys=0.00, real=0.03 secs] 
68472.397: [GC 68472.397: [ParNew: 210730K->745K(235968K), 0.0062110 secs] 853668K->643739K(1546688K), 0.0065190 secs] [Times: user=0.02 sys=0.00, real=0.01 secs] 
68486.315: [GC 68486.315: [ParNew: 210533K->1092K(235968K), 0.0058850 secs] 853527K->644142K(1546688K), 0.0061720 secs] [Times: user=0.03 sys=0.00, real=0.01 secs] 
68491.376: [GC 68491.376: [ParNew: 210884K->1044K(235968K), 0.0069040 secs] 853934K->644140K(1546688K), 0.0071090 secs] [Times: user=0.02 sys=0.00, real=0.01 secs] 
68514.565: [GC 68514.565: [ParNew: 210836K->854K(235968K), 0.0045210 secs] 853932K->644007K(1546688K), 0.0047470 secs] [Times: user=0.03 sys=0.00, real=0.00 secs] 
68520.105: [GC 68520.105: [ParNew: 210646K->648K(235968K), 0.0105420 secs] 853799K->643849K(1546688K), 0.0107260 secs] [Times: user=0.03 sys=0.00, real=0.01 secs] 
68534.418: [GC 68534.418: [ParNew: 210411K->1142K(235968K), 0.0056990 secs] 853612K->644398K(1546688K), 0.0059580 secs] [Times: user=0.03 sys=0.00, real=0.01 secs] 
68546.347: [GC 68546.347: [ParNew: 210843K->1359K(235968K), 0.0056300 secs] 854100K->644660K(1546688K), 0.0059040 secs] [Times: user=0.03 sys=0.00, real=0.01 secs] 
68553.092: [GC 68553.092: [ParNew: 211073K->1358K(235968K), 0.0060830 secs] 854374K->644708K(1546688K), 0.0063520 secs] [Times: user=0.02 sys=0.01, real=0.00 secs] 
68574.598: [GC 68574.598: [ParNew: 211150K->1204K(235968K), 0.0087110 secs] 854500K->644612K(1546688K), 0.0089760 secs] [Times: user=0.02 sys=0.00, real=0.01 secs] 
68581.903: [GC 68581.903: [ParNew: 210996K->453K(235968K), 0.0176020 secs] 854404K->644284K(1546688K), 0.0178380 secs] [Times: user=0.07 sys=0.00, real=0.02 secs] 
68601.680: [GC 68601.681: [ParNew: 210245K->741K(235968K), 0.0076610 secs] 854076K->644627K(1546688K), 0.0081050 secs] [Times: user=0.03 sys=0.00, real=0.01 secs] 
68607.105: [GC 68607.105: [ParNew: 210533K->1236K(235968K), 0.0060970 secs] 854419K->645166K(1546688K), 0.0063570 secs] [Times: user=0.02 sys=0.00, real=0.01 secs] 
68618.415: [GC 68618.415: [ParNew: 211028K->842K(235968K), 0.0123720 secs] 854958K->644809K(1546688K), 0.0127640 secs] [Times: user=0.03 sys=0.00, real=0.01 secs] 
68636.290: [GC 68636.291: [ParNew: 210634K->1034K(235968K), 0.0044250 secs] 854601K->645043K(1546688K), 0.0046980 secs] [Times: user=0.03 sys=0.00, real=0.00 secs] 
68641.937: [GC 68641.938: [ParNew: 210826K->949K(235968K), 0.0085510 secs] 854835K->645000K(1546688K), 0.0091500 secs] [Times: user=0.02 sys=0.00, real=0.01 secs] 
68663.464: [GC 68663.464: [ParNew: 210665K->1573K(235968K), 0.0401210 secs] 854716K->645681K(1546688K), 0.0404460 secs] [Times: user=0.05 sys=0.00, real=0.04 secs] 
68667.116: [GC 68667.116: [ParNew: 211365K->1637K(235968K), 0.0063650 secs] 855473K->645800K(1546688K), 0.0066410 secs] [Times: user=0.03 sys=0.00, real=0.01 secs] 
68678.418: [GC 68678.418: [ParNew: 211429K->1816K(235968K), 0.0055190 secs] 855592K->646048K(1546688K), 0.0057950 secs] [Times: user=0.02 sys=0.01, real=0.01 secs] 
68696.307: [GC 68696.307: [ParNew: 211608K->1471K(235968K), 0.0056430 secs] 855840K->645757K(1546688K), 0.0058440 secs] [Times: user=0.03 sys=0.00, real=0.00 secs] 
68701.958: [GC 68701.958: [ParNew: 211263K->1312K(235968K), 0.0067150 secs] 855549K->645659K(1546688K), 0.0069990 secs] [Times: user=0.02 sys=0.00, real=0.00 secs] 
68723.503: [GC 68723.503: [ParNew: 211080K->617K(235968K), 0.0094660 secs] 855427K->645007K(1546688K), 0.0097820 secs] [Times: user=0.02 sys=0.00, real=0.01 secs] 
68730.005: [GC 68730.005: [ParNew: 210409K->1172K(235968K), 0.0054640 secs] 854799K->645608K(1546688K), 0.0057340 secs] [Times: user=0.02 sys=0.00, real=0.00 secs] 
68738.457: [GC 68738.457: [ParNew: 210944K->995K(235968K), 0.0049770 secs] 855379K->645480K(1546688K), 0.0052490 secs] [Times: user=0.03 sys=0.00, real=0.01 secs] 
68757.632: [GC 68757.632: [ParNew: 210787K->1590K(235968K), 0.0067900 secs] 855272K->646127K(1546688K), 0.0069830 secs] [Times: user=0.03 sys=0.00, real=0.01 secs] 
68768.689: [GC 68768.689: [ParNew: 211311K->1317K(235968K), 0.0086910 secs] 855848K->645904K(1546688K), 0.0089720 secs] [Times: user=0.02 sys=0.01, real=0.01 secs] 
68784.260: [GC 68784.261: [ParNew: 211103K->1625K(235968K), 0.0055530 secs] 855690K->646261K(1546688K), 0.0057400 secs] [Times: user=0.03 sys=0.00, real=0.01 secs] 
68791.394: [GC 68791.395: [ParNew: 211382K->588K(235968K), 0.0265990 secs] 856019K->645548K(1546688K), 0.0268750 secs] [Times: user=0.06 sys=0.00, real=0.03 secs] 
68812.058: [GC 68812.058: [ParNew: 210380K->601K(235968K), 0.0074350 secs] 855340K->645631K(1546688K), 0.0076450 secs] [Times: user=0.02 sys=0.00, real=0.01 secs] 
68820.124: [GC 68820.124: [ParNew: 210346K->834K(235968K), 0.0065430 secs] 855376K->645918K(1546688K), 0.0067440 secs] [Times: user=0.02 sys=0.00, real=0.01 secs] 
68834.461: [GC 68834.461: [ParNew: 210626K->911K(235968K), 0.0050540 secs] 855710K->646048K(1546688K), 0.0053350 secs] [Times: user=0.03 sys=0.00, real=0.01 secs] 
68846.379: [GC 68846.380: [ParNew: 210634K->750K(235968K), 0.0054200 secs] 855770K->645930K(1546688K), 0.0056290 secs] [Times: user=0.02 sys=0.00, real=0.01 secs] 
68853.122: [GC 68853.122: [ParNew: 210542K->940K(235968K), 0.0084140 secs] 855722K->646154K(1546688K), 0.0086180 secs] [Times: user=0.03 sys=0.00, real=0.00 secs] 
68874.642: [GC 68874.643: [ParNew: 210629K->1007K(235968K), 0.0067280 secs] 855842K->646262K(1546688K), 0.0069410 secs] [Times: user=0.03 sys=0.00, real=0.01 secs] 
68880.176: [GC 68880.177: [ParNew: 210799K->910K(235968K), 0.0065000 secs] 856054K->646207K(1546688K), 0.0067050 secs] [Times: user=0.02 sys=0.00, real=0.01 secs] 
68894.480: [GC 68894.480: [ParNew: 210702K->916K(235968K), 0.0067910 secs] 855999K->646269K(1546688K), 0.0070630 secs] [Times: user=0.02 sys=0.01, real=0.01 secs] 
68906.399: [GC 68906.399: [ParNew: 210708K->854K(235968K), 0.0054680 secs] 856061K->646263K(1546688K), 0.0057450 secs] [Times: user=0.03 sys=0.00, real=0.01 secs] 
68913.145: [GC 68913.146: [ParNew: 210646K->767K(235968K), 0.0100060 secs] 856055K->646232K(1546688K), 0.0102160 secs] [Times: user=0.02 sys=0.00, real=0.01 secs] 
68934.649: [GC 68934.649: [ParNew: 210542K->843K(235968K), 0.0092730 secs] 856007K->646362K(1546688K), 0.0094820 secs] [Times: user=0.03 sys=0.00, real=0.01 secs] 
68940.181: [GC 68940.181: [ParNew: 210635K->1011K(235968K), 0.0066300 secs] 856154K->646630K(1546688K), 0.0068300 secs] [Times: user=0.02 sys=0.00, real=0.00 secs] 
68954.501: [GC 68954.502: [ParNew: 210803K->1156K(235968K), 0.0056310 secs] 856422K->646824K(1546688K), 0.0058050 secs] [Times: user=0.02 sys=0.00, real=0.01 secs] 
68966.409: [GC 68966.409: [ParNew: 210927K->960K(235968K), 0.0065050 secs] 856595K->646687K(1546688K), 0.0067130 secs] [Times: user=0.03 sys=0.01, real=0.01 secs] 
68973.156: [GC 68973.156: [ParNew: 210752K->1079K(235968K), 0.0068890 secs] 856479K->646894K(1546688K), 0.0070900 secs] [Times: user=0.02 sys=0.00, real=0.01 secs] 
68994.663: [GC 68994.663: [ParNew: 210871K->1077K(235968K), 0.0069290 secs] 856686K->646945K(1546688K), 0.0071960 secs] [Times: user=0.03 sys=0.00, real=0.01 secs] 
69000.204: [GC 69000.204: [ParNew: 210869K->1083K(235968K), 0.0064300 secs] 856737K->647011K(1546688K), 0.0066310 secs] [Times: user=0.03 sys=0.00, real=0.01 secs] 
69014.527: [GC 69014.527: [ParNew: 210875K->894K(235968K), 0.0059200 secs] 856803K->646872K(1546688K), 0.0061260 secs] [Times: user=0.03 sys=0.00, real=0.00 secs] 
69027.152: [GC 69027.153: [ParNew: 210686K->1143K(235968K), 0.0069930 secs] 856664K->647165K(1546688K), 0.0071990 secs] [Times: user=0.02 sys=0.00, real=0.01 secs] 
69038.486: [GC 69038.486: [ParNew: 210935K->884K(235968K), 0.0067790 secs] 856957K->646964K(1546688K), 0.0069660 secs] [Times: user=0.03 sys=0.00, real=0.01 secs] 
69056.371: [GC 69056.371: [ParNew: 210659K->827K(235968K), 0.0080590 secs] 856739K->646949K(1546688K), 0.0082680 secs] [Times: user=0.03 sys=0.00, real=0.00 secs] 
69062.014: [GC 69062.014: [ParNew: 210619K->992K(235968K), 0.0058480 secs] 856741K->647154K(1546688K), 0.0060870 secs] [Times: user=0.02 sys=0.00, real=0.01 secs] 
69083.574: [GC 69083.575: [ParNew: 210695K->1130K(235968K), 0.0118400 secs] 856857K->647337K(1546688K), 0.0121500 secs] [Times: user=0.02 sys=0.00, real=0.02 secs] 
69090.060: [GC 69090.060: [ParNew: 210922K->1007K(235968K), 0.0066770 secs] 857129K->647264K(1546688K), 0.0068750 secs] [Times: user=0.03 sys=0.00, real=0.01 secs] 
69098.514: [GC 69098.515: [ParNew: 210799K->805K(235968K), 0.0061560 secs] 857056K->647123K(1546688K), 0.0063490 secs] [Times: user=0.03 sys=0.00, real=0.00 secs] 
69116.404: [GC 69116.404: [ParNew: 210597K->1108K(235968K), 0.0061670 secs] 856915K->647480K(1546688K), 0.0063810 secs] [Times: user=0.02 sys=0.00, real=0.01 secs] 
69122.050: [GC 69122.050: [ParNew: 210811K->737K(235968K), 0.0064290 secs] 857183K->647168K(1546688K), 0.0066310 secs] [Times: user=0.03 sys=0.00, real=0.00 secs] 
69143.627: [GC 69143.628: [ParNew: 210522K->1024K(235968K), 0.0115510 secs] 856953K->647502K(1546688K), 0.0117880 secs] [Times: user=0.03 sys=0.00, real=0.01 secs] 
69150.101: [GC 69150.101: [ParNew: 210719K->812K(235968K), 0.0059660 secs] 857197K->647344K(1546688K), 0.0061960 secs] [Times: user=0.02 sys=0.00, real=0.01 secs] 
69170.472: [GC 69170.472: [ParNew: 210604K->907K(235968K), 0.0075630 secs] 857136K->647488K(1546688K), 0.0077750 secs] [Times: user=0.02 sys=0.00, real=0.01 secs] 
69177.710: [GC 69177.711: [ParNew: 210699K->1008K(235968K), 0.0199290 secs] 857280K->647637K(1546688K), 0.0201570 secs] [Times: user=0.05 sys=0.00, real=0.02 secs] 
69188.783: [GC 69188.783: [ParNew: 210800K->1095K(235968K), 0.0058350 secs] 857429K->647767K(1546688K), 0.0060410 secs] [Times: user=0.02 sys=0.00, real=0.00 secs] 
69204.519: [GC 69204.519: [ParNew: 210887K->849K(235968K), 0.0068390 secs] 857559K->647571K(1546688K), 0.0071160 secs] [Times: user=0.02 sys=0.00, real=0.00 secs] 
69210.123: [GC 69210.123: [ParNew: 210616K->1017K(235968K), 0.0045430 secs] 857338K->647863K(1546688K), 0.0047970 secs] [Times: user=0.03 sys=0.00, real=0.01 secs] 
69232.085: [GC 69232.085: [ParNew: 210741K->932K(235968K), 0.0061230 secs] 857586K->647819K(1546688K), 0.0064160 secs] [Times: user=0.03 sys=0.00, real=0.00 secs] 
69237.739: [GC 69237.739: [ParNew: 210724K->996K(235968K), 0.0142550 secs] 857611K->647943K(1546688K), 0.0145070 secs] [Times: user=0.05 sys=0.00, real=0.02 secs] 
69248.807: [GC 69248.807: [ParNew: 210760K->1182K(235968K), 0.0085040 secs] 857707K->648185K(1546688K), 0.0086920 secs] [Times: user=0.03 sys=0.00, real=0.01 secs] 
69264.535: [GC 69264.535: [ParNew: 210971K->1396K(235968K), 0.0066170 secs] 857974K->648442K(1546688K), 0.0068380 secs] [Times: user=0.03 sys=0.00, real=0.01 secs] 
69270.134: [GC 69270.134: [ParNew: 211164K->870K(235968K), 0.0058390 secs] 858210K->648141K(1546688K), 0.0061540 secs] [Times: user=0.03 sys=0.00, real=0.01 secs] 
69292.111: [GC 69292.111: [ParNew: 210662K->825K(235968K), 0.0046360 secs] 857933K->648154K(1546688K), 0.0049170 secs] [Times: user=0.03 sys=0.00, real=0.01 secs] 
69297.776: [GC 69297.776: [ParNew: 210612K->677K(235968K), 0.0052660 secs] 857941K->648060K(1546688K), 0.0054570 secs] [Times: user=0.02 sys=0.01, real=0.00 secs] 
69308.953: [GC 69308.953: [ParNew: 210435K->911K(235968K), 0.0242620 secs] 857818K->648455K(1546688K), 0.0244560 secs] [Times: user=0.06 sys=0.00, real=0.02 secs] 
69325.811: [GC 69325.811: [ParNew: 210703K->486K(235968K), 0.0075920 secs] 858247K->648073K(1546688K), 0.0078320 secs] [Times: user=0.02 sys=0.00, real=0.01 secs] 
69331.505: [GC 69331.505: [ParNew: 210274K->639K(235968K), 0.0243570 secs] 857862K->648271K(1546688K), 0.0246620 secs] [Times: user=0.05 sys=0.00, real=0.03 secs] 
69354.711: [GC 69354.711: [ParNew: 210353K->1140K(235968K), 0.0110730 secs] 857985K->648814K(1546688K), 0.0113050 secs] [Times: user=0.03 sys=0.00, real=0.01 secs] 
69360.252: [GC 69360.252: [ParNew: 210932K->1228K(235968K), 0.0069160 secs] 858606K->648949K(1546688K), 0.0072040 secs] [Times: user=0.03 sys=0.00, real=0.01 secs] 
69374.559: [GC 69374.559: [ParNew: 211020K->1263K(235968K), 0.0097950 secs] 858741K->649032K(1546688K), 0.0115970 secs] [Times: user=0.03 sys=0.00, real=0.02 secs] 
69386.450: [GC 69386.450: [ParNew: 211055K->1175K(235968K), 0.0073490 secs] 858824K->648988K(1546688K), 0.0076430 secs] [Times: user=0.02 sys=0.00, real=0.00 secs] 
69393.198: [GC 69393.198: [ParNew: 210967K->1111K(235968K), 0.0074160 secs] 858780K->649051K(1546688K), 0.0077040 secs] [Times: user=0.03 sys=0.00, real=0.00 secs] 
69414.728: [GC 69414.728: [ParNew: 210903K->856K(235968K), 0.0073860 secs] 858843K->648858K(1546688K), 0.0076480 secs] [Times: user=0.02 sys=0.00, real=0.01 secs] 
69420.294: [GC 69420.294: [ParNew: 210633K->686K(235968K), 0.0078570 secs] 858635K->648844K(1546688K), 0.0080950 secs] [Times: user=0.02 sys=0.00, real=0.00 secs] 
69434.590: [GC 69434.590: [ParNew: 210468K->732K(235968K), 0.0068660 secs] 858627K->648939K(1546688K), 0.0071400 secs] [Times: user=0.03 sys=0.00, real=0.01 secs] 
69446.475: [GC 69446.475: [ParNew: 210524K->700K(235968K), 0.0060900 secs] 858731K->648964K(1546688K), 0.0063750 secs] [Times: user=0.02 sys=0.00, real=0.01 secs] 
69453.220: [GC 69453.221: [ParNew: 210466K->603K(235968K), 0.0050080 secs] 858730K->648926K(1546688K), 0.0052690 secs] [Times: user=0.03 sys=0.00, real=0.00 secs] 
69476.440: [GC 69476.440: [ParNew: 210395K->611K(235968K), 0.0059770 secs] 858718K->648983K(1546688K), 0.0061700 secs] [Times: user=0.02 sys=0.00, real=0.01 secs] 
69482.074: [GC 69482.074: [ParNew: 210403K->835K(235968K), 0.0088880 secs] 858775K->649256K(1546688K), 0.0090910 secs] [Times: user=0.02 sys=0.01, real=0.00 secs] 
69503.651: [GC 69503.651: [ParNew: 210624K->1206K(235968K), 0.0332410 secs] 859044K->649664K(1546688K), 0.0335290 secs] [Times: user=0.03 sys=0.00, real=0.03 secs] 
69507.234: [GC 69507.234: [ParNew: 210998K->876K(235968K), 0.0070600 secs] 859456K->649377K(1546688K), 0.0072890 secs] [Times: user=0.03 sys=0.00, real=0.01 secs] 
69518.603: [GC 69518.603: [ParNew: 210668K->1018K(235968K), 0.0063150 secs] 859169K->649556K(1546688K), 0.0065680 secs] [Times: user=0.02 sys=0.00, real=0.01 secs] 
69536.486: [GC 69536.487: [ParNew: 210752K->923K(235968K), 0.0052590 secs] 859289K->649583K(1546688K), 0.0055410 secs] [Times: user=0.03 sys=0.00, real=0.00 secs] 
69548.848: [GC 69548.848: [ParNew: 210715K->555K(235968K), 0.0093980 secs] 859375K->649270K(1546688K), 0.0096140 secs] [Times: user=0.02 sys=0.00, real=0.01 secs] 
69563.702: [GC 69563.702: [ParNew: 210347K->1116K(235968K), 0.0172550 secs] 859062K->649884K(1546688K), 0.0175980 secs] [Times: user=0.03 sys=0.00, real=0.01 secs] 
69570.172: [GC 69570.172: [ParNew: 210894K->745K(235968K), 0.0119070 secs] 859662K->649561K(1546688K), 0.0121050 secs] [Times: user=0.02 sys=0.00, real=0.01 secs] 
69578.642: [GC 69578.643: [ParNew: 210459K->840K(235968K), 0.0064400 secs] 859275K->649705K(1546688K), 0.0066350 secs] [Times: user=0.02 sys=0.00, real=0.01 secs] 
69597.803: [GC 69597.803: [ParNew: 210632K->1146K(235968K), 0.0165890 secs] 859497K->650065K(1546688K), 0.0168920 secs] [Times: user=0.04 sys=0.00, real=0.02 secs] 
69607.061: [GC 69607.061: [ParNew: 210938K->973K(235968K), 0.0304510 secs] 859857K->649945K(1546688K), 0.0307270 secs] [Times: user=0.06 sys=0.00, real=0.03 secs] 
69623.709: [GC 69623.709: [ParNew: 210748K->1085K(235968K), 0.0213570 secs] 859720K->650119K(1546688K), 0.0216490 secs] [Times: user=0.04 sys=0.01, real=0.02 secs] 
69630.184: [GC 69630.185: [ParNew: 210877K->964K(235968K), 0.0057460 secs] 859911K->650147K(1546688K), 0.0060190 secs] [Times: user=0.02 sys=0.00, real=0.01 secs] 
69652.137: [GC 69652.137: [ParNew: 210756K->813K(235968K), 0.0066190 secs] 859939K->650059K(1546688K), 0.0067950 secs] [Times: user=0.02 sys=0.00, real=0.00 secs] 
69657.840: [GC 69657.840: [ParNew: 210541K->1205K(235968K), 0.0133750 secs] 859787K->650492K(1546688K), 0.0136000 secs] [Times: user=0.04 sys=0.01, real=0.01 secs] 
69668.898: [GC 69668.898: [ParNew: 210997K->848K(235968K), 0.0057580 secs] 860284K->650188K(1546688K), 0.0060300 secs] [Times: user=0.03 sys=0.00, real=0.01 secs] 
69684.624: [GC 69684.625: [ParNew: 210640K->895K(235968K), 0.0186460 secs] 859980K->650278K(1546688K), 0.0189360 secs] [Times: user=0.02 sys=0.00, real=0.02 secs] 
69691.533: [GC 69691.533: [ParNew: 210675K->723K(235968K), 0.0057670 secs] 860058K->650150K(1546688K), 0.0060000 secs] [Times: user=0.03 sys=0.00, real=0.00 secs] 
69714.770: [GC 69714.770: [ParNew: 210515K->922K(235968K), 0.0069110 secs] 859942K->650403K(1546688K), 0.0071530 secs] [Times: user=0.03 sys=0.00, real=0.01 secs] 
69720.313: [GC 69720.314: [ParNew: 210714K->1137K(235968K), 0.0054070 secs] 860195K->650681K(1546688K), 0.0056810 secs] [Times: user=0.02 sys=0.00, real=0.01 secs] 
69734.627: [GC 69734.627: [ParNew: 210904K->990K(235968K), 0.0048890 secs] 860447K->650583K(1546688K), 0.0053550 secs] [Times: user=0.02 sys=0.00, real=0.00 secs] 
69746.501: [GC 69746.502: [ParNew: 210742K->1108K(235968K), 0.0055740 secs] 860335K->650745K(1546688K), 0.0058090 secs] [Times: user=0.02 sys=0.00, real=0.01 secs] 
69753.246: [GC 69753.246: [ParNew: 210875K->838K(235968K), 0.0056760 secs] 860512K->650510K(1546688K), 0.0058660 secs] [Times: user=0.02 sys=0.00, real=0.01 secs] 
69774.811: [GC 69774.811: [ParNew: 210575K->1063K(235968K), 0.0080860 secs] 860247K->650778K(1546688K), 0.0082910 secs] [Times: user=0.02 sys=0.00, real=0.01 secs] 
69780.356: [GC 69780.356: [ParNew: 210796K->824K(235968K), 0.0055080 secs] 860511K->650684K(1546688K), 0.0058000 secs] [Times: user=0.03 sys=0.00, real=0.01 secs] 
69794.673: [GC 69794.673: [ParNew: 210616K->706K(235968K), 0.0043590 secs] 860476K->650619K(1546688K), 0.0046400 secs] [Times: user=0.03 sys=0.00, real=0.01 secs] 
69807.248: [GC 69807.248: [ParNew: 210498K->928K(235968K), 0.0055080 secs] 860411K->650884K(1546688K), 0.0058130 secs] [Times: user=0.02 sys=0.00, real=0.01 secs] 
69818.642: [GC 69818.642: [ParNew: 210720K->608K(235968K), 0.0221110 secs] 860676K->650613K(1546688K), 0.0224510 secs] [Times: user=0.05 sys=0.00, real=0.02 secs] 
69836.514: [GC 69836.514: [ParNew: 210352K->824K(235968K), 0.0059540 secs] 860358K->650879K(1546688K), 0.0062150 secs] [Times: user=0.03 sys=0.00, real=0.01 secs] 
69842.150: [GC 69842.150: [ParNew: 210616K->1028K(235968K), 0.0049480 secs] 860671K->651125K(1546688K), 0.0051600 secs] [Times: user=0.03 sys=0.00, real=0.00 secs] 
69863.720: [GC 69863.721: [ParNew: 210820K->734K(235968K), 0.0055610 secs] 860917K->650982K(1546688K), 0.0058520 secs] [Times: user=0.03 sys=0.00, real=0.01 secs] 
69870.217: [GC 69870.218: [ParNew: 210526K->747K(235968K), 0.0057190 secs] 860774K->651042K(1546688K), 0.0059580 secs] [Times: user=0.03 sys=0.01, real=0.01 secs] 
69878.689: [GC 69878.689: [ParNew: 210503K->931K(235968K), 0.0093260 secs] 860798K->651306K(1546688K), 0.0095860 secs] [Times: user=0.03 sys=0.00, real=0.01 secs] 
69897.881: [GC 69897.881: [ParNew: 210723K->967K(235968K), 0.0116060 secs] 861098K->651395K(1546688K), 0.0118650 secs] [Times: user=0.02 sys=0.00, real=0.01 secs] 
69908.933: [GC 69908.933: [ParNew: 210759K->665K(235968K), 0.0084660 secs] 861187K->651143K(1546688K), 0.0086990 secs] [Times: user=0.02 sys=0.00, real=0.01 secs] 
69924.655: [GC 69924.655: [ParNew: 210394K->868K(235968K), 0.0071670 secs] 860873K->651409K(1546688K), 0.0074080 secs] [Times: user=0.02 sys=0.00, real=0.00 secs] 
69930.263: [GC 69930.263: [ParNew: 210660K->815K(235968K), 0.0051930 secs] 861201K->651399K(1546688K), 0.0054340 secs] [Times: user=0.02 sys=0.00, real=0.00 secs] 
69952.189: [GC 69952.189: [ParNew: 210607K->1042K(235968K), 0.0056010 secs] 861191K->651668K(1546688K), 0.0058760 secs] [Times: user=0.02 sys=0.00, real=0.01 secs] 
69957.920: [GC 69957.920: [ParNew: 210834K->852K(235968K), 0.0090620 secs] 861460K->651530K(1546688K), 0.0092370 secs] [Times: user=0.03 sys=0.00, real=0.01 secs] 
69968.973: [GC 69968.973: [ParNew: 210644K->1000K(235968K), 0.0050570 secs] 861322K->651727K(1546688K), 0.0053320 secs] [Times: user=0.02 sys=0.00, real=0.01 secs] 
69984.692: [GC 69984.692: [ParNew: 210792K->817K(235968K), 0.0046640 secs] 861519K->651588K(1546688K), 0.0049310 secs] [Times: user=0.02 sys=0.00, real=0.01 secs] 
69991.580: [GC 69991.580: [ParNew: 210587K->666K(235968K), 0.0042000 secs] 861358K->651609K(1546688K), 0.0044550 secs] [Times: user=0.03 sys=0.00, real=0.01 secs] 
70014.822: [GC 70014.822: [ParNew: 210458K->745K(235968K), 0.0065110 secs] 861401K->651748K(1546688K), 0.0068340 secs] [Times: user=0.03 sys=0.01, real=0.00 secs] 
70020.366: [GC 70020.366: [ParNew: 210537K->1048K(235968K), 0.0064020 secs] 861540K->652102K(1546688K), 0.0066070 secs] [Times: user=0.02 sys=0.01, real=0.01 secs] 
70034.681: [GC 70034.681: [ParNew: 210782K->913K(235968K), 0.0047860 secs] 861835K->652015K(1546688K), 0.0050470 secs] [Times: user=0.03 sys=0.00, real=0.00 secs] 
70046.541: [GC 70046.541: [ParNew: 210655K->948K(235968K), 0.0047430 secs] 861758K->652094K(1546688K), 0.0050080 secs] [Times: user=0.03 sys=0.00, real=0.01 secs] 
70053.287: [GC 70053.287: [ParNew: 210740K->946K(235968K), 0.0062030 secs] 861886K->652123K(1546688K), 0.0063800 secs] [Times: user=0.02 sys=0.00, real=0.00 secs] 
70074.868: [GC 70074.869: [ParNew: 210738K->865K(235968K), 0.0044310 secs] 861915K->652083K(1546688K), 0.0047010 secs] [Times: user=0.03 sys=0.00, real=0.01 secs] 
70080.411: [GC 70080.412: [ParNew: 210657K->907K(235968K), 0.0043770 secs] 861875K->652166K(1546688K), 0.0046330 secs] [Times: user=0.02 sys=0.00, real=0.00 secs] 
70094.727: [GC 70094.727: [ParNew: 210699K->888K(235968K), 0.0050470 secs] 861958K->652196K(1546688K), 0.0052440 secs] [Times: user=0.03 sys=0.00, real=0.01 secs] 
70107.288: [GC 70107.288: [ParNew: 210580K->1192K(235968K), 0.0079670 secs] 861888K->652544K(1546688K), 0.0081570 secs] [Times: user=0.03 sys=0.00, real=0.01 secs] 
70118.708: [GC 70118.709: [ParNew: 210984K->1109K(235968K), 0.0060080 secs] 862336K->652510K(1546688K), 0.0061960 secs] [Times: user=0.02 sys=0.00, real=0.01 secs] 
70136.574: [GC 70136.574: [ParNew: 210901K->1160K(235968K), 0.0082680 secs] 862302K->652737K(1546688K), 0.0084570 secs] [Times: user=0.02 sys=0.00, real=0.01 secs] 
70142.201: [GC 70142.201: [ParNew: 210952K->922K(235968K), 0.0052750 secs] 862529K->652543K(1546688K), 0.0055050 secs] [Times: user=0.03 sys=0.00, real=0.00 secs] 
70163.772: [GC 70163.772: [ParNew: 210714K->1636K(235968K), 0.0110190 secs] 862335K->653396K(1546688K), 0.0113140 secs] [Times: user=0.04 sys=0.00, real=0.01 secs] 
70167.321: [GC 70167.321: [ParNew: 211428K->879K(235968K), 0.0058980 secs] 863188K->652688K(1546688K), 0.0060760 secs] [Times: user=0.02 sys=0.00, real=0.01 secs] 
70178.736: [GC 70178.736: [ParNew: 210671K->1163K(235968K), 0.0057500 secs] 862480K->653016K(1546688K), 0.0059850 secs] [Times: user=0.03 sys=0.01, real=0.00 secs] 
70196.600: [GC 70196.600: [ParNew: 210955K->1034K(235968K), 0.0044920 secs] 862808K->652941K(1546688K), 0.0047770 secs] [Times: user=0.03 sys=0.00, real=0.01 secs] 
70202.228: [GC 70202.228: [ParNew: 210826K->734K(235968K), 0.0062460 secs] 862733K->652692K(1546688K), 0.0065020 secs] [Times: user=0.03 sys=0.00, real=0.01 secs] 
70223.793: [GC 70223.794: [ParNew: 210526K->1116K(235968K), 0.0055970 secs] 862484K->653124K(1546688K), 0.0057780 secs] [Times: user=0.02 sys=0.00, real=0.01 secs] 
70230.284: [GC 70230.284: [ParNew: 210908K->825K(235968K), 0.0085860 secs] 862916K->652894K(1546688K), 0.0087680 secs] [Times: user=0.02 sys=0.00, real=0.01 secs] 
70238.761: [GC 70238.762: [ParNew: 210595K->808K(235968K), 0.0045170 secs] 862664K->652936K(1546688K), 0.0047770 secs] [Times: user=0.03 sys=0.00, real=0.01 secs] 
70257.951: [GC 70257.951: [ParNew: 210600K->1084K(235968K), 0.0056880 secs] 862728K->653270K(1546688K), 0.0059370 secs] [Times: user=0.03 sys=0.00, real=0.01 secs] 
70269.008: [GC 70269.008: [ParNew: 210876K->936K(235968K), 0.0063990 secs] 863062K->653171K(1546688K), 0.0066710 secs] [Times: user=0.03 sys=0.00, real=0.01 secs] 
70284.724: [GC 70284.724: [ParNew: 210728K->714K(235968K), 0.0081110 secs] 862963K->652992K(1546688K), 0.0083790 secs] [Times: user=0.02 sys=0.00, real=0.01 secs] 
70290.333: [GC 70290.333: [ParNew: 210491K->927K(235968K), 0.0067680 secs] 862769K->653250K(1546688K), 0.0070290 secs] [Times: user=0.03 sys=0.00, real=0.01 secs] 
70312.238: [GC 70312.239: [ParNew: 210719K->779K(235968K), 0.0052590 secs] 863042K->653143K(1546688K), 0.0054570 secs] [Times: user=0.02 sys=0.00, real=0.01 secs] 
70317.994: [GC 70317.995: [ParNew: 210558K->1029K(235968K), 0.0048770 secs] 862922K->653436K(1546688K), 0.0051320 secs] [Times: user=0.02 sys=0.00, real=0.00 secs] 
70329.051: [GC 70329.051: [ParNew: 210821K->778K(235968K), 0.0060690 secs] 863228K->653311K(1546688K), 0.0063290 secs] [Times: user=0.02 sys=0.00, real=0.00 secs] 
70346.569: [GC 70346.569: [ParNew: 210568K->600K(235968K), 0.0053220 secs] 863101K->653177K(1546688K), 0.0056020 secs] [Times: user=0.03 sys=0.00, real=0.00 secs] 
70351.641: [GC 70351.641: [ParNew: 210369K->982K(235968K), 0.0068710 secs] 862945K->653625K(1546688K), 0.0070520 secs] [Times: user=0.02 sys=0.00, real=0.01 secs] 
70374.911: [GC 70374.911: [ParNew: 210731K->742K(235968K), 0.0074730 secs] 863375K->653422K(1546688K), 0.0076910 secs] [Times: user=0.03 sys=0.00, real=0.01 secs] 
70380.456: [GC 70380.456: [ParNew: 210321K->807K(235968K), 0.0066670 secs] 863001K->653523K(1546688K), 0.0068790 secs] [Times: user=0.03 sys=0.01, real=0.01 secs] 
70394.761: [GC 70394.761: [ParNew: 210599K->785K(235968K), 0.0056900 secs] 863315K->653547K(1546688K), 0.0059720 secs] [Times: user=0.03 sys=0.01, real=0.00 secs] 
70406.597: [GC 70406.598: [ParNew: 210577K->903K(235968K), 0.0071260 secs] 863339K->653712K(1546688K), 0.0073320 secs] [Times: user=0.04 sys=0.00, real=0.01 secs] 
70411.650: [GC 70411.650: [ParNew: 210674K->1457K(235968K), 0.0082270 secs] 863483K->654328K(1546688K), 0.0084590 secs] [Times: user=0.03 sys=0.00, real=0.01 secs] 
70433.954: [GC 70433.954: [ParNew: 211249K->1358K(235968K), 0.0060930 secs] 864120K->654285K(1546688K), 0.0063900 secs] [Times: user=0.03 sys=0.00, real=0.00 secs] 
70438.006: [GC 70438.006: [ParNew: 211105K->1462K(235968K), 0.0061850 secs] 864032K->654478K(1546688K), 0.0064460 secs] [Times: user=0.03 sys=0.00, real=0.00 secs] 
70449.067: [GC 70449.067: [ParNew: 211247K->1095K(235968K), 0.0040070 secs] 864263K->654164K(1546688K), 0.0042800 secs] [Times: user=0.03 sys=0.00, real=0.01 secs] 
70464.914: [GC 70464.914: [ParNew: 210829K->1039K(235968K), 0.0104270 secs] 863898K->654159K(1546688K), 0.0106220 secs] [Times: user=0.02 sys=0.01, real=0.01 secs] 
70471.636: [GC 70471.636: [ParNew: 210828K->920K(235968K), 0.0056910 secs] 863948K->654088K(1546688K), 0.0058870 secs] [Times: user=0.02 sys=0.00, real=0.01 secs] 
70492.270: [GC 70492.270: [ParNew: 210712K->1213K(235968K), 0.0088400 secs] 863880K->654435K(1546688K), 0.0090310 secs] [Times: user=0.03 sys=0.00, real=0.01 secs] 
70498.031: [GC 70498.031: [ParNew: 211005K->1261K(235968K), 0.0048130 secs] 864227K->654537K(1546688K), 0.0050580 secs] [Times: user=0.02 sys=0.00, real=0.01 secs] 
70509.089: [GC 70509.090: [ParNew: 210997K->1133K(235968K), 0.0056870 secs] 864273K->654463K(1546688K), 0.0059040 secs] [Times: user=0.03 sys=0.00, real=0.01 secs] 
70524.923: [GC 70524.923: [ParNew: 210883K->1056K(235968K), 0.0083110 secs] 864213K->654443K(1546688K), 0.0085440 secs] [Times: user=0.03 sys=0.00, real=0.01 secs] 
70531.646: [GC 70531.646: [ParNew: 210848K->883K(235968K), 0.0064680 secs] 864235K->654437K(1546688K), 0.0066830 secs] [Times: user=0.03 sys=0.00, real=0.01 secs] 
70554.925: [GC 70554.925: [ParNew: 210674K->1196K(235968K), 0.0057520 secs] 864228K->654801K(1546688K), 0.0059950 secs] [Times: user=0.02 sys=0.00, real=0.00 secs] 
70560.474: [GC 70560.475: [ParNew: 210988K->683K(235968K), 0.0049980 secs] 864593K->654341K(1546688K), 0.0052860 secs] [Times: user=0.03 sys=0.00, real=0.00 secs] 
70574.794: [GC 70574.795: [ParNew: 210475K->470K(235968K), 0.0108940 secs] 864133K->654165K(1546688K), 0.0111910 secs] [Times: user=0.02 sys=0.00, real=0.01 secs] 
70586.631: [GC 70586.631: [ParNew: 210262K->766K(235968K), 0.0049380 secs] 863957K->654504K(1546688K), 0.0051890 secs] [Times: user=0.03 sys=0.00, real=0.00 secs] 
70593.369: [GC 70593.369: [ParNew: 210531K->621K(235968K), 0.0052100 secs] 864270K->654423K(1546688K), 0.0054170 secs] [Times: user=0.02 sys=0.00, real=0.00 secs] 
70614.969: [GC 70614.969: [ParNew: 210413K->653K(235968K), 0.0084250 secs] 864215K->654509K(1546688K), 0.0086840 secs] [Times: user=0.03 sys=0.00, real=0.01 secs] 
70620.515: [GC 70620.515: [ParNew: 210445K->804K(235968K), 0.0149440 secs] 864301K->654714K(1546688K), 0.0152060 secs] [Times: user=0.07 sys=0.00, real=0.01 secs] 
70641.047: [GC 70641.047: [ParNew: 210596K->488K(235968K), 0.0047670 secs] 864506K->654447K(1546688K), 0.0050330 secs] [Times: user=0.02 sys=0.00, real=0.01 secs] 
70647.386: [GC 70647.387: [ParNew: 210280K->942K(235968K), 0.0052170 secs] 864239K->654945K(1546688K), 0.0054620 secs] [Times: user=0.02 sys=0.00, real=0.01 secs] 
70658.825: [GC 70658.825: [ParNew: 210734K->879K(235968K), 0.0064770 secs] 864737K->654927K(1546688K), 0.0067060 secs] [Times: user=0.02 sys=0.00, real=0.01 secs] 
70676.690: [GC 70676.691: [ParNew: 210627K->919K(235968K), 0.0058480 secs] 864675K->655003K(1546688K), 0.0060700 secs] [Times: user=0.03 sys=0.00, real=0.01 secs] 
70682.322: [GC 70682.323: [ParNew: 210685K->934K(235968K), 0.0054450 secs] 864769K->655061K(1546688K), 0.0057260 secs] [Times: user=0.03 sys=0.00, real=0.01 secs] 
70703.879: [GC 70703.880: [ParNew: 210696K->1058K(235968K), 0.0058170 secs] 864823K->655229K(1546688K), 0.0061100 secs] [Times: user=0.03 sys=0.00, real=0.01 secs] 
70710.385: [GC 70710.386: [ParNew: 210850K->887K(235968K), 0.0062220 secs] 865021K->655107K(1546688K), 0.0064940 secs] [Times: user=0.02 sys=0.00, real=0.01 secs] 
70718.861: [GC 70718.862: [ParNew: 210642K->590K(235968K), 0.0043360 secs] 864863K->654859K(1546688K), 0.0046170 secs] [Times: user=0.02 sys=0.00, real=0.00 secs] 
70736.718: [GC 70736.718: [ParNew: 210382K->560K(235968K), 0.0058480 secs] 864651K->654884K(1546688K), 0.0060370 secs] [Times: user=0.03 sys=0.00, real=0.00 secs] 
70749.107: [GC 70749.107: [ParNew: 210352K->934K(235968K), 0.0075350 secs] 864676K->655323K(1546688K), 0.0078000 secs] [Times: user=0.03 sys=0.00, real=0.01 secs] 
70764.929: [GC 70764.929: [ParNew: 210726K->988K(235968K), 0.0282350 secs] 865115K->655425K(1546688K), 0.0285150 secs] [Times: user=0.05 sys=0.00, real=0.03 secs] 
70770.420: [GC 70770.420: [ParNew: 210780K->1139K(235968K), 0.0055990 secs] 865217K->655620K(1546688K), 0.0057810 secs] [Times: user=0.02 sys=0.00, real=0.01 secs] 
70792.294: [GC 70792.294: [ParNew: 210931K->631K(235968K), 0.0115810 secs] 865412K->655260K(1546688K), 0.0117750 secs] [Times: user=0.02 sys=0.00, real=0.01 secs] 
70798.074: [GC 70798.074: [ParNew: 210420K->709K(235968K), 0.0079460 secs] 865049K->655383K(1546688K), 0.0082160 secs] [Times: user=0.02 sys=0.00, real=0.01 secs] 
70809.144: [GC 70809.144: [ParNew: 210395K->844K(235968K), 0.0116100 secs] 865070K->655566K(1546688K), 0.0117880 secs] [Times: user=0.02 sys=0.00, real=0.02 secs] 
70824.998: [GC 70824.998: [ParNew: 210592K->619K(235968K), 0.0062030 secs] 865313K->655384K(1546688K), 0.0064890 secs] [Times: user=0.02 sys=0.00, real=0.01 secs] 
70831.683: [GC 70831.683: [ParNew: 210411K->823K(235968K), 0.0063610 secs] 865176K->655633K(1546688K), 0.0065290 secs] [Times: user=0.02 sys=0.00, real=0.00 secs] 
70854.974: [GC 70854.974: [ParNew: 210615K->795K(235968K), 0.0052100 secs] 865425K->655659K(1546688K), 0.0054850 secs] [Times: user=0.03 sys=0.00, real=0.01 secs] 
70860.521: [GC 70860.521: [ParNew: 210587K->1053K(235968K), 0.0057510 secs] 865451K->655969K(1546688K), 0.0060230 secs] [Times: user=0.02 sys=0.00, real=0.01 secs] 
70874.835: [GC 70874.835: [ParNew: 210743K->776K(235968K), 0.0053300 secs] 865659K->655742K(1546688K), 0.0056140 secs] [Times: user=0.03 sys=0.01, real=0.00 secs] 
70885.002: [GC 70885.002: [ParNew: 210527K->794K(235968K), 0.0089420 secs] 865492K->655816K(1546688K), 0.0091290 secs] [Times: user=0.02 sys=0.00, real=0.01 secs] 
70891.704: [GC 70891.704: [ParNew: 210586K->1065K(235968K), 0.0059710 secs] 865608K->656138K(1546688K), 0.0061920 secs] [Times: user=0.03 sys=0.00, real=0.00 secs] 
70914.993: [GC 70914.993: [ParNew: 210855K->945K(235968K), 0.0063130 secs] 865928K->656073K(1546688K), 0.0065750 secs] [Times: user=0.02 sys=0.00, real=0.01 secs] 
70920.547: [GC 70920.548: [ParNew: 210657K->1244K(235968K), 0.0066350 secs] 865784K->656429K(1546688K), 0.0068730 secs] [Times: user=0.02 sys=0.01, real=0.00 secs] 
70934.849: [GC 70934.850: [ParNew: 211036K->1686K(235968K), 0.0066950 secs] 866221K->657031K(1546688K), 0.0069810 secs] [Times: user=0.03 sys=0.01, real=0.01 secs] 
70946.664: [GC 70946.664: [ParNew: 211478K->1124K(235968K), 0.0070450 secs] 866823K->656547K(1546688K), 0.0072260 secs] [Times: user=0.02 sys=0.00, real=0.00 secs] 
70953.400: [GC 70953.401: [ParNew: 210916K->864K(235968K), 0.0054900 secs] 866339K->656329K(1546688K), 0.0057870 secs] [Times: user=0.03 sys=0.00, real=0.01 secs] 
70975.033: [GC 70975.033: [ParNew: 210656K->1102K(235968K), 0.0083600 secs] 866121K->656621K(1546688K), 0.0085750 secs] [Times: user=0.03 sys=0.00, real=0.01 secs] 
70980.580: [GC 70980.580: [ParNew: 210868K->952K(235968K), 0.0061720 secs] 866387K->656529K(1546688K), 0.0064560 secs] [Times: user=0.02 sys=0.00, real=0.00 secs] 
70999.953: [GC 70999.953: [ParNew: 210744K->472K(235968K), 0.0083980 secs] 866321K->656097K(1546688K), 0.0086630 secs] [Times: user=0.03 sys=0.00, real=0.01 secs] 
71007.419: [GC 71007.420: [ParNew: 210232K->1181K(235968K), 0.0090230 secs] 865858K->656867K(1546688K), 0.0092220 secs] [Times: user=0.02 sys=0.00, real=0.01 secs] 
71013.437: [GC 71013.437: [ParNew: 210973K->790K(235968K), 0.0065820 secs] 866659K->656656K(1546688K), 0.0068590 secs] [Times: user=0.03 sys=0.00, real=0.01 secs] 
71035.048: [GC 71035.049: [ParNew: 210563K->1238K(235968K), 0.0067510 secs] 866429K->657158K(1546688K), 0.0070440 secs] [Times: user=0.03 sys=0.00, real=0.01 secs] 
71041.357: [GC 71041.357: [ParNew: 211030K->1004K(235968K), 0.0052810 secs] 866950K->656979K(1546688K), 0.0054860 secs] [Times: user=0.02 sys=0.00, real=0.01 secs] 
71063.935: [GC 71063.935: [ParNew: 210796K->1342K(235968K), 0.0066010 secs] 866771K->657383K(1546688K), 0.0068990 secs] [Times: user=0.03 sys=0.00, real=0.01 secs] 
71067.445: [GC 71067.445: [ParNew: 211092K->1105K(235968K), 0.0055440 secs] 867134K->657191K(1546688K), 0.0057440 secs] [Times: user=0.03 sys=0.00, real=0.00 secs] 
71078.910: [GC 71078.910: [ParNew: 210862K->1203K(235968K), 0.0054490 secs] 866948K->657540K(1546688K), 0.0057130 secs] [Times: user=0.03 sys=0.00, real=0.01 secs] 
71096.765: [GC 71096.765: [ParNew: 210995K->968K(235968K), 0.0042420 secs] 867332K->657342K(1546688K), 0.0045210 secs] [Times: user=0.02 sys=0.00, real=0.01 secs] 
71102.383: [GC 71102.383: [ParNew: 210760K->901K(235968K), 0.0041110 secs] 867134K->657316K(1546688K), 0.0043620 secs] [Times: user=0.03 sys=0.00, real=0.00 secs] 
71123.961: [GC 71123.961: [ParNew: 210644K->1179K(235968K), 0.0040870 secs] 867059K->657649K(1546688K), 0.0043450 secs] [Times: user=0.03 sys=0.00, real=0.00 secs] 
71130.462: [GC 71130.462: [ParNew: 210964K->1034K(235968K), 0.0040540 secs] 867434K->657552K(1546688K), 0.0043080 secs] [Times: user=0.03 sys=0.00, real=0.01 secs] 
71138.957: [GC 71138.957: [ParNew: 210826K->960K(235968K), 0.0063830 secs] 867344K->657527K(1546688K), 0.0066150 secs] [Times: user=0.02 sys=0.00, real=0.01 secs] 
71158.112: [GC 71158.112: [ParNew: 210752K->853K(235968K), 0.0058980 secs] 867319K->657476K(1546688K), 0.0061890 secs] [Times: user=0.02 sys=0.00, real=0.00 secs] 
71168.082: [GC 71168.082: [ParNew: 210645K->608K(235968K), 0.0280760 secs] 867268K->657289K(1546688K), 0.0283740 secs] [Times: user=0.03 sys=0.00, real=0.03 secs] 
71185.009: [GC 71185.009: [ParNew: 210400K->935K(235968K), 0.0080020 secs] 867081K->657665K(1546688K), 0.0082250 secs] [Times: user=0.03 sys=0.01, real=0.01 secs] 
71190.504: [GC 71190.504: [ParNew: 210717K->1042K(235968K), 0.0069630 secs] 867446K->657816K(1546688K), 0.0072830 secs] [Times: user=0.02 sys=0.00, real=0.01 secs] 
71212.360: [GC 71212.360: [ParNew: 210771K->909K(235968K), 0.0077000 secs] 867545K->657728K(1546688K), 0.0079800 secs] [Times: user=0.04 sys=0.00, real=0.01 secs] 
71218.156: [GC 71218.156: [ParNew: 210687K->891K(235968K), 0.0068530 secs] 867506K->657866K(1546688K), 0.0070520 secs] [Times: user=0.02 sys=0.00, real=0.01 secs] 
71229.245: [GC 71229.245: [ParNew: 210683K->724K(235968K), 0.0085070 secs] 867658K->657748K(1546688K), 0.0087790 secs] [Times: user=0.02 sys=0.00, real=0.01 secs] 
71245.055: [GC 71245.056: [ParNew: 210495K->855K(235968K), 0.0051490 secs] 867519K->657923K(1546688K), 0.0054260 secs] [Times: user=0.02 sys=0.00, real=0.01 secs] 
71251.749: [GC 71251.749: [ParNew: 210647K->739K(235968K), 0.0058870 secs] 867715K->657851K(1546688K), 0.0063940 secs] [Times: user=0.03 sys=0.00, real=0.00 secs] 
71275.060: [GC 71275.060: [ParNew: 210531K->1276K(235968K), 0.0117490 secs] 867643K->658436K(1546688K), 0.0120250 secs] [Times: user=0.04 sys=0.00, real=0.02 secs] 
71280.732: [GC 71280.732: [ParNew: 211068K->1033K(235968K), 0.0145250 secs] 868228K->658242K(1546688K), 0.0148220 secs] [Times: user=0.03 sys=0.00, real=0.01 secs] 
71294.913: [GC 71294.913: [ParNew: 210825K->1211K(235968K), 0.0068880 secs] 868034K->658561K(1546688K), 0.0071160 secs] [Times: user=0.02 sys=0.00, real=0.01 secs] 
71306.704: [GC 71306.704: [ParNew: 210878K->993K(235968K), 0.0061980 secs] 868229K->658389K(1546688K), 0.0064710 secs] [Times: user=0.03 sys=0.00, real=0.01 secs] 
71312.553: [GC 71312.554: [ParNew: 210785K->693K(235968K), 0.0072130 secs] 868181K->658267K(1546688K), 0.0073770 secs] [Times: user=0.03 sys=0.01, real=0.01 secs] 
71335.073: [GC 71335.073: [ParNew: 210485K->1217K(235968K), 0.0047700 secs] 868059K->658855K(1546688K), 0.0050410 secs] [Times: user=0.03 sys=0.01, real=0.00 secs] 
71340.747: [GC 71340.747: [ParNew: 211009K->1034K(235968K), 0.0103940 secs] 868647K->658808K(1546688K), 0.0106760 secs] [Times: user=0.04 sys=0.00, real=0.01 secs] 
71354.939: [GC 71354.939: [ParNew: 210826K->887K(235968K), 0.0046230 secs] 868600K->658716K(1546688K), 0.0048950 secs] [Times: user=0.03 sys=0.00, real=0.01 secs] 
71366.737: [GC 71366.737: [ParNew: 210679K->896K(235968K), 0.0054990 secs] 868508K->658769K(1546688K), 0.0057920 secs] [Times: user=0.02 sys=0.00, real=0.01 secs] 
71373.467: [GC 71373.467: [ParNew: 210688K->767K(235968K), 0.0050950 secs] 868561K->658699K(1546688K), 0.0055220 secs] [Times: user=0.03 sys=0.00, real=0.00 secs] 
71395.107: [GC 71395.107: [ParNew: 210559K->887K(235968K), 0.0047920 secs] 868491K->658868K(1546688K), 0.0050590 secs] [Times: user=0.02 sys=0.00, real=0.00 secs] 
71400.797: [GC 71400.797: [ParNew: 210610K->864K(235968K), 0.0048140 secs] 868592K->658900K(1546688K), 0.0050830 secs] [Times: user=0.02 sys=0.00, real=0.01 secs] 
71414.965: [GC 71414.965: [ParNew: 210631K->1114K(235968K), 0.0057120 secs] 868667K->659200K(1546688K), 0.0059570 secs] [Times: user=0.02 sys=0.00, real=0.01 secs] 
71427.478: [GC 71427.479: [ParNew: 210906K->1208K(235968K), 0.0073180 secs] 868992K->659344K(1546688K), 0.0075210 secs] [Times: user=0.03 sys=0.00, real=0.00 secs] 
71433.479: [GC 71433.479: [ParNew: 211000K->1079K(235968K), 0.0110490 secs] 869136K->659268K(1546688K), 0.0112450 secs] [Times: user=0.02 sys=0.00, real=0.01 secs] 
71455.128: [GC 71455.128: [ParNew: 210871K->738K(235968K), 0.0067020 secs] 869060K->658982K(1546688K), 0.0069790 secs] [Times: user=0.02 sys=0.01, real=0.01 secs] 
71462.432: [GC 71462.432: [ParNew: 210514K->933K(235968K), 0.0091350 secs] 868758K->659243K(1546688K), 0.0093740 secs] [Times: user=0.02 sys=0.00, real=0.01 secs] 
71484.009: [GC 71484.009: [ParNew: 210725K->814K(235968K), 0.0071470 secs] 869035K->659186K(1546688K), 0.0074340 secs] [Times: user=0.03 sys=0.00, real=0.00 secs] 
71487.501: [GC 71487.501: [ParNew: 210606K->1017K(235968K), 0.0044890 secs] 868978K->659467K(1546688K), 0.0047470 secs] [Times: user=0.02 sys=0.00, real=0.00 secs] 
71499.002: [GC 71499.002: [ParNew: 210809K->868K(235968K), 0.0056990 secs] 869259K->659362K(1546688K), 0.0060110 secs] [Times: user=0.03 sys=0.00, real=0.01 secs] 
71516.848: [GC 71516.848: [ParNew: 210609K->1321K(235968K), 0.0059650 secs] 869103K->659857K(1546688K), 0.0062140 secs] [Times: user=0.03 sys=0.00, real=0.01 secs] 
71522.496: [GC 71522.496: [ParNew: 211093K->680K(235968K), 0.0044530 secs] 869628K->659344K(1546688K), 0.0046950 secs] [Times: user=0.03 sys=0.00, real=0.00 secs] 
71544.052: [GC 71544.052: [ParNew: 210472K->795K(235968K), 0.0053310 secs] 869136K->659503K(1546688K), 0.0055430 secs] [Times: user=0.02 sys=0.00, real=0.00 secs] 
71550.554: [GC 71550.554: [ParNew: 210528K->1172K(235968K), 0.0070620 secs] 869237K->659939K(1546688K), 0.0072680 secs] [Times: user=0.02 sys=0.00, real=0.01 secs] 
71559.037: [GC 71559.038: [ParNew: 210964K->1143K(235968K), 0.0053160 secs] 869731K->659962K(1546688K), 0.0055230 secs] [Times: user=0.03 sys=0.00, real=0.00 secs] 
71576.878: [GC 71576.878: [ParNew: 210935K->1149K(235968K), 0.0069750 secs] 869754K->660023K(1546688K), 0.0071850 secs] [Times: user=0.03 sys=0.00, real=0.01 secs] 
71589.290: [GC 71589.291: [ParNew: 210941K->1217K(235968K), 0.0071230 secs] 869815K->660146K(1546688K), 0.0073310 secs] [Times: user=0.03 sys=0.00, real=0.01 secs] 
71605.087: [GC 71605.088: [ParNew: 211009K->1155K(235968K), 0.0059010 secs] 869938K->660133K(1546688K), 0.0061140 secs] [Times: user=0.03 sys=0.00, real=0.01 secs] 
71610.590: [GC 71610.590: [ParNew: 210907K->1390K(235968K), 0.0059500 secs] 869885K->660412K(1546688K), 0.0061590 secs] [Times: user=0.03 sys=0.00, real=0.00 secs] 
71632.405: [GC 71632.405: [ParNew: 211182K->1235K(235968K), 0.0083740 secs] 870204K->660477K(1546688K), 0.0087080 secs] [Times: user=0.03 sys=0.00, real=0.01 secs] 
71638.337: [GC 71638.338: [ParNew: 211027K->1070K(235968K), 0.0053490 secs] 870269K->660453K(1546688K), 0.0055450 secs] [Times: user=0.02 sys=0.00, real=0.00 secs] 
71649.327: [GC 71649.327: [ParNew: 210862K->801K(235968K), 0.0050210 secs] 870245K->660230K(1546688K), 0.0052300 secs] [Times: user=0.02 sys=0.00, real=0.00 secs] 
71665.130: [GC 71665.130: [ParNew: 210547K->883K(235968K), 0.0052790 secs] 869976K->660355K(1546688K), 0.0055300 secs] [Times: user=0.02 sys=0.00, real=0.01 secs] 
71671.796: [GC 71671.796: [ParNew: 210675K->824K(235968K), 0.0045940 secs] 870147K->660366K(1546688K), 0.0048420 secs] [Times: user=0.03 sys=0.01, real=0.01 secs] 
71692.429: [GC 71692.429: [ParNew: 210616K->901K(235968K), 0.0078910 secs] 870158K->660497K(1546688K), 0.0081890 secs] [Times: user=0.02 sys=0.00, real=0.01 secs] 
71698.360: [GC 71698.360: [ParNew: 210668K->1026K(235968K), 0.0056800 secs] 870265K->660680K(1546688K), 0.0059090 secs] [Times: user=0.02 sys=0.00, real=0.01 secs] 
71709.355: [GC 71709.355: [ParNew: 210818K->1162K(235968K), 0.0073940 secs] 870472K->660874K(1546688K), 0.0075780 secs] [Times: user=0.03 sys=0.00, real=0.00 secs] 
71725.140: [GC 71725.141: [ParNew: 210954K->870K(235968K), 0.0064620 secs] 870666K->660639K(1546688K), 0.0066450 secs] [Times: user=0.02 sys=0.00, real=0.01 secs] 
71731.807: [GC 71731.807: [ParNew: 210662K->928K(235968K), 0.0049170 secs] 870431K->660746K(1546688K), 0.0051910 secs] [Times: user=0.03 sys=0.00, real=0.01 secs] 
71752.449: [GC 71752.449: [ParNew: 210720K->910K(235968K), 0.0051440 secs] 870538K->660785K(1546688K), 0.0054050 secs] [Times: user=0.03 sys=0.01, real=0.00 secs] 
71758.378: [GC 71758.378: [ParNew: 210702K->1256K(235968K), 0.0067480 secs] 870577K->661199K(1546688K), 0.0069980 secs] [Times: user=0.03 sys=0.00, real=0.00 secs] 
71771.240: [GC 71771.240: [ParNew: 211048K->573K(235968K), 0.0061370 secs] 870991K->660570K(1546688K), 0.0063730 secs] [Times: user=0.02 sys=0.00, real=0.01 secs] 
71785.157: [GC 71785.157: [ParNew: 210365K->1224K(235968K), 0.0044860 secs] 870362K->661287K(1546688K), 0.0047430 secs] [Times: user=0.02 sys=0.00, real=0.01 secs] 
71791.824: [GC 71791.825: [ParNew: 210966K->1210K(235968K), 0.0043880 secs] 871029K->661331K(1546688K), 0.0046610 secs] [Times: user=0.03 sys=0.01, real=0.00 secs] 
71815.167: [GC 71815.167: [ParNew: 210978K->1103K(235968K), 0.0045230 secs] 871098K->661260K(1546688K), 0.0048470 secs] [Times: user=0.02 sys=0.00, real=0.01 secs] 
71820.838: [GC 71820.838: [ParNew: 210895K->1194K(235968K), 0.0079190 secs] 871052K->661393K(1546688K), 0.0082150 secs] [Times: user=0.03 sys=0.00, real=0.01 secs] 
71835.025: [GC 71835.025: [ParNew: 210949K->1062K(235968K), 0.0064690 secs] 871148K->661424K(1546688K), 0.0066710 secs] [Times: user=0.03 sys=0.01, real=0.00 secs] 
71846.796: [GC 71846.796: [ParNew: 210854K->859K(235968K), 0.0054710 secs] 871216K->661283K(1546688K), 0.0056650 secs] [Times: user=0.02 sys=0.00, real=0.00 secs] 
71853.511: [GC 71853.511: [ParNew: 210651K->904K(235968K), 0.0054820 secs] 871075K->661401K(1546688K), 0.0057540 secs] [Times: user=0.02 sys=0.00, real=0.00 secs] 
71875.185: [GC 71875.185: [ParNew: 210696K->1148K(235968K), 0.0044620 secs] 871193K->661699K(1546688K), 0.0047400 secs] [Times: user=0.03 sys=0.00, real=0.01 secs] 
71880.854: [GC 71880.855: [ParNew: 210918K->985K(235968K), 0.0055900 secs] 871469K->661591K(1546688K), 0.0058020 secs] [Times: user=0.03 sys=0.01, real=0.01 secs] 
71895.026: [GC 71895.026: [ParNew: 210777K->926K(235968K), 0.0081270 secs] 871383K->661605K(1546688K), 0.0083740 secs] [Times: user=0.02 sys=0.00, real=0.01 secs] 
71906.788: [GC 71906.789: [ParNew: 210718K->994K(235968K), 0.0061120 secs] 871397K->661720K(1546688K), 0.0063710 secs] [Times: user=0.03 sys=0.00, real=0.01 secs] 
71911.847: [GC 71911.847: [ParNew: 210786K->971K(235968K), 0.0060860 secs] 871512K->661755K(1546688K), 0.0063620 secs] [Times: user=0.03 sys=0.00, real=0.01 secs] 
71935.172: [GC 71935.172: [ParNew: 210760K->953K(235968K), 0.0117540 secs] 871544K->661803K(1546688K), 0.0119400 secs] [Times: user=0.03 sys=0.00, real=0.01 secs] 
71940.850: [GC 71940.850: [ParNew: 210745K->973K(235968K), 0.0103320 secs] 871595K->661873K(1546688K), 0.0106080 secs] [Times: user=0.03 sys=0.00, real=0.01 secs] 
71955.031: [GC 71955.031: [ParNew: 210765K->829K(235968K), 0.0061730 secs] 871665K->661799K(1546688K), 0.0063830 secs] [Times: user=0.02 sys=0.01, real=0.01 secs] 
71966.792: [GC 71966.793: [ParNew: 210619K->1005K(235968K), 0.0060170 secs] 871589K->662018K(1546688K), 0.0062340 secs] [Times: user=0.02 sys=0.00, real=0.01 secs] 
71973.526: [GC 71973.526: [ParNew: 210797K->595K(235968K), 0.0079030 secs] 871810K->661720K(1546688K), 0.0081080 secs] [Times: user=0.02 sys=0.00, real=0.01 secs] 
71995.206: [GC 71995.207: [ParNew: 210387K->612K(235968K), 0.0061910 secs] 871512K->661780K(1546688K), 0.0064120 secs] [Times: user=0.02 sys=0.00, real=0.01 secs] 
72000.890: [GC 72000.890: [ParNew: 210400K->692K(235968K), 0.0059770 secs] 871567K->661953K(1546688K), 0.0062680 secs] [Times: user=0.02 sys=0.00, real=0.00 secs] 
72015.065: [GC 72015.066: [ParNew: 210484K->984K(235968K), 0.0058830 secs] 871745K->662294K(1546688K), 0.0061690 secs] [Times: user=0.02 sys=0.00, real=0.00 secs] 
72026.828: [GC 72026.828: [ParNew: 210687K->1118K(235968K), 0.0053020 secs] 871997K->662473K(1546688K), 0.0055900 secs] [Times: user=0.03 sys=0.00, real=0.01 secs] 
72033.566: [GC 72033.566: [ParNew: 210799K->1063K(235968K), 0.0093250 secs] 872154K->662478K(1546688K), 0.0095950 secs] [Times: user=0.02 sys=0.00, real=0.01 secs] 
72056.925: [GC 72056.926: [ParNew: 210855K->981K(235968K), 0.0054810 secs] 872270K->662450K(1546688K), 0.0057400 secs] [Times: user=0.02 sys=0.00, real=0.01 secs] 
72062.553: [GC 72062.554: [ParNew: 210773K->870K(235968K), 0.0146770 secs] 872242K->662392K(1546688K), 0.0149480 secs] [Times: user=0.02 sys=0.00, real=0.02 secs] 
72084.134: [GC 72084.134: [ParNew: 210662K->1094K(235968K), 0.0064390 secs] 872184K->662660K(1546688K), 0.0067220 secs] [Times: user=0.03 sys=0.00, real=0.01 secs] 
72087.589: [GC 72087.590: [ParNew: 210886K->914K(235968K), 0.0160010 secs] 872452K->662523K(1546688K), 0.0162680 secs] [Times: user=0.04 sys=0.00, real=0.02 secs] 
72099.133: [GC 72099.133: [ParNew: 210700K->756K(235968K), 0.0064180 secs] 872309K->662523K(1546688K), 0.0067070 secs] [Times: user=0.03 sys=0.00, real=0.00 secs] 
72116.970: [GC 72116.970: [ParNew: 210533K->837K(235968K), 0.0044660 secs] 872300K->662654K(1546688K), 0.0047880 secs] [Times: user=0.03 sys=0.00, real=0.00 secs] 
72122.614: [GC 72122.615: [ParNew: 210623K->919K(235968K), 0.0044350 secs] 872439K->662794K(1546688K), 0.0046960 secs] [Times: user=0.03 sys=0.00, real=0.01 secs] 
72144.181: [GC 72144.181: [ParNew: 210681K->799K(235968K), 0.0041250 secs] 872557K->662718K(1546688K), 0.0043770 secs] [Times: user=0.03 sys=0.00, real=0.01 secs] 
72150.682: [GC 72150.682: [ParNew: 210564K->880K(235968K), 0.0040660 secs] 872482K->662843K(1546688K), 0.0043300 secs] [Times: user=0.02 sys=0.00, real=0.01 secs] 
72171.829: [GC 72171.829: [ParNew: 210672K->616K(235968K), 0.0053140 secs] 872635K->662627K(1546688K), 0.0055890 secs] [Times: user=0.03 sys=0.00, real=0.01 secs] 
72178.431: [GC 72178.431: [ParNew: 210408K->833K(235968K), 0.0144470 secs] 872419K->662881K(1546688K), 0.0146360 secs] [Times: user=0.02 sys=0.00, real=0.01 secs] 
72189.447: [GC 72189.447: [ParNew: 210625K->880K(235968K), 0.0049040 secs] 872673K->662964K(1546688K), 0.0051550 secs] [Times: user=0.03 sys=0.00, real=0.01 secs] 
72205.212: [GC 72205.212: [ParNew: 210672K->912K(235968K), 0.0047190 secs] 872756K->663146K(1546688K), 0.0049820 secs] [Times: user=0.03 sys=0.00, real=0.01 secs] 
72211.862: [GC 72211.862: [ParNew: 210704K->667K(235968K), 0.0045700 secs] 872938K->662946K(1546688K), 0.0048450 secs] [Times: user=0.03 sys=0.01, real=0.01 secs] 
72232.508: [GC 72232.509: [ParNew: 210459K->754K(235968K), 0.0063920 secs] 872738K->663088K(1546688K), 0.0066780 secs] [Times: user=0.03 sys=0.00, real=0.01 secs] 
72238.471: [GC 72238.471: [ParNew: 210546K->998K(235968K), 0.0081630 secs] 872880K->663386K(1546688K), 0.0084500 secs] [Times: user=0.02 sys=0.00, real=0.00 secs] 
72249.480: [GC 72249.481: [ParNew: 210790K->708K(235968K), 0.0049040 secs] 873178K->663152K(1546688K), 0.0051870 secs] [Times: user=0.03 sys=0.00, real=0.00 secs] 
72265.240: [GC 72265.240: [ParNew: 210466K->885K(235968K), 0.0066780 secs] 872910K->663386K(1546688K), 0.0068620 secs] [Times: user=0.03 sys=0.00, real=0.01 secs] 
72271.892: [GC 72271.892: [ParNew: 210677K->834K(235968K), 0.0111080 secs] 873178K->663389K(1546688K), 0.0113650 secs] [Times: user=0.03 sys=0.00, real=0.01 secs] 
72292.510: [GC 72292.511: [ParNew: 210590K->987K(235968K), 0.0063970 secs] 873145K->663598K(1546688K), 0.0066770 secs] [Times: user=0.03 sys=0.00, real=0.01 secs] 
72298.468: [GC 72298.468: [ParNew: 210779K->1026K(235968K), 0.0057100 secs] 873390K->663691K(1546688K), 0.0059940 secs] [Times: user=0.03 sys=0.00, real=0.01 secs] 
72309.476: [GC 72309.476: [ParNew: 210818K->1128K(235968K), 0.0059920 secs] 873483K->663872K(1546688K), 0.0062600 secs] [Times: user=0.03 sys=0.00, real=0.01 secs] 
72325.225: [GC 72325.226: [ParNew: 210918K->1300K(235968K), 0.0076610 secs] 873662K->664101K(1546688K), 0.0079700 secs] [Times: user=0.02 sys=0.00, real=0.01 secs] 
72330.854: [GC 72330.854: [ParNew: 211092K->985K(235968K), 0.0078930 secs] 873893K->663833K(1546688K), 0.0081780 secs] [Times: user=0.03 sys=0.00, real=0.01 secs] 
72352.518: [GC 72352.518: [ParNew: 210777K->1043K(235968K), 0.0054020 secs] 873625K->663945K(1546688K), 0.0056880 secs] [Times: user=0.03 sys=0.00, real=0.01 secs] 
72358.494: [GC 72358.494: [ParNew: 210835K->980K(235968K), 0.0091460 secs] 873737K->663941K(1546688K), 0.0094170 secs] [Times: user=0.03 sys=0.00, real=0.01 secs] 
72369.499: [GC 72369.499: [ParNew: 210660K->1131K(235968K), 0.0062860 secs] 873622K->664248K(1546688K), 0.0065590 secs] [Times: user=0.02 sys=0.00, real=0.01 secs] 
72385.259: [GC 72385.259: [ParNew: 210923K->1046K(235968K), 0.0118320 secs] 874040K->664206K(1546688K), 0.0121060 secs] [Times: user=0.02 sys=0.00, real=0.01 secs] 
72391.901: [GC 72391.901: [ParNew: 210838K->801K(235968K), 0.0122500 secs] 873998K->664017K(1546688K), 0.0125100 secs] [Times: user=0.02 sys=0.00, real=0.01 secs] 
72412.525: [GC 72412.525: [ParNew: 210593K->1135K(235968K), 0.0071200 secs] 873809K->664406K(1546688K), 0.0073860 secs] [Times: user=0.02 sys=0.00, real=0.00 secs] 
72418.501: [GC 72418.502: [ParNew: 210927K->959K(235968K), 0.0054450 secs] 874198K->664283K(1546688K), 0.0057090 secs] [Times: user=0.03 sys=0.00, real=0.01 secs] 
72429.507: [GC 72429.508: [ParNew: 210691K->1222K(235968K), 0.0059080 secs] 874016K->664603K(1546688K), 0.0061780 secs] [Times: user=0.03 sys=0.00, real=0.01 secs] 
72445.261: [GC 72445.261: [ParNew: 211014K->844K(235968K), 0.0046580 secs] 874395K->664287K(1546688K), 0.0048810 secs] [Times: user=0.03 sys=0.00, real=0.00 secs] 
72451.914: [GC 72451.914: [ParNew: 210513K->1147K(235968K), 0.0204060 secs] 873955K->664633K(1546688K), 0.0207240 secs] [Times: user=0.04 sys=0.00, real=0.02 secs] 
72472.546: [GC 72472.546: [ParNew: 210911K->993K(235968K), 0.0058840 secs] 874397K->664534K(1546688K), 0.0061450 secs] [Times: user=0.02 sys=0.00, real=0.00 secs] 
72480.936: [GC 72480.937: [ParNew: 210785K->686K(235968K), 0.0089270 secs] 874326K->664286K(1546688K), 0.0091940 secs] [Times: user=0.03 sys=0.00, real=0.01 secs] 
72494.872: [GC 72494.872: [ParNew: 210478K->616K(235968K), 0.0054950 secs] 874078K->664373K(1546688K), 0.0057810 secs] [Times: user=0.02 sys=0.00, real=0.00 secs] 
72506.869: [GC 72506.869: [ParNew: 210408K->1101K(235968K), 0.0082910 secs] 874165K->664915K(1546688K), 0.0085480 secs] [Times: user=0.03 sys=0.00, real=0.00 secs] 
72513.597: [GC 72513.597: [ParNew: 210893K->833K(235968K), 0.0052720 secs] 874707K->664693K(1546688K), 0.0055340 secs] [Times: user=0.03 sys=0.00, real=0.01 secs] 
72535.314: [GC 72535.315: [ParNew: 210618K->740K(235968K), 0.0059570 secs] 874478K->664637K(1546688K), 0.0061960 secs] [Times: user=0.02 sys=0.00, real=0.00 secs] 
72540.989: [GC 72540.990: [ParNew: 210506K->1002K(235968K), 0.0151530 secs] 874403K->664947K(1546688K), 0.0154250 secs] [Times: user=0.03 sys=0.00, real=0.02 secs] 
72555.176: [GC 72555.177: [ParNew: 210794K->858K(235968K), 0.0057650 secs] 874739K->664855K(1546688K), 0.0059620 secs] [Times: user=0.03 sys=0.00, real=0.01 secs] 
72566.901: [GC 72566.901: [ParNew: 210650K->1039K(235968K), 0.0051090 secs] 874647K->665081K(1546688K), 0.0053790 secs] [Times: user=0.03 sys=0.00, real=0.00 secs] 
72573.632: [GC 72573.633: [ParNew: 210831K->967K(235968K), 0.0046050 secs] 874873K->665058K(1546688K), 0.0048620 secs] [Times: user=0.03 sys=0.00, real=0.00 secs] 
72597.159: [GC 72597.159: [ParNew: 210757K->1241K(235968K), 0.0050890 secs] 874849K->665382K(1546688K), 0.0053820 secs] [Times: user=0.03 sys=0.00, real=0.01 secs] 
72602.710: [GC 72602.710: [ParNew: 211033K->702K(235968K), 0.0140690 secs] 875174K->664913K(1546688K), 0.0143790 secs] [Times: user=0.03 sys=0.00, real=0.02 secs] 
72624.229: [GC 72624.230: [ParNew: 210494K->929K(235968K), 0.0045860 secs] 874705K->665187K(1546688K), 0.0048770 secs] [Times: user=0.03 sys=0.00, real=0.01 secs] 
72627.657: [GC 72627.658: [ParNew: 210721K->769K(235968K), 0.0048630 secs] 874979K->665070K(1546688K), 0.0051350 secs] [Times: user=0.03 sys=0.00, real=0.01 secs] 
72639.241: [GC 72639.241: [ParNew: 210495K->1016K(235968K), 0.0051560 secs] 874797K->665366K(1546688K), 0.0054660 secs] [Times: user=0.03 sys=0.00, real=0.00 secs] 
72657.186: [GC 72657.186: [ParNew: 210792K->999K(235968K), 0.0063830 secs] 875142K->665401K(1546688K), 0.0065930 secs] [Times: user=0.03 sys=0.00, real=0.00 secs] 
72662.753: [GC 72662.754: [ParNew: 210791K->915K(235968K), 0.0070230 secs] 875193K->665474K(1546688K), 0.0072360 secs] [Times: user=0.02 sys=0.00, real=0.01 secs] 
72684.262: [GC 72684.262: [ParNew: 210590K->890K(235968K), 0.0046020 secs] 875149K->665493K(1546688K), 0.0048250 secs] [Times: user=0.03 sys=0.00, real=0.00 secs] 
72690.885: [GC 72690.885: [ParNew: 210681K->944K(235968K), 0.0052130 secs] 875285K->665598K(1546688K), 0.0054230 secs] [Times: user=0.02 sys=0.00, real=0.01 secs] 
72699.274: [GC 72699.274: [ParNew: 210736K->955K(235968K), 0.0055680 secs] 875390K->665658K(1546688K), 0.0057840 secs] [Times: user=0.02 sys=0.00, real=0.01 secs] 
72717.192: [GC 72717.192: [ParNew: 210747K->929K(235968K), 0.0144620 secs] 875450K->665687K(1546688K), 0.0147190 secs] [Times: user=0.04 sys=0.00, real=0.02 secs] 
72722.743: [GC 72722.744: [ParNew: 210721K->879K(235968K), 0.0131680 secs] 875479K->665691K(1546688K), 0.0134690 secs] [Times: user=0.04 sys=0.00, real=0.02 secs] 
72744.269: [GC 72744.269: [ParNew: 210671K->900K(235968K), 0.0054430 secs] 875483K->665772K(1546688K), 0.0057260 secs] [Times: user=0.03 sys=0.00, real=0.01 secs] 
72750.894: [GC 72750.894: [ParNew: 210692K->1140K(235968K), 0.0062260 secs] 875564K->666068K(1546688K), 0.0065060 secs] [Times: user=0.02 sys=0.00, real=0.01 secs] 
72759.283: [GC 72759.283: [ParNew: 210932K->948K(235968K), 0.0055660 secs] 875860K->665940K(1546688K), 0.0058000 secs] [Times: user=0.03 sys=0.00, real=0.00 secs] 
72778.530: [GC 72778.530: [ParNew: 210740K->692K(235968K), 0.0040910 secs] 875732K->665858K(1546688K), 0.0043700 secs] [Times: user=0.03 sys=0.00, real=0.00 secs] 
72784.158: [GC 72784.159: [ParNew: 210484K->583K(235968K), 0.0041780 secs] 875650K->665814K(1546688K), 0.0044250 secs] [Times: user=0.02 sys=0.00, real=0.00 secs] 
72804.289: [GC 72804.290: [ParNew: 210356K->1093K(235968K), 0.0045400 secs] 875588K->666373K(1546688K), 0.0048230 secs] [Times: user=0.02 sys=0.00, real=0.01 secs] 
72810.911: [GC 72810.911: [ParNew: 210845K->1140K(235968K), 0.0052840 secs] 876125K->666476K(1546688K), 0.0055520 secs] [Times: user=0.02 sys=0.01, real=0.00 secs] 
72819.299: [GC 72819.299: [ParNew: 210932K->763K(235968K), 0.0049850 secs] 876268K->666167K(1546688K), 0.0052470 secs] [Times: user=0.03 sys=0.00, real=0.00 secs] 
72837.235: [GC 72837.235: [ParNew: 210524K->968K(235968K), 0.0066540 secs] 875928K->666423K(1546688K), 0.0068440 secs] [Times: user=0.03 sys=0.00, real=0.01 secs] 
72848.357: [GC 72848.357: [ParNew: 210760K->946K(235968K), 0.0055120 secs] 876215K->666495K(1546688K), 0.0057740 secs] [Times: user=0.03 sys=0.00, real=0.00 secs] 
72864.427: [GC 72864.427: [ParNew: 210738K->1132K(235968K), 0.0291800 secs] 876287K->666736K(1546688K), 0.0295000 secs] [Times: user=0.04 sys=0.00, real=0.03 secs] 
72870.934: [GC 72870.934: [ParNew: 210912K->1297K(235968K), 0.0062590 secs] 876516K->666953K(1546688K), 0.0065250 secs] [Times: user=0.03 sys=0.01, real=0.00 secs] 
72879.320: [GC 72879.321: [ParNew: 210995K->851K(235968K), 0.0099570 secs] 876651K->666668K(1546688K), 0.0102010 secs] [Times: user=0.02 sys=0.01, real=0.01 secs] 
72898.562: [GC 72898.562: [ParNew: 210643K->629K(235968K), 0.0186540 secs] 876460K->666495K(1546688K), 0.0189010 secs] [Times: user=0.02 sys=0.01, real=0.02 secs] 
72909.600: [GC 72909.600: [ParNew: 210366K->621K(235968K), 0.0080010 secs] 876232K->666574K(1546688K), 0.0082530 secs] [Times: user=0.03 sys=0.00, real=0.01 secs] 
72925.341: [GC 72925.342: [ParNew: 210413K->627K(235968K), 0.0077450 secs] 876366K->666623K(1546688K), 0.0080300 secs] [Times: user=0.02 sys=0.00, real=0.01 secs] 
72931.978: [GC 72931.979: [ParNew: 210419K->816K(235968K), 0.0059490 secs] 876415K->666843K(1546688K), 0.0061420 secs] [Times: user=0.02 sys=0.00, real=0.01 secs] 
72952.640: [GC 72952.640: [ParNew: 210608K->700K(235968K), 0.0098470 secs] 876635K->666779K(1546688K), 0.0100930 secs] [Times: user=0.03 sys=0.00, real=0.01 secs] 
72961.027: [GC 72961.027: [ParNew: 210492K->927K(235968K), 0.0094620 secs] 876571K->667061K(1546688K), 0.0097020 secs] [Times: user=0.02 sys=0.00, real=0.01 secs] 
72969.631: [GC 72969.631: [ParNew: 210676K->1289K(235968K), 0.0064050 secs] 876810K->667478K(1546688K), 0.0066590 secs] [Times: user=0.03 sys=0.00, real=0.01 secs] 
72985.359: [GC 72985.359: [ParNew: 211081K->1291K(235968K), 0.0052330 secs] 877270K->667536K(1546688K), 0.0055180 secs] [Times: user=0.03 sys=0.00, real=0.01 secs] 
72991.993: [GC 72991.993: [ParNew: 211063K->1388K(235968K), 0.0055660 secs] 877309K->667690K(1546688K), 0.0058400 secs] [Times: user=0.02 sys=0.00, real=0.00 secs] 
73012.617: [GC 73012.617: [ParNew: 211117K->1217K(235968K), 0.0095760 secs] 877419K->667588K(1546688K), 0.0098720 secs] [Times: user=0.03 sys=0.00, real=0.01 secs] 
73018.604: [GC 73018.604: [ParNew: 210911K->974K(235968K), 0.0081250 secs] 877282K->667558K(1546688K), 0.0083970 secs] [Times: user=0.02 sys=0.00, real=0.01 secs] 
73029.618: [GC 73029.619: [ParNew: 210766K->1455K(235968K), 0.0065430 secs] 877350K->668094K(1546688K), 0.0067870 secs] [Times: user=0.03 sys=0.01, real=0.00 secs] 
73045.366: [GC 73045.366: [ParNew: 211247K->1036K(235968K), 0.0153300 secs] 877886K->667731K(1546688K), 0.0156170 secs] [Times: user=0.05 sys=0.00, real=0.01 secs] 
73051.991: [GC 73051.991: [ParNew: 210828K->1143K(235968K), 0.0066940 secs] 877523K->667897K(1546688K), 0.0072470 secs] [Times: user=0.03 sys=0.00, real=0.01 secs] 
73072.653: [GC 73072.654: [ParNew: 210935K->724K(235968K), 0.0087750 secs] 877689K->667539K(1546688K), 0.0090210 secs] [Times: user=0.03 sys=0.00, real=0.01 secs] 
73078.628: [GC 73078.629: [ParNew: 210503K->870K(235968K), 0.0077650 secs] 877318K->667819K(1546688K), 0.0079990 secs] [Times: user=0.02 sys=0.00, real=0.01 secs] 
73089.664: [GC 73089.664: [ParNew: 210662K->753K(235968K), 0.0083890 secs] 877611K->667770K(1546688K), 0.0086540 secs] [Times: user=0.02 sys=0.00, real=0.01 secs] 
73105.510: [GC 73105.510: [ParNew: 210545K->621K(235968K), 0.0052420 secs] 877562K->667694K(1546688K), 0.0054810 secs] [Times: user=0.02 sys=0.00, real=0.01 secs] 
73112.009: [GC 73112.009: [ParNew: 210413K->998K(235968K), 0.0065640 secs] 877486K->668189K(1546688K), 0.0067450 secs] [Times: user=0.02 sys=0.00, real=0.01 secs] 
73135.531: [GC 73135.531: [ParNew: 210758K->964K(235968K), 0.0056860 secs] 877949K->668204K(1546688K), 0.0059840 secs] [Times: user=0.02 sys=0.00, real=0.00 secs] 
73141.065: [GC 73141.065: [ParNew: 210705K->987K(235968K), 0.0108080 secs] 877945K->668282K(1546688K), 0.0110720 secs] [Times: user=0.02 sys=0.00, real=0.01 secs] 
73155.264: [GC 73155.265: [ParNew: 210750K->1100K(235968K), 0.0077470 secs] 878045K->668458K(1546688K), 0.0079620 secs] [Times: user=0.03 sys=0.00, real=0.01 secs] 
73165.411: [GC 73165.412: [ParNew: 210811K->749K(235968K), 0.0045410 secs] 878169K->668167K(1546688K), 0.0047970 secs] [Times: user=0.02 sys=0.00, real=0.01 secs] 
73172.021: [GC 73172.021: [ParNew: 210541K->1114K(235968K), 0.0088910 secs] 877959K->668599K(1546688K), 0.0091600 secs] [Times: user=0.04 sys=0.00, real=0.01 secs] 
73195.542: [GC 73195.542: [ParNew: 210872K->1038K(235968K), 0.0066620 secs] 878357K->668571K(1546688K), 0.0069450 secs] [Times: user=0.04 sys=0.00, real=0.00 secs] 
73201.101: [GC 73201.101: [ParNew: 210758K->869K(235968K), 0.0223600 secs] 878291K->668460K(1546688K), 0.0226460 secs] [Times: user=0.05 sys=0.00, real=0.02 secs] 
73213.477: [GC 73213.477: [ParNew: 210661K->522K(235968K), 0.0095590 secs] 878252K->668158K(1546688K), 0.0097820 secs] [Times: user=0.03 sys=0.00, real=0.01 secs] 
73226.964: [GC 73226.964: [ParNew: 210314K->1040K(235968K), 0.0086140 secs] 877950K->668737K(1546688K), 0.0089060 secs] [Times: user=0.02 sys=0.00, real=0.01 secs] 
73232.046: [GC 73232.046: [ParNew: 210832K->836K(235968K), 0.0082510 secs] 878529K->668602K(1546688K), 0.0085220 secs] [Times: user=0.02 sys=0.01, real=0.01 secs] 
73255.547: [GC 73255.547: [ParNew: 210628K->1137K(235968K), 0.0105430 secs] 878394K->668959K(1546688K), 0.0107870 secs] [Times: user=0.02 sys=0.00, real=0.01 secs] 
73261.093: [GC 73261.093: [ParNew: 210869K->1350K(235968K), 0.0105630 secs] 878691K->669224K(1546688K), 0.0108040 secs] [Times: user=0.03 sys=0.00, real=0.01 secs] 
73275.291: [GC 73275.292: [ParNew: 211142K->727K(235968K), 0.0059470 secs] 879016K->668663K(1546688K), 0.0061880 secs] [Times: user=0.02 sys=0.00, real=0.01 secs] 
73286.983: [GC 73286.983: [ParNew: 210519K->747K(235968K), 0.0064040 secs] 878455K->668730K(1546688K), 0.0066810 secs] [Times: user=0.02 sys=0.00, real=0.01 secs] 
73293.710: [GC 73293.711: [ParNew: 210539K->893K(235968K), 0.0071210 secs] 878522K->669031K(1546688K), 0.0073790 secs] [Times: user=0.03 sys=0.00, real=0.01 secs] 
73315.580: [GC 73315.581: [ParNew: 210685K->836K(235968K), 0.0068580 secs] 878823K->669022K(1546688K), 0.0071230 secs] [Times: user=0.02 sys=0.00, real=0.01 secs] 
73321.122: [GC 73321.122: [ParNew: 210628K->1017K(235968K), 0.0124580 secs] 878814K->669253K(1546688K), 0.0126300 secs] [Times: user=0.02 sys=0.00, real=0.01 secs] 
73335.324: [GC 73335.324: [ParNew: 210783K->1189K(235968K), 0.0058790 secs] 879019K->669481K(1546688K), 0.0061560 secs] [Times: user=0.03 sys=0.00, real=0.01 secs] 
73347.730: [GC 73347.730: [ParNew: 210981K->1305K(235968K), 0.0057450 secs] 879273K->669656K(1546688K), 0.0060170 secs] [Times: user=0.02 sys=0.00, real=0.01 secs] 
73355.644: [GC 73355.644: [ParNew: 211097K->517K(235968K), 0.0173570 secs] 879448K->668917K(1546688K), 0.0176290 secs] [Times: user=0.03 sys=0.00, real=0.02 secs] 
73377.304: [GC 73377.304: [ParNew: 210268K->1101K(235968K), 0.0065090 secs] 878669K->669567K(1546688K), 0.0067300 secs] [Times: user=0.02 sys=0.00, real=0.00 secs] 
73382.909: [GC 73382.909: [ParNew: 210893K->997K(235968K), 0.0246690 secs] 879359K->669546K(1546688K), 0.0249420 secs] [Times: user=0.05 sys=0.00, real=0.03 secs] 
73404.551: [GC 73404.551: [ParNew: 210789K->1061K(235968K), 0.0111010 secs] 879338K->669669K(1546688K), 0.0113340 secs] [Times: user=0.03 sys=0.00, real=0.01 secs] 
73407.764: [GC 73407.764: [ParNew: 210789K->1085K(235968K), 0.0073010 secs] 879397K->669736K(1546688K), 0.0074670 secs] [Times: user=0.03 sys=0.00, real=0.01 secs] 
73419.407: [GC 73419.407: [ParNew: 210877K->1523K(235968K), 0.0062700 secs] 879528K->670229K(1546688K), 0.0065660 secs] [Times: user=0.03 sys=0.00, real=0.00 secs] 
73437.329: [GC 73437.329: [ParNew: 211315K->1208K(235968K), 0.0063830 secs] 880021K->669969K(1546688K), 0.0065980 secs] [Times: user=0.03 sys=0.00, real=0.01 secs] 
73442.927: [GC 73442.927: [ParNew: 211000K->1090K(235968K), 0.0170730 secs] 879761K->669901K(1546688K), 0.0173700 secs] [Times: user=0.03 sys=0.00, real=0.02 secs] 
73464.560: [GC 73464.560: [ParNew: 210882K->1101K(235968K), 0.0141180 secs] 879693K->670072K(1546688K), 0.0144120 secs] [Times: user=0.04 sys=0.00, real=0.01 secs] 
73471.034: [GC 73471.034: [ParNew: 210893K->1332K(235968K), 0.0056180 secs] 879864K->670365K(1546688K), 0.0058700 secs] [Times: user=0.02 sys=0.00, real=0.01 secs] 
73479.445: [GC 73479.446: [ParNew: 211084K->1184K(235968K), 0.0054350 secs] 880117K->670266K(1546688K), 0.0057150 secs] [Times: user=0.02 sys=0.00, real=0.01 secs] 
73498.657: [GC 73498.657: [ParNew: 210976K->459K(235968K), 0.0095630 secs] 880058K->669709K(1546688K), 0.0098400 secs] [Times: user=0.03 sys=0.00, real=0.01 secs] 
73505.623: [GC 73505.623: [ParNew: 210245K->527K(235968K), 0.0131230 secs] 879495K->669884K(1546688K), 0.0133770 secs] [Times: user=0.02 sys=0.00, real=0.01 secs] 
73524.604: [GC 73524.604: [ParNew: 210319K->935K(235968K), 0.0061220 secs] 879676K->670345K(1546688K), 0.0064230 secs] [Times: user=0.02 sys=0.00, real=0.01 secs] 
73531.065: [GC 73531.065: [ParNew: 210727K->1035K(235968K), 0.0050650 secs] 880137K->670489K(1546688K), 0.0053250 secs] [Times: user=0.02 sys=0.00, real=0.01 secs] 
73552.680: [GC 73552.680: [ParNew: 210827K->1023K(235968K), 0.0075560 secs] 880281K->670539K(1546688K), 0.0078350 secs] [Times: user=0.03 sys=0.00, real=0.01 secs] 
73558.693: [GC 73558.693: [ParNew: 210815K->1098K(235968K), 0.0058090 secs] 880331K->670659K(1546688K), 0.0060620 secs] [Times: user=0.03 sys=0.00, real=0.00 secs] 
73569.750: [GC 73569.750: [ParNew: 210890K->741K(235968K), 0.0055280 secs] 880451K->670344K(1546688K), 0.0057530 secs] [Times: user=0.02 sys=0.00, real=0.01 secs] 
73585.473: [GC 73585.473: [ParNew: 210418K->763K(235968K), 0.0044220 secs] 880022K->670410K(1546688K), 0.0046860 secs] [Times: user=0.03 sys=0.00, real=0.00 secs] 
73592.062: [GC 73592.062: [ParNew: 210555K->1139K(235968K), 0.0079670 secs] 880202K->670830K(1546688K), 0.0081490 secs] [Times: user=0.02 sys=0.00, real=0.01 secs] 
73612.696: [GC 73612.696: [ParNew: 210874K->1189K(235968K), 0.0068940 secs] 880565K->670935K(1546688K), 0.0071030 secs] [Times: user=0.02 sys=0.00, real=0.00 secs] 
73618.706: [GC 73618.706: [ParNew: 210975K->1103K(235968K), 0.0052780 secs] 880721K->670909K(1546688K), 0.0055120 secs] [Times: user=0.03 sys=0.00, real=0.00 secs] 
73629.758: [GC 73629.758: [ParNew: 210895K->1207K(235968K), 0.0080800 secs] 880701K->671068K(1546688K), 0.0082820 secs] [Times: user=0.02 sys=0.00, real=0.01 secs] 
73645.461: [GC 73645.462: [ParNew: 210999K->1082K(235968K), 0.0066220 secs] 880860K->670999K(1546688K), 0.0070820 secs] [Times: user=0.03 sys=0.00, real=0.00 secs] 
73651.107: [GC 73651.107: [ParNew: 210852K->928K(235968K), 0.0069480 secs] 880770K->670963K(1546688K), 0.0072450 secs] [Times: user=0.03 sys=0.00, real=0.01 secs] 
73672.207: [GC 73672.207: [ParNew: 210720K->866K(235968K), 0.0060150 secs] 880755K->670955K(1546688K), 0.0063070 secs] [Times: user=0.03 sys=0.00, real=0.00 secs] 
73678.704: [GC 73678.704: [ParNew: 210653K->1619K(235968K), 0.0061760 secs] 880742K->671762K(1546688K), 0.0068160 secs] [Times: user=0.03 sys=0.00, real=0.01 secs] 
73689.768: [GC 73689.768: [ParNew: 211399K->1042K(235968K), 0.0066800 secs] 881542K->671245K(1546688K), 0.0069650 secs] [Times: user=0.03 sys=0.00, real=0.01 secs] 
73705.489: [GC 73705.489: [ParNew: 210834K->1008K(235968K), 0.0096350 secs] 881037K->671255K(1546688K), 0.0099390 secs] [Times: user=0.02 sys=0.00, real=0.01 secs] 
73712.078: [GC 73712.078: [ParNew: 210782K->1141K(235968K), 0.0066650 secs] 881028K->671554K(1546688K), 0.0069400 secs] [Times: user=0.02 sys=0.00, real=0.01 secs] 
73732.733: [GC 73732.733: [ParNew: 210930K->818K(235968K), 0.0074040 secs] 881343K->671278K(1546688K), 0.0076160 secs] [Times: user=0.03 sys=0.00, real=0.01 secs] 
73741.170: [GC 73741.170: [ParNew: 210597K->970K(235968K), 0.0062480 secs] 881057K->671482K(1546688K), 0.0064380 secs] [Times: user=0.03 sys=0.00, real=0.01 secs] 
73755.374: [GC 73755.375: [ParNew: 210762K->880K(235968K), 0.0049670 secs] 881274K->671441K(1546688K), 0.0052230 secs] [Times: user=0.03 sys=0.00, real=0.00 secs] 
73767.040: [GC 73767.040: [ParNew: 210672K->837K(235968K), 0.0053870 secs] 881233K->671441K(1546688K), 0.0056520 secs] [Times: user=0.02 sys=0.00, real=0.01 secs] 
73773.774: [GC 73773.775: [ParNew: 210587K->1210K(235968K), 0.0056740 secs] 881192K->671853K(1546688K), 0.0059550 secs] [Times: user=0.03 sys=0.00, real=0.01 secs] 
73795.677: [GC 73795.677: [ParNew: 211002K->1089K(235968K), 0.0077800 secs] 881645K->671775K(1546688K), 0.0079880 secs] [Times: user=0.02 sys=0.00, real=0.00 secs] 
73801.209: [GC 73801.209: [ParNew: 210881K->950K(235968K), 0.0080140 secs] 881567K->671677K(1546688K), 0.0082840 secs] [Times: user=0.02 sys=0.00, real=0.01 secs] 
73815.407: [GC 73815.408: [ParNew: 210742K->924K(235968K), 0.0045660 secs] 881469K->671708K(1546688K), 0.0048240 secs] [Times: user=0.03 sys=0.00, real=0.00 secs] 
73827.058: [GC 73827.058: [ParNew: 210716K->1236K(235968K), 0.0043410 secs] 881500K->672083K(1546688K), 0.0046070 secs] [Times: user=0.03 sys=0.00, real=0.01 secs] 
73833.789: [GC 73833.789: [ParNew: 211028K->984K(235968K), 0.0041280 secs] 881875K->671891K(1546688K), 0.0043660 secs] [Times: user=0.03 sys=0.00, real=0.01 secs] 
73855.675: [GC 73855.676: [ParNew: 210776K->1068K(235968K), 0.0041900 secs] 881683K->672033K(1546688K), 0.0044490 secs] [Times: user=0.03 sys=0.00, real=0.01 secs] 
73861.217: [GC 73861.218: [ParNew: 210845K->873K(235968K), 0.0055900 secs] 881810K->671897K(1546688K), 0.0058640 secs] [Times: user=0.02 sys=0.00, real=0.00 secs] 
73875.542: [GC 73875.542: [ParNew: 210665K->1205K(235968K), 0.0052560 secs] 881689K->672279K(1546688K), 0.0054650 secs] [Times: user=0.03 sys=0.00, real=0.01 secs] 
73887.808: [GC 73887.809: [ParNew: 210997K->838K(235968K), 0.0075760 secs] 882071K->671956K(1546688K), 0.0077650 secs] [Times: user=0.03 sys=0.00, real=0.01 secs] 
73893.819: [GC 73893.819: [ParNew: 210597K->640K(235968K), 0.0061590 secs] 881715K->671842K(1546688K), 0.0064300 secs] [Times: user=0.03 sys=0.00, real=0.01 secs] 
73915.700: [GC 73915.700: [ParNew: 210432K->1056K(235968K), 0.0065630 secs] 881634K->672312K(1546688K), 0.0068410 secs] [Times: user=0.03 sys=0.01, real=0.00 secs] 
73921.238: [GC 73921.239: [ParNew: 210848K->1068K(235968K), 0.0066840 secs] 882104K->672378K(1546688K), 0.0068800 secs] [Times: user=0.03 sys=0.00, real=0.00 secs] 
73935.447: [GC 73935.447: [ParNew: 210860K->815K(235968K), 0.0053540 secs] 882170K->672187K(1546688K), 0.0056130 secs] [Times: user=0.02 sys=0.00, real=0.00 secs] 
73947.824: [GC 73947.825: [ParNew: 210607K->987K(235968K), 0.0047310 secs] 881979K->672403K(1546688K), 0.0050130 secs] [Times: user=0.03 sys=0.00, real=0.00 secs] 
73959.531: [GC 73959.531: [ParNew: 210779K->854K(235968K), 0.0061210 secs] 882195K->672352K(1546688K), 0.0063060 secs] [Times: user=0.02 sys=0.00, real=0.00 secs] 
73977.427: [GC 73977.427: [ParNew: 210637K->938K(235968K), 0.0052480 secs] 882135K->672478K(1546688K), 0.0055200 secs] [Times: user=0.03 sys=0.00, real=0.01 secs] 
73983.048: [GC 73983.049: [ParNew: 210655K->635K(235968K), 0.0174360 secs] 882195K->672212K(1546688K), 0.0176940 secs] [Times: user=0.05 sys=0.00, real=0.01 secs] 
74004.657: [GC 74004.657: [ParNew: 210427K->710K(235968K), 0.0087560 secs] 882004K->672330K(1546688K), 0.0090470 secs] [Times: user=0.04 sys=0.00, real=0.01 secs] 
74009.676: [GC 74009.677: [ParNew: 210491K->581K(235968K), 0.0063320 secs] 882112K->672263K(1546688K), 0.0065500 secs] [Times: user=0.02 sys=0.00, real=0.01 secs] 
74019.565: [GC 74019.565: [ParNew: 210340K->978K(235968K), 0.0067190 secs] 882023K->672709K(1546688K), 0.0069100 secs] [Times: user=0.03 sys=0.00, real=0.01 secs] 
74037.454: [GC 74037.454: [ParNew: 210770K->601K(235968K), 0.0044650 secs] 882501K->672386K(1546688K), 0.0047350 secs] [Times: user=0.02 sys=0.00, real=0.01 secs] 
74043.126: [GC 74043.127: [ParNew: 210393K->664K(235968K), 0.0201450 secs] 882178K->672512K(1546688K), 0.0204060 secs] [Times: user=0.04 sys=0.00, real=0.03 secs] 
74064.668: [GC 74064.669: [ParNew: 210456K->1196K(235968K), 0.0049590 secs] 882304K->673087K(1546688K), 0.0052350 secs] [Times: user=0.03 sys=0.00, real=0.01 secs] 
74067.857: [GC 74067.857: [ParNew: 210968K->1219K(235968K), 0.0048220 secs] 882859K->673183K(1546688K), 0.0050950 secs] [Times: user=0.02 sys=0.00, real=0.00 secs] 
74079.570: [GC 74079.570: [ParNew: 211011K->704K(235968K), 0.0052250 secs] 882975K->672717K(1546688K), 0.0054660 secs] [Times: user=0.03 sys=0.00, real=0.01 secs] 
74097.451: [GC 74097.451: [ParNew: 210496K->1310K(235968K), 0.0065370 secs] 882509K->673377K(1546688K), 0.0067640 secs] [Times: user=0.03 sys=0.00, real=0.00 secs] 
74103.100: [GC 74103.100: [ParNew: 211102K->776K(235968K), 0.0147260 secs] 883169K->673019K(1546688K), 0.0150290 secs] [Times: user=0.03 sys=0.00, real=0.01 secs] 
74124.666: [GC 74124.666: [ParNew: 210568K->1062K(235968K), 0.0132170 secs] 882811K->673348K(1546688K), 0.0134250 secs] [Times: user=0.02 sys=0.00, real=0.01 secs] 
74127.860: [GC 74127.860: [ParNew: 210854K->712K(235968K), 0.0120850 secs] 883140K->673062K(1546688K), 0.0122710 secs] [Times: user=0.03 sys=0.00, real=0.01 secs] 
74139.572: [GC 74139.573: [ParNew: 210504K->1273K(235968K), 0.0072430 secs] 882854K->673675K(1546688K), 0.0074490 secs] [Times: user=0.03 sys=0.00, real=0.00 secs] 
74157.468: [GC 74157.468: [ParNew: 211065K->719K(235968K), 0.0089970 secs] 883467K->673182K(1546688K), 0.0092010 secs] [Times: user=0.03 sys=0.00, real=0.01 secs] 
74163.134: [GC 74163.134: [ParNew: 210511K->729K(235968K), 0.0126670 secs] 882974K->673265K(1546688K), 0.0129510 secs] [Times: user=0.03 sys=0.00, real=0.01 secs] 
74184.701: [GC 74184.702: [ParNew: 210521K->877K(235968K), 0.0088710 secs] 883057K->673456K(1546688K), 0.0091320 secs] [Times: user=0.03 sys=0.00, real=0.01 secs] 
74189.028: [GC 74189.028: [ParNew: 210669K->842K(235968K), 0.0060730 secs] 883248K->673488K(1546688K), 0.0063360 secs] [Times: user=0.02 sys=0.00, real=0.00 secs] 
74199.591: [GC 74199.592: [ParNew: 210599K->1544K(235968K), 0.0068150 secs] 883244K->674239K(1546688K), 0.0070900 secs] [Times: user=0.03 sys=0.00, real=0.01 secs] 
74217.460: [GC 74217.460: [ParNew: 211336K->11984K(235968K), 0.0125130 secs] 884031K->684733K(1546688K), 0.0127930 secs] [Times: user=0.06 sys=0.00, real=0.01 secs] 
74223.096: [GC 74223.096: [ParNew: 221776K->1017K(235968K), 0.0232420 secs] 894525K->673832K(1546688K), 0.0235200 secs] [Times: user=0.02 sys=0.00, real=0.03 secs] 
74235.695: [GC 74235.695: [ParNew: 210809K->659K(235968K), 0.0087800 secs] 883624K->673518K(1546688K), 0.0089880 secs] [Times: user=0.02 sys=0.00, real=0.01 secs] 
74247.860: [GC 74247.860: [ParNew: 210451K->759K(235968K), 0.0098230 secs] 883310K->673713K(1546688K), 0.0100380 secs] [Times: user=0.03 sys=0.00, real=0.01 secs] 
74254.330: [GC 74254.331: [ParNew: 210551K->854K(235968K), 0.0050350 secs] 883505K->673852K(1546688K), 0.0052970 secs] [Times: user=0.03 sys=0.00, real=0.01 secs] 
74277.473: [GC 74277.473: [ParNew: 210646K->1250K(235968K), 0.0078600 secs] 883644K->674310K(1546688K), 0.0081650 secs] [Times: user=0.03 sys=0.00, real=0.01 secs] 
74283.123: [GC 74283.123: [ParNew: 211042K->892K(235968K), 0.0187000 secs] 884102K->674044K(1546688K), 0.0190000 secs] [Times: user=0.04 sys=0.00, real=0.02 secs] 
74304.706: [GC 74304.706: [ParNew: 210684K->1258K(235968K), 0.0058160 secs] 883836K->674467K(1546688K), 0.0060000 secs] [Times: user=0.03 sys=0.00, real=0.00 secs] 
74307.889: [GC 74307.889: [ParNew: 211050K->756K(235968K), 0.0057190 secs] 884259K->674171K(1546688K), 0.0059850 secs] [Times: user=0.02 sys=0.00, real=0.00 secs] 
74319.617: [GC 74319.617: [ParNew: 210542K->554K(235968K), 0.0042500 secs] 883957K->674024K(1546688K), 0.0045200 secs] [Times: user=0.03 sys=0.00, real=0.00 secs] 
74337.508: [GC 74337.509: [ParNew: 210304K->768K(235968K), 0.0041930 secs] 883773K->674281K(1546688K), 0.0044510 secs] [Times: user=0.03 sys=0.00, real=0.01 secs] 
74343.182: [GC 74343.182: [ParNew: 210551K->905K(235968K), 0.0085700 secs] 884064K->674475K(1546688K), 0.0088470 secs] [Times: user=0.02 sys=0.00, real=0.01 secs] 
74364.727: [GC 74364.727: [ParNew: 210697K->1085K(235968K), 0.0070980 secs] 884267K->674699K(1546688K), 0.0073010 secs] [Times: user=0.03 sys=0.00, real=0.00 secs] 
74371.209: [GC 74371.209: [ParNew: 210877K->1083K(235968K), 0.0048110 secs] 884491K->674752K(1546688K), 0.0050940 secs] [Times: user=0.02 sys=0.00, real=0.00 secs] 
74379.639: [GC 74379.639: [ParNew: 210875K->1095K(235968K), 0.0059600 secs] 884544K->674829K(1546688K), 0.0062190 secs] [Times: user=0.03 sys=0.01, real=0.01 secs] 
74397.528: [GC 74397.528: [ParNew: 210887K->1145K(235968K), 0.0048040 secs] 884621K->674933K(1546688K), 0.0050900 secs] [Times: user=0.03 sys=0.00, real=0.01 secs] 
74409.908: [GC 74409.908: [ParNew: 210937K->822K(235968K), 0.0048380 secs] 884725K->674770K(1546688K), 0.0051190 secs] [Times: user=0.02 sys=0.01, real=0.01 secs] 
74424.757: [GC 74424.757: [ParNew: 210614K->838K(235968K), 0.0057180 secs] 884562K->674836K(1546688K), 0.0059210 secs] [Times: user=0.02 sys=0.00, real=0.01 secs] 
74431.237: [GC 74431.237: [ParNew: 210607K->1032K(235968K), 0.0056790 secs] 884606K->675075K(1546688K), 0.0059360 secs] [Times: user=0.03 sys=0.01, real=0.00 secs] 
74442.352: [GC 74442.352: [ParNew: 210824K->426K(235968K), 0.0082540 secs] 884867K->674529K(1546688K), 0.0085400 secs] [Times: user=0.02 sys=0.00, real=0.01 secs] 
74458.835: [GC 74458.836: [ParNew: 210218K->1270K(235968K), 0.0062760 secs] 884321K->675431K(1546688K), 0.0064810 secs] [Times: user=0.03 sys=0.00, real=0.01 secs] 
74469.934: [GC 74469.934: [ParNew: 211062K->1132K(235968K), 0.0060840 secs] 885223K->675344K(1546688K), 0.0063690 secs] [Times: user=0.03 sys=0.00, real=0.01 secs] 
74485.626: [GC 74485.626: [ParNew: 210924K->626K(235968K), 0.0065370 secs] 885136K->674888K(1546688K), 0.0067910 secs] [Times: user=0.02 sys=0.01, real=0.01 secs] 
74492.175: [GC 74492.175: [ParNew: 210418K->694K(235968K), 0.0084220 secs] 884680K->675000K(1546688K), 0.0087710 secs] [Times: user=0.02 sys=0.00, real=0.01 secs] 
74512.823: [GC 74512.823: [ParNew: 210486K->1261K(235968K), 0.0065800 secs] 884792K->675614K(1546688K), 0.0067890 secs] [Times: user=0.03 sys=0.00, real=0.01 secs] 
74518.860: [GC 74518.860: [ParNew: 211053K->1200K(235968K), 0.0055820 secs] 885406K->675603K(1546688K), 0.0057810 secs] [Times: user=0.02 sys=0.00, real=0.01 secs] 
74529.962: [GC 74529.962: [ParNew: 210986K->1195K(235968K), 0.0056800 secs] 885390K->675658K(1546688K), 0.0058870 secs] [Times: user=0.02 sys=0.00, real=0.00 secs] 
74545.636: [GC 74545.636: [ParNew: 210927K->1030K(235968K), 0.0340490 secs] 885390K->675553K(1546688K), 0.0343450 secs] [Times: user=0.06 sys=0.00, real=0.04 secs] 
74551.278: [GC 74551.279: [ParNew: 210776K->941K(235968K), 0.0077580 secs] 885299K->675639K(1546688K), 0.0079830 secs] [Times: user=0.03 sys=0.00, real=0.00 secs] 
74572.838: [GC 74572.838: [ParNew: 210733K->998K(235968K), 0.0057200 secs] 885431K->675796K(1546688K), 0.0059910 secs] [Times: user=0.03 sys=0.00, real=0.00 secs] 
74578.884: [GC 74578.884: [ParNew: 210781K->1273K(235968K), 0.0066640 secs] 885580K->676126K(1546688K), 0.0069100 secs] [Times: user=0.02 sys=0.00, real=0.00 secs] 
74589.973: [GC 74589.974: [ParNew: 211065K->1086K(235968K), 0.0073570 secs] 885918K->675999K(1546688K), 0.0076300 secs] [Times: user=0.02 sys=0.00, real=0.00 secs] 
74605.673: [GC 74605.673: [ParNew: 210816K->1143K(235968K), 0.0246910 secs] 885729K->676100K(1546688K), 0.0249940 secs] [Times: user=0.05 sys=0.00, real=0.02 secs] 
74612.207: [GC 74612.207: [ParNew: 210935K->732K(235968K), 0.0068680 secs] 885892K->675936K(1546688K), 0.0071530 secs] [Times: user=0.03 sys=0.00, real=0.01 secs] 
74635.804: [GC 74635.804: [ParNew: 210524K->887K(235968K), 0.0073440 secs] 885728K->676142K(1546688K), 0.0076130 secs] [Times: user=0.03 sys=0.01, real=0.01 secs] 
74641.351: [GC 74641.352: [ParNew: 210679K->915K(235968K), 0.0054290 secs] 885934K->676230K(1546688K), 0.0057030 secs] [Times: user=0.02 sys=0.00, real=0.01 secs] 
74655.548: [GC 74655.548: [ParNew: 210707K->1057K(235968K), 0.0104010 secs] 886022K->676428K(1546688K), 0.0105720 secs] [Times: user=0.03 sys=0.00, real=0.01 secs] 
74667.158: [GC 74667.158: [ParNew: 210742K->1510K(235968K), 0.0074040 secs] 886113K->676932K(1546688K), 0.0076960 secs] [Times: user=0.02 sys=0.00, real=0.01 secs] 
74672.235: [GC 74672.235: [ParNew: 211302K->1520K(235968K), 0.0094600 secs] 886724K->676990K(1546688K), 0.0097140 secs] [Times: user=0.02 sys=0.00, real=0.01 secs] 
74695.818: [GC 74695.819: [ParNew: 211312K->2010K(235968K), 0.0076430 secs] 886782K->677540K(1546688K), 0.0081370 secs] [Times: user=0.03 sys=0.00, real=0.01 secs] 
74701.354: [GC 74701.354: [ParNew: 211782K->1871K(235968K), 0.0075790 secs] 887312K->677457K(1546688K), 0.0079040 secs] [Times: user=0.03 sys=0.00, real=0.00 secs] 
74715.552: [GC 74715.552: [ParNew: 211663K->1019K(235968K), 0.0075420 secs] 887249K->677232K(1546688K), 0.0077710 secs] [Times: user=0.02 sys=0.01, real=0.00 secs] 
74727.171: [GC 74727.171: [ParNew: 210688K->1093K(235968K), 0.0107270 secs] 886901K->677485K(1546688K), 0.0109790 secs] [Times: user=0.03 sys=0.00, real=0.01 secs] 
74733.900: [GC 74733.901: [ParNew: 210885K->1134K(235968K), 0.0067710 secs] 887277K->677613K(1546688K), 0.0069800 secs] [Times: user=0.02 sys=0.00, real=0.00 secs] 
74755.964: [GC 74755.964: [ParNew: 210926K->1192K(235968K), 0.0060160 secs] 887405K->677713K(1546688K), 0.0063110 secs] [Times: user=0.03 sys=0.00, real=0.01 secs] 
74761.437: [GC 74761.438: [ParNew: 210984K->1114K(235968K), 0.0073620 secs] 887505K->677692K(1546688K), 0.0076400 secs] [Times: user=0.02 sys=0.00, real=0.01 secs] 
74775.587: [GC 74775.587: [ParNew: 210844K->1469K(235968K), 0.0066410 secs] 887422K->678096K(1546688K), 0.0069360 secs] [Times: user=0.02 sys=0.00, real=0.01 secs] 
74787.195: [GC 74787.196: [ParNew: 211261K->921K(235968K), 0.0059640 secs] 887888K->677604K(1546688K), 0.0062500 secs] [Times: user=0.03 sys=0.00, real=0.01 secs] 
74793.923: [GC 74793.923: [ParNew: 210694K->716K(235968K), 0.0044920 secs] 887378K->677622K(1546688K), 0.0050130 secs] [Times: user=0.02 sys=0.00, real=0.00 secs] 
74815.992: [GC 74815.992: [ParNew: 210445K->879K(235968K), 0.0067330 secs] 887351K->677839K(1546688K), 0.0070020 secs] [Times: user=0.03 sys=0.00, real=0.01 secs] 
74823.237: [GC 74823.238: [ParNew: 210671K->957K(235968K), 0.0378590 secs] 887631K->677976K(1546688K), 0.0381650 secs] [Times: user=0.06 sys=0.00, real=0.04 secs] 
74835.825: [GC 74835.826: [ParNew: 210749K->732K(235968K), 0.0061480 secs] 887768K->677800K(1546688K), 0.0064230 secs] [Times: user=0.03 sys=0.00, real=0.00 secs] 
74847.929: [GC 74847.929: [ParNew: 210524K->1410K(235968K), 0.0068820 secs] 887592K->678534K(1546688K), 0.0072120 secs] [Times: user=0.03 sys=0.00, real=0.01 secs] 
74853.937: [GC 74853.937: [ParNew: 211202K->1234K(235968K), 0.0129390 secs] 888326K->678459K(1546688K), 0.0131180 secs] [Times: user=0.04 sys=0.00, real=0.02 secs] 
74877.591: [GC 74877.591: [ParNew: 211026K->1215K(235968K), 0.0075000 secs] 888251K->678493K(1546688K), 0.0076900 secs] [Times: user=0.03 sys=0.00, real=0.01 secs] 
74883.267: [GC 74883.268: [ParNew: 210956K->1156K(235968K), 0.0233490 secs] 888235K->678487K(1546688K), 0.0236140 secs] [Times: user=0.03 sys=0.00, real=0.02 secs] 
74904.817: [GC 74904.817: [ParNew: 210946K->1052K(235968K), 0.0090080 secs] 888278K->678435K(1546688K), 0.0092650 secs] [Times: user=0.02 sys=0.00, real=0.01 secs] 
74907.967: [GC 74907.967: [ParNew: 210844K->1122K(235968K), 0.0084620 secs] 888227K->678554K(1546688K), 0.0086560 secs] [Times: user=0.03 sys=0.00, real=0.01 secs] 
74919.744: [GC 74919.745: [ParNew: 210914K->1021K(235968K), 0.0051830 secs] 888346K->678491K(1546688K), 0.0054450 secs] [Times: user=0.02 sys=0.00, real=0.01 secs] 
74937.660: [GC 74937.661: [ParNew: 210813K->817K(235968K), 0.0207500 secs] 888283K->678335K(1546688K), 0.0210270 secs] [Times: user=0.04 sys=0.00, real=0.02 secs] 
74943.318: [GC 74943.318: [ParNew: 210591K->715K(235968K), 0.0160550 secs] 888109K->678287K(1546688K), 0.0163590 secs] [Times: user=0.04 sys=0.01, real=0.01 secs] 
74964.856: [GC 74964.856: [ParNew: 210397K->1249K(235968K), 0.0076860 secs] 887969K->678865K(1546688K), 0.0078810 secs] [Times: user=0.03 sys=0.00, real=0.01 secs] 
74971.332: [GC 74971.332: [ParNew: 211041K->1111K(235968K), 0.0096760 secs] 888657K->678783K(1546688K), 0.0098690 secs] [Times: user=0.02 sys=0.00, real=0.01 secs] 
74979.775: [GC 74979.776: [ParNew: 210859K->1222K(235968K), 0.0067110 secs] 888531K->679057K(1546688K), 0.0069940 secs] [Times: user=0.02 sys=0.00, real=0.01 secs] 
74998.935: [GC 74998.935: [ParNew: 211014K->649K(235968K), 0.0069720 secs] 888849K->678544K(1546688K), 0.0072580 secs] [Times: user=0.02 sys=0.00, real=0.01 secs] 
75010.051: [GC 75010.051: [ParNew: 210441K->996K(235968K), 0.0067130 secs] 888336K->678961K(1546688K), 0.0069920 secs] [Times: user=0.03 sys=0.00, real=0.01 secs] 
75025.752: [GC 75025.753: [ParNew: 210783K->763K(235968K), 0.0078720 secs] 888747K->678816K(1546688K), 0.0081390 secs] [Times: user=0.02 sys=0.00, real=0.01 secs] 
75032.246: [GC 75032.247: [ParNew: 210515K->858K(235968K), 0.0054810 secs] 888567K->678960K(1546688K), 0.0057500 secs] [Times: user=0.02 sys=0.00, real=0.01 secs] 
75052.914: [GC 75052.914: [ParNew: 210650K->931K(235968K), 0.0045040 secs] 888752K->679078K(1546688K), 0.0047690 secs] [Times: user=0.03 sys=0.00, real=0.01 secs] 
75058.978: [GC 75058.978: [ParNew: 210723K->689K(235968K), 0.0066310 secs] 888870K->678897K(1546688K), 0.0068690 secs] [Times: user=0.03 sys=0.00, real=0.00 secs] 
75075.609: [GC 75075.609: [ParNew: 210481K->581K(235968K), 0.0097910 secs] 888689K->678846K(1546688K), 0.0100120 secs] [Times: user=0.03 sys=0.00, real=0.01 secs] 
75087.213: [GC 75087.214: [ParNew: 210373K->1013K(235968K), 0.0071760 secs] 888638K->679328K(1546688K), 0.0074440 secs] [Times: user=0.03 sys=0.01, real=0.00 secs] 
75092.293: [GC 75092.293: [ParNew: 210709K->866K(235968K), 0.0062540 secs] 889024K->679231K(1546688K), 0.0065520 secs] [Times: user=0.03 sys=0.00, real=0.01 secs] 
75116.011: [GC 75116.011: [ParNew: 210658K->1372K(235968K), 0.0063250 secs] 889023K->679792K(1546688K), 0.0066650 secs] [Times: user=0.03 sys=0.00, real=0.00 secs] 
75121.453: [GC 75121.454: [ParNew: 211164K->1151K(235968K), 0.0059500 secs] 889584K->679733K(1546688K), 0.0062390 secs] [Times: user=0.03 sys=0.00, real=0.01 secs] 
75135.631: [GC 75135.631: [ParNew: 210943K->1197K(235968K), 0.0070670 secs] 889525K->679846K(1546688K), 0.0073410 secs] [Times: user=0.03 sys=0.00, real=0.01 secs] 
75147.227: [GC 75147.227: [ParNew: 210989K->830K(235968K), 0.0052100 secs] 889638K->679522K(1546688K), 0.0054470 secs] [Times: user=0.03 sys=0.00, real=0.00 secs] 
75153.955: [GC 75153.955: [ParNew: 210622K->1303K(235968K), 0.0228880 secs] 889314K->680065K(1546688K), 0.0232060 secs] [Times: user=0.08 sys=0.00, real=0.02 secs] 
75174.905: [GC 75174.905: [ParNew: 211095K->919K(235968K), 0.0075270 secs] 889857K->679742K(1546688K), 0.0077510 secs] [Times: user=0.02 sys=0.01, real=0.01 secs] 
75181.459: [GC 75181.459: [ParNew: 210711K->1261K(235968K), 0.0054240 secs] 889534K->680133K(1546688K), 0.0056850 secs] [Times: user=0.03 sys=0.00, real=0.00 secs] 
75195.060: [GC 75195.060: [ParNew: 211053K->887K(235968K), 0.0079260 secs] 889925K->679825K(1546688K), 0.0081640 secs] [Times: user=0.02 sys=0.00, real=0.01 secs] 
75205.815: [GC 75205.815: [ParNew: 210679K->889K(235968K), 0.0063740 secs] 889617K->679994K(1546688K), 0.0065760 secs] [Times: user=0.02 sys=0.00, real=0.00 secs] 
75212.298: [GC 75212.298: [ParNew: 210681K->830K(235968K), 0.0069680 secs] 889786K->679987K(1546688K), 0.0071480 secs] [Times: user=0.03 sys=0.00, real=0.01 secs] 
75232.940: [GC 75232.940: [ParNew: 210622K->875K(235968K), 0.0076220 secs] 889779K->680091K(1546688K), 0.0078480 secs] [Times: user=0.03 sys=0.00, real=0.01 secs] 
75240.754: [GC 75240.755: [ParNew: 210667K->667K(235968K), 0.0054330 secs] 889883K->679936K(1546688K), 0.0056650 secs] [Times: user=0.02 sys=0.00, real=0.01 secs] 
75250.124: [GC 75250.125: [ParNew: 210459K->1363K(235968K), 0.0074610 secs] 889727K->680696K(1546688K), 0.0076900 secs] [Times: user=0.02 sys=0.00, real=0.01 secs] 
75265.796: [GC 75265.796: [ParNew: 211155K->1209K(235968K), 0.0054400 secs] 890488K->680609K(1546688K), 0.0057240 secs] [Times: user=0.02 sys=0.00, real=0.00 secs] 
75272.275: [GC 75272.276: [ParNew: 211001K->873K(235968K), 0.0214710 secs] 890401K->680327K(1546688K), 0.0217050 secs] [Times: user=0.09 sys=0.00, real=0.02 secs] 
75292.927: [GC 75292.927: [ParNew: 210665K->1162K(235968K), 0.0058730 secs] 890119K->680675K(1546688K), 0.0061490 secs] [Times: user=0.03 sys=0.00, real=0.01 secs] 
75298.986: [GC 75298.986: [ParNew: 210954K->1405K(235968K), 0.0056200 secs] 890467K->681095K(1546688K), 0.0058590 secs] [Times: user=0.03 sys=0.00, real=0.01 secs] 
75310.105: [GC 75310.105: [ParNew: 211171K->1199K(235968K), 0.0076620 secs] 890861K->680943K(1546688K), 0.0079420 secs] [Times: user=0.02 sys=0.00, real=0.01 secs] 
75325.798: [GC 75325.798: [ParNew: 210985K->952K(235968K), 0.0063040 secs] 890729K->680740K(1546688K), 0.0065970 secs] [Times: user=0.03 sys=0.00, real=0.00 secs] 
75331.427: [GC 75331.428: [ParNew: 210744K->1033K(235968K), 0.0129070 secs] 890532K->680882K(1546688K), 0.0131750 secs] [Times: user=0.02 sys=0.00, real=0.01 secs] 
75352.947: [GC 75352.947: [ParNew: 210825K->611K(235968K), 0.0064330 secs] 890674K->680640K(1546688K), 0.0066890 secs] [Times: user=0.03 sys=0.01, real=0.01 secs] 
75359.031: [GC 75359.031: [ParNew: 210403K->565K(235968K), 0.0042970 secs] 890432K->680648K(1546688K), 0.0045590 secs] [Times: user=0.02 sys=0.00, real=0.00 secs] 
75370.161: [GC 75370.162: [ParNew: 210299K->666K(235968K), 0.0038720 secs] 890381K->680790K(1546688K), 0.0041340 secs] [Times: user=0.03 sys=0.00, real=0.00 secs] 
75387.183: [GC 75387.183: [ParNew: 210458K->670K(235968K), 0.0041200 secs] 890582K->680848K(1546688K), 0.0043810 secs] [Times: user=0.02 sys=0.01, real=0.01 secs] 
75392.322: [GC 75392.322: [ParNew: 210462K->772K(235968K), 0.0040900 secs] 890640K->681000K(1546688K), 0.0043400 secs] [Times: user=0.03 sys=0.00, real=0.01 secs] 
75416.074: [GC 75416.074: [ParNew: 210564K->922K(235968K), 0.0073600 secs] 890792K->681201K(1546688K), 0.0076520 secs] [Times: user=0.03 sys=0.00, real=0.00 secs] 
75421.507: [GC 75421.507: [ParNew: 210698K->1366K(235968K), 0.0062240 secs] 890978K->681694K(1546688K), 0.0064850 secs] [Times: user=0.02 sys=0.01, real=0.01 secs] 
75433.609: [GC 75433.610: [ParNew: 211158K->1081K(235968K), 0.0093430 secs] 891486K->681595K(1546688K), 0.0096010 secs] [Times: user=0.03 sys=0.00, real=0.01 secs] 
75447.257: [GC 75447.257: [ParNew: 210873K->817K(235968K), 0.0058100 secs] 891387K->681388K(1546688K), 0.0060910 secs] [Times: user=0.03 sys=0.00, real=0.00 secs] 
75452.334: [GC 75452.335: [ParNew: 210609K->766K(235968K), 0.0079590 secs] 891180K->681389K(1546688K), 0.0082440 secs] [Times: user=0.03 sys=0.00, real=0.01 secs] 
75474.514: [GC 75474.514: [ParNew: 210553K->820K(235968K), 0.0060100 secs] 891177K->681513K(1546688K), 0.0062370 secs] [Times: user=0.03 sys=0.00, real=0.00 secs] 
75479.054: [GC 75479.054: [ParNew: 210609K->1189K(235968K), 0.0079180 secs] 891302K->681963K(1546688K), 0.0082070 secs] [Times: user=0.03 sys=0.00, real=0.01 secs] 
75490.188: [GC 75490.188: [ParNew: 210855K->1100K(235968K), 0.0066170 secs] 891629K->681944K(1546688K), 0.0069040 secs] [Times: user=0.03 sys=0.00, real=0.01 secs] 
75505.855: [GC 75505.855: [ParNew: 210796K->765K(235968K), 0.0077550 secs] 891640K->681653K(1546688K), 0.0080550 secs] [Times: user=0.02 sys=0.00, real=0.01 secs] 
75512.325: [GC 75512.325: [ParNew: 210552K->1173K(235968K), 0.0065660 secs] 891439K->682244K(1546688K), 0.0068540 secs] [Times: user=0.02 sys=0.00, real=0.01 secs] 
75532.978: [GC 75532.978: [ParNew: 210965K->683K(235968K), 0.0100220 secs] 892036K->681810K(1546688K), 0.0103120 secs] [Times: user=0.03 sys=0.00, real=0.01 secs] 
75539.069: [GC 75539.069: [ParNew: 210475K->441K(235968K), 0.0073660 secs] 891602K->681621K(1546688K), 0.0075570 secs] [Times: user=0.02 sys=0.01, real=0.01 secs] 
75550.722: [GC 75550.722: [ParNew: 210233K->374K(235968K), 0.0137680 secs] 891413K->681622K(1546688K), 0.0140340 secs] [Times: user=0.02 sys=0.00, real=0.01 secs] 
75566.714: [GC 75566.714: [ParNew: 210166K->659K(235968K), 0.0074280 secs] 891414K->681962K(1546688K), 0.0076710 secs] [Times: user=0.03 sys=0.00, real=0.01 secs] 
75572.345: [GC 75572.345: [ParNew: 210451K->921K(235968K), 0.0069530 secs] 891754K->682272K(1546688K), 0.0071380 secs] [Times: user=0.02 sys=0.00, real=0.01 secs] 
75592.983: [GC 75592.983: [ParNew: 210713K->1093K(235968K), 0.0067200 secs] 892064K->682497K(1546688K), 0.0069920 secs] [Times: user=0.03 sys=0.00, real=0.01 secs] 
75599.079: [GC 75599.079: [ParNew: 210885K->1165K(235968K), 0.0066950 secs] 892289K->682623K(1546688K), 0.0068920 secs] [Times: user=0.03 sys=0.00, real=0.01 secs] 
75610.194: [GC 75610.195: [ParNew: 210957K->1541K(235968K), 0.0068830 secs] 892415K->683053K(1546688K), 0.0071420 secs] [Times: user=0.03 sys=0.00, real=0.01 secs] 
75625.857: [GC 75625.857: [ParNew: 211302K->1398K(235968K), 0.0074330 secs] 892814K->682971K(1546688K), 0.0077220 secs] [Times: user=0.03 sys=0.00, real=0.01 secs] 
75632.324: [GC 75632.324: [ParNew: 211190K->1282K(235968K), 0.0049710 secs] 892763K->682938K(1546688K), 0.0052110 secs] [Times: user=0.04 sys=0.00, real=0.01 secs] 
75652.975: [GC 75652.975: [ParNew: 211049K->1944K(235968K), 0.0050540 secs] 892705K->683658K(1546688K), 0.0053320 secs] [Times: user=0.03 sys=0.00, real=0.00 secs] 
75659.071: [GC 75659.071: [ParNew: 211736K->1479K(235968K), 0.0082190 secs] 893450K->683390K(1546688K), 0.0084760 secs] [Times: user=0.03 sys=0.00, real=0.01 secs] 
75670.207: [GC 75670.207: [ParNew: 211271K->1374K(235968K), 0.0083230 secs] 893182K->683384K(1546688K), 0.0085820 secs] [Times: user=0.03 sys=0.00, real=0.01 secs] 
75685.858: [GC 75685.858: [ParNew: 211166K->1219K(235968K), 0.0078080 secs] 893176K->683274K(1546688K), 0.0080810 secs] [Times: user=0.02 sys=0.00, real=0.01 secs] 
75691.499: [GC 75691.499: [ParNew: 210974K->1273K(235968K), 0.0072750 secs] 893028K->683442K(1546688K), 0.0075540 secs] [Times: user=0.03 sys=0.00, real=0.00 secs] 
75712.988: [GC 75712.988: [ParNew: 210989K->1074K(235968K), 0.0064610 secs] 893158K->683436K(1546688K), 0.0067050 secs] [Times: user=0.02 sys=0.00, real=0.00 secs] 
75719.090: [GC 75719.091: [ParNew: 210842K->1025K(235968K), 0.0049120 secs] 893204K->683456K(1546688K), 0.0051860 secs] [Times: user=0.02 sys=0.00, real=0.01 secs] 
75730.230: [GC 75730.230: [ParNew: 210816K->1067K(235968K), 0.0072220 secs] 893248K->683661K(1546688K), 0.0074080 secs] [Times: user=0.02 sys=0.00, real=0.01 secs] 
75745.906: [GC 75745.906: [ParNew: 210815K->853K(235968K), 0.0064930 secs] 893409K->683490K(1546688K), 0.0068390 secs] [Times: user=0.03 sys=0.01, real=0.01 secs] 
75752.368: [GC 75752.369: [ParNew: 210643K->872K(235968K), 0.0043550 secs] 893280K->683566K(1546688K), 0.0045910 secs] [Times: user=0.03 sys=0.00, real=0.01 secs] 
75772.996: [GC 75772.997: [ParNew: 210664K->900K(235968K), 0.0058030 secs] 893358K->683648K(1546688K), 0.0060570 secs] [Times: user=0.03 sys=0.00, real=0.00 secs] 
75779.098: [GC 75779.098: [ParNew: 210660K->918K(235968K), 0.0085480 secs] 893408K->683719K(1546688K), 0.0088140 secs] [Times: user=0.04 sys=0.00, real=0.01 secs] 
75790.234: [GC 75790.234: [ParNew: 210710K->936K(235968K), 0.0067300 secs] 893511K->683792K(1546688K), 0.0069700 secs] [Times: user=0.02 sys=0.00, real=0.00 secs] 
75805.884: [GC 75805.884: [ParNew: 210728K->1406K(235968K), 0.0069160 secs] 893584K->684325K(1546688K), 0.0072110 secs] [Times: user=0.03 sys=0.00, real=0.01 secs] 
75811.521: [GC 75811.521: [ParNew: 211182K->1143K(235968K), 0.0050360 secs] 894102K->684114K(1546688K), 0.0052840 secs] [Times: user=0.03 sys=0.00, real=0.00 secs] 
75832.996: [GC 75832.996: [ParNew: 210935K->992K(235968K), 0.0095240 secs] 893906K->684017K(1546688K), 0.0098120 secs] [Times: user=0.04 sys=0.00, real=0.01 secs] 
75839.096: [GC 75839.096: [ParNew: 210784K->946K(235968K), 0.0050700 secs] 893809K->684037K(1546688K), 0.0053490 secs] [Times: user=0.03 sys=0.00, real=0.00 secs] 
75850.221: [GC 75850.221: [ParNew: 210738K->1165K(235968K), 0.0059010 secs] 893829K->684318K(1546688K), 0.0061970 secs] [Times: user=0.03 sys=0.01, real=0.01 secs] 
75865.149: [GC 75865.149: [ParNew: 210919K->1791K(235968K), 0.0054160 secs] 894073K->684992K(1546688K), 0.0057130 secs] [Times: user=0.03 sys=0.00, real=0.01 secs] 
75871.517: [GC 75871.517: [ParNew: 211536K->1943K(235968K), 0.0118960 secs] 894737K->685245K(1546688K), 0.0121930 secs] [Times: user=0.03 sys=0.00, real=0.01 secs] 
75893.003: [GC 75893.003: [ParNew: 211735K->1161K(235968K), 0.0127640 secs] 895037K->684521K(1546688K), 0.0129840 secs] [Times: user=0.03 sys=0.00, real=0.01 secs] 
75899.102: [GC 75899.103: [ParNew: 210953K->1834K(235968K), 0.0059580 secs] 894313K->685247K(1546688K), 0.0062230 secs] [Times: user=0.03 sys=0.00, real=0.01 secs] 
75910.250: [GC 75910.250: [ParNew: 211626K->1314K(235968K), 0.0158330 secs] 895039K->685310K(1546688K), 0.0161220 secs] [Times: user=0.05 sys=0.00, real=0.02 secs] 
75925.903: [GC 75925.903: [ParNew: 211106K->1883K(235968K), 0.0088660 secs] 895102K->685942K(1546688K), 0.0091220 secs] [Times: user=0.03 sys=0.00, real=0.01 secs] 
75931.547: [GC 75931.547: [ParNew: 211675K->1173K(235968K), 0.0047960 secs] 895734K->685345K(1546688K), 0.0050410 secs] [Times: user=0.02 sys=0.00, real=0.01 secs] 
75953.020: [GC 75953.020: [ParNew: 210965K->1369K(235968K), 0.0079740 secs] 895137K->685595K(1546688K), 0.0082620 secs] [Times: user=0.02 sys=0.00, real=0.01 secs] 
75959.134: [GC 75959.134: [ParNew: 211161K->1198K(235968K), 0.0061410 secs] 895387K->685520K(1546688K), 0.0063710 secs] [Times: user=0.03 sys=0.00, real=0.01 secs] 
75970.285: [GC 75970.285: [ParNew: 210979K->1199K(235968K), 0.0062380 secs] 895300K->685713K(1546688K), 0.0064880 secs] [Times: user=0.03 sys=0.00, real=0.00 secs] 
75985.933: [GC 75985.933: [ParNew: 210991K->1185K(235968K), 0.0052270 secs] 895505K->685743K(1546688K), 0.0054510 secs] [Times: user=0.02 sys=0.00, real=0.00 secs] 
75992.389: [GC 75992.390: [ParNew: 210916K->885K(235968K), 0.0064100 secs] 895473K->685566K(1546688K), 0.0067370 secs] [Times: user=0.03 sys=0.00, real=0.01 secs] 
76013.036: [GC 76013.037: [ParNew: 210670K->1060K(235968K), 0.0044890 secs] 895352K->685833K(1546688K), 0.0047660 secs] [Times: user=0.03 sys=0.01, real=0.01 secs] 
76019.150: [GC 76019.150: [ParNew: 210852K->849K(235968K), 0.0081640 secs] 895625K->685676K(1546688K), 0.0083990 secs] [Times: user=0.03 sys=0.00, real=0.01 secs] 
76030.289: [GC 76030.289: [ParNew: 210641K->1115K(235968K), 0.0060410 secs] 895468K->685998K(1546688K), 0.0063350 secs] [Times: user=0.03 sys=0.00, real=0.01 secs] 
76045.944: [GC 76045.944: [ParNew: 210907K->780K(235968K), 0.0065440 secs] 895790K->685719K(1546688K), 0.0068430 secs] [Times: user=0.03 sys=0.00, real=0.00 secs] 
76052.391: [GC 76052.391: [ParNew: 210559K->897K(235968K), 0.0064980 secs] 895498K->685998K(1546688K), 0.0067030 secs] [Times: user=0.03 sys=0.00, real=0.01 secs] 
76073.049: [GC 76073.049: [ParNew: 210689K->710K(235968K), 0.0064750 secs] 895790K->685869K(1546688K), 0.0066810 secs] [Times: user=0.02 sys=0.00, real=0.00 secs] 
76079.162: [GC 76079.162: [ParNew: 210502K->749K(235968K), 0.0093290 secs] 895661K->685966K(1546688K), 0.0095010 secs] [Times: user=0.03 sys=0.00, real=0.01 secs] 
76090.318: [GC 76090.318: [ParNew: 210541K->1012K(235968K), 0.0072430 secs] 895758K->686288K(1546688K), 0.0074340 secs] [Times: user=0.03 sys=0.00, real=0.01 secs] 
76105.966: [GC 76105.967: [ParNew: 210804K->959K(235968K), 0.0078270 secs] 896080K->686292K(1546688K), 0.0080100 secs] [Times: user=0.03 sys=0.00, real=0.01 secs] 
76112.414: [GC 76112.414: [ParNew: 210739K->1033K(235968K), 0.0077480 secs] 896072K->686430K(1546688K), 0.0080100 secs] [Times: user=0.03 sys=0.00, real=0.01 secs] 
76136.214: [GC 76136.214: [ParNew: 210825K->1235K(235968K), 0.0061380 secs] 896222K->686681K(1546688K), 0.0063970 secs] [Times: user=0.03 sys=0.00, real=0.01 secs] 
76141.662: [GC 76141.662: [ParNew: 210998K->1155K(235968K), 0.0065600 secs] 896444K->686655K(1546688K), 0.0067560 secs] [Times: user=0.03 sys=0.00, real=0.01 secs] 
76155.827: [GC 76155.827: [ParNew: 210947K->917K(235968K), 0.0057230 secs] 896447K->686462K(1546688K), 0.0059220 secs] [Times: user=0.03 sys=0.00, real=0.00 secs] 
76167.373: [GC 76167.373: [ParNew: 210681K->1119K(235968K), 0.0055510 secs] 896226K->686719K(1546688K), 0.0057980 secs] [Times: user=0.02 sys=0.01, real=0.01 secs] 
76174.095: [GC 76174.095: [ParNew: 210911K->1139K(235968K), 0.0056220 secs] 896511K->686792K(1546688K), 0.0058930 secs] [Times: user=0.03 sys=0.00, real=0.00 secs] 
76196.225: [GC 76196.225: [ParNew: 210931K->755K(235968K), 0.0132500 secs] 896584K->686469K(1546688K), 0.0134430 secs] [Times: user=0.03 sys=0.00, real=0.01 secs] 
76201.671: [GC 76201.671: [ParNew: 210547K->909K(235968K), 0.0042860 secs] 896261K->686682K(1546688K), 0.0045470 secs] [Times: user=0.03 sys=0.00, real=0.00 secs] 
76215.833: [GC 76215.833: [ParNew: 210701K->1408K(235968K), 0.0044040 secs] 896474K->687235K(1546688K), 0.0046790 secs] [Times: user=0.03 sys=0.00, real=0.01 secs] 
76227.369: [GC 76227.369: [ParNew: 211200K->904K(235968K), 0.0041550 secs] 897027K->686788K(1546688K), 0.0044190 secs] [Times: user=0.03 sys=0.00, real=0.00 secs] 
76232.420: [GC 76232.421: [ParNew: 210696K->973K(235968K), 0.0054510 secs] 896580K->686907K(1546688K), 0.0057160 secs] [Times: user=0.03 sys=0.00, real=0.01 secs] 
76256.227: [GC 76256.227: [ParNew: 210765K->712K(235968K), 0.0052660 secs] 896699K->686711K(1546688K), 0.0055460 secs] [Times: user=0.03 sys=0.00, real=0.01 secs] 
76261.672: [GC 76261.672: [ParNew: 210504K->917K(235968K), 0.0041620 secs] 896503K->686962K(1546688K), 0.0044140 secs] [Times: user=0.03 sys=0.00, real=0.00 secs] 
76275.844: [GC 76275.844: [ParNew: 210675K->1119K(235968K), 0.0042960 secs] 896721K->687226K(1546688K), 0.0045540 secs] [Times: user=0.03 sys=0.00, real=0.01 secs] 
76287.385: [GC 76287.385: [ParNew: 210911K->1026K(235968K), 0.0042760 secs] 897018K->687177K(1546688K), 0.0045470 secs] [Times: user=0.03 sys=0.00, real=0.01 secs] 
76294.106: [GC 76294.106: [ParNew: 210815K->742K(235968K), 0.0048960 secs] 896966K->686940K(1546688K), 0.0051630 secs] [Times: user=0.02 sys=0.00, real=0.00 secs] 
76316.259: [GC 76316.260: [ParNew: 210534K->1098K(235968K), 0.0050590 secs] 896732K->687343K(1546688K), 0.0053380 secs] [Times: user=0.04 sys=0.00, real=0.01 secs] 
76321.700: [GC 76321.700: [ParNew: 210890K->1163K(235968K), 0.0041940 secs] 897135K->687467K(1546688K), 0.0044640 secs] [Times: user=0.03 sys=0.00, real=0.00 secs] 
76335.875: [GC 76335.875: [ParNew: 210955K->1167K(235968K), 0.0047540 secs] 897259K->687524K(1546688K), 0.0050030 secs] [Times: user=0.03 sys=0.00, real=0.01 secs] 
76347.923: [GC 76347.923: [ParNew: 210959K->602K(235968K), 0.0047790 secs] 897316K->687016K(1546688K), 0.0050930 secs] [Times: user=0.03 sys=0.00, real=0.01 secs] 
76354.138: [GC 76354.139: [ParNew: 210394K->564K(235968K), 0.0053130 secs] 896808K->687139K(1546688K), 0.0055940 secs] [Times: user=0.02 sys=0.00, real=0.00 secs] 
76377.877: [GC 76377.877: [ParNew: 210356K->838K(235968K), 0.0068200 secs] 896931K->687468K(1546688K), 0.0071140 secs] [Times: user=0.03 sys=0.00, real=0.01 secs] 
76383.678: [GC 76383.678: [ParNew: 210550K->1055K(235968K), 0.0054780 secs] 897180K->687736K(1546688K), 0.0057640 secs] [Times: user=0.02 sys=0.00, real=0.01 secs] 
76400.551: [GC 76400.551: [ParNew: 210847K->666K(235968K), 0.0042920 secs] 897528K->687396K(1546688K), 0.0045750 secs] [Times: user=0.03 sys=0.00, real=0.00 secs] 
76408.138: [GC 76408.138: [ParNew: 210458K->1034K(235968K), 0.0046480 secs] 897188K->687826K(1546688K), 0.0049170 secs] [Times: user=0.03 sys=0.00, real=0.00 secs] 
76419.458: [GC 76419.458: [ParNew: 210826K->635K(235968K), 0.0040430 secs] 897618K->687486K(1546688K), 0.0043230 secs] [Times: user=0.03 sys=0.00, real=0.00 secs] 
76436.302: [GC 76436.302: [ParNew: 210414K->949K(235968K), 0.0046370 secs] 897265K->687860K(1546688K), 0.0049040 secs] [Times: user=0.02 sys=0.00, real=0.00 secs] 
76441.749: [GC 76441.749: [ParNew: 210690K->778K(235968K), 0.0053090 secs] 897601K->687739K(1546688K), 0.0055530 secs] [Times: user=0.03 sys=0.00, real=0.01 secs] 
76455.881: [GC 76455.882: [ParNew: 210501K->1544K(235968K), 0.0093550 secs] 897461K->688568K(1546688K), 0.0096450 secs] [Times: user=0.04 sys=0.00, real=0.01 secs] 
76467.418: [GC 76467.418: [ParNew: 211307K->1309K(235968K), 0.0057300 secs] 898331K->688377K(1546688K), 0.0059180 secs] [Times: user=0.03 sys=0.00, real=0.00 secs] 
76474.136: [GC 76474.136: [ParNew: 211093K->1244K(235968K), 0.0066440 secs] 898161K->688376K(1546688K), 0.0069180 secs] [Times: user=0.03 sys=0.00, real=0.00 secs] 
76496.297: [GC 76496.297: [ParNew: 211027K->1357K(235968K), 0.0044740 secs] 898160K->688543K(1546688K), 0.0047530 secs] [Times: user=0.03 sys=0.00, real=0.00 secs] 
76501.754: [GC 76501.755: [ParNew: 211149K->1169K(235968K), 0.0050020 secs] 898335K->688484K(1546688K), 0.0052690 secs] [Times: user=0.03 sys=0.00, real=0.00 secs] 
76515.917: [GC 76515.917: [ParNew: 210961K->932K(235968K), 0.0043720 secs] 898276K->688296K(1546688K), 0.0046250 secs] [Times: user=0.03 sys=0.00, real=0.01 secs] 
76528.158: [GC 76528.158: [ParNew: 210724K->903K(235968K), 0.0042290 secs] 898088K->688317K(1546688K), 0.0044940 secs] [Times: user=0.03 sys=0.00, real=0.00 secs] 
76534.164: [GC 76534.164: [ParNew: 210608K->1236K(235968K), 0.0043080 secs] 898022K->688723K(1546688K), 0.0045990 secs] [Times: user=0.03 sys=0.00, real=0.01 secs] 
76556.331: [GC 76556.331: [ParNew: 211028K->773K(235968K), 0.0100530 secs] 898515K->688318K(1546688K), 0.0103040 secs] [Times: user=0.05 sys=0.00, real=0.01 secs] 
76563.708: [GC 76563.709: [ParNew: 210549K->778K(235968K), 0.0129330 secs] 898094K->688388K(1546688K), 0.0132260 secs] [Times: user=0.04 sys=0.00, real=0.02 secs] 
76575.930: [GC 76575.930: [ParNew: 210570K->1214K(235968K), 0.0059050 secs] 898180K->688890K(1546688K), 0.0063560 secs] [Times: user=0.03 sys=0.00, real=0.00 secs] 
76588.162: [GC 76588.162: [ParNew: 211006K->1136K(235968K), 0.0043360 secs] 898682K->688856K(1546688K), 0.0046170 secs] [Times: user=0.03 sys=0.00, real=0.00 secs] 
76600.223: [GC 76600.223: [ParNew: 210923K->735K(235968K), 0.0265960 secs] 898643K->688621K(1546688K), 0.0269200 secs] [Times: user=0.04 sys=0.01, real=0.03 secs] 
76617.926: [GC 76617.926: [ParNew: 210527K->1654K(235968K), 0.0105810 secs] 898413K->689598K(1546688K), 0.0108750 secs] [Times: user=0.03 sys=0.00, real=0.01 secs] 
76623.735: [GC 76623.735: [ParNew: 211381K->855K(235968K), 0.0099950 secs] 899324K->688966K(1546688K), 0.0102850 secs] [Times: user=0.03 sys=0.00, real=0.01 secs] 
76645.269: [GC 76645.269: [ParNew: 210647K->1004K(235968K), 0.0071190 secs] 898758K->689171K(1546688K), 0.0074030 secs] [Times: user=0.02 sys=0.00, real=0.00 secs] 
76648.198: [GC 76648.198: [ParNew: 210778K->708K(235968K), 0.0084460 secs] 898945K->688924K(1546688K), 0.0086550 secs] [Times: user=0.03 sys=0.00, real=0.01 secs] 
76658.641: [GC 76658.641: [ParNew: 210467K->921K(235968K), 0.0071010 secs] 898682K->689192K(1546688K), 0.0073700 secs] [Times: user=0.02 sys=0.00, real=0.01 secs] 
76676.342: [GC 76676.342: [ParNew: 210708K->1071K(235968K), 0.0078240 secs] 898979K->689402K(1546688K), 0.0080960 secs] [Times: user=0.03 sys=0.00, real=0.01 secs] 
76681.785: [GC 76681.786: [ParNew: 210856K->670K(235968K), 0.0068930 secs] 899187K->689055K(1546688K), 0.0071690 secs] [Times: user=0.03 sys=0.00, real=0.00 secs] 
76696.851: [GC 76696.852: [ParNew: 210462K->677K(235968K), 0.0056890 secs] 898847K->689118K(1546688K), 0.0059430 secs] [Times: user=0.03 sys=0.00, real=0.00 secs] 
76708.186: [GC 76708.186: [ParNew: 210469K->995K(235968K), 0.0045720 secs] 898910K->689481K(1546688K), 0.0048550 secs] [Times: user=0.03 sys=0.00, real=0.01 secs] 
76714.191: [GC 76714.192: [ParNew: 210787K->991K(235968K), 0.0060860 secs] 899273K->689682K(1546688K), 0.0063670 secs] [Times: user=0.02 sys=0.00, real=0.01 secs] 
76737.937: [GC 76737.937: [ParNew: 210783K->935K(235968K), 0.0051600 secs] 899474K->689690K(1546688K), 0.0054570 secs] [Times: user=0.03 sys=0.00, real=0.00 secs] 
76743.744: [GC 76743.745: [ParNew: 210727K->1179K(235968K), 0.0085720 secs] 899482K->689983K(1546688K), 0.0088380 secs] [Times: user=0.02 sys=0.00, real=0.01 secs] 
76759.627: [GC 76759.627: [ParNew: 210971K->747K(235968K), 0.0086390 secs] 899775K->689613K(1546688K), 0.0089060 secs] [Times: user=0.02 sys=0.00, real=0.01 secs] 
76768.191: [GC 76768.191: [ParNew: 210539K->911K(235968K), 0.0069910 secs] 899405K->689821K(1546688K), 0.0071800 secs] [Times: user=0.03 sys=0.00, real=0.00 secs] 
76774.195: [GC 76774.195: [ParNew: 210703K->946K(235968K), 0.0050360 secs] 899613K->689911K(1546688K), 0.0052470 secs] [Times: user=0.03 sys=0.00, real=0.01 secs] 
76796.366: [GC 76796.366: [ParNew: 210738K->1110K(235968K), 0.0072640 secs] 899703K->690135K(1546688K), 0.0074810 secs] [Times: user=0.03 sys=0.00, real=0.00 secs] 
76801.803: [GC 76801.803: [ParNew: 210859K->1205K(235968K), 0.0141690 secs] 899883K->690282K(1546688K), 0.0143630 secs] [Times: user=0.04 sys=0.01, real=0.02 secs] 
76815.982: [GC 76815.983: [ParNew: 210941K->893K(235968K), 0.0071510 secs] 900018K->690043K(1546688K), 0.0073680 secs] [Times: user=0.02 sys=0.00, real=0.00 secs] 
76828.201: [GC 76828.201: [ParNew: 210683K->792K(235968K), 0.0113380 secs] 899833K->689986K(1546688K), 0.0115340 secs] [Times: user=0.02 sys=0.00, real=0.01 secs] 
76836.807: [GC 76836.807: [ParNew: 210584K->704K(235968K), 0.0086130 secs] 899778K->689948K(1546688K), 0.0088940 secs] [Times: user=0.03 sys=0.00, real=0.01 secs] 
76857.969: [GC 76857.969: [ParNew: 210496K->1710K(235968K), 0.0061470 secs] 899740K->691020K(1546688K), 0.0064150 secs] [Times: user=0.03 sys=0.00, real=0.01 secs] 
76863.769: [GC 76863.770: [ParNew: 211502K->1430K(235968K), 0.0061800 secs] 900812K->690783K(1546688K), 0.0065280 secs] [Times: user=0.03 sys=0.00, real=0.01 secs] 
76885.319: [GC 76885.319: [ParNew: 211100K->1195K(235968K), 0.0066950 secs] 900453K->690699K(1546688K), 0.0069770 secs] [Times: user=0.03 sys=0.00, real=0.01 secs] 
76888.421: [GC 76888.422: [ParNew: 210987K->1071K(235968K), 0.0087700 secs] 900491K->690694K(1546688K), 0.0090110 secs] [Times: user=0.03 sys=0.00, real=0.01 secs] 
76900.330: [GC 76900.330: [ParNew: 210863K->825K(235968K), 0.0258760 secs] 900486K->690671K(1546688K), 0.0261500 secs] [Times: user=0.06 sys=0.00, real=0.02 secs] 
76917.983: [GC 76917.984: [ParNew: 210617K->1093K(235968K), 0.0084810 secs] 900463K->691036K(1546688K), 0.0087640 secs] [Times: user=0.03 sys=0.01, real=0.01 secs] 
76923.787: [GC 76923.788: [ParNew: 210885K->653K(235968K), 0.0072000 secs] 900828K->690666K(1546688K), 0.0074910 secs] [Times: user=0.03 sys=0.00, real=0.01 secs] 
76940.335: [GC 76940.335: [ParNew: 210444K->879K(235968K), 0.0069500 secs] 900456K->690935K(1546688K), 0.0072270 secs] [Times: user=0.03 sys=0.00, real=0.01 secs] 
76948.207: [GC 76948.207: [ParNew: 210671K->1426K(235968K), 0.0102520 secs] 900727K->691550K(1546688K), 0.0104490 secs] [Times: user=0.03 sys=0.00, real=0.01 secs] 
76954.214: [GC 76954.214: [ParNew: 211214K->1386K(235968K), 0.0064360 secs] 901338K->691564K(1546688K), 0.0066800 secs] [Times: user=0.02 sys=0.00, real=0.01 secs] 
76976.392: [GC 76976.392: [ParNew: 211161K->993K(235968K), 0.0068110 secs] 901339K->691230K(1546688K), 0.0070250 secs] [Times: user=0.03 sys=0.00, real=0.01 secs] 
76981.825: [GC 76981.825: [ParNew: 210781K->1020K(235968K), 0.0074190 secs] 901018K->691305K(1546688K), 0.0076690 secs] [Times: user=0.02 sys=0.00, real=0.01 secs] 
76996.003: [GC 76996.003: [ParNew: 210800K->1140K(235968K), 0.0082260 secs] 901085K->691489K(1546688K), 0.0085030 secs] [Times: user=0.03 sys=0.00, real=0.01 secs] 
77007.472: [GC 77007.473: [ParNew: 210932K->1221K(235968K), 0.0068070 secs] 901281K->691614K(1546688K), 0.0070520 secs] [Times: user=0.03 sys=0.00, real=0.00 secs] 
77012.538: [GC 77012.538: [ParNew: 210989K->1159K(235968K), 0.0097190 secs] 901382K->691766K(1546688K), 0.0099500 secs] [Times: user=0.03 sys=0.00, real=0.01 secs] 
77036.383: [GC 77036.383: [ParNew: 210872K->1054K(235968K), 0.0070010 secs] 901479K->691718K(1546688K), 0.0072960 secs] [Times: user=0.03 sys=0.00, real=0.01 secs] 
77041.827: [GC 77041.827: [ParNew: 210846K->1007K(235968K), 0.0053100 secs] 901510K->691725K(1546688K), 0.0055420 secs] [Times: user=0.03 sys=0.00, real=0.00 secs] 
77055.995: [GC 77055.995: [ParNew: 210799K->1338K(235968K), 0.0044090 secs] 901517K->692120K(1546688K), 0.0046840 secs] [Times: user=0.03 sys=0.01, real=0.00 secs] 
77067.482: [GC 77067.482: [ParNew: 211130K->1433K(235968K), 0.0045950 secs] 901912K->692259K(1546688K), 0.0048650 secs] [Times: user=0.03 sys=0.00, real=0.01 secs] 
77072.531: [GC 77072.532: [ParNew: 211225K->1226K(235968K), 0.0067610 secs] 902051K->692108K(1546688K), 0.0070130 secs] [Times: user=0.03 sys=0.00, real=0.01 secs] 
77096.386: [GC 77096.386: [ParNew: 211018K->953K(235968K), 0.0070110 secs] 901900K->691896K(1546688K), 0.0072090 secs] [Times: user=0.02 sys=0.01, real=0.01 secs] 
77101.832: [GC 77101.832: [ParNew: 210745K->1147K(235968K), 0.0058200 secs] 901688K->692134K(1546688K), 0.0060930 secs] [Times: user=0.03 sys=0.00, real=0.01 secs] 
77116.011: [GC 77116.012: [ParNew: 210939K->1473K(235968K), 0.0066550 secs] 901926K->692617K(1546688K), 0.0069020 secs] [Times: user=0.02 sys=0.00, real=0.01 secs] 
77127.491: [GC 77127.491: [ParNew: 211265K->834K(235968K), 0.0080840 secs] 902409K->692060K(1546688K), 0.0082760 secs] [Times: user=0.03 sys=0.00, real=0.01 secs] 
77134.209: [GC 77134.209: [ParNew: 210626K->953K(235968K), 0.0109410 secs] 901852K->692228K(1546688K), 0.0111500 secs] [Times: user=0.02 sys=0.00, real=0.01 secs] 
77156.419: [GC 77156.419: [ParNew: 210735K->855K(235968K), 0.0061400 secs] 902011K->692182K(1546688K), 0.0064050 secs] [Times: user=0.02 sys=0.00, real=0.00 secs] 
77161.864: [GC 77161.864: [ParNew: 210638K->1081K(235968K), 0.0068730 secs] 901965K->692474K(1546688K), 0.0070540 secs] [Times: user=0.03 sys=0.00, real=0.01 secs] 
77176.044: [GC 77176.044: [ParNew: 210873K->1047K(235968K), 0.0082340 secs] 902266K->692489K(1546688K), 0.0084310 secs] [Times: user=0.02 sys=0.00, real=0.01 secs] 
77187.527: [GC 77187.527: [ParNew: 210818K->932K(235968K), 0.0189470 secs] 902261K->692431K(1546688K), 0.0192290 secs] [Times: user=0.03 sys=0.00, real=0.02 secs] 
77194.238: [GC 77194.238: [ParNew: 210724K->873K(235968K), 0.0077580 secs] 902223K->692429K(1546688K), 0.0080370 secs] [Times: user=0.02 sys=0.00, real=0.01 secs] 
77216.446: [GC 77216.446: [ParNew: 210665K->1108K(235968K), 0.0150840 secs] 902221K->692718K(1546688K), 0.0153360 secs] [Times: user=0.05 sys=0.00, real=0.02 secs] 
77221.888: [GC 77221.888: [ParNew: 210856K->930K(235968K), 0.0081500 secs] 902466K->692676K(1546688K), 0.0084010 secs] [Times: user=0.02 sys=0.01, real=0.00 secs] 
77236.069: [GC 77236.069: [ParNew: 210722K->1196K(235968K), 0.0060810 secs] 902468K->693003K(1546688K), 0.0063310 secs] [Times: user=0.02 sys=0.01, real=0.00 secs] 
77248.260: [GC 77248.260: [ParNew: 210946K->798K(235968K), 0.0071850 secs] 902753K->692659K(1546688K), 0.0074190 secs] [Times: user=0.02 sys=0.00, real=0.01 secs] 
77257.132: [GC 77257.133: [ParNew: 210590K->682K(235968K), 0.0044830 secs] 902451K->692597K(1546688K), 0.0047570 secs] [Times: user=0.03 sys=0.00, real=0.00 secs] 
77276.445: [GC 77276.445: [ParNew: 210474K->1252K(235968K), 0.0047600 secs] 902389K->693222K(1546688K), 0.0050330 secs] [Times: user=0.02 sys=0.00, real=0.01 secs] 
77281.883: [GC 77281.883: [ParNew: 211044K->1074K(235968K), 0.0046400 secs] 903014K->693099K(1546688K), 0.0049260 secs] [Times: user=0.03 sys=0.00, real=0.00 secs] 
77296.059: [GC 77296.060: [ParNew: 210866K->1001K(235968K), 0.0074900 secs] 902891K->693093K(1546688K), 0.0077090 secs] [Times: user=0.02 sys=0.01, real=0.01 secs] 
77307.537: [GC 77307.537: [ParNew: 210793K->1302K(235968K), 0.0046950 secs] 902885K->693438K(1546688K), 0.0049260 secs] [Times: user=0.03 sys=0.00, real=0.00 secs] 
77314.248: [GC 77314.249: [ParNew: 211094K->918K(235968K), 0.0049770 secs] 903230K->693406K(1546688K), 0.0052670 secs] [Times: user=0.02 sys=0.00, real=0.01 secs] 
77336.467: [GC 77336.467: [ParNew: 210710K->688K(235968K), 0.0068080 secs] 903198K->693230K(1546688K), 0.0070530 secs] [Times: user=0.02 sys=0.00, real=0.01 secs] 
77343.843: [GC 77343.843: [ParNew: 210480K->623K(235968K), 0.0073450 secs] 903022K->693223K(1546688K), 0.0076520 secs] [Times: user=0.02 sys=0.00, real=0.01 secs] 
77361.446: [GC 77361.447: [ParNew: 210415K->859K(235968K), 0.0064260 secs] 903015K->693512K(1546688K), 0.0066820 secs] [Times: user=0.03 sys=0.00, real=0.00 secs] 
77368.279: [GC 77368.279: [ParNew: 210639K->1092K(235968K), 0.0059140 secs] 903293K->693790K(1546688K), 0.0061470 secs] [Times: user=0.02 sys=0.00, real=0.01 secs] 
77379.760: [GC 77379.760: [ParNew: 210884K->797K(235968K), 0.0054660 secs] 903582K->693544K(1546688K), 0.0057350 secs] [Times: user=0.03 sys=0.00, real=0.01 secs] 
77398.065: [GC 77398.065: [ParNew: 210573K->836K(235968K), 0.0061250 secs] 903321K->693636K(1546688K), 0.0064040 secs] [Times: user=0.02 sys=0.00, real=0.01 secs] 
77403.865: [GC 77403.865: [ParNew: 210628K->1206K(235968K), 0.0052890 secs] 903428K->694066K(1546688K), 0.0055320 secs] [Times: user=0.03 sys=0.00, real=0.01 secs] 
77425.407: [GC 77425.407: [ParNew: 210998K->1236K(235968K), 0.0074760 secs] 903858K->694157K(1546688K), 0.0077590 secs] [Times: user=0.03 sys=0.00, real=0.00 secs] 
77428.293: [GC 77428.294: [ParNew: 211028K->951K(235968K), 0.0067510 secs] 903949K->693935K(1546688K), 0.0070250 secs] [Times: user=0.03 sys=0.00, real=0.01 secs] 
77440.462: [GC 77440.463: [ParNew: 210743K->929K(235968K), 0.0180610 secs] 903727K->693970K(1546688K), 0.0183470 secs] [Times: user=0.03 sys=0.00, real=0.02 secs] 
77458.093: [GC 77458.093: [ParNew: 210708K->1220K(235968K), 0.0092150 secs] 903748K->694323K(1546688K), 0.0094940 secs] [Times: user=0.03 sys=0.00, real=0.01 secs] 
77463.879: [GC 77463.880: [ParNew: 211005K->1139K(235968K), 0.0070550 secs] 904108K->694301K(1546688K), 0.0072510 secs] [Times: user=0.03 sys=0.00, real=0.01 secs] 
77485.423: [GC 77485.423: [ParNew: 210931K->1227K(235968K), 0.0064660 secs] 904093K->694446K(1546688K), 0.0067600 secs] [Times: user=0.03 sys=0.00, real=0.01 secs] 
77488.309: [GC 77488.309: [ParNew: 210993K->915K(235968K), 0.0118060 secs] 904211K->694334K(1546688K), 0.0119890 secs] [Times: user=0.02 sys=0.01, real=0.01 secs] 
77500.484: [GC 77500.485: [ParNew: 210669K->785K(235968K), 0.0162510 secs] 904088K->694282K(1546688K), 0.0165680 secs] [Times: user=0.04 sys=0.00, real=0.02 secs] 
77518.093: [GC 77518.094: [ParNew: 210577K->1329K(235968K), 0.0087260 secs] 904074K->694880K(1546688K), 0.0090150 secs] [Times: user=0.02 sys=0.00, real=0.01 secs] 
77523.892: [GC 77523.892: [ParNew: 211121K->1260K(235968K), 0.0074950 secs] 904672K->694870K(1546688K), 0.0077730 secs] [Times: user=0.03 sys=0.00, real=0.00 secs] 
77545.433: [GC 77545.433: [ParNew: 211052K->1136K(235968K), 0.0084100 secs] 904662K->694797K(1546688K), 0.0086990 secs] [Times: user=0.03 sys=0.00, real=0.01 secs] 
77548.312: [GC 77548.312: [ParNew: 210897K->985K(235968K), 0.0058850 secs] 904557K->694712K(1546688K), 0.0061650 secs] [Times: user=0.02 sys=0.00, real=0.01 secs] 
77560.522: [GC 77560.523: [ParNew: 210777K->1072K(235968K), 0.0095070 secs] 904504K->694850K(1546688K), 0.0097230 secs] [Times: user=0.02 sys=0.00, real=0.01 secs] 
77578.128: [GC 77578.128: [ParNew: 210842K->766K(235968K), 0.0056340 secs] 904619K->694705K(1546688K), 0.0059390 secs] [Times: user=0.03 sys=0.00, real=0.01 secs] 
77583.940: [GC 77583.941: [ParNew: 210478K->521K(235968K), 0.0118480 secs] 904417K->694507K(1546688K), 0.0121300 secs] [Times: user=0.04 sys=0.00, real=0.02 secs] 
77605.476: [GC 77605.476: [ParNew: 210311K->656K(235968K), 0.0055770 secs] 904297K->694687K(1546688K), 0.0058640 secs] [Times: user=0.02 sys=0.00, real=0.01 secs] 
77611.859: [GC 77611.859: [ParNew: 210355K->1006K(235968K), 0.0044760 secs] 904385K->695090K(1546688K), 0.0047430 secs] [Times: user=0.03 sys=0.00, real=0.00 secs] 
77621.913: [GC 77621.914: [ParNew: 210796K->482K(235968K), 0.0065890 secs] 904881K->694621K(1546688K), 0.0068760 secs] [Times: user=0.02 sys=0.00, real=0.01 secs] 
77639.552: [GC 77639.552: [ParNew: 210268K->1118K(235968K), 0.0103890 secs] 904406K->695310K(1546688K), 0.0106210 secs] [Times: user=0.02 sys=0.00, real=0.02 secs] 
77650.615: [GC 77650.615: [ParNew: 210910K->877K(235968K), 0.0060420 secs] 905102K->695121K(1546688K), 0.0063080 secs] [Times: user=0.03 sys=0.00, real=0.01 secs] 
77666.351: [GC 77666.352: [ParNew: 210669K->984K(235968K), 0.0055940 secs] 904913K->695290K(1546688K), 0.0058150 secs] [Times: user=0.03 sys=0.00, real=0.00 secs] 
77671.875: [GC 77671.876: [ParNew: 210766K->1305K(235968K), 0.0047250 secs] 905071K->695654K(1546688K), 0.0049790 secs] [Times: user=0.03 sys=0.00, real=0.01 secs] 
77680.588: [GC 77680.588: [ParNew: 211082K->738K(235968K), 0.0059940 secs] 905431K->695259K(1546688K), 0.0062140 secs] [Times: user=0.02 sys=0.00, real=0.00 secs] 
77698.163: [GC 77698.163: [ParNew: 210530K->775K(235968K), 0.0077790 secs] 905051K->695366K(1546688K), 0.0080530 secs] [Times: user=0.03 sys=0.00, real=0.01 secs] 
77704.102: [GC 77704.102: [ParNew: 210567K->1010K(235968K), 0.0083040 secs] 905158K->695700K(1546688K), 0.0085500 secs] [Times: user=0.03 sys=0.00, real=0.01 secs] 
77725.503: [GC 77725.503: [ParNew: 210802K->1044K(235968K), 0.0084790 secs] 905492K->695793K(1546688K), 0.0086620 secs] [Times: user=0.02 sys=0.00, real=0.01 secs] 
77731.883: [GC 77731.883: [ParNew: 210836K->1140K(235968K), 0.0054010 secs] 905585K->695938K(1546688K), 0.0056730 secs] [Times: user=0.02 sys=0.00, real=0.01 secs] 
77753.248: [GC 77753.248: [ParNew: 210891K->978K(235968K), 0.0054440 secs] 905689K->695825K(1546688K), 0.0056970 secs] [Times: user=0.03 sys=0.00, real=0.00 secs] 
77759.589: [GC 77759.589: [ParNew: 210770K->1037K(235968K), 0.0073680 secs] 905617K->695965K(1546688K), 0.0076430 secs] [Times: user=0.02 sys=0.01, real=0.01 secs] 
77770.655: [GC 77770.655: [ParNew: 210829K->809K(235968K), 0.0073340 secs] 905757K->695882K(1546688K), 0.0076200 secs] [Times: user=0.03 sys=0.00, real=0.01 secs] 
77786.396: [GC 77786.396: [ParNew: 210601K->928K(235968K), 0.0065000 secs] 905674K->696049K(1546688K), 0.0067080 secs] [Times: user=0.03 sys=0.00, real=0.01 secs] 
77792.623: [GC 77792.623: [ParNew: 210652K->1034K(235968K), 0.0070810 secs] 905773K->696210K(1546688K), 0.0073460 secs] [Times: user=0.02 sys=0.00, real=0.01 secs] 
77813.275: [GC 77813.275: [ParNew: 210826K->987K(235968K), 0.0076340 secs] 906002K->696222K(1546688K), 0.0078380 secs] [Times: user=0.03 sys=0.00, real=0.01 secs] 
77819.612: [GC 77819.613: [ParNew: 210779K->1111K(235968K), 0.0052930 secs] 906014K->696400K(1546688K), 0.0055650 secs] [Times: user=0.04 sys=0.00, real=0.01 secs] 
77830.687: [GC 77830.687: [ParNew: 210903K->923K(235968K), 0.0066210 secs] 906192K->696266K(1546688K), 0.0069280 secs] [Times: user=0.02 sys=0.00, real=0.01 secs] 
77846.405: [GC 77846.406: [ParNew: 210706K->1269K(235968K), 0.0068700 secs] 906049K->696669K(1546688K), 0.0071280 secs] [Times: user=0.03 sys=0.00, real=0.01 secs] 
77852.619: [GC 77852.619: [ParNew: 211061K->976K(235968K), 0.0075090 secs] 906461K->696440K(1546688K), 0.0078240 secs] [Times: user=0.03 sys=0.00, real=0.00 secs] 
77873.274: [GC 77873.274: [ParNew: 210753K->881K(235968K), 0.0075320 secs] 906217K->696529K(1546688K), 0.0077390 secs] [Times: user=0.03 sys=0.00, real=0.01 secs] 
77879.622: [GC 77879.622: [ParNew: 210640K->988K(235968K), 0.0054530 secs] 906288K->696695K(1546688K), 0.0056910 secs] [Times: user=0.03 sys=0.00, real=0.01 secs] 
77890.676: [GC 77890.677: [ParNew: 210780K->867K(235968K), 0.0052460 secs] 906487K->696647K(1546688K), 0.0055310 secs] [Times: user=0.03 sys=0.00, real=0.00 secs] 
77906.419: [GC 77906.419: [ParNew: 210659K->867K(235968K), 0.0063360 secs] 906439K->696697K(1546688K), 0.0066300 secs] [Times: user=0.03 sys=0.00, real=0.01 secs] 
77911.940: [GC 77911.940: [ParNew: 210659K->869K(235968K), 0.0074710 secs] 906489K->696756K(1546688K), 0.0077400 secs] [Times: user=0.03 sys=0.00, real=0.00 secs] 
77933.293: [GC 77933.293: [ParNew: 210550K->954K(235968K), 0.0129560 secs] 906436K->696898K(1546688K), 0.0132650 secs] [Times: user=0.03 sys=0.00, real=0.02 secs] 
77939.640: [GC 77939.640: [ParNew: 210707K->1008K(235968K), 0.0109670 secs] 906652K->697066K(1546688K), 0.0112720 secs] [Times: user=0.04 sys=0.00, real=0.01 secs] 
77950.717: [GC 77950.717: [ParNew: 210800K->883K(235968K), 0.0055550 secs] 906858K->696996K(1546688K), 0.0058360 secs] [Times: user=0.03 sys=0.00, real=0.00 secs] 
77966.454: [GC 77966.454: [ParNew: 210675K->619K(235968K), 0.0079030 secs] 906788K->696781K(1546688K), 0.0081980 secs] [Times: user=0.03 sys=0.00, real=0.01 secs] 
77972.657: [GC 77972.657: [ParNew: 210411K->692K(235968K), 0.0089330 secs] 906573K->696900K(1546688K), 0.0091990 secs] [Times: user=0.02 sys=0.00, real=0.01 secs] 
77993.297: [GC 77993.297: [ParNew: 210484K->878K(235968K), 0.0073660 secs] 906692K->697140K(1546688K), 0.0076230 secs] [Times: user=0.02 sys=0.00, real=0.00 secs] 
77999.644: [GC 77999.644: [ParNew: 210670K->858K(235968K), 0.0072960 secs] 906932K->697175K(1546688K), 0.0075930 secs] [Times: user=0.03 sys=0.00, real=0.01 secs] 
78010.704: [GC 78010.705: [ParNew: 210631K->1243K(235968K), 0.0076240 secs] 906947K->697615K(1546688K), 0.0078790 secs] [Times: user=0.02 sys=0.01, real=0.00 secs] 
78026.430: [GC 78026.430: [ParNew: 211034K->1183K(235968K), 0.0087660 secs] 907406K->697611K(1546688K), 0.0090260 secs] [Times: user=0.03 sys=0.00, real=0.01 secs] 
78031.957: [GC 78031.957: [ParNew: 210955K->1013K(235968K), 0.0058880 secs] 907383K->697612K(1546688K), 0.0061560 secs] [Times: user=0.03 sys=0.00, real=0.01 secs] 
78053.286: [GC 78053.287: [ParNew: 210805K->686K(235968K), 0.0068740 secs] 907404K->697339K(1546688K), 0.0071310 secs] [Times: user=0.02 sys=0.00, real=0.01 secs] 
78059.635: [GC 78059.636: [ParNew: 210478K->952K(235968K), 0.0065720 secs] 907131K->697697K(1546688K), 0.0068480 secs] [Times: user=0.03 sys=0.00, real=0.01 secs] 
78070.714: [GC 78070.714: [ParNew: 210744K->1257K(235968K), 0.0104880 secs] 907489K->698044K(1546688K), 0.0107040 secs] [Times: user=0.03 sys=0.00, real=0.02 secs] 
78086.448: [GC 78086.448: [ParNew: 211049K->1087K(235968K), 0.0077410 secs] 907836K->697923K(1546688K), 0.0079520 secs] [Times: user=0.03 sys=0.00, real=0.01 secs] 
78091.975: [GC 78091.975: [ParNew: 210879K->1173K(235968K), 0.0065580 secs] 907715K->698068K(1546688K), 0.0067740 secs] [Times: user=0.03 sys=0.00, real=0.01 secs] 
78113.313: [GC 78113.313: [ParNew: 210957K->801K(235968K), 0.0065910 secs] 907851K->697746K(1546688K), 0.0068080 secs] [Times: user=0.03 sys=0.00, real=0.01 secs] 
78119.669: [GC 78119.669: [ParNew: 210551K->898K(235968K), 0.0070870 secs] 907496K->697895K(1546688K), 0.0072940 secs] [Times: user=0.03 sys=0.00, real=0.00 secs] 
78130.753: [GC 78130.753: [ParNew: 210614K->1097K(235968K), 0.0066720 secs] 907610K->698164K(1546688K), 0.0070070 secs] [Times: user=0.02 sys=0.00, real=0.01 secs] 
78146.489: [GC 78146.489: [ParNew: 210889K->778K(235968K), 0.0066490 secs] 907956K->697888K(1546688K), 0.0069340 secs] [Times: user=0.02 sys=0.00, real=0.01 secs] 
78152.686: [GC 78152.686: [ParNew: 210570K->1015K(235968K), 0.0058920 secs] 907680K->698169K(1546688K), 0.0062400 secs] [Times: user=0.03 sys=0.00, real=0.01 secs] 
78176.596: [GC 78176.596: [ParNew: 210777K->707K(235968K), 0.0059120 secs] 907931K->697904K(1546688K), 0.0061050 secs] [Times: user=0.03 sys=0.00, real=0.01 secs] 
78182.046: [GC 78182.046: [ParNew: 210465K->693K(235968K), 0.0049140 secs] 907662K->697926K(1546688K), 0.0050950 secs] [Times: user=0.03 sys=0.00, real=0.01 secs] 
78196.214: [GC 78196.214: [ParNew: 210485K->1012K(235968K), 0.0064090 secs] 907718K->698288K(1546688K), 0.0066640 secs] [Times: user=0.03 sys=0.00, real=0.01 secs] 
78207.654: [GC 78207.654: [ParNew: 210804K->1024K(235968K), 0.0050770 secs] 908080K->698344K(1546688K), 0.0053710 secs] [Times: user=0.02 sys=0.00, real=0.00 secs] 
78214.104: [GC 78214.105: [ParNew: 210816K->1308K(235968K), 0.0091570 secs] 908136K->698690K(1546688K), 0.0093480 secs] [Times: user=0.03 sys=0.00, real=0.01 secs] 
78233.344: [GC 78233.344: [ParNew: 211100K->1567K(235968K), 0.0070260 secs] 908482K->699003K(1546688K), 0.0073180 secs] [Times: user=0.03 sys=0.00, real=0.01 secs] 
78242.040: [GC 78242.040: [ParNew: 211359K->1702K(235968K), 0.0061120 secs] 908795K->699188K(1546688K), 0.0063260 secs] [Times: user=0.03 sys=0.00, real=0.00 secs] 
78256.221: [GC 78256.222: [ParNew: 211494K->1381K(235968K), 0.0050450 secs] 908980K->698927K(1546688K), 0.0052530 secs] [Times: user=0.02 sys=0.00, real=0.01 secs] 
78267.646: [GC 78267.647: [ParNew: 211089K->743K(235968K), 0.0077850 secs] 908635K->698906K(1546688K), 0.0080080 secs] [Times: user=0.02 sys=0.00, real=0.01 secs] 
78272.712: [GC 78272.712: [ParNew: 210535K->567K(235968K), 0.0066810 secs] 908698K->698776K(1546688K), 0.0068860 secs] [Times: user=0.02 sys=0.00, real=0.01 secs] 
78296.616: [GC 78296.616: [ParNew: 210359K->1067K(235968K), 0.0088080 secs] 908568K->699336K(1546688K), 0.0090690 secs] [Times: user=0.03 sys=0.00, real=0.01 secs] 
78302.069: [GC 78302.069: [ParNew: 210859K->1108K(235968K), 0.0124270 secs] 909128K->699425K(1546688K), 0.0126250 secs] [Times: user=0.03 sys=0.00, real=0.01 secs] 
78316.247: [GC 78316.248: [ParNew: 210897K->982K(235968K), 0.0063800 secs] 909213K->699348K(1546688K), 0.0066610 secs] [Times: user=0.02 sys=0.00, real=0.00 secs] 
78327.678: [GC 78327.679: [ParNew: 210683K->1030K(235968K), 0.0051700 secs] 909050K->699440K(1546688K), 0.0054490 secs] [Times: user=0.03 sys=0.00, real=0.00 secs] 
78334.388: [GC 78334.389: [ParNew: 210822K->846K(235968K), 0.0070150 secs] 909232K->699409K(1546688K), 0.0072050 secs] [Times: user=0.03 sys=0.00, real=0.01 secs] 
78356.624: [GC 78356.624: [ParNew: 210638K->1088K(235968K), 0.0054810 secs] 909201K->699714K(1546688K), 0.0057660 secs] [Times: user=0.03 sys=0.00, real=0.01 secs] 
78362.066: [GC 78362.066: [ParNew: 210880K->1258K(235968K), 0.0083820 secs] 909506K->699942K(1546688K), 0.0085750 secs] [Times: user=0.02 sys=0.00, real=0.01 secs] 
78376.237: [GC 78376.237: [ParNew: 210964K->988K(235968K), 0.0099400 secs] 909648K->699726K(1546688K), 0.0101570 secs] [Times: user=0.03 sys=0.01, real=0.01 secs] 
78387.662: [GC 78387.662: [ParNew: 210780K->1107K(235968K), 0.0057750 secs] 909518K->699913K(1546688K), 0.0059910 secs] [Times: user=0.03 sys=0.01, real=0.01 secs] 
78392.721: [GC 78392.721: [ParNew: 210899K->1060K(235968K), 0.0067010 secs] 909705K->699941K(1546688K), 0.0069010 secs] [Times: user=0.02 sys=0.00, real=0.01 secs] 
78414.562: [GC 78414.562: [ParNew: 210852K->827K(235968K), 0.0067090 secs] 909733K->699757K(1546688K), 0.0069290 secs] [Times: user=0.03 sys=0.00, real=0.00 secs] 
78422.074: [GC 78422.074: [ParNew: 210619K->1232K(235968K), 0.0061250 secs] 909549K->700273K(1546688K), 0.0063380 secs] [Times: user=0.04 sys=0.00, real=0.01 secs] 
78431.202: [GC 78431.202: [ParNew: 211024K->1119K(235968K), 0.0052790 secs] 910065K->700332K(1546688K), 0.0055470 secs] [Times: user=0.03 sys=0.00, real=0.00 secs] 
78446.954: [GC 78446.954: [ParNew: 210911K->1067K(235968K), 0.0073590 secs] 910124K->700324K(1546688K), 0.0076330 secs] [Times: user=0.02 sys=0.00, real=0.01 secs] 
78452.727: [GC 78452.727: [ParNew: 210793K->1111K(235968K), 0.0053130 secs] 910050K->700446K(1546688K), 0.0056260 secs] [Times: user=0.03 sys=0.00, real=0.00 secs] 
78476.646: [GC 78476.646: [ParNew: 210903K->1309K(235968K), 0.0077690 secs] 910238K->700776K(1546688K), 0.0079910 secs] [Times: user=0.03 sys=0.00, real=0.01 secs] 
78482.098: [GC 78482.098: [ParNew: 211101K->1196K(235968K), 0.0075570 secs] 910568K->700745K(1546688K), 0.0078430 secs] [Times: user=0.03 sys=0.00, real=0.01 secs] 
78496.276: [GC 78496.276: [ParNew: 210975K->778K(235968K), 0.0130330 secs] 910525K->700400K(1546688K), 0.0132330 secs] [Times: user=0.02 sys=0.00, real=0.02 secs] 
78507.701: [GC 78507.701: [ParNew: 210570K->747K(235968K), 0.0065960 secs] 910192K->700412K(1546688K), 0.0068490 secs] [Times: user=0.02 sys=0.01, real=0.01 secs] 
78514.414: [GC 78514.414: [ParNew: 210539K->1263K(235968K), 0.0072110 secs] 910204K->701051K(1546688K), 0.0074700 secs] [Times: user=0.02 sys=0.00, real=0.01 secs] 
78538.275: [GC 78538.276: [ParNew: 211054K->753K(235968K), 0.0088590 secs] 910842K->700596K(1546688K), 0.0090940 secs] [Times: user=0.03 sys=0.00, real=0.01 secs] 
78544.215: [GC 78544.215: [ParNew: 210545K->825K(235968K), 0.0057510 secs] 910388K->700724K(1546688K), 0.0060090 secs] [Times: user=0.02 sys=0.00, real=0.01 secs] 
78565.741: [GC 78565.741: [ParNew: 210617K->668K(235968K), 0.0085860 secs] 910516K->700614K(1546688K), 0.0087840 secs] [Times: user=0.02 sys=0.01, real=0.01 secs] 
78568.442: [GC 78568.442: [ParNew: 210460K->711K(235968K), 0.0056800 secs] 910406K->700701K(1546688K), 0.0059200 secs] [Times: user=0.03 sys=0.01, real=0.01 secs] 
78580.744: [GC 78580.744: [ParNew: 210503K->929K(235968K), 0.0069240 secs] 910493K->700966K(1546688K), 0.0071840 secs] [Times: user=0.04 sys=0.00, real=0.01 secs] 
78598.317: [GC 78598.317: [ParNew: 210721K->803K(235968K), 0.0055280 secs] 910758K->700882K(1546688K), 0.0058030 secs] [Times: user=0.02 sys=0.00, real=0.01 secs] 
78604.267: [GC 78604.267: [ParNew: 210595K->726K(235968K), 0.0340520 secs] 910674K->700961K(1546688K), 0.0343480 secs] [Times: user=0.06 sys=0.00, real=0.04 secs] 
78625.792: [GC 78625.793: [ParNew: 210518K->609K(235968K), 0.0088440 secs] 910753K->700888K(1546688K), 0.0091010 secs] [Times: user=0.02 sys=0.00, real=0.01 secs] 
78632.059: [GC 78632.059: [ParNew: 210401K->514K(235968K), 0.0062890 secs] 910680K->700837K(1546688K), 0.0065070 secs] [Times: user=0.02 sys=0.00, real=0.00 secs] 
78653.367: [GC 78653.367: [ParNew: 210306K->713K(235968K), 0.0065380 secs] 910629K->701086K(1546688K), 0.0068150 secs] [Times: user=0.02 sys=0.00, real=0.01 secs] 
78659.745: [GC 78659.746: [ParNew: 210438K->600K(235968K), 0.0059020 secs] 910811K->701013K(1546688K), 0.0061530 secs] [Times: user=0.02 sys=0.00, real=0.00 secs] 
78670.844: [GC 78670.845: [ParNew: 210392K->910K(235968K), 0.0078610 secs] 910805K->701360K(1546688K), 0.0080440 secs] [Times: user=0.03 sys=0.00, real=0.01 secs] 
78686.581: [GC 78686.581: [ParNew: 210669K->1092K(235968K), 0.0081950 secs] 911119K->701586K(1546688K), 0.0084800 secs] [Times: user=0.03 sys=0.00, real=0.01 secs] 
78692.737: [GC 78692.738: [ParNew: 210884K->969K(235968K), 0.0074620 secs] 911378K->701531K(1546688K), 0.0077500 secs] [Times: user=0.02 sys=0.00, real=0.00 secs] 
78713.400: [GC 78713.400: [ParNew: 210761K->942K(235968K), 0.0068310 secs] 911323K->701558K(1546688K), 0.0070540 secs] [Times: user=0.02 sys=0.00, real=0.01 secs] 
78719.778: [GC 78719.779: [ParNew: 210704K->1005K(235968K), 0.0146620 secs] 911320K->701675K(1546688K), 0.0149100 secs] [Times: user=0.05 sys=0.00, real=0.02 secs] 
78730.886: [GC 78730.887: [ParNew: 210694K->884K(235968K), 0.0110210 secs] 911364K->701609K(1546688K), 0.0113060 secs] [Times: user=0.02 sys=0.01, real=0.01 secs] 
78746.645: [GC 78746.645: [ParNew: 210655K->797K(235968K), 0.0080120 secs] 911380K->701597K(1546688K), 0.0083020 secs] [Times: user=0.03 sys=0.00, real=0.01 secs] 
78752.773: [GC 78752.773: [ParNew: 210589K->763K(235968K), 0.0065220 secs] 911389K->701772K(1546688K), 0.0067920 secs] [Times: user=0.02 sys=0.00, real=0.01 secs] 
78776.707: [GC 78776.708: [ParNew: 210555K->874K(235968K), 0.0110350 secs] 911564K->701919K(1546688K), 0.0112290 secs] [Times: user=0.03 sys=0.00, real=0.01 secs] 
78782.279: [GC 78782.279: [ParNew: 210608K->802K(235968K), 0.0054070 secs] 911653K->701883K(1546688K), 0.0056590 secs] [Times: user=0.02 sys=0.00, real=0.01 secs] 
78796.333: [GC 78796.334: [ParNew: 210541K->868K(235968K), 0.0067970 secs] 911622K->701985K(1546688K), 0.0070540 secs] [Times: user=0.02 sys=0.00, real=0.00 secs] 
78806.616: [GC 78806.617: [ParNew: 210612K->1168K(235968K), 0.0069530 secs] 911729K->702342K(1546688K), 0.0072050 secs] [Times: user=0.03 sys=0.00, real=0.01 secs] 
78812.763: [GC 78812.763: [ParNew: 210941K->933K(235968K), 0.0067010 secs] 912115K->702176K(1546688K), 0.0069460 secs] [Times: user=0.03 sys=0.00, real=0.01 secs] 
78833.422: [GC 78833.422: [ParNew: 210725K->1283K(235968K), 0.0083380 secs] 911968K->702580K(1546688K), 0.0085370 secs] [Times: user=0.02 sys=0.00, real=0.01 secs] 
78842.267: [GC 78842.268: [ParNew: 211075K->806K(235968K), 0.0057620 secs] 912372K->702159K(1546688K), 0.0060220 secs] [Times: user=0.03 sys=0.00, real=0.01 secs] 
78854.476: [GC 78854.476: [ParNew: 210598K->915K(235968K), 0.0072880 secs] 911951K->702350K(1546688K), 0.0075480 secs] [Times: user=0.03 sys=0.00, real=0.01 secs] 
78866.642: [GC 78866.642: [ParNew: 210707K->1050K(235968K), 0.0088820 secs] 912142K->702541K(1546688K), 0.0090690 secs] [Times: user=0.03 sys=0.01, real=0.01 secs] 
78872.789: [GC 78872.789: [ParNew: 210842K->960K(235968K), 0.0052280 secs] 912333K->702497K(1546688K), 0.0054890 secs] [Times: user=0.02 sys=0.00, real=0.00 secs] 
78896.726: [GC 78896.726: [ParNew: 210752K->840K(235968K), 0.0056950 secs] 912289K->702425K(1546688K), 0.0059590 secs] [Times: user=0.03 sys=0.00, real=0.00 secs] 
78902.296: [GC 78902.297: [ParNew: 210632K->786K(235968K), 0.0112870 secs] 912217K->702409K(1546688K), 0.0115630 secs] [Times: user=0.02 sys=0.00, real=0.01 secs] 
78916.358: [GC 78916.358: [ParNew: 210549K->1117K(235968K), 0.0058220 secs] 912172K->702794K(1546688K), 0.0060300 secs] [Times: user=0.03 sys=0.00, real=0.01 secs] 
78927.758: [GC 78927.759: [ParNew: 210845K->899K(235968K), 0.0086020 secs] 912522K->702620K(1546688K), 0.0087840 secs] [Times: user=0.02 sys=0.00, real=0.01 secs] 
78934.477: [GC 78934.477: [ParNew: 210691K->968K(235968K), 0.0087780 secs] 912412K->702738K(1546688K), 0.0090210 secs] [Times: user=0.03 sys=0.00, real=0.01 secs] 
78956.889: [GC 78956.889: [ParNew: 210760K->1009K(235968K), 0.0077370 secs] 912530K->702837K(1546688K), 0.0080410 secs] [Times: user=0.03 sys=0.00, real=0.01 secs] 
78962.337: [GC 78962.337: [ParNew: 210801K->864K(235968K), 0.0099220 secs] 912629K->702746K(1546688K), 0.0101590 secs] [Times: user=0.02 sys=0.00, real=0.01 secs] 
78982.380: [GC 78982.380: [ParNew: 210656K->626K(235968K), 0.0100870 secs] 912538K->702558K(1546688K), 0.0103040 secs] [Times: user=0.02 sys=0.00, real=0.01 secs] 
78988.493: [GC 78988.493: [ParNew: 210418K->1008K(235968K), 0.0076640 secs] 912350K->702983K(1546688K), 0.0078760 secs] [Times: user=0.03 sys=0.00, real=0.01 secs] 
79000.823: [GC 79000.823: [ParNew: 210800K->1413K(235968K), 0.0058630 secs] 912775K->703433K(1546688K), 0.0060760 secs] [Times: user=0.03 sys=0.00, real=0.01 secs] 
79018.387: [GC 79018.387: [ParNew: 211205K->796K(235968K), 0.0095280 secs] 913225K->702851K(1546688K), 0.0097470 secs] [Times: user=0.02 sys=0.00, real=0.01 secs] 
79024.328: [GC 79024.328: [ParNew: 210588K->1112K(235968K), 0.0080350 secs] 912643K->703217K(1546688K), 0.0082430 secs] [Times: user=0.02 sys=0.00, real=0.01 secs] 
79045.837: [GC 79045.838: [ParNew: 210828K->1105K(235968K), 0.0068420 secs] 912933K->703270K(1546688K), 0.0070600 secs] [Times: user=0.03 sys=0.00, real=0.01 secs] 
79048.703: [GC 79048.703: [ParNew: 210897K->843K(235968K), 0.0073530 secs] 913062K->703064K(1546688K), 0.0075470 secs] [Times: user=0.04 sys=0.00, real=0.00 secs] 
79060.855: [GC 79060.855: [ParNew: 210635K->1155K(235968K), 0.0066470 secs] 912856K->703427K(1546688K), 0.0068580 secs] [Times: user=0.02 sys=0.00, real=0.01 secs] 
79078.419: [GC 79078.419: [ParNew: 210947K->1029K(235968K), 0.0128650 secs] 913219K->703355K(1546688K), 0.0130790 secs] [Times: user=0.02 sys=0.00, real=0.01 secs] 
79084.361: [GC 79084.361: [ParNew: 210798K->616K(235968K), 0.0236870 secs] 913124K->702997K(1546688K), 0.0239520 secs] [Times: user=0.02 sys=0.00, real=0.02 secs] 
79105.872: [GC 79105.872: [ParNew: 210408K->922K(235968K), 0.0081280 secs] 912789K->703346K(1546688K), 0.0084140 secs] [Times: user=0.02 sys=0.00, real=0.01 secs] 
79112.153: [GC 79112.153: [ParNew: 210714K->889K(235968K), 0.0094340 secs] 913138K->703360K(1546688K), 0.0096640 secs] [Times: user=0.03 sys=0.00, real=0.01 secs] 
79120.885: [GC 79120.885: [ParNew: 210627K->1070K(235968K), 0.0062350 secs] 913098K->703605K(1546688K), 0.0065130 secs] [Times: user=0.03 sys=0.00, real=0.01 secs] 
79139.819: [GC 79139.819: [ParNew: 210862K->1210K(235968K), 0.0067790 secs] 913397K->703793K(1546688K), 0.0070280 secs] [Times: user=0.03 sys=0.00, real=0.00 secs] 
79150.952: [GC 79150.952: [ParNew: 211002K->1284K(235968K), 0.0088900 secs] 913585K->703926K(1546688K), 0.0091020 secs] [Times: user=0.03 sys=0.00, real=0.01 secs] 
79166.648: [GC 79166.648: [ParNew: 211076K->775K(235968K), 0.0108670 secs] 913718K->703522K(1546688K), 0.0111790 secs] [Times: user=0.02 sys=0.00, real=0.01 secs] 
79172.175: [GC 79172.175: [ParNew: 210554K->804K(235968K), 0.0093450 secs] 913301K->703595K(1546688K), 0.0095530 secs] [Times: user=0.02 sys=0.00, real=0.01 secs] 
79183.350: [GC 79183.350: [ParNew: 210596K->1108K(235968K), 0.0087580 secs] 913387K->703960K(1546688K), 0.0089460 secs] [Times: user=0.02 sys=0.00, real=0.01 secs] 
79198.455: [GC 79198.455: [ParNew: 210900K->1107K(235968K), 0.0080910 secs] 913752K->704018K(1546688K), 0.0082890 secs] [Times: user=0.03 sys=0.00, real=0.01 secs] 
79204.360: [GC 79204.360: [ParNew: 210899K->1597K(235968K), 0.0063430 secs] 913810K->704575K(1546688K), 0.0065900 secs] [Times: user=0.02 sys=0.01, real=0.00 secs] 
79217.975: [GC 79217.975: [ParNew: 211389K->1571K(235968K), 0.0091870 secs] 914367K->704599K(1546688K), 0.0093510 secs] [Times: user=0.04 sys=0.00, real=0.00 secs] 
79227.801: [GC 79227.802: [ParNew: 211363K->2482K(235968K), 0.0140930 secs] 914391K->705561K(1546688K), 0.0142780 secs] [Times: user=0.03 sys=0.00, real=0.02 secs] 
79234.504: [GC 79234.504: [ParNew: 212274K->2377K(235968K), 0.0076350 secs] 915353K->705507K(1546688K), 0.0078850 secs] [Times: user=0.03 sys=0.00, real=0.01 secs] 
79256.936: [GC 79256.936: [ParNew: 212137K->913K(235968K), 0.0079800 secs] 915267K->704667K(1546688K), 0.0082490 secs] [Times: user=0.03 sys=0.00, real=0.01 secs] 
79262.383: [GC 79262.383: [ParNew: 210627K->1224K(235968K), 0.0061010 secs] 914381K->705065K(1546688K), 0.0063720 secs] [Times: user=0.02 sys=0.01, real=0.01 secs] 
79276.453: [GC 79276.454: [ParNew: 210963K->871K(235968K), 0.0119050 secs] 914803K->704890K(1546688K), 0.0121650 secs] [Times: user=0.03 sys=0.00, real=0.02 secs] 
79287.809: [GC 79287.809: [ParNew: 210663K->913K(235968K), 0.0090120 secs] 914682K->704988K(1546688K), 0.0092740 secs] [Times: user=0.02 sys=0.00, real=0.01 secs] 
79294.519: [GC 79294.519: [ParNew: 210631K->1233K(235968K), 0.0051910 secs] 914707K->705380K(1546688K), 0.0054700 secs] [Times: user=0.03 sys=0.01, real=0.01 secs] 
79318.430: [GC 79318.430: [ParNew: 211025K->897K(235968K), 0.0087110 secs] 915172K->705097K(1546688K), 0.0089530 secs] [Times: user=0.02 sys=0.00, real=0.01 secs] 
79324.361: [GC 79324.361: [ParNew: 210673K->848K(235968K), 0.0073520 secs] 914874K->705102K(1546688K), 0.0076140 secs] [Times: user=0.03 sys=0.00, real=0.01 secs] 
79336.471: [GC 79336.471: [ParNew: 210640K->629K(235968K), 0.0056060 secs] 914894K->705058K(1546688K), 0.0058790 secs] [Times: user=0.02 sys=0.01, real=0.01 secs] 
79348.529: [GC 79348.529: [ParNew: 210421K->758K(235968K), 0.0070850 secs] 914850K->705233K(1546688K), 0.0073290 secs] [Times: user=0.02 sys=0.00, real=0.01 secs] 
79360.889: [GC 79360.890: [ParNew: 210485K->920K(235968K), 0.0057910 secs] 914959K->705453K(1546688K), 0.0060590 secs] [Times: user=0.03 sys=0.00, real=0.01 secs] 
79378.454: [GC 79378.455: [ParNew: 210712K->1170K(235968K), 0.0074650 secs] 915245K->705751K(1546688K), 0.0077220 secs] [Times: user=0.03 sys=0.00, real=0.01 secs] 
79384.379: [GC 79384.380: [ParNew: 210962K->1430K(235968K), 0.0072600 secs] 915543K->706061K(1546688K), 0.0075520 secs] [Times: user=0.04 sys=0.01, real=0.00 secs] 
79396.468: [GC 79396.469: [ParNew: 211209K->954K(235968K), 0.0081730 secs] 915840K->705648K(1546688K), 0.0084640 secs] [Times: user=0.02 sys=0.00, real=0.01 secs] 
79407.827: [GC 79407.827: [ParNew: 210695K->1341K(235968K), 0.0066250 secs] 915388K->706107K(1546688K), 0.0069180 secs] [Times: user=0.03 sys=0.00, real=0.00 secs] 
79414.523: [GC 79414.523: [ParNew: 211105K->1288K(235968K), 0.0065710 secs] 915870K->706121K(1546688K), 0.0068500 secs] [Times: user=0.03 sys=0.01, real=0.01 secs] 
79436.955: [GC 79436.955: [ParNew: 210966K->1063K(235968K), 0.0086060 secs] 915799K->705943K(1546688K), 0.0088620 secs] [Times: user=0.02 sys=0.00, real=0.01 secs] 
79442.401: [GC 79442.401: [ParNew: 210855K->1201K(235968K), 0.0053880 secs] 915735K->706182K(1546688K), 0.0056040 secs] [Times: user=0.03 sys=0.01, real=0.00 secs] 
79456.583: [GC 79456.583: [ParNew: 210993K->958K(235968K), 0.0043760 secs] 915974K->705989K(1546688K), 0.0046680 secs] [Times: user=0.03 sys=0.00, real=0.01 secs] 
79467.832: [GC 79467.832: [ParNew: 210738K->1274K(235968K), 0.0041940 secs] 915768K->706361K(1546688K), 0.0044840 secs] [Times: user=0.03 sys=0.00, real=0.01 secs] 
79474.536: [GC 79474.536: [ParNew: 211066K->1189K(235968K), 0.0041630 secs] 916153K->706347K(1546688K), 0.0046000 secs] [Times: user=0.02 sys=0.00, real=0.00 secs] 
79496.977: [GC 79496.977: [ParNew: 210981K->758K(235968K), 0.0042570 secs] 916139K->705971K(1546688K), 0.0045230 secs] [Times: user=0.02 sys=0.00, real=0.01 secs] 
79502.424: [GC 79502.424: [ParNew: 210550K->1084K(235968K), 0.0044380 secs] 915763K->706362K(1546688K), 0.0047170 secs] [Times: user=0.02 sys=0.00, real=0.00 secs] 
79516.601: [GC 79516.601: [ParNew: 210876K->820K(235968K), 0.0049680 secs] 916154K->706252K(1546688K), 0.0052480 secs] [Times: user=0.03 sys=0.00, real=0.00 secs] 
79527.841: [GC 79527.841: [ParNew: 210612K->1097K(235968K), 0.0050150 secs] 916044K->706585K(1546688K), 0.0052810 secs] [Times: user=0.03 sys=0.00, real=0.01 secs] 
79534.552: [GC 79534.552: [ParNew: 210889K->904K(235968K), 0.0042240 secs] 916377K->706452K(1546688K), 0.0044740 secs] [Times: user=0.03 sys=0.00, real=0.01 secs] 
79556.995: [GC 79556.996: [ParNew: 210696K->901K(235968K), 0.0044800 secs] 916244K->706508K(1546688K), 0.0047410 secs] [Times: user=0.03 sys=0.00, real=0.00 secs] 
79564.404: [GC 79564.404: [ParNew: 210693K->1075K(235968K), 0.0043800 secs] 916300K->706739K(1546688K), 0.0046430 secs] [Times: user=0.04 sys=0.00, real=0.00 secs] 
79585.929: [GC 79585.929: [ParNew: 210867K->837K(235968K), 0.0069210 secs] 916531K->706545K(1546688K), 0.0071640 secs] [Times: user=0.03 sys=0.00, real=0.00 secs] 
79588.576: [GC 79588.577: [ParNew: 210589K->839K(235968K), 0.0072460 secs] 916298K->706592K(1546688K), 0.0074200 secs] [Times: user=0.03 sys=0.00, real=0.01 secs] 
79600.974: [GC 79600.974: [ParNew: 210629K->641K(235968K), 0.0073960 secs] 916382K->706436K(1546688K), 0.0076860 secs] [Times: user=0.03 sys=0.00, real=0.01 secs] 
79618.522: [GC 79618.523: [ParNew: 210433K->878K(235968K), 0.0080540 secs] 916228K->706714K(1546688K), 0.0082420 secs] [Times: user=0.04 sys=0.00, real=0.00 secs] 
79624.433: [GC 79624.433: [ParNew: 210651K->1116K(235968K), 0.0047490 secs] 916487K->706994K(1546688K), 0.0050180 secs] [Times: user=0.02 sys=0.00, real=0.00 secs] 
79645.945: [GC 79645.946: [ParNew: 210892K->1457K(235968K), 0.0061200 secs] 916771K->707391K(1546688K), 0.0063380 secs] [Times: user=0.03 sys=0.00, real=0.01 secs] 
79648.581: [GC 79648.581: [ParNew: 211249K->1142K(235968K), 0.0048940 secs] 917183K->707149K(1546688K), 0.0050940 secs] [Times: user=0.03 sys=0.00, real=0.00 secs] 
79660.985: [GC 79660.985: [ParNew: 210903K->793K(235968K), 0.0085300 secs] 916910K->706850K(1546688K), 0.0087440 secs] [Times: user=0.02 sys=0.00, real=0.01 secs] 
79678.538: [GC 79678.539: [ParNew: 210585K->643K(235968K), 0.0152040 secs] 916642K->706759K(1546688K), 0.0154220 secs] [Times: user=0.04 sys=0.00, real=0.02 secs] 
79684.465: [GC 79684.466: [ParNew: 210435K->921K(235968K), 0.0069130 secs] 916551K->707126K(1546688K), 0.0071240 secs] [Times: user=0.03 sys=0.01, real=0.01 secs] 
79705.972: [GC 79705.972: [ParNew: 210663K->1139K(235968K), 0.0051950 secs] 916869K->707389K(1546688K), 0.0054770 secs] [Times: user=0.02 sys=0.00, real=0.00 secs] 
79712.258: [GC 79712.258: [ParNew: 210870K->974K(235968K), 0.0068360 secs] 917120K->707280K(1546688K), 0.0070200 secs] [Times: user=0.02 sys=0.01, real=0.00 secs] 
79721.014: [GC 79721.014: [ParNew: 210717K->771K(235968K), 0.0091630 secs] 917023K->707218K(1546688K), 0.0093920 secs] [Times: user=0.03 sys=0.00, real=0.01 secs] 
79739.924: [GC 79739.924: [ParNew: 210563K->1054K(235968K), 0.0060620 secs] 917010K->707555K(1546688K), 0.0062870 secs] [Times: user=0.02 sys=0.00, real=0.00 secs] 
79750.727: [GC 79750.728: [ParNew: 210846K->685K(235968K), 0.0067080 secs] 917347K->707251K(1546688K), 0.0069990 secs] [Times: user=0.02 sys=0.00, real=0.01 secs] 
79765.962: [GC 79765.962: [ParNew: 210477K->979K(235968K), 0.0200250 secs] 917043K->707595K(1546688K), 0.0203020 secs] [Times: user=0.03 sys=0.00, real=0.02 secs] 
79768.595: [GC 79768.595: [ParNew: 210771K->1215K(235968K), 0.0066360 secs] 917387K->707899K(1546688K), 0.0068690 secs] [Times: user=0.02 sys=0.00, real=0.01 secs] 
79781.015: [GC 79781.015: [ParNew: 210952K->798K(235968K), 0.0051720 secs] 917636K->707536K(1546688K), 0.0054420 secs] [Times: user=0.03 sys=0.00, real=0.01 secs] 
79798.558: [GC 79798.558: [ParNew: 210590K->940K(235968K), 0.0054650 secs] 917328K->707730K(1546688K), 0.0057280 secs] [Times: user=0.02 sys=0.01, real=0.01 secs] 
79804.472: [GC 79804.472: [ParNew: 210732K->1003K(235968K), 0.0080190 secs] 917522K->707879K(1546688K), 0.0083050 secs] [Times: user=0.02 sys=0.00, real=0.01 secs] 
79825.980: [GC 79825.981: [ParNew: 210683K->710K(235968K), 0.0065220 secs] 917560K->707637K(1546688K), 0.0067830 secs] [Times: user=0.03 sys=0.00, real=0.00 secs] 
79828.607: [GC 79828.607: [ParNew: 210502K->783K(235968K), 0.0060830 secs] 917429K->707772K(1546688K), 0.0063520 secs] [Times: user=0.03 sys=0.00, real=0.01 secs] 
79841.002: [GC 79841.002: [ParNew: 210575K->707K(235968K), 0.0218370 secs] 917564K->707745K(1546688K), 0.0220180 secs] [Times: user=0.08 sys=0.00, real=0.02 secs] 
79858.554: [GC 79858.554: [ParNew: 210499K->1302K(235968K), 0.0077250 secs] 917537K->708398K(1546688K), 0.0080080 secs] [Times: user=0.03 sys=0.00, real=0.01 secs] 
79864.464: [GC 79864.464: [ParNew: 211094K->1251K(235968K), 0.0055370 secs] 918190K->708410K(1546688K), 0.0058110 secs] [Times: user=0.03 sys=0.00, real=0.00 secs] 
79877.350: [GC 79877.351: [ParNew: 211043K->648K(235968K), 0.0128490 secs] 918202K->707968K(1546688K), 0.0130910 secs] [Times: user=0.04 sys=0.00, real=0.02 secs] 
79888.606: [GC 79888.607: [ParNew: 210440K->994K(235968K), 0.0059070 secs] 917760K->708375K(1546688K), 0.0061830 secs] [Times: user=0.03 sys=0.01, real=0.01 secs] 
79901.030: [GC 79901.030: [ParNew: 210786K->852K(235968K), 0.0051880 secs] 918167K->708289K(1546688K), 0.0054640 secs] [Times: user=0.03 sys=0.00, real=0.00 secs] 
79918.565: [GC 79918.565: [ParNew: 210644K->1145K(235968K), 0.0053990 secs] 918081K->708631K(1546688K), 0.0056390 secs] [Times: user=0.03 sys=0.00, real=0.00 secs] 
79924.478: [GC 79924.478: [ParNew: 210879K->1249K(235968K), 0.0049060 secs] 918365K->708789K(1546688K), 0.0052010 secs] [Times: user=0.03 sys=0.00, real=0.00 secs] 
79946.002: [GC 79946.002: [ParNew: 211041K->1107K(235968K), 0.0053880 secs] 918581K->708703K(1546688K), 0.0056540 secs] [Times: user=0.03 sys=0.00, real=0.00 secs] 
79948.629: [GC 79948.629: [ParNew: 210878K->1070K(235968K), 0.0056590 secs] 918475K->708717K(1546688K), 0.0059170 secs] [Times: user=0.03 sys=0.00, real=0.01 secs] 
79961.059: [GC 79961.060: [ParNew: 210862K->855K(235968K), 0.0055990 secs] 918509K->708559K(1546688K), 0.0058840 secs] [Times: user=0.03 sys=0.00, real=0.00 secs] 
79978.601: [GC 79978.601: [ParNew: 210647K->766K(235968K), 0.0079340 secs] 918351K->708626K(1546688K), 0.0081480 secs] [Times: user=0.02 sys=0.00, real=0.01 secs] 
79984.520: [GC 79984.520: [ParNew: 210532K->1045K(235968K), 0.0055860 secs] 918392K->708961K(1546688K), 0.0057900 secs] [Times: user=0.03 sys=0.00, real=0.01 secs] 
80006.035: [GC 80006.035: [ParNew: 210837K->708K(235968K), 0.0079190 secs] 918753K->708667K(1546688K), 0.0082050 secs] [Times: user=0.02 sys=0.00, real=0.01 secs] 
80012.441: [GC 80012.441: [ParNew: 210500K->901K(235968K), 0.0059270 secs] 918459K->708911K(1546688K), 0.0061400 secs] [Times: user=0.02 sys=0.00, real=0.00 secs] 
80021.086: [GC 80021.086: [ParNew: 210661K->1069K(235968K), 0.0078390 secs] 918670K->709128K(1546688K), 0.0080400 secs] [Times: user=0.03 sys=0.00, real=0.01 secs] 
80038.619: [GC 80038.619: [ParNew: 210811K->881K(235968K), 0.0052000 secs] 918869K->709000K(1546688K), 0.0054830 secs] [Times: user=0.03 sys=0.01, real=0.00 secs] 
80044.523: [GC 80044.523: [ParNew: 210673K->1236K(235968K), 0.0052480 secs] 918792K->709421K(1546688K), 0.0054560 secs] [Times: user=0.03 sys=0.00, real=0.01 secs] 
80066.046: [GC 80066.046: [ParNew: 211028K->1158K(235968K), 0.0066550 secs] 919213K->709406K(1546688K), 0.0069310 secs] [Times: user=0.02 sys=0.00, real=0.01 secs] 
80072.458: [GC 80072.458: [ParNew: 210918K->1292K(235968K), 0.0054100 secs] 919165K->709584K(1546688K), 0.0056860 secs] [Times: user=0.03 sys=0.00, real=0.01 secs] 
80085.389: [GC 80085.389: [ParNew: 211084K->672K(235968K), 0.0053580 secs] 919376K->709116K(1546688K), 0.0056750 secs] [Times: user=0.02 sys=0.00, real=0.00 secs] 
80100.002: [GC 80100.002: [ParNew: 210417K->1013K(235968K), 0.0177540 secs] 918861K->709537K(1546688K), 0.0179380 secs] [Times: user=0.05 sys=0.00, real=0.02 secs] 
80111.170: [GC 80111.170: [ParNew: 210720K->1059K(235968K), 0.0096490 secs] 919245K->709644K(1546688K), 0.0098350 secs] [Times: user=0.02 sys=0.00, real=0.01 secs] 
80126.902: [GC 80126.902: [ParNew: 210851K->1073K(235968K), 0.0121240 secs] 919436K->709715K(1546688K), 0.0124590 secs] [Times: user=0.04 sys=0.00, real=0.01 secs] 
80132.492: [GC 80132.493: [ParNew: 210865K->652K(235968K), 0.0058130 secs] 919507K->709338K(1546688K), 0.0060650 secs] [Times: user=0.02 sys=0.00, real=0.00 secs] 
80153.582: [GC 80153.582: [ParNew: 210444K->779K(235968K), 0.0069040 secs] 919130K->709528K(1546688K), 0.0071190 secs] [Times: user=0.02 sys=0.00, real=0.01 secs] 
80160.030: [GC 80160.030: [ParNew: 210571K->827K(235968K), 0.0072520 secs] 919320K->709639K(1546688K), 0.0074570 secs] [Times: user=0.03 sys=0.00, real=0.01 secs] 
80171.206: [GC 80171.206: [ParNew: 210619K->979K(235968K), 0.0051450 secs] 919431K->709845K(1546688K), 0.0053560 secs] [Times: user=0.03 sys=0.00, real=0.00 secs] 
80186.926: [GC 80186.927: [ParNew: 210771K->1042K(235968K), 0.0099970 secs] 919637K->709951K(1546688K), 0.0103100 secs] [Times: user=0.04 sys=0.00, real=0.01 secs] 
80192.948: [GC 80192.948: [ParNew: 210834K->695K(235968K), 0.0066240 secs] 919743K->709765K(1546688K), 0.0069020 secs] [Times: user=0.03 sys=0.00, real=0.01 secs] 
80213.613: [GC 80213.613: [ParNew: 210487K->1295K(235968K), 0.0046850 secs] 919557K->710419K(1546688K), 0.0049720 secs] [Times: user=0.03 sys=0.00, real=0.00 secs] 
80222.511: [GC 80222.511: [ParNew: 211087K->1276K(235968K), 0.0050130 secs] 920211K->710477K(1546688K), 0.0052970 secs] [Times: user=0.03 sys=0.00, real=0.00 secs] 
80236.714: [GC 80236.714: [ParNew: 211068K->1160K(235968K), 0.0057320 secs] 920269K->710414K(1546688K), 0.0059240 secs] [Times: user=0.02 sys=0.00, real=0.01 secs] 
80246.999: [GC 80246.999: [ParNew: 210900K->1123K(235968K), 0.0081620 secs] 920154K->710433K(1546688K), 0.0083560 secs] [Times: user=0.03 sys=0.00, real=0.01 secs] 
80252.976: [GC 80252.977: [ParNew: 210915K->664K(235968K), 0.0052420 secs] 920225K->710294K(1546688K), 0.0055100 secs] [Times: user=0.03 sys=0.00, real=0.01 secs] 
80277.109: [GC 80277.109: [ParNew: 210456K->1007K(235968K), 0.0071920 secs] 920086K->710679K(1546688K), 0.0074980 secs] [Times: user=0.03 sys=0.00, real=0.00 secs] 
80282.544: [GC 80282.544: [ParNew: 210794K->1025K(235968K), 0.0043180 secs] 920466K->710738K(1546688K), 0.0045760 secs] [Times: user=0.03 sys=0.01, real=0.01 secs] 
80296.737: [GC 80296.737: [ParNew: 210805K->1145K(235968K), 0.0043220 secs] 920518K->710901K(1546688K), 0.0045790 secs] [Times: user=0.03 sys=0.00, real=0.00 secs] 
80307.936: [GC 80307.936: [ParNew: 210828K->1073K(235968K), 0.0040940 secs] 920584K->710873K(1546688K), 0.0043640 secs] [Times: user=0.03 sys=0.00, real=0.00 secs] 
80314.652: [GC 80314.652: [ParNew: 210809K->1115K(235968K), 0.0074690 secs] 920608K->710977K(1546688K), 0.0077180 secs] [Times: user=0.03 sys=0.00, real=0.01 secs] 
80337.129: [GC 80337.129: [ParNew: 210907K->1058K(235968K), 0.0056820 secs] 920769K->710974K(1546688K), 0.0059730 secs] [Times: user=0.03 sys=0.00, real=0.00 secs] 
80342.562: [GC 80342.562: [ParNew: 210850K->909K(235968K), 0.0052220 secs] 920766K->710881K(1546688K), 0.0054960 secs] [Times: user=0.03 sys=0.00, real=0.00 secs] 
80356.764: [GC 80356.764: [ParNew: 210701K->1227K(235968K), 0.0075670 secs] 920673K->711248K(1546688K), 0.0078080 secs] [Times: user=0.02 sys=0.00, real=0.01 secs] 
80368.656: [GC 80368.656: [ParNew: 211019K->1035K(235968K), 0.0055400 secs] 921040K->711113K(1546688K), 0.0058000 secs] [Times: user=0.03 sys=0.00, real=0.00 secs] 
80374.672: [GC 80374.672: [ParNew: 210755K->951K(235968K), 0.0051520 secs] 920833K->711095K(1546688K), 0.0054260 secs] [Times: user=0.03 sys=0.00, real=0.01 secs] 
80398.651: [GC 80398.651: [ParNew: 210743K->1093K(235968K), 0.0093920 secs] 920887K->711302K(1546688K), 0.0096500 secs] [Times: user=0.02 sys=0.01, real=0.01 secs] 
80404.564: [GC 80404.565: [ParNew: 210885K->1267K(235968K), 0.0070470 secs] 921094K->711519K(1546688K), 0.0072450 secs] [Times: user=0.02 sys=0.00, real=0.01 secs] 
80426.082: [GC 80426.082: [ParNew: 211059K->1633K(235968K), 0.0060900 secs] 921311K->711939K(1546688K), 0.0063660 secs] [Times: user=0.03 sys=0.00, real=0.01 secs] 
80428.684: [GC 80428.684: [ParNew: 211407K->1639K(235968K), 0.0049870 secs] 921713K->711995K(1546688K), 0.0051970 secs] [Times: user=0.02 sys=0.00, real=0.01 secs] 
80441.142: [GC 80441.143: [ParNew: 211431K->2488K(235968K), 0.0068060 secs] 921787K->712895K(1546688K), 0.0070890 secs] [Times: user=0.04 sys=0.00, real=0.01 secs] 
80458.669: [GC 80458.669: [ParNew: 212280K->1514K(235968K), 0.0078110 secs] 922687K->712076K(1546688K), 0.0080690 secs] [Times: user=0.03 sys=0.00, real=0.01 secs] 
80464.583: [GC 80464.583: [ParNew: 211271K->1742K(235968K), 0.0080240 secs] 921833K->712422K(1546688K), 0.0083040 secs] [Times: user=0.03 sys=0.00, real=0.01 secs] 
80486.120: [GC 80486.120: [ParNew: 211534K->1878K(235968K), 0.0072330 secs] 922214K->712601K(1546688K), 0.0074640 secs] [Times: user=0.03 sys=0.00, real=0.01 secs] 
80492.529: [GC 80492.530: [ParNew: 211670K->1578K(235968K), 0.0113340 secs] 922393K->712661K(1546688K), 0.0115590 secs] [Times: user=0.03 sys=0.00, real=0.01 secs] 
80501.185: [GC 80501.185: [ParNew: 211370K->1011K(235968K), 0.0092670 secs] 922453K->712187K(1546688K), 0.0094750 secs] [Times: user=0.02 sys=0.00, real=0.01 secs] 
80520.063: [GC 80520.064: [ParNew: 210803K->751K(235968K), 0.0050840 secs] 921979K->712088K(1546688K), 0.0055040 secs] [Times: user=0.03 sys=0.00, real=0.00 secs] 
80531.390: [GC 80531.391: [ParNew: 210543K->943K(235968K), 0.0129500 secs] 921880K->712329K(1546688K), 0.0132990 secs] [Times: user=0.04 sys=0.00, real=0.01 secs] 
80546.986: [GC 80546.986: [ParNew: 210690K->728K(235968K), 0.0119590 secs] 922076K->712162K(1546688K), 0.0122060 secs] [Times: user=0.04 sys=0.00, real=0.02 secs] 
80552.566: [GC 80552.566: [ParNew: 210520K->861K(235968K), 0.0084800 secs] 921954K->712343K(1546688K), 0.0086940 secs] [Times: user=0.02 sys=0.00, real=0.00 secs] 
80573.626: [GC 80573.627: [ParNew: 210641K->799K(235968K), 0.0062510 secs] 922123K->712342K(1546688K), 0.0065280 secs] [Times: user=0.02 sys=0.01, real=0.01 secs] 
80580.091: [GC 80580.091: [ParNew: 210591K->1010K(235968K), 0.0068460 secs] 922134K->712593K(1546688K), 0.0071290 secs] [Times: user=0.03 sys=0.01, real=0.00 secs] 
80591.417: [GC 80591.418: [ParNew: 210802K->1069K(235968K), 0.0065390 secs] 922385K->712704K(1546688K), 0.0067620 secs] [Times: user=0.03 sys=0.00, real=0.01 secs] 
80607.038: [GC 80607.039: [ParNew: 210845K->647K(235968K), 0.0132140 secs] 922480K->712329K(1546688K), 0.0135580 secs] [Times: user=0.02 sys=0.01, real=0.01 secs] 
80612.992: [GC 80612.992: [ParNew: 210439K->801K(235968K), 0.0085370 secs] 922121K->712539K(1546688K), 0.0087370 secs] [Times: user=0.03 sys=0.00, real=0.01 secs] 
80633.648: [GC 80633.648: [ParNew: 210593K->1083K(235968K), 0.0068600 secs] 922331K->712886K(1546688K), 0.0070910 secs] [Times: user=0.03 sys=0.00, real=0.01 secs] 
80640.109: [GC 80640.109: [ParNew: 210875K->1139K(235968K), 0.0051150 secs] 922678K->712996K(1546688K), 0.0054020 secs] [Times: user=0.03 sys=0.00, real=0.01 secs] 
80651.446: [GC 80651.446: [ParNew: 210910K->969K(235968K), 0.0056510 secs] 922767K->712892K(1546688K), 0.0058560 secs] [Times: user=0.03 sys=0.00, real=0.01 secs] 
80667.013: [GC 80667.013: [ParNew: 210711K->801K(235968K), 0.0194670 secs] 922633K->712883K(1546688K), 0.0197440 secs] [Times: user=0.04 sys=0.00, real=0.02 secs] 
80672.581: [GC 80672.582: [ParNew: 210593K->1140K(235968K), 0.0103720 secs] 922675K->713358K(1546688K), 0.0106460 secs] [Times: user=0.03 sys=0.00, real=0.01 secs] 
80693.650: [GC 80693.650: [ParNew: 210932K->814K(235968K), 0.0086310 secs] 923150K->713086K(1546688K), 0.0088540 secs] [Times: user=0.02 sys=0.00, real=0.01 secs] 
80700.113: [GC 80700.113: [ParNew: 210500K->812K(235968K), 0.0075810 secs] 922772K->713138K(1546688K), 0.0078130 secs] [Times: user=0.02 sys=0.00, real=0.00 secs] 
80711.444: [GC 80711.444: [ParNew: 210595K->1095K(235968K), 0.0059890 secs] 922920K->713474K(1546688K), 0.0062860 secs] [Times: user=0.03 sys=0.00, real=0.01 secs] 
80727.063: [GC 80727.063: [ParNew: 210887K->901K(235968K), 0.0103510 secs] 923266K->713323K(1546688K), 0.0106990 secs] [Times: user=0.03 sys=0.00, real=0.01 secs] 
80732.603: [GC 80732.603: [ParNew: 210675K->876K(235968K), 0.0059850 secs] 923097K->713356K(1546688K), 0.0062590 secs] [Times: user=0.03 sys=0.00, real=0.01 secs] 
80753.666: [GC 80753.666: [ParNew: 210668K->830K(235968K), 0.0084920 secs] 923148K->713466K(1546688K), 0.0087100 secs] [Times: user=0.03 sys=0.00, real=0.01 secs] 
80760.120: [GC 80760.120: [ParNew: 210622K->1082K(235968K), 0.0056380 secs] 923258K->713776K(1546688K), 0.0059190 secs] [Times: user=0.02 sys=0.00, real=0.01 secs] 
80771.445: [GC 80771.446: [ParNew: 210874K->948K(235968K), 0.0092060 secs] 923568K->713712K(1546688K), 0.0094260 secs] [Times: user=0.03 sys=0.00, real=0.01 secs] 
80787.063: [GC 80787.063: [ParNew: 210740K->1247K(235968K), 0.0216290 secs] 923504K->714065K(1546688K), 0.0219280 secs] [Times: user=0.05 sys=0.00, real=0.02 secs] 
80792.614: [GC 80792.614: [ParNew: 211039K->939K(235968K), 0.0061180 secs] 923857K->713835K(1546688K), 0.0063940 secs] [Times: user=0.03 sys=0.00, real=0.01 secs] 
80813.657: [GC 80813.657: [ParNew: 210731K->1261K(235968K), 0.0082370 secs] 923627K->714215K(1546688K), 0.0084540 secs] [Times: user=0.03 sys=0.00, real=0.01 secs] 
80820.134: [GC 80820.134: [ParNew: 211020K->1394K(235968K), 0.0074290 secs] 923974K->714402K(1546688K), 0.0076430 secs] [Times: user=0.02 sys=0.00, real=0.00 secs] 
80831.450: [GC 80831.450: [ParNew: 211186K->1315K(235968K), 0.0131890 secs] 924194K->714371K(1546688K), 0.0134470 secs] [Times: user=0.03 sys=0.00, real=0.02 secs] 
80846.206: [GC 80846.206: [ParNew: 211107K->1075K(235968K), 0.0143810 secs] 924163K->714181K(1546688K), 0.0145770 secs] [Times: user=0.03 sys=0.00, real=0.02 secs] 
80852.603: [GC 80852.603: [ParNew: 210853K->1163K(235968K), 0.0075180 secs] 923960K->714512K(1546688K), 0.0078040 secs] [Times: user=0.03 sys=0.00, real=0.01 secs] 
80861.264: [GC 80861.264: [ParNew: 210944K->1108K(235968K), 0.0070920 secs] 924294K->714510K(1546688K), 0.0073670 secs] [Times: user=0.03 sys=0.00, real=0.01 secs] 
80879.880: [GC 80879.880: [ParNew: 210900K->693K(235968K), 0.0126690 secs] 924302K->714143K(1546688K), 0.0129910 secs] [Times: user=0.03 sys=0.00, real=0.01 secs] 
80891.457: [GC 80891.457: [ParNew: 210485K->966K(235968K), 0.0072660 secs] 923935K->714473K(1546688K), 0.0075000 secs] [Times: user=0.02 sys=0.00, real=0.01 secs] 
80907.077: [GC 80907.078: [ParNew: 210757K->896K(235968K), 0.0421470 secs] 924265K->714621K(1546688K), 0.0424580 secs] [Times: user=0.06 sys=0.00, real=0.05 secs] 
80912.629: [GC 80912.629: [ParNew: 210648K->884K(235968K), 0.0062090 secs] 924373K->714664K(1546688K), 0.0064200 secs] [Times: user=0.02 sys=0.00, real=0.00 secs] 
80927.392: [GC 80927.392: [ParNew: 210676K->655K(235968K), 0.0078950 secs] 924456K->714494K(1546688K), 0.0081080 secs] [Times: user=0.03 sys=0.00, real=0.01 secs] 
80940.151: [GC 80940.151: [ParNew: 210447K->831K(235968K), 0.0070160 secs] 924286K->714721K(1546688K), 0.0072320 secs] [Times: user=0.03 sys=0.00, real=0.01 secs] 
80951.482: [GC 80951.482: [ParNew: 210623K->971K(235968K), 0.0061770 secs] 924513K->714910K(1546688K), 0.0064650 secs] [Times: user=0.03 sys=0.00, real=0.01 secs] 
80967.109: [GC 80967.109: [ParNew: 210763K->1038K(235968K), 0.0135110 secs] 924702K->715026K(1546688K), 0.0138260 secs] [Times: user=0.04 sys=0.00, real=0.02 secs] 
80973.045: [GC 80973.045: [ParNew: 210830K->801K(235968K), 0.0108970 secs] 924818K->714874K(1546688K), 0.0110940 secs] [Times: user=0.04 sys=0.00, real=0.01 secs] 
80993.702: [GC 80993.703: [ParNew: 210481K->1231K(235968K), 0.0116410 secs] 924554K->715358K(1546688K), 0.0119760 secs] [Times: user=0.04 sys=0.00, real=0.01 secs] 
81000.180: [GC 81000.180: [ParNew: 211023K->1060K(235968K), 0.0068120 secs] 925150K->715242K(1546688K), 0.0070470 secs] [Times: user=0.02 sys=0.00, real=0.01 secs] 
81011.519: [GC 81011.520: [ParNew: 210739K->1273K(235968K), 0.0072010 secs] 924922K->715510K(1546688K), 0.0079790 secs] [Times: user=0.02 sys=0.00, real=0.01 secs] 
81027.149: [GC 81027.149: [ParNew: 211034K->1318K(235968K), 0.0064080 secs] 925271K->715612K(1546688K), 0.0066340 secs] [Times: user=0.03 sys=0.00, real=0.01 secs] 
81033.068: [GC 81033.068: [ParNew: 211076K->1441K(235968K), 0.0074280 secs] 925370K->715962K(1546688K), 0.0076900 secs] [Times: user=0.03 sys=0.00, real=0.01 secs] 
81057.233: [GC 81057.233: [ParNew: 211181K->1257K(235968K), 0.0043030 secs] 925702K->715832K(1546688K), 0.0045860 secs] [Times: user=0.03 sys=0.00, real=0.01 secs] 
81060.332: [GC 81060.332: [ParNew: 211011K->934K(235968K), 0.0056990 secs] 925586K->715566K(1546688K), 0.0059710 secs] [Times: user=0.03 sys=0.00, real=0.01 secs] 
81071.526: [GC 81071.526: [ParNew: 210726K->1268K(235968K), 0.0073790 secs] 925358K->715973K(1546688K), 0.0076700 secs] [Times: user=0.03 sys=0.01, real=0.01 secs] 
81087.140: [GC 81087.140: [ParNew: 211060K->2000K(235968K), 0.0218080 secs] 925765K->716762K(1546688K), 0.0221440 secs] [Times: user=0.03 sys=0.00, real=0.03 secs] 
81092.672: [GC 81092.672: [ParNew: 211792K->1227K(235968K), 0.0080620 secs] 926554K->716181K(1546688K), 0.0083390 secs] [Times: user=0.02 sys=0.00, real=0.01 secs] 
81113.701: [GC 81113.701: [ParNew: 211019K->1870K(235968K), 0.0076760 secs] 925973K->716872K(1546688K), 0.0078930 secs] [Times: user=0.03 sys=0.00, real=0.01 secs] 
81120.189: [GC 81120.189: [ParNew: 211662K->1527K(235968K), 0.0078980 secs] 926664K->716878K(1546688K), 0.0081300 secs] [Times: user=0.03 sys=0.00, real=0.01 secs] 
81131.521: [GC 81131.521: [ParNew: 211319K->1480K(235968K), 0.0069300 secs] 926670K->716895K(1546688K), 0.0071920 secs] [Times: user=0.03 sys=0.00, real=0.01 secs] 
81147.141: [GC 81147.141: [ParNew: 211263K->1321K(235968K), 0.0149120 secs] 926678K->716781K(1546688K), 0.0151860 secs] [Times: user=0.05 sys=0.00, real=0.02 secs] 
81152.682: [GC 81152.683: [ParNew: 211113K->1182K(235968K), 0.0083330 secs] 926573K->717023K(1546688K), 0.0086130 secs] [Times: user=0.03 sys=0.00, real=0.01 secs] 
81173.720: [GC 81173.720: [ParNew: 210927K->1255K(235968K), 0.0054640 secs] 926769K->717151K(1546688K), 0.0057570 secs] [Times: user=0.03 sys=0.01, real=0.00 secs] 
81180.200: [GC 81180.200: [ParNew: 210984K->1174K(235968K), 0.0065530 secs] 926880K->717123K(1546688K), 0.0068440 secs] [Times: user=0.03 sys=0.00, real=0.01 secs] 
81191.525: [GC 81191.525: [ParNew: 210966K->1267K(235968K), 0.0104400 secs] 926915K->717260K(1546688K), 0.0106600 secs] [Times: user=0.03 sys=0.00, real=0.01 secs] 
81207.167: [GC 81207.168: [ParNew: 211059K->1327K(235968K), 0.0207220 secs] 927052K->717370K(1546688K), 0.0210670 secs] [Times: user=0.05 sys=0.00, real=0.02 secs] 
81212.694: [GC 81212.695: [ParNew: 211119K->1525K(235968K), 0.0094440 secs] 927162K->717799K(1546688K), 0.0096970 secs] [Times: user=0.03 sys=0.00, real=0.01 secs] 
81233.724: [GC 81233.724: [ParNew: 211317K->1215K(235968K), 0.0075600 secs] 927591K->717550K(1546688K), 0.0077540 secs] [Times: user=0.02 sys=0.01, real=0.01 secs] 
81240.218: [GC 81240.219: [ParNew: 210962K->1027K(235968K), 0.0048280 secs] 927297K->717407K(1546688K), 0.0050930 secs] [Times: user=0.03 sys=0.00, real=0.00 secs] 
81251.548: [GC 81251.548: [ParNew: 210819K->1090K(235968K), 0.0086730 secs] 927199K->717529K(1546688K), 0.0089250 secs] [Times: user=0.03 sys=0.00, real=0.01 secs] 
81266.396: [GC 81266.396: [ParNew: 210871K->832K(235968K), 0.0057870 secs] 927310K->717315K(1546688K), 0.0060840 secs] [Times: user=0.03 sys=0.00, real=0.00 secs] 
81272.690: [GC 81272.690: [ParNew: 210589K->927K(235968K), 0.0063340 secs] 927072K->717470K(1546688K), 0.0065840 secs] [Times: user=0.02 sys=0.00, real=0.01 secs] 
81293.723: [GC 81293.723: [ParNew: 210675K->1022K(235968K), 0.0078090 secs] 927219K->717620K(1546688K), 0.0080950 secs] [Times: user=0.02 sys=0.00, real=0.01 secs] 
81300.216: [GC 81300.216: [ParNew: 210814K->1160K(235968K), 0.0062910 secs] 927412K->717811K(1546688K), 0.0065350 secs] [Times: user=0.04 sys=0.00, real=0.01 secs] 
81311.561: [GC 81311.561: [ParNew: 210931K->1145K(235968K), 0.0044710 secs] 927582K->717877K(1546688K), 0.0049360 secs] [Times: user=0.03 sys=0.00, real=0.00 secs] 
81327.205: [GC 81327.205: [ParNew: 210937K->1219K(235968K), 0.0144850 secs] 927669K->717994K(1546688K), 0.0147950 secs] [Times: user=0.03 sys=0.00, real=0.01 secs] 
81333.094: [GC 81333.094: [ParNew: 211011K->1283K(235968K), 0.0070250 secs] 927786K->718115K(1546688K), 0.0072960 secs] [Times: user=0.03 sys=0.00, real=0.00 secs] 
81353.752: [GC 81353.752: [ParNew: 211075K->1126K(235968K), 0.0051860 secs] 927907K->718012K(1546688K), 0.0054590 secs] [Times: user=0.02 sys=0.00, real=0.00 secs] 
81360.248: [GC 81360.248: [ParNew: 210916K->984K(235968K), 0.0041520 secs] 927802K->717928K(1546688K), 0.0044200 secs] [Times: user=0.03 sys=0.00, real=0.01 secs] 
81371.597: [GC 81371.597: [ParNew: 210776K->847K(235968K), 0.0045870 secs] 927720K->717851K(1546688K), 0.0048470 secs] [Times: user=0.03 sys=0.00, real=0.00 secs] 
81387.264: [GC 81387.264: [ParNew: 210639K->793K(235968K), 0.0078300 secs] 927643K->717854K(1546688K), 0.0080820 secs] [Times: user=0.03 sys=0.00, real=0.01 secs] 
81393.123: [GC 81393.123: [ParNew: 210585K->1003K(235968K), 0.0073390 secs] 927646K->718108K(1546688K), 0.0075290 secs] [Times: user=0.02 sys=0.00, real=0.00 secs] 
81417.300: [GC 81417.300: [ParNew: 210795K->880K(235968K), 0.0055070 secs] 927900K->718038K(1546688K), 0.0057670 secs] [Times: user=0.02 sys=0.00, real=0.00 secs] 
81422.739: [GC 81422.739: [ParNew: 210672K->1092K(235968K), 0.0051680 secs] 927830K->718300K(1546688K), 0.0054240 secs] [Times: user=0.03 sys=0.01, real=0.00 secs] 
81436.958: [GC 81436.958: [ParNew: 210884K->1524K(235968K), 0.0049690 secs] 928092K->718781K(1546688K), 0.0052470 secs] [Times: user=0.02 sys=0.00, real=0.00 secs] 
81448.086: [GC 81448.087: [ParNew: 211316K->991K(235968K), 0.0049700 secs] 928573K->718293K(1546688K), 0.0052510 secs] [Times: user=0.02 sys=0.00, real=0.00 secs] 
81454.819: [GC 81454.819: [ParNew: 210746K->1144K(235968K), 0.0145860 secs] 928048K->718483K(1546688K), 0.0148780 secs] [Times: user=0.04 sys=0.00, real=0.02 secs] 
81477.343: [GC 81477.344: [ParNew: 210936K->666K(235968K), 0.0080850 secs] 928275K->718053K(1546688K), 0.0083540 secs] [Times: user=0.02 sys=0.00, real=0.01 secs] 
81482.774: [GC 81482.774: [ParNew: 210458K->827K(235968K), 0.0136820 secs] 927845K->718285K(1546688K), 0.0139320 secs] [Times: user=0.02 sys=0.00, real=0.01 secs] 
81496.985: [GC 81496.985: [ParNew: 210594K->1138K(235968K), 0.0081790 secs] 928052K->718650K(1546688K), 0.0084870 secs] [Times: user=0.03 sys=0.00, real=0.01 secs] 
81508.106: [GC 81508.106: [ParNew: 210879K->853K(235968K), 0.0087190 secs] 928390K->718421K(1546688K), 0.0089350 secs] [Times: user=0.02 sys=0.00, real=0.01 secs] 
81514.835: [GC 81514.835: [ParNew: 210582K->911K(235968K), 0.0485450 secs] 928149K->718627K(1546688K), 0.0488740 secs] [Times: user=0.09 sys=0.01, real=0.04 secs] 
81537.360: [GC 81537.361: [ParNew: 210703K->848K(235968K), 0.0065400 secs] 928419K->718618K(1546688K), 0.0068210 secs] [Times: user=0.03 sys=0.00, real=0.00 secs] 
81542.793: [GC 81542.793: [ParNew: 210631K->991K(235968K), 0.0064920 secs] 928401K->718816K(1546688K), 0.0067540 secs] [Times: user=0.03 sys=0.00, real=0.01 secs] 
81557.010: [GC 81557.010: [ParNew: 210776K->670K(235968K), 0.0184740 secs] 928600K->718555K(1546688K), 0.0187370 secs] [Times: user=0.06 sys=0.00, real=0.02 secs] 
81568.821: [GC 81568.822: [ParNew: 210369K->825K(235968K), 0.0061150 secs] 928254K->718753K(1546688K), 0.0063940 secs] [Times: user=0.03 sys=0.00, real=0.01 secs] 
81581.493: [GC 81581.493: [ParNew: 210617K->908K(235968K), 0.0093640 secs] 928545K->718888K(1546688K), 0.0096280 secs] [Times: user=0.03 sys=0.00, real=0.01 secs] 
81598.880: [GC 81598.880: [ParNew: 210700K->1072K(235968K), 0.0058980 secs] 928680K->719095K(1546688K), 0.0061780 secs] [Times: user=0.03 sys=0.01, real=0.01 secs] 
81604.900: [GC 81604.900: [ParNew: 210864K->1228K(235968K), 0.0050490 secs] 928887K->719293K(1546688K), 0.0053580 secs] [Times: user=0.03 sys=0.00, real=0.00 secs] 
81626.441: [GC 81626.441: [ParNew: 211020K->1514K(235968K), 0.0074870 secs] 929085K->719636K(1546688K), 0.0076940 secs] [Times: user=0.02 sys=0.00, real=0.01 secs] 
81628.853: [GC 81628.853: [ParNew: 211252K->1182K(235968K), 0.0058910 secs] 929374K->719352K(1546688K), 0.0060810 secs] [Times: user=0.02 sys=0.00, real=0.01 secs] 
81641.525: [GC 81641.525: [ParNew: 210974K->843K(235968K), 0.0054110 secs] 929144K->719066K(1546688K), 0.0056850 secs] [Times: user=0.02 sys=0.00, real=0.00 secs] 
81657.381: [GC 81657.381: [ParNew: 210635K->1230K(235968K), 0.0057580 secs] 928858K->719513K(1546688K), 0.0060450 secs] [Times: user=0.03 sys=0.00, real=0.01 secs] 
81662.823: [GC 81662.823: [ParNew: 211022K->970K(235968K), 0.0070800 secs] 929305K->719319K(1546688K), 0.0073630 secs] [Times: user=0.03 sys=0.00, real=0.00 secs] 
81682.753: [GC 81682.753: [ParNew: 210762K->792K(235968K), 0.0063790 secs] 929111K->719189K(1546688K), 0.0065660 secs] [Times: user=0.03 sys=0.00, real=0.01 secs] 
81688.838: [GC 81688.838: [ParNew: 210584K->960K(235968K), 0.0065840 secs] 928981K->719503K(1546688K), 0.0067890 secs] [Times: user=0.03 sys=0.00, real=0.00 secs] 
81699.577: [GC 81699.577: [ParNew: 210752K->553K(235968K), 0.0053200 secs] 929295K->719170K(1546688K), 0.0055270 secs] [Times: user=0.02 sys=0.01, real=0.00 secs] 
81718.899: [GC 81718.899: [ParNew: 210345K->1066K(235968K), 0.0102550 secs] 928962K->719732K(1546688K), 0.0104570 secs] [Times: user=0.03 sys=0.00, real=0.01 secs] 
81724.917: [GC 81724.917: [ParNew: 210858K->1370K(235968K), 0.0063510 secs] 929524K->720086K(1546688K), 0.0065550 secs] [Times: user=0.02 sys=0.00, real=0.01 secs] 
81746.448: [GC 81746.448: [ParNew: 211162K->1105K(235968K), 0.0128530 secs] 929878K->719884K(1546688K), 0.0130530 secs] [Times: user=0.04 sys=0.00, real=0.01 secs] 
81748.853: [GC 81748.853: [ParNew: 210897K->1054K(235968K), 0.0070230 secs] 929676K->719877K(1546688K), 0.0072600 secs] [Times: user=0.02 sys=0.00, real=0.01 secs] 
81754.885: [GC 81754.885: [ParNew: 210762K->730K(235968K), 0.0269230 secs] 929585K->719628K(1546688K), 0.0271890 secs] [Times: user=0.04 sys=0.00, real=0.03 secs] 
81777.403: [GC 81777.403: [ParNew: 210504K->847K(235968K), 0.0060860 secs] 929402K->719805K(1546688K), 0.0063850 secs] [Times: user=0.02 sys=0.00, real=0.01 secs] 
81782.838: [GC 81782.838: [ParNew: 210551K->1301K(235968K), 0.0071320 secs] 929509K->720446K(1546688K), 0.0073990 secs] [Times: user=0.03 sys=0.00, real=0.01 secs] 
81797.052: [GC 81797.052: [ParNew: 211093K->1224K(235968K), 0.0066260 secs] 930238K->720426K(1546688K), 0.0069230 secs] [Times: user=0.03 sys=0.00, real=0.00 secs] 
81808.848: [GC 81808.849: [ParNew: 210963K->1075K(235968K), 0.0065080 secs] 930165K->720321K(1546688K), 0.0067930 secs] [Times: user=0.03 sys=0.00, real=0.00 secs] 
81816.474: [GC 81816.474: [ParNew: 210867K->1006K(235968K), 0.0049350 secs] 930113K->720301K(1546688K), 0.0051890 secs] [Times: user=0.03 sys=0.00, real=0.01 secs] 
81838.914: [GC 81838.914: [ParNew: 210798K->1384K(235968K), 0.0089410 secs] 930093K->720871K(1546688K), 0.0092270 secs] [Times: user=0.03 sys=0.00, real=0.01 secs] 
81844.935: [GC 81844.935: [ParNew: 211176K->1644K(235968K), 0.0087650 secs] 930663K->721221K(1546688K), 0.0090150 secs] [Times: user=0.03 sys=0.00, real=0.01 secs] 
81866.484: [GC 81866.485: [ParNew: 211436K->1597K(235968K), 0.0071180 secs] 931013K->721231K(1546688K), 0.0073550 secs] [Times: user=0.03 sys=0.00, real=0.01 secs] 
81868.881: [GC 81868.882: [ParNew: 211389K->963K(235968K), 0.0055790 secs] 931023K->720640K(1546688K), 0.0058560 secs] [Times: user=0.03 sys=0.00, real=0.00 secs] 
81881.680: [GC 81881.680: [ParNew: 210755K->874K(235968K), 0.0065830 secs] 930432K->720749K(1546688K), 0.0068670 secs] [Times: user=0.02 sys=0.00, real=0.01 secs] 
81898.944: [GC 81898.945: [ParNew: 210666K->1036K(235968K), 0.0100340 secs] 930541K->720961K(1546688K), 0.0102490 secs] [Times: user=0.02 sys=0.00, real=0.01 secs] 
81904.961: [GC 81904.961: [ParNew: 210717K->1265K(235968K), 0.0081400 secs] 930642K->721238K(1546688K), 0.0084260 secs] [Times: user=0.03 sys=0.00, real=0.01 secs] 
81926.500: [GC 81926.500: [ParNew: 211057K->1182K(235968K), 0.0080320 secs] 931030K->721199K(1546688K), 0.0082830 secs] [Times: user=0.02 sys=0.00, real=0.00 secs] 
81932.791: [GC 81932.791: [ParNew: 210920K->1135K(235968K), 0.0116050 secs] 930936K->721214K(1546688K), 0.0118850 secs] [Times: user=0.04 sys=0.00, real=0.01 secs] 
81941.707: [GC 81941.708: [ParNew: 210927K->731K(235968K), 0.0070230 secs] 931006K->721106K(1546688K), 0.0072770 secs] [Times: user=0.03 sys=0.00, real=0.00 secs] 
81958.978: [GC 81958.978: [ParNew: 210523K->1137K(235968K), 0.0078890 secs] 930898K->721570K(1546688K), 0.0081690 secs] [Times: user=0.02 sys=0.00, real=0.01 secs] 
81970.924: [GC 81970.924: [ParNew: 210929K->497K(235968K), 0.0172130 secs] 931362K->720997K(1546688K), 0.0174790 secs] [Times: user=0.02 sys=0.00, real=0.01 secs] 
81986.538: [GC 81986.538: [ParNew: 210288K->941K(235968K), 0.0078780 secs] 930789K->721490K(1546688K), 0.0081130 secs] [Times: user=0.02 sys=0.01, real=0.01 secs] 
81992.941: [GC 81992.941: [ParNew: 210733K->806K(235968K), 0.0081980 secs] 931282K->721404K(1546688K), 0.0084830 secs] [Times: user=0.02 sys=0.00, real=0.01 secs] 
82013.814: [GC 82013.814: [ParNew: 210595K->676K(235968K), 0.0070600 secs] 931193K->721325K(1546688K), 0.0072620 secs] [Times: user=0.02 sys=0.01, real=0.01 secs] 
82020.353: [GC 82020.353: [ParNew: 210468K->1053K(235968K), 0.0052050 secs] 931117K->721751K(1546688K), 0.0054800 secs] [Times: user=0.03 sys=0.00, real=0.01 secs] 
82031.716: [GC 82031.716: [ParNew: 210845K->1103K(235968K), 0.0057610 secs] 931543K->721854K(1546688K), 0.0060200 secs] [Times: user=0.03 sys=0.00, real=0.00 secs] 
82047.394: [GC 82047.394: [ParNew: 210895K->1199K(235968K), 0.0134810 secs] 931646K->722007K(1546688K), 0.0137890 secs] [Times: user=0.04 sys=0.00, real=0.01 secs] 
82052.857: [GC 82052.857: [ParNew: 210927K->1092K(235968K), 0.0073830 secs] 931735K->721953K(1546688K), 0.0076660 secs] [Times: user=0.02 sys=0.00, real=0.01 secs] 
82073.839: [GC 82073.839: [ParNew: 210884K->1106K(235968K), 0.0086020 secs] 931745K->722014K(1546688K), 0.0088830 secs] [Times: user=0.03 sys=0.00, real=0.01 secs] 
82080.375: [GC 82080.375: [ParNew: 210898K->1008K(235968K), 0.0052520 secs] 931806K->721966K(1546688K), 0.0055130 secs] [Times: user=0.03 sys=0.00, real=0.01 secs] 
82091.742: [GC 82091.742: [ParNew: 210764K->1040K(235968K), 0.0062880 secs] 931723K->722056K(1546688K), 0.0065490 secs] [Times: user=0.02 sys=0.00, real=0.01 secs] 
82107.422: [GC 82107.422: [ParNew: 210805K->695K(235968K), 0.0195600 secs] 931821K->721755K(1546688K), 0.0198310 secs] [Times: user=0.04 sys=0.00, real=0.02 secs] 
82113.204: [GC 82113.204: [ParNew: 210487K->985K(235968K), 0.0127120 secs] 931547K->722103K(1546688K), 0.0129190 secs] [Times: user=0.04 sys=0.00, real=0.01 secs] 
82133.857: [GC 82133.857: [ParNew: 210777K->1006K(235968K), 0.0101460 secs] 931895K->722178K(1546688K), 0.0104440 secs] [Times: user=0.03 sys=0.00, real=0.02 secs] 
82140.402: [GC 82140.402: [ParNew: 210724K->793K(235968K), 0.0069420 secs] 931896K->722019K(1546688K), 0.0071890 secs] [Times: user=0.02 sys=0.00, real=0.01 secs] 
82153.228: [GC 82153.229: [ParNew: 210585K->1535K(235968K), 0.0120370 secs] 931811K->722817K(1546688K), 0.0122920 secs] [Times: user=0.04 sys=0.00, real=0.01 secs] 
82167.461: [GC 82167.461: [ParNew: 211327K->1415K(235968K), 0.0098900 secs] 932609K->722754K(1546688K), 0.0101760 secs] [Times: user=0.02 sys=0.01, real=0.01 secs] 
82173.239: [GC 82173.239: [ParNew: 211207K->1166K(235968K), 0.0072900 secs] 932546K->722561K(1546688K), 0.0074830 secs] [Times: user=0.03 sys=0.00, real=0.01 secs] 
82193.861: [GC 82193.862: [ParNew: 210937K->844K(235968K), 0.0067680 secs] 932333K->722293K(1546688K), 0.0070290 secs] [Times: user=0.03 sys=0.00, real=0.01 secs] 
82200.523: [GC 82200.523: [ParNew: 210636K->917K(235968K), 0.0058620 secs] 932085K->722421K(1546688K), 0.0061410 secs] [Times: user=0.03 sys=0.00, real=0.01 secs] 
82211.773: [GC 82211.774: [ParNew: 210676K->1088K(235968K), 0.0081510 secs] 932180K->722646K(1546688K), 0.0084040 secs] [Times: user=0.02 sys=0.00, real=0.01 secs] 
82227.470: [GC 82227.470: [ParNew: 210757K->800K(235968K), 0.0152830 secs] 932315K->722414K(1546688K), 0.0155860 secs] [Times: user=0.03 sys=0.00, real=0.02 secs] 
82233.226: [GC 82233.226: [ParNew: 210556K->1017K(235968K), 0.0051270 secs] 932170K->722683K(1546688K), 0.0053720 secs] [Times: user=0.03 sys=0.00, real=0.01 secs] 
82253.882: [GC 82253.882: [ParNew: 210768K->965K(235968K), 0.0049090 secs] 932434K->722685K(1546688K), 0.0051550 secs] [Times: user=0.03 sys=0.00, real=0.00 secs] 
82262.886: [GC 82262.886: [ParNew: 210752K->879K(235968K), 0.0042490 secs] 932472K->722656K(1546688K), 0.0045000 secs] [Times: user=0.03 sys=0.00, real=0.01 secs] 
82277.106: [GC 82277.106: [ParNew: 210671K->1019K(235968K), 0.0114310 secs] 932448K->722858K(1546688K), 0.0117170 secs] [Times: user=0.05 sys=0.00, real=0.01 secs] 
82288.183: [GC 82288.183: [ParNew: 210811K->742K(235968K), 0.0070050 secs] 932650K->722625K(1546688K), 0.0072520 secs] [Times: user=0.02 sys=0.00, real=0.00 secs] 
82293.248: [GC 82293.248: [ParNew: 210534K->1101K(235968K), 0.0091020 secs] 932417K->723028K(1546688K), 0.0093800 secs] [Times: user=0.02 sys=0.00, real=0.01 secs] 
82313.905: [GC 82313.905: [ParNew: 210893K->639K(235968K), 0.0080960 secs] 932820K->722625K(1546688K), 0.0083430 secs] [Times: user=0.02 sys=0.00, real=0.01 secs] 
82320.556: [GC 82320.556: [ParNew: 210426K->820K(235968K), 0.0065910 secs] 932412K->722862K(1546688K), 0.0068150 secs] [Times: user=0.03 sys=0.00, real=0.01 secs] 
82331.809: [GC 82331.809: [ParNew: 210485K->892K(235968K), 0.0079260 secs] 932527K->722994K(1546688K), 0.0081140 secs] [Times: user=0.02 sys=0.00, real=0.01 secs] 
82348.189: [GC 82348.189: [ParNew: 210671K->976K(235968K), 0.0080160 secs] 932772K->723127K(1546688K), 0.0082910 secs] [Times: user=0.02 sys=0.00, real=0.01 secs] 
82353.260: [GC 82353.260: [ParNew: 210768K->1183K(235968K), 0.0055080 secs] 932919K->723502K(1546688K), 0.0057020 secs] [Times: user=0.02 sys=0.00, real=0.01 secs] 
82377.511: [GC 82377.511: [ParNew: 210946K->1069K(235968K), 0.0060750 secs] 933265K->723425K(1546688K), 0.0063620 secs] [Times: user=0.02 sys=0.00, real=0.00 secs] 
82382.940: [GC 82382.940: [ParNew: 210743K->952K(235968K), 0.0069460 secs] 933099K->723343K(1546688K), 0.0071320 secs] [Times: user=0.03 sys=0.00, real=0.00 secs] 
82397.138: [GC 82397.138: [ParNew: 210732K->966K(235968K), 0.0065560 secs] 933123K->723411K(1546688K), 0.0068170 secs] [Times: user=0.03 sys=0.00, real=0.00 secs] 
82408.198: [GC 82408.198: [ParNew: 210753K->1261K(235968K), 0.0070740 secs] 933198K->723760K(1546688K), 0.0073670 secs] [Times: user=0.03 sys=0.00, real=0.01 secs] 
82414.930: [GC 82414.931: [ParNew: 211053K->604K(235968K), 0.0085210 secs] 933552K->723180K(1546688K), 0.0088000 secs] [Times: user=0.03 sys=0.00, real=0.01 secs] 
82437.513: [GC 82437.513: [ParNew: 210396K->1112K(235968K), 0.0055610 secs] 932972K->723744K(1546688K), 0.0058530 secs] [Times: user=0.03 sys=0.00, real=0.00 secs] 
82442.947: [GC 82442.947: [ParNew: 210904K->1035K(235968K), 0.0051230 secs] 933536K->723831K(1546688K), 0.0054190 secs] [Times: user=0.03 sys=0.00, real=0.01 secs] 
82457.144: [GC 82457.144: [ParNew: 210789K->1089K(235968K), 0.0070170 secs] 933585K->723943K(1546688K), 0.0073650 secs] [Times: user=0.03 sys=0.00, real=0.01 secs] 
82468.217: [GC 82468.217: [ParNew: 210824K->771K(235968K), 0.0052150 secs] 933677K->723673K(1546688K), 0.0056720 secs] [Times: user=0.03 sys=0.00, real=0.00 secs] 
82474.938: [GC 82474.939: [ParNew: 210563K->995K(235968K), 0.0083630 secs] 933465K->723965K(1546688K), 0.0085880 secs] [Times: user=0.03 sys=0.00, real=0.01 secs] 
82497.526: [GC 82497.526: [ParNew: 210783K->687K(235968K), 0.0042660 secs] 933753K->723712K(1546688K), 0.0045320 secs] [Times: user=0.03 sys=0.00, real=0.01 secs] 
82503.087: [GC 82503.087: [ParNew: 210473K->824K(235968K), 0.0063640 secs] 933497K->723899K(1546688K), 0.0066540 secs] [Times: user=0.03 sys=0.00, real=0.01 secs] 
82517.165: [GC 82517.166: [ParNew: 210616K->1169K(235968K), 0.0114040 secs] 933691K->724295K(1546688K), 0.0117030 secs] [Times: user=0.04 sys=0.00, real=0.02 secs] 
82528.241: [GC 82528.242: [ParNew: 210961K->976K(235968K), 0.0065610 secs] 934087K->724160K(1546688K), 0.0068320 secs] [Times: user=0.03 sys=0.00, real=0.01 secs] 
82534.965: [GC 82534.965: [ParNew: 210768K->890K(235968K), 0.0451370 secs] 933952K->724129K(1546688K), 0.0454820 secs] [Times: user=0.06 sys=0.00, real=0.04 secs] 
82557.544: [GC 82557.544: [ParNew: 210682K->677K(235968K), 0.0068890 secs] 933921K->723974K(1546688K), 0.0071570 secs] [Times: user=0.03 sys=0.00, real=0.01 secs] 
82563.114: [GC 82563.114: [ParNew: 210469K->916K(235968K), 0.0077940 secs] 933766K->724267K(1546688K), 0.0080960 secs] [Times: user=0.03 sys=0.00, real=0.01 secs] 
82577.192: [GC 82577.192: [ParNew: 210697K->846K(235968K), 0.0113250 secs] 934048K->724246K(1546688K), 0.0116040 secs] [Times: user=0.04 sys=0.00, real=0.01 secs] 
82588.950: [GC 82588.950: [ParNew: 210602K->918K(235968K), 0.0060270 secs] 934002K->724366K(1546688K), 0.0063060 secs] [Times: user=0.03 sys=0.00, real=0.01 secs] 
82594.988: [GC 82594.988: [ParNew: 210710K->1160K(235968K), 0.0074210 secs] 934158K->724661K(1546688K), 0.0076880 secs] [Times: user=0.03 sys=0.00, real=0.01 secs] 
82617.552: [GC 82617.553: [ParNew: 210952K->1310K(235968K), 0.0124620 secs] 934453K->724865K(1546688K), 0.0127430 secs] [Times: user=0.03 sys=0.00, real=0.01 secs] 
82623.130: [GC 82623.130: [ParNew: 211079K->1083K(235968K), 0.0215040 secs] 934634K->724691K(1546688K), 0.0217000 secs] [Times: user=0.05 sys=0.00, real=0.02 secs] 
82637.189: [GC 82637.189: [ParNew: 210863K->801K(235968K), 0.0072430 secs] 934472K->724478K(1546688K), 0.0075310 secs] [Times: user=0.03 sys=0.00, real=0.00 secs] 
82648.263: [GC 82648.264: [ParNew: 210593K->837K(235968K), 0.0055500 secs] 934270K->724560K(1546688K), 0.0058080 secs] [Times: user=0.03 sys=0.00, real=0.01 secs] 
82654.990: [GC 82654.991: [ParNew: 210629K->871K(235968K), 0.0398160 secs] 934352K->724698K(1546688K), 0.0400920 secs] [Times: user=0.04 sys=0.00, real=0.04 secs] 
82677.644: [GC 82677.644: [ParNew: 210663K->710K(235968K), 0.0138710 secs] 934490K->724591K(1546688K), 0.0140670 secs] [Times: user=0.03 sys=0.00, real=0.01 secs] 
82685.077: [GC 82685.077: [ParNew: 210502K->806K(235968K), 0.0083760 secs] 934383K->724738K(1546688K), 0.0086280 secs] [Times: user=0.02 sys=0.00, real=0.01 secs] 
82704.978: [GC 82704.978: [ParNew: 210598K->1018K(235968K), 0.0096900 secs] 934530K->724999K(1546688K), 0.0099820 secs] [Times: user=0.03 sys=0.00, real=0.01 secs] 
82708.966: [GC 82708.966: [ParNew: 210810K->999K(235968K), 0.0057380 secs] 934791K->725029K(1546688K), 0.0059840 secs] [Times: user=0.03 sys=0.00, real=0.01 secs] 
82715.006: [GC 82715.007: [ParNew: 210705K->1008K(235968K), 0.0231640 secs] 934736K->725088K(1546688K), 0.0234740 secs] [Times: user=0.03 sys=0.00, real=0.02 secs] 
82739.087: [GC 82739.087: [ParNew: 210800K->963K(235968K), 0.0090350 secs] 934880K->725099K(1546688K), 0.0092750 secs] [Times: user=0.03 sys=0.00, real=0.01 secs] 
82745.092: [GC 82745.092: [ParNew: 210755K->1061K(235968K), 0.0057590 secs] 934891K->725250K(1546688K), 0.0060140 secs] [Times: user=0.03 sys=0.00, real=0.00 secs] 
82766.646: [GC 82766.647: [ParNew: 210853K->1093K(235968K), 0.0054910 secs] 935042K->725338K(1546688K), 0.0057830 secs] [Times: user=0.03 sys=0.00, real=0.01 secs] 
82768.989: [GC 82768.989: [ParNew: 210885K->811K(235968K), 0.0064800 secs] 935130K->725100K(1546688K), 0.0067420 secs] [Times: user=0.02 sys=0.00, real=0.00 secs] 
82781.871: [GC 82781.871: [ParNew: 210585K->746K(235968K), 0.0055530 secs] 934874K->725078K(1546688K), 0.0058300 secs] [Times: user=0.03 sys=0.00, real=0.01 secs] 
82799.106: [GC 82799.106: [ParNew: 210538K->866K(235968K), 0.0063520 secs] 934870K->725253K(1546688K), 0.0066300 secs] [Times: user=0.03 sys=0.00, real=0.01 secs] 
82805.117: [GC 82805.117: [ParNew: 210658K->705K(235968K), 0.0332990 secs] 935045K->725133K(1546688K), 0.0335710 secs] [Times: user=0.06 sys=0.00, real=0.03 secs] 
82826.658: [GC 82826.658: [ParNew: 210497K->838K(235968K), 0.0082150 secs] 934925K->725326K(1546688K), 0.0084820 secs] [Times: user=0.03 sys=0.00, real=0.00 secs] 
82829.005: [GC 82829.005: [ParNew: 210616K->757K(235968K), 0.0082060 secs] 935105K->725308K(1546688K), 0.0084680 secs] [Times: user=0.02 sys=0.00, real=0.01 secs] 
82841.883: [GC 82841.883: [ParNew: 210549K->1297K(235968K), 0.0103700 secs] 935100K->725899K(1546688K), 0.0106310 secs] [Times: user=0.04 sys=0.00, real=0.01 secs] 
82859.126: [GC 82859.126: [ParNew: 211019K->1168K(235968K), 0.0075440 secs] 935621K->725834K(1546688K), 0.0077470 secs] [Times: user=0.03 sys=0.00, real=0.01 secs] 
82865.139: [GC 82865.139: [ParNew: 210936K->1243K(235968K), 0.0230240 secs] 935602K->725963K(1546688K), 0.0233400 secs] [Times: user=0.04 sys=0.00, real=0.03 secs] 
82886.694: [GC 82886.694: [ParNew: 210948K->1059K(235968K), 0.0076300 secs] 935668K->725822K(1546688K), 0.0079140 secs] [Times: user=0.02 sys=0.00, real=0.01 secs] 
82892.979: [GC 82892.979: [ParNew: 210780K->1343K(235968K), 0.0057400 secs] 935544K->726163K(1546688K), 0.0060520 secs] [Times: user=0.03 sys=0.00, real=0.00 secs] 
82901.898: [GC 82901.898: [ParNew: 211135K->1248K(235968K), 0.0079430 secs] 935955K->726353K(1546688K), 0.0082010 secs] [Times: user=0.03 sys=0.00, real=0.01 secs] 
82917.592: [GC 82917.592: [ParNew: 211040K->1143K(235968K), 0.0071990 secs] 936145K->726302K(1546688K), 0.0074640 secs] [Times: user=0.03 sys=0.00, real=0.01 secs] 
82923.158: [GC 82923.158: [ParNew: 210935K->891K(235968K), 0.0225860 secs] 936094K->726104K(1546688K), 0.0228660 secs] [Times: user=0.03 sys=0.00, real=0.02 secs] 
82937.240: [GC 82937.240: [ParNew: 210683K->699K(235968K), 0.0097690 secs] 935896K->725964K(1546688K), 0.0099490 secs] [Times: user=0.03 sys=0.00, real=0.01 secs] 
82948.276: [GC 82948.276: [ParNew: 210491K->853K(235968K), 0.0060520 secs] 935756K->726179K(1546688K), 0.0063070 secs] [Times: user=0.03 sys=0.00, real=0.01 secs] 
82954.997: [GC 82954.998: [ParNew: 210645K->740K(235968K), 0.0062530 secs] 935971K->726092K(1546688K), 0.0065110 secs] [Times: user=0.02 sys=0.00, real=0.01 secs] 
82977.615: [GC 82977.615: [ParNew: 210532K->982K(235968K), 0.0058750 secs] 935884K->726383K(1546688K), 0.0061680 secs] [Times: user=0.03 sys=0.00, real=0.00 secs] 
82983.199: [GC 82983.199: [ParNew: 210734K->950K(235968K), 0.0126450 secs] 936135K->726399K(1546688K), 0.0128500 secs] [Times: user=0.02 sys=0.00, real=0.01 secs] 
82997.273: [GC 82997.273: [ParNew: 210729K->918K(235968K), 0.0054070 secs] 936177K->726416K(1546688K), 0.0056750 secs] [Times: user=0.03 sys=0.00, real=0.00 secs] 
83008.998: [GC 83008.998: [ParNew: 210594K->729K(235968K), 0.0057600 secs] 936092K->726273K(1546688K), 0.0059700 secs] [Times: user=0.03 sys=0.00, real=0.01 secs] 
83015.055: [GC 83015.055: [ParNew: 210521K->641K(235968K), 0.0189220 secs] 936065K->726250K(1546688K), 0.0192180 secs] [Times: user=0.04 sys=0.00, real=0.02 secs] 
83039.138: [GC 83039.138: [ParNew: 210433K->617K(235968K), 0.0102870 secs] 936042K->726280K(1546688K), 0.0105280 secs] [Times: user=0.03 sys=0.00, real=0.01 secs] 
83045.145: [GC 83045.145: [ParNew: 210409K->831K(235968K), 0.0162560 secs] 936072K->726543K(1546688K), 0.0165620 secs] [Times: user=0.04 sys=0.00, real=0.01 secs] 
83052.074: [GC 83052.074: [ParNew: 210618K->1161K(235968K), 0.0099920 secs] 936330K->726928K(1546688K), 0.0102730 secs] [Times: user=0.02 sys=0.01, real=0.01 secs] 
83067.785: [GC 83067.785: [ParNew: 210953K->1114K(235968K), 0.0070070 secs] 936720K->726931K(1546688K), 0.0072870 secs] [Times: user=0.03 sys=0.01, real=0.01 secs] 
83073.343: [GC 83073.343: [ParNew: 210845K->925K(235968K), 0.0069280 secs] 936662K->726816K(1546688K), 0.0072090 secs] [Times: user=0.02 sys=0.00, real=0.01 secs] 
83095.925: [GC 83095.925: [ParNew: 210717K->820K(235968K), 0.0070320 secs] 936608K->726768K(1546688K), 0.0073250 secs] [Times: user=0.04 sys=0.00, real=0.01 secs] 
83103.184: [GC 83103.184: [ParNew: 210612K->987K(235968K), 0.0191440 secs] 936560K->726965K(1546688K), 0.0204660 secs] [Times: user=0.03 sys=0.01, real=0.03 secs] 
83117.270: [GC 83117.271: [ParNew: 210779K->950K(235968K), 0.0084650 secs] 936757K->726992K(1546688K), 0.0087410 secs] [Times: user=0.02 sys=0.00, real=0.01 secs] 
83128.299: [GC 83128.299: [ParNew: 210742K->925K(235968K), 0.0063620 secs] 936784K->727011K(1546688K), 0.0066130 secs] [Times: user=0.03 sys=0.00, real=0.01 secs] 
83134.252: [GC 83134.252: [ParNew: 210717K->575K(235968K), 0.0097410 secs] 936803K->726819K(1546688K), 0.0100050 secs] [Times: user=0.03 sys=0.00, real=0.01 secs] 
83157.656: [GC 83157.657: [ParNew: 210292K->762K(235968K), 0.0076900 secs] 936536K->727052K(1546688K), 0.0079560 secs] [Times: user=0.03 sys=0.00, real=0.00 secs] 
83163.226: [GC 83163.226: [ParNew: 210544K->997K(235968K), 0.0159610 secs] 936834K->727328K(1546688K), 0.0162670 secs] [Times: user=0.02 sys=0.00, real=0.01 secs] 
83177.306: [GC 83177.306: [ParNew: 210789K->778K(235968K), 0.0068500 secs] 937120K->727159K(1546688K), 0.0071300 secs] [Times: user=0.03 sys=0.00, real=0.00 secs] 
83188.325: [GC 83188.325: [ParNew: 210532K->718K(235968K), 0.0062190 secs] 936912K->727145K(1546688K), 0.0064000 secs] [Times: user=0.03 sys=0.00, real=0.01 secs] 
83195.054: [GC 83195.054: [ParNew: 210396K->776K(235968K), 0.0089460 secs] 936823K->727274K(1546688K), 0.0092130 secs] [Times: user=0.03 sys=0.00, real=0.01 secs] 
83217.678: [GC 83217.678: [ParNew: 210561K->948K(235968K), 0.0064500 secs] 937059K->727501K(1546688K), 0.0067730 secs] [Times: user=0.03 sys=0.00, real=0.00 secs] 
83223.243: [GC 83223.243: [ParNew: 210645K->1173K(235968K), 0.0172030 secs] 937197K->727779K(1546688K), 0.0174640 secs] [Times: user=0.04 sys=0.00, real=0.02 secs] 
83237.309: [GC 83237.310: [ParNew: 210965K->981K(235968K), 0.0073760 secs] 937571K->727648K(1546688K), 0.0076650 secs] [Times: user=0.03 sys=0.00, real=0.01 secs] 
83248.340: [GC 83248.340: [ParNew: 210751K->1015K(235968K), 0.0062340 secs] 937418K->727739K(1546688K), 0.0064820 secs] [Times: user=0.02 sys=0.00, real=0.01 secs] 
83255.058: [GC 83255.058: [ParNew: 210807K->1081K(235968K), 0.0066060 secs] 937531K->727995K(1546688K), 0.0068730 secs] [Times: user=0.03 sys=0.00, real=0.01 secs] 
83277.686: [GC 83277.686: [ParNew: 210873K->920K(235968K), 0.0064610 secs] 937787K->727889K(1546688K), 0.0066750 secs] [Times: user=0.02 sys=0.00, real=0.01 secs] 
83283.273: [GC 83283.273: [ParNew: 210712K->860K(235968K), 0.0070080 secs] 937681K->727949K(1546688K), 0.0072660 secs] [Times: user=0.03 sys=0.00, real=0.01 secs] 
83297.308: [GC 83297.309: [ParNew: 210650K->1128K(235968K), 0.0050340 secs] 937739K->728266K(1546688K), 0.0053210 secs] [Times: user=0.04 sys=0.00, real=0.00 secs] 
83308.329: [GC 83308.329: [ParNew: 210887K->775K(235968K), 0.0044430 secs] 938025K->727970K(1546688K), 0.0047130 secs] [Times: user=0.03 sys=0.00, real=0.01 secs] 
83315.055: [GC 83315.055: [ParNew: 210567K->1019K(235968K), 0.0053750 secs] 937762K->728283K(1546688K), 0.0056630 secs] [Times: user=0.03 sys=0.00, real=0.00 secs] 
83337.694: [GC 83337.694: [ParNew: 210811K->970K(235968K), 0.0052760 secs] 938075K->728301K(1546688K), 0.0055510 secs] [Times: user=0.03 sys=0.00, real=0.01 secs] 
83343.269: [GC 83343.269: [ParNew: 210648K->1097K(235968K), 0.0118490 secs] 937979K->728487K(1546688K), 0.0121230 secs] [Times: user=0.04 sys=0.00, real=0.01 secs] 
83357.349: [GC 83357.350: [ParNew: 210889K->774K(235968K), 0.0060140 secs] 938279K->728217K(1546688K), 0.0062970 secs] [Times: user=0.03 sys=0.00, real=0.01 secs] 
83369.047: [GC 83369.047: [ParNew: 210566K->916K(235968K), 0.0061320 secs] 938009K->728416K(1546688K), 0.0063780 secs] [Times: user=0.02 sys=0.00, real=0.01 secs] 
83375.087: [GC 83375.088: [ParNew: 210586K->915K(235968K), 0.0169160 secs] 938086K->728465K(1546688K), 0.0173450 secs] [Times: user=0.03 sys=0.00, real=0.02 secs] 
83397.721: [GC 83397.721: [ParNew: 210707K->830K(235968K), 0.0065850 secs] 938257K->728433K(1546688K), 0.0068530 secs] [Times: user=0.03 sys=0.00, real=0.00 secs] 
83403.285: [GC 83403.285: [ParNew: 210622K->774K(235968K), 0.0136060 secs] 938225K->728442K(1546688K), 0.0138150 secs] [Times: user=0.04 sys=0.00, real=0.02 secs] 
83417.338: [GC 83417.339: [ParNew: 210566K->1142K(235968K), 0.0072210 secs] 938234K->728873K(1546688K), 0.0075240 secs] [Times: user=0.03 sys=0.00, real=0.01 secs] 
83428.009: [GC 83428.009: [ParNew: 210816K->1064K(235968K), 0.0109280 secs] 938547K->728838K(1546688K), 0.0112420 secs] [Times: user=0.03 sys=0.00, real=0.01 secs] 
83433.386: [GC 83433.387: [ParNew: 210856K->1328K(235968K), 0.0070700 secs] 938630K->729154K(1546688K), 0.0073730 secs] [Times: user=0.03 sys=0.00, real=0.01 secs] 
83454.034: [GC 83454.034: [ParNew: 211120K->947K(235968K), 0.0074310 secs] 938946K->728865K(1546688K), 0.0076780 secs] [Times: user=0.02 sys=0.00, real=0.01 secs] 
83460.754: [GC 83460.754: [ParNew: 210674K->1275K(235968K), 0.0080130 secs] 938592K->729273K(1546688K), 0.0082130 secs] [Times: user=0.02 sys=0.00, real=0.01 secs] 
83472.156: [GC 83472.156: [ParNew: 211050K->1050K(235968K), 0.0067120 secs] 939049K->729296K(1546688K), 0.0069870 secs] [Times: user=0.02 sys=0.00, real=0.01 secs] 
83487.982: [GC 83487.982: [ParNew: 210842K->765K(235968K), 0.0064690 secs] 939088K->729071K(1546688K), 0.0066810 secs] [Times: user=0.02 sys=0.00, real=0.01 secs] 
83493.377: [GC 83493.377: [ParNew: 210557K->673K(235968K), 0.0069710 secs] 938863K->729024K(1546688K), 0.0071710 secs] [Times: user=0.02 sys=0.00, real=0.01 secs] 
83514.036: [GC 83514.036: [ParNew: 210421K->1135K(235968K), 0.0091550 secs] 938772K->729543K(1546688K), 0.0093940 secs] [Times: user=0.02 sys=0.00, real=0.01 secs] 
83520.885: [GC 83520.885: [ParNew: 210916K->968K(235968K), 0.0079110 secs] 939323K->729433K(1546688K), 0.0081400 secs] [Times: user=0.03 sys=0.00, real=0.01 secs] 
83532.174: [GC 83532.175: [ParNew: 210760K->914K(235968K), 0.0083810 secs] 939225K->729434K(1546688K), 0.0086520 secs] [Times: user=0.03 sys=0.00, real=0.01 secs] 
83548.013: [GC 83548.014: [ParNew: 210658K->1285K(235968K), 0.0054170 secs] 939178K->729855K(1546688K), 0.0057000 secs] [Times: user=0.03 sys=0.00, real=0.01 secs] 
83553.401: [GC 83553.401: [ParNew: 211077K->879K(235968K), 0.0052140 secs] 939647K->729599K(1546688K), 0.0054780 secs] [Times: user=0.03 sys=0.01, real=0.01 secs] 
83577.719: [GC 83577.720: [ParNew: 210671K->913K(235968K), 0.0064920 secs] 939391K->729682K(1546688K), 0.0067490 secs] [Times: user=0.02 sys=0.00, real=0.01 secs] 
83583.290: [GC 83583.290: [ParNew: 210705K->754K(235968K), 0.0077980 secs] 939474K->729573K(1546688K), 0.0080620 secs] [Times: user=0.02 sys=0.00, real=0.00 secs] 
83597.371: [GC 83597.371: [ParNew: 210546K->928K(235968K), 0.0060250 secs] 939365K->729798K(1546688K), 0.0062610 secs] [Times: user=0.03 sys=0.00, real=0.01 secs] 
83608.379: [GC 83608.379: [ParNew: 210720K->1136K(235968K), 0.0067630 secs] 939590K->730048K(1546688K), 0.0069960 secs] [Times: user=0.02 sys=0.00, real=0.01 secs] 
83615.102: [GC 83615.102: [ParNew: 210926K->1006K(235968K), 0.0087870 secs] 939839K->729983K(1546688K), 0.0092380 secs] [Times: user=0.03 sys=0.00, real=0.01 secs] 
83637.759: [GC 83637.759: [ParNew: 210798K->869K(235968K), 0.0116430 secs] 939775K->729900K(1546688K), 0.0118650 secs] [Times: user=0.02 sys=0.00, real=0.02 secs] 
83643.324: [GC 83643.324: [ParNew: 210658K->795K(235968K), 0.0072480 secs] 939689K->729882K(1546688K), 0.0074580 secs] [Times: user=0.02 sys=0.00, real=0.01 secs] 
83657.410: [GC 83657.410: [ParNew: 210587K->765K(235968K), 0.0047950 secs] 939674K->729901K(1546688K), 0.0050560 secs] [Times: user=0.03 sys=0.00, real=0.00 secs] 
83669.095: [GC 83669.095: [ParNew: 210549K->907K(235968K), 0.0048000 secs] 939684K->730086K(1546688K), 0.0050680 secs] [Times: user=0.02 sys=0.00, real=0.01 secs] 
83675.129: [GC 83675.129: [ParNew: 210639K->720K(235968K), 0.0217820 secs] 939819K->729955K(1546688K), 0.0220650 secs] [Times: user=0.04 sys=0.00, real=0.02 secs] 
83699.267: [GC 83699.267: [ParNew: 210493K->1040K(235968K), 0.0066670 secs] 939729K->730330K(1546688K), 0.0069520 secs] [Times: user=0.03 sys=0.00, real=0.01 secs] 
83705.276: [GC 83705.276: [ParNew: 210832K->733K(235968K), 0.0175350 secs] 940122K->730072K(1546688K), 0.0178620 secs] [Times: user=0.02 sys=0.00, real=0.02 secs] 
83724.417: [GC 83724.417: [ParNew: 210525K->491K(235968K), 0.0215740 secs] 939864K->729892K(1546688K), 0.0218800 secs] [Times: user=0.03 sys=0.00, real=0.03 secs] 
83729.109: [GC 83729.109: [ParNew: 210283K->886K(235968K), 0.0079490 secs] 939684K->730330K(1546688K), 0.0081510 secs] [Times: user=0.02 sys=0.00, real=0.01 secs] 
83742.064: [GC 83742.064: [ParNew: 210678K->1257K(235968K), 0.0075360 secs] 940122K->730751K(1546688K), 0.0077470 secs] [Times: user=0.03 sys=0.00, real=0.01 secs] 
83759.301: [GC 83759.301: [ParNew: 210996K->782K(235968K), 0.0092720 secs] 940490K->730320K(1546688K), 0.0095550 secs] [Times: user=0.03 sys=0.00, real=0.01 secs] 
83765.320: [GC 83765.321: [ParNew: 210554K->1083K(235968K), 0.0070040 secs] 940093K->730657K(1546688K), 0.0072480 secs] [Times: user=0.02 sys=0.00, real=0.01 secs] 
83786.850: [GC 83786.850: [ParNew: 210875K->1279K(235968K), 0.0073010 secs] 940449K->730897K(1546688K), 0.0075720 secs] [Times: user=0.03 sys=0.00, real=0.01 secs] 
83793.228: [GC 83793.228: [ParNew: 211071K->967K(235968K), 0.0070340 secs] 940689K->730631K(1546688K), 0.0073080 secs] [Times: user=0.02 sys=0.00, real=0.00 secs] 
83802.106: [GC 83802.106: [ParNew: 210759K->917K(235968K), 0.0100440 secs] 940422K->730629K(1546688K), 0.0103360 secs] [Times: user=0.03 sys=0.00, real=0.01 secs] 
83820.793: [GC 83820.793: [ParNew: 210698K->800K(235968K), 0.0146930 secs] 940410K->730575K(1546688K), 0.0149450 secs] [Times: user=0.03 sys=0.00, real=0.01 secs] 
83832.210: [GC 83832.210: [ParNew: 210592K->1056K(235968K), 0.0045440 secs] 940367K->730985K(1546688K), 0.0048340 secs] [Times: user=0.03 sys=0.00, real=0.00 secs] 
83846.866: [GC 83846.866: [ParNew: 210848K->1129K(235968K), 0.0070170 secs] 940777K->731112K(1546688K), 0.0072150 secs] [Times: user=0.03 sys=0.00, real=0.01 secs] 
83853.236: [GC 83853.236: [ParNew: 210916K->1078K(235968K), 0.0048210 secs] 940899K->731113K(1546688K), 0.0050710 secs] [Times: user=0.03 sys=0.00, real=0.01 secs] 
83862.112: [GC 83862.112: [ParNew: 210870K->1073K(235968K), 0.0081490 secs] 940905K->731163K(1546688K), 0.0084190 secs] [Times: user=0.02 sys=0.00, real=0.01 secs] 
83879.628: [GC 83879.629: [ParNew: 210865K->442K(235968K), 0.0084590 secs] 940955K->730587K(1546688K), 0.0086560 secs] [Times: user=0.03 sys=0.00, real=0.01 secs] 
83892.220: [GC 83892.220: [ParNew: 210234K->703K(235968K), 0.0088220 secs] 940379K->730896K(1546688K), 0.0091130 secs] [Times: user=0.03 sys=0.00, real=0.01 secs] 
83908.043: [GC 83908.043: [ParNew: 210475K->659K(235968K), 0.0173580 secs] 940668K->730905K(1546688K), 0.0176290 secs] [Times: user=0.03 sys=0.00, real=0.02 secs] 
83913.273: [GC 83913.273: [ParNew: 210451K->701K(235968K), 0.0061590 secs] 940697K->731006K(1546688K), 0.0064430 secs] [Times: user=0.03 sys=0.01, real=0.01 secs] 
83934.091: [GC 83934.091: [ParNew: 210492K->732K(235968K), 0.0097040 secs] 940797K->731073K(1546688K), 0.0099820 secs] [Times: user=0.02 sys=0.00, real=0.01 secs] 
83940.841: [GC 83940.841: [ParNew: 210417K->738K(235968K), 0.0086740 secs] 940758K->731120K(1546688K), 0.0089190 secs] [Times: user=0.03 sys=0.00, real=0.01 secs] 
83952.263: [GC 83952.263: [ParNew: 210488K->1024K(235968K), 0.0068160 secs] 940871K->731453K(1546688K), 0.0070310 secs] [Times: user=0.03 sys=0.00, real=0.00 secs] 
83968.075: [GC 83968.075: [ParNew: 210816K->878K(235968K), 0.0064470 secs] 941245K->731351K(1546688K), 0.0066620 secs] [Times: user=0.03 sys=0.00, real=0.01 secs] 
83973.448: [GC 83973.448: [ParNew: 210636K->907K(235968K), 0.0067600 secs] 941109K->731424K(1546688K), 0.0069600 secs] [Times: user=0.03 sys=0.00, real=0.01 secs] 
83994.107: [GC 83994.107: [ParNew: 210690K->892K(235968K), 0.0084770 secs] 941207K->731463K(1546688K), 0.0086870 secs] [Times: user=0.03 sys=0.00, real=0.01 secs] 
84000.866: [GC 84000.866: [ParNew: 210664K->773K(235968K), 0.0049920 secs] 941235K->731400K(1546688K), 0.0052390 secs] [Times: user=0.03 sys=0.00, real=0.00 secs] 
84012.283: [GC 84012.284: [ParNew: 210565K->976K(235968K), 0.0063180 secs] 941192K->731662K(1546688K), 0.0065340 secs] [Times: user=0.03 sys=0.00, real=0.00 secs] 
84028.113: [GC 84028.114: [ParNew: 210768K->962K(235968K), 0.0106610 secs] 941454K->731705K(1546688K), 0.0108800 secs] [Times: user=0.03 sys=0.00, real=0.01 secs] 
84033.468: [GC 84033.468: [ParNew: 210754K->932K(235968K), 0.0065160 secs] 941497K->731829K(1546688K), 0.0068630 secs] [Times: user=0.03 sys=0.00, real=0.01 secs] 
84057.797: [GC 84057.798: [ParNew: 210724K->824K(235968K), 0.0044590 secs] 941621K->731775K(1546688K), 0.0047580 secs] [Times: user=0.03 sys=0.00, real=0.00 secs] 
84063.366: [GC 84063.366: [ParNew: 210616K->989K(235968K), 0.0074940 secs] 941567K->732029K(1546688K), 0.0077230 secs] [Times: user=0.03 sys=0.00, real=0.00 secs] 
84077.456: [GC 84077.456: [ParNew: 210781K->1027K(235968K), 0.0050130 secs] 941821K->732117K(1546688K), 0.0052950 secs] [Times: user=0.03 sys=0.00, real=0.00 secs] 
84088.434: [GC 84088.434: [ParNew: 210819K->763K(235968K), 0.0119790 secs] 941909K->731897K(1546688K), 0.0121680 secs] [Times: user=0.04 sys=0.00, real=0.01 secs] 
84095.156: [GC 84095.156: [ParNew: 210555K->753K(235968K), 0.0051540 secs] 941689K->731962K(1546688K), 0.0054410 secs] [Times: user=0.02 sys=0.00, real=0.01 secs] 
84117.849: [GC 84117.849: [ParNew: 210506K->912K(235968K), 0.0042220 secs] 941715K->732165K(1546688K), 0.0044820 secs] [Times: user=0.03 sys=0.01, real=0.00 secs] 
84123.428: [GC 84123.428: [ParNew: 210678K->781K(235968K), 0.0041710 secs] 941931K->732077K(1546688K), 0.0044320 secs] [Times: user=0.03 sys=0.00, real=0.00 secs] 
84141.768: [GC 84141.768: [ParNew: 210573K->498K(235968K), 0.0164550 secs] 941869K->731843K(1546688K), 0.0167730 secs] [Times: user=0.04 sys=0.00, real=0.02 secs] 
84149.164: [GC 84149.164: [ParNew: 210290K->912K(235968K), 0.0085020 secs] 941635K->732301K(1546688K), 0.0087670 secs] [Times: user=0.02 sys=0.00, real=0.01 secs] 
84162.151: [GC 84162.151: [ParNew: 210704K->957K(235968K), 0.0056920 secs] 942093K->732466K(1546688K), 0.0059700 secs] [Times: user=0.03 sys=0.00, real=0.00 secs] 
84179.373: [GC 84179.373: [ParNew: 210706K->945K(235968K), 0.0114780 secs] 942216K->732496K(1546688K), 0.0117080 secs] [Times: user=0.04 sys=0.00, real=0.01 secs] 
84185.372: [GC 84185.372: [ParNew: 210727K->1081K(235968K), 0.0115210 secs] 942279K->732669K(1546688K), 0.0117320 secs] [Times: user=0.03 sys=0.00, real=0.01 secs] 
84207.047: [GC 84207.048: [ParNew: 210873K->789K(235968K), 0.0059660 secs] 942461K->732421K(1546688K), 0.0062130 secs] [Times: user=0.03 sys=0.00, real=0.01 secs] 
84209.505: [GC 84209.505: [ParNew: 210581K->814K(235968K), 0.0071590 secs] 942213K->732501K(1546688K), 0.0073540 secs] [Times: user=0.03 sys=0.00, real=0.01 secs] 
84222.167: [GC 84222.168: [ParNew: 210606K->907K(235968K), 0.0072870 secs] 942293K->732643K(1546688K), 0.0075630 secs] [Times: user=0.03 sys=0.01, real=0.01 secs] 
84239.390: [GC 84239.390: [ParNew: 210699K->1125K(235968K), 0.0064700 secs] 942435K->732916K(1546688K), 0.0066920 secs] [Times: user=0.03 sys=0.00, real=0.01 secs] 
84245.393: [GC 84245.393: [ParNew: 210917K->913K(235968K), 0.0070170 secs] 942708K->732758K(1546688K), 0.0072180 secs] [Times: user=0.03 sys=0.00, real=0.01 secs] 
84267.051: [GC 84267.051: [ParNew: 210696K->1631K(235968K), 0.0054320 secs] 942541K->733521K(1546688K), 0.0056720 secs] [Times: user=0.03 sys=0.00, real=0.01 secs] 
84269.201: [GC 84269.201: [ParNew: 211417K->1110K(235968K), 0.0048900 secs] 943306K->733065K(1546688K), 0.0051520 secs] [Times: user=0.03 sys=0.00, real=0.01 secs] 
84282.184: [GC 84282.184: [ParNew: 210882K->1254K(235968K), 0.0045720 secs] 942838K->733258K(1546688K), 0.0048970 secs] [Times: user=0.03 sys=0.01, real=0.00 secs] 
84299.388: [GC 84299.389: [ParNew: 211046K->1275K(235968K), 0.0045110 secs] 943050K->733333K(1546688K), 0.0047940 secs] [Times: user=0.03 sys=0.00, real=0.00 secs] 
84305.393: [GC 84305.393: [ParNew: 210989K->1074K(235968K), 0.0044260 secs] 943048K->733181K(1546688K), 0.0046960 secs] [Times: user=0.03 sys=0.01, real=0.01 secs] 
84327.063: [GC 84327.064: [ParNew: 210866K->1045K(235968K), 0.0045700 secs] 942973K->733202K(1546688K), 0.0048700 secs] [Times: user=0.03 sys=0.00, real=0.00 secs] 
84329.199: [GC 84329.199: [ParNew: 210829K->1248K(235968K), 0.0048430 secs] 942986K->733467K(1546688K), 0.0051310 secs] [Times: user=0.03 sys=0.00, real=0.01 secs] 
84342.186: [GC 84342.186: [ParNew: 211031K->1161K(235968K), 0.0046570 secs] 943249K->733431K(1546688K), 0.0049430 secs] [Times: user=0.03 sys=0.00, real=0.01 secs] 
84359.401: [GC 84359.401: [ParNew: 210950K->931K(235968K), 0.0042160 secs] 943219K->733258K(1546688K), 0.0044890 secs] [Times: user=0.03 sys=0.00, real=0.00 secs] 
84365.406: [GC 84365.406: [ParNew: 210723K->891K(235968K), 0.0044680 secs] 943050K->733376K(1546688K), 0.0047290 secs] [Times: user=0.02 sys=0.00, real=0.01 secs] 
84387.071: [GC 84387.071: [ParNew: 210680K->1298K(235968K), 0.0045650 secs] 943165K->733831K(1546688K), 0.0048360 secs] [Times: user=0.03 sys=0.00, real=0.01 secs] 
84389.209: [GC 84389.209: [ParNew: 211009K->973K(235968K), 0.0043960 secs] 943542K->733557K(1546688K), 0.0046380 secs] [Times: user=0.03 sys=0.00, real=0.01 secs] 
84402.213: [GC 84402.213: [ParNew: 210763K->1077K(235968K), 0.0227410 secs] 943347K->733714K(1546688K), 0.0230120 secs] [Times: user=0.03 sys=0.00, real=0.02 secs] 
84419.424: [GC 84419.424: [ParNew: 210869K->897K(235968K), 0.0061520 secs] 943506K->733588K(1546688K), 0.0064240 secs] [Times: user=0.03 sys=0.00, real=0.01 secs] 
84425.428: [GC 84425.428: [ParNew: 210689K->943K(235968K), 0.0065070 secs] 943380K->733682K(1546688K), 0.0067330 secs] [Times: user=0.03 sys=0.00, real=0.00 secs] 
84447.110: [GC 84447.110: [ParNew: 210706K->1024K(235968K), 0.0064490 secs] 943445K->733807K(1546688K), 0.0067030 secs] [Times: user=0.02 sys=0.00, real=0.01 secs] 
84453.353: [GC 84453.354: [ParNew: 210816K->1250K(235968K), 0.0262190 secs] 943599K->734092K(1546688K), 0.0264840 secs] [Times: user=0.08 sys=0.00, real=0.02 secs] 
84462.243: [GC 84462.243: [ParNew: 211042K->1087K(235968K), 0.0068180 secs] 943884K->733982K(1546688K), 0.0070800 secs] [Times: user=0.02 sys=0.00, real=0.00 secs] 
84479.446: [GC 84479.446: [ParNew: 210879K->1005K(235968K), 0.0049350 secs] 943774K->733954K(1546688K), 0.0052020 secs] [Times: user=0.03 sys=0.00, real=0.01 secs] 
84489.476: [GC 84489.476: [ParNew: 210797K->726K(235968K), 0.0124650 secs] 943746K->733729K(1546688K), 0.0127270 secs] [Times: user=0.04 sys=0.00, real=0.02 secs] 
84507.134: [GC 84507.134: [ParNew: 210416K->918K(235968K), 0.0065810 secs] 943420K->733977K(1546688K), 0.0068880 secs] [Times: user=0.03 sys=0.00, real=0.01 secs] 
84513.380: [GC 84513.380: [ParNew: 210691K->935K(235968K), 0.0068300 secs] 943750K->734039K(1546688K), 0.0070190 secs] [Times: user=0.03 sys=0.00, real=0.01 secs] 
84534.163: [GC 84534.164: [ParNew: 210705K->1034K(235968K), 0.0108660 secs] 943809K->734180K(1546688K), 0.0111430 secs] [Times: user=0.04 sys=0.00, real=0.01 secs] 
84540.949: [GC 84540.950: [ParNew: 210787K->988K(235968K), 0.0049800 secs] 943933K->734170K(1546688K), 0.0052640 secs] [Times: user=0.03 sys=0.00, real=0.00 secs] 
84552.385: [GC 84552.385: [ParNew: 210772K->731K(235968K), 0.0049120 secs] 943955K->734063K(1546688K), 0.0052030 secs] [Times: user=0.03 sys=0.00, real=0.01 secs] 
84568.199: [GC 84568.199: [ParNew: 210523K->735K(235968K), 0.0078520 secs] 943855K->734110K(1546688K), 0.0080820 secs] [Times: user=0.04 sys=0.00, real=0.01 secs] 
84573.529: [GC 84573.530: [ParNew: 210527K->762K(235968K), 0.0059230 secs] 943902K->734183K(1546688K), 0.0061920 secs] [Times: user=0.02 sys=0.00, real=0.01 secs] 
84597.898: [GC 84597.898: [ParNew: 210554K->757K(235968K), 0.0083320 secs] 943975K->734233K(1546688K), 0.0085420 secs] [Times: user=0.03 sys=0.00, real=0.01 secs] 
84602.847: [GC 84602.847: [ParNew: 210549K->519K(235968K), 0.0187030 secs] 944025K->734050K(1546688K), 0.0189920 secs] [Times: user=0.04 sys=0.00, real=0.02 secs] 
84612.395: [GC 84612.395: [ParNew: 210296K->996K(235968K), 0.0090150 secs] 943826K->734580K(1546688K), 0.0092950 secs] [Times: user=0.03 sys=0.00, real=0.01 secs] 
84628.180: [GC 84628.181: [ParNew: 210781K->731K(235968K), 0.0203250 secs] 944365K->734372K(1546688K), 0.0207210 secs] [Times: user=0.04 sys=0.00, real=0.02 secs] 
84633.416: [GC 84633.417: [ParNew: 210523K->1079K(235968K), 0.0114560 secs] 944164K->734770K(1546688K), 0.0117320 secs] [Times: user=0.03 sys=0.00, real=0.01 secs] 
84649.711: [GC 84649.711: [ParNew: 210871K->692K(235968K), 0.0077410 secs] 944562K->734436K(1546688K), 0.0079960 secs] [Times: user=0.03 sys=0.00, real=0.01 secs] 
84659.483: [GC 84659.483: [ParNew: 210469K->1134K(235968K), 0.0075900 secs] 944214K->734933K(1546688K), 0.0078000 secs] [Times: user=0.03 sys=0.00, real=0.01 secs] 
84665.487: [GC 84665.487: [ParNew: 210926K->564K(235968K), 0.0060490 secs] 944725K->734558K(1546688K), 0.0063120 secs] [Times: user=0.02 sys=0.00, real=0.01 secs] 
84687.160: [GC 84687.160: [ParNew: 210354K->941K(235968K), 0.0061670 secs] 944349K->734991K(1546688K), 0.0063650 secs] [Times: user=0.02 sys=0.01, real=0.01 secs] 
84693.407: [GC 84693.407: [ParNew: 210700K->902K(235968K), 0.0065220 secs] 944750K->734999K(1546688K), 0.0068010 secs] [Times: user=0.03 sys=0.00, real=0.00 secs] 
84705.811: [GC 84705.812: [ParNew: 210694K->539K(235968K), 0.0063050 secs] 944791K->734685K(1546688K), 0.0065740 secs] [Times: user=0.02 sys=0.00, real=0.01 secs] 
84720.958: [GC 84720.958: [ParNew: 210324K->881K(235968K), 0.0046530 secs] 944470K->735076K(1546688K), 0.0049300 secs] [Times: user=0.03 sys=0.00, real=0.01 secs] 
84732.411: [GC 84732.411: [ParNew: 210673K->1145K(235968K), 0.0043240 secs] 944868K->735390K(1546688K), 0.0045910 secs] [Times: user=0.03 sys=0.00, real=0.00 secs] 
84748.228: [GC 84748.228: [ParNew: 210937K->1100K(235968K), 0.0125990 secs] 945182K->735402K(1546688K), 0.0129220 secs] [Times: user=0.03 sys=0.00, real=0.01 secs] 
84753.539: [GC 84753.539: [ParNew: 210892K->667K(235968K), 0.0064550 secs] 945194K->735013K(1546688K), 0.0066520 secs] [Times: user=0.03 sys=0.00, real=0.01 secs] 
84774.217: [GC 84774.217: [ParNew: 210452K->844K(235968K), 0.0059230 secs] 944798K->735338K(1546688K), 0.0061930 secs] [Times: user=0.03 sys=0.00, real=0.01 secs] 
84781.000: [GC 84781.000: [ParNew: 210636K->424K(235968K), 0.0054310 secs] 945130K->734967K(1546688K), 0.0056970 secs] [Times: user=0.02 sys=0.00, real=0.01 secs] 
84795.320: [GC 84795.320: [ParNew: 210216K->434K(235968K), 0.0067370 secs] 944759K->735031K(1546688K), 0.0069370 secs] [Times: user=0.03 sys=0.01, real=0.00 secs] 
84808.259: [GC 84808.260: [ParNew: 210226K->943K(235968K), 0.0099730 secs] 944823K->735596K(1546688K), 0.0102880 secs] [Times: user=0.02 sys=0.00, real=0.01 secs] 
84813.562: [GC 84813.562: [ParNew: 210699K->822K(235968K), 0.0102360 secs] 945353K->735520K(1546688K), 0.0105200 secs] [Times: user=0.02 sys=0.00, real=0.01 secs] 
84837.942: [GC 84837.943: [ParNew: 210586K->991K(235968K), 0.0081630 secs] 945284K->735744K(1546688K), 0.0084260 secs] [Times: user=0.03 sys=0.00, real=0.00 secs] 
84843.655: [GC 84843.656: [ParNew: 210783K->1055K(235968K), 0.0088170 secs] 945536K->735857K(1546688K), 0.0090910 secs] [Times: user=0.02 sys=0.00, real=0.01 secs] 
84857.714: [GC 84857.715: [ParNew: 210847K->928K(235968K), 0.0077460 secs] 945649K->735782K(1546688K), 0.0079500 secs] [Times: user=0.03 sys=0.00, real=0.01 secs] 
84868.216: [GC 84868.216: [ParNew: 210659K->1140K(235968K), 0.0150630 secs] 945513K->736054K(1546688K), 0.0154310 secs] [Times: user=0.04 sys=0.00, real=0.02 secs] 
84873.457: [GC 84873.457: [ParNew: 210918K->1294K(235968K), 0.0069650 secs] 945833K->736384K(1546688K), 0.0072170 secs] [Times: user=0.02 sys=0.00, real=0.01 secs] 
84882.339: [GC 84882.339: [ParNew: 211042K->1439K(235968K), 0.0221190 secs] 946133K->736583K(1546688K), 0.0223090 secs] [Times: user=0.03 sys=0.00, real=0.02 secs] 
84899.525: [GC 84899.525: [ParNew: 211136K->1988K(235968K), 0.0098380 secs] 946280K->737187K(1546688K), 0.0101140 secs] [Times: user=0.03 sys=0.00, real=0.01 secs] 
84905.538: [GC 84905.538: [ParNew: 211737K->2418K(235968K), 0.0111320 secs] 946936K->737802K(1546688K), 0.0114220 secs] [Times: user=0.04 sys=0.00, real=0.01 secs] 
84927.172: [GC 84927.172: [ParNew: 212210K->2336K(235968K), 0.0075930 secs] 947594K->737780K(1546688K), 0.0077940 secs] [Times: user=0.03 sys=0.00, real=0.01 secs] 
84929.280: [GC 84929.280: [ParNew: 212128K->1794K(235968K), 0.0205480 secs] 947572K->737834K(1546688K), 0.0208140 secs] [Times: user=0.06 sys=0.01, real=0.02 secs] 
84942.327: [GC 84942.327: [ParNew: 211586K->1179K(235968K), 0.0074100 secs] 947626K->737291K(1546688K), 0.0076610 secs] [Times: user=0.03 sys=0.00, real=0.00 secs] 
84959.513: [GC 84959.513: [ParNew: 210918K->1116K(235968K), 0.0076090 secs] 947030K->737287K(1546688K), 0.0078690 secs] [Times: user=0.02 sys=0.00, real=0.01 secs] 
84965.516: [GC 84965.516: [ParNew: 210908K->1054K(235968K), 0.0239180 secs] 947079K->737339K(1546688K), 0.0242190 secs] [Times: user=0.04 sys=0.01, real=0.02 secs] 
84987.195: [GC 84987.195: [ParNew: 210846K->1143K(235968K), 0.0062420 secs] 947131K->737472K(1546688K), 0.0065130 secs] [Times: user=0.04 sys=0.00, real=0.01 secs] 
84993.450: [GC 84993.450: [ParNew: 210935K->1026K(235968K), 0.0073720 secs] 947264K->737434K(1546688K), 0.0075560 secs] [Times: user=0.03 sys=0.00, real=0.00 secs] 
85002.349: [GC 85002.350: [ParNew: 210816K->931K(235968K), 0.0071110 secs] 947224K->737565K(1546688K), 0.0073550 secs] [Times: user=0.03 sys=0.01, real=0.01 secs] 
85019.533: [GC 85019.534: [ParNew: 210633K->868K(235968K), 0.0050710 secs] 947268K->737557K(1546688K), 0.0053490 secs] [Times: user=0.03 sys=0.00, real=0.01 secs] 
85025.532: [GC 85025.533: [ParNew: 210660K->969K(235968K), 0.0063960 secs] 947349K->737712K(1546688K), 0.0065860 secs] [Times: user=0.02 sys=0.00, real=0.01 secs] 
85047.220: [GC 85047.220: [ParNew: 210718K->813K(235968K), 0.0046540 secs] 947462K->737604K(1546688K), 0.0049240 secs] [Times: user=0.03 sys=0.00, real=0.00 secs] 
85053.477: [GC 85053.478: [ParNew: 210605K->859K(235968K), 0.0077180 secs] 947396K->737701K(1546688K), 0.0079920 secs] [Times: user=0.02 sys=0.00, real=0.01 secs] 
85062.364: [GC 85062.364: [ParNew: 210651K->1159K(235968K), 0.0061220 secs] 947493K->738050K(1546688K), 0.0063680 secs] [Times: user=0.03 sys=0.00, real=0.01 secs] 
85079.556: [GC 85079.557: [ParNew: 210951K->970K(235968K), 0.0054500 secs] 947842K->737915K(1546688K), 0.0056770 secs] [Times: user=0.03 sys=0.00, real=0.00 secs] 
85085.553: [GC 85085.553: [ParNew: 210762K->992K(235968K), 0.0053170 secs] 947707K->738091K(1546688K), 0.0055390 secs] [Times: user=0.02 sys=0.00, real=0.01 secs] 
85107.235: [GC 85107.235: [ParNew: 210784K->958K(235968K), 0.0065470 secs] 947883K->738126K(1546688K), 0.0067790 secs] [Times: user=0.02 sys=0.00, real=0.01 secs] 
85113.491: [GC 85113.491: [ParNew: 210750K->1384K(235968K), 0.0057310 secs] 947918K->738600K(1546688K), 0.0059490 secs] [Times: user=0.03 sys=0.00, real=0.00 secs] 
85131.641: [GC 85131.641: [ParNew: 211176K->503K(235968K), 0.0074310 secs] 948392K->737807K(1546688K), 0.0076580 secs] [Times: user=0.03 sys=0.00, real=0.01 secs] 
85139.619: [GC 85139.620: [ParNew: 210295K->668K(235968K), 0.0063260 secs] 947599K->738026K(1546688K), 0.0065450 secs] [Times: user=0.03 sys=0.00, real=0.01 secs] 
85145.565: [GC 85145.565: [ParNew: 210415K->1019K(235968K), 0.0080280 secs] 947773K->738433K(1546688K), 0.0083210 secs] [Times: user=0.02 sys=0.00, real=0.00 secs] 
85167.245: [GC 85167.245: [ParNew: 210794K->1007K(235968K), 0.0065290 secs] 948208K->738483K(1546688K), 0.0067510 secs] [Times: user=0.03 sys=0.00, real=0.01 secs] 
85173.619: [GC 85173.620: [ParNew: 210799K->1243K(235968K), 0.0133910 secs] 948275K->738756K(1546688K), 0.0137850 secs] [Times: user=0.03 sys=0.00, real=0.02 secs] 
85194.249: [GC 85194.249: [ParNew: 211034K->899K(235968K), 0.0255530 secs] 948547K->738461K(1546688K), 0.0258350 secs] [Times: user=0.03 sys=0.00, real=0.02 secs] 
85201.053: [GC 85201.054: [ParNew: 210668K->1236K(235968K), 0.0078190 secs] 948231K->738843K(1546688K), 0.0080670 secs] [Times: user=0.02 sys=0.00, real=0.01 secs] 
85212.523: [GC 85212.523: [ParNew: 211009K->837K(235968K), 0.0058650 secs] 948617K->738649K(1546688K), 0.0061150 secs] [Times: user=0.03 sys=0.00, real=0.01 secs] 
85228.345: [GC 85228.345: [ParNew: 210629K->738K(235968K), 0.0079950 secs] 948441K->738600K(1546688K), 0.0082830 secs] [Times: user=0.03 sys=0.00, real=0.01 secs] 
85233.662: [GC 85233.662: [ParNew: 210530K->971K(235968K), 0.0052570 secs] 948392K->738873K(1546688K), 0.0055450 secs] [Times: user=0.03 sys=0.00, real=0.00 secs] 
85254.309: [GC 85254.309: [ParNew: 210763K->852K(235968K), 0.0125340 secs] 948665K->738808K(1546688K), 0.0128620 secs] [Times: user=0.03 sys=0.00, real=0.01 secs] 
85261.094: [GC 85261.094: [ParNew: 210644K->1199K(235968K), 0.0087460 secs] 948600K->739213K(1546688K), 0.0089420 secs] [Times: user=0.04 sys=0.00, real=0.01 secs] 
85272.562: [GC 85272.563: [ParNew: 210943K->899K(235968K), 0.0075480 secs] 948957K->738967K(1546688K), 0.0077530 secs] [Times: user=0.03 sys=0.00, real=0.01 secs] 
85288.342: [GC 85288.342: [ParNew: 210669K->956K(235968K), 0.0130840 secs] 948737K->739080K(1546688K), 0.0133000 secs] [Times: user=0.03 sys=0.00, real=0.01 secs] 
85293.685: [GC 85293.685: [ParNew: 210748K->1327K(235968K), 0.0080070 secs] 948872K->739496K(1546688K), 0.0081820 secs] [Times: user=0.02 sys=0.00, real=0.01 secs] 
85318.039: [GC 85318.039: [ParNew: 211119K->887K(235968K), 0.0062130 secs] 949288K->739242K(1546688K), 0.0064990 secs] [Times: user=0.03 sys=0.00, real=0.00 secs] 
85323.763: [GC 85323.763: [ParNew: 210679K->450K(235968K), 0.0130010 secs] 949034K->738847K(1546688K), 0.0132660 secs] [Times: user=0.03 sys=0.00, real=0.02 secs] 
85337.817: [GC 85337.817: [ParNew: 210242K->821K(235968K), 0.0060760 secs] 948639K->739258K(1546688K), 0.0062870 secs] [Times: user=0.02 sys=0.00, real=0.00 secs] 
85348.612: [GC 85348.612: [ParNew: 210583K->874K(235968K), 0.0057440 secs] 949021K->739354K(1546688K), 0.0059970 secs] [Times: user=0.02 sys=0.00, real=0.01 secs] 
85355.329: [GC 85355.329: [ParNew: 210644K->933K(235968K), 0.0076160 secs] 949125K->739463K(1546688K), 0.0078760 secs] [Times: user=0.03 sys=0.00, real=0.01 secs] 
85378.060: [GC 85378.060: [ParNew: 210662K->950K(235968K), 0.0060750 secs] 949191K->739534K(1546688K), 0.0062890 secs] [Times: user=0.03 sys=0.00, real=0.00 secs] 
85383.800: [GC 85383.801: [ParNew: 210742K->779K(235968K), 0.0122900 secs] 949326K->739419K(1546688K), 0.0125740 secs] [Times: user=0.03 sys=0.00, real=0.01 secs] 
85397.824: [GC 85397.824: [ParNew: 210513K->1595K(235968K), 0.0093520 secs] 949153K->740298K(1546688K), 0.0095930 secs] [Times: user=0.03 sys=0.00, real=0.01 secs] 
85408.606: [GC 85408.606: [ParNew: 211387K->1204K(235968K), 0.0070870 secs] 950090K->739964K(1546688K), 0.0073380 secs] [Times: user=0.02 sys=0.00, real=0.01 secs] 
85415.325: [GC 85415.326: [ParNew: 210996K->1090K(235968K), 0.0064090 secs] 949756K->739903K(1546688K), 0.0067010 secs] [Times: user=0.03 sys=0.00, real=0.01 secs] 
85438.076: [GC 85438.076: [ParNew: 210882K->886K(235968K), 0.0053850 secs] 949695K->739752K(1546688K), 0.0056410 secs] [Times: user=0.03 sys=0.00, real=0.01 secs] 
85443.811: [GC 85443.811: [ParNew: 210678K->707K(235968K), 0.0089640 secs] 949544K->739697K(1546688K), 0.0091980 secs] [Times: user=0.03 sys=0.00, real=0.01 secs] 
85457.861: [GC 85457.861: [ParNew: 210499K->873K(235968K), 0.0051390 secs] 949489K->740027K(1546688K), 0.0053870 secs] [Times: user=0.03 sys=0.00, real=0.01 secs] 
85469.334: [GC 85469.334: [ParNew: 210649K->850K(235968K), 0.0091210 secs] 949803K->740047K(1546688K), 0.0093830 secs] [Times: user=0.03 sys=0.00, real=0.00 secs] 
85475.369: [GC 85475.369: [ParNew: 210609K->764K(235968K), 0.0410160 secs] 949806K->740011K(1546688K), 0.0413260 secs] [Times: user=0.02 sys=0.00, real=0.04 secs] 
85499.601: [GC 85499.601: [ParNew: 210556K->1084K(235968K), 0.0090700 secs] 949803K->740385K(1546688K), 0.0093160 secs] [Times: user=0.03 sys=0.00, real=0.01 secs] 
85505.594: [GC 85505.595: [ParNew: 210876K->726K(235968K), 0.0065880 secs] 950177K->740075K(1546688K), 0.0068600 secs] [Times: user=0.02 sys=0.00, real=0.01 secs] 
85527.279: [GC 85527.280: [ParNew: 210518K->947K(235968K), 0.0050570 secs] 949867K->740370K(1546688K), 0.0053250 secs] [Times: user=0.02 sys=0.00, real=0.01 secs] 
85529.355: [GC 85529.355: [ParNew: 210739K->868K(235968K), 0.0053650 secs] 950162K->740335K(1546688K), 0.0055300 secs] [Times: user=0.03 sys=0.00, real=0.00 secs] 
85542.448: [GC 85542.448: [ParNew: 210660K->810K(235968K), 0.0109920 secs] 950127K->740420K(1546688K), 0.0111740 secs] [Times: user=0.02 sys=0.00, real=0.01 secs] 
85559.638: [GC 85559.639: [ParNew: 210602K->799K(235968K), 0.0103600 secs] 950212K->740454K(1546688K), 0.0106280 secs] [Times: user=0.02 sys=0.00, real=0.02 secs] 
85565.637: [GC 85565.637: [ParNew: 210549K->608K(235968K), 0.0057830 secs] 950204K->740304K(1546688K), 0.0060480 secs] [Times: user=0.02 sys=0.00, real=0.01 secs] 
85587.319: [GC 85587.319: [ParNew: 210276K->864K(235968K), 0.0066240 secs] 949973K->740604K(1546688K), 0.0069170 secs] [Times: user=0.03 sys=0.00, real=0.01 secs] 
85593.685: [GC 85593.685: [ParNew: 210656K->1417K(235968K), 0.0091430 secs] 950396K->741206K(1546688K), 0.0093340 secs] [Times: user=0.03 sys=0.01, real=0.01 secs] 
85602.469: [GC 85602.469: [ParNew: 211209K->915K(235968K), 0.0073480 secs] 950998K->740754K(1546688K), 0.0075280 secs] [Times: user=0.03 sys=0.00, real=0.01 secs] 
85619.664: [GC 85619.664: [ParNew: 210698K->768K(235968K), 0.0274370 secs] 950536K->740663K(1546688K), 0.0277280 secs] [Times: user=0.03 sys=0.00, real=0.03 secs] 
85630.945: [GC 85630.945: [ParNew: 210560K->505K(235968K), 0.0118080 secs] 950455K->740457K(1546688K), 0.0120520 secs] [Times: user=0.04 sys=0.00, real=0.01 secs] 
85648.372: [GC 85648.372: [ParNew: 210297K->782K(235968K), 0.0069650 secs] 950249K->740795K(1546688K), 0.0072560 secs] [Times: user=0.02 sys=0.00, real=0.01 secs] 
85653.703: [GC 85653.703: [ParNew: 210574K->725K(235968K), 0.0066200 secs] 950587K->740887K(1546688K), 0.0068850 secs] [Times: user=0.03 sys=0.00, real=0.01 secs] 
85674.380: [GC 85674.380: [ParNew: 210517K->620K(235968K), 0.0304620 secs] 950679K->740818K(1546688K), 0.0308830 secs] [Times: user=0.03 sys=0.01, real=0.03 secs] 
85681.154: [GC 85681.154: [ParNew: 210412K->1007K(235968K), 0.0135580 secs] 950610K->741242K(1546688K), 0.0137600 secs] [Times: user=0.03 sys=0.00, real=0.01 secs] 
85692.641: [GC 85692.641: [ParNew: 210764K->1210K(235968K), 0.0072340 secs] 950998K->741485K(1546688K), 0.0074360 secs] [Times: user=0.03 sys=0.00, real=0.01 secs] 
85708.425: [GC 85708.425: [ParNew: 210977K->968K(235968K), 0.0078460 secs] 951253K->741288K(1546688K), 0.0081380 secs] [Times: user=0.02 sys=0.00, real=0.01 secs] 
85713.735: [GC 85713.735: [ParNew: 210758K->1197K(235968K), 0.0068090 secs] 951077K->741561K(1546688K), 0.0070090 secs] [Times: user=0.02 sys=0.00, real=0.00 secs] 
85735.383: [GC 85735.383: [ParNew: 210989K->695K(235968K), 0.0060740 secs] 951353K->741117K(1546688K), 0.0062810 secs] [Times: user=0.02 sys=0.00, real=0.00 secs] 
85741.187: [GC 85741.187: [ParNew: 210487K->1268K(235968K), 0.0062700 secs] 950909K->741746K(1546688K), 0.0064680 secs] [Times: user=0.03 sys=0.00, real=0.01 secs] 
85752.663: [GC 85752.663: [ParNew: 211060K->919K(235968K), 0.0073370 secs] 951538K->741453K(1546688K), 0.0075420 secs] [Times: user=0.03 sys=0.00, real=0.01 secs] 
85768.456: [GC 85768.456: [ParNew: 210679K->1057K(235968K), 0.0073470 secs] 951213K->741647K(1546688K), 0.0076260 secs] [Times: user=0.03 sys=0.00, real=0.01 secs] 
85773.754: [GC 85773.755: [ParNew: 210849K->879K(235968K), 0.0049080 secs] 951439K->741651K(1546688K), 0.0051520 secs] [Times: user=0.02 sys=0.00, real=0.01 secs] 
85798.114: [GC 85798.114: [ParNew: 210671K->853K(235968K), 0.0078300 secs] 951443K->741680K(1546688K), 0.0080890 secs] [Times: user=0.02 sys=0.00, real=0.01 secs] 
85803.833: [GC 85803.833: [ParNew: 210645K->785K(235968K), 0.0121630 secs] 951472K->741670K(1546688K), 0.0124560 secs] [Times: user=0.03 sys=0.00, real=0.01 secs] 
85813.907: [GC 85813.907: [ParNew: 210577K->964K(235968K), 0.0060710 secs] 951462K->741905K(1546688K), 0.0062760 secs] [Times: user=0.03 sys=0.00, real=0.01 secs] 
85828.456: [GC 85828.456: [ParNew: 210756K->1280K(235968K), 0.0116350 secs] 951697K->742277K(1546688K), 0.0118510 secs] [Times: user=0.04 sys=0.00, real=0.02 secs] 
85833.757: [GC 85833.757: [ParNew: 211059K->1621K(235968K), 0.0067290 secs] 952056K->742672K(1546688K), 0.0069250 secs] [Times: user=0.03 sys=0.00, real=0.00 secs] 
85858.126: [GC 85858.126: [ParNew: 211413K->983K(235968K), 0.0092040 secs] 952464K->742088K(1546688K), 0.0093850 secs] [Times: user=0.03 sys=0.00, real=0.01 secs] 
85863.864: [GC 85863.864: [ParNew: 210775K->1479K(235968K), 0.0110030 secs] 951880K->742893K(1546688K), 0.0112920 secs] [Times: user=0.04 sys=0.00, real=0.01 secs] 
85872.682: [GC 85872.682: [ParNew: 211271K->1021K(235968K), 0.0081290 secs] 952685K->742489K(1546688K), 0.0083320 secs] [Times: user=0.02 sys=0.00, real=0.01 secs] 
85888.475: [GC 85888.475: [ParNew: 210813K->844K(235968K), 0.0147490 secs] 952281K->742372K(1546688K), 0.0149560 secs] [Times: user=0.04 sys=0.00, real=0.02 secs] 
85893.765: [GC 85893.765: [ParNew: 210620K->1241K(235968K), 0.0056200 secs] 952148K->742819K(1546688K), 0.0058220 secs] [Times: user=0.02 sys=0.00, real=0.01 secs] 
85914.405: [GC 85914.405: [ParNew: 211033K->911K(235968K), 0.0119140 secs] 952611K->742553K(1546688K), 0.0122000 secs] [Times: user=0.04 sys=0.01, real=0.01 secs] 
85921.205: [GC 85921.205: [ParNew: 210686K->958K(235968K), 0.0161350 secs] 952329K->742643K(1546688K), 0.0163840 secs] [Times: user=0.03 sys=0.00, real=0.01 secs] 
85932.677: [GC 85932.677: [ParNew: 210687K->1219K(235968K), 0.0076030 secs] 952372K->742960K(1546688K), 0.0078820 secs] [Times: user=0.04 sys=0.00, real=0.01 secs] 
85948.458: [GC 85948.458: [ParNew: 211011K->1045K(235968K), 0.0067840 secs] 952752K->742843K(1546688K), 0.0071210 secs] [Times: user=0.03 sys=0.00, real=0.01 secs] 
85953.755: [GC 85953.755: [ParNew: 210837K->1123K(235968K), 0.0095500 secs] 952635K->743005K(1546688K), 0.0097560 secs] [Times: user=0.03 sys=0.00, real=0.01 secs] 
85974.408: [GC 85974.408: [ParNew: 210915K->999K(235968K), 0.0208490 secs] 952797K->742934K(1546688K), 0.0211160 secs] [Times: user=0.04 sys=0.00, real=0.02 secs] 
85981.200: [GC 85981.200: [ParNew: 210733K->669K(235968K), 0.0076620 secs] 952669K->742663K(1546688K), 0.0079180 secs] [Times: user=0.02 sys=0.00, real=0.01 secs] 
85992.696: [GC 85992.696: [ParNew: 210461K->1019K(235968K), 0.0092880 secs] 952455K->743063K(1546688K), 0.0095300 secs] [Times: user=0.03 sys=0.00, real=0.01 secs] 
86008.481: [GC 86008.482: [ParNew: 210811K->1460K(235968K), 0.0130010 secs] 952855K->743553K(1546688K), 0.0132100 secs] [Times: user=0.03 sys=0.00, real=0.01 secs] 
86013.774: [GC 86013.774: [ParNew: 211252K->1541K(235968K), 0.0093270 secs] 953345K->743786K(1546688K), 0.0095090 secs] [Times: user=0.03 sys=0.00, real=0.01 secs] 
86034.447: [GC 86034.447: [ParNew: 211333K->1047K(235968K), 0.0215690 secs] 953578K->743353K(1546688K), 0.0218390 secs] [Times: user=0.05 sys=0.00, real=0.02 secs] 
86041.241: [GC 86041.241: [ParNew: 210839K->1141K(235968K), 0.0075700 secs] 953145K->743523K(1546688K), 0.0078320 secs] [Times: user=0.03 sys=0.00, real=0.01 secs] 
86052.839: [GC 86052.839: [ParNew: 210933K->993K(235968K), 0.0073340 secs] 953315K->743570K(1546688K), 0.0076080 secs] [Times: user=0.03 sys=0.00, real=0.01 secs] 
86068.533: [GC 86068.534: [ParNew: 210785K->786K(235968K), 0.0059400 secs] 953362K->743428K(1546688K), 0.0061900 secs] [Times: user=0.03 sys=0.00, real=0.01 secs] 
86073.804: [GC 86073.804: [ParNew: 210557K->1076K(235968K), 0.0063120 secs] 953199K->743766K(1546688K), 0.0065510 secs] [Times: user=0.02 sys=0.00, real=0.01 secs] 
86094.449: [GC 86094.449: [ParNew: 210842K->1401K(235968K), 0.0063070 secs] 953531K->744147K(1546688K), 0.0065460 secs] [Times: user=0.03 sys=0.00, real=0.01 secs] 
86101.250: [GC 86101.250: [ParNew: 211193K->1116K(235968K), 0.0094430 secs] 953939K->743920K(1546688K), 0.0096200 secs] [Times: user=0.03 sys=0.00, real=0.01 secs] 
86112.719: [GC 86112.719: [ParNew: 210890K->1160K(235968K), 0.0058320 secs] 953694K->744018K(1546688K), 0.0060540 secs] [Times: user=0.03 sys=0.00, real=0.01 secs] 
86128.536: [GC 86128.536: [ParNew: 210952K->1102K(235968K), 0.0076400 secs] 953810K->744017K(1546688K), 0.0079490 secs] [Times: user=0.03 sys=0.00, real=0.01 secs] 
86133.805: [GC 86133.805: [ParNew: 210886K->1151K(235968K), 0.0052850 secs] 953801K->744219K(1546688K), 0.0055490 secs] [Times: user=0.02 sys=0.00, real=0.01 secs] 
86154.452: [GC 86154.452: [ParNew: 210908K->1147K(235968K), 0.0044610 secs] 953976K->744275K(1546688K), 0.0047300 secs] [Times: user=0.03 sys=0.00, real=0.01 secs] 
86161.278: [GC 86161.278: [ParNew: 210912K->1016K(235968K), 0.0127130 secs] 954040K->744247K(1546688K), 0.0129680 secs] [Times: user=0.03 sys=0.00, real=0.01 secs] 
86172.744: [GC 86172.745: [ParNew: 210808K->998K(235968K), 0.0070580 secs] 954039K->744285K(1546688K), 0.0073300 secs] [Times: user=0.03 sys=0.00, real=0.00 secs] 
86188.546: [GC 86188.546: [ParNew: 210763K->941K(235968K), 0.0052060 secs] 954049K->744283K(1546688K), 0.0054740 secs] [Times: user=0.03 sys=0.00, real=0.01 secs] 
86193.820: [GC 86193.820: [ParNew: 210733K->748K(235968K), 0.0073380 secs] 954075K->744139K(1546688K), 0.0075180 secs] [Times: user=0.03 sys=0.00, real=0.00 secs] 
86214.466: [GC 86214.466: [ParNew: 210540K->1079K(235968K), 0.0060290 secs] 953931K->744529K(1546688K), 0.0063090 secs] [Times: user=0.02 sys=0.00, real=0.01 secs] 
86221.446: [GC 86221.446: [ParNew: 210871K->860K(235968K), 0.0079070 secs] 954321K->744463K(1546688K), 0.0081620 secs] [Times: user=0.02 sys=0.00, real=0.00 secs] 
86232.770: [GC 86232.770: [ParNew: 210598K->802K(235968K), 0.0121930 secs] 954201K->744469K(1546688K), 0.0124450 secs] [Times: user=0.05 sys=0.00, real=0.01 secs] 
86248.579: [GC 86248.579: [ParNew: 210594K->1162K(235968K), 0.0055730 secs] 954261K->744886K(1546688K), 0.0058690 secs] [Times: user=0.03 sys=0.00, real=0.01 secs] 
86253.838: [GC 86253.838: [ParNew: 210951K->1167K(235968K), 0.0051440 secs] 954675K->744945K(1546688K), 0.0053860 secs] [Times: user=0.03 sys=0.00, real=0.01 secs] 
86274.455: [GC 86274.455: [ParNew: 210955K->937K(235968K), 0.0074360 secs] 954733K->744804K(1546688K), 0.0077040 secs] [Times: user=0.03 sys=0.00, real=0.01 secs] 
86281.274: [GC 86281.274: [ParNew: 210729K->1471K(235968K), 0.0112490 secs] 954596K->745394K(1546688K), 0.0115560 secs] [Times: user=0.03 sys=0.00, real=0.02 secs] 
86292.760: [GC 86292.760: [ParNew: 211210K->677K(235968K), 0.0068260 secs] 955132K->744770K(1546688K), 0.0070840 secs] [Times: user=0.03 sys=0.00, real=0.01 secs] 
86308.547: [GC 86308.547: [ParNew: 210469K->1187K(235968K), 0.0157080 secs] 954562K->745337K(1546688K), 0.0159960 secs] [Times: user=0.03 sys=0.00, real=0.02 secs] 
86313.824: [GC 86313.825: [ParNew: 210977K->1205K(235968K), 0.0073250 secs] 955128K->745406K(1546688K), 0.0076040 secs] [Times: user=0.02 sys=0.00, real=0.01 secs] 
86331.446: [GC 86331.446: [ParNew: 210997K->1043K(235968K), 0.0090480 secs] 955198K->745320K(1546688K), 0.0093000 secs] [Times: user=0.02 sys=0.00, real=0.01 secs] 
86341.267: [GC 86341.267: [ParNew: 210819K->1042K(235968K), 0.0250030 secs] 955097K->745374K(1546688K), 0.0253320 secs] [Times: user=0.04 sys=0.00, real=0.02 secs] 
86345.784: [GC 86345.784: [ParNew: 210815K->1489K(235968K), 0.0094410 secs] 955146K->745868K(1546688K), 0.0096220 secs] [Times: user=0.02 sys=0.01, real=0.01 secs] 
86367.459: [GC 86367.459: [ParNew: 211235K->922K(235968K), 0.0089470 secs] 955614K->745489K(1546688K), 0.0091820 secs] [Times: user=0.03 sys=0.00, real=0.01 secs] 
86373.772: [GC 86373.772: [ParNew: 210714K->1443K(235968K), 0.0104440 secs] 955281K->746152K(1546688K), 0.0107010 secs] [Times: user=0.03 sys=0.00, real=0.01 secs] 
86382.639: [GC 86382.639: [ParNew: 211235K->771K(235968K), 0.0071010 secs] 955944K->745572K(1546688K), 0.0073480 secs] [Times: user=0.03 sys=0.00, real=0.01 secs] 
86399.812: [GC 86399.813: [ParNew: 210563K->499K(235968K), 0.0119400 secs] 955364K->745349K(1546688K), 0.0121470 secs] [Times: user=0.02 sys=0.00, real=0.01 secs] 
86408.727: [GC 86408.727: [ParNew: 210287K->635K(235968K), 0.0062260 secs] 955137K->745546K(1546688K), 0.0064680 secs] [Times: user=0.03 sys=0.00, real=0.00 secs] 
86427.467: [GC 86427.467: [ParNew: 210386K->848K(235968K), 0.0067170 secs] 955297K->745819K(1546688K), 0.0069960 secs] [Times: user=0.03 sys=0.00, real=0.01 secs] 
86433.782: [GC 86433.782: [ParNew: 210592K->1030K(235968K), 0.0113080 secs] 955563K->746051K(1546688K), 0.0115770 secs] [Times: user=0.02 sys=0.00, real=0.01 secs] 
86442.661: [GC 86442.661: [ParNew: 210818K->940K(235968K), 0.0058470 secs] 955840K->746011K(1546688K), 0.0061180 secs] [Times: user=0.02 sys=0.00, real=0.00 secs] 
86461.299: [GC 86461.299: [ParNew: 210712K->822K(235968K), 0.0123990 secs] 955782K->745951K(1546688K), 0.0126570 secs] [Times: user=0.03 sys=0.01, real=0.01 secs] 
86472.292: [GC 86472.292: [ParNew: 210614K->628K(235968K), 0.0069410 secs] 955743K->745853K(1546688K), 0.0071820 secs] [Times: user=0.02 sys=0.00, real=0.01 secs] 
86487.498: [GC 86487.498: [ParNew: 210367K->897K(235968K), 0.0077010 secs] 955593K->746179K(1546688K), 0.0079890 secs] [Times: user=0.03 sys=0.00, real=0.01 secs] 
86493.808: [GC 86493.808: [ParNew: 210689K->1023K(235968K), 0.0060100 secs] 955971K->746355K(1546688K), 0.0062890 secs] [Times: user=0.02 sys=0.00, real=0.01 secs] 
86502.676: [GC 86502.676: [ParNew: 210805K->1184K(235968K), 0.0076090 secs] 956136K->746570K(1546688K), 0.0079280 secs] [Times: user=0.02 sys=0.00, real=0.01 secs] 
86521.319: [GC 86521.319: [ParNew: 210976K->1154K(235968K), 0.0342000 secs] 956362K->746590K(1546688K), 0.0345310 secs] [Times: user=0.03 sys=0.00, real=0.03 secs] 
86532.796: [GC 86532.796: [ParNew: 210946K->1383K(235968K), 0.0083390 secs] 956382K->746876K(1546688K), 0.0085760 secs] [Times: user=0.03 sys=0.00, real=0.01 secs] 
86547.485: [GC 86547.486: [ParNew: 211175K->2188K(235968K), 0.0098270 secs] 956668K->747742K(1546688K), 0.0101110 secs] [Times: user=0.03 sys=0.00, real=0.01 secs] 
86550.046: [GC 86550.046: [ParNew: 211980K->1557K(235968K), 0.0104550 secs] 957534K->747160K(1546688K), 0.0107030 secs] [Times: user=0.03 sys=0.00, real=0.01 secs] 
86562.652: [GC 86562.653: [ParNew: 211349K->1828K(235968K), 0.0084960 secs] 956952K->747493K(1546688K), 0.0087550 secs] [Times: user=0.03 sys=0.00, real=0.00 secs] 
86579.800: [GC 86579.800: [ParNew: 211597K->2084K(235968K), 0.0100230 secs] 957261K->747798K(1546688K), 0.0102850 secs] [Times: user=0.03 sys=0.00, real=0.01 secs] 
86584.036: [GC 86584.036: [ParNew: 211876K->1735K(235968K), 0.0117650 secs] 957590K->748204K(1546688K), 0.0120610 secs] [Times: user=0.03 sys=0.00, real=0.01 secs] 
86598.138: [GC 86598.138: [ParNew: 211404K->1596K(235968K), 0.0105810 secs] 957874K->748109K(1546688K), 0.0107720 secs] [Times: user=0.03 sys=0.00, real=0.01 secs] 
86608.660: [GC 86608.660: [ParNew: 211388K->1120K(235968K), 0.0132540 secs] 957901K->747683K(1546688K), 0.0135600 secs] [Times: user=0.03 sys=0.00, real=0.01 secs] 
86613.895: [GC 86613.895: [ParNew: 210912K->984K(235968K), 0.0073820 secs] 957475K->747710K(1546688K), 0.0076190 secs] [Times: user=0.03 sys=0.00, real=0.00 secs] 
86634.500: [GC 86634.500: [ParNew: 210720K->1535K(235968K), 0.0050320 secs] 957447K->748315K(1546688K), 0.0054290 secs] [Times: user=0.02 sys=0.00, real=0.01 secs] 
86641.388: [GC 86641.388: [ParNew: 211327K->1852K(235968K), 0.0069910 secs] 958107K->748686K(1546688K), 0.0072850 secs] [Times: user=0.04 sys=0.00, real=0.01 secs] 
86652.835: [GC 86652.835: [ParNew: 211644K->1092K(235968K), 0.0124650 secs] 958478K->748069K(1546688K), 0.0126570 secs] [Times: user=0.04 sys=0.00, real=0.02 secs] 
86668.632: [GC 86668.632: [ParNew: 210884K->859K(235968K), 0.0132510 secs] 957861K->747893K(1546688K), 0.0135790 secs] [Times: user=0.04 sys=0.00, real=0.02 secs] 
86673.890: [GC 86673.890: [ParNew: 210651K->835K(235968K), 0.0068500 secs] 957685K->748069K(1546688K), 0.0071120 secs] [Times: user=0.03 sys=0.00, real=0.01 secs] 
86694.503: [GC 86694.503: [ParNew: 210627K->857K(235968K), 0.0084960 secs] 957861K->748146K(1546688K), 0.0087310 secs] [Times: user=0.03 sys=0.00, real=0.01 secs] 
86701.362: [GC 86701.362: [ParNew: 210617K->1054K(235968K), 0.0080010 secs] 957906K->748397K(1546688K), 0.0082170 secs] [Times: user=0.02 sys=0.00, real=0.01 secs] 
86712.845: [GC 86712.846: [ParNew: 210846K->881K(235968K), 0.0058370 secs] 958189K->748270K(1546688K), 0.0060610 secs] [Times: user=0.03 sys=0.00, real=0.01 secs] 
86728.675: [GC 86728.676: [ParNew: 210662K->790K(235968K), 0.0139910 secs] 958051K->748231K(1546688K), 0.0142950 secs] [Times: user=0.04 sys=0.00, real=0.02 secs] 
86733.914: [GC 86733.915: [ParNew: 210582K->930K(235968K), 0.0068250 secs] 958023K->748428K(1546688K), 0.0071940 secs] [Times: user=0.02 sys=0.00, real=0.01 secs] 
86754.527: [GC 86754.527: [ParNew: 210719K->1089K(235968K), 0.0067430 secs] 958217K->748646K(1546688K), 0.0070250 secs] [Times: user=0.04 sys=0.00, real=0.01 secs] 
86761.394: [GC 86761.395: [ParNew: 210881K->724K(235968K), 0.0052270 secs] 958438K->748334K(1546688K), 0.0054860 secs] [Times: user=0.02 sys=0.00, real=0.00 secs] 
86777.774: [GC 86777.774: [ParNew: 210516K->556K(235968K), 0.0045720 secs] 958126K->748221K(1546688K), 0.0048430 secs] [Times: user=0.03 sys=0.00, real=0.01 secs] 
86788.700: [GC 86788.700: [ParNew: 210305K->733K(235968K), 0.0069550 secs] 957969K->748455K(1546688K), 0.0072370 secs] [Times: user=0.02 sys=0.00, real=0.01 secs] 
86794.145: [GC 86794.145: [ParNew: 210525K->709K(235968K), 0.0237320 secs] 958247K->748576K(1546688K), 0.0239590 secs] [Times: user=0.03 sys=0.00, real=0.03 secs] 
86818.301: [GC 86818.302: [ParNew: 210501K->1061K(235968K), 0.0094580 secs] 958368K->748983K(1546688K), 0.0096470 secs] [Times: user=0.03 sys=0.00, real=0.00 secs] 
86824.034: [GC 86824.034: [ParNew: 210823K->1385K(235968K), 0.0137230 secs] 958744K->749361K(1546688K), 0.0140330 secs] [Times: user=0.03 sys=0.00, real=0.01 secs] 
86838.153: [GC 86838.153: [ParNew: 211177K->1408K(235968K), 0.0085700 secs] 959153K->749439K(1546688K), 0.0087490 secs] [Times: user=0.04 sys=0.00, real=0.01 secs] 
86848.800: [GC 86848.800: [ParNew: 211179K->1436K(235968K), 0.0113410 secs] 959210K->749510K(1546688K), 0.0116190 secs] [Times: user=0.04 sys=0.01, real=0.01 secs] 
86854.193: [GC 86854.194: [ParNew: 211228K->1158K(235968K), 0.0076010 secs] 959302K->749412K(1546688K), 0.0078920 secs] [Times: user=0.03 sys=0.00, real=0.01 secs] 
86878.313: [GC 86878.313: [ParNew: 210950K->1009K(235968K), 0.0078250 secs] 959204K->749498K(1546688K), 0.0081410 secs] [Times: user=0.02 sys=0.00, real=0.00 secs] 
86884.056: [GC 86884.056: [ParNew: 210801K->576K(235968K), 0.0211980 secs] 959290K->749118K(1546688K), 0.0214980 secs] [Times: user=0.04 sys=0.00, real=0.02 secs] 
86898.169: [GC 86898.169: [ParNew: 210350K->1242K(235968K), 0.0084430 secs] 958893K->749852K(1546688K), 0.0087140 secs] [Times: user=0.03 sys=0.00, real=0.00 secs] 
86908.803: [GC 86908.803: [ParNew: 211034K->1062K(235968K), 0.0071320 secs] 959644K->749715K(1546688K), 0.0074030 secs] [Times: user=0.03 sys=0.00, real=0.01 secs] 
86914.194: [GC 86914.194: [ParNew: 210848K->983K(235968K), 0.0203020 secs] 959501K->749690K(1546688K), 0.0205680 secs] [Times: user=0.03 sys=0.00, real=0.02 secs] 
86926.932: [GC 86926.932: [ParNew: 210775K->1142K(235968K), 0.0089190 secs] 959482K->749910K(1546688K), 0.0092220 secs] [Times: user=0.03 sys=0.01, real=0.01 secs] 
86941.389: [GC 86941.390: [ParNew: 210934K->1131K(235968K), 0.0069090 secs] 959702K->749947K(1546688K), 0.0072110 secs] [Times: user=0.03 sys=0.00, real=0.01 secs] 
86952.885: [GC 86952.885: [ParNew: 210900K->1054K(235968K), 0.0080940 secs] 959716K->750041K(1546688K), 0.0083350 secs] [Times: user=0.02 sys=0.00, real=0.01 secs] 
86968.699: [GC 86968.699: [ParNew: 210783K->801K(235968K), 0.0243920 secs] 959769K->749831K(1546688K), 0.0246250 secs] [Times: user=0.04 sys=0.00, real=0.02 secs] 
86973.881: [GC 86973.881: [ParNew: 210593K->1102K(235968K), 0.0077870 secs] 959623K->750166K(1546688K), 0.0079980 secs] [Times: user=0.03 sys=0.00, real=0.01 secs] 
86994.537: [GC 86994.537: [ParNew: 210786K->1336K(235968K), 0.0222070 secs] 959849K->750590K(1546688K), 0.0224950 secs] [Times: user=0.06 sys=0.00, real=0.02 secs] 
87001.420: [GC 87001.420: [ParNew: 211068K->1062K(235968K), 0.0073580 secs] 960322K->750398K(1546688K), 0.0076040 secs] [Times: user=0.03 sys=0.00, real=0.01 secs] 
87012.919: [GC 87012.919: [ParNew: 210823K->712K(235968K), 0.0062180 secs] 960159K->750090K(1546688K), 0.0064960 secs] [Times: user=0.02 sys=0.00, real=0.01 secs] 
87028.735: [GC 87028.735: [ParNew: 210504K->847K(235968K), 0.0180690 secs] 959882K->750269K(1546688K), 0.0183560 secs] [Times: user=0.05 sys=0.01, real=0.02 secs] 
87034.179: [GC 87034.179: [ParNew: 210639K->918K(235968K), 0.0172610 secs] 960061K->750471K(1546688K), 0.0174260 secs] [Times: user=0.03 sys=0.00, real=0.01 secs] 
87054.550: [GC 87054.551: [ParNew: 210710K->937K(235968K), 0.0142870 secs] 960263K->750548K(1546688K), 0.0144700 secs] [Times: user=0.03 sys=0.00, real=0.02 secs] 
87061.426: [GC 87061.426: [ParNew: 210729K->1269K(235968K), 0.0086650 secs] 960340K->750935K(1546688K), 0.0089320 secs] [Times: user=0.03 sys=0.00, real=0.01 secs] 
87072.911: [GC 87072.911: [ParNew: 211061K->932K(235968K), 0.0077010 secs] 960727K->750654K(1546688K), 0.0078840 secs] [Times: user=0.03 sys=0.00, real=0.01 secs] 
87088.743: [GC 87088.743: [ParNew: 210663K->1157K(235968K), 0.0096380 secs] 960385K->750937K(1546688K), 0.0099380 secs] [Times: user=0.02 sys=0.00, real=0.01 secs] 
87094.183: [GC 87094.184: [ParNew: 210946K->627K(235968K), 0.0275780 secs] 960726K->750454K(1546688K), 0.0277650 secs] [Times: user=0.05 sys=0.00, real=0.03 secs] 
87114.571: [GC 87114.571: [ParNew: 210419K->865K(235968K), 0.0067060 secs] 960246K->750751K(1546688K), 0.0069330 secs] [Times: user=0.03 sys=0.00, real=0.01 secs] 
87121.457: [GC 87121.457: [ParNew: 210644K->948K(235968K), 0.0064940 secs] 960530K->750880K(1546688K), 0.0067600 secs] [Times: user=0.02 sys=0.00, real=0.01 secs] 
87132.961: [GC 87132.961: [ParNew: 210740K->1008K(235968K), 0.0076500 secs] 960672K->751076K(1546688K), 0.0079410 secs] [Times: user=0.02 sys=0.00, real=0.01 secs] 
87148.809: [GC 87148.809: [ParNew: 210755K->592K(235968K), 0.0063880 secs] 960823K->750704K(1546688K), 0.0066680 secs] [Times: user=0.03 sys=0.00, real=0.01 secs] 
87154.337: [GC 87154.337: [ParNew: 210382K->908K(235968K), 0.0065490 secs] 960494K->751073K(1546688K), 0.0067820 secs] [Times: user=0.03 sys=0.00, real=0.01 secs] 
87174.586: [GC 87174.586: [ParNew: 210656K->1275K(235968K), 0.0072780 secs] 960821K->751494K(1546688K), 0.0075600 secs] [Times: user=0.04 sys=0.00, real=0.00 secs] 
87181.472: [GC 87181.473: [ParNew: 211015K->970K(235968K), 0.0057720 secs] 961234K->751242K(1546688K), 0.0060420 secs] [Times: user=0.02 sys=0.00, real=0.01 secs] 
87198.216: [GC 87198.217: [ParNew: 210762K->734K(235968K), 0.0070560 secs] 961034K->751063K(1546688K), 0.0073150 secs] [Times: user=0.03 sys=0.00, real=0.01 secs] 
87208.823: [GC 87208.823: [ParNew: 210494K->821K(235968K), 0.0062600 secs] 960822K->751206K(1546688K), 0.0064630 secs] [Times: user=0.03 sys=0.00, real=0.00 secs] 
87214.244: [GC 87214.244: [ParNew: 210613K->850K(235968K), 0.0068910 secs] 960998K->751281K(1546688K), 0.0071670 secs] [Times: user=0.02 sys=0.00, real=0.01 secs] 
87234.592: [GC 87234.592: [ParNew: 210580K->1026K(235968K), 0.0061280 secs] 961012K->751512K(1546688K), 0.0063360 secs] [Times: user=0.03 sys=0.00, real=0.01 secs] 
87241.482: [GC 87241.483: [ParNew: 210818K->698K(235968K), 0.0057160 secs] 961304K->751241K(1546688K), 0.0059160 secs] [Times: user=0.03 sys=0.00, real=0.01 secs] 
87252.986: [GC 87252.986: [ParNew: 210490K->1070K(235968K), 0.0055310 secs] 961033K->751790K(1546688K), 0.0057940 secs] [Times: user=0.03 sys=0.00, real=0.00 secs] 
87268.799: [GC 87268.800: [ParNew: 210862K->954K(235968K), 0.0240480 secs] 961581K->751730K(1546688K), 0.0243470 secs] [Times: user=0.03 sys=0.01, real=0.03 secs] 
87274.256: [GC 87274.256: [ParNew: 210729K->889K(235968K), 0.0061560 secs] 961504K->751715K(1546688K), 0.0064400 secs] [Times: user=0.02 sys=0.00, real=0.01 secs] 
87294.609: [GC 87294.610: [ParNew: 210665K->1247K(235968K), 0.0080590 secs] 961491K->752127K(1546688K), 0.0083260 secs] [Times: user=0.03 sys=0.00, real=0.01 secs] 
87301.501: [GC 87301.501: [ParNew: 211039K->662K(235968K), 0.0092220 secs] 961919K->751601K(1546688K), 0.0095070 secs] [Times: user=0.03 sys=0.00, real=0.01 secs] 
87312.998: [GC 87312.998: [ParNew: 210442K->1035K(235968K), 0.0072420 secs] 961381K->752156K(1546688K), 0.0074870 secs] [Times: user=0.03 sys=0.00, real=0.01 secs] 
87328.789: [GC 87328.790: [ParNew: 210827K->977K(235968K), 0.0197000 secs] 961948K->752154K(1546688K), 0.0199990 secs] [Times: user=0.03 sys=0.00, real=0.02 secs] 
87334.230: [GC 87334.230: [ParNew: 210737K->704K(235968K), 0.0183900 secs] 961914K->751926K(1546688K), 0.0186610 secs] [Times: user=0.04 sys=0.00, real=0.02 secs] 
87352.642: [GC 87352.642: [ParNew: 210496K->962K(235968K), 0.0088010 secs] 961718K->752242K(1546688K), 0.0090670 secs] [Times: user=0.03 sys=0.00, real=0.01 secs] 
87361.481: [GC 87361.481: [ParNew: 210754K->1093K(235968K), 0.0079850 secs] 962034K->752432K(1546688K), 0.0082410 secs] [Times: user=0.03 sys=0.00, real=0.01 secs] 
87372.979: [GC 87372.979: [ParNew: 210885K->1257K(235968K), 0.0076030 secs] 962224K->752644K(1546688K), 0.0078970 secs] [Times: user=0.03 sys=0.00, real=0.01 secs] 
87387.640: [GC 87387.640: [ParNew: 211049K->951K(235968K), 0.0129620 secs] 962436K->752389K(1546688K), 0.0132670 secs] [Times: user=0.03 sys=0.00, real=0.02 secs] 
87392.771: [GC 87392.771: [ParNew: 210743K->589K(235968K), 0.0136240 secs] 962181K->752071K(1546688K), 0.0138700 secs] [Times: user=0.02 sys=0.00, real=0.02 secs] 
87402.855: [GC 87402.855: [ParNew: 210313K->943K(235968K), 0.0127770 secs] 961795K->752489K(1546688K), 0.0129630 secs] [Times: user=0.03 sys=0.00, real=0.01 secs] 
87420.002: [GC 87420.002: [ParNew: 210673K->599K(235968K), 0.0072790 secs] 962218K->752331K(1546688K), 0.0075740 secs] [Times: user=0.02 sys=0.00, real=0.01 secs] 
87426.112: [GC 87426.112: [ParNew: 210391K->703K(235968K), 0.0260190 secs] 962123K->752488K(1546688K), 0.0263350 secs] [Times: user=0.05 sys=0.00, real=0.03 secs] 
87447.670: [GC 87447.670: [ParNew: 210495K->602K(235968K), 0.0171320 secs] 962280K->752436K(1546688K), 0.0173930 secs] [Times: user=0.02 sys=0.00, real=0.02 secs] 
87453.919: [GC 87453.919: [ParNew: 210394K->1006K(235968K), 0.0153210 secs] 962228K->752892K(1546688K), 0.0155250 secs] [Times: user=0.02 sys=0.00, real=0.02 secs] 
87462.867: [GC 87462.868: [ParNew: 210764K->1077K(235968K), 0.0061170 secs] 962651K->753013K(1546688K), 0.0064120 secs] [Times: user=0.03 sys=0.00, real=0.01 secs] 
87480.016: [GC 87480.016: [ParNew: 210869K->899K(235968K), 0.0058500 secs] 962805K->752891K(1546688K), 0.0060650 secs] [Times: user=0.03 sys=0.00, real=0.01 secs] 
87486.122: [GC 87486.122: [ParNew: 210691K->537K(235968K), 0.0377800 secs] 962683K->752600K(1546688K), 0.0381240 secs] [Times: user=0.05 sys=0.00, real=0.04 secs] 
87507.672: [GC 87507.672: [ParNew: 210329K->895K(235968K), 0.0084880 secs] 962392K->753015K(1546688K), 0.0087230 secs] [Times: user=0.03 sys=0.00, real=0.01 secs] 
87513.929: [GC 87513.929: [ParNew: 210605K->1097K(235968K), 0.0068310 secs] 962725K->753266K(1546688K), 0.0070970 secs] [Times: user=0.03 sys=0.00, real=0.01 secs] 
87522.883: [GC 87522.883: [ParNew: 210762K->1186K(235968K), 0.0083380 secs] 962931K->753408K(1546688K), 0.0086160 secs] [Times: user=0.03 sys=0.00, real=0.01 secs] 
87540.029: [GC 87540.029: [ParNew: 210918K->765K(235968K), 0.0169050 secs] 963141K->753041K(1546688K), 0.0171830 secs] [Times: user=0.05 sys=0.00, real=0.01 secs] 
87547.248: [GC 87547.248: [ParNew: 210557K->523K(235968K), 0.0063330 secs] 962833K->752855K(1546688K), 0.0065950 secs] [Times: user=0.03 sys=0.00, real=0.00 secs] 
87549.838: [GC 87549.838: [ParNew: 210310K->1958K(235968K), 0.0135970 secs] 962641K->754346K(1546688K), 0.0138630 secs] [Times: user=0.04 sys=0.00, real=0.01 secs] 
87567.665: [GC 87567.665: [ParNew: 211750K->1760K(235968K), 0.0069550 secs] 964138K->754197K(1546688K), 0.0072230 secs] [Times: user=0.02 sys=0.00, real=0.00 secs] 
87569.628: [GC 87569.628: [ParNew: 211533K->1210K(235968K), 0.0056410 secs] 963970K->753701K(1546688K), 0.0059070 secs] [Times: user=0.03 sys=0.00, real=0.01 secs] 
87582.887: [GC 87582.887: [ParNew: 210925K->1530K(235968K), 0.0075880 secs] 963416K->754075K(1546688K), 0.0078440 secs] [Times: user=0.03 sys=0.00, real=0.01 secs] 
87600.021: [GC 87600.021: [ParNew: 211322K->1092K(235968K), 0.0119360 secs] 963867K->753637K(1546688K), 0.0122210 secs] [Times: user=0.04 sys=0.00, real=0.01 secs] 
87606.121: [GC 87606.122: [ParNew: 210867K->813K(235968K), 0.0121690 secs] 963412K->753404K(1546688K), 0.0124190 secs] [Times: user=0.03 sys=0.00, real=0.01 secs] 
87627.682: [GC 87627.682: [ParNew: 210605K->894K(235968K), 0.0094480 secs] 963196K->753538K(1546688K), 0.0097350 secs] [Times: user=0.02 sys=0.00, real=0.01 secs] 
87632.721: [GC 87632.722: [ParNew: 210686K->766K(235968K), 0.0074910 secs] 963330K->753467K(1546688K), 0.0077390 secs] [Times: user=0.03 sys=0.00, real=0.01 secs] 
87642.898: [GC 87642.898: [ParNew: 210505K->726K(235968K), 0.0074050 secs] 963205K->753481K(1546688K), 0.0076630 secs] [Times: user=0.02 sys=0.00, real=0.01 secs] 
87660.167: [GC 87660.168: [ParNew: 210423K->1123K(235968K), 0.0095840 secs] 963178K->753939K(1546688K), 0.0098720 secs] [Times: user=0.02 sys=0.00, real=0.01 secs] 
87666.163: [GC 87666.164: [ParNew: 210862K->908K(235968K), 0.0188970 secs] 963678K->753858K(1546688K), 0.0191960 secs] [Times: user=0.03 sys=0.00, real=0.02 secs] 
87687.715: [GC 87687.715: [ParNew: 210700K->822K(235968K), 0.0183320 secs] 963650K->753815K(1546688K), 0.0186420 secs] [Times: user=0.03 sys=0.00, real=0.01 secs] 
87693.956: [GC 87693.956: [ParNew: 210525K->645K(235968K), 0.0094930 secs] 963519K->753691K(1546688K), 0.0096780 secs] [Times: user=0.02 sys=0.00, real=0.01 secs] 
87702.936: [GC 87702.936: [ParNew: 210437K->774K(235968K), 0.0084930 secs] 963483K->753878K(1546688K), 0.0087690 secs] [Times: user=0.03 sys=0.00, real=0.01 secs] 
87721.543: [GC 87721.543: [ParNew: 210566K->1031K(235968K), 0.0062100 secs] 963670K->754183K(1546688K), 0.0064940 secs] [Times: user=0.03 sys=0.00, real=0.00 secs] 
87733.054: [GC 87733.055: [ParNew: 210823K->1029K(235968K), 0.0063880 secs] 963975K->754324K(1546688K), 0.0066440 secs] [Times: user=0.03 sys=0.01, real=0.01 secs] 
87748.868: [GC 87748.868: [ParNew: 210795K->1122K(235968K), 0.0062500 secs] 964089K->754468K(1546688K), 0.0065150 secs] [Times: user=0.03 sys=0.00, real=0.00 secs] 
87754.447: [GC 87754.447: [ParNew: 210914K->597K(235968K), 0.0171630 secs] 964260K->753986K(1546688K), 0.0174150 secs] [Times: user=0.03 sys=0.00, real=0.02 secs] 
87774.656: [GC 87774.656: [ParNew: 210367K->832K(235968K), 0.0068390 secs] 963756K->754264K(1546688K), 0.0072220 secs] [Times: user=0.03 sys=0.00, real=0.01 secs] 
87781.591: [GC 87781.591: [ParNew: 210515K->870K(235968K), 0.0060970 secs] 963947K->754352K(1546688K), 0.0063950 secs] [Times: user=0.03 sys=0.00, real=0.00 secs] 
87793.096: [GC 87793.096: [ParNew: 210662K->654K(235968K), 0.0065410 secs] 964144K->754184K(1546688K), 0.0067890 secs] [Times: user=0.02 sys=0.00, real=0.01 secs] 
87808.900: [GC 87808.901: [ParNew: 210421K->949K(235968K), 0.0044440 secs] 963952K->754524K(1546688K), 0.0047190 secs] [Times: user=0.03 sys=0.00, real=0.00 secs] 
87814.481: [GC 87814.481: [ParNew: 210719K->788K(235968K), 0.0045390 secs] 964293K->754493K(1546688K), 0.0048060 secs] [Times: user=0.03 sys=0.00, real=0.01 secs] 
87834.682: [GC 87834.683: [ParNew: 210569K->1029K(235968K), 0.0056310 secs] 964275K->754789K(1546688K), 0.0059110 secs] [Times: user=0.03 sys=0.00, real=0.00 secs] 
87841.603: [GC 87841.603: [ParNew: 210809K->1268K(235968K), 0.0079160 secs] 964569K->755082K(1546688K), 0.0081950 secs] [Times: user=0.02 sys=0.00, real=0.01 secs] 
87853.121: [GC 87853.121: [ParNew: 211036K->862K(235968K), 0.0047190 secs] 964850K->754735K(1546688K), 0.0049850 secs] [Times: user=0.03 sys=0.00, real=0.00 secs] 
87868.905: [GC 87868.905: [ParNew: 210654K->1081K(235968K), 0.0051980 secs] 964527K->755009K(1546688K), 0.0054400 secs] [Times: user=0.03 sys=0.00, real=0.01 secs] 
87874.482: [GC 87874.482: [ParNew: 210864K->932K(235968K), 0.0063000 secs] 964793K->754948K(1546688K), 0.0064930 secs] [Times: user=0.03 sys=0.00, real=0.01 secs] 
87898.511: [GC 87898.512: [ParNew: 210687K->1011K(235968K), 0.0075090 secs] 964703K->755082K(1546688K), 0.0077730 secs] [Times: user=0.03 sys=0.00, real=0.01 secs] 
87904.289: [GC 87904.289: [ParNew: 210781K->926K(235968K), 0.0132800 secs] 964852K->755054K(1546688K), 0.0135870 secs] [Times: user=0.03 sys=0.01, real=0.02 secs] 
87918.365: [GC 87918.366: [ParNew: 210718K->1220K(235968K), 0.0098900 secs] 964846K->755401K(1546688K), 0.0101640 secs] [Times: user=0.03 sys=0.00, real=0.01 secs] 
87928.997: [GC 87928.997: [ParNew: 211012K->1001K(235968K), 0.0179330 secs] 965193K->755226K(1546688K), 0.0182390 secs] [Times: user=0.03 sys=0.00, real=0.01 secs] 
87935.669: [GC 87935.670: [ParNew: 210779K->665K(235968K), 0.0069450 secs] 965004K->755034K(1546688K), 0.0071290 secs] [Times: user=0.03 sys=0.00, real=0.01 secs] 
87958.160: [GC 87958.160: [ParNew: 210457K->699K(235968K), 0.0108810 secs] 964826K->755132K(1546688K), 0.0111320 secs] [Times: user=0.03 sys=0.00, real=0.01 secs] 
87964.284: [GC 87964.285: [ParNew: 210491K->619K(235968K), 0.0328450 secs] 964924K->755106K(1546688K), 0.0331610 secs] [Times: user=0.03 sys=0.00, real=0.03 secs] 
87975.782: [GC 87975.782: [ParNew: 210411K->426K(235968K), 0.0072690 secs] 964898K->754975K(1546688K), 0.0075300 secs] [Times: user=0.02 sys=0.00, real=0.00 secs] 
87988.932: [GC 87988.932: [ParNew: 210218K->1058K(235968K), 0.0080410 secs] 964767K->755663K(1546688K), 0.0083370 secs] [Times: user=0.03 sys=0.01, real=0.01 secs] 
87994.509: [GC 87994.509: [ParNew: 210850K->849K(235968K), 0.0440670 secs] 965455K->755498K(1546688K), 0.0443400 secs] [Times: user=0.27 sys=0.00, real=0.04 secs] 
88014.707: [GC 88014.707: [ParNew: 210626K->939K(235968K), 0.0076750 secs] 965274K->755642K(1546688K), 0.0079650 secs] [Times: user=0.04 sys=0.00, real=0.01 secs] 
88024.325: [GC 88024.325: [ParNew: 210731K->862K(235968K), 0.0134110 secs] 965434K->755620K(1546688K), 0.0136720 secs] [Times: user=0.03 sys=0.00, real=0.01 secs] 
88036.047: [GC 88036.048: [ParNew: 210654K->1426K(235968K), 0.0084080 secs] 965412K->756243K(1546688K), 0.0086540 secs] [Times: user=0.03 sys=0.00, real=0.01 secs] 
88048.960: [GC 88048.961: [ParNew: 211218K->1083K(235968K), 0.0108400 secs] 966035K->755956K(1546688K), 0.0111350 secs] [Times: user=0.02 sys=0.00, real=0.01 secs] 
88054.527: [GC 88054.527: [ParNew: 210875K->1373K(235968K), 0.0065490 secs] 965748K->756294K(1546688K), 0.0068240 secs] [Times: user=0.03 sys=0.00, real=0.01 secs] 
88074.717: [GC 88074.717: [ParNew: 211165K->974K(235968K), 0.0063340 secs] 966086K->755955K(1546688K), 0.0065930 secs] [Times: user=0.03 sys=0.00, real=0.00 secs] 
88081.762: [GC 88081.762: [ParNew: 210750K->1110K(235968K), 0.0068990 secs] 965731K->756142K(1546688K), 0.0071320 secs] [Times: user=0.03 sys=0.00, real=0.01 secs] 
88093.169: [GC 88093.169: [ParNew: 210891K->1124K(235968K), 0.0068310 secs] 965923K->756216K(1546688K), 0.0070190 secs] [Times: user=0.02 sys=0.00, real=0.01 secs] 
88108.955: [GC 88108.955: [ParNew: 210871K->878K(235968K), 0.0066330 secs] 965963K->756027K(1546688K), 0.0068820 secs] [Times: user=0.03 sys=0.00, real=0.01 secs] 
88114.517: [GC 88114.517: [ParNew: 210670K->1851K(235968K), 0.0160410 secs] 965819K->757081K(1546688K), 0.0162780 secs] [Times: user=0.05 sys=0.00, real=0.02 secs] 
88123.031: [GC 88123.031: [ParNew: 211543K->1209K(235968K), 0.0063870 secs] 966772K->756493K(1546688K), 0.0066070 secs] [Times: user=0.02 sys=0.00, real=0.01 secs] 
88140.265: [GC 88140.265: [ParNew: 211001K->1182K(235968K), 0.0104970 secs] 966285K->756521K(1546688K), 0.0107580 secs] [Times: user=0.03 sys=0.00, real=0.01 secs] 
88146.352: [GC 88146.352: [ParNew: 210929K->1030K(235968K), 0.0061150 secs] 966268K->756431K(1546688K), 0.0063620 secs] [Times: user=0.02 sys=0.00, real=0.01 secs] 
88167.781: [GC 88167.782: [ParNew: 210818K->875K(235968K), 0.0354270 secs] 966220K->756341K(1546688K), 0.0356970 secs] [Times: user=0.05 sys=0.00, real=0.03 secs] 
88169.755: [GC 88169.756: [ParNew: 210667K->939K(235968K), 0.0143980 secs] 966133K->756442K(1546688K), 0.0145850 secs] [Times: user=0.04 sys=0.00, real=0.02 secs] 
88183.001: [GC 88183.001: [ParNew: 210688K->1184K(235968K), 0.0113850 secs] 966191K->756737K(1546688K), 0.0116100 secs] [Times: user=0.02 sys=0.00, real=0.01 secs] 
88200.245: [GC 88200.246: [ParNew: 210976K->994K(235968K), 0.0091780 secs] 966529K->756602K(1546688K), 0.0093910 secs] [Times: user=0.03 sys=0.00, real=0.01 secs] 
88206.222: [GC 88206.222: [ParNew: 210786K->726K(235968K), 0.0266390 secs] 966394K->756389K(1546688K), 0.0270090 secs] [Times: user=0.04 sys=0.00, real=0.03 secs] 
88227.792: [GC 88227.792: [ParNew: 210518K->1221K(235968K), 0.0412410 secs] 966181K->756939K(1546688K), 0.0415770 secs] [Times: user=0.06 sys=0.00, real=0.04 secs] 
88229.766: [GC 88229.766: [ParNew: 211013K->1170K(235968K), 0.0074380 secs] 966731K->757095K(1546688K), 0.0076340 secs] [Times: user=0.03 sys=0.00, real=0.01 secs] 
88243.029: [GC 88243.029: [ParNew: 210962K->955K(235968K), 0.0062220 secs] 966887K->756924K(1546688K), 0.0065070 secs] [Times: user=0.03 sys=0.01, real=0.00 secs] 
88260.276: [GC 88260.276: [ParNew: 210747K->849K(235968K), 0.0047820 secs] 966716K->756868K(1546688K), 0.0050250 secs] [Times: user=0.03 sys=0.00, real=0.00 secs] 
88266.266: [GC 88266.266: [ParNew: 210641K->768K(235968K), 0.0150510 secs] 966660K->756837K(1546688K), 0.0152970 secs] [Times: user=0.04 sys=0.00, real=0.01 secs] 
88287.818: [GC 88287.818: [ParNew: 210560K->922K(235968K), 0.0174910 secs] 966629K->757041K(1546688K), 0.0177890 secs] [Times: user=0.03 sys=0.00, real=0.02 secs] 
88290.805: [GC 88290.806: [ParNew: 210714K->968K(235968K), 0.0111360 secs] 966833K->757149K(1546688K), 0.0114570 secs] [Times: user=0.03 sys=0.00, real=0.01 secs] 
88303.044: [GC 88303.044: [ParNew: 210705K->900K(235968K), 0.0109130 secs] 966885K->757143K(1546688K), 0.0111230 secs] [Times: user=0.04 sys=0.00, real=0.01 secs] 
88320.285: [GC 88320.285: [ParNew: 210692K->719K(235968K), 0.0063980 secs] 966935K->757015K(1546688K), 0.0066000 secs] [Times: user=0.03 sys=0.00, real=0.01 secs] 
88326.300: [GC 88326.300: [ParNew: 210511K->1093K(235968K), 0.0075380 secs] 966807K->757444K(1546688K), 0.0077210 secs] [Times: user=0.02 sys=0.00, real=0.01 secs] 
88347.817: [GC 88347.817: [ParNew: 210870K->999K(235968K), 0.0420850 secs] 967221K->757394K(1546688K), 0.0423630 secs] [Times: user=0.10 sys=0.00, real=0.04 secs] 
88349.797: [GC 88349.797: [ParNew: 210791K->917K(235968K), 0.0090760 secs] 967186K->757379K(1546688K), 0.0093300 secs] [Times: user=0.03 sys=0.00, real=0.01 secs] 
88363.059: [GC 88363.059: [ParNew: 210704K->1239K(235968K), 0.0053250 secs] 967166K->757755K(1546688K), 0.0055310 secs] [Times: user=0.03 sys=0.00, real=0.01 secs] 
88380.289: [GC 88380.289: [ParNew: 211028K->1154K(235968K), 0.0085600 secs] 967544K->757724K(1546688K), 0.0087730 secs] [Times: user=0.03 sys=0.00, real=0.01 secs] 
88386.284: [GC 88386.284: [ParNew: 210946K->970K(235968K), 0.0233480 secs] 967516K->757627K(1546688K), 0.0236280 secs] [Times: user=0.05 sys=0.00, real=0.03 secs] 
88407.854: [GC 88407.854: [ParNew: 210762K->710K(235968K), 0.0158250 secs] 967419K->757417K(1546688K), 0.0161360 secs] [Times: user=0.04 sys=0.00, real=0.01 secs] 
88414.043: [GC 88414.043: [ParNew: 210502K->810K(235968K), 0.0071660 secs] 967209K->757566K(1546688K), 0.0073640 secs] [Times: user=0.03 sys=0.00, real=0.00 secs] 
88423.084: [GC 88423.084: [ParNew: 210568K->1097K(235968K), 0.0074390 secs] 967324K->757920K(1546688K), 0.0077040 secs] [Times: user=0.02 sys=0.00, real=0.01 secs] 
88441.660: [GC 88441.660: [ParNew: 210889K->922K(235968K), 0.0087920 secs] 967712K->757799K(1546688K), 0.0090750 secs] [Times: user=0.03 sys=0.00, real=0.01 secs] 
88453.190: [GC 88453.190: [ParNew: 210714K->729K(235968K), 0.0112280 secs] 967591K->757660K(1546688K), 0.0114570 secs] [Times: user=0.03 sys=0.00, real=0.01 secs] 
88467.903: [GC 88467.904: [ParNew: 210507K->1098K(235968K), 0.0104880 secs] 967438K->758085K(1546688K), 0.0107690 secs] [Times: user=0.03 sys=0.00, real=0.01 secs] 
88474.072: [GC 88474.073: [ParNew: 210795K->870K(235968K), 0.0099540 secs] 967783K->757998K(1546688K), 0.0102030 secs] [Times: user=0.03 sys=0.00, real=0.01 secs] 
88484.967: [GC 88484.967: [ParNew: 210662K->753K(235968K), 0.0074590 secs] 967790K->757934K(1546688K), 0.0077000 secs] [Times: user=0.03 sys=0.00, real=0.01 secs] 
88501.678: [GC 88501.678: [ParNew: 210545K->1015K(235968K), 0.0100170 secs] 967726K->758267K(1546688K), 0.0102980 secs] [Times: user=0.03 sys=0.01, real=0.01 secs] 
88513.216: [GC 88513.217: [ParNew: 210807K->1235K(235968K), 0.0059380 secs] 968059K->758636K(1546688K), 0.0062340 secs] [Times: user=0.03 sys=0.00, real=0.00 secs] 
88527.895: [GC 88527.896: [ParNew: 211027K->949K(235968K), 0.0093050 secs] 968428K->758406K(1546688K), 0.0095730 secs] [Times: user=0.02 sys=0.00, real=0.01 secs] 
88534.075: [GC 88534.075: [ParNew: 210685K->967K(235968K), 0.0060310 secs] 968142K->758475K(1546688K), 0.0062760 secs] [Times: user=0.03 sys=0.00, real=0.00 secs] 
88554.747: [GC 88554.747: [ParNew: 210759K->992K(235968K), 0.0075670 secs] 968267K->758562K(1546688K), 0.0077890 secs] [Times: user=0.03 sys=0.00, real=0.01 secs] 
88561.702: [GC 88561.702: [ParNew: 210784K->868K(235968K), 0.0087920 secs] 968354K->758487K(1546688K), 0.0090100 secs] [Times: user=0.03 sys=0.00, real=0.01 secs] 
88573.251: [GC 88573.251: [ParNew: 210619K->1132K(235968K), 0.0069570 secs] 968239K->758854K(1546688K), 0.0072380 secs] [Times: user=0.02 sys=0.00, real=0.01 secs] 
88589.037: [GC 88589.037: [ParNew: 210895K->1314K(235968K), 0.0062970 secs] 968616K->759081K(1546688K), 0.0065110 secs] [Times: user=0.03 sys=0.00, real=0.00 secs] 
88594.608: [GC 88594.608: [ParNew: 211103K->1080K(235968K), 0.0066490 secs] 968869K->758904K(1546688K), 0.0068910 secs] [Times: user=0.02 sys=0.00, real=0.01 secs] 
88614.777: [GC 88614.777: [ParNew: 210872K->1136K(235968K), 0.0073640 secs] 968696K->759014K(1546688K), 0.0076650 secs] [Times: user=0.03 sys=0.00, real=0.01 secs] 
88621.724: [GC 88621.724: [ParNew: 210843K->1190K(235968K), 0.0072850 secs] 968721K->759123K(1546688K), 0.0075160 secs] [Times: user=0.03 sys=0.00, real=0.01 secs] 
88633.271: [GC 88633.272: [ParNew: 210864K->847K(235968K), 0.0057470 secs] 968796K->758838K(1546688K), 0.0060450 secs] [Times: user=0.03 sys=0.00, real=0.01 secs] 
88649.064: [GC 88649.065: [ParNew: 210620K->1194K(235968K), 0.0077220 secs] 968610K->759228K(1546688K), 0.0080200 secs] [Times: user=0.03 sys=0.00, real=0.00 secs] 
88654.640: [GC 88654.640: [ParNew: 210928K->1083K(235968K), 0.0053280 secs] 968962K->759161K(1546688K), 0.0055200 secs] [Times: user=0.03 sys=0.00, real=0.01 secs] 
88674.788: [GC 88674.788: [ParNew: 210875K->1095K(235968K), 0.0103920 secs] 968953K->759228K(1546688K), 0.0106800 secs] [Times: user=0.04 sys=0.00, real=0.01 secs] 
88681.744: [GC 88681.744: [ParNew: 210887K->762K(235968K), 0.0055760 secs] 969020K->758959K(1546688K), 0.0058570 secs] [Times: user=0.02 sys=0.00, real=0.01 secs] 
88693.292: [GC 88693.293: [ParNew: 210495K->964K(235968K), 0.0064710 secs] 968692K->759215K(1546688K), 0.0067430 secs] [Times: user=0.03 sys=0.01, real=0.01 secs] 
88709.082: [GC 88709.082: [ParNew: 210756K->975K(235968K), 0.0076380 secs] 969007K->759285K(1546688K), 0.0078810 secs] [Times: user=0.02 sys=0.00, real=0.01 secs] 
88714.664: [GC 88714.664: [ParNew: 210728K->887K(235968K), 0.0068380 secs] 969038K->759290K(1546688K), 0.0070570 secs] [Times: user=0.03 sys=0.00, real=0.00 secs] 
88734.806: [GC 88734.806: [ParNew: 210679K->1020K(235968K), 0.0061400 secs] 969082K->759477K(1546688K), 0.0063470 secs] [Times: user=0.03 sys=0.00, real=0.01 secs] 
88741.754: [GC 88741.754: [ParNew: 210812K->685K(235968K), 0.0060560 secs] 969269K->759201K(1546688K), 0.0063030 secs] [Times: user=0.03 sys=0.00, real=0.01 secs] 
88753.309: [GC 88753.309: [ParNew: 210477K->827K(235968K), 0.0056630 secs] 968993K->759408K(1546688K), 0.0059540 secs] [Times: user=0.03 sys=0.00, real=0.00 secs] 
88769.067: [GC 88769.068: [ParNew: 210619K->1466K(235968K), 0.0063770 secs] 969200K->760104K(1546688K), 0.0066710 secs] [Times: user=0.03 sys=0.00, real=0.00 secs] 
88774.209: [GC 88774.209: [ParNew: 211258K->999K(235968K), 0.0065110 secs] 969896K->759683K(1546688K), 0.0067760 secs] [Times: user=0.03 sys=0.00, real=0.01 secs] 
88794.781: [GC 88794.781: [ParNew: 210791K->1163K(235968K), 0.0059400 secs] 969475K->759912K(1546688K), 0.0061450 secs] [Times: user=0.03 sys=0.00, real=0.00 secs] 
88801.744: [GC 88801.744: [ParNew: 210955K->1054K(235968K), 0.0085360 secs] 969704K->759857K(1546688K), 0.0087220 secs] [Times: user=0.02 sys=0.00, real=0.01 secs] 
88813.290: [GC 88813.290: [ParNew: 210846K->1240K(235968K), 0.0064300 secs] 969649K->760109K(1546688K), 0.0066980 secs] [Times: user=0.03 sys=0.01, real=0.00 secs] 
88828.417: [GC 88828.417: [ParNew: 211032K->1089K(235968K), 0.0054960 secs] 969901K->759997K(1546688K), 0.0057180 secs] [Times: user=0.03 sys=0.00, real=0.00 secs] 
88834.126: [GC 88834.126: [ParNew: 210881K->978K(235968K), 0.0132840 secs] 969789K->759987K(1546688K), 0.0134870 secs] [Times: user=0.02 sys=0.00, real=0.01 secs] 
88854.789: [GC 88854.789: [ParNew: 210770K->1317K(235968K), 0.0077490 secs] 969779K->760382K(1546688K), 0.0079490 secs] [Times: user=0.03 sys=0.00, real=0.01 secs] 
88861.756: [GC 88861.756: [ParNew: 211081K->1268K(235968K), 0.0114180 secs] 970146K->760492K(1546688K), 0.0116280 secs] [Times: user=0.02 sys=0.00, real=0.01 secs] 
88873.316: [GC 88873.317: [ParNew: 211020K->1147K(235968K), 0.0078500 secs] 970244K->760436K(1546688K), 0.0080600 secs] [Times: user=0.04 sys=0.00, real=0.01 secs] 
88889.089: [GC 88889.089: [ParNew: 210875K->1085K(235968K), 0.0060010 secs] 970164K->760412K(1546688K), 0.0062140 secs] [Times: user=0.04 sys=0.00, real=0.00 secs] 
88894.677: [GC 88894.677: [ParNew: 210877K->880K(235968K), 0.0068010 secs] 970204K->760273K(1546688K), 0.0070070 secs] [Times: user=0.03 sys=0.00, real=0.00 secs] 
88914.824: [GC 88914.824: [ParNew: 210659K->988K(235968K), 0.0107080 secs] 970052K->760435K(1546688K), 0.0108950 secs] [Times: user=0.03 sys=0.00, real=0.01 secs] 
88924.530: [GC 88924.531: [ParNew: 210780K->673K(235968K), 0.0390480 secs] 970227K->760174K(1546688K), 0.0393630 secs] [Times: user=0.04 sys=0.00, real=0.04 secs] 
88937.666: [GC 88937.666: [ParNew: 210465K->729K(235968K), 0.0065710 secs] 969966K->760297K(1546688K), 0.0068510 secs] [Times: user=0.03 sys=0.00, real=0.01 secs] 
88949.095: [GC 88949.096: [ParNew: 210521K->1296K(235968K), 0.0049240 secs] 970089K->760920K(1546688K), 0.0051960 secs] [Times: user=0.03 sys=0.00, real=0.01 secs] 
88954.678: [GC 88954.678: [ParNew: 211088K->1241K(235968K), 0.0058410 secs] 970712K->760910K(1546688K), 0.0060770 secs] [Times: user=0.04 sys=0.00, real=0.00 secs] 
88974.800: [GC 88974.800: [ParNew: 211031K->1146K(235968K), 0.0071630 secs] 970700K->760874K(1546688K), 0.0074240 secs] [Times: user=0.02 sys=0.00, real=0.01 secs] 
88981.776: [GC 88981.776: [ParNew: 210818K->918K(235968K), 0.0073000 secs] 970546K->760702K(1546688K), 0.0075470 secs] [Times: user=0.02 sys=0.00, real=0.01 secs] 
88993.343: [GC 88993.343: [ParNew: 210599K->844K(235968K), 0.0061090 secs] 970383K->760823K(1546688K), 0.0064030 secs] [Times: user=0.03 sys=0.00, real=0.00 secs] 
89009.113: [GC 89009.114: [ParNew: 210636K->1047K(235968K), 0.0066310 secs] 970615K->761077K(1546688K), 0.0068340 secs] [Times: user=0.02 sys=0.00, real=0.01 secs] 
89014.700: [GC 89014.700: [ParNew: 210764K->914K(235968K), 0.0063070 secs] 970795K->761008K(1546688K), 0.0065850 secs] [Times: user=0.02 sys=0.00, real=0.01 secs] 
89034.841: [GC 89034.841: [ParNew: 210706K->992K(235968K), 0.0059380 secs] 970800K->761143K(1546688K), 0.0061530 secs] [Times: user=0.02 sys=0.00, real=0.01 secs] 
89041.804: [GC 89041.804: [ParNew: 210682K->954K(235968K), 0.0062410 secs] 970833K->761159K(1546688K), 0.0064570 secs] [Times: user=0.03 sys=0.00, real=0.00 secs] 
89058.592: [GC 89058.592: [ParNew: 210746K->585K(235968K), 0.0114490 secs] 970951K->760845K(1546688K), 0.0116550 secs] [Times: user=0.03 sys=0.01, real=0.01 secs] 
89069.146: [GC 89069.147: [ParNew: 210377K->1294K(235968K), 0.0066680 secs] 970637K->761598K(1546688K), 0.0069060 secs] [Times: user=0.03 sys=0.00, real=0.01 secs] 
89075.815: [GC 89075.815: [ParNew: 211079K->1083K(235968K), 0.0041620 secs] 971383K->761431K(1546688K), 0.0044350 secs] [Times: user=0.02 sys=0.00, real=0.01 secs] 
89098.749: [GC 89098.749: [ParNew: 210875K->987K(235968K), 0.0043990 secs] 971223K->761378K(1546688K), 0.0046640 secs] [Times: user=0.02 sys=0.00, real=0.01 secs] 
89104.608: [GC 89104.608: [ParNew: 210748K->958K(235968K), 0.0272690 secs] 971138K->761396K(1546688K), 0.0275130 secs] [Times: user=0.04 sys=0.00, real=0.03 secs] 
89113.373: [GC 89113.373: [ParNew: 210717K->1221K(235968K), 0.0093660 secs] 971156K->761722K(1546688K), 0.0096210 secs] [Times: user=0.03 sys=0.00, real=0.01 secs] 
89129.129: [GC 89129.129: [ParNew: 211001K->1210K(235968K), 0.0064330 secs] 971502K->761767K(1546688K), 0.0066720 secs] [Times: user=0.03 sys=0.00, real=0.00 secs] 
89134.718: [GC 89134.718: [ParNew: 210912K->884K(235968K), 0.0059430 secs] 971468K->761496K(1546688K), 0.0062100 secs] [Times: user=0.03 sys=0.00, real=0.00 secs] 
89154.835: [GC 89154.835: [ParNew: 210676K->1139K(235968K), 0.0054050 secs] 971288K->761809K(1546688K), 0.0056810 secs] [Times: user=0.03 sys=0.00, real=0.00 secs] 
89161.817: [GC 89161.817: [ParNew: 210919K->755K(235968K), 0.0043310 secs] 971589K->761466K(1546688K), 0.0045990 secs] [Times: user=0.03 sys=0.00, real=0.00 secs] 
89173.389: [GC 89173.389: [ParNew: 210547K->799K(235968K), 0.0043920 secs] 971258K->761575K(1546688K), 0.0046530 secs] [Times: user=0.02 sys=0.00, real=0.01 secs] 
89189.151: [GC 89189.152: [ParNew: 210587K->1066K(235968K), 0.0045620 secs] 971363K->761886K(1546688K), 0.0048320 secs] [Times: user=0.03 sys=0.00, real=0.00 secs] 
89194.855: [GC 89194.855: [ParNew: 210858K->650K(235968K), 0.0043480 secs] 971678K->761608K(1546688K), 0.0046010 secs] [Times: user=0.03 sys=0.00, real=0.01 secs] 
89214.834: [GC 89214.834: [ParNew: 210441K->972K(235968K), 0.0050550 secs] 971399K->761984K(1546688K), 0.0053570 secs] [Times: user=0.03 sys=0.00, real=0.01 secs] 
89221.819: [GC 89221.819: [ParNew: 210763K->1102K(235968K), 0.0043390 secs] 971774K->762168K(1546688K), 0.0046170 secs] [Times: user=0.04 sys=0.00, real=0.00 secs] 
89233.391: [GC 89233.391: [ParNew: 210881K->1157K(235968K), 0.0046790 secs] 971946K->762300K(1546688K), 0.0049720 secs] [Times: user=0.03 sys=0.00, real=0.01 secs] 
89249.160: [GC 89249.160: [ParNew: 210949K->1110K(235968K), 0.0062690 secs] 972092K->762304K(1546688K), 0.0064680 secs] [Times: user=0.02 sys=0.00, real=0.01 secs] 
89254.864: [GC 89254.864: [ParNew: 210902K->1557K(235968K), 0.0105620 secs] 972096K->762848K(1546688K), 0.0107580 secs] [Times: user=0.03 sys=0.00, real=0.01 secs] 
89258.156: [GC 89258.156: [ParNew: 211344K->1337K(235968K), 0.0124270 secs] 972635K->762688K(1546688K), 0.0126870 secs] [Times: user=0.03 sys=0.00, real=0.02 secs] 
89278.767: [GC 89278.767: [ParNew: 211129K->1072K(235968K), 0.0058510 secs] 972480K->762477K(1546688K), 0.0061290 secs] [Times: user=0.02 sys=0.01, real=0.00 secs] 
89284.667: [GC 89284.667: [ParNew: 210864K->1159K(235968K), 0.0153730 secs] 972269K->762635K(1546688K), 0.0156270 secs] [Times: user=0.04 sys=0.00, real=0.01 secs] 
89298.635: [GC 89298.635: [ParNew: 210951K->644K(235968K), 0.0146860 secs] 972427K->762171K(1546688K), 0.0149920 secs] [Times: user=0.03 sys=0.00, real=0.01 secs] 
89309.174: [GC 89309.175: [ParNew: 210384K->1121K(235968K), 0.0111800 secs] 971911K->762665K(1546688K), 0.0114680 secs] [Times: user=0.03 sys=0.01, real=0.01 secs] 
89314.885: [GC 89314.885: [ParNew: 210814K->893K(235968K), 0.0074880 secs] 972359K->762479K(1546688K), 0.0077700 secs] [Times: user=0.02 sys=0.00, real=0.01 secs] 
89337.887: [GC 89337.887: [ParNew: 210685K->700K(235968K), 0.0073260 secs] 972271K->762356K(1546688K), 0.0075710 secs] [Times: user=0.02 sys=0.00, real=0.00 secs] 
89344.662: [GC 89344.662: [ParNew: 210492K->779K(235968K), 0.0180790 secs] 972148K->762486K(1546688K), 0.0183370 secs] [Times: user=0.03 sys=0.00, real=0.02 secs] 
89358.657: [GC 89358.657: [ParNew: 210564K->713K(235968K), 0.0070410 secs] 972271K->762487K(1546688K), 0.0072790 secs] [Times: user=0.02 sys=0.00, real=0.01 secs] 
89369.199: [GC 89369.199: [ParNew: 210475K->1076K(235968K), 0.0058700 secs] 972249K->762898K(1546688K), 0.0061140 secs] [Times: user=0.03 sys=0.00, real=0.01 secs] 
89374.915: [GC 89374.915: [ParNew: 210868K->875K(235968K), 0.0061600 secs] 972690K->762748K(1546688K), 0.0063900 secs] [Times: user=0.02 sys=0.00, real=0.01 secs] 
89398.796: [GC 89398.796: [ParNew: 210667K->815K(235968K), 0.0082670 secs] 972540K->762739K(1546688K), 0.0085130 secs] [Times: user=0.03 sys=0.00, real=0.01 secs] 
89404.678: [GC 89404.678: [ParNew: 210607K->1106K(235968K), 0.0113010 secs] 972531K->763071K(1546688K), 0.0115600 secs] [Times: user=0.03 sys=0.00, real=0.01 secs] 
89415.821: [GC 89415.821: [ParNew: 210898K->755K(235968K), 0.0066870 secs] 972863K->762782K(1546688K), 0.0069720 secs] [Times: user=0.03 sys=0.00, real=0.01 secs] 
89429.210: [GC 89429.210: [ParNew: 210547K->1696K(235968K), 0.0110340 secs] 972574K->763778K(1546688K), 0.0112920 secs] [Times: user=0.02 sys=0.00, real=0.01 secs] 
89434.901: [GC 89434.901: [ParNew: 211488K->1186K(235968K), 0.0067470 secs] 973570K->763326K(1546688K), 0.0070310 secs] [Times: user=0.03 sys=0.01, real=0.00 secs] 
89454.866: [GC 89454.866: [ParNew: 210978K->1576K(235968K), 0.0088780 secs] 973118K->763787K(1546688K), 0.0091500 secs] [Times: user=0.03 sys=0.00, real=0.01 secs] 
89461.854: [GC 89461.854: [ParNew: 211368K->1545K(235968K), 0.0089530 secs] 973579K->763802K(1546688K), 0.0093140 secs] [Times: user=0.03 sys=0.00, real=0.01 secs] 
89473.441: [GC 89473.442: [ParNew: 211337K->1050K(235968K), 0.0106240 secs] 973594K->763374K(1546688K), 0.0108740 secs] [Times: user=0.02 sys=0.00, real=0.01 secs] 
89488.469: [GC 89488.470: [ParNew: 210833K->1041K(235968K), 0.0104470 secs] 973157K->763526K(1546688K), 0.0107140 secs] [Times: user=0.02 sys=0.00, real=0.01 secs] 
89494.188: [GC 89494.188: [ParNew: 210833K->1340K(235968K), 0.0084150 secs] 973318K->763947K(1546688K), 0.0087020 secs] [Times: user=0.02 sys=0.00, real=0.01 secs] 
89503.309: [GC 89503.309: [ParNew: 211089K->1391K(235968K), 0.0090610 secs] 973697K->764050K(1546688K), 0.0092960 secs] [Times: user=0.03 sys=0.00, real=0.01 secs] 
89520.531: [GC 89520.532: [ParNew: 211183K->1402K(235968K), 0.0073600 secs] 973842K->764121K(1546688K), 0.0075850 secs] [Times: user=0.03 sys=0.00, real=0.01 secs] 
89533.433: [GC 89533.433: [ParNew: 211194K->812K(235968K), 0.0220910 secs] 973913K->763704K(1546688K), 0.0224110 secs] [Times: user=0.04 sys=0.00, real=0.03 secs] 
89549.195: [GC 89549.196: [ParNew: 210503K->1076K(235968K), 0.0098260 secs] 973395K->764093K(1546688K), 0.0100940 secs] [Times: user=0.03 sys=0.00, real=0.01 secs] 
89554.216: [GC 89554.216: [ParNew: 210868K->836K(235968K), 0.0078090 secs] 973885K->764028K(1546688K), 0.0080550 secs] [Times: user=0.02 sys=0.00, real=0.01 secs] 
89574.890: [GC 89574.891: [ParNew: 210628K->655K(235968K), 0.0055580 secs] 973820K->763885K(1546688K), 0.0058430 secs] [Times: user=0.03 sys=0.00, real=0.00 secs] 
89581.886: [GC 89581.886: [ParNew: 210415K->985K(235968K), 0.0056410 secs] 973644K->764295K(1546688K), 0.0059010 secs] [Times: user=0.03 sys=0.00, real=0.01 secs] 
89593.478: [GC 89593.479: [ParNew: 210681K->1117K(235968K), 0.0072110 secs] 973991K->764470K(1546688K), 0.0074980 secs] [Times: user=0.02 sys=0.00, real=0.01 secs] 
89609.228: [GC 89609.228: [ParNew: 210909K->1170K(235968K), 0.0063040 secs] 974262K->764564K(1546688K), 0.0065940 secs] [Times: user=0.03 sys=0.00, real=0.01 secs] 
89614.933: [GC 89614.933: [ParNew: 210962K->2064K(235968K), 0.0092840 secs] 974356K->765545K(1546688K), 0.0094660 secs] [Times: user=0.03 sys=0.00, real=0.00 secs] 
89634.888: [GC 89634.888: [ParNew: 211856K->1148K(235968K), 0.0112520 secs] 975337K->764684K(1546688K), 0.0114450 secs] [Times: user=0.02 sys=0.00, real=0.02 secs] 
89641.891: [GC 89641.892: [ParNew: 210940K->1198K(235968K), 0.0062860 secs] 974476K->764789K(1546688K), 0.0065380 secs] [Times: user=0.03 sys=0.01, real=0.01 secs] 
89653.473: [GC 89653.473: [ParNew: 210990K->1325K(235968K), 0.0187070 secs] 974581K->764976K(1546688K), 0.0190090 secs] [Times: user=0.06 sys=0.00, real=0.02 secs] 
89669.223: [GC 89669.223: [ParNew: 211117K->983K(235968K), 0.0087470 secs] 974768K->764684K(1546688K), 0.0089360 secs] [Times: user=0.03 sys=0.00, real=0.01 secs] 
89674.935: [GC 89674.935: [ParNew: 210695K->953K(235968K), 0.0057880 secs] 974396K->764703K(1546688K), 0.0060570 secs] [Times: user=0.03 sys=0.01, real=0.00 secs] 
89694.899: [GC 89694.899: [ParNew: 210745K->1054K(235968K), 0.0064540 secs] 974495K->764872K(1546688K), 0.0067330 secs] [Times: user=0.04 sys=0.00, real=0.01 secs] 
89701.908: [GC 89701.908: [ParNew: 210793K->888K(235968K), 0.0086520 secs] 974611K->764756K(1546688K), 0.0088690 secs] [Times: user=0.03 sys=0.00, real=0.01 secs] 
89713.496: [GC 89713.496: [ParNew: 210680K->1154K(235968K), 0.0113040 secs] 974548K->765092K(1546688K), 0.0119880 secs] [Times: user=0.04 sys=0.00, real=0.02 secs] 
89728.113: [GC 89728.114: [ParNew: 210893K->1003K(235968K), 0.0084670 secs] 974830K->764989K(1546688K), 0.0086830 secs] [Times: user=0.03 sys=0.00, real=0.01 secs] 
89734.229: [GC 89734.230: [ParNew: 210795K->1121K(235968K), 0.0063880 secs] 974781K->765176K(1546688K), 0.0066560 secs] [Times: user=0.03 sys=0.00, real=0.01 secs] 
89743.359: [GC 89743.360: [ParNew: 210889K->1259K(235968K), 0.0072260 secs] 974944K->765373K(1546688K), 0.0075110 secs] [Times: user=0.03 sys=0.00, real=0.01 secs] 
89760.556: [GC 89760.556: [ParNew: 211021K->1216K(235968K), 0.0074490 secs] 975134K->765386K(1546688K), 0.0092710 secs] [Times: user=0.03 sys=0.00, real=0.01 secs] 
89766.575: [GC 89766.575: [ParNew: 211008K->600K(235968K), 0.0200250 secs] 975178K->764843K(1546688K), 0.0203170 secs] [Times: user=0.04 sys=0.00, real=0.02 secs] 
89788.098: [GC 89788.098: [ParNew: 210392K->1365K(235968K), 0.0083290 secs] 974635K->765667K(1546688K), 0.0085880 secs] [Times: user=0.03 sys=0.00, real=0.01 secs] 
89789.956: [GC 89789.956: [ParNew: 211157K->1126K(235968K), 0.0099990 secs] 975459K->765483K(1546688K), 0.0102660 secs] [Times: user=0.02 sys=0.00, real=0.01 secs] 
89803.363: [GC 89803.363: [ParNew: 210888K->1032K(235968K), 0.0077630 secs] 975245K->765440K(1546688K), 0.0079980 secs] [Times: user=0.03 sys=0.00, real=0.00 secs] 
89820.097: [GC 89820.097: [ParNew: 210824K->828K(235968K), 0.0059170 secs] 975232K->765289K(1546688K), 0.0061880 secs] [Times: user=0.04 sys=0.00, real=0.01 secs] 
89825.789: [GC 89825.789: [ParNew: 210620K->810K(235968K), 0.0072270 secs] 975081K->765327K(1546688K), 0.0074790 secs] [Times: user=0.03 sys=0.00, real=0.00 secs] 
89844.262: [GC 89844.262: [ParNew: 210602K->686K(235968K), 0.0074740 secs] 975119K->765252K(1546688K), 0.0077660 secs] [Times: user=0.03 sys=0.01, real=0.01 secs] 
89849.963: [GC 89849.963: [ParNew: 210478K->1147K(235968K), 0.0053970 secs] 975044K->765774K(1546688K), 0.0056660 secs] [Times: user=0.02 sys=0.00, real=0.01 secs] 
89863.360: [GC 89863.360: [ParNew: 210936K->825K(235968K), 0.0058220 secs] 975564K->765490K(1546688K), 0.0061110 secs] [Times: user=0.03 sys=0.00, real=0.01 secs] 
89880.576: [GC 89880.577: [ParNew: 210559K->911K(235968K), 0.0043280 secs] 975223K->765753K(1546688K), 0.0045940 secs] [Times: user=0.03 sys=0.00, real=0.01 secs] 
89886.630: [GC 89886.630: [ParNew: 210703K->987K(235968K), 0.0246450 secs] 975545K->765876K(1546688K), 0.0249720 secs] [Times: user=0.05 sys=0.00, real=0.02 secs] 
89908.120: [GC 89908.120: [ParNew: 210779K->1365K(235968K), 0.0092370 secs] 975668K->766311K(1546688K), 0.0095120 secs] [Times: user=0.03 sys=0.01, real=0.01 secs] 
89909.975: [GC 89909.975: [ParNew: 211157K->1072K(235968K), 0.0087860 secs] 976103K->766067K(1546688K), 0.0090200 secs] [Times: user=0.03 sys=0.00, real=0.01 secs] 
89923.393: [GC 89923.393: [ParNew: 210864K->906K(235968K), 0.0095240 secs] 975859K->765950K(1546688K), 0.0097400 secs] [Times: user=0.03 sys=0.00, real=0.01 secs] 
89939.061: [GC 89939.062: [ParNew: 210698K->1308K(235968K), 0.0072180 secs] 975742K->766405K(1546688K), 0.0074370 secs] [Times: user=0.03 sys=0.00, real=0.00 secs] 
89944.797: [GC 89944.797: [ParNew: 211100K->921K(235968K), 0.0088320 secs] 976197K->766150K(1546688K), 0.0091130 secs] [Times: user=0.03 sys=0.00, real=0.01 secs] 
89958.769: [GC 89958.769: [ParNew: 210712K->693K(235968K), 0.0351440 secs] 975941K->765973K(1546688K), 0.0354870 secs] [Times: user=0.04 sys=0.00, real=0.03 secs] 
89969.289: [GC 89969.289: [ParNew: 210485K->1321K(235968K), 0.0098450 secs] 975765K->766663K(1546688K), 0.0100580 secs] [Times: user=0.03 sys=0.00, real=0.01 secs] 
89975.036: [GC 89975.036: [ParNew: 211086K->1346K(235968K), 0.0091300 secs] 976428K->766723K(1546688K), 0.0093380 secs] [Times: user=0.02 sys=0.00, real=0.01 secs] 
89999.047: [GC 89999.047: [ParNew: 211138K->1457K(235968K), 0.0150090 secs] 976515K->766888K(1546688K), 0.0152860 secs] [Times: user=0.03 sys=0.00, real=0.02 secs] 
90004.792: [GC 90004.792: [ParNew: 211249K->1675K(235968K), 0.0093710 secs] 976680K->767165K(1546688K), 0.0097020 secs] [Times: user=0.03 sys=0.00, real=0.01 secs] 
90018.776: [GC 90018.776: [ParNew: 211467K->1491K(235968K), 0.0379910 secs] 976957K->767072K(1546688K), 0.0383070 secs] [Times: user=0.07 sys=0.00, real=0.04 secs] 
90029.296: [GC 90029.296: [ParNew: 211283K->1397K(235968K), 0.0080620 secs] 976864K->767021K(1546688K), 0.0083220 secs] [Times: user=0.03 sys=0.00, real=0.01 secs] 
90035.041: [GC 90035.042: [ParNew: 211189K->1320K(235968K), 0.0117650 secs] 976813K->767174K(1546688K), 0.0120350 secs] [Times: user=0.02 sys=0.00, real=0.01 secs] 
90059.048: [GC 90059.048: [ParNew: 211112K->949K(235968K), 0.0124190 secs] 976966K->766862K(1546688K), 0.0127090 secs] [Times: user=0.03 sys=0.00, real=0.01 secs] 
90064.801: [GC 90064.801: [ParNew: 210723K->1329K(235968K), 0.0146200 secs] 976637K->767324K(1546688K), 0.0148800 secs] [Times: user=0.04 sys=0.00, real=0.02 secs] 
90078.780: [GC 90078.780: [ParNew: 211121K->1315K(235968K), 0.0120670 secs] 977116K->767494K(1546688K), 0.0123560 secs] [Times: user=0.03 sys=0.00, real=0.01 secs] 
90089.306: [GC 90089.306: [ParNew: 211107K->1624K(235968K), 0.0135210 secs] 977286K->767859K(1546688K), 0.0137990 secs] [Times: user=0.04 sys=0.00, real=0.02 secs] 
90095.035: [GC 90095.035: [ParNew: 211416K->1111K(235968K), 0.0066980 secs] 977651K->767420K(1546688K), 0.0069280 secs] [Times: user=0.03 sys=0.00, real=0.01 secs] 
90111.619: [GC 90111.619: [ParNew: 210903K->866K(235968K), 0.0059680 secs] 977212K->767231K(1546688K), 0.0062220 secs] [Times: user=0.04 sys=0.00, real=0.01 secs] 
90121.974: [GC 90121.974: [ParNew: 210650K->991K(235968K), 0.0071770 secs] 977015K->767417K(1546688K), 0.0074630 secs] [Times: user=0.03 sys=0.00, real=0.00 secs] 
90133.568: [GC 90133.568: [ParNew: 210783K->802K(235968K), 0.0382770 secs] 977209K->767293K(1546688K), 0.0385950 secs] [Times: user=0.06 sys=0.00, real=0.04 secs] 
90148.194: [GC 90148.194: [ParNew: 210594K->1082K(235968K), 0.0064840 secs] 977085K->767623K(1546688K), 0.0067360 secs] [Times: user=0.03 sys=0.00, real=0.01 secs] 
90154.290: [GC 90154.290: [ParNew: 210874K->989K(235968K), 0.0085900 secs] 977415K->767599K(1546688K), 0.0087780 secs] [Times: user=0.02 sys=0.01, real=0.01 secs] 
90169.082: [GC 90169.082: [ParNew: 210781K->764K(235968K), 0.0057610 secs] 977391K->767432K(1546688K), 0.0059670 secs] [Times: user=0.03 sys=0.00, real=0.01 secs] 
90181.988: [GC 90181.989: [ParNew: 210556K->997K(235968K), 0.0077740 secs] 977224K->767724K(1546688K), 0.0079940 secs] [Times: user=0.03 sys=0.00, real=0.01 secs] 
90193.590: [GC 90193.591: [ParNew: 210789K->933K(235968K), 0.0184030 secs] 977516K->767743K(1546688K), 0.0186560 secs] [Times: user=0.04 sys=0.00, real=0.02 secs] 
90209.285: [GC 90209.286: [ParNew: 210725K->868K(235968K), 0.0086190 secs] 977535K->767734K(1546688K), 0.0088810 secs] [Times: user=0.02 sys=0.01, real=0.01 secs] 
90214.307: [GC 90214.307: [ParNew: 210660K->970K(235968K), 0.0066620 secs] 977526K->767896K(1546688K), 0.0069440 secs] [Times: user=0.03 sys=0.00, real=0.01 secs] 
90227.607: [GC 90227.607: [ParNew: 210762K->1004K(235968K), 0.0076710 secs] 977688K->767990K(1546688K), 0.0079390 secs] [Times: user=0.03 sys=0.00, real=0.00 secs] 
90241.999: [GC 90241.999: [ParNew: 210796K->1542K(235968K), 0.0108610 secs] 977782K->768576K(1546688K), 0.0111420 secs] [Times: user=0.04 sys=0.00, real=0.01 secs] 
90247.434: [GC 90247.434: [ParNew: 211334K->1352K(235968K), 0.0078060 secs] 978368K->768563K(1546688K), 0.0080140 secs] [Times: user=0.03 sys=0.00, real=0.00 secs] 
90268.202: [GC 90268.203: [ParNew: 211129K->1546K(235968K), 0.0064320 secs] 978340K->768800K(1546688K), 0.0066680 secs] [Times: user=0.03 sys=0.00, real=0.00 secs] 
90274.291: [GC 90274.291: [ParNew: 211338K->1723K(235968K), 0.0060740 secs] 978592K->769028K(1546688K), 0.0063520 secs] [Times: user=0.03 sys=0.00, real=0.00 secs] 
90283.484: [GC 90283.484: [ParNew: 211466K->1717K(235968K), 0.0208500 secs] 978771K->769110K(1546688K), 0.0211170 secs] [Times: user=0.07 sys=0.00, real=0.02 secs] 
90301.853: [GC 90301.853: [ParNew: 211509K->674K(235968K), 0.0095560 secs] 978902K->768771K(1546688K), 0.0098160 secs] [Times: user=0.03 sys=0.00, real=0.01 secs] 
90306.736: [GC 90306.736: [ParNew: 210392K->855K(235968K), 0.0205160 secs] 978489K->769016K(1546688K), 0.0208310 secs] [Times: user=0.05 sys=0.00, real=0.02 secs] 
90328.229: [GC 90328.229: [ParNew: 210647K->931K(235968K), 0.0078560 secs] 978808K->769148K(1546688K), 0.0080690 secs] [Times: user=0.03 sys=0.00, real=0.01 secs] 
90334.321: [GC 90334.322: [ParNew: 210723K->814K(235968K), 0.0072190 secs] 978940K->769079K(1546688K), 0.0074270 secs] [Times: user=0.02 sys=0.00, real=0.00 secs] 
90354.984: [GC 90354.984: [ParNew: 210606K->959K(235968K), 0.0059620 secs] 978871K->769286K(1546688K), 0.0062540 secs] [Times: user=0.03 sys=0.00, real=0.01 secs] 
90362.029: [GC 90362.029: [ParNew: 210751K->677K(235968K), 0.0057470 secs] 979078K->769148K(1546688K), 0.0060060 secs] [Times: user=0.03 sys=0.00, real=0.01 secs] 
90373.657: [GC 90373.657: [ParNew: 210405K->785K(235968K), 0.0195630 secs] 978877K->769292K(1546688K), 0.0198340 secs] [Times: user=0.04 sys=0.01, real=0.02 secs] 
90388.222: [GC 90388.223: [ParNew: 210577K->1108K(235968K), 0.0101360 secs] 979084K->769683K(1546688K), 0.0104090 secs] [Times: user=0.03 sys=0.00, real=0.01 secs] 
90394.306: [GC 90394.306: [ParNew: 210900K->823K(235968K), 0.0070590 secs] 979475K->769482K(1546688K), 0.0073450 secs] [Times: user=0.03 sys=0.00, real=0.01 secs] 
90403.472: [GC 90403.472: [ParNew: 210615K->905K(235968K), 0.0109090 secs] 979274K->769618K(1546688K), 0.0111030 secs] [Times: user=0.02 sys=0.00, real=0.01 secs] 
90420.670: [GC 90420.671: [ParNew: 210697K->997K(235968K), 0.0083130 secs] 979410K->769764K(1546688K), 0.0085380 secs] [Times: user=0.03 sys=0.00, real=0.01 secs] 
90426.709: [GC 90426.709: [ParNew: 210768K->938K(235968K), 0.0337600 secs] 979536K->769742K(1546688K), 0.0340580 secs] [Times: user=0.03 sys=0.00, real=0.03 secs] 
90448.215: [GC 90448.215: [ParNew: 210730K->1233K(235968K), 0.0111990 secs] 979534K->770095K(1546688K), 0.0114950 secs] [Times: user=0.03 sys=0.00, real=0.01 secs] 
90450.027: [GC 90450.027: [ParNew: 211009K->1474K(235968K), 0.0085900 secs] 979871K->770376K(1546688K), 0.0088380 secs] [Times: user=0.03 sys=0.00, real=0.01 secs] 
90456.029: [GC 90456.030: [ParNew: 211252K->1074K(235968K), 0.0195600 secs] 980155K->770122K(1546688K), 0.0197860 secs] [Times: user=0.04 sys=0.00, real=0.02 secs] 
90479.170: [GC 90479.170: [ParNew: 210866K->963K(235968K), 0.0178810 secs] 979914K->770071K(1546688K), 0.0181690 secs] [Times: user=0.07 sys=0.00, real=0.02 secs] 
90486.672: [GC 90486.672: [ParNew: 210755K->890K(235968K), 0.0287400 secs] 979863K->770097K(1546688K), 0.0290500 secs] [Times: user=0.04 sys=0.00, real=0.03 secs] 
90502.399: [GC 90502.399: [ParNew: 210682K->893K(235968K), 0.0072050 secs] 979889K->770160K(1546688K), 0.0075080 secs] [Times: user=0.03 sys=0.00, real=0.01 secs] 
90510.040: [GC 90510.040: [ParNew: 210685K->1108K(235968K), 0.0088780 secs] 979952K->770421K(1546688K), 0.0091610 secs] [Times: user=0.03 sys=0.00, real=0.01 secs] 
90523.507: [GC 90523.507: [ParNew: 210900K->1260K(235968K), 0.0084970 secs] 980213K->770766K(1546688K), 0.0087880 secs] [Times: user=0.03 sys=0.00, real=0.01 secs] 
90539.182: [GC 90539.182: [ParNew: 211052K->1320K(235968K), 0.0074600 secs] 980558K->770884K(1546688K), 0.0077300 secs] [Times: user=0.03 sys=0.00, real=0.01 secs] 
90544.938: [GC 90544.938: [ParNew: 211031K->851K(235968K), 0.0229820 secs] 980595K->770477K(1546688K), 0.0232910 secs] [Times: user=0.03 sys=0.00, real=0.02 secs] 
90558.934: [GC 90558.934: [ParNew: 210531K->929K(235968K), 0.0081900 secs] 980156K->770620K(1546688K), 0.0084700 secs] [Times: user=0.03 sys=0.01, real=0.01 secs] 
90569.409: [GC 90569.410: [ParNew: 210713K->736K(235968K), 0.0076080 secs] 980404K->770484K(1546688K), 0.0078840 secs] [Times: user=0.02 sys=0.00, real=0.01 secs] 
90576.023: [GC 90576.023: [ParNew: 210433K->904K(235968K), 0.0117360 secs] 980181K->770711K(1546688K), 0.0119910 secs] [Times: user=0.03 sys=0.00, real=0.01 secs] 
90599.167: [GC 90599.167: [ParNew: 210639K->1032K(235968K), 0.0105970 secs] 980446K->770893K(1546688K), 0.0108370 secs] [Times: user=0.03 sys=0.00, real=0.02 secs] 
90604.928: [GC 90604.928: [ParNew: 210824K->955K(235968K), 0.0108720 secs] 980685K->770876K(1546688K), 0.0112130 secs] [Times: user=0.03 sys=0.00, real=0.01 secs] 
90618.934: [GC 90618.934: [ParNew: 210747K->497K(235968K), 0.0092030 secs] 980668K->770467K(1546688K), 0.0094690 secs] [Times: user=0.02 sys=0.00, real=0.01 secs] 
90629.423: [GC 90629.423: [ParNew: 210279K->1133K(235968K), 0.0073910 secs] 980249K->771160K(1546688K), 0.0076860 secs] [Times: user=0.03 sys=0.00, real=0.01 secs] 
90636.050: [GC 90636.051: [ParNew: 210925K->972K(235968K), 0.0065740 secs] 980952K->771086K(1546688K), 0.0068500 secs] [Times: user=0.03 sys=0.00, real=0.01 secs] 
90660.707: [GC 90660.707: [ParNew: 210744K->1035K(235968K), 0.0078220 secs] 980858K->771203K(1546688K), 0.0081240 secs] [Times: user=0.03 sys=0.00, real=0.01 secs] 
90666.741: [GC 90666.742: [ParNew: 210827K->868K(235968K), 0.0222340 secs] 980995K->771079K(1546688K), 0.0225590 secs] [Times: user=0.03 sys=0.01, real=0.02 secs] 
90688.376: [GC 90688.376: [ParNew: 210613K->1176K(235968K), 0.0095660 secs] 980825K->771433K(1546688K), 0.0098370 secs] [Times: user=0.03 sys=0.00, real=0.01 secs] 
90690.071: [GC 90690.072: [ParNew: 210968K->564K(235968K), 0.0070700 secs] 981225K->770866K(1546688K), 0.0072450 secs] [Times: user=0.03 sys=0.00, real=0.01 secs] 
90703.549: [GC 90703.549: [ParNew: 210356K->882K(235968K), 0.0061130 secs] 980658K->771230K(1546688K), 0.0063820 secs] [Times: user=0.03 sys=0.00, real=0.01 secs] 
90720.746: [GC 90720.746: [ParNew: 210636K->1141K(235968K), 0.0081030 secs] 980984K->771537K(1546688K), 0.0083880 secs] [Times: user=0.03 sys=0.00, real=0.01 secs] 
90726.803: [GC 90726.803: [ParNew: 210933K->840K(235968K), 0.0116400 secs] 981329K->771279K(1546688K), 0.0119530 secs] [Times: user=0.03 sys=0.00, real=0.01 secs] 
90748.407: [GC 90748.407: [ParNew: 210566K->869K(235968K), 0.0110290 secs] 981005K->771357K(1546688K), 0.0113580 secs] [Times: user=0.03 sys=0.00, real=0.01 secs] 
90754.346: [GC 90754.347: [ParNew: 210654K->1188K(235968K), 0.0089070 secs] 981141K->771751K(1546688K), 0.0090850 secs] [Times: user=0.03 sys=0.00, real=0.01 secs] 
90763.567: [GC 90763.567: [ParNew: 210980K->1160K(235968K), 0.0071860 secs] 981543K->771780K(1546688K), 0.0074770 secs] [Times: user=0.03 sys=0.01, real=0.01 secs] 
90780.757: [GC 90780.757: [ParNew: 210826K->1313K(235968K), 0.0102420 secs] 981445K->771988K(1546688K), 0.0104380 secs] [Times: user=0.04 sys=0.00, real=0.01 secs] 
90786.798: [GC 90786.799: [ParNew: 211077K->1302K(235968K), 0.0256580 secs] 981751K->772110K(1546688K), 0.0259600 secs] [Times: user=0.03 sys=0.00, real=0.02 secs] 
90808.406: [GC 90808.406: [ParNew: 211094K->1109K(235968K), 0.0131310 secs] 981902K->772011K(1546688K), 0.0133880 secs] [Times: user=0.03 sys=0.00, real=0.01 secs] 
90811.051: [GC 90811.051: [ParNew: 210901K->1036K(235968K), 0.0077650 secs] 981803K->772025K(1546688K), 0.0079570 secs] [Times: user=0.03 sys=0.00, real=0.01 secs] 
90823.580: [GC 90823.580: [ParNew: 210795K->1391K(235968K), 0.0082160 secs] 981784K->772504K(1546688K), 0.0084310 secs] [Times: user=0.03 sys=0.00, real=0.01 secs] 
90840.758: [GC 90840.758: [ParNew: 211173K->1289K(235968K), 0.0072680 secs] 982286K->772509K(1546688K), 0.0074840 secs] [Times: user=0.02 sys=0.00, real=0.01 secs] 
90846.801: [GC 90846.801: [ParNew: 211081K->1014K(235968K), 0.0118320 secs] 982301K->772378K(1546688K), 0.0121950 secs] [Times: user=0.03 sys=0.00, real=0.01 secs] 
90868.415: [GC 90868.415: [ParNew: 210806K->1046K(235968K), 0.0094960 secs] 982170K->772454K(1546688K), 0.0097460 secs] [Times: user=0.02 sys=0.01, real=0.01 secs] 
90870.106: [GC 90870.106: [ParNew: 210834K->872K(235968K), 0.0056900 secs] 982243K->772342K(1546688K), 0.0059840 secs] [Times: user=0.03 sys=0.00, real=0.00 secs] 
90883.593: [GC 90883.593: [ParNew: 210664K->991K(235968K), 0.0058710 secs] 982134K->772511K(1546688K), 0.0060740 secs] [Times: user=0.03 sys=0.00, real=0.01 secs] 
90900.779: [GC 90900.779: [ParNew: 210722K->1016K(235968K), 0.0177330 secs] 982243K->772609K(1546688K), 0.0180480 secs] [Times: user=0.04 sys=0.00, real=0.02 secs] 
90906.829: [GC 90906.829: [ParNew: 210808K->893K(235968K), 0.0177930 secs] 982401K->772540K(1546688K), 0.0180680 secs] [Times: user=0.04 sys=0.00, real=0.02 secs] 
90928.434: [GC 90928.434: [ParNew: 210623K->1217K(235968K), 0.0070170 secs] 982271K->772915K(1546688K), 0.0072850 secs] [Times: user=0.03 sys=0.00, real=0.01 secs] 
90934.371: [GC 90934.372: [ParNew: 211009K->1043K(235968K), 0.0058340 secs] 982707K->772802K(1546688K), 0.0061060 secs] [Times: user=0.03 sys=0.00, real=0.01 secs] 
90943.610: [GC 90943.611: [ParNew: 210835K->1217K(235968K), 0.0071320 secs] 982594K->773036K(1546688K), 0.0076290 secs] [Times: user=0.03 sys=0.00, real=0.01 secs] 
90960.806: [GC 90960.807: [ParNew: 210941K->1014K(235968K), 0.0233880 secs] 982761K->772903K(1546688K), 0.0236810 secs] [Times: user=0.06 sys=0.00, real=0.02 secs] 
90966.851: [GC 90966.851: [ParNew: 210800K->1172K(235968K), 0.0077170 secs] 982689K->773128K(1546688K), 0.0079790 secs] [Times: user=0.03 sys=0.00, real=0.00 secs] 
90988.444: [GC 90988.445: [ParNew: 210964K->1521K(235968K), 0.0081770 secs] 982920K->773533K(1546688K), 0.0084700 secs] [Times: user=0.03 sys=0.01, real=0.01 secs] 
90990.119: [GC 90990.119: [ParNew: 211313K->974K(235968K), 0.0057970 secs] 983325K->773036K(1546688K), 0.0060590 secs] [Times: user=0.03 sys=0.00, real=0.00 secs] 
91003.600: [GC 91003.600: [ParNew: 210748K->1262K(235968K), 0.0071820 secs] 982810K->773372K(1546688K), 0.0074660 secs] [Times: user=0.03 sys=0.00, real=0.01 secs] 
91020.778: [GC 91020.778: [ParNew: 211054K->1086K(235968K), 0.0107980 secs] 983164K->773427K(1546688K), 0.0109910 secs] [Times: user=0.03 sys=0.00, real=0.01 secs] 
91025.030: [GC 91025.030: [ParNew: 210878K->902K(235968K), 0.0089880 secs] 983219K->773301K(1546688K), 0.0092390 secs] [Times: user=0.02 sys=0.00, real=0.01 secs] 
91038.995: [GC 91038.995: [ParNew: 210694K->1065K(235968K), 0.0049920 secs] 983093K->773512K(1546688K), 0.0052580 secs] [Times: user=0.03 sys=0.00, real=0.01 secs] 
91049.493: [GC 91049.494: [ParNew: 210832K->1847K(235968K), 0.0103040 secs] 983279K->774350K(1546688K), 0.0105650 secs] [Times: user=0.03 sys=0.00, real=0.01 secs] 
91056.079: [GC 91056.079: [ParNew: 211518K->2562K(235968K), 0.0129050 secs] 984020K->775122K(1546688K), 0.0131600 secs] [Times: user=0.04 sys=0.00, real=0.01 secs] 
91077.175: [GC 91077.176: [ParNew: 212354K->2439K(235968K), 0.0105230 secs] 984914K->775047K(1546688K), 0.0107840 secs] [Times: user=0.04 sys=0.00, real=0.01 secs] 
91082.176: [GC 91082.176: [ParNew: 212222K->2861K(235968K), 0.0073360 secs] 984830K->775532K(1546688K), 0.0076090 secs] [Times: user=0.03 sys=0.00, real=0.01 secs] 
91093.942: [GC 91093.942: [ParNew: 212653K->1936K(235968K), 0.0170050 secs] 985324K->775800K(1546688K), 0.0172970 secs] [Times: user=0.04 sys=0.00, real=0.01 secs] 
91109.439: [GC 91109.439: [ParNew: 211617K->1678K(235968K), 0.0071140 secs] 985481K->775599K(1546688K), 0.0074000 secs] [Times: user=0.03 sys=0.01, real=0.00 secs] 
91115.248: [GC 91115.248: [ParNew: 211470K->1189K(235968K), 0.0140850 secs] 985391K->775500K(1546688K), 0.0143620 secs] [Times: user=0.04 sys=0.00, real=0.01 secs] 
91135.112: [GC 91135.112: [ParNew: 210981K->1011K(235968K), 0.0088700 secs] 985292K->775381K(1546688K), 0.0091560 secs] [Times: user=0.02 sys=0.00, real=0.01 secs] 
91142.188: [GC 91142.188: [ParNew: 210803K->1211K(235968K), 0.0060820 secs] 985173K->775635K(1546688K), 0.0064110 secs] [Times: user=0.02 sys=0.00, real=0.01 secs] 
91153.965: [GC 91153.965: [ParNew: 211003K->898K(235968K), 0.0072580 secs] 985427K->775489K(1546688K), 0.0075410 secs] [Times: user=0.03 sys=0.00, real=0.01 secs] 
91169.495: [GC 91169.495: [ParNew: 210690K->1385K(235968K), 0.0113280 secs] 985281K->776033K(1546688K), 0.0115690 secs] [Times: user=0.03 sys=0.00, real=0.01 secs] 
91175.269: [GC 91175.270: [ParNew: 211177K->1309K(235968K), 0.0098690 secs] 985825K->776018K(1546688K), 0.0101130 secs] [Times: user=0.03 sys=0.00, real=0.01 secs] 
91195.093: [GC 91195.093: [ParNew: 211039K->1270K(235968K), 0.0054300 secs] 985747K->776035K(1546688K), 0.0056960 secs] [Times: user=0.03 sys=0.00, real=0.01 secs] 
91202.171: [GC 91202.171: [ParNew: 211062K->1541K(235968K), 0.0044220 secs] 985827K->776363K(1546688K), 0.0046830 secs] [Times: user=0.03 sys=0.00, real=0.01 secs] 
91206.915: [GC 91206.916: [ParNew: 211333K->909K(235968K), 0.0105230 secs] 986155K->775802K(1546688K), 0.0108730 secs] [Times: user=0.03 sys=0.00, real=0.01 secs] 
91228.508: [GC 91228.508: [ParNew: 210701K->1113K(235968K), 0.0104960 secs] 985594K->776054K(1546688K), 0.0107920 secs] [Times: user=0.04 sys=0.00, real=0.01 secs] 
91234.429: [GC 91234.429: [ParNew: 210842K->1040K(235968K), 0.0063890 secs] 985783K->776188K(1546688K), 0.0065760 secs] [Times: user=0.03 sys=0.00, real=0.00 secs] 
91247.109: [GC 91247.109: [ParNew: 210832K->377K(235968K), 0.0088260 secs] 985980K->775582K(1546688K), 0.0090770 secs] [Times: user=0.03 sys=0.00, real=0.01 secs] 
91262.178: [GC 91262.178: [ParNew: 210169K->1280K(235968K), 0.0056040 secs] 985374K->776522K(1546688K), 0.0058770 secs] [Times: user=0.03 sys=0.00, real=0.01 secs] 
91273.959: [GC 91273.960: [ParNew: 211072K->860K(235968K), 0.0052420 secs] 986314K->776158K(1546688K), 0.0055030 secs] [Times: user=0.03 sys=0.00, real=0.01 secs] 
91289.449: [GC 91289.449: [ParNew: 210652K->990K(235968K), 0.0075700 secs] 985950K->776331K(1546688K), 0.0078520 secs] [Times: user=0.02 sys=0.00, real=0.01 secs] 
91295.269: [GC 91295.269: [ParNew: 210782K->1106K(235968K), 0.0061120 secs] 986123K->776491K(1546688K), 0.0063380 secs] [Times: user=0.02 sys=0.01, real=0.00 secs] 
91315.115: [GC 91315.115: [ParNew: 210898K->1124K(235968K), 0.0059600 secs] 986283K->776589K(1546688K), 0.0062650 secs] [Times: user=0.03 sys=0.00, real=0.01 secs] 
91322.206: [GC 91322.207: [ParNew: 210901K->1180K(235968K), 0.0079720 secs] 986366K->776699K(1546688K), 0.0082400 secs] [Times: user=0.03 sys=0.00, real=0.01 secs] 
91333.987: [GC 91333.987: [ParNew: 210972K->1051K(235968K), 0.0090390 secs] 986491K->776625K(1546688K), 0.0093400 secs] [Times: user=0.03 sys=0.00, real=0.01 secs] 
91349.463: [GC 91349.463: [ParNew: 210843K->811K(235968K), 0.0086500 secs] 986417K->776443K(1546688K), 0.0089350 secs] [Times: user=0.03 sys=0.00, real=0.01 secs] 
91355.279: [GC 91355.279: [ParNew: 210603K->1078K(235968K), 0.0104820 secs] 986235K->776836K(1546688K), 0.0107640 secs] [Times: user=0.05 sys=0.00, real=0.02 secs] 
91375.132: [GC 91375.132: [ParNew: 210870K->1126K(235968K), 0.0093450 secs] 986628K->776951K(1546688K), 0.0095500 secs] [Times: user=0.03 sys=0.00, real=0.01 secs] 
91382.223: [GC 91382.223: [ParNew: 210918K->899K(235968K), 0.0072510 secs] 986743K->776782K(1546688K), 0.0074970 secs] [Times: user=0.02 sys=0.01, real=0.01 secs] 
91394.005: [GC 91394.005: [ParNew: 210691K->968K(235968K), 0.0059940 secs] 986574K->776905K(1546688K), 0.0061940 secs] [Times: user=0.03 sys=0.00, real=0.00 secs] 
91409.481: [GC 91409.481: [ParNew: 210740K->856K(235968K), 0.0116470 secs] 986677K->776848K(1546688K), 0.0120480 secs] [Times: user=0.04 sys=0.00, real=0.01 secs] 
91415.299: [GC 91415.299: [ParNew: 210648K->715K(235968K), 0.0051860 secs] 986640K->776797K(1546688K), 0.0054530 secs] [Times: user=0.03 sys=0.00, real=0.01 secs] 
91435.152: [GC 91435.153: [ParNew: 210507K->1018K(235968K), 0.0076270 secs] 986589K->777153K(1546688K), 0.0078850 secs] [Times: user=0.03 sys=0.00, real=0.01 secs] 
91442.225: [GC 91442.225: [ParNew: 210810K->1074K(235968K), 0.0079370 secs] 986945K->777268K(1546688K), 0.0082460 secs] [Times: user=0.03 sys=0.00, real=0.01 secs] 
91454.013: [GC 91454.013: [ParNew: 210866K->1140K(235968K), 0.0069740 secs] 987060K->777391K(1546688K), 0.0072350 secs] [Times: user=0.03 sys=0.00, real=0.01 secs] 
91469.487: [GC 91469.487: [ParNew: 210924K->1223K(235968K), 0.0060910 secs] 987175K->777537K(1546688K), 0.0063360 secs] [Times: user=0.03 sys=0.00, real=0.01 secs] 
91475.313: [GC 91475.314: [ParNew: 211015K->999K(235968K), 0.0057780 secs] 987329K->777370K(1546688K), 0.0059860 secs] [Times: user=0.03 sys=0.00, real=0.00 secs] 
91492.952: [GC 91492.952: [ParNew: 210791K->704K(235968K), 0.0059960 secs] 987162K->777129K(1546688K), 0.0062710 secs] [Times: user=0.03 sys=0.00, real=0.01 secs] 
91502.217: [GC 91502.217: [ParNew: 210446K->1018K(235968K), 0.0044980 secs] 986870K->777497K(1546688K), 0.0047570 secs] [Times: user=0.03 sys=0.00, real=0.00 secs] 
91508.590: [GC 91508.591: [ParNew: 210810K->744K(235968K), 0.0069530 secs] 987289K->777287K(1546688K), 0.0071890 secs] [Times: user=0.03 sys=0.00, real=0.01 secs] 
91528.562: [GC 91528.563: [ParNew: 210536K->1039K(235968K), 0.0051940 secs] 987079K->777649K(1546688K), 0.0054520 secs] [Times: user=0.03 sys=0.00, real=0.00 secs] 
91534.457: [GC 91534.457: [ParNew: 210831K->1121K(235968K), 0.0098950 secs] 987441K->777778K(1546688K), 0.0101070 secs] [Times: user=0.03 sys=0.00, real=0.01 secs] 
91543.863: [GC 91543.863: [ParNew: 210837K->1131K(235968K), 0.0059730 secs] 987494K->777846K(1546688K), 0.0061800 secs] [Times: user=0.02 sys=0.01, real=0.01 secs] 
91562.224: [GC 91562.224: [ParNew: 210923K->896K(235968K), 0.0078100 secs] 987638K->777664K(1546688K), 0.0081270 secs] [Times: user=0.03 sys=0.00, real=0.01 secs] 
91572.922: [GC 91572.923: [ParNew: 210688K->945K(235968K), 0.0058170 secs] 987456K->777767K(1546688K), 0.0060880 secs] [Times: user=0.03 sys=0.00, real=0.01 secs] 
91588.585: [GC 91588.585: [ParNew: 210737K->1025K(235968K), 0.0058050 secs] 987559K->777904K(1546688K), 0.0060980 secs] [Times: user=0.03 sys=0.00, real=0.00 secs] 
91594.485: [GC 91594.485: [ParNew: 210817K->868K(235968K), 0.0067690 secs] 987696K->777796K(1546688K), 0.0070100 secs] [Times: user=0.02 sys=0.00, real=0.01 secs] 
91603.889: [GC 91603.889: [ParNew: 210609K->1039K(235968K), 0.0111330 secs] 987537K->778021K(1546688K), 0.0113240 secs] [Times: user=0.02 sys=0.00, real=0.02 secs] 
91620.942: [GC 91620.942: [ParNew: 210831K->900K(235968K), 0.0104640 secs] 987813K->777931K(1546688K), 0.0107580 secs] [Times: user=0.03 sys=0.00, real=0.01 secs] 
91626.944: [GC 91626.944: [ParNew: 210692K->1128K(235968K), 0.0136440 secs] 987723K->778229K(1546688K), 0.0139430 secs] [Times: user=0.04 sys=0.01, real=0.02 secs] 
91648.578: [GC 91648.579: [ParNew: 210920K->1233K(235968K), 0.0068620 secs] 988021K->778391K(1546688K), 0.0071740 secs] [Times: user=0.02 sys=0.00, real=0.01 secs] 
91654.466: [GC 91654.466: [ParNew: 211025K->1273K(235968K), 0.0117520 secs] 988183K->778480K(1546688K), 0.0120430 secs] [Times: user=0.03 sys=0.00, real=0.01 secs] 
91663.884: [GC 91663.884: [ParNew: 211060K->1004K(235968K), 0.0079380 secs] 988268K->778389K(1546688K), 0.0082370 secs] [Times: user=0.03 sys=0.00, real=0.01 secs] 
91680.951: [GC 91680.951: [ParNew: 210796K->660K(235968K), 0.0079520 secs] 988181K->778108K(1546688K), 0.0081770 secs] [Times: user=0.03 sys=0.00, real=0.01 secs] 
91686.954: [GC 91686.954: [ParNew: 210433K->1114K(235968K), 0.0075980 secs] 987881K->778618K(1546688K), 0.0078190 secs] [Times: user=0.03 sys=0.00, real=0.01 secs] 
91708.582: [GC 91708.582: [ParNew: 210886K->1334K(235968K), 0.0072900 secs] 988390K->778935K(1546688K), 0.0075100 secs] [Times: user=0.03 sys=0.00, real=0.01 secs] 
91710.564: [GC 91710.564: [ParNew: 211126K->632K(235968K), 0.0098390 secs] 988727K->778281K(1546688K), 0.0100450 secs] [Times: user=0.02 sys=0.00, real=0.01 secs] 
91723.888: [GC 91723.888: [ParNew: 210424K->858K(235968K), 0.0066960 secs] 988073K->778561K(1546688K), 0.0069070 secs] [Times: user=0.03 sys=0.00, real=0.01 secs] 
91740.976: [GC 91740.976: [ParNew: 210650K->731K(235968K), 0.0101930 secs] 988353K->778490K(1546688K), 0.0104080 secs] [Times: user=0.02 sys=0.00, real=0.01 secs] 
91746.965: [GC 91746.966: [ParNew: 210523K->1120K(235968K), 0.0070820 secs] 988282K->778944K(1546688K), 0.0072950 secs] [Times: user=0.03 sys=0.00, real=0.01 secs] 
91768.585: [GC 91768.585: [ParNew: 210868K->871K(235968K), 0.0085440 secs] 988693K->778744K(1546688K), 0.0088470 secs] [Times: user=0.03 sys=0.00, real=0.00 secs] 
91770.222: [GC 91770.223: [ParNew: 210554K->1071K(235968K), 0.0066190 secs] 988427K->779005K(1546688K), 0.0068780 secs] [Times: user=0.03 sys=0.00, real=0.01 secs] 
91783.891: [GC 91783.891: [ParNew: 210863K->1336K(235968K), 0.0083390 secs] 988797K->779325K(1546688K), 0.0085360 secs] [Times: user=0.03 sys=0.01, real=0.01 secs] 
91800.950: [GC 91800.950: [ParNew: 211128K->1532K(235968K), 0.0125850 secs] 989117K->779583K(1546688K), 0.0128030 secs] [Times: user=0.04 sys=0.00, real=0.01 secs] 
91806.953: [GC 91806.953: [ParNew: 211324K->1347K(235968K), 0.0078870 secs] 989375K->779457K(1546688K), 0.0080930 secs] [Times: user=0.03 sys=0.00, real=0.01 secs] 
91820.659: [GC 91820.659: [ParNew: 211139K->1007K(235968K), 0.0076730 secs] 989249K->779168K(1546688K), 0.0079090 secs] [Times: user=0.03 sys=0.00, real=0.01 secs] 
91830.208: [GC 91830.208: [ParNew: 210799K->1257K(235968K), 0.0071760 secs] 988960K->779518K(1546688K), 0.0074010 secs] [Times: user=0.03 sys=0.00, real=0.01 secs] 
91836.200: [GC 91836.200: [ParNew: 211034K->1121K(235968K), 0.0073990 secs] 989295K->779429K(1546688K), 0.0076130 secs] [Times: user=0.03 sys=0.00, real=0.01 secs] 
91859.388: [GC 91859.388: [ParNew: 210913K->1235K(235968K), 0.0087280 secs] 989221K->779617K(1546688K), 0.0089950 secs] [Times: user=0.03 sys=0.00, real=0.01 secs] 
91865.142: [GC 91865.142: [ParNew: 211021K->1669K(235968K), 0.0169160 secs] 989403K->780135K(1546688K), 0.0172700 secs] [Times: user=0.05 sys=0.00, real=0.02 secs] 
91879.122: [GC 91879.123: [ParNew: 211428K->1256K(235968K), 0.0127640 secs] 989894K->779918K(1546688K), 0.0130190 secs] [Times: user=0.03 sys=0.01, real=0.01 secs] 
91889.631: [GC 91889.631: [ParNew: 211048K->1068K(235968K), 0.0076680 secs] 989710K->779776K(1546688K), 0.0078800 secs] [Times: user=0.03 sys=0.00, real=0.01 secs] 
91895.413: [GC 91895.413: [ParNew: 210860K->920K(235968K), 0.0082170 secs] 989568K->779857K(1546688K), 0.0084820 secs] [Times: user=0.03 sys=0.00, real=0.01 secs] 
91919.397: [GC 91919.397: [ParNew: 210712K->986K(235968K), 0.0067110 secs] 989649K->779983K(1546688K), 0.0069970 secs] [Times: user=0.03 sys=0.01, real=0.01 secs] 
91925.160: [GC 91925.160: [ParNew: 210778K->922K(235968K), 0.0089940 secs] 989775K->779969K(1546688K), 0.0092850 secs] [Times: user=0.03 sys=0.00, real=0.00 secs] 
91939.139: [GC 91939.139: [ParNew: 210714K->1230K(235968K), 0.0076080 secs] 989761K->780373K(1546688K), 0.0078220 secs] [Times: user=0.04 sys=0.00, real=0.00 secs] 
91949.548: [GC 91949.549: [ParNew: 211022K->1321K(235968K), 0.0066210 secs] 990165K->780511K(1546688K), 0.0069060 secs] [Times: user=0.03 sys=0.00, real=0.00 secs] 
91955.409: [GC 91955.409: [ParNew: 211101K->942K(235968K), 0.0068270 secs] 990290K->780193K(1546688K), 0.0071080 secs] [Times: user=0.03 sys=0.00, real=0.01 secs] 
91974.197: [GC 91974.197: [ParNew: 210734K->1040K(235968K), 0.0060300 secs] 989985K->780351K(1546688K), 0.0063050 secs] [Times: user=0.03 sys=0.00, real=0.01 secs] 
91981.013: [GC 91981.014: [ParNew: 210832K->1339K(235968K), 0.0081160 secs] 990143K->780703K(1546688K), 0.0083270 secs] [Times: user=0.03 sys=0.00, real=0.01 secs] 
91987.007: [GC 91987.007: [ParNew: 211082K->1152K(235968K), 0.0086290 secs] 990446K->780554K(1546688K), 0.0088460 secs] [Times: user=0.03 sys=0.00, real=0.01 secs] 
92008.634: [GC 92008.634: [ParNew: 210935K->1567K(235968K), 0.0056940 secs] 990337K->781031K(1546688K), 0.0059770 secs] [Times: user=0.04 sys=0.00, real=0.01 secs] 
92010.252: [GC 92010.253: [ParNew: 211290K->1061K(235968K), 0.0069760 secs] 990754K->780580K(1546688K), 0.0072060 secs] [Times: user=0.02 sys=0.00, real=0.01 secs] 
92023.943: [GC 92023.943: [ParNew: 210853K->1088K(235968K), 0.0063150 secs] 990372K->780719K(1546688K), 0.0065790 secs] [Times: user=0.03 sys=0.00, real=0.01 secs] 
92039.443: [GC 92039.443: [ParNew: 210820K->1292K(235968K), 0.0080180 secs] 990451K->780978K(1546688K), 0.0083220 secs] [Times: user=0.03 sys=0.00, real=0.00 secs] 
92045.202: [GC 92045.202: [ParNew: 211084K->1001K(235968K), 0.0105210 secs] 990770K->780780K(1546688K), 0.0108450 secs] [Times: user=0.02 sys=0.00, real=0.01 secs] 
92059.168: [GC 92059.169: [ParNew: 210793K->931K(235968K), 0.0128780 secs] 990572K->780753K(1546688K), 0.0130750 secs] [Times: user=0.04 sys=0.00, real=0.02 secs] 
92069.680: [GC 92069.680: [ParNew: 210701K->942K(235968K), 0.0060830 secs] 990523K->780828K(1546688K), 0.0063480 secs] [Times: user=0.03 sys=0.01, real=0.00 secs] 
92076.215: [GC 92076.215: [ParNew: 210734K->1147K(235968K), 0.0051790 secs] 990620K->781073K(1546688K), 0.0053970 secs] [Times: user=0.02 sys=0.00, real=0.01 secs] 
92097.938: [GC 92097.938: [ParNew: 210939K->1011K(235968K), 0.0077580 secs] 990865K->780991K(1546688K), 0.0079440 secs] [Times: user=0.03 sys=0.00, real=0.01 secs] 
92105.173: [GC 92105.174: [ParNew: 210803K->1048K(235968K), 0.0220550 secs] 990783K->781093K(1546688K), 0.0225100 secs] [Times: user=0.04 sys=0.00, real=0.02 secs] 
92119.162: [GC 92119.163: [ParNew: 210840K->915K(235968K), 0.0074530 secs] 990885K->781009K(1546688K), 0.0077390 secs] [Times: user=0.03 sys=0.01, real=0.01 secs] 
92129.672: [GC 92129.672: [ParNew: 210707K->1353K(235968K), 0.0067200 secs] 990801K->781611K(1546688K), 0.0069820 secs] [Times: user=0.03 sys=0.00, real=0.01 secs] 
92135.577: [GC 92135.577: [ParNew: 211145K->689K(235968K), 0.0267810 secs] 991403K->780986K(1546688K), 0.0271020 secs] [Times: user=0.04 sys=0.00, real=0.02 secs] 
92159.450: [GC 92159.450: [ParNew: 210481K->933K(235968K), 0.0128830 secs] 990778K->781285K(1546688K), 0.0130860 secs] [Times: user=0.02 sys=0.00, real=0.02 secs] 
92165.226: [GC 92165.227: [ParNew: 210646K->759K(235968K), 0.0192130 secs] 990999K->781152K(1546688K), 0.0195310 secs] [Times: user=0.03 sys=0.00, real=0.02 secs] 
92179.313: [GC 92179.313: [ParNew: 210547K->767K(235968K), 0.0102880 secs] 990939K->781209K(1546688K), 0.0105710 secs] [Times: user=0.02 sys=0.00, real=0.01 secs] 
92189.718: [GC 92189.718: [ParNew: 210559K->660K(235968K), 0.0075670 secs] 991001K->781145K(1546688K), 0.0077960 secs] [Times: user=0.02 sys=0.00, real=0.01 secs] 
92196.246: [GC 92196.246: [ParNew: 210388K->948K(235968K), 0.0225670 secs] 990874K->781483K(1546688K), 0.0233320 secs] [Times: user=0.05 sys=0.00, real=0.03 secs] 
92219.477: [GC 92219.478: [ParNew: 210716K->996K(235968K), 0.0091450 secs] 991251K->781585K(1546688K), 0.0093890 secs] [Times: user=0.02 sys=0.00, real=0.01 secs] 
92225.254: [GC 92225.255: [ParNew: 210760K->587K(235968K), 0.0093970 secs] 991349K->781245K(1546688K), 0.0096440 secs] [Times: user=0.02 sys=0.00, real=0.01 secs] 
92239.337: [GC 92239.337: [ParNew: 210379K->1132K(235968K), 0.0083750 secs] 991037K->781842K(1546688K), 0.0085920 secs] [Times: user=0.02 sys=0.00, real=0.01 secs] 
92249.723: [GC 92249.723: [ParNew: 210924K->1092K(235968K), 0.0085870 secs] 991634K->781859K(1546688K), 0.0088040 secs] [Times: user=0.03 sys=0.00, real=0.01 secs] 
92256.242: [GC 92256.242: [ParNew: 210884K->1197K(235968K), 0.0114230 secs] 991651K->782017K(1546688K), 0.0116330 secs] [Times: user=0.04 sys=0.00, real=0.01 secs] 
92279.469: [GC 92279.469: [ParNew: 210989K->1258K(235968K), 0.0062340 secs] 991809K->782133K(1546688K), 0.0064460 secs] [Times: user=0.04 sys=0.00, real=0.01 secs] 
92285.220: [GC 92285.221: [ParNew: 211050K->1019K(235968K), 0.0217180 secs] 991925K->781970K(1546688K), 0.0220030 secs] [Times: user=0.03 sys=0.00, real=0.02 secs] 
92299.312: [GC 92299.313: [ParNew: 210774K->1187K(235968K), 0.0069740 secs] 991724K->782272K(1546688K), 0.0072600 secs] [Times: user=0.03 sys=0.00, real=0.00 secs] 
92309.699: [GC 92309.700: [ParNew: 210946K->1476K(235968K), 0.0060020 secs] 992031K->782618K(1546688K), 0.0062740 secs] [Times: user=0.03 sys=0.00, real=0.00 secs] 
92315.462: [GC 92315.462: [ParNew: 211255K->981K(235968K), 0.0077980 secs] 992396K->782216K(1546688K), 0.0080490 secs] [Times: user=0.03 sys=0.00, real=0.01 secs] 
92335.248: [GC 92335.248: [ParNew: 210773K->1155K(235968K), 0.0061960 secs] 992008K->782438K(1546688K), 0.0064640 secs] [Times: user=0.03 sys=0.00, real=0.00 secs] 
92342.380: [GC 92342.380: [ParNew: 210947K->1562K(235968K), 0.0057990 secs] 992230K->782898K(1546688K), 0.0060800 secs] [Times: user=0.03 sys=0.01, real=0.01 secs] 
92354.184: [GC 92354.184: [ParNew: 211354K->1378K(235968K), 0.0065080 secs] 992690K->782767K(1546688K), 0.0068080 secs] [Times: user=0.03 sys=0.00, real=0.00 secs] 
92369.590: [GC 92369.590: [ParNew: 211117K->1217K(235968K), 0.0084380 secs] 992505K->782675K(1546688K), 0.0086300 secs] [Times: user=0.03 sys=0.00, real=0.00 secs] 
92374.595: [GC 92374.596: [ParNew: 210918K->1067K(235968K), 0.0105880 secs] 992376K->782659K(1546688K), 0.0107740 secs] [Times: user=0.02 sys=0.00, real=0.01 secs] 
92386.522: [GC 92386.523: [ParNew: 210859K->666K(235968K), 0.0066840 secs] 992451K->782315K(1546688K), 0.0069520 secs] [Times: user=0.03 sys=0.01, real=0.01 secs] 
92402.381: [GC 92402.381: [ParNew: 210362K->1065K(235968K), 0.0059240 secs] 992011K->782762K(1546688K), 0.0061820 secs] [Times: user=0.03 sys=0.00, real=0.01 secs] 
92414.187: [GC 92414.187: [ParNew: 210857K->861K(235968K), 0.0049010 secs] 992554K->782720K(1546688K), 0.0051630 secs] [Times: user=0.03 sys=0.00, real=0.00 secs] 
92429.591: [GC 92429.591: [ParNew: 210653K->854K(235968K), 0.0043700 secs] 992512K->782760K(1546688K), 0.0045900 secs] [Times: user=0.03 sys=0.00, real=0.00 secs] 
92434.608: [GC 92434.608: [ParNew: 210578K->888K(235968K), 0.0044040 secs] 992484K->782843K(1546688K), 0.0046790 secs] [Times: user=0.03 sys=0.00, real=0.01 secs] 
92448.430: [GC 92448.430: [ParNew: 210680K->689K(235968K), 0.0092240 secs] 992635K->782702K(1546688K), 0.0094910 secs] [Times: user=0.02 sys=0.00, real=0.01 secs] 
92462.391: [GC 92462.391: [ParNew: 210481K->1236K(235968K), 0.0053400 secs] 992494K->783325K(1546688K), 0.0056200 secs] [Times: user=0.03 sys=0.00, real=0.01 secs] 
92470.426: [GC 92470.426: [ParNew: 211028K->926K(235968K), 0.0045070 secs] 993117K->783083K(1546688K), 0.0047690 secs] [Times: user=0.04 sys=0.00, real=0.00 secs] 
92488.735: [GC 92488.736: [ParNew: 210718K->1144K(235968K), 0.0045100 secs] 992875K->783344K(1546688K), 0.0047700 secs] [Times: user=0.03 sys=0.00, real=0.00 secs] 
92494.580: [GC 92494.580: [ParNew: 210936K->1050K(235968K), 0.0054220 secs] 993136K->783299K(1546688K), 0.0056810 secs] [Times: user=0.03 sys=0.00, real=0.01 secs] 
92504.069: [GC 92504.069: [ParNew: 210842K->1081K(235968K), 0.0061140 secs] 993091K->783500K(1546688K), 0.0063820 secs] [Times: user=0.03 sys=0.00, real=0.00 secs] 
92521.107: [GC 92521.108: [ParNew: 210873K->834K(235968K), 0.0057560 secs] 993292K->783304K(1546688K), 0.0060340 secs] [Times: user=0.03 sys=0.00, real=0.00 secs] 
92527.123: [GC 92527.123: [ParNew: 210626K->1020K(235968K), 0.0064490 secs] 993096K->783560K(1546688K), 0.0067360 secs] [Times: user=0.03 sys=0.00, real=0.01 secs] 
92548.735: [GC 92548.735: [ParNew: 210812K->1065K(235968K), 0.0105560 secs] 993352K->783656K(1546688K), 0.0108130 secs] [Times: user=0.02 sys=0.00, real=0.01 secs] 
92550.334: [GC 92550.334: [ParNew: 210857K->855K(235968K), 0.0066810 secs] 993448K->783501K(1546688K), 0.0069110 secs] [Times: user=0.03 sys=0.00, real=0.00 secs] 
92564.070: [GC 92564.070: [ParNew: 210562K->1022K(235968K), 0.0045350 secs] 993209K->783717K(1546688K), 0.0047880 secs] [Times: user=0.03 sys=0.00, real=0.00 secs] 
92581.093: [GC 92581.094: [ParNew: 210814K->1509K(235968K), 0.0048270 secs] 993509K->784269K(1546688K), 0.0051170 secs] [Times: user=0.04 sys=0.00, real=0.01 secs] 
92587.117: [GC 92587.117: [ParNew: 211301K->915K(235968K), 0.0044640 secs] 994061K->783773K(1546688K), 0.0047270 secs] [Times: user=0.03 sys=0.00, real=0.00 secs] 
92608.735: [GC 92608.735: [ParNew: 210707K->963K(235968K), 0.0086700 secs] 993565K->783865K(1546688K), 0.0089660 secs] [Times: user=0.03 sys=0.00, real=0.01 secs] 
92610.438: [GC 92610.438: [ParNew: 210755K->1010K(235968K), 0.0058960 secs] 993657K->783976K(1546688K), 0.0061330 secs] [Times: user=0.03 sys=0.00, real=0.01 secs] 
92624.073: [GC 92624.073: [ParNew: 210802K->1213K(235968K), 0.0066330 secs] 993768K->784245K(1546688K), 0.0069230 secs] [Times: user=0.04 sys=0.01, real=0.00 secs] 
92641.096: [GC 92641.096: [ParNew: 211005K->934K(235968K), 0.0081750 secs] 994037K->784032K(1546688K), 0.0084450 secs] [Times: user=0.03 sys=0.00, real=0.01 secs] 
92647.105: [GC 92647.105: [ParNew: 210726K->895K(235968K), 0.0076880 secs] 993824K->784185K(1546688K), 0.0078760 secs] [Times: user=0.03 sys=0.00, real=0.01 secs] 
92664.264: [GC 92664.264: [ParNew: 210687K->760K(235968K), 0.0144570 secs] 993977K->784106K(1546688K), 0.0147250 secs] [Times: user=0.07 sys=0.00, real=0.01 secs] 
92670.321: [GC 92670.321: [ParNew: 210552K->1017K(235968K), 0.0059850 secs] 993898K->784413K(1546688K), 0.0062160 secs] [Times: user=0.03 sys=0.00, real=0.01 secs] 
92684.088: [GC 92684.088: [ParNew: 210756K->1178K(235968K), 0.0055190 secs] 994153K->784627K(1546688K), 0.0057970 secs] [Times: user=0.03 sys=0.01, real=0.01 secs] 
92699.568: [GC 92699.568: [ParNew: 210859K->1333K(235968K), 0.0070070 secs] 994309K->784837K(1546688K), 0.0072820 secs] [Times: user=0.03 sys=0.00, real=0.01 secs] 
92705.346: [GC 92705.346: [ParNew: 211125K->5326K(235968K), 0.0243910 secs] 994629K->788890K(1546688K), 0.0246730 secs] [Times: user=0.08 sys=0.00, real=0.03 secs] 
92719.406: [GC 92719.406: [ParNew: 215118K->6455K(235968K), 0.0107130 secs] 998682K->790092K(1546688K), 0.0109770 secs] [Times: user=0.05 sys=0.00, real=0.01 secs] 
92729.805: [GC 92729.805: [ParNew: 216247K->7730K(235968K), 0.0144080 secs] 999884K->791427K(1546688K), 0.0145970 secs] [Times: user=0.05 sys=0.00, real=0.01 secs] 
92736.303: [GC 92736.304: [ParNew: 217522K->7145K(235968K), 0.0126410 secs] 1001219K->790897K(1546688K), 0.0129350 secs] [Times: user=0.06 sys=0.00, real=0.01 secs] 
92759.574: [GC 92759.574: [ParNew: 216937K->3988K(235968K), 0.0633190 secs] 1000689K->792191K(1546688K), 0.0636060 secs] [Times: user=0.11 sys=0.01, real=0.06 secs] 
92765.376: [GC 92765.376: [ParNew: 213780K->1446K(235968K), 0.0066730 secs] 1001983K->789904K(1546688K), 0.0069950 secs] [Times: user=0.03 sys=0.01, real=0.01 secs] 
92779.433: [GC 92779.433: [ParNew: 211229K->1239K(235968K), 0.0066480 secs] 999687K->789746K(1546688K), 0.0069340 secs] [Times: user=0.03 sys=0.00, real=0.01 secs] 
92789.819: [GC 92789.820: [ParNew: 211031K->1641K(235968K), 0.0076280 secs] 999538K->790204K(1546688K), 0.0079320 secs] [Times: user=0.03 sys=0.00, real=0.01 secs] 
92796.297: [GC 92796.297: [ParNew: 211433K->1015K(235968K), 0.0068930 secs] 999996K->789646K(1546688K), 0.0071530 secs] [Times: user=0.03 sys=0.00, real=0.01 secs] 
92819.577: [GC 92819.577: [ParNew: 210807K->1574K(235968K), 0.0084590 secs] 999438K->790259K(1546688K), 0.0086860 secs] [Times: user=0.04 sys=0.00, real=0.01 secs] 
92825.349: [GC 92825.349: [ParNew: 211366K->1060K(235968K), 0.0238570 secs] 1000051K->789841K(1546688K), 0.0241630 secs] [Times: user=0.04 sys=0.00, real=0.02 secs] 
92839.420: [GC 92839.421: [ParNew: 210852K->1285K(235968K), 0.0154460 secs] 999633K->790151K(1546688K), 0.0157810 secs] [Times: user=0.03 sys=0.00, real=0.02 secs] 
92849.817: [GC 92849.817: [ParNew: 211077K->994K(235968K), 0.0072240 secs] 999943K->789911K(1546688K), 0.0075060 secs] [Times: user=0.03 sys=0.00, real=0.00 secs] 
92856.313: [GC 92856.313: [ParNew: 210746K->881K(235968K), 0.0078610 secs] 999663K->789912K(1546688K), 0.0081500 secs] [Times: user=0.03 sys=0.01, real=0.01 secs] 
92874.314: [GC 92874.314: [ParNew: 210673K->971K(235968K), 0.0065100 secs] 999704K->790050K(1546688K), 0.0068120 secs] [Times: user=0.03 sys=0.00, real=0.01 secs] 
92882.601: [GC 92882.601: [ParNew: 210763K->1804K(235968K), 0.0070080 secs] 999842K->790951K(1546688K), 0.0072900 secs] [Times: user=0.03 sys=0.00, real=0.00 secs] 
92894.303: [GC 92894.303: [ParNew: 211580K->2323K(235968K), 0.0084690 secs] 1000727K->791538K(1546688K), 0.0088650 secs] [Times: user=0.04 sys=0.00, real=0.01 secs] 
92909.668: [GC 92909.669: [ParNew: 212095K->2977K(235968K), 0.0084360 secs] 1001310K->792249K(1546688K), 0.0087350 secs] [Times: user=0.04 sys=0.00, real=0.01 secs] 
92915.582: [GC 92915.582: [ParNew: 212769K->2851K(235968K), 0.0108920 secs] 1002041K->792257K(1546688K), 0.0110840 secs] [Times: user=0.03 sys=0.00, real=0.01 secs] 
92935.331: [GC 92935.331: [ParNew: 212580K->3064K(235968K), 0.0217250 secs] 1001986K->792763K(1546688K), 0.0220260 secs] [Times: user=0.05 sys=0.01, real=0.02 secs] 
92942.628: [GC 92942.628: [ParNew: 212856K->1408K(235968K), 0.0181170 secs] 1002555K->791979K(1546688K), 0.0184110 secs] [Times: user=0.04 sys=0.00, real=0.02 secs] 
92954.339: [GC 92954.339: [ParNew: 211200K->989K(235968K), 0.0070650 secs] 1001771K->791609K(1546688K), 0.0072980 secs] [Times: user=0.03 sys=0.00, real=0.00 secs] 
92969.686: [GC 92969.686: [ParNew: 210781K->1082K(235968K), 0.0110550 secs] 1001401K->791792K(1546688K), 0.0113590 secs] [Times: user=0.03 sys=0.00, real=0.01 secs] 
92973.658: [GC 92973.658: [ParNew: 210874K->1211K(235968K), 0.0085860 secs] 1001584K->792017K(1546688K), 0.0088630 secs] [Times: user=0.04 sys=0.00, real=0.01 secs] 
92976.343: [GC 92976.344: [ParNew: 211003K->1416K(235968K), 0.0076740 secs] 1001809K->792277K(1546688K), 0.0078710 secs] [Times: user=0.03 sys=0.00, real=0.01 secs] 
92999.615: [GC 92999.615: [ParNew: 211160K->1002K(235968K), 0.0073540 secs] 1002021K->791922K(1546688K), 0.0076420 secs] [Times: user=0.03 sys=0.00, real=0.01 secs] 
93005.427: [GC 93005.427: [ParNew: 210794K->758K(235968K), 0.0091830 secs] 1001714K->791735K(1546688K), 0.0094970 secs] [Times: user=0.02 sys=0.00, real=0.01 secs] 
93019.456: [GC 93019.456: [ParNew: 210550K->1371K(235968K), 0.0066240 secs] 1001527K->792382K(1546688K), 0.0068630 secs] [Times: user=0.03 sys=0.00, real=0.01 secs] 
93029.856: [GC 93029.856: [ParNew: 211155K->969K(235968K), 0.0054470 secs] 1002166K->792026K(1546688K), 0.0057310 secs] [Times: user=0.02 sys=0.00, real=0.00 secs] 
93036.337: [GC 93036.337: [ParNew: 210761K->960K(235968K), 0.0114080 secs] 1001818K->792081K(1546688K), 0.0128900 secs] [Times: user=0.03 sys=0.00, real=0.01 secs] 
93055.366: [GC 93055.366: [ParNew: 210752K->1145K(235968K), 0.0124870 secs] 1001873K->792325K(1546688K), 0.0127820 secs] [Times: user=0.03 sys=0.01, real=0.01 secs] 
93062.681: [GC 93062.682: [ParNew: 210879K->797K(235968K), 0.0058500 secs] 1002059K->792026K(1546688K), 0.0060330 secs] [Times: user=0.03 sys=0.00, real=0.00 secs] 
93074.360: [GC 93074.361: [ParNew: 210589K->939K(235968K), 0.0066230 secs] 1001818K->792222K(1546688K), 0.0068940 secs] [Times: user=0.02 sys=0.01, real=0.00 secs] 
93089.710: [GC 93089.710: [ParNew: 210645K->1230K(235968K), 0.0047990 secs] 1001928K->792572K(1546688K), 0.0050710 secs] [Times: user=0.03 sys=0.00, real=0.00 secs] 
93095.634: [GC 93095.634: [ParNew: 210968K->933K(235968K), 0.0044870 secs] 1002310K->792463K(1546688K), 0.0047270 secs] [Times: user=0.03 sys=0.00, real=0.01 secs] 
93115.367: [GC 93115.367: [ParNew: 210725K->794K(235968K), 0.0061920 secs] 1002255K->792379K(1546688K), 0.0064710 secs] [Times: user=0.03 sys=0.00, real=0.01 secs] 
93122.681: [GC 93122.682: [ParNew: 210586K->842K(235968K), 0.0049770 secs] 1002171K->792485K(1546688K), 0.0052590 secs] [Times: user=0.03 sys=0.00, real=0.01 secs] 
93134.387: [GC 93134.387: [ParNew: 210577K->1085K(235968K), 0.0044590 secs] 1002220K->792778K(1546688K), 0.0047350 secs] [Times: user=0.03 sys=0.01, real=0.01 secs] 
93149.722: [GC 93149.723: [ParNew: 210877K->845K(235968K), 0.0059940 secs] 1002570K->792603K(1546688K), 0.0062800 secs] [Times: user=0.03 sys=0.00, real=0.01 secs] 
93155.645: [GC 93155.646: [ParNew: 210637K->763K(235968K), 0.0062710 secs] 1002395K->792655K(1546688K), 0.0065100 secs] [Times: user=0.03 sys=0.00, real=0.01 secs] 
93175.355: [GC 93175.355: [ParNew: 210555K->1325K(235968K), 0.0052640 secs] 1002447K->793272K(1546688K), 0.0057800 secs] [Times: user=0.03 sys=0.00, real=0.00 secs] 
93182.664: [GC 93182.664: [ParNew: 211117K->1353K(235968K), 0.0047220 secs] 1003064K->793354K(1546688K), 0.0050060 secs] [Times: user=0.03 sys=0.00, real=0.00 secs] 
93193.211: [GC 93193.211: [ParNew: 211145K->774K(235968K), 0.0186120 secs] 1003146K->792829K(1546688K), 0.0189310 secs] [Times: user=0.03 sys=0.00, real=0.01 secs] 
93208.859: [GC 93208.859: [ParNew: 210522K->1165K(235968K), 0.0079710 secs] 1002578K->793284K(1546688K), 0.0082540 secs] [Times: user=0.03 sys=0.00, real=0.00 secs] 
93214.673: [GC 93214.674: [ParNew: 210957K->964K(235968K), 0.0078390 secs] 1003076K->793249K(1546688K), 0.0081270 secs] [Times: user=0.02 sys=0.01, real=0.01 secs] 
93224.217: [GC 93224.217: [ParNew: 210739K->737K(235968K), 0.0073330 secs] 1003023K->793073K(1546688K), 0.0075530 secs] [Times: user=0.03 sys=0.00, real=0.00 secs] 
93241.264: [GC 93241.264: [ParNew: 210485K->835K(235968K), 0.0071360 secs] 1002821K->793219K(1546688K), 0.0073710 secs] [Times: user=0.03 sys=0.00, real=0.00 secs] 
93247.230: [GC 93247.230: [ParNew: 210568K->1373K(235968K), 0.0089070 secs] 1002952K->793897K(1546688K), 0.0091540 secs] [Times: user=0.03 sys=0.00, real=0.01 secs] 
93268.857: [GC 93268.857: [ParNew: 211150K->1347K(235968K), 0.0136220 secs] 1003674K->793918K(1546688K), 0.0138290 secs] [Times: user=0.03 sys=0.00, real=0.02 secs] 
93270.412: [GC 93270.412: [ParNew: 211128K->1054K(235968K), 0.0102400 secs] 1003699K->793683K(1546688K), 0.0104300 secs] [Times: user=0.02 sys=0.00, real=0.01 secs] 
93284.214: [GC 93284.214: [ParNew: 210846K->1114K(235968K), 0.0124890 secs] 1003475K->793792K(1546688K), 0.0126960 secs] [Times: user=0.03 sys=0.00, real=0.02 secs] 
93301.250: [GC 93301.250: [ParNew: 210903K->1325K(235968K), 0.0133340 secs] 1003582K->794095K(1546688K), 0.0136510 secs] [Times: user=0.03 sys=0.00, real=0.02 secs] 
93307.234: [GC 93307.235: [ParNew: 211117K->904K(235968K), 0.0095060 secs] 1003887K->793719K(1546688K), 0.0097370 secs] [Times: user=0.03 sys=0.00, real=0.01 secs] 
93328.869: [GC 93328.869: [ParNew: 210696K->1208K(235968K), 0.0073900 secs] 1003511K->794080K(1546688K), 0.0076150 secs] [Times: user=0.03 sys=0.00, real=0.00 secs] 
93330.419: [GC 93330.419: [ParNew: 210999K->1205K(235968K), 0.0043570 secs] 1003871K->794130K(1546688K), 0.0046240 secs] [Times: user=0.03 sys=0.00, real=0.00 secs] 
93344.228: [GC 93344.229: [ParNew: 210997K->952K(235968K), 0.0066060 secs] 1003922K->794050K(1546688K), 0.0068910 secs] [Times: user=0.04 sys=0.00, real=0.00 secs] 
93361.260: [GC 93361.260: [ParNew: 210744K->1097K(235968K), 0.0128810 secs] 1003842K->794259K(1546688K), 0.0135820 secs] [Times: user=0.05 sys=0.00, real=0.01 secs] 
93367.237: [GC 93367.237: [ParNew: 210889K->1112K(235968K), 0.0073590 secs] 1004051K->794316K(1546688K), 0.0076400 secs] [Times: user=0.03 sys=0.01, real=0.01 secs] 
93379.566: [GC 93379.566: [ParNew: 210894K->1045K(235968K), 0.0067440 secs] 1004099K->794306K(1546688K), 0.0070140 secs] [Times: user=0.03 sys=0.00, real=0.01 secs] 
93390.421: [GC 93390.422: [ParNew: 210821K->978K(235968K), 0.0064990 secs] 1004082K->794402K(1546688K), 0.0067830 secs] [Times: user=0.03 sys=0.00, real=0.00 secs] 
93404.231: [GC 93404.232: [ParNew: 210770K->834K(235968K), 0.0106570 secs] 1004194K->794321K(1546688K), 0.0109120 secs] [Times: user=0.03 sys=0.00, real=0.01 secs] 
93420.925: [GC 93420.925: [ParNew: 210626K->644K(235968K), 0.0091260 secs] 1004113K->794191K(1546688K), 0.0094120 secs] [Times: user=0.03 sys=0.00, real=0.01 secs] 
93427.245: [GC 93427.246: [ParNew: 210326K->1147K(235968K), 0.0069160 secs] 1003873K->794743K(1546688K), 0.0071940 secs] [Times: user=0.03 sys=0.00, real=0.00 secs] 
93441.278: [GC 93441.278: [ParNew: 210939K->802K(235968K), 0.0065250 secs] 1004535K->794461K(1546688K), 0.0067970 secs] [Times: user=0.02 sys=0.00, real=0.01 secs] 
93450.425: [GC 93450.425: [ParNew: 210594K->1188K(235968K), 0.0056710 secs] 1004253K->794895K(1546688K), 0.0059620 secs] [Times: user=0.03 sys=0.00, real=0.01 secs] 
93456.417: [GC 93456.417: [ParNew: 210980K->957K(235968K), 0.0072080 secs] 1004687K->794875K(1546688K), 0.0074670 secs] [Times: user=0.02 sys=0.00, real=0.01 secs] 
93479.718: [GC 93479.718: [ParNew: 210733K->1260K(235968K), 0.0073110 secs] 1004652K->795238K(1546688K), 0.0075730 secs] [Times: user=0.03 sys=0.00, real=0.01 secs] 
93485.582: [GC 93485.582: [ParNew: 211051K->917K(235968K), 0.0139910 secs] 1005030K->794955K(1546688K), 0.0142970 secs] [Times: user=0.03 sys=0.01, real=0.02 secs] 
93499.559: [GC 93499.559: [ParNew: 210709K->993K(235968K), 0.0088240 secs] 1004747K->795092K(1546688K), 0.0090740 secs] [Times: user=0.02 sys=0.00, real=0.01 secs] 
93509.953: [GC 93509.953: [ParNew: 210688K->1169K(235968K), 0.0078760 secs] 1004787K->795312K(1546688K), 0.0081620 secs] [Times: user=0.03 sys=0.00, real=0.01 secs] 
93516.424: [GC 93516.425: [ParNew: 210902K->961K(235968K), 0.0088020 secs] 1005045K->795155K(1546688K), 0.0090070 secs] [Times: user=0.03 sys=0.00, real=0.01 secs] 
93539.732: [GC 93539.732: [ParNew: 210753K->873K(235968K), 0.0096170 secs] 1004947K->795260K(1546688K), 0.0098430 secs] [Times: user=0.02 sys=0.00, real=0.01 secs] 
93545.572: [GC 93545.572: [ParNew: 210665K->760K(235968K), 0.0272370 secs] 1005052K->795202K(1546688K), 0.0276210 secs] [Times: user=0.05 sys=0.00, real=0.03 secs] 
93559.576: [GC 93559.576: [ParNew: 210552K->964K(235968K), 0.0104050 secs] 1004994K->795456K(1546688K), 0.0106880 secs] [Times: user=0.02 sys=0.00, real=0.01 secs] 
93569.984: [GC 93569.984: [ParNew: 210756K->786K(235968K), 0.0115630 secs] 1005248K->795334K(1546688K), 0.0117960 secs] [Times: user=0.03 sys=0.00, real=0.01 secs] 
93576.433: [GC 93576.433: [ParNew: 210536K->855K(235968K), 0.0066420 secs] 1005084K->795456K(1546688K), 0.0068590 secs] [Times: user=0.02 sys=0.00, real=0.00 secs] 
93599.733: [GC 93599.733: [ParNew: 210647K->929K(235968K), 0.0105010 secs] 1005248K->795586K(1546688K), 0.0107390 secs] [Times: user=0.04 sys=0.00, real=0.01 secs] 
93605.579: [GC 93605.580: [ParNew: 210667K->1134K(235968K), 0.0088440 secs] 1005323K->795846K(1546688K), 0.0091400 secs] [Times: user=0.03 sys=0.00, real=0.01 secs] 
93619.556: [GC 93619.556: [ParNew: 210918K->1064K(235968K), 0.0074380 secs] 1005630K->795829K(1546688K), 0.0077200 secs] [Times: user=0.03 sys=0.00, real=0.01 secs] 
93629.961: [GC 93629.961: [ParNew: 210814K->1088K(235968K), 0.0076220 secs] 1005579K->795910K(1546688K), 0.0078780 secs] [Times: user=0.03 sys=0.00, real=0.01 secs] 
93635.748: [GC 93635.748: [ParNew: 210848K->983K(235968K), 0.0075060 secs] 1005669K->795901K(1546688K), 0.0076780 secs] [Times: user=0.03 sys=0.00, real=0.01 secs] 
93656.016: [GC 93656.016: [ParNew: 210775K->775K(235968K), 0.0083050 secs] 1005693K->795751K(1546688K), 0.0085980 secs] [Times: user=0.03 sys=0.00, real=0.01 secs] 
93665.559: [GC 93665.559: [ParNew: 210567K->1056K(235968K), 0.0196510 secs] 1005543K->796078K(1546688K), 0.0199940 secs] [Times: user=0.05 sys=0.00, real=0.02 secs] 
93679.569: [GC 93679.570: [ParNew: 210781K->1247K(235968K), 0.0081770 secs] 1005804K->796336K(1546688K), 0.0084650 secs] [Times: user=0.03 sys=0.00, real=0.01 secs] 
93689.968: [GC 93689.968: [ParNew: 210992K->942K(235968K), 0.0079410 secs] 1006081K->796077K(1546688K), 0.0082310 secs] [Times: user=0.03 sys=0.00, real=0.01 secs] 
93695.772: [GC 93695.772: [ParNew: 210734K->860K(235968K), 0.0105800 secs] 1005869K->796042K(1546688K), 0.0108210 secs] [Times: user=0.02 sys=0.00, real=0.01 secs] 
93719.762: [GC 93719.762: [ParNew: 210652K->938K(235968K), 0.0093090 secs] 1005834K->796161K(1546688K), 0.0096020 secs] [Times: user=0.02 sys=0.00, real=0.01 secs] 
93725.625: [GC 93725.626: [ParNew: 210729K->1175K(235968K), 0.0162800 secs] 1005952K->796446K(1546688K), 0.0166180 secs] [Times: user=0.05 sys=0.00, real=0.02 secs] 
93739.595: [GC 93739.595: [ParNew: 210960K->919K(235968K), 0.0086460 secs] 1006231K->796239K(1546688K), 0.0089540 secs] [Times: user=0.03 sys=0.00, real=0.00 secs] 
93749.997: [GC 93749.998: [ParNew: 210664K->980K(235968K), 0.0079770 secs] 1005984K->796349K(1546688K), 0.0082580 secs] [Times: user=0.03 sys=0.00, real=0.01 secs] 
93756.432: [GC 93756.432: [ParNew: 210740K->949K(235968K), 0.0067700 secs] 1006109K->796380K(1546688K), 0.0077570 secs] [Times: user=0.03 sys=0.00, real=0.01 secs] 
93779.767: [GC 93779.768: [ParNew: 210741K->1516K(235968K), 0.0070670 secs] 1006172K->797002K(1546688K), 0.0073520 secs] [Times: user=0.03 sys=0.00, real=0.01 secs] 
93785.200: [GC 93785.200: [ParNew: 211308K->1054K(235968K), 0.0064480 secs] 1006794K->796599K(1546688K), 0.0066370 secs] [Times: user=0.03 sys=0.00, real=0.00 secs] 
93794.535: [GC 93794.535: [ParNew: 210807K->1530K(235968K), 0.0067240 secs] 1006352K->797123K(1546688K), 0.0070160 secs] [Times: user=0.03 sys=0.00, real=0.01 secs] 
93809.800: [GC 93809.801: [ParNew: 211322K->1486K(235968K), 0.0080520 secs] 1006915K->797131K(1546688K), 0.0083420 secs] [Times: user=0.04 sys=0.00, real=0.01 secs] 
93815.762: [GC 93815.763: [ParNew: 211278K->1346K(235968K), 0.0058870 secs] 1006923K->797418K(1546688K), 0.0061500 secs] [Times: user=0.03 sys=0.01, real=0.01 secs] 
93835.454: [GC 93835.454: [ParNew: 211138K->993K(235968K), 0.0062380 secs] 1007210K->797151K(1546688K), 0.0064490 secs] [Times: user=0.03 sys=0.00, real=0.01 secs] 
93842.793: [GC 93842.793: [ParNew: 210785K->1013K(235968K), 0.0076150 secs] 1006943K->797228K(1546688K), 0.0077890 secs] [Times: user=0.03 sys=0.00, real=0.01 secs] 
93854.509: [GC 93854.509: [ParNew: 210699K->915K(235968K), 0.0123140 secs] 1006913K->797182K(1546688K), 0.0126100 secs] [Times: user=0.04 sys=0.00, real=0.01 secs] 
93869.780: [GC 93869.781: [ParNew: 210695K->929K(235968K), 0.0084530 secs] 1006962K->797258K(1546688K), 0.0086680 secs] [Times: user=0.03 sys=0.00, real=0.01 secs] 
93874.791: [GC 93874.792: [ParNew: 210697K->1003K(235968K), 0.0060360 secs] 1007026K->797380K(1546688K), 0.0062440 secs] [Times: user=0.03 sys=0.00, real=0.01 secs] 
93895.453: [GC 93895.453: [ParNew: 210795K->862K(235968K), 0.0080480 secs] 1007172K->797293K(1546688K), 0.0082490 secs] [Times: user=0.03 sys=0.00, real=0.01 secs] 
93902.800: [GC 93902.801: [ParNew: 210654K->1001K(235968K), 0.0065110 secs] 1007085K->797607K(1546688K), 0.0067230 secs] [Times: user=0.03 sys=0.00, real=0.00 secs] 
93914.531: [GC 93914.531: [ParNew: 210793K->889K(235968K), 0.0159190 secs] 1007399K->797554K(1546688K), 0.0162300 secs] [Times: user=0.04 sys=0.00, real=0.02 secs] 
93929.790: [GC 93929.791: [ParNew: 210681K->1107K(235968K), 0.0071380 secs] 1007346K->797818K(1546688K), 0.0073990 secs] [Times: user=0.03 sys=0.00, real=0.01 secs] 
93934.804: [GC 93934.804: [ParNew: 210899K->739K(235968K), 0.0057350 secs] 1007610K->797518K(1546688K), 0.0059440 secs] [Times: user=0.03 sys=0.00, real=0.01 secs] 
93955.465: [GC 93955.465: [ParNew: 210517K->840K(235968K), 0.0052960 secs] 1007296K->797677K(1546688K), 0.0055530 secs] [Times: user=0.03 sys=0.00, real=0.00 secs] 
93962.814: [GC 93962.815: [ParNew: 210632K->948K(235968K), 0.0056770 secs] 1007469K->797835K(1546688K), 0.0058820 secs] [Times: user=0.03 sys=0.01, real=0.01 secs] 
93974.571: [GC 93974.571: [ParNew: 210631K->698K(235968K), 0.0058780 secs] 1007518K->797639K(1546688K), 0.0061170 secs] [Times: user=0.03 sys=0.00, real=0.00 secs] 
93989.830: [GC 93989.830: [ParNew: 210490K->618K(235968K), 0.0052160 secs] 1007431K->797602K(1546688K), 0.0054910 secs] [Times: user=0.03 sys=0.01, real=0.01 secs] 
93995.803: [GC 93995.803: [ParNew: 210394K->1089K(235968K), 0.0053810 secs] 1007379K->798177K(1546688K), 0.0056340 secs] [Times: user=0.03 sys=0.00, real=0.01 secs] 
94014.120: [GC 94014.120: [ParNew: 210881K->765K(235968K), 0.0053630 secs] 1007969K->797910K(1546688K), 0.0056300 secs] [Times: user=0.03 sys=0.00, real=0.01 secs] 
94021.395: [GC 94021.396: [ParNew: 210557K->1287K(235968K), 0.0070050 secs] 1007702K->798487K(1546688K), 0.0072840 secs] [Times: user=0.03 sys=0.00, real=0.01 secs] 
94027.478: [GC 94027.479: [ParNew: 211079K->1495K(235968K), 0.0084800 secs] 1008279K->798750K(1546688K), 0.0087620 secs] [Times: user=0.03 sys=0.00, real=0.01 secs] 
94048.580: [GC 94048.580: [ParNew: 211287K->996K(235968K), 0.0058020 secs] 1008542K->798313K(1546688K), 0.0060610 secs] [Times: user=0.03 sys=0.00, real=0.00 secs] 
94050.515: [GC 94050.515: [ParNew: 210775K->1148K(235968K), 0.0095620 secs] 1008092K->798540K(1546688K), 0.0097640 secs] [Times: user=0.03 sys=0.00, real=0.01 secs] 
94056.502: [GC 94056.502: [ParNew: 210940K->1105K(235968K), 0.0055160 secs] 1008332K->798653K(1546688K), 0.0057980 secs] [Times: user=0.03 sys=0.00, real=0.01 secs] 
94079.832: [GC 94079.832: [ParNew: 210886K->1038K(235968K), 0.0077560 secs] 1008434K->798642K(1546688K), 0.0080650 secs] [Times: user=0.03 sys=0.00, real=0.00 secs] 
94085.694: [GC 94085.694: [ParNew: 210830K->642K(235968K), 0.0302100 secs] 1008434K->798292K(1546688K), 0.0304590 secs] [Times: user=0.04 sys=0.00, real=0.03 secs] 
94099.663: [GC 94099.664: [ParNew: 210434K->651K(235968K), 0.0205940 secs] 1008084K->798398K(1546688K), 0.0208620 secs] [Times: user=0.06 sys=0.00, real=0.02 secs] 
94110.068: [GC 94110.068: [ParNew: 210443K->824K(235968K), 0.0131550 secs] 1008190K->798619K(1546688K), 0.0134340 secs] [Times: user=0.04 sys=0.00, real=0.01 secs] 
94116.493: [GC 94116.493: [ParNew: 210616K->1138K(235968K), 0.0075340 secs] 1008411K->798996K(1546688K), 0.0077150 secs] [Times: user=0.03 sys=0.00, real=0.01 secs] 
94139.851: [GC 94139.851: [ParNew: 210930K->878K(235968K), 0.0098140 secs] 1008788K->798792K(1546688K), 0.0099950 secs] [Times: user=0.02 sys=0.01, real=0.01 secs] 
94145.737: [GC 94145.737: [ParNew: 210670K->968K(235968K), 0.0056530 secs] 1008584K->798936K(1546688K), 0.0059140 secs] [Times: user=0.03 sys=0.00, real=0.01 secs] 
94159.786: [GC 94159.786: [ParNew: 210760K->951K(235968K), 0.0051150 secs] 1008728K->799080K(1546688K), 0.0053940 secs] [Times: user=0.03 sys=0.00, real=0.01 secs] 
94170.079: [GC 94170.079: [ParNew: 210743K->876K(235968K), 0.0072620 secs] 1008872K->799097K(1546688K), 0.0075350 secs] [Times: user=0.03 sys=0.00, real=0.00 secs] 
94176.494: [GC 94176.494: [ParNew: 210657K->974K(235968K), 0.0090860 secs] 1008878K->799246K(1546688K), 0.0092720 secs] [Times: user=0.03 sys=0.00, real=0.01 secs] 
94199.849: [GC 94199.849: [ParNew: 210679K->1128K(235968K), 0.0049720 secs] 1008951K->799454K(1546688K), 0.0052570 secs] [Times: user=0.03 sys=0.01, real=0.01 secs] 
94205.731: [GC 94205.731: [ParNew: 210920K->981K(235968K), 0.0177130 secs] 1009246K->799361K(1546688K), 0.0180250 secs] [Times: user=0.03 sys=0.00, real=0.02 secs] 
94215.742: [GC 94215.742: [ParNew: 210773K->766K(235968K), 0.0085780 secs] 1009153K->799195K(1546688K), 0.0088640 secs] [Times: user=0.03 sys=0.00, real=0.01 secs] 
94230.060: [GC 94230.060: [ParNew: 210556K->1290K(235968K), 0.0059250 secs] 1008986K->799778K(1546688K), 0.0062100 secs] [Times: user=0.03 sys=0.00, real=0.00 secs] 
94235.866: [GC 94235.866: [ParNew: 210963K->1112K(235968K), 0.0222030 secs] 1009451K->799650K(1546688K), 0.0225540 secs] [Times: user=0.05 sys=0.00, real=0.03 secs] 
94259.845: [GC 94259.846: [ParNew: 210881K->1155K(235968K), 0.0073870 secs] 1009420K->799754K(1546688K), 0.0076330 secs] [Times: user=0.03 sys=0.00, real=0.01 secs] 
94265.728: [GC 94265.728: [ParNew: 210900K->1121K(235968K), 0.0241850 secs] 1009498K->799762K(1546688K), 0.0245370 secs] [Times: user=0.03 sys=0.00, real=0.03 secs] 
94279.682: [GC 94279.682: [ParNew: 210913K->1076K(235968K), 0.0066090 secs] 1009554K->800066K(1546688K), 0.0068650 secs] [Times: user=0.03 sys=0.00, real=0.00 secs] 
94290.077: [GC 94290.077: [ParNew: 210868K->1394K(235968K), 0.0165220 secs] 1009858K->800440K(1546688K), 0.0167710 secs] [Times: user=0.04 sys=0.00, real=0.02 secs] 
94295.881: [GC 94295.881: [ParNew: 211163K->875K(235968K), 0.0269690 secs] 1010208K->799978K(1546688K), 0.0272530 secs] [Times: user=0.05 sys=0.00, real=0.03 secs] 
94319.866: [GC 94319.867: [ParNew: 210667K->1445K(235968K), 0.0072140 secs] 1009770K->800612K(1546688K), 0.0074960 secs] [Times: user=0.03 sys=0.00, real=0.01 secs] 
94325.747: [GC 94325.747: [ParNew: 211237K->746K(235968K), 0.0515270 secs] 1010404K->799965K(1546688K), 0.0517750 secs] [Times: user=0.04 sys=0.00, real=0.05 secs] 
94339.702: [GC 94339.702: [ParNew: 210538K->614K(235968K), 0.0101830 secs] 1009757K->799995K(1546688K), 0.0104750 secs] [Times: user=0.02 sys=0.00, real=0.01 secs] 
94350.104: [GC 94350.104: [ParNew: 210406K->844K(235968K), 0.0087620 secs] 1009787K->800276K(1546688K), 0.0090350 secs] [Times: user=0.03 sys=0.00, real=0.01 secs] 
94356.517: [GC 94356.517: [ParNew: 210636K->808K(235968K), 0.0065400 secs] 1010068K->800285K(1546688K), 0.0067980 secs] [Times: user=0.02 sys=0.00, real=0.01 secs] 
94379.892: [GC 94379.892: [ParNew: 210526K->796K(235968K), 0.0090910 secs] 1010004K->800331K(1546688K), 0.0092820 secs] [Times: user=0.03 sys=0.00, real=0.01 secs] 
94385.803: [GC 94385.803: [ParNew: 210526K->773K(235968K), 0.0151410 secs] 1010060K->800362K(1546688K), 0.0155470 secs] [Times: user=0.04 sys=0.00, real=0.02 secs] 
94399.726: [GC 94399.726: [ParNew: 210565K->862K(235968K), 0.0081210 secs] 1010154K->800504K(1546688K), 0.0083920 secs] [Times: user=0.03 sys=0.01, real=0.01 secs] 
94410.574: [GC 94410.574: [ParNew: 210654K->839K(235968K), 0.0111780 secs] 1010296K->800538K(1546688K), 0.0114710 secs] [Times: user=0.03 sys=0.00, real=0.01 secs] 
94416.551: [GC 94416.551: [ParNew: 210622K->1149K(235968K), 0.0072440 secs] 1010320K->800898K(1546688K), 0.0075150 secs] [Times: user=0.03 sys=0.00, real=0.01 secs] 
94441.468: [GC 94441.468: [ParNew: 210941K->755K(235968K), 0.0106040 secs] 1010690K->800561K(1546688K), 0.0108070 secs] [Times: user=0.03 sys=0.00, real=0.01 secs] 
94447.571: [GC 94447.571: [ParNew: 210547K->1328K(235968K), 0.0069510 secs] 1010353K->801189K(1546688K), 0.0071590 secs] [Times: user=0.03 sys=0.00, real=0.01 secs] 
94469.083: [GC 94469.083: [ParNew: 211112K->1123K(235968K), 0.0071710 secs] 1010972K->801039K(1546688K), 0.0074030 secs] [Times: user=0.03 sys=0.01, real=0.01 secs] 
94470.614: [GC 94470.615: [ParNew: 210808K->1077K(235968K), 0.0301900 secs] 1010724K->801037K(1546688K), 0.0304720 secs] [Times: user=0.04 sys=0.00, real=0.03 secs] 
94484.468: [GC 94484.468: [ParNew: 210869K->1232K(235968K), 0.0069790 secs] 1010829K->801241K(1546688K), 0.0072620 secs] [Times: user=0.03 sys=0.00, real=0.01 secs] 
94501.492: [GC 94501.492: [ParNew: 211017K->1009K(235968K), 0.0136770 secs] 1011027K->801063K(1546688K), 0.0138740 secs] [Times: user=0.03 sys=0.00, real=0.02 secs] 
94507.593: [GC 94507.594: [ParNew: 210801K->855K(235968K), 0.0056560 secs] 1010855K->800954K(1546688K), 0.0059220 secs] [Times: user=0.03 sys=0.00, real=0.01 secs] 
94529.108: [GC 94529.108: [ParNew: 210647K->886K(235968K), 0.0051420 secs] 1010746K->801041K(1546688K), 0.0053440 secs] [Times: user=0.03 sys=0.00, real=0.01 secs] 
94530.644: [GC 94530.644: [ParNew: 210645K->579K(235968K), 0.0175370 secs] 1010801K->800796K(1546688K), 0.0177130 secs] [Times: user=0.03 sys=0.00, real=0.02 secs] 
94544.498: [GC 94544.499: [ParNew: 210356K->865K(235968K), 0.0052980 secs] 1010573K->801137K(1546688K), 0.0055720 secs] [Times: user=0.03 sys=0.00, real=0.00 secs] 
94561.526: [GC 94561.526: [ParNew: 210657K->866K(235968K), 0.0060580 secs] 1010929K->801191K(1546688K), 0.0063220 secs] [Times: user=0.03 sys=0.00, real=0.00 secs] 
94567.621: [GC 94567.621: [ParNew: 210586K->1095K(235968K), 0.0086470 secs] 1010911K->801479K(1546688K), 0.0089090 secs] [Times: user=0.04 sys=0.00, real=0.01 secs] 
94589.150: [GC 94589.150: [ParNew: 210887K->823K(235968K), 0.0062570 secs] 1011271K->801250K(1546688K), 0.0065470 secs] [Times: user=0.02 sys=0.00, real=0.01 secs] 
94594.884: [GC 94594.884: [ParNew: 210521K->725K(235968K), 0.0049100 secs] 1010948K->801200K(1546688K), 0.0051530 secs] [Times: user=0.03 sys=0.00, real=0.00 secs] 
94615.549: [GC 94615.549: [ParNew: 210517K->678K(235968K), 0.0046610 secs] 1010992K->801205K(1546688K), 0.0049360 secs] [Times: user=0.03 sys=0.00, real=0.00 secs] 
94622.928: [GC 94622.928: [ParNew: 210470K->1039K(235968K), 0.0044530 secs] 1010997K->801614K(1546688K), 0.0047090 secs] [Times: user=0.03 sys=0.01, real=0.00 secs] 
94634.718: [GC 94634.718: [ParNew: 210831K->945K(235968K), 0.0115890 secs] 1011406K->801557K(1546688K), 0.0118510 secs] [Times: user=0.02 sys=0.00, real=0.01 secs] 
94649.910: [GC 94649.910: [ParNew: 210737K->837K(235968K), 0.0044380 secs] 1011349K->801492K(1546688K), 0.0047120 secs] [Times: user=0.03 sys=0.00, real=0.01 secs] 
94655.914: [GC 94655.914: [ParNew: 210629K->1055K(235968K), 0.0150040 secs] 1011284K->801769K(1546688K), 0.0152890 secs] [Times: user=0.04 sys=0.00, real=0.01 secs] 
94675.557: [GC 94675.557: [ParNew: 210847K->807K(235968K), 0.0063500 secs] 1011561K->801689K(1546688K), 0.0066330 secs] [Times: user=0.03 sys=0.00, real=0.01 secs] 
94682.935: [GC 94682.935: [ParNew: 210495K->909K(235968K), 0.0062480 secs] 1011377K->801845K(1546688K), 0.0065120 secs] [Times: user=0.03 sys=0.00, real=0.01 secs] 
94694.736: [GC 94694.737: [ParNew: 210701K->900K(235968K), 0.0126430 secs] 1011637K->801885K(1546688K), 0.0129130 secs] [Times: user=0.03 sys=0.00, real=0.01 secs] 
94709.917: [GC 94709.917: [ParNew: 210692K->847K(235968K), 0.0076800 secs] 1011677K->801881K(1546688K), 0.0079370 secs] [Times: user=0.03 sys=0.00, real=0.01 secs] 
94715.951: [GC 94715.951: [ParNew: 210639K->779K(235968K), 0.0225190 secs] 1011673K->801901K(1546688K), 0.0228270 secs] [Times: user=0.05 sys=0.00, real=0.03 secs] 
94735.597: [GC 94735.597: [ParNew: 210535K->810K(235968K), 0.0064090 secs] 1011657K->801986K(1546688K), 0.0066810 secs] [Times: user=0.03 sys=0.00, real=0.01 secs] 
94744.826: [GC 94744.826: [ParNew: 210602K->520K(235968K), 0.0067370 secs] 1011778K->801750K(1546688K), 0.0070140 secs] [Times: user=0.03 sys=0.00, real=0.01 secs] 
94759.762: [GC 94759.762: [ParNew: 210312K->607K(235968K), 0.0075020 secs] 1011542K->801887K(1546688K), 0.0077880 secs] [Times: user=0.03 sys=0.00, real=0.01 secs] 
94770.164: [GC 94770.164: [ParNew: 210399K->1305K(235968K), 0.0062740 secs] 1011679K->802641K(1546688K), 0.0065400 secs] [Times: user=0.03 sys=0.00, real=0.00 secs] 
94775.987: [GC 94775.988: [ParNew: 211097K->1168K(235968K), 0.0122500 secs] 1012433K->802550K(1546688K), 0.0125140 secs] [Times: user=0.03 sys=0.00, real=0.01 secs] 
94795.599: [GC 94795.599: [ParNew: 210960K->1042K(235968K), 0.0096950 secs] 1012342K->802478K(1546688K), 0.0098770 secs] [Times: user=0.03 sys=0.00, real=0.01 secs] 
94802.989: [GC 94802.989: [ParNew: 210710K->701K(235968K), 0.0100280 secs] 1012146K->802194K(1546688K), 0.0102330 secs] [Times: user=0.03 sys=0.00, real=0.01 secs] 
94814.797: [GC 94814.797: [ParNew: 210493K->708K(235968K), 0.0366060 secs] 1011986K->802265K(1546688K), 0.0368810 secs] [Times: user=0.04 sys=0.01, real=0.03 secs] 
94830.170: [GC 94830.170: [ParNew: 210500K->826K(235968K), 0.0141730 secs] 1012057K->802435K(1546688K), 0.0144200 secs] [Times: user=0.03 sys=0.00, real=0.02 secs] 
94836.008: [GC 94836.009: [ParNew: 210618K->972K(235968K), 0.0118170 secs] 1012227K->802641K(1546688K), 0.0121040 secs] [Times: user=0.02 sys=0.00, real=0.01 secs] 
94859.974: [GC 94859.974: [ParNew: 210763K->1506K(235968K), 0.0069710 secs] 1012431K->803228K(1546688K), 0.0072530 secs] [Times: user=0.02 sys=0.00, real=0.01 secs] 
94865.851: [GC 94865.852: [ParNew: 211298K->913K(235968K), 0.0113060 secs] 1013020K->802791K(1546688K), 0.0116050 secs] [Times: user=0.03 sys=0.00, real=0.01 secs] 
94879.787: [GC 94879.787: [ParNew: 210705K->1008K(235968K), 0.0218420 secs] 1012583K->802942K(1546688K), 0.0220500 secs] [Times: user=0.06 sys=0.00, real=0.02 secs] 
94890.192: [GC 94890.192: [ParNew: 210800K->1034K(235968K), 0.0071390 secs] 1012734K->803017K(1546688K), 0.0073530 secs] [Times: user=0.02 sys=0.00, real=0.01 secs] 
94896.585: [GC 94896.585: [ParNew: 210826K->918K(235968K), 0.0083300 secs] 1012809K->802959K(1546688K), 0.0085340 secs] [Times: user=0.03 sys=0.00, real=0.01 secs] 
94919.986: [GC 94919.986: [ParNew: 210710K->657K(235968K), 0.0080060 secs] 1012751K->802764K(1546688K), 0.0082170 secs] [Times: user=0.03 sys=0.00, real=0.01 secs] 
94925.840: [GC 94925.841: [ParNew: 210441K->1030K(235968K), 0.0115320 secs] 1012548K->803179K(1546688K), 0.0118280 secs] [Times: user=0.04 sys=0.00, real=0.01 secs] 
94934.863: [GC 94934.863: [ParNew: 210822K->967K(235968K), 0.0224680 secs] 1012971K->803180K(1546688K), 0.0228000 secs] [Times: user=0.04 sys=0.00, real=0.02 secs] 
94949.957: [GC 94949.957: [ParNew: 210759K->1267K(235968K), 0.0087630 secs] 1012972K->803539K(1546688K), 0.0090420 secs] [Times: user=0.03 sys=0.00, real=0.01 secs] 
94956.007: [GC 94956.007: [ParNew: 211059K->1314K(235968K), 0.0147290 secs] 1013331K->803638K(1546688K), 0.0150310 secs] [Times: user=0.04 sys=0.00, real=0.01 secs] 
94975.625: [GC 94975.625: [ParNew: 211105K->1111K(235968K), 0.0064050 secs] 1013429K->803481K(1546688K), 0.0066140 secs] [Times: user=0.03 sys=0.00, real=0.01 secs] 
94983.018: [GC 94983.019: [ParNew: 210895K->1166K(235968K), 0.0059710 secs] 1013265K->803592K(1546688K), 0.0062270 secs] [Times: user=0.03 sys=0.00, real=0.01 secs] 
94994.844: [GC 94994.844: [ParNew: 210958K->852K(235968K), 0.0222150 secs] 1013384K->803565K(1546688K), 0.0225640 secs] [Times: user=0.04 sys=0.00, real=0.02 secs] 
95010.203: [GC 95010.203: [ParNew: 210644K->949K(235968K), 0.0074270 secs] 1013357K->803721K(1546688K), 0.0076890 secs] [Times: user=0.03 sys=0.00, real=0.01 secs] 
95016.032: [GC 95016.032: [ParNew: 210741K->882K(235968K), 0.0055560 secs] 1013513K->803698K(1546688K), 0.0058250 secs] [Times: user=0.03 sys=0.00, real=0.01 secs] 
95040.000: [GC 95040.000: [ParNew: 210616K->628K(235968K), 0.0056450 secs] 1013433K->803496K(1546688K), 0.0058990 secs] [Times: user=0.03 sys=0.00, real=0.01 secs] 
95045.860: [GC 95045.861: [ParNew: 210420K->704K(235968K), 0.0101410 secs] 1013288K->803626K(1546688K), 0.0104030 secs] [Times: user=0.03 sys=0.00, real=0.01 secs] 
95054.862: [GC 95054.862: [ParNew: 210453K->941K(235968K), 0.0334230 secs] 1013376K->803918K(1546688K), 0.0337930 secs] [Times: user=0.05 sys=0.00, real=0.03 secs] 
95070.213: [GC 95070.213: [ParNew: 210733K->1101K(235968K), 0.0060490 secs] 1013710K->804134K(1546688K), 0.0062520 secs] [Times: user=0.03 sys=0.00, real=0.01 secs] 
95076.047: [GC 95076.048: [ParNew: 210893K->1017K(235968K), 0.0045190 secs] 1013926K->804108K(1546688K), 0.0047710 secs] [Times: user=0.03 sys=0.00, real=0.00 secs] 
95100.017: [GC 95100.017: [ParNew: 210809K->1354K(235968K), 0.0045270 secs] 1013900K->804640K(1546688K), 0.0048240 secs] [Times: user=0.03 sys=0.00, real=0.01 secs] 
95105.891: [GC 95105.891: [ParNew: 211146K->697K(235968K), 0.0080950 secs] 1014432K->804039K(1546688K), 0.0083500 secs] [Times: user=0.02 sys=0.00, real=0.00 secs] 
95119.846: [GC 95119.846: [ParNew: 210489K->1206K(235968K), 0.0056900 secs] 1013831K->804591K(1546688K), 0.0059720 secs] [Times: user=0.03 sys=0.00, real=0.01 secs] 
95130.252: [GC 95130.252: [ParNew: 210998K->878K(235968K), 0.0115980 secs] 1014383K->804306K(1546688K), 0.0117920 secs] [Times: user=0.04 sys=0.00, real=0.01 secs] 
95136.635: [GC 95136.636: [ParNew: 210554K->901K(235968K), 0.0071800 secs] 1013982K->804372K(1546688K), 0.0074710 secs] [Times: user=0.02 sys=0.00, real=0.00 secs] 
95160.053: [GC 95160.053: [ParNew: 210647K->975K(235968K), 0.0073370 secs] 1014117K->804497K(1546688K), 0.0075660 secs] [Times: user=0.03 sys=0.00, real=0.00 secs] 
95165.937: [GC 95165.937: [ParNew: 210767K->821K(235968K), 0.0093780 secs] 1014289K->804398K(1546688K), 0.0096740 secs] [Times: user=0.03 sys=0.00, real=0.01 secs] 
95179.884: [GC 95179.884: [ParNew: 210613K->787K(235968K), 0.0062200 secs] 1014190K->804429K(1546688K), 0.0065120 secs] [Times: user=0.03 sys=0.00, real=0.01 secs] 
95190.678: [GC 95190.678: [ParNew: 210579K->948K(235968K), 0.0060810 secs] 1014221K->804633K(1546688K), 0.0063610 secs] [Times: user=0.02 sys=0.00, real=0.00 secs] 
95196.658: [GC 95196.658: [ParNew: 210740K->992K(235968K), 0.0055100 secs] 1014425K->804807K(1546688K), 0.0057530 secs] [Times: user=0.04 sys=0.00, real=0.00 secs] 
95218.063: [GC 95218.063: [ParNew: 210784K->1218K(235968K), 0.0059460 secs] 1014599K->805087K(1546688K), 0.0062850 secs] [Times: user=0.04 sys=0.00, real=0.00 secs] 
95223.033: [GC 95223.033: [ParNew: 211007K->1775K(235968K), 0.0074390 secs] 1014876K->805699K(1546688K), 0.0076420 secs] [Times: user=0.03 sys=0.00, real=0.00 secs] 
95234.844: [GC 95234.845: [ParNew: 211567K->1883K(235968K), 0.0272580 secs] 1015491K->805886K(1546688K), 0.0276820 secs] [Times: user=0.03 sys=0.00, real=0.03 secs] 
95249.980: [GC 95249.980: [ParNew: 211664K->1168K(235968K), 0.0105650 secs] 1015667K->805221K(1546688K), 0.0107660 secs] [Times: user=0.03 sys=0.00, real=0.01 secs] 
95256.044: [GC 95256.044: [ParNew: 210960K->1200K(235968K), 0.0144220 secs] 1015013K->805287K(1546688K), 0.0147160 secs] [Times: user=0.03 sys=0.00, real=0.02 secs] 
95275.651: [GC 95275.651: [ParNew: 210992K->1034K(235968K), 0.0134100 secs] 1015079K->805278K(1546688K), 0.0136230 secs] [Times: user=0.03 sys=0.00, real=0.02 secs] 
95283.061: [GC 95283.061: [ParNew: 210775K->896K(235968K), 0.0097550 secs] 1015019K->805225K(1546688K), 0.0099550 secs] [Times: user=0.02 sys=0.00, real=0.01 secs] 
95294.896: [GC 95294.897: [ParNew: 210688K->951K(235968K), 0.0196940 secs] 1015017K->805329K(1546688K), 0.0200420 secs] [Times: user=0.03 sys=0.00, real=0.02 secs] 
95310.002: [GC 95310.002: [ParNew: 210743K->850K(235968K), 0.0100940 secs] 1015121K->805277K(1546688K), 0.0103060 secs] [Times: user=0.03 sys=0.00, real=0.01 secs] 
95316.071: [GC 95316.071: [ParNew: 210642K->1426K(235968K), 0.0085360 secs] 1015069K->806012K(1546688K), 0.0087850 secs] [Times: user=0.03 sys=0.00, real=0.01 secs] 
95335.679: [GC 95335.679: [ParNew: 211183K->989K(235968K), 0.0102050 secs] 1015769K->805630K(1546688K), 0.0104240 secs] [Times: user=0.03 sys=0.00, real=0.01 secs] 
95344.061: [GC 95344.061: [ParNew: 210781K->700K(235968K), 0.0072580 secs] 1015422K->805398K(1546688K), 0.0074780 secs] [Times: user=0.02 sys=0.00, real=0.01 secs] 
95354.924: [GC 95354.924: [ParNew: 210492K->1232K(235968K), 0.0155630 secs] 1015190K->805979K(1546688K), 0.0158730 secs] [Times: user=0.05 sys=0.00, real=0.01 secs] 
95370.275: [GC 95370.275: [ParNew: 211024K->803K(235968K), 0.0096400 secs] 1015771K->805606K(1546688K), 0.0098940 secs] [Times: user=0.03 sys=0.00, real=0.01 secs] 
95376.104: [GC 95376.104: [ParNew: 210595K->955K(235968K), 0.0074710 secs] 1015398K->805802K(1546688K), 0.0077180 secs] [Times: user=0.03 sys=0.00, real=0.01 secs] 
95400.068: [GC 95400.068: [ParNew: 210747K->911K(235968K), 0.0069650 secs] 1015594K->805831K(1546688K), 0.0072060 secs] [Times: user=0.03 sys=0.00, real=0.01 secs] 
95405.943: [GC 95405.943: [ParNew: 210703K->784K(235968K), 0.0145480 secs] 1015623K->805832K(1546688K), 0.0148120 secs] [Times: user=0.03 sys=0.00, real=0.02 secs] 
95419.887: [GC 95419.887: [ParNew: 210571K->1138K(235968K), 0.0075580 secs] 1015620K->806241K(1546688K), 0.0079690 secs] [Times: user=0.02 sys=0.00, real=0.01 secs] 
95430.286: [GC 95430.286: [ParNew: 210930K->990K(235968K), 0.0065010 secs] 1016033K->806149K(1546688K), 0.0067540 secs] [Times: user=0.02 sys=0.00, real=0.01 secs] 
95436.111: [GC 95436.111: [ParNew: 210782K->950K(235968K), 0.0085890 secs] 1015941K->806162K(1546688K), 0.0089290 secs] [Times: user=0.03 sys=0.00, real=0.01 secs] 
95460.081: [GC 95460.081: [ParNew: 210614K->1211K(235968K), 0.0087180 secs] 1015826K->806488K(1546688K), 0.0090040 secs] [Times: user=0.03 sys=0.00, real=0.01 secs] 
95465.958: [GC 95465.959: [ParNew: 211003K->889K(235968K), 0.0232850 secs] 1016280K->806215K(1546688K), 0.0247860 secs] [Times: user=0.04 sys=0.00, real=0.02 secs] 
95479.899: [GC 95479.899: [ParNew: 210681K->1038K(235968K), 0.0086120 secs] 1016007K->806424K(1546688K), 0.0088980 secs] [Times: user=0.03 sys=0.00, real=0.01 secs] 
95490.301: [GC 95490.301: [ParNew: 210829K->1348K(235968K), 0.0084610 secs] 1016214K->806784K(1546688K), 0.0087190 secs] [Times: user=0.02 sys=0.01, real=0.01 secs] 
95496.126: [GC 95496.126: [ParNew: 211140K->822K(235968K), 0.0061770 secs] 1016576K->806310K(1546688K), 0.0064570 secs] [Times: user=0.03 sys=0.00, real=0.01 secs] 
95515.695: [GC 95515.696: [ParNew: 210614K->1332K(235968K), 0.0065830 secs] 1016102K->806880K(1546688K), 0.0068680 secs] [Times: user=0.04 sys=0.00, real=0.01 secs] 
95523.108: [GC 95523.108: [ParNew: 211124K->1562K(235968K), 0.0064930 secs] 1016672K->807162K(1546688K), 0.0067560 secs] [Times: user=0.03 sys=0.00, real=0.01 secs] 
95535.014: [GC 95535.014: [ParNew: 211354K->1377K(235968K), 0.0077080 secs] 1016954K->807039K(1546688K), 0.0079810 secs] [Times: user=0.03 sys=0.01, real=0.00 secs] 
95550.305: [GC 95550.305: [ParNew: 211169K->1555K(235968K), 0.0096710 secs] 1016831K->807261K(1546688K), 0.0099680 secs] [Times: user=0.03 sys=0.00, real=0.01 secs] 
95556.129: [GC 95556.129: [ParNew: 211347K->1225K(235968K), 0.0135500 secs] 1017053K->807376K(1546688K), 0.0137540 secs] [Times: user=0.04 sys=0.00, real=0.02 secs] 
95580.105: [GC 95580.105: [ParNew: 211017K->997K(235968K), 0.0077120 secs] 1017168K->807202K(1546688K), 0.0079610 secs] [Times: user=0.03 sys=0.00, real=0.01 secs] 
95585.978: [GC 95585.979: [ParNew: 210789K->1020K(235968K), 0.0120610 secs] 1016994K->807274K(1546688K), 0.0123380 secs] [Times: user=0.02 sys=0.00, real=0.01 secs] 
95599.926: [GC 95599.926: [ParNew: 210812K->1185K(235968K), 0.0094760 secs] 1017066K->807488K(1546688K), 0.0096910 secs] [Times: user=0.03 sys=0.00, real=0.01 secs] 
95610.332: [GC 95610.333: [ParNew: 210977K->1148K(235968K), 0.0072200 secs] 1017280K->807495K(1546688K), 0.0074250 secs] [Times: user=0.02 sys=0.00, real=0.00 secs] 
95616.686: [GC 95616.686: [ParNew: 210933K->1014K(235968K), 0.0072010 secs] 1017280K->807511K(1546688K), 0.0074940 secs] [Times: user=0.03 sys=0.01, real=0.01 secs] 
95640.118: [GC 95640.118: [ParNew: 210806K->1011K(235968K), 0.0070720 secs] 1017303K->807568K(1546688K), 0.0073530 secs] [Times: user=0.03 sys=0.00, real=0.00 secs] 
95645.995: [GC 95645.995: [ParNew: 210803K->746K(235968K), 0.0162130 secs] 1017360K->807349K(1546688K), 0.0164790 secs] [Times: user=0.04 sys=0.00, real=0.02 secs] 
95659.949: [GC 95659.949: [ParNew: 210538K->929K(235968K), 0.0074590 secs] 1017141K->807586K(1546688K), 0.0077500 secs] [Times: user=0.02 sys=0.00, real=0.01 secs] 
95670.345: [GC 95670.345: [ParNew: 210701K->1190K(235968K), 0.0075720 secs] 1017358K->807905K(1546688K), 0.0078480 secs] [Times: user=0.02 sys=0.00, real=0.01 secs] 
95676.689: [GC 95676.689: [ParNew: 210982K->712K(235968K), 0.0143970 secs] 1017697K->807592K(1546688K), 0.0145970 secs] [Times: user=0.03 sys=0.00, real=0.02 secs] 
95695.727: [GC 95695.727: [ParNew: 210504K->883K(235968K), 0.0091710 secs] 1017384K->807823K(1546688K), 0.0094680 secs] [Times: user=0.03 sys=0.00, real=0.01 secs] 
95703.139: [GC 95703.139: [ParNew: 210552K->1281K(235968K), 0.0076350 secs] 1017493K->808280K(1546688K), 0.0079340 secs] [Times: user=0.03 sys=0.00, real=0.01 secs] 
95715.042: [GC 95715.042: [ParNew: 211073K->1077K(235968K), 0.0061750 secs] 1018072K->808133K(1546688K), 0.0064780 secs] [Times: user=0.03 sys=0.00, real=0.01 secs] 
95730.061: [GC 95730.061: [ParNew: 210812K->1130K(235968K), 0.0069020 secs] 1017868K->808242K(1546688K), 0.0072130 secs] [Times: user=0.03 sys=0.00, real=0.01 secs] 
95736.138: [GC 95736.139: [ParNew: 210922K->1470K(235968K), 0.0077470 secs] 1018034K->808695K(1546688K), 0.0080440 secs] [Times: user=0.03 sys=0.00, real=0.01 secs] 
95747.657: [GC 95747.658: [ParNew: 211262K->1259K(235968K), 0.0095920 secs] 1018487K->808542K(1546688K), 0.0098430 secs] [Times: user=0.03 sys=0.00, real=0.01 secs] 
95761.880: [GC 95761.881: [ParNew: 211003K->920K(235968K), 0.0089010 secs] 1018286K->808257K(1546688K), 0.0091590 secs] [Times: user=0.03 sys=0.00, real=0.01 secs] 
95774.794: [GC 95774.794: [ParNew: 210712K->1042K(235968K), 0.0054800 secs] 1018049K->808428K(1546688K), 0.0057650 secs] [Times: user=0.03 sys=0.00, real=0.01 secs] 
95789.364: [GC 95789.364: [ParNew: 210789K->1032K(235968K), 0.0050780 secs] 1018175K->808481K(1546688K), 0.0053670 secs] [Times: user=0.03 sys=0.00, real=0.00 secs] 
95795.036: [GC 95795.036: [ParNew: 210818K->986K(235968K), 0.0062900 secs] 1018267K->808509K(1546688K), 0.0065440 secs] [Times: user=0.03 sys=0.00, real=0.01 secs] 
95809.770: [GC 95809.770: [ParNew: 210778K->631K(235968K), 0.0080910 secs] 1018301K->808208K(1546688K), 0.0082920 secs] [Times: user=0.02 sys=0.00, real=0.00 secs] 
95823.139: [GC 95823.139: [ParNew: 210423K->861K(235968K), 0.0052880 secs] 1018000K->808489K(1546688K), 0.0054910 secs] [Times: user=0.03 sys=0.00, real=0.00 secs] 
95835.031: [GC 95835.032: [ParNew: 210624K->728K(235968K), 0.0274030 secs] 1018252K->808400K(1546688K), 0.0276840 secs] [Times: user=0.05 sys=0.00, real=0.03 secs] 
95850.065: [GC 95850.065: [ParNew: 210520K->1119K(235968K), 0.0113200 secs] 1018192K->808835K(1546688K), 0.0115920 secs] [Times: user=0.02 sys=0.01, real=0.01 secs] 
95856.157: [GC 95856.157: [ParNew: 210898K->1038K(235968K), 0.0102970 secs] 1018614K->808804K(1546688K), 0.0105760 secs] [Times: user=0.03 sys=0.00, real=0.01 secs] 
95875.735: [GC 95875.735: [ParNew: 210830K->838K(235968K), 0.0075110 secs] 1018596K->808658K(1546688K), 0.0078020 secs] [Times: user=0.03 sys=0.00, real=0.01 secs] 
95883.162: [GC 95883.162: [ParNew: 210623K->975K(235968K), 0.0055150 secs] 1018442K->808856K(1546688K), 0.0057910 secs] [Times: user=0.03 sys=0.00, real=0.00 secs] 
95895.048: [GC 95895.049: [ParNew: 210767K->825K(235968K), 0.0220140 secs] 1018648K->808759K(1546688K), 0.0223050 secs] [Times: user=0.03 sys=0.00, real=0.02 secs] 
95909.389: [GC 95909.389: [ParNew: 210617K->1152K(235968K), 0.0076680 secs] 1018551K->809133K(1546688K), 0.0079300 secs] [Times: user=0.03 sys=0.00, real=0.01 secs] 
95915.046: [GC 95915.046: [ParNew: 210944K->1251K(235968K), 0.0084750 secs] 1018925K->809295K(1546688K), 0.0087570 secs] [Times: user=0.05 sys=0.00, real=0.01 secs] 
95924.831: [GC 95924.832: [ParNew: 211043K->1146K(235968K), 0.0091650 secs] 1019087K->809244K(1546688K), 0.0094250 secs] [Times: user=0.03 sys=0.00, real=0.01 secs] 
95941.907: [GC 95941.907: [ParNew: 210938K->1220K(235968K), 0.0120020 secs] 1019036K->809376K(1546688K), 0.0122780 secs] [Times: user=0.03 sys=0.00, real=0.02 secs] 
95947.847: [GC 95947.847: [ParNew: 211012K->1365K(235968K), 0.0077690 secs] 1019168K->809566K(1546688K), 0.0080460 secs] [Times: user=0.03 sys=0.00, real=0.01 secs] 
95969.375: [GC 95969.375: [ParNew: 211157K->1421K(235968K), 0.0079050 secs] 1019358K->809678K(1546688K), 0.0081720 secs] [Times: user=0.03 sys=0.00, real=0.00 secs] 
95970.831: [GC 95970.831: [ParNew: 211164K->1150K(235968K), 0.0101750 secs] 1019421K->809456K(1546688K), 0.0104420 secs] [Times: user=0.03 sys=0.00, real=0.01 secs] 
95984.807: [GC 95984.808: [ParNew: 210942K->1259K(235968K), 0.0070600 secs] 1019248K->809655K(1546688K), 0.0074120 secs] [Times: user=0.03 sys=0.00, real=0.01 secs] 
96001.906: [GC 96001.906: [ParNew: 211051K->992K(235968K), 0.0081530 secs] 1019447K->809443K(1546688K), 0.0084420 secs] [Times: user=0.04 sys=0.00, real=0.01 secs] 
96007.852: [GC 96007.852: [ParNew: 210763K->1244K(235968K), 0.0109220 secs] 1019214K->809769K(1546688K), 0.0111130 secs] [Times: user=0.05 sys=0.00, real=0.01 secs] 
96029.395: [GC 96029.395: [ParNew: 211036K->1184K(235968K), 0.0062530 secs] 1019561K->809752K(1546688K), 0.0064690 secs] [Times: user=0.03 sys=0.00, real=0.01 secs] 
96035.046: [GC 96035.046: [ParNew: 210958K->873K(235968K), 0.0056480 secs] 1019526K->809521K(1546688K), 0.0059310 secs] [Times: user=0.03 sys=0.00, real=0.00 secs] 
96044.813: [GC 96044.814: [ParNew: 210665K->1139K(235968K), 0.0150170 secs] 1019313K->809850K(1546688K), 0.0153670 secs] [Times: user=0.03 sys=0.00, real=0.01 secs] 
96061.918: [GC 96061.918: [ParNew: 210918K->931K(235968K), 0.0077970 secs] 1019629K->809696K(1546688K), 0.0080150 secs] [Times: user=0.04 sys=0.00, real=0.01 secs] 
96067.872: [GC 96067.872: [ParNew: 210723K->857K(235968K), 0.0071120 secs] 1019488K->809677K(1546688K), 0.0073240 secs] [Times: user=0.03 sys=0.00, real=0.00 secs] 
96089.386: [GC 96089.387: [ParNew: 210649K->1097K(235968K), 0.0097630 secs] 1019469K->809969K(1546688K), 0.0100360 secs] [Times: user=0.03 sys=0.00, real=0.01 secs] 
96090.831: [GC 96090.831: [ParNew: 210889K->1112K(235968K), 0.0077210 secs] 1019761K->810038K(1546688K), 0.0079980 secs] [Times: user=0.03 sys=0.00, real=0.01 secs] 
96104.824: [GC 96104.824: [ParNew: 210904K->1015K(235968K), 0.0101500 secs] 1019830K->809989K(1546688K), 0.0103590 secs] [Times: user=0.03 sys=0.00, real=0.01 secs] 
96121.929: [GC 96121.930: [ParNew: 210769K->904K(235968K), 0.0073040 secs] 1019743K->809932K(1546688K), 0.0075120 secs] [Times: user=0.02 sys=0.00, real=0.01 secs] 
96127.880: [GC 96127.881: [ParNew: 210686K->825K(235968K), 0.0121730 secs] 1019714K->809946K(1546688K), 0.0124370 secs] [Times: user=0.04 sys=0.01, real=0.01 secs] 
96149.534: [GC 96149.535: [ParNew: 210617K->1185K(235968K), 0.0102040 secs] 1019738K->810356K(1546688K), 0.0104670 secs] [Times: user=0.03 sys=0.00, real=0.01 secs] 
96155.060: [GC 96155.061: [ParNew: 210977K->805K(235968K), 0.0062630 secs] 1020148K->810106K(1546688K), 0.0065570 secs] [Times: user=0.03 sys=0.00, real=0.01 secs] 
96163.911: [GC 96163.911: [ParNew: 210597K->895K(235968K), 0.0092480 secs] 1019898K->810260K(1546688K), 0.0095420 secs] [Times: user=0.03 sys=0.01, real=0.01 secs] 
96181.928: [GC 96181.928: [ParNew: 210687K->1152K(235968K), 0.0143860 secs] 1020052K->810571K(1546688K), 0.0146410 secs] [Times: user=0.06 sys=0.00, real=0.02 secs] 
96187.868: [GC 96187.869: [ParNew: 210944K->1035K(235968K), 0.0060270 secs] 1020363K->810510K(1546688K), 0.0062820 secs] [Times: user=0.03 sys=0.00, real=0.01 secs] 
96209.527: [GC 96209.528: [ParNew: 210770K->1115K(235968K), 0.0061160 secs] 1020245K->810638K(1546688K), 0.0063890 secs] [Times: user=0.04 sys=0.00, real=0.00 secs] 
96210.848: [GC 96210.848: [ParNew: 210826K->975K(235968K), 0.0053680 secs] 1020349K->810616K(1546688K), 0.0056200 secs] [Times: user=0.03 sys=0.00, real=0.00 secs] 
96224.850: [GC 96224.850: [ParNew: 210767K->813K(235968K), 0.0068700 secs] 1020408K->810658K(1546688K), 0.0071570 secs] [Times: user=0.02 sys=0.00, real=0.01 secs] 
96241.952: [GC 96241.952: [ParNew: 210528K->1018K(235968K), 0.0076720 secs] 1020373K->810911K(1546688K), 0.0079580 secs] [Times: user=0.03 sys=0.00, real=0.00 secs] 
96247.896: [GC 96247.896: [ParNew: 210810K->719K(235968K), 0.0081250 secs] 1020703K->810654K(1546688K), 0.0083960 secs] [Times: user=0.03 sys=0.00, real=0.01 secs] 
96269.539: [GC 96269.540: [ParNew: 210511K->1201K(235968K), 0.0051750 secs] 1020446K->811192K(1546688K), 0.0054720 secs] [Times: user=0.03 sys=0.00, real=0.00 secs] 
96270.859: [GC 96270.859: [ParNew: 210984K->1121K(235968K), 0.0054050 secs] 1020975K->811174K(1546688K), 0.0056710 secs] [Times: user=0.03 sys=0.01, real=0.00 secs] 
96284.866: [GC 96284.867: [ParNew: 210913K->905K(235968K), 0.0135210 secs] 1020966K->811011K(1546688K), 0.0137710 secs] [Times: user=0.03 sys=0.00, real=0.01 secs] 
96301.971: [GC 96301.971: [ParNew: 210697K->895K(235968K), 0.0093120 secs] 1020803K->811056K(1546688K), 0.0095390 secs] [Times: user=0.03 sys=0.00, real=0.01 secs] 
96307.922: [GC 96307.922: [ParNew: 210687K->779K(235968K), 0.0080010 secs] 1020848K->811100K(1546688K), 0.0082630 secs] [Times: user=0.03 sys=0.00, real=0.00 secs] 
96329.556: [GC 96329.556: [ParNew: 210571K->1023K(235968K), 0.0154980 secs] 1020892K->811400K(1546688K), 0.0158010 secs] [Times: user=0.02 sys=0.00, real=0.02 secs] 
96330.873: [GC 96330.874: [ParNew: 210815K->1095K(235968K), 0.0085370 secs] 1021192K->811534K(1546688K), 0.0087600 secs] [Times: user=0.02 sys=0.00, real=0.01 secs] 
96344.888: [GC 96344.888: [ParNew: 210887K->879K(235968K), 0.0162830 secs] 1021326K->811376K(1546688K), 0.0165960 secs] [Times: user=0.03 sys=0.00, real=0.01 secs] 
96361.978: [GC 96361.978: [ParNew: 210658K->1095K(235968K), 0.0147190 secs] 1021155K->811646K(1546688K), 0.0149040 secs] [Times: user=0.02 sys=0.00, real=0.01 secs] 
96367.926: [GC 96367.926: [ParNew: 210887K->1272K(235968K), 0.0182630 secs] 1021438K->811875K(1546688K), 0.0185350 secs] [Times: user=0.06 sys=0.00, real=0.02 secs] 
96389.573: [GC 96389.573: [ParNew: 211064K->1174K(235968K), 0.0060590 secs] 1021667K->811828K(1546688K), 0.0063350 secs] [Times: user=0.02 sys=0.00, real=0.01 secs] 
96394.757: [GC 96394.757: [ParNew: 210966K->945K(235968K), 0.0102180 secs] 1021620K->811662K(1546688K), 0.0104610 secs] [Times: user=0.03 sys=0.00, real=0.01 secs] 
96404.903: [GC 96404.903: [ParNew: 210737K->1223K(235968K), 0.0145840 secs] 1021454K->811989K(1546688K), 0.0148340 secs] [Times: user=0.04 sys=0.00, real=0.02 secs] 
96422.004: [GC 96422.004: [ParNew: 211015K->938K(235968K), 0.0103920 secs] 1021781K->811758K(1546688K), 0.0105810 secs] [Times: user=0.03 sys=0.00, real=0.01 secs] 
96427.937: [GC 96427.937: [ParNew: 210730K->921K(235968K), 0.0080020 secs] 1021550K->811810K(1546688K), 0.0082210 secs] [Times: user=0.03 sys=0.00, real=0.01 secs] 
96449.578: [GC 96449.578: [ParNew: 210671K->1059K(235968K), 0.0069530 secs] 1021559K->811992K(1546688K), 0.0072370 secs] [Times: user=0.03 sys=0.00, real=0.01 secs] 
96450.888: [GC 96450.889: [ParNew: 210788K->885K(235968K), 0.0070370 secs] 1021720K->811879K(1546688K), 0.0072800 secs] [Times: user=0.03 sys=0.00, real=0.01 secs] 
96464.916: [GC 96464.917: [ParNew: 210677K->851K(235968K), 0.0133180 secs] 1021671K->811903K(1546688K), 0.0136390 secs] [Times: user=0.03 sys=0.00, real=0.02 secs] 
96482.004: [GC 96482.004: [ParNew: 210607K->1091K(235968K), 0.0075630 secs] 1021659K->812197K(1546688K), 0.0078140 secs] [Times: user=0.03 sys=0.00, real=0.00 secs] 
96487.947: [GC 96487.947: [ParNew: 210883K->890K(235968K), 0.0247400 secs] 1021989K->812157K(1546688K), 0.0249340 secs] [Times: user=0.09 sys=0.00, real=0.02 secs] 
96509.589: [GC 96509.589: [ParNew: 210682K->993K(235968K), 0.0059700 secs] 1021949K->812316K(1546688K), 0.0062520 secs] [Times: user=0.03 sys=0.00, real=0.01 secs] 
96510.893: [GC 96510.893: [ParNew: 210768K->860K(235968K), 0.0060370 secs] 1022091K->812245K(1546688K), 0.0062050 secs] [Times: user=0.02 sys=0.00, real=0.00 secs] 
96524.922: [GC 96524.922: [ParNew: 210652K->839K(235968K), 0.0220320 secs] 1022037K->812279K(1546688K), 0.0223430 secs] [Times: user=0.05 sys=0.00, real=0.02 secs] 
96541.994: [GC 96541.994: [ParNew: 210617K->1077K(235968K), 0.0060810 secs] 1022058K->812572K(1546688K), 0.0063620 secs] [Times: user=0.03 sys=0.00, real=0.01 secs] 
96547.939: [GC 96547.939: [ParNew: 210868K->1117K(235968K), 0.0055880 secs] 1022363K->812654K(1546688K), 0.0058360 secs] [Times: user=0.03 sys=0.00, real=0.01 secs] 
96568.712: [GC 96568.712: [ParNew: 210909K->658K(235968K), 0.0131770 secs] 1022446K->812251K(1546688K), 0.0133860 secs] [Times: user=0.02 sys=0.00, real=0.01 secs] 
96570.890: [GC 96570.890: [ParNew: 210387K->692K(235968K), 0.0103970 secs] 1021981K->812347K(1546688K), 0.0106840 secs] [Times: user=0.03 sys=0.00, real=0.02 secs] 
96584.922: [GC 96584.925: [ParNew: 210484K->969K(235968K), 0.0315140 secs] 1022139K->812665K(1546688K), 0.0318570 secs] [Times: user=0.03 sys=0.00, real=0.03 secs] 
96602.012: [GC 96602.012: [ParNew: 210761K->1258K(235968K), 0.0096320 secs] 1022457K->813014K(1546688K), 0.0098780 secs] [Times: user=0.03 sys=0.00, real=0.01 secs] 
96607.955: [GC 96607.956: [ParNew: 211050K->1043K(235968K), 0.0083320 secs] 1022806K->812851K(1546688K), 0.0086010 secs] [Times: user=0.03 sys=0.00, real=0.00 secs] 
96629.615: [GC 96629.615: [ParNew: 210835K->1290K(235968K), 0.0065350 secs] 1022643K->813155K(1546688K), 0.0067830 secs] [Times: user=0.03 sys=0.00, real=0.01 secs] 
96630.912: [GC 96630.912: [ParNew: 211082K->988K(235968K), 0.0080140 secs] 1022947K->812937K(1546688K), 0.0084460 secs] [Times: user=0.03 sys=0.00, real=0.00 secs] 
96638.348: [GC 96638.348: [ParNew: 210780K->1255K(235968K), 0.0122330 secs] 1022729K->813270K(1546688K), 0.0124890 secs] [Times: user=0.03 sys=0.00, real=0.02 secs] 
96662.020: [GC 96662.020: [ParNew: 211047K->1208K(235968K), 0.0061500 secs] 1023062K->813281K(1546688K), 0.0064260 secs] [Times: user=0.03 sys=0.00, real=0.01 secs] 
96667.952: [GC 96667.952: [ParNew: 211000K->1229K(235968K), 0.0057820 secs] 1023073K->813466K(1546688K), 0.0060430 secs] [Times: user=0.03 sys=0.01, real=0.01 secs] 
96682.165: [GC 96682.165: [ParNew: 211021K->841K(235968K), 0.0066590 secs] 1023258K->813128K(1546688K), 0.0069450 secs] [Times: user=0.03 sys=0.00, real=0.00 secs] 
96690.898: [GC 96690.898: [ParNew: 210633K->1143K(235968K), 0.0106550 secs] 1022920K->813476K(1546688K), 0.0108950 secs] [Times: user=0.02 sys=0.00, real=0.01 secs] 
96698.635: [GC 96698.635: [ParNew: 210935K->712K(235968K), 0.0061490 secs] 1023268K->813111K(1546688K), 0.0064130 secs] [Times: user=0.02 sys=0.00, real=0.01 secs] 
96720.340: [GC 96720.340: [ParNew: 210504K->1220K(235968K), 0.0100440 secs] 1022903K->813674K(1546688K), 0.0103120 secs] [Times: user=0.03 sys=0.00, real=0.01 secs] 
96726.210: [GC 96726.210: [ParNew: 211012K->929K(235968K), 0.0156210 secs] 1023466K->813542K(1546688K), 0.0159090 secs] [Times: user=0.04 sys=0.00, real=0.01 secs] 
96740.174: [GC 96740.174: [ParNew: 210721K->917K(235968K), 0.0094620 secs] 1023334K->813596K(1546688K), 0.0097440 secs] [Times: user=0.02 sys=0.00, real=0.01 secs] 
96750.907: [GC 96750.907: [ParNew: 210667K->996K(235968K), 0.0076830 secs] 1023345K->813719K(1546688K), 0.0078950 secs] [Times: user=0.03 sys=0.01, real=0.01 secs] 
96757.589: [GC 96757.589: [ParNew: 210788K->684K(235968K), 0.0062920 secs] 1023511K->813594K(1546688K), 0.0065410 secs] [Times: user=0.03 sys=0.00, real=0.01 secs] 
96780.331: [GC 96780.331: [ParNew: 210476K->1611K(235968K), 0.0072080 secs] 1023386K->814575K(1546688K), 0.0075250 secs] [Times: user=0.03 sys=0.00, real=0.01 secs] 
96786.210: [GC 96786.210: [ParNew: 211351K->1504K(235968K), 0.0177700 secs] 1024314K->814522K(1546688K), 0.0181280 secs] [Times: user=0.04 sys=0.00, real=0.02 secs] 
96800.171: [GC 96800.172: [ParNew: 211266K->1650K(235968K), 0.0111090 secs] 1024284K->814729K(1546688K), 0.0113900 secs] [Times: user=0.03 sys=0.00, real=0.01 secs] 
96810.559: [GC 96810.559: [ParNew: 211439K->1566K(235968K), 0.0066100 secs] 1024518K->814690K(1546688K), 0.0068720 secs] [Times: user=0.03 sys=0.00, real=0.01 secs] 
96816.405: [GC 96816.405: [ParNew: 211323K->846K(235968K), 0.0275010 secs] 1024447K->814550K(1546688K), 0.0277830 secs] [Times: user=0.03 sys=0.00, real=0.03 secs] 
96840.339: [GC 96840.340: [ParNew: 210638K->1021K(235968K), 0.0079000 secs] 1024342K->814779K(1546688K), 0.0081580 secs] [Times: user=0.03 sys=0.00, real=0.00 secs] 
96846.082: [GC 96846.083: [ParNew: 210813K->733K(235968K), 0.0074620 secs] 1024571K->814545K(1546688K), 0.0076490 secs] [Times: user=0.03 sys=0.00, real=0.01 secs] 
96855.250: [GC 96855.250: [ParNew: 210525K->692K(235968K), 0.0156340 secs] 1024337K->814555K(1546688K), 0.0158210 secs] [Times: user=0.02 sys=0.00, real=0.02 secs] 
96870.558: [GC 96870.558: [ParNew: 210484K->1147K(235968K), 0.0064160 secs] 1024347K->815054K(1546688K), 0.0067060 secs] [Times: user=0.03 sys=0.00, real=0.01 secs] 
96876.401: [GC 96876.401: [ParNew: 210939K->942K(235968K), 0.0092690 secs] 1024846K->814939K(1546688K), 0.0094850 secs] [Times: user=0.03 sys=0.00, real=0.01 secs] 
96895.894: [GC 96895.894: [ParNew: 210734K->847K(235968K), 0.0077830 secs] 1024731K->814890K(1546688K), 0.0080570 secs] [Times: user=0.02 sys=0.00, real=0.01 secs] 
96903.363: [GC 96903.364: [ParNew: 210582K->1103K(235968K), 0.0073030 secs] 1024626K->815201K(1546688K), 0.0075110 secs] [Times: user=0.03 sys=0.00, real=0.01 secs] 
96915.272: [GC 96915.273: [ParNew: 210872K->936K(235968K), 0.0088800 secs] 1024969K->815089K(1546688K), 0.0090970 secs] [Times: user=0.03 sys=0.00, real=0.01 secs] 
96930.213: [GC 96930.213: [ParNew: 210728K->1366K(235968K), 0.0062470 secs] 1024881K->815580K(1546688K), 0.0065360 secs] [Times: user=0.03 sys=0.00, real=0.01 secs] 
96935.176: [GC 96935.176: [ParNew: 211158K->1305K(235968K), 0.0069430 secs] 1025372K->815564K(1546688K), 0.0071820 secs] [Times: user=0.03 sys=0.00, real=0.01 secs] 
96945.036: [GC 96945.036: [ParNew: 211072K->1439K(235968K), 0.0115270 secs] 1025332K->815757K(1546688K), 0.0118460 secs] [Times: user=0.03 sys=0.00, real=0.01 secs] 
96962.081: [GC 96962.081: [ParNew: 211231K->802K(235968K), 0.0095630 secs] 1025549K->815179K(1546688K), 0.0098620 secs] [Times: user=0.02 sys=0.00, real=0.01 secs] 
96968.030: [GC 96968.030: [ParNew: 210594K->1067K(235968K), 0.0075530 secs] 1024971K->815494K(1546688K), 0.0077780 secs] [Times: user=0.03 sys=0.00, real=0.00 secs] 
96989.677: [GC 96989.677: [ParNew: 210837K->1139K(235968K), 0.0122130 secs] 1025264K->815611K(1546688K), 0.0124880 secs] [Times: user=0.05 sys=0.00, real=0.01 secs] 
96990.947: [GC 96990.947: [ParNew: 210929K->1220K(235968K), 0.0065780 secs] 1025401K->815779K(1546688K), 0.0068230 secs] [Times: user=0.03 sys=0.00, real=0.00 secs] 
97000.318: [GC 97000.318: [ParNew: 211012K->657K(235968K), 0.0285400 secs] 1025571K->815368K(1546688K), 0.0288440 secs] [Times: user=0.09 sys=0.00, real=0.03 secs] 
97020.387: [GC 97020.387: [ParNew: 210449K->1026K(235968K), 0.0093800 secs] 1025160K->815797K(1546688K), 0.0095820 secs] [Times: user=0.03 sys=0.00, real=0.01 secs] 
97026.272: [GC 97026.272: [ParNew: 210740K->889K(235968K), 0.0128230 secs] 1025511K->815702K(1546688K), 0.0131150 secs] [Times: user=0.04 sys=0.01, real=0.01 secs] 
97040.239: [GC 97040.239: [ParNew: 210681K->1226K(235968K), 0.0068850 secs] 1025494K->816097K(1546688K), 0.0071720 secs] [Times: user=0.03 sys=0.00, real=0.00 secs] 
97050.602: [GC 97050.602: [ParNew: 211018K->1667K(235968K), 0.0153720 secs] 1025889K->816588K(1546688K), 0.0156390 secs] [Times: user=0.03 sys=0.00, real=0.02 secs] 
97056.445: [GC 97056.445: [ParNew: 211459K->1606K(235968K), 0.0081450 secs] 1026380K->816584K(1546688K), 0.0084310 secs] [Times: user=0.03 sys=0.00, real=0.00 secs] 
97080.380: [GC 97080.380: [ParNew: 211398K->1159K(235968K), 0.0080300 secs] 1026376K->816190K(1546688K), 0.0083090 secs] [Times: user=0.03 sys=0.00, real=0.01 secs] 
97086.252: [GC 97086.252: [ParNew: 210923K->1318K(235968K), 0.0119360 secs] 1025954K->816403K(1546688K), 0.0122100 secs] [Times: user=0.03 sys=0.00, real=0.01 secs] 
97100.223: [GC 97100.223: [ParNew: 211110K->1036K(235968K), 0.0084020 secs] 1026195K->816421K(1546688K), 0.0086480 secs] [Times: user=0.03 sys=0.01, real=0.01 secs] 
97110.243: [GC 97110.243: [ParNew: 210828K->1378K(235968K), 0.0079590 secs] 1026213K->816809K(1546688K), 0.0082100 secs] [Times: user=0.03 sys=0.00, real=0.01 secs] 
97116.420: [GC 97116.420: [ParNew: 211170K->838K(235968K), 0.0109580 secs] 1026601K->816439K(1546688K), 0.0112410 secs] [Times: user=0.04 sys=0.00, real=0.01 secs] 
97125.134: [GC 97125.135: [ParNew: 210561K->879K(235968K), 0.0078870 secs] 1026162K->816544K(1546688K), 0.0081400 secs] [Times: user=0.03 sys=0.00, real=0.00 secs] 
97142.123: [GC 97142.123: [ParNew: 210671K->1197K(235968K), 0.0061540 secs] 1026336K->816922K(1546688K), 0.0064320 secs] [Times: user=0.03 sys=0.00, real=0.00 secs] 
97148.070: [GC 97148.070: [ParNew: 210989K->1189K(235968K), 0.0055070 secs] 1026714K->816954K(1546688K), 0.0057690 secs] [Times: user=0.03 sys=0.00, real=0.00 secs] 
97169.708: [GC 97169.708: [ParNew: 210981K->1142K(235968K), 0.0086490 secs] 1026746K->816966K(1546688K), 0.0089200 secs] [Times: user=0.02 sys=0.00, real=0.01 secs] 
97170.979: [GC 97170.979: [ParNew: 210934K->1109K(235968K), 0.0054600 secs] 1026758K->817005K(1546688K), 0.0057240 secs] [Times: user=0.03 sys=0.01, real=0.00 secs] 
97185.081: [GC 97185.082: [ParNew: 210901K->1045K(235968K), 0.0260030 secs] 1026797K->817230K(1546688K), 0.0262980 secs] [Times: user=0.04 sys=0.00, real=0.03 secs] 
97202.112: [GC 97202.112: [ParNew: 210814K->1067K(235968K), 0.0070750 secs] 1026999K->817306K(1546688K), 0.0073340 secs] [Times: user=0.03 sys=0.00, real=0.00 secs] 
97208.062: [GC 97208.062: [ParNew: 210753K->969K(235968K), 0.0067710 secs] 1026992K->817253K(1546688K), 0.0070550 secs] [Times: user=0.03 sys=0.00, real=0.00 secs] 
97224.341: [GC 97224.341: [ParNew: 210760K->578K(235968K), 0.0225570 secs] 1027045K->816919K(1546688K), 0.0228790 secs] [Times: user=0.05 sys=0.00, real=0.02 secs] 
97230.962: [GC 97230.962: [ParNew: 210336K->1489K(235968K), 0.0077900 secs] 1026677K->817883K(1546688K), 0.0080630 secs] [Times: user=0.04 sys=0.00, real=0.01 secs] 
97236.929: [GC 97236.929: [ParNew: 211249K->838K(235968K), 0.0107640 secs] 1027642K->817287K(1546688K), 0.0110540 secs] [Times: user=0.03 sys=0.00, real=0.01 secs] 
97261.735: [GC 97261.735: [ParNew: 210618K->1147K(235968K), 0.0086780 secs] 1027066K->817657K(1546688K), 0.0089430 secs] [Times: user=0.03 sys=0.00, real=0.01 secs] 
97266.449: [GC 97266.449: [ParNew: 210939K->1067K(235968K), 0.0071390 secs] 1027449K->817627K(1546688K), 0.0074390 secs] [Times: user=0.03 sys=0.00, real=0.01 secs] 
97280.287: [GC 97280.287: [ParNew: 210859K->937K(235968K), 0.0058540 secs] 1027419K->817667K(1546688K), 0.0061190 secs] [Times: user=0.03 sys=0.00, real=0.01 secs] 
97290.970: [GC 97290.971: [ParNew: 210607K->1165K(235968K), 0.0065690 secs] 1027337K->817939K(1546688K), 0.0068520 secs] [Times: user=0.03 sys=0.00, real=0.01 secs] 
97296.937: [GC 97296.937: [ParNew: 210918K->1321K(235968K), 0.0062900 secs] 1027692K->818213K(1546688K), 0.0065570 secs] [Times: user=0.03 sys=0.00, real=0.00 secs] 
97320.465: [GC 97320.465: [ParNew: 211008K->756K(235968K), 0.0192100 secs] 1027900K->817726K(1546688K), 0.0194520 secs] [Times: user=0.02 sys=0.00, real=0.02 secs] 
97326.450: [GC 97326.450: [ParNew: 210548K->851K(235968K), 0.0074320 secs] 1027518K->817879K(1546688K), 0.0076690 secs] [Times: user=0.03 sys=0.00, real=0.01 secs] 
97340.298: [GC 97340.299: [ParNew: 210616K->1162K(235968K), 0.0082650 secs] 1027644K->818255K(1546688K), 0.0085090 secs] [Times: user=0.03 sys=0.00, real=0.01 secs] 
97350.986: [GC 97350.986: [ParNew: 210924K->915K(235968K), 0.0106540 secs] 1028018K->818052K(1546688K), 0.0109060 secs] [Times: user=0.03 sys=0.00, real=0.01 secs] 
97365.112: [GC 97365.112: [ParNew: 210707K->771K(235968K), 0.0275600 secs] 1027844K->818003K(1546688K), 0.0278340 secs] [Times: user=0.05 sys=0.00, real=0.03 secs] 
97382.155: [GC 97382.155: [ParNew: 210563K->862K(235968K), 0.0218240 secs] 1027795K->818148K(1546688K), 0.0225490 secs] [Times: user=0.07 sys=0.00, real=0.02 secs] 
97388.087: [GC 97388.087: [ParNew: 210649K->1150K(235968K), 0.0074890 secs] 1027936K->818491K(1546688K), 0.0077780 secs] [Times: user=0.03 sys=0.00, real=0.01 secs] 
97400.283: [GC 97400.284: [ParNew: 210942K->1293K(235968K), 0.0060880 secs] 1028283K->818695K(1546688K), 0.0063760 secs] [Times: user=0.03 sys=0.00, real=0.00 secs] 
97410.682: [GC 97410.682: [ParNew: 211078K->1160K(235968K), 0.0063210 secs] 1028480K->818610K(1546688K), 0.0065870 secs] [Times: user=0.02 sys=0.00, real=0.01 secs] 
97416.934: [GC 97416.934: [ParNew: 210896K->871K(235968K), 0.0075300 secs] 1028345K->818378K(1546688K), 0.0078280 secs] [Times: user=0.04 sys=0.00, real=0.01 secs] 
97440.459: [GC 97440.459: [ParNew: 210663K->822K(235968K), 0.0103880 secs] 1028170K->818384K(1546688K), 0.0106050 secs] [Times: user=0.03 sys=0.00, real=0.01 secs] 
97446.451: [GC 97446.451: [ParNew: 210614K->1220K(235968K), 0.0059190 secs] 1028176K->818859K(1546688K), 0.0061240 secs] [Times: user=0.03 sys=0.00, real=0.01 secs] 
97460.299: [GC 97460.299: [ParNew: 211012K->1065K(235968K), 0.0107520 secs] 1028651K->818760K(1546688K), 0.0109650 secs] [Times: user=0.03 sys=0.01, real=0.01 secs] 
97470.695: [GC 97470.695: [ParNew: 210843K->1045K(235968K), 0.0084490 secs] 1028538K->818796K(1546688K), 0.0086920 secs] [Times: user=0.03 sys=0.00, real=0.01 secs] 
97476.944: [GC 97476.944: [ParNew: 210837K->949K(235968K), 0.0105790 secs] 1028588K->818754K(1546688K), 0.0109330 secs] [Times: user=0.03 sys=0.00, real=0.01 secs] 
97500.482: [GC 97500.483: [ParNew: 210741K->747K(235968K), 0.0064800 secs] 1028546K->818606K(1546688K), 0.0066970 secs] [Times: user=0.03 sys=0.00, real=0.01 secs] 
97506.486: [GC 97506.487: [ParNew: 210539K->790K(235968K), 0.0055210 secs] 1028398K->818704K(1546688K), 0.0057140 secs] [Times: user=0.03 sys=0.00, real=0.00 secs] 
97520.320: [GC 97520.320: [ParNew: 210582K->1002K(235968K), 0.0070270 secs] 1028496K->818965K(1546688K), 0.0072410 secs] [Times: user=0.03 sys=0.00, real=0.01 secs] 
97530.715: [GC 97530.715: [ParNew: 210774K->910K(235968K), 0.0093900 secs] 1028737K->818929K(1546688K), 0.0095880 secs] [Times: user=0.03 sys=0.00, real=0.01 secs] 
97536.944: [GC 97536.944: [ParNew: 210702K->964K(235968K), 0.0138500 secs] 1028721K->819035K(1546688K), 0.0141120 secs] [Times: user=0.03 sys=0.00, real=0.01 secs] 
97560.497: [GC 97560.497: [ParNew: 210756K->786K(235968K), 0.0091180 secs] 1028827K->818923K(1546688K), 0.0093330 secs] [Times: user=0.03 sys=0.00, real=0.01 secs] 
97566.502: [GC 97566.503: [ParNew: 210578K->758K(235968K), 0.0070730 secs] 1028715K->818952K(1546688K), 0.0072820 secs] [Times: user=0.02 sys=0.00, real=0.01 secs] 
97580.339: [GC 97580.339: [ParNew: 210526K->1109K(235968K), 0.0062350 secs] 1028719K->819358K(1546688K), 0.0064900 secs] [Times: user=0.03 sys=0.00, real=0.01 secs] 
97591.011: [GC 97591.011: [ParNew: 210901K->1126K(235968K), 0.0083320 secs] 1029150K->819432K(1546688K), 0.0085400 secs] [Times: user=0.03 sys=0.01, real=0.00 secs] 
97600.399: [GC 97600.399: [ParNew: 210918K->538K(235968K), 0.0103720 secs] 1029224K->818894K(1546688K), 0.0105880 secs] [Times: user=0.03 sys=0.00, real=0.01 secs] 
97622.199: [GC 97622.199: [ParNew: 210330K->1067K(235968K), 0.0062740 secs] 1028686K->819471K(1546688K), 0.0065560 secs] [Times: user=0.03 sys=0.00, real=0.01 secs] 
97628.145: [GC 97628.146: [ParNew: 210859K->1097K(235968K), 0.0090420 secs] 1029263K->819545K(1546688K), 0.0093040 secs] [Times: user=0.02 sys=0.00, real=0.01 secs] 
97649.813: [GC 97649.813: [ParNew: 210842K->865K(235968K), 0.0054460 secs] 1029289K->819362K(1546688K), 0.0056640 secs] [Times: user=0.02 sys=0.00, real=0.00 secs] 
97654.475: [GC 97654.475: [ParNew: 210657K->623K(235968K), 0.0065820 secs] 1029154K->819164K(1546688K), 0.0069210 secs] [Times: user=0.03 sys=0.00, real=0.01 secs] 
97665.218: [GC 97665.218: [ParNew: 210313K->804K(235968K), 0.0137590 secs] 1028854K->819392K(1546688K), 0.0140430 secs] [Times: user=0.04 sys=0.00, real=0.02 secs] 
97682.224: [GC 97682.224: [ParNew: 210596K->586K(235968K), 0.0077120 secs] 1029184K->819321K(1546688K), 0.0079610 secs] [Times: user=0.02 sys=0.01, real=0.01 secs] 
97688.172: [GC 97688.172: [ParNew: 210331K->986K(235968K), 0.0055140 secs] 1029065K->819777K(1546688K), 0.0057220 secs] [Times: user=0.03 sys=0.00, real=0.01 secs] 
97709.839: [GC 97709.839: [ParNew: 210778K->745K(235968K), 0.0053970 secs] 1029569K->819578K(1546688K), 0.0056160 secs] [Times: user=0.03 sys=0.00, real=0.01 secs] 
97715.280: [GC 97715.281: [ParNew: 210517K->665K(235968K), 0.0111370 secs] 1029351K->819552K(1546688K), 0.0113460 secs] [Times: user=0.03 sys=0.00, real=0.02 secs] 
97725.237: [GC 97725.237: [ParNew: 210457K->1241K(235968K), 0.0070360 secs] 1029344K->820177K(1546688K), 0.0073140 secs] [Times: user=0.02 sys=0.01, real=0.01 secs] 
97742.227: [GC 97742.227: [ParNew: 210988K->1184K(235968K), 0.0072480 secs] 1029923K->820178K(1546688K), 0.0075360 secs] [Times: user=0.04 sys=0.00, real=0.00 secs] 
97748.153: [GC 97748.154: [ParNew: 210976K->1253K(235968K), 0.0076730 secs] 1029970K->820307K(1546688K), 0.0079500 secs] [Times: user=0.03 sys=0.00, real=0.01 secs] 
97760.373: [GC 97760.373: [ParNew: 211045K->1182K(235968K), 0.0083660 secs] 1030099K->820297K(1546688K), 0.0085680 secs] [Times: user=0.03 sys=0.00, real=0.01 secs] 
97770.773: [GC 97770.773: [ParNew: 210974K->1195K(235968K), 0.0090450 secs] 1030089K->820365K(1546688K), 0.0092820 secs] [Times: user=0.03 sys=0.00, real=0.01 secs] 
97777.001: [GC 97777.001: [ParNew: 210934K->836K(235968K), 0.0101520 secs] 1030104K->820081K(1546688K), 0.0104840 secs] [Times: user=0.03 sys=0.00, real=0.02 secs] 
97800.547: [GC 97800.548: [ParNew: 210624K->871K(235968K), 0.0066670 secs] 1029868K->820157K(1546688K), 0.0069340 secs] [Times: user=0.03 sys=0.00, real=0.00 secs] 
97806.588: [GC 97806.588: [ParNew: 210663K->741K(235968K), 0.0136050 secs] 1029949K->820077K(1546688K), 0.0138530 secs] [Times: user=0.04 sys=0.00, real=0.01 secs] 
97823.903: [GC 97823.903: [ParNew: 210533K->508K(235968K), 0.0071910 secs] 1029869K->819901K(1546688K), 0.0074920 secs] [Times: user=0.02 sys=0.01, real=0.01 secs] 
97831.055: [GC 97831.055: [ParNew: 210300K->841K(235968K), 0.0068810 secs] 1029693K->820278K(1546688K), 0.0071540 secs] [Times: user=0.02 sys=0.00, real=0.01 secs] 
97845.257: [GC 97845.258: [ParNew: 210633K->911K(235968K), 0.0134650 secs] 1030070K->820386K(1546688K), 0.0137410 secs] [Times: user=0.03 sys=0.00, real=0.02 secs] 
97862.245: [GC 97862.245: [ParNew: 210703K->1454K(235968K), 0.0056720 secs] 1030178K->820987K(1546688K), 0.0059630 secs] [Times: user=0.02 sys=0.00, real=0.01 secs] 
97868.184: [GC 97868.184: [ParNew: 211239K->1455K(235968K), 0.0074020 secs] 1030772K->821034K(1546688K), 0.0075980 secs] [Times: user=0.03 sys=0.00, real=0.01 secs] 
97889.860: [GC 97889.860: [ParNew: 211247K->626K(235968K), 0.0087060 secs] 1030826K->820254K(1546688K), 0.0089960 secs] [Times: user=0.02 sys=0.00, real=0.01 secs] 
97895.293: [GC 97895.294: [ParNew: 210418K->897K(235968K), 0.0052630 secs] 1030046K->820589K(1546688K), 0.0055140 secs] [Times: user=0.03 sys=0.00, real=0.00 secs] 
97905.302: [GC 97905.302: [ParNew: 210631K->1103K(235968K), 0.0088100 secs] 1030323K->820838K(1546688K), 0.0091120 secs] [Times: user=0.03 sys=0.00, real=0.01 secs] 
97922.275: [GC 97922.275: [ParNew: 210895K->1296K(235968K), 0.0057200 secs] 1030630K->821085K(1546688K), 0.0059990 secs] [Times: user=0.02 sys=0.00, real=0.01 secs] 
97928.207: [GC 97928.207: [ParNew: 211049K->1158K(235968K), 0.0058530 secs] 1030838K->821006K(1546688K), 0.0061300 secs] [Times: user=0.03 sys=0.00, real=0.01 secs] 
97942.273: [GC 97942.274: [ParNew: 210950K->938K(235968K), 0.0083020 secs] 1030798K->820845K(1546688K), 0.0085900 secs] [Times: user=0.03 sys=0.00, real=0.01 secs] 
97951.057: [GC 97951.057: [ParNew: 210730K->1185K(235968K), 0.0055630 secs] 1030637K->821164K(1546688K), 0.0058570 secs] [Times: user=0.03 sys=0.01, real=0.00 secs] 
97957.640: [GC 97957.640: [ParNew: 210977K->870K(235968K), 0.0053840 secs] 1030956K->820904K(1546688K), 0.0056460 secs] [Times: user=0.03 sys=0.00, real=0.01 secs] 
97980.548: [GC 97980.548: [ParNew: 210662K->1101K(235968K), 0.0064580 secs] 1030696K->821189K(1546688K), 0.0067310 secs] [Times: user=0.04 sys=0.00, real=0.01 secs] 
97985.857: [GC 97985.857: [ParNew: 210893K->1056K(235968K), 0.0062830 secs] 1030981K->821291K(1546688K), 0.0065310 secs] [Times: user=0.03 sys=0.00, real=0.01 secs] 
97995.685: [GC 97995.685: [ParNew: 210848K->1002K(235968K), 0.0321860 secs] 1031083K->821300K(1546688K), 0.0325160 secs] [Times: user=0.08 sys=0.00, real=0.04 secs] 
98010.375: [GC 98010.375: [ParNew: 210794K->1088K(235968K), 0.0064180 secs] 1031092K->821436K(1546688K), 0.0066860 secs] [Times: user=0.03 sys=0.00, real=0.00 secs] 
98016.604: [GC 98016.604: [ParNew: 210880K->1372K(235968K), 0.0086610 secs] 1031228K->821916K(1546688K), 0.0089550 secs] [Times: user=0.03 sys=0.01, real=0.00 secs] 
98034.389: [GC 98034.390: [ParNew: 211164K->1091K(235968K), 0.0077290 secs] 1031708K->821836K(1546688K), 0.0080210 secs] [Times: user=0.03 sys=0.00, real=0.01 secs] 
98043.534: [GC 98043.534: [ParNew: 210829K->1221K(235968K), 0.0058280 secs] 1031574K->822020K(1546688K), 0.0060920 secs] [Times: user=0.03 sys=0.00, real=0.01 secs] 
98055.663: [GC 98055.663: [ParNew: 211013K->914K(235968K), 0.0302120 secs] 1031812K->821762K(1546688K), 0.0305420 secs] [Times: user=0.03 sys=0.00, real=0.03 secs] 
98069.913: [GC 98069.914: [ParNew: 210706K->990K(235968K), 0.0079390 secs] 1031554K->821900K(1546688K), 0.0082310 secs] [Times: user=0.02 sys=0.00, real=0.01 secs] 
98075.321: [GC 98075.321: [ParNew: 210782K->1130K(235968K), 0.0079760 secs] 1031692K->822072K(1546688K), 0.0081760 secs] [Times: user=0.03 sys=0.00, real=0.01 secs] 
98085.316: [GC 98085.316: [ParNew: 210916K->921K(235968K), 0.0261220 secs] 1031857K->821924K(1546688K), 0.0264380 secs] [Times: user=0.05 sys=0.00, real=0.03 secs] 
98102.308: [GC 98102.308: [ParNew: 210713K->1009K(235968K), 0.0085750 secs] 1031716K->822072K(1546688K), 0.0088260 secs] [Times: user=0.03 sys=0.00, real=0.01 secs] 
98108.238: [GC 98108.239: [ParNew: 210780K->1105K(235968K), 0.0076080 secs] 1031843K->822205K(1546688K), 0.0078210 secs] [Times: user=0.03 sys=0.00, real=0.01 secs] 
98129.908: [GC 98129.909: [ParNew: 210897K->1353K(235968K), 0.0088020 secs] 1031997K->822510K(1546688K), 0.0090690 secs] [Times: user=0.03 sys=0.00, real=0.01 secs] 
98133.869: [GC 98133.869: [ParNew: 211145K->763K(235968K), 0.0050430 secs] 1032302K->822003K(1546688K), 0.0053090 secs] [Times: user=0.03 sys=0.00, real=0.01 secs] 
98145.324: [GC 98145.324: [ParNew: 210555K->1324K(235968K), 0.0105140 secs] 1031795K->822617K(1546688K), 0.0107990 secs] [Times: user=0.03 sys=0.00, real=0.01 secs] 
98160.614: [GC 98160.614: [ParNew: 211116K->1166K(235968K), 0.0079840 secs] 1032409K->822521K(1546688K), 0.0082650 secs] [Times: user=0.04 sys=0.00, real=0.01 secs] 
98166.640: [GC 98166.640: [ParNew: 210933K->1017K(235968K), 0.0057370 secs] 1032288K->822431K(1546688K), 0.0060120 secs] [Times: user=0.03 sys=0.00, real=0.00 secs] 
98180.438: [GC 98180.439: [ParNew: 210788K->1549K(235968K), 0.0059400 secs] 1032202K->823007K(1546688K), 0.0062170 secs] [Times: user=0.04 sys=0.00, real=0.00 secs] 
98190.832: [GC 98190.833: [ParNew: 211326K->1473K(235968K), 0.0046620 secs] 1032784K->822987K(1546688K), 0.0049300 secs] [Times: user=0.03 sys=0.00, real=0.01 secs] 
98197.031: [GC 98197.031: [ParNew: 211216K->1464K(235968K), 0.0080490 secs] 1032729K->823058K(1546688K), 0.0083420 secs] [Times: user=0.04 sys=0.01, real=0.01 secs] 
98216.113: [GC 98216.113: [ParNew: 211256K->1446K(235968K), 0.0058510 secs] 1032850K->823295K(1546688K), 0.0061530 secs] [Times: user=0.04 sys=0.01, real=0.00 secs] 
98223.732: [GC 98223.732: [ParNew: 211202K->1683K(235968K), 0.0048560 secs] 1033050K->823622K(1546688K), 0.0051210 secs] [Times: user=0.03 sys=0.00, real=0.00 secs] 
98235.701: [GC 98235.702: [ParNew: 211475K->1424K(235968K), 0.0259320 secs] 1033414K->823460K(1546688K), 0.0262620 secs] [Times: user=0.06 sys=0.00, real=0.02 secs] 
98250.401: [GC 98250.402: [ParNew: 211216K->1511K(235968K), 0.0086940 secs] 1033252K->823604K(1546688K), 0.0089380 secs] [Times: user=0.03 sys=0.00, real=0.01 secs] 
98256.662: [GC 98256.663: [ParNew: 211303K->970K(235968K), 0.0080670 secs] 1033396K->823709K(1546688K), 0.0083310 secs] [Times: user=0.03 sys=0.00, real=0.01 secs] 
98276.066: [GC 98276.067: [ParNew: 210762K->797K(235968K), 0.0064730 secs] 1033501K->823591K(1546688K), 0.0067540 secs] [Times: user=0.03 sys=0.00, real=0.01 secs] 
98283.584: [GC 98283.584: [ParNew: 210589K->1041K(235968K), 0.0060450 secs] 1033383K->823889K(1546688K), 0.0063330 secs] [Times: user=0.03 sys=0.00, real=0.00 secs] 
98295.696: [GC 98295.696: [ParNew: 210807K->802K(235968K), 0.0074990 secs] 1033655K->823708K(1546688K), 0.0077970 secs] [Times: user=0.03 sys=0.00, real=0.01 secs] 
98310.405: [GC 98310.405: [ParNew: 210492K->1013K(235968K), 0.0080440 secs] 1033399K->823983K(1546688K), 0.0082530 secs] [Times: user=0.04 sys=0.00, real=0.01 secs] 
98316.666: [GC 98316.666: [ParNew: 210805K->1067K(235968K), 0.0049880 secs] 1033775K->824084K(1546688K), 0.0052010 secs] [Times: user=0.03 sys=0.00, real=0.00 secs] 
98336.085: [GC 98336.085: [ParNew: 210858K->1328K(235968K), 0.0046710 secs] 1033875K->824402K(1546688K), 0.0049540 secs] [Times: user=0.04 sys=0.00, real=0.00 secs] 
98343.610: [GC 98343.610: [ParNew: 211120K->1473K(235968K), 0.0114510 secs] 1034194K->824602K(1546688K), 0.0117440 secs] [Times: user=0.05 sys=0.00, real=0.02 secs] 
98355.706: [GC 98355.706: [ParNew: 211246K->1985K(235968K), 0.0101660 secs] 1034375K->825163K(1546688K), 0.0104790 secs] [Times: user=0.04 sys=0.01, real=0.01 secs] 
98370.404: [GC 98370.404: [ParNew: 211777K->2225K(235968K), 0.0105630 secs] 1034955K->825466K(1546688K), 0.0108420 secs] [Times: user=0.03 sys=0.00, real=0.01 secs] 
98376.668: [GC 98376.668: [ParNew: 211997K->2545K(235968K), 0.0075370 secs] 1035238K->825852K(1546688K), 0.0078260 secs] [Times: user=0.03 sys=0.00, real=0.00 secs] 
98396.085: [GC 98396.085: [ParNew: 212337K->1590K(235968K), 0.0126320 secs] 1035644K->825516K(1546688K), 0.0129180 secs] [Times: user=0.05 sys=0.01, real=0.01 secs] 
98403.618: [GC 98403.619: [ParNew: 211377K->1261K(235968K), 0.0071710 secs] 1035303K->825244K(1546688K), 0.0074300 secs] [Times: user=0.03 sys=0.00, real=0.01 secs] 
98415.720: [GC 98415.720: [ParNew: 211053K->1092K(235968K), 0.0062970 secs] 1035036K->825161K(1546688K), 0.0066100 secs] [Times: user=0.03 sys=0.00, real=0.01 secs] 
98430.414: [GC 98430.414: [ParNew: 210837K->1044K(235968K), 0.0086840 secs] 1034906K->825164K(1546688K), 0.0089630 secs] [Times: user=0.03 sys=0.00, real=0.01 secs] 
98436.679: [GC 98436.679: [ParNew: 210836K->1178K(235968K), 0.0089850 secs] 1034956K->825352K(1546688K), 0.0092550 secs] [Times: user=0.03 sys=0.00, real=0.01 secs] 
98456.089: [GC 98456.090: [ParNew: 210970K->1162K(235968K), 0.0056060 secs] 1035144K->825395K(1546688K), 0.0058830 secs] [Times: user=0.03 sys=0.00, real=0.01 secs] 
98463.622: [GC 98463.622: [ParNew: 210954K->864K(235968K), 0.0047370 secs] 1035187K->825301K(1546688K), 0.0050210 secs] [Times: user=0.03 sys=0.01, real=0.01 secs] 
98475.727: [GC 98475.727: [ParNew: 210656K->944K(235968K), 0.0050240 secs] 1035093K->825432K(1546688K), 0.0053030 secs] [Times: user=0.03 sys=0.00, real=0.01 secs] 
98490.416: [GC 98490.416: [ParNew: 210723K->1032K(235968K), 0.0046680 secs] 1035211K->825568K(1546688K), 0.0049750 secs] [Times: user=0.03 sys=0.00, real=0.01 secs] 
98496.686: [GC 98496.686: [ParNew: 210821K->1225K(235968K), 0.0055640 secs] 1035358K->825901K(1546688K), 0.0058380 secs] [Times: user=0.03 sys=0.01, real=0.01 secs] 
98516.101: [GC 98516.101: [ParNew: 211017K->1021K(235968K), 0.0125380 secs] 1035693K->825751K(1546688K), 0.0127930 secs] [Times: user=0.03 sys=0.00, real=0.01 secs] 
98523.650: [GC 98523.650: [ParNew: 210813K->1001K(235968K), 0.0073780 secs] 1035543K->825784K(1546688K), 0.0076580 secs] [Times: user=0.03 sys=0.00, real=0.01 secs] 
98535.750: [GC 98535.750: [ParNew: 210793K->661K(235968K), 0.0068910 secs] 1035576K->825625K(1546688K), 0.0071500 secs] [Times: user=0.03 sys=0.01, real=0.01 secs] 
98550.443: [GC 98550.443: [ParNew: 210439K->883K(235968K), 0.0092090 secs] 1035403K->825900K(1546688K), 0.0094830 secs] [Times: user=0.04 sys=0.00, real=0.01 secs] 
98556.712: [GC 98556.713: [ParNew: 210664K->955K(235968K), 0.0061590 secs] 1035681K->826026K(1546688K), 0.0064450 secs] [Times: user=0.03 sys=0.00, real=0.01 secs] 
98576.113: [GC 98576.114: [ParNew: 210747K->795K(235968K), 0.0071560 secs] 1035818K->825920K(1546688K), 0.0078910 secs] [Times: user=0.03 sys=0.01, real=0.01 secs] 
98583.660: [GC 98583.661: [ParNew: 210587K->967K(235968K), 0.0064920 secs] 1035712K->826147K(1546688K), 0.0067550 secs] [Times: user=0.02 sys=0.00, real=0.01 secs] 
98595.765: [GC 98595.765: [ParNew: 210759K->978K(235968K), 0.0096720 secs] 1035939K->826206K(1546688K), 0.0098920 secs] [Times: user=0.03 sys=0.00, real=0.01 secs] 
98610.452: [GC 98610.452: [ParNew: 210770K->1037K(235968K), 0.0060650 secs] 1035998K->826328K(1546688K), 0.0063490 secs] [Times: user=0.03 sys=0.00, real=0.00 secs] 
98616.727: [GC 98616.727: [ParNew: 210829K->1119K(235968K), 0.0045220 secs] 1036120K->826454K(1546688K), 0.0048020 secs] [Times: user=0.03 sys=0.00, real=0.01 secs] 
98636.121: [GC 98636.121: [ParNew: 210911K->996K(235968K), 0.0047420 secs] 1036246K->826385K(1546688K), 0.0050220 secs] [Times: user=0.03 sys=0.00, real=0.01 secs] 
98643.660: [GC 98643.660: [ParNew: 210788K->1155K(235968K), 0.0048480 secs] 1036177K->826598K(1546688K), 0.0051070 secs] [Times: user=0.04 sys=0.00, real=0.01 secs] 
98655.757: [GC 98655.757: [ParNew: 210947K->1357K(235968K), 0.0050090 secs] 1036390K->826853K(1546688K), 0.0053150 secs] [Times: user=0.03 sys=0.00, real=0.00 secs] 
98670.444: [GC 98670.444: [ParNew: 211149K->1113K(235968K), 0.0047130 secs] 1036645K->826672K(1546688K), 0.0049890 secs] [Times: user=0.04 sys=0.00, real=0.00 secs] 
98676.726: [GC 98676.727: [ParNew: 210866K->1275K(235968K), 0.0060030 secs] 1036425K->826885K(1546688K), 0.0062890 secs] [Times: user=0.03 sys=0.00, real=0.01 secs] 
98696.121: [GC 98696.121: [ParNew: 211030K->1241K(235968K), 0.0048510 secs] 1036640K->826905K(1546688K), 0.0051750 secs] [Times: user=0.03 sys=0.00, real=0.00 secs] 
98703.671: [GC 98703.671: [ParNew: 211033K->693K(235968K), 0.0051670 secs] 1036697K->826542K(1546688K), 0.0054420 secs] [Times: user=0.03 sys=0.00, real=0.01 secs] 
98715.782: [GC 98715.782: [ParNew: 210417K->767K(235968K), 0.0046120 secs] 1036266K->826673K(1546688K), 0.0048770 secs] [Times: user=0.03 sys=0.00, real=0.01 secs] 
98730.467: [GC 98730.467: [ParNew: 210502K->900K(235968K), 0.0045630 secs] 1036408K->826855K(1546688K), 0.0048390 secs] [Times: user=0.02 sys=0.01, real=0.01 secs] 
98736.754: [GC 98736.754: [ParNew: 210635K->822K(235968K), 0.0045460 secs] 1036590K->826821K(1546688K), 0.0047950 secs] [Times: user=0.03 sys=0.00, real=0.00 secs] 
98756.149: [GC 98756.150: [ParNew: 210609K->1044K(235968K), 0.0107970 secs] 1036608K->827101K(1546688K), 0.0111000 secs] [Times: user=0.04 sys=0.00, real=0.01 secs] 
98763.704: [GC 98763.704: [ParNew: 210836K->991K(235968K), 0.0051910 secs] 1036893K->827102K(1546688K), 0.0054840 secs] [Times: user=0.03 sys=0.00, real=0.01 secs] 
98778.369: [GC 98778.369: [ParNew: 210773K->615K(235968K), 0.0046460 secs] 1036884K->826846K(1546688K), 0.0049330 secs] [Times: user=0.03 sys=0.00, real=0.01 secs] 
98790.478: [GC 98790.478: [ParNew: 210391K->987K(235968K), 0.0061360 secs] 1036622K->827279K(1546688K), 0.0064060 secs] [Times: user=0.04 sys=0.00, real=0.01 secs] 
98796.755: [GC 98796.756: [ParNew: 210779K->1141K(235968K), 0.0051290 secs] 1037071K->827484K(1546688K), 0.0054210 secs] [Times: user=0.03 sys=0.00, real=0.01 secs] 
98805.462: [GC 98805.462: [ParNew: 210933K->1371K(235968K), 0.0068290 secs] 1037276K->827769K(1546688K), 0.0072720 secs] [Times: user=0.02 sys=0.00, real=0.00 secs] 
98821.233: [GC 98821.234: [ParNew: 211163K->926K(235968K), 0.0082240 secs] 1037561K->827379K(1546688K), 0.0085000 secs] [Times: user=0.04 sys=0.00, real=0.01 secs] 
98828.348: [GC 98828.348: [ParNew: 210681K->1240K(235968K), 0.0065250 secs] 1037134K->827775K(1546688K), 0.0067110 secs] [Times: user=0.03 sys=0.00, real=0.00 secs] 
98850.152: [GC 98850.152: [ParNew: 211032K->1187K(235968K), 0.0063420 secs] 1037567K->827779K(1546688K), 0.0065960 secs] [Times: user=0.03 sys=0.00, real=0.01 secs] 
98851.185: [GC 98851.185: [ParNew: 210887K->1167K(235968K), 0.0073250 secs] 1037480K->827800K(1546688K), 0.0075870 secs] [Times: user=0.03 sys=0.00, real=0.01 secs] 
98859.206: [GC 98859.207: [ParNew: 210959K->693K(235968K), 0.0077010 secs] 1037592K->827471K(1546688K), 0.0079820 secs] [Times: user=0.03 sys=0.00, real=0.01 secs] 
98880.619: [GC 98880.619: [ParNew: 210485K->869K(235968K), 0.0077400 secs] 1037263K->827707K(1546688K), 0.0080230 secs] [Times: user=0.03 sys=0.01, real=0.00 secs] 
98886.765: [GC 98886.765: [ParNew: 210661K->835K(235968K), 0.0218500 secs] 1037499K->827730K(1546688K), 0.0220770 secs] [Times: user=0.03 sys=0.00, real=0.03 secs] 
98900.562: [GC 98900.562: [ParNew: 210597K->915K(235968K), 0.0082850 secs] 1037493K->827868K(1546688K), 0.0085690 secs] [Times: user=0.03 sys=0.01, real=0.01 secs] 
98910.967: [GC 98910.968: [ParNew: 210707K->888K(235968K), 0.0058240 secs] 1037660K->827884K(1546688K), 0.0061070 secs] [Times: user=0.03 sys=0.00, real=0.01 secs] 
98917.108: [GC 98917.108: [ParNew: 210680K->910K(235968K), 0.0057470 secs] 1037676K->827945K(1546688K), 0.0060230 secs] [Times: user=0.03 sys=0.00, real=0.01 secs] 
98940.737: [GC 98940.737: [ParNew: 210702K->1027K(235968K), 0.0094890 secs] 1037737K->828115K(1546688K), 0.0096840 secs] [Times: user=0.03 sys=0.00, real=0.01 secs] 
98946.784: [GC 98946.784: [ParNew: 210819K->725K(235968K), 0.0139440 secs] 1037907K->827861K(1546688K), 0.0142330 secs] [Times: user=0.02 sys=0.00, real=0.02 secs] 
98960.585: [GC 98960.585: [ParNew: 210517K->1005K(235968K), 0.0062630 secs] 1037653K->828196K(1546688K), 0.0064840 secs] [Times: user=0.02 sys=0.00, real=0.00 secs] 
98970.974: [GC 98970.974: [ParNew: 210797K->1141K(235968K), 0.0064720 secs] 1037988K->828381K(1546688K), 0.0066770 secs] [Times: user=0.03 sys=0.00, real=0.00 secs] 
98976.826: [GC 98976.826: [ParNew: 210918K->893K(235968K), 0.0267940 secs] 1038158K->828183K(1546688K), 0.0271100 secs] [Times: user=0.05 sys=0.00, real=0.03 secs] 
99000.750: [GC 99000.750: [ParNew: 210685K->980K(235968K), 0.0124050 secs] 1037975K->828330K(1546688K), 0.0126700 secs] [Times: user=0.02 sys=0.00, real=0.01 secs] 
99006.326: [GC 99006.326: [ParNew: 210772K->683K(235968K), 0.0107320 secs] 1038122K->828094K(1546688K), 0.0109290 secs] [Times: user=0.02 sys=0.01, real=0.01 secs] 
99015.831: [GC 99015.831: [ParNew: 210444K->1025K(235968K), 0.0100970 secs] 1037855K->828491K(1546688K), 0.0103590 secs] [Times: user=0.03 sys=0.00, real=0.01 secs] 
99030.490: [GC 99030.490: [ParNew: 210817K->823K(235968K), 0.0085720 secs] 1038283K->828333K(1546688K), 0.0088650 secs] [Times: user=0.03 sys=0.00, real=0.01 secs] 
99036.800: [GC 99036.800: [ParNew: 210615K->909K(235968K), 0.0080850 secs] 1038125K->828472K(1546688K), 0.0083240 secs] [Times: user=0.02 sys=0.00, real=0.01 secs] 
99056.180: [GC 99056.180: [ParNew: 210701K->695K(235968K), 0.0049000 secs] 1038264K->828418K(1546688K), 0.0051410 secs] [Times: user=0.03 sys=0.00, real=0.00 secs] 
99063.739: [GC 99063.739: [ParNew: 210487K->808K(235968K), 0.0047860 secs] 1038210K->828585K(1546688K), 0.0050970 secs] [Times: user=0.03 sys=0.00, real=0.00 secs] 
99075.865: [GC 99075.865: [ParNew: 210600K->741K(235968K), 0.0044700 secs] 1038377K->828568K(1546688K), 0.0047200 secs] [Times: user=0.03 sys=0.00, real=0.01 secs] 
99090.516: [GC 99090.516: [ParNew: 210533K->905K(235968K), 0.0062220 secs] 1038360K->828780K(1546688K), 0.0064960 secs] [Times: user=0.03 sys=0.00, real=0.00 secs] 
99095.693: [GC 99095.693: [ParNew: 210697K->859K(235968K), 0.0110900 secs] 1038572K->828791K(1546688K), 0.0113550 secs] [Times: user=0.05 sys=0.01, real=0.02 secs] 
99116.176: [GC 99116.176: [ParNew: 210622K->942K(235968K), 0.0070440 secs] 1038554K->828929K(1546688K), 0.0073110 secs] [Times: user=0.03 sys=0.00, real=0.01 secs] 
99123.746: [GC 99123.746: [ParNew: 210734K->913K(235968K), 0.0061090 secs] 1038721K->828953K(1546688K), 0.0063700 secs] [Times: user=0.03 sys=0.00, real=0.01 secs] 
99135.238: [GC 99135.239: [ParNew: 210705K->1023K(235968K), 0.0107830 secs] 1038745K->829113K(1546688K), 0.0110510 secs] [Times: user=0.03 sys=0.00, real=0.01 secs] 
99150.232: [GC 99150.232: [ParNew: 210815K->1132K(235968K), 0.0081760 secs] 1038905K->829272K(1546688K), 0.0083970 secs] [Times: user=0.03 sys=0.00, real=0.01 secs] 
99155.468: [GC 99155.468: [ParNew: 210924K->1107K(235968K), 0.0069380 secs] 1039064K->829391K(1546688K), 0.0072000 secs] [Times: user=0.03 sys=0.00, real=0.01 secs] 
99165.560: [GC 99165.560: [ParNew: 210883K->841K(235968K), 0.0073920 secs] 1039167K->829180K(1546688K), 0.0076460 secs] [Times: user=0.02 sys=0.00, real=0.01 secs] 
99183.743: [GC 99183.744: [ParNew: 210633K->1093K(235968K), 0.0056170 secs] 1038972K->829570K(1546688K), 0.0058810 secs] [Times: user=0.04 sys=0.00, real=0.00 secs] 
99195.860: [GC 99195.861: [ParNew: 210883K->1033K(235968K), 0.0101960 secs] 1039360K->829574K(1546688K), 0.0104380 secs] [Times: user=0.03 sys=0.00, real=0.01 secs] 
99210.515: [GC 99210.515: [ParNew: 210795K->879K(235968K), 0.0050330 secs] 1039336K->829464K(1546688K), 0.0052470 secs] [Times: user=0.03 sys=0.00, real=0.01 secs] 
99215.504: [GC 99215.504: [ParNew: 210622K->799K(235968K), 0.0054040 secs] 1039206K->829432K(1546688K), 0.0056060 secs] [Times: user=0.03 sys=0.01, real=0.01 secs] 
99225.568: [GC 99225.568: [ParNew: 210567K->805K(235968K), 0.0128570 secs] 1039200K->829494K(1546688K), 0.0130750 secs] [Times: user=0.03 sys=0.00, real=0.01 secs] 
99243.749: [GC 99243.750: [ParNew: 210579K->629K(235968K), 0.0074620 secs] 1039268K->829373K(1546688K), 0.0076790 secs] [Times: user=0.02 sys=0.00, real=0.01 secs] 
99250.382: [GC 99250.382: [ParNew: 210421K->718K(235968K), 0.0057130 secs] 1039165K->829524K(1546688K), 0.0059740 secs] [Times: user=0.03 sys=0.01, real=0.00 secs] 
99270.253: [GC 99270.253: [ParNew: 210442K->1063K(235968K), 0.0063840 secs] 1039248K->829912K(1546688K), 0.0066360 secs] [Times: user=0.03 sys=0.01, real=0.01 secs] 
99275.483: [GC 99275.483: [ParNew: 210844K->1038K(235968K), 0.0061180 secs] 1039693K->829937K(1546688K), 0.0064010 secs] [Times: user=0.03 sys=0.00, real=0.01 secs] 
99285.589: [GC 99285.589: [ParNew: 210827K->747K(235968K), 0.0120510 secs] 1039726K->829697K(1546688K), 0.0122650 secs] [Times: user=0.03 sys=0.00, real=0.01 secs] 
99302.544: [GC 99302.544: [ParNew: 210504K->768K(235968K), 0.0063920 secs] 1039454K->829769K(1546688K), 0.0066840 secs] [Times: user=0.03 sys=0.00, real=0.00 secs] 
99308.471: [GC 99308.471: [ParNew: 210545K->682K(235968K), 0.0071970 secs] 1039547K->829744K(1546688K), 0.0074720 secs] [Times: user=0.03 sys=0.00, real=0.00 secs] 
99330.267: [GC 99330.267: [ParNew: 210474K->963K(235968K), 0.0071640 secs] 1039536K->830085K(1546688K), 0.0073720 secs] [Times: user=0.02 sys=0.00, real=0.01 secs] 
99335.491: [GC 99335.491: [ParNew: 210755K->748K(235968K), 0.0056070 secs] 1039877K->829919K(1546688K), 0.0058960 secs] [Times: user=0.02 sys=0.01, real=0.01 secs] 
99345.592: [GC 99345.592: [ParNew: 210540K->679K(235968K), 0.0071190 secs] 1039711K->829904K(1546688K), 0.0073510 secs] [Times: user=0.02 sys=0.00, real=0.01 secs] 
99362.552: [GC 99362.552: [ParNew: 210439K->1013K(235968K), 0.0072060 secs] 1039664K->830292K(1546688K), 0.0074190 secs] [Times: user=0.03 sys=0.00, real=0.01 secs] 
99368.475: [GC 99368.476: [ParNew: 210805K->926K(235968K), 0.0076710 secs] 1040084K->830266K(1546688K), 0.0078850 secs] [Times: user=0.02 sys=0.00, real=0.01 secs] 
99390.289: [GC 99390.289: [ParNew: 210715K->652K(235968K), 0.0136410 secs] 1040055K->830049K(1546688K), 0.0141030 secs] [Times: user=0.04 sys=0.01, real=0.01 secs] 
99395.507: [GC 99395.508: [ParNew: 210444K->729K(235968K), 0.0097680 secs] 1039841K->830175K(1546688K), 0.0100770 secs] [Times: user=0.02 sys=0.00, real=0.01 secs] 
99407.006: [GC 99407.006: [ParNew: 210521K->661K(235968K), 0.0056920 secs] 1039967K->830160K(1546688K), 0.0059270 secs] [Times: user=0.03 sys=0.00, real=0.00 secs] 
99423.794: [GC 99423.794: [ParNew: 210453K->1375K(235968K), 0.0074510 secs] 1039952K->830922K(1546688K), 0.0076750 secs] [Times: user=0.03 sys=0.00, real=0.00 secs] 
99435.932: [GC 99435.932: [ParNew: 211167K->992K(235968K), 0.0063040 secs] 1040714K->830589K(1546688K), 0.0065310 secs] [Times: user=0.03 sys=0.00, real=0.00 secs] 
99450.555: [GC 99450.555: [ParNew: 210784K->966K(235968K), 0.0085320 secs] 1040381K->830607K(1546688K), 0.0088280 secs] [Times: user=0.03 sys=0.00, real=0.01 secs] 
99456.877: [GC 99456.877: [ParNew: 210758K->933K(235968K), 0.0066210 secs] 1040399K->830631K(1546688K), 0.0069200 secs] [Times: user=0.03 sys=0.00, real=0.01 secs] 
99476.234: [GC 99476.234: [ParNew: 210725K->809K(235968K), 0.0063110 secs] 1040423K->830556K(1546688K), 0.0066050 secs] [Times: user=0.03 sys=0.00, real=0.01 secs] 
99483.815: [GC 99483.816: [ParNew: 210573K->794K(235968K), 0.0049570 secs] 1040321K->830696K(1546688K), 0.0051980 secs] [Times: user=0.03 sys=0.00, real=0.00 secs] 
99495.936: [GC 99495.936: [ParNew: 210586K->1266K(235968K), 0.0121540 secs] 1040488K->831217K(1546688K), 0.0124070 secs] [Times: user=0.04 sys=0.00, real=0.01 secs] 
99510.558: [GC 99510.558: [ParNew: 211058K->1205K(235968K), 0.0078260 secs] 1041009K->831209K(1546688K), 0.0080780 secs] [Times: user=0.03 sys=0.00, real=0.01 secs] 
99516.892: [GC 99516.893: [ParNew: 210997K->1052K(235968K), 0.0096120 secs] 1041001K->831113K(1546688K), 0.0097930 secs] [Times: user=0.03 sys=0.00, real=0.01 secs] 
99536.239: [GC 99536.240: [ParNew: 210844K->752K(235968K), 0.0101790 secs] 1040905K->830872K(1546688K), 0.0104510 secs] [Times: user=0.04 sys=0.00, real=0.01 secs] 
99543.826: [GC 99543.827: [ParNew: 210534K->1059K(235968K), 0.0074360 secs] 1040654K->831248K(1546688K), 0.0076120 secs] [Times: user=0.03 sys=0.00, real=0.01 secs] 
99555.956: [GC 99555.956: [ParNew: 210851K->877K(235968K), 0.0060280 secs] 1041040K->831119K(1546688K), 0.0062490 secs] [Times: user=0.03 sys=0.00, real=0.01 secs] 
99570.579: [GC 99570.579: [ParNew: 210669K->1039K(235968K), 0.0051330 secs] 1040911K->831336K(1546688K), 0.0053890 secs] [Times: user=0.03 sys=0.00, real=0.00 secs] 
99576.924: [GC 99576.924: [ParNew: 210831K->605K(235968K), 0.0163610 secs] 1041128K->831073K(1546688K), 0.0166430 secs] [Times: user=0.03 sys=0.00, real=0.02 secs] 
99596.249: [GC 99596.250: [ParNew: 210397K->933K(235968K), 0.0070330 secs] 1040865K->831457K(1546688K), 0.0073010 secs] [Times: user=0.03 sys=0.00, real=0.01 secs] 
99603.834: [GC 99603.834: [ParNew: 210669K->1050K(235968K), 0.0069540 secs] 1041192K->831628K(1546688K), 0.0072290 secs] [Times: user=0.03 sys=0.00, real=0.01 secs] 
99615.967: [GC 99615.967: [ParNew: 210751K->1150K(235968K), 0.0080790 secs] 1041328K->831777K(1546688K), 0.0083280 secs] [Times: user=0.03 sys=0.00, real=0.01 secs] 
99630.336: [GC 99630.336: [ParNew: 210937K->1043K(235968K), 0.0084170 secs] 1041564K->831732K(1546688K), 0.0087140 secs] [Times: user=0.03 sys=0.00, real=0.01 secs] 
99635.535: [GC 99635.536: [ParNew: 210832K->928K(235968K), 0.0080380 secs] 1041521K->831793K(1546688K), 0.0082960 secs] [Times: user=0.02 sys=0.00, real=0.01 secs] 
99645.652: [GC 99645.652: [ParNew: 210720K->1073K(235968K), 0.0081440 secs] 1041585K->831998K(1546688K), 0.0083630 secs] [Times: user=0.03 sys=0.00, real=0.01 secs] 
99662.624: [GC 99662.624: [ParNew: 210818K->745K(235968K), 0.0059440 secs] 1041742K->831724K(1546688K), 0.0062240 secs] [Times: user=0.03 sys=0.00, real=0.01 secs] 
99674.656: [GC 99674.656: [ParNew: 210537K->686K(235968K), 0.0046860 secs] 1041516K->831706K(1546688K), 0.0049490 secs] [Times: user=0.03 sys=0.01, real=0.00 secs] 
99690.323: [GC 99690.323: [ParNew: 210448K->1180K(235968K), 0.0053130 secs] 1041467K->832294K(1546688K), 0.0055650 secs] [Times: user=0.03 sys=0.00, real=0.00 secs] 
99691.285: [GC 99691.285: [ParNew: 210972K->1119K(235968K), 0.0058740 secs] 1042086K->832285K(1546688K), 0.0061270 secs] [Times: user=0.04 sys=0.00, real=0.01 secs] 
99703.675: [GC 99703.676: [ParNew: 210911K->874K(235968K), 0.0076700 secs] 1042077K->832090K(1546688K), 0.0079180 secs] [Times: user=0.03 sys=0.00, real=0.01 secs] 
99722.588: [GC 99722.588: [ParNew: 210666K->1054K(235968K), 0.0058850 secs] 1041882K->832324K(1546688K), 0.0061970 secs] [Times: user=0.03 sys=0.00, real=0.00 secs] 
99728.514: [GC 99728.514: [ParNew: 210846K->822K(235968K), 0.0085130 secs] 1042116K->832196K(1546688K), 0.0087430 secs] [Times: user=0.03 sys=0.00, real=0.01 secs] 
99742.235: [GC 99742.235: [ParNew: 210614K->640K(235968K), 0.0050170 secs] 1041988K->832058K(1546688K), 0.0053070 secs] [Times: user=0.03 sys=0.00, real=0.00 secs] 
99751.294: [GC 99751.294: [ParNew: 210432K->856K(235968K), 0.0071440 secs] 1041850K->832318K(1546688K), 0.0073470 secs] [Times: user=0.03 sys=0.00, real=0.01 secs] 
99757.248: [GC 99757.249: [ParNew: 210648K->1117K(235968K), 0.0095380 secs] 1042110K->832634K(1546688K), 0.0103380 secs] [Times: user=0.03 sys=0.00, real=0.01 secs] 
99777.019: [GC 99777.019: [ParNew: 210909K->928K(235968K), 0.0100800 secs] 1042426K->832504K(1546688K), 0.0103450 secs] [Times: user=0.03 sys=0.00, real=0.01 secs] 
99783.882: [GC 99783.882: [ParNew: 210711K->877K(235968K), 0.0067320 secs] 1042288K->832622K(1546688K), 0.0069630 secs] [Times: user=0.03 sys=0.00, real=0.01 secs] 
99796.004: [GC 99796.004: [ParNew: 210669K->846K(235968K), 0.0082090 secs] 1042414K->832653K(1546688K), 0.0084750 secs] [Times: user=0.03 sys=0.00, real=0.01 secs] 
99810.601: [GC 99810.601: [ParNew: 210620K->1370K(235968K), 0.0159920 secs] 1042427K->833222K(1546688K), 0.0162630 secs] [Times: user=0.03 sys=0.00, real=0.02 secs] 
99816.958: [GC 99816.959: [ParNew: 211162K->768K(235968K), 0.0313100 secs] 1043014K->832666K(1546688K), 0.0316880 secs] [Times: user=0.06 sys=0.00, real=0.03 secs] 
99830.732: [GC 99830.732: [ParNew: 210560K->783K(235968K), 0.0080190 secs] 1042458K->832735K(1546688K), 0.0082810 secs] [Times: user=0.03 sys=0.00, real=0.01 secs] 
99842.661: [GC 99842.661: [ParNew: 210537K->890K(235968K), 0.0065070 secs] 1042489K->832897K(1546688K), 0.0067960 secs] [Times: user=0.03 sys=0.00, real=0.01 secs] 
99856.002: [GC 99856.003: [ParNew: 210624K->1010K(235968K), 0.0073960 secs] 1042632K->833069K(1546688K), 0.0075960 secs] [Times: user=0.03 sys=0.00, real=0.01 secs] 
99870.362: [GC 99870.362: [ParNew: 210802K->1227K(235968K), 0.0090000 secs] 1042861K->833333K(1546688K), 0.0092000 secs] [Times: user=0.03 sys=0.00, real=0.01 secs] 
99875.566: [GC 99875.566: [ParNew: 211019K->1029K(235968K), 0.0080570 secs] 1043125K->833181K(1546688K), 0.0083290 secs] [Times: user=0.02 sys=0.00, real=0.01 secs] 
99885.700: [GC 99885.700: [ParNew: 210821K->1059K(235968K), 0.0077220 secs] 1042973K->833260K(1546688K), 0.0079250 secs] [Times: user=0.03 sys=0.00, real=0.01 secs] 
99902.658: [GC 99902.658: [ParNew: 210831K->968K(235968K), 0.0112040 secs] 1043032K->833236K(1546688K), 0.0122700 secs] [Times: user=0.02 sys=0.00, real=0.01 secs] 
99908.583: [GC 99908.583: [ParNew: 210760K->437K(235968K), 0.0095550 secs] 1043028K->832897K(1546688K), 0.0098120 secs] [Times: user=0.03 sys=0.00, real=0.01 secs] 
99930.388: [GC 99930.388: [ParNew: 210229K->625K(235968K), 0.0135940 secs] 1042689K->833142K(1546688K), 0.0139450 secs] [Times: user=0.03 sys=0.00, real=0.01 secs] 
99935.584: [GC 99935.584: [ParNew: 210417K->801K(235968K), 0.0094430 secs] 1042934K->833371K(1546688K), 0.0097150 secs] [Times: user=0.03 sys=0.01, real=0.01 secs] 
99945.696: [GC 99945.696: [ParNew: 210591K->985K(235968K), 0.0080580 secs] 1043160K->833613K(1546688K), 0.0083240 secs] [Times: user=0.03 sys=0.00, real=0.01 secs] 
99961.708: [GC 99961.708: [ParNew: 210727K->1431K(235968K), 0.0116430 secs] 1043355K->834113K(1546688K), 0.0118930 secs] [Times: user=0.03 sys=0.00, real=0.01 secs] 
99967.087: [GC 99967.087: [ParNew: 211223K->1796K(235968K), 0.0102280 secs] 1043905K->834531K(1546688K), 0.0104870 secs] [Times: user=0.04 sys=0.00, real=0.02 secs] 
99980.764: [GC 99980.764: [ParNew: 211529K->1925K(235968K), 0.0090560 secs] 1044265K->834720K(1546688K), 0.0092620 secs] [Times: user=0.03 sys=0.00, real=0.01 secs] 
99991.158: [GC 99991.158: [ParNew: 211686K->1922K(235968K), 0.0152030 secs] 1044480K->834767K(1546688K), 0.0154100 secs] [Times: user=0.02 sys=0.01, real=0.01 secs] 
99997.037: [GC 99997.037: [ParNew: 211714K->1569K(235968K), 0.0074460 secs] 1044559K->834452K(1546688K), 0.0077160 secs] [Times: user=0.03 sys=0.00, real=0.01 secs] 
100016.300: [GC 100016.300: [ParNew: 211356K->1346K(235968K), 0.0097350 secs] 1044239K->835072K(1546688K), 0.0099330 secs] [Times: user=0.04 sys=0.00, real=0.01 secs] 
100023.913: [GC 100023.913: [ParNew: 211138K->1093K(235968K), 0.0145890 secs] 1044864K->834869K(1546688K), 0.0148700 secs] [Times: user=0.03 sys=0.00, real=0.01 secs] 
100036.058: [GC 100036.058: [ParNew: 210885K->716K(235968K), 0.0115360 secs] 1044661K->834546K(1546688K), 0.0117880 secs] [Times: user=0.03 sys=0.00, real=0.01 secs] 
100050.636: [GC 100050.636: [ParNew: 210508K->1104K(235968K), 0.0081760 secs] 1044338K->834984K(1546688K), 0.0084040 secs] [Times: user=0.03 sys=0.00, real=0.01 secs] 
100057.020: [GC 100057.020: [ParNew: 210853K->727K(235968K), 0.0225750 secs] 1044733K->834764K(1546688K), 0.0228820 secs] [Times: user=0.02 sys=0.00, real=0.03 secs] 
100072.045: [GC 100072.045: [ParNew: 210519K->899K(235968K), 0.0088770 secs] 1044556K->834991K(1546688K), 0.0091600 secs] [Times: user=0.03 sys=0.00, real=0.01 secs] 
100082.706: [GC 100082.706: [ParNew: 210640K->1008K(235968K), 0.0090130 secs] 1044732K->835154K(1546688K), 0.0092110 secs] [Times: user=0.02 sys=0.00, real=0.01 secs] 
100091.764: [GC 100091.764: [ParNew: 210800K->730K(235968K), 0.0074980 secs] 1044946K->834930K(1546688K), 0.0077860 secs] [Times: user=0.02 sys=0.00, real=0.01 secs] 
100110.424: [GC 100110.425: [ParNew: 210522K->912K(235968K), 0.0390720 secs] 1044722K->835160K(1546688K), 0.0393790 secs] [Times: user=0.06 sys=0.00, real=0.04 secs] 
100115.606: [GC 100115.606: [ParNew: 210704K->756K(235968K), 0.0079190 secs] 1044952K->835055K(1546688K), 0.0081580 secs] [Times: user=0.03 sys=0.00, real=0.01 secs] 
100131.380: [GC 100131.380: [ParNew: 210548K->596K(235968K), 0.0123390 secs] 1044847K->834948K(1546688K), 0.0126090 secs] [Times: user=0.04 sys=0.00, real=0.02 secs] 
100143.923: [GC 100143.923: [ParNew: 210388K->1201K(235968K), 0.0070220 secs] 1044740K->835602K(1546688K), 0.0072380 secs] [Times: user=0.03 sys=0.00, real=0.01 secs] 
100156.083: [GC 100156.084: [ParNew: 210967K->1064K(235968K), 0.0155270 secs] 1045367K->835626K(1546688K), 0.0158640 secs] [Times: user=0.04 sys=0.00, real=0.02 secs] 
100170.643: [GC 100170.643: [ParNew: 210856K->969K(235968K), 0.0090430 secs] 1045418K->835587K(1546688K), 0.0093140 secs] [Times: user=0.03 sys=0.00, real=0.01 secs] 
100175.610: [GC 100175.611: [ParNew: 210761K->976K(235968K), 0.0268370 secs] 1045379K->835647K(1546688K), 0.0270860 secs] [Times: user=0.04 sys=0.00, real=0.03 secs] 
100185.770: [GC 100185.770: [ParNew: 210768K->727K(235968K), 0.0114600 secs] 1045439K->835454K(1546688K), 0.0117240 secs] [Times: user=0.03 sys=0.00, real=0.01 secs] 
100202.710: [GC 100202.711: [ParNew: 210519K->967K(235968K), 0.0069710 secs] 1045246K->835756K(1546688K), 0.0072480 secs] [Times: user=0.02 sys=0.01, real=0.00 secs] 
100208.619: [GC 100208.619: [ParNew: 210730K->910K(235968K), 0.0074000 secs] 1045519K->835753K(1546688K), 0.0076860 secs] [Times: user=0.03 sys=0.00, real=0.01 secs] 
100230.409: [GC 100230.409: [ParNew: 210702K->1326K(235968K), 0.0086980 secs] 1045545K->836213K(1546688K), 0.0088990 secs] [Times: user=0.03 sys=0.00, real=0.01 secs] 
100231.367: [GC 100231.367: [ParNew: 211118K->987K(235968K), 0.0053200 secs] 1046005K->835926K(1546688K), 0.0055570 secs] [Times: user=0.03 sys=0.00, real=0.00 secs] 
100245.761: [GC 100245.761: [ParNew: 210779K->1482K(235968K), 0.0052960 secs] 1045718K->836476K(1546688K), 0.0055810 secs] [Times: user=0.03 sys=0.00, real=0.01 secs] 
100261.045: [GC 100261.045: [ParNew: 211274K->1300K(235968K), 0.0052500 secs] 1046268K->836347K(1546688K), 0.0055360 secs] [Times: user=0.03 sys=0.00, real=0.00 secs] 
100267.172: [GC 100267.173: [ParNew: 211092K->1057K(235968K), 0.0055910 secs] 1046139K->836148K(1546688K), 0.0058320 secs] [Times: user=0.03 sys=0.00, real=0.00 secs] 
100280.853: [GC 100280.853: [ParNew: 210849K->1131K(235968K), 0.0078590 secs] 1045940K->836279K(1546688K), 0.0081400 secs] [Times: user=0.04 sys=0.00, real=0.01 secs] 
100291.225: [GC 100291.225: [ParNew: 210923K->1172K(235968K), 0.0052920 secs] 1046071K->836381K(1546688K), 0.0055450 secs] [Times: user=0.03 sys=0.00, real=0.01 secs] 
100297.291: [GC 100297.291: [ParNew: 210964K->1074K(235968K), 0.0064180 secs] 1046173K->836510K(1546688K), 0.0065930 secs] [Times: user=0.03 sys=0.00, real=0.01 secs] 
100321.010: [GC 100321.010: [ParNew: 210866K->910K(235968K), 0.0051210 secs] 1046302K->836400K(1546688K), 0.0053830 secs] [Times: user=0.03 sys=0.00, real=0.01 secs] 
100326.764: [GC 100326.765: [ParNew: 210702K->888K(235968K), 0.0059650 secs] 1046192K->836528K(1546688K), 0.0062410 secs] [Times: user=0.03 sys=0.00, real=0.01 secs] 
100336.165: [GC 100336.166: [ParNew: 210554K->972K(235968K), 0.0068660 secs] 1046195K->836663K(1546688K), 0.0071100 secs] [Times: user=0.02 sys=0.00, real=0.01 secs] 
100350.695: [GC 100350.695: [ParNew: 210764K->1283K(235968K), 0.0102180 secs] 1046454K->837030K(1546688K), 0.0105120 secs] [Times: user=0.03 sys=0.01, real=0.01 secs] 
100357.094: [GC 100357.094: [ParNew: 211057K->1168K(235968K), 0.0082560 secs] 1046804K->836990K(1546688K), 0.0085250 secs] [Times: user=0.03 sys=0.00, real=0.01 secs] 
100376.348: [GC 100376.348: [ParNew: 210960K->1179K(235968K), 0.0072850 secs] 1046782K->837052K(1546688K), 0.0075800 secs] [Times: user=0.03 sys=0.00, real=0.01 secs] 
100383.981: [GC 100383.981: [ParNew: 210971K->1035K(235968K), 0.0062560 secs] 1046844K->836970K(1546688K), 0.0065290 secs] [Times: user=0.03 sys=0.00, real=0.01 secs] 
100396.155: [GC 100396.155: [ParNew: 210827K->859K(235968K), 0.0095690 secs] 1046762K->837054K(1546688K), 0.0098510 secs] [Times: user=0.03 sys=0.00, real=0.01 secs] 
100410.682: [GC 100410.682: [ParNew: 210604K->1050K(235968K), 0.0080660 secs] 1046799K->837310K(1546688K), 0.0083420 secs] [Times: user=0.03 sys=0.00, real=0.01 secs] 
100415.903: [GC 100415.903: [ParNew: 210842K->651K(235968K), 0.0090100 secs] 1047102K->837086K(1546688K), 0.0092730 secs] [Times: user=0.04 sys=0.00, real=0.01 secs] 
100436.353: [GC 100436.353: [ParNew: 210331K->887K(235968K), 0.0062180 secs] 1046765K->837380K(1546688K), 0.0065060 secs] [Times: user=0.02 sys=0.00, real=0.01 secs] 
100443.996: [GC 100443.996: [ParNew: 210679K->865K(235968K), 0.0108530 secs] 1047172K->837417K(1546688K), 0.0111070 secs] [Times: user=0.03 sys=0.00, real=0.01 secs] 
100456.173: [GC 100456.173: [ParNew: 210657K->780K(235968K), 0.0079010 secs] 1047209K->837381K(1546688K), 0.0081070 secs] [Times: user=0.03 sys=0.00, real=0.01 secs] 
100470.701: [GC 100470.702: [ParNew: 210572K->622K(235968K), 0.0088200 secs] 1047173K->837279K(1546688K), 0.0091160 secs] [Times: user=0.03 sys=0.00, real=0.01 secs] 
100477.109: [GC 100477.110: [ParNew: 210377K->1489K(235968K), 0.0092640 secs] 1047034K->838202K(1546688K), 0.0095430 secs] [Times: user=0.04 sys=0.00, real=0.01 secs] 
100496.371: [GC 100496.371: [ParNew: 211281K->802K(235968K), 0.0082660 secs] 1047994K->837573K(1546688K), 0.0085530 secs] [Times: user=0.03 sys=0.00, real=0.01 secs] 
100504.014: [GC 100504.014: [ParNew: 210594K->969K(235968K), 0.0083910 secs] 1047365K->837801K(1546688K), 0.0086290 secs] [Times: user=0.03 sys=0.00, real=0.00 secs] 
100516.203: [GC 100516.204: [ParNew: 210731K->779K(235968K), 0.0082610 secs] 1047563K->837666K(1546688K), 0.0084710 secs] [Times: user=0.03 sys=0.00, real=0.01 secs] 
100531.252: [GC 100531.252: [ParNew: 210571K->853K(235968K), 0.0071780 secs] 1047458K->837793K(1546688K), 0.0074040 secs] [Times: user=0.03 sys=0.00, real=0.01 secs] 
100537.128: [GC 100537.128: [ParNew: 210645K->1133K(235968K), 0.0160170 secs] 1047585K->838121K(1546688K), 0.0162680 secs] [Times: user=0.03 sys=0.00, real=0.01 secs] 
100556.388: [GC 100556.388: [ParNew: 210925K->858K(235968K), 0.0074580 secs] 1047913K->837903K(1546688K), 0.0077200 secs] [Times: user=0.04 sys=0.00, real=0.01 secs] 
100564.030: [GC 100564.030: [ParNew: 210650K->613K(235968K), 0.0081940 secs] 1047695K->837713K(1546688K), 0.0084490 secs] [Times: user=0.03 sys=0.00, real=0.01 secs] 
100579.645: [GC 100579.645: [ParNew: 210405K->591K(235968K), 0.0069560 secs] 1047505K->837751K(1546688K), 0.0072100 secs] [Times: user=0.03 sys=0.00, real=0.01 secs] 
100591.267: [GC 100591.267: [ParNew: 210383K->1039K(235968K), 0.0065990 secs] 1047543K->838256K(1546688K), 0.0068860 secs] [Times: user=0.03 sys=0.00, real=0.01 secs] 
100597.168: [GC 100597.168: [ParNew: 210831K->3363K(235968K), 0.0082090 secs] 1048048K->840624K(1546688K), 0.0084310 secs] [Times: user=0.04 sys=0.00, real=0.01 secs] 
100619.516: [GC 100619.517: [ParNew: 213155K->911K(235968K), 0.0111720 secs] 1050416K->838226K(1546688K), 0.0114490 secs] [Times: user=0.04 sys=0.00, real=0.01 secs] 
100627.294: [GC 100627.294: [ParNew: 210703K->1112K(235968K), 0.0080570 secs] 1048018K->838483K(1546688K), 0.0083110 secs] [Times: user=0.03 sys=0.00, real=0.00 secs] 
100640.885: [GC 100640.885: [ParNew: 210904K->965K(235968K), 0.0096160 secs] 1048275K->838389K(1546688K), 0.0098300 secs] [Times: user=0.04 sys=0.00, real=0.01 secs] 
100651.285: [GC 100651.285: [ParNew: 210715K->1530K(235968K), 0.0067370 secs] 1048139K->839004K(1546688K), 0.0070350 secs] [Times: user=0.03 sys=0.00, real=0.01 secs] 
100657.336: [GC 100657.336: [ParNew: 211322K->1226K(235968K), 0.0100470 secs] 1048796K->838803K(1546688K), 0.0102430 secs] [Times: user=0.03 sys=0.00, real=0.01 secs] 
100681.098: [GC 100681.098: [ParNew: 211018K->1283K(235968K), 0.0144810 secs] 1048595K->838907K(1546688K), 0.0147590 secs] [Times: user=0.05 sys=0.00, real=0.01 secs] 
100687.327: [GC 100687.328: [ParNew: 211046K->1086K(235968K), 0.0067770 secs] 1048671K->838752K(1546688K), 0.0070540 secs] [Times: user=0.03 sys=0.01, real=0.01 secs] 
100700.915: [GC 100700.915: [ParNew: 210878K->837K(235968K), 0.0084030 secs] 1048544K->838683K(1546688K), 0.0086850 secs] [Times: user=0.04 sys=0.00, real=0.01 secs] 
100711.306: [GC 100711.306: [ParNew: 210629K->629K(235968K), 0.0101040 secs] 1048475K->838531K(1546688K), 0.0103800 secs] [Times: user=0.03 sys=0.00, real=0.01 secs] 
100717.351: [GC 100717.351: [ParNew: 210421K->865K(235968K), 0.0068930 secs] 1048323K->838826K(1546688K), 0.0071800 secs] [Times: user=0.03 sys=0.00, real=0.00 secs] 
100741.110: [GC 100741.110: [ParNew: 210599K->773K(235968K), 0.0066320 secs] 1048559K->838791K(1546688K), 0.0069270 secs] [Times: user=0.03 sys=0.00, real=0.01 secs] 
100747.344: [GC 100747.344: [ParNew: 210565K->1059K(235968K), 0.0089590 secs] 1048583K->839135K(1546688K), 0.0092250 secs] [Times: user=0.03 sys=0.00, real=0.01 secs] 
100760.930: [GC 100760.930: [ParNew: 210851K->720K(235968K), 0.0057890 secs] 1048927K->838851K(1546688K), 0.0060040 secs] [Times: user=0.03 sys=0.00, real=0.01 secs] 
100771.347: [GC 100771.348: [ParNew: 210512K->821K(235968K), 0.0079420 secs] 1048643K->839008K(1546688K), 0.0081440 secs] [Times: user=0.03 sys=0.00, real=0.01 secs] 
100777.383: [GC 100777.383: [ParNew: 210613K->840K(235968K), 0.0083460 secs] 1048800K->839077K(1546688K), 0.0085230 secs] [Times: user=0.02 sys=0.00, real=0.01 secs] 
100801.139: [GC 100801.139: [ParNew: 210632K->959K(235968K), 0.0093650 secs] 1048869K->839261K(1546688K), 0.0096260 secs] [Times: user=0.03 sys=0.00, real=0.01 secs] 
100808.708: [GC 100808.708: [ParNew: 210751K->579K(235968K), 0.0127160 secs] 1049053K->838935K(1546688K), 0.0130340 secs] [Times: user=0.03 sys=0.00, real=0.01 secs] 
100820.957: [GC 100820.957: [ParNew: 210371K->975K(235968K), 0.0081260 secs] 1048727K->839393K(1546688K), 0.0084020 secs] [Times: user=0.02 sys=0.00, real=0.01 secs] 
100831.371: [GC 100831.371: [ParNew: 210767K->448K(235968K), 0.0125410 secs] 1049185K->838923K(1546688K), 0.0127290 secs] [Times: user=0.03 sys=0.00, real=0.02 secs] 
100837.378: [GC 100837.378: [ParNew: 210240K->1144K(235968K), 0.0099910 secs] 1048715K->839672K(1546688K), 0.0101960 secs] [Times: user=0.02 sys=0.00, real=0.01 secs] 
100861.145: [GC 100861.145: [ParNew: 210936K->878K(235968K), 0.0068420 secs] 1049464K->839475K(1546688K), 0.0070410 secs] [Times: user=0.02 sys=0.00, real=0.01 secs] 
100867.378: [GC 100867.378: [ParNew: 210670K->776K(235968K), 0.0064400 secs] 1049267K->839438K(1546688K), 0.0066300 secs] [Times: user=0.03 sys=0.00, real=0.00 secs] 
100880.967: [GC 100880.967: [ParNew: 210545K->1200K(235968K), 0.0065170 secs] 1049206K->839912K(1546688K), 0.0067900 secs] [Times: user=0.03 sys=0.00, real=0.00 secs] 
100891.435: [GC 100891.435: [ParNew: 210991K->1001K(235968K), 0.0053010 secs] 1049703K->839757K(1546688K), 0.0055010 secs] [Times: user=0.03 sys=0.00, real=0.00 secs] 
100900.080: [GC 100900.080: [ParNew: 210793K->1100K(235968K), 0.0063850 secs] 1049549K->839909K(1546688K), 0.0066840 secs] [Times: user=0.03 sys=0.00, real=0.01 secs] 
100922.834: [GC 100922.834: [ParNew: 210892K->922K(235968K), 0.0068520 secs] 1049701K->839779K(1546688K), 0.0071260 secs] [Times: user=0.04 sys=0.00, real=0.01 secs] 
100928.769: [GC 100928.769: [ParNew: 210714K->903K(235968K), 0.0162280 secs] 1049571K->839810K(1546688K), 0.0164570 secs] [Times: user=0.04 sys=0.00, real=0.01 secs] 
100950.550: [GC 100950.551: [ParNew: 210678K->1333K(235968K), 0.0187690 secs] 1049584K->840296K(1546688K), 0.0190790 secs] [Times: user=0.08 sys=0.00, real=0.02 secs] 
100951.465: [GC 100951.465: [ParNew: 211125K->942K(235968K), 0.0077670 secs] 1050088K->839949K(1546688K), 0.0079930 secs] [Times: user=0.02 sys=0.00, real=0.01 secs] 
100965.926: [GC 100965.927: [ParNew: 210734K->770K(235968K), 0.0073280 secs] 1049741K->839887K(1546688K), 0.0076170 secs] [Times: user=0.03 sys=0.00, real=0.01 secs] 
100982.875: [GC 100982.875: [ParNew: 210562K->1120K(235968K), 0.0077250 secs] 1049679K->840299K(1546688K), 0.0080280 secs] [Times: user=0.03 sys=0.00, real=0.01 secs] 
100988.836: [GC 100988.837: [ParNew: 210912K->960K(235968K), 0.0067690 secs] 1050091K->840200K(1546688K), 0.0070530 secs] [Times: user=0.03 sys=0.00, real=0.01 secs] 
101010.551: [GC 101010.551: [ParNew: 210752K->1086K(235968K), 0.0076800 secs] 1049992K->840376K(1546688K), 0.0079790 secs] [Times: user=0.03 sys=0.00, real=0.01 secs] 
101011.468: [GC 101011.468: [ParNew: 210878K->1162K(235968K), 0.0069220 secs] 1050168K->840513K(1546688K), 0.0071110 secs] [Times: user=0.03 sys=0.00, real=0.01 secs] 
101025.927: [GC 101025.927: [ParNew: 210954K->1503K(235968K), 0.0084060 secs] 1050305K->840904K(1546688K), 0.0086990 secs] [Times: user=0.03 sys=0.00, real=0.01 secs] 
101042.880: [GC 101042.880: [ParNew: 211295K->1088K(235968K), 0.0055470 secs] 1050696K->840545K(1546688K), 0.0058120 secs] [Times: user=0.03 sys=0.00, real=0.00 secs] 
101048.816: [GC 101048.816: [ParNew: 210877K->856K(235968K), 0.0067710 secs] 1050334K->840366K(1546688K), 0.0070580 secs] [Times: user=0.03 sys=0.00, real=0.01 secs] 
101070.585: [GC 101070.585: [ParNew: 210602K->1122K(235968K), 0.0061870 secs] 1050112K->840675K(1546688K), 0.0064800 secs] [Times: user=0.02 sys=0.00, real=0.00 secs] 
101075.725: [GC 101075.725: [ParNew: 210914K->845K(235968K), 0.0078600 secs] 1050467K->840577K(1546688K), 0.0081460 secs] [Times: user=0.03 sys=0.00, real=0.01 secs] 
101085.960: [GC 101085.960: [ParNew: 210632K->865K(235968K), 0.0052590 secs] 1050364K->840646K(1546688K), 0.0055510 secs] [Times: user=0.03 sys=0.00, real=0.01 secs] 
101102.910: [GC 101102.910: [ParNew: 210657K->563K(235968K), 0.0072720 secs] 1050438K->840399K(1546688K), 0.0075650 secs] [Times: user=0.03 sys=0.00, real=0.00 secs] 
101116.529: [GC 101116.529: [ParNew: 210355K->832K(235968K), 0.0070430 secs] 1050191K->840722K(1546688K), 0.0072530 secs] [Times: user=0.03 sys=0.00, real=0.00 secs] 
101130.614: [GC 101130.614: [ParNew: 210624K->926K(235968K), 0.0068630 secs] 1050514K->840872K(1546688K), 0.0071620 secs] [Times: user=0.03 sys=0.00, real=0.01 secs] 
101135.750: [GC 101135.750: [ParNew: 210718K->1094K(235968K), 0.0081030 secs] 1050664K->841089K(1546688K), 0.0083510 secs] [Times: user=0.04 sys=0.00, real=0.01 secs] 
101145.982: [GC 101145.982: [ParNew: 210886K->1022K(235968K), 0.0069450 secs] 1050881K->841071K(1546688K), 0.0071900 secs] [Times: user=0.02 sys=0.00, real=0.01 secs] 
101162.912: [GC 101162.912: [ParNew: 210814K->1061K(235968K), 0.0070770 secs] 1050863K->841169K(1546688K), 0.0072820 secs] [Times: user=0.03 sys=0.01, real=0.01 secs] 
101168.859: [GC 101168.859: [ParNew: 210853K->971K(235968K), 0.0069340 secs] 1050961K->841144K(1546688K), 0.0071890 secs] [Times: user=0.02 sys=0.00, real=0.00 secs] 
101190.623: [GC 101190.623: [ParNew: 210763K->741K(235968K), 0.0059180 secs] 1050936K->840976K(1546688K), 0.0062040 secs] [Times: user=0.03 sys=0.00, real=0.01 secs] 
101195.753: [GC 101195.753: [ParNew: 210533K->890K(235968K), 0.0088690 secs] 1050768K->841176K(1546688K), 0.0090520 secs] [Times: user=0.02 sys=0.00, real=0.01 secs] 
101209.522: [GC 101209.522: [ParNew: 210682K->532K(235968K), 0.0080600 secs] 1050968K->841005K(1546688K), 0.0083160 secs] [Times: user=0.03 sys=0.00, real=0.01 secs] 
101224.127: [GC 101224.128: [ParNew: 210324K->1099K(235968K), 0.0132940 secs] 1050797K->841621K(1546688K), 0.0135300 secs] [Times: user=0.04 sys=0.00, real=0.02 secs] 
101236.571: [GC 101236.571: [ParNew: 210891K->1173K(235968K), 0.0075190 secs] 1051413K->841738K(1546688K), 0.0077870 secs] [Times: user=0.03 sys=0.00, real=0.01 secs] 
101250.818: [GC 101250.818: [ParNew: 210942K->932K(235968K), 0.0062520 secs] 1051507K->841556K(1546688K), 0.0064860 secs] [Times: user=0.02 sys=0.00, real=0.00 secs] 
101257.258: [GC 101257.258: [ParNew: 210724K->968K(235968K), 0.0343440 secs] 1051348K->841635K(1546688K), 0.0346440 secs] [Times: user=0.08 sys=0.00, real=0.03 secs] 
101276.473: [GC 101276.474: [ParNew: 210760K->1094K(235968K), 0.0080070 secs] 1051427K->841811K(1546688K), 0.0083040 secs] [Times: user=0.03 sys=0.00, real=0.01 secs] 
101284.149: [GC 101284.150: [ParNew: 210886K->908K(235968K), 0.0090860 secs] 1051603K->841685K(1546688K), 0.0093770 secs] [Times: user=0.03 sys=0.00, real=0.01 secs] 
101296.606: [GC 101296.606: [ParNew: 210684K->846K(235968K), 0.0122150 secs] 1051461K->841672K(1546688K), 0.0124120 secs] [Times: user=0.03 sys=0.00, real=0.02 secs] 
101310.826: [GC 101310.826: [ParNew: 210638K->835K(235968K), 0.0055390 secs] 1051464K->841841K(1546688K), 0.0057980 secs] [Times: user=0.03 sys=0.00, real=0.01 secs] 
101317.306: [GC 101317.306: [ParNew: 210627K->855K(235968K), 0.0214450 secs] 1051633K->841905K(1546688K), 0.0217610 secs] [Times: user=0.04 sys=0.00, real=0.02 secs] 
101341.198: [GC 101341.199: [ParNew: 210647K->633K(235968K), 0.0121430 secs] 1051697K->841759K(1546688K), 0.0124390 secs] [Times: user=0.02 sys=0.00, real=0.01 secs] 
101347.431: [GC 101347.431: [ParNew: 210413K->977K(235968K), 0.0064930 secs] 1051539K->842152K(1546688K), 0.0067820 secs] [Times: user=0.02 sys=0.00, real=0.00 secs] 
101361.020: [GC 101361.020: [ParNew: 210769K->925K(235968K), 0.0065050 secs] 1051944K->842148K(1546688K), 0.0067210 secs] [Times: user=0.03 sys=0.00, real=0.00 secs] 
101371.433: [GC 101371.433: [ParNew: 210717K->1071K(235968K), 0.0063740 secs] 1051940K->842337K(1546688K), 0.0065790 secs] [Times: user=0.03 sys=0.00, real=0.01 secs] 
101377.440: [GC 101377.440: [ParNew: 210863K->869K(235968K), 0.0054760 secs] 1052129K->842174K(1546688K), 0.0056850 secs] [Times: user=0.03 sys=0.00, real=0.00 secs] 
101401.231: [GC 101401.232: [ParNew: 210661K->1135K(235968K), 0.0096100 secs] 1051966K->842481K(1546688K), 0.0098130 secs] [Times: user=0.03 sys=0.00, real=0.01 secs] 
101407.450: [GC 101407.450: [ParNew: 210927K->1220K(235968K), 0.0103840 secs] 1052273K->842723K(1546688K), 0.0106720 secs] [Times: user=0.04 sys=0.00, real=0.01 secs] 
101421.035: [GC 101421.035: [ParNew: 211012K->1071K(235968K), 0.0092990 secs] 1052515K->842646K(1546688K), 0.0096040 secs] [Times: user=0.03 sys=0.00, real=0.01 secs] 
101431.439: [GC 101431.440: [ParNew: 210863K->1063K(235968K), 0.0081740 secs] 1052438K->842695K(1546688K), 0.0084380 secs] [Times: user=0.03 sys=0.00, real=0.01 secs] 
101437.438: [GC 101437.439: [ParNew: 210828K->910K(235968K), 0.0054790 secs] 1052460K->842599K(1546688K), 0.0057770 secs] [Times: user=0.03 sys=0.00, real=0.00 secs] 
101461.243: [GC 101461.243: [ParNew: 210702K->923K(235968K), 0.0078190 secs] 1052391K->842670K(1546688K), 0.0080570 secs] [Times: user=0.03 sys=0.00, real=0.00 secs] 
101467.480: [GC 101467.480: [ParNew: 210715K->923K(235968K), 0.0058190 secs] 1052462K->842838K(1546688K), 0.0061120 secs] [Times: user=0.03 sys=0.00, real=0.01 secs] 
101481.065: [GC 101481.066: [ParNew: 210715K->833K(235968K), 0.0051340 secs] 1052630K->842797K(1546688K), 0.0054400 secs] [Times: user=0.03 sys=0.00, real=0.01 secs] 
101491.461: [GC 101491.461: [ParNew: 210625K->866K(235968K), 0.0058560 secs] 1052589K->842887K(1546688K), 0.0060760 secs] [Times: user=0.03 sys=0.00, real=0.00 secs] 
101497.473: [GC 101497.473: [ParNew: 210634K->854K(235968K), 0.0050090 secs] 1052655K->842926K(1546688K), 0.0052270 secs] [Times: user=0.03 sys=0.00, real=0.01 secs] 
101521.258: [GC 101521.259: [ParNew: 210646K->1357K(235968K), 0.0057430 secs] 1052718K->843483K(1546688K), 0.0060150 secs] [Times: user=0.03 sys=0.00, real=0.01 secs] 
101527.490: [GC 101527.490: [ParNew: 211149K->866K(235968K), 0.0121520 secs] 1053275K->843103K(1546688K), 0.0123410 secs] [Times: user=0.03 sys=0.00, real=0.02 secs] 
101541.072: [GC 101541.073: [ParNew: 210658K->780K(235968K), 0.0060100 secs] 1052895K->843155K(1546688K), 0.0062260 secs] [Times: user=0.03 sys=0.00, real=0.00 secs] 
101551.573: [GC 101551.573: [ParNew: 210572K->1035K(235968K), 0.0149860 secs] 1052947K->843452K(1546688K), 0.0152510 secs] [Times: user=0.03 sys=0.00, real=0.02 secs] 
101557.376: [GC 101557.376: [ParNew: 210827K->827K(235968K), 0.0134280 secs] 1053244K->843294K(1546688K), 0.0137390 secs] [Times: user=0.03 sys=0.00, real=0.02 secs] 
101581.250: [GC 101581.251: [ParNew: 210619K->1332K(235968K), 0.0065770 secs] 1053086K->843853K(1546688K), 0.0069020 secs] [Times: user=0.03 sys=0.00, real=0.01 secs] 
101587.485: [GC 101587.485: [ParNew: 211124K->1310K(235968K), 0.0116740 secs] 1053645K->843891K(1546688K), 0.0119810 secs] [Times: user=0.03 sys=0.00, real=0.01 secs] 
101601.073: [GC 101601.074: [ParNew: 211060K->1149K(235968K), 0.0106280 secs] 1053641K->843786K(1546688K), 0.0113850 secs] [Times: user=0.04 sys=0.00, real=0.01 secs] 
101611.590: [GC 101611.590: [ParNew: 210923K->1338K(235968K), 0.0066620 secs] 1053560K->844057K(1546688K), 0.0069590 secs] [Times: user=0.03 sys=0.00, real=0.00 secs] 
101617.467: [GC 101617.468: [ParNew: 211002K->1333K(235968K), 0.0053190 secs] 1053721K->844091K(1546688K), 0.0055580 secs] [Times: user=0.03 sys=0.00, real=0.01 secs] 
101641.277: [GC 101641.277: [ParNew: 211030K->972K(235968K), 0.0138070 secs] 1053788K->843797K(1546688K), 0.0140000 secs] [Times: user=0.03 sys=0.00, real=0.01 secs] 
101647.513: [GC 101647.513: [ParNew: 210764K->598K(235968K), 0.0067010 secs] 1053589K->843477K(1546688K), 0.0070080 secs] [Times: user=0.03 sys=0.00, real=0.01 secs] 
101661.107: [GC 101661.107: [ParNew: 210390K->837K(235968K), 0.0083260 secs] 1053269K->843778K(1546688K), 0.0085370 secs] [Times: user=0.03 sys=0.00, real=0.01 secs] 
101671.618: [GC 101671.618: [ParNew: 210629K->1401K(235968K), 0.0061320 secs] 1053570K->844386K(1546688K), 0.0063410 secs] [Times: user=0.03 sys=0.00, real=0.01 secs] 
101677.505: [GC 101677.505: [ParNew: 211171K->854K(235968K), 0.0084170 secs] 1054155K->843902K(1546688K), 0.0086230 secs] [Times: user=0.03 sys=0.00, real=0.01 secs] 
101701.280: [GC 101701.281: [ParNew: 210646K->1345K(235968K), 0.0096920 secs] 1053694K->844447K(1546688K), 0.0099380 secs] [Times: user=0.03 sys=0.00, real=0.01 secs] 
101707.508: [GC 101707.508: [ParNew: 211115K->1035K(235968K), 0.0081050 secs] 1054218K->844192K(1546688K), 0.0083450 secs] [Times: user=0.02 sys=0.00, real=0.01 secs] 
101721.095: [GC 101721.095: [ParNew: 210827K->835K(235968K), 0.0063520 secs] 1053984K->844057K(1546688K), 0.0066440 secs] [Times: user=0.03 sys=0.00, real=0.00 secs] 
101731.608: [GC 101731.608: [ParNew: 210627K->1881K(235968K), 0.0066580 secs] 1053849K->845147K(1546688K), 0.0069510 secs] [Times: user=0.03 sys=0.01, real=0.01 secs] 
101737.485: [GC 101737.485: [ParNew: 211673K->1268K(235968K), 0.0067970 secs] 1054939K->844632K(1546688K), 0.0070650 secs] [Times: user=0.03 sys=0.00, real=0.01 secs] 
101761.276: [GC 101761.276: [ParNew: 211060K->841K(235968K), 0.0086490 secs] 1054424K->844269K(1546688K), 0.0088600 secs] [Times: user=0.03 sys=0.00, real=0.00 secs] 
101767.510: [GC 101767.510: [ParNew: 210633K->1221K(235968K), 0.0117560 secs] 1054061K->844703K(1546688K), 0.0120220 secs] [Times: user=0.04 sys=0.00, real=0.01 secs] 
101776.745: [GC 101776.746: [ParNew: 210925K->824K(235968K), 0.0262870 secs] 1054407K->844519K(1546688K), 0.0265880 secs] [Times: user=0.04 sys=0.01, real=0.02 secs] 
101791.605: [GC 101791.606: [ParNew: 210616K->1117K(235968K), 0.0073250 secs] 1054311K->844862K(1546688K), 0.0076260 secs] [Times: user=0.03 sys=0.00, real=0.01 secs] 
101797.409: [GC 101797.409: [ParNew: 210828K->913K(235968K), 0.0080560 secs] 1054573K->844858K(1546688K), 0.0082510 secs] [Times: user=0.03 sys=0.00, real=0.01 secs] 
101821.290: [GC 101821.290: [ParNew: 210702K->1236K(235968K), 0.0088450 secs] 1054647K->845235K(1546688K), 0.0091310 secs] [Times: user=0.03 sys=0.00, real=0.01 secs] 
101827.525: [GC 101827.526: [ParNew: 211028K->1240K(235968K), 0.0083390 secs] 1055027K->845292K(1546688K), 0.0086070 secs] [Times: user=0.03 sys=0.00, real=0.00 secs] 
101841.115: [GC 101841.116: [ParNew: 211020K->1613K(235968K), 0.0090930 secs] 1055072K->845735K(1546688K), 0.0093470 secs] [Times: user=0.04 sys=0.00, real=0.01 secs] 
101851.607: [GC 101851.607: [ParNew: 211405K->1469K(235968K), 0.0083510 secs] 1055527K->845637K(1546688K), 0.0086370 secs] [Times: user=0.03 sys=0.00, real=0.01 secs] 
101857.421: [GC 101857.421: [ParNew: 211261K->1515K(235968K), 0.0077550 secs] 1055429K->845884K(1546688K), 0.0080280 secs] [Times: user=0.04 sys=0.00, real=0.00 secs] 
101881.299: [GC 101881.300: [ParNew: 211307K->896K(235968K), 0.0056080 secs] 1055676K->845361K(1546688K), 0.0059000 secs] [Times: user=0.03 sys=0.00, real=0.00 secs] 
101884.271: [GC 101884.272: [ParNew: 210666K->1251K(235968K), 0.0085910 secs] 1055131K->845777K(1546688K), 0.0088450 secs] [Times: user=0.03 sys=0.00, real=0.01 secs] 
101896.789: [GC 101896.789: [ParNew: 210966K->775K(235968K), 0.0208800 secs] 1055492K->845355K(1546688K), 0.0211890 secs] [Times: user=0.05 sys=0.00, real=0.02 secs] 
101911.622: [GC 101911.622: [ParNew: 210567K->1363K(235968K), 0.0074660 secs] 1055147K->845992K(1546688K), 0.0077510 secs] [Times: user=0.03 sys=0.00, real=0.00 secs] 
101917.434: [GC 101917.434: [ParNew: 211146K->1202K(235968K), 0.0102580 secs] 1055775K->845899K(1546688K), 0.0104930 secs] [Times: user=0.03 sys=0.00, real=0.01 secs] 
101941.308: [GC 101941.308: [ParNew: 210994K->736K(235968K), 0.0126940 secs] 1055691K->845516K(1546688K), 0.0129710 secs] [Times: user=0.02 sys=0.00, real=0.01 secs] 
101947.544: [GC 101947.545: [ParNew: 210528K->1163K(235968K), 0.0129430 secs] 1055308K->845992K(1546688K), 0.0132120 secs] [Times: user=0.03 sys=0.00, real=0.02 secs] 
101961.129: [GC 101961.129: [ParNew: 210955K->1167K(235968K), 0.0141980 secs] 1055784K->846193K(1546688K), 0.0144480 secs] [Times: user=0.02 sys=0.00, real=0.01 secs] 
101971.639: [GC 101971.640: [ParNew: 210959K->1114K(235968K), 0.0071480 secs] 1055985K->846185K(1546688K), 0.0074410 secs] [Times: user=0.03 sys=0.00, real=0.01 secs] 
101977.509: [GC 101977.509: [ParNew: 210906K->629K(235968K), 0.0081890 secs] 1055977K->845760K(1546688K), 0.0084620 secs] [Times: user=0.02 sys=0.00, real=0.01 secs] 
102001.347: [GC 102001.347: [ParNew: 210374K->1021K(235968K), 0.0076610 secs] 1055505K->846192K(1546688K), 0.0079210 secs] [Times: user=0.03 sys=0.00, real=0.01 secs] 
102007.582: [GC 102007.582: [ParNew: 210786K->1206K(235968K), 0.0124110 secs] 1055957K->846419K(1546688K), 0.0126440 secs] [Times: user=0.02 sys=0.01, real=0.01 secs] 
102021.166: [GC 102021.166: [ParNew: 210903K->778K(235968K), 0.0063670 secs] 1056116K->846041K(1546688K), 0.0066480 secs] [Times: user=0.03 sys=0.00, real=0.00 secs] 
102031.663: [GC 102031.663: [ParNew: 210570K->2026K(235968K), 0.0069960 secs] 1055833K->847347K(1546688K), 0.0072720 secs] [Times: user=0.03 sys=0.00, real=0.00 secs] 
102037.538: [GC 102037.538: [ParNew: 211818K->1592K(235968K), 0.0094990 secs] 1057139K->846967K(1546688K), 0.0097120 secs] [Times: user=0.03 sys=0.00, real=0.01 secs] 
102061.377: [GC 102061.377: [ParNew: 211384K->1374K(235968K), 0.0066920 secs] 1056759K->846807K(1546688K), 0.0070280 secs] [Times: user=0.03 sys=0.00, real=0.01 secs] 
102069.016: [GC 102069.016: [ParNew: 211166K->1598K(235968K), 0.0061150 secs] 1056599K->847085K(1546688K), 0.0064040 secs] [Times: user=0.04 sys=0.00, real=0.01 secs] 
102081.187: [GC 102081.187: [ParNew: 211390K->1084K(235968K), 0.0067840 secs] 1056877K->846633K(1546688K), 0.0070700 secs] [Times: user=0.03 sys=0.00, real=0.00 secs] 
102091.683: [GC 102091.683: [ParNew: 210876K->1381K(235968K), 0.0057800 secs] 1056425K->846987K(1546688K), 0.0060190 secs] [Times: user=0.03 sys=0.00, real=0.01 secs] 
102100.380: [GC 102100.381: [ParNew: 211173K->1108K(235968K), 0.0051060 secs] 1056779K->846774K(1546688K), 0.0053770 secs] [Times: user=0.03 sys=0.00, real=0.01 secs] 
102123.065: [GC 102123.065: [ParNew: 210900K->1236K(235968K), 0.0048750 secs] 1056566K->846962K(1546688K), 0.0051710 secs] [Times: user=0.03 sys=0.00, real=0.01 secs] 
102129.036: [GC 102129.036: [ParNew: 211028K->686K(235968K), 0.0206590 secs] 1056754K->846461K(1546688K), 0.0209810 secs] [Times: user=0.05 sys=0.00, real=0.02 secs] 
102150.771: [GC 102150.771: [ParNew: 210449K->996K(235968K), 0.0136520 secs] 1056225K->846828K(1546688K), 0.0139090 secs] [Times: user=0.04 sys=0.00, real=0.02 secs] 
102151.715: [GC 102151.715: [ParNew: 210788K->1012K(235968K), 0.0044560 secs] 1056620K->846890K(1546688K), 0.0047140 secs] [Times: user=0.04 sys=0.00, real=0.00 secs] 
102166.316: [GC 102166.316: [ParNew: 210804K->651K(235968K), 0.0225530 secs] 1056682K->846573K(1546688K), 0.0228760 secs] [Times: user=0.05 sys=0.00, real=0.02 secs] 
102183.076: [GC 102183.077: [ParNew: 210443K->1142K(235968K), 0.0094300 secs] 1056365K->847118K(1546688K), 0.0096800 secs] [Times: user=0.03 sys=0.01, real=0.01 secs] 
102189.046: [GC 102189.047: [ParNew: 210934K->1330K(235968K), 0.0273860 secs] 1056910K->847372K(1546688K), 0.0276720 secs] [Times: user=0.05 sys=0.00, real=0.03 secs] 
102210.782: [GC 102210.783: [ParNew: 211122K->911K(235968K), 0.0087940 secs] 1057164K->847009K(1546688K), 0.0090600 secs] [Times: user=0.02 sys=0.00, real=0.01 secs] 
102211.721: [GC 102211.721: [ParNew: 210703K->1154K(235968K), 0.0074710 secs] 1056801K->847315K(1546688K), 0.0077040 secs] [Times: user=0.02 sys=0.00, real=0.01 secs] 
102226.319: [GC 102226.319: [ParNew: 210939K->1562K(235968K), 0.0162100 secs] 1057099K->847770K(1546688K), 0.0165320 secs] [Times: user=0.04 sys=0.00, real=0.02 secs] 
102243.105: [GC 102243.105: [ParNew: 211309K->1028K(235968K), 0.0057900 secs] 1057517K->847284K(1546688K), 0.0060690 secs] [Times: user=0.03 sys=0.00, real=0.01 secs] 
102249.071: [GC 102249.071: [ParNew: 210820K->949K(235968K), 0.0272170 secs] 1057076K->847264K(1546688K), 0.0274860 secs] [Times: user=0.04 sys=0.00, real=0.03 secs] 
102270.800: [GC 102270.800: [ParNew: 210706K->739K(235968K), 0.0131870 secs] 1057020K->847103K(1546688K), 0.0134430 secs] [Times: user=0.03 sys=0.00, real=0.01 secs] 
102275.874: [GC 102275.875: [ParNew: 210531K->651K(235968K), 0.0107200 secs] 1056895K->847076K(1546688K), 0.0110160 secs] [Times: user=0.02 sys=0.00, real=0.02 secs] 
102286.352: [GC 102286.353: [ParNew: 210443K->1005K(235968K), 0.0128880 secs] 1056868K->847479K(1546688K), 0.0132100 secs] [Times: user=0.02 sys=0.00, real=0.02 secs] 
102303.129: [GC 102303.129: [ParNew: 210797K->1093K(235968K), 0.0066950 secs] 1057271K->847621K(1546688K), 0.0069280 secs] [Times: user=0.03 sys=0.00, real=0.01 secs] 
102309.115: [GC 102309.115: [ParNew: 210885K->942K(235968K), 0.0119190 secs] 1057413K->847526K(1546688K), 0.0123460 secs] [Times: user=0.03 sys=0.00, real=0.01 secs] 
102330.829: [GC 102330.829: [ParNew: 210689K->1030K(235968K), 0.0109940 secs] 1057274K->847670K(1546688K), 0.0111810 secs] [Times: user=0.03 sys=0.00, real=0.01 secs] 
102335.904: [GC 102335.904: [ParNew: 210822K->1125K(235968K), 0.0065490 secs] 1057462K->847817K(1546688K), 0.0068190 secs] [Times: user=0.03 sys=0.00, real=0.01 secs] 
102356.604: [GC 102356.604: [ParNew: 210917K->755K(235968K), 0.0073960 secs] 1057609K->847506K(1546688K), 0.0076790 secs] [Times: user=0.03 sys=0.00, real=0.00 secs] 
102364.324: [GC 102364.325: [ParNew: 210487K->1122K(235968K), 0.0054300 secs] 1057237K->847926K(1546688K), 0.0057020 secs] [Times: user=0.04 sys=0.01, real=0.00 secs] 
102376.852: [GC 102376.852: [ParNew: 210914K->902K(235968K), 0.0092840 secs] 1057718K->847744K(1546688K), 0.0094880 secs] [Times: user=0.03 sys=0.00, real=0.01 secs] 
102390.974: [GC 102390.974: [ParNew: 210694K->968K(235968K), 0.0059160 secs] 1057536K->847854K(1546688K), 0.0062010 secs] [Times: user=0.02 sys=0.00, real=0.01 secs] 
102397.498: [GC 102397.499: [ParNew: 210760K->947K(235968K), 0.0070040 secs] 1057646K->847877K(1546688K), 0.0072150 secs] [Times: user=0.03 sys=0.00, real=0.01 secs] 
102416.633: [GC 102416.634: [ParNew: 210739K->1025K(235968K), 0.0075680 secs] 1057669K->848009K(1546688K), 0.0078530 secs] [Times: user=0.03 sys=0.00, real=0.00 secs] 
102424.361: [GC 102424.361: [ParNew: 210817K->720K(235968K), 0.0145090 secs] 1057801K->847757K(1546688K), 0.0147110 secs] [Times: user=0.04 sys=0.00, real=0.02 secs] 
102436.913: [GC 102436.914: [ParNew: 210476K->944K(235968K), 0.0057680 secs] 1057513K->848031K(1546688K), 0.0060360 secs] [Times: user=0.04 sys=0.00, real=0.01 secs] 
102451.698: [GC 102451.698: [ParNew: 210736K->864K(235968K), 0.0087530 secs] 1057823K->847999K(1546688K), 0.0089820 secs] [Times: user=0.03 sys=0.00, real=0.00 secs] 
102457.524: [GC 102457.524: [ParNew: 210640K->1117K(235968K), 0.0052970 secs] 1057776K->848318K(1546688K), 0.0055770 secs] [Times: user=0.03 sys=0.00, real=0.01 secs] 
102481.419: [GC 102481.419: [ParNew: 210909K->1029K(235968K), 0.0054440 secs] 1058110K->848280K(1546688K), 0.0057080 secs] [Times: user=0.03 sys=0.00, real=0.01 secs] 
102487.660: [GC 102487.660: [ParNew: 210821K->1015K(235968K), 0.0123830 secs] 1058072K->848315K(1546688K), 0.0126950 secs] [Times: user=0.04 sys=0.00, real=0.02 secs] 
102501.235: [GC 102501.235: [ParNew: 210807K->1295K(235968K), 0.0079730 secs] 1058107K->848652K(1546688K), 0.0081810 secs] [Times: user=0.04 sys=0.01, real=0.01 secs] 
102511.723: [GC 102511.723: [ParNew: 211007K->1067K(235968K), 0.0064070 secs] 1058364K->848473K(1546688K), 0.0066800 secs] [Times: user=0.02 sys=0.00, real=0.01 secs] 
102517.626: [GC 102517.627: [ParNew: 210859K->924K(235968K), 0.0067920 secs] 1058265K->848504K(1546688K), 0.0069690 secs] [Times: user=0.03 sys=0.00, real=0.01 secs] 
102541.451: [GC 102541.451: [ParNew: 210604K->949K(235968K), 0.0071470 secs] 1058184K->848583K(1546688K), 0.0073360 secs] [Times: user=0.03 sys=0.00, real=0.01 secs] 
102547.694: [GC 102547.694: [ParNew: 210741K->628K(235968K), 0.0095970 secs] 1058375K->848311K(1546688K), 0.0097980 secs] [Times: user=0.03 sys=0.00, real=0.01 secs] 
102561.279: [GC 102561.279: [ParNew: 210420K->661K(235968K), 0.0073600 secs] 1058103K->848387K(1546688K), 0.0075920 secs] [Times: user=0.03 sys=0.00, real=0.01 secs] 
102571.768: [GC 102571.768: [ParNew: 210453K->923K(235968K), 0.0071270 secs] 1058179K->848694K(1546688K), 0.0074200 secs] [Times: user=0.03 sys=0.00, real=0.01 secs] 
102586.380: [GC 102586.381: [ParNew: 210715K->507K(235968K), 0.0248160 secs] 1058486K->848332K(1546688K), 0.0256080 secs] [Times: user=0.05 sys=0.01, real=0.02 secs] 
102603.172: [GC 102603.172: [ParNew: 210299K->1231K(235968K), 0.0064450 secs] 1058124K->849104K(1546688K), 0.0067610 secs] [Times: user=0.03 sys=0.00, real=0.01 secs] 
102609.125: [GC 102609.125: [ParNew: 211022K->1144K(235968K), 0.0063830 secs] 1058895K->849060K(1546688K), 0.0066740 secs] [Times: user=0.03 sys=0.00, real=0.00 secs] 
102630.861: [GC 102630.861: [ParNew: 210936K->1088K(235968K), 0.0056240 secs] 1058852K->849060K(1546688K), 0.0059270 secs] [Times: user=0.03 sys=0.00, real=0.00 secs] 
102631.792: [GC 102631.792: [ParNew: 210822K->995K(235968K), 0.0051610 secs] 1058795K->849017K(1546688K), 0.0054350 secs] [Times: user=0.03 sys=0.00, real=0.00 secs] 
102646.408: [GC 102646.408: [ParNew: 210787K->629K(235968K), 0.0126740 secs] 1058809K->848807K(1546688K), 0.0129570 secs] [Times: user=0.03 sys=0.00, real=0.01 secs] 
102663.175: [GC 102663.175: [ParNew: 210421K->742K(235968K), 0.0098750 secs] 1058599K->848981K(1546688K), 0.0105440 secs] [Times: user=0.02 sys=0.00, real=0.01 secs] 
102669.130: [GC 102669.130: [ParNew: 210534K->910K(235968K), 0.0098780 secs] 1058773K->849196K(1546688K), 0.0101540 secs] [Times: user=0.03 sys=0.00, real=0.01 secs] 
102690.870: [GC 102690.870: [ParNew: 210702K->951K(235968K), 0.0191800 secs] 1058988K->849293K(1546688K), 0.0194590 secs] [Times: user=0.05 sys=0.00, real=0.01 secs] 
102691.801: [GC 102691.801: [ParNew: 210679K->1050K(235968K), 0.0090210 secs] 1059021K->849442K(1546688K), 0.0093000 secs] [Times: user=0.03 sys=0.00, real=0.01 secs] 
102706.423: [GC 102706.423: [ParNew: 210799K->755K(235968K), 0.0140060 secs] 1059191K->849207K(1546688K), 0.0142090 secs] [Times: user=0.02 sys=0.00, real=0.01 secs] 
102723.205: [GC 102723.205: [ParNew: 210547K->1215K(235968K), 0.0066460 secs] 1058999K->849715K(1546688K), 0.0069480 secs] [Times: user=0.03 sys=0.01, real=0.00 secs] 
102729.161: [GC 102729.161: [ParNew: 211007K->930K(235968K), 0.0053070 secs] 1059507K->849521K(1546688K), 0.0055820 secs] [Times: user=0.03 sys=0.00, real=0.01 secs] 
102750.906: [GC 102750.906: [ParNew: 210657K->1099K(235968K), 0.0070570 secs] 1059248K->849771K(1546688K), 0.0073350 secs] [Times: user=0.04 sys=0.00, real=0.01 secs] 
102755.945: [GC 102755.945: [ParNew: 210891K->828K(235968K), 0.0058410 secs] 1059563K->849543K(1546688K), 0.0060780 secs] [Times: user=0.03 sys=0.00, real=0.01 secs] 
102766.454: [GC 102766.454: [ParNew: 210620K->986K(235968K), 0.0113030 secs] 1059335K->849767K(1546688K), 0.0116200 secs] [Times: user=0.03 sys=0.00, real=0.01 secs] 
102783.233: [GC 102783.233: [ParNew: 210777K->1216K(235968K), 0.0077070 secs] 1059559K->850051K(1546688K), 0.0079710 secs] [Times: user=0.03 sys=0.00, real=0.01 secs] 
102789.173: [GC 102789.173: [ParNew: 211008K->1092K(235968K), 0.0084760 secs] 1059843K->850097K(1546688K), 0.0087100 secs] [Times: user=0.03 sys=0.00, real=0.01 secs] 
102810.910: [GC 102810.910: [ParNew: 210884K->921K(235968K), 0.0076120 secs] 1059889K->849982K(1546688K), 0.0078960 secs] [Times: user=0.04 sys=0.00, real=0.01 secs] 
102815.947: [GC 102815.947: [ParNew: 210713K->1063K(235968K), 0.0063830 secs] 1059774K->850186K(1546688K), 0.0066340 secs] [Times: user=0.03 sys=0.00, real=0.01 secs] 
102826.477: [GC 102826.477: [ParNew: 210855K->993K(235968K), 0.0095420 secs] 1059978K->850175K(1546688K), 0.0098270 secs] [Times: user=0.04 sys=0.00, real=0.01 secs] 
102843.233: [GC 102843.233: [ParNew: 210785K->944K(235968K), 0.0075700 secs] 1059967K->850182K(1546688K), 0.0078500 secs] [Times: user=0.03 sys=0.00, real=0.01 secs] 
102849.192: [GC 102849.192: [ParNew: 210736K->975K(235968K), 0.0070130 secs] 1059974K->850274K(1546688K), 0.0072870 secs] [Times: user=0.03 sys=0.00, real=0.01 secs] 
102870.921: [GC 102870.922: [ParNew: 210665K->1032K(235968K), 0.0078770 secs] 1059965K->850388K(1546688K), 0.0081190 secs] [Times: user=0.04 sys=0.01, real=0.00 secs] 
102875.961: [GC 102875.961: [ParNew: 210774K->1018K(235968K), 0.0062430 secs] 1060130K->850423K(1546688K), 0.0065230 secs] [Times: user=0.03 sys=0.00, real=0.00 secs] 
102886.477: [GC 102886.478: [ParNew: 210810K->721K(235968K), 0.0102130 secs] 1060215K->850299K(1546688K), 0.0106900 secs] [Times: user=0.03 sys=0.00, real=0.01 secs] 
102903.254: [GC 102903.254: [ParNew: 210448K->870K(235968K), 0.0069640 secs] 1060026K->850503K(1546688K), 0.0072600 secs] [Times: user=0.03 sys=0.00, real=0.01 secs] 
102909.207: [GC 102909.208: [ParNew: 210648K->846K(235968K), 0.0067510 secs] 1060281K->850539K(1546688K), 0.0070330 secs] [Times: user=0.03 sys=0.00, real=0.00 secs] 
102930.941: [GC 102930.941: [ParNew: 210542K->910K(235968K), 0.0052990 secs] 1060235K->850660K(1546688K), 0.0055970 secs] [Times: user=0.03 sys=0.00, real=0.01 secs] 
102935.974: [GC 102935.974: [ParNew: 210642K->980K(235968K), 0.0090830 secs] 1060392K->850779K(1546688K), 0.0092900 secs] [Times: user=0.02 sys=0.00, real=0.01 secs] 
102946.502: [GC 102946.503: [ParNew: 210772K->1022K(235968K), 0.0072020 secs] 1060571K->850874K(1546688K), 0.0074790 secs] [Times: user=0.05 sys=0.00, real=0.01 secs] 
102964.412: [GC 102964.412: [ParNew: 210814K->1047K(235968K), 0.0074550 secs] 1060666K->850952K(1546688K), 0.0077170 secs] [Times: user=0.03 sys=0.01, real=0.01 secs] 
102976.990: [GC 102976.990: [ParNew: 210839K->801K(235968K), 0.0136010 secs] 1060744K->850778K(1546688K), 0.0138650 secs] [Times: user=0.04 sys=0.00, real=0.01 secs] 
102991.029: [GC 102991.029: [ParNew: 210593K->1099K(235968K), 0.0060810 secs] 1060570K->851133K(1546688K), 0.0063800 secs] [Times: user=0.03 sys=0.01, real=0.01 secs] 
102997.596: [GC 102997.596: [ParNew: 210891K->559K(235968K), 0.0070420 secs] 1060925K->850647K(1546688K), 0.0072940 secs] [Times: user=0.03 sys=0.00, real=0.01 secs] 
103016.707: [GC 103016.707: [ParNew: 210319K->979K(235968K), 0.0074870 secs] 1060407K->851108K(1546688K), 0.0077000 secs] [Times: user=0.03 sys=0.00, real=0.01 secs] 
103024.461: [GC 103024.461: [ParNew: 210731K->1014K(235968K), 0.0069910 secs] 1060860K->851198K(1546688K), 0.0072380 secs] [Times: user=0.03 sys=0.00, real=0.01 secs] 
103037.030: [GC 103037.030: [ParNew: 210806K->764K(235968K), 0.0062800 secs] 1060990K->850997K(1546688K), 0.0065680 secs] [Times: user=0.03 sys=0.00, real=0.01 secs] 
103051.064: [GC 103051.064: [ParNew: 210556K->973K(235968K), 0.0067770 secs] 1060789K->851250K(1546688K), 0.0070490 secs] [Times: user=0.03 sys=0.00, real=0.00 secs] 
103057.639: [GC 103057.639: [ParNew: 210660K->861K(235968K), 0.0115990 secs] 1060937K->851181K(1546688K), 0.0118530 secs] [Times: user=0.03 sys=0.00, real=0.01 secs] 
103076.738: [GC 103076.738: [ParNew: 210542K->724K(235968K), 0.0071750 secs] 1060863K->851202K(1546688K), 0.0074530 secs] [Times: user=0.03 sys=0.00, real=0.01 secs] 
103087.879: [GC 103087.879: [ParNew: 210493K->659K(235968K), 0.0064430 secs] 1060971K->851190K(1546688K), 0.0067230 secs] [Times: user=0.03 sys=0.00, real=0.00 secs] 
103101.342: [GC 103101.343: [ParNew: 210451K->921K(235968K), 0.0078040 secs] 1060982K->851496K(1546688K), 0.0080050 secs] [Times: user=0.03 sys=0.00, real=0.01 secs] 
103111.793: [GC 103111.794: [ParNew: 210713K->730K(235968K), 0.0076730 secs] 1061288K->851353K(1546688K), 0.0079440 secs] [Times: user=0.03 sys=0.00, real=0.00 secs] 
103117.700: [GC 103117.700: [ParNew: 210512K->1285K(235968K), 0.0060770 secs] 1061136K->851947K(1546688K), 0.0063520 secs] [Times: user=0.03 sys=0.00, real=0.01 secs] 
103141.535: [GC 103141.536: [ParNew: 211077K->1230K(235968K), 0.0065420 secs] 1061739K->851945K(1546688K), 0.0067370 secs] [Times: user=0.03 sys=0.00, real=0.01 secs] 
103147.900: [GC 103147.900: [ParNew: 211020K->1213K(235968K), 0.0061150 secs] 1061735K->852015K(1546688K), 0.0063880 secs] [Times: user=0.04 sys=0.00, real=0.00 secs] 
103161.360: [GC 103161.360: [ParNew: 211005K->1240K(235968K), 0.0059020 secs] 1061807K->852198K(1546688K), 0.0061040 secs] [Times: user=0.03 sys=0.00, real=0.01 secs] 
103171.804: [GC 103171.804: [ParNew: 211032K->1172K(235968K), 0.0116030 secs] 1061990K->852191K(1546688K), 0.0117980 secs] [Times: user=0.03 sys=0.01, real=0.02 secs] 
103177.711: [GC 103177.711: [ParNew: 210964K->683K(235968K), 0.0075830 secs] 1061983K->851847K(1546688K), 0.0078680 secs] [Times: user=0.03 sys=0.00, real=0.01 secs] 
103201.559: [GC 103201.560: [ParNew: 210423K->888K(235968K), 0.0091450 secs] 1061586K->852101K(1546688K), 0.0093420 secs] [Times: user=0.03 sys=0.00, real=0.00 secs] 
103207.929: [GC 103207.929: [ParNew: 210680K->917K(235968K), 0.0118210 secs] 1061893K->852184K(1546688K), 0.0120100 secs] [Times: user=0.03 sys=0.00, real=0.01 secs] 
103221.386: [GC 103221.386: [ParNew: 210700K->980K(235968K), 0.0058360 secs] 1061967K->852304K(1546688K), 0.0061170 secs] [Times: user=0.03 sys=0.00, real=0.01 secs] 
103231.881: [GC 103231.881: [ParNew: 210772K->1370K(235968K), 0.0062050 secs] 1062096K->852751K(1546688K), 0.0064860 secs] [Times: user=0.03 sys=0.00, real=0.01 secs] 
103237.743: [GC 103237.743: [ParNew: 211131K->1066K(235968K), 0.0072770 secs] 1062512K->852599K(1546688K), 0.0074700 secs] [Times: user=0.04 sys=0.00, real=0.01 secs] 
103263.293: [GC 103263.294: [ParNew: 210781K->957K(235968K), 0.0063060 secs] 1062314K->852539K(1546688K), 0.0065470 secs] [Times: user=0.03 sys=0.00, real=0.01 secs] 
103268.772: [GC 103268.772: [ParNew: 210749K->1380K(235968K), 0.0075950 secs] 1062331K->853018K(1546688K), 0.0078570 secs] [Times: user=0.03 sys=0.00, real=0.01 secs] 
103281.402: [GC 103281.402: [ParNew: 211111K->1347K(235968K), 0.0047820 secs] 1062749K->853047K(1546688K), 0.0050600 secs] [Times: user=0.03 sys=0.00, real=0.01 secs] 
103291.896: [GC 103291.897: [ParNew: 211139K->1180K(235968K), 0.0055540 secs] 1062839K->852924K(1546688K), 0.0058150 secs] [Times: user=0.03 sys=0.00, real=0.00 secs] 
103297.743: [GC 103297.743: [ParNew: 210865K->1034K(235968K), 0.0052980 secs] 1062608K->852850K(1546688K), 0.0055620 secs] [Times: user=0.03 sys=0.01, real=0.01 secs] 
103313.961: [GC 103313.961: [ParNew: 210826K->1361K(235968K), 0.0075520 secs] 1062642K->853273K(1546688K), 0.0078330 secs] [Times: user=0.04 sys=0.01, real=0.01 secs] 
103324.479: [GC 103324.479: [ParNew: 211153K->1029K(235968K), 0.0049070 secs] 1063065K->852997K(1546688K), 0.0051870 secs] [Times: user=0.03 sys=0.00, real=0.01 secs] 
103337.075: [GC 103337.075: [ParNew: 210821K->1145K(235968K), 0.0065160 secs] 1062789K->853187K(1546688K), 0.0068150 secs] [Times: user=0.03 sys=0.00, real=0.01 secs] 
103351.026: [GC 103351.026: [ParNew: 210937K->1069K(235968K), 0.0064590 secs] 1062979K->853158K(1546688K), 0.0067340 secs] [Times: user=0.03 sys=0.00, real=0.00 secs] 
103356.029: [GC 103356.030: [ParNew: 210861K->1040K(235968K), 0.0051840 secs] 1062950K->853279K(1546688K), 0.0054730 secs] [Times: user=0.03 sys=0.00, real=0.01 secs] 
103366.613: [GC 103366.613: [ParNew: 210802K->1018K(235968K), 0.0075390 secs] 1063041K->853311K(1546688K), 0.0078230 secs] [Times: user=0.03 sys=0.00, real=0.01 secs] 
103383.357: [GC 103383.357: [ParNew: 210796K->832K(235968K), 0.0091540 secs] 1063089K->853186K(1546688K), 0.0093800 secs] [Times: user=0.03 sys=0.00, real=0.01 secs] 
103389.298: [GC 103389.298: [ParNew: 210564K->1008K(235968K), 0.0062320 secs] 1062917K->853415K(1546688K), 0.0065030 secs] [Times: user=0.04 sys=0.00, real=0.01 secs] 
103411.203: [GC 103411.203: [ParNew: 210800K->1076K(235968K), 0.0067760 secs] 1063207K->853540K(1546688K), 0.0070150 secs] [Times: user=0.02 sys=0.00, real=0.01 secs] 
103416.054: [GC 103416.054: [ParNew: 210817K->1015K(235968K), 0.0060870 secs] 1063282K->853528K(1546688K), 0.0063610 secs] [Times: user=0.03 sys=0.00, real=0.01 secs] 
103436.158: [GC 103436.158: [ParNew: 210807K->751K(235968K), 0.0136010 secs] 1063320K->853321K(1546688K), 0.0139020 secs] [Times: user=0.03 sys=0.00, real=0.01 secs] 
103444.513: [GC 103444.513: [ParNew: 210517K->984K(235968K), 0.0091180 secs] 1063087K->853603K(1546688K), 0.0094170 secs] [Times: user=0.03 sys=0.00, real=0.01 secs] 
103457.091: [GC 103457.091: [ParNew: 210698K->1471K(235968K), 0.0273600 secs] 1063317K->854151K(1546688K), 0.0277060 secs] [Times: user=0.04 sys=0.00, real=0.02 secs] 
103471.219: [GC 103471.220: [ParNew: 211263K->1186K(235968K), 0.0079410 secs] 1063943K->853911K(1546688K), 0.0082010 secs] [Times: user=0.03 sys=0.00, real=0.01 secs] 
103477.696: [GC 103477.696: [ParNew: 210978K->1009K(235968K), 0.0123000 secs] 1063703K->853960K(1546688K), 0.0125690 secs] [Times: user=0.04 sys=0.00, real=0.02 secs] 
103496.776: [GC 103496.777: [ParNew: 210801K->1099K(235968K), 0.0090930 secs] 1063752K->854098K(1546688K), 0.0093900 secs] [Times: user=0.03 sys=0.00, real=0.01 secs] 
103504.536: [GC 103504.537: [ParNew: 210891K->589K(235968K), 0.0054480 secs] 1063890K->853652K(1546688K), 0.0057030 secs] [Times: user=0.03 sys=0.00, real=0.01 secs] 
103517.131: [GC 103517.131: [ParNew: 210381K->1178K(235968K), 0.0080280 secs] 1063444K->854294K(1546688K), 0.0083890 secs] [Times: user=0.03 sys=0.00, real=0.00 secs] 
103531.243: [GC 103531.243: [ParNew: 210970K->963K(235968K), 0.0067310 secs] 1064086K->854128K(1546688K), 0.0070200 secs] [Times: user=0.03 sys=0.00, real=0.01 secs] 
103537.720: [GC 103537.720: [ParNew: 210755K->1425K(235968K), 0.0062480 secs] 1063920K->854646K(1546688K), 0.0065320 secs] [Times: user=0.03 sys=0.01, real=0.01 secs] 
103556.796: [GC 103556.797: [ParNew: 211118K->1165K(235968K), 0.0071960 secs] 1064339K->854445K(1546688K), 0.0074530 secs] [Times: user=0.03 sys=0.00, real=0.01 secs] 
103564.559: [GC 103564.559: [ParNew: 210942K->720K(235968K), 0.0049100 secs] 1064222K->854185K(1546688K), 0.0051840 secs] [Times: user=0.03 sys=0.00, real=0.01 secs] 
103577.175: [GC 103577.175: [ParNew: 210463K->877K(235968K), 0.0215050 secs] 1063928K->854392K(1546688K), 0.0217230 secs] [Times: user=0.04 sys=0.00, real=0.02 secs] 
103591.587: [GC 103591.587: [ParNew: 210669K->561K(235968K), 0.0092590 secs] 1064184K->854149K(1546688K), 0.0095480 secs] [Times: user=0.03 sys=0.00, real=0.01 secs] 
103597.723: [GC 103597.723: [ParNew: 210353K->1207K(235968K), 0.0092850 secs] 1063941K->854843K(1546688K), 0.0095310 secs] [Times: user=0.03 sys=0.00, real=0.01 secs] 
103616.776: [GC 103616.776: [ParNew: 210976K->1277K(235968K), 0.0166690 secs] 1064613K->854968K(1546688K), 0.0168540 secs] [Times: user=0.02 sys=0.00, real=0.01 secs] 
103624.552: [GC 103624.552: [ParNew: 211069K->1137K(235968K), 0.0062090 secs] 1064760K->854885K(1546688K), 0.0064800 secs] [Times: user=0.03 sys=0.00, real=0.01 secs] 
103637.138: [GC 103637.139: [ParNew: 210929K->1014K(235968K), 0.0051000 secs] 1064677K->854823K(1546688K), 0.0053600 secs] [Times: user=0.03 sys=0.00, real=0.01 secs] 
103651.239: [GC 103651.239: [ParNew: 210806K->1171K(235968K), 0.0066480 secs] 1064615K->855037K(1546688K), 0.0069500 secs] [Times: user=0.03 sys=0.00, real=0.00 secs] 
103656.071: [GC 103656.071: [ParNew: 210963K->1236K(235968K), 0.0100110 secs] 1064829K->855168K(1546688K), 0.0102550 secs] [Times: user=0.03 sys=0.00, real=0.01 secs] 
103666.673: [GC 103666.673: [ParNew: 210985K->930K(235968K), 0.0110990 secs] 1064917K->854917K(1546688K), 0.0113440 secs] [Times: user=0.04 sys=0.00, real=0.01 secs] 
103683.393: [GC 103683.393: [ParNew: 210722K->954K(235968K), 0.0076450 secs] 1064709K->854997K(1546688K), 0.0079080 secs] [Times: user=0.03 sys=0.00, real=0.01 secs] 
103689.311: [GC 103689.311: [ParNew: 210746K->1317K(235968K), 0.0073060 secs] 1064789K->855414K(1546688K), 0.0075890 secs] [Times: user=0.03 sys=0.00, real=0.01 secs] 
103701.481: [GC 103701.481: [ParNew: 211088K->1396K(235968K), 0.0077750 secs] 1065185K->855538K(1546688K), 0.0080440 secs] [Times: user=0.03 sys=0.00, real=0.00 secs] 
103706.833: [GC 103706.833: [ParNew: 211188K->1500K(235968K), 0.0114050 secs] 1065330K->855693K(1546688K), 0.0116840 secs] [Times: user=0.04 sys=0.00, real=0.01 secs] 
103711.986: [GC 103711.986: [ParNew: 211292K->962K(235968K), 0.0051240 secs] 1065485K->855209K(1546688K), 0.0053840 secs] [Times: user=0.03 sys=0.00, real=0.01 secs] 
103718.155: [GC 103718.155: [ParNew: 210754K->657K(235968K), 0.0058570 secs] 1065001K->854952K(1546688K), 0.0061310 secs] [Times: user=0.03 sys=0.00, real=0.01 secs] 
103741.660: [GC 103741.660: [ParNew: 210449K->1613K(235968K), 0.0089520 secs] 1064744K->855951K(1546688K), 0.0092420 secs] [Times: user=0.03 sys=0.00, real=0.01 secs] 
103748.016: [GC 103748.016: [ParNew: 211385K->1783K(235968K), 0.0050450 secs] 1065723K->856121K(1546688K), 0.0052970 secs] [Times: user=0.03 sys=0.00, real=0.00 secs] 
103761.486: [GC 103761.486: [ParNew: 211575K->1616K(235968K), 0.0112210 secs] 1065913K->856016K(1546688K), 0.0114140 secs] [Times: user=0.04 sys=0.00, real=0.01 secs] 
103771.979: [GC 103771.979: [ParNew: 211408K->1771K(235968K), 0.0057040 secs] 1065808K->856215K(1546688K), 0.0059480 secs] [Times: user=0.03 sys=0.00, real=0.01 secs] 
103777.810: [GC 103777.810: [ParNew: 211563K->986K(235968K), 0.0056890 secs] 1066007K->856057K(1546688K), 0.0059480 secs] [Times: user=0.03 sys=0.00, real=0.00 secs] 
103803.398: [GC 103803.398: [ParNew: 210778K->770K(235968K), 0.0057200 secs] 1065849K->856128K(1546688K), 0.0059560 secs] [Times: user=0.03 sys=0.00, real=0.00 secs] 
103809.330: [GC 103809.331: [ParNew: 210562K->1017K(235968K), 0.0068970 secs] 1065920K->856430K(1546688K), 0.0072060 secs] [Times: user=0.03 sys=0.00, real=0.01 secs] 
103831.085: [GC 103831.085: [ParNew: 210809K->1023K(235968K), 0.0051400 secs] 1066222K->856488K(1546688K), 0.0054200 secs] [Times: user=0.03 sys=0.00, real=0.01 secs] 
103832.017: [GC 103832.017: [ParNew: 210769K->1184K(235968K), 0.0045170 secs] 1066233K->856693K(1546688K), 0.0047560 secs] [Times: user=0.03 sys=0.00, real=0.01 secs] 
103846.683: [GC 103846.683: [ParNew: 210976K->547K(235968K), 0.0163000 secs] 1066485K->856110K(1546688K), 0.0166200 secs] [Times: user=0.04 sys=0.00, real=0.02 secs] 
103863.424: [GC 103863.424: [ParNew: 210339K->1005K(235968K), 0.0068580 secs] 1065902K->856631K(1546688K), 0.0071380 secs] [Times: user=0.03 sys=0.00, real=0.01 secs] 
103869.358: [GC 103869.359: [ParNew: 210797K->693K(235968K), 0.0063530 secs] 1066423K->856364K(1546688K), 0.0065490 secs] [Times: user=0.02 sys=0.00, real=0.01 secs] 
103891.114: [GC 103891.115: [ParNew: 210485K->882K(235968K), 0.0090270 secs] 1066156K->856596K(1546688K), 0.0092330 secs] [Times: user=0.02 sys=0.00, real=0.01 secs] 
103896.096: [GC 103896.097: [ParNew: 210674K->667K(235968K), 0.0073450 secs] 1066388K->856506K(1546688K), 0.0075450 secs] [Times: user=0.04 sys=0.00, real=0.01 secs] 
103906.736: [GC 103906.736: [ParNew: 210459K->703K(235968K), 0.0098830 secs] 1066298K->856591K(1546688K), 0.0101400 secs] [Times: user=0.03 sys=0.00, real=0.01 secs] 
103924.714: [GC 103924.714: [ParNew: 210495K->813K(235968K), 0.0080630 secs] 1066383K->856753K(1546688K), 0.0083400 secs] [Times: user=0.03 sys=0.00, real=0.01 secs] 
103937.190: [GC 103937.190: [ParNew: 210564K->912K(235968K), 0.0068090 secs] 1066503K->856901K(1546688K), 0.0070180 secs] [Times: user=0.03 sys=0.00, real=0.01 secs] 
103951.281: [GC 103951.281: [ParNew: 210695K->917K(235968K), 0.0085150 secs] 1066683K->856949K(1546688K), 0.0087280 secs] [Times: user=0.02 sys=0.00, real=0.01 secs] 
103957.788: [GC 103957.788: [ParNew: 210709K->651K(235968K), 0.0055490 secs] 1066741K->856727K(1546688K), 0.0057570 secs] [Times: user=0.03 sys=0.00, real=0.01 secs] 
103975.152: [GC 103975.153: [ParNew: 210443K->767K(235968K), 0.0083080 secs] 1066519K->856909K(1546688K), 0.0086010 secs] [Times: user=0.04 sys=0.00, real=0.01 secs] 
103984.732: [GC 103984.733: [ParNew: 210559K->1109K(235968K), 0.0069880 secs] 1066701K->857300K(1546688K), 0.0072860 secs] [Times: user=0.03 sys=0.00, real=0.01 secs] 
103997.217: [GC 103997.218: [ParNew: 210901K->533K(235968K), 0.0210050 secs] 1067092K->856895K(1546688K), 0.0213510 secs] [Times: user=0.05 sys=0.00, real=0.02 secs] 
104011.300: [GC 104011.301: [ParNew: 210285K->933K(235968K), 0.0079810 secs] 1066646K->857344K(1546688K), 0.0083620 secs] [Times: user=0.03 sys=0.00, real=0.01 secs] 
104017.803: [GC 104017.803: [ParNew: 210714K->1463K(235968K), 0.0077940 secs] 1067125K->857927K(1546688K), 0.0080420 secs] [Times: user=0.04 sys=0.00, real=0.01 secs] 
104036.851: [GC 104036.852: [ParNew: 211245K->1363K(235968K), 0.0074020 secs] 1067710K->857877K(1546688K), 0.0076800 secs] [Times: user=0.03 sys=0.00, real=0.01 secs] 
104044.769: [GC 104044.769: [ParNew: 211155K->963K(235968K), 0.0077270 secs] 1067669K->857526K(1546688K), 0.0079950 secs] [Times: user=0.03 sys=0.00, real=0.00 secs] 
104057.264: [GC 104057.264: [ParNew: 210755K->805K(235968K), 0.0128960 secs] 1067318K->857417K(1546688K), 0.0131630 secs] [Times: user=0.03 sys=0.00, real=0.02 secs] 
104071.901: [GC 104071.902: [ParNew: 210515K->880K(235968K), 0.0063420 secs] 1067127K->857531K(1546688K), 0.0065960 secs] [Times: user=0.03 sys=0.00, real=0.01 secs] 
104077.834: [GC 104077.834: [ParNew: 210672K->1135K(235968K), 0.0064910 secs] 1067323K->857835K(1546688K), 0.0067820 secs] [Times: user=0.03 sys=0.00, real=0.00 secs] 
104101.822: [GC 104101.823: [ParNew: 210921K->1104K(235968K), 0.0107350 secs] 1067621K->857853K(1546688K), 0.0110270 secs] [Times: user=0.03 sys=0.01, real=0.01 secs] 
104108.075: [GC 104108.075: [ParNew: 210896K->1595K(235968K), 0.0091670 secs] 1067645K->858393K(1546688K), 0.0094570 secs] [Times: user=0.03 sys=0.00, real=0.01 secs] 
104121.543: [GC 104121.543: [ParNew: 211387K->1020K(235968K), 0.0081380 secs] 1068185K->857869K(1546688K), 0.0084230 secs] [Times: user=0.02 sys=0.00, real=0.01 secs] 
104131.929: [GC 104131.930: [ParNew: 210812K->793K(235968K), 0.0092050 secs] 1067661K->857696K(1546688K), 0.0094620 secs] [Times: user=0.03 sys=0.00, real=0.01 secs] 
104137.855: [GC 104137.855: [ParNew: 210585K->1387K(235968K), 0.0075920 secs] 1067488K->858338K(1546688K), 0.0078880 secs] [Times: user=0.03 sys=0.00, real=0.01 secs] 
104161.843: [GC 104161.843: [ParNew: 211179K->891K(235968K), 0.0059390 secs] 1068130K->857903K(1546688K), 0.0062420 secs] [Times: user=0.04 sys=0.01, real=0.01 secs] 
104168.091: [GC 104168.091: [ParNew: 210683K->1128K(235968K), 0.0053230 secs] 1067695K->858205K(1546688K), 0.0055550 secs] [Times: user=0.03 sys=0.00, real=0.00 secs] 
104181.537: [GC 104181.538: [ParNew: 210914K->789K(235968K), 0.0063240 secs] 1067991K->857909K(1546688K), 0.0066280 secs] [Times: user=0.03 sys=0.00, real=0.00 secs] 
104191.918: [GC 104191.918: [ParNew: 210542K->1245K(235968K), 0.0082710 secs] 1067662K->858537K(1546688K), 0.0084960 secs] [Times: user=0.03 sys=0.00, real=0.01 secs] 
104197.856: [GC 104197.857: [ParNew: 211037K->934K(235968K), 0.0188030 secs] 1068329K->858278K(1546688K), 0.0190770 secs] [Times: user=0.06 sys=0.00, real=0.02 secs] 
104216.882: [GC 104216.882: [ParNew: 210726K->766K(235968K), 0.0088220 secs] 1068070K->858165K(1546688K), 0.0090750 secs] [Times: user=0.02 sys=0.00, real=0.01 secs] 
104224.800: [GC 104224.800: [ParNew: 210558K->1109K(235968K), 0.0080120 secs] 1067957K->858578K(1546688K), 0.0083390 secs] [Times: user=0.03 sys=0.01, real=0.00 secs] 
104237.305: [GC 104237.305: [ParNew: 210901K->718K(235968K), 0.0412270 secs] 1068370K->858245K(1546688K), 0.0415950 secs] [Times: user=0.04 sys=0.00, real=0.04 secs] 
104251.348: [GC 104251.348: [ParNew: 210510K->956K(235968K), 0.0062830 secs] 1068037K->858539K(1546688K), 0.0065600 secs] [Times: user=0.03 sys=0.01, real=0.00 secs] 
104257.061: [GC 104257.061: [ParNew: 210748K->922K(235968K), 0.0116390 secs] 1068331K->858542K(1546688K), 0.0119050 secs] [Times: user=0.03 sys=0.00, real=0.01 secs] 
104266.790: [GC 104266.790: [ParNew: 210649K->1804K(235968K), 0.0139060 secs] 1068269K->859489K(1546688K), 0.0141470 secs] [Times: user=0.05 sys=0.00, real=0.02 secs] 
104283.505: [GC 104283.505: [ParNew: 211596K->1696K(235968K), 0.0132060 secs] 1069281K->859555K(1546688K), 0.0134780 secs] [Times: user=0.04 sys=0.01, real=0.01 secs] 
104289.663: [GC 104289.663: [ParNew: 211488K->1953K(235968K), 0.0078130 secs] 1069347K->859862K(1546688K), 0.0080080 secs] [Times: user=0.03 sys=0.00, real=0.01 secs] 
104309.936: [GC 104309.937: [ParNew: 211745K->1702K(235968K), 0.0079410 secs] 1069654K->859654K(1546688K), 0.0081440 secs] [Times: user=0.03 sys=0.00, real=0.00 secs] 
104312.091: [GC 104312.091: [ParNew: 211480K->955K(235968K), 0.0110900 secs] 1069433K->859607K(1546688K), 0.0113520 secs] [Times: user=0.03 sys=0.00, real=0.01 secs] 
104317.909: [GC 104317.909: [ParNew: 210747K->1186K(235968K), 0.0075670 secs] 1069399K->859895K(1546688K), 0.0078380 secs] [Times: user=0.03 sys=0.00, real=0.01 secs] 
104341.911: [GC 104341.911: [ParNew: 210978K->1020K(235968K), 0.0068460 secs] 1069687K->859783K(1546688K), 0.0071330 secs] [Times: user=0.03 sys=0.00, real=0.00 secs] 
104348.130: [GC 104348.130: [ParNew: 210812K->986K(235968K), 0.0102720 secs] 1069575K->859820K(1546688K), 0.0105610 secs] [Times: user=0.03 sys=0.00, real=0.01 secs] 
104361.589: [GC 104361.589: [ParNew: 210671K->1162K(235968K), 0.0085310 secs] 1069505K->860066K(1546688K), 0.0087970 secs] [Times: user=0.03 sys=0.00, real=0.01 secs] 
104371.967: [GC 104371.967: [ParNew: 210954K->937K(235968K), 0.0087040 secs] 1069858K->859884K(1546688K), 0.0089820 secs] [Times: user=0.03 sys=0.00, real=0.01 secs] 
104377.900: [GC 104377.901: [ParNew: 210729K->1144K(235968K), 0.0066720 secs] 1069676K->860142K(1546688K), 0.0069370 secs] [Times: user=0.03 sys=0.00, real=0.01 secs] 
104401.918: [GC 104401.918: [ParNew: 210936K->988K(235968K), 0.0054380 secs] 1069934K->860230K(1546688K), 0.0057400 secs] [Times: user=0.04 sys=0.00, real=0.01 secs] 
104408.150: [GC 104408.151: [ParNew: 210774K->783K(235968K), 0.0172210 secs] 1070016K->860079K(1546688K), 0.0175090 secs] [Times: user=0.03 sys=0.00, real=0.01 secs] 
104421.611: [GC 104421.611: [ParNew: 210575K->936K(235968K), 0.0104770 secs] 1069871K->860292K(1546688K), 0.0107620 secs] [Times: user=0.04 sys=0.00, real=0.01 secs] 
104432.103: [GC 104432.104: [ParNew: 210728K->730K(235968K), 0.0073350 secs] 1070084K->860137K(1546688K), 0.0076060 secs] [Times: user=0.03 sys=0.00, real=0.01 secs] 
104437.929: [GC 104437.929: [ParNew: 210509K->922K(235968K), 0.0057820 secs] 1069915K->860384K(1546688K), 0.0060400 secs] [Times: user=0.03 sys=0.00, real=0.01 secs] 
104463.520: [GC 104463.521: [ParNew: 210714K->832K(235968K), 0.0077300 secs] 1070176K->860345K(1546688K), 0.0080100 secs] [Times: user=0.03 sys=0.00, real=0.01 secs] 
104469.678: [GC 104469.679: [ParNew: 210624K->896K(235968K), 0.0146940 secs] 1070137K->860462K(1546688K), 0.0149180 secs] [Times: user=0.03 sys=0.00, real=0.02 secs] 
104491.339: [GC 104491.339: [ParNew: 210688K->1100K(235968K), 0.0079740 secs] 1070254K->860722K(1546688K), 0.0082790 secs] [Times: user=0.03 sys=0.01, real=0.01 secs] 
104492.148: [GC 104492.148: [ParNew: 210892K->607K(235968K), 0.0074750 secs] 1070514K->860275K(1546688K), 0.0077410 secs] [Times: user=0.02 sys=0.00, real=0.00 secs] 
104506.822: [GC 104506.822: [ParNew: 210391K->872K(235968K), 0.0243420 secs] 1070059K->860600K(1546688K), 0.0247010 secs] [Times: user=0.04 sys=0.00, real=0.03 secs] 
104523.584: [GC 104523.584: [ParNew: 210627K->913K(235968K), 0.0087510 secs] 1070354K->860689K(1546688K), 0.0089600 secs] [Times: user=0.03 sys=0.00, real=0.01 secs] 
104529.710: [GC 104529.710: [ParNew: 210705K->807K(235968K), 0.0149060 secs] 1070481K->860642K(1546688K), 0.0151950 secs] [Times: user=0.04 sys=0.00, real=0.02 secs] 
104551.362: [GC 104551.363: [ParNew: 210599K->1319K(235968K), 0.0071480 secs] 1070434K->861198K(1546688K), 0.0073550 secs] [Times: user=0.03 sys=0.00, real=0.01 secs] 
104556.188: [GC 104556.188: [ParNew: 211111K->796K(235968K), 0.0057570 secs] 1070990K->860842K(1546688K), 0.0059530 secs] [Times: user=0.03 sys=0.00, real=0.00 secs] 
104566.869: [GC 104566.870: [ParNew: 210561K->716K(235968K), 0.0102330 secs] 1070607K->860811K(1546688K), 0.0104930 secs] [Times: user=0.02 sys=0.00, real=0.01 secs] 
104583.559: [GC 104583.559: [ParNew: 210495K->841K(235968K), 0.0068890 secs] 1070590K->860989K(1546688K), 0.0071160 secs] [Times: user=0.03 sys=0.00, real=0.01 secs] 
104589.698: [GC 104589.698: [ParNew: 210633K->1137K(235968K), 0.0073560 secs] 1070781K->861346K(1546688K), 0.0076380 secs] [Times: user=0.03 sys=0.00, real=0.01 secs] 
104611.360: [GC 104611.360: [ParNew: 210929K->1451K(235968K), 0.0084140 secs] 1071138K->861710K(1546688K), 0.0086890 secs] [Times: user=0.03 sys=0.01, real=0.01 secs] 
104612.164: [GC 104612.165: [ParNew: 211243K->995K(235968K), 0.0074780 secs] 1071502K->861303K(1546688K), 0.0077920 secs] [Times: user=0.03 sys=0.00, real=0.01 secs] 
104626.864: [GC 104626.864: [ParNew: 210787K->986K(235968K), 0.0101060 secs] 1071095K->861333K(1546688K), 0.0104400 secs] [Times: user=0.03 sys=0.01, real=0.01 secs] 
104643.588: [GC 104643.589: [ParNew: 210774K->1183K(235968K), 0.0099750 secs] 1071121K->861579K(1546688K), 0.0102490 secs] [Times: user=0.02 sys=0.00, real=0.01 secs] 
104649.733: [GC 104649.733: [ParNew: 210975K->955K(235968K), 0.0063440 secs] 1071371K->861408K(1546688K), 0.0066410 secs] [Times: user=0.03 sys=0.00, real=0.00 secs] 
104671.381: [GC 104671.381: [ParNew: 210747K->1214K(235968K), 0.0081150 secs] 1071200K->861710K(1546688K), 0.0083840 secs] [Times: user=0.02 sys=0.00, real=0.01 secs] 
104676.192: [GC 104676.192: [ParNew: 211006K->802K(235968K), 0.0066430 secs] 1071502K->861365K(1546688K), 0.0069330 secs] [Times: user=0.03 sys=0.00, real=0.01 secs] 
104686.902: [GC 104686.902: [ParNew: 210594K->1050K(235968K), 0.0195260 secs] 1071157K->861663K(1546688K), 0.0197920 secs] [Times: user=0.05 sys=0.00, real=0.02 secs] 
104703.619: [GC 104703.619: [ParNew: 210785K->934K(235968K), 0.0073750 secs] 1071398K->861600K(1546688K), 0.0076530 secs] [Times: user=0.03 sys=0.00, real=0.01 secs] 
104709.777: [GC 104709.777: [ParNew: 210726K->853K(235968K), 0.0068070 secs] 1071392K->861625K(1546688K), 0.0070840 secs] [Times: user=0.03 sys=0.00, real=0.01 secs] 
104731.399: [GC 104731.400: [ParNew: 210645K->1098K(235968K), 0.0118780 secs] 1071417K->861914K(1546688K), 0.0120760 secs] [Times: user=0.02 sys=0.01, real=0.01 secs] 
104736.217: [GC 104736.217: [ParNew: 210869K->921K(235968K), 0.0062510 secs] 1071686K->861787K(1546688K), 0.0065080 secs] [Times: user=0.03 sys=0.00, real=0.01 secs] 
104746.919: [GC 104746.919: [ParNew: 210713K->966K(235968K), 0.0078860 secs] 1071579K->861885K(1546688K), 0.0081590 secs] [Times: user=0.03 sys=0.00, real=0.01 secs] 
104764.860: [GC 104764.860: [ParNew: 210758K->928K(235968K), 0.0053520 secs] 1071677K->861901K(1546688K), 0.0056320 secs] [Times: user=0.03 sys=0.01, real=0.01 secs] 
104777.383: [GC 104777.384: [ParNew: 210720K->614K(235968K), 0.0056410 secs] 1071693K->861661K(1546688K), 0.0059070 secs] [Times: user=0.03 sys=0.00, real=0.00 secs] 
104791.422: [GC 104791.422: [ParNew: 210406K->1250K(235968K), 0.0047710 secs] 1071453K->862340K(1546688K), 0.0050490 secs] [Times: user=0.03 sys=0.00, real=0.00 secs] 
104796.243: [GC 104796.243: [ParNew: 211042K->1039K(235968K), 0.0065620 secs] 1072132K->862190K(1546688K), 0.0068390 secs] [Times: user=0.03 sys=0.00, real=0.01 secs] 
104816.934: [GC 104816.935: [ParNew: 210831K->998K(235968K), 0.0059080 secs] 1071982K->862199K(1546688K), 0.0062170 secs] [Times: user=0.03 sys=0.00, real=0.01 secs] 
104824.886: [GC 104824.886: [ParNew: 210790K->960K(235968K), 0.0098520 secs] 1071991K->862255K(1546688K), 0.0101200 secs] [Times: user=0.03 sys=0.00, real=0.01 secs] 
104837.406: [GC 104837.407: [ParNew: 210752K->1143K(235968K), 0.0053150 secs] 1072047K->862494K(1546688K), 0.0056150 secs] [Times: user=0.03 sys=0.00, real=0.00 secs] 
104851.442: [GC 104851.443: [ParNew: 210895K->1460K(235968K), 0.0162740 secs] 1072246K->862854K(1546688K), 0.0165830 secs] [Times: user=0.05 sys=0.01, real=0.01 secs] 
104856.244: [GC 104856.244: [ParNew: 211252K->1264K(235968K), 0.0090010 secs] 1072646K->862720K(1546688K), 0.0101950 secs] [Times: user=0.03 sys=0.00, real=0.01 secs] 
104867.154: [GC 104867.154: [ParNew: 211004K->1007K(235968K), 0.0157450 secs] 1072460K->862517K(1546688K), 0.0159840 secs] [Times: user=0.03 sys=0.00, real=0.02 secs] 
104883.662: [GC 104883.662: [ParNew: 210799K->947K(235968K), 0.0066720 secs] 1072309K->862515K(1546688K), 0.0069750 secs] [Times: user=0.03 sys=0.00, real=0.01 secs] 
104889.828: [GC 104889.829: [ParNew: 210675K->771K(235968K), 0.0070340 secs] 1072243K->862516K(1546688K), 0.0072750 secs] [Times: user=0.03 sys=0.00, real=0.01 secs] 
104911.438: [GC 104911.438: [ParNew: 210563K->1371K(235968K), 0.0086140 secs] 1072308K->863160K(1546688K), 0.0089240 secs] [Times: user=0.03 sys=0.00, real=0.01 secs] 
104916.250: [GC 104916.250: [ParNew: 211130K->894K(235968K), 0.0061020 secs] 1072919K->862741K(1546688K), 0.0063140 secs] [Times: user=0.03 sys=0.00, real=0.01 secs] 
104934.513: [GC 104934.513: [ParNew: 210686K->759K(235968K), 0.0097390 secs] 1072533K->862665K(1546688K), 0.0100210 secs] [Times: user=0.03 sys=0.00, real=0.01 secs] 
104944.908: [GC 104944.908: [ParNew: 210551K->767K(235968K), 0.0072830 secs] 1072457K->862726K(1546688K), 0.0075680 secs] [Times: user=0.03 sys=0.00, real=0.00 secs] 
104957.438: [GC 104957.438: [ParNew: 210559K->910K(235968K), 0.0069080 secs] 1072518K->862933K(1546688K), 0.0071100 secs] [Times: user=0.03 sys=0.00, real=0.01 secs] 
104971.475: [GC 104971.475: [ParNew: 210702K->645K(235968K), 0.0230970 secs] 1072725K->862712K(1546688K), 0.0234060 secs] [Times: user=0.06 sys=0.01, real=0.02 secs] 
104977.957: [GC 104977.957: [ParNew: 210437K->657K(235968K), 0.0098670 secs] 1072504K->862844K(1546688K), 0.0101510 secs] [Times: user=0.03 sys=0.00, real=0.01 secs] 
104996.986: [GC 104996.986: [ParNew: 210444K->877K(235968K), 0.0069640 secs] 1072631K->863117K(1546688K), 0.0072500 secs] [Times: user=0.03 sys=0.01, real=0.01 secs] 
105004.941: [GC 105004.941: [ParNew: 210653K->897K(235968K), 0.0136910 secs] 1072893K->863193K(1546688K), 0.0139300 secs] [Times: user=0.03 sys=0.00, real=0.01 secs] 
105017.464: [GC 105017.464: [ParNew: 210689K->852K(235968K), 0.0064400 secs] 1072985K->863197K(1546688K), 0.0067210 secs] [Times: user=0.03 sys=0.00, real=0.01 secs] 
105032.026: [GC 105032.026: [ParNew: 210644K->808K(235968K), 0.0060780 secs] 1072989K->863196K(1546688K), 0.0063610 secs] [Times: user=0.03 sys=0.00, real=0.01 secs] 
105037.992: [GC 105037.992: [ParNew: 210600K->972K(235968K), 0.0064980 secs] 1072988K->863411K(1546688K), 0.0066830 secs] [Times: user=0.03 sys=0.00, real=0.00 secs] 
105057.994: [GC 105057.995: [ParNew: 210764K->835K(235968K), 0.0073460 secs] 1073203K->863333K(1546688K), 0.0076250 secs] [Times: user=0.03 sys=0.00, real=0.01 secs] 
105064.954: [GC 105064.954: [ParNew: 210627K->1046K(235968K), 0.0071690 secs] 1073125K->863599K(1546688K), 0.0074210 secs] [Times: user=0.03 sys=0.00, real=0.01 secs] 
105077.487: [GC 105077.487: [ParNew: 210802K->1097K(235968K), 0.0065480 secs] 1073355K->863711K(1546688K), 0.0067570 secs] [Times: user=0.03 sys=0.00, real=0.00 secs] 
105092.061: [GC 105092.062: [ParNew: 210889K->1164K(235968K), 0.0063330 secs] 1073503K->863827K(1546688K), 0.0066110 secs] [Times: user=0.03 sys=0.00, real=0.01 secs] 
105097.989: [GC 105097.989: [ParNew: 210956K->712K(235968K), 0.0066860 secs] 1073619K->863427K(1546688K), 0.0069090 secs] [Times: user=0.02 sys=0.00, real=0.01 secs] 
105117.003: [GC 105117.003: [ParNew: 210504K->940K(235968K), 0.0058510 secs] 1073219K->863713K(1546688K), 0.0061580 secs] [Times: user=0.03 sys=0.00, real=0.01 secs] 
105124.965: [GC 105124.966: [ParNew: 210732K->864K(235968K), 0.0071920 secs] 1073505K->863816K(1546688K), 0.0074730 secs] [Times: user=0.03 sys=0.00, real=0.01 secs] 
105137.500: [GC 105137.501: [ParNew: 210652K->552K(235968K), 0.0084140 secs] 1073604K->863566K(1546688K), 0.0086150 secs] [Times: user=0.03 sys=0.00, real=0.01 secs] 
105152.072: [GC 105152.072: [ParNew: 210344K->829K(235968K), 0.0068890 secs] 1073358K->863908K(1546688K), 0.0071910 secs] [Times: user=0.02 sys=0.00, real=0.01 secs] 
105158.011: [GC 105158.011: [ParNew: 210567K->761K(235968K), 0.0072750 secs] 1073647K->863891K(1546688K), 0.0074870 secs] [Times: user=0.03 sys=0.01, real=0.01 secs] 
105182.044: [GC 105182.044: [ParNew: 210553K->1216K(235968K), 0.0054320 secs] 1073683K->864395K(1546688K), 0.0056560 secs] [Times: user=0.03 sys=0.00, real=0.01 secs] 
105188.388: [GC 105188.389: [ParNew: 211008K->813K(235968K), 0.0071240 secs] 1074187K->864034K(1546688K), 0.0074240 secs] [Times: user=0.03 sys=0.00, real=0.00 secs] 
105201.733: [GC 105201.734: [ParNew: 210596K->1113K(235968K), 0.0065770 secs] 1073818K->864403K(1546688K), 0.0068680 secs] [Times: user=0.03 sys=0.00, real=0.01 secs] 
105212.086: [GC 105212.086: [ParNew: 210905K->1059K(235968K), 0.0062080 secs] 1074195K->864398K(1546688K), 0.0064940 secs] [Times: user=0.04 sys=0.01, real=0.00 secs] 
105218.030: [GC 105218.030: [ParNew: 210851K->1158K(235968K), 0.0066800 secs] 1074190K->864546K(1546688K), 0.0069690 secs] [Times: user=0.03 sys=0.00, real=0.01 secs] 
105242.062: [GC 105242.062: [ParNew: 210950K->1061K(235968K), 0.0065700 secs] 1074338K->864509K(1546688K), 0.0068380 secs] [Times: user=0.03 sys=0.00, real=0.01 secs] 
105248.411: [GC 105248.412: [ParNew: 210826K->625K(235968K), 0.0072730 secs] 1074274K->864120K(1546688K), 0.0074670 secs] [Times: user=0.03 sys=0.00, real=0.01 secs] 
105261.766: [GC 105261.766: [ParNew: 210417K->772K(235968K), 0.0048520 secs] 1073912K->864314K(1546688K), 0.0051380 secs] [Times: user=0.03 sys=0.00, real=0.00 secs] 
105272.248: [GC 105272.248: [ParNew: 210564K->765K(235968K), 0.0057680 secs] 1074106K->864355K(1546688K), 0.0060070 secs] [Times: user=0.03 sys=0.00, real=0.01 secs] 
105278.065: [GC 105278.065: [ParNew: 210518K->1008K(235968K), 0.0059890 secs] 1074108K->864652K(1546688K), 0.0062680 secs] [Times: user=0.03 sys=0.00, real=0.00 secs] 
105302.107: [GC 105302.107: [ParNew: 210751K->599K(235968K), 0.0051490 secs] 1074395K->864297K(1546688K), 0.0054280 secs] [Times: user=0.04 sys=0.01, real=0.01 secs] 
105309.820: [GC 105309.821: [ParNew: 210391K->764K(235968K), 0.0147430 secs] 1074089K->864516K(1546688K), 0.0150580 secs] [Times: user=0.04 sys=0.00, real=0.01 secs] 
105327.478: [GC 105327.478: [ParNew: 210556K->573K(235968K), 0.0100310 secs] 1074308K->864375K(1546688K), 0.0102700 secs] [Times: user=0.03 sys=0.00, real=0.01 secs] 
105332.285: [GC 105332.286: [ParNew: 210335K->823K(235968K), 0.0070840 secs] 1074136K->864668K(1546688K), 0.0073150 secs] [Times: user=0.04 sys=0.00, real=0.00 secs] 
105341.330: [GC 105341.331: [ParNew: 210615K->767K(235968K), 0.0066890 secs] 1074460K->864665K(1546688K), 0.0069650 secs] [Times: user=0.03 sys=0.00, real=0.01 secs] 
105362.094: [GC 105362.094: [ParNew: 210559K->1088K(235968K), 0.0117800 secs] 1074457K->865042K(1546688K), 0.0120670 secs] [Times: user=0.05 sys=0.00, real=0.01 secs] 
105368.445: [GC 105368.445: [ParNew: 210868K->1192K(235968K), 0.0131200 secs] 1074822K->865200K(1546688K), 0.0133060 secs] [Times: user=0.03 sys=0.00, real=0.01 secs] 
105381.791: [GC 105381.791: [ParNew: 210984K->1078K(235968K), 0.0073840 secs] 1074992K->865147K(1546688K), 0.0076420 secs] [Times: user=0.03 sys=0.00, real=0.01 secs] 
105392.279: [GC 105392.279: [ParNew: 210809K->1161K(235968K), 0.0060690 secs] 1074878K->865275K(1546688K), 0.0063280 secs] [Times: user=0.03 sys=0.00, real=0.01 secs] 
105398.100: [GC 105398.100: [ParNew: 210953K->719K(235968K), 0.0161340 secs] 1075067K->864884K(1546688K), 0.0164850 secs] [Times: user=0.04 sys=0.00, real=0.02 secs] 
105423.721: [GC 105423.722: [ParNew: 210439K->1197K(235968K), 0.0132170 secs] 1074604K->865416K(1546688K), 0.0134760 secs] [Times: user=0.03 sys=0.00, real=0.01 secs] 
105429.855: [GC 105429.855: [ParNew: 210989K->1004K(235968K), 0.0461430 secs] 1075208K->865272K(1546688K), 0.0465130 secs] [Times: user=0.05 sys=0.00, real=0.05 secs] 
105446.441: [GC 105446.442: [ParNew: 210796K->678K(235968K), 0.0138060 secs] 1075064K->865008K(1546688K), 0.0141160 secs] [Times: user=0.03 sys=0.00, real=0.01 secs] 
105452.304: [GC 105452.305: [ParNew: 210470K->889K(235968K), 0.0070640 secs] 1074800K->865263K(1546688K), 0.0073020 secs] [Times: user=0.03 sys=0.00, real=0.01 secs] 
105462.205: [GC 105462.205: [ParNew: 210681K->699K(235968K), 0.0078210 secs] 1075055K->865133K(1546688K), 0.0080980 secs] [Times: user=0.03 sys=0.00, real=0.00 secs] 
105483.734: [GC 105483.734: [ParNew: 210491K->1113K(235968K), 0.0076300 secs] 1074925K->865603K(1546688K), 0.0079220 secs] [Times: user=0.03 sys=0.00, real=0.01 secs] 
105489.850: [GC 105489.851: [ParNew: 210905K->1450K(235968K), 0.0073860 secs] 1075395K->866078K(1546688K), 0.0076460 secs] [Times: user=0.03 sys=0.00, real=0.00 secs] 
105508.330: [GC 105508.330: [ParNew: 211242K->748K(235968K), 0.0080010 secs] 1075870K->865439K(1546688K), 0.0082450 secs] [Times: user=0.03 sys=0.00, real=0.01 secs] 
105512.310: [GC 105512.310: [ParNew: 210540K->795K(235968K), 0.0083830 secs] 1075231K->865531K(1546688K), 0.0086080 secs] [Times: user=0.03 sys=0.00, real=0.01 secs] 
105527.049: [GC 105527.049: [ParNew: 210587K->666K(235968K), 0.0329590 secs] 1075323K->865496K(1546688K), 0.0332620 secs] [Times: user=0.02 sys=0.00, real=0.03 secs] 
105543.758: [GC 105543.759: [ParNew: 210458K->722K(235968K), 0.0070690 secs] 1075288K->865604K(1546688K), 0.0073510 secs] [Times: user=0.03 sys=0.00, real=0.01 secs] 
105549.874: [GC 105549.875: [ParNew: 210514K->876K(235968K), 0.0062690 secs] 1075396K->865807K(1546688K), 0.0064560 secs] [Times: user=0.03 sys=0.00, real=0.01 secs] 
105571.528: [GC 105571.528: [ParNew: 210666K->1043K(235968K), 0.0099440 secs] 1075597K->866029K(1546688K), 0.0101620 secs] [Times: user=0.03 sys=0.00, real=0.01 secs] 
105576.325: [GC 105576.325: [ParNew: 210835K->1105K(235968K), 0.0054500 secs] 1075821K->866126K(1546688K), 0.0057160 secs] [Times: user=0.03 sys=0.01, real=0.01 secs] 
105587.123: [GC 105587.123: [ParNew: 210897K->582K(235968K), 0.0095730 secs] 1075918K->865649K(1546688K), 0.0098560 secs] [Times: user=0.03 sys=0.00, real=0.01 secs] 
105603.765: [GC 105603.766: [ParNew: 210284K->960K(235968K), 0.0084560 secs] 1075352K->866084K(1546688K), 0.0086840 secs] [Times: user=0.03 sys=0.00, real=0.01 secs] 
105609.879: [GC 105609.879: [ParNew: 210698K->730K(235968K), 0.0083200 secs] 1075822K->865913K(1546688K), 0.0085310 secs] [Times: user=0.02 sys=0.00, real=0.01 secs] 
105631.531: [GC 105631.531: [ParNew: 210425K->1017K(235968K), 0.0054550 secs] 1075607K->866255K(1546688K), 0.0056840 secs] [Times: user=0.03 sys=0.00, real=0.00 secs] 
105634.084: [GC 105634.084: [ParNew: 210809K->581K(235968K), 0.0070040 secs] 1076047K->865869K(1546688K), 0.0072180 secs] [Times: user=0.02 sys=0.00, real=0.01 secs] 
105645.357: [GC 105645.357: [ParNew: 210363K->1129K(235968K), 0.0204780 secs] 1075651K->866466K(1546688K), 0.0207470 secs] [Times: user=0.05 sys=0.00, real=0.02 secs] 
105662.161: [GC 105662.161: [ParNew: 210921K->1206K(235968K), 0.0074350 secs] 1076258K->866601K(1546688K), 0.0077290 secs] [Times: user=0.03 sys=0.00, real=0.01 secs] 
105668.486: [GC 105668.486: [ParNew: 210977K->980K(235968K), 0.0082750 secs] 1076373K->866424K(1546688K), 0.0085590 secs] [Times: user=0.04 sys=0.00, real=0.01 secs] 
105681.832: [GC 105681.832: [ParNew: 210772K->1596K(235968K), 0.0074750 secs] 1076216K->867089K(1546688K), 0.0076820 secs] [Times: user=0.03 sys=0.00, real=0.00 secs] 
105692.157: [GC 105692.157: [ParNew: 211358K->1007K(235968K), 0.0117180 secs] 1076851K->866712K(1546688K), 0.0119440 secs] [Times: user=0.03 sys=0.00, real=0.02 secs] 
105698.243: [GC 105698.243: [ParNew: 210792K->1255K(235968K), 0.0087680 secs] 1076497K->867127K(1546688K), 0.0090020 secs] [Times: user=0.04 sys=0.00, real=0.01 secs] 
105722.177: [GC 105722.177: [ParNew: 211047K->867K(235968K), 0.0107510 secs] 1076919K->866793K(1546688K), 0.0109570 secs] [Times: user=0.02 sys=0.00, real=0.01 secs] 
105728.505: [GC 105728.505: [ParNew: 210659K->747K(235968K), 0.0064320 secs] 1076585K->866736K(1546688K), 0.0066300 secs] [Times: user=0.03 sys=0.00, real=0.00 secs] 
105741.865: [GC 105741.865: [ParNew: 210495K->961K(235968K), 0.0068940 secs] 1076484K->867001K(1546688K), 0.0071050 secs] [Times: user=0.03 sys=0.00, real=0.01 secs] 
105752.351: [GC 105752.352: [ParNew: 210703K->940K(235968K), 0.0064860 secs] 1076743K->867024K(1546688K), 0.0066860 secs] [Times: user=0.03 sys=0.00, real=0.00 secs] 
105758.300: [GC 105758.300: [ParNew: 210732K->565K(235968K), 0.0306870 secs] 1076816K->866703K(1546688K), 0.0309720 secs] [Times: user=0.05 sys=0.00, real=0.03 secs] 
105782.199: [GC 105782.199: [ParNew: 210316K->948K(235968K), 0.0083640 secs] 1076455K->867140K(1546688K), 0.0086550 secs] [Times: user=0.03 sys=0.00, real=0.01 secs] 
105788.525: [GC 105788.525: [ParNew: 210708K->1016K(235968K), 0.0067760 secs] 1076901K->867262K(1546688K), 0.0071000 secs] [Times: user=0.03 sys=0.00, real=0.00 secs] 
105801.885: [GC 105801.885: [ParNew: 210808K->1156K(235968K), 0.0088840 secs] 1077054K->867470K(1546688K), 0.0091660 secs] [Times: user=0.04 sys=0.00, real=0.01 secs] 
105812.365: [GC 105812.365: [ParNew: 210892K->867K(235968K), 0.0128700 secs] 1077206K->867225K(1546688K), 0.0130810 secs] [Times: user=0.03 sys=0.00, real=0.01 secs] 
105827.117: [GC 105827.117: [ParNew: 210622K->564K(235968K), 0.0122660 secs] 1076979K->867094K(1546688K), 0.0125440 secs] [Times: user=0.03 sys=0.00, real=0.01 secs] 
105843.816: [GC 105843.816: [ParNew: 210356K->769K(235968K), 0.0074410 secs] 1076886K->867341K(1546688K), 0.0077450 secs] [Times: user=0.03 sys=0.00, real=0.00 secs] 
105849.930: [GC 105849.930: [ParNew: 210561K->667K(235968K), 0.0080230 secs] 1077133K->867275K(1546688K), 0.0082660 secs] [Times: user=0.03 sys=0.00, real=0.01 secs] 
105871.552: [GC 105871.552: [ParNew: 210433K->1068K(235968K), 0.0067610 secs] 1077041K->867725K(1546688K), 0.0070780 secs] [Times: user=0.03 sys=0.00, real=0.00 secs] 
105872.398: [GC 105872.398: [ParNew: 210820K->1118K(235968K), 0.0059790 secs] 1077476K->867824K(1546688K), 0.0062470 secs] [Times: user=0.03 sys=0.00, real=0.01 secs] 
105886.190: [GC 105886.190: [ParNew: 210910K->691K(235968K), 0.0072420 secs] 1077616K->867459K(1546688K), 0.0074740 secs] [Times: user=0.03 sys=0.00, real=0.00 secs] 
105903.816: [GC 105903.817: [ParNew: 210483K->1176K(235968K), 0.0131340 secs] 1077251K->867998K(1546688K), 0.0133310 secs] [Times: user=0.04 sys=0.00, real=0.01 secs] 
105909.931: [GC 105909.931: [ParNew: 210968K->1463K(235968K), 0.0066870 secs] 1077790K->868476K(1546688K), 0.0069770 secs] [Times: user=0.03 sys=0.01, real=0.01 secs] 
105922.996: [GC 105922.996: [ParNew: 211255K->573K(235968K), 0.0063690 secs] 1078268K->867635K(1546688K), 0.0066220 secs] [Times: user=0.03 sys=0.00, real=0.01 secs] 
105932.394: [GC 105932.394: [ParNew: 210310K->976K(235968K), 0.0066210 secs] 1077373K->868093K(1546688K), 0.0068880 secs] [Times: user=0.03 sys=0.00, real=0.01 secs] 
105940.280: [GC 105940.280: [ParNew: 210768K->751K(235968K), 0.0093820 secs] 1077885K->867927K(1546688K), 0.0095620 secs] [Times: user=0.03 sys=0.00, real=0.01 secs] 
105962.224: [GC 105962.224: [ParNew: 210543K->1124K(235968K), 0.0083420 secs] 1077719K->868360K(1546688K), 0.0085530 secs] [Times: user=0.03 sys=0.00, real=0.01 secs] 
105968.549: [GC 105968.550: [ParNew: 210911K->1343K(235968K), 0.0100520 secs] 1078147K->868622K(1546688K), 0.0102990 secs] [Times: user=0.03 sys=0.00, real=0.01 secs] 
105981.898: [GC 105981.898: [ParNew: 211135K->1028K(235968K), 0.0096850 secs] 1078414K->868369K(1546688K), 0.0099440 secs] [Times: user=0.03 sys=0.00, real=0.01 secs] 
105992.387: [GC 105992.387: [ParNew: 210820K->1106K(235968K), 0.0063290 secs] 1078161K->868492K(1546688K), 0.0066270 secs] [Times: user=0.04 sys=0.00, real=0.01 secs] 
105998.328: [GC 105998.328: [ParNew: 210898K->813K(235968K), 0.0164430 secs] 1078284K->868325K(1546688K), 0.0167350 secs] [Times: user=0.04 sys=0.00, real=0.02 secs] 
106022.360: [GC 106022.361: [ParNew: 210588K->1209K(235968K), 0.0067110 secs] 1078101K->868819K(1546688K), 0.0069420 secs] [Times: user=0.04 sys=0.00, real=0.01 secs] 
106029.945: [GC 106029.945: [ParNew: 210991K->650K(235968K), 0.0051730 secs] 1078601K->868448K(1546688K), 0.0054640 secs] [Times: user=0.03 sys=0.00, real=0.01 secs] 
106049.981: [GC 106049.982: [ParNew: 210442K->890K(235968K), 0.0071390 secs] 1078240K->868738K(1546688K), 0.0073950 secs] [Times: user=0.04 sys=0.01, real=0.01 secs] 
106052.425: [GC 106052.425: [ParNew: 210681K->1265K(235968K), 0.0078410 secs] 1078529K->869156K(1546688K), 0.0081480 secs] [Times: user=0.03 sys=0.00, real=0.01 secs] 
106067.181: [GC 106067.182: [ParNew: 211057K->1278K(235968K), 0.0161560 secs] 1078948K->869218K(1546688K), 0.0164790 secs] [Times: user=0.03 sys=0.00, real=0.01 secs] 
106083.860: [GC 106083.860: [ParNew: 211070K->1020K(235968K), 0.0078760 secs] 1079010K->869013K(1546688K), 0.0081320 secs] [Times: user=0.03 sys=0.00, real=0.01 secs] 
106089.964: [GC 106089.964: [ParNew: 210788K->1348K(235968K), 0.0062310 secs] 1078781K->869390K(1546688K), 0.0065120 secs] [Times: user=0.03 sys=0.00, real=0.01 secs] 
106111.592: [GC 106111.592: [ParNew: 211126K->1304K(235968K), 0.0106620 secs] 1079169K->869395K(1546688K), 0.0109470 secs] [Times: user=0.04 sys=0.00, real=0.02 secs] 
106113.974: [GC 106113.974: [ParNew: 211096K->760K(235968K), 0.0086730 secs] 1079187K->868908K(1546688K), 0.0089070 secs] [Times: user=0.03 sys=0.00, real=0.01 secs] 
106127.231: [GC 106127.232: [ParNew: 210552K->860K(235968K), 0.0080830 secs] 1078700K->869138K(1546688K), 0.0083490 secs] [Times: user=0.03 sys=0.00, real=0.00 secs] 
106143.890: [GC 106143.891: [ParNew: 210652K->947K(235968K), 0.0078690 secs] 1078930K->869293K(1546688K), 0.0081360 secs] [Times: user=0.03 sys=0.00, real=0.01 secs] 
106150.020: [GC 106150.020: [ParNew: 210739K->771K(235968K), 0.0118040 secs] 1079085K->869175K(1546688K), 0.0121390 secs] [Times: user=0.03 sys=0.00, real=0.01 secs] 
106171.642: [GC 106171.642: [ParNew: 210563K->805K(235968K), 0.0098620 secs] 1078967K->869266K(1546688K), 0.0101020 secs] [Times: user=0.03 sys=0.00, real=0.01 secs] 
106176.417: [GC 106176.417: [ParNew: 210572K->694K(235968K), 0.0060060 secs] 1079033K->869204K(1546688K), 0.0062770 secs] [Times: user=0.03 sys=0.00, real=0.01 secs] 
106196.243: [GC 106196.243: [ParNew: 210486K->607K(235968K), 0.0046180 secs] 1078996K->869184K(1546688K), 0.0048710 secs] [Times: user=0.03 sys=0.00, real=0.00 secs] 
106205.125: [GC 106205.125: [ParNew: 210399K->1053K(235968K), 0.0045580 secs] 1078976K->869672K(1546688K), 0.0048540 secs] [Times: user=0.04 sys=0.00, real=0.01 secs] 
106217.956: [GC 106217.956: [ParNew: 210834K->1009K(235968K), 0.0049410 secs] 1079453K->869671K(1546688K), 0.0051990 secs] [Times: user=0.04 sys=0.00, real=0.00 secs] 
106231.711: [GC 106231.712: [ParNew: 210801K->1209K(235968K), 0.0083190 secs] 1079463K->869915K(1546688K), 0.0086540 secs] [Times: user=0.03 sys=0.00, real=0.01 secs] 
106238.124: [GC 106238.124: [ParNew: 210992K->866K(235968K), 0.0058680 secs] 1079698K->869688K(1546688K), 0.0061270 secs] [Times: user=0.03 sys=0.00, real=0.00 secs] 
106257.154: [GC 106257.155: [ParNew: 210636K->974K(235968K), 0.0051140 secs] 1079458K->869854K(1546688K), 0.0054370 secs] [Times: user=0.03 sys=0.00, real=0.01 secs] 
106265.160: [GC 106265.160: [ParNew: 210639K->729K(235968K), 0.0077180 secs] 1079519K->869663K(1546688K), 0.0079860 secs] [Times: user=0.03 sys=0.01, real=0.00 secs] 
106277.987: [GC 106277.987: [ParNew: 210521K->1078K(235968K), 0.0078390 secs] 1079455K->870062K(1546688K), 0.0081000 secs] [Times: user=0.03 sys=0.00, real=0.00 secs] 
106292.235: [GC 106292.235: [ParNew: 210870K->833K(235968K), 0.0087340 secs] 1079854K->869867K(1546688K), 0.0089940 secs] [Times: user=0.03 sys=0.00, real=0.00 secs] 
106298.365: [GC 106298.366: [ParNew: 210602K->775K(235968K), 0.0104660 secs] 1079635K->869872K(1546688K), 0.0107750 secs] [Times: user=0.03 sys=0.00, real=0.01 secs] 
106322.390: [GC 106322.390: [ParNew: 210567K->1027K(235968K), 0.0096570 secs] 1079664K->870173K(1546688K), 0.0099730 secs] [Times: user=0.03 sys=0.00, real=0.01 secs] 
106328.598: [GC 106328.599: [ParNew: 210819K->712K(235968K), 0.0062570 secs] 1079965K->869908K(1546688K), 0.0064750 secs] [Times: user=0.03 sys=0.00, real=0.00 secs] 
106341.967: [GC 106341.968: [ParNew: 210501K->713K(235968K), 0.0069320 secs] 1079697K->869958K(1546688K), 0.0074290 secs] [Times: user=0.03 sys=0.00, real=0.00 secs] 
106352.452: [GC 106352.452: [ParNew: 210505K->834K(235968K), 0.0076440 secs] 1079750K->870127K(1546688K), 0.0079210 secs] [Times: user=0.03 sys=0.00, real=0.01 secs] 
106358.416: [GC 106358.416: [ParNew: 210626K->1032K(235968K), 0.0090930 secs] 1079919K->870377K(1546688K), 0.0092830 secs] [Times: user=0.03 sys=0.00, real=0.01 secs] 
106382.429: [GC 106382.430: [ParNew: 210824K->1017K(235968K), 0.0078420 secs] 1080169K->870410K(1546688K), 0.0081050 secs] [Times: user=0.03 sys=0.00, real=0.01 secs] 
106390.005: [GC 106390.005: [ParNew: 210808K->1100K(235968K), 0.0091840 secs] 1080202K->870547K(1546688K), 0.0093930 secs] [Times: user=0.03 sys=0.00, real=0.01 secs] 
106401.996: [GC 106401.996: [ParNew: 210892K->1017K(235968K), 0.0124170 secs] 1080339K->870511K(1546688K), 0.0127090 secs] [Times: user=0.05 sys=0.00, real=0.02 secs] 
106412.477: [GC 106412.478: [ParNew: 210809K->1047K(235968K), 0.0054810 secs] 1080303K->870591K(1546688K), 0.0057570 secs] [Times: user=0.03 sys=0.00, real=0.00 secs] 
106423.880: [GC 106423.880: [ParNew: 210839K->686K(235968K), 0.0111810 secs] 1080383K->870286K(1546688K), 0.0114470 secs] [Times: user=0.03 sys=0.01, real=0.01 secs] 
106443.925: [GC 106443.925: [ParNew: 210478K->1038K(235968K), 0.0053140 secs] 1080078K->870692K(1546688K), 0.0055960 secs] [Times: user=0.03 sys=0.00, real=0.01 secs] 
106450.037: [GC 106450.037: [ParNew: 210830K->1108K(235968K), 0.0356350 secs] 1080484K->870814K(1546688K), 0.0359230 secs] [Times: user=0.06 sys=0.00, real=0.04 secs] 
106471.642: [GC 106471.642: [ParNew: 210899K->826K(235968K), 0.0061530 secs] 1080605K->870691K(1546688K), 0.0064510 secs] [Times: user=0.03 sys=0.01, real=0.01 secs] 
106475.755: [GC 106475.755: [ParNew: 210618K->512K(235968K), 0.0068110 secs] 1080483K->870421K(1546688K), 0.0069980 secs] [Times: user=0.03 sys=0.00, real=0.01 secs] 
106487.294: [GC 106487.294: [ParNew: 210220K->1015K(235968K), 0.0212960 secs] 1080129K->870967K(1546688K), 0.0215700 secs] [Times: user=0.04 sys=0.00, real=0.02 secs] 
106503.955: [GC 106503.955: [ParNew: 210807K->1085K(235968K), 0.0085590 secs] 1080759K->871092K(1546688K), 0.0088530 secs] [Times: user=0.03 sys=0.00, real=0.01 secs] 
106510.225: [GC 106510.225: [ParNew: 210833K->968K(235968K), 0.0077810 secs] 1080840K->871024K(1546688K), 0.0080430 secs] [Times: user=0.03 sys=0.00, real=0.01 secs] 
106531.662: [GC 106531.662: [ParNew: 210738K->765K(235968K), 0.0079040 secs] 1080794K->870872K(1546688K), 0.0081940 secs] [Times: user=0.03 sys=0.00, real=0.01 secs] 
106536.462: [GC 106536.462: [ParNew: 210557K->1058K(235968K), 0.0122070 secs] 1080664K->871214K(1546688K), 0.0124020 secs] [Times: user=0.02 sys=0.00, real=0.01 secs] 
106547.319: [GC 106547.319: [ParNew: 210850K->1013K(235968K), 0.0073650 secs] 1081006K->871225K(1546688K), 0.0076380 secs] [Times: user=0.03 sys=0.00, real=0.01 secs] 
106563.978: [GC 106563.978: [ParNew: 210796K->1268K(235968K), 0.0071000 secs] 1081008K->871535K(1546688K), 0.0073830 secs] [Times: user=0.03 sys=0.00, real=0.01 secs] 
106570.249: [GC 106570.249: [ParNew: 211030K->988K(235968K), 0.0108240 secs] 1081297K->871305K(1546688K), 0.0111330 secs] [Times: user=0.04 sys=0.01, real=0.01 secs] 
106591.739: [GC 106591.739: [ParNew: 210780K->792K(235968K), 0.0184600 secs] 1081097K->871173K(1546688K), 0.0187530 secs] [Times: user=0.04 sys=0.00, real=0.02 secs] 
106596.479: [GC 106596.479: [ParNew: 210584K->624K(235968K), 0.0068390 secs] 1080965K->871085K(1546688K), 0.0071500 secs] [Times: user=0.03 sys=0.00, real=0.01 secs] 
106607.346: [GC 106607.346: [ParNew: 210416K->797K(235968K), 0.0083980 secs] 1080877K->871320K(1546688K), 0.0086940 secs] [Times: user=0.03 sys=0.00, real=0.00 secs] 
106623.996: [GC 106623.996: [ParNew: 210525K->628K(235968K), 0.0099010 secs] 1081049K->871205K(1546688K), 0.0101180 secs] [Times: user=0.03 sys=0.00, real=0.01 secs] 
106632.058: [GC 106632.058: [ParNew: 210420K->797K(235968K), 0.0071930 secs] 1080997K->871432K(1546688K), 0.0074660 secs] [Times: user=0.03 sys=0.00, real=0.01 secs] 
106651.770: [GC 106651.770: [ParNew: 210589K->1207K(235968K), 0.0074150 secs] 1081224K->871893K(1546688K), 0.0077170 secs] [Times: user=0.03 sys=0.00, real=0.01 secs] 
106656.501: [GC 106656.501: [ParNew: 210881K->1398K(235968K), 0.0117180 secs] 1081566K->872133K(1546688K), 0.0119940 secs] [Times: user=0.04 sys=0.00, real=0.01 secs] 
106667.354: [GC 106667.354: [ParNew: 211171K->902K(235968K), 0.0070880 secs] 1081905K->871829K(1546688K), 0.0073230 secs] [Times: user=0.03 sys=0.00, real=0.01 secs] 
106685.202: [GC 106685.202: [ParNew: 210656K->1222K(235968K), 0.0116500 secs] 1081583K->872333K(1546688K), 0.0119420 secs] [Times: user=0.04 sys=0.01, real=0.02 secs] 
106698.054: [GC 106698.054: [ParNew: 210964K->1109K(235968K), 0.0055830 secs] 1082076K->872322K(1546688K), 0.0058500 secs] [Times: user=0.04 sys=0.00, real=0.00 secs] 
106711.772: [GC 106711.772: [ParNew: 210826K->1596K(235968K), 0.0192640 secs] 1082039K->872853K(1546688K), 0.0195450 secs] [Times: user=0.04 sys=0.00, real=0.02 secs] 
106716.500: [GC 106716.500: [ParNew: 211388K->1160K(235968K), 0.0086370 secs] 1082645K->872508K(1546688K), 0.0088780 secs] [Times: user=0.03 sys=0.00, real=0.01 secs] 
106735.799: [GC 106735.799: [ParNew: 210952K->1087K(235968K), 0.0080070 secs] 1082300K->872524K(1546688K), 0.0082710 secs] [Times: user=0.04 sys=0.00, real=0.01 secs] 
106745.218: [GC 106745.219: [ParNew: 210879K->1360K(235968K), 0.0107470 secs] 1082316K->872964K(1546688K), 0.0110480 secs] [Times: user=0.04 sys=0.00, real=0.01 secs] 
106758.070: [GC 106758.070: [ParNew: 211135K->1362K(235968K), 0.0070170 secs] 1082739K->873163K(1546688K), 0.0073010 secs] [Times: user=0.04 sys=0.00, real=0.01 secs] 
106771.785: [GC 106771.785: [ParNew: 211090K->2028K(235968K), 0.0109060 secs] 1082892K->873912K(1546688K), 0.0112360 secs] [Times: user=0.04 sys=0.00, real=0.01 secs] 
106778.180: [GC 106778.180: [ParNew: 211771K->1573K(235968K), 0.0119150 secs] 1083656K->873663K(1546688K), 0.0121550 secs] [Times: user=0.03 sys=0.00, real=0.01 secs] 
106797.211: [GC 106797.211: [ParNew: 211365K->1669K(235968K), 0.0064650 secs] 1083455K->873857K(1546688K), 0.0067530 secs] [Times: user=0.03 sys=0.00, real=0.01 secs] 
106805.233: [GC 106805.233: [ParNew: 211339K->1402K(235968K), 0.0054510 secs] 1083527K->873708K(1546688K), 0.0057140 secs] [Times: user=0.04 sys=0.00, real=0.01 secs] 
106818.091: [GC 106818.091: [ParNew: 211194K->1089K(235968K), 0.0055020 secs] 1083500K->873530K(1546688K), 0.0057910 secs] [Times: user=0.04 sys=0.00, real=0.01 secs] 
106831.810: [GC 106831.811: [ParNew: 210856K->1419K(235968K), 0.0050980 secs] 1083296K->873952K(1546688K), 0.0053710 secs] [Times: user=0.03 sys=0.00, real=0.00 secs] 
106838.199: [GC 106838.199: [ParNew: 211168K->1000K(235968K), 0.0050540 secs] 1083700K->873658K(1546688K), 0.0053350 secs] [Times: user=0.04 sys=0.00, real=0.00 secs] 
106857.227: [GC 106857.227: [ParNew: 210792K->862K(235968K), 0.0046920 secs] 1083450K->873591K(1546688K), 0.0049570 secs] [Times: user=0.03 sys=0.00, real=0.00 secs] 
106865.261: [GC 106865.261: [ParNew: 210654K->1203K(235968K), 0.0062900 secs] 1083383K->873986K(1546688K), 0.0065830 secs] [Times: user=0.03 sys=0.00, real=0.01 secs] 
106878.100: [GC 106878.100: [ParNew: 210995K->987K(235968K), 0.0048010 secs] 1083778K->873819K(1546688K), 0.0050830 secs] [Times: user=0.04 sys=0.00, real=0.01 secs] 
106891.825: [GC 106891.825: [ParNew: 210779K->941K(235968K), 0.0051150 secs] 1083611K->873830K(1546688K), 0.0053980 secs] [Times: user=0.04 sys=0.00, real=0.01 secs] 
106898.207: [GC 106898.207: [ParNew: 210733K->726K(235968K), 0.0063360 secs] 1083622K->873668K(1546688K), 0.0065960 secs] [Times: user=0.03 sys=0.01, real=0.01 secs] 
106917.226: [GC 106917.226: [ParNew: 210518K->891K(235968K), 0.0061060 secs] 1083460K->873888K(1546688K), 0.0063540 secs] [Times: user=0.03 sys=0.00, real=0.01 secs] 
106925.261: [GC 106925.261: [ParNew: 210636K->988K(235968K), 0.0048590 secs] 1083632K->874039K(1546688K), 0.0051350 secs] [Times: user=0.03 sys=0.00, real=0.01 secs] 
106938.124: [GC 106938.124: [ParNew: 210745K->773K(235968K), 0.0047330 secs] 1083796K->873875K(1546688K), 0.0050150 secs] [Times: user=0.03 sys=0.00, real=0.00 secs] 
106951.821: [GC 106951.821: [ParNew: 210558K->1275K(235968K), 0.0084580 secs] 1083661K->874434K(1546688K), 0.0087420 secs] [Times: user=0.03 sys=0.00, real=0.01 secs] 
106956.541: [GC 106956.542: [ParNew: 211060K->754K(235968K), 0.0059690 secs] 1084219K->874046K(1546688K), 0.0062360 secs] [Times: user=0.03 sys=0.00, real=0.00 secs] 
106976.620: [GC 106976.620: [ParNew: 210545K->1513K(235968K), 0.0154890 secs] 1083837K->874859K(1546688K), 0.0157450 secs] [Times: user=0.05 sys=0.01, real=0.01 secs] 
106984.060: [GC 106984.060: [ParNew: 211288K->1824K(235968K), 0.0079230 secs] 1084634K->875224K(1546688K), 0.0082050 secs] [Times: user=0.03 sys=0.00, real=0.01 secs] 
106990.494: [GC 106990.494: [ParNew: 211616K->2016K(235968K), 0.0052090 secs] 1085016K->875470K(1546688K), 0.0054840 secs] [Times: user=0.04 sys=0.00, real=0.01 secs] 
107011.727: [GC 107011.727: [ParNew: 211808K->2252K(235968K), 0.0067130 secs] 1085262K->875754K(1546688K), 0.0069970 secs] [Times: user=0.03 sys=0.01, real=0.01 secs] 
107016.521: [GC 107016.521: [ParNew: 212044K->1900K(235968K), 0.0057030 secs] 1085546K->875820K(1546688K), 0.0059680 secs] [Times: user=0.03 sys=0.00, real=0.00 secs] 
107027.446: [GC 107027.446: [ParNew: 211692K->1118K(235968K), 0.0085690 secs] 1085612K->875579K(1546688K), 0.0088340 secs] [Times: user=0.03 sys=0.00, real=0.01 secs] 
107045.267: [GC 107045.268: [ParNew: 210910K->1223K(235968K), 0.0060430 secs] 1085371K->875742K(1546688K), 0.0063000 secs] [Times: user=0.03 sys=0.01, real=0.00 secs] 
107058.134: [GC 107058.135: [ParNew: 211015K->781K(235968K), 0.0046410 secs] 1085534K->875352K(1546688K), 0.0049300 secs] [Times: user=0.03 sys=0.00, real=0.00 secs] 
107071.841: [GC 107071.841: [ParNew: 210573K->980K(235968K), 0.0046850 secs] 1085144K->875596K(1546688K), 0.0049570 secs] [Times: user=0.04 sys=0.00, real=0.01 secs] 
107078.222: [GC 107078.222: [ParNew: 210771K->979K(235968K), 0.0045900 secs] 1085387K->875631K(1546688K), 0.0048450 secs] [Times: user=0.03 sys=0.00, real=0.00 secs] 
107097.266: [GC 107097.267: [ParNew: 210769K->748K(235968K), 0.0051530 secs] 1085421K->875449K(1546688K), 0.0054490 secs] [Times: user=0.03 sys=0.01, real=0.01 secs] 
107105.310: [GC 107105.311: [ParNew: 210540K->798K(235968K), 0.0049190 secs] 1085241K->875540K(1546688K), 0.0051930 secs] [Times: user=0.04 sys=0.00, real=0.00 secs] 
107119.674: [GC 107119.674: [ParNew: 210590K->576K(235968K), 0.0048200 secs] 1085332K->875369K(1546688K), 0.0050900 secs] [Times: user=0.03 sys=0.00, real=0.01 secs] 
107131.879: [GC 107131.879: [ParNew: 210368K->802K(235968K), 0.0049470 secs] 1085161K->875651K(1546688K), 0.0052200 secs] [Times: user=0.04 sys=0.00, real=0.01 secs] 
107138.248: [GC 107138.248: [ParNew: 210594K->876K(235968K), 0.0062350 secs] 1085443K->875777K(1546688K), 0.0065010 secs] [Times: user=0.04 sys=0.00, real=0.01 secs] 
107157.285: [GC 107157.285: [ParNew: 210617K->916K(235968K), 0.0047550 secs] 1085518K->875876K(1546688K), 0.0050370 secs] [Times: user=0.04 sys=0.00, real=0.01 secs] 
107168.732: [GC 107168.732: [ParNew: 210708K->850K(235968K), 0.0051270 secs] 1085668K->875863K(1546688K), 0.0054030 secs] [Times: user=0.03 sys=0.00, real=0.01 secs] 
107173.810: [GC 107173.810: [ParNew: 210642K->1315K(235968K), 0.0066120 secs] 1085655K->876403K(1546688K), 0.0068470 secs] [Times: user=0.03 sys=0.00, real=0.01 secs] 
107191.856: [GC 107191.856: [ParNew: 211107K->1187K(235968K), 0.0106680 secs] 1086195K->876332K(1546688K), 0.0109610 secs] [Times: user=0.04 sys=0.00, real=0.01 secs] 
107196.558: [GC 107196.558: [ParNew: 210979K->965K(235968K), 0.0073840 secs] 1086124K->876164K(1546688K), 0.0076500 secs] [Times: user=0.03 sys=0.00, real=0.01 secs] 
107217.261: [GC 107217.261: [ParNew: 210693K->665K(235968K), 0.0072000 secs] 1085892K->875922K(1546688K), 0.0075030 secs] [Times: user=0.03 sys=0.00, real=0.00 secs] 
107225.315: [GC 107225.316: [ParNew: 210451K->924K(235968K), 0.0070550 secs] 1085707K->876214K(1546688K), 0.0072660 secs] [Times: user=0.03 sys=0.00, real=0.01 secs] 
107238.190: [GC 107238.190: [ParNew: 210674K->903K(235968K), 0.0048190 secs] 1085964K->876230K(1546688K), 0.0051110 secs] [Times: user=0.04 sys=0.00, real=0.00 secs] 
107251.899: [GC 107251.899: [ParNew: 210695K->707K(235968K), 0.0045710 secs] 1086022K->876083K(1546688K), 0.0048290 secs] [Times: user=0.03 sys=0.00, real=0.01 secs] 
107258.264: [GC 107258.264: [ParNew: 210499K->780K(235968K), 0.0046140 secs] 1085875K->876205K(1546688K), 0.0048890 secs] [Times: user=0.03 sys=0.00, real=0.00 secs] 
107277.299: [GC 107277.299: [ParNew: 210572K->554K(235968K), 0.0061100 secs] 1085997K->876113K(1546688K), 0.0063920 secs] [Times: user=0.03 sys=0.00, real=0.01 secs] 
107288.762: [GC 107288.762: [ParNew: 210346K->718K(235968K), 0.0056040 secs] 1085905K->876326K(1546688K), 0.0058210 secs] [Times: user=0.03 sys=0.00, real=0.01 secs] 
107300.431: [GC 107300.431: [ParNew: 210510K->712K(235968K), 0.0054490 secs] 1086118K->876369K(1546688K), 0.0057120 secs] [Times: user=0.03 sys=0.00, real=0.01 secs] 
107312.370: [GC 107312.370: [ParNew: 210504K->1287K(235968K), 0.0073200 secs] 1086161K->877001K(1546688K), 0.0076350 secs] [Times: user=0.03 sys=0.00, real=0.01 secs] 
107318.272: [GC 107318.273: [ParNew: 211079K->993K(235968K), 0.0079500 secs] 1086793K->876755K(1546688K), 0.0082210 secs] [Times: user=0.03 sys=0.00, real=0.01 secs] 
107342.586: [GC 107342.586: [ParNew: 210785K->607K(235968K), 0.0050410 secs] 1086547K->876424K(1546688K), 0.0053200 secs] [Times: user=0.03 sys=0.00, real=0.01 secs] 
107348.774: [GC 107348.774: [ParNew: 210376K->1064K(235968K), 0.0090960 secs] 1086193K->876969K(1546688K), 0.0093890 secs] [Times: user=0.03 sys=0.00, real=0.01 secs] 
107362.149: [GC 107362.149: [ParNew: 210856K->1440K(235968K), 0.0077760 secs] 1086761K->877407K(1546688K), 0.0080640 secs] [Times: user=0.02 sys=0.00, real=0.01 secs] 
107372.409: [GC 107372.409: [ParNew: 211232K->1078K(235968K), 0.0070460 secs] 1087199K->877089K(1546688K), 0.0072390 secs] [Times: user=0.03 sys=0.00, real=0.01 secs] 
107378.604: [GC 107378.604: [ParNew: 210837K->1100K(235968K), 0.0066800 secs] 1086848K->877148K(1546688K), 0.0069400 secs] [Times: user=0.03 sys=0.00, real=0.00 secs] 
107402.626: [GC 107402.626: [ParNew: 210847K->840K(235968K), 0.0084470 secs] 1086895K->876931K(1546688K), 0.0087200 secs] [Times: user=0.02 sys=0.00, real=0.01 secs] 
107408.815: [GC 107408.815: [ParNew: 210632K->912K(235968K), 0.0055710 secs] 1086723K->877051K(1546688K), 0.0058550 secs] [Times: user=0.02 sys=0.00, real=0.01 secs] 
107422.181: [GC 107422.181: [ParNew: 210704K->1060K(235968K), 0.0079300 secs] 1086843K->877244K(1546688K), 0.0081250 secs] [Times: user=0.03 sys=0.00, real=0.01 secs] 
107432.676: [GC 107432.676: [ParNew: 210793K->1059K(235968K), 0.0071310 secs] 1086976K->877286K(1546688K), 0.0073240 secs] [Times: user=0.03 sys=0.00, real=0.00 secs] 
107447.490: [GC 107447.491: [ParNew: 210851K->561K(235968K), 0.0108850 secs] 1087078K->876847K(1546688K), 0.0111810 secs] [Times: user=0.03 sys=0.00, real=0.01 secs] 
107464.124: [GC 107464.124: [ParNew: 210296K->1109K(235968K), 0.0095720 secs] 1086582K->877447K(1546688K), 0.0098380 secs] [Times: user=0.03 sys=0.01, real=0.01 secs] 
107470.568: [GC 107470.568: [ParNew: 210901K->954K(235968K), 0.0074200 secs] 1087239K->877328K(1546688K), 0.0076910 secs] [Times: user=0.03 sys=0.00, real=0.01 secs] 
107491.798: [GC 107491.798: [ParNew: 210739K->796K(235968K), 0.0105280 secs] 1087112K->877219K(1546688K), 0.0108010 secs] [Times: user=0.03 sys=0.00, real=0.01 secs] 
107496.574: [GC 107496.574: [ParNew: 210588K->1163K(235968K), 0.0066760 secs] 1087011K->877631K(1546688K), 0.0069100 secs] [Times: user=0.03 sys=0.00, real=0.01 secs] 
107507.548: [GC 107507.549: [ParNew: 210930K->1075K(235968K), 0.0064640 secs] 1087397K->877592K(1546688K), 0.0067470 secs] [Times: user=0.03 sys=0.00, real=0.01 secs] 
107524.163: [GC 107524.163: [ParNew: 210867K->887K(235968K), 0.0081120 secs] 1087384K->877458K(1546688K), 0.0083860 secs] [Times: user=0.03 sys=0.00, real=0.01 secs] 
107532.842: [GC 107532.842: [ParNew: 210679K->622K(235968K), 0.0085300 secs] 1087250K->877262K(1546688K), 0.0087510 secs] [Times: user=0.03 sys=0.00, real=0.01 secs] 
107551.922: [GC 107551.922: [ParNew: 210408K->1345K(235968K), 0.0069770 secs] 1087047K->878041K(1546688K), 0.0072050 secs] [Times: user=0.03 sys=0.00, real=0.01 secs] 
107556.612: [GC 107556.613: [ParNew: 211123K->825K(235968K), 0.0068760 secs] 1087819K->877570K(1546688K), 0.0070940 secs] [Times: user=0.03 sys=0.00, real=0.01 secs] 
107577.313: [GC 107577.313: [ParNew: 210609K->1031K(235968K), 0.0064810 secs] 1087354K->877947K(1546688K), 0.0067750 secs] [Times: user=0.04 sys=0.00, real=0.00 secs] 
107585.402: [GC 107585.402: [ParNew: 210823K->809K(235968K), 0.0056250 secs] 1087739K->877767K(1546688K), 0.0059100 secs] [Times: user=0.03 sys=0.00, real=0.00 secs] 
107598.261: [GC 107598.262: [ParNew: 210571K->804K(235968K), 0.0103980 secs] 1087529K->877831K(1546688K), 0.0106220 secs] [Times: user=0.03 sys=0.00, real=0.01 secs] 
107611.835: [GC 107611.835: [ParNew: 210567K->1253K(235968K), 0.0100590 secs] 1087594K->878323K(1546688K), 0.0103880 secs] [Times: user=0.03 sys=0.00, real=0.01 secs] 
107616.601: [GC 107616.601: [ParNew: 211045K->1047K(235968K), 0.0063660 secs] 1088115K->878189K(1546688K), 0.0066350 secs] [Times: user=0.03 sys=0.00, real=0.01 secs] 
107627.579: [GC 107627.580: [ParNew: 210793K->934K(235968K), 0.0077990 secs] 1087935K->878136K(1546688K), 0.0080910 secs] [Times: user=0.03 sys=0.00, real=0.01 secs] 
107644.192: [GC 107644.192: [ParNew: 210651K->915K(235968K), 0.0071160 secs] 1087853K->878178K(1546688K), 0.0073720 secs] [Times: user=0.03 sys=0.01, real=0.00 secs] 
107650.600: [GC 107650.601: [ParNew: 210707K->1647K(235968K), 0.0135090 secs] 1087970K->878950K(1546688K), 0.0136780 secs] [Times: user=0.03 sys=0.01, real=0.02 secs] 
107671.837: [GC 107671.837: [ParNew: 211439K->964K(235968K), 0.0074450 secs] 1088742K->878329K(1546688K), 0.0077420 secs] [Times: user=0.03 sys=0.00, real=0.01 secs] 
107676.600: [GC 107676.601: [ParNew: 210691K->1048K(235968K), 0.0067170 secs] 1088056K->878543K(1546688K), 0.0069600 secs] [Times: user=0.02 sys=0.00, real=0.01 secs] 
107687.591: [GC 107687.591: [ParNew: 210797K->1439K(235968K), 0.0178810 secs] 1088291K->878983K(1546688K), 0.0180860 secs] [Times: user=0.03 sys=0.00, real=0.02 secs] 
107704.194: [GC 107704.194: [ParNew: 211229K->842K(235968K), 0.0073970 secs] 1088773K->878542K(1546688K), 0.0076650 secs] [Times: user=0.03 sys=0.00, real=0.00 secs] 
107710.608: [GC 107710.608: [ParNew: 210634K->1289K(235968K), 0.0121930 secs] 1088334K->879038K(1546688K), 0.0124620 secs] [Times: user=0.05 sys=0.00, real=0.01 secs] 
107731.822: [GC 107731.823: [ParNew: 211081K->1047K(235968K), 0.0268280 secs] 1088830K->878861K(1546688K), 0.0271100 secs] [Times: user=0.05 sys=0.00, real=0.03 secs] 
107732.739: [GC 107732.740: [ParNew: 210839K->1165K(235968K), 0.0076550 secs] 1088653K->879031K(1546688K), 0.0079390 secs] [Times: user=0.03 sys=0.00, real=0.00 secs] 
107747.581: [GC 107747.581: [ParNew: 210957K->826K(235968K), 0.0123490 secs] 1088823K->878745K(1546688K), 0.0125860 secs] [Times: user=0.03 sys=0.00, real=0.01 secs] 
107764.182: [GC 107764.182: [ParNew: 210618K->1455K(235968K), 0.0089530 secs] 1088537K->879492K(1546688K), 0.0092480 secs] [Times: user=0.03 sys=0.00, real=0.01 secs] 
107770.612: [GC 107770.613: [ParNew: 211247K->1145K(235968K), 0.0088690 secs] 1089284K->879226K(1546688K), 0.0091390 secs] [Times: user=0.03 sys=0.00, real=0.00 secs] 
107791.847: [GC 107791.847: [ParNew: 210909K->928K(235968K), 0.0352420 secs] 1088990K->879057K(1546688K), 0.0355340 secs] [Times: user=0.09 sys=0.00, real=0.04 secs] 
107793.861: [GC 107793.861: [ParNew: 210720K->566K(235968K), 0.0083770 secs] 1088849K->878754K(1546688K), 0.0086610 secs] [Times: user=0.03 sys=0.00, real=0.01 secs] 
107807.605: [GC 107807.605: [ParNew: 210296K->837K(235968K), 0.0179020 secs] 1088484K->879079K(1546688K), 0.0182040 secs] [Times: user=0.03 sys=0.00, real=0.02 secs] 
107824.206: [GC 107824.207: [ParNew: 210629K->647K(235968K), 0.0126280 secs] 1088871K->878947K(1546688K), 0.0128990 secs] [Times: user=0.03 sys=0.00, real=0.01 secs] 
107830.640: [GC 107830.640: [ParNew: 210388K->749K(235968K), 0.0082600 secs] 1088688K->879207K(1546688K), 0.0084860 secs] [Times: user=0.03 sys=0.00, real=0.01 secs] 
107842.271: [GC 107842.271: [ParNew: 210541K->1077K(235968K), 0.0092950 secs] 1088999K->879585K(1546688K), 0.0096160 secs] [Times: user=0.03 sys=0.00, real=0.01 secs] 
107852.759: [GC 107852.759: [ParNew: 210869K->829K(235968K), 0.0122760 secs] 1089377K->879399K(1546688K), 0.0125710 secs] [Times: user=0.03 sys=0.00, real=0.02 secs] 
107867.591: [GC 107867.591: [ParNew: 210601K->779K(235968K), 0.0127440 secs] 1089172K->879398K(1546688K), 0.0130130 secs] [Times: user=0.03 sys=0.00, real=0.01 secs] 
107884.197: [GC 107884.197: [ParNew: 210571K->1006K(235968K), 0.0069380 secs] 1089190K->879679K(1546688K), 0.0072530 secs] [Times: user=0.03 sys=0.00, real=0.01 secs] 
107890.628: [GC 107890.628: [ParNew: 210798K->1486K(235968K), 0.0137440 secs] 1089471K->880196K(1546688K), 0.0139510 secs] [Times: user=0.03 sys=0.00, real=0.01 secs] 
107911.843: [GC 107911.843: [ParNew: 211278K->875K(235968K), 0.0103390 secs] 1089988K->879634K(1546688K), 0.0106520 secs] [Times: user=0.03 sys=0.00, real=0.01 secs] 
107912.790: [GC 107912.790: [ParNew: 210667K->675K(235968K), 0.0224160 secs] 1089426K->879489K(1546688K), 0.0226830 secs] [Times: user=0.06 sys=0.00, real=0.02 secs] 
107927.646: [GC 107927.647: [ParNew: 210467K->512K(235968K), 0.0084930 secs] 1089281K->879449K(1546688K), 0.0087720 secs] [Times: user=0.02 sys=0.00, real=0.01 secs] 
107944.244: [GC 107944.244: [ParNew: 210300K->921K(235968K), 0.0095810 secs] 1089237K->879907K(1546688K), 0.0098530 secs] [Times: user=0.03 sys=0.00, real=0.01 secs] 
107950.673: [GC 107950.674: [ParNew: 210698K->609K(235968K), 0.0073850 secs] 1089685K->879645K(1546688K), 0.0076270 secs] [Times: user=0.03 sys=0.01, real=0.01 secs] 
107971.996: [GC 107971.997: [ParNew: 210401K->440K(235968K), 0.0082900 secs] 1089437K->879519K(1546688K), 0.0085060 secs] [Times: user=0.03 sys=0.00, real=0.01 secs] 
107976.660: [GC 107976.660: [ParNew: 210210K->1092K(235968K), 0.0061770 secs] 1089290K->880221K(1546688K), 0.0064840 secs] [Times: user=0.03 sys=0.01, real=0.00 secs] 
107994.248: [GC 107994.248: [ParNew: 210884K->549K(235968K), 0.0093170 secs] 1090013K->879726K(1546688K), 0.0095180 secs] [Times: user=0.02 sys=0.00, real=0.01 secs] 
108005.456: [GC 108005.457: [ParNew: 210341K->1026K(235968K), 0.0064340 secs] 1089518K->880252K(1546688K), 0.0067560 secs] [Times: user=0.03 sys=0.00, real=0.00 secs] 
108018.361: [GC 108018.362: [ParNew: 210805K->948K(235968K), 0.0062970 secs] 1090031K->880211K(1546688K), 0.0065540 secs] [Times: user=0.03 sys=0.00, real=0.01 secs] 
108032.039: [GC 108032.039: [ParNew: 210727K->1011K(235968K), 0.0063370 secs] 1089990K->880328K(1546688K), 0.0065680 secs] [Times: user=0.03 sys=0.00, real=0.01 secs] 
108038.355: [GC 108038.356: [ParNew: 210803K->711K(235968K), 0.0064060 secs] 1090120K->880174K(1546688K), 0.0066270 secs] [Times: user=0.03 sys=0.00, real=0.01 secs] 
108057.383: [GC 108057.383: [ParNew: 210503K->815K(235968K), 0.0103190 secs] 1089966K->880335K(1546688K), 0.0105330 secs] [Times: user=0.03 sys=0.00, real=0.01 secs] 
108065.485: [GC 108065.485: [ParNew: 210580K->840K(235968K), 0.0060390 secs] 1090101K->880414K(1546688K), 0.0063180 secs] [Times: user=0.03 sys=0.00, real=0.01 secs] 
108078.377: [GC 108078.378: [ParNew: 210601K->910K(235968K), 0.0080970 secs] 1090175K->880534K(1546688K), 0.0084400 secs] [Times: user=0.03 sys=0.00, real=0.01 secs] 
108092.014: [GC 108092.015: [ParNew: 210664K->824K(235968K), 0.0140510 secs] 1090288K->880504K(1546688K), 0.0142900 secs] [Times: user=0.05 sys=0.00, real=0.01 secs] 
108096.670: [GC 108096.670: [ParNew: 210616K->1034K(235968K), 0.0066720 secs] 1090296K->880764K(1546688K), 0.0069110 secs] [Times: user=0.04 sys=0.00, real=0.01 secs] 
108107.704: [GC 108107.704: [ParNew: 210826K->920K(235968K), 0.0071560 secs] 1090556K->880704K(1546688K), 0.0073950 secs] [Times: user=0.03 sys=0.00, real=0.01 secs] 
108125.469: [GC 108125.469: [ParNew: 210710K->894K(235968K), 0.0095160 secs] 1090494K->880754K(1546688K), 0.0097590 secs] [Times: user=0.03 sys=0.01, real=0.01 secs] 
108137.008: [GC 108137.008: [ParNew: 210686K->504K(235968K), 0.0101570 secs] 1090546K->880413K(1546688K), 0.0103890 secs] [Times: user=0.03 sys=0.00, real=0.01 secs] 
108152.031: [GC 108152.031: [ParNew: 210267K->1049K(235968K), 0.0072110 secs] 1090176K->881015K(1546688K), 0.0074400 secs] [Times: user=0.03 sys=0.00, real=0.01 secs] 
108156.679: [GC 108156.679: [ParNew: 210841K->779K(235968K), 0.0068520 secs] 1090807K->880793K(1546688K), 0.0070730 secs] [Times: user=0.02 sys=0.00, real=0.01 secs] 
108167.723: [GC 108167.723: [ParNew: 210540K->633K(235968K), 0.0075780 secs] 1090554K->880701K(1546688K), 0.0079990 secs] [Times: user=0.03 sys=0.00, real=0.01 secs] 
108185.492: [GC 108185.492: [ParNew: 210398K->817K(235968K), 0.0092290 secs] 1090466K->880935K(1546688K), 0.0094840 secs] [Times: user=0.03 sys=0.00, real=0.01 secs] 
108198.393: [GC 108198.393: [ParNew: 210609K->1015K(235968K), 0.0069010 secs] 1090727K->881184K(1546688K), 0.0071970 secs] [Times: user=0.02 sys=0.00, real=0.01 secs] 
108212.053: [GC 108212.053: [ParNew: 210807K->1029K(235968K), 0.0059270 secs] 1090976K->881249K(1546688K), 0.0062070 secs] [Times: user=0.03 sys=0.00, real=0.00 secs] 
108218.367: [GC 108218.367: [ParNew: 210821K->1121K(235968K), 0.0131160 secs] 1091041K->881390K(1546688K), 0.0133240 secs] [Times: user=0.02 sys=0.00, real=0.01 secs] 
108237.411: [GC 108237.411: [ParNew: 210863K->980K(235968K), 0.0092290 secs] 1091132K->881302K(1546688K), 0.0095200 secs] [Times: user=0.02 sys=0.00, real=0.01 secs] 
108245.517: [GC 108245.517: [ParNew: 210772K->844K(235968K), 0.0069280 secs] 1091094K->881304K(1546688K), 0.0071950 secs] [Times: user=0.03 sys=0.01, real=0.01 secs] 
108258.441: [GC 108258.441: [ParNew: 210588K->964K(235968K), 0.0078460 secs] 1091048K->881474K(1546688K), 0.0081270 secs] [Times: user=0.03 sys=0.00, real=0.01 secs] 
108272.495: [GC 108272.495: [ParNew: 210756K->902K(235968K), 0.0058790 secs] 1091266K->881468K(1546688K), 0.0061570 secs] [Times: user=0.03 sys=0.00, real=0.00 secs] 
108278.405: [GC 108278.405: [ParNew: 210694K->1150K(235968K), 0.0052770 secs] 1091260K->881766K(1546688K), 0.0055440 secs] [Times: user=0.03 sys=0.00, real=0.00 secs] 
108302.787: [GC 108302.787: [ParNew: 210942K->1080K(235968K), 0.0061490 secs] 1091558K->881749K(1546688K), 0.0064280 secs] [Times: user=0.03 sys=0.00, real=0.01 secs] 
108308.968: [GC 108308.969: [ParNew: 210872K->1472K(235968K), 0.0083940 secs] 1091541K->882197K(1546688K), 0.0086820 secs] [Times: user=0.03 sys=0.00, real=0.00 secs] 
108322.328: [GC 108322.329: [ParNew: 211238K->1202K(235968K), 0.0065980 secs] 1091963K->882056K(1546688K), 0.0068430 secs] [Times: user=0.03 sys=0.01, real=0.00 secs] 
108332.523: [GC 108332.523: [ParNew: 210872K->1416K(235968K), 0.0165430 secs] 1091726K->882313K(1546688K), 0.0168950 secs] [Times: user=0.03 sys=0.00, real=0.02 secs] 
108338.413: [GC 108338.413: [ParNew: 211208K->1179K(235968K), 0.0075700 secs] 1092105K->882137K(1546688K), 0.0078770 secs] [Times: user=0.03 sys=0.00, real=0.01 secs] 
108357.440: [GC 108357.440: [ParNew: 210971K->1024K(235968K), 0.0072380 secs] 1091929K->882043K(1546688K), 0.0075070 secs] [Times: user=0.03 sys=0.00, real=0.00 secs] 
108366.359: [GC 108366.359: [ParNew: 210816K->730K(235968K), 0.0122160 secs] 1091835K->881809K(1546688K), 0.0124640 secs] [Times: user=0.03 sys=0.00, real=0.01 secs] 
108378.896: [GC 108378.896: [ParNew: 210522K->525K(235968K), 0.0226260 secs] 1091601K->881665K(1546688K), 0.0229400 secs] [Times: user=0.04 sys=0.00, real=0.03 secs] 
108392.514: [GC 108392.514: [ParNew: 210317K->1567K(235968K), 0.0132080 secs] 1091457K->882751K(1546688K), 0.0135850 secs] [Times: user=0.04 sys=0.00, real=0.02 secs] 
108398.424: [GC 108398.424: [ParNew: 211346K->1185K(235968K), 0.0067930 secs] 1092530K->882454K(1546688K), 0.0070640 secs] [Times: user=0.04 sys=0.00, real=0.00 secs] 
108422.806: [GC 108422.806: [ParNew: 210917K->1523K(235968K), 0.0078640 secs] 1092186K->882846K(1546688K), 0.0081020 secs] [Times: user=0.03 sys=0.00, real=0.01 secs] 
108428.989: [GC 108428.989: [ParNew: 211314K->1686K(235968K), 0.0060660 secs] 1092637K->883058K(1546688K), 0.0063540 secs] [Times: user=0.04 sys=0.01, real=0.00 secs] 
108442.351: [GC 108442.352: [ParNew: 211478K->1038K(235968K), 0.0103920 secs] 1092850K->882804K(1546688K), 0.0106620 secs] [Times: user=0.04 sys=0.01, real=0.01 secs] 
108452.545: [GC 108452.545: [ParNew: 210830K->810K(235968K), 0.0071130 secs] 1092596K->882620K(1546688K), 0.0073910 secs] [Times: user=0.03 sys=0.00, real=0.01 secs] 
108458.804: [GC 108458.804: [ParNew: 210580K->1031K(235968K), 0.0079330 secs] 1092390K->882914K(1546688K), 0.0082240 secs] [Times: user=0.03 sys=0.00, real=0.01 secs] 
108477.433: [GC 108477.433: [ParNew: 210823K->1179K(235968K), 0.0116680 secs] 1092706K->883123K(1546688K), 0.0119630 secs] [Times: user=0.04 sys=0.01, real=0.01 secs] 
108485.680: [GC 108485.681: [ParNew: 210967K->888K(235968K), 0.0083720 secs] 1092911K->882892K(1546688K), 0.0085680 secs] [Times: user=0.03 sys=0.00, real=0.00 secs] 
108498.574: [GC 108498.575: [ParNew: 210680K->1031K(235968K), 0.0077370 secs] 1092684K->883081K(1546688K), 0.0079980 secs] [Times: user=0.02 sys=0.00, real=0.01 secs] 
108512.121: [GC 108512.121: [ParNew: 210823K->912K(235968K), 0.0119560 secs] 1092873K->883027K(1546688K), 0.0121600 secs] [Times: user=0.03 sys=0.00, real=0.01 secs] 
108518.405: [GC 108518.406: [ParNew: 210704K->656K(235968K), 0.0086460 secs] 1092819K->882809K(1546688K), 0.0089270 secs] [Times: user=0.04 sys=0.00, real=0.00 secs] 
108537.446: [GC 108537.447: [ParNew: 210444K->931K(235968K), 0.0063190 secs] 1092597K->883139K(1546688K), 0.0066030 secs] [Times: user=0.04 sys=0.00, real=0.01 secs] 
108545.693: [GC 108545.693: [ParNew: 210723K->828K(235968K), 0.0075860 secs] 1092931K->883098K(1546688K), 0.0077840 secs] [Times: user=0.02 sys=0.00, real=0.01 secs] 
108558.609: [GC 108558.609: [ParNew: 210620K->936K(235968K), 0.0063100 secs] 1092890K->883256K(1546688K), 0.0065830 secs] [Times: user=0.03 sys=0.00, real=0.00 secs] 
108572.136: [GC 108572.136: [ParNew: 210704K->1046K(235968K), 0.0062800 secs] 1093023K->883422K(1546688K), 0.0065430 secs] [Times: user=0.03 sys=0.00, real=0.01 secs] 
108578.425: [GC 108578.426: [ParNew: 210812K->1078K(235968K), 0.0140840 secs] 1093188K->883618K(1546688K), 0.0143800 secs] [Times: user=0.03 sys=0.00, real=0.01 secs] 
108597.445: [GC 108597.445: [ParNew: 210819K->1280K(235968K), 0.0084010 secs] 1093359K->883874K(1546688K), 0.0086940 secs] [Times: user=0.04 sys=0.00, real=0.01 secs] 
108605.689: [GC 108605.689: [ParNew: 211072K->1374K(235968K), 0.0058540 secs] 1093666K->884048K(1546688K), 0.0062050 secs] [Times: user=0.03 sys=0.00, real=0.01 secs] 
108618.598: [GC 108618.599: [ParNew: 211166K->1506K(235968K), 0.0051190 secs] 1093840K->884232K(1546688K), 0.0054010 secs] [Times: user=0.03 sys=0.01, real=0.01 secs] 
108632.144: [GC 108632.144: [ParNew: 211274K->1588K(235968K), 0.0121400 secs] 1093999K->884370K(1546688K), 0.0124470 secs] [Times: user=0.03 sys=0.00, real=0.01 secs] 
108638.427: [GC 108638.428: [ParNew: 211380K->1102K(235968K), 0.0086480 secs] 1094162K->884002K(1546688K), 0.0088760 secs] [Times: user=0.03 sys=0.00, real=0.01 secs] 
108657.465: [GC 108657.465: [ParNew: 210894K->1067K(235968K), 0.0080900 secs] 1093794K->884045K(1546688K), 0.0083820 secs] [Times: user=0.03 sys=0.00, real=0.01 secs] 
108665.709: [GC 108665.709: [ParNew: 210859K->973K(235968K), 0.0051670 secs] 1093837K->884001K(1546688K), 0.0054970 secs] [Times: user=0.03 sys=0.00, real=0.01 secs] 
108678.624: [GC 108678.624: [ParNew: 210726K->1275K(235968K), 0.0066950 secs] 1093754K->884352K(1546688K), 0.0069030 secs] [Times: user=0.03 sys=0.00, real=0.01 secs] 
108692.163: [GC 108692.164: [ParNew: 211067K->806K(235968K), 0.0050810 secs] 1094144K->883939K(1546688K), 0.0052890 secs] [Times: user=0.03 sys=0.00, real=0.01 secs] 
108698.438: [GC 108698.438: [ParNew: 210598K->1014K(235968K), 0.0061160 secs] 1093731K->884337K(1546688K), 0.0063070 secs] [Times: user=0.04 sys=0.00, real=0.00 secs] 
108717.479: [GC 108717.479: [ParNew: 210803K->912K(235968K), 0.0067920 secs] 1094126K->884290K(1546688K), 0.0070050 secs] [Times: user=0.03 sys=0.00, real=0.01 secs] 
108725.721: [GC 108725.721: [ParNew: 210704K->1087K(235968K), 0.0103930 secs] 1094082K->884519K(1546688K), 0.0106390 secs] [Times: user=0.02 sys=0.00, real=0.01 secs] 
108738.623: [GC 108738.623: [ParNew: 210876K->1379K(235968K), 0.0138260 secs] 1094308K->884863K(1546688K), 0.0140090 secs] [Times: user=0.04 sys=0.00, real=0.01 secs] 
108752.170: [GC 108752.170: [ParNew: 211171K->885K(235968K), 0.0079280 secs] 1094655K->884426K(1546688K), 0.0082280 secs] [Times: user=0.03 sys=0.00, real=0.00 secs] 
108757.491: [GC 108757.491: [ParNew: 210677K->685K(235968K), 0.0104350 secs] 1094218K->884276K(1546688K), 0.0106880 secs] [Times: user=0.03 sys=0.00, real=0.01 secs] 
108776.890: [GC 108776.891: [ParNew: 210477K->698K(235968K), 0.0082540 secs] 1094068K->884379K(1546688K), 0.0085410 secs] [Times: user=0.03 sys=0.00, real=0.01 secs] 
108785.715: [GC 108785.715: [ParNew: 210490K->1034K(235968K), 0.0054680 secs] 1094171K->884766K(1546688K), 0.0057440 secs] [Times: user=0.03 sys=0.00, real=0.00 secs] 
108798.637: [GC 108798.637: [ParNew: 210826K->1077K(235968K), 0.0102840 secs] 1094558K->884864K(1546688K), 0.0105530 secs] [Times: user=0.03 sys=0.00, real=0.01 secs] 
108811.979: [GC 108811.979: [ParNew: 210869K->1361K(235968K), 0.0074230 secs] 1094656K->885192K(1546688K), 0.0077100 secs] [Times: user=0.03 sys=0.00, real=0.00 secs] 
108814.927: [GC 108814.928: [ParNew: 211153K->1011K(235968K), 0.0066710 secs] 1094984K->884890K(1546688K), 0.0069290 secs] [Times: user=0.03 sys=0.00, real=0.01 secs] 
108827.868: [GC 108827.868: [ParNew: 210790K->829K(235968K), 0.0154300 secs] 1094670K->884768K(1546688K), 0.0157260 secs] [Times: user=0.03 sys=0.00, real=0.01 secs] 
108844.538: [GC 108844.538: [ParNew: 210621K->1154K(235968K), 0.0072090 secs] 1094560K->885153K(1546688K), 0.0075330 secs] [Times: user=0.03 sys=0.00, real=0.01 secs] 
108850.832: [GC 108850.832: [ParNew: 210896K->876K(235968K), 0.0060530 secs] 1094895K->885155K(1546688K), 0.0063560 secs] [Times: user=0.02 sys=0.00, real=0.01 secs] 
108872.142: [GC 108872.142: [ParNew: 210609K->660K(235968K), 0.0149430 secs] 1094888K->884988K(1546688K), 0.0154640 secs] [Times: user=0.05 sys=0.00, real=0.01 secs] 
108876.778: [GC 108876.779: [ParNew: 210452K->1104K(235968K), 0.0075720 secs] 1094780K->885486K(1546688K), 0.0078490 secs] [Times: user=0.03 sys=0.00, real=0.00 secs] 
108890.638: [GC 108890.638: [ParNew: 210892K->522K(235968K), 0.0078100 secs] 1095275K->884959K(1546688K), 0.0080260 secs] [Times: user=0.03 sys=0.00, real=0.00 secs] 
108905.745: [GC 108905.745: [ParNew: 210314K->743K(235968K), 0.0066790 secs] 1094751K->885229K(1546688K), 0.0069440 secs] [Times: user=0.03 sys=0.00, real=0.00 secs] 
108918.664: [GC 108918.665: [ParNew: 210535K->909K(235968K), 0.0074160 secs] 1095021K->885551K(1546688K), 0.0077200 secs] [Times: user=0.03 sys=0.01, real=0.01 secs] 
108932.203: [GC 108932.203: [ParNew: 210701K->1067K(235968K), 0.0166890 secs] 1095343K->885752K(1546688K), 0.0169940 secs] [Times: user=0.05 sys=0.00, real=0.02 secs] 
108938.466: [GC 108938.466: [ParNew: 210859K->1079K(235968K), 0.0060300 secs] 1095544K->885801K(1546688K), 0.0062490 secs] [Times: user=0.04 sys=0.00, real=0.01 secs] 
108957.496: [GC 108957.496: [ParNew: 210862K->1051K(235968K), 0.0072610 secs] 1095583K->885831K(1546688K), 0.0075180 secs] [Times: user=0.03 sys=0.00, real=0.00 secs] 
108965.764: [GC 108965.765: [ParNew: 210843K->831K(235968K), 0.0061300 secs] 1095623K->885659K(1546688K), 0.0064180 secs] [Times: user=0.03 sys=0.00, real=0.01 secs] 
108978.687: [GC 108978.687: [ParNew: 210623K->781K(235968K), 0.0086080 secs] 1095451K->885658K(1546688K), 0.0088900 secs] [Times: user=0.03 sys=0.00, real=0.01 secs] 
108992.335: [GC 108992.336: [ParNew: 210565K->928K(235968K), 0.0070720 secs] 1095442K->885881K(1546688K), 0.0073190 secs] [Times: user=0.03 sys=0.00, real=0.01 secs] 
108998.487: [GC 108998.487: [ParNew: 210720K->985K(235968K), 0.0060310 secs] 1095673K->885991K(1546688K), 0.0063260 secs] [Times: user=0.03 sys=0.00, real=0.01 secs] 
109017.526: [GC 109017.526: [ParNew: 210777K->902K(235968K), 0.0078420 secs] 1095783K->885962K(1546688K), 0.0081510 secs] [Times: user=0.03 sys=0.00, real=0.01 secs] 
109025.794: [GC 109025.794: [ParNew: 210673K->1124K(235968K), 0.0069130 secs] 1095733K->886238K(1546688K), 0.0071630 secs] [Times: user=0.03 sys=0.00, real=0.01 secs] 
109038.699: [GC 109038.699: [ParNew: 210832K->1259K(235968K), 0.0085110 secs] 1095946K->886421K(1546688K), 0.0087970 secs] [Times: user=0.03 sys=0.00, real=0.01 secs] 
109052.344: [GC 109052.344: [ParNew: 211010K->985K(235968K), 0.0057780 secs] 1096173K->886205K(1546688K), 0.0060760 secs] [Times: user=0.03 sys=0.00, real=0.00 secs] 
109058.485: [GC 109058.486: [ParNew: 210777K->1017K(235968K), 0.0054240 secs] 1095997K->886416K(1546688K), 0.0057180 secs] [Times: user=0.04 sys=0.01, real=0.01 secs] 
109077.524: [GC 109077.524: [ParNew: 210809K->985K(235968K), 0.0075970 secs] 1096208K->886438K(1546688K), 0.0078930 secs] [Times: user=0.03 sys=0.00, real=0.01 secs] 
109085.791: [GC 109085.791: [ParNew: 210777K->772K(235968K), 0.0062150 secs] 1096230K->886284K(1546688K), 0.0065140 secs] [Times: user=0.03 sys=0.00, real=0.01 secs] 
109098.716: [GC 109098.716: [ParNew: 210564K->941K(235968K), 0.0063550 secs] 1096076K->886506K(1546688K), 0.0066500 secs] [Times: user=0.04 sys=0.00, real=0.00 secs] 
109112.369: [GC 109112.369: [ParNew: 210718K->908K(235968K), 0.0072460 secs] 1096283K->886530K(1546688K), 0.0074790 secs] [Times: user=0.03 sys=0.00, real=0.01 secs] 
109118.506: [GC 109118.507: [ParNew: 210700K->1079K(235968K), 0.0064150 secs] 1096322K->886756K(1546688K), 0.0066440 secs] [Times: user=0.03 sys=0.00, real=0.01 secs] 
109137.544: [GC 109137.544: [ParNew: 210871K->842K(235968K), 0.0067590 secs] 1096548K->886574K(1546688K), 0.0069980 secs] [Times: user=0.03 sys=0.00, real=0.01 secs] 
109145.816: [GC 109145.817: [ParNew: 210634K->602K(235968K), 0.0055770 secs] 1096366K->886524K(1546688K), 0.0058150 secs] [Times: user=0.02 sys=0.01, real=0.00 secs] 
109161.019: [GC 109161.019: [ParNew: 210394K->549K(235968K), 0.0050900 secs] 1096316K->886519K(1546688K), 0.0053610 secs] [Times: user=0.03 sys=0.00, real=0.01 secs] 
109172.627: [GC 109172.627: [ParNew: 210315K->784K(235968K), 0.0050520 secs] 1096286K->886808K(1546688K), 0.0053660 secs] [Times: user=0.03 sys=0.00, real=0.01 secs] 
109178.942: [GC 109178.943: [ParNew: 210576K->1227K(235968K), 0.0068930 secs] 1096600K->887303K(1546688K), 0.0071740 secs] [Times: user=0.03 sys=0.00, real=0.00 secs] 
109202.961: [GC 109202.961: [ParNew: 211019K->1083K(235968K), 0.0057930 secs] 1097095K->887210K(1546688K), 0.0061790 secs] [Times: user=0.03 sys=0.00, real=0.01 secs] 
109209.139: [GC 109209.140: [ParNew: 210875K->985K(235968K), 0.0071620 secs] 1097002K->887155K(1546688K), 0.0074850 secs] [Times: user=0.03 sys=0.00, real=0.01 secs] 
109222.517: [GC 109222.517: [ParNew: 210777K->993K(235968K), 0.0075770 secs] 1096947K->887206K(1546688K), 0.0078090 secs] [Times: user=0.03 sys=0.00, real=0.01 secs] 
109233.002: [GC 109233.002: [ParNew: 210785K->1160K(235968K), 0.0048520 secs] 1096998K->887432K(1546688K), 0.0051190 secs] [Times: user=0.03 sys=0.01, real=0.01 secs] 
109239.008: [GC 109239.008: [ParNew: 210952K->746K(235968K), 0.0046880 secs] 1097224K->887159K(1546688K), 0.0049620 secs] [Times: user=0.03 sys=0.00, real=0.01 secs] 
109263.003: [GC 109263.003: [ParNew: 210538K->888K(235968K), 0.0081600 secs] 1096951K->887355K(1546688K), 0.0084680 secs] [Times: user=0.04 sys=0.01, real=0.01 secs] 
109269.168: [GC 109269.168: [ParNew: 210680K->1049K(235968K), 0.0048850 secs] 1097147K->887576K(1546688K), 0.0051820 secs] [Times: user=0.03 sys=0.00, real=0.00 secs] 
109282.536: [GC 109282.536: [ParNew: 210841K->1093K(235968K), 0.0111280 secs] 1097368K->887668K(1546688K), 0.0113350 secs] [Times: user=0.03 sys=0.00, real=0.01 secs] 
109293.008: [GC 109293.008: [ParNew: 210885K->590K(235968K), 0.0072040 secs] 1097460K->887222K(1546688K), 0.0074270 secs] [Times: user=0.03 sys=0.00, real=0.01 secs] 
109298.993: [GC 109298.993: [ParNew: 210382K->1058K(235968K), 0.0070760 secs] 1097014K->887741K(1546688K), 0.0072920 secs] [Times: user=0.03 sys=0.00, real=0.00 secs] 
109323.011: [GC 109323.011: [ParNew: 210845K->775K(235968K), 0.0101530 secs] 1097528K->887518K(1546688K), 0.0103810 secs] [Times: user=0.03 sys=0.00, real=0.01 secs] 
109329.189: [GC 109329.189: [ParNew: 210567K->1124K(235968K), 0.0099810 secs] 1097310K->887937K(1546688K), 0.0102430 secs] [Times: user=0.04 sys=0.01, real=0.01 secs] 
109342.573: [GC 109342.573: [ParNew: 210916K->681K(235968K), 0.0074870 secs] 1097729K->887541K(1546688K), 0.0077120 secs] [Times: user=0.03 sys=0.00, real=0.01 secs] 
109353.049: [GC 109353.050: [ParNew: 210473K->853K(235968K), 0.0057950 secs] 1097333K->887756K(1546688K), 0.0060850 secs] [Times: user=0.03 sys=0.00, real=0.01 secs] 
109367.977: [GC 109367.978: [ParNew: 210645K->799K(235968K), 0.0156600 secs] 1097548K->887751K(1546688K), 0.0159980 secs] [Times: user=0.05 sys=0.00, real=0.02 secs] 
109384.623: [GC 109384.623: [ParNew: 210591K->872K(235968K), 0.0130130 secs] 1097543K->887866K(1546688K), 0.0133130 secs] [Times: user=0.03 sys=0.00, real=0.01 secs] 
109390.915: [GC 109390.916: [ParNew: 210664K->921K(235968K), 0.0098490 secs] 1097658K->887952K(1546688K), 0.0100930 secs] [Times: user=0.03 sys=0.00, real=0.01 secs] 
109412.067: [GC 109412.067: [ParNew: 210713K->841K(235968K), 0.0084510 secs] 1097744K->887921K(1546688K), 0.0086800 secs] [Times: user=0.02 sys=0.00, real=0.01 secs] 
109416.840: [GC 109416.840: [ParNew: 210626K->726K(235968K), 0.0105150 secs] 1097706K->887957K(1546688K), 0.0107330 secs] [Times: user=0.02 sys=0.00, real=0.01 secs] 
109428.015: [GC 109428.016: [ParNew: 210518K->964K(235968K), 0.0088120 secs] 1097749K->888245K(1546688K), 0.0090540 secs] [Times: user=0.03 sys=0.00, real=0.01 secs] 
109444.636: [GC 109444.637: [ParNew: 210756K->1406K(235968K), 0.0079110 secs] 1098037K->888741K(1546688K), 0.0081410 secs] [Times: user=0.03 sys=0.01, real=0.01 secs] 
109450.933: [GC 109450.933: [ParNew: 211198K->1342K(235968K), 0.0082130 secs] 1098533K->888726K(1546688K), 0.0084350 secs] [Times: user=0.03 sys=0.00, real=0.01 secs] 
109472.065: [GC 109472.065: [ParNew: 211134K->1342K(235968K), 0.0076750 secs] 1098518K->888794K(1546688K), 0.0079030 secs] [Times: user=0.03 sys=0.00, real=0.00 secs] 
109476.845: [GC 109476.845: [ParNew: 211134K->1771K(235968K), 0.0086580 secs] 1098586K->889272K(1546688K), 0.0088880 secs] [Times: user=0.03 sys=0.00, real=0.00 secs] 
109488.141: [GC 109488.142: [ParNew: 211563K->847K(235968K), 0.0088680 secs] 1099064K->888974K(1546688K), 0.0090920 secs] [Times: user=0.02 sys=0.00, real=0.01 secs] 
109504.676: [GC 109504.676: [ParNew: 210574K->758K(235968K), 0.0102380 secs] 1098701K->888939K(1546688K), 0.0104710 secs] [Times: user=0.02 sys=0.00, real=0.01 secs] 
109518.785: [GC 109518.785: [ParNew: 210489K->1002K(235968K), 0.0094750 secs] 1098670K->889229K(1546688K), 0.0097560 secs] [Times: user=0.03 sys=0.01, real=0.01 secs] 
109532.421: [GC 109532.422: [ParNew: 210794K->1102K(235968K), 0.0070930 secs] 1099021K->889389K(1546688K), 0.0073240 secs] [Times: user=0.03 sys=0.00, real=0.01 secs] 
109536.884: [GC 109536.885: [ParNew: 210853K->589K(235968K), 0.0075450 secs] 1099140K->888925K(1546688K), 0.0078340 secs] [Times: user=0.02 sys=0.00, real=0.01 secs] 
109557.578: [GC 109557.578: [ParNew: 210381K->902K(235968K), 0.0058340 secs] 1098717K->889278K(1546688K), 0.0061180 secs] [Times: user=0.03 sys=0.00, real=0.01 secs] 
109565.869: [GC 109565.869: [ParNew: 210694K->706K(235968K), 0.0059200 secs] 1099070K->889123K(1546688K), 0.0061690 secs] [Times: user=0.03 sys=0.00, real=0.01 secs] 
109578.815: [GC 109578.815: [ParNew: 210410K->928K(235968K), 0.0077620 secs] 1098827K->889404K(1546688K), 0.0079670 secs] [Times: user=0.02 sys=0.00, real=0.01 secs] 
109592.456: [GC 109592.456: [ParNew: 210720K->746K(235968K), 0.0072840 secs] 1099196K->889266K(1546688K), 0.0075530 secs] [Times: user=0.03 sys=0.00, real=0.00 secs] 
109598.577: [GC 109598.578: [ParNew: 210468K->973K(235968K), 0.0100690 secs] 1098988K->889543K(1546688K), 0.0103670 secs] [Times: user=0.05 sys=0.00, real=0.01 secs] 
109617.610: [GC 109617.611: [ParNew: 210765K->741K(235968K), 0.0135960 secs] 1099335K->889365K(1546688K), 0.0138930 secs] [Times: user=0.04 sys=0.00, real=0.02 secs] 
109625.908: [GC 109625.908: [ParNew: 210533K->704K(235968K), 0.0064930 secs] 1099157K->889383K(1546688K), 0.0067670 secs] [Times: user=0.03 sys=0.00, real=0.01 secs] 
109642.578: [GC 109642.578: [ParNew: 210496K->644K(235968K), 0.0096740 secs] 1099175K->889372K(1546688K), 0.0099000 secs] [Times: user=0.03 sys=0.00, real=0.01 secs] 
109652.687: [GC 109652.687: [ParNew: 210436K->789K(235968K), 0.0057310 secs] 1099164K->889561K(1546688K), 0.0059940 secs] [Times: user=0.03 sys=0.00, real=0.00 secs] 
109659.051: [GC 109659.051: [ParNew: 210581K->908K(235968K), 0.0074130 secs] 1099353K->889724K(1546688K), 0.0076630 secs] [Times: user=0.03 sys=0.00, real=0.01 secs] 
109679.141: [GC 109679.141: [ParNew: 210700K->934K(235968K), 0.0056640 secs] 1099516K->889805K(1546688K), 0.0059310 secs] [Times: user=0.03 sys=0.00, real=0.01 secs] 
109689.216: [GC 109689.216: [ParNew: 210695K->1246K(235968K), 0.0049090 secs] 1099566K->890173K(1546688K), 0.0053560 secs] [Times: user=0.04 sys=0.00, real=0.01 secs] 
109702.597: [GC 109702.597: [ParNew: 211038K->983K(235968K), 0.0064430 secs] 1099965K->889966K(1546688K), 0.0067410 secs] [Times: user=0.03 sys=0.00, real=0.01 secs] 
109712.706: [GC 109712.706: [ParNew: 210775K->643K(235968K), 0.0052220 secs] 1099758K->889681K(1546688K), 0.0054730 secs] [Times: user=0.03 sys=0.01, real=0.01 secs] 
109719.064: [GC 109719.064: [ParNew: 210435K->997K(235968K), 0.0058310 secs] 1099473K->890196K(1546688K), 0.0061310 secs] [Times: user=0.03 sys=0.00, real=0.01 secs] 
109743.073: [GC 109743.073: [ParNew: 210789K->983K(235968K), 0.0056910 secs] 1099988K->890224K(1546688K), 0.0059810 secs] [Times: user=0.03 sys=0.00, real=0.00 secs] 
109749.253: [GC 109749.253: [ParNew: 210709K->863K(235968K), 0.0062370 secs] 1099950K->890151K(1546688K), 0.0065210 secs] [Times: user=0.04 sys=0.00, real=0.00 secs] 
109762.631: [GC 109762.631: [ParNew: 210602K->930K(235968K), 0.0073240 secs] 1099891K->890262K(1546688K), 0.0076280 secs] [Times: user=0.04 sys=0.00, real=0.00 secs] 
109773.112: [GC 109773.112: [ParNew: 210719K->1299K(235968K), 0.0109310 secs] 1100051K->890681K(1546688K), 0.0111890 secs] [Times: user=0.03 sys=0.00, real=0.01 secs] 
109779.107: [GC 109779.108: [ParNew: 211083K->1269K(235968K), 0.0080620 secs] 1100465K->890701K(1546688K), 0.0082540 secs] [Times: user=0.03 sys=0.00, real=0.00 secs] 
109804.685: [GC 109804.686: [ParNew: 211061K->1019K(235968K), 0.0074350 secs] 1100493K->890514K(1546688K), 0.0077280 secs] [Times: user=0.03 sys=0.00, real=0.01 secs] 
109809.279: [GC 109809.279: [ParNew: 210811K->1075K(235968K), 0.0093060 secs] 1100306K->890624K(1546688K), 0.0095620 secs] [Times: user=0.02 sys=0.00, real=0.01 secs] 
109822.637: [GC 109822.637: [ParNew: 210867K->1017K(235968K), 0.0074850 secs] 1100416K->890633K(1546688K), 0.0077660 secs] [Times: user=0.03 sys=0.00, real=0.01 secs] 
109833.123: [GC 109833.123: [ParNew: 210809K->1338K(235968K), 0.0065850 secs] 1100425K->891002K(1546688K), 0.0068100 secs] [Times: user=0.03 sys=0.00, real=0.01 secs] 
109839.117: [GC 109839.118: [ParNew: 211130K->1041K(235968K), 0.0078310 secs] 1100794K->890772K(1546688K), 0.0080450 secs] [Times: user=0.03 sys=0.00, real=0.00 secs] 
109863.093: [GC 109863.093: [ParNew: 210833K->808K(235968K), 0.0082470 secs] 1100564K->890595K(1546688K), 0.0085650 secs] [Times: user=0.03 sys=0.00, real=0.01 secs] 
109869.277: [GC 109869.277: [ParNew: 210600K->817K(235968K), 0.0107950 secs] 1100387K->890658K(1546688K), 0.0110790 secs] [Times: user=0.03 sys=0.00, real=0.01 secs] 
109882.647: [GC 109882.647: [ParNew: 210609K->956K(235968K), 0.0054760 secs] 1100450K->890853K(1546688K), 0.0057710 secs] [Times: user=0.04 sys=0.00, real=0.01 secs] 
109893.214: [GC 109893.215: [ParNew: 210748K->1018K(235968K), 0.0060030 secs] 1100645K->890965K(1546688K), 0.0062620 secs] [Times: user=0.03 sys=0.01, real=0.01 secs] 
109899.137: [GC 109899.137: [ParNew: 210810K->878K(235968K), 0.0064480 secs] 1100757K->890995K(1546688K), 0.0067210 secs] [Times: user=0.03 sys=0.00, real=0.01 secs] 
109923.110: [GC 109923.110: [ParNew: 210615K->1335K(235968K), 0.0085860 secs] 1100732K->891506K(1546688K), 0.0088030 secs] [Times: user=0.02 sys=0.00, real=0.01 secs] 
109929.288: [GC 109929.289: [ParNew: 211127K->797K(235968K), 0.0053750 secs] 1101298K->891030K(1546688K), 0.0056520 secs] [Times: user=0.04 sys=0.01, real=0.01 secs] 
109942.655: [GC 109942.655: [ParNew: 210589K->900K(235968K), 0.0049310 secs] 1100822K->891188K(1546688K), 0.0051970 secs] [Times: user=0.02 sys=0.01, real=0.00 secs] 
109952.748: [GC 109952.748: [ParNew: 210692K->1192K(235968K), 0.0054400 secs] 1100980K->891531K(1546688K), 0.0057710 secs] [Times: user=0.04 sys=0.00, real=0.01 secs] 
109959.132: [GC 109959.132: [ParNew: 210984K->1293K(235968K), 0.0082500 secs] 1101323K->891696K(1546688K), 0.0085220 secs] [Times: user=0.04 sys=0.00, real=0.01 secs] 
109983.120: [GC 109983.121: [ParNew: 211085K->1281K(235968K), 0.0061410 secs] 1101488K->891737K(1546688K), 0.0064380 secs] [Times: user=0.04 sys=0.00, real=0.01 secs] 
109989.300: [GC 109989.301: [ParNew: 211073K->1387K(235968K), 0.0049360 secs] 1101529K->891899K(1546688K), 0.0053710 secs] [Times: user=0.03 sys=0.00, real=0.01 secs] 
110002.674: [GC 110002.675: [ParNew: 211179K->934K(235968K), 0.0237840 secs] 1101691K->891670K(1546688K), 0.0240880 secs] [Times: user=0.06 sys=0.01, real=0.02 secs] 
110013.238: [GC 110013.238: [ParNew: 210726K->1293K(235968K), 0.0066880 secs] 1101462K->892087K(1546688K), 0.0069160 secs] [Times: user=0.03 sys=0.00, real=0.01 secs] 
110019.156: [GC 110019.157: [ParNew: 211085K->1019K(235968K), 0.0063560 secs] 1101879K->891867K(1546688K), 0.0066330 secs] [Times: user=0.03 sys=0.00, real=0.01 secs] 
110043.136: [GC 110043.136: [ParNew: 210811K->1127K(235968K), 0.0073420 secs] 1101659K->892029K(1546688K), 0.0076080 secs] [Times: user=0.03 sys=0.00, real=0.00 secs] 
110049.314: [GC 110049.315: [ParNew: 210895K->863K(235968K), 0.0048020 secs] 1101797K->891820K(1546688K), 0.0050920 secs] [Times: user=0.03 sys=0.00, real=0.00 secs] 
110062.700: [GC 110062.700: [ParNew: 210655K->924K(235968K), 0.0060330 secs] 1101612K->891937K(1546688K), 0.0063200 secs] [Times: user=0.03 sys=0.00, real=0.01 secs] 
110073.246: [GC 110073.246: [ParNew: 210716K->1033K(235968K), 0.0061870 secs] 1101729K->892099K(1546688K), 0.0064600 secs] [Times: user=0.03 sys=0.00, real=0.01 secs] 
110079.164: [GC 110079.164: [ParNew: 210825K->889K(235968K), 0.0048330 secs] 1101891K->892169K(1546688K), 0.0051130 secs] [Times: user=0.03 sys=0.00, real=0.00 secs] 
110103.165: [GC 110103.166: [ParNew: 210662K->885K(235968K), 0.0046750 secs] 1101941K->892219K(1546688K), 0.0049530 secs] [Times: user=0.04 sys=0.00, real=0.01 secs] 
110111.018: [GC 110111.018: [ParNew: 210661K->1002K(235968K), 0.0065730 secs] 1101995K->892391K(1546688K), 0.0068790 secs] [Times: user=0.03 sys=0.00, real=0.01 secs] 
110122.716: [GC 110122.716: [ParNew: 210794K->610K(235968K), 0.0241760 secs] 1102183K->892050K(1546688K), 0.0244990 secs] [Times: user=0.04 sys=0.00, real=0.02 secs] 
110133.261: [GC 110133.261: [ParNew: 210402K->1266K(235968K), 0.0102190 secs] 1101842K->892760K(1546688K), 0.0105060 secs] [Times: user=0.03 sys=0.00, real=0.02 secs] 
110139.171: [GC 110139.171: [ParNew: 211028K->1188K(235968K), 0.0082050 secs] 1102522K->892740K(1546688K), 0.0084920 secs] [Times: user=0.03 sys=0.00, real=0.00 secs] 
110163.166: [GC 110163.166: [ParNew: 210980K->902K(235968K), 0.0060900 secs] 1102532K->892513K(1546688K), 0.0064010 secs] [Times: user=0.03 sys=0.00, real=0.01 secs] 
110169.344: [GC 110169.344: [ParNew: 210672K->1134K(235968K), 0.0062060 secs] 1102283K->892794K(1546688K), 0.0064970 secs] [Times: user=0.03 sys=0.00, real=0.01 secs] 
110182.718: [GC 110182.718: [ParNew: 210911K->923K(235968K), 0.0085970 secs] 1102571K->892638K(1546688K), 0.0089370 secs] [Times: user=0.04 sys=0.00, real=0.01 secs] 
110193.282: [GC 110193.282: [ParNew: 210715K->782K(235968K), 0.0064580 secs] 1102430K->892543K(1546688K), 0.0066870 secs] [Times: user=0.03 sys=0.00, real=0.00 secs] 
110208.258: [GC 110208.259: [ParNew: 210574K->637K(235968K), 0.0143860 secs] 1102335K->892490K(1546688K), 0.0146310 secs] [Times: user=0.02 sys=0.00, real=0.02 secs] 
110224.770: [GC 110224.770: [ParNew: 210429K->1332K(235968K), 0.0069760 secs] 1102282K->893234K(1546688K), 0.0072460 secs] [Times: user=0.04 sys=0.00, real=0.01 secs] 
110231.046: [GC 110231.046: [ParNew: 211094K->1217K(235968K), 0.0059390 secs] 1102996K->893302K(1546688K), 0.0062220 secs] [Times: user=0.03 sys=0.00, real=0.00 secs] 
110242.709: [GC 110242.709: [ParNew: 211009K->721K(235968K), 0.0080380 secs] 1103094K->892868K(1546688K), 0.0082500 secs] [Times: user=0.03 sys=0.00, real=0.01 secs] 
110252.783: [GC 110252.784: [ParNew: 210513K->759K(235968K), 0.0058000 secs] 1102660K->892954K(1546688K), 0.0060740 secs] [Times: user=0.04 sys=0.00, real=0.00 secs] 
110259.191: [GC 110259.192: [ParNew: 210551K->868K(235968K), 0.0059580 secs] 1102746K->893117K(1546688K), 0.0062380 secs] [Times: user=0.03 sys=0.00, real=0.00 secs] 
110283.170: [GC 110283.170: [ParNew: 210660K->1053K(235968K), 0.0066000 secs] 1102909K->893364K(1546688K), 0.0068910 secs] [Times: user=0.04 sys=0.00, real=0.00 secs] 
110289.348: [GC 110289.349: [ParNew: 210831K->1084K(235968K), 0.0065860 secs] 1103142K->893478K(1546688K), 0.0068710 secs] [Times: user=0.03 sys=0.00, real=0.00 secs] 
110302.734: [GC 110302.734: [ParNew: 210818K->875K(235968K), 0.0178840 secs] 1103213K->893318K(1546688K), 0.0181990 secs] [Times: user=0.04 sys=0.00, real=0.02 secs] 
110313.295: [GC 110313.295: [ParNew: 210667K->944K(235968K), 0.0058140 secs] 1103110K->893444K(1546688K), 0.0060840 secs] [Times: user=0.03 sys=0.00, real=0.00 secs] 
110319.206: [GC 110319.206: [ParNew: 210730K->957K(235968K), 0.0047780 secs] 1103231K->893519K(1546688K), 0.0050510 secs] [Times: user=0.04 sys=0.00, real=0.00 secs] 
110343.201: [GC 110343.201: [ParNew: 210749K->868K(235968K), 0.0047360 secs] 1103311K->893484K(1546688K), 0.0050180 secs] [Times: user=0.03 sys=0.00, real=0.00 secs] 
110349.338: [GC 110349.338: [ParNew: 210660K->857K(235968K), 0.0049540 secs] 1103276K->893529K(1546688K), 0.0052300 secs] [Times: user=0.03 sys=0.00, real=0.00 secs] 
110362.619: [GC 110362.620: [ParNew: 210649K->588K(235968K), 0.0048730 secs] 1103321K->893316K(1546688K), 0.0051400 secs] [Times: user=0.03 sys=0.00, real=0.00 secs] 
110372.775: [GC 110372.775: [ParNew: 210380K->974K(235968K), 0.0048110 secs] 1103108K->893752K(1546688K), 0.0050820 secs] [Times: user=0.03 sys=0.00, real=0.00 secs] 
110379.194: [GC 110379.194: [ParNew: 210766K->1216K(235968K), 0.0050070 secs] 1103544K->894043K(1546688K), 0.0052910 secs] [Times: user=0.03 sys=0.00, real=0.00 secs] 
110403.175: [GC 110403.175: [ParNew: 211008K->803K(235968K), 0.0047530 secs] 1103835K->893672K(1546688K), 0.0050340 secs] [Times: user=0.03 sys=0.00, real=0.01 secs] 
110406.042: [GC 110406.042: [ParNew: 210569K->948K(235968K), 0.0049140 secs] 1103438K->893879K(1546688K), 0.0051820 secs] [Times: user=0.03 sys=0.00, real=0.00 secs] 
110411.114: [GC 110411.114: [ParNew: 210740K->1060K(235968K), 0.0046820 secs] 1103671K->894052K(1546688K), 0.0049420 secs] [Times: user=0.03 sys=0.00, real=0.01 secs] 
110432.186: [GC 110432.186: [ParNew: 210784K->1298K(235968K), 0.0059930 secs] 1103776K->894339K(1546688K), 0.0062980 secs] [Times: user=0.03 sys=0.01, real=0.00 secs] 
110433.364: [GC 110433.365: [ParNew: 211090K->879K(235968K), 0.0048010 secs] 1104131K->894023K(1546688K), 0.0050990 secs] [Times: user=0.04 sys=0.00, real=0.00 secs] 
110448.332: [GC 110448.332: [ParNew: 210655K->954K(235968K), 0.0047170 secs] 1103799K->894149K(1546688K), 0.0050070 secs] [Times: user=0.03 sys=0.00, real=0.00 secs] 
110464.848: [GC 110464.848: [ParNew: 210746K->934K(235968K), 0.0050660 secs] 1103941K->894204K(1546688K), 0.0053550 secs] [Times: user=0.03 sys=0.00, real=0.01 secs] 
110471.124: [GC 110471.124: [ParNew: 210627K->890K(235968K), 0.0060900 secs] 1103897K->894209K(1546688K), 0.0063730 secs] [Times: user=0.03 sys=0.00, real=0.01 secs] 
110492.610: [GC 110492.610: [ParNew: 210605K->1001K(235968K), 0.0282900 secs] 1103925K->894370K(1546688K), 0.0286240 secs] [Times: user=0.04 sys=0.00, real=0.03 secs] 
110496.998: [GC 110496.998: [ParNew: 210793K->717K(235968K), 0.0076550 secs] 1104162K->894135K(1546688K), 0.0079450 secs] [Times: user=0.03 sys=0.00, real=0.01 secs] 
110508.339: [GC 110508.339: [ParNew: 210464K->1366K(235968K), 0.0107960 secs] 1103882K->894834K(1546688K), 0.0110350 secs] [Times: user=0.03 sys=0.00, real=0.01 secs] 
110524.847: [GC 110524.847: [ParNew: 211158K->966K(235968K), 0.0108300 secs] 1104626K->894487K(1546688K), 0.0111220 secs] [Times: user=0.03 sys=0.00, real=0.01 secs] 
110531.122: [GC 110531.123: [ParNew: 210758K->999K(235968K), 0.0078530 secs] 1104279K->894707K(1546688K), 0.0081000 secs] [Times: user=0.03 sys=0.00, real=0.01 secs] 
110552.216: [GC 110552.216: [ParNew: 210791K->887K(235968K), 0.0068450 secs] 1104499K->894651K(1546688K), 0.0070940 secs] [Times: user=0.03 sys=0.00, real=0.00 secs] 
110556.991: [GC 110556.991: [ParNew: 210679K->969K(235968K), 0.0066150 secs] 1104443K->894869K(1546688K), 0.0068870 secs] [Times: user=0.03 sys=0.00, real=0.01 secs] 
110568.361: [GC 110568.361: [ParNew: 210659K->860K(235968K), 0.0049740 secs] 1104559K->894809K(1546688K), 0.0052360 secs] [Times: user=0.03 sys=0.00, real=0.01 secs] 
110584.879: [GC 110584.879: [ParNew: 210618K->763K(235968K), 0.0062380 secs] 1104567K->894772K(1546688K), 0.0064570 secs] [Times: user=0.03 sys=0.00, real=0.01 secs] 
110595.972: [GC 110595.973: [ParNew: 210555K->501K(235968K), 0.0074720 secs] 1104564K->894570K(1546688K), 0.0077250 secs] [Times: user=0.02 sys=0.00, real=0.01 secs] 
110612.642: [GC 110612.643: [ParNew: 210293K->784K(235968K), 0.0365350 secs] 1104362K->894911K(1546688K), 0.0369020 secs] [Times: user=0.06 sys=0.00, real=0.04 secs] 
110617.021: [GC 110617.021: [ParNew: 210517K->1022K(235968K), 0.0064640 secs] 1104644K->895307K(1546688K), 0.0070770 secs] [Times: user=0.02 sys=0.00, real=0.01 secs] 
110628.397: [GC 110628.397: [ParNew: 210778K->1185K(235968K), 0.0064520 secs] 1105064K->895519K(1546688K), 0.0067470 secs] [Times: user=0.03 sys=0.00, real=0.01 secs] 
110646.051: [GC 110646.052: [ParNew: 210977K->1130K(235968K), 0.0062800 secs] 1105311K->895513K(1546688K), 0.0065880 secs] [Times: user=0.03 sys=0.00, real=0.00 secs] 
110659.167: [GC 110659.167: [ParNew: 210864K->1367K(235968K), 0.0080310 secs] 1105247K->895804K(1546688K), 0.0083370 secs] [Times: user=0.04 sys=0.00, real=0.01 secs] 
110672.675: [GC 110672.676: [ParNew: 211132K->994K(235968K), 0.0106880 secs] 1105569K->895475K(1546688K), 0.0110350 secs] [Times: user=0.04 sys=0.00, real=0.02 secs] 
110678.721: [GC 110678.721: [ParNew: 210786K->503K(235968K), 0.0119000 secs] 1105267K->895029K(1546688K), 0.0122370 secs] [Times: user=0.03 sys=0.00, real=0.01 secs] 
110688.398: [GC 110688.398: [ParNew: 210295K->2358K(235968K), 0.0071920 secs] 1104821K->896948K(1546688K), 0.0075010 secs] [Times: user=0.04 sys=0.00, real=0.01 secs] 
110704.888: [GC 110704.889: [ParNew: 212033K->2848K(235968K), 0.0085720 secs] 1106623K->897496K(1546688K), 0.0088010 secs] [Times: user=0.03 sys=0.00, real=0.01 secs] 
110711.149: [GC 110711.149: [ParNew: 212640K->2508K(235968K), 0.0070380 secs] 1107288K->897205K(1546688K), 0.0077400 secs] [Times: user=0.04 sys=0.00, real=0.01 secs] 
110732.231: [GC 110732.231: [ParNew: 212300K->3060K(235968K), 0.0062780 secs] 1106997K->897813K(1546688K), 0.0065700 secs] [Times: user=0.04 sys=0.00, real=0.01 secs] 
110733.416: [GC 110733.417: [ParNew: 212832K->2204K(235968K), 0.0107790 secs] 1107586K->898090K(1546688K), 0.0110410 secs] [Times: user=0.03 sys=0.00, real=0.02 secs] 
110748.392: [GC 110748.393: [ParNew: 211906K->846K(235968K), 0.0052700 secs] 1107792K->896923K(1546688K), 0.0055660 secs] [Times: user=0.03 sys=0.01, real=0.01 secs] 
110764.892: [GC 110764.893: [ParNew: 210638K->1135K(235968K), 0.0073700 secs] 1106715K->897275K(1546688K), 0.0076530 secs] [Times: user=0.03 sys=0.01, real=0.00 secs] 
110771.173: [GC 110771.173: [ParNew: 210927K->711K(235968K), 0.0054040 secs] 1107067K->896908K(1546688K), 0.0056840 secs] [Times: user=0.04 sys=0.00, real=0.00 secs] 
110792.687: [GC 110792.688: [ParNew: 210494K->756K(235968K), 0.0187560 secs] 1106691K->897002K(1546688K), 0.0190750 secs] [Times: user=0.04 sys=0.00, real=0.02 secs] 
110797.039: [GC 110797.040: [ParNew: 210548K->731K(235968K), 0.0062280 secs] 1106794K->897026K(1546688K), 0.0064540 secs] [Times: user=0.02 sys=0.00, real=0.00 secs] 
110817.749: [GC 110817.749: [ParNew: 210440K->722K(235968K), 0.0066760 secs] 1106735K->897066K(1546688K), 0.0068860 secs] [Times: user=0.03 sys=0.00, real=0.01 secs] 
110826.086: [GC 110826.086: [ParNew: 210504K->1090K(235968K), 0.0090380 secs] 1106848K->897477K(1546688K), 0.0092510 secs] [Times: user=0.03 sys=0.00, real=0.01 secs] 
110839.217: [GC 110839.217: [ParNew: 210882K->796K(235968K), 0.0064280 secs] 1107269K->897219K(1546688K), 0.0067220 secs] [Times: user=0.04 sys=0.00, real=0.01 secs] 
110852.745: [GC 110852.745: [ParNew: 210588K->1332K(235968K), 0.0070870 secs] 1107011K->897799K(1546688K), 0.0073910 secs] [Times: user=0.04 sys=0.00, real=0.01 secs] 
110858.754: [GC 110858.754: [ParNew: 211088K->1251K(235968K), 0.0090920 secs] 1107555K->897767K(1546688K), 0.0094200 secs] [Times: user=0.02 sys=0.00, real=0.01 secs] 
110877.786: [GC 110877.786: [ParNew: 211019K->946K(235968K), 0.0079620 secs] 1107535K->897516K(1546688K), 0.0082260 secs] [Times: user=0.03 sys=0.01, real=0.01 secs] 
110886.134: [GC 110886.134: [ParNew: 210730K->601K(235968K), 0.0088010 secs] 1107300K->897225K(1546688K), 0.0090050 secs] [Times: user=0.03 sys=0.00, real=0.01 secs] 
110902.812: [GC 110902.812: [ParNew: 210393K->915K(235968K), 0.0079030 secs] 1107017K->897628K(1546688K), 0.0081760 secs] [Times: user=0.03 sys=0.00, real=0.01 secs] 
110912.859: [GC 110912.860: [ParNew: 210666K->1057K(235968K), 0.0096150 secs] 1107378K->897818K(1546688K), 0.0098330 secs] [Times: user=0.03 sys=0.00, real=0.01 secs] 
110919.310: [GC 110919.310: [ParNew: 210849K->970K(235968K), 0.0065290 secs] 1107610K->897778K(1546688K), 0.0067270 secs] [Times: user=0.03 sys=0.00, real=0.00 secs] 
110943.289: [GC 110943.289: [ParNew: 210683K->1133K(235968K), 0.0063390 secs] 1107491K->897985K(1546688K), 0.0066270 secs] [Times: user=0.03 sys=0.00, real=0.01 secs] 
110949.471: [GC 110949.471: [ParNew: 210911K->834K(235968K), 0.0086120 secs] 1107763K->897742K(1546688K), 0.0089010 secs] [Times: user=0.03 sys=0.00, real=0.01 secs] 
110962.851: [GC 110962.852: [ParNew: 210569K->904K(235968K), 0.0262810 secs] 1107477K->897856K(1546688K), 0.0266330 secs] [Times: user=0.05 sys=0.00, real=0.02 secs] 
110973.417: [GC 110973.417: [ParNew: 210696K->884K(235968K), 0.0090150 secs] 1107648K->897898K(1546688K), 0.0093100 secs] [Times: user=0.03 sys=0.00, real=0.01 secs] 
110979.331: [GC 110979.331: [ParNew: 210606K->995K(235968K), 0.0071370 secs] 1107619K->898058K(1546688K), 0.0073540 secs] [Times: user=0.03 sys=0.00, real=0.00 secs] 
111003.308: [GC 111003.308: [ParNew: 210787K->945K(235968K), 0.0068470 secs] 1107850K->898062K(1546688K), 0.0070800 secs] [Times: user=0.03 sys=0.00, real=0.01 secs] 
111009.497: [GC 111009.497: [ParNew: 210737K->983K(235968K), 0.0066450 secs] 1107854K->898154K(1546688K), 0.0069410 secs] [Times: user=0.03 sys=0.00, real=0.01 secs] 
111022.871: [GC 111022.871: [ParNew: 210775K->1135K(235968K), 0.0206220 secs] 1107946K->898355K(1546688K), 0.0209560 secs] [Times: user=0.04 sys=0.00, real=0.03 secs] 
111033.551: [GC 111033.551: [ParNew: 210927K->1426K(235968K), 0.0086240 secs] 1108147K->898743K(1546688K), 0.0088850 secs] [Times: user=0.03 sys=0.00, real=0.01 secs] 
111039.353: [GC 111039.353: [ParNew: 211217K->791K(235968K), 0.0082160 secs] 1108534K->898319K(1546688K), 0.0084470 secs] [Times: user=0.03 sys=0.00, real=0.01 secs] 
111063.336: [GC 111063.337: [ParNew: 210583K->603K(235968K), 0.0071200 secs] 1108111K->898184K(1546688K), 0.0074230 secs] [Times: user=0.03 sys=0.00, real=0.00 secs] 
111069.510: [GC 111069.510: [ParNew: 210351K->619K(235968K), 0.0083290 secs] 1107932K->898254K(1546688K), 0.0086080 secs] [Times: user=0.03 sys=0.00, real=0.01 secs] 
111082.877: [GC 111082.878: [ParNew: 210411K->1119K(235968K), 0.0229410 secs] 1108046K->898811K(1546688K), 0.0232220 secs] [Times: user=0.05 sys=0.00, real=0.02 secs] 
111093.554: [GC 111093.554: [ParNew: 210911K->1201K(235968K), 0.0118860 secs] 1108603K->898941K(1546688K), 0.0121830 secs] [Times: user=0.04 sys=0.00, real=0.01 secs] 
111099.364: [GC 111099.364: [ParNew: 210990K->1055K(235968K), 0.0076450 secs] 1108731K->898845K(1546688K), 0.0079370 secs] [Times: user=0.03 sys=0.00, real=0.01 secs] 
111123.329: [GC 111123.330: [ParNew: 210847K->1231K(235968K), 0.0069470 secs] 1108637K->899077K(1546688K), 0.0071830 secs] [Times: user=0.03 sys=0.00, real=0.01 secs] 
111129.508: [GC 111129.509: [ParNew: 211023K->1329K(235968K), 0.0068730 secs] 1108869K->899237K(1546688K), 0.0071010 secs] [Times: user=0.03 sys=0.01, real=0.01 secs] 
111142.904: [GC 111142.904: [ParNew: 211121K->899K(235968K), 0.0105650 secs] 1109029K->898856K(1546688K), 0.0108110 secs] [Times: user=0.03 sys=0.00, real=0.01 secs] 
111153.577: [GC 111153.577: [ParNew: 210691K->1064K(235968K), 0.0075870 secs] 1108648K->899080K(1546688K), 0.0078380 secs] [Times: user=0.03 sys=0.00, real=0.01 secs] 
111159.386: [GC 111159.386: [ParNew: 210828K->756K(235968K), 0.0065790 secs] 1108844K->899006K(1546688K), 0.0069600 secs] [Times: user=0.03 sys=0.00, real=0.01 secs] 
111177.815: [GC 111177.816: [ParNew: 210548K->1123K(235968K), 0.0092410 secs] 1108798K->899427K(1546688K), 0.0095630 secs] [Times: user=0.02 sys=0.00, real=0.01 secs] 
111186.168: [GC 111186.168: [ParNew: 210840K->1060K(235968K), 0.0070380 secs] 1109144K->899419K(1546688K), 0.0072700 secs] [Times: user=0.03 sys=0.00, real=0.00 secs] 
111199.313: [GC 111199.313: [ParNew: 210852K->1136K(235968K), 0.0235310 secs] 1109211K->899562K(1546688K), 0.0238380 secs] [Times: user=0.03 sys=0.00, real=0.03 secs] 
111212.878: [GC 111212.878: [ParNew: 210879K->879K(235968K), 0.0107630 secs] 1109305K->899352K(1546688K), 0.0110440 secs] [Times: user=0.03 sys=0.00, real=0.01 secs] 
111218.828: [GC 111218.828: [ParNew: 210627K->844K(235968K), 0.0060900 secs] 1109100K->899373K(1546688K), 0.0063640 secs] [Times: user=0.04 sys=0.00, real=0.01 secs] 
111243.325: [GC 111243.326: [ParNew: 210636K->767K(235968K), 0.0129290 secs] 1109165K->899350K(1546688K), 0.0131540 secs] [Times: user=0.03 sys=0.00, real=0.02 secs] 
111249.510: [GC 111249.510: [ParNew: 210559K->663K(235968K), 0.0071420 secs] 1109142K->899393K(1546688K), 0.0073410 secs] [Times: user=0.03 sys=0.00, real=0.01 secs] 
111262.896: [GC 111262.896: [ParNew: 210455K->607K(235968K), 0.0234000 secs] 1109185K->899398K(1546688K), 0.0236900 secs] [Times: user=0.05 sys=0.00, real=0.02 secs] 
111272.917: [GC 111272.917: [ParNew: 210372K->1181K(235968K), 0.0073850 secs] 1109162K->900015K(1546688K), 0.0076610 secs] [Times: user=0.04 sys=0.00, real=0.01 secs] 
111279.382: [GC 111279.382: [ParNew: 210973K->895K(235968K), 0.0119990 secs] 1109807K->899774K(1546688K), 0.0123040 secs] [Times: user=0.03 sys=0.00, real=0.01 secs] 
111297.834: [GC 111297.834: [ParNew: 210687K->1195K(235968K), 0.0079550 secs] 1109566K->900129K(1546688K), 0.0082490 secs] [Times: user=0.03 sys=0.00, real=0.01 secs] 
111306.181: [GC 111306.181: [ParNew: 210987K->1060K(235968K), 0.0091030 secs] 1109921K->900049K(1546688K), 0.0093790 secs] [Times: user=0.03 sys=0.00, real=0.01 secs] 
111319.339: [GC 111319.340: [ParNew: 210733K->754K(235968K), 0.0181520 secs] 1109722K->899798K(1546688K), 0.0184900 secs] [Times: user=0.04 sys=0.00, real=0.02 secs] 
111332.882: [GC 111332.882: [ParNew: 210499K->1090K(235968K), 0.0100190 secs] 1109543K->900196K(1546688K), 0.0103380 secs] [Times: user=0.03 sys=0.00, real=0.01 secs] 
111338.821: [GC 111338.821: [ParNew: 210866K->895K(235968K), 0.0109630 secs] 1109971K->900049K(1546688K), 0.0112210 secs] [Times: user=0.03 sys=0.00, real=0.02 secs] 
111348.829: [GC 111348.830: [ParNew: 210687K->951K(235968K), 0.0083800 secs] 1109841K->900275K(1546688K), 0.0086400 secs] [Times: user=0.04 sys=0.01, real=0.01 secs] 
111365.018: [GC 111365.018: [ParNew: 210743K->1241K(235968K), 0.0077720 secs] 1110067K->900625K(1546688K), 0.0080660 secs] [Times: user=0.03 sys=0.00, real=0.01 secs] 
111371.285: [GC 111371.285: [ParNew: 211033K->841K(235968K), 0.0096100 secs] 1110417K->900276K(1546688K), 0.0098010 secs] [Times: user=0.03 sys=0.00, real=0.01 secs] 
111392.329: [GC 111392.329: [ParNew: 210633K->1207K(235968K), 0.0117550 secs] 1110068K->900698K(1546688K), 0.0120490 secs] [Times: user=0.04 sys=0.00, real=0.01 secs] 
111397.105: [GC 111397.105: [ParNew: 210999K->1844K(235968K), 0.0085780 secs] 1110490K->901424K(1546688K), 0.0087720 secs] [Times: user=0.03 sys=0.00, real=0.01 secs] 
111408.543: [GC 111408.543: [ParNew: 211636K->1556K(235968K), 0.0119990 secs] 1111216K->901185K(1546688K), 0.0122600 secs] [Times: user=0.02 sys=0.00, real=0.01 secs] 
111425.027: [GC 111425.027: [ParNew: 211286K->1650K(235968K), 0.0098950 secs] 1110915K->901334K(1546688K), 0.0100990 secs] [Times: user=0.03 sys=0.00, real=0.01 secs] 
111439.313: [GC 111439.313: [ParNew: 211442K->878K(235968K), 0.0618660 secs] 1111126K->901204K(1546688K), 0.0622140 secs] [Times: user=0.08 sys=0.00, real=0.06 secs] 
111452.856: [GC 111452.857: [ParNew: 210670K->928K(235968K), 0.0075540 secs] 1110996K->901310K(1546688K), 0.0078340 secs] [Times: user=0.03 sys=0.00, real=0.01 secs] 
111457.140: [GC 111457.140: [ParNew: 210720K->669K(235968K), 0.0088990 secs] 1111102K->901102K(1546688K), 0.0091920 secs] [Times: user=0.03 sys=0.00, real=0.01 secs] 
111471.268: [GC 111471.269: [ParNew: 210461K->796K(235968K), 0.0120300 secs] 1110894K->901278K(1546688K), 0.0122990 secs] [Times: user=0.03 sys=0.00, real=0.01 secs] 
111486.199: [GC 111486.200: [ParNew: 210588K->967K(235968K), 0.0058160 secs] 1111070K->901499K(1546688K), 0.0060730 secs] [Times: user=0.03 sys=0.00, real=0.00 secs] 
111499.354: [GC 111499.354: [ParNew: 210708K->943K(235968K), 0.0299160 secs] 1111239K->901523K(1546688K), 0.0302100 secs] [Times: user=0.06 sys=0.00, real=0.03 secs] 
111512.897: [GC 111512.897: [ParNew: 210735K->720K(235968K), 0.0196730 secs] 1111315K->901344K(1546688K), 0.0199560 secs] [Times: user=0.04 sys=0.01, real=0.02 secs] 
111518.859: [GC 111518.859: [ParNew: 210512K->930K(235968K), 0.0089630 secs] 1111136K->901591K(1546688K), 0.0092490 secs] [Times: user=0.03 sys=0.00, real=0.01 secs] 
111537.877: [GC 111537.878: [ParNew: 210722K->797K(235968K), 0.0130330 secs] 1111383K->901526K(1546688K), 0.0133160 secs] [Times: user=0.02 sys=0.00, real=0.02 secs] 
111549.558: [GC 111549.558: [ParNew: 210502K->934K(235968K), 0.0064730 secs] 1111230K->901821K(1546688K), 0.0067720 secs] [Times: user=0.03 sys=0.00, real=0.01 secs] 
111562.958: [GC 111562.958: [ParNew: 210726K->554K(235968K), 0.0204490 secs] 1111613K->901487K(1546688K), 0.0207300 secs] [Times: user=0.04 sys=0.00, real=0.02 secs] 
111572.975: [GC 111572.975: [ParNew: 210346K->686K(235968K), 0.0109210 secs] 1111279K->901663K(1546688K), 0.0111920 secs] [Times: user=0.03 sys=0.00, real=0.01 secs] 
111579.442: [GC 111579.442: [ParNew: 210478K->635K(235968K), 0.0061990 secs] 1111455K->901643K(1546688K), 0.0064620 secs] [Times: user=0.02 sys=0.00, real=0.01 secs] 
111603.413: [GC 111603.413: [ParNew: 210427K->637K(235968K), 0.0159040 secs] 1111435K->901688K(1546688K), 0.0160920 secs] [Times: user=0.02 sys=0.00, real=0.01 secs] 
111609.591: [GC 111609.591: [ParNew: 210429K->963K(235968K), 0.0069330 secs] 1111480K->902057K(1546688K), 0.0072200 secs] [Times: user=0.02 sys=0.00, real=0.00 secs] 
111619.452: [GC 111619.452: [ParNew: 210755K->1175K(235968K), 0.0079690 secs] 1111849K->902325K(1546688K), 0.0082580 secs] [Times: user=0.03 sys=0.01, real=0.01 secs] 
111632.957: [GC 111632.957: [ParNew: 210899K->947K(235968K), 0.0215840 secs] 1112049K->902159K(1546688K), 0.0219110 secs] [Times: user=0.05 sys=0.00, real=0.02 secs] 
111638.868: [GC 111638.868: [ParNew: 210725K->1172K(235968K), 0.0069240 secs] 1111937K->902446K(1546688K), 0.0072160 secs] [Times: user=0.03 sys=0.00, real=0.01 secs] 
111657.876: [GC 111657.876: [ParNew: 210913K->1382K(235968K), 0.0082850 secs] 1112187K->902710K(1546688K), 0.0085810 secs] [Times: user=0.04 sys=0.00, real=0.01 secs] 
111666.248: [GC 111666.248: [ParNew: 211174K->1015K(235968K), 0.0144130 secs] 1112502K->902593K(1546688K), 0.0146720 secs] [Times: user=0.04 sys=0.00, real=0.02 secs] 
111679.437: [GC 111679.437: [ParNew: 210807K->1224K(235968K), 0.0178830 secs] 1112385K->902864K(1546688K), 0.0181980 secs] [Times: user=0.03 sys=0.00, real=0.02 secs] 
111692.943: [GC 111692.943: [ParNew: 210931K->718K(235968K), 0.0269270 secs] 1112571K->902408K(1546688K), 0.0272060 secs] [Times: user=0.04 sys=0.00, real=0.03 secs] 
111698.887: [GC 111698.887: [ParNew: 210507K->886K(235968K), 0.0112630 secs] 1112197K->902632K(1546688K), 0.0115220 secs] [Times: user=0.03 sys=0.00, real=0.01 secs] 
111717.902: [GC 111717.902: [ParNew: 210678K->715K(235968K), 0.0096150 secs] 1112424K->902515K(1546688K), 0.0098980 secs] [Times: user=0.03 sys=0.00, real=0.01 secs] 
111729.589: [GC 111729.589: [ParNew: 210496K->934K(235968K), 0.0119530 secs] 1112296K->902789K(1546688K), 0.0122240 secs] [Times: user=0.03 sys=0.00, real=0.02 secs] 
111739.463: [GC 111739.463: [ParNew: 210726K->1010K(235968K), 0.0111980 secs] 1112581K->902913K(1546688K), 0.0114670 secs] [Times: user=0.03 sys=0.00, real=0.01 secs] 
111752.967: [GC 111752.968: [ParNew: 210802K->1094K(235968K), 0.0278730 secs] 1112705K->903054K(1546688K), 0.0282090 secs] [Times: user=0.04 sys=0.00, real=0.02 secs] 
111758.890: [GC 111758.890: [ParNew: 210886K->811K(235968K), 0.0080030 secs] 1112846K->902820K(1546688K), 0.0083070 secs] [Times: user=0.03 sys=0.00, real=0.01 secs] 
111783.425: [GC 111783.425: [ParNew: 210603K->1507K(235968K), 0.0110490 secs] 1112612K->903584K(1546688K), 0.0113070 secs] [Times: user=0.03 sys=0.00, real=0.01 secs] 
111789.608: [GC 111789.608: [ParNew: 211299K->1424K(235968K), 0.0082830 secs] 1113376K->903586K(1546688K), 0.0085040 secs] [Times: user=0.04 sys=0.00, real=0.01 secs] 
111803.011: [GC 111803.011: [ParNew: 211216K->1469K(235968K), 0.0148720 secs] 1113378K->903688K(1546688K), 0.0151880 secs] [Times: user=0.03 sys=0.00, real=0.01 secs] 
111813.005: [GC 111813.005: [ParNew: 211161K->1216K(235968K), 0.0197830 secs] 1113381K->903558K(1546688K), 0.0200820 secs] [Times: user=0.04 sys=0.00, real=0.02 secs] 
111819.506: [GC 111819.506: [ParNew: 210983K->636K(235968K), 0.0131830 secs] 1113325K->903107K(1546688K), 0.0134970 secs] [Times: user=0.04 sys=0.00, real=0.02 secs] 
111843.454: [GC 111843.454: [ParNew: 210428K->1100K(235968K), 0.0086170 secs] 1112899K->903620K(1546688K), 0.0088770 secs] [Times: user=0.03 sys=0.00, real=0.01 secs] 
111849.640: [GC 111849.641: [ParNew: 210865K->995K(235968K), 0.0132540 secs] 1113386K->903574K(1546688K), 0.0135430 secs] [Times: user=0.03 sys=0.00, real=0.02 secs] 
111863.032: [GC 111863.032: [ParNew: 210787K->678K(235968K), 0.0084400 secs] 1113366K->903311K(1546688K), 0.0086620 secs] [Times: user=0.03 sys=0.00, real=0.01 secs] 
111873.704: [GC 111873.704: [ParNew: 210470K->878K(235968K), 0.0072200 secs] 1113103K->903568K(1546688K), 0.0074450 secs] [Times: user=0.03 sys=0.00, real=0.01 secs] 
111879.548: [GC 111879.548: [ParNew: 210670K->908K(235968K), 0.0101000 secs] 1113360K->903757K(1546688K), 0.0103750 secs] [Times: user=0.03 sys=0.00, real=0.01 secs] 
111903.482: [GC 111903.482: [ParNew: 210700K->1089K(235968K), 0.0136190 secs] 1113549K->903992K(1546688K), 0.0138470 secs] [Times: user=0.03 sys=0.00, real=0.02 secs] 
111909.662: [GC 111909.662: [ParNew: 210881K->1037K(235968K), 0.0065350 secs] 1113784K->903994K(1546688K), 0.0068330 secs] [Times: user=0.03 sys=0.00, real=0.00 secs] 
111923.070: [GC 111923.070: [ParNew: 210829K->661K(235968K), 0.0070340 secs] 1113786K->903670K(1546688K), 0.0073000 secs] [Times: user=0.03 sys=0.01, real=0.00 secs] 
111933.736: [GC 111933.736: [ParNew: 210453K->760K(235968K), 0.0057780 secs] 1113462K->903813K(1546688K), 0.0060430 secs] [Times: user=0.03 sys=0.01, real=0.01 secs] 
111948.656: [GC 111948.656: [ParNew: 210552K->915K(235968K), 0.0198180 secs] 1113605K->904031K(1546688K), 0.0201240 secs] [Times: user=0.04 sys=0.00, real=0.03 secs] 
111965.099: [GC 111965.099: [ParNew: 210675K->1010K(235968K), 0.0084120 secs] 1113791K->904170K(1546688K), 0.0086610 secs] [Times: user=0.03 sys=0.00, real=0.01 secs] 
111971.369: [GC 111971.369: [ParNew: 210796K->895K(235968K), 0.0072120 secs] 1113957K->904098K(1546688K), 0.0075060 secs] [Times: user=0.03 sys=0.00, real=0.01 secs] 
111992.404: [GC 111992.405: [ParNew: 210687K->849K(235968K), 0.0076290 secs] 1113890K->904101K(1546688K), 0.0078490 secs] [Times: user=0.03 sys=0.00, real=0.01 secs] 
111997.183: [GC 111997.184: [ParNew: 210641K->718K(235968K), 0.0082670 secs] 1113893K->904129K(1546688K), 0.0084810 secs] [Times: user=0.03 sys=0.00, real=0.01 secs] 
112008.732: [GC 112008.732: [ParNew: 210386K->921K(235968K), 0.0153370 secs] 1113796K->904380K(1546688K), 0.0155960 secs] [Times: user=0.03 sys=0.00, real=0.02 secs] 
112025.135: [GC 112025.135: [ParNew: 210713K->905K(235968K), 0.0085490 secs] 1114172K->904419K(1546688K), 0.0087840 secs] [Times: user=0.03 sys=0.01, real=0.00 secs] 
112031.404: [GC 112031.404: [ParNew: 210603K->891K(235968K), 0.0100810 secs] 1114117K->904457K(1546688K), 0.0103300 secs] [Times: user=0.02 sys=0.00, real=0.01 secs] 
112052.432: [GC 112052.432: [ParNew: 210646K->861K(235968K), 0.0071340 secs] 1114213K->904490K(1546688K), 0.0073650 secs] [Times: user=0.03 sys=0.00, real=0.00 secs] 
112057.207: [GC 112057.207: [ParNew: 210653K->787K(235968K), 0.0059220 secs] 1114282K->904465K(1546688K), 0.0061440 secs] [Times: user=0.03 sys=0.00, real=0.01 secs] 
112068.755: [GC 112068.755: [ParNew: 210552K->728K(235968K), 0.0068230 secs] 1114229K->904495K(1546688K), 0.0071090 secs] [Times: user=0.03 sys=0.00, real=0.01 secs] 
112086.293: [GC 112086.293: [ParNew: 210483K->922K(235968K), 0.0075090 secs] 1114250K->904749K(1546688K), 0.0078070 secs] [Times: user=0.03 sys=0.00, real=0.01 secs] 
112099.514: [GC 112099.514: [ParNew: 210714K->418K(235968K), 0.0246980 secs] 1114541K->904376K(1546688K), 0.0250590 secs] [Times: user=0.04 sys=0.00, real=0.02 secs] 
112112.995: [GC 112112.996: [ParNew: 210210K->796K(235968K), 0.0061430 secs] 1114168K->904798K(1546688K), 0.0064230 secs] [Times: user=0.03 sys=0.00, real=0.01 secs] 
112118.914: [GC 112118.914: [ParNew: 210588K->618K(235968K), 0.0136580 secs] 1114590K->904674K(1546688K), 0.0139680 secs] [Times: user=0.05 sys=0.00, real=0.01 secs] 
112137.941: [GC 112137.942: [ParNew: 210410K->754K(235968K), 0.0054910 secs] 1114466K->904856K(1546688K), 0.0057670 secs] [Times: user=0.03 sys=0.00, real=0.01 secs] 
112146.330: [GC 112146.330: [ParNew: 210532K->983K(235968K), 0.0051340 secs] 1114633K->905134K(1546688K), 0.0053880 secs] [Times: user=0.04 sys=0.00, real=0.01 secs] 
112159.525: [GC 112159.525: [ParNew: 210683K->1135K(235968K), 0.0122380 secs] 1114833K->905341K(1546688K), 0.0125170 secs] [Times: user=0.03 sys=0.00, real=0.01 secs] 
112173.009: [GC 112173.009: [ParNew: 210927K->1139K(235968K), 0.0083220 secs] 1115133K->905401K(1546688K), 0.0086260 secs] [Times: user=0.03 sys=0.00, real=0.01 secs] 
112178.912: [GC 112178.912: [ParNew: 210848K->734K(235968K), 0.0134560 secs] 1115110K->905045K(1546688K), 0.0136640 secs] [Times: user=0.03 sys=0.00, real=0.01 secs] 
112197.948: [GC 112197.948: [ParNew: 210475K->1016K(235968K), 0.0102890 secs] 1114786K->905381K(1546688K), 0.0105130 secs] [Times: user=0.04 sys=0.00, real=0.01 secs] 
112206.343: [GC 112206.344: [ParNew: 210795K->968K(235968K), 0.0092080 secs] 1115160K->905484K(1546688K), 0.0094830 secs] [Times: user=0.03 sys=0.00, real=0.01 secs] 
112219.543: [GC 112219.543: [ParNew: 210760K->1376K(235968K), 0.0145830 secs] 1115276K->905950K(1546688K), 0.0148270 secs] [Times: user=0.03 sys=0.00, real=0.02 secs] 
112233.030: [GC 112233.030: [ParNew: 211168K->1269K(235968K), 0.0057070 secs] 1115742K->905894K(1546688K), 0.0059730 secs] [Times: user=0.03 sys=0.00, real=0.01 secs] 
112238.933: [GC 112238.933: [ParNew: 211052K->1071K(235968K), 0.0097380 secs] 1115678K->905746K(1546688K), 0.0099520 secs] [Times: user=0.03 sys=0.00, real=0.01 secs] 
112257.968: [GC 112257.968: [ParNew: 210779K->1099K(235968K), 0.0076060 secs] 1115453K->905853K(1546688K), 0.0078640 secs] [Times: user=0.04 sys=0.00, real=0.00 secs] 
112266.361: [GC 112266.361: [ParNew: 210889K->1125K(235968K), 0.0092080 secs] 1115643K->905933K(1546688K), 0.0094840 secs] [Times: user=0.03 sys=0.00, real=0.01 secs] 
112279.591: [GC 112279.592: [ParNew: 210879K->1052K(235968K), 0.0191760 secs] 1115687K->905922K(1546688K), 0.0194650 secs] [Times: user=0.05 sys=0.00, real=0.02 secs] 
112293.041: [GC 112293.041: [ParNew: 210844K->894K(235968K), 0.0118310 secs] 1115714K->905807K(1546688K), 0.0121310 secs] [Times: user=0.04 sys=0.01, real=0.02 secs] 
112298.933: [GC 112298.934: [ParNew: 210684K->1002K(235968K), 0.0086850 secs] 1115598K->905964K(1546688K), 0.0090030 secs] [Times: user=0.03 sys=0.00, real=0.01 secs] 
112317.965: [GC 112317.966: [ParNew: 210794K->955K(235968K), 0.0075520 secs] 1115756K->905974K(1546688K), 0.0078110 secs] [Times: user=0.03 sys=0.00, real=0.01 secs] 
112326.360: [GC 112326.360: [ParNew: 210747K->1048K(235968K), 0.0092800 secs] 1115766K->906124K(1546688K), 0.0095730 secs] [Times: user=0.03 sys=0.00, real=0.01 secs] 
112339.576: [GC 112339.576: [ParNew: 210840K->1317K(235968K), 0.0133910 secs] 1115916K->906449K(1546688K), 0.0137140 secs] [Times: user=0.04 sys=0.00, real=0.01 secs] 
112353.047: [GC 112353.047: [ParNew: 211109K->1386K(235968K), 0.0057110 secs] 1116241K->906569K(1546688K), 0.0060020 secs] [Times: user=0.03 sys=0.00, real=0.01 secs] 
112358.952: [GC 112358.952: [ParNew: 211178K->884K(235968K), 0.0071920 secs] 1116361K->906121K(1546688K), 0.0074910 secs] [Times: user=0.03 sys=0.00, real=0.01 secs] 
112377.971: [GC 112377.972: [ParNew: 210664K->782K(235968K), 0.0069290 secs] 1115900K->906078K(1546688K), 0.0072190 secs] [Times: user=0.04 sys=0.00, real=0.01 secs] 
112386.371: [GC 112386.371: [ParNew: 210545K->953K(235968K), 0.0065250 secs] 1115842K->906298K(1546688K), 0.0068040 secs] [Times: user=0.03 sys=0.00, real=0.01 secs] 
112399.605: [GC 112399.605: [ParNew: 210745K->744K(235968K), 0.0182460 secs] 1116090K->906148K(1546688K), 0.0186140 secs] [Times: user=0.04 sys=0.00, real=0.02 secs] 
112413.065: [GC 112413.065: [ParNew: 210536K->1142K(235968K), 0.0060930 secs] 1115940K->906596K(1546688K), 0.0062990 secs] [Times: user=0.03 sys=0.00, real=0.00 secs] 
112418.973: [GC 112418.973: [ParNew: 210934K->630K(235968K), 0.0076950 secs] 1116388K->906244K(1546688K), 0.0079230 secs] [Times: user=0.03 sys=0.00, real=0.00 secs] 
112437.997: [GC 112437.997: [ParNew: 210422K->839K(235968K), 0.0055160 secs] 1116036K->906507K(1546688K), 0.0057990 secs] [Times: user=0.03 sys=0.00, real=0.01 secs] 
112449.840: [GC 112449.841: [ParNew: 210631K->538K(235968K), 0.0069880 secs] 1116299K->906260K(1546688K), 0.0072850 secs] [Times: user=0.03 sys=0.00, real=0.01 secs] 
112463.116: [GC 112463.116: [ParNew: 210302K->1159K(235968K), 0.0105390 secs] 1116024K->906942K(1546688K), 0.0107540 secs] [Times: user=0.03 sys=0.00, real=0.01 secs] 
112473.098: [GC 112473.098: [ParNew: 210900K->1265K(235968K), 0.0066520 secs] 1116683K->907093K(1546688K), 0.0069620 secs] [Times: user=0.03 sys=0.00, real=0.01 secs] 
112479.632: [GC 112479.633: [ParNew: 211057K->1179K(235968K), 0.0099080 secs] 1116885K->907050K(1546688K), 0.0102330 secs] [Times: user=0.03 sys=0.01, real=0.02 secs] 
112503.579: [GC 112503.579: [ParNew: 210923K->1104K(235968K), 0.0065720 secs] 1116794K->907016K(1546688K), 0.0068520 secs] [Times: user=0.03 sys=0.00, real=0.01 secs] 
112509.893: [GC 112509.893: [ParNew: 210896K->1016K(235968K), 0.0143370 secs] 1116808K->907083K(1546688K), 0.0145740 secs] [Times: user=0.04 sys=0.00, real=0.01 secs] 
112523.277: [GC 112523.278: [ParNew: 210808K->972K(235968K), 0.0071770 secs] 1116875K->907083K(1546688K), 0.0074460 secs] [Times: user=0.03 sys=0.00, real=0.00 secs] 
112533.835: [GC 112533.835: [ParNew: 210734K->1171K(235968K), 0.0058300 secs] 1116844K->907340K(1546688K), 0.0061210 secs] [Times: user=0.03 sys=0.00, real=0.00 secs] 
112539.676: [GC 112539.676: [ParNew: 210943K->996K(235968K), 0.0061820 secs] 1117112K->907224K(1546688K), 0.0064690 secs] [Times: user=0.03 sys=0.00, real=0.00 secs] 
112565.198: [GC 112565.199: [ParNew: 210788K->870K(235968K), 0.0076400 secs] 1117016K->907160K(1546688K), 0.0078980 secs] [Times: user=0.04 sys=0.00, real=0.01 secs] 
112571.471: [GC 112571.471: [ParNew: 210642K->1125K(235968K), 0.0087880 secs] 1116932K->907465K(1546688K), 0.0089930 secs] [Times: user=0.04 sys=0.00, real=0.01 secs] 
112592.479: [GC 112592.480: [ParNew: 210898K->989K(235968K), 0.0061330 secs] 1117238K->907373K(1546688K), 0.0064130 secs] [Times: user=0.03 sys=0.00, real=0.01 secs] 
112593.875: [GC 112593.875: [ParNew: 210756K->670K(235968K), 0.0096130 secs] 1117140K->907097K(1546688K), 0.0097970 secs] [Times: user=0.03 sys=0.00, real=0.01 secs] 
112608.975: [GC 112608.976: [ParNew: 210462K->768K(235968K), 0.0164110 secs] 1116889K->907232K(1546688K), 0.0167350 secs] [Times: user=0.04 sys=0.00, real=0.01 secs] 
112625.242: [GC 112625.242: [ParNew: 210560K->772K(235968K), 0.0066010 secs] 1117024K->907284K(1546688K), 0.0068930 secs] [Times: user=0.03 sys=0.00, real=0.00 secs] 
112631.513: [GC 112631.514: [ParNew: 210502K->754K(235968K), 0.0086880 secs] 1117013K->907393K(1546688K), 0.0089680 secs] [Times: user=0.03 sys=0.00, real=0.01 secs] 
112653.090: [GC 112653.090: [ParNew: 210546K->949K(235968K), 0.0069480 secs] 1117185K->907633K(1546688K), 0.0072090 secs] [Times: user=0.03 sys=0.00, real=0.01 secs] 
112657.301: [GC 112657.301: [ParNew: 210741K->657K(235968K), 0.0071190 secs] 1117425K->907391K(1546688K), 0.0073140 secs] [Times: user=0.02 sys=0.00, real=0.01 secs] 
112672.365: [GC 112672.365: [ParNew: 210449K->433K(235968K), 0.0071030 secs] 1117183K->907215K(1546688K), 0.0073240 secs] [Times: user=0.03 sys=0.00, real=0.01 secs] 
112686.405: [GC 112686.405: [ParNew: 210187K->984K(235968K), 0.0093420 secs] 1116969K->907815K(1546688K), 0.0096000 secs] [Times: user=0.03 sys=0.01, real=0.01 secs] 
112699.635: [GC 112699.635: [ParNew: 210741K->965K(235968K), 0.0263740 secs] 1117573K->907852K(1546688K), 0.0267260 secs] [Times: user=0.04 sys=0.00, real=0.03 secs] 
112713.112: [GC 112713.112: [ParNew: 210757K->1063K(235968K), 0.0073580 secs] 1117644K->907993K(1546688K), 0.0076600 secs] [Times: user=0.03 sys=0.00, real=0.01 secs] 
112719.001: [GC 112719.001: [ParNew: 210855K->611K(235968K), 0.0121130 secs] 1117785K->907580K(1546688K), 0.0123470 secs] [Times: user=0.03 sys=0.00, real=0.01 secs] 
112738.029: [GC 112738.029: [ParNew: 210403K->1046K(235968K), 0.0099040 secs] 1117372K->908056K(1546688K), 0.0102120 secs] [Times: user=0.03 sys=0.00, real=0.01 secs] 
112746.440: [GC 112746.440: [ParNew: 210777K->833K(235968K), 0.0059670 secs] 1117787K->907995K(1546688K), 0.0062540 secs] [Times: user=0.03 sys=0.00, real=0.01 secs] 
112759.874: [GC 112759.874: [ParNew: 210625K->789K(235968K), 0.0065720 secs] 1117787K->908007K(1546688K), 0.0068510 secs] [Times: user=0.03 sys=0.00, real=0.01 secs] 
112773.125: [GC 112773.126: [ParNew: 210581K->860K(235968K), 0.0055730 secs] 1117799K->908128K(1546688K), 0.0058010 secs] [Times: user=0.03 sys=0.01, real=0.01 secs] 
112779.023: [GC 112779.023: [ParNew: 210645K->890K(235968K), 0.0086030 secs] 1117912K->908207K(1546688K), 0.0088860 secs] [Times: user=0.04 sys=0.00, real=0.01 secs] 
112798.029: [GC 112798.029: [ParNew: 210682K->781K(235968K), 0.0096280 secs] 1117999K->908155K(1546688K), 0.0098550 secs] [Times: user=0.03 sys=0.01, real=0.01 secs] 
112806.445: [GC 112806.445: [ParNew: 210563K->1268K(235968K), 0.0066970 secs] 1117937K->908700K(1546688K), 0.0069900 secs] [Times: user=0.03 sys=0.00, real=0.01 secs] 
112819.902: [GC 112819.902: [ParNew: 210945K->832K(235968K), 0.0069310 secs] 1118377K->908325K(1546688K), 0.0072370 secs] [Times: user=0.03 sys=0.01, real=0.01 secs] 
112833.130: [GC 112833.131: [ParNew: 210624K->1474K(235968K), 0.0056620 secs] 1118117K->909011K(1546688K), 0.0059360 secs] [Times: user=0.04 sys=0.00, real=0.00 secs] 
112839.014: [GC 112839.014: [ParNew: 211266K->1196K(235968K), 0.0137120 secs] 1118803K->908784K(1546688K), 0.0140480 secs] [Times: user=0.04 sys=0.00, real=0.02 secs] 
112858.051: [GC 112858.051: [ParNew: 210988K->921K(235968K), 0.0062630 secs] 1118576K->908568K(1546688K), 0.0065520 secs] [Times: user=0.02 sys=0.00, real=0.01 secs] 
112866.476: [GC 112866.476: [ParNew: 210711K->1028K(235968K), 0.0070350 secs] 1118357K->908728K(1546688K), 0.0073300 secs] [Times: user=0.03 sys=0.00, real=0.01 secs] 
112879.732: [GC 112879.733: [ParNew: 210815K->1120K(235968K), 0.0082550 secs] 1118516K->908884K(1546688K), 0.0085290 secs] [Times: user=0.03 sys=0.00, real=0.01 secs] 
112893.164: [GC 112893.164: [ParNew: 210912K->781K(235968K), 0.0063390 secs] 1118676K->908588K(1546688K), 0.0066250 secs] [Times: user=0.03 sys=0.00, real=0.01 secs] 
112899.705: [GC 112899.706: [ParNew: 210573K->1085K(235968K), 0.0059350 secs] 1118380K->908942K(1546688K), 0.0062180 secs] [Times: user=0.03 sys=0.00, real=0.01 secs] 
112923.652: [GC 112923.652: [ParNew: 210877K->711K(235968K), 0.0079800 secs] 1118734K->908604K(1546688K), 0.0082830 secs] [Times: user=0.05 sys=0.00, real=0.01 secs] 
112929.986: [GC 112929.986: [ParNew: 210502K->784K(235968K), 0.0120780 secs] 1118395K->908714K(1546688K), 0.0124180 secs] [Times: user=0.03 sys=0.00, real=0.01 secs] 
112943.352: [GC 112943.352: [ParNew: 210576K->809K(235968K), 0.0079740 secs] 1118506K->908782K(1546688K), 0.0081950 secs] [Times: user=0.03 sys=0.00, real=0.01 secs] 
112953.905: [GC 112953.905: [ParNew: 210592K->873K(235968K), 0.0077660 secs] 1118565K->908890K(1546688K), 0.0081280 secs] [Times: user=0.02 sys=0.00, real=0.01 secs] 
112959.869: [GC 112959.870: [ParNew: 210665K->676K(235968K), 0.0124340 secs] 1118682K->908742K(1546688K), 0.0127380 secs] [Times: user=0.05 sys=0.01, real=0.01 secs] 
112983.688: [GC 112983.688: [ParNew: 210455K->776K(235968K), 0.0051180 secs] 1118521K->908896K(1546688K), 0.0053750 secs] [Times: user=0.03 sys=0.00, real=0.00 secs] 
112991.661: [GC 112991.661: [ParNew: 210568K->920K(235968K), 0.0047750 secs] 1118688K->909095K(1546688K), 0.0050360 secs] [Times: user=0.04 sys=0.00, real=0.01 secs] 
113012.528: [GC 113012.528: [ParNew: 210712K->848K(235968K), 0.0055910 secs] 1118887K->909074K(1546688K), 0.0058840 secs] [Times: user=0.03 sys=0.00, real=0.01 secs] 
113013.945: [GC 113013.945: [ParNew: 210640K->779K(235968K), 0.0079770 secs] 1118866K->909049K(1546688K), 0.0082310 secs] [Times: user=0.03 sys=0.00, real=0.01 secs] 
113029.035: [GC 113029.035: [ParNew: 210571K->1082K(235968K), 0.0078630 secs] 1118841K->909395K(1546688K), 0.0081230 secs] [Times: user=0.03 sys=0.00, real=0.01 secs] 
113045.308: [GC 113045.308: [ParNew: 210874K->827K(235968K), 0.0051250 secs] 1119187K->909181K(1546688K), 0.0053930 secs] [Times: user=0.03 sys=0.00, real=0.00 secs] 
113051.693: [GC 113051.694: [ParNew: 210619K->572K(235968K), 0.0047870 secs] 1118973K->909070K(1546688K), 0.0050670 secs] [Times: user=0.03 sys=0.00, real=0.00 secs] 
113072.566: [GC 113072.567: [ParNew: 210364K->882K(235968K), 0.0048260 secs] 1118862K->909429K(1546688K), 0.0050950 secs] [Times: user=0.03 sys=0.00, real=0.01 secs] 
113077.334: [GC 113077.334: [ParNew: 210624K->881K(235968K), 0.0048330 secs] 1119172K->909471K(1546688K), 0.0050960 secs] [Times: user=0.03 sys=0.00, real=0.01 secs] 
113089.108: [GC 113089.108: [ParNew: 210631K->1039K(235968K), 0.0067310 secs] 1119221K->909682K(1546688K), 0.0070360 secs] [Times: user=0.04 sys=0.00, real=0.00 secs] 
113106.474: [GC 113106.474: [ParNew: 210831K->709K(235968K), 0.0066730 secs] 1119474K->909406K(1546688K), 0.0069310 secs] [Times: user=0.03 sys=0.00, real=0.01 secs] 
113116.734: [GC 113116.734: [ParNew: 210501K->1022K(235968K), 0.0052490 secs] 1119198K->909769K(1546688K), 0.0055710 secs] [Times: user=0.04 sys=0.00, real=0.00 secs] 
113133.149: [GC 113133.150: [ParNew: 210814K->1303K(235968K), 0.0048760 secs] 1119561K->910111K(1546688K), 0.0051620 secs] [Times: user=0.03 sys=0.01, real=0.01 secs] 
113137.357: [GC 113137.357: [ParNew: 211027K->1233K(235968K), 0.0059370 secs] 1119836K->910090K(1546688K), 0.0061440 secs] [Times: user=0.03 sys=0.00, real=0.01 secs] 
113149.120: [GC 113149.120: [ParNew: 210981K->781K(235968K), 0.0090000 secs] 1119838K->909708K(1546688K), 0.0092170 secs] [Times: user=0.02 sys=0.00, real=0.01 secs] 
113165.362: [GC 113165.362: [ParNew: 210573K->980K(235968K), 0.0063410 secs] 1119500K->909975K(1546688K), 0.0066320 secs] [Times: user=0.03 sys=0.00, real=0.01 secs] 
113179.755: [GC 113179.756: [ParNew: 210772K->784K(235968K), 0.0260240 secs] 1119767K->909968K(1546688K), 0.0262430 secs] [Times: user=0.08 sys=0.00, real=0.02 secs] 
113193.183: [GC 113193.183: [ParNew: 210576K->1165K(235968K), 0.0070960 secs] 1119760K->910399K(1546688K), 0.0073030 secs] [Times: user=0.03 sys=0.00, real=0.01 secs] 
113197.376: [GC 113197.376: [ParNew: 210948K->726K(235968K), 0.0066810 secs] 1120181K->910018K(1546688K), 0.0068670 secs] [Times: user=0.03 sys=0.00, real=0.01 secs] 
113218.078: [GC 113218.079: [ParNew: 210518K->879K(235968K), 0.0056880 secs] 1119810K->910220K(1546688K), 0.0059860 secs] [Times: user=0.03 sys=0.00, real=0.00 secs] 
113226.511: [GC 113226.511: [ParNew: 210650K->1061K(235968K), 0.0058160 secs] 1119991K->910444K(1546688K), 0.0060790 secs] [Times: user=0.03 sys=0.00, real=0.01 secs] 
113239.798: [GC 113239.798: [ParNew: 210853K->780K(235968K), 0.0147470 secs] 1120236K->910224K(1546688K), 0.0150670 secs] [Times: user=0.03 sys=0.00, real=0.02 secs] 
113253.192: [GC 113253.192: [ParNew: 210572K->1070K(235968K), 0.0075490 secs] 1120016K->910557K(1546688K), 0.0078470 secs] [Times: user=0.03 sys=0.00, real=0.00 secs] 
113259.075: [GC 113259.075: [ParNew: 210805K->747K(235968K), 0.0183230 secs] 1120293K->910291K(1546688K), 0.0185890 secs] [Times: user=0.04 sys=0.00, real=0.02 secs] 
113278.106: [GC 113278.106: [ParNew: 210532K->968K(235968K), 0.0073610 secs] 1120075K->910568K(1546688K), 0.0076760 secs] [Times: user=0.03 sys=0.01, real=0.01 secs] 
113286.541: [GC 113286.541: [ParNew: 210760K->801K(235968K), 0.0066060 secs] 1120360K->910455K(1546688K), 0.0067930 secs] [Times: user=0.03 sys=0.00, real=0.01 secs] 
113299.840: [GC 113299.840: [ParNew: 210593K->951K(235968K), 0.0058470 secs] 1120247K->910653K(1546688K), 0.0061460 secs] [Times: user=0.03 sys=0.00, real=0.01 secs] 
113313.213: [GC 113313.213: [ParNew: 210743K->1328K(235968K), 0.0074390 secs] 1120445K->911075K(1546688K), 0.0076360 secs] [Times: user=0.03 sys=0.00, real=0.00 secs] 
113319.107: [GC 113319.107: [ParNew: 211108K->792K(235968K), 0.0099820 secs] 1120855K->910591K(1546688K), 0.0102050 secs] [Times: user=0.03 sys=0.00, real=0.01 secs] 
113343.715: [GC 113343.715: [ParNew: 210584K->1048K(235968K), 0.0098990 secs] 1120383K->910902K(1546688K), 0.0101260 secs] [Times: user=0.03 sys=0.00, real=0.01 secs] 
113350.035: [GC 113350.036: [ParNew: 210840K->1019K(235968K), 0.0102350 secs] 1120694K->910921K(1546688K), 0.0105470 secs] [Times: user=0.03 sys=0.00, real=0.02 secs] 
113363.414: [GC 113363.414: [ParNew: 210767K->797K(235968K), 0.0338460 secs] 1120669K->910872K(1546688K), 0.0341630 secs] [Times: user=0.04 sys=0.00, real=0.03 secs] 
113373.253: [GC 113373.253: [ParNew: 210589K->774K(235968K), 0.0061360 secs] 1120664K->910892K(1546688K), 0.0063700 secs] [Times: user=0.03 sys=0.00, real=0.00 secs] 
113379.938: [GC 113379.938: [ParNew: 210566K->799K(235968K), 0.0055280 secs] 1120684K->910966K(1546688K), 0.0058100 secs] [Times: user=0.03 sys=0.01, real=0.01 secs] 
113403.753: [GC 113403.753: [ParNew: 210584K->1113K(235968K), 0.0056720 secs] 1120751K->911334K(1546688K), 0.0059010 secs] [Times: user=0.03 sys=0.00, real=0.01 secs] 
113410.061: [GC 113410.061: [ParNew: 210819K->678K(235968K), 0.0046800 secs] 1121040K->910941K(1546688K), 0.0049330 secs] [Times: user=0.03 sys=0.00, real=0.00 secs] 
113423.466: [GC 113423.466: [ParNew: 210470K->1013K(235968K), 0.0168210 secs] 1120733K->911319K(1546688K), 0.0170890 secs] [Times: user=0.04 sys=0.01, real=0.01 secs] 
113434.003: [GC 113434.003: [ParNew: 210801K->1399K(235968K), 0.0063260 secs] 1121108K->911762K(1546688K), 0.0066090 secs] [Times: user=0.03 sys=0.00, real=0.01 secs] 
113440.077: [GC 113440.077: [ParNew: 211111K->788K(235968K), 0.0076770 secs] 1121474K->911207K(1546688K), 0.0079270 secs] [Times: user=0.05 sys=0.00, real=0.01 secs] 
113464.204: [GC 113464.204: [ParNew: 210580K->435K(235968K), 0.0341400 secs] 1120999K->910908K(1546688K), 0.0344620 secs] [Times: user=0.05 sys=0.00, real=0.04 secs] 
113471.740: [GC 113471.740: [ParNew: 210227K->899K(235968K), 0.0258010 secs] 1120700K->911540K(1546688K), 0.0260140 secs] [Times: user=0.03 sys=0.00, real=0.02 secs] 
113483.528: [GC 113483.528: [ParNew: 210582K->682K(235968K), 0.0151360 secs] 1121223K->911382K(1546688K), 0.0153330 secs] [Times: user=0.03 sys=0.00, real=0.01 secs] 
113494.023: [GC 113494.023: [ParNew: 210474K->918K(235968K), 0.0084620 secs] 1121174K->911662K(1546688K), 0.0087060 secs] [Times: user=0.03 sys=0.00, real=0.01 secs] 
113501.922: [GC 113501.922: [ParNew: 210710K->739K(235968K), 0.0094520 secs] 1121454K->911537K(1546688K), 0.0096770 secs] [Times: user=0.02 sys=0.00, real=0.01 secs] 
113525.390: [GC 113525.391: [ParNew: 210531K->622K(235968K), 0.0108570 secs] 1121329K->911475K(1546688K), 0.0110890 secs] [Times: user=0.03 sys=0.00, real=0.01 secs] 
113531.764: [GC 113531.764: [ParNew: 210414K->1210K(235968K), 0.0086920 secs] 1121267K->912129K(1546688K), 0.0089620 secs] [Times: user=0.03 sys=0.00, real=0.01 secs] 
113552.613: [GC 113552.613: [ParNew: 211002K->916K(235968K), 0.0117010 secs] 1121921K->911884K(1546688K), 0.0119300 secs] [Times: user=0.02 sys=0.00, real=0.02 secs] 
113554.053: [GC 113554.053: [ParNew: 210676K->1075K(235968K), 0.0065040 secs] 1121644K->912086K(1546688K), 0.0067850 secs] [Times: user=0.03 sys=0.00, real=0.01 secs] 
113569.178: [GC 113569.179: [ParNew: 210830K->938K(235968K), 0.0269070 secs] 1121841K->911992K(1546688K), 0.0272000 secs] [Times: user=0.04 sys=0.00, real=0.03 secs] 
113585.420: [GC 113585.420: [ParNew: 210730K->738K(235968K), 0.0103640 secs] 1121784K->911840K(1546688K), 0.0106220 secs] [Times: user=0.03 sys=0.00, real=0.01 secs] 
113591.778: [GC 113591.778: [ParNew: 210530K->942K(235968K), 0.0157470 secs] 1121632K->912212K(1546688K), 0.0160000 secs] [Times: user=0.04 sys=0.00, real=0.02 secs] 
113612.634: [GC 113612.634: [ParNew: 210716K->886K(235968K), 0.0064820 secs] 1121985K->912205K(1546688K), 0.0067670 secs] [Times: user=0.03 sys=0.00, real=0.01 secs] 
113617.406: [GC 113617.406: [ParNew: 210678K->594K(235968K), 0.0081680 secs] 1121997K->911965K(1546688K), 0.0084310 secs] [Times: user=0.03 sys=0.00, real=0.01 secs] 
113629.213: [GC 113629.213: [ParNew: 210386K->957K(235968K), 0.0102180 secs] 1121757K->912385K(1546688K), 0.0105580 secs] [Times: user=0.03 sys=0.00, real=0.01 secs] 
113645.441: [GC 113645.442: [ParNew: 210749K->947K(235968K), 0.0068100 secs] 1122177K->912434K(1546688K), 0.0071030 secs] [Times: user=0.03 sys=0.00, real=0.00 secs] 
113651.814: [GC 113651.814: [ParNew: 210739K->885K(235968K), 0.0074370 secs] 1122226K->912420K(1546688K), 0.0076610 secs] [Times: user=0.04 sys=0.00, real=0.01 secs] 
113673.222: [GC 113673.223: [ParNew: 210677K->1026K(235968K), 0.0068600 secs] 1122212K->912623K(1546688K), 0.0070650 secs] [Times: user=0.03 sys=0.00, real=0.01 secs] 
113677.431: [GC 113677.431: [ParNew: 210818K->1215K(235968K), 0.0094870 secs] 1122415K->912864K(1546688K), 0.0096820 secs] [Times: user=0.03 sys=0.00, real=0.01 secs] 
113689.733: [GC 113689.733: [ParNew: 211007K->542K(235968K), 0.0060020 secs] 1122656K->912241K(1546688K), 0.0062060 secs] [Times: user=0.04 sys=0.00, real=0.00 secs] 
113706.592: [GC 113706.592: [ParNew: 210334K->808K(235968K), 0.0064370 secs] 1122033K->912664K(1546688K), 0.0067400 secs] [Times: user=0.03 sys=0.01, real=0.00 secs] 
113719.922: [GC 113719.922: [ParNew: 210600K->851K(235968K), 0.0076250 secs] 1122456K->912757K(1546688K), 0.0079630 secs] [Times: user=0.03 sys=0.00, real=0.01 secs] 
113733.254: [GC 113733.254: [ParNew: 210591K->740K(235968K), 0.0062980 secs] 1122497K->912696K(1546688K), 0.0065860 secs] [Times: user=0.03 sys=0.00, real=0.01 secs] 
113739.136: [GC 113739.136: [ParNew: 210532K->715K(235968K), 0.0063140 secs] 1122488K->912712K(1546688K), 0.0065640 secs] [Times: user=0.04 sys=0.00, real=0.00 secs] 
113758.158: [GC 113758.158: [ParNew: 210507K->655K(235968K), 0.0116780 secs] 1122504K->912727K(1546688K), 0.0119620 secs] [Times: user=0.03 sys=0.00, real=0.01 secs] 
113766.598: [GC 113766.598: [ParNew: 210445K->1227K(235968K), 0.0076390 secs] 1122518K->913354K(1546688K), 0.0079300 secs] [Times: user=0.04 sys=0.00, real=0.01 secs] 
113772.482: [GC 113772.482: [ParNew: 211019K->1247K(235968K), 0.0061610 secs] 1123146K->913417K(1546688K), 0.0064550 secs] [Times: user=0.04 sys=0.00, real=0.00 secs] 
113792.662: [GC 113792.662: [ParNew: 211039K->1350K(235968K), 0.0081310 secs] 1123209K->913582K(1546688K), 0.0084300 secs] [Times: user=0.03 sys=0.00, real=0.01 secs] 
113797.337: [GC 113797.338: [ParNew: 211142K->888K(235968K), 0.0061780 secs] 1123374K->913305K(1546688K), 0.0064590 secs] [Times: user=0.03 sys=0.00, real=0.00 secs] 
113809.236: [GC 113809.236: [ParNew: 210680K->753K(235968K), 0.0176780 secs] 1123097K->913233K(1546688K), 0.0179570 secs] [Times: user=0.03 sys=0.00, real=0.02 secs] 
113825.465: [GC 113825.466: [ParNew: 210474K->952K(235968K), 0.0076400 secs] 1122954K->913473K(1546688K), 0.0079330 secs] [Times: user=0.02 sys=0.00, real=0.01 secs] 
113831.824: [GC 113831.825: [ParNew: 210699K->1245K(235968K), 0.0070010 secs] 1123220K->913823K(1546688K), 0.0072310 secs] [Times: user=0.04 sys=0.00, real=0.01 secs] 
113852.672: [GC 113852.672: [ParNew: 211015K->1068K(235968K), 0.0075140 secs] 1123593K->913700K(1546688K), 0.0077470 secs] [Times: user=0.03 sys=0.00, real=0.01 secs] 
113857.440: [GC 113857.440: [ParNew: 210860K->1164K(235968K), 0.0076450 secs] 1123492K->913846K(1546688K), 0.0078690 secs] [Times: user=0.03 sys=0.00, real=0.01 secs] 
113869.248: [GC 113869.249: [ParNew: 210956K->825K(235968K), 0.0113290 secs] 1123638K->913691K(1546688K), 0.0115570 secs] [Times: user=0.03 sys=0.00, real=0.01 secs] 
113885.479: [GC 113885.480: [ParNew: 210617K->764K(235968K), 0.0076030 secs] 1123483K->913718K(1546688K), 0.0078350 secs] [Times: user=0.03 sys=0.00, real=0.01 secs] 
113891.856: [GC 113891.856: [ParNew: 210556K->660K(235968K), 0.0102420 secs] 1123510K->913739K(1546688K), 0.0104650 secs] [Times: user=0.03 sys=0.00, real=0.01 secs] 
113913.260: [GC 113913.260: [ParNew: 210448K->667K(235968K), 0.0080250 secs] 1123527K->913795K(1546688K), 0.0082300 secs] [Times: user=0.02 sys=0.00, real=0.01 secs] 
113917.470: [GC 113917.470: [ParNew: 210459K->806K(235968K), 0.0061850 secs] 1123587K->913983K(1546688K), 0.0064870 secs] [Times: user=0.04 sys=0.00, real=0.00 secs] 
113938.204: [GC 113938.204: [ParNew: 210598K->732K(235968K), 0.0255830 secs] 1123775K->913958K(1546688K), 0.0259260 secs] [Times: user=0.04 sys=0.00, real=0.02 secs] 
113946.633: [GC 113946.633: [ParNew: 210524K->1069K(235968K), 0.0065430 secs] 1123750K->914337K(1546688K), 0.0068230 secs] [Times: user=0.03 sys=0.00, real=0.00 secs] 
113960.002: [GC 113960.002: [ParNew: 210791K->990K(235968K), 0.0086030 secs] 1124059K->914305K(1546688K), 0.0089220 secs] [Times: user=0.04 sys=0.00, real=0.01 secs] 
113973.284: [GC 113973.285: [ParNew: 210782K->779K(235968K), 0.0081060 secs] 1124097K->914142K(1546688K), 0.0083950 secs] [Times: user=0.03 sys=0.01, real=0.01 secs] 
113979.178: [GC 113979.178: [ParNew: 210571K->868K(235968K), 0.0131620 secs] 1123934K->914287K(1546688K), 0.0134390 secs] [Times: user=0.05 sys=0.00, real=0.01 secs] 
113998.212: [GC 113998.212: [ParNew: 210618K->1201K(235968K), 0.0342440 secs] 1124037K->914680K(1546688K), 0.0345830 secs] [Times: user=0.04 sys=0.00, real=0.04 secs] 
114006.647: [GC 114006.647: [ParNew: 210993K->880K(235968K), 0.0094180 secs] 1124472K->914414K(1546688K), 0.0096590 secs] [Times: user=0.03 sys=0.00, real=0.01 secs] 
114020.007: [GC 114020.008: [ParNew: 210672K->1182K(235968K), 0.0099710 secs] 1124206K->914761K(1546688K), 0.0102930 secs] [Times: user=0.03 sys=0.01, real=0.01 secs] 
114033.336: [GC 114033.336: [ParNew: 210974K->1052K(235968K), 0.0077510 secs] 1124553K->914693K(1546688K), 0.0080570 secs] [Times: user=0.03 sys=0.01, real=0.01 secs] 
114039.200: [GC 114039.200: [ParNew: 210815K->956K(235968K), 0.0094370 secs] 1124456K->914663K(1546688K), 0.0097440 secs] [Times: user=0.03 sys=0.00, real=0.01 secs] 
114058.996: [GC 114058.996: [ParNew: 210748K->633K(235968K), 0.0074470 secs] 1124455K->914398K(1546688K), 0.0077250 secs] [Times: user=0.03 sys=0.00, real=0.00 secs] 
114070.267: [GC 114070.267: [ParNew: 210425K->851K(235968K), 0.0074150 secs] 1124190K->914670K(1546688K), 0.0077140 secs] [Times: user=0.03 sys=0.00, real=0.01 secs] 
114080.031: [GC 114080.031: [ParNew: 210601K->638K(235968K), 0.0191750 secs] 1124421K->914508K(1546688K), 0.0195020 secs] [Times: user=0.03 sys=0.00, real=0.02 secs] 
114093.361: [GC 114093.361: [ParNew: 210430K->781K(235968K), 0.0115530 secs] 1124300K->914694K(1546688K), 0.0119240 secs] [Times: user=0.03 sys=0.00, real=0.01 secs] 
114100.062: [GC 114100.063: [ParNew: 210512K->1207K(235968K), 0.0079740 secs] 1124425K->915165K(1546688K), 0.0082650 secs] [Times: user=0.02 sys=0.00, real=0.01 secs] 
114123.983: [GC 114123.983: [ParNew: 210999K->1279K(235968K), 0.0081470 secs] 1124957K->915288K(1546688K), 0.0084270 secs] [Times: user=0.03 sys=0.00, real=0.01 secs] 
114130.296: [GC 114130.296: [ParNew: 211071K->924K(235968K), 0.0070090 secs] 1125080K->915013K(1546688K), 0.0072870 secs] [Times: user=0.03 sys=0.00, real=0.00 secs] 
114143.588: [GC 114143.588: [ParNew: 210716K->918K(235968K), 0.0204450 secs] 1124805K->915060K(1546688K), 0.0207550 secs] [Times: user=0.03 sys=0.00, real=0.02 secs] 
114153.381: [GC 114153.381: [ParNew: 210710K->1234K(235968K), 0.0093440 secs] 1124852K->915428K(1546688K), 0.0096500 secs] [Times: user=0.03 sys=0.00, real=0.01 secs] 
114160.064: [GC 114160.064: [ParNew: 211026K->1020K(235968K), 0.0150030 secs] 1125220K->915263K(1546688K), 0.0152530 secs] [Times: user=0.03 sys=0.00, real=0.02 secs] 
114180.095: [GC 114180.095: [ParNew: 210812K->913K(235968K), 0.0101320 secs] 1125055K->915220K(1546688K), 0.0103860 secs] [Times: user=0.03 sys=0.00, real=0.01 secs] 
114190.292: [GC 114190.292: [ParNew: 210705K->1100K(235968K), 0.0086510 secs] 1125012K->915463K(1546688K), 0.0089430 secs] [Times: user=0.03 sys=0.00, real=0.01 secs] 
114203.596: [GC 114203.597: [ParNew: 210887K->971K(235968K), 0.0196010 secs] 1125251K->915378K(1546688K), 0.0199390 secs] [Times: user=0.04 sys=0.00, real=0.02 secs] 
114213.389: [GC 114213.389: [ParNew: 210752K->1238K(235968K), 0.0101540 secs] 1125159K->915697K(1546688K), 0.0104460 secs] [Times: user=0.03 sys=0.00, real=0.01 secs] 
114220.087: [GC 114220.087: [ParNew: 211030K->1370K(235968K), 0.0070420 secs] 1125489K->915880K(1546688K), 0.0072510 secs] [Times: user=0.03 sys=0.01, real=0.01 secs] 
114244.016: [GC 114244.016: [ParNew: 211157K->1091K(235968K), 0.0064250 secs] 1125667K->915642K(1546688K), 0.0066360 secs] [Times: user=0.03 sys=0.01, real=0.00 secs] 
114250.320: [GC 114250.320: [ParNew: 210883K->629K(235968K), 0.0077160 secs] 1125434K->915349K(1546688K), 0.0079080 secs] [Times: user=0.03 sys=0.00, real=0.01 secs] 
114263.634: [GC 114263.634: [ParNew: 210412K->858K(235968K), 0.0128620 secs] 1125132K->915623K(1546688K), 0.0131680 secs] [Times: user=0.04 sys=0.00, real=0.01 secs] 
114274.157: [GC 114274.157: [ParNew: 210650K->624K(235968K), 0.0062850 secs] 1125415K->915448K(1546688K), 0.0065800 secs] [Times: user=0.03 sys=0.00, real=0.01 secs] 
114280.118: [GC 114280.118: [ParNew: 210416K->655K(235968K), 0.0071330 secs] 1125240K->915530K(1546688K), 0.0073310 secs] [Times: user=0.03 sys=0.00, real=0.01 secs] 
114304.045: [GC 114304.045: [ParNew: 210382K->887K(235968K), 0.0093780 secs] 1125257K->915816K(1546688K), 0.0095860 secs] [Times: user=0.02 sys=0.00, real=0.01 secs] 
114310.348: [GC 114310.348: [ParNew: 210634K->990K(235968K), 0.0065120 secs] 1125563K->915973K(1546688K), 0.0068410 secs] [Times: user=0.03 sys=0.00, real=0.00 secs] 
114323.659: [GC 114323.659: [ParNew: 210782K->808K(235968K), 0.0099890 secs] 1125765K->915844K(1546688K), 0.0102720 secs] [Times: user=0.03 sys=0.00, real=0.01 secs] 
114334.173: [GC 114334.173: [ParNew: 210600K->1182K(235968K), 0.0103370 secs] 1125636K->916275K(1546688K), 0.0105350 secs] [Times: user=0.03 sys=0.00, real=0.01 secs] 
114340.129: [GC 114340.129: [ParNew: 210974K->1254K(235968K), 0.0077310 secs] 1126067K->916401K(1546688K), 0.0079270 secs] [Times: user=0.03 sys=0.00, real=0.01 secs] 
114364.052: [GC 114364.052: [ParNew: 211046K->1210K(235968K), 0.0062860 secs] 1126193K->916411K(1546688K), 0.0065710 secs] [Times: user=0.04 sys=0.00, real=0.01 secs] 
114370.352: [GC 114370.352: [ParNew: 210993K->1220K(235968K), 0.0082030 secs] 1126193K->916566K(1546688K), 0.0084780 secs] [Times: user=0.03 sys=0.00, real=0.01 secs] 
114383.675: [GC 114383.675: [ParNew: 211012K->1265K(235968K), 0.0098000 secs] 1126358K->916662K(1546688K), 0.0100870 secs] [Times: user=0.03 sys=0.00, real=0.01 secs] 
114394.177: [GC 114394.177: [ParNew: 211057K->1001K(235968K), 0.0142460 secs] 1126454K->916453K(1546688K), 0.0145220 secs] [Times: user=0.03 sys=0.00, real=0.01 secs] 
114400.132: [GC 114400.132: [ParNew: 210775K->1313K(235968K), 0.0096170 secs] 1126227K->916909K(1546688K), 0.0099360 secs] [Times: user=0.04 sys=0.00, real=0.01 secs] 
114424.062: [GC 114424.062: [ParNew: 211014K->1179K(235968K), 0.0115950 secs] 1126610K->916829K(1546688K), 0.0118150 secs] [Times: user=0.04 sys=0.00, real=0.01 secs] 
114430.372: [GC 114430.373: [ParNew: 210913K->868K(235968K), 0.0065080 secs] 1126564K->916578K(1546688K), 0.0067150 secs] [Times: user=0.03 sys=0.00, real=0.01 secs] 
114443.684: [GC 114443.684: [ParNew: 210660K->790K(235968K), 0.0177740 secs] 1126370K->916560K(1546688K), 0.0179880 secs] [Times: user=0.03 sys=0.00, real=0.02 secs] 
114453.444: [GC 114453.444: [ParNew: 210582K->983K(235968K), 0.0072650 secs] 1126352K->916811K(1546688K), 0.0075510 secs] [Times: user=0.04 sys=0.00, real=0.00 secs] 
114460.138: [GC 114460.139: [ParNew: 210755K->964K(235968K), 0.0070240 secs] 1126583K->916951K(1546688K), 0.0072930 secs] [Times: user=0.03 sys=0.00, real=0.01 secs] 
114484.060: [GC 114484.060: [ParNew: 210756K->981K(235968K), 0.0116500 secs] 1126743K->917023K(1546688K), 0.0119170 secs] [Times: user=0.03 sys=0.00, real=0.01 secs] 
114490.364: [GC 114490.364: [ParNew: 210663K->1139K(235968K), 0.0086130 secs] 1126704K->917240K(1546688K), 0.0088240 secs] [Times: user=0.03 sys=0.00, real=0.01 secs] 
114503.715: [GC 114503.716: [ParNew: 210931K->981K(235968K), 0.0091860 secs] 1127032K->917133K(1546688K), 0.0095070 secs] [Times: user=0.03 sys=0.01, real=0.01 secs] 
114513.458: [GC 114513.459: [ParNew: 210773K->921K(235968K), 0.0075130 secs] 1126925K->917136K(1546688K), 0.0076940 secs] [Times: user=0.03 sys=0.00, real=0.01 secs] 
114520.154: [GC 114520.154: [ParNew: 210713K->850K(235968K), 0.0106900 secs] 1126928K->917155K(1546688K), 0.0108800 secs] [Times: user=0.03 sys=0.00, real=0.01 secs] 
114544.080: [GC 114544.080: [ParNew: 210642K->1303K(235968K), 0.0108380 secs] 1126947K->917662K(1546688K), 0.0110430 secs] [Times: user=0.03 sys=0.00, real=0.01 secs] 
114550.381: [GC 114550.381: [ParNew: 211090K->1173K(235968K), 0.0079070 secs] 1127449K->917699K(1546688K), 0.0081040 secs] [Times: user=0.03 sys=0.00, real=0.01 secs] 
114563.721: [GC 114563.721: [ParNew: 210919K->933K(235968K), 0.0084730 secs] 1127446K->917503K(1546688K), 0.0087490 secs] [Times: user=0.03 sys=0.00, real=0.01 secs] 
114574.222: [GC 114574.223: [ParNew: 210725K->849K(235968K), 0.0094380 secs] 1127295K->917475K(1546688K), 0.0097050 secs] [Times: user=0.04 sys=0.00, real=0.01 secs] 
114580.169: [GC 114580.169: [ParNew: 210632K->955K(235968K), 0.0111800 secs] 1127258K->917640K(1546688K), 0.0114600 secs] [Times: user=0.04 sys=0.00, real=0.01 secs] 
114604.108: [GC 114604.108: [ParNew: 210747K->1159K(235968K), 0.0066220 secs] 1127432K->917898K(1546688K), 0.0069280 secs] [Times: user=0.03 sys=0.00, real=0.01 secs] 
114610.404: [GC 114610.404: [ParNew: 210841K->1203K(235968K), 0.0049150 secs] 1127580K->917996K(1546688K), 0.0051810 secs] [Times: user=0.03 sys=0.00, real=0.01 secs] 
114623.930: [GC 114623.930: [ParNew: 210950K->1156K(235968K), 0.0058770 secs] 1127743K->918009K(1546688K), 0.0061170 secs] [Times: user=0.03 sys=0.00, real=0.01 secs] 
114634.237: [GC 114634.238: [ParNew: 210948K->1141K(235968K), 0.0112330 secs] 1127801K->918052K(1546688K), 0.0114840 secs] [Times: user=0.03 sys=0.00, real=0.01 secs] 
114640.192: [GC 114640.192: [ParNew: 210810K->1263K(235968K), 0.0100870 secs] 1127721K->918228K(1546688K), 0.0103260 secs] [Times: user=0.03 sys=0.00, real=0.01 secs] 
114664.126: [GC 114664.126: [ParNew: 210973K->825K(235968K), 0.0066500 secs] 1127937K->917960K(1546688K), 0.0069500 secs] [Times: user=0.03 sys=0.00, real=0.01 secs] 
114671.801: [GC 114671.801: [ParNew: 210617K->600K(235968K), 0.0079150 secs] 1127752K->917788K(1546688K), 0.0082150 secs] [Times: user=0.02 sys=0.00, real=0.01 secs] 
114689.541: [GC 114689.541: [ParNew: 210392K->799K(235968K), 0.0158860 secs] 1127580K->918049K(1546688K), 0.0161390 secs] [Times: user=0.02 sys=0.00, real=0.02 secs] 
114694.260: [GC 114694.260: [ParNew: 210591K->1082K(235968K), 0.0199430 secs] 1127841K->918381K(1546688K), 0.0202130 secs] [Times: user=0.03 sys=0.00, real=0.02 secs] 
114704.642: [GC 114704.643: [ParNew: 210874K->742K(235968K), 0.0259850 secs] 1128173K->918094K(1546688K), 0.0262490 secs] [Times: user=0.04 sys=0.01, real=0.03 secs] 
114724.135: [GC 114724.135: [ParNew: 210534K->1100K(235968K), 0.0071240 secs] 1127886K->918507K(1546688K), 0.0074180 secs] [Times: user=0.03 sys=0.00, real=0.01 secs] 
114731.956: [GC 114731.956: [ParNew: 210892K->1132K(235968K), 0.0086650 secs] 1128299K->918614K(1546688K), 0.0089510 secs] [Times: user=0.03 sys=0.00, real=0.01 secs] 
114743.960: [GC 114743.960: [ParNew: 210864K->864K(235968K), 0.0069350 secs] 1128346K->918408K(1546688K), 0.0072220 secs] [Times: user=0.03 sys=0.00, real=0.01 secs] 
114754.259: [GC 114754.260: [ParNew: 210543K->1154K(235968K), 0.0103140 secs] 1128087K->918741K(1546688K), 0.0105160 secs] [Times: user=0.03 sys=0.00, real=0.01 secs] 
114760.349: [GC 114760.349: [ParNew: 210946K->605K(235968K), 0.0057110 secs] 1128533K->918477K(1546688K), 0.0059890 secs] [Times: user=0.03 sys=0.00, real=0.01 secs] 
114784.160: [GC 114784.160: [ParNew: 210397K->1031K(235968K), 0.0067040 secs] 1128269K->918961K(1546688K), 0.0069780 secs] [Times: user=0.03 sys=0.00, real=0.01 secs] 
114790.428: [GC 114790.428: [ParNew: 210821K->1225K(235968K), 0.0211820 secs] 1128751K->919207K(1546688K), 0.0214670 secs] [Times: user=0.03 sys=0.00, real=0.02 secs] 
114803.952: [GC 114803.952: [ParNew: 211017K->926K(235968K), 0.0132450 secs] 1128999K->918970K(1546688K), 0.0134540 secs] [Times: user=0.03 sys=0.00, real=0.01 secs] 
114814.258: [GC 114814.259: [ParNew: 210657K->858K(235968K), 0.0072140 secs] 1128701K->918945K(1546688K), 0.0075160 secs] [Times: user=0.03 sys=0.00, real=0.00 secs] 
114820.218: [GC 114820.218: [ParNew: 210637K->791K(235968K), 0.0077220 secs] 1128724K->918940K(1546688K), 0.0079940 secs] [Times: user=0.03 sys=0.00, real=0.01 secs] 
114844.141: [GC 114844.141: [ParNew: 210583K->778K(235968K), 0.0122260 secs] 1128732K->918992K(1546688K), 0.0124210 secs] [Times: user=0.02 sys=0.00, real=0.02 secs] 
114850.454: [GC 114850.454: [ParNew: 210570K->766K(235968K), 0.0087150 secs] 1128784K->919035K(1546688K), 0.0090180 secs] [Times: user=0.03 sys=0.00, real=0.01 secs] 
114863.978: [GC 114863.978: [ParNew: 210558K->648K(235968K), 0.0118080 secs] 1128827K->918965K(1546688K), 0.0120020 secs] [Times: user=0.02 sys=0.00, real=0.02 secs] 
114874.292: [GC 114874.292: [ParNew: 210440K->715K(235968K), 0.0050350 secs] 1128757K->919078K(1546688K), 0.0053090 secs] [Times: user=0.03 sys=0.00, real=0.01 secs] 
114889.432: [GC 114889.432: [ParNew: 210507K->501K(235968K), 0.0316930 secs] 1128870K->918917K(1546688K), 0.0319700 secs] [Times: user=0.05 sys=0.00, real=0.03 secs] 
114905.632: [GC 114905.632: [ParNew: 210293K->1023K(235968K), 0.0085010 secs] 1128709K->919492K(1546688K), 0.0088090 secs] [Times: user=0.03 sys=0.00, real=0.01 secs] 
114911.990: [GC 114911.990: [ParNew: 210815K->952K(235968K), 0.0155550 secs] 1129284K->919476K(1546688K), 0.0158120 secs] [Times: user=0.04 sys=0.00, real=0.02 secs] 
114932.794: [GC 114932.794: [ParNew: 210744K->816K(235968K), 0.0072660 secs] 1129268K->919402K(1546688K), 0.0075190 secs] [Times: user=0.03 sys=0.00, real=0.01 secs] 
114934.309: [GC 114934.309: [ParNew: 210608K->1005K(235968K), 0.0084020 secs] 1129194K->919715K(1546688K), 0.0085880 secs] [Times: user=0.03 sys=0.00, real=0.01 secs] 
114949.447: [GC 114949.447: [ParNew: 210797K->706K(235968K), 0.0119040 secs] 1129507K->919480K(1546688K), 0.0122160 secs] [Times: user=0.03 sys=0.00, real=0.01 secs] 
114964.172: [GC 114964.173: [ParNew: 210486K->1288K(235968K), 0.0077560 secs] 1129260K->920112K(1546688K), 0.0080590 secs] [Times: user=0.03 sys=0.00, real=0.01 secs] 
114970.478: [GC 114970.478: [ParNew: 211057K->1280K(235968K), 0.0103020 secs] 1129881K->920167K(1546688K), 0.0105700 secs] [Times: user=0.04 sys=0.00, real=0.01 secs] 
114984.012: [GC 114984.012: [ParNew: 211023K->1316K(235968K), 0.0073750 secs] 1129911K->920258K(1546688K), 0.0076790 secs] [Times: user=0.03 sys=0.00, real=0.00 secs] 
114994.308: [GC 114994.308: [ParNew: 211108K->1279K(235968K), 0.0081340 secs] 1130050K->920273K(1546688K), 0.0084320 secs] [Times: user=0.04 sys=0.00, real=0.01 secs] 
115000.268: [GC 115000.268: [ParNew: 211071K->932K(235968K), 0.0117130 secs] 1130065K->920188K(1546688K), 0.0119480 secs] [Times: user=0.04 sys=0.00, real=0.01 secs] 
115025.788: [GC 115025.788: [ParNew: 210724K->1116K(235968K), 0.0119610 secs] 1129980K->920424K(1546688K), 0.0121720 secs] [Times: user=0.03 sys=0.00, real=0.01 secs] 
115032.023: [GC 115032.023: [ParNew: 210908K->719K(235968K), 0.0091640 secs] 1130216K->920205K(1546688K), 0.0093650 secs] [Times: user=0.03 sys=0.00, real=0.01 secs] 
115044.013: [GC 115044.013: [ParNew: 210487K->1042K(235968K), 0.0060560 secs] 1129974K->920591K(1546688K), 0.0063350 secs] [Times: user=0.03 sys=0.00, real=0.00 secs] 
115054.310: [GC 115054.310: [ParNew: 210834K->1513K(235968K), 0.0072310 secs] 1130383K->921106K(1546688K), 0.0074770 secs] [Times: user=0.03 sys=0.00, real=0.00 secs] 
115060.245: [GC 115060.245: [ParNew: 211305K->1278K(235968K), 0.0067370 secs] 1130898K->920931K(1546688K), 0.0069870 secs] [Times: user=0.03 sys=0.00, real=0.01 secs] 
115084.159: [GC 115084.159: [ParNew: 211070K->935K(235968K), 0.0094040 secs] 1130723K->920648K(1546688K), 0.0096440 secs] [Times: user=0.03 sys=0.00, real=0.01 secs] 
115090.454: [GC 115090.454: [ParNew: 210727K->1519K(235968K), 0.0085970 secs] 1130440K->921274K(1546688K), 0.0088270 secs] [Times: user=0.03 sys=0.00, real=0.01 secs] 
115103.358: [GC 115103.358: [ParNew: 211311K->975K(235968K), 0.0077730 secs] 1131066K->920786K(1546688K), 0.0079800 secs] [Times: user=0.03 sys=0.00, real=0.01 secs] 
115113.545: [GC 115113.546: [ParNew: 210749K->1177K(235968K), 0.0078170 secs] 1130561K->921048K(1546688K), 0.0080790 secs] [Times: user=0.03 sys=0.00, real=0.01 secs] 
115119.343: [GC 115119.343: [ParNew: 210969K->926K(235968K), 0.0173800 secs] 1130840K->920979K(1546688K), 0.0176610 secs] [Times: user=0.05 sys=0.00, real=0.02 secs] 
115138.373: [GC 115138.373: [ParNew: 210595K->1137K(235968K), 0.0064460 secs] 1130647K->921245K(1546688K), 0.0067450 secs] [Times: user=0.03 sys=0.00, real=0.01 secs] 
115146.858: [GC 115146.859: [ParNew: 210929K->901K(235968K), 0.0068960 secs] 1131037K->921059K(1546688K), 0.0071410 secs] [Times: user=0.03 sys=0.00, real=0.01 secs] 
115160.282: [GC 115160.282: [ParNew: 210664K->1405K(235968K), 0.0144950 secs] 1130822K->921636K(1546688K), 0.0147350 secs] [Times: user=0.04 sys=0.00, real=0.02 secs] 
115173.551: [GC 115173.551: [ParNew: 211197K->1290K(235968K), 0.0074930 secs] 1131428K->921569K(1546688K), 0.0077920 secs] [Times: user=0.04 sys=0.00, real=0.00 secs] 
115179.353: [GC 115179.353: [ParNew: 211023K->1027K(235968K), 0.0090440 secs] 1131302K->921529K(1546688K), 0.0093060 secs] [Times: user=0.04 sys=0.00, real=0.01 secs] 
115198.380: [GC 115198.380: [ParNew: 210819K->1456K(235968K), 0.0074650 secs] 1131321K->922012K(1546688K), 0.0077400 secs] [Times: user=0.03 sys=0.00, real=0.01 secs] 
115206.868: [GC 115206.868: [ParNew: 211197K->1430K(235968K), 0.0081620 secs] 1131753K->922040K(1546688K), 0.0084510 secs] [Times: user=0.03 sys=0.01, real=0.01 secs] 
115220.304: [GC 115220.305: [ParNew: 211222K->880K(235968K), 0.0298530 secs] 1131832K->921542K(1546688K), 0.0301740 secs] [Times: user=0.04 sys=0.00, real=0.03 secs] 
115233.567: [GC 115233.567: [ParNew: 210664K->959K(235968K), 0.0088780 secs] 1131326K->921686K(1546688K), 0.0091360 secs] [Times: user=0.03 sys=0.00, real=0.01 secs] 
115239.371: [GC 115239.372: [ParNew: 210751K->733K(235968K), 0.0133490 secs] 1131478K->921511K(1546688K), 0.0136100 secs] [Times: user=0.03 sys=0.00, real=0.01 secs] 
115264.188: [GC 115264.189: [ParNew: 210525K->578K(235968K), 0.0089680 secs] 1131303K->921420K(1546688K), 0.0092690 secs] [Times: user=0.02 sys=0.01, real=0.01 secs] 
115270.492: [GC 115270.492: [ParNew: 210370K->1173K(235968K), 0.0079580 secs] 1131212K->922064K(1546688K), 0.0082120 secs] [Times: user=0.03 sys=0.00, real=0.01 secs] 
115280.795: [GC 115280.795: [ParNew: 210965K->672K(235968K), 0.0132480 secs] 1131856K->921625K(1546688K), 0.0134710 secs] [Times: user=0.03 sys=0.00, real=0.01 secs] 
115293.586: [GC 115293.586: [ParNew: 210445K->1008K(235968K), 0.0103680 secs] 1131398K->922008K(1546688K), 0.0105880 secs] [Times: user=0.03 sys=0.00, real=0.01 secs] 
115300.283: [GC 115300.284: [ParNew: 210796K->1282K(235968K), 0.0070010 secs] 1131796K->922344K(1546688K), 0.0072200 secs] [Times: user=0.03 sys=0.00, real=0.01 secs] 
115309.618: [GC 115309.618: [ParNew: 211071K->1131K(235968K), 0.0127160 secs] 1132134K->922252K(1546688K), 0.0129420 secs] [Times: user=0.02 sys=0.01, real=0.02 secs] 
115326.073: [GC 115326.073: [ParNew: 210921K->1122K(235968K), 0.0074340 secs] 1132042K->922306K(1546688K), 0.0076820 secs] [Times: user=0.03 sys=0.00, real=0.01 secs] 
115335.905: [GC 115335.905: [ParNew: 210914K->905K(235968K), 0.0134410 secs] 1132098K->922151K(1546688K), 0.0137440 secs] [Times: user=0.04 sys=0.00, real=0.01 secs] 
115344.068: [GC 115344.068: [ParNew: 210697K->1134K(235968K), 0.0104370 secs] 1131943K->922430K(1546688K), 0.0107210 secs] [Times: user=0.03 sys=0.00, real=0.01 secs] 
115354.375: [GC 115354.376: [ParNew: 210909K->1333K(235968K), 0.0063240 secs] 1132204K->922659K(1546688K), 0.0065770 secs] [Times: user=0.03 sys=0.00, real=0.01 secs] 
115360.338: [GC 115360.338: [ParNew: 211125K->803K(235968K), 0.0054520 secs] 1132451K->922187K(1546688K), 0.0057370 secs] [Times: user=0.03 sys=0.00, real=0.01 secs] 
115384.240: [GC 115384.241: [ParNew: 210577K->1437K(235968K), 0.0102890 secs] 1131960K->922922K(1546688K), 0.0105140 secs] [Times: user=0.04 sys=0.00, real=0.01 secs] 
115390.533: [GC 115390.534: [ParNew: 211229K->943K(235968K), 0.0059750 secs] 1132714K->922464K(1546688K), 0.0062480 secs] [Times: user=0.03 sys=0.00, real=0.01 secs] 
115404.068: [GC 115404.068: [ParNew: 210723K->1432K(235968K), 0.0067040 secs] 1132244K->923018K(1546688K), 0.0070010 secs] [Times: user=0.03 sys=0.00, real=0.01 secs] 
115414.374: [GC 115414.374: [ParNew: 211224K->1117K(235968K), 0.0064910 secs] 1132810K->922747K(1546688K), 0.0069180 secs] [Times: user=0.03 sys=0.00, real=0.00 secs] 
115420.339: [GC 115420.339: [ParNew: 210909K->1238K(235968K), 0.0074120 secs] 1132539K->922921K(1546688K), 0.0076820 secs] [Times: user=0.03 sys=0.00, real=0.01 secs] 
115444.365: [GC 115444.365: [ParNew: 211030K->1160K(235968K), 0.0138590 secs] 1132713K->923037K(1546688K), 0.0141310 secs] [Times: user=0.03 sys=0.00, real=0.02 secs] 
115450.545: [GC 115450.545: [ParNew: 210952K->1026K(235968K), 0.0060160 secs] 1132829K->922968K(1546688K), 0.0062940 secs] [Times: user=0.03 sys=0.00, real=0.01 secs] 
115464.193: [GC 115464.193: [ParNew: 210818K->1176K(235968K), 0.0133850 secs] 1132760K->923168K(1546688K), 0.0136830 secs] [Times: user=0.05 sys=0.00, real=0.02 secs] 
115473.637: [GC 115473.637: [ParNew: 210968K->982K(235968K), 0.0080190 secs] 1132960K->923029K(1546688K), 0.0083100 secs] [Times: user=0.03 sys=0.00, real=0.01 secs] 
115480.341: [GC 115480.341: [ParNew: 210754K->1037K(235968K), 0.0082810 secs] 1132802K->923135K(1546688K), 0.0085720 secs] [Times: user=0.03 sys=0.00, real=0.01 secs] 
115504.371: [GC 115504.371: [ParNew: 210829K->1080K(235968K), 0.0124560 secs] 1132927K->923368K(1546688K), 0.0127740 secs] [Times: user=0.04 sys=0.00, real=0.01 secs] 
115510.552: [GC 115510.552: [ParNew: 210816K->1221K(235968K), 0.0077670 secs] 1133104K->923585K(1546688K), 0.0079610 secs] [Times: user=0.02 sys=0.00, real=0.01 secs] 
115524.077: [GC 115524.077: [ParNew: 211013K->1038K(235968K), 0.0066560 secs] 1133377K->923456K(1546688K), 0.0069510 secs] [Times: user=0.03 sys=0.00, real=0.00 secs] 
115533.645: [GC 115533.645: [ParNew: 210830K->1007K(235968K), 0.0092340 secs] 1133248K->923487K(1546688K), 0.0094900 secs] [Times: user=0.03 sys=0.00, real=0.01 secs] 
115540.352: [GC 115540.364: [ParNew: 210759K->1005K(235968K), 0.0052290 secs] 1133239K->923538K(1546688K), 0.0055050 secs] [Times: user=0.03 sys=0.00, real=0.02 secs] 
115564.372: [GC 115564.372: [ParNew: 210797K->1016K(235968K), 0.0063040 secs] 1133330K->923605K(1546688K), 0.0065950 secs] [Times: user=0.03 sys=0.00, real=0.01 secs] 
115570.263: [GC 115570.263: [ParNew: 210808K->710K(235968K), 0.0095970 secs] 1133397K->923454K(1546688K), 0.0098020 secs] [Times: user=0.02 sys=0.00, real=0.01 secs] 
115580.365: [GC 115580.365: [ParNew: 210444K->1420K(235968K), 0.0076450 secs] 1133188K->924208K(1546688K), 0.0079460 secs] [Times: user=0.03 sys=0.00, real=0.01 secs] 
115593.480: [GC 115593.480: [ParNew: 211195K->1110K(235968K), 0.0083360 secs] 1133983K->923960K(1546688K), 0.0085910 secs] [Times: user=0.03 sys=0.00, real=0.01 secs] 
115597.690: [GC 115597.690: [ParNew: 210891K->1249K(235968K), 0.0064860 secs] 1133741K->924160K(1546688K), 0.0067470 secs] [Times: user=0.03 sys=0.00, real=0.01 secs] 
115609.660: [GC 115609.660: [ParNew: 211041K->1181K(235968K), 0.0272980 secs] 1133952K->924138K(1546688K), 0.0276130 secs] [Times: user=0.06 sys=0.00, real=0.03 secs] 
115626.918: [GC 115626.918: [ParNew: 210973K->1200K(235968K), 0.0066800 secs] 1133930K->924346K(1546688K), 0.0069880 secs] [Times: user=0.03 sys=0.00, real=0.01 secs] 
115640.421: [GC 115640.422: [ParNew: 210992K->1346K(235968K), 0.0298770 secs] 1134138K->924536K(1546688K), 0.0302220 secs] [Times: user=0.05 sys=0.00, real=0.03 secs] 
115653.482: [GC 115653.482: [ParNew: 211138K->1148K(235968K), 0.0163870 secs] 1134328K->924387K(1546688K), 0.0166960 secs] [Times: user=0.03 sys=0.00, real=0.02 secs] 
115657.703: [GC 115657.703: [ParNew: 210940K->1020K(235968K), 0.0142670 secs] 1134179K->924498K(1546688K), 0.0145510 secs] [Times: user=0.05 sys=0.00, real=0.02 secs] 
115672.956: [GC 115672.956: [ParNew: 210812K->1171K(235968K), 0.0091420 secs] 1134290K->924704K(1546688K), 0.0094820 secs] [Times: user=0.03 sys=0.00, real=0.01 secs] 
115686.928: [GC 115686.928: [ParNew: 210963K->1830K(235968K), 0.0071830 secs] 1134496K->925421K(1546688K), 0.0074710 secs] [Times: user=0.03 sys=0.00, real=0.01 secs] 
115700.429: [GC 115700.429: [ParNew: 211622K->2547K(235968K), 0.0634590 secs] 1135213K->926206K(1546688K), 0.0638090 secs] [Times: user=0.06 sys=0.00, real=0.06 secs] 
115713.497: [GC 115713.497: [ParNew: 212339K->2671K(235968K), 0.0164140 secs] 1135998K->926426K(1546688K), 0.0166550 secs] [Times: user=0.04 sys=0.00, real=0.01 secs] 
115717.927: [GC 115717.928: [ParNew: 212463K->2117K(235968K), 0.0123410 secs] 1136218K->926358K(1546688K), 0.0126350 secs] [Times: user=0.05 sys=0.01, real=0.01 secs] 
115738.443: [GC 115738.443: [ParNew: 211909K->1710K(235968K), 0.0099140 secs] 1136150K->926224K(1546688K), 0.0101890 secs] [Times: user=0.04 sys=0.00, real=0.01 secs] 
115746.953: [GC 115746.953: [ParNew: 211479K->1874K(235968K), 0.0090170 secs] 1135993K->926702K(1546688K), 0.0093070 secs] [Times: user=0.04 sys=0.00, real=0.01 secs] 
115760.450: [GC 115760.450: [ParNew: 211666K->1123K(235968K), 0.0673330 secs] 1136494K->926239K(1546688K), 0.0678910 secs] [Times: user=0.07 sys=0.00, real=0.07 secs] 
115773.520: [GC 115773.520: [ParNew: 210915K->1118K(235968K), 0.0090240 secs] 1136031K->926322K(1546688K), 0.0092760 secs] [Times: user=0.03 sys=0.00, real=0.01 secs] 
115779.410: [GC 115779.410: [ParNew: 210910K->1356K(235968K), 0.0139310 secs] 1136114K->926617K(1546688K), 0.0142110 secs] [Times: user=0.03 sys=0.00, real=0.01 secs] 
115798.454: [GC 115798.455: [ParNew: 211148K->997K(235968K), 0.0077090 secs] 1136409K->926312K(1546688K), 0.0079670 secs] [Times: user=0.03 sys=0.00, real=0.01 secs] 
115806.966: [GC 115806.966: [ParNew: 210789K->1097K(235968K), 0.0107860 secs] 1136104K->926466K(1546688K), 0.0109780 secs] [Times: user=0.04 sys=0.00, real=0.01 secs] 
115820.461: [GC 115820.461: [ParNew: 210889K->1606K(235968K), 0.0647750 secs] 1136258K->927020K(1546688K), 0.0651510 secs] [Times: user=0.04 sys=0.00, real=0.06 secs] 
115833.509: [GC 115833.509: [ParNew: 211379K->1538K(235968K), 0.0165070 secs] 1136793K->927013K(1546688K), 0.0168100 secs] [Times: user=0.03 sys=0.01, real=0.02 secs] 
115839.096: [GC 115839.096: [ParNew: 211330K->1580K(235968K), 0.0108380 secs] 1136805K->927128K(1546688K), 0.0111210 secs] [Times: user=0.03 sys=0.00, real=0.01 secs] 
115852.586: [GC 115852.586: [ParNew: 211370K->1762K(235968K), 0.0090800 secs] 1136918K->927406K(1546688K), 0.0093590 secs] [Times: user=0.04 sys=0.01, real=0.01 secs] 
115866.955: [GC 115866.955: [ParNew: 211509K->1950K(235968K), 0.0142150 secs] 1137153K->928028K(1546688K), 0.0145190 secs] [Times: user=0.04 sys=0.00, real=0.01 secs] 
115879.109: [GC 115879.110: [ParNew: 211742K->1705K(235968K), 0.0083610 secs] 1137820K->928028K(1546688K), 0.0086650 secs] [Times: user=0.04 sys=0.00, real=0.00 secs] 
115893.505: [GC 115893.506: [ParNew: 211497K->1815K(235968K), 0.0084310 secs] 1137820K->928264K(1546688K), 0.0086490 secs] [Times: user=0.03 sys=0.00, real=0.01 secs] 
115897.735: [GC 115897.736: [ParNew: 211600K->1104K(235968K), 0.0106480 secs] 1138049K->927853K(1546688K), 0.0108660 secs] [Times: user=0.03 sys=0.00, real=0.02 secs] 
115909.734: [GC 115909.734: [ParNew: 210896K->622K(235968K), 0.0251590 secs] 1137645K->927610K(1546688K), 0.0254510 secs] [Times: user=0.04 sys=0.00, real=0.02 secs] 
115926.191: [GC 115926.191: [ParNew: 210414K->1237K(235968K), 0.0098190 secs] 1137402K->928273K(1546688K), 0.0100110 secs] [Times: user=0.04 sys=0.00, real=0.01 secs] 
115932.214: [GC 115932.215: [ParNew: 211009K->1467K(235968K), 0.0112080 secs] 1138045K->928565K(1546688K), 0.0114250 secs] [Times: user=0.03 sys=0.00, real=0.01 secs] 
115952.955: [GC 115952.955: [ParNew: 211149K->989K(235968K), 0.0103200 secs] 1138247K->928135K(1546688K), 0.0105950 secs] [Times: user=0.03 sys=0.00, real=0.01 secs] 
115957.715: [GC 115957.716: [ParNew: 210781K->1137K(235968K), 0.0107900 secs] 1137927K->928343K(1546688K), 0.0110700 secs] [Times: user=0.03 sys=0.00, real=0.01 secs] 
115969.708: [GC 115969.708: [ParNew: 210923K->1266K(235968K), 0.0088330 secs] 1138130K->928536K(1546688K), 0.0090640 secs] [Times: user=0.03 sys=0.00, real=0.01 secs] 
115986.196: [GC 115986.196: [ParNew: 211058K->1358K(235968K), 0.0075370 secs] 1138328K->928724K(1546688K), 0.0081010 secs] [Times: user=0.03 sys=0.00, real=0.01 secs] 
115992.213: [GC 115992.214: [ParNew: 211094K->1456K(235968K), 0.0103640 secs] 1138461K->928875K(1546688K), 0.0105660 secs] [Times: user=0.03 sys=0.00, real=0.01 secs] 
116012.964: [GC 116012.964: [ParNew: 211210K->1461K(235968K), 0.0078330 secs] 1138628K->928928K(1546688K), 0.0081640 secs] [Times: user=0.03 sys=0.00, real=0.01 secs] 
116017.732: [GC 116017.732: [ParNew: 211253K->992K(235968K), 0.0075490 secs] 1138720K->928520K(1546688K), 0.0078040 secs] [Times: user=0.03 sys=0.00, real=0.01 secs] 
116029.726: [GC 116029.727: [ParNew: 210747K->1324K(235968K), 0.0065830 secs] 1138276K->928901K(1546688K), 0.0068580 secs] [Times: user=0.03 sys=0.00, real=0.00 secs] 
116046.988: [GC 116046.988: [ParNew: 211116K->1002K(235968K), 0.0306690 secs] 1138693K->928774K(1546688K), 0.0309260 secs] [Times: user=0.07 sys=0.00, real=0.03 secs] 
116060.521: [GC 116060.522: [ParNew: 210794K->827K(235968K), 0.0336560 secs] 1138566K->928656K(1546688K), 0.0340230 secs] [Times: user=0.04 sys=0.00, real=0.03 secs] 
116073.538: [GC 116073.539: [ParNew: 210619K->943K(235968K), 0.0095080 secs] 1138448K->928821K(1546688K), 0.0099120 secs] [Times: user=0.02 sys=0.00, real=0.01 secs] 
116077.760: [GC 116077.760: [ParNew: 210735K->938K(235968K), 0.0092930 secs] 1138613K->928978K(1546688K), 0.0095200 secs] [Times: user=0.02 sys=0.01, real=0.01 secs] 
116098.488: [GC 116098.489: [ParNew: 210730K->1021K(235968K), 0.0066940 secs] 1138770K->929108K(1546688K), 0.0069760 secs] [Times: user=0.03 sys=0.00, real=0.01 secs] 
116107.020: [GC 116107.020: [ParNew: 210792K->956K(235968K), 0.0088860 secs] 1138880K->929096K(1546688K), 0.0091030 secs] [Times: user=0.03 sys=0.00, real=0.01 secs] 
116120.572: [GC 116120.572: [ParNew: 210748K->705K(235968K), 0.0210260 secs] 1138888K->928900K(1546688K), 0.0213130 secs] [Times: user=0.03 sys=0.00, real=0.02 secs] 
116133.563: [GC 116133.563: [ParNew: 210497K->868K(235968K), 0.0105180 secs] 1138692K->929111K(1546688K), 0.0107540 secs] [Times: user=0.02 sys=0.00, real=0.01 secs] 
116139.472: [GC 116139.472: [ParNew: 210660K->1075K(235968K), 0.0102450 secs] 1138903K->929367K(1546688K), 0.0105090 secs] [Times: user=0.04 sys=0.00, real=0.01 secs] 
116158.512: [GC 116158.512: [ParNew: 210864K->944K(235968K), 0.0079470 secs] 1139156K->929294K(1546688K), 0.0082580 secs] [Times: user=0.03 sys=0.00, real=0.01 secs] 
116167.046: [GC 116167.047: [ParNew: 210612K->1007K(235968K), 0.0077940 secs] 1138962K->929416K(1546688K), 0.0080930 secs] [Times: user=0.03 sys=0.00, real=0.01 secs] 
116180.619: [GC 116180.619: [ParNew: 210793K->895K(235968K), 0.0110860 secs] 1139202K->929463K(1546688K), 0.0113820 secs] [Times: user=0.03 sys=0.00, real=0.01 secs] 
116193.750: [GC 116193.750: [ParNew: 210687K->843K(235968K), 0.0092650 secs] 1139255K->929454K(1546688K), 0.0095220 secs] [Times: user=0.03 sys=0.00, real=0.00 secs] 
116200.464: [GC 116200.464: [ParNew: 210635K->998K(235968K), 0.0069770 secs] 1139246K->929653K(1546688K), 0.0072660 secs] [Times: user=0.03 sys=0.00, real=0.01 secs] 
116224.490: [GC 116224.491: [ParNew: 210790K->1122K(235968K), 0.0068880 secs] 1139445K->929827K(1546688K), 0.0071780 secs] [Times: user=0.04 sys=0.00, real=0.01 secs] 
116230.663: [GC 116230.663: [ParNew: 210914K->1196K(235968K), 0.0057430 secs] 1139619K->929949K(1546688K), 0.0060290 secs] [Times: user=0.03 sys=0.00, real=0.01 secs] 
116244.202: [GC 116244.203: [ParNew: 210988K->889K(235968K), 0.0068720 secs] 1139741K->929699K(1546688K), 0.0071530 secs] [Times: user=0.03 sys=0.01, real=0.00 secs] 
116253.764: [GC 116253.764: [ParNew: 210681K->1091K(235968K), 0.0058490 secs] 1139491K->929950K(1546688K), 0.0061190 secs] [Times: user=0.03 sys=0.00, real=0.01 secs] 
116260.477: [GC 116260.477: [ParNew: 210883K->1442K(235968K), 0.0071660 secs] 1139742K->930357K(1546688K), 0.0074580 secs] [Times: user=0.03 sys=0.00, real=0.01 secs] 
116284.509: [GC 116284.509: [ParNew: 211234K->1258K(235968K), 0.0080600 secs] 1140149K->930221K(1546688K), 0.0083610 secs] [Times: user=0.03 sys=0.00, real=0.01 secs] 
116290.687: [GC 116290.687: [ParNew: 211050K->749K(235968K), 0.0077710 secs] 1140013K->929778K(1546688K), 0.0080600 secs] [Times: user=0.02 sys=0.01, real=0.01 secs] 
116304.228: [GC 116304.228: [ParNew: 210485K->1024K(235968K), 0.0059020 secs] 1139514K->930106K(1546688K), 0.0061730 secs] [Times: user=0.03 sys=0.00, real=0.01 secs] 
116314.387: [GC 116314.388: [ParNew: 210816K->635K(235968K), 0.0048900 secs] 1139898K->929903K(1546688K), 0.0051900 secs] [Times: user=0.04 sys=0.00, real=0.01 secs] 
116320.506: [GC 116320.507: [ParNew: 210418K->952K(235968K), 0.0048700 secs] 1139686K->930274K(1546688K), 0.0059160 secs] [Times: user=0.03 sys=0.00, real=0.01 secs] 
116344.532: [GC 116344.533: [ParNew: 210731K->980K(235968K), 0.0050640 secs] 1140054K->930357K(1546688K), 0.0053620 secs] [Times: user=0.03 sys=0.00, real=0.01 secs] 
116350.715: [GC 116350.715: [ParNew: 210772K->797K(235968K), 0.0048660 secs] 1140149K->930250K(1546688K), 0.0051690 secs] [Times: user=0.03 sys=0.01, real=0.01 secs] 
116364.251: [GC 116364.251: [ParNew: 210589K->920K(235968K), 0.0048390 secs] 1140042K->930417K(1546688K), 0.0051180 secs] [Times: user=0.04 sys=0.00, real=0.01 secs] 
116374.553: [GC 116374.553: [ParNew: 210712K->731K(235968K), 0.0066660 secs] 1140209K->930300K(1546688K), 0.0069600 secs] [Times: user=0.04 sys=0.01, real=0.00 secs] 
116380.521: [GC 116380.521: [ParNew: 210523K->1154K(235968K), 0.0076190 secs] 1140092K->930864K(1546688K), 0.0079070 secs] [Times: user=0.03 sys=0.01, real=0.00 secs] 
116404.533: [GC 116404.533: [ParNew: 210889K->1123K(235968K), 0.0072410 secs] 1140598K->930887K(1546688K), 0.0074390 secs] [Times: user=0.03 sys=0.00, real=0.01 secs] 
116410.710: [GC 116410.710: [ParNew: 210915K->929K(235968K), 0.0073150 secs] 1140679K->930747K(1546688K), 0.0075900 secs] [Times: user=0.03 sys=0.00, real=0.01 secs] 
116424.255: [GC 116424.255: [ParNew: 210676K->1073K(235968K), 0.0059890 secs] 1140494K->930956K(1546688K), 0.0062660 secs] [Times: user=0.04 sys=0.00, real=0.00 secs] 
116434.574: [GC 116434.574: [ParNew: 210865K->911K(235968K), 0.0060060 secs] 1140748K->930850K(1546688K), 0.0062610 secs] [Times: user=0.03 sys=0.01, real=0.00 secs] 
116440.543: [GC 116440.543: [ParNew: 210703K->935K(235968K), 0.0047610 secs] 1140642K->930976K(1546688K), 0.0050490 secs] [Times: user=0.03 sys=0.00, real=0.00 secs] 
116466.251: [GC 116466.252: [ParNew: 210727K->678K(235968K), 0.0064630 secs] 1140768K->930780K(1546688K), 0.0067280 secs] [Times: user=0.03 sys=0.00, real=0.01 secs] 
116472.275: [GC 116472.275: [ParNew: 210470K->1019K(235968K), 0.0049050 secs] 1140572K->931172K(1546688K), 0.0051530 secs] [Times: user=0.04 sys=0.01, real=0.01 secs] 
116493.128: [GC 116493.129: [ParNew: 210811K->644K(235968K), 0.0047120 secs] 1140964K->930851K(1546688K), 0.0049940 secs] [Times: user=0.03 sys=0.00, real=0.01 secs] 
116494.614: [GC 116494.614: [ParNew: 210436K->848K(235968K), 0.0046890 secs] 1140643K->931099K(1546688K), 0.0049610 secs] [Times: user=0.03 sys=0.00, real=0.00 secs] 
116509.809: [GC 116509.810: [ParNew: 210640K->767K(235968K), 0.0053930 secs] 1140891K->931145K(1546688K), 0.0056510 secs] [Times: user=0.04 sys=0.01, real=0.01 secs] 
116526.286: [GC 116526.287: [ParNew: 210499K->1009K(235968K), 0.0049270 secs] 1140877K->931429K(1546688K), 0.0052040 secs] [Times: user=0.03 sys=0.00, real=0.01 secs] 
116532.300: [GC 116532.300: [ParNew: 210710K->1072K(235968K), 0.0049940 secs] 1141130K->931547K(1546688K), 0.0052770 secs] [Times: user=0.04 sys=0.00, real=0.00 secs] 
116553.149: [GC 116553.149: [ParNew: 210864K->677K(235968K), 0.0049170 secs] 1141339K->931212K(1546688K), 0.0052730 secs] [Times: user=0.03 sys=0.01, real=0.01 secs] 
116554.635: [GC 116554.635: [ParNew: 210356K->920K(235968K), 0.0049640 secs] 1140891K->931512K(1546688K), 0.0052540 secs] [Times: user=0.04 sys=0.00, real=0.00 secs] 
116569.833: [GC 116569.833: [ParNew: 210712K->891K(235968K), 0.0049510 secs] 1141304K->931532K(1546688K), 0.0052490 secs] [Times: user=0.03 sys=0.00, real=0.00 secs] 
116586.300: [GC 116586.300: [ParNew: 210626K->911K(235968K), 0.0051860 secs] 1141267K->931608K(1546688K), 0.0054910 secs] [Times: user=0.03 sys=0.00, real=0.00 secs] 
116592.329: [GC 116592.329: [ParNew: 210703K->1129K(235968K), 0.0048740 secs] 1141400K->931875K(1546688K), 0.0051720 secs] [Times: user=0.03 sys=0.00, real=0.00 secs] 
116613.594: [GC 116613.594: [ParNew: 210921K->1196K(235968K), 0.0105040 secs] 1141667K->931991K(1546688K), 0.0107600 secs] [Times: user=0.05 sys=0.00, real=0.01 secs] 
116617.832: [GC 116617.832: [ParNew: 210988K->926K(235968K), 0.0075060 secs] 1141783K->931771K(1546688K), 0.0077940 secs] [Times: user=0.05 sys=0.00, real=0.01 secs] 
116629.852: [GC 116629.852: [ParNew: 210718K->867K(235968K), 0.0078400 secs] 1141563K->931772K(1546688K), 0.0080950 secs] [Times: user=0.04 sys=0.00, real=0.00 secs] 
116646.329: [GC 116646.329: [ParNew: 210659K->798K(235968K), 0.0080260 secs] 1141564K->931768K(1546688K), 0.0082550 secs] [Times: user=0.03 sys=0.00, real=0.00 secs] 
116657.665: [GC 116657.665: [ParNew: 210590K->594K(235968K), 0.0100310 secs] 1141560K->931628K(1546688K), 0.0103120 secs] [Times: user=0.04 sys=0.00, real=0.01 secs] 
116673.605: [GC 116673.605: [ParNew: 210358K->660K(235968K), 0.0058340 secs] 1141392K->931743K(1546688K), 0.0061350 secs] [Times: user=0.03 sys=0.00, real=0.00 secs] 
116677.837: [GC 116677.837: [ParNew: 210452K->1016K(235968K), 0.0053540 secs] 1141535K->932159K(1546688K), 0.0056280 secs] [Times: user=0.04 sys=0.00, real=0.00 secs] 
116698.564: [GC 116698.565: [ParNew: 210804K->838K(235968K), 0.0048310 secs] 1141948K->932030K(1546688K), 0.0051060 secs] [Times: user=0.03 sys=0.00, real=0.00 secs] 
116707.124: [GC 116707.124: [ParNew: 210630K->1121K(235968K), 0.0049590 secs] 1141822K->932349K(1546688K), 0.0052270 secs] [Times: user=0.04 sys=0.00, real=0.01 secs] 
116720.678: [GC 116720.678: [ParNew: 210913K->934K(235968K), 0.0051090 secs] 1142141K->932206K(1546688K), 0.0053800 secs] [Times: user=0.04 sys=0.00, real=0.00 secs] 
116733.832: [GC 116733.832: [ParNew: 210726K->1063K(235968K), 0.0070030 secs] 1141998K->932384K(1546688K), 0.0072320 secs] [Times: user=0.03 sys=0.00, real=0.01 secs] 
116739.560: [GC 116739.560: [ParNew: 210835K->1155K(235968K), 0.0056900 secs] 1142156K->932541K(1546688K), 0.0059610 secs] [Times: user=0.03 sys=0.00, real=0.01 secs] 
116758.605: [GC 116758.605: [ParNew: 210947K->896K(235968K), 0.0066970 secs] 1142333K->932341K(1546688K), 0.0069870 secs] [Times: user=0.03 sys=0.00, real=0.01 secs] 
116767.161: [GC 116767.161: [ParNew: 210688K->628K(235968K), 0.0064660 secs] 1142133K->932127K(1546688K), 0.0067150 secs] [Times: user=0.03 sys=0.00, real=0.00 secs] 
116780.703: [GC 116780.703: [ParNew: 210413K->1044K(235968K), 0.0050230 secs] 1141912K->932592K(1546688K), 0.0053120 secs] [Times: user=0.03 sys=0.00, real=0.01 secs] 
116793.862: [GC 116793.862: [ParNew: 210791K->708K(235968K), 0.0049000 secs] 1142339K->932299K(1546688K), 0.0051740 secs] [Times: user=0.03 sys=0.00, real=0.01 secs] 
116800.578: [GC 116800.578: [ParNew: 210480K->1157K(235968K), 0.0058040 secs] 1142072K->932822K(1546688K), 0.0060850 secs] [Times: user=0.03 sys=0.00, real=0.00 secs] 
116824.607: [GC 116824.607: [ParNew: 210949K->864K(235968K), 0.0051130 secs] 1142614K->932667K(1546688K), 0.0054000 secs] [Times: user=0.04 sys=0.00, real=0.01 secs] 
116830.788: [GC 116830.788: [ParNew: 210656K->1120K(235968K), 0.0053750 secs] 1142459K->932972K(1546688K), 0.0056460 secs] [Times: user=0.04 sys=0.00, real=0.01 secs] 
116844.321: [GC 116844.321: [ParNew: 210912K->987K(235968K), 0.0053420 secs] 1142764K->932896K(1546688K), 0.0056280 secs] [Times: user=0.03 sys=0.00, real=0.00 secs] 
116853.890: [GC 116853.891: [ParNew: 210729K->699K(235968K), 0.0081870 secs] 1142637K->932656K(1546688K), 0.0083810 secs] [Times: user=0.03 sys=0.00, real=0.01 secs] 
116860.606: [GC 116860.607: [ParNew: 210491K->910K(235968K), 0.0065950 secs] 1142448K->932921K(1546688K), 0.0068750 secs] [Times: user=0.03 sys=0.00, real=0.00 secs] 
116884.648: [GC 116884.649: [ParNew: 210702K->845K(235968K), 0.0072070 secs] 1142713K->932907K(1546688K), 0.0074920 secs] [Times: user=0.03 sys=0.00, real=0.01 secs] 
116890.831: [GC 116890.831: [ParNew: 210637K->841K(235968K), 0.0055430 secs] 1142699K->932957K(1546688K), 0.0058280 secs] [Times: user=0.03 sys=0.00, real=0.00 secs] 
116904.354: [GC 116904.354: [ParNew: 210602K->1067K(235968K), 0.0083770 secs] 1142719K->933228K(1546688K), 0.0086810 secs] [Times: user=0.03 sys=0.00, real=0.01 secs] 
116914.683: [GC 116914.683: [ParNew: 210859K->775K(235968K), 0.0090560 secs] 1143020K->932979K(1546688K), 0.0092990 secs] [Times: user=0.03 sys=0.00, real=0.01 secs] 
116927.225: [GC 116927.225: [ParNew: 210567K->669K(235968K), 0.0079840 secs] 1142771K->932942K(1546688K), 0.0082340 secs] [Times: user=0.03 sys=0.00, real=0.00 secs] 
116944.670: [GC 116944.670: [ParNew: 210361K->907K(235968K), 0.0100470 secs] 1142633K->933308K(1546688K), 0.0103190 secs] [Times: user=0.03 sys=0.00, real=0.01 secs] 
116952.363: [GC 116952.363: [ParNew: 210699K->911K(235968K), 0.0085080 secs] 1143100K->933366K(1546688K), 0.0088260 secs] [Times: user=0.03 sys=0.00, real=0.01 secs] 
116964.368: [GC 116964.368: [ParNew: 210613K->862K(235968K), 0.0171280 secs] 1143069K->933379K(1546688K), 0.0174690 secs] [Times: user=0.05 sys=0.00, real=0.02 secs] 
116974.686: [GC 116974.686: [ParNew: 210654K->1508K(235968K), 0.0077490 secs] 1143171K->934069K(1546688K), 0.0079940 secs] [Times: user=0.03 sys=0.00, real=0.01 secs] 
116980.651: [GC 116980.651: [ParNew: 211283K->650K(235968K), 0.0049860 secs] 1143844K->933272K(1546688K), 0.0052580 secs] [Times: user=0.03 sys=0.00, real=0.01 secs] 
117006.358: [GC 117006.358: [ParNew: 210442K->847K(235968K), 0.0049460 secs] 1143064K->933523K(1546688K), 0.0052300 secs] [Times: user=0.03 sys=0.00, real=0.01 secs] 
117012.376: [GC 117012.376: [ParNew: 210639K->1200K(235968K), 0.0049280 secs] 1143315K->933970K(1546688K), 0.0052120 secs] [Times: user=0.03 sys=0.00, real=0.01 secs] 
117033.207: [GC 117033.207: [ParNew: 210992K->987K(235968K), 0.0049900 secs] 1143762K->933806K(1546688K), 0.0052750 secs] [Times: user=0.04 sys=0.00, real=0.01 secs] 
117034.722: [GC 117034.722: [ParNew: 210779K->1024K(235968K), 0.0065500 secs] 1143598K->933887K(1546688K), 0.0068150 secs] [Times: user=0.03 sys=0.00, real=0.01 secs] 
117050.058: [GC 117050.058: [ParNew: 210816K->659K(235968K), 0.0137860 secs] 1143679K->933673K(1546688K), 0.0140790 secs] [Times: user=0.03 sys=0.00, real=0.01 secs] 
117066.381: [GC 117066.381: [ParNew: 210426K->1313K(235968K), 0.0095120 secs] 1143439K->934375K(1546688K), 0.0097980 secs] [Times: user=0.03 sys=0.00, real=0.01 secs] 
117072.406: [GC 117072.406: [ParNew: 211102K->988K(235968K), 0.0141030 secs] 1144164K->934109K(1546688K), 0.0143290 secs] [Times: user=0.03 sys=0.00, real=0.01 secs] 
117093.228: [GC 117093.228: [ParNew: 210755K->1056K(235968K), 0.0086770 secs] 1143875K->934226K(1546688K), 0.0089550 secs] [Times: user=0.03 sys=0.00, real=0.01 secs] 
117097.879: [GC 117097.879: [ParNew: 210804K->897K(235968K), 0.0063350 secs] 1143975K->934113K(1546688K), 0.0065650 secs] [Times: user=0.03 sys=0.00, real=0.00 secs] 
117110.099: [GC 117110.099: [ParNew: 210679K->792K(235968K), 0.0295220 secs] 1143896K->934084K(1546688K), 0.0298250 secs] [Times: user=0.07 sys=0.00, real=0.03 secs] 
117126.408: [GC 117126.408: [ParNew: 210552K->1080K(235968K), 0.0065930 secs] 1143844K->934427K(1546688K), 0.0068200 secs] [Times: user=0.04 sys=0.00, real=0.01 secs] 
117132.426: [GC 117132.427: [ParNew: 210872K->963K(235968K), 0.0085630 secs] 1144219K->934359K(1546688K), 0.0087790 secs] [Times: user=0.03 sys=0.00, real=0.01 secs] 
117153.253: [GC 117153.253: [ParNew: 210755K->1153K(235968K), 0.0415070 secs] 1144151K->934610K(1546688K), 0.0418500 secs] [Times: user=0.09 sys=0.00, real=0.04 secs] 
117157.895: [GC 117157.895: [ParNew: 210912K->946K(235968K), 0.0084890 secs] 1144369K->934456K(1546688K), 0.0086810 secs] [Times: user=0.03 sys=0.00, real=0.01 secs] 
117170.130: [GC 117170.130: [ParNew: 210680K->836K(235968K), 0.0068340 secs] 1144190K->934570K(1546688K), 0.0070540 secs] [Times: user=0.03 sys=0.00, real=0.01 secs] 
117187.203: [GC 117187.203: [ParNew: 210622K->878K(235968K), 0.0092690 secs] 1144356K->934660K(1546688K), 0.0094870 secs] [Times: user=0.03 sys=0.01, real=0.01 secs] 
117192.440: [GC 117192.440: [ParNew: 210640K->826K(235968K), 0.0168300 secs] 1144422K->934669K(1546688K), 0.0171270 secs] [Times: user=0.03 sys=0.00, real=0.02 secs] 
117213.682: [GC 117213.682: [ParNew: 210618K->915K(235968K), 0.0088040 secs] 1144461K->934813K(1546688K), 0.0090770 secs] [Times: user=0.03 sys=0.00, real=0.01 secs] 
117217.901: [GC 117217.901: [ParNew: 210707K->1137K(235968K), 0.0072640 secs] 1144605K->935084K(1546688K), 0.0075430 secs] [Times: user=0.03 sys=0.00, real=0.00 secs] 
117230.147: [GC 117230.147: [ParNew: 210879K->986K(235968K), 0.0067320 secs] 1144826K->934994K(1546688K), 0.0070270 secs] [Times: user=0.04 sys=0.00, real=0.00 secs] 
117247.213: [GC 117247.214: [ParNew: 210778K->817K(235968K), 0.0097730 secs] 1144786K->934984K(1546688K), 0.0099960 secs] [Times: user=0.04 sys=0.00, real=0.01 secs] 
117260.771: [GC 117260.771: [ParNew: 210609K->1098K(235968K), 0.0070220 secs] 1144776K->935334K(1546688K), 0.0073140 secs] [Times: user=0.04 sys=0.00, real=0.01 secs] 
117273.717: [GC 117273.717: [ParNew: 210890K->820K(235968K), 0.0081060 secs] 1145126K->935109K(1546688K), 0.0083300 secs] [Times: user=0.03 sys=0.00, real=0.01 secs] 
117279.613: [GC 117279.613: [ParNew: 210612K->717K(235968K), 0.0098670 secs] 1144901K->935055K(1546688K), 0.0101640 secs] [Times: user=0.03 sys=0.00, real=0.01 secs] 
117298.656: [GC 117298.657: [ParNew: 210487K->991K(235968K), 0.0068520 secs] 1144825K->935373K(1546688K), 0.0071320 secs] [Times: user=0.03 sys=0.00, real=0.00 secs] 
117307.243: [GC 117307.244: [ParNew: 210783K->1120K(235968K), 0.0059210 secs] 1145165K->935566K(1546688K), 0.0062120 secs] [Times: user=0.03 sys=0.00, real=0.01 secs] 
117320.802: [GC 117320.802: [ParNew: 210903K->1265K(235968K), 0.0059140 secs] 1145349K->935754K(1546688K), 0.0061940 secs] [Times: user=0.03 sys=0.00, real=0.01 secs] 
117333.943: [GC 117333.944: [ParNew: 211057K->937K(235968K), 0.0095350 secs] 1145546K->935482K(1546688K), 0.0100330 secs] [Times: user=0.03 sys=0.01, real=0.01 secs] 
117339.637: [GC 117339.637: [ParNew: 210729K->886K(235968K), 0.0182960 secs] 1145274K->935499K(1546688K), 0.0186430 secs] [Times: user=0.03 sys=0.00, real=0.02 secs] 
117358.683: [GC 117358.683: [ParNew: 210675K->628K(235968K), 0.0083430 secs] 1145288K->935376K(1546688K), 0.0086390 secs] [Times: user=0.02 sys=0.01, real=0.01 secs] 
117367.261: [GC 117367.261: [ParNew: 210420K->829K(235968K), 0.0056330 secs] 1145168K->935635K(1546688K), 0.0059100 secs] [Times: user=0.03 sys=0.00, real=0.01 secs] 
117380.831: [GC 117380.831: [ParNew: 210590K->742K(235968K), 0.0069900 secs] 1145396K->935597K(1546688K), 0.0072960 secs] [Times: user=0.03 sys=0.00, real=0.01 secs] 
117393.733: [GC 117393.734: [ParNew: 210534K->1104K(235968K), 0.0104430 secs] 1145389K->936016K(1546688K), 0.0106760 secs] [Times: user=0.03 sys=0.00, real=0.01 secs] 
117398.990: [GC 117398.990: [ParNew: 210896K->667K(235968K), 0.0098140 secs] 1145808K->935627K(1546688K), 0.0100770 secs] [Times: user=0.03 sys=0.00, real=0.02 secs] 
117418.665: [GC 117418.665: [ParNew: 210459K->845K(235968K), 0.0094870 secs] 1145419K->935969K(1546688K), 0.0097010 secs] [Times: user=0.04 sys=0.00, real=0.01 secs] 
117427.373: [GC 117427.373: [ParNew: 210637K->803K(235968K), 0.0062040 secs] 1145761K->935993K(1546688K), 0.0065060 secs] [Times: user=0.03 sys=0.00, real=0.01 secs] 
117440.831: [GC 117440.832: [ParNew: 210568K->796K(235968K), 0.0062540 secs] 1145758K->936031K(1546688K), 0.0064960 secs] [Times: user=0.04 sys=0.00, real=0.01 secs] 
117453.750: [GC 117453.750: [ParNew: 210588K->965K(235968K), 0.0057710 secs] 1145823K->936252K(1546688K), 0.0060550 secs] [Times: user=0.03 sys=0.00, real=0.01 secs] 
117459.642: [GC 117459.643: [ParNew: 210757K->939K(235968K), 0.0136520 secs] 1146044K->936286K(1546688K), 0.0139360 secs] [Times: user=0.03 sys=0.00, real=0.01 secs] 
117475.747: [GC 117475.747: [ParNew: 210731K->893K(235968K), 0.0081690 secs] 1146077K->936294K(1546688K), 0.0084390 secs] [Times: user=0.03 sys=0.00, real=0.01 secs] 
117487.384: [GC 117487.385: [ParNew: 210685K->1045K(235968K), 0.0094490 secs] 1146086K->936573K(1546688K), 0.0097350 secs] [Times: user=0.03 sys=0.00, real=0.01 secs] 
117500.842: [GC 117500.843: [ParNew: 210837K->812K(235968K), 0.0063260 secs] 1146365K->936388K(1546688K), 0.0065840 secs] [Times: user=0.04 sys=0.00, real=0.01 secs] 
117513.755: [GC 117513.755: [ParNew: 210561K->724K(235968K), 0.0062550 secs] 1146137K->936362K(1546688K), 0.0065400 secs] [Times: user=0.03 sys=0.01, real=0.00 secs] 
117519.654: [GC 117519.654: [ParNew: 210516K->1026K(235968K), 0.0116400 secs] 1146154K->936724K(1546688K), 0.0119600 secs] [Times: user=0.04 sys=0.00, real=0.01 secs] 
117536.130: [GC 117536.130: [ParNew: 210817K->875K(235968K), 0.0270360 secs] 1146515K->936710K(1546688K), 0.0273710 secs] [Times: user=0.05 sys=0.00, real=0.02 secs] 
117546.484: [GC 117546.484: [ParNew: 210667K->1387K(235968K), 0.0073600 secs] 1146502K->937265K(1546688K), 0.0077080 secs] [Times: user=0.03 sys=0.00, real=0.01 secs] 
117552.567: [GC 117552.567: [ParNew: 211152K->1431K(235968K), 0.0070530 secs] 1147030K->937363K(1546688K), 0.0073430 secs] [Times: user=0.03 sys=0.00, real=0.00 secs] 
117573.300: [GC 117573.301: [ParNew: 211186K->1085K(235968K), 0.0080750 secs] 1147118K->937080K(1546688K), 0.0083950 secs] [Times: user=0.03 sys=0.00, real=0.01 secs] 
117577.944: [GC 117577.944: [ParNew: 210877K->1370K(235968K), 0.0058140 secs] 1146872K->937420K(1546688K), 0.0060760 secs] [Times: user=0.03 sys=0.00, real=0.00 secs] 
117590.243: [GC 117590.243: [ParNew: 211162K->790K(235968K), 0.0066570 secs] 1147212K->937082K(1546688K), 0.0068910 secs] [Times: user=0.03 sys=0.00, real=0.00 secs] 
117607.393: [GC 117607.393: [ParNew: 210578K->765K(235968K), 0.0069420 secs] 1146869K->937219K(1546688K), 0.0072240 secs] [Times: user=0.03 sys=0.00, real=0.01 secs] 
117620.855: [GC 117620.855: [ParNew: 210538K->725K(235968K), 0.0097220 secs] 1146991K->937233K(1546688K), 0.0099920 secs] [Times: user=0.03 sys=0.01, real=0.01 secs] 
117633.763: [GC 117633.763: [ParNew: 210427K->939K(235968K), 0.0058190 secs] 1146935K->937496K(1546688K), 0.0060980 secs] [Times: user=0.03 sys=0.00, real=0.01 secs] 
117637.977: [GC 117637.977: [ParNew: 210619K->603K(235968K), 0.0057530 secs] 1147175K->937219K(1546688K), 0.0060380 secs] [Times: user=0.03 sys=0.00, real=0.01 secs] 
117658.701: [GC 117658.701: [ParNew: 210395K->960K(235968K), 0.0071250 secs] 1147011K->937621K(1546688K), 0.0073670 secs] [Times: user=0.03 sys=0.00, real=0.00 secs] 
117667.426: [GC 117667.426: [ParNew: 210742K->701K(235968K), 0.0080960 secs] 1147403K->937404K(1546688K), 0.0083800 secs] [Times: user=0.03 sys=0.00, real=0.01 secs] 
117680.892: [GC 117680.893: [ParNew: 210493K->773K(235968K), 0.0088090 secs] 1147196K->937519K(1546688K), 0.0090930 secs] [Times: user=0.03 sys=0.00, real=0.01 secs] 
117693.757: [GC 117693.757: [ParNew: 210565K->1490K(235968K), 0.0069540 secs] 1147311K->938289K(1546688K), 0.0072430 secs] [Times: user=0.04 sys=0.00, real=0.01 secs] 
117697.974: [GC 117697.974: [ParNew: 211197K->1348K(235968K), 0.0067090 secs] 1147996K->938221K(1546688K), 0.0069970 secs] [Times: user=0.03 sys=0.00, real=0.00 secs] 
117718.694: [GC 117718.694: [ParNew: 211140K->1239K(235968K), 0.0056800 secs] 1148013K->938165K(1546688K), 0.0059510 secs] [Times: user=0.03 sys=0.00, real=0.00 secs] 
117727.428: [GC 117727.428: [ParNew: 211031K->1461K(235968K), 0.0066040 secs] 1147957K->938442K(1546688K), 0.0068760 secs] [Times: user=0.03 sys=0.00, real=0.01 secs] 
117740.887: [GC 117740.888: [ParNew: 211149K->1109K(235968K), 0.0078760 secs] 1148129K->938344K(1546688K), 0.0080950 secs] [Times: user=0.03 sys=0.00, real=0.00 secs] 
117753.788: [GC 117753.788: [ParNew: 210901K->762K(235968K), 0.0059790 secs] 1148136K->938088K(1546688K), 0.0062520 secs] [Times: user=0.03 sys=0.00, real=0.00 secs] 
117759.686: [GC 117759.686: [ParNew: 210554K->665K(235968K), 0.0158030 secs] 1147880K->938029K(1546688K), 0.0161170 secs] [Times: user=0.04 sys=0.00, real=0.01 secs] 
117778.715: [GC 117778.715: [ParNew: 210396K->978K(235968K), 0.0069020 secs] 1147760K->938396K(1546688K), 0.0072090 secs] [Times: user=0.03 sys=0.00, real=0.01 secs] 
117787.451: [GC 117787.451: [ParNew: 210767K->977K(235968K), 0.0078450 secs] 1148185K->938450K(1546688K), 0.0080600 secs] [Times: user=0.03 sys=0.00, real=0.00 secs] 
117800.921: [GC 117800.921: [ParNew: 210769K->933K(235968K), 0.0067170 secs] 1148242K->938450K(1546688K), 0.0069360 secs] [Times: user=0.03 sys=0.00, real=0.01 secs] 
117814.048: [GC 117814.049: [ParNew: 210707K->800K(235968K), 0.0133160 secs] 1148224K->938373K(1546688K), 0.0135340 secs] [Times: user=0.03 sys=0.00, real=0.01 secs] 
117819.724: [GC 117819.724: [ParNew: 210592K->698K(235968K), 0.0066710 secs] 1148165K->938324K(1546688K), 0.0069120 secs] [Times: user=0.03 sys=0.00, real=0.01 secs] 
117844.488: [GC 117844.488: [ParNew: 210490K->763K(235968K), 0.0085530 secs] 1148116K->938443K(1546688K), 0.0087600 secs] [Times: user=0.03 sys=0.00, real=0.01 secs] 
117850.971: [GC 117850.972: [ParNew: 210555K->1101K(235968K), 0.0082480 secs] 1148235K->938833K(1546688K), 0.0085110 secs] [Times: user=0.03 sys=0.00, real=0.01 secs] 
117864.513: [GC 117864.513: [ParNew: 210893K->1169K(235968K), 0.0108220 secs] 1148625K->938957K(1546688K), 0.0110290 secs] [Times: user=0.03 sys=0.00, real=0.01 secs] 
117874.081: [GC 117874.081: [ParNew: 210961K->892K(235968K), 0.0058860 secs] 1148749K->938724K(1546688K), 0.0061830 secs] [Times: user=0.03 sys=0.00, real=0.01 secs] 
117880.804: [GC 117880.804: [ParNew: 210655K->1139K(235968K), 0.0059160 secs] 1148487K->939013K(1546688K), 0.0061680 secs] [Times: user=0.03 sys=0.00, real=0.01 secs] 
117904.853: [GC 117904.853: [ParNew: 210931K->642K(235968K), 0.0146700 secs] 1148805K->938559K(1546688K), 0.0149830 secs] [Times: user=0.03 sys=0.00, real=0.01 secs] 
117911.018: [GC 117911.018: [ParNew: 210386K->435K(235968K), 0.0105020 secs] 1148303K->938409K(1546688K), 0.0107820 secs] [Times: user=0.03 sys=0.00, real=0.01 secs] 
117924.557: [GC 117924.558: [ParNew: 210227K->761K(235968K), 0.0217270 secs] 1148201K->938778K(1546688K), 0.0226770 secs] [Times: user=0.03 sys=0.00, real=0.03 secs] 
117934.877: [GC 117934.878: [ParNew: 210553K->1017K(235968K), 0.0091380 secs] 1148570K->939085K(1546688K), 0.0094090 secs] [Times: user=0.03 sys=0.00, real=0.01 secs] 
117950.283: [GC 117950.283: [ParNew: 210759K->809K(235968K), 0.0161850 secs] 1148827K->938938K(1546688K), 0.0165070 secs] [Times: user=0.04 sys=0.00, real=0.02 secs] 
117966.548: [GC 117966.548: [ParNew: 210599K->1491K(235968K), 0.0084840 secs] 1148728K->939669K(1546688K), 0.0095100 secs] [Times: user=0.04 sys=0.01, real=0.01 secs] 
117972.629: [GC 117972.629: [ParNew: 211255K->983K(235968K), 0.0096020 secs] 1149433K->939313K(1546688K), 0.0098560 secs] [Times: user=0.03 sys=0.00, real=0.01 secs] 
117993.344: [GC 117993.345: [ParNew: 210775K->765K(235968K), 0.0073450 secs] 1149105K->939144K(1546688K), 0.0075760 secs] [Times: user=0.04 sys=0.01, real=0.01 secs] 
117996.003: [GC 117996.004: [ParNew: 210557K->636K(235968K), 0.0065610 secs] 1148936K->939068K(1546688K), 0.0067990 secs] [Times: user=0.03 sys=0.01, real=0.01 secs] 
118010.322: [GC 118010.322: [ParNew: 210428K->971K(235968K), 0.0164390 secs] 1148860K->939460K(1546688K), 0.0167550 secs] [Times: user=0.04 sys=0.00, real=0.02 secs] 
118026.547: [GC 118026.547: [ParNew: 210763K->1751K(235968K), 0.0074320 secs] 1149252K->940295K(1546688K), 0.0077180 secs] [Times: user=0.04 sys=0.00, real=0.01 secs] 
118032.636: [GC 118032.636: [ParNew: 211543K->1850K(235968K), 0.0052250 secs] 1150086K->940446K(1546688K), 0.0055150 secs] [Times: user=0.04 sys=0.00, real=0.01 secs] 
118053.345: [GC 118053.346: [ParNew: 211642K->1551K(235968K), 0.0052220 secs] 1150238K->940196K(1546688K), 0.0055110 secs] [Times: user=0.04 sys=0.00, real=0.01 secs] 
118054.912: [GC 118054.912: [ParNew: 211256K->1917K(235968K), 0.0053990 secs] 1149901K->940633K(1546688K), 0.0056630 secs] [Times: user=0.03 sys=0.00, real=0.01 secs] 
118070.347: [GC 118070.347: [ParNew: 211709K->1088K(235968K), 0.0140710 secs] 1150425K->940578K(1546688K), 0.0143720 secs] [Times: user=0.04 sys=0.00, real=0.01 secs] 
118086.589: [GC 118086.589: [ParNew: 210777K->1113K(235968K), 0.0083010 secs] 1150268K->940657K(1546688K), 0.0085730 secs] [Times: user=0.03 sys=0.00, real=0.01 secs] 
118092.675: [GC 118092.675: [ParNew: 210784K->966K(235968K), 0.0056040 secs] 1150328K->940565K(1546688K), 0.0058780 secs] [Times: user=0.04 sys=0.00, real=0.00 secs] 
118113.381: [GC 118113.382: [ParNew: 210758K->874K(235968K), 0.0144700 secs] 1150357K->940522K(1546688K), 0.0148150 secs] [Times: user=0.04 sys=0.00, real=0.01 secs] 
118118.023: [GC 118118.023: [ParNew: 210645K->1103K(235968K), 0.0067290 secs] 1150292K->940799K(1546688K), 0.0070200 secs] [Times: user=0.03 sys=0.00, real=0.01 secs] 
118137.919: [GC 118137.919: [ParNew: 210895K->600K(235968K), 0.0058830 secs] 1150591K->940346K(1546688K), 0.0061890 secs] [Times: user=0.03 sys=0.00, real=0.01 secs] 
118147.505: [GC 118147.505: [ParNew: 210392K->893K(235968K), 0.0064910 secs] 1150138K->940690K(1546688K), 0.0068000 secs] [Times: user=0.03 sys=0.00, real=0.00 secs] 
118161.102: [GC 118161.103: [ParNew: 210685K->1087K(235968K), 0.0139740 secs] 1150482K->940939K(1546688K), 0.0141970 secs] [Times: user=0.03 sys=0.00, real=0.01 secs] 
118173.841: [GC 118173.842: [ParNew: 210879K->1062K(235968K), 0.0064970 secs] 1150731K->940963K(1546688K), 0.0067510 secs] [Times: user=0.03 sys=0.00, real=0.00 secs] 
118179.742: [GC 118179.742: [ParNew: 210854K->502K(235968K), 0.0095250 secs] 1150755K->940450K(1546688K), 0.0098470 secs] [Times: user=0.03 sys=0.00, real=0.01 secs] 
118198.776: [GC 118198.776: [ParNew: 210273K->879K(235968K), 0.0079630 secs] 1150222K->940881K(1546688K), 0.0081980 secs] [Times: user=0.03 sys=0.00, real=0.00 secs] 
118207.533: [GC 118207.534: [ParNew: 210636K->868K(235968K), 0.0076560 secs] 1150638K->940929K(1546688K), 0.0079600 secs] [Times: user=0.04 sys=0.00, real=0.00 secs] 
118221.152: [GC 118221.152: [ParNew: 210660K->851K(235968K), 0.0076230 secs] 1150721K->940957K(1546688K), 0.0079060 secs] [Times: user=0.03 sys=0.00, real=0.00 secs] 
118234.132: [GC 118234.132: [ParNew: 210643K->1110K(235968K), 0.0121110 secs] 1150749K->941267K(1546688K), 0.0124020 secs] [Times: user=0.03 sys=0.00, real=0.01 secs] 
118240.856: [GC 118240.856: [ParNew: 210902K->840K(235968K), 0.0056310 secs] 1151059K->941136K(1546688K), 0.0059100 secs] [Times: user=0.03 sys=0.00, real=0.01 secs] 
118264.891: [GC 118264.891: [ParNew: 210632K->612K(235968K), 0.0213770 secs] 1150928K->940961K(1546688K), 0.0216800 secs] [Times: user=0.04 sys=0.00, real=0.02 secs] 
118271.059: [GC 118271.059: [ParNew: 210404K->1220K(235968K), 0.0203820 secs] 1150753K->941618K(1546688K), 0.0206480 secs] [Times: user=0.06 sys=0.00, real=0.02 secs] 
118284.601: [GC 118284.601: [ParNew: 211002K->1120K(235968K), 0.0121190 secs] 1151400K->941568K(1546688K), 0.0123930 secs] [Times: user=0.02 sys=0.00, real=0.02 secs] 
118294.919: [GC 118294.919: [ParNew: 210912K->1021K(235968K), 0.0077510 secs] 1151360K->941519K(1546688K), 0.0080390 secs] [Times: user=0.03 sys=0.00, real=0.01 secs] 
118300.945: [GC 118300.945: [ParNew: 210789K->1213K(235968K), 0.0081080 secs] 1151286K->941753K(1546688K), 0.0083280 secs] [Times: user=0.03 sys=0.00, real=0.01 secs] 
118324.950: [GC 118324.950: [ParNew: 210973K->994K(235968K), 0.0092380 secs] 1151513K->941695K(1546688K), 0.0095230 secs] [Times: user=0.04 sys=0.00, real=0.01 secs] 
118331.099: [GC 118331.099: [ParNew: 210786K->539K(235968K), 0.0097710 secs] 1151487K->941299K(1546688K), 0.0099890 secs] [Times: user=0.03 sys=0.00, real=0.01 secs] 
118344.644: [GC 118344.645: [ParNew: 210331K->786K(235968K), 0.0094060 secs] 1151091K->941594K(1546688K), 0.0096850 secs] [Times: user=0.03 sys=0.00, real=0.01 secs] 
118354.961: [GC 118354.961: [ParNew: 210516K->835K(235968K), 0.0080290 secs] 1151324K->941692K(1546688K), 0.0083200 secs] [Times: user=0.03 sys=0.00, real=0.00 secs] 
118370.174: [GC 118370.174: [ParNew: 210627K->623K(235968K), 0.0071690 secs] 1151484K->941538K(1546688K), 0.0074300 secs] [Times: user=0.03 sys=0.00, real=0.01 secs] 
118386.623: [GC 118386.623: [ParNew: 210415K->1020K(235968K), 0.0063230 secs] 1151330K->941984K(1546688K), 0.0066140 secs] [Times: user=0.03 sys=0.00, real=0.01 secs] 
118392.704: [GC 118392.705: [ParNew: 210808K->1207K(235968K), 0.0068090 secs] 1151772K->942214K(1546688K), 0.0070710 secs] [Times: user=0.03 sys=0.00, real=0.00 secs] 
118413.402: [GC 118413.402: [ParNew: 210936K->998K(235968K), 0.0096690 secs] 1151943K->942055K(1546688K), 0.0098750 secs] [Times: user=0.03 sys=0.00, real=0.01 secs] 
118418.047: [GC 118418.047: [ParNew: 210780K->931K(235968K), 0.0055370 secs] 1151836K->942162K(1546688K), 0.0058170 secs] [Times: user=0.03 sys=0.00, real=0.01 secs] 
118430.455: [GC 118430.456: [ParNew: 210723K->708K(235968K), 0.0059080 secs] 1151954K->941989K(1546688K), 0.0061930 secs] [Times: user=0.03 sys=0.00, real=0.01 secs] 
118446.660: [GC 118446.660: [ParNew: 210500K->927K(235968K), 0.0069860 secs] 1151781K->942262K(1546688K), 0.0072760 secs] [Times: user=0.03 sys=0.00, real=0.01 secs] 
118452.744: [GC 118452.744: [ParNew: 210719K->880K(235968K), 0.0053800 secs] 1152054K->942263K(1546688K), 0.0055950 secs] [Times: user=0.03 sys=0.00, real=0.01 secs] 
118473.859: [GC 118473.859: [ParNew: 210672K->835K(235968K), 0.0067540 secs] 1152055K->942268K(1546688K), 0.0069790 secs] [Times: user=0.03 sys=0.01, real=0.01 secs] 
118478.080: [GC 118478.080: [ParNew: 210627K->776K(235968K), 0.0080140 secs] 1152060K->942260K(1546688K), 0.0082250 secs] [Times: user=0.03 sys=0.00, real=0.01 secs] 
118491.247: [GC 118491.248: [ParNew: 210568K->881K(235968K), 0.0104130 secs] 1152052K->942413K(1546688K), 0.0106320 secs] [Times: user=0.03 sys=0.00, real=0.01 secs] 
118506.670: [GC 118506.670: [ParNew: 210673K->1113K(235968K), 0.0073650 secs] 1152205K->942699K(1546688K), 0.0075900 secs] [Times: user=0.03 sys=0.00, real=0.01 secs] 
118512.748: [GC 118512.749: [ParNew: 210905K->984K(235968K), 0.0063330 secs] 1152491K->942633K(1546688K), 0.0065960 secs] [Times: user=0.04 sys=0.00, real=0.00 secs] 
118533.863: [GC 118533.863: [ParNew: 210776K->1223K(235968K), 0.0067080 secs] 1152425K->942924K(1546688K), 0.0069250 secs] [Times: user=0.03 sys=0.00, real=0.00 secs] 
118538.082: [GC 118538.083: [ParNew: 210995K->1355K(235968K), 0.0060870 secs] 1152696K->943105K(1546688K), 0.0063600 secs] [Times: user=0.03 sys=0.00, real=0.00 secs] 
118550.491: [GC 118550.491: [ParNew: 211147K->1166K(235968K), 0.0068310 secs] 1152897K->943009K(1546688K), 0.0071150 secs] [Times: user=0.03 sys=0.00, real=0.00 secs] 
118567.568: [GC 118567.568: [ParNew: 210958K->1280K(235968K), 0.0059340 secs] 1152801K->943171K(1546688K), 0.0062100 secs] [Times: user=0.03 sys=0.00, real=0.00 secs] 
118581.191: [GC 118581.191: [ParNew: 211072K->751K(235968K), 0.0223300 secs] 1152963K->942740K(1546688K), 0.0226660 secs] [Times: user=0.04 sys=0.01, real=0.02 secs] 
118593.878: [GC 118593.879: [ParNew: 210543K->767K(235968K), 0.0095820 secs] 1152532K->942805K(1546688K), 0.0098400 secs] [Times: user=0.02 sys=0.00, real=0.01 secs] 
118598.092: [GC 118598.093: [ParNew: 210452K->950K(235968K), 0.0079060 secs] 1152490K->943038K(1546688K), 0.0081660 secs] [Times: user=0.03 sys=0.00, real=0.00 secs] 
118610.496: [GC 118610.496: [ParNew: 210742K->1124K(235968K), 0.0090260 secs] 1152830K->943273K(1546688K), 0.0093020 secs] [Times: user=0.04 sys=0.00, real=0.01 secs] 
118626.693: [GC 118626.693: [ParNew: 210916K->1155K(235968K), 0.0077140 secs] 1153065K->943367K(1546688K), 0.0079920 secs] [Times: user=0.03 sys=0.00, real=0.01 secs] 
118632.768: [GC 118632.769: [ParNew: 210919K->1296K(235968K), 0.0070150 secs] 1153132K->943574K(1546688K), 0.0072930 secs] [Times: user=0.03 sys=0.00, real=0.00 secs] 
118653.883: [GC 118653.883: [ParNew: 211064K->1006K(235968K), 0.0079900 secs] 1153341K->943335K(1546688K), 0.0082160 secs] [Times: user=0.03 sys=0.00, real=0.01 secs] 
118658.103: [GC 118658.103: [ParNew: 210798K->501K(235968K), 0.0086270 secs] 1153127K->942998K(1546688K), 0.0088700 secs] [Times: user=0.03 sys=0.00, real=0.00 secs] 
118678.829: [GC 118678.829: [ParNew: 210293K->1108K(235968K), 0.0081810 secs] 1152790K->943660K(1546688K), 0.0085060 secs] [Times: user=0.03 sys=0.00, real=0.01 secs] 
118687.599: [GC 118687.599: [ParNew: 210900K->933K(235968K), 0.0066270 secs] 1153452K->943527K(1546688K), 0.0069120 secs] [Times: user=0.03 sys=0.00, real=0.00 secs] 
118701.251: [GC 118701.251: [ParNew: 210725K->799K(235968K), 0.0222760 secs] 1153319K->943448K(1546688K), 0.0225840 secs] [Times: user=0.03 sys=0.00, real=0.02 secs] 
118713.909: [GC 118713.909: [ParNew: 210591K->971K(235968K), 0.0079090 secs] 1153240K->943668K(1546688K), 0.0081230 secs] [Times: user=0.04 sys=0.00, real=0.01 secs] 
118719.814: [GC 118719.815: [ParNew: 210763K->782K(235968K), 0.0122980 secs] 1153460K->943550K(1546688K), 0.0125130 secs] [Times: user=0.03 sys=0.00, real=0.01 secs] 
118738.848: [GC 118738.849: [ParNew: 210574K->945K(235968K), 0.0074790 secs] 1153342K->943767K(1546688K), 0.0077670 secs] [Times: user=0.03 sys=0.00, real=0.01 secs] 
118747.615: [GC 118747.615: [ParNew: 210737K->1036K(235968K), 0.0073490 secs] 1153559K->943955K(1546688K), 0.0076030 secs] [Times: user=0.03 sys=0.00, real=0.01 secs] 
118761.248: [GC 118761.248: [ParNew: 210805K->1014K(235968K), 0.0276580 secs] 1153725K->943978K(1546688K), 0.0279440 secs] [Times: user=0.05 sys=0.00, real=0.02 secs] 
118773.915: [GC 118773.915: [ParNew: 210806K->894K(235968K), 0.0066510 secs] 1153770K->943920K(1546688K), 0.0069440 secs] [Times: user=0.03 sys=0.00, real=0.00 secs] 
118779.832: [GC 118779.832: [ParNew: 210646K->887K(235968K), 0.0107160 secs] 1153671K->944078K(1546688K), 0.0110230 secs] [Times: user=0.03 sys=0.00, real=0.01 secs] 
118798.861: [GC 118798.861: [ParNew: 210679K->613K(235968K), 0.0084510 secs] 1153870K->943859K(1546688K), 0.0086570 secs] [Times: user=0.03 sys=0.00, real=0.00 secs] 
118807.640: [GC 118807.640: [ParNew: 210405K->744K(235968K), 0.0079310 secs] 1153651K->944053K(1546688K), 0.0082330 secs] [Times: user=0.03 sys=0.00, real=0.00 secs] 
118821.280: [GC 118821.281: [ParNew: 210508K->937K(235968K), 0.0145690 secs] 1153817K->944290K(1546688K), 0.0148130 secs] [Times: user=0.05 sys=0.00, real=0.01 secs] 
118833.929: [GC 118833.930: [ParNew: 210729K->1090K(235968K), 0.0061910 secs] 1154082K->944504K(1546688K), 0.0064050 secs] [Times: user=0.03 sys=0.00, real=0.01 secs] 
118839.833: [GC 118839.834: [ParNew: 210882K->1079K(235968K), 0.0364240 secs] 1154296K->944553K(1546688K), 0.0366920 secs] [Times: user=0.07 sys=0.00, real=0.04 secs] 
118858.854: [GC 118858.854: [ParNew: 210871K->1320K(235968K), 0.0088370 secs] 1154345K->944852K(1546688K), 0.0091440 secs] [Times: user=0.03 sys=0.00, real=0.01 secs] 
118867.637: [GC 118867.638: [ParNew: 211097K->1039K(235968K), 0.0060640 secs] 1154629K->944634K(1546688K), 0.0063670 secs] [Times: user=0.03 sys=0.00, real=0.01 secs] 
118881.306: [GC 118881.306: [ParNew: 210721K->962K(235968K), 0.0139950 secs] 1154317K->944602K(1546688K), 0.0142980 secs] [Times: user=0.05 sys=0.00, real=0.02 secs] 
118894.242: [GC 118894.242: [ParNew: 210754K->848K(235968K), 0.0092590 secs] 1154394K->944550K(1546688K), 0.0094520 secs] [Times: user=0.03 sys=0.00, real=0.01 secs] 
118899.862: [GC 118899.862: [ParNew: 210640K->601K(235968K), 0.0159600 secs] 1154342K->944366K(1546688K), 0.0161730 secs] [Times: user=0.06 sys=0.00, real=0.02 secs] 
118918.879: [GC 118918.879: [ParNew: 210322K->855K(235968K), 0.0118790 secs] 1154088K->944675K(1546688K), 0.0121380 secs] [Times: user=0.03 sys=0.00, real=0.01 secs] 
118927.654: [GC 118927.654: [ParNew: 210647K->946K(235968K), 0.0070190 secs] 1154467K->944820K(1546688K), 0.0072960 secs] [Times: user=0.03 sys=0.00, real=0.01 secs] 
118941.331: [GC 118941.332: [ParNew: 210738K->1100K(235968K), 0.0083050 secs] 1154612K->945023K(1546688K), 0.0086220 secs] [Times: user=0.03 sys=0.00, real=0.01 secs] 
118954.260: [GC 118954.260: [ParNew: 210892K->1062K(235968K), 0.0071280 secs] 1154815K->945042K(1546688K), 0.0074220 secs] [Times: user=0.03 sys=0.00, real=0.01 secs] 
118959.863: [GC 118959.863: [ParNew: 210854K->975K(235968K), 0.0099630 secs] 1154834K->945016K(1546688K), 0.0102420 secs] [Times: user=0.03 sys=0.01, real=0.01 secs] 
118978.879: [GC 118978.879: [ParNew: 210767K->901K(235968K), 0.0096680 secs] 1154808K->944996K(1546688K), 0.0098810 secs] [Times: user=0.03 sys=0.00, real=0.01 secs] 
118987.671: [GC 118987.672: [ParNew: 210670K->982K(235968K), 0.0097450 secs] 1154765K->945143K(1546688K), 0.0100340 secs] [Times: user=0.03 sys=0.01, real=0.01 secs] 
119001.340: [GC 119001.340: [ParNew: 210697K->978K(235968K), 0.0070730 secs] 1154858K->945189K(1546688K), 0.0073820 secs] [Times: user=0.03 sys=0.00, real=0.00 secs] 
119014.275: [GC 119014.275: [ParNew: 210770K->830K(235968K), 0.0070520 secs] 1154981K->945096K(1546688K), 0.0073450 secs] [Times: user=0.03 sys=0.00, real=0.01 secs] 
119019.875: [GC 119019.875: [ParNew: 210606K->1092K(235968K), 0.0077350 secs] 1154871K->945451K(1546688K), 0.0080130 secs] [Times: user=0.04 sys=0.00, real=0.01 secs] 
119045.053: [GC 119045.054: [ParNew: 210884K->751K(235968K), 0.0107970 secs] 1155243K->945162K(1546688K), 0.0110740 secs] [Times: user=0.03 sys=0.00, real=0.01 secs] 
119051.198: [GC 119051.198: [ParNew: 210543K->1121K(235968K), 0.0156450 secs] 1154954K->945581K(1546688K), 0.0159300 secs] [Times: user=0.03 sys=0.00, real=0.02 secs] 
119064.727: [GC 119064.727: [ParNew: 210891K->1143K(235968K), 0.0201430 secs] 1155351K->945675K(1546688K), 0.0204540 secs] [Times: user=0.07 sys=0.00, real=0.02 secs] 
119074.309: [GC 119074.309: [ParNew: 210935K->1102K(235968K), 0.0054940 secs] 1155467K->945678K(1546688K), 0.0057660 secs] [Times: user=0.03 sys=0.00, real=0.00 secs] 
119081.032: [GC 119081.032: [ParNew: 210894K->944K(235968K), 0.0048930 secs] 1155470K->945694K(1546688K), 0.0051890 secs] [Times: user=0.03 sys=0.00, real=0.01 secs] 
119105.090: [GC 119105.091: [ParNew: 210736K->791K(235968K), 0.0071290 secs] 1155486K->945588K(1546688K), 0.0073960 secs] [Times: user=0.03 sys=0.00, real=0.01 secs] 
119111.232: [GC 119111.232: [ParNew: 210575K->775K(235968K), 0.0064490 secs] 1155373K->945619K(1546688K), 0.0067040 secs] [Times: user=0.03 sys=0.00, real=0.00 secs] 
119124.759: [GC 119124.759: [ParNew: 210506K->1172K(235968K), 0.0055500 secs] 1155349K->946059K(1546688K), 0.0057940 secs] [Times: user=0.03 sys=0.00, real=0.01 secs] 
119134.320: [GC 119134.320: [ParNew: 210964K->1331K(235968K), 0.0089830 secs] 1155851K->946280K(1546688K), 0.0092590 secs] [Times: user=0.03 sys=0.00, real=0.01 secs] 
119141.032: [GC 119141.032: [ParNew: 211114K->1146K(235968K), 0.0060310 secs] 1156063K->946149K(1546688K), 0.0063300 secs] [Times: user=0.04 sys=0.00, real=0.01 secs] 
119165.061: [GC 119165.061: [ParNew: 210876K->779K(235968K), 0.0195100 secs] 1155879K->945836K(1546688K), 0.0198420 secs] [Times: user=0.06 sys=0.00, real=0.02 secs] 
119171.219: [GC 119171.219: [ParNew: 210530K->1046K(235968K), 0.0101770 secs] 1155587K->946158K(1546688K), 0.0104370 secs] [Times: user=0.03 sys=0.00, real=0.01 secs] 
119184.750: [GC 119184.750: [ParNew: 210838K->990K(235968K), 0.0074840 secs] 1155950K->946146K(1546688K), 0.0077650 secs] [Times: user=0.03 sys=0.00, real=0.01 secs] 
119194.321: [GC 119194.321: [ParNew: 210782K->840K(235968K), 0.0077910 secs] 1155938K->946045K(1546688K), 0.0080850 secs] [Times: user=0.04 sys=0.00, real=0.01 secs] 
119201.043: [GC 119201.043: [ParNew: 210599K->974K(235968K), 0.0092670 secs] 1155804K->946278K(1546688K), 0.0095560 secs] [Times: user=0.03 sys=0.00, real=0.01 secs] 
119225.081: [GC 119225.081: [ParNew: 210766K->1093K(235968K), 0.0174230 secs] 1156070K->946457K(1546688K), 0.0177650 secs] [Times: user=0.05 sys=0.00, real=0.02 secs] 
119231.232: [GC 119231.232: [ParNew: 210885K->1472K(235968K), 0.0070280 secs] 1156249K->946884K(1546688K), 0.0073180 secs] [Times: user=0.04 sys=0.00, real=0.01 secs] 
119244.775: [GC 119244.775: [ParNew: 211250K->1084K(235968K), 0.0071120 secs] 1156662K->946546K(1546688K), 0.0073920 secs] [Times: user=0.03 sys=0.00, real=0.01 secs] 
119254.352: [GC 119254.353: [ParNew: 210815K->867K(235968K), 0.0080970 secs] 1156277K->946379K(1546688K), 0.0083690 secs] [Times: user=0.03 sys=0.00, real=0.01 secs] 
119261.072: [GC 119261.072: [ParNew: 210642K->754K(235968K), 0.0073130 secs] 1156153K->946386K(1546688K), 0.0076150 secs] [Times: user=0.03 sys=0.00, real=0.01 secs] 
119285.104: [GC 119285.104: [ParNew: 210502K->980K(235968K), 0.0137810 secs] 1156134K->946666K(1546688K), 0.0140770 secs] [Times: user=0.04 sys=0.00, real=0.02 secs] 
119291.251: [GC 119291.252: [ParNew: 210711K->912K(235968K), 0.0087420 secs] 1156397K->946652K(1546688K), 0.0090470 secs] [Times: user=0.03 sys=0.00, real=0.01 secs] 
119304.790: [GC 119304.790: [ParNew: 210623K->1017K(235968K), 0.0104410 secs] 1156363K->946803K(1546688K), 0.0107570 secs] [Times: user=0.03 sys=0.00, real=0.01 secs] 
119315.236: [GC 119315.237: [ParNew: 210809K->747K(235968K), 0.0082510 secs] 1156595K->946595K(1546688K), 0.0085300 secs] [Times: user=0.02 sys=0.00, real=0.01 secs] 
119321.097: [GC 119321.098: [ParNew: 210522K->949K(235968K), 0.0073490 secs] 1156369K->946888K(1546688K), 0.0076390 secs] [Times: user=0.03 sys=0.00, real=0.01 secs] 
119345.169: [GC 119345.170: [ParNew: 210733K->756K(235968K), 0.0229430 secs] 1156672K->946749K(1546688K), 0.0233020 secs] [Times: user=0.05 sys=0.00, real=0.02 secs] 
119351.283: [GC 119351.284: [ParNew: 210548K->652K(235968K), 0.0080610 secs] 1156541K->946699K(1546688K), 0.0083660 secs] [Times: user=0.03 sys=0.00, real=0.01 secs] 
119364.819: [GC 119364.819: [ParNew: 210403K->1118K(235968K), 0.0098070 secs] 1156450K->947214K(1546688K), 0.0101130 secs] [Times: user=0.03 sys=0.00, real=0.01 secs] 
119375.270: [GC 119375.270: [ParNew: 210910K->1062K(235968K), 0.0082370 secs] 1157006K->947202K(1546688K), 0.0084670 secs] [Times: user=0.03 sys=0.00, real=0.00 secs] 
119390.646: [GC 119390.646: [ParNew: 210799K->1064K(235968K), 0.0280270 secs] 1156939K->947254K(1546688K), 0.0283770 secs] [Times: user=0.05 sys=0.01, real=0.03 secs] 
119403.356: [GC 119403.356: [ParNew: 210856K->1031K(235968K), 0.0116490 secs] 1157046K->947397K(1546688K), 0.0119370 secs] [Times: user=0.03 sys=0.00, real=0.01 secs] 
119411.258: [GC 119411.259: [ParNew: 210763K->810K(235968K), 0.0075320 secs] 1157129K->947231K(1546688K), 0.0077550 secs] [Times: user=0.03 sys=0.00, real=0.01 secs] 
119424.795: [GC 119424.796: [ParNew: 210602K->1135K(235968K), 0.0068120 secs] 1157023K->947618K(1546688K), 0.0070360 secs] [Times: user=0.04 sys=0.00, real=0.01 secs] 
119434.383: [GC 119434.383: [ParNew: 210927K->733K(235968K), 0.0054080 secs] 1157410K->947265K(1546688K), 0.0056730 secs] [Times: user=0.03 sys=0.00, real=0.00 secs] 
119441.109: [GC 119441.109: [ParNew: 210469K->872K(235968K), 0.0068980 secs] 1157001K->947442K(1546688K), 0.0071410 secs] [Times: user=0.04 sys=0.00, real=0.01 secs] 
119465.165: [GC 119465.165: [ParNew: 210664K->642K(235968K), 0.0235600 secs] 1157234K->947253K(1546688K), 0.0238370 secs] [Times: user=0.04 sys=0.00, real=0.03 secs] 
119471.289: [GC 119471.289: [ParNew: 210434K->754K(235968K), 0.0074390 secs] 1157045K->947417K(1546688K), 0.0077250 secs] [Times: user=0.03 sys=0.00, real=0.01 secs] 
119481.873: [GC 119481.873: [ParNew: 210546K->928K(235968K), 0.0095290 secs] 1157209K->947648K(1546688K), 0.0098290 secs] [Times: user=0.04 sys=0.00, real=0.01 secs] 
119494.010: [GC 119494.010: [ParNew: 210697K->1179K(235968K), 0.0088110 secs] 1157417K->947961K(1546688K), 0.0091030 secs] [Times: user=0.03 sys=0.00, real=0.01 secs] 
119499.928: [GC 119499.928: [ParNew: 210971K->762K(235968K), 0.0125110 secs] 1157753K->947605K(1546688K), 0.0127730 secs] [Times: user=0.04 sys=0.00, real=0.02 secs] 
119518.958: [GC 119518.958: [ParNew: 210554K->868K(235968K), 0.0066390 secs] 1157397K->947765K(1546688K), 0.0069380 secs] [Times: user=0.03 sys=0.00, real=0.00 secs] 
119527.816: [GC 119527.816: [ParNew: 210660K->889K(235968K), 0.0081320 secs] 1157557K->947828K(1546688K), 0.0083940 secs] [Times: user=0.04 sys=0.00, real=0.01 secs] 
119541.497: [GC 119541.497: [ParNew: 210681K->830K(235968K), 0.0071540 secs] 1157620K->947923K(1546688K), 0.0074450 secs] [Times: user=0.03 sys=0.00, real=0.01 secs] 
119554.375: [GC 119554.375: [ParNew: 210622K->966K(235968K), 0.0064540 secs] 1157715K->948119K(1546688K), 0.0067550 secs] [Times: user=0.03 sys=0.00, real=0.00 secs] 
119559.948: [GC 119559.948: [ParNew: 210758K->828K(235968K), 0.0078310 secs] 1157911K->948029K(1546688K), 0.0081140 secs] [Times: user=0.03 sys=0.00, real=0.01 secs] 
119578.981: [GC 119578.982: [ParNew: 210620K->937K(235968K), 0.0067800 secs] 1157821K->948192K(1546688K), 0.0070520 secs] [Times: user=0.03 sys=0.00, real=0.01 secs] 
119587.843: [GC 119587.844: [ParNew: 210728K->853K(235968K), 0.0084570 secs] 1157983K->948188K(1546688K), 0.0086740 secs] [Times: user=0.03 sys=0.00, real=0.01 secs] 
119604.822: [GC 119604.822: [ParNew: 210645K->605K(235968K), 0.0052480 secs] 1157980K->947996K(1546688K), 0.0055510 secs] [Times: user=0.03 sys=0.00, real=0.01 secs] 
119614.410: [GC 119614.410: [ParNew: 210397K->1021K(235968K), 0.0067550 secs] 1157788K->948455K(1546688K), 0.0070530 secs] [Times: user=0.03 sys=0.00, real=0.01 secs] 
119621.133: [GC 119621.133: [ParNew: 210813K->1172K(235968K), 0.0110370 secs] 1158247K->948777K(1546688K), 0.0113330 secs] [Times: user=0.02 sys=0.00, real=0.01 secs] 
119645.210: [GC 119645.210: [ParNew: 210961K->717K(235968K), 0.0260810 secs] 1158565K->948358K(1546688K), 0.0264140 secs] [Times: user=0.03 sys=0.00, real=0.02 secs] 
119651.323: [GC 119651.323: [ParNew: 210509K->793K(235968K), 0.0075580 secs] 1158150K->948479K(1546688K), 0.0078090 secs] [Times: user=0.02 sys=0.01, real=0.01 secs] 
119664.859: [GC 119664.859: [ParNew: 210570K->937K(235968K), 0.0128440 secs] 1158257K->948667K(1546688K), 0.0130860 secs] [Times: user=0.03 sys=0.00, real=0.01 secs] 
119675.309: [GC 119675.310: [ParNew: 210729K->891K(235968K), 0.0081150 secs] 1158459K->948675K(1546688K), 0.0083960 secs] [Times: user=0.03 sys=0.00, real=0.01 secs] 
119681.175: [GC 119681.175: [ParNew: 210683K->890K(235968K), 0.0084190 secs] 1158467K->948727K(1546688K), 0.0086600 secs] [Times: user=0.03 sys=0.00, real=0.01 secs] 
119705.223: [GC 119705.223: [ParNew: 210682K->846K(235968K), 0.0374520 secs] 1158519K->948738K(1546688K), 0.0377770 secs] [Times: user=0.05 sys=0.00, real=0.04 secs] 
119711.322: [GC 119711.323: [ParNew: 210638K->1440K(235968K), 0.0211220 secs] 1158529K->949386K(1546688K), 0.0214050 secs] [Times: user=0.03 sys=0.00, real=0.02 secs] 
119724.846: [GC 119724.847: [ParNew: 211232K->1147K(235968K), 0.0079030 secs] 1159178K->949148K(1546688K), 0.0081250 secs] [Times: user=0.03 sys=0.00, real=0.00 secs] 
119734.429: [GC 119734.429: [ParNew: 210939K->1226K(235968K), 0.0074220 secs] 1158940K->949277K(1546688K), 0.0076880 secs] [Times: user=0.03 sys=0.00, real=0.01 secs] 
119740.682: [GC 119740.682: [ParNew: 211018K->1113K(235968K), 0.0143970 secs] 1159069K->949367K(1546688K), 0.0146950 secs] [Times: user=0.05 sys=0.00, real=0.02 secs] 
119758.999: [GC 119758.999: [ParNew: 210905K->1482K(235968K), 0.0115500 secs] 1159159K->949790K(1546688K), 0.0119470 secs] [Times: user=0.03 sys=0.01, real=0.02 secs] 
119767.873: [GC 119767.873: [ParNew: 211274K->1049K(235968K), 0.0061920 secs] 1159582K->949409K(1546688K), 0.0065190 secs] [Times: user=0.03 sys=0.00, real=0.01 secs] 
119781.568: [GC 119781.569: [ParNew: 210841K->1067K(235968K), 0.0203490 secs] 1159201K->949483K(1546688K), 0.0206640 secs] [Times: user=0.04 sys=0.00, real=0.02 secs] 
119794.437: [GC 119794.437: [ParNew: 210859K->1000K(235968K), 0.0078940 secs] 1159275K->949464K(1546688K), 0.0081960 secs] [Times: user=0.03 sys=0.00, real=0.01 secs] 
119801.165: [GC 119801.165: [ParNew: 210743K->1192K(235968K), 0.0124440 secs] 1159207K->949736K(1546688K), 0.0126690 secs] [Times: user=0.05 sys=0.00, real=0.01 secs] 
119825.263: [GC 119825.264: [ParNew: 210984K->876K(235968K), 0.0461040 secs] 1159528K->949465K(1546688K), 0.0464150 secs] [Times: user=0.08 sys=0.01, real=0.05 secs] 
119831.346: [GC 119831.347: [ParNew: 210668K->1236K(235968K), 0.0080110 secs] 1159257K->949863K(1546688K), 0.0082700 secs] [Times: user=0.03 sys=0.00, real=0.01 secs] 
119844.881: [GC 119844.881: [ParNew: 211028K->921K(235968K), 0.0142060 secs] 1159655K->949598K(1546688K), 0.0145760 secs] [Times: user=0.05 sys=0.00, real=0.01 secs] 
119854.458: [GC 119854.458: [ParNew: 210694K->1024K(235968K), 0.0073520 secs] 1159370K->949751K(1546688K), 0.0076420 secs] [Times: user=0.03 sys=0.00, real=0.01 secs] 
119861.190: [GC 119861.190: [ParNew: 210816K->892K(235968K), 0.0080990 secs] 1159543K->949670K(1546688K), 0.0083720 secs] [Times: user=0.03 sys=0.00, real=0.01 secs] 
119885.258: [GC 119885.259: [ParNew: 210684K->1002K(235968K), 0.0443180 secs] 1159462K->949837K(1546688K), 0.0446630 secs] [Times: user=0.05 sys=0.00, real=0.05 secs] 
119891.356: [GC 119891.356: [ParNew: 210790K->1072K(235968K), 0.0170620 secs] 1159625K->949970K(1546688K), 0.0172610 secs] [Times: user=0.05 sys=0.01, real=0.02 secs] 
119904.890: [GC 119904.890: [ParNew: 210864K->1292K(235968K), 0.0067040 secs] 1159762K->950237K(1546688K), 0.0069470 secs] [Times: user=0.03 sys=0.00, real=0.01 secs] 
119914.465: [GC 119914.465: [ParNew: 211084K->1102K(235968K), 0.0105390 secs] 1160029K->950108K(1546688K), 0.0107460 secs] [Times: user=0.03 sys=0.00, real=0.02 secs] 
119921.186: [GC 119921.186: [ParNew: 210894K->1323K(235968K), 0.0111310 secs] 1159900K->950387K(1546688K), 0.0114000 secs] [Times: user=0.04 sys=0.00, real=0.01 secs] 
119945.309: [GC 119945.309: [ParNew: 211115K->982K(235968K), 0.0385940 secs] 1160179K->950101K(1546688K), 0.0390730 secs] [Times: user=0.07 sys=0.00, real=0.04 secs] 
119951.361: [GC 119951.362: [ParNew: 210774K->1132K(235968K), 0.0104700 secs] 1159893K->950499K(1546688K), 0.0106910 secs] [Times: user=0.03 sys=0.00, real=0.01 secs] 
119965.017: [GC 119965.017: [ParNew: 210924K->1254K(235968K), 0.0086640 secs] 1160291K->950672K(1546688K), 0.0088900 secs] [Times: user=0.03 sys=0.00, real=0.01 secs] 
119974.484: [GC 119974.485: [ParNew: 211020K->1069K(235968K), 0.0086880 secs] 1160438K->950536K(1546688K), 0.0089050 secs] [Times: user=0.03 sys=0.00, real=0.01 secs] 
119981.213: [GC 119981.213: [ParNew: 210861K->543K(235968K), 0.0121120 secs] 1160328K->950064K(1546688K), 0.0123250 secs] [Times: user=0.03 sys=0.00, real=0.02 secs] 
120005.309: [GC 120005.309: [ParNew: 210280K->1051K(235968K), 0.0146580 secs] 1159802K->950620K(1546688K), 0.0150010 secs] [Times: user=0.03 sys=0.00, real=0.02 secs] 
120011.388: [GC 120011.388: [ParNew: 210843K->854K(235968K), 0.0089960 secs] 1160412K->950475K(1546688K), 0.0092630 secs] [Times: user=0.03 sys=0.00, real=0.01 secs] 
120025.188: [GC 120025.189: [ParNew: 210646K->983K(235968K), 0.0313080 secs] 1160267K->950647K(1546688K), 0.0316080 secs] [Times: user=0.05 sys=0.00, real=0.03 secs] 
120035.374: [GC 120035.374: [ParNew: 210775K->1359K(235968K), 0.0108350 secs] 1160439K->951080K(1546688K), 0.0113580 secs] [Times: user=0.03 sys=0.00, real=0.01 secs] 
120041.237: [GC 120041.238: [ParNew: 211067K->1162K(235968K), 0.0115170 secs] 1160787K->951120K(1546688K), 0.0118080 secs] [Times: user=0.03 sys=0.00, real=0.01 secs] 
120065.399: [GC 120065.399: [ParNew: 210871K->801K(235968K), 0.0082790 secs] 1160829K->950813K(1546688K), 0.0085460 secs] [Times: user=0.03 sys=0.00, real=0.01 secs] 
120071.415: [GC 120071.416: [ParNew: 210593K->883K(235968K), 0.0062470 secs] 1160605K->950953K(1546688K), 0.0065030 secs] [Times: user=0.03 sys=0.00, real=0.01 secs] 
120088.698: [GC 120088.699: [ParNew: 210675K->658K(235968K), 0.0171160 secs] 1160745K->950783K(1546688K), 0.0174310 secs] [Times: user=0.05 sys=0.00, real=0.01 secs] 
120095.404: [GC 120095.404: [ParNew: 210431K->731K(235968K), 0.0078730 secs] 1160557K->950926K(1546688K), 0.0081440 secs] [Times: user=0.03 sys=0.00, real=0.01 secs] 
120110.852: [GC 120110.852: [ParNew: 210523K->835K(235968K), 0.0166060 secs] 1160718K->951076K(1546688K), 0.0169590 secs] [Times: user=0.04 sys=0.00, real=0.02 secs] 
120126.959: [GC 120126.959: [ParNew: 210627K->865K(235968K), 0.0087120 secs] 1160868K->951258K(1546688K), 0.0089340 secs] [Times: user=0.03 sys=0.00, real=0.01 secs] 
120133.131: [GC 120133.131: [ParNew: 210642K->1232K(235968K), 0.0078530 secs] 1161035K->951668K(1546688K), 0.0081570 secs] [Times: user=0.03 sys=0.00, real=0.00 secs] 
120153.642: [GC 120153.642: [ParNew: 211024K->1012K(235968K), 0.0062630 secs] 1161460K->951496K(1546688K), 0.0065460 secs] [Times: user=0.03 sys=0.00, real=0.01 secs] 
120155.430: [GC 120155.430: [ParNew: 210755K->856K(235968K), 0.0406850 secs] 1161239K->951396K(1546688K), 0.0409570 secs] [Times: user=0.04 sys=0.00, real=0.04 secs] 
120170.859: [GC 120170.859: [ParNew: 210648K->1130K(235968K), 0.0221290 secs] 1161188K->951741K(1546688K), 0.0224740 secs] [Times: user=0.04 sys=0.00, real=0.02 secs] 
120186.972: [GC 120186.973: [ParNew: 210869K->956K(235968K), 0.0098720 secs] 1161480K->951636K(1546688K), 0.0101570 secs] [Times: user=0.03 sys=0.00, real=0.02 secs] 
120193.156: [GC 120193.156: [ParNew: 210708K->965K(235968K), 0.0082050 secs] 1161388K->951694K(1546688K), 0.0084930 secs] [Times: user=0.04 sys=0.00, real=0.01 secs] 
120214.076: [GC 120214.076: [ParNew: 210757K->843K(235968K), 0.0081470 secs] 1161486K->951621K(1546688K), 0.0084050 secs] [Times: user=0.03 sys=0.00, real=0.01 secs] 
120218.305: [GC 120218.305: [ParNew: 210635K->783K(235968K), 0.0133620 secs] 1161413K->951611K(1546688K), 0.0137250 secs] [Times: user=0.04 sys=0.00, real=0.02 secs] 
120230.923: [GC 120230.923: [ParNew: 210569K->642K(235968K), 0.0102000 secs] 1161397K->951629K(1546688K), 0.0105000 secs] [Times: user=0.03 sys=0.00, real=0.01 secs] 
120247.912: [GC 120247.912: [ParNew: 210434K->837K(235968K), 0.0076660 secs] 1161421K->951877K(1546688K), 0.0079310 secs] [Times: user=0.03 sys=0.00, real=0.01 secs] 
120261.630: [GC 120261.631: [ParNew: 210629K->764K(235968K), 0.0377300 secs] 1161669K->951858K(1546688K), 0.0380380 secs] [Times: user=0.05 sys=0.00, real=0.04 secs] 
120274.104: [GC 120274.104: [ParNew: 210556K->976K(235968K), 0.0149020 secs] 1161650K->952128K(1546688K), 0.0152010 secs] [Times: user=0.04 sys=0.00, real=0.02 secs] 
120280.023: [GC 120280.023: [ParNew: 210768K->584K(235968K), 0.0240310 secs] 1161920K->951785K(1546688K), 0.0243130 secs] [Times: user=0.04 sys=0.00, real=0.02 secs] 
120297.642: [GC 120297.642: [ParNew: 210376K->638K(235968K), 0.0103310 secs] 1161577K->951897K(1546688K), 0.0105540 secs] [Times: user=0.03 sys=0.01, real=0.01 secs] 
120307.929: [GC 120307.929: [ParNew: 210430K->852K(235968K), 0.0071420 secs] 1161689K->952165K(1546688K), 0.0074400 secs] [Times: user=0.04 sys=0.00, real=0.01 secs] 
120321.672: [GC 120321.673: [ParNew: 210644K->1137K(235968K), 0.0148640 secs] 1161957K->952506K(1546688K), 0.0152190 secs] [Times: user=0.03 sys=0.00, real=0.01 secs] 
120334.124: [GC 120334.124: [ParNew: 210816K->1200K(235968K), 0.0071640 secs] 1162185K->952631K(1546688K), 0.0074360 secs] [Times: user=0.03 sys=0.00, real=0.01 secs] 
120340.046: [GC 120340.046: [ParNew: 210992K->977K(235968K), 0.0072620 secs] 1162423K->952445K(1546688K), 0.0075450 secs] [Times: user=0.03 sys=0.00, real=0.01 secs] 
120359.069: [GC 120359.069: [ParNew: 210769K->1042K(235968K), 0.0072600 secs] 1162237K->952667K(1546688K), 0.0075570 secs] [Times: user=0.03 sys=0.00, real=0.01 secs] 
120367.949: [GC 120367.949: [ParNew: 210834K->733K(235968K), 0.0073100 secs] 1162459K->952432K(1546688K), 0.0076210 secs] [Times: user=0.03 sys=0.00, real=0.01 secs] 
120381.697: [GC 120381.698: [ParNew: 210453K->837K(235968K), 0.0158010 secs] 1162152K->952580K(1546688K), 0.0161360 secs] [Times: user=0.03 sys=0.00, real=0.02 secs] 
120394.118: [GC 120394.119: [ParNew: 210601K->1058K(235968K), 0.0071630 secs] 1162345K->952863K(1546688K), 0.0074110 secs] [Times: user=0.03 sys=0.00, real=0.01 secs] 
120400.034: [GC 120400.035: [ParNew: 210850K->818K(235968K), 0.0170380 secs] 1162655K->952684K(1546688K), 0.0173370 secs] [Times: user=0.03 sys=0.00, real=0.02 secs] 
120419.072: [GC 120419.072: [ParNew: 210608K->897K(235968K), 0.0064920 secs] 1162474K->952818K(1546688K), 0.0067140 secs] [Times: user=0.03 sys=0.00, real=0.01 secs] 
120427.969: [GC 120427.969: [ParNew: 210638K->921K(235968K), 0.0079070 secs] 1162558K->952901K(1546688K), 0.0081190 secs] [Times: user=0.03 sys=0.00, real=0.01 secs] 
120441.701: [GC 120441.701: [ParNew: 210713K->810K(235968K), 0.0102390 secs] 1162693K->952944K(1546688K), 0.0105470 secs] [Times: user=0.04 sys=0.00, real=0.01 secs] 
120454.134: [GC 120454.134: [ParNew: 210602K->913K(235968K), 0.0072190 secs] 1162736K->953102K(1546688K), 0.0074350 secs] [Times: user=0.03 sys=0.00, real=0.01 secs] 
120460.053: [GC 120460.054: [ParNew: 210705K->987K(235968K), 0.0138840 secs] 1162894K->953236K(1546688K), 0.0141610 secs] [Times: user=0.04 sys=0.00, real=0.01 secs] 
120479.087: [GC 120479.087: [ParNew: 210753K->1191K(235968K), 0.0104790 secs] 1163002K->953495K(1546688K), 0.0106970 secs] [Times: user=0.04 sys=0.00, real=0.01 secs] 
120487.986: [GC 120487.986: [ParNew: 210983K->651K(235968K), 0.0095320 secs] 1163287K->953026K(1546688K), 0.0098000 secs] [Times: user=0.03 sys=0.00, real=0.01 secs] 
120501.732: [GC 120501.733: [ParNew: 210443K->1069K(235968K), 0.0088990 secs] 1162818K->953488K(1546688K), 0.0092110 secs] [Times: user=0.03 sys=0.00, real=0.01 secs] 
120514.560: [GC 120514.560: [ParNew: 210826K->1040K(235968K), 0.0059390 secs] 1163246K->953519K(1546688K), 0.0062060 secs] [Times: user=0.04 sys=0.00, real=0.01 secs] 
120520.073: [GC 120520.073: [ParNew: 210832K->712K(235968K), 0.0155880 secs] 1163311K->953242K(1546688K), 0.0158810 secs] [Times: user=0.03 sys=0.01, real=0.01 secs] 
120545.397: [GC 120545.397: [ParNew: 210504K->728K(235968K), 0.0111580 secs] 1163034K->953313K(1546688K), 0.0114710 secs] [Times: user=0.03 sys=0.01, real=0.01 secs] 
120551.477: [GC 120551.477: [ParNew: 210520K->1093K(235968K), 0.0074630 secs] 1163105K->953838K(1546688K), 0.0077290 secs] [Times: user=0.04 sys=0.00, real=0.00 secs] 
120565.238: [GC 120565.238: [ParNew: 210885K->768K(235968K), 0.0062460 secs] 1163630K->953569K(1546688K), 0.0065580 secs] [Times: user=0.03 sys=0.00, real=0.01 secs] 
120574.590: [GC 120574.590: [ParNew: 210533K->1777K(235968K), 0.0081030 secs] 1163334K->954622K(1546688K), 0.0083800 secs] [Times: user=0.04 sys=0.00, real=0.01 secs] 
120581.306: [GC 120581.307: [ParNew: 211569K->2249K(235968K), 0.0091770 secs] 1164414K->955140K(1546688K), 0.0094590 secs] [Times: user=0.04 sys=0.00, real=0.01 secs] 
120605.427: [GC 120605.427: [ParNew: 212041K->2136K(235968K), 0.0105910 secs] 1164932K->955083K(1546688K), 0.0109130 secs] [Times: user=0.04 sys=0.00, real=0.02 secs] 
120611.501: [GC 120611.501: [ParNew: 211928K->1525K(235968K), 0.0101430 secs] 1164875K->954617K(1546688K), 0.0104130 secs] [Times: user=0.03 sys=0.00, real=0.01 secs] 
120625.267: [GC 120625.267: [ParNew: 211288K->1525K(235968K), 0.0165460 secs] 1164380K->955014K(1546688K), 0.0168230 secs] [Times: user=0.04 sys=0.00, real=0.02 secs] 
120634.609: [GC 120634.610: [ParNew: 211317K->846K(235968K), 0.0073750 secs] 1164806K->954458K(1546688K), 0.0076710 secs] [Times: user=0.03 sys=0.00, real=0.01 secs] 
120641.327: [GC 120641.328: [ParNew: 210573K->1296K(235968K), 0.0078080 secs] 1164185K->954982K(1546688K), 0.0080700 secs] [Times: user=0.03 sys=0.00, real=0.01 secs] 
120665.446: [GC 120665.447: [ParNew: 211088K->1179K(235968K), 0.0097140 secs] 1164774K->954929K(1546688K), 0.0099830 secs] [Times: user=0.04 sys=0.00, real=0.01 secs] 
120671.527: [GC 120671.528: [ParNew: 210846K->977K(235968K), 0.0093350 secs] 1164596K->954792K(1546688K), 0.0095960 secs] [Times: user=0.03 sys=0.00, real=0.01 secs] 
120685.270: [GC 120685.270: [ParNew: 210769K->941K(235968K), 0.0079380 secs] 1164584K->954801K(1546688K), 0.0082160 secs] [Times: user=0.04 sys=0.00, real=0.01 secs] 
120694.618: [GC 120694.618: [ParNew: 210690K->1124K(235968K), 0.0052640 secs] 1164551K->955049K(1546688K), 0.0055520 secs] [Times: user=0.04 sys=0.00, real=0.01 secs] 
120701.340: [GC 120701.341: [ParNew: 210916K->1137K(235968K), 0.0051020 secs] 1164841K->955113K(1546688K), 0.0053750 secs] [Times: user=0.03 sys=0.00, real=0.01 secs] 
120725.459: [GC 120725.460: [ParNew: 210831K->996K(235968K), 0.0427950 secs] 1164807K->955133K(1546688K), 0.0431370 secs] [Times: user=0.08 sys=0.00, real=0.04 secs] 
120731.528: [GC 120731.528: [ParNew: 210788K->761K(235968K), 0.0191160 secs] 1164925K->954947K(1546688K), 0.0194240 secs] [Times: user=0.04 sys=0.00, real=0.02 secs] 
120745.309: [GC 120745.309: [ParNew: 210553K->939K(235968K), 0.0264130 secs] 1164739K->955169K(1546688K), 0.0266870 secs] [Times: user=0.04 sys=0.00, real=0.03 secs] 
120755.505: [GC 120755.505: [ParNew: 210731K->909K(235968K), 0.0107950 secs] 1164961K->955196K(1546688K), 0.0110780 secs] [Times: user=0.03 sys=0.00, real=0.01 secs] 
120761.369: [GC 120761.369: [ParNew: 210701K->978K(235968K), 0.0068470 secs] 1164988K->955316K(1546688K), 0.0070600 secs] [Times: user=0.04 sys=0.00, real=0.01 secs] 
120785.478: [GC 120785.478: [ParNew: 210755K->868K(235968K), 0.0211040 secs] 1165093K->955260K(1546688K), 0.0214300 secs] [Times: user=0.05 sys=0.00, real=0.03 secs] 
120791.566: [GC 120791.566: [ParNew: 210633K->721K(235968K), 0.0075180 secs] 1165025K->955263K(1546688K), 0.0077780 secs] [Times: user=0.03 sys=0.00, real=0.01 secs] 
120812.403: [GC 120812.403: [ParNew: 210513K->639K(235968K), 0.0080680 secs] 1165055K->955241K(1546688K), 0.0083590 secs] [Times: user=0.03 sys=0.00, real=0.01 secs] 
120815.597: [GC 120815.597: [ParNew: 210411K->880K(235968K), 0.0052640 secs] 1165013K->955526K(1546688K), 0.0055750 secs] [Times: user=0.03 sys=0.00, real=0.00 secs] 
120831.010: [GC 120831.011: [ParNew: 210672K->658K(235968K), 0.0230240 secs] 1165318K->955357K(1546688K), 0.0233470 secs] [Times: user=0.05 sys=0.00, real=0.03 secs] 
120847.075: [GC 120847.075: [ParNew: 210397K->1167K(235968K), 0.0088840 secs] 1165096K->955915K(1546688K), 0.0091880 secs] [Times: user=0.03 sys=0.01, real=0.01 secs] 
120853.262: [GC 120853.262: [ParNew: 210944K->1623K(235968K), 0.0157060 secs] 1165692K->956413K(1546688K), 0.0160340 secs] [Times: user=0.05 sys=0.00, real=0.02 secs] 
120873.732: [GC 120873.732: [ParNew: 211411K->1392K(235968K), 0.0088260 secs] 1166201K->956232K(1546688K), 0.0090920 secs] [Times: user=0.04 sys=0.00, real=0.01 secs] 
120875.611: [GC 120875.611: [ParNew: 211152K->1226K(235968K), 0.0074010 secs] 1165991K->956142K(1546688K), 0.0076440 secs] [Times: user=0.04 sys=0.00, real=0.01 secs] 
120891.057: [GC 120891.057: [ParNew: 211018K->1191K(235968K), 0.0200400 secs] 1165934K->956258K(1546688K), 0.0204030 secs] [Times: user=0.04 sys=0.00, real=0.02 secs] 
120907.113: [GC 120907.113: [ParNew: 210951K->1687K(235968K), 0.0097730 secs] 1166018K->956873K(1546688K), 0.0099900 secs] [Times: user=0.04 sys=0.00, real=0.01 secs] 
120913.250: [GC 120913.250: [ParNew: 211479K->1099K(235968K), 0.0192800 secs] 1166665K->956624K(1546688K), 0.0195840 secs] [Times: user=0.05 sys=0.00, real=0.02 secs] 
120933.734: [GC 120933.734: [ParNew: 210845K->1313K(235968K), 0.0072900 secs] 1166369K->956887K(1546688K), 0.0076020 secs] [Times: user=0.03 sys=0.00, real=0.01 secs] 
120935.619: [GC 120935.620: [ParNew: 211105K->1137K(235968K), 0.0072470 secs] 1166679K->956772K(1546688K), 0.0074860 secs] [Times: user=0.03 sys=0.00, real=0.01 secs] 
120948.533: [GC 120948.533: [ParNew: 210928K->712K(235968K), 0.0135240 secs] 1166563K->956414K(1546688K), 0.0137600 secs] [Times: user=0.05 sys=0.00, real=0.02 secs] 
120967.097: [GC 120967.097: [ParNew: 210474K->1067K(235968K), 0.0072650 secs] 1166176K->956846K(1546688K), 0.0075130 secs] [Times: user=0.03 sys=0.00, real=0.01 secs] 
120973.310: [GC 120973.311: [ParNew: 210859K->1222K(235968K), 0.0150040 secs] 1166638K->957067K(1546688K), 0.0153030 secs] [Times: user=0.04 sys=0.00, real=0.01 secs] 
120993.254: [GC 120993.255: [ParNew: 211014K->1012K(235968K), 0.0084300 secs] 1166859K->956906K(1546688K), 0.0086330 secs] [Times: user=0.04 sys=0.00, real=0.01 secs] 
120995.617: [GC 120995.617: [ParNew: 210804K->1204K(235968K), 0.0068380 secs] 1166698K->957150K(1546688K), 0.0070820 secs] [Times: user=0.03 sys=0.00, real=0.00 secs] 
121011.052: [GC 121011.052: [ParNew: 210996K->1005K(235968K), 0.0232360 secs] 1166942K->957019K(1546688K), 0.0235160 secs] [Times: user=0.03 sys=0.00, real=0.03 secs] 
121027.117: [GC 121027.117: [ParNew: 210797K->1124K(235968K), 0.0081050 secs] 1166811K->957199K(1546688K), 0.0084130 secs] [Times: user=0.03 sys=0.00, real=0.01 secs] 
121031.598: [GC 121031.598: [ParNew: 210916K->832K(235968K), 0.0126180 secs] 1166991K->956955K(1546688K), 0.0127960 secs] [Times: user=0.03 sys=0.01, real=0.02 secs] 
121045.360: [GC 121045.360: [ParNew: 210624K->1057K(235968K), 0.0104990 secs] 1166747K->957242K(1546688K), 0.0107590 secs] [Times: user=0.03 sys=0.01, real=0.01 secs] 
121055.598: [GC 121055.598: [ParNew: 210791K->734K(235968K), 0.0063320 secs] 1166977K->956968K(1546688K), 0.0066280 secs] [Times: user=0.03 sys=0.00, real=0.00 secs] 
121061.425: [GC 121061.425: [ParNew: 210526K->1054K(235968K), 0.0061480 secs] 1166760K->957351K(1546688K), 0.0063840 secs] [Times: user=0.03 sys=0.00, real=0.01 secs] 
121085.533: [GC 121085.533: [ParNew: 210825K->817K(235968K), 0.0060100 secs] 1167121K->957154K(1546688K), 0.0062940 secs] [Times: user=0.03 sys=0.00, real=0.00 secs] 
121093.310: [GC 121093.310: [ParNew: 210609K->706K(235968K), 0.0123750 secs] 1166946K->957110K(1546688K), 0.0126640 secs] [Times: user=0.03 sys=0.00, real=0.02 secs] 
121113.577: [GC 121113.577: [ParNew: 210498K->546K(235968K), 0.0069300 secs] 1166902K->957101K(1546688K), 0.0072270 secs] [Times: user=0.04 sys=0.00, real=0.01 secs] 
121115.642: [GC 121115.642: [ParNew: 210338K->615K(235968K), 0.0052930 secs] 1166893K->957220K(1546688K), 0.0055520 secs] [Times: user=0.03 sys=0.00, real=0.01 secs] 
121121.452: [GC 121121.452: [ParNew: 210344K->719K(235968K), 0.0049680 secs] 1166949K->957384K(1546688K), 0.0052500 secs] [Times: user=0.03 sys=0.00, real=0.01 secs] 
121147.027: [GC 121147.027: [ParNew: 210511K->569K(235968K), 0.0066210 secs] 1167176K->957293K(1546688K), 0.0068920 secs] [Times: user=0.04 sys=0.00, real=0.01 secs] 
121152.794: [GC 121152.795: [ParNew: 210361K->678K(235968K), 0.0096410 secs] 1167085K->957462K(1546688K), 0.0098620 secs] [Times: user=0.03 sys=0.00, real=0.01 secs] 
121165.383: [GC 121165.383: [ParNew: 210441K->4240K(235968K), 0.0090680 secs] 1167225K->961086K(1546688K), 0.0092880 secs] [Times: user=0.04 sys=0.00, real=0.01 secs] 
121175.639: [GC 121175.639: [ParNew: 214032K->1354K(235968K), 0.0065040 secs] 1170878K->958247K(1546688K), 0.0067920 secs] [Times: user=0.03 sys=0.00, real=0.00 secs] 
121181.458: [GC 121181.459: [ParNew: 211097K->1141K(235968K), 0.0065730 secs] 1167990K->958084K(1546688K), 0.0067800 secs] [Times: user=0.03 sys=0.00, real=0.00 secs] 
121205.553: [GC 121205.553: [ParNew: 210933K->915K(235968K), 0.0071550 secs] 1167876K->957911K(1546688K), 0.0074540 secs] [Times: user=0.04 sys=0.00, real=0.00 secs] 
121213.334: [GC 121213.334: [ParNew: 210707K->653K(235968K), 0.0438100 secs] 1167703K->957709K(1546688K), 0.0441280 secs] [Times: user=0.08 sys=0.00, real=0.04 secs] 
121225.410: [GC 121225.410: [ParNew: 210439K->1215K(235968K), 0.0112440 secs] 1167495K->958327K(1546688K), 0.0117700 secs] [Times: user=0.03 sys=0.00, real=0.01 secs] 
121234.723: [GC 121234.723: [ParNew: 210997K->1084K(235968K), 0.0095020 secs] 1168109K->958246K(1546688K), 0.0097530 secs] [Times: user=0.03 sys=0.00, real=0.01 secs] 
121241.439: [GC 121241.439: [ParNew: 210876K->1030K(235968K), 0.0090630 secs] 1168038K->958245K(1546688K), 0.0092870 secs] [Times: user=0.03 sys=0.00, real=0.01 secs] 
121259.314: [GC 121259.315: [ParNew: 210822K->1322K(235968K), 0.0106610 secs] 1168037K->958607K(1546688K), 0.0108860 secs] [Times: user=0.04 sys=0.00, real=0.01 secs] 
121268.127: [GC 121268.128: [ParNew: 211114K->823K(235968K), 0.0091680 secs] 1168399K->958157K(1546688K), 0.0093900 secs] [Times: user=0.03 sys=0.00, real=0.01 secs] 
121281.973: [GC 121281.973: [ParNew: 210575K->977K(235968K), 0.0116360 secs] 1167909K->958407K(1546688K), 0.0118790 secs] [Times: user=0.03 sys=0.00, real=0.01 secs] 
121294.721: [GC 121294.721: [ParNew: 210763K->1502K(235968K), 0.0107260 secs] 1168193K->958981K(1546688K), 0.0109490 secs] [Times: user=0.03 sys=0.00, real=0.01 secs] 
121300.192: [GC 121300.193: [ParNew: 211290K->1159K(235968K), 0.0083040 secs] 1168769K->958779K(1546688K), 0.0085260 secs] [Times: user=0.03 sys=0.00, real=0.01 secs] 
121320.862: [GC 121320.862: [ParNew: 210951K->710K(235968K), 0.0096040 secs] 1168571K->958383K(1546688K), 0.0098180 secs] [Times: user=0.03 sys=0.00, real=0.01 secs] 
121331.616: [GC 121331.616: [ParNew: 210490K->1121K(235968K), 0.0181540 secs] 1168163K->958846K(1546688K), 0.0187050 secs] [Times: user=0.03 sys=0.00, real=0.02 secs] 
121345.392: [GC 121345.392: [ParNew: 210913K->1204K(235968K), 0.0102340 secs] 1168638K->958986K(1546688K), 0.0105120 secs] [Times: user=0.03 sys=0.00, real=0.01 secs] 
121354.729: [GC 121354.730: [ParNew: 210996K->1141K(235968K), 0.0068780 secs] 1168778K->958972K(1546688K), 0.0071770 secs] [Times: user=0.03 sys=0.00, real=0.00 secs] 
121360.201: [GC 121360.201: [ParNew: 210933K->886K(235968K), 0.0096110 secs] 1168764K->958853K(1546688K), 0.0098930 secs] [Times: user=0.03 sys=0.01, real=0.01 secs] 
121379.338: [GC 121379.338: [ParNew: 210678K->953K(235968K), 0.0067310 secs] 1168645K->958986K(1546688K), 0.0070280 secs] [Times: user=0.04 sys=0.01, real=0.00 secs] 
121391.350: [GC 121391.350: [ParNew: 210745K->532K(235968K), 0.0061380 secs] 1168778K->958631K(1546688K), 0.0064280 secs] [Times: user=0.03 sys=0.00, real=0.01 secs] 
121405.404: [GC 121405.405: [ParNew: 210324K->817K(235968K), 0.0113490 secs] 1168423K->958996K(1546688K), 0.0116620 secs] [Times: user=0.03 sys=0.00, real=0.01 secs] 
121414.766: [GC 121414.767: [ParNew: 210608K->767K(235968K), 0.0124340 secs] 1168787K->958990K(1546688K), 0.0127030 secs] [Times: user=0.03 sys=0.01, real=0.01 secs] 
121421.469: [GC 121421.469: [ParNew: 210559K->1002K(235968K), 0.0082090 secs] 1168782K->959278K(1546688K), 0.0084820 secs] [Times: user=0.03 sys=0.00, real=0.00 secs] 
121439.339: [GC 121439.340: [ParNew: 210735K->1412K(235968K), 0.0064290 secs] 1169010K->959753K(1546688K), 0.0067260 secs] [Times: user=0.03 sys=0.00, real=0.01 secs] 
121448.164: [GC 121448.164: [ParNew: 211149K->1020K(235968K), 0.0149470 secs] 1169490K->959421K(1546688K), 0.0152290 secs] [Times: user=0.03 sys=0.00, real=0.02 secs] 
121462.009: [GC 121462.009: [ParNew: 210812K->756K(235968K), 0.0106650 secs] 1169213K->959214K(1546688K), 0.0109610 secs] [Times: user=0.04 sys=0.00, real=0.01 secs] 
121474.760: [GC 121474.761: [ParNew: 210538K->1272K(235968K), 0.0067060 secs] 1168996K->959779K(1546688K), 0.0069360 secs] [Times: user=0.03 sys=0.01, real=0.01 secs] 
121480.229: [GC 121480.229: [ParNew: 211064K->763K(235968K), 0.0062150 secs] 1169571K->959357K(1546688K), 0.0064400 secs] [Times: user=0.03 sys=0.00, real=0.01 secs] 
121505.574: [GC 121505.575: [ParNew: 210551K->867K(235968K), 0.0101420 secs] 1169144K->959510K(1546688K), 0.0103470 secs] [Times: user=0.03 sys=0.00, real=0.01 secs] 
121511.667: [GC 121511.668: [ParNew: 210659K->1216K(235968K), 0.0131810 secs] 1169302K->959911K(1546688K), 0.0134700 secs] [Times: user=0.05 sys=0.00, real=0.01 secs] 
121525.438: [GC 121525.438: [ParNew: 211002K->1546K(235968K), 0.0108440 secs] 1169696K->960297K(1546688K), 0.0111290 secs] [Times: user=0.03 sys=0.00, real=0.01 secs] 
121534.796: [GC 121534.796: [ParNew: 211338K->1069K(235968K), 0.0060750 secs] 1170089K->959864K(1546688K), 0.0063230 secs] [Times: user=0.03 sys=0.00, real=0.01 secs] 
121541.514: [GC 121541.514: [ParNew: 210852K->1287K(235968K), 0.0063140 secs] 1169647K->960129K(1546688K), 0.0065980 secs] [Times: user=0.03 sys=0.00, real=0.01 secs] 
121565.601: [GC 121565.601: [ParNew: 211079K->1234K(235968K), 0.0064920 secs] 1169921K->960129K(1546688K), 0.0067730 secs] [Times: user=0.04 sys=0.00, real=0.01 secs] 
121571.694: [GC 121571.694: [ParNew: 211026K->1061K(235968K), 0.0133360 secs] 1169921K->960120K(1546688K), 0.0136410 secs] [Times: user=0.03 sys=0.01, real=0.02 secs] 
121585.466: [GC 121585.466: [ParNew: 210841K->846K(235968K), 0.0075840 secs] 1169900K->959950K(1546688K), 0.0078400 secs] [Times: user=0.03 sys=0.00, real=0.01 secs] 
121595.719: [GC 121595.719: [ParNew: 210580K->996K(235968K), 0.0088480 secs] 1169683K->960159K(1546688K), 0.0091350 secs] [Times: user=0.05 sys=0.00, real=0.01 secs] 
121601.539: [GC 121601.539: [ParNew: 210752K->766K(235968K), 0.0072290 secs] 1169915K->959982K(1546688K), 0.0077030 secs] [Times: user=0.03 sys=0.01, real=0.01 secs] 
121625.635: [GC 121625.636: [ParNew: 210535K->862K(235968K), 0.0062380 secs] 1169751K->960133K(1546688K), 0.0064880 secs] [Times: user=0.03 sys=0.00, real=0.01 secs] 
121633.539: [GC 121633.539: [ParNew: 210654K->915K(235968K), 0.0072790 secs] 1169925K->960240K(1546688K), 0.0076160 secs] [Times: user=0.03 sys=0.00, real=0.01 secs] 
121653.842: [GC 121653.842: [ParNew: 210707K->980K(235968K), 0.0067980 secs] 1170032K->960341K(1546688K), 0.0070330 secs] [Times: user=0.03 sys=0.00, real=0.01 secs] 
121655.764: [GC 121655.765: [ParNew: 210772K->979K(235968K), 0.0094300 secs] 1170133K->960383K(1546688K), 0.0096630 secs] [Times: user=0.03 sys=0.00, real=0.01 secs] 
121671.214: [GC 121671.215: [ParNew: 210771K->740K(235968K), 0.0087210 secs] 1170175K->960287K(1546688K), 0.0089590 secs] [Times: user=0.03 sys=0.00, real=0.01 secs] 
121687.262: [GC 121687.263: [ParNew: 210532K->652K(235968K), 0.0062880 secs] 1170079K->960241K(1546688K), 0.0065180 secs] [Times: user=0.03 sys=0.00, real=0.01 secs] 
121693.586: [GC 121693.586: [ParNew: 210400K->994K(235968K), 0.0067580 secs] 1169989K->960641K(1546688K), 0.0069780 secs] [Times: user=0.03 sys=0.00, real=0.01 secs] 
121713.881: [GC 121713.881: [ParNew: 210786K->803K(235968K), 0.0101540 secs] 1170433K->960500K(1546688K), 0.0104830 secs] [Times: user=0.03 sys=0.00, real=0.01 secs] 
121718.509: [GC 121718.509: [ParNew: 210564K->1091K(235968K), 0.0085790 secs] 1170260K->960837K(1546688K), 0.0088010 secs] [Times: user=0.03 sys=0.00, real=0.01 secs] 
121731.249: [GC 121731.249: [ParNew: 210875K->900K(235968K), 0.0072740 secs] 1170621K->960695K(1546688K), 0.0075200 secs] [Times: user=0.03 sys=0.00, real=0.01 secs] 
121748.185: [GC 121748.185: [ParNew: 210692K->857K(235968K), 0.0062120 secs] 1170487K->960703K(1546688K), 0.0065170 secs] [Times: user=0.03 sys=0.00, real=0.01 secs] 
121762.052: [GC 121762.052: [ParNew: 210649K->799K(235968K), 0.0231230 secs] 1170495K->960700K(1546688K), 0.0234350 secs] [Times: user=0.03 sys=0.00, real=0.03 secs] 
121774.339: [GC 121774.339: [ParNew: 210502K->1045K(235968K), 0.0122330 secs] 1170402K->961006K(1546688K), 0.0124730 secs] [Times: user=0.03 sys=0.00, real=0.01 secs] 
121778.532: [GC 121778.533: [ParNew: 210795K->1070K(235968K), 0.0080570 secs] 1170756K->961079K(1546688K), 0.0082860 secs] [Times: user=0.03 sys=0.00, real=0.01 secs] 
121799.376: [GC 121799.377: [ParNew: 210837K->791K(235968K), 0.0108210 secs] 1170846K->960851K(1546688K), 0.0110620 secs] [Times: user=0.03 sys=0.00, real=0.01 secs] 
121808.217: [GC 121808.217: [ParNew: 210583K->840K(235968K), 0.0088820 secs] 1170643K->960944K(1546688K), 0.0091520 secs] [Times: user=0.03 sys=0.00, real=0.01 secs] 
121822.111: [GC 121822.112: [ParNew: 210632K->832K(235968K), 0.0190640 secs] 1170736K->960980K(1546688K), 0.0193090 secs] [Times: user=0.04 sys=0.00, real=0.02 secs] 
121834.826: [GC 121834.826: [ParNew: 210624K->1133K(235968K), 0.0076740 secs] 1170772K->961325K(1546688K), 0.0080050 secs] [Times: user=0.04 sys=0.01, real=0.00 secs] 
121840.250: [GC 121840.250: [ParNew: 210925K->812K(235968K), 0.0081810 secs] 1171117K->961053K(1546688K), 0.0084810 secs] [Times: user=0.03 sys=0.00, real=0.01 secs] 
121859.388: [GC 121859.389: [ParNew: 210586K->905K(235968K), 0.0067810 secs] 1170827K->961204K(1546688K), 0.0070880 secs] [Times: user=0.03 sys=0.00, real=0.01 secs] 
121868.234: [GC 121868.234: [ParNew: 210697K->958K(235968K), 0.0065830 secs] 1170996K->961311K(1546688K), 0.0068710 secs] [Times: user=0.03 sys=0.00, real=0.01 secs] 
121882.114: [GC 121882.115: [ParNew: 210750K->1173K(235968K), 0.0099820 secs] 1171103K->961582K(1546688K), 0.0103300 secs] [Times: user=0.04 sys=0.00, real=0.01 secs] 
121894.364: [GC 121894.364: [ParNew: 210948K->966K(235968K), 0.0112500 secs] 1171358K->961425K(1546688K), 0.0115550 secs] [Times: user=0.04 sys=0.00, real=0.02 secs] 
121900.234: [GC 121900.234: [ParNew: 210758K->625K(235968K), 0.0091350 secs] 1171217K->961132K(1546688K), 0.0093820 secs] [Times: user=0.02 sys=0.00, real=0.01 secs] 
121919.394: [GC 121919.395: [ParNew: 210367K->1203K(235968K), 0.0083090 secs] 1170875K->961765K(1546688K), 0.0086290 secs] [Times: user=0.04 sys=0.00, real=0.01 secs] 
121928.234: [GC 121928.234: [ParNew: 210995K->905K(235968K), 0.0070310 secs] 1171557K->961525K(1546688K), 0.0073160 secs] [Times: user=0.03 sys=0.00, real=0.01 secs] 
121942.124: [GC 121942.124: [ParNew: 210697K->986K(235968K), 0.0122460 secs] 1171317K->961687K(1546688K), 0.0125210 secs] [Times: user=0.03 sys=0.00, real=0.01 secs] 
121954.375: [GC 121954.376: [ParNew: 210735K->1253K(235968K), 0.0068760 secs] 1171436K->962015K(1546688K), 0.0071830 secs] [Times: user=0.04 sys=0.00, real=0.00 secs] 
121960.253: [GC 121960.253: [ParNew: 211045K->759K(235968K), 0.0084670 secs] 1171807K->961572K(1546688K), 0.0087600 secs] [Times: user=0.03 sys=0.00, real=0.01 secs] 
121979.417: [GC 121979.417: [ParNew: 210551K->1026K(235968K), 0.0153010 secs] 1171364K->961893K(1546688K), 0.0155650 secs] [Times: user=0.05 sys=0.00, real=0.02 secs] 
121988.263: [GC 121988.263: [ParNew: 210818K->666K(235968K), 0.0088480 secs] 1171685K->961704K(1546688K), 0.0091380 secs] [Times: user=0.03 sys=0.00, real=0.01 secs] 
122002.191: [GC 122002.191: [ParNew: 210372K->553K(235968K), 0.0071330 secs] 1171411K->961636K(1546688K), 0.0073820 secs] [Times: user=0.03 sys=0.00, real=0.01 secs] 
122014.987: [GC 122014.988: [ParNew: 210339K->845K(235968K), 0.0096250 secs] 1171421K->961972K(1546688K), 0.0099050 secs] [Times: user=0.03 sys=0.00, real=0.01 secs] 
122020.273: [GC 122020.273: [ParNew: 210637K->901K(235968K), 0.0071780 secs] 1171764K->962086K(1546688K), 0.0074780 secs] [Times: user=0.03 sys=0.00, real=0.01 secs] 
122039.405: [GC 122039.405: [ParNew: 210685K->953K(235968K), 0.0065960 secs] 1171870K->962193K(1546688K), 0.0069020 secs] [Times: user=0.03 sys=0.00, real=0.00 secs] 
122048.250: [GC 122048.251: [ParNew: 210745K->798K(235968K), 0.0067670 secs] 1171985K->962091K(1546688K), 0.0070340 secs] [Times: user=0.04 sys=0.01, real=0.00 secs] 
122062.165: [GC 122062.165: [ParNew: 210590K->989K(235968K), 0.0058240 secs] 1171883K->962344K(1546688K), 0.0061460 secs] [Times: user=0.04 sys=0.00, real=0.01 secs] 
122074.978: [GC 122074.978: [ParNew: 210746K->928K(235968K), 0.0069860 secs] 1172101K->962328K(1546688K), 0.0072950 secs] [Times: user=0.04 sys=0.00, real=0.00 secs] 
122080.271: [GC 122080.271: [ParNew: 210720K->692K(235968K), 0.0066060 secs] 1172120K->962264K(1546688K), 0.0068880 secs] [Times: user=0.04 sys=0.00, real=0.01 secs] 
122099.429: [GC 122099.429: [ParNew: 210425K->864K(235968K), 0.0074170 secs] 1171997K->962490K(1546688K), 0.0077160 secs] [Times: user=0.03 sys=0.01, real=0.01 secs] 
122108.283: [GC 122108.283: [ParNew: 210637K->893K(235968K), 0.0095030 secs] 1172263K->962580K(1546688K), 0.0097280 secs] [Times: user=0.03 sys=0.01, real=0.01 secs] 
122122.195: [GC 122122.195: [ParNew: 210669K->823K(235968K), 0.0155710 secs] 1172356K->962559K(1546688K), 0.0158190 secs] [Times: user=0.05 sys=0.00, real=0.02 secs] 
122135.000: [GC 122135.001: [ParNew: 210615K->1179K(235968K), 0.0082640 secs] 1172351K->962972K(1546688K), 0.0085770 secs] [Times: user=0.03 sys=0.00, real=0.01 secs] 
122140.290: [GC 122140.290: [ParNew: 210893K->736K(235968K), 0.0107410 secs] 1172685K->962577K(1546688K), 0.0109680 secs] [Times: user=0.03 sys=0.00, real=0.01 secs] 
122159.430: [GC 122159.430: [ParNew: 210432K->1059K(235968K), 0.0110000 secs] 1172273K->962959K(1546688K), 0.0112440 secs] [Times: user=0.03 sys=0.00, real=0.01 secs] 
122168.276: [GC 122168.276: [ParNew: 210826K->697K(235968K), 0.0083710 secs] 1172726K->962774K(1546688K), 0.0086050 secs] [Times: user=0.03 sys=0.00, real=0.01 secs] 
122182.181: [GC 122182.181: [ParNew: 210489K->1191K(235968K), 0.0199580 secs] 1172566K->963330K(1546688K), 0.0202550 secs] [Times: user=0.04 sys=0.00, real=0.02 secs] 
122194.401: [GC 122194.401: [ParNew: 210983K->774K(235968K), 0.0086270 secs] 1173122K->962963K(1546688K), 0.0088560 secs] [Times: user=0.03 sys=0.00, real=0.01 secs] 
122198.587: [GC 122198.588: [ParNew: 210516K->737K(235968K), 0.0100380 secs] 1172705K->962978K(1546688K), 0.0103020 secs] [Times: user=0.03 sys=0.00, real=0.01 secs] 
122219.434: [GC 122219.435: [ParNew: 210529K->881K(235968K), 0.0081130 secs] 1172770K->963177K(1546688K), 0.0083870 secs] [Times: user=0.03 sys=0.00, real=0.00 secs] 
122228.286: [GC 122228.286: [ParNew: 210673K->788K(235968K), 0.0060130 secs] 1172969K->963139K(1546688K), 0.0063160 secs] [Times: user=0.03 sys=0.00, real=0.01 secs] 
122242.214: [GC 122242.214: [ParNew: 210580K->1215K(235968K), 0.0093940 secs] 1172931K->963618K(1546688K), 0.0096760 secs] [Times: user=0.02 sys=0.00, real=0.01 secs] 
122254.420: [GC 122254.420: [ParNew: 211004K->840K(235968K), 0.0078440 secs] 1173406K->963297K(1546688K), 0.0081050 secs] [Times: user=0.03 sys=0.00, real=0.01 secs] 
122260.289: [GC 122260.289: [ParNew: 210632K->814K(235968K), 0.0083080 secs] 1173089K->963321K(1546688K), 0.0085640 secs] [Times: user=0.03 sys=0.00, real=0.01 secs] 
122279.453: [GC 122279.453: [ParNew: 210596K->1122K(235968K), 0.0081890 secs] 1173102K->963799K(1546688K), 0.0084230 secs] [Times: user=0.04 sys=0.00, real=0.01 secs] 
122288.310: [GC 122288.311: [ParNew: 210914K->953K(235968K), 0.0058630 secs] 1173591K->963710K(1546688K), 0.0061000 secs] [Times: user=0.03 sys=0.00, real=0.01 secs] 
122302.253: [GC 122302.254: [ParNew: 210680K->1059K(235968K), 0.0100320 secs] 1173437K->963860K(1546688K), 0.0103070 secs] [Times: user=0.03 sys=0.00, real=0.01 secs] 
122315.042: [GC 122315.043: [ParNew: 210818K->815K(235968K), 0.0062230 secs] 1173619K->963666K(1546688K), 0.0064540 secs] [Times: user=0.04 sys=0.00, real=0.01 secs] 
122321.641: [GC 122321.641: [ParNew: 210607K->930K(235968K), 0.0075000 secs] 1173458K->963844K(1546688K), 0.0077460 secs] [Times: user=0.04 sys=0.01, real=0.01 secs] 
122339.471: [GC 122339.471: [ParNew: 210722K->1075K(235968K), 0.0071550 secs] 1173636K->964043K(1546688K), 0.0074580 secs] [Times: user=0.03 sys=0.00, real=0.01 secs] 
122348.322: [GC 122348.323: [ParNew: 210867K->1294K(235968K), 0.0079570 secs] 1173835K->964315K(1546688K), 0.0082410 secs] [Times: user=0.04 sys=0.00, real=0.01 secs] 
122355.660: [GC 122355.660: [ParNew: 211086K->1546K(235968K), 0.0177590 secs] 1174107K->964630K(1546688K), 0.0180030 secs] [Times: user=0.06 sys=0.00, real=0.02 secs] 
122374.411: [GC 122374.411: [ParNew: 211338K->2245K(235968K), 0.0080770 secs] 1174422K->965378K(1546688K), 0.0083830 secs] [Times: user=0.04 sys=0.00, real=0.01 secs] 
122378.611: [GC 122378.611: [ParNew: 212037K->2160K(235968K), 0.0099780 secs] 1175170K->965574K(1546688K), 0.0102540 secs] [Times: user=0.04 sys=0.00, real=0.01 secs] 
122395.360: [GC 122395.360: [ParNew: 211952K->1820K(235968K), 0.0069460 secs] 1175366K->965433K(1546688K), 0.0072320 secs] [Times: user=0.04 sys=0.00, real=0.01 secs] 
122408.299: [GC 122408.299: [ParNew: 211612K->2037K(235968K), 0.0087360 secs] 1175225K->965943K(1546688K), 0.0090400 secs] [Times: user=0.04 sys=0.00, real=0.01 secs] 
122422.239: [GC 122422.239: [ParNew: 211825K->838K(235968K), 0.0155780 secs] 1175731K->965157K(1546688K), 0.0158680 secs] [Times: user=0.05 sys=0.00, real=0.02 secs] 
122434.432: [GC 122434.432: [ParNew: 210630K->1077K(235968K), 0.0084120 secs] 1174949K->965521K(1546688K), 0.0087020 secs] [Times: user=0.04 sys=0.00, real=0.01 secs] 
122440.302: [GC 122440.302: [ParNew: 210869K->1026K(235968K), 0.0075100 secs] 1175313K->965612K(1546688K), 0.0078240 secs] [Times: user=0.03 sys=0.00, real=0.01 secs] 
122459.465: [GC 122459.465: [ParNew: 210818K->1219K(235968K), 0.0052960 secs] 1175404K->965852K(1546688K), 0.0055240 secs] [Times: user=0.03 sys=0.01, real=0.01 secs] 
122468.331: [GC 122468.331: [ParNew: 210949K->764K(235968K), 0.0058810 secs] 1175581K->965438K(1546688K), 0.0061250 secs] [Times: user=0.03 sys=0.00, real=0.01 secs] 
122482.281: [GC 122482.282: [ParNew: 210556K->883K(235968K), 0.0108690 secs] 1175230K->965600K(1546688K), 0.0111540 secs] [Times: user=0.03 sys=0.01, real=0.02 secs] 
122494.441: [GC 122494.441: [ParNew: 210675K->1193K(235968K), 0.0133630 secs] 1175392K->965972K(1546688K), 0.0136470 secs] [Times: user=0.03 sys=0.00, real=0.01 secs] 
122500.317: [GC 122500.317: [ParNew: 210972K->919K(235968K), 0.0111120 secs] 1175751K->965862K(1546688K), 0.0113490 secs] [Times: user=0.03 sys=0.00, real=0.01 secs] 
122517.366: [GC 122517.366: [ParNew: 210711K->985K(235968K), 0.0081110 secs] 1175654K->965984K(1546688K), 0.0083990 secs] [Times: user=0.03 sys=0.00, real=0.01 secs] 
122528.334: [GC 122528.334: [ParNew: 210777K->1001K(235968K), 0.0062600 secs] 1175776K->966054K(1546688K), 0.0065440 secs] [Times: user=0.03 sys=0.01, real=0.01 secs] 
122542.287: [GC 122542.287: [ParNew: 210793K->971K(235968K), 0.0174630 secs] 1175846K->966069K(1546688K), 0.0177290 secs] [Times: user=0.04 sys=0.00, real=0.02 secs] 
122554.458: [GC 122554.458: [ParNew: 210763K->1100K(235968K), 0.0088240 secs] 1175861K->966269K(1546688K), 0.0090990 secs] [Times: user=0.03 sys=0.00, real=0.01 secs] 
122560.327: [GC 122560.327: [ParNew: 210878K->944K(235968K), 0.0070030 secs] 1176047K->966271K(1546688K), 0.0072760 secs] [Times: user=0.03 sys=0.00, real=0.01 secs] 
122579.498: [GC 122579.498: [ParNew: 210736K->904K(235968K), 0.0161490 secs] 1176063K->966288K(1546688K), 0.0163700 secs] [Times: user=0.06 sys=0.00, real=0.01 secs] 
122588.365: [GC 122588.365: [ParNew: 210696K->1459K(235968K), 0.0102080 secs] 1176080K->966968K(1546688K), 0.0104630 secs] [Times: user=0.03 sys=0.00, real=0.02 secs] 
122602.326: [GC 122602.326: [ParNew: 211251K->1501K(235968K), 0.0137520 secs] 1176760K->967053K(1546688K), 0.0139790 secs] [Times: user=0.03 sys=0.00, real=0.01 secs] 
122614.445: [GC 122614.445: [ParNew: 211270K->2136K(235968K), 0.0106570 secs] 1176822K->967752K(1546688K), 0.0108790 secs] [Times: user=0.04 sys=0.00, real=0.01 secs] 
122618.647: [GC 122618.647: [ParNew: 211928K->1693K(235968K), 0.0095790 secs] 1177544K->967518K(1546688K), 0.0098700 secs] [Times: user=0.04 sys=0.00, real=0.01 secs] 
122631.574: [GC 122631.575: [ParNew: 211485K->2152K(235968K), 0.0189820 secs] 1177310K->968167K(1546688K), 0.0192630 secs] [Times: user=0.06 sys=0.00, real=0.02 secs] 
122647.444: [GC 122647.444: [ParNew: 211944K->1956K(235968K), 0.0098210 secs] 1177959K->968209K(1546688K), 0.0100920 secs] [Times: user=0.04 sys=0.01, real=0.01 secs] 
122653.750: [GC 122653.751: [ParNew: 211748K->2016K(235968K), 0.0106670 secs] 1178001K->968527K(1546688K), 0.0109240 secs] [Times: user=0.04 sys=0.00, real=0.01 secs] 
122673.999: [GC 122673.999: [ParNew: 211808K->1588K(235968K), 0.0105110 secs] 1178319K->968227K(1546688K), 0.0107580 secs] [Times: user=0.03 sys=0.00, real=0.01 secs] 
122678.638: [GC 122678.638: [ParNew: 211349K->1018K(235968K), 0.0151050 secs] 1177988K->967955K(1546688K), 0.0154100 secs] [Times: user=0.03 sys=0.00, real=0.02 secs] 
122691.584: [GC 122691.584: [ParNew: 210759K->1115K(235968K), 0.0103900 secs] 1177696K->968139K(1546688K), 0.0106770 secs] [Times: user=0.03 sys=0.00, real=0.01 secs] 
122707.444: [GC 122707.444: [ParNew: 210900K->1033K(235968K), 0.0087840 secs] 1177924K->968113K(1546688K), 0.0090330 secs] [Times: user=0.03 sys=0.00, real=0.01 secs] 
122713.763: [GC 122713.763: [ParNew: 210825K->886K(235968K), 0.0103690 secs] 1177905K->968020K(1546688K), 0.0106320 secs] [Times: user=0.03 sys=0.00, real=0.01 secs] 
122733.995: [GC 122733.995: [ParNew: 210678K->1015K(235968K), 0.0111500 secs] 1177812K->968210K(1546688K), 0.0114320 secs] [Times: user=0.03 sys=0.00, real=0.01 secs] 
122735.958: [GC 122735.958: [ParNew: 210788K->1132K(235968K), 0.0096000 secs] 1177983K->968378K(1546688K), 0.0098370 secs] [Times: user=0.03 sys=0.00, real=0.01 secs] 
122751.568: [GC 122751.568: [ParNew: 210924K->1040K(235968K), 0.0305150 secs] 1178170K->968339K(1546688K), 0.0308190 secs] [Times: user=0.12 sys=0.00, real=0.03 secs] 
122767.436: [GC 122767.436: [ParNew: 210832K->1184K(235968K), 0.0098150 secs] 1178131K->968536K(1546688K), 0.0101120 secs] [Times: user=0.03 sys=0.01, real=0.01 secs] 
122773.755: [GC 122773.755: [ParNew: 210974K->1150K(235968K), 0.0063720 secs] 1178327K->968680K(1546688K), 0.0066560 secs] [Times: user=0.04 sys=0.00, real=0.01 secs] 
122794.008: [GC 122794.008: [ParNew: 210873K->955K(235968K), 0.0063380 secs] 1178403K->968536K(1546688K), 0.0066050 secs] [Times: user=0.03 sys=0.00, real=0.01 secs] 
122797.023: [GC 122797.023: [ParNew: 210747K->582K(235968K), 0.0067610 secs] 1178328K->968216K(1546688K), 0.0070260 secs] [Times: user=0.03 sys=0.00, real=0.01 secs] 
122811.628: [GC 122811.628: [ParNew: 210374K->826K(235968K), 0.0069120 secs] 1178008K->968511K(1546688K), 0.0072220 secs] [Times: user=0.03 sys=0.00, real=0.01 secs] 
122827.461: [GC 122827.462: [ParNew: 210618K->749K(235968K), 0.0057610 secs] 1178303K->968499K(1546688K), 0.0059490 secs] [Times: user=0.03 sys=0.00, real=0.00 secs] 
122833.796: [GC 122833.796: [ParNew: 210541K->853K(235968K), 0.0069310 secs] 1178291K->968653K(1546688K), 0.0072050 secs] [Times: user=0.03 sys=0.00, real=0.01 secs] 
122854.464: [GC 122854.464: [ParNew: 210628K->997K(235968K), 0.0071790 secs] 1178427K->968845K(1546688K), 0.0074740 secs] [Times: user=0.03 sys=0.00, real=0.00 secs] 
122858.703: [GC 122858.704: [ParNew: 210789K->628K(235968K), 0.0076760 secs] 1178637K->968530K(1546688K), 0.0079610 secs] [Times: user=0.03 sys=0.00, real=0.00 secs] 
122871.660: [GC 122871.660: [ParNew: 210420K->800K(235968K), 0.0157570 secs] 1178322K->968751K(1546688K), 0.0159460 secs] [Times: user=0.03 sys=0.00, real=0.02 secs] 
122887.589: [GC 122887.589: [ParNew: 210592K->1004K(235968K), 0.0133080 secs] 1178543K->969009K(1546688K), 0.0136060 secs] [Times: user=0.03 sys=0.00, real=0.01 secs] 
122893.797: [GC 122893.797: [ParNew: 210796K->921K(235968K), 0.0050950 secs] 1178801K->968990K(1546688K), 0.0053990 secs] [Times: user=0.03 sys=0.00, real=0.01 secs] 
122914.017: [GC 122914.017: [ParNew: 210713K->911K(235968K), 0.0050790 secs] 1178782K->969028K(1546688K), 0.0053670 secs] [Times: user=0.03 sys=0.00, real=0.00 secs] 
122915.991: [GC 122915.991: [ParNew: 210703K->943K(235968K), 0.0050500 secs] 1178820K->969206K(1546688K), 0.0053270 secs] [Times: user=0.03 sys=0.01, real=0.01 secs] 
122929.637: [GC 122929.638: [ParNew: 210735K->631K(235968K), 0.0051440 secs] 1178998K->968943K(1546688K), 0.0054250 secs] [Times: user=0.04 sys=0.01, real=0.01 secs] 
122947.585: [GC 122947.585: [ParNew: 210423K->1395K(235968K), 0.0071950 secs] 1178735K->969761K(1546688K), 0.0074850 secs] [Times: user=0.03 sys=0.00, real=0.01 secs] 
122953.795: [GC 122953.795: [ParNew: 211187K->1342K(235968K), 0.0084860 secs] 1179553K->969808K(1546688K), 0.0087800 secs] [Times: user=0.03 sys=0.00, real=0.01 secs] 
122974.035: [GC 122974.036: [ParNew: 211134K->902K(235968K), 0.0056180 secs] 1179600K->969416K(1546688K), 0.0058850 secs] [Times: user=0.03 sys=0.00, real=0.00 secs] 
122976.456: [GC 122976.456: [ParNew: 210694K->759K(235968K), 0.0050080 secs] 1179208K->969317K(1546688K), 0.0052760 secs] [Times: user=0.04 sys=0.00, real=0.00 secs] 
122991.675: [GC 122991.675: [ParNew: 210551K->868K(235968K), 0.0156930 secs] 1179109K->969468K(1546688K), 0.0160300 secs] [Times: user=0.06 sys=0.00, real=0.01 secs] 
123007.609: [GC 123007.609: [ParNew: 210660K->999K(235968K), 0.0052520 secs] 1179260K->969654K(1546688K), 0.0055820 secs] [Times: user=0.03 sys=0.00, real=0.01 secs] 
123013.826: [GC 123013.826: [ParNew: 210783K->1125K(235968K), 0.0119980 secs] 1179438K->969829K(1546688K), 0.0122930 secs] [Times: user=0.04 sys=0.00, real=0.01 secs] 
123034.056: [GC 123034.056: [ParNew: 210884K->1132K(235968K), 0.0056920 secs] 1179589K->969920K(1546688K), 0.0059920 secs] [Times: user=0.03 sys=0.00, real=0.00 secs] 
123038.722: [GC 123038.722: [ParNew: 210924K->916K(235968K), 0.0259210 secs] 1179712K->969756K(1546688K), 0.0261510 secs] [Times: user=0.03 sys=0.00, real=0.03 secs] 
123051.701: [GC 123051.701: [ParNew: 210680K->1031K(235968K), 0.0126200 secs] 1179520K->969926K(1546688K), 0.0129150 secs] [Times: user=0.03 sys=0.00, real=0.02 secs] 
123067.638: [GC 123067.639: [ParNew: 210823K->846K(235968K), 0.0104720 secs] 1179718K->969796K(1546688K), 0.0107280 secs] [Times: user=0.03 sys=0.00, real=0.01 secs] 
123073.844: [GC 123073.844: [ParNew: 210576K->1092K(235968K), 0.0102470 secs] 1179526K->970091K(1546688K), 0.0104390 secs] [Times: user=0.03 sys=0.00, real=0.01 secs] 
123094.044: [GC 123094.044: [ParNew: 210884K->1217K(235968K), 0.0052880 secs] 1179883K->970278K(1546688K), 0.0056050 secs] [Times: user=0.04 sys=0.00, real=0.01 secs] 
123096.035: [GC 123096.035: [ParNew: 211009K->1023K(235968K), 0.0140880 secs] 1180070K->970133K(1546688K), 0.0143850 secs] [Times: user=0.04 sys=0.00, real=0.02 secs] 
123111.703: [GC 123111.703: [ParNew: 210815K->943K(235968K), 0.0085050 secs] 1179925K->970106K(1546688K), 0.0088190 secs] [Times: user=0.03 sys=0.00, real=0.01 secs] 
123127.646: [GC 123127.646: [ParNew: 210735K->764K(235968K), 0.0141020 secs] 1179898K->969982K(1546688K), 0.0143090 secs] [Times: user=0.02 sys=0.00, real=0.01 secs] 
123133.859: [GC 123133.860: [ParNew: 210556K->1049K(235968K), 0.0068030 secs] 1179774K->970394K(1546688K), 0.0070730 secs] [Times: user=0.03 sys=0.00, real=0.01 secs] 
123154.551: [GC 123154.552: [ParNew: 210841K->744K(235968K), 0.0073790 secs] 1180186K->970137K(1546688K), 0.0076900 secs] [Times: user=0.03 sys=0.00, real=0.01 secs] 
123158.753: [GC 123158.753: [ParNew: 210536K->1034K(235968K), 0.0253350 secs] 1179929K->970476K(1546688K), 0.0256040 secs] [Times: user=0.03 sys=0.00, real=0.03 secs] 
123176.568: [GC 123176.569: [ParNew: 210826K->812K(235968K), 0.0081300 secs] 1180268K->970303K(1546688K), 0.0084290 secs] [Times: user=0.03 sys=0.00, real=0.01 secs] 
123188.443: [GC 123188.443: [ParNew: 210604K->964K(235968K), 0.0141770 secs] 1180095K->970504K(1546688K), 0.0143850 secs] [Times: user=0.03 sys=0.00, real=0.01 secs] 
123202.441: [GC 123202.441: [ParNew: 210756K->681K(235968K), 0.0196160 secs] 1180296K->970288K(1546688K), 0.0198640 secs] [Times: user=0.03 sys=0.00, real=0.02 secs] 
123214.569: [GC 123214.569: [ParNew: 210440K->1094K(235968K), 0.0084510 secs] 1180046K->970749K(1546688K), 0.0086680 secs] [Times: user=0.03 sys=0.01, real=0.01 secs] 
123218.775: [GC 123218.775: [ParNew: 210835K->1008K(235968K), 0.0138120 secs] 1180490K->970713K(1546688K), 0.0141540 secs] [Times: user=0.04 sys=0.00, real=0.02 secs] 
123231.759: [GC 123231.759: [ParNew: 210765K->674K(235968K), 0.0065410 secs] 1180470K->970523K(1546688K), 0.0068390 secs] [Times: user=0.03 sys=0.01, real=0.01 secs] 
123248.456: [GC 123248.457: [ParNew: 210466K->1314K(235968K), 0.0052690 secs] 1180315K->971210K(1546688K), 0.0056020 secs] [Times: user=0.04 sys=0.00, real=0.01 secs] 
123262.450: [GC 123262.450: [ParNew: 211106K->1059K(235968K), 0.0151380 secs] 1181002K->971012K(1546688K), 0.0155370 secs] [Times: user=0.05 sys=0.00, real=0.01 secs] 
123274.595: [GC 123274.595: [ParNew: 210805K->1011K(235968K), 0.0085700 secs] 1180759K->971013K(1546688K), 0.0088480 secs] [Times: user=0.03 sys=0.00, real=0.01 secs] 
123280.408: [GC 123280.408: [ParNew: 210803K->695K(235968K), 0.0085700 secs] 1180805K->970751K(1546688K), 0.0095780 secs] [Times: user=0.03 sys=0.00, real=0.01 secs] 
123294.176: [GC 123294.176: [ParNew: 210487K->843K(235968K), 0.0072020 secs] 1180543K->970961K(1546688K), 0.0074820 secs] [Times: user=0.03 sys=0.00, real=0.00 secs] 
123308.461: [GC 123308.461: [ParNew: 210635K->992K(235968K), 0.0070760 secs] 1180753K->971157K(1546688K), 0.0073600 secs] [Times: user=0.03 sys=0.00, real=0.01 secs] 
123322.475: [GC 123322.476: [ParNew: 210754K->702K(235968K), 0.0125060 secs] 1180919K->970928K(1546688K), 0.0128130 secs] [Times: user=0.03 sys=0.00, real=0.01 secs] 
123334.596: [GC 123334.597: [ParNew: 210434K->589K(235968K), 0.0108130 secs] 1180661K->970865K(1546688K), 0.0110820 secs] [Times: user=0.03 sys=0.00, real=0.01 secs] 
123340.426: [GC 123340.426: [ParNew: 210381K->836K(235968K), 0.0068860 secs] 1180657K->971157K(1546688K), 0.0071920 secs] [Times: user=0.03 sys=0.00, real=0.01 secs] 
123359.596: [GC 123359.597: [ParNew: 210628K->712K(235968K), 0.0059840 secs] 1180949K->971077K(1546688K), 0.0062750 secs] [Times: user=0.03 sys=0.00, real=0.00 secs] 
123368.497: [GC 123368.497: [ParNew: 210491K->948K(235968K), 0.0083420 secs] 1180857K->971355K(1546688K), 0.0087760 secs] [Times: user=0.03 sys=0.00, real=0.01 secs] 
123382.618: [GC 123382.618: [ParNew: 210740K->733K(235968K), 0.0100330 secs] 1181147K->971191K(1546688K), 0.0103250 secs] [Times: user=0.03 sys=0.00, real=0.01 secs] 
123395.249: [GC 123395.249: [ParNew: 210525K->1117K(235968K), 0.0082460 secs] 1180983K->971626K(1546688K), 0.0084780 secs] [Times: user=0.03 sys=0.00, real=0.01 secs] 
123400.464: [GC 123400.464: [ParNew: 210909K->781K(235968K), 0.0074380 secs] 1181418K->971339K(1546688K), 0.0077060 secs] [Times: user=0.03 sys=0.00, real=0.01 secs] 
123426.005: [GC 123426.005: [ParNew: 210573K->722K(235968K), 0.0060280 secs] 1181131K->971334K(1546688K), 0.0063170 secs] [Times: user=0.04 sys=0.00, real=0.00 secs] 
123432.072: [GC 123432.072: [ParNew: 210477K->1345K(235968K), 0.0106110 secs] 1181089K->972006K(1546688K), 0.0109220 secs] [Times: user=0.03 sys=0.00, real=0.01 secs] 
123444.567: [GC 123444.567: [ParNew: 211134K->640K(235968K), 0.0098670 secs] 1181795K->971363K(1546688K), 0.0101360 secs] [Times: user=0.03 sys=0.00, real=0.01 secs] 
123454.607: [GC 123454.607: [ParNew: 210418K->1171K(235968K), 0.0076240 secs] 1181141K->971938K(1546688K), 0.0079120 secs] [Times: user=0.03 sys=0.00, real=0.01 secs] 
123459.519: [GC 123459.519: [ParNew: 210963K->917K(235968K), 0.0088810 secs] 1181730K->971737K(1546688K), 0.0091420 secs] [Times: user=0.03 sys=0.00, real=0.00 secs] 
123479.598: [GC 123479.598: [ParNew: 210709K->1416K(235968K), 0.0059010 secs] 1181529K->972299K(1546688K), 0.0061770 secs] [Times: user=0.04 sys=0.00, real=0.00 secs] 
123488.510: [GC 123488.510: [ParNew: 211180K->1189K(235968K), 0.0050410 secs] 1182063K->972116K(1546688K), 0.0053220 secs] [Times: user=0.03 sys=0.00, real=0.01 secs] 
123502.642: [GC 123502.643: [ParNew: 210981K->819K(235968K), 0.0052460 secs] 1181908K->972002K(1546688K), 0.0055580 secs] [Times: user=0.03 sys=0.00, real=0.00 secs] 
123514.626: [GC 123514.627: [ParNew: 210592K->804K(235968K), 0.0099370 secs] 1181775K->972036K(1546688K), 0.0101410 secs] [Times: user=0.03 sys=0.00, real=0.01 secs] 
123520.449: [GC 123520.449: [ParNew: 210596K->999K(235968K), 0.0074510 secs] 1181828K->972297K(1546688K), 0.0077280 secs] [Times: user=0.03 sys=0.00, real=0.01 secs] 
123539.619: [GC 123539.619: [ParNew: 210791K->998K(235968K), 0.0068500 secs] 1182089K->972350K(1546688K), 0.0071170 secs] [Times: user=0.04 sys=0.00, real=0.01 secs] 
123548.529: [GC 123548.529: [ParNew: 210773K->801K(235968K), 0.0054530 secs] 1182125K->972208K(1546688K), 0.0057330 secs] [Times: user=0.03 sys=0.00, real=0.00 secs] 
123562.666: [GC 123562.666: [ParNew: 210579K->905K(235968K), 0.0049290 secs] 1181986K->972357K(1546688K), 0.0052060 secs] [Times: user=0.04 sys=0.00, real=0.00 secs] 
123575.284: [GC 123575.284: [ParNew: 210697K->1041K(235968K), 0.0051210 secs] 1182149K->972552K(1546688K), 0.0053940 secs] [Times: user=0.04 sys=0.00, real=0.00 secs] 
123580.586: [GC 123580.586: [ParNew: 210833K->1003K(235968K), 0.0179510 secs] 1182344K->972569K(1546688K), 0.0183060 secs] [Times: user=0.05 sys=0.00, real=0.02 secs] 
123599.645: [GC 123599.646: [ParNew: 210758K->1045K(235968K), 0.0080640 secs] 1182324K->972666K(1546688K), 0.0083090 secs] [Times: user=0.03 sys=0.00, real=0.01 secs] 
123608.552: [GC 123608.552: [ParNew: 210837K->973K(235968K), 0.0101100 secs] 1182458K->972648K(1546688K), 0.0103260 secs] [Times: user=0.03 sys=0.00, real=0.01 secs] 
123625.798: [GC 123625.798: [ParNew: 210765K->525K(235968K), 0.0098820 secs] 1182440K->972254K(1546688K), 0.0101850 secs] [Times: user=0.03 sys=0.00, real=0.01 secs] 
123635.311: [GC 123635.311: [ParNew: 210317K->833K(235968K), 0.0061400 secs] 1182046K->972606K(1546688K), 0.0064410 secs] [Times: user=0.03 sys=0.00, real=0.01 secs] 
123642.044: [GC 123642.044: [ParNew: 210621K->961K(235968K), 0.0064630 secs] 1182394K->972773K(1546688K), 0.0067400 secs] [Times: user=0.03 sys=0.00, real=0.01 secs] 
123666.058: [GC 123666.058: [ParNew: 210702K->1315K(235968K), 0.0075260 secs] 1182514K->973186K(1546688K), 0.0078150 secs] [Times: user=0.04 sys=0.00, real=0.00 secs] 
123672.129: [GC 123672.129: [ParNew: 211075K->789K(235968K), 0.0121500 secs] 1182946K->972697K(1546688K), 0.0123640 secs] [Times: user=0.03 sys=0.00, real=0.01 secs] 
123685.829: [GC 123685.829: [ParNew: 210515K->1202K(235968K), 0.0100760 secs] 1182423K->973160K(1546688K), 0.0103770 secs] [Times: user=0.03 sys=0.00, real=0.01 secs] 
123695.336: [GC 123695.336: [ParNew: 210994K->923K(235968K), 0.0074700 secs] 1182952K->972942K(1546688K), 0.0077690 secs] [Times: user=0.04 sys=0.00, real=0.01 secs] 
123702.074: [GC 123702.074: [ParNew: 210715K->1002K(235968K), 0.0086220 secs] 1182734K->973068K(1546688K), 0.0089130 secs] [Times: user=0.04 sys=0.00, real=0.01 secs] 
123726.095: [GC 123726.095: [ParNew: 210794K->754K(235968K), 0.0121550 secs] 1182860K->972874K(1546688K), 0.0123580 secs] [Times: user=0.04 sys=0.00, real=0.02 secs] 
123732.169: [GC 123732.170: [ParNew: 210540K->816K(235968K), 0.0093040 secs] 1182661K->972988K(1546688K), 0.0095810 secs] [Times: user=0.03 sys=0.00, real=0.01 secs] 
123745.867: [GC 123745.867: [ParNew: 210608K->905K(235968K), 0.0102260 secs] 1182780K->973125K(1546688K), 0.0104550 secs] [Times: user=0.03 sys=0.01, real=0.01 secs] 
123756.144: [GC 123756.144: [ParNew: 210697K->1059K(235968K), 0.0088410 secs] 1182917K->973329K(1546688K), 0.0091390 secs] [Times: user=0.04 sys=0.00, real=0.01 secs] 
123771.820: [GC 123771.820: [ParNew: 210851K->561K(235968K), 0.0210800 secs] 1183121K->972889K(1546688K), 0.0213950 secs] [Times: user=0.04 sys=0.00, real=0.03 secs] 
123787.746: [GC 123787.746: [ParNew: 210353K->969K(235968K), 0.0069350 secs] 1182681K->973346K(1546688K), 0.0072070 secs] [Times: user=0.03 sys=0.00, real=0.01 secs] 
123794.071: [GC 123794.071: [ParNew: 210761K->1250K(235968K), 0.0091090 secs] 1183138K->973712K(1546688K), 0.0093930 secs] [Times: user=0.04 sys=0.00, real=0.01 secs] 
123814.147: [GC 123814.148: [ParNew: 211042K->715K(235968K), 0.0053010 secs] 1183504K->973226K(1546688K), 0.0055790 secs] [Times: user=0.04 sys=0.00, real=0.00 secs] 
123816.171: [GC 123816.172: [ParNew: 210507K->759K(235968K), 0.0053300 secs] 1183018K->973319K(1546688K), 0.0055280 secs] [Times: user=0.03 sys=0.00, real=0.01 secs] 
123831.855: [GC 123831.855: [ParNew: 210536K->788K(235968K), 0.0128830 secs] 1183095K->973406K(1546688K), 0.0132280 secs] [Times: user=0.03 sys=0.00, real=0.01 secs] 
123847.756: [GC 123847.756: [ParNew: 210580K->1108K(235968K), 0.0132190 secs] 1183198K->973786K(1546688K), 0.0135160 secs] [Times: user=0.03 sys=0.00, real=0.02 secs] 
123854.084: [GC 123854.084: [ParNew: 210900K->876K(235968K), 0.0072010 secs] 1183578K->973603K(1546688K), 0.0074700 secs] [Times: user=0.03 sys=0.00, real=0.01 secs] 
123874.144: [GC 123874.144: [ParNew: 210646K->1207K(235968K), 0.0055980 secs] 1183373K->973985K(1546688K), 0.0058760 secs] [Times: user=0.03 sys=0.01, real=0.00 secs] 
123876.289: [GC 123876.289: [ParNew: 210999K->823K(235968K), 0.0058010 secs] 1183777K->973664K(1546688K), 0.0060750 secs] [Times: user=0.03 sys=0.00, real=0.01 secs] 
123891.863: [GC 123891.865: [ParNew: 210614K->766K(235968K), 0.0318520 secs] 1183454K->973671K(1546688K), 0.0340880 secs] [Times: user=0.06 sys=0.01, real=0.03 secs] 
123907.771: [GC 123907.771: [ParNew: 210558K->1219K(235968K), 0.0085460 secs] 1183463K->974189K(1546688K), 0.0088530 secs] [Times: user=0.04 sys=0.00, real=0.01 secs] 
123914.099: [GC 123914.099: [ParNew: 211011K->755K(235968K), 0.0078430 secs] 1183981K->973863K(1546688K), 0.0081390 secs] [Times: user=0.03 sys=0.00, real=0.00 secs] 
123934.153: [GC 123934.153: [ParNew: 210547K->1167K(235968K), 0.0062520 secs] 1183655K->974323K(1546688K), 0.0065500 secs] [Times: user=0.03 sys=0.00, real=0.01 secs] 
123936.297: [GC 123936.297: [ParNew: 210959K->1226K(235968K), 0.0081070 secs] 1184115K->974431K(1546688K), 0.0083850 secs] [Times: user=0.03 sys=0.01, real=0.01 secs] 
123946.276: [GC 123946.276: [ParNew: 211018K->852K(235968K), 0.0072200 secs] 1184223K->974126K(1546688K), 0.0074370 secs] [Times: user=0.03 sys=0.00, real=0.01 secs] 
123967.773: [GC 123967.773: [ParNew: 210644K->963K(235968K), 0.0066740 secs] 1183918K->974294K(1546688K), 0.0068950 secs] [Times: user=0.04 sys=0.00, real=0.01 secs] 
123974.101: [GC 123974.101: [ParNew: 210755K->1050K(235968K), 0.0065320 secs] 1184086K->974477K(1546688K), 0.0068050 secs] [Times: user=0.03 sys=0.00, real=0.00 secs] 
123994.167: [GC 123994.168: [ParNew: 210777K->1051K(235968K), 0.0050310 secs] 1184205K->974528K(1546688K), 0.0053350 secs] [Times: user=0.03 sys=0.00, real=0.00 secs] 
123996.309: [GC 123996.309: [ParNew: 210843K->1180K(235968K), 0.0050670 secs] 1184320K->974702K(1546688K), 0.0053350 secs] [Times: user=0.03 sys=0.00, real=0.00 secs] 
124011.906: [GC 124011.906: [ParNew: 210972K->919K(235968K), 0.0088040 secs] 1184494K->974494K(1546688K), 0.0091140 secs] [Times: user=0.03 sys=0.00, real=0.01 secs] 
124027.796: [GC 124027.796: [ParNew: 210694K->963K(235968K), 0.0104340 secs] 1184269K->974587K(1546688K), 0.0106960 secs] [Times: user=0.03 sys=0.00, real=0.01 secs] 
124034.128: [GC 124034.128: [ParNew: 210755K->825K(235968K), 0.0216070 secs] 1184379K->974499K(1546688K), 0.0218200 secs] [Times: user=0.10 sys=0.00, real=0.03 secs] 
124054.194: [GC 124054.194: [ParNew: 210577K->1039K(235968K), 0.0049530 secs] 1184251K->974769K(1546688K), 0.0052370 secs] [Times: user=0.03 sys=0.00, real=0.01 secs] 
124058.837: [GC 124058.837: [ParNew: 210831K->713K(235968K), 0.0050540 secs] 1184561K->974479K(1546688K), 0.0053210 secs] [Times: user=0.03 sys=0.00, real=0.00 secs] 
124071.963: [GC 124071.963: [ParNew: 210505K->875K(235968K), 0.0064600 secs] 1184271K->974690K(1546688K), 0.0067530 secs] [Times: user=0.04 sys=0.00, real=0.00 secs] 
124087.829: [GC 124087.829: [ParNew: 210588K->1065K(235968K), 0.0094520 secs] 1184404K->974934K(1546688K), 0.0097440 secs] [Times: user=0.03 sys=0.01, real=0.01 secs] 
124094.138: [GC 124094.138: [ParNew: 210857K->995K(235968K), 0.0079580 secs] 1184726K->974913K(1546688K), 0.0082280 secs] [Times: user=0.04 sys=0.00, real=0.01 secs] 
124114.204: [GC 124114.204: [ParNew: 210787K->733K(235968K), 0.0053960 secs] 1184705K->974713K(1546688K), 0.0056760 secs] [Times: user=0.04 sys=0.00, real=0.01 secs] 
124118.847: [GC 124118.847: [ParNew: 210507K->1095K(235968K), 0.0050420 secs] 1184487K->975123K(1546688K), 0.0053210 secs] [Times: user=0.04 sys=0.00, real=0.00 secs] 
124131.960: [GC 124131.960: [ParNew: 210887K->789K(235968K), 0.0095580 secs] 1184915K->974869K(1546688K), 0.0098540 secs] [Times: user=0.04 sys=0.00, real=0.01 secs] 
124147.825: [GC 124147.825: [ParNew: 210571K->874K(235968K), 0.0060600 secs] 1184651K->975008K(1546688K), 0.0062860 secs] [Times: user=0.04 sys=0.00, real=0.01 secs] 
124154.151: [GC 124154.151: [ParNew: 210632K->891K(235968K), 0.0078290 secs] 1184766K->975074K(1546688K), 0.0080760 secs] [Times: user=0.04 sys=0.00, real=0.00 secs] 
124174.203: [GC 124174.203: [ParNew: 210605K->1144K(235968K), 0.0100000 secs] 1184788K->975390K(1546688K), 0.0102520 secs] [Times: user=0.03 sys=0.01, real=0.01 secs] 
124178.849: [GC 124178.849: [ParNew: 210936K->887K(235968K), 0.0081240 secs] 1185182K->975187K(1546688K), 0.0084010 secs] [Times: user=0.03 sys=0.00, real=0.01 secs] 
124191.992: [GC 124191.993: [ParNew: 210679K->1016K(235968K), 0.0060910 secs] 1184979K->975365K(1546688K), 0.0063500 secs] [Times: user=0.04 sys=0.00, real=0.01 secs] 
124208.617: [GC 124208.618: [ParNew: 210808K->704K(235968K), 0.0050000 secs] 1185157K->975113K(1546688K), 0.0052640 secs] [Times: user=0.04 sys=0.00, real=0.01 secs] 
124222.771: [GC 124222.771: [ParNew: 210496K->769K(235968K), 0.0055080 secs] 1184905K->975231K(1546688K), 0.0057700 secs] [Times: user=0.03 sys=0.00, real=0.00 secs] 
124234.714: [GC 124234.714: [ParNew: 210480K->941K(235968K), 0.0068950 secs] 1184942K->975452K(1546688K), 0.0071850 secs] [Times: user=0.03 sys=0.00, real=0.01 secs] 
124240.537: [GC 124240.537: [ParNew: 210731K->980K(235968K), 0.0061060 secs] 1185242K->975540K(1546688K), 0.0063920 secs] [Times: user=0.04 sys=0.00, real=0.00 secs] 
124259.709: [GC 124259.710: [ParNew: 210772K->850K(235968K), 0.0061630 secs] 1185332K->975453K(1546688K), 0.0064410 secs] [Times: user=0.03 sys=0.00, real=0.01 secs] 
124268.652: [GC 124268.652: [ParNew: 210642K->971K(235968K), 0.0090920 secs] 1185245K->975615K(1546688K), 0.0092850 secs] [Times: user=0.03 sys=0.00, real=0.01 secs] 
124282.789: [GC 124282.789: [ParNew: 210736K->872K(235968K), 0.0066890 secs] 1185380K->975572K(1546688K), 0.0069800 secs] [Times: user=0.03 sys=0.00, real=0.01 secs] 
124294.723: [GC 124294.723: [ParNew: 210610K->844K(235968K), 0.0060460 secs] 1185310K->975606K(1546688K), 0.0062920 secs] [Times: user=0.04 sys=0.00, real=0.01 secs] 
124300.545: [GC 124300.545: [ParNew: 210636K->870K(235968K), 0.0050100 secs] 1185398K->975689K(1546688K), 0.0052800 secs] [Times: user=0.03 sys=0.00, real=0.01 secs] 
124319.716: [GC 124319.716: [ParNew: 210612K->968K(235968K), 0.0052390 secs] 1185432K->975841K(1546688K), 0.0055450 secs] [Times: user=0.04 sys=0.00, real=0.00 secs] 
124328.650: [GC 124328.650: [ParNew: 210760K->1188K(235968K), 0.0051750 secs] 1185633K->976269K(1546688K), 0.0054560 secs] [Times: user=0.03 sys=0.00, real=0.01 secs] 
124342.796: [GC 124342.796: [ParNew: 210963K->835K(235968K), 0.0056130 secs] 1186044K->975974K(1546688K), 0.0058840 secs] [Times: user=0.03 sys=0.00, real=0.01 secs] 
124350.773: [GC 124350.773: [ParNew: 210627K->969K(235968K), 0.0154490 secs] 1185766K->976181K(1546688K), 0.0157340 secs] [Times: user=0.03 sys=0.00, real=0.02 secs] 
124356.374: [GC 124356.374: [ParNew: 210711K->1012K(235968K), 0.0069780 secs] 1185923K->976274K(1546688K), 0.0072000 secs] [Times: user=0.03 sys=0.00, real=0.01 secs] 
124371.978: [GC 124371.978: [ParNew: 210755K->734K(235968K), 0.0287180 secs] 1186018K->976052K(1546688K), 0.0290150 secs] [Times: user=0.06 sys=0.00, real=0.03 secs] 
124387.856: [GC 124387.856: [ParNew: 210526K->739K(235968K), 0.0082690 secs] 1185844K->976103K(1546688K), 0.0085460 secs] [Times: user=0.04 sys=0.00, real=0.01 secs] 
124394.178: [GC 124394.178: [ParNew: 210483K->1150K(235968K), 0.0065440 secs] 1185847K->976546K(1546688K), 0.0068570 secs] [Times: user=0.03 sys=0.00, real=0.01 secs] 
124414.225: [GC 124414.225: [ParNew: 210869K->829K(235968K), 0.0053920 secs] 1186265K->976280K(1546688K), 0.0056990 secs] [Times: user=0.03 sys=0.00, real=0.01 secs] 
124416.394: [GC 124416.394: [ParNew: 210571K->914K(235968K), 0.0078100 secs] 1186022K->976542K(1546688K), 0.0080040 secs] [Times: user=0.03 sys=0.00, real=0.01 secs] 
124432.117: [GC 124432.117: [ParNew: 210706K->772K(235968K), 0.0072390 secs] 1186334K->976447K(1546688K), 0.0074870 secs] [Times: user=0.03 sys=0.00, real=0.00 secs] 
124447.889: [GC 124447.889: [ParNew: 210543K->795K(235968K), 0.0067370 secs] 1186218K->976524K(1546688K), 0.0070390 secs] [Times: user=0.03 sys=0.00, real=0.01 secs] 
124454.203: [GC 124454.203: [ParNew: 210587K->966K(235968K), 0.0059480 secs] 1186316K->976752K(1546688K), 0.0062000 secs] [Times: user=0.04 sys=0.00, real=0.00 secs] 
124474.727: [GC 124474.728: [ParNew: 210721K->793K(235968K), 0.0054700 secs] 1186507K->976620K(1546688K), 0.0057600 secs] [Times: user=0.03 sys=0.00, real=0.01 secs] 
124478.908: [GC 124478.908: [ParNew: 210513K->893K(235968K), 0.0090120 secs] 1186341K->976770K(1546688K), 0.0092100 secs] [Times: user=0.03 sys=0.01, real=0.01 secs] 
124494.042: [GC 124494.042: [ParNew: 210685K->746K(235968K), 0.0071530 secs] 1186562K->976672K(1546688K), 0.0074280 secs] [Times: user=0.04 sys=0.00, real=0.01 secs] 
124508.673: [GC 124508.673: [ParNew: 210538K->1123K(235968K), 0.0180190 secs] 1186464K->977102K(1546688K), 0.0182750 secs] [Times: user=0.03 sys=0.00, real=0.02 secs] 
124519.131: [GC 124519.131: [ParNew: 210915K->1105K(235968K), 0.0141290 secs] 1186894K->977149K(1546688K), 0.0144070 secs] [Times: user=0.03 sys=0.00, real=0.02 secs] 
124534.264: [GC 124534.264: [ParNew: 210832K->1152K(235968K), 0.0087740 secs] 1186875K->977244K(1546688K), 0.0090630 secs] [Times: user=0.03 sys=0.00, real=0.01 secs] 
124538.893: [GC 124538.893: [ParNew: 210944K->1002K(235968K), 0.0104330 secs] 1187036K->977143K(1546688K), 0.0106230 secs] [Times: user=0.03 sys=0.01, real=0.01 secs] 
124552.162: [GC 124552.162: [ParNew: 210792K->1199K(235968K), 0.0062310 secs] 1186933K->977400K(1546688K), 0.0065210 secs] [Times: user=0.03 sys=0.00, real=0.01 secs] 
124567.892: [GC 124567.892: [ParNew: 210991K->1194K(235968K), 0.0071200 secs] 1187192K->977446K(1546688K), 0.0074040 secs] [Times: user=0.04 sys=0.00, real=0.01 secs] 
124574.209: [GC 124574.209: [ParNew: 210986K->1400K(235968K), 0.0093950 secs] 1187238K->977706K(1546688K), 0.0096240 secs] [Times: user=0.03 sys=0.00, real=0.01 secs] 
124594.265: [GC 124594.265: [ParNew: 211192K->1205K(235968K), 0.0085390 secs] 1187498K->977573K(1546688K), 0.0088350 secs] [Times: user=0.03 sys=0.00, real=0.01 secs] 
124598.898: [GC 124598.899: [ParNew: 210993K->978K(235968K), 0.0054480 secs] 1187360K->977394K(1546688K), 0.0057430 secs] [Times: user=0.03 sys=0.00, real=0.01 secs] 
124612.167: [GC 124612.168: [ParNew: 210770K->1167K(235968K), 0.0078180 secs] 1187186K->977645K(1546688K), 0.0080330 secs] [Times: user=0.03 sys=0.00, real=0.01 secs] 
124627.920: [GC 124627.920: [ParNew: 210959K->1274K(235968K), 0.0167440 secs] 1187437K->977946K(1546688K), 0.0169700 secs] [Times: user=0.04 sys=0.00, real=0.02 secs] 
124634.242: [GC 124634.242: [ParNew: 211066K->1050K(235968K), 0.0067870 secs] 1187738K->977793K(1546688K), 0.0070660 secs] [Times: user=0.03 sys=0.01, real=0.01 secs] 
124654.274: [GC 124654.274: [ParNew: 210842K->802K(235968K), 0.0093900 secs] 1187585K->977607K(1546688K), 0.0097320 secs] [Times: user=0.03 sys=0.00, real=0.01 secs] 
124658.908: [GC 124658.908: [ParNew: 210594K->1133K(235968K), 0.0118470 secs] 1187399K->977986K(1546688K), 0.0121440 secs] [Times: user=0.04 sys=0.00, real=0.01 secs] 
124672.180: [GC 124672.180: [ParNew: 210925K->963K(235968K), 0.0132540 secs] 1187778K->977866K(1546688K), 0.0135280 secs] [Times: user=0.05 sys=0.00, real=0.01 secs] 
124687.946: [GC 124687.946: [ParNew: 210755K->836K(235968K), 0.0103080 secs] 1187658K->977794K(1546688K), 0.0106140 secs] [Times: user=0.04 sys=0.00, real=0.02 secs] 
124697.363: [GC 124697.364: [ParNew: 210628K->558K(235968K), 0.0103660 secs] 1187586K->977565K(1546688K), 0.0105640 secs] [Times: user=0.03 sys=0.00, real=0.01 secs] 
124714.771: [GC 124714.771: [ParNew: 210350K->793K(235968K), 0.0084610 secs] 1187357K->977856K(1546688K), 0.0087370 secs] [Times: user=0.03 sys=0.01, real=0.01 secs] 
124720.597: [GC 124720.597: [ParNew: 210585K->707K(235968K), 0.0108400 secs] 1187648K->977824K(1546688K), 0.0111350 secs] [Times: user=0.03 sys=0.00, real=0.01 secs] 
124739.776: [GC 124739.776: [ParNew: 210386K->816K(235968K), 0.0072080 secs] 1187502K->977969K(1546688K), 0.0074610 secs] [Times: user=0.03 sys=0.00, real=0.01 secs] 
124748.736: [GC 124748.737: [ParNew: 210577K->849K(235968K), 0.0061030 secs] 1187730K->978038K(1546688K), 0.0063740 secs] [Times: user=0.03 sys=0.00, real=0.00 secs] 
124762.912: [GC 124762.912: [ParNew: 210641K->876K(235968K), 0.0062710 secs] 1187830K->978108K(1546688K), 0.0065650 secs] [Times: user=0.03 sys=0.00, real=0.01 secs] 
124775.507: [GC 124775.507: [ParNew: 210668K->848K(235968K), 0.0062730 secs] 1187900K->978142K(1546688K), 0.0065560 secs] [Times: user=0.03 sys=0.00, real=0.01 secs] 
124780.622: [GC 124780.622: [ParNew: 210620K->871K(235968K), 0.0077870 secs] 1187914K->978222K(1546688K), 0.0080780 secs] [Times: user=0.03 sys=0.01, real=0.00 secs] 
124799.795: [GC 124799.796: [ParNew: 210663K->787K(235968K), 0.0049480 secs] 1188014K->978193K(1546688K), 0.0052170 secs] [Times: user=0.04 sys=0.00, real=0.01 secs] 
124808.765: [GC 124808.765: [ParNew: 210492K->746K(235968K), 0.0062100 secs] 1187898K->978205K(1546688K), 0.0064920 secs] [Times: user=0.03 sys=0.01, real=0.01 secs] 
124826.025: [GC 124826.025: [ParNew: 210538K->806K(235968K), 0.0051560 secs] 1187997K->978315K(1546688K), 0.0054500 secs] [Times: user=0.03 sys=0.00, real=0.00 secs] 
124835.538: [GC 124835.539: [ParNew: 210598K->1075K(235968K), 0.0050710 secs] 1188107K->978714K(1546688K), 0.0053690 secs] [Times: user=0.04 sys=0.00, real=0.01 secs] 
124842.156: [GC 124842.156: [ParNew: 210867K->537K(235968K), 0.0232920 secs] 1188506K->978240K(1546688K), 0.0236290 secs] [Times: user=0.04 sys=0.00, real=0.02 secs] 
124863.897: [GC 124863.897: [ParNew: 210329K->696K(235968K), 0.0115350 secs] 1188032K->978458K(1546688K), 0.0118200 secs] [Times: user=0.03 sys=0.00, real=0.02 secs] 
124872.339: [GC 124872.339: [ParNew: 210441K->1025K(235968K), 0.0117940 secs] 1188202K->978846K(1546688K), 0.0120850 secs] [Times: user=0.04 sys=0.00, real=0.01 secs] 
124886.044: [GC 124886.045: [ParNew: 210758K->742K(235968K), 0.0111030 secs] 1188579K->978675K(1546688K), 0.0113230 secs] [Times: user=0.03 sys=0.00, real=0.02 secs] 
124895.566: [GC 124895.566: [ParNew: 210534K->1002K(235968K), 0.0076740 secs] 1188467K->978978K(1546688K), 0.0078940 secs] [Times: user=0.03 sys=0.00, real=0.01 secs] 
124902.293: [GC 124902.293: [ParNew: 210794K->908K(235968K), 0.0081670 secs] 1188770K->979030K(1546688K), 0.0083710 secs] [Times: user=0.03 sys=0.00, real=0.00 secs] 
124926.324: [GC 124926.324: [ParNew: 210700K->1015K(235968K), 0.0060920 secs] 1188822K->979179K(1546688K), 0.0063930 secs] [Times: user=0.03 sys=0.00, real=0.01 secs] 
124932.383: [GC 124932.383: [ParNew: 210807K->935K(235968K), 0.0075240 secs] 1188971K->979142K(1546688K), 0.0077540 secs] [Times: user=0.03 sys=0.00, real=0.01 secs] 
124946.077: [GC 124946.078: [ParNew: 210727K->616K(235968K), 0.0082460 secs] 1188934K->978867K(1546688K), 0.0085200 secs] [Times: user=0.03 sys=0.00, real=0.01 secs] 
124956.460: [GC 124956.460: [ParNew: 210353K->1006K(235968K), 0.0081330 secs] 1188604K->979319K(1546688K), 0.0084230 secs] [Times: user=0.04 sys=0.00, real=0.01 secs] 
124962.314: [GC 124962.314: [ParNew: 210798K->1088K(235968K), 0.0093720 secs] 1189111K->979449K(1546688K), 0.0096660 secs] [Times: user=0.04 sys=0.00, real=0.01 secs] 
124986.347: [GC 124986.348: [ParNew: 210782K->1057K(235968K), 0.0086480 secs] 1189143K->979473K(1546688K), 0.0089340 secs] [Times: user=0.03 sys=0.00, real=0.01 secs] 
124994.288: [GC 124994.289: [ParNew: 210810K->914K(235968K), 0.0207150 secs] 1189226K->979384K(1546688K), 0.0211380 secs] [Times: user=0.03 sys=0.00, real=0.02 secs] 
125014.302: [GC 125014.302: [ParNew: 210706K->1109K(235968K), 0.0090360 secs] 1189176K->979635K(1546688K), 0.0096470 secs] [Times: user=0.03 sys=0.00, real=0.01 secs] 
125016.507: [GC 125016.507: [ParNew: 210901K->693K(235968K), 0.0109370 secs] 1189427K->979376K(1546688K), 0.0111710 secs] [Times: user=0.03 sys=0.00, real=0.01 secs] 
125032.240: [GC 125032.240: [ParNew: 210485K->756K(235968K), 0.0114560 secs] 1189168K->979483K(1546688K), 0.0117230 secs] [Times: user=0.02 sys=0.00, real=0.01 secs] 
125047.989: [GC 125047.989: [ParNew: 210502K->788K(235968K), 0.0080800 secs] 1189228K->979556K(1546688K), 0.0083110 secs] [Times: user=0.03 sys=0.00, real=0.01 secs] 
125054.297: [GC 125054.297: [ParNew: 210580K->1043K(235968K), 0.0085950 secs] 1189348K->979878K(1546688K), 0.0089240 secs] [Times: user=0.03 sys=0.00, real=0.01 secs] 
125072.591: [GC 125072.591: [ParNew: 210835K->784K(235968K), 0.0074270 secs] 1189670K->979669K(1546688K), 0.0076600 secs] [Times: user=0.03 sys=0.00, real=0.01 secs] 
125076.507: [GC 125076.507: [ParNew: 210576K->858K(235968K), 0.0100490 secs] 1189461K->979804K(1546688K), 0.0102710 secs] [Times: user=0.02 sys=0.01, real=0.01 secs] 
125084.478: [GC 125084.479: [ParNew: 210650K->1048K(235968K), 0.0087130 secs] 1189596K->980045K(1546688K), 0.0089870 secs] [Times: user=0.04 sys=0.00, real=0.01 secs] 
125106.491: [GC 125106.491: [ParNew: 210821K->1112K(235968K), 0.0135300 secs] 1189818K->980151K(1546688K), 0.0137620 secs] [Times: user=0.03 sys=0.00, real=0.01 secs] 
125112.440: [GC 125112.440: [ParNew: 210904K->955K(235968K), 0.0090180 secs] 1189943K->980050K(1546688K), 0.0092520 secs] [Times: user=0.03 sys=0.00, real=0.01 secs] 
125126.117: [GC 125126.117: [ParNew: 210747K->1002K(235968K), 0.0077190 secs] 1189842K->980172K(1546688K), 0.0079560 secs] [Times: user=0.03 sys=0.00, real=0.01 secs] 
125136.499: [GC 125136.500: [ParNew: 210794K->804K(235968K), 0.0059160 secs] 1189964K->980017K(1546688K), 0.0062470 secs] [Times: user=0.03 sys=0.01, real=0.01 secs] 
125142.362: [GC 125142.363: [ParNew: 210493K->717K(235968K), 0.0136540 secs] 1189706K->979988K(1546688K), 0.0138800 secs] [Times: user=0.03 sys=0.01, real=0.02 secs] 
125167.990: [GC 125167.991: [ParNew: 210471K->934K(235968K), 0.0063690 secs] 1189743K->980264K(1546688K), 0.0066010 secs] [Times: user=0.04 sys=0.01, real=0.01 secs] 
125174.328: [GC 125174.328: [ParNew: 210726K->858K(235968K), 0.0154760 secs] 1190056K->980239K(1546688K), 0.0158120 secs] [Times: user=0.04 sys=0.00, real=0.02 secs] 
125194.332: [GC 125194.332: [ParNew: 210650K->940K(235968K), 0.0077480 secs] 1190031K->980358K(1546688K), 0.0080110 secs] [Times: user=0.03 sys=0.00, real=0.01 secs] 
125196.550: [GC 125196.550: [ParNew: 210732K->600K(235968K), 0.0068460 secs] 1190150K->980061K(1546688K), 0.0070820 secs] [Times: user=0.03 sys=0.01, real=0.01 secs] 
125212.290: [GC 125212.290: [ParNew: 210392K->831K(235968K), 0.0081810 secs] 1189853K->980454K(1546688K), 0.0084430 secs] [Times: user=0.03 sys=0.00, real=0.01 secs] 
125228.034: [GC 125228.035: [ParNew: 210623K->888K(235968K), 0.0084140 secs] 1190246K->980559K(1546688K), 0.0086410 secs] [Times: user=0.04 sys=0.00, real=0.01 secs] 
125234.380: [GC 125234.381: [ParNew: 210666K->845K(235968K), 0.0082340 secs] 1190337K->980569K(1546688K), 0.0085210 secs] [Times: user=0.03 sys=0.00, real=0.00 secs] 
125254.834: [GC 125254.834: [ParNew: 210637K->910K(235968K), 0.0068090 secs] 1190361K->980682K(1546688K), 0.0070530 secs] [Times: user=0.03 sys=0.00, real=0.01 secs] 
125259.006: [GC 125259.007: [ParNew: 210598K->743K(235968K), 0.0061170 secs] 1190371K->980567K(1546688K), 0.0063970 secs] [Times: user=0.03 sys=0.00, real=0.00 secs] 
125272.323: [GC 125272.324: [ParNew: 210535K->1017K(235968K), 0.0100240 secs] 1190359K->980890K(1546688K), 0.0102600 secs] [Times: user=0.04 sys=0.00, real=0.01 secs] 
125288.934: [GC 125288.934: [ParNew: 210710K->1072K(235968K), 0.0064200 secs] 1190583K->980994K(1546688K), 0.0068280 secs] [Times: user=0.03 sys=0.00, real=0.00 secs] 
125303.012: [GC 125303.012: [ParNew: 210814K->985K(235968K), 0.0075190 secs] 1190735K->980963K(1546688K), 0.0078090 secs] [Times: user=0.04 sys=0.00, real=0.01 secs] 
125314.864: [GC 125314.864: [ParNew: 210777K->874K(235968K), 0.0068550 secs] 1190755K->980901K(1546688K), 0.0071530 secs] [Times: user=0.03 sys=0.00, real=0.01 secs] 
125320.689: [GC 125320.689: [ParNew: 210647K->1034K(235968K), 0.0079650 secs] 1190675K->981099K(1546688K), 0.0081640 secs] [Times: user=0.03 sys=0.00, real=0.01 secs] 
125339.854: [GC 125339.854: [ParNew: 210826K->963K(235968K), 0.0056370 secs] 1190891K->981070K(1546688K), 0.0059440 secs] [Times: user=0.03 sys=0.00, real=0.00 secs] 
125348.967: [GC 125348.967: [ParNew: 210720K->969K(235968K), 0.0061230 secs] 1190827K->981231K(1546688K), 0.0064330 secs] [Times: user=0.03 sys=0.00, real=0.01 secs] 
125363.164: [GC 125363.165: [ParNew: 210699K->825K(235968K), 0.0071020 secs] 1190961K->981131K(1546688K), 0.0073380 secs] [Times: user=0.04 sys=0.00, real=0.01 secs] 
125375.636: [GC 125375.636: [ParNew: 210617K->1338K(235968K), 0.0076880 secs] 1190923K->981702K(1546688K), 0.0079260 secs] [Times: user=0.03 sys=0.00, real=0.01 secs] 
125380.721: [GC 125380.721: [ParNew: 211130K->1005K(235968K), 0.0075920 secs] 1191494K->981428K(1546688K), 0.0078860 secs] [Times: user=0.03 sys=0.01, real=0.01 secs] 
125406.514: [GC 125406.515: [ParNew: 210797K->933K(235968K), 0.0104290 secs] 1191220K->981405K(1546688K), 0.0108300 secs] [Times: user=0.04 sys=0.01, real=0.01 secs] 
125412.467: [GC 125412.467: [ParNew: 210725K->1242K(235968K), 0.0110560 secs] 1191197K->981757K(1546688K), 0.0113640 secs] [Times: user=0.05 sys=0.00, real=0.01 secs] 
125426.155: [GC 125426.155: [ParNew: 211034K->693K(235968K), 0.0068080 secs] 1191549K->981388K(1546688K), 0.0071030 secs] [Times: user=0.04 sys=0.00, real=0.01 secs] 
125436.489: [GC 125436.490: [ParNew: 210485K->678K(235968K), 0.0059980 secs] 1191180K->981417K(1546688K), 0.0062840 secs] [Times: user=0.03 sys=0.00, real=0.00 secs] 
125442.408: [GC 125442.409: [ParNew: 210470K->759K(235968K), 0.0111230 secs] 1191209K->981575K(1546688K), 0.0113640 secs] [Times: user=0.03 sys=0.00, real=0.01 secs] 
125466.557: [GC 125466.557: [ParNew: 210551K->932K(235968K), 0.0069710 secs] 1191367K->981802K(1546688K), 0.0071870 secs] [Times: user=0.03 sys=0.00, real=0.01 secs] 
125472.524: [GC 125472.524: [ParNew: 210724K->649K(235968K), 0.0063790 secs] 1191594K->981574K(1546688K), 0.0066270 secs] [Times: user=0.04 sys=0.00, real=0.00 secs] 
125486.214: [GC 125486.214: [ParNew: 210441K->637K(235968K), 0.0061210 secs] 1191366K->981605K(1546688K), 0.0064090 secs] [Times: user=0.03 sys=0.00, real=0.01 secs] 
125496.585: [GC 125496.585: [ParNew: 210429K->914K(235968K), 0.0097530 secs] 1191397K->981926K(1546688K), 0.0099740 secs] [Times: user=0.03 sys=0.00, real=0.01 secs] 
125512.333: [GC 125512.333: [ParNew: 210706K->1046K(235968K), 0.0104040 secs] 1191718K->982104K(1546688K), 0.0106590 secs] [Times: user=0.03 sys=0.00, real=0.01 secs] 
125528.077: [GC 125528.078: [ParNew: 210838K->866K(235968K), 0.0069230 secs] 1191896K->981961K(1546688K), 0.0071500 secs] [Times: user=0.03 sys=0.00, real=0.01 secs] 
125534.435: [GC 125534.436: [ParNew: 210627K->798K(235968K), 0.0137140 secs] 1191722K->982017K(1546688K), 0.0140140 secs] [Times: user=0.04 sys=0.01, real=0.01 secs] 
125554.397: [GC 125554.398: [ParNew: 210553K->1135K(235968K), 0.0111880 secs] 1191772K->982403K(1546688K), 0.0114210 secs] [Times: user=0.03 sys=0.00, real=0.01 secs] 
125556.617: [GC 125556.618: [ParNew: 210899K->816K(235968K), 0.0159610 secs] 1192167K->982135K(1546688K), 0.0162290 secs] [Times: user=0.02 sys=0.00, real=0.02 secs] 
125572.359: [GC 125572.359: [ParNew: 210565K->964K(235968K), 0.0088290 secs] 1191884K->982332K(1546688K), 0.0091030 secs] [Times: user=0.03 sys=0.01, real=0.01 secs] 
125588.099: [GC 125588.100: [ParNew: 210756K->991K(235968K), 0.0066850 secs] 1192124K->982413K(1546688K), 0.0069880 secs] [Times: user=0.04 sys=0.00, real=0.01 secs] 
125594.445: [GC 125594.446: [ParNew: 210783K->702K(235968K), 0.0168700 secs] 1192205K->982174K(1546688K), 0.0172210 secs] [Times: user=0.04 sys=0.00, real=0.01 secs] 
125614.871: [GC 125614.871: [ParNew: 210494K->875K(235968K), 0.0106250 secs] 1191966K->982397K(1546688K), 0.0108580 secs] [Times: user=0.04 sys=0.00, real=0.01 secs] 
125619.053: [GC 125619.054: [ParNew: 210667K->833K(235968K), 0.0055210 secs] 1192189K->982408K(1546688K), 0.0057630 secs] [Times: user=0.03 sys=0.00, real=0.00 secs] 
125632.391: [GC 125632.392: [ParNew: 210563K->846K(235968K), 0.0072880 secs] 1192138K->982470K(1546688K), 0.0075540 secs] [Times: user=0.03 sys=0.00, real=0.01 secs] 
125648.122: [GC 125648.122: [ParNew: 210550K->953K(235968K), 0.0073020 secs] 1192175K->982632K(1546688K), 0.0075720 secs] [Times: user=0.03 sys=0.00, real=0.01 secs] 
125654.520: [GC 125654.520: [ParNew: 210745K->661K(235968K), 0.0128040 secs] 1192424K->982402K(1546688K), 0.0130940 secs] [Times: user=0.03 sys=0.00, real=0.01 secs] 
125674.881: [GC 125674.881: [ParNew: 210453K->1080K(235968K), 0.0081010 secs] 1192194K->982870K(1546688K), 0.0083510 secs] [Times: user=0.02 sys=0.00, real=0.01 secs] 
125679.063: [GC 125679.064: [ParNew: 210771K->972K(235968K), 0.0072220 secs] 1192561K->982930K(1546688K), 0.0074800 secs] [Times: user=0.03 sys=0.00, real=0.01 secs] 
125696.923: [GC 125696.923: [ParNew: 210764K->511K(235968K), 0.0078750 secs] 1192722K->982518K(1546688K), 0.0081080 secs] [Times: user=0.03 sys=0.00, real=0.01 secs] 
125709.014: [GC 125709.014: [ParNew: 210303K->1154K(235968K), 0.0080490 secs] 1192310K->983210K(1546688K), 0.0082540 secs] [Times: user=0.03 sys=0.00, real=0.01 secs] 
125723.218: [GC 125723.218: [ParNew: 210892K->1122K(235968K), 0.0072500 secs] 1192948K->983243K(1546688K), 0.0075620 secs] [Times: user=0.04 sys=0.00, real=0.01 secs] 
125734.913: [GC 125734.913: [ParNew: 210862K->1085K(235968K), 0.0070670 secs] 1192983K->983254K(1546688K), 0.0073030 secs] [Times: user=0.03 sys=0.00, real=0.00 secs] 
125740.745: [GC 125740.745: [ParNew: 210877K->952K(235968K), 0.0057620 secs] 1193046K->983158K(1546688K), 0.0060030 secs] [Times: user=0.03 sys=0.00, real=0.01 secs] 
125759.924: [GC 125759.924: [ParNew: 210744K->624K(235968K), 0.0081700 secs] 1192950K->982892K(1546688K), 0.0084090 secs] [Times: user=0.03 sys=0.00, real=0.01 secs] 
125769.044: [GC 125769.044: [ParNew: 210416K->901K(235968K), 0.0055680 secs] 1192684K->983218K(1546688K), 0.0058020 secs] [Times: user=0.03 sys=0.00, real=0.01 secs] 
125783.248: [GC 125783.248: [ParNew: 210685K->874K(235968K), 0.0077280 secs] 1193003K->983235K(1546688K), 0.0079980 secs] [Times: user=0.03 sys=0.00, real=0.01 secs] 
125795.706: [GC 125795.706: [ParNew: 210663K->728K(235968K), 0.0123250 secs] 1193024K->983151K(1546688K), 0.0125930 secs] [Times: user=0.03 sys=0.00, real=0.01 secs] 
125800.756: [GC 125800.756: [ParNew: 210520K->681K(235968K), 0.0052080 secs] 1192943K->983265K(1546688K), 0.0054750 secs] [Times: user=0.04 sys=0.01, real=0.01 secs] 
125819.953: [GC 125819.953: [ParNew: 210473K->700K(235968K), 0.0065360 secs] 1193057K->983340K(1546688K), 0.0068130 secs] [Times: user=0.03 sys=0.00, real=0.01 secs] 
125829.069: [GC 125829.070: [ParNew: 210389K->683K(235968K), 0.0079160 secs] 1193029K->983377K(1546688K), 0.0082110 secs] [Times: user=0.03 sys=0.00, real=0.01 secs] 
125843.281: [GC 125843.281: [ParNew: 210475K->998K(235968K), 0.0087490 secs] 1193169K->983742K(1546688K), 0.0090100 secs] [Times: user=0.03 sys=0.00, real=0.01 secs] 
125855.740: [GC 125855.740: [ParNew: 210768K->1057K(235968K), 0.0080640 secs] 1193512K->983844K(1546688K), 0.0083720 secs] [Times: user=0.02 sys=0.00, real=0.01 secs] 
125862.471: [GC 125862.472: [ParNew: 210849K->740K(235968K), 0.0096900 secs] 1193636K->983571K(1546688K), 0.0099570 secs] [Times: user=0.03 sys=0.00, real=0.01 secs] 
125886.613: [GC 125886.613: [ParNew: 210532K->960K(235968K), 0.0079000 secs] 1193363K->983840K(1546688K), 0.0081570 secs] [Times: user=0.03 sys=0.00, real=0.01 secs] 
125892.567: [GC 125892.567: [ParNew: 210725K->1179K(235968K), 0.0095210 secs] 1193605K->984096K(1546688K), 0.0098030 secs] [Times: user=0.04 sys=0.00, real=0.01 secs] 
125906.274: [GC 125906.274: [ParNew: 210910K->992K(235968K), 0.0081050 secs] 1193828K->983953K(1546688K), 0.0083770 secs] [Times: user=0.03 sys=0.00, real=0.01 secs] 
125915.773: [GC 125915.773: [ParNew: 210784K->831K(235968K), 0.0085740 secs] 1193745K->983849K(1546688K), 0.0088700 secs] [Times: user=0.03 sys=0.01, real=0.01 secs] 
125922.488: [GC 125922.489: [ParNew: 210623K->830K(235968K), 0.0062150 secs] 1193641K->984055K(1546688K), 0.0064360 secs] [Times: user=0.03 sys=0.00, real=0.01 secs] 
125946.642: [GC 125946.642: [ParNew: 210622K->773K(235968K), 0.0066420 secs] 1193847K->984051K(1546688K), 0.0068700 secs] [Times: user=0.03 sys=0.00, real=0.01 secs] 
125952.600: [GC 125952.600: [ParNew: 210565K->803K(235968K), 0.0118130 secs] 1193843K->984136K(1546688K), 0.0121330 secs] [Times: user=0.03 sys=0.00, real=0.01 secs] 
125966.282: [GC 125966.282: [ParNew: 210595K->893K(235968K), 0.0072190 secs] 1193928K->984270K(1546688K), 0.0074550 secs] [Times: user=0.03 sys=0.00, real=0.01 secs] 
125976.773: [GC 125976.773: [ParNew: 210656K->1100K(235968K), 0.0065880 secs] 1194033K->984535K(1546688K), 0.0068790 secs] [Times: user=0.03 sys=0.01, real=0.01 secs] 
125982.527: [GC 125982.527: [ParNew: 210892K->884K(235968K), 0.0063520 secs] 1194327K->984368K(1546688K), 0.0066300 secs] [Times: user=0.03 sys=0.00, real=0.01 secs] 
126008.148: [GC 126008.148: [ParNew: 210676K->856K(235968K), 0.0067330 secs] 1194160K->984394K(1546688K), 0.0069610 secs] [Times: user=0.04 sys=0.00, real=0.01 secs] 
126014.569: [GC 126014.570: [ParNew: 210648K->956K(235968K), 0.0168470 secs] 1194186K->984547K(1546688K), 0.0172460 secs] [Times: user=0.05 sys=0.00, real=0.01 secs] 
126031.869: [GC 126031.869: [ParNew: 210748K->630K(235968K), 0.0091660 secs] 1194339K->984356K(1546688K), 0.0094610 secs] [Times: user=0.03 sys=0.00, real=0.01 secs] 
126036.788: [GC 126036.788: [ParNew: 210422K->1080K(235968K), 0.0115820 secs] 1194148K->984853K(1546688K), 0.0118300 secs] [Times: user=0.04 sys=0.01, real=0.01 secs] 
126052.438: [GC 126052.438: [ParNew: 210872K->653K(235968K), 0.0086620 secs] 1194645K->984484K(1546688K), 0.0089610 secs] [Times: user=0.03 sys=0.00, real=0.01 secs] 
126068.163: [GC 126068.163: [ParNew: 210445K->981K(235968K), 0.0061070 secs] 1194276K->984873K(1546688K), 0.0063880 secs] [Times: user=0.04 sys=0.00, real=0.01 secs] 
126074.544: [GC 126074.544: [ParNew: 210712K->878K(235968K), 0.0638790 secs] 1194604K->984814K(1546688K), 0.0641970 secs] [Times: user=0.06 sys=0.00, real=0.06 secs] 
126094.450: [GC 126094.451: [ParNew: 210614K->869K(235968K), 0.0106310 secs] 1194550K->984858K(1546688K), 0.0109100 secs] [Times: user=0.03 sys=0.00, real=0.01 secs] 
126096.818: [GC 126096.818: [ParNew: 210568K->1114K(235968K), 0.0099610 secs] 1194557K->985155K(1546688K), 0.0102210 secs] [Times: user=0.03 sys=0.00, real=0.01 secs] 
126112.597: [GC 126112.597: [ParNew: 210906K->925K(235968K), 0.0091730 secs] 1194947K->985003K(1546688K), 0.0094390 secs] [Times: user=0.03 sys=0.00, real=0.01 secs] 
126128.211: [GC 126128.212: [ParNew: 210715K->945K(235968K), 0.0088440 secs] 1194793K->985064K(1546688K), 0.0090450 secs] [Times: user=0.04 sys=0.00, real=0.01 secs] 
126134.617: [GC 126134.618: [ParNew: 210711K->741K(235968K), 0.0134840 secs] 1194831K->985024K(1546688K), 0.0137050 secs] [Times: user=0.05 sys=0.00, real=0.02 secs] 
126154.472: [GC 126154.472: [ParNew: 210533K->953K(235968K), 0.0091080 secs] 1194816K->985285K(1546688K), 0.0093230 secs] [Times: user=0.04 sys=0.00, real=0.01 secs] 
126159.106: [GC 126159.106: [ParNew: 210745K->1079K(235968K), 0.0064910 secs] 1195077K->985472K(1546688K), 0.0067130 secs] [Times: user=0.03 sys=0.00, real=0.00 secs] 
126172.621: [GC 126172.621: [ParNew: 210806K->1117K(235968K), 0.0059420 secs] 1195200K->985561K(1546688K), 0.0061620 secs] [Times: user=0.04 sys=0.01, real=0.01 secs] 
126188.222: [GC 126188.222: [ParNew: 210909K->954K(235968K), 0.0088050 secs] 1195353K->985452K(1546688K), 0.0090690 secs] [Times: user=0.03 sys=0.00, real=0.01 secs] 
126194.651: [GC 126194.651: [ParNew: 210641K->854K(235968K), 0.0159770 secs] 1195140K->985413K(1546688K), 0.0163010 secs] [Times: user=0.03 sys=0.00, real=0.01 secs] 
126214.954: [GC 126214.955: [ParNew: 210646K->1005K(235968K), 0.0083170 secs] 1195205K->985612K(1546688K), 0.0086220 secs] [Times: user=0.03 sys=0.00, real=0.01 secs] 
126219.142: [GC 126219.143: [ParNew: 210797K->947K(235968K), 0.0106740 secs] 1195404K->985604K(1546688K), 0.0109500 secs] [Times: user=0.05 sys=0.00, real=0.01 secs] 
126239.969: [GC 126239.969: [ParNew: 210739K->571K(235968K), 0.0129750 secs] 1195396K->985372K(1546688K), 0.0131920 secs] [Times: user=0.03 sys=0.00, real=0.01 secs] 
126249.119: [GC 126249.119: [ParNew: 210312K->830K(235968K), 0.0050390 secs] 1195113K->985674K(1546688K), 0.0053260 secs] [Times: user=0.03 sys=0.00, real=0.01 secs] 
126263.343: [GC 126263.343: [ParNew: 210622K->768K(235968K), 0.0060110 secs] 1195466K->985662K(1546688K), 0.0063000 secs] [Times: user=0.04 sys=0.00, real=0.01 secs] 
126274.982: [GC 126274.982: [ParNew: 210560K->725K(235968K), 0.0049220 secs] 1195454K->985667K(1546688K), 0.0051820 secs] [Times: user=0.04 sys=0.00, real=0.01 secs] 
126280.813: [GC 126280.814: [ParNew: 210517K->921K(235968K), 0.0060740 secs] 1195459K->985913K(1546688K), 0.0063300 secs] [Times: user=0.03 sys=0.00, real=0.01 secs] 
126299.995: [GC 126299.996: [ParNew: 210713K->734K(235968K), 0.0054960 secs] 1195704K->985779K(1546688K), 0.0057800 secs] [Times: user=0.04 sys=0.00, real=0.00 secs] 
126309.147: [GC 126309.148: [ParNew: 210462K->1032K(235968K), 0.0057890 secs] 1195508K->986132K(1546688K), 0.0060690 secs] [Times: user=0.03 sys=0.00, real=0.01 secs] 
126323.364: [GC 126323.364: [ParNew: 210824K->753K(235968K), 0.0097420 secs] 1195924K->985901K(1546688K), 0.0100420 secs] [Times: user=0.03 sys=0.00, real=0.01 secs] 
126335.804: [GC 126335.804: [ParNew: 210545K->691K(235968K), 0.0069140 secs] 1195693K->985900K(1546688K), 0.0071980 secs] [Times: user=0.03 sys=0.00, real=0.01 secs] 
126340.830: [GC 126340.830: [ParNew: 210483K->873K(235968K), 0.0059450 secs] 1195692K->986131K(1546688K), 0.0061570 secs] [Times: user=0.03 sys=0.00, real=0.00 secs] 
126366.688: [GC 126366.689: [ParNew: 210665K->678K(235968K), 0.0086190 secs] 1195923K->985994K(1546688K), 0.0088430 secs] [Times: user=0.03 sys=0.01, real=0.01 secs] 
126372.095: [GC 126372.095: [ParNew: 210459K->447K(235968K), 0.0150630 secs] 1195775K->985932K(1546688K), 0.0153710 secs] [Times: user=0.03 sys=0.00, real=0.01 secs] 
126386.324: [GC 126386.324: [ParNew: 210116K->701K(235968K), 0.0080370 secs] 1195601K->986235K(1546688K), 0.0082910 secs] [Times: user=0.03 sys=0.00, real=0.01 secs] 
126395.851: [GC 126395.851: [ParNew: 210488K->940K(235968K), 0.0065480 secs] 1196022K->986517K(1546688K), 0.0068350 secs] [Times: user=0.03 sys=0.00, real=0.00 secs] 
126402.581: [GC 126402.581: [ParNew: 210701K->795K(235968K), 0.0064860 secs] 1196278K->986421K(1546688K), 0.0066980 secs] [Times: user=0.03 sys=0.00, real=0.01 secs] 
126426.726: [GC 126426.726: [ParNew: 210532K->1071K(235968K), 0.0069940 secs] 1196158K->986737K(1546688K), 0.0072490 secs] [Times: user=0.04 sys=0.00, real=0.01 secs] 
126432.688: [GC 126432.688: [ParNew: 210863K->726K(235968K), 0.0073710 secs] 1196529K->986434K(1546688K), 0.0076400 secs] [Times: user=0.02 sys=0.01, real=0.01 secs] 
126446.367: [GC 126446.367: [ParNew: 210493K->1034K(235968K), 0.0063970 secs] 1196201K->986786K(1546688K), 0.0066700 secs] [Times: user=0.03 sys=0.00, real=0.01 secs] 
126456.354: [GC 126456.354: [ParNew: 210826K->925K(235968K), 0.0105910 secs] 1196578K->986738K(1546688K), 0.0109060 secs] [Times: user=0.03 sys=0.00, real=0.01 secs] 
126462.603: [GC 126462.603: [ParNew: 210717K->1252K(235968K), 0.0229840 secs] 1196530K->987217K(1546688K), 0.0233000 secs] [Times: user=0.04 sys=0.00, real=0.02 secs] 
126486.737: [GC 126486.737: [ParNew: 211044K->943K(235968K), 0.0082530 secs] 1197009K->986962K(1546688K), 0.0085260 secs] [Times: user=0.03 sys=0.00, real=0.01 secs] 
126492.710: [GC 126492.711: [ParNew: 210735K->992K(235968K), 0.0085760 secs] 1196754K->987067K(1546688K), 0.0088990 secs] [Times: user=0.03 sys=0.00, real=0.01 secs] 
126506.389: [GC 126506.389: [ParNew: 210784K->730K(235968K), 0.0105260 secs] 1196859K->986848K(1546688K), 0.0108080 secs] [Times: user=0.03 sys=0.00, real=0.01 secs] 
126516.879: [GC 126516.879: [ParNew: 210434K->705K(235968K), 0.0130710 secs] 1196552K->986873K(1546688K), 0.0132850 secs] [Times: user=0.03 sys=0.01, real=0.02 secs] 
126522.636: [GC 126522.637: [ParNew: 210497K->845K(235968K), 0.0492040 secs] 1196665K->987079K(1546688K), 0.0495020 secs] [Times: user=0.08 sys=0.01, real=0.05 secs] 
126548.260: [GC 126548.260: [ParNew: 210630K->935K(235968K), 0.0116780 secs] 1196864K->987218K(1546688K), 0.0120440 secs] [Times: user=0.03 sys=0.00, real=0.01 secs] 
126554.694: [GC 126554.695: [ParNew: 210698K->926K(235968K), 0.0144490 secs] 1196981K->987251K(1546688K), 0.0148030 secs] [Times: user=0.03 sys=0.00, real=0.01 secs] 
126574.521: [GC 126574.521: [ParNew: 210718K->912K(235968K), 0.0078610 secs] 1197043K->987291K(1546688K), 0.0081320 secs] [Times: user=0.03 sys=0.00, real=0.00 secs] 
126576.921: [GC 126576.921: [ParNew: 210662K->841K(235968K), 0.0072510 secs] 1197041K->987379K(1546688K), 0.0075090 secs] [Times: user=0.04 sys=0.00, real=0.00 secs] 
126592.717: [GC 126592.717: [ParNew: 210616K->721K(235968K), 0.0076350 secs] 1197153K->987296K(1546688K), 0.0079120 secs] [Times: user=0.03 sys=0.00, real=0.00 secs] 
126608.290: [GC 126608.290: [ParNew: 210513K->911K(235968K), 0.0078480 secs] 1197088K->987534K(1546688K), 0.0081870 secs] [Times: user=0.04 sys=0.00, real=0.01 secs] 
126614.763: [GC 126614.763: [ParNew: 210694K->772K(235968K), 0.0119110 secs] 1197316K->987444K(1546688K), 0.0122020 secs] [Times: user=0.03 sys=0.00, real=0.02 secs] 
126635.005: [GC 126635.005: [ParNew: 210560K->775K(235968K), 0.0085360 secs] 1197232K->987489K(1546688K), 0.0088290 secs] [Times: user=0.04 sys=0.00, real=0.01 secs] 
126639.193: [GC 126639.194: [ParNew: 210567K->938K(235968K), 0.0087600 secs] 1197281K->987700K(1546688K), 0.0090610 secs] [Times: user=0.03 sys=0.01, real=0.01 secs] 
126652.754: [GC 126652.754: [ParNew: 210730K->714K(235968K), 0.0092850 secs] 1197492K->987534K(1546688K), 0.0095170 secs] [Times: user=0.03 sys=0.00, real=0.01 secs] 
126669.230: [GC 126669.230: [ParNew: 210506K->1336K(235968K), 0.0096610 secs] 1197326K->988205K(1546688K), 0.0099010 secs] [Times: user=0.04 sys=0.00, real=0.01 secs] 
126683.425: [GC 126683.425: [ParNew: 211128K->1043K(235968K), 0.0071370 secs] 1197997K->987968K(1546688K), 0.0073730 secs] [Times: user=0.03 sys=0.00, real=0.00 secs] 
126695.037: [GC 126695.037: [ParNew: 210835K->1007K(235968K), 0.0059080 secs] 1197760K->987981K(1546688K), 0.0061380 secs] [Times: user=0.03 sys=0.00, real=0.01 secs] 
126700.868: [GC 126700.868: [ParNew: 210799K->971K(235968K), 0.0096010 secs] 1197773K->987988K(1546688K), 0.0098290 secs] [Times: user=0.03 sys=0.00, real=0.01 secs] 
126720.055: [GC 126720.055: [ParNew: 210742K->1105K(235968K), 0.0056060 secs] 1197759K->988165K(1546688K), 0.0058400 secs] [Times: user=0.04 sys=0.00, real=0.01 secs] 
126729.269: [GC 126729.269: [ParNew: 210897K->736K(235968K), 0.0083650 secs] 1197957K->987866K(1546688K), 0.0086230 secs] [Times: user=0.03 sys=0.00, real=0.01 secs] 
126743.462: [GC 126743.463: [ParNew: 210498K->977K(235968K), 0.0080310 secs] 1197627K->988150K(1546688K), 0.0087150 secs] [Times: user=0.03 sys=0.00, real=0.01 secs] 
126755.903: [GC 126755.904: [ParNew: 210768K->1047K(235968K), 0.0056500 secs] 1197941K->988270K(1546688K), 0.0058860 secs] [Times: user=0.04 sys=0.00, real=0.00 secs] 
126760.894: [GC 126760.894: [ParNew: 210816K->718K(235968K), 0.0074810 secs] 1198040K->987991K(1546688K), 0.0077080 secs] [Times: user=0.03 sys=0.00, real=0.01 secs] 
126786.769: [GC 126786.769: [ParNew: 210510K->1012K(235968K), 0.0070350 secs] 1197783K->988336K(1546688K), 0.0073240 secs] [Times: user=0.04 sys=0.00, real=0.01 secs] 
126792.746: [GC 126792.746: [ParNew: 210804K->1391K(235968K), 0.0164020 secs] 1198128K->988766K(1546688K), 0.0166950 secs] [Times: user=0.04 sys=0.00, real=0.01 secs] 
126804.526: [GC 126804.526: [ParNew: 211183K->939K(235968K), 0.0065020 secs] 1198558K->988453K(1546688K), 0.0067910 secs] [Times: user=0.03 sys=0.00, real=0.00 secs] 
126815.924: [GC 126815.924: [ParNew: 210677K->943K(235968K), 0.0075550 secs] 1198190K->988505K(1546688K), 0.0078230 secs] [Times: user=0.03 sys=0.00, real=0.00 secs] 
126822.675: [GC 126822.675: [ParNew: 210735K->522K(235968K), 0.0577240 secs] 1198297K->988138K(1546688K), 0.0580600 secs] [Times: user=0.07 sys=0.00, real=0.06 secs] 
126846.786: [GC 126846.786: [ParNew: 210314K->1075K(235968K), 0.0097820 secs] 1197930K->988754K(1546688K), 0.0100560 secs] [Times: user=0.03 sys=0.00, real=0.01 secs] 
126852.762: [GC 126852.763: [ParNew: 210833K->984K(235968K), 0.0135140 secs] 1198512K->988699K(1546688K), 0.0138080 secs] [Times: user=0.03 sys=0.00, real=0.02 secs] 
126866.432: [GC 126866.432: [ParNew: 210776K->749K(235968K), 0.0058820 secs] 1198491K->988517K(1546688K), 0.0061510 secs] [Times: user=0.03 sys=0.01, real=0.01 secs] 
126876.933: [GC 126876.934: [ParNew: 210528K->1087K(235968K), 0.0082690 secs] 1198296K->988904K(1546688K), 0.0084700 secs] [Times: user=0.03 sys=0.00, real=0.00 secs] 
126882.733: [GC 126882.733: [ParNew: 210879K->989K(235968K), 0.0096480 secs] 1198696K->988941K(1546688K), 0.0099670 secs] [Times: user=0.03 sys=0.00, real=0.01 secs] 
126900.091: [GC 126900.091: [ParNew: 210737K->905K(235968K), 0.0096110 secs] 1198689K->988916K(1546688K), 0.0099040 secs] [Times: user=0.03 sys=0.00, real=0.01 secs] 
126909.242: [GC 126909.242: [ParNew: 210697K->853K(235968K), 0.0103430 secs] 1198708K->988918K(1546688K), 0.0106320 secs] [Times: user=0.04 sys=0.00, real=0.01 secs] 
126916.363: [GC 126916.363: [ParNew: 210645K->1094K(235968K), 0.0104230 secs] 1198710K->989208K(1546688K), 0.0106250 secs] [Times: user=0.04 sys=0.00, real=0.01 secs] 
126934.585: [GC 126934.585: [ParNew: 210886K->1289K(235968K), 0.0059850 secs] 1199000K->989459K(1546688K), 0.0062810 secs] [Times: user=0.03 sys=0.00, real=0.00 secs] 
126939.220: [GC 126939.221: [ParNew: 211081K->1189K(235968K), 0.0056020 secs] 1199251K->989397K(1546688K), 0.0059020 secs] [Times: user=0.03 sys=0.00, real=0.01 secs] 
126952.819: [GC 126952.819: [ParNew: 210981K->907K(235968K), 0.0178940 secs] 1199189K->989159K(1546688K), 0.0181610 secs] [Times: user=0.04 sys=0.00, real=0.02 secs] 
126969.281: [GC 126969.281: [ParNew: 210699K->784K(235968K), 0.0082040 secs] 1198951K->989084K(1546688K), 0.0085080 secs] [Times: user=0.03 sys=0.00, real=0.01 secs] 
126983.480: [GC 126983.481: [ParNew: 210576K->697K(235968K), 0.0097080 secs] 1198876K->989053K(1546688K), 0.0101110 secs] [Times: user=0.03 sys=0.01, real=0.01 secs] 
126995.065: [GC 126995.065: [ParNew: 210487K->1113K(235968K), 0.0056730 secs] 1198842K->989518K(1546688K), 0.0059650 secs] [Times: user=0.04 sys=0.00, real=0.00 secs] 
127000.896: [GC 127000.896: [ParNew: 210905K->947K(235968K), 0.0059700 secs] 1199310K->989400K(1546688K), 0.0062490 secs] [Times: user=0.03 sys=0.00, real=0.00 secs] 
127020.093: [GC 127020.093: [ParNew: 210675K->881K(235968K), 0.0062630 secs] 1199128K->989378K(1546688K), 0.0065290 secs] [Times: user=0.04 sys=0.00, real=0.00 secs] 
127029.326: [GC 127029.326: [ParNew: 210673K->886K(235968K), 0.0101540 secs] 1199170K->989433K(1546688K), 0.0104470 secs] [Times: user=0.04 sys=0.00, real=0.01 secs] 
127043.531: [GC 127043.532: [ParNew: 210648K->963K(235968K), 0.0106400 secs] 1199195K->989684K(1546688K), 0.0109290 secs] [Times: user=0.03 sys=0.00, real=0.01 secs] 
127055.966: [GC 127055.966: [ParNew: 210755K->1027K(235968K), 0.0082480 secs] 1199476K->989798K(1546688K), 0.0085850 secs] [Times: user=0.03 sys=0.01, real=0.01 secs] 
127060.926: [GC 127060.926: [ParNew: 210819K->1036K(235968K), 0.0111700 secs] 1199590K->989856K(1546688K), 0.0114390 secs] [Times: user=0.03 sys=0.00, real=0.01 secs] 
127080.110: [GC 127080.111: [ParNew: 210828K->1283K(235968K), 0.0085740 secs] 1199648K->990157K(1546688K), 0.0088170 secs] [Times: user=0.03 sys=0.00, real=0.00 secs] 
127089.345: [GC 127089.345: [ParNew: 211075K->924K(235968K), 0.0094770 secs] 1199949K->989854K(1546688K), 0.0097200 secs] [Times: user=0.03 sys=0.00, real=0.01 secs] 
127106.454: [GC 127106.454: [ParNew: 210714K->844K(235968K), 0.0087540 secs] 1199644K->989834K(1546688K), 0.0090480 secs] [Times: user=0.03 sys=0.00, real=0.01 secs] 
127115.991: [GC 127115.991: [ParNew: 210636K->954K(235968K), 0.0095790 secs] 1199626K->990067K(1546688K), 0.0098040 secs] [Times: user=0.03 sys=0.00, real=0.01 secs] 
127122.854: [GC 127122.854: [ParNew: 210746K->1005K(235968K), 0.0077800 secs] 1199859K->990271K(1546688K), 0.0080560 secs] [Times: user=0.03 sys=0.00, real=0.00 secs] 
127146.856: [GC 127146.856: [ParNew: 210792K->1205K(235968K), 0.0072380 secs] 1200058K->990507K(1546688K), 0.0075210 secs] [Times: user=0.03 sys=0.01, real=0.01 secs] 
127152.841: [GC 127152.841: [ParNew: 210997K->602K(235968K), 0.0079710 secs] 1200299K->989946K(1546688K), 0.0082040 secs] [Times: user=0.02 sys=0.00, real=0.01 secs] 
127166.470: [GC 127166.470: [ParNew: 210366K->1169K(235968K), 0.0071340 secs] 1199710K->990570K(1546688K), 0.0074370 secs] [Times: user=0.03 sys=0.00, real=0.01 secs] 
127175.995: [GC 127175.995: [ParNew: 210961K->1133K(235968K), 0.0088440 secs] 1200362K->990596K(1546688K), 0.0090380 secs] [Times: user=0.03 sys=0.00, real=0.01 secs] 
127182.858: [GC 127182.859: [ParNew: 210925K->900K(235968K), 0.0088390 secs] 1200388K->990413K(1546688K), 0.0090380 secs] [Times: user=0.03 sys=0.00, real=0.01 secs] 
127206.850: [GC 127206.850: [ParNew: 210692K->1048K(235968K), 0.0079240 secs] 1200205K->990615K(1546688K), 0.0082130 secs] [Times: user=0.03 sys=0.00, real=0.01 secs] 
127212.825: [GC 127212.825: [ParNew: 210840K->1497K(235968K), 0.0083870 secs] 1200407K->991140K(1546688K), 0.0086770 secs] [Times: user=0.03 sys=0.00, real=0.01 secs] 
127226.486: [GC 127226.487: [ParNew: 211289K->1296K(235968K), 0.0069740 secs] 1200932K->990996K(1546688K), 0.0072130 secs] [Times: user=0.03 sys=0.00, real=0.01 secs] 
127236.015: [GC 127236.015: [ParNew: 211088K->897K(235968K), 0.0069330 secs] 1200788K->990648K(1546688K), 0.0072190 secs] [Times: user=0.03 sys=0.00, real=0.01 secs] 
127242.873: [GC 127242.873: [ParNew: 210650K->969K(235968K), 0.0068590 secs] 1200401K->990796K(1546688K), 0.0071240 secs] [Times: user=0.03 sys=0.00, real=0.01 secs] 
127266.878: [GC 127266.878: [ParNew: 210761K->697K(235968K), 0.0059480 secs] 1200588K->990574K(1546688K), 0.0062540 secs] [Times: user=0.03 sys=0.00, real=0.01 secs] 
127272.859: [GC 127272.859: [ParNew: 210417K->927K(235968K), 0.0062240 secs] 1200295K->990971K(1546688K), 0.0064840 secs] [Times: user=0.03 sys=0.01, real=0.01 secs] 
127286.524: [GC 127286.525: [ParNew: 210657K->1030K(235968K), 0.0067820 secs] 1200702K->991118K(1546688K), 0.0070600 secs] [Times: user=0.03 sys=0.01, real=0.01 secs] 
127297.023: [GC 127297.023: [ParNew: 210822K->772K(235968K), 0.0054870 secs] 1200910K->990910K(1546688K), 0.0057530 secs] [Times: user=0.03 sys=0.00, real=0.01 secs] 
127302.917: [GC 127302.917: [ParNew: 210564K->828K(235968K), 0.0110170 secs] 1200702K->991016K(1546688K), 0.0112110 secs] [Times: user=0.02 sys=0.00, real=0.01 secs] 
127328.398: [GC 127328.399: [ParNew: 210545K->771K(235968K), 0.0076760 secs] 1200733K->991012K(1546688K), 0.0079390 secs] [Times: user=0.03 sys=0.00, real=0.01 secs] 
127334.818: [GC 127334.818: [ParNew: 210563K->1007K(235968K), 0.0097510 secs] 1200804K->991297K(1546688K), 0.0099500 secs] [Times: user=0.03 sys=0.00, real=0.01 secs] 
127354.617: [GC 127354.618: [ParNew: 210799K->1274K(235968K), 0.0073930 secs] 1201089K->991620K(1546688K), 0.0076900 secs] [Times: user=0.04 sys=0.00, real=0.00 secs] 
127357.056: [GC 127357.056: [ParNew: 211066K->931K(235968K), 0.0071270 secs] 1201412K->991320K(1546688K), 0.0073110 secs] [Times: user=0.03 sys=0.00, real=0.01 secs] 
127372.860: [GC 127372.860: [ParNew: 210723K->1143K(235968K), 0.0146060 secs] 1201112K->991587K(1546688K), 0.0148800 secs] [Times: user=0.05 sys=0.00, real=0.02 secs] 
127388.432: [GC 127388.432: [ParNew: 210932K->1343K(235968K), 0.0106400 secs] 1201377K->991836K(1546688K), 0.0108590 secs] [Times: user=0.04 sys=0.00, real=0.02 secs] 
127394.839: [GC 127394.839: [ParNew: 211121K->832K(235968K), 0.0089590 secs] 1201613K->991489K(1546688K), 0.0091770 secs] [Times: user=0.03 sys=0.00, real=0.01 secs] 
127414.643: [GC 127414.644: [ParNew: 210624K->764K(235968K), 0.0067530 secs] 1201281K->991470K(1546688K), 0.0069870 secs] [Times: user=0.03 sys=0.00, real=0.01 secs] 
127419.278: [GC 127419.279: [ParNew: 210556K->773K(235968K), 0.0070110 secs] 1201262K->991555K(1546688K), 0.0072520 secs] [Times: user=0.03 sys=0.00, real=0.00 secs] 
127432.912: [GC 127432.912: [ParNew: 210565K->760K(235968K), 0.0083430 secs] 1201347K->991595K(1546688K), 0.0086760 secs] [Times: user=0.03 sys=0.00, real=0.01 secs] 
127449.367: [GC 127449.367: [ParNew: 210552K->829K(235968K), 0.0072780 secs] 1201387K->991719K(1546688K), 0.0075470 secs] [Times: user=0.03 sys=0.00, real=0.01 secs] 
127462.504: [GC 127462.505: [ParNew: 210621K->627K(235968K), 0.0068270 secs] 1201511K->991565K(1546688K), 0.0071130 secs] [Times: user=0.03 sys=0.00, real=0.01 secs] 
127475.126: [GC 127475.126: [ParNew: 210419K->892K(235968K), 0.0082140 secs] 1201357K->991879K(1546688K), 0.0084760 secs] [Times: user=0.03 sys=0.00, real=0.01 secs] 
127479.316: [GC 127479.316: [ParNew: 210684K->774K(235968K), 0.0084040 secs] 1201671K->991809K(1546688K), 0.0086020 secs] [Times: user=0.03 sys=0.00, real=0.01 secs] 
127500.150: [GC 127500.150: [ParNew: 210566K->1132K(235968K), 0.0072970 secs] 1201601K->992220K(1546688K), 0.0075980 secs] [Times: user=0.03 sys=0.00, real=0.01 secs] 
127509.395: [GC 127509.396: [ParNew: 210924K->1117K(235968K), 0.0070470 secs] 1202012K->992241K(1546688K), 0.0073230 secs] [Times: user=0.04 sys=0.00, real=0.00 secs] 
127523.614: [GC 127523.615: [ParNew: 210909K->662K(235968K), 0.0067910 secs] 1202033K->991836K(1546688K), 0.0070220 secs] [Times: user=0.03 sys=0.00, real=0.01 secs] 
127536.038: [GC 127536.038: [ParNew: 210454K->1065K(235968K), 0.0096130 secs] 1201628K->992288K(1546688K), 0.0098650 secs] [Times: user=0.03 sys=0.00, real=0.01 secs] 
127540.982: [GC 127540.982: [ParNew: 210820K->798K(235968K), 0.0106780 secs] 1202043K->992073K(1546688K), 0.0109040 secs] [Times: user=0.03 sys=0.00, real=0.01 secs] 
127560.170: [GC 127560.171: [ParNew: 210558K->1034K(235968K), 0.0063890 secs] 1201833K->992367K(1546688K), 0.0066360 secs] [Times: user=0.04 sys=0.00, real=0.01 secs] 
127569.417: [GC 127569.418: [ParNew: 210826K->540K(235968K), 0.0089970 secs] 1202159K->991927K(1546688K), 0.0092620 secs] [Times: user=0.02 sys=0.00, real=0.01 secs] 
127583.653: [GC 127583.653: [ParNew: 210332K->919K(235968K), 0.0087610 secs] 1201719K->992355K(1546688K), 0.0089950 secs] [Times: user=0.02 sys=0.00, real=0.01 secs] 
127596.068: [GC 127596.068: [ParNew: 210711K->703K(235968K), 0.0106340 secs] 1202147K->992182K(1546688K), 0.0108760 secs] [Times: user=0.03 sys=0.00, real=0.01 secs] 
127602.935: [GC 127602.936: [ParNew: 210495K->712K(235968K), 0.0079970 secs] 1201974K->992245K(1546688K), 0.0082520 secs] [Times: user=0.03 sys=0.00, real=0.01 secs] 
127626.926: [GC 127626.926: [ParNew: 210504K->1030K(235968K), 0.0084700 secs] 1202037K->992612K(1546688K), 0.0087510 secs] [Times: user=0.03 sys=0.00, real=0.01 secs] 
127632.905: [GC 127632.905: [ParNew: 210822K->904K(235968K), 0.0123740 secs] 1202404K->992528K(1546688K), 0.0126480 secs] [Times: user=0.04 sys=0.00, real=0.01 secs] 
127646.685: [GC 127646.686: [ParNew: 210696K->966K(235968K), 0.0078460 secs] 1202320K->992647K(1546688K), 0.0081200 secs] [Times: user=0.03 sys=0.00, real=0.01 secs] 
127656.404: [GC 127656.405: [ParNew: 210758K->638K(235968K), 0.0066920 secs] 1202439K->992368K(1546688K), 0.0070190 secs] [Times: user=0.03 sys=0.00, real=0.01 secs] 
127662.963: [GC 127662.963: [ParNew: 210430K->790K(235968K), 0.0095720 secs] 1202160K->992558K(1546688K), 0.0098360 secs] [Times: user=0.03 sys=0.00, real=0.01 secs] 
127686.960: [GC 127686.961: [ParNew: 210582K->868K(235968K), 0.0084530 secs] 1202350K->992684K(1546688K), 0.0087160 secs] [Times: user=0.03 sys=0.00, real=0.01 secs] 
127692.947: [GC 127692.947: [ParNew: 210660K->776K(235968K), 0.0079700 secs] 1202476K->992646K(1546688K), 0.0082720 secs] [Times: user=0.03 sys=0.00, real=0.01 secs] 
127706.726: [GC 127706.726: [ParNew: 210448K->973K(235968K), 0.0152180 secs] 1202319K->992888K(1546688K), 0.0154710 secs] [Times: user=0.05 sys=0.00, real=0.01 secs] 
127717.105: [GC 127717.105: [ParNew: 210725K->801K(235968K), 0.0086040 secs] 1202640K->992770K(1546688K), 0.0088250 secs] [Times: user=0.03 sys=0.00, real=0.01 secs] 
127726.743: [GC 127726.743: [ParNew: 210593K->573K(235968K), 0.0074420 secs] 1202562K->992699K(1546688K), 0.0076590 secs] [Times: user=0.03 sys=0.00, real=0.01 secs] 
127748.493: [GC 127748.493: [ParNew: 210365K->936K(235968K), 0.0104140 secs] 1202491K->993110K(1546688K), 0.0106160 secs] [Times: user=0.03 sys=0.00, real=0.01 secs] 
127755.028: [GC 127755.028: [ParNew: 210728K->821K(235968K), 0.0157810 secs] 1202902K->993040K(1546688K), 0.0160660 secs] [Times: user=0.04 sys=0.00, real=0.01 secs] 
127774.682: [GC 127774.682: [ParNew: 210527K->1059K(235968K), 0.0069290 secs] 1202747K->993327K(1546688K), 0.0072430 secs] [Times: user=0.03 sys=0.00, real=0.00 secs] 
127777.146: [GC 127777.146: [ParNew: 210787K->764K(235968K), 0.0070460 secs] 1203055K->993076K(1546688K), 0.0073340 secs] [Times: user=0.03 sys=0.00, real=0.01 secs] 
127792.973: [GC 127792.973: [ParNew: 210556K->944K(235968K), 0.0067030 secs] 1202868K->993307K(1546688K), 0.0070080 secs] [Times: user=0.04 sys=0.00, real=0.01 secs] 
127808.528: [GC 127808.528: [ParNew: 210698K->1028K(235968K), 0.0063040 secs] 1203061K->993447K(1546688K), 0.0065690 secs] [Times: user=0.04 sys=0.00, real=0.00 secs] 
127815.072: [GC 127815.072: [ParNew: 210820K->1066K(235968K), 0.0078090 secs] 1203239K->993534K(1546688K), 0.0080900 secs] [Times: user=0.03 sys=0.01, real=0.01 secs] 
127835.161: [GC 127835.161: [ParNew: 210858K->1140K(235968K), 0.0143010 secs] 1203326K->993657K(1546688K), 0.0144950 secs] [Times: user=0.03 sys=0.00, real=0.02 secs] 
127839.355: [GC 127839.355: [ParNew: 210932K->1074K(235968K), 0.0054160 secs] 1203449K->993731K(1546688K), 0.0056920 secs] [Times: user=0.04 sys=0.00, real=0.00 secs] 
127860.186: [GC 127860.186: [ParNew: 210866K->598K(235968K), 0.0080410 secs] 1203523K->993309K(1546688K), 0.0083150 secs] [Times: user=0.03 sys=0.00, real=0.01 secs] 
127869.454: [GC 127869.454: [ParNew: 210378K->804K(235968K), 0.0078540 secs] 1203089K->993563K(1546688K), 0.0081220 secs] [Times: user=0.03 sys=0.00, real=0.01 secs] 
127883.692: [GC 127883.692: [ParNew: 210596K->764K(235968K), 0.0079900 secs] 1203355K->993567K(1546688K), 0.0082670 secs] [Times: user=0.03 sys=0.00, real=0.01 secs] 
127895.197: [GC 127895.197: [ParNew: 210538K->732K(235968K), 0.0062910 secs] 1203341K->993584K(1546688K), 0.0065660 secs] [Times: user=0.03 sys=0.00, real=0.01 secs] 
127901.031: [GC 127901.031: [ParNew: 210524K->647K(235968K), 0.0104240 secs] 1203376K->993549K(1546688K), 0.0107300 secs] [Times: user=0.03 sys=0.00, real=0.02 secs] 
127920.214: [GC 127920.214: [ParNew: 210377K->1133K(235968K), 0.0081300 secs] 1203278K->994088K(1546688K), 0.0084110 secs] [Times: user=0.03 sys=0.00, real=0.01 secs] 
127929.488: [GC 127929.488: [ParNew: 210852K->899K(235968K), 0.0085130 secs] 1203807K->993953K(1546688K), 0.0087460 secs] [Times: user=0.03 sys=0.00, real=0.00 secs] 
127943.727: [GC 127943.728: [ParNew: 210691K->1140K(235968K), 0.0063190 secs] 1203745K->994238K(1546688K), 0.0065950 secs] [Times: user=0.03 sys=0.00, real=0.00 secs] 
127956.130: [GC 127956.130: [ParNew: 210932K->1000K(235968K), 0.0075130 secs] 1204030K->994148K(1546688K), 0.0077270 secs] [Times: user=0.03 sys=0.00, real=0.01 secs] 
127963.123: [GC 127963.123: [ParNew: 210792K->736K(235968K), 0.0142130 secs] 1203940K->993946K(1546688K), 0.0144790 secs] [Times: user=0.05 sys=0.00, real=0.01 secs] 
127980.230: [GC 127980.230: [ParNew: 210528K->1139K(235968K), 0.0072930 secs] 1203738K->994402K(1546688K), 0.0075710 secs] [Times: user=0.03 sys=0.01, real=0.00 secs] 
127989.483: [GC 127989.483: [ParNew: 210931K->1217K(235968K), 0.0061410 secs] 1204194K->994556K(1546688K), 0.0063540 secs] [Times: user=0.03 sys=0.00, real=0.01 secs] 
128003.730: [GC 128003.731: [ParNew: 211009K->926K(235968K), 0.0079010 secs] 1204348K->994328K(1546688K), 0.0081930 secs] [Times: user=0.03 sys=0.00, real=0.01 secs] 
128016.133: [GC 128016.134: [ParNew: 210718K->1008K(235968K), 0.0075810 secs] 1204120K->994458K(1546688K), 0.0078160 secs] [Times: user=0.03 sys=0.00, real=0.01 secs] 
128021.057: [GC 128021.058: [ParNew: 210745K->1013K(235968K), 0.0058100 secs] 1204196K->994515K(1546688K), 0.0060740 secs] [Times: user=0.04 sys=0.00, real=0.01 secs] 
128040.242: [GC 128040.243: [ParNew: 210758K->701K(235968K), 0.0369810 secs] 1204259K->994256K(1546688K), 0.0372590 secs] [Times: user=0.03 sys=0.00, real=0.04 secs] 
128052.970: [GC 128052.970: [ParNew: 210493K->959K(235968K), 0.0163280 secs] 1204048K->994566K(1546688K), 0.0166430 secs] [Times: user=0.02 sys=0.00, real=0.01 secs] 
128063.754: [GC 128063.754: [ParNew: 210751K->1611K(235968K), 0.0133760 secs] 1204358K->995269K(1546688K), 0.0136040 secs] [Times: user=0.03 sys=0.00, real=0.02 secs] 
128076.151: [GC 128076.151: [ParNew: 211403K->1933K(235968K), 0.0097240 secs] 1205061K->995779K(1546688K), 0.0099890 secs] [Times: user=0.03 sys=0.00, real=0.01 secs] 
128081.077: [GC 128081.077: [ParNew: 211711K->1902K(235968K), 0.0080890 secs] 1205557K->995828K(1546688K), 0.0083580 secs] [Times: user=0.03 sys=0.00, real=0.01 secs] 
128107.017: [GC 128107.018: [ParNew: 211689K->1920K(235968K), 0.0145090 secs] 1205615K->996024K(1546688K), 0.0147700 secs] [Times: user=0.04 sys=0.00, real=0.02 secs] 
128112.988: [GC 128112.988: [ParNew: 211712K->1095K(235968K), 0.0118950 secs] 1205816K->995814K(1546688K), 0.0121590 secs] [Times: user=0.03 sys=0.00, real=0.02 secs] 
128126.768: [GC 128126.768: [ParNew: 210878K->1444K(235968K), 0.0085510 secs] 1205597K->996224K(1546688K), 0.0087500 secs] [Times: user=0.03 sys=0.00, real=0.01 secs] 
128136.190: [GC 128136.191: [ParNew: 211230K->1382K(235968K), 0.0102770 secs] 1206010K->996206K(1546688K), 0.0104980 secs] [Times: user=0.03 sys=0.00, real=0.01 secs] 
128143.181: [GC 128143.181: [ParNew: 211174K->987K(235968K), 0.0077200 secs] 1205998K->995868K(1546688K), 0.0079490 secs] [Times: user=0.03 sys=0.00, real=0.01 secs] 
128167.059: [GC 128167.059: [ParNew: 210779K->1010K(235968K), 0.0063920 secs] 1205660K->995940K(1546688K), 0.0066990 secs] [Times: user=0.03 sys=0.00, real=0.01 secs] 
128173.008: [GC 128173.008: [ParNew: 210799K->812K(235968K), 0.0057510 secs] 1205730K->995893K(1546688K), 0.0060310 secs] [Times: user=0.04 sys=0.00, real=0.01 secs] 
128186.793: [GC 128186.793: [ParNew: 210509K->629K(235968K), 0.0055010 secs] 1205590K->995754K(1546688K), 0.0057750 secs] [Times: user=0.03 sys=0.00, real=0.01 secs] 
128197.188: [GC 128197.188: [ParNew: 210361K->856K(235968K), 0.0070770 secs] 1205486K->996039K(1546688K), 0.0073840 secs] [Times: user=0.03 sys=0.00, real=0.01 secs] 
128203.202: [GC 128203.202: [ParNew: 210648K->734K(235968K), 0.0052520 secs] 1205831K->995967K(1546688K), 0.0054810 secs] [Times: user=0.03 sys=0.00, real=0.01 secs] 
128227.077: [GC 128227.077: [ParNew: 210505K->1105K(235968K), 0.0075740 secs] 1205738K->996396K(1546688K), 0.0078380 secs] [Times: user=0.04 sys=0.00, real=0.01 secs] 
128235.116: [GC 128235.116: [ParNew: 210871K->803K(235968K), 0.0167770 secs] 1206163K->996146K(1546688K), 0.0170870 secs] [Times: user=0.04 sys=0.00, real=0.02 secs] 
128254.739: [GC 128254.740: [ParNew: 210595K->1096K(235968K), 0.0093010 secs] 1205938K->996488K(1546688K), 0.0095650 secs] [Times: user=0.03 sys=0.00, real=0.01 secs] 
128257.220: [GC 128257.221: [ParNew: 210884K->1212K(235968K), 0.0130810 secs] 1206276K->996648K(1546688K), 0.0134160 secs] [Times: user=0.04 sys=0.00, real=0.01 secs] 
128273.092: [GC 128273.092: [ParNew: 211001K->880K(235968K), 0.0261060 secs] 1206437K->996362K(1546688K), 0.0264270 secs] [Times: user=0.05 sys=0.00, real=0.03 secs] 
128288.602: [GC 128288.602: [ParNew: 210654K->934K(235968K), 0.0089550 secs] 1206135K->996463K(1546688K), 0.0092040 secs] [Times: user=0.04 sys=0.00, real=0.01 secs] 
128295.156: [GC 128295.156: [ParNew: 210714K->893K(235968K), 0.0097510 secs] 1206243K->996572K(1546688K), 0.0100460 secs] [Times: user=0.03 sys=0.00, real=0.01 secs] 
128314.770: [GC 128314.770: [ParNew: 210590K->987K(235968K), 0.0115410 secs] 1206269K->996715K(1546688K), 0.0119930 secs] [Times: user=0.03 sys=0.01, real=0.01 secs] 
128319.418: [GC 128319.418: [ParNew: 210779K->719K(235968K), 0.0128240 secs] 1206507K->996483K(1546688K), 0.0131090 secs] [Times: user=0.04 sys=0.00, real=0.01 secs] 
128333.141: [GC 128333.141: [ParNew: 210450K->948K(235968K), 0.0099880 secs] 1206214K->996761K(1546688K), 0.0102150 secs] [Times: user=0.03 sys=0.00, real=0.01 secs] 
128349.529: [GC 128349.529: [ParNew: 210740K->1124K(235968K), 0.0057200 secs] 1206553K->996990K(1546688K), 0.0060380 secs] [Times: user=0.03 sys=0.00, real=0.01 secs] 
128362.765: [GC 128362.765: [ParNew: 210916K->597K(235968K), 0.0060660 secs] 1206782K->996512K(1546688K), 0.0062890 secs] [Times: user=0.03 sys=0.00, real=0.01 secs] 
128375.242: [GC 128375.242: [ParNew: 210389K->893K(235968K), 0.0068020 secs] 1206304K->996858K(1546688K), 0.0070260 secs] [Times: user=0.04 sys=0.01, real=0.01 secs] 
128379.457: [GC 128379.457: [ParNew: 210685K->699K(235968K), 0.0172930 secs] 1206650K->996713K(1546688K), 0.0175680 secs] [Times: user=0.03 sys=0.00, real=0.01 secs] 
128400.258: [GC 128400.258: [ParNew: 210491K->977K(235968K), 0.0094470 secs] 1206505K->997044K(1546688K), 0.0097520 secs] [Times: user=0.03 sys=0.00, real=0.01 secs] 
128409.556: [GC 128409.557: [ParNew: 210676K->1114K(235968K), 0.0098110 secs] 1206743K->997221K(1546688K), 0.0100620 secs] [Times: user=0.03 sys=0.00, real=0.01 secs] 
128423.836: [GC 128423.837: [ParNew: 210899K->1134K(235968K), 0.0083850 secs] 1207006K->997286K(1546688K), 0.0086450 secs] [Times: user=0.03 sys=0.00, real=0.01 secs] 
128435.268: [GC 128435.268: [ParNew: 210905K->811K(235968K), 0.0105560 secs] 1207056K->997013K(1546688K), 0.0107230 secs] [Times: user=0.03 sys=0.00, real=0.01 secs] 
128441.106: [GC 128441.106: [ParNew: 210603K->1027K(235968K), 0.0066770 secs] 1206805K->997285K(1546688K), 0.0069310 secs] [Times: user=0.03 sys=0.00, real=0.01 secs] 
128460.299: [GC 128460.299: [ParNew: 210819K->590K(235968K), 0.0065210 secs] 1207077K->996911K(1546688K), 0.0068070 secs] [Times: user=0.04 sys=0.00, real=0.01 secs] 
128473.042: [GC 128473.043: [ParNew: 210380K->743K(235968K), 0.0078300 secs] 1206701K->997118K(1546688K), 0.0081200 secs] [Times: user=0.03 sys=0.00, real=0.00 secs] 
128483.866: [GC 128483.866: [ParNew: 210535K->852K(235968K), 0.0058410 secs] 1206910K->997271K(1546688K), 0.0061070 secs] [Times: user=0.04 sys=0.00, real=0.01 secs] 
128496.237: [GC 128496.238: [ParNew: 210644K->1229K(235968K), 0.0055240 secs] 1207063K->997698K(1546688K), 0.0057880 secs] [Times: user=0.03 sys=0.01, real=0.01 secs] 
128503.228: [GC 128503.228: [ParNew: 211006K->941K(235968K), 0.0055000 secs] 1207475K->997460K(1546688K), 0.0057720 secs] [Times: user=0.03 sys=0.00, real=0.00 secs] 
128527.098: [GC 128527.098: [ParNew: 210733K->1249K(235968K), 0.0069710 secs] 1207252K->997820K(1546688K), 0.0071770 secs] [Times: user=0.04 sys=0.00, real=0.01 secs] 
128533.066: [GC 128533.066: [ParNew: 211041K->1166K(235968K), 0.0060920 secs] 1207612K->997801K(1546688K), 0.0063550 secs] [Times: user=0.04 sys=0.00, real=0.00 secs] 
128546.854: [GC 128546.854: [ParNew: 210958K->957K(235968K), 0.0057930 secs] 1207593K->997649K(1546688K), 0.0060800 secs] [Times: user=0.03 sys=0.00, real=0.01 secs] 
128557.249: [GC 128557.249: [ParNew: 210660K->836K(235968K), 0.0068470 secs] 1207352K->997588K(1546688K), 0.0071160 secs] [Times: user=0.03 sys=0.00, real=0.00 secs] 
128563.264: [GC 128563.264: [ParNew: 210628K->913K(235968K), 0.0060020 secs] 1207380K->997702K(1546688K), 0.0062500 secs] [Times: user=0.03 sys=0.00, real=0.01 secs] 
128587.148: [GC 128587.148: [ParNew: 210705K->850K(235968K), 0.0049480 secs] 1207494K->997687K(1546688K), 0.0052650 secs] [Times: user=0.03 sys=0.00, real=0.00 secs] 
128593.114: [GC 128593.115: [ParNew: 210642K->777K(235968K), 0.0049760 secs] 1207479K->997669K(1546688K), 0.0052410 secs] [Times: user=0.04 sys=0.00, real=0.00 secs] 
128614.790: [GC 128614.790: [ParNew: 210569K->957K(235968K), 0.0050180 secs] 1207461K->997897K(1546688K), 0.0052840 secs] [Times: user=0.03 sys=0.00, real=0.00 secs] 
128617.287: [GC 128617.287: [ParNew: 210702K->904K(235968K), 0.0050310 secs] 1207643K->997888K(1546688K), 0.0052900 secs] [Times: user=0.03 sys=0.00, real=0.01 secs] 
128633.200: [GC 128633.201: [ParNew: 210696K->915K(235968K), 0.0108670 secs] 1207680K->997936K(1546688K), 0.0111710 secs] [Times: user=0.04 sys=0.01, real=0.01 secs] 
128648.795: [GC 128648.795: [ParNew: 210707K->828K(235968K), 0.0072450 secs] 1207728K->997885K(1546688K), 0.0075140 secs] [Times: user=0.03 sys=0.00, real=0.00 secs] 
128655.276: [GC 128655.276: [ParNew: 210620K->725K(235968K), 0.0175380 secs] 1207677K->997832K(1546688K), 0.0177970 secs] [Times: user=0.04 sys=0.00, real=0.02 secs] 
128674.819: [GC 128674.819: [ParNew: 210517K->797K(235968K), 0.0067850 secs] 1207624K->997965K(1546688K), 0.0070000 secs] [Times: user=0.03 sys=0.00, real=0.01 secs] 
128679.488: [GC 128679.488: [ParNew: 210559K->587K(235968K), 0.0191760 secs] 1207727K->997816K(1546688K), 0.0194860 secs] [Times: user=0.03 sys=0.00, real=0.02 secs] 
128693.236: [GC 128693.236: [ParNew: 210379K->891K(235968K), 0.0140000 secs] 1207608K->998273K(1546688K), 0.0142120 secs] [Times: user=0.02 sys=0.01, real=0.02 secs] 
128709.736: [GC 128709.736: [ParNew: 210683K->624K(235968K), 0.0078460 secs] 1208065K->998060K(1546688K), 0.0081320 secs] [Times: user=0.03 sys=0.00, real=0.00 secs] 
128723.886: [GC 128723.886: [ParNew: 210416K->855K(235968K), 0.0152040 secs] 1207852K->998336K(1546688K), 0.0154740 secs] [Times: user=0.04 sys=0.00, real=0.01 secs] 
128735.292: [GC 128735.292: [ParNew: 210647K->705K(235968K), 0.0099850 secs] 1208128K->998236K(1546688K), 0.0102960 secs] [Times: user=0.02 sys=0.00, real=0.01 secs] 
128741.130: [GC 128741.130: [ParNew: 210497K->540K(235968K), 0.0056140 secs] 1208028K->998107K(1546688K), 0.0059280 secs] [Times: user=0.03 sys=0.00, real=0.00 secs] 
128760.324: [GC 128760.324: [ParNew: 210332K->693K(235968K), 0.0067010 secs] 1207899K->998302K(1546688K), 0.0071250 secs] [Times: user=0.03 sys=0.00, real=0.01 secs] 
128769.775: [GC 128769.776: [ParNew: 210424K->1130K(235968K), 0.0075630 secs] 1208033K->998782K(1546688K), 0.0078700 secs] [Times: user=0.04 sys=0.00, real=0.00 secs] 
128783.938: [GC 128783.938: [ParNew: 210922K->806K(235968K), 0.0068750 secs] 1208574K->998503K(1546688K), 0.0071400 secs] [Times: user=0.03 sys=0.01, real=0.01 secs] 
128796.295: [GC 128796.295: [ParNew: 210586K->963K(235968K), 0.0093240 secs] 1208284K->998711K(1546688K), 0.0098320 secs] [Times: user=0.03 sys=0.00, real=0.01 secs] 
128803.289: [GC 128803.289: [ParNew: 210755K->907K(235968K), 0.0055180 secs] 1208503K->998704K(1546688K), 0.0058000 secs] [Times: user=0.03 sys=0.00, real=0.01 secs] 
128827.157: [GC 128827.157: [ParNew: 210699K->1151K(235968K), 0.0070120 secs] 1208496K->998997K(1546688K), 0.0072850 secs] [Times: user=0.04 sys=0.00, real=0.00 secs] 
128833.123: [GC 128833.124: [ParNew: 210943K->1058K(235968K), 0.0076640 secs] 1208789K->998947K(1546688K), 0.0079510 secs] [Times: user=0.03 sys=0.00, real=0.01 secs] 
128846.914: [GC 128846.914: [ParNew: 210850K->1127K(235968K), 0.0078700 secs] 1208739K->999059K(1546688K), 0.0081790 secs] [Times: user=0.03 sys=0.00, real=0.00 secs] 
128857.306: [GC 128857.306: [ParNew: 210909K->1233K(235968K), 0.0078820 secs] 1208841K->999214K(1546688K), 0.0081890 secs] [Times: user=0.03 sys=0.00, real=0.01 secs] 
128863.332: [GC 128863.333: [ParNew: 211025K->911K(235968K), 0.0079140 secs] 1209006K->998943K(1546688K), 0.0081670 secs] [Times: user=0.03 sys=0.01, real=0.01 secs] 
128887.191: [GC 128887.192: [ParNew: 210668K->756K(235968K), 0.0069670 secs] 1208699K->998842K(1546688K), 0.0072010 secs] [Times: user=0.02 sys=0.00, real=0.01 secs] 
128893.155: [GC 128893.155: [ParNew: 210548K->877K(235968K), 0.0078590 secs] 1208634K->999017K(1546688K), 0.0081370 secs] [Times: user=0.03 sys=0.00, real=0.01 secs] 
128906.945: [GC 128906.945: [ParNew: 210614K->1053K(235968K), 0.0059280 secs] 1208754K->999242K(1546688K), 0.0062020 secs] [Times: user=0.03 sys=0.00, real=0.00 secs] 
128917.336: [GC 128917.336: [ParNew: 210845K->1215K(235968K), 0.0131640 secs] 1209034K->999447K(1546688K), 0.0134140 secs] [Times: user=0.03 sys=0.00, real=0.01 secs] 
128933.243: [GC 128933.243: [ParNew: 211007K->1196K(235968K), 0.0169650 secs] 1209239K->999477K(1546688K), 0.0173030 secs] [Times: user=0.04 sys=0.00, real=0.02 secs] 
128948.847: [GC 128948.847: [ParNew: 210988K->1009K(235968K), 0.0081950 secs] 1209269K->999455K(1546688K), 0.0084950 secs] [Times: user=0.03 sys=0.00, real=0.00 secs] 
128955.433: [GC 128955.433: [ParNew: 210699K->578K(235968K), 0.0079180 secs] 1209145K->999193K(1546688K), 0.0082020 secs] [Times: user=0.03 sys=0.00, real=0.01 secs] 
128974.861: [GC 128974.861: [ParNew: 210201K->745K(235968K), 0.0067620 secs] 1208816K->999409K(1546688K), 0.0070640 secs] [Times: user=0.03 sys=0.00, real=0.01 secs] 
128979.535: [GC 128979.535: [ParNew: 210537K->1044K(235968K), 0.0341670 secs] 1209201K->999759K(1546688K), 0.0344630 secs] [Times: user=0.05 sys=0.00, real=0.03 secs] 
128993.289: [GC 128993.289: [ParNew: 210778K->824K(235968K), 0.0090680 secs] 1209493K->999587K(1546688K), 0.0093720 secs] [Times: user=0.03 sys=0.00, real=0.01 secs] 
129008.886: [GC 129008.886: [ParNew: 210585K->790K(235968K), 0.0087690 secs] 1209349K->999608K(1546688K), 0.0089600 secs] [Times: user=0.03 sys=0.00, real=0.01 secs] 
129015.467: [GC 129015.468: [ParNew: 210582K->960K(235968K), 0.0078970 secs] 1209400K->999838K(1546688K), 0.0081480 secs] [Times: user=0.02 sys=0.00, real=0.00 secs] 
129035.334: [GC 129035.334: [ParNew: 210752K->906K(235968K), 0.0068570 secs] 1209630K->999833K(1546688K), 0.0071530 secs] [Times: user=0.03 sys=0.00, real=0.00 secs] 
129039.578: [GC 129039.579: [ParNew: 210623K->829K(235968K), 0.0080940 secs] 1209550K->999805K(1546688K), 0.0084060 secs] [Times: user=0.03 sys=0.00, real=0.01 secs] 
129060.354: [GC 129060.354: [ParNew: 210621K->864K(235968K), 0.0091530 secs] 1209597K->999998K(1546688K), 0.0093510 secs] [Times: user=0.03 sys=0.00, real=0.01 secs] 
129069.821: [GC 129069.821: [ParNew: 210656K->871K(235968K), 0.0074180 secs] 1209790K->1000041K(1546688K), 0.0077000 secs] [Times: user=0.04 sys=0.01, real=0.01 secs] 
129084.002: [GC 129084.002: [ParNew: 210663K->797K(235968K), 0.0195870 secs] 1209833K->1000012K(1546688K), 0.0199150 secs] [Times: user=0.05 sys=0.00, real=0.02 secs] 
129096.345: [GC 129096.346: [ParNew: 210533K->1176K(235968K), 0.0091440 secs] 1209748K->1000435K(1546688K), 0.0093560 secs] [Times: user=0.03 sys=0.00, real=0.01 secs] 
129101.198: [GC 129101.198: [ParNew: 210968K->740K(235968K), 0.0100350 secs] 1210227K->1000048K(1546688K), 0.0102420 secs] [Times: user=0.03 sys=0.00, real=0.01 secs] 
129120.390: [GC 129120.390: [ParNew: 210525K->718K(235968K), 0.0100810 secs] 1209833K->1000080K(1546688K), 0.0102900 secs] [Times: user=0.04 sys=0.00, real=0.02 secs] 
129133.166: [GC 129133.166: [ParNew: 210510K->933K(235968K), 0.0090680 secs] 1209872K->1000347K(1546688K), 0.0092830 secs] [Times: user=0.04 sys=0.00, real=0.01 secs] 
129146.957: [GC 129146.957: [ParNew: 210725K->1207K(235968K), 0.0061790 secs] 1210139K->1000667K(1546688K), 0.0064980 secs] [Times: user=0.03 sys=0.00, real=0.00 secs] 
129156.510: [GC 129156.510: [ParNew: 210999K->1065K(235968K), 0.0086810 secs] 1210459K->1000568K(1546688K), 0.0089730 secs] [Times: user=0.03 sys=0.01, real=0.01 secs] 
129163.379: [GC 129163.379: [ParNew: 210857K->568K(235968K), 0.0071980 secs] 1210360K->1000178K(1546688K), 0.0074630 secs] [Times: user=0.04 sys=0.00, real=0.01 secs] 
129187.238: [GC 129187.238: [ParNew: 210360K->882K(235968K), 0.0133390 secs] 1209970K->1000534K(1546688K), 0.0135630 secs] [Times: user=0.03 sys=0.00, real=0.02 secs] 
129193.406: [GC 129193.406: [ParNew: 210674K->717K(235968K), 0.0061880 secs] 1210326K->1000425K(1546688K), 0.0063890 secs] [Times: user=0.04 sys=0.01, real=0.01 secs] 
129206.997: [GC 129206.998: [ParNew: 210509K->793K(235968K), 0.0092150 secs] 1210217K->1000545K(1546688K), 0.0094890 secs] [Times: user=0.03 sys=0.00, real=0.01 secs] 
129217.383: [GC 129217.383: [ParNew: 210585K->1207K(235968K), 0.0069850 secs] 1210337K->1001010K(1546688K), 0.0072040 secs] [Times: user=0.03 sys=0.00, real=0.01 secs] 
129223.412: [GC 129223.412: [ParNew: 210999K->1020K(235968K), 0.0099650 secs] 1210802K->1000871K(1546688K), 0.0102220 secs] [Times: user=0.03 sys=0.00, real=0.01 secs] 
129247.265: [GC 129247.266: [ParNew: 210778K->879K(235968K), 0.0097940 secs] 1210629K->1000784K(1546688K), 0.0100650 secs] [Times: user=0.03 sys=0.00, real=0.01 secs] 
129253.440: [GC 129253.440: [ParNew: 210670K->808K(235968K), 0.0399580 secs] 1210575K->1000776K(1546688K), 0.0402650 secs] [Times: user=0.07 sys=0.00, real=0.04 secs] 
129267.666: [GC 129267.666: [ParNew: 210600K->573K(235968K), 0.0096710 secs] 1210568K->1000602K(1546688K), 0.0099320 secs] [Times: user=0.03 sys=0.00, real=0.01 secs] 
129277.410: [GC 129277.410: [ParNew: 210365K->828K(235968K), 0.0114110 secs] 1210394K->1000901K(1546688K), 0.0116210 secs] [Times: user=0.03 sys=0.00, real=0.01 secs] 
129283.398: [GC 129283.399: [ParNew: 210620K->908K(235968K), 0.0073730 secs] 1210693K->1001032K(1546688K), 0.0076500 secs] [Times: user=0.03 sys=0.00, real=0.01 secs] 
129307.275: [GC 129307.275: [ParNew: 210644K->836K(235968K), 0.0079920 secs] 1210768K->1001128K(1546688K), 0.0083020 secs] [Times: user=0.03 sys=0.00, real=0.01 secs] 
129313.428: [GC 129313.429: [ParNew: 210628K->829K(235968K), 0.0265540 secs] 1210920K->1001175K(1546688K), 0.0268590 secs] [Times: user=0.06 sys=0.00, real=0.03 secs] 
129327.016: [GC 129327.016: [ParNew: 210621K->731K(235968K), 0.0070100 secs] 1210967K->1001139K(1546688K), 0.0072620 secs] [Times: user=0.03 sys=0.00, real=0.01 secs] 
129337.410: [GC 129337.411: [ParNew: 210523K->703K(235968K), 0.0062310 secs] 1210931K->1001150K(1546688K), 0.0065320 secs] [Times: user=0.03 sys=0.00, real=0.01 secs] 
129343.439: [GC 129343.440: [ParNew: 210434K->813K(235968K), 0.0058490 secs] 1210881K->1001314K(1546688K), 0.0060760 secs] [Times: user=0.03 sys=0.00, real=0.01 secs] 
129368.922: [GC 129368.922: [ParNew: 210605K->942K(235968K), 0.0230450 secs] 1211106K->1001494K(1546688K), 0.0233030 secs] [Times: user=0.10 sys=0.00, real=0.02 secs] 
129375.548: [GC 129375.548: [ParNew: 210706K->956K(235968K), 0.0069270 secs] 1211258K->1001557K(1546688K), 0.0071550 secs] [Times: user=0.03 sys=0.00, real=0.01 secs] 
129394.904: [GC 129394.904: [ParNew: 210735K->1158K(235968K), 0.0072860 secs] 1211335K->1001814K(1546688K), 0.0075920 secs] [Times: user=0.04 sys=0.00, real=0.01 secs] 
129397.442: [GC 129397.442: [ParNew: 210945K->843K(235968K), 0.0068390 secs] 1211601K->1001543K(1546688K), 0.0070690 secs] [Times: user=0.03 sys=0.00, real=0.01 secs] 
129413.370: [GC 129413.370: [ParNew: 210619K->1209K(235968K), 0.0152870 secs] 1211318K->1002072K(1546688K), 0.0155620 secs] [Times: user=0.04 sys=0.00, real=0.02 secs] 
129428.956: [GC 129428.956: [ParNew: 210977K->849K(235968K), 0.0057660 secs] 1211839K->1001754K(1546688K), 0.0060430 secs] [Times: user=0.03 sys=0.00, real=0.01 secs] 
129435.595: [GC 129435.595: [ParNew: 210641K->820K(235968K), 0.0067510 secs] 1211546K->1001773K(1546688K), 0.0070340 secs] [Times: user=0.03 sys=0.00, real=0.01 secs] 
129455.371: [GC 129455.372: [ParNew: 210612K->450K(235968K), 0.0077260 secs] 1211565K->1001453K(1546688K), 0.0079770 secs] [Times: user=0.04 sys=0.00, real=0.01 secs] 
129459.616: [GC 129459.616: [ParNew: 210233K->588K(235968K), 0.0075380 secs] 1211236K->1001643K(1546688K), 0.0077720 secs] [Times: user=0.03 sys=0.00, real=0.01 secs] 
129473.413: [GC 129473.413: [ParNew: 210380K->699K(235968K), 0.0156020 secs] 1211435K->1001803K(1546688K), 0.0159180 secs] [Times: user=0.04 sys=0.00, real=0.02 secs] 
129489.885: [GC 129489.885: [ParNew: 210491K->936K(235968K), 0.0071770 secs] 1211595K->1002089K(1546688K), 0.0073980 secs] [Times: user=0.03 sys=0.00, real=0.01 secs] 
129504.075: [GC 129504.076: [ParNew: 210728K->916K(235968K), 0.0203730 secs] 1211881K->1002114K(1546688K), 0.0207330 secs] [Times: user=0.04 sys=0.00, real=0.02 secs] 
129515.401: [GC 129515.401: [ParNew: 210683K->707K(235968K), 0.0079910 secs] 1211881K->1001954K(1546688K), 0.0082550 secs] [Times: user=0.03 sys=0.00, real=0.01 secs] 
129519.640: [GC 129519.640: [ParNew: 210499K->756K(235968K), 0.0123760 secs] 1211746K->1002052K(1546688K), 0.0126150 secs] [Times: user=0.03 sys=0.00, real=0.01 secs] 
129540.420: [GC 129540.420: [ParNew: 210541K->781K(235968K), 0.0076860 secs] 1211837K->1002196K(1546688K), 0.0079930 secs] [Times: user=0.04 sys=0.00, real=0.01 secs] 
129549.917: [GC 129549.917: [ParNew: 210462K->929K(235968K), 0.0053820 secs] 1211878K->1002398K(1546688K), 0.0056750 secs] [Times: user=0.03 sys=0.00, real=0.00 secs] 
129564.154: [GC 129564.154: [ParNew: 210721K->743K(235968K), 0.0184780 secs] 1212190K->1002261K(1546688K), 0.0187880 secs] [Times: user=0.03 sys=0.00, real=0.02 secs] 
129576.677: [GC 129576.677: [ParNew: 210535K->993K(235968K), 0.0101660 secs] 1212053K->1002555K(1546688K), 0.0104390 secs] [Times: user=0.03 sys=0.00, real=0.01 secs] 
129581.267: [GC 129581.268: [ParNew: 210785K->792K(235968K), 0.0111870 secs] 1212347K->1002407K(1546688K), 0.0113730 secs] [Times: user=0.03 sys=0.00, real=0.02 secs] 
129607.303: [GC 129607.303: [ParNew: 210558K->915K(235968K), 0.0188510 secs] 1212173K->1002584K(1546688K), 0.0191500 secs] [Times: user=0.04 sys=0.00, real=0.02 secs] 
129613.462: [GC 129613.463: [ParNew: 210690K->979K(235968K), 0.0082710 secs] 1212359K->1002698K(1546688K), 0.0085680 secs] [Times: user=0.03 sys=0.00, real=0.01 secs] 
129627.051: [GC 129627.051: [ParNew: 210771K->1019K(235968K), 0.0072980 secs] 1212490K->1002788K(1546688K), 0.0075840 secs] [Times: user=0.03 sys=0.00, real=0.00 secs] 
129636.723: [GC 129636.723: [ParNew: 210811K->797K(235968K), 0.0220290 secs] 1212580K->1002610K(1546688K), 0.0223410 secs] [Times: user=0.05 sys=0.00, real=0.02 secs] 
129643.469: [GC 129643.470: [ParNew: 210589K->771K(235968K), 0.0092910 secs] 1212402K->1002628K(1546688K), 0.0095420 secs] [Times: user=0.03 sys=0.00, real=0.01 secs] 
129667.436: [GC 129667.436: [ParNew: 210469K->1297K(235968K), 0.0069920 secs] 1212325K->1003207K(1546688K), 0.0072890 secs] [Times: user=0.03 sys=0.00, real=0.00 secs] 
129673.499: [GC 129673.499: [ParNew: 211089K->753K(235968K), 0.0246460 secs] 1212999K->1002713K(1546688K), 0.0249430 secs] [Times: user=0.07 sys=0.01, real=0.03 secs] 
129687.066: [GC 129687.067: [ParNew: 210545K->1170K(235968K), 0.0078430 secs] 1212505K->1003178K(1546688K), 0.0080930 secs] [Times: user=0.03 sys=0.00, real=0.01 secs] 
129696.741: [GC 129696.741: [ParNew: 210889K->1005K(235968K), 0.0201870 secs] 1212897K->1003075K(1546688K), 0.0204830 secs] [Times: user=0.04 sys=0.00, real=0.02 secs] 
129703.491: [GC 129703.491: [ParNew: 210797K->977K(235968K), 0.0071310 secs] 1212867K->1003110K(1546688K), 0.0074340 secs] [Times: user=0.03 sys=0.00, real=0.00 secs] 
129727.462: [GC 129727.462: [ParNew: 210769K->831K(235968K), 0.0068970 secs] 1212902K->1003019K(1546688K), 0.0071480 secs] [Times: user=0.04 sys=0.00, real=0.01 secs] 
129733.540: [GC 129733.540: [ParNew: 210607K->654K(235968K), 0.0120200 secs] 1212795K->1002897K(1546688K), 0.0123430 secs] [Times: user=0.03 sys=0.00, real=0.01 secs] 
129747.105: [GC 129747.105: [ParNew: 210418K->918K(235968K), 0.0088410 secs] 1212661K->1003319K(1546688K), 0.0091260 secs] [Times: user=0.03 sys=0.00, real=0.01 secs] 
129757.493: [GC 129757.493: [ParNew: 210680K->864K(235968K), 0.0099200 secs] 1213082K->1003319K(1546688K), 0.0102240 secs] [Times: user=0.03 sys=0.00, real=0.01 secs] 
129772.821: [GC 129772.821: [ParNew: 210656K->704K(235968K), 0.0091090 secs] 1213111K->1003223K(1546688K), 0.0093850 secs] [Times: user=0.03 sys=0.00, real=0.01 secs] 
129789.001: [GC 129789.001: [ParNew: 210496K->1219K(235968K), 0.0086000 secs] 1213015K->1003786K(1546688K), 0.0088020 secs] [Times: user=0.03 sys=0.01, real=0.01 secs] 
129795.628: [GC 129795.629: [ParNew: 211011K->1435K(235968K), 0.0074590 secs] 1213578K->1004050K(1546688K), 0.0076680 secs] [Times: user=0.03 sys=0.01, real=0.01 secs] 
129809.306: [GC 129809.306: [ParNew: 211227K->1209K(235968K), 0.0072510 secs] 1213842K->1003887K(1546688K), 0.0075100 secs] [Times: user=0.03 sys=0.00, real=0.01 secs] 
129817.503: [GC 129817.503: [ParNew: 210986K->1512K(235968K), 0.0075390 secs] 1213664K->1004241K(1546688K), 0.0077430 secs] [Times: user=0.04 sys=0.00, real=0.00 secs] 
129833.452: [GC 129833.452: [ParNew: 211208K->1007K(235968K), 0.0235220 secs] 1213937K->1003791K(1546688K), 0.0238660 secs] [Times: user=0.04 sys=0.00, real=0.02 secs] 
129849.016: [GC 129849.016: [ParNew: 210788K->1120K(235968K), 0.0090900 secs] 1213573K->1004115K(1546688K), 0.0093360 secs] [Times: user=0.03 sys=0.00, real=0.00 secs] 
129855.660: [GC 129855.660: [ParNew: 210912K->707K(235968K), 0.0054770 secs] 1213907K->1003873K(1546688K), 0.0057510 secs] [Times: user=0.03 sys=0.00, real=0.01 secs] 
129874.988: [GC 129874.988: [ParNew: 210487K->961K(235968K), 0.0096250 secs] 1213653K->1004181K(1546688K), 0.0099170 secs] [Times: user=0.03 sys=0.00, real=0.01 secs] 
129879.664: [GC 129879.664: [ParNew: 210699K->959K(235968K), 0.0057910 secs] 1213918K->1004214K(1546688K), 0.0060700 secs] [Times: user=0.04 sys=0.00, real=0.00 secs] 
129893.511: [GC 129893.511: [ParNew: 210630K->445K(235968K), 0.0133130 secs] 1213885K->1003749K(1546688K), 0.0135670 secs] [Times: user=0.05 sys=0.00, real=0.01 secs] 
129909.957: [GC 129909.957: [ParNew: 210141K->741K(235968K), 0.0115290 secs] 1213445K->1004093K(1546688K), 0.0118570 secs] [Times: user=0.04 sys=0.00, real=0.01 secs] 
129924.183: [GC 129924.184: [ParNew: 210533K->651K(235968K), 0.0246960 secs] 1213885K->1004053K(1546688K), 0.0250020 secs] [Times: user=0.04 sys=0.01, real=0.03 secs] 
129935.454: [GC 129935.454: [ParNew: 210345K->945K(235968K), 0.0090980 secs] 1213746K->1004396K(1546688K), 0.0093590 secs] [Times: user=0.03 sys=0.00, real=0.01 secs] 
129941.291: [GC 129941.292: [ParNew: 210737K->890K(235968K), 0.0091160 secs] 1214188K->1004389K(1546688K), 0.0094080 secs] [Times: user=0.03 sys=0.00, real=0.00 secs] 
129960.484: [GC 129960.484: [ParNew: 210682K->834K(235968K), 0.0076870 secs] 1214181K->1004379K(1546688K), 0.0079850 secs] [Times: user=0.03 sys=0.00, real=0.01 secs] 
129970.001: [GC 129970.002: [ParNew: 210594K->1089K(235968K), 0.0088900 secs] 1214139K->1004680K(1546688K), 0.0092810 secs] [Times: user=0.03 sys=0.00, real=0.01 secs] 
129984.291: [GC 129984.291: [ParNew: 210827K->1069K(235968K), 0.0149510 secs] 1214417K->1004703K(1546688K), 0.0152390 secs] [Times: user=0.04 sys=0.00, real=0.02 secs] 
129996.768: [GC 129996.769: [ParNew: 210861K->977K(235968K), 0.0132920 secs] 1214495K->1004653K(1546688K), 0.0135710 secs] [Times: user=0.04 sys=0.00, real=0.01 secs] 
130001.338: [GC 130001.338: [ParNew: 210769K->710K(235968K), 0.0134300 secs] 1214445K->1004438K(1546688K), 0.0137130 secs] [Times: user=0.03 sys=0.01, real=0.01 secs] 
130027.517: [GC 130027.517: [ParNew: 210501K->758K(235968K), 0.0109880 secs] 1214229K->1004535K(1546688K), 0.0112210 secs] [Times: user=0.03 sys=0.00, real=0.02 secs] 
130033.555: [GC 130033.555: [ParNew: 210550K->952K(235968K), 0.0318340 secs] 1214327K->1004779K(1546688K), 0.0321350 secs] [Times: user=0.05 sys=0.00, real=0.04 secs] 
130047.133: [GC 130047.133: [ParNew: 210732K->935K(235968K), 0.0062190 secs] 1214558K->1004889K(1546688K), 0.0065120 secs] [Times: user=0.04 sys=0.00, real=0.01 secs] 
130056.796: [GC 130056.796: [ParNew: 210727K->842K(235968K), 0.0222350 secs] 1214681K->1004840K(1546688K), 0.0225330 secs] [Times: user=0.05 sys=0.00, real=0.02 secs] 
130063.557: [GC 130063.557: [ParNew: 210577K->823K(235968K), 0.0082650 secs] 1214575K->1004858K(1546688K), 0.0085300 secs] [Times: user=0.03 sys=0.00, real=0.01 secs] 
130087.536: [GC 130087.536: [ParNew: 210615K->780K(235968K), 0.0087030 secs] 1214650K->1004866K(1546688K), 0.0090200 secs] [Times: user=0.03 sys=0.00, real=0.01 secs] 
130093.599: [GC 130093.599: [ParNew: 210572K->793K(235968K), 0.0114650 secs] 1214658K->1004939K(1546688K), 0.0117170 secs] [Times: user=0.03 sys=0.00, real=0.01 secs] 
130107.156: [GC 130107.156: [ParNew: 210585K->810K(235968K), 0.0078130 secs] 1214731K->1005006K(1546688K), 0.0080410 secs] [Times: user=0.04 sys=0.00, real=0.00 secs] 
130117.543: [GC 130117.544: [ParNew: 210590K->837K(235968K), 0.0076580 secs] 1214786K->1005095K(1546688K), 0.0078810 secs] [Times: user=0.03 sys=0.01, real=0.01 secs] 
130123.573: [GC 130123.573: [ParNew: 210586K->912K(235968K), 0.0064440 secs] 1214845K->1005228K(1546688K), 0.0067320 secs] [Times: user=0.03 sys=0.00, real=0.01 secs] 
130147.563: [GC 130147.564: [ParNew: 210704K->955K(235968K), 0.0074400 secs] 1215020K->1005325K(1546688K), 0.0077330 secs] [Times: user=0.03 sys=0.00, real=0.01 secs] 
130153.628: [GC 130153.628: [ParNew: 210747K->974K(235968K), 0.0061980 secs] 1215117K->1005399K(1546688K), 0.0064830 secs] [Times: user=0.04 sys=0.00, real=0.01 secs] 
130167.186: [GC 130167.186: [ParNew: 210766K->945K(235968K), 0.0062610 secs] 1215191K->1005418K(1546688K), 0.0065640 secs] [Times: user=0.03 sys=0.00, real=0.01 secs] 
130177.564: [GC 130177.564: [ParNew: 210737K->1653K(235968K), 0.0099510 secs] 1215210K->1006182K(1546688K), 0.0102060 secs] [Times: user=0.03 sys=0.00, real=0.01 secs] 
130183.595: [GC 130183.595: [ParNew: 211445K->1883K(235968K), 0.0056740 secs] 1215974K->1006462K(1546688K), 0.0059440 secs] [Times: user=0.04 sys=0.00, real=0.00 secs] 
130207.691: [GC 130207.691: [ParNew: 211675K->1138K(235968K), 0.0085980 secs] 1216254K->1005771K(1546688K), 0.0088320 secs] [Times: user=0.04 sys=0.00, real=0.01 secs] 
130213.641: [GC 130213.642: [ParNew: 210875K->1327K(235968K), 0.0062880 secs] 1215507K->1006105K(1546688K), 0.0065580 secs] [Times: user=0.03 sys=0.00, real=0.00 secs] 
130229.721: [GC 130229.721: [ParNew: 211119K->603K(235968K), 0.0101420 secs] 1215897K->1005996K(1546688K), 0.0103970 secs] [Times: user=0.04 sys=0.00, real=0.01 secs] 
130237.579: [GC 130237.579: [ParNew: 210395K->1105K(235968K), 0.0085020 secs] 1215788K->1006548K(1546688K), 0.0088030 secs] [Times: user=0.04 sys=0.00, real=0.01 secs] 
130243.605: [GC 130243.605: [ParNew: 210897K->947K(235968K), 0.0054690 secs] 1216340K->1006443K(1546688K), 0.0057270 secs] [Times: user=0.03 sys=0.00, real=0.00 secs] 
130269.079: [GC 130269.079: [ParNew: 210739K->965K(235968K), 0.0070180 secs] 1216235K->1006515K(1546688K), 0.0073220 secs] [Times: user=0.03 sys=0.00, real=0.01 secs] 
130275.761: [GC 130275.762: [ParNew: 210757K->1184K(235968K), 0.0177320 secs] 1216307K->1006784K(1546688K), 0.0179700 secs] [Times: user=0.04 sys=0.00, real=0.02 secs] 
130290.056: [GC 130290.056: [ParNew: 210976K->723K(235968K), 0.0074600 secs] 1216576K->1006384K(1546688K), 0.0077170 secs] [Times: user=0.04 sys=0.00, real=0.01 secs] 
130297.601: [GC 130297.602: [ParNew: 210464K->1027K(235968K), 0.0068260 secs] 1216126K->1006733K(1546688K), 0.0071180 secs] [Times: user=0.03 sys=0.00, real=0.01 secs] 
130313.565: [GC 130313.565: [ParNew: 210819K->1086K(235968K), 0.0169470 secs] 1216525K->1006856K(1546688K), 0.0171630 secs] [Times: user=0.02 sys=0.01, real=0.01 secs] 
130329.226: [GC 130329.226: [ParNew: 210878K->790K(235968K), 0.0090260 secs] 1216648K->1006608K(1546688K), 0.0093130 secs] [Times: user=0.04 sys=0.00, real=0.01 secs] 
130335.796: [GC 130335.796: [ParNew: 210559K->627K(235968K), 0.0103070 secs] 1216377K->1006616K(1546688K), 0.0105110 secs] [Times: user=0.03 sys=0.00, real=0.01 secs] 
130355.055: [GC 130355.055: [ParNew: 210419K->951K(235968K), 0.0061720 secs] 1216408K->1006994K(1546688K), 0.0064520 secs] [Times: user=0.03 sys=0.00, real=0.01 secs] 
130359.724: [GC 130359.725: [ParNew: 210705K->1124K(235968K), 0.0049290 secs] 1216749K->1007203K(1546688K), 0.0052130 secs] [Times: user=0.03 sys=0.00, real=0.01 secs] 
130373.630: [GC 130373.630: [ParNew: 210877K->944K(235968K), 0.0052170 secs] 1216956K->1007073K(1546688K), 0.0054880 secs] [Times: user=0.04 sys=0.00, real=0.01 secs] 
130390.041: [GC 130390.041: [ParNew: 210736K->730K(235968K), 0.0052610 secs] 1216865K->1006912K(1546688K), 0.0055360 secs] [Times: user=0.03 sys=0.00, real=0.01 secs] 
130404.314: [GC 130404.314: [ParNew: 210471K->955K(235968K), 0.0421380 secs] 1216653K->1007184K(1546688K), 0.0425330 secs] [Times: user=0.04 sys=0.00, real=0.04 secs] 
130415.521: [GC 130415.521: [ParNew: 210747K->952K(235968K), 0.0108540 secs] 1216976K->1007234K(1546688K), 0.0110720 secs] [Times: user=0.03 sys=0.00, real=0.01 secs] 
130421.359: [GC 130421.359: [ParNew: 210744K->903K(235968K), 0.0091120 secs] 1217026K->1007240K(1546688K), 0.0093260 secs] [Times: user=0.04 sys=0.00, real=0.01 secs] 
130440.544: [GC 130440.544: [ParNew: 210634K->751K(235968K), 0.0066070 secs] 1216971K->1007233K(1546688K), 0.0069180 secs] [Times: user=0.03 sys=0.00, real=0.00 secs] 
130450.086: [GC 130450.086: [ParNew: 210494K->845K(235968K), 0.0110150 secs] 1216976K->1007368K(1546688K), 0.0112180 secs] [Times: user=0.03 sys=0.00, real=0.01 secs] 
130464.390: [GC 130464.390: [ParNew: 210637K->502K(235968K), 0.0116920 secs] 1217160K->1007069K(1546688K), 0.0120040 secs] [Times: user=0.03 sys=0.00, real=0.01 secs] 
130476.845: [GC 130476.845: [ParNew: 210278K->936K(235968K), 0.0323070 secs] 1216845K->1007555K(1546688K), 0.0326300 secs] [Times: user=0.07 sys=0.01, real=0.04 secs] 
130481.395: [GC 130481.396: [ParNew: 210677K->764K(235968K), 0.0073600 secs] 1217296K->1007436K(1546688K), 0.0076310 secs] [Times: user=0.03 sys=0.00, real=0.01 secs] 
130507.596: [GC 130507.596: [ParNew: 210556K->823K(235968K), 0.0084310 secs] 1217228K->1007544K(1546688K), 0.0087110 secs] [Times: user=0.03 sys=0.00, real=0.01 secs] 
130513.641: [GC 130513.641: [ParNew: 210615K->1106K(235968K), 0.0124630 secs] 1217336K->1007877K(1546688K), 0.0127430 secs] [Times: user=0.04 sys=0.00, real=0.02 secs] 
130527.219: [GC 130527.219: [ParNew: 210898K->710K(235968K), 0.0114090 secs] 1217669K->1007621K(1546688K), 0.0116260 secs] [Times: user=0.03 sys=0.00, real=0.02 secs] 
130536.910: [GC 130536.910: [ParNew: 210502K->751K(235968K), 0.0205470 secs] 1217413K->1007706K(1546688K), 0.0208500 secs] [Times: user=0.04 sys=0.00, real=0.02 secs] 
130543.640: [GC 130543.640: [ParNew: 210543K->760K(235968K), 0.0073720 secs] 1217498K->1007762K(1546688K), 0.0076740 secs] [Times: user=0.03 sys=0.00, real=0.01 secs] 
130567.629: [GC 130567.629: [ParNew: 210552K->583K(235968K), 0.0124690 secs] 1217554K->1007637K(1546688K), 0.0127360 secs] [Times: user=0.03 sys=0.00, real=0.01 secs] 
130573.683: [GC 130573.683: [ParNew: 210375K->749K(235968K), 0.0095570 secs] 1217429K->1007858K(1546688K), 0.0098590 secs] [Times: user=0.03 sys=0.00, real=0.01 secs] 
130587.262: [GC 130587.262: [ParNew: 210541K->797K(235968K), 0.0079770 secs] 1217650K->1007949K(1546688K), 0.0082490 secs] [Times: user=0.03 sys=0.00, real=0.01 secs] 
130597.650: [GC 130597.650: [ParNew: 210589K->853K(235968K), 0.0072990 secs] 1217741K->1008055K(1546688K), 0.0075810 secs] [Times: user=0.04 sys=0.00, real=0.00 secs] 
130612.827: [GC 130612.827: [ParNew: 210644K->442K(235968K), 0.0098590 secs] 1217846K->1007693K(1546688K), 0.0101340 secs] [Times: user=0.03 sys=0.00, real=0.01 secs] 
130629.265: [GC 130629.265: [ParNew: 210234K->1244K(235968K), 0.0113400 secs] 1217485K->1008549K(1546688K), 0.0115410 secs] [Times: user=0.03 sys=0.00, real=0.01 secs] 
130635.852: [GC 130635.852: [ParNew: 211036K->955K(235968K), 0.0149540 secs] 1218341K->1008315K(1546688K), 0.0152500 secs] [Times: user=0.04 sys=0.01, real=0.02 secs] 
130655.082: [GC 130655.083: [ParNew: 210747K->1023K(235968K), 0.0082250 secs] 1218107K->1008432K(1546688K), 0.0085140 secs] [Times: user=0.03 sys=0.00, real=0.01 secs] 
130657.714: [GC 130657.714: [ParNew: 210815K->1207K(235968K), 0.0106520 secs] 1218224K->1008660K(1546688K), 0.0108420 secs] [Times: user=0.03 sys=0.00, real=0.01 secs] 
130673.789: [GC 130673.789: [ParNew: 210999K->801K(235968K), 0.0085130 secs] 1218452K->1008474K(1546688K), 0.0088510 secs] [Times: user=0.04 sys=0.00, real=0.01 secs] 
130689.308: [GC 130689.308: [ParNew: 210501K->713K(235968K), 0.0103830 secs] 1218174K->1008448K(1546688K), 0.0106510 secs] [Times: user=0.02 sys=0.00, real=0.01 secs] 
130695.911: [GC 130695.911: [ParNew: 210505K->881K(235968K), 0.0064330 secs] 1218240K->1008665K(1546688K), 0.0067050 secs] [Times: user=0.03 sys=0.00, real=0.01 secs] 
130715.541: [GC 130715.541: [ParNew: 210673K->869K(235968K), 0.0061440 secs] 1218457K->1008775K(1546688K), 0.0064280 secs] [Times: user=0.03 sys=0.00, real=0.00 secs] 
130719.791: [GC 130719.791: [ParNew: 210661K->608K(235968K), 0.0051380 secs] 1218567K->1008564K(1546688K), 0.0053990 secs] [Times: user=0.03 sys=0.00, real=0.00 secs] 
130733.827: [GC 130733.827: [ParNew: 210400K->577K(235968K), 0.0079430 secs] 1218356K->1008583K(1546688K), 0.0081440 secs] [Times: user=0.03 sys=0.01, real=0.00 secs] 
130750.127: [GC 130750.127: [ParNew: 210357K->709K(235968K), 0.0068880 secs] 1218362K->1008763K(1546688K), 0.0071650 secs] [Times: user=0.03 sys=0.00, real=0.01 secs] 
130764.411: [GC 130764.411: [ParNew: 210501K->811K(235968K), 0.0169940 secs] 1218555K->1008924K(1546688K), 0.0173510 secs] [Times: user=0.04 sys=0.00, real=0.02 secs] 
130775.558: [GC 130775.558: [ParNew: 210603K->999K(235968K), 0.0078370 secs] 1218716K->1009161K(1546688K), 0.0081320 secs] [Times: user=0.04 sys=0.00, real=0.01 secs] 
130779.807: [GC 130779.807: [ParNew: 210791K->1163K(235968K), 0.0078340 secs] 1218953K->1009377K(1546688K), 0.0080880 secs] [Times: user=0.03 sys=0.00, real=0.01 secs] 
130793.838: [GC 130793.838: [ParNew: 210955K->959K(235968K), 0.0079920 secs] 1219169K->1009240K(1546688K), 0.0083030 secs] [Times: user=0.03 sys=0.00, real=0.00 secs] 
130810.137: [GC 130810.137: [ParNew: 210751K->1397K(235968K), 0.0063440 secs] 1219032K->1009744K(1546688K), 0.0065900 secs] [Times: user=0.03 sys=0.00, real=0.00 secs] 
130824.472: [GC 130824.472: [ParNew: 211189K->863K(235968K), 0.0114540 secs] 1219536K->1009377K(1546688K), 0.0117950 secs] [Times: user=0.04 sys=0.00, real=0.02 secs] 
130835.580: [GC 130835.580: [ParNew: 210655K->703K(235968K), 0.0063400 secs] 1219169K->1009265K(1546688K), 0.0065930 secs] [Times: user=0.03 sys=0.00, real=0.01 secs] 
130841.424: [GC 130841.424: [ParNew: 210495K->704K(235968K), 0.0065400 secs] 1219057K->1009312K(1546688K), 0.0067760 secs] [Times: user=0.03 sys=0.00, real=0.01 secs] 
130860.612: [GC 130860.612: [ParNew: 210496K->869K(235968K), 0.0063040 secs] 1219104K->1009524K(1546688K), 0.0065500 secs] [Times: user=0.03 sys=0.00, real=0.01 secs] 
130870.173: [GC 130870.173: [ParNew: 210661K->1325K(235968K), 0.0071290 secs] 1219316K->1010021K(1546688K), 0.0074130 secs] [Times: user=0.04 sys=0.00, real=0.01 secs] 
130884.559: [GC 130884.559: [ParNew: 211010K->1473K(235968K), 0.0054520 secs] 1219706K->1010225K(1546688K), 0.0057480 secs] [Times: user=0.03 sys=0.00, real=0.01 secs] 
130895.584: [GC 130895.584: [ParNew: 211265K->1461K(235968K), 0.0051120 secs] 1220017K->1010275K(1546688K), 0.0054150 secs] [Times: user=0.04 sys=0.00, real=0.00 secs] 
130901.429: [GC 130901.429: [ParNew: 211253K->1199K(235968K), 0.0049720 secs] 1220067K->1010062K(1546688K), 0.0052670 secs] [Times: user=0.03 sys=0.00, real=0.01 secs] 
130920.604: [GC 130920.604: [ParNew: 210991K->913K(235968K), 0.0055760 secs] 1219854K->1010053K(1546688K), 0.0058510 secs] [Times: user=0.04 sys=0.00, real=0.01 secs] 
130930.178: [GC 130930.178: [ParNew: 210700K->959K(235968K), 0.0051130 secs] 1219840K->1010201K(1546688K), 0.0053820 secs] [Times: user=0.03 sys=0.00, real=0.00 secs] 
130944.586: [GC 130944.587: [ParNew: 210751K->1012K(235968K), 0.0051000 secs] 1219993K->1010302K(1546688K), 0.0053900 secs] [Times: user=0.04 sys=0.00, real=0.00 secs] 
130955.591: [GC 130955.591: [ParNew: 210804K->2073K(235968K), 0.0056170 secs] 1220094K->1011427K(1546688K), 0.0058780 secs] [Times: user=0.05 sys=0.00, real=0.01 secs] 
130961.435: [GC 130961.435: [ParNew: 211865K->1862K(235968K), 0.0062680 secs] 1221219K->1011307K(1546688K), 0.0065580 secs] [Times: user=0.04 sys=0.00, real=0.01 secs] 
130980.626: [GC 130980.626: [ParNew: 211654K->2065K(235968K), 0.0098380 secs] 1221099K->1011565K(1546688K), 0.0100770 secs] [Times: user=0.04 sys=0.00, real=0.01 secs] 
130990.197: [GC 130990.197: [ParNew: 211852K->2577K(235968K), 0.0082920 secs] 1221352K->1012232K(1546688K), 0.0085820 secs] [Times: user=0.03 sys=0.01, real=0.00 secs] 
131004.604: [GC 131004.605: [ParNew: 212369K->1485K(235968K), 0.0119110 secs] 1222024K->1012191K(1546688K), 0.0122220 secs] [Times: user=0.04 sys=0.00, real=0.01 secs] 
131016.962: [GC 131016.962: [ParNew: 211277K->866K(235968K), 0.0071950 secs] 1221983K->1011616K(1546688K), 0.0074300 secs] [Times: user=0.03 sys=0.00, real=0.01 secs] 
131023.713: [GC 131023.714: [ParNew: 210658K->772K(235968K), 0.0085010 secs] 1221408K->1011571K(1546688K), 0.0090740 secs] [Times: user=0.03 sys=0.00, real=0.01 secs] 
131047.694: [GC 131047.694: [ParNew: 210564K->1248K(235968K), 0.0074290 secs] 1221363K->1012098K(1546688K), 0.0076730 secs] [Times: user=0.03 sys=0.00, real=0.01 secs] 
131053.747: [GC 131053.748: [ParNew: 211040K->1037K(235968K), 0.0073440 secs] 1221890K->1011937K(1546688K), 0.0075520 secs] [Times: user=0.03 sys=0.00, real=0.00 secs] 
131067.329: [GC 131067.329: [ParNew: 210815K->766K(235968K), 0.0069250 secs] 1221716K->1011717K(1546688K), 0.0071960 secs] [Times: user=0.03 sys=0.00, real=0.01 secs] 
131077.628: [GC 131077.628: [ParNew: 210558K->652K(235968K), 0.0103630 secs] 1221509K->1011652K(1546688K), 0.0105580 secs] [Times: user=0.03 sys=0.00, real=0.01 secs] 
131081.477: [GC 131081.477: [ParNew: 210444K->1138K(235968K), 0.0109980 secs] 1221444K->1012302K(1546688K), 0.0111810 secs] [Times: user=0.03 sys=0.00, real=0.01 secs] 
131103.604: [GC 131103.604: [ParNew: 210930K->804K(235968K), 0.0103450 secs] 1222094K->1012034K(1546688K), 0.0105440 secs] [Times: user=0.03 sys=0.00, real=0.01 secs] 
131113.750: [GC 131113.751: [ParNew: 210570K->1112K(235968K), 0.0092280 secs] 1221800K->1012395K(1546688K), 0.0095220 secs] [Times: user=0.03 sys=0.00, real=0.01 secs] 
131127.331: [GC 131127.332: [ParNew: 210881K->1106K(235968K), 0.0083400 secs] 1222164K->1012433K(1546688K), 0.0086280 secs] [Times: user=0.03 sys=0.00, real=0.01 secs] 
131137.000: [GC 131137.000: [ParNew: 210898K->887K(235968K), 0.0136930 secs] 1222225K->1012430K(1546688K), 0.0139750 secs] [Times: user=0.04 sys=0.00, real=0.02 secs] 
131143.750: [GC 131143.751: [ParNew: 210679K->935K(235968K), 0.0096820 secs] 1222222K->1012532K(1546688K), 0.0099180 secs] [Times: user=0.03 sys=0.00, real=0.01 secs] 
131167.731: [GC 131167.731: [ParNew: 210715K->886K(235968K), 0.0070630 secs] 1222311K->1012530K(1546688K), 0.0073130 secs] [Times: user=0.03 sys=0.00, real=0.00 secs] 
131173.795: [GC 131173.795: [ParNew: 210678K->959K(235968K), 0.0066620 secs] 1222322K->1012655K(1546688K), 0.0069340 secs] [Times: user=0.03 sys=0.00, real=0.01 secs] 
131187.370: [GC 131187.371: [ParNew: 210751K->797K(235968K), 0.0079390 secs] 1222447K->1012548K(1546688K), 0.0082090 secs] [Times: user=0.03 sys=0.00, real=0.01 secs] 
131197.780: [GC 131197.780: [ParNew: 210557K->1110K(235968K), 0.0081010 secs] 1222308K->1012917K(1546688K), 0.0083950 secs] [Times: user=0.03 sys=0.00, real=0.01 secs] 
131203.782: [GC 131203.782: [ParNew: 210899K->794K(235968K), 0.0080320 secs] 1222707K->1012781K(1546688K), 0.0082380 secs] [Times: user=0.03 sys=0.00, real=0.01 secs] 
131227.779: [GC 131227.779: [ParNew: 210524K->651K(235968K), 0.0102720 secs] 1222511K->1012692K(1546688K), 0.0104860 secs] [Times: user=0.04 sys=0.00, real=0.02 secs] 
131235.971: [GC 131235.972: [ParNew: 210334K->756K(235968K), 0.0283430 secs] 1222376K->1012854K(1546688K), 0.0286590 secs] [Times: user=0.05 sys=0.00, real=0.03 secs] 
131251.706: [GC 131251.706: [ParNew: 210541K->699K(235968K), 0.0105290 secs] 1222639K->1012853K(1546688K), 0.0107690 secs] [Times: user=0.03 sys=0.00, real=0.01 secs] 
131257.807: [GC 131257.807: [ParNew: 210466K->1026K(235968K), 0.0107600 secs] 1222620K->1013224K(1546688K), 0.0109990 secs] [Times: user=0.02 sys=0.00, real=0.01 secs] 
131273.904: [GC 131273.904: [ParNew: 210818K->1066K(235968K), 0.0073360 secs] 1223016K->1013315K(1546688K), 0.0076650 secs] [Times: user=0.03 sys=0.00, real=0.01 secs] 
131289.421: [GC 131289.422: [ParNew: 210858K->1182K(235968K), 0.0070910 secs] 1223107K->1013478K(1546688K), 0.0076010 secs] [Times: user=0.04 sys=0.00, real=0.00 secs] 
131296.027: [GC 131296.027: [ParNew: 210974K->517K(235968K), 0.0302970 secs] 1223270K->1012981K(1546688K), 0.0305020 secs] [Times: user=0.04 sys=0.00, real=0.03 secs] 
131315.183: [GC 131315.183: [ParNew: 210284K->1000K(235968K), 0.0089450 secs] 1222748K->1013512K(1546688K), 0.0092240 secs] [Times: user=0.03 sys=0.01, real=0.01 secs] 
131319.855: [GC 131319.856: [ParNew: 210672K->1144K(235968K), 0.0097360 secs] 1223184K->1013693K(1546688K), 0.0100040 secs] [Times: user=0.03 sys=0.00, real=0.01 secs] 
131333.930: [GC 131333.930: [ParNew: 210915K->899K(235968K), 0.0108040 secs] 1223465K->1013497K(1546688K), 0.0110790 secs] [Times: user=0.03 sys=0.00, real=0.01 secs] 
131349.439: [GC 131349.439: [ParNew: 210691K->800K(235968K), 0.0091690 secs] 1223289K->1013453K(1546688K), 0.0097920 secs] [Times: user=0.04 sys=0.00, real=0.01 secs] 
131356.031: [GC 131356.031: [ParNew: 210553K->563K(235968K), 0.0209670 secs] 1223206K->1013272K(1546688K), 0.0215460 secs] [Times: user=0.04 sys=0.00, real=0.02 secs] 
131375.634: [GC 131375.634: [ParNew: 210342K->883K(235968K), 0.0187000 secs] 1223051K->1013641K(1546688K), 0.0190030 secs] [Times: user=0.09 sys=0.01, real=0.02 secs] 
131379.878: [GC 131379.878: [ParNew: 210675K->783K(235968K), 0.0068930 secs] 1223433K->1013596K(1546688K), 0.0071060 secs] [Times: user=0.03 sys=0.00, real=0.00 secs] 
131393.970: [GC 131393.970: [ParNew: 210575K->989K(235968K), 0.0063210 secs] 1223388K->1013851K(1546688K), 0.0065960 secs] [Times: user=0.03 sys=0.01, real=0.01 secs] 
131410.240: [GC 131410.240: [ParNew: 210781K->950K(235968K), 0.0116090 secs] 1223643K->1013861K(1546688K), 0.0118060 secs] [Times: user=0.03 sys=0.00, real=0.02 secs] 
131422.023: [GC 131422.024: [ParNew: 210742K->870K(235968K), 0.0090830 secs] 1223653K->1013849K(1546688K), 0.0093650 secs] [Times: user=0.03 sys=0.00, real=0.01 secs] 
131435.645: [GC 131435.645: [ParNew: 210617K->1035K(235968K), 0.0069890 secs] 1223595K->1014062K(1546688K), 0.0072690 secs] [Times: user=0.03 sys=0.00, real=0.01 secs] 
131439.887: [GC 131439.888: [ParNew: 210817K->873K(235968K), 0.0090750 secs] 1223845K->1014052K(1546688K), 0.0093380 secs] [Times: user=0.02 sys=0.00, real=0.01 secs] 
131460.671: [GC 131460.671: [ParNew: 210651K->1002K(235968K), 0.0095390 secs] 1223830K->1014257K(1546688K), 0.0098430 secs] [Times: user=0.04 sys=0.00, real=0.01 secs] 
131470.265: [GC 131470.265: [ParNew: 210735K->857K(235968K), 0.0062780 secs] 1223990K->1014152K(1546688K), 0.0065690 secs] [Times: user=0.03 sys=0.00, real=0.01 secs] 
131484.826: [GC 131484.826: [ParNew: 210628K->804K(235968K), 0.0083810 secs] 1223923K->1014143K(1546688K), 0.0085890 secs] [Times: user=0.03 sys=0.00, real=0.01 secs] 
131495.674: [GC 131495.674: [ParNew: 210559K->644K(235968K), 0.0102170 secs] 1223898K->1014032K(1546688K), 0.0104410 secs] [Times: user=0.03 sys=0.00, real=0.01 secs] 
131501.519: [GC 131501.519: [ParNew: 210372K->978K(235968K), 0.0086630 secs] 1223760K->1014415K(1546688K), 0.0089200 secs] [Times: user=0.03 sys=0.01, real=0.01 secs] 
131520.696: [GC 131520.696: [ParNew: 210770K->1015K(235968K), 0.0078700 secs] 1224207K->1014505K(1546688K), 0.0081430 secs] [Times: user=0.03 sys=0.00, real=0.01 secs] 
131530.283: [GC 131530.283: [ParNew: 210807K->865K(235968K), 0.0094400 secs] 1224297K->1014523K(1546688K), 0.0096940 secs] [Times: user=0.04 sys=0.01, real=0.01 secs] 
131544.843: [GC 131544.843: [ParNew: 210657K->857K(235968K), 0.0060990 secs] 1224315K->1014560K(1546688K), 0.0063780 secs] [Times: user=0.03 sys=0.00, real=0.00 secs] 
131557.048: [GC 131557.049: [ParNew: 210649K->930K(235968K), 0.0065780 secs] 1224352K->1014694K(1546688K), 0.0069640 secs] [Times: user=0.03 sys=0.00, real=0.00 secs] 
131561.539: [GC 131561.540: [ParNew: 210722K->885K(235968K), 0.0085690 secs] 1224486K->1014705K(1546688K), 0.0088860 secs] [Times: user=0.03 sys=0.00, real=0.01 secs] 
131580.720: [GC 131580.720: [ParNew: 210637K->791K(235968K), 0.0096490 secs] 1224457K->1014669K(1546688K), 0.0099220 secs] [Times: user=0.04 sys=0.00, real=0.01 secs] 
131593.838: [GC 131593.838: [ParNew: 210525K->676K(235968K), 0.0122570 secs] 1224403K->1014619K(1546688K), 0.0125330 secs] [Times: user=0.03 sys=0.01, real=0.01 secs] 
131604.868: [GC 131604.868: [ParNew: 210468K->923K(235968K), 0.0100150 secs] 1224411K->1014921K(1546688K), 0.0102090 secs] [Times: user=0.04 sys=0.00, real=0.01 secs] 
131617.083: [GC 131617.083: [ParNew: 210663K->851K(235968K), 0.0059610 secs] 1224661K->1014892K(1546688K), 0.0062420 secs] [Times: user=0.03 sys=0.00, real=0.01 secs] 
131623.835: [GC 131623.836: [ParNew: 210643K->1256K(235968K), 0.0095970 secs] 1224684K->1015352K(1546688K), 0.0098110 secs] [Times: user=0.03 sys=0.00, real=0.01 secs] 
131647.818: [GC 131647.818: [ParNew: 211048K->720K(235968K), 0.0066980 secs] 1225144K->1014999K(1546688K), 0.0069890 secs] [Times: user=0.04 sys=0.00, real=0.01 secs] 
131653.861: [GC 131653.862: [ParNew: 210512K->810K(235968K), 0.0127150 secs] 1224791K->1015125K(1546688K), 0.0129820 secs] [Times: user=0.04 sys=0.00, real=0.02 secs] 
131667.440: [GC 131667.440: [ParNew: 210602K->901K(235968K), 0.0116670 secs] 1224917K->1015267K(1546688K), 0.0119600 secs] [Times: user=0.03 sys=0.00, real=0.02 secs] 
131677.135: [GC 131677.136: [ParNew: 210693K->696K(235968K), 0.0202310 secs] 1225059K->1015113K(1546688K), 0.0205750 secs] [Times: user=0.04 sys=0.00, real=0.02 secs] 
131683.861: [GC 131683.861: [ParNew: 210403K->1069K(235968K), 0.0065000 secs] 1224820K->1015540K(1546688K), 0.0067590 secs] [Times: user=0.03 sys=0.00, real=0.01 secs] 
131707.848: [GC 131707.848: [ParNew: 210857K->1149K(235968K), 0.0067080 secs] 1225328K->1015674K(1546688K), 0.0069850 secs] [Times: user=0.03 sys=0.00, real=0.01 secs] 
131713.886: [GC 131713.886: [ParNew: 210941K->1007K(235968K), 0.0052510 secs] 1225466K->1015612K(1546688K), 0.0055410 secs] [Times: user=0.03 sys=0.01, real=0.00 secs] 
131727.477: [GC 131727.478: [ParNew: 210796K->977K(235968K), 0.0051580 secs] 1225401K->1015631K(1546688K), 0.0054360 secs] [Times: user=0.04 sys=0.00, real=0.01 secs] 
131738.010: [GC 131738.010: [ParNew: 210769K->642K(235968K), 0.0050050 secs] 1225423K->1015340K(1546688K), 0.0052960 secs] [Times: user=0.03 sys=0.00, real=0.00 secs] 
131743.891: [GC 131743.891: [ParNew: 210429K->1190K(235968K), 0.0051130 secs] 1225127K->1015960K(1546688K), 0.0053910 secs] [Times: user=0.03 sys=0.00, real=0.00 secs] 
131769.495: [GC 131769.495: [ParNew: 210982K->589K(235968K), 0.0050170 secs] 1225752K->1015521K(1546688K), 0.0052940 secs] [Times: user=0.03 sys=0.00, real=0.00 secs] 
131776.082: [GC 131776.082: [ParNew: 210381K->571K(235968K), 0.0050260 secs] 1225313K->1015545K(1546688K), 0.0053020 secs] [Times: user=0.04 sys=0.01, real=0.01 secs] 
131795.231: [GC 131795.231: [ParNew: 210363K->882K(235968K), 0.0050770 secs] 1225337K->1015905K(1546688K), 0.0053770 secs] [Times: user=0.04 sys=0.00, real=0.00 secs] 
131798.051: [GC 131798.051: [ParNew: 210674K->901K(235968K), 0.0062180 secs] 1225697K->1015972K(1546688K), 0.0064620 secs] [Times: user=0.04 sys=0.00, real=0.00 secs] 
131814.034: [GC 131814.034: [ParNew: 210575K->966K(235968K), 0.0056320 secs] 1225646K->1016074K(1546688K), 0.0059110 secs] [Times: user=0.03 sys=0.00, real=0.01 secs] 
131829.539: [GC 131829.539: [ParNew: 210746K->730K(235968K), 0.0050810 secs] 1225854K->1015893K(1546688K), 0.0053680 secs] [Times: user=0.04 sys=0.01, real=0.00 secs] 
131836.114: [GC 131836.114: [ParNew: 210522K->990K(235968K), 0.0050900 secs] 1225685K->1016201K(1546688K), 0.0053710 secs] [Times: user=0.03 sys=0.00, real=0.00 secs] 
131850.671: [GC 131850.671: [ParNew: 210782K->658K(235968K), 0.0051050 secs] 1225993K->1015918K(1546688K), 0.0053990 secs] [Times: user=0.03 sys=0.00, real=0.01 secs] 
131858.045: [GC 131858.046: [ParNew: 210337K->828K(235968K), 0.0050220 secs] 1225597K->1016151K(1546688K), 0.0052980 secs] [Times: user=0.04 sys=0.00, real=0.01 secs] 
131874.033: [GC 131874.033: [ParNew: 210583K->1003K(235968K), 0.0073620 secs] 1225905K->1016375K(1546688K), 0.0076060 secs] [Times: user=0.04 sys=0.00, real=0.01 secs] 
131889.530: [GC 131889.530: [ParNew: 210737K->996K(235968K), 0.0051380 secs] 1226108K->1016421K(1546688K), 0.0054270 secs] [Times: user=0.03 sys=0.01, real=0.01 secs] 
131896.114: [GC 131896.114: [ParNew: 210701K->988K(235968K), 0.0069510 secs] 1226126K->1016624K(1546688K), 0.0072470 secs] [Times: user=0.03 sys=0.00, real=0.01 secs] 
131915.285: [GC 131915.285: [ParNew: 210780K->783K(235968K), 0.0057770 secs] 1226416K->1016468K(1546688K), 0.0060450 secs] [Times: user=0.03 sys=0.00, real=0.00 secs] 
131919.940: [GC 131919.940: [ParNew: 210575K->924K(235968K), 0.0068500 secs] 1226260K->1016647K(1546688K), 0.0071160 secs] [Times: user=0.04 sys=0.01, real=0.01 secs] 
131934.078: [GC 131934.079: [ParNew: 210686K->1015K(235968K), 0.0056490 secs] 1226410K->1016787K(1546688K), 0.0059490 secs] [Times: user=0.03 sys=0.00, real=0.00 secs] 
131950.338: [GC 131950.338: [ParNew: 210807K->825K(235968K), 0.0057860 secs] 1226579K->1016649K(1546688K), 0.0060680 secs] [Times: user=0.03 sys=0.01, real=0.00 secs] 
131964.920: [GC 131964.920: [ParNew: 210617K->921K(235968K), 0.0076850 secs] 1226441K->1016788K(1546688K), 0.0079760 secs] [Times: user=0.04 sys=0.00, real=0.01 secs] 
131975.775: [GC 131975.775: [ParNew: 210713K->1218K(235968K), 0.0055720 secs] 1226580K->1017134K(1546688K), 0.0058450 secs] [Times: user=0.03 sys=0.01, real=0.00 secs] 
131981.573: [GC 131981.574: [ParNew: 211010K->1009K(235968K), 0.0050490 secs] 1226926K->1017037K(1546688K), 0.0053240 secs] [Times: user=0.04 sys=0.00, real=0.00 secs] 
132000.765: [GC 132000.765: [ParNew: 210801K->753K(235968K), 0.0068090 secs] 1226829K->1016830K(1546688K), 0.0071010 secs] [Times: user=0.03 sys=0.00, real=0.01 secs] 
132010.384: [GC 132010.384: [ParNew: 210424K->941K(235968K), 0.0053630 secs] 1226501K->1017062K(1546688K), 0.0056490 secs] [Times: user=0.04 sys=0.00, real=0.01 secs] 
132024.949: [GC 132024.949: [ParNew: 210733K->866K(235968K), 0.0049900 secs] 1226854K->1017034K(1546688K), 0.0052860 secs] [Times: user=0.03 sys=0.00, real=0.01 secs] 
132037.142: [GC 132037.142: [ParNew: 210631K->1168K(235968K), 0.0053270 secs] 1226799K->1017392K(1546688K), 0.0056050 secs] [Times: user=0.04 sys=0.00, real=0.01 secs] 
132041.597: [GC 132041.597: [ParNew: 210960K->932K(235968K), 0.0051030 secs] 1227184K->1017206K(1546688K), 0.0053750 secs] [Times: user=0.04 sys=0.00, real=0.01 secs] 
132062.412: [GC 132062.412: [ParNew: 210724K->697K(235968K), 0.0053990 secs] 1226998K->1017042K(1546688K), 0.0056750 secs] [Times: user=0.03 sys=0.00, real=0.00 secs] 
132070.399: [GC 132070.399: [ParNew: 210489K->685K(235968K), 0.0051250 secs] 1226834K->1017088K(1546688K), 0.0053720 secs] [Times: user=0.04 sys=0.00, real=0.00 secs] 
132084.975: [GC 132084.976: [ParNew: 210477K->856K(235968K), 0.0054470 secs] 1226880K->1017310K(1546688K), 0.0057390 secs] [Times: user=0.03 sys=0.00, real=0.00 secs] 
132097.159: [GC 132097.159: [ParNew: 210622K->1230K(235968K), 0.0079200 secs] 1227075K->1017738K(1546688K), 0.0082070 secs] [Times: user=0.04 sys=0.00, real=0.01 secs] 
132101.607: [GC 132101.607: [ParNew: 210961K->1310K(235968K), 0.0078880 secs] 1227469K->1017874K(1546688K), 0.0081150 secs] [Times: user=0.03 sys=0.00, real=0.01 secs] 
132127.891: [GC 132127.891: [ParNew: 211050K->884K(235968K), 0.0078950 secs] 1227614K->1017503K(1546688K), 0.0081680 secs] [Times: user=0.03 sys=0.00, real=0.01 secs] 
132133.930: [GC 132133.930: [ParNew: 210669K->875K(235968K), 0.0125900 secs] 1227288K->1017582K(1546688K), 0.0129170 secs] [Times: user=0.04 sys=0.00, real=0.01 secs] 
132147.531: [GC 132147.531: [ParNew: 210667K->1099K(235968K), 0.0063930 secs] 1227374K->1017874K(1546688K), 0.0066990 secs] [Times: user=0.03 sys=0.00, real=0.01 secs] 
132157.217: [GC 132157.218: [ParNew: 210875K->798K(235968K), 0.0173740 secs] 1227651K->1017619K(1546688K), 0.0177470 secs] [Times: user=0.04 sys=0.00, real=0.02 secs] 
132163.959: [GC 132163.959: [ParNew: 210554K->802K(235968K), 0.0084480 secs] 1227375K->1017660K(1546688K), 0.0086500 secs] [Times: user=0.03 sys=0.00, real=0.01 secs] 
132184.181: [GC 132184.181: [ParNew: 210594K->1244K(235968K), 0.0092610 secs] 1227452K->1018162K(1546688K), 0.0094940 secs] [Times: user=0.03 sys=0.00, real=0.01 secs] 
132193.936: [GC 132193.936: [ParNew: 211036K->1264K(235968K), 0.0086040 secs] 1227954K->1018239K(1546688K), 0.0088560 secs] [Times: user=0.03 sys=0.00, real=0.01 secs] 
132207.530: [GC 132207.530: [ParNew: 211056K->897K(235968K), 0.0123810 secs] 1228031K->1017920K(1546688K), 0.0126170 secs] [Times: user=0.03 sys=0.00, real=0.01 secs] 
132217.214: [GC 132217.215: [ParNew: 210687K->900K(235968K), 0.0122510 secs] 1227709K->1017984K(1546688K), 0.0125790 secs] [Times: user=0.04 sys=0.00, real=0.01 secs] 
132223.953: [GC 132223.953: [ParNew: 210690K->1159K(235968K), 0.0087250 secs] 1227774K->1018432K(1546688K), 0.0089410 secs] [Times: user=0.04 sys=0.00, real=0.00 secs] 
132247.916: [GC 132247.916: [ParNew: 210944K->986K(235968K), 0.0061170 secs] 1228217K->1018317K(1546688K), 0.0064080 secs] [Times: user=0.04 sys=0.00, real=0.01 secs] 
132253.959: [GC 132253.959: [ParNew: 210778K->935K(235968K), 0.0113630 secs] 1228109K->1018315K(1546688K), 0.0116670 secs] [Times: user=0.03 sys=0.00, real=0.01 secs] 
132267.558: [GC 132267.558: [ParNew: 210727K->1145K(235968K), 0.0072000 secs] 1228107K->1018570K(1546688K), 0.0075120 secs] [Times: user=0.03 sys=0.00, real=0.00 secs] 
132277.250: [GC 132277.250: [ParNew: 210936K->825K(235968K), 0.0104390 secs] 1228361K->1018306K(1546688K), 0.0109300 secs] [Times: user=0.04 sys=0.00, real=0.01 secs] 
132283.979: [GC 132283.979: [ParNew: 210608K->739K(235968K), 0.0065920 secs] 1228089K->1018378K(1546688K), 0.0068740 secs] [Times: user=0.03 sys=0.00, real=0.01 secs] 
132307.956: [GC 132307.956: [ParNew: 210419K->745K(235968K), 0.0085950 secs] 1228059K->1018433K(1546688K), 0.0089050 secs] [Times: user=0.03 sys=0.00, real=0.01 secs] 
132314.121: [GC 132314.121: [ParNew: 210537K->735K(235968K), 0.0079010 secs] 1228225K->1018483K(1546688K), 0.0082020 secs] [Times: user=0.03 sys=0.01, real=0.01 secs] 
132327.587: [GC 132327.587: [ParNew: 210512K->819K(235968K), 0.0062640 secs] 1228260K->1018612K(1546688K), 0.0065640 secs] [Times: user=0.04 sys=0.00, real=0.00 secs] 
132338.130: [GC 132338.130: [ParNew: 210611K->703K(235968K), 0.0102320 secs] 1228404K->1018539K(1546688K), 0.0104530 secs] [Times: user=0.03 sys=0.00, real=0.01 secs] 
132354.130: [GC 132354.131: [ParNew: 210495K->1060K(235968K), 0.0068440 secs] 1228331K->1018949K(1546688K), 0.0072080 secs] [Times: user=0.03 sys=0.00, real=0.01 secs] 
132369.619: [GC 132369.620: [ParNew: 210852K->1815K(235968K), 0.0105820 secs] 1228741K->1019751K(1546688K), 0.0108010 secs] [Times: user=0.03 sys=0.00, real=0.02 secs] 
132376.192: [GC 132376.192: [ParNew: 211607K->1027K(235968K), 0.0069860 secs] 1229543K->1018999K(1546688K), 0.0072520 secs] [Times: user=0.03 sys=0.00, real=0.01 secs] 
132395.339: [GC 132395.339: [ParNew: 210819K->1094K(235968K), 0.0078380 secs] 1228791K->1019115K(1546688K), 0.0084140 secs] [Times: user=0.03 sys=0.00, real=0.01 secs] 
132399.194: [GC 132399.194: [ParNew: 210886K->751K(235968K), 0.0082470 secs] 1228907K->1018823K(1546688K), 0.0085120 secs] [Times: user=0.03 sys=0.00, real=0.01 secs] 
132414.161: [GC 132414.162: [ParNew: 210516K->938K(235968K), 0.0076480 secs] 1228588K->1019054K(1546688K), 0.0079420 secs] [Times: user=0.04 sys=0.00, real=0.01 secs] 
132429.653: [GC 132429.653: [ParNew: 210722K->1070K(235968K), 0.0057360 secs] 1228838K->1019245K(1546688K), 0.0060440 secs] [Times: user=0.04 sys=0.00, real=0.00 secs] 
132436.233: [GC 132436.233: [ParNew: 210862K->715K(235968K), 0.0054980 secs] 1229037K->1019065K(1546688K), 0.0057760 secs] [Times: user=0.03 sys=0.00, real=0.00 secs] 
132455.775: [GC 132455.775: [ParNew: 210507K->901K(235968K), 0.0066720 secs] 1228857K->1019301K(1546688K), 0.0069750 secs] [Times: user=0.04 sys=0.00, real=0.01 secs] 
132460.016: [GC 132460.016: [ParNew: 210639K->1143K(235968K), 0.0072860 secs] 1229040K->1019612K(1546688K), 0.0075790 secs] [Times: user=0.03 sys=0.00, real=0.00 secs] 
132480.806: [GC 132480.806: [ParNew: 210935K->1013K(235968K), 0.0065790 secs] 1229404K->1019530K(1546688K), 0.0068870 secs] [Times: user=0.03 sys=0.00, real=0.01 secs] 
132490.442: [GC 132490.443: [ParNew: 210805K->1367K(235968K), 0.0084530 secs] 1229322K->1019934K(1546688K), 0.0087600 secs] [Times: user=0.03 sys=0.01, real=0.01 secs] 
132505.029: [GC 132505.029: [ParNew: 211159K->1187K(235968K), 0.0073350 secs] 1229726K->1019804K(1546688K), 0.0075880 secs] [Times: user=0.03 sys=0.00, real=0.00 secs] 
132515.808: [GC 132515.808: [ParNew: 210979K->1191K(235968K), 0.0059030 secs] 1229596K->1019857K(1546688K), 0.0061360 secs] [Times: user=0.04 sys=0.00, real=0.00 secs] 
132521.639: [GC 132521.639: [ParNew: 210982K->1080K(235968K), 0.0088760 secs] 1229648K->1019903K(1546688K), 0.0091880 secs] [Times: user=0.04 sys=0.01, real=0.01 secs] 
132540.821: [GC 132540.822: [ParNew: 210872K->674K(235968K), 0.0074620 secs] 1229695K->1019681K(1546688K), 0.0077650 secs] [Times: user=0.03 sys=0.00, real=0.01 secs] 
132550.455: [GC 132550.455: [ParNew: 210466K->1290K(235968K), 0.0075920 secs] 1229473K->1020346K(1546688K), 0.0078780 secs] [Times: user=0.03 sys=0.00, real=0.01 secs] 
132565.042: [GC 132565.042: [ParNew: 211082K->1475K(235968K), 0.0117720 secs] 1230138K->1020584K(1546688K), 0.0120870 secs] [Times: user=0.06 sys=0.00, real=0.01 secs] 
132575.816: [GC 132575.816: [ParNew: 211267K->1149K(235968K), 0.0065340 secs] 1230376K->1020320K(1546688K), 0.0067780 secs] [Times: user=0.03 sys=0.00, real=0.01 secs] 
132581.648: [GC 132581.648: [ParNew: 210919K->955K(235968K), 0.0136490 secs] 1230090K->1020176K(1546688K), 0.0138710 secs] [Times: user=0.04 sys=0.00, real=0.01 secs] 
132600.837: [GC 132600.838: [ParNew: 210747K->1208K(235968K), 0.0083620 secs] 1229968K->1020499K(1546688K), 0.0085920 secs] [Times: user=0.04 sys=0.00, real=0.01 secs] 
132610.483: [GC 132610.484: [ParNew: 211000K->694K(235968K), 0.0061560 secs] 1230291K->1020033K(1546688K), 0.0063840 secs] [Times: user=0.03 sys=0.00, real=0.00 secs] 
132625.075: [GC 132625.075: [ParNew: 210486K->1070K(235968K), 0.0056040 secs] 1229825K->1020458K(1546688K), 0.0058900 secs] [Times: user=0.03 sys=0.00, real=0.01 secs] 
132637.280: [GC 132637.280: [ParNew: 210862K->1048K(235968K), 0.0140570 secs] 1230250K->1020485K(1546688K), 0.0143970 secs] [Times: user=0.04 sys=0.00, real=0.01 secs] 
132641.686: [GC 132641.686: [ParNew: 210840K->978K(235968K), 0.0076800 secs] 1230277K->1020502K(1546688K), 0.0079360 secs] [Times: user=0.04 sys=0.00, real=0.01 secs] 
132667.987: [GC 132667.987: [ParNew: 210770K->1293K(235968K), 0.0083000 secs] 1230294K->1020874K(1546688K), 0.0085640 secs] [Times: user=0.04 sys=0.00, real=0.01 secs] 
132674.146: [GC 132674.146: [ParNew: 211085K->1000K(235968K), 0.0133760 secs] 1230666K->1020670K(1546688K), 0.0136580 secs] [Times: user=0.03 sys=0.01, real=0.01 secs] 
132687.628: [GC 132687.628: [ParNew: 210684K->944K(235968K), 0.0068740 secs] 1230354K->1020707K(1546688K), 0.0071610 secs] [Times: user=0.03 sys=0.00, real=0.01 secs] 
132697.334: [GC 132697.334: [ParNew: 210656K->661K(235968K), 0.0074170 secs] 1230419K->1020469K(1546688K), 0.0077020 secs] [Times: user=0.03 sys=0.00, real=0.01 secs] 
132704.183: [GC 132704.183: [ParNew: 210453K->602K(235968K), 0.0059660 secs] 1230261K->1020514K(1546688K), 0.0062440 secs] [Times: user=0.04 sys=0.00, real=0.01 secs] 
132728.032: [GC 132728.032: [ParNew: 210394K->1004K(235968K), 0.0053660 secs] 1230306K->1020960K(1546688K), 0.0056290 secs] [Times: user=0.03 sys=0.01, real=0.01 secs] 
132734.190: [GC 132734.190: [ParNew: 210795K->555K(235968K), 0.0057860 secs] 1230750K->1020565K(1546688K), 0.0060550 secs] [Times: user=0.03 sys=0.00, real=0.01 secs] 
132747.666: [GC 132747.666: [ParNew: 210313K->763K(235968K), 0.0081150 secs] 1230324K->1020817K(1546688K), 0.0083040 secs] [Times: user=0.04 sys=0.00, real=0.01 secs] 
132758.205: [GC 132758.205: [ParNew: 210555K->974K(235968K), 0.0086890 secs] 1230609K->1021071K(1546688K), 0.0088990 secs] [Times: user=0.05 sys=0.00, real=0.01 secs] 
132772.172: [GC 132772.173: [ParNew: 210766K->867K(235968K), 0.0071890 secs] 1230863K->1021015K(1546688K), 0.0075800 secs] [Times: user=0.03 sys=0.00, real=0.01 secs] 
132789.696: [GC 132789.696: [ParNew: 210650K->959K(235968K), 0.0066610 secs] 1230798K->1021156K(1546688K), 0.0069630 secs] [Times: user=0.03 sys=0.00, real=0.00 secs] 
132796.277: [GC 132796.278: [ParNew: 210751K->980K(235968K), 0.0078650 secs] 1230948K->1021232K(1546688K), 0.0081740 secs] [Times: user=0.03 sys=0.00, real=0.01 secs] 
132815.388: [GC 132815.388: [ParNew: 210772K->775K(235968K), 0.0080130 secs] 1231024K->1021076K(1546688K), 0.0082270 secs] [Times: user=0.03 sys=0.00, real=0.01 secs] 
132818.231: [GC 132818.231: [ParNew: 210559K->933K(235968K), 0.0079740 secs] 1230859K->1021277K(1546688K), 0.0081650 secs] [Times: user=0.03 sys=0.00, real=0.00 secs] 
132834.249: [GC 132834.249: [ParNew: 210725K->1020K(235968K), 0.0082320 secs] 1231069K->1021406K(1546688K), 0.0085120 secs] [Times: user=0.04 sys=0.00, real=0.01 secs] 
132849.734: [GC 132849.734: [ParNew: 210812K->835K(235968K), 0.0174360 secs] 1231198K->1021275K(1546688K), 0.0176610 secs] [Times: user=0.03 sys=0.00, real=0.02 secs] 
132856.305: [GC 132856.305: [ParNew: 210606K->1235K(235968K), 0.0089800 secs] 1231047K->1021747K(1546688K), 0.0091980 secs] [Times: user=0.04 sys=0.00, real=0.01 secs] 
132875.414: [GC 132875.414: [ParNew: 210998K->1043K(235968K), 0.0060780 secs] 1231510K->1021604K(1546688K), 0.0063140 secs] [Times: user=0.03 sys=0.00, real=0.01 secs] 
132880.066: [GC 132880.067: [ParNew: 210824K->924K(235968K), 0.0050760 secs] 1231385K->1021544K(1546688K), 0.0053560 secs] [Times: user=0.03 sys=0.00, real=0.01 secs] 
132894.288: [GC 132894.288: [ParNew: 210682K->904K(235968K), 0.0056670 secs] 1231301K->1021573K(1546688K), 0.0059480 secs] [Times: user=0.04 sys=0.00, real=0.00 secs] 
132909.758: [GC 132909.759: [ParNew: 210696K->1092K(235968K), 0.0064990 secs] 1231365K->1021892K(1546688K), 0.0067830 secs] [Times: user=0.03 sys=0.00, real=0.01 secs] 
132916.327: [GC 132916.327: [ParNew: 210868K->1726K(235968K), 0.0065700 secs] 1231668K->1022585K(1546688K), 0.0068720 secs] [Times: user=0.04 sys=0.00, real=0.00 secs] 
132935.422: [GC 132935.422: [ParNew: 211497K->1610K(235968K), 0.0065120 secs] 1232356K->1022531K(1546688K), 0.0068160 secs] [Times: user=0.03 sys=0.00, real=0.00 secs] 
132940.074: [GC 132940.074: [ParNew: 211323K->1991K(235968K), 0.0110590 secs] 1232244K->1022961K(1546688K), 0.0113110 secs] [Times: user=0.03 sys=0.00, real=0.01 secs] 
132954.297: [GC 132954.297: [ParNew: 211783K->1369K(235968K), 0.0071880 secs] 1232753K->1022392K(1546688K), 0.0074820 secs] [Times: user=0.04 sys=0.00, real=0.01 secs] 
132970.526: [GC 132970.526: [ParNew: 211161K->889K(235968K), 0.0084090 secs] 1232184K->1022659K(1546688K), 0.0086070 secs] [Times: user=0.03 sys=0.00, real=0.00 secs] 
132985.127: [GC 132985.127: [ParNew: 210681K->965K(235968K), 0.0093070 secs] 1232451K->1022780K(1546688K), 0.0095080 secs] [Times: user=0.03 sys=0.00, real=0.01 secs] 
132995.866: [GC 132995.867: [ParNew: 210757K->1036K(235968K), 0.0081950 secs] 1232572K->1022899K(1546688K), 0.0084830 secs] [Times: user=0.03 sys=0.00, real=0.01 secs] 
133001.701: [GC 133001.701: [ParNew: 210828K->854K(235968K), 0.0104330 secs] 1232691K->1022766K(1546688K), 0.0106390 secs] [Times: user=0.04 sys=0.00, real=0.01 secs] 
133020.887: [GC 133020.887: [ParNew: 210646K->903K(235968K), 0.0165430 secs] 1232558K->1022976K(1546688K), 0.0168380 secs] [Times: user=0.03 sys=0.01, real=0.02 secs] 
133030.542: [GC 133030.543: [ParNew: 210695K->861K(235968K), 0.0068020 secs] 1232768K->1022980K(1546688K), 0.0071000 secs] [Times: user=0.04 sys=0.00, real=0.01 secs] 
133045.159: [GC 133045.159: [ParNew: 210615K->967K(235968K), 0.0139250 secs] 1232733K->1023129K(1546688K), 0.0142390 secs] [Times: user=0.04 sys=0.00, real=0.01 secs] 
133055.890: [GC 133055.890: [ParNew: 210759K->963K(235968K), 0.0072560 secs] 1232921K->1023187K(1546688K), 0.0075620 secs] [Times: user=0.03 sys=0.01, real=0.01 secs] 
133061.728: [GC 133061.728: [ParNew: 210755K->723K(235968K), 0.0084460 secs] 1232979K->1023013K(1546688K), 0.0086850 secs] [Times: user=0.03 sys=0.00, real=0.01 secs] 
133080.918: [GC 133080.919: [ParNew: 210501K->1007K(235968K), 0.0084200 secs] 1232790K->1023350K(1546688K), 0.0087250 secs] [Times: user=0.03 sys=0.00, real=0.00 secs] 
133094.212: [GC 133094.212: [ParNew: 210799K->967K(235968K), 0.0111140 secs] 1233142K->1023412K(1546688K), 0.0113890 secs] [Times: user=0.04 sys=0.00, real=0.01 secs] 
133107.696: [GC 133107.696: [ParNew: 210759K->1001K(235968K), 0.0084840 secs] 1233204K->1023521K(1546688K), 0.0087860 secs] [Times: user=0.04 sys=0.00, real=0.01 secs] 
133117.388: [GC 133117.388: [ParNew: 210793K->759K(235968K), 0.0124970 secs] 1233313K->1023323K(1546688K), 0.0128060 secs] [Times: user=0.03 sys=0.01, real=0.01 secs] 
133124.251: [GC 133124.251: [ParNew: 210551K->1344K(235968K), 0.0066840 secs] 1233115K->1024055K(1546688K), 0.0068660 secs] [Times: user=0.04 sys=0.00, real=0.01 secs] 
133148.097: [GC 133148.097: [ParNew: 211136K->1077K(235968K), 0.0082910 secs] 1233847K->1023829K(1546688K), 0.0085700 secs] [Times: user=0.03 sys=0.00, real=0.01 secs] 
133154.246: [GC 133154.247: [ParNew: 210769K->1000K(235968K), 0.0071430 secs] 1233521K->1023793K(1546688K), 0.0073490 secs] [Times: user=0.03 sys=0.00, real=0.01 secs] 
133167.716: [GC 133167.716: [ParNew: 210792K->1173K(235968K), 0.0062710 secs] 1233585K->1024016K(1546688K), 0.0066000 secs] [Times: user=0.03 sys=0.01, real=0.00 secs] 
133177.388: [GC 133177.388: [ParNew: 210964K->1039K(235968K), 0.0064380 secs] 1233808K->1023942K(1546688K), 0.0067420 secs] [Times: user=0.03 sys=0.00, real=0.01 secs] 
133184.259: [GC 133184.259: [ParNew: 210831K->842K(235968K), 0.0089860 secs] 1233734K->1023832K(1546688K), 0.0092930 secs] [Times: user=0.03 sys=0.00, real=0.01 secs] 
133208.094: [GC 133208.094: [ParNew: 210634K->745K(235968K), 0.0061770 secs] 1233624K->1023789K(1546688K), 0.0064660 secs] [Times: user=0.03 sys=0.00, real=0.01 secs] 
133214.255: [GC 133214.256: [ParNew: 210537K->964K(235968K), 0.0081520 secs] 1233581K->1024066K(1546688K), 0.0085850 secs] [Times: user=0.03 sys=0.00, real=0.01 secs] 
133227.748: [GC 133227.749: [ParNew: 210756K->1173K(235968K), 0.0128180 secs] 1233858K->1024327K(1546688K), 0.0131340 secs] [Times: user=0.05 sys=0.00, real=0.01 secs] 
133237.407: [GC 133237.407: [ParNew: 210959K->998K(235968K), 0.0074520 secs] 1234112K->1024213K(1546688K), 0.0077720 secs] [Times: user=0.03 sys=0.00, real=0.01 secs] 
133244.273: [GC 133244.274: [ParNew: 210790K->1463K(235968K), 0.0067700 secs] 1234005K->1024737K(1546688K), 0.0070840 secs] [Times: user=0.04 sys=0.01, real=0.00 secs] 
133268.124: [GC 133268.124: [ParNew: 211255K->861K(235968K), 0.0076430 secs] 1234529K->1024189K(1546688K), 0.0078440 secs] [Times: user=0.03 sys=0.00, real=0.01 secs] 
133274.275: [GC 133274.275: [ParNew: 210622K->571K(235968K), 0.0061220 secs] 1233950K->1024066K(1546688K), 0.0063930 secs] [Times: user=0.04 sys=0.00, real=0.01 secs] 
133287.766: [GC 133287.767: [ParNew: 210363K->834K(235968K), 0.0083800 secs] 1233858K->1024375K(1546688K), 0.0086700 secs] [Times: user=0.03 sys=0.00, real=0.00 secs] 
133298.287: [GC 133298.287: [ParNew: 210574K->1073K(235968K), 0.0058810 secs] 1234115K->1024673K(1546688K), 0.0061530 secs] [Times: user=0.04 sys=0.00, real=0.00 secs] 
133304.303: [GC 133304.303: [ParNew: 210844K->1027K(235968K), 0.0053810 secs] 1234444K->1024681K(1546688K), 0.0056410 secs] [Times: user=0.03 sys=0.00, real=0.00 secs] 
133329.797: [GC 133329.797: [ParNew: 210762K->806K(235968K), 0.0079710 secs] 1234416K->1024513K(1546688K), 0.0082630 secs] [Times: user=0.03 sys=0.01, real=0.01 secs] 
133336.379: [GC 133336.380: [ParNew: 210598K->818K(235968K), 0.0327430 secs] 1234305K->1024579K(1546688K), 0.0330540 secs] [Times: user=0.06 sys=0.00, real=0.03 secs] 
133355.457: [GC 133355.458: [ParNew: 210610K->903K(235968K), 0.0162770 secs] 1234371K->1024700K(1546688K), 0.0165730 secs] [Times: user=0.05 sys=0.00, real=0.01 secs] 
133358.336: [GC 133358.337: [ParNew: 210695K->1155K(235968K), 0.0070220 secs] 1234492K->1024996K(1546688K), 0.0073020 secs] [Times: user=0.02 sys=0.00, real=0.00 secs] 
133374.341: [GC 133374.342: [ParNew: 210947K->898K(235968K), 0.0098810 secs] 1234788K->1024805K(1546688K), 0.0101790 secs] [Times: user=0.03 sys=0.00, real=0.01 secs] 
133389.814: [GC 133389.814: [ParNew: 210690K->1262K(235968K), 0.0101960 secs] 1234597K->1025352K(1546688K), 0.0105080 secs] [Times: user=0.03 sys=0.00, real=0.01 secs] 
133396.391: [GC 133396.391: [ParNew: 211054K->1001K(235968K), 0.0111360 secs] 1235144K->1025147K(1546688K), 0.0114090 secs] [Times: user=0.04 sys=0.00, real=0.01 secs] 
133415.465: [GC 133415.465: [ParNew: 210793K->806K(235968K), 0.0083900 secs] 1234939K->1025002K(1546688K), 0.0086840 secs] [Times: user=0.03 sys=0.00, real=0.01 secs] 
133418.341: [GC 133418.341: [ParNew: 210598K->867K(235968K), 0.0079070 secs] 1234794K->1025120K(1546688K), 0.0081700 secs] [Times: user=0.03 sys=0.00, real=0.01 secs] 
133434.374: [GC 133434.374: [ParNew: 210659K->738K(235968K), 0.0069950 secs] 1234912K->1025065K(1546688K), 0.0072920 secs] [Times: user=0.04 sys=0.00, real=0.00 secs] 
133449.826: [GC 133449.826: [ParNew: 210518K->858K(235968K), 0.0070140 secs] 1234845K->1025249K(1546688K), 0.0072760 secs] [Times: user=0.03 sys=0.01, real=0.01 secs] 
133456.409: [GC 133456.409: [ParNew: 210650K->1322K(235968K), 0.0311170 secs] 1235041K->1025762K(1546688K), 0.0314510 secs] [Times: user=0.06 sys=0.00, real=0.04 secs] 
133475.480: [GC 133475.480: [ParNew: 211114K->720K(235968K), 0.0112350 secs] 1235554K->1025209K(1546688K), 0.0114980 secs] [Times: user=0.04 sys=0.00, real=0.01 secs] 
133478.365: [GC 133478.366: [ParNew: 210441K->1294K(235968K), 0.0089740 secs] 1234930K->1025845K(1546688K), 0.0092220 secs] [Times: user=0.04 sys=0.00, real=0.01 secs] 
133494.400: [GC 133494.400: [ParNew: 211061K->999K(235968K), 0.0107390 secs] 1235611K->1025621K(1546688K), 0.0110500 secs] [Times: user=0.04 sys=0.00, real=0.01 secs] 
133509.876: [GC 133509.877: [ParNew: 210791K->942K(235968K), 0.0104240 secs] 1235413K->1025623K(1546688K), 0.0108760 secs] [Times: user=0.04 sys=0.00, real=0.01 secs] 
133516.478: [GC 133516.478: [ParNew: 210630K->1003K(235968K), 0.0077070 secs] 1235311K->1025736K(1546688K), 0.0080530 secs] [Times: user=0.03 sys=0.00, real=0.01 secs] 
133535.929: [GC 133535.930: [ParNew: 210795K->840K(235968K), 0.0054320 secs] 1235528K->1025609K(1546688K), 0.0057310 secs] [Times: user=0.04 sys=0.01, real=0.00 secs] 
133540.170: [GC 133540.170: [ParNew: 210632K->1179K(235968K), 0.0066470 secs] 1235401K->1025997K(1546688K), 0.0069010 secs] [Times: user=0.04 sys=0.00, real=0.01 secs] 
133560.955: [GC 133560.955: [ParNew: 210971K->878K(235968K), 0.0075880 secs] 1235789K->1025880K(1546688K), 0.0078820 secs] [Times: user=0.04 sys=0.00, real=0.00 secs] 
133570.756: [GC 133570.757: [ParNew: 210670K->872K(235968K), 0.0055780 secs] 1235672K->1025960K(1546688K), 0.0058640 secs] [Times: user=0.03 sys=0.00, real=0.01 secs] 
133585.297: [GC 133585.297: [ParNew: 210664K->579K(235968K), 0.0090540 secs] 1235752K->1025716K(1546688K), 0.0093580 secs] [Times: user=0.03 sys=0.00, real=0.01 secs] 
133595.954: [GC 133595.954: [ParNew: 210294K->658K(235968K), 0.0076090 secs] 1235432K->1025844K(1546688K), 0.0078400 secs] [Times: user=0.04 sys=0.00, real=0.01 secs] 
133601.796: [GC 133601.797: [ParNew: 210446K->850K(235968K), 0.0067240 secs] 1235633K->1026085K(1546688K), 0.0069490 secs] [Times: user=0.04 sys=0.00, real=0.00 secs] 
133620.998: [GC 133620.999: [ParNew: 210642K->749K(235968K), 0.0112560 secs] 1235877K->1026039K(1546688K), 0.0115960 secs] [Times: user=0.04 sys=0.00, real=0.01 secs] 
133630.791: [GC 133630.791: [ParNew: 210514K->929K(235968K), 0.0165110 secs] 1235803K->1026322K(1546688K), 0.0168280 secs] [Times: user=0.04 sys=0.00, real=0.02 secs] 
133645.394: [GC 133645.394: [ParNew: 210627K->946K(235968K), 0.0231930 secs] 1236020K->1026387K(1546688K), 0.0234740 secs] [Times: user=0.04 sys=0.01, real=0.02 secs] 
133657.483: [GC 133657.483: [ParNew: 210738K->1061K(235968K), 0.0074320 secs] 1236179K->1026545K(1546688K), 0.0077090 secs] [Times: user=0.04 sys=0.00, real=0.01 secs] 
133664.350: [GC 133664.351: [ParNew: 210853K->1048K(235968K), 0.0100450 secs] 1236337K->1026646K(1546688K), 0.0102600 secs] [Times: user=0.03 sys=0.00, real=0.01 secs] 
133688.176: [GC 133688.176: [ParNew: 210834K->1162K(235968K), 0.0092980 secs] 1236432K->1026822K(1546688K), 0.0095690 secs] [Times: user=0.03 sys=0.00, real=0.01 secs] 
133694.331: [GC 133694.332: [ParNew: 210846K->823K(235968K), 0.0071150 secs] 1236506K->1026636K(1546688K), 0.0074050 secs] [Times: user=0.03 sys=0.00, real=0.01 secs] 
133707.839: [GC 133707.840: [ParNew: 210572K->753K(235968K), 0.0107110 secs] 1236384K->1026622K(1546688K), 0.0110840 secs] [Times: user=0.03 sys=0.00, real=0.02 secs] 
133717.507: [GC 133717.508: [ParNew: 210545K->846K(235968K), 0.0096200 secs] 1236414K->1026764K(1546688K), 0.0098860 secs] [Times: user=0.04 sys=0.01, real=0.01 secs] 
133724.379: [GC 133724.379: [ParNew: 210638K->1013K(235968K), 0.0074000 secs] 1236556K->1026969K(1546688K), 0.0076700 secs] [Times: user=0.04 sys=0.01, real=0.00 secs] 
133748.217: [GC 133748.218: [ParNew: 210805K->771K(235968K), 0.0096190 secs] 1236761K->1026768K(1546688K), 0.0098350 secs] [Times: user=0.03 sys=0.00, real=0.01 secs] 
133754.379: [GC 133754.379: [ParNew: 210563K->549K(235968K), 0.0124610 secs] 1236560K->1026593K(1546688K), 0.0126690 secs] [Times: user=0.03 sys=0.00, real=0.01 secs] 
133767.893: [GC 133767.893: [ParNew: 210277K->974K(235968K), 0.0151790 secs] 1236322K->1027150K(1546688K), 0.0154180 secs] [Times: user=0.04 sys=0.01, real=0.01 secs] 
133778.514: [GC 133778.514: [ParNew: 210738K->1118K(235968K), 0.0108710 secs] 1236914K->1027338K(1546688K), 0.0110830 secs] [Times: user=0.03 sys=0.00, real=0.01 secs] 
133784.414: [GC 133784.414: [ParNew: 210888K->831K(235968K), 0.0090660 secs] 1237108K->1027100K(1546688K), 0.0092690 secs] [Times: user=0.03 sys=0.00, real=0.01 secs] 
133808.345: [GC 133808.345: [ParNew: 210596K->1065K(235968K), 0.0089270 secs] 1236865K->1027387K(1546688K), 0.0091430 secs] [Times: user=0.04 sys=0.00, real=0.01 secs] 
133816.483: [GC 133816.483: [ParNew: 210857K->975K(235968K), 0.0261450 secs] 1237179K->1027356K(1546688K), 0.0264810 secs] [Times: user=0.04 sys=0.00, real=0.02 secs] 
133835.519: [GC 133835.519: [ParNew: 210767K->1344K(235968K), 0.0084660 secs] 1237148K->1027787K(1546688K), 0.0087430 secs] [Times: user=0.04 sys=0.00, real=0.01 secs] 
133838.531: [GC 133838.531: [ParNew: 211136K->1325K(235968K), 0.0064590 secs] 1237579K->1027812K(1546688K), 0.0067140 secs] [Times: user=0.03 sys=0.00, real=0.00 secs] 
133854.464: [GC 133854.464: [ParNew: 211117K->1308K(235968K), 0.0162880 secs] 1237604K->1028008K(1546688K), 0.0165020 secs] [Times: user=0.03 sys=0.00, real=0.02 secs] 
133869.924: [GC 133869.924: [ParNew: 211008K->1106K(235968K), 0.0064250 secs] 1237708K->1027847K(1546688K), 0.0067090 secs] [Times: user=0.03 sys=0.00, real=0.01 secs] 
133876.545: [GC 133876.545: [ParNew: 210898K->912K(235968K), 0.0124150 secs] 1237639K->1027703K(1546688K), 0.0127050 secs] [Times: user=0.04 sys=0.00, real=0.01 secs] 
133895.552: [GC 133895.552: [ParNew: 210695K->1081K(235968K), 0.0078850 secs] 1237485K->1027921K(1546688K), 0.0081520 secs] [Times: user=0.03 sys=0.00, real=0.01 secs] 
133900.199: [GC 133900.199: [ParNew: 210873K->752K(235968K), 0.0082770 secs] 1237713K->1027724K(1546688K), 0.0085480 secs] [Times: user=0.03 sys=0.00, real=0.01 secs] 
133914.507: [GC 133914.507: [ParNew: 210529K->749K(235968K), 0.0123180 secs] 1237501K->1027774K(1546688K), 0.0126070 secs] [Times: user=0.04 sys=0.00, real=0.02 secs] 
133930.816: [GC 133930.817: [ParNew: 210506K->840K(235968K), 0.0078570 secs] 1237531K->1027914K(1546688K), 0.0081010 secs] [Times: user=0.03 sys=0.00, real=0.00 secs] 
133945.373: [GC 133945.373: [ParNew: 210621K->982K(235968K), 0.0456840 secs] 1237694K->1028096K(1546688K), 0.0460900 secs] [Times: user=0.05 sys=0.00, real=0.04 secs] 
133955.999: [GC 133955.999: [ParNew: 210723K->1044K(235968K), 0.0102260 secs] 1237837K->1028206K(1546688K), 0.0105240 secs] [Times: user=0.03 sys=0.00, real=0.01 secs] 
133961.833: [GC 133961.833: [ParNew: 210727K->1120K(235968K), 0.0083960 secs] 1237890K->1028319K(1546688K), 0.0086810 secs] [Times: user=0.03 sys=0.00, real=0.01 secs] 
133981.035: [GC 133981.035: [ParNew: 210787K->967K(235968K), 0.0102000 secs] 1237986K->1028216K(1546688K), 0.0104040 secs] [Times: user=0.03 sys=0.00, real=0.01 secs] 
133990.856: [GC 133990.856: [ParNew: 210759K->861K(235968K), 0.0109680 secs] 1238008K->1028171K(1546688K), 0.0111930 secs] [Times: user=0.03 sys=0.00, real=0.01 secs] 
134005.422: [GC 134005.422: [ParNew: 210653K->707K(235968K), 0.0346540 secs] 1237963K->1028061K(1546688K), 0.0350050 secs] [Times: user=0.05 sys=0.00, real=0.04 secs] 
134017.527: [GC 134017.527: [ParNew: 210499K->922K(235968K), 0.0124390 secs] 1237853K->1028332K(1546688K), 0.0127850 secs] [Times: user=0.03 sys=0.00, real=0.01 secs] 
134021.859: [GC 134021.860: [ParNew: 210714K->868K(235968K), 0.0111840 secs] 1238124K->1028335K(1546688K), 0.0114990 secs] [Times: user=0.03 sys=0.00, real=0.02 secs] 
134041.090: [GC 134041.090: [ParNew: 210660K->672K(235968K), 0.0114260 secs] 1238127K->1028192K(1546688K), 0.0116510 secs] [Times: user=0.03 sys=0.00, real=0.01 secs] 
134050.879: [GC 134050.879: [ParNew: 210458K->769K(235968K), 0.0083250 secs] 1237979K->1028506K(1546688K), 0.0085910 secs] [Times: user=0.03 sys=0.00, real=0.01 secs] 
134065.441: [GC 134065.441: [ParNew: 210551K->700K(235968K), 0.0237210 secs] 1238288K->1028487K(1546688K), 0.0240490 secs] [Times: user=0.06 sys=0.00, real=0.03 secs] 
134077.541: [GC 134077.541: [ParNew: 210492K->1383K(235968K), 0.0083270 secs] 1238279K->1029226K(1546688K), 0.0085770 secs] [Times: user=0.03 sys=0.01, real=0.01 secs] 
134081.881: [GC 134081.881: [ParNew: 211128K->981K(235968K), 0.0072060 secs] 1238971K->1028873K(1546688K), 0.0074880 secs] [Times: user=0.03 sys=0.01, real=0.01 secs] 
134108.373: [GC 134108.373: [ParNew: 210726K->1226K(235968K), 0.0087300 secs] 1238618K->1029167K(1546688K), 0.0090420 secs] [Times: user=0.03 sys=0.00, real=0.01 secs] 
134114.422: [GC 134114.422: [ParNew: 211017K->1119K(235968K), 0.0064040 secs] 1238958K->1029139K(1546688K), 0.0066920 secs] [Times: user=0.04 sys=0.00, real=0.01 secs] 
134127.932: [GC 134127.932: [ParNew: 210911K->823K(235968K), 0.0154930 secs] 1238931K->1028891K(1546688K), 0.0157840 secs] [Times: user=0.04 sys=0.00, real=0.02 secs] 
134137.568: [GC 134137.568: [ParNew: 210615K->744K(235968K), 0.0069630 secs] 1238683K->1028856K(1546688K), 0.0072120 secs] [Times: user=0.03 sys=0.00, real=0.01 secs] 
134144.448: [GC 134144.448: [ParNew: 210534K->1263K(235968K), 0.0077570 secs] 1238645K->1029423K(1546688K), 0.0080450 secs] [Times: user=0.03 sys=0.00, real=0.01 secs] 
134168.396: [GC 134168.396: [ParNew: 210986K->991K(235968K), 0.0095800 secs] 1239145K->1029205K(1546688K), 0.0097810 secs] [Times: user=0.03 sys=0.00, real=0.01 secs] 
134174.438: [GC 134174.439: [ParNew: 210767K->945K(235968K), 0.0101260 secs] 1238980K->1029213K(1546688K), 0.0103350 secs] [Times: user=0.03 sys=0.00, real=0.01 secs] 
134187.944: [GC 134187.944: [ParNew: 210723K->1375K(235968K), 0.0108280 secs] 1238991K->1029794K(1546688K), 0.0111170 secs] [Times: user=0.04 sys=0.00, real=0.02 secs] 
134197.593: [GC 134197.593: [ParNew: 211115K->1036K(235968K), 0.0074570 secs] 1239534K->1029560K(1546688K), 0.0077160 secs] [Times: user=0.03 sys=0.00, real=0.01 secs] 
134204.468: [GC 134204.468: [ParNew: 210828K->948K(235968K), 0.0065430 secs] 1239352K->1029522K(1546688K), 0.0068380 secs] [Times: user=0.03 sys=0.00, real=0.01 secs] 
134228.543: [GC 134228.543: [ParNew: 210689K->1056K(235968K), 0.0098710 secs] 1239263K->1029684K(1546688K), 0.0100960 secs] [Times: user=0.03 sys=0.00, real=0.01 secs] 
134234.460: [GC 134234.460: [ParNew: 210819K->812K(235968K), 0.0093280 secs] 1239447K->1029506K(1546688K), 0.0095870 secs] [Times: user=0.04 sys=0.00, real=0.01 secs] 
134247.973: [GC 134247.973: [ParNew: 210604K->845K(235968K), 0.0092860 secs] 1239298K->1029587K(1546688K), 0.0095630 secs] [Times: user=0.04 sys=0.00, real=0.01 secs] 
134258.586: [GC 134258.586: [ParNew: 210637K->1570K(235968K), 0.0067710 secs] 1239379K->1030379K(1546688K), 0.0071280 secs] [Times: user=0.03 sys=0.00, real=0.01 secs] 
134264.491: [GC 134264.492: [ParNew: 211362K->1227K(235968K), 0.0071750 secs] 1240171K->1030170K(1546688K), 0.0074440 secs] [Times: user=0.03 sys=0.00, real=0.01 secs] 
134288.562: [GC 134288.562: [ParNew: 210933K->1194K(235968K), 0.0074270 secs] 1239876K->1030191K(1546688K), 0.0076350 secs] [Times: user=0.04 sys=0.00, real=0.01 secs] 
134294.487: [GC 134294.487: [ParNew: 210934K->915K(235968K), 0.0085090 secs] 1239931K->1030059K(1546688K), 0.0088020 secs] [Times: user=0.03 sys=0.00, real=0.01 secs] 
134308.010: [GC 134308.011: [ParNew: 210707K->538K(235968K), 0.0104950 secs] 1239851K->1029737K(1546688K), 0.0107500 secs] [Times: user=0.03 sys=0.00, real=0.01 secs] 
134318.602: [GC 134318.602: [ParNew: 210330K->1108K(235968K), 0.0101410 secs] 1239529K->1030358K(1546688K), 0.0104350 secs] [Times: user=0.03 sys=0.00, real=0.01 secs] 
134324.509: [GC 134324.510: [ParNew: 210873K->1048K(235968K), 0.0072250 secs] 1240122K->1030351K(1546688K), 0.0075320 secs] [Times: user=0.03 sys=0.00, real=0.01 secs] 
134349.997: [GC 134349.997: [ParNew: 210840K->765K(235968K), 0.0065450 secs] 1240143K->1030122K(1546688K), 0.0068300 secs] [Times: user=0.03 sys=0.00, real=0.01 secs] 
134356.736: [GC 134356.737: [ParNew: 210553K->1029K(235968K), 0.0097250 secs] 1239910K->1030441K(1546688K), 0.0099480 secs] [Times: user=0.03 sys=0.01, real=0.01 secs] 
134368.042: [GC 134368.042: [ParNew: 210760K->1044K(235968K), 0.0078820 secs] 1240172K->1030522K(1546688K), 0.0081570 secs] [Times: user=0.03 sys=0.00, real=0.01 secs] 
134378.613: [GC 134378.613: [ParNew: 210836K->1500K(235968K), 0.0071710 secs] 1240314K->1031021K(1546688K), 0.0074080 secs] [Times: user=0.03 sys=0.00, real=0.01 secs] 
134384.510: [GC 134384.511: [ParNew: 211292K->994K(235968K), 0.0088720 secs] 1240813K->1030564K(1546688K), 0.0091440 secs] [Times: user=0.03 sys=0.00, real=0.01 secs] 
134408.581: [GC 134408.582: [ParNew: 210784K->960K(235968K), 0.0052460 secs] 1240354K->1030704K(1546688K), 0.0055400 secs] [Times: user=0.04 sys=0.00, real=0.00 secs] 
134414.507: [GC 134414.507: [ParNew: 210653K->840K(235968K), 0.0051820 secs] 1240397K->1030667K(1546688K), 0.0054490 secs] [Times: user=0.04 sys=0.00, real=0.01 secs] 
134428.029: [GC 134428.030: [ParNew: 210576K->992K(235968K), 0.0074880 secs] 1240403K->1030880K(1546688K), 0.0077990 secs] [Times: user=0.04 sys=0.00, real=0.01 secs] 
134438.615: [GC 134438.615: [ParNew: 210784K->1071K(235968K), 0.0059320 secs] 1240672K->1031007K(1546688K), 0.0062110 secs] [Times: user=0.03 sys=0.00, real=0.01 secs] 
134444.524: [GC 134444.524: [ParNew: 210790K->1081K(235968K), 0.0052180 secs] 1240726K->1031070K(1546688K), 0.0054980 secs] [Times: user=0.03 sys=0.01, real=0.00 secs] 
134468.588: [GC 134468.589: [ParNew: 210873K->1080K(235968K), 0.0063300 secs] 1240862K->1031123K(1546688K), 0.0066410 secs] [Times: user=0.03 sys=0.00, real=0.01 secs] 
134474.513: [GC 134474.513: [ParNew: 210833K->1240K(235968K), 0.0060560 secs] 1240876K->1031381K(1546688K), 0.0063450 secs] [Times: user=0.04 sys=0.01, real=0.00 secs] 
134488.061: [GC 134488.061: [ParNew: 211000K->788K(235968K), 0.0055480 secs] 1241140K->1030981K(1546688K), 0.0058370 secs] [Times: user=0.04 sys=0.00, real=0.00 secs] 
134498.642: [GC 134498.642: [ParNew: 210580K->789K(235968K), 0.0052950 secs] 1240773K->1031069K(1546688K), 0.0055730 secs] [Times: user=0.03 sys=0.01, real=0.01 secs] 
134514.604: [GC 134514.604: [ParNew: 210581K->573K(235968K), 0.0122560 secs] 1240861K->1030903K(1546688K), 0.0125500 secs] [Times: user=0.03 sys=0.00, real=0.01 secs] 
134530.049: [GC 134530.049: [ParNew: 210365K->1275K(235968K), 0.0066630 secs] 1240694K->1031653K(1546688K), 0.0069540 secs] [Times: user=0.03 sys=0.00, real=0.01 secs] 
134536.791: [GC 134536.791: [ParNew: 211042K->1216K(235968K), 0.0176300 secs] 1241420K->1031631K(1546688K), 0.0179070 secs] [Times: user=0.05 sys=0.00, real=0.01 secs] 
134555.638: [GC 134555.638: [ParNew: 211008K->881K(235968K), 0.0078650 secs] 1241423K->1031345K(1546688K), 0.0080730 secs] [Times: user=0.03 sys=0.00, real=0.00 secs] 
134560.280: [GC 134560.280: [ParNew: 210673K->983K(235968K), 0.0079030 secs] 1241137K->1031491K(1546688K), 0.0081630 secs] [Times: user=0.04 sys=0.00, real=0.01 secs] 
134574.634: [GC 134574.635: [ParNew: 210735K->1297K(235968K), 0.0095330 secs] 1241243K->1031867K(1546688K), 0.0097280 secs] [Times: user=0.03 sys=0.00, real=0.01 secs] 
134590.077: [GC 134590.077: [ParNew: 211089K->754K(235968K), 0.0108210 secs] 1241659K->1031378K(1546688K), 0.0110590 secs] [Times: user=0.03 sys=0.00, real=0.01 secs] 
134596.810: [GC 134596.810: [ParNew: 210546K->1079K(235968K), 0.0072630 secs] 1241170K->1031752K(1546688K), 0.0075710 secs] [Times: user=0.04 sys=0.00, real=0.00 secs] 
134615.651: [GC 134615.651: [ParNew: 210855K->1191K(235968K), 0.0085190 secs] 1241528K->1031926K(1546688K), 0.0088270 secs] [Times: user=0.03 sys=0.00, real=0.01 secs] 
134620.292: [GC 134620.292: [ParNew: 210971K->915K(235968K), 0.0064850 secs] 1241706K->1031744K(1546688K), 0.0066970 secs] [Times: user=0.03 sys=0.00, real=0.01 secs] 
134634.661: [GC 134634.661: [ParNew: 210707K->1013K(235968K), 0.0066320 secs] 1241536K->1032007K(1546688K), 0.0069180 secs] [Times: user=0.04 sys=0.00, real=0.01 secs] 
134650.094: [GC 134650.095: [ParNew: 210805K->988K(235968K), 0.0069270 secs] 1241799K->1032035K(1546688K), 0.0072070 secs] [Times: user=0.03 sys=0.00, real=0.00 secs] 
134656.831: [GC 134656.832: [ParNew: 210780K->726K(235968K), 0.0066690 secs] 1241827K->1031828K(1546688K), 0.0069260 secs] [Times: user=0.03 sys=0.00, real=0.00 secs] 
134675.650: [GC 134675.650: [ParNew: 210491K->1321K(235968K), 0.0085240 secs] 1241593K->1032485K(1546688K), 0.0087510 secs] [Times: user=0.04 sys=0.00, real=0.01 secs] 
134680.293: [GC 134680.293: [ParNew: 211113K->1082K(235968K), 0.0062900 secs] 1242277K->1032334K(1546688K), 0.0065680 secs] [Times: user=0.04 sys=0.00, real=0.01 secs] 
134694.677: [GC 134694.678: [ParNew: 210772K->1095K(235968K), 0.0084880 secs] 1242024K->1032397K(1546688K), 0.0087540 secs] [Times: user=0.03 sys=0.00, real=0.01 secs] 
134710.117: [GC 134710.117: [ParNew: 210799K->770K(235968K), 0.0075920 secs] 1242101K->1032126K(1546688K), 0.0078810 secs] [Times: user=0.03 sys=0.00, real=0.01 secs] 
134725.587: [GC 134725.587: [ParNew: 210555K->586K(235968K), 0.0391520 secs] 1241910K->1032147K(1546688K), 0.0395400 secs] [Times: user=0.03 sys=0.00, real=0.04 secs] 
134736.084: [GC 134736.084: [ParNew: 210348K->1205K(235968K), 0.0087130 secs] 1241909K->1032821K(1546688K), 0.0089440 secs] [Times: user=0.04 sys=0.01, real=0.01 secs] 
134740.325: [GC 134740.325: [ParNew: 210951K->1115K(235968K), 0.0065830 secs] 1242567K->1032780K(1546688K), 0.0068830 secs] [Times: user=0.04 sys=0.00, real=0.01 secs] 
134755.142: [GC 134755.142: [ParNew: 210899K->580K(235968K), 0.0081640 secs] 1242564K->1032298K(1546688K), 0.0083810 secs] [Times: user=0.03 sys=0.00, real=0.01 secs] 
134771.087: [GC 134771.087: [ParNew: 210372K->750K(235968K), 0.0064030 secs] 1242090K->1032515K(1546688K), 0.0066230 secs] [Times: user=0.03 sys=0.00, real=0.01 secs] 
134785.595: [GC 134785.595: [ParNew: 210529K->927K(235968K), 0.0084840 secs] 1242294K->1032749K(1546688K), 0.0087790 secs] [Times: user=0.04 sys=0.01, real=0.01 secs] 
134796.215: [GC 134796.215: [ParNew: 210719K->939K(235968K), 0.0081260 secs] 1242541K->1032810K(1546688K), 0.0083240 secs] [Times: user=0.03 sys=0.01, real=0.01 secs] 
134801.993: [GC 134801.994: [ParNew: 210668K->939K(235968K), 0.0209740 secs] 1242539K->1032857K(1546688K), 0.0212500 secs] [Times: user=0.03 sys=0.00, real=0.02 secs] 
134821.157: [GC 134821.157: [ParNew: 210708K->1136K(235968K), 0.0104550 secs] 1242626K->1033109K(1546688K), 0.0107540 secs] [Times: user=0.03 sys=0.00, real=0.01 secs] 
134831.120: [GC 134831.120: [ParNew: 210928K->795K(235968K), 0.0068250 secs] 1242901K->1032930K(1546688K), 0.0071090 secs] [Times: user=0.03 sys=0.00, real=0.01 secs] 
134845.655: [GC 134845.655: [ParNew: 210578K->844K(235968K), 0.0190600 secs] 1242713K->1033023K(1546688K), 0.0193790 secs] [Times: user=0.04 sys=0.00, real=0.02 secs] 
134857.696: [GC 134857.696: [ParNew: 210636K->807K(235968K), 0.0081260 secs] 1242815K->1033030K(1546688K), 0.0084370 secs] [Times: user=0.04 sys=0.00, real=0.01 secs] 
134864.578: [GC 134864.579: [ParNew: 210557K->861K(235968K), 0.0057330 secs] 1242779K->1033130K(1546688K), 0.0060390 secs] [Times: user=0.04 sys=0.00, real=0.00 secs] 
134888.652: [GC 134888.652: [ParNew: 210653K->690K(235968K), 0.0056000 secs] 1242922K->1033002K(1546688K), 0.0059010 secs] [Times: user=0.04 sys=0.00, real=0.01 secs] 
134894.566: [GC 134894.566: [ParNew: 210482K->1028K(235968K), 0.0060040 secs] 1242794K->1033376K(1546688K), 0.0061930 secs] [Times: user=0.04 sys=0.00, real=0.00 secs] 
134908.150: [GC 134908.150: [ParNew: 210820K->887K(235968K), 0.0121130 secs] 1243168K->1033279K(1546688K), 0.0124290 secs] [Times: user=0.04 sys=0.00, real=0.02 secs] 
134918.707: [GC 134918.708: [ParNew: 210679K->890K(235968K), 0.0072590 secs] 1243071K->1033325K(1546688K), 0.0075760 secs] [Times: user=0.03 sys=0.00, real=0.01 secs] 
134924.617: [GC 134924.617: [ParNew: 210682K->1060K(235968K), 0.0057560 secs] 1243117K->1033544K(1546688K), 0.0060050 secs] [Times: user=0.04 sys=0.00, real=0.01 secs] 
134948.675: [GC 134948.675: [ParNew: 210835K->851K(235968K), 0.0069710 secs] 1243319K->1033393K(1546688K), 0.0072770 secs] [Times: user=0.03 sys=0.00, real=0.00 secs] 
134954.597: [GC 134954.597: [ParNew: 210643K->887K(235968K), 0.0076800 secs] 1243185K->1033484K(1546688K), 0.0079720 secs] [Times: user=0.03 sys=0.01, real=0.01 secs] 
134968.189: [GC 134968.189: [ParNew: 210679K->839K(235968K), 0.0060550 secs] 1243276K->1033484K(1546688K), 0.0063470 secs] [Times: user=0.03 sys=0.00, real=0.01 secs] 
134978.731: [GC 134978.731: [ParNew: 210620K->908K(235968K), 0.0091380 secs] 1243265K->1033673K(1546688K), 0.0094090 secs] [Times: user=0.03 sys=0.00, real=0.01 secs] 
134991.550: [GC 134991.550: [ParNew: 210700K->610K(235968K), 0.0078940 secs] 1243465K->1033465K(1546688K), 0.0081220 secs] [Times: user=0.03 sys=0.00, real=0.00 secs] 
135010.140: [GC 135010.140: [ParNew: 210402K->702K(235968K), 0.0084550 secs] 1243257K->1033600K(1546688K), 0.0086960 secs] [Times: user=0.03 sys=0.00, real=0.01 secs] 
135016.870: [GC 135016.871: [ParNew: 210494K->1051K(235968K), 0.0060830 secs] 1243392K->1033991K(1546688K), 0.0063630 secs] [Times: user=0.03 sys=0.00, real=0.01 secs] 
135035.694: [GC 135035.694: [ParNew: 210843K->1270K(235968K), 0.0073860 secs] 1243783K->1034259K(1546688K), 0.0076790 secs] [Times: user=0.03 sys=0.00, real=0.01 secs] 
135040.343: [GC 135040.343: [ParNew: 211062K->733K(235968K), 0.0067260 secs] 1244051K->1033766K(1546688K), 0.0069970 secs] [Times: user=0.03 sys=0.00, real=0.00 secs] 
135054.747: [GC 135054.747: [ParNew: 210525K->899K(235968K), 0.0058260 secs] 1243558K->1033988K(1546688K), 0.0061070 secs] [Times: user=0.03 sys=0.00, real=0.01 secs] 
135070.170: [GC 135070.170: [ParNew: 210680K->1165K(235968K), 0.0068240 secs] 1243769K->1034307K(1546688K), 0.0070740 secs] [Times: user=0.03 sys=0.00, real=0.01 secs] 
135076.895: [GC 135076.895: [ParNew: 210957K->1187K(235968K), 0.0061880 secs] 1244099K->1034387K(1546688K), 0.0064650 secs] [Times: user=0.03 sys=0.00, real=0.01 secs] 
135095.710: [GC 135095.710: [ParNew: 210979K->956K(235968K), 0.0084700 secs] 1244179K->1034215K(1546688K), 0.0087730 secs] [Times: user=0.03 sys=0.00, real=0.01 secs] 
135100.360: [GC 135100.360: [ParNew: 210748K->1103K(235968K), 0.0083230 secs] 1244007K->1034414K(1546688K), 0.0085350 secs] [Times: user=0.03 sys=0.00, real=0.01 secs] 
135114.769: [GC 135114.769: [ParNew: 210895K->757K(235968K), 0.0106060 secs] 1244206K->1034225K(1546688K), 0.0109430 secs] [Times: user=0.03 sys=0.00, real=0.02 secs] 
135130.197: [GC 135130.198: [ParNew: 210486K->742K(235968K), 0.0074630 secs] 1243953K->1034265K(1546688K), 0.0077300 secs] [Times: user=0.03 sys=0.00, real=0.00 secs] 
135143.444: [GC 135143.445: [ParNew: 210534K->439K(235968K), 0.0097510 secs] 1244057K->1034011K(1546688K), 0.0099490 secs] [Times: user=0.03 sys=0.00, real=0.01 secs] 
135156.146: [GC 135156.146: [ParNew: 210231K->786K(235968K), 0.0076010 secs] 1243803K->1034407K(1546688K), 0.0078600 secs] [Times: user=0.03 sys=0.01, real=0.01 secs] 
135160.390: [GC 135160.390: [ParNew: 210578K->1056K(235968K), 0.0089400 secs] 1244199K->1034725K(1546688K), 0.0091830 secs] [Times: user=0.03 sys=0.00, real=0.01 secs] 
135181.179: [GC 135181.179: [ParNew: 210827K->1131K(235968K), 0.0087230 secs] 1244496K->1034837K(1546688K), 0.0090090 secs] [Times: user=0.04 sys=0.00, real=0.00 secs] 
135191.168: [GC 135191.168: [ParNew: 210850K->1074K(235968K), 0.0079280 secs] 1244556K->1034816K(1546688K), 0.0081540 secs] [Times: user=0.04 sys=0.00, real=0.00 secs] 
135205.755: [GC 135205.755: [ParNew: 210866K->632K(235968K), 0.0226940 secs] 1244608K->1034533K(1546688K), 0.0229720 secs] [Times: user=0.05 sys=0.00, real=0.02 secs] 
135217.695: [GC 135217.695: [ParNew: 210424K->405K(235968K), 0.0093780 secs] 1244325K->1034355K(1546688K), 0.0096310 secs] [Times: user=0.03 sys=0.00, real=0.01 secs] 
135222.039: [GC 135222.040: [ParNew: 210197K->721K(235968K), 0.0070230 secs] 1244147K->1034731K(1546688K), 0.0073080 secs] [Times: user=0.04 sys=0.00, real=0.01 secs] 
135241.206: [GC 135241.207: [ParNew: 210513K->609K(235968K), 0.0068120 secs] 1244523K->1034673K(1546688K), 0.0071130 secs] [Times: user=0.03 sys=0.00, real=0.01 secs] 
135251.236: [GC 135251.236: [ParNew: 210381K->953K(235968K), 0.0070480 secs] 1244446K->1035082K(1546688K), 0.0072850 secs] [Times: user=0.03 sys=0.00, real=0.01 secs] 
135267.559: [GC 135267.560: [ParNew: 210744K->550K(235968K), 0.0069170 secs] 1244874K->1034723K(1546688K), 0.0072320 secs] [Times: user=0.03 sys=0.00, real=0.01 secs] 
135277.782: [GC 135277.782: [ParNew: 210342K->1111K(235968K), 0.0093750 secs] 1244515K->1035330K(1546688K), 0.0096490 secs] [Times: user=0.04 sys=0.01, real=0.01 secs] 
135284.666: [GC 135284.666: [ParNew: 210903K->770K(235968K), 0.0093610 secs] 1245122K->1035147K(1546688K), 0.0095880 secs] [Times: user=0.03 sys=0.00, real=0.01 secs] 
135308.725: [GC 135308.725: [ParNew: 210562K->617K(235968K), 0.0101990 secs] 1244939K->1035037K(1546688K), 0.0104740 secs] [Times: user=0.04 sys=0.00, real=0.01 secs] 
135314.660: [GC 135314.660: [ParNew: 210408K->934K(235968K), 0.0081250 secs] 1244827K->1035389K(1546688K), 0.0083250 secs] [Times: user=0.03 sys=0.00, real=0.01 secs] 
135328.266: [GC 135328.266: [ParNew: 210725K->450K(235968K), 0.0242560 secs] 1245180K->1034951K(1546688K), 0.0246140 secs] [Times: user=0.03 sys=0.00, real=0.02 secs] 
135338.784: [GC 135338.784: [ParNew: 210242K->1155K(235968K), 0.0081650 secs] 1244743K->1035707K(1546688K), 0.0084260 secs] [Times: user=0.03 sys=0.00, real=0.00 secs] 
135344.707: [GC 135344.707: [ParNew: 210947K->918K(235968K), 0.0077820 secs] 1245499K->1035523K(1546688K), 0.0080240 secs] [Times: user=0.03 sys=0.00, real=0.01 secs] 
135370.202: [GC 135370.202: [ParNew: 210710K->623K(235968K), 0.0071730 secs] 1245315K->1035277K(1546688K), 0.0074410 secs] [Times: user=0.03 sys=0.00, real=0.01 secs] 
135376.942: [GC 135376.942: [ParNew: 210415K->887K(235968K), 0.0073240 secs] 1245069K->1035584K(1546688K), 0.0075810 secs] [Times: user=0.03 sys=0.00, real=0.01 secs] 
135395.734: [GC 135395.734: [ParNew: 210612K->1037K(235968K), 0.0103370 secs] 1245309K->1035790K(1546688K), 0.0105770 secs] [Times: user=0.04 sys=0.00, real=0.02 secs] 
135398.818: [GC 135398.818: [ParNew: 210829K->971K(235968K), 0.0093350 secs] 1245582K->1035767K(1546688K), 0.0095600 secs] [Times: user=0.03 sys=0.00, real=0.01 secs] 
135414.828: [GC 135414.828: [ParNew: 210763K->1169K(235968K), 0.0197590 secs] 1245559K->1036014K(1546688K), 0.0200020 secs] [Times: user=0.04 sys=0.00, real=0.02 secs] 
135430.225: [GC 135430.225: [ParNew: 210961K->1125K(235968K), 0.0100350 secs] 1245806K->1036025K(1546688K), 0.0103300 secs] [Times: user=0.03 sys=0.00, real=0.01 secs] 
135436.969: [GC 135436.969: [ParNew: 210917K->800K(235968K), 0.0120380 secs] 1245817K->1035868K(1546688K), 0.0123240 secs] [Times: user=0.04 sys=0.00, real=0.01 secs] 
135455.756: [GC 135455.757: [ParNew: 210573K->1042K(235968K), 0.0108540 secs] 1245641K->1036158K(1546688K), 0.0111290 secs] [Times: user=0.03 sys=0.00, real=0.01 secs] 
135460.398: [GC 135460.398: [ParNew: 210834K->893K(235968K), 0.0090690 secs] 1245950K->1036082K(1546688K), 0.0093580 secs] [Times: user=0.03 sys=0.01, real=0.01 secs] 
135474.865: [GC 135474.865: [ParNew: 210685K->879K(235968K), 0.0120740 secs] 1245874K->1036117K(1546688K), 0.0123820 secs] [Times: user=0.04 sys=0.01, real=0.01 secs] 
135490.259: [GC 135490.260: [ParNew: 210609K->815K(235968K), 0.0078550 secs] 1245847K->1036109K(1546688K), 0.0081690 secs] [Times: user=0.03 sys=0.00, real=0.01 secs] 
135503.517: [GC 135503.517: [ParNew: 210607K->520K(235968K), 0.0111020 secs] 1245901K->1035868K(1546688K), 0.0113960 secs] [Times: user=0.03 sys=0.00, real=0.02 secs] 
135516.193: [GC 135516.193: [ParNew: 210310K->949K(235968K), 0.0109650 secs] 1245659K->1036347K(1546688K), 0.0112560 secs] [Times: user=0.04 sys=0.00, real=0.01 secs] 
135520.433: [GC 135520.433: [ParNew: 210741K->716K(235968K), 0.0091580 secs] 1246139K->1036163K(1546688K), 0.0094250 secs] [Times: user=0.03 sys=0.00, real=0.01 secs] 
135541.227: [GC 135541.227: [ParNew: 210508K->893K(235968K), 0.0096330 secs] 1245955K->1036385K(1546688K), 0.0099160 secs] [Times: user=0.05 sys=0.01, real=0.01 secs] 
135551.272: [GC 135551.272: [ParNew: 210685K->994K(235968K), 0.0104910 secs] 1246177K->1036524K(1546688K), 0.0107850 secs] [Times: user=0.03 sys=0.00, real=0.01 secs] 
135565.841: [GC 135565.842: [ParNew: 210786K->571K(235968K), 0.0147660 secs] 1246316K->1036249K(1546688K), 0.0150580 secs] [Times: user=0.03 sys=0.00, real=0.01 secs] 
135577.824: [GC 135577.824: [ParNew: 210363K->855K(235968K), 0.0114200 secs] 1246041K->1036577K(1546688K), 0.0117310 secs] [Times: user=0.04 sys=0.00, real=0.01 secs] 
135582.096: [GC 135582.096: [ParNew: 210647K->754K(235968K), 0.0082880 secs] 1246369K->1036524K(1546688K), 0.0085690 secs] [Times: user=0.03 sys=0.00, real=0.00 secs] 
135608.770: [GC 135608.770: [ParNew: 210486K->697K(235968K), 0.0089170 secs] 1246257K->1036522K(1546688K), 0.0092190 secs] [Times: user=0.04 sys=0.00, real=0.01 secs] 
135614.693: [GC 135614.693: [ParNew: 210489K->1046K(235968K), 0.0084560 secs] 1246314K->1036925K(1546688K), 0.0086590 secs] [Times: user=0.03 sys=0.00, real=0.01 secs] 
135625.835: [GC 135625.835: [ParNew: 210838K->897K(235968K), 0.0135880 secs] 1246717K->1036837K(1546688K), 0.0139070 secs] [Times: user=0.03 sys=0.00, real=0.02 secs] 
135636.254: [GC 135636.254: [ParNew: 210689K->966K(235968K), 0.0081580 secs] 1246629K->1036950K(1546688K), 0.0083850 secs] [Times: user=0.03 sys=0.00, real=0.01 secs] 
135642.082: [GC 135642.082: [ParNew: 210734K->1100K(235968K), 0.0101440 secs] 1246717K->1037142K(1546688K), 0.0103890 secs] [Times: user=0.04 sys=0.00, real=0.01 secs] 
135661.241: [GC 135661.241: [ParNew: 210891K->1012K(235968K), 0.0093560 secs] 1246933K->1037115K(1546688K), 0.0097190 secs] [Times: user=0.03 sys=0.00, real=0.01 secs] 
135671.288: [GC 135671.288: [ParNew: 210804K->1524K(235968K), 0.0068310 secs] 1246907K->1037789K(1546688K), 0.0073690 secs] [Times: user=0.03 sys=0.01, real=0.01 secs] 
135685.844: [GC 135685.844: [ParNew: 211316K->1073K(235968K), 0.0066200 secs] 1247581K->1037383K(1546688K), 0.0069110 secs] [Times: user=0.04 sys=0.00, real=0.01 secs] 
135696.226: [GC 135696.227: [ParNew: 210829K->909K(235968K), 0.0115720 secs] 1247140K->1037284K(1546688K), 0.0118820 secs] [Times: user=0.02 sys=0.00, real=0.02 secs] 
135702.088: [GC 135702.088: [ParNew: 210701K->1276K(235968K), 0.0116560 secs] 1247076K->1037699K(1546688K), 0.0118610 secs] [Times: user=0.03 sys=0.00, real=0.01 secs] 
135721.257: [GC 135721.258: [ParNew: 211068K->891K(235968K), 0.0103340 secs] 1247491K->1037374K(1546688K), 0.0106400 secs] [Times: user=0.03 sys=0.00, real=0.01 secs] 
135731.317: [GC 135731.318: [ParNew: 210683K->754K(235968K), 0.0063310 secs] 1247166K->1037294K(1546688K), 0.0066220 secs] [Times: user=0.04 sys=0.00, real=0.01 secs] 
135745.962: [GC 135745.962: [ParNew: 210546K->881K(235968K), 0.0095810 secs] 1247086K->1037464K(1546688K), 0.0099660 secs] [Times: user=0.04 sys=0.00, real=0.01 secs] 
135757.855: [GC 135757.856: [ParNew: 210633K->907K(235968K), 0.0069560 secs] 1247216K->1037546K(1546688K), 0.0072900 secs] [Times: user=0.03 sys=0.01, real=0.01 secs] 
135762.121: [GC 135762.122: [ParNew: 210664K->996K(235968K), 0.0092970 secs] 1247303K->1037685K(1546688K), 0.0098530 secs] [Times: user=0.04 sys=0.00, real=0.01 secs] 
135788.803: [GC 135788.803: [ParNew: 210758K->571K(235968K), 0.0117380 secs] 1247447K->1037314K(1546688K), 0.0119640 secs] [Times: user=0.03 sys=0.00, real=0.02 secs] 
135794.732: [GC 135794.732: [ParNew: 210361K->1028K(235968K), 0.0071660 secs] 1247104K->1037820K(1546688K), 0.0074250 secs] [Times: user=0.03 sys=0.00, real=0.00 secs] 
135808.315: [GC 135808.315: [ParNew: 210795K->1537K(235968K), 0.0103590 secs] 1247587K->1038376K(1546688K), 0.0106210 secs] [Times: user=0.04 sys=0.01, real=0.01 secs] 
135817.901: [GC 135817.901: [ParNew: 211297K->1157K(235968K), 0.0090490 secs] 1248136K->1038040K(1546688K), 0.0094720 secs] [Times: user=0.03 sys=0.00, real=0.01 secs] 
135824.783: [GC 135824.783: [ParNew: 210908K->883K(235968K), 0.0120810 secs] 1247791K->1037811K(1546688K), 0.0123780 secs] [Times: user=0.03 sys=0.00, real=0.01 secs] 
135848.845: [GC 135848.845: [ParNew: 210675K->968K(235968K), 0.0061530 secs] 1247603K->1037939K(1546688K), 0.0064400 secs] [Times: user=0.03 sys=0.00, real=0.00 secs] 
135854.767: [GC 135854.767: [ParNew: 210706K->837K(235968K), 0.0070330 secs] 1247677K->1037857K(1546688K), 0.0072870 secs] [Times: user=0.03 sys=0.00, real=0.01 secs] 
135868.358: [GC 135868.358: [ParNew: 210595K->807K(235968K), 0.0288180 secs] 1247615K->1037885K(1546688K), 0.0291650 secs] [Times: user=0.03 sys=0.00, real=0.03 secs] 
135878.889: [GC 135878.889: [ParNew: 210599K->942K(235968K), 0.0101230 secs] 1247677K->1038073K(1546688K), 0.0103460 secs] [Times: user=0.03 sys=0.00, real=0.02 secs] 
135884.822: [GC 135884.822: [ParNew: 210734K->574K(235968K), 0.0079220 secs] 1247865K->1037871K(1546688K), 0.0081330 secs] [Times: user=0.03 sys=0.00, real=0.01 secs] 
135910.298: [GC 135910.299: [ParNew: 210366K->659K(235968K), 0.0102180 secs] 1247663K->1038004K(1546688K), 0.0104480 secs] [Times: user=0.04 sys=0.00, real=0.01 secs] 
135917.055: [GC 135917.055: [ParNew: 210451K->1253K(235968K), 0.0272350 secs] 1247796K->1038649K(1546688K), 0.0275740 secs] [Times: user=0.06 sys=0.00, real=0.02 secs] 
135934.833: [GC 135934.833: [ParNew: 211045K->932K(235968K), 0.0105520 secs] 1248441K->1038399K(1546688K), 0.0108270 secs] [Times: user=0.04 sys=0.01, real=0.01 secs] 
135938.904: [GC 135938.904: [ParNew: 210714K->1175K(235968K), 0.0134890 secs] 1248181K->1038691K(1546688K), 0.0137870 secs] [Times: user=0.04 sys=0.00, real=0.01 secs] 
135944.824: [GC 135944.824: [ParNew: 210967K->842K(235968K), 0.0112470 secs] 1248483K->1038421K(1546688K), 0.0114970 secs] [Times: user=0.03 sys=0.00, real=0.01 secs] 
135970.310: [GC 135970.310: [ParNew: 210632K->950K(235968K), 0.0084280 secs] 1248211K->1038629K(1546688K), 0.0087110 secs] [Times: user=0.03 sys=0.00, real=0.01 secs] 
135977.055: [GC 135977.055: [ParNew: 210742K->1053K(235968K), 0.0113550 secs] 1248421K->1038770K(1546688K), 0.0115940 secs] [Times: user=0.03 sys=0.00, real=0.01 secs] 
135995.810: [GC 135995.810: [ParNew: 210845K->836K(235968K), 0.0072870 secs] 1248562K->1038618K(1546688K), 0.0075850 secs] [Times: user=0.04 sys=0.00, real=0.01 secs] 
135998.926: [GC 135998.927: [ParNew: 210603K->1064K(235968K), 0.0092570 secs] 1248385K->1038890K(1546688K), 0.0095470 secs] [Times: user=0.03 sys=0.00, real=0.01 secs] 
136014.974: [GC 136014.974: [ParNew: 210856K->818K(235968K), 0.0208960 secs] 1248682K->1038824K(1546688K), 0.0211880 secs] [Times: user=0.04 sys=0.00, real=0.02 secs] 
136030.342: [GC 136030.342: [ParNew: 210568K->1028K(235968K), 0.0074570 secs] 1248574K->1039077K(1546688K), 0.0076960 secs] [Times: user=0.03 sys=0.00, real=0.01 secs] 
136037.065: [GC 136037.065: [ParNew: 210820K->1160K(235968K), 0.0087330 secs] 1248869K->1039260K(1546688K), 0.0089980 secs] [Times: user=0.04 sys=0.00, real=0.01 secs] 
136055.829: [GC 136055.830: [ParNew: 210921K->932K(235968K), 0.0056720 secs] 1249021K->1039081K(1546688K), 0.0059950 secs] [Times: user=0.03 sys=0.00, real=0.01 secs] 
136058.950: [GC 136058.950: [ParNew: 210724K->719K(235968K), 0.0075210 secs] 1248873K->1038923K(1546688K), 0.0078090 secs] [Times: user=0.03 sys=0.00, real=0.01 secs] 
136075.004: [GC 136075.004: [ParNew: 210511K->1034K(235968K), 0.0108190 secs] 1248715K->1039286K(1546688K), 0.0111800 secs] [Times: user=0.03 sys=0.00, real=0.01 secs] 
136090.349: [GC 136090.349: [ParNew: 210826K->795K(235968K), 0.0080960 secs] 1249078K->1039149K(1546688K), 0.0084030 secs] [Times: user=0.03 sys=0.00, real=0.01 secs] 
136094.815: [GC 136094.815: [ParNew: 210582K->1506K(235968K), 0.0150800 secs] 1248936K->1039920K(1546688K), 0.0153060 secs] [Times: user=0.03 sys=0.00, real=0.01 secs] 
136108.374: [GC 136108.374: [ParNew: 211298K->1260K(235968K), 0.0063270 secs] 1249712K->1039723K(1546688K), 0.0065760 secs] [Times: user=0.04 sys=0.01, real=0.00 secs] 
136118.924: [GC 136118.924: [ParNew: 211052K->1097K(235968K), 0.0071050 secs] 1249515K->1039615K(1546688K), 0.0072980 secs] [Times: user=0.03 sys=0.00, real=0.00 secs] 
136124.850: [GC 136124.850: [ParNew: 210889K->988K(235968K), 0.0074440 secs] 1249407K->1039561K(1546688K), 0.0077280 secs] [Times: user=0.03 sys=0.00, real=0.01 secs] 
136148.909: [GC 136148.909: [ParNew: 210664K->1082K(235968K), 0.0087200 secs] 1249237K->1039692K(1546688K), 0.0089200 secs] [Times: user=0.03 sys=0.00, real=0.01 secs] 
136154.845: [GC 136154.845: [ParNew: 210874K->927K(235968K), 0.0072700 secs] 1249484K->1039714K(1546688K), 0.0075300 secs] [Times: user=0.03 sys=0.00, real=0.01 secs] 
136172.708: [GC 136172.708: [ParNew: 210719K->573K(235968K), 0.0058360 secs] 1249506K->1039408K(1546688K), 0.0061040 secs] [Times: user=0.03 sys=0.00, real=0.01 secs] 
136178.956: [GC 136178.956: [ParNew: 210365K->1050K(235968K), 0.0076630 secs] 1249200K->1039929K(1546688K), 0.0078650 secs] [Times: user=0.04 sys=0.00, real=0.01 secs] 
136195.040: [GC 136195.040: [ParNew: 210842K->1303K(235968K), 0.0098940 secs] 1249721K->1040228K(1546688K), 0.0101570 secs] [Times: user=0.04 sys=0.01, real=0.01 secs] 
136210.370: [GC 136210.370: [ParNew: 211044K->1018K(235968K), 0.0066300 secs] 1249969K->1039986K(1546688K), 0.0069280 secs] [Times: user=0.04 sys=0.00, real=0.00 secs] 
136217.110: [GC 136217.110: [ParNew: 210786K->869K(235968K), 0.0064000 secs] 1249754K->1039873K(1546688K), 0.0066800 secs] [Times: user=0.04 sys=0.00, real=0.01 secs] 
136235.870: [GC 136235.871: [ParNew: 210661K->1168K(235968K), 0.0076910 secs] 1249665K->1040227K(1546688K), 0.0079660 secs] [Times: user=0.03 sys=0.00, real=0.01 secs] 
136240.508: [GC 136240.509: [ParNew: 210960K->571K(235968K), 0.0099100 secs] 1250019K->1039677K(1546688K), 0.0101790 secs] [Times: user=0.03 sys=0.00, real=0.01 secs] 
136255.164: [GC 136255.164: [ParNew: 210326K->1005K(235968K), 0.0095700 secs] 1249432K->1040240K(1546688K), 0.0097880 secs] [Times: user=0.04 sys=0.00, real=0.01 secs] 
136270.416: [GC 136270.416: [ParNew: 210797K->860K(235968K), 0.0095510 secs] 1250032K->1040149K(1546688K), 0.0098120 secs] [Times: user=0.03 sys=0.00, real=0.01 secs] 
136285.970: [GC 136285.970: [ParNew: 210652K->650K(235968K), 0.0144730 secs] 1249941K->1039985K(1546688K), 0.0147680 secs] [Times: user=0.04 sys=0.00, real=0.01 secs] 
136296.307: [GC 136296.307: [ParNew: 210433K->913K(235968K), 0.0069990 secs] 1249768K->1040296K(1546688K), 0.0072980 secs] [Times: user=0.03 sys=0.00, real=0.01 secs] 
136302.162: [GC 136302.162: [ParNew: 210705K->447K(235968K), 0.0088150 secs] 1250088K->1039891K(1546688K), 0.0090740 secs] [Times: user=0.03 sys=0.00, real=0.01 secs] 
136321.338: [GC 136321.338: [ParNew: 210239K->892K(235968K), 0.0068530 secs] 1249683K->1040374K(1546688K), 0.0070740 secs] [Times: user=0.03 sys=0.00, real=0.01 secs] 
136331.421: [GC 136331.421: [ParNew: 210684K->754K(235968K), 0.0073720 secs] 1250166K->1040285K(1546688K), 0.0076290 secs] [Times: user=0.03 sys=0.00, real=0.01 secs] 
136346.013: [GC 136346.013: [ParNew: 210546K->600K(235968K), 0.0166360 secs] 1250077K->1040239K(1546688K), 0.0169830 secs] [Times: user=0.04 sys=0.01, real=0.02 secs] 
136357.972: [GC 136357.972: [ParNew: 210392K->1006K(235968K), 0.0085910 secs] 1250031K->1040700K(1546688K), 0.0088920 secs] [Times: user=0.03 sys=0.00, real=0.01 secs] 
136360.801: [GC 136360.801: [ParNew: 210793K->844K(235968K), 0.0086260 secs] 1250488K->1040587K(1546688K), 0.0088790 secs] [Times: user=0.04 sys=0.00, real=0.01 secs] 
136381.338: [GC 136381.338: [ParNew: 210605K->857K(235968K), 0.0076810 secs] 1250349K->1040655K(1546688K), 0.0081190 secs] [Times: user=0.03 sys=0.00, real=0.01 secs] 
136391.427: [GC 136391.427: [ParNew: 210638K->545K(235968K), 0.0104490 secs] 1250436K->1040408K(1546688K), 0.0107630 secs] [Times: user=0.03 sys=0.00, real=0.01 secs] 
136406.023: [GC 136406.023: [ParNew: 210337K->900K(235968K), 0.0138250 secs] 1250200K->1040822K(1546688K), 0.0141070 secs] [Times: user=0.05 sys=0.00, real=0.02 secs] 
136417.982: [GC 136417.982: [ParNew: 210692K->1093K(235968K), 0.0085370 secs] 1250614K->1041054K(1546688K), 0.0088530 secs] [Times: user=0.04 sys=0.01, real=0.01 secs] 
136422.205: [GC 136422.205: [ParNew: 210885K->904K(235968K), 0.0063480 secs] 1250846K->1040914K(1546688K), 0.0066190 secs] [Times: user=0.03 sys=0.00, real=0.00 secs] 
136441.376: [GC 136441.376: [ParNew: 210695K->903K(235968K), 0.0115910 secs] 1250705K->1040967K(1546688K), 0.0118060 secs] [Times: user=0.03 sys=0.01, real=0.01 secs] 
136451.441: [GC 136451.441: [ParNew: 210695K->1037K(235968K), 0.0070540 secs] 1250759K->1041155K(1546688K), 0.0073530 secs] [Times: user=0.04 sys=0.00, real=0.00 secs] 
136466.051: [GC 136466.051: [ParNew: 210829K->693K(235968K), 0.0105150 secs] 1250947K->1040860K(1546688K), 0.0107200 secs] [Times: user=0.04 sys=0.00, real=0.01 secs] 
136477.998: [GC 136477.998: [ParNew: 210485K->926K(235968K), 0.0065060 secs] 1250652K->1041149K(1546688K), 0.0067910 secs] [Times: user=0.03 sys=0.00, real=0.01 secs] 
136482.212: [GC 136482.212: [ParNew: 210718K->1234K(235968K), 0.0070000 secs] 1250941K->1041514K(1546688K), 0.0072480 secs] [Times: user=0.03 sys=0.00, real=0.01 secs] 
136508.946: [GC 136508.946: [ParNew: 211026K->817K(235968K), 0.0053240 secs] 1251306K->1041195K(1546688K), 0.0056230 secs] [Times: user=0.04 sys=0.01, real=0.01 secs] 
136514.872: [GC 136514.872: [ParNew: 210609K->986K(235968K), 0.0051770 secs] 1250987K->1041531K(1546688K), 0.0054550 secs] [Times: user=0.04 sys=0.00, real=0.00 secs] 
136528.445: [GC 136528.445: [ParNew: 210778K->1128K(235968K), 0.0063470 secs] 1251323K->1041723K(1546688K), 0.0066550 secs] [Times: user=0.03 sys=0.00, real=0.01 secs] 
136538.035: [GC 136538.035: [ParNew: 210920K->1062K(235968K), 0.0051240 secs] 1251515K->1041703K(1546688K), 0.0054130 secs] [Times: user=0.04 sys=0.00, real=0.01 secs] 
136544.915: [GC 136544.915: [ParNew: 210854K->823K(235968K), 0.0051850 secs] 1251495K->1041505K(1546688K), 0.0054560 secs] [Times: user=0.03 sys=0.00, real=0.00 secs] 
136568.978: [GC 136568.979: [ParNew: 210615K->703K(235968K), 0.0063940 secs] 1251297K->1041426K(1546688K), 0.0066830 secs] [Times: user=0.04 sys=0.00, real=0.01 secs] 
136574.913: [GC 136574.913: [ParNew: 210465K->859K(235968K), 0.0053220 secs] 1251188K->1041625K(1546688K), 0.0055950 secs] [Times: user=0.04 sys=0.00, real=0.00 secs] 
136588.488: [GC 136588.488: [ParNew: 210651K->801K(235968K), 0.0052550 secs] 1251417K->1041622K(1546688K), 0.0055410 secs] [Times: user=0.03 sys=0.00, real=0.00 secs] 
136599.029: [GC 136599.029: [ParNew: 210593K->692K(235968K), 0.0056060 secs] 1251414K->1041556K(1546688K), 0.0059050 secs] [Times: user=0.04 sys=0.01, real=0.00 secs] 
136615.214: [GC 136615.214: [ParNew: 210483K->883K(235968K), 0.0053550 secs] 1251348K->1041830K(1546688K), 0.0056670 secs] [Times: user=0.04 sys=0.01, real=0.00 secs] 
136630.450: [GC 136630.451: [ParNew: 210675K->858K(235968K), 0.0058160 secs] 1251622K->1041847K(1546688K), 0.0061210 secs] [Times: user=0.03 sys=0.00, real=0.01 secs] 
136637.180: [GC 136637.180: [ParNew: 210644K->1088K(235968K), 0.0066080 secs] 1251633K->1042120K(1546688K), 0.0069080 secs] [Times: user=0.04 sys=0.00, real=0.00 secs] 
136655.935: [GC 136655.936: [ParNew: 210880K->741K(235968K), 0.0057660 secs] 1251912K->1041822K(1546688K), 0.0060570 secs] [Times: user=0.04 sys=0.00, real=0.01 secs] 
136660.564: [GC 136660.564: [ParNew: 210506K->987K(235968K), 0.0107250 secs] 1251588K->1042111K(1546688K), 0.0109380 secs] [Times: user=0.03 sys=0.00, real=0.01 secs] 
136675.241: [GC 136675.241: [ParNew: 210757K->1430K(235968K), 0.0085480 secs] 1251881K->1042609K(1546688K), 0.0088450 secs] [Times: user=0.03 sys=0.00, real=0.01 secs] 
136690.475: [GC 136690.475: [ParNew: 211164K->1124K(235968K), 0.0114890 secs] 1252344K->1042357K(1546688K), 0.0117580 secs] [Times: user=0.03 sys=0.00, real=0.01 secs] 
136697.204: [GC 136697.204: [ParNew: 210916K->909K(235968K), 0.0098040 secs] 1252149K->1042191K(1546688K), 0.0100920 secs] [Times: user=0.03 sys=0.00, real=0.01 secs] 
136715.917: [GC 136715.917: [ParNew: 210613K->885K(235968K), 0.0101560 secs] 1251895K->1042344K(1546688K), 0.0104380 secs] [Times: user=0.04 sys=0.00, real=0.01 secs] 
136719.065: [GC 136719.065: [ParNew: 210677K->813K(235968K), 0.0113970 secs] 1252136K->1042322K(1546688K), 0.0116670 secs] [Times: user=0.03 sys=0.00, real=0.01 secs] 
136735.244: [GC 136735.244: [ParNew: 210559K->1042K(235968K), 0.0064750 secs] 1252069K->1042608K(1546688K), 0.0067460 secs] [Times: user=0.04 sys=0.00, real=0.01 secs] 
136750.480: [GC 136750.480: [ParNew: 210834K->892K(235968K), 0.0113930 secs] 1252400K->1042512K(1546688K), 0.0117090 secs] [Times: user=0.03 sys=0.01, real=0.01 secs] 
136757.202: [GC 136757.202: [ParNew: 210684K->960K(235968K), 0.0086320 secs] 1252304K->1042641K(1546688K), 0.0089480 secs] [Times: user=0.04 sys=0.00, real=0.00 secs] 
136775.939: [GC 136775.940: [ParNew: 210699K->933K(235968K), 0.0077120 secs] 1252380K->1042669K(1546688K), 0.0079940 secs] [Times: user=0.03 sys=0.00, real=0.00 secs] 
136780.589: [GC 136780.589: [ParNew: 210689K->786K(235968K), 0.0086340 secs] 1252426K->1042565K(1546688K), 0.0089410 secs] [Times: user=0.04 sys=0.00, real=0.01 secs] 
136795.277: [GC 136795.277: [ParNew: 210557K->1077K(235968K), 0.0073250 secs] 1252336K->1042905K(1546688K), 0.0075900 secs] [Times: user=0.04 sys=0.00, real=0.00 secs] 
136810.491: [GC 136810.491: [ParNew: 210869K->770K(235968K), 0.0075670 secs] 1252697K->1042652K(1546688K), 0.0078720 secs] [Times: user=0.03 sys=0.00, real=0.01 secs] 
136817.221: [GC 136817.221: [ParNew: 210551K->1158K(235968K), 0.0072090 secs] 1252432K->1043089K(1546688K), 0.0074720 secs] [Times: user=0.03 sys=0.00, real=0.01 secs] 
136835.956: [GC 136835.956: [ParNew: 210950K->822K(235968K), 0.0055230 secs] 1252881K->1042815K(1546688K), 0.0057930 secs] [Times: user=0.04 sys=0.00, real=0.01 secs] 
136840.615: [GC 136840.615: [ParNew: 210605K->813K(235968K), 0.0111960 secs] 1252598K->1042857K(1546688K), 0.0114690 secs] [Times: user=0.04 sys=0.00, real=0.01 secs] 
136855.300: [GC 136855.301: [ParNew: 210605K->802K(235968K), 0.0084400 secs] 1252649K->1042907K(1546688K), 0.0086980 secs] [Times: user=0.03 sys=0.00, real=0.01 secs] 
136871.498: [GC 136871.498: [ParNew: 210594K->642K(235968K), 0.0086860 secs] 1252699K->1042796K(1546688K), 0.0089640 secs] [Times: user=0.04 sys=0.01, real=0.01 secs] 
136886.085: [GC 136886.085: [ParNew: 210387K->1037K(235968K), 0.0086970 secs] 1252541K->1043237K(1546688K), 0.0089810 secs] [Times: user=0.04 sys=0.00, real=0.01 secs] 
136896.399: [GC 136896.399: [ParNew: 210829K->791K(235968K), 0.0100700 secs] 1253029K->1043040K(1546688K), 0.0103630 secs] [Times: user=0.03 sys=0.00, real=0.02 secs] 
136902.252: [GC 136902.253: [ParNew: 210583K->888K(235968K), 0.0055420 secs] 1252832K->1043174K(1546688K), 0.0057890 secs] [Times: user=0.04 sys=0.00, real=0.01 secs] 
136921.428: [GC 136921.429: [ParNew: 210641K->764K(235968K), 0.0058910 secs] 1252927K->1043091K(1546688K), 0.0061160 secs] [Times: user=0.03 sys=0.00, real=0.00 secs] 
136931.538: [GC 136931.538: [ParNew: 210556K->1043K(235968K), 0.0057720 secs] 1252883K->1043418K(1546688K), 0.0060780 secs] [Times: user=0.03 sys=0.00, real=0.01 secs] 
136946.122: [GC 136946.123: [ParNew: 210806K->748K(235968K), 0.0065220 secs] 1253181K->1043167K(1546688K), 0.0068600 secs] [Times: user=0.04 sys=0.01, real=0.00 secs] 
136958.090: [GC 136958.090: [ParNew: 210528K->1004K(235968K), 0.0055730 secs] 1252947K->1043472K(1546688K), 0.0058680 secs] [Times: user=0.04 sys=0.00, real=0.00 secs] 
136964.976: [GC 136964.976: [ParNew: 210796K->851K(235968K), 0.0056350 secs] 1253264K->1043370K(1546688K), 0.0059210 secs] [Times: user=0.03 sys=0.00, real=0.01 secs] 
136989.042: [GC 136989.042: [ParNew: 210643K->899K(235968K), 0.0079950 secs] 1253162K->1043467K(1546688K), 0.0082970 secs] [Times: user=0.03 sys=0.00, real=0.01 secs] 
136994.988: [GC 136994.988: [ParNew: 210691K->1050K(235968K), 0.0080300 secs] 1253259K->1043771K(1546688K), 0.0083100 secs] [Times: user=0.04 sys=0.00, real=0.01 secs] 
137008.540: [GC 137008.540: [ParNew: 210842K->731K(235968K), 0.0072670 secs] 1253563K->1043495K(1546688K), 0.0075660 secs] [Times: user=0.03 sys=0.00, real=0.01 secs] 
137018.111: [GC 137018.111: [ParNew: 210523K->937K(235968K), 0.0071590 secs] 1253287K->1043750K(1546688K), 0.0074520 secs] [Times: user=0.04 sys=0.00, real=0.00 secs] 
137024.995: [GC 137024.996: [ParNew: 210729K->1083K(235968K), 0.0065030 secs] 1253542K->1043946K(1546688K), 0.0067220 secs] [Times: user=0.03 sys=0.00, real=0.01 secs] 
137049.046: [GC 137049.046: [ParNew: 210825K->1185K(235968K), 0.0101730 secs] 1253688K->1044114K(1546688K), 0.0103760 secs] [Times: user=0.03 sys=0.00, real=0.01 secs] 
137054.999: [GC 137054.999: [ParNew: 210919K->1261K(235968K), 0.0097630 secs] 1253848K->1044249K(1546688K), 0.0100650 secs] [Times: user=0.04 sys=0.00, real=0.01 secs] 
137068.535: [GC 137068.536: [ParNew: 211053K->1180K(235968K), 0.0078610 secs] 1254041K->1044366K(1546688K), 0.0081650 secs] [Times: user=0.04 sys=0.00, real=0.01 secs] 
137078.118: [GC 137078.119: [ParNew: 210972K->1277K(235968K), 0.0105570 secs] 1254158K->1044512K(1546688K), 0.0108510 secs] [Times: user=0.04 sys=0.00, real=0.01 secs] 
137084.815: [GC 137084.816: [ParNew: 211069K->714K(235968K), 0.0060740 secs] 1254304K->1044009K(1546688K), 0.0063490 secs] [Times: user=0.03 sys=0.00, real=0.01 secs] 
137109.060: [GC 137109.060: [ParNew: 210506K->1006K(235968K), 0.0090250 secs] 1253801K->1044367K(1546688K), 0.0093000 secs] [Times: user=0.03 sys=0.00, real=0.01 secs] 
137115.006: [GC 137115.006: [ParNew: 210798K->1173K(235968K), 0.0171960 secs] 1254159K->1044577K(1546688K), 0.0175030 secs] [Times: user=0.05 sys=0.00, real=0.01 secs] 
137128.548: [GC 137128.548: [ParNew: 210939K->1180K(235968K), 0.0086370 secs] 1254343K->1044643K(1546688K), 0.0088640 secs] [Times: user=0.03 sys=0.00, real=0.01 secs] 
137138.139: [GC 137138.139: [ParNew: 210916K->1081K(235968K), 0.0085960 secs] 1254379K->1044698K(1546688K), 0.0088450 secs] [Times: user=0.03 sys=0.00, real=0.01 secs] 
137145.012: [GC 137145.012: [ParNew: 210873K->1046K(235968K), 0.0071140 secs] 1254490K->1044722K(1546688K), 0.0074120 secs] [Times: user=0.03 sys=0.00, real=0.00 secs] 
137169.073: [GC 137169.074: [ParNew: 210838K->1533K(235968K), 0.0075090 secs] 1254514K->1045267K(1546688K), 0.0078120 secs] [Times: user=0.03 sys=0.00, real=0.01 secs] 
137175.033: [GC 137175.033: [ParNew: 211325K->1124K(235968K), 0.0111610 secs] 1255059K->1044910K(1546688K), 0.0114810 secs] [Times: user=0.04 sys=0.00, real=0.01 secs] 
137188.574: [GC 137188.574: [ParNew: 210916K->1023K(235968K), 0.0116300 secs] 1254702K->1044861K(1546688K), 0.0118640 secs] [Times: user=0.03 sys=0.00, real=0.01 secs] 
137198.166: [GC 137198.167: [ParNew: 210796K->1032K(235968K), 0.0191870 secs] 1254633K->1044919K(1546688K), 0.0194750 secs] [Times: user=0.06 sys=0.00, real=0.02 secs] 
137205.039: [GC 137205.039: [ParNew: 210824K->884K(235968K), 0.0075760 secs] 1254711K->1044813K(1546688K), 0.0078640 secs] [Times: user=0.04 sys=0.00, real=0.01 secs] 
137229.103: [GC 137229.104: [ParNew: 210648K->783K(235968K), 0.0073230 secs] 1254578K->1044772K(1546688K), 0.0075300 secs] [Times: user=0.03 sys=0.00, real=0.01 secs] 
137235.068: [GC 137235.069: [ParNew: 210552K->956K(235968K), 0.0122000 secs] 1254541K->1045003K(1546688K), 0.0125350 secs] [Times: user=0.04 sys=0.00, real=0.01 secs] 
137248.603: [GC 137248.603: [ParNew: 210748K->1150K(235968K), 0.0062870 secs] 1254795K->1045241K(1546688K), 0.0065690 secs] [Times: user=0.04 sys=0.00, real=0.01 secs] 
137259.264: [GC 137259.264: [ParNew: 210942K->1045K(235968K), 0.0074250 secs] 1255033K->1045192K(1546688K), 0.0077130 secs] [Times: user=0.03 sys=0.00, real=0.00 secs] 
137265.073: [GC 137265.073: [ParNew: 210761K->1096K(235968K), 0.0075320 secs] 1254908K->1045292K(1546688K), 0.0078250 secs] [Times: user=0.03 sys=0.00, real=0.00 secs] 
137289.133: [GC 137289.133: [ParNew: 210770K->884K(235968K), 0.0063250 secs] 1254966K->1045135K(1546688K), 0.0066190 secs] [Times: user=0.03 sys=0.01, real=0.01 secs] 
137296.633: [GC 137296.633: [ParNew: 210676K->880K(235968K), 0.0067910 secs] 1254927K->1045197K(1546688K), 0.0070450 secs] [Times: user=0.04 sys=0.00, real=0.01 secs] 
137312.293: [GC 137312.293: [ParNew: 210672K->862K(235968K), 0.0082390 secs] 1254989K->1045234K(1546688K), 0.0084880 secs] [Times: user=0.03 sys=0.00, real=0.01 secs] 
137319.294: [GC 137319.294: [ParNew: 210654K->914K(235968K), 0.0065210 secs] 1255026K->1045329K(1546688K), 0.0067830 secs] [Times: user=0.04 sys=0.00, real=0.00 secs] 
137335.365: [GC 137335.366: [ParNew: 210706K->1000K(235968K), 0.0118960 secs] 1255121K->1045579K(1546688K), 0.0121730 secs] [Times: user=0.04 sys=0.00, real=0.01 secs] 
137350.579: [GC 137350.579: [ParNew: 210792K->718K(235968K), 0.0061960 secs] 1255371K->1045349K(1546688K), 0.0064970 secs] [Times: user=0.03 sys=0.00, real=0.00 secs] 
137357.300: [GC 137357.300: [ParNew: 210510K->912K(235968K), 0.0057240 secs] 1255141K->1045586K(1546688K), 0.0059850 secs] [Times: user=0.03 sys=0.00, real=0.00 secs] 
137376.008: [GC 137376.008: [ParNew: 210704K->889K(235968K), 0.0070560 secs] 1255378K->1045620K(1546688K), 0.0073030 secs] [Times: user=0.03 sys=0.00, real=0.01 secs] 
137379.315: [GC 137379.316: [ParNew: 210681K->814K(235968K), 0.0066380 secs] 1255412K->1045593K(1546688K), 0.0069180 secs] [Times: user=0.03 sys=0.00, real=0.00 secs] 
137395.389: [GC 137395.389: [ParNew: 210606K->1522K(235968K), 0.0067730 secs] 1255385K->1046358K(1546688K), 0.0070400 secs] [Times: user=0.03 sys=0.00, real=0.01 secs] 
137410.606: [GC 137410.606: [ParNew: 211283K->1226K(235968K), 0.0089730 secs] 1256119K->1046116K(1546688K), 0.0092590 secs] [Times: user=0.03 sys=0.01, real=0.01 secs] 
137417.330: [GC 137417.331: [ParNew: 211018K->802K(235968K), 0.0087900 secs] 1255908K->1045745K(1546688K), 0.0090550 secs] [Times: user=0.03 sys=0.00, real=0.01 secs] 
137436.038: [GC 137436.038: [ParNew: 210594K->1008K(235968K), 0.0067550 secs] 1255537K->1046000K(1546688K), 0.0070150 secs] [Times: user=0.04 sys=0.00, real=0.01 secs] 
137440.686: [GC 137440.686: [ParNew: 210800K->644K(235968K), 0.0128950 secs] 1255792K->1045791K(1546688K), 0.0131220 secs] [Times: user=0.03 sys=0.00, real=0.01 secs] 
137455.436: [GC 137455.436: [ParNew: 210399K->898K(235968K), 0.0186000 secs] 1255546K->1046102K(1546688K), 0.0189080 secs] [Times: user=0.05 sys=0.00, real=0.02 secs] 
137471.604: [GC 137471.604: [ParNew: 210690K->811K(235968K), 0.0134130 secs] 1255894K->1046069K(1546688K), 0.0137130 secs] [Times: user=0.03 sys=0.01, real=0.01 secs] 
137484.078: [GC 137484.078: [ParNew: 210600K->693K(235968K), 0.0142430 secs] 1255858K->1046000K(1546688K), 0.0145320 secs] [Times: user=0.03 sys=0.00, real=0.01 secs] 
137496.458: [GC 137496.458: [ParNew: 210468K->756K(235968K), 0.0077760 secs] 1255775K->1046112K(1546688K), 0.0080000 secs] [Times: user=0.04 sys=0.00, real=0.01 secs] 
137500.981: [GC 137500.981: [ParNew: 210548K->713K(235968K), 0.0106960 secs] 1255904K->1046118K(1546688K), 0.0109070 secs] [Times: user=0.04 sys=0.00, real=0.01 secs] 
137521.495: [GC 137521.495: [ParNew: 210505K->1038K(235968K), 0.0084920 secs] 1255910K->1046490K(1546688K), 0.0087010 secs] [Times: user=0.03 sys=0.00, real=0.01 secs] 
137531.627: [GC 137531.627: [ParNew: 210742K->1139K(235968K), 0.0144880 secs] 1256194K->1046753K(1546688K), 0.0146920 secs] [Times: user=0.04 sys=0.00, real=0.02 secs] 
137546.242: [GC 137546.242: [ParNew: 210931K->1363K(235968K), 0.0099950 secs] 1256545K->1047033K(1546688K), 0.0102990 secs] [Times: user=0.04 sys=0.00, real=0.01 secs] 
137556.477: [GC 137556.477: [ParNew: 211126K->1541K(235968K), 0.0065050 secs] 1256796K->1047259K(1546688K), 0.0068050 secs] [Times: user=0.03 sys=0.00, real=0.00 secs] 
137562.333: [GC 137562.333: [ParNew: 211333K->1317K(235968K), 0.0106690 secs] 1257051K->1047103K(1546688K), 0.0109680 secs] [Times: user=0.05 sys=0.00, real=0.01 secs] 
137581.511: [GC 137581.511: [ParNew: 211077K->1540K(235968K), 0.0103540 secs] 1256864K->1047559K(1546688K), 0.0106570 secs] [Times: user=0.03 sys=0.00, real=0.02 secs] 
137591.650: [GC 137591.650: [ParNew: 211332K->1040K(235968K), 0.0126700 secs] 1257351K->1047127K(1546688K), 0.0129070 secs] [Times: user=0.05 sys=0.00, real=0.01 secs] 
137606.287: [GC 137606.288: [ParNew: 210802K->1032K(235968K), 0.0120220 secs] 1256889K->1047165K(1546688K), 0.0123260 secs] [Times: user=0.04 sys=0.00, real=0.02 secs] 
137618.199: [GC 137618.199: [ParNew: 210824K->998K(235968K), 0.0073340 secs] 1256957K->1047326K(1546688K), 0.0076430 secs] [Times: user=0.03 sys=0.00, real=0.01 secs] 
137622.358: [GC 137622.359: [ParNew: 210790K->815K(235968K), 0.0064730 secs] 1257118K->1047193K(1546688K), 0.0067410 secs] [Times: user=0.05 sys=0.00, real=0.01 secs] 
137643.297: [GC 137643.298: [ParNew: 210607K->642K(235968K), 0.0053490 secs] 1256985K->1047075K(1546688K), 0.0056400 secs] [Times: user=0.03 sys=0.00, real=0.01 secs] 
137651.681: [GC 137651.682: [ParNew: 210376K->805K(235968K), 0.0053220 secs] 1256810K->1047294K(1546688K), 0.0056110 secs] [Times: user=0.03 sys=0.00, real=0.00 secs] 
137666.303: [GC 137666.303: [ParNew: 210597K->995K(235968K), 0.0053570 secs] 1257086K->1047533K(1546688K), 0.0056320 secs] [Times: user=0.03 sys=0.00, real=0.01 secs] 
137678.230: [GC 137678.231: [ParNew: 210707K->1142K(235968K), 0.0061440 secs] 1257244K->1047723K(1546688K), 0.0064250 secs] [Times: user=0.04 sys=0.00, real=0.01 secs] 
137685.114: [GC 137685.114: [ParNew: 210933K->932K(235968K), 0.0055980 secs] 1257514K->1047573K(1546688K), 0.0059180 secs] [Times: user=0.04 sys=0.00, real=0.01 secs] 
137709.167: [GC 137709.168: [ParNew: 210704K->934K(235968K), 0.0096910 secs] 1257345K->1047631K(1546688K), 0.0099500 secs] [Times: user=0.03 sys=0.00, real=0.01 secs] 
137715.127: [GC 137715.127: [ParNew: 210726K->833K(235968K), 0.0088620 secs] 1257423K->1047585K(1546688K), 0.0091580 secs] [Times: user=0.03 sys=0.00, real=0.01 secs] 
137726.329: [GC 137726.329: [ParNew: 210625K->999K(235968K), 0.0094470 secs] 1257377K->1047812K(1546688K), 0.0098050 secs] [Times: user=0.03 sys=0.00, real=0.01 secs] 
137738.240: [GC 137738.240: [ParNew: 210694K->1171K(235968K), 0.0112100 secs] 1257507K->1048033K(1546688K), 0.0114900 secs] [Times: user=0.03 sys=0.00, real=0.01 secs] 
137745.124: [GC 137745.124: [ParNew: 210963K->634K(235968K), 0.0069570 secs] 1257825K->1047668K(1546688K), 0.0072220 secs] [Times: user=0.03 sys=0.00, real=0.01 secs] 
137769.188: [GC 137769.188: [ParNew: 210426K->978K(235968K), 0.0103350 secs] 1257460K->1048066K(1546688K), 0.0106010 secs] [Times: user=0.03 sys=0.00, real=0.01 secs] 
137775.265: [GC 137775.266: [ParNew: 210770K->695K(235968K), 0.0081910 secs] 1257858K->1047830K(1546688K), 0.0084540 secs] [Times: user=0.04 sys=0.00, real=0.01 secs] 
137788.683: [GC 137788.683: [ParNew: 210487K->603K(235968K), 0.0062510 secs] 1257622K->1047788K(1546688K), 0.0064840 secs] [Times: user=0.03 sys=0.00, real=0.01 secs] 
137799.352: [GC 137799.352: [ParNew: 210395K->686K(235968K), 0.0082940 secs] 1257580K->1047919K(1546688K), 0.0085560 secs] [Times: user=0.04 sys=0.00, real=0.01 secs] 
137805.161: [GC 137805.161: [ParNew: 210478K->1137K(235968K), 0.0076640 secs] 1257711K->1048420K(1546688K), 0.0078800 secs] [Times: user=0.03 sys=0.00, real=0.01 secs] 
137829.220: [GC 137829.220: [ParNew: 210929K->617K(235968K), 0.0069270 secs] 1258212K->1047954K(1546688K), 0.0071510 secs] [Times: user=0.03 sys=0.01, real=0.01 secs] 
137835.191: [GC 137835.192: [ParNew: 210409K->760K(235968K), 0.0075460 secs] 1257746K->1048266K(1546688K), 0.0078060 secs] [Times: user=0.03 sys=0.00, real=0.01 secs] 
137848.720: [GC 137848.721: [ParNew: 210546K->554K(235968K), 0.0114010 secs] 1258051K->1048104K(1546688K), 0.0116330 secs] [Times: user=0.03 sys=0.01, real=0.01 secs] 
137859.387: [GC 137859.387: [ParNew: 210321K->1068K(235968K), 0.0067170 secs] 1257870K->1048660K(1546688K), 0.0069370 secs] [Times: user=0.03 sys=0.00, real=0.01 secs] 
137868.393: [GC 137868.393: [ParNew: 210860K->667K(235968K), 0.0102820 secs] 1258452K->1048309K(1546688K), 0.0104860 secs] [Times: user=0.04 sys=0.01, real=0.01 secs] 
137890.673: [GC 137890.673: [ParNew: 210459K->1157K(235968K), 0.0093100 secs] 1258101K->1048848K(1546688K), 0.0095320 secs] [Times: user=0.03 sys=0.00, real=0.00 secs] 
137897.400: [GC 137897.400: [ParNew: 210949K->1041K(235968K), 0.0084080 secs] 1258640K->1048779K(1546688K), 0.0086470 secs] [Times: user=0.03 sys=0.00, real=0.01 secs] 
137916.086: [GC 137916.086: [ParNew: 210795K->1089K(235968K), 0.0083660 secs] 1258533K->1048887K(1546688K), 0.0085950 secs] [Times: user=0.03 sys=0.00, real=0.01 secs] 
137919.415: [GC 137919.416: [ParNew: 210881K->1014K(235968K), 0.0077160 secs] 1258679K->1048857K(1546688K), 0.0079400 secs] [Times: user=0.03 sys=0.00, real=0.01 secs] 
137935.501: [GC 137935.502: [ParNew: 210806K->1250K(235968K), 0.0079090 secs] 1258649K->1049142K(1546688K), 0.0081340 secs] [Times: user=0.03 sys=0.01, real=0.01 secs] 
137950.701: [GC 137950.701: [ParNew: 210969K->1178K(235968K), 0.0083660 secs] 1258861K->1049124K(1546688K), 0.0085870 secs] [Times: user=0.04 sys=0.00, real=0.01 secs] 
137957.430: [GC 137957.430: [ParNew: 210970K->973K(235968K), 0.0084720 secs] 1258916K->1048968K(1546688K), 0.0086950 secs] [Times: user=0.03 sys=0.00, real=0.01 secs] 
137976.108: [GC 137976.108: [ParNew: 210765K->1071K(235968K), 0.0069840 secs] 1258760K->1049115K(1546688K), 0.0088410 secs] [Times: user=0.03 sys=0.00, real=0.01 secs] 
137980.749: [GC 137980.749: [ParNew: 210863K->931K(235968K), 0.0132070 secs] 1258907K->1049037K(1546688K), 0.0133910 secs] [Times: user=0.03 sys=0.00, real=0.01 secs] 
137995.539: [GC 137995.539: [ParNew: 210723K->1100K(235968K), 0.0067470 secs] 1258829K->1049258K(1546688K), 0.0069470 secs] [Times: user=0.04 sys=0.00, real=0.00 secs] 
138010.738: [GC 138010.738: [ParNew: 210887K->880K(235968K), 0.0078090 secs] 1259045K->1049092K(1546688K), 0.0080960 secs] [Times: user=0.04 sys=0.00, real=0.01 secs] 
138020.983: [GC 138020.984: [ParNew: 210672K->733K(235968K), 0.0116760 secs] 1258884K->1049109K(1546688K), 0.0120060 secs] [Times: user=0.04 sys=0.00, real=0.01 secs] 
138036.517: [GC 138036.517: [ParNew: 210525K->635K(235968K), 0.0056940 secs] 1258901K->1049059K(1546688K), 0.0060020 secs] [Times: user=0.03 sys=0.00, real=0.01 secs] 
138040.767: [GC 138040.767: [ParNew: 210427K->1316K(235968K), 0.0063970 secs] 1258851K->1049789K(1546688K), 0.0067000 secs] [Times: user=0.04 sys=0.00, real=0.01 secs] 
138060.335: [GC 138060.335: [ParNew: 211108K->738K(235968K), 0.0062210 secs] 1259581K->1049264K(1546688K), 0.0064980 secs] [Times: user=0.04 sys=0.00, real=0.01 secs] 
138071.847: [GC 138071.847: [ParNew: 210530K->969K(235968K), 0.0088240 secs] 1259056K->1049544K(1546688K), 0.0091250 secs] [Times: user=0.03 sys=0.00, real=0.01 secs] 
138086.398: [GC 138086.398: [ParNew: 210761K->1491K(235968K), 0.0085890 secs] 1259336K->1050122K(1546688K), 0.0088990 secs] [Times: user=0.03 sys=0.00, real=0.01 secs] 
138098.287: [GC 138098.287: [ParNew: 211283K->919K(235968K), 0.0063320 secs] 1259914K->1049599K(1546688K), 0.0066250 secs] [Times: user=0.03 sys=0.00, real=0.01 secs] 
138102.413: [GC 138102.414: [ParNew: 210711K->1021K(235968K), 0.0063120 secs] 1259391K->1049739K(1546688K), 0.0065760 secs] [Times: user=0.04 sys=0.01, real=0.01 secs] 
138121.602: [GC 138121.602: [ParNew: 210810K->973K(235968K), 0.0063500 secs] 1259528K->1049745K(1546688K), 0.0066430 secs] [Times: user=0.03 sys=0.00, real=0.01 secs] 
138135.187: [GC 138135.188: [ParNew: 210765K->745K(235968K), 0.0066410 secs] 1259537K->1049578K(1546688K), 0.0069730 secs] [Times: user=0.03 sys=0.00, real=0.00 secs] 
138148.738: [GC 138148.739: [ParNew: 210537K->885K(235968K), 0.0071700 secs] 1259370K->1049761K(1546688K), 0.0073750 secs] [Times: user=0.03 sys=0.00, real=0.01 secs] 
138158.337: [GC 138158.337: [ParNew: 210677K->656K(235968K), 0.0094370 secs] 1259553K->1049691K(1546688K), 0.0097070 secs] [Times: user=0.03 sys=0.00, real=0.01 secs] 
138165.220: [GC 138165.220: [ParNew: 210448K->1041K(235968K), 0.0071470 secs] 1259483K->1050114K(1546688K), 0.0073780 secs] [Times: user=0.03 sys=0.00, real=0.00 secs] 
138189.282: [GC 138189.283: [ParNew: 210811K->823K(235968K), 0.0064140 secs] 1259883K->1049937K(1546688K), 0.0067020 secs] [Times: user=0.04 sys=0.00, real=0.01 secs] 
138195.252: [GC 138195.252: [ParNew: 210615K->820K(235968K), 0.0078860 secs] 1259729K->1049975K(1546688K), 0.0080810 secs] [Times: user=0.03 sys=0.00, real=0.01 secs] 
138208.775: [GC 138208.775: [ParNew: 210612K->755K(235968K), 0.0074930 secs] 1259767K->1049953K(1546688K), 0.0077140 secs] [Times: user=0.03 sys=0.00, real=0.00 secs] 
138219.448: [GC 138219.448: [ParNew: 210547K->784K(235968K), 0.0071080 secs] 1259745K->1050033K(1546688K), 0.0073390 secs] [Times: user=0.04 sys=0.00, real=0.01 secs] 
138229.541: [GC 138229.541: [ParNew: 210576K->685K(235968K), 0.0076180 secs] 1259825K->1049983K(1546688K), 0.0079160 secs] [Times: user=0.03 sys=0.00, real=0.00 secs] 
138250.739: [GC 138250.740: [ParNew: 210477K->825K(235968K), 0.0056980 secs] 1259775K->1050171K(1546688K), 0.0060040 secs] [Times: user=0.03 sys=0.00, real=0.00 secs] 
138257.458: [GC 138257.458: [ParNew: 210617K->761K(235968K), 0.0196450 secs] 1259963K->1050160K(1546688K), 0.0199200 secs] [Times: user=0.05 sys=0.00, real=0.02 secs] 
138276.130: [GC 138276.130: [ParNew: 210543K->1028K(235968K), 0.0073230 secs] 1259943K->1050476K(1546688K), 0.0076350 secs] [Times: user=0.04 sys=0.01, real=0.01 secs] 
138279.477: [GC 138279.477: [ParNew: 210771K->734K(235968K), 0.0063830 secs] 1260219K->1050226K(1546688K), 0.0066000 secs] [Times: user=0.03 sys=0.00, real=0.01 secs] 
138295.580: [GC 138295.580: [ParNew: 210461K->926K(235968K), 0.0152150 secs] 1259952K->1050467K(1546688K), 0.0154880 secs] [Times: user=0.05 sys=0.01, real=0.01 secs] 
138310.771: [GC 138310.771: [ParNew: 210658K->995K(235968K), 0.0062640 secs] 1260199K->1050577K(1546688K), 0.0065190 secs] [Times: user=0.04 sys=0.01, real=0.01 secs] 
138317.506: [GC 138317.506: [ParNew: 210769K->899K(235968K), 0.0067740 secs] 1260351K->1050530K(1546688K), 0.0070380 secs] [Times: user=0.03 sys=0.00, real=0.00 secs] 
138336.156: [GC 138336.157: [ParNew: 210691K->986K(235968K), 0.0059240 secs] 1260322K->1050666K(1546688K), 0.0062290 secs] [Times: user=0.03 sys=0.00, real=0.00 secs] 
138340.796: [GC 138340.796: [ParNew: 210778K->898K(235968K), 0.0054810 secs] 1260458K->1050615K(1546688K), 0.0057330 secs] [Times: user=0.03 sys=0.00, real=0.00 secs] 
138355.630: [GC 138355.631: [ParNew: 210690K->1028K(235968K), 0.0102980 secs] 1260407K->1050799K(1546688K), 0.0106120 secs] [Times: user=0.03 sys=0.00, real=0.01 secs] 
138371.884: [GC 138371.885: [ParNew: 210795K->1042K(235968K), 0.0083390 secs] 1260565K->1050860K(1546688K), 0.0086690 secs] [Times: user=0.04 sys=0.00, real=0.01 secs] 
138386.451: [GC 138386.451: [ParNew: 210831K->923K(235968K), 0.0123400 secs] 1260650K->1050796K(1546688K), 0.0125670 secs] [Times: user=0.03 sys=0.00, real=0.01 secs] 
138396.582: [GC 138396.582: [ParNew: 210715K->1076K(235968K), 0.0079880 secs] 1260588K->1051001K(1546688K), 0.0085820 secs] [Times: user=0.03 sys=0.00, real=0.01 secs] 
138402.443: [GC 138402.444: [ParNew: 210868K->883K(235968K), 0.0057410 secs] 1260793K->1050843K(1546688K), 0.0060560 secs] [Times: user=0.03 sys=0.00, real=0.00 secs] 
138421.625: [GC 138421.625: [ParNew: 210675K->878K(235968K), 0.0059190 secs] 1260635K->1050881K(1546688K), 0.0062010 secs] [Times: user=0.04 sys=0.00, real=0.01 secs] 
138431.921: [GC 138431.921: [ParNew: 210665K->754K(235968K), 0.0067930 secs] 1260669K->1050908K(1546688K), 0.0070450 secs] [Times: user=0.03 sys=0.00, real=0.01 secs] 
138446.645: [GC 138446.646: [ParNew: 210546K->945K(235968K), 0.0066550 secs] 1260700K->1051142K(1546688K), 0.0069550 secs] [Times: user=0.04 sys=0.00, real=0.01 secs] 
138458.360: [GC 138458.360: [ParNew: 210706K->1050K(235968K), 0.0069140 secs] 1260904K->1051304K(1546688K), 0.0071800 secs] [Times: user=0.03 sys=0.00, real=0.01 secs] 
138462.469: [GC 138462.470: [ParNew: 210842K->949K(235968K), 0.0055270 secs] 1261096K->1051252K(1546688K), 0.0058120 secs] [Times: user=0.03 sys=0.00, real=0.01 secs] 
138486.741: [GC 138486.741: [ParNew: 210740K->795K(235968K), 0.0074400 secs] 1261043K->1051152K(1546688K), 0.0077390 secs] [Times: user=0.04 sys=0.00, real=0.00 secs] 
138495.257: [GC 138495.257: [ParNew: 210587K->1149K(235968K), 0.0122670 secs] 1260944K->1051650K(1546688K), 0.0124900 secs] [Times: user=0.04 sys=0.00, real=0.02 secs] 
138508.935: [GC 138508.935: [ParNew: 210936K->1115K(235968K), 0.0097410 secs] 1261438K->1051665K(1546688K), 0.0100530 secs] [Times: user=0.03 sys=0.00, real=0.01 secs] 
138518.412: [GC 138518.413: [ParNew: 210907K->854K(235968K), 0.0076930 secs] 1261457K->1051448K(1546688K), 0.0079890 secs] [Times: user=0.03 sys=0.00, real=0.01 secs] 
138525.291: [GC 138525.292: [ParNew: 210646K->728K(235968K), 0.0074490 secs] 1261240K->1051480K(1546688K), 0.0077380 secs] [Times: user=0.03 sys=0.00, real=0.01 secs] 
138549.345: [GC 138549.345: [ParNew: 210499K->672K(235968K), 0.0055540 secs] 1261251K->1051466K(1546688K), 0.0058400 secs] [Times: user=0.04 sys=0.00, real=0.01 secs] 
138555.305: [GC 138555.305: [ParNew: 210457K->590K(235968K), 0.0103980 secs] 1261250K->1051431K(1546688K), 0.0106850 secs] [Times: user=0.03 sys=0.00, real=0.01 secs] 
138568.970: [GC 138568.971: [ParNew: 210362K->911K(235968K), 0.0089720 secs] 1261204K->1051799K(1546688K), 0.0092900 secs] [Times: user=0.04 sys=0.00, real=0.01 secs] 
138579.507: [GC 138579.507: [ParNew: 210674K->1083K(235968K), 0.0074850 secs] 1261562K->1052027K(1546688K), 0.0077920 secs] [Times: user=0.03 sys=0.00, real=0.00 secs] 
138585.334: [GC 138585.334: [ParNew: 210851K->682K(235968K), 0.0091820 secs] 1261795K->1051680K(1546688K), 0.0094470 secs] [Times: user=0.03 sys=0.00, real=0.01 secs] 
138610.805: [GC 138610.805: [ParNew: 210474K->702K(235968K), 0.0088440 secs] 1261472K->1051750K(1546688K), 0.0091170 secs] [Times: user=0.04 sys=0.00, real=0.01 secs] 
138617.539: [GC 138617.540: [ParNew: 210494K->674K(235968K), 0.0246810 secs] 1261542K->1051774K(1546688K), 0.0249650 secs] [Times: user=0.03 sys=0.00, real=0.02 secs] 
138636.180: [GC 138636.181: [ParNew: 210414K->1157K(235968K), 0.0088020 secs] 1261514K->1052306K(1546688K), 0.0090780 secs] [Times: user=0.04 sys=0.00, real=0.01 secs] 
138639.540: [GC 138639.540: [ParNew: 210949K->1081K(235968K), 0.0128050 secs] 1262098K->1052274K(1546688K), 0.0130870 secs] [Times: user=0.03 sys=0.00, real=0.01 secs] 
138655.665: [GC 138655.665: [ParNew: 210873K->857K(235968K), 0.0160320 secs] 1262066K->1052099K(1546688K), 0.0163570 secs] [Times: user=0.03 sys=0.00, real=0.01 secs] 
138670.843: [GC 138670.843: [ParNew: 210649K->871K(235968K), 0.0061560 secs] 1261891K->1052160K(1546688K), 0.0063980 secs] [Times: user=0.04 sys=0.00, real=0.00 secs] 
138677.585: [GC 138677.586: [ParNew: 210663K->708K(235968K), 0.0112950 secs] 1261952K->1052049K(1546688K), 0.0115730 secs] [Times: user=0.03 sys=0.00, real=0.01 secs] 
138696.192: [GC 138696.192: [ParNew: 210411K->1156K(235968K), 0.0107610 secs] 1261751K->1052545K(1546688K), 0.0110660 secs] [Times: user=0.04 sys=0.00, real=0.01 secs] 
138699.554: [GC 138699.554: [ParNew: 210915K->1056K(235968K), 0.0106860 secs] 1262304K->1052508K(1546688K), 0.0108900 secs] [Times: user=0.03 sys=0.00, real=0.01 secs] 
138715.697: [GC 138715.698: [ParNew: 210848K->791K(235968K), 0.0151980 secs] 1262300K->1052298K(1546688K), 0.0154970 secs] [Times: user=0.03 sys=0.00, real=0.01 secs] 
138730.857: [GC 138730.857: [ParNew: 210583K->979K(235968K), 0.0068410 secs] 1262090K->1052540K(1546688K), 0.0071480 secs] [Times: user=0.04 sys=0.01, real=0.01 secs] 
138737.625: [GC 138737.625: [ParNew: 210771K->743K(235968K), 0.0074150 secs] 1262332K->1052488K(1546688K), 0.0076850 secs] [Times: user=0.03 sys=0.00, real=0.01 secs] 
138756.220: [GC 138756.220: [ParNew: 210522K->914K(235968K), 0.0071710 secs] 1262266K->1052707K(1546688K), 0.0074340 secs] [Times: user=0.03 sys=0.00, real=0.01 secs] 
138760.854: [GC 138760.854: [ParNew: 210706K->657K(235968K), 0.0055700 secs] 1262499K->1052499K(1546688K), 0.0058550 secs] [Times: user=0.03 sys=0.00, real=0.01 secs] 
138775.731: [GC 138775.731: [ParNew: 210419K->1012K(235968K), 0.0106470 secs] 1262261K->1052906K(1546688K), 0.0109620 secs] [Times: user=0.03 sys=0.00, real=0.01 secs] 
138791.959: [GC 138791.959: [ParNew: 210804K->1034K(235968K), 0.0059970 secs] 1262698K->1052983K(1546688K), 0.0062910 secs] [Times: user=0.03 sys=0.00, real=0.01 secs] 
138806.527: [GC 138806.527: [ParNew: 210804K->804K(235968K), 0.0234840 secs] 1262753K->1052799K(1546688K), 0.0238100 secs] [Times: user=0.05 sys=0.00, real=0.03 secs] 
138816.635: [GC 138816.635: [ParNew: 210588K->1166K(235968K), 0.0067830 secs] 1262583K->1053210K(1546688K), 0.0070600 secs] [Times: user=0.04 sys=0.00, real=0.01 secs] 
138822.491: [GC 138822.492: [ParNew: 210948K->927K(235968K), 0.0056660 secs] 1262992K->1053135K(1546688K), 0.0059390 secs] [Times: user=0.03 sys=0.00, real=0.01 secs] 
138841.676: [GC 138841.676: [ParNew: 210719K->960K(235968K), 0.0061400 secs] 1262927K->1053209K(1546688K), 0.0063700 secs] [Times: user=0.04 sys=0.00, real=0.00 secs] 
138851.984: [GC 138851.984: [ParNew: 210752K->672K(235968K), 0.0073260 secs] 1263001K->1052969K(1546688K), 0.0075500 secs] [Times: user=0.05 sys=0.00, real=0.00 secs] 
138866.576: [GC 138866.577: [ParNew: 210464K->679K(235968K), 0.0146880 secs] 1262761K->1053019K(1546688K), 0.0149710 secs] [Times: user=0.05 sys=0.00, real=0.02 secs] 
138878.439: [GC 138878.440: [ParNew: 210471K->766K(235968K), 0.0087770 secs] 1262811K->1053168K(1546688K), 0.0090850 secs] [Times: user=0.03 sys=0.00, real=0.01 secs] 
138882.521: [GC 138882.521: [ParNew: 210529K->1115K(235968K), 0.0076010 secs] 1262931K->1053568K(1546688K), 0.0078910 secs] [Times: user=0.03 sys=0.00, real=0.01 secs] 
138901.714: [GC 138901.714: [ParNew: 210851K->834K(235968K), 0.0080010 secs] 1263304K->1053342K(1546688K), 0.0082800 secs] [Times: user=0.04 sys=0.00, real=0.01 secs] 
138912.021: [GC 138912.021: [ParNew: 210626K->994K(235968K), 0.0106750 secs] 1263134K->1053555K(1546688K), 0.0108670 secs] [Times: user=0.03 sys=0.01, real=0.01 secs] 
138926.598: [GC 138926.599: [ParNew: 210741K->1073K(235968K), 0.0080950 secs] 1263303K->1053683K(1546688K), 0.0084070 secs] [Times: user=0.03 sys=0.00, real=0.01 secs] 
138936.648: [GC 138936.648: [ParNew: 210865K->1252K(235968K), 0.0115400 secs] 1263475K->1053918K(1546688K), 0.0117790 secs] [Times: user=0.04 sys=0.00, real=0.02 secs] 
138942.509: [GC 138942.509: [ParNew: 211044K->1190K(235968K), 0.0101450 secs] 1263710K->1053910K(1546688K), 0.0104070 secs] [Times: user=0.03 sys=0.00, real=0.01 secs] 
138961.699: [GC 138961.699: [ParNew: 210941K->888K(235968K), 0.0069840 secs] 1263661K->1053666K(1546688K), 0.0072800 secs] [Times: user=0.03 sys=0.00, real=0.01 secs] 
138972.022: [GC 138972.022: [ParNew: 210642K->722K(235968K), 0.0055700 secs] 1263420K->1053666K(1546688K), 0.0058910 secs] [Times: user=0.03 sys=0.00, real=0.01 secs] 
138986.612: [GC 138986.612: [ParNew: 210511K->796K(235968K), 0.0080430 secs] 1263455K->1053797K(1546688K), 0.0083280 secs] [Times: user=0.03 sys=0.00, real=0.00 secs] 
138998.468: [GC 138998.468: [ParNew: 210588K->940K(235968K), 0.0082600 secs] 1263589K->1053998K(1546688K), 0.0085630 secs] [Times: user=0.03 sys=0.00, real=0.01 secs] 
139002.544: [GC 139002.544: [ParNew: 210732K->1192K(235968K), 0.0084120 secs] 1263790K->1054303K(1546688K), 0.0086780 secs] [Times: user=0.03 sys=0.00, real=0.01 secs] 
139029.417: [GC 139029.417: [ParNew: 210984K->1466K(235968K), 0.0097010 secs] 1264095K->1054626K(1546688K), 0.0099100 secs] [Times: user=0.03 sys=0.00, real=0.01 secs] 
139035.372: [GC 139035.372: [ParNew: 211219K->1663K(235968K), 0.0316010 secs] 1264379K->1054871K(1546688K), 0.0319680 secs] [Times: user=0.06 sys=0.00, real=0.04 secs] 
139049.032: [GC 139049.033: [ParNew: 211455K->1069K(235968K), 0.0095230 secs] 1264663K->1054328K(1546688K), 0.0098190 secs] [Times: user=0.04 sys=0.01, real=0.01 secs] 
139058.514: [GC 139058.515: [ParNew: 210861K->1054K(235968K), 0.0065440 secs] 1264120K->1054397K(1546688K), 0.0068870 secs] [Times: user=0.03 sys=0.00, real=0.01 secs] 
139065.402: [GC 139065.402: [ParNew: 210846K->995K(235968K), 0.0072560 secs] 1264189K->1054380K(1546688K), 0.0075420 secs] [Times: user=0.04 sys=0.01, real=0.01 secs] 
139089.446: [GC 139089.446: [ParNew: 210787K->1066K(235968K), 0.0076330 secs] 1264172K->1054508K(1546688K), 0.0078990 secs] [Times: user=0.03 sys=0.00, real=0.00 secs] 
139095.414: [GC 139095.415: [ParNew: 210858K->1079K(235968K), 0.0115160 secs] 1264300K->1054569K(1546688K), 0.0118360 secs] [Times: user=0.04 sys=0.00, real=0.01 secs] 
139109.055: [GC 139109.056: [ParNew: 210871K->1594K(235968K), 0.0105700 secs] 1264361K->1055137K(1546688K), 0.0109160 secs] [Times: user=0.04 sys=0.00, real=0.01 secs] 
139119.606: [GC 139119.606: [ParNew: 211386K->1236K(235968K), 0.0073170 secs] 1264929K->1054841K(1546688K), 0.0075880 secs] [Times: user=0.03 sys=0.00, real=0.01 secs] 
139125.428: [GC 139125.428: [ParNew: 210983K->918K(235968K), 0.0072050 secs] 1264587K->1054717K(1546688K), 0.0074980 secs] [Times: user=0.04 sys=0.00, real=0.01 secs] 
139149.485: [GC 139149.485: [ParNew: 210710K->748K(235968K), 0.0124820 secs] 1264509K->1054610K(1546688K), 0.0126870 secs] [Times: user=0.03 sys=0.00, real=0.02 secs] 
139157.674: [GC 139157.675: [ParNew: 210540K->786K(235968K), 0.0346760 secs] 1264402K->1054709K(1546688K), 0.0349530 secs] [Times: user=0.07 sys=0.01, real=0.03 secs] 
139176.085: [GC 139176.085: [ParNew: 210578K->768K(235968K), 0.0070880 secs] 1264501K->1054740K(1546688K), 0.0074160 secs] [Times: user=0.03 sys=0.00, real=0.01 secs] 
139179.633: [GC 139179.633: [ParNew: 210536K->819K(235968K), 0.0090650 secs] 1264508K->1054835K(1546688K), 0.0093660 secs] [Times: user=0.04 sys=0.00, real=0.01 secs] 
139193.595: [GC 139193.596: [ParNew: 210611K->657K(235968K), 0.0061570 secs] 1264627K->1054723K(1546688K), 0.0064070 secs] [Times: user=0.03 sys=0.00, real=0.01 secs] 
139210.547: [GC 139210.547: [ParNew: 210449K->892K(235968K), 0.0080840 secs] 1264515K->1055019K(1546688K), 0.0083170 secs] [Times: user=0.03 sys=0.00, real=0.00 secs] 
139217.680: [GC 139217.680: [ParNew: 210684K->664K(235968K), 0.0206610 secs] 1264811K->1054839K(1546688K), 0.0209830 secs] [Times: user=0.04 sys=0.00, real=0.02 secs] 
139229.108: [GC 139229.108: [ParNew: 210456K->945K(235968K), 0.0077870 secs] 1264631K->1055183K(1546688K), 0.0080960 secs] [Times: user=0.04 sys=0.00, real=0.01 secs] 
139239.651: [GC 139239.652: [ParNew: 210686K->838K(235968K), 0.0062430 secs] 1264923K->1055125K(1546688K), 0.0065460 secs] [Times: user=0.03 sys=0.00, real=0.00 secs] 
139255.807: [GC 139255.807: [ParNew: 210630K->799K(235968K), 0.0089810 secs] 1264917K->1055139K(1546688K), 0.0091890 secs] [Times: user=0.03 sys=0.00, real=0.01 secs] 
139271.010: [GC 139271.011: [ParNew: 210551K->603K(235968K), 0.0192100 secs] 1264891K->1054994K(1546688K), 0.0195070 secs] [Times: user=0.04 sys=0.00, real=0.02 secs] 
139277.722: [GC 139277.722: [ParNew: 210377K->1050K(235968K), 0.0237950 secs] 1264768K->1055484K(1546688K), 0.0240680 secs] [Times: user=0.05 sys=0.00, real=0.03 secs] 
139296.283: [GC 139296.284: [ParNew: 210829K->1004K(235968K), 0.0116820 secs] 1265263K->1055487K(1546688K), 0.0119630 secs] [Times: user=0.04 sys=0.00, real=0.01 secs] 
139300.526: [GC 139300.527: [ParNew: 210796K->726K(235968K), 0.0061630 secs] 1265279K->1055258K(1546688K), 0.0064550 secs] [Times: user=0.04 sys=0.00, real=0.01 secs] 
139315.843: [GC 139315.844: [ParNew: 210518K->1062K(235968K), 0.0067970 secs] 1265050K->1055797K(1546688K), 0.0071970 secs] [Times: user=0.03 sys=0.00, real=0.01 secs] 
139331.072: [GC 139331.073: [ParNew: 210806K->658K(235968K), 0.0101250 secs] 1265540K->1055446K(1546688K), 0.0103540 secs] [Times: user=0.03 sys=0.00, real=0.01 secs] 
139341.350: [GC 139341.350: [ParNew: 210450K->465K(235968K), 0.0100120 secs] 1265238K->1055305K(1546688K), 0.0102860 secs] [Times: user=0.04 sys=0.00, real=0.01 secs] 
139356.694: [GC 139356.694: [ParNew: 210197K->931K(235968K), 0.0061070 secs] 1265037K->1055807K(1546688K), 0.0063520 secs] [Times: user=0.03 sys=0.00, real=0.00 secs] 
139360.950: [GC 139360.950: [ParNew: 210723K->827K(235968K), 0.0075700 secs] 1265599K->1055752K(1546688K), 0.0078630 secs] [Times: user=0.04 sys=0.00, real=0.01 secs] 
139381.751: [GC 139381.751: [ParNew: 210588K->895K(235968K), 0.0117570 secs] 1265514K->1055923K(1546688K), 0.0119550 secs] [Times: user=0.03 sys=0.01, real=0.01 secs] 
139392.081: [GC 139392.081: [ParNew: 210663K->821K(235968K), 0.0061050 secs] 1265691K->1055885K(1546688K), 0.0064190 secs] [Times: user=0.03 sys=0.00, real=0.01 secs] 
139406.709: [GC 139406.709: [ParNew: 210588K->1098K(235968K), 0.0177860 secs] 1265652K->1056206K(1546688K), 0.0180820 secs] [Times: user=0.04 sys=0.01, real=0.02 secs] 
139418.546: [GC 139418.546: [ParNew: 210890K->967K(235968K), 0.0064160 secs] 1265998K->1056129K(1546688K), 0.0067040 secs] [Times: user=0.03 sys=0.00, real=0.00 secs] 
139422.618: [GC 139422.618: [ParNew: 210759K->866K(235968K), 0.0077830 secs] 1265921K->1056078K(1546688K), 0.0080790 secs] [Times: user=0.04 sys=0.00, real=0.01 secs] 
139445.664: [GC 139445.664: [ParNew: 210658K->680K(235968K), 0.0078140 secs] 1265870K->1055946K(1546688K), 0.0080250 secs] [Times: user=0.04 sys=0.00, real=0.01 secs] 
139455.457: [GC 139455.457: [ParNew: 210472K->563K(235968K), 0.0285450 secs] 1265738K->1055885K(1546688K), 0.0288730 secs] [Times: user=0.04 sys=0.00, real=0.03 secs] 
139469.097: [GC 139469.097: [ParNew: 210355K->656K(235968K), 0.0092360 secs] 1265677K->1056027K(1546688K), 0.0095000 secs] [Times: user=0.03 sys=0.00, real=0.01 secs] 
139478.579: [GC 139478.579: [ParNew: 210448K->983K(235968K), 0.0070870 secs] 1265819K->1056398K(1546688K), 0.0073150 secs] [Times: user=0.03 sys=0.00, real=0.01 secs] 
139484.131: [GC 139484.131: [ParNew: 210775K->688K(235968K), 0.0335760 secs] 1266190K->1056164K(1546688K), 0.0338880 secs] [Times: user=0.04 sys=0.00, real=0.04 secs] 
139509.495: [GC 139509.495: [ParNew: 210480K->858K(235968K), 0.0120640 secs] 1265956K->1056393K(1546688K), 0.0123020 secs] [Times: user=0.03 sys=0.00, real=0.01 secs] 
139512.131: [GC 139512.131: [ParNew: 210606K->839K(235968K), 0.0187750 secs] 1266141K->1056432K(1546688K), 0.0190140 secs] [Times: user=0.03 sys=0.00, real=0.02 secs] 
139527.358: [GC 139527.358: [ParNew: 210631K->635K(235968K), 0.0179280 secs] 1266224K->1056300K(1546688K), 0.0183130 secs] [Times: user=0.05 sys=0.00, real=0.02 secs] 
139538.588: [GC 139538.589: [ParNew: 210427K->1138K(235968K), 0.0075530 secs] 1266092K->1056847K(1546688K), 0.0077890 secs] [Times: user=0.03 sys=0.00, real=0.01 secs] 
139545.473: [GC 139545.473: [ParNew: 210930K->806K(235968K), 0.0069450 secs] 1266639K->1056687K(1546688K), 0.0072320 secs] [Times: user=0.03 sys=0.00, real=0.01 secs] 
139569.522: [GC 139569.522: [ParNew: 210598K->926K(235968K), 0.0091670 secs] 1266479K->1056855K(1546688K), 0.0094190 secs] [Times: user=0.03 sys=0.00, real=0.01 secs] 
139575.534: [GC 139575.534: [ParNew: 210592K->546K(235968K), 0.0322400 secs] 1266521K->1056518K(1546688K), 0.0325280 secs] [Times: user=0.05 sys=0.00, real=0.03 secs] 
139589.141: [GC 139589.142: [ParNew: 210300K->844K(235968K), 0.0082500 secs] 1266272K->1056860K(1546688K), 0.0085450 secs] [Times: user=0.04 sys=0.00, real=0.01 secs] 
139599.816: [GC 139599.816: [ParNew: 210513K->935K(235968K), 0.0061260 secs] 1266529K->1057002K(1546688K), 0.0063910 secs] [Times: user=0.03 sys=0.00, real=0.00 secs] 
139605.512: [GC 139605.513: [ParNew: 210727K->874K(235968K), 0.0084060 secs] 1266794K->1056992K(1546688K), 0.0086990 secs] [Times: user=0.03 sys=0.00, real=0.01 secs] 
139631.087: [GC 139631.087: [ParNew: 210666K->792K(235968K), 0.0249070 secs] 1266784K->1056954K(1546688K), 0.0252860 secs] [Times: user=0.03 sys=0.00, real=0.03 secs] 
139637.794: [GC 139637.794: [ParNew: 210584K->877K(235968K), 0.0112240 secs] 1266746K->1057186K(1546688K), 0.0115630 secs] [Times: user=0.03 sys=0.01, real=0.01 secs] 
139656.319: [GC 139656.319: [ParNew: 210669K->702K(235968K), 0.0174700 secs] 1266978K->1057058K(1546688K), 0.0176880 secs] [Times: user=0.05 sys=0.00, real=0.02 secs] 
139659.855: [GC 139659.855: [ParNew: 210494K->824K(235968K), 0.0068290 secs] 1266850K->1057224K(1546688K), 0.0070660 secs] [Times: user=0.03 sys=0.00, real=0.01 secs] 
139675.909: [GC 139675.909: [ParNew: 210616K->834K(235968K), 0.0070910 secs] 1267016K->1057289K(1546688K), 0.0073920 secs] [Times: user=0.03 sys=0.00, real=0.01 secs] 
139691.143: [GC 139691.143: [ParNew: 210569K->625K(235968K), 0.0128780 secs] 1267025K->1057122K(1546688K), 0.0131900 secs] [Times: user=0.03 sys=0.00, real=0.01 secs] 
139697.846: [GC 139697.846: [ParNew: 210404K->833K(235968K), 0.0103670 secs] 1266900K->1057377K(1546688K), 0.0106580 secs] [Times: user=0.04 sys=0.00, real=0.01 secs] 
139716.351: [GC 139716.351: [ParNew: 210625K->913K(235968K), 0.0065290 secs] 1267169K->1057506K(1546688K), 0.0068260 secs] [Times: user=0.03 sys=0.00, real=0.01 secs] 
139720.977: [GC 139720.977: [ParNew: 210705K->553K(235968K), 0.0135370 secs] 1267298K->1057188K(1546688K), 0.0137290 secs] [Times: user=0.02 sys=0.00, real=0.01 secs] 
139735.942: [GC 139735.943: [ParNew: 210308K->880K(235968K), 0.0064040 secs] 1266943K->1057564K(1546688K), 0.0066540 secs] [Times: user=0.03 sys=0.00, real=0.01 secs] 
139752.126: [GC 139752.126: [ParNew: 210672K->762K(235968K), 0.0064710 secs] 1267356K->1057495K(1546688K), 0.0067370 secs] [Times: user=0.03 sys=0.00, real=0.01 secs] 
139761.147: [GC 139761.147: [ParNew: 210554K->937K(235968K), 0.0070180 secs] 1267287K->1057718K(1546688K), 0.0073060 secs] [Times: user=0.05 sys=0.00, real=0.01 secs] 
139776.794: [GC 139776.794: [ParNew: 210729K->1024K(235968K), 0.0052240 secs] 1267510K->1057855K(1546688K), 0.0055040 secs] [Times: user=0.03 sys=0.00, real=0.01 secs] 
139781.012: [GC 139781.013: [ParNew: 210768K->907K(235968K), 0.0051270 secs] 1267599K->1057862K(1546688K), 0.0053940 secs] [Times: user=0.04 sys=0.00, real=0.01 secs] 
139801.802: [GC 139801.802: [ParNew: 210699K->816K(235968K), 0.0054430 secs] 1267654K->1057813K(1546688K), 0.0057320 secs] [Times: user=0.03 sys=0.00, real=0.01 secs] 
139812.151: [GC 139812.151: [ParNew: 210599K->884K(235968K), 0.0051600 secs] 1267596K->1057917K(1546688K), 0.0054370 secs] [Times: user=0.04 sys=0.00, real=0.01 secs] 
139826.798: [GC 139826.798: [ParNew: 210617K->921K(235968K), 0.0253020 secs] 1267650K->1058014K(1546688K), 0.0256160 secs] [Times: user=0.05 sys=0.00, real=0.03 secs] 
139836.818: [GC 139836.819: [ParNew: 210698K->764K(235968K), 0.0084700 secs] 1267792K->1057907K(1546688K), 0.0087420 secs] [Times: user=0.03 sys=0.01, real=0.00 secs] 
139842.693: [GC 139842.694: [ParNew: 210556K->1013K(235968K), 0.0133510 secs] 1267699K->1058209K(1546688K), 0.0136620 secs] [Times: user=0.04 sys=0.00, real=0.02 secs] 
139861.827: [GC 139861.827: [ParNew: 210772K->867K(235968K), 0.0073450 secs] 1267968K->1058117K(1546688K), 0.0076490 secs] [Times: user=0.03 sys=0.00, real=0.01 secs] 
139872.188: [GC 139872.188: [ParNew: 210651K->731K(235968K), 0.0074760 secs] 1267901K->1058035K(1546688K), 0.0077010 secs] [Times: user=0.03 sys=0.00, real=0.01 secs] 
139889.175: [GC 139889.175: [ParNew: 210523K->1027K(235968K), 0.0092910 secs] 1267827K->1058375K(1546688K), 0.0095300 secs] [Times: user=0.04 sys=0.00, real=0.01 secs] 
139898.653: [GC 139898.653: [ParNew: 210819K->814K(235968K), 0.0203030 secs] 1268167K->1058320K(1546688K), 0.0205390 secs] [Times: user=0.04 sys=0.00, real=0.02 secs] 
139905.544: [GC 139905.544: [ParNew: 210606K->1114K(235968K), 0.0131490 secs] 1268112K->1058663K(1546688K), 0.0134360 secs] [Times: user=0.05 sys=0.00, real=0.02 secs] 
139929.589: [GC 139929.589: [ParNew: 210906K->909K(235968K), 0.0057970 secs] 1268455K->1058495K(1546688K), 0.0060630 secs] [Times: user=0.03 sys=0.00, real=0.01 secs] 
139935.631: [GC 139935.632: [ParNew: 210667K->901K(235968K), 0.0115550 secs] 1268253K->1058535K(1546688K), 0.0118450 secs] [Times: user=0.03 sys=0.00, real=0.02 secs] 
139949.205: [GC 139949.205: [ParNew: 210693K->837K(235968K), 0.0063020 secs] 1268327K->1058514K(1546688K), 0.0065360 secs] [Times: user=0.03 sys=0.00, real=0.01 secs] 
139959.878: [GC 139959.879: [ParNew: 210616K->1128K(235968K), 0.0072490 secs] 1268293K->1058858K(1546688K), 0.0074850 secs] [Times: user=0.03 sys=0.01, real=0.00 secs] 
139965.577: [GC 139965.578: [ParNew: 210809K->1094K(235968K), 0.0061860 secs] 1268539K->1058873K(1546688K), 0.0064150 secs] [Times: user=0.03 sys=0.00, real=0.00 secs] 
139989.600: [GC 139989.600: [ParNew: 210886K->1034K(235968K), 0.0066830 secs] 1268665K->1058867K(1546688K), 0.0069240 secs] [Times: user=0.04 sys=0.00, real=0.01 secs] 
139995.641: [GC 139995.641: [ParNew: 210826K->886K(235968K), 0.0224650 secs] 1268659K->1058775K(1546688K), 0.0228050 secs] [Times: user=0.05 sys=0.00, real=0.03 secs] 
140009.221: [GC 140009.221: [ParNew: 210634K->945K(235968K), 0.0068330 secs] 1268522K->1058882K(1546688K), 0.0070750 secs] [Times: user=0.03 sys=0.00, real=0.00 secs] 
140018.685: [GC 140018.685: [ParNew: 210737K->866K(235968K), 0.0074830 secs] 1268674K->1058863K(1546688K), 0.0077150 secs] [Times: user=0.03 sys=0.00, real=0.01 secs] 
140025.581: [GC 140025.581: [ParNew: 210637K->1071K(235968K), 0.0079200 secs] 1268634K->1059172K(1546688K), 0.0081560 secs] [Times: user=0.03 sys=0.00, real=0.01 secs] 
140049.614: [GC 140049.615: [ParNew: 210863K->790K(235968K), 0.0064790 secs] 1268964K->1058941K(1546688K), 0.0067190 secs] [Times: user=0.03 sys=0.00, real=0.00 secs] 
140055.664: [GC 140055.664: [ParNew: 210577K->913K(235968K), 0.0139280 secs] 1268728K->1059131K(1546688K), 0.0141750 secs] [Times: user=0.04 sys=0.00, real=0.01 secs] 
140069.235: [GC 140069.235: [ParNew: 210705K->1101K(235968K), 0.0059240 secs] 1268923K->1059362K(1546688K), 0.0062230 secs] [Times: user=0.03 sys=0.00, real=0.01 secs] 
140079.904: [GC 140079.904: [ParNew: 210893K->1037K(235968K), 0.0132210 secs] 1269154K->1059354K(1546688K), 0.0135130 secs] [Times: user=0.04 sys=0.00, real=0.01 secs] 
140085.609: [GC 140085.609: [ParNew: 210778K->1203K(235968K), 0.0070410 secs] 1269095K->1059569K(1546688K), 0.0073110 secs] [Times: user=0.03 sys=0.00, real=0.00 secs] 
140109.638: [GC 140109.638: [ParNew: 210995K->796K(235968K), 0.0071200 secs] 1269361K->1059216K(1546688K), 0.0074290 secs] [Times: user=0.04 sys=0.00, real=0.01 secs] 
140115.720: [GC 140115.720: [ParNew: 210529K->970K(235968K), 0.0089320 secs] 1268950K->1059444K(1546688K), 0.0091590 secs] [Times: user=0.04 sys=0.00, real=0.01 secs] 
140129.260: [GC 140129.261: [ParNew: 210753K->897K(235968K), 0.0069890 secs] 1269228K->1059427K(1546688K), 0.0072180 secs] [Times: user=0.04 sys=0.00, real=0.01 secs] 
140139.922: [GC 140139.922: [ParNew: 210689K->697K(235968K), 0.0086190 secs] 1269219K->1059270K(1546688K), 0.0088440 secs] [Times: user=0.04 sys=0.00, real=0.01 secs] 
140148.034: [GC 140148.034: [ParNew: 210489K->837K(235968K), 0.0065030 secs] 1269062K->1059471K(1546688K), 0.0067170 secs] [Times: user=0.03 sys=0.00, real=0.01 secs] 
140171.241: [GC 140171.241: [ParNew: 210629K->728K(235968K), 0.0212760 secs] 1269263K->1059411K(1546688K), 0.0215890 secs] [Times: user=0.03 sys=0.00, real=0.02 secs] 
140178.011: [GC 140178.011: [ParNew: 210520K->1286K(235968K), 0.0075850 secs] 1269203K->1060018K(1546688K), 0.0078040 secs] [Times: user=0.03 sys=0.00, real=0.01 secs] 
140196.406: [GC 140196.406: [ParNew: 211078K->841K(235968K), 0.0062180 secs] 1269810K->1059626K(1546688K), 0.0064540 secs] [Times: user=0.03 sys=0.00, real=0.01 secs] 
140199.955: [GC 140199.955: [ParNew: 210633K->1085K(235968K), 0.0058740 secs] 1269418K->1059914K(1546688K), 0.0060860 secs] [Times: user=0.03 sys=0.00, real=0.01 secs] 
140216.015: [GC 140216.015: [ParNew: 210877K->759K(235968K), 0.0059500 secs] 1269706K->1059639K(1546688K), 0.0062630 secs] [Times: user=0.04 sys=0.00, real=0.01 secs] 
140231.283: [GC 140231.283: [ParNew: 210551K->645K(235968K), 0.0143910 secs] 1269431K->1059574K(1546688K), 0.0146180 secs] [Times: user=0.03 sys=0.00, real=0.02 secs] 
140238.039: [GC 140238.039: [ParNew: 210437K->1065K(235968K), 0.0080740 secs] 1269366K->1060043K(1546688K), 0.0083460 secs] [Times: user=0.03 sys=0.00, real=0.01 secs] 
140256.423: [GC 140256.423: [ParNew: 210857K->955K(235968K), 0.0154180 secs] 1269835K->1059982K(1546688K), 0.0156300 secs] [Times: user=0.03 sys=0.01, real=0.01 secs] 
140261.053: [GC 140261.053: [ParNew: 210747K->592K(235968K), 0.0076110 secs] 1269774K->1059776K(1546688K), 0.0078570 secs] [Times: user=0.04 sys=0.00, real=0.00 secs] 
140276.055: [GC 140276.056: [ParNew: 210384K->824K(235968K), 0.0071300 secs] 1269568K->1060062K(1546688K), 0.0074240 secs] [Times: user=0.03 sys=0.00, real=0.01 secs] 
140291.326: [GC 140291.327: [ParNew: 210616K->510K(235968K), 0.0061850 secs] 1269854K->1059807K(1546688K), 0.0064490 secs] [Times: user=0.03 sys=0.00, real=0.00 secs] 
140306.910: [GC 140306.911: [ParNew: 210302K->777K(235968K), 0.0181030 secs] 1269599K->1060121K(1546688K), 0.0184160 secs] [Times: user=0.03 sys=0.00, real=0.02 secs] 
140316.868: [GC 140316.868: [ParNew: 210569K->732K(235968K), 0.0067010 secs] 1269913K->1060125K(1546688K), 0.0069210 secs] [Times: user=0.03 sys=0.00, real=0.01 secs] 
140322.827: [GC 140322.827: [ParNew: 210524K->812K(235968K), 0.0154760 secs] 1269917K->1060254K(1546688K), 0.0157050 secs] [Times: user=0.04 sys=0.00, real=0.02 secs] 
140341.882: [GC 140341.882: [ParNew: 210553K->1123K(235968K), 0.0089030 secs] 1269995K->1060601K(1546688K), 0.0091780 secs] [Times: user=0.03 sys=0.00, real=0.01 secs] 
140352.262: [GC 140352.262: [ParNew: 210915K->993K(235968K), 0.0071970 secs] 1270393K->1060514K(1546688K), 0.0074700 secs] [Times: user=0.03 sys=0.01, real=0.01 secs] 
140366.965: [GC 140366.965: [ParNew: 210785K->751K(235968K), 0.0151620 secs] 1270306K->1060370K(1546688K), 0.0154520 secs] [Times: user=0.05 sys=0.00, real=0.01 secs] 
140378.842: [GC 140378.842: [ParNew: 210543K->1009K(235968K), 0.0116110 secs] 1270162K->1060674K(1546688K), 0.0118060 secs] [Times: user=0.03 sys=0.01, real=0.02 secs] 
140382.861: [GC 140382.861: [ParNew: 210801K->955K(235968K), 0.0101390 secs] 1270466K->1060668K(1546688K), 0.0104280 secs] [Times: user=0.03 sys=0.00, real=0.01 secs] 
140401.900: [GC 140401.900: [ParNew: 210747K->1177K(235968K), 0.0082240 secs] 1270460K->1060945K(1546688K), 0.0084900 secs] [Times: user=0.04 sys=0.00, real=0.01 secs] 
140412.283: [GC 140412.283: [ParNew: 210912K->828K(235968K), 0.0052010 secs] 1270680K->1060651K(1546688K), 0.0054690 secs] [Times: user=0.04 sys=0.00, real=0.01 secs] 
140429.276: [GC 140429.277: [ParNew: 210620K->896K(235968K), 0.0077940 secs] 1270443K->1060780K(1546688K), 0.0080920 secs] [Times: user=0.03 sys=0.00, real=0.01 secs] 
140438.865: [GC 140438.865: [ParNew: 210688K->947K(235968K), 0.0133990 secs] 1270572K->1060881K(1546688K), 0.0136090 secs] [Times: user=0.03 sys=0.00, real=0.01 secs] 
140445.648: [GC 140445.649: [ParNew: 210739K->1224K(235968K), 0.0056910 secs] 1270673K->1061209K(1546688K), 0.0059430 secs] [Times: user=0.04 sys=0.00, real=0.01 secs] 
140469.692: [GC 140469.692: [ParNew: 211016K->934K(235968K), 0.0070220 secs] 1271001K->1060956K(1546688K), 0.0073170 secs] [Times: user=0.04 sys=0.00, real=0.01 secs] 
140475.760: [GC 140475.760: [ParNew: 210670K->771K(235968K), 0.0093210 secs] 1270692K->1060834K(1546688K), 0.0096250 secs] [Times: user=0.04 sys=0.00, real=0.01 secs] 
140489.322: [GC 140489.322: [ParNew: 210528K->819K(235968K), 0.0070630 secs] 1270591K->1060926K(1546688K), 0.0073170 secs] [Times: user=0.03 sys=0.01, real=0.01 secs] 
140499.984: [GC 140499.984: [ParNew: 210611K->1572K(235968K), 0.0053460 secs] 1270718K->1061730K(1546688K), 0.0056260 secs] [Times: user=0.03 sys=0.00, real=0.00 secs] 
140505.692: [GC 140505.692: [ParNew: 211364K->852K(235968K), 0.0052560 secs] 1271522K->1061174K(1546688K), 0.0055290 secs] [Times: user=0.04 sys=0.00, real=0.01 secs] 
140529.691: [GC 140529.691: [ParNew: 210644K->1080K(235968K), 0.0058300 secs] 1270966K->1061456K(1546688K), 0.0061210 secs] [Times: user=0.03 sys=0.00, real=0.00 secs] 
140535.752: [GC 140535.753: [ParNew: 210872K->1389K(235968K), 0.0319490 secs] 1271248K->1061822K(1546688K), 0.0323140 secs] [Times: user=0.04 sys=0.00, real=0.03 secs] 
140549.313: [GC 140549.314: [ParNew: 211181K->1363K(235968K), 0.0082640 secs] 1271614K->1061857K(1546688K), 0.0085780 secs] [Times: user=0.04 sys=0.00, real=0.01 secs] 
140559.985: [GC 140559.985: [ParNew: 211155K->1081K(235968K), 0.0084610 secs] 1271649K->1061623K(1546688K), 0.0087670 secs] [Times: user=0.03 sys=0.00, real=0.01 secs] 
140565.690: [GC 140565.690: [ParNew: 210873K->1053K(235968K), 0.0078390 secs] 1271415K->1061890K(1546688K), 0.0081440 secs] [Times: user=0.04 sys=0.01, real=0.01 secs] 
140583.724: [GC 140583.725: [ParNew: 210845K->902K(235968K), 0.0069520 secs] 1271682K->1061798K(1546688K), 0.0072730 secs] [Times: user=0.03 sys=0.00, real=0.01 secs] 
140594.095: [GC 140594.095: [ParNew: 210694K->677K(235968K), 0.0057980 secs] 1271590K->1061627K(1546688K), 0.0060960 secs] [Times: user=0.03 sys=0.00, real=0.01 secs] 
140607.049: [GC 140607.050: [ParNew: 210469K->1205K(235968K), 0.0079750 secs] 1271419K->1062201K(1546688K), 0.0081900 secs] [Times: user=0.03 sys=0.00, real=0.01 secs] 
140618.899: [GC 140618.900: [ParNew: 210997K->1040K(235968K), 0.0057490 secs] 1271993K->1062095K(1546688K), 0.0060630 secs] [Times: user=0.03 sys=0.00, real=0.01 secs] 
140625.670: [GC 140625.670: [ParNew: 210832K->626K(235968K), 0.0100520 secs] 1271887K->1061715K(1546688K), 0.0102940 secs] [Times: user=0.03 sys=0.00, real=0.01 secs] 
140649.707: [GC 140649.708: [ParNew: 210418K->965K(235968K), 0.0064150 secs] 1271507K->1062214K(1546688K), 0.0066920 secs] [Times: user=0.04 sys=0.00, real=0.01 secs] 
140655.759: [GC 140655.759: [ParNew: 210641K->978K(235968K), 0.0204590 secs] 1271890K->1062275K(1546688K), 0.0207920 secs] [Times: user=0.05 sys=0.00, real=0.02 secs] 
140669.333: [GC 140669.333: [ParNew: 210765K->1590K(235968K), 0.0088510 secs] 1272062K->1062944K(1546688K), 0.0091300 secs] [Times: user=0.04 sys=0.00, real=0.01 secs] 
140678.934: [GC 140678.934: [ParNew: 211382K->1001K(235968K), 0.0062820 secs] 1272736K->1062406K(1546688K), 0.0066000 secs] [Times: user=0.04 sys=0.01, real=0.01 secs] 
140685.699: [GC 140685.700: [ParNew: 210793K->1112K(235968K), 0.0065800 secs] 1272198K->1062560K(1546688K), 0.0068700 secs] [Times: user=0.03 sys=0.00, real=0.01 secs] 
140709.743: [GC 140709.743: [ParNew: 210904K->1099K(235968K), 0.0066590 secs] 1272352K->1062602K(1546688K), 0.0068810 secs] [Times: user=0.04 sys=0.00, real=0.00 secs] 
140715.833: [GC 140715.833: [ParNew: 210891K->938K(235968K), 0.0170200 secs] 1272394K->1062495K(1546688K), 0.0173240 secs] [Times: user=0.04 sys=0.00, real=0.02 secs] 
140729.362: [GC 140729.362: [ParNew: 210730K->882K(235968K), 0.0080120 secs] 1272287K->1062483K(1546688K), 0.0083200 secs] [Times: user=0.03 sys=0.00, real=0.01 secs] 
140740.027: [GC 140740.027: [ParNew: 210674K->1191K(235968K), 0.0095190 secs] 1272275K->1062957K(1546688K), 0.0097560 secs] [Times: user=0.03 sys=0.00, real=0.01 secs] 
140745.723: [GC 140745.723: [ParNew: 210983K->1054K(235968K), 0.0091240 secs] 1272749K->1062875K(1546688K), 0.0094170 secs] [Times: user=0.04 sys=0.00, real=0.01 secs] 
140769.763: [GC 140769.763: [ParNew: 210846K->837K(235968K), 0.0071860 secs] 1272667K->1062713K(1546688K), 0.0074980 secs] [Times: user=0.03 sys=0.00, real=0.00 secs] 
140775.846: [GC 140775.847: [ParNew: 210629K->1004K(235968K), 0.0059790 secs] 1272505K->1062941K(1546688K), 0.0063010 secs] [Times: user=0.03 sys=0.00, real=0.01 secs] 
140789.382: [GC 140789.383: [ParNew: 210784K->1259K(235968K), 0.0056320 secs] 1272722K->1063255K(1546688K), 0.0059410 secs] [Times: user=0.03 sys=0.01, real=0.01 secs] 
140800.049: [GC 140800.049: [ParNew: 211051K->931K(235968K), 0.0062150 secs] 1273047K->1062976K(1546688K), 0.0064600 secs] [Times: user=0.03 sys=0.00, real=0.00 secs] 
140816.254: [GC 140816.254: [ParNew: 210723K->926K(235968K), 0.0135180 secs] 1272768K->1063024K(1546688K), 0.0137420 secs] [Times: user=0.04 sys=0.00, real=0.01 secs] 
140831.417: [GC 140831.417: [ParNew: 210718K->700K(235968K), 0.0181730 secs] 1272816K->1062956K(1546688K), 0.0184950 secs] [Times: user=0.04 sys=0.00, real=0.02 secs] 
140838.144: [GC 140838.144: [ParNew: 210492K->641K(235968K), 0.0081270 secs] 1272748K->1062933K(1546688K), 0.0083760 secs] [Times: user=0.03 sys=0.01, real=0.01 secs] 
140856.543: [GC 140856.543: [ParNew: 210423K->772K(235968K), 0.0104330 secs] 1272715K->1063113K(1546688K), 0.0106890 secs] [Times: user=0.04 sys=0.00, real=0.01 secs] 
140860.586: [GC 140860.586: [ParNew: 210564K->520K(235968K), 0.0087550 secs] 1272905K->1062916K(1546688K), 0.0090310 secs] [Times: user=0.03 sys=0.01, real=0.01 secs] 
140876.333: [GC 140876.333: [ParNew: 210312K->771K(235968K), 0.0175510 secs] 1272708K->1063217K(1546688K), 0.0179110 secs] [Times: user=0.04 sys=0.00, real=0.02 secs] 
140891.477: [GC 140891.477: [ParNew: 210563K->568K(235968K), 0.0088830 secs] 1273009K->1063069K(1546688K), 0.0091010 secs] [Times: user=0.03 sys=0.00, real=0.01 secs] 
140898.176: [GC 140898.176: [ParNew: 210348K->904K(235968K), 0.0068810 secs] 1272849K->1063454K(1546688K), 0.0071580 secs] [Times: user=0.03 sys=0.00, real=0.01 secs] 
140916.944: [GC 140916.944: [ParNew: 210695K->775K(235968K), 0.0079970 secs] 1273245K->1063367K(1546688K), 0.0083030 secs] [Times: user=0.03 sys=0.00, real=0.01 secs] 
140921.149: [GC 140921.149: [ParNew: 210476K->1029K(235968K), 0.0087810 secs] 1273068K->1063670K(1546688K), 0.0090670 secs] [Times: user=0.04 sys=0.00, real=0.01 secs] 
140937.769: [GC 140937.769: [ParNew: 210821K->482K(235968K), 0.0149000 secs] 1273462K->1063172K(1546688K), 0.0151150 secs] [Times: user=0.03 sys=0.00, real=0.01 secs] 
140952.345: [GC 140952.346: [ParNew: 210274K->815K(235968K), 0.0078880 secs] 1272964K->1063558K(1546688K), 0.0081120 secs] [Times: user=0.04 sys=0.00, real=0.01 secs] 
140967.093: [GC 140967.094: [ParNew: 210607K->944K(235968K), 0.0190820 secs] 1273350K->1063744K(1546688K), 0.0194410 secs] [Times: user=0.04 sys=0.00, real=0.02 secs] 
140976.963: [GC 140976.963: [ParNew: 210736K->1132K(235968K), 0.0064550 secs] 1273536K->1063980K(1546688K), 0.0066780 secs] [Times: user=0.03 sys=0.00, real=0.01 secs] 
140982.934: [GC 140982.934: [ParNew: 210924K->860K(235968K), 0.0101790 secs] 1273772K->1063779K(1546688K), 0.0103990 secs] [Times: user=0.03 sys=0.01, real=0.01 secs] 
141001.963: [GC 141001.963: [ParNew: 210652K->1040K(235968K), 0.0064980 secs] 1273571K->1064007K(1546688K), 0.0067360 secs] [Times: user=0.03 sys=0.00, real=0.01 secs] 
141012.359: [GC 141012.360: [ParNew: 210832K->778K(235968K), 0.0066480 secs] 1273799K->1063903K(1546688K), 0.0069210 secs] [Times: user=0.04 sys=0.00, real=0.01 secs] 
141027.126: [GC 141027.126: [ParNew: 210570K->727K(235968K), 0.0118840 secs] 1273695K->1063901K(1546688K), 0.0121910 secs] [Times: user=0.04 sys=0.00, real=0.01 secs] 
141038.968: [GC 141038.969: [ParNew: 210519K->855K(235968K), 0.0076210 secs] 1273693K->1064086K(1546688K), 0.0079030 secs] [Times: user=0.04 sys=0.00, real=0.01 secs] 
141042.967: [GC 141042.967: [ParNew: 210647K->1072K(235968K), 0.0117890 secs] 1273878K->1064356K(1546688K), 0.0120850 secs] [Times: user=0.04 sys=0.00, real=0.02 secs] 
141061.966: [GC 141061.967: [ParNew: 210864K->932K(235968K), 0.0098870 secs] 1274148K->1064273K(1546688K), 0.0101790 secs] [Times: user=0.04 sys=0.01, real=0.01 secs] 
141072.354: [GC 141072.354: [ParNew: 210624K->1154K(235968K), 0.0175530 secs] 1273965K->1064550K(1546688K), 0.0178480 secs] [Times: user=0.06 sys=0.00, real=0.01 secs] 
141087.114: [GC 141087.114: [ParNew: 210918K->908K(235968K), 0.0261210 secs] 1274314K->1064354K(1546688K), 0.0264440 secs] [Times: user=0.04 sys=0.00, real=0.02 secs] 
141096.979: [GC 141096.979: [ParNew: 210670K->891K(235968K), 0.0207540 secs] 1274116K->1064393K(1546688K), 0.0210380 secs] [Times: user=0.08 sys=0.00, real=0.03 secs] 
141101.186: [GC 141101.186: [ParNew: 210683K->892K(235968K), 0.0056180 secs] 1274185K->1064483K(1546688K), 0.0058990 secs] [Times: user=0.03 sys=0.01, real=0.01 secs] 
141116.460: [GC 141116.460: [ParNew: 210684K->754K(235968K), 0.0071240 secs] 1274275K->1064397K(1546688K), 0.0074290 secs] [Times: user=0.04 sys=0.00, real=0.01 secs] 
141132.364: [GC 141132.364: [ParNew: 210546K->933K(235968K), 0.0058980 secs] 1274189K->1064630K(1546688K), 0.0061850 secs] [Times: user=0.03 sys=0.00, real=0.00 secs] 
141147.128: [GC 141147.128: [ParNew: 210665K->1228K(235968K), 0.0304610 secs] 1274362K->1064981K(1546688K), 0.0307520 secs] [Times: user=0.03 sys=0.00, real=0.03 secs] 
141156.988: [GC 141156.989: [ParNew: 211020K->610K(235968K), 0.0096060 secs] 1274773K->1064414K(1546688K), 0.0098710 secs] [Times: user=0.04 sys=0.00, real=0.01 secs] 
141161.198: [GC 141161.198: [ParNew: 210402K->730K(235968K), 0.0082390 secs] 1274206K->1064585K(1546688K), 0.0085280 secs] [Times: user=0.03 sys=0.00, real=0.01 secs] 
141181.989: [GC 141181.989: [ParNew: 210463K->893K(235968K), 0.0076950 secs] 1274317K->1064795K(1546688K), 0.0079940 secs] [Times: user=0.04 sys=0.01, real=0.01 secs] 
141192.404: [GC 141192.404: [ParNew: 210664K->861K(235968K), 0.0075040 secs] 1274566K->1064805K(1546688K), 0.0077990 secs] [Times: user=0.03 sys=0.00, real=0.01 secs] 
141207.181: [GC 141207.181: [ParNew: 210653K->826K(235968K), 0.0096760 secs] 1274597K->1064813K(1546688K), 0.0099700 secs] [Times: user=0.03 sys=0.00, real=0.01 secs] 
141219.000: [GC 141219.001: [ParNew: 210618K->936K(235968K), 0.0069550 secs] 1274605K->1064968K(1546688K), 0.0072650 secs] [Times: user=0.04 sys=0.00, real=0.01 secs] 
141222.991: [GC 141222.991: [ParNew: 210728K->1029K(235968K), 0.0065460 secs] 1274760K->1065110K(1546688K), 0.0068230 secs] [Times: user=0.03 sys=0.00, real=0.00 secs] 
141242.698: [GC 141242.698: [ParNew: 210821K->806K(235968K), 0.0212330 secs] 1274902K->1064941K(1546688K), 0.0214730 secs] [Times: user=0.04 sys=0.00, real=0.02 secs] 
141254.332: [GC 141254.332: [ParNew: 210598K->627K(235968K), 0.0080920 secs] 1274733K->1064827K(1546688K), 0.0083000 secs] [Times: user=0.03 sys=0.00, real=0.01 secs] 
141267.222: [GC 141267.222: [ParNew: 210419K->753K(235968K), 0.0065330 secs] 1274619K->1065009K(1546688K), 0.0068140 secs] [Times: user=0.04 sys=0.01, real=0.01 secs] 
141279.029: [GC 141279.030: [ParNew: 210498K->991K(235968K), 0.0068780 secs] 1274754K->1065290K(1546688K), 0.0070790 secs] [Times: user=0.04 sys=0.01, real=0.01 secs] 
141285.804: [GC 141285.805: [ParNew: 210783K->1048K(235968K), 0.0096780 secs] 1275082K->1065393K(1546688K), 0.0099470 secs] [Times: user=0.03 sys=0.00, real=0.01 secs] 
141309.958: [GC 141309.958: [ParNew: 210840K->807K(235968K), 0.0137740 secs] 1275185K->1065188K(1546688K), 0.0140300 secs] [Times: user=0.05 sys=0.00, real=0.01 secs] 
141315.952: [GC 141315.952: [ParNew: 210599K->890K(235968K), 0.0230070 secs] 1274980K->1065306K(1546688K), 0.0233190 secs] [Times: user=0.04 sys=0.00, real=0.03 secs] 
141329.472: [GC 141329.472: [ParNew: 210682K->844K(235968K), 0.0081300 secs] 1275098K->1065305K(1546688K), 0.0084400 secs] [Times: user=0.03 sys=0.00, real=0.01 secs] 
141340.131: [GC 141340.131: [ParNew: 210636K->735K(235968K), 0.0107810 secs] 1275097K->1065242K(1546688K), 0.0110300 secs] [Times: user=0.03 sys=0.00, real=0.02 secs] 
141345.839: [GC 141345.839: [ParNew: 210456K->908K(235968K), 0.0068530 secs] 1274963K->1065469K(1546688K), 0.0072710 secs] [Times: user=0.03 sys=0.00, real=0.01 secs] 
141369.978: [GC 141369.978: [ParNew: 210700K->827K(235968K), 0.0083790 secs] 1275261K->1065443K(1546688K), 0.0086450 secs] [Times: user=0.04 sys=0.00, real=0.00 secs] 
141375.974: [GC 141375.974: [ParNew: 210556K->1148K(235968K), 0.0062320 secs] 1275172K->1065825K(1546688K), 0.0065490 secs] [Times: user=0.03 sys=0.00, real=0.01 secs] 
141389.481: [GC 141389.481: [ParNew: 210940K->964K(235968K), 0.0107320 secs] 1275617K->1065690K(1546688K), 0.0110370 secs] [Times: user=0.05 sys=0.00, real=0.01 secs] 
141399.070: [GC 141399.070: [ParNew: 210696K->1387K(235968K), 0.0059580 secs] 1275422K->1066169K(1546688K), 0.0062150 secs] [Times: user=0.03 sys=0.00, real=0.01 secs] 
141405.842: [GC 141405.842: [ParNew: 211179K->1228K(235968K), 0.0059780 secs] 1275961K->1066064K(1546688K), 0.0062570 secs] [Times: user=0.04 sys=0.00, real=0.00 secs] 
141429.984: [GC 141429.984: [ParNew: 211020K->1013K(235968K), 0.0071620 secs] 1275856K->1065902K(1546688K), 0.0074570 secs] [Times: user=0.03 sys=0.00, real=0.01 secs] 
141435.975: [GC 141435.975: [ParNew: 210805K->709K(235968K), 0.0150890 secs] 1275694K->1065769K(1546688K), 0.0153550 secs] [Times: user=0.05 sys=0.00, real=0.02 secs] 
141449.466: [GC 141449.466: [ParNew: 210494K->1216K(235968K), 0.0080080 secs] 1275554K->1066382K(1546688K), 0.0083090 secs] [Times: user=0.03 sys=0.00, real=0.00 secs] 
141459.070: [GC 141459.071: [ParNew: 210978K->881K(235968K), 0.0082360 secs] 1276144K->1066109K(1546688K), 0.0085270 secs] [Times: user=0.03 sys=0.00, real=0.01 secs] 
141465.842: [GC 141465.842: [ParNew: 210673K->1161K(235968K), 0.0090500 secs] 1275901K->1066447K(1546688K), 0.0092540 secs] [Times: user=0.04 sys=0.00, real=0.00 secs] 
141489.984: [GC 141489.984: [ParNew: 210953K->931K(235968K), 0.0105980 secs] 1276239K->1066272K(1546688K), 0.0107950 secs] [Times: user=0.04 sys=0.00, real=0.01 secs] 
141495.970: [GC 141495.970: [ParNew: 210723K->924K(235968K), 0.0122230 secs] 1276064K->1066307K(1546688K), 0.0124840 secs] [Times: user=0.03 sys=0.01, real=0.01 secs] 
141509.488: [GC 141509.488: [ParNew: 210716K->1260K(235968K), 0.0079560 secs] 1276099K->1066704K(1546688K), 0.0082490 secs] [Times: user=0.03 sys=0.01, real=0.01 secs] 
141519.085: [GC 141519.085: [ParNew: 211052K->955K(235968K), 0.0094440 secs] 1276496K->1066460K(1546688K), 0.0096960 secs] [Times: user=0.04 sys=0.00, real=0.01 secs] 
141525.861: [GC 141525.861: [ParNew: 210747K->752K(235968K), 0.0064860 secs] 1276252K->1066430K(1546688K), 0.0067610 secs] [Times: user=0.03 sys=0.00, real=0.01 secs] 
141550.011: [GC 141550.011: [ParNew: 210544K->1033K(235968K), 0.0066200 secs] 1276222K->1066765K(1546688K), 0.0068790 secs] [Times: user=0.03 sys=0.00, real=0.00 secs] 
141556.014: [GC 141556.014: [ParNew: 210825K->697K(235968K), 0.0095550 secs] 1276557K->1066480K(1546688K), 0.0098490 secs] [Times: user=0.03 sys=0.00, real=0.01 secs] 
141569.523: [GC 141569.523: [ParNew: 210489K->936K(235968K), 0.0064050 secs] 1276272K->1066766K(1546688K), 0.0067140 secs] [Times: user=0.03 sys=0.00, real=0.01 secs] 
141580.184: [GC 141580.185: [ParNew: 210728K->1008K(235968K), 0.0083690 secs] 1276558K->1066889K(1546688K), 0.0086620 secs] [Times: user=0.04 sys=0.00, real=0.00 secs] 
141585.899: [GC 141585.899: [ParNew: 210738K->986K(235968K), 0.0069140 secs] 1276619K->1066916K(1546688K), 0.0071990 secs] [Times: user=0.03 sys=0.00, real=0.01 secs] 
141611.615: [GC 141611.615: [ParNew: 210778K->1071K(235968K), 0.0135320 secs] 1276708K->1067050K(1546688K), 0.0138460 secs] [Times: user=0.04 sys=0.00, real=0.01 secs] 
141618.279: [GC 141618.280: [ParNew: 210781K->1415K(235968K), 0.0065340 secs] 1276760K->1067442K(1546688K), 0.0068290 secs] [Times: user=0.03 sys=0.00, real=0.00 secs] 
141636.682: [GC 141636.682: [ParNew: 211207K->733K(235968K), 0.0121180 secs] 1277234K->1066811K(1546688K), 0.0123790 secs] [Times: user=0.03 sys=0.00, real=0.01 secs] 
141640.223: [GC 141640.223: [ParNew: 210505K->1033K(235968K), 0.0082540 secs] 1276582K->1067160K(1546688K), 0.0085170 secs] [Times: user=0.03 sys=0.00, real=0.01 secs] 
141656.482: [GC 141656.482: [ParNew: 210825K->809K(235968K), 0.0067980 secs] 1276952K->1066984K(1546688K), 0.0070510 secs] [Times: user=0.03 sys=0.00, real=0.00 secs] 
141671.681: [GC 141671.681: [ParNew: 210601K->682K(235968K), 0.0113530 secs] 1276776K->1067035K(1546688K), 0.0116090 secs] [Times: user=0.04 sys=0.00, real=0.01 secs] 
141678.328: [GC 141678.329: [ParNew: 210474K->681K(235968K), 0.0207030 secs] 1276827K->1067083K(1546688K), 0.0209620 secs] [Times: user=0.04 sys=0.00, real=0.02 secs] 
141696.706: [GC 141696.707: [ParNew: 210470K->1186K(235968K), 0.0180260 secs] 1276872K->1067637K(1546688K), 0.0183160 secs] [Times: user=0.04 sys=0.00, real=0.01 secs] 
141700.238: [GC 141700.238: [ParNew: 210978K->871K(235968K), 0.0136490 secs] 1277429K->1067383K(1546688K), 0.0139360 secs] [Times: user=0.03 sys=0.00, real=0.01 secs] 
141716.493: [GC 141716.493: [ParNew: 210663K->1174K(235968K), 0.0085550 secs] 1277175K->1067739K(1546688K), 0.0087800 secs] [Times: user=0.04 sys=0.00, real=0.00 secs] 
141731.685: [GC 141731.685: [ParNew: 210966K->885K(235968K), 0.0152030 secs] 1277531K->1067511K(1546688K), 0.0155240 secs] [Times: user=0.04 sys=0.00, real=0.02 secs] 
141738.319: [GC 141738.319: [ParNew: 210677K->1123K(235968K), 0.0125930 secs] 1277303K->1067798K(1546688K), 0.0129230 secs] [Times: user=0.04 sys=0.00, real=0.02 secs] 
141756.723: [GC 141756.724: [ParNew: 210915K->772K(235968K), 0.0186260 secs] 1277590K->1067535K(1546688K), 0.0189420 secs] [Times: user=0.04 sys=0.00, real=0.02 secs] 
141761.252: [GC 141761.252: [ParNew: 210564K->961K(235968K), 0.0073620 secs] 1277327K->1067774K(1546688K), 0.0076360 secs] [Times: user=0.03 sys=0.00, real=0.01 secs] 
141776.524: [GC 141776.524: [ParNew: 210677K->978K(235968K), 0.0107690 secs] 1277490K->1067955K(1546688K), 0.0109820 secs] [Times: user=0.04 sys=0.00, real=0.01 secs] 
141792.598: [GC 141792.598: [ParNew: 210756K->980K(235968K), 0.0095230 secs] 1277732K->1068006K(1546688K), 0.0097520 secs] [Times: user=0.03 sys=0.00, real=0.01 secs] 
141807.410: [GC 141807.410: [ParNew: 210772K->1102K(235968K), 0.0065660 secs] 1277798K->1068171K(1546688K), 0.0067840 secs] [Times: user=0.04 sys=0.00, real=0.00 secs] 
141817.084: [GC 141817.084: [ParNew: 210894K->810K(235968K), 0.0069260 secs] 1277963K->1067928K(1546688K), 0.0071390 secs] [Times: user=0.03 sys=0.00, real=0.01 secs] 
141823.045: [GC 141823.045: [ParNew: 210565K->1087K(235968K), 0.0061050 secs] 1277682K->1068255K(1546688K), 0.0063590 secs] [Times: user=0.03 sys=0.00, real=0.01 secs] 
141842.080: [GC 141842.080: [ParNew: 210879K->893K(235968K), 0.0076990 secs] 1278047K->1068104K(1546688K), 0.0079750 secs] [Times: user=0.03 sys=0.00, real=0.01 secs] 
141852.635: [GC 141852.635: [ParNew: 210685K->985K(235968K), 0.0076610 secs] 1277896K->1068245K(1546688K), 0.0079350 secs] [Times: user=0.04 sys=0.00, real=0.01 secs] 
141867.448: [GC 141867.448: [ParNew: 210777K->826K(235968K), 0.0081200 secs] 1278037K->1068135K(1546688K), 0.0083990 secs] [Times: user=0.03 sys=0.00, real=0.01 secs] 
141879.128: [GC 141879.128: [ParNew: 210529K->1132K(235968K), 0.0063650 secs] 1277837K->1068501K(1546688K), 0.0066380 secs] [Times: user=0.03 sys=0.01, real=0.00 secs] 
141884.315: [GC 141884.315: [ParNew: 210877K->690K(235968K), 0.0060590 secs] 1278246K->1068108K(1546688K), 0.0063270 secs] [Times: user=0.03 sys=0.01, real=0.01 secs] 
141910.059: [GC 141910.060: [ParNew: 210433K->841K(235968K), 0.0068340 secs] 1277851K->1068320K(1546688K), 0.0070740 secs] [Times: user=0.03 sys=0.00, real=0.01 secs] 
141916.094: [GC 141916.094: [ParNew: 210633K->1002K(235968K), 0.0254900 secs] 1278112K->1068523K(1546688K), 0.0257810 secs] [Times: user=0.04 sys=0.00, real=0.02 secs] 
141929.565: [GC 141929.566: [ParNew: 210794K->1267K(235968K), 0.0089630 secs] 1278315K->1068854K(1546688K), 0.0092540 secs] [Times: user=0.03 sys=0.01, real=0.01 secs] 
141939.172: [GC 141939.172: [ParNew: 211059K->783K(235968K), 0.0097430 secs] 1278646K->1068423K(1546688K), 0.0100290 secs] [Times: user=0.03 sys=0.00, real=0.01 secs] 
141945.948: [GC 141945.949: [ParNew: 210570K->1040K(235968K), 0.0074110 secs] 1278209K->1068723K(1546688K), 0.0077070 secs] [Times: user=0.03 sys=0.00, real=0.00 secs] 
141970.096: [GC 141970.096: [ParNew: 210832K->1062K(235968K), 0.0091460 secs] 1278515K->1068800K(1546688K), 0.0094530 secs] [Times: user=0.03 sys=0.00, real=0.01 secs] 
141976.142: [GC 141976.142: [ParNew: 210854K->877K(235968K), 0.0073520 secs] 1278592K->1068665K(1546688K), 0.0075540 secs] [Times: user=0.03 sys=0.00, real=0.00 secs] 
141989.606: [GC 141989.606: [ParNew: 210669K->988K(235968K), 0.0066920 secs] 1278457K->1068819K(1546688K), 0.0069680 secs] [Times: user=0.03 sys=0.00, real=0.01 secs] 
142000.270: [GC 142000.270: [ParNew: 210763K->921K(235968K), 0.0063910 secs] 1278594K->1068796K(1546688K), 0.0066600 secs] [Times: user=0.03 sys=0.00, real=0.00 secs] 
142016.541: [GC 142016.541: [ParNew: 210713K->780K(235968K), 0.0062870 secs] 1278588K->1068716K(1546688K), 0.0065810 secs] [Times: user=0.03 sys=0.00, real=0.01 secs] 
142031.741: [GC 142031.742: [ParNew: 210572K->666K(235968K), 0.0172930 secs] 1278508K->1068644K(1546688K), 0.0176060 secs] [Times: user=0.03 sys=0.00, real=0.02 secs] 
142038.356: [GC 142038.357: [ParNew: 210458K->1020K(235968K), 0.0086860 secs] 1278436K->1069041K(1546688K), 0.0089720 secs] [Times: user=0.03 sys=0.00, real=0.01 secs] 
142056.753: [GC 142056.754: [ParNew: 210812K->940K(235968K), 0.0309230 secs] 1278833K->1069010K(1546688K), 0.0312330 secs] [Times: user=0.07 sys=0.01, real=0.03 secs] 
142061.278: [GC 142061.278: [ParNew: 210732K->850K(235968K), 0.0089140 secs] 1278802K->1068969K(1546688K), 0.0091650 secs] [Times: user=0.03 sys=0.00, real=0.01 secs] 
142076.578: [GC 142076.578: [ParNew: 210642K->691K(235968K), 0.0088990 secs] 1278761K->1068861K(1546688K), 0.0092090 secs] [Times: user=0.03 sys=0.00, real=0.01 secs] 
142091.798: [GC 142091.798: [ParNew: 210407K->607K(235968K), 0.0167380 secs] 1278577K->1068908K(1546688K), 0.0170050 secs] [Times: user=0.05 sys=0.00, real=0.02 secs] 
142106.746: [GC 142106.746: [ParNew: 210399K->674K(235968K), 0.0065080 secs] 1278700K->1069024K(1546688K), 0.0068190 secs] [Times: user=0.04 sys=0.00, real=0.01 secs] 
142117.107: [GC 142117.108: [ParNew: 210466K->959K(235968K), 0.0071260 secs] 1278816K->1069358K(1546688K), 0.0073480 secs] [Times: user=0.03 sys=0.00, real=0.01 secs] 
142121.310: [GC 142121.311: [ParNew: 210751K->941K(235968K), 0.0105160 secs] 1279150K->1069389K(1546688K), 0.0107230 secs] [Times: user=0.03 sys=0.01, real=0.01 secs] 
142142.111: [GC 142142.111: [ParNew: 210733K->818K(235968K), 0.0107960 secs] 1279181K->1069308K(1546688K), 0.0110730 secs] [Times: user=0.03 sys=0.01, real=0.01 secs] 
142152.672: [GC 142152.673: [ParNew: 210589K->944K(235968K), 0.0061880 secs] 1279079K->1069487K(1546688K), 0.0064730 secs] [Times: user=0.03 sys=0.00, real=0.01 secs] 
142167.486: [GC 142167.486: [ParNew: 210736K->1177K(235968K), 0.0065350 secs] 1279279K->1069777K(1546688K), 0.0067620 secs] [Times: user=0.03 sys=0.00, real=0.01 secs] 
142177.132: [GC 142177.133: [ParNew: 210969K->821K(235968K), 0.0082030 secs] 1279569K->1069470K(1546688K), 0.0084280 secs] [Times: user=0.03 sys=0.01, real=0.01 secs] 
142183.101: [GC 142183.101: [ParNew: 210613K->1017K(235968K), 0.0104640 secs] 1279262K->1069736K(1546688K), 0.0106840 secs] [Times: user=0.03 sys=0.00, real=0.01 secs] 
142202.142: [GC 142202.142: [ParNew: 210805K->1005K(235968K), 0.0087740 secs] 1279525K->1069775K(1546688K), 0.0089780 secs] [Times: user=0.03 sys=0.00, real=0.01 secs] 
142212.707: [GC 142212.708: [ParNew: 210797K->859K(235968K), 0.0145880 secs] 1279567K->1069783K(1546688K), 0.0147970 secs] [Times: user=0.02 sys=0.00, real=0.01 secs] 
142227.529: [GC 142227.529: [ParNew: 210648K->978K(235968K), 0.0079670 secs] 1279573K->1069946K(1546688K), 0.0082650 secs] [Times: user=0.04 sys=0.00, real=0.01 secs] 
142239.203: [GC 142239.203: [ParNew: 210770K->1065K(235968K), 0.0083120 secs] 1279738K->1070077K(1546688K), 0.0086030 secs] [Times: user=0.03 sys=0.00, real=0.01 secs] 
142245.989: [GC 142245.989: [ParNew: 210857K->1004K(235968K), 0.0062600 secs] 1279869K->1070063K(1546688K), 0.0065360 secs] [Times: user=0.03 sys=0.00, real=0.00 secs] 
142270.126: [GC 142270.127: [ParNew: 210716K->1319K(235968K), 0.0121820 secs] 1279776K->1070427K(1546688K), 0.0124920 secs] [Times: user=0.03 sys=0.00, real=0.01 secs] 
142276.185: [GC 142276.185: [ParNew: 211111K->1331K(235968K), 0.0359980 secs] 1280219K->1070487K(1546688K), 0.0363080 secs] [Times: user=0.08 sys=0.00, real=0.03 secs] 
142289.633: [GC 142289.633: [ParNew: 211123K->1180K(235968K), 0.0103200 secs] 1280279K->1070392K(1546688K), 0.0106180 secs] [Times: user=0.04 sys=0.00, real=0.01 secs] 
142299.234: [GC 142299.235: [ParNew: 210972K->1324K(235968K), 0.0072580 secs] 1280184K->1070591K(1546688K), 0.0075050 secs] [Times: user=0.03 sys=0.00, real=0.01 secs] 
142306.020: [GC 142306.020: [ParNew: 211096K->698K(235968K), 0.0091510 secs] 1280363K->1070110K(1546688K), 0.0093350 secs] [Times: user=0.03 sys=0.00, real=0.01 secs] 
142330.165: [GC 142330.165: [ParNew: 210489K->899K(235968K), 0.0102910 secs] 1279901K->1070365K(1546688K), 0.0106170 secs] [Times: user=0.03 sys=0.01, real=0.02 secs] 
142336.238: [GC 142336.238: [ParNew: 210691K->729K(235968K), 0.0126630 secs] 1280157K->1070244K(1546688K), 0.0129510 secs] [Times: user=0.03 sys=0.00, real=0.01 secs] 
142349.635: [GC 142349.635: [ParNew: 210521K->734K(235968K), 0.0087050 secs] 1280036K->1070308K(1546688K), 0.0089860 secs] [Times: user=0.03 sys=0.00, real=0.01 secs] 
142359.222: [GC 142359.222: [ParNew: 210526K->1008K(235968K), 0.0057930 secs] 1280100K->1070655K(1546688K), 0.0060770 secs] [Times: user=0.04 sys=0.00, real=0.00 secs] 
142366.006: [GC 142366.006: [ParNew: 210800K->1028K(235968K), 0.0051890 secs] 1280447K->1070725K(1546688K), 0.0054740 secs] [Times: user=0.04 sys=0.01, real=0.01 secs] 
142390.142: [GC 142390.142: [ParNew: 210801K->1172K(235968K), 0.0055290 secs] 1280498K->1070923K(1546688K), 0.0058180 secs] [Times: user=0.03 sys=0.00, real=0.01 secs] 
142396.192: [GC 142396.192: [ParNew: 210960K->810K(235968K), 0.0159870 secs] 1280710K->1070603K(1546688K), 0.0162430 secs] [Times: user=0.05 sys=0.00, real=0.02 secs] 
142409.654: [GC 142409.654: [ParNew: 210602K->1249K(235968K), 0.0085150 secs] 1280395K->1071214K(1546688K), 0.0087770 secs] [Times: user=0.04 sys=0.00, real=0.00 secs] 
142419.260: [GC 142419.260: [ParNew: 211041K->764K(235968K), 0.0073720 secs] 1281006K->1070778K(1546688K), 0.0076040 secs] [Times: user=0.04 sys=0.00, real=0.01 secs] 
142426.037: [GC 142426.037: [ParNew: 210556K->874K(235968K), 0.0063920 secs] 1280570K->1070936K(1546688K), 0.0066640 secs] [Times: user=0.03 sys=0.00, real=0.01 secs] 
142450.171: [GC 142450.171: [ParNew: 210635K->1067K(235968K), 0.0064900 secs] 1280697K->1071171K(1546688K), 0.0067780 secs] [Times: user=0.03 sys=0.00, real=0.01 secs] 
142456.257: [GC 142456.257: [ParNew: 210857K->823K(235968K), 0.0167640 secs] 1280960K->1070974K(1546688K), 0.0170660 secs] [Times: user=0.05 sys=0.00, real=0.01 secs] 
142469.682: [GC 142469.682: [ParNew: 210615K->882K(235968K), 0.0066990 secs] 1280766K->1071077K(1546688K), 0.0069830 secs] [Times: user=0.03 sys=0.00, real=0.01 secs] 
142479.428: [GC 142479.428: [ParNew: 210674K->965K(235968K), 0.0076500 secs] 1280869K->1071222K(1546688K), 0.0079380 secs] [Times: user=0.03 sys=0.00, real=0.01 secs] 
142486.049: [GC 142486.050: [ParNew: 210757K->1076K(235968K), 0.0084440 secs] 1281014K->1071393K(1546688K), 0.0086650 secs] [Times: user=0.03 sys=0.00, real=0.01 secs] 
142510.186: [GC 142510.186: [ParNew: 210846K->1205K(235968K), 0.0075620 secs] 1281163K->1071577K(1546688K), 0.0077910 secs] [Times: user=0.03 sys=0.00, real=0.01 secs] 
142516.280: [GC 142516.280: [ParNew: 210997K->711K(235968K), 0.0146740 secs] 1281369K->1071137K(1546688K), 0.0148720 secs] [Times: user=0.03 sys=0.00, real=0.01 secs] 
142529.694: [GC 142529.695: [ParNew: 210487K->1085K(235968K), 0.0107580 secs] 1280912K->1071554K(1546688K), 0.0110690 secs] [Times: user=0.03 sys=0.01, real=0.02 secs] 
142540.459: [GC 142540.460: [ParNew: 210877K->912K(235968K), 0.0079820 secs] 1281346K->1071451K(1546688K), 0.0082670 secs] [Times: user=0.05 sys=0.00, real=0.01 secs] 
142546.073: [GC 142546.074: [ParNew: 210686K->820K(235968K), 0.0056260 secs] 1281224K->1071415K(1546688K), 0.0059110 secs] [Times: user=0.03 sys=0.01, real=0.00 secs] 
142570.202: [GC 142570.202: [ParNew: 210612K->956K(235968K), 0.0053300 secs] 1281207K->1071606K(1546688K), 0.0056220 secs] [Times: user=0.04 sys=0.00, real=0.00 secs] 
142576.270: [GC 142576.270: [ParNew: 210748K->695K(235968K), 0.0084420 secs] 1281398K->1071398K(1546688K), 0.0087170 secs] [Times: user=0.04 sys=0.00, real=0.01 secs] 
142589.707: [GC 142589.708: [ParNew: 210487K->1126K(235968K), 0.0069280 secs] 1281190K->1071880K(1546688K), 0.0072150 secs] [Times: user=0.04 sys=0.00, real=0.00 secs] 
142600.484: [GC 142600.484: [ParNew: 210918K->1224K(235968K), 0.0071440 secs] 1281672K->1072035K(1546688K), 0.0073860 secs] [Times: user=0.04 sys=0.00, real=0.00 secs] 
142606.098: [GC 142606.099: [ParNew: 211016K->818K(235968K), 0.0065240 secs] 1281827K->1071695K(1546688K), 0.0068560 secs] [Times: user=0.03 sys=0.00, real=0.01 secs] 
142631.887: [GC 142631.887: [ParNew: 210610K->861K(235968K), 0.0262190 secs] 1281487K->1071781K(1546688K), 0.0265330 secs] [Times: user=0.05 sys=0.00, real=0.03 secs] 
142638.461: [GC 142638.461: [ParNew: 210577K->805K(235968K), 0.0101670 secs] 1281497K->1071842K(1546688K), 0.0104100 secs] [Times: user=0.03 sys=0.01, real=0.01 secs] 
142656.828: [GC 142656.828: [ParNew: 210597K->566K(235968K), 0.0220250 secs] 1281634K->1071652K(1546688K), 0.0223640 secs] [Times: user=0.03 sys=0.00, real=0.02 secs] 
142661.358: [GC 142661.358: [ParNew: 210338K->841K(235968K), 0.0097940 secs] 1281424K->1071970K(1546688K), 0.0100720 secs] [Times: user=0.03 sys=0.00, real=0.01 secs] 
142676.708: [GC 142676.708: [ParNew: 210611K->797K(235968K), 0.0084350 secs] 1281741K->1071982K(1546688K), 0.0086990 secs] [Times: user=0.04 sys=0.00, real=0.01 secs] 
142691.921: [GC 142691.921: [ParNew: 210582K->741K(235968K), 0.0139680 secs] 1281768K->1071980K(1546688K), 0.0142550 secs] [Times: user=0.04 sys=0.00, real=0.01 secs] 
142698.487: [GC 142698.487: [ParNew: 210533K->855K(235968K), 0.0099690 secs] 1281772K->1072143K(1546688K), 0.0102420 secs] [Times: user=0.03 sys=0.00, real=0.01 secs] 
142716.871: [GC 142716.872: [ParNew: 210595K->685K(235968K), 0.0135840 secs] 1281884K->1072035K(1546688K), 0.0139340 secs] [Times: user=0.03 sys=0.00, real=0.02 secs] 
142721.381: [GC 142721.381: [ParNew: 210477K->828K(235968K), 0.0167820 secs] 1281827K->1072238K(1546688K), 0.0169610 secs] [Times: user=0.03 sys=0.00, real=0.02 secs] 
142736.727: [GC 142736.727: [ParNew: 210620K->1008K(235968K), 0.0098670 secs] 1282030K->1072476K(1546688K), 0.0101100 secs] [Times: user=0.03 sys=0.00, real=0.01 secs] 
142751.972: [GC 142751.972: [ParNew: 210800K->628K(235968K), 0.0100130 secs] 1282268K->1072149K(1546688K), 0.0102590 secs] [Times: user=0.03 sys=0.00, real=0.01 secs] 
142760.289: [GC 142760.290: [ParNew: 210420K->671K(235968K), 0.0088050 secs] 1281941K->1072243K(1546688K), 0.0090230 secs] [Times: user=0.03 sys=0.00, real=0.01 secs] 
142777.199: [GC 142777.199: [ParNew: 210439K->962K(235968K), 0.0148520 secs] 1282011K->1072583K(1546688K), 0.0150850 secs] [Times: user=0.05 sys=0.00, real=0.01 secs] 
142781.394: [GC 142781.395: [ParNew: 210754K->501K(235968K), 0.0086650 secs] 1282375K->1072285K(1546688K), 0.0088830 secs] [Times: user=0.03 sys=0.00, real=0.01 secs] 
142796.751: [GC 142796.751: [ParNew: 210289K->761K(235968K), 0.0092300 secs] 1282073K->1072595K(1546688K), 0.0095420 secs] [Times: user=0.03 sys=0.00, real=0.01 secs] 
142812.780: [GC 142812.781: [ParNew: 210553K->888K(235968K), 0.0098040 secs] 1282387K->1072771K(1546688K), 0.0101510 secs] [Times: user=0.03 sys=0.00, real=0.01 secs] 
142827.631: [GC 142827.632: [ParNew: 210634K->805K(235968K), 0.0088070 secs] 1282516K->1072741K(1546688K), 0.0091180 secs] [Times: user=0.04 sys=0.00, real=0.01 secs] 
142837.240: [GC 142837.240: [ParNew: 210597K->408K(235968K), 0.0082630 secs] 1282533K->1072393K(1546688K), 0.0085420 secs] [Times: user=0.03 sys=0.00, real=0.01 secs] 
142843.192: [GC 142843.193: [ParNew: 210183K->698K(235968K), 0.0074420 secs] 1282168K->1072720K(1546688K), 0.0077230 secs] [Times: user=0.03 sys=0.00, real=0.01 secs] 
142862.278: [GC 142862.278: [ParNew: 210453K->608K(235968K), 0.0110680 secs] 1282474K->1072681K(1546688K), 0.0113360 secs] [Times: user=0.03 sys=0.01, real=0.01 secs] 
142872.819: [GC 142872.820: [ParNew: 210400K->812K(235968K), 0.0088560 secs] 1282473K->1072939K(1546688K), 0.0091010 secs] [Times: user=0.03 sys=0.00, real=0.01 secs] 
142889.734: [GC 142889.734: [ParNew: 210604K->694K(235968K), 0.0079390 secs] 1282731K->1072865K(1546688K), 0.0082240 secs] [Times: user=0.04 sys=0.00, real=0.01 secs] 
142899.336: [GC 142899.336: [ParNew: 210451K->955K(235968K), 0.0087000 secs] 1282622K->1073169K(1546688K), 0.0089650 secs] [Times: user=0.04 sys=0.00, real=0.01 secs] 
142906.122: [GC 142906.122: [ParNew: 210747K->1492K(235968K), 0.0064850 secs] 1282961K->1073750K(1546688K), 0.0067540 secs] [Times: user=0.04 sys=0.00, real=0.01 secs] 
142930.255: [GC 142930.255: [ParNew: 211284K->1029K(235968K), 0.0087510 secs] 1283542K->1073438K(1546688K), 0.0090380 secs] [Times: user=0.04 sys=0.00, real=0.01 secs] 
142936.341: [GC 142936.341: [ParNew: 210766K->813K(235968K), 0.0256980 secs] 1283174K->1073266K(1546688K), 0.0260830 secs] [Times: user=0.04 sys=0.00, real=0.02 secs] 
142949.770: [GC 142949.770: [ParNew: 210520K->1149K(235968K), 0.0089100 secs] 1282973K->1073646K(1546688K), 0.0091840 secs] [Times: user=0.03 sys=0.00, real=0.01 secs] 
142960.538: [GC 142960.538: [ParNew: 210941K->996K(235968K), 0.0088740 secs] 1283438K->1073549K(1546688K), 0.0091600 secs] [Times: user=0.03 sys=0.00, real=0.01 secs] 
142966.149: [GC 142966.149: [ParNew: 210758K->984K(235968K), 0.0078030 secs] 1283311K->1073588K(1546688K), 0.0080490 secs] [Times: user=0.03 sys=0.00, real=0.01 secs] 
142990.296: [GC 142990.296: [ParNew: 210738K->755K(235968K), 0.0061110 secs] 1283342K->1073422K(1546688K), 0.0064010 secs] [Times: user=0.03 sys=0.00, real=0.01 secs] 
142998.506: [GC 142998.506: [ParNew: 210547K->731K(235968K), 0.0056470 secs] 1283214K->1073452K(1546688K), 0.0059140 secs] [Times: user=0.03 sys=0.00, real=0.01 secs] 
143015.498: [GC 143015.498: [ParNew: 210523K->523K(235968K), 0.0085560 secs] 1283244K->1073293K(1546688K), 0.0088180 secs] [Times: user=0.04 sys=0.00, real=0.01 secs] 
143020.581: [GC 143020.581: [ParNew: 210315K->799K(235968K), 0.0081140 secs] 1283085K->1073612K(1546688K), 0.0083280 secs] [Times: user=0.03 sys=0.00, real=0.01 secs] 
143036.919: [GC 143036.920: [ParNew: 210591K->1393K(235968K), 0.0214330 secs] 1283404K->1074252K(1546688K), 0.0217690 secs] [Times: user=0.04 sys=0.00, real=0.02 secs] 
143051.975: [GC 143051.975: [ParNew: 211185K->1168K(235968K), 0.0195920 secs] 1284044K->1074066K(1546688K), 0.0199060 secs] [Times: user=0.04 sys=0.01, real=0.02 secs] 
143058.539: [GC 143058.539: [ParNew: 210960K->871K(235968K), 0.0062530 secs] 1283858K->1073807K(1546688K), 0.0065270 secs] [Times: user=0.04 sys=0.00, real=0.01 secs] 
143076.899: [GC 143076.899: [ParNew: 210624K->927K(235968K), 0.0219810 secs] 1283560K->1073912K(1546688K), 0.0223060 secs] [Times: user=0.04 sys=0.01, real=0.02 secs] 
143081.420: [GC 143081.421: [ParNew: 210618K->917K(235968K), 0.0086540 secs] 1283602K->1073945K(1546688K), 0.0089200 secs] [Times: user=0.04 sys=0.00, real=0.01 secs] 
143096.968: [GC 143096.968: [ParNew: 210709K->755K(235968K), 0.0144070 secs] 1283737K->1073831K(1546688K), 0.0146800 secs] [Times: user=0.04 sys=0.00, real=0.01 secs] 
143112.820: [GC 143112.820: [ParNew: 210547K->580K(235968K), 0.0123150 secs] 1283623K->1073711K(1546688K), 0.0126140 secs] [Times: user=0.03 sys=0.00, real=0.01 secs] 
143122.490: [GC 143122.490: [ParNew: 210372K->784K(235968K), 0.0107520 secs] 1283503K->1074065K(1546688K), 0.0110270 secs] [Times: user=0.04 sys=0.00, real=0.01 secs] 
143137.290: [GC 143137.290: [ParNew: 210576K->674K(235968K), 0.0173920 secs] 1283857K->1074005K(1546688K), 0.0177450 secs] [Times: user=0.04 sys=0.00, real=0.01 secs] 
143141.660: [GC 143141.660: [ParNew: 210466K->484K(235968K), 0.0058320 secs] 1283797K->1073863K(1546688K), 0.0061250 secs] [Times: user=0.03 sys=0.00, real=0.00 secs] 
143162.298: [GC 143162.298: [ParNew: 210207K->966K(235968K), 0.0061460 secs] 1283586K->1074390K(1546688K), 0.0064400 secs] [Times: user=0.03 sys=0.01, real=0.00 secs] 
143172.856: [GC 143172.856: [ParNew: 210758K->867K(235968K), 0.0102530 secs] 1284182K->1074326K(1546688K), 0.0104450 secs] [Times: user=0.03 sys=0.00, real=0.01 secs] 
143187.730: [GC 143187.730: [ParNew: 210659K->887K(235968K), 0.0099740 secs] 1284118K->1074390K(1546688K), 0.0102550 secs] [Times: user=0.04 sys=0.00, real=0.01 secs] 
143199.363: [GC 143199.363: [ParNew: 210615K->817K(235968K), 0.0056850 secs] 1284118K->1074369K(1546688K), 0.0059540 secs] [Times: user=0.04 sys=0.00, real=0.00 secs] 
143203.246: [GC 143203.246: [ParNew: 210544K->997K(235968K), 0.0091620 secs] 1284096K->1074598K(1546688K), 0.0094410 secs] [Times: user=0.03 sys=0.00, real=0.01 secs] 
143229.664: [GC 143229.664: [ParNew: 210789K->552K(235968K), 0.0069240 secs] 1284390K->1074208K(1546688K), 0.0072510 secs] [Times: user=0.04 sys=0.00, real=0.01 secs] 
143236.410: [GC 143236.410: [ParNew: 210329K->929K(235968K), 0.0190290 secs] 1283986K->1074635K(1546688K), 0.0193510 secs] [Times: user=0.04 sys=0.01, real=0.02 secs] 
143249.810: [GC 143249.810: [ParNew: 210721K->904K(235968K), 0.0085350 secs] 1284427K->1074654K(1546688K), 0.0087950 secs] [Times: user=0.03 sys=0.00, real=0.01 secs] 
143259.411: [GC 143259.411: [ParNew: 210658K->1075K(235968K), 0.0094170 secs] 1284408K->1074868K(1546688K), 0.0097000 secs] [Times: user=0.03 sys=0.00, real=0.01 secs] 
143266.199: [GC 143266.199: [ParNew: 210867K->938K(235968K), 0.0084960 secs] 1284660K->1074835K(1546688K), 0.0087370 secs] [Times: user=0.02 sys=0.00, real=0.01 secs] 
143290.337: [GC 143290.338: [ParNew: 210730K->1090K(235968K), 0.0065940 secs] 1284627K->1075032K(1546688K), 0.0068870 secs] [Times: user=0.03 sys=0.00, real=0.00 secs] 
143296.454: [GC 143296.455: [ParNew: 210882K->671K(235968K), 0.0270230 secs] 1284824K->1074654K(1546688K), 0.0273300 secs] [Times: user=0.04 sys=0.00, real=0.02 secs] 
143309.846: [GC 143309.846: [ParNew: 210463K->710K(235968K), 0.0120290 secs] 1284446K->1074740K(1546688K), 0.0123120 secs] [Times: user=0.03 sys=0.00, real=0.01 secs] 
143320.614: [GC 143320.615: [ParNew: 210472K->979K(235968K), 0.0084100 secs] 1284503K->1075066K(1546688K), 0.0086930 secs] [Times: user=0.03 sys=0.00, real=0.01 secs] 
143326.215: [GC 143326.216: [ParNew: 210728K->804K(235968K), 0.0112770 secs] 1284815K->1074940K(1546688K), 0.0114770 secs] [Times: user=0.03 sys=0.00, real=0.01 secs] 
143350.355: [GC 143350.355: [ParNew: 210584K->968K(235968K), 0.0074720 secs] 1284720K->1075158K(1546688K), 0.0077180 secs] [Times: user=0.03 sys=0.00, real=0.01 secs] 
143356.463: [GC 143356.463: [ParNew: 210760K->1010K(235968K), 0.0185090 secs] 1284950K->1075369K(1546688K), 0.0188750 secs] [Times: user=0.04 sys=0.00, real=0.02 secs] 
143369.877: [GC 143369.877: [ParNew: 210755K->1171K(235968K), 0.0150650 secs] 1285114K->1075579K(1546688K), 0.0153270 secs] [Times: user=0.03 sys=0.00, real=0.01 secs] 
143380.629: [GC 143380.630: [ParNew: 210963K->1321K(235968K), 0.0073870 secs] 1285371K->1075780K(1546688K), 0.0076300 secs] [Times: user=0.04 sys=0.00, real=0.01 secs] 
143390.534: [GC 143390.535: [ParNew: 211113K->763K(235968K), 0.0085040 secs] 1285572K->1075316K(1546688K), 0.0089450 secs] [Times: user=0.04 sys=0.00, real=0.01 secs] 
143410.365: [GC 143410.365: [ParNew: 210545K->1202K(235968K), 0.0058660 secs] 1285098K->1075809K(1546688K), 0.0061710 secs] [Times: user=0.03 sys=0.00, real=0.01 secs] 
143416.486: [GC 143416.486: [ParNew: 210980K->1028K(235968K), 0.0182510 secs] 1285587K->1075769K(1546688K), 0.0185650 secs] [Times: user=0.04 sys=0.00, real=0.01 secs] 
143429.883: [GC 143429.884: [ParNew: 210820K->1068K(235968K), 0.0154800 secs] 1285561K->1075873K(1546688K), 0.0157270 secs] [Times: user=0.03 sys=0.00, real=0.01 secs] 
143440.637: [GC 143440.637: [ParNew: 210860K->1037K(235968K), 0.0089690 secs] 1285665K->1075886K(1546688K), 0.0092710 secs] [Times: user=0.03 sys=0.00, real=0.01 secs] 
143446.256: [GC 143446.256: [ParNew: 210829K->1080K(235968K), 0.0071910 secs] 1285678K->1076174K(1546688K), 0.0074870 secs] [Times: user=0.04 sys=0.01, real=0.01 secs] 
143472.041: [GC 143472.041: [ParNew: 210860K->1126K(235968K), 0.0111280 secs] 1285954K->1076277K(1546688K), 0.0113600 secs] [Times: user=0.03 sys=0.00, real=0.01 secs] 
143478.600: [GC 143478.600: [ParNew: 210918K->1053K(235968K), 0.0082170 secs] 1286069K->1076254K(1546688K), 0.0084380 secs] [Times: user=0.03 sys=0.00, real=0.01 secs] 
143496.936: [GC 143496.936: [ParNew: 210845K->803K(235968K), 0.0064430 secs] 1286046K->1076049K(1546688K), 0.0066680 secs] [Times: user=0.04 sys=0.00, real=0.00 secs] 
143500.683: [GC 143500.683: [ParNew: 210594K->806K(235968K), 0.0067830 secs] 1285840K->1076096K(1546688K), 0.0070010 secs] [Times: user=0.03 sys=0.00, real=0.00 secs] 
143517.060: [GC 143517.061: [ParNew: 210598K->720K(235968K), 0.0162220 secs] 1285888K->1076166K(1546688K), 0.0164940 secs] [Times: user=0.04 sys=0.00, real=0.01 secs] 
143532.083: [GC 143532.083: [ParNew: 210484K->717K(235968K), 0.0103570 secs] 1285930K->1076211K(1546688K), 0.0106200 secs] [Times: user=0.03 sys=0.00, real=0.01 secs] 
143538.630: [GC 143538.630: [ParNew: 210509K->930K(235968K), 0.0061480 secs] 1286003K->1076473K(1546688K), 0.0064200 secs] [Times: user=0.03 sys=0.00, real=0.01 secs] 
143556.970: [GC 143556.970: [ParNew: 210722K->914K(235968K), 0.0201690 secs] 1286265K->1076506K(1546688K), 0.0204560 secs] [Times: user=0.05 sys=0.00, real=0.02 secs] 
143561.492: [GC 143561.492: [ParNew: 210706K->750K(235968K), 0.0082820 secs] 1286298K->1076401K(1546688K), 0.0085640 secs] [Times: user=0.04 sys=0.00, real=0.01 secs] 
143577.090: [GC 143577.091: [ParNew: 210542K->696K(235968K), 0.0126420 secs] 1286193K->1076396K(1546688K), 0.0129740 secs] [Times: user=0.03 sys=0.00, real=0.01 secs] 
143592.106: [GC 143592.106: [ParNew: 210488K->628K(235968K), 0.0092790 secs] 1286188K->1076382K(1546688K), 0.0095900 secs] [Times: user=0.03 sys=0.00, real=0.01 secs] 
143607.788: [GC 143607.788: [ParNew: 210420K->813K(235968K), 0.0201720 secs] 1286174K->1076616K(1546688K), 0.0205140 secs] [Times: user=0.04 sys=0.00, real=0.02 secs] 
143617.342: [GC 143617.342: [ParNew: 210506K->1206K(235968K), 0.0090740 secs] 1286309K->1077058K(1546688K), 0.0092700 secs] [Times: user=0.03 sys=0.00, real=0.01 secs] 
143623.279: [GC 143623.279: [ParNew: 210998K->822K(235968K), 0.0085350 secs] 1286850K->1076727K(1546688K), 0.0087660 secs] [Times: user=0.03 sys=0.00, real=0.01 secs] 
143642.363: [GC 143642.364: [ParNew: 210614K->1041K(235968K), 0.0073450 secs] 1286519K->1076989K(1546688K), 0.0075380 secs] [Times: user=0.04 sys=0.00, real=0.01 secs] 
143652.961: [GC 143652.961: [ParNew: 210785K->919K(235968K), 0.0055130 secs] 1286733K->1076909K(1546688K), 0.0058280 secs] [Times: user=0.04 sys=0.00, real=0.00 secs] 
143667.843: [GC 143667.843: [ParNew: 210711K->821K(235968K), 0.0061330 secs] 1286701K->1076854K(1546688K), 0.0064170 secs] [Times: user=0.04 sys=0.00, real=0.01 secs] 
143679.462: [GC 143679.462: [ParNew: 210613K->1405K(235968K), 0.0074080 secs] 1286646K->1077494K(1546688K), 0.0076200 secs] [Times: user=0.04 sys=0.00, real=0.01 secs] 
143683.318: [GC 143683.319: [ParNew: 211197K->1009K(235968K), 0.0070480 secs] 1287286K->1077148K(1546688K), 0.0072850 secs] [Times: user=0.03 sys=0.00, real=0.01 secs] 
143710.392: [GC 143710.392: [ParNew: 210801K->731K(235968K), 0.0066030 secs] 1286940K->1076924K(1546688K), 0.0068880 secs] [Times: user=0.03 sys=0.01, real=0.00 secs] 
143716.507: [GC 143716.507: [ParNew: 210469K->855K(235968K), 0.0208360 secs] 1286662K->1077101K(1546688K), 0.0211960 secs] [Times: user=0.04 sys=0.00, real=0.02 secs] 
143729.925: [GC 143729.925: [ParNew: 210530K->690K(235968K), 0.0079200 secs] 1286777K->1076989K(1546688K), 0.0081990 secs] [Times: user=0.03 sys=0.00, real=0.01 secs] 
143739.487: [GC 143739.487: [ParNew: 210482K->715K(235968K), 0.0089390 secs] 1286781K->1077057K(1546688K), 0.0092800 secs] [Times: user=0.04 sys=0.00, real=0.01 secs] 
143746.282: [GC 143746.283: [ParNew: 210481K->914K(235968K), 0.0078340 secs] 1286823K->1077323K(1546688K), 0.0081350 secs] [Times: user=0.03 sys=0.00, real=0.01 secs] 
143770.409: [GC 143770.409: [ParNew: 210621K->1220K(235968K), 0.0066950 secs] 1287029K->1077685K(1546688K), 0.0069910 secs] [Times: user=0.04 sys=0.00, real=0.01 secs] 
143776.528: [GC 143776.528: [ParNew: 211012K->926K(235968K), 0.0152470 secs] 1287477K->1077446K(1546688K), 0.0155530 secs] [Times: user=0.04 sys=0.00, real=0.02 secs] 
143790.040: [GC 143790.040: [ParNew: 210718K->697K(235968K), 0.0121430 secs] 1287238K->1077358K(1546688K), 0.0123850 secs] [Times: user=0.03 sys=0.00, real=0.01 secs] 
143799.510: [GC 143799.510: [ParNew: 210489K->952K(235968K), 0.0085270 secs] 1287150K->1077668K(1546688K), 0.0088310 secs] [Times: user=0.04 sys=0.00, real=0.01 secs] 
143806.302: [GC 143806.302: [ParNew: 210744K->877K(235968K), 0.0105830 secs] 1287460K->1077637K(1546688K), 0.0108760 secs] [Times: user=0.03 sys=0.00, real=0.01 secs] 
143830.444: [GC 143830.444: [ParNew: 210669K->703K(235968K), 0.0093700 secs] 1287429K->1077507K(1546688K), 0.0096190 secs] [Times: user=0.04 sys=0.00, real=0.01 secs] 
143836.586: [GC 143836.587: [ParNew: 210495K->750K(235968K), 0.0127240 secs] 1287299K->1077603K(1546688K), 0.0130120 secs] [Times: user=0.03 sys=0.00, real=0.02 secs] 
143850.071: [GC 143850.071: [ParNew: 210509K->1121K(235968K), 0.0081710 secs] 1287361K->1078017K(1546688K), 0.0084370 secs] [Times: user=0.04 sys=0.00, real=0.01 secs] 
143860.702: [GC 143860.702: [ParNew: 210898K->1173K(235968K), 0.0098050 secs] 1287795K->1078131K(1546688K), 0.0101060 secs] [Times: user=0.03 sys=0.01, real=0.01 secs] 
143866.453: [GC 143866.453: [ParNew: 210965K->781K(235968K), 0.0066850 secs] 1287923K->1077788K(1546688K), 0.0069520 secs] [Times: user=0.04 sys=0.00, real=0.01 secs] 
143890.472: [GC 143890.472: [ParNew: 210573K->1019K(235968K), 0.0072400 secs] 1287580K->1078080K(1546688K), 0.0075270 secs] [Times: user=0.03 sys=0.00, real=0.00 secs] 
143898.206: [GC 143898.206: [ParNew: 210811K->1191K(235968K), 0.0081990 secs] 1287872K->1078306K(1546688K), 0.0084600 secs] [Times: user=0.04 sys=0.00, real=0.01 secs] 
143916.987: [GC 143916.988: [ParNew: 210983K->1207K(235968K), 0.0109160 secs] 1288098K->1078372K(1546688K), 0.0112220 secs] [Times: user=0.03 sys=0.00, real=0.01 secs] 
143920.746: [GC 143920.746: [ParNew: 210943K->973K(235968K), 0.0076450 secs] 1288108K->1078182K(1546688K), 0.0079270 secs] [Times: user=0.03 sys=0.00, real=0.01 secs] 
143937.154: [GC 143937.155: [ParNew: 210726K->1275K(235968K), 0.0106770 secs] 1287935K->1078533K(1546688K), 0.0110760 secs] [Times: user=0.04 sys=0.00, real=0.01 secs] 
143952.148: [GC 143952.149: [ParNew: 211067K->791K(235968K), 0.0061720 secs] 1288325K->1078095K(1546688K), 0.0063970 secs] [Times: user=0.03 sys=0.00, real=0.01 secs] 
143958.700: [GC 143958.700: [ParNew: 210561K->927K(235968K), 0.0073600 secs] 1287864K->1078294K(1546688K), 0.0076160 secs] [Times: user=0.03 sys=0.00, real=0.01 secs] 
143977.011: [GC 143977.011: [ParNew: 210719K->948K(235968K), 0.0089430 secs] 1288086K->1078365K(1546688K), 0.0091600 secs] [Times: user=0.04 sys=0.00, real=0.01 secs] 
143980.769: [GC 143980.769: [ParNew: 210740K->709K(235968K), 0.0077690 secs] 1288157K->1078187K(1546688K), 0.0079720 secs] [Times: user=0.03 sys=0.00, real=0.01 secs] 
143997.160: [GC 143997.160: [ParNew: 210501K->906K(235968K), 0.0204380 secs] 1287979K->1078434K(1546688K), 0.0208260 secs] [Times: user=0.05 sys=0.01, real=0.02 secs] 
144012.163: [GC 144012.163: [ParNew: 210672K->827K(235968K), 0.0081810 secs] 1288199K->1078409K(1546688K), 0.0084260 secs] [Times: user=0.03 sys=0.00, real=0.00 secs] 
144018.703: [GC 144018.703: [ParNew: 210536K->903K(235968K), 0.0101970 secs] 1288118K->1078535K(1546688K), 0.0103980 secs] [Times: user=0.03 sys=0.00, real=0.01 secs] 
144037.012: [GC 144037.012: [ParNew: 210679K->1012K(235968K), 0.0059300 secs] 1288310K->1078693K(1546688K), 0.0062300 secs] [Times: user=0.04 sys=0.00, real=0.01 secs] 
144041.540: [GC 144041.540: [ParNew: 210804K->481K(235968K), 0.0083060 secs] 1288485K->1078217K(1546688K), 0.0086250 secs] [Times: user=0.03 sys=0.01, real=0.01 secs] 
144057.210: [GC 144057.210: [ParNew: 210273K->785K(235968K), 0.0082370 secs] 1288009K->1078574K(1546688K), 0.0085180 secs] [Times: user=0.04 sys=0.00, real=0.01 secs] 
144072.200: [GC 144072.200: [ParNew: 210577K->724K(235968K), 0.0060040 secs] 1288366K->1078569K(1546688K), 0.0063140 secs] [Times: user=0.04 sys=0.00, real=0.01 secs] 
144078.741: [GC 144078.741: [ParNew: 210467K->729K(235968K), 0.0063130 secs] 1288312K->1078623K(1546688K), 0.0065900 secs] [Times: user=0.03 sys=0.00, real=0.01 secs] 
144097.400: [GC 144097.400: [ParNew: 210521K->826K(235968K), 0.0053820 secs] 1288415K->1078756K(1546688K), 0.0056780 secs] [Times: user=0.04 sys=0.00, real=0.00 secs] 
144101.577: [GC 144101.577: [ParNew: 210617K->964K(235968K), 0.0079640 secs] 1288548K->1078944K(1546688K), 0.0082450 secs] [Times: user=0.03 sys=0.00, real=0.01 secs] 
144122.411: [GC 144122.411: [ParNew: 210756K->714K(235968K), 0.0071580 secs] 1288736K->1078742K(1546688K), 0.0074670 secs] [Times: user=0.04 sys=0.00, real=0.01 secs] 
144133.025: [GC 144133.025: [ParNew: 210506K->1486K(235968K), 0.0052430 secs] 1288534K->1079563K(1546688K), 0.0055250 secs] [Times: user=0.04 sys=0.00, real=0.00 secs] 
144147.917: [GC 144147.918: [ParNew: 211232K->1349K(235968K), 0.0175360 secs] 1289309K->1079477K(1546688K), 0.0178720 secs] [Times: user=0.03 sys=0.01, real=0.02 secs] 
144157.432: [GC 144157.432: [ParNew: 211141K->904K(235968K), 0.0075860 secs] 1289269K->1079081K(1546688K), 0.0078730 secs] [Times: user=0.03 sys=0.01, real=0.01 secs] 
144163.367: [GC 144163.368: [ParNew: 210696K->732K(235968K), 0.0079270 secs] 1288873K->1079061K(1546688K), 0.0081400 secs] [Times: user=0.04 sys=0.00, real=0.01 secs] 
144182.441: [GC 144182.441: [ParNew: 210518K->1070K(235968K), 0.0087170 secs] 1288847K->1079459K(1546688K), 0.0090230 secs] [Times: user=0.04 sys=0.00, real=0.01 secs] 
144193.058: [GC 144193.059: [ParNew: 210846K->971K(235968K), 0.0088400 secs] 1289235K->1079414K(1546688K), 0.0091410 secs] [Times: user=0.03 sys=0.00, real=0.01 secs] 
144207.980: [GC 144207.980: [ParNew: 210749K->715K(235968K), 0.0353130 secs] 1289192K->1079201K(1546688K), 0.0356310 secs] [Times: user=0.05 sys=0.00, real=0.04 secs] 
144219.567: [GC 144219.568: [ParNew: 210507K->1021K(235968K), 0.0077730 secs] 1288993K->1079552K(1546688K), 0.0080620 secs] [Times: user=0.04 sys=0.00, real=0.01 secs] 
144226.494: [GC 144226.494: [ParNew: 210813K->605K(235968K), 0.0157600 secs] 1289344K->1079330K(1546688K), 0.0159530 secs] [Times: user=0.04 sys=0.00, real=0.02 secs] 
144250.499: [GC 144250.499: [ParNew: 210397K->961K(235968K), 0.0086390 secs] 1289121K->1079735K(1546688K), 0.0089330 secs] [Times: user=0.04 sys=0.00, real=0.01 secs] 
144256.656: [GC 144256.657: [ParNew: 210753K->893K(235968K), 0.0131520 secs] 1289526K->1079716K(1546688K), 0.0133840 secs] [Times: user=0.03 sys=0.00, real=0.01 secs] 
144270.129: [GC 144270.129: [ParNew: 210647K->905K(235968K), 0.0080180 secs] 1289470K->1079785K(1546688K), 0.0082310 secs] [Times: user=0.03 sys=0.00, real=0.01 secs] 
144279.594: [GC 144279.594: [ParNew: 210697K->533K(235968K), 0.0090460 secs] 1289577K->1079461K(1546688K), 0.0092330 secs] [Times: user=0.03 sys=0.01, real=0.01 secs] 
144286.516: [GC 144286.517: [ParNew: 210325K->925K(235968K), 0.0088240 secs] 1289253K->1079895K(1546688K), 0.0090320 secs] [Times: user=0.04 sys=0.01, real=0.01 secs] 
144310.513: [GC 144310.513: [ParNew: 210717K->1022K(235968K), 0.0125610 secs] 1289687K->1080057K(1546688K), 0.0128120 secs] [Times: user=0.04 sys=0.00, real=0.02 secs] 
144316.668: [GC 144316.668: [ParNew: 210814K->1293K(235968K), 0.0096730 secs] 1289849K->1080377K(1546688K), 0.0099760 secs] [Times: user=0.04 sys=0.00, real=0.01 secs] 
144330.147: [GC 144330.147: [ParNew: 211085K->1413K(235968K), 0.0081490 secs] 1290169K->1080547K(1546688K), 0.0084120 secs] [Times: user=0.03 sys=0.00, real=0.01 secs] 
144339.605: [GC 144339.606: [ParNew: 211205K->1180K(235968K), 0.0079540 secs] 1290339K->1080375K(1546688K), 0.0082530 secs] [Times: user=0.04 sys=0.00, real=0.01 secs] 
144346.529: [GC 144346.529: [ParNew: 210899K->992K(235968K), 0.0091990 secs] 1290095K->1080271K(1546688K), 0.0094460 secs] [Times: user=0.04 sys=0.00, real=0.01 secs] 
144370.541: [GC 144370.542: [ParNew: 210784K->939K(235968K), 0.0083250 secs] 1290063K->1080273K(1546688K), 0.0085640 secs] [Times: user=0.03 sys=0.00, real=0.01 secs] 
144376.824: [GC 144376.825: [ParNew: 210696K->1008K(235968K), 0.0264290 secs] 1290031K->1080410K(1546688K), 0.0267720 secs] [Times: user=0.06 sys=0.00, real=0.03 secs] 
144390.170: [GC 144390.170: [ParNew: 210800K->702K(235968K), 0.0115110 secs] 1290202K->1080158K(1546688K), 0.0117870 secs] [Times: user=0.04 sys=0.00, real=0.01 secs] 
144400.807: [GC 144400.807: [ParNew: 210494K->931K(235968K), 0.0088210 secs] 1289950K->1080443K(1546688K), 0.0091280 secs] [Times: user=0.04 sys=0.00, real=0.01 secs] 
144406.564: [GC 144406.564: [ParNew: 210723K->889K(235968K), 0.0283900 secs] 1290235K->1080555K(1546688K), 0.0287020 secs] [Times: user=0.04 sys=0.00, real=0.03 secs] 
144430.572: [GC 144430.572: [ParNew: 210681K->690K(235968K), 0.0097440 secs] 1290347K->1080410K(1546688K), 0.0099490 secs] [Times: user=0.03 sys=0.00, real=0.01 secs] 
144436.842: [GC 144436.842: [ParNew: 210482K->598K(235968K), 0.0203770 secs] 1290202K->1080371K(1546688K), 0.0206680 secs] [Times: user=0.04 sys=0.00, real=0.02 secs] 
144457.055: [GC 144457.055: [ParNew: 210390K->982K(235968K), 0.0072530 secs] 1290163K->1080822K(1546688K), 0.0074970 secs] [Times: user=0.03 sys=0.00, real=0.01 secs] 
144460.841: [GC 144460.841: [ParNew: 210774K->1111K(235968K), 0.0090340 secs] 1290614K->1080995K(1546688K), 0.0092810 secs] [Times: user=0.03 sys=0.00, real=0.01 secs] 
144477.287: [GC 144477.287: [ParNew: 210903K->1332K(235968K), 0.0139970 secs] 1290787K->1081260K(1546688K), 0.0142650 secs] [Times: user=0.04 sys=0.00, real=0.02 secs] 
144492.268: [GC 144492.268: [ParNew: 211124K->1028K(235968K), 0.0065590 secs] 1291052K->1080996K(1546688K), 0.0068440 secs] [Times: user=0.03 sys=0.01, real=0.00 secs] 
144498.805: [GC 144498.805: [ParNew: 210820K->730K(235968K), 0.0103190 secs] 1290788K->1080747K(1546688K), 0.0105150 secs] [Times: user=0.03 sys=0.00, real=0.01 secs] 
144517.445: [GC 144517.445: [ParNew: 210522K->614K(235968K), 0.0062590 secs] 1290539K->1080795K(1546688K), 0.0065550 secs] [Times: user=0.04 sys=0.00, real=0.00 secs] 
144521.622: [GC 144521.622: [ParNew: 210406K->609K(235968K), 0.0102370 secs] 1290587K->1080839K(1546688K), 0.0104290 secs] [Times: user=0.03 sys=0.00, real=0.01 secs] 
144537.313: [GC 144537.313: [ParNew: 210362K->928K(235968K), 0.0101940 secs] 1290591K->1081207K(1546688K), 0.0104780 secs] [Times: user=0.03 sys=0.00, real=0.01 secs] 
144552.294: [GC 144552.294: [ParNew: 210720K->1020K(235968K), 0.0060940 secs] 1290999K->1081354K(1546688K), 0.0063490 secs] [Times: user=0.03 sys=0.00, real=0.01 secs] 
144558.821: [GC 144558.821: [ParNew: 210812K->735K(235968K), 0.0061240 secs] 1291146K->1081119K(1546688K), 0.0063880 secs] [Times: user=0.03 sys=0.00, real=0.01 secs] 
144577.106: [GC 144577.106: [ParNew: 210497K->784K(235968K), 0.0292520 secs] 1290882K->1081229K(1546688K), 0.0295950 secs] [Times: user=0.04 sys=0.00, real=0.03 secs] 
144581.627: [GC 144581.627: [ParNew: 210576K->938K(235968K), 0.0084390 secs] 1291021K->1081435K(1546688K), 0.0087300 secs] [Times: user=0.03 sys=0.00, real=0.01 secs] 
144597.350: [GC 144597.350: [ParNew: 210730K->783K(235968K), 0.0104830 secs] 1291227K->1081330K(1546688K), 0.0108220 secs] [Times: user=0.04 sys=0.00, real=0.02 secs] 
144612.285: [GC 144612.286: [ParNew: 210575K->941K(235968K), 0.0127160 secs] 1291122K->1081545K(1546688K), 0.0129170 secs] [Times: user=0.03 sys=0.00, real=0.02 secs] 
144618.823: [GC 144618.823: [ParNew: 210715K->986K(235968K), 0.0072280 secs] 1291319K->1081639K(1546688K), 0.0075200 secs] [Times: user=0.03 sys=0.00, real=0.01 secs] 
144637.108: [GC 144637.108: [ParNew: 210667K->1144K(235968K), 0.0123250 secs] 1291320K->1081859K(1546688K), 0.0125760 secs] [Times: user=0.04 sys=0.00, real=0.01 secs] 
144641.628: [GC 144641.628: [ParNew: 210936K->830K(235968K), 0.0072360 secs] 1291651K->1081605K(1546688K), 0.0074620 secs] [Times: user=0.03 sys=0.00, real=0.01 secs] 
144657.353: [GC 144657.354: [ParNew: 210590K->969K(235968K), 0.0121260 secs] 1291366K->1081910K(1546688K), 0.0123680 secs] [Times: user=0.03 sys=0.00, real=0.01 secs] 
144672.327: [GC 144672.328: [ParNew: 210742K->734K(235968K), 0.0086790 secs] 1291683K->1081729K(1546688K), 0.0089080 secs] [Times: user=0.04 sys=0.00, real=0.01 secs] 
144688.028: [GC 144688.028: [ParNew: 210526K->703K(235968K), 0.0238130 secs] 1291521K->1081749K(1546688K), 0.0241260 secs] [Times: user=0.03 sys=0.00, real=0.02 secs] 
144697.111: [GC 144697.111: [ParNew: 210444K->1001K(235968K), 0.0078960 secs] 1291490K->1082108K(1546688K), 0.0081330 secs] [Times: user=0.03 sys=0.01, real=0.01 secs] 
144701.633: [GC 144701.633: [ParNew: 210756K->1014K(235968K), 0.0063480 secs] 1291864K->1082171K(1546688K), 0.0065750 secs] [Times: user=0.03 sys=0.00, real=0.01 secs] 
144717.350: [GC 144717.350: [ParNew: 210795K->1198K(235968K), 0.0120200 secs] 1291952K->1082404K(1546688K), 0.0123370 secs] [Times: user=0.05 sys=0.00, real=0.02 secs] 
144732.321: [GC 144732.321: [ParNew: 210924K->1286K(235968K), 0.0098140 secs] 1292130K->1082551K(1546688K), 0.0101050 secs] [Times: user=0.04 sys=0.00, real=0.01 secs] 
144738.852: [GC 144738.852: [ParNew: 211078K->824K(235968K), 0.0120550 secs] 1292343K->1082254K(1546688K), 0.0122690 secs] [Times: user=0.03 sys=0.00, real=0.01 secs] 
144757.486: [GC 144757.486: [ParNew: 210616K->779K(235968K), 0.0078310 secs] 1292046K->1082373K(1546688K), 0.0080570 secs] [Times: user=0.04 sys=0.00, real=0.00 secs] 
144761.669: [GC 144761.669: [ParNew: 210446K->839K(235968K), 0.0112430 secs] 1292040K->1082482K(1546688K), 0.0114560 secs] [Times: user=0.04 sys=0.01, real=0.01 secs] 
144778.450: [GC 144778.450: [ParNew: 210594K->664K(235968K), 0.0058420 secs] 1292236K->1082359K(1546688K), 0.0061070 secs] [Times: user=0.04 sys=0.00, real=0.01 secs] 
144793.140: [GC 144793.140: [ParNew: 210332K->1578K(235968K), 0.0096230 secs] 1292027K->1083322K(1546688K), 0.0099260 secs] [Times: user=0.03 sys=0.00, real=0.01 secs] 
144808.071: [GC 144808.071: [ParNew: 211370K->1101K(235968K), 0.0090170 secs] 1293114K->1082895K(1546688K), 0.0093540 secs] [Times: user=0.04 sys=0.00, real=0.01 secs] 
144817.519: [GC 144817.519: [ParNew: 210848K->882K(235968K), 0.0096880 secs] 1292643K->1082725K(1546688K), 0.0099350 secs] [Times: user=0.03 sys=0.00, real=0.01 secs] 
144823.455: [GC 144823.455: [ParNew: 210674K->899K(235968K), 0.0076940 secs] 1292517K->1082784K(1546688K), 0.0079010 secs] [Times: user=0.03 sys=0.00, real=0.00 secs] 
144842.529: [GC 144842.530: [ParNew: 210691K->1714K(235968K), 0.0089150 secs] 1292576K->1083650K(1546688K), 0.0092070 secs] [Times: user=0.04 sys=0.00, real=0.01 secs] 
144853.175: [GC 144853.175: [ParNew: 211408K->1425K(235968K), 0.0220500 secs] 1293345K->1083415K(1546688K), 0.0223560 secs] [Times: user=0.07 sys=0.01, real=0.02 secs] 
144868.107: [GC 144868.107: [ParNew: 211217K->1666K(235968K), 0.0155020 secs] 1293207K->1083701K(1546688K), 0.0158040 secs] [Times: user=0.07 sys=0.01, real=0.02 secs] 
144879.696: [GC 144879.696: [ParNew: 211458K->1565K(235968K), 0.0108170 secs] 1293493K->1083650K(1546688K), 0.0111080 secs] [Times: user=0.04 sys=0.00, real=0.01 secs] 
144885.935: [GC 144885.935: [ParNew: 211357K->1107K(235968K), 0.0406310 secs] 1293442K->1083810K(1546688K), 0.0409000 secs] [Times: user=0.08 sys=0.00, real=0.04 secs] 
144902.551: [GC 144902.551: [ParNew: 210884K->1046K(235968K), 0.0116340 secs] 1293587K->1083803K(1546688K), 0.0118320 secs] [Times: user=0.04 sys=0.00, real=0.02 secs] 
144916.886: [GC 144916.887: [ParNew: 210838K->921K(235968K), 0.0069350 secs] 1293595K->1083730K(1546688K), 0.0072290 secs] [Times: user=0.03 sys=0.01, real=0.01 secs] 
144930.248: [GC 144930.248: [ParNew: 210675K->1006K(235968K), 0.0057740 secs] 1293484K->1083874K(1546688K), 0.0060460 secs] [Times: user=0.04 sys=0.00, real=0.00 secs] 
144939.720: [GC 144939.720: [ParNew: 210798K->658K(235968K), 0.0059880 secs] 1293666K->1083569K(1546688K), 0.0062790 secs] [Times: user=0.04 sys=0.00, real=0.01 secs] 
144946.649: [GC 144946.649: [ParNew: 210450K->552K(235968K), 0.0432270 secs] 1293361K->1083617K(1546688K), 0.0435190 secs] [Times: user=0.07 sys=0.00, real=0.04 secs] 
144970.657: [GC 144970.657: [ParNew: 210344K->721K(235968K), 0.0136310 secs] 1293409K->1083828K(1546688K), 0.0138880 secs] [Times: user=0.04 sys=0.00, real=0.01 secs] 
144976.933: [GC 144976.933: [ParNew: 210513K->822K(235968K), 0.0271480 secs] 1293620K->1083970K(1546688K), 0.0274700 secs] [Times: user=0.03 sys=0.00, real=0.03 secs] 
144990.290: [GC 144990.291: [ParNew: 210603K->860K(235968K), 0.0100770 secs] 1293751K->1084052K(1546688K), 0.0103090 secs] [Times: user=0.03 sys=0.00, real=0.01 secs] 
145000.931: [GC 145000.932: [ParNew: 210632K->563K(235968K), 0.0084520 secs] 1293824K->1083800K(1546688K), 0.0086450 secs] [Times: user=0.03 sys=0.00, real=0.01 secs] 
145017.411: [GC 145017.412: [ParNew: 210298K->826K(235968K), 0.0272760 secs] 1293535K->1084112K(1546688K), 0.0276540 secs] [Times: user=0.05 sys=0.00, real=0.03 secs] 
145032.355: [GC 145032.355: [ParNew: 210604K->841K(235968K), 0.0070590 secs] 1293890K->1084175K(1546688K), 0.0073400 secs] [Times: user=0.04 sys=0.01, real=0.01 secs] 
145038.883: [GC 145038.883: [ParNew: 210633K->670K(235968K), 0.0101690 secs] 1293967K->1084042K(1546688K), 0.0104670 secs] [Times: user=0.03 sys=0.00, real=0.01 secs] 
145057.162: [GC 145057.162: [ParNew: 210462K->980K(235968K), 0.0072340 secs] 1293834K->1084401K(1546688K), 0.0075230 secs] [Times: user=0.04 sys=0.00, real=0.01 secs] 
145061.679: [GC 145061.679: [ParNew: 210772K->873K(235968K), 0.0080860 secs] 1294193K->1084448K(1546688K), 0.0083630 secs] [Times: user=0.04 sys=0.00, real=0.01 secs] 
145077.461: [GC 145077.461: [ParNew: 210596K->926K(235968K), 0.0173490 secs] 1294171K->1084550K(1546688K), 0.0176260 secs] [Times: user=0.05 sys=0.00, real=0.02 secs] 
145092.391: [GC 145092.391: [ParNew: 210718K->750K(235968K), 0.0089840 secs] 1294342K->1084429K(1546688K), 0.0092680 secs] [Times: user=0.04 sys=0.00, real=0.01 secs] 
145098.917: [GC 145098.917: [ParNew: 210525K->869K(235968K), 0.0179660 secs] 1294203K->1084598K(1546688K), 0.0182120 secs] [Times: user=0.04 sys=0.00, real=0.02 secs] 
145117.536: [GC 145117.536: [ParNew: 210661K->726K(235968K), 0.0082140 secs] 1294390K->1084504K(1546688K), 0.0084810 secs] [Times: user=0.03 sys=0.00, real=0.01 secs] 
145121.717: [GC 145121.717: [ParNew: 210518K->833K(235968K), 0.0064350 secs] 1294296K->1084660K(1546688K), 0.0066700 secs] [Times: user=0.04 sys=0.00, real=0.01 secs] 
145142.550: [GC 145142.550: [ParNew: 210592K->827K(235968K), 0.0066690 secs] 1294419K->1084703K(1546688K), 0.0069460 secs] [Times: user=0.03 sys=0.01, real=0.01 secs] 
145153.209: [GC 145153.209: [ParNew: 210583K->959K(235968K), 0.0140810 secs] 1294459K->1084871K(1546688K), 0.0143810 secs] [Times: user=0.05 sys=0.00, real=0.02 secs] 
145168.169: [GC 145168.169: [ParNew: 210751K->1067K(235968K), 0.0185150 secs] 1294663K->1085023K(1546688K), 0.0187820 secs] [Times: user=0.05 sys=0.00, real=0.02 secs] 
145178.676: [GC 145178.676: [ParNew: 210859K->915K(235968K), 0.0067020 secs] 1294815K->1084919K(1546688K), 0.0069210 secs] [Times: user=0.03 sys=0.00, real=0.01 secs] 
145183.497: [GC 145183.497: [ParNew: 210689K->825K(235968K), 0.0056040 secs] 1294694K->1085009K(1546688K), 0.0058850 secs] [Times: user=0.04 sys=0.00, real=0.01 secs] 
145202.582: [GC 145202.582: [ParNew: 210617K->921K(235968K), 0.0071530 secs] 1294801K->1085159K(1546688K), 0.0074250 secs] [Times: user=0.04 sys=0.01, real=0.01 secs] 
145213.242: [GC 145213.243: [ParNew: 210698K->733K(235968K), 0.0150070 secs] 1294936K->1085024K(1546688K), 0.0153120 secs] [Times: user=0.05 sys=0.00, real=0.02 secs] 
145228.196: [GC 145228.196: [ParNew: 210484K->943K(235968K), 0.0091280 secs] 1294776K->1085278K(1546688K), 0.0094180 secs] [Times: user=0.03 sys=0.00, real=0.01 secs] 
145239.765: [GC 145239.765: [ParNew: 210659K->843K(235968K), 0.0132520 secs] 1294994K->1085227K(1546688K), 0.0135100 secs] [Times: user=0.03 sys=0.00, real=0.01 secs] 
145246.701: [GC 145246.701: [ParNew: 210528K->900K(235968K), 0.0228520 secs] 1294912K->1085336K(1546688K), 0.0231440 secs] [Times: user=0.04 sys=0.00, real=0.02 secs] 
145270.687: [GC 145270.687: [ParNew: 210645K->1441K(235968K), 0.0078880 secs] 1295081K->1085926K(1546688K), 0.0081970 secs] [Times: user=0.04 sys=0.00, real=0.01 secs] 
145276.957: [GC 145276.957: [ParNew: 211233K->1020K(235968K), 0.0067650 secs] 1295718K->1085556K(1546688K), 0.0070570 secs] [Times: user=0.04 sys=0.01, real=0.01 secs] 
145290.320: [GC 145290.320: [ParNew: 210812K->1152K(235968K), 0.0071130 secs] 1295348K->1085874K(1546688K), 0.0074120 secs] [Times: user=0.03 sys=0.00, real=0.01 secs] 
145299.789: [GC 145299.789: [ParNew: 210924K->987K(235968K), 0.0069620 secs] 1295646K->1085759K(1546688K), 0.0072510 secs] [Times: user=0.03 sys=0.00, real=0.01 secs] 
145306.732: [GC 145306.732: [ParNew: 210751K->629K(235968K), 0.0126130 secs] 1295522K->1085450K(1546688K), 0.0128880 secs] [Times: user=0.03 sys=0.00, real=0.01 secs] 
145330.716: [GC 145330.716: [ParNew: 210419K->636K(235968K), 0.0118730 secs] 1295240K->1085505K(1546688K), 0.0120890 secs] [Times: user=0.03 sys=0.00, real=0.01 secs] 
145336.993: [GC 145336.993: [ParNew: 210428K->1061K(235968K), 0.0087510 secs] 1295297K->1085979K(1546688K), 0.0089500 secs] [Times: user=0.03 sys=0.00, real=0.01 secs] 
145350.367: [GC 145350.367: [ParNew: 210803K->950K(235968K), 0.0062850 secs] 1295721K->1085912K(1546688K), 0.0065460 secs] [Times: user=0.04 sys=0.00, real=0.01 secs] 
145360.998: [GC 145360.998: [ParNew: 210742K->913K(235968K), 0.0078110 secs] 1295704K->1085925K(1546688K), 0.0080920 secs] [Times: user=0.04 sys=0.00, real=0.01 secs] 
145367.454: [GC 145367.455: [ParNew: 210705K->606K(235968K), 0.0066880 secs] 1295717K->1085668K(1546688K), 0.0069660 secs] [Times: user=0.03 sys=0.00, real=0.01 secs] 
145390.743: [GC 145390.743: [ParNew: 210398K->790K(235968K), 0.0077660 secs] 1295460K->1085907K(1546688K), 0.0080620 secs] [Times: user=0.04 sys=0.00, real=0.01 secs] 
145399.042: [GC 145399.042: [ParNew: 210582K->752K(235968K), 0.0073140 secs] 1295699K->1086040K(1546688K), 0.0075680 secs] [Times: user=0.04 sys=0.00, real=0.01 secs] 
145417.182: [GC 145417.182: [ParNew: 210544K->802K(235968K), 0.0052640 secs] 1295832K->1086151K(1546688K), 0.0055700 secs] [Times: user=0.04 sys=0.00, real=0.00 secs] 
145421.019: [GC 145421.019: [ParNew: 210568K->925K(235968K), 0.0067680 secs] 1295917K->1086321K(1546688K), 0.0070400 secs] [Times: user=0.03 sys=0.00, real=0.01 secs] 
145437.527: [GC 145437.527: [ParNew: 210644K->789K(235968K), 0.0233510 secs] 1296040K->1086240K(1546688K), 0.0236750 secs] [Times: user=0.03 sys=0.00, real=0.03 secs] 
145452.561: [GC 145452.561: [ParNew: 210538K->1057K(235968K), 0.0071780 secs] 1295988K->1086552K(1546688K), 0.0074670 secs] [Times: user=0.04 sys=0.00, real=0.01 secs] 
145459.073: [GC 145459.073: [ParNew: 210802K->952K(235968K), 0.0064320 secs] 1296297K->1086502K(1546688K), 0.0067120 secs] [Times: user=0.04 sys=0.00, real=0.01 secs] 
145477.213: [GC 145477.214: [ParNew: 210744K->938K(235968K), 0.0066580 secs] 1296294K->1086538K(1546688K), 0.0069440 secs] [Times: user=0.04 sys=0.00, real=0.00 secs] 
145481.737: [GC 145481.737: [ParNew: 210730K->825K(235968K), 0.0069710 secs] 1296330K->1086467K(1546688K), 0.0071670 secs] [Times: user=0.03 sys=0.00, real=0.01 secs] 
145497.581: [GC 145497.581: [ParNew: 210594K->863K(235968K), 0.0115870 secs] 1296236K->1086554K(1546688K), 0.0118030 secs] [Times: user=0.03 sys=0.00, real=0.01 secs] 
145512.605: [GC 145512.605: [ParNew: 210635K->643K(235968K), 0.0154780 secs] 1296326K->1086388K(1546688K), 0.0157430 secs] [Times: user=0.04 sys=0.00, real=0.02 secs] 
145525.166: [GC 145525.167: [ParNew: 210435K->641K(235968K), 0.0081320 secs] 1296180K->1086438K(1546688K), 0.0083880 secs] [Times: user=0.03 sys=0.00, real=0.01 secs] 
145537.588: [GC 145537.588: [ParNew: 210406K->946K(235968K), 0.0064220 secs] 1296202K->1086791K(1546688K), 0.0067220 secs] [Times: user=0.04 sys=0.00, real=0.01 secs] 
145541.775: [GC 145541.775: [ParNew: 210695K->951K(235968K), 0.0081840 secs] 1296540K->1086845K(1546688K), 0.0083840 secs] [Times: user=0.03 sys=0.00, real=0.01 secs] 
145562.608: [GC 145562.608: [ParNew: 210743K->694K(235968K), 0.0096370 secs] 1296637K->1086742K(1546688K), 0.0098970 secs] [Times: user=0.04 sys=0.00, real=0.01 secs] 
145573.299: [GC 145573.299: [ParNew: 210486K->987K(235968K), 0.0098100 secs] 1296534K->1087078K(1546688K), 0.0102140 secs] [Times: user=0.05 sys=0.00, real=0.01 secs] 
145588.268: [GC 145588.268: [ParNew: 210779K->1123K(235968K), 0.0145750 secs] 1296870K->1087264K(1546688K), 0.0148800 secs] [Times: user=0.04 sys=0.00, real=0.01 secs] 
145598.963: [GC 145598.964: [ParNew: 210915K->734K(235968K), 0.0063120 secs] 1297056K->1086924K(1546688K), 0.0065890 secs] [Times: user=0.03 sys=0.00, real=0.00 secs] 
145603.554: [GC 145603.554: [ParNew: 210526K->996K(235968K), 0.0067950 secs] 1296716K->1087239K(1546688K), 0.0070890 secs] [Times: user=0.04 sys=0.00, real=0.00 secs] 
145622.632: [GC 145622.632: [ParNew: 210753K->907K(235968K), 0.0075770 secs] 1296996K->1087205K(1546688K), 0.0078010 secs] [Times: user=0.04 sys=0.00, real=0.01 secs] 
145633.338: [GC 145633.339: [ParNew: 210699K->1053K(235968K), 0.0069820 secs] 1296997K->1087405K(1546688K), 0.0072410 secs] [Times: user=0.03 sys=0.00, real=0.00 secs] 
145648.304: [GC 145648.304: [ParNew: 210845K->935K(235968K), 0.0088320 secs] 1297197K->1087484K(1546688K), 0.0091340 secs] [Times: user=0.03 sys=0.00, real=0.01 secs] 
145659.834: [GC 145659.834: [ParNew: 210727K->745K(235968K), 0.0081660 secs] 1297276K->1087350K(1546688K), 0.0084390 secs] [Times: user=0.04 sys=0.00, real=0.00 secs] 
145663.758: [GC 145663.759: [ParNew: 210537K->480K(235968K), 0.0115620 secs] 1297142K->1087145K(1546688K), 0.0118540 secs] [Times: user=0.02 sys=0.00, real=0.01 secs] 
145690.759: [GC 145690.759: [ParNew: 210272K->558K(235968K), 0.0085360 secs] 1296937K->1087272K(1546688K), 0.0087680 secs] [Times: user=0.04 sys=0.00, real=0.00 secs] 
145697.031: [GC 145697.031: [ParNew: 210350K->824K(235968K), 0.0066330 secs] 1297064K->1087587K(1546688K), 0.0068530 secs] [Times: user=0.04 sys=0.00, real=0.01 secs] 
145710.398: [GC 145710.398: [ParNew: 210616K->1062K(235968K), 0.0077120 secs] 1297379K->1087882K(1546688K), 0.0079510 secs] [Times: user=0.04 sys=0.00, real=0.01 secs] 
145719.979: [GC 145719.979: [ParNew: 210854K->1229K(235968K), 0.0104710 secs] 1297674K->1088093K(1546688K), 0.0107100 secs] [Times: user=0.04 sys=0.00, real=0.01 secs] 
145726.810: [GC 145726.810: [ParNew: 211021K->998K(235968K), 0.0063260 secs] 1297885K->1087906K(1546688K), 0.0066460 secs] [Times: user=0.03 sys=0.00, real=0.01 secs] 
145750.787: [GC 145750.788: [ParNew: 210790K->942K(235968K), 0.0060720 secs] 1297698K->1088005K(1546688K), 0.0063940 secs] [Times: user=0.03 sys=0.00, real=0.01 secs] 
145757.066: [GC 145757.066: [ParNew: 210734K->842K(235968K), 0.0053510 secs] 1297797K->1087949K(1546688K), 0.0057500 secs] [Times: user=0.03 sys=0.00, real=0.01 secs] 
145770.428: [GC 145770.428: [ParNew: 210629K->801K(235968K), 0.0053620 secs] 1297736K->1087951K(1546688K), 0.0056380 secs] [Times: user=0.04 sys=0.00, real=0.00 secs] 
145781.068: [GC 145781.068: [ParNew: 210576K->944K(235968K), 0.0081500 secs] 1297726K->1088150K(1546688K), 0.0084460 secs] [Times: user=0.04 sys=0.00, real=0.01 secs] 
145786.847: [GC 145786.847: [ParNew: 210729K->720K(235968K), 0.0059870 secs] 1297935K->1087976K(1546688K), 0.0062310 secs] [Times: user=0.03 sys=0.00, real=0.01 secs] 
145812.614: [GC 145812.614: [ParNew: 210512K->947K(235968K), 0.0071090 secs] 1297768K->1088256K(1546688K), 0.0073910 secs] [Times: user=0.03 sys=0.00, real=0.01 secs] 
145819.121: [GC 145819.121: [ParNew: 210739K->1168K(235968K), 0.0082350 secs] 1298048K->1088526K(1546688K), 0.0085350 secs] [Times: user=0.03 sys=0.00, real=0.01 secs] 
145837.249: [GC 145837.249: [ParNew: 210960K->930K(235968K), 0.0072240 secs] 1298318K->1088330K(1546688K), 0.0075200 secs] [Times: user=0.03 sys=0.00, real=0.01 secs] 
145841.113: [GC 145841.113: [ParNew: 210683K->1237K(235968K), 0.0068050 secs] 1298083K->1088681K(1546688K), 0.0069940 secs] [Times: user=0.03 sys=0.00, real=0.01 secs] 
145857.651: [GC 145857.651: [ParNew: 210968K->797K(235968K), 0.0124720 secs] 1298412K->1088340K(1546688K), 0.0127870 secs] [Times: user=0.05 sys=0.00, real=0.02 secs] 
145872.651: [GC 145872.651: [ParNew: 210545K->914K(235968K), 0.0078170 secs] 1298089K->1088537K(1546688K), 0.0080820 secs] [Times: user=0.04 sys=0.00, real=0.00 secs] 
145879.159: [GC 145879.159: [ParNew: 210687K->988K(235968K), 0.0074080 secs] 1298311K->1088661K(1546688K), 0.0076680 secs] [Times: user=0.03 sys=0.01, real=0.01 secs] 
145897.625: [GC 145897.625: [ParNew: 210780K->770K(235968K), 0.0099520 secs] 1298453K->1088491K(1546688K), 0.0102450 secs] [Times: user=0.04 sys=0.00, real=0.01 secs] 
145901.811: [GC 145901.811: [ParNew: 210562K->1071K(235968K), 0.0061520 secs] 1298283K->1088841K(1546688K), 0.0064230 secs] [Times: user=0.04 sys=0.00, real=0.01 secs] 
145917.700: [GC 145917.700: [ParNew: 210743K->743K(235968K), 0.0078680 secs] 1298513K->1088567K(1546688K), 0.0081750 secs] [Times: user=0.04 sys=0.00, real=0.01 secs] 
145933.351: [GC 145933.351: [ParNew: 210533K->1297K(235968K), 0.0094370 secs] 1298357K->1089172K(1546688K), 0.0097090 secs] [Times: user=0.03 sys=0.00, real=0.01 secs] 
145948.315: [GC 145948.315: [ParNew: 211089K->657K(235968K), 0.0213110 secs] 1298964K->1088592K(1546688K), 0.0215900 secs] [Times: user=0.03 sys=0.00, real=0.02 secs] 
145957.648: [GC 145957.648: [ParNew: 210449K->793K(235968K), 0.0094750 secs] 1298384K->1088777K(1546688K), 0.0097380 secs] [Times: user=0.03 sys=0.00, real=0.01 secs] 
145963.400: [GC 145963.400: [ParNew: 210585K->673K(235968K), 0.0070470 secs] 1298569K->1088727K(1546688K), 0.0072780 secs] [Times: user=0.04 sys=0.00, real=0.01 secs] 
145982.674: [GC 145982.674: [ParNew: 210465K->903K(235968K), 0.0111940 secs] 1298519K->1089109K(1546688K), 0.0115010 secs] [Times: user=0.04 sys=0.00, real=0.01 secs] 
145993.395: [GC 145993.396: [ParNew: 210695K->648K(235968K), 0.0073380 secs] 1298901K->1088895K(1546688K), 0.0076750 secs] [Times: user=0.03 sys=0.00, real=0.01 secs] 
146008.373: [GC 146008.373: [ParNew: 210389K->811K(235968K), 0.0118150 secs] 1298636K->1089102K(1546688K), 0.0121120 secs] [Times: user=0.03 sys=0.00, real=0.01 secs] 
146020.024: [GC 146020.024: [ParNew: 210603K->869K(235968K), 0.0103480 secs] 1298894K->1089198K(1546688K), 0.0106400 secs] [Times: user=0.03 sys=0.00, real=0.01 secs] 
146026.845: [GC 146026.845: [ParNew: 210661K->767K(235968K), 0.0074470 secs] 1298990K->1089144K(1546688K), 0.0077300 secs] [Times: user=0.03 sys=0.00, real=0.01 secs] 
146050.829: [GC 146050.829: [ParNew: 210559K->1297K(235968K), 0.0077690 secs] 1298936K->1089724K(1546688K), 0.0080630 secs] [Times: user=0.04 sys=0.00, real=0.01 secs] 
146057.107: [GC 146057.107: [ParNew: 211089K->1016K(235968K), 0.0072850 secs] 1299516K->1089488K(1546688K), 0.0075540 secs] [Times: user=0.03 sys=0.00, real=0.01 secs] 
146068.355: [GC 146068.355: [ParNew: 210719K->1517K(235968K), 0.0209500 secs] 1299191K->1090050K(1546688K), 0.0213010 secs] [Times: user=0.06 sys=0.00, real=0.02 secs] 
146077.300: [GC 146077.300: [ParNew: 211309K->1134K(235968K), 0.0084370 secs] 1299842K->1089717K(1546688K), 0.0087240 secs] [Times: user=0.04 sys=0.00, real=0.01 secs] 
146081.827: [GC 146081.827: [ParNew: 210865K->1213K(235968K), 0.0236490 secs] 1299447K->1089852K(1546688K), 0.0239110 secs] [Times: user=0.09 sys=0.00, real=0.02 secs] 
146097.742: [GC 146097.742: [ParNew: 211005K->926K(235968K), 0.0102130 secs] 1299644K->1089621K(1546688K), 0.0105160 secs] [Times: user=0.03 sys=0.00, real=0.01 secs] 
146113.385: [GC 146113.385: [ParNew: 210718K->938K(235968K), 0.0108420 secs] 1299413K->1089836K(1546688K), 0.0111290 secs] [Times: user=0.03 sys=0.00, real=0.01 secs] 
146128.364: [GC 146128.364: [ParNew: 210730K->988K(235968K), 0.0072030 secs] 1299628K->1089934K(1546688K), 0.0074750 secs] [Times: user=0.04 sys=0.00, real=0.01 secs] 
146137.679: [GC 146137.679: [ParNew: 210780K->959K(235968K), 0.0079260 secs] 1299726K->1089954K(1546688K), 0.0081880 secs] [Times: user=0.03 sys=0.00, real=0.00 secs] 
146143.623: [GC 146143.623: [ParNew: 210751K->447K(235968K), 0.0110330 secs] 1299746K->1089481K(1546688K), 0.0112620 secs] [Times: user=0.03 sys=0.00, real=0.01 secs] 
146162.706: [GC 146162.707: [ParNew: 210239K->1031K(235968K), 0.0086860 secs] 1299273K->1090111K(1546688K), 0.0089440 secs] [Times: user=0.03 sys=0.00, real=0.01 secs] 
146173.428: [GC 146173.428: [ParNew: 210761K->1101K(235968K), 0.0092710 secs] 1299841K->1090225K(1546688K), 0.0095480 secs] [Times: user=0.03 sys=0.00, real=0.01 secs] 
146188.433: [GC 146188.433: [ParNew: 210893K->902K(235968K), 0.0092890 secs] 1300017K->1090074K(1546688K), 0.0095940 secs] [Times: user=0.02 sys=0.00, real=0.01 secs] 
146200.047: [GC 146200.047: [ParNew: 210694K->666K(235968K), 0.0111180 secs] 1299866K->1089894K(1546688K), 0.0113340 secs] [Times: user=0.04 sys=0.00, real=0.01 secs] 
146203.640: [GC 146203.641: [ParNew: 210422K->1054K(235968K), 0.0083670 secs] 1299650K->1090331K(1546688K), 0.0085690 secs] [Times: user=0.03 sys=0.00, real=0.01 secs] 
146222.724: [GC 146222.724: [ParNew: 210823K->632K(235968K), 0.0067230 secs] 1300100K->1090077K(1546688K), 0.0070290 secs] [Times: user=0.03 sys=0.00, real=0.01 secs] 
146237.143: [GC 146237.144: [ParNew: 210424K->901K(235968K), 0.0106020 secs] 1299869K->1090401K(1546688K), 0.0108770 secs] [Times: user=0.04 sys=0.00, real=0.01 secs] 
146250.490: [GC 146250.490: [ParNew: 210693K->842K(235968K), 0.0098880 secs] 1300193K->1090389K(1546688K), 0.0101560 secs] [Times: user=0.04 sys=0.00, real=0.01 secs] 
146260.079: [GC 146260.079: [ParNew: 210576K->1062K(235968K), 0.0069560 secs] 1300123K->1090653K(1546688K), 0.0072390 secs] [Times: user=0.03 sys=0.00, real=0.01 secs] 
146266.902: [GC 146266.903: [ParNew: 210854K->1405K(235968K), 0.0087000 secs] 1300445K->1091044K(1546688K), 0.0089780 secs] [Times: user=0.04 sys=0.00, real=0.01 secs] 
146282.719: [GC 146282.719: [ParNew: 211197K->1371K(235968K), 0.0066860 secs] 1300836K->1091069K(1546688K), 0.0072690 secs] [Times: user=0.04 sys=0.00, real=0.01 secs] 
146293.444: [GC 146293.445: [ParNew: 211163K->1013K(235968K), 0.0110230 secs] 1300861K->1090765K(1546688K), 0.0112810 secs] [Times: user=0.04 sys=0.00, real=0.01 secs] 
146308.452: [GC 146308.452: [ParNew: 210801K->922K(235968K), 0.0078610 secs] 1300553K->1090731K(1546688K), 0.0081790 secs] [Times: user=0.04 sys=0.00, real=0.00 secs] 
146320.090: [GC 146320.090: [ParNew: 210714K->1322K(235968K), 0.0088140 secs] 1300523K->1091188K(1546688K), 0.0091070 secs] [Times: user=0.03 sys=0.00, real=0.00 secs] 
146323.666: [GC 146323.666: [ParNew: 211114K->982K(235968K), 0.0065190 secs] 1300980K->1090988K(1546688K), 0.0067480 secs] [Times: user=0.04 sys=0.00, real=0.01 secs] 
146350.824: [GC 146350.824: [ParNew: 210774K->784K(235968K), 0.0072820 secs] 1300780K->1090843K(1546688K), 0.0075170 secs] [Times: user=0.03 sys=0.00, real=0.01 secs] 
146357.163: [GC 146357.164: [ParNew: 210576K->1135K(235968K), 0.0069770 secs] 1300635K->1091254K(1546688K), 0.0071640 secs] [Times: user=0.04 sys=0.00, real=0.01 secs] 
146370.524: [GC 146370.524: [ParNew: 210927K->1074K(235968K), 0.0071250 secs] 1301046K->1091245K(1546688K), 0.0073930 secs] [Times: user=0.03 sys=0.00, real=0.00 secs] 
146380.117: [GC 146380.117: [ParNew: 210866K->978K(235968K), 0.0064730 secs] 1301037K->1091344K(1546688K), 0.0067570 secs] [Times: user=0.04 sys=0.00, real=0.01 secs] 
146386.941: [GC 146386.941: [ParNew: 210770K->790K(235968K), 0.0053410 secs] 1301136K->1091197K(1546688K), 0.0056190 secs] [Times: user=0.04 sys=0.00, real=0.00 secs] 
146410.908: [GC 146410.908: [ParNew: 210582K->1146K(235968K), 0.0053210 secs] 1300989K->1091595K(1546688K), 0.0056160 secs] [Times: user=0.04 sys=0.00, real=0.00 secs] 
146417.199: [GC 146417.199: [ParNew: 210938K->1132K(235968K), 0.0053580 secs] 1301387K->1091628K(1546688K), 0.0056580 secs] [Times: user=0.03 sys=0.01, real=0.01 secs] 
146430.560: [GC 146430.561: [ParNew: 210924K->850K(235968K), 0.0054590 secs] 1301420K->1091396K(1546688K), 0.0057380 secs] [Times: user=0.03 sys=0.01, real=0.01 secs] 
146441.202: [GC 146441.202: [ParNew: 210642K->828K(235968K), 0.0055350 secs] 1301188K->1091417K(1546688K), 0.0058080 secs] [Times: user=0.03 sys=0.00, real=0.00 secs] 
146454.580: [GC 146454.580: [ParNew: 210620K->541K(235968K), 0.0056630 secs] 1301209K->1091298K(1546688K), 0.0059400 secs] [Times: user=0.03 sys=0.01, real=0.00 secs] 
146472.749: [GC 146472.749: [ParNew: 210333K->783K(235968K), 0.0054050 secs] 1301090K->1091582K(1546688K), 0.0057200 secs] [Times: user=0.04 sys=0.00, real=0.00 secs] 
146479.249: [GC 146479.250: [ParNew: 210575K->870K(235968K), 0.0051490 secs] 1301374K->1091705K(1546688K), 0.0054290 secs] [Times: user=0.04 sys=0.00, real=0.01 secs] 
146497.347: [GC 146497.347: [ParNew: 210630K->822K(235968K), 0.0055020 secs] 1301466K->1091707K(1546688K), 0.0057900 secs] [Times: user=0.04 sys=0.00, real=0.01 secs] 
146501.868: [GC 146501.868: [ParNew: 210614K->670K(235968K), 0.0061360 secs] 1301499K->1091598K(1546688K), 0.0063810 secs] [Times: user=0.03 sys=0.00, real=0.01 secs] 
146517.911: [GC 146517.911: [ParNew: 210462K->1028K(235968K), 0.0085450 secs] 1301390K->1092005K(1546688K), 0.0088280 secs] [Times: user=0.03 sys=0.00, real=0.01 secs] 
146532.766: [GC 146532.766: [ParNew: 210820K->960K(235968K), 0.0108250 secs] 1301797K->1091991K(1546688K), 0.0110420 secs] [Times: user=0.04 sys=0.00, real=0.02 secs] 
146539.263: [GC 146539.263: [ParNew: 210698K->893K(235968K), 0.0078530 secs] 1301729K->1091978K(1546688K), 0.0080940 secs] [Times: user=0.04 sys=0.00, real=0.01 secs] 
146557.354: [GC 146557.354: [ParNew: 210630K->1230K(235968K), 0.0065270 secs] 1301714K->1092365K(1546688K), 0.0068030 secs] [Times: user=0.03 sys=0.00, real=0.00 secs] 
146561.879: [GC 146561.879: [ParNew: 211022K->875K(235968K), 0.0075950 secs] 1302157K->1092071K(1546688K), 0.0078880 secs] [Times: user=0.03 sys=0.00, real=0.01 secs] 
146577.925: [GC 146577.925: [ParNew: 210667K->1081K(235968K), 0.0085690 secs] 1301863K->1092331K(1546688K), 0.0088330 secs] [Times: user=0.03 sys=0.01, real=0.01 secs] 
146592.789: [GC 146592.789: [ParNew: 210873K->831K(235968K), 0.0065950 secs] 1302123K->1092136K(1546688K), 0.0068840 secs] [Times: user=0.04 sys=0.00, real=0.00 secs] 
146599.285: [GC 146599.286: [ParNew: 210595K->961K(235968K), 0.0057220 secs] 1301900K->1092316K(1546688K), 0.0060140 secs] [Times: user=0.03 sys=0.00, real=0.01 secs] 
146617.719: [GC 146617.719: [ParNew: 210753K->775K(235968K), 0.0067800 secs] 1302108K->1092197K(1546688K), 0.0070750 secs] [Times: user=0.03 sys=0.00, real=0.01 secs] 
146621.906: [GC 146621.906: [ParNew: 210517K->1094K(235968K), 0.0076580 secs] 1301939K->1092565K(1546688K), 0.0079530 secs] [Times: user=0.03 sys=0.00, real=0.01 secs] 
146642.745: [GC 146642.745: [ParNew: 210886K->706K(235968K), 0.0098630 secs] 1302357K->1092226K(1546688K), 0.0101160 secs] [Times: user=0.04 sys=0.00, real=0.01 secs] 
146653.484: [GC 146653.485: [ParNew: 210421K->1227K(235968K), 0.0079540 secs] 1301941K->1092796K(1546688K), 0.0082510 secs] [Times: user=0.04 sys=0.00, real=0.01 secs] 
146668.484: [GC 146668.484: [ParNew: 210994K->832K(235968K), 0.0160870 secs] 1302562K->1092460K(1546688K), 0.0163870 secs] [Times: user=0.04 sys=0.00, real=0.02 secs] 
146677.743: [GC 146677.743: [ParNew: 210565K->728K(235968K), 0.0077080 secs] 1302192K->1092407K(1546688K), 0.0079730 secs] [Times: user=0.03 sys=0.00, real=0.01 secs] 
146681.926: [GC 146681.926: [ParNew: 210520K->1055K(235968K), 0.0082360 secs] 1302199K->1092798K(1546688K), 0.0085020 secs] [Times: user=0.03 sys=0.00, real=0.01 secs] 
146702.759: [GC 146702.760: [ParNew: 210847K->937K(235968K), 0.0073280 secs] 1302590K->1092733K(1546688K), 0.0076260 secs] [Times: user=0.03 sys=0.01, real=0.01 secs] 
146713.611: [GC 146713.611: [ParNew: 210729K->1090K(235968K), 0.0066230 secs] 1302525K->1092934K(1546688K), 0.0069120 secs] [Times: user=0.04 sys=0.00, real=0.01 secs] 
146728.510: [GC 146728.510: [ParNew: 210882K->1441K(235968K), 0.0270770 secs] 1302726K->1093341K(1546688K), 0.0273180 secs] [Times: user=0.04 sys=0.00, real=0.03 secs] 
146737.754: [GC 146737.754: [ParNew: 211124K->980K(235968K), 0.0063170 secs] 1303024K->1092932K(1546688K), 0.0065450 secs] [Times: user=0.03 sys=0.00, real=0.00 secs] 
146743.698: [GC 146743.698: [ParNew: 210763K->1077K(235968K), 0.0073490 secs] 1302715K->1093084K(1546688K), 0.0076560 secs] [Times: user=0.03 sys=0.00, real=0.01 secs] 
146762.781: [GC 146762.782: [ParNew: 210869K->485K(235968K), 0.0073820 secs] 1302876K->1092644K(1546688K), 0.0079620 secs] [Times: user=0.03 sys=0.00, real=0.00 secs] 
146773.635: [GC 146773.635: [ParNew: 210277K->1284K(235968K), 0.0102200 secs] 1302436K->1093497K(1546688K), 0.0104640 secs] [Times: user=0.03 sys=0.01, real=0.01 secs] 
146788.541: [GC 146788.542: [ParNew: 211065K->911K(235968K), 0.0125830 secs] 1303278K->1093172K(1546688K), 0.0128410 secs] [Times: user=0.03 sys=0.00, real=0.01 secs] 
146800.161: [GC 146800.161: [ParNew: 210596K->1039K(235968K), 0.0086080 secs] 1302857K->1093359K(1546688K), 0.0088430 secs] [Times: user=0.04 sys=0.00, real=0.01 secs] 
146803.720: [GC 146803.721: [ParNew: 210831K->1093K(235968K), 0.0076680 secs] 1303151K->1093462K(1546688K), 0.0079410 secs] [Times: user=0.04 sys=0.00, real=0.01 secs] 
146828.859: [GC 146828.860: [ParNew: 210885K->461K(235968K), 0.0080150 secs] 1303254K->1092892K(1546688K), 0.0082450 secs] [Times: user=0.03 sys=0.00, real=0.01 secs] 
146837.277: [GC 146837.277: [ParNew: 210253K->916K(235968K), 0.0064720 secs] 1302684K->1093401K(1546688K), 0.0066980 secs] [Times: user=0.03 sys=0.00, real=0.01 secs] 
146850.602: [GC 146850.602: [ParNew: 210708K->871K(235968K), 0.0077990 secs] 1303193K->1093406K(1546688K), 0.0082660 secs] [Times: user=0.04 sys=0.00, real=0.01 secs] 
146860.197: [GC 146860.197: [ParNew: 210644K->966K(235968K), 0.0072110 secs] 1303180K->1093545K(1546688K), 0.0074990 secs] [Times: user=0.03 sys=0.00, real=0.01 secs] 
146867.021: [GC 146867.022: [ParNew: 210758K->911K(235968K), 0.0092560 secs] 1303337K->1093536K(1546688K), 0.0095490 secs] [Times: user=0.04 sys=0.00, real=0.01 secs] 
146890.996: [GC 146890.996: [ParNew: 210703K->850K(235968K), 0.0072450 secs] 1303328K->1093631K(1546688K), 0.0074770 secs] [Times: user=0.03 sys=0.00, real=0.01 secs] 
146897.319: [GC 146897.319: [ParNew: 210642K->785K(235968K), 0.0120350 secs] 1303423K->1093607K(1546688K), 0.0122570 secs] [Times: user=0.05 sys=0.00, real=0.02 secs] 
146910.654: [GC 146910.654: [ParNew: 210531K->868K(235968K), 0.0056640 secs] 1303354K->1093735K(1546688K), 0.0059800 secs] [Times: user=0.03 sys=0.01, real=0.01 secs] 
146921.281: [GC 146921.282: [ParNew: 210660K->1335K(235968K), 0.0090110 secs] 1303527K->1094253K(1546688K), 0.0092230 secs] [Times: user=0.03 sys=0.00, real=0.01 secs] 
146927.063: [GC 146927.063: [ParNew: 211025K->909K(235968K), 0.0093200 secs] 1303943K->1093877K(1546688K), 0.0095170 secs] [Times: user=0.03 sys=0.00, real=0.01 secs] 
146952.823: [GC 146952.823: [ParNew: 210701K->832K(235968K), 0.0076400 secs] 1303669K->1093853K(1546688K), 0.0079400 secs] [Times: user=0.03 sys=0.00, real=0.01 secs] 
146959.325: [GC 146959.325: [ParNew: 210624K->1181K(235968K), 0.0088840 secs] 1303645K->1094329K(1546688K), 0.0091880 secs] [Times: user=0.04 sys=0.00, real=0.01 secs] 
146977.403: [GC 146977.404: [ParNew: 210928K->1083K(235968K), 0.0106260 secs] 1304076K->1094286K(1546688K), 0.0108800 secs] [Times: user=0.04 sys=0.00, real=0.01 secs] 
146981.327: [GC 146981.327: [ParNew: 210858K->808K(235968K), 0.0066880 secs] 1304061K->1094054K(1546688K), 0.0069540 secs] [Times: user=0.03 sys=0.00, real=0.00 secs] 
146998.010: [GC 146998.010: [ParNew: 210600K->1243K(235968K), 0.0086470 secs] 1303846K->1094534K(1546688K), 0.0089170 secs] [Times: user=0.03 sys=0.00, real=0.01 secs] 
147012.859: [GC 147012.859: [ParNew: 211035K->960K(235968K), 0.0077520 secs] 1304326K->1094298K(1546688K), 0.0080110 secs] [Times: user=0.03 sys=0.00, real=0.01 secs] 
147019.371: [GC 147019.371: [ParNew: 210752K->1011K(235968K), 0.0081560 secs] 1304090K->1094399K(1546688K), 0.0084320 secs] [Times: user=0.03 sys=0.00, real=0.00 secs] 
147037.439: [GC 147037.439: [ParNew: 210751K->696K(235968K), 0.0082420 secs] 1304138K->1094132K(1546688K), 0.0084470 secs] [Times: user=0.03 sys=0.00, real=0.01 secs] 
147041.961: [GC 147041.961: [ParNew: 210488K->850K(235968K), 0.0070580 secs] 1303924K->1094335K(1546688K), 0.0073260 secs] [Times: user=0.03 sys=0.00, real=0.01 secs] 
147060.423: [GC 147060.423: [ParNew: 210642K->569K(235968K), 0.0077430 secs] 1304127K->1094109K(1546688K), 0.0080290 secs] [Times: user=0.03 sys=0.00, real=0.01 secs] 
147073.669: [GC 147073.669: [ParNew: 210361K->926K(235968K), 0.0073000 secs] 1303901K->1094515K(1546688K), 0.0075780 secs] [Times: user=0.04 sys=0.00, real=0.01 secs] 
147088.697: [GC 147088.698: [ParNew: 210718K->682K(235968K), 0.0152550 secs] 1304307K->1094316K(1546688K), 0.0154520 secs] [Times: user=0.04 sys=0.00, real=0.02 secs] 
147097.799: [GC 147097.799: [ParNew: 210444K->977K(235968K), 0.0064360 secs] 1304078K->1094661K(1546688K), 0.0066970 secs] [Times: user=0.03 sys=0.01, real=0.00 secs] 
147103.740: [GC 147103.740: [ParNew: 210733K->943K(235968K), 0.0071840 secs] 1304417K->1094669K(1546688K), 0.0074560 secs] [Times: user=0.03 sys=0.00, real=0.01 secs] 
147122.833: [GC 147122.833: [ParNew: 210735K->1048K(235968K), 0.0073080 secs] 1304461K->1094820K(1546688K), 0.0076120 secs] [Times: user=0.03 sys=0.00, real=0.01 secs] 
147133.710: [GC 147133.711: [ParNew: 210830K->1215K(235968K), 0.0063920 secs] 1304602K->1095028K(1546688K), 0.0066600 secs] [Times: user=0.04 sys=0.00, real=0.01 secs] 
147148.743: [GC 147148.743: [ParNew: 210983K->805K(235968K), 0.0122600 secs] 1304796K->1094815K(1546688K), 0.0124700 secs] [Times: user=0.03 sys=0.00, real=0.01 secs] 
147160.238: [GC 147160.238: [ParNew: 210597K->813K(235968K), 0.0053260 secs] 1304607K->1094879K(1546688K), 0.0055860 secs] [Times: user=0.03 sys=0.00, real=0.00 secs] 
147167.060: [GC 147167.060: [ParNew: 210605K->556K(235968K), 0.0062900 secs] 1304671K->1094672K(1546688K), 0.0065620 secs] [Times: user=0.04 sys=0.00, real=0.01 secs] 
147191.029: [GC 147191.030: [ParNew: 210346K->1027K(235968K), 0.0054870 secs] 1304462K->1095197K(1546688K), 0.0057880 secs] [Times: user=0.04 sys=0.01, real=0.01 secs] 
147197.345: [GC 147197.345: [ParNew: 210819K->993K(235968K), 0.0054040 secs] 1304989K->1095215K(1546688K), 0.0058400 secs] [Times: user=0.04 sys=0.00, real=0.00 secs] 
147205.909: [GC 147205.909: [ParNew: 210785K->1019K(235968K), 0.0068700 secs] 1305007K->1095302K(1546688K), 0.0071440 secs] [Times: user=0.05 sys=0.01, real=0.01 secs] 
147217.809: [GC 147217.809: [ParNew: 210811K->1104K(235968K), 0.0090940 secs] 1305094K->1095435K(1546688K), 0.0092910 secs] [Times: user=0.04 sys=0.00, real=0.01 secs] 
147221.995: [GC 147221.995: [ParNew: 210811K->867K(235968K), 0.0052290 secs] 1305142K->1095264K(1546688K), 0.0055100 secs] [Times: user=0.04 sys=0.00, real=0.01 secs] 
147242.842: [GC 147242.842: [ParNew: 210659K->575K(235968K), 0.0073590 secs] 1305056K->1095140K(1546688K), 0.0076490 secs] [Times: user=0.05 sys=0.00, real=0.01 secs] 
147253.718: [GC 147253.718: [ParNew: 210367K->690K(235968K), 0.0061190 secs] 1304932K->1095291K(1546688K), 0.0063880 secs] [Times: user=0.04 sys=0.00, real=0.01 secs] 
147260.357: [GC 147260.357: [ParNew: 210428K->1245K(235968K), 0.0139930 secs] 1305029K->1095909K(1546688K), 0.0142600 secs] [Times: user=0.05 sys=0.00, real=0.01 secs] 
147277.803: [GC 147277.803: [ParNew: 211037K->1245K(235968K), 0.0071120 secs] 1305701K->1095957K(1546688K), 0.0074020 secs] [Times: user=0.04 sys=0.00, real=0.01 secs] 
147281.995: [GC 147281.995: [ParNew: 211016K->1339K(235968K), 0.0091610 secs] 1305728K->1096114K(1546688K), 0.0094220 secs] [Times: user=0.03 sys=0.00, real=0.01 secs] 
147298.102: [GC 147298.102: [ParNew: 211131K->1620K(235968K), 0.0224790 secs] 1305906K->1096449K(1546688K), 0.0227980 secs] [Times: user=0.05 sys=0.00, real=0.02 secs] 
147313.722: [GC 147313.722: [ParNew: 211412K->1087K(235968K), 0.0075510 secs] 1306241K->1096023K(1546688K), 0.0077950 secs] [Times: user=0.04 sys=0.00, real=0.01 secs] 
147328.886: [GC 147328.886: [ParNew: 210879K->1093K(235968K), 0.0059310 secs] 1305815K->1096115K(1546688K), 0.0061920 secs] [Times: user=0.04 sys=0.00, real=0.01 secs] 
147337.843: [GC 147337.843: [ParNew: 210885K->1228K(235968K), 0.0064200 secs] 1305907K->1096390K(1546688K), 0.0066970 secs] [Times: user=0.04 sys=0.00, real=0.01 secs] 
147343.781: [GC 147343.781: [ParNew: 211020K->737K(235968K), 0.0077980 secs] 1306182K->1096060K(1546688K), 0.0080600 secs] [Times: user=0.03 sys=0.00, real=0.01 secs] 
147362.888: [GC 147362.888: [ParNew: 210529K->951K(235968K), 0.0062170 secs] 1305852K->1096335K(1546688K), 0.0064860 secs] [Times: user=0.03 sys=0.00, real=0.00 secs] 
147377.376: [GC 147377.376: [ParNew: 210743K->1033K(235968K), 0.0053760 secs] 1306127K->1096563K(1546688K), 0.0056680 secs] [Times: user=0.04 sys=0.01, real=0.00 secs] 
147390.013: [GC 147390.013: [ParNew: 210825K->544K(235968K), 0.0072970 secs] 1306355K->1096127K(1546688K), 0.0075940 secs] [Times: user=0.03 sys=0.00, real=0.00 secs] 
147400.300: [GC 147400.300: [ParNew: 210336K->1089K(235968K), 0.0091420 secs] 1305919K->1096716K(1546688K), 0.0093980 secs] [Times: user=0.03 sys=0.00, real=0.00 secs] 
147407.112: [GC 147407.112: [ParNew: 210861K->816K(235968K), 0.0084240 secs] 1306487K->1096489K(1546688K), 0.0087210 secs] [Times: user=0.04 sys=0.00, real=0.01 secs] 
147431.089: [GC 147431.089: [ParNew: 210608K->986K(235968K), 0.0054560 secs] 1306281K->1096713K(1546688K), 0.0057560 secs] [Times: user=0.04 sys=0.00, real=0.01 secs] 
147437.397: [GC 147437.397: [ParNew: 210778K->949K(235968K), 0.0052520 secs] 1306505K->1096726K(1546688K), 0.0055360 secs] [Times: user=0.04 sys=0.00, real=0.00 secs] 
147450.724: [GC 147450.725: [ParNew: 210741K->1189K(235968K), 0.0054230 secs] 1306518K->1097022K(1546688K), 0.0057180 secs] [Times: user=0.04 sys=0.00, real=0.00 secs] 
147460.314: [GC 147460.314: [ParNew: 210981K->1009K(235968K), 0.0054330 secs] 1306814K->1096891K(1546688K), 0.0057280 secs] [Times: user=0.04 sys=0.00, real=0.00 secs] 
147467.137: [GC 147467.137: [ParNew: 210801K->730K(235968K), 0.0114030 secs] 1306683K->1096780K(1546688K), 0.0115930 secs] [Times: user=0.03 sys=0.00, real=0.01 secs] 
147491.110: [GC 147491.110: [ParNew: 210522K->852K(235968K), 0.0075700 secs] 1306572K->1096950K(1546688K), 0.0077730 secs] [Times: user=0.03 sys=0.00, real=0.01 secs] 
147497.426: [GC 147497.426: [ParNew: 210566K->817K(235968K), 0.0066530 secs] 1306663K->1096965K(1546688K), 0.0069300 secs] [Times: user=0.03 sys=0.00, real=0.00 secs] 
147510.753: [GC 147510.753: [ParNew: 210609K->767K(235968K), 0.0071450 secs] 1306757K->1096963K(1546688K), 0.0074230 secs] [Times: user=0.03 sys=0.00, real=0.00 secs] 
147521.383: [GC 147521.384: [ParNew: 210513K->847K(235968K), 0.0074520 secs] 1306709K->1097099K(1546688K), 0.0076770 secs] [Times: user=0.04 sys=0.00, real=0.01 secs] 
147527.160: [GC 147527.160: [ParNew: 210639K->1048K(235968K), 0.0087520 secs] 1306891K->1097354K(1546688K), 0.0089420 secs] [Times: user=0.03 sys=0.00, real=0.01 secs] 
147552.927: [GC 147552.927: [ParNew: 210840K->792K(235968K), 0.0092360 secs] 1307146K->1097152K(1546688K), 0.0094330 secs] [Times: user=0.03 sys=0.01, real=0.01 secs] 
147559.430: [GC 147559.430: [ParNew: 210584K->983K(235968K), 0.0057000 secs] 1306944K->1097408K(1546688K), 0.0059700 secs] [Times: user=0.04 sys=0.00, real=0.01 secs] 
147577.145: [GC 147577.145: [ParNew: 210775K->560K(235968K), 0.0086760 secs] 1307200K->1097132K(1546688K), 0.0089440 secs] [Times: user=0.04 sys=0.00, real=0.01 secs] 
147581.423: [GC 147581.423: [ParNew: 210352K->667K(235968K), 0.0070700 secs] 1306924K->1097282K(1546688K), 0.0073320 secs] [Times: user=0.03 sys=0.00, real=0.00 secs] 
147598.124: [GC 147598.124: [ParNew: 210409K->1163K(235968K), 0.0091840 secs] 1307025K->1097841K(1546688K), 0.0094770 secs] [Times: user=0.03 sys=0.00, real=0.01 secs] 
147612.959: [GC 147612.960: [ParNew: 210944K->946K(235968K), 0.0124960 secs] 1307622K->1097665K(1546688K), 0.0127210 secs] [Times: user=0.04 sys=0.00, real=0.01 secs] 
147619.466: [GC 147619.466: [ParNew: 210725K->1006K(235968K), 0.0091470 secs] 1307444K->1097765K(1546688K), 0.0093840 secs] [Times: user=0.03 sys=0.00, real=0.00 secs] 
147637.495: [GC 147637.495: [ParNew: 210775K->851K(235968K), 0.0057450 secs] 1307534K->1097660K(1546688K), 0.0060150 secs] [Times: user=0.04 sys=0.00, real=0.00 secs] 
147641.444: [GC 147641.444: [ParNew: 210643K->1103K(235968K), 0.0052580 secs] 1307452K->1097961K(1546688K), 0.0055170 secs] [Times: user=0.04 sys=0.01, real=0.00 secs] 
147658.152: [GC 147658.152: [ParNew: 210864K->1162K(235968K), 0.0082210 secs] 1307722K->1098085K(1546688K), 0.0085260 secs] [Times: user=0.04 sys=0.00, real=0.01 secs] 
147672.977: [GC 147672.977: [ParNew: 210949K->876K(235968K), 0.0112890 secs] 1307872K->1097857K(1546688K), 0.0115490 secs] [Times: user=0.04 sys=0.00, real=0.01 secs] 
147679.477: [GC 147679.477: [ParNew: 210668K->832K(235968K), 0.0061720 secs] 1307649K->1097978K(1546688K), 0.0064530 secs] [Times: user=0.03 sys=0.00, real=0.00 secs] 
147697.491: [GC 147697.491: [ParNew: 210624K->2191K(235968K), 0.0061480 secs] 1307770K->1099386K(1546688K), 0.0066340 secs] [Times: user=0.03 sys=0.00, real=0.01 secs] 
147701.557: [GC 147701.557: [ParNew: 211965K->1917K(235968K), 0.0056670 secs] 1309160K->1099173K(1546688K), 0.0060010 secs] [Times: user=0.04 sys=0.00, real=0.01 secs] 
147718.153: [GC 147718.153: [ParNew: 211709K->1871K(235968K), 0.0081200 secs] 1308965K->1099180K(1546688K), 0.0086980 secs] [Times: user=0.04 sys=0.00, real=0.01 secs] 
147732.981: [GC 147732.981: [ParNew: 211640K->1849K(235968K), 0.0072980 secs] 1308949K->1099212K(1546688K), 0.0075560 secs] [Times: user=0.04 sys=0.00, real=0.01 secs] 
147739.485: [GC 147739.485: [ParNew: 211641K->1055K(235968K), 0.0099550 secs] 1309004K->1099334K(1546688K), 0.0101940 secs] [Times: user=0.04 sys=0.01, real=0.01 secs] 
147750.795: [GC 147750.795: [ParNew: 210847K->949K(235968K), 0.0086360 secs] 1309126K->1099276K(1546688K), 0.0089500 secs] [Times: user=0.04 sys=0.00, real=0.00 secs] 
147761.545: [GC 147761.546: [ParNew: 210741K->770K(235968K), 0.0092860 secs] 1309068K->1099159K(1546688K), 0.0095630 secs] [Times: user=0.03 sys=0.00, real=0.01 secs] 
147767.213: [GC 147767.213: [ParNew: 210562K->952K(235968K), 0.0090690 secs] 1308951K->1099403K(1546688K), 0.0093110 secs] [Times: user=0.04 sys=0.00, real=0.01 secs] 
147792.971: [GC 147792.971: [ParNew: 210744K->834K(235968K), 0.0075280 secs] 1309195K->1099341K(1546688K), 0.0077820 secs] [Times: user=0.03 sys=0.01, real=0.01 secs] 
147799.474: [GC 147799.474: [ParNew: 210626K->1225K(235968K), 0.0060200 secs] 1309133K->1099771K(1546688K), 0.0063380 secs] [Times: user=0.03 sys=0.00, real=0.01 secs] 
147817.510: [GC 147817.511: [ParNew: 211017K->837K(235968K), 0.0071850 secs] 1309563K->1099430K(1546688K), 0.0074910 secs] [Times: user=0.04 sys=0.00, real=0.01 secs] 
147821.586: [GC 147821.586: [ParNew: 210629K->640K(235968K), 0.0070000 secs] 1309222K->1099368K(1546688K), 0.0072180 secs] [Times: user=0.03 sys=0.00, real=0.00 secs] 
147838.195: [GC 147838.195: [ParNew: 210430K->797K(235968K), 0.0242860 secs] 1309158K->1099573K(1546688K), 0.0245830 secs] [Times: user=0.06 sys=0.00, real=0.02 secs] 
147853.004: [GC 147853.004: [ParNew: 210576K->1143K(235968K), 0.0080540 secs] 1309353K->1099964K(1546688K), 0.0083450 secs] [Times: user=0.04 sys=0.00, real=0.01 secs] 
147859.502: [GC 147859.502: [ParNew: 210935K->1003K(235968K), 0.0109300 secs] 1309756K->1099878K(1546688K), 0.0112070 secs] [Times: user=0.03 sys=0.00, real=0.01 secs] 
147877.540: [GC 147877.540: [ParNew: 210795K->874K(235968K), 0.0074450 secs] 1309670K->1099797K(1546688K), 0.0077340 secs] [Times: user=0.04 sys=0.00, real=0.01 secs] 
147882.061: [GC 147882.061: [ParNew: 210666K->953K(235968K), 0.0056600 secs] 1309589K->1099926K(1546688K), 0.0059520 secs] [Times: user=0.04 sys=0.00, real=0.01 secs] 
147898.250: [GC 147898.250: [ParNew: 210745K->961K(235968K), 0.0093590 secs] 1309718K->1099993K(1546688K), 0.0096790 secs] [Times: user=0.04 sys=0.00, real=0.01 secs] 
147913.820: [GC 147913.820: [ParNew: 210706K->943K(235968K), 0.0059540 secs] 1309737K->1100025K(1546688K), 0.0062410 secs] [Times: user=0.03 sys=0.01, real=0.00 secs] 
147928.998: [GC 147928.998: [ParNew: 210703K->910K(235968K), 0.0064620 secs] 1309786K->1100169K(1546688K), 0.0067070 secs] [Times: user=0.04 sys=0.00, real=0.00 secs] 
147937.912: [GC 147937.912: [ParNew: 210702K->1074K(235968K), 0.0065930 secs] 1309961K->1100381K(1546688K), 0.0068640 secs] [Times: user=0.04 sys=0.00, real=0.01 secs] 
147943.851: [GC 147943.851: [ParNew: 210866K->772K(235968K), 0.0084350 secs] 1310173K->1100116K(1546688K), 0.0087210 secs] [Times: user=0.04 sys=0.00, real=0.01 secs] 
147962.952: [GC 147962.952: [ParNew: 210564K->810K(235968K), 0.0089490 secs] 1309908K->1100200K(1546688K), 0.0092510 secs] [Times: user=0.04 sys=0.00, real=0.01 secs] 
147973.849: [GC 147973.849: [ParNew: 210602K->957K(235968K), 0.0079600 secs] 1309992K->1100388K(1546688K), 0.0082230 secs] [Times: user=0.04 sys=0.00, real=0.01 secs] 
147989.013: [GC 147989.013: [ParNew: 210749K->977K(235968K), 0.0100700 secs] 1310180K->1100464K(1546688K), 0.0103700 secs] [Times: user=0.03 sys=0.00, real=0.01 secs] 
147997.942: [GC 147997.942: [ParNew: 210769K->1009K(235968K), 0.0074150 secs] 1310256K->1100558K(1546688K), 0.0077060 secs] [Times: user=0.03 sys=0.00, real=0.01 secs] 
148003.857: [GC 148003.857: [ParNew: 210801K->1012K(235968K), 0.0060020 secs] 1310350K->1100612K(1546688K), 0.0063020 secs] [Times: user=0.04 sys=0.01, real=0.00 secs] 
148022.960: [GC 148022.960: [ParNew: 210804K->904K(235968K), 0.0103410 secs] 1310404K->1100562K(1546688K), 0.0105630 secs] [Times: user=0.03 sys=0.00, real=0.01 secs] 
148033.871: [GC 148033.871: [ParNew: 210691K->1199K(235968K), 0.0065320 secs] 1310350K->1100968K(1546688K), 0.0068120 secs] [Times: user=0.03 sys=0.00, real=0.00 secs] 
148049.053: [GC 148049.053: [ParNew: 210991K->1049K(235968K), 0.0062390 secs] 1310760K->1100871K(1546688K), 0.0065270 secs] [Times: user=0.03 sys=0.00, real=0.01 secs] 
148060.412: [GC 148060.412: [ParNew: 210824K->1131K(235968K), 0.0082630 secs] 1310646K->1100996K(1546688K), 0.0085570 secs] [Times: user=0.04 sys=0.00, real=0.01 secs] 
148067.237: [GC 148067.237: [ParNew: 210923K->722K(235968K), 0.0059490 secs] 1310788K->1100739K(1546688K), 0.0062080 secs] [Times: user=0.03 sys=0.00, real=0.00 secs] 
148091.211: [GC 148091.211: [ParNew: 210512K->1274K(235968K), 0.0077840 secs] 1310529K->1101340K(1546688K), 0.0080890 secs] [Times: user=0.03 sys=0.00, real=0.01 secs] 
148097.522: [GC 148097.522: [ParNew: 211066K->965K(235968K), 0.0070770 secs] 1311132K->1101084K(1546688K), 0.0073550 secs] [Times: user=0.04 sys=0.00, real=0.00 secs] 
148110.856: [GC 148110.857: [ParNew: 210655K->1251K(235968K), 0.0062510 secs] 1310774K->1101421K(1546688K), 0.0065140 secs] [Times: user=0.04 sys=0.00, real=0.01 secs] 
148120.449: [GC 148120.449: [ParNew: 210940K->646K(235968K), 0.0067410 secs] 1311110K->1100865K(1546688K), 0.0070290 secs] [Times: user=0.04 sys=0.00, real=0.00 secs] 
148127.276: [GC 148127.276: [ParNew: 210438K->789K(235968K), 0.0074860 secs] 1310657K->1101051K(1546688K), 0.0076810 secs] [Times: user=0.03 sys=0.00, real=0.01 secs] 
148151.246: [GC 148151.246: [ParNew: 210541K->899K(235968K), 0.0091770 secs] 1310803K->1101216K(1546688K), 0.0094660 secs] [Times: user=0.04 sys=0.00, real=0.01 secs] 
148157.562: [GC 148157.562: [ParNew: 210652K->1068K(235968K), 0.0072550 secs] 1310969K->1101452K(1546688K), 0.0074540 secs] [Times: user=0.03 sys=0.00, real=0.00 secs] 
148173.346: [GC 148173.347: [ParNew: 210860K->710K(235968K), 0.0070130 secs] 1311244K->1101138K(1546688K), 0.0072930 secs] [Times: user=0.04 sys=0.00, real=0.01 secs] 
148181.647: [GC 148181.647: [ParNew: 210502K->1085K(235968K), 0.0061580 secs] 1310930K->1101557K(1546688K), 0.0064650 secs] [Times: user=0.04 sys=0.00, real=0.01 secs] 
148197.412: [GC 148197.412: [ParNew: 210877K->523K(235968K), 0.0089960 secs] 1311349K->1101141K(1546688K), 0.0093040 secs] [Times: user=0.04 sys=0.00, real=0.01 secs] 
148213.103: [GC 148213.103: [ParNew: 210315K->482K(235968K), 0.0185650 secs] 1310933K->1101136K(1546688K), 0.0188670 secs] [Times: user=0.05 sys=0.00, real=0.01 secs] 
148219.565: [GC 148219.565: [ParNew: 210265K->708K(235968K), 0.0075940 secs] 1310919K->1101410K(1546688K), 0.0078670 secs] [Times: user=0.03 sys=0.00, real=0.01 secs] 
148237.570: [GC 148237.570: [ParNew: 210465K->934K(235968K), 0.0087280 secs] 1311167K->1101685K(1546688K), 0.0089350 secs] [Times: user=0.03 sys=0.00, real=0.01 secs] 
148241.673: [GC 148241.673: [ParNew: 210700K->751K(235968K), 0.0066980 secs] 1311450K->1101545K(1546688K), 0.0070070 secs] [Times: user=0.03 sys=0.00, real=0.01 secs] 
148258.419: [GC 148258.419: [ParNew: 210543K->551K(235968K), 0.0070140 secs] 1311337K->1101398K(1546688K), 0.0072340 secs] [Times: user=0.04 sys=0.00, real=0.01 secs] 
148273.162: [GC 148273.163: [ParNew: 210343K->679K(235968K), 0.0072880 secs] 1311190K->1101580K(1546688K), 0.0075070 secs] [Times: user=0.03 sys=0.00, real=0.01 secs] 
148281.407: [GC 148281.407: [ParNew: 210471K->625K(235968K), 0.0095480 secs] 1311372K->1101579K(1546688K), 0.0097760 secs] [Times: user=0.04 sys=0.00, real=0.01 secs] 
148297.960: [GC 148297.961: [ParNew: 210417K->1116K(235968K), 0.0060160 secs] 1311371K->1102107K(1546688K), 0.0062800 secs] [Times: user=0.04 sys=0.00, real=0.00 secs] 
148302.148: [GC 148302.148: [ParNew: 210908K->819K(235968K), 0.0053720 secs] 1311899K->1101870K(1546688K), 0.0056430 secs] [Times: user=0.04 sys=0.00, real=0.01 secs] 
148322.991: [GC 148322.991: [ParNew: 210611K->1168K(235968K), 0.0053760 secs] 1311662K->1102255K(1546688K), 0.0056470 secs] [Times: user=0.04 sys=0.00, real=0.01 secs] 
148333.919: [GC 148333.920: [ParNew: 210960K->910K(235968K), 0.0053520 secs] 1312047K->1102032K(1546688K), 0.0056380 secs] [Times: user=0.04 sys=0.00, real=0.01 secs] 
148349.135: [GC 148349.135: [ParNew: 210702K->961K(235968K), 0.0054260 secs] 1311824K->1102128K(1546688K), 0.0056980 secs] [Times: user=0.03 sys=0.00, real=0.01 secs] 
148360.461: [GC 148360.461: [ParNew: 210719K->1050K(235968K), 0.0054770 secs] 1311885K->1102260K(1546688K), 0.0057380 secs] [Times: user=0.04 sys=0.00, real=0.00 secs] 
148363.930: [GC 148363.930: [ParNew: 210756K->944K(235968K), 0.0053780 secs] 1311966K->1102214K(1546688K), 0.0056470 secs] [Times: user=0.04 sys=0.00, real=0.00 secs] 
148383.021: [GC 148383.021: [ParNew: 210736K->1012K(235968K), 0.0057100 secs] 1312006K->1102336K(1546688K), 0.0059970 secs] [Times: user=0.04 sys=0.00, real=0.01 secs] 
148395.139: [GC 148395.139: [ParNew: 210804K->809K(235968K), 0.0088820 secs] 1312128K->1102190K(1546688K), 0.0091310 secs] [Times: user=0.04 sys=0.00, real=0.01 secs] 
148409.161: [GC 148409.161: [ParNew: 210601K->810K(235968K), 0.0242060 secs] 1311982K->1102248K(1546688K), 0.0245360 secs] [Times: user=0.06 sys=0.01, real=0.03 secs] 
148420.489: [GC 148420.489: [ParNew: 210602K->1053K(235968K), 0.0114850 secs] 1312040K->1102534K(1546688K), 0.0116710 secs] [Times: user=0.03 sys=0.00, real=0.02 secs] 
148427.309: [GC 148427.309: [ParNew: 210845K->1144K(235968K), 0.0098870 secs] 1312326K->1102671K(1546688K), 0.0101700 secs] [Times: user=0.04 sys=0.00, real=0.02 secs] 
148451.269: [GC 148451.269: [ParNew: 210936K->1170K(235968K), 0.0092890 secs] 1312463K->1102751K(1546688K), 0.0095510 secs] [Times: user=0.03 sys=0.00, real=0.01 secs] 
148457.584: [GC 148457.584: [ParNew: 210929K->885K(235968K), 0.0081680 secs] 1312510K->1102516K(1546688K), 0.0084570 secs] [Times: user=0.03 sys=0.01, real=0.01 secs] 
148470.913: [GC 148470.913: [ParNew: 210677K->1024K(235968K), 0.0085560 secs] 1312308K->1102712K(1546688K), 0.0088270 secs] [Times: user=0.04 sys=0.00, real=0.01 secs] 
148480.513: [GC 148480.513: [ParNew: 210816K->1072K(235968K), 0.0098880 secs] 1312504K->1102810K(1546688K), 0.0101820 secs] [Times: user=0.03 sys=0.00, real=0.01 secs] 
148487.330: [GC 148487.330: [ParNew: 210856K->1245K(235968K), 0.0072100 secs] 1312594K->1103032K(1546688K), 0.0075020 secs] [Times: user=0.03 sys=0.00, real=0.00 secs] 
148503.026: [GC 148503.026: [ParNew: 211037K->1414K(235968K), 0.0087100 secs] 1312824K->1103255K(1546688K), 0.0090120 secs] [Times: user=0.04 sys=0.01, real=0.01 secs] 
148513.953: [GC 148513.953: [ParNew: 211173K->1163K(235968K), 0.0108190 secs] 1313014K->1103065K(1546688K), 0.0110960 secs] [Times: user=0.03 sys=0.00, real=0.01 secs] 
148529.163: [GC 148529.163: [ParNew: 210955K->975K(235968K), 0.0069940 secs] 1312857K->1102926K(1546688K), 0.0072870 secs] [Times: user=0.04 sys=0.00, real=0.00 secs] 
148538.128: [GC 148538.128: [ParNew: 210767K->721K(235968K), 0.0058120 secs] 1312718K->1102745K(1546688K), 0.0061010 secs] [Times: user=0.03 sys=0.00, real=0.01 secs] 
148543.932: [GC 148543.932: [ParNew: 210513K->965K(235968K), 0.0063570 secs] 1312537K->1103028K(1546688K), 0.0065580 secs] [Times: user=0.03 sys=0.00, real=0.00 secs] 
148563.031: [GC 148563.031: [ParNew: 210692K->1015K(235968K), 0.0068490 secs] 1312754K->1103133K(1546688K), 0.0071390 secs] [Times: user=0.03 sys=0.00, real=0.01 secs] 
148573.966: [GC 148573.966: [ParNew: 210807K->1275K(235968K), 0.0088710 secs] 1312925K->1103447K(1546688K), 0.0091150 secs] [Times: user=0.04 sys=0.00, real=0.01 secs] 
148589.188: [GC 148589.188: [ParNew: 211067K->667K(235968K), 0.0290950 secs] 1313239K->1102883K(1546688K), 0.0293830 secs] [Times: user=0.07 sys=0.00, real=0.03 secs] 
148600.502: [GC 148600.502: [ParNew: 210458K->924K(235968K), 0.0112260 secs] 1312674K->1103196K(1546688K), 0.0115030 secs] [Times: user=0.03 sys=0.00, real=0.01 secs] 
148603.958: [GC 148603.958: [ParNew: 210716K->969K(235968K), 0.0084490 secs] 1312988K->1103312K(1546688K), 0.0086600 secs] [Times: user=0.03 sys=0.00, real=0.01 secs] 
148624.852: [GC 148624.852: [ParNew: 210761K->458K(235968K), 0.0157480 secs] 1313104K->1102855K(1546688K), 0.0160580 secs] [Times: user=0.03 sys=0.00, real=0.02 secs] 
148637.615: [GC 148637.615: [ParNew: 210250K->709K(235968K), 0.0075410 secs] 1312647K->1103232K(1546688K), 0.0078080 secs] [Times: user=0.03 sys=0.00, real=0.01 secs] 
148650.943: [GC 148650.943: [ParNew: 210501K->1094K(235968K), 0.0075100 secs] 1313024K->1103664K(1546688K), 0.0077800 secs] [Times: user=0.03 sys=0.00, real=0.01 secs] 
148660.540: [GC 148660.540: [ParNew: 210886K->818K(235968K), 0.0073670 secs] 1313456K->1103431K(1546688K), 0.0075750 secs] [Times: user=0.03 sys=0.00, real=0.01 secs] 
