0.000: [GC [PSYoungGen: 87424K->6049K(101952K)] 87424K->6049K(1034048K), 0.0705950 secs]
10.761: [GC [PSYoungGen: 93473K->11807K(101952K)] 93473K->11807K(1034048K), 0.0806590 secs]
44.467: [GC [PSYoungGen: 99231K->14526K(101952K)] 99231K->23178K(1034048K), 0.1587900 secs]
50.517: [GC [PSYoungGen: 101950K->14525K(101952K)] 110602K->31409K(1034048K), 1.6432970 secs]
62.829: [GC [PSYoungGen: 101949K->14521K(101952K)] 118833K->39872K(1034048K), 0.3012180 secs]
75.002: [GC [PSYoungGen: 101945K->14525K(71104K)] 127296K->42466K(1003200K), 0.5300690 secs]
86.383: [GC [PSYoungGen: 71101K->16359K(86528K)] 99042K->44808K(1018624K), 0.3687100 secs]
111.384: [GC [PSYoungGen: 72935K->12527K(84160K)] 101384K->47290K(1016256K), 1.8839730 secs]
130.956: [GC [PSYoungGen: 70703K->8266K(86144K)] 105466K->50159K(1018240K), 1.0079080 secs]
151.433: [GC [PSYoungGen: 66442K->6269K(87488K)] 108335K->52296K(1019584K), 1.0978490 secs]
177.156: [GC [PSYoungGen: 65533K->2877K(62144K)] 111560K->53486K(994240K), 3.6158070 secs]
199.703: [GC [PSYoungGen: 62141K->1212K(86208K)] 112750K->52854K(1018304K), 0.7409450 secs]
221.893: [GC [PSYoungGen: 58172K->2322K(86720K)] 109814K->54725K(1018816K), 0.5335220 secs]
240.535: [GC [PSYoungGen: 59282K->4042K(85504K)] 111685K->57666K(1017600K), 2.7300690 secs]
257.422: [GC [PSYoungGen: 61066K->2206K(86144K)] 114690K->57106K(1018240K), 0.1455020 secs]
275.424: [GC [PSYoungGen: 59230K->4503K(85248K)] 114130K->60360K(1017344K), 1.6481130 secs]
293.627: [GC [PSYoungGen: 63191K->3544K(86400K)] 119048K->61384K(1018496K), 3.6635380 secs]
311.963: [GC [PSYoungGen: 62232K->3738K(86592K)] 120072K->62639K(1018688K), 0.4077260 secs]
327.464: [GC [PSYoungGen: 65690K->5668K(87808K)] 124591K->65592K(1019904K), 1.5903200 secs]
347.098: [GC [PSYoungGen: 67620K->4116K(88704K)] 127544K->65014K(1020800K), 1.2847030 secs]
364.410: [GC [PSYoungGen: 70228K->5146K(89600K)] 131126K->66676K(1021696K), 0.2703500 secs]
381.010: [GC [PSYoungGen: 71258K->4974K(90944K)] 132788K->67804K(1023040K), 1.8577130 secs]
400.676: [GC [PSYoungGen: 75626K->2874K(91840K)] 138456K->66491K(1023936K), 0.6391150 secs]
419.134: [GC [PSYoungGen: 73530K->2803K(93504K)] 137147K->66868K(1025600K), 1.2707690 secs]
438.958: [GC [PSYoungGen: 77555K->4155K(94528K)] 141620K->68982K(1026624K), 1.2237110 secs]
457.894: [GC [PSYoungGen: 78907K->5634K(94208K)] 143734K->71333K(1026304K), 1.2334100 secs]
481.679: [GC [PSYoungGen: 83522K->2176K(95488K)] 149221K->68460K(1027584K), 2.0849960 secs]
500.407: [GC [PSYoungGen: 80064K->4165K(96576K)] 146348K->71471K(1028672K), 1.5316510 secs]
519.485: [GC [PSYoungGen: 85954K->2809K(97984K)] 153260K->70809K(1030080K), 0.9858290 secs]
539.365: [GC [PSYoungGen: 84601K->5222K(97600K)] 152601K->73703K(1029696K), 1.2588680 secs]
555.461: [GC [PSYoungGen: 89958K->3801K(99264K)] 158439K->72766K(1031360K), 0.0426920 secs]
576.358: [GC [PSYoungGen: 88537K->2933K(100288K)] 157502K->72299K(1032384K), 0.3171300 secs]
595.966: [GC [PSYoungGen: 90996K->4796K(101440K)] 160362K->75085K(1033536K), 1.3031430 secs]
613.965: [GC [PSYoungGen: 92860K->5256K(101504K)] 163149K->76784K(1033600K), 1.8639520 secs]
633.190: [GC [PSYoungGen: 95816K->3712K(102464K)] 167344K->77023K(1034560K), 0.9891610 secs]
648.209: [GC [PSYoungGen: 94272K->5050K(102976K)] 167583K->78615K(1035072K), 2.2977550 secs]
664.324: [GC [PSYoungGen: 98234K->964K(104000K)] 171799K->77026K(1036096K), 0.7159030 secs]
683.822: [GC [PSYoungGen: 94148K->3441K(104832K)] 170210K->80189K(1036928K), 0.7817990 secs]
699.223: [GC [PSYoungGen: 98225K->7899K(105216K)] 174973K->85111K(1037312K), 0.3306540 secs]
714.723: [GC [PSYoungGen: 102683K->7010K(104960K)] 179895K->85114K(1037056K), 1.6080560 secs]
732.058: [GC [PSYoungGen: 100763K->3643K(97472K)] 178867K->82868K(1029568K), 0.5059190 secs]
748.974: [GC [PSYoungGen: 97389K->3578K(105408K)] 176614K->84111K(1037504K), 1.3278580 secs]
765.940: [GC [PSYoungGen: 98042K->6487K(104960K)] 178575K->87140K(1037056K), 1.3649330 secs]
785.413: [GC [PSYoungGen: 100951K->10007K(103168K)] 181604K->90876K(1035264K), 0.8886210 secs]
802.313: [GC [PSYoungGen: 102551K->4631K(104512K)] 183420K->86507K(1036608K), 0.6995210 secs]
809.725: [GC [PSYoungGen: 97175K->9984K(102784K)] 179051K->92598K(1034880K), 1.5994430 secs]
830.281: [GC [PSYoungGen: 101376K->9108K(100544K)] 183990K->91972K(1032640K), 2.8709730 secs]
844.201: [GC [PSYoungGen: 100500K->9892K(101952K)] 183364K->93471K(1034048K), 3.2687860 secs]
858.841: [GC [PSYoungGen: 98722K->5820K(102656K)] 182302K->90419K(1034752K), 0.7599310 secs]
872.578: [GC [PSYoungGen: 94652K->10594K(101504K)] 179251K->96325K(1033600K), 0.4883430 secs]
888.075: [GC [PSYoungGen: 98843K->4341K(102400K)] 184574K->91017K(1034496K), 2.2008330 secs]
897.263: [GC [PSYoungGen: 92661K->10889K(100928K)] 179337K->98207K(1033024K), 1.4039120 secs]
912.162: [GC [PSYoungGen: 98057K->3597K(101824K)] 185375K->91298K(1033920K), 1.5507410 secs]
921.220: [GC [PSYoungGen: 90765K->2951K(101376K)] 178466K->91845K(1033472K), 0.4681860 secs]
934.412: [GC [PSYoungGen: 90311K->1066K(101696K)] 179205K->90661K(1033792K), 1.6724880 secs]
949.564: [GC [PSYoungGen: 88426K->8264K(101952K)] 178021K->98534K(1034048K), 0.9948620 secs]
961.235: [GC [PSYoungGen: 95816K->9641K(97216K)] 186086K->100272K(1029312K), 1.9390610 secs]
974.554: [GC [PSYoungGen: 97193K->4202K(102016K)] 187824K->95143K(1034112K), 1.3019010 secs]
986.671: [GC [PSYoungGen: 91242K->7170K(94272K)] 182183K->98617K(1026368K), 0.8334380 secs]
998.014: [GC [PSYoungGen: 94210K->3227K(101312K)] 185657K->95447K(1033408K), 0.0468110 secs]
1009.908: [GC [PSYoungGen: 90523K->4936K(101056K)] 182743K->97848K(1033152K), 0.3312910 secs]
1021.158: [GC [PSYoungGen: 92232K->3879K(102272K)] 185144K->97121K(1034368K), 0.0468730 secs]
1091.069: [GC [PSYoungGen: 92967K->2797K(101888K)] 186209K->96698K(1033984K), 0.1061480 secs]
1166.410: [GC [PSYoungGen: 91885K->5528K(103040K)] 185786K->101741K(1035136K), 0.0233310 secs]
1224.109: [GC [PSYoungGen: 96657K->6439K(103040K)] 192871K->106361K(1035136K), 0.0580500 secs]
1242.117: [GC [PSYoungGen: 97568K->1506K(104256K)] 197490K->104125K(1036352K), 0.0121500 secs]
1320.522: [GC [PSYoungGen: 94113K->4853K(97472K)] 196733K->108535K(1029568K), 0.0160040 secs]
1349.647: [GC [PSYoungGen: 97461K->2050K(102272K)] 201143K->109049K(1034368K), 0.0268870 secs]
1420.759: [GC [PSYoungGen: 94274K->3158K(95040K)] 201273K->111457K(1027136K), 0.0142000 secs]
1465.027: [GC [PSYoungGen: 94998K->3075K(100992K)] 203297K->112824K(1033088K), 0.0478210 secs]
1509.662: [GC [PSYoungGen: 94531K->2627K(93760K)] 204280K->114019K(1025856K), 0.0145450 secs]
1570.310: [GC [PSYoungGen: 93698K->3652K(99456K)] 205090K->116168K(1031552K), 0.0144910 secs]
1620.463: [GC [PSYoungGen: 94340K->2945K(93312K)] 206856K->117338K(1025408K), 0.0224420 secs]
1691.177: [GC [PSYoungGen: 93249K->3289K(98048K)] 207642K->119965K(1030144K), 0.0177850 secs]
1800.212: [GC [PSYoungGen: 93201K->5701K(95296K)] 209877K->123875K(1027392K), 0.0240650 secs]
1829.578: [GC [PSYoungGen: 95237K->4235K(96896K)] 213411K->126079K(1028992K), 0.0411970 secs]
1906.992: [GC [PSYoungGen: 93387K->3980K(92800K)] 215231K->127064K(1024896K), 0.0163820 secs]
1976.806: [GC [PSYoungGen: 92748K->3763K(95424K)] 215832K->128636K(1027520K), 0.0280730 secs]
2034.601: [GC [PSYoungGen: 92147K->3231K(91328K)] 217020K->130086K(1023424K), 0.0150650 secs]
2062.911: [GC [PSYoungGen: 91293K->1418K(95168K)] 218148K->129851K(1027264K), 0.0123380 secs]
2187.862: [GC [PSYoungGen: 89162K->3544K(91008K)] 217595K->132588K(1023104K), 0.0142800 secs]
2251.840: [GC [PSYoungGen: 90968K->3033K(93632K)] 220012K->134022K(1025728K), 0.0606480 secs]
2286.399: [GC [PSYoungGen: 90137K->4289K(91136K)] 221126K->136256K(1023232K), 0.0329380 secs]
2311.446: [GC [PSYoungGen: 91073K->3601K(92608K)] 223040K->138337K(1024704K), 0.0566800 secs]
2336.838: [GC [PSYoungGen: 90065K->2797K(88960K)] 224801K->138310K(1021056K), 0.0362310 secs]
2359.033: [GC [PSYoungGen: 88941K->3670K(91456K)] 224454K->140111K(1023552K), 0.4366310 secs]
2378.801: [GC [PSYoungGen: 89494K->3733K(89280K)] 225935K->141680K(1021376K), 0.0339380 secs]
2395.255: [GC [PSYoungGen: 89237K->2453K(90816K)] 227184K->141595K(1022912K), 0.0358390 secs]
2410.240: [GC [PSYoungGen: 87637K->6010K(90880K)] 226779K->148591K(1022976K), 0.1347000 secs]
2423.339: [GC [PSYoungGen: 90874K->6352K(92416K)] 233455K->149488K(1024512K), 0.1451960 secs]
2434.394: [GC [PSYoungGen: 90768K->1039K(85184K)] 233904K->145447K(1017280K), 0.0166410 secs]
2464.978: [GC [PSYoungGen: 85129K->3537K(91264K)] 229538K->148687K(1023360K), 0.0253210 secs]
2564.719: [GC [PSYoungGen: 87312K->3593K(87104K)] 232463K->151164K(1019200K), 0.0315820 secs]
2664.968: [GC [PSYoungGen: 86907K->4530K(90304K)] 234478K->154580K(1022400K), 0.0372670 secs]
2708.905: [GC [PSYoungGen: 87666K->2129K(84992K)] 237716K->154188K(1017088K), 0.0183510 secs]
2747.244: [GC [PSYoungGen: 84938K->1699K(89792K)] 236997K->154335K(1021888K), 0.0195850 secs]
2816.683: [GC [PSYoungGen: 84195K->4576K(86784K)] 236831K->157982K(1018880K), 0.0188360 secs]
2852.249: [GC [PSYoungGen: 86750K->2152K(88832K)] 240156K->157967K(1020928K), 0.0179530 secs]
2903.402: [GC [PSYoungGen: 84008K->2235K(83776K)] 239823K->159381K(1015872K), 0.0129480 secs]
2978.055: [GC [PSYoungGen: 83771K->3201K(87424K)] 240917K->161449K(1019520K), 0.0212580 secs]
3019.224: [GC [PSYoungGen: 84417K->3749K(84672K)] 242665K->163664K(1016768K), 0.0284660 secs]
3084.620: [GC [PSYoungGen: 84645K->2938K(86464K)] 244560K->163632K(1018560K), 0.0149120 secs]
3159.373: [GC [PSYoungGen: 83514K->2842K(83136K)] 244208K->165072K(1015232K), 0.0203460 secs]
3226.826: [GC [PSYoungGen: 83098K->3385K(85504K)] 245328K->167300K(1017600K), 0.0196020 secs]
3310.743: [GC [PSYoungGen: 83378K->2694K(82496K)] 247293K->168788K(1014592K), 0.0262930 secs]
3348.502: [GC [PSYoungGen: 82438K->2310K(84928K)] 248532K->169505K(1017024K), 0.0143790 secs]
3444.650: [GC [PSYoungGen: 81798K->3249K(82496K)] 248993K->171530K(1014592K), 0.0157010 secs]
3476.847: [GC [PSYoungGen: 82481K->1462K(84352K)] 250762K->171828K(1016448K), 0.0129560 secs]
3565.240: [GC [PSYoungGen: 80438K->2613K(81344K)] 250804K->173383K(1013440K), 0.0129790 secs]
3609.752: [GC [PSYoungGen: 81333K->1658K(83584K)] 252103K->173784K(1015680K), 0.0151640 secs]
3727.771: [GC [PSYoungGen: 80119K->5368K(83584K)] 252246K->179882K(1015680K), 0.0327300 secs]
3821.359: [GC [PSYoungGen: 83576K->3591K(84096K)] 258090K->183000K(1016192K), 0.0405210 secs]
3892.796: [GC [PSYoungGen: 81543K->2109K(79808K)] 260952K->184125K(1011904K), 0.0199110 secs]
4027.959: [GC [PSYoungGen: 79805K->3194K(83136K)] 261821K->186531K(1015232K), 0.0190190 secs]
4167.805: [GC [PSYoungGen: 80633K->3463K(80704K)] 263970K->189040K(1012800K), 0.0302070 secs]
4312.441: [GC [PSYoungGen: 80647K->4816K(82880K)] 266224K->192883K(1014976K), 0.0333840 secs]
4356.333: [GC [PSYoungGen: 81680K->1098K(77760K)] 269747K->191062K(1009856K), 0.0295490 secs]
4371.909: [GC [PSYoungGen: 77694K->721K(82688K)] 267657K->191422K(1014784K), 0.0092260 secs]
4391.406: [GC [PSYoungGen: 77053K->1038K(77184K)] 267754K->192159K(1009280K), 0.0081600 secs]
4391.547: [GC [PSYoungGen: 77117K->366K(82624K)] 268238K->192078K(1014720K), 0.0064870 secs]
4391.641: [GC [PSYoungGen: 76435K->66K(82624K)] 268147K->192042K(1014720K), 0.0047960 secs]
4400.199: [GC [PSYoungGen: 76162K->568K(97600K)] 268137K->192544K(1029696K), 0.0066880 secs]
4516.745: [GC [PSYoungGen: 91810K->4310K(97728K)] 283786K->196653K(1029824K), 0.0221260 secs]
4689.383: [GC [PSYoungGen: 95638K->4329K(95296K)] 287981K->199591K(1027392K), 0.0289940 secs]
4827.815: [GC [PSYoungGen: 95273K->6488K(97088K)] 290535K->204730K(1029184K), 0.0426820 secs]
5016.763: [GC [PSYoungGen: 97047K->3378K(93568K)] 295289K->206547K(1025664K), 0.0313440 secs]
5212.158: [GC [PSYoungGen: 93554K->4446K(94272K)] 296723K->210672K(1026368K), 0.0258580 secs]
5390.259: [GC [PSYoungGen: 94238K->5439K(98624K)] 300464K->214743K(1030720K), 0.0667490 secs]
5520.423: [GC [PSYoungGen: 94813K->5035K(94080K)] 304117K->218748K(1026176K), 0.1101350 secs]
5639.206: [GC [PSYoungGen: 94059K->2897K(96896K)] 307772K->218898K(1028992K), 0.0232400 secs]
5732.464: [GC [PSYoungGen: 91537K->3084K(91392K)] 307538K->221136K(1023488K), 0.0205070 secs]
5811.495: [GC [PSYoungGen: 91340K->4512K(95808K)] 309392K->224921K(1027904K), 0.0214950 secs]
5942.977: [GC [PSYoungGen: 92448K->3229K(90880K)] 312857K->227468K(1022976K), 0.0247070 secs]
6089.583: [GC [PSYoungGen: 90845K->5966K(95296K)] 315084K->232635K(1027392K), 0.0346080 secs]
6220.387: [GC [PSYoungGen: 93194K->3661K(90624K)] 319863K->233160K(1022720K), 0.0250730 secs]
6386.473: [GC [PSYoungGen: 90573K->4070K(93568K)] 320072K->236296K(1025664K), 0.0245380 secs]
6543.759: [GC [PSYoungGen: 90662K->4039K(90368K)] 322888K->239305K(1022464K), 0.0271240 secs]
6704.972: [GC [PSYoungGen: 90311K->4559K(92736K)] 325577K->242581K(1024832K), 0.0367470 secs]
6883.088: [GC [PSYoungGen: 90511K->4304K(89984K)] 328533K->244394K(1022080K), 0.0259440 secs]
7058.065: [GC [PSYoungGen: 89936K->4142K(91520K)] 330026K->247494K(1023616K), 0.0252250 secs]
7253.916: [GC [PSYoungGen: 89403K->5279K(90304K)] 332755K->251889K(1022400K), 0.0343340 secs]
7408.331: [GC [PSYoungGen: 90265K->4009K(90816K)] 336876K->253046K(1022912K), 0.0247270 secs]
7552.345: [GC [PSYoungGen: 88681K->3604K(88000K)] 337718K->254832K(1020096K), 0.0235880 secs]
7632.525: [GC [PSYoungGen: 87956K->2036K(90496K)] 339184K->255319K(1022592K), 0.0260570 secs]
7674.251: [GC [PSYoungGen: 86068K->2043K(85760K)] 339351K->256241K(1017856K), 0.0305550 secs]
7795.664: [GC [PSYoungGen: 85755K->3041K(89408K)] 339953K->258095K(1021504K), 0.0202340 secs]
7881.728: [GC [PSYoungGen: 86433K->4474K(87552K)] 341487K->261217K(1019648K), 0.0294710 secs]
7952.863: [GC [PSYoungGen: 87546K->1421K(89216K)] 344289K->259527K(1021312K), 0.0154310 secs]
8050.137: [GC [PSYoungGen: 84173K->3328K(85824K)] 342279K->262164K(1017920K), 0.0186780 secs]
8153.969: [GC [PSYoungGen: 85760K->3251K(87680K)] 344596K->263801K(1019776K), 0.0216130 secs]
8228.340: [GC [PSYoungGen: 85363K->2985K(84800K)] 345913K->265335K(1016896K), 0.0181490 secs]
8331.322: [GC [PSYoungGen: 84769K->2662K(86848K)] 347120K->266943K(1018944K), 0.0199090 secs]
8405.241: [GC [PSYoungGen: 84134K->2992K(84160K)] 348415K->268648K(1016256K), 0.0201490 secs]
8515.547: [GC [PSYoungGen: 84144K->4230K(86400K)] 349800K->271512K(1018496K), 0.0290060 secs]
8618.381: [GC [PSYoungGen: 85056K->1761K(82304K)] 352337K->270394K(1014400K), 0.0156120 secs]
8715.545: [GC [PSYoungGen: 82273K->3247K(85248K)] 350906K->272787K(1017344K), 0.0177720 secs]
8804.829: [GC [PSYoungGen: 83439K->2644K(82624K)] 352979K->274422K(1014720K), 0.0201980 secs]
8887.196: [GC [PSYoungGen: 82580K->3094K(84352K)] 354358K->276474K(1016448K), 0.0197430 secs]
8961.915: [GC [PSYoungGen: 82771K->2958K(82432K)] 356151K->278344K(1014528K), 0.0176700 secs]
9010.022: [GC [PSYoungGen: 82382K->1202K(84224K)] 357768K->278474K(1016320K), 0.0147230 secs]
9079.590: [GC [PSYoungGen: 80370K->4897K(84096K)] 357642K->282907K(1016192K), 0.0329260 secs]
9130.378: [GC [PSYoungGen: 83809K->1615K(84096K)] 361819K->281932K(1016192K), 0.0464080 secs]
9161.852: [GC [PSYoungGen: 80271K->3867K(82304K)] 360588K->284709K(1014400K), 0.0727290 secs]
9183.807: [GC [PSYoungGen: 82258K->1246K(83776K)] 363100K->282516K(1015872K), 0.3362510 secs]
9202.495: [GC [PSYoungGen: 79390K->2144K(80064K)] 360660K->284197K(1012160K), 0.2350410 secs]
9221.029: [GC [PSYoungGen: 80032K->2508K(83712K)] 362085K->285060K(1015808K), 1.2028490 secs]
9235.693: [GC [PSYoungGen: 80588K->5243K(83520K)] 363140K->288235K(1015616K), 0.9871470 secs]
9251.872: [GC [PSYoungGen: 83323K->2088K(99520K)] 366315K->285456K(1031616K), 0.7149930 secs]
9267.236: [GC [PSYoungGen: 95784K->2084K(99648K)] 379152K->285643K(1031744K), 0.0788640 secs]
9284.224: [GC [PSYoungGen: 95780K->2352K(110208K)] 379339K->286287K(1042304K), 1.0823670 secs]
9302.873: [GC [PSYoungGen: 107120K->1561K(110336K)] 391055K->285919K(1042432K), 1.4102330 secs]
9322.040: [GC [PSYoungGen: 106329K->4225K(110336K)] 390687K->289049K(1042432K), 0.3926410 secs]
9341.564: [GC [PSYoungGen: 109057K->1023K(110656K)] 393881K->286217K(1042752K), 0.6397930 secs]
9360.770: [GC [PSYoungGen: 105855K->5365K(109248K)] 391049K->290822K(1041344K), 0.2780130 secs]
9378.529: [GC [PSYoungGen: 108789K->2872K(109952K)] 394246K->288838K(1042048K), 0.5779350 secs]
9394.933: [GC [PSYoungGen: 106296K->2355K(109248K)] 392262K->288624K(1041344K), 0.0328810 secs]
9490.712: [GC [PSYoungGen: 106163K->2075K(109760K)] 392432K->288739K(1041856K), 0.0276950 secs]
9562.324: [GC [PSYoungGen: 105883K->2486K(109824K)] 392547K->290329K(1041920K), 0.0177530 secs]
9691.926: [GC [PSYoungGen: 107254K->4983K(110272K)] 395097K->294134K(1042368K), 0.0475980 secs]
9721.630: [GC [PSYoungGen: 109751K->2109K(109888K)] 398902K->292727K(1041984K), 0.0249630 secs]
9749.009: [GC [PSYoungGen: 106365K->2653K(106432K)] 396983K->293692K(1038528K), 0.0456460 secs]
9843.160: [GC [PSYoungGen: 106360K->2447K(107968K)] 397399K->293778K(1040064K), 0.0307530 secs]
9973.834: [GC [PSYoungGen: 105679K->2161K(104896K)] 397010K->294726K(1036992K), 0.0324910 secs]
10139.512: [GC [PSYoungGen: 104877K->3667K(107264K)] 397442K->297361K(1039360K), 0.0213860 secs]
10249.785: [GC [PSYoungGen: 105939K->5375K(107200K)] 399633K->301866K(1039296K), 0.0455040 secs]
10348.135: [GC [PSYoungGen: 107199K->3097K(107392K)] 403690K->301295K(1039488K), 0.0411700 secs]
10441.373: [GC [PSYoungGen: 104473K->3458K(104448K)] 402671K->303659K(1036544K), 0.0207860 secs]
10517.336: [GC [PSYoungGen: 104386K->1787K(106496K)] 404587K->303936K(1038592K), 0.0199080 secs]
10633.737: [GC [PSYoungGen: 102267K->2638K(102720K)] 404416K->305620K(1034816K), 0.0177720 secs]
10705.487: [GC [PSYoungGen: 102670K->3790K(105216K)] 405652K->308171K(1037312K), 0.0212550 secs]
10770.313: [GC [PSYoungGen: 103372K->2586K(101760K)] 407752K->309521K(1033856K), 0.0831510 secs]
10833.967: [GC [PSYoungGen: 101722K->4771K(104640K)] 408657K->313454K(1036736K), 0.0738860 secs]
10884.266: [GC [PSYoungGen: 103459K->2739K(100992K)] 412142K->312942K(1033088K), 0.0187170 secs]
10899.324: [GC [PSYoungGen: 100972K->598K(103808K)] 411175K->312773K(1035904K), 0.0129770 secs]
10899.506: [GC [PSYoungGen: 98390K->131K(104064K)] 410565K->312692K(1036160K), 0.0076110 secs]
10968.601: [GC [PSYoungGen: 97923K->3137K(100544K)] 410484K->315747K(1032640K), 0.0306300 secs]
11069.125: [GC [PSYoungGen: 100481K->4493K(101440K)] 413091K->319218K(1033536K), 0.0389990 secs]
11104.664: [GC [PSYoungGen: 101375K->1466K(100288K)] 416100K->318744K(1032384K), 0.0182420 secs]
11236.840: [GC [PSYoungGen: 97906K->3441K(99456K)] 415184K->321760K(1031552K), 0.0214630 secs]
11341.660: [GC [PSYoungGen: 99441K->3670K(101376K)] 417760K->324174K(1033472K), 0.0270770 secs]
11435.693: [GC [PSYoungGen: 99222K->3943K(99136K)] 419726K->327109K(1031232K), 0.0306020 secs]
11524.732: [GC [PSYoungGen: 99111K->1748K(100480K)] 422277K->326327K(1032576K), 0.0162350 secs]
11653.141: [GC [PSYoungGen: 96532K->3061K(97472K)] 421111K->328845K(1029568K), 0.0198080 secs]
11693.076: [GC [PSYoungGen: 97461K->1961K(99328K)] 423245K->329872K(1031424K), 0.0204280 secs]
11777.868: [GC [PSYoungGen: 95977K->2343K(96000K)] 423888K->331319K(1028096K), 0.0187880 secs]
11828.951: [GC [PSYoungGen: 95975K->2205K(98048K)] 424951K->332797K(1030144K), 0.0181110 secs]
11906.822: [GC [PSYoungGen: 95453K->2911K(95808K)] 426045K->334805K(1027904K), 0.0189100 secs]
11962.234: [GC [PSYoungGen: 95775K->2924K(97024K)] 427669K->336799K(1029120K), 0.0188340 secs]
11993.950: [GC [PSYoungGen: 95404K->4287K(96384K)] 429279K->340438K(1028480K), 0.0215260 secs]
12029.358: [GC [PSYoungGen: 96383K->3864K(96960K)] 432534K->343246K(1029056K), 0.0293910 secs]
12181.365: [GC [PSYoungGen: 95576K->3996K(95360K)] 434958K->344932K(1027456K), 0.0228560 secs]
12288.343: [GC [PSYoungGen: 95324K->2865K(95680K)] 436260K->346717K(1027776K), 0.0233830 secs]
12365.847: [GC [PSYoungGen: 93809K->2425K(92992K)] 437661K->348345K(1025088K), 0.0258580 secs]
12383.342: [GC [PSYoungGen: 92981K->1378K(95104K)] 438901K->349033K(1027200K), 0.0147160 secs]
12478.835: [GC [PSYoungGen: 91554K->2945K(92800K)] 439209K->351569K(1024896K), 0.0196060 secs]
12609.452: [GC [PSYoungGen: 92737K->3406K(94144K)] 441361K->353965K(1026240K), 0.0240950 secs]
12740.245: [GC [PSYoungGen: 92814K->5106K(94144K)] 443373K->359181K(1026240K), 0.0529040 secs]
12890.040: [GC [PSYoungGen: 94130K->5191K(95616K)] 448205K->362691K(1027712K), 0.0354690 secs]
13055.610: [GC [PSYoungGen: 93825K->4753K(93056K)] 451326K->366122K(1025152K), 0.0315130 secs]
13205.474: [GC [PSYoungGen: 92995K->4213K(94592K)] 454364K->369062K(1026688K), 0.0277000 secs]
13397.751: [GC [PSYoungGen: 92149K->6789K(94784K)] 456998K->374761K(1026880K), 0.0420700 secs]
13557.522: [GC [PSYoungGen: 94402K->4702K(94528K)] 462374K->376575K(1026624K), 0.0293550 secs]
13728.979: [GC [PSYoungGen: 91998K->3573K(90560K)] 463871K->379095K(1022656K), 0.0268510 secs]
13867.932: [GC [PSYoungGen: 90549K->5968K(94080K)] 466071K->384140K(1026176K), 0.0377930 secs]
14120.344: [GC [PSYoungGen: 92560K->4225K(90560K)] 470732K->385093K(1022656K), 0.0279490 secs]
14368.808: [GC [PSYoungGen: 90497K->4224K(92608K)] 471365K->388070K(1024704K), 0.0273210 secs]
14587.148: [GC [PSYoungGen: 90174K->5138K(90816K)] 474020K->391665K(1022912K), 0.0569330 secs]
14744.780: [GC [PSYoungGen: 90742K->3431K(91968K)] 477269K->392253K(1024064K), 0.0212790 secs]
14812.947: [GC [PSYoungGen: 88743K->2922K(87936K)] 477565K->393747K(1020032K), 0.0183810 secs]
14877.844: [GC [PSYoungGen: 87914K->2604K(91392K)] 478739K->395408K(1023488K), 0.0467750 secs]
14989.342: [GC [PSYoungGen: 87276K->3696K(88064K)] 480080K->397652K(1020160K), 0.0230700 secs]
15056.977: [GC [PSYoungGen: 88048K->4653K(90496K)] 482004K->400621K(1022592K), 0.0323440 secs]
15118.901: [GC [PSYoungGen: 88685K->2487K(86208K)] 484653K->400054K(1018304K), 0.0196380 secs]
15181.155: [GC [PSYoungGen: 86199K->6719K(89088K)] 483766K->405834K(1021184K), 0.0526530 secs]
15181.861: [GC [PSYoungGen: 89087K->8061K(90432K)] 488202K->424455K(1022528K), 0.2220410 secs]
15186.010: [GC [PSYoungGen: 90429K->4504K(101568K)] 506823K->428903K(1033664K), 0.1048070 secs]
15187.880: [GC [PSYoungGen: 90584K->1728K(87808K)] 514983K->430067K(1019904K), 0.0562610 secs]
15264.253: [GC [PSYoungGen: 87808K->3968K(101440K)] 516147K->433212K(1033536K), 0.0376860 secs]
15313.930: [GC [PSYoungGen: 90624K->2484K(100864K)] 519868K->434325K(1032960K), 0.0372680 secs]
15415.774: [GC [PSYoungGen: 89140K->3606K(101696K)] 520981K->436947K(1033792K), 0.0274880 secs]
15543.327: [GC [PSYoungGen: 91660K->2965K(101376K)] 525001K->438837K(1033472K), 0.0244760 secs]
15614.532: [GC [PSYoungGen: 91029K->4026K(102528K)] 526901K->441594K(1034624K), 0.0301240 secs]
15754.734: [GC [PSYoungGen: 94202K->1946K(91776K)] 531770K->440622K(1023872K), 0.0188290 secs]
15973.852: [GC [PSYoungGen: 91738K->3725K(99840K)] 530414K->443239K(1031936K), 0.0337470 secs]
16119.489: [GC [PSYoungGen: 93132K->2864K(91904K)] 532646K->444585K(1024000K), 0.0213620 secs]
16254.069: [GC [PSYoungGen: 91888K->3541K(98176K)] 533609K->446737K(1030272K), 0.0284120 secs]
16318.479: [GC [PSYoungGen: 92181K->2397K(90688K)] 535377K->446595K(1022784K), 0.0245800 secs]
16341.012: [GC [PSYoungGen: 90653K->2000K(97216K)] 534851K->446718K(1029312K), 0.0249560 secs]
16360.404: [GC [PSYoungGen: 89936K->1404K(89024K)] 534654K->446799K(1021120K), 0.4567090 secs]
16423.071: [GC [PSYoungGen: 89020K->1273K(96256K)] 534415K->446996K(1028352K), 0.0131440 secs]
16500.468: [GC [PSYoungGen: 88566K->1594K(88576K)] 534289K->448283K(1020672K), 0.0338800 secs]
16601.745: [GC [PSYoungGen: 88570K->2121K(94592K)] 535259K->449822K(1026688K), 0.0174430 secs]
16702.136: [GC [PSYoungGen: 88763K->1947K(88320K)] 536464K->450972K(1020416K), 0.0176700 secs]
16870.204: [GC [PSYoungGen: 88283K->4793K(94336K)] 537308K->454679K(1026432K), 0.0335160 secs]
17038.678: [GC [PSYoungGen: 90809K->3069K(88768K)] 540695K->454879K(1020864K), 0.0387490 secs]
17063.514: [GC [PSYoungGen: 88765K->2248K(92288K)] 540575K->456116K(1024384K), 0.0236790 secs]
17084.695: [GC [PSYoungGen: 87624K->1671K(86784K)] 541492K->456761K(1018880K), 0.0178980 secs]
17098.068: [GC [PSYoungGen: 86727K->673K(91712K)] 541817K->456152K(1023808K), 0.0232440 secs]
17168.723: [GC [PSYoungGen: 85409K->3666K(88128K)] 540888K->459723K(1020224K), 0.0333850 secs]
17218.882: [GC [PSYoungGen: 88052K->1572K(90624K)] 544108K->458220K(1022720K), 0.0152560 secs]
17359.914: [GC [PSYoungGen: 85668K->2922K(86720K)] 542316K->460643K(1018816K), 0.0208040 secs]
17528.516: [GC [PSYoungGen: 86698K->5008K(89920K)] 544419K->463976K(1022016K), 0.0337990 secs]
17606.029: [GC [PSYoungGen: 88272K->1678K(84672K)] 547240K->462367K(1016768K), 0.0170600 secs]
17807.406: [GC [PSYoungGen: 84622K->3056K(88576K)] 545311K->464337K(1020672K), 0.0360920 secs]
17885.415: [GC [PSYoungGen: 85680K->1640K(83968K)] 546961K->464573K(1016064K), 0.0167800 secs]
18064.814: [GC [PSYoungGen: 83944K->4620K(88448K)] 546877K->468403K(1020544K), 0.0517160 secs]
18196.826: [GC [PSYoungGen: 86604K->1762K(83456K)] 550387K->466692K(1015552K), 0.0186970 secs]
18417.528: [GC [PSYoungGen: 83426K->3873K(87616K)] 548356K->470044K(1019712K), 0.0246620 secs]
18607.696: [GC [PSYoungGen: 85213K->6097K(87616K)] 551383K->475100K(1019712K), 0.0415650 secs]
18866.857: [GC [PSYoungGen: 87121K->5513K(88000K)] 556124K->479090K(1020096K), 0.0486950 secs]
19040.611: [GC [PSYoungGen: 86089K->2899K(83200K)] 559666K->479131K(1015296K), 0.0259810 secs]
19204.867: [GC [PSYoungGen: 83151K->3813K(86848K)] 559384K->482017K(1018944K), 0.0265560 secs]
19392.355: [GC [PSYoungGen: 83780K->4824K(84608K)] 561984K->485601K(1016704K), 0.0465420 secs]
19557.948: [GC [PSYoungGen: 84568K->3185K(86016K)] 565345K->486074K(1018112K), 0.0248930 secs]
19559.972: [GC [PSYoungGen: 82673K->880K(80128K)] 565562K->485989K(1012224K), 0.0183820 secs]
19613.005: [GC [PSYoungGen: 80112K->993K(85888K)] 565221K->486113K(1017984K), 0.0128570 secs]
19852.548: [GC [PSYoungGen: 79969K->5220K(85888K)] 565089K->490924K(1017984K), 0.0317110 secs]
20065.709: [GC [PSYoungGen: 83933K->2378K(85248K)] 569637K->490559K(1017344K), 0.0236810 secs]
20288.080: [GC [PSYoungGen: 80842K->2198K(80448K)] 569023K->492035K(1012544K), 0.0229550 secs]
20516.642: [GC [PSYoungGen: 80405K->4625K(84992K)] 570241K->496023K(1017088K), 0.0502610 secs]
20600.655: [GC [PSYoungGen: 82577K->3067K(80768K)] 573975K->496285K(1012864K), 0.0244820 secs]
20674.719: [GC [PSYoungGen: 80763K->2625K(83520K)] 573981K->497820K(1015616K), 0.0230180 secs]
20733.152: [GC [PSYoungGen: 80062K->2162K(79360K)] 575258K->499199K(1011456K), 0.0214500 secs]
20812.412: [GC [PSYoungGen: 79346K->1842K(82816K)] 576383K->500471K(1014912K), 0.0193420 secs]
20914.808: [GC [PSYoungGen: 78770K->2266K(78976K)] 577399K->502228K(1011072K), 0.0200660 secs]
20990.938: [GC [PSYoungGen: 78938K->1921K(81984K)] 578900K->503548K(1014080K), 0.0191170 secs]
21078.654: [GC [PSYoungGen: 78337K->3674K(79872K)] 579964K->506529K(1011968K), 0.0287880 secs]
21139.491: [GC [PSYoungGen: 79834K->1893K(81344K)] 582689K->506122K(1013440K), 0.0180140 secs]
21265.226: [GC [PSYoungGen: 77797K->3550K(79232K)] 582026K->509141K(1011328K), 0.0215250 secs]
21333.014: [GC [PSYoungGen: 79193K->2305K(80448K)] 584783K->510686K(1012544K), 0.0223750 secs]
21350.869: [GC [PSYoungGen: 77694K->593K(75776K)] 586074K->510338K(1007872K), 0.0150380 secs]
21480.176: [GC [PSYoungGen: 75729K->2755K(79808K)] 585474K->512956K(1011904K), 0.0217680 secs]
21552.082: [GC [PSYoungGen: 77598K->4556K(80064K)] 587800K->516875K(1012160K), 0.0245960 secs]
21691.458: [GC [PSYoungGen: 79180K->5887K(77952K)] 591499K->522773K(1010048K), 0.0562830 secs]
21768.507: [GC [PSYoungGen: 77951K->3845K(75712K)] 594837K->525581K(1007808K), 0.0907760 secs]
21839.429: [GC [PSYoungGen: 75653K->2728K(78720K)] 597389K->526312K(1010816K), 0.0221050 secs]
21897.484: [GC [PSYoungGen: 74272K->2672K(74048K)] 597856K->527944K(1006144K), 0.0253090 secs]
21930.242: [GC [PSYoungGen: 74032K->1992K(78080K)] 599304K->529251K(1010176K), 0.0295660 secs]
22015.610: [GC [PSYoungGen: 73154K->2676K(73664K)] 600412K->530757K(1005760K), 0.0352380 secs]
22076.232: [GC [PSYoungGen: 73652K->2767K(76992K)] 601733K->532337K(1009088K), 0.0246910 secs]
22109.896: [GC [PSYoungGen: 73548K->1992K(72640K)] 603118K->532654K(1004736K), 0.0175530 secs]
22207.022: [GC [PSYoungGen: 72584K->2775K(76224K)] 603246K->534290K(1008320K), 0.0247090 secs]
22306.178: [GC [PSYoungGen: 73175K->4477K(76480K)] 604690K->536926K(1008576K), 0.0314580 secs]
22356.778: [GC [PSYoungGen: 74685K->2967K(75776K)] 607134K->536953K(1007872K), 0.0360470 secs]
22439.973: [GC [PSYoungGen: 72983K->2357K(72192K)] 606969K->538219K(1004288K), 0.0203810 secs]
22512.715: [GC [PSYoungGen: 72181K->3137K(74944K)] 608043K->540681K(1007040K), 0.0277670 secs]
22578.787: [GC [PSYoungGen: 72769K->2836K(72320K)] 610313K->542190K(1004416K), 0.0223410 secs]
22692.054: [GC [PSYoungGen: 72276K->3319K(74304K)] 611630K->544320K(1006400K), 0.1336400 secs]
22729.738: [GC [PSYoungGen: 72567K->2136K(71232K)] 613568K->545276K(1003328K), 0.0207720 secs]
22784.711: [GC [PSYoungGen: 71190K->3755K(74112K)] 614330K->547877K(1006208K), 0.0246040 secs]
22854.211: [GC [PSYoungGen: 72619K->4244K(74048K)] 616741K->550823K(1006144K), 0.0388040 secs]
22886.574: [GC [PSYoungGen: 72916K->1264K(74048K)] 619495K->549628K(1006144K), 0.0175040 secs]
22965.847: [GC [PSYoungGen: 69739K->3571K(71872K)] 618103K->552606K(1003968K), 0.0205770 secs]
23074.219: [GC [PSYoungGen: 71859K->3539K(73408K)] 620894K->555010K(1005504K), 0.0262650 secs]
23163.703: [GC [PSYoungGen: 71635K->3821K(71744K)] 623106K->557599K(1003840K), 0.0510110 secs]
23244.631: [GC [PSYoungGen: 71725K->3591K(72960K)] 625503K->559967K(1005056K), 0.0286840 secs]
23323.926: [GC [PSYoungGen: 71303K->3397K(70976K)] 627679K->562238K(1003072K), 0.0257380 secs]
23391.915: [GC [PSYoungGen: 70914K->3933K(72576K)] 629754K->564727K(1004672K), 0.0251440 secs]
23453.129: [GC [PSYoungGen: 71261K->4304K(72512K)] 632055K->567964K(1004608K), 0.0365520 secs]
23504.336: [GC [PSYoungGen: 71440K->1885K(72448K)] 635100K->567394K(1004544K), 0.0267110 secs]
23522.140: [GC [PSYoungGen: 68829K->2062K(68864K)] 634338K->568414K(1000960K), 0.0240870 secs]
23568.883: [GC [PSYoungGen: 68814K->2383K(71680K)] 635166K->568968K(1003776K), 0.0295010 secs]
23581.686: [GC [PSYoungGen: 68943K->2374K(68800K)] 635528K->569887K(1000896K), 0.0550210 secs]
23602.635: [GC [PSYoungGen: 68742K->554K(71488K)] 636255K->568501K(1003584K), 0.0806480 secs]
23664.417: [GC [PSYoungGen: 66730K->2310K(68352K)] 634677K->570609K(1000448K), 0.0309320 secs]
23700.426: [GC [PSYoungGen: 68294K->4073K(71040K)] 636593K->573795K(1003136K), 0.0399410 secs]
23746.721: [GC [PSYoungGen: 69801K->1567K(67136K)] 639523K->572056K(999232K), 0.0178860 secs]
23816.632: [GC [PSYoungGen: 67103K->3515K(70656K)] 637592K->575010K(1002752K), 0.0356060 secs]
23853.493: [GC [PSYoungGen: 68859K->2104K(67264K)] 640354K->575659K(999360K), 0.0893780 secs]
23929.236: [GC [PSYoungGen: 67256K->3363K(70144K)] 640811K->578005K(1002240K), 0.0275000 secs]
24008.780: [GC [PSYoungGen: 68320K->3376K(68160K)] 642961K->580259K(1000256K), 0.0261890 secs]
24071.912: [GC [PSYoungGen: 68144K->5304K(68352K)] 645027K->584956K(1000448K), 0.0387350 secs]
24133.792: [GC [PSYoungGen: 68344K->3098K(65984K)] 647996K->585600K(998080K), 0.0257650 secs]
24214.529: [GC [PSYoungGen: 65946K->3968K(68928K)] 648448K->588437K(1001024K), 0.0326470 secs]
24273.996: [GC [PSYoungGen: 66624K->3499K(65984K)] 651093K->590857K(998080K), 0.0263040 secs]
24329.103: [GC [PSYoungGen: 65957K->2430K(68160K)] 653315K->591946K(1000256K), 0.0413690 secs]
24410.190: [GC [PSYoungGen: 64702K->3130K(65216K)] 654218K->594257K(997312K), 0.0250200 secs]
24476.120: [GC [PSYoungGen: 65210K->3582K(67264K)] 656337K->596858K(999360K), 0.0356160 secs]
24545.242: [GC [PSYoungGen: 65470K->2611K(64320K)] 658746K->598450K(996416K), 0.0426090 secs]
24595.471: [GC [PSYoungGen: 64307K->2443K(66944K)] 660146K->600054K(999040K), 0.0258100 secs]
24655.169: [GC [PSYoungGen: 64011K->5067K(67008K)] 661622K->604076K(999104K), 0.0367700 secs]
24714.485: [GC [PSYoungGen: 66507K->3185K(66816K)] 665516K->604418K(998912K), 0.0271400 secs]
24761.791: [GC [PSYoungGen: 64497K->2394K(63616K)] 665730K->605589K(995712K), 0.0249660 secs]
24827.393: [GC [PSYoungGen: 63578K->2731K(66368K)] 666773K->607497K(998464K), 0.0231340 secs]
24863.826: [GC [PSYoungGen: 63786K->1801K(62784K)] 668552K->608389K(994880K), 0.0331650 secs]
24953.800: [GC [PSYoungGen: 62729K->3342K(65984K)] 669317K->610957K(998080K), 0.0243460 secs]
24990.717: [GC [PSYoungGen: 64142K->2420K(63104K)] 671757K->612306K(995200K), 0.0247620 secs]
25028.617: [GC [PSYoungGen: 63092K->3075K(65344K)] 672978K->614469K(997440K), 0.0352390 secs]
25047.103: [GC [PSYoungGen: 63619K->1000K(65536K)] 675013K->613354K(997632K), 0.0894520 secs]
25058.368: [GC [PSYoungGen: 61416K->2079K(65152K)] 673770K->615054K(997248K), 0.0331460 secs]
25091.640: [GC [PSYoungGen: 62367K->1780K(61952K)] 675342K->615855K(994048K), 0.0202840 secs]
25140.425: [GC [PSYoungGen: 61940K->3577K(65088K)] 676015K->618806K(997184K), 0.0300400 secs]
25229.501: [GC [PSYoungGen: 63609K->5181K(65088K)] 678838K->621940K(997184K), 0.0377990 secs]
25270.233: [GC [PSYoungGen: 65073K->1352K(66048K)] 681833K->620665K(998144K), 0.0523060 secs]
25309.182: [GC [PSYoungGen: 61128K->1266K(60928K)] 680441K->621433K(993024K), 0.0233650 secs]
25389.177: [GC [PSYoungGen: 60914K->3012K(65216K)] 681081K->623902K(997312K), 0.0492420 secs]
25489.579: [GC [PSYoungGen: 62532K->4305K(65472K)] 683422K->627002K(997568K), 0.0300750 secs]
25565.990: [GC [PSYoungGen: 63697K->2510K(64896K)] 686394K->628412K(996992K), 0.0500720 secs]
25626.800: [GC [PSYoungGen: 61772K->3523K(62720K)] 687674K->630976K(994816K), 0.0297270 secs]
25683.814: [GC [PSYoungGen: 62659K->2386K(64448K)] 690112K->632518K(996544K), 0.0262150 secs]
25803.146: [GC [PSYoungGen: 61394K->3607K(62528K)] 691526K->635280K(994624K), 0.0278010 secs]
25927.984: [GC [PSYoungGen: 62487K->5631K(63936K)] 694160K->639830K(996032K), 0.0459530 secs]
25977.670: [GC [PSYoungGen: 63807K->2354K(60416K)] 698006K->639306K(992512K), 1.5690820 secs]
26023.028: [GC [PSYoungGen: 60402K->1799K(63936K)] 697354K->640306K(996032K), 0.1061630 secs]
26060.428: [GC [PSYoungGen: 59719K->2051K(59904K)] 698226K->641702K(992000K), 0.0217850 secs]
26118.781: [GC [PSYoungGen: 59843K->2246K(63232K)] 699494K->643217K(995328K), 0.0225680 secs]
26189.281: [GC [PSYoungGen: 59906K->2979K(60544K)] 700877K->645561K(992640K), 0.0352900 secs]
26259.637: [GC [PSYoungGen: 60509K->2313K(62528K)] 703091K->647061K(994624K), 0.0472430 secs]
26332.886: [GC [PSYoungGen: 59721K->3112K(60416K)] 704469K->649316K(992512K), 0.0260240 secs]
26405.428: [GC [PSYoungGen: 60392K->3239K(62080K)] 706596K->651493K(994176K), 0.0286970 secs]
26470.986: [GC [PSYoungGen: 60391K->4656K(62208K)] 708645K->655365K(994304K), 0.0379790 secs]
26582.688: [GC [PSYoungGen: 61677K->3904K(62528K)] 712385K->656737K(994624K), 0.0406570 secs]
26694.174: [GC [PSYoungGen: 60761K->3644K(60416K)] 713594K->659332K(992512K), 0.0311760 secs]
26785.398: [GC [PSYoungGen: 60379K->2989K(61632K)] 716067K->661352K(993728K), 0.0319850 secs]
26877.033: [GC [PSYoungGen: 59629K->3533K(60096K)] 717992K->664106K(992192K), 0.0293240 secs]
26950.181: [GC [PSYoungGen: 60045K->3514K(61440K)] 720618K->666300K(993536K), 0.0406610 secs]
27042.851: [GC [PSYoungGen: 59898K->5236K(61504K)] 722684K->670735K(993600K), 0.0429440 secs]
27162.124: [GC [PSYoungGen: 61489K->4115K(62400K)] 726987K->672299K(994496K), 0.0474640 secs]
27253.825: [GC [PSYoungGen: 60243K->3305K(59328K)] 728427K->674384K(991424K), 0.0296410 secs]
27344.350: [GC [PSYoungGen: 59305K->4008K(61888K)] 730384K->677428K(993984K), 0.0311760 secs]
27462.385: [GC [PSYoungGen: 59880K->3457K(59264K)] 733300K->679944K(991360K), 0.0372310 secs]
27536.807: [GC [PSYoungGen: 59201K->3604K(61056K)] 735688K->682461K(993152K), 0.0327140 secs]
27611.938: [GC [PSYoungGen: 59220K->5077K(61312K)] 738077K->686685K(993408K), 0.0631120 secs]
27702.037: [GC [PSYoungGen: 60563K->3596K(60992K)] 742171K->687479K(993088K), 0.0289330 secs]
27791.636: [GC [PSYoungGen: 58956K->3190K(58432K)] 742839K->689734K(990528K), 0.4812610 secs]
27895.548: [GC [PSYoungGen: 58422K->3989K(60672K)] 744966K->692783K(992768K), 0.0379320 secs]
28013.871: [GC [PSYoungGen: 59093K->3858K(58880K)] 747887K->695516K(990976K), 0.0316580 secs]
28095.369: [GC [PSYoungGen: 58834K->2931K(60288K)] 750492K->697415K(992384K), 0.0545790 secs]
28197.173: [GC [PSYoungGen: 57779K->3019K(57792K)] 752263K->699582K(989888K), 0.0407180 secs]
28245.451: [GC [PSYoungGen: 57725K->4933K(59968K)] 754288K->703552K(992064K), 0.0390430 secs]
28270.098: [GC [PSYoungGen: 59385K->1112K(60096K)] 758005K->701865K(992192K), 0.0214840 secs]
28296.703: [GC [PSYoungGen: 55448K->1519K(60224K)] 756201K->703031K(992320K), 0.0295770 secs]
28319.662: [GC [PSYoungGen: 55727K->1247K(60160K)] 757239K->703648K(992256K), 0.0232840 secs]
28375.367: [GC [PSYoungGen: 55306K->2534K(59520K)] 757706K->705801K(991616K), 0.0227240 secs]
28474.062: [GC [PSYoungGen: 56486K->2924K(56768K)] 759753K->708099K(988864K), 0.0272900 secs]
28571.704: [GC [PSYoungGen: 56748K->3242K(58880K)] 761923K->710515K(990976K), 0.0289160 secs]
28648.793: [GC [PSYoungGen: 56929K->3265K(56896K)] 764202K->712885K(988992K), 0.0292530 secs]
28712.525: [GC [PSYoungGen: 56833K->2854K(58304K)] 766453K->714623K(990400K), 0.0300490 secs]
28801.662: [GC [PSYoungGen: 56286K->3038K(56384K)] 768055K->716866K(988480K), 0.0292310 secs]
28887.413: [GC [PSYoungGen: 56350K->4654K(57792K)] 770177K->720614K(989888K), 0.0370750 secs]
28966.452: [GC [PSYoungGen: 57518K->3298K(56064K)] 773478K->721308K(988160K), 0.0383030 secs]
29056.134: [GC [PSYoungGen: 56032K->2188K(57664K)] 774042K->722649K(989760K), 0.0383470 secs]
29106.256: [GC [PSYoungGen: 54791K->1170K(57664K)] 775253K->722975K(989760K), 0.0188400 secs]
29145.966: [GC [PSYoungGen: 53650K->1406K(57536K)] 775455K->724014K(989632K), 0.0296010 secs]
29215.869: [GC [PSYoungGen: 53758K->2651K(54912K)] 776366K->725983K(987008K), 0.0279470 secs]
29244.448: [GC [PSYoungGen: 54872K->1716K(57024K)] 778204K->726822K(989120K), 0.0279890 secs]
29289.497: [GC [PSYoungGen: 53812K->1763K(53760K)] 778918K->727873K(985856K), 0.0205390 secs]
29334.068: [GC [PSYoungGen: 53731K->2076K(56384K)] 779841K->729077K(988480K), 0.0373380 secs]
29412.967: [GC [PSYoungGen: 53916K->1930K(53696K)] 780917K->730210K(985792K), 0.0560780 secs]
29473.724: [GC [PSYoungGen: 53642K->3855K(56064K)] 781922K->732941K(988160K), 0.0289870 secs]
29562.520: [GC [PSYoungGen: 55246K->1482K(52800K)] 784332K->733727K(984896K), 0.0292030 secs]
29658.454: [GC [PSYoungGen: 52746K->2342K(55552K)] 784991K->735283K(987648K), 0.0210440 secs]
29728.360: [GC [PSYoungGen: 53478K->2103K(53120K)] 786419K->736617K(985216K), 0.0473820 secs]
29766.064: [GC [PSYoungGen: 53110K->1072K(55296K)] 787625K->736555K(987392K), 0.0187350 secs]
29911.265: [GC [PSYoungGen: 51952K->1700K(52480K)] 787435K->737375K(984576K), 0.0186090 secs]
29965.884: [GC [PSYoungGen: 52449K->1413K(54720K)] 788123K->737890K(986816K), 0.0333660 secs]
29998.450: [GC [PSYoungGen: 52037K->2368K(52928K)] 788514K->739457K(985024K), 0.0198220 secs]
30077.818: [GC [PSYoungGen: 52864K->3343K(54464K)] 789953K->741886K(986560K), 0.0322600 secs]
30104.359: [GC [PSYoungGen: 53583K->913K(51072K)] 792126K->740381K(983168K), 0.0172170 secs]
30201.188: [GC [PSYoungGen: 51025K->1189K(54336K)] 790493K->740954K(986432K), 0.0172900 secs]
30326.998: [GC [PSYoungGen: 51237K->2877K(54400K)] 791002K->743324K(986496K), 0.0227670 secs]
30422.730: [GC [PSYoungGen: 52861K->1955K(53952K)] 793308K->744283K(986048K), 0.0283670 secs]
30508.584: [GC [PSYoungGen: 51875K->1744K(51648K)] 794203K->745326K(983744K), 0.0209670 secs]
30565.593: [GC [PSYoungGen: 51579K->907K(53888K)] 795162K->745286K(985984K), 0.0174330 secs]
30631.290: [GC [PSYoungGen: 50699K->2699K(53888K)] 795078K->747567K(985984K), 0.0304350 secs]
30737.269: [GC [PSYoungGen: 52427K->2123K(53440K)] 797295K->747549K(985536K), 0.0542550 secs]
30762.685: [GC [PSYoungGen: 51787K->1733K(51392K)] 797213K->748325K(983488K), 0.0469840 secs]
30782.852: [GC [PSYoungGen: 51333K->650K(53376K)] 797925K->747576K(985472K), 0.0463970 secs]
30806.123: [GC [PSYoungGen: 50114K->1000K(50496K)] 797040K->748230K(982592K), 0.0468160 secs]
30821.488: [GC [PSYoungGen: 50446K->685K(53184K)] 797676K->748015K(985280K), 0.0149330 secs]
30920.279: [GC [PSYoungGen: 50093K->1797K(51200K)] 797423K->749271K(983296K), 0.0186700 secs]
31001.396: [GC [PSYoungGen: 51141K->2990K(52800K)] 798615K->751591K(984896K), 0.0314790 secs]
31011.069: [GC [PSYoungGen: 52078K->776K(49856K)] 800679K->750006K(981952K), 0.1639760 secs]
31019.287: [GC [PSYoungGen: 49800K->2651K(52800K)] 799030K->751931K(984896K), 0.0361770 secs]
31027.226: [GC [PSYoungGen: 51547K->3366K(52864K)] 800827K->752794K(984960K), 0.0338750 secs]
31036.044: [GC [PSYoungGen: 52198K->4408K(52032K)] 801626K->755413K(984128K), 0.0405070 secs]
31086.667: [GC [PSYoungGen: 52024K->967K(48576K)] 803029K->752036K(980672K), 0.0166630 secs]
31159.516: [GC [PSYoungGen: 48519K->1263K(52608K)] 799588K->752974K(984704K), 0.0225880 secs]
31249.851: [GC [PSYoungGen: 48746K->3852K(52800K)] 800457K->756097K(984896K), 0.0316930 secs]
31353.321: [GC [PSYoungGen: 51276K->1886K(52480K)] 803521K->755337K(984576K), 0.0361070 secs]
31428.494: [GC [PSYoungGen: 49246K->1949K(49280K)] 802697K->756463K(981376K), 0.0266480 secs]
31435.199: [GC [PSYoungGen: 49210K->378K(52352K)] 803723K->755756K(984448K), 0.0166580 secs]
31476.226: [GC [PSYoungGen: 47552K->1224K(48448K)] 802931K->756792K(980544K), 0.0167490 secs]
31529.316: [GC [PSYoungGen: 48392K->1480K(51584K)] 803960K->757676K(983680K), 0.0184680 secs]
31648.802: [GC [PSYoungGen: 48584K->4490K(51840K)] 804780K->761386K(983936K), 0.0390110 secs]
31781.384: [GC [PSYoungGen: 51530K->2150K(51776K)] 808426K->760070K(983872K), 0.0311720 secs]
31841.899: [GC [PSYoungGen: 49098K->3834K(52096K)] 807018K->762979K(984192K), 0.0406120 secs]
31966.722: [GC [PSYoungGen: 50746K->2361K(51648K)] 809891K->762511K(983744K), 0.0256710 secs]
32010.976: [GC [PSYoungGen: 49209K->2163K(48960K)] 809359K->763974K(981056K), 0.0256390 secs]
32047.953: [GC [PSYoungGen: 48947K->931K(51584K)] 810758K->763513K(983680K), 0.0174330 secs]
32156.769: [GC [PSYoungGen: 47651K->1196K(47872K)] 810233K->764150K(979968K), 0.0215910 secs]
32203.759: [GC [PSYoungGen: 47841K->1368K(51072K)] 810795K->764770K(983168K), 0.0178340 secs]
32271.734: [GC [PSYoungGen: 47960K->1790K(48320K)] 811362K->765969K(980416K), 0.0271840 secs]
32339.996: [GC [PSYoungGen: 48318K->1775K(50432K)] 812497K->767172K(982528K), 0.0281970 secs]
32411.398: [GC [PSYoungGen: 48239K->3283K(50624K)] 813636K->769884K(982720K), 0.0749900 secs]
32437.032: [GC [PSYoungGen: 49676K->1183K(50624K)] 816277K->770369K(982720K), 0.0289730 secs]
32556.330: [GC [PSYoungGen: 47519K->1737K(48064K)] 816705K->771706K(980160K), 0.0801210 secs]
32694.985: [GC [PSYoungGen: 48009K->1797K(49984K)] 817978K->773000K(982080K), 0.1122630 secs]
32790.180: [GC [PSYoungGen: 48005K->2314K(48512K)] 819208K->774745K(980608K), 0.0281930 secs]
32874.279: [GC [PSYoungGen: 48458K->1140K(49856K)] 820889K->775264K(981952K), 0.0223610 secs]
32937.249: [GC [PSYoungGen: 47212K->1233K(47296K)] 821335K->776059K(979392K), 0.0206370 secs]
33021.330: [GC [PSYoungGen: 47249K->3657K(49408K)] 822075K->779120K(981504K), 0.0315350 secs]
33146.031: [GC [PSYoungGen: 49225K->1463K(46976K)] 824688K->778350K(979072K), 0.0221840 secs]
33257.598: [GC [PSYoungGen: 46961K->2554K(49536K)] 823849K->780437K(981632K), 0.0236880 secs]
33331.772: [GC [PSYoungGen: 47994K->1590K(46976K)] 825877K->781389K(979072K), 0.0294780 secs]
33417.428: [GC [PSYoungGen: 46966K->1961K(48896K)] 826765K->782725K(980992K), 0.0235370 secs]
33498.849: [GC [PSYoungGen: 47273K->2238K(47488K)] 828037K->784507K(979584K), 0.0283430 secs]
33596.116: [GC [PSYoungGen: 47486K->2036K(48512K)] 829755K->786027K(980608K), 0.0272550 secs]
33672.356: [GC [PSYoungGen: 47220K->3570K(48704K)] 831211K->790055K(980800K), 0.0372210 secs]
33755.663: [GC [PSYoungGen: 48690K->2366K(49408K)] 835175K->791828K(981504K), 0.0296960 secs]
33823.777: [GC [PSYoungGen: 47422K->2463K(47488K)] 836884K->793769K(979584K), 0.0231480 secs]
33923.535: [GC [PSYoungGen: 47455K->2598K(49088K)] 838761K->795843K(981184K), 0.0270550 secs]
34026.397: [GC [PSYoungGen: 47519K->2928K(47808K)] 840764K->798328K(979904K), 0.0379250 secs]
34122.562: [GC [PSYoungGen: 47792K->3913K(48896K)] 843192K->801688K(980992K), 0.0580900 secs]
34190.976: [GC [PSYoungGen: 48457K->1573K(46080K)] 846232K->801496K(978176K), 0.0222050 secs]
34256.250: [GC [PSYoungGen: 46053K->4364K(48704K)] 845976K->805520K(980800K), 0.0333610 secs]
34359.387: [GC [PSYoungGen: 48396K->2376K(46400K)] 849552K->805645K(978496K), 0.0488390 secs]
34474.840: [GC [PSYoungGen: 46344K->1939K(48640K)] 849613K->807071K(980736K), 0.0322020 secs]
34651.014: [GC [PSYoungGen: 45843K->1670K(45568K)] 850975K->808225K(977664K), 0.0227360 secs]
34760.267: [GC [PSYoungGen: 45510K->2146K(48128K)] 852065K->809986K(980224K), 0.0250090 secs]
34877.676: [GC [PSYoungGen: 45922K->3318K(48320K)] 853762K->812749K(980416K), 0.0329280 secs]
35003.729: [GC [PSYoungGen: 47030K->1927K(48064K)] 856461K->812230K(980160K), 0.0329900 secs]
35071.133: [GC [PSYoungGen: 45575K->1946K(45568K)] 855878K->813635K(977664K), 0.0224650 secs]
35174.867: [GC [PSYoungGen: 45530K->1934K(47808K)] 857219K->815107K(979904K), 0.0236740 secs]
35248.521: [GC [PSYoungGen: 45454K->2141K(45632K)] 858627K->816774K(977728K), 0.0418720 secs]
35340.708: [GC [PSYoungGen: 45582K->2156K(47296K)] 860216K->818218K(979392K), 0.0262050 secs]
35401.314: [GC [PSYoungGen: 45548K->2674K(46016K)] 861610K->820179K(978112K), 0.0266470 secs]
35467.341: [GC [PSYoungGen: 46002K->3498K(47104K)] 863507K->822703K(979200K), 0.0366390 secs]
35510.265: [GC [PSYoungGen: 46570K->2198K(45248K)] 865775K->822529K(977344K), 0.0232240 secs]
35548.141: [GC [PSYoungGen: 45206K->1224K(47104K)] 865537K->823191K(979200K), 0.0218490 secs]
35585.568: [GC [PSYoungGen: 44168K->1497K(44416K)] 866135K->824244K(976512K), 0.0206520 secs]
35629.879: [GC [PSYoungGen: 44377K->1811K(46656K)] 867124K->825605K(978752K), 0.0223910 secs]
35678.984: [GC [PSYoungGen: 44627K->1953K(44736K)] 868421K->826977K(976832K), 0.0249620 secs]
35746.820: [GC [PSYoungGen: 44705K->2337K(46272K)] 869729K->828784K(978368K), 0.0244750 secs]
35807.549: [GC [PSYoungGen: 45025K->2693K(46400K)] 871472K->830814K(978496K), 0.0261190 secs]
35888.213: [GC [PSYoungGen: 45317K->2702K(46336K)] 873438K->832869K(978432K), 0.0323160 secs]
35964.999: [GC [PSYoungGen: 45259K->2936K(46336K)] 875426K->835156K(978432K), 0.0291440 secs]
36047.713: [GC [PSYoungGen: 45430K->3893K(44992K)] 877651K->838685K(977088K), 0.0428450 secs]
36111.538: [GC [PSYoungGen: 44981K->1905K(42944K)] 879773K->840218K(975040K), 0.0328700 secs]
36183.443: [GC [PSYoungGen: 42927K->2512K(45696K)] 881240K->842135K(977792K), 0.0280000 secs]
36237.743: [GC [PSYoungGen: 43472K->2103K(43008K)] 883095K->843502K(975104K), 0.0235240 secs]
36283.181: [GC [PSYoungGen: 42999K->1313K(45632K)] 884398K->843950K(977728K), 0.0508220 secs]
36349.885: [GC [PSYoungGen: 42138K->1362K(42176K)] 884776K->844665K(974272K), 0.0195810 secs]
36390.281: [GC [PSYoungGen: 42130K->1069K(45440K)] 885433K->845270K(977536K), 0.0196990 secs]
36427.901: [GC [PSYoungGen: 41768K->1295K(41984K)] 885970K->846057K(974080K), 0.0229870 secs]
36477.236: [GC [PSYoungGen: 41933K->1172K(45056K)] 886695K->846653K(977152K), 0.0232050 secs]
36509.423: [GC [PSYoungGen: 41748K->1663K(42176K)] 887229K->847626K(974272K), 0.0192900 secs]
36589.692: [GC [PSYoungGen: 42175K->1227K(44544K)] 888138K->848014K(976640K), 0.0269050 secs]
36708.961: [GC [PSYoungGen: 41670K->3123K(44672K)] 888456K->850499K(976768K), 0.0302120 secs]
36749.038: [GC [PSYoungGen: 43507K->1378K(44544K)] 890883K->849245K(976640K), 0.0185730 secs]
36812.461: [GC [PSYoungGen: 41698K->1538K(41856K)] 889565K->850175K(973952K), 0.0260650 secs]
36856.822: [GC [PSYoungGen: 41794K->1334K(44096K)] 890431K->850894K(976192K), 0.0200560 secs]
36914.812: [GC [PSYoungGen: 41526K->1115K(41280K)] 891086K->851234K(973376K), 0.0188920 secs]
36924.245: [GC [PSYoungGen: 41243K->1346K(43648K)] 891362K->852028K(975744K), 0.0286120 secs]
36964.308: [GC [PSYoungGen: 41409K->1312K(41344K)] 892091K->852645K(973440K), 0.0365240 secs]
37062.879: [GC [PSYoungGen: 41312K->1904K(43328K)] 892645K->854081K(975424K), 0.0435280 secs]
37106.541: [GC [PSYoungGen: 41840K->1182K(41088K)] 894017K->854592K(973184K), 0.0401570 secs]
37133.006: [GC [PSYoungGen: 41054K->972K(43136K)] 894464K->854990K(975232K), 0.0183570 secs]
37203.799: [GC [PSYoungGen: 40771K->1745K(41536K)] 894789K->856082K(973632K), 0.0450410 secs]
37260.096: [GC [PSYoungGen: 41489K->3326K(41984K)] 895826K->859409K(974080K), 0.0335090 secs]
37277.528: [GC [PSYoungGen: 41982K->497K(39104K)] 898065K->859260K(971200K), 0.0270750 secs]
37371.600: [GC [PSYoungGen: 39089K->1884K(42496K)] 897852K->860813K(974592K), 0.0532050 secs]
37495.772: [GC [PSYoungGen: 40412K->2106K(40576K)] 899341K->862178K(972672K), 0.0227750 secs]
37593.613: [GC [PSYoungGen: 40567K->1658K(42048K)] 900638K->863049K(974144K), 0.0224760 secs]
37656.729: [GC [PSYoungGen: 40058K->1283K(39680K)] 901449K->863789K(971776K), 0.1772570 secs]
37686.919: [GC [PSYoungGen: 39619K->1512K(41728K)] 902125K->864998K(973824K), 0.0198000 secs]
37755.331: [GC [PSYoungGen: 39784K->1698K(39936K)] 903270K->866012K(972032K), 0.0203370 secs]
37775.261: [GC [PSYoungGen: 39906K->622K(41536K)] 904220K->865966K(973632K), 0.0341570 secs]
37862.792: [GC [PSYoungGen: 38766K->3011K(41536K)] 904110K->868687K(973632K), 0.0294520 secs]
37893.983: [GC [PSYoungGen: 41091K->673K(41728K)] 906767K->866976K(973824K), 0.0181120 secs]
37960.999: [GC [PSYoungGen: 38689K->806K(38784K)] 904992K->867583K(970880K), 0.0322250 secs]
38004.447: [GC [PSYoungGen: 38758K->818K(41408K)] 905535K->868018K(973504K), 0.0414570 secs]
38018.720: [GC [PSYoungGen: 38706K->836K(38720K)] 905906K->868475K(970816K), 0.0513680 secs]
38035.909: [GC [PSYoungGen: 38660K->455K(41216K)] 906299K->868527K(973312K), 0.0331200 secs]
38049.194: [GC [PSYoungGen: 38215K->2736K(41216K)] 906287K->871133K(973312K), 0.0417830 secs]
38059.133: [GC [PSYoungGen: 40432K->1756K(41152K)] 908829K->870377K(973248K), 0.0359440 secs]
38069.523: [GC [PSYoungGen: 39388K->1173K(41344K)] 908009K->870002K(973440K), 0.7671460 secs]
38077.319: [GC [PSYoungGen: 38805K->2920K(48384K)] 907634K->871938K(980480K), 0.0387090 secs]
38086.974: [GC [PSYoungGen: 47784K->2270K(48704K)] 916802K->871334K(980800K), 0.4680350 secs]
38096.018: [GC [PSYoungGen: 47134K->696K(57664K)] 916198K->869935K(989760K), 0.0523550 secs]
38104.671: [GC [PSYoungGen: 54584K->2694K(57728K)] 923823K->872006K(989824K), 0.1657210 secs]
38113.792: [GC [PSYoungGen: 56582K->1236K(68352K)] 925894K->870931K(1000448K), 0.0343630 secs]
38124.536: [GC [PSYoungGen: 65940K->1474K(68544K)] 935635K->871287K(1000640K), 0.0277970 secs]
38132.802: [GC [PSYoungGen: 66178K->2720K(81088K)] 935991K->872736K(1013184K), 0.0380140 secs]
38176.944: [GC [PSYoungGen: 80152K->1029K(78272K)] 950169K->871119K(1010368K), 0.0193180 secs]
38253.272: [GC [PSYoungGen: 78213K->2620K(80704K)] 948303K->873296K(1012800K), 0.0238700 secs]
38319.207: [GC [PSYoungGen: 79548K->2674K(79360K)] 950224K->874896K(1011456K), 0.0262500 secs]
38458.792: [GC [PSYoungGen: 79346K->4030K(79168K)] 951568K->878815K(1011264K), 0.0392910 secs]
38609.475: [GC [PSYoungGen: 79166K->2802K(77696K)] 953951K->879758K(1009792K), 0.0858310 secs]
38713.942: [GC [PSYoungGen: 77682K->2440K(79296K)] 954638K->880782K(1011392K), 0.0524260 secs]
38867.053: [GC [PSYoungGen: 77064K->3949K(79552K)] 955406K->883815K(1011648K), 0.0941650 secs]
39005.726: [GC [PSYoungGen: 78317K->2629K(78784K)] 958183K->885327K(1010880K), 0.0405760 secs]
39109.889: [GC [PSYoungGen: 76741K->5147K(79040K)] 959439K->889510K(1011136K), 0.0621040 secs]
39192.214: [GC [PSYoungGen: 79003K->2105K(78848K)] 963366K->888429K(1010944K), 0.0419690 secs]
39270.909: [GC [PSYoungGen: 75705K->1908K(75264K)] 962029K->889446K(1007360K), 0.0273810 secs]
39380.427: [GC [PSYoungGen: 75252K->3323K(78272K)] 962790K->891575K(1010368K), 0.0311790 secs]
39527.987: [GC [PSYoungGen: 76411K->3695K(76544K)] 964663K->894084K(1008640K), 0.0271560 secs]
39612.296: [GC [PSYoungGen: 76527K->3198K(77696K)] 966916K->896145K(1009792K), 0.0418870 secs]
39670.654: [GC [PSYoungGen: 75772K->2244K(74624K)] 968719K->896209K(1006720K), 0.0223210 secs]
39938.113: [GC [PSYoungGen: 74564K->3164K(76864K)] 968529K->898733K(1008960K), 0.0508710 secs]
40127.775: [GC [PSYoungGen: 75228K->3662K(75520K)] 970797K->901560K(1007616K), 0.0339430 secs]
40379.338: [GC [PSYoungGen: 75470K->4865K(76672K)] 973368K->905296K(1008768K), 0.0482300 secs]
40559.743: [GC [PSYoungGen: 76225K->3702K(74880K)] 976656K->906575K(1006976K), 0.0394230 secs]
40815.642: [GC [PSYoungGen: 74870K->5228K(76352K)] 977743K->910455K(1008448K), 0.0464350 secs]
40940.579: [GC [PSYoungGen: 75873K->2779K(73280K)] 981100K->910569K(1005376K), 0.0332920 secs]
41158.899: [GC [PSYoungGen: 73243K->3403K(75648K)] 981033K->913158K(1007744K), 0.0356110 secs]
41303.227: [GC [PSYoungGen: 73675K->3339K(73472K)] 983430K->915542K(1005568K), 0.0397740 secs]
41434.843: [GC [PSYoungGen: 73415K->4539K(75392K)] 985618K->919280K(1007488K), 0.0429590 secs]
41612.608: [GC [PSYoungGen: 74363K->2796K(72448K)] 989104K->919530K(1004544K), 0.0312700 secs]
41816.127: [GC [PSYoungGen: 72428K->3995K(74944K)] 989162K->922719K(1007040K), 0.0430820 secs]
42010.738: [GC [PSYoungGen: 73435K->3741K(73024K)] 992159K->925503K(1005120K), 0.0343470 secs]
42229.584: [GC [PSYoungGen: 72989K->4962K(74496K)] 994751K->929445K(1006592K), 0.0506900 secs]
42383.959: [GC [PSYoungGen: 73890K->1696K(70464K)] 998373K->930139K(1002560K), 0.0383920 secs]
42384.024: [Full GC [PSYoungGen: 1696K->0K(70464K)] [PSOldGen: 928442K->125867K(932096K)] 930139K->125867K(1002560K) [PSPermGen: 37030K->37030K(65536K)], 117.0312620 secs]
42542.597: [GC [PSYoungGen: 68736K->5374K(74304K)] 194603K->131241K(1006400K), 1.1300710 secs]
42675.092: [GC [PSYoungGen: 73662K->6459K(74560K)] 199529K->135768K(1006656K), 1.2716350 secs]
42870.560: [GC [PSYoungGen: 74555K->3574K(75584K)] 203864K->138583K(1007680K), 1.1188040 secs]
43050.747: [GC [PSYoungGen: 71473K->3825K(71552K)] 206482K->141589K(1003648K), 0.3748490 secs]
43223.306: [GC [PSYoungGen: 71537K->4623K(74816K)] 209301K->144820K(1006912K), 0.2059630 secs]
43389.743: [GC [PSYoungGen: 72143K->3492K(70848K)] 212340K->145918K(1002944K), 0.4245040 secs]
43472.430: [GC [PSYoungGen: 70791K->2596K(74240K)] 213217K->147154K(1006336K), 0.2046840 secs]
43533.685: [GC [PSYoungGen: 69718K->1177K(74304K)] 214276K->147137K(1006400K), 0.1221570 secs]
43614.760: [GC [PSYoungGen: 68120K->2566K(73728K)] 214080K->149331K(1005824K), 0.2162060 secs]
43691.733: [GC [PSYoungGen: 69318K->2381K(68992K)] 216083K->150693K(1001088K), 0.1741910 secs]
43750.316: [GC [PSYoungGen: 68941K->1954K(73088K)] 217253K->151783K(1005184K), 0.2469700 secs]
43876.151: [GC [PSYoungGen: 68322K->4742K(73216K)] 218151K->155442K(1005312K), 0.1138890 secs]
43973.945: [GC [PSYoungGen: 70918K->3847K(72512K)] 221618K->154548K(1004608K), 0.0138130 secs]
44071.251: [GC [PSYoungGen: 69831K->4992K(72768K)] 220532K->155692K(1004864K), 0.0152020 secs]
44129.689: [GC [PSYoungGen: 70784K->5832K(72448K)] 221484K->156532K(1004544K), 0.0166180 secs]
44219.733: [GC [PSYoungGen: 71112K->6810K(72768K)] 221812K->157510K(1004864K), 0.0285830 secs]
44269.313: [GC [PSYoungGen: 71898K->8209K(72384K)] 222598K->158909K(1004480K), 0.0468690 secs]
44334.956: [GC [PSYoungGen: 72209K->9465K(73280K)] 222909K->161111K(1005376K), 0.1185090 secs]
44384.235: [GC [PSYoungGen: 73273K->8935K(74176K)] 224919K->162725K(1006272K), 0.6369070 secs]
44447.390: [GC [PSYoungGen: 71922K->11186K(74752K)] 225712K->166759K(1006848K), 0.2843870 secs]
44541.710: [GC [PSYoungGen: 74034K->8334K(76032K)] 229607K->166296K(1008128K), 0.4560180 secs]
44636.937: [GC [PSYoungGen: 70990K->6905K(69376K)] 228952K->168206K(1001472K), 0.4881050 secs]
44783.817: [GC [PSYoungGen: 69369K->5246K(74176K)] 230670K->170184K(1006272K), 0.3447970 secs]
44865.446: [GC [PSYoungGen: 67518K->2154K(64256K)] 232456K->171309K(996352K), 1.2237560 secs]
45005.680: [GC [PSYoungGen: 64234K->3566K(73792K)] 233389K->173812K(1005888K), 0.1806610 secs]
45019.231: [GC [PSYoungGen: 65454K->2481K(74240K)] 235700K->175249K(1006336K), 0.6042740 secs]
45121.321: [GC [PSYoungGen: 64369K->2278K(83264K)] 237137K->175176K(1015360K), 0.0514530 secs]
45157.980: [GC [PSYoungGen: 74150K->2900K(83904K)] 247048K->177307K(1016000K), 1.0855140 secs]
45183.991: [GC [PSYoungGen: 74751K->1041K(95040K)] 249158K->176072K(1027136K), 0.1250370 secs]
45211.074: [GC [PSYoungGen: 84817K->789K(95424K)] 259848K->176346K(1027520K), 0.1516720 secs]
45284.829: [GC [PSYoungGen: 84536K->1167K(104192K)] 260093K->176997K(1036288K), 0.0411580 secs]
45368.483: [GC [PSYoungGen: 94479K->3433K(104576K)] 270309K->179887K(1036672K), 0.3484410 secs]
45421.179: [GC [PSYoungGen: 96745K->1648K(104896K)] 273199K->179177K(1036992K), 0.4586720 secs]
45549.462: [GC [PSYoungGen: 96303K->2675K(96896K)] 273832K->181164K(1028992K), 0.2360690 secs]
45723.991: [GC [PSYoungGen: 96883K->6085K(103488K)] 275372K->185940K(1035584K), 0.0685470 secs]
45856.042: [GC [PSYoungGen: 99845K->2912K(96320K)] 279700K->185258K(1028416K), 0.4511900 secs]
46002.949: [GC [PSYoungGen: 96280K->2882K(101312K)] 278626K->186903K(1033408K), 0.3779400 secs]
46129.774: [GC [PSYoungGen: 95874K->2915K(95552K)] 279895K->188735K(1027648K), 0.5049520 secs]
46240.397: [GC [PSYoungGen: 95523K->5630K(100928K)] 281343K->193585K(1033024K), 0.0501050 secs]
46388.779: [GC [PSYoungGen: 97849K->3545K(95424K)] 285804K->193596K(1027520K), 0.9515710 secs]
46444.239: [GC [PSYoungGen: 95385K->3347K(100672K)] 285436K->195644K(1032768K), 1.1731890 secs]
46576.654: [GC [PSYoungGen: 95568K->2866K(94720K)] 287864K->196852K(1026816K), 0.2351380 secs]
46669.791: [GC [PSYoungGen: 94706K->2501K(99840K)] 288692K->198212K(1031936K), 1.2844480 secs]
46706.375: [GC [PSYoungGen: 94597K->1497K(99584K)] 290308K->198808K(1031680K), 1.2032620 secs]
46869.455: [GC [PSYoungGen: 93591K->5753K(108032K)] 290902K->204061K(1040128K), 0.9246040 secs]
46998.857: [GC [PSYoungGen: 106361K->3010K(108544K)] 304669K->203985K(1040640K), 1.1390620 secs]
47192.779: [GC [PSYoungGen: 103611K->7602K(104256K)] 304586K->211889K(1036352K), 0.4350390 secs]
47389.659: [GC [PSYoungGen: 104242K->4874K(106560K)] 308529K->214074K(1038656K), 0.4627690 secs]
47669.662: [GC [PSYoungGen: 101514K->6236K(105088K)] 310714K->218941K(1037184K), 0.4539690 secs]
47845.178: [GC [PSYoungGen: 102428K->4341K(100096K)] 315133K->220600K(1032192K), 0.5936520 secs]
47860.083: [GC [PSYoungGen: 100078K->712K(104832K)] 316337K->219873K(1036928K), 0.7951330 secs]
47950.503: [GC [PSYoungGen: 96257K->3022K(105024K)] 315418K->222538K(1037120K), 0.0780680 secs]
48112.569: [GC [PSYoungGen: 98574K->6147K(106496K)] 318090K->227858K(1038592K), 0.1718750 secs]
48332.532: [GC [PSYoungGen: 103555K->3747K(106816K)] 325266K->228269K(1038912K), 0.1755500 secs]
48550.768: [GC [PSYoungGen: 101155K->5035K(104640K)] 325677K->231794K(1036736K), 0.4012160 secs]
48826.409: [GC [PSYoungGen: 101995K->6475K(103040K)] 328754K->236834K(1035136K), 0.5183330 secs]
49070.801: [GC [PSYoungGen: 102987K->4141K(104000K)] 333346K->238023K(1036096K), 0.4046270 secs]
49358.077: [GC [PSYoungGen: 100205K->6657K(102336K)] 334087K->243563K(1034432K), 1.0675770 secs]
49646.861: [GC [PSYoungGen: 102273K->4044K(103232K)] 339179K->244219K(1035328K), 0.3054010 secs]
49839.910: [GC [PSYoungGen: 99212K->7346K(103552K)] 339387K->250366K(1035648K), 1.0980980 secs]
50131.124: [GC [PSYoungGen: 102066K->5232K(102592K)] 345086K->252332K(1034688K), 0.3013580 secs]
50357.698: [GC [PSYoungGen: 99504K->5359K(99200K)] 346604K->256070K(1031296K), 0.2658860 secs]
50531.668: [GC [PSYoungGen: 99183K->6501K(102272K)] 349894K->261179K(1034368K), 0.6041510 secs]
50665.324: [GC [PSYoungGen: 99936K->3699K(96768K)] 354614K->261787K(1028864K), 0.0748870 secs]
50756.179: [GC [PSYoungGen: 96755K->5318K(100672K)] 354843K->263406K(1032768K), 0.0169580 secs]
50850.387: [GC [PSYoungGen: 97990K->7399K(100928K)] 356078K->265487K(1033024K), 0.0311180 secs]
50935.940: [GC [PSYoungGen: 99687K->9143K(100352K)] 357775K->267343K(1032448K), 0.0503450 secs]
51042.029: [GC [PSYoungGen: 100343K->7973K(101056K)] 358543K->270294K(1033152K), 0.6078340 secs]
51150.419: [GC [PSYoungGen: 98789K->8738K(100928K)] 361110K->271059K(1033024K), 0.0315960 secs]
51226.655: [GC [PSYoungGen: 98978K->9468K(101120K)] 361299K->271789K(1033216K), 0.0252180 secs]
51282.088: [GC [PSYoungGen: 99324K->10104K(101056K)] 361645K->272425K(1033152K), 0.0271310 secs]
51369.217: [GC [PSYoungGen: 99192K->11747K(101440K)] 361513K->274068K(1033536K), 0.0303300 secs]
51488.739: [GC [PSYoungGen: 100449K->13098K(99584K)] 362770K->275419K(1031680K), 0.0488870 secs]
51598.590: [GC [PSYoungGen: 98730K->14836K(100160K)] 361051K->277157K(1032256K), 0.3322410 secs]
51637.390: [GC [PSYoungGen: 100148K->15995K(92672K)] 362469K->280413K(1024768K), 0.3694960 secs]
51816.761: [GC [PSYoungGen: 92667K->15541K(91968K)] 357085K->282843K(1024064K), 0.2665870 secs]
51950.613: [GC [PSYoungGen: 91957K->15564K(93504K)] 359259K->284621K(1025600K), 0.2363990 secs]
52091.172: [GC [PSYoungGen: 88012K->15182K(87424K)] 357069K->286561K(1019520K), 0.2268930 secs]
52156.187: [GC [PSYoungGen: 87349K->15620K(92928K)] 358729K->286999K(1025024K), 0.0444840 secs]
52294.840: [GC [PSYoungGen: 86020K->18788K(88960K)] 357399K->290167K(1021056K), 0.0552780 secs]
52337.945: [GC [PSYoungGen: 88932K->16968K(90880K)] 360311K->288347K(1022976K), 0.3408070 secs]
52358.547: [GC [PSYoungGen: 83272K->15744K(81920K)] 354651K->288568K(1014016K), 0.3988750 secs]
52377.456: [GC [PSYoungGen: 81856K->15193K(91520K)] 354680K->290498K(1023616K), 1.4122430 secs]
52391.874: [GC [PSYoungGen: 81753K->13564K(80128K)] 357058K->292438K(1012224K), 1.2457790 secs]
52402.449: [GC [PSYoungGen: 80124K->5964K(90368K)] 358998K->288905K(1022464K), 1.1449750 secs]
52421.340: [GC [PSYoungGen: 72780K->6022K(90560K)] 355721K->291533K(1022656K), 0.7758550 secs]
52454.233: [GC [PSYoungGen: 72837K->1620K(91584K)] 358347K->289103K(1023680K), 0.6441260 secs]
52551.941: [GC [PSYoungGen: 69447K->2562K(70464K)] 356930K->290512K(1002560K), 0.0913640 secs]
52606.532: [GC [PSYoungGen: 70402K->3790K(92416K)] 358352K->292060K(1024512K), 0.0253250 secs]
52678.482: [GC [PSYoungGen: 71822K->5120K(73216K)] 360092K->293822K(1005312K), 0.0985770 secs]
52756.234: [GC [PSYoungGen: 73152K->3486K(91776K)] 361854K->294711K(1023872K), 1.4129150 secs]
52901.271: [GC [PSYoungGen: 71966K->4762K(91328K)] 363191K->298557K(1023424K), 0.2634530 secs]
53049.371: [GC [PSYoungGen: 73242K->3348K(92928K)] 367037K->298949K(1025024K), 1.1627130 secs]
53136.048: [GC [PSYoungGen: 74254K->2472K(92352K)] 369855K->300162K(1024448K), 0.6615640 secs]
53310.150: [GC [PSYoungGen: 73384K->3018K(94336K)] 371074K->302144K(1026432K), 0.2191630 secs]
53383.996: [GC [PSYoungGen: 76746K->2430K(93952K)] 375872K->303668K(1026048K), 0.4398830 secs]
53454.185: [GC [PSYoungGen: 76158K->4631K(95232K)] 377396K->306864K(1027328K), 0.4273680 secs]
53539.368: [GC [PSYoungGen: 81303K->2420K(78848K)] 383536K->306313K(1010944K), 0.2125020 secs]
53609.880: [GC [PSYoungGen: 78836K->2345K(94976K)] 382729K->307707K(1027072K), 0.8221440 secs]
53686.230: [GC [PSYoungGen: 79400K->2134K(78976K)] 384762K->309005K(1011072K), 0.1707560 secs]
53805.688: [GC [PSYoungGen: 78934K->3273K(91264K)] 385805K->311361K(1023360K), 0.2254780 secs]
53873.429: [GC [PSYoungGen: 79817K->2473K(78784K)] 387905K->312648K(1010880K), 0.3302780 secs]
53945.074: [GC [PSYoungGen: 78761K->2098K(91968K)] 388936K->313748K(1024064K), 1.8254890 secs]
54057.972: [GC [PSYoungGen: 78962K->6284K(91392K)] 390612K->319301K(1023488K), 1.5244310 secs]
54145.667: [GC [PSYoungGen: 83148K->2511K(101376K)] 396165K->318620K(1033472K), 0.3846930 secs]
54273.748: [GC [PSYoungGen: 89935K->3738K(101056K)] 406044K->321584K(1033152K), 0.5049440 secs]
54350.003: [GC [PSYoungGen: 91162K->3317K(102144K)] 409008K->323870K(1034240K), 0.4900770 secs]
54466.392: [GC [PSYoungGen: 92917K->4710K(93952K)] 413470K->327474K(1026048K), 0.4938280 secs]
54601.658: [GC [PSYoungGen: 93926K->4995K(99072K)] 416690K->331370K(1031168K), 0.3852090 secs]
54759.149: [GC [PSYoungGen: 93821K->6833K(95296K)] 420195K->336440K(1027392K), 0.4970170 secs]
54940.724: [GC [PSYoungGen: 95281K->4170K(97728K)] 424888K->337266K(1029824K), 1.3857620 secs]
55139.941: [GC [PSYoungGen: 92234K->5611K(93312K)] 425330K->341501K(1025408K), 0.3790770 secs]
55259.364: [GC [PSYoungGen: 93282K->6874K(97792K)] 429173K->347023K(1029888K), 0.4374880 secs]
55459.688: [GC [PSYoungGen: 94161K->5988K(92928K)] 434311K->349687K(1025024K), 0.3526730 secs]
55613.789: [GC [PSYoungGen: 92900K->3566K(96064K)] 436599K->352011K(1028160K), 0.3764990 secs]
55796.538: [GC [PSYoungGen: 90094K->3933K(90176K)] 438539K->354827K(1022272K), 0.3308560 secs]
56029.871: [GC [PSYoungGen: 90141K->6477K(95680K)] 441035K->360235K(1027776K), 0.2165420 secs]
56269.798: [GC [PSYoungGen: 92365K->3729K(89344K)] 446123K->361034K(1021440K), 0.3597130 secs]
56479.461: [GC [PSYoungGen: 89297K->7522K(94784K)] 446602K->364827K(1026880K), 0.0328070 secs]
56686.117: [GC [PSYoungGen: 92578K->8989K(94976K)] 449883K->366293K(1027072K), 0.0300390 secs]
56800.112: [GC [PSYoungGen: 93725K->11124K(94208K)] 451029K->368794K(1026304K), 0.1532470 secs]
56985.548: [GC [PSYoungGen: 94196K->10595K(95552K)] 451866K->372289K(1027648K), 0.8634670 secs]
57188.680: [GC [PSYoungGen: 93347K->13817K(94336K)] 455041K->376247K(1026432K), 0.5056900 secs]
57345.959: [GC [PSYoungGen: 94328K->12483K(96256K)] 456758K->380240K(1028352K), 0.5542790 secs]
57499.819: [GC [PSYoungGen: 92675K->12674K(96384K)] 460432K->383631K(1028480K), 0.4222150 secs]
57662.100: [GC [PSYoungGen: 91970K->12566K(96960K)] 462927K->387737K(1029056K), 1.4743900 secs]
57762.037: [GC [PSYoungGen: 91542K->5234K(96128K)] 466713K->386832K(1028224K), 1.4186220 secs]
57886.395: [GC [PSYoungGen: 83882K->2489K(80896K)] 465480K->388454K(1012992K), 0.4889230 secs]
57986.320: [GC [PSYoungGen: 80889K->2380K(95872K)] 466854K->389822K(1027968K), 0.3582350 secs]
58016.156: [GC [PSYoungGen: 80524K->1253K(96256K)] 467966K->390233K(1028352K), 1.8386600 secs]
58087.702: [GC [PSYoungGen: 79397K->3183K(97152K)] 468377K->392620K(1029248K), 0.1221570 secs]
58116.112: [GC [PSYoungGen: 83502K->1448K(97792K)] 472939K->392795K(1029888K), 0.2735330 secs]
58211.066: [GC [PSYoungGen: 81768K->4883K(96832K)] 473115K->396929K(1028928K), 0.1277440 secs]
58341.717: [GC [PSYoungGen: 86675K->4551K(98048K)] 478721K->400150K(1030144K), 0.9777120 secs]
58442.982: [GC [PSYoungGen: 86343K->3728K(98432K)] 481942K->402229K(1030528K), 0.5804060 secs]
58528.971: [GC [PSYoungGen: 88528K->2575K(87104K)] 487029K->403505K(1019200K), 0.1916960 secs]
58614.682: [GC [PSYoungGen: 87055K->3241K(96960K)] 487985K->405483K(1029056K), 0.2160120 secs]
58725.201: [GC [PSYoungGen: 87401K->3095K(86976K)] 489643K->407130K(1019072K), 0.1488360 secs]
58863.651: [GC [PSYoungGen: 86935K->6065K(95680K)] 490970K->411634K(1027776K), 0.3574480 secs]
58953.410: [GC [PSYoungGen: 89585K->2581K(96320K)] 495154K->410931K(1028416K), 2.4104120 secs]
59134.139: [GC [PSYoungGen: 86101K->3692K(102144K)] 494451K->413619K(1034240K), 0.3406420 secs]
59308.976: [GC [PSYoungGen: 94944K->4868K(95808K)] 504871K->417120K(1027904K), 0.3239400 secs]
59413.000: [GC [PSYoungGen: 95748K->4566K(100032K)] 508000K->419924K(1032128K), 0.0513420 secs]
59509.011: [GC [PSYoungGen: 95062K->2642K(92800K)] 510420K->419621K(1024896K), 0.0305580 secs]
59550.710: [GC [PSYoungGen: 92750K->1171K(99520K)] 509729K->419906K(1031616K), 0.0860570 secs]
59572.989: [GC [PSYoungGen: 90899K->476K(89856K)] 509634K->419841K(1021952K), 0.0436920 secs]
59592.383: [GC [PSYoungGen: 89820K->794K(98560K)] 509185K->420292K(1030656K), 0.0184800 secs]
59605.586: [GC [PSYoungGen: 89754K->1172K(89792K)] 509252K->420670K(1021888K), 0.1516650 secs]
59620.934: [GC [PSYoungGen: 89748K->4055K(96960K)] 509246K->424039K(1029056K), 0.1898620 secs]
59635.897: [GC [PSYoungGen: 92247K->2009K(97664K)] 512231K->422405K(1029760K), 0.2267730 secs]
59648.779: [GC [PSYoungGen: 90201K->7401K(105472K)] 510597K->428196K(1037568K), 1.7787050 secs]
59679.114: [GC [PSYoungGen: 103781K->1689K(106432K)] 524575K->422725K(1038528K), 0.0448460 secs]
59783.294: [GC [PSYoungGen: 98070K->3601K(104960K)] 519106K->425668K(1037056K), 0.3471680 secs]
59885.089: [GC [PSYoungGen: 100305K->3512K(105856K)] 522372K->427933K(1037952K), 0.3949650 secs]
60001.463: [GC [PSYoungGen: 100216K->3713K(106176K)] 524637K->429935K(1038272K), 0.3462630 secs]
60205.225: [GC [PSYoungGen: 102401K->6237K(106944K)] 528623K->434714K(1039040K), 0.1761620 secs]
60396.467: [GC [PSYoungGen: 104925K->5201K(107584K)] 533402K->436582K(1039680K), 0.4109540 secs]
60579.620: [GC [PSYoungGen: 104009K->4279K(103104K)] 535390K->439431K(1035200K), 0.9095510 secs]
60708.505: [GC [PSYoungGen: 103095K->6121K(106880K)] 538247K->444127K(1038976K), 0.3850970 secs]
60841.168: [GC [PSYoungGen: 104489K->3068K(100992K)] 542495K->443703K(1033088K), 0.4139850 secs]
60979.889: [GC [PSYoungGen: 100988K->3999K(104704K)] 541623K->446253K(1036800K), 0.2377080 secs]
61110.274: [GC [PSYoungGen: 101471K->5829K(102912K)] 543725K->450592K(1035008K), 0.3162220 secs]
61261.091: [GC [PSYoungGen: 102844K->6619K(104960K)] 547607K->455543K(1037056K), 0.7109770 secs]
61483.154: [GC [PSYoungGen: 103195K->4350K(100480K)] 552119K->456866K(1032576K), 0.4412800 secs]
61643.174: [GC [PSYoungGen: 100478K->4548K(102912K)] 552994K->460233K(1035008K), 2.5820780 secs]
61853.528: [GC [PSYoungGen: 100228K->6700K(103296K)] 555913K->465654K(1035392K), 0.2499400 secs]
62076.732: [GC [PSYoungGen: 101932K->4850K(102272K)] 560886K->467174K(1034368K), 0.7270370 secs]
62261.464: [GC [PSYoungGen: 99634K->4051K(98432K)] 561958K->470079K(1030528K), 0.5444610 secs]
62454.826: [GC [PSYoungGen: 98387K->6868K(101824K)] 564415K->475415K(1033920K), 0.2334520 secs]
62641.220: [GC [PSYoungGen: 100690K->4285K(97728K)] 569237K->476478K(1029824K), 0.3240730 secs]
62841.565: [GC [PSYoungGen: 97725K->4619K(100352K)] 569918K->479744K(1032448K), 0.1385080 secs]
63078.963: [GC [PSYoungGen: 97675K->6222K(98944K)] 572800K->484709K(1031040K), 0.5580760 secs]
63124.046: [GC [PSYoungGen: 98886K->6160K(100288K)] 577372K->484646K(1032384K), 0.0231400 secs]
63168.080: [GC [PSYoungGen: 98448K->8242K(100160K)] 576934K->491751K(1032256K), 1.0190740 secs]
63170.297: [GC [PSYoungGen: 100146K->11002K(89344K)] 583655K->512603K(1021440K), 2.9461490 secs]
63175.422: [GC [PSYoungGen: 89338K->1989K(97408K)] 590939K->514614K(1029504K), 1.4404850 secs]
63178.638: [GC [PSYoungGen: 80325K->1901K(97024K)] 592950K->515712K(1029120K), 0.1928760 secs]
63208.687: [GC [PSYoungGen: 80237K->4210K(82560K)] 594048K->519111K(1014656K), 0.2762070 secs]
63345.837: [GC [PSYoungGen: 82546K->4974K(97920K)] 597447K->523412K(1030016K), 1.4683450 secs]
63481.291: [GC [PSYoungGen: 84718K->3870K(97088K)] 603156K->526204K(1029184K), 0.8192020 secs]
63645.128: [GC [PSYoungGen: 83614K->6173K(98112K)] 605948K->531392K(1030208K), 0.2001490 secs]
63781.091: [GC [PSYoungGen: 88157K->3102K(97664K)] 613376K->531506K(1029760K), 0.6016800 secs]
63934.572: [GC [PSYoungGen: 84847K->4857K(100032K)] 613251K->535549K(1032128K), 0.1950650 secs]
64136.038: [GC [PSYoungGen: 90297K->5406K(99968K)] 620989K->539901K(1032064K), 0.4592500 secs]
64298.198: [GC [PSYoungGen: 90846K->5835K(101184K)] 625341K->544536K(1033280K), 2.7121070 secs]
64535.717: [GC [PSYoungGen: 93963K->4062K(101120K)] 632664K->545339K(1033216K), 0.2577740 secs]
64719.985: [GC [PSYoungGen: 92190K->3449K(103168K)] 633467K->547736K(1035264K), 0.9127280 secs]
64832.002: [GC [PSYoungGen: 94201K->5859K(102976K)] 638488K->552729K(1035072K), 0.3243310 secs]
65023.640: [GC [PSYoungGen: 96610K->4633K(103808K)] 643480K->554302K(1035904K), 3.4529100 secs]
65104.960: [GC [PSYoungGen: 96910K->2392K(103552K)] 646578K->555010K(1035648K), 0.5929120 secs]
65193.045: [GC [PSYoungGen: 94680K->3096K(104960K)] 647298K->557186K(1037056K), 0.1680750 secs]
65245.605: [GC [PSYoungGen: 97048K->2169K(104832K)] 651138K->558003K(1036928K), 1.0975750 secs]
65348.640: [GC [PSYoungGen: 96121K->3652K(104960K)] 651955K->560561K(1037056K), 1.9102880 secs]
65483.798: [GC [PSYoungGen: 98448K->5735K(105152K)] 655357K->564693K(1037248K), 1.2268960 secs]
65625.425: [GC [PSYoungGen: 100583K->2445K(105728K)] 659541K->563664K(1037824K), 1.1207770 secs]
65740.542: [GC [PSYoungGen: 98445K->3431K(105984K)] 659664K->565657K(1038080K), 0.5841910 secs]
65871.686: [GC [PSYoungGen: 99431K->4374K(105600K)] 661657K->568539K(1037696K), 2.1231680 secs]
65968.729: [GC [PSYoungGen: 101270K->2879K(105984K)] 665435K->569359K(1038080K), 2.0285660 secs]
66110.862: [GC [PSYoungGen: 99775K->5724K(107328K)] 666255K->573601K(1039424K), 0.3404980 secs]
66212.227: [GC [PSYoungGen: 104220K->3276K(101824K)] 672097K->573681K(1033920K), 0.2395200 secs]
66353.565: [GC [PSYoungGen: 101740K->4505K(105472K)] 672145K->576725K(1037568K), 0.1955290 secs]
66486.540: [GC [PSYoungGen: 102553K->5067K(102720K)] 674773K->580317K(1034816K), 0.9318050 secs]
66572.734: [GC [PSYoungGen: 102667K->2762K(104704K)] 677917K->581620K(1036800K), 0.2849050 secs]
66714.497: [GC [PSYoungGen: 99914K->6053K(102784K)] 678772K->586448K(1034880K), 0.3685310 secs]
66777.787: [GC [PSYoungGen: 102745K->5289K(105216K)] 683140K->588749K(1037312K), 1.9018810 secs]
66810.205: [GC [PSYoungGen: 102057K->2840K(105152K)] 685517K->587629K(1037248K), 2.9448090 secs]
66831.591: [GC [PSYoungGen: 99608K->1226K(107776K)] 684397K->587105K(1039872K), 2.0061990 secs]
66855.830: [GC [PSYoungGen: 100746K->1605K(107904K)] 686625K->587820K(1040000K), 1.2413880 secs]
66880.199: [GC [PSYoungGen: 101123K->628K(107968K)] 687338K->587501K(1040064K), 2.0618200 secs]
66899.185: [GC [PSYoungGen: 100212K->6696K(106304K)] 687085K->594011K(1038400K), 1.2642770 secs]
66916.738: [GC [PSYoungGen: 106280K->3441K(107840K)] 693595K->591059K(1039936K), 1.5885020 secs]
66934.130: [GC [PSYoungGen: 102129K->7127K(105856K)] 689747K->595730K(1037952K), 0.6432890 secs]
66954.877: [GC [PSYoungGen: 105815K->1900K(107200K)] 694418K->590876K(1039296K), 2.9999340 secs]
66972.738: [GC [PSYoungGen: 99692K->1660K(99456K)] 688668K->591048K(1031552K), 0.1758320 secs]
66989.968: [GC [PSYoungGen: 99452K->3023K(107328K)] 688840K->592760K(1039424K), 0.3767540 secs]
67006.726: [GC [PSYoungGen: 101263K->8632K(106880K)] 691000K->601829K(1038976K), 3.0165410 secs]
67025.989: [GC [PSYoungGen: 106872K->9593K(98304K)] 700069K->606481K(1030400K), 3.1388950 secs]
67042.084: [GC [PSYoungGen: 98297K->10755K(99520K)] 695185K->610386K(1031616K), 2.8564670 secs]
67059.149: [GC [PSYoungGen: 99459K->3118K(101888K)] 699090K->607759K(1033984K), 3.3716200 secs]
67071.631: [GC [PSYoungGen: 89966K->2800K(89664K)] 694607K->607680K(1021760K), 1.1512200 secs]
67086.046: [GC [PSYoungGen: 89648K->1140K(101248K)] 694528K->606318K(1033344K), 0.3746490 secs]
67098.520: [GC [PSYoungGen: 88180K->4288K(101056K)] 693358K->609719K(1033152K), 0.3274280 secs]
67161.992: [GC [PSYoungGen: 91323K->1132K(101632K)] 696754K->606634K(1033728K), 0.1419670 secs]
67218.875: [GC [PSYoungGen: 89575K->3961K(101440K)] 695077K->610088K(1033536K), 0.3065540 secs]
67376.725: [GC [PSYoungGen: 92409K->2829K(102976K)] 698536K->610100K(1035072K), 0.1237710 secs]
67536.745: [GC [PSYoungGen: 93645K->4219K(102528K)] 700916K->612932K(1034624K), 0.7226120 secs]
67691.752: [GC [PSYoungGen: 95035K->3567K(104192K)] 703748K->615395K(1036288K), 0.9804300 secs]
67872.344: [GC [PSYoungGen: 96751K->6741K(103616K)] 708579K->620578K(1035712K), 1.1007250 secs]
67977.334: [GC [PSYoungGen: 99925K->3314K(105472K)] 713762K->620035K(1037568K), 1.1815000 secs]
68107.964: [GC [PSYoungGen: 98610K->3406K(105600K)] 715331K->622152K(1037696K), 0.0896340 secs]
68269.196: [GC [PSYoungGen: 98702K->6180K(105664K)] 717448K->626880K(1037760K), 0.5673650 secs]
68365.940: [GC [PSYoungGen: 101988K->2647K(105856K)] 722688K->625925K(1037952K), 0.3928740 secs]
68471.061: [GC [PSYoungGen: 98455K->5765K(106368K)] 721733K->630921K(1038464K), 0.5831040 secs]
68643.817: [GC [PSYoungGen: 102341K->5181K(106368K)] 727497K->632381K(1038464K), 0.9908380 secs]
68814.299: [GC [PSYoungGen: 101755K->5723K(106496K)] 728955K->635992K(1038592K), 1.5435280 secs]
69001.046: [GC [PSYoungGen: 102678K->5882K(102400K)] 732947K->640360K(1034496K), 0.6216050 secs]
69182.171: [GC [PSYoungGen: 102394K->6638K(105536K)] 736872K->644642K(1037632K), 0.7083740 secs]
69381.155: [GC [PSYoungGen: 102702K->5348K(100992K)] 740706K->646633K(1033088K), 1.8406180 secs]
69543.234: [GC [PSYoungGen: 100964K->3927K(103616K)] 742249K->648842K(1035712K), 0.5105810 secs]
69701.175: [GC [PSYoungGen: 99095K->6478K(101248K)] 744010K->654131K(1033344K), 0.2794230 secs]
69883.567: [GC [PSYoungGen: 101198K->5073K(102336K)] 748851K->655934K(1034432K), 1.6571490 secs]
70056.273: [GC [PSYoungGen: 99345K->5550K(99392K)] 750206K->659979K(1031488K), 0.6054770 secs]
70217.767: [GC [PSYoungGen: 99361K->6518K(102144K)] 753789K->665081K(1034240K), 0.3650570 secs]
70447.965: [GC [PSYoungGen: 99958K->4417K(97536K)] 758521K->666363K(1029632K), 0.5267920 secs]
70562.560: [GC [PSYoungGen: 97473K->4733K(100416K)] 759419K->669820K(1032512K), 0.5281630 secs]
70643.575: [GC [PSYoungGen: 97405K->3302K(95616K)] 762492K->671822K(1027712K), 1.1351710 secs]
70835.869: [GC [PSYoungGen: 95590K->6488K(100288K)] 764110K->677434K(1032384K), 0.3774090 secs]
70999.261: [GC [PSYoungGen: 98392K->4286K(95808K)] 769338K->678702K(1027904K), 0.4396300 secs]
70999.933: [GC [PSYoungGen: 95777K->387K(99456K)] 770193K->678051K(1031552K), 0.2462040 secs]
71196.953: [GC [PSYoungGen: 91459K->4421K(99904K)] 769123K->682305K(1032000K), 0.0640030 secs]
71397.157: [GC [PSYoungGen: 95490K->5082K(107200K)] 773374K->686154K(1039296K), 0.6238000 secs]
71596.851: [GC [PSYoungGen: 104282K->6892K(107456K)] 785354K->691660K(1039552K), 0.5406700 secs]
71807.680: [GC [PSYoungGen: 106092K->5860K(107712K)] 790860K->694027K(1039808K), 1.2613380 secs]
72019.869: [GC [PSYoungGen: 104788K->7906K(106880K)] 792955K->700655K(1038976K), 2.6698540 secs]
72126.785: [GC [PSYoungGen: 106850K->6710K(106752K)] 799599K->703820K(1038848K), 0.7592740 secs]
72200.185: [GC [PSYoungGen: 103984K->4653K(101952K)] 801093K->707352K(1034048K), 0.9927600 secs]
72311.885: [GC [PSYoungGen: 101933K->3767K(106816K)] 804632K->709969K(1038912K), 3.3997340 secs]
72398.766: [GC [PSYoungGen: 101266K->2585K(106688K)] 807468K->711255K(1038784K), 0.2336210 secs]
72489.872: [GC [PSYoungGen: 100121K->3381K(107008K)] 808791K->713601K(1039104K), 0.4357000 secs]
72541.882: [GC [PSYoungGen: 101493K->2602K(107136K)] 811713K->714907K(1039232K), 0.6883000 secs]
72638.580: [GC [PSYoungGen: 100714K->7478K(106240K)] 813019K->721038K(1038336K), 0.1900500 secs]
72804.507: [GC [PSYoungGen: 104758K->5195K(106880K)] 818318K->722817K(1038976K), 0.2635710 secs]
72840.635: [GC [PSYoungGen: 102475K->1575K(106816K)] 820097K->722636K(1038912K), 1.2700260 secs]
72851.576: [GC [PSYoungGen: 99175K->2423K(107008K)] 820236K->724076K(1039104K), 0.0746690 secs]
72858.515: [GC [PSYoungGen: 100023K->1920K(106880K)] 821676K->723753K(1038976K), 0.1957310 secs]
72865.989: [GC [PSYoungGen: 99712K->1792K(107008K)] 821545K->723787K(1039104K), 0.2799020 secs]
72876.678: [GC [PSYoungGen: 99584K->3186K(106368K)] 821579K->725249K(1038464K), 0.3961960 secs]
72883.627: [GC [PSYoungGen: 101362K->1117K(106816K)] 823425K->723374K(1038912K), 0.1209390 secs]
72889.668: [GC [PSYoungGen: 99293K->2585K(107072K)] 821550K->725086K(1039168K), 0.4124650 secs]
72895.547: [GC [PSYoungGen: 101785K->500K(107456K)] 824286K->723476K(1039552K), 0.0950680 secs]
72899.792: [GC [PSYoungGen: 99700K->5520K(107520K)] 822676K->728539K(1039616K), 0.0475410 secs]
72904.605: [GC [PSYoungGen: 104720K->5776K(105024K)] 827739K->728855K(1037120K), 0.0606170 secs]
72910.120: [GC [PSYoungGen: 104976K->606K(107456K)] 828055K->723725K(1039552K), 0.0537410 secs]
72916.648: [GC [PSYoungGen: 99038K->6474K(104960K)] 822157K->729743K(1037056K), 0.1025680 secs]
72920.913: [GC [PSYoungGen: 104906K->6464K(105984K)] 828175K->729779K(1038080K), 0.0748240 secs]
72925.563: [GC [PSYoungGen: 102848K->548K(106432K)] 826163K->723919K(1038528K), 0.0403360 secs]
72930.541: [GC [PSYoungGen: 96932K->6544K(105536K)] 820303K->730084K(1037632K), 0.0587570 secs]
72934.460: [GC [PSYoungGen: 102032K->1074K(105984K)] 825572K->724668K(1038080K), 0.0394410 secs]
72939.853: [GC [PSYoungGen: 96562K->5663K(105920K)] 820156K->729317K(1038016K), 0.0965110 secs]
72945.711: [GC [PSYoungGen: 101343K->5063K(106048K)] 824997K->728844K(1038144K), 0.0913900 secs]
72950.269: [GC [PSYoungGen: 100743K->1495K(105792K)] 824524K->725721K(1037888K), 0.0499630 secs]
72955.315: [GC [PSYoungGen: 97431K->8156K(104128K)] 821657K->732478K(1036224K), 0.0723930 secs]
72960.521: [GC [PSYoungGen: 104092K->1401K(105664K)] 828414K->725792K(1037760K), 0.0309920 secs]
72967.212: [GC [PSYoungGen: 96057K->4832K(99520K)] 820448K->729287K(1031616K), 0.0553430 secs]
72970.921: [GC [PSYoungGen: 99488K->2454K(105600K)] 823943K->726952K(1037696K), 0.0320620 secs]
72977.191: [GC [PSYoungGen: 97558K->2656K(105152K)] 822056K->727370K(1037248K), 0.0355080 secs]
72981.011: [GC [PSYoungGen: 97760K->1408K(105792K)] 822474K->726181K(1037888K), 0.0308340 secs]
72987.426: [GC [PSYoungGen: 97536K->9456K(105600K)] 822309K->734528K(1037696K), 0.2903980 secs]
73114.085: [GC [PSYoungGen: 105584K->2579K(105728K)] 830656K->727852K(1037824K), 0.0601630 secs]
73209.303: [GC [PSYoungGen: 97419K->1894K(96768K)] 822692K->728704K(1028864K), 0.9704650 secs]
73309.685: [GC [PSYoungGen: 96742K->4954K(105536K)] 823552K->732490K(1037632K), 0.1682190 secs]
73473.552: [GC [PSYoungGen: 100058K->4425K(105280K)] 827594K->733741K(1037376K), 0.2387870 secs]
73659.630: [GC [PSYoungGen: 99529K->3894K(102080K)] 828845K->735954K(1034176K), 0.2677190 secs]
73813.764: [GC [PSYoungGen: 98513K->5803K(100032K)] 830573K->740205K(1032128K), 0.2142940 secs]
73886.029: [GC [PSYoungGen: 100011K->1841K(102400K)] 834413K->738613K(1034496K), 0.3699490 secs]
73924.978: [GC [PSYoungGen: 95562K->1865K(95296K)] 832334K->739721K(1027392K), 0.5131060 secs]
73951.043: [GC [PSYoungGen: 95241K->1978K(101120K)] 833097K->740540K(1033216K), 0.1220540 secs]
73970.122: [GC [PSYoungGen: 94970K->2288K(101760K)] 833532K->741150K(1033856K), 0.9252600 secs]
73984.109: [GC [PSYoungGen: 95280K->782K(107264K)] 834142K->739831K(1039360K), 0.8869920 secs]
74002.098: [GC [PSYoungGen: 100046K->634K(107648K)] 839095K->740159K(1039744K), 1.3323300 secs]
74139.419: [GC [PSYoungGen: 99898K->4187K(107904K)] 839423K->743832K(1040000K), 1.4643620 secs]
74157.216: [GC [PSYoungGen: 103963K->627K(108032K)] 843608K->742983K(1040128K), 0.1550670 secs]
74269.180: [GC [PSYoungGen: 100403K->3613K(107840K)] 842759K->746363K(1039936K), 0.0745660 secs]
74446.667: [GC [PSYoungGen: 103709K->5895K(106048K)] 846459K->750895K(1038144K), 0.3085730 secs]
74644.159: [GC [PSYoungGen: 105991K->3596K(108288K)] 850991K->751080K(1040384K), 0.3250840 secs]
74851.320: [GC [PSYoungGen: 103372K->4232K(104064K)] 850856K->753801K(1036160K), 0.2333630 secs]
75021.234: [GC [PSYoungGen: 104008K->5083K(107648K)] 853577K->757275K(1039744K), 0.4407760 secs]
75138.469: [GC [PSYoungGen: 104667K->3362K(102528K)] 856859K->757953K(1034624K), 0.5427320 secs]
75226.296: [GC [PSYoungGen: 102498K->2629K(105408K)] 857089K->758918K(1037504K), 0.4083110 secs]
75385.896: [GC [PSYoungGen: 101316K->3998K(102272K)] 857605K->761430K(1034368K), 0.1010720 secs]
75573.331: [GC [PSYoungGen: 102238K->4998K(105024K)] 859670K->765278K(1037120K), 0.4101810 secs]
75793.631: [GC [PSYoungGen: 102790K->6437K(104832K)] 863070K->770043K(1036928K), 0.9764240 secs]
76054.035: [GC [PSYoungGen: 103779K->5662K(105024K)] 867385K->772531K(1037120K), 0.5389610 secs]
76296.018: [GC [PSYoungGen: 102558K->7908K(104832K)] 869427K->778838K(1036928K), 1.6350220 secs]
76501.599: [GC [PSYoungGen: 104356K->4484K(103936K)] 875286K->779833K(1036032K), 1.5361590 secs]
76743.265: [GC [PSYoungGen: 100484K->5160K(100736K)] 875833K->783742K(1032832K), 1.4777280 secs]
76966.772: [GC [PSYoungGen: 100712K->6680K(103872K)] 879294K->788898K(1035968K), 0.3991450 secs]
77186.253: [GC [PSYoungGen: 101784K->5012K(99712K)] 884002K->790922K(1031808K), 0.5112360 secs]
77317.765: [GC [PSYoungGen: 99668K->6493K(102976K)] 885578K->796076K(1035072K), 0.7118510 secs]
77510.659: [GC [PSYoungGen: 100701K->5312K(99136K)] 890284K->800104K(1031232K), 1.1742640 secs]
77714.305: [GC [PSYoungGen: 99072K->4536K(101120K)] 893864K->801631K(1033216K), 0.3197260 secs]
77961.714: [GC [PSYoungGen: 97912K->4242K(97280K)] 895007K->804583K(1029376K), 0.9370470 secs]
78222.897: [GC [PSYoungGen: 97234K->5861K(100480K)] 897575K->809156K(1032576K), 1.7232090 secs]
78430.170: [GC [PSYoungGen: 98469K->4656K(96896K)] 901764K->810777K(1028992K), 1.4622860 secs]
78546.010: [GC [PSYoungGen: 96880K->3398K(99328K)] 903001K->813163K(1031424K), 0.8608420 secs]
78746.982: [GC [PSYoungGen: 95238K->7465K(99776K)] 905003K->819642K(1031872K), 2.5103700 secs]
78958.690: [GC [PSYoungGen: 99305K->4044K(95552K)] 911482K->820500K(1027648K), 0.4689360 secs]
79204.020: [GC [PSYoungGen: 95500K->4524K(95616K)] 911956K->823871K(1027712K), 0.3901750 secs]
79412.132: [GC [PSYoungGen: 95596K->5044K(97408K)] 914943K->827503K(1029504K), 0.5201210 secs]
79570.042: [GC [PSYoungGen: 95732K->3462K(93824K)] 918191K->827955K(1025920K), 0.4140080 secs]
79642.213: [GC [PSYoungGen: 93766K->2394K(97536K)] 918259K->828874K(1029632K), 0.4398160 secs]
79748.031: [GC [PSYoungGen: 92314K->2879K(92416K)] 918794K->830546K(1024512K), 0.0983550 secs]
79811.162: [GC [PSYoungGen: 92396K->4756K(96256K)] 920063K->834405K(1028352K), 0.3640050 secs]
79936.268: [GC [PSYoungGen: 93908K->3870K(92672K)] 923557K->835108K(1024768K), 0.4463170 secs]
80110.479: [GC [PSYoungGen: 92638K->3707K(95040K)] 923876K->837243K(1027136K), 0.9891420 secs]
80152.641: [GC [PSYoungGen: 92091K->1643K(95616K)] 925627K->837413K(1027712K), 1.6793610 secs]
80253.130: [GC [PSYoungGen: 90027K->3022K(109056K)] 925797K->839276K(1041152K), 0.0663180 secs]
80379.185: [GC [PSYoungGen: 104846K->6382K(108224K)] 941100K->844191K(1040320K), 1.1556130 secs]
80485.015: [GC [PSYoungGen: 108206K->4895K(108736K)] 946015K->847372K(1040832K), 1.6059730 secs]
80582.479: [GC [PSYoungGen: 105823K->3093K(104064K)] 948300K->847401K(1036160K), 0.2175400 secs]
80769.096: [GC [PSYoungGen: 104021K->3923K(106944K)] 948329K->850172K(1039040K), 0.3622410 secs]
80949.155: [GC [PSYoungGen: 104338K->3856K(103872K)] 950587K->852458K(1035968K), 0.1894730 secs]
81053.540: [GC [PSYoungGen: 103806K->4186K(107136K)] 952408K->855179K(1039232K), 1.3105570 secs]
81144.183: [GC [PSYoungGen: 104346K->2024K(106944K)] 955339K->854188K(1039040K), 0.9338460 secs]
81198.650: [GC [PSYoungGen: 102184K->2263K(109568K)] 954348K->855798K(1041664K), 0.9712130 secs]
81232.002: [GC [PSYoungGen: 104983K->2400K(105152K)] 958518K->856597K(1037248K), 1.0439000 secs]
81258.775: [GC [PSYoungGen: 105120K->1130K(109376K)] 959317K->855648K(1041472K), 0.3820040 secs]
81279.225: [GC [PSYoungGen: 103786K->4123K(109504K)] 958304K->859427K(1041600K), 2.4991170 secs]
81303.244: [GC [PSYoungGen: 106779K->831K(109440K)] 962083K->856734K(1041536K), 0.4191240 secs]
81320.355: [GC [PSYoungGen: 103487K->4227K(109568K)] 959390K->860864K(1041664K), 1.3487850 secs]
81341.282: [GC [PSYoungGen: 106883K->2249K(109184K)] 963520K->859314K(1041280K), 0.1962940 secs]
81357.072: [GC [PSYoungGen: 104905K->1848K(109376K)] 961970K->859216K(1041472K), 0.9881980 secs]
81374.455: [GC [PSYoungGen: 104504K->402K(109632K)] 961872K->858120K(1041728K), 0.2816410 secs]
81420.938: [GC [PSYoungGen: 103428K->1159K(109760K)] 961146K->859078K(1041856K), 0.4154890 secs]
81575.807: [GC [PSYoungGen: 104199K->3588K(109632K)] 962118K->862159K(1041728K), 0.0396750 secs]
81655.883: [GC [PSYoungGen: 106752K->6521K(109696K)] 965323K->867467K(1041792K), 0.4751230 secs]
81727.792: [GC [PSYoungGen: 109689K->2429K(107008K)] 970635K->866058K(1039104K), 2.2955230 secs]
81889.533: [GC [PSYoungGen: 102653K->4008K(108352K)] 966282K->869291K(1040448K), 1.4351650 secs]
82053.483: [GC [PSYoungGen: 104232K->4155K(107840K)] 969515K->872029K(1039936K), 4.2048200 secs]
82152.953: [GC [PSYoungGen: 104635K->3380K(108224K)] 972509K->873972K(1040320K), 0.4023980 secs]
82259.702: [GC [PSYoungGen: 103860K->4906K(108608K)] 974452K->877856K(1040704K), 0.6123310 secs]
82383.975: [GC [PSYoungGen: 106154K->3927K(108736K)] 979104K->879061K(1040832K), 1.7548770 secs]
82464.573: [GC [PSYoungGen: 105175K->3207K(108608K)] 980309K->880533K(1040704K), 0.4041780 secs]
82690.807: [GC [PSYoungGen: 104967K->4337K(108736K)] 982293K->883206K(1040832K), 0.3027150 secs]
82931.930: [GC [PSYoungGen: 106097K->6761K(107904K)] 984966K->888450K(1040000K), 0.5351070 secs]
83115.905: [GC [PSYoungGen: 107753K->3793K(104320K)] 989442K->889253K(1036416K), 0.7949150 secs]
83361.931: [GC [PSYoungGen: 104273K->5349K(107328K)] 989733K->893694K(1039424K), 0.3679530 secs]
83543.618: [GC [PSYoungGen: 105381K->5954K(105600K)] 993726K->898260K(1037696K), 1.0620950 secs]
83741.868: [GC [PSYoungGen: 105524K->4193K(105856K)] 997830K->899458K(1037952K), 0.8717170 secs]
83983.544: [GC [PSYoungGen: 103315K->5276K(104000K)] 998580K->903507K(1036096K), 0.9728150 secs]
84141.220: [GC [PSYoungGen: 103964K->5602K(105664K)] 1002195K->907575K(1037760K), 0.9363830 secs]
84357.341: [GC [PSYoungGen: 103837K->3776K(101632K)] 1005810K->907998K(1033728K), 0.7167020 secs]
84608.952: [GC [PSYoungGen: 101566K->4184K(103936K)] 1005788K->911154K(1036032K), 0.7387790 secs]
84833.054: [GC [PSYoungGen: 101528K->7288K(104192K)] 1008498K->917464K(1036288K), 1.4818130 secs]
85119.991: [GC [PSYoungGen: 104184K->5761K(104896K)] 1014360K->919223K(1036992K), 0.8173690 secs]
85316.652: [GC [PSYoungGen: 102207K->5197K(101248K)] 1015669K->922914K(1033344K), 1.2721770 secs]
85473.870: [GC [PSYoungGen: 101196K->5399K(103360K)] 1018913K->925279K(1035456K), 0.5605410 secs]
85586.884: [GC [PSYoungGen: 100951K->8502K(104064K)] 1020831K->938847K(1036160K), 4.7122530 secs]
85591.631: [Full GC [PSYoungGen: 8502K->0K(104064K)] [PSOldGen: 930344K->136558K(932096K)] 938847K->136558K(1036160K) [PSPermGen: 42353K->42353K(65536K)], 331.9080370 secs]
85943.773: [GC [PSYoungGen: 95552K->12401K(96896K)] 232110K->152160K(1028992K), 4.9577350 secs]
85970.989: [GC [PSYoungGen: 96879K->5527K(100480K)] 236639K->156157K(1032576K), 1.9874360 secs]
