775047.657: [GC [PSYoungGen: 267170K->36864K(268800K)] 538690K->312415K(1010176K), 0.1637756 secs]
775488.670: [GC [PSYoungGen: 267264K->32768K(268800K)] 542815K->309023K(1010176K), 0.3455338 secs]
775918.823: [GC [PSYoungGen: 263168K->36864K(268800K)] 539423K->319327K(1010176K), 0.1799433 secs]
776298.901: [GC [PSYoungGen: 267035K->36864K(268800K)] 549498K->323551K(1010176K), 0.2909711 secs]
776769.247: [GC
776769.247: [GC [PSYoungGen: 267145K->36864K(268800K)] 553832K->328863K(1010176K), 0.2592619 secs]
777200.919: [GC [PSYoungGen: 267264K->34816K(268800K)] 559263K->328354K(1010176K), 0.1902448 secs]
777677.241: [GC [PSYoungGen: 265216K->36864K(268800K)] 558754K->333538K(1010176K), 0.2067597 secs]
778041.587: [GC [PSYoungGen: 267025K->36864K(268800K)] 563700K->338274K(1010176K), 0.1514024 secs]
778510.329: [GC [PSYoungGen: 267079K->36864K(268800K)] 568490K->339170K(1010176K), 0.3710194 secs]
778753.835: [GC [PSYoungGen: 267255K->36864K(268800K)] 569562K->345570K(1010176K), 0.2211065 secs]
779205.723: [GC [PSYoungGen: 267241K->26624K(268800K)] 575948K->335970K(1010176K), 0.2399717 secs]
779538.659: [GC [PSYoungGen: 257024K->36864K(268800K)] 566370K->350818K(1010176K), 0.1781498 secs]
779985.495: [GC [PSYoungGen: 267207K->36864K(268800K)] 581162K->352994K(1010176K), 0.5194625 secs]
780433.799: [GC [PSYoungGen: 267264K->36864K(268800K)] 583394K->353890K(1010176K), 0.1805026 secs]
780663.230: [GC [PSYoungGen: 267071K->36864K(268800K)] 584098K->361954K(1010176K), 0.1059549 secs]
780939.557: [GC [PSYoungGen: 267047K->36864K(268800K)] 592138K->369762K(1010176K), 0.1008554 secs]
781262.516: [GC [PSYoungGen: 267254K->36864K(268800K)] 600153K->370722K(1010176K), 0.1773294 secs]
781575.275: [GC [PSYoungGen: 267071K->32768K(268800K)] 600930K->368034K(1010176K), 0.2040230 secs]
781874.992: [GC [PSYoungGen: 263151K->36864K(268800K)] 598417K->379746K(1010176K), 0.1069306 secs]
782206.262: [GC [PSYoungGen: 267185K->24576K(268800K)] 610068K->368098K(1010176K), 0.4370078 secs]
782645.661: [GC [PSYoungGen: 254926K->30720K(268800K)] 598449K->375010K(1010176K), 0.2268793 secs]
783075.660: [GC [PSYoungGen: 261042K->36864K(268800K)] 605332K->383714K(1010176K), 0.2003945 secs]
783375.825: [GC [PSYoungGen: 267218K->36864K(268800K)] 614069K->394082K(1010176K), 0.1890167 secs]
783805.717: [GC [PSYoungGen: 267100K->36864K(268800K)] 624319K->400610K(1010176K), 0.1194349 secs]
784244.485: [GC [PSYoungGen: 267056K->26624K(268800K)] 630802K->391330K(1010176K), 0.7003975 secs]
784673.937: [GC [PSYoungGen: 256955K->36864K(268800K)] 621662K->409890K(1010176K), 0.0963630 secs]
785116.065: [GC [PSYoungGen: 267264K->36864K(268800K)] 640290K->414818K(1010176K), 0.2435586 secs]
785558.850: [GC [PSYoungGen: 267218K->36864K(268800K)] 645173K->416546K(1010176K), 0.3220889 secs]
785957.066: [GC [PSYoungGen: 267264K->36864K(268800K)] 646946K->422498K(1010176K), 0.0904132 secs]
786212.548: [GC [PSYoungGen: 267122K->36864K(268800K)] 652756K->428130K(1010176K), 0.1626252 secs]
786522.941: [GC [PSYoungGen: 267264K->26624K(268800K)] 658530K->418722K(1010176K), 0.2638405 secs]
786791.381: [GC [PSYoungGen: 256836K->36864K(268800K)] 648934K->436514K(1010176K), 0.1120487 secs]
786985.955: [GC [PSYoungGen: 267034K->36864K(268800K)] 666685K->445410K(1010176K), 0.3197337 secs]
787210.637: [GC [PSYoungGen: 267264K->36864K(268800K)] 675810K->451426K(1010176K), 0.2734423 secs]
787455.375: [GC [PSYoungGen: 267028K->36864K(268800K)] 681591K->461218K(1010176K), 0.1891151 secs]
787707.408: [GC [PSYoungGen: 267264K->36864K(268800K)] 691618K->468066K(1010176K), 0.2820772 secs]
787973.228: [GC [PSYoungGen: 267264K->36864K(268800K)] 698466K->478114K(1010176K), 0.1693749 secs]
788221.479: [GC [PSYoungGen: 267153K->36864K(268800K)] 708403K->481698K(1010176K), 0.4744104 secs]
788483.685: [GC [PSYoungGen: 267243K->36864K(268800K)] 712078K->489890K(1010176K), 0.7817605 secs]
788694.686: [GC [PSYoungGen: 267264K->36864K(268800K)] 720290K->496290K(1010176K), 0.3229226 secs]
789006.318: [GC [PSYoungGen: 267088K->36864K(268800K)] 726515K->508898K(1010176K), 0.2138900 secs]
789271.930: [GC [PSYoungGen: 267064K->36864K(268800K)] 739099K->515362K(1010176K), 0.3311377 secs]
789496.213: [GC [PSYoungGen: 267239K->36864K(268800K)] 745738K->525090K(1010176K), 0.1815321 secs]
789771.939: [GC [PSYoungGen: 267063K->36864K(268800K)] 755289K->527138K(1010176K), 0.4584397 secs]
790115.507: [GC [PSYoungGen: 267264K->36864K(268800K)] 757538K->537826K(1010176K), 0.1644436 secs]
790408.318: [GC [PSYoungGen: 267264K->36864K(268800K)] 768226K->549282K(1010176K), 0.3895669 secs]
790674.468: [GC [PSYoungGen: 267238K->36864K(268800K)] 779657K->561890K(1010176K), 0.3304274 secs]
790943.541: [GC [PSYoungGen: 267091K->36864K(268800K)] 792118K->574178K(1010176K), 0.1974946 secs]
791211.679: [GC [PSYoungGen: 267264K->30720K(268800K)] 804578K->570146K(1010176K), 0.2839219 secs]
791426.824: [GC [PSYoungGen: 261001K->36864K(268800K)] 800428K->586018K(1010176K), 0.1740231 secs]
791691.659: [GC [PSYoungGen: 267264K->36864K(268800K)] 816418K->595426K(1010176K), 0.6234274 secs]
792020.072: [GC [PSYoungGen: 267215K->36864K(268800K)] 825778K->604898K(1010176K), 0.1651445 secs]
792486.250: [GC [PSYoungGen: 267264K->36864K(268800K)] 835298K->612322K(1010176K), 0.1719371 secs]
792971.004: [GC [PSYoungGen: 267264K->36864K(268800K)] 842722K->618466K(1010176K), 0.1982059 secs]
793147.010: [GC [PSYoungGen: 267264K->36864K(268800K)] 848866K->623394K(1010176K), 0.8182139 secs]
793276.982: [GC [PSYoungGen: 267049K->36864K(268800K)] 853580K->631330K(1010176K), 0.6191678 secs]
793568.669: [GC [PSYoungGen: 267147K->36864K(268800K)] 861613K->635554K(1010176K), 0.1163988 secs]
793885.328: [GC [PSYoungGen: 267264K->32768K(268800K)] 865954K->632418K(1010176K), 0.3508371 secs]
793991.895: [GC [PSYoungGen: 263168K->36864K(268800K)] 862818K->645538K(1010176K), 0.1641899 secs]
794064.621: [GC [PSYoungGen: 267264K->36864K(268800K)] 875938K->654498K(1010176K), 0.2626029 secs]
794129.930: [GC [PSYoungGen: 267264K->36864K(268800K)] 884898K->662498K(1010176K), 0.2648882 secs]
794214.278: [GC [PSYoungGen: 267264K->36864K(268800K)] 892898K->673122K(1010176K), 0.3085643 secs]
794603.494: [GC [PSYoungGen: 267136K->36864K(268800K)] 903394K->681506K(1010176K), 0.3109978 secs]
794845.390: [GC [PSYoungGen: 267264K->36864K(268800K)] 911906K->688034K(1010176K), 0.1984980 secs]
794910.785: [GC [PSYoungGen: 267264K->36864K(268800K)] 918434K->689250K(1010176K), 0.6204145 secs]
794967.810: [GC [PSYoungGen: 267264K->36864K(268800K)] 919650K->697314K(1010176K), 0.1536630 secs]
795004.861: [GC [PSYoungGen: 267264K->36864K(268800K)] 927714K->698402K(1010176K), 0.1375130 secs]
795052.460: [GC [PSYoungGen: 267102K->32768K(268800K)] 928640K->695074K(1010176K), 0.1896361 secs]
795091.925: [GC [PSYoungGen: 263168K->36864K(268800K)] 925474K->702370K(1010176K), 0.2259179 secs]
795403.856: [GC [PSYoungGen: 267264K->36864K(268800K)] 932770K->704610K(1010176K), 0.2612553 secs]
795915.627: [GC [PSYoungGen: 267264K->36864K(268800K)] 935010K->710242K(1010176K), 0.0908255 secs]
796402.098: [GC [PSYoungGen: 267264K->36864K(268800K)] 940642K->711138K(1010176K), 0.1866530 secs]
796696.181: [GC [PSYoungGen: 267264K->36864K(268800K)] 941538K->718306K(1010176K), 0.2520249 secs]
796829.353: [GC [PSYoungGen: 267264K->36864K(268800K)] 948706K->719202K(1010176K), 0.3222622 secs]
797172.915: [GC [PSYoungGen: 267264K->36864K(268800K)] 949602K->722658K(1010176K), 0.2346660 secs]
797540.793: [GC [PSYoungGen: 267264K->36864K(268800K)] 953058K->728866K(1010176K), 0.1094190 secs]
797587.663: [GC [PSYoungGen: 267264K->36864K(268800K)] 959266K->729698K(1010176K), 0.2329541 secs]
797648.589: [GC [PSYoungGen: 267264K->36864K(268800K)] 960098K->735906K(1010176K), 0.2898729 secs]
797714.075: [GC [PSYoungGen: 267264K->36864K(268800K)] 966306K->744354K(1010176K), 0.2365220 secs]
797761.379: [GC [PSYoungGen: 267264K->36864K(268800K)] 974754K->745250K(1010176K), 0.1673159 secs]
797867.266: [GC [PSYoungGen: 267264K->36864K(268800K)] 975650K->752994K(1010176K), 0.4361504 secs]
798168.163: [GC [PSYoungGen: 267264K->36864K(268800K)] 983394K->759266K(1010176K), 0.1212227 secs]
798436.301: [GC [PSYoungGen: 267264K->36864K(268800K)] 989666K->762850K(1010176K), 0.1898292 secs]
798558.495: [GC [PSYoungGen: 267262K->36864K(268800K)] 993249K->773410K(1010176K), 0.1354030 secs]
798558.630: [Full GC [PSYoungGen: 36864K->0K(268800K)] [PSOldGen: 736546K->128936K(741376K)] 773410K->128936K(1010176K) [PSPermGen: 123106K->123106K(786432K)], 4.3839491 secs]
798682.073: [GC [PSYoungGen: 230400K->36864K(268800K)] 359336K->166056K(1010176K), 0.1690847 secs]
799115.025: [GC [PSYoungGen: 267183K->30720K(268800K)] 396376K->159912K(1010176K), 0.2888594 secs]
799356.464: [GC [PSYoungGen: 261020K->34816K(268800K)] 390212K->164008K(1010176K), 0.2708812 secs]
799429.879: [GC [PSYoungGen: 265216K->36864K(268800K)] 394408K->174184K(1010176K), 0.1820091 secs]
799476.319: [GC [PSYoungGen: 267264K->36864K(268800K)] 404584K->175336K(1010176K), 0.5634148 secs]
799518.381: [GC [PSYoungGen: 267077K->36864K(268800K)] 405550K->176808K(1010176K), 0.1512419 secs]
799585.203: [GC [PSYoungGen: 267264K->36864K(268800K)] 407208K->177384K(1010176K), 0.3310166 secs]
799866.930: [GC [PSYoungGen: 267033K->36864K(268800K)] 407553K->181288K(1010176K), 0.2120264 secs]
800201.034: [GC [PSYoungGen: 267264K->26624K(268800K)] 411688K->171560K(1010176K), 1.2597557 secs]
800331.480: [GC [PSYoungGen: 257024K->32768K(268800K)] 401960K->178088K(1010176K), 0.5916395 secs]
800433.891: [GC [PSYoungGen: 263168K->36864K(268800K)] 408488K->185832K(1010176K), 0.3210302 secs]
800649.103: [GC [PSYoungGen: 267127K->36864K(268800K)] 416096K->191272K(1010176K), 0.1843756 secs]
800966.380: [GC [PSYoungGen: 267264K->36864K(268800K)] 421672K->192040K(1010176K), 0.1950766 secs]
801154.951: [GC [PSYoungGen: 267264K->36864K(268800K)] 422440K->195176K(1010176K), 0.4807993 secs]
801219.381: [GC [PSYoungGen: 267264K->36864K(268800K)] 425576K->203048K(1010176K), 0.2166374 secs]
801270.204: [GC [PSYoungGen: 267264K->36864K(268800K)] 433448K->207528K(1010176K), 0.2983595 secs]
801333.621: [GC [PSYoungGen: 267264K->36864K(268800K)] 437928K->216424K(1010176K), 0.2150381 secs]
801430.588: [GC [PSYoungGen: 267264K->36864K(268800K)] 446824K->226920K(1010176K), 0.1675391 secs]
801708.925: [GC [PSYoungGen: 267264K->34816K(268800K)] 457320K->225832K(1010176K), 0.1726178 secs]
801988.257: [GC [PSYoungGen: 265181K->36864K(268800K)] 456198K->230568K(1010176K), 0.2701019 secs]
802241.797: [GC [PSYoungGen: 267037K->34816K(268800K)] 460742K->229416K(1010176K), 0.3394698 secs]
802537.735: [GC [PSYoungGen: 265210K->36864K(268800K)] 459810K->232552K(1010176K), 0.1406149 secs]
802845.726: [GC [PSYoungGen: 267119K->24576K(268800K)] 462808K->221352K(1010176K), 0.3587853 secs]
803127.494: [GC [PSYoungGen: 254842K->36864K(268800K)] 451619K->237992K(1010176K), 0.2740624 secs]
803445.389: [GC [PSYoungGen: 267062K->34816K(268800K)] 468191K->237032K(1010176K), 0.9309265 secs]
803754.283: [GC [PSYoungGen: 265106K->36864K(268800K)] 467323K->245288K(1010176K), 0.0890131 secs]
803850.121: [GC [PSYoungGen: 267264K->36864K(268800K)] 475688K->246440K(1010176K), 0.1671233 secs]
803884.808: [GC [PSYoungGen: 267264K->32768K(268800K)] 476840K->243368K(1010176K), 0.4131598 secs]
803915.692: [GC [PSYoungGen: 263168K->28672K(268800K)] 473768K->240296K(1010176K), 0.2136357 secs]
803960.905: [GC [PSYoungGen: 259072K->36864K(268800K)] 470696K->249768K(1010176K), 0.2284997 secs]
803994.437: [GC [PSYoungGen: 267264K->36864K(268800K)] 480168K->251688K(1010176K), 0.1075077 secs]
804025.768: [GC [PSYoungGen: 267264K->26624K(268800K)] 482088K->242216K(1010176K), 0.2541444 secs]
804063.097: [GC [PSYoungGen: 257024K->32768K(268800K)] 472616K->249448K(1010176K), 0.1144941 secs]
804107.188: [GC [PSYoungGen: 263168K->30720K(268800K)] 479848K->248360K(1010176K), 0.4189482 secs]
804135.253: [GC [PSYoungGen: 261120K->28672K(268800K)] 478760K->247272K(1010176K), 0.1702354 secs]
804178.937: [GC [PSYoungGen: 259072K->34816K(268800K)] 477672K->254504K(1010176K), 0.4005461 secs]
804218.158: [GC [PSYoungGen: 265216K->30720K(268800K)] 484904K->251368K(1010176K), 0.6346882 secs]
804258.310: [GC [PSYoungGen: 261120K->28672K(268800K)] 481768K->250152K(1010176K), 0.2048317 secs]
804316.422: [GC [PSYoungGen: 259022K->34816K(268800K)] 480503K->257320K(1010176K), 0.1417731 secs]
804493.019: [GC [PSYoungGen: 265183K->36864K(268800K)] 487688K->265512K(1010176K), 0.4896238 secs]
804639.935: [GC [PSYoungGen: 267264K->28672K(268800K)] 495912K->257896K(1010176K), 0.2352665 secs]
804720.857: [GC [PSYoungGen: 259072K->36864K(268800K)] 488296K->271848K(1010176K), 0.1237953 secs]
804767.489: [GC [PSYoungGen: 267264K->34816K(268800K)] 502248K->270632K(1010176K), 0.3943828 secs]
804812.105: [GC [PSYoungGen: 265117K->36864K(268800K)] 500934K->280360K(1010176K), 0.3259181 secs]
804837.826: [GC [PSYoungGen: 267073K->36864K(268800K)] 510570K->282408K(1010176K), 0.1456124 secs]
804880.889: [GC [PSYoungGen: 267029K->36864K(268800K)] 512574K->283432K(1010176K), 0.5904806 secs]
804903.365: [GC [PSYoungGen: 267264K->34816K(268800K)] 513832K->282472K(1010176K), 0.3044013 secs]
804936.113: [GC [PSYoungGen: 265162K->36864K(268800K)] 512819K->285416K(1010176K), 0.2220445 secs]
804967.791: [GC [PSYoungGen: 267264K->36864K(268800K)] 515816K->289512K(1010176K), 0.1637575 secs]
805010.615: [GC [PSYoungGen: 267264K->24576K(268800K)] 519912K->277800K(1010176K), 0.4453285 secs]
805164.283: [GC [PSYoungGen: 254896K->36864K(268800K)] 508121K->292136K(1010176K), 0.2445461 secs]
805277.109: [GC [PSYoungGen: 267264K->36864K(268800K)] 522536K->303016K(1010176K), 0.2925176 secs]
805402.301: [GC [PSYoungGen: 267264K->36864K(268800K)] 533416K->311400K(1010176K), 0.2008411 secs]
805515.433: [GC [PSYoungGen: 267047K->36864K(268800K)] 541584K->320104K(1010176K), 0.1458739 secs]
805633.557: [GC [PSYoungGen: 267264K->36864K(268800K)] 550504K->325288K(1010176K), 0.2827462 secs]
805662.203: [GC [PSYoungGen: 267264K->28672K(268800K)] 555688K->318952K(1010176K), 0.2375876 secs]
805686.732: [GC [PSYoungGen: 259072K->36864K(268800K)] 549352K->331560K(1010176K), 0.3093472 secs]
805723.300: [GC [PSYoungGen: 267264K->36864K(268800K)] 561960K->339240K(1010176K), 0.1565939 secs]
805749.281: [GC [PSYoungGen: 267236K->36864K(268800K)] 569613K->345192K(1010176K), 0.1337827 secs]
805781.844: [GC [PSYoungGen: 267264K->36864K(268800K)] 575592K->353064K(1010176K), 0.3807215 secs]
805809.551: [GC [PSYoungGen: 267156K->36864K(268800K)] 583357K->361960K(1010176K), 0.1774529 secs]
805854.024: [GC [PSYoungGen: 267264K->36864K(268800K)] 592360K->362856K(1010176K), 0.3167419 secs]
805888.837: [GC [PSYoungGen: 267264K->36864K(268800K)] 593256K->370856K(1010176K), 0.2138773 secs]
805953.141: [GC [PSYoungGen: 267264K->36864K(268800K)] 601256K->375016K(1010176K), 0.2654918 secs]
806054.156: [GC [PSYoungGen: 267264K->36864K(268800K)] 605416K->384808K(1010176K), 0.2199886 secs]
806164.991: [GC [PSYoungGen: 267264K->36864K(268800K)] 615208K->393704K(1010176K), 0.1410130 secs]
806283.748: [GC [PSYoungGen: 267264K->36864K(268800K)] 624104K->403816K(1010176K), 0.1989513 secs]
806375.965: [GC [PSYoungGen: 267098K->36864K(268800K)] 634051K->412904K(1010176K), 0.1662517 secs]
806450.567: [GC [PSYoungGen: 267190K->32768K(268800K)] 643231K->410472K(1010176K), 0.8711081 secs]
806553.965: [GC [PSYoungGen: 263124K->36864K(268800K)] 640828K->422696K(1010176K), 0.2853746 secs]
806616.445: [GC [PSYoungGen: 267174K->36864K(268800K)] 653006K->427304K(1010176K), 0.7156789 secs]
806702.748: [GC [PSYoungGen: 267264K->36864K(268800K)] 657704K->431272K(1010176K), 0.2733420 secs]
806804.817: [GC [PSYoungGen: 267134K->36864K(268800K)] 661543K->438440K(1010176K), 0.2946158 secs]
806903.994: [GC [PSYoungGen: 267137K->36864K(268800K)] 668714K->445096K(1010176K), 0.2173447 secs]
806973.979: [GC [PSYoungGen: 267264K->36864K(268800K)] 675496K->450856K(1010176K), 0.2428490 secs]
807041.294: [GC [PSYoungGen: 267208K->36864K(268800K)] 681201K->452776K(1010176K), 0.7457028 secs]
807149.984: [GC [PSYoungGen: 267242K->36864K(268800K)] 683155K->457768K(1010176K), 0.3332198 secs]
807244.652: [GC [PSYoungGen: 267049K->36864K(268800K)] 687954K->463592K(1010176K), 0.1039396 secs]
807368.485: [GC
807368.485: [GC [PSYoungGen: 267105K->26624K(268800K)] 693833K->454312K(1010176K), 0.2712152 secs]
807447.702: [GC [PSYoungGen: 257024K->34816K(268800K)] 684712K->463720K(1010176K), 0.3143758 secs]
807485.550: [GC [PSYoungGen: 265216K->36864K(268800K)] 694120K->472936K(1010176K), 0.1222393 secs]
807539.411: [GC [PSYoungGen: 267264K->36864K(268800K)] 703336K->476008K(1010176K), 0.1805627 secs]
807593.428: [GC [PSYoungGen: 267264K->36864K(268800K)] 706408K->481640K(1010176K), 0.2568635 secs]
807657.129: [GC [PSYoungGen: 267049K->36864K(268800K)] 711825K->483944K(1010176K), 0.2929118 secs]
807776.855: [GC [PSYoungGen: 267264K->36864K(268800K)] 714344K->490280K(1010176K), 0.2886020 secs]
807897.329: [GC [PSYoungGen: 267184K->32768K(268800K)] 720601K->486888K(1010176K), 0.6090871 secs]
808002.363: [GC [PSYoungGen: 263168K->34816K(268800K)] 717288K->490088K(1010176K), 1.3620867 secs]
808189.281: [GC [PSYoungGen: 264997K->36864K(268800K)] 720270K->500584K(1010176K), 0.3115745 secs]
808352.023: [GC [PSYoungGen: 267264K->36864K(268800K)] 730984K->503784K(1010176K), 0.2793600 secs]
808471.069: [GC [PSYoungGen: 267174K->36864K(268800K)] 734095K->510504K(1010176K), 0.2521308 secs]
808617.152: [GC [PSYoungGen: 267258K->36864K(268800K)] 740898K->518376K(1010176K), 0.1589671 secs]
808782.661: [GC [PSYoungGen: 267264K->36864K(268800K)] 748776K->519464K(1010176K), 0.2910992 secs]
808886.777: [GC [PSYoungGen: 267264K->36864K(268800K)] 749864K->526952K(1010176K), 0.2885428 secs]
808992.295: [GC [PSYoungGen: 267155K->36864K(268800K)] 757243K->536104K(1010176K), 0.2916760 secs]
809066.278: [GC [PSYoungGen: 267264K->36864K(268800K)] 766504K->541480K(1010176K), 0.3482911 secs]
809148.427: [GC [PSYoungGen: 267264K->36864K(268800K)] 771880K->549416K(1010176K), 0.3097107 secs]
809228.275: [GC [PSYoungGen: 267218K->36864K(268800K)] 779770K->560424K(1010176K), 0.2127081 secs]
809324.287: [GC [PSYoungGen: 267264K->36864K(268800K)] 790824K->569128K(1010176K), 0.2327606 secs]
809418.552: [GC [PSYoungGen: 267264K->36864K(268800K)] 799528K->581032K(1010176K), 0.2177960 secs]
809488.457: [GC [PSYoungGen: 267264K->36864K(268800K)] 811432K->590120K(1010176K), 0.2363748 secs]
809537.731: [GC [PSYoungGen: 267264K->36864K(268800K)] 820520K->597096K(1010176K), 0.2899771 secs]
809641.736: [GC [PSYoungGen: 267191K->36864K(268800K)] 827424K->607016K(1010176K), 0.1975681 secs]
809720.747: [GC [PSYoungGen: 267246K->36864K(268800K)] 837398K->612904K(1010176K), 0.2402475 secs]
809808.401: [GC [PSYoungGen: 267264K->36864K(268800K)] 843304K->614184K(1010176K), 0.6555345 secs]
809953.728: [GC [PSYoungGen: 267120K->36864K(268800K)] 844440K->624040K(1010176K), 0.1610891 secs]
810064.689: [GC [PSYoungGen: 267264K->36864K(268800K)] 854440K->626920K(1010176K), 0.2223215 secs]
810157.155: [GC [PSYoungGen: 267264K->36864K(268800K)] 857320K->628392K(1010176K), 0.5039265 secs]
810268.575: [GC [PSYoungGen: 267264K->36864K(268800K)] 858792K->637864K(1010176K), 0.2841920 secs]
810351.420: [GC [PSYoungGen: 267163K->36864K(268800K)] 868164K->646760K(1010176K), 0.1789452 secs]
810453.269: [GC [PSYoungGen: 267264K->36864K(268800K)] 877160K->649896K(1010176K), 0.2890130 secs]
810576.305: [GC [PSYoungGen: 267067K->36864K(268800K)] 880100K->657576K(1010176K), 0.1027123 secs]
810689.102: [GC [PSYoungGen: 267264K->32768K(268800K)] 887976K->654632K(1010176K), 0.2540324 secs]
810775.157: [GC [PSYoungGen: 263119K->36864K(268800K)] 884983K->664936K(1010176K), 0.4137546 secs]
810900.043: [GC [PSYoungGen: 267264K->36864K(268800K)] 895336K->673896K(1010176K), 0.1296970 secs]
811000.613: [GC [PSYoungGen: 267264K->36864K(268800K)] 904296K->675752K(1010176K), 0.2402980 secs]
811058.799: [GC [PSYoungGen: 267264K->36864K(268800K)] 906152K->683240K(1010176K), 0.4686561 secs]
811083.891: [GC [PSYoungGen: 267264K->36864K(268800K)] 913640K->690600K(1010176K), 0.2760998 secs]
811106.892: [GC [PSYoungGen: 267264K->36864K(268800K)] 921000K->697192K(1010176K), 0.1444848 secs]
811145.630: [GC [PSYoungGen: 267264K->30720K(268800K)] 927592K->692584K(1010176K), 0.5864852 secs]
811183.660: [GC [PSYoungGen: 261120K->36864K(268800K)] 922984K->701864K(1010176K), 0.3392697 secs]
811226.623: [GC [PSYoungGen: 267264K->36864K(268800K)] 932264K->702632K(1010176K), 0.2871556 secs]
811248.586: [GC [PSYoungGen: 267264K->36864K(268800K)] 933032K->705640K(1010176K), 0.2697723 secs]
811279.029: [GC [PSYoungGen: 267264K->34816K(268800K)] 936040K->704616K(1010176K), 0.4636984 secs]
811307.350: [GC [PSYoungGen: 265057K->28672K(268800K)] 934857K->699432K(1010176K), 0.6471210 secs]
811364.645: [GC [PSYoungGen: 259069K->36864K(268800K)] 929830K->709096K(1010176K), 0.2392747 secs]
811467.081: [GC [PSYoungGen: 267136K->36864K(268800K)] 939368K->710056K(1010176K), 0.2651420 secs]
811527.660: [GC [PSYoungGen: 267264K->36864K(268800K)] 940456K->714152K(1010176K), 0.1972960 secs]
811618.337: [GC [PSYoungGen: 267264K->36864K(268800K)] 944552K->721448K(1010176K), 0.2479041 secs]
811719.032: [GC [PSYoungGen: 267195K->36864K(268800K)] 951780K->729768K(1010176K), 0.2144931 secs]
811821.380: [GC [PSYoungGen: 267246K->36864K(268800K)] 960150K->730920K(1010176K), 0.2950362 secs]
811910.002: [GC [PSYoungGen: 267264K->36864K(268800K)] 961320K->737704K(1010176K), 0.2094468 secs]
812040.036: [GC [PSYoungGen: 267264K->36864K(268800K)] 968104K->743656K(1010176K), 0.3007214 secs]
812185.824: [GC [PSYoungGen: 267087K->36864K(268800K)] 973880K->750632K(1010176K), 0.3207223 secs]
812266.481: [GC [PSYoungGen: 267033K->36864K(268800K)] 980802K->760744K(1010176K), 0.4799752 secs]
812362.428: [GC [PSYoungGen: 267264K->36864K(268800K)] 991144K->773352K(1010176K), 0.2122969 secs]
812362.640: [Full GC [PSYoungGen: 36864K->0K(268800K)] [PSOldGen: 736488K->131535K(741376K)] 773352K->131535K(1010176K) [PSPermGen: 123129K->123129K(786432K)], 4.3851557 secs]
812480.018: [GC [PSYoungGen: 230327K->36864K(268800K)] 361862K->178255K(1010176K), 0.1475619 secs]
812584.149: [GC [PSYoungGen: 267200K->36864K(268800K)] 408591K->185487K(1010176K), 0.3069878 secs]
812655.867: [GC [PSYoungGen: 267264K->36864K(268800K)] 415887K->185487K(1010176K), 0.3443689 secs]
812721.406: [GC [PSYoungGen: 267143K->36864K(268800K)] 415766K->193615K(1010176K), 0.2206671 secs]
812786.668: [GC [PSYoungGen: 267264K->36864K(268800K)] 424015K->201231K(1010176K), 0.1422138 secs]
812853.133: [GC [PSYoungGen: 267088K->36864K(268800K)] 431455K->202575K(1010176K), 0.1922613 secs]
812958.903: [GC [PSYoungGen: 267264K->36864K(268800K)] 432975K->208143K(1010176K), 0.6919858 secs]
813064.139: [GC [PSYoungGen: 267264K->36864K(268800K)] 438543K->215695K(1010176K), 0.2585964 secs]
813163.878: [GC [PSYoungGen: 267107K->32768K(268800K)] 445938K->212879K(1010176K), 0.2873802 secs]
813229.673: [GC [PSYoungGen: 263168K->36864K(268800K)] 443279K->224399K(1010176K), 0.4536055 secs]
813302.477: [GC [PSYoungGen: 267121K->36864K(268800K)] 454656K->231631K(1010176K), 0.1346427 secs]
813389.992: [GC [PSYoungGen: 267249K->36864K(268800K)] 462016K->240399K(1010176K), 0.1352058 secs]
813485.113: [GC [PSYoungGen: 267171K->36864K(268800K)] 470706K->248783K(1010176K), 0.0953988 secs]
813552.752: [GC [PSYoungGen: 267062K->36864K(268800K)] 478981K->250063K(1010176K), 0.2113740 secs]
813660.637: [GC [PSYoungGen: 267264K->36864K(268800K)] 480463K->256655K(1010176K), 0.3003285 secs]
813733.680: [GC [PSYoungGen: 267224K->36864K(268800K)] 487015K->259599K(1010176K), 0.2716515 secs]
813807.689: [GC [PSYoungGen: 267033K->36864K(268800K)] 489768K->267535K(1010176K), 0.2723752 secs]
813928.630: [GC [PSYoungGen: 267264K->36864K(268800K)] 497935K->276495K(1010176K), 0.1451411 secs]
814043.350: [GC [PSYoungGen: 267264K->36864K(268800K)] 506895K->285007K(1010176K), 0.3776995 secs]
814109.246: [GC [PSYoungGen: 267264K->36864K(268800K)] 515407K->292495K(1010176K), 0.3814473 secs]
814164.040: [GC [PSYoungGen: 267264K->36864K(268800K)] 522895K->299535K(1010176K), 0.2025510 secs]
814273.091: [GC [PSYoungGen: 267108K->36864K(268800K)] 529779K->308367K(1010176K), 0.1720520 secs]
814318.203: [GC [PSYoungGen: 267264K->36864K(268800K)] 538767K->314703K(1010176K), 0.3691292 secs]
814385.046: [GC [PSYoungGen: 267264K->36864K(268800K)] 545103K->321871K(1010176K), 0.2690083 secs]
814475.349: [GC [PSYoungGen: 267222K->36864K(268800K)] 552229K->330191K(1010176K), 0.1004613 secs]
814555.558: [GC [PSYoungGen: 267264K->36864K(268800K)] 560591K->337615K(1010176K), 0.1256626 secs]
814646.933: [GC [PSYoungGen: 267264K->36864K(268800K)] 568015K->339471K(1010176K), 0.2754532 secs]
814690.342: [GC [PSYoungGen: 267264K->36864K(268800K)] 569871K->343695K(1010176K), 0.2302953 secs]
814743.704: [GC [PSYoungGen: 267264K->36864K(268800K)] 574095K->350799K(1010176K), 0.1061385 secs]
814795.516: [GC [PSYoungGen: 267264K->36864K(268800K)] 581199K->358287K(1010176K), 0.2180589 secs]
814896.418: [GC [PSYoungGen: 267076K->36864K(268800K)] 588499K->359247K(1010176K), 0.2108295 secs]
814962.853: [GC [PSYoungGen: 267264K->34816K(268800K)] 589647K->358415K(1010176K), 0.2743381 secs]
815001.646: [GC [PSYoungGen: 265149K->36864K(268800K)] 588748K->365327K(1010176K), 0.2452395 secs]
815111.105: [GC [PSYoungGen: 267264K->36864K(268800K)] 595727K->374927K(1010176K), 0.1736354 secs]
815211.946: [GC [PSYoungGen: 267217K->32768K(268800K)] 605280K->372047K(1010176K), 0.6206654 secs]
815275.985: [GC [PSYoungGen: 263097K->36864K(268800K)] 602376K->383439K(1010176K), 0.2171524 secs]
815342.315: [GC [PSYoungGen: 267264K->36864K(268800K)] 613839K->391247K(1010176K), 0.2217429 secs]
815416.415: [GC [PSYoungGen: 267110K->36864K(268800K)] 621493K->399695K(1010176K), 0.1567627 secs]
815503.291: [GC [PSYoungGen: 267264K->28672K(268800K)] 630095K->392719K(1010176K), 0.7715026 secs]
815555.394: [GC [PSYoungGen: 259041K->34816K(268800K)] 623088K->400143K(1010176K), 0.2666757 secs]
815603.003: [GC [PSYoungGen: 264993K->36864K(268800K)] 630321K->408783K(1010176K), 0.1436116 secs]
815676.132: [GC [PSYoungGen: 267264K->36864K(268800K)] 639183K->412687K(1010176K), 0.3293655 secs]
815725.948: [GC [PSYoungGen: 267257K->36864K(268800K)] 643080K->415567K(1010176K), 0.2908018 secs]
815816.451: [GC [PSYoungGen: 267141K->36864K(268800K)] 645844K->424271K(1010176K), 0.1933999 secs]
815889.884: [GC [PSYoungGen: 267264K->36864K(268800K)] 654671K->425679K(1010176K), 0.2266197 secs]
815946.006: [GC [PSYoungGen: 267264K->36864K(268800K)] 656079K->430095K(1010176K), 0.1390313 secs]
816028.467: [GC [PSYoungGen: 267195K->36864K(268800K)] 660426K->437839K(1010176K), 0.3705908 secs]
816166.949: [GC [PSYoungGen: 267264K->36864K(268800K)] 668239K->447951K(1010176K), 0.3647997 secs]
816269.218: [GC [PSYoungGen: 267264K->36864K(268800K)] 678351K->452175K(1010176K), 0.2513298 secs]
816324.918: [GC [PSYoungGen: 267256K->36864K(268800K)] 682567K->458831K(1010176K), 0.5224077 secs]
816398.224: [GC [PSYoungGen: 267264K->30720K(268800K)] 689231K->454735K(1010176K), 0.6616735 secs]
816460.567: [GC [PSYoungGen: 261120K->36864K(268800K)] 685135K->467727K(1010176K), 0.6587536 secs]
816533.884: [GC [PSYoungGen: 267155K->36864K(268800K)] 698018K->470415K(1010176K), 0.2588188 secs]
816627.234: [GC [PSYoungGen: 267264K->36864K(268800K)] 700815K->477839K(1010176K), 0.4035124 secs]
816732.919: [GC [PSYoungGen: 267068K->36864K(268800K)] 708043K->485839K(1010176K), 0.1980424 secs]
816850.797: [GC [PSYoungGen: 267116K->36864K(268800K)] 716091K->494223K(1010176K), 0.3444630 secs]
816941.514: [GC [PSYoungGen: 267264K->36864K(268800K)] 724623K->496335K(1010176K), 0.3526895 secs]
817060.642: [GC [PSYoungGen: 267264K->36864K(268800K)] 726735K->502031K(1010176K), 0.4846496 secs]
817135.788: [GC [PSYoungGen: 267264K->36864K(268800K)] 732431K->512143K(1010176K), 0.2087670 secs]
817215.091: [GC [PSYoungGen: 267264K->36864K(268800K)] 742543K->520783K(1010176K), 0.2532057 secs]
817296.765: [GC [PSYoungGen: 267208K->36864K(268800K)] 751127K->525967K(1010176K), 0.3469151 secs]
817356.375: [GC [PSYoungGen: 267264K->36864K(268800K)] 756367K->532559K(1010176K), 0.3393317 secs]
817445.548: [GC [PSYoungGen: 267264K->36864K(268800K)] 762959K->540175K(1010176K), 0.1909582 secs]
817530.378: [GC [PSYoungGen: 267264K->36864K(268800K)] 770575K->544847K(1010176K), 0.1347362 secs]
817671.830: [GC [PSYoungGen: 267264K->36864K(268800K)] 775247K->548559K(1010176K), 0.4752804 secs]
817819.991: [GC [PSYoungGen: 267212K->36864K(268800K)] 778907K->557071K(1010176K), 0.2164419 secs]
817980.376: [GC [PSYoungGen: 267045K->36864K(268800K)] 787252K->565327K(1010176K), 0.2459772 secs]
818082.824: [GC [PSYoungGen: 267038K->34816K(268800K)] 795501K->564751K(1010176K), 0.5824197 secs]
818155.192: [GC [PSYoungGen: 265216K->36864K(268800K)] 795151K->573455K(1010176K), 0.2343807 secs]
818277.427: [GC [PSYoungGen: 267264K->36864K(268800K)] 803855K->581391K(1010176K), 0.1461540 secs]
818323.401: [GC [PSYoungGen: 267264K->32768K(268800K)] 811791K->578255K(1010176K), 0.4039083 secs]
818399.242: [GC [PSYoungGen: 262997K->36864K(268800K)] 808484K->587407K(1010176K), 0.2011481 secs]
818455.945: [GC [PSYoungGen: 267083K->36864K(268800K)] 817626K->594191K(1010176K), 0.1967705 secs]
818516.730: [GC [PSYoungGen: 267264K->36864K(268800K)] 824591K->596367K(1010176K), 0.2676887 secs]
818621.141: [GC [PSYoungGen: 267264K->32768K(268800K)] 826767K->593551K(1010176K), 0.3184292 secs]
818714.281: [GC [PSYoungGen: 263168K->36864K(268800K)] 823951K->602319K(1010176K), 0.3388684 secs]
818777.074: [GC [PSYoungGen: 267157K->36864K(268800K)] 832612K->608975K(1010176K), 0.1272098 secs]
818860.872: [GC [PSYoungGen: 267264K->24576K(268800K)] 839375K->597839K(1010176K), 0.3441921 secs]
818975.598: [GC [PSYoungGen: 254976K->36864K(268800K)] 828239K->612047K(1010176K), 0.2931928 secs]
819060.058: [GC [PSYoungGen: 267264K->36864K(268800K)] 842447K->618639K(1010176K), 0.4489063 secs]
819195.109: [GC [PSYoungGen: 267264K->36864K(268800K)] 849039K->627151K(1010176K), 0.1543400 secs]
819260.591: [GC [PSYoungGen: 267264K->36864K(268800K)] 857551K->634191K(1010176K), 0.1893036 secs]
819334.889: [GC [PSYoungGen: 267264K->36864K(268800K)] 864591K->636559K(1010176K), 0.4044223 secs]
819408.024: [GC [PSYoungGen: 267059K->36864K(268800K)] 866754K->638543K(1010176K), 0.4727935 secs]
819470.410: [GC [PSYoungGen: 267101K->34816K(268800K)] 868780K->637583K(1010176K), 0.2702040 secs]
819582.347: [GC [PSYoungGen: 265216K->36864K(268800K)] 867983K->649615K(1010176K), 0.3956391 secs]
819623.910: [GC [PSYoungGen: 267264K->36864K(268800K)] 880015K->655887K(1010176K), 0.1613809 secs]
819691.869: [GC [PSYoungGen: 267264K->36864K(268800K)] 886287K->661135K(1010176K), 0.2862697 secs]
819771.721: [GC [PSYoungGen: 267264K->36864K(268800K)] 891535K->667855K(1010176K), 0.4933740 secs]
819871.924: [GC [PSYoungGen: 267228K->36864K(268800K)] 898219K->672143K(1010176K), 0.2777704 secs]
819929.900: [GC [PSYoungGen: 267202K->36864K(268800K)] 902481K->679183K(1010176K), 0.2544431 secs]
820013.855: [GC [PSYoungGen: 267231K->36864K(268800K)] 909551K->683087K(1010176K), 0.1768172 secs]
820140.082: [GC [PSYoungGen: 267264K->36864K(268800K)] 913487K->692431K(1010176K), 0.1379081 secs]
820220.032: [GC [PSYoungGen: 267164K->36864K(268800K)] 922731K->698767K(1010176K), 0.1430457 secs]
820274.360: [GC [PSYoungGen: 267264K->32768K(268800K)] 929167K->696143K(1010176K), 0.2942860 secs]
820360.530: [GC [PSYoungGen: 263168K->36864K(268800K)] 926543K->701967K(1010176K), 0.4061753 secs]
820444.855: [GC [PSYoungGen: 267038K->36864K(268800K)] 932141K->711311K(1010176K), 0.1553626 secs]
820477.858: [GC [PSYoungGen: 267264K->32768K(268800K)] 941711K->708047K(1010176K), 0.5104091 secs]
820576.316: [GC [PSYoungGen: 263102K->36864K(268800K)] 938381K->722127K(1010176K), 0.2702255 secs]
820656.902: [GC [PSYoungGen: 267207K->36864K(268800K)] 952470K->730383K(1010176K), 0.3724663 secs]
820748.638: [GC [PSYoungGen: 267207K->36864K(268800K)] 960726K->741903K(1010176K), 0.2505406 secs]
820842.817: [GC [PSYoungGen: 267264K->36864K(268800K)] 972303K->750671K(1010176K), 0.4224177 secs]
820930.080: [GC [PSYoungGen: 267264K->36864K(268800K)] 981071K->763279K(1010176K), 0.3886783 secs]
820930.469: [Full GC [PSYoungGen: 36864K->0K(268800K)] [PSOldGen: 726415K->100590K(741376K)] 763279K->100590K(1010176K) [PSPermGen: 123164K->123002K(786432K)], 4.7003615 secs]
820973.761: [GC [PSYoungGen: 230400K->36864K(268800K)] 330990K->138158K(1010176K), 0.2675808 secs]
821022.033: [GC [PSYoungGen: 267264K->34816K(268800K)] 368558K->136110K(1010176K), 0.5213377 secs]
821109.893: [GC [PSYoungGen: 265216K->36864K(268800K)] 366510K->151086K(1010176K), 0.2488945 secs]
821193.337: [GC [PSYoungGen: 267120K->36864K(268800K)] 381342K->163886K(1010176K), 0.3283707 secs]
821281.925: [GC [PSYoungGen: 267264K->36864K(268800K)] 394286K->175022K(1010176K), 0.2944850 secs]
821358.507: [GC [PSYoungGen: 267264K->36864K(268800K)] 405422K->188206K(1010176K), 0.2789381 secs]
821459.905: [GC [PSYoungGen: 267213K->36864K(268800K)] 418555K->199086K(1010176K), 0.3167892 secs]
821555.960: [GC [PSYoungGen: 267264K->36864K(268800K)] 429486K->209966K(1010176K), 0.1699791 secs]
821635.379: [GC [PSYoungGen: 267264K->32768K(268800K)] 440366K->208430K(1010176K), 0.3199342 secs]
821682.327: [GC [PSYoungGen: 263168K->32768K(268800K)] 438830K->210542K(1010176K), 0.5709173 secs]
821744.237: [GC [PSYoungGen: 263168K->26624K(268800K)] 440942K->205742K(1010176K), 0.5881695 secs]
821815.736: [GC [PSYoungGen: 256807K->36864K(268800K)] 435925K->222894K(1010176K), 0.3000227 secs]
821884.100: [GC [PSYoungGen: 267170K->36864K(268800K)] 453200K->225902K(1010176K), 0.1580574 secs]
821931.965: [GC [PSYoungGen: 267264K->36864K(268800K)] 456302K->226990K(1010176K), 0.2246301 secs]
822006.365: [GC [PSYoungGen: 267264K->36864K(268800K)] 457390K->233774K(1010176K), 0.1651424 secs]
822068.511: [GC [PSYoungGen: 267262K->36864K(268800K)] 464172K->240174K(1010176K), 0.1148940 secs]
822139.677: [GC [PSYoungGen: 267264K->36864K(268800K)] 470574K->242286K(1010176K), 0.6107901 secs]
822194.405: [GC [PSYoungGen: 267040K->36864K(268800K)] 472462K->244206K(1010176K), 0.2820445 secs]
822300.217: [GC [PSYoungGen: 267264K->36864K(268800K)] 474606K->251758K(1010176K), 0.2920461 secs]
822351.820: [GC [PSYoungGen: 267264K->34816K(268800K)] 482158K->250670K(1010176K), 0.2472006 secs]
822408.715: [GC [PSYoungGen: 265048K->36864K(268800K)] 480902K->259374K(1010176K), 0.1354737 secs]
822456.569: [GC [PSYoungGen: 267062K->32768K(268800K)] 489572K->256622K(1010176K), 0.2742495 secs]
822554.439: [GC [PSYoungGen: 263055K->36864K(268800K)] 486910K->268846K(1010176K), 0.1791478 secs]
822653.249: [GC [PSYoungGen: 267033K->28672K(268800K)] 499015K->261550K(1010176K), 0.4727481 secs]
822706.465: [GC [PSYoungGen: 259072K->36864K(268800K)] 491950K->276014K(1010176K), 0.5462575 secs]
822757.534: [GC [PSYoungGen: 267264K->36864K(268800K)] 506414K->282990K(1010176K), 0.2840195 secs]
822820.910: [GC [PSYoungGen: 267264K->32768K(268800K)] 513390K->280558K(1010176K), 0.5850619 secs]
822906.808: [GC [PSYoungGen: 263168K->36864K(268800K)] 510958K->292078K(1010176K), 0.2387926 secs]
823035.605: [GC [PSYoungGen: 267217K->36864K(268800K)] 522431K->296174K(1010176K), 0.2969119 secs]
823152.320: [GC [PSYoungGen: 267218K->36864K(268800K)] 526528K->302382K(1010176K), 0.2877234 secs]
823260.102: [GC [PSYoungGen: 267148K->36864K(268800K)] 532666K->310446K(1010176K), 0.1940523 secs]
823383.337: [GC [PSYoungGen: 267053K->36864K(268800K)] 540635K->319406K(1010176K), 0.2706048 secs]
823506.135: [GC [PSYoungGen: 267264K->36864K(268800K)] 549806K->328302K(1010176K), 0.3384887 secs]
823617.609: [GC [PSYoungGen: 267264K->36864K(268800K)] 558702K->336302K(1010176K), 0.1791145 secs]
823710.592: [GC [PSYoungGen: 267264K->36864K(268800K)] 566702K->342126K(1010176K), 0.7226304 secs]
823825.778: [GC [PSYoungGen: 267243K->36864K(268800K)] 572506K->350382K(1010176K), 0.3019139 secs]
823928.812: [GC [PSYoungGen: 267111K->36864K(268800K)] 580629K->358702K(1010176K), 0.5432768 secs]
823992.226: [GC [PSYoungGen: 267052K->34816K(268800K)] 588891K->358190K(1010176K), 0.2493060 secs]
824091.099: [GC [PSYoungGen: 265074K->34816K(268800K)] 588448K->359342K(1010176K), 0.5655819 secs]
824182.828: [GC [PSYoungGen: 265216K->36864K(268800K)] 589742K->370222K(1010176K), 0.1905758 secs]
824258.098: [GC [PSYoungGen: 267076K->34816K(268800K)] 600434K->369326K(1010176K), 0.4258697 secs]
824331.087: [GC [PSYoungGen: 265129K->32768K(268800K)] 599639K->368750K(1010176K), 0.7513925 secs]
824418.714: [GC [PSYoungGen: 263104K->36864K(268800K)] 599086K->381358K(1010176K), 0.2418850 secs]
824502.364: [GC [PSYoungGen: 267264K->36864K(268800K)] 611758K->383726K(1010176K), 0.3229433 secs]
824605.443: [GC [PSYoungGen: 267068K->36864K(268800K)] 613931K->392558K(1010176K), 0.2380781 secs]
824698.981: [GC [PSYoungGen: 267264K->36864K(268800K)] 622958K->400750K(1010176K), 0.2549953 secs]
824785.159: [GC [PSYoungGen: 267126K->36864K(268800K)] 631013K->409134K(1010176K), 0.3186432 secs]
824878.383: [GC [PSYoungGen: 267264K->36864K(268800K)] 639534K->413166K(1010176K), 0.2902880 secs]
824998.756: [GC [PSYoungGen: 267264K->36864K(268800K)] 643566K->421742K(1010176K), 0.2221426 secs]
825113.927: [GC [PSYoungGen: 267263K->36864K(268800K)] 652141K->430382K(1010176K), 0.1433474 secs]
825188.304: [GC [PSYoungGen: 267194K->36864K(268800K)] 660712K->437422K(1010176K), 0.5199762 secs]
825286.828: [GC [PSYoungGen: 267264K->34816K(268800K)] 667822K->436782K(1010176K), 0.3266474 secs]
825360.469: [GC [PSYoungGen: 265088K->36864K(268800K)] 667054K->446318K(1010176K), 0.1388901 secs]
825452.326: [GC [PSYoungGen: 267264K->36864K(268800K)] 676718K->453998K(1010176K), 0.1634856 secs]
825482.898: [GC [PSYoungGen: 267242K->36864K(268800K)] 684377K->458158K(1010176K), 0.3079908 secs]
825544.335: [GC [PSYoungGen: 267264K->36864K(268800K)] 688558K->463022K(1010176K), 0.2787734 secs]
825603.216: [GC [PSYoungGen: 267179K->36864K(268800K)] 693337K->471022K(1010176K), 0.1310710 secs]
825659.305: [GC [PSYoungGen: 267153K->36864K(268800K)] 701311K->472110K(1010176K), 0.2938939 secs]
825708.239: [GC [PSYoungGen: 267264K->32768K(268800K)] 702510K->469486K(1010176K), 0.2587570 secs]
825794.354: [GC [PSYoungGen: 263168K->36864K(268800K)] 699886K->478830K(1010176K), 0.1897127 secs]
825861.134: [GC [PSYoungGen: 267208K->36864K(268800K)] 709174K->486510K(1010176K), 0.2790439 secs]
825917.140: [GC [PSYoungGen: 267233K->36864K(268800K)] 716880K->493294K(1010176K), 0.0975234 secs]
826012.465: [GC [PSYoungGen: 267264K->36864K(268800K)] 723694K->495406K(1010176K), 0.2856888 secs]
826059.475: [GC [PSYoungGen: 267264K->36864K(268800K)] 725806K->501934K(1010176K), 0.3741078 secs]
826125.079: [GC [PSYoungGen: 267197K->36864K(268800K)] 732267K->504814K(1010176K), 0.8934220 secs]
826173.297: [GC [PSYoungGen: 267182K->36864K(268800K)] 735132K->512750K(1010176K), 0.1438887 secs]
826241.569: [GC [PSYoungGen: 267151K->34816K(268800K)] 743037K->511598K(1010176K), 0.6101078 secs]
826334.059: [GC [PSYoungGen: 265216K->36864K(268800K)] 741998K->515886K(1010176K), 0.2783916 secs]
826416.512: [GC [PSYoungGen: 267264K->36864K(268800K)] 746286K->524846K(1010176K), 0.3468327 secs]
826448.020: [GC [PSYoungGen: 267063K->36864K(268800K)] 755045K->532334K(1010176K), 0.1571977 secs]
826548.028: [GC [PSYoungGen: 267264K->36864K(268800K)] 762734K->544302K(1010176K), 0.3330819 secs]
826655.557: [GC [PSYoungGen: 267264K->36864K(268800K)] 774702K->557486K(1010176K), 0.2300635 secs]
826706.072: [GC [PSYoungGen: 267219K->32768K(268800K)] 787842K->554542K(1010176K), 0.2568797 secs]
826739.405: [GC [PSYoungGen: 263168K->36864K(268800K)] 784942K->567342K(1010176K), 0.2575181 secs]
826785.376: [GC [PSYoungGen: 267189K->36864K(268800K)] 797667K->576878K(1010176K), 0.1686288 secs]
826858.283: [GC [PSYoungGen: 267264K->36864K(268800K)] 807278K->580974K(1010176K), 0.2234839 secs]
826909.873: [GC [PSYoungGen: 267264K->36864K(268800K)] 811374K->590254K(1010176K), 0.1634038 secs]
827005.565: [GC [PSYoungGen: 267264K->36864K(268800K)] 820654K->601134K(1010176K), 0.2308919 secs]
827057.829: [GC [PSYoungGen: 267264K->36864K(268800K)] 831534K->611502K(1010176K), 0.3075711 secs]
827131.838: [GC [PSYoungGen: 267168K->36864K(268800K)] 841806K->618670K(1010176K), 0.2773177 secs]
827201.557: [GC [PSYoungGen: 267264K->36864K(268800K)] 849070K->621038K(1010176K), 0.5894689 secs]
827334.493: [GC [PSYoungGen: 267264K->36864K(268800K)] 851438K->631982K(1010176K), 0.2086780 secs]
827377.795: [GC [PSYoungGen: 267264K->36864K(268800K)] 862382K->636462K(1010176K), 0.4047582 secs]
827443.235: [GC [PSYoungGen: 267264K->34816K(268800K)] 866862K->636334K(1010176K), 0.5517279 secs]
827514.873: [GC [PSYoungGen: 264993K->36864K(268800K)] 866511K->646830K(1010176K), 0.1096203 secs]
827612.774: [GC [PSYoungGen: 267113K->36864K(268800K)] 877079K->654510K(1010176K), 0.1618136 secs]
827692.078: [GC [PSYoungGen: 267264K->36864K(268800K)] 884910K->658158K(1010176K), 0.2991004 secs]
827778.599: [GC [PSYoungGen: 267186K->36864K(268800K)] 888480K->665582K(1010176K), 0.1678335 secs]
827834.592: [GC [PSYoungGen: 267065K->36864K(268800K)] 895783K->669934K(1010176K), 0.2224285 secs]
827922.983: [GC [PSYoungGen: 267087K->30720K(268800K)] 900157K->665454K(1010176K), 1.1280510 secs]
828010.963: [GC [PSYoungGen: 260920K->36864K(268800K)] 895654K->676718K(1010176K), 0.2682252 secs]
828098.918: [GC [PSYoungGen: 267264K->36864K(268800K)] 907118K->683502K(1010176K), 0.5970130 secs]
828160.262: [GC [PSYoungGen: 267264K->30720K(268800K)] 913902K->678510K(1010176K), 0.7210279 secs]
828283.929: [GC [PSYoungGen: 261120K->36864K(268800K)] 908910K->690542K(1010176K), 0.3063924 secs]
828373.741: [GC [PSYoungGen: 267163K->36864K(268800K)] 920841K->698094K(1010176K), 0.1711486 secs]
828467.409: [GC [PSYoungGen: 267114K->34816K(268800K)] 928344K->697198K(1010176K), 0.6364135 secs]
828585.881: [GC [PSYoungGen: 265081K->36864K(268800K)] 927463K->703918K(1010176K), 0.5149698 secs]
828657.184: [GC [PSYoungGen: 267106K->36864K(268800K)] 934160K->710830K(1010176K), 1.0949130 secs]
828719.355: [GC [PSYoungGen: 267039K->36864K(268800K)] 941005K->717742K(1010176K), 0.9481598 secs]
828779.690: [GC [PSYoungGen: 267124K->36864K(268800K)] 948002K->720494K(1010176K), 0.2876352 secs]
828888.996: [GC [PSYoungGen: 267264K->36864K(268800K)] 950894K->727086K(1010176K), 0.3903322 secs]
828924.801: [GC [PSYoungGen: 267173K->36864K(268800K)] 957395K->728750K(1010176K), 0.2829461 secs]
829023.847: [GC [PSYoungGen: 267264K->36864K(268800K)] 959150K->736814K(1010176K), 0.1450654 secs]
829062.707: [GC [PSYoungGen: 267213K->36864K(268800K)] 967163K->739374K(1010176K), 0.2516211 secs]
829128.272: [GC [PSYoungGen: 267178K->36864K(268800K)] 969688K->741934K(1010176K), 0.4282860 secs]
829203.022: [GC [PSYoungGen: 267233K->36864K(268800K)] 972304K->749934K(1010176K), 0.1495711 secs]
829268.069: [GC [PSYoungGen: 267264K->36864K(268800K)] 980334K->756782K(1010176K), 0.1527239 secs]
829311.744: [GC [PSYoungGen: 267254K->36864K(268800K)] 987172K->758318K(1010176K), 0.2530436 secs]
829387.496: [GC [PSYoungGen: 267264K->36864K(268800K)] 988718K->767214K(1010176K), 0.1818238 secs]
829387.678: [Full GC [PSYoungGen: 36864K->0K(268800K)] [PSOldGen: 730350K->124840K(741376K)] 767214K->124840K(1010176K) [PSPermGen: 123034K->123034K(786432K)], 4.2145686 secs]
829477.875: [GC [PSYoungGen: 230400K->30720K(268800K)] 355240K->155560K(1010176K), 0.5752306 secs]
829528.306: [GC [PSYoungGen: 261120K->36864K(268800K)] 385960K->161704K(1010176K), 1.0257445 secs]
829579.682: [GC [PSYoungGen: 267241K->36864K(268800K)] 392082K->167720K(1010176K), 0.1297414 secs]
829642.689: [GC [PSYoungGen: 267256K->36864K(268800K)] 398113K->174232K(1010176K), 0.2566410 secs]
829733.521: [GC [PSYoungGen: 267264K->36864K(268800K)] 404632K->175256K(1010176K), 0.6627133 secs]
829773.417: [GC [PSYoungGen: 267264K->36864K(268800K)] 405656K->179608K(1010176K), 0.2425582 secs]
829822.802: [GC [PSYoungGen: 267053K->36864K(268800K)] 409797K->186264K(1010176K), 0.3549099 secs]
829859.993: [GC [PSYoungGen: 267108K->36864K(268800K)] 416508K->188120K(1010176K), 1.8245660 secs]
829934.254: [GC [PSYoungGen: 267264K->36864K(268800K)] 418520K->189400K(1010176K), 0.2794602 secs]
829974.628: [GC [PSYoungGen: 267264K->36864K(268800K)] 419800K->193496K(1010176K), 0.1323401 secs]
830009.681: [GC [PSYoungGen: 267264K->36864K(268800K)] 423896K->199768K(1010176K), 0.2162882 secs]
830106.596: [GC [PSYoungGen: 267264K->36864K(268800K)] 430168K->207192K(1010176K), 0.2650949 secs]
830163.898: [GC [PSYoungGen: 267264K->36864K(268800K)] 437592K->214232K(1010176K), 0.1356747 secs]
830254.801: [GC [PSYoungGen: 267144K->36864K(268800K)] 444512K->223896K(1010176K), 0.3094113 secs]
830295.312: [GC [PSYoungGen: 267264K->36864K(268800K)] 454296K->227224K(1010176K), 0.2297226 secs]
830322.091: [GC [PSYoungGen: 267264K->36864K(268800K)] 457624K->230936K(1010176K), 0.9130984 secs]
830420.500: [GC [PSYoungGen: 267264K->36864K(268800K)] 461336K->242008K(1010176K), 0.3183548 secs]
830456.483: [GC [PSYoungGen: 267264K->36864K(268800K)] 472408K->246360K(1010176K), 0.2382609 secs]
830516.045: [GC [PSYoungGen: 267264K->36864K(268800K)] 476760K->251864K(1010176K), 0.1797206 secs]
830601.916: [GC [PSYoungGen: 267264K->36864K(268800K)] 482264K->261272K(1010176K), 0.2010262 secs]
830639.966: [GC [PSYoungGen: 267192K->36864K(268800K)] 491600K->268120K(1010176K), 0.1251646 secs]
830708.104: [GC [PSYoungGen: 267264K->36864K(268800K)] 498520K->276504K(1010176K), 0.2053724 secs]
830772.324: [GC [PSYoungGen: 267161K->36864K(268800K)] 506801K->284760K(1010176K), 0.2429283 secs]
830803.963: [GC [PSYoungGen: 267196K->26624K(268800K)] 515092K->275672K(1010176K), 0.5039819 secs]
830857.431: [GC [PSYoungGen: 256888K->34816K(268800K)] 505936K->285400K(1010176K), 0.2779890 secs]
830913.625: [GC [PSYoungGen: 265216K->36864K(268800K)] 515800K->295000K(1010176K), 0.2337069 secs]
830954.909: [GC [PSYoungGen: 267264K->36864K(268800K)] 525400K->297368K(1010176K), 0.1815658 secs]
831025.198: [GC [PSYoungGen: 267041K->36864K(268800K)] 527545K->305176K(1010176K), 0.2571841 secs]
831096.406: [GC [PSYoungGen: 267160K->36864K(268800K)] 535472K->307992K(1010176K), 0.4059582 secs]
831149.494: [GC [PSYoungGen: 267264K->36864K(268800K)] 538392K->313432K(1010176K), 0.5041110 secs]
831185.455: [GC [PSYoungGen: 267244K->36864K(268800K)] 543813K->320728K(1010176K), 0.5161216 secs]
831221.820: [GC [PSYoungGen: 267195K->36864K(268800K)] 551059K->326104K(1010176K), 0.8362845 secs]
831260.626: [GC [PSYoungGen: 267033K->36864K(268800K)] 556273K->333400K(1010176K), 0.4069563 secs]
831319.761: [GC [PSYoungGen: 267211K->36864K(268800K)] 563747K->335512K(1010176K), 0.2710691 secs]
831385.973: [GC [PSYoungGen: 267264K->36864K(268800K)] 565912K->341656K(1010176K), 0.5186049 secs]
831420.302: [GC [PSYoungGen: 267114K->36864K(268800K)] 571906K->348888K(1010176K), 0.1306928 secs]
831477.421: [GC [PSYoungGen: 267264K->36864K(268800K)] 579288K->357336K(1010176K), 0.2502784 secs]
831507.793: [GC [PSYoungGen: 267165K->36864K(268800K)] 587637K->359896K(1010176K), 0.1915765 secs]
831544.763: [GC [PSYoungGen: 267252K->36864K(268800K)] 590284K->367000K(1010176K), 0.1948808 secs]
831567.974: [GC [PSYoungGen: 267089K->36864K(268800K)] 597225K->368600K(1010176K), 0.2195095 secs]
831638.710: [GC [PSYoungGen: 267025K->36864K(268800K)] 598761K->375448K(1010176K), 0.2649540 secs]
831668.553: [GC [PSYoungGen: 267106K->36864K(268800K)] 605690K->379224K(1010176K), 0.2772034 secs]
831689.901: [GC [PSYoungGen: 267197K->36864K(268800K)] 609557K->383000K(1010176K), 0.7389942 secs]
831723.520: [GC [PSYoungGen: 267148K->36864K(268800K)] 613284K->390232K(1010176K), 0.1762267 secs]
831782.006: [GC [PSYoungGen: 267264K->36864K(268800K)] 620632K->396888K(1010176K), 0.1334588 secs]
831819.146: [GC [PSYoungGen: 267264K->36864K(268800K)] 627288K->398488K(1010176K), 0.6533442 secs]
831842.669: [GC [PSYoungGen: 267246K->36864K(268800K)] 628871K->401816K(1010176K), 0.2265196 secs]
831910.756: [GC [PSYoungGen: 267264K->36864K(268800K)] 632216K->405976K(1010176K), 0.3276311 secs]
831962.259: [GC [PSYoungGen: 267264K->36864K(268800K)] 636376K->412248K(1010176K), 0.1681073 secs]
831996.570: [GC [PSYoungGen: 267180K->26624K(268800K)] 642564K->402712K(1010176K), 0.4572924 secs]
832069.501: [GC [PSYoungGen: 257024K->36864K(268800K)] 633112K->417880K(1010176K), 0.3011443 secs]
832126.125: [GC [PSYoungGen: 267172K->34816K(268800K)] 648188K->416792K(1010176K), 0.1750940 secs]
832231.911: [GC [PSYoungGen: 265029K->36864K(268800K)] 647006K->427096K(1010176K), 0.1374443 secs]
832344.676: [GC [PSYoungGen: 267264K->36864K(268800K)] 657496K->433624K(1010176K), 0.1566419 secs]
832406.489: [GC [PSYoungGen: 267264K->36864K(268800K)] 664024K->440280K(1010176K), 0.3084341 secs]
832483.056: [GC [PSYoungGen: 267117K->36864K(268800K)] 670534K->441816K(1010176K), 0.6318901 secs]
832592.469: [GC [PSYoungGen: 267039K->36864K(268800K)] 671991K->451736K(1010176K), 0.3265458 secs]
832641.448: [GC [PSYoungGen: 267239K->36864K(268800K)] 682111K->457816K(1010176K), 0.2999965 secs]
832709.444: [GC [PSYoungGen: 267140K->36864K(268800K)] 688093K->461528K(1010176K), 0.2430673 secs]
832748.539: [GC [PSYoungGen: 267264K->36864K(268800K)] 691928K->468824K(1010176K), 0.6049471 secs]
832784.524: [GC [PSYoungGen: 267264K->34816K(268800K)] 699224K->467864K(1010176K), 0.2614167 secs]
832871.206: [GC [PSYoungGen: 265175K->36864K(268800K)] 698223K->478040K(1010176K), 0.2331014 secs]
832913.276: [GC [PSYoungGen: 267264K->36864K(268800K)] 708440K->485080K(1010176K), 0.2867862 secs]
833020.426: [GC [PSYoungGen: 267041K->36864K(268800K)] 715258K->487064K(1010176K), 1.0767639 secs]
833073.223: [GC [PSYoungGen: 267041K->36864K(268800K)] 717241K->493336K(1010176K), 0.4223870 secs]
833117.825: [GC [PSYoungGen: 267116K->36864K(268800K)] 723588K->500568K(1010176K), 0.1405022 secs]
833242.128: [GC [PSYoungGen: 267264K->36864K(268800K)] 730968K->511320K(1010176K), 0.1300037 secs]
833276.977: [GC [PSYoungGen: 267264K->36864K(268800K)] 741720K->517400K(1010176K), 0.1780458 secs]
833364.909: [GC [PSYoungGen: 267068K->36864K(268800K)] 747605K->525336K(1010176K), 0.3161112 secs]
833390.313: [GC [PSYoungGen: 267063K->36864K(268800K)] 755535K->531992K(1010176K), 0.0904472 secs]
833467.920: [GC [PSYoungGen: 267264K->30720K(268800K)] 762392K->526744K(1010176K), 0.6291000 secs]
833493.702: [GC [PSYoungGen: 261120K->30720K(268800K)] 757144K->528408K(1010176K), 0.3352592 secs]
833551.967: [GC [PSYoungGen: 260993K->36864K(268800K)] 758681K->538328K(1010176K), 0.1727476 secs]
833612.466: [GC [PSYoungGen: 267264K->36864K(268800K)] 768728K->545048K(1010176K), 0.3816315 secs]
833660.650: [GC [PSYoungGen: 267264K->36864K(268800K)] 775448K->550680K(1010176K), 0.3298463 secs]
833696.577: [GC [PSYoungGen: 267164K->32768K(268800K)] 780980K->547672K(1010176K), 0.2658761 secs]
833766.220: [GC [PSYoungGen: 263168K->36864K(268800K)] 778072K->558616K(1010176K), 0.2504466 secs]
833841.068: [GC [PSYoungGen: 267157K->36864K(268800K)] 788909K->566296K(1010176K), 0.1974451 secs]
833911.259: [GC [PSYoungGen: 267264K->36864K(268800K)] 796696K->573528K(1010176K), 0.1548773 secs]
834008.120: [GC [PSYoungGen: 267243K->36864K(268800K)] 803907K->582232K(1010176K), 0.1371114 secs]
834060.855: [GC [PSYoungGen: 267264K->36864K(268800K)] 812632K->589528K(1010176K), 0.2683224 secs]
834145.795: [GC [PSYoungGen: 267140K->36864K(268800K)] 819804K->595544K(1010176K), 0.1711140 secs]
834198.281: [GC [PSYoungGen: 267264K->36864K(268800K)] 825944K->602776K(1010176K), 0.2562765 secs]
834245.634: [GC [PSYoungGen: 267211K->36864K(268800K)] 833123K->605080K(1010176K), 0.3643301 secs]
834314.742: [GC [PSYoungGen: 267261K->36864K(268800K)] 835477K->612504K(1010176K), 0.1659339 secs]
834338.319: [GC [PSYoungGen: 267264K->30720K(268800K)] 842904K->607576K(1010176K), 0.1798291 secs]
834383.848: [GC [PSYoungGen: 261113K->36864K(268800K)] 837969K->619544K(1010176K), 0.1282234 secs]
834446.884: [GC [PSYoungGen: 267086K->36864K(268800K)] 849766K->621976K(1010176K), 0.2017686 secs]
834502.801: [GC [PSYoungGen: 267252K->36864K(268800K)] 852364K->628696K(1010176K), 0.1649382 secs]
834575.965: [GC [PSYoungGen: 267264K->36864K(268800K)] 859096K->633688K(1010176K), 0.2101567 secs]
834644.996: [GC [PSYoungGen: 267264K->30720K(268800K)] 864088K->629016K(1010176K), 0.4135751 secs]
834743.417: [GC [PSYoungGen: 260937K->36864K(268800K)] 859233K->644440K(1010176K), 0.2840082 secs]
834801.314: [GC [PSYoungGen: 267264K->36864K(268800K)] 874840K->651416K(1010176K), 0.2522083 secs]
834882.483: [GC [PSYoungGen: 267264K->36864K(268800K)] 881816K->653336K(1010176K), 0.9069956 secs]
834966.070: [GC [PSYoungGen: 267264K->36864K(268800K)] 883736K->663128K(1010176K), 0.2992496 secs]
835048.236: [GC [PSYoungGen: 267047K->36864K(268800K)] 893311K->667096K(1010176K), 0.3018429 secs]
835101.840: [GC [PSYoungGen: 267264K->36864K(268800K)] 897496K->670168K(1010176K), 0.7624160 secs]
835162.278: [GC [PSYoungGen: 267264K->36864K(268800K)] 900568K->678424K(1010176K), 0.1752866 secs]
835255.721: [GC [PSYoungGen: 267264K->36864K(268800K)] 908824K->687640K(1010176K), 0.2080007 secs]
835296.811: [GC [PSYoungGen: 267264K->36864K(268800K)] 918040K->694424K(1010176K), 0.2743260 secs]
835371.232: [GC [PSYoungGen: 267264K->36864K(268800K)] 924824K->698008K(1010176K), 1.1448739 secs]
835420.941: [GC [PSYoungGen: 267184K->36864K(268800K)] 928328K->705560K(1010176K), 0.2291334 secs]
835486.383: [GC [PSYoungGen: 267264K->36864K(268800K)] 935960K->710488K(1010176K), 0.3969448 secs]
835562.724: [GC [PSYoungGen: 267264K->36864K(268800K)] 940888K->718744K(1010176K), 0.1544053 secs]
835670.764: [GC [PSYoungGen: 267264K->36864K(268800K)] 949144K->724440K(1010176K), 0.2343697 secs]
835709.261: [GC [PSYoungGen: 267181K->36864K(268800K)] 954757K->731544K(1010176K), 0.2803710 secs]
835737.797: [GC [PSYoungGen: 267050K->36864K(268800K)] 961730K->738200K(1010176K), 0.1082209 secs]
835779.657: [GC [PSYoungGen: 267264K->30720K(268800K)] 968600K->734232K(1010176K), 0.7019724 secs]
835857.550: [GC [PSYoungGen: 260975K->36864K(268800K)] 964488K->741400K(1010176K), 0.7443110 secs]
835953.166: [GC [PSYoungGen: 267210K->36864K(268800K)] 971746K->750936K(1010176K), 0.1786777 secs]
836021.294: [GC [PSYoungGen: 267264K->36864K(268800K)] 981336K->754648K(1010176K), 0.3474518 secs]
836060.616: [GC [PSYoungGen: 267264K->36864K(268800K)] 985048K->759704K(1010176K), 0.2760165 secs]
836109.031: [GC [PSYoungGen: 267264K->36864K(268800K)] 990104K->767000K(1010176K), 0.1710891 secs]
836109.203: [Full GC [PSYoungGen: 36864K->0K(268800K)] [PSOldGen: 730136K->132145K(741376K)] 767000K->132145K(1010176K) [PSPermGen: 123065K->123065K(786432K)], 4.3630434 secs]
836161.332: [GC [PSYoungGen: 230263K->32768K(268800K)] 362408K->164913K(1010176K), 0.2887120 secs]
836221.320: [GC [PSYoungGen: 263168K->36864K(268800K)] 395313K->174705K(1010176K), 0.1883909 secs]
836287.335: [GC [PSYoungGen: 267158K->36864K(268800K)] 405000K->178673K(1010176K), 0.2562335 secs]
836314.446: [GC [PSYoungGen: 267264K->36864K(268800K)] 409073K->184737K(1010176K), 0.2676628 secs]
836378.029: [GC [PSYoungGen: 267264K->30720K(268800K)] 415137K->179809K(1010176K), 0.6980558 secs]
836438.400: [GC [PSYoungGen: 260973K->36864K(268800K)] 410062K->194209K(1010176K), 0.8092455 secs]
836464.079: [GC [PSYoungGen: 267219K->36864K(268800K)] 424564K->199649K(1010176K), 0.1931904 secs]
836500.603: [GC [PSYoungGen: 267264K->36864K(268800K)] 430049K->204065K(1010176K), 0.5914188 secs]
836558.750: [GC [PSYoungGen: 267264K->30720K(268800K)] 434465K->199457K(1010176K), 0.8833090 secs]
836621.502: [GC [PSYoungGen: 261120K->30720K(268800K)] 429857K->200289K(1010176K), 0.9870963 secs]
836651.918: [GC [PSYoungGen: 261120K->36864K(268800K)] 430689K->212129K(1010176K), 0.2810562 secs]
836719.572: [GC [PSYoungGen: 267140K->36864K(268800K)] 442405K->220001K(1010176K), 0.1182166 secs]
836768.386: [GC [PSYoungGen: 267264K->36864K(268800K)] 450401K->221537K(1010176K), 0.2407031 secs]
836797.351: [GC [PSYoungGen: 267156K->32768K(268800K)] 451829K->218081K(1010176K), 0.1854204 secs]
836869.244: [GC [PSYoungGen: 263168K->36864K(268800K)] 448481K->226145K(1010176K), 0.2065094 secs]
836920.048: [GC [PSYoungGen: 267096K->36864K(268800K)] 456377K->232865K(1010176K), 0.1570836 secs]
836964.782: [GC [PSYoungGen: 267264K->36864K(268800K)] 463265K->237281K(1010176K), 0.2695434 secs]
837013.744: [GC [PSYoungGen: 267264K->36864K(268800K)] 467681K->244897K(1010176K), 0.1724361 secs]
837074.308: [GC [PSYoungGen: 267264K->36864K(268800K)] 475297K->246177K(1010176K), 0.2936043 secs]
837119.530: [GC [PSYoungGen: 267043K->36864K(268800K)] 476356K->253665K(1010176K), 0.0983749 secs]
837203.355: [GC [PSYoungGen: 267168K->36864K(268800K)] 483969K->258977K(1010176K), 0.2269271 secs]
837264.583: [GC [PSYoungGen: 267153K->36864K(268800K)] 489266K->264737K(1010176K), 0.2746075 secs]
837310.313: [GC [PSYoungGen: 267040K->36864K(268800K)] 494913K->271841K(1010176K), 0.1528666 secs]
837361.988: [GC [PSYoungGen: 267264K->36864K(268800K)] 502241K->275873K(1010176K), 0.2709672 secs]
837470.817: [GC [PSYoungGen: 267264K->36864K(268800K)] 506273K->285025K(1010176K), 0.2701875 secs]
837546.173: [GC [PSYoungGen: 267195K->36864K(268800K)] 515356K->292193K(1010176K), 0.2829211 secs]
837616.205: [GC [PSYoungGen: 267264K->36864K(268800K)] 522593K->299681K(1010176K), 0.2657275 secs]
837712.652: [GC [PSYoungGen: 267154K->36864K(268800K)] 529971K->308385K(1010176K), 0.1792412 secs]
837806.314: [GC [PSYoungGen: 267143K->36864K(268800K)] 538664K->312353K(1010176K), 0.1902461 secs]
837890.964: [GC [PSYoungGen: 267070K->32768K(268800K)] 542559K->309281K(1010176K), 0.1769417 secs]
837946.618: [GC [PSYoungGen: 263168K->36864K(268800K)] 539681K->320417K(1010176K), 0.3301685 secs]
838026.502: [GC [PSYoungGen: 267205K->36864K(268800K)] 550758K->328545K(1010176K), 0.2587743 secs]
838114.400: [GC [PSYoungGen: 267264K->36864K(268800K)] 558945K->329889K(1010176K), 0.2328811 secs]
838213.239: [GC [PSYoungGen: 267136K->36864K(268800K)] 560162K->337953K(1010176K), 0.1397731 secs]
838317.567: [GC [PSYoungGen: 267264K->36864K(268800K)] 568353K->347169K(1010176K), 0.1998554 secs]
838419.845: [GC [PSYoungGen: 267200K->36864K(268800K)] 577505K->349921K(1010176K), 0.3022086 secs]
838508.843: [GC [PSYoungGen: 267264K->36864K(268800K)] 580321K->358433K(1010176K), 0.1681930 secs]
838603.279: [GC [PSYoungGen: 267252K->34816K(268800K)] 588821K->358113K(1010176K), 0.5629087 secs]
838679.155: [GC [PSYoungGen: 265172K->36864K(268800K)] 588469K->368993K(1010176K), 0.1284560 secs]
838812.858: [GC [PSYoungGen: 267264K->36864K(268800K)] 599393K->379937K(1010176K), 0.2722490 secs]
838911.379: [GC [PSYoungGen: 267264K->36864K(268800K)] 610337K->388961K(1010176K), 0.1385169 secs]
838987.910: [GC [PSYoungGen: 267264K->36864K(268800K)] 619361K->392609K(1010176K), 0.2519079 secs]
839078.878: [GC [PSYoungGen: 267263K->36864K(268800K)] 623008K->399649K(1010176K), 1.0535232 secs]
839120.612: [GC [PSYoungGen: 267044K->36864K(268800K)] 629829K->406561K(1010176K), 0.2309577 secs]
839192.827: [GC [PSYoungGen: 267216K->36864K(268800K)] 636913K->407969K(1010176K), 0.2566957 secs]
839272.058: [GC [PSYoungGen: 267264K->36864K(268800K)] 638369K->415201K(1010176K), 0.2332895 secs]
839366.443: [GC [PSYoungGen: 267059K->36864K(268800K)] 645396K->422689K(1010176K), 0.4229808 secs]
839460.752: [GC [PSYoungGen: 267142K->36864K(268800K)] 652967K->430177K(1010176K), 0.9139329 secs]
839560.838: [GC [PSYoungGen: 267264K->36864K(268800K)] 660577K->431265K(1010176K), 0.3638867 secs]
839681.504: [GC [PSYoungGen: 267264K->32768K(268800K)] 661665K->428577K(1010176K), 0.5627191 secs]
839762.228: [GC [PSYoungGen: 263168K->36864K(268800K)] 658977K->439777K(1010176K), 0.2496613 secs]
839818.715: [GC [PSYoungGen: 267264K->36864K(268800K)] 670177K->445729K(1010176K), 0.2670676 secs]
839866.575: [GC [PSYoungGen: 267133K->36864K(268800K)] 675998K->448033K(1010176K), 0.3405533 secs]
839917.658: [GC [PSYoungGen: 267264K->36864K(268800K)] 678433K->449121K(1010176K), 0.5924325 secs]
839998.343: [GC [PSYoungGen: 267264K->36864K(268800K)] 679521K->457185K(1010176K), 0.2474241 secs]
840056.930: [GC [PSYoungGen: 267055K->36864K(268800K)] 687377K->464033K(1010176K), 0.2653182 secs]
840121.396: [GC [PSYoungGen: 267263K->36864K(268800K)] 694432K->471841K(1010176K), 0.3141701 secs]
840159.850: [GC [PSYoungGen: 267193K->36864K(268800K)] 702170K->478625K(1010176K), 0.4950582 secs]
840222.466: [GC [PSYoungGen: 267229K->36864K(268800K)] 708990K->481697K(1010176K), 0.5709287 secs]
840292.980: [GC [PSYoungGen: 267238K->30720K(268800K)] 712071K->476897K(1010176K), 0.4074715 secs]
840338.385: [GC [PSYoungGen: 261067K->32768K(268800K)] 707244K->479841K(1010176K), 0.3026553 secs]
840377.950: [GC [PSYoungGen: 263168K->36864K(268800K)] 710241K->490465K(1010176K), 0.2773391 secs]
840423.732: [GC [PSYoungGen: 267264K->36864K(268800K)] 720865K->493153K(1010176K), 0.2630163 secs]
840488.540: [GC [PSYoungGen: 267205K->36864K(268800K)] 723494K->500385K(1010176K), 0.2158910 secs]
840585.530: [GC [PSYoungGen: 267261K->36864K(268800K)] 730782K->508897K(1010176K), 0.4924694 secs]
840620.818: [GC [PSYoungGen: 267264K->36864K(268800K)] 739297K->515105K(1010176K), 0.2608508 secs]
840659.854: [GC [PSYoungGen: 267264K->36864K(268800K)] 745505K->521761K(1010176K), 0.1245991 secs]
840689.953: [GC [PSYoungGen: 267235K->36864K(268800K)] 752132K->526305K(1010176K), 0.1360242 secs]
840724.741: [GC [PSYoungGen: 267238K->36864K(268800K)] 756679K->528097K(1010176K), 0.2440120 secs]
840785.257: [GC [PSYoungGen: 267204K->36864K(268800K)] 758438K->529185K(1010176K), 0.3462783 secs]
840860.079: [GC [PSYoungGen: 267264K->36864K(268800K)] 759585K->537953K(1010176K), 0.1818518 secs]
840949.462: [GC [PSYoungGen: 267080K->30720K(268800K)] 768169K->532833K(1010176K), 0.6040165 secs]
841017.965: [GC [PSYoungGen: 261120K->36864K(268800K)] 763233K->545249K(1010176K), 0.4478862 secs]
841053.214: [GC [PSYoungGen: 267143K->36864K(268800K)] 775528K->552609K(1010176K), 0.2008548 secs]
841098.356: [GC [PSYoungGen: 267264K->36864K(268800K)] 783009K->560865K(1010176K), 0.8600737 secs]
841146.244: [GC [PSYoungGen: 267264K->36864K(268800K)] 791265K->568865K(1010176K), 0.1647236 secs]
841202.088: [GC [PSYoungGen: 267187K->36864K(268800K)] 799189K->577377K(1010176K), 0.2270859 secs]
841255.161: [GC [PSYoungGen: 267112K->36864K(268800K)] 807626K->583137K(1010176K), 0.2813792 secs]
841298.271: [GC [PSYoungGen: 267264K->34816K(268800K)] 813537K->582433K(1010176K), 0.6182456 secs]
841351.032: [GC [PSYoungGen: 265216K->36864K(268800K)] 812833K->592737K(1010176K), 0.6658198 secs]
841404.028: [GC [PSYoungGen: 267264K->36864K(268800K)] 823137K->600481K(1010176K), 0.2751221 secs]
841465.878: [GC [PSYoungGen: 267264K->36864K(268800K)] 830881K->608929K(1010176K), 0.1288521 secs]
841530.004: [GC [PSYoungGen: 267264K->36864K(268800K)] 839329K->615201K(1010176K), 0.1619940 secs]
841571.569: [GC [PSYoungGen: 267264K->36864K(268800K)] 845601K->623009K(1010176K), 0.1318498 secs]
841646.777: [GC [PSYoungGen: 267187K->36864K(268800K)] 853333K->632033K(1010176K), 0.1947964 secs]
841696.858: [GC [PSYoungGen: 267113K->36864K(268800K)] 862282K->640289K(1010176K), 0.1372849 secs]
841741.992: [GC [PSYoungGen: 267249K->36864K(268800K)] 870675K->643361K(1010176K), 0.1363595 secs]
841771.841: [GC [PSYoungGen: 267223K->36864K(268800K)] 873720K->646497K(1010176K), 0.1568695 secs]
841878.804: [GC [PSYoungGen: 267173K->36864K(268800K)] 876806K->657057K(1010176K), 0.5167224 secs]
841956.929: [GC [PSYoungGen: 267264K->36864K(268800K)] 887457K->665761K(1010176K), 0.1935821 secs]
842034.668: [GC [PSYoungGen: 267074K->36864K(268800K)] 895972K->667553K(1010176K), 0.3091105 secs]
842144.844: [GC [PSYoungGen: 267104K->36864K(268800K)] 897794K->678305K(1010176K), 0.1774878 secs]
842218.592: [GC [PSYoungGen: 267166K->36864K(268800K)] 908607K->683937K(1010176K), 0.5933007 secs]
842323.942: [GC [PSYoungGen: 267264K->36864K(268800K)] 914337K->693217K(1010176K), 0.4726210 secs]
842410.800: [GC [PSYoungGen: 267084K->36864K(268800K)] 923437K->702817K(1010176K), 0.1816567 secs]
842507.820: [GC [PSYoungGen: 267219K->36864K(268800K)] 933173K->704801K(1010176K), 0.3524192 secs]
842542.587: [GC [PSYoungGen: 267264K->36864K(268800K)] 935201K->711841K(1010176K), 0.1122127 secs]
842632.373: [GC [PSYoungGen: 267264K->36864K(268800K)] 942241K->718433K(1010176K), 0.2899185 secs]
842749.675: [GC [PSYoungGen: 267259K->36864K(268800K)] 948828K->720033K(1010176K), 0.3344779 secs]
842840.040: [GC [PSYoungGen: 267198K->36864K(268800K)] 950368K->727009K(1010176K), 0.1317883 secs]
842910.541: [GC [PSYoungGen: 267264K->36864K(268800K)] 957409K->733985K(1010176K), 0.2564699 secs]
843047.166: [GC [PSYoungGen: 267264K->36864K(268800K)] 964385K->742561K(1010176K), 0.7985412 secs]
843148.631: [GC [PSYoungGen: 267190K->36864K(268800K)] 972888K->750433K(1010176K), 0.2800752 secs]
843275.551: [GC [PSYoungGen: 267264K->36864K(268800K)] 980833K->759073K(1010176K), 0.1639016 secs]
843349.240: [GC [PSYoungGen: 267211K->24576K(268800K)] 989420K->748321K(1010176K), 0.4959367 secs]
843444.687: [GC [PSYoungGen: 254758K->36864K(268800K)] 978503K->765793K(1010176K), 0.2413770 secs]
843444.929: [Full GC [PSYoungGen: 36864K->0K(268800K)] [PSOldGen: 728929K->134076K(741376K)] 765793K->134076K(1010176K) [PSPermGen: 123097K->123097K(786432K)], 4.2853496 secs]
843558.215: [GC [PSYoungGen: 230202K->36864K(268800K)] 364279K->172476K(1010176K), 0.2608712 secs]
843648.010: [GC [PSYoungGen: 267196K->36864K(268800K)] 402809K->177084K(1010176K), 0.2529739 secs]
843726.655: [GC [PSYoungGen: 267264K->36864K(268800K)] 407484K->182012K(1010176K), 0.8787577 secs]
843777.702: [GC [PSYoungGen: 267264K->36864K(268800K)] 412412K->188588K(1010176K), 0.2283525 secs]
843841.234: [GC [PSYoungGen: 267264K->36864K(268800K)] 418988K->193964K(1010176K), 0.2360301 secs]
843876.641: [GC [PSYoungGen: 267225K->36864K(268800K)] 424325K->194732K(1010176K), 0.3159482 secs]
843906.617: [GC [PSYoungGen: 267107K->34816K(268800K)] 424975K->193644K(1010176K), 0.2259318 secs]
843970.880: [GC [PSYoungGen: 264991K->36864K(268800K)] 423819K->202476K(1010176K), 0.2620294 secs]
844051.796: [GC [PSYoungGen: 267142K->36864K(268800K)] 432754K->203692K(1010176K), 0.5177137 secs]
844100.535: [GC [PSYoungGen: 267183K->36864K(268800K)] 434011K->209772K(1010176K), 0.1613663 secs]
844179.850: [GC [PSYoungGen: 267192K->26624K(268800K)] 440100K->200556K(1010176K), 0.3516225 secs]
844271.124: [GC [PSYoungGen: 256898K->36864K(268800K)] 430830K->217900K(1010176K), 0.0989374 secs]
844395.121: [GC [PSYoungGen: 267224K->36864K(268800K)] 448260K->225388K(1010176K), 0.1126057 secs]
844493.799: [GC [PSYoungGen: 267030K->30720K(268800K)] 455554K->220396K(1010176K), 0.2138559 secs]
844576.724: [GC [PSYoungGen: 261120K->36864K(268800K)] 450796K->234604K(1010176K), 0.2762435 secs]
844680.798: [GC [PSYoungGen: 267264K->36864K(268800K)] 465004K->243948K(1010176K), 0.1734482 secs]
844763.714: [GC [PSYoungGen: 267214K->36864K(268800K)] 474298K->247724K(1010176K), 0.5930873 secs]
844808.021: [GC [PSYoungGen: 267074K->36864K(268800K)] 477934K->252204K(1010176K), 0.1994521 secs]
844935.786: [GC [PSYoungGen: 267159K->36864K(268800K)] 482499K->262316K(1010176K), 0.1938066 secs]
845027.602: [GC [PSYoungGen: 267180K->36864K(268800K)] 492632K->267564K(1010176K), 0.2536462 secs]
845127.313: [GC [PSYoungGen: 267096K->36864K(268800K)] 497796K->273324K(1010176K), 0.2458487 secs]
845231.758: [GC [PSYoungGen: 267264K->36864K(268800K)] 503724K->281964K(1010176K), 0.1278565 secs]
845321.247: [GC [PSYoungGen: 267264K->36864K(268800K)] 512364K->285100K(1010176K), 0.4276538 secs]
845419.450: [GC [PSYoungGen: 267264K->36864K(268800K)] 515500K->292908K(1010176K), 0.3701044 secs]
845489.151: [GC [PSYoungGen: 267063K->34816K(268800K)] 523107K->292396K(1010176K), 0.3473673 secs]
845571.726: [GC [PSYoungGen: 265216K->36864K(268800K)] 522796K->300524K(1010176K), 0.2810491 secs]
845622.000: [GC [PSYoungGen: 267264K->36864K(268800K)] 530924K->303276K(1010176K), 0.2662160 secs]
845690.339: [GC [PSYoungGen: 267105K->36864K(268800K)] 533517K->308396K(1010176K), 0.6746728 secs]
845750.677: [GC [PSYoungGen: 267231K->36864K(268800K)] 538763K->315692K(1010176K), 0.4540836 secs]
845823.368: [GC [PSYoungGen: 267264K->36864K(268800K)] 546092K->321452K(1010176K), 0.1601821 secs]
845918.521: [GC [PSYoungGen: 267264K->36864K(268800K)] 551852K->329900K(1010176K), 0.2441973 secs]
846005.623: [GC [PSYoungGen: 267041K->36864K(268800K)] 560077K->336236K(1010176K), 0.2187093 secs]
846055.700: [GC [PSYoungGen: 267190K->36864K(268800K)] 566562K->337900K(1010176K), 0.1999778 secs]
846114.324: [GC [PSYoungGen: 267264K->36864K(268800K)] 568300K->344172K(1010176K), 0.3995601 secs]
846184.228: [GC [PSYoungGen: 267033K->36864K(268800K)] 574341K->353260K(1010176K), 0.2844898 secs]
846230.344: [GC [PSYoungGen: 267254K->36864K(268800K)] 583650K->360748K(1010176K), 0.2276852 secs]
846294.026: [GC [PSYoungGen: 267264K->36864K(268800K)] 591148K->366892K(1010176K), 0.2474808 secs]
846397.288: [GC [PSYoungGen: 267078K->36864K(268800K)] 597106K->372524K(1010176K), 0.7733420 secs]
846485.618: [GC [PSYoungGen: 267189K->36864K(268800K)] 602849K->380780K(1010176K), 0.1841553 secs]
846572.090: [GC [PSYoungGen: 267057K->36864K(268800K)] 610973K->389356K(1010176K), 0.1994530 secs]
846654.926: [GC [PSYoungGen: 267264K->30720K(268800K)] 619756K->385196K(1010176K), 0.3670874 secs]
846714.176: [GC [PSYoungGen: 261120K->36864K(268800K)] 615596K->395116K(1010176K), 0.2711430 secs]
846793.048: [GC [PSYoungGen: 267090K->36864K(268800K)] 625342K->403692K(1010176K), 0.2980346 secs]
846877.084: [GC [PSYoungGen: 267264K->36864K(268800K)] 634092K->412268K(1010176K), 0.3433882 secs]
846956.335: [GC [PSYoungGen: 267264K->36864K(268800K)] 642668K->420076K(1010176K), 0.1556941 secs]
847053.225: [GC [PSYoungGen: 267084K->36864K(268800K)] 650296K->429292K(1010176K), 0.2482963 secs]
847154.481: [GC [PSYoungGen: 267228K->36864K(268800K)] 659656K->434604K(1010176K), 0.1723154 secs]
847217.051: [GC [PSYoungGen: 267264K->36864K(268800K)] 665004K->442156K(1010176K), 0.2127819 secs]
847284.490: [GC [PSYoungGen: 267264K->36864K(268800K)] 672556K->449772K(1010176K), 0.1517146 secs]
847354.656: [GC [PSYoungGen: 267223K->36864K(268800K)] 680131K->457580K(1010176K), 0.2574426 secs]
847453.068: [GC [PSYoungGen: 267161K->36864K(268800K)] 687877K->460460K(1010176K), 0.2239578 secs]
847532.647: [GC [PSYoungGen: 267264K->36864K(268800K)] 690860K->468076K(1010176K), 0.1176004 secs]
847589.557: [GC [PSYoungGen: 267264K->36864K(268800K)] 698476K->470444K(1010176K), 0.1877985 secs]
847673.431: [GC [PSYoungGen: 267264K->36864K(268800K)] 700844K->476908K(1010176K), 0.2266811 secs]
847762.367: [GC [PSYoungGen: 267264K->36864K(268800K)] 707308K->484396K(1010176K), 0.2751170 secs]
847876.285: [GC [PSYoungGen: 267264K->36864K(268800K)] 714796K->493036K(1010176K), 0.1587355 secs]
847965.186: [GC [PSYoungGen: 267264K->36864K(268800K)] 723436K->496236K(1010176K), 0.3524155 secs]
848035.694: [GC [PSYoungGen: 267264K->36864K(268800K)] 726636K->504364K(1010176K), 0.1172499 secs]
848116.162: [GC [PSYoungGen: 267117K->36864K(268800K)] 734617K->513132K(1010176K), 0.1602660 secs]
848179.737: [GC [PSYoungGen: 267096K->36864K(268800K)] 743364K->517612K(1010176K), 0.2375716 secs]
848248.258: [GC [PSYoungGen: 267264K->36864K(268800K)] 748012K->525868K(1010176K), 0.2571026 secs]
848337.564: [GC [PSYoungGen: 267264K->36864K(268800K)] 756268K->535340K(1010176K), 0.2546892 secs]
848415.252: [GC [PSYoungGen: 267264K->36864K(268800K)] 765740K->543916K(1010176K), 0.2677994 secs]
848505.205: [GC [PSYoungGen: 267264K->30720K(268800K)] 774316K->539308K(1010176K), 0.7615278 secs]
848628.321: [GC [PSYoungGen: 261120K->36864K(268800K)] 769708K->554668K(1010176K), 0.3823693 secs]
848707.502: [GC [PSYoungGen: 267264K->36864K(268800K)] 785068K->560428K(1010176K), 0.5758840 secs]
848778.805: [GC [PSYoungGen: 267241K->36864K(268800K)] 790805K->568684K(1010176K), 0.2854823 secs]
848884.661: [GC [PSYoungGen: 267120K->36864K(268800K)] 798940K->577708K(1010176K), 0.1375035 secs]
848974.833: [GC [PSYoungGen: 267264K->34816K(268800K)] 808108K->577132K(1010176K), 0.2730309 secs]
849035.257: [GC [PSYoungGen: 265156K->32768K(268800K)] 807472K->576300K(1010176K), 0.6467851 secs]
849137.068: [GC [PSYoungGen: 262980K->36864K(268800K)] 806512K->589228K(1010176K), 0.4257021 secs]
849235.677: [GC [PSYoungGen: 267132K->36864K(268800K)] 819496K->598316K(1010176K), 0.2891717 secs]
849304.608: [GC [PSYoungGen: 267239K->34816K(268800K)] 828691K->597420K(1010176K), 0.3011049 secs]
849387.714: [GC [PSYoungGen: 265216K->34816K(268800K)] 827820K->599084K(1010176K), 0.3405588 secs]
849455.198: [GC [PSYoungGen: 265216K->36864K(268800K)] 829484K->606700K(1010176K), 0.3654366 secs]
849520.900: [GC [PSYoungGen: 267264K->36864K(268800K)] 837100K->611308K(1010176K), 0.1837906 secs]
849563.315: [GC [PSYoungGen: 267217K->36864K(268800K)] 841661K->615724K(1010176K), 0.6017024 secs]
849638.221: [GC [PSYoungGen: 267249K->32768K(268800K)] 846109K->612780K(1010176K), 0.5512442 secs]
849699.494: [GC [PSYoungGen: 263103K->36864K(268800K)] 843115K->624940K(1010176K), 0.3384216 secs]
849789.838: [GC [PSYoungGen: 267065K->36864K(268800K)] 855141K->631788K(1010176K), 0.7365511 secs]
849943.086: [GC [PSYoungGen: 267165K->36864K(268800K)] 862089K->642924K(1010176K), 0.7239777 secs]
850105.667: [GC [PSYoungGen: 267264K->36864K(268800K)] 873324K->653740K(1010176K), 0.5643492 secs]
850223.946: [GC [PSYoungGen: 267124K->36864K(268800K)] 884000K->658860K(1010176K), 0.3014562 secs]
850295.154: [GC [PSYoungGen: 267139K->36864K(268800K)] 889135K->664556K(1010176K), 0.2586795 secs]
850397.069: [GC [PSYoungGen: 267264K->36864K(268800K)] 894956K->673004K(1010176K), 0.1568979 secs]
850526.799: [GC [PSYoungGen: 267264K->36864K(268800K)] 903404K->680492K(1010176K), 0.2567510 secs]
850691.220: [GC [PSYoungGen: 267264K->36864K(268800K)] 910892K->688108K(1010176K), 0.2911740 secs]
850740.447: [GC [PSYoungGen: 267217K->36864K(268800K)] 918461K->694316K(1010176K), 0.1312145 secs]
850886.897: [GC [PSYoungGen: 267209K->36864K(268800K)] 924661K->700652K(1010176K), 0.3227157 secs]
851028.062: [GC [PSYoungGen: 267264K->36864K(268800K)] 931052K->710700K(1010176K), 0.2220889 secs]
851148.839: [GC [PSYoungGen: 267264K->36864K(268800K)] 941100K->719724K(1010176K), 0.5088953 secs]
851315.109: [GC [PSYoungGen: 267189K->36864K(268800K)] 950049K->730476K(1010176K), 0.4673931 secs]
851443.491: [GC [PSYoungGen: 267264K->36864K(268800K)] 960876K->735404K(1010176K), 0.3135126 secs]
851561.471: [GC [PSYoungGen: 267185K->36864K(268800K)] 965725K->746732K(1010176K), 1.2792105 secs]
851671.154: [GC [PSYoungGen: 267189K->36864K(268800K)] 977057K->760236K(1010176K), 0.5177529 secs]
851749.925: [GC [PSYoungGen: 267264K->36864K(268800K)] 990636K->770412K(1010176K), 0.7245817 secs]
851750.650: [Full GC [PSYoungGen: 36864K->0K(268800K)] [PSOldGen: 733548K->101291K(741376K)] 770412K->101291K(1010176K) [PSPermGen: 123132K->123004K(786432K)], 4.6752568 secs]
851836.822: [GC [PSYoungGen: 230400K->36864K(268800K)] 331691K->148715K(1010176K), 0.1865969 secs]
851931.437: [GC [PSYoungGen: 267264K->36864K(268800K)] 379115K->160747K(1010176K), 0.7268653 secs]
852026.799: [GC [PSYoungGen: 267264K->36864K(268800K)] 391147K->170859K(1010176K), 0.3363846 secs]
852099.918: [GC [PSYoungGen: 267264K->36864K(268800K)] 401259K->181483K(1010176K), 0.3132945 secs]
852147.794: [GC [PSYoungGen: 267249K->36864K(268800K)] 411868K->190891K(1010176K), 0.2653688 secs]
852253.232: [GC [PSYoungGen: 267230K->36864K(268800K)] 421258K->202475K(1010176K), 0.3005214 secs]
852319.315: [GC [PSYoungGen: 267149K->36864K(268800K)] 432760K->210923K(1010176K), 0.1455562 secs]
852433.148: [GC [PSYoungGen: 267264K->36864K(268800K)] 441323K->220779K(1010176K), 0.1992401 secs]
852516.887: [GC [PSYoungGen: 267264K->36864K(268800K)] 451179K->222827K(1010176K), 0.7588818 secs]
852629.235: [GC [PSYoungGen: 267264K->36864K(268800K)] 453227K->228587K(1010176K), 0.2925383 secs]
852791.845: [GC [PSYoungGen: 267264K->36864K(268800K)] 458987K->240555K(1010176K), 0.2070510 secs]
852886.209: [GC [PSYoungGen: 267264K->36864K(268800K)] 470955K->246763K(1010176K), 1.5945466 secs]
853045.501: [GC [PSYoungGen: 267264K->36864K(268800K)] 477163K->255083K(1010176K), 0.1065303 secs]
853156.096: [GC [PSYoungGen: 267165K->36864K(268800K)] 485385K->260331K(1010176K), 0.1617185 secs]
853309.861: [GC [PSYoungGen: 267264K->36864K(268800K)] 490731K->263083K(1010176K), 0.2512783 secs]
853465.795: [GC [PSYoungGen: 267033K->36864K(268800K)] 493253K->265643K(1010176K), 0.2802724 secs]
853582.745: [GC [PSYoungGen: 267264K->36864K(268800K)] 496043K->267563K(1010176K), 0.1810425 secs]
853790.869: [GC [PSYoungGen: 267253K->36864K(268800K)] 497953K->272747K(1010176K), 0.7207729 secs]
853951.589: [GC [PSYoungGen: 267193K->36864K(268800K)] 503077K->279467K(1010176K), 0.2849478 secs]
854149.866: [GC [PSYoungGen: 267264K->36864K(268800K)] 509867K->282027K(1010176K), 0.3022190 secs]
854314.315: [GC [PSYoungGen: 267032K->36864K(268800K)] 512195K->289323K(1010176K), 0.2666771 secs]
854567.217: [GC [PSYoungGen: 267211K->36864K(268800K)] 519671K->294571K(1010176K), 0.2825065 secs]
854824.567: [GC [PSYoungGen: 267264K->36864K(268800K)] 524971K->302059K(1010176K), 0.1702280 secs]
855083.956: [GC [PSYoungGen: 267155K->36864K(268800K)] 532351K->309483K(1010176K), 0.1366993 secs]
855334.936: [GC [PSYoungGen: 267184K->36864K(268800K)] 539804K->313131K(1010176K), 0.2338652 secs]
855565.602: [GC [PSYoungGen: 267264K->36864K(268800K)] 543531K->323051K(1010176K), 0.2242008 secs]
855791.403: [GC [PSYoungGen: 267264K->36864K(268800K)] 553451K->333867K(1010176K), 0.1558562 secs]
856001.920: [GC [PSYoungGen: 267264K->36864K(268800K)] 564267K->339883K(1010176K), 0.2861906 secs]
856202.675: [GC [PSYoungGen: 267264K->36864K(268800K)] 570283K->351595K(1010176K), 0.1887093 secs]
856391.860: [GC [PSYoungGen: 267264K->36864K(268800K)] 581995K->364523K(1010176K), 0.8408547 secs]
856600.404: [GC [PSYoungGen: 267264K->36864K(268800K)] 594923K->377323K(1010176K), 0.3788822 secs]
856837.670: [GC [PSYoungGen: 267124K->36864K(268800K)] 607584K->389739K(1010176K), 0.1906692 secs]
856932.107: [GC [PSYoungGen: 267027K->36864K(268800K)] 619903K->394987K(1010176K), 0.2766010 secs]
856994.962: [GC [PSYoungGen: 267237K->36864K(268800K)] 625360K->407851K(1010176K), 0.2874918 secs]
857044.683: [GC [PSYoungGen: 267264K->36864K(268800K)] 638251K->415467K(1010176K), 0.1786809 secs]
857102.067: [GC [PSYoungGen: 267264K->36864K(268800K)] 645867K->423659K(1010176K), 0.3800929 secs]
857230.012: [GC [PSYoungGen: 267201K->36864K(268800K)] 653996K->430507K(1010176K), 0.3372859 secs]
857452.515: [GC [PSYoungGen: 267264K->36864K(268800K)] 660907K->440299K(1010176K), 0.4055309 secs]
857683.229: [GC [PSYoungGen: 267264K->36864K(268800K)] 670699K->448427K(1010176K), 0.3835587 secs]
857849.420: [GC [PSYoungGen: 267264K->36864K(268800K)] 678827K->459435K(1010176K), 0.2391826 secs]
857952.193: [GC [PSYoungGen: 267264K->36864K(268800K)] 689835K->470891K(1010176K), 0.2730181 secs]
858056.891: [GC [PSYoungGen: 267264K->36864K(268800K)] 701291K->476971K(1010176K), 0.4913207 secs]
858275.319: [GC [PSYoungGen: 267264K->36864K(268800K)] 707371K->488043K(1010176K), 0.1857336 secs]
858507.942: [GC [PSYoungGen: 267264K->36864K(268800K)] 718443K->498027K(1010176K), 0.3249693 secs]
858716.220: [GC [PSYoungGen: 267264K->36864K(268800K)] 728427K->508651K(1010176K), 0.1528415 secs]
858792.890: [GC [PSYoungGen: 267264K->36864K(268800K)] 739051K->513003K(1010176K), 0.2335758 secs]
858879.227: [GC [PSYoungGen: 267264K->36864K(268800K)] 743403K->515947K(1010176K), 0.5216359 secs]
858981.501: [GC [PSYoungGen: 267264K->36864K(268800K)] 746347K->527659K(1010176K), 0.3354989 secs]
859182.727: [GC [PSYoungGen: 267216K->36864K(268800K)] 758012K->537579K(1010176K), 0.5155287 secs]
859408.021: [GC [PSYoungGen: 267190K->36864K(268800K)] 767906K->548971K(1010176K), 0.2507959 secs]
859593.447: [GC [PSYoungGen: 267264K->36864K(268800K)] 779371K->556331K(1010176K), 0.3881988 secs]
859641.767: [GC [PSYoungGen: 267264K->36864K(268800K)] 786731K->564907K(1010176K), 0.1619152 secs]
859700.824: [GC [PSYoungGen: 267264K->36864K(268800K)] 795307K->575531K(1010176K), 0.2264642 secs]
859767.039: [GC [PSYoungGen: 267264K->36864K(268800K)] 805931K->586859K(1010176K), 0.3194001 secs]
859829.575: [GC [PSYoungGen: 267264K->36864K(268800K)] 817259K->588075K(1010176K), 0.3242786 secs]
860029.084: [GC [PSYoungGen: 267264K->36864K(268800K)] 818475K->596907K(1010176K), 0.3291441 secs]
860295.426: [GC [PSYoungGen: 267208K->36864K(268800K)] 827252K->601067K(1010176K), 0.2841200 secs]
860507.363: [GC [PSYoungGen: 267264K->36864K(268800K)] 831467K->602923K(1010176K), 0.3066571 secs]
860602.225: [GC [PSYoungGen: 267264K->36864K(268800K)] 833323K->613739K(1010176K), 0.1599914 secs]
860685.659: [GC [PSYoungGen: 267264K->36864K(268800K)] 844139K->618091K(1010176K), 0.7028899 secs]
860847.364: [GC [PSYoungGen: 267119K->36864K(268800K)] 848346K->626091K(1010176K), 0.4350517 secs]
861052.177: [GC [PSYoungGen: 267033K->36864K(268800K)] 856261K->628203K(1010176K), 0.6124672 secs]
