2011-08-07T18:30:12.100+0100: 10.362: [GC [PSYoungGen: 524160K->0K(524224K)] 2621312K->2125296K(20971456K), 0.0587810 secs] [Times: user=0.31 sys=0.01, real=0.06 secs] 
2011-08-07T18:30:17.711+0100: 15.973: [GC [PSYoungGen: 524160K->0K(524224K)] 2649456K->2133504K(20971456K), 0.0742930 secs] [Times: user=0.32 sys=0.01, real=0.08 secs] 
2011-08-07T18:30:36.504+0100: 34.765: [GC [PSYoungGen: 524160K->0K(524224K)] 2657664K->2216764K(20971456K), 0.1503620 secs] [Times: user=0.56 sys=0.04, real=0.15 secs] 
2011-08-07T18:46:34.108+0100: 992.370: [GC [PSYoungGen: 524160K->0K(524224K)] 2740924K->2217449K(20971456K), 0.0707310 secs] [Times: user=0.24 sys=0.00, real=0.07 secs] 
2011-08-07T19:03:58.324+0100: 2036.586: [GC [PSYoungGen: 524160K->0K(524224K)] 2741609K->2217857K(20971456K), 0.0716390 secs] [Times: user=0.25 sys=0.00, real=0.07 secs] 
2011-08-07T19:21:28.066+0100: 3086.327: [GC [PSYoungGen: 524160K->0K(524224K)] 2742017K->2218281K(20971456K), 0.0706420 secs] [Times: user=0.25 sys=0.00, real=0.07 secs] 
2011-08-07T19:39:20.406+0100: 4158.668: [GC [PSYoungGen: 524160K->0K(524224K)] 2742441K->2219457K(20971456K), 0.0706340 secs] [Times: user=0.25 sys=0.00, real=0.07 secs] 
2011-08-07T19:57:22.774+0100: 5241.035: [GC [PSYoungGen: 524160K->0K(524224K)] 2743617K->2220425K(20971456K), 0.0705250 secs] [Times: user=0.25 sys=0.01, real=0.07 secs] 
2011-08-07T20:15:46.214+0100: 6344.476: [GC [PSYoungGen: 524160K->0K(524224K)] 2744585K->2220849K(20971456K), 0.0705200 secs] [Times: user=0.25 sys=0.00, real=0.07 secs] 
2011-08-07T20:33:59.405+0100: 7437.666: [GC [PSYoungGen: 524160K->0K(524224K)] 2745009K->2221305K(20971456K), 0.0706950 secs] [Times: user=0.25 sys=0.00, real=0.07 secs] 
2011-08-07T20:52:17.625+0100: 8535.887: [GC [PSYoungGen: 524160K->0K(524224K)] 2745465K->2221777K(20971456K), 0.0715750 secs] [Times: user=0.26 sys=0.00, real=0.08 secs] 
2011-08-07T21:10:29.111+0100: 9627.372: [GC [PSYoungGen: 524160K->0K(524224K)] 2745937K->2222193K(20971456K), 0.0706490 secs] [Times: user=0.25 sys=0.00, real=0.07 secs] 
2011-08-07T21:28:33.127+0100: 10711.388: [GC [PSYoungGen: 524160K->0K(524224K)] 2746353K->2222641K(20971456K), 0.0707750 secs] [Times: user=0.25 sys=0.00, real=0.07 secs] 
2011-08-07T21:46:50.304+0100: 11808.565: [GC [PSYoungGen: 524160K->0K(524224K)] 2746801K->2223049K(20971456K), 0.0706340 secs] [Times: user=0.25 sys=0.00, real=0.07 secs] 
2011-08-07T22:04:50.029+0100: 12888.291: [GC [PSYoungGen: 524160K->0K(524224K)] 2747209K->2223513K(20971456K), 0.0705250 secs] [Times: user=0.25 sys=0.00, real=0.07 secs] 
2011-08-07T22:23:11.570+0100: 13989.832: [GC [PSYoungGen: 524160K->0K(524224K)] 2747673K->2223929K(20971456K), 0.0722440 secs] [Times: user=0.25 sys=0.00, real=0.07 secs] 
2011-08-07T22:41:23.058+0100: 15081.320: [GC [PSYoungGen: 524160K->0K(524224K)] 2748089K->2224633K(20971456K), 0.0706250 secs] [Times: user=0.25 sys=0.00, real=0.07 secs] 
2011-08-07T22:59:53.127+0100: 16191.389: [GC [PSYoungGen: 524160K->0K(524224K)] 2748793K->2225329K(20971456K), 0.0708430 secs] [Times: user=0.25 sys=0.00, real=0.07 secs] 
2011-08-07T23:23:37.156+0100: 17615.418: [GC [PSYoungGen: 524160K->0K(524224K)] 2749489K->2225850K(20971456K), 0.0705820 secs] [Times: user=0.25 sys=0.00, real=0.07 secs] 
2011-08-07T23:41:45.375+0100: 18703.637: [GC [PSYoungGen: 524160K->0K(524224K)] 2750010K->2226318K(20971456K), 0.0705340 secs] [Times: user=0.25 sys=0.00, real=0.07 secs] 
2011-08-08T00:00:02.390+0100: 19800.651: [GC [PSYoungGen: 524160K->0K(524224K)] 2750478K->2226782K(20971456K), 0.0706620 secs] [Times: user=0.25 sys=0.00, real=0.07 secs] 
2011-08-08T00:17:12.193+0100: 20830.455: [GC [PSYoungGen: 524160K->0K(524224K)] 2750942K->2230398K(20971456K), 0.0780660 secs] [Times: user=0.27 sys=0.01, real=0.08 secs] 
2011-08-08T00:35:24.519+0100: 21922.781: [GC [PSYoungGen: 524160K->0K(524224K)] 2754558K->2230818K(20971456K), 0.0706820 secs] [Times: user=0.25 sys=0.00, real=0.07 secs] 
2011-08-08T00:53:16.511+0100: 22994.773: [GC [PSYoungGen: 524160K->0K(524224K)] 2754978K->2231258K(20971456K), 0.0706640 secs] [Times: user=0.25 sys=0.00, real=0.07 secs] 
2011-08-08T01:00:05.698+0100: 23403.960: [GC [PSYoungGen: 522973K->0K(524224K)] 2754232K->2236978K(20971456K), 0.0731900 secs] [Times: user=0.27 sys=0.00, real=0.07 secs] 
2011-08-08T01:00:11.718+0100: 23409.980: [GC [PSYoungGen: 524160K->0K(524224K)] 2761138K->2247954K(20971456K), 0.0741260 secs] [Times: user=0.26 sys=0.00, real=0.08 secs] 
2011-08-08T01:00:17.387+0100: 23415.648: [GC [PSYoungGen: 524160K->0K(524224K)] 2772114K->2255071K(20971456K), 0.0737000 secs] [Times: user=0.26 sys=0.00, real=0.08 secs] 
2011-08-08T01:00:22.754+0100: 23421.015: [GC [PSYoungGen: 523836K->0K(524224K)] 2778907K->2263472K(20971456K), 0.0731470 secs] [Times: user=0.26 sys=0.00, real=0.07 secs] 
2011-08-08T01:00:29.264+0100: 23427.526: [GC [PSYoungGen: 524160K->0K(524224K)] 2787632K->2271078K(20971456K), 0.0732830 secs] [Times: user=0.27 sys=0.00, real=0.07 secs] 
2011-08-08T01:00:35.278+0100: 23433.539: [GC [PSYoungGen: 524160K->0K(524224K)] 2795238K->2276903K(20971456K), 0.0738110 secs] [Times: user=0.26 sys=0.01, real=0.07 secs] 
2011-08-08T01:00:40.956+0100: 23439.217: [GC [PSYoungGen: 524160K->0K(524224K)] 2801063K->2282351K(20971456K), 0.0761350 secs] [Times: user=0.27 sys=0.00, real=0.07 secs] 
2011-08-08T01:00:46.503+0100: 23444.764: [GC [PSYoungGen: 524160K->0K(524224K)] 2806511K->2287784K(20971456K), 0.0744840 secs] [Times: user=0.27 sys=0.00, real=0.08 secs] 
2011-08-08T01:00:52.370+0100: 23450.631: [GC [PSYoungGen: 523889K->0K(524224K)] 2811673K->2296076K(20971456K), 0.0765570 secs] [Times: user=0.28 sys=0.00, real=0.07 secs] 
2011-08-08T01:00:57.415+0100: 23455.676: [GC [PSYoungGen: 524160K->0K(524224K)] 2820236K->2304701K(20971456K), 0.0765000 secs] [Times: user=0.26 sys=0.01, real=0.08 secs] 
2011-08-08T01:01:02.651+0100: 23460.913: [GC [PSYoungGen: 524160K->0K(524224K)] 2828861K->2310978K(20971456K), 0.0758730 secs] [Times: user=0.27 sys=0.00, real=0.07 secs] 
2011-08-08T01:12:32.142+0100: 24150.403: [GC [PSYoungGen: 524160K->0K(524224K)] 2835138K->2313538K(20971456K), 0.0719550 secs] [Times: user=0.26 sys=0.00, real=0.07 secs] 
2011-08-08T01:30:37.804+0100: 25236.066: [GC [PSYoungGen: 524160K->0K(524224K)] 2837698K->2313946K(20971456K), 0.0709920 secs] [Times: user=0.26 sys=0.00, real=0.07 secs] 
2011-08-08T01:48:25.547+0100: 26303.809: [GC [PSYoungGen: 524160K->0K(524224K)] 2838106K->2314386K(20971456K), 0.0708040 secs] [Times: user=0.25 sys=0.01, real=0.07 secs] 
2011-08-08T02:06:30.971+0100: 27389.233: [GC [PSYoungGen: 524160K->0K(524224K)] 2838546K->2314850K(20971456K), 0.0709640 secs] [Times: user=0.25 sys=0.00, real=0.07 secs] 
2011-08-08T02:24:35.898+0100: 28474.160: [GC [PSYoungGen: 524160K->0K(524224K)] 2839010K->2315316K(20971456K), 0.0718920 secs] [Times: user=0.26 sys=0.00, real=0.07 secs] 
2011-08-08T02:42:58.646+0100: 29576.908: [GC [PSYoungGen: 524160K->0K(524224K)] 2839476K->2315756K(20971456K), 0.0711380 secs] [Times: user=0.26 sys=0.00, real=0.07 secs] 
2011-08-08T03:00:46.878+0100: 30645.140: [GC [PSYoungGen: 524160K->0K(524224K)] 2839916K->2316204K(20971456K), 0.0711320 secs] [Times: user=0.25 sys=0.00, real=0.07 secs] 
2011-08-08T03:18:46.714+0100: 31724.975: [GC [PSYoungGen: 524160K->0K(524224K)] 2840364K->2316620K(20971456K), 0.0711580 secs] [Times: user=0.26 sys=0.00, real=0.07 secs] 
2011-08-08T03:36:48.551+0100: 32806.812: [GC [PSYoungGen: 524160K->0K(524224K)] 2840780K->2317084K(20971456K), 0.0713500 secs] [Times: user=0.25 sys=0.00, real=0.07 secs] 
2011-08-08T03:55:00.799+0100: 33899.061: [GC [PSYoungGen: 524160K->0K(524224K)] 2841244K->2317500K(20971456K), 0.0712190 secs] [Times: user=0.25 sys=0.00, real=0.07 secs] 
2011-08-08T04:12:49.425+0100: 34967.687: [GC [PSYoungGen: 524160K->0K(524224K)] 2841660K->2317948K(20971456K), 0.0720380 secs] [Times: user=0.26 sys=0.00, real=0.07 secs] 
2011-08-08T04:31:00.732+0100: 36058.993: [GC [PSYoungGen: 524160K->0K(524224K)] 2842108K->2318356K(20971456K), 0.0711240 secs] [Times: user=0.25 sys=0.00, real=0.07 secs] 
2011-08-08T04:48:58.208+0100: 37136.470: [GC [PSYoungGen: 524160K->0K(524224K)] 2842516K->2318796K(20971456K), 0.0710800 secs] [Times: user=0.25 sys=0.00, real=0.07 secs] 
2011-08-08T05:07:17.259+0100: 38235.520: [GC [PSYoungGen: 524160K->0K(524224K)] 2842956K->2319204K(20971456K), 0.0712280 secs] [Times: user=0.26 sys=0.00, real=0.07 secs] 
2011-08-08T05:25:17.542+0100: 39315.804: [GC [PSYoungGen: 524160K->0K(524224K)] 2843364K->2319668K(20971456K), 0.0713350 secs] [Times: user=0.25 sys=0.00, real=0.07 secs] 
2011-08-08T05:43:20.666+0100: 40398.927: [GC [PSYoungGen: 524160K->0K(524224K)] 2843828K->2320076K(20971456K), 0.0712930 secs] [Times: user=0.25 sys=0.00, real=0.07 secs] 
2011-08-08T06:00:00.423+0100: 41398.685: [GC [PSYoungGen: 524160K->0K(524224K)] 2844236K->2326441K(20971456K), 0.0710790 secs] [Times: user=0.26 sys=0.00, real=0.08 secs] 
2011-08-08T06:00:01.700+0100: 41399.962: [GC [PSYoungGen: 524160K->0K(524224K)] 2850601K->2382905K(20971456K), 0.1337770 secs] [Times: user=0.52 sys=0.03, real=0.13 secs] 
2011-08-08T06:00:34.445+0100: 41432.707: [GC [PSYoungGen: 524160K->0K(524224K)] 2907065K->2416555K(20971456K), 0.0834280 secs] [Times: user=0.31 sys=0.02, real=0.08 secs] 
2011-08-08T06:14:18.715+0100: 42256.977: [GC [PSYoungGen: 524160K->0K(524224K)] 2940715K->2423883K(20971456K), 0.0741740 secs] [Times: user=0.27 sys=0.00, real=0.08 secs] 
2011-08-08T06:25:18.810+0100: 42917.072: [GC [PSYoungGen: 524159K->0K(524224K)] 2948042K->2435027K(20971456K), 0.0760370 secs] [Times: user=0.28 sys=0.01, real=0.08 secs] 
2011-08-08T06:25:25.331+0100: 42923.593: [GC [PSYoungGen: 524160K->0K(524224K)] 2959187K->2466019K(20971456K), 0.0897320 secs] [Times: user=0.35 sys=0.02, real=0.09 secs] 
2011-08-08T06:39:52.943+0100: 43791.205: [GC [PSYoungGen: 524160K->0K(524224K)] 2990179K->2467983K(20971456K), 0.0719830 secs] [Times: user=0.26 sys=0.00, real=0.07 secs] 
2011-08-08T06:56:07.060+0100: 44765.321: [GC [PSYoungGen: 524160K->0K(524224K)] 2992143K->2468559K(20971456K), 0.0718480 secs] [Times: user=0.26 sys=0.00, real=0.07 secs] 
2011-08-08T07:04:43.607+0100: 45281.869: [GC [PSYoungGen: 524160K->0K(524224K)] 2992719K->2474046K(20971456K), 0.0758270 secs] [Times: user=0.28 sys=0.01, real=0.07 secs] 
2011-08-08T07:11:45.690+0100: 45703.952: [GC [PSYoungGen: 524160K->0K(524224K)] 2998206K->2478368K(20971456K), 0.0744700 secs] [Times: user=0.27 sys=0.00, real=0.08 secs] 
2011-08-08T07:18:48.487+0100: 46126.749: [GC [PSYoungGen: 524160K->0K(524224K)] 3002528K->2482828K(20971456K), 0.0742450 secs] [Times: user=0.27 sys=0.00, real=0.07 secs] 
2011-08-08T07:24:20.472+0100: 46458.733: [GC [PSYoungGen: 524160K->0K(524224K)] 3006988K->2488698K(20971456K), 0.0738990 secs] [Times: user=0.28 sys=0.00, real=0.07 secs] 
2011-08-08T07:31:05.578+0100: 46863.839: [GC [PSYoungGen: 524160K->0K(524224K)] 3012858K->2493470K(20971456K), 0.0751590 secs] [Times: user=0.27 sys=0.00, real=0.07 secs] 
2011-08-08T07:38:22.828+0100: 47301.090: [GC [PSYoungGen: 524036K->0K(524224K)] 3017507K->2498172K(20971456K), 0.0746010 secs] [Times: user=0.27 sys=0.01, real=0.07 secs] 
2011-08-08T07:46:42.018+0100: 47800.280: [GC [PSYoungGen: 524160K->0K(524224K)] 3022332K->2503384K(20971456K), 0.0750720 secs] [Times: user=0.27 sys=0.00, real=0.08 secs] 
2011-08-08T07:58:04.515+0100: 48482.776: [GC [PSYoungGen: 524160K->0K(524224K)] 3027544K->2506140K(20971456K), 0.0735540 secs] [Times: user=0.27 sys=0.00, real=0.07 secs] 
2011-08-08T08:02:12.784+0100: 48731.045: [GC [PSYoungGen: 524160K->0K(524224K)] 3030300K->2512508K(20971456K), 0.0753020 secs] [Times: user=0.27 sys=0.01, real=0.07 secs] 
2011-08-08T08:06:51.266+0100: 49009.527: [GC [PSYoungGen: 524160K->0K(524224K)] 3036668K->2518062K(20971456K), 0.0748260 secs] [Times: user=0.27 sys=0.00, real=0.07 secs] 
2011-08-08T08:10:50.740+0100: 49249.002: [GC [PSYoungGen: 524160K->0K(524224K)] 3042222K->2525146K(20971456K), 0.0753660 secs] [Times: user=0.27 sys=0.01, real=0.07 secs] 
2011-08-08T08:17:23.926+0100: 49642.188: [GC [PSYoungGen: 524160K->0K(524224K)] 3049306K->2529861K(20971456K), 0.0744860 secs] [Times: user=0.27 sys=0.00, real=0.07 secs] 
2011-08-08T08:24:40.526+0100: 50078.787: [GC [PSYoungGen: 524160K->0K(524224K)] 3054021K->2533917K(20971456K), 0.0735250 secs] [Times: user=0.27 sys=0.00, real=0.08 secs] 
2011-08-08T08:32:51.911+0100: 50570.173: [GC [PSYoungGen: 524160K->0K(524224K)] 3058077K->2537753K(20971456K), 0.0746060 secs] [Times: user=0.26 sys=0.00, real=0.07 secs] 
2011-08-08T08:39:36.964+0100: 50975.226: [GC [PSYoungGen: 524160K->0K(524224K)] 3061913K->2542353K(20971456K), 0.0751120 secs] [Times: user=0.28 sys=0.00, real=0.08 secs] 
2011-08-08T08:44:53.156+0100: 51291.417: [GC [PSYoungGen: 524160K->0K(524224K)] 3066513K->2547633K(20971456K), 0.0740100 secs] [Times: user=0.27 sys=0.00, real=0.08 secs] 
2011-08-08T08:49:46.725+0100: 51584.987: [GC [PSYoungGen: 524160K->0K(524224K)] 3071793K->2553669K(20971456K), 0.0749760 secs] [Times: user=0.27 sys=0.01, real=0.07 secs] 
2011-08-08T08:57:40.239+0100: 52058.500: [GC [PSYoungGen: 524160K->0K(524224K)] 3077829K->2558281K(20971456K), 0.0755190 secs] [Times: user=0.28 sys=0.01, real=0.08 secs] 
2011-08-08T09:05:47.355+0100: 52545.617: [GC [PSYoungGen: 524160K->0K(524224K)] 3082441K->2562535K(20971456K), 0.0739060 secs] [Times: user=0.26 sys=0.01, real=0.08 secs] 
2011-08-08T09:10:47.045+0100: 52845.307: [GC [PSYoungGen: 524160K->0K(524224K)] 3086695K->2568767K(20971456K), 0.0758900 secs] [Times: user=0.27 sys=0.01, real=0.07 secs] 
2011-08-08T09:19:45.858+0100: 53384.119: [GC [PSYoungGen: 524160K->0K(524224K)] 3092927K->2572839K(20971456K), 0.0745080 secs] [Times: user=0.27 sys=0.00, real=0.07 secs] 
2011-08-08T09:26:54.720+0100: 53812.982: [GC [PSYoungGen: 524160K->0K(524224K)] 3096999K->2577399K(20971456K), 0.0744760 secs] [Times: user=0.26 sys=0.00, real=0.07 secs] 
2011-08-08T09:34:36.040+0100: 54274.302: [GC [PSYoungGen: 524160K->0K(524224K)] 3101559K->2581599K(20971456K), 0.0747160 secs] [Times: user=0.27 sys=0.01, real=0.07 secs] 
2011-08-08T09:43:16.230+0100: 54794.491: [GC [PSYoungGen: 524160K->0K(524224K)] 3105759K->2586228K(20971456K), 0.0768980 secs] [Times: user=0.27 sys=0.00, real=0.08 secs] 
2011-08-08T09:54:34.471+0100: 55472.732: [GC [PSYoungGen: 524160K->0K(524224K)] 3110388K->2589400K(20971456K), 0.0740410 secs] [Times: user=0.27 sys=0.00, real=0.08 secs] 
2011-08-08T10:03:24.071+0100: 56002.333: [GC [PSYoungGen: 524160K->0K(524224K)] 3113560K->2593209K(20971456K), 0.0745360 secs] [Times: user=0.27 sys=0.00, real=0.08 secs] 
2011-08-08T10:09:12.344+0100: 56350.606: [GC [PSYoungGen: 524160K->0K(524224K)] 3117369K->2598469K(20971456K), 0.0753860 secs] [Times: user=0.28 sys=0.00, real=0.07 secs] 
2011-08-08T10:18:34.898+0100: 56913.159: [GC [PSYoungGen: 524160K->0K(524224K)] 3122629K->2602245K(20971456K), 0.0748560 secs] [Times: user=0.27 sys=0.00, real=0.08 secs] 
2011-08-08T10:27:17.299+0100: 57435.560: [GC [PSYoungGen: 524160K->0K(524224K)] 3126405K->2605941K(20971456K), 0.0744320 secs] [Times: user=0.27 sys=0.00, real=0.07 secs] 
2011-08-08T10:35:25.806+0100: 57924.067: [GC [PSYoungGen: 524160K->0K(524224K)] 3130101K->2609941K(20971456K), 0.0749470 secs] [Times: user=0.27 sys=0.00, real=0.07 secs] 
2011-08-08T10:42:55.496+0100: 58373.758: [GC [PSYoungGen: 524160K->0K(524224K)] 3134101K->2614193K(20971456K), 0.0751240 secs] [Times: user=0.27 sys=0.01, real=0.08 secs] 
2011-08-08T10:47:19.007+0100: 58637.268: [GC [PSYoungGen: 524160K->0K(524224K)] 3138353K->2620197K(20971456K), 0.0748770 secs] [Times: user=0.27 sys=0.00, real=0.07 secs] 
2011-08-08T10:54:10.422+0100: 59048.684: [GC [PSYoungGen: 524160K->0K(524224K)] 3144357K->2625255K(20971456K), 0.0743280 secs] [Times: user=0.27 sys=0.01, real=0.08 secs] 
2011-08-08T11:01:02.827+0100: 59461.088: [GC [PSYoungGen: 524160K->0K(524224K)] 3149415K->2630414K(20971456K), 0.0754310 secs] [Times: user=0.28 sys=0.00, real=0.07 secs] 
2011-08-08T11:09:23.099+0100: 59961.361: [GC [PSYoungGen: 524160K->0K(524224K)] 3154574K->2634130K(20971456K), 0.0745180 secs] [Times: user=0.27 sys=0.00, real=0.08 secs] 
2011-08-08T11:17:45.421+0100: 60463.683: [GC [PSYoungGen: 524160K->0K(524224K)] 3158290K->2637846K(20971456K), 0.0745640 secs] [Times: user=0.27 sys=0.00, real=0.08 secs] 
2011-08-08T11:25:28.925+0100: 60927.187: [GC [PSYoungGen: 524160K->0K(524224K)] 3162006K->2642074K(20971456K), 0.0748540 secs] [Times: user=0.27 sys=0.00, real=0.07 secs] 
2011-08-08T11:33:10.192+0100: 61388.453: [GC [PSYoungGen: 524160K->0K(524224K)] 3166234K->2646866K(20971456K), 0.0779040 secs] [Times: user=0.28 sys=0.01, real=0.07 secs] 
2011-08-08T11:42:23.871+0100: 61942.133: [GC [PSYoungGen: 524160K->0K(524224K)] 3171026K->2650306K(20971456K), 0.0752770 secs] [Times: user=0.27 sys=0.00, real=0.07 secs] 
2011-08-08T11:50:12.013+0100: 62410.275: [GC [PSYoungGen: 524160K->0K(524224K)] 3174466K->2654586K(20971456K), 0.0751280 secs] [Times: user=0.27 sys=0.00, real=0.08 secs] 
2011-08-08T12:00:02.727+0100: 63000.989: [GC [PSYoungGen: 524160K->0K(524224K)] 3178746K->2657859K(20971456K), 0.0752210 secs] [Times: user=0.27 sys=0.01, real=0.08 secs] 
2011-08-08T12:08:53.968+0100: 63532.229: [GC [PSYoungGen: 524160K->0K(524224K)] 3182019K->2662091K(20971456K), 0.0774730 secs] [Times: user=0.28 sys=0.01, real=0.08 secs] 
2011-08-08T12:17:51.991+0100: 64070.253: [GC [PSYoungGen: 524160K->0K(524224K)] 3186251K->2665827K(20971456K), 0.0751510 secs] [Times: user=0.28 sys=0.00, real=0.08 secs] 
2011-08-08T12:26:06.305+0100: 64564.566: [GC [PSYoungGen: 524160K->0K(524224K)] 3189987K->2669803K(20971456K), 0.0765050 secs] [Times: user=0.27 sys=0.00, real=0.08 secs] 
2011-08-08T12:34:14.294+0100: 65052.555: [GC [PSYoungGen: 524160K->0K(524224K)] 3193963K->2673807K(20971456K), 0.0756090 secs] [Times: user=0.27 sys=0.01, real=0.08 secs] 
2011-08-08T12:42:09.110+0100: 65527.372: [GC [PSYoungGen: 524160K->0K(524224K)] 3197967K->2677769K(20971456K), 0.0755530 secs] [Times: user=0.28 sys=0.00, real=0.07 secs] 
2011-08-08T12:49:20.249+0100: 65958.511: [GC [PSYoungGen: 524160K->0K(524224K)] 3201929K->2682017K(20971456K), 0.0758250 secs] [Times: user=0.27 sys=0.01, real=0.08 secs] 
2011-08-08T12:59:45.044+0100: 66583.306: [GC [PSYoungGen: 524160K->0K(524224K)] 3206177K->2685153K(20971456K), 0.0751480 secs] [Times: user=0.27 sys=0.00, real=0.07 secs] 
2011-08-08T13:07:50.448+0100: 67068.709: [GC [PSYoungGen: 524160K->0K(524224K)] 3209313K->2689134K(20971456K), 0.0757310 secs] [Times: user=0.27 sys=0.00, real=0.08 secs] 
2011-08-08T13:18:45.637+0100: 67723.899: [GC [PSYoungGen: 524160K->0K(524224K)] 3213294K->2691958K(20971456K), 0.0751240 secs] [Times: user=0.27 sys=0.01, real=0.07 secs] 
2011-08-08T13:30:05.879+0100: 68404.141: [GC [PSYoungGen: 524160K->0K(524224K)] 3216118K->2694574K(20971456K), 0.0753390 secs] [Times: user=0.27 sys=0.01, real=0.07 secs] 
2011-08-08T13:36:45.765+0100: 68804.027: [GC [PSYoungGen: 524160K->0K(524224K)] 3218734K->2699414K(20971456K), 0.0760680 secs] [Times: user=0.27 sys=0.00, real=0.07 secs] 
2011-08-08T13:43:22.997+0100: 69201.259: [GC [PSYoungGen: 524160K->0K(524224K)] 3223574K->2705670K(20971456K), 0.0782900 secs] [Times: user=0.29 sys=0.00, real=0.08 secs] 
2011-08-08T13:51:14.358+0100: 69672.619: [GC [PSYoungGen: 524160K->0K(524224K)] 3229830K->2709776K(20971456K), 0.0762320 secs] [Times: user=0.27 sys=0.00, real=0.08 secs] 
2011-08-08T14:01:16.862+0100: 70275.123: [GC [PSYoungGen: 523946K->0K(524224K)] 3233722K->2713355K(20971456K), 0.0759980 secs] [Times: user=0.27 sys=0.00, real=0.08 secs] 
2011-08-08T14:10:07.583+0100: 70805.844: [GC [PSYoungGen: 524160K->0K(524224K)] 3237515K->2717383K(20971456K), 0.0764330 secs] [Times: user=0.28 sys=0.00, real=0.08 secs] 
2011-08-08T14:18:21.681+0100: 71299.943: [GC [PSYoungGen: 524160K->0K(524224K)] 3241543K->2721223K(20971456K), 0.0772820 secs] [Times: user=0.27 sys=0.00, real=0.08 secs] 
2011-08-08T14:28:06.665+0100: 71884.926: [GC [PSYoungGen: 524160K->0K(524224K)] 3245383K->2724359K(20971456K), 0.0757340 secs] [Times: user=0.28 sys=0.00, real=0.08 secs] 
2011-08-08T14:35:27.627+0100: 72325.889: [GC [PSYoungGen: 524160K->0K(524224K)] 3248519K->2728511K(20971456K), 0.0768890 secs] [Times: user=0.28 sys=0.00, real=0.08 secs] 
2011-08-08T14:41:23.545+0100: 72681.806: [GC [PSYoungGen: 524160K->0K(524224K)] 3252671K->2733039K(20971456K), 0.0772430 secs] [Times: user=0.29 sys=0.01, real=0.08 secs] 
2011-08-08T14:46:59.111+0100: 73017.372: [GC [PSYoungGen: 524160K->0K(524224K)] 3257199K->2738423K(20971456K), 0.0781860 secs] [Times: user=0.29 sys=0.01, real=0.08 secs] 
2011-08-08T14:52:30.150+0100: 73348.412: [GC [PSYoungGen: 524160K->0K(524224K)] 3262583K->2743111K(20971456K), 0.0770640 secs] [Times: user=0.28 sys=0.00, real=0.07 secs] 
2011-08-08T14:58:01.871+0100: 73680.133: [GC [PSYoungGen: 524160K->0K(524224K)] 3267271K->2747791K(20971456K), 0.0789110 secs] [Times: user=0.29 sys=0.00, real=0.08 secs] 
2011-08-08T15:05:08.681+0100: 74106.943: [GC [PSYoungGen: 524160K->0K(524224K)] 3271951K->2751947K(20971456K), 0.0786430 secs] [Times: user=0.29 sys=0.00, real=0.08 secs] 
2011-08-08T15:13:38.532+0100: 74616.793: [GC [PSYoungGen: 524160K->0K(524224K)] 3276107K->2755495K(20971456K), 0.0770160 secs] [Times: user=0.28 sys=0.00, real=0.07 secs] 
2011-08-08T15:20:23.913+0100: 75022.174: [GC [PSYoungGen: 524160K->0K(524224K)] 3279655K->2759751K(20971456K), 0.0775560 secs] [Times: user=0.28 sys=0.00, real=0.08 secs] 
2011-08-08T15:29:29.138+0100: 75567.400: [GC [PSYoungGen: 524160K->0K(524224K)] 3283911K->2763171K(20971456K), 0.0767820 secs] [Times: user=0.28 sys=0.01, real=0.08 secs] 
2011-08-08T15:34:15.626+0100: 75853.887: [GC [PSYoungGen: 524160K->0K(524224K)] 3287331K->2768367K(20971456K), 0.0782260 secs] [Times: user=0.29 sys=0.01, real=0.07 secs] 
2011-08-08T15:39:50.685+0100: 76188.947: [GC [PSYoungGen: 524160K->0K(524224K)] 3292527K->2772943K(20971456K), 0.0776310 secs] [Times: user=0.28 sys=0.00, real=0.08 secs] 
2011-08-08T15:46:30.480+0100: 76588.742: [GC [PSYoungGen: 524160K->0K(524224K)] 3297103K->2777191K(20971456K), 0.0773430 secs] [Times: user=0.28 sys=0.01, real=0.08 secs] 
2011-08-08T15:53:07.606+0100: 76985.867: [GC [PSYoungGen: 524160K->0K(524224K)] 3301351K->2782384K(20971456K), 0.0779570 secs] [Times: user=0.28 sys=0.01, real=0.08 secs] 
2011-08-08T16:00:41.735+0100: 77439.997: [GC [PSYoungGen: 524160K->0K(524224K)] 3306544K->2786192K(20971456K), 0.0774840 secs] [Times: user=0.28 sys=0.00, real=0.08 secs] 
2011-08-08T16:08:15.485+0100: 77893.746: [GC [PSYoungGen: 524160K->0K(524224K)] 3310352K->2790192K(20971456K), 0.0779460 secs] [Times: user=0.29 sys=0.01, real=0.07 secs] 
2011-08-08T16:15:44.005+0100: 78342.266: [GC [PSYoungGen: 524160K->0K(524224K)] 3314352K->2794552K(20971456K), 0.0784960 secs] [Times: user=0.29 sys=0.00, real=0.08 secs] 
2011-08-08T16:24:46.013+0100: 78884.275: [GC [PSYoungGen: 524160K->0K(524224K)] 3318712K->2798036K(20971456K), 0.0771120 secs] [Times: user=0.28 sys=0.00, real=0.07 secs] 
2011-08-08T16:34:42.301+0100: 79480.563: [GC [PSYoungGen: 524160K->0K(524224K)] 3322196K->2801092K(20971456K), 0.0773430 secs] [Times: user=0.29 sys=0.00, real=0.08 secs] 
2011-08-08T16:45:05.393+0100: 80103.654: [GC [PSYoungGen: 524160K->0K(524224K)] 3325252K->2804084K(20971456K), 0.0771960 secs] [Times: user=0.28 sys=0.00, real=0.08 secs] 
2011-08-08T16:54:32.051+0100: 80670.312: [GC [PSYoungGen: 524160K->0K(524224K)] 3328244K->2807444K(20971456K), 0.0772660 secs] [Times: user=0.28 sys=0.00, real=0.08 secs] 
2011-08-08T17:04:55.223+0100: 81293.484: [GC [PSYoungGen: 524160K->0K(524224K)] 3331604K->2810494K(20971456K), 0.0768200 secs] [Times: user=0.28 sys=0.00, real=0.07 secs] 
2011-08-08T17:15:24.495+0100: 81922.757: [GC [PSYoungGen: 524160K->0K(524224K)] 3334654K->2813706K(20971456K), 0.0773590 secs] [Times: user=0.28 sys=0.00, real=0.08 secs] 
2011-08-08T17:29:34.305+0100: 82772.566: [GC [PSYoungGen: 524160K->0K(524224K)] 3337866K->2815282K(20971456K), 0.0763330 secs] [Times: user=0.28 sys=0.01, real=0.07 secs] 
2011-08-08T17:44:49.652+0100: 83687.914: [GC [PSYoungGen: 524160K->0K(524224K)] 3339442K->2816453K(20971456K), 0.0760370 secs] [Times: user=0.27 sys=0.00, real=0.08 secs] 
2011-08-08T17:59:57.869+0100: 84596.130: [GC [PSYoungGen: 524160K->0K(524224K)] 3340613K->2817669K(20971456K), 0.0772980 secs] [Times: user=0.28 sys=0.00, real=0.08 secs] 
2011-08-08T18:15:45.811+0100: 85544.073: [GC [PSYoungGen: 524160K->0K(524224K)] 3341829K->2818565K(20971456K), 0.0775330 secs] [Times: user=0.28 sys=0.00, real=0.07 secs] 
2011-08-08T18:30:31.459+0100: 86429.720: [GC [PSYoungGen: 524160K->0K(524224K)] 3342725K->2819813K(20971456K), 0.0762710 secs] [Times: user=0.28 sys=0.00, real=0.08 secs] 
2011-08-08T18:47:13.831+0100: 87432.093: [GC [PSYoungGen: 524160K->0K(524224K)] 3343973K->2820413K(20971456K), 0.0762390 secs] [Times: user=0.28 sys=0.00, real=0.07 secs] 
2011-08-08T19:03:52.494+0100: 88430.756: [GC [PSYoungGen: 524160K->0K(524224K)] 3344573K->2820989K(20971456K), 0.0782110 secs] [Times: user=0.29 sys=0.00, real=0.08 secs] 
2011-08-08T19:20:21.060+0100: 89419.321: [GC [PSYoungGen: 524160K->0K(524224K)] 3345149K->2821805K(20971456K), 0.0762990 secs] [Times: user=0.27 sys=0.00, real=0.07 secs] 
2011-08-08T19:36:47.069+0100: 90405.330: [GC [PSYoungGen: 524160K->0K(524224K)] 3345965K->2822461K(20971456K), 0.0762170 secs] [Times: user=0.28 sys=0.00, real=0.07 secs] 
2011-08-08T19:53:36.448+0100: 91414.710: [GC [PSYoungGen: 524160K->0K(524224K)] 3346621K->2823045K(20971456K), 0.0763200 secs] [Times: user=0.29 sys=0.00, real=0.08 secs] 
2011-08-08T20:10:26.664+0100: 92424.926: [GC [PSYoungGen: 524160K->0K(524224K)] 3347205K->2823621K(20971456K), 0.0768350 secs] [Times: user=0.28 sys=0.00, real=0.07 secs] 
2011-08-08T20:27:06.496+0100: 93424.758: [GC [PSYoungGen: 524160K->0K(524224K)] 3347781K->2824141K(20971456K), 0.0758210 secs] [Times: user=0.27 sys=0.00, real=0.08 secs] 
2011-08-08T20:43:37.261+0100: 94415.523: [GC [PSYoungGen: 524160K->0K(524224K)] 3348301K->2824709K(20971456K), 0.0760530 secs] [Times: user=0.27 sys=0.00, real=0.07 secs] 
2011-08-08T21:00:02.449+0100: 95400.710: [GC [PSYoungGen: 524160K->0K(524224K)] 3348869K->2825717K(20971456K), 0.0765530 secs] [Times: user=0.27 sys=0.00, real=0.07 secs] 
2011-08-08T21:16:24.185+0100: 96382.446: [GC [PSYoungGen: 524160K->0K(524224K)] 3349877K->2826333K(20971456K), 0.0763460 secs] [Times: user=0.28 sys=0.00, real=0.07 secs] 
2011-08-08T21:32:37.985+0100: 97356.246: [GC [PSYoungGen: 524160K->0K(524224K)] 3350493K->2826861K(20971456K), 0.0764260 secs] [Times: user=0.28 sys=0.00, real=0.08 secs] 
2011-08-08T21:48:38.533+0100: 98316.795: [GC [PSYoungGen: 524160K->0K(524224K)] 3351021K->2827373K(20971456K), 0.0761010 secs] [Times: user=0.28 sys=0.00, real=0.08 secs] 
2011-08-08T22:05:18.495+0100: 99316.757: [GC [PSYoungGen: 524160K->0K(524224K)] 3351533K->2827805K(20971456K), 0.0761720 secs] [Times: user=0.28 sys=0.00, real=0.07 secs] 
2011-08-08T22:23:39.703+0100: 100417.965: [GC [PSYoungGen: 524160K->0K(524224K)] 3351965K->2828213K(20971456K), 0.0762350 secs] [Times: user=0.27 sys=0.00, real=0.08 secs] 
2011-08-08T22:41:19.374+0100: 101477.636: [GC [PSYoungGen: 524160K->0K(524224K)] 3352373K->2828685K(20971456K), 0.0757700 secs] [Times: user=0.27 sys=0.00, real=0.08 secs] 
2011-08-08T22:59:39.754+0100: 102578.016: [GC [PSYoungGen: 524160K->0K(524224K)] 3352845K->2829109K(20971456K), 0.0753330 secs] [Times: user=0.27 sys=0.00, real=0.08 secs] 
2011-08-08T23:20:22.244+0100: 103820.505: [GC [PSYoungGen: 524160K->0K(524224K)] 3353269K->2829597K(20971456K), 0.0758340 secs] [Times: user=0.27 sys=0.00, real=0.07 secs] 
2011-08-08T23:30:02.961+0100: 104401.223: [GC [PSYoungGen: 510236K->0K(524224K)] 5436986K->4928117K(20971456K), 0.1057630 secs] [Times: user=0.37 sys=0.00, real=0.11 secs] 
2011-08-08T23:30:03.067+0100: 104401.329: [Full GC (System) [PSYoungGen: 0K->0K(524224K)] [PSOldGen: 4928117K->4928117K(20447232K)] 4928117K->4928117K(20971456K) [PSPermGen: 113238K->113238K(262144K)], 1.7623490 secs] [Times: user=1.73 sys=0.02, real=1.76 secs] 
2011-08-08T23:47:50.835+0100: 105469.097: [GC [PSYoungGen: 524160K->0K(524224K)] 5452277K->4928558K(20971456K), 0.1126180 secs] [Times: user=0.38 sys=0.01, real=0.12 secs] 
2011-08-08T23:50:00.018+0100: 105598.280: [GC [PSYoungGen: 69838K->0K(524224K)] 4998396K->4928830K(20971456K), 0.1034360 secs] [Times: user=0.36 sys=0.00, real=0.11 secs] 
2011-08-08T23:50:00.122+0100: 105598.383: [Full GC (System) [PSYoungGen: 0K->0K(524224K)] [PSOldGen: 4928830K->2451709K(20447232K)] 4928830K->2451709K(20971456K) [PSPermGen: 113251K->113251K(262144K)], 2.6828330 secs] [Times: user=2.68 sys=0.00, real=2.68 secs] 
2011-08-09T00:07:20.014+0100: 106638.276: [GC [PSYoungGen: 524160K->0K(524224K)] 2975869K->2455197K(20971456K), 0.0362020 secs] [Times: user=0.13 sys=0.00, real=0.04 secs] 
2011-08-09T00:25:00.906+0100: 107699.167: [GC [PSYoungGen: 524160K->0K(524224K)] 2979357K->2455637K(20971456K), 0.0325040 secs] [Times: user=0.11 sys=0.00, real=0.03 secs] 
2011-08-09T00:43:05.910+0100: 108784.172: [GC [PSYoungGen: 524160K->0K(524224K)] 2979797K->2456045K(20971456K), 0.0301980 secs] [Times: user=0.10 sys=0.00, real=0.03 secs] 
2011-08-09T01:00:00.777+0100: 109799.038: [GC [PSYoungGen: 524159K->0K(524224K)] 2980204K->2456799K(20971456K), 0.0322700 secs] [Times: user=0.11 sys=0.00, real=0.03 secs] 
2011-08-09T01:00:06.479+0100: 109804.741: [GC [PSYoungGen: 524158K->0K(524224K)] 2980957K->2462493K(20971456K), 0.0405700 secs] [Times: user=0.14 sys=0.00, real=0.04 secs] 
2011-08-09T01:00:12.835+0100: 109811.097: [GC [PSYoungGen: 524160K->0K(524224K)] 2986653K->2468014K(20971456K), 0.0400190 secs] [Times: user=0.13 sys=0.00, real=0.04 secs] 
2011-08-09T01:00:18.772+0100: 109817.034: [GC [PSYoungGen: 524160K->0K(524224K)] 2992174K->2473511K(20971456K), 0.0397250 secs] [Times: user=0.13 sys=0.00, real=0.04 secs] 
2011-08-09T01:00:24.573+0100: 109822.834: [GC [PSYoungGen: 524160K->0K(524224K)] 2997671K->2479044K(20971456K), 0.0412050 secs] [Times: user=0.13 sys=0.00, real=0.05 secs] 
2011-08-09T01:00:29.945+0100: 109828.206: [GC [PSYoungGen: 523447K->0K(524224K)] 3002491K->2486884K(20971456K), 0.0396310 secs] [Times: user=0.14 sys=0.00, real=0.04 secs] 
2011-08-09T01:00:35.469+0100: 109833.731: [GC [PSYoungGen: 523189K->0K(524224K)] 3010074K->2497549K(20971456K), 0.0397100 secs] [Times: user=0.13 sys=0.00, real=0.04 secs] 
2011-08-09T01:00:40.103+0100: 109838.365: [GC [PSYoungGen: 524160K->0K(524224K)] 3021709K->2506149K(20971456K), 0.0404910 secs] [Times: user=0.13 sys=0.00, real=0.04 secs] 
2011-08-09T01:12:02.054+0100: 110520.316: [GC [PSYoungGen: 524160K->0K(524224K)] 3030309K->2508845K(20971456K), 0.0355170 secs] [Times: user=0.12 sys=0.00, real=0.04 secs] 
2011-08-09T01:29:34.486+0100: 111572.748: [GC [PSYoungGen: 524160K->0K(524224K)] 3033005K->2509293K(20971456K), 0.0320790 secs] [Times: user=0.11 sys=0.00, real=0.04 secs] 
2011-08-09T01:47:22.256+0100: 112640.517: [GC [PSYoungGen: 524160K->0K(524224K)] 3033453K->2509709K(20971456K), 0.0314740 secs] [Times: user=0.11 sys=0.00, real=0.03 secs] 
2011-08-09T02:04:59.239+0100: 113697.500: [GC [PSYoungGen: 524160K->0K(524224K)] 3033869K->2510157K(20971456K), 0.0306350 secs] [Times: user=0.11 sys=0.00, real=0.03 secs] 
2011-08-09T02:22:53.001+0100: 114771.263: [GC [PSYoungGen: 524160K->0K(524224K)] 3034317K->2510565K(20971456K), 0.0303580 secs] [Times: user=0.11 sys=0.00, real=0.03 secs] 
2011-08-09T02:40:35.457+0100: 115833.719: [GC [PSYoungGen: 524160K->0K(524224K)] 3034725K->2510997K(20971456K), 0.0318340 secs] [Times: user=0.11 sys=0.00, real=0.04 secs] 
2011-08-09T02:58:28.495+0100: 116906.756: [GC [PSYoungGen: 524160K->0K(524224K)] 3035157K->2511405K(20971456K), 0.0303780 secs] [Times: user=0.11 sys=0.00, real=0.03 secs] 
2011-08-09T03:16:16.066+0100: 117974.327: [GC [PSYoungGen: 524160K->0K(524224K)] 3035565K->2511853K(20971456K), 0.0304480 secs] [Times: user=0.11 sys=0.00, real=0.04 secs] 
2011-08-09T03:34:05.966+0100: 119044.228: [GC [PSYoungGen: 524160K->0K(524224K)] 3036013K->2512277K(20971456K), 0.0306540 secs] [Times: user=0.11 sys=0.00, real=0.03 secs] 
2011-08-09T03:52:02.687+0100: 120120.949: [GC [PSYoungGen: 524160K->0K(524224K)] 3036437K->2512725K(20971456K), 0.0327530 secs] [Times: user=0.11 sys=0.00, real=0.03 secs] 
2011-08-09T04:09:35.768+0100: 121174.030: [GC [PSYoungGen: 524160K->0K(524224K)] 3036885K->2513165K(20971456K), 0.0306600 secs] [Times: user=0.10 sys=0.00, real=0.03 secs] 
2011-08-09T04:27:22.655+0100: 122240.916: [GC [PSYoungGen: 524160K->0K(524224K)] 3037325K->2513573K(20971456K), 0.0316520 secs] [Times: user=0.11 sys=0.00, real=0.03 secs] 
2011-08-09T04:44:55.140+0100: 123293.401: [GC [PSYoungGen: 524160K->0K(524224K)] 3037733K->2514021K(20971456K), 0.0318150 secs] [Times: user=0.11 sys=0.00, real=0.03 secs] 
2011-08-09T05:02:49.033+0100: 124367.294: [GC [PSYoungGen: 524160K->0K(524224K)] 3038181K->2514437K(20971456K), 0.0303690 secs] [Times: user=0.10 sys=0.00, real=0.03 secs] 
2011-08-09T05:20:33.083+0100: 125431.344: [GC [PSYoungGen: 524160K->0K(524224K)] 3038597K->2514893K(20971456K), 0.0319920 secs] [Times: user=0.11 sys=0.00, real=0.03 secs] 
2011-08-09T05:38:37.149+0100: 126515.411: [GC [PSYoungGen: 524160K->0K(524224K)] 3039053K->2515301K(20971456K), 0.0318200 secs] [Times: user=0.10 sys=0.01, real=0.03 secs] 
2011-08-09T05:56:04.915+0100: 127563.177: [GC [PSYoungGen: 524160K->0K(524224K)] 3039461K->2515741K(20971456K), 0.0315120 secs] [Times: user=0.11 sys=0.00, real=0.03 secs] 
2011-08-09T06:00:00.830+0100: 127799.091: [GC [PSYoungGen: 524160K->0K(524224K)] 3039901K->2641683K(20971456K), 0.1655630 secs] [Times: user=0.66 sys=0.00, real=0.16 secs] 
2011-08-09T06:00:02.503+0100: 127800.764: [GC [PSYoungGen: 524160K->0K(524224K)] 3165843K->2745386K(20971456K), 0.1374720 secs] [Times: user=0.65 sys=0.00, real=0.14 secs] 
2011-08-09T06:00:22.526+0100: 127820.788: [GC [PSYoungGen: 524160K->0K(524224K)] 3269546K->2998170K(20971456K), 0.2989960 secs] [Times: user=1.19 sys=0.00, real=0.30 secs] 
2011-08-09T06:09:53.266+0100: 128391.527: [GC [PSYoungGen: 524160K->0K(524224K)] 3522330K->3015866K(20971456K), 0.0422550 secs] [Times: user=0.17 sys=0.00, real=0.04 secs] 
2011-08-09T06:25:58.647+0100: 129356.908: [GC [PSYoungGen: 524160K->0K(524224K)] 3540026K->3017474K(20971456K), 0.0324810 secs] [Times: user=0.12 sys=0.00, real=0.03 secs] 
2011-08-09T06:42:11.135+0100: 130329.397: [GC [PSYoungGen: 524160K->0K(524224K)] 3541634K->3019146K(20971456K), 0.0325910 secs] [Times: user=0.11 sys=0.00, real=0.03 secs] 
2011-08-09T06:58:32.235+0100: 131310.497: [GC [PSYoungGen: 524160K->0K(524224K)] 3543306K->3019682K(20971456K), 0.0324880 secs] [Times: user=0.12 sys=0.00, real=0.03 secs] 
2011-08-09T07:07:39.962+0100: 131858.224: [GC [PSYoungGen: 524160K->0K(524224K)] 3543842K->3024619K(20971456K), 0.0375740 secs] [Times: user=0.14 sys=0.00, real=0.03 secs] 
2011-08-09T07:12:15.161+0100: 132133.422: [GC [PSYoungGen: 524156K->0K(524224K)] 3548775K->3032259K(20971456K), 0.0433170 secs] [Times: user=0.16 sys=0.00, real=0.05 secs] 
2011-08-09T07:15:35.356+0100: 132333.618: [GC [PSYoungGen: 524160K->0K(524224K)] 3556419K->3039455K(20971456K), 0.0464590 secs] [Times: user=0.17 sys=0.00, real=0.05 secs] 
2011-08-09T07:24:05.715+0100: 132843.977: [GC [PSYoungGen: 524160K->0K(524224K)] 3563615K->3043275K(20971456K), 0.0396820 secs] [Times: user=0.14 sys=0.00, real=0.04 secs] 
2011-08-09T07:32:49.031+0100: 133367.292: [GC [PSYoungGen: 524160K->0K(524224K)] 3567435K->3048083K(20971456K), 0.0412330 secs] [Times: user=0.15 sys=0.00, real=0.04 secs] 
2011-08-09T07:37:18.839+0100: 133637.101: [GC [PSYoungGen: 524160K->0K(524224K)] 3572243K->3054619K(20971456K), 0.0441720 secs] [Times: user=0.15 sys=0.00, real=0.04 secs] 
2011-08-09T07:43:32.996+0100: 134011.257: [GC [PSYoungGen: 524160K->0K(524224K)] 3578779K->3059807K(20971456K), 0.0427820 secs] [Times: user=0.15 sys=0.00, real=0.04 secs] 
2011-08-09T07:48:32.440+0100: 134310.701: [GC [PSYoungGen: 524160K->0K(524224K)] 3583967K->3065236K(20971456K), 0.0421900 secs] [Times: user=0.15 sys=0.00, real=0.04 secs] 
2011-08-09T07:55:07.364+0100: 134705.625: [GC [PSYoungGen: 524160K->0K(524224K)] 3589396K->3069724K(20971456K), 0.0417070 secs] [Times: user=0.15 sys=0.00, real=0.04 secs] 
2011-08-09T08:02:04.343+0100: 135122.604: [GC [PSYoungGen: 524160K->0K(524224K)] 3593884K->3074288K(20971456K), 0.0403100 secs] [Times: user=0.15 sys=0.00, real=0.04 secs] 
2011-08-09T08:07:06.547+0100: 135424.809: [GC [PSYoungGen: 524160K->0K(524224K)] 3598448K->3079145K(20971456K), 0.0428390 secs] [Times: user=0.15 sys=0.00, real=0.05 secs] 
2011-08-09T08:13:25.050+0100: 135803.312: [GC [PSYoungGen: 524160K->0K(524224K)] 3603305K->3083433K(20971456K), 0.0410870 secs] [Times: user=0.14 sys=0.00, real=0.05 secs] 
2011-08-09T08:17:56.042+0100: 136074.303: [GC [PSYoungGen: 524160K->0K(524224K)] 3607593K->3088641K(20971456K), 0.0417430 secs] [Times: user=0.15 sys=0.00, real=0.05 secs] 
2011-08-09T08:21:13.607+0100: 136271.869: [GC [PSYoungGen: 524160K->0K(524224K)] 3612801K->3094529K(20971456K), 0.0445650 secs] [Times: user=0.16 sys=0.00, real=0.05 secs] 
2011-08-09T08:27:05.632+0100: 136623.893: [GC [PSYoungGen: 524160K->0K(524224K)] 3618689K->3099414K(20971456K), 0.0425850 secs] [Times: user=0.15 sys=0.00, real=0.04 secs] 
2011-08-09T08:31:23.202+0100: 136881.464: [GC [PSYoungGen: 524160K->0K(524224K)] 3623574K->3105183K(20971456K), 0.0458820 secs] [Times: user=0.16 sys=0.00, real=0.05 secs] 
2011-08-09T08:35:15.723+0100: 137113.985: [GC [PSYoungGen: 524160K->0K(524224K)] 3629343K->3111231K(20971456K), 0.0452010 secs] [Times: user=0.17 sys=0.00, real=0.04 secs] 
2011-08-09T08:41:23.152+0100: 137481.414: [GC [PSYoungGen: 523921K->0K(524224K)] 3635152K->3116142K(20971456K), 0.0416830 secs] [Times: user=0.15 sys=0.00, real=0.04 secs] 
2011-08-09T08:45:50.738+0100: 137749.000: [GC [PSYoungGen: 524160K->0K(524224K)] 3640302K->3121627K(20971456K), 0.0423840 secs] [Times: user=0.15 sys=0.00, real=0.04 secs] 
2011-08-09T08:49:28.507+0100: 137966.768: [GC [PSYoungGen: 524160K->0K(524224K)] 3645787K->3128771K(20971456K), 0.0454540 secs] [Times: user=0.17 sys=0.00, real=0.04 secs] 
2011-08-09T08:52:44.837+0100: 138163.099: [GC [PSYoungGen: 524160K->0K(524224K)] 3652931K->3135283K(20971456K), 0.0451550 secs] [Times: user=0.16 sys=0.00, real=0.05 secs] 
2011-08-09T08:57:03.261+0100: 138421.523: [GC [PSYoungGen: 524160K->0K(524224K)] 3659443K->3140931K(20971456K), 0.0440640 secs] [Times: user=0.16 sys=0.00, real=0.04 secs] 
2011-08-09T09:01:45.771+0100: 138704.033: [GC [PSYoungGen: 524160K->0K(524224K)] 3665091K->3147399K(20971456K), 0.0472500 secs] [Times: user=0.18 sys=0.00, real=0.05 secs] 
2011-08-09T09:07:36.257+0100: 139054.519: [GC [PSYoungGen: 524160K->0K(524224K)] 3671559K->3152131K(20971456K), 0.0387140 secs] [Times: user=0.14 sys=0.00, real=0.04 secs] 
2011-08-09T09:11:36.136+0100: 139294.398: [GC [PSYoungGen: 524160K->0K(524224K)] 3676291K->3158329K(20971456K), 0.0426630 secs] [Times: user=0.15 sys=0.00, real=0.04 secs] 
2011-08-09T09:14:27.291+0100: 139465.552: [GC [PSYoungGen: 524160K->0K(524224K)] 3682489K->3164880K(20971456K), 0.0462290 secs] [Times: user=0.17 sys=0.00, real=0.04 secs] 
2011-08-09T09:18:38.043+0100: 139716.304: [GC [PSYoungGen: 524160K->0K(524224K)] 3689040K->3170792K(20971456K), 0.0443350 secs] [Times: user=0.16 sys=0.00, real=0.05 secs] 
2011-08-09T09:21:12.234+0100: 139870.496: [GC [PSYoungGen: 524160K->0K(524224K)] 3694952K->3178085K(20971456K), 0.0472220 secs] [Times: user=0.17 sys=0.00, real=0.05 secs] 
2011-08-09T09:25:43.100+0100: 140141.362: [GC [PSYoungGen: 524160K->0K(524224K)] 3702245K->3183760K(20971456K), 0.0420450 secs] [Times: user=0.15 sys=0.00, real=0.04 secs] 
2011-08-09T09:28:37.099+0100: 140315.361: [GC [PSYoungGen: 524160K->0K(524224K)] 3707920K->3190504K(20971456K), 0.0466480 secs] [Times: user=0.17 sys=0.00, real=0.05 secs] 
2011-08-09T09:32:36.317+0100: 140554.579: [GC [PSYoungGen: 524160K->0K(524224K)] 3714664K->3196516K(20971456K), 0.0441740 secs] [Times: user=0.16 sys=0.00, real=0.04 secs] 
2011-08-09T09:36:59.233+0100: 140817.494: [GC [PSYoungGen: 524160K->0K(524224K)] 3720676K->3202136K(20971456K), 0.0425510 secs] [Times: user=0.15 sys=0.00, real=0.04 secs] 
2011-08-09T09:40:23.573+0100: 141021.835: [GC [PSYoungGen: 524160K->0K(524224K)] 3726296K->3208424K(20971456K), 0.0449940 secs] [Times: user=0.17 sys=0.00, real=0.05 secs] 
2011-08-09T09:45:14.913+0100: 141313.175: [GC [PSYoungGen: 524160K->0K(524224K)] 3732584K->3214192K(20971456K), 0.0439290 secs] [Times: user=0.16 sys=0.00, real=0.04 secs] 
2011-08-09T09:49:39.030+0100: 141577.292: [GC [PSYoungGen: 524160K->0K(524224K)] 3738352K->3219624K(20971456K), 0.0439220 secs] [Times: user=0.16 sys=0.00, real=0.05 secs] 
2011-08-09T09:55:05.321+0100: 141903.582: [GC [PSYoungGen: 524160K->0K(524224K)] 3743784K->3225064K(20971456K), 0.0420310 secs] [Times: user=0.16 sys=0.00, real=0.05 secs] 
2011-08-09T10:01:41.930+0100: 142300.191: [GC [PSYoungGen: 524160K->0K(524224K)] 3749224K->3229926K(20971456K), 0.0362350 secs] [Times: user=0.13 sys=0.00, real=0.03 secs] 
2011-08-09T10:05:29.651+0100: 142527.912: [GC [PSYoungGen: 524160K->0K(524224K)] 3754086K->3235870K(20971456K), 0.0358580 secs] [Times: user=0.13 sys=0.00, real=0.04 secs] 
2011-08-09T10:10:25.765+0100: 142824.027: [GC [PSYoungGen: 524160K->0K(524224K)] 3760030K->3241154K(20971456K), 0.0360700 secs] [Times: user=0.14 sys=0.00, real=0.04 secs] 
2011-08-09T10:16:22.568+0100: 143180.830: [GC [PSYoungGen: 524160K->0K(524224K)] 3765314K->3246082K(20971456K), 0.0354600 secs] [Times: user=0.14 sys=0.00, real=0.03 secs] 
2011-08-09T10:21:05.829+0100: 143464.091: [GC [PSYoungGen: 524160K->0K(524224K)] 3770242K->3251413K(20971456K), 0.0361910 secs] [Times: user=0.13 sys=0.01, real=0.04 secs] 
2011-08-09T10:26:54.003+0100: 143812.264: [GC [PSYoungGen: 524160K->0K(524224K)] 3775573K->3256785K(20971456K), 0.0364570 secs] [Times: user=0.13 sys=0.00, real=0.04 secs] 
2011-08-09T10:34:26.192+0100: 144264.454: [GC [PSYoungGen: 524160K->0K(524224K)] 3780945K->3260969K(20971456K), 0.0359080 secs] [Times: user=0.14 sys=0.00, real=0.03 secs] 
2011-08-09T10:41:20.541+0100: 144678.803: [GC [PSYoungGen: 524160K->0K(524224K)] 3785129K->3265097K(20971456K), 0.0354580 secs] [Times: user=0.14 sys=0.00, real=0.03 secs] 
2011-08-09T10:47:48.966+0100: 145067.227: [GC [PSYoungGen: 524160K->0K(524224K)] 3789257K->3269969K(20971456K), 0.0362600 secs] [Times: user=0.14 sys=0.00, real=0.03 secs] 
2011-08-09T10:53:46.781+0100: 145425.042: [GC [PSYoungGen: 524160K->0K(524224K)] 3794129K->3274689K(20971456K), 0.0368630 secs] [Times: user=0.13 sys=0.00, real=0.04 secs] 
2011-08-09T10:57:50.688+0100: 145668.950: [GC [PSYoungGen: 524160K->0K(524224K)] 3798849K->3280446K(20971456K), 0.0363120 secs] [Times: user=0.14 sys=0.00, real=0.04 secs] 
2011-08-09T11:02:16.389+0100: 145934.650: [GC [PSYoungGen: 524160K->0K(524224K)] 3804606K->3286364K(20971456K), 0.0361470 secs] [Times: user=0.13 sys=0.00, real=0.04 secs] 
2011-08-09T11:09:48.764+0100: 146387.025: [GC [PSYoungGen: 524160K->0K(524224K)] 3810524K->3290448K(20971456K), 0.0359280 secs] [Times: user=0.14 sys=0.00, real=0.04 secs] 
2011-08-09T11:16:17.381+0100: 146775.642: [GC [PSYoungGen: 524160K->0K(524224K)] 3814608K->3295064K(20971456K), 0.0357080 secs] [Times: user=0.14 sys=0.00, real=0.03 secs] 
2011-08-09T11:22:40.108+0100: 147158.370: [GC [PSYoungGen: 524160K->0K(524224K)] 3819224K->3299836K(20971456K), 0.0360190 secs] [Times: user=0.13 sys=0.00, real=0.04 secs] 
2011-08-09T11:31:22.275+0100: 147680.537: [GC [PSYoungGen: 524160K->0K(524224K)] 3823996K->3303336K(20971456K), 0.0369500 secs] [Times: user=0.14 sys=0.00, real=0.04 secs] 
2011-08-09T11:37:38.171+0100: 148056.432: [GC [PSYoungGen: 524160K->0K(524224K)] 3827496K->3308032K(20971456K), 0.0361490 secs] [Times: user=0.14 sys=0.00, real=0.04 secs] 
2011-08-09T11:44:54.872+0100: 148493.134: [GC [PSYoungGen: 524160K->0K(524224K)] 3832192K->3312432K(20971456K), 0.0363930 secs] [Times: user=0.14 sys=0.00, real=0.04 secs] 
2011-08-09T11:52:08.634+0100: 148926.896: [GC [PSYoungGen: 524160K->0K(524224K)] 3836592K->3316452K(20971456K), 0.0360390 secs] [Times: user=0.13 sys=0.00, real=0.04 secs] 
2011-08-09T11:58:59.996+0100: 149338.258: [GC [PSYoungGen: 524160K->0K(524224K)] 3840612K->3320796K(20971456K), 0.0360400 secs] [Times: user=0.14 sys=0.00, real=0.04 secs] 
2011-08-09T12:08:04.538+0100: 149882.800: [GC [PSYoungGen: 524160K->0K(524224K)] 3844956K->3324388K(20971456K), 0.0358350 secs] [Times: user=0.13 sys=0.01, real=0.04 secs] 
2011-08-09T12:15:56.343+0100: 150354.605: [GC [PSYoungGen: 524160K->0K(524224K)] 3848548K->3328772K(20971456K), 0.0378280 secs] [Times: user=0.14 sys=0.00, real=0.03 secs] 
2011-08-09T12:23:19.308+0100: 150797.570: [GC [PSYoungGen: 524160K->0K(524224K)] 3852932K->3332860K(20971456K), 0.0368060 secs] [Times: user=0.14 sys=0.00, real=0.03 secs] 
2011-08-09T12:31:27.659+0100: 151285.920: [GC [PSYoungGen: 524160K->0K(524224K)] 3857020K->3336520K(20971456K), 0.0365080 secs] [Times: user=0.13 sys=0.00, real=0.04 secs] 
2011-08-09T12:38:24.631+0100: 151702.893: [GC [PSYoungGen: 524160K->0K(524224K)] 3860680K->3340632K(20971456K), 0.0367400 secs] [Times: user=0.14 sys=0.01, real=0.03 secs] 
2011-08-09T12:46:30.105+0100: 152188.366: [GC [PSYoungGen: 524160K->0K(524224K)] 3864792K->3344020K(20971456K), 0.0364230 secs] [Times: user=0.14 sys=0.00, real=0.03 secs] 
2011-08-09T12:54:09.415+0100: 152647.677: [GC [PSYoungGen: 524160K->0K(524224K)] 3868180K->3347980K(20971456K), 0.0366930 secs] [Times: user=0.14 sys=0.00, real=0.04 secs] 
2011-08-09T13:01:09.274+0100: 153067.535: [GC [PSYoungGen: 524160K->0K(524224K)] 3872140K->3352108K(20971456K), 0.0358570 secs] [Times: user=0.14 sys=0.00, real=0.04 secs] 
2011-08-09T13:08:55.843+0100: 153534.104: [GC [PSYoungGen: 524160K->0K(524224K)] 3876268K->3355980K(20971456K), 0.0360180 secs] [Times: user=0.13 sys=0.00, real=0.04 secs] 
2011-08-09T13:18:48.356+0100: 154126.618: [GC [PSYoungGen: 524160K->0K(524224K)] 3880140K->3359144K(20971456K), 0.0361840 secs] [Times: user=0.13 sys=0.00, real=0.04 secs] 
2011-08-09T13:29:23.814+0100: 154762.075: [GC [PSYoungGen: 524160K->0K(524224K)] 3883304K->3361928K(20971456K), 0.0357980 secs] [Times: user=0.14 sys=0.00, real=0.03 secs] 
2011-08-09T13:37:03.559+0100: 155221.820: [GC [PSYoungGen: 524160K->0K(524224K)] 3886088K->3365940K(20971456K), 0.0372190 secs] [Times: user=0.14 sys=0.00, real=0.03 secs] 
2011-08-09T13:43:24.020+0100: 155602.281: [GC [PSYoungGen: 524160K->0K(524224K)] 3890100K->3372780K(20971456K), 0.0467000 secs] [Times: user=0.19 sys=0.00, real=0.05 secs] 
2011-08-09T13:50:52.793+0100: 156051.055: [GC [PSYoungGen: 524160K->0K(524224K)] 3896940K->3376730K(20971456K), 0.0364340 secs] [Times: user=0.13 sys=0.00, real=0.04 secs] 
2011-08-09T14:00:02.404+0100: 156600.665: [GC [PSYoungGen: 524160K->0K(524224K)] 3900890K->3380003K(20971456K), 0.0369370 secs] [Times: user=0.14 sys=0.00, real=0.03 secs] 
2011-08-09T14:08:58.963+0100: 157137.224: [GC [PSYoungGen: 524160K->0K(524224K)] 3904163K->3383323K(20971456K), 0.0362180 secs] [Times: user=0.13 sys=0.00, real=0.04 secs] 
2011-08-09T14:18:33.386+0100: 157711.648: [GC [PSYoungGen: 524160K->0K(524224K)] 3907483K->3387203K(20971456K), 0.0417580 secs] [Times: user=0.15 sys=0.00, real=0.04 secs] 
2011-08-09T14:27:17.711+0100: 158235.972: [GC [PSYoungGen: 524160K->0K(524224K)] 3911363K->3390627K(20971456K), 0.0367310 secs] [Times: user=0.14 sys=0.00, real=0.04 secs] 
2011-08-09T14:34:30.078+0100: 158668.340: [GC [PSYoungGen: 524160K->0K(524224K)] 3914787K->3394679K(20971456K), 0.0360260 secs] [Times: user=0.14 sys=0.00, real=0.03 secs] 
2011-08-09T14:39:23.721+0100: 158961.982: [GC [PSYoungGen: 524160K->0K(524224K)] 3918839K->3399567K(20971456K), 0.0380680 secs] [Times: user=0.14 sys=0.00, real=0.03 secs] 
2011-08-09T14:44:02.350+0100: 159240.612: [GC [PSYoungGen: 524160K->0K(524224K)] 3923727K->3404407K(20971456K), 0.0363140 secs] [Times: user=0.13 sys=0.00, real=0.04 secs] 
2011-08-09T14:49:35.495+0100: 159573.757: [GC [PSYoungGen: 524160K->0K(524224K)] 3928567K->3408943K(20971456K), 0.0365510 secs] [Times: user=0.14 sys=0.00, real=0.04 secs] 
2011-08-09T14:56:27.767+0100: 159986.028: [GC [PSYoungGen: 524160K->0K(524224K)] 3933103K->3413383K(20971456K), 0.0364930 secs] [Times: user=0.14 sys=0.00, real=0.03 secs] 
2011-08-09T15:02:41.537+0100: 160359.798: [GC [PSYoungGen: 524160K->0K(524224K)] 3937543K->3417711K(20971456K), 0.0366480 secs] [Times: user=0.14 sys=0.00, real=0.04 secs] 
2011-08-09T15:09:20.517+0100: 160758.779: [GC [PSYoungGen: 524160K->0K(524224K)] 3941871K->3422379K(20971456K), 0.0370010 secs] [Times: user=0.14 sys=0.00, real=0.04 secs] 
2011-08-09T15:17:04.266+0100: 161222.528: [GC [PSYoungGen: 524160K->0K(524224K)] 3946539K->3426011K(20971456K), 0.0361600 secs] [Times: user=0.14 sys=0.00, real=0.04 secs] 
2011-08-09T15:24:46.772+0100: 161685.034: [GC [PSYoungGen: 524160K->0K(524224K)] 3950171K->3430175K(20971456K), 0.0370230 secs] [Times: user=0.14 sys=0.00, real=0.04 secs] 
2011-08-09T15:32:50.434+0100: 162168.696: [GC [PSYoungGen: 524160K->0K(524224K)] 3954335K->3433904K(20971456K), 0.0359180 secs] [Times: user=0.13 sys=0.00, real=0.03 secs] 
2011-08-09T15:39:30.795+0100: 162569.057: [GC [PSYoungGen: 524160K->0K(524224K)] 3958064K->3439512K(20971456K), 0.0420980 secs] [Times: user=0.16 sys=0.00, real=0.05 secs] 
2011-08-09T15:46:51.846+0100: 163010.108: [GC [PSYoungGen: 524160K->0K(524224K)] 3963672K->3443472K(20971456K), 0.0363300 secs] [Times: user=0.14 sys=0.00, real=0.04 secs] 
2011-08-09T15:55:19.167+0100: 163517.429: [GC [PSYoungGen: 524160K->0K(524224K)] 3967632K->3446872K(20971456K), 0.0376200 secs] [Times: user=0.14 sys=0.00, real=0.04 secs] 
2011-08-09T16:02:21.721+0100: 163939.983: [GC [PSYoungGen: 524160K->0K(524224K)] 3971032K->3450656K(20971456K), 0.0360430 secs] [Times: user=0.14 sys=0.00, real=0.03 secs] 
2011-08-09T16:10:29.795+0100: 164428.057: [GC [PSYoungGen: 524160K->0K(524224K)] 3974816K->3454480K(20971456K), 0.0365070 secs] [Times: user=0.14 sys=0.00, real=0.04 secs] 
2011-08-09T16:19:24.573+0100: 164962.835: [GC [PSYoungGen: 524160K->0K(524224K)] 3978640K->3458064K(20971456K), 0.0361710 secs] [Times: user=0.13 sys=0.00, real=0.03 secs] 
2011-08-09T16:29:01.421+0100: 165539.682: [GC [PSYoungGen: 524160K->0K(524224K)] 3982224K->3461196K(20971456K), 0.0374750 secs] [Times: user=0.14 sys=0.00, real=0.04 secs] 
2011-08-09T16:35:42.698+0100: 165940.959: [GC [PSYoungGen: 524160K->0K(524224K)] 3985356K->3465520K(20971456K), 0.0364010 secs] [Times: user=0.13 sys=0.00, real=0.04 secs] 
2011-08-09T16:43:38.626+0100: 166416.888: [GC [PSYoungGen: 524160K->0K(524224K)] 3989680K->3469472K(20971456K), 0.0367240 secs] [Times: user=0.14 sys=0.00, real=0.04 secs] 
2011-08-09T16:53:13.904+0100: 166992.166: [GC [PSYoungGen: 524160K->0K(524224K)] 3993632K->3472760K(20971456K), 0.0368000 secs] [Times: user=0.14 sys=0.00, real=0.04 secs] 
2011-08-09T17:00:35.801+0100: 167434.062: [GC [PSYoungGen: 524160K->0K(524224K)] 3996920K->3478304K(20971456K), 0.0384910 secs] [Times: user=0.15 sys=0.00, real=0.04 secs] 
2011-08-09T17:08:02.450+0100: 167880.711: [GC [PSYoungGen: 524160K->0K(524224K)] 4002464K->3483024K(20971456K), 0.0377070 secs] [Times: user=0.14 sys=0.00, real=0.05 secs] 
2011-08-09T17:21:06.146+0100: 168664.408: [GC [PSYoungGen: 524160K->0K(524224K)] 4007184K->3485052K(20971456K), 0.0366360 secs] [Times: user=0.14 sys=0.00, real=0.04 secs] 
2011-08-09T17:37:04.353+0100: 169622.614: [GC [PSYoungGen: 524160K->0K(524224K)] 4009212K->3485916K(20971456K), 0.0363250 secs] [Times: user=0.13 sys=0.00, real=0.03 secs] 
2011-08-09T17:52:26.410+0100: 170544.671: [GC [PSYoungGen: 524160K->0K(524224K)] 4010076K->3487015K(20971456K), 0.0363710 secs] [Times: user=0.13 sys=0.00, real=0.03 secs] 
2011-08-09T18:06:46.919+0100: 171405.181: [GC [PSYoungGen: 524160K->0K(524224K)] 4011175K->3488439K(20971456K), 0.0368010 secs] [Times: user=0.13 sys=0.00, real=0.04 secs] 
2011-08-09T18:22:43.387+0100: 172361.648: [GC [PSYoungGen: 524160K->0K(524224K)] 4012599K->3489207K(20971456K), 0.0362140 secs] [Times: user=0.13 sys=0.00, real=0.04 secs] 
2011-08-09T18:38:05.297+0100: 173283.559: [GC [PSYoungGen: 524160K->0K(524224K)] 4013367K->3490191K(20971456K), 0.0361950 secs] [Times: user=0.13 sys=0.00, real=0.04 secs] 
2011-08-09T18:54:41.301+0100: 174279.562: [GC [PSYoungGen: 524160K->0K(524224K)] 4014351K->3490735K(20971456K), 0.0358450 secs] [Times: user=0.12 sys=0.00, real=0.03 secs] 
2011-08-09T19:10:53.977+0100: 175252.239: [GC [PSYoungGen: 524160K->0K(524224K)] 4014895K->3491303K(20971456K), 0.0360130 secs] [Times: user=0.13 sys=0.00, real=0.04 secs] 
2011-08-09T19:27:13.428+0100: 176231.689: [GC [PSYoungGen: 524160K->0K(524224K)] 4015463K->3492111K(20971456K), 0.0358600 secs] [Times: user=0.13 sys=0.00, real=0.04 secs] 
2011-08-09T19:43:38.271+0100: 177216.533: [GC [PSYoungGen: 524160K->0K(524224K)] 4016271K->3492695K(20971456K), 0.0367840 secs] [Times: user=0.13 sys=0.00, real=0.04 secs] 
2011-08-09T20:00:02.323+0100: 178200.585: [GC [PSYoungGen: 524160K->0K(524224K)] 4016855K->3493328K(20971456K), 0.0361980 secs] [Times: user=0.13 sys=0.00, real=0.04 secs] 
2011-08-09T20:16:04.496+0100: 179162.757: [GC [PSYoungGen: 524160K->0K(524224K)] 4017488K->3493880K(20971456K), 0.0357150 secs] [Times: user=0.12 sys=0.00, real=0.04 secs] 
2011-08-09T20:32:37.001+0100: 180155.262: [GC [PSYoungGen: 524160K->0K(524224K)] 4018040K->3494456K(20971456K), 0.0363370 secs] [Times: user=0.13 sys=0.00, real=0.04 secs] 
2011-08-09T20:49:15.775+0100: 181154.037: [GC [PSYoungGen: 524160K->0K(524224K)] 4018616K->3495032K(20971456K), 0.0361010 secs] [Times: user=0.13 sys=0.00, real=0.04 secs] 
2011-08-09T21:05:39.482+0100: 182137.743: [GC [PSYoungGen: 524160K->0K(524224K)] 4019192K->3495544K(20971456K), 0.0357580 secs] [Times: user=0.13 sys=0.00, real=0.04 secs] 
2011-08-09T21:21:54.395+0100: 183112.657: [GC [PSYoungGen: 524160K->0K(524224K)] 4019704K->3496064K(20971456K), 0.0384520 secs] [Times: user=0.13 sys=0.00, real=0.04 secs] 
2011-08-09T21:37:57.837+0100: 184076.099: [GC [PSYoungGen: 524160K->0K(524224K)] 4020224K->3496576K(20971456K), 0.0356510 secs] [Times: user=0.13 sys=0.00, real=0.04 secs] 
2011-08-09T21:54:00.495+0100: 185038.757: [GC [PSYoungGen: 524160K->0K(524224K)] 4020736K->3497056K(20971456K), 0.0369370 secs] [Times: user=0.13 sys=0.00, real=0.04 secs] 
2011-08-09T22:11:04.550+0100: 186062.812: [GC [PSYoungGen: 524160K->0K(524224K)] 4021216K->3497480K(20971456K), 0.0350720 secs] [Times: user=0.12 sys=0.00, real=0.04 secs] 
2011-08-09T22:28:55.256+0100: 187133.518: [GC [PSYoungGen: 524160K->0K(524224K)] 4021640K->3497928K(20971456K), 0.0354340 secs] [Times: user=0.12 sys=0.00, real=0.03 secs] 
2011-08-09T22:46:21.959+0100: 188180.220: [GC [PSYoungGen: 524160K->0K(524224K)] 4022088K->3498368K(20971456K), 0.0357120 secs] [Times: user=0.13 sys=0.00, real=0.04 secs] 
2011-08-09T23:05:00.406+0100: 189298.667: [GC [PSYoungGen: 524160K->0K(524224K)] 4022528K->3498944K(20971456K), 0.0356320 secs] [Times: user=0.14 sys=0.00, real=0.04 secs] 
2011-08-09T23:22:52.518+0100: 190370.779: [GC [PSYoungGen: 524160K->0K(524224K)] 4023104K->3499352K(20971456K), 0.0349600 secs] [Times: user=0.13 sys=0.00, real=0.04 secs] 
2011-08-09T23:30:02.277+0100: 190800.539: [GC [PSYoungGen: 524160K->0K(524224K)] 4023512K->3501756K(20971456K), 0.0551240 secs] [Times: user=0.21 sys=0.00, real=0.06 secs] 
2011-08-09T23:30:03.948+0100: 190802.209: [GC [PSYoungGen: 224013K->0K(524224K)] 5822921K->5600404K(20971456K), 0.0443380 secs] [Times: user=0.17 sys=0.00, real=0.04 secs] 
2011-08-09T23:30:03.992+0100: 190802.254: [Full GC (System) [PSYoungGen: 0K->0K(524224K)] [PSOldGen: 5600404K->2918459K(20447232K)] 5600404K->2918459K(20971456K) [PSPermGen: 139946K->139946K(262144K)], 3.8273880 secs] [Times: user=3.82 sys=0.00, real=3.83 secs] 
2011-08-09T23:47:52.912+0100: 191871.173: [GC [PSYoungGen: 524160K->0K(524224K)] 3442619K->2918900K(20971456K), 0.0415590 secs] [Times: user=0.14 sys=0.00, real=0.04 secs] 
2011-08-09T23:50:00.013+0100: 191998.274: [GC [PSYoungGen: 69247K->0K(524224K)] 2988147K->2919172K(20971456K), 0.0316290 secs] [Times: user=0.10 sys=0.00, real=0.03 secs] 
2011-08-09T23:50:00.045+0100: 191998.306: [Full GC (System) [PSYoungGen: 0K->0K(524224K)] [PSOldGen: 2919172K->2830519K(20447232K)] 2919172K->2830519K(20971456K) [PSPermGen: 139950K->99927K(262144K)], 3.5161960 secs] [Times: user=3.51 sys=0.01, real=3.51 secs] 
2011-08-10T00:07:00.954+0100: 193019.215: [GC [PSYoungGen: 524160K->0K(524224K)] 3354679K->2834079K(20971456K), 0.0391160 secs] [Times: user=0.13 sys=0.00, real=0.04 secs] 
2011-08-10T00:24:38.600+0100: 194076.862: [GC [PSYoungGen: 524160K->0K(524224K)] 3358239K->2834519K(20971456K), 0.0331700 secs] [Times: user=0.11 sys=0.00, real=0.03 secs] 
2011-08-10T00:42:32.495+0100: 195150.757: [GC [PSYoungGen: 524160K->0K(524224K)] 3358679K->2834935K(20971456K), 0.0314040 secs] [Times: user=0.12 sys=0.00, real=0.03 secs] 
2011-08-10T01:00:00.652+0100: 196198.913: [GC [PSYoungGen: 524160K->0K(524224K)] 3359095K->2835458K(20971456K), 0.0331410 secs] [Times: user=0.11 sys=0.00, real=0.03 secs] 
2011-08-10T01:00:06.308+0100: 196204.570: [GC [PSYoungGen: 524160K->0K(524224K)] 3359618K->2844823K(20971456K), 0.0411400 secs] [Times: user=0.14 sys=0.00, real=0.04 secs] 
2011-08-10T01:00:11.888+0100: 196210.149: [GC [PSYoungGen: 524160K->0K(524224K)] 3368983K->2851571K(20971456K), 0.0341260 secs] [Times: user=0.13 sys=0.00, real=0.03 secs] 
2011-08-10T01:00:16.814+0100: 196215.075: [GC [PSYoungGen: 524160K->0K(524224K)] 3375731K->2857440K(20971456K), 0.0337590 secs] [Times: user=0.12 sys=0.00, real=0.03 secs] 
2011-08-10T01:00:21.456+0100: 196219.718: [GC [PSYoungGen: 524160K->0K(524224K)] 3381600K->2862810K(20971456K), 0.0325280 secs] [Times: user=0.11 sys=0.00, real=0.03 secs] 
2011-08-10T01:00:27.637+0100: 196225.898: [GC [PSYoungGen: 524160K->0K(524224K)] 3386970K->2868262K(20971456K), 0.0328350 secs] [Times: user=0.11 sys=0.00, real=0.03 secs] 
2011-08-10T01:00:34.157+0100: 196232.418: [GC [PSYoungGen: 524160K->0K(524224K)] 3392422K->2873834K(20971456K), 0.0338050 secs] [Times: user=0.12 sys=0.00, real=0.04 secs] 
2011-08-10T01:00:38.948+0100: 196237.210: [GC [PSYoungGen: 522148K->0K(524224K)] 3395982K->2883033K(20971456K), 0.0349880 secs] [Times: user=0.13 sys=0.00, real=0.03 secs] 
2011-08-10T01:00:43.765+0100: 196242.027: [GC [PSYoungGen: 524160K->0K(524224K)] 3407193K->2891569K(20971456K), 0.0331760 secs] [Times: user=0.12 sys=0.00, real=0.03 secs] 
2011-08-10T01:00:48.485+0100: 196246.747: [GC [PSYoungGen: 524104K->0K(524224K)] 3415674K->2900871K(20971456K), 0.0339960 secs] [Times: user=0.12 sys=0.00, real=0.03 secs] 
2011-08-10T01:01:43.123+0100: 196301.384: [GC [PSYoungGen: 524160K->0K(524224K)] 3425031K->2906798K(20971456K), 0.0354700 secs] [Times: user=0.13 sys=0.00, real=0.03 secs] 
2011-08-10T01:19:15.933+0100: 197354.194: [GC [PSYoungGen: 524160K->0K(524224K)] 3430958K->2907206K(20971456K), 0.0333880 secs] [Times: user=0.11 sys=0.00, real=0.03 secs] 
2011-08-10T01:36:40.207+0100: 198398.469: [GC [PSYoungGen: 524160K->0K(524224K)] 3431366K->2907646K(20971456K), 0.0333830 secs] [Times: user=0.12 sys=0.00, real=0.04 secs] 
2011-08-10T01:54:33.495+0100: 199471.757: [GC [PSYoungGen: 524160K->0K(524224K)] 3431806K->2908046K(20971456K), 0.0335730 secs] [Times: user=0.11 sys=0.00, real=0.03 secs] 
2011-08-10T02:12:02.871+0100: 200521.133: [GC [PSYoungGen: 524160K->0K(524224K)] 3432206K->2908503K(20971456K), 0.0333390 secs] [Times: user=0.12 sys=0.00, real=0.04 secs] 
2011-08-10T02:29:37.687+0100: 201575.949: [GC [PSYoungGen: 524160K->0K(524224K)] 3432663K->2908943K(20971456K), 0.0337520 secs] [Times: user=0.12 sys=0.00, real=0.03 secs] 
2011-08-10T02:47:24.337+0100: 202642.599: [GC [PSYoungGen: 524160K->0K(524224K)] 3433103K->2909351K(20971456K), 0.0343090 secs] [Times: user=0.12 sys=0.00, real=0.03 secs] 
2011-08-10T03:04:44.702+0100: 203682.963: [GC [PSYoungGen: 524160K->0K(524224K)] 3433511K->2909791K(20971456K), 0.0332200 secs] [Times: user=0.12 sys=0.00, real=0.04 secs] 
2011-08-10T03:22:24.074+0100: 204742.335: [GC [PSYoungGen: 524160K->0K(524224K)] 3433951K->2910199K(20971456K), 0.0334330 secs] [Times: user=0.12 sys=0.00, real=0.04 secs] 
2011-08-10T03:40:02.565+0100: 205800.827: [GC [PSYoungGen: 524160K->0K(524224K)] 3434359K->2910671K(20971456K), 0.0334560 secs] [Times: user=0.11 sys=0.00, real=0.04 secs] 
2011-08-10T03:57:37.270+0100: 206855.531: [GC [PSYoungGen: 524160K->0K(524224K)] 3434831K->2911079K(20971456K), 0.0344240 secs] [Times: user=0.11 sys=0.00, real=0.04 secs] 
2011-08-10T04:15:18.062+0100: 207916.323: [GC [PSYoungGen: 524160K->0K(524224K)] 3435239K->2911487K(20971456K), 0.0342210 secs] [Times: user=0.11 sys=0.00, real=0.03 secs] 
2011-08-10T04:32:39.427+0100: 208957.689: [GC [PSYoungGen: 524160K->0K(524224K)] 3435647K->2911935K(20971456K), 0.0341810 secs] [Times: user=0.12 sys=0.00, real=0.04 secs] 
2011-08-10T04:50:26.627+0100: 210024.889: [GC [PSYoungGen: 524160K->0K(524224K)] 3436095K->2912343K(20971456K), 0.0351640 secs] [Times: user=0.12 sys=0.00, real=0.03 secs] 
2011-08-10T05:08:02.796+0100: 211081.058: [GC [PSYoungGen: 524160K->0K(524224K)] 3436503K->2912799K(20971456K), 0.0346700 secs] [Times: user=0.12 sys=0.00, real=0.03 secs] 
2011-08-10T05:25:34.268+0100: 212132.530: [GC [PSYoungGen: 524160K->0K(524224K)] 3436959K->2913239K(20971456K), 0.0338960 secs] [Times: user=0.11 sys=0.00, real=0.03 secs] 
2011-08-10T05:43:27.495+0100: 213205.757: [GC [PSYoungGen: 524160K->0K(524224K)] 3437399K->2913647K(20971456K), 0.0345840 secs] [Times: user=0.12 sys=0.00, real=0.04 secs] 
2011-08-10T06:00:00.151+0100: 214198.412: [GC [PSYoungGen: 524160K->0K(524224K)] 3437807K->2919315K(20971456K), 0.0338030 secs] [Times: user=0.14 sys=0.00, real=0.03 secs] 
2011-08-10T06:00:00.979+0100: 214199.241: [GC [PSYoungGen: 524160K->0K(524224K)] 3443475K->3104839K(20971456K), 0.2257030 secs] [Times: user=0.92 sys=0.00, real=0.22 secs] 
2011-08-10T06:00:02.016+0100: 214200.277: [GC [PSYoungGen: 524160K->0K(524224K)] 3628999K->3288151K(20971456K), 0.2246390 secs] [Times: user=1.03 sys=0.00, real=0.23 secs] 
2011-08-10T06:00:02.900+0100: 214201.162: [GC [PSYoungGen: 524160K->0K(524224K)] 3812311K->3639245K(20971456K), 0.4047310 secs] [Times: user=1.88 sys=0.00, real=0.40 secs] 
2011-08-10T06:00:33.235+0100: 214231.497: [GC [PSYoungGen: 524160K->0K(524224K)] 4163405K->3850716K(20971456K), 0.2559400 secs] [Times: user=1.02 sys=0.00, real=0.25 secs] 
2011-08-10T06:13:28.525+0100: 215006.787: [GC [PSYoungGen: 524160K->0K(524224K)] 4374876K->3859964K(20971456K), 0.0377160 secs] [Times: user=0.15 sys=0.00, real=0.04 secs] 
2011-08-10T06:29:45.082+0100: 215983.344: [GC [PSYoungGen: 524160K->0K(524224K)] 4384124K->3861588K(20971456K), 0.0356730 secs] [Times: user=0.13 sys=0.00, real=0.04 secs] 
2011-08-10T06:46:11.840+0100: 216970.101: [GC [PSYoungGen: 524160K->0K(524224K)] 4385748K->3863269K(20971456K), 0.0364460 secs] [Times: user=0.13 sys=0.00, real=0.04 secs] 
2011-08-10T07:01:25.428+0100: 217883.690: [GC [PSYoungGen: 524156K->0K(524224K)] 4387425K->3865739K(20971456K), 0.0399220 secs] [Times: user=0.14 sys=0.00, real=0.04 secs] 
2011-08-10T07:09:55.406+0100: 218393.668: [GC [PSYoungGen: 524160K->0K(524224K)] 4389899K->3869540K(20971456K), 0.0414130 secs] [Times: user=0.15 sys=0.00, real=0.04 secs] 
2011-08-10T07:15:20.465+0100: 218718.727: [GC [PSYoungGen: 524160K->0K(524224K)] 4393700K->3875696K(20971456K), 0.0462990 secs] [Times: user=0.17 sys=0.00, real=0.05 secs] 
2011-08-10T07:20:49.308+0100: 219047.570: [GC [PSYoungGen: 523983K->0K(524224K)] 4399680K->3883552K(20971456K), 0.0453350 secs] [Times: user=0.16 sys=0.00, real=0.05 secs] 
2011-08-10T07:30:18.823+0100: 219617.084: [GC [PSYoungGen: 524160K->0K(524224K)] 4407712K->3887196K(20971456K), 0.0411030 secs] [Times: user=0.15 sys=0.00, real=0.04 secs] 
2011-08-10T07:38:24.015+0100: 220102.276: [GC [PSYoungGen: 524160K->0K(524224K)] 4411356K->3891356K(20971456K), 0.0438760 secs] [Times: user=0.16 sys=0.00, real=0.04 secs] 
2011-08-10T07:44:46.508+0100: 220484.770: [GC [PSYoungGen: 524160K->0K(524224K)] 4415516K->3896416K(20971456K), 0.0444990 secs] [Times: user=0.16 sys=0.00, real=0.04 secs] 
2011-08-10T07:54:01.868+0100: 221040.129: [GC [PSYoungGen: 524160K->0K(524224K)] 4420576K->3900016K(20971456K), 0.0427850 secs] [Times: user=0.15 sys=0.00, real=0.04 secs] 
2011-08-10T07:57:53.770+0100: 221272.031: [GC [PSYoungGen: 524160K->0K(524224K)] 4424176K->3907618K(20971456K), 0.0478920 secs] [Times: user=0.17 sys=0.00, real=0.05 secs] 
2011-08-10T08:01:29.089+0100: 221487.351: [GC [PSYoungGen: 524160K->0K(524224K)] 4431778K->3915230K(20971456K), 0.0482620 secs] [Times: user=0.18 sys=0.00, real=0.05 secs] 
2011-08-10T08:06:08.251+0100: 221766.512: [GC [PSYoungGen: 523975K->0K(524224K)] 4439205K->3920548K(20971456K), 0.0457450 secs] [Times: user=0.16 sys=0.00, real=0.04 secs] 
2011-08-10T08:10:40.611+0100: 222038.872: [GC [PSYoungGen: 524160K->0K(524224K)] 4444708K->3926764K(20971456K), 0.0456150 secs] [Times: user=0.17 sys=0.00, real=0.04 secs] 
2011-08-10T08:16:17.129+0100: 222375.391: [GC [PSYoungGen: 524160K->0K(524224K)] 4450924K->3931834K(20971456K), 0.0446550 secs] [Times: user=0.17 sys=0.00, real=0.04 secs] 
2011-08-10T08:21:44.549+0100: 222702.811: [GC [PSYoungGen: 524160K->0K(524224K)] 4455994K->3936714K(20971456K), 0.0450800 secs] [Times: user=0.16 sys=0.00, real=0.04 secs] 
2011-08-10T08:26:30.217+0100: 222988.479: [GC [PSYoungGen: 524066K->0K(524224K)] 4460781K->3942501K(20971456K), 0.0454580 secs] [Times: user=0.17 sys=0.00, real=0.05 secs] 
2011-08-10T08:32:22.192+0100: 223340.454: [GC [PSYoungGen: 524160K->0K(524224K)] 4466661K->3947565K(20971456K), 0.0444370 secs] [Times: user=0.17 sys=0.00, real=0.04 secs] 
2011-08-10T08:37:10.842+0100: 223629.104: [GC [PSYoungGen: 524160K->0K(524224K)] 4471725K->3952917K(20971456K), 0.0455540 secs] [Times: user=0.17 sys=0.00, real=0.05 secs] 
2011-08-10T08:44:04.096+0100: 224042.358: [GC [PSYoungGen: 524160K->0K(524224K)] 4477077K->3957373K(20971456K), 0.0437390 secs] [Times: user=0.16 sys=0.00, real=0.04 secs] 
2011-08-10T08:48:02.662+0100: 224280.923: [GC [PSYoungGen: 524160K->0K(524224K)] 4481533K->3963638K(20971456K), 0.0477870 secs] [Times: user=0.17 sys=0.00, real=0.05 secs] 
2011-08-10T08:53:29.536+0100: 224607.798: [GC [PSYoungGen: 524160K->0K(524224K)] 4487798K->3969058K(20971456K), 0.0451980 secs] [Times: user=0.16 sys=0.00, real=0.05 secs] 
2011-08-10T09:00:06.570+0100: 225004.832: [GC [PSYoungGen: 524160K->0K(524224K)] 4493218K->3973766K(20971456K), 0.0444250 secs] [Times: user=0.16 sys=0.00, real=0.05 secs] 
2011-08-10T09:05:17.141+0100: 225315.403: [GC [PSYoungGen: 524160K->0K(524224K)] 4497926K->3980994K(20971456K), 0.0515760 secs] [Times: user=0.20 sys=0.00, real=0.05 secs] 
2011-08-10T09:11:37.858+0100: 225696.119: [GC [PSYoungGen: 524160K->0K(524224K)] 4505154K->3985730K(20971456K), 0.0449080 secs] [Times: user=0.16 sys=0.00, real=0.04 secs] 
2011-08-10T09:17:26.981+0100: 226045.242: [GC [PSYoungGen: 524160K->0K(524224K)] 4509890K->3992642K(20971456K), 0.0462870 secs] [Times: user=0.17 sys=0.00, real=0.05 secs] 
2011-08-10T09:23:14.616+0100: 226392.878: [GC [PSYoungGen: 524160K->0K(524224K)] 4516802K->3997578K(20971456K), 0.0441880 secs] [Times: user=0.16 sys=0.00, real=0.05 secs] 
2011-08-10T09:29:18.233+0100: 226756.495: [GC [PSYoungGen: 524160K->0K(524224K)] 4521738K->4002966K(20971456K), 0.0462720 secs] [Times: user=0.17 sys=0.00, real=0.05 secs] 
2011-08-10T09:34:36.220+0100: 227074.482: [GC [PSYoungGen: 524160K->0K(524224K)] 4527126K->4008326K(20971456K), 0.0442310 secs] [Times: user=0.16 sys=0.00, real=0.04 secs] 
2011-08-10T09:41:09.532+0100: 227467.793: [GC [PSYoungGen: 524160K->0K(524224K)] 4532486K->4013006K(20971456K), 0.0434240 secs] [Times: user=0.15 sys=0.00, real=0.05 secs] 
2011-08-10T09:47:15.116+0100: 227833.377: [GC [PSYoungGen: 524160K->0K(524224K)] 4537166K->4017950K(20971456K), 0.0446250 secs] [Times: user=0.16 sys=0.00, real=0.04 secs] 
2011-08-10T09:52:02.404+0100: 228120.665: [GC [PSYoungGen: 524160K->0K(524224K)] 4542110K->4024190K(20971456K), 0.0457510 secs] [Times: user=0.17 sys=0.00, real=0.05 secs] 
2011-08-10T09:58:57.249+0100: 228535.511: [GC [PSYoungGen: 524160K->0K(524224K)] 4548350K->4029024K(20971456K), 0.0437930 secs] [Times: user=0.16 sys=0.00, real=0.04 secs] 
2011-08-10T10:04:56.611+0100: 228894.872: [GC [PSYoungGen: 524159K->0K(524224K)] 4553184K->4034460K(20971456K), 0.0446200 secs] [Times: user=0.16 sys=0.00, real=0.04 secs] 
2011-08-10T10:12:52.747+0100: 229371.009: [GC [PSYoungGen: 524160K->0K(524224K)] 4558620K->4038360K(20971456K), 0.0425460 secs] [Times: user=0.15 sys=0.00, real=0.04 secs] 
2011-08-10T10:19:09.487+0100: 229747.749: [GC [PSYoungGen: 524108K->0K(524224K)] 4562469K->4043892K(20971456K), 0.0462840 secs] [Times: user=0.17 sys=0.00, real=0.05 secs] 
2011-08-10T10:24:54.056+0100: 230092.318: [GC [PSYoungGen: 524160K->0K(524224K)] 4568052K->4049300K(20971456K), 0.0445220 secs] [Times: user=0.16 sys=0.00, real=0.04 secs] 
2011-08-10T10:30:39.812+0100: 230438.073: [GC [PSYoungGen: 524160K->0K(524224K)] 4573460K->4054196K(20971456K), 0.0441460 secs] [Times: user=0.16 sys=0.00, real=0.04 secs] 
2011-08-10T10:34:49.369+0100: 230687.630: [GC [PSYoungGen: 524160K->0K(524224K)] 4578356K->4060076K(20971456K), 0.0456230 secs] [Times: user=0.17 sys=0.00, real=0.04 secs] 
2011-08-10T10:40:08.016+0100: 231006.277: [GC [PSYoungGen: 524160K->0K(524224K)] 4584236K->4065776K(20971456K), 0.0446850 secs] [Times: user=0.16 sys=0.00, real=0.05 secs] 
2011-08-10T10:45:17.656+0100: 231315.917: [GC [PSYoungGen: 524160K->0K(524224K)] 4589936K->4071352K(20971456K), 0.0446790 secs] [Times: user=0.16 sys=0.00, real=0.05 secs] 
2011-08-10T10:51:36.864+0100: 231695.126: [GC [PSYoungGen: 524160K->0K(524224K)] 4595512K->4076024K(20971456K), 0.0440590 secs] [Times: user=0.16 sys=0.00, real=0.04 secs] 
2011-08-10T11:00:17.918+0100: 232216.180: [GC [PSYoungGen: 524160K->0K(524224K)] 4600184K->4079624K(20971456K), 0.0427140 secs] [Times: user=0.16 sys=0.00, real=0.04 secs] 
2011-08-10T11:07:40.016+0100: 232658.278: [GC [PSYoungGen: 524160K->0K(524224K)] 4603784K->4084072K(20971456K), 0.0434440 secs] [Times: user=0.16 sys=0.00, real=0.04 secs] 
2011-08-10T11:13:56.870+0100: 233035.131: [GC [PSYoungGen: 524160K->0K(524224K)] 4608232K->4088900K(20971456K), 0.0443100 secs] [Times: user=0.17 sys=0.00, real=0.04 secs] 
2011-08-10T11:23:28.188+0100: 233606.449: [GC [PSYoungGen: 524160K->0K(524224K)] 4613060K->4092417K(20971456K), 0.0423280 secs] [Times: user=0.15 sys=0.00, real=0.04 secs] 
2011-08-10T11:31:14.416+0100: 234072.677: [GC [PSYoungGen: 524160K->0K(524224K)] 4616577K->4096550K(20971456K), 0.0431330 secs] [Times: user=0.16 sys=0.00, real=0.04 secs] 
2011-08-10T11:40:41.509+0100: 234639.771: [GC [PSYoungGen: 524160K->0K(524224K)] 4620710K->4099942K(20971456K), 0.0416240 secs] [Times: user=0.15 sys=0.00, real=0.05 secs] 
2011-08-10T11:45:47.804+0100: 234946.065: [GC [PSYoungGen: 524160K->0K(524224K)] 4624102K->4105554K(20971456K), 0.0447690 secs] [Times: user=0.16 sys=0.00, real=0.05 secs] 
2011-08-10T11:54:27.055+0100: 235465.317: [GC [PSYoungGen: 524160K->0K(524224K)] 4629714K->4109794K(20971456K), 0.0430630 secs] [Times: user=0.15 sys=0.00, real=0.05 secs] 
2011-08-10T12:02:01.123+0100: 235919.385: [GC [PSYoungGen: 524160K->0K(524224K)] 4633954K->4114007K(20971456K), 0.0434630 secs] [Times: user=0.16 sys=0.00, real=0.04 secs] 
2011-08-10T12:11:23.764+0100: 236482.025: [GC [PSYoungGen: 524160K->0K(524224K)] 4638167K->4117591K(20971456K), 0.0437760 secs] [Times: user=0.16 sys=0.00, real=0.04 secs] 
2011-08-10T12:20:45.656+0100: 237043.917: [GC [PSYoungGen: 524160K->0K(524224K)] 4641751K->4121191K(20971456K), 0.0418420 secs] [Times: user=0.15 sys=0.00, real=0.05 secs] 
2011-08-10T12:30:17.320+0100: 237615.581: [GC [PSYoungGen: 524160K->0K(524224K)] 4645351K->4124519K(20971456K), 0.0417680 secs] [Times: user=0.15 sys=0.00, real=0.04 secs] 
2011-08-10T12:37:46.240+0100: 238064.502: [GC [PSYoungGen: 524160K->0K(524224K)] 4648679K->4128783K(20971456K), 0.0436910 secs] [Times: user=0.16 sys=0.00, real=0.05 secs] 
2011-08-10T12:43:51.836+0100: 238430.097: [GC [PSYoungGen: 524160K->0K(524224K)] 4652943K->4134663K(20971456K), 0.0444630 secs] [Times: user=0.16 sys=0.00, real=0.04 secs] 
2011-08-10T12:52:59.757+0100: 238978.018: [GC [PSYoungGen: 524160K->0K(524224K)] 4658823K->4138487K(20971456K), 0.0426200 secs] [Times: user=0.15 sys=0.00, real=0.04 secs] 
2011-08-10T13:01:36.761+0100: 239495.023: [GC [PSYoungGen: 524160K->0K(524224K)] 4662647K->4142451K(20971456K), 0.0429690 secs] [Times: user=0.16 sys=0.00, real=0.04 secs] 
2011-08-10T13:07:45.866+0100: 239864.128: [GC [PSYoungGen: 524160K->0K(524224K)] 4666611K->4147823K(20971456K), 0.0452730 secs] [Times: user=0.17 sys=0.00, real=0.04 secs] 
2011-08-10T13:17:00.013+0100: 240418.275: [GC [PSYoungGen: 524160K->0K(524224K)] 4671983K->4151451K(20971456K), 0.0425650 secs] [Times: user=0.15 sys=0.00, real=0.04 secs] 
2011-08-10T13:22:08.081+0100: 240726.343: [GC [PSYoungGen: 524160K->0K(524224K)] 4675611K->4157995K(20971456K), 0.0512390 secs] [Times: user=0.19 sys=0.00, real=0.05 secs] 
2011-08-10T13:30:10.250+0100: 241208.511: [GC [PSYoungGen: 524160K->0K(524224K)] 4682155K->4162234K(20971456K), 0.0453260 secs] [Times: user=0.17 sys=0.00, real=0.05 secs] 
2011-08-10T13:35:00.554+0100: 241498.816: [GC [PSYoungGen: 524160K->0K(524224K)] 4686394K->4168442K(20971456K), 0.0489180 secs] [Times: user=0.18 sys=0.00, real=0.05 secs] 
2011-08-10T13:39:44.092+0100: 241782.353: [GC [PSYoungGen: 524160K->0K(524224K)] 4692602K->4174114K(20971456K), 0.0497200 secs] [Times: user=0.17 sys=0.00, real=0.05 secs] 
2011-08-10T13:43:54.594+0100: 242032.856: [GC [PSYoungGen: 524017K->0K(524224K)] 4698131K->4179854K(20971456K), 0.0500120 secs] [Times: user=0.18 sys=0.00, real=0.05 secs] 
2011-08-10T13:47:26.117+0100: 242244.379: [GC [PSYoungGen: 524160K->0K(524224K)] 4704014K->4186416K(20971456K), 0.0491670 secs] [Times: user=0.18 sys=0.00, real=0.05 secs] 
2011-08-10T13:49:12.207+0100: 242350.469: [GC [PSYoungGen: 524160K->0K(524224K)] 4710576K->4193849K(20971456K), 0.0530060 secs] [Times: user=0.19 sys=0.00, real=0.06 secs] 
2011-08-10T13:50:39.210+0100: 242437.471: [GC [PSYoungGen: 524160K->0K(524224K)] 4718009K->4201750K(20971456K), 0.0553380 secs] [Times: user=0.20 sys=0.00, real=0.06 secs] 
2011-08-10T13:54:05.858+0100: 242644.120: [GC [PSYoungGen: 524160K->0K(524224K)] 4725910K->4208478K(20971456K), 0.0516160 secs] [Times: user=0.20 sys=0.00, real=0.05 secs] 
2011-08-10T13:56:34.754+0100: 242793.016: [GC [PSYoungGen: 524160K->0K(524224K)] 4732638K->4215382K(20971456K), 0.0512150 secs] [Times: user=0.19 sys=0.00, real=0.05 secs] 
2011-08-10T13:58:54.107+0100: 242932.368: [GC [PSYoungGen: 524160K->0K(524224K)] 4739542K->4222274K(20971456K), 0.0527070 secs] [Times: user=0.19 sys=0.00, real=0.06 secs] 
2011-08-10T14:03:27.044+0100: 243205.306: [GC [PSYoungGen: 524160K->0K(524224K)] 4746434K->4227826K(20971456K), 0.0485060 secs] [Times: user=0.18 sys=0.00, real=0.05 secs] 
2011-08-10T14:06:58.758+0100: 243417.019: [GC [PSYoungGen: 524160K->0K(524224K)] 4751986K->4233942K(20971456K), 0.0504900 secs] [Times: user=0.19 sys=0.00, real=0.05 secs] 
2011-08-10T14:09:26.156+0100: 243564.417: [GC [PSYoungGen: 524160K->0K(524224K)] 4758102K->4240750K(20971456K), 0.0521680 secs] [Times: user=0.19 sys=0.00, real=0.05 secs] 
2011-08-10T14:14:10.453+0100: 243848.715: [GC [PSYoungGen: 524160K->0K(524224K)] 4764910K->4245974K(20971456K), 0.0496230 secs] [Times: user=0.18 sys=0.00, real=0.05 secs] 
2011-08-10T14:17:14.976+0100: 244033.238: [GC [PSYoungGen: 524160K->0K(524224K)] 4770134K->4252550K(20971456K), 0.0514640 secs] [Times: user=0.19 sys=0.00, real=0.06 secs] 
2011-08-10T14:20:45.103+0100: 244243.364: [GC [PSYoungGen: 524160K->0K(524224K)] 4776710K->4258942K(20971456K), 0.0501090 secs] [Times: user=0.19 sys=0.00, real=0.05 secs] 
2011-08-10T14:25:12.305+0100: 244510.566: [GC [PSYoungGen: 524160K->0K(524224K)] 4783102K->4264714K(20971456K), 0.0487920 secs] [Times: user=0.18 sys=0.00, real=0.05 secs] 
2011-08-10T14:27:53.259+0100: 244671.521: [GC [PSYoungGen: 524160K->0K(524224K)] 4788874K->4271602K(20971456K), 0.0530760 secs] [Times: user=0.20 sys=0.00, real=0.06 secs] 
2011-08-10T14:30:03.705+0100: 244801.967: [GC [PSYoungGen: 524160K->0K(524224K)] 4795762K->4279070K(20971456K), 0.0524620 secs] [Times: user=0.19 sys=0.00, real=0.05 secs] 
2011-08-10T14:34:10.385+0100: 245048.647: [GC [PSYoungGen: 524160K->0K(524224K)] 4803230K->4284582K(20971456K), 0.0494890 secs] [Times: user=0.18 sys=0.01, real=0.05 secs] 
2011-08-10T14:37:34.175+0100: 245252.436: [GC [PSYoungGen: 524160K->0K(524224K)] 4808742K->4290210K(20971456K), 0.0488720 secs] [Times: user=0.18 sys=0.00, real=0.05 secs] 
2011-08-10T14:40:21.752+0100: 245420.014: [GC [PSYoungGen: 524160K->0K(524224K)] 4814370K->4297310K(20971456K), 0.0501950 secs] [Times: user=0.19 sys=0.00, real=0.05 secs] 
2011-08-10T14:43:36.448+0100: 245614.710: [GC [PSYoungGen: 524160K->0K(524224K)] 4821470K->4303152K(20971456K), 0.0496450 secs] [Times: user=0.18 sys=0.00, real=0.05 secs] 
2011-08-10T14:47:31.302+0100: 245849.563: [GC [PSYoungGen: 524160K->0K(524224K)] 4827312K->4309267K(20971456K), 0.0494170 secs] [Times: user=0.19 sys=0.00, real=0.05 secs] 
2011-08-10T14:51:49.240+0100: 246107.502: [GC [PSYoungGen: 524160K->0K(524224K)] 4833427K->4314775K(20971456K), 0.0503250 secs] [Times: user=0.19 sys=0.00, real=0.05 secs] 
2011-08-10T14:56:40.552+0100: 246398.814: [GC [PSYoungGen: 524160K->0K(524224K)] 4838935K->4319943K(20971456K), 0.0480250 secs] [Times: user=0.18 sys=0.00, real=0.05 secs] 
2011-08-10T15:00:04.890+0100: 246603.152: [GC [PSYoungGen: 524160K->0K(524224K)] 4844103K->4325967K(20971456K), 0.0505220 secs] [Times: user=0.19 sys=0.00, real=0.05 secs] 
2011-08-10T15:02:43.085+0100: 246761.346: [GC [PSYoungGen: 524160K->0K(524224K)] 4850127K->4332223K(20971456K), 0.0501220 secs] [Times: user=0.19 sys=0.00, real=0.05 secs] 
2011-08-10T15:06:34.672+0100: 246992.934: [GC [PSYoungGen: 524160K->0K(524224K)] 4856383K->4338023K(20971456K), 0.0488320 secs] [Times: user=0.18 sys=0.00, real=0.04 secs] 
2011-08-10T15:10:13.384+0100: 247211.645: [GC [PSYoungGen: 524160K->0K(524224K)] 4862183K->4344327K(20971456K), 0.0478570 secs] [Times: user=0.17 sys=0.00, real=0.05 secs] 
2011-08-10T15:13:29.044+0100: 247407.306: [GC [PSYoungGen: 524160K->0K(524224K)] 4868487K->4350459K(20971456K), 0.0486750 secs] [Times: user=0.18 sys=0.00, real=0.05 secs] 
2011-08-10T15:16:44.658+0100: 247602.920: [GC [PSYoungGen: 524160K->0K(524224K)] 4874619K->4357271K(20971456K), 0.0528610 secs] [Times: user=0.19 sys=0.00, real=0.05 secs] 
2011-08-10T15:20:16.161+0100: 247814.423: [GC [PSYoungGen: 524160K->0K(524224K)] 4881431K->4363011K(20971456K), 0.0489030 secs] [Times: user=0.19 sys=0.00, real=0.05 secs] 
2011-08-10T15:23:10.561+0100: 247988.823: [GC [PSYoungGen: 524160K->0K(524224K)] 4887171K->4369824K(20971456K), 0.0491620 secs] [Times: user=0.18 sys=0.00, real=0.05 secs] 
2011-08-10T15:26:02.454+0100: 248160.716: [GC [PSYoungGen: 524160K->0K(524224K)] 4893984K->4376233K(20971456K), 0.0489210 secs] [Times: user=0.18 sys=0.00, real=0.05 secs] 
2011-08-10T15:29:02.796+0100: 248341.058: [GC [PSYoungGen: 524160K->0K(524224K)] 4900393K->4382509K(20971456K), 0.0487680 secs] [Times: user=0.18 sys=0.00, real=0.05 secs] 
2011-08-10T15:32:37.684+0100: 248555.946: [GC [PSYoungGen: 524160K->0K(524224K)] 4906669K->4389537K(20971456K), 0.0501560 secs] [Times: user=0.19 sys=0.00, real=0.05 secs] 
2011-08-10T15:35:51.862+0100: 248750.124: [GC [PSYoungGen: 524160K->0K(524224K)] 4913697K->4395425K(20971456K), 0.0490120 secs] [Times: user=0.18 sys=0.00, real=0.05 secs] 
2011-08-10T15:39:17.000+0100: 248955.262: [GC [PSYoungGen: 524160K->0K(524224K)] 4919585K->4401177K(20971456K), 0.0499950 secs] [Times: user=0.19 sys=0.00, real=0.05 secs] 
2011-08-10T15:43:39.520+0100: 249217.781: [GC [PSYoungGen: 524160K->0K(524224K)] 4925337K->4406941K(20971456K), 0.0480640 secs] [Times: user=0.18 sys=0.00, real=0.05 secs] 
2011-08-10T15:48:22.680+0100: 249500.942: [GC [PSYoungGen: 524160K->0K(524224K)] 4931101K->4416677K(20971456K), 0.0675880 secs] [Times: user=0.25 sys=0.00, real=0.06 secs] 
2011-08-10T15:53:05.516+0100: 249783.777: [GC [PSYoungGen: 524160K->0K(524224K)] 4940837K->4422085K(20971456K), 0.0423520 secs] [Times: user=0.16 sys=0.00, real=0.04 secs] 
2011-08-10T15:59:20.270+0100: 250158.532: [GC [PSYoungGen: 524160K->0K(524224K)] 4946245K->4426894K(20971456K), 0.0418850 secs] [Times: user=0.16 sys=0.00, real=0.04 secs] 
2011-08-10T16:04:03.405+0100: 250441.666: [GC [PSYoungGen: 524160K->0K(524224K)] 4951054K->4432078K(20971456K), 0.0415590 secs] [Times: user=0.15 sys=0.01, real=0.04 secs] 
2011-08-10T16:09:03.983+0100: 250742.245: [GC [PSYoungGen: 524160K->0K(524224K)] 4956238K->4437174K(20971456K), 0.0415200 secs] [Times: user=0.16 sys=0.00, real=0.04 secs] 
2011-08-10T16:13:23.495+0100: 251001.757: [GC [PSYoungGen: 524160K->0K(524224K)] 4961334K->4442602K(20971456K), 0.0416070 secs] [Times: user=0.16 sys=0.00, real=0.05 secs] 
2011-08-10T16:19:07.183+0100: 251345.444: [GC [PSYoungGen: 524160K->0K(524224K)] 4966762K->4447714K(20971456K), 0.0417280 secs] [Times: user=0.16 sys=0.00, real=0.04 secs] 
2011-08-10T16:23:52.709+0100: 251630.971: [GC [PSYoungGen: 524160K->0K(524224K)] 4971874K->4453306K(20971456K), 0.0416640 secs] [Times: user=0.16 sys=0.00, real=0.04 secs] 
2011-08-10T16:29:16.624+0100: 251954.885: [GC [PSYoungGen: 524160K->0K(524224K)] 4977466K->4459126K(20971456K), 0.0420310 secs] [Times: user=0.16 sys=0.00, real=0.04 secs] 
2011-08-10T16:35:01.000+0100: 252299.262: [GC [PSYoungGen: 524160K->0K(524224K)] 4983286K->4464254K(20971456K), 0.0427800 secs] [Times: user=0.16 sys=0.00, real=0.05 secs] 
2011-08-10T16:42:42.422+0100: 252760.684: [GC [PSYoungGen: 524160K->0K(524224K)] 4988414K->4468006K(20971456K), 0.0415950 secs] [Times: user=0.16 sys=0.00, real=0.04 secs] 
2011-08-10T16:52:18.308+0100: 253336.570: [GC [PSYoungGen: 524160K->0K(524224K)] 4992166K->4471110K(20971456K), 0.0410950 secs] [Times: user=0.16 sys=0.00, real=0.04 secs] 
2011-08-10T17:00:59.013+0100: 253857.275: [GC [PSYoungGen: 524160K->0K(524224K)] 4995270K->4474906K(20971456K), 0.0455640 secs] [Times: user=0.17 sys=0.00, real=0.04 secs] 
2011-08-10T17:09:12.967+0100: 254351.229: [GC [PSYoungGen: 524160K->0K(524224K)] 4999066K->4478882K(20971456K), 0.0415530 secs] [Times: user=0.16 sys=0.00, real=0.04 secs] 
2011-08-10T17:23:55.121+0100: 255233.383: [GC [PSYoungGen: 524160K->0K(524224K)] 5003042K->4480146K(20971456K), 0.0399140 secs] [Times: user=0.15 sys=0.00, real=0.04 secs] 
2011-08-10T17:37:56.985+0100: 256075.247: [GC [PSYoungGen: 524160K->0K(524224K)] 5004306K->4481634K(20971456K), 0.0403080 secs] [Times: user=0.15 sys=0.00, real=0.05 secs] 
2011-08-10T17:53:24.038+0100: 257002.299: [GC [PSYoungGen: 524160K->0K(524224K)] 5005794K->4482653K(20971456K), 0.0411290 secs] [Times: user=0.16 sys=0.00, real=0.05 secs] 
2011-08-10T18:07:53.966+0100: 257872.228: [GC [PSYoungGen: 524160K->0K(524224K)] 5006813K->4484141K(20971456K), 0.0400820 secs] [Times: user=0.15 sys=0.00, real=0.04 secs] 
2011-08-10T18:22:34.879+0100: 258753.140: [GC [PSYoungGen: 524160K->0K(524224K)] 5008301K->4485453K(20971456K), 0.0406470 secs] [Times: user=0.15 sys=0.00, real=0.04 secs] 
2011-08-10T18:37:23.495+0100: 259641.757: [GC [PSYoungGen: 524160K->0K(524224K)] 5009613K->4486701K(20971456K), 0.0413200 secs] [Times: user=0.15 sys=0.00, real=0.04 secs] 
2011-08-10T18:53:52.346+0100: 260630.607: [GC [PSYoungGen: 524160K->0K(524224K)] 5010861K->4487245K(20971456K), 0.0409420 secs] [Times: user=0.15 sys=0.00, real=0.04 secs] 
2011-08-10T19:10:11.613+0100: 261609.875: [GC [PSYoungGen: 524160K->0K(524224K)] 5011405K->4487869K(20971456K), 0.0409080 secs] [Times: user=0.15 sys=0.00, real=0.04 secs] 
2011-08-10T19:26:41.480+0100: 262599.742: [GC [PSYoungGen: 524160K->0K(524224K)] 5012029K->4488525K(20971456K), 0.0418020 secs] [Times: user=0.15 sys=0.00, real=0.04 secs] 
2011-08-10T19:43:06.124+0100: 263584.385: [GC [PSYoungGen: 524160K->0K(524224K)] 5012685K->4489101K(20971456K), 0.0407150 secs] [Times: user=0.15 sys=0.00, real=0.04 secs] 
2011-08-10T19:59:34.024+0100: 264572.285: [GC [PSYoungGen: 524160K->0K(524224K)] 5013261K->4489693K(20971456K), 0.0403430 secs] [Times: user=0.14 sys=0.00, real=0.04 secs] 
2011-08-10T20:15:51.999+0100: 265550.261: [GC [PSYoungGen: 524160K->0K(524224K)] 5013853K->4490269K(20971456K), 0.0412860 secs] [Times: user=0.15 sys=0.00, real=0.04 secs] 
2011-08-10T20:32:11.984+0100: 266530.246: [GC [PSYoungGen: 524160K->0K(524224K)] 5014429K->4490901K(20971456K), 0.0404370 secs] [Times: user=0.15 sys=0.00, real=0.04 secs] 
2011-08-10T20:48:07.904+0100: 267486.165: [GC [PSYoungGen: 524160K->0K(524224K)] 5015061K->4491669K(20971456K), 0.0401940 secs] [Times: user=0.15 sys=0.00, real=0.04 secs] 
2011-08-10T21:03:47.261+0100: 268425.523: [GC [PSYoungGen: 524160K->0K(524224K)] 5015829K->4492621K(20971456K), 0.0403900 secs] [Times: user=0.15 sys=0.00, real=0.04 secs] 
2011-08-10T21:20:02.063+0100: 269400.325: [GC [PSYoungGen: 524160K->0K(524224K)] 5016781K->4493213K(20971456K), 0.0403430 secs] [Times: user=0.15 sys=0.00, real=0.04 secs] 
2011-08-10T21:36:01.946+0100: 270360.207: [GC [PSYoungGen: 524160K->0K(524224K)] 5017373K->4493709K(20971456K), 0.0418220 secs] [Times: user=0.16 sys=0.00, real=0.04 secs] 
2011-08-10T21:51:45.381+0100: 271303.643: [GC [PSYoungGen: 524160K->0K(524224K)] 5017869K->4494197K(20971456K), 0.0400720 secs] [Times: user=0.15 sys=0.00, real=0.04 secs] 
2011-08-10T22:08:24.496+0100: 272302.757: [GC [PSYoungGen: 524160K->0K(524224K)] 5018357K->4494653K(20971456K), 0.0405400 secs] [Times: user=0.15 sys=0.00, real=0.04 secs] 
2011-08-10T22:26:18.497+0100: 273376.758: [GC [PSYoungGen: 524160K->0K(524224K)] 5018813K->4495061K(20971456K), 0.0403400 secs] [Times: user=0.14 sys=0.00, real=0.04 secs] 
2011-08-10T22:43:35.495+0100: 274413.756: [GC [PSYoungGen: 524160K->0K(524224K)] 5019221K->4495493K(20971456K), 0.0423940 secs] [Times: user=0.16 sys=0.00, real=0.04 secs] 
2011-08-10T23:00:00.174+0100: 275398.436: [GC [PSYoungGen: 524160K->0K(524224K)] 5019653K->4496197K(20971456K), 0.0404270 secs] [Times: user=0.15 sys=0.01, real=0.04 secs] 
2011-08-10T23:18:25.929+0100: 276504.191: [GC [PSYoungGen: 524160K->0K(524224K)] 5020357K->4497797K(20971456K), 0.0440040 secs] [Times: user=0.17 sys=0.00, real=0.05 secs] 
2011-08-10T23:30:01.124+0100: 277199.385: [GC [PSYoungGen: 524160K->0K(524224K)] 5021957K->4499965K(20971456K), 0.0573730 secs] [Times: user=0.22 sys=0.00, real=0.06 secs] 
2011-08-10T23:30:03.810+0100: 277202.072: [GC [PSYoungGen: 524160K->0K(524224K)] 5024125K->4501061K(20971456K), 0.0490140 secs] [Times: user=0.19 sys=0.00, real=0.05 secs] 
2011-08-10T23:30:06.229+0100: 277204.490: [GC [PSYoungGen: 88080K->0K(524224K)] 6686293K->6599273K(20971456K), 0.0654940 secs] [Times: user=0.26 sys=0.00, real=0.07 secs] 
2011-08-10T23:30:06.294+0100: 277204.556: [Full GC (System) [PSYoungGen: 0K->0K(524224K)] [PSOldGen: 6599273K->3407510K(20447232K)] 6599273K->3407510K(20971456K) [PSPermGen: 124968K->124968K(262144K)], 5.2716490 secs] [Times: user=5.26 sys=0.00, real=5.27 secs] 
2011-08-10T23:47:53.498+0100: 278271.760: [GC [PSYoungGen: 524160K->0K(524224K)] 3931670K->3407951K(20971456K), 0.0437660 secs] [Times: user=0.16 sys=0.00, real=0.04 secs] 
2011-08-10T23:50:00.020+0100: 278398.282: [GC [PSYoungGen: 69643K->0K(524224K)] 3477594K->3408223K(20971456K), 0.0343150 secs] [Times: user=0.12 sys=0.00, real=0.04 secs] 
2011-08-10T23:50:00.055+0100: 278398.316: [Full GC (System) [PSYoungGen: 0K->0K(524224K)] [PSOldGen: 3408223K->3408223K(20447232K)] 3408223K->3408223K(20971456K) [PSPermGen: 124972K->124972K(262144K)], 3.5201850 secs] [Times: user=3.51 sys=0.01, real=3.52 secs] 
2011-08-11T00:07:18.171+0100: 279436.432: [GC [PSYoungGen: 524160K->0K(524224K)] 3932383K->3411695K(20971456K), 0.0380720 secs] [Times: user=0.13 sys=0.00, real=0.03 secs] 
2011-08-11T00:24:53.287+0100: 280491.548: [GC [PSYoungGen: 524160K->0K(524224K)] 3935855K->3412159K(20971456K), 0.0335430 secs] [Times: user=0.12 sys=0.00, real=0.03 secs] 
2011-08-11T00:42:44.249+0100: 281562.510: [GC [PSYoungGen: 524160K->0K(524224K)] 3936319K->3412575K(20971456K), 0.0353120 secs] [Times: user=0.12 sys=0.00, real=0.03 secs] 
2011-08-11T01:00:00.603+0100: 282598.864: [GC [PSYoungGen: 524160K->0K(524224K)] 3936735K->3413208K(20971456K), 0.0337760 secs] [Times: user=0.12 sys=0.00, real=0.03 secs] 
2011-08-11T01:00:06.382+0100: 282604.644: [GC [PSYoungGen: 524160K->0K(524224K)] 3937368K->3418900K(20971456K), 0.0394450 secs] [Times: user=0.14 sys=0.00, real=0.04 secs] 
2011-08-11T01:00:12.220+0100: 282610.482: [GC [PSYoungGen: 524160K->0K(524224K)] 3943060K->3424520K(20971456K), 0.0391030 secs] [Times: user=0.14 sys=0.00, real=0.04 secs] 
2011-08-11T01:00:18.486+0100: 282616.747: [GC [PSYoungGen: 524160K->0K(524224K)] 3948680K->3430961K(20971456K), 0.0397120 secs] [Times: user=0.14 sys=0.00, real=0.04 secs] 
2011-08-11T01:00:24.801+0100: 282623.063: [GC [PSYoungGen: 524160K->0K(524224K)] 3955121K->3436858K(20971456K), 0.0392240 secs] [Times: user=0.14 sys=0.00, real=0.04 secs] 
2011-08-11T01:00:30.543+0100: 282628.805: [GC [PSYoungGen: 524160K->0K(524224K)] 3961018K->3444403K(20971456K), 0.0389650 secs] [Times: user=0.14 sys=0.00, real=0.04 secs] 
2011-08-11T01:00:36.290+0100: 282634.552: [GC [PSYoungGen: 524160K->0K(524224K)] 3968563K->3451625K(20971456K), 0.0395420 secs] [Times: user=0.15 sys=0.00, real=0.04 secs] 
2011-08-11T01:00:42.559+0100: 282640.820: [GC [PSYoungGen: 524160K->0K(524224K)] 3975785K->3457166K(20971456K), 0.0379880 secs] [Times: user=0.14 sys=0.00, real=0.04 secs] 
2011-08-11T01:00:48.198+0100: 282646.459: [GC [PSYoungGen: 524160K->0K(524224K)] 3981326K->3462699K(20971456K), 0.0390580 secs] [Times: user=0.14 sys=0.00, real=0.04 secs] 
2011-08-11T01:00:54.140+0100: 282652.401: [GC [PSYoungGen: 523978K->0K(524224K)] 3986678K->3471700K(20971456K), 0.0399430 secs] [Times: user=0.14 sys=0.00, real=0.04 secs] 
2011-08-11T01:01:00.039+0100: 282658.300: [GC [PSYoungGen: 524160K->0K(524224K)] 3995860K->3477579K(20971456K), 0.0392240 secs] [Times: user=0.15 sys=0.00, real=0.04 secs] 
2011-08-11T01:01:05.682+0100: 282663.943: [GC [PSYoungGen: 524160K->0K(524224K)] 4001739K->3483791K(20971456K), 0.0394010 secs] [Times: user=0.14 sys=0.00, real=0.04 secs] 
2011-08-11T01:12:11.788+0100: 283330.049: [GC [PSYoungGen: 524160K->0K(524224K)] 4007951K->3487044K(20971456K), 0.0346970 secs] [Times: user=0.12 sys=0.00, real=0.04 secs] 
2011-08-11T01:29:41.848+0100: 284380.110: [GC [PSYoungGen: 524160K->0K(524224K)] 4011204K->3487452K(20971456K), 0.0337620 secs] [Times: user=0.12 sys=0.00, real=0.04 secs] 
2011-08-11T01:47:12.821+0100: 285431.083: [GC [PSYoungGen: 524160K->0K(524224K)] 4011612K->3487860K(20971456K), 0.0335780 secs] [Times: user=0.12 sys=0.00, real=0.03 secs] 
2011-08-11T02:04:31.084+0100: 286469.346: [GC [PSYoungGen: 524160K->0K(524224K)] 4012020K->3488308K(20971456K), 0.0335730 secs] [Times: user=0.12 sys=0.00, real=0.03 secs] 
2011-08-11T02:22:13.746+0100: 287532.008: [GC [PSYoungGen: 524160K->0K(524224K)] 4012468K->3488724K(20971456K), 0.0337760 secs] [Times: user=0.12 sys=0.00, real=0.03 secs] 
2011-08-11T02:39:49.526+0100: 288587.787: [GC [PSYoungGen: 524160K->0K(524224K)] 4012884K->3489140K(20971456K), 0.0336230 secs] [Times: user=0.12 sys=0.00, real=0.03 secs] 
2011-08-11T02:57:00.642+0100: 289618.903: [GC [PSYoungGen: 524160K->0K(524224K)] 4013300K->3489588K(20971456K), 0.0335130 secs] [Times: user=0.12 sys=0.00, real=0.03 secs] 
2011-08-11T03:14:49.470+0100: 290687.732: [GC [PSYoungGen: 524160K->0K(524224K)] 4013748K->3490004K(20971456K), 0.0336950 secs] [Times: user=0.12 sys=0.00, real=0.04 secs] 
2011-08-11T03:32:19.276+0100: 291737.537: [GC [PSYoungGen: 524160K->0K(524224K)] 4014164K->3490460K(20971456K), 0.0378300 secs] [Times: user=0.13 sys=0.00, real=0.04 secs] 
2011-08-11T03:50:05.935+0100: 292804.196: [GC [PSYoungGen: 524160K->0K(524224K)] 4014620K->3490868K(20971456K), 0.0353610 secs] [Times: user=0.12 sys=0.00, real=0.03 secs] 
2011-08-11T04:07:46.603+0100: 293864.864: [GC [PSYoungGen: 524160K->0K(524224K)] 4015028K->3491292K(20971456K), 0.0336870 secs] [Times: user=0.12 sys=0.00, real=0.03 secs] 
2011-08-11T04:25:16.580+0100: 294914.841: [GC [PSYoungGen: 524160K->0K(524224K)] 4015452K->3491740K(20971456K), 0.0347080 secs] [Times: user=0.12 sys=0.00, real=0.03 secs] 
2011-08-11T04:43:00.848+0100: 295979.109: [GC [PSYoungGen: 524160K->0K(524224K)] 4015900K->3492156K(20971456K), 0.0336420 secs] [Times: user=0.12 sys=0.00, real=0.04 secs] 
2011-08-11T05:00:12.692+0100: 297010.954: [GC [PSYoungGen: 524160K->0K(524224K)] 4016316K->3492604K(20971456K), 0.0351710 secs] [Times: user=0.12 sys=0.00, real=0.04 secs] 
2011-08-11T05:17:43.501+0100: 298061.763: [GC [PSYoungGen: 524160K->0K(524224K)] 4016764K->3493012K(20971456K), 0.0336430 secs] [Times: user=0.12 sys=0.00, real=0.03 secs] 
2011-08-11T05:35:34.565+0100: 299132.827: [GC [PSYoungGen: 523953K->0K(524224K)] 4016966K->3493684K(20971456K), 0.0338900 secs] [Times: user=0.12 sys=0.00, real=0.04 secs] 
2011-08-11T05:52:57.774+0100: 300176.036: [GC [PSYoungGen: 524160K->0K(524224K)] 4017844K->3494396K(20971456K), 0.0334800 secs] [Times: user=0.12 sys=0.00, real=0.03 secs] 
2011-08-11T06:00:00.696+0100: 300598.957: [GC [PSYoungGen: 524160K->0K(524224K)] 4018556K->3593412K(20971456K), 0.1330350 secs] [Times: user=0.53 sys=0.00, real=0.14 secs] 
2011-08-11T06:00:01.485+0100: 300599.746: [GC [PSYoungGen: 524160K->0K(524224K)] 4117572K->3873136K(20971456K), 0.3556330 secs] [Times: user=1.76 sys=0.00, real=0.36 secs] 
2011-08-11T06:00:03.040+0100: 300601.301: [GC [PSYoungGen: 524160K->0K(524224K)] 4397296K->4134497K(20971456K), 0.3158950 secs] [Times: user=1.38 sys=0.00, real=0.31 secs] 
2011-08-11T06:00:04.245+0100: 300602.506: [GC [PSYoungGen: 524160K->0K(524224K)] 4658657K->4476565K(20971456K), 0.4125670 secs] [Times: user=1.77 sys=0.00, real=0.41 secs] 
2011-08-11T06:00:08.561+0100: 300606.823: [GC [PSYoungGen: 524160K->0K(524224K)] 5000725K->4859290K(20971456K), 0.4640810 secs] [Times: user=1.83 sys=0.00, real=0.46 secs] 
2011-08-11T06:06:31.110+0100: 300989.372: [GC [PSYoungGen: 524160K->0K(524224K)] 5383450K->4884227K(20971456K), 0.0825910 secs] [Times: user=0.31 sys=0.00, real=0.09 secs] 
2011-08-11T06:22:29.197+0100: 301947.459: [GC [PSYoungGen: 524160K->0K(524224K)] 5408387K->4885851K(20971456K), 0.0395600 secs] [Times: user=0.15 sys=0.00, real=0.04 secs] 
2011-08-11T06:38:18.342+0100: 302896.603: [GC [PSYoungGen: 524160K->0K(524224K)] 5410011K->4887515K(20971456K), 0.0398370 secs] [Times: user=0.15 sys=0.00, real=0.04 secs] 
2011-08-11T06:54:19.431+0100: 303857.693: [GC [PSYoungGen: 524160K->0K(524224K)] 5411675K->4888027K(20971456K), 0.0408280 secs] [Times: user=0.15 sys=0.01, real=0.04 secs] 
2011-08-11T07:04:58.985+0100: 304497.247: [GC [PSYoungGen: 524160K->0K(524224K)] 5412187K->4892212K(20971456K), 0.0416670 secs] [Times: user=0.16 sys=0.00, real=0.04 secs] 
2011-08-11T07:13:52.118+0100: 305030.380: [GC [PSYoungGen: 524160K->0K(524224K)] 5416372K->4896368K(20971456K), 0.0441970 secs] [Times: user=0.16 sys=0.00, real=0.05 secs] 
2011-08-11T07:23:52.305+0100: 305630.566: [GC [PSYoungGen: 524160K->0K(524224K)] 5420528K->4899560K(20971456K), 0.0412490 secs] [Times: user=0.16 sys=0.00, real=0.04 secs] 
2011-08-11T07:30:02.496+0100: 306000.757: [GC [PSYoungGen: 524160K->0K(524224K)] 5423720K->4905224K(20971456K), 0.0423470 secs] [Times: user=0.17 sys=0.00, real=0.05 secs] 
2011-08-11T07:39:34.292+0100: 306572.554: [GC [PSYoungGen: 524160K->0K(524224K)] 5429384K->4908528K(20971456K), 0.0413870 secs] [Times: user=0.15 sys=0.00, real=0.04 secs] 
2011-08-11T07:48:24.647+0100: 307102.909: [GC [PSYoungGen: 524160K->0K(524224K)] 5432688K->4912072K(20971456K), 0.0412550 secs] [Times: user=0.16 sys=0.00, real=0.04 secs] 
2011-08-11T07:58:32.590+0100: 307710.851: [GC [PSYoungGen: 524160K->0K(524224K)] 5436232K->4915600K(20971456K), 0.0418730 secs] [Times: user=0.17 sys=0.00, real=0.04 secs] 
2011-08-11T08:04:16.037+0100: 308054.298: [GC [PSYoungGen: 524160K->0K(524224K)] 5439760K->4920424K(20971456K), 0.0418400 secs] [Times: user=0.16 sys=0.00, real=0.05 secs] 
2011-08-11T08:08:18.372+0100: 308296.634: [GC [PSYoungGen: 524160K->0K(524224K)] 5444584K->4926464K(20971456K), 0.0426020 secs] [Times: user=0.17 sys=0.00, real=0.05 secs] 
2011-08-11T08:13:26.004+0100: 308604.266: [GC [PSYoungGen: 524160K->0K(524224K)] 5450624K->4931597K(20971456K), 0.0417290 secs] [Times: user=0.16 sys=0.00, real=0.04 secs] 
2011-08-11T08:16:11.483+0100: 308769.744: [GC [PSYoungGen: 524160K->0K(524224K)] 5455757K->4938517K(20971456K), 0.0431710 secs] [Times: user=0.16 sys=0.00, real=0.05 secs] 
2011-08-11T08:20:25.282+0100: 309023.543: [GC [PSYoungGen: 524160K->0K(524224K)] 5462677K->4944037K(20971456K), 0.0427170 secs] [Times: user=0.16 sys=0.00, real=0.05 secs] 
2011-08-11T08:25:14.582+0100: 309312.844: [GC [PSYoungGen: 524160K->0K(524224K)] 5468197K->4949781K(20971456K), 0.0414300 secs] [Times: user=0.17 sys=0.00, real=0.04 secs] 
2011-08-11T08:28:52.203+0100: 309530.465: [GC [PSYoungGen: 524160K->0K(524224K)] 5473941K->4955776K(20971456K), 0.0427960 secs] [Times: user=0.16 sys=0.00, real=0.04 secs] 
2011-08-11T08:32:28.366+0100: 309746.628: [GC [PSYoungGen: 524160K->0K(524224K)] 5479936K->4961832K(20971456K), 0.0428230 secs] [Times: user=0.16 sys=0.00, real=0.04 secs] 
2011-08-11T08:36:49.818+0100: 310008.079: [GC [PSYoungGen: 524160K->0K(524224K)] 5485992K->4967673K(20971456K), 0.0414350 secs] [Times: user=0.16 sys=0.00, real=0.04 secs] 
2011-08-11T08:40:48.542+0100: 310246.804: [GC [PSYoungGen: 524160K->0K(524224K)] 5491833K->4974014K(20971456K), 0.0436280 secs] [Times: user=0.17 sys=0.00, real=0.05 secs] 
2011-08-11T08:44:35.324+0100: 310473.585: [GC [PSYoungGen: 524160K->0K(524224K)] 5498174K->4983018K(20971456K), 0.0515850 secs] [Times: user=0.21 sys=0.00, real=0.05 secs] 
2011-08-11T08:47:19.148+0100: 310637.409: [GC [PSYoungGen: 524160K->0K(524224K)] 5507178K->4990026K(20971456K), 0.0422270 secs] [Times: user=0.17 sys=0.00, real=0.05 secs] 
2011-08-11T08:52:15.903+0100: 310934.165: [GC [PSYoungGen: 524160K->0K(524224K)] 5514186K->4995618K(20971456K), 0.0421520 secs] [Times: user=0.17 sys=0.00, real=0.04 secs] 
2011-08-11T08:57:05.529+0100: 311223.790: [GC [PSYoungGen: 524160K->0K(524224K)] 5519778K->5001498K(20971456K), 0.0433370 secs] [Times: user=0.17 sys=0.00, real=0.05 secs] 
2011-08-11T09:02:01.436+0100: 311519.697: [GC [PSYoungGen: 524160K->0K(524224K)] 5525658K->5006882K(20971456K), 0.0422690 secs] [Times: user=0.17 sys=0.00, real=0.05 secs] 
2011-08-11T09:07:23.446+0100: 311841.707: [GC [PSYoungGen: 524160K->0K(524224K)] 5531042K->5012010K(20971456K), 0.0432620 secs] [Times: user=0.17 sys=0.00, real=0.05 secs] 
2011-08-11T09:12:47.268+0100: 312165.529: [GC [PSYoungGen: 524160K->0K(524224K)] 5536170K->5017386K(20971456K), 0.0421010 secs] [Times: user=0.16 sys=0.00, real=0.04 secs] 
2011-08-11T09:17:35.426+0100: 312453.688: [GC [PSYoungGen: 524160K->0K(524224K)] 5541546K->5022950K(20971456K), 0.0437330 secs] [Times: user=0.17 sys=0.00, real=0.04 secs] 
2011-08-11T09:21:08.359+0100: 312666.621: [GC [PSYoungGen: 524160K->0K(524224K)] 5547110K->5029874K(20971456K), 0.0422400 secs] [Times: user=0.17 sys=0.00, real=0.04 secs] 
2011-08-11T09:26:56.145+0100: 313014.406: [GC [PSYoungGen: 524160K->0K(524224K)] 5554034K->5035221K(20971456K), 0.0424610 secs] [Times: user=0.17 sys=0.00, real=0.04 secs] 
2011-08-11T09:33:33.213+0100: 313411.475: [GC [PSYoungGen: 524160K->0K(524224K)] 5559381K->5039919K(20971456K), 0.0435390 secs] [Times: user=0.17 sys=0.00, real=0.04 secs] 
2011-08-11T09:38:55.982+0100: 313734.243: [GC [PSYoungGen: 524160K->0K(524224K)] 5564079K->5045231K(20971456K), 0.0437530 secs] [Times: user=0.17 sys=0.00, real=0.04 secs] 
2011-08-11T09:43:35.216+0100: 314013.478: [GC [PSYoungGen: 524160K->0K(524224K)] 5569391K->5051055K(20971456K), 0.0424230 secs] [Times: user=0.16 sys=0.00, real=0.04 secs] 
2011-08-11T09:47:37.970+0100: 314256.232: [GC [PSYoungGen: 524160K->0K(524224K)] 5575215K->5057255K(20971456K), 0.0433600 secs] [Times: user=0.17 sys=0.00, real=0.04 secs] 
2011-08-11T09:54:07.423+0100: 314645.684: [GC [PSYoungGen: 524160K->0K(524224K)] 5581415K->5062119K(20971456K), 0.0425010 secs] [Times: user=0.17 sys=0.00, real=0.05 secs] 
2011-08-11T10:00:36.668+0100: 315034.929: [GC [PSYoungGen: 524160K->0K(524224K)] 5586279K->5067191K(20971456K), 0.0438270 secs] [Times: user=0.17 sys=0.00, real=0.04 secs] 
2011-08-11T10:06:56.159+0100: 315414.421: [GC [PSYoungGen: 524160K->0K(524224K)] 5591351K->5072143K(20971456K), 0.0435720 secs] [Times: user=0.17 sys=0.00, real=0.05 secs] 
2011-08-11T10:13:53.052+0100: 315831.314: [GC [PSYoungGen: 524160K->0K(524224K)] 5596303K->5076711K(20971456K), 0.0435640 secs] [Times: user=0.16 sys=0.00, real=0.04 secs] 
2011-08-11T10:19:06.785+0100: 316145.047: [GC [PSYoungGen: 524160K->0K(524224K)] 5600871K->5082453K(20971456K), 0.0426800 secs] [Times: user=0.17 sys=0.00, real=0.04 secs] 
2011-08-11T10:29:15.909+0100: 316754.170: [GC [PSYoungGen: 524160K->0K(524224K)] 5606613K->5085937K(20971456K), 0.0421960 secs] [Times: user=0.17 sys=0.00, real=0.04 secs] 
2011-08-11T10:35:05.973+0100: 317104.234: [GC [PSYoungGen: 524160K->0K(524224K)] 5610097K->5091145K(20971456K), 0.0421860 secs] [Times: user=0.17 sys=0.00, real=0.04 secs] 
2011-08-11T10:41:08.470+0100: 317466.731: [GC [PSYoungGen: 524160K->0K(524224K)] 5615305K->5096189K(20971456K), 0.0424800 secs] [Times: user=0.16 sys=0.00, real=0.05 secs] 
2011-08-11T10:46:59.121+0100: 317817.382: [GC [PSYoungGen: 524160K->0K(524224K)] 5620349K->5101085K(20971456K), 0.0435440 secs] [Times: user=0.16 sys=0.00, real=0.04 secs] 
2011-08-11T10:51:53.550+0100: 318111.811: [GC [PSYoungGen: 524160K->0K(524224K)] 5625245K->5106325K(20971456K), 0.0425480 secs] [Times: user=0.17 sys=0.00, real=0.04 secs] 
2011-08-11T10:57:09.064+0100: 318427.325: [GC [PSYoungGen: 524160K->0K(524224K)] 5630485K->5111405K(20971456K), 0.0430390 secs] [Times: user=0.17 sys=0.00, real=0.04 secs] 
2011-08-11T11:00:09.584+0100: 318607.846: [GC [PSYoungGen: 524160K->0K(524224K)] 5635565K->5117909K(20971456K), 0.0424920 secs] [Times: user=0.17 sys=0.00, real=0.04 secs] 
2011-08-11T11:03:03.414+0100: 318781.676: [GC [PSYoungGen: 524160K->0K(524224K)] 5642069K->5124017K(20971456K), 0.0436500 secs] [Times: user=0.17 sys=0.00, real=0.04 secs] 
2011-08-11T11:05:35.166+0100: 318933.427: [GC [PSYoungGen: 524160K->0K(524224K)] 5648177K->5130793K(20971456K), 0.0439570 secs] [Times: user=0.18 sys=0.00, real=0.05 secs] 
2011-08-11T11:08:47.653+0100: 319125.914: [GC [PSYoungGen: 524160K->0K(524224K)] 5654953K->5137205K(20971456K), 0.0431520 secs] [Times: user=0.17 sys=0.00, real=0.05 secs] 
2011-08-11T11:12:13.226+0100: 319331.487: [GC [PSYoungGen: 524160K->0K(524224K)] 5661365K->5143545K(20971456K), 0.0427490 secs] [Times: user=0.17 sys=0.00, real=0.04 secs] 
2011-08-11T11:14:33.198+0100: 319471.460: [GC [PSYoungGen: 524160K->0K(524224K)] 5667705K->5151030K(20971456K), 0.0428750 secs] [Times: user=0.17 sys=0.00, real=0.04 secs] 
2011-08-11T11:19:19.767+0100: 319758.029: [GC [PSYoungGen: 524160K->0K(524224K)] 5675190K->5157010K(20971456K), 0.0439290 secs] [Times: user=0.16 sys=0.00, real=0.04 secs] 
2011-08-11T11:25:01.243+0100: 320099.505: [GC [PSYoungGen: 524160K->0K(524224K)] 5681170K->5161842K(20971456K), 0.0427870 secs] [Times: user=0.16 sys=0.00, real=0.04 secs] 
2011-08-11T11:28:00.382+0100: 320278.644: [GC [PSYoungGen: 524160K->0K(524224K)] 5686002K->5169478K(20971456K), 0.0480630 secs] [Times: user=0.19 sys=0.00, real=0.05 secs] 
2011-08-11T11:33:22.147+0100: 320600.408: [GC [PSYoungGen: 524160K->0K(524224K)] 5693638K->5174854K(20971456K), 0.0427500 secs] [Times: user=0.17 sys=0.00, real=0.04 secs] 
2011-08-11T11:39:51.259+0100: 320989.520: [GC [PSYoungGen: 524160K->0K(524224K)] 5699014K->5179966K(20971456K), 0.0429240 secs] [Times: user=0.17 sys=0.00, real=0.05 secs] 
2011-08-11T11:42:24.455+0100: 321142.716: [GC [PSYoungGen: 524160K->0K(524224K)] 5704126K->5187130K(20971456K), 0.0437800 secs] [Times: user=0.18 sys=0.00, real=0.04 secs] 
2011-08-11T11:47:28.330+0100: 321446.591: [GC [PSYoungGen: 524160K->0K(524224K)] 5711290K->5192762K(20971456K), 0.0426060 secs] [Times: user=0.17 sys=0.00, real=0.04 secs] 
2011-08-11T11:54:09.506+0100: 321847.767: [GC [PSYoungGen: 524160K->0K(524224K)] 5716922K->5197435K(20971456K), 0.0441480 secs] [Times: user=0.17 sys=0.00, real=0.04 secs] 
2011-08-11T12:01:17.503+0100: 322275.764: [GC [PSYoungGen: 524160K->0K(524224K)] 5721595K->5202035K(20971456K), 0.0437770 secs] [Times: user=0.17 sys=0.00, real=0.05 secs] 
2011-08-11T12:05:36.248+0100: 322534.510: [GC [PSYoungGen: 524160K->0K(524224K)] 5726195K->5208283K(20971456K), 0.0439160 secs] [Times: user=0.17 sys=0.00, real=0.04 secs] 
2011-08-11T12:11:06.125+0100: 322864.387: [GC [PSYoungGen: 524160K->0K(524224K)] 5732443K->5213715K(20971456K), 0.0438670 secs] [Times: user=0.17 sys=0.00, real=0.05 secs] 
2011-08-11T12:13:52.810+0100: 323031.072: [GC [PSYoungGen: 524160K->0K(524224K)] 5737875K->5220923K(20971456K), 0.0440380 secs] [Times: user=0.18 sys=0.00, real=0.04 secs] 
2011-08-11T12:18:32.552+0100: 323310.814: [GC [PSYoungGen: 524160K->0K(524224K)] 5745083K->5226432K(20971456K), 0.0441310 secs] [Times: user=0.17 sys=0.00, real=0.05 secs] 
2011-08-11T12:24:01.412+0100: 323639.673: [GC [PSYoungGen: 524160K->0K(524224K)] 5750592K->5231488K(20971456K), 0.0426260 secs] [Times: user=0.17 sys=0.00, real=0.04 secs] 
2011-08-11T12:29:19.303+0100: 323957.564: [GC [PSYoungGen: 524160K->0K(524224K)] 5755648K->5236668K(20971456K), 0.0431810 secs] [Times: user=0.17 sys=0.01, real=0.04 secs] 
2011-08-11T12:33:04.299+0100: 324182.561: [GC [PSYoungGen: 524160K->0K(524224K)] 5760828K->5242436K(20971456K), 0.0439960 secs] [Times: user=0.17 sys=0.00, real=0.04 secs] 
2011-08-11T12:36:39.119+0100: 324397.381: [GC [PSYoungGen: 524160K->0K(524224K)] 5766596K->5248832K(20971456K), 0.0438110 secs] [Times: user=0.17 sys=0.00, real=0.05 secs] 
2011-08-11T12:39:31.457+0100: 324569.718: [GC [PSYoungGen: 524160K->0K(524224K)] 5772992K->5256009K(20971456K), 0.0496570 secs] [Times: user=0.20 sys=0.01, real=0.05 secs] 
2011-08-11T12:43:41.872+0100: 324820.133: [GC [PSYoungGen: 524160K->0K(524224K)] 5780169K->5261586K(20971456K), 0.0442410 secs] [Times: user=0.17 sys=0.00, real=0.04 secs] 
2011-08-11T12:46:59.890+0100: 325018.151: [GC [PSYoungGen: 524160K->0K(524224K)] 5785746K->5268123K(20971456K), 0.0437310 secs] [Times: user=0.18 sys=0.00, real=0.04 secs] 
2011-08-11T12:50:27.583+0100: 325225.844: [GC [PSYoungGen: 524160K->0K(524224K)] 5792283K->5274172K(20971456K), 0.0427260 secs] [Times: user=0.17 sys=0.00, real=0.04 secs] 
2011-08-11T12:54:08.140+0100: 325446.402: [GC [PSYoungGen: 524160K->0K(524224K)] 5798332K->5279936K(20971456K), 0.0438510 secs] [Times: user=0.17 sys=0.00, real=0.04 secs] 
2011-08-11T12:57:09.570+0100: 325627.831: [GC [PSYoungGen: 524160K->0K(524224K)] 5804096K->5286820K(20971456K), 0.0425490 secs] [Times: user=0.17 sys=0.00, real=0.04 secs] 
2011-08-11T13:02:59.293+0100: 325977.555: [GC [PSYoungGen: 524160K->0K(524224K)] 5810980K->5291820K(20971456K), 0.0437620 secs] [Times: user=0.17 sys=0.00, real=0.04 secs] 
2011-08-11T13:07:41.242+0100: 326259.503: [GC [PSYoungGen: 524160K->0K(524224K)] 5815980K->5297228K(20971456K), 0.0426140 secs] [Times: user=0.17 sys=0.00, real=0.05 secs] 
2011-08-11T13:11:50.022+0100: 326508.283: [GC [PSYoungGen: 524160K->0K(524224K)] 5821388K->5303252K(20971456K), 0.0437040 secs] [Times: user=0.17 sys=0.00, real=0.05 secs] 
2011-08-11T13:15:05.170+0100: 326703.432: [GC [PSYoungGen: 524160K->0K(524224K)] 5827412K->5309846K(20971456K), 0.0425450 secs] [Times: user=0.17 sys=0.00, real=0.04 secs] 
2011-08-11T13:18:06.630+0100: 326884.892: [GC [PSYoungGen: 524099K->0K(524224K)] 5833945K->5316910K(20971456K), 0.0443140 secs] [Times: user=0.18 sys=0.00, real=0.05 secs] 
2011-08-11T13:22:06.207+0100: 327124.468: [GC [PSYoungGen: 524160K->0K(524224K)] 5841070K->5322931K(20971456K), 0.0434190 secs] [Times: user=0.18 sys=0.00, real=0.05 secs] 
2011-08-11T13:25:15.099+0100: 327313.360: [GC [PSYoungGen: 524160K->0K(524224K)] 5847091K->5329411K(20971456K), 0.0446090 secs] [Times: user=0.18 sys=0.00, real=0.04 secs] 
2011-08-11T13:30:40.403+0100: 327638.665: [GC [PSYoungGen: 524160K->0K(524224K)] 5853571K->5334371K(20971456K), 0.0433920 secs] [Times: user=0.17 sys=0.00, real=0.04 secs] 
2011-08-11T13:33:26.408+0100: 327804.670: [GC [PSYoungGen: 524160K->0K(524224K)] 5858531K->5340679K(20971456K), 0.0440440 secs] [Times: user=0.18 sys=0.00, real=0.05 secs] 
2011-08-11T13:38:12.092+0100: 328090.354: [GC [PSYoungGen: 524160K->0K(524224K)] 5864839K->5346223K(20971456K), 0.0432470 secs] [Times: user=0.17 sys=0.00, real=0.05 secs] 
2011-08-11T13:43:18.273+0100: 328396.534: [GC [PSYoungGen: 524160K->0K(524224K)] 5870383K->5351691K(20971456K), 0.0444080 secs] [Times: user=0.17 sys=0.00, real=0.04 secs] 
2011-08-11T13:46:59.116+0100: 328617.378: [GC [PSYoungGen: 524160K->0K(524224K)] 5875851K->5357833K(20971456K), 0.0443980 secs] [Times: user=0.18 sys=0.00, real=0.04 secs] 
2011-08-11T13:52:05.008+0100: 328923.270: [GC [PSYoungGen: 524160K->0K(524224K)] 5881993K->5363274K(20971456K), 0.0439540 secs] [Times: user=0.18 sys=0.00, real=0.05 secs] 
2011-08-11T13:56:25.809+0100: 329184.070: [GC [PSYoungGen: 524160K->0K(524224K)] 5887434K->5369140K(20971456K), 0.0430140 secs] [Times: user=0.18 sys=0.00, real=0.05 secs] 
2011-08-11T14:00:13.143+0100: 329411.405: [GC [PSYoungGen: 524160K->0K(524224K)] 5893300K->5374772K(20971456K), 0.0429450 secs] [Times: user=0.17 sys=0.00, real=0.05 secs] 
2011-08-11T14:02:54.070+0100: 329572.331: [GC [PSYoungGen: 524160K->0K(524224K)] 5898932K->5385468K(20971456K), 0.0491650 secs] [Times: user=0.19 sys=0.00, real=0.05 secs] 
2011-08-11T14:05:29.305+0100: 329727.566: [GC [PSYoungGen: 524160K->0K(524224K)] 5909628K->5392408K(20971456K), 0.0469840 secs] [Times: user=0.19 sys=0.00, real=0.05 secs] 
2011-08-11T14:07:53.217+0100: 329871.479: [GC [PSYoungGen: 524160K->0K(524224K)] 5916568K->5399904K(20971456K), 0.0476750 secs] [Times: user=0.19 sys=0.00, real=0.05 secs] 
2011-08-11T14:10:25.438+0100: 330023.700: [GC [PSYoungGen: 524160K->0K(524224K)] 5924064K->5406948K(20971456K), 0.0484250 secs] [Times: user=0.19 sys=0.00, real=0.05 secs] 
2011-08-11T14:14:16.408+0100: 330254.669: [GC [PSYoungGen: 524160K->0K(524224K)] 5931108K->5412976K(20971456K), 0.0484570 secs] [Times: user=0.20 sys=0.00, real=0.05 secs] 
2011-08-11T14:17:47.742+0100: 330466.003: [GC [PSYoungGen: 524160K->0K(524224K)] 5937136K->5419316K(20971456K), 0.0497310 secs] [Times: user=0.19 sys=0.01, real=0.05 secs] 
2011-08-11T14:20:49.662+0100: 330647.923: [GC [PSYoungGen: 524160K->0K(524224K)] 5943476K->5425441K(20971456K), 0.0486250 secs] [Times: user=0.20 sys=0.00, real=0.05 secs] 
2011-08-11T14:26:19.036+0100: 330977.297: [GC [PSYoungGen: 524160K->0K(524224K)] 5949601K->5430529K(20971456K), 0.0485730 secs] [Times: user=0.19 sys=0.00, real=0.05 secs] 
2011-08-11T14:30:14.808+0100: 331213.070: [GC [PSYoungGen: 524160K->0K(524224K)] 5954689K->5436389K(20971456K), 0.0489730 secs] [Times: user=0.19 sys=0.00, real=0.04 secs] 
2011-08-11T14:34:53.035+0100: 331491.297: [GC [PSYoungGen: 524160K->0K(524224K)] 5960549K->5441877K(20971456K), 0.0474070 secs] [Times: user=0.19 sys=0.00, real=0.05 secs] 
2011-08-11T14:38:06.286+0100: 331684.547: [GC [PSYoungGen: 524160K->0K(524224K)] 5966037K->5447917K(20971456K), 0.0504640 secs] [Times: user=0.20 sys=0.00, real=0.05 secs] 
2011-08-11T14:41:48.496+0100: 331906.757: [GC [PSYoungGen: 524160K->0K(524224K)] 5972077K->5453363K(20971456K), 0.0484260 secs] [Times: user=0.19 sys=0.00, real=0.05 secs] 
2011-08-11T14:46:07.534+0100: 332165.796: [GC [PSYoungGen: 524160K->0K(524224K)] 5977523K->5458599K(20971456K), 0.0471890 secs] [Times: user=0.18 sys=0.00, real=0.05 secs] 
2011-08-11T14:49:35.766+0100: 332374.027: [GC [PSYoungGen: 524160K->0K(524224K)] 5982759K->5467236K(20971456K), 0.0522550 secs] [Times: user=0.21 sys=0.00, real=0.05 secs] 
2011-08-11T14:52:01.199+0100: 332519.460: [GC [PSYoungGen: 524160K->0K(524224K)] 5991396K->5473891K(20971456K), 0.0520300 secs] [Times: user=0.21 sys=0.00, real=0.05 secs] 
2011-08-11T14:55:15.477+0100: 332713.738: [GC [PSYoungGen: 524160K->0K(524224K)] 5998051K->5480007K(20971456K), 0.0472950 secs] [Times: user=0.19 sys=0.00, real=0.05 secs] 
2011-08-11T14:58:43.148+0100: 332921.410: [GC [PSYoungGen: 524160K->0K(524224K)] 6004167K->5485824K(20971456K), 0.0484430 secs] [Times: user=0.19 sys=0.00, real=0.05 secs] 
2011-08-11T15:02:34.845+0100: 333153.107: [GC [PSYoungGen: 524160K->0K(524224K)] 6009984K->5491332K(20971456K), 0.0493030 secs] [Times: user=0.19 sys=0.00, real=0.05 secs] 
2011-08-11T15:06:58.030+0100: 333416.292: [GC [PSYoungGen: 524160K->0K(524224K)] 6015492K->5496724K(20971456K), 0.0484360 secs] [Times: user=0.19 sys=0.00, real=0.05 secs] 
2011-08-11T15:10:37.696+0100: 333635.958: [GC [PSYoungGen: 524160K->0K(524224K)] 6020884K->5502514K(20971456K), 0.0500680 secs] [Times: user=0.20 sys=0.00, real=0.05 secs] 
2011-08-11T15:15:23.916+0100: 333922.178: [GC [PSYoungGen: 524160K->0K(524224K)] 6026674K->5507668K(20971456K), 0.0486910 secs] [Times: user=0.20 sys=0.00, real=0.05 secs] 
2011-08-11T15:20:13.995+0100: 334212.256: [GC [PSYoungGen: 524160K->0K(524224K)] 6031828K->5512689K(20971456K), 0.0474990 secs] [Times: user=0.19 sys=0.00, real=0.05 secs] 
2011-08-11T15:24:10.725+0100: 334448.987: [GC [PSYoungGen: 524160K->0K(524224K)] 6036849K->5518294K(20971456K), 0.0486260 secs] [Times: user=0.19 sys=0.00, real=0.05 secs] 
2011-08-11T15:30:00.833+0100: 334799.094: [GC [PSYoungGen: 524160K->0K(524224K)] 6042454K->5523068K(20971456K), 0.0501270 secs] [Times: user=0.20 sys=0.00, real=0.05 secs] 
2011-08-11T15:34:07.154+0100: 335045.415: [GC [PSYoungGen: 524160K->0K(524224K)] 6047228K->5528424K(20971456K), 0.0502320 secs] [Times: user=0.20 sys=0.00, real=0.05 secs] 
2011-08-11T15:38:18.106+0100: 335296.368: [GC [PSYoungGen: 524160K->0K(524224K)] 6052584K->5533876K(20971456K), 0.0477280 secs] [Times: user=0.19 sys=0.00, real=0.04 secs] 
2011-08-11T15:43:27.915+0100: 335606.176: [GC [PSYoungGen: 524160K->0K(524224K)] 6058036K->5538704K(20971456K), 0.0492100 secs] [Times: user=0.19 sys=0.00, real=0.05 secs] 
2011-08-11T15:49:05.514+0100: 335943.775: [GC [PSYoungGen: 524160K->0K(524224K)] 6062864K->5543488K(20971456K), 0.0472300 secs] [Times: user=0.18 sys=0.00, real=0.05 secs] 
2011-08-11T15:54:05.174+0100: 336243.435: [GC [PSYoungGen: 524160K->0K(524224K)] 6067648K->5548340K(20971456K), 0.0492340 secs] [Times: user=0.19 sys=0.00, real=0.05 secs] 
2011-08-11T15:59:21.573+0100: 336559.835: [GC [PSYoungGen: 524160K->0K(524224K)] 6072500K->5557176K(20971456K), 0.0668530 secs] [Times: user=0.27 sys=0.00, real=0.07 secs] 
2011-08-11T16:04:54.886+0100: 336893.148: [GC [PSYoungGen: 524160K->0K(524224K)] 6081336K->5561772K(20971456K), 0.0507190 secs] [Times: user=0.20 sys=0.00, real=0.05 secs] 
2011-08-11T16:10:38.898+0100: 337237.159: [GC [PSYoungGen: 524160K->0K(524224K)] 6085932K->5566452K(20971456K), 0.0510260 secs] [Times: user=0.20 sys=0.00, real=0.05 secs] 
2011-08-11T16:14:51.794+0100: 337490.055: [GC [PSYoungGen: 524160K->0K(524224K)] 6090612K->5571776K(20971456K), 0.0517760 secs] [Times: user=0.20 sys=0.00, real=0.05 secs] 
2011-08-11T16:19:43.122+0100: 337781.383: [GC [PSYoungGen: 524160K->0K(524224K)] 6095936K->5576783K(20971456K), 0.0487770 secs] [Times: user=0.20 sys=0.00, real=0.05 secs] 
2011-08-11T16:27:19.352+0100: 338237.614: [GC [PSYoungGen: 524160K->0K(524224K)] 6100943K->5581151K(20971456K), 0.0502950 secs] [Times: user=0.20 sys=0.00, real=0.05 secs] 
2011-08-11T16:35:16.510+0100: 338714.771: [GC [PSYoungGen: 524160K->0K(524224K)] 6105311K->5584931K(20971456K), 0.0485830 secs] [Times: user=0.20 sys=0.00, real=0.05 secs] 
2011-08-11T16:45:09.996+0100: 339308.257: [GC [PSYoungGen: 524160K->0K(524224K)] 6109091K->5588639K(20971456K), 0.0498640 secs] [Times: user=0.19 sys=0.01, real=0.05 secs] 
2011-08-11T16:55:39.475+0100: 339937.737: [GC [PSYoungGen: 524160K->0K(524224K)] 6112799K->5591567K(20971456K), 0.0484850 secs] [Times: user=0.19 sys=0.00, real=0.05 secs] 
2011-08-11T17:03:56.115+0100: 340434.377: [GC [PSYoungGen: 524160K->0K(524224K)] 6115727K->5595495K(20971456K), 0.0491990 secs] [Times: user=0.19 sys=0.00, real=0.05 secs] 
2011-08-11T17:13:21.607+0100: 340999.868: [GC [PSYoungGen: 524160K->0K(524224K)] 6119655K->5598879K(20971456K), 0.0482950 secs] [Times: user=0.19 sys=0.00, real=0.05 secs] 
2011-08-11T17:28:20.516+0100: 341898.778: [GC [PSYoungGen: 524160K->0K(524224K)] 6123039K->5600087K(20971456K), 0.0503080 secs] [Times: user=0.19 sys=0.00, real=0.05 secs] 
2011-08-11T17:43:38.345+0100: 342816.607: [GC [PSYoungGen: 524160K->0K(524224K)] 6124247K->5601210K(20971456K), 0.0476710 secs] [Times: user=0.18 sys=0.00, real=0.05 secs] 
2011-08-11T17:58:22.118+0100: 343700.379: [GC [PSYoungGen: 524160K->0K(524224K)] 6125370K->5602394K(20971456K), 0.0493400 secs] [Times: user=0.19 sys=0.00, real=0.05 secs] 
2011-08-11T18:11:07.243+0100: 344465.505: [GC [PSYoungGen: 524160K->0K(524224K)] 6126554K->5604902K(20971456K), 0.0484830 secs] [Times: user=0.19 sys=0.00, real=0.05 secs] 
2011-08-11T18:24:15.546+0100: 345253.808: [GC [PSYoungGen: 524160K->0K(524224K)] 6129062K->5606630K(20971456K), 0.0501260 secs] [Times: user=0.20 sys=0.00, real=0.05 secs] 
2011-08-11T18:39:51.648+0100: 346189.909: [GC [PSYoungGen: 524160K->0K(524224K)] 6130790K->5607518K(20971456K), 0.0480390 secs] [Times: user=0.18 sys=0.00, real=0.05 secs] 
2011-08-11T18:55:53.404+0100: 347151.666: [GC [PSYoungGen: 524160K->0K(524224K)] 6131678K->5608158K(20971456K), 0.0495210 secs] [Times: user=0.19 sys=0.00, real=0.05 secs] 
2011-08-11T19:12:02.677+0100: 348120.939: [GC [PSYoungGen: 524160K->0K(524224K)] 6132318K->5608798K(20971456K), 0.0491170 secs] [Times: user=0.19 sys=0.00, real=0.04 secs] 
2011-08-11T19:28:39.866+0100: 349118.127: [GC [PSYoungGen: 524160K->0K(524224K)] 6132958K->5609470K(20971456K), 0.0483310 secs] [Times: user=0.19 sys=0.00, real=0.05 secs] 
2011-08-11T19:45:03.939+0100: 350102.201: [GC [PSYoungGen: 524160K->0K(524224K)] 6133630K->5610030K(20971456K), 0.0492210 secs] [Times: user=0.19 sys=0.00, real=0.05 secs] 
2011-08-11T20:01:10.031+0100: 351068.292: [GC [PSYoungGen: 524160K->0K(524224K)] 6134190K->5610646K(20971456K), 0.0499280 secs] [Times: user=0.19 sys=0.01, real=0.05 secs] 
2011-08-11T20:17:26.758+0100: 352045.020: [GC [PSYoungGen: 524160K->0K(524224K)] 6134806K->5611158K(20971456K), 0.0473940 secs] [Times: user=0.18 sys=0.00, real=0.05 secs] 
2011-08-11T20:33:29.496+0100: 353007.757: [GC [PSYoungGen: 524160K->0K(524224K)] 6135318K->5611702K(20971456K), 0.0494420 secs] [Times: user=0.19 sys=0.01, real=0.05 secs] 
2011-08-11T20:49:46.377+0100: 353984.639: [GC [PSYoungGen: 524160K->0K(524224K)] 6135862K->5612222K(20971456K), 0.0483060 secs] [Times: user=0.18 sys=0.00, real=0.05 secs] 
2011-08-11T21:06:03.821+0100: 354962.082: [GC [PSYoungGen: 524160K->0K(524224K)] 6136382K->5612734K(20971456K), 0.0483730 secs] [Times: user=0.18 sys=0.00, real=0.04 secs] 
2011-08-11T21:22:20.868+0100: 355939.130: [GC [PSYoungGen: 524160K->0K(524224K)] 6136894K->5613254K(20971456K), 0.0482980 secs] [Times: user=0.18 sys=0.00, real=0.05 secs] 
2011-08-11T21:38:40.220+0100: 356918.481: [GC [PSYoungGen: 524160K->0K(524224K)] 6137414K->5613758K(20971456K), 0.0490060 secs] [Times: user=0.18 sys=0.00, real=0.05 secs] 
2011-08-11T21:54:39.417+0100: 357877.678: [GC [PSYoungGen: 524160K->0K(524224K)] 6137918K->5614230K(20971456K), 0.0480360 secs] [Times: user=0.19 sys=0.00, real=0.05 secs] 
2011-08-11T22:11:38.927+0100: 358897.188: [GC [PSYoungGen: 524160K->0K(524224K)] 6138390K->5614646K(20971456K), 0.0465950 secs] [Times: user=0.18 sys=0.00, real=0.05 secs] 
2011-08-11T22:29:17.668+0100: 359955.930: [GC [PSYoungGen: 524160K->0K(524224K)] 6138806K->5615094K(20971456K), 0.0477960 secs] [Times: user=0.18 sys=0.00, real=0.05 secs] 
2011-08-11T22:46:34.496+0100: 360992.757: [GC [PSYoungGen: 524160K->0K(524224K)] 6139254K->5615534K(20971456K), 0.0477100 secs] [Times: user=0.18 sys=0.00, real=0.05 secs] 
2011-08-11T23:00:00.489+0100: 361798.750: [GC [PSYoungGen: 524160K->0K(524224K)] 6139694K->5616606K(20971456K), 0.0483290 secs] [Times: user=0.19 sys=0.00, real=0.05 secs] 
2011-08-11T23:20:32.424+0100: 363030.685: [GC [PSYoungGen: 524160K->0K(524224K)] 6140766K->5618502K(20971456K), 0.0518530 secs] [Times: user=0.20 sys=0.01, real=0.06 secs] 
2011-08-11T23:30:01.553+0100: 363599.814: [GC [PSYoungGen: 524160K->0K(524224K)] 6142662K->5621446K(20971456K), 0.0658040 secs] [Times: user=0.26 sys=0.00, real=0.07 secs] 
2011-08-11T23:30:04.915+0100: 363603.177: [GC [PSYoungGen: 524160K->0K(524224K)] 6145606K->5622822K(20971456K), 0.0595230 secs] [Times: user=0.24 sys=0.00, real=0.06 secs] 
2011-08-11T23:30:07.717+0100: 363605.979: [GC [PSYoungGen: 279365K->0K(524224K)] 7999340K->7722446K(20971456K), 0.0726000 secs] [Times: user=0.27 sys=0.00, real=0.07 secs] 
2011-08-11T23:30:07.790+0100: 363606.052: [Full GC (System) [PSYoungGen: 0K->0K(524224K)] [PSOldGen: 7722446K->4110081K(20447232K)] 7722446K->4110081K(20971456K) [PSPermGen: 149884K->149884K(262144K)], 7.0513060 secs] [Times: user=7.00 sys=0.01, real=7.05 secs] 
2011-08-11T23:47:45.116+0100: 364663.378: [GC [PSYoungGen: 524160K->0K(524224K)] 4634241K->4110514K(20971456K), 0.0523830 secs] [Times: user=0.19 sys=0.00, real=0.06 secs] 
2011-08-11T23:50:00.016+0100: 364798.278: [GC [PSYoungGen: 74372K->0K(524224K)] 4184886K->4110798K(20971456K), 0.0364130 secs] [Times: user=0.13 sys=0.00, real=0.04 secs] 
2011-08-11T23:50:00.053+0100: 364798.314: [Full GC (System) [PSYoungGen: 0K->0K(524224K)] [PSOldGen: 4110798K->3878036K(20447232K)] 4110798K->3878036K(20971456K) [PSPermGen: 149887K->104841K(262144K)], 6.9342000 secs] [Times: user=6.92 sys=0.00, real=6.93 secs] 
2011-08-12T00:07:37.134+0100: 365855.396: [GC [PSYoungGen: 524160K->0K(524224K)] 4402196K->3881396K(20971456K), 0.0416080 secs] [Times: user=0.14 sys=0.00, real=0.04 secs] 
2011-08-12T00:25:00.546+0100: 366898.808: [GC [PSYoungGen: 524160K->0K(524224K)] 4405556K->3881836K(20971456K), 0.0349690 secs] [Times: user=0.12 sys=0.00, real=0.03 secs] 
2011-08-12T00:42:45.818+0100: 367964.080: [GC [PSYoungGen: 524160K->0K(524224K)] 4405996K->3882268K(20971456K), 0.0344430 secs] [Times: user=0.12 sys=0.00, real=0.03 secs] 
2011-08-12T01:00:00.767+0100: 368999.029: [GC [PSYoungGen: 524159K->0K(524224K)] 4406428K->3883038K(20971456K), 0.0346270 secs] [Times: user=0.12 sys=0.00, real=0.03 secs] 
2011-08-12T01:00:06.240+0100: 369004.501: [GC [PSYoungGen: 524160K->0K(524224K)] 4407198K->3890429K(20971456K), 0.0408570 secs] [Times: user=0.14 sys=0.00, real=0.04 secs] 
2011-08-12T01:00:11.599+0100: 369009.861: [GC [PSYoungGen: 524160K->0K(524224K)] 4414589K->3896185K(20971456K), 0.0383860 secs] [Times: user=0.14 sys=0.00, real=0.04 secs] 
2011-08-12T01:00:16.826+0100: 369015.088: [GC [PSYoungGen: 524160K->0K(524224K)] 4420345K->3901802K(20971456K), 0.0388020 secs] [Times: user=0.14 sys=0.00, real=0.03 secs] 
2011-08-12T01:00:21.893+0100: 369020.154: [GC [PSYoungGen: 524160K->0K(524224K)] 4425962K->3907423K(20971456K), 0.0383880 secs] [Times: user=0.14 sys=0.00, real=0.04 secs] 
2011-08-12T01:00:27.067+0100: 369025.328: [GC [PSYoungGen: 524160K->0K(524224K)] 4431583K->3913067K(20971456K), 0.0357570 secs] [Times: user=0.12 sys=0.00, real=0.04 secs] 
2011-08-12T01:00:32.118+0100: 369030.379: [GC [PSYoungGen: 524160K->0K(524224K)] 4437227K->3918599K(20971456K), 0.0382030 secs] [Times: user=0.14 sys=0.00, real=0.04 secs] 
2011-08-12T01:00:37.103+0100: 369035.364: [GC [PSYoungGen: 524160K->0K(524224K)] 4442759K->3924268K(20971456K), 0.0379010 secs] [Times: user=0.14 sys=0.00, real=0.04 secs] 
2011-08-12T01:00:42.035+0100: 369040.297: [GC [PSYoungGen: 524160K->0K(524224K)] 4448428K->3929709K(20971456K), 0.0387690 secs] [Times: user=0.14 sys=0.00, real=0.04 secs] 
2011-08-12T01:00:46.925+0100: 369045.187: [GC [PSYoungGen: 523250K->0K(524224K)] 4452959K->3938087K(20971456K), 0.0383010 secs] [Times: user=0.14 sys=0.00, real=0.04 secs] 
2011-08-12T01:00:52.446+0100: 369050.708: [GC [PSYoungGen: 523995K->0K(524224K)] 4462082K->3947456K(20971456K), 0.0396140 secs] [Times: user=0.14 sys=0.00, real=0.04 secs] 
2011-08-12T01:00:57.691+0100: 369055.952: [GC [PSYoungGen: 524160K->0K(524224K)] 4471616K->3954636K(20971456K), 0.0391870 secs] [Times: user=0.14 sys=0.00, real=0.04 secs] 
2011-08-12T01:01:02.519+0100: 369060.780: [GC [PSYoungGen: 524160K->0K(524224K)] 4478796K->3960129K(20971456K), 0.0382460 secs] [Times: user=0.14 sys=0.00, real=0.04 secs] 
2011-08-12T01:05:16.237+0100: 369314.498: [GC [PSYoungGen: 524160K->0K(524224K)] 4484289K->3964909K(20971456K), 0.0385250 secs] [Times: user=0.14 sys=0.00, real=0.04 secs] 
2011-08-12T01:22:40.823+0100: 370359.085: [GC [PSYoungGen: 524160K->0K(524224K)] 4489069K->3965317K(20971456K), 0.0352160 secs] [Times: user=0.12 sys=0.00, real=0.03 secs] 
2011-08-12T01:40:02.755+0100: 371401.016: [GC [PSYoungGen: 524160K->0K(524224K)] 4489477K->3965789K(20971456K), 0.0348150 secs] [Times: user=0.13 sys=0.00, real=0.03 secs] 
2011-08-12T01:57:28.289+0100: 372446.551: [GC [PSYoungGen: 524160K->0K(524224K)] 4489949K->3966237K(20971456K), 0.0353460 secs] [Times: user=0.13 sys=0.00, real=0.03 secs] 
2011-08-12T02:15:05.853+0100: 373504.114: [GC [PSYoungGen: 524160K->0K(524224K)] 4490397K->3966909K(20971456K), 0.0353730 secs] [Times: user=0.13 sys=0.00, real=0.03 secs] 
2011-08-12T02:32:17.521+0100: 374535.783: [GC [PSYoungGen: 524160K->0K(524224K)] 4491069K->3967349K(20971456K), 0.0356290 secs] [Times: user=0.13 sys=0.00, real=0.04 secs] 
2011-08-12T02:49:54.167+0100: 375592.429: [GC [PSYoungGen: 524160K->0K(524224K)] 4491509K->3967749K(20971456K), 0.0352620 secs] [Times: user=0.13 sys=0.00, real=0.04 secs] 
2011-08-12T03:07:24.932+0100: 376643.193: [GC [PSYoungGen: 524160K->0K(524224K)] 4491909K->3968157K(20971456K), 0.0360440 secs] [Times: user=0.13 sys=0.00, real=0.04 secs] 
2011-08-12T03:24:45.569+0100: 377683.830: [GC [PSYoungGen: 524160K->0K(524224K)] 4492317K->3968597K(20971456K), 0.0359200 secs] [Times: user=0.13 sys=0.00, real=0.03 secs] 
2011-08-12T03:42:21.676+0100: 378739.938: [GC [PSYoungGen: 524160K->0K(524224K)] 4492757K->3968997K(20971456K), 0.0348520 secs] [Times: user=0.12 sys=0.00, real=0.04 secs] 
2011-08-12T03:59:48.813+0100: 379787.074: [GC [PSYoungGen: 524160K->0K(524224K)] 4493157K->3969397K(20971456K), 0.0348500 secs] [Times: user=0.13 sys=0.00, real=0.04 secs] 
2011-08-12T04:16:59.898+0100: 380818.160: [GC [PSYoungGen: 524160K->0K(524224K)] 4493557K->3969837K(20971456K), 0.0351110 secs] [Times: user=0.13 sys=0.00, real=0.04 secs] 
2011-08-12T04:34:34.792+0100: 381873.053: [GC [PSYoungGen: 524160K->0K(524224K)] 4493997K->3970237K(20971456K), 0.0355890 secs] [Times: user=0.13 sys=0.00, real=0.04 secs] 
2011-08-12T04:52:00.604+0100: 382918.865: [GC [PSYoungGen: 524160K->0K(524224K)] 4494397K->3970645K(20971456K), 0.0353230 secs] [Times: user=0.13 sys=0.00, real=0.03 secs] 
2011-08-12T05:09:22.507+0100: 383960.768: [GC [PSYoungGen: 524160K->0K(524224K)] 4494805K->3971077K(20971456K), 0.0350690 secs] [Times: user=0.12 sys=0.00, real=0.04 secs] 
2011-08-12T05:26:39.495+0100: 384997.757: [GC [PSYoungGen: 524160K->0K(524224K)] 4495237K->3971493K(20971456K), 0.0363150 secs] [Times: user=0.13 sys=0.00, real=0.04 secs] 
2011-08-12T05:43:57.136+0100: 386035.398: [GC [PSYoungGen: 524160K->0K(524224K)] 4495653K->3971901K(20971456K), 0.0350720 secs] [Times: user=0.12 sys=0.00, real=0.03 secs] 
2011-08-12T06:00:00.201+0100: 386998.463: [GC [PSYoungGen: 524160K->0K(524224K)] 4496061K->3982027K(20971456K), 0.0367600 secs] [Times: user=0.14 sys=0.00, real=0.04 secs] 
2011-08-12T06:00:00.937+0100: 386999.198: [GC [PSYoungGen: 524160K->0K(524224K)] 4506187K->4183949K(20971456K), 0.2521150 secs] [Times: user=1.01 sys=0.00, real=0.25 secs] 
2011-08-12T06:00:02.037+0100: 387000.299: [GC [PSYoungGen: 524160K->0K(524224K)] 4708109K->4413589K(20971456K), 0.2924590 secs] [Times: user=1.45 sys=0.00, real=0.30 secs] 
2011-08-12T06:00:03.139+0100: 387001.401: [GC [PSYoungGen: 524160K->0K(524224K)] 4937749K->4729747K(20971456K), 0.3800150 secs] [Times: user=1.70 sys=0.00, real=0.38 secs] 
2011-08-12T06:00:04.288+0100: 387002.550: [GC [PSYoungGen: 524160K->0K(524224K)] 5253907K->5095607K(20971456K), 0.4549460 secs] [Times: user=1.93 sys=0.00, real=0.46 secs] 
2011-08-12T06:00:05.619+0100: 387003.880: [GC [PSYoungGen: 524160K->0K(524224K)] 5619767K->5505111K(20971456K), 0.4816510 secs] [Times: user=2.08 sys=0.00, real=0.49 secs] 
2011-08-12T06:00:45.244+0100: 387043.505: [GC [PSYoungGen: 524160K->0K(524224K)] 6029271K->5669648K(20971456K), 0.2136670 secs] [Times: user=0.85 sys=0.00, real=0.22 secs] 
2011-08-12T06:16:02.230+0100: 387960.491: [GC [PSYoungGen: 524160K->0K(524224K)] 6193808K->5672136K(20971456K), 0.0417710 secs] [Times: user=0.15 sys=0.00, real=0.04 secs] 
2011-08-12T06:31:40.225+0100: 388898.486: [GC [PSYoungGen: 524160K->0K(524224K)] 6196296K->5674904K(20971456K), 0.0427360 secs] [Times: user=0.16 sys=0.00, real=0.04 secs] 
2011-08-12T06:47:38.024+0100: 389856.286: [GC [PSYoungGen: 524160K->0K(524224K)] 6199064K->5675424K(20971456K), 0.0438080 secs] [Times: user=0.17 sys=0.00, real=0.04 secs] 
2011-08-12T07:01:45.299+0100: 390703.561: [GC [PSYoungGen: 524160K->0K(524224K)] 6199584K->5678121K(20971456K), 0.0447400 secs] [Times: user=0.18 sys=0.00, real=0.04 secs] 
2011-08-12T07:10:56.767+0100: 391255.028: [GC [PSYoungGen: 524160K->0K(524224K)] 6202281K->5681585K(20971456K), 0.0462760 secs] [Times: user=0.17 sys=0.00, real=0.05 secs] 
2011-08-12T07:22:15.980+0100: 391934.241: [GC [PSYoungGen: 524160K->0K(524224K)] 6205745K->5684181K(20971456K), 0.0451510 secs] [Times: user=0.17 sys=0.00, real=0.04 secs] 
2011-08-12T07:32:55.143+0100: 392573.405: [GC [PSYoungGen: 524160K->0K(524224K)] 6208341K->5687137K(20971456K), 0.0439810 secs] [Times: user=0.17 sys=0.00, real=0.04 secs] 
2011-08-12T07:42:53.981+0100: 393172.243: [GC [PSYoungGen: 524160K->0K(524224K)] 6211297K->5690233K(20971456K), 0.0440720 secs] [Times: user=0.17 sys=0.00, real=0.05 secs] 
2011-08-12T07:53:48.394+0100: 393826.655: [GC [PSYoungGen: 524160K->0K(524224K)] 6214393K->5692961K(20971456K), 0.0453060 secs] [Times: user=0.17 sys=0.00, real=0.05 secs] 
2011-08-12T08:01:50.207+0100: 394308.469: [GC [PSYoungGen: 524160K->0K(524224K)] 6217121K->5697718K(20971456K), 0.0469060 secs] [Times: user=0.18 sys=0.01, real=0.05 secs] 
2011-08-12T08:04:22.150+0100: 394460.411: [GC [PSYoungGen: 524160K->0K(524224K)] 6221878K->5705449K(20971456K), 0.0476420 secs] [Times: user=0.18 sys=0.00, real=0.04 secs] 
2011-08-12T08:07:22.169+0100: 394640.431: [GC [PSYoungGen: 524160K->0K(524224K)] 6229609K->5711944K(20971456K), 0.0498390 secs] [Times: user=0.19 sys=0.00, real=0.05 secs] 
2011-08-12T08:11:56.352+0100: 394914.614: [GC [PSYoungGen: 524160K->0K(524224K)] 6236104K->5717394K(20971456K), 0.0469850 secs] [Times: user=0.18 sys=0.00, real=0.05 secs] 
2011-08-12T08:14:55.551+0100: 395093.813: [GC [PSYoungGen: 524160K->0K(524224K)] 6241554K->5724048K(20971456K), 0.0480900 secs] [Times: user=0.19 sys=0.00, real=0.04 secs] 
2011-08-12T08:18:32.856+0100: 395311.117: [GC [PSYoungGen: 524160K->0K(524224K)] 6248208K->5729908K(20971456K), 0.0471620 secs] [Times: user=0.18 sys=0.00, real=0.05 secs] 
2011-08-12T08:23:10.919+0100: 395589.180: [GC [PSYoungGen: 524160K->0K(524224K)] 6254068K->5735396K(20971456K), 0.0469140 secs] [Times: user=0.18 sys=0.00, real=0.05 secs] 
2011-08-12T08:30:16.814+0100: 396015.076: [GC [PSYoungGen: 524160K->0K(524224K)] 6259556K->5739740K(20971456K), 0.0455890 secs] [Times: user=0.17 sys=0.00, real=0.05 secs] 
2011-08-12T08:34:49.089+0100: 396287.351: [GC [PSYoungGen: 524160K->0K(524224K)] 6263900K->5745303K(20971456K), 0.0473630 secs] [Times: user=0.18 sys=0.01, real=0.04 secs] 
2011-08-12T08:39:45.496+0100: 396583.757: [GC [PSYoungGen: 524160K->0K(524224K)] 6269463K->5750994K(20971456K), 0.0461190 secs] [Times: user=0.18 sys=0.00, real=0.04 secs] 
2011-08-12T08:44:02.049+0100: 396840.310: [GC [PSYoungGen: 524160K->0K(524224K)] 6275154K->5756826K(20971456K), 0.0466610 secs] [Times: user=0.18 sys=0.01, real=0.05 secs] 
2011-08-12T08:50:20.576+0100: 397218.837: [GC [PSYoungGen: 524160K->0K(524224K)] 6280986K->5761770K(20971456K), 0.0475490 secs] [Times: user=0.18 sys=0.00, real=0.04 secs] 
2011-08-12T08:55:17.004+0100: 397515.266: [GC [PSYoungGen: 524160K->0K(524224K)] 6285930K->5767752K(20971456K), 0.0477500 secs] [Times: user=0.19 sys=0.00, real=0.05 secs] 
2011-08-12T09:03:30.362+0100: 398008.623: [GC [PSYoungGen: 524160K->0K(524224K)] 6291912K->5771624K(20971456K), 0.0453990 secs] [Times: user=0.18 sys=0.00, real=0.05 secs] 
2011-08-12T09:10:36.178+0100: 398434.440: [GC [PSYoungGen: 524160K->0K(524224K)] 6295784K->5776153K(20971456K), 0.0454530 secs] [Times: user=0.17 sys=0.00, real=0.04 secs] 
2011-08-12T09:17:54.828+0100: 398873.089: [GC [PSYoungGen: 524160K->0K(524224K)] 6300313K->5780577K(20971456K), 0.0450730 secs] [Times: user=0.17 sys=0.00, real=0.05 secs] 
2011-08-12T09:24:02.077+0100: 399240.339: [GC [PSYoungGen: 524160K->0K(524224K)] 6304737K->5785669K(20971456K), 0.0476330 secs] [Times: user=0.19 sys=0.00, real=0.05 secs] 
2011-08-12T09:29:26.410+0100: 399564.671: [GC [PSYoungGen: 524160K->0K(524224K)] 6309829K->5791301K(20971456K), 0.0481060 secs] [Times: user=0.18 sys=0.00, real=0.05 secs] 
2011-08-12T09:34:17.818+0100: 399856.080: [GC [PSYoungGen: 524160K->0K(524224K)] 6315461K->5797045K(20971456K), 0.0473530 secs] [Times: user=0.18 sys=0.00, real=0.04 secs] 
2011-08-12T09:42:49.673+0100: 400367.934: [GC [PSYoungGen: 524160K->0K(524224K)] 6321205K->5800797K(20971456K), 0.0456570 secs] [Times: user=0.18 sys=0.00, real=0.05 secs] 
2011-08-12T09:47:27.136+0100: 400645.398: [GC [PSYoungGen: 524160K->0K(524224K)] 6324957K->5806681K(20971456K), 0.0488720 secs] [Times: user=0.19 sys=0.00, real=0.05 secs] 
2011-08-12T09:51:32.606+0100: 400890.868: [GC [PSYoungGen: 524160K->0K(524224K)] 6330841K->5812449K(20971456K), 0.0494760 secs] [Times: user=0.19 sys=0.00, real=0.05 secs] 
2011-08-12T09:59:54.309+0100: 401392.570: [GC [PSYoungGen: 524160K->0K(524224K)] 6336609K->5816039K(20971456K), 0.0452600 secs] [Times: user=0.17 sys=0.00, real=0.05 secs] 
2011-08-12T10:05:54.883+0100: 401753.145: [GC [PSYoungGen: 524160K->0K(524224K)] 6340199K->5821311K(20971456K), 0.0462420 secs] [Times: user=0.18 sys=0.00, real=0.05 secs] 
2011-08-12T10:12:49.142+0100: 402167.403: [GC [PSYoungGen: 524160K->0K(524224K)] 6345471K->5825775K(20971456K), 0.0465730 secs] [Times: user=0.18 sys=0.00, real=0.05 secs] 
2011-08-12T10:20:35.458+0100: 402633.720: [GC [PSYoungGen: 524160K->0K(524224K)] 6349935K->5829971K(20971456K), 0.0462530 secs] [Times: user=0.18 sys=0.00, real=0.04 secs] 
2011-08-12T10:27:28.400+0100: 403046.661: [GC [PSYoungGen: 524160K->0K(524224K)] 6354131K->5834023K(20971456K), 0.0469410 secs] [Times: user=0.17 sys=0.00, real=0.05 secs] 
2011-08-12T10:33:59.717+0100: 403437.978: [GC [PSYoungGen: 524160K->0K(524224K)] 6358183K->5838319K(20971456K), 0.0467980 secs] [Times: user=0.18 sys=0.01, real=0.05 secs] 
2011-08-12T10:39:32.945+0100: 403771.207: [GC [PSYoungGen: 524160K->0K(524224K)] 6362479K->5843511K(20971456K), 0.0479420 secs] [Times: user=0.19 sys=0.00, real=0.05 secs] 
2011-08-12T10:45:44.913+0100: 404143.175: [GC [PSYoungGen: 524160K->0K(524224K)] 6367671K->5848447K(20971456K), 0.0470340 secs] [Times: user=0.18 sys=0.00, real=0.04 secs] 
2011-08-12T10:51:18.003+0100: 404476.265: [GC [PSYoungGen: 524160K->0K(524224K)] 6372607K->5853548K(20971456K), 0.0468290 secs] [Times: user=0.18 sys=0.00, real=0.05 secs] 
2011-08-12T10:59:48.612+0100: 404986.874: [GC [PSYoungGen: 524160K->0K(524224K)] 6377708K->5857276K(20971456K), 0.0453340 secs] [Times: user=0.17 sys=0.00, real=0.05 secs] 
2011-08-12T11:09:01.059+0100: 405539.320: [GC [PSYoungGen: 524160K->0K(524224K)] 6381436K->5860759K(20971456K), 0.0457550 secs] [Times: user=0.17 sys=0.01, real=0.04 secs] 
2011-08-12T11:18:25.873+0100: 406104.135: [GC [PSYoungGen: 524160K->0K(524224K)] 6384919K->5864487K(20971456K), 0.0450930 secs] [Times: user=0.18 sys=0.00, real=0.05 secs] 
2011-08-12T11:27:29.343+0100: 406647.605: [GC [PSYoungGen: 524160K->0K(524224K)] 6388647K->5867983K(20971456K), 0.0453380 secs] [Times: user=0.17 sys=0.00, real=0.04 secs] 
2011-08-12T11:33:15.170+0100: 406993.431: [GC [PSYoungGen: 524160K->0K(524224K)] 6392143K->5873363K(20971456K), 0.0470740 secs] [Times: user=0.17 sys=0.00, real=0.05 secs] 
2011-08-12T11:40:30.028+0100: 407428.289: [GC [PSYoungGen: 524013K->0K(524224K)] 6397377K->5878252K(20971456K), 0.0464100 secs] [Times: user=0.17 sys=0.00, real=0.05 secs] 
2011-08-12T11:45:14.008+0100: 407712.269: [GC [PSYoungGen: 524160K->0K(524224K)] 6402412K->5884532K(20971456K), 0.0484500 secs] [Times: user=0.19 sys=0.00, real=0.05 secs] 
2011-08-12T11:51:10.363+0100: 408068.624: [GC [PSYoungGen: 524160K->0K(524224K)] 6408692K->5890364K(20971456K), 0.0479500 secs] [Times: user=0.18 sys=0.00, real=0.05 secs] 
2011-08-12T11:58:29.833+0100: 408508.094: [GC [PSYoungGen: 524160K->0K(524224K)] 6414524K->5894931K(20971456K), 0.0483590 secs] [Times: user=0.19 sys=0.00, real=0.05 secs] 
2011-08-12T12:07:03.009+0100: 409021.271: [GC [PSYoungGen: 524160K->0K(524224K)] 6419091K->5898959K(20971456K), 0.0466140 secs] [Times: user=0.18 sys=0.00, real=0.05 secs] 
2011-08-12T12:19:08.044+0100: 409746.306: [GC [PSYoungGen: 524160K->0K(524224K)] 6423119K->5901187K(20971456K), 0.0463250 secs] [Times: user=0.18 sys=0.00, real=0.05 secs] 
2011-08-12T12:28:31.439+0100: 410309.700: [GC [PSYoungGen: 524160K->0K(524224K)] 6425347K->5904559K(20971456K), 0.0464520 secs] [Times: user=0.18 sys=0.00, real=0.04 secs] 
2011-08-12T12:37:45.980+0100: 410864.241: [GC [PSYoungGen: 524160K->0K(524224K)] 6428719K->5908071K(20971456K), 0.0461670 secs] [Times: user=0.18 sys=0.00, real=0.05 secs] 
2011-08-12T12:47:08.646+0100: 411426.908: [GC [PSYoungGen: 524160K->0K(524224K)] 6432231K->5911671K(20971456K), 0.0480810 secs] [Times: user=0.18 sys=0.00, real=0.05 secs] 
2011-08-12T12:56:48.440+0100: 412006.702: [GC [PSYoungGen: 524160K->0K(524224K)] 6435831K->5914895K(20971456K), 0.0466990 secs] [Times: user=0.18 sys=0.01, real=0.04 secs] 
2011-08-12T13:05:50.919+0100: 412549.180: [GC [PSYoungGen: 524160K->0K(524224K)] 6439055K->5918279K(20971456K), 0.0463990 secs] [Times: user=0.18 sys=0.00, real=0.05 secs] 
2011-08-12T13:16:07.538+0100: 413165.800: [GC [PSYoungGen: 524160K->0K(524224K)] 6442439K->5921159K(20971456K), 0.0454650 secs] [Times: user=0.18 sys=0.00, real=0.05 secs] 
2011-08-12T13:22:50.757+0100: 413569.019: [GC [PSYoungGen: 523911K->0K(524224K)] 6445071K->5926802K(20971456K), 0.0475980 secs] [Times: user=0.18 sys=0.00, real=0.05 secs] 
2011-08-12T13:30:14.489+0100: 414012.750: [GC [PSYoungGen: 524160K->0K(524224K)] 6450962K->5931602K(20971456K), 0.0466640 secs] [Times: user=0.18 sys=0.00, real=0.05 secs] 
2011-08-12T13:36:42.931+0100: 414401.192: [GC [PSYoungGen: 524160K->0K(524224K)] 6455762K->5936336K(20971456K), 0.0472070 secs] [Times: user=0.18 sys=0.00, real=0.05 secs] 
2011-08-12T13:43:46.349+0100: 414824.610: [GC [PSYoungGen: 524160K->0K(524224K)] 6460496K->5941196K(20971456K), 0.0470650 secs] [Times: user=0.18 sys=0.00, real=0.04 secs] 
2011-08-12T13:50:19.059+0100: 415217.321: [GC [PSYoungGen: 524160K->0K(524224K)] 6465356K->5946030K(20971456K), 0.0474310 secs] [Times: user=0.19 sys=0.00, real=0.05 secs] 
2011-08-12T14:00:00.105+0100: 415798.367: [GC [PSYoungGen: 524160K->0K(524224K)] 6470190K->5949310K(20971456K), 0.0464300 secs] [Times: user=0.17 sys=0.00, real=0.04 secs] 
2011-08-12T14:09:18.226+0100: 416356.487: [GC [PSYoungGen: 524160K->0K(524224K)] 6473470K->5952718K(20971456K), 0.0466450 secs] [Times: user=0.18 sys=0.00, real=0.05 secs] 
2011-08-12T14:17:45.111+0100: 416863.373: [GC [PSYoungGen: 524160K->0K(524224K)] 6476878K->5956646K(20971456K), 0.0458010 secs] [Times: user=0.17 sys=0.00, real=0.05 secs] 
2011-08-12T14:27:43.896+0100: 417462.158: [GC [PSYoungGen: 524160K->0K(524224K)] 6480806K->5960038K(20971456K), 0.0460860 secs] [Times: user=0.18 sys=0.00, real=0.05 secs] 
2011-08-12T14:34:18.799+0100: 417857.061: [GC [PSYoungGen: 524160K->0K(524224K)] 6484198K->5964355K(20971456K), 0.0471460 secs] [Times: user=0.18 sys=0.00, real=0.05 secs] 
2011-08-12T14:39:27.522+0100: 418165.783: [GC [PSYoungGen: 524160K->0K(524224K)] 6488515K->5969315K(20971456K), 0.0472760 secs] [Times: user=0.18 sys=0.00, real=0.05 secs] 
2011-08-12T14:45:44.439+0100: 418542.701: [GC [PSYoungGen: 524160K->0K(524224K)] 6493475K->5973773K(20971456K), 0.0473260 secs] [Times: user=0.18 sys=0.00, real=0.05 secs] 
2011-08-12T14:52:36.677+0100: 418954.938: [GC [PSYoungGen: 524160K->0K(524224K)] 6497933K->5978693K(20971456K), 0.0511600 secs] [Times: user=0.20 sys=0.00, real=0.05 secs] 
2011-08-12T14:59:41.571+0100: 419379.833: [GC [PSYoungGen: 524160K->0K(524224K)] 6502853K->5982837K(20971456K), 0.0476180 secs] [Times: user=0.18 sys=0.00, real=0.05 secs] 
2011-08-12T15:03:47.814+0100: 419626.075: [GC [PSYoungGen: 524160K->0K(524224K)] 6506997K->5988405K(20971456K), 0.0494920 secs] [Times: user=0.18 sys=0.00, real=0.05 secs] 
2011-08-12T15:09:38.865+0100: 419977.126: [GC [PSYoungGen: 524160K->0K(524224K)] 6512565K->5992957K(20971456K), 0.0482460 secs] [Times: user=0.18 sys=0.00, real=0.05 secs] 
2011-08-12T15:15:55.436+0100: 420353.698: [GC [PSYoungGen: 524160K->0K(524224K)] 6517117K->5997583K(20971456K), 0.0475130 secs] [Times: user=0.18 sys=0.00, real=0.05 secs] 
2011-08-12T15:22:36.925+0100: 420755.187: [GC [PSYoungGen: 524160K->0K(524224K)] 6521743K->6001583K(20971456K), 0.0492160 secs] [Times: user=0.18 sys=0.00, real=0.04 secs] 
2011-08-12T15:28:50.160+0100: 421128.421: [GC [PSYoungGen: 524160K->0K(524224K)] 6525743K->6005952K(20971456K), 0.0470150 secs] [Times: user=0.18 sys=0.00, real=0.05 secs] 
2011-08-12T15:36:01.092+0100: 421559.353: [GC [PSYoungGen: 524160K->0K(524224K)] 6530112K->6009944K(20971456K), 0.0482240 secs] [Times: user=0.18 sys=0.00, real=0.05 secs] 
2011-08-12T15:43:52.716+0100: 422030.977: [GC [PSYoungGen: 524160K->0K(524224K)] 6534104K->6013540K(20971456K), 0.0475910 secs] [Times: user=0.18 sys=0.00, real=0.05 secs] 
2011-08-12T15:51:26.626+0100: 422484.888: [GC [PSYoungGen: 524160K->0K(524224K)] 6537700K->6017284K(20971456K), 0.0476320 secs] [Times: user=0.18 sys=0.00, real=0.04 secs] 
2011-08-12T15:59:33.374+0100: 422971.636: [GC [PSYoungGen: 524160K->0K(524224K)] 6541444K->6020852K(20971456K), 0.0464930 secs] [Times: user=0.18 sys=0.01, real=0.05 secs] 
2011-08-12T16:10:37.759+0100: 423636.021: [GC [PSYoungGen: 524160K->0K(524224K)] 6545012K->6023388K(20971456K), 0.0475160 secs] [Times: user=0.18 sys=0.00, real=0.05 secs] 
2011-08-12T16:19:38.048+0100: 424176.310: [GC [PSYoungGen: 524160K->0K(524224K)] 6547548K->6026720K(20971456K), 0.0472750 secs] [Times: user=0.18 sys=0.00, real=0.04 secs] 
2011-08-12T16:29:33.871+0100: 424772.133: [GC [PSYoungGen: 524160K->0K(524224K)] 6550880K->6029744K(20971456K), 0.0474730 secs] [Times: user=0.18 sys=0.00, real=0.04 secs] 
2011-08-12T16:40:45.251+0100: 425443.512: [GC [PSYoungGen: 524160K->0K(524224K)] 6553904K->6032152K(20971456K), 0.0474650 secs] [Times: user=0.18 sys=0.00, real=0.04 secs] 
2011-08-12T16:51:12.310+0100: 426070.571: [GC [PSYoungGen: 524160K->0K(524224K)] 6556312K->6035104K(20971456K), 0.0465980 secs] [Times: user=0.18 sys=0.00, real=0.04 secs] 
2011-08-12T17:00:40.986+0100: 426639.247: [GC [PSYoungGen: 524160K->0K(524224K)] 6559264K->6038448K(20971456K), 0.0485610 secs] [Times: user=0.19 sys=0.00, real=0.05 secs] 
2011-08-12T17:12:42.884+0100: 427361.146: [GC [PSYoungGen: 524160K->0K(524224K)] 6562608K->6040888K(20971456K), 0.0468460 secs] [Times: user=0.18 sys=0.00, real=0.04 secs] 
2011-08-12T17:28:02.107+0100: 428280.369: [GC [PSYoungGen: 524160K->0K(524224K)] 6565048K->6041824K(20971456K), 0.0455920 secs] [Times: user=0.17 sys=0.00, real=0.05 secs] 
2011-08-12T17:43:07.762+0100: 429186.023: [GC [PSYoungGen: 524160K->0K(524224K)] 6565984K->6042955K(20971456K), 0.0460480 secs] [Times: user=0.17 sys=0.00, real=0.04 secs] 
2011-08-12T17:58:09.383+0100: 430087.644: [GC [PSYoungGen: 524160K->0K(524224K)] 6567115K->6044067K(20971456K), 0.0455960 secs] [Times: user=0.17 sys=0.00, real=0.05 secs] 
2011-08-12T18:14:05.441+0100: 431043.703: [GC [PSYoungGen: 524160K->0K(524224K)] 6568227K->6044843K(20971456K), 0.0467010 secs] [Times: user=0.18 sys=0.00, real=0.05 secs] 
2011-08-12T18:29:30.701+0100: 431968.963: [GC [PSYoungGen: 524160K->0K(524224K)] 6569003K->6045811K(20971456K), 0.0470700 secs] [Times: user=0.18 sys=0.00, real=0.04 secs] 
2011-08-12T18:45:49.513+0100: 432947.774: [GC [PSYoungGen: 524160K->0K(524224K)] 6569971K->6046379K(20971456K), 0.0450970 secs] [Times: user=0.17 sys=0.00, real=0.05 secs] 
2011-08-12T19:01:56.139+0100: 433914.401: [GC [PSYoungGen: 524160K->0K(524224K)] 6570539K->6046915K(20971456K), 0.0453450 secs] [Times: user=0.17 sys=0.00, real=0.05 secs] 
2011-08-12T19:17:42.141+0100: 434860.403: [GC [PSYoungGen: 524160K->0K(524224K)] 6571075K->6047451K(20971456K), 0.0465260 secs] [Times: user=0.18 sys=0.00, real=0.04 secs] 
2011-08-12T19:33:56.660+0100: 435834.921: [GC [PSYoungGen: 524160K->0K(524224K)] 6571611K->6048091K(20971456K), 0.0469460 secs] [Times: user=0.18 sys=0.00, real=0.05 secs] 
2011-08-12T19:49:46.749+0100: 436785.011: [GC [PSYoungGen: 524160K->0K(524224K)] 6572251K->6048667K(20971456K), 0.0474210 secs] [Times: user=0.19 sys=0.00, real=0.04 secs] 
2011-08-12T20:05:20.277+0100: 437718.539: [GC [PSYoungGen: 524160K->0K(524224K)] 6572827K->6049219K(20971456K), 0.0474040 secs] [Times: user=0.18 sys=0.00, real=0.04 secs] 
2011-08-12T20:21:24.702+0100: 438682.963: [GC [PSYoungGen: 524160K->0K(524224K)] 6573379K->6049731K(20971456K), 0.0451960 secs] [Times: user=0.17 sys=0.00, real=0.04 secs] 
2011-08-12T20:37:21.194+0100: 439639.455: [GC [PSYoungGen: 524160K->0K(524224K)] 6573891K->6050307K(20971456K), 0.0463980 secs] [Times: user=0.18 sys=0.00, real=0.04 secs] 
2011-08-12T20:52:22.233+0100: 440540.495: [GC [PSYoungGen: 524160K->0K(524224K)] 6574467K->6051387K(20971456K), 0.0464750 secs] [Times: user=0.17 sys=0.00, real=0.04 secs] 
2011-08-12T21:08:31.625+0100: 441509.886: [GC [PSYoungGen: 524160K->0K(524224K)] 6575547K->6052043K(20971456K), 0.0450660 secs] [Times: user=0.17 sys=0.00, real=0.05 secs] 
2011-08-12T21:24:26.387+0100: 442464.648: [GC [PSYoungGen: 524160K->0K(524224K)] 6576203K->6052555K(20971456K), 0.0447580 secs] [Times: user=0.17 sys=0.00, real=0.05 secs] 
2011-08-12T21:40:07.255+0100: 443405.517: [GC [PSYoungGen: 524160K->0K(524224K)] 6576715K->6053075K(20971456K), 0.0456650 secs] [Times: user=0.18 sys=0.00, real=0.05 secs] 
2011-08-12T21:56:02.421+0100: 444360.682: [GC [PSYoungGen: 524160K->0K(524224K)] 6577235K->6053579K(20971456K), 0.0450710 secs] [Times: user=0.17 sys=0.00, real=0.04 secs] 
2011-08-12T22:12:54.553+0100: 445372.814: [GC [PSYoungGen: 524160K->0K(524224K)] 6577739K->6053995K(20971456K), 0.0464200 secs] [Times: user=0.18 sys=0.00, real=0.05 secs] 
2011-08-12T22:30:00.027+0100: 446398.289: [GC [PSYoungGen: 524160K->0K(524224K)] 6578155K->6054507K(20971456K), 0.0461850 secs] [Times: user=0.18 sys=0.00, real=0.05 secs] 
2011-08-12T22:47:16.534+0100: 447434.796: [GC [PSYoungGen: 524160K->0K(524224K)] 6578667K->6054923K(20971456K), 0.0459180 secs] [Times: user=0.17 sys=0.00, real=0.05 secs] 
2011-08-12T23:00:00.588+0100: 448198.850: [GC [PSYoungGen: 524160K->0K(524224K)] 6579083K->6056587K(20971456K), 0.0442720 secs] [Times: user=0.16 sys=0.00, real=0.05 secs] 
2011-08-12T23:20:06.385+0100: 449404.647: [GC [PSYoungGen: 524160K->0K(524224K)] 6580747K->6069203K(20971456K), 0.0494240 secs] [Times: user=0.19 sys=0.00, real=0.05 secs] 
2011-08-12T23:20:07.451+0100: 449405.713: [GC [PSYoungGen: 524160K->0K(524224K)] 6593363K->6069227K(20971456K), 0.0436460 secs] [Times: user=0.17 sys=0.00, real=0.04 secs] 
2011-08-12T23:20:08.997+0100: 449407.259: [GC [PSYoungGen: 524160K->0K(524224K)] 6593387K->6069299K(20971456K), 0.0432050 secs] [Times: user=0.15 sys=0.00, real=0.04 secs] 
2011-08-12T23:20:09.605+0100: 449407.867: [GC [PSYoungGen: 524160K->0K(524224K)] 6593459K->6069323K(20971456K), 0.0442560 secs] [Times: user=0.16 sys=0.00, real=0.04 secs] 
2011-08-12T23:20:10.095+0100: 449408.356: [GC [PSYoungGen: 524160K->0K(524224K)] 6593483K->6069352K(20971456K), 0.0458400 secs] [Times: user=0.16 sys=0.00, real=0.04 secs] 
2011-08-12T23:20:10.576+0100: 449408.838: [GC [PSYoungGen: 524160K->0K(524224K)] 6593512K->6069376K(20971456K), 0.0449630 secs] [Times: user=0.17 sys=0.00, real=0.05 secs] 
2011-08-12T23:20:12.410+0100: 449410.671: [GC [PSYoungGen: 524160K->0K(524224K)] 6593536K->6069400K(20971456K), 0.0446800 secs] [Times: user=0.16 sys=0.00, real=0.05 secs] 
2011-08-12T23:20:14.386+0100: 449412.647: [GC [PSYoungGen: 524160K->0K(524224K)] 6593560K->6069416K(20971456K), 0.0450120 secs] [Times: user=0.16 sys=0.00, real=0.04 secs] 
2011-08-12T23:20:16.036+0100: 449414.298: [GC [PSYoungGen: 524160K->0K(524224K)] 6593576K->6069453K(20971456K), 0.0466350 secs] [Times: user=0.16 sys=0.00, real=0.05 secs] 
2011-08-12T23:20:17.499+0100: 449415.760: [GC [PSYoungGen: 524160K->0K(524224K)] 6593613K->6069481K(20971456K), 0.0442250 secs] [Times: user=0.16 sys=0.00, real=0.05 secs] 
Heap
 PSYoungGen      total 524224K, used 171536K [0x00002aafa7860000, 0x00002aafc7860000, 0x00002aafc7860000)
  eden space 524160K, 32% used [0x00002aafa7860000,0x00002aafb1fe42b8,0x00002aafc7840000)
  from space 64K, 0% used [0x00002aafc7840000,0x00002aafc7840000,0x00002aafc7850000)
  to   space 64K, 0% used [0x00002aafc7850000,0x00002aafc7850000,0x00002aafc7860000)
 PSOldGen        total 20447232K, used 6069481K [0x00002aaac7860000, 0x00002aafa7860000, 0x00002aafa7860000)
  object space 20447232K, 29% used [0x00002aaac7860000,0x00002aac39f9a618,0x00002aafa7860000)
 PSPermGen       total 262144K, used 129899K [0x00002aaab7860000, 0x00002aaac7860000, 0x00002aaac7860000)
  object space 262144K, 49% used [0x00002aaab7860000,0x00002aaabf73af78,0x00002aaac7860000)
