2012-05-21T19:28:05.966+0200: 11.712: [GC [PSYoungGen: 501923K->35602K(2090688K)] 501923K->35602K(6869376K), 0.0563317 secs] [Times: user=0.25 sys=0.05, real=0.05 secs] 
2012-05-21T19:28:06.012+0200: 11.769: [Full GC (System) [PSYoungGen: 35602K->0K(2090688K)] [PSOldGen: 0K->35155K(4778688K)] 35602K->35155K(6869376K) [PSPermGen: 27743K->27743K(393216K)], 0.2828144 secs] [Times: user=0.30 sys=0.00, real=0.30 secs] 
2012-05-21T19:28:34.946+0200: 40.648: [GC [PSYoungGen: 1792064K->148265K(2090688K)] 1827219K->183420K(6869376K), 0.2054103 secs] [Times: user=0.58 sys=0.23, real=0.20 secs] 
2012-05-21T19:35:27.865+0200: 452.793: [GC [PSYoungGen: 1940329K->185810K(2090688K)] 1975484K->220965K(6869376K), 0.3109340 secs] [Times: user=0.83 sys=0.05, real=0.31 secs] 
2012-05-21T19:48:16.507+0200: 1221.166: [GC [PSYoungGen: 1977874K->212547K(2090688K)] 2013029K->247702K(6869376K), 0.1849445 secs] [Times: user=1.12 sys=0.11, real=0.19 secs] 
2012-05-21T20:05:33.180+0200: 2257.894: [GC [PSYoungGen: 2004611K->198490K(2090688K)] 2039766K->233646K(6869376K), 0.1460635 secs] [Times: user=0.94 sys=0.06, real=0.16 secs] 
2012-05-21T20:16:23.655+0200: 2908.482: [GC [PSYoungGen: 1990554K->253789K(2035264K)] 2025710K->288945K(6813952K), 0.2081894 secs] [Times: user=1.48 sys=0.11, real=0.20 secs] 
2012-05-21T20:25:19.420+0200: 3444.079: [GC [PSYoungGen: 1990429K->226499K(1963200K)] 2025585K->261655K(6741888K), 0.2137347 secs] [Times: user=1.23 sys=0.00, real=0.22 secs] 
2012-05-21T20:28:07.377+0200: 3611.982: [GC [PSYoungGen: 1214625K->72897K(2051904K)] 1249780K->240874K(6830592K), 0.2397090 secs] [Times: user=1.16 sys=0.37, real=0.23 secs] 
2012-05-21T20:28:07.611+0200: 3612.222: [Full GC (System) [PSYoungGen: 72897K->0K(2051904K)] [PSOldGen: 167976K->240493K(4778688K)] 240874K->240493K(6830592K) [PSPermGen: 102601K->102601K(393216K)], 1.3960661 secs] [Times: user=1.39 sys=0.00, real=1.39 secs] 
2012-05-21T20:35:27.103+0200: 4051.657: [GC [PSYoungGen: 1719744K->113345K(2054528K)] 1960237K->353839K(6833216K), 0.1672430 secs] [Times: user=1.20 sys=0.00, real=0.17 secs] 
2012-05-21T20:45:27.482+0200: 4652.029: [GC [PSYoungGen: 1833089K->39630K(2055104K)] 2073583K->280124K(6833792K), 0.0570408 secs] [Times: user=0.45 sys=0.00, real=0.06 secs] 
2012-05-21T20:55:18.886+0200: 5243.401: [GC [PSYoungGen: 1768718K->7430K(1736576K)] 2009212K->248012K(6515264K), 0.0115684 secs] [Times: user=0.00 sys=0.00, real=0.00 secs] 
2012-05-21T21:02:50.551+0200: 5695.064: [GC [PSYoungGen: 1736518K->544K(2048128K)] 1977100K->241330K(6826816K), 0.0075677 secs] [Times: user=0.00 sys=0.00, real=0.00 secs] 
2012-05-21T21:09:08.049+0200: 6072.547: [GC [PSYoungGen: 1712736K->1158K(2050752K)] 1953522K->242040K(6829440K), 0.0094923 secs] [Times: user=0.00 sys=0.00, real=0.02 secs] 
2012-05-21T21:15:57.811+0200: 6482.326: [GC [PSYoungGen: 1713350K->92869K(2072192K)] 1954232K->333831K(6850880K), 0.1383325 secs] [Times: user=0.84 sys=0.00, real=0.14 secs] 
2012-05-21T21:25:33.578+0200: 7058.068: [GC [PSYoungGen: 1827845K->85551K(2052096K)] 2068807K->326666K(6830784K), 0.1127586 secs] [Times: user=0.86 sys=0.00, real=0.11 secs] 
2012-05-21T21:28:09.049+0200: 7213.535: [GC [PSYoungGen: 807298K->320K(2091008K)] 1048413K->241579K(6869696K), 0.0149542 secs] [Times: user=0.00 sys=0.01, real=0.02 secs] 
2012-05-21T21:28:09.065+0200: 7213.550: [Full GC (System) [PSYoungGen: 320K->0K(2091008K)] [PSOldGen: 241259K->241532K(4778688K)] 241579K->241532K(6869696K) [PSPermGen: 102976K->102976K(393216K)], 1.2432049 secs] [Times: user=1.23 sys=0.00, real=1.23 secs] 
2012-05-21T21:35:28.027+0200: 7652.511: [GC [PSYoungGen: 1791104K->105421K(2089408K)] 2032636K->346954K(6868096K), 0.1438179 secs] [Times: user=1.12 sys=0.00, real=0.14 secs] 
2012-05-21T21:45:26.233+0200: 8250.708: [GC [PSYoungGen: 1896525K->89661K(2124992K)] 2138058K->331274K(6903680K), 0.1194897 secs] [Times: user=0.92 sys=0.00, real=0.13 secs] 
2012-05-21T21:55:23.006+0200: 8847.493: [GC [PSYoungGen: 1932797K->30616K(2107456K)] 2174410K->272316K(6886144K), 0.0461124 secs] [Times: user=0.33 sys=0.00, real=0.05 secs] 
2012-05-21T22:05:19.458+0200: 9443.919: [GC [PSYoungGen: 1873752K->7597K(2134080K)] 2115452K->249409K(6912768K), 0.0112254 secs] [Times: user=0.00 sys=0.00, real=0.00 secs] 
2012-05-21T22:13:14.995+0200: 9919.445: [GC [PSYoungGen: 1883309K->608K(2130944K)] 2125121K->242540K(6909632K), 0.0155292 secs] [Times: user=0.02 sys=0.00, real=0.02 secs] 
2012-05-21T22:20:05.126+0200: 10329.562: [GC [PSYoungGen: 1876320K->1062K(2143616K)] 2118252K->243097K(6922304K), 0.0162869 secs] [Times: user=0.01 sys=0.00, real=0.02 secs] 
2012-05-21T22:26:49.720+0200: 10734.140: [GC [PSYoungGen: 1893286K->1030K(2137920K)] 2135321K->243169K(6916608K), 0.0161374 secs] [Times: user=0.02 sys=0.00, real=0.01 secs] 
2012-05-21T22:28:10.311+0200: 10814.728: [GC [PSYoungGen: 138562K->160K(2158656K)] 380701K->242589K(6937344K), 0.0150991 secs] [Times: user=0.00 sys=0.00, real=0.01 secs] 
2012-05-21T22:28:10.326+0200: 10814.744: [Full GC (System) [PSYoungGen: 160K->0K(2158656K)] [PSOldGen: 242429K->229714K(4778688K)] 242589K->229714K(6937344K) [PSPermGen: 103104K->101894K(393216K)], 1.5089373 secs] [Times: user=1.50 sys=0.00, real=1.50 secs] 
2012-05-21T22:36:05.964+0200: 11290.375: [GC [PSYoungGen: 1920064K->107199K(2150720K)] 2149778K->336913K(6929408K), 0.1586646 secs] [Times: user=1.05 sys=0.05, real=0.16 secs] 
2012-05-21T22:46:01.615+0200: 11886.003: [GC [PSYoungGen: 2027263K->103243K(2157312K)] 2256977K->333093K(6936000K), 0.1359881 secs] [Times: user=1.08 sys=0.00, real=0.14 secs] 
2012-05-21T22:55:58.870+0200: 12483.248: [GC [PSYoungGen: 2027659K->40847K(2156416K)] 2257509K->270802K(6935104K), 0.0630055 secs] [Times: user=0.34 sys=0.00, real=0.06 secs] 
2012-05-21T23:01:59.153+0200: 12843.540: [GC [PSYoungGen: 1965263K->11155K(2177792K)] 2195218K->241245K(6956480K), 0.0399413 secs] [Times: user=0.08 sys=0.00, real=0.05 secs] 
2012-05-21T23:04:38.459+0200: 13002.844: [GC [PSYoungGen: 1970067K->27685K(2170432K)] 2200157K->258772K(6949120K), 0.0526244 secs] [Times: user=0.05 sys=0.00, real=0.05 secs] 
2012-05-21T23:07:58.686+0200: 13203.067: [GC [PSYoungGen: 1986597K->2217K(2194688K)] 2217684K->233824K(6973376K), 0.0102265 secs] [Times: user=0.06 sys=0.00, real=0.02 secs] 
2012-05-21T23:16:38.909+0200: 13723.266: [GC [PSYoungGen: 1996137K->130603K(2124544K)] 2227744K->363217K(6903232K), 0.1821455 secs] [Times: user=1.31 sys=0.03, real=0.19 secs] 
2012-05-21T23:26:05.497+0200: 14289.839: [GC [PSYoungGen: 2124523K->125273K(2158528K)] 2357137K->358890K(6937216K), 0.1695546 secs] [Times: user=1.30 sys=0.00, real=0.17 secs] 
2012-05-21T23:28:11.836+0200: 14416.172: [GC [PSYoungGen: 531145K->352K(2168640K)] 764762K->234812K(6947328K), 0.0151462 secs] [Times: user=0.00 sys=0.00, real=0.02 secs] 
2012-05-21T23:28:11.852+0200: 14416.187: [Full GC (System) [PSYoungGen: 352K->0K(2168640K)] [PSOldGen: 234460K->234666K(4778688K)] 234812K->234666K(6947328K) [PSPermGen: 102590K->102590K(393216K)], 1.1887558 secs] [Times: user=1.19 sys=0.00, real=1.18 secs] 
2012-05-21T23:36:12.012+0200: 14896.362: [GC [PSYoungGen: 1947968K->1702K(2180224K)] 2182634K->236368K(6958912K), 0.0085395 secs] [Times: user=0.00 sys=0.00, real=0.00 secs] 
2012-05-21T23:45:31.495+0200: 15455.838: [GC [PSYoungGen: 1966374K->126583K(2091264K)] 2201040K->361973K(6869952K), 0.1689679 secs] [Times: user=1.37 sys=0.00, real=0.17 secs] 
2012-05-21T23:55:30.110+0200: 16054.432: [GC [PSYoungGen: 2091255K->108685K(2163776K)] 2326645K->344776K(6942464K), 0.1456478 secs] [Times: user=1.11 sys=0.00, real=0.14 secs] 
2012-05-22T00:02:14.620+0200: 16458.923: [GC [PSYoungGen: 2051277K->18215K(2165952K)] 2287368K->254469K(6944640K), 0.0276218 secs] [Times: user=0.08 sys=0.00, real=0.02 secs] 
2012-05-22T00:03:34.173+0200: 16538.494: [GC [PSYoungGen: 1960807K->47937K(2187776K)] 2197061K->285610K(6966464K), 0.0729160 secs] [Times: user=0.30 sys=0.00, real=0.08 secs] 
2012-05-22T00:04:43.775+0200: 16608.091: [GC [PSYoungGen: 2020545K->50993K(2174144K)] 2258218K->290314K(6952832K), 0.0692266 secs] [Times: user=0.23 sys=0.00, real=0.06 secs] 
2012-05-22T00:05:54.796+0200: 16679.113: [GC [PSYoungGen: 2023601K->28272K(2209024K)] 2262922K->274001K(6987712K), 0.0613850 secs] [Times: user=0.05 sys=0.00, real=0.05 secs] 
2012-05-22T00:06:32.717+0200: 16717.038: [GC [PSYoungGen: 2048880K->153069K(2173696K)] 2294609K->405222K(6952384K), 0.2055567 secs] [Times: user=1.42 sys=0.00, real=0.20 secs] 
2012-05-22T00:07:34.258+0200: 16778.577: [GC [PSYoungGen: 2173677K->44647K(2195776K)] 2425830K->297011K(6974464K), 0.0584984 secs] [Times: user=0.11 sys=0.00, real=0.05 secs] 
2012-05-22T00:08:42.709+0200: 16847.033: [GC [PSYoungGen: 2036263K->55568K(2185152K)] 2288627K->308133K(6963840K), 0.0660098 secs] [Times: user=0.36 sys=0.00, real=0.06 secs] 
2012-05-22T00:09:57.978+0200: 16922.305: [GC [PSYoungGen: 2047184K->29639K(2214272K)] 2299749K->291788K(6992960K), 0.0599924 secs] [Times: user=0.08 sys=0.03, real=0.06 secs] 
2012-05-22T00:11:21.093+0200: 17005.426: [GC [PSYoungGen: 2062343K->32855K(2207744K)] 2324492K->299140K(6986432K), 0.0549478 secs] [Times: user=0.16 sys=0.00, real=0.06 secs] 
2012-05-22T00:12:40.825+0200: 17085.147: [GC [PSYoungGen: 2065559K->35840K(2229312K)] 2331844K->304845K(7008000K), 0.0425965 secs] [Times: user=0.11 sys=0.00, real=0.05 secs] 
2012-05-22T00:13:46.642+0200: 17150.970: [GC [PSYoungGen: 2097408K->46807K(2221568K)] 2366413K->320829K(7000256K), 0.0557757 secs] [Times: user=0.23 sys=0.00, real=0.06 secs] 
2012-05-22T00:15:04.783+0200: 17229.100: [GC [PSYoungGen: 2108375K->39192K(2246080K)] 2382397K->321238K(7024768K), 0.0520018 secs] [Times: user=0.22 sys=0.02, real=0.05 secs] 
2012-05-22T00:16:13.283+0200: 17297.597: [GC [PSYoungGen: 2134680K->76354K(2238720K)] 2416726K->363417K(7017408K), 0.0991156 secs] [Times: user=0.51 sys=0.02, real=0.09 secs] 
2012-05-22T00:17:27.805+0200: 17372.115: [GC [PSYoungGen: 2171842K->88032K(2238848K)] 2458905K->383346K(7017536K), 0.1135429 secs] [Times: user=0.66 sys=0.00, real=0.11 secs] 
2012-05-22T00:18:43.575+0200: 17447.883: [GC [PSYoungGen: 2183712K->34233K(2242496K)] 2479026K->334924K(7021184K), 0.0450326 secs] [Times: user=0.06 sys=0.00, real=0.03 secs] 
2012-05-22T00:19:57.333+0200: 17521.644: [GC [PSYoungGen: 2129913K->40807K(2253632K)] 2430604K->351441K(7032320K), 0.0602110 secs] [Times: user=0.14 sys=0.00, real=0.06 secs] 
2012-05-22T00:21:12.292+0200: 17596.605: [GC [PSYoungGen: 2152551K->62356K(2247424K)] 2463185K->377831K(7026112K), 0.0820131 secs] [Times: user=0.41 sys=0.02, real=0.08 secs] 
2012-05-22T00:22:22.633+0200: 17666.934: [GC [PSYoungGen: 2174100K->39931K(2263744K)] 2489575K->360238K(7042432K), 0.0580801 secs] [Times: user=0.11 sys=0.00, real=0.05 secs] 
2012-05-22T00:23:35.955+0200: 17740.254: [GC [PSYoungGen: 2173051K->64899K(2258688K)] 2493358K->394790K(7037376K), 0.0935999 secs] [Times: user=0.48 sys=0.00, real=0.09 secs] 
2012-05-22T00:24:55.095+0200: 17819.390: [GC [PSYoungGen: 2198019K->35776K(2270336K)] 2527910K->370859K(7049024K), 0.0498960 secs] [Times: user=0.11 sys=0.00, real=0.05 secs] 
2012-05-22T00:25:43.191+0200: 17867.484: [GC [PSYoungGen: 2183488K->53704K(2266688K)] 2518571K->392211K(7045376K), 0.0759353 secs] [Times: user=0.38 sys=0.00, real=0.06 secs] 
2012-05-22T00:28:13.047+0200: 18017.335: [GC [PSYoungGen: 398710K->416K(2270784K)] 737218K->343244K(7049472K), 0.0126595 secs] [Times: user=0.00 sys=0.00, real=0.00 secs] 
2012-05-22T00:28:13.047+0200: 18017.348: [Full GC (System) [PSYoungGen: 416K->0K(2270784K)] [PSOldGen: 342828K->343041K(4778688K)] 343244K->343041K(7049472K) [PSPermGen: 103434K->103434K(393216K)], 1.3255344 secs] [Times: user=1.33 sys=0.00, real=1.33 secs] 
2012-05-22T00:45:18.116+0200: 19042.384: [GC [PSYoungGen: 2158016K->7390K(2273664K)] 2501057K->350432K(7052352K), 0.0124142 secs] [Times: user=0.13 sys=0.00, real=0.02 secs] 
2012-05-22T01:00:05.350+0200: 19929.579: [GC [PSYoungGen: 2165406K->1614K(2273792K)] 2508448K->345809K(7052480K), 0.0099551 secs] [Times: user=0.00 sys=0.00, real=0.00 secs] 
2012-05-22T01:15:22.304+0200: 20846.512: [GC [PSYoungGen: 2159758K->34457K(2273664K)] 2503953K->379225K(7052352K), 0.0468486 secs] [Times: user=0.38 sys=0.00, real=0.05 secs] 
2012-05-22T01:28:14.426+0200: 21618.591: [GC [PSYoungGen: 1799629K->1550K(2281280K)] 2144397K->347003K(7059968K), 0.0312954 secs] [Times: user=0.02 sys=0.00, real=0.03 secs] 
2012-05-22T01:28:14.457+0200: 21618.623: [Full GC (System) [PSYoungGen: 1550K->0K(2281280K)] [PSOldGen: 345453K->346864K(4778688K)] 347003K->346864K(7059968K) [PSPermGen: 103462K->103462K(393216K)], 1.2252622 secs] [Times: user=1.22 sys=0.00, real=1.22 secs] 
2012-05-22T01:45:18.205+0200: 22642.357: [GC [PSYoungGen: 2172544K->11940K(2280576K)] 2519408K->358804K(7059264K), 0.0163314 secs] [Times: user=0.13 sys=0.00, real=0.02 secs] 
2012-05-22T02:00:45.477+0200: 23569.663: [GC [PSYoungGen: 2184484K->1070K(2286464K)] 2531348K->348584K(7065152K), 0.0312135 secs] [Times: user=0.02 sys=0.00, real=0.03 secs] 
2012-05-22T02:15:20.963+0200: 24445.129: [GC [PSYoungGen: 2182830K->30651K(2284608K)] 2530344K->378261K(7063296K), 0.0547747 secs] [Times: user=0.26 sys=0.00, real=0.06 secs] 
2012-05-22T02:25:18.860+0200: 25042.994: [GC [PSYoungGen: 2212411K->23956K(2299008K)] 2560021K->372725K(7077696K), 0.0624192 secs] [Times: user=0.23 sys=0.00, real=0.06 secs] 
2012-05-22T02:28:15.674+0200: 25219.801: [GC [PSYoungGen: 1340336K->512K(2293376K)] 1689104K->350023K(7072064K), 0.0307035 secs] [Times: user=0.02 sys=0.00, real=0.03 secs] 
2012-05-22T02:28:15.705+0200: 25219.832: [Full GC (System) [PSYoungGen: 512K->0K(2293376K)] [PSOldGen: 349511K->238928K(4778688K)] 350023K->238928K(7072064K) [PSPermGen: 103486K->103282K(393216K)], 1.4189116 secs] [Times: user=1.40 sys=0.00, real=1.40 secs] 
2012-05-22T02:37:36.443+0200: 25780.558: [GC [PSYoungGen: 2203072K->1496K(2302336K)] 2442000K->240424K(7081024K), 0.0211401 secs] [Times: user=0.08 sys=0.00, real=0.03 secs] 
2012-05-22T02:46:57.492+0200: 26341.588: [GC [PSYoungGen: 2214808K->1518K(2300288K)] 2453736K->241028K(7078976K), 0.0198058 secs] [Times: user=0.08 sys=0.00, real=0.03 secs] 
2012-05-22T02:56:18.820+0200: 26902.916: [GC [PSYoungGen: 2214830K->1400K(2307712K)] 2454340K->241481K(7086400K), 0.0199799 secs] [Times: user=0.02 sys=0.00, real=0.02 secs] 
2012-05-22T03:05:24.121+0200: 27448.224: [GC [PSYoungGen: 2224696K->81591K(2304896K)] 2464777K->323964K(7083584K), 0.1028388 secs] [Times: user=0.66 sys=0.00, real=0.09 secs] 
2012-05-22T03:06:40.530+0200: 27524.642: [GC [PSYoungGen: 2304887K->30292K(2286848K)] 2547260K->297701K(7065536K), 0.0819573 secs] [Times: user=0.34 sys=0.00, real=0.09 secs] 
2012-05-22T03:07:23.368+0200: 27567.469: [GC [PSYoungGen: 2232724K->93413K(2235200K)] 2500133K->472982K(7013888K), 0.3033166 secs] [Times: user=2.08 sys=0.01, real=0.30 secs] 
2012-05-22T03:08:03.071+0200: 27607.170: [GC [PSYoungGen: 2235173K->93408K(1732544K)] 2614742K->1053438K(6511232K), 1.0835941 secs] [Times: user=7.16 sys=1.28, real=1.08 secs] 
2012-05-22T03:08:32.446+0200: 27636.541: [GC [PSYoungGen: 1732512K->364205K(2003328K)] 2692542K->1417860K(6782016K), 0.6801707 secs] [Times: user=5.09 sys=0.09, real=0.67 secs] 
2012-05-22T03:09:05.191+0200: 27669.297: [GC [PSYoungGen: 2003309K->385963K(1511040K)] 3056964K->1780650K(6289728K), 1.0448621 secs] [Times: user=7.35 sys=0.47, real=1.05 secs] 
2012-05-22T03:09:24.129+0200: 27688.228: [GC [PSYoungGen: 1511019K->280614K(1757184K)] 2905706K->1991949K(6535872K), 0.8588045 secs] [Times: user=6.32 sys=0.45, real=0.86 secs] 
2012-05-22T03:09:46.765+0200: 27710.859: [GC [PSYoungGen: 1405670K->103888K(1793920K)] 3117005K->2046464K(6572608K), 0.7516773 secs] [Times: user=5.62 sys=0.30, real=0.75 secs] 
2012-05-22T03:10:11.601+0200: 27735.693: [GC [PSYoungGen: 1277008K->305764K(1768512K)] 3219584K->2348994K(6547200K), 0.5616093 secs] [Times: user=4.32 sys=0.05, real=0.56 secs] 
2012-05-22T03:10:29.229+0200: 27753.329: [GC [PSYoungGen: 1478884K->194598K(1830016K)] 3522114K->2440041K(6608704K), 1.0783109 secs] [Times: user=8.03 sys=0.11, real=1.08 secs] 
2012-05-22T03:10:57.918+0200: 27782.017: [GC [PSYoungGen: 1417647K->5216K(1792000K)] 3663090K->2433786K(6570688K), 0.3686326 secs] [Times: user=2.31 sys=0.23, real=0.37 secs] 
2012-05-22T03:11:07.637+0200: 27791.730: [GC [PSYoungGen: 1237920K->177261K(1868864K)] 3666490K->2607407K(6647552K), 0.2242116 secs] [Times: user=1.62 sys=0.00, real=0.22 secs] 
2012-05-22T03:11:30.959+0200: 27815.049: [GC [PSYoungGen: 1489069K->437293K(1749120K)] 3919215K->3021175K(6527808K), 0.7134762 secs] [Times: user=5.38 sys=0.14, real=0.70 secs] 
2012-05-22T03:11:47.869+0200: 27831.966: [GC [PSYoungGen: 1749101K->230689K(1836992K)] 4332983K->3139192K(6615680K), 1.3796947 secs] [Times: user=10.19 sys=0.41, real=1.39 secs] 
2012-05-22T03:12:06.917+0200: 27851.007: [GC [PSYoungGen: 1486561K->111196K(1808192K)] 4395064K->3107235K(6586880K), 0.3174342 secs] [Times: user=2.29 sys=0.17, real=0.31 secs] 
2012-05-22T03:12:25.404+0200: 27869.497: [GC [PSYoungGen: 1367068K->177185K(1884096K)] 4363107K->3284283K(6662784K), 0.3782847 secs] [Times: user=2.70 sys=0.06, real=0.37 secs] 
2012-05-22T03:12:43.016+0200: 27887.109: [GC [PSYoungGen: 1526433K->454910K(1804160K)] 4633531K->3679832K(6582848K), 0.7723504 secs] [Times: user=6.01 sys=0.09, real=0.76 secs] 
2012-05-22T03:12:56.932+0200: 27901.022: [GC [PSYoungGen: 1804158K->131094K(1838592K)] 5029080K->3721805K(6617280K), 1.1211527 secs] [Times: user=8.32 sys=0.34, real=1.12 secs] 
2012-05-22T03:13:22.579+0200: 27926.668: [GC [PSYoungGen: 1400022K->327268K(1819648K)] 4990733K->4046222K(6598336K), 0.6240393 secs] [Times: user=4.77 sys=0.11, real=0.62 secs] 
2012-05-22T03:13:48.678+0200: 27952.765: [GC [PSYoungGen: 1596196K->297927K(1836928K)] 5315150K->4261294K(6615616K), 1.1942259 secs] [Times: user=9.02 sys=0.20, real=1.19 secs] 
2012-05-22T03:14:02.765+0200: 27966.858: [GC [PSYoungGen: 1575943K->184117K(1830400K)] 5539310K->4398149K(6609088K), 0.6345391 secs] [Times: user=4.54 sys=0.34, real=0.64 secs] 
2012-05-22T03:14:23.280+0200: 27987.373: [GC [PSYoungGen: 1462133K->457858K(1750656K)] 5676165K->4820259K(6529344K), 0.7596095 secs] [Times: user=5.87 sys=0.13, real=0.76 secs] 
2012-05-22T03:15:21.703+0200: 28045.789: [GC [PSYoungGen: 1679810K->88284K(1805632K)] 6042211K->4817398K(6584320K), 1.2775619 secs] [Times: user=9.50 sys=0.44, real=1.28 secs] 
2012-05-22T03:15:22.982+0200: 28047.066: [Full GC [PSYoungGen: 88284K->0K(1805632K)] [PSOldGen: 4729113K->476938K(4778688K)] 4817398K->476938K(6584320K) [PSPermGen: 103459K->103459K(393216K)], 3.7412962 secs] [Times: user=3.74 sys=0.00, real=3.74 secs] 
2012-05-22T03:19:01.885+0200: 28265.959: [GC [PSYoungGen: 1221952K->113114K(1824960K)] 1698890K->590052K(6603648K), 0.3345054 secs] [Times: user=2.56 sys=0.00, real=0.33 secs] 
2012-05-22T03:25:22.579+0200: 28646.640: [GC [PSYoungGen: 1360026K->55701K(1811264K)] 1836964K->645680K(6589952K), 0.3037758 secs] [Times: user=2.25 sys=0.00, real=0.30 secs] 
2012-05-22T03:30:55.334+0200: 28979.393: [GC [PSYoungGen: 1302613K->576K(1831168K)] 1892592K->591290K(6609856K), 0.0085635 secs] [Times: user=0.11 sys=0.00, real=0.01 secs] 
2012-05-22T03:35:28.261+0200: 29252.300: [GC [PSYoungGen: 1273216K->134982K(1830784K)] 1863930K->725777K(6609472K), 0.1856557 secs] [Times: user=1.48 sys=0.00, real=0.19 secs] 
2012-05-22T03:43:18.158+0200: 29722.175: [GC [PSYoungGen: 1407622K->512K(1864320K)] 1998417K->592033K(6643008K), 0.0304055 secs] [Times: user=0.02 sys=0.00, real=0.03 secs] 
2012-05-22T03:45:30.417+0200: 29854.438: [GC [PSYoungGen: 1335424K->156779K(1859904K)] 1926945K->748372K(6638592K), 0.2132975 secs] [Times: user=1.70 sys=0.00, real=0.22 secs] 
2012-05-22T03:55:18.143+0200: 30442.142: [GC [PSYoungGen: 1491691K->12940K(1907136K)] 2083284K->605228K(6685824K), 0.0193010 secs] [Times: user=0.11 sys=0.00, real=0.02 secs] 
2012-05-22T03:57:19.700+0200: 30563.686: [GC [PSYoungGen: 1430412K->480K(1899648K)] 2022700K->593490K(6678336K), 0.0306533 secs] [Times: user=0.03 sys=0.00, real=0.03 secs] 
2012-05-22T04:05:22.515+0200: 31046.556: [GC [PSYoungGen: 1417952K->55056K(1936832K)] 2010962K->648155K(6715520K), 0.0823438 secs] [Times: user=0.66 sys=0.00, real=0.09 secs] 
2012-05-22T04:13:04.913+0200: 31508.952: [GC [PSYoungGen: 1518352K->480K(1915776K)] 2111451K->593879K(6694464K), 0.0199241 secs] [Times: user=0.02 sys=0.00, real=0.02 secs] 
2012-05-22T04:15:26.732+0200: 31650.767: [GC [PSYoungGen: 1162285K->145790K(1968960K)] 1755685K->739261K(6747648K), 0.2076032 secs] [Times: user=1.39 sys=0.00, real=0.20 secs] 
2012-05-22T04:15:26.935+0200: 31650.975: [Full GC (System) [PSYoungGen: 145790K->0K(1968960K)] [PSOldGen: 593471K->602254K(4778688K)] 739261K->602254K(6747648K) [PSPermGen: 103464K->103464K(393216K)], 2.3921181 secs] [Times: user=2.39 sys=0.00, real=2.39 secs] 
2012-05-22T04:25:17.044+0200: 32241.072: [GC [PSYoungGen: 1528192K->26277K(1948544K)] 2130446K->628532K(6727232K), 0.0688473 secs] [Times: user=0.56 sys=0.00, real=0.08 secs] 
2012-05-22T04:28:04.560+0200: 32408.581: [GC [PSYoungGen: 1554469K->448K(1996096K)] 2156724K->622319K(6774784K), 0.0562108 secs] [Times: user=0.37 sys=0.00, real=0.06 secs] 
2012-05-22T04:35:25.690+0200: 32849.685: [GC [PSYoungGen: 1591488K->136941K(1984256K)] 2213359K->758900K(6762944K), 0.1901607 secs] [Times: user=1.44 sys=0.00, real=0.19 secs] 
2012-05-22T04:45:17.222+0200: 33441.195: [GC [PSYoungGen: 1727981K->13764K(2023808K)] 2349940K->635723K(6802496K), 0.0207509 secs] [Times: user=0.13 sys=0.00, real=0.02 secs] 
2012-05-22T04:49:39.728+0200: 33703.690: [GC [PSYoungGen: 1658884K->686K(2010624K)] 2280843K->622645K(6789312K), 0.0245238 secs] [Times: user=0.01 sys=0.00, real=0.02 secs] 
2012-05-22T04:55:26.179+0200: 34050.135: [GC [PSYoungGen: 1645806K->158992K(2033280K)] 2267765K->780952K(6811968K), 0.2156644 secs] [Times: user=1.75 sys=0.00, real=0.22 secs] 
2012-05-22T05:05:21.705+0200: 34645.636: [GC [PSYoungGen: 1838800K->37755K(2034560K)] 2460760K->659714K(6813248K), 0.0544312 secs] [Times: user=0.34 sys=0.00, real=0.05 secs] 
2012-05-22T05:12:49.727+0200: 35093.671: [GC [PSYoungGen: 1717563K->718K(2063104K)] 2339522K->622677K(6841792K), 0.0202707 secs] [Times: user=0.02 sys=0.00, real=0.02 secs] 
2012-05-22T05:15:29.340+0200: 35253.287: [GC [PSYoungGen: 1248192K->158539K(2052160K)] 1870151K->780498K(6830848K), 0.2154955 secs] [Times: user=1.62 sys=0.00, real=0.20 secs] 
2012-05-22T05:15:29.542+0200: 35253.503: [Full GC (System) [PSYoungGen: 158539K->0K(2052160K)] [PSOldGen: 621959K->625873K(4778688K)] 780498K->625873K(6830848K) [PSPermGen: 103474K->103474K(393216K)], 2.5204980 secs] [Times: user=2.53 sys=0.00, real=2.53 secs] 
2012-05-22T05:15:50.165+0200: 35274.115: [GC [PSYoungGen: 1725952K->187862K(2030656K)] 2351825K->813736K(6809344K), 0.2645164 secs] [Times: user=2.12 sys=0.00, real=0.27 secs] 
2012-05-22T05:29:42.085+0200: 36106.025: [GC [PSYoungGen: 1886870K->21998K(2044160K)] 2512744K->647871K(6822848K), 0.0399838 secs] [Times: user=0.22 sys=0.00, real=0.05 secs] 
2012-05-22T05:35:27.367+0200: 36451.294: [GC [PSYoungGen: 1721006K->177015K(2039616K)] 2346879K->802888K(6818304K), 0.2675408 secs] [Times: user=1.81 sys=0.00, real=0.26 secs] 
2012-05-22T05:45:17.074+0200: 37040.978: [GC [PSYoungGen: 1884087K->32440K(2048192K)] 2509960K->658314K(6826880K), 0.0553507 secs] [Times: user=0.25 sys=0.00, real=0.06 secs] 
2012-05-22T05:48:40.860+0200: 37244.748: [GC [PSYoungGen: 1739512K->1824K(2070464K)] 2365386K->645070K(6849152K), 0.0603370 secs] [Times: user=0.11 sys=0.00, real=0.06 secs] 
2012-05-22T05:52:25.427+0200: 37469.308: [GC [PSYoungGen: 1744736K->60471K(2061760K)] 2387982K->703758K(6840448K), 0.0741213 secs] [Times: user=0.34 sys=0.00, real=0.08 secs] 
2012-05-22T05:54:40.479+0200: 37604.356: [GC [PSYoungGen: 1803383K->75754K(2112000K)] 2446670K->719041K(6890688K), 0.0739897 secs] [Times: user=0.51 sys=0.00, real=0.08 secs] 
2012-05-22T05:55:29.713+0200: 37653.585: [GC [PSYoungGen: 1889130K->211022K(2024448K)] 2532417K->854308K(6803136K), 0.2579046 secs] [Times: user=1.98 sys=0.00, real=0.25 secs] 
2012-05-22T05:56:34.782+0200: 37718.662: [GC [PSYoungGen: 2024398K->72938K(2101120K)] 2667684K->716262K(6879808K), 0.0792345 secs] [Times: user=0.51 sys=0.00, real=0.08 secs] 
2012-05-22T05:57:52.253+0200: 37796.132: [GC [PSYoungGen: 1867690K->43442K(2082944K)] 2511014K->724920K(6861632K), 0.1175616 secs] [Times: user=0.69 sys=0.00, real=0.13 secs] 
2012-05-22T05:58:56.838+0200: 37860.701: [GC [PSYoungGen: 1838194K->2993K(2118016K)] 2519672K->684586K(6896704K), 0.0175812 secs] [Times: user=0.05 sys=0.00, real=0.02 secs] 
2012-05-22T06:05:28.312+0200: 38252.162: [GC [PSYoungGen: 1844657K->64130K(2112960K)] 2526250K->745731K(6891648K), 0.1021558 secs] [Times: user=0.67 sys=0.00, real=0.09 secs] 
2012-05-22T06:10:12.815+0200: 38536.667: [GC [PSYoungGen: 1905794K->5600K(2141056K)] 2587395K->687201K(6919744K), 0.0166059 secs] [Times: user=0.13 sys=0.00, real=0.03 secs] 
2012-05-22T06:13:04.293+0200: 38708.136: [GC [PSYoungGen: 1892576K->123393K(2135232K)] 2574177K->804995K(6913920K), 0.1155709 secs] [Times: user=0.83 sys=0.00, real=0.13 secs] 
2012-05-22T06:13:47.506+0200: 38751.349: [GC [PSYoungGen: 2010369K->96095K(2148416K)] 2691971K->777696K(6927104K), 0.1171274 secs] [Times: user=0.62 sys=0.00, real=0.13 secs] 
2012-05-22T06:14:03.621+0200: 38767.456: [GC [PSYoungGen: 1994015K->127352K(2138816K)] 2675616K->808969K(6917504K), 0.1132153 secs] [Times: user=0.84 sys=0.00, real=0.11 secs] 
2012-05-22T06:14:24.276+0200: 38788.116: [GC [PSYoungGen: 2025272K->143429K(2132608K)] 2706889K->825218K(6911296K), 0.1427781 secs] [Times: user=1.11 sys=0.00, real=0.14 secs] 
2012-05-22T06:14:49.268+0200: 38813.099: [GC [PSYoungGen: 2032773K->128338K(2139328K)] 2714562K->811052K(6918016K), 0.1301980 secs] [Times: user=0.70 sys=0.00, real=0.13 secs] 
2012-05-22T06:15:00.984+0200: 38824.821: [GC [PSYoungGen: 2017682K->224924K(2073472K)] 2700396K->908539K(6852160K), 0.2272958 secs] [Times: user=1.54 sys=0.00, real=0.23 secs] 
2012-05-22T06:15:24.228+0200: 38848.059: [GC [PSYoungGen: 2049628K->202692K(2027456K)] 2733243K->886959K(6806144K), 0.2009488 secs] [Times: user=1.50 sys=0.00, real=0.20 secs] 
2012-05-22T06:15:32.122+0200: 38855.947: [GC [PSYoungGen: 1861086K->195954K(2065728K)] 2545353K->996482K(6844416K), 0.3203704 secs] [Times: user=2.50 sys=0.00, real=0.31 secs] 
2012-05-22T06:15:32.434+0200: 38856.268: [Full GC (System) [PSYoungGen: 195954K->0K(2065728K)] [PSOldGen: 800528K->622048K(4778688K)] 996482K->622048K(6844416K) [PSPermGen: 109503K->109364K(393216K)], 3.4982316 secs] [Times: user=3.49 sys=0.00, real=3.49 secs] 
2012-05-22T06:15:46.661+0200: 38870.487: [GC [PSYoungGen: 1765056K->164628K(2077184K)] 2387104K->786676K(6855872K), 0.1896984 secs] [Times: user=1.50 sys=0.00, real=0.19 secs] 
2012-05-22T06:16:21.949+0200: 38905.775: [GC [PSYoungGen: 1929684K->106198K(2095296K)] 2551732K->871023K(6873984K), 0.3068268 secs] [Times: user=2.14 sys=0.00, real=0.30 secs] 
2012-05-22T06:16:53.383+0200: 38937.219: [GC [PSYoungGen: 1892886K->52192K(2080704K)] 2657711K->844507K(6859392K), 0.0899336 secs] [Times: user=0.65 sys=0.00, real=0.09 secs] 
2012-05-22T06:19:11.402+0200: 39075.262: [GC [PSYoungGen: 1838880K->5714K(2096064K)] 2631195K->798505K(6874752K), 0.0222337 secs] [Times: user=0.06 sys=0.00, real=0.03 secs] 
2012-05-22T06:25:23.249+0200: 39447.145: [GC [PSYoungGen: 1812242K->63039K(2097920K)] 2605033K->856374K(6876608K), 0.0969309 secs] [Times: user=0.44 sys=0.01, real=0.11 secs] 
2012-05-22T06:31:30.622+0200: 39814.510: [GC [PSYoungGen: 1869567K->6432K(2110528K)] 2662902K->800500K(6889216K), 0.0324765 secs] [Times: user=0.08 sys=0.00, real=0.03 secs] 
2012-05-22T06:35:34.701+0200: 40058.585: [GC [PSYoungGen: 1836640K->175089K(2005312K)] 2630708K->969286K(6784000K), 0.2424374 secs] [Times: user=1.76 sys=0.00, real=0.25 secs] 
2012-05-22T06:45:20.101+0200: 40643.961: [GC [PSYoungGen: 2005297K->43612K(2107840K)] 2799494K->838557K(6886528K), 0.0610020 secs] [Times: user=0.39 sys=0.00, real=0.06 secs] 
2012-05-22T06:49:37.397+0200: 40901.242: [GC [PSYoungGen: 1860764K->7552K(2098624K)] 2655709K->802823K(6877312K), 0.0357886 secs] [Times: user=0.03 sys=0.00, real=0.03 secs] 
2012-05-22T06:55:27.062+0200: 41250.893: [GC [PSYoungGen: 1824704K->174079K(2084992K)] 2619975K->969486K(6863680K), 0.2387931 secs] [Times: user=1.84 sys=0.00, real=0.23 secs] 
2012-05-22T07:03:19.189+0200: 41723.018: [GC [PSYoungGen: 1981375K->12480K(2098304K)] 2776782K->808285K(6876992K), 0.0347447 secs] [Times: user=0.08 sys=0.00, real=0.05 secs] 
2012-05-22T07:05:28.562+0200: 41852.379: [GC [PSYoungGen: 1819776K->182899K(2072448K)] 2615581K->978704K(6851136K), 0.2504106 secs] [Times: user=1.89 sys=0.00, real=0.25 secs] 
2012-05-22T07:09:21.335+0200: 42085.135: [GC [PSYoungGen: 1969843K->21130K(2088128K)] 2765648K->817000K(6866816K), 0.0601004 secs] [Times: user=0.03 sys=0.00, real=0.05 secs] 
2012-05-22T07:15:24.120+0200: 42447.917: [GC [PSYoungGen: 1808074K->51809K(2109952K)] 2603944K->847679K(6888640K), 0.0780129 secs] [Times: user=0.39 sys=0.00, real=0.08 secs] 
2012-05-22T07:15:35.929+0200: 42459.715: [GC [PSYoungGen: 1046578K->148704K(2095808K)] 1842448K->944574K(6874496K), 0.2139953 secs] [Times: user=1.34 sys=0.00, real=0.20 secs] 
2012-05-22T07:15:36.132+0200: 42459.930: [Full GC (System) [PSYoungGen: 148704K->0K(2095808K)] [PSOldGen: 795870K->608544K(4778688K)] 944574K->608544K(6874496K) [PSPermGen: 109615K->109615K(393216K)], 2.7523582 secs] [Times: user=2.76 sys=0.00, real=2.76 secs] 
2012-05-22T07:16:00.203+0200: 42483.989: [GC [PSYoungGen: 1816448K->164783K(2090112K)] 2424992K->773327K(6868800K), 0.2316534 secs] [Times: user=1.72 sys=0.00, real=0.22 secs] 
2012-05-22T07:16:19.969+0200: 42503.759: [GC [PSYoungGen: 1971439K->168667K(1975360K)] 2579983K->777212K(6754048K), 0.2203312 secs] [Times: user=1.72 sys=0.00, real=0.22 secs] 
2012-05-22T07:16:38.564+0200: 42522.350: [GC [PSYoungGen: 1975323K->168617K(2083328K)] 2583868K->777161K(6862016K), 0.2236192 secs] [Times: user=1.68 sys=0.00, real=0.22 secs] 
2012-05-22T07:16:56.941+0200: 42540.739: [GC [PSYoungGen: 1954025K->158116K(2087360K)] 2562569K->780617K(6866048K), 0.2263379 secs] [Times: user=1.87 sys=0.00, real=0.23 secs] 
2012-05-22T07:17:15.194+0200: 42558.977: [GC [PSYoungGen: 1943524K->151683K(2094720K)] 2566025K->774351K(6873408K), 0.2022436 secs] [Times: user=1.45 sys=0.00, real=0.20 secs] 
2012-05-22T07:17:36.597+0200: 42580.392: [GC [PSYoungGen: 1946435K->2038K(2089344K)] 2569103K->624874K(6868032K), 0.0131013 secs] [Times: user=0.05 sys=0.00, real=0.02 secs] 
2012-05-22T07:17:58.999+0200: 42602.785: [GC [PSYoungGen: 1796790K->107163K(2110720K)] 2419626K->730732K(6889408K), 0.1448870 secs] [Times: user=1.08 sys=0.00, real=0.14 secs] 
2012-05-22T07:18:19.638+0200: 42623.418: [GC [PSYoungGen: 1920667K->16796K(2092096K)] 2544236K->641082K(6870784K), 0.0295915 secs] [Times: user=0.05 sys=0.00, real=0.02 secs] 
2012-05-22T07:18:39.747+0200: 42643.542: [GC [PSYoungGen: 1830300K->87590K(2128064K)] 2454586K->712264K(6906752K), 0.1307924 secs] [Times: user=0.92 sys=0.00, real=0.14 secs] 
2012-05-22T07:18:57.610+0200: 42661.388: [GC [PSYoungGen: 1938534K->4410K(2112192K)] 2563208K->629287K(6890880K), 0.0136712 secs] [Times: user=0.00 sys=0.00, real=0.00 secs] 
2012-05-22T07:19:17.890+0200: 42681.667: [GC [PSYoungGen: 1855354K->38706K(2137152K)] 2480231K->663965K(6915840K), 0.0595122 secs] [Times: user=0.30 sys=0.00, real=0.05 secs] 
2012-05-22T07:22:49.633+0200: 42893.406: [GC [PSYoungGen: 1914994K->6080K(2128448K)] 2540253K->631971K(6907136K), 0.0358695 secs] [Times: user=0.05 sys=0.00, real=0.03 secs] 
2012-05-22T07:23:35.529+0200: 42939.303: [GC [PSYoungGen: 1882368K->248435K(1932608K)] 2508259K->1029828K(6711296K), 0.6883032 secs] [Times: user=5.49 sys=0.00, real=0.69 secs] 
2012-05-22T07:24:18.055+0200: 42981.831: [GC [PSYoungGen: 1932595K->352544K(2036736K)] 2713988K->1378884K(6815424K), 0.7403521 secs] [Times: user=5.77 sys=0.00, real=0.75 secs] 
2012-05-22T07:24:42.751+0200: 43006.518: [GC [PSYoungGen: 2036704K->220738K(1747328K)] 3063044K->1600600K(6526016K), 0.6945336 secs] [Times: user=5.40 sys=0.00, real=0.69 secs] 
2012-05-22T07:25:08.692+0200: 43032.471: [GC [PSYoungGen: 1615490K->497265K(1892032K)] 2995352K->2083640K(6670720K), 1.2525753 secs] [Times: user=6.85 sys=0.00, real=1.26 secs] 
2012-05-22T07:25:22.434+0200: 43046.211: [GC [PSYoungGen: 1892017K->123742K(1616320K)] 3478392K->2150845K(6395008K), 1.3856389 secs] [Times: user=9.25 sys=0.00, real=1.39 secs] 
2012-05-22T07:25:32.370+0200: 43056.140: [GC [PSYoungGen: 1242782K->218256K(1754176K)] 3269885K->2330066K(6532864K), 0.4242660 secs] [Times: user=3.29 sys=0.00, real=0.42 secs] 
2012-05-22T07:26:07.123+0200: 43090.900: [GC [PSYoungGen: 1337296K->157940K(1823104K)] 3449106K->2411173K(6601792K), 0.4566273 secs] [Times: user=3.46 sys=0.00, real=0.45 secs] 
2012-05-22T07:26:36.229+0200: 43120.009: [GC [PSYoungGen: 1384948K->272532K(1793216K)] 3638181K->2664676K(6571904K), 0.4885299 secs] [Times: user=3.87 sys=0.00, real=0.48 secs] 
2012-05-22T07:26:56.445+0200: 43140.222: [GC [PSYoungGen: 1498245K->462113K(1717184K)] 3890390K->3051606K(6495872K), 1.4613919 secs] [Times: user=11.54 sys=0.00, real=1.45 secs] 
2012-05-22T07:27:19.733+0200: 43163.512: [GC [PSYoungGen: 1624033K->143312K(1775616K)] 4213526K->3188430K(6554304K), 0.9160219 secs] [Times: user=7.21 sys=0.00, real=0.90 secs] 
2012-05-22T07:27:43.474+0200: 43187.264: [GC [PSYoungGen: 1305232K->202897K(1829952K)] 4350350K->3391034K(6608640K), 0.4203001 secs] [Times: user=3.15 sys=0.00, real=0.42 secs] 
2012-05-22T07:28:04.750+0200: 43208.537: [GC [PSYoungGen: 1441105K->524184K(1762432K)] 4629242K->3844282K(6541120K), 0.8425340 secs] [Times: user=6.72 sys=0.00, real=0.84 secs] 
2012-05-22T07:28:23.062+0200: 43226.853: [GC [PSYoungGen: 1762392K->173505K(1777024K)] 5082490K->3866835K(6555712K), 1.4070841 secs] [Times: user=11.06 sys=0.00, real=1.40 secs] 
2012-05-22T07:28:58.533+0200: 43262.328: [GC [PSYoungGen: 1323649K->173741K(1762432K)] 5016979K->4011545K(6541120K), 0.4856407 secs] [Times: user=3.65 sys=0.00, real=0.50 secs] 
2012-05-22T07:29:10.060+0200: 43273.854: [GC [PSYoungGen: 1323885K->94035K(1811456K)] 5161689K->4034366K(6590144K), 0.3696111 secs] [Times: user=2.82 sys=0.00, real=0.37 secs] 
2012-05-22T07:29:22.648+0200: 43286.438: [GC [PSYoungGen: 1317459K->272802K(1801280K)] 5257790K->4298840K(6579968K), 0.4606940 secs] [Times: user=3.56 sys=0.00, real=0.45 secs] 
2012-05-22T07:29:41.771+0200: 43305.570: [GC [PSYoungGen: 1496226K->372384K(1789312K)] 5522264K->4620488K(6568000K), 0.8064259 secs] [Times: user=6.10 sys=0.00, real=0.81 secs] 
2012-05-22T07:30:13.375+0200: 43337.167: [GC [PSYoungGen: 1601376K->403771K(1632768K)] 5849480K->4911153K(6411456K), 1.2413090 secs] [Times: user=9.86 sys=0.00, real=1.23 secs] 
2012-05-22T07:30:14.608+0200: 43338.409: [Full GC [PSYoungGen: 403771K->0K(1632768K)] [PSOldGen: 4507381K->827864K(4778688K)] 4911153K->827864K(6411456K) [PSPermGen: 109671K->109671K(393216K)], 3.9123166 secs] [Times: user=3.92 sys=0.00, real=3.91 secs] 
2012-05-22T07:30:28.741+0200: 43352.540: [GC [PSYoungGen: 1228992K->148800K(1799296K)] 2056856K->976664K(6577984K), 0.1792282 secs] [Times: user=1.26 sys=0.00, real=0.17 secs] 
2012-05-22T07:30:54.433+0200: 43378.228: [GC [PSYoungGen: 1342226K->231764K(1783616K)] 2170090K->1202037K(6562304K), 0.4477427 secs] [Times: user=3.40 sys=0.00, real=0.44 secs] 
2012-05-22T07:31:09.877+0200: 43393.671: [GC [PSYoungGen: 1425364K->530625K(1683008K)] 2395637K->1673110K(6461696K), 0.8470169 secs] [Times: user=6.71 sys=0.00, real=0.84 secs] 
2012-05-22T07:31:30.578+0200: 43414.379: [GC [PSYoungGen: 1654913K->107473K(1756800K)] 2797398K->1666679K(6535488K), 1.3204360 secs] [Times: user=10.48 sys=0.00, real=1.33 secs] 
2012-05-22T07:32:29.747+0200: 43473.549: [GC [PSYoungGen: 1231761K->196229K(1790080K)] 2790967K->1817372K(6568768K), 0.3279545 secs] [Times: user=2.45 sys=0.00, real=0.33 secs] 
2012-05-22T07:32:54.535+0200: 43498.339: [GC [PSYoungGen: 1360965K->313603K(1763968K)] 2982108K->2094779K(6542656K), 0.6106743 secs] [Times: user=4.87 sys=0.00, real=0.61 secs] 
2012-05-22T07:33:16.343+0200: 43520.140: [GC [PSYoungGen: 1478339K->384928K(1774272K)] 3259515K->2420471K(6552960K), 1.4218381 secs] [Times: user=11.34 sys=0.00, real=1.42 secs] 
2012-05-22T07:33:37.699+0200: 43541.502: [GC [PSYoungGen: 1571936K->123632K(1788160K)] 3607479K->2544624K(6566848K), 0.6298601 secs] [Times: user=4.74 sys=0.00, real=0.62 secs] 
2012-05-22T07:34:07.104+0200: 43570.907: [GC [PSYoungGen: 1310640K->220596K(1823680K)] 3731632K->2763760K(6602368K), 0.4213538 secs] [Times: user=3.23 sys=0.00, real=0.42 secs] 
2012-05-22T07:34:25.730+0200: 43589.531: [GC [PSYoungGen: 1451060K->523169K(1753664K)] 3994224K->3227946K(6532352K), 0.8395762 secs] [Times: user=6.72 sys=0.00, real=0.84 secs] 
2012-05-22T07:34:46.025+0200: 43609.822: [GC [PSYoungGen: 1753633K->131985K(1765248K)] 4458410K->3254762K(6543936K), 1.3577559 secs] [Times: user=10.80 sys=0.00, real=1.36 secs] 
2012-05-22T07:35:24.900+0200: 43648.695: [GC [PSYoungGen: 1262865K->151466K(1754944K)] 4385642K->3359816K(6533632K), 0.4704587 secs] [Times: user=3.40 sys=0.00, real=0.47 secs] 
2012-05-22T07:35:34.260+0200: 43658.062: [GC [PSYoungGen: 1282346K->229007K(1813056K)] 4490696K->3570656K(6591744K), 0.4079924 secs] [Times: user=3.25 sys=0.00, real=0.41 secs] 
2012-05-22T07:35:51.701+0200: 43675.495: [GC [PSYoungGen: 1434575K->166116K(1781824K)] 4776224K->3700064K(6560512K), 0.6741078 secs] [Times: user=5.21 sys=0.00, real=0.67 secs] 
2012-05-22T07:36:12.886+0200: 43696.680: [GC [PSYoungGen: 1371684K->534797K(1678016K)] 4905632K->4198403K(6456704K), 0.8049918 secs] [Times: user=6.35 sys=0.00, real=0.80 secs] 
2012-05-22T07:36:36.629+0200: 43720.426: [GC [PSYoungGen: 1654605K->237360K(1754560K)] 5318211K->4306003K(6533248K), 1.0385528 secs] [Times: user=8.19 sys=0.00, real=1.03 secs] 
2012-05-22T07:36:51.418+0200: 43735.211: [GC [PSYoungGen: 1357168K->127237K(1794560K)] 5425811K->4432583K(6573248K), 0.4683642 secs] [Times: user=3.68 sys=0.00, real=0.47 secs] 
2012-05-22T07:37:10.684+0200: 43754.490: [GC [PSYoungGen: 1317445K->428205K(1618432K)] 5622791K->4814766K(6397120K), 0.7581468 secs] [Times: user=5.96 sys=0.00, real=0.76 secs] 
2012-05-22T07:37:11.448+0200: 43755.248: [Full GC [PSYoungGen: 428205K->0K(1618432K)] [PSOldGen: 4386560K->1385973K(4778688K)] 4814766K->1385973K(6397120K) [PSPermGen: 109694K->109694K(393216K)], 7.5797107 secs] [Times: user=7.58 sys=0.00, real=7.58 secs] 
2012-05-22T07:37:35.706+0200: 43779.499: [GC [PSYoungGen: 1190208K->284902K(1794688K)] 2576181K->1670875K(6573376K), 0.4207435 secs] [Times: user=3.09 sys=0.00, real=0.42 secs] 
2012-05-22T07:38:24.050+0200: 43827.843: [GC [PSYoungGen: 1454502K->123951K(1764224K)] 2840475K->1784510K(6542912K), 0.6577082 secs] [Times: user=4.82 sys=0.00, real=0.66 secs] 
2012-05-22T07:38:53.659+0200: 43857.457: [GC [PSYoungGen: 1293551K->222740K(1828480K)] 2954110K->2001731K(6607168K), 0.3746429 secs] [Times: user=2.96 sys=0.00, real=0.38 secs] 
2012-05-22T07:39:11.833+0200: 43875.626: [GC [PSYoungGen: 1463444K->530161K(1770880K)] 3242435K->2472701K(6549568K), 0.8514067 secs] [Times: user=6.72 sys=0.00, real=0.84 secs] 
2012-05-22T07:39:36.200+0200: 43899.991: [GC [PSYoungGen: 1770865K->230768K(1783360K)] 3713405K->2598093K(6562048K), 1.1216759 secs] [Times: user=8.86 sys=0.00, real=1.12 secs] 
2012-05-22T07:39:53.969+0200: 43917.764: [GC [PSYoungGen: 1395696K->165361K(1770880K)] 3763021K->2762965K(6549568K), 0.4825227 secs] [Times: user=3.76 sys=0.00, real=0.48 secs] 
2012-05-22T07:40:19.725+0200: 43943.513: [GC [PSYoungGen: 1330289K->454514K(1722944K)] 3927893K->3159926K(6501632K), 0.7924363 secs] [Times: user=6.04 sys=0.00, real=0.78 secs] 
2012-05-22T07:40:32.938+0200: 43956.736: [GC [PSYoungGen: 1585458K->307738K(1760128K)] 4290870K->3307152K(6538816K), 0.8119252 secs] [Times: user=6.40 sys=0.00, real=0.81 secs] 
2012-05-22T07:41:57.881+0200: 44041.666: [GC [PSYoungGen: 1438682K->108192K(1787264K)] 4438096K->3359791K(6565952K), 0.6323990 secs] [Times: user=4.65 sys=0.00, real=0.62 secs] 
2012-05-22T07:44:35.989+0200: 44199.773: [GC [PSYoungGen: 1292192K->24261K(1208320K)] 4543791K->3379045K(5987008K), 0.2977159 secs] [Times: user=1.95 sys=0.00, real=0.30 secs] 
2012-05-22T07:45:54.833+0200: 44278.611: [GC [PSYoungGen: 1208261K->23997K(1777024K)] 4563045K->3380043K(6555712K), 0.0949250 secs] [Times: user=0.28 sys=0.00, real=0.09 secs] 
2012-05-22T07:46:50.698+0200: 44334.485: [GC [PSYoungGen: 1190653K->22472K(1777984K)] 4546699K->3378949K(6556672K), 0.0815661 secs] [Times: user=0.30 sys=0.00, real=0.09 secs] 
2012-05-22T07:48:37.045+0200: 44440.827: [GC [PSYoungGen: 1189128K->22175K(1792576K)] 4545605K->3380586K(6571264K), 0.0828702 secs] [Times: user=0.39 sys=0.00, real=0.09 secs] 
2012-05-22T07:49:34.844+0200: 44498.620: [GC [PSYoungGen: 1208287K->64636K(1782848K)] 4566698K->3424936K(6561536K), 0.1205147 secs] [Times: user=0.89 sys=0.00, real=0.13 secs] 
2012-05-22T07:50:34.796+0200: 44558.563: [GC [PSYoungGen: 1250748K->56171K(1833920K)] 4611048K->3418368K(6612608K), 0.1089683 secs] [Times: user=0.76 sys=0.00, real=0.11 secs] 
2012-05-22T07:51:16.028+0200: 44599.804: [GC [PSYoungGen: 1314155K->31308K(1813376K)] 4676352K->3393504K(6592064K), 0.0881785 secs] [Times: user=0.33 sys=0.00, real=0.09 secs] 
2012-05-22T07:52:08.055+0200: 44651.822: [GC [PSYoungGen: 1289292K->116283K(1884992K)] 4651488K->3478479K(6663680K), 0.1897854 secs] [Times: user=1.26 sys=0.00, real=0.19 secs] 
2012-05-22T07:53:28.209+0200: 44731.971: [GC [PSYoungGen: 1463291K->118518K(1851328K)] 4825487K->3480714K(6630016K), 0.1793449 secs] [Times: user=0.98 sys=0.00, real=0.17 secs] 
2012-05-22T07:55:38.128+0200: 44861.891: [GC [PSYoungGen: 1465526K->136741K(1948608K)] 4827722K->3498937K(6727296K), 0.1784387 secs] [Times: user=1.23 sys=0.00, real=0.17 secs] 
2012-05-22T07:57:00.170+0200: 44943.938: [GC [PSYoungGen: 1612517K->250682K(1916480K)] 4974713K->3612878K(6695168K), 0.3067807 secs] [Times: user=2.20 sys=0.00, real=0.31 secs] 
2012-05-22T07:57:44.522+0200: 44988.272: [GC [PSYoungGen: 1726458K->164723K(1963520K)] 5088654K->3526919K(6742208K), 0.1798748 secs] [Times: user=1.05 sys=0.00, real=0.17 secs] 
2012-05-22T07:58:50.979+0200: 45054.737: [GC [PSYoungGen: 1677107K->186802K(1938176K)] 5039303K->3548998K(6716864K), 0.1907474 secs] [Times: user=1.37 sys=0.00, real=0.19 secs] 
2012-05-22T07:59:55.268+0200: 45119.021: [GC [PSYoungGen: 1699186K->192483K(1990720K)] 5061382K->3554679K(6769408K), 0.2016031 secs] [Times: user=1.31 sys=0.00, real=0.20 secs] 
2012-05-22T08:01:01.179+0200: 45184.931: [GC [PSYoungGen: 1772387K->149799K(1978496K)] 5134583K->3511995K(6757184K), 0.1678400 secs] [Times: user=0.95 sys=0.00, real=0.17 secs] 
2012-05-22T08:02:42.020+0200: 45285.761: [GC [PSYoungGen: 1729703K->170589K(2030336K)] 5091899K->3532785K(6809024K), 0.1805302 secs] [Times: user=1.23 sys=0.00, real=0.17 secs] 
2012-05-22T08:04:26.666+0200: 45390.411: [GC [PSYoungGen: 1824285K->153241K(2012672K)] 5186481K->3515437K(6791360K), 0.1636396 secs] [Times: user=0.97 sys=0.00, real=0.17 secs] 
2012-05-22T08:05:38.163+0200: 45461.896: [GC [PSYoungGen: 1806937K->173177K(2062016K)] 5169133K->3535373K(6840704K), 0.1939192 secs] [Times: user=1.15 sys=0.00, real=0.19 secs] 
2012-05-22T08:06:47.397+0200: 45531.127: [GC [PSYoungGen: 1894777K->158931K(2048896K)] 5256973K->3521127K(6827584K), 0.1848329 secs] [Times: user=0.94 sys=0.00, real=0.17 secs] 
2012-05-22T08:08:08.565+0200: 45612.293: [GC [PSYoungGen: 1880531K->179017K(2086592K)] 5242727K->3541213K(6865280K), 0.1888920 secs] [Times: user=1.19 sys=0.00, real=0.19 secs] 
2012-05-22T08:08:46.692+0200: 45650.430: [GC [PSYoungGen: 1954505K->160681K(2078208K)] 5316701K->3526429K(6856896K), 0.1913726 secs] [Times: user=1.12 sys=0.00, real=0.20 secs] 
2012-05-22T08:09:08.564+0200: 45672.297: [GC [PSYoungGen: 1936169K->237786K(2069888K)] 5301917K->3603550K(6848576K), 0.2515493 secs] [Times: user=2.00 sys=0.00, real=0.25 secs] 
2012-05-22T08:09:25.771+0200: 45689.497: [GC [PSYoungGen: 2018586K->304243K(2085056K)] 5384350K->3902366K(6863744K), 0.6995152 secs] [Times: user=5.48 sys=0.00, real=0.69 secs] 
2012-05-22T08:09:39.687+0200: 45703.413: [GC [PSYoungGen: 2085043K->304238K(1661376K)] 5683166K->4106447K(6440064K), 0.6706308 secs] [Times: user=5.15 sys=0.00, real=0.67 secs] 
2012-05-22T08:09:52.136+0200: 45715.866: [GC [PSYoungGen: 1661358K->516073K(1873216K)] 5463567K->4451682K(6651904K), 0.8585562 secs] [Times: user=6.75 sys=0.00, real=0.86 secs] 
2012-05-22T08:10:04.148+0200: 45727.871: [GC [PSYoungGen: 1873193K->516067K(1496640K)] 5808802K->4483560K(6275328K), 0.7197501 secs] [Times: user=5.44 sys=0.00, real=0.72 secs] 
2012-05-22T08:10:16.815+0200: 45740.547: [GC [PSYoungGen: 1496611K->704367K(1684928K)] 5464104K->4689781K(6463616K), 0.8804739 secs] [Times: user=6.90 sys=0.00, real=0.89 secs] 
2012-05-22T08:10:26.425+0200: 45750.154: [GC [PSYoungGen: 1684911K->704353K(1500864K)] 5670325K->4807911K(6279552K), 0.9336630 secs] [Times: user=7.41 sys=0.00, real=0.94 secs] 
2012-05-22T08:10:53.897+0200: 45777.633: [GC [PSYoungGen: 1500833K->703952K(1592896K)] 5604391K->4807942K(6371584K), 0.8118161 secs] [Times: user=6.38 sys=0.00, real=0.83 secs] 
2012-05-22T08:11:04.989+0200: 45788.711: [GC [PSYoungGen: 1500432K->796395K(1592896K)] 5604422K->4941940K(6371584K), 1.0032844 secs] [Times: user=7.43 sys=0.00, real=1.00 secs] 
2012-05-22T08:11:16.876+0200: 45800.607: [GC [PSYoungGen: 1592875K->734676K(1592896K)] 5738420K->5045214K(6371584K), 1.0726606 secs] [Times: user=8.52 sys=0.00, real=1.08 secs] 
2012-05-22T08:11:22.867+0200: 45806.594: [GC [PSYoungGen: 1531156K->500576K(1592896K)] 5841694K->5093813K(6371584K), 0.9138388 secs] [Times: user=7.15 sys=0.00, real=0.92 secs] 
2012-05-22T08:11:23.787+0200: 45807.508: [Full GC [PSYoungGen: 500576K->0K(1592896K)] [PSOldGen: 4593236K->1015100K(4778688K)] 5093813K->1015100K(6371584K) [PSPermGen: 109911K->109690K(393216K)], 6.6029545 secs] [Times: user=6.60 sys=0.00, real=6.60 secs] 
2012-05-22T08:11:38.015+0200: 45821.737: [GC [PSYoungGen: 796480K->69596K(1592896K)] 1811580K->1084696K(6371584K), 0.1333196 secs] [Times: user=0.94 sys=0.00, real=0.13 secs] 
2012-05-22T08:11:51.915+0200: 45835.633: [GC [PSYoungGen: 866076K->190728K(1592896K)] 1881176K->1205828K(6371584K), 0.2141791 secs] [Times: user=1.62 sys=0.00, real=0.20 secs] 
2012-05-22T08:11:57.718+0200: 45841.441: [GC [PSYoungGen: 987208K->224494K(1592896K)] 2002308K->1239594K(6371584K), 0.2272620 secs] [Times: user=1.75 sys=0.00, real=0.22 secs] 
2012-05-22T08:12:08.201+0200: 45851.921: [GC [PSYoungGen: 1020974K->148000K(1592896K)] 2036074K->1172476K(6371584K), 0.2180713 secs] [Times: user=1.54 sys=0.00, real=0.22 secs] 
2012-05-22T08:12:20.510+0200: 45864.238: [GC [PSYoungGen: 944480K->127583K(1592896K)] 1968956K->1289239K(6371584K), 0.3488289 secs] [Times: user=2.76 sys=0.00, real=0.36 secs] 
2012-05-22T08:12:29.340+0200: 45873.072: [GC [PSYoungGen: 924063K->101467K(1592896K)] 2085719K->1362379K(6371584K), 0.2783627 secs] [Times: user=2.23 sys=0.00, real=0.28 secs] 
2012-05-22T08:12:40.931+0200: 45884.653: [GC [PSYoungGen: 897947K->178687K(1592896K)] 2158859K->1529721K(6371584K), 0.3377934 secs] [Times: user=2.62 sys=0.00, real=0.33 secs] 
2012-05-22T08:12:48.185+0200: 45891.909: [GC [PSYoungGen: 975167K->10319K(1592896K)] 2326201K->1535142K(6371584K), 0.2479582 secs] [Times: user=2.00 sys=0.00, real=0.25 secs] 
2012-05-22T08:12:53.099+0200: 45896.818: [GC [PSYoungGen: 806799K->85410K(1592896K)] 2331622K->1610458K(6371584K), 0.1575311 secs] [Times: user=1.09 sys=0.00, real=0.16 secs] 
2012-05-22T08:13:04.113+0200: 45907.838: [GC [PSYoungGen: 881890K->156067K(1592896K)] 2406938K->1699382K(6371584K), 0.2285615 secs] [Times: user=1.65 sys=0.00, real=0.23 secs] 
2012-05-22T08:13:11.788+0200: 45915.514: [GC [PSYoungGen: 952547K->27893K(1592896K)] 2495862K->1718365K(6371584K), 0.2260732 secs] [Times: user=1.87 sys=0.00, real=0.23 secs] 
2012-05-22T08:13:24.487+0200: 45928.203: [GC [PSYoungGen: 824373K->76802K(1592896K)] 2514845K->1787938K(6371584K), 0.1523374 secs] [Times: user=1.12 sys=0.00, real=0.14 secs] 
2012-05-22T08:14:15.281+0200: 45979.007: [GC [PSYoungGen: 873282K->21990K(1592896K)] 2584418K->1734719K(6371584K), 0.0471860 secs] [Times: user=0.14 sys=0.00, real=0.05 secs] 
2012-05-22T08:15:07.808+0200: 46031.520: [GC [PSYoungGen: 818470K->39232K(1648960K)] 2531199K->1760208K(6427648K), 0.0864275 secs] [Times: user=0.38 sys=0.00, real=0.08 secs] 
2012-05-22T08:15:45.498+0200: 46069.217: [GC [PSYoungGen: 916928K->94422K(1618048K)] 2637904K->1816460K(6396736K), 0.1415252 secs] [Times: user=1.06 sys=0.00, real=0.14 secs] 
2012-05-22T08:16:21.472+0200: 46105.195: [GC [PSYoungGen: 972118K->69841K(1725760K)] 2694156K->1795302K(6504448K), 0.1020181 secs] [Times: user=0.78 sys=0.00, real=0.11 secs] 
2012-05-22T08:17:00.052+0200: 46143.770: [GC [PSYoungGen: 1096657K->112553K(1690368K)] 2822118K->1845222K(6469056K), 0.1619506 secs] [Times: user=1.26 sys=0.00, real=0.17 secs] 
2012-05-22T08:17:58.569+0200: 46202.276: [GC [PSYoungGen: 1139369K->48971K(1795904K)] 2872038K->1788841K(6574592K), 0.0745780 secs] [Times: user=0.44 sys=0.00, real=0.06 secs] 
2012-05-22T08:18:58.864+0200: 46262.573: [GC [PSYoungGen: 1223243K->28241K(1767680K)] 2963113K->1777077K(6546368K), 0.0751212 secs] [Times: user=0.22 sys=0.00, real=0.08 secs] 
2012-05-22T08:19:59.954+0200: 46323.662: [GC [PSYoungGen: 1202513K->83264K(1855488K)] 2951349K->1832100K(6634176K), 0.1198394 secs] [Times: user=0.87 sys=0.00, real=0.13 secs] 
2012-05-22T08:21:34.071+0200: 46417.768: [GC [PSYoungGen: 1370112K->30392K(1820672K)] 3118948K->1779228K(6599360K), 0.0501422 secs] [Times: user=0.11 sys=0.00, real=0.05 secs] 
2012-05-22T08:22:26.316+0200: 46470.025: [GC [PSYoungGen: 1317240K->19088K(1901248K)] 3066076K->1767924K(6679936K), 0.0497541 secs] [Times: user=0.20 sys=0.00, real=0.06 secs] 
2012-05-22T08:23:52.149+0200: 46555.851: [GC [PSYoungGen: 1410192K->25931K(1879168K)] 3159028K->1774767K(6657856K), 0.0480180 secs] [Times: user=0.13 sys=0.00, real=0.05 secs] 
2012-05-22T08:25:08.981+0200: 46632.684: [GC [PSYoungGen: 1417035K->19328K(1947520K)] 3165871K->1768164K(6726208K), 0.0539084 secs] [Times: user=0.14 sys=0.00, real=0.06 secs] 
2012-05-22T08:26:36.951+0200: 46720.641: [GC [PSYoungGen: 1502528K->23968K(1924992K)] 3251364K->1772804K(6703680K), 0.0458195 secs] [Times: user=0.14 sys=0.00, real=0.05 secs] 
2012-05-22T08:27:44.906+0200: 46788.593: [GC [PSYoungGen: 1507168K->53130K(1998464K)] 3256004K->1801966K(6777152K), 0.0858883 secs] [Times: user=0.36 sys=0.00, real=0.08 secs] 
2012-05-22T08:28:54.858+0200: 46858.546: [GC [PSYoungGen: 1633034K->103653K(1970752K)] 3381870K->1852489K(6749440K), 0.1455828 secs] [Times: user=0.97 sys=0.00, real=0.14 secs] 
2012-05-22T08:31:04.309+0200: 46987.986: [GC [PSYoungGen: 1683557K->171251K(2013952K)] 3432393K->1920087K(6792640K), 0.2346290 secs] [Times: user=1.53 sys=0.00, real=0.23 secs] 
2012-05-22T08:31:56.367+0200: 47040.050: [GC [PSYoungGen: 1817395K->371576K(2017728K)] 3566231K->2173966K(6796416K), 0.5297666 secs] [Times: user=4.02 sys=0.00, real=0.53 secs] 
2012-05-22T08:32:28.426+0200: 47072.099: [GC [PSYoungGen: 2017720K->371569K(1258048K)] 3820110K->2790798K(6036736K), 1.5895199 secs] [Times: user=12.34 sys=0.00, real=1.57 secs] 
2012-05-22T08:32:34.869+0200: 47078.551: [GC [PSYoungGen: 1252653K->700801K(1587328K)] 3671882K->3120062K(6366016K), 0.9753595 secs] [Times: user=7.54 sys=0.00, real=0.98 secs] 
2012-05-22T08:32:54.385+0200: 47098.068: [GC [PSYoungGen: 1587265K->796397K(1592896K)] 4006526K->3324044K(6371584K), 1.0893345 secs] [Times: user=8.08 sys=0.00, real=1.09 secs] 
2012-05-22T08:32:57.661+0200: 47101.333: [GC [PSYoungGen: 1592877K->778097K(1592896K)] 4120524K->3305962K(6371584K), 0.9973392 secs] [Times: user=7.27 sys=0.00, real=1.00 secs] 
2012-05-22T08:33:03.558+0200: 47107.232: [GC [PSYoungGen: 1574577K->744971K(1592896K)] 4102442K->3333886K(6371584K), 1.0104615 secs] [Times: user=7.28 sys=0.00, real=1.01 secs] 
2012-05-22T08:33:21.373+0200: 47125.053: [GC [PSYoungGen: 1541451K->570209K(1592896K)] 4130366K->3470445K(6371584K), 1.1873934 secs] [Times: user=8.95 sys=0.00, real=1.19 secs] 
2012-05-22T08:33:42.246+0200: 47145.917: [GC [PSYoungGen: 1366689K->361922K(1592896K)] 4266925K->3609523K(6371584K), 0.8729907 secs] [Times: user=6.63 sys=0.00, real=0.87 secs] 
2012-05-22T08:34:04.149+0200: 47167.828: [GC [PSYoungGen: 1158402K->410510K(1592896K)] 4406003K->3745005K(6371584K), 0.5478746 secs] [Times: user=4.18 sys=0.02, real=0.55 secs] 
2012-05-22T08:34:16.910+0200: 47180.591: [GC [PSYoungGen: 1206990K->456357K(1592896K)] 4541485K->3988860K(6371584K), 0.9136458 secs] [Times: user=7.36 sys=0.00, real=0.92 secs] 
2012-05-22T08:34:30.404+0200: 47194.078: [GC [PSYoungGen: 1252837K->466137K(1592896K)] 4785340K->4430061K(6371584K), 1.0888553 secs] [Times: user=8.64 sys=0.00, real=1.09 secs] 
2012-05-22T08:34:35.100+0200: 47198.777: [GC [PSYoungGen: 1262617K->265937K(1592896K)] 5226541K->4644168K(6371584K), 0.9579846 secs] [Times: user=7.15 sys=0.00, real=0.97 secs] 
2012-05-22T08:34:36.067+0200: 47199.735: [Full GC [PSYoungGen: 265937K->0K(1592896K)] [PSOldGen: 4378230K->2113337K(4778688K)] 4644168K->2113337K(6371584K) [PSPermGen: 109721K->109721K(393216K)], 12.6510974 secs] [Times: user=12.64 sys=0.02, real=12.65 secs] 
2012-05-22T08:34:59.655+0200: 47223.329: [GC [PSYoungGen: 796480K->119140K(1592896K)] 2909817K->2232478K(6371584K), 0.3250213 secs] [Times: user=2.62 sys=0.00, real=0.33 secs] 
2012-05-22T08:35:15.552+0200: 47239.225: [GC [PSYoungGen: 915620K->58272K(1592896K)] 3028958K->2220861K(6371584K), 0.7119034 secs] [Times: user=1.67 sys=0.00, real=0.72 secs] 
2012-05-22T08:35:26.799+0200: 47250.477: [GC [PSYoungGen: 854752K->148258K(1592896K)] 3017341K->2311726K(6371584K), 0.3004479 secs] [Times: user=2.17 sys=0.02, real=0.31 secs] 
2012-05-22T08:35:33.882+0200: 47257.559: [GC [PSYoungGen: 944738K->100384K(1592896K)] 3108206K->2406149K(6371584K), 0.3109995 secs] [Times: user=2.50 sys=0.00, real=0.31 secs] 
2012-05-22T08:35:41.651+0200: 47265.329: [GC [PSYoungGen: 896864K->205697K(1592896K)] 3202629K->2593877K(6371584K), 0.3694191 secs] [Times: user=3.00 sys=0.00, real=0.37 secs] 
2012-05-22T08:35:51.542+0200: 47275.213: [GC [PSYoungGen: 1002177K->186834K(1592896K)] 3390357K->2763583K(6371584K), 0.4701879 secs] [Times: user=3.53 sys=0.00, real=0.47 secs] 
2012-05-22T08:36:00.044+0200: 47283.708: [GC [PSYoungGen: 983314K->192767K(1592896K)] 3560063K->2931417K(6371584K), 0.4836138 secs] [Times: user=3.71 sys=0.00, real=0.48 secs] 
2012-05-22T08:36:04.552+0200: 47288.227: [GC [PSYoungGen: 989247K->62346K(1628608K)] 3727897K->2966337K(6407296K), 0.5043693 secs] [Times: user=3.96 sys=0.00, real=0.51 secs] 
2012-05-22T08:36:11.604+0200: 47295.277: [GC [PSYoungGen: 916618K->212111K(1614976K)] 3820609K->3166827K(6393664K), 0.3571277 secs] [Times: user=2.87 sys=0.00, real=0.36 secs] 
2012-05-22T08:36:19.014+0200: 47302.686: [GC [PSYoungGen: 1066383K->179306K(1706752K)] 4021099K->3297461K(6485440K), 0.4414591 secs] [Times: user=3.46 sys=0.00, real=0.44 secs] 
2012-05-22T08:36:25.971+0200: 47309.642: [GC [PSYoungGen: 1168810K->120209K(1672064K)] 4286965K->3411778K(6450752K), 0.4166783 secs] [Times: user=3.03 sys=0.00, real=0.42 secs] 
2012-05-22T08:36:32.492+0200: 47316.161: [GC [PSYoungGen: 1109713K->244870K(1767488K)] 4401282K->3630255K(6546176K), 0.4786306 secs] [Times: user=3.76 sys=0.00, real=0.48 secs] 
2012-05-22T08:36:43.101+0200: 47326.775: [GC [PSYoungGen: 1352838K->157668K(1729792K)] 4738223K->3739898K(6508480K), 0.5656704 secs] [Times: user=4.37 sys=0.02, real=0.58 secs] 
2012-05-22T08:36:51.571+0200: 47335.247: [GC [PSYoungGen: 1265636K->147326K(1817664K)] 4847866K->3885880K(6596352K), 0.3985006 secs] [Times: user=3.21 sys=0.00, real=0.41 secs] 
2012-05-22T08:36:59.372+0200: 47343.041: [GC [PSYoungGen: 1369470K->354345K(1793792K)] 5108024K->4204146K(6572480K), 0.6097184 secs] [Times: user=4.87 sys=0.00, real=0.61 secs] 
2012-05-22T08:37:17.577+0200: 47361.244: [GC [PSYoungGen: 1576489K->176787K(1828800K)] 5426290K->4350366K(6607488K), 0.6410112 secs] [Times: user=5.12 sys=0.00, real=0.64 secs] 
2012-05-22T08:37:25.783+0200: 47369.444: [GC [PSYoungGen: 1418579K->271135K(1802304K)] 5592158K->4576776K(6580992K), 0.5736610 secs] [Times: user=4.49 sys=0.00, real=0.56 secs] 
2012-05-22T08:37:35.393+0200: 47379.059: [GC [PSYoungGen: 1512927K->206132K(1872704K)] 5818568K->4706469K(6651392K), 0.8513622 secs] [Times: user=6.16 sys=0.00, real=0.84 secs] 
2012-05-22T08:37:36.235+0200: 47379.911: [Full GC [PSYoungGen: 206132K->0K(1872704K)] [PSOldGen: 4500336K->878903K(4778688K)] 4706469K->878903K(6651392K) [PSPermGen: 109749K->109749K(393216K)], 4.6131794 secs] [Times: user=4.62 sys=0.00, real=4.62 secs] 
2012-05-22T08:37:49.449+0200: 47393.119: [GC [PSYoungGen: 1328768K->160274K(1845376K)] 2207671K->1039177K(6624064K), 0.2269093 secs] [Times: user=1.84 sys=0.00, real=0.23 secs] 
2012-05-22T08:37:59.058+0200: 47402.728: [GC [PSYoungGen: 1489042K->292072K(1891648K)] 2367945K->1309035K(6670336K), 0.5490210 secs] [Times: user=4.34 sys=0.00, real=0.55 secs] 
2012-05-22T08:38:15.439+0200: 47419.111: [GC [PSYoungGen: 1684584K->216699K(1890176K)] 2701547K->1459383K(6668864K), 0.7067517 secs] [Times: user=5.58 sys=0.00, real=0.72 secs] 
2012-05-22T08:38:29.994+0200: 47433.663: [GC [PSYoungGen: 1609211K->315794K(1899968K)] 2851895K->1739137K(6678656K), 0.6564938 secs] [Times: user=5.24 sys=0.00, real=0.65 secs] 
2012-05-22T08:38:47.014+0200: 47450.677: [GC [PSYoungGen: 1743186K->437669K(1865088K)] 3166529K->2110604K(6643776K), 1.1183408 secs] [Times: user=8.88 sys=0.00, real=1.12 secs] 
2012-05-22T08:38:57.575+0200: 47461.241: [GC [PSYoungGen: 1865061K->346621K(1839104K)] 3537996K->2191830K(6617792K), 0.5978520 secs] [Times: user=4.70 sys=0.00, real=0.59 secs] 
2012-05-22T08:39:08.261+0200: 47471.927: [GC [PSYoungGen: 1661501K->30560K(1345472K)] 3506710K->2076223K(6124160K), 0.3759567 secs] [Times: user=2.98 sys=0.00, real=0.38 secs] 
2012-05-22T08:39:23.175+0200: 47486.841: [GC [PSYoungGen: 1345440K->300473K(1848512K)] 3391103K->2375677K(6627200K), 0.4654253 secs] [Times: user=3.51 sys=0.00, real=0.47 secs] 
2012-05-22T08:39:38.495+0200: 47502.161: [GC [PSYoungGen: 1599161K->416749K(1715456K)] 3674365K->2757861K(6494144K), 0.8608443 secs] [Times: user=6.86 sys=0.00, real=0.86 secs] 
2012-05-22T08:39:48.588+0200: 47512.246: [GC [PSYoungGen: 1715437K->282607K(1839424K)] 4056549K->2980897K(6618112K), 0.8784065 secs] [Times: user=6.99 sys=0.00, real=0.87 secs] 
2012-05-22T08:39:59.337+0200: 47523.005: [GC [PSYoungGen: 1547887K->222731K(1815168K)] 4246177K->3176474K(6593856K), 0.6583820 secs] [Times: user=5.21 sys=0.00, real=0.67 secs] 
2012-05-22T08:40:20.147+0200: 47543.809: [GC [PSYoungGen: 1488011K->293028K(1875520K)] 4441754K->3453158K(6654208K), 0.6717250 secs] [Times: user=5.37 sys=0.00, real=0.67 secs] 
2012-05-22T08:40:35.327+0200: 47558.996: [GC [PSYoungGen: 1639588K->370282K(1860352K)] 4799718K->3759267K(6639040K), 0.7776198 secs] [Times: user=6.18 sys=0.00, real=0.78 secs] 
2012-05-22T08:40:43.111+0200: 47566.767: [GC [PSYoungGen: 1716842K->371845K(1840576K)] 5105827K->4067769K(6619264K), 0.8560868 secs] [Times: user=6.69 sys=0.00, real=0.86 secs] 
2012-05-22T08:40:57.588+0200: 47581.244: [GC [PSYoungGen: 1684549K->190415K(1851008K)] 5380473K->4247249K(6629696K), 0.7519568 secs] [Times: user=5.93 sys=0.00, real=0.75 secs] 
2012-05-22T08:41:07.916+0200: 47591.577: [GC [PSYoungGen: 1503119K->225638K(1877056K)] 5559953K->4439976K(6655744K), 0.7043889 secs] [Times: user=5.55 sys=0.00, real=0.70 secs] 
2012-05-22T08:41:21.332+0200: 47604.988: [GC [PSYoungGen: 1573606K->422359K(1770368K)] 5787944K->4837637K(6549056K), 0.8102504 secs] [Times: user=6.35 sys=0.00, real=0.81 secs] 
2012-05-22T08:41:22.143+0200: 47605.798: [Full GC [PSYoungGen: 422359K->0K(1770368K)] [PSOldGen: 4415278K->1168787K(4778688K)] 4837637K->1168787K(6549056K) [PSPermGen: 109755K->109755K(393216K)], 7.3235571 secs] [Times: user=7.32 sys=0.00, real=7.32 secs] 
2012-05-22T08:41:44.374+0200: 47628.035: [GC [PSYoungGen: 1347968K->351758K(1846528K)] 2516755K->1520545K(6625216K), 0.4499438 secs] [Times: user=3.62 sys=0.00, real=0.45 secs] 
2012-05-22T08:41:52.844+0200: 47636.504: [GC [PSYoungGen: 1654094K->299236K(1845120K)] 2822881K->1583840K(6623808K), 0.5063640 secs] [Times: user=3.92 sys=0.00, real=0.51 secs] 
2012-05-22T08:42:01.846+0200: 47645.505: [GC [PSYoungGen: 1601572K->159040K(1868928K)] 2886176K->1716128K(6647616K), 0.5845357 secs] [Times: user=4.49 sys=0.00, real=0.59 secs] 
2012-05-22T08:42:15.122+0200: 47658.777: [GC [PSYoungGen: 1507712K->273877K(1868992K)] 3064800K->1947778K(6647680K), 0.7022590 secs] [Times: user=5.57 sys=0.00, real=0.70 secs] 
2012-05-22T08:42:27.618+0200: 47671.272: [GC [PSYoungGen: 1622549K->264254K(1911360K)] 3296450K->2081197K(6690048K), 0.5153285 secs] [Times: user=4.12 sys=0.00, real=0.51 secs] 
2012-05-22T08:42:47.056+0200: 47690.711: [GC [PSYoungGen: 1678334K->369937K(1892032K)] 3495277K->2450669K(6670720K), 0.7433795 secs] [Times: user=5.99 sys=0.00, real=0.75 secs] 
2012-05-22T08:42:55.948+0200: 47699.610: [GC [PSYoungGen: 1784017K->209309K(1904576K)] 3864749K->2601297K(6683264K), 0.9759022 secs] [Times: user=7.82 sys=0.00, real=0.98 secs] 
2012-05-22T08:43:30.783+0200: 47734.441: [GC [PSYoungGen: 1621789K->99847K(1512384K)] 4013777K->2693475K(6291072K), 0.4576436 secs] [Times: user=3.26 sys=0.00, real=0.47 secs] 
2012-05-22T08:44:06.009+0200: 47769.663: [GC [PSYoungGen: 1512327K->460573K(1793792K)] 4105955K->3117840K(6572480K), 0.6039785 secs] [Times: user=4.85 sys=0.00, real=0.61 secs] 
2012-05-22T08:44:23.309+0200: 47786.970: [GC [PSYoungGen: 1759709K->83592K(1382784K)] 4416976K->3143053K(6161472K), 1.1332341 secs] [Times: user=8.84 sys=0.00, real=1.12 secs] 
2012-05-22T08:44:49.065+0200: 47812.721: [GC [PSYoungGen: 1382728K->338073K(1837760K)] 4442189K->3461722K(6616448K), 0.5339649 secs] [Times: user=4.21 sys=0.00, real=0.53 secs] 
2012-05-22T08:45:28.690+0200: 47852.341: [GC [PSYoungGen: 1623577K->65202K(1350720K)] 4747226K->3487948K(6129408K), 0.7412916 secs] [Times: user=5.73 sys=0.00, real=0.75 secs] 
2012-05-22T08:46:08.471+0200: 47892.118: [GC [PSYoungGen: 1350706K->1729K(1809216K)] 4773452K->3430169K(6587904K), 0.0538751 secs] [Times: user=0.31 sys=0.00, real=0.05 secs] 
2012-05-22T08:53:44.546+0200: 48348.185: [GC [PSYoungGen: 1252993K->10480K(1261760K)] 4681433K->3439273K(6040448K), 0.0616548 secs] [Times: user=0.19 sys=0.00, real=0.06 secs] 
2012-05-22T08:55:25.792+0200: 48449.414: [GC [PSYoungGen: 1261744K->78953K(1834304K)] 4690537K->3508074K(6612992K), 0.1360500 secs] [Times: user=0.81 sys=0.00, real=0.13 secs] 
2012-05-22T08:56:59.721+0200: 48543.339: [GC [PSYoungGen: 1342441K->3872K(1818496K)] 4771562K->3432993K(6597184K), 0.0372165 secs] [Times: user=0.13 sys=0.00, real=0.03 secs] 
2012-05-22T09:04:34.766+0200: 48998.372: [GC [PSYoungGen: 1267360K->12476K(1849920K)] 4696481K->3441597K(6628608K), 0.0447285 secs] [Times: user=0.16 sys=0.00, real=0.05 secs] 
2012-05-22T09:05:32.051+0200: 49055.663: [GC [PSYoungGen: 1312188K->113274K(1839104K)] 4741309K->3542395K(6617792K), 0.2112726 secs] [Times: user=1.40 sys=0.00, real=0.22 secs] 
2012-05-22T09:06:25.170+0200: 49108.766: [GC [PSYoungGen: 1412986K->31328K(1896320K)] 4842107K->3460449K(6675008K), 0.0603759 secs] [Times: user=0.37 sys=0.00, real=0.05 secs] 
2012-05-22T09:06:57.743+0200: 49141.343: [GC [PSYoungGen: 1419360K->257564K(1881024K)] 4848481K->3686685K(6659712K), 0.3845581 secs] [Times: user=2.54 sys=0.00, real=0.39 secs] 
2012-05-22T09:07:18.523+0200: 49162.119: [GC [PSYoungGen: 1645596K->501375K(1503680K)] 5074717K->4194297K(6282368K), 1.1859460 secs] [Times: user=8.80 sys=0.00, real=1.18 secs] 
2012-05-22T09:07:34.435+0200: 49178.040: [GC [PSYoungGen: 1500676K->641957K(1644288K)] 5193597K->4335499K(6422976K), 0.8915314 secs] [Times: user=6.71 sys=0.00, real=0.89 secs] 
2012-05-22T09:07:53.358+0200: 49196.957: [GC [PSYoungGen: 1644261K->630097K(1541504K)] 5337803K->4325316K(6320192K), 0.9358472 secs] [Times: user=6.80 sys=0.00, real=0.94 secs] 
2012-05-22T09:07:59.021+0200: 49202.620: [GC [PSYoungGen: 1426577K->538273K(1592896K)] 5121796K->4330545K(6371584K), 0.9546756 secs] [Times: user=7.24 sys=0.02, real=0.95 secs] 
2012-05-22T09:08:13.857+0200: 49217.464: [GC [PSYoungGen: 1334753K->243633K(1592896K)] 5127025K->4449909K(6371584K), 1.0760653 secs] [Times: user=8.21 sys=0.00, real=1.08 secs] 
2012-05-22T09:08:28.818+0200: 49232.409: [GC [PSYoungGen: 1040113K->254292K(1592896K)] 5246389K->4585152K(6371584K), 0.4669321 secs] [Times: user=3.35 sys=0.02, real=0.47 secs] 
2012-05-22T09:08:36.789+0200: 49240.385: [GC [PSYoungGen: 1050772K->325119K(1608768K)] 5381632K->4839384K(6387456K), 0.7796514 secs] [Times: user=6.02 sys=0.00, real=0.78 secs] 
2012-05-22T09:08:37.569+0200: 49241.165: [Full GC [PSYoungGen: 325119K->0K(1608768K)] [PSOldGen: 4514265K->1042307K(4778688K)] 4839384K->1042307K(6387456K) [PSPermGen: 109821K->109785K(393216K)], 8.5057927 secs] [Times: user=8.49 sys=0.00, real=8.50 secs] 
2012-05-22T09:08:53.216+0200: 49256.810: [GC [PSYoungGen: 812352K->301342K(1592896K)] 1854659K->1343649K(6371584K), 0.3882152 secs] [Times: user=2.81 sys=0.00, real=0.39 secs] 
2012-05-22T09:09:04.199+0200: 49267.801: [GC [PSYoungGen: 1113694K->179072K(1676480K)] 2156001K->1497840K(6455168K), 0.6431723 secs] [Times: user=4.74 sys=0.00, real=0.66 secs] 
2012-05-22T09:09:15.182+0200: 49278.786: [GC [PSYoungGen: 1121472K->64513K(1655232K)] 2440240K->1531605K(6433920K), 0.4632688 secs] [Times: user=3.32 sys=0.02, real=0.47 secs] 
2012-05-22T09:10:28.238+0200: 49351.825: [GC [PSYoungGen: 1006913K->126261K(1698880K)] 2474005K->1651431K(6477568K), 0.3369676 secs] [Times: user=1.93 sys=0.00, real=0.33 secs] 
2012-05-22T09:10:55.242+0200: 49378.828: [GC [PSYoungGen: 1115317K->211955K(1679488K)] 2640487K->1841033K(6458176K), 0.3925139 secs] [Times: user=2.64 sys=0.00, real=0.39 secs] 
2012-05-22T09:11:12.418+0200: 49396.017: [GC [PSYoungGen: 1201011K->31873K(1737728K)] 2830089K->1667215K(6516416K), 0.0581472 secs] [Times: user=0.42 sys=0.00, real=0.06 secs] 
2012-05-22T09:11:20.780+0200: 49404.371: [GC [PSYoungGen: 1115137K->138408K(1734848K)] 2750479K->1803023K(6513536K), 0.2081126 secs] [Times: user=1.51 sys=0.00, real=0.20 secs] 
2012-05-22T09:11:32.027+0200: 49415.612: [GC [PSYoungGen: 1221672K->292976K(1778048K)] 2886287K->2076939K(6556736K), 0.5764938 secs] [Times: user=4.13 sys=0.00, real=0.58 secs] 
2012-05-22T09:11:42.605+0200: 49426.203: [GC [PSYoungGen: 1446128K->265206K(1764416K)] 3230091K->2326818K(6543104K), 0.7407908 secs] [Times: user=5.62 sys=0.00, real=0.75 secs] 
2012-05-22T09:12:00.170+0200: 49443.765: [GC [PSYoungGen: 1418358K->174174K(1828288K)] 3479970K->2462762K(6606976K), 0.5824780 secs] [Times: user=4.09 sys=0.00, real=0.59 secs] 
2012-05-22T09:12:33.477+0200: 49477.060: [GC [PSYoungGen: 1415710K->244005K(1802560K)] 3704298K->2690671K(6581248K), 0.5532070 secs] [Times: user=4.06 sys=0.00, real=0.55 secs] 
2012-05-22T09:13:01.261+0200: 49504.849: [GC [PSYoungGen: 1485541K->369607K(1811328K)] 3932207K->3048271K(6590016K), 1.1169625 secs] [Times: user=6.15 sys=0.00, real=1.12 secs] 
2012-05-22T09:13:18.141+0200: 49521.727: [GC [PSYoungGen: 1646727K->556095K(1833216K)] 4325391K->3875607K(6611904K), 1.7338518 secs] [Times: user=12.75 sys=0.00, real=1.73 secs] 
2012-05-22T09:13:25.457+0200: 49529.041: [GC [PSYoungGen: 1833215K->486527K(1352576K)] 5152727K->4268515K(6131264K), 1.1974826 secs] [Times: user=8.92 sys=0.00, real=1.20 secs] 
2012-05-22T09:13:31.978+0200: 49535.565: [GC [PSYoungGen: 1283007K->192303K(1592896K)] 5064995K->4452041K(6371584K), 0.9328761 secs] [Times: user=7.30 sys=0.00, real=0.94 secs] 
2012-05-22T09:13:32.914+0200: 49536.498: [Full GC [PSYoungGen: 192303K->0K(1592896K)] [PSOldGen: 4259738K->1198814K(4778688K)] 4452041K->1198814K(6371584K) [PSPermGen: 109791K->109791K(393216K)], 6.7140471 secs] [Times: user=6.71 sys=0.00, real=6.71 secs] 
2012-05-22T09:13:47.329+0200: 49550.916: [GC [PSYoungGen: 796480K->218229K(1592896K)] 1995294K->1417043K(6371584K), 0.2911389 secs] [Times: user=2.26 sys=0.00, real=0.30 secs] 
2012-05-22T09:13:56.346+0200: 49559.933: [GC [PSYoungGen: 1014709K->154755K(1592896K)] 2213523K->1555786K(6371584K), 0.3359052 secs] [Times: user=2.62 sys=0.00, real=0.34 secs] 
2012-05-22T09:13:58.748+0200: 49562.341: [GC [PSYoungGen: 951235K->258068K(1629184K)] 2352266K->1787766K(6407872K), 0.4382535 secs] [Times: user=3.49 sys=0.00, real=0.44 secs] 
2012-05-22T09:14:00.932+0200: 49564.516: [GC [PSYoungGen: 1090836K->105929K(1592896K)] 2620534K->1890901K(6371584K), 0.3822541 secs] [Times: user=2.99 sys=0.00, real=0.38 secs] 
2012-05-22T09:14:02.539+0200: 49566.130: [GC [PSYoungGen: 938697K->42271K(1647104K)] 2723669K->1929525K(6425792K), 0.1945669 secs] [Times: user=1.53 sys=0.00, real=0.20 secs] 
2012-05-22T09:14:04.286+0200: 49567.874: [GC [PSYoungGen: 941535K->19386K(1641472K)] 2828789K->1931233K(6420160K), 0.1001201 secs] [Times: user=0.67 sys=0.00, real=0.11 secs] 
2012-05-22T09:14:13.865+0200: 49577.456: [GC [PSYoungGen: 918650K->103436K(1682304K)] 2830497K->2019451K(6460992K), 0.1449249 secs] [Times: user=1.19 sys=0.00, real=0.16 secs] 
2012-05-22T09:14:23.210+0200: 49586.800: [GC [PSYoungGen: 1051148K->259794K(1654720K)] 2967163K->2275016K(6433408K), 0.4771335 secs] [Times: user=3.74 sys=0.00, real=0.48 secs] 
2012-05-22T09:14:34.691+0200: 49598.281: [GC [PSYoungGen: 1207506K->199353K(1756992K)] 3222728K->2461536K(6535680K), 0.6124053 secs] [Times: user=4.90 sys=0.00, real=0.62 secs] 
2012-05-22T09:14:44.722+0200: 49608.299: [GC [PSYoungGen: 1283833K->214206K(1716800K)] 3546016K->2643165K(6495488K), 0.6143565 secs] [Times: user=4.70 sys=0.00, real=0.61 secs] 
2012-05-22T09:14:54.722+0200: 49618.308: [GC [PSYoungGen: 1298686K->282517K(1811200K)] 3727645K->2912238K(6589888K), 0.6859634 secs] [Times: user=5.29 sys=0.00, real=0.69 secs] 
2012-05-22T09:15:13.552+0200: 49637.135: [GC [PSYoungGen: 1500885K->202069K(1796480K)] 4130606K->3111535K(6575168K), 0.7986959 secs] [Times: user=4.84 sys=0.00, real=0.79 secs] 
2012-05-22T09:15:21.524+0200: 49645.103: [GC [PSYoungGen: 1420437K->268127K(1858176K)] 4329903K->3343888K(6636864K), 0.8856706 secs] [Times: user=4.41 sys=0.00, real=0.89 secs] 
2012-05-22T09:15:28.372+0200: 49651.962: [GC [PSYoungGen: 1578719K->142082K(1841728K)] 4654480K->3421081K(6620416K), 0.7157597 secs] [Times: user=4.73 sys=0.00, real=0.72 secs] 
2012-05-22T09:15:34.565+0200: 49658.150: [GC [PSYoungGen: 1452674K->260715K(1888192K)] 4731673K->3622736K(6666880K), 0.5019046 secs] [Times: user=3.93 sys=0.00, real=0.50 secs] 
2012-05-22T09:15:42.319+0200: 49665.909: [GC [PSYoungGen: 1633003K->284263K(1873408K)] 4995024K->3830246K(6652096K), 0.6306106 secs] [Times: user=4.68 sys=0.02, real=0.64 secs] 
2012-05-22T09:15:48.590+0200: 49672.168: [GC [PSYoungGen: 1656551K->439432K(1792384K)] 5202534K->4248347K(6571072K), 1.0128627 secs] [Times: user=8.11 sys=0.00, real=1.01 secs] 
2012-05-22T09:15:55.532+0200: 49679.112: [GC [PSYoungGen: 1736392K->433645K(1730624K)] 5545307K->4639935K(6509312K), 1.1639294 secs] [Times: user=8.44 sys=0.00, real=1.17 secs] 
2012-05-22T09:16:06.125+0200: 49689.706: [GC [PSYoungGen: 1730605K->583968K(1380480K)] 5936895K->5331814K(6159168K), 1.2764586 secs] [Times: user=9.95 sys=0.02, real=1.28 secs] 
2012-05-22T09:16:07.404+0200: 49690.982: [Full GC [PSYoungGen: 583968K->0K(1380480K)] [PSOldGen: 4747846K->2812277K(4778688K)] 5331814K->2812277K(6159168K) [PSPermGen: 109819K->109819K(393216K)], 17.7603099 secs] [Times: user=17.74 sys=0.02, real=17.75 secs] 
2012-05-22T09:16:27.497+0200: 49711.081: [GC [PSYoungGen: 796480K->274429K(1592896K)] 3608757K->3086706K(6371584K), 0.4841611 secs] [Times: user=3.87 sys=0.00, real=0.48 secs] 
2012-05-22T09:16:30.680+0200: 49714.260: [GC [PSYoungGen: 1070909K->198602K(1592896K)] 3883186K->3285606K(6371584K), 0.6823697 secs] [Times: user=5.49 sys=0.00, real=0.69 secs] 
2012-05-22T09:16:35.266+0200: 49718.845: [GC [PSYoungGen: 995082K->166817K(1592896K)] 4082086K->3415335K(6371584K), 0.5540989 secs] [Times: user=4.37 sys=0.00, real=0.55 secs] 
2012-05-22T09:16:40.960+0200: 49724.542: [GC [PSYoungGen: 963297K->152447K(1619776K)] 4211815K->3541334K(6398464K), 0.5469182 secs] [Times: user=4.24 sys=0.00, real=0.55 secs] 
2012-05-22T09:16:47.856+0200: 49731.440: [GC [PSYoungGen: 983167K->321233K(1600256K)] 4372054K->3810205K(6378944K), 1.3425299 secs] [Times: user=10.44 sys=0.02, real=1.34 secs] 
2012-05-22T09:16:54.767+0200: 49738.353: [GC [PSYoungGen: 1151953K->69784K(1662208K)] 4640925K->3605821K(6440896K), 0.2154115 secs] [Times: user=1.53 sys=0.00, real=0.22 secs] 
2012-05-22T09:17:00.398+0200: 49743.973: [GC [PSYoungGen: 1001432K->90283K(1658752K)] 4537469K->3626666K(6437440K), 0.1767163 secs] [Times: user=1.26 sys=0.00, real=0.17 secs] 
2012-05-22T09:17:09.244+0200: 49752.829: [GC [PSYoungGen: 1021931K->120929K(1696896K)] 4558314K->3658993K(6475584K), 0.2941294 secs] [Times: user=1.95 sys=0.00, real=0.30 secs] 
2012-05-22T09:17:18.354+0200: 49761.934: [GC [PSYoungGen: 1103585K->60875K(1675072K)] 4641649K->3689277K(6453760K), 0.3221788 secs] [Times: user=1.95 sys=0.00, real=0.33 secs] 
2012-05-22T09:17:24.953+0200: 49768.527: [GC [PSYoungGen: 1043531K->382855K(1685376K)] 4671933K->4067326K(6464064K), 0.5988058 secs] [Times: user=4.70 sys=0.00, real=0.59 secs] 
2012-05-22T09:17:35.296+0200: 49778.869: [GC [PSYoungGen: 1388999K->139265K(1697728K)] 5073470K->4143389K(6476416K), 0.6990248 secs] [Times: user=5.27 sys=0.00, real=0.69 secs] 
2012-05-22T09:17:46.247+0200: 49789.827: [GC [PSYoungGen: 1145409K->179161K(1759104K)] 5149533K->4285202K(6537792K), 0.4147767 secs] [Times: user=3.34 sys=0.00, real=0.42 secs] 
2012-05-22T09:17:55.093+0200: 49798.674: [GC [PSYoungGen: 1273945K->268399K(1724992K)] 5379986K->4454783K(6503680K), 0.4890050 secs] [Times: user=3.98 sys=0.00, real=0.50 secs] 
2012-05-22T09:18:07.370+0200: 49810.942: [GC [PSYoungGen: 1363183K->158017K(1809088K)] 5549567K->4541232K(6587776K), 0.5077592 secs] [Times: user=3.96 sys=0.00, real=0.50 secs] 
2012-05-22T09:18:07.870+0200: 49811.450: [Full GC [PSYoungGen: 158017K->0K(1809088K)] [PSOldGen: 4383214K->1319915K(4778688K)] 4541232K->1319915K(6587776K) [PSPermGen: 109826K->109826K(393216K)], 7.1096262 secs] [Times: user=7.11 sys=0.00, real=7.11 secs] 
2012-05-22T09:18:23.376+0200: 49826.953: [GC [PSYoungGen: 1203904K->237572K(1784128K)] 2523819K->1557487K(6562816K), 0.3354762 secs] [Times: user=2.53 sys=0.00, real=0.34 secs] 
2012-05-22T09:18:36.824+0200: 49840.395: [GC [PSYoungGen: 1441476K->199977K(1867776K)] 2761391K->1727018K(6646464K), 0.7077260 secs] [Times: user=5.52 sys=0.00, real=0.70 secs] 
2012-05-22T09:18:48.415+0200: 49851.998: [GC [PSYoungGen: 1518121K->237997K(1839680K)] 3045162K->1911727K(6618368K), 0.4921691 secs] [Times: user=3.96 sys=0.00, real=0.50 secs] 
2012-05-22T09:19:00.224+0200: 49863.798: [GC [PSYoungGen: 1556141K->185772K(1912768K)] 3229871K->2061564K(6691456K), 0.5182294 secs] [Times: user=4.06 sys=0.00, real=0.52 secs] 
2012-05-22T09:19:11.784+0200: 49875.365: [GC [PSYoungGen: 1601260K->143899K(1892032K)] 3477052K->2146942K(6670720K), 0.5855125 secs] [Times: user=4.60 sys=0.00, real=0.59 secs] 
2012-05-22T09:19:25.263+0200: 49888.840: [GC [PSYoungGen: 1559387K->364920K(1863040K)] 3562430K->2471073K(6641728K), 0.6494201 secs] [Times: user=5.21 sys=0.00, real=0.65 secs] 
2012-05-22T09:19:38.679+0200: 49902.246: [GC [PSYoungGen: 1764024K->295118K(1894208K)] 3870177K->2756599K(6672896K), 0.8466585 secs] [Times: user=6.65 sys=0.00, real=0.84 secs] 
2012-05-22T09:19:47.867+0200: 49911.447: [GC [PSYoungGen: 1694222K->315631K(1887872K)] 4155703K->2998223K(6666560K), 0.8301827 secs] [Times: user=6.40 sys=0.00, real=0.84 secs] 
2012-05-22T09:20:01.393+0200: 49924.967: [GC [PSYoungGen: 1710255K->311290K(1891968K)] 4392847K->3222563K(6670656K), 0.7547922 secs] [Times: user=5.74 sys=0.00, real=0.76 secs] 
2012-05-22T09:20:18.850+0200: 49942.428: [GC [PSYoungGen: 1705914K->437510K(1802624K)] 4617187K->3621469K(6581312K), 0.9527418 secs] [Times: user=7.61 sys=0.00, real=0.95 secs] 
2012-05-22T09:20:31.845+0200: 49955.416: [GC [PSYoungGen: 1742918K->275723K(1847360K)] 4926877K->3852092K(6626048K), 0.8520355 secs] [Times: user=6.83 sys=0.00, real=0.86 secs] 
2012-05-22T09:20:43.545+0200: 49967.116: [GC [PSYoungGen: 1581131K->400314K(1824640K)] 5157500K->4209675K(6603328K), 0.8655950 secs] [Times: user=6.86 sys=0.00, real=0.86 secs] 
2012-05-22T09:20:53.982+0200: 49977.549: [GC [PSYoungGen: 1707642K->94065K(1401408K)] 5517003K->4205019K(6180096K), 0.8298392 secs] [Times: user=6.55 sys=0.00, real=0.83 secs] 
2012-05-22T09:21:06.696+0200: 49990.270: [GC [PSYoungGen: 1401393K->421330K(1782016K)] 5512347K->4607491K(6560704K), 0.6928829 secs] [Times: user=5.62 sys=0.00, real=0.70 secs] 
2012-05-22T09:21:18.193+0200: 50001.762: [GC [PSYoungGen: 1656210K->215433K(1812096K)] 5842371K->4756298K(6590784K), 0.9820891 secs] [Times: user=7.86 sys=0.00, real=0.98 secs] 
2012-05-22T09:21:19.176+0200: 50002.745: [Full GC [PSYoungGen: 215433K->0K(1812096K)] [PSOldGen: 4540865K->811580K(4778688K)] 4756298K->811580K(6590784K) [PSPermGen: 109827K->109801K(393216K)], 6.6772529 secs] [Times: user=6.68 sys=0.00, real=6.68 secs] 
2012-05-22T09:21:35.369+0200: 50018.939: [GC [PSYoungGen: 1234880K->305671K(1847488K)] 2046460K->1117251K(6626176K), 0.4131548 secs] [Times: user=3.24 sys=0.00, real=0.42 secs] 
2012-05-22T09:21:46.009+0200: 50029.575: [GC [PSYoungGen: 1594887K->116277K(1831040K)] 2406467K->1164082K(6609728K), 0.5861505 secs] [Times: user=4.60 sys=0.00, real=0.58 secs] 
2012-05-22T09:21:57.475+0200: 50041.050: [GC [PSYoungGen: 1405493K->308017K(1857344K)] 2453298K->1423017K(6636032K), 0.5147730 secs] [Times: user=4.12 sys=0.00, real=0.52 secs] 
2012-05-22T09:22:09.893+0200: 50053.464: [GC [PSYoungGen: 1622897K->117366K(1846848K)] 2737897K->1449879K(6625536K), 0.4570886 secs] [Times: user=3.56 sys=0.00, real=0.47 secs] 
2012-05-22T09:22:20.828+0200: 50064.391: [GC [PSYoungGen: 1432246K->274262K(1878080K)] 2764759K->1690895K(6656768K), 0.5185018 secs] [Times: user=3.90 sys=0.00, real=0.51 secs] 
2012-05-22T09:22:32.076+0200: 50075.640: [GC [PSYoungGen: 1622038K->198575K(1859008K)] 3038671K->1801803K(6637696K), 0.5725699 secs] [Times: user=4.49 sys=0.00, real=0.56 secs] 
2012-05-22T09:22:45.321+0200: 50088.895: [GC [PSYoungGen: 1546351K->316135K(1893248K)] 3149579K->1983477K(6671936K), 0.5458405 secs] [Times: user=4.24 sys=0.02, real=0.55 secs] 
2012-05-22T09:22:58.706+0200: 50102.275: [GC [PSYoungGen: 1714855K->137366K(1894016K)] 3382197K->1952983K(6672704K), 0.6110972 secs] [Times: user=4.84 sys=0.00, real=0.61 secs] 
2012-05-22T09:23:10.781+0200: 50114.340: [GC [PSYoungGen: 1536086K->249577K(1920448K)] 3351703K->2165611K(6699136K), 0.4874122 secs] [Times: user=3.71 sys=0.00, real=0.48 secs] 
2012-05-22T09:23:26.693+0200: 50130.251: [GC [PSYoungGen: 1678953K->273809K(1898240K)] 3594987K->2412059K(6676928K), 0.6552717 secs] [Times: user=5.21 sys=0.00, real=0.65 secs] 
2012-05-22T09:23:46.240+0200: 50149.798: [GC [PSYoungGen: 1703185K->186295K(1942656K)] 3841435K->2489034K(6721344K), 0.7302756 secs] [Times: user=5.68 sys=0.00, real=0.72 secs] 
2012-05-22T09:24:10.186+0200: 50173.749: [GC [PSYoungGen: 1671351K->400169K(1885248K)] 3974090K->2856445K(6663936K), 0.7571049 secs] [Times: user=6.01 sys=0.02, real=0.76 secs] 
2012-05-22T09:24:36.177+0200: 50199.740: [GC [PSYoungGen: 1885225K->325059K(1898880K)] 4341501K->3086486K(6677568K), 1.0836356 secs] [Times: user=8.56 sys=0.00, real=1.09 secs] 
2012-05-22T09:25:02.432+0200: 50225.999: [GC [PSYoungGen: 1738755K->53434K(1467136K)] 4500182K->2821123K(6245824K), 0.1022449 secs] [Times: user=0.76 sys=0.00, real=0.11 secs] 
2012-05-22T09:25:23.196+0200: 50246.755: [GC [PSYoungGen: 1467130K->329335K(1875648K)] 4234819K->3097024K(6654336K), 0.4560559 secs] [Times: user=3.57 sys=0.00, real=0.45 secs] 
2012-05-22T09:25:34.553+0200: 50258.106: [GC [PSYoungGen: 1703991K->507299K(1881984K)] 4471680K->3382324K(6660672K), 0.7643122 secs] [Times: user=6.12 sys=0.00, real=0.76 secs] 
2012-05-22T09:25:48.858+0200: 50272.411: [GC [PSYoungGen: 1881955K->499088K(1573120K)] 4756980K->3580040K(6351808K), 0.8914674 secs] [Times: user=7.02 sys=0.00, real=0.89 secs] 
2012-05-22T09:26:07.392+0200: 50290.944: [GC [PSYoungGen: 1564880K->364142K(1727552K)] 4645832K->3657088K(6506240K), 0.7276721 secs] [Times: user=5.62 sys=0.00, real=0.72 secs] 
2012-05-22T09:26:30.418+0200: 50313.968: [GC [PSYoungGen: 1429934K->403109K(1742592K)] 4722880K->3929034K(6521280K), 0.8202711 secs] [Times: user=6.36 sys=0.00, real=0.81 secs] 
2012-05-22T09:26:43.584+0200: 50327.145: [GC [PSYoungGen: 1498597K->23007K(1118528K)] 5024522K->3567101K(5897216K), 0.1515213 secs] [Times: user=1.16 sys=0.00, real=0.16 secs] 
2012-05-22T09:27:05.347+0200: 50348.900: [GC [PSYoungGen: 1118495K->315737K(1752768K)] 4662589K->3859830K(6531456K), 0.4504082 secs] [Times: user=3.62 sys=0.00, real=0.45 secs] 
2012-05-22T09:27:31.243+0200: 50374.800: [GC [PSYoungGen: 1403161K->597074K(1684544K)] 4947254K->4141167K(6463232K), 0.7535594 secs] [Times: user=5.71 sys=0.00, real=0.75 secs] 
2012-05-22T09:27:50.369+0200: 50393.922: [GC [PSYoungGen: 1684498K->152952K(1684736K)] 5228591K->3697045K(6463424K), 0.2363002 secs] [Times: user=1.87 sys=0.00, real=0.23 secs] 
2012-05-22T09:29:25.203+0200: 50488.752: [GC [PSYoungGen: 1132920K->11272K(991296K)] 4677013K->3555365K(5769984K), 0.0610640 secs] [Times: user=0.25 sys=0.00, real=0.06 secs] 
2012-05-22T09:35:05.087+0200: 50828.623: [GC [PSYoungGen: 991240K->14756K(1671616K)] 4535333K->3558849K(6450304K), 0.0708763 secs] [Times: user=0.25 sys=0.00, real=0.06 secs] 
2012-05-22T09:35:25.851+0200: 50849.389: [GC [PSYoungGen: 970980K->77857K(1672768K)] 4515073K->3621951K(6451456K), 0.1304483 secs] [Times: user=0.86 sys=0.00, real=0.13 secs] 
2012-05-22T09:35:36.085+0200: 50859.627: [GC [PSYoungGen: 1034081K->239750K(1734208K)] 4578175K->3783843K(6512896K), 0.3135466 secs] [Times: user=2.43 sys=0.00, real=0.31 secs] 
2012-05-22T09:40:38.715+0200: 51162.245: [GC [PSYoungGen: 1274246K->13894K(1689600K)] 4818339K->3557987K(6468288K), 0.0614152 secs] [Times: user=0.36 sys=0.00, real=0.06 secs] 
2012-05-22T09:44:43.107+0200: 51406.693: [GC [PSYoungGen: 1048390K->28928K(1751040K)] 4592483K->3573021K(6529728K), 0.0852002 secs] [Times: user=0.30 sys=0.00, real=0.09 secs] 
2012-05-22T09:45:28.504+0200: 51452.101: [GC [PSYoungGen: 1129280K->92928K(1738624K)] 4673373K->3637021K(6517312K), 0.2123979 secs] [Times: user=1.01 sys=0.00, real=0.22 secs] 
2012-05-22T09:45:36.411+0200: 51460.005: [GC [PSYoungGen: 1193280K->272883K(1788096K)] 4737373K->3816977K(6566784K), 0.3522254 secs] [Times: user=2.74 sys=0.00, real=0.34 secs] 
2012-05-22T09:45:55.156+0200: 51478.761: [GC [PSYoungGen: 1449779K->344285K(1521216K)] 4993873K->3888378K(6299904K), 0.4803928 secs] [Times: user=3.85 sys=0.00, real=0.48 secs] 
2012-05-22T09:46:11.781+0200: 51495.393: [GC [PSYoungGen: 1521181K->158885K(1805376K)] 5065274K->3702979K(6584064K), 0.2356192 secs] [Times: user=1.51 sys=0.00, real=0.23 secs] 
2012-05-22T09:46:25.957+0200: 51509.564: [GC [PSYoungGen: 1344917K->263878K(1772992K)] 4889011K->3807987K(6551680K), 0.3173994 secs] [Times: user=2.50 sys=0.00, real=0.31 secs] 
2012-05-22T09:46:49.168+0200: 51532.788: [GC [PSYoungGen: 1452934K->306561K(1820928K)] 4997043K->3850694K(6599616K), 0.4350925 secs] [Times: user=3.28 sys=0.00, real=0.44 secs] 
2012-05-22T09:47:11.162+0200: 51554.771: [GC [PSYoungGen: 1559233K->58243K(1820992K)] 5103366K->3602384K(6599680K), 0.1106482 secs] [Times: user=0.73 sys=0.00, real=0.11 secs] 
2012-05-22T09:47:35.027+0200: 51578.645: [GC [PSYoungGen: 1310915K->99774K(1846784K)] 4855056K->3643924K(6625472K), 0.1629976 secs] [Times: user=1.09 sys=0.00, real=0.16 secs] 
2012-05-22T09:47:58.596+0200: 51602.212: [GC [PSYoungGen: 1385790K->485344K(1771392K)] 4929940K->4029501K(6550080K), 0.6495179 secs] [Times: user=5.08 sys=0.00, real=0.64 secs] 
2012-05-22T09:48:22.493+0200: 51626.118: [GC [PSYoungGen: 1771360K->208056K(1810496K)] 5315517K->3752327K(6589184K), 0.3254806 secs] [Times: user=2.48 sys=0.00, real=0.33 secs] 
2012-05-22T09:50:34.518+0200: 51758.156: [GC [PSYoungGen: 1402744K->82757K(1773504K)] 4947015K->3627268K(6552192K), 0.1413256 secs] [Times: user=0.86 sys=0.00, real=0.14 secs] 
2012-05-22T09:50:55.077+0200: 51778.711: [GC [PSYoungGen: 1277232K->36773K(1829888K)] 4821742K->3581934K(6608576K), 0.0780493 secs] [Times: user=0.39 sys=0.00, real=0.08 secs] 
2012-05-22T09:52:54.209+0200: 51897.844: [GC [PSYoungGen: 1300197K->32595K(1822848K)] 4845358K->3577756K(6601536K), 0.0736252 secs] [Times: user=0.45 sys=0.00, real=0.08 secs] 
2012-05-22T09:53:42.818+0200: 51946.450: [GC [PSYoungGen: 1296019K->27524K(1852736K)] 4841180K->3572950K(6631424K), 0.0775362 secs] [Times: user=0.33 sys=0.00, real=0.08 secs] 
2012-05-22T09:54:02.520+0200: 51966.164: [GC [PSYoungGen: 1331076K->36606K(1840128K)] 4876502K->3587152K(6618816K), 0.0758846 secs] [Times: user=0.53 sys=0.00, real=0.08 secs] 
2012-05-22T09:54:34.640+0200: 51998.280: [GC [PSYoungGen: 1340158K->45132K(1889472K)] 4890704K->3595781K(6668160K), 0.0862713 secs] [Times: user=0.59 sys=0.00, real=0.09 secs] 
2012-05-22T09:55:17.867+0200: 52041.499: [GC [PSYoungGen: 1414860K->44658K(1869568K)] 4965509K->3595443K(6648256K), 0.1265106 secs] [Times: user=0.55 sys=0.00, real=0.13 secs] 
2012-05-22T09:55:35.463+0200: 52059.098: [GC [PSYoungGen: 1414386K->178059K(1926592K)] 4965171K->3728892K(6705280K), 0.2879753 secs] [Times: user=1.93 sys=0.00, real=0.28 secs] 
2012-05-22T09:56:59.780+0200: 52143.424: [GC [PSYoungGen: 1625355K->32874K(1910016K)] 5176188K->3583715K(6688704K), 0.0687449 secs] [Times: user=0.38 sys=0.03, real=0.08 secs] 
2012-05-22T10:00:39.475+0200: 52363.103: [GC [PSYoungGen: 1480170K->51517K(1962880K)] 5031011K->3602398K(6741568K), 0.0986246 secs] [Times: user=0.50 sys=0.00, real=0.09 secs] 
2012-05-22T10:02:21.235+0200: 52464.871: [GC [PSYoungGen: 1567677K->55289K(1942592K)] 5118558K->3606194K(6721280K), 0.0843928 secs] [Times: user=0.58 sys=0.00, real=0.09 secs] 
2012-05-22T10:03:57.519+0200: 52561.148: [GC [PSYoungGen: 1571449K->55061K(2004032K)] 5122354K->3606061K(6782720K), 0.1088076 secs] [Times: user=0.47 sys=0.00, real=0.11 secs] 
2012-05-22T10:05:20.621+0200: 52644.246: [GC [PSYoungGen: 1653461K->73284K(1983680K)] 5204461K->3624351K(6762368K), 0.1455700 secs] [Times: user=0.62 sys=0.00, real=0.14 secs] 
2012-05-22T10:05:37.969+0200: 52661.592: [GC [PSYoungGen: 1671684K->264979K(1957888K)] 5222751K->3816053K(6736576K), 0.3493240 secs] [Times: user=2.71 sys=0.00, real=0.34 secs] 
2012-05-22T10:06:30.073+0200: 52713.691: [GC [PSYoungGen: 1860435K->102856K(1992384K)] 5411509K->3654001K(6771072K), 0.1399601 secs] [Times: user=0.89 sys=0.00, real=0.14 secs] 
2012-05-22T10:07:34.581+0200: 52778.196: [GC [PSYoungGen: 1698312K->189380K(2014592K)] 5249457K->3740629K(6793280K), 0.2542080 secs] [Times: user=1.83 sys=0.00, real=0.25 secs] 
2012-05-22T10:09:18.526+0200: 52882.140: [GC [PSYoungGen: 1832452K->195421K(1838528K)] 5383701K->3746735K(6617216K), 0.2349209 secs] [Times: user=1.61 sys=0.00, real=0.23 secs] 
2012-05-22T10:10:46.730+0200: 52970.344: [GC [PSYoungGen: 1838493K->181297K(2020160K)] 5389807K->3746122K(6798848K), 0.2186232 secs] [Times: user=1.53 sys=0.00, real=0.22 secs] 
2012-05-22T10:12:41.813+0200: 53085.424: [GC [PSYoungGen: 1826673K->276638K(1922048K)] 5391498K->3843015K(6700736K), 0.3467686 secs] [Times: user=2.43 sys=0.00, real=0.34 secs] 
2012-05-22T10:13:29.846+0200: 53133.449: [GC [PSYoungGen: 1922014K->317596K(1916736K)] 5488391K->3884917K(6695424K), 0.4021117 secs] [Times: user=3.12 sys=0.00, real=0.41 secs] 
2012-05-22T10:13:43.918+0200: 53147.526: [GC [PSYoungGen: 1836380K->311499K(1830336K)] 5403701K->3879305K(6609024K), 0.3153944 secs] [Times: user=2.50 sys=0.00, real=0.31 secs] 
2012-05-22T10:14:44.665+0200: 53208.274: [GC [PSYoungGen: 1830283K->211768K(1944000K)] 5398089K->3785153K(6722688K), 0.2206809 secs] [Times: user=1.53 sys=0.00, real=0.22 secs] 
2012-05-22T10:15:39.407+0200: 53263.009: [GC [PSYoungGen: 1693752K->270924K(1927296K)] 5267137K->3846733K(6705984K), 0.2677343 secs] [Times: user=2.00 sys=0.00, real=0.26 secs] 
2012-05-22T10:15:59.250+0200: 53282.855: [GC [PSYoungGen: 1752908K->451304K(1794880K)] 5328717K->4031858K(6573568K), 0.4761280 secs] [Times: user=3.81 sys=0.00, real=0.48 secs] 
2012-05-22T10:17:22.696+0200: 53366.292: [GC [PSYoungGen: 1794856K->362848K(1706432K)] 5375410K->3951997K(6485120K), 0.3314269 secs] [Times: user=2.26 sys=0.00, real=0.33 secs] 
2012-05-22T10:18:01.728+0200: 53405.329: [GC [PSYoungGen: 1706400K->461842K(1737088K)] 5295549K->4050991K(6515776K), 0.4996785 secs] [Times: user=3.96 sys=0.00, real=0.50 secs] 
2012-05-22T10:18:41.104+0200: 53444.691: [GC [PSYoungGen: 1653202K->492771K(1684160K)] 5242351K->4081927K(6462848K), 0.5505047 secs] [Times: user=3.73 sys=0.00, real=0.55 secs] 
2012-05-22T10:19:09.855+0200: 53473.444: [GC [PSYoungGen: 1684131K->456831K(1680640K)] 5273287K->4046066K(6459328K), 0.4910740 secs] [Times: user=3.59 sys=0.00, real=0.48 secs] 
2012-05-22T10:19:23.864+0200: 53487.451: [GC [PSYoungGen: 1485247K->466914K(1495360K)] 5074482K->4056149K(6274048K), 0.3979057 secs] [Times: user=3.10 sys=0.00, real=0.39 secs] 
2012-05-22T10:19:28.747+0200: 53492.337: [GC [PSYoungGen: 1495330K->606946K(1546176K)] 5084565K->4200821K(6324864K), 0.5303190 secs] [Times: user=4.24 sys=0.00, real=0.53 secs] 
2012-05-22T10:20:21.991+0200: 53545.586: [GC [PSYoungGen: 1448354K->622020K(1463488K)] 5042229K->4247266K(6242176K), 0.5909519 secs] [Times: user=4.52 sys=0.00, real=0.59 secs] 
2012-05-22T10:20:35.189+0200: 53558.778: [GC [PSYoungGen: 1463428K->691033K(1592896K)] 5088674K->4323472K(6371584K), 0.6241063 secs] [Times: user=4.98 sys=0.00, real=0.62 secs] 
2012-05-22T10:21:00.336+0200: 53583.931: [GC [PSYoungGen: 1487513K->623319K(1592896K)] 5119952K->4329078K(6371584K), 0.6293911 secs] [Times: user=4.76 sys=0.00, real=0.64 secs] 
2012-05-22T10:21:25.874+0200: 53609.455: [GC [PSYoungGen: 839224K->623109K(1592896K)] 4544983K->4328908K(6371584K), 0.5579962 secs] [Times: user=4.04 sys=0.00, real=0.55 secs] 
2012-05-22T10:21:26.420+0200: 53610.013: [Full GC (System) [PSYoungGen: 623109K->0K(1592896K)] [PSOldGen: 3705799K->1108345K(4778688K)] 4328908K->1108345K(6371584K) [PSPermGen: 112122K->112122K(393216K)], 7.3662995 secs] [Times: user=7.38 sys=0.00, real=7.38 secs] 
2012-05-22T10:22:02.425+0200: 53646.020: [GC [PSYoungGen: 796480K->6197K(1592896K)] 1904825K->1114542K(6371584K), 0.0173355 secs] [Times: user=0.08 sys=0.00, real=0.03 secs] 
2012-05-22T10:22:27.526+0200: 53671.111: [GC [PSYoungGen: 802677K->10729K(1592896K)] 1911022K->1119074K(6371584K), 0.0435606 secs] [Times: user=0.06 sys=0.00, real=0.05 secs] 
2012-05-22T10:22:54.842+0200: 53698.420: [GC [PSYoungGen: 807209K->9998K(1592896K)] 1915554K->1118343K(6371584K), 0.0192780 secs] [Times: user=0.02 sys=0.00, real=0.02 secs] 
2012-05-22T10:23:23.453+0200: 53727.032: [GC [PSYoungGen: 806478K->9953K(1592896K)] 1914823K->1118298K(6371584K), 0.0262763 secs] [Times: user=0.05 sys=0.00, real=0.02 secs] 
2012-05-22T10:23:53.359+0200: 53756.946: [GC [PSYoungGen: 806433K->13795K(1592896K)] 1914778K->1122140K(6371584K), 0.0236683 secs] [Times: user=0.13 sys=0.00, real=0.03 secs] 
2012-05-22T10:24:18.632+0200: 53782.214: [GC [PSYoungGen: 810275K->10120K(1592896K)] 1918620K->1118465K(6371584K), 0.0203393 secs] [Times: user=0.06 sys=0.00, real=0.02 secs] 
2012-05-22T10:24:48.943+0200: 53812.518: [GC [PSYoungGen: 806600K->11165K(1592896K)] 1914945K->1119950K(6371584K), 0.0203879 secs] [Times: user=0.11 sys=0.00, real=0.02 secs] 
2012-05-22T10:25:16.275+0200: 53839.851: [GC [PSYoungGen: 807645K->11709K(1592896K)] 1916430K->1121251K(6371584K), 0.0521144 secs] [Times: user=0.09 sys=0.00, real=0.05 secs] 
2012-05-22T10:25:30.206+0200: 53853.777: [GC [PSYoungGen: 808189K->46890K(1592896K)] 1917731K->1157118K(6371584K), 0.0729903 secs] [Times: user=0.34 sys=0.00, real=0.06 secs] 
2012-05-22T10:25:41.157+0200: 53864.730: [GC [PSYoungGen: 843370K->79089K(1609856K)] 1953598K->1191354K(6388544K), 0.0932897 secs] [Times: user=0.61 sys=0.00, real=0.09 secs] 
2012-05-22T10:25:58.052+0200: 53881.636: [GC [PSYoungGen: 892529K->185318K(1592896K)] 2004794K->1297583K(6371584K), 0.2325811 secs] [Times: user=1.75 sys=0.00, real=0.23 secs] 
2012-05-22T10:26:02.420+0200: 53885.994: [GC [PSYoungGen: 998758K->250053K(1692480K)] 2111023K->1362318K(6471168K), 0.2541251 secs] [Times: user=2.00 sys=0.00, real=0.25 secs] 
2012-05-22T10:26:53.714+0200: 53937.291: [GC [PSYoungGen: 1219013K->18934K(1665792K)] 2331278K->1131199K(6444480K), 0.0512906 secs] [Times: user=0.09 sys=0.00, real=0.05 secs] 
2012-05-22T10:27:26.490+0200: 53970.062: [GC [PSYoungGen: 987894K->52435K(1748096K)] 2100159K->1164700K(6526784K), 0.0907405 secs] [Times: user=0.26 sys=0.00, real=0.09 secs] 
2012-05-22T10:27:52.637+0200: 53996.215: [GC [PSYoungGen: 1127699K->100424K(1716480K)] 2239964K->1212689K(6495168K), 0.1063736 secs] [Times: user=0.62 sys=0.00, real=0.11 secs] 
2012-05-22T10:28:19.095+0200: 54022.661: [GC [PSYoungGen: 1175688K->138771K(1831424K)] 2287953K->1251036K(6610112K), 0.1182476 secs] [Times: user=0.87 sys=0.00, real=0.11 secs] 
2012-05-22T10:28:41.075+0200: 54044.655: [GC [PSYoungGen: 1368659K->47334K(1787776K)] 2480924K->1159600K(6566464K), 0.0733512 secs] [Times: user=0.47 sys=0.00, real=0.08 secs] 
2012-05-22T10:29:27.939+0200: 54091.512: [GC [PSYoungGen: 1277222K->53573K(1880832K)] 2389488K->1165838K(6659520K), 0.0722750 secs] [Times: user=0.45 sys=0.00, real=0.08 secs] 
2012-05-22T10:29:59.233+0200: 54122.795: [GC [PSYoungGen: 1400517K->106929K(1855424K)] 2512782K->1219194K(6634112K), 0.1131595 secs] [Times: user=0.69 sys=0.00, real=0.11 secs] 
2012-05-22T10:30:28.109+0200: 54151.683: [GC [PSYoungGen: 1453873K->192142K(1925568K)] 2566138K->1304407K(6704256K), 0.1765566 secs] [Times: user=1.30 sys=0.00, real=0.19 secs] 
2012-05-22T10:30:54.411+0200: 54177.983: [GC [PSYoungGen: 1643406K->245158K(1915008K)] 2755671K->1357424K(6693696K), 0.2308951 secs] [Times: user=1.51 sys=0.00, real=0.23 secs] 
2012-05-22T10:31:18.014+0200: 54201.581: [GC [PSYoungGen: 1696422K->74551K(1938112K)] 2808688K->1186816K(6716800K), 0.0905628 secs] [Times: user=0.47 sys=0.00, real=0.09 secs] 
2012-05-22T10:31:45.955+0200: 54229.516: [GC [PSYoungGen: 1540599K->70687K(1917248K)] 2652864K->1182952K(6695936K), 0.0968040 secs] [Times: user=0.39 sys=0.00, real=0.09 secs] 
2012-05-22T10:32:12.070+0200: 54255.633: [GC [PSYoungGen: 1536735K->153141K(1979904K)] 2649000K->1266157K(6758592K), 0.1462391 secs] [Times: user=1.01 sys=0.00, real=0.14 secs] 
2012-05-22T10:32:38.528+0200: 54282.096: [GC [PSYoungGen: 1701813K->72278K(1958080K)] 2814829K->1185622K(6736768K), 0.0930219 secs] [Times: user=0.47 sys=0.00, real=0.09 secs] 
2012-05-22T10:33:00.306+0200: 54303.861: [GC [PSYoungGen: 1620950K->123669K(2023104K)] 2734294K->1237300K(6801792K), 0.1528177 secs] [Times: user=1.12 sys=0.00, real=0.14 secs] 
2012-05-22T10:33:19.868+0200: 54323.431: [GC [PSYoungGen: 1754645K->215608K(1997184K)] 2868276K->1329584K(6775872K), 0.2070000 secs] [Times: user=1.61 sys=0.00, real=0.20 secs] 
2012-05-22T10:33:36.030+0200: 54339.584: [GC [PSYoungGen: 1846584K->287516K(1949632K)] 2960560K->1402227K(6728320K), 0.2531938 secs] [Times: user=1.87 sys=0.00, real=0.25 secs] 
2012-05-22T10:34:33.517+0200: 54397.081: [GC [PSYoungGen: 1861980K->122690K(1981888K)] 2976691K->1238034K(6760576K), 0.1459985 secs] [Times: user=0.90 sys=0.00, real=0.16 secs] 
2012-05-22T10:35:29.710+0200: 54453.272: [GC [PSYoungGen: 1697154K->118807K(2021696K)] 2812498K->1234901K(6800384K), 0.1529447 secs] [Times: user=1.00 sys=0.00, real=0.16 secs] 
2012-05-22T10:35:49.491+0200: 54473.047: [GC [PSYoungGen: 1753943K->261607K(1896768K)] 2870037K->1383989K(6675456K), 0.3111782 secs] [Times: user=2.50 sys=0.00, real=0.31 secs] 
2012-05-22T10:36:01.815+0200: 54485.372: [GC [PSYoungGen: 1896743K->388472K(1859264K)] 3019125K->1533026K(6637952K), 0.4134563 secs] [Times: user=3.23 sys=0.00, real=0.42 secs] 
2012-05-22T10:36:26.635+0200: 54510.184: [GC [PSYoungGen: 1859256K->444316K(1915136K)] 3003810K->1592789K(6693824K), 0.3772213 secs] [Times: user=2.89 sys=0.00, real=0.38 secs] 
2012-05-22T10:37:07.789+0200: 54551.342: [GC [PSYoungGen: 1915100K->310964K(1794432K)] 3063573K->1459437K(6573120K), 0.2968404 secs] [Times: user=2.00 sys=0.00, real=0.30 secs] 
2012-05-22T10:37:24.263+0200: 54567.813: [GC [PSYoungGen: 1631220K->376424K(1696704K)] 2779693K->1525738K(6475392K), 0.3289570 secs] [Times: user=2.62 sys=0.00, real=0.33 secs] 
2012-05-22T10:37:43.201+0200: 54586.752: [GC [PSYoungGen: 1696680K->463320K(1723904K)] 2845994K->1621459K(6502592K), 0.4218002 secs] [Times: user=3.04 sys=0.00, real=0.42 secs] 
2012-05-22T10:38:09.753+0200: 54613.300: [GC [PSYoungGen: 1625880K->274962K(1775936K)] 2784019K->1434980K(6554624K), 0.2626042 secs] [Times: user=1.78 sys=0.00, real=0.26 secs] 
2012-05-22T10:38:27.460+0200: 54631.012: [GC [PSYoungGen: 1437522K->313255K(1817472K)] 2597540K->1475025K(6596160K), 0.2749472 secs] [Times: user=2.09 sys=0.00, real=0.28 secs] 
2012-05-22T10:38:42.451+0200: 54646.004: [GC [PSYoungGen: 1546407K->399620K(1632832K)] 2708177K->1562725K(6411520K), 0.3969958 secs] [Times: user=2.73 sys=0.00, real=0.41 secs] 
2012-05-22T10:39:09.721+0200: 54673.271: [GC [PSYoungGen: 1632079K->261856K(1826752K)] 2795185K->1426016K(6605440K), 0.2336348 secs] [Times: user=1.64 sys=0.00, real=0.23 secs] 
2012-05-22T10:39:26.366+0200: 54689.916: [GC [PSYoungGen: 1497504K->327115K(1798208K)] 2661664K->1509907K(6576896K), 0.3034456 secs] [Times: user=2.39 sys=0.00, real=0.31 secs] 
2012-05-22T10:39:41.920+0200: 54705.466: [GC [PSYoungGen: 1562763K->404556K(1799744K)] 2745555K->1593020K(6578432K), 0.3360194 secs] [Times: user=2.59 sys=0.00, real=0.33 secs] 
2012-05-22T10:40:31.435+0200: 54754.976: [GC [PSYoungGen: 1651596K->230777K(1818176K)] 2840060K->1422448K(6596864K), 0.2262053 secs] [Times: user=1.53 sys=0.00, real=0.22 secs] 
2012-05-22T10:45:31.538+0200: 55055.077: [GC [PSYoungGen: 1477817K->231842K(1852416K)] 2669488K->1432145K(6631104K), 0.2340879 secs] [Times: user=1.75 sys=0.00, real=0.23 secs] 
2012-05-22T10:46:01.085+0200: 55084.623: [GC [PSYoungGen: 1530146K->393212K(1835200K)] 2730449K->1620764K(6613888K), 0.4671794 secs] [Times: user=3.74 sys=0.00, real=0.47 secs] 
2012-05-22T10:47:11.130+0200: 55154.656: [GC [PSYoungGen: 1691516K->115043K(1828032K)] 2919068K->1404338K(6606720K), 0.1897455 secs] [Times: user=1.50 sys=0.00, real=0.19 secs] 
2012-05-22T10:47:29.430+0200: 55172.954: [GC [PSYoungGen: 1390499K->39207K(1314688K)] 2679794K->1423811K(6093376K), 0.1618983 secs] [Times: user=1.25 sys=0.00, real=0.16 secs] 
2012-05-22T10:47:30.958+0200: 55174.490: [GC [PSYoungGen: 1314663K->31086K(1808832K)] 2699267K->1422449K(6587520K), 0.0341093 secs] [Times: user=0.25 sys=0.00, real=0.03 secs] 
2012-05-22T10:47:35.670+0200: 55179.203: [GC [PSYoungGen: 1271086K->19621K(1259648K)] 2662449K->1411024K(6038336K), 0.0349136 secs] [Times: user=0.20 sys=0.00, real=0.05 secs] 
2012-05-22T10:49:57.866+0200: 55321.385: [GC [PSYoungGen: 1259621K->161505K(1842240K)] 2651024K->1552909K(6620928K), 0.2241271 secs] [Times: user=1.55 sys=0.00, real=0.22 secs] 
2012-05-22T10:52:06.257+0200: 55449.769: [GC [PSYoungGen: 1427937K->248325K(1813504K)] 2819341K->1639761K(6592192K), 0.2869083 secs] [Times: user=1.98 sys=0.00, real=0.28 secs] 
2012-05-22T10:52:41.124+0200: 55484.647: [GC [PSYoungGen: 1514757K->328907K(1835008K)] 2906193K->1720618K(6613696K), 0.3432676 secs] [Times: user=2.61 sys=0.00, real=0.34 secs] 
2012-05-22T10:53:10.078+0200: 55513.593: [GC [PSYoungGen: 1634699K->420634K(1726464K)] 3026410K->1812385K(6505152K), 0.4330881 secs] [Times: user=3.12 sys=0.00, real=0.44 secs] 
2012-05-22T10:53:28.049+0200: 55531.570: [GC [PSYoungGen: 1726426K->583736K(1562240K)] 3118177K->2053844K(6340928K), 0.7653879 secs] [Times: user=6.11 sys=0.00, real=0.76 secs] 
2012-05-22T10:53:44.118+0200: 55547.629: [GC [PSYoungGen: 1562232K->600802K(1579328K)] 3032340K->2070975K(6358016K), 0.6297848 secs] [Times: user=4.90 sys=0.00, real=0.62 secs] 
2012-05-22T10:54:08.626+0200: 55572.137: [GC [PSYoungGen: 1579298K->614348K(1577344K)] 3049471K->2084521K(6356032K), 0.5935477 secs] [Times: user=4.74 sys=0.00, real=0.59 secs] 
2012-05-22T10:54:16.488+0200: 55580.005: [GC [PSYoungGen: 1410828K->794241K(1592896K)] 2881001K->2264445K(6371584K), 0.7664661 secs] [Times: user=6.12 sys=0.00, real=0.77 secs] 
2012-05-22T10:54:25.599+0200: 55589.106: [GC [PSYoungGen: 1590721K->718479K(1592896K)] 3060925K->2189882K(6371584K), 0.6859424 secs] [Times: user=4.99 sys=0.00, real=0.69 secs] 
2012-05-22T10:54:35.068+0200: 55598.587: [GC [PSYoungGen: 1514959K->703773K(1592896K)] 2986362K->2184780K(6371584K), 0.6844950 secs] [Times: user=5.27 sys=0.00, real=0.69 secs] 
2012-05-22T10:54:51.480+0200: 55614.985: [GC [PSYoungGen: 1500253K->602741K(1592896K)] 2981260K->2083836K(6371584K), 0.5458927 secs] [Times: user=3.90 sys=0.00, real=0.55 secs] 
2012-05-22T10:55:05.395+0200: 55628.901: [GC [PSYoungGen: 1399221K->659891K(1592896K)] 2880316K->2247278K(6371584K), 0.7663033 secs] [Times: user=5.91 sys=0.00, real=0.77 secs] 
2012-05-22T10:55:18.593+0200: 55642.112: [GC [PSYoungGen: 1456371K->484265K(1592896K)] 3043758K->2134682K(6371584K), 0.5508350 secs] [Times: user=3.70 sys=0.00, real=0.56 secs] 
2012-05-22T10:55:24.490+0200: 55647.996: [GC [PSYoungGen: 1280745K->495264K(1592896K)] 2931162K->2299582K(6371584K), 0.7322677 secs] [Times: user=5.33 sys=0.00, real=0.73 secs] 
2012-05-22T10:55:33.819+0200: 55657.337: [GC [PSYoungGen: 1291744K->384898K(1592896K)] 3096062K->2348598K(6371584K), 0.6513713 secs] [Times: user=4.52 sys=0.00, real=0.65 secs] 
2012-05-22T10:55:43.179+0200: 55666.695: [GC [PSYoungGen: 1181378K->260239K(1592896K)] 3145078K->2255236K(6371584K), 0.2706450 secs] [Times: user=2.01 sys=0.00, real=0.28 secs] 
2012-05-22T10:55:47.235+0200: 55670.744: [GC [PSYoungGen: 1056719K->347860K(1592896K)] 3051716K->2399266K(6371584K), 0.4127569 secs] [Times: user=3.21 sys=0.00, real=0.41 secs] 
2012-05-22T10:55:54.926+0200: 55678.439: [GC [PSYoungGen: 1144340K->396814K(1592896K)] 3195746K->2498581K(6371584K), 0.4744614 secs] [Times: user=3.85 sys=0.00, real=0.48 secs] 
2012-05-22T10:56:01.088+0200: 55684.595: [GC [PSYoungGen: 1193294K->300426K(1592896K)] 3295061K->2478561K(6371584K), 0.3723983 secs] [Times: user=2.99 sys=0.00, real=0.38 secs] 
2012-05-22T10:56:04.302+0200: 55687.804: [GC [PSYoungGen: 1096906K->229747K(1592896K)] 3275041K->2578249K(6371584K), 0.4330333 secs] [Times: user=3.37 sys=0.00, real=0.42 secs] 
2012-05-22T10:56:12.539+0200: 55696.049: [GC [PSYoungGen: 1026227K->134634K(1592896K)] 3374729K->2706645K(6371584K), 0.4493448 secs] [Times: user=3.54 sys=0.00, real=0.45 secs] 
2012-05-22T10:56:24.239+0200: 55707.747: [GC [PSYoungGen: 931114K->130578K(1592896K)] 3503125K->2810229K(6371584K), 0.3389347 secs] [Times: user=2.75 sys=0.00, real=0.34 secs] 
2012-05-22T10:56:35.596+0200: 55719.101: [GC [PSYoungGen: 927058K->81435K(1592896K)] 3606709K->2884517K(6371584K), 0.2641197 secs] [Times: user=2.12 sys=0.00, real=0.27 secs] 
2012-05-22T10:56:50.073+0200: 55733.586: [GC [PSYoungGen: 877915K->179230K(1592896K)] 3680997K->3048437K(6371584K), 0.4090332 secs] [Times: user=3.01 sys=0.00, real=0.42 secs] 
2012-05-22T10:57:07.592+0200: 55751.106: [GC [PSYoungGen: 975710K->90352K(1594944K)] 3844917K->3132821K(6373632K), 0.3502814 secs] [Times: user=2.51 sys=0.00, real=0.36 secs] 
2012-05-22T10:57:14.425+0200: 55757.932: [GC [PSYoungGen: 888880K->146459K(1592896K)] 3931349K->3266196K(6371584K), 0.3333294 secs] [Times: user=2.61 sys=0.00, real=0.33 secs] 
2012-05-22T10:57:22.771+0200: 55766.275: [GC [PSYoungGen: 944987K->108399K(1642048K)] 4064724K->3367278K(6420736K), 0.3097313 secs] [Times: user=2.48 sys=0.00, real=0.31 secs] 
2012-05-22T10:57:30.478+0200: 55773.986: [GC [PSYoungGen: 982255K->119429K(1621120K)] 4241134K->3473436K(6399808K), 0.2930763 secs] [Times: user=2.37 sys=0.00, real=0.30 secs] 
2012-05-22T10:57:37.638+0200: 55781.152: [GC [PSYoungGen: 993285K->141795K(1697472K)] 4347292K->3607674K(6476160K), 0.3389080 secs] [Times: user=2.60 sys=0.00, real=0.34 secs] 
2012-05-22T10:57:50.368+0200: 55793.874: [GC [PSYoungGen: 1117155K->55105K(1667200K)] 4583034K->3653273K(6445888K), 0.2739371 secs] [Times: user=1.95 sys=0.00, real=0.28 secs] 
2012-05-22T10:57:55.516+0200: 55799.015: [GC [PSYoungGen: 1030465K->215555K(1758592K)] 4628633K->3813722K(6537280K), 0.2958569 secs] [Times: user=2.23 sys=0.00, real=0.30 secs] 
2012-05-22T10:58:09.806+0200: 55813.305: [GC [PSYoungGen: 1297539K->148580K(1712704K)] 4895706K->3792345K(6491392K), 0.2079242 secs] [Times: user=1.58 sys=0.00, real=0.20 secs] 
2012-05-22T10:58:26.655+0200: 55830.152: [GC [PSYoungGen: 1230564K->122957K(1812864K)] 4874329K->3766722K(6591552K), 0.1537562 secs] [Times: user=1.00 sys=0.00, real=0.14 secs] 
2012-05-22T10:58:39.447+0200: 55842.955: [GC [PSYoungGen: 1334989K->289361K(1788480K)] 4978754K->3933126K(6567168K), 0.3869153 secs] [Times: user=2.73 sys=0.00, real=0.39 secs] 
2012-05-22T10:58:55.375+0200: 55858.882: [GC [PSYoungGen: 1501393K->243031K(1841600K)] 5145158K->3886796K(6620288K), 0.2336993 secs] [Times: user=1.78 sys=0.00, real=0.23 secs] 
2012-05-22T10:59:07.527+0200: 55871.033: [GC [PSYoungGen: 1513047K->442189K(1712256K)] 5156812K->4085954K(6490944K), 0.4375879 secs] [Times: user=3.48 sys=0.00, real=0.44 secs] 
2012-05-22T10:59:18.978+0200: 55882.479: [GC [PSYoungGen: 1712205K->289091K(1806912K)] 5355970K->3932856K(6585600K), 0.2502934 secs] [Times: user=1.84 sys=0.00, real=0.25 secs] 
2012-05-22T10:59:30.304+0200: 55893.799: [GC [PSYoungGen: 1496963K->390307K(1598208K)] 5140728K->4034072K(6376896K), 0.4069116 secs] [Times: user=3.03 sys=0.02, real=0.41 secs] 
2012-05-22T10:59:47.277+0200: 55910.786: [GC [PSYoungGen: 1598179K->283775K(1810432K)] 5241944K->3927540K(6589120K), 0.3663645 secs] [Times: user=2.42 sys=0.00, real=0.37 secs] 
2012-05-22T11:00:03.033+0200: 55926.531: [GC [PSYoungGen: 1490815K->284229K(1785920K)] 5134580K->3927994K(6564608K), 0.3299539 secs] [Times: user=2.56 sys=0.00, real=0.33 secs] 
2012-05-22T11:00:24.858+0200: 55948.362: [GC [PSYoungGen: 1491269K->204978K(1852928K)] 5135034K->3848743K(6631616K), 0.2156849 secs] [Times: user=1.42 sys=0.00, real=0.22 secs] 
2012-05-22T11:00:40.412+0200: 55963.908: [GC [PSYoungGen: 1501682K->388143K(1684864K)] 5145447K->4031908K(6463552K), 0.4135480 secs] [Times: user=3.21 sys=0.00, real=0.40 secs] 
2012-05-22T11:00:59.319+0200: 55982.821: [GC [PSYoungGen: 1684847K->337674K(1835456K)] 5328612K->3981439K(6614144K), 0.3040958 secs] [Times: user=2.26 sys=0.00, real=0.31 secs] 
2012-05-22T11:01:11.768+0200: 55995.259: [GC [PSYoungGen: 1615882K->305303K(1832064K)] 5259647K->3949068K(6610752K), 0.2818340 secs] [Times: user=2.07 sys=0.00, real=0.28 secs] 
2012-05-22T11:01:37.181+0200: 56020.680: [GC [PSYoungGen: 1583511K->290660K(1873856K)] 5227276K->3934425K(6652544K), 0.3212004 secs] [Times: user=2.31 sys=0.00, real=0.33 secs] 
2012-05-22T11:02:06.666+0200: 56050.155: [GC [PSYoungGen: 1627620K->459278K(1796288K)] 5271385K->4128225K(6574976K), 0.6108622 secs] [Times: user=4.74 sys=0.00, real=0.61 secs] 
2012-05-22T11:02:37.180+0200: 56080.670: [GC [PSYoungGen: 1796238K->558263K(1625600K)] 5465185K->4314927K(6404288K), 0.6784049 secs] [Times: user=5.27 sys=0.00, real=0.67 secs] 
2012-05-22T11:02:44.543+0200: 56088.034: [GC [PSYoungGen: 1625591K->660966K(1728320K)] 5382255K->4556586K(6507008K), 0.9540689 secs] [Times: user=7.61 sys=0.00, real=0.95 secs] 
2012-05-22T11:02:55.495+0200: 56098.991: [GC [PSYoungGen: 1728294K->660974K(1457472K)] 5623914K->4632400K(6236160K), 0.8659647 secs] [Times: user=6.76 sys=0.00, real=0.87 secs] 
2012-05-22T11:02:58.193+0200: 56101.684: [GC [PSYoungGen: 1457454K->687587K(1592896K)] 5428880K->4659053K(6371584K), 0.8095285 secs] [Times: user=6.15 sys=0.00, real=0.81 secs] 
2012-05-22T11:03:04.480+0200: 56107.977: [GC [PSYoungGen: 1484067K->724352K(1592896K)] 5455533K->4695858K(6371584K), 0.8633090 secs] [Times: user=6.52 sys=0.00, real=0.87 secs] 
2012-05-22T11:03:18.458+0200: 56121.949: [GC [PSYoungGen: 1520832K->796402K(1592896K)] 5492338K->4805753K(6371584K), 1.1344700 secs] [Times: user=7.41 sys=0.00, real=1.14 secs] 
2012-05-22T11:03:32.280+0200: 56135.769: [GC [PSYoungGen: 1592882K->796393K(1592896K)] 5602233K->4909586K(6371584K), 1.1976245 secs] [Times: user=8.44 sys=0.00, real=1.20 secs] 
2012-05-22T11:03:47.724+0200: 56151.222: [GC [PSYoungGen: 1592873K->757780K(1592896K)] 5706066K->5001076K(6371584K), 1.1437550 secs] [Times: user=8.60 sys=0.00, real=1.15 secs] 
2012-05-22T11:03:53.996+0200: 56157.488: [GC [PSYoungGen: 1554260K->517219K(1592896K)] 5797556K->5138671K(6371584K), 1.1124529 secs] [Times: user=8.70 sys=0.00, real=1.11 secs] 
2012-05-22T11:03:55.103+0200: 56158.601: [Full GC [PSYoungGen: 517219K->0K(1592896K)] [PSOldGen: 4621452K->1109144K(4778688K)] 5138671K->1109144K(6371584K) [PSPermGen: 112231K->112231K(393216K)], 6.2655143 secs] [Times: user=6.27 sys=0.00, real=6.27 secs] 
2012-05-22T11:04:09.112+0200: 56172.605: [GC [PSYoungGen: 796480K->112524K(1592896K)] 1905624K->1221668K(6371584K), 0.1789010 secs] [Times: user=1.50 sys=0.00, real=0.19 secs] 
2012-05-22T11:04:21.889+0200: 56185.376: [GC [PSYoungGen: 909004K->123237K(1592896K)] 2018148K->1232381K(6371584K), 0.2034468 secs] [Times: user=1.39 sys=0.00, real=0.20 secs] 
2012-05-22T11:04:34.946+0200: 56198.440: [GC [PSYoungGen: 919717K->205899K(1592896K)] 2028861K->1315043K(6371584K), 0.2256329 secs] [Times: user=1.86 sys=0.00, real=0.23 secs] 
2012-05-22T11:04:46.116+0200: 56209.612: [GC [PSYoungGen: 1002379K->283834K(1592896K)] 2111523K->1472212K(6371584K), 0.4094992 secs] [Times: user=3.20 sys=0.00, real=0.42 secs] 
2012-05-22T11:04:54.119+0200: 56217.612: [GC [PSYoungGen: 1080314K->167974K(1592896K)] 2268692K->1412001K(6371584K), 0.2184671 secs] [Times: user=1.73 sys=0.00, real=0.22 secs] 
2012-05-22T11:05:04.166+0200: 56227.652: [GC [PSYoungGen: 964454K->175777K(1592896K)] 2208481K->1551934K(6371584K), 0.5070342 secs] [Times: user=2.76 sys=0.00, real=0.50 secs] 
2012-05-22T11:05:19.751+0200: 56243.242: [GC [PSYoungGen: 972257K->60097K(1592896K)] 2348414K->1592497K(6371584K), 0.5206014 secs] [Times: user=2.76 sys=0.00, real=0.53 secs] 
2012-05-22T11:05:27.473+0200: 56250.964: [GC [PSYoungGen: 856577K->169111K(1592896K)] 2388977K->1741287K(6371584K), 0.2870153 secs] [Times: user=2.11 sys=0.00, real=0.30 secs] 
2012-05-22T11:05:32.465+0200: 56255.956: [GC [PSYoungGen: 965591K->108164K(1592896K)] 2537767K->1844481K(6371584K), 0.5760510 secs] [Times: user=2.45 sys=0.00, real=0.58 secs] 
2012-05-22T11:05:39.376+0200: 56262.867: [GC [PSYoungGen: 904644K->87411K(1592896K)] 2640961K->1917369K(6371584K), 0.3301653 secs] [Times: user=1.53 sys=0.00, real=0.33 secs] 
2012-05-22T11:05:47.347+0200: 56270.833: [GC [PSYoungGen: 883891K->177875K(1592896K)] 2713849K->2092702K(6371584K), 0.3384790 secs] [Times: user=2.51 sys=0.00, real=0.34 secs] 
2012-05-22T11:05:52.823+0200: 56276.304: [GC [PSYoungGen: 974355K->83566K(1592896K)] 2889182K->2153362K(6371584K), 0.3740833 secs] [Times: user=2.57 sys=0.00, real=0.38 secs] 
2012-05-22T11:05:58.814+0200: 56282.308: [GC [PSYoungGen: 880046K->172190K(1592896K)] 2949842K->2299770K(6371584K), 0.3406319 secs] [Times: user=2.56 sys=0.00, real=0.34 secs] 
2012-05-22T11:06:06.863+0200: 56290.355: [GC [PSYoungGen: 968670K->158840K(1610816K)] 3096250K->2454033K(6389504K), 0.4131870 secs] [Times: user=3.32 sys=0.00, real=0.42 secs] 
2012-05-22T11:06:11.232+0200: 56294.714: [GC [PSYoungGen: 973240K->109821K(1592896K)] 3268433K->2535472K(6371584K), 0.3210048 secs] [Times: user=2.50 sys=0.00, real=0.31 secs] 
2012-05-22T11:06:17.674+0200: 56301.155: [GC [PSYoungGen: 924221K->41777K(1662720K)] 3349872K->2572778K(6441408K), 0.2178092 secs] [Times: user=1.55 sys=0.00, real=0.22 secs] 
2012-05-22T11:06:23.041+0200: 56306.523: [GC [PSYoungGen: 957553K->136648K(1642368K)] 3488554K->2705834K(6421056K), 0.2277080 secs] [Times: user=1.59 sys=0.00, real=0.22 secs] 
2012-05-22T11:06:27.643+0200: 56311.134: [GC [PSYoungGen: 1052424K->134361K(1739328K)] 3621610K->2836620K(6518016K), 0.3783384 secs] [Times: user=2.56 sys=0.00, real=0.39 secs] 
2012-05-22T11:06:33.836+0200: 56317.317: [GC [PSYoungGen: 1186585K->71717K(1702208K)] 3888844K->2902735K(6480896K), 0.2803989 secs] [Times: user=2.20 sys=0.00, real=0.28 secs] 
2012-05-22T11:06:42.619+0200: 56326.110: [GC [PSYoungGen: 1123941K->122114K(1797888K)] 3954959K->3016497K(6576576K), 0.2595880 secs] [Times: user=1.93 sys=0.00, real=0.27 secs] 
2012-05-22T11:06:49.234+0200: 56332.722: [GC [PSYoungGen: 1294530K->209606K(1763840K)] 4188913K->3150965K(6542528K), 0.3958275 secs] [Times: user=2.67 sys=0.00, real=0.40 secs] 
2012-05-22T11:06:59.140+0200: 56342.625: [GC [PSYoungGen: 1382022K->169063K(1863488K)] 4323381K->3294626K(6642176K), 0.5620998 secs] [Times: user=4.45 sys=0.00, real=0.56 secs] 
2012-05-22T11:07:08.563+0200: 56352.041: [GC [PSYoungGen: 1470375K->177168K(1827136K)] 4595938K->3432784K(6605824K), 0.4212980 secs] [Times: user=3.14 sys=0.00, real=0.42 secs] 
2012-05-22T11:07:15.224+0200: 56358.703: [GC [PSYoungGen: 1478480K->77439K(1912000K)] 4734096K->3481144K(6690688K), 0.3018113 secs] [Times: user=2.37 sys=0.00, real=0.30 secs] 
2012-05-22T11:07:24.834+0200: 56368.312: [GC [PSYoungGen: 1498047K->205941K(1897920K)] 4901752K->3669685K(6676608K), 0.3782222 secs] [Times: user=2.78 sys=0.00, real=0.37 secs] 
2012-05-22T11:07:38.578+0200: 56382.062: [GC [PSYoungGen: 1626549K->105870K(1946560K)] 5090293K->3607396K(6725248K), 0.1954961 secs] [Times: user=1.43 sys=0.00, real=0.20 secs] 
2012-05-22T11:07:50.559+0200: 56394.043: [GC [PSYoungGen: 1592142K->139034K(1929024K)] 5093668K->3644111K(6707712K), 0.1896523 secs] [Times: user=1.48 sys=0.00, real=0.19 secs] 
2012-05-22T11:08:01.557+0200: 56405.033: [GC [PSYoungGen: 1625306K->215577K(1975936K)] 5130383K->3761443K(6754624K), 0.3301571 secs] [Times: user=2.62 sys=0.00, real=0.33 secs] 
2012-05-22T11:08:14.989+0200: 56418.469: [GC [PSYoungGen: 1771929K->237693K(1969728K)] 5317795K->3965938K(6748416K), 0.5251740 secs] [Times: user=3.98 sys=0.00, real=0.53 secs] 
2012-05-22T11:08:28.249+0200: 56431.737: [GC [PSYoungGen: 1794045K->172812K(1998272K)] 5522290K->3987180K(6776960K), 0.3359743 secs] [Times: user=2.48 sys=0.00, real=0.34 secs] 
2012-05-22T11:08:45.331+0200: 56448.810: [GC [PSYoungGen: 1756492K->115680K(1974720K)] 5570860K->4084741K(6753408K), 0.4259868 secs] [Times: user=2.31 sys=0.00, real=0.42 secs] 
2012-05-22T11:09:01.353+0200: 56464.835: [GC [PSYoungGen: 1699360K->122808K(2022976K)] 5668421K->4168746K(6801664K), 0.2767832 secs] [Times: user=1.65 sys=0.00, real=0.28 secs] 
2012-05-22T11:09:20.884+0200: 56484.360: [GC [PSYoungGen: 1766264K->172523K(2009792K)] 5812202K->4218460K(6788480K), 0.2345512 secs] [Times: user=1.62 sys=0.00, real=0.23 secs] 
2012-05-22T11:09:38.263+0200: 56501.738: [GC [PSYoungGen: 1815979K->305645K(1972992K)] 5861916K->4351583K(6751680K), 0.3691390 secs] [Times: user=2.51 sys=0.00, real=0.36 secs] 
2012-05-22T11:09:56.703+0200: 56520.174: [GC [PSYoungGen: 1929517K->382714K(2006592K)] 5975455K->4479350K(6785280K), 0.5092972 secs] [Times: user=3.95 sys=0.00, real=0.50 secs] 
2012-05-22T11:10:07.202+0200: 56530.683: [GC [PSYoungGen: 2006586K->382700K(1756736K)] 6103222K->4507770K(6535424K), 0.4000611 secs] [Times: user=3.23 sys=0.00, real=0.41 secs] 
2012-05-22T11:10:32.318+0200: 56555.789: [GC [PSYoungGen: 1756716K->270379K(1881664K)] 5881786K->4529480K(6660352K), 0.4329519 secs] [Times: user=3.37 sys=0.00, real=0.42 secs] 
2012-05-22T11:10:45.454+0200: 56568.928: [GC [PSYoungGen: 1644395K->496043K(1734784K)] 5903496K->4774977K(6513472K), 0.5820873 secs] [Times: user=4.62 sys=0.00, real=0.58 secs] 
2012-05-22T11:10:56.109+0200: 56579.585: [GC [PSYoungGen: 1734763K->453194K(1691968K)] 6013697K->4955017K(6470656K), 0.7217310 secs] [Times: user=5.52 sys=0.02, real=0.72 secs] 
2012-05-22T11:11:27.169+0200: 56610.640: [GC [PSYoungGen: 1691914K->293136K(1801792K)] 6193737K->5056572K(6580480K), 0.8080223 secs] [Times: user=5.88 sys=0.02, real=0.81 secs] 
2012-05-22T11:11:27.980+0200: 56611.449: [Full GC [PSYoungGen: 293136K->0K(1801792K)] [PSOldGen: 4763436K->1230971K(4778688K)] 5056572K->1230971K(6580480K) [PSPermGen: 112265K->112265K(393216K)], 6.6410163 secs] [Times: user=6.60 sys=0.00, real=6.63 secs] 
2012-05-22T11:12:13.315+0200: 56656.796: [GC [PSYoungGen: 1186112K->222582K(1773632K)] 2417083K->1453554K(6552320K), 0.3254299 secs] [Times: user=2.39 sys=0.02, real=0.33 secs] 
2012-05-22T11:12:35.639+0200: 56679.115: [GC [PSYoungGen: 1408694K->297081K(1843520K)] 2639666K->1693602K(6622208K), 0.6368595 secs] [Times: user=5.02 sys=0.00, real=0.64 secs] 
2012-05-22T11:13:05.326+0200: 56708.793: [GC [PSYoungGen: 1574201K->342537K(1822912K)] 2970722K->1969807K(6601600K), 0.7712466 secs] [Times: user=5.85 sys=0.00, real=0.76 secs] 
2012-05-22T11:13:33.172+0200: 56736.639: [GC [PSYoungGen: 1619657K->354359K(1845120K)] 3246927K->2316388K(6623808K), 0.9369582 secs] [Times: user=7.32 sys=0.00, real=0.94 secs] 
2012-05-22T11:13:49.662+0200: 56753.129: [GC [PSYoungGen: 1656055K->260573K(1845504K)] 3618084K->2480907K(6624192K), 1.2210803 secs] [Times: user=7.97 sys=0.00, real=1.22 secs] 
2012-05-22T11:14:10.613+0200: 56774.087: [GC [PSYoungGen: 1562269K->362576K(1857280K)] 3782603K->2819712K(6635968K), 0.7070425 secs] [Times: user=5.69 sys=0.00, real=0.72 secs] 
2012-05-22T11:14:33.483+0200: 56796.952: [GC [PSYoungGen: 1696400K->359786K(1693632K)] 4153536K->3136050K(6472320K), 0.7393204 secs] [Times: user=5.71 sys=0.00, real=0.73 secs] 
2012-05-22T11:14:55.417+0200: 56818.886: [GC [PSYoungGen: 1693610K->510865K(1750912K)] 4469874K->3565970K(6529600K), 0.9893757 secs] [Times: user=7.60 sys=0.00, real=1.00 secs] 
2012-05-22T11:15:18.303+0200: 56841.763: [GC [PSYoungGen: 1733201K->128260K(1350656K)] 4788306K->3585140K(6129344K), 1.0460622 secs] [Times: user=7.60 sys=0.00, real=1.05 secs] 
2012-05-22T11:15:35.572+0200: 56859.031: [GC [PSYoungGen: 1350596K->94362K(1785728K)] 4807476K->3667310K(6564416K), 0.4073723 secs] [Times: user=2.93 sys=0.00, real=0.41 secs] 
2012-05-22T11:15:47.444+0200: 56870.910: [GC [PSYoungGen: 1289818K->103314K(1792384K)] 4862766K->3719616K(6571072K), 0.2165957 secs] [Times: user=1.75 sys=0.00, real=0.22 secs] 
2012-05-22T11:15:57.132+0200: 56880.602: [GC [PSYoungGen: 1298770K->217347K(1818816K)] 4915072K->3874964K(6597504K), 0.3453156 secs] [Times: user=2.74 sys=0.00, real=0.34 secs] 
2012-05-22T11:16:09.409+0200: 56892.867: [GC [PSYoungGen: 1440387K->108607K(1793536K)] 5098004K->3960103K(6572224K), 0.4430657 secs] [Times: user=3.06 sys=0.00, real=0.44 secs] 
2012-05-22T11:16:45.321+0200: 56928.790: [GC [PSYoungGen: 1331647K->176870K(1844928K)] 5183143K->4132356K(6623616K), 0.3779995 secs] [Times: user=2.90 sys=0.00, real=0.39 secs] 
2012-05-22T11:17:04.494+0200: 56947.953: [GC [PSYoungGen: 1456806K->442111K(1722048K)] 5412292K->4526406K(6500736K), 0.7486545 secs] [Times: user=5.99 sys=0.00, real=0.75 secs] 
2012-05-22T11:17:23.651+0200: 56967.112: [GC [PSYoungGen: 1722047K->190680K(1821632K)] 5806342K->4613066K(6600320K), 0.8908218 secs] [Times: user=7.10 sys=0.00, real=0.89 secs] 
2012-05-22T11:17:24.540+0200: 56968.002: [Full GC [PSYoungGen: 190680K->0K(1821632K)] [PSOldGen: 4422386K->821837K(4778688K)] 4613066K->821837K(6600320K) [PSPermGen: 112279K->112227K(393216K)], 6.0418500 secs] [Times: user=6.02 sys=0.01, real=6.04 secs] 
2012-05-22T11:17:53.042+0200: 56996.510: [GC [PSYoungGen: 1229700K->150519K(1799872K)] 2051538K->972356K(6578560K), 0.1777710 secs] [Times: user=1.48 sys=0.00, real=0.19 secs] 
2012-05-22T11:18:08.970+0200: 57012.429: [GC [PSYoungGen: 1382711K->144710K(1850944K)] 2204548K->1037211K(6629632K), 0.2703383 secs] [Times: user=2.00 sys=0.00, real=0.26 secs] 
2012-05-22T11:18:33.166+0200: 57036.624: [GC [PSYoungGen: 1442438K->400125K(1697856K)] 2334939K->1388479K(6476544K), 0.6491918 secs] [Times: user=5.04 sys=0.03, real=0.66 secs] 
2012-05-22T11:18:48.080+0200: 57051.540: [GC [PSYoungGen: 1697853K->153079K(1835200K)] 2686207K->1417570K(6613888K), 1.2283567 secs] [Times: user=9.25 sys=0.00, real=1.23 secs] 
2012-05-22T11:19:09.343+0200: 57072.800: [GC [PSYoungGen: 1418167K->19885K(1819200K)] 2682658K->1416045K(6597888K), 0.2744403 secs] [Times: user=2.03 sys=0.00, real=0.28 secs] 
2012-05-22T11:19:21.964+0200: 57085.414: [GC [PSYoungGen: 1284973K->165660K(1855040K)] 2681133K->1570139K(6633728K), 0.2173642 secs] [Times: user=1.48 sys=0.00, real=0.20 secs] 
2012-05-22T11:19:47.689+0200: 57111.145: [GC [PSYoungGen: 1460892K->290303K(1829504K)] 2865371K->1828441K(6608192K), 0.5606682 secs] [Times: user=4.49 sys=0.00, real=0.56 secs] 
2012-05-22T11:20:06.628+0200: 57130.085: [GC [PSYoungGen: 1585535K->245364K(1879872K)] 3123673K->2009563K(6658560K), 1.1124161 secs] [Times: user=8.66 sys=0.00, real=1.11 secs] 
2012-05-22T11:20:26.518+0200: 57149.970: [GC [PSYoungGen: 1594164K->146395K(1858240K)] 3358363K->2133967K(6636928K), 0.5293887 secs] [Times: user=3.87 sys=0.00, real=0.53 secs] 
2012-05-22T11:20:48.140+0200: 57171.588: [GC [PSYoungGen: 1495195K->193473K(1920000K)] 3482767K->2307850K(6698688K), 0.4105579 secs] [Times: user=2.95 sys=0.00, real=0.41 secs] 
2012-05-22T11:21:11.603+0200: 57195.061: [GC [PSYoungGen: 1619841K->448539K(1874944K)] 3734218K->2696457K(6653632K), 0.7337525 secs] [Times: user=5.85 sys=0.00, real=0.73 secs] 
2012-05-22T11:22:40.088+0200: 57283.533: [GC [PSYoungGen: 1874907K->85094K(1849344K)] 4122825K->2687598K(6628032K), 1.0961471 secs] [Times: user=8.42 sys=0.00, real=1.09 secs] 
2012-05-22T11:24:30.507+0200: 57393.950: [GC [PSYoungGen: 1420070K->60198K(1862144K)] 4022574K->2701410K(6640832K), 0.2612817 secs] [Times: user=1.73 sys=0.00, real=0.27 secs] 
2012-05-22T11:24:50.350+0200: 57413.795: [GC [PSYoungGen: 1395174K->54022K(1871680K)] 4036386K->2695234K(6650368K), 0.0828917 secs] [Times: user=0.59 sys=0.00, real=0.08 secs] 
2012-05-22T11:25:40.178+0200: 57463.615: [GC [PSYoungGen: 1401798K->106531K(1865408K)] 4043010K->2747742K(6644096K), 0.1749833 secs] [Times: user=0.98 sys=0.00, real=0.17 secs] 
2012-05-22T11:26:06.605+0200: 57490.046: [GC [PSYoungGen: 1454307K->277526K(1882688K)] 4095518K->2918738K(6661376K), 0.3495605 secs] [Times: user=2.75 sys=0.00, real=0.34 secs] 
2012-05-22T11:26:48.710+0200: 57532.143: [GC [PSYoungGen: 1661142K->56141K(1886464K)] 4302354K->2697353K(6665152K), 0.0802283 secs] [Times: user=0.51 sys=0.00, real=0.08 secs] 
2012-05-22T11:27:50.222+0200: 57593.662: [GC [PSYoungGen: 1439757K->58949K(1906240K)] 4080969K->2700161K(6684928K), 0.0977189 secs] [Times: user=0.70 sys=0.00, real=0.09 secs] 
2012-05-22T11:28:44.838+0200: 57648.276: [GC [PSYoungGen: 1470597K->78023K(1894720K)] 4111809K->2719235K(6673408K), 0.0976815 secs] [Times: user=0.72 sys=0.00, real=0.09 secs] 
2012-05-22T11:29:26.600+0200: 57690.039: [GC [PSYoungGen: 1489671K->68585K(1938944K)] 4130883K->2709796K(6717632K), 0.0985944 secs] [Times: user=0.69 sys=0.00, real=0.11 secs] 
2012-05-22T11:30:18.830+0200: 57742.266: [GC [PSYoungGen: 1541289K->69418K(1923072K)] 4182500K->2710630K(6701760K), 0.1390938 secs] [Times: user=0.75 sys=0.00, real=0.14 secs] 
2012-05-22T11:31:20.951+0200: 57804.381: [GC [PSYoungGen: 1542122K->75353K(1974080K)] 4183334K->2716565K(6752768K), 0.1072439 secs] [Times: user=0.72 sys=0.00, real=0.11 secs] 
2012-05-22T11:31:59.327+0200: 57842.753: [GC [PSYoungGen: 1615897K->88055K(1955776K)] 4257109K->2729267K(6734464K), 0.1180561 secs] [Times: user=0.83 sys=0.00, real=0.11 secs] 
2012-05-22T11:32:34.506+0200: 57877.928: [GC [PSYoungGen: 1628599K->79382K(2012544K)] 4269811K->2720594K(6791232K), 0.1099682 secs] [Times: user=0.83 sys=0.00, real=0.11 secs] 
2012-05-22T11:33:20.932+0200: 57924.365: [GC [PSYoungGen: 1697046K->72201K(1994432K)] 4338258K->2713413K(6773120K), 0.1247289 secs] [Times: user=0.58 sys=0.00, real=0.13 secs] 
2012-05-22T11:34:17.608+0200: 57981.025: [GC [PSYoungGen: 1689865K->79033K(2046272K)] 4331077K->2720245K(6824960K), 0.0995119 secs] [Times: user=0.72 sys=0.00, real=0.09 secs] 
2012-05-22T11:35:10.244+0200: 58033.673: [GC [PSYoungGen: 1764921K->78264K(2028928K)] 4406133K->2719475K(6807616K), 0.2521744 secs] [Times: user=0.72 sys=0.00, real=0.27 secs] 
2012-05-22T11:35:36.827+0200: 58060.240: [GC [PSYoungGen: 1764152K->115163K(2082944K)] 4405363K->2780439K(6861632K), 0.1801702 secs] [Times: user=1.33 sys=0.00, real=0.17 secs] 
2012-05-22T11:35:51.257+0200: 58074.670: [GC [PSYoungGen: 1871643K->274334K(2030848K)] 4536919K->2940454K(6809536K), 0.3442870 secs] [Times: user=2.71 sys=0.00, real=0.34 secs] 
2012-05-22T11:36:31.537+0200: 58114.960: [GC [PSYoungGen: 2030814K->65567K(2053504K)] 4696934K->2732987K(6832192K), 0.1037629 secs] [Times: user=0.76 sys=0.00, real=0.11 secs] 
2012-05-22T11:37:29.695+0200: 58173.115: [GC [PSYoungGen: 1771999K->335780K(2042240K)] 4439419K->3150421K(6820928K), 0.6967904 secs] [Times: user=5.43 sys=0.00, real=0.70 secs] 
2012-05-22T11:38:31.737+0200: 58235.153: [GC [PSYoungGen: 2042212K->347041K(1663488K)] 4856853K->3289749K(6442176K), 0.5870813 secs] [Times: user=3.99 sys=0.00, real=0.59 secs] 
2012-05-22T11:40:16.556+0200: 58339.970: [GC [PSYoungGen: 1663457K->354436K(1670912K)] 4606165K->3299647K(6449600K), 0.4128711 secs] [Times: user=2.95 sys=0.00, real=0.42 secs] 
2012-05-22T11:41:25.462+0200: 58408.876: [GC [PSYoungGen: 1670852K->355834K(1787136K)] 4616063K->3301045K(6565824K), 0.4265264 secs] [Times: user=2.93 sys=0.00, real=0.44 secs] 
2012-05-22T11:42:28.004+0200: 58471.411: [GC [PSYoungGen: 1580218K->349380K(1573824K)] 4525429K->3294592K(6352512K), 0.4030921 secs] [Times: user=2.90 sys=0.00, real=0.40 secs] 
2012-05-22T11:43:30.062+0200: 58533.470: [GC [PSYoungGen: 1573764K->350391K(1781184K)] 4518976K->3300346K(6559872K), 0.3951378 secs] [Times: user=3.01 sys=0.00, real=0.40 secs] 
2012-05-22T11:44:44.740+0200: 58608.134: [GC [PSYoungGen: 1537783K->350180K(1537600K)] 4487738K->3300698K(6316288K), 0.4228186 secs] [Times: user=2.95 sys=0.00, real=0.42 secs] 
2012-05-22T11:45:33.476+0200: 58656.875: [GC [PSYoungGen: 1537572K->396148K(1751040K)] 4488090K->3346962K(6529728K), 0.4769799 secs] [Times: user=3.42 sys=0.00, real=0.48 secs] 
2012-05-22T11:45:49.388+0200: 58672.788: [GC [PSYoungGen: 1543092K->578336K(1725312K)] 4493906K->3529422K(6504000K), 0.6775386 secs] [Times: user=5.24 sys=0.00, real=0.69 secs] 
2012-05-22T11:46:15.113+0200: 58698.514: [GC [PSYoungGen: 1725280K->344311K(1700736K)] 4676366K->3295454K(6479424K), 0.3806588 secs] [Times: user=2.82 sys=0.00, real=0.39 secs] 
2012-05-22T11:47:13.770+0200: 58757.162: [GC [PSYoungGen: 1381047K->346646K(1713024K)] 4332190K->3298028K(6491712K), 0.4539839 secs] [Times: user=2.90 sys=0.00, real=0.45 secs] 
2012-05-22T11:48:04.050+0200: 58807.450: [GC [PSYoungGen: 1383382K->353520K(1752960K)] 4334764K->3304927K(6531648K), 0.3976619 secs] [Times: user=2.92 sys=0.00, real=0.40 secs] 
2012-05-22T11:49:02.083+0200: 58865.474: [GC [PSYoungGen: 1451952K->348336K(1734784K)] 4403359K->3299791K(6513472K), 0.4187073 secs] [Times: user=2.87 sys=0.00, real=0.42 secs] 
2012-05-22T11:50:08.150+0200: 58931.536: [GC [PSYoungGen: 1446768K->337525K(1794880K)] 4398223K->3289020K(6573568K), 0.4053495 secs] [Times: user=2.75 sys=0.00, real=0.41 secs] 
2012-05-22T11:51:14.420+0200: 58997.805: [GC [PSYoungGen: 1515509K->338374K(1772416K)] 4467004K->3301767K(6551104K), 0.3875445 secs] [Times: user=2.90 sys=0.02, real=0.39 secs] 
2012-05-22T11:53:07.507+0200: 59110.891: [GC [PSYoungGen: 1516358K->170092K(1814528K)] 4479751K->3316471K(6593216K), 0.4498890 secs] [Times: user=3.56 sys=0.00, real=0.45 secs] 
2012-05-22T11:54:10.610+0200: 59173.993: [GC [PSYoungGen: 1410604K->239936K(1814912K)] 4556983K->3517317K(6593600K), 0.5219577 secs] [Times: user=4.09 sys=0.00, real=0.53 secs] 
2012-05-22T11:54:53.558+0200: 59216.940: [GC [PSYoungGen: 1480448K->558782K(1610112K)] 4757829K->3944751K(6388800K), 0.8682527 secs] [Times: user=6.61 sys=0.00, real=0.87 secs] 
2012-05-22T11:55:15.398+0200: 59238.782: [GC [PSYoungGen: 1610110K->668982K(1720320K)] 4996079K->4129373K(6499008K), 0.9844657 secs] [Times: user=6.58 sys=0.00, real=1.00 secs] 
2012-05-22T11:55:31.560+0200: 59254.942: [GC [PSYoungGen: 1720310K->668987K(1465472K)] 5180701K->4182820K(6244160K), 0.7596930 secs] [Times: user=5.44 sys=0.00, real=0.76 secs] 
2012-05-22T11:55:43.323+0200: 59266.693: [GC [PSYoungGen: 1465467K->796409K(1592896K)] 4979300K->4329511K(6371584K), 0.8532033 secs] [Times: user=6.74 sys=0.00, real=0.84 secs] 
2012-05-22T11:55:48.502+0200: 59271.881: [GC [PSYoungGen: 1592889K->796396K(1592896K)] 5125991K->4398498K(6371584K), 0.9241881 secs] [Times: user=7.25 sys=0.00, real=0.94 secs] 
2012-05-22T11:56:47.955+0200: 59331.331: [GC [PSYoungGen: 1592876K->796401K(1592896K)] 5194978K->4419383K(6371584K), 0.8816372 secs] [Times: user=6.90 sys=0.00, real=0.89 secs] 
2012-05-22T11:57:56.986+0200: 59400.356: [GC [PSYoungGen: 1592881K->796408K(1592896K)] 5215863K->4437823K(6371584K), 0.7984614 secs] [Times: user=6.27 sys=0.00, real=0.80 secs] 
2012-05-22T11:58:58.280+0200: 59461.657: [GC [PSYoungGen: 1592888K->747409K(1592896K)] 5234303K->4453904K(6371584K), 0.8232529 secs] [Times: user=6.43 sys=0.00, real=0.81 secs] 
2012-05-22T12:00:03.390+0200: 59526.790: [GC [PSYoungGen: 1543889K->219121K(1592896K)] 5250384K->4460489K(6371584K), 1.0488351 secs] [Times: user=8.02 sys=0.00, real=1.04 secs] 
2012-05-22T12:01:33.078+0200: 59616.503: [GC [PSYoungGen: 1015601K->93149K(1592896K)] 5256969K->4450851K(6371584K), 0.3319470 secs] [Times: user=2.32 sys=0.00, real=0.33 secs] 
2012-05-22T12:02:39.373+0200: 59682.827: [GC [PSYoungGen: 889629K->29594K(1592896K)] 5247331K->4463730K(6371584K), 0.2265135 secs] [Times: user=1.56 sys=0.00, real=0.23 secs] 
2012-05-22T12:03:45.161+0200: 59748.613: [GC [PSYoungGen: 826074K->25282K(1592896K)] 5260210K->4463089K(6371584K), 0.0794746 secs] [Times: user=0.42 sys=0.00, real=0.08 secs] 
2012-05-22T12:05:01.406+0200: 59824.871: [GC [PSYoungGen: 821762K->29809K(1592896K)] 5259569K->4467664K(6371584K), 0.0682462 secs] [Times: user=0.50 sys=0.00, real=0.06 secs] 
2012-05-22T12:05:25.833+0200: 59849.302: [GC [PSYoungGen: 826289K->109708K(1592896K)] 5264144K->4547676K(6371584K), 0.1819473 secs] [Times: user=1.28 sys=0.00, real=0.19 secs] 
2012-05-22T12:05:35.504+0200: 59858.972: [GC [PSYoungGen: 906188K->96865K(1592896K)] 5344156K->4619730K(6371584K), 0.2584094 secs] [Times: user=1.93 sys=0.00, real=0.27 secs] 
2012-05-22T12:05:35.769+0200: 59859.230: [Full GC [PSYoungGen: 96865K->0K(1592896K)] [PSOldGen: 4522864K->906273K(4778688K)] 4619730K->906273K(6371584K) [PSPermGen: 112487K->112487K(393216K)], 5.6989413 secs] [Times: user=5.69 sys=0.00, real=5.69 secs] 
2012-05-22T12:05:50.244+0200: 59873.717: [GC [PSYoungGen: 796480K->127689K(1592896K)] 1702753K->1033962K(6371584K), 0.1896180 secs] [Times: user=1.50 sys=0.00, real=0.19 secs] 
2012-05-22T12:05:57.825+0200: 59881.289: [GC [PSYoungGen: 924169K->190718K(1592896K)] 1830442K->1211012K(6371584K), 0.3783205 secs] [Times: user=3.00 sys=0.00, real=0.37 secs] 
2012-05-22T12:06:17.651+0200: 59901.124: [GC [PSYoungGen: 987198K->89209K(1592896K)] 2007492K->1276328K(6371584K), 0.3800331 secs] [Times: user=2.81 sys=0.00, real=0.37 secs] 
2012-05-22T12:06:37.663+0200: 59921.140: [GC [PSYoungGen: 885689K->105005K(1592896K)] 2072808K->1370390K(6371584K), 0.2805433 secs] [Times: user=2.17 sys=0.00, real=0.28 secs] 
2012-05-22T12:06:59.330+0200: 59942.799: [GC [PSYoungGen: 901485K->96988K(1592896K)] 2166870K->1445592K(6371584K), 0.2567782 secs] [Times: user=1.83 sys=0.00, real=0.25 secs] 
2012-05-22T12:07:21.292+0200: 59964.763: [GC [PSYoungGen: 890142K->102966K(1592896K)] 2238746K->1533880K(6371584K), 0.2817521 secs] [Times: user=1.87 sys=0.00, real=0.28 secs] 
2012-05-22T12:07:47.700+0200: 59991.187: [GC [PSYoungGen: 899446K->123768K(1592896K)] 2330360K->1635939K(6371584K), 0.3624662 secs] [Times: user=2.57 sys=0.00, real=0.38 secs] 
2012-05-22T12:08:13.500+0200: 60016.976: [GC [PSYoungGen: 920248K->91858K(1630016K)] 2432419K->1707056K(6408704K), 0.2982504 secs] [Times: user=2.34 sys=0.00, real=0.30 secs] 
2012-05-22T12:08:41.642+0200: 60045.117: [GC [PSYoungGen: 925458K->190692K(1592896K)] 2540656K->1805891K(6371584K), 0.3045592 secs] [Times: user=2.08 sys=0.00, real=0.30 secs] 
2012-05-22T12:08:53.716+0200: 60057.202: [GC [PSYoungGen: 1024292K->471478K(1584128K)] 2639491K->2086677K(6362816K), 0.6384446 secs] [Times: user=5.10 sys=0.00, real=0.64 secs] 
2012-05-22T12:09:02.015+0200: 60065.499: [GC [PSYoungGen: 1350390K->755192K(1634112K)] 2965589K->2541780K(6412800K), 1.1857299 secs] [Times: user=9.20 sys=0.00, real=1.19 secs] 
2012-05-22T12:09:16.585+0200: 60080.068: [GC [PSYoungGen: 1634104K->403922K(1551680K)] 3420692K->2918287K(6330368K), 1.3791207 secs] [Times: user=10.89 sys=0.00, real=1.37 secs] 
2012-05-22T12:09:21.125+0200: 60084.609: [GC [PSYoungGen: 1200402K->308266K(1592896K)] 3714767K->3133445K(6371584K), 0.7084889 secs] [Times: user=5.49 sys=0.00, real=0.72 secs] 
2012-05-22T12:09:31.530+0200: 60095.019: [GC [PSYoungGen: 1104746K->170365K(1592896K)] 3929925K->3300495K(6371584K), 0.6553940 secs] [Times: user=5.06 sys=0.02, real=0.67 secs] 
2012-05-22T12:10:11.871+0200: 60135.346: [GC [PSYoungGen: 966845K->26623K(1592896K)] 4096975K->3305441K(6371584K), 0.2333378 secs] [Times: user=1.73 sys=0.00, real=0.23 secs] 
2012-05-22T12:10:57.812+0200: 60181.286: [GC [PSYoungGen: 823103K->21825K(1592896K)] 4101921K->3319653K(6371584K), 0.1028936 secs] [Times: user=0.62 sys=0.00, real=0.09 secs] 
2012-05-22T12:11:54.002+0200: 60237.489: [GC [PSYoungGen: 818305K->21992K(1592896K)] 4116133K->3320093K(6371584K), 0.0691539 secs] [Times: user=0.45 sys=0.00, real=0.08 secs] 
2012-05-22T12:12:49.537+0200: 60293.015: [GC [PSYoungGen: 818472K->7152K(1614976K)] 4116573K->3305524K(6393664K), 0.0613584 secs] [Times: user=0.31 sys=0.00, real=0.06 secs] 
2012-05-22T12:13:44.480+0200: 60347.955: [GC [PSYoungGen: 826608K->15615K(1593792K)] 4124980K->3314243K(6372480K), 0.0798648 secs] [Times: user=0.30 sys=0.00, real=0.08 secs] 
2012-05-22T12:14:31.654+0200: 60395.131: [GC [PSYoungGen: 835071K->8495K(1668672K)] 4133699K->3307438K(6447360K), 0.0630024 secs] [Times: user=0.20 sys=0.00, real=0.06 secs] 
2012-05-22T12:15:20.732+0200: 60444.204: [GC [PSYoungGen: 929135K->38529K(1641280K)] 4228078K->3337472K(6419968K), 0.1278316 secs] [Times: user=0.48 sys=0.00, real=0.12 secs] 
2012-05-22T12:15:37.548+0200: 60461.030: [GC [PSYoungGen: 959169K->86809K(1745664K)] 4258112K->3385751K(6524352K), 0.1472938 secs] [Times: user=0.97 sys=0.00, real=0.16 secs] 
2012-05-22T12:15:53.663+0200: 60477.142: [GC [PSYoungGen: 1146265K->261568K(1703104K)] 4445207K->3560510K(6481792K), 0.3549825 secs] [Times: user=2.87 sys=0.00, real=0.36 secs] 
2012-05-22T12:16:28.763+0200: 60512.235: [GC [PSYoungGen: 1321024K->16960K(1776640K)] 4619966K->3315902K(6555328K), 0.0636152 secs] [Times: user=0.37 sys=0.00, real=0.06 secs] 
2012-05-22T12:17:28.605+0200: 60572.086: [GC [PSYoungGen: 1156608K->27919K(1752320K)] 4455550K->3326862K(6531008K), 0.0981249 secs] [Times: user=0.42 sys=0.00, real=0.11 secs] 
2012-05-22T12:18:30.272+0200: 60633.750: [GC [PSYoungGen: 1167567K->24629K(1831552K)] 4466510K->3323572K(6610240K), 0.0708256 secs] [Times: user=0.42 sys=0.00, real=0.08 secs] 
2012-05-22T12:19:41.315+0200: 60704.796: [GC [PSYoungGen: 1271093K->92533K(1804224K)] 4570036K->3391476K(6582912K), 0.1691973 secs] [Times: user=1.03 sys=0.00, real=0.17 secs] 
2012-05-22T12:20:01.517+0200: 60724.991: [GC [PSYoungGen: 1338997K->314099K(1805376K)] 4637940K->3613041K(6584064K), 0.4354898 secs] [Times: user=3.31 sys=0.00, real=0.44 secs] 
2012-05-22T12:20:40.487+0200: 60763.959: [GC [PSYoungGen: 1600691K->194320K(1837952K)] 4899633K->3493263K(6616640K), 0.2516983 secs] [Times: user=1.97 sys=0.00, real=0.25 secs] 
2012-05-22T12:21:56.226+0200: 60839.690: [GC [PSYoungGen: 1480912K->112644K(1891904K)] 4779855K->3411587K(6670592K), 0.1697666 secs] [Times: user=0.98 sys=0.00, real=0.17 secs] 
2012-05-22T12:22:26.069+0200: 60869.534: [GC [PSYoungGen: 1473476K->45355K(1858240K)] 4772419K->3344297K(6636928K), 0.0926343 secs] [Times: user=0.55 sys=0.00, real=0.09 secs] 
2012-05-22T12:23:40.513+0200: 60943.976: [GC [PSYoungGen: 1406187K->38746K(1930688K)] 4705129K->3337689K(6709376K), 0.0966801 secs] [Times: user=0.42 sys=0.00, real=0.09 secs] 
2012-05-22T12:24:59.123+0200: 61022.580: [GC [PSYoungGen: 1491674K->55896K(1911552K)] 4790617K->3354839K(6690240K), 0.1155899 secs] [Times: user=0.64 sys=0.00, real=0.11 secs] 
2012-05-22T12:25:36.798+0200: 61060.255: [GC [PSYoungGen: 1508824K->108880K(1984448K)] 4807767K->3407822K(6763136K), 0.1574026 secs] [Times: user=1.09 sys=0.00, real=0.16 secs] 
2012-05-22T12:25:54.005+0200: 61077.465: [GC [PSYoungGen: 1657360K->299915K(1848448K)] 4956302K->3598890K(6627136K), 0.3951501 secs] [Times: user=3.10 sys=0.00, real=0.39 secs] 
2012-05-22T12:26:56.656+0200: 61140.119: [GC [PSYoungGen: 1848395K->55494K(1962816K)] 5147370K->3354532K(6741504K), 0.1341127 secs] [Times: user=0.66 sys=0.00, real=0.14 secs] 
2012-05-22T12:28:15.219+0200: 61218.678: [GC [PSYoungGen: 1573766K->50158K(1944768K)] 4872804K->3349204K(6723456K), 0.1044981 secs] [Times: user=0.56 sys=0.00, real=0.11 secs] 
2012-05-22T12:29:30.443+0200: 61293.890: [GC [PSYoungGen: 1568430K->41735K(1996544K)] 4867476K->3340790K(6775232K), 0.1004401 secs] [Times: user=0.47 sys=0.00, real=0.09 secs] 
2012-05-22T12:30:54.529+0200: 61377.984: [GC [PSYoungGen: 1629191K->56193K(1980224K)] 4928246K->3355314K(6758912K), 0.1066214 secs] [Times: user=0.58 sys=0.00, real=0.11 secs] 
2012-05-22T12:32:01.330+0200: 61444.780: [GC [PSYoungGen: 1643649K->61611K(2035264K)] 4942770K->3360900K(6813952K), 0.1001723 secs] [Times: user=0.75 sys=0.00, real=0.11 secs] 
2012-05-22T12:32:51.406+0200: 61494.857: [GC [PSYoungGen: 1723243K->55481K(2015680K)] 5022532K->3355457K(6794368K), 0.1136008 secs] [Times: user=0.55 sys=0.00, real=0.13 secs] 
2012-05-22T12:33:41.187+0200: 61544.630: [GC [PSYoungGen: 1717113K->73530K(2073280K)] 5017089K->3373578K(6851968K), 0.1125154 secs] [Times: user=0.72 sys=0.00, real=0.11 secs] 
2012-05-22T12:34:10.516+0200: 61573.957: [GC [PSYoungGen: 1810490K->200101K(2052992K)] 5110538K->3504101K(6831680K), 0.2834862 secs] [Times: user=2.06 sys=0.00, real=0.28 secs] 
2012-05-22T12:34:42.715+0200: 61606.159: [GC [PSYoungGen: 1937061K->333175K(1819072K)] 5241061K->3790318K(6597760K), 0.7015156 secs] [Times: user=5.48 sys=0.02, real=0.70 secs] 
2012-05-22T12:35:17.503+0200: 61640.950: [GC [PSYoungGen: 1819063K->451710K(1937600K)] 5276206K->3944336K(6716288K), 0.6219237 secs] [Times: user=4.09 sys=0.00, real=0.62 secs] 
2012-05-22T12:35:27.207+0200: 61650.639: [GC [PSYoungGen: 1937598K->451701K(1518912K)] 5430224K->4074539K(6297600K), 0.7069396 secs] [Times: user=5.55 sys=0.00, real=0.70 secs] 
2012-05-22T12:35:38.189+0200: 61661.630: [GC [PSYoungGen: 1518901K->510292K(1577536K)] 5141739K->4133795K(6356224K), 0.6445040 secs] [Times: user=4.21 sys=0.00, real=0.64 secs] 
2012-05-22T12:35:48.345+0200: 61671.780: [GC [PSYoungGen: 1577492K->689225K(1521536K)] 5200995K->4312737K(6300224K), 0.7756599 secs] [Times: user=6.11 sys=0.00, real=0.76 secs] 
2012-05-22T12:35:59.749+0200: 61683.188: [GC [PSYoungGen: 1485705K->723030K(1592896K)] 5109217K->4346597K(6371584K), 0.7931664 secs] [Times: user=5.87 sys=0.00, real=0.80 secs] 
2012-05-22T12:36:21.652+0200: 61705.085: [GC [PSYoungGen: 1519510K->596844K(1592896K)] 5143077K->4225028K(6371584K), 0.6088864 secs] [Times: user=4.71 sys=0.00, real=0.61 secs] 
2012-05-22T12:36:42.213+0200: 61725.648: [GC [PSYoungGen: 1393324K->556582K(1592896K)] 5021508K->4221942K(6371584K), 0.6427632 secs] [Times: user=4.79 sys=0.00, real=0.64 secs] 
2012-05-22T12:37:03.710+0200: 61747.139: [GC [PSYoungGen: 1353062K->288719K(1592896K)] 5018422K->4235320K(6371584K), 0.7059888 secs] [Times: user=5.26 sys=0.00, real=0.70 secs] 
2012-05-22T12:37:25.519+0200: 61768.949: [GC [PSYoungGen: 1085199K->151930K(1592896K)] 5031800K->4229753K(6371584K), 0.3848504 secs] [Times: user=3.00 sys=0.00, real=0.38 secs] 
2012-05-22T12:37:44.942+0200: 61788.378: [GC [PSYoungGen: 948410K->35326K(1592896K)] 5026233K->4236957K(6371584K), 0.2329676 secs] [Times: user=1.75 sys=0.00, real=0.23 secs] 
2012-05-22T12:38:20.464+0200: 61823.904: [GC [PSYoungGen: 831806K->23942K(1592896K)] 5033437K->4225649K(6371584K), 0.1156278 secs] [Times: user=0.48 sys=0.00, real=0.12 secs] 
2012-05-22T12:39:00.822+0200: 61864.259: [GC [PSYoungGen: 820422K->29988K(1592896K)] 5022129K->4231727K(6371584K), 0.0954728 secs] [Times: user=0.53 sys=0.00, real=0.11 secs] 
2012-05-22T12:39:43.551+0200: 61906.979: [GC [PSYoungGen: 826468K->16621K(1592896K)] 5028207K->4218512K(6371584K), 0.0767048 secs] [Times: user=0.37 sys=0.00, real=0.08 secs] 
2012-05-22T12:40:27.544+0200: 61950.965: [GC [PSYoungGen: 813101K->29499K(1592896K)] 5014992K->4231699K(6371584K), 0.1113158 secs] [Times: user=0.61 sys=0.00, real=0.11 secs] 
2012-05-22T12:40:43.643+0200: 61967.069: [GC [PSYoungGen: 825979K->27361K(1592896K)] 5028179K->4230422K(6371584K), 0.0783406 secs] [Times: user=0.61 sys=0.00, real=0.08 secs] 
2012-05-22T12:41:01.069+0200: 61984.499: [GC [PSYoungGen: 823841K->27652K(1608512K)] 5026902K->4231378K(6387200K), 0.0913579 secs] [Times: user=0.59 sys=0.00, real=0.09 secs] 
2012-05-22T12:41:16.669+0200: 62000.102: [GC [PSYoungGen: 839748K->88969K(1592896K)] 5043474K->4292695K(6371584K), 0.1280046 secs] [Times: user=1.00 sys=0.03, real=0.14 secs] 
2012-05-22T12:41:31.864+0200: 62015.292: [GC [PSYoungGen: 901065K->27485K(1684800K)] 5104791K->4231211K(6463488K), 0.0843278 secs] [Times: user=0.56 sys=0.00, real=0.09 secs] 
2012-05-22T12:41:48.306+0200: 62031.731: [GC [PSYoungGen: 975837K->25718K(1652864K)] 5179563K->4229444K(6431552K), 0.1040317 secs] [Times: user=0.56 sys=0.00, real=0.11 secs] 
2012-05-22T12:42:07.604+0200: 62051.025: [GC [PSYoungGen: 974070K->28002K(1750144K)] 5177796K->4231728K(6528832K), 0.1037271 secs] [Times: user=0.47 sys=0.00, real=0.09 secs] 
2012-05-22T12:43:00.879+0200: 62104.306: [GC [PSYoungGen: 1105954K->28635K(1717120K)] 5309680K->4232360K(6495808K), 0.0843682 secs] [Times: user=0.52 sys=0.00, real=0.09 secs] 
2012-05-22T12:43:52.360+0200: 62155.773: [GC [PSYoungGen: 1106587K->30286K(1815936K)] 5310312K->4234012K(6594624K), 0.0886536 secs] [Times: user=0.53 sys=0.00, real=0.08 secs] 
2012-05-22T12:44:46.977+0200: 62210.401: [GC [PSYoungGen: 1240014K->31554K(1783104K)] 5443740K->4235280K(6561792K), 0.0877013 secs] [Times: user=0.64 sys=0.00, real=0.09 secs] 
2012-05-22T12:45:25.369+0200: 62248.787: [GC [PSYoungGen: 1241282K->48683K(1882176K)] 5445008K->4252408K(6660864K), 0.1103809 secs] [Times: user=0.70 sys=0.00, real=0.11 secs] 
2012-05-22T12:45:43.840+0200: 62267.250: [GC [PSYoungGen: 1389611K->146767K(1848064K)] 5593336K->4350493K(6626752K), 0.2378955 secs] [Times: user=1.87 sys=0.00, real=0.23 secs] 
2012-05-22T12:46:05.555+0200: 62288.970: [GC [PSYoungGen: 1487695K->296469K(1838848K)] 5691421K->4500195K(6617536K), 0.3867653 secs] [Times: user=2.99 sys=0.00, real=0.39 secs] 
2012-05-22T12:47:07.551+0200: 62350.968: [GC [PSYoungGen: 1651413K->31742K(1872128K)] 5855139K->4235468K(6650816K), 0.0893192 secs] [Times: user=0.62 sys=0.00, real=0.09 secs] 
2012-05-22T12:48:17.409+0200: 62420.818: [GC [PSYoungGen: 1386686K->10762K(1916352K)] 5590412K->4214488K(6695040K), 0.0642834 secs] [Times: user=0.39 sys=0.00, real=0.06 secs] 
2012-05-22T12:49:25.068+0200: 62488.481: [GC [PSYoungGen: 1433802K->23201K(1896000K)] 5637528K->4226927K(6674688K), 0.0854598 secs] [Times: user=0.42 sys=0.00, real=0.09 secs] 
2012-05-22T12:50:37.359+0200: 62560.765: [GC [PSYoungGen: 1446241K->18020K(1961728K)] 5649967K->4221746K(6740416K), 0.0920230 secs] [Times: user=0.37 sys=0.00, real=0.09 secs] 
2012-05-22T12:51:46.874+0200: 62630.280: [GC [PSYoungGen: 1530020K->31918K(1939584K)] 5733746K->4235726K(6718272K), 0.0822665 secs] [Times: user=0.62 sys=0.00, real=0.08 secs] 
2012-05-22T12:53:04.782+0200: 62708.189: [GC [PSYoungGen: 1543918K->112390K(2007168K)] 5747726K->4316205K(6785856K), 0.1975415 secs] [Times: user=1.39 sys=0.00, real=0.20 secs] 
2012-05-22T12:53:49.383+0200: 62752.779: [GC [PSYoungGen: 1716422K->382132K(1986176K)] 5920237K->4678764K(6764864K), 0.6620524 secs] [Times: user=5.21 sys=0.00, real=0.66 secs] 
2012-05-22T12:54:09.555+0200: 62772.951: [GC [PSYoungGen: 1986164K->403112K(1478784K)] 6282796K->4954509K(6257472K), 0.8634585 secs] [Times: user=6.52 sys=0.00, real=0.86 secs] 
2012-05-22T12:54:10.413+0200: 62773.814: [Full GC [PSYoungGen: 403112K->0K(1478784K)] [PSOldGen: 4551397K->1192480K(4778688K)] 4954509K->1192480K(6257472K) [PSPermGen: 112844K->112844K(393216K)], 6.8542688 secs] [Times: user=6.85 sys=0.00, real=6.86 secs] 
2012-05-22T12:54:35.732+0200: 62799.127: [GC [PSYoungGen: 1075648K->182338K(1732480K)] 2268128K->1374818K(6511168K), 0.3440489 secs] [Times: user=2.43 sys=0.00, real=0.34 secs] 
2012-05-22T12:55:05.669+0200: 62829.065: [GC [PSYoungGen: 1257986K->289249K(1780800K)] 2450466K->1481729K(6559488K), 0.4368973 secs] [Times: user=2.56 sys=0.00, real=0.44 secs] 
2012-05-22T12:55:24.093+0200: 62847.492: [GC [PSYoungGen: 1459425K->608480K(1778688K)] 2651905K->1848395K(6557376K), 0.8108648 secs] [Times: user=6.49 sys=0.00, real=0.81 secs] 
2012-05-22T12:55:36.620+0200: 62860.019: [GC [PSYoungGen: 1778656K->610601K(1407104K)] 3018571K->2051710K(6185792K), 0.9546218 secs] [Times: user=6.75 sys=0.00, real=0.97 secs] 
2012-05-22T12:55:44.732+0200: 62868.125: [GC [PSYoungGen: 1407081K->678265K(1592896K)] 2848190K->2119374K(6371584K), 0.8520636 secs] [Times: user=5.90 sys=0.00, real=0.86 secs] 
2012-05-22T12:55:50.255+0200: 62873.648: [GC [PSYoungGen: 1472366K->796384K(1592896K)] 2913475K->2333914K(6371584K), 1.1610812 secs] [Times: user=9.23 sys=0.00, real=1.15 secs] 
2012-05-22T12:55:58.507+0200: 62881.893: [GC [PSYoungGen: 1592864K->796398K(1592896K)] 3130394K->2483061K(6371584K), 1.1072828 secs] [Times: user=8.36 sys=0.00, real=1.11 secs] 
2012-05-22T12:56:14.201+0200: 62897.596: [GC [PSYoungGen: 1592878K->796398K(1592896K)] 3279541K->2521186K(6371584K), 0.9885560 secs] [Times: user=7.19 sys=0.00, real=1.00 secs] 
2012-05-22T12:56:54.528+0200: 62937.921: [GC [PSYoungGen: 1592878K->699937K(1592896K)] 3317666K->2540765K(6371584K), 0.9204726 secs] [Times: user=7.19 sys=0.02, real=0.92 secs] 
2012-05-22T12:57:31.625+0200: 62975.018: [GC [PSYoungGen: 1496417K->289641K(1592896K)] 3337245K->2537715K(6371584K), 0.8499041 secs] [Times: user=6.74 sys=0.00, real=0.86 secs] 
2012-05-22T12:58:00.455+0200: 63003.843: [GC [PSYoungGen: 1086121K->160732K(1592896K)] 3334195K->2547006K(6371584K), 0.3729441 secs] [Times: user=2.81 sys=0.00, real=0.37 secs] 
2012-05-22T12:58:21.780+0200: 63025.166: [GC [PSYoungGen: 957212K->96783K(1592896K)] 3343486K->2614227K(6371584K), 0.2958738 secs] [Times: user=2.34 sys=0.00, real=0.30 secs] 
2012-05-22T12:58:32.311+0200: 63035.698: [GC [PSYoungGen: 893263K->295244K(1592896K)] 3410707K->2816642K(6371584K), 0.3962591 secs] [Times: user=3.07 sys=0.00, real=0.39 secs] 
2012-05-22T12:58:43.792+0200: 63047.175: [GC [PSYoungGen: 1091724K->382984K(1592896K)] 3613122K->2951668K(6371584K), 0.4982183 secs] [Times: user=3.98 sys=0.00, real=0.50 secs] 
2012-05-22T12:59:09.720+0200: 63073.103: [GC [PSYoungGen: 1179464K->54940K(1592896K)] 3748148K->2921214K(6371584K), 0.8814728 secs] [Times: user=6.66 sys=0.00, real=0.87 secs] 
2012-05-22T12:59:41.295+0200: 63104.683: [GC [PSYoungGen: 851420K->27966K(1592896K)] 3717694K->2927867K(6371584K), 0.0990885 secs] [Times: user=0.67 sys=0.00, real=0.11 secs] 
2012-05-22T13:00:08.377+0200: 63131.769: [GC [PSYoungGen: 824446K->48280K(1592896K)] 3724347K->2948478K(6371584K), 0.0890381 secs] [Times: user=0.75 sys=0.00, real=0.09 secs] 
2012-05-22T13:00:31.232+0200: 63154.620: [GC [PSYoungGen: 844760K->118264K(1592896K)] 3744958K->3033073K(6371584K), 0.2092400 secs] [Times: user=1.73 sys=0.00, real=0.22 secs] 
2012-05-22T13:00:55.771+0200: 63179.148: [GC [PSYoungGen: 914744K->132153K(1592896K)] 3829553K->3115785K(6371584K), 0.4706599 secs] [Times: user=3.71 sys=0.00, real=0.47 secs] 
2012-05-22T13:01:29.218+0200: 63212.600: [GC [PSYoungGen: 928633K->29619K(1592896K)] 3912265K->3122458K(6371584K), 0.1886867 secs] [Times: user=1.37 sys=0.00, real=0.19 secs] 
2012-05-22T13:02:08.375+0200: 63251.754: [GC [PSYoungGen: 826099K->20769K(1592896K)] 3918938K->3113917K(6371584K), 0.0619380 secs] [Times: user=0.37 sys=0.00, real=0.06 secs] 
2012-05-22T13:02:41.291+0200: 63284.677: [GC [PSYoungGen: 817249K->24560K(1592896K)] 3910397K->3118036K(6371584K), 0.0628304 secs] [Times: user=0.48 sys=0.00, real=0.06 secs] 
2012-05-22T13:03:14.052+0200: 63317.435: [GC [PSYoungGen: 821040K->30128K(1592896K)] 3914516K->3123936K(6371584K), 0.0727886 secs] [Times: user=0.53 sys=0.00, real=0.08 secs] 
2012-05-22T13:03:53.848+0200: 63357.218: [GC [PSYoungGen: 826608K->18083K(1595776K)] 3920416K->3112192K(6374464K), 0.0525081 secs] [Times: user=0.37 sys=0.00, real=0.05 secs] 
2012-05-22T13:04:28.153+0200: 63391.521: [GC [PSYoungGen: 817443K->29917K(1592896K)] 3911552K->3124027K(6371584K), 0.0718762 secs] [Times: user=0.47 sys=0.00, real=0.06 secs] 
2012-05-22T13:05:06.359+0200: 63429.727: [GC [PSYoungGen: 829277K->11845K(1669888K)] 3923387K->3105955K(6448576K), 0.0648573 secs] [Times: user=0.27 sys=0.00, real=0.06 secs] 
2012-05-22T13:05:28.261+0200: 63451.636: [GC [PSYoungGen: 926853K->54936K(1634432K)] 4020963K->3149045K(6413120K), 0.0983020 secs] [Times: user=0.73 sys=0.00, real=0.09 secs] 
2012-05-22T13:05:36.264+0200: 63459.644: [GC [PSYoungGen: 969944K->98604K(1761600K)] 4064053K->3192713K(6540288K), 0.1509648 secs] [Times: user=1.01 sys=0.02, real=0.14 secs] 
2012-05-22T13:05:47.122+0200: 63470.491: [GC [PSYoungGen: 1183916K->250204K(1713024K)] 4278025K->3344314K(6491712K), 0.3373792 secs] [Times: user=2.56 sys=0.00, real=0.33 secs] 
2012-05-22T13:06:04.080+0200: 63487.457: [GC [PSYoungGen: 1335516K->262759K(1769856K)] 4429626K->3356869K(6548544K), 0.3132430 secs] [Times: user=2.20 sys=0.00, real=0.31 secs] 
2012-05-22T13:06:54.703+0200: 63538.076: [GC [PSYoungGen: 1409959K->18855K(1766656K)] 4504069K->3113098K(6545344K), 0.0592966 secs] [Times: user=0.37 sys=0.00, real=0.06 secs] 
2012-05-22T13:07:49.132+0200: 63592.492: [GC [PSYoungGen: 1166055K->15717K(1818048K)] 4260298K->3109960K(6596736K), 0.0674843 secs] [Times: user=0.30 sys=0.00, real=0.06 secs] 
2012-05-22T13:08:51.284+0200: 63654.649: [GC [PSYoungGen: 1238053K->47297K(1793600K)] 4332296K->3141541K(6572288K), 0.1081281 secs] [Times: user=0.55 sys=0.00, real=0.11 secs] 
2012-05-22T13:09:19.926+0200: 63683.282: [GC [PSYoungGen: 1269633K->191422K(1864256K)] 4363877K->3285665K(6642944K), 0.2826045 secs] [Times: user=1.98 sys=0.00, real=0.28 secs] 
2012-05-22T13:09:46.259+0200: 63709.627: [GC [PSYoungGen: 1515070K->525030K(1848704K)] 4609313K->3639243K(6627392K), 0.7276511 secs] [Times: user=5.57 sys=0.00, real=0.73 secs] 
2012-05-22T13:10:18.193+0200: 63741.548: [GC [PSYoungGen: 1848678K->540577K(1337088K)] 4962891K->3952898K(6115776K), 0.9789966 secs] [Times: user=7.72 sys=0.00, real=0.97 secs] 
2012-05-22T13:10:40.611+0200: 63763.974: [GC [PSYoungGen: 1337057K->589921K(1592896K)] 4749378K->4002684K(6371584K), 0.6894680 secs] [Times: user=4.76 sys=0.00, real=0.69 secs] 
2012-05-22T13:11:22.482+0200: 63805.838: [GC [PSYoungGen: 1386401K->563274K(1592896K)] 4799164K->3976197K(6371584K), 0.7152451 secs] [Times: user=4.71 sys=0.00, real=0.72 secs] 
2012-05-22T13:12:08.690+0200: 63852.050: [GC [PSYoungGen: 1359754K->541647K(1592896K)] 4772677K->3954594K(6371584K), 0.6155638 secs] [Times: user=4.65 sys=0.00, real=0.62 secs] 
2012-05-22T13:12:47.815+0200: 63891.170: [GC [PSYoungGen: 1338127K->505650K(1592896K)] 4751074K->3972579K(6371584K), 0.6259080 secs] [Times: user=4.96 sys=0.00, real=0.62 secs] 
2012-05-22T13:13:25.381+0200: 63928.731: [GC [PSYoungGen: 1302130K->34496K(1592896K)] 4769059K->3977739K(6371584K), 0.7701724 secs] [Times: user=5.93 sys=0.00, real=0.76 secs] 
2012-05-22T13:14:03.196+0200: 63966.543: [GC [PSYoungGen: 830976K->15759K(1592896K)] 4774219K->3966250K(6371584K), 0.1075859 secs] [Times: user=0.69 sys=0.00, real=0.11 secs] 
2012-05-22T13:14:39.950+0200: 64003.309: [GC [PSYoungGen: 812239K->23472K(1592896K)] 4762730K->3973986K(6371584K), 0.0817141 secs] [Times: user=0.41 sys=0.00, real=0.09 secs] 
2012-05-22T13:15:18.062+0200: 64041.411: [GC [PSYoungGen: 819952K->27962K(1592896K)] 4770466K->3978593K(6371584K), 0.1051617 secs] [Times: user=0.47 sys=0.00, real=0.11 secs] 
2012-05-22T13:15:29.122+0200: 64052.470: [GC [PSYoungGen: 824442K->67255K(1592896K)] 4775073K->4025425K(6371584K), 0.1264866 secs] [Times: user=1.00 sys=0.00, real=0.13 secs] 
2012-05-22T13:15:36.486+0200: 64059.836: [GC [PSYoungGen: 863735K->99048K(1592896K)] 4821905K->4086312K(6371584K), 0.2091499 secs] [Times: user=1.59 sys=0.00, real=0.20 secs] 
2012-05-22T13:15:46.080+0200: 64069.432: [GC [PSYoungGen: 895528K->145082K(1592896K)] 4882792K->4209850K(6371584K), 0.3066430 secs] [Times: user=2.50 sys=0.00, real=0.31 secs] 
2012-05-22T13:15:54.863+0200: 64078.204: [GC [PSYoungGen: 941562K->34997K(1650624K)] 5006330K->4237593K(6429312K), 0.2564137 secs] [Times: user=1.87 sys=0.00, real=0.25 secs] 
2012-05-22T13:16:26.906+0200: 64110.255: [GC [PSYoungGen: 918005K->22477K(1621696K)] 5120601K->4237581K(6400384K), 0.0992697 secs] [Times: user=0.69 sys=0.00, real=0.09 secs] 
2012-05-22T13:17:15.267+0200: 64158.613: [GC [PSYoungGen: 905485K->24926K(1709312K)] 5120589K->4250283K(6488000K), 0.0847952 secs] [Times: user=0.50 sys=0.00, real=0.08 secs] 
2012-05-22T13:18:07.559+0200: 64210.902: [GC [PSYoungGen: 1023966K->27124K(1679040K)] 5249323K->4252481K(6457728K), 0.0823111 secs] [Times: user=0.51 sys=0.00, real=0.08 secs] 
2012-05-22T13:18:56.060+0200: 64259.395: [GC [PSYoungGen: 1026164K->28108K(1772608K)] 5251521K->4253465K(6551296K), 0.1111417 secs] [Times: user=0.47 sys=0.00, real=0.11 secs] 
2012-05-22T13:19:58.009+0200: 64321.342: [GC [PSYoungGen: 1152140K->13350K(1740736K)] 5377497K->4238707K(6519424K), 0.0648589 secs] [Times: user=0.31 sys=0.00, real=0.06 secs] 
2012-05-22T13:20:56.214+0200: 64379.546: [GC [PSYoungGen: 1137382K->28881K(1833792K)] 5362739K->4254238K(6612480K), 0.0816363 secs] [Times: user=0.53 sys=0.00, real=0.08 secs] 
2012-05-22T13:21:51.205+0200: 64434.539: [GC [PSYoungGen: 1275153K->20019K(1801792K)] 5500510K->4245376K(6580480K), 0.0665643 secs] [Times: user=0.44 sys=0.00, real=0.06 secs] 
2012-05-22T13:22:53.263+0200: 64496.592: [GC [PSYoungGen: 1266291K->20235K(1892608K)] 5491648K->4245592K(6671296K), 0.0653156 secs] [Times: user=0.50 sys=0.00, real=0.06 secs] 
2012-05-22T13:24:34.790+0200: 64598.112: [GC [PSYoungGen: 1387019K->23474K(1863488K)] 5612376K->4248831K(6642176K), 0.0936424 secs] [Times: user=0.39 sys=0.00, real=0.09 secs] 
2012-05-22T13:25:30.998+0200: 64654.317: [GC [PSYoungGen: 1390258K->70315K(1957376K)] 5615615K->4295672K(6736064K), 0.1273257 secs] [Times: user=0.84 sys=0.00, real=0.12 secs] 
2012-05-22T13:25:43.899+0200: 64667.230: [GC [PSYoungGen: 1559915K->256972K(1921536K)] 5785272K->4482329K(6700224K), 0.3792165 secs] [Times: user=2.87 sys=0.00, real=0.39 secs] 
2012-05-22T13:27:15.863+0200: 64759.182: [GC [PSYoungGen: 1746572K->21708K(1950656K)] 5971929K->4247064K(6729344K), 0.0702911 secs] [Times: user=0.44 sys=0.00, real=0.06 secs] 
2012-05-22T13:29:07.124+0200: 64870.440: [GC [PSYoungGen: 1511052K->305294K(1794688K)] 5736408K->4530651K(6573376K), 0.4717976 secs] [Times: user=3.51 sys=0.00, real=0.47 secs] 
2012-05-22T13:30:35.968+0200: 64959.288: [GC [PSYoungGen: 1794638K->43255K(1931392K)] 6019995K->4268612K(6710080K), 0.0997868 secs] [Times: user=0.38 sys=0.00, real=0.11 secs] 
2012-05-22T13:32:53.750+0200: 65097.056: [GC [PSYoungGen: 1491895K->21382K(1906560K)] 5717252K->4246739K(6685248K), 0.0935503 secs] [Times: user=0.39 sys=0.00, real=0.09 secs] 
2012-05-22T13:34:57.757+0200: 65221.057: [GC [PSYoungGen: 1470022K->10443K(1970880K)] 5695379K->4235800K(6749568K), 0.0827304 secs] [Times: user=0.30 sys=0.00, real=0.08 secs] 
2012-05-22T13:35:32.935+0200: 65256.241: [GC [PSYoungGen: 1543947K->107129K(1951936K)] 5769304K->4332524K(6730624K), 0.1856337 secs] [Times: user=1.28 sys=0.00, real=0.19 secs] 
2012-05-22T13:35:54.994+0200: 65278.290: [GC [PSYoungGen: 1640633K->251824K(1938688K)] 5866028K->4477235K(6717376K), 0.3746526 secs] [Times: user=2.67 sys=0.00, real=0.37 secs] 
2012-05-22T13:37:58.548+0200: 65401.851: [GC [PSYoungGen: 1798512K->22676K(1968000K)] 6023923K->4248133K(6746688K), 0.0870188 secs] [Times: user=0.36 sys=0.00, real=0.09 secs] 
2012-05-22T13:40:31.541+0200: 65554.830: [GC [PSYoungGen: 1569364K->194743K(1975104K)] 5794821K->4420270K(6753792K), 0.2971246 secs] [Times: user=2.06 sys=0.00, real=0.30 secs] 
2012-05-22T13:42:33.987+0200: 65677.278: [GC [PSYoungGen: 1765495K->30052K(1980032K)] 5991022K->4255603K(6758720K), 0.0733420 secs] [Times: user=0.51 sys=0.00, real=0.08 secs] 
2012-05-22T13:44:24.952+0200: 65788.240: [GC [PSYoungGen: 1600804K->24703K(2013056K)] 5826355K->4250278K(6791744K), 0.0897933 secs] [Times: user=0.50 sys=0.00, real=0.09 secs] 
2012-05-22T13:45:29.584+0200: 65852.866: [GC [PSYoungGen: 1645247K->87244K(1996800K)] 5870822K->4312835K(6775488K), 0.1562915 secs] [Times: user=1.09 sys=0.00, real=0.16 secs] 
2012-05-22T13:45:52.985+0200: 65876.272: [GC [PSYoungGen: 1707788K->252195K(1973440K)] 5933379K->4479497K(6752128K), 0.3614960 secs] [Times: user=2.71 sys=0.00, real=0.37 secs] 
2012-05-22T13:46:44.107+0200: 65927.388: [GC [PSYoungGen: 1876707K->382398K(2006912K)] 6104009K->4706529K(6785600K), 0.7084443 secs] [Times: user=5.32 sys=0.00, real=0.72 secs] 
2012-05-22T13:48:06.835+0200: 66010.105: [GC [PSYoungGen: 2006910K->382391K(1605248K)] 6331041K->4809426K(6383936K), 0.6072199 secs] [Times: user=4.49 sys=0.00, real=0.61 secs] 
2012-05-22T13:49:47.660+0200: 66110.936: [GC [PSYoungGen: 1605239K->388637K(1611520K)] 6032274K->4815680K(6390208K), 0.4145735 secs] [Times: user=3.09 sys=0.00, real=0.42 secs] 
2012-05-22T13:51:26.722+0200: 66209.989: [GC [PSYoungGen: 1611485K->390457K(1712384K)] 6038528K->4817500K(6491072K), 0.4080441 secs] [Times: user=3.17 sys=0.00, real=0.41 secs] 
2012-05-22T13:52:49.045+0200: 66292.306: [GC [PSYoungGen: 1482617K->394945K(1487168K)] 5909660K->4821988K(6265856K), 0.4211577 secs] [Times: user=3.20 sys=0.00, real=0.42 secs] 
2012-05-22T13:54:17.342+0200: 66380.598: [GC [PSYoungGen: 1145122K->386300K(1694912K)] 5572165K->4813343K(6473600K), 0.4162549 secs] [Times: user=3.03 sys=0.00, real=0.41 secs] 
2012-05-22T13:54:17.748+0200: 66381.014: [Full GC (System) [PSYoungGen: 386300K->0K(1694912K)] [PSOldGen: 4427042K->1005316K(4778688K)] 4813343K->1005316K(6473600K) [PSPermGen: 112890K->112890K(393216K)], 4.8177685 secs] [Times: user=4.82 sys=0.00, real=4.82 secs] 
2012-05-22T13:55:22.614+0200: 66445.880: [GC [PSYoungGen: 1024320K->51970K(1706816K)] 2029636K->1057286K(6485504K), 0.0755497 secs] [Times: user=0.59 sys=0.00, real=0.08 secs] 
2012-05-22T13:55:37.013+0200: 66460.277: [GC [PSYoungGen: 1076290K->115103K(1740160K)] 2081606K->1120420K(6518848K), 0.1572868 secs] [Times: user=1.00 sys=0.00, real=0.16 secs] 
2012-05-22T13:55:46.748+0200: 66470.013: [GC [PSYoungGen: 1181855K->265416K(1715904K)] 2187172K->1270733K(6494592K), 0.3232483 secs] [Times: user=2.62 sys=0.00, real=0.33 secs] 
2012-05-22T13:56:34.048+0200: 66517.310: [GC [PSYoungGen: 1332168K->22684K(1771840K)] 2337485K->1028001K(6550528K), 0.0365719 secs] [Times: user=0.27 sys=0.00, real=0.05 secs] 
2012-05-22T13:58:35.340+0200: 66638.599: [GC [PSYoungGen: 1171548K->14515K(1766336K)] 2176865K->1019832K(6545024K), 0.0349556 secs] [Times: user=0.09 sys=0.00, real=0.05 secs] 
2012-05-22T14:00:03.451+0200: 66726.700: [GC [PSYoungGen: 1163379K->193812K(1820032K)] 2168696K->1199129K(6598720K), 0.2720673 secs] [Times: user=1.89 sys=0.00, real=0.27 secs] 
2012-05-22T14:00:59.799+0200: 66783.049: [GC [PSYoungGen: 1405332K->569248K(1780800K)] 2410649K->1596671K(6559488K), 0.7405543 secs] [Times: user=5.60 sys=0.00, real=0.75 secs] 
2012-05-22T14:01:34.276+0200: 66817.527: [GC [PSYoungGen: 1780768K->608500K(1404992K)] 2808191K->1704780K(6183680K), 0.6817722 secs] [Times: user=5.40 sys=0.00, real=0.69 secs] 
2012-05-22T14:02:15.726+0200: 66858.966: [GC [PSYoungGen: 1404980K->611969K(1592896K)] 2501260K->1708249K(6371584K), 0.5411251 secs] [Times: user=3.76 sys=0.00, real=0.53 secs] 
2012-05-22T14:02:47.004+0200: 66890.247: [GC [PSYoungGen: 1408449K->575116K(1592896K)] 2504729K->1671397K(6371584K), 0.4890665 secs] [Times: user=3.79 sys=0.00, real=0.48 secs] 
2012-05-22T14:03:18.080+0200: 66921.324: [GC [PSYoungGen: 1371596K->558075K(1592896K)] 2467877K->1654355K(6371584K), 0.5333433 secs] [Times: user=3.84 sys=0.00, real=0.53 secs] 
2012-05-22T14:03:53.399+0200: 66956.647: [GC [PSYoungGen: 1354555K->545931K(1592896K)] 2450835K->1651642K(6371584K), 0.4913315 secs] [Times: user=3.65 sys=0.00, real=0.50 secs] 
2012-05-22T14:04:32.930+0200: 66996.169: [GC [PSYoungGen: 1342411K->549147K(1592896K)] 2448122K->1654958K(6371584K), 0.4533736 secs] [Times: user=3.42 sys=0.00, real=0.45 secs] 
2012-05-22T14:05:25.082+0200: 67048.320: [GC [PSYoungGen: 1345627K->522366K(1592896K)] 2451438K->1677513K(6371584K), 0.5879906 secs] [Times: user=3.99 sys=0.00, real=0.59 secs] 
2012-05-22T14:05:38.857+0200: 67062.087: [GC [PSYoungGen: 1318846K->90794K(1592896K)] 2473993K->1720357K(6371584K), 0.8121238 secs] [Times: user=5.43 sys=0.00, real=0.81 secs] 
2012-05-22T14:05:50.417+0200: 67073.659: [GC [PSYoungGen: 887274K->221903K(1592896K)] 2516837K->1855153K(6371584K), 0.3247510 secs] [Times: user=2.32 sys=0.00, real=0.33 secs] 
2012-05-22T14:05:55.253+0200: 67078.485: [GC [PSYoungGen: 1018246K->260030K(1592896K)] 2651496K->1893386K(6371584K), 0.2897719 secs] [Times: user=2.00 sys=0.00, real=0.28 secs] 
2012-05-22T14:06:29.901+0200: 67113.132: [GC [PSYoungGen: 1056510K->14701K(1592896K)] 2689866K->1648277K(6371584K), 0.0331943 secs] [Times: user=0.19 sys=0.00, real=0.03 secs] 
2012-05-22T14:07:43.410+0200: 67186.642: [GC [PSYoungGen: 811181K->19641K(1592896K)] 2444757K->1653340K(6371584K), 0.0380623 secs] [Times: user=0.22 sys=0.00, real=0.03 secs] 
2012-05-22T14:08:47.387+0200: 67250.609: [GC [PSYoungGen: 816121K->20672K(1592896K)] 2449820K->1654605K(6371584K), 0.0455937 secs] [Times: user=0.17 sys=0.00, real=0.03 secs] 
2012-05-22T14:10:26.012+0200: 67349.236: [GC [PSYoungGen: 817152K->14957K(1592896K)] 2451085K->1649284K(6371584K), 0.0313722 secs] [Times: user=0.22 sys=0.00, real=0.03 secs] 
2012-05-22T14:11:57.024+0200: 67440.239: [GC [PSYoungGen: 811437K->15237K(1592896K)] 2445764K->1649813K(6371584K), 0.0325513 secs] [Times: user=0.12 sys=0.00, real=0.03 secs] 
2012-05-22T14:12:44.215+0200: 67487.440: [GC [PSYoungGen: 811717K->31844K(1592896K)] 2446293K->1666747K(6371584K), 0.0558591 secs] [Times: user=0.34 sys=0.00, real=0.06 secs] 
2012-05-22T14:13:42.373+0200: 67545.594: [GC [PSYoungGen: 828324K->54125K(1634752K)] 2463227K->1689028K(6413440K), 0.0845019 secs] [Times: user=0.52 sys=0.00, real=0.09 secs] 
2012-05-22T14:14:03.137+0200: 67566.358: [GC [PSYoungGen: 898669K->37454K(1599104K)] 2533572K->1672357K(6377792K), 0.0558663 secs] [Times: user=0.45 sys=0.00, real=0.06 secs] 
2012-05-22T14:14:24.759+0200: 67587.970: [GC [PSYoungGen: 881998K->36713K(1701312K)] 2516901K->1671616K(6480000K), 0.0580346 secs] [Times: user=0.31 sys=0.00, real=0.05 secs] 
2012-05-22T14:14:55.514+0200: 67618.735: [GC [PSYoungGen: 1016489K->79598K(1667776K)] 2651392K->1714501K(6446464K), 0.1201010 secs] [Times: user=0.78 sys=0.01, real=0.13 secs] 
2012-05-22T14:15:22.369+0200: 67645.608: [GC [PSYoungGen: 1059374K->92164K(1783168K)] 2694277K->1727067K(6561856K), 0.1184458 secs] [Times: user=0.98 sys=0.00, real=0.13 secs] 
2012-05-22T14:15:38.479+0200: 67661.721: [GC [PSYoungGen: 1228228K->86696K(1742208K)] 2863131K->1721599K(6520896K), 0.1227813 secs] [Times: user=0.81 sys=0.00, real=0.13 secs] 
2012-05-22T14:15:52.671+0200: 67675.904: [GC [PSYoungGen: 1222760K->276277K(1802816K)] 2857663K->1911180K(6581504K), 0.3503464 secs] [Times: user=2.74 sys=0.00, real=0.34 secs] 
2012-05-22T14:16:00.047+0200: 67683.293: [GC [PSYoungGen: 1510389K->422594K(1656768K)] 3145292K->2057497K(6435456K), 0.4398192 secs] [Times: user=3.49 sys=0.00, real=0.44 secs] 
2012-05-22T14:17:16.838+0200: 67760.107: [GC [PSYoungGen: 1656706K->24785K(1773568K)] 3291609K->1659822K(6552256K), 0.0561694 secs] [Times: user=0.16 sys=0.00, real=0.06 secs] 
2012-05-22T14:18:33.832+0200: 67837.112: [GC [PSYoungGen: 1162449K->19311K(1753408K)] 2797486K->1654533K(6532096K), 0.0410385 secs] [Times: user=0.17 sys=0.00, real=0.03 secs] 
2012-05-22T14:20:30.698+0200: 67954.007: [GC [PSYoungGen: 1156975K->18513K(1817664K)] 2792197K->1653735K(6596352K), 0.0413427 secs] [Times: user=0.14 sys=0.00, real=0.05 secs] 
2012-05-22T14:22:19.903+0200: 68063.226: [GC [PSYoungGen: 1241681K->22818K(1794816K)] 2876903K->1658040K(6573504K), 0.0481194 secs] [Times: user=0.22 sys=0.00, real=0.05 secs] 
2012-05-22T14:24:31.164+0200: 68194.487: [GC [PSYoungGen: 1245986K->24038K(1867904K)] 2881208K->1659260K(6646592K), 0.0445426 secs] [Times: user=0.22 sys=0.00, real=0.03 secs] 
2012-05-22T14:25:34.810+0200: 68258.132: [GC [PSYoungGen: 1345062K->119822K(1842432K)] 2980284K->1755044K(6621120K), 0.1834971 secs] [Times: user=1.31 sys=0.00, real=0.17 secs] 
2012-05-22T14:25:51.938+0200: 68275.269: [GC [PSYoungGen: 1440846K->66260K(1935104K)] 3076068K->1701482K(6713792K), 0.1101628 secs] [Times: user=0.66 sys=0.00, real=0.11 secs] 
2012-05-22T14:26:27.568+0200: 68310.895: [GC [PSYoungGen: 1518356K->155618K(1906304K)] 3153578K->1790840K(6684992K), 0.2296842 secs] [Times: user=1.47 sys=0.00, real=0.23 secs] 
2012-05-22T14:27:33.040+0200: 68376.371: [GC [PSYoungGen: 1607714K->436859K(1739712K)] 3242936K->2123743K(6518400K), 0.5768087 secs] [Times: user=4.62 sys=0.00, real=0.58 secs] 
2012-05-22T14:27:56.003+0200: 68399.326: [GC [PSYoungGen: 1739707K->438047K(1740928K)] 3426591K->2125035K(6519616K), 0.4669429 secs] [Times: user=3.60 sys=0.00, real=0.47 secs] 
2012-05-22T14:29:53.796+0200: 68517.122: [GC [PSYoungGen: 1740895K->400320K(1702144K)] 3427883K->2087308K(6480832K), 0.3930484 secs] [Times: user=3.00 sys=0.00, real=0.39 secs] 
2012-05-22T14:32:27.582+0200: 68670.907: [GC [PSYoungGen: 1492352K->401380K(1493440K)] 3179340K->2088527K(6272128K), 0.3864530 secs] [Times: user=3.06 sys=0.00, real=0.39 secs] 
2012-05-22T14:34:57.827+0200: 68821.149: [GC [PSYoungGen: 1493412K->572211K(1543488K)] 3180559K->2259358K(6322176K), 0.6169866 secs] [Times: user=4.57 sys=0.00, real=0.62 secs] 
2012-05-22T14:35:30.837+0200: 68854.163: [GC [PSYoungGen: 1437939K->685602K(1551360K)] 3125086K->2372837K(6330048K), 0.6373039 secs] [Times: user=5.07 sys=0.00, real=0.64 secs] 
2012-05-22T14:35:40.571+0200: 68863.895: [GC [PSYoungGen: 1551330K->538707K(1592896K)] 3238565K->2226013K(6371584K), 0.5177968 secs] [Times: user=3.99 sys=0.00, real=0.51 secs] 
2012-05-22T14:35:46.780+0200: 68870.097: [GC [PSYoungGen: 1335187K->607223K(1592896K)] 3022493K->2294706K(6371584K), 0.5616241 secs] [Times: user=4.45 sys=0.00, real=0.56 secs] 
2012-05-22T14:36:57.433+0200: 68940.756: [GC [PSYoungGen: 1403703K->423300K(1592896K)] 3091186K->2110918K(6371584K), 0.4195229 secs] [Times: user=2.99 sys=0.00, real=0.42 secs] 
2012-05-22T14:38:23.203+0200: 69026.523: [GC [PSYoungGen: 1219780K->398395K(1592896K)] 2907398K->2089445K(6371584K), 0.3786164 secs] [Times: user=2.89 sys=0.00, real=0.39 secs] 
2012-05-22T14:39:59.067+0200: 69122.373: [GC [PSYoungGen: 1194875K->34046K(1592896K)] 2885925K->2090023K(6371584K), 0.5256476 secs] [Times: user=4.06 sys=0.00, real=0.51 secs] 
2012-05-22T14:41:05.898+0200: 69189.210: [GC [PSYoungGen: 830526K->11855K(1592896K)] 2886503K->2092144K(6371584K), 0.1107536 secs] [Times: user=0.78 sys=0.00, real=0.13 secs] 
2012-05-22T14:42:20.671+0200: 69263.975: [GC [PSYoungGen: 808335K->7440K(1592896K)] 2888624K->2087752K(6371584K), 0.0300082 secs] [Times: user=0.06 sys=0.00, real=0.03 secs] 
2012-05-22T14:43:51.371+0200: 69354.675: [GC [PSYoungGen: 803920K->68253K(1592896K)] 2884232K->2149170K(6371584K), 0.1180817 secs] [Times: user=0.76 sys=0.00, real=0.13 secs] 
2012-05-22T14:44:20.465+0200: 69383.763: [GC [PSYoungGen: 864733K->22247K(1592896K)] 2945650K->2103413K(6371584K), 0.0440245 secs] [Times: user=0.20 sys=0.00, real=0.05 secs] 
2012-05-22T14:45:19.965+0200: 69443.259: [GC [PSYoungGen: 818727K->38246K(1592896K)] 2899893K->2119530K(6371584K), 0.0797916 secs] [Times: user=0.25 sys=0.00, real=0.08 secs] 
2012-05-22T14:45:28.077+0200: 69451.379: [GC [PSYoungGen: 834726K->73707K(1630016K)] 2916010K->2154990K(6408704K), 0.1148542 secs] [Times: user=0.76 sys=0.00, real=0.13 secs] 
2012-05-22T14:45:35.784+0200: 69459.077: [GC [PSYoungGen: 908459K->194701K(1594048K)] 2989742K->2275984K(6372736K), 0.2529957 secs] [Times: user=1.97 sys=0.00, real=0.25 secs] 
2012-05-22T14:46:02.413+0200: 69485.720: [GC [PSYoungGen: 1029453K->7937K(1705536K)] 3110736K->2089220K(6484224K), 0.0285603 secs] [Times: user=0.16 sys=0.00, real=0.03 secs] 
2012-05-22T14:46:49.136+0200: 69532.427: [GC [PSYoungGen: 1010561K->16521K(1686400K)] 3091844K->2097805K(6465088K), 0.0385185 secs] [Times: user=0.11 sys=0.00, real=0.03 secs] 
2012-05-22T14:47:48.261+0200: 69591.550: [GC [PSYoungGen: 1019145K->14413K(1754624K)] 3100429K->2095696K(6533312K), 0.0612565 secs] [Times: user=0.11 sys=0.00, real=0.06 secs] 
2012-05-22T14:49:00.725+0200: 69664.019: [GC [PSYoungGen: 1109005K->16707K(1729280K)] 3190288K->2097991K(6507968K), 0.0517355 secs] [Times: user=0.16 sys=0.00, real=0.05 secs] 
2012-05-22T14:50:37.041+0200: 69760.324: [GC [PSYoungGen: 1111299K->183951K(1810176K)] 3192583K->2265235K(6588864K), 0.2676596 secs] [Times: user=2.01 sys=0.00, real=0.27 secs] 
2012-05-22T14:51:41.985+0200: 69825.278: [GC [PSYoungGen: 1386511K->31937K(1781696K)] 3467795K->2113221K(6560384K), 0.0778317 secs] [Times: user=0.11 sys=0.00, real=0.08 secs] 
2012-05-22T14:53:28.254+0200: 69931.542: [GC [PSYoungGen: 1234497K->7118K(1858560K)] 3315781K->2088401K(6637248K), 0.0317316 secs] [Times: user=0.12 sys=0.00, real=0.03 secs] 
2012-05-22T14:54:22.574+0200: 69985.848: [GC [PSYoungGen: 539559K->10366K(1836352K)] 2620842K->2091650K(6615040K), 0.0474743 secs] [Times: user=0.09 sys=0.00, real=0.05 secs] 
2012-05-22T14:54:22.621+0200: 69985.895: [Full GC (System) [PSYoungGen: 10366K->0K(1836352K)] [PSOldGen: 2081283K->607783K(4778688K)] 2091650K->607783K(6615040K) [PSPermGen: 112919K->112636K(393216K)], 3.7395155 secs] [Times: user=3.73 sys=0.00, real=3.73 secs] 
2012-05-22T14:55:29.047+0200: 70052.320: [GC [PSYoungGen: 1305600K->60274K(1915072K)] 1913383K->668057K(6693760K), 0.0818882 secs] [Times: user=0.50 sys=0.00, real=0.08 secs] 
2012-05-22T14:55:43.212+0200: 70066.497: [GC [PSYoungGen: 1468402K->199589K(1882368K)] 2076185K->807372K(6661056K), 0.2519568 secs] [Times: user=1.98 sys=0.02, real=0.27 secs] 
2012-05-22T14:57:31.057+0200: 70174.335: [GC [PSYoungGen: 1607717K->16974K(1936192K)] 2215500K->624757K(6714880K), 0.0278661 secs] [Times: user=0.14 sys=0.00, real=0.03 secs] 
2012-05-22T15:00:08.948+0200: 70332.214: [GC [PSYoungGen: 1478201K->45437K(1915648K)] 2085984K->653220K(6694336K), 0.0460315 secs] [Times: user=0.27 sys=0.00, real=0.05 secs] 
2012-05-22T15:00:48.229+0200: 70371.499: [GC [PSYoungGen: 1507965K->10294K(1980800K)] 2115748K->618077K(6759488K), 0.0162444 secs] [Times: user=0.06 sys=0.00, real=0.02 secs] 
2012-05-22T15:04:25.869+0200: 70589.125: [GC [PSYoungGen: 1563830K->14833K(1962048K)] 2171613K->622616K(6740736K), 0.0348931 secs] [Times: user=0.06 sys=0.00, real=0.03 secs] 
2012-05-22T15:05:36.710+0200: 70659.971: [GC [PSYoungGen: 1568369K->178485K(1989376K)] 2176152K->786268K(6768064K), 0.2391770 secs] [Times: user=1.78 sys=0.00, real=0.25 secs] 
2012-05-22T15:10:00.121+0200: 70923.363: [GC [PSYoungGen: 1779317K->15956K(1995072K)] 2387100K->623740K(6773760K), 0.0298976 secs] [Times: user=0.06 sys=0.00, real=0.03 secs] 
2012-05-22T15:15:23.110+0200: 71246.338: [GC [PSYoungGen: 1616788K->46630K(2036416K)] 2224572K->654414K(6815104K), 0.0685478 secs] [Times: user=0.27 sys=0.00, real=0.06 secs] 
2012-05-22T15:15:47.368+0200: 71270.606: [GC [PSYoungGen: 1706790K->183913K(2013056K)] 2314574K->791696K(6791744K), 0.2737353 secs] [Times: user=1.79 sys=0.00, real=0.28 secs] 
2012-05-22T15:20:32.557+0200: 71555.780: [GC [PSYoungGen: 1844073K->27361K(2041920K)] 2451856K->635144K(6820608K), 0.0656658 secs] [Times: user=0.09 sys=0.00, real=0.06 secs] 
2012-05-22T15:25:20.679+0200: 71843.888: [GC [PSYoungGen: 1704865K->47073K(2024896K)] 2312648K->654857K(6803584K), 0.0835327 secs] [Times: user=0.31 sys=0.00, real=0.08 secs] 
2012-05-22T15:25:42.301+0200: 71865.518: [GC [PSYoungGen: 1724577K->179442K(2037696K)] 2332361K->787226K(6816384K), 0.2412788 secs] [Times: user=1.72 sys=0.00, real=0.25 secs] 
2012-05-22T15:29:52.858+0200: 72116.056: [GC [PSYoungGen: 1890098K->27090K(2049984K)] 2497882K->634873K(6828672K), 0.0411153 secs] [Times: user=0.14 sys=0.00, real=0.05 secs] 
2012-05-22T15:35:23.912+0200: 72447.104: [GC [PSYoungGen: 1737746K->56336K(2084032K)] 2345529K->664120K(6862720K), 0.0842095 secs] [Times: user=0.41 sys=0.00, real=0.09 secs] 
2012-05-22T15:36:21.867+0200: 72505.052: [GC [PSYoungGen: 1815440K->16361K(2064384K)] 2423224K->629025K(6843072K), 0.0278753 secs] [Times: user=0.19 sys=0.00, real=0.03 secs] 
2012-05-22T15:44:34.181+0200: 72997.341: [GC [PSYoungGen: 1775465K->21312K(2108608K)] 2388129K->633992K(6887296K), 0.0328953 secs] [Times: user=0.08 sys=0.00, real=0.03 secs] 
2012-05-22T15:45:37.394+0200: 73060.563: [GC [PSYoungGen: 1836224K->205284K(2020224K)] 2448904K->817997K(6798912K), 0.2676007 secs] [Times: user=2.11 sys=0.00, real=0.26 secs] 
2012-05-22T15:52:41.550+0200: 73484.699: [GC [PSYoungGen: 2020196K->25911K(2092480K)] 2632909K->639116K(6871168K), 0.0412776 secs] [Times: user=0.14 sys=0.00, real=0.05 secs] 
2012-05-22T15:54:26.415+0200: 73589.553: [GC [PSYoungGen: 534592K->19949K(2079296K)] 1147796K->633483K(6857984K), 0.0699486 secs] [Times: user=0.08 sys=0.00, real=0.06 secs] 
2012-05-22T15:54:26.478+0200: 73589.623: [Full GC (System) [PSYoungGen: 19949K->0K(2079296K)] [PSOldGen: 613534K->627700K(4778688K)] 633483K->627700K(6857984K) [PSPermGen: 112739K->112739K(393216K)], 2.6880400 secs] [Times: user=2.68 sys=0.00, real=2.68 secs] 
2012-05-22T15:55:34.682+0200: 73657.828: [GC [PSYoungGen: 1782464K->185368K(2062848K)] 2410164K->813069K(6841536K), 0.2520649 secs] [Times: user=1.97 sys=0.00, real=0.25 secs] 
2012-05-22T15:58:33.041+0200: 73836.170: [GC [PSYoungGen: 1963736K->17024K(2083840K)] 2591437K->644724K(6862528K), 0.0506302 secs] [Times: user=0.03 sys=0.00, real=0.05 secs] 
2012-05-22T16:04:00.397+0200: 74163.520: [GC [PSYoungGen: 1795392K->33426K(2109632K)] 2423092K->661127K(6888320K), 0.0628872 secs] [Times: user=0.16 sys=0.00, real=0.06 secs] 
2012-05-22T16:05:19.834+0200: 74242.958: [GC [PSYoungGen: 1848786K->37436K(2095040K)] 2476487K->665137K(6873728K), 0.0665315 secs] [Times: user=0.25 sys=0.00, real=0.08 secs] 
2012-05-22T16:05:36.245+0200: 74259.369: [GC [PSYoungGen: 1852796K->212875K(2056896K)] 2480497K->840576K(6835584K), 0.2788204 secs] [Times: user=2.25 sys=0.00, real=0.28 secs] 
2012-05-22T16:12:29.107+0200: 74672.209: [GC [PSYoungGen: 2005067K->22228K(2090752K)] 2632768K->649929K(6869440K), 0.0403248 secs] [Times: user=0.05 sys=0.00, real=0.03 secs] 
2012-05-22T16:21:30.516+0200: 75213.597: [GC [PSYoungGen: 1814420K->26610K(2114560K)] 2442121K->654311K(6893248K), 0.0370338 secs] [Times: user=0.13 sys=0.00, real=0.03 secs] 
2012-05-22T16:25:32.430+0200: 75455.504: [GC [PSYoungGen: 1853874K->181285K(2008576K)] 2481575K->808986K(6787264K), 0.2383062 secs] [Times: user=1.84 sys=0.00, real=0.23 secs] 
2012-05-22T16:26:02.897+0200: 75485.970: [GC [PSYoungGen: 2008549K->75283K(2114304K)] 2636250K->702984K(6892992K), 0.0971163 secs] [Times: user=0.64 sys=0.00, real=0.09 secs] 
2012-05-22T16:28:30.897+0200: 75633.961: [GC [PSYoungGen: 1894611K->17078K(2094336K)] 2522312K->644779K(6873024K), 0.0263603 secs] [Times: user=0.06 sys=0.00, real=0.02 secs] 
2012-05-22T16:33:18.510+0200: 75921.608: [GC [PSYoungGen: 1836406K->92032K(2135552K)] 2464107K->719732K(6914240K), 0.1159897 secs] [Times: user=0.76 sys=0.00, real=0.11 secs] 
2012-05-22T16:34:25.335+0200: 75988.448: [GC [PSYoungGen: 1960832K->44190K(2122560K)] 2588532K->671891K(6901248K), 0.0637350 secs] [Times: user=0.26 sys=0.00, real=0.06 secs] 
2012-05-22T16:35:28.433+0200: 76051.573: [GC [PSYoungGen: 1912990K->104090K(2153216K)] 2540691K->731791K(6931904K), 0.1409329 secs] [Times: user=0.89 sys=0.00, real=0.14 secs] 
2012-05-22T16:35:50.282+0200: 76073.428: [GC [PSYoungGen: 2015642K->32082K(2147648K)] 2643343K->659783K(6926336K), 0.0416371 secs] [Times: user=0.17 sys=0.00, real=0.05 secs] 
2012-05-22T16:36:59.424+0200: 76142.577: [GC [PSYoungGen: 1943634K->46581K(2172672K)] 2571335K->674282K(6951360K), 0.0557777 secs] [Times: user=0.22 sys=0.00, real=0.06 secs] 
2012-05-22T16:38:07.325+0200: 76210.481: [GC [PSYoungGen: 1991477K->46024K(2161536K)] 2619178K->673813K(6940224K), 0.0572932 secs] [Times: user=0.23 sys=0.00, real=0.06 secs] 
2012-05-22T16:44:46.053+0200: 76609.222: [GC [PSYoungGen: 1990920K->41452K(2192768K)] 2618709K->669589K(6971456K), 0.0462189 secs] [Times: user=0.16 sys=0.00, real=0.05 secs] 
2012-05-22T16:45:32.805+0200: 76655.978: [GC [PSYoungGen: 2028268K->196541K(2183360K)] 2656405K->853536K(6962048K), 0.3029792 secs] [Times: user=2.37 sys=0.00, real=0.30 secs] 
2012-05-22T16:52:57.485+0200: 77100.643: [GC [PSYoungGen: 2183357K->205939K(2005056K)] 2840352K->922996K(6783744K), 0.2322273 secs] [Times: user=1.62 sys=0.00, real=0.22 secs] 
2012-05-22T16:53:12.711+0200: 77115.883: [GC [PSYoungGen: 2005043K->295097K(2094208K)] 2722100K->1057697K(6872896K), 0.3013444 secs] [Times: user=2.48 sys=0.00, real=0.31 secs] 
2012-05-22T16:53:46.485+0200: 77149.648: [GC [PSYoungGen: 2094201K->166578K(1971200K)] 2856801K->929482K(6749888K), 0.1677207 secs] [Times: user=1.19 sys=0.00, real=0.17 secs] 
2012-05-22T16:54:14.550+0200: 77177.720: [GC [PSYoungGen: 1842674K->166363K(2032704K)] 2605578K->929268K(6811392K), 0.1625178 secs] [Times: user=1.17 sys=0.00, real=0.17 secs] 
2012-05-22T16:54:29.167+0200: 77192.323: [GC [PSYoungGen: 1005241K->163104K(2051328K)] 1768146K->926008K(6830016K), 0.1609803 secs] [Times: user=1.06 sys=0.00, real=0.16 secs] 
2012-05-22T16:54:29.323+0200: 77192.484: [Full GC (System) [PSYoungGen: 163104K->0K(2051328K)] [PSOldGen: 762904K->777638K(4778688K)] 926008K->777638K(6830016K) [PSPermGen: 112934K->112934K(393216K)], 2.8379435 secs] [Times: user=2.84 sys=0.00, real=2.84 secs] 
2012-05-22T16:54:58.027+0200: 77221.186: [GC [PSYoungGen: 1703360K->26128K(2041344K)] 2480998K->803767K(6820032K), 0.0322902 secs] [Times: user=0.19 sys=0.00, real=0.03 secs] 
2012-05-22T16:55:20.507+0200: 77243.670: [GC [PSYoungGen: 1729488K->66887K(2064704K)] 2507127K->844526K(6843392K), 0.1183162 secs] [Times: user=0.59 sys=0.00, real=0.13 secs] 
2012-05-22T16:55:32.067+0200: 77255.229: [GC [PSYoungGen: 1795463K->234440K(1963072K)] 2573102K->1012079K(6741760K), 0.2841794 secs] [Times: user=2.23 sys=0.00, real=0.28 secs] 
2012-05-22T16:56:06.310+0200: 77289.468: [GC [PSYoungGen: 1963016K->265437K(1985472K)] 2740655K->1043076K(6764160K), 0.2544799 secs] [Times: user=1.87 sys=0.00, real=0.25 secs] 
2012-05-22T16:56:21.286+0200: 77304.442: [GC [PSYoungGen: 1903901K->261555K(1900032K)] 2681540K->1039193K(6678720K), 0.2415824 secs] [Times: user=1.78 sys=0.00, real=0.23 secs] 
2012-05-22T16:56:33.532+0200: 77316.684: [GC [PSYoungGen: 1900019K->55445K(2000448K)] 2677657K->833083K(6779136K), 0.0483723 secs] [Times: user=0.38 sys=0.00, real=0.05 secs] 
2012-05-22T16:56:47.120+0200: 77330.271: [GC [PSYoungGen: 1659925K->56273K(1993344K)] 2437563K->833912K(6772032K), 0.0562144 secs] [Times: user=0.30 sys=0.00, real=0.05 secs] 
2012-05-22T16:57:01.332+0200: 77344.492: [GC [PSYoungGen: 1660753K->56345K(2020416K)] 2438392K->833984K(6799104K), 0.0483841 secs] [Times: user=0.37 sys=0.00, real=0.05 secs] 
2012-05-22T16:57:16.729+0200: 77359.888: [GC [PSYoungGen: 1697113K->56536K(2009664K)] 2474752K->834174K(6788352K), 0.0493707 secs] [Times: user=0.37 sys=0.00, real=0.05 secs] 
2012-05-22T16:57:30.879+0200: 77374.040: [GC [PSYoungGen: 1697304K->53108K(2044288K)] 2474942K->830747K(6822976K), 0.0460407 secs] [Times: user=0.37 sys=0.00, real=0.05 secs] 
2012-05-22T16:57:45.933+0200: 77389.086: [GC [PSYoungGen: 1740340K->55848K(2032256K)] 2517979K->833487K(6810944K), 0.0487993 secs] [Times: user=0.38 sys=0.00, real=0.05 secs] 
2012-05-22T16:58:00.519+0200: 77403.670: [GC [PSYoungGen: 1743080K->56702K(2070912K)] 2520719K->834341K(6849600K), 0.0492836 secs] [Times: user=0.38 sys=0.00, real=0.05 secs] 
2012-05-22T16:58:15.808+0200: 77418.970: [GC [PSYoungGen: 1795710K->57190K(2057408K)] 2573349K->834829K(6836096K), 0.0494275 secs] [Times: user=0.39 sys=0.00, real=0.06 secs] 
2012-05-22T16:58:30.971+0200: 77434.124: [GC [PSYoungGen: 1796198K->57225K(2098112K)] 2573837K->834863K(6876800K), 0.0495412 secs] [Times: user=0.38 sys=0.00, real=0.05 secs] 
2012-05-22T16:58:46.961+0200: 77450.113: [GC [PSYoungGen: 1850569K->54751K(2084544K)] 2628207K->832389K(6863232K), 0.0503941 secs] [Times: user=0.34 sys=0.00, real=0.05 secs] 
2012-05-22T16:59:02.780+0200: 77465.939: [GC [PSYoungGen: 1848095K->55836K(2123840K)] 2625733K->836293K(6902528K), 0.0535511 secs] [Times: user=0.50 sys=0.00, real=0.06 secs] 
2012-05-22T16:59:25.167+0200: 77488.312: [GC [PSYoungGen: 1901404K->34848K(2111040K)] 2681861K->838819K(6889728K), 0.0847973 secs] [Times: user=0.42 sys=0.00, real=0.08 secs] 
2012-05-22T16:59:41.952+0200: 77505.104: [GC [PSYoungGen: 1880416K->21552K(2140032K)] 2684387K->832741K(6918720K), 0.0381238 secs] [Times: user=0.22 sys=0.00, real=0.03 secs] 
2012-05-22T16:59:58.863+0200: 77522.018: [GC [PSYoungGen: 1905072K->10008K(2132800K)] 2716261K->835393K(6911488K), 0.0414277 secs] [Times: user=0.20 sys=0.00, real=0.05 secs] 
2012-05-22T17:00:20.766+0200: 77543.913: [GC [PSYoungGen: 1893528K->17880K(2154816K)] 2718913K->843289K(6933504K), 0.0315862 secs] [Times: user=0.16 sys=0.00, real=0.03 secs] 
2012-05-22T17:00:54.431+0200: 77577.576: [GC [PSYoungGen: 1929560K->7850K(2146176K)] 2754969K->833337K(6924864K), 0.0196184 secs] [Times: user=0.06 sys=0.00, real=0.02 secs] 
2012-05-22T17:01:24.056+0200: 77607.199: [GC [PSYoungGen: 1919530K->8303K(2170624K)] 2745017K->833798K(6949312K), 0.0482361 secs] [Times: user=0.05 sys=0.00, real=0.05 secs] 
2012-05-22T17:01:54.243+0200: 77637.382: [GC [PSYoungGen: 1951919K->10098K(2162304K)] 2777414K->835609K(6940992K), 0.0178270 secs] [Times: user=0.01 sys=0.00, real=0.02 secs] 
2012-05-22T17:02:25.100+0200: 77668.238: [GC [PSYoungGen: 1953714K->10862K(2189248K)] 2779225K->836397K(6967936K), 0.0233682 secs] [Times: user=0.06 sys=0.00, real=0.02 secs] 
2012-05-22T17:02:57.221+0200: 77700.373: [GC [PSYoungGen: 1990510K->10206K(2179712K)] 2816045K->835842K(6958400K), 0.0175879 secs] [Times: user=0.12 sys=0.00, real=0.03 secs] 
2012-05-22T17:03:28.625+0200: 77731.763: [GC [PSYoungGen: 1989854K->10630K(2208320K)] 2815490K->836282K(6987008K), 0.0167390 secs] [Times: user=0.01 sys=0.00, real=0.02 secs] 
2012-05-22T17:03:58.094+0200: 77761.229: [GC [PSYoungGen: 2028422K->11411K(2198784K)] 2854074K->837087K(6977472K), 0.0197940 secs] [Times: user=0.02 sys=0.00, real=0.01 secs] 
2012-05-22T17:04:30.496+0200: 77793.637: [GC [PSYoungGen: 2029203K->9097K(2226880K)] 2854879K->834789K(7005568K), 0.0164180 secs] [Times: user=0.08 sys=0.00, real=0.01 secs] 
2012-05-22T17:05:07.156+0200: 77830.294: [GC [PSYoungGen: 2064585K->9641K(2217920K)] 2890277K->835341K(6996608K), 0.0447935 secs] [Times: user=0.09 sys=0.00, real=0.05 secs] 
2012-05-22T17:05:25.268+0200: 77848.401: [GC [PSYoungGen: 2065129K->92878K(2214528K)] 2890829K->918667K(6993216K), 0.1166528 secs] [Times: user=0.87 sys=0.00, real=0.11 secs] 
2012-05-22T17:05:38.606+0200: 77861.738: [GC [PSYoungGen: 2153870K->164159K(2225152K)] 2979659K->1108594K(7003840K), 0.4088331 secs] [Times: user=3.03 sys=0.00, real=0.41 secs] 
2012-05-22T17:06:00.338+0200: 77883.480: [GC [PSYoungGen: 2225151K->164140K(1933056K)] 3169586K->1238217K(6711744K), 0.3954189 secs] [Times: user=3.12 sys=0.00, real=0.40 secs] 
2012-05-22T17:06:19.089+0200: 77902.225: [GC [PSYoungGen: 1933036K->310183K(2079104K)] 3007113K->1412541K(6857792K), 0.4725384 secs] [Times: user=3.71 sys=0.00, real=0.47 secs] 
2012-05-22T17:06:40.805+0200: 77923.947: [GC [PSYoungGen: 2079079K->310188K(1556352K)] 3181437K->1799717K(6335040K), 1.0145907 secs] [Times: user=7.99 sys=0.00, real=1.01 secs] 
2012-05-22T17:06:57.310+0200: 77940.452: [GC [PSYoungGen: 1556332K->446341K(1692544K)] 3045861K->1935885K(6471232K), 0.6886206 secs] [Times: user=4.76 sys=0.00, real=0.70 secs] 
2012-05-22T17:07:05.032+0200: 77948.168: [GC [PSYoungGen: 1692485K->633968K(1430464K)] 3182029K->2257002K(6209152K), 0.9899891 secs] [Times: user=7.85 sys=0.00, real=1.00 secs] 
2012-05-22T17:07:14.096+0200: 77957.238: [GC [PSYoungGen: 1430448K->684939K(1592896K)] 3053482K->2307981K(6371584K), 0.8270811 secs] [Times: user=6.46 sys=0.02, real=0.84 secs] 
2012-05-22T17:07:26.904+0200: 77970.032: [GC [PSYoungGen: 1481419K->661835K(1592896K)] 3104461K->2309829K(6371584K), 0.8890426 secs] [Times: user=6.82 sys=0.00, real=0.89 secs] 
2012-05-22T17:07:41.630+0200: 77984.768: [GC [PSYoungGen: 1458315K->558357K(1592896K)] 3106309K->2309156K(6371584K), 0.8970143 secs] [Times: user=7.10 sys=0.00, real=0.90 secs] 
2012-05-22T17:07:54.563+0200: 77997.702: [GC [PSYoungGen: 1354837K->379555K(1592896K)] 3105636K->2311011K(6371584K), 0.7307512 secs] [Times: user=5.68 sys=0.00, real=0.73 secs] 
2012-05-22T17:08:06.669+0200: 78009.796: [GC [PSYoungGen: 1176035K->83606K(1592896K)] 3107491K->2328415K(6371584K), 0.5455656 secs] [Times: user=4.24 sys=0.00, real=0.55 secs] 
2012-05-22T17:08:17.901+0200: 78021.034: [GC [PSYoungGen: 880086K->21572K(1592896K)] 3124895K->2326292K(6371584K), 0.1473138 secs] [Times: user=1.01 sys=0.00, real=0.16 secs] 
2012-05-22T17:08:30.678+0200: 78033.816: [GC [PSYoungGen: 818052K->18700K(1592896K)] 3122772K->2324092K(6371584K), 0.0441755 secs] [Times: user=0.25 sys=0.00, real=0.05 secs] 
2012-05-22T17:08:42.955+0200: 78046.080: [GC [PSYoungGen: 815180K->8886K(1592896K)] 3120572K->2326545K(6371584K), 0.0712050 secs] [Times: user=0.22 sys=0.00, real=0.06 secs] 
2012-05-22T17:08:49.663+0200: 78052.800: [GC [PSYoungGen: 805366K->11801K(1592896K)] 3123025K->2331838K(6371584K), 0.0382630 secs] [Times: user=0.38 sys=0.00, real=0.05 secs] 
2012-05-22T17:08:55.654+0200: 78058.778: [GC [PSYoungGen: 808281K->16987K(1592896K)] 3128318K->2344738K(6371584K), 0.0506040 secs] [Times: user=0.37 sys=0.00, real=0.05 secs] 
2012-05-22T17:09:01.083+0200: 78064.207: [GC [PSYoungGen: 813467K->43153K(1592896K)] 3141218K->2382171K(6371584K), 0.0833893 secs] [Times: user=0.62 sys=0.00, real=0.08 secs] 
2012-05-22T17:09:06.075+0200: 78069.206: [GC [PSYoungGen: 839633K->21586K(1623232K)] 3178651K->2399198K(6401920K), 0.0880745 secs] [Times: user=0.72 sys=0.00, real=0.09 secs] 
2012-05-22T17:09:12.362+0200: 78075.485: [GC [PSYoungGen: 848402K->13521K(1592896K)] 3226014K->2409136K(6371584K), 0.0853118 secs] [Times: user=0.39 sys=0.00, real=0.08 secs] 
2012-05-22T17:09:18.664+0200: 78081.789: [GC [PSYoungGen: 840337K->14831K(1690688K)] 3235952K->2418528K(6469376K), 0.0541926 secs] [Times: user=0.36 sys=0.00, real=0.05 secs] 
2012-05-22T17:09:25.965+0200: 78089.090: [GC [PSYoungGen: 972591K->13960K(1656384K)] 3376288K->2427454K(6435072K), 0.0521584 secs] [Times: user=0.38 sys=0.00, real=0.05 secs] 
2012-05-22T17:09:33.110+0200: 78096.241: [GC [PSYoungGen: 971720K->24599K(1761408K)] 3385214K->2438093K(6540096K), 0.0552386 secs] [Times: user=0.39 sys=0.00, real=0.06 secs] 
2012-05-22T17:09:41.722+0200: 78104.855: [GC [PSYoungGen: 1121879K->33542K(1725184K)] 3535373K->2447036K(6503872K), 0.0719678 secs] [Times: user=0.62 sys=0.00, real=0.08 secs] 
2012-05-22T17:09:50.271+0200: 78113.403: [GC [PSYoungGen: 1130822K->47855K(1836224K)] 3544316K->2461349K(6614912K), 0.0887969 secs] [Times: user=0.67 sys=0.00, real=0.09 secs] 
2012-05-22T17:09:59.896+0200: 78123.020: [GC [PSYoungGen: 1293103K->60798K(1798336K)] 3706597K->2474292K(6577024K), 0.0929901 secs] [Times: user=0.69 sys=0.00, real=0.09 secs] 
2012-05-22T17:10:15.449+0200: 78138.583: [GC [PSYoungGen: 1306046K->73367K(1911552K)] 3719540K->2486861K(6690240K), 0.1004140 secs] [Times: user=0.78 sys=0.00, real=0.11 secs] 
2012-05-22T17:10:27.805+0200: 78150.925: [GC [PSYoungGen: 1469783K->84427K(1874176K)] 3883277K->2497921K(6652864K), 0.1121191 secs] [Times: user=0.84 sys=0.00, real=0.11 secs] 
2012-05-22T17:10:36.619+0200: 78159.747: [GC [PSYoungGen: 1480843K->123194K(1971968K)] 3894337K->2536688K(6750656K), 0.1609977 secs] [Times: user=1.25 sys=0.00, real=0.16 secs] 
2012-05-22T17:10:42.844+0200: 78165.969: [GC [PSYoungGen: 1653626K->171716K(1947776K)] 4067120K->2585210K(6726464K), 0.2015509 secs] [Times: user=1.62 sys=0.00, real=0.20 secs] 
2012-05-22T17:10:46.744+0200: 78169.866: [GC [PSYoungGen: 1702148K->158256K(1987584K)] 4115642K->2581116K(6766272K), 0.1834628 secs] [Times: user=1.39 sys=0.00, real=0.19 secs] 
2012-05-22T17:11:10.737+0200: 78193.856: [GC [PSYoungGen: 1733040K->155321K(1976512K)] 4155900K->2597309K(6755200K), 0.2069253 secs] [Times: user=1.50 sys=0.00, real=0.20 secs] 
2012-05-22T17:11:26.368+0200: 78209.497: [GC [PSYoungGen: 1730105K->171750K(2006464K)] 4172093K->2639006K(6785152K), 0.2246601 secs] [Times: user=1.73 sys=0.00, real=0.23 secs] 
2012-05-22T17:11:32.530+0200: 78215.648: [GC [PSYoungGen: 1788966K->149117K(2000064K)] 4256222K->2639098K(6778752K), 0.1796198 secs] [Times: user=1.37 sys=0.00, real=0.17 secs] 
2012-05-22T17:11:38.989+0200: 78222.111: [GC [PSYoungGen: 1766333K->69298K(2037248K)] 4256314K->2645869K(6815936K), 0.1935721 secs] [Times: user=1.50 sys=0.00, real=0.19 secs] 
2012-05-22T17:11:57.335+0200: 78240.453: [GC [PSYoungGen: 1739314K->51218K(2022080K)] 4315885K->2636302K(6800768K), 0.1121027 secs] [Times: user=0.58 sys=0.00, real=0.11 secs] 
2012-05-22T17:12:28.676+0200: 78271.794: [GC [PSYoungGen: 1721234K->19350K(2056576K)] 4306318K->2638138K(6835264K), 0.0772157 secs] [Times: user=0.50 sys=0.00, real=0.08 secs] 
2012-05-22T17:12:53.839+0200: 78296.959: [GC [PSYoungGen: 1735958K->29464K(2049344K)] 4354746K->2648490K(6828032K), 0.0536934 secs] [Times: user=0.31 sys=0.00, real=0.05 secs] 
2012-05-22T17:13:21.155+0200: 78324.276: [GC [PSYoungGen: 1746072K->77524K(2087040K)] 4365098K->2696550K(6865728K), 0.1091542 secs] [Times: user=0.73 sys=0.00, real=0.11 secs] 
2012-05-22T17:13:44.681+0200: 78347.798: [GC [PSYoungGen: 1842516K->29996K(2067264K)] 4461542K->2649022K(6845952K), 0.0824211 secs] [Times: user=0.28 sys=0.00, real=0.08 secs] 
2012-05-22T17:14:19.984+0200: 78383.108: [GC [PSYoungGen: 1794988K->135782K(2099648K)] 4414014K->2754808K(6878336K), 0.1966599 secs] [Times: user=1.51 sys=0.00, real=0.20 secs] 
2012-05-22T17:14:55.958+0200: 78419.074: [GC [PSYoungGen: 1943334K->76491K(2097216K)] 4562360K->2695517K(6875904K), 0.1052938 secs] [Times: user=0.70 sys=0.00, real=0.11 secs] 
2012-05-22T17:15:27.424+0200: 78450.534: [GC [PSYoungGen: 1884043K->126068K(2121792K)] 4503069K->2745094K(6900480K), 0.1581014 secs] [Times: user=1.01 sys=0.00, real=0.16 secs] 
2012-05-22T17:15:54.210+0200: 78477.328: [GC [PSYoungGen: 1975412K->267506K(2116864K)] 4594438K->2888654K(6895552K), 0.3286611 secs] [Times: user=2.62 sys=0.00, real=0.33 secs] 
2012-05-22T17:16:20.964+0200: 78504.084: [GC [PSYoungGen: 2116850K->144661K(2047488K)] 4737998K->2772792K(6826176K), 0.1696606 secs] [Times: user=1.20 sys=0.00, real=0.17 secs] 
2012-05-22T17:17:06.720+0200: 78549.830: [GC [PSYoungGen: 1919701K->131460K(2082176K)] 4547832K->2759591K(6860864K), 0.1184534 secs] [Times: user=0.83 sys=0.00, real=0.11 secs] 
2012-05-22T17:17:47.562+0200: 78590.669: [GC [PSYoungGen: 1906500K->136523K(2105472K)] 4534631K->2764654K(6884160K), 0.1322736 secs] [Times: user=0.87 sys=0.00, real=0.13 secs] 
2012-05-22T17:18:27.171+0200: 78630.285: [GC [PSYoungGen: 1947851K->146832K(2095168K)] 4575982K->2774963K(6873856K), 0.1357490 secs] [Times: user=1.11 sys=0.00, real=0.14 secs] 
2012-05-22T17:18:58.325+0200: 78661.439: [GC [PSYoungGen: 1958160K->157457K(2113728K)] 4586291K->2785588K(6892416K), 0.1588382 secs] [Times: user=1.08 sys=0.00, real=0.17 secs] 
2012-05-22T17:19:18.761+0200: 78681.863: [GC [PSYoungGen: 1993361K->147201K(2111488K)] 4621492K->2775332K(6890176K), 0.1325454 secs] [Times: user=0.89 sys=0.00, real=0.13 secs] 
2012-05-22T17:19:38.261+0200: 78701.369: [GC [PSYoungGen: 1983086K->150769K(2125952K)] 4611218K->2778900K(6904640K), 0.1380729 secs] [Times: user=0.98 sys=0.00, real=0.14 secs] 
2012-05-22T17:19:58.791+0200: 78721.902: [GC [PSYoungGen: 2007985K->159605K(2120576K)] 4636116K->2787736K(6899264K), 0.1506504 secs] [Times: user=1.06 sys=0.02, real=0.16 secs] 
2012-05-22T17:20:23.456+0200: 78746.555: [GC [PSYoungGen: 2016821K->155111K(2132672K)] 4644952K->2789338K(6911360K), 0.1549174 secs] [Times: user=1.09 sys=0.00, real=0.16 secs] 
2012-05-22T17:20:43.003+0200: 78766.103: [GC [PSYoungGen: 2026663K->147524K(2128192K)] 4660890K->2781759K(6906880K), 0.1362507 secs] [Times: user=1.01 sys=0.00, real=0.14 secs] 
2012-05-22T17:21:02.066+0200: 78785.174: [GC [PSYoungGen: 2019076K->152983K(2145152K)] 4653311K->2787266K(6923840K), 0.1448020 secs] [Times: user=1.11 sys=0.00, real=0.16 secs] 
2012-05-22T17:21:22.783+0200: 78805.890: [GC [PSYoungGen: 2048919K->139632K(2140096K)] 4683202K->2774730K(6918784K), 0.1353348 secs] [Times: user=0.87 sys=0.00, real=0.14 secs] 
2012-05-22T17:21:41.566+0200: 78824.666: [GC [PSYoungGen: 2035568K->152129K(2159424K)] 4670666K->2787292K(6938112K), 0.1470573 secs] [Times: user=1.05 sys=0.00, real=0.14 secs] 
2012-05-22T17:22:08.586+0200: 78851.681: [GC [PSYoungGen: 2077313K->149134K(2155072K)] 4712476K->2799568K(6933760K), 0.1635311 secs] [Times: user=1.20 sys=0.00, real=0.16 secs] 
2012-05-22T17:22:55.574+0200: 78898.673: [GC [PSYoungGen: 2074318K->57147K(2153472K)] 4724752K->2789781K(6932160K), 0.1885832 secs] [Times: user=1.34 sys=0.00, real=0.19 secs] 
2012-05-22T17:23:14.357+0200: 78917.460: [GC [PSYoungGen: 1986171K->126726K(2159168K)] 4718805K->2872902K(6937856K), 0.2103274 secs] [Times: user=1.43 sys=0.00, real=0.22 secs] 
2012-05-22T17:23:51.766+0200: 78954.865: [GC [PSYoungGen: 2055750K->126303K(2176192K)] 4801926K->2872895K(6954880K), 0.1699238 secs] [Times: user=1.34 sys=0.00, real=0.17 secs] 
2012-05-22T17:24:19.004+0200: 78982.105: [GC [PSYoungGen: 2081247K->172726K(2168064K)] 4827839K->2919502K(6946752K), 0.2034330 secs] [Times: user=1.62 sys=0.00, real=0.20 secs] 
2012-05-22T17:24:41.734+0200: 79004.833: [GC [PSYoungGen: 2127670K->184784K(2149184K)] 4874446K->2932280K(6927872K), 0.2329779 secs] [Times: user=1.87 sys=0.00, real=0.23 secs] 
2012-05-22T17:25:18.566+0200: 79041.658: [GC [PSYoungGen: 2113552K->212137K(2140928K)] 4861048K->2971680K(6919616K), 0.3247541 secs] [Times: user=1.92 sys=0.00, real=0.33 secs] 
2012-05-22T17:25:30.298+0200: 79053.399: [GC [PSYoungGen: 2140905K->247842K(2059264K)] 4900448K->3045037K(6837952K), 0.3852119 secs] [Times: user=3.06 sys=0.00, real=0.39 secs] 
2012-05-22T17:25:50.235+0200: 79073.321: [GC [PSYoungGen: 2059234K->288934K(2100352K)] 4856429K->3145434K(6879040K), 0.4332632 secs] [Times: user=3.21 sys=0.00, real=0.42 secs] 
2012-05-22T17:26:08.768+0200: 79091.853: [GC [PSYoungGen: 2100326K->288931K(1882368K)] 4956826K->3222970K(6661056K), 0.4668348 secs] [Times: user=3.62 sys=0.00, real=0.45 secs] 
2012-05-22T17:26:34.899+0200: 79117.991: [GC [PSYoungGen: 1882339K->348133K(1941568K)] 4816378K->3282237K(6720256K), 0.4588007 secs] [Times: user=3.57 sys=0.00, real=0.47 secs] 
2012-05-22T17:27:04.212+0200: 79147.300: [GC [PSYoungGen: 1941541K->366654K(1886592K)] 4875645K->3301397K(6665280K), 0.4929647 secs] [Times: user=3.52 sys=0.00, real=0.50 secs] 
2012-05-22T17:27:19.313+0200: 79162.401: [GC [PSYoungGen: 1819902K->396668K(1849920K)] 4754645K->3332286K(6628608K), 0.5103299 secs] [Times: user=4.07 sys=0.00, real=0.52 secs] 
2012-05-22T17:27:49.827+0200: 79192.909: [GC [PSYoungGen: 1849916K->393053K(1826112K)] 4785534K->3352017K(6604800K), 0.4976448 secs] [Times: user=3.82 sys=0.00, real=0.50 secs] 
2012-05-22T17:28:02.962+0200: 79206.055: [GC [PSYoungGen: 1712925K->392008K(1711936K)] 4671889K->3372722K(6490624K), 0.5163960 secs] [Times: user=4.12 sys=0.00, real=0.52 secs] 
2012-05-22T17:28:21.714+0200: 79224.808: [GC [PSYoungGen: 1711880K->233122K(1854656K)] 4692594K->3380396K(6633344K), 0.5167226 secs] [Times: user=4.06 sys=0.00, real=0.53 secs] 
2012-05-22T17:28:44.303+0200: 79247.392: [GC [PSYoungGen: 1531746K->165678K(1833280K)] 4679020K->3383221K(6611968K), 0.3609492 secs] [Times: user=2.57 sys=0.00, real=0.36 secs] 
2012-05-22T17:28:53.476+0200: 79256.567: [GC [PSYoungGen: 1464302K->162585K(1873792K)] 4681845K->3414300K(6652480K), 0.2549269 secs] [Times: user=2.12 sys=0.00, real=0.26 secs] 
2012-05-22T17:29:23.429+0200: 79286.517: [GC [PSYoungGen: 1510617K->112681K(1863552K)] 4762332K->3397411K(6642240K), 0.2125024 secs] [Times: user=1.75 sys=0.00, real=0.22 secs] 
2012-05-22T17:29:33.475+0200: 79296.560: [GC [PSYoungGen: 1460713K->118912K(1884928K)] 4745443K->3428224K(6663616K), 0.1970060 secs] [Times: user=1.62 sys=0.00, real=0.20 secs] 
2012-05-22T17:30:04.769+0200: 79327.845: [GC [PSYoungGen: 1491712K->47801K(1877184K)] 4801024K->3388162K(6655872K), 0.1474546 secs] [Times: user=0.97 sys=0.00, real=0.14 secs] 
2012-05-22T17:30:17.749+0200: 79340.832: [GC [PSYoungGen: 1420601K->106939K(1896064K)] 4760962K->3465624K(6674752K), 0.2392636 secs] [Times: user=1.87 sys=0.00, real=0.23 secs] 
2012-05-22T17:30:46.204+0200: 79369.281: [GC [PSYoungGen: 1496699K->88368K(1883008K)] 4855384K->3458556K(6661696K), 0.2572416 secs] [Times: user=2.00 sys=0.00, real=0.25 secs] 
2012-05-22T17:30:56.890+0200: 79379.973: [GC [PSYoungGen: 1478128K->107808K(1923776K)] 4848316K->3495451K(6702464K), 0.2237892 secs] [Times: user=1.76 sys=0.00, real=0.23 secs] 
2012-05-22T17:31:31.398+0200: 79414.474: [GC [PSYoungGen: 1549664K->229926K(1907392K)] 4937307K->3629730K(6686080K), 0.3593887 secs] [Times: user=2.71 sys=0.00, real=0.36 secs] 
2012-05-22T17:31:38.714+0200: 79421.794: [GC [PSYoungGen: 1671782K->456053K(1774528K)] 5071586K->3871194K(6553216K), 0.4890711 secs] [Times: user=3.87 sys=0.00, real=0.48 secs] 
2012-05-22T17:31:41.647+0200: 79424.720: [GC [PSYoungGen: 1774517K->304180K(1622656K)] 5189658K->4156618K(6401344K), 0.8664142 secs] [Times: user=6.86 sys=0.00, real=0.86 secs] 
2012-05-22T17:31:46.281+0200: 79429.361: [GC [PSYoungGen: 1622644K->193845K(1879040K)] 5475082K->4344302K(6657728K), 0.5987224 secs] [Times: user=4.74 sys=0.02, real=0.61 secs] 
2012-05-22T17:31:52.458+0200: 79435.541: [GC [PSYoungGen: 1535669K->42631K(1852096K)] 5686126K->4363906K(6630784K), 0.3627432 secs] [Times: user=2.87 sys=0.00, real=0.38 secs] 
2012-05-22T17:32:18.682+0200: 79461.764: [GC [PSYoungGen: 1384455K->38856K(1881856K)] 5705730K->4375066K(6660544K), 0.1681221 secs] [Times: user=1.36 sys=0.00, real=0.17 secs] 
2012-05-22T17:32:30.429+0200: 79473.508: [GC [PSYoungGen: 1409736K->97113K(1878336K)] 5745946K->4454133K(6657024K), 0.2251055 secs] [Times: user=1.75 sys=0.00, real=0.23 secs] 
2012-05-22T17:32:47.559+0200: 79490.634: [GC [PSYoungGen: 1467993K->34148K(1906560K)] 5825013K->4470717K(6685248K), 0.2131910 secs] [Times: user=1.61 sys=0.00, real=0.22 secs] 
2012-05-22T17:33:10.787+0200: 79513.858: [GC [PSYoungGen: 1450596K->77762K(1899200K)] 5887165K->4528228K(6677888K), 0.1584122 secs] [Times: user=1.25 sys=0.00, real=0.16 secs] 
2012-05-22T17:33:25.514+0200: 79528.589: [GC [PSYoungGen: 1494210K->58874K(1939456K)] 5944676K->4571557K(6718144K), 0.2317394 secs] [Times: user=1.53 sys=0.00, real=0.23 secs] 
2012-05-22T17:33:54.858+0200: 79557.933: [GC [PSYoungGen: 1533370K->100895K(1924352K)] 6046053K->4641751K(6703040K), 0.2666156 secs] [Times: user=2.12 sys=0.00, real=0.27 secs] 
2012-05-22T17:33:55.124+0200: 79558.200: [Full GC [PSYoungGen: 100895K->0K(1924352K)] [PSOldGen: 4540856K->1089343K(4778688K)] 4641751K->1089343K(6703040K) [PSPermGen: 113164K->113164K(393216K)], 5.8672375 secs] [Times: user=5.86 sys=0.00, real=5.87 secs] 
2012-05-22T17:34:24.421+0200: 79587.492: [GC [PSYoungGen: 1474496K->55181K(1977088K)] 2563839K->1144524K(6755776K), 0.0999076 secs] [Times: user=0.67 sys=0.00, real=0.09 secs] 
2012-05-22T17:35:03.593+0200: 79626.666: [GC [PSYoungGen: 1605709K->92404K(1962752K)] 2695052K->1209875K(6741440K), 0.2238578 secs] [Times: user=1.62 sys=0.00, real=0.22 secs] 
2012-05-22T17:35:20.707+0200: 79643.785: [GC [PSYoungGen: 1642932K->59356K(2013440K)] 2760403K->1205341K(6792128K), 0.2116177 secs] [Times: user=1.26 sys=0.00, real=0.22 secs] 
2012-05-22T17:35:28.725+0200: 79651.790: [GC [PSYoungGen: 1682140K->62967K(1998656K)] 2828125K->1266386K(6777344K), 0.1693063 secs] [Times: user=1.19 sys=0.00, real=0.16 secs] 
2012-05-22T17:35:36.307+0200: 79659.376: [GC [PSYoungGen: 1685751K->158371K(2037568K)] 2889170K->1411332K(6816256K), 0.2778983 secs] [Times: user=2.22 sys=0.00, real=0.28 secs] 
2012-05-22T17:35:46.198+0200: 79669.268: [GC [PSYoungGen: 1835811K->97506K(2029184K)] 3088772K->1505839K(6807872K), 0.3176728 secs] [Times: user=2.50 sys=0.00, real=0.31 secs] 
2012-05-22T17:35:54.045+0200: 79677.114: [GC [PSYoungGen: 1774946K->50021K(2067328K)] 3183279K->1548375K(6846016K), 0.2108871 secs] [Times: user=1.62 sys=0.00, real=0.22 secs] 
2012-05-22T17:36:18.740+0200: 79701.814: [GC [PSYoungGen: 1785189K->108610K(2057152K)] 3283543K->1634960K(6835840K), 0.2076897 secs] [Times: user=1.75 sys=0.00, real=0.22 secs] 
2012-05-22T17:36:42.967+0200: 79726.032: [GC [PSYoungGen: 1843778K->110079K(2107328K)] 3370128K->1721881K(6886016K), 0.2758821 secs] [Times: user=2.12 sys=0.00, real=0.27 secs] 
2012-05-22T17:37:11.250+0200: 79754.323: [GC [PSYoungGen: 1916287K->96306K(2088192K)] 3528089K->1736892K(6866880K), 0.1689321 secs] [Times: user=1.37 sys=0.00, real=0.17 secs] 
2012-05-22T17:37:35.166+0200: 79778.225: [GC [PSYoungGen: 1902514K->83310K(2133696K)] 3543100K->1758893K(6912384K), 0.1641250 secs] [Times: user=1.25 sys=0.00, real=0.16 secs] 
2012-05-22T17:38:02.841+0200: 79805.913: [GC [PSYoungGen: 1949870K->80671K(2122176K)] 3625453K->1779869K(6900864K), 0.1312711 secs] [Times: user=1.12 sys=0.00, real=0.14 secs] 
2012-05-22T17:38:31.015+0200: 79834.081: [GC [PSYoungGen: 1947231K->128049K(2149376K)] 3646429K->1856216K(6928064K), 0.2117354 secs] [Times: user=1.70 sys=0.00, real=0.22 secs] 
2012-05-22T17:38:57.551+0200: 79860.612: [GC [PSYoungGen: 2032433K->154958K(2144320K)] 3760600K->1883125K(6923008K), 0.1973193 secs] [Times: user=1.50 sys=0.00, real=0.20 secs] 
2012-05-22T17:39:21.607+0200: 79884.663: [GC [PSYoungGen: 2059342K->171470K(2126656K)] 3787509K->1899637K(6905344K), 0.1865732 secs] [Times: user=1.50 sys=0.00, real=0.19 secs] 
2012-05-22T17:39:49.204+0200: 79912.269: [GC [PSYoungGen: 2053518K->138497K(2135680K)] 3781685K->1866664K(6914368K), 0.1277942 secs] [Times: user=0.78 sys=0.00, real=0.12 secs] 
2012-05-22T17:40:21.512+0200: 79944.569: [GC [PSYoungGen: 2020545K->90303K(2149312K)] 3748712K->1818471K(6928000K), 0.1368426 secs] [Times: user=0.80 sys=0.00, real=0.14 secs] 
2012-05-22T17:40:48.048+0200: 79971.102: [GC [PSYoungGen: 1991679K->167355K(2141376K)] 3719847K->1895522K(6920064K), 0.1898571 secs] [Times: user=1.45 sys=0.00, real=0.19 secs] 
2012-05-22T17:41:13.336+0200: 79996.390: [GC [PSYoungGen: 2068731K->199231K(2110272K)] 3796898K->1927398K(6888960K), 0.2026010 secs] [Times: user=1.62 sys=0.00, real=0.20 secs] 
2012-05-22T17:41:36.144+0200: 80019.205: [GC [PSYoungGen: 2062975K->212030K(2075776K)] 3791142K->1940197K(6854464K), 0.2186355 secs] [Times: user=1.72 sys=0.00, real=0.22 secs] 
2012-05-22T17:45:21.396+0200: 80244.446: [GC [PSYoungGen: 2075774K->60371K(2110336K)] 3803941K->1788538K(6889024K), 0.0820873 secs] [Times: user=0.56 sys=0.00, real=0.08 secs] 
2012-05-22T17:45:48.884+0200: 80271.935: [GC [PSYoungGen: 1890579K->226164K(2056384K)] 3618746K->1954332K(6835072K), 0.2913550 secs] [Times: user=2.37 sys=0.00, real=0.30 secs] 
2012-05-22T17:53:41.948+0200: 80744.975: [GC [PSYoungGen: 2056372K->39433K(2087680K)] 3784540K->1767600K(6866368K), 0.0644472 secs] [Times: user=0.16 sys=0.00, real=0.06 secs] 
2012-05-22T17:55:33.037+0200: 80856.070: [GC [PSYoungGen: 1827401K->208949K(1996928K)] 3555568K->1937116K(6775616K), 0.2785941 secs] [Times: user=2.25 sys=0.00, real=0.28 secs] 
2012-05-22T18:00:52.890+0200: 81175.897: [GC [PSYoungGen: 1996917K->31032K(2075328K)] 3725084K->1759199K(6854016K), 0.0653176 secs] [Times: user=0.16 sys=0.00, real=0.06 secs] 
2012-05-22T18:05:26.488+0200: 81449.485: [GC [PSYoungGen: 1793400K->92877K(2075840K)] 3521567K->1821044K(6854528K), 0.1305927 secs] [Times: user=0.73 sys=0.00, real=0.13 secs] 
2012-05-22T18:06:59.138+0200: 81542.143: [GC [PSYoungGen: 1855245K->26190K(2089920K)] 3583412K->1754357K(6868608K), 0.0403745 secs] [Times: user=0.25 sys=0.00, real=0.05 secs] 
2012-05-22T18:12:14.889+0200: 81857.884: [GC [PSYoungGen: 1815566K->43046K(2088768K)] 3543733K->1771285K(6867456K), 0.0671946 secs] [Times: user=0.30 sys=0.00, real=0.08 secs] 
2012-05-22T18:15:28.036+0200: 82051.016: [GC [PSYoungGen: 1832422K->85489K(2111552K)] 3560661K->1813784K(6890240K), 0.1104510 secs] [Times: user=0.73 sys=0.00, real=0.11 secs] 
2012-05-22T18:17:28.455+0200: 82171.437: [GC [PSYoungGen: 1904241K->25851K(2096512K)] 3632536K->1754178K(6875200K), 0.0413990 secs] [Times: user=0.22 sys=0.00, real=0.05 secs] 
2012-05-22T18:25:22.844+0200: 82645.810: [GC [PSYoungGen: 1844603K->79373K(2130304K)] 3572930K->1808342K(6908992K), 0.1153702 secs] [Times: user=0.61 sys=0.02, real=0.11 secs] 
2012-05-22T18:26:16.759+0200: 82699.708: [GC [PSYoungGen: 1935885K->4821K(2115520K)] 3664854K->1754240K(6894208K), 0.0708266 secs] [Times: user=0.22 sys=0.00, real=0.06 secs] 
2012-05-22T18:34:01.039+0200: 83163.971: [GC [PSYoungGen: 892648K->5583K(2134976K)] 2642068K->1755003K(6913664K), 0.0522050 secs] [Times: user=0.08 sys=0.00, real=0.05 secs] 
2012-05-22T18:34:01.086+0200: 83164.023: [Full GC (System) [PSYoungGen: 5583K->0K(2134976K)] [PSOldGen: 1749419K->614450K(4778688K)] 1755003K->614450K(6913664K) [PSPermGen: 113175K->113090K(393216K)], 3.6417879 secs] [Times: user=3.64 sys=0.00, real=3.63 secs] 
2012-05-22T18:35:37.293+0200: 83260.230: [GC [PSYoungGen: 1877056K->198243K(2075328K)] 2491506K->812694K(6854016K), 0.2635954 secs] [Times: user=2.12 sys=0.00, real=0.27 secs] 
2012-05-22T18:45:20.448+0200: 83843.357: [GC [PSYoungGen: 2075299K->21726K(2115584K)] 2689750K->636177K(6894272K), 0.0370450 secs] [Times: user=0.17 sys=0.00, real=0.03 secs] 
2012-05-22T18:45:42.273+0200: 83865.180: [GC [PSYoungGen: 1856094K->198382K(2032768K)] 2470545K->812832K(6811456K), 0.2665076 secs] [Times: user=2.12 sys=0.00, real=0.27 secs] 
2012-05-22T18:55:23.244+0200: 84446.239: [GC [PSYoungGen: 2032750K->47492K(2104256K)] 2647200K->661943K(6882944K), 0.0630802 secs] [Times: user=0.45 sys=0.00, real=0.06 secs] 
2012-05-22T18:55:58.808+0200: 84481.804: [GC [PSYoungGen: 1854468K->1478K(2092032K)] 2468919K->615928K(6870720K), 0.0305806 secs] [Times: user=0.02 sys=0.00, real=0.03 secs] 
2012-05-22T19:05:26.682+0200: 85049.694: [GC [PSYoungGen: 1808454K->63124K(2125632K)] 2422904K->677575K(6904320K), 0.0930910 secs] [Times: user=0.53 sys=0.00, real=0.09 secs] 
2012-05-22T19:07:49.236+0200: 85192.230: [GC [PSYoungGen: 1908180K->2352K(2108736K)] 2522631K->616802K(6887424K), 0.0248182 secs] [Times: user=0.02 sys=0.00, real=0.02 secs] 
2012-05-22T19:15:33.702+0200: 85656.685: [GC [PSYoungGen: 1847408K->72449K(2149376K)] 2461858K->686900K(6928064K), 0.1073530 secs] [Times: user=0.58 sys=0.00, real=0.11 secs] 
2012-05-22T19:19:26.646+0200: 85889.616: [GC [PSYoungGen: 1963521K->3878K(2131008K)] 2577972K->618328K(6909696K), 0.0276142 secs] [Times: user=0.01 sys=0.00, real=0.02 secs] 
2012-05-22T19:27:01.675+0200: 86344.628: [GC [PSYoungGen: 1894950K->4966K(2161472K)] 2509400K->619416K(6940160K), 0.0271989 secs] [Times: user=0.02 sys=0.00, real=0.02 secs] 
2012-05-22T19:34:04.724+0200: 86767.661: [GC [PSYoungGen: 1137934K->8280K(2154688K)] 1752385K->622730K(6933376K), 0.0237676 secs] [Times: user=0.00 sys=0.00, real=0.02 secs] 
2012-05-22T19:34:04.740+0200: 86767.685: [Full GC (System) [PSYoungGen: 8280K->0K(2154688K)] [PSOldGen: 614450K->622308K(4778688K)] 622730K->622308K(6933376K) [PSPermGen: 113099K->113099K(393216K)], 2.7830059 secs] [Times: user=2.79 sys=0.00, real=2.79 secs] 
2012-05-22T19:38:51.052+0200: 87053.978: [GC [PSYoungGen: 1926848K->5574K(2178112K)] 2549156K->627882K(6956800K), 0.0272399 secs] [Times: user=0.01 sys=0.00, real=0.02 secs] 
2012-05-22T19:45:41.153+0200: 87464.071: [GC [PSYoungGen: 1964102K->129298K(2087872K)] 2586410K->751606K(6866560K), 0.1754159 secs] [Times: user=1.34 sys=0.00, real=0.17 secs] 
2012-05-22T19:55:33.013+0200: 88055.904: [GC [PSYoungGen: 2087826K->67855K(2177408K)] 2710134K->690163K(6956096K), 0.1034199 secs] [Times: user=0.66 sys=0.00, real=0.09 secs] 
2012-05-22T20:05:19.490+0200: 88642.368: [GC [PSYoungGen: 2020559K->23274K(2164608K)] 2642867K->645582K(6943296K), 0.0577064 secs] [Times: user=0.23 sys=0.00, real=0.06 secs] 
2012-05-22T20:10:05.241+0200: 88928.097: [GC [PSYoungGen: 1975978K->10422K(2194112K)] 2598286K->632730K(6972800K), 0.0438704 secs] [Times: user=0.02 sys=0.00, real=0.03 secs] 
2012-05-22T20:15:54.968+0200: 89277.821: [GC [PSYoungGen: 2002038K->120197K(2111872K)] 2624346K->742505K(6890560K), 0.1656999 secs] [Times: user=1.17 sys=0.00, real=0.17 secs] 
2012-05-22T20:25:20.760+0200: 89843.593: [GC [PSYoungGen: 2111813K->28878K(2192832K)] 2734121K->651186K(6971520K), 0.0423267 secs] [Times: user=0.25 sys=0.00, real=0.05 secs] 
2012-05-22T20:32:15.697+0200: 90258.515: [GC [PSYoungGen: 2015118K->6950K(2182720K)] 2637426K->629258K(6961408K), 0.0272051 secs] [Times: user=0.06 sys=0.00, real=0.03 secs] 
2012-05-22T20:34:07.598+0200: 90370.403: [GC [PSYoungGen: 357785K->4000K(2205312K)] 980094K->626308K(6984000K), 0.0310527 secs] [Times: user=0.02 sys=0.00, real=0.03 secs] 
2012-05-22T20:34:07.629+0200: 90370.434: [Full GC (System) [PSYoungGen: 4000K->0K(2205312K)] [PSOldGen: 622308K->626002K(4778688K)] 626308K->626002K(6984000K) [PSPermGen: 113102K->113102K(393216K)], 2.7812421 secs] [Times: user=2.78 sys=0.00, real=2.78 secs] 
2012-05-22T20:39:04.113+0200: 90666.915: [GC [PSYoungGen: 2014976K->5702K(2198976K)] 2640978K->631704K(6977664K), 0.0256727 secs] [Times: user=0.06 sys=0.00, real=0.03 secs] 
2012-05-22T20:45:31.141+0200: 91053.930: [GC [PSYoungGen: 2020678K->116293K(2183936K)] 2646680K->742296K(6962624K), 0.1589355 secs] [Times: user=1.22 sys=0.00, real=0.17 secs] 
2012-05-22T20:55:23.578+0200: 91646.341: [GC [PSYoungGen: 2123397K->51699K(2198208K)] 2749400K->677702K(6976896K), 0.0838010 secs] [Times: user=0.40 sys=0.00, real=0.09 secs] 
2012-05-22T21:03:08.420+0200: 92111.156: [GC [PSYoungGen: 2058803K->11814K(2217920K)] 2684806K->637816K(6996608K), 0.0461195 secs] [Times: user=0.03 sys=0.00, real=0.05 secs] 
2012-05-22T21:07:23.006+0200: 92365.790: [GC [PSYoungGen: 2051750K->7600K(2211328K)] 2677752K->633602K(6990016K), 0.0195708 secs] [Times: user=0.02 sys=0.00, real=0.02 secs] 
2012-05-22T21:15:31.815+0200: 92854.663: [GC [PSYoungGen: 2047536K->57118K(2230720K)] 2673538K->683121K(7009408K), 0.0916969 secs] [Times: user=0.51 sys=0.00, real=0.09 secs] 
2012-05-22T21:22:47.753+0200: 93290.593: [GC [PSYoungGen: 2122654K->13184K(2224128K)] 2748657K->639186K(7002816K), 0.0373538 secs] [Times: user=0.03 sys=0.00, real=0.03 secs] 
2012-05-22T21:28:12.595+0200: 93615.429: [GC [PSYoungGen: 2078720K->6662K(2242752K)] 2704722K->632664K(7021440K), 0.0263618 secs] [Times: user=0.03 sys=0.00, real=0.03 secs] 
2012-05-22T21:34:10.419+0200: 93973.231: [GC [PSYoungGen: 845201K->6208K(2237184K)] 1471204K->632210K(7015872K), 0.0260567 secs] [Times: user=0.01 sys=0.00, real=0.02 secs] 
2012-05-22T21:34:10.435+0200: 93973.257: [Full GC (System) [PSYoungGen: 6208K->0K(2237184K)] [PSOldGen: 626002K->631777K(4778688K)] 632210K->631777K(7015872K) [PSPermGen: 113106K->113106K(393216K)], 2.7271898 secs] [Times: user=2.73 sys=0.00, real=2.73 secs] 
2012-05-22T21:39:40.256+0200: 94303.066: [GC [PSYoungGen: 2090624K->5456K(2254464K)] 2722401K->637233K(7033152K), 0.0274427 secs] [Times: user=0.11 sys=0.00, real=0.03 secs] 
2012-05-22T21:47:33.772+0200: 94776.554: [GC [PSYoungGen: 2119120K->1542K(2248512K)] 2750897K->633319K(7027200K), 0.0214949 secs] [Times: user=0.02 sys=0.00, real=0.02 secs] 
2012-05-22T21:55:33.918+0200: 95256.694: [GC [PSYoungGen: 2115206K->120962K(2211328K)] 2746983K->752739K(6990016K), 0.1624866 secs] [Times: user=1.31 sys=0.00, real=0.17 secs] 
2012-05-22T22:05:32.112+0200: 95854.866: [GC [PSYoungGen: 2202818K->119846K(2201728K)] 2834595K->751623K(6980416K), 0.1588976 secs] [Times: user=1.36 sys=0.00, real=0.17 secs] 
2012-05-22T22:15:30.133+0200: 96452.865: [GC [PSYoungGen: 2201416K->99332K(2202304K)] 2833193K->731109K(6980992K), 0.1333549 secs] [Times: user=1.12 sys=0.00, real=0.14 secs] 
2012-05-22T22:25:24.692+0200: 97047.403: [GC [PSYoungGen: 2128964K->36589K(2209472K)] 2760741K->668366K(6988160K), 0.0586669 secs] [Times: user=0.28 sys=0.00, real=0.06 secs] 
2012-05-22T22:34:13.230+0200: 97575.908: [GC [PSYoungGen: 1801117K->1414K(2223744K)] 2432894K->633191K(7002432K), 0.0146639 secs] [Times: user=0.00 sys=0.00, real=0.02 secs] 
2012-05-22T22:34:13.246+0200: 97575.922: [Full GC (System) [PSYoungGen: 1414K->0K(2223744K)] [PSOldGen: 631777K->608987K(4778688K)] 633191K->608987K(7002432K) [PSPermGen: 113110K->112687K(393216K)], 2.9925562 secs] [Times: user=2.98 sys=0.00, real=2.98 secs] 
2012-05-22T22:40:44.564+0200: 97967.226: [GC [PSYoungGen: 2054336K->1168K(2219904K)] 2663323K->610155K(6998592K), 0.0227129 secs] [Times: user=0.02 sys=0.00, real=0.02 secs] 
2012-05-22T22:46:56.803+0200: 98339.453: [GC [PSYoungGen: 2055504K->1804K(2233984K)] 2664491K->610791K(7012672K), 0.0293181 secs] [Times: user=0.02 sys=0.00, real=0.03 secs] 
2012-05-22T22:55:29.210+0200: 98851.852: [GC [PSYoungGen: 2074892K->127076K(2200192K)] 2683879K->736063K(6978880K), 0.1661335 secs] [Times: user=1.37 sys=0.00, real=0.17 secs] 
2012-05-22T23:02:02.993+0200: 99245.608: [GC [PSYoungGen: 2200164K->22141K(2221504K)] 2809151K->631129K(7000192K), 0.0657666 secs] [Times: user=0.06 sys=0.00, real=0.06 secs] 
2012-05-22T23:05:26.452+0200: 99449.070: [GC [PSYoungGen: 2066621K->37755K(2212288K)] 2675609K->646743K(6990976K), 0.0872246 secs] [Times: user=0.14 sys=0.00, real=0.09 secs] 
2012-05-22T23:14:33.430+0200: 99996.022: [GC [PSYoungGen: 2082235K->3081K(2237696K)] 2691223K->612068K(7016384K), 0.0243410 secs] [Times: user=0.06 sys=0.00, real=0.03 secs] 
2012-05-22T23:20:35.169+0200: 100357.742: [GC [PSYoungGen: 2084489K->3715K(2233024K)] 2693476K->612702K(7011712K), 0.0260475 secs] [Times: user=0.02 sys=0.00, real=0.02 secs] 
2012-05-22T23:26:52.792+0200: 100735.458: [GC [PSYoungGen: 2085123K->3631K(2248768K)] 2694110K->612618K(7027456K), 0.0129907 secs] [Times: user=0.00 sys=0.00, real=0.00 secs] 
2012-05-22T23:34:16.240+0200: 101178.926: [GC [PSYoungGen: 720340K->3059K(2243008K)] 1329327K->612046K(7021696K), 0.0304465 secs] [Times: user=0.01 sys=0.00, real=0.03 secs] 
2012-05-22T23:34:16.271+0200: 101178.957: [Full GC (System) [PSYoungGen: 3059K->0K(2243008K)] [PSOldGen: 608987K->610564K(4778688K)] 612046K->610564K(7021696K) [PSPermGen: 112711K->112711K(393216K)], 2.7062146 secs] [Times: user=2.70 sys=0.00, real=2.70 secs] 
2012-05-22T23:38:49.224+0200: 101451.906: [GC [PSYoungGen: 2102464K->1264K(2260480K)] 2713028K->611828K(7039168K), 0.0238567 secs] [Times: user=0.02 sys=0.00, real=0.02 secs] 
2012-05-22T23:45:33.674+0200: 101856.345: [GC [PSYoungGen: 2127152K->1910K(2254720K)] 2737716K->612474K(7033408K), 0.0142308 secs] [Times: user=0.00 sys=0.00, real=0.02 secs] 
2012-05-22T23:55:28.482+0200: 102451.131: [GC [PSYoungGen: 2127798K->122738K(2197696K)] 2738362K->754269K(6976384K), 0.2028887 secs] [Times: user=1.62 sys=0.00, real=0.20 secs] 
2012-05-23T00:02:12.998+0200: 102855.635: [GC [PSYoungGen: 2197682K->157171K(2232128K)] 2829213K->802632K(7010816K), 0.2161856 secs] [Times: user=1.53 sys=0.00, real=0.22 secs] 
2012-05-23T00:03:30.344+0200: 102932.986: [GC [PSYoungGen: 2232115K->157172K(2086592K)] 2877576K->828451K(6865280K), 0.1764475 secs] [Times: user=1.28 sys=0.00, real=0.19 secs] 
2012-05-23T00:04:39.532+0200: 103002.169: [GC [PSYoungGen: 2086580K->229945K(2159360K)] 2757859K->903768K(6938048K), 0.2431491 secs] [Times: user=1.65 sys=0.00, real=0.25 secs] 
2012-05-23T00:05:40.872+0200: 103063.499: [GC [PSYoungGen: 2159353K->229916K(1995264K)] 2833176K->917819K(6773952K), 0.3140576 secs] [Times: user=1.81 sys=0.00, real=0.31 secs] 
2012-05-23T00:05:57.081+0200: 103079.704: [GC [PSYoungGen: 1995228K->311982K(2077312K)] 2683131K->1010814K(6856000K), 0.3618734 secs] [Times: user=2.87 sys=0.00, real=0.36 secs] 
2012-05-23T00:06:40.808+0200: 103123.441: [GC [PSYoungGen: 2077294K->311999K(1830656K)] 2776126K->1049893K(6609344K), 0.3551105 secs] [Times: user=2.73 sys=0.00, real=0.36 secs] 
2012-05-23T00:07:33.865+0200: 103176.488: [GC [PSYoungGen: 1830655K->356537K(1875200K)] 2568549K->1094431K(6653888K), 0.3514144 secs] [Times: user=2.43 sys=0.00, real=0.34 secs] 
2012-05-23T00:08:30.432+0200: 103233.050: [GC [PSYoungGen: 1875193K->331779K(1842944K)] 2613087K->1069673K(6621632K), 0.3087508 secs] [Times: user=2.23 sys=0.00, real=0.30 secs] 
2012-05-23T00:09:28.714+0200: 103291.330: [GC [PSYoungGen: 1689027K->316272K(1673536K)] 2426921K->1054166K(6452224K), 0.2965547 secs] [Times: user=2.09 sys=0.00, real=0.30 secs] 
2012-05-23T00:10:12.723+0200: 103335.347: [GC [PSYoungGen: 1673520K->376162K(1788864K)] 2411414K->1114056K(6567552K), 0.4062598 secs] [Times: user=2.82 sys=0.00, real=0.40 secs] 
2012-05-23T00:10:59.196+0200: 103381.819: [GC [PSYoungGen: 1632034K->323392K(1579328K)] 2369928K->1061286K(6358016K), 0.3059876 secs] [Times: user=2.17 sys=0.00, real=0.31 secs] 
2012-05-23T00:11:42.440+0200: 103425.051: [GC [PSYoungGen: 1579264K->316362K(1816960K)] 2317158K->1054255K(6595648K), 0.3082762 secs] [Times: user=2.03 sys=0.00, real=0.30 secs] 
2012-05-23T00:12:29.553+0200: 103472.164: [GC [PSYoungGen: 1560650K->347975K(1592320K)] 2298543K->1085948K(6371008K), 0.3352125 secs] [Times: user=2.45 sys=0.00, real=0.33 secs] 
2012-05-23T00:13:16.042+0200: 103518.650: [GC [PSYoungGen: 1592263K->357430K(1791424K)] 2330236K->1095483K(6570112K), 0.3601305 secs] [Times: user=2.48 sys=0.00, real=0.36 secs] 
2012-05-23T00:14:00.269+0200: 103562.884: [GC [PSYoungGen: 1567606K->215024K(1799744K)] 2305659K->1049070K(6578432K), 0.3872542 secs] [Times: user=2.56 sys=0.00, real=0.39 secs] 
2012-05-23T00:14:39.691+0200: 103602.295: [GC [PSYoungGen: 1425200K->227995K(1853696K)] 2259246K->1102351K(6632384K), 0.3064187 secs] [Times: user=2.03 sys=0.00, real=0.30 secs] 
2012-05-23T00:15:22.935+0200: 103645.547: [GC [PSYoungGen: 1518747K->194550K(1826368K)] 2393103K->1072681K(6605056K), 0.2084423 secs] [Times: user=1.47 sys=0.00, real=0.22 secs] 
2012-05-23T00:15:36.008+0200: 103658.620: [GC [PSYoungGen: 1485302K->306430K(1877056K)] 2363433K->1189625K(6655744K), 0.3545959 secs] [Times: user=2.76 sys=0.00, real=0.36 secs] 
2012-05-23T00:16:14.743+0200: 103697.350: [GC [PSYoungGen: 1667326K->163996K(1873152K)] 2550521K->1047208K(6651840K), 0.1540408 secs] [Times: user=1.09 sys=0.00, real=0.16 secs] 
2012-05-23T00:16:56.381+0200: 103738.990: [GC [PSYoungGen: 1524892K->124578K(1894976K)] 2408104K->1099182K(6673664K), 0.2578698 secs] [Times: user=1.97 sys=0.00, real=0.26 secs] 
2012-05-23T00:17:48.330+0200: 103790.937: [GC [PSYoungGen: 1519010K->48480K(1888768K)] 2493614K->1068848K(6667456K), 0.1210641 secs] [Times: user=0.81 sys=0.00, real=0.12 secs] 
2012-05-23T00:18:32.603+0200: 103835.211: [GC [PSYoungGen: 1442912K->76819K(1896576K)] 2463280K->1098891K(6675264K), 0.0999076 secs] [Times: user=0.67 sys=0.00, real=0.11 secs] 
2012-05-23T00:19:24.069+0200: 103886.662: [GC [PSYoungGen: 1474771K->90718K(1890688K)] 2496843K->1112790K(6669376K), 0.1171274 secs] [Times: user=0.61 sys=0.00, real=0.11 secs] 
2012-05-23T00:20:11.540+0200: 103934.131: [GC [PSYoungGen: 1488670K->33510K(1911168K)] 2510742K->1055590K(6689856K), 0.0406243 secs] [Times: user=0.08 sys=0.00, real=0.03 secs] 
2012-05-23T00:20:58.716+0200: 103981.306: [GC [PSYoungGen: 1463206K->43960K(1907840K)] 2485286K->1066048K(6686528K), 0.0508119 secs] [Times: user=0.16 sys=0.00, real=0.05 secs] 
2012-05-23T00:21:46.718+0200: 104029.319: [GC [PSYoungGen: 1473656K->35006K(1929984K)] 2495744K->1057094K(6708672K), 0.0470201 secs] [Times: user=0.08 sys=0.00, real=0.05 secs] 
2012-05-23T00:22:33.643+0200: 104076.238: [GC [PSYoungGen: 1495742K->44704K(1920064K)] 2517830K->1066792K(6698752K), 0.0536488 secs] [Times: user=0.25 sys=0.00, real=0.05 secs] 
2012-05-23T00:23:15.671+0200: 104118.262: [GC [PSYoungGen: 1505440K->64700K(1962688K)] 2527528K->1086788K(6741376K), 0.0744361 secs] [Times: user=0.39 sys=0.00, real=0.08 secs] 
2012-05-23T00:24:12.721+0200: 104175.307: [GC [PSYoungGen: 1582012K->43032K(1943936K)] 2604100K->1065120K(6722624K), 0.0526013 secs] [Times: user=0.12 sys=0.00, real=0.05 secs] 
2012-05-23T00:24:56.059+0200: 104218.640: [GC [PSYoungGen: 1560344K->58994K(1996352K)] 2582432K->1081082K(6775040K), 0.0631012 secs] [Times: user=0.39 sys=0.00, real=0.06 secs] 
2012-05-23T00:27:41.422+0200: 104383.997: [GC [PSYoungGen: 1643762K->30558K(1977728K)] 2665850K->1052646K(6756416K), 0.0506511 secs] [Times: user=0.03 sys=0.00, real=0.05 secs] 
2012-05-23T00:34:19.027+0200: 104781.587: [GC [PSYoungGen: 668199K->2160K(2019648K)] 1690287K->1024272K(6798336K), 0.0298572 secs] [Times: user=0.02 sys=0.00, real=0.02 secs] 
2012-05-23T00:34:19.058+0200: 104781.617: [Full GC (System) [PSYoungGen: 2160K->0K(2019648K)] [PSOldGen: 1022112K->836737K(4778688K)] 1024272K->836737K(6798336K) [PSPermGen: 112860K->112860K(393216K)], 2.8912119 secs] [Times: user=2.89 sys=0.00, real=2.89 secs] 
2012-05-23T00:45:17.371+0200: 105439.915: [GC [PSYoungGen: 1640320K->7046K(2009984K)] 2477057K->843783K(6788672K), 0.0172797 secs] [Times: user=0.06 sys=0.00, real=0.01 secs] 
2012-05-23T00:55:19.757+0200: 106042.285: [GC [PSYoungGen: 1647366K->21571K(2047936K)] 2484103K->858308K(6826624K), 0.0521395 secs] [Times: user=0.23 sys=0.00, real=0.06 secs] 
2012-05-23T01:05:23.734+0200: 106646.242: [GC [PSYoungGen: 1712131K->58200K(2031936K)] 2548868K->894937K(6810624K), 0.0752886 secs] [Times: user=0.62 sys=0.00, real=0.08 secs] 
2012-05-23T01:16:46.711+0200: 107329.189: [GC [PSYoungGen: 1748760K->3878K(2081728K)] 2585497K->840615K(6860416K), 0.0311377 secs] [Times: user=0.02 sys=0.03, real=0.03 secs] 
2012-05-23T01:29:46.892+0200: 108109.347: [GC [PSYoungGen: 1766566K->4368K(2070272K)] 2603303K->841105K(6848960K), 0.0465276 secs] [Times: user=0.03 sys=0.00, real=0.05 secs] 
2012-05-23T01:34:21.986+0200: 108384.432: [GC [PSYoungGen: 441253K->3768K(2107008K)] 1277990K->840505K(6885696K), 0.0303702 secs] [Times: user=0.02 sys=0.00, real=0.03 secs] 
2012-05-23T01:34:22.018+0200: 108384.462: [Full GC (System) [PSYoungGen: 3768K->0K(2107008K)] [PSOldGen: 836737K->840308K(4778688K)] 840505K->840308K(6885696K) [PSPermGen: 112863K->112863K(393216K)], 2.7245500 secs] [Times: user=2.71 sys=0.00, real=2.71 secs] 
2012-05-23T01:45:19.457+0200: 109041.881: [GC [PSYoungGen: 1811840K->21796K(2094144K)] 2652148K->862104K(6872832K), 0.0478388 secs] [Times: user=0.19 sys=0.00, real=0.05 secs] 
2012-05-23T01:55:28.847+0200: 109651.253: [GC [PSYoungGen: 1833636K->2662K(2135680K)] 2673944K->842970K(6914368K), 0.0158056 secs] [Times: user=0.00 sys=0.00, real=0.02 secs] 
2012-05-23T02:09:15.159+0200: 110477.539: [GC [PSYoungGen: 1872358K->2908K(2123328K)] 2712666K->843216K(6902016K), 0.0270878 secs] [Times: user=0.02 sys=0.00, real=0.02 secs] 
2012-05-23T02:15:41.654+0200: 110864.021: [GC [PSYoungGen: 1872604K->166618K(2097280K)] 2712912K->1006927K(6875968K), 0.2255975 secs] [Times: user=1.70 sys=0.00, real=0.22 secs] 
2012-05-23T02:25:25.772+0200: 111448.122: [GC [PSYoungGen: 2022810K->66346K(2122752K)] 2863119K->906655K(6901440K), 0.0924065 secs] [Times: user=0.55 sys=0.00, real=0.09 secs] 
2012-05-23T02:34:24.775+0200: 111987.108: [GC [PSYoungGen: 1675916K->3480K(2150080K)] 2516225K->843788K(6928768K), 0.0279900 secs] [Times: user=0.02 sys=0.00, real=0.01 secs] 
2012-05-23T02:34:24.790+0200: 111987.136: [Full GC (System) [PSYoungGen: 3480K->0K(2150080K)] [PSOldGen: 840308K->613707K(4778688K)] 843788K->613707K(6928768K) [PSPermGen: 112867K->112698K(393216K)], 3.0965096 secs] [Times: user=3.10 sys=0.00, real=3.11 secs] 
2012-05-23T02:38:35.158+0200: 112237.483: [GC [PSYoungGen: 1900928K->1646K(2140160K)] 2514635K->615353K(6918848K), 0.0307962 secs] [Times: user=0.02 sys=0.00, real=0.03 secs] 
2012-05-23T02:45:29.920+0200: 112652.243: [GC [PSYoungGen: 1902574K->170349K(2105472K)] 2516281K->784057K(6884160K), 0.2382739 secs] [Times: user=1.78 sys=0.02, real=0.25 secs] 
2012-05-23T02:55:22.743+0200: 113245.046: [GC [PSYoungGen: 2046637K->57413K(2132800K)] 2660345K->671121K(6911488K), 0.0818938 secs] [Times: user=0.50 sys=0.00, real=0.08 secs] 
2012-05-23T03:00:30.676+0200: 113552.962: [GC [PSYoungGen: 1933701K->16228K(2162560K)] 2547409K->629935K(6941248K), 0.0238521 secs] [Times: user=0.12 sys=0.00, real=0.01 secs] 
2012-05-23T03:05:18.453+0200: 113840.733: [GC [PSYoungGen: 1941604K->32554K(2152128K)] 2555311K->646261K(6930816K), 0.1262290 secs] [Times: user=0.22 sys=0.00, real=0.13 secs] 
2012-05-23T03:05:39.419+0200: 113861.697: [GC [PSYoungGen: 1957930K->20888K(2186560K)] 2571637K->634595K(6965248K), 0.0429334 secs] [Times: user=0.08 sys=0.00, real=0.03 secs] 
2012-05-23T03:06:43.162+0200: 113925.443: [GC [PSYoungGen: 1994072K->202726K(2175936K)] 2607779K->948937K(6954624K), 0.4921379 secs] [Times: user=3.76 sys=0.00, real=0.50 secs] 
2012-05-23T03:07:16.687+0200: 113958.973: [GC [PSYoungGen: 2175910K->213344K(1636288K)] 2922121K->1396175K(6414976K), 0.9288513 secs] [Times: user=7.36 sys=0.00, real=0.94 secs] 
2012-05-23T03:07:46.545+0200: 113988.817: [GC [PSYoungGen: 1636256K->483171K(1906112K)] 2819087K->1729247K(6684800K), 0.7643024 secs] [Times: user=5.79 sys=0.00, real=0.76 secs] 
2012-05-23T03:08:15.172+0200: 114017.442: [GC [PSYoungGen: 1906083K->483168K(1279680K)] 3152159K->2117643K(6058368K), 1.1658381 secs] [Times: user=9.24 sys=0.00, real=1.15 secs] 
2012-05-23T03:08:28.338+0200: 114030.617: [GC [PSYoungGen: 1279648K->565054K(1592896K)] 2914123K->2199529K(6371584K), 0.8950109 secs] [Times: user=6.55 sys=0.00, real=0.90 secs] 
2012-05-23T03:08:42.550+0200: 114044.830: [GC [PSYoungGen: 1361534K->796413K(1592896K)] 2996009K->2473816K(6371584K), 1.0643653 secs] [Times: user=8.14 sys=0.00, real=1.08 secs] 
2012-05-23T03:09:03.376+0200: 114065.646: [GC [PSYoungGen: 1592893K->796394K(1592896K)] 3270296K->2681246K(6371584K), 1.3084150 secs] [Times: user=10.23 sys=0.00, real=1.31 secs] 
2012-05-23T03:09:14.780+0200: 114077.057: [GC [PSYoungGen: 1592874K->796385K(1592896K)] 3477726K->2868377K(6371584K), 1.3130029 secs] [Times: user=10.09 sys=0.00, real=1.31 secs] 
2012-05-23T03:09:35.185+0200: 114097.461: [GC [PSYoungGen: 1592865K->698769K(1592896K)] 3664857K->2967218K(6371584K), 1.1729471 secs] [Times: user=9.30 sys=0.00, real=1.17 secs] 
2012-05-23T03:09:47.119+0200: 114109.390: [GC [PSYoungGen: 1495249K->517390K(1592896K)] 3763698K->3058112K(6371584K), 1.0419873 secs] [Times: user=8.13 sys=0.00, real=1.05 secs] 
2012-05-23T03:10:07.883+0200: 114130.152: [GC [PSYoungGen: 1313870K->596564K(1592896K)] 3854592K->3326143K(6371584K), 1.1206627 secs] [Times: user=8.31 sys=0.00, real=1.12 secs] 
2012-05-23T03:10:22.485+0200: 114144.764: [GC [PSYoungGen: 1393044K->11712K(1592896K)] 4122623K->2879099K(6371584K), 0.3142870 secs] [Times: user=2.14 sys=0.00, real=0.33 secs] 
2012-05-23T03:10:37.804+0200: 114160.082: [GC [PSYoungGen: 808192K->11433K(1592896K)] 3675579K->2882388K(6371584K), 0.0434664 secs] [Times: user=0.22 sys=0.00, real=0.05 secs] 
2012-05-23T03:10:59.005+0200: 114181.278: [GC [PSYoungGen: 807817K->82437K(1592896K)] 3678772K->2953512K(6371584K), 0.0692620 secs] [Times: user=0.41 sys=0.00, real=0.08 secs] 
2012-05-23T03:11:01.330+0200: 114183.598: [GC [PSYoungGen: 878917K->103104K(1592896K)] 3749992K->2987577K(6371584K), 0.1402340 secs] [Times: user=1.12 sys=0.00, real=0.14 secs] 
2012-05-23T03:11:22.078+0200: 114204.341: [GC [PSYoungGen: 899584K->148209K(1592896K)] 3784057K->3135986K(6371584K), 0.3298658 secs] [Times: user=2.57 sys=0.00, real=0.33 secs] 
2012-05-23T03:11:40.502+0200: 114222.771: [GC [PSYoungGen: 944689K->345090K(1592896K)] 3932466K->3429371K(6371584K), 0.6082751 secs] [Times: user=4.63 sys=0.00, real=0.61 secs] 
2012-05-23T03:11:48.380+0200: 114230.645: [GC [PSYoungGen: 1141570K->146320K(1592896K)] 4225851K->3451994K(6371584K), 1.0431341 secs] [Times: user=8.32 sys=0.00, real=1.04 secs] 
2012-05-23T03:12:07.724+0200: 114249.998: [GC [PSYoungGen: 942800K->28927K(1592896K)] 4248474K->3477690K(6371584K), 0.3951230 secs] [Times: user=2.84 sys=0.00, real=0.41 secs] 
2012-05-23T03:12:23.090+0200: 114265.352: [GC [PSYoungGen: 825407K->89332K(1592896K)] 4274170K->3539527K(6371584K), 0.1081399 secs] [Times: user=0.75 sys=0.00, real=0.09 secs] 
2012-05-23T03:12:26.678+0200: 114268.945: [GC [PSYoungGen: 885812K->91546K(1592896K)] 4336007K->3579783K(6371584K), 0.1785196 secs] [Times: user=1.25 sys=0.00, real=0.17 secs] 
2012-05-23T03:12:43.027+0200: 114285.301: [GC [PSYoungGen: 888026K->155906K(1592896K)] 4376263K->3735224K(6371584K), 0.3386561 secs] [Times: user=2.59 sys=0.00, real=0.34 secs] 
2012-05-23T03:12:57.021+0200: 114299.288: [GC [PSYoungGen: 952386K->353079K(1592896K)] 4531704K->4047448K(6371584K), 0.6018547 secs] [Times: user=4.81 sys=0.00, real=0.61 secs] 
2012-05-23T03:13:04.166+0200: 114306.428: [GC [PSYoungGen: 1149559K->122609K(1592896K)] 4843928K->4090899K(6371584K), 1.0305817 secs] [Times: user=8.24 sys=0.00, real=1.03 secs] 
2012-05-23T03:13:13.775+0200: 114316.039: [GC [PSYoungGen: 919089K->115088K(1592896K)] 4887379K->4178162K(6371584K), 0.3705705 secs] [Times: user=2.84 sys=0.00, real=0.38 secs] 
2012-05-23T03:13:24.742+0200: 114327.009: [GC [PSYoungGen: 911568K->99949K(1658176K)] 4974642K->4278098K(6436864K), 0.2870573 secs] [Times: user=2.14 sys=0.00, real=0.28 secs] 
2012-05-23T03:13:38.595+0200: 114340.859: [GC [PSYoungGen: 993901K->313515K(1625088K)] 5172050K->4557652K(6403776K), 0.5714507 secs] [Times: user=4.48 sys=0.00, real=0.56 secs] 
2012-05-23T03:13:50.436+0200: 114352.697: [GC [PSYoungGen: 1207467K->212102K(1720256K)] 5451604K->4674421K(6498944K), 0.5784466 secs] [Times: user=4.62 sys=0.00, real=0.58 secs] 
2012-05-23T03:14:05.755+0200: 114368.018: [GC [PSYoungGen: 1215302K->118646K(1672256K)] 5677621K->4781276K(6450944K), 0.5102285 secs] [Times: user=3.85 sys=0.00, real=0.51 secs] 
2012-05-23T03:14:06.270+0200: 114368.528: [Full GC [PSYoungGen: 118646K->0K(1672256K)] [PSOldGen: 4662630K->1003893K(4778688K)] 4781276K->1003893K(6450944K) [PSPermGen: 112802K->112802K(393216K)], 5.2431598 secs] [Times: user=5.24 sys=0.00, real=5.24 secs] 
2012-05-23T03:14:30.513+0200: 114392.776: [GC [PSYoungGen: 1003200K->169361K(1783936K)] 2007093K->1173254K(6562624K), 0.2437763 secs] [Times: user=1.65 sys=0.00, real=0.25 secs] 
2012-05-23T03:14:46.893+0200: 114409.156: [GC [PSYoungGen: 1311761K->434089K(1576512K)] 2315654K->1548358K(6355200K), 0.7067814 secs] [Times: user=5.62 sys=0.00, real=0.70 secs] 
2012-05-23T03:15:24.786+0200: 114447.052: [GC [PSYoungGen: 1576489K->65350K(1753792K)] 2690758K->1537968K(6532480K), 1.0401149 secs] [Times: user=8.19 sys=0.00, real=1.05 secs] 
2012-05-23T03:17:47.590+0200: 114589.848: [GC [PSYoungGen: 1169350K->544K(1739520K)] 2641968K->1484234K(6518208K), 0.0926133 secs] [Times: user=0.62 sys=0.00, real=0.09 secs] 
2012-05-23T03:25:20.386+0200: 115042.627: [GC [PSYoungGen: 1104544K->30003K(1776384K)] 2588234K->1513797K(6555072K), 0.0632548 secs] [Times: user=0.31 sys=0.00, real=0.06 secs] 
2012-05-23T03:25:33.911+0200: 115056.155: [GC [PSYoungGen: 1177075K->149254K(1760000K)] 2660869K->1653664K(6538688K), 0.2301727 secs] [Times: user=1.83 sys=0.00, real=0.23 secs] 
2012-05-23T03:35:18.747+0200: 115640.973: [GC [PSYoungGen: 1296326K->13832K(1828800K)] 2800736K->1646612K(6607488K), 0.3833375 secs] [Times: user=1.87 sys=0.00, real=0.39 secs] 
2012-05-23T03:35:32.272+0200: 115654.494: [GC [PSYoungGen: 1269000K->170658K(1815680K)] 2901780K->1814275K(6594368K), 0.2442171 secs] [Times: user=1.87 sys=0.00, real=0.23 secs] 
2012-05-23T03:45:23.395+0200: 116245.603: [GC [PSYoungGen: 1425826K->17886K(1876864K)] 3069443K->1802810K(6655552K), 0.3910547 secs] [Times: user=3.12 sys=0.00, real=0.39 secs] 
2012-05-23T03:45:39.198+0200: 116261.405: [GC [PSYoungGen: 1369438K->161645K(1864000K)] 3154362K->1960626K(6642688K), 0.2465927 secs] [Times: user=1.93 sys=0.00, real=0.25 secs] 
2012-05-23T03:55:20.070+0200: 116842.309: [GC [PSYoungGen: 1513197K->32346K(1921536K)] 3312178K->1969025K(6700224K), 0.4599988 secs] [Times: user=3.40 sys=0.00, real=0.47 secs] 
2012-05-23T03:58:13.428+0200: 117015.738: [GC [PSYoungGen: 1471834K->544K(1907264K)] 3408513K->1937719K(6685952K), 0.0459127 secs] [Times: user=0.05 sys=0.00, real=0.05 secs] 
2012-05-23T04:05:23.379+0200: 117445.747: [GC [PSYoungGen: 1440032K->62625K(1955712K)] 3377207K->1999801K(6734400K), 0.0931473 secs] [Times: user=0.67 sys=0.00, real=0.09 secs] 
2012-05-23T04:12:14.023+0200: 117856.391: [GC [PSYoungGen: 1561121K->1649K(1932096K)] 3498297K->1938825K(6710784K), 0.0461994 secs] [Times: user=0.05 sys=0.00, real=0.05 secs] 
2012-05-23T04:14:11.522+0200: 117973.888: [GC [PSYoungGen: 187749K->1489K(1982528K)] 2124925K->1938665K(6761216K), 0.0359734 secs] [Times: user=0.05 sys=0.00, real=0.03 secs] 
2012-05-23T04:14:11.553+0200: 117973.924: [Full GC (System) [PSYoungGen: 1489K->0K(1982528K)] [PSOldGen: 1937175K->856526K(4778688K)] 1938665K->856526K(6761216K) [PSPermGen: 112809K->112809K(393216K)], 3.2144653 secs] [Times: user=3.21 sys=0.00, real=3.21 secs] 
2012-05-23T04:15:41.862+0200: 118064.230: [GC [PSYoungGen: 1561472K->183127K(1968256K)] 2417998K->1039653K(6746944K), 0.2463367 secs] [Times: user=2.00 sys=0.00, real=0.25 secs] 
2012-05-23T04:25:20.816+0200: 118643.174: [GC [PSYoungGen: 1744599K->36493K(2000128K)] 2601125K->893019K(6778816K), 0.0519818 secs] [Times: user=0.47 sys=0.00, real=0.06 secs] 
2012-05-23T04:29:48.312+0200: 118910.651: [GC [PSYoungGen: 1628045K->2094K(1980736K)] 2484571K->858620K(6759424K), 0.0111005 secs] [Times: user=0.00 sys=0.00, real=0.00 secs] 
2012-05-23T04:35:27.632+0200: 119249.975: [GC [PSYoungGen: 1593646K->164079K(2013696K)] 2450172K->1020605K(6792384K), 0.2168103 secs] [Times: user=1.62 sys=0.02, real=0.22 secs] 
2012-05-23T04:45:16.602+0200: 119838.925: [GC [PSYoungGen: 1801903K->11955K(2013440K)] 2658429K->868481K(6792128K), 0.0184106 secs] [Times: user=0.17 sys=0.00, real=0.03 secs] 
2012-05-23T04:47:16.911+0200: 119959.229: [GC [PSYoungGen: 1649779K->2158K(2041088K)] 2506305K->858684K(6819776K), 0.0186707 secs] [Times: user=0.08 sys=0.00, real=0.03 secs] 
2012-05-23T04:55:25.150+0200: 120447.444: [GC [PSYoungGen: 1681774K->92642K(2027840K)] 2538300K->949168K(6806528K), 0.1355805 secs] [Times: user=0.95 sys=0.00, real=0.13 secs] 
2012-05-23T05:05:11.609+0200: 121033.881: [GC [PSYoungGen: 1772258K->2904K(2074368K)] 2628784K->859430K(6853056K), 0.0153167 secs] [Times: user=0.00 sys=0.00, real=0.02 secs] 
2012-05-23T05:06:49.827+0200: 121132.097: [GC [PSYoungGen: 1750552K->2648K(2062592K)] 2607078K->859174K(6841280K), 0.0256481 secs] [Times: user=0.02 sys=0.00, real=0.02 secs] 
2012-05-23T05:14:14.808+0200: 121577.068: [GC [PSYoungGen: 717591K->2542K(2100160K)] 1574117K->859068K(6878848K), 0.0255299 secs] [Times: user=0.02 sys=0.00, real=0.03 secs] 
2012-05-23T05:14:14.839+0200: 121577.094: [Full GC (System) [PSYoungGen: 2542K->0K(2100160K)] [PSOldGen: 856526K->856318K(4778688K)] 859068K->856318K(6878848K) [PSPermGen: 112812K->112812K(393216K)], 2.7402364 secs] [Times: user=2.73 sys=0.00, real=2.73 secs] 
2012-05-23T05:15:57.644+0200: 121679.896: [GC [PSYoungGen: 1797824K->1144K(2086976K)] 2654142K->857462K(6865664K), 0.0295618 secs] [Times: user=0.02 sys=0.00, real=0.02 secs] 
2012-05-23T05:25:25.008+0200: 122247.248: [GC [PSYoungGen: 1798968K->64889K(2131328K)] 2655286K->921207K(6910016K), 0.1029924 secs] [Times: user=0.56 sys=0.00, real=0.11 secs] 
2012-05-23T05:33:36.414+0200: 122738.647: [GC [PSYoungGen: 1920377K->3814K(2113472K)] 2776695K->860132K(6892160K), 0.0197311 secs] [Times: user=0.06 sys=0.00, real=0.03 secs] 
2012-05-23T05:35:33.837+0200: 122856.063: [GC [PSYoungGen: 1859302K->201844K(2069440K)] 2715620K->1058162K(6848128K), 0.2865919 secs] [Times: user=2.17 sys=0.00, real=0.30 secs] 
2012-05-23T05:37:52.117+0200: 122994.336: [GC [PSYoungGen: 2025140K->58406K(2106304K)] 2881458K->914724K(6884992K), 0.0711348 secs] [Times: user=0.45 sys=0.00, real=0.08 secs] 
2012-05-23T05:39:43.393+0200: 123105.607: [GC [PSYoungGen: 1881702K->46093K(2144064K)] 2738020K->902411K(6922752K), 0.0596504 secs] [Times: user=0.44 sys=0.00, real=0.06 secs] 
2012-05-23T05:41:39.958+0200: 123222.170: [GC [PSYoungGen: 1928077K->45815K(2127232K)] 2784395K->902133K(6905920K), 0.0573214 secs] [Times: user=0.40 sys=0.00, real=0.06 secs] 
2012-05-23T05:44:19.610+0200: 123381.812: [GC [PSYoungGen: 1927799K->63349K(2175488K)] 2784117K->919667K(6954176K), 0.0705532 secs] [Times: user=0.34 sys=0.00, real=0.06 secs] 
2012-05-23T05:44:56.162+0200: 123418.373: [GC [PSYoungGen: 2009205K->47653K(2159680K)] 2865523K->903971K(6938368K), 0.0886521 secs] [Times: user=0.50 sys=0.00, real=0.09 secs] 
2012-05-23T05:45:27.783+0200: 123449.990: [GC [PSYoungGen: 1993509K->200679K(2079936K)] 2849827K->1100654K(6858624K), 0.3261375 secs] [Times: user=2.11 sys=0.00, real=0.33 secs] 
2012-05-23T05:45:43.617+0200: 123465.815: [GC [PSYoungGen: 2079911K->255032K(2134272K)] 2979886K->1209700K(6912960K), 0.3107768 secs] [Times: user=2.17 sys=0.02, real=0.31 secs] 
2012-05-23T05:46:16.144+0200: 123498.349: [GC [PSYoungGen: 2134264K->255029K(1818496K)] 3088932K->1358433K(6597184K), 0.3708342 secs] [Times: user=2.76 sys=0.00, real=0.37 secs] 
2012-05-23T05:46:35.582+0200: 123517.791: [GC [PSYoungGen: 1818485K->412913K(1976384K)] 2921889K->1520957K(6755072K), 0.3600793 secs] [Times: user=2.61 sys=0.00, real=0.37 secs] 
2012-05-23T05:46:53.756+0200: 123535.963: [GC [PSYoungGen: 1976369K->412913K(1586752K)] 3084413K->1673709K(6365440K), 0.5042045 secs] [Times: user=3.82 sys=0.00, real=0.51 secs] 
2012-05-23T05:47:07.484+0200: 123549.689: [GC [PSYoungGen: 1586737K->534661K(1708544K)] 2847533K->1799137K(6487232K), 0.4681199 secs] [Times: user=3.45 sys=0.00, real=0.47 secs] 
2012-05-23T05:54:14.789+0200: 123976.971: [GC [PSYoungGen: 1708485K->527184K(1563008K)] 2972961K->1805090K(6341696K), 0.4146728 secs] [Times: user=3.18 sys=0.00, real=0.41 secs] 
2012-05-23T05:55:23.960+0200: 124046.140: [GC [PSYoungGen: 1409424K->581787K(1464064K)] 2687330K->1860392K(6242752K), 0.4985429 secs] [Times: user=3.57 sys=0.00, real=0.50 secs] 
2012-05-23T05:55:32.447+0200: 124054.636: [GC [PSYoungGen: 1464027K->510456K(1592896K)] 2742632K->2000318K(6371584K), 0.7281263 secs] [Times: user=5.87 sys=0.00, real=0.73 secs] 
2012-05-23T06:00:39.693+0200: 124361.862: [GC [PSYoungGen: 1306936K->170628K(1592896K)] 2796798K->1803550K(6371584K), 0.3370582 secs] [Times: user=2.46 sys=0.00, real=0.33 secs] 
2012-05-23T06:05:20.372+0200: 124642.535: [GC [PSYoungGen: 967108K->21015K(1592896K)] 2600030K->1819677K(6371584K), 0.2812242 secs] [Times: user=1.76 sys=0.00, real=0.28 secs] 
2012-05-23T06:05:28.999+0200: 124651.168: [GC [PSYoungGen: 817495K->76759K(1592896K)] 2616157K->1875685K(6371584K), 0.0995856 secs] [Times: user=0.75 sys=0.00, real=0.11 secs] 
2012-05-23T06:05:35.457+0200: 124657.620: [GC [PSYoungGen: 873239K->203194K(1638784K)] 2672165K->2002136K(6417472K), 0.3081149 secs] [Times: user=1.98 sys=0.00, real=0.31 secs] 
2012-05-23T06:08:47.043+0200: 124849.198: [GC [PSYoungGen: 1045946K->4080K(1593280K)] 2844888K->1803110K(6371968K), 0.0336823 secs] [Times: user=0.08 sys=0.00, real=0.03 secs] 
2012-05-23T06:12:06.476+0200: 125048.629: [GC [PSYoungGen: 846832K->22879K(1664768K)] 2645862K->1822483K(6443456K), 0.0410913 secs] [Times: user=0.20 sys=0.00, real=0.05 secs] 
2012-05-23T06:12:22.685+0200: 125064.832: [GC [PSYoungGen: 945631K->11728K(1647296K)] 2745235K->1811760K(6425984K), 0.0246528 secs] [Times: user=0.09 sys=0.00, real=0.02 secs] 
2012-05-23T06:12:56.709+0200: 125098.856: [GC [PSYoungGen: 934480K->20336K(1707968K)] 2734512K->1821185K(6486656K), 0.0325569 secs] [Times: user=0.19 sys=0.00, real=0.03 secs] 
2012-05-23T06:13:21.825+0200: 125123.980: [GC [PSYoungGen: 1022960K->92710K(1683968K)] 2823809K->1893559K(6462656K), 0.1367084 secs] [Times: user=1.05 sys=0.00, real=0.14 secs] 
2012-05-23T06:13:46.115+0200: 125148.262: [GC [PSYoungGen: 1095334K->156544K(1793728K)] 2896183K->1957392K(6572416K), 0.2288840 secs] [Times: user=1.47 sys=0.00, real=0.22 secs] 
2012-05-23T06:14:17.611+0200: 125179.755: [GC [PSYoungGen: 293557K->3458K(1746304K)] 2094405K->1804307K(6524992K), 0.0331831 secs] [Times: user=0.05 sys=0.00, real=0.03 secs] 
2012-05-23T06:14:17.643+0200: 125179.788: [Full GC (System) [PSYoungGen: 3458K->0K(1746304K)] [PSOldGen: 1800848K->711385K(4778688K)] 1804307K->711385K(6524992K) [PSPermGen: 112994K->112871K(393216K)], 3.5794864 secs] [Times: user=3.57 sys=0.00, real=3.57 secs] 
2012-05-23T06:15:22.711+0200: 125244.861: [GC [PSYoungGen: 1150720K->40956K(1836224K)] 1862105K->752341K(6614912K), 0.0547655 secs] [Times: user=0.39 sys=0.00, real=0.06 secs] 
2012-05-23T06:15:36.954+0200: 125259.107: [GC [PSYoungGen: 1298364K->197483K(1810496K)] 2009749K->908869K(6589184K), 0.2535445 secs] [Times: user=2.01 sys=0.00, real=0.27 secs] 
2012-05-23T06:16:11.805+0200: 125293.952: [GC [PSYoungGen: 1454891K->10831K(1872064K)] 2166277K->722216K(6650752K), 0.0195032 secs] [Times: user=0.08 sys=0.00, real=0.01 secs] 
2012-05-23T06:16:44.752+0200: 125326.900: [GC [PSYoungGen: 1348367K->287114K(1624704K)] 2059752K->998500K(6403392K), 0.4269186 secs] [Times: user=2.95 sys=0.00, real=0.42 secs] 
2012-05-23T06:17:15.890+0200: 125358.030: [GC [PSYoungGen: 1624650K->197344K(1871552K)] 2336036K->908729K(6650240K), 0.2478722 secs] [Times: user=1.79 sys=0.00, real=0.25 secs] 
2012-05-23T06:21:30.064+0200: 125612.195: [GC [PSYoungGen: 1531616K->7328K(1852032K)] 2243001K->718713K(6630720K), 0.0523827 secs] [Times: user=0.03 sys=0.00, real=0.05 secs] 
2012-05-23T06:25:21.493+0200: 125843.623: [GC [PSYoungGen: 1341600K->46594K(1906304K)] 2052985K->757980K(6684992K), 0.0649633 secs] [Times: user=0.38 sys=0.00, real=0.06 secs] 
2012-05-23T06:25:40.276+0200: 125862.404: [GC [PSYoungGen: 1447938K->3920K(1884352K)] 2159324K->715305K(6663040K), 0.0129252 secs] [Times: user=0.09 sys=0.00, real=0.02 secs] 
2012-05-23T06:34:27.625+0200: 126389.733: [GC [PSYoungGen: 1405264K->13120K(1939520K)] 2116649K->724505K(6718208K), 0.0288916 secs] [Times: user=0.02 sys=0.00, real=0.03 secs] 
2012-05-23T06:35:34.067+0200: 126456.182: [GC [PSYoungGen: 1484544K->196258K(1921216K)] 2195929K->907643K(6699904K), 0.2640787 secs] [Times: user=2.06 sys=0.00, real=0.27 secs] 
2012-05-23T06:40:13.419+0200: 126735.527: [GC [PSYoungGen: 1667682K->14000K(1956736K)] 2379067K->725385K(6735424K), 0.0296155 secs] [Times: user=0.09 sys=0.00, real=0.03 secs] 
2012-05-23T06:45:21.211+0200: 127043.311: [GC [PSYoungGen: 1521328K->54633K(1939904K)] 2232713K->766019K(6718592K), 0.0885189 secs] [Times: user=0.47 sys=0.00, real=0.09 secs] 
2012-05-23T06:46:16.639+0200: 127098.723: [GC [PSYoungGen: 1561961K->7280K(1996864K)] 2273347K->718666K(6775552K), 0.0191090 secs] [Times: user=0.06 sys=0.00, real=0.02 secs] 
2012-05-23T06:53:30.714+0200: 127532.792: [GC [PSYoungGen: 1596208K->20528K(1981376K)] 2307594K->731913K(6760064K), 0.0390715 secs] [Times: user=0.09 sys=0.00, real=0.05 secs] 
2012-05-23T06:55:29.089+0200: 127651.164: [GC [PSYoungGen: 1609456K->172799K(2006848K)] 2320841K->884185K(6785536K), 0.2301210 secs] [Times: user=1.76 sys=0.00, real=0.23 secs] 
2012-05-23T06:59:56.195+0200: 127918.253: [GC [PSYoungGen: 1805887K->14144K(2011200K)] 2517273K->726054K(6789888K), 0.0550210 secs] [Times: user=0.05 sys=0.00, real=0.05 secs] 
2012-05-23T07:05:21.428+0200: 128243.489: [GC [PSYoungGen: 1647232K->45593K(2048192K)] 2359142K->757512K(6826880K), 0.0740957 secs] [Times: user=0.39 sys=0.00, real=0.08 secs] 
2012-05-23T07:07:04.327+0200: 128346.374: [GC [PSYoungGen: 1731225K->4982K(2026752K)] 2443144K->717437K(6805440K), 0.0226187 secs] [Times: user=0.03 sys=0.00, real=0.02 secs] 
2012-05-23T07:14:02.974+0200: 128765.017: [GC [PSYoungGen: 1690614K->22169K(2078592K)] 2403069K->734631K(6857280K), 0.0488003 secs] [Times: user=0.08 sys=0.00, real=0.05 secs] 
2012-05-23T07:14:21.258+0200: 128783.289: [GC [PSYoungGen: 111117K->3849K(2061568K)] 823580K->716431K(6840256K), 0.0112500 secs] [Times: user=0.00 sys=0.00, real=0.00 secs] 
2012-05-23T07:14:21.258+0200: 128783.300: [Full GC (System) [PSYoungGen: 3849K->0K(2061568K)] [PSOldGen: 712582K->716237K(4778688K)] 716431K->716237K(6840256K) [PSPermGen: 112887K->112887K(393216K)], 2.7495878 secs] [Times: user=2.75 sys=0.02, real=2.76 secs] 
2012-05-23T07:15:39.212+0200: 128861.251: [GC [PSYoungGen: 1750848K->146852K(2075840K)] 2467085K->863089K(6854528K), 0.2115496 secs] [Times: user=1.57 sys=0.00, real=0.22 secs] 
2012-05-23T07:16:00.147+0200: 128882.177: [GC [PSYoungGen: 1925476K->212624K(1991296K)] 2641713K->928861K(6769984K), 0.2969827 secs] [Times: user=2.25 sys=0.00, real=0.30 secs] 
2012-05-23T07:22:16.362+0200: 129258.381: [GC [PSYoungGen: 1991248K->22464K(2069248K)] 2707485K->738701K(6847936K), 0.0442042 secs] [Times: user=0.05 sys=0.00, real=0.05 secs] 
2012-05-23T07:25:24.250+0200: 129446.267: [GC [PSYoungGen: 1756992K->68950K(2054592K)] 2473229K->785187K(6833280K), 0.0997172 secs] [Times: user=0.53 sys=0.00, real=0.09 secs] 
2012-05-23T07:27:05.777+0200: 129547.788: [GC [PSYoungGen: 1803478K->20880K(2104512K)] 2519715K->737117K(6883200K), 0.0313200 secs] [Times: user=0.09 sys=0.00, real=0.03 secs] 
2012-05-23T07:30:57.674+0200: 129779.682: [GC [PSYoungGen: 1826239K->23920K(2091968K)] 2542476K->740157K(6870656K), 0.0492939 secs] [Times: user=0.06 sys=0.00, real=0.05 secs] 
2012-05-23T07:34:04.907+0200: 129966.901: [GC [PSYoungGen: 1831088K->40288K(2133824K)] 2547325K->756525K(6912512K), 0.0732222 secs] [Times: user=0.06 sys=0.00, real=0.06 secs] 
2012-05-23T07:35:30.864+0200: 130052.864: [GC [PSYoungGen: 1902624K->221682K(2084032K)] 2618861K->937919K(6862720K), 0.2720330 secs] [Times: user=2.14 sys=0.00, real=0.28 secs] 
2012-05-23T07:35:42.330+0200: 130064.332: [GC [PSYoungGen: 2084018K->294695K(1845888K)] 2800255K->1190212K(6624576K), 0.6236179 secs] [Times: user=4.91 sys=0.00, real=0.62 secs] 
2012-05-23T07:35:49.850+0200: 130071.843: [GC [PSYoungGen: 1845863K->419047K(1970240K)] 2741380K->1541808K(6748928K), 0.8668617 secs] [Times: user=6.83 sys=0.00, real=0.86 secs] 
2012-05-23T07:35:58.555+0200: 130080.560: [GC [PSYoungGen: 1970215K->419052K(1226816K)] 3092976K->1964539K(6005504K), 1.2055403 secs] [Times: user=9.66 sys=0.00, real=1.22 secs] 
2012-05-23T07:36:04.155+0200: 130086.156: [GC [PSYoungGen: 1226796K->598869K(1406656K)] 2772283K->2144356K(6185344K), 0.8319900 secs] [Times: user=6.60 sys=0.00, real=0.84 secs] 
2012-05-23T07:36:12.002+0200: 130093.992: [GC [PSYoungGen: 1406613K->749449K(1592896K)] 2952100K->2295342K(6371584K), 0.9827162 secs] [Times: user=7.47 sys=0.00, real=0.98 secs] 
2012-05-23T07:36:16.729+0200: 130098.724: [GC [PSYoungGen: 1545929K->796397K(1592896K)] 3091822K->2514738K(6371584K), 1.2743487 secs] [Times: user=9.86 sys=0.00, real=1.28 secs] 
2012-05-23T07:36:22.626+0200: 130104.619: [GC [PSYoungGen: 1592877K->796395K(1592896K)] 3311218K->2679528K(6371584K), 1.3128493 secs] [Times: user=8.86 sys=0.00, real=1.31 secs] 
2012-05-23T07:36:28.647+0200: 130110.647: [GC [PSYoungGen: 1592875K->796412K(1592896K)] 3476008K->2801727K(6371584K), 1.2548158 secs] [Times: user=9.22 sys=0.00, real=1.26 secs] 
2012-05-23T07:36:37.961+0200: 130119.962: [GC [PSYoungGen: 1592892K->646266K(1592896K)] 3598207K->2897952K(6371584K), 1.2205457 secs] [Times: user=8.78 sys=0.00, real=1.23 secs] 
2012-05-23T07:36:47.960+0200: 130129.963: [GC [PSYoungGen: 1442746K->533132K(1592896K)] 3694432K->2958988K(6371584K), 0.9458238 secs] [Times: user=7.07 sys=0.00, real=0.95 secs] 
2012-05-23T07:37:02.515+0200: 130144.508: [GC [PSYoungGen: 1329132K->295333K(1592896K)] 3754988K->2858933K(6371584K), 0.6001708 secs] [Times: user=4.27 sys=0.00, real=0.59 secs] 
2012-05-23T07:37:17.382+0200: 130159.378: [GC [PSYoungGen: 1091813K->310717K(1592896K)] 3655413K->3076009K(6371584K), 0.6041070 secs] [Times: user=4.81 sys=0.00, real=0.61 secs] 
2012-05-23T07:37:26.852+0200: 130168.843: [GC [PSYoungGen: 1106948K->47850K(1592896K)] 3872240K->2858472K(6371584K), 0.1149238 secs] [Times: user=0.84 sys=0.00, real=0.11 secs] 
2012-05-23T07:37:40.252+0200: 130182.250: [GC [PSYoungGen: 844330K->179416K(1592896K)] 3654952K->2990142K(6371584K), 0.2298220 secs] [Times: user=1.87 sys=0.00, real=0.23 secs] 
2012-05-23T07:37:48.442+0200: 130190.434: [GC [PSYoungGen: 975896K->23843K(1592896K)] 3786622K->2839760K(6371584K), 0.0741720 secs] [Times: user=0.42 sys=0.00, real=0.08 secs] 
2012-05-23T07:38:04.963+0200: 130206.950: [GC [PSYoungGen: 820323K->220305K(1592896K)] 3636240K->3058382K(6371584K), 0.3831660 secs] [Times: user=2.65 sys=0.00, real=0.37 secs] 
2012-05-23T07:38:18.223+0200: 130220.215: [GC [PSYoungGen: 1016785K->171041K(1592896K)] 3854862K->3164974K(6371584K), 0.5954103 secs] [Times: user=4.63 sys=0.01, real=0.59 secs] 
2012-05-23T07:38:30.906+0200: 130232.893: [GC [PSYoungGen: 967521K->126847K(1592896K)] 3961454K->3287501K(6371584K), 0.4192930 secs] [Times: user=3.25 sys=0.00, real=0.42 secs] 
2012-05-23T07:38:44.229+0200: 130246.225: [GC [PSYoungGen: 923327K->138624K(1592896K)] 4083981K->3401374K(6371584K), 0.3535745 secs] [Times: user=2.85 sys=0.00, real=0.36 secs] 
2012-05-23T07:38:53.604+0200: 130255.591: [GC [PSYoungGen: 935104K->49560K(1592896K)] 4197854K->3445490K(6371584K), 0.2422741 secs] [Times: user=1.87 sys=0.00, real=0.23 secs] 
2012-05-23T07:39:35.475+0200: 130297.461: [GC [PSYoungGen: 846040K->8434K(1592896K)] 4241970K->3445797K(6371584K), 0.1113209 secs] [Times: user=0.76 sys=0.00, real=0.11 secs] 
2012-05-23T07:40:02.323+0200: 130324.311: [GC [PSYoungGen: 804914K->264804K(1592896K)] 4242277K->3704415K(6371584K), 0.2375530 secs] [Times: user=1.84 sys=0.00, real=0.23 secs] 
2012-05-23T07:40:04.819+0200: 130326.812: [GC [PSYoungGen: 1061284K->103107K(1592896K)] 4500895K->3640965K(6371584K), 0.2485838 secs] [Times: user=2.00 sys=0.00, real=0.25 secs] 
2012-05-23T07:40:06.582+0200: 130328.579: [GC [PSYoungGen: 899587K->7603K(1592896K)] 4437445K->3648527K(6371584K), 0.1801241 secs] [Times: user=1.50 sys=0.00, real=0.19 secs] 
2012-05-23T07:40:27.221+0200: 130349.205: [GC [PSYoungGen: 804083K->122357K(1629376K)] 4445007K->3770625K(6408064K), 0.2283459 secs] [Times: user=1.54 sys=0.00, real=0.22 secs] 
2012-05-23T07:40:41.714+0200: 130363.706: [GC [PSYoungGen: 955317K->189348K(1592896K)] 4603585K->3932323K(6371584K), 0.4008409 secs] [Times: user=3.25 sys=0.00, real=0.40 secs] 
2012-05-23T07:40:52.509+0200: 130374.498: [GC [PSYoungGen: 1022308K->401856K(1634944K)] 4765283K->4299212K(6413632K), 0.7046459 secs] [Times: user=5.52 sys=0.00, real=0.70 secs] 
2012-05-23T07:41:16.112+0200: 130398.105: [GC [PSYoungGen: 1330816K->79048K(1659136K)] 5228172K->4253738K(6437824K), 1.0323649 secs] [Times: user=7.99 sys=0.00, real=1.05 secs] 
2012-05-23T07:42:18.794+0200: 130460.775: [GC [PSYoungGen: 1008008K->13328K(1703232K)] 5182698K->4265499K(6481920K), 0.2665306 secs] [Times: user=1.67 sys=0.00, real=0.27 secs] 
2012-05-23T07:43:23.441+0200: 130525.422: [GC [PSYoungGen: 1013456K->13912K(1686208K)] 5265627K->4276003K(6464896K), 0.1085434 secs] [Times: user=0.42 sys=0.00, real=0.11 secs] 
2012-05-23T07:44:28.900+0200: 130590.874: [GC [PSYoungGen: 1014040K->14019K(1747072K)] 5276131K->4287249K(6525760K), 0.0989134 secs] [Times: user=0.47 sys=0.00, real=0.09 secs] 
2012-05-23T07:45:20.661+0200: 130642.638: [GC [PSYoungGen: 1095619K->34563K(1723840K)] 5368849K->4319625K(6502528K), 0.1405519 secs] [Times: user=0.62 sys=0.00, real=0.14 secs] 
2012-05-23T07:45:31.815+0200: 130653.792: [GC [PSYoungGen: 1116163K->166848K(1813568K)] 5401225K->4477103K(6592256K), 0.2800180 secs] [Times: user=2.23 sys=0.00, real=0.28 secs] 
2012-05-23T07:45:50.348+0200: 130672.320: [GC [PSYoungGen: 1366720K->78200K(1775616K)] 5676975K->4520795K(6554304K), 0.6571353 secs] [Times: user=4.62 sys=0.00, real=0.65 secs] 
2012-05-23T07:46:15.355+0200: 130697.331: [GC [PSYoungGen: 1278072K->237620K(1849088K)] 5720667K->4740188K(6627776K), 0.4310621 secs] [Times: user=3.31 sys=0.00, real=0.42 secs] 
2012-05-23T07:46:33.093+0200: 130715.065: [GC [PSYoungGen: 1542836K->252496K(1845440K)] 6045404K->4965678K(6624128K), 0.5577796 secs] [Times: user=4.37 sys=0.00, real=0.55 secs] 
2012-05-23T07:46:33.639+0200: 130715.622: [Full GC [PSYoungGen: 252496K->0K(1845440K)] [PSOldGen: 4713181K->1392511K(4778688K)] 4965678K->1392511K(6624128K) [PSPermGen: 113030K->113030K(393216K)], 7.9381163 secs] [Times: user=7.93 sys=0.02, real=7.94 secs] 
2012-05-23T07:46:56.228+0200: 130738.212: [GC [PSYoungGen: 1305216K->82145K(1874816K)] 2697727K->1474656K(6653504K), 0.1692515 secs] [Times: user=1.19 sys=0.00, real=0.17 secs] 
2012-05-23T07:47:21.173+0200: 130763.144: [GC [PSYoungGen: 1417249K->280984K(1849600K)] 2809760K->1730302K(6628288K), 0.4322177 secs] [Times: user=3.21 sys=0.00, real=0.42 secs] 
2012-05-23T07:47:31.110+0200: 130773.083: [GC [PSYoungGen: 1616088K->198944K(1886144K)] 3065406K->1861376K(6664832K), 0.5244531 secs] [Times: user=4.06 sys=0.00, real=0.52 secs] 
2012-05-23T07:47:55.072+0200: 130797.046: [GC [PSYoungGen: 1558752K->240792K(1862976K)] 3221184K->2064412K(6641664K), 0.5977609 secs] [Times: user=4.37 sys=0.00, real=0.59 secs] 
2012-05-23T07:48:12.778+0200: 130814.752: [GC [PSYoungGen: 1600600K->239735K(1900608K)] 3424220K->2279975K(6679296K), 0.5282188 secs] [Times: user=4.24 sys=0.00, real=0.53 secs] 
2012-05-23T07:48:32.013+0200: 130833.989: [GC [PSYoungGen: 1643511K->113257K(1892480K)] 3683751K->2387373K(6671168K), 0.4886272 secs] [Times: user=3.64 sys=0.00, real=0.48 secs] 
2012-05-23T07:48:59.345+0200: 130861.316: [GC [PSYoungGen: 1517033K->331831K(1862272K)] 3791149K->2679525K(6640960K), 0.5765486 secs] [Times: user=4.06 sys=0.00, real=0.58 secs] 
2012-05-23T07:49:16.583+0200: 130878.548: [GC [PSYoungGen: 1724663K->279838K(1672704K)] 4072357K->2922824K(6451392K), 0.6641393 secs] [Times: user=5.24 sys=0.00, real=0.65 secs] 
2012-05-23T07:49:31.840+0200: 130893.805: [GC [PSYoungGen: 1672670K->69048K(1896704K)] 4315656K->2983866K(6675392K), 0.5170006 secs] [Times: user=3.90 sys=0.00, real=0.52 secs] 
2012-05-23T07:49:56.535+0200: 130918.512: [GC [PSYoungGen: 1465080K->297659K(1693696K)] 4379898K->3260587K(6472384K), 0.4920160 secs] [Times: user=3.85 sys=0.00, real=0.50 secs] 
2012-05-23T07:50:21.916+0200: 130943.884: [GC [PSYoungGen: 1693691K->306017K(1866752K)] 4656619K->3533943K(6645440K), 0.6552087 secs] [Times: user=5.21 sys=0.00, real=0.66 secs] 
2012-05-23T07:50:36.206+0200: 130958.182: [GC [PSYoungGen: 1669537K->60087K(1876416K)] 4897463K->3576092K(6655104K), 0.5484342 secs] [Times: user=4.06 sys=0.00, real=0.56 secs] 
2012-05-23T07:50:59.341+0200: 130981.308: [GC [PSYoungGen: 1423607K->123685K(1901312K)] 4939612K->3659194K(6680000K), 0.2361010 secs] [Times: user=1.72 sys=0.00, real=0.23 secs] 
2012-05-23T07:51:24.723+0200: 131006.693: [GC [PSYoungGen: 1517413K->332212K(1725952K)] 5052922K->3948763K(6504640K), 0.5257500 secs] [Times: user=3.98 sys=0.00, real=0.53 secs] 
2012-05-23T07:51:33.599+0200: 131015.566: [GC [PSYoungGen: 1725940K->188186K(1906432K)] 5342491K->4100494K(6685120K), 0.6135895 secs] [Times: user=4.82 sys=0.00, real=0.61 secs] 
2012-05-23T07:52:00.837+0200: 131042.798: [GC [PSYoungGen: 1582810K->229249K(1877504K)] 5495118K->4323342K(6656192K), 0.5934049 secs] [Times: user=4.32 sys=0.00, real=0.59 secs] 
2012-05-23T07:52:21.757+0200: 131063.724: [GC [PSYoungGen: 1623873K->5696K(1909440K)] 5717966K->4108236K(6688128K), 0.0745503 secs] [Times: user=0.30 sys=0.00, real=0.08 secs] 
2012-05-23T07:53:28.292+0200: 131130.264: [GC [PSYoungGen: 1449600K->18688K(1916608K)] 5552140K->4126055K(6695296K), 0.0813388 secs] [Times: user=0.53 sys=0.00, real=0.09 secs] 
2012-05-23T07:54:34.530+0200: 131196.500: [GC [PSYoungGen: 1462592K->18688K(1923072K)] 5569959K->4142695K(6701760K), 0.1127463 secs] [Times: user=0.58 sys=0.00, real=0.13 secs] 
2012-05-23T07:55:22.829+0200: 131244.797: [GC [PSYoungGen: 1470144K->56354K(1917696K)] 5594151K->4197242K(6696384K), 0.1333662 secs] [Times: user=0.89 sys=0.00, real=0.14 secs] 
2012-05-23T07:55:36.229+0200: 131258.187: [GC [PSYoungGen: 1507810K->178830K(1955648K)] 5648698K->4360777K(6734336K), 0.3297347 secs] [Times: user=2.42 sys=0.00, real=0.33 secs] 
2012-05-23T07:56:52.249+0200: 131334.201: [GC [PSYoungGen: 1683470K->24549K(1938304K)] 5865417K->4353542K(6716992K), 0.5025635 secs] [Times: user=3.76 sys=0.00, real=0.50 secs] 
2012-05-23T07:59:07.908+0200: 131469.863: [GC [PSYoungGen: 1529189K->11458K(1972160K)] 5858182K->4364165K(6750848K), 0.0813495 secs] [Times: user=0.62 sys=0.00, real=0.08 secs] 
2012-05-23T08:01:16.750+0200: 131598.702: [GC [PSYoungGen: 1558082K->71872K(1963776K)] 5910789K->4431372K(6742464K), 0.1492916 secs] [Times: user=1.05 sys=0.00, real=0.16 secs] 
2012-05-23T08:01:54.955+0200: 131636.903: [GC [PSYoungGen: 1618496K->21081K(2005056K)] 5977996K->4441289K(6783744K), 0.1494452 secs] [Times: user=1.11 sys=0.00, real=0.14 secs] 
2012-05-23T08:03:47.402+0200: 131749.346: [GC [PSYoungGen: 1630105K->6394K(1993280K)] 6050313K->4426602K(6771968K), 0.0743829 secs] [Times: user=0.27 sys=0.00, real=0.08 secs] 
2012-05-23T08:05:34.669+0200: 131856.608: [GC [PSYoungGen: 1615418K->202611K(1992768K)] 6035626K->4622819K(6771456K), 0.3027426 secs] [Times: user=2.34 sys=0.00, real=0.30 secs] 
2012-05-23T08:10:42.398+0200: 132164.323: [GC [PSYoungGen: 1821747K->12333K(2004224K)] 6241955K->4432541K(6782912K), 0.0620460 secs] [Times: user=0.27 sys=0.00, real=0.06 secs] 
2012-05-23T08:15:21.938+0200: 132443.858: [GC [PSYoungGen: 1631469K->58132K(2036608K)] 6051677K->4478340K(6815296K), 0.1188477 secs] [Times: user=0.61 sys=0.00, real=0.11 secs] 
2012-05-23T08:17:42.605+0200: 132584.519: [GC [PSYoungGen: 1721236K->5574K(2015808K)] 6141444K->4425782K(6794496K), 0.0644662 secs] [Times: user=0.23 sys=0.00, real=0.06 secs] 
2012-05-23T08:25:22.031+0200: 133043.938: [GC [PSYoungGen: 1668678K->53779K(2067776K)] 6088886K->4473987K(6846464K), 0.1002025 secs] [Times: user=0.76 sys=0.00, real=0.11 secs] 
2012-05-23T08:27:37.284+0200: 133179.194: [GC [PSYoungGen: 1779667K->7142K(2047424K)] 6199875K->4427349K(6826112K), 0.0541276 secs] [Times: user=0.23 sys=0.00, real=0.05 secs] 
2012-05-23T08:30:46.602+0200: 133368.594: [GC [PSYoungGen: 1733030K->37197K(2096192K)] 6153237K->4457405K(6874880K), 0.0926077 secs] [Times: user=0.48 sys=0.00, real=0.09 secs] 
2012-05-23T08:31:39.417+0200: 133421.435: [GC [PSYoungGen: 1823053K->293091K(2078976K)] 6243261K->4736147K(6857664K), 0.4489039 secs] [Times: user=3.21 sys=0.00, real=0.45 secs] 
2012-05-23T08:32:10.809+0200: 133452.830: [GC-- [PSYoungGen: 2078947K->2078947K(2078976K)] 6522003K->6857627K(6857664K), 6.2500471 secs] [Times: user=12.67 sys=24.84, real=6.24 secs] 
2012-05-23T08:32:17.048+0200: 133459.080: [Full GC [PSYoungGen: 2078947K->0K(2078976K)] [PSOldGen: 4778680K->1586750K(4778688K)] 6857627K->1586750K(6857664K) [PSPermGen: 113042K->113042K(393216K)], 11.4115855 secs] [Times: user=11.36 sys=0.06, real=11.42 secs] 
2012-05-23T08:32:51.113+0200: 133493.148: [GC [PSYoungGen: 1785856K->310321K(1659136K)] 3372606K->2182835K(6437824K), 0.7981506 secs] [Times: user=6.30 sys=0.00, real=0.80 secs] 
2012-05-23T08:33:06.586+0200: 133508.626: [GC [PSYoungGen: 1659121K->445537K(1794368K)] 3531635K->2318051K(6573056K), 0.4538549 secs] [Times: user=3.52 sys=0.00, real=0.45 secs] 
2012-05-23T08:33:24.259+0200: 133526.300: [GC [PSYoungGen: 1794337K->588210K(1573696K)] 3666851K->2460724K(6352384K), 0.5686358 secs] [Times: user=4.45 sys=0.00, real=0.58 secs] 
2012-05-23T08:33:43.319+0200: 133545.361: [GC [PSYoungGen: 1568114K->704686K(1684608K)] 3440628K->2634201K(6463296K), 0.7669274 secs] [Times: user=5.96 sys=0.00, real=0.80 secs] 
2012-05-23T08:34:03.112+0200: 133565.152: [GC [PSYoungGen: 1684590K->704694K(1501184K)] 3614105K->2809130K(6279872K), 0.9471017 secs] [Times: user=7.61 sys=0.00, real=0.95 secs] 
2012-05-23T08:34:10.537+0200: 133572.584: [GC [PSYoungGen: 1501174K->669072K(1592896K)] 3605610K->3164284K(6371584K), 1.4235804 secs] [Times: user=11.48 sys=0.00, real=1.43 secs] 
2012-05-23T08:34:21.814+0200: 133583.856: [GC [PSYoungGen: 1465552K->796391K(1592896K)] 3960764K->3539307K(6371584K), 1.2120370 secs] [Times: user=9.50 sys=0.00, real=1.22 secs] 
2012-05-23T08:34:27.679+0200: 133589.716: [GC [PSYoungGen: 1592871K->508083K(1592896K)] 4335787K->3671313K(6371584K), 1.2634853 secs] [Times: user=9.33 sys=0.00, real=1.26 secs] 
2012-05-23T08:34:39.907+0200: 133601.948: [GC [PSYoungGen: 1304563K->36610K(1592896K)] 4467793K->3679658K(6371584K), 0.7156235 secs] [Times: user=5.51 sys=0.00, real=0.72 secs] 
2012-05-23T08:34:58.406+0200: 133620.455: [GC [PSYoungGen: 833090K->102752K(1592896K)] 4476138K->3778592K(6371584K), 0.3056584 secs] [Times: user=2.50 sys=0.00, real=0.31 secs] 
2012-05-23T08:35:18.699+0200: 133640.755: [GC [PSYoungGen: 899232K->135231K(1592896K)] 4575072K->3902060K(6371584K), 0.3159617 secs] [Times: user=1.72 sys=0.00, real=0.33 secs] 
2012-05-23T08:35:24.018+0200: 133646.076: [GC [PSYoungGen: 931711K->173767K(1592896K)] 4698540K->4049160K(6371584K), 0.3567217 secs] [Times: user=2.75 sys=0.00, real=0.36 secs] 
2012-05-23T08:35:30.600+0200: 133652.648: [GC [PSYoungGen: 970247K->156879K(1592896K)] 4845640K->4196853K(6371584K), 0.4423110 secs] [Times: user=3.40 sys=0.00, real=0.44 secs] 
2012-05-23T08:35:36.199+0200: 133658.251: [GC [PSYoungGen: 953359K->216170K(1592896K)] 4993333K->4397950K(6371584K), 0.4700087 secs] [Times: user=3.74 sys=0.00, real=0.47 secs] 
2012-05-23T08:35:43.577+0200: 133665.633: [GC [PSYoungGen: 1012650K->95042K(1592896K)] 5194430K->4448525K(6371584K), 0.4906009 secs] [Times: user=3.70 sys=0.00, real=0.50 secs] 
2012-05-23T08:35:44.076+0200: 133666.123: [Full GC [PSYoungGen: 95042K->0K(1592896K)] [PSOldGen: 4353483K->1049073K(4778688K)] 4448525K->1049073K(6371584K) [PSPermGen: 113046K->112996K(393216K)], 6.6004913 secs] [Times: user=6.60 sys=0.00, real=6.60 secs] 
2012-05-23T08:36:02.326+0200: 133684.385: [GC [PSYoungGen: 796480K->214162K(1592896K)] 1845553K->1263236K(6371584K), 0.2953403 secs] [Times: user=2.37 sys=0.00, real=0.30 secs] 
2012-05-23T08:36:17.190+0200: 133699.246: [GC [PSYoungGen: 1010642K->217149K(1592896K)] 2059716K->1469374K(6371584K), 0.5457714 secs] [Times: user=4.37 sys=0.00, real=0.55 secs] 
2012-05-23T08:36:31.462+0200: 133713.526: [GC [PSYoungGen: 1013629K->125618K(1592896K)] 2265854K->1554458K(6371584K), 0.4841488 secs] [Times: user=3.70 sys=0.00, real=0.48 secs] 
2012-05-23T08:36:43.160+0200: 133725.216: [GC [PSYoungGen: 922098K->244182K(1635648K)] 2350938K->1764171K(6414336K), 0.4683109 secs] [Times: user=3.68 sys=0.02, real=0.47 secs] 
2012-05-23T08:36:56.746+0200: 133738.807: [GC [PSYoungGen: 1083414K->244202K(1592896K)] 2603403K->1986367K(6371584K), 0.6124586 secs] [Times: user=4.87 sys=0.00, real=0.61 secs] 
2012-05-23T08:37:09.007+0200: 133751.076: [GC [PSYoungGen: 1083434K->128555K(1708032K)] 2825599K->2060678K(6486720K), 0.6591679 secs] [Times: user=5.12 sys=0.00, real=0.67 secs] 
2012-05-23T08:37:26.166+0200: 133768.232: [GC [PSYoungGen: 1131243K->148276K(1683968K)] 3063366K->2091407K(6462656K), 0.2577459 secs] [Times: user=1.95 sys=0.00, real=0.27 secs] 
2012-05-23T08:37:42.046+0200: 133784.108: [GC [PSYoungGen: 1150964K->150485K(1764800K)] 3094095K->2093801K(6543488K), 0.2201244 secs] [Times: user=1.65 sys=0.00, real=0.22 secs] 
2012-05-23T08:38:01.436+0200: 133803.509: [GC [PSYoungGen: 1262357K->92458K(1736384K)] 3205673K->2035942K(6515072K), 0.1540751 secs] [Times: user=1.11 sys=0.00, real=0.16 secs] 
2012-05-23T08:38:20.390+0200: 133822.453: [GC [PSYoungGen: 1204330K->92906K(1802368K)] 3147814K->2036699K(6581056K), 0.1428083 secs] [Times: user=1.11 sys=0.00, real=0.14 secs] 
2012-05-23T08:38:41.823+0200: 133843.886: [GC [PSYoungGen: 1288326K->89465K(1782656K)] 3232119K->2033538K(6561344K), 0.1456759 secs] [Times: user=0.92 sys=0.00, real=0.16 secs] 
2012-05-23T08:39:02.009+0200: 133864.071: [GC [PSYoungGen: 1285177K->335726K(1788864K)] 3229250K->2344146K(6567552K), 0.5237302 secs] [Times: user=4.12 sys=0.00, real=0.51 secs] 
2012-05-23T08:39:22.241+0200: 133884.316: [GC [PSYoungGen: 1557934K->258008K(1805760K)] 3566354K->2532876K(6584448K), 0.6893574 secs] [Times: user=5.29 sys=0.00, real=0.70 secs] 
2012-05-23T08:39:45.344+0200: 133907.404: [GC [PSYoungGen: 1480216K->45233K(1831424K)] 3755084K->2327743K(6610112K), 0.1116665 secs] [Times: user=0.72 sys=0.00, real=0.11 secs] 
2012-05-23T08:40:17.432+0200: 133939.508: [GC [PSYoungGen: 1310641K->316531K(1581952K)] 3593151K->2636049K(6360640K), 0.5144268 secs] [Times: user=3.76 sys=0.00, real=0.50 secs] 
2012-05-23T08:40:36.619+0200: 133958.689: [GC [PSYoungGen: 1581939K->211595K(1855424K)] 3901457K->2754440K(6634112K), 1.1438092 secs] [Times: user=8.95 sys=0.00, real=1.14 secs] 
2012-05-23T08:40:59.082+0200: 133981.144: [GC [PSYoungGen: 1499595K->135998K(1821888K)] 4042440K->2852605K(6600576K), 0.5863445 secs] [Times: user=4.57 sys=0.00, real=0.58 secs] 
2012-05-23T08:41:23.027+0200: 134005.101: [GC [PSYoungGen: 1423998K->189413K(1906624K)] 4140605K->2906308K(6685312K), 0.2818509 secs] [Times: user=2.11 sys=0.00, real=0.28 secs] 
2012-05-23T08:41:51.309+0200: 134033.383: [GC [PSYoungGen: 1583333K->234615K(1876608K)] 4300228K->2951669K(6655296K), 0.3393499 secs] [Times: user=2.72 sys=0.00, real=0.34 secs] 
2012-05-23T08:42:16.893+0200: 134058.965: [GC [PSYoungGen: 1628535K->241626K(1932928K)] 4345589K->2958968K(6711616K), 0.3741012 secs] [Times: user=2.87 sys=0.00, real=0.37 secs] 
2012-05-23T08:45:27.774+0200: 134249.846: [GC [PSYoungGen: 1706522K->74219K(1921280K)] 4423864K->2796585K(6699968K), 0.1209627 secs] [Times: user=0.98 sys=0.00, real=0.13 secs] 
2012-05-23T08:47:41.248+0200: 134383.306: [GC [PSYoungGen: 1539115K->4128K(1924352K)] 4261481K->2727480K(6703040K), 0.0484225 secs] [Times: user=0.09 sys=0.00, real=0.05 secs] 
2012-05-23T08:48:20.342+0200: 134422.407: [GC [PSYoungGen: 1475040K->256258K(1727232K)] 4198392K->2979611K(6505920K), 0.3567401 secs] [Times: user=2.72 sys=0.00, real=0.36 secs] 
2012-05-23T08:48:41.543+0200: 134443.605: [GC [PSYoungGen: 1727170K->157280K(1951808K)] 4450523K->2880633K(6730496K), 0.1906251 secs] [Times: user=1.43 sys=0.00, real=0.19 secs] 
2012-05-23T08:49:07.018+0200: 134469.078: [GC [PSYoungGen: 1647712K->194744K(1927936K)] 4371065K->2918097K(6706624K), 0.2328586 secs] [Times: user=1.72 sys=0.00, real=0.23 secs] 
2012-05-23T08:49:33.288+0200: 134495.346: [GC [PSYoungGen: 1685176K->417464K(1715968K)] 4408529K->3313769K(6494656K), 0.8288915 secs] [Times: user=6.49 sys=0.00, real=0.83 secs] 
2012-05-23T08:49:52.695+0200: 134514.748: [GC [PSYoungGen: 1715960K->545404K(1843904K)] 4612265K->3622287K(6622592K), 0.9050326 secs] [Times: user=7.16 sys=0.00, real=0.90 secs] 
2012-05-23T08:50:38.029+0200: 134560.085: [GC [PSYoungGen: 1843900K->522090K(1435840K)] 4920783K->3739374K(6214528K), 0.8484536 secs] [Times: user=6.11 sys=0.02, real=0.84 secs] 
2012-05-23T08:51:01.476+0200: 134583.539: [GC [PSYoungGen: 1412522K->238018K(1639872K)] 4629806K->3912895K(6418560K), 1.0021616 secs] [Times: user=7.82 sys=0.00, real=1.01 secs] 
2012-05-23T08:51:18.230+0200: 134600.288: [GC [PSYoungGen: 1128450K->438816K(1650368K)] 4803327K->4272049K(6429056K), 0.8276356 secs] [Times: user=6.44 sys=0.00, real=0.83 secs] 
2012-05-23T08:51:43.253+0200: 134625.317: [GC [PSYoungGen: 1374944K->307858K(1662720K)] 5208177K->4433349K(6441408K), 1.5715603 secs] [Times: user=12.36 sys=0.00, real=1.58 secs] 
2012-05-23T08:51:47.496+0200: 134629.551: [GC [PSYoungGen: 1243986K->104048K(1707648K)] 5369477K->4502714K(6486336K), 0.4849956 secs] [Times: user=3.87 sys=0.00, real=0.48 secs] 
2012-05-23T08:51:47.979+0200: 134630.036: [Full GC [PSYoungGen: 104048K->0K(1707648K)] [PSOldGen: 4398666K->1079167K(4778688K)] 4502714K->1079167K(6486336K) [PSPermGen: 112999K->112999K(393216K)], 5.2224288 secs] [Times: user=5.23 sys=0.00, real=5.23 secs] 
2012-05-23T08:52:11.692+0200: 134653.750: [GC [PSYoungGen: 1022400K->172823K(1704064K)] 2101567K->1251990K(6482752K), 0.2317767 secs] [Times: user=1.78 sys=0.00, real=0.23 secs] 
2012-05-23T08:52:25.888+0200: 134667.949: [GC [PSYoungGen: 1195223K->394136K(1716864K)] 2274390K->1584409K(6495552K), 0.7110279 secs] [Times: user=5.62 sys=0.00, real=0.72 secs] 
2012-05-23T08:52:40.411+0200: 134682.463: [GC [PSYoungGen: 1449688K->287097K(1722432K)] 2639961K->1831106K(6501120K), 0.7824750 secs] [Times: user=6.24 sys=0.00, real=0.78 secs] 
2012-05-23T08:53:20.192+0200: 134722.250: [GC [PSYoungGen: 1342649K->119764K(1766144K)] 2886658K->1941094K(6544832K), 0.6561267 secs] [Times: user=4.82 sys=0.00, real=0.65 secs] 
2012-05-23T08:54:20.564+0200: 134782.612: [GC [PSYoungGen: 1256852K->177783K(1760256K)] 3078182K->2117705K(6538944K), 0.3304090 secs] [Times: user=2.31 sys=0.00, real=0.33 secs] 
2012-05-23T08:54:42.841+0200: 134804.897: [GC [PSYoungGen: 1314871K->464784K(1703360K)] 3254793K->2518516K(6482048K), 0.7728148 secs] [Times: user=6.02 sys=0.00, real=0.78 secs] 
2012-05-23T08:55:10.796+0200: 134832.853: [GC [PSYoungGen: 1564624K->360598K(1744576K)] 3618356K->2710980K(6523264K), 1.4915051 secs] [Times: user=9.66 sys=0.00, real=1.50 secs] 
2012-05-23T08:55:19.345+0200: 134841.390: [GC [PSYoungGen: 1460438K->107718K(1755584K)] 3810820K->2772396K(6534272K), 0.7255950 secs] [Times: user=3.99 sys=0.00, real=0.72 secs] 
2012-05-23T08:55:28.097+0200: 134850.143: [GC [PSYoungGen: 1225478K->135807K(1751488K)] 3890156K->2906448K(6530176K), 0.3089853 secs] [Times: user=2.37 sys=0.00, real=0.30 secs] 
2012-05-23T08:55:37.098+0200: 134859.147: [GC [PSYoungGen: 1253567K->251422K(1804160K)] 4024208K->3131400K(6582848K), 0.4639580 secs] [Times: user=3.73 sys=0.00, real=0.47 secs] 
2012-05-23T08:55:50.311+0200: 134872.361: [GC [PSYoungGen: 1435166K->333335K(1768896K)] 4315144K->3406760K(6547584K), 0.6943549 secs] [Times: user=5.37 sys=0.00, real=0.69 secs] 
2012-05-23T08:56:06.130+0200: 134888.180: [GC [PSYoungGen: 1517079K->324377K(1818112K)] 4590504K->3730082K(6596800K), 0.7796201 secs] [Times: user=6.24 sys=0.00, real=0.78 secs] 
2012-05-23T08:56:55.473+0200: 134937.521: [GC [PSYoungGen: 1561817K->130712K(1808640K)] 4967522K->3851233K(6587328K), 0.6945776 secs] [Times: user=5.12 sys=0.00, real=0.69 secs] 
2012-05-23T08:57:27.313+0200: 134969.358: [GC [PSYoungGen: 1368152K->235860K(1851776K)] 5088673K->4082615K(6630464K), 0.4133334 secs] [Times: user=3.09 sys=0.00, real=0.41 secs] 
2012-05-23T08:57:43.927+0200: 134985.970: [GC [PSYoungGen: 1522772K->537505K(1824448K)] 5369527K->4609733K(6603136K), 0.9422491 secs] [Times: user=7.41 sys=0.00, real=0.94 secs] 
2012-05-23T08:58:08.264+0200: 135010.308: [GC [PSYoungGen: 1824417K->146432K(1583808K)] 5896645K->4700965K(6362496K), 1.1813888 secs] [Times: user=9.38 sys=0.00, real=1.18 secs] 
2012-05-23T08:58:09.449+0200: 135011.489: [Full GC [PSYoungGen: 146432K->0K(1583808K)] [PSOldGen: 4554533K->1209632K(4778688K)] 4700965K->1209632K(6362496K) [PSPermGen: 113002K->113002K(393216K)], 5.3081323 secs] [Times: user=5.29 sys=0.02, real=5.30 secs] 
2012-05-23T08:58:34.924+0200: 135036.976: [GC [PSYoungGen: 1018944K->180721K(1704128K)] 2228576K->1390353K(6482816K), 0.2569974 secs] [Times: user=1.89 sys=0.00, real=0.26 secs] 
2012-05-23T08:58:51.663+0200: 135053.709: [GC [PSYoungGen: 1199665K->430888K(1689536K)] 2409297K->1758113K(6468224K), 0.7483580 secs] [Times: user=5.69 sys=0.00, real=0.75 secs] 
2012-05-23T08:59:04.393+0200: 135066.435: [GC [PSYoungGen: 1456360K->262022K(1707392K)] 2783585K->1967382K(6486080K), 0.8143351 secs] [Times: user=6.49 sys=0.00, real=0.81 secs] 
2012-05-23T08:59:47.184+0200: 135109.225: [GC [PSYoungGen: 1287494K->120833K(1747712K)] 2992854K->2061545K(6526400K), 0.5965940 secs] [Times: user=4.38 sys=0.00, real=0.59 secs] 
2012-05-23T09:00:25.124+0200: 135147.168: [GC [PSYoungGen: 1220033K->197667K(1740800K)] 3160745K->2256671K(6519488K), 0.3524461 secs] [Times: user=2.57 sys=0.00, real=0.36 secs] 
2012-05-23T09:00:54.343+0200: 135176.388: [GC [PSYoungGen: 1296867K->438037K(1714688K)] 3355871K->2624968K(6493376K), 0.7406127 secs] [Times: user=5.99 sys=0.00, real=0.75 secs] 
2012-05-23T09:01:18.149+0200: 135200.192: [GC [PSYoungGen: 1535061K->363436K(1743168K)] 3721992K->2860875K(6521856K), 1.4297473 secs] [Times: user=11.47 sys=0.00, real=1.44 secs] 
2012-05-23T09:01:29.693+0200: 135211.729: [GC [PSYoungGen: 1460460K->112141K(1754112K)] 3957899K->2914540K(6532800K), 0.5461508 secs] [Times: user=4.13 sys=0.00, real=0.55 secs] 
2012-05-23T09:01:54.576+0200: 135236.614: [GC [PSYoungGen: 1226701K->266804K(1749760K)] 4029100K->3159410K(6528448K), 0.5002488 secs] [Times: user=3.99 sys=0.00, real=0.50 secs] 
2012-05-23T09:02:15.496+0200: 135257.536: [GC [PSYoungGen: 1381364K->468643K(1709696K)] 4273970K->3593350K(6488384K), 0.8448963 secs] [Times: user=6.74 sys=0.00, real=0.84 secs] 
2012-05-23T09:02:40.113+0200: 135282.154: [GC [PSYoungGen: 1578211K->84961K(1194560K)] 4702918K->3578900K(5973248K), 1.0436057 secs] [Times: user=8.03 sys=0.00, real=1.05 secs] 
2012-05-23T09:03:48.254+0200: 135350.285: [GC [PSYoungGen: 1194529K->186684K(1771392K)] 4688468K->3720157K(6550080K), 0.4389242 secs] [Times: user=3.34 sys=0.00, real=0.44 secs] 
2012-05-23T09:04:11.109+0200: 135373.146: [GC [PSYoungGen: 1317692K->268312K(1748928K)] 4851165K->3953930K(6527616K), 0.5108542 secs] [Times: user=4.12 sys=0.00, real=0.51 secs] 
2012-05-23T09:04:26.787+0200: 135388.823: [GC [PSYoungGen: 1399320K->415713K(1756544K)] 5084938K->4302703K(6535232K), 1.5583858 secs] [Times: user=12.47 sys=0.00, real=1.56 secs] 
2012-05-23T09:04:49.828+0200: 135411.858: [GC [PSYoungGen: 1587873K->143696K(1780736K)] 5474863K->4441013K(6559424K), 0.7393143 secs] [Times: user=5.85 sys=0.00, real=0.73 secs] 
2012-05-23T09:04:50.561+0200: 135412.597: [Full GC [PSYoungGen: 143696K->0K(1780736K)] [PSOldGen: 4297317K->1239636K(4778688K)] 4441013K->1239636K(6559424K) [PSPermGen: 113002K->113002K(393216K)], 5.1794801 secs] [Times: user=5.18 sys=0.00, real=5.18 secs] 
2012-05-23T09:05:24.383+0200: 135446.413: [GC [PSYoungGen: 1171717K->162267K(1806528K)] 2411353K->1401904K(6585216K), 0.3243957 secs] [Times: user=1.56 sys=0.00, real=0.33 secs] 
2012-05-23T09:05:32.838+0200: 135454.872: [GC [PSYoungGen: 1370203K->151304K(1790720K)] 2609840K->1544137K(6569408K), 0.4616724 secs] [Times: user=3.09 sys=0.00, real=0.47 secs] 
2012-05-23T09:05:41.387+0200: 135463.425: [GC [PSYoungGen: 1359240K->297091K(1834560K)] 2752073K->1825000K(6613248K), 0.6122655 secs] [Times: user=4.34 sys=0.00, real=0.62 secs] 
2012-05-23T09:05:55.661+0200: 135477.694: [GC [PSYoungGen: 1564035K->436989K(1703936K)] 3091944K->2218595K(6482624K), 0.8750038 secs] [Times: user=6.57 sys=0.00, real=0.87 secs] 
2012-05-23T09:06:13.321+0200: 135495.352: [GC [PSYoungGen: 1703933K->122400K(1803456K)] 3485539K->2249104K(6582144K), 1.0374940 secs] [Times: user=8.22 sys=0.00, real=1.03 secs] 
2012-05-23T09:07:11.260+0200: 135553.290: [GC [PSYoungGen: 1332384K->212173K(1795840K)] 3459088K->2409877K(6574528K), 0.3603497 secs] [Times: user=2.62 sys=0.00, real=0.36 secs] 
2012-05-23T09:07:38.544+0200: 135580.568: [GC [PSYoungGen: 1422157K->208820K(1853568K)] 3619861K->2612940K(6632256K), 0.4836752 secs] [Times: user=3.71 sys=0.00, real=0.48 secs] 
2012-05-23T09:07:54.628+0200: 135596.654: [GC [PSYoungGen: 1502644K->535721K(1829568K)] 3906764K->3136663K(6608256K), 0.9972808 secs] [Times: user=7.44 sys=0.00, real=1.00 secs] 
2012-05-23T09:08:18.481+0200: 135620.504: [GC [PSYoungGen: 1829545K->333726K(1624640K)] 4430487K->3388352K(6403328K), 0.9258342 secs] [Times: user=7.21 sys=0.00, real=0.92 secs] 
2012-05-23T09:08:22.709+0200: 135624.739: [GC [PSYoungGen: 1398622K->44566K(1109504K)] 4453248K->3379680K(5888192K), 0.4763297 secs] [Times: user=3.70 sys=0.00, real=0.48 secs] 
2012-05-23T09:08:41.242+0200: 135643.272: [GC [PSYoungGen: 1109462K->177730K(1743808K)] 4444576K->3556941K(6522496K), 0.3230696 secs] [Times: user=2.37 sys=0.00, real=0.33 secs] 
2012-05-23T09:08:57.637+0200: 135659.659: [GC [PSYoungGen: 1252610K->282318K(1720384K)] 4631821K->3785919K(6499072K), 0.6169958 secs] [Times: user=4.62 sys=0.00, real=0.61 secs] 
2012-05-23T09:09:07.232+0200: 135669.263: [GC [PSYoungGen: 1357198K->430117K(1722880K)] 4860799K->4173301K(6501568K), 0.8844506 secs] [Times: user=6.72 sys=0.00, real=0.89 secs] 
2012-05-23T09:09:20.351+0200: 135682.372: [GC [PSYoungGen: 1538661K->239465K(1748928K)] 5281845K->4400244K(6527616K), 1.0655716 secs] [Times: user=6.85 sys=0.00, real=1.06 secs] 
2012-05-23T09:09:37.621+0200: 135699.646: [GC [PSYoungGen: 1330941K->61889K(1771072K)] 5491720K->4415267K(6549760K), 0.5887519 secs] [Times: user=4.48 sys=0.02, real=0.59 secs] 
2012-05-23T09:09:38.214+0200: 135700.235: [Full GC [PSYoungGen: 61889K->0K(1771072K)] [PSOldGen: 4353378K->1421086K(4778688K)] 4415267K->1421086K(6549760K) [PSPermGen: 113010K->112900K(393216K)], 8.3148153 secs] [Times: user=8.30 sys=0.00, real=8.31 secs] 
2012-05-23T09:11:03.656+0200: 135785.676: [GC [PSYoungGen: 1159360K->138982K(1774336K)] 2580446K->1560068K(6553024K), 0.2842434 secs] [Times: user=1.72 sys=0.00, real=0.28 secs] 
2012-05-23T09:11:16.900+0200: 135798.927: [GC [PSYoungGen: 1298342K->246717K(1824896K)] 2719428K->1791734K(6603584K), 0.4303504 secs] [Times: user=3.24 sys=0.00, real=0.44 secs] 
2012-05-23T09:11:29.006+0200: 135811.033: [GC [PSYoungGen: 1472637K->327507K(1790336K)] 3017654K->2079157K(6569024K), 0.9087132 secs] [Times: user=6.93 sys=0.00, real=0.92 secs] 
2012-05-23T09:11:40.597+0200: 135822.624: [GC [PSYoungGen: 1553427K->159598K(1841344K)] 3305077K->2229504K(6620032K), 0.6615230 secs] [Times: user=5.04 sys=0.00, real=0.67 secs] 
2012-05-23T09:11:55.152+0200: 135837.174: [GC [PSYoungGen: 1437806K->342436K(1826176K)] 3507712K->2556640K(6604864K), 0.6435215 secs] [Times: user=4.93 sys=0.00, real=0.64 secs] 
2012-05-23T09:12:07.507+0200: 135849.522: [GC [PSYoungGen: 1620644K->294855K(1849920K)] 3834848K->2818251K(6628608K), 0.8226150 secs] [Times: user=6.19 sys=0.00, real=0.81 secs] 
2012-05-23T09:12:29.129+0200: 135871.147: [GC [PSYoungGen: 1590663K->207397K(1835200K)] 4114059K->2984241K(6613888K), 0.7023378 secs] [Times: user=5.26 sys=0.00, real=0.70 secs] 
2012-05-23T09:12:53.232+0200: 135895.258: [GC [PSYoungGen: 1503205K->395271K(1817344K)] 4280049K->3366948K(6596032K), 0.9069612 secs] [Times: user=6.12 sys=0.00, real=0.92 secs] 
2012-05-23T09:13:09.300+0200: 135911.324: [GC [PSYoungGen: 1692871K->545852K(1843456K)] 4664548K->4083292K(6622144K), 1.5880116 secs] [Times: user=11.78 sys=0.00, real=1.59 secs] 
2012-05-23T09:13:17.147+0200: 135919.161: [GC [PSYoungGen: 1843452K->516032K(1342336K)] 5380892K->4501228K(6121024K), 1.4072879 secs] [Times: user=8.70 sys=0.00, real=1.40 secs] 
2012-05-23T09:13:41.873+0200: 135943.889: [GC [PSYoungGen: 1312512K->184098K(1592896K)] 5297708K->4683054K(6371584K), 1.0094360 secs] [Times: user=6.54 sys=0.00, real=1.01 secs] 
2012-05-23T09:13:42.887+0200: 135944.899: [Full GC [PSYoungGen: 184098K->0K(1592896K)] [PSOldGen: 4498956K->1082832K(4778688K)] 4683054K->1082832K(6371584K) [PSPermGen: 112903K->112903K(393216K)], 5.1016146 secs] [Times: user=5.09 sys=0.00, real=5.10 secs] 
2012-05-23T09:13:50.625+0200: 135952.638: [GC [PSYoungGen: 796480K->212077K(1592896K)] 1879312K->1294909K(6371584K), 0.2790892 secs] [Times: user=2.14 sys=0.00, real=0.28 secs] 
2012-05-23T09:13:52.419+0200: 135954.444: [GC [PSYoungGen: 1008557K->10027K(1592896K)] 2091389K->1304656K(6371584K), 0.2373165 secs] [Times: user=1.93 sys=0.00, real=0.25 secs] 
2012-05-23T09:13:54.088+0200: 135956.111: [GC [PSYoungGen: 806507K->12881K(1592896K)] 2101136K->1316414K(6371584K), 0.0385707 secs] [Times: user=0.38 sys=0.00, real=0.05 secs] 
2012-05-23T09:14:01.685+0200: 135963.700: [GC [PSYoungGen: 809361K->140712K(1592896K)] 2112894K->1452293K(6371584K), 0.2190625 secs] [Times: user=1.69 sys=0.00, real=0.22 secs] 
2012-05-23T09:14:08.518+0200: 135970.533: [GC [PSYoungGen: 937192K->175335K(1647616K)] 2248773K->1608901K(6426304K), 0.5122908 secs] [Times: user=3.76 sys=0.00, real=0.52 secs] 
2012-05-23T09:14:16.677+0200: 135978.697: [GC [PSYoungGen: 1043943K->139040K(1610304K)] 2477509K->1742676K(6388992K), 0.3881297 secs] [Times: user=3.04 sys=0.00, real=0.39 secs] 
2012-05-23T09:14:23.385+0200: 135985.404: [GC [PSYoungGen: 1007648K->224061K(1721536K)] 2611284K->1939566K(6500224K), 0.4409113 secs] [Times: user=3.31 sys=0.00, real=0.44 secs] 
2012-05-23T09:14:35.241+0200: 135997.255: [GC [PSYoungGen: 1233597K->126340K(1677312K)] 2949102K->2027585K(6456000K), 0.4678506 secs] [Times: user=3.56 sys=0.00, real=0.47 secs] 
2012-05-23T09:14:45.085+0200: 136007.097: [GC [PSYoungGen: 1135876K->241708K(1781760K)] 3037121K->2265847K(6560448K), 0.4569463 secs] [Times: user=3.62 sys=0.00, real=0.45 secs] 
2012-05-23T09:14:55.615+0200: 136017.633: [GC [PSYoungGen: 1379372K->179616K(1745216K)] 3403511K->2442578K(6523904K), 0.6317985 secs] [Times: user=4.74 sys=0.02, real=0.64 secs] 
2012-05-23T09:15:11.309+0200: 136033.332: [GC [PSYoungGen: 1317280K->225984K(1845888K)] 3580242K->2641030K(6624576K), 0.7269891 secs] [Times: user=4.46 sys=0.00, real=0.73 secs] 
2012-05-23T09:15:25.599+0200: 136047.620: [GC [PSYoungGen: 1493696K->257328K(1811136K)] 3908742K->2884855K(6589824K), 0.8390975 secs] [Times: user=4.49 sys=0.00, real=0.84 secs] 
2012-05-23T09:15:32.619+0200: 136054.632: [GC [PSYoungGen: 1525040K->210768K(1892352K)] 4152567K->3073440K(6671040K), 0.6122154 secs] [Times: user=4.77 sys=0.00, real=0.61 secs] 
2012-05-23T09:15:40.637+0200: 136062.657: [GC [PSYoungGen: 1579408K->350901K(1865600K)] 4442080K->3412831K(6644288K), 0.7558044 secs] [Times: user=5.96 sys=0.00, real=0.76 secs] 
2012-05-23T09:15:45.723+0200: 136067.744: [GC [PSYoungGen: 1719541K->468167K(1758784K)] 4781471K->3857080K(6537472K), 1.1036400 secs] [Times: user=8.63 sys=0.00, real=1.11 secs] 
2012-05-23T09:15:52.026+0200: 136074.033: [GC [PSYoungGen: 1710855K->417668K(1660416K)] 5099768K->4212612K(6439104K), 1.0685222 secs] [Times: user=8.49 sys=0.00, real=1.06 secs] 
2012-05-23T09:16:00.169+0200: 136082.190: [GC [PSYoungGen: 1660356K->429705K(1741056K)] 5455300K->4632364K(6519744K), 0.9465657 secs] [Times: user=7.60 sys=0.00, real=0.95 secs] 
2012-05-23T09:16:04.849+0200: 136086.856: [GC [PSYoungGen: 1570889K->392130K(1533376K)] 5773548K->4881553K(6312064K), 0.8265292 secs] [Times: user=6.46 sys=0.00, real=0.83 secs] 
2012-05-23T09:16:05.676+0200: 136087.682: [Full GC [PSYoungGen: 392130K->0K(1533376K)] [PSOldGen: 4489423K->2909528K(4778688K)] 4881553K->2909528K(6312064K) [PSPermGen: 112937K->112937K(393216K)], 18.2997874 secs] [Times: user=18.27 sys=0.03, real=18.30 secs] 
2012-05-23T09:16:27.984+0200: 136109.994: [GC [PSYoungGen: 1141184K->298885K(1793472K)] 4050712K->3208413K(6572160K), 0.4108892 secs] [Times: user=3.17 sys=0.00, real=0.41 secs] 
2012-05-23T09:16:34.957+0200: 136116.963: [GC [PSYoungGen: 1464517K->116190K(1761472K)] 4374045K->3285675K(6540160K), 0.7961584 secs] [Times: user=5.51 sys=0.00, real=0.80 secs] 
2012-05-23T09:16:42.601+0200: 136124.609: [GC [PSYoungGen: 1281822K->262728K(1819200K)] 4451307K->3543775K(6597888K), 0.6771367 secs] [Times: user=5.27 sys=0.00, real=0.67 secs] 
2012-05-23T09:16:53.693+0200: 136135.713: [GC [PSYoungGen: 1469529K->196487K(1791232K)] 4750576K->3539012K(6569920K), 0.4068798 secs] [Times: user=2.71 sys=0.02, real=0.42 secs] 
2012-05-23T09:17:01.462+0200: 136143.477: [GC [PSYoungGen: 1417607K->301906K(1851136K)] 4760132K->3790927K(6629824K), 0.5418547 secs] [Times: user=3.90 sys=0.00, real=0.55 secs] 
2012-05-23T09:17:12.663+0200: 136154.675: [GC [PSYoungGen: 1597330K->116872K(1833600K)] 5086351K->3800854K(6612288K), 0.4520025 secs] [Times: user=3.54 sys=0.00, real=0.45 secs] 
2012-05-23T09:17:23.224+0200: 136165.230: [GC [PSYoungGen: 1412296K->357237K(1834112K)] 5096278K->4071643K(6612800K), 0.7049551 secs] [Times: user=5.60 sys=0.00, real=0.70 secs] 
2012-05-23T09:17:35.658+0200: 136177.663: [GC [PSYoungGen: 1652405K->191558K(1842240K)] 5366811K->4086550K(6620928K), 0.6415601 secs] [Times: user=4.85 sys=0.00, real=0.64 secs] 
2012-05-23T09:17:44.799+0200: 136186.805: [GC [PSYoungGen: 1486726K->312135K(1865216K)] 5381718K->4266365K(6643904K), 0.5181229 secs] [Times: user=4.10 sys=0.00, real=0.51 secs] 
2012-05-23T09:17:52.600+0200: 136194.607: [GC [PSYoungGen: 1644743K->108393K(1856704K)] 5598973K->4221568K(6635392K), 0.5100365 secs] [Times: user=3.20 sys=0.00, real=0.51 secs] 
2012-05-23T09:18:06.437+0200: 136208.443: [GC [PSYoungGen: 1441001K->211348K(1884672K)] 5554176K->4415391K(6663360K), 0.4576769 secs] [Times: user=3.57 sys=0.00, real=0.45 secs] 
2012-05-23T09:18:16.639+0200: 136218.652: [GC [PSYoungGen: 1570708K->187179K(1864000K)] 5774751K->4530335K(6642688K), 0.6076668 secs] [Times: user=4.77 sys=0.00, real=0.61 secs] 
2012-05-23T09:18:29.026+0200: 136231.035: [GC [PSYoungGen: 1546539K->269812K(1914432K)] 5889695K->4715403K(6693120K), 0.5358260 secs] [Times: user=4.24 sys=0.00, real=0.53 secs] 
2012-05-23T09:18:29.556+0200: 136231.571: [Full GC [PSYoungGen: 269812K->0K(1914432K)] [PSOldGen: 4445591K->1383742K(4778688K)] 4715403K->1383742K(6693120K) [PSPermGen: 112943K->112943K(393216K)], 6.7439083 secs] [Times: user=6.75 sys=0.00, real=6.76 secs] 
2012-05-23T09:18:47.777+0200: 136249.785: [GC [PSYoungGen: 1425344K->282782K(1900224K)] 2809086K->1666524K(6678912K), 0.4063852 secs] [Times: user=3.23 sys=0.00, real=0.41 secs] 
2012-05-23T09:18:58.604+0200: 136260.619: [GC [PSYoungGen: 1708126K->221178K(1940416K)] 3091868K->1811132K(6719104K), 0.7844902 secs] [Times: user=6.36 sys=0.00, real=0.80 secs] 
2012-05-23T09:19:14.844+0200: 136276.858: [GC [PSYoungGen: 1695418K->149757K(1923136K)] 3285372K->1898744K(6701824K), 0.5177184 secs] [Times: user=4.24 sys=0.00, real=0.53 secs] 
2012-05-23T09:19:28.073+0200: 136290.081: [GC [PSYoungGen: 1623997K->280926K(1948736K)] 3372984K->2124766K(6727424K), 0.5087161 secs] [Times: user=4.04 sys=0.00, real=0.52 secs] 
2012-05-23T09:19:42.129+0200: 136304.136: [GC [PSYoungGen: 1784926K->381310K(1885312K)] 3628766K->2448887K(6664000K), 0.8213355 secs] [Times: user=6.61 sys=0.00, real=0.83 secs] 
2012-05-23T09:19:55.607+0200: 136317.622: [GC [PSYoungGen: 1885310K->235719K(1935232K)] 3952887K->2608146K(6713920K), 0.7882144 secs] [Times: user=6.24 sys=0.02, real=0.80 secs] 
2012-05-23T09:20:12.409+0200: 136334.415: [GC [PSYoungGen: 1698183K->364172K(1826688K)] 4070610K->2918495K(6605376K), 0.7266973 secs] [Times: user=5.76 sys=0.00, real=0.73 secs] 
2012-05-23T09:20:26.137+0200: 136348.138: [GC [PSYoungGen: 1826636K->375515K(1873472K)] 4380959K->3255710K(6652160K), 0.9144475 secs] [Times: user=6.99 sys=0.00, real=0.90 secs] 
2012-05-23T09:20:38.960+0200: 136360.959: [GC [PSYoungGen: 1773723K->472308K(1870528K)] 4653918K->3677818K(6649216K), 1.0871734 secs] [Times: user=8.61 sys=0.00, real=1.08 secs] 
2012-05-23T09:20:50.629+0200: 136372.640: [GC [PSYoungGen: 1870516K->149737K(1816128K)] 5076026K->3707710K(6594816K), 0.8316414 secs] [Times: user=6.68 sys=0.00, real=0.84 secs] 
2012-05-23T09:21:02.626+0200: 136384.624: [GC [PSYoungGen: 1447081K->433467K(1730816K)] 5005054K->4108586K(6509504K), 0.8067075 secs] [Times: user=6.36 sys=0.00, real=0.80 secs] 
2012-05-23T09:21:14.872+0200: 136396.884: [GC [PSYoungGen: 1730811K->148743K(1816320K)] 5405930K->4193551K(6595008K), 0.8162141 secs] [Times: user=6.55 sys=0.00, real=0.83 secs] 
2012-05-23T09:21:25.293+0200: 136407.293: [GC [PSYoungGen: 1388935K->378076K(1618304K)] 5433743K->4530429K(6396992K), 0.7161821 secs] [Times: user=5.74 sys=0.00, real=0.72 secs] 
2012-05-23T09:21:35.745+0200: 136417.751: [GC [PSYoungGen: 1618268K->218753K(1826240K)] 5770621K->4685326K(6604928K), 0.8148015 secs] [Times: user=6.49 sys=0.00, real=0.81 secs] 
2012-05-23T09:21:36.556+0200: 136418.566: [Full GC [PSYoungGen: 218753K->0K(1826240K)] [PSOldGen: 4466572K->995126K(4778688K)] 4685326K->995126K(6604928K) [PSPermGen: 112948K->112895K(393216K)], 7.0740245 secs] [Times: user=7.08 sys=0.00, real=7.08 secs] 
2012-05-23T09:21:54.434+0200: 136436.441: [GC [PSYoungGen: 1246464K->227835K(1809536K)] 2241590K->1222961K(6588224K), 0.3640473 secs] [Times: user=2.98 sys=0.00, real=0.37 secs] 
2012-05-23T09:22:05.728+0200: 136447.739: [GC [PSYoungGen: 1474299K->159176K(1851328K)] 2469425K->1337864K(6630016K), 0.4387066 secs] [Times: user=3.43 sys=0.00, real=0.45 secs] 
2012-05-23T09:22:18.131+0200: 136460.132: [GC [PSYoungGen: 1465992K->277968K(1844800K)] 2644680K->1586554K(6623488K), 0.5536780 secs] [Times: user=4.29 sys=0.00, real=0.55 secs] 
2012-05-23T09:22:27.163+0200: 136469.164: [GC [PSYoungGen: 1584784K->67023K(1855616K)] 2893370K->1572066K(6634304K), 0.6666501 secs] [Times: user=5.33 sys=0.00, real=0.67 secs] 
2012-05-23T09:22:40.423+0200: 136482.432: [GC [PSYoungGen: 1407375K->219724K(1864832K)] 2912418K->1771910K(6643520K), 0.3822270 secs] [Times: user=3.03 sys=0.00, real=0.39 secs] 
2012-05-23T09:22:51.094+0200: 136493.098: [GC [PSYoungGen: 1560076K->214570K(1908608K)] 3112262K->1886069K(6687296K), 0.6609819 secs] [Times: user=5.16 sys=0.00, real=0.67 secs] 
2012-05-23T09:23:04.432+0200: 136506.440: [GC [PSYoungGen: 1621802K->278013K(1887936K)] 3293301K->2073914K(6666624K), 0.5469295 secs] [Times: user=4.23 sys=0.00, real=0.56 secs] 
2012-05-23T09:23:19.845+0200: 136521.850: [GC [PSYoungGen: 1685245K->108293K(1917440K)] 3481146K->2135442K(6696128K), 0.4505812 secs] [Times: user=3.51 sys=0.00, real=0.45 secs] 
2012-05-23T09:23:31.264+0200: 136533.265: [GC [PSYoungGen: 1555397K->190950K(1918208K)] 3582546K->2282797K(6696896K), 0.6281045 secs] [Times: user=4.82 sys=0.00, real=0.62 secs] 
2012-05-23T09:23:47.722+0200: 136549.726: [GC [PSYoungGen: 1638054K->186064K(1950976K)] 3729901K->2457242K(6729664K), 0.5009917 secs] [Times: user=3.84 sys=0.00, real=0.50 secs] 
2012-05-23T09:24:10.265+0200: 136572.267: [GC [PSYoungGen: 1683088K->307200K(1935360K)] 3954266K->2747453K(6714048K), 0.6409764 secs] [Times: user=5.07 sys=0.00, real=0.64 secs] 
2012-05-23T09:24:35.443+0200: 136597.435: [GC [PSYoungGen: 1804224K->317275K(1921216K)] 4244477K->2999565K(6699904K), 0.7781103 secs] [Times: user=6.12 sys=0.00, real=0.76 secs] 
2012-05-23T09:25:08.282+0200: 136630.278: [GC [PSYoungGen: 1790619K->457959K(1931328K)] 4472909K->3189561K(6710016K), 0.9614400 secs] [Times: user=4.74 sys=0.00, real=0.97 secs] 
2012-05-23T09:25:30.356+0200: 136652.358: [GC [PSYoungGen: 1931303K->197901K(1807424K)] 4662905K->3272853K(6586112K), 0.7362874 secs] [Times: user=5.79 sys=0.00, real=0.75 secs] 
2012-05-23T09:25:41.744+0200: 136663.734: [GC [PSYoungGen: 1547341K->519905K(1869376K)] 4622293K->3620256K(6648064K), 0.6988952 secs] [Times: user=5.46 sys=0.00, real=0.69 secs] 
2012-05-23T09:26:00.433+0200: 136682.436: [GC [PSYoungGen: 1869345K->212439K(1746496K)] 4969696K->3783650K(6525184K), 0.9374246 secs] [Times: user=7.39 sys=0.00, real=0.95 secs] 
2012-05-23T09:26:17.547+0200: 136699.535: [GC [PSYoungGen: 1438999K->201033K(1807936K)] 5010210K->3952745K(6586624K), 1.0633710 secs] [Times: user=8.18 sys=0.00, real=1.06 secs] 
2012-05-23T09:26:49.387+0200: 136731.382: [GC [PSYoungGen: 1427593K->324685K(1834432K)] 5179305K->4258322K(6613120K), 0.7248966 secs] [Times: user=5.40 sys=0.00, real=0.73 secs] 
2012-05-23T09:27:09.698+0200: 136751.689: [GC [PSYoungGen: 1594253K->217467K(1824448K)] 5527890K->4384912K(6603136K), 1.2475952 secs] [Times: user=9.70 sys=0.00, real=1.25 secs] 
2012-05-23T09:27:41.803+0200: 136783.801: [GC [PSYoungGen: 1487035K->329394K(1857152K)] 5654480K->4704013K(6635840K), 0.7265964 secs] [Times: user=5.63 sys=0.00, real=0.73 secs] 
2012-05-23T09:27:42.537+0200: 136784.528: [Full GC [PSYoungGen: 329394K->0K(1857152K)] [PSOldGen: 4374619K->1233961K(4778688K)] 4704013K->1233961K(6635840K) [PSPermGen: 112903K->112903K(393216K)], 7.1539400 secs] [Times: user=7.16 sys=0.00, real=7.16 secs] 
2012-05-23T09:28:10.133+0200: 136812.124: [GC [PSYoungGen: 1319680K->219543K(1851840K)] 2553641K->1453504K(6630528K), 0.7218047 secs] [Times: user=5.54 sys=0.00, real=0.72 secs] 
2012-05-23T09:29:03.564+0200: 136865.561: [GC [PSYoungGen: 1539223K->6112K(1831232K)] 2773184K->1454292K(6609920K), 0.6723603 secs] [Times: user=5.29 sys=0.00, real=0.69 secs] 
2012-05-23T09:33:47.659+0200: 137149.636: [GC [PSYoungGen: 1320736K->21428K(1336064K)] 2768916K->1469608K(6114752K), 0.0409873 secs] [Times: user=0.08 sys=0.00, real=0.03 secs] 
2012-05-23T09:35:28.873+0200: 137250.850: [GC [PSYoungGen: 1336052K->101079K(1854656K)] 2784232K->1549260K(6633344K), 0.1517717 secs] [Times: user=1.12 sys=0.00, real=0.16 secs] 
2012-05-23T09:37:49.041+0200: 137391.020: [GC [PSYoungGen: 1409495K->12870K(1843072K)] 2857676K->1461050K(6621760K), 0.0279367 secs] [Times: user=0.16 sys=0.00, real=0.03 secs] 
2012-05-23T09:43:37.971+0200: 137739.934: [GC [PSYoungGen: 1321286K->24736K(1859648K)] 2769466K->1472916K(6638336K), 0.0606774 secs] [Times: user=0.14 sys=0.00, real=0.06 secs] 
2012-05-23T09:45:31.213+0200: 137853.166: [GC [PSYoungGen: 1348512K->87495K(1853440K)] 2796692K->1535676K(6632128K), 0.1428702 secs] [Times: user=0.86 sys=0.00, real=0.14 secs] 
2012-05-23T09:45:41.119+0200: 137863.085: [GC [PSYoungGen: 1411271K->306103K(1845184K)] 2859452K->1754283K(6623872K), 0.3763959 secs] [Times: user=3.01 sys=0.00, real=0.39 secs] 
2012-05-23T09:46:04.691+0200: 137886.644: [GC [PSYoungGen: 1642359K->72833K(1862784K)] 3090539K->1521014K(6641472K), 0.0778045 secs] [Times: user=0.62 sys=0.00, real=0.08 secs] 
2012-05-23T09:46:26.079+0200: 137908.036: [GC [PSYoungGen: 1409089K->338385K(1822080K)] 2857270K->1786565K(6600768K), 0.4529753 secs] [Times: user=3.48 sys=0.00, real=0.45 secs] 
2012-05-23T09:46:49.541+0200: 137931.503: [GC [PSYoungGen: 1650449K->150702K(1850688K)] 3098629K->1598883K(6629376K), 0.1826687 secs] [Times: user=1.40 sys=0.00, real=0.19 secs] 
2012-05-23T09:47:09.822+0200: 137951.779: [GC [PSYoungGen: 1462766K->424774K(1765952K)] 2910947K->1872954K(6544640K), 0.5655204 secs] [Times: user=4.26 sys=0.00, real=0.56 secs] 
2012-05-23T09:47:19.182+0200: 137961.145: [GC [PSYoungGen: 1681414K->60448K(1822976K)] 3129594K->1508628K(6601664K), 0.0876455 secs] [Times: user=0.66 sys=0.00, real=0.09 secs] 
2012-05-23T09:47:32.629+0200: 137974.591: [GC [PSYoungGen: 1317088K->219366K(1860288K)] 2765268K->1667547K(6638976K), 0.2871582 secs] [Times: user=2.28 sys=0.00, real=0.30 secs] 
2012-05-23T09:47:43.502+0200: 137985.455: [GC [PSYoungGen: 1524454K->121177K(1834112K)] 2972635K->1569358K(6612800K), 0.1602589 secs] [Times: user=1.12 sys=0.00, real=0.16 secs] 
2012-05-23T09:47:53.877+0200: 137995.837: [GC [PSYoungGen: 1426265K->309023K(1855360K)] 2874446K->1757204K(6634048K), 0.3921729 secs] [Times: user=2.95 sys=0.02, real=0.40 secs] 
2012-05-23T09:48:07.589+0200: 138009.536: [GC [PSYoungGen: 1656287K->478270K(1825536K)] 3104468K->1926490K(6604224K), 0.5415894 secs] [Times: user=4.20 sys=0.00, real=0.53 secs] 
2012-05-23T09:48:16.544+0200: 138018.503: [GC [PSYoungGen: 1825534K->117033K(1804416K)] 3273754K->1568802K(6583104K), 0.1465514 secs] [Times: user=1.12 sys=0.00, real=0.16 secs] 
2012-05-23T09:48:27.464+0200: 138029.420: [GC [PSYoungGen: 1357673K->270520K(1814976K)] 2809442K->1722948K(6593664K), 0.3325143 secs] [Times: user=2.60 sys=0.00, real=0.33 secs] 
2012-05-23T09:48:40.365+0200: 138042.315: [GC [PSYoungGen: 1511160K->97742K(1843328K)] 2963588K->1550371K(6622016K), 0.1075634 secs] [Times: user=0.83 sys=0.00, real=0.11 secs] 
2012-05-23T09:48:58.399+0200: 138060.345: [GC [PSYoungGen: 1382542K->115886K(1830784K)] 2835171K->1568770K(6609472K), 0.1447723 secs] [Times: user=0.92 sys=0.00, real=0.14 secs] 
2012-05-23T09:49:17.540+0200: 138079.486: [GC [PSYoungGen: 1400686K->133824K(1882624K)] 2853570K->1586822K(6661312K), 0.1486982 secs] [Times: user=0.97 sys=0.00, real=0.14 secs] 
2012-05-23T09:49:37.836+0200: 138099.781: [GC [PSYoungGen: 1370279K->272676K(1861120K)] 2823278K->1725778K(6639808K), 0.2229045 secs] [Times: user=1.51 sys=0.00, real=0.22 secs] 
2012-05-23T09:49:51.877+0200: 138113.821: [GC [PSYoungGen: 1627108K->263552K(1891968K)] 3080210K->1716735K(6670656K), 0.2297068 secs] [Times: user=1.47 sys=0.00, real=0.22 secs] 
2012-05-23T09:50:21.501+0200: 138143.445: [GC [PSYoungGen: 1650880K->285344K(1884672K)] 3104063K->1738551K(6663360K), 0.2834560 secs] [Times: user=1.51 sys=0.00, real=0.28 secs] 
2012-05-23T09:50:36.618+0200: 138158.564: [GC [PSYoungGen: 1672672K->314256K(1875392K)] 3125879K->1767975K(6654080K), 0.2353003 secs] [Times: user=1.72 sys=0.00, real=0.23 secs] 
2012-05-23T09:50:47.382+0200: 138169.326: [GC [PSYoungGen: 1692496K->399373K(1777664K)] 3146215K->1854157K(6556352K), 0.3367587 secs] [Times: user=2.60 sys=0.00, real=0.33 secs] 
2012-05-23T09:50:59.488+0200: 138181.435: [GC [PSYoungGen: 1777613K->408317K(1784640K)] 3232397K->1864839K(6563328K), 0.3484807 secs] [Times: user=2.75 sys=0.00, real=0.34 secs] 
2012-05-23T09:51:13.887+0200: 138195.832: [GC [PSYoungGen: 1651005K->330304K(1816000K)] 3107527K->1789225K(6594688K), 0.2592563 secs] [Times: user=1.76 sys=0.00, real=0.25 secs] 
2012-05-23T09:51:31.499+0200: 138213.449: [GC [PSYoungGen: 1572992K->346464K(1821632K)] 3031913K->1807617K(6600320K), 0.2776777 secs] [Times: user=1.97 sys=0.00, real=0.28 secs] 
2012-05-23T09:51:49.346+0200: 138231.298: [GC [PSYoungGen: 1599904K->361952K(1615424K)] 3061057K->1825376K(6394112K), 0.2727810 secs] [Times: user=2.07 sys=0.00, real=0.28 secs] 
2012-05-23T09:52:16.007+0200: 138257.955: [GC [PSYoungGen: 1615392K->463306K(1742656K)] 3078816K->1929602K(6521344K), 0.4287638 secs] [Times: user=3.39 sys=0.00, real=0.44 secs] 
2012-05-23T09:54:21.542+0200: 138383.480: [GC [PSYoungGen: 1635210K->472940K(1644864K)] 3101506K->1941229K(6423552K), 0.4316345 secs] [Times: user=3.06 sys=0.00, real=0.44 secs] 
2012-05-23T09:55:30.120+0200: 138452.065: [GC [PSYoungGen: 1644844K->539973K(1648384K)] 3113133K->2010661K(6427072K), 0.5061761 secs] [Times: user=3.68 sys=0.00, real=0.52 secs] 
2012-05-23T09:55:46.017+0200: 138467.955: [GC [PSYoungGen: 1546885K->691184K(1698112K)] 3017573K->2168713K(6476800K), 0.6674882 secs] [Times: user=5.35 sys=0.00, real=0.67 secs] 
2012-05-23T09:59:05.122+0200: 138667.057: [GC [PSYoungGen: 1698096K->630855K(1487680K)] 3175625K->2117063K(6266368K), 0.5569793 secs] [Times: user=4.15 sys=0.00, real=0.56 secs] 
2012-05-23T10:01:17.646+0200: 138799.570: [GC [PSYoungGen: 1427335K->440356K(1592896K)] 2913543K->2137549K(6371584K), 0.6082259 secs] [Times: user=4.74 sys=0.00, real=0.61 secs] 
2012-05-23T10:03:49.545+0200: 138951.464: [GC [PSYoungGen: 1236836K->395008K(1616384K)] 2934029K->2122400K(6395072K), 0.7052982 secs] [Times: user=5.51 sys=0.00, real=0.70 secs] 
2012-05-23T10:05:29.137+0200: 139051.060: [GC [PSYoungGen: 1214976K->433344K(1592896K)] 2942368K->2160736K(6371584K), 0.7506804 secs] [Times: user=5.68 sys=0.00, real=0.75 secs] 
2012-05-23T10:05:44.940+0200: 139066.866: [GC [PSYoungGen: 1253312K->556228K(1600320K)] 2980704K->2283620K(6379008K), 0.5747700 secs] [Times: user=4.62 sys=0.00, real=0.58 secs] 
2012-05-23T10:06:02.334+0200: 139084.254: [GC [PSYoungGen: 1409796K->389920K(1621440K)] 3137188K->2117312K(6400128K), 0.6821040 secs] [Times: user=4.84 sys=0.00, real=0.69 secs] 
2012-05-23T10:08:58.569+0200: 139260.484: [GC [PSYoungGen: 1243488K->387368K(1677056K)] 2970880K->2123816K(6455744K), 0.6284091 secs] [Times: user=4.93 sys=0.00, real=0.62 secs] 
2012-05-23T10:10:15.307+0200: 139337.214: [GC [PSYoungGen: 1325608K->377040K(1650496K)] 3062056K->2127536K(6429184K), 0.6065430 secs] [Times: user=4.76 sys=0.00, real=0.61 secs] 
2012-05-23T10:11:17.052+0200: 139398.963: [GC [PSYoungGen: 1315280K->373216K(1721216K)] 3065776K->2134968K(6499904K), 0.5682882 secs] [Times: user=4.49 sys=0.00, real=0.56 secs] 
2012-05-23T10:11:36.225+0200: 139418.137: [GC [PSYoungGen: 1405216K->363461K(1700096K)] 3166968K->2140365K(6478784K), 0.5561351 secs] [Times: user=4.49 sys=0.00, real=0.56 secs] 
2012-05-23T10:11:37.925+0200: 139419.836: [GC [PSYoungGen: 1395461K->353819K(1755776K)] 3172365K->2145947K(6534464K), 0.4918860 secs] [Times: user=3.99 sys=0.00, real=0.50 secs] 
2012-05-23T10:11:48.050+0200: 139429.954: [GC [PSYoungGen: 1459931K->263384K(1739648K)] 3252059K->2143274K(6518336K), 0.5227933 secs] [Times: user=3.99 sys=0.00, real=0.52 secs] 
2012-05-23T10:12:31.715+0200: 139473.616: [GC [PSYoungGen: 1369496K->289258K(1764736K)] 3249386K->2319545K(6543424K), 0.5343064 secs] [Times: user=3.96 sys=0.00, real=0.53 secs] 
2012-05-23T10:13:20.731+0200: 139522.639: [GC [PSYoungGen: 1420906K->358180K(1756224K)] 3451193K->2415270K(6534912K), 0.4147982 secs] [Times: user=3.09 sys=0.00, real=0.42 secs] 
2012-05-23T10:13:30.060+0200: 139531.966: [GC [PSYoungGen: 1489828K->298280K(1796736K)] 3546918K->2395660K(6575424K), 0.3094804 secs] [Times: user=2.50 sys=0.00, real=0.31 secs] 
2012-05-23T10:13:45.831+0200: 139547.734: [GC [PSYoungGen: 1492392K->231282K(1786688K)] 3589772K->2328860K(6565376K), 0.2395400 secs] [Times: user=1.75 sys=0.00, real=0.23 secs] 
2012-05-23T10:14:03.101+0200: 139565.012: [GC [PSYoungGen: 1425394K->388234K(1807296K)] 3522972K->2488120K(6585984K), 0.4417484 secs] [Times: user=3.34 sys=0.00, real=0.45 secs] 
2012-05-23T10:14:21.571+0200: 139583.475: [GC [PSYoungGen: 1602634K->406922K(1796416K)] 3702520K->2514600K(6575104K), 0.4223680 secs] [Times: user=3.15 sys=0.00, real=0.44 secs] 
2012-05-23T10:14:42.975+0200: 139604.883: [GC [PSYoungGen: 1621322K->445735K(1792064K)] 3729000K->2553413K(6570752K), 0.4642032 secs] [Times: user=3.54 sys=0.00, real=0.47 secs] 
2012-05-23T10:15:09.807+0200: 139631.705: [GC [PSYoungGen: 1659623K->221208K(1435136K)] 3767301K->2328886K(6213824K), 0.3457114 secs] [Times: user=1.47 sys=0.00, real=0.34 secs] 
2012-05-23T10:15:31.757+0200: 139653.665: [GC [PSYoungGen: 1435096K->262276K(1806016K)] 3542774K->2369955K(6584704K), 0.2575974 secs] [Times: user=2.12 sys=0.00, real=0.27 secs] 
2012-05-23T10:15:41.616+0200: 139663.514: [GC [PSYoungGen: 1477124K->316343K(1798144K)] 3584803K->2424022K(6576832K), 0.3080939 secs] [Times: user=2.22 sys=0.00, real=0.30 secs] 
2012-05-23T10:15:54.907+0200: 139676.802: [GC [PSYoungGen: 1531191K->468210K(1776256K)] 3638870K->2575888K(6554944K), 0.4806678 secs] [Times: user=3.74 sys=0.00, real=0.47 secs] 
2012-05-23T10:16:10.133+0200: 139692.034: [GC [PSYoungGen: 1679922K->484871K(1696640K)] 3787600K->2601062K(6475328K), 0.4654816 secs] [Times: user=3.51 sys=0.00, real=0.47 secs] 
2012-05-23T10:16:31.240+0200: 139713.139: [GC [PSYoungGen: 1696583K->253258K(1780864K)] 3812774K->2371712K(6559552K), 0.2371885 secs] [Times: user=1.75 sys=0.00, real=0.23 secs] 
2012-05-23T10:16:48.572+0200: 139730.480: [GC [PSYoungGen: 1420746K->266843K(1775936K)] 3539200K->2385474K(6554624K), 0.2546499 secs] [Times: user=1.84 sys=0.02, real=0.26 secs] 
2012-05-23T10:17:06.091+0200: 139747.990: [GC [PSYoungGen: 1434331K->263708K(1801536K)] 3552962K->2401498K(6580224K), 0.2885103 secs] [Times: user=1.90 sys=0.00, real=0.28 secs] 
2012-05-23T10:17:25.435+0200: 139767.332: [GC [PSYoungGen: 1466716K->220529K(1790784K)] 3604506K->2416543K(6569472K), 0.2880101 secs] [Times: user=2.01 sys=0.00, real=0.28 secs] 
2012-05-23T10:17:46.059+0200: 139787.965: [GC [PSYoungGen: 1423537K->195587K(1809344K)] 3619551K->2431368K(6588032K), 0.2368859 secs] [Times: user=1.67 sys=0.00, real=0.25 secs] 
2012-05-23T10:18:03.079+0200: 139804.977: [GC [PSYoungGen: 1421827K->208611K(1806208K)] 3657608K->2446288K(6584896K), 0.2321305 secs] [Times: user=1.59 sys=0.02, real=0.23 secs] 
2012-05-23T10:18:21.300+0200: 139823.193: [GC [PSYoungGen: 1434851K->219824K(1830464K)] 3672528K->2461059K(6609152K), 0.2473177 secs] [Times: user=1.62 sys=0.00, real=0.25 secs] 
2012-05-23T10:18:38.897+0200: 139840.790: [GC [PSYoungGen: 1478896K->230283K(1817920K)] 3720131K->2475789K(6596608K), 0.2542859 secs] [Times: user=1.79 sys=0.00, real=0.25 secs] 
2012-05-23T10:18:57.040+0200: 139858.935: [GC [PSYoungGen: 1489355K->238184K(1862592K)] 3734861K->2490459K(6641280K), 0.2435981 secs] [Times: user=1.86 sys=0.00, real=0.25 secs] 
2012-05-23T10:19:15.292+0200: 139877.189: [GC [PSYoungGen: 1557224K->277734K(1845760K)] 3809499K->2535361K(6624448K), 0.3098603 secs] [Times: user=2.43 sys=0.00, real=0.31 secs] 
2012-05-23T10:19:26.555+0200: 139888.449: [GC [PSYoungGen: 1505500K->309547K(1898112K)] 3763128K->2572382K(6676800K), 0.2690245 secs] [Times: user=2.12 sys=0.00, real=0.26 secs] 
2012-05-23T10:19:43.060+0200: 139904.949: [GC [PSYoungGen: 1704235K->311451K(1885888K)] 3967070K->2579419K(6664576K), 0.2821862 secs] [Times: user=2.09 sys=0.00, real=0.28 secs] 
2012-05-23T10:20:11.936+0200: 139933.838: [GC [PSYoungGen: 1706139K->325767K(1914496K)] 3974107K->2597167K(6693184K), 0.2813476 secs] [Times: user=1.92 sys=0.00, real=0.30 secs] 
2012-05-23T10:20:45.726+0200: 139967.618: [GC [PSYoungGen: 1760135K->340449K(1909184K)] 4031535K->2615681K(6687872K), 0.2913667 secs] [Times: user=2.00 sys=0.00, real=0.30 secs] 
2012-05-23T10:21:14.415+0200: 139996.301: [GC [PSYoungGen: 1774817K->355701K(1906944K)] 4050049K->2635149K(6685632K), 0.3011514 secs] [Times: user=2.22 sys=0.00, real=0.30 secs] 
2012-05-23T10:21:37.191+0200: 140019.083: [GC [PSYoungGen: 1788213K->366966K(1799488K)] 4067661K->2652994K(6578176K), 0.3111106 secs] [Times: user=2.25 sys=0.00, real=0.31 secs] 
2012-05-23T10:22:00.186+0200: 140042.079: [GC [PSYoungGen: 1799478K->378935K(1888192K)] 4085506K->2671451K(6666880K), 0.3260858 secs] [Times: user=2.29 sys=0.00, real=0.33 secs] 
2012-05-23T10:22:21.855+0200: 140063.742: [GC [PSYoungGen: 1782519K->393068K(1796672K)] 4075035K->2692096K(6575360K), 0.3387908 secs] [Times: user=2.40 sys=0.00, real=0.34 secs] 
2012-05-23T10:22:41.527+0200: 140083.415: [GC [PSYoungGen: 1796652K->403797K(1862400K)] 4095680K->2709561K(6641088K), 0.3566505 secs] [Times: user=2.57 sys=0.00, real=0.36 secs] 
2012-05-23T10:23:04.256+0200: 140106.146: [GC [PSYoungGen: 1762581K->414182K(1772992K)] 4068345K->2726746K(6551680K), 0.3538003 secs] [Times: user=2.64 sys=0.00, real=0.36 secs] 
2012-05-23T10:23:25.644+0200: 140127.531: [GC [PSYoungGen: 1772966K->426229K(1835712K)] 4085530K->2745559K(6614400K), 0.3793767 secs] [Times: user=2.65 sys=0.00, real=0.37 secs] 
2012-05-23T10:23:48.030+0200: 140149.922: [GC [PSYoungGen: 1734581K->448366K(1756736K)] 4053911K->2774457K(6535424K), 0.4012720 secs] [Times: user=2.92 sys=0.00, real=0.41 secs] 
2012-05-23T10:24:09.169+0200: 140171.060: [GC [PSYoungGen: 1756718K->527649K(1745984K)] 4082809K->2860796K(6524672K), 0.5299151 secs] [Times: user=3.74 sys=0.00, real=0.53 secs] 
2012-05-23T10:24:28.123+0200: 140190.012: [GC [PSYoungGen: 1715425K->528403K(1716224K)] 4048572K->2868438K(6494912K), 0.4947654 secs] [Times: user=3.70 sys=0.00, real=0.50 secs] 
2012-05-23T10:25:13.941+0200: 140235.821: [GC [PSYoungGen: 1716179K->535418K(1696384K)] 4056214K->2881591K(6475072K), 0.6569750 secs] [Times: user=3.59 sys=0.00, real=0.65 secs] 
2012-05-23T10:25:31.116+0200: 140253.006: [GC [PSYoungGen: 1596986K->459859K(1725440K)] 3943159K->2929930K(6504128K), 0.5621499 secs] [Times: user=4.43 sys=0.00, real=0.56 secs] 
2012-05-23T10:25:45.172+0200: 140267.052: [GC [PSYoungGen: 1521427K->485676K(1725184K)] 3991498K->3045060K(6503872K), 0.6041479 secs] [Times: user=4.74 sys=0.00, real=0.59 secs] 
2012-05-23T10:25:55.780+0200: 140277.670: [GC [PSYoungGen: 1552620K->553066K(1620032K)] 4112004K->3130978K(6398720K), 0.5983865 secs] [Times: user=4.67 sys=0.00, real=0.61 secs] 
2012-05-23T10:26:32.441+0200: 140314.329: [GC [PSYoungGen: 1620010K->303944K(1706304K)] 4197922K->2900416K(6484992K), 0.3704635 secs] [Times: user=2.65 sys=0.00, real=0.37 secs] 
2012-05-23T10:27:15.248+0200: 140357.124: [GC [PSYoungGen: 1323464K->299410K(1702528K)] 3919936K->2913753K(6481216K), 0.3533052 secs] [Times: user=2.51 sys=0.00, real=0.34 secs] 
2012-05-23T10:27:45.855+0200: 140387.734: [GC [PSYoungGen: 1318930K->284406K(1718528K)] 3933273K->2917725K(6497216K), 0.3489226 secs] [Times: user=2.43 sys=0.00, real=0.34 secs] 
2012-05-23T10:27:49.740+0200: 140391.613: [GC [PSYoungGen: 413733K->256308K(1712384K)] 3047052K->2908170K(6491072K), 0.3075215 secs] [Times: user=2.28 sys=0.00, real=0.30 secs] 
2012-05-23T10:27:50.036+0200: 140391.921: [Full GC (System) [PSYoungGen: 256308K->0K(1712384K)] [PSOldGen: 2651861K->1370573K(4778688K)] 2908170K->1370573K(6491072K) [PSPermGen: 113023K->113023K(393216K)], 7.3525756 secs] [Times: user=7.35 sys=0.02, real=7.36 secs] 
2012-05-23T10:28:45.776+0200: 140447.655: [GC [PSYoungGen: 1041600K->19437K(1656832K)] 2412173K->1390011K(6435520K), 0.0724317 secs] [Times: user=0.22 sys=0.00, real=0.08 secs] 
2012-05-23T10:29:34.557+0200: 140496.431: [GC [PSYoungGen: 1009581K->23944K(1014144K)] 2380155K->1394517K(5792832K), 0.0631939 secs] [Times: user=0.28 sys=0.00, real=0.06 secs] 
2012-05-23T10:30:21.842+0200: 140543.714: [GC [PSYoungGen: 1014088K->28585K(1655296K)] 2384661K->1399158K(6433984K), 0.0735970 secs] [Times: user=0.34 sys=0.00, real=0.08 secs] 
2012-05-23T10:31:43.259+0200: 140625.135: [GC [PSYoungGen: 965225K->102961K(1662976K)] 2335798K->1473534K(6441664K), 0.1417162 secs] [Times: user=1.03 sys=0.00, real=0.14 secs] 
2012-05-23T10:32:17.954+0200: 140659.832: [GC [PSYoungGen: 1039601K->119796K(1696128K)] 2410174K->1490370K(6474816K), 0.1838427 secs] [Times: user=1.18 sys=0.00, real=0.19 secs] 
2012-05-23T10:32:45.473+0200: 140687.342: [GC [PSYoungGen: 1102964K->150011K(1676352K)] 2473538K->1520585K(6455040K), 0.1996781 secs] [Times: user=1.50 sys=0.00, real=0.20 secs] 
2012-05-23T10:33:11.057+0200: 140712.924: [GC [PSYoungGen: 1133179K->169789K(1753408K)] 2503753K->1540363K(6532096K), 0.2007896 secs] [Times: user=1.40 sys=0.00, real=0.20 secs] 
2012-05-23T10:33:38.404+0200: 140740.266: [GC [PSYoungGen: 1256957K->193111K(1723072K)] 2627531K->1563685K(6501760K), 0.2046925 secs] [Times: user=1.48 sys=0.00, real=0.20 secs] 
2012-05-23T10:34:04.550+0200: 140766.419: [GC [PSYoungGen: 1280279K->211948K(1820736K)] 2650853K->1582522K(6599424K), 0.2133175 secs] [Times: user=1.64 sys=0.00, real=0.22 secs] 
2012-05-23T10:34:35.673+0200: 140797.540: [GC [PSYoungGen: 1429932K->273291K(1786560K)] 2800506K->1643865K(6565248K), 0.2798249 secs] [Times: user=2.20 sys=0.00, real=0.28 secs] 
2012-05-23T10:35:11.023+0200: 140832.890: [GC [PSYoungGen: 1491275K->253003K(1862464K)] 2861849K->1623577K(6641152K), 0.4477873 secs] [Times: user=2.17 sys=0.00, real=0.45 secs] 
2012-05-23T10:35:31.272+0200: 140853.137: [GC [PSYoungGen: 1564299K->394875K(1706176K)] 2934873K->1765449K(6484864K), 0.4146621 secs] [Times: user=3.26 sys=0.00, real=0.42 secs] 
2012-05-23T10:35:39.025+0200: 140860.897: [GC [PSYoungGen: 1706171K->462913K(1736704K)] 3076745K->1833487K(6515392K), 0.4296890 secs] [Times: user=3.48 sys=0.00, real=0.44 secs] 
2012-05-23T10:35:47.153+0200: 140869.019: [GC [PSYoungGen: 1642753K->475206K(1655104K)] 3013327K->1845780K(6433792K), 0.5066651 secs] [Times: user=3.96 sys=0.00, real=0.51 secs] 
2012-05-23T10:35:52.254+0200: 140874.119: [GC [PSYoungGen: 1655046K->576635K(1603136K)] 3025620K->1947209K(6381824K), 0.5616461 secs] [Times: user=4.49 sys=0.00, real=0.56 secs] 
2012-05-23T10:36:36.418+0200: 140918.275: [GC [PSYoungGen: 1533115K->202731K(1672896K)] 2903689K->1588255K(6451584K), 0.2221565 secs] [Times: user=1.62 sys=0.00, real=0.22 secs] 
2012-05-23T10:37:23.063+0200: 140964.918: [GC [PSYoungGen: 1159211K->220549K(1716160K)] 2544735K->1609994K(6494848K), 0.2038748 secs] [Times: user=1.50 sys=0.00, real=0.20 secs] 
2012-05-23T10:37:34.622+0200: 140976.478: [GC [PSYoungGen: 1239813K->322489K(1692416K)] 2629258K->1711933K(6471104K), 0.3443822 secs] [Times: user=2.75 sys=0.00, real=0.34 secs] 
2012-05-23T10:37:48.288+0200: 140990.147: [GC [PSYoungGen: 1341753K->308533K(1777088K)] 2731197K->1760103K(6555776K), 0.3766100 secs] [Times: user=2.99 sys=0.00, real=0.38 secs] 
2012-05-23T10:38:32.343+0200: 141034.203: [GC [PSYoungGen: 1441461K->346823K(1745152K)] 2893031K->1811274K(6523840K), 0.3813382 secs] [Times: user=3.00 sys=0.00, real=0.38 secs] 
2012-05-23T10:39:20.875+0200: 141082.730: [GC [PSYoungGen: 1479751K->157149K(1795264K)] 2944202K->1644377K(6573952K), 0.1957235 secs] [Times: user=1.39 sys=0.00, real=0.19 secs] 
2012-05-23T10:39:40.469+0200: 141102.332: [GC [PSYoungGen: 1354845K->297847K(1791744K)] 2842073K->1793788K(6570432K), 0.3865344 secs] [Times: user=2.90 sys=0.00, real=0.39 secs] 
2012-05-23T10:39:54.431+0200: 141116.295: [GC [PSYoungGen: 1450285K->339813K(1833344K)] 2946225K->1844607K(6612032K), 0.3070490 secs] [Times: user=2.50 sys=0.00, real=0.31 secs] 
2012-05-23T10:40:09.579+0200: 141131.441: [GC [PSYoungGen: 1607205K->420210K(1687616K)] 3111999K->1932172K(6466304K), 0.4394587 secs] [Times: user=3.29 sys=0.00, real=0.44 secs] 
2012-05-23T10:41:12.994+0200: 141194.855: [GC [PSYoungGen: 1687602K->499765K(1726336K)] 3199564K->2019167K(6505024K), 0.4640901 secs] [Times: user=3.71 sys=0.00, real=0.47 secs] 
2012-05-23T10:42:19.950+0200: 141261.800: [GC [PSYoungGen: 1650549K->497203K(1648000K)] 3169951K->2023110K(6426688K), 0.4404535 secs] [Times: user=3.49 sys=0.00, real=0.44 secs] 
2012-05-23T10:43:02.741+0200: 141304.588: [GC [PSYoungGen: 1647987K->496583K(1686528K)] 3173894K->2023252K(6465216K), 0.4196959 secs] [Times: user=3.37 sys=0.00, real=0.42 secs] 
2012-05-23T10:43:04.301+0200: 141306.157: [GC [PSYoungGen: 1530631K->501909K(1536000K)] 3057300K->2028633K(6314688K), 0.4259878 secs] [Times: user=3.49 sys=0.00, real=0.44 secs] 
2012-05-23T10:43:10.167+0200: 141312.013: [GC [PSYoungGen: 1535957K->518066K(1649792K)] 3062681K->2044878K(6428480K), 0.4528068 secs] [Times: user=3.49 sys=0.00, real=0.45 secs] 
2012-05-23T10:43:59.698+0200: 141361.551: [GC [PSYoungGen: 1469682K->604633K(1556288K)] 2996494K->2131639K(6334976K), 0.5731511 secs] [Times: user=4.45 sys=0.00, real=0.58 secs] 
2012-05-23T10:44:47.902+0200: 141409.745: [GC [PSYoungGen: 1556249K->613494K(1562048K)] 3083255K->2146508K(6340736K), 0.5619902 secs] [Times: user=4.18 sys=0.00, real=0.56 secs] 
2012-05-23T10:45:20.522+0200: 141442.362: [GC [PSYoungGen: 1409974K->629396K(1592896K)] 2942988K->2162451K(6371584K), 0.7288999 secs] [Times: user=4.01 sys=0.00, real=0.72 secs] 
2012-05-23T10:45:31.162+0200: 141453.010: [GC [PSYoungGen: 1425876K->546185K(1592896K)] 2958931K->2219113K(6371584K), 0.6470337 secs] [Times: user=5.10 sys=0.00, real=0.65 secs] 
2012-05-23T10:45:37.495+0200: 141459.340: [GC [PSYoungGen: 1342665K->328489K(1592896K)] 3015593K->2333363K(6371584K), 0.7456532 secs] [Times: user=5.97 sys=0.00, real=0.75 secs] 
2012-05-23T10:45:49.398+0200: 141471.238: [GC [PSYoungGen: 1124969K->369382K(1592896K)] 3129843K->2385885K(6371584K), 0.4759744 secs] [Times: user=3.29 sys=0.00, real=0.47 secs] 
2012-05-23T10:45:54.656+0200: 141476.501: [GC [PSYoungGen: 1165862K->364565K(1592896K)] 3182365K->2403201K(6371584K), 0.3843533 secs] [Times: user=2.96 sys=0.00, real=0.39 secs] 
2012-05-23T10:46:06.715+0200: 141488.562: [GC [PSYoungGen: 1161045K->273271K(1621888K)] 3199681K->2405438K(6400576K), 0.3752332 secs] [Times: user=2.96 sys=0.00, real=0.37 secs] 
2012-05-23T10:46:21.082+0200: 141502.932: [GC [PSYoungGen: 1120439K->24089K(871296K)] 3252606K->2163753K(5649984K), 0.0558478 secs] [Times: user=0.30 sys=0.00, real=0.06 secs] 
2012-05-23T10:46:33.313+0200: 141515.156: [GC [PSYoungGen: 871257K->29882K(1592896K)] 3010921K->2174397K(6371584K), 0.0588061 secs] [Times: user=0.33 sys=0.00, real=0.06 secs] 
2012-05-23T10:46:46.355+0200: 141528.207: [GC [PSYoungGen: 826362K->22758K(1592896K)] 2970877K->2171122K(6371584K), 0.0529638 secs] [Times: user=0.25 sys=0.00, real=0.06 secs] 
2012-05-23T10:46:57.961+0200: 141539.799: [GC [PSYoungGen: 819238K->16161K(1592896K)] 2967602K->2170424K(6371584K), 0.0405004 secs] [Times: user=0.25 sys=0.00, real=0.03 secs] 
2012-05-23T10:47:11.409+0200: 141553.245: [GC [PSYoungGen: 812641K->13828K(1592896K)] 2966904K->2176617K(6371584K), 0.0451293 secs] [Times: user=0.23 sys=0.02, real=0.03 secs] 
2012-05-23T10:47:25.168+0200: 141567.013: [GC [PSYoungGen: 810308K->86086K(1603840K)] 2973097K->2252224K(6382528K), 0.1523738 secs] [Times: user=1.00 sys=0.00, real=0.16 secs] 
2012-05-23T10:47:40.082+0200: 141581.926: [GC [PSYoungGen: 893510K->96109K(1592896K)] 3059648K->2262247K(6371584K), 0.1071497 secs] [Times: user=0.76 sys=0.00, real=0.11 secs] 
2012-05-23T10:47:52.656+0200: 141594.497: [GC [PSYoungGen: 903533K->131939K(1672320K)] 3069671K->2298077K(6451008K), 0.1853987 secs] [Times: user=1.25 sys=0.00, real=0.19 secs] 
2012-05-23T10:48:06.961+0200: 141608.809: [GC [PSYoungGen: 1049635K->134735K(1634688K)] 3215773K->2300873K(6413376K), 0.1579023 secs] [Times: user=1.26 sys=0.00, real=0.17 secs] 
2012-05-23T10:48:18.021+0200: 141619.868: [GC [PSYoungGen: 1052431K->147661K(1746560K)] 3218569K->2313799K(6525248K), 0.2027305 secs] [Times: user=1.36 sys=0.00, real=0.20 secs] 
2012-05-23T10:48:26.976+0200: 141628.812: [GC [PSYoungGen: 1214029K->178569K(1709120K)] 3380167K->2344708K(6487808K), 0.2240268 secs] [Times: user=1.75 sys=0.00, real=0.22 secs] 
2012-05-23T10:48:34.417+0200: 141636.260: [GC [PSYoungGen: 1244937K->283647K(1795840K)] 3411076K->2449785K(6574528K), 0.2810809 secs] [Times: user=2.25 sys=0.00, real=0.28 secs] 
2012-05-23T10:48:42.607+0200: 141644.441: [GC [PSYoungGen: 1477311K->393606K(1587328K)] 3643449K->2559744K(6366016K), 0.3781664 secs] [Times: user=2.98 sys=0.00, real=0.38 secs] 
2012-05-23T10:48:51.188+0200: 141653.021: [GC [PSYoungGen: 1587270K->573408K(1587584K)] 3753408K->2739547K(6366272K), 0.5778849 secs] [Times: user=4.51 sys=0.00, real=0.58 secs] 
2012-05-23T10:49:09.627+0200: 141671.469: [GC [PSYoungGen: 1537056K->559336K(1523008K)] 3703195K->2788435K(6301696K), 0.5870029 secs] [Times: user=4.51 sys=0.00, real=0.59 secs] 
2012-05-23T10:49:19.907+0200: 141681.747: [GC [PSYoungGen: 1522984K->420702K(1611520K)] 3752083K->2662130K(6390208K), 0.4217060 secs] [Times: user=3.24 sys=0.00, real=0.42 secs] 
2012-05-23T10:49:26.865+0200: 141688.700: [GC [PSYoungGen: 1253918K->499701K(1332928K)] 3495346K->2772077K(6111616K), 0.5573828 secs] [Times: user=4.07 sys=0.00, real=0.55 secs] 
2012-05-23T10:49:37.255+0200: 141699.091: [GC [PSYoungGen: 1332917K->457868K(1592896K)] 3605293K->2752813K(6371584K), 0.4354412 secs] [Times: user=3.31 sys=0.00, real=0.44 secs] 
2012-05-23T10:49:39.798+0200: 141701.631: [GC [PSYoungGen: 1174773K->430690K(1592896K)] 3469718K->2847149K(6371584K), 0.4706312 secs] [Times: user=3.74 sys=0.00, real=0.47 secs] 
2012-05-23T10:49:43.713+0200: 141705.554: [GC [PSYoungGen: 1227170K->389948K(1624640K)] 3643629K->2873413K(6403328K), 0.4053925 secs] [Times: user=3.25 sys=0.00, real=0.41 secs] 
2012-05-23T10:49:49.439+0200: 141711.279: [GC [PSYoungGen: 1221500K->518841K(1596224K)] 3704965K->3068168K(6374912K), 0.6141507 secs] [Times: user=4.87 sys=0.00, real=0.61 secs] 
2012-05-23T10:49:56.896+0200: 141718.727: [GC [PSYoungGen: 1350393K->737746K(1582144K)] 3899720K->3367770K(6360832K), 0.7839557 secs] [Times: user=6.11 sys=0.02, real=0.78 secs] 
2012-05-23T10:50:04.774+0200: 141726.605: [GC [PSYoungGen: 1534226K->539518K(1592896K)] 4164250K->3361867K(6371584K), 0.7181553 secs] [Times: user=5.63 sys=0.00, real=0.72 secs] 
2012-05-23T10:50:12.558+0200: 141734.390: [GC [PSYoungGen: 1335998K->195277K(1592896K)] 4158347K->3489363K(6371584K), 0.8770436 secs] [Times: user=6.96 sys=0.00, real=0.87 secs] 
2012-05-23T10:50:16.567+0200: 141738.411: [GC [PSYoungGen: 991757K->52934K(1592896K)] 4285843K->3530732K(6371584K), 0.4712226 secs] [Times: user=3.73 sys=0.00, real=0.48 secs] 
2012-05-23T10:50:24.196+0200: 141746.033: [GC [PSYoungGen: 849414K->15511K(1592896K)] 4327212K->3537126K(6371584K), 0.2288651 secs] [Times: user=1.31 sys=0.00, real=0.23 secs] 
2012-05-23T10:50:36.286+0200: 141758.123: [GC [PSYoungGen: 811991K->55424K(1592896K)] 4333606K->3579065K(6371584K), 0.1716389 secs] [Times: user=1.37 sys=0.00, real=0.17 secs] 
2012-05-23T10:50:48.688+0200: 141770.523: [GC [PSYoungGen: 851904K->62729K(1592896K)] 4375545K->3610017K(6371584K), 0.4236961 secs] [Times: user=1.14 sys=0.00, real=0.42 secs] 
2012-05-23T10:51:18.235+0200: 141800.072: [GC [PSYoungGen: 859209K->75512K(1592896K)] 4406497K->3680880K(6371584K), 0.1709283 secs] [Times: user=1.01 sys=0.00, real=0.17 secs] 
2012-05-23T10:51:42.134+0200: 141823.974: [GC [PSYoungGen: 871992K->71801K(1592896K)] 4477360K->3685185K(6371584K), 0.0917757 secs] [Times: user=0.69 sys=0.00, real=0.09 secs] 
2012-05-23T10:52:05.129+0200: 141846.958: [GC [PSYoungGen: 868281K->24202K(1592896K)] 4481665K->3705170K(6371584K), 0.1642735 secs] [Times: user=1.14 sys=0.00, real=0.16 secs] 
2012-05-23T10:52:30.542+0200: 141872.370: [GC [PSYoungGen: 820682K->42054K(1626944K)] 4501650K->3723021K(6405632K), 0.0691949 secs] [Times: user=0.39 sys=0.00, real=0.06 secs] 
2012-05-23T10:53:41.086+0200: 141942.922: [GC [PSYoungGen: 878790K->58770K(1599104K)] 4559757K->3739738K(6377792K), 0.0900395 secs] [Times: user=0.56 sys=0.00, real=0.09 secs] 
2012-05-23T10:55:09.461+0200: 142031.298: [GC [PSYoungGen: 895506K->77015K(1695744K)] 4576474K->3757983K(6474432K), 0.2674512 secs] [Times: user=0.64 sys=0.00, real=0.28 secs] 
2012-05-23T10:55:35.498+0200: 142057.329: [GC [PSYoungGen: 1042967K->109807K(1659520K)] 4723935K->3790775K(6438208K), 0.1394343 secs] [Times: user=0.98 sys=0.00, real=0.14 secs] 
2012-05-23T10:55:48.399+0200: 142070.220: [GC [PSYoungGen: 1075759K->151598K(1782592K)] 4756727K->3832566K(6561280K), 0.1865942 secs] [Times: user=1.22 sys=0.00, real=0.19 secs] 
2012-05-23T10:56:07.759+0200: 142089.589: [GC [PSYoungGen: 1281646K->292986K(1736768K)] 4962614K->3973953K(6515456K), 0.3835551 secs] [Times: user=2.64 sys=0.00, real=0.39 secs] 
2012-05-23T10:56:18.539+0200: 142100.361: [GC [PSYoungGen: 1423034K->342273K(1744704K)] 5104001K->4023240K(6523392K), 0.3858898 secs] [Times: user=2.60 sys=0.00, real=0.37 secs] 
2012-05-23T10:56:46.947+0200: 142128.776: [GC [PSYoungGen: 1477313K->108889K(1762176K)] 5158280K->3789856K(6540864K), 0.1346610 secs] [Times: user=0.87 sys=0.00, real=0.14 secs] 
2012-05-23T10:57:20.799+0200: 142162.617: [GC [PSYoungGen: 1243929K->115567K(1819968K)] 4924896K->3796535K(6598656K), 0.1362604 secs] [Times: user=0.78 sys=0.00, real=0.13 secs] 
2012-05-23T10:57:49.160+0200: 142190.990: [GC [PSYoungGen: 1337007K->125796K(1790784K)] 5017975K->3806764K(6569472K), 0.1342550 secs] [Times: user=1.00 sys=0.00, real=0.14 secs] 
2012-05-23T10:58:15.400+0200: 142217.224: [GC [PSYoungGen: 1347236K->137721K(1880256K)] 5028204K->3818689K(6658944K), 0.1395438 secs] [Times: user=1.01 sys=0.00, real=0.14 secs] 
2012-05-23T10:58:41.234+0200: 142243.064: [GC [PSYoungGen: 1478521K->145106K(1849856K)] 5159489K->3826073K(6628544K), 0.1660526 secs] [Times: user=1.19 sys=0.01, real=0.17 secs] 
2012-05-23T10:59:14.930+0200: 142276.757: [GC [PSYoungGen: 1485906K->152119K(1938304K)] 5166873K->3833087K(6716992K), 0.1665011 secs] [Times: user=1.14 sys=0.00, real=0.17 secs] 
2012-05-23T10:59:41.934+0200: 142303.756: [GC [PSYoungGen: 1610935K->157733K(1909824K)] 5291903K->3838701K(6688512K), 0.1579145 secs] [Times: user=1.03 sys=0.00, real=0.16 secs] 
2012-05-23T11:00:18.361+0200: 142340.173: [GC [PSYoungGen: 1616549K->144725K(1987712K)] 5297517K->3840477K(6766400K), 0.1619168 secs] [Times: user=1.03 sys=0.00, real=0.16 secs] 
2012-05-23T11:00:36.457+0200: 142358.273: [GC [PSYoungGen: 1708501K->243772K(1965376K)] 5404253K->3954925K(6744064K), 0.2687332 secs] [Times: user=1.97 sys=0.00, real=0.26 secs] 
2012-05-23T11:01:10.699+0200: 142392.513: [GC [PSYoungGen: 1807548K->370840K(1881408K)] 5518701K->4099043K(6660096K), 0.3800167 secs] [Times: user=2.89 sys=0.00, real=0.38 secs] 
2012-05-23T11:01:41.104+0200: 142422.920: [GC [PSYoungGen: 1844696K->457713K(1931584K)] 5572899K->4222927K(6710272K), 0.4857764 secs] [Times: user=3.76 sys=0.00, real=0.48 secs] 
2012-05-23T11:02:05.862+0200: 142447.677: [GC [PSYoungGen: 1931569K->457708K(1462848K)] 5696783K->4475840K(6241536K), 0.9571731 secs] [Times: user=7.61 sys=0.00, real=0.95 secs] 
2012-05-23T11:02:16.610+0200: 142458.419: [GC [PSYoungGen: 1462828K->692086K(1697216K)] 5480960K->4826511K(6475904K), 1.0102721 secs] [Times: user=7.99 sys=0.00, real=1.00 secs] 
2012-05-23T11:02:26.610+0200: 142468.431: [GC [PSYoungGen: 1697206K->692092K(1488576K)] 5831631K->5039286K(6267264K), 1.1710005 secs] [Times: user=9.33 sys=0.02, real=1.17 secs] 
2012-05-23T11:02:50.931+0200: 142492.750: [GC [PSYoungGen: 1488572K->757930K(1592896K)] 5835766K->5113380K(6371584K), 0.9708821 secs] [Times: user=7.75 sys=0.00, real=0.98 secs] 
2012-05-23T11:03:35.766+0200: 142537.580: [GC [PSYoungGen: 1554410K->761269K(1592896K)] 5909860K->5122414K(6371584K), 0.9601897 secs] [Times: user=7.63 sys=0.00, real=0.97 secs] 
2012-05-23T11:04:05.671+0200: 142567.483: [GC [PSYoungGen: 1557749K->760864K(1592896K)] 5918894K->5127028K(6371584K), 0.9790530 secs] [Times: user=7.58 sys=0.00, real=0.98 secs] 
2012-05-23T11:04:45.967+0200: 142607.773: [GC [PSYoungGen: 1557344K->674756K(1592896K)] 5923508K->5127709K(6371584K), 1.0082435 secs] [Times: user=7.66 sys=0.00, real=1.00 secs] 
2012-05-23T11:05:30.193+0200: 142652.006: [GC [PSYoungGen: 1471236K->523883K(1592896K)] 5924189K->5141781K(6371584K), 1.0439021 secs] [Times: user=7.41 sys=0.00, real=1.04 secs] 
2012-05-23T11:05:31.238+0200: 142653.051: [Full GC [PSYoungGen: 523883K->0K(1592896K)] [PSOldGen: 4617898K->2966328K(4778688K)] 5141781K->2966328K(6371584K) [PSPermGen: 113291K->113291K(393216K)], 17.0923865 secs] [Times: user=17.10 sys=0.00, real=17.10 secs] 
2012-05-23T11:05:58.523+0200: 142680.331: [GC [PSYoungGen: 796480K->36144K(1592896K)] 3762808K->3002473K(6371584K), 0.0808647 secs] [Times: user=0.50 sys=0.00, real=0.08 secs] 
2012-05-23T11:06:16.026+0200: 142697.836: [GC [PSYoungGen: 832624K->93704K(1592896K)] 3798953K->3060033K(6371584K), 0.1166809 secs] [Times: user=0.84 sys=0.00, real=0.13 secs] 
2012-05-23T11:06:32.204+0200: 142714.018: [GC [PSYoungGen: 890184K->207817K(1592896K)] 3856513K->3174146K(6371584K), 0.2666279 secs] [Times: user=2.07 sys=0.00, real=0.27 secs] 
2012-05-23T11:06:36.104+0200: 142717.915: [GC [PSYoungGen: 1004297K->262846K(1592896K)] 3970626K->3248783K(6371584K), 0.2985848 secs] [Times: user=2.36 sys=0.00, real=0.30 secs] 
2012-05-23T11:06:52.359+0200: 142734.167: [GC [PSYoungGen: 1059326K->84889K(1592896K)] 4045263K->3239133K(6371584K), 0.3103759 secs] [Times: user=2.25 sys=0.00, real=0.31 secs] 
2012-05-23T11:07:12.702+0200: 142754.509: [GC [PSYoungGen: 881369K->12548K(1592896K)] 4035613K->3240980K(6371584K), 0.1724853 secs] [Times: user=1.09 sys=0.00, real=0.17 secs] 
2012-05-23T11:07:32.280+0200: 142774.089: [GC [PSYoungGen: 809028K->86670K(1592896K)] 4037460K->3320380K(6371584K), 0.1380314 secs] [Times: user=0.94 sys=0.00, real=0.14 secs] 
2012-05-23T11:07:57.989+0200: 142799.796: [GC [PSYoungGen: 883150K->65361K(1592896K)] 4116860K->3300476K(6371584K), 0.0976487 secs] [Times: user=0.75 sys=0.00, real=0.09 secs] 
2012-05-23T11:08:09.378+0200: 142811.177: [GC [PSYoungGen: 861841K->20049K(1592896K)] 4096956K->3255854K(6371584K), 0.0632036 secs] [Times: user=0.23 sys=0.00, real=0.06 secs] 
2012-05-23T11:08:10.501+0200: 142812.308: [GC [PSYoungGen: 816529K->8629K(1592896K)] 4052334K->3252607K(6371584K), 0.0277673 secs] [Times: user=0.25 sys=0.00, real=0.03 secs] 
2012-05-23T11:08:11.452+0200: 142813.253: [GC [PSYoungGen: 805109K->6467K(1592896K)] 4049087K->3257540K(6371584K), 0.0286499 secs] [Times: user=0.16 sys=0.00, real=0.03 secs] 
2012-05-23T11:08:12.794+0200: 142814.603: [GC [PSYoungGen: 802947K->7503K(1592896K)] 4054020K->3263530K(6371584K), 0.0246789 secs] [Times: user=0.25 sys=0.00, real=0.03 secs] 
2012-05-23T11:08:25.805+0200: 142827.606: [GC [PSYoungGen: 803983K->80691K(1592896K)] 4060010K->3340342K(6371584K), 0.0956489 secs] [Times: user=0.75 sys=0.00, real=0.09 secs] 
2012-05-23T11:08:43.901+0200: 142845.706: [GC [PSYoungGen: 877171K->59614K(1592896K)] 4136822K->3347230K(6371584K), 0.0909417 secs] [Times: user=0.75 sys=0.00, real=0.09 secs] 
2012-05-23T11:09:04.103+0200: 142865.909: [GC [PSYoungGen: 855064K->123193K(1684544K)] 4142681K->3410810K(6463232K), 0.2003375 secs] [Times: user=1.62 sys=0.00, real=0.20 secs] 
2012-05-23T11:09:15.101+0200: 142876.896: [GC [PSYoungGen: 1050169K->214463K(1631744K)] 4337786K->3502079K(6410432K), 0.3528936 secs] [Times: user=2.73 sys=0.00, real=0.34 secs] 
2012-05-23T11:10:03.056+0200: 142924.855: [GC [PSYoungGen: 1141439K->226319K(1746112K)] 4429055K->3513936K(6524800K), 0.3489093 secs] [Times: user=2.64 sys=0.00, real=0.34 secs] 
2012-05-23T11:10:38.032+0200: 142959.826: [GC [PSYoungGen: 1301583K->231547K(1718464K)] 4589200K->3519164K(6497152K), 0.3702935 secs] [Times: user=2.74 sys=0.00, real=0.36 secs] 
2012-05-23T11:10:42.400+0200: 142964.203: [GC [PSYoungGen: 1306811K->225908K(1796672K)] 4594428K->3513525K(6575360K), 0.3476011 secs] [Times: user=2.72 sys=0.02, real=0.36 secs] 
2012-05-23T11:10:44.069+0200: 142965.862: [GC [PSYoungGen: 1404020K->193040K(1770752K)] 4691637K->3517934K(6549440K), 0.3135082 secs] [Times: user=2.48 sys=0.00, real=0.31 secs] 
2012-05-23T11:10:49.966+0200: 142971.773: [GC [PSYoungGen: 1371152K->72458K(1852096K)] 4696046K->3569420K(6630784K), 0.3836385 secs] [Times: user=2.84 sys=0.00, real=0.39 secs] 
2012-05-23T11:11:02.462+0200: 142984.254: [GC [PSYoungGen: 1368714K->303999K(1833472K)] 4865676K->3808096K(6612160K), 0.4217787 secs] [Times: user=3.26 sys=0.00, real=0.42 secs] 
2012-05-23T11:12:24.066+0200: 143065.867: [GC [PSYoungGen: 1600255K->344211K(1794624K)] 5104352K->3848764K(6573312K), 0.3722258 secs] [Times: user=2.53 sys=0.00, real=0.38 secs] 
2012-05-23T11:12:57.310+0200: 143099.106: [GC [PSYoungGen: 1589203K->109178K(1817152K)] 5093756K->3717951K(6595840K), 0.2743994 secs] [Times: user=2.03 sys=0.00, real=0.28 secs] 
2012-05-23T11:13:39.088+0200: 143140.881: [GC [PSYoungGen: 1354170K->188628K(1874112K)] 4962943K->3886202K(6652800K), 0.3521798 secs] [Times: user=2.59 sys=0.00, real=0.36 secs] 
2012-05-23T11:14:09.165+0200: 143170.960: [GC [PSYoungGen: 1512148K->101659K(1838720K)] 5209722K->3938484K(6617408K), 0.3479001 secs] [Times: user=2.40 sys=0.00, real=0.34 secs] 
2012-05-23T11:14:23.642+0200: 143185.428: [GC [PSYoungGen: 1425179K->165982K(1920064K)] 5262004K->4002806K(6698752K), 0.3339402 secs] [Times: user=2.01 sys=0.00, real=0.33 secs] 
2012-05-23T11:14:32.830+0200: 143194.627: [GC [PSYoungGen: 1587998K->226399K(1891264K)] 5424822K->4063224K(6669952K), 0.5466796 secs] [Times: user=2.56 sys=0.00, real=0.55 secs] 
2012-05-23T11:14:44.281+0200: 143206.066: [GC [PSYoungGen: 1636382K->58356K(1937600K)] 5473207K->4046219K(6716288K), 0.5492186 secs] [Times: user=2.22 sys=0.00, real=0.55 secs] 
2012-05-23T11:14:58.430+0200: 143220.227: [GC [PSYoungGen: 1538676K->119066K(1932032K)] 5526539K->4161891K(6710720K), 0.2457546 secs] [Times: user=1.84 sys=0.00, real=0.25 secs] 
2012-05-23T11:15:27.587+0200: 143249.385: [GC [PSYoungGen: 1599386K->88952K(1969728K)] 5642211K->4231935K(6748416K), 0.2850262 secs] [Times: user=1.98 sys=0.00, real=0.30 secs] 
2012-05-23T11:15:39.584+0200: 143261.380: [GC [PSYoungGen: 1625784K->347598K(1884480K)] 5768767K->4490580K(6663168K), 0.4785937 secs] [Times: user=3.39 sys=0.00, real=0.48 secs] 
2012-05-23T11:15:51.143+0200: 143272.937: [GC [PSYoungGen: 1884430K->335575K(1866688K)] 6027412K->4541929K(6645376K), 0.4773281 secs] [Times: user=3.29 sys=0.00, real=0.48 secs] 
2012-05-23T11:16:00.036+0200: 143281.831: [GC [PSYoungGen: 1739031K->187988K(1896384K)] 5945385K->4656143K(6675072K), 0.6636355 secs] [Times: user=4.69 sys=0.00, real=0.67 secs] 
2012-05-23T11:16:11.970+0200: 143293.755: [GC [PSYoungGen: 1591444K->119431K(1939712K)] 6059599K->4772642K(6718400K), 0.4185614 secs] [Times: user=3.09 sys=0.00, real=0.42 secs] 
2012-05-23T11:16:12.391+0200: 143294.174: [Full GC [PSYoungGen: 119431K->0K(1939712K)] [PSOldGen: 4653210K->1504244K(4778688K)] 4772642K->1504244K(6718400K) [PSPermGen: 113352K->113299K(393216K)], 9.9589860 secs] [Times: user=9.95 sys=0.00, real=9.95 secs] 
2012-05-23T11:16:36.852+0200: 143318.634: [GC [PSYoungGen: 1475648K->48552K(1925248K)] 2979892K->1552797K(6703936K), 0.1245000 secs] [Times: user=0.80 sys=0.00, real=0.13 secs] 
2012-05-23T11:16:49.738+0200: 143331.529: [GC [PSYoungGen: 1524200K->25791K(1945280K)] 3028445K->1568917K(6723968K), 0.1010100 secs] [Times: user=0.70 sys=0.00, real=0.11 secs] 
2012-05-23T11:17:04.917+0200: 143346.711: [GC [PSYoungGen: 1524479K->25368K(1942720K)] 3067605K->1582016K(6721408K), 0.0752425 secs] [Times: user=0.62 sys=0.00, real=0.08 secs] 
2012-05-23T11:17:17.725+0200: 143359.515: [GC [PSYoungGen: 1524056K->140062K(1980032K)] 3080704K->1696711K(6758720K), 0.1922066 secs] [Times: user=1.47 sys=0.02, real=0.20 secs] 
2012-05-23T11:17:37.880+0200: 143379.668: [GC [PSYoungGen: 1682206K->196574K(1951424K)] 3238855K->1753223K(6730112K), 0.2696430 secs] [Times: user=1.75 sys=0.00, real=0.26 secs] 
2012-05-23T11:18:01.109+0200: 143402.896: [GC [PSYoungGen: 1738718K->219574K(1985600K)] 3295367K->1776222K(6764288K), 0.2501674 secs] [Times: user=1.78 sys=0.00, real=0.25 secs] 
2012-05-23T11:18:15.024+0200: 143416.803: [GC [PSYoungGen: 1802998K->101020K(1986368K)] 3359646K->1657669K(6765056K), 0.1359113 secs] [Times: user=0.87 sys=0.00, real=0.13 secs] 
2012-05-23T11:18:29.064+0200: 143430.842: [GC [PSYoungGen: 1684444K->121714K(2020416K)] 3241093K->1678363K(6799104K), 0.1727612 secs] [Times: user=1.11 sys=0.00, real=0.17 secs] 
2012-05-23T11:18:44.228+0200: 143446.006: [GC [PSYoungGen: 1754482K->130048K(2001664K)] 3311131K->1686697K(6780352K), 0.1858897 secs] [Times: user=1.22 sys=0.00, real=0.19 secs] 
2012-05-23T11:18:59.126+0200: 143460.914: [GC [PSYoungGen: 1762816K->197817K(2040704K)] 3319465K->1754465K(6819392K), 0.3387196 secs] [Times: user=2.12 sys=0.00, real=0.34 secs] 
2012-05-23T11:19:46.082+0200: 143507.862: [GC [PSYoungGen: 1888697K->317783K(2008704K)] 3445345K->1874431K(6787392K), 0.4870620 secs] [Times: user=3.42 sys=0.00, real=0.48 secs] 
2012-05-23T11:20:18.422+0200: 143540.206: [GC [PSYoungGen: 2008663K->380595K(1812096K)] 3565311K->2023597K(6590784K), 0.6338853 secs] [Times: user=4.48 sys=0.00, real=0.64 secs] 
2012-05-23T11:20:34.693+0200: 143556.475: [GC [PSYoungGen: 1812083K->398852K(1830400K)] 3455085K->2061910K(6609088K), 0.4448096 secs] [Times: user=3.06 sys=0.00, real=0.45 secs] 
2012-05-23T11:20:52.524+0200: 143574.308: [GC [PSYoungGen: 1830340K->420057K(1775936K)] 3493398K->2083115K(6554624K), 0.4428717 secs] [Times: user=3.26 sys=0.00, real=0.45 secs] 
2012-05-23T11:21:12.539+0200: 143594.321: [GC [PSYoungGen: 1670809K->438682K(1689472K)] 3333867K->2101740K(6468160K), 0.4864359 secs] [Times: user=3.39 sys=0.00, real=0.48 secs] 
2012-05-23T11:21:27.858+0200: 143609.641: [GC [PSYoungGen: 1689434K->456170K(1702912K)] 3352492K->2119228K(6481600K), 0.5055116 secs] [Times: user=3.35 sys=0.01, real=0.51 secs] 
2012-05-23T11:21:43.443+0200: 143625.220: [GC [PSYoungGen: 1548714K->452919K(1545472K)] 3211772K->2131377K(6324160K), 0.4948596 secs] [Times: user=3.37 sys=0.00, real=0.50 secs] 
2012-05-23T11:21:55.876+0200: 143637.654: [GC [PSYoungGen: 1545463K->457100K(1669696K)] 3223921K->2150366K(6448384K), 0.5430793 secs] [Times: user=4.13 sys=0.00, real=0.55 secs] 
2012-05-23T11:22:08.544+0200: 143650.319: [GC [PSYoungGen: 1450700K->437519K(1431168K)] 3143966K->2159744K(6209856K), 0.5557480 secs] [Times: user=4.09 sys=0.00, real=0.55 secs] 
2012-05-23T11:22:20.462+0200: 143662.247: [GC [PSYoungGen: 1431119K->381346K(1700544K)] 3153344K->2168204K(6479232K), 0.4530572 secs] [Times: user=3.62 sys=0.00, real=0.45 secs] 
2012-05-23T11:22:29.136+0200: 143670.919: [GC [PSYoungGen: 1376098K->254656K(1683520K)] 3162956K->2224953K(6462208K), 0.4724094 secs] [Times: user=3.54 sys=0.00, real=0.48 secs] 
2012-05-23T11:22:36.905+0200: 143678.679: [GC [PSYoungGen: 1249408K->264972K(1748160K)] 3219705K->2343565K(6526848K), 0.3833575 secs] [Times: user=3.00 sys=0.00, real=0.37 secs] 
2012-05-23T11:22:55.251+0200: 143697.031: [GC [PSYoungGen: 1347404K->264030K(1723584K)] 3425997K->2377592K(6502272K), 0.3389075 secs] [Times: user=2.43 sys=0.00, real=0.34 secs] 
2012-05-23T11:23:16.888+0200: 143718.664: [GC [PSYoungGen: 1346462K->255534K(1792768K)] 3460024K->2395763K(6571456K), 0.3014903 secs] [Times: user=2.17 sys=0.00, real=0.30 secs] 
2012-05-23T11:23:45.764+0200: 143747.541: [GC [PSYoungGen: 1430638K->151961K(1771648K)] 3570867K->2311662K(6550336K), 0.1816929 secs] [Times: user=1.50 sys=0.00, real=0.19 secs] 
2012-05-23T11:23:59.882+0200: 143761.650: [GC [PSYoungGen: 1327065K->90448K(1788288K)] 3486766K->2261870K(6566976K), 0.1405217 secs] [Times: user=0.83 sys=0.00, real=0.14 secs] 
2012-05-23T11:24:11.379+0200: 143773.155: [GC [PSYoungGen: 1285136K->101166K(1792000K)] 3456558K->2272587K(6570688K), 0.1476107 secs] [Times: user=1.09 sys=0.00, real=0.16 secs] 
2012-05-23T11:24:22.518+0200: 143784.295: [GC [PSYoungGen: 1295854K->115748K(1806528K)] 3467275K->2287170K(6585216K), 0.1465340 secs] [Times: user=1.11 sys=0.00, real=0.16 secs] 
2012-05-23T11:24:34.156+0200: 143795.933: [GC [PSYoungGen: 1328932K->203534K(1795968K)] 3500354K->2374956K(6574656K), 0.2865504 secs] [Times: user=2.11 sys=0.00, real=0.30 secs] 
2012-05-23T11:24:49.928+0200: 143811.705: [GC [PSYoungGen: 1416714K->209402K(1861952K)] 3588136K->2380824K(6640640K), 0.2836254 secs] [Times: user=2.01 sys=0.00, real=0.28 secs] 
2012-05-23T11:25:07.259+0200: 143829.030: [GC [PSYoungGen: 1516730K->228832K(1834688K)] 3688152K->2400254K(6613376K), 0.4175896 secs] [Times: user=1.95 sys=0.00, real=0.42 secs] 
2012-05-23T11:25:23.281+0200: 143845.054: [GC [PSYoungGen: 1536160K->279499K(1899904K)] 3707582K->2450921K(6678592K), 0.3450432 secs] [Times: user=2.67 sys=0.00, real=0.34 secs] 
2012-05-23T11:25:36.728+0200: 143858.505: [GC [PSYoungGen: 1680651K->352552K(1753728K)] 3852073K->2523973K(6532416K), 0.4004472 secs] [Times: user=3.23 sys=0.00, real=0.41 secs] 
2012-05-23T11:25:44.606+0200: 143866.381: [GC [PSYoungGen: 1753704K->489820K(1755968K)] 3925125K->2661242K(6534656K), 0.5665991 secs] [Times: user=4.49 sys=0.00, real=0.58 secs] 
2012-05-23T11:25:52.656+0200: 143874.420: [GC [PSYoungGen: 1739036K->570041K(1819264K)] 3910458K->2769351K(6597952K), 0.6133013 secs] [Times: user=4.84 sys=0.00, real=0.61 secs] 
2012-05-23T11:25:59.692+0200: 143881.456: [GC [PSYoungGen: 1819257K->570020K(1485440K)] 4018567K->2807534K(6264128K), 0.6737110 secs] [Times: user=5.15 sys=0.00, real=0.67 secs] 
2012-05-23T11:26:15.526+0200: 143897.289: [GC [PSYoungGen: 1485412K->495084K(1410496K)] 3722926K->2771037K(6189184K), 0.5779325 secs] [Times: user=4.29 sys=0.00, real=0.58 secs] 
2012-05-23T11:26:33.170+0200: 143914.938: [GC [PSYoungGen: 1410476K->418458K(1649280K)] 3686429K->2782888K(6427968K), 0.5804121 secs] [Times: user=4.23 sys=0.00, real=0.58 secs] 
2012-05-23T11:26:55.494+0200: 143937.262: [GC [PSYoungGen: 1311962K->401988K(1633536K)] 3676392K->2795810K(6412224K), 0.4436939 secs] [Times: user=3.40 sys=0.00, real=0.44 secs] 
2012-05-23T11:27:15.243+0200: 143957.015: [GC [PSYoungGen: 1295492K->316510K(1699008K)] 3689314K->2807473K(6477696K), 0.4549260 secs] [Times: user=3.46 sys=0.00, real=0.45 secs] 
2012-05-23T11:27:33.137+0200: 143974.912: [GC [PSYoungGen: 1297566K->103034K(1671360K)] 3788529K->2818415K(6450048K), 0.4238016 secs] [Times: user=3.50 sys=0.00, real=0.44 secs] 
2012-05-23T11:27:53.698+0200: 143995.473: [GC [PSYoungGen: 1084090K->67350K(1672064K)] 3799471K->2833199K(6450752K), 0.1774203 secs] [Times: user=1.34 sys=0.00, real=0.19 secs] 
2012-05-23T11:28:13.120+0200: 144014.893: [GC [PSYoungGen: 1038934K->68442K(1040064K)] 3804783K->2846130K(5818752K), 0.1199167 secs] [Times: user=0.86 sys=0.00, real=0.13 secs] 
2012-05-23T11:28:34.118+0200: 144035.878: [GC [PSYoungGen: 1040026K->149325K(1700352K)] 3817714K->2927013K(6479040K), 0.2007282 secs] [Times: user=1.47 sys=0.00, real=0.19 secs] 
2012-05-23T11:28:57.737+0200: 144059.503: [GC [PSYoungGen: 1140685K->167097K(1680320K)] 3918373K->2944785K(6459008K), 0.3095813 secs] [Times: user=2.40 sys=0.00, real=0.31 secs] 
2012-05-23T11:29:16.675+0200: 144078.440: [GC [PSYoungGen: 1158457K->237521K(1761920K)] 3936145K->3015209K(6540608K), 0.3030345 secs] [Times: user=2.37 sys=0.00, real=0.30 secs] 
2012-05-23T11:29:35.177+0200: 144096.941: [GC [PSYoungGen: 1335121K->282357K(1724992K)] 4112809K->3060046K(6503680K), 0.4387092 secs] [Times: user=3.50 sys=0.00, real=0.44 secs] 
2012-05-23T11:30:00.122+0200: 144121.884: [GC [PSYoungGen: 1379957K->310355K(1804672K)] 4157646K->3088043K(6583360K), 0.4311128 secs] [Times: user=3.35 sys=0.00, real=0.44 secs] 
2012-05-23T11:30:34.068+0200: 144155.824: [GC [PSYoungGen: 1515219K->175629K(1789504K)] 4292907K->2953317K(6568192K), 0.3145952 secs] [Times: user=2.37 sys=0.00, real=0.31 secs] 
2012-05-23T11:30:57.562+0200: 144179.329: [GC [PSYoungGen: 1380493K->185801K(1840960K)] 4158181K->2963489K(6619648K), 0.3124049 secs] [Times: user=2.50 sys=0.00, real=0.31 secs] 
2012-05-23T11:31:21.508+0200: 144203.267: [GC [PSYoungGen: 1459017K->314349K(1821568K)] 4236705K->3092037K(6600256K), 0.3628830 secs] [Times: user=2.87 sys=0.00, real=0.36 secs] 
2012-05-23T11:31:47.186+0200: 144228.951: [GC [PSYoungGen: 1587565K->215414K(1868608K)] 4365253K->2993102K(6647296K), 0.3090247 secs] [Times: user=2.50 sys=0.00, real=0.31 secs] 
2012-05-23T11:32:10.945+0200: 144252.700: [GC [PSYoungGen: 1541302K->309849K(1846592K)] 4318990K->3087537K(6625280K), 0.4611953 secs] [Times: user=3.62 sys=0.00, real=0.45 secs] 
2012-05-23T11:32:39.509+0200: 144281.263: [GC [PSYoungGen: 1635737K->253503K(1899072K)] 4413425K->3043135K(6677760K), 0.3150882 secs] [Times: user=2.50 sys=0.00, real=0.31 secs] 
2012-05-23T11:33:18.494+0200: 144320.247: [GC [PSYoungGen: 1637119K->243368K(1873856K)] 4426751K->3042544K(6652544K), 0.3221307 secs] [Times: user=2.50 sys=0.00, real=0.31 secs] 
2012-05-23T11:34:16.012+0200: 144377.764: [GC [PSYoungGen: 1626984K->418598K(1842176K)] 4426160K->3228334K(6620864K), 0.4773306 secs] [Times: user=3.59 sys=0.00, real=0.47 secs] 
2012-05-23T11:34:49.100+0200: 144410.848: [GC [PSYoungGen: 1791590K->508141K(1881152K)] 4601326K->3680760K(6659840K), 1.2653684 secs] [Times: user=10.09 sys=0.00, real=1.26 secs] 
2012-05-23T11:35:30.799+0200: 144452.560: [GC [PSYoungGen: 1881133K->508128K(1328320K)] 5053752K->3817067K(6107008K), 0.8608304 secs] [Times: user=6.54 sys=0.00, real=0.87 secs] 
2012-05-23T11:35:36.400+0200: 144458.152: [GC [PSYoungGen: 1328288K->694323K(1514496K)] 4637227K->4005841K(6293184K), 0.8828076 secs] [Times: user=6.86 sys=0.00, real=0.89 secs] 
2012-05-23T11:35:40.472+0200: 144462.219: [GC [PSYoungGen: 1514483K->796390K(1592896K)] 4826001K->4187647K(6371584K), 1.0601726 secs] [Times: user=8.35 sys=0.00, real=1.06 secs] 
2012-05-23T11:35:46.415+0200: 144468.175: [GC [PSYoungGen: 1592870K->796414K(1592896K)] 4984127K->4398216K(6371584K), 1.2958108 secs] [Times: user=10.27 sys=0.00, real=1.31 secs] 
2012-05-23T11:35:50.315+0200: 144472.066: [GC [PSYoungGen: 1592894K->796413K(1592896K)] 5194696K->4480669K(6371584K), 1.2170934 secs] [Times: user=9.45 sys=0.00, real=1.22 secs] 
2012-05-23T11:35:59.863+0200: 144481.610: [GC [PSYoungGen: 1592893K->796407K(1592896K)] 5277149K->4508190K(6371584K), 1.2458933 secs] [Times: user=8.46 sys=0.00, real=1.25 secs] 
2012-05-23T11:36:03.201+0200: 144484.948: [GC [PSYoungGen: 1592887K->724542K(1592896K)] 5304670K->4522797K(6371584K), 1.1525545 secs] [Times: user=8.56 sys=0.00, real=1.15 secs] 
2012-05-23T11:36:09.878+0200: 144491.633: [GC [PSYoungGen: 1521022K->527583K(1592896K)] 5319277K->4594712K(6371584K), 1.1102503 secs] [Times: user=8.42 sys=0.00, real=1.11 secs] 
2012-05-23T11:36:38.941+0200: 144520.688: [GC [PSYoungGen: 1324063K->446509K(1592896K)] 5391192K->4754366K(6371584K), 1.2045281 secs] [Times: user=9.50 sys=0.00, real=1.20 secs] 
2012-05-23T11:36:51.905+0200: 144533.653: [GC [PSYoungGen: 1242989K->303050K(1592896K)] 5550846K->4758670K(6371584K), 0.7188582 secs] [Times: user=5.27 sys=0.00, real=0.72 secs] 
2012-05-23T11:37:08.316+0200: 144550.067: [GC [PSYoungGen: 1099530K->125029K(1592896K)] 5555150K->4624059K(6371584K), 0.2884105 secs] [Times: user=2.23 sys=0.03, real=0.30 secs] 
2012-05-23T11:37:08.613+0200: 144550.355: [Full GC [PSYoungGen: 125029K->0K(1592896K)] [PSOldGen: 4499029K->1293390K(4778688K)] 4624059K->1293390K(6371584K) [PSPermGen: 113317K->113317K(393216K)], 6.8264529 secs] [Times: user=6.82 sys=0.00, real=6.82 secs] 
2012-05-23T11:37:34.681+0200: 144576.434: [GC [PSYoungGen: 796480K->171588K(1592896K)] 2089870K->1464979K(6371584K), 0.3748298 secs] [Times: user=3.00 sys=0.00, real=0.37 secs] 
2012-05-23T11:37:46.615+0200: 144588.360: [GC [PSYoungGen: 968068K->354910K(1592896K)] 2261459K->1648301K(6371584K), 0.4991281 secs] [Times: user=3.79 sys=0.00, real=0.50 secs] 
2012-05-23T11:38:06.021+0200: 144607.776: [GC [PSYoungGen: 1151390K->181317K(1592896K)] 2444781K->1613892K(6371584K), 0.4572724 secs] [Times: user=3.74 sys=0.00, real=0.47 secs] 
2012-05-23T11:38:23.681+0200: 144625.431: [GC [PSYoungGen: 977797K->216714K(1592896K)] 2410372K->1650199K(6371584K), 0.2997413 secs] [Times: user=2.34 sys=0.00, real=0.30 secs] 
2012-05-23T11:38:37.471+0200: 144639.223: [GC [PSYoungGen: 1013194K->181882K(1592896K)] 2446679K->1615686K(6371584K), 0.2598200 secs] [Times: user=2.12 sys=0.00, real=0.27 secs] 
2012-05-23T11:39:06.394+0200: 144668.147: [GC [PSYoungGen: 978362K->118733K(1592896K)] 2412166K->1585521K(6371584K), 0.1962897 secs] [Times: user=1.62 sys=0.00, real=0.20 secs] 
2012-05-23T11:39:32.587+0200: 144694.335: [GC [PSYoungGen: 915213K->159540K(1592896K)] 2382001K->1739503K(6371584K), 0.3566183 secs] [Times: user=2.85 sys=0.00, real=0.36 secs] 
2012-05-23T11:39:47.610+0200: 144709.363: [GC [PSYoungGen: 956020K->317758K(1592896K)] 2535983K->2006511K(6371584K), 0.6352068 secs] [Times: user=5.12 sys=0.00, real=0.64 secs] 
2012-05-23T11:40:34.083+0200: 144755.830: [GC [PSYoungGen: 1114238K->325653K(1592896K)] 2802991K->2332662K(6371584K), 0.6935393 secs] [Times: user=5.62 sys=0.00, real=0.70 secs] 
2012-05-23T11:40:39.262+0200: 144761.001: [GC [PSYoungGen: 1122133K->304769K(1592896K)] 3129142K->2609606K(6371584K), 0.6684728 secs] [Times: user=5.12 sys=0.00, real=0.67 secs] 
2012-05-23T11:40:47.296+0200: 144769.047: [GC [PSYoungGen: 1101249K->136149K(1592896K)] 3406086K->2733450K(6371584K), 0.8070689 secs] [Times: user=5.90 sys=0.00, real=0.81 secs] 
2012-05-23T11:40:57.343+0200: 144779.093: [GC [PSYoungGen: 932629K->54208K(1602304K)] 3529930K->2787669K(6380992K), 0.4602583 secs] [Times: user=3.53 sys=0.00, real=0.47 secs] 
2012-05-23T11:40:59.948+0200: 144781.695: [GC [PSYoungGen: 865280K->19230K(1598080K)] 3598741K->2806821K(6376768K), 0.1877661 secs] [Times: user=1.50 sys=0.00, real=0.19 secs] 
2012-05-23T11:41:07.733+0200: 144789.482: [GC [PSYoungGen: 830302K->56540K(1625024K)] 3617893K->2863185K(6403712K), 0.2528636 secs] [Times: user=1.84 sys=0.00, real=0.26 secs] 
2012-05-23T11:41:27.888+0200: 144809.628: [GC [PSYoungGen: 899420K->186606K(1607168K)] 3706065K->3024522K(6385856K), 0.3227937 secs] [Times: user=2.51 sys=0.00, real=0.33 secs] 
2012-05-23T11:41:44.455+0200: 144826.190: [GC [PSYoungGen: 1029486K->174735K(1707392K)] 3867402K->3033631K(6486080K), 0.2666760 secs] [Times: user=2.12 sys=0.00, real=0.27 secs] 
2012-05-23T11:42:02.286+0200: 144844.028: [GC [PSYoungGen: 1161487K->90552K(1668672K)] 4020383K->2949832K(6447360K), 0.1285514 secs] [Times: user=1.00 sys=0.00, real=0.13 secs] 
2012-05-23T11:42:11.491+0200: 144853.235: [GC [PSYoungGen: 1077304K->61038K(1748032K)] 3936584K->2922036K(6526720K), 0.0928335 secs] [Times: user=0.75 sys=0.00, real=0.09 secs] 
2012-05-23T11:42:20.211+0200: 144861.959: [GC [PSYoungGen: 1149230K->160205K(1729472K)] 4010228K->3048425K(6508160K), 0.2814167 secs] [Times: user=2.18 sys=0.00, real=0.30 secs] 
2012-05-23T11:42:28.744+0200: 144870.491: [GC [PSYoungGen: 1248397K->33453K(1799168K)] 4136617K->3067454K(6577856K), 0.2552197 secs] [Times: user=2.12 sys=0.00, real=0.27 secs] 
2012-05-23T11:42:40.959+0200: 144882.693: [GC [PSYoungGen: 1229037K->93856K(1785728K)] 4263038K->3144983K(6564416K), 0.1793388 secs] [Times: user=1.37 sys=0.00, real=0.17 secs] 
2012-05-23T11:43:01.052+0200: 144902.797: [GC [PSYoungGen: 1289440K->40622K(1843136K)] 4340567K->3092866K(6621824K), 0.0812835 secs] [Times: user=0.62 sys=0.00, real=0.09 secs] 
2012-05-23T11:43:20.319+0200: 144922.055: [GC [PSYoungGen: 1320302K->186697K(1825856K)] 4372546K->3239476K(6604544K), 0.2726494 secs] [Times: user=2.12 sys=0.00, real=0.27 secs] 
2012-05-23T11:45:31.391+0200: 145053.119: [GC [PSYoungGen: 1466377K->90387K(1895104K)] 4519156K->3143166K(6673792K), 0.1098259 secs] [Times: user=0.76 sys=0.00, real=0.11 secs] 
2012-05-23T11:45:47.429+0200: 145069.155: [GC [PSYoungGen: 1467347K->277823K(1871168K)] 4520126K->3330603K(6649856K), 0.3440884 secs] [Times: user=2.75 sys=0.00, real=0.34 secs] 
2012-05-23T11:45:51.625+0200: 145073.354: [GC [PSYoungGen: 1654783K->298171K(1853120K)] 4707563K->3350951K(6631808K), 0.2861511 secs] [Times: user=2.25 sys=0.00, real=0.28 secs] 
2012-05-23T11:45:53.778+0200: 145075.504: [GC [PSYoungGen: 1645051K->238271K(1868096K)] 4697831K->3358889K(6646784K), 0.3061361 secs] [Times: user=2.34 sys=0.00, real=0.30 secs] 
2012-05-23T11:47:16.615+0200: 145158.339: [GC [PSYoungGen: 1585151K->122559K(1902208K)] 4705769K->3425462K(6680896K), 0.6542769 secs] [Times: user=4.85 sys=0.00, real=0.64 secs] 
2012-05-23T11:50:47.327+0200: 145369.057: [GC [PSYoungGen: 1515839K->152869K(1880384K)] 4818742K->3560590K(6659072K), 0.3276883 secs] [Times: user=2.42 sys=0.00, real=0.33 secs] 
2012-05-23T11:51:17.576+0200: 145399.295: [GC [PSYoungGen: 1546149K->62111K(1937728K)] 4953870K->3592561K(6716416K), 0.2630634 secs] [Times: user=1.90 sys=0.00, real=0.27 secs] 
2012-05-23T11:51:35.251+0200: 145416.966: [GC [PSYoungGen: 1539167K->246174K(1928640K)] 5069617K->3823306K(6707328K), 0.4132116 secs] [Times: user=3.21 sys=0.01, real=0.40 secs] 
2012-05-23T11:52:01.396+0200: 145443.126: [GC [PSYoungGen: 1723230K->243723K(1938048K)] 5300362K->3821159K(6716736K), 0.2477815 secs] [Times: user=2.00 sys=0.00, real=0.25 secs] 
2012-05-23T11:52:10.757+0200: 145452.480: [GC [PSYoungGen: 1728715K->255717K(1936256K)] 5306151K->3918600K(6714944K), 0.3787839 secs] [Times: user=2.92 sys=0.00, real=0.37 secs] 
2012-05-23T11:53:30.598+0200: 145532.311: [GC [PSYoungGen: 1740709K->87648K(1946624K)] 5403592K->4002020K(6725312K), 0.4417422 secs] [Times: user=3.48 sys=0.00, real=0.44 secs] 
2012-05-23T11:55:31.781+0200: 145653.498: [GC [PSYoungGen: 1582112K->82603K(1937152K)] 5496484K->4082326K(6715840K), 0.2795285 secs] [Times: user=1.89 sys=0.00, real=0.28 secs] 
2012-05-23T11:56:13.075+0200: 145694.795: [GC [PSYoungGen: 1577067K->9411K(1955968K)] 5576790K->4009133K(6734656K), 0.0507597 secs] [Times: user=0.20 sys=0.00, real=0.06 secs] 
2012-05-23T12:00:29.994+0200: 145951.699: [GC [PSYoungGen: 1533059K->78815K(1956480K)] 5532781K->4078537K(6735168K), 0.1313100 secs] [Times: user=0.89 sys=0.00, real=0.13 secs] 
2012-05-23T12:05:19.144+0200: 146240.838: [GC [PSYoungGen: 1602463K->172583K(1989056K)] 5602185K->4172306K(6767744K), 0.2321751 secs] [Times: user=1.62 sys=0.00, real=0.23 secs] 
2012-05-23T12:05:33.933+0200: 146255.623: [GC [PSYoungGen: 1744423K->333216K(1905088K)] 5744146K->4332938K(6683776K), 0.3743070 secs] [Times: user=2.96 sys=0.00, real=0.37 secs] 
2012-05-23T12:05:50.282+0200: 146271.974: [GC [PSYoungGen: 1905056K->443711K(1683584K)] 5904778K->4594977K(6462272K), 0.7340848 secs] [Times: user=5.77 sys=0.00, real=0.73 secs] 
2012-05-23T12:06:26.303+0200: 146308.006: [GC [PSYoungGen: 1683583K->574718K(1814592K)] 5834849K->4789130K(6593280K), 0.7457807 secs] [Times: user=5.99 sys=0.00, real=0.75 secs] 
2012-05-23T12:07:01.824+0200: 146343.522: [GC [PSYoungGen: 1814590K->574690K(1371200K)] 6029002K->5006942K(6149888K), 0.9324563 secs] [Times: user=7.46 sys=0.00, real=0.94 secs] 
2012-05-23T12:07:14.133+0200: 146355.822: [GC [PSYoungGen: 1371170K->610179K(1592896K)] 5803422K->5257566K(6371584K), 1.1304729 secs] [Times: user=8.95 sys=0.00, real=1.12 secs] 
2012-05-23T12:07:15.256+0200: 146356.953: [Full GC [PSYoungGen: 610179K->0K(1592896K)] [PSOldGen: 4647387K->2184998K(4778688K)] 5257566K->2184998K(6371584K) [PSPermGen: 113327K->113327K(393216K)], 13.1848831 secs] [Times: user=13.17 sys=0.00, real=13.18 secs] 
2012-05-23T12:07:35.474+0200: 146377.174: [GC [PSYoungGen: 796480K->498561K(1592896K)] 2981478K->2683560K(6371584K), 0.6738569 secs] [Times: user=5.49 sys=0.00, real=0.69 secs] 
2012-05-23T12:07:47.486+0200: 146389.178: [GC [PSYoungGen: 1295041K->451657K(1592896K)] 3480040K->3135625K(6371584K), 1.0964384 secs] [Times: user=8.42 sys=0.00, real=1.09 secs] 
2012-05-23T12:07:52.088+0200: 146393.777: [GC [PSYoungGen: 1248137K->334496K(1592896K)] 3932105K->3343722K(6371584K), 0.7068367 secs] [Times: user=5.62 sys=0.00, real=0.70 secs] 
2012-05-23T12:08:13.305+0200: 146415.001: [GC [PSYoungGen: 1130976K->111008K(1592896K)] 4140202K->3455650K(6371584K), 0.6558021 secs] [Times: user=5.24 sys=0.00, real=0.65 secs] 
2012-05-23T12:08:31.604+0200: 146433.294: [GC [PSYoungGen: 907437K->19012K(1592896K)] 4252080K->3473471K(6371584K), 0.1697195 secs] [Times: user=1.26 sys=0.00, real=0.17 secs] 
2012-05-23T12:08:49.341+0200: 146451.027: [GC [PSYoungGen: 815492K->8908K(1592896K)] 4269951K->3465998K(6371584K), 0.0493824 secs] [Times: user=0.19 sys=0.00, real=0.05 secs] 
2012-05-23T12:08:50.277+0200: 146451.966: [GC [PSYoungGen: 805388K->5033K(1592896K)] 4262478K->3466438K(6371584K), 0.0417190 secs] [Times: user=0.25 sys=0.00, real=0.05 secs] 
2012-05-23T12:08:51.213+0200: 146452.902: [GC [PSYoungGen: 801513K->5965K(1592896K)] 4262918K->3471147K(6371584K), 0.0416627 secs] [Times: user=0.25 sys=0.00, real=0.05 secs] 
2012-05-23T12:08:55.940+0200: 146457.633: [GC [PSYoungGen: 802445K->29503K(1604672K)] 4267627K->3500455K(6383360K), 0.0838353 secs] [Times: user=0.33 sys=0.00, real=0.09 secs] 
2012-05-23T12:10:55.235+0200: 146576.915: [GC [PSYoungGen: 837759K->106475K(1592896K)] 4308711K->3603006K(6371584K), 0.1879177 secs] [Times: user=1.37 sys=0.00, real=0.19 secs] 
2012-05-23T12:12:34.920+0200: 146676.611: [GC [PSYoungGen: 914731K->139337K(1691968K)] 4411262K->3724307K(6470656K), 0.3315707 secs] [Times: user=2.43 sys=0.00, real=0.34 secs] 
2012-05-23T12:12:48.492+0200: 146690.168: [GC [PSYoungGen: 1088329K->85348K(1646336K)] 4673299K->3794404K(6425024K), 0.3493183 secs] [Times: user=2.37 sys=0.00, real=0.34 secs] 
2012-05-23T12:12:59.553+0200: 146701.234: [GC [PSYoungGen: 1034340K->233446K(1753408K)] 4743396K->4018775K(6532096K), 0.4475973 secs] [Times: user=3.32 sys=0.00, real=0.45 secs] 
2012-05-23T12:13:15.668+0200: 146717.349: [GC [PSYoungGen: 1322854K->177460K(1725312K)] 5108183K->4153906K(6504000K), 0.5736272 secs] [Times: user=4.34 sys=0.00, real=0.58 secs] 
2012-05-23T12:13:26.245+0200: 146727.929: [GC [PSYoungGen: 1266868K->16144K(1810112K)] 5243314K->4155123K(6588800K), 0.2676063 secs] [Times: user=2.12 sys=0.00, real=0.27 secs] 
2012-05-23T12:13:43.888+0200: 146745.567: [GC [PSYoungGen: 1234576K->130087K(1797632K)] 5373555K->4269370K(6576320K), 0.2068613 secs] [Times: user=1.50 sys=0.00, real=0.20 secs] 
2012-05-23T12:13:59.379+0200: 146761.068: [GC [PSYoungGen: 1348519K->342593K(1788416K)] 5487802K->4580275K(6567104K), 0.5772434 secs] [Times: user=4.60 sys=0.01, real=0.58 secs] 
2012-05-23T12:14:09.738+0200: 146771.426: [GC [PSYoungGen: 1586945K->146087K(1816832K)] 5824627K->4721292K(6595520K), 0.6546383 secs] [Times: user=5.24 sys=0.00, real=0.65 secs] 
2012-05-23T12:14:10.393+0200: 146772.081: [Full GC [PSYoungGen: 146087K->0K(1816832K)] [PSOldGen: 4575204K->1558919K(4778688K)] 4721292K->1558919K(6595520K) [PSPermGen: 113331K->113331K(393216K)], 8.9230858 secs] [Times: user=8.92 sys=0.00, real=8.92 secs] 
2012-05-23T12:14:55.805+0200: 146817.486: [GC [PSYoungGen: 1231530K->184569K(1883584K)] 2790449K->1743488K(6662272K), 0.2131772 secs] [Times: user=1.61 sys=0.00, real=0.22 secs] 
2012-05-23T12:15:18.129+0200: 146839.812: [GC [PSYoungGen: 1528953K->231181K(1850112K)] 3087872K->1920712K(6628800K), 0.4097152 secs] [Times: user=3.06 sys=0.00, real=0.42 secs] 
2012-05-23T12:15:27.692+0200: 146849.376: [GC [PSYoungGen: 1575565K->130998K(1918720K)] 3265096K->2043151K(6697408K), 0.4232241 secs] [Times: user=3.37 sys=0.00, real=0.42 secs] 
2012-05-23T12:15:40.905+0200: 146862.581: [GC [PSYoungGen: 1557046K->214894K(1896640K)] 3469199K->2237700K(6675328K), 0.4468227 secs] [Times: user=3.49 sys=0.02, real=0.45 secs] 
2012-05-23T12:18:35.409+0200: 147037.086: [GC [PSYoungGen: 1640942K->35262K(1936768K)] 3663748K->2228100K(6715456K), 0.5477640 secs] [Times: user=4.32 sys=0.00, real=0.55 secs] 
2012-05-23T12:19:36.968+0200: 147098.638: [GC [PSYoungGen: 1517054K->76139K(1934336K)] 3709892K->2295765K(6713024K), 0.1431242 secs] [Times: user=0.89 sys=0.00, real=0.14 secs] 
2012-05-23T12:20:45.312+0200: 147166.974: [GC [PSYoungGen: 1557931K->22848K(1955008K)] 3777557K->2252818K(6733696K), 0.0910072 secs] [Times: user=0.28 sys=0.00, real=0.08 secs] 
2012-05-23T12:21:48.087+0200: 147229.747: [GC [PSYoungGen: 1538368K->44863K(1949824K)] 3768338K->2274833K(6728512K), 0.0763295 secs] [Times: user=0.44 sys=0.00, real=0.06 secs] 
2012-05-23T12:22:44.123+0200: 147285.794: [GC [PSYoungGen: 1560383K->71779K(1985152K)] 3790353K->2301749K(6763840K), 0.1204062 secs] [Times: user=0.91 sys=0.00, real=0.13 secs] 
2012-05-23T12:24:01.922+0200: 147363.577: [GC [PSYoungGen: 1634659K->71424K(1967040K)] 3864629K->2301394K(6745728K), 0.0804643 secs] [Times: user=0.50 sys=0.00, real=0.08 secs] 
2012-05-23T12:25:31.685+0200: 147453.350: [GC [PSYoungGen: 1634304K->146696K(2020544K)] 3864274K->2376666K(6799232K), 0.1626371 secs] [Times: user=1.26 sys=0.00, real=0.17 secs] 
2012-05-23T12:25:53.697+0200: 147475.357: [GC [PSYoungGen: 1781000K->339848K(1974208K)] 4010970K->2569818K(6752896K), 0.3998517 secs] [Times: user=3.14 sys=0.00, real=0.41 secs] 
2012-05-23T12:28:36.282+0200: 147637.934: [GC [PSYoungGen: 1974152K->92350K(1983936K)] 4204122K->2322320K(6762624K), 0.0982396 secs] [Times: user=0.64 sys=0.00, real=0.09 secs] 
2012-05-23T12:30:34.204+0200: 147755.851: [GC [PSYoungGen: 1661182K->96648K(1974208K)] 3891152K->2326618K(6752896K), 0.0995994 secs] [Times: user=0.64 sys=0.00, real=0.09 secs] 
2012-05-23T12:31:58.086+0200: 147839.740: [GC [PSYoungGen: 1665480K->92666K(2020352K)] 3895450K->2322636K(6799040K), 0.0943689 secs] [Times: user=0.62 sys=0.00, real=0.09 secs] 
2012-05-23T12:32:56.650+0200: 147898.302: [GC [PSYoungGen: 1726522K->100834K(2002816K)] 3956492K->2330804K(6781504K), 0.1096093 secs] [Times: user=0.78 sys=0.00, real=0.11 secs] 
2012-05-23T12:32:58.584+0200: 147900.234: [GC [PSYoungGen: 1734690K->97793K(2055488K)] 3964660K->2327763K(6834176K), 0.0886843 secs] [Times: user=0.75 sys=0.00, real=0.09 secs] 
2012-05-23T12:33:11.548+0200: 147913.188: [GC [PSYoungGen: 1802625K->191824K(2038656K)] 4032595K->2421795K(6817344K), 0.1892898 secs] [Times: user=1.48 sys=0.00, real=0.19 secs] 
2012-05-23T12:34:11.000+0200: 147972.646: [GC [PSYoungGen: 1896656K->251029K(2005184K)] 4126627K->2480999K(6783872K), 0.2976145 secs] [Times: user=2.03 sys=0.00, real=0.30 secs] 
2012-05-23T12:35:18.175+0200: 148039.818: [GC [PSYoungGen: 1918805K->276612K(1944448K)] 4148775K->2506583K(6723136K), 0.3699495 secs] [Times: user=1.93 sys=0.00, real=0.37 secs] 
2012-05-23T12:35:36.052+0200: 148057.687: [GC [PSYoungGen: 1944388K->369420K(1890560K)] 4174359K->2599390K(6669248K), 0.3750940 secs] [Times: user=2.95 sys=0.00, real=0.38 secs] 
2012-05-23T12:35:57.003+0200: 148078.643: [GC [PSYoungGen: 1871948K->443388K(1945920K)] 4101918K->2781371K(6724608K), 0.6613387 secs] [Times: user=4.93 sys=0.00, real=0.66 secs] 
2012-05-23T12:36:45.505+0200: 148127.141: [GC [PSYoungGen: 1945916K->443363K(1568832K)] 4283899K->2854096K(6347520K), 0.5731889 secs] [Times: user=4.45 sys=0.00, real=0.58 secs] 
2012-05-23T12:37:20.730+0200: 148162.370: [GC [PSYoungGen: 1568803K->493626K(1619072K)] 3979536K->2928752K(6397760K), 0.6326335 secs] [Times: user=4.57 sys=0.00, real=0.64 secs] 
2012-05-23T12:37:29.887+0200: 148171.527: [GC [PSYoungGen: 1619066K->628198K(1522624K)] 4054192K->3063324K(6301312K), 0.6328885 secs] [Times: user=4.80 sys=0.00, real=0.64 secs] 
2012-05-23T12:37:33.928+0200: 148175.563: [GC [PSYoungGen: 1465894K->743227K(1580928K)] 3901020K->3182089K(6359616K), 0.6382444 secs] [Times: user=5.12 sys=0.00, real=0.64 secs] 
2012-05-23T12:37:41.119+0200: 148182.749: [GC [PSYoungGen: 1580923K->724276K(1592896K)] 4019785K->3165897K(6371584K), 0.6981933 secs] [Times: user=5.41 sys=0.00, real=0.69 secs] 
2012-05-23T12:37:48.951+0200: 148190.587: [GC [PSYoungGen: 1520756K->742049K(1592896K)] 3962377K->3187231K(6371584K), 0.7043239 secs] [Times: user=5.43 sys=0.00, real=0.70 secs] 
2012-05-23T12:37:56.907+0200: 148198.538: [GC [PSYoungGen: 1538529K->655386K(1592896K)] 3983711K->3206611K(6371584K), 0.7263066 secs] [Times: user=5.74 sys=0.00, real=0.72 secs] 
2012-05-23T12:38:10.292+0200: 148211.928: [GC [PSYoungGen: 1451866K->638781K(1592896K)] 4003091K->3236888K(6371584K), 0.6439019 secs] [Times: user=5.12 sys=0.00, real=0.64 secs] 
2012-05-23T12:38:17.265+0200: 148218.906: [GC [PSYoungGen: 1435261K->505558K(1592896K)] 4033368K->3298299K(6371584K), 0.7389267 secs] [Times: user=5.57 sys=0.00, real=0.75 secs] 
2012-05-23T12:38:25.268+0200: 148226.910: [GC [PSYoungGen: 1302038K->317415K(1592896K)] 4094779K->3312174K(6371584K), 0.5417564 secs] [Times: user=3.92 sys=0.00, real=0.55 secs] 
2012-05-23T12:39:14.471+0200: 148276.102: [GC [PSYoungGen: 1113895K->166482K(1592896K)] 4108654K->3310249K(6371584K), 0.3486481 secs] [Times: user=2.57 sys=0.00, real=0.34 secs] 
2012-05-23T12:39:33.175+0200: 148294.816: [GC [PSYoungGen: 962962K->125679K(1592896K)] 4106729K->3310678K(6371584K), 0.2180493 secs] [Times: user=1.65 sys=0.00, real=0.22 secs] 
2012-05-23T12:39:54.002+0200: 148315.633: [GC [PSYoungGen: 922159K->47036K(1592896K)] 4107158K->3338696K(6371584K), 0.2385883 secs] [Times: user=1.78 sys=0.00, real=0.23 secs] 
2012-05-23T12:40:18.759+0200: 148340.398: [GC [PSYoungGen: 843516K->23335K(1592896K)] 4135176K->3323136K(6371584K), 0.0691985 secs] [Times: user=0.51 sys=0.00, real=0.08 secs] 
2012-05-23T12:40:39.118+0200: 148360.742: [GC [PSYoungGen: 819815K->18064K(1592896K)] 4119616K->3318401K(6371584K), 0.0421081 secs] [Times: user=0.25 sys=0.00, real=0.03 secs] 
2012-05-23T12:40:55.966+0200: 148377.604: [GC [PSYoungGen: 814544K->22748K(1592896K)] 4114881K->3324065K(6371584K), 0.0545530 secs] [Times: user=0.34 sys=0.00, real=0.06 secs] 
2012-05-23T12:41:16.106+0200: 148397.738: [GC [PSYoungGen: 819228K->11599K(1592896K)] 4120545K->3314412K(6371584K), 0.0438611 secs] [Times: user=0.25 sys=0.00, real=0.05 secs] 
2012-05-23T12:41:38.289+0200: 148419.921: [GC [PSYoungGen: 808079K->35866K(1592896K)] 4110892K->3340568K(6371584K), 0.0904496 secs] [Times: user=0.39 sys=0.00, real=0.09 secs] 
2012-05-23T12:42:02.516+0200: 148444.143: [GC [PSYoungGen: 832346K->19964K(1592896K)] 4137048K->3326166K(6371584K), 0.0761319 secs] [Times: user=0.22 sys=0.00, real=0.08 secs] 
2012-05-23T12:42:23.545+0200: 148465.172: [GC [PSYoungGen: 816444K->29347K(1592896K)] 4122646K->3337825K(6371584K), 0.0787379 secs] [Times: user=0.38 sys=0.00, real=0.08 secs] 
2012-05-23T12:42:43.982+0200: 148485.613: [GC [PSYoungGen: 825827K->11042K(1599936K)] 4134305K->3328661K(6378624K), 0.0584651 secs] [Times: user=0.41 sys=0.00, real=0.06 secs] 
2012-05-23T12:43:30.392+0200: 148532.014: [GC [PSYoungGen: 814562K->19838K(1592896K)] 4132181K->3337456K(6371584K), 0.0552724 secs] [Times: user=0.37 sys=0.00, real=0.05 secs] 
2012-05-23T12:44:24.478+0200: 148586.103: [GC [PSYoungGen: 823358K->24210K(1675136K)] 4140976K->3341829K(6453824K), 0.0591061 secs] [Times: user=0.41 sys=0.00, real=0.06 secs] 
2012-05-23T12:45:25.132+0200: 148646.755: [GC [PSYoungGen: 947026K->79271K(1636992K)] 4264645K->3396889K(6415680K), 0.1183152 secs] [Times: user=0.89 sys=0.00, real=0.12 secs] 
2012-05-23T12:45:35.662+0200: 148657.291: [GC [PSYoungGen: 1002087K->135920K(1774784K)] 4319705K->3453539K(6553472K), 0.1617017 secs] [Times: user=1.37 sys=0.00, real=0.17 secs] 
2012-05-23T12:45:48.173+0200: 148669.790: [GC [PSYoungGen: 1243696K->309207K(1722304K)] 4561315K->3626825K(6500992K), 0.3757385 secs] [Times: user=3.00 sys=0.00, real=0.37 secs] 
2012-05-23T12:46:29.935+0200: 148711.549: [GC [PSYoungGen: 1416983K->65448K(1791360K)] 4734601K->3383066K(6570048K), 0.0973907 secs] [Times: user=0.55 sys=0.00, real=0.09 secs] 
2012-05-23T12:47:36.922+0200: 148778.539: [GC [PSYoungGen: 1225512K->65960K(1758016K)] 4543130K->3383579K(6536704K), 0.0761068 secs] [Times: user=0.50 sys=0.02, real=0.08 secs] 
2012-05-23T12:48:44.315+0200: 148845.937: [GC [PSYoungGen: 1226024K->73100K(1856256K)] 4543643K->3390718K(6634944K), 0.0842428 secs] [Times: user=0.64 sys=0.00, real=0.09 secs] 
2012-05-23T12:49:57.277+0200: 148918.894: [GC [PSYoungGen: 1363852K->75288K(1823808K)] 4681470K->3392906K(6602496K), 0.0884401 secs] [Times: user=0.64 sys=0.00, real=0.09 secs] 
2012-05-23T12:51:19.225+0200: 149000.844: [GC [PSYoungGen: 1366040K->73708K(1916864K)] 4683658K->3391327K(6695552K), 0.0869138 secs] [Times: user=0.64 sys=0.00, real=0.09 secs] 
2012-05-23T12:52:50.642+0200: 149092.248: [GC [PSYoungGen: 1488812K->64421K(1887552K)] 4806431K->3382039K(6666240K), 0.0749026 secs] [Times: user=0.52 sys=0.00, real=0.08 secs] 
2012-05-23T12:53:50.921+0200: 149152.526: [GC [PSYoungGen: 1479525K->147418K(1963648K)] 4797143K->3465036K(6742336K), 0.1754860 secs] [Times: user=1.37 sys=0.00, real=0.17 secs] 
2012-05-23T12:54:17.769+0200: 149179.382: [GC [PSYoungGen: 1664794K->338704K(1856128K)] 4982412K->3656322K(6634816K), 0.3977766 secs] [Times: user=3.23 sys=0.00, real=0.41 secs] 
2012-05-23T12:54:34.914+0200: 149196.519: [GC [PSYoungGen: 1856080K->476922K(1450944K)] 5173698K->4171478K(6229632K), 1.2199779 secs] [Times: user=9.72 sys=0.00, real=1.22 secs] 
2012-05-23T12:54:47.971+0200: 149209.577: [GC [PSYoungGen: 1450938K->596221K(1570240K)] 5145494K->4294539K(6348928K), 0.8092096 secs] [Times: user=6.41 sys=0.00, real=0.81 secs] 
2012-05-23T12:55:14.741+0200: 149236.343: [GC [PSYoungGen: 1570237K->493384K(1592896K)] 5268555K->4226623K(6371584K), 1.3453289 secs] [Times: user=4.68 sys=0.00, real=1.34 secs] 
2012-05-23T12:55:17.019+0200: 149238.618: [GC [PSYoungGen: 1289864K->464718K(1592896K)] 5023103K->4201893K(6371584K), 1.0269455 secs] [Times: user=5.60 sys=0.00, real=1.03 secs] 
2012-05-23T12:55:19.031+0200: 149240.640: [GC [PSYoungGen: 1261198K->459000K(1592896K)] 4998373K->4207615K(6371584K), 0.7524622 secs] [Times: user=5.79 sys=0.00, real=0.77 secs] 
2012-05-23T12:55:21.636+0200: 149243.235: [GC [PSYoungGen: 1255480K->450559K(1592896K)] 5004095K->4199206K(6371584K), 0.9404889 secs] [Times: user=5.48 sys=0.00, real=0.94 secs] 
2012-05-23T12:55:27.705+0200: 149249.305: [GC [PSYoungGen: 1247039K->533546K(1592896K)] 4995686K->4282241K(6371584K), 0.8238049 secs] [Times: user=6.47 sys=0.00, real=0.83 secs] 
2012-05-23T12:55:33.368+0200: 149254.968: [GC [PSYoungGen: 1330026K->550573K(1592896K)] 5078721K->4385265K(6371584K), 0.9582022 secs] [Times: user=7.43 sys=0.00, real=0.95 secs] 
2012-05-23T12:55:43.445+0200: 149265.042: [GC [PSYoungGen: 1347053K->365714K(1592896K)] 5181745K->4550072K(6371584K), 0.9560989 secs] [Times: user=7.61 sys=0.00, real=0.95 secs] 
2012-05-23T12:55:50.216+0200: 149271.816: [GC [PSYoungGen: 1162194K->410198K(1592896K)] 5346552K->4594913K(6371584K), 0.4456661 secs] [Times: user=3.26 sys=0.00, real=0.44 secs] 
2012-05-23T12:56:06.378+0200: 149287.985: [GC [PSYoungGen: 1206678K->480464K(1592896K)] 5391393K->4674594K(6371584K), 0.5085410 secs] [Times: user=3.99 sys=0.00, real=0.51 secs] 
2012-05-23T12:56:36.845+0200: 149318.447: [GC [PSYoungGen: 1276944K->355942K(1592896K)] 5471074K->4688447K(6371584K), 0.5837195 secs] [Times: user=4.49 sys=0.00, real=0.58 secs] 
2012-05-23T12:56:44.473+0200: 149326.082: [GC [PSYoungGen: 1152422K->184437K(1622080K)] 5484927K->4703220K(6400768K), 0.6219672 secs] [Times: user=4.90 sys=0.00, real=0.62 secs] 
2012-05-23T12:56:45.097+0200: 149326.704: [Full GC [PSYoungGen: 184437K->0K(1622080K)] [PSOldGen: 4518782K->859432K(4778688K)] 4703220K->859432K(6400768K) [PSPermGen: 113342K->113237K(393216K)], 6.2255018 secs] [Times: user=6.22 sys=0.00, real=6.23 secs] 
2012-05-23T12:56:57.656+0200: 149339.252: [GC [PSYoungGen: 848192K->17243K(865472K)] 1707624K->876675K(5644160K), 0.1072035 secs] [Times: user=0.64 sys=0.00, real=0.11 secs] 
2012-05-23T12:57:03.287+0200: 149344.889: [GC [PSYoungGen: 865435K->40853K(1600256K)] 1724867K->900737K(6378944K), 0.0688473 secs] [Times: user=0.48 sys=0.00, real=0.06 secs] 
2012-05-23T12:57:08.123+0200: 149349.730: [GC [PSYoungGen: 856661K->55371K(1602560K)] 1716545K->943720K(6381248K), 0.1293240 secs] [Times: user=1.01 sys=0.00, real=0.14 secs] 
2012-05-23T12:57:14.239+0200: 149355.846: [GC [PSYoungGen: 871179K->87382K(1629888K)] 1759528K->1011777K(6408576K), 0.1780066 secs] [Times: user=1.36 sys=0.00, real=0.19 secs] 
2012-05-23T12:57:20.744+0200: 149362.343: [GC [PSYoungGen: 938646K->271341K(1610688K)] 1863041K->1259523K(6389376K), 0.3973875 secs] [Times: user=3.09 sys=0.00, real=0.39 secs] 
2012-05-23T12:57:26.516+0200: 149368.121: [GC [PSYoungGen: 1122605K->167694K(1705024K)] 2110787K->1411411K(6483712K), 0.5669288 secs] [Times: user=4.29 sys=0.00, real=0.58 secs] 
2012-05-23T12:57:36.063+0200: 149377.668: [GC [PSYoungGen: 1157326K->122304K(1673920K)] 2401043K->1507200K(6452608K), 0.4399835 secs] [Times: user=3.17 sys=0.00, real=0.45 secs] 
2012-05-23T12:57:46.843+0200: 149388.442: [GC [PSYoungGen: 1111936K->44896K(1738176K)] 2496832K->1549307K(6516864K), 0.2208811 secs] [Times: user=1.75 sys=0.00, real=0.22 secs] 
2012-05-23T12:58:05.189+0200: 149406.781: [GC [PSYoungGen: 1121376K->293104K(1727616K)] 2625787K->1821590K(6506304K), 0.3324800 secs] [Times: user=2.62 sys=0.00, real=0.33 secs] 
2012-05-23T12:58:09.838+0200: 149411.432: [GC [PSYoungGen: 1369584K->202441K(1790784K)] 2898070K->1867045K(6569472K), 0.3045576 secs] [Times: user=2.36 sys=0.00, real=0.30 secs] 
2012-05-23T12:58:24.190+0200: 149425.787: [GC [PSYoungGen: 1356873K->32975K(1752960K)] 3021477K->1795765K(6531648K), 0.1602856 secs] [Times: user=1.11 sys=0.00, real=0.16 secs] 
2012-05-23T12:58:37.372+0200: 149438.966: [GC [PSYoungGen: 1187407K->26713K(1805760K)] 2950197K->1811225K(6584448K), 0.0806988 secs] [Times: user=0.56 sys=0.00, real=0.08 secs] 
2012-05-23T12:58:48.776+0200: 149450.378: [GC [PSYoungGen: 1239705K->68270K(1796544K)] 3024217K->1867858K(6575232K), 0.1287004 secs] [Times: user=0.86 sys=0.00, real=0.14 secs] 
2012-05-23T12:58:56.404+0200: 149458.004: [GC [PSYoungGen: 1281262K->25302K(1839808K)] 3080850K->1839020K(6618496K), 0.0578236 secs] [Times: user=0.50 sys=0.00, real=0.06 secs] 
2012-05-23T12:59:13.034+0200: 149474.636: [GC [PSYoungGen: 1301654K->21616K(1825856K)] 3115372K->1850878K(6604544K), 0.0742278 secs] [Times: user=0.62 sys=0.00, real=0.08 secs] 
2012-05-23T12:59:29.165+0200: 149490.755: [GC [PSYoungGen: 1297968K->22192K(1873792K)] 3127230K->1867456K(6652480K), 0.1081374 secs] [Times: user=0.45 sys=0.00, real=0.11 secs] 
2012-05-23T12:59:47.214+0200: 149508.806: [GC [PSYoungGen: 1362352K->19608K(1855680K)] 3207616K->1884011K(6634368K), 0.0832833 secs] [Times: user=0.45 sys=0.00, real=0.08 secs] 
2012-05-23T13:00:10.487+0200: 149532.078: [GC [PSYoungGen: 1359768K->43663K(1917312K)] 3224171K->1908066K(6696000K), 0.1076832 secs] [Times: user=0.56 sys=0.00, real=0.09 secs] 
2012-05-23T13:00:43.607+0200: 149565.220: [GC [PSYoungGen: 1464591K->100335K(1892928K)] 3328994K->1964738K(6671616K), 0.1656886 secs] [Times: user=1.37 sys=0.00, real=0.17 secs] 
2012-05-23T13:01:03.270+0200: 149584.890: [GC [PSYoungGen: 1521263K->178315K(1959040K)] 3385666K->2042719K(6737728K), 0.2440747 secs] [Times: user=2.00 sys=0.00, real=0.25 secs] 
2012-05-23T13:02:59.737+0200: 149701.407: [GC [PSYoungGen: 1699019K->185458K(1950976K)] 3563423K->2049862K(6729664K), 0.2226802 secs] [Times: user=1.72 sys=0.00, real=0.22 secs] 
2012-05-23T13:04:55.065+0200: 149816.787: [GC [PSYoungGen: 1706162K->183074K(1973952K)] 3570566K->2047477K(6752640K), 0.2275917 secs] [Times: user=1.62 sys=0.00, real=0.22 secs] 
2012-05-23T13:05:41.013+0200: 149862.742: [GC [PSYoungGen: 1733218K->264569K(1814720K)] 3597621K->2128973K(6593408K), 0.3158726 secs] [Times: user=2.39 sys=0.00, real=0.33 secs] 
2012-05-23T13:05:57.079+0200: 149878.807: [GC [PSYoungGen: 1814713K->422859K(1805312K)] 3679117K->2287263K(6584000K), 0.5043990 secs] [Times: user=4.01 sys=0.00, real=0.52 secs] 
2012-05-23T13:07:14.054+0200: 149955.794: [GC [PSYoungGen: 1791883K->198256K(1879168K)] 3656287K->2062659K(6657856K), 0.2465297 secs] [Times: user=1.86 sys=0.00, real=0.25 secs] 
2012-05-23T13:09:05.360+0200: 150067.109: [GC [PSYoungGen: 1567280K->185982K(1930368K)] 3431683K->2050386K(6709056K), 0.3502072 secs] [Times: user=2.75 sys=0.00, real=0.36 secs] 
2012-05-23T13:10:50.447+0200: 150172.202: [GC [PSYoungGen: 1630398K->209950K(1903360K)] 3494802K->2074353K(6682048K), 0.3324304 secs] [Times: user=2.62 sys=0.00, real=0.33 secs] 
2012-05-23T13:12:44.962+0200: 150286.725: [GC [PSYoungGen: 1654366K->209435K(1961344K)] 3518769K->2073838K(6740032K), 0.3025803 secs] [Times: user=2.39 sys=0.00, real=0.31 secs] 
2012-05-23T13:14:15.361+0200: 150377.119: [GC [PSYoungGen: 1727579K->215190K(1946112K)] 3591982K->2079594K(6724800K), 0.3122395 secs] [Times: user=2.39 sys=0.00, real=0.31 secs] 
2012-05-23T13:15:27.135+0200: 150448.890: [GC [PSYoungGen: 1733334K->243573K(1975360K)] 3597738K->2107976K(6754048K), 0.3282766 secs] [Times: user=2.51 sys=0.00, real=0.33 secs] 
2012-05-23T13:15:45.215+0200: 150466.975: [GC [PSYoungGen: 1803381K->413943K(1973760K)] 3667784K->2300829K(6752448K), 0.5115131 secs] [Times: user=4.12 sys=0.00, real=0.52 secs] 
2012-05-23T13:16:27.772+0200: 150509.534: [GC [PSYoungGen: 1973751K->364098K(1783808K)] 3860637K->2278361K(6562496K), 0.3891752 secs] [Times: user=3.12 sys=0.00, real=0.39 secs] 
2012-05-23T13:18:08.236+0200: 150609.989: [GC [PSYoungGen: 1732354K->365507K(1733824K)] 3646617K->2279769K(6512512K), 0.3495882 secs] [Times: user=2.74 sys=0.00, real=0.34 secs] 
2012-05-23T13:19:16.033+0200: 150677.787: [GC [PSYoungGen: 1733763K->319346K(1857920K)] 3648025K->2284480K(6636608K), 0.3754375 secs] [Times: user=2.92 sys=0.00, real=0.38 secs] 
2012-05-23T13:19:17.874+0200: 150679.631: [GC [PSYoungGen: 1644850K->268126K(1856896K)] 3609984K->2280574K(6635584K), 0.3864284 secs] [Times: user=3.09 sys=0.00, real=0.39 secs] 
2012-05-23T13:19:26.267+0200: 150688.030: [GC [PSYoungGen: 1593630K->316985K(1881920K)] 3606078K->2331800K(6660608K), 0.3118135 secs] [Times: user=2.26 sys=0.00, real=0.31 secs] 
2012-05-23T13:20:59.290+0200: 150781.038: [GC [PSYoungGen: 1689401K->381805K(1754240K)] 3704216K->2398043K(6532928K), 0.4105902 secs] [Times: user=2.79 sys=0.00, real=0.41 secs] 
2012-05-23T13:21:49.632+0200: 150831.379: [GC [PSYoungGen: 1754221K->465940K(1769088K)] 3770459K->2517582K(6547776K), 0.5114112 secs] [Times: user=3.93 sys=0.00, real=0.50 secs] 
2012-05-23T13:22:11.394+0200: 150853.146: [GC [PSYoungGen: 1707220K->389850K(1631168K)] 3758862K->2465628K(6409856K), 0.4247232 secs] [Times: user=3.28 sys=0.00, real=0.42 secs] 
2012-05-23T13:22:25.293+0200: 150867.052: [GC [PSYoungGen: 1631130K->436536K(1763136K)] 3706908K->2530879K(6541824K), 0.4598129 secs] [Times: user=3.68 sys=0.00, real=0.47 secs] 
2012-05-23T13:22:44.123+0200: 150885.878: [GC [PSYoungGen: 1617528K->235526K(1785152K)] 3711871K->2497908K(6563840K), 0.3983920 secs] [Times: user=3.06 sys=0.00, real=0.41 secs] 
2012-05-23T13:22:49.333+0200: 150891.084: [GC [PSYoungGen: 1416518K->385734K(1798592K)] 3678900K->2648268K(6577280K), 0.2856555 secs] [Times: user=2.25 sys=0.00, real=0.28 secs] 
2012-05-23T13:23:07.383+0200: 150909.131: [GC [PSYoungGen: 1595654K->325909K(1799616K)] 3858188K->2621891K(6578304K), 0.2902567 secs] [Times: user=2.14 sys=0.00, real=0.28 secs] 
2012-05-23T13:23:25.947+0200: 150927.692: [GC [PSYoungGen: 1535829K->268684K(1840000K)] 3831811K->2637727K(6618688K), 0.2727170 secs] [Times: user=2.04 sys=0.00, real=0.26 secs] 
2012-05-23T13:23:43.622+0200: 150945.365: [GC [PSYoungGen: 1542348K->276249K(1822976K)] 3911391K->2655372K(6601664K), 0.2668015 secs] [Times: user=1.72 sys=0.00, real=0.27 secs] 
2012-05-23T13:24:01.265+0200: 150963.013: [GC [PSYoungGen: 1549913K->114531K(1836928K)] 3929036K->2673177K(6615616K), 0.3154195 secs] [Times: user=2.12 sys=0.00, real=0.31 secs] 
2012-05-23T13:24:19.642+0200: 150981.394: [GC [PSYoungGen: 1420067K->61617K(1367168K)] 3978713K->2689008K(6145856K), 0.1803346 secs] [Times: user=1.20 sys=0.00, real=0.19 secs] 
2012-05-23T13:24:36.303+0200: 150998.047: [GC [PSYoungGen: 1367153K->39250K(1815168K)] 3994544K->2698632K(6593856K), 0.1297444 secs] [Times: user=0.76 sys=0.00, real=0.13 secs] 
2012-05-23T13:24:56.022+0200: 151017.774: [GC [PSYoungGen: 1299346K->20480K(1280640K)] 3958728K->2716034K(6059328K), 0.1036042 secs] [Times: user=0.75 sys=0.00, real=0.11 secs] 
2012-05-23T13:25:22.511+0200: 151044.253: [GC [PSYoungGen: 1280576K->43813K(1823872K)] 3976130K->2754890K(6602560K), 0.0931396 secs] [Times: user=0.64 sys=0.00, real=0.09 secs] 
2012-05-23T13:25:31.949+0200: 151053.698: [GC [PSYoungGen: 1297381K->114081K(1819008K)] 4008458K->2825159K(6597696K), 0.1657244 secs] [Times: user=1.37 sys=0.00, real=0.17 secs] 
2012-05-23T13:25:43.446+0200: 151065.196: [GC [PSYoungGen: 1367649K->307307K(1831296K)] 4078727K->3018385K(6609984K), 0.3901311 secs] [Times: user=3.12 sys=0.00, real=0.39 secs] 
2012-05-23T13:25:49.374+0200: 151071.127: [GC [PSYoungGen: 1594283K->116343K(1838144K)] 4305361K->2857473K(6616832K), 0.2522871 secs] [Times: user=1.70 sys=0.00, real=0.26 secs] 
2012-05-23T13:25:56.332+0200: 151078.076: [GC [PSYoungGen: 1403319K->56246K(1867200K)] 4144449K->2903587K(6645888K), 0.2686093 secs] [Times: user=1.84 sys=0.00, real=0.26 secs] 
2012-05-23T13:26:11.635+0200: 151093.387: [GC [PSYoungGen: 1391670K->194121K(1857536K)] 4239011K->3073440K(6636224K), 0.3426691 secs] [Times: user=2.68 sys=0.00, real=0.34 secs] 
2012-05-23T13:26:37.048+0200: 151118.789: [GC [PSYoungGen: 1529545K->89642K(1911744K)] 4408864K->3125280K(6690432K), 0.3424485 secs] [Times: user=2.62 sys=0.00, real=0.34 secs] 
2012-05-23T13:28:23.550+0200: 151225.290: [GC [PSYoungGen: 1508970K->16559K(1896896K)] 4544608K->3092654K(6675584K), 0.1127755 secs] [Times: user=0.86 sys=0.00, real=0.11 secs] 
2012-05-23T13:33:51.060+0200: 151552.796: [GC [PSYoungGen: 1435887K->60354K(1930112K)] 4511982K->3137716K(6708800K), 0.1123879 secs] [Times: user=0.87 sys=0.00, real=0.11 secs] 
2012-05-23T13:34:24.663+0200: 151586.394: [GC [PSYoungGen: 1516418K->22382K(1915264K)] 4593780K->3152482K(6693952K), 0.1166400 secs] [Times: user=0.87 sys=0.00, real=0.11 secs] 
2012-05-23T13:34:48.687+0200: 151610.413: [GC [PSYoungGen: 1478446K->39648K(1954688K)] 4608546K->3169747K(6733376K), 0.0649746 secs] [Times: user=0.50 sys=0.00, real=0.06 secs] 
2012-05-23T13:35:17.079+0200: 151638.818: [GC [PSYoungGen: 1544736K->67391K(1939712K)] 4674835K->3197490K(6718400K), 0.1753836 secs] [Times: user=0.62 sys=0.00, real=0.19 secs] 
2012-05-23T13:35:28.889+0200: 151650.613: [GC [PSYoungGen: 1572479K->129062K(2001600K)] 4702578K->3259161K(6780288K), 0.1519350 secs] [Times: user=1.12 sys=0.00, real=0.14 secs] 
2012-05-23T13:35:40.152+0200: 151661.875: [GC [PSYoungGen: 1716774K->295087K(1882816K)] 4846873K->3425186K(6661504K), 0.3524333 secs] [Times: user=2.75 sys=0.00, real=0.34 secs] 
2012-05-23T13:35:50.464+0200: 151672.190: [GC [PSYoungGen: 1882799K->305481K(1897920K)] 5012898K->3456219K(6676608K), 0.3542114 secs] [Times: user=2.75 sys=0.00, real=0.34 secs] 
2012-05-23T13:36:02.101+0200: 151683.825: [GC [PSYoungGen: 1778057K->100977K(1930944K)] 4928795K->3288798K(6709632K), 0.1867928 secs] [Times: user=1.37 sys=0.00, real=0.19 secs] 
2012-05-23T13:36:17.343+0200: 151699.079: [GC [PSYoungGen: 1573553K->276120K(1916032K)] 4761374K->3480368K(6694720K), 0.3705864 secs] [Times: user=2.99 sys=0.00, real=0.37 secs] 
2012-05-23T13:41:38.005+0200: 152019.724: [GC [PSYoungGen: 1754840K->22176K(1934016K)] 4959088K->3240456K(6712704K), 0.0665285 secs] [Times: user=0.39 sys=0.00, real=0.06 secs] 
2012-05-23T13:43:21.372+0200: 152123.081: [GC [PSYoungGen: 1500896K->11873K(1946304K)] 4719176K->3241410K(6724992K), 0.0666350 secs] [Times: user=0.25 sys=0.00, real=0.06 secs] 
2012-05-23T13:43:24.757+0200: 152126.479: [GC [PSYoungGen: 1508321K->15680K(1939456K)] 4737858K->3245216K(6718144K), 0.0585281 secs] [Times: user=0.50 sys=0.00, real=0.06 secs] 
2012-05-23T13:45:11.962+0200: 152233.678: [GC [PSYoungGen: 1512128K->254728K(1921280K)] 4741664K->3484264K(6699968K), 0.8988600 secs] [Times: user=2.42 sys=0.00, real=0.90 secs] 
2012-05-23T13:45:26.454+0200: 152248.170: [GC [PSYoungGen: 1743560K->323449K(1812288K)] 4973096K->3552986K(6590976K), 0.3322261 secs] [Times: user=2.62 sys=0.00, real=0.34 secs] 
2012-05-23T13:45:34.426+0200: 152256.136: [GC [PSYoungGen: 1812281K->354621K(1820032K)] 5041818K->3584691K(6598720K), 0.3587026 secs] [Times: user=2.87 sys=0.00, real=0.36 secs] 
2012-05-23T13:45:41.805+0200: 152263.519: [GC [PSYoungGen: 1686525K->481981K(1813888K)] 4916595K->3724691K(6592576K), 0.5481567 secs] [Times: user=4.16 sys=0.00, real=0.55 secs] 
2012-05-23T13:45:47.561+0200: 152269.274: [GC [PSYoungGen: 1813885K->223267K(1815936K)] 5056595K->3731405K(6594624K), 0.5681438 secs] [Times: user=4.26 sys=0.02, real=0.58 secs] 
2012-05-23T13:45:54.659+0200: 152276.367: [GC [PSYoungGen: 1463779K->75962K(1813888K)] 4971917K->3744535K(6592576K), 0.5326598 secs] [Times: user=4.16 sys=0.00, real=0.53 secs] 
2012-05-23T13:46:01.211+0200: 152282.916: [GC [PSYoungGen: 1316474K->62532K(1844288K)] 4985047K->3784515K(6622976K), 0.1831725 secs] [Times: user=1.36 sys=0.00, real=0.17 secs] 
2012-05-23T13:46:13.614+0200: 152295.327: [GC [PSYoungGen: 1347716K->259860K(1830208K)] 5069699K->4012573K(6608896K), 0.4113357 secs] [Times: user=3.24 sys=0.00, real=0.42 secs] 
2012-05-23T13:46:22.007+0200: 152303.712: [GC [PSYoungGen: 1545044K->212319K(1877760K)] 5297757K->4171378K(6656448K), 0.5236283 secs] [Times: user=4.12 sys=0.00, real=0.51 secs] 
2012-05-23T13:46:33.067+0200: 152314.774: [GC [PSYoungGen: 1552287K->231068K(1851520K)] 5511346K->4354385K(6630208K), 0.5653181 secs] [Times: user=4.45 sys=0.00, real=0.56 secs] 
2012-05-23T13:47:11.178+0200: 152352.886: [GC [PSYoungGen: 1571036K->161302K(1919168K)] 5694353K->4476764K(6697856K), 0.5799431 secs] [Times: user=4.60 sys=0.00, real=0.58 secs] 
2012-05-23T13:47:24.361+0200: 152366.062: [GC [PSYoungGen: 1586198K->15376K(1895040K)] 5901660K->4476665K(6673728K), 0.2309427 secs] [Times: user=1.75 sys=0.00, real=0.22 secs] 
2012-05-23T13:47:48.775+0200: 152390.489: [GC [PSYoungGen: 1410392K->20480K(1920704K)] 5871681K->4482041K(6699392K), 0.0972714 secs] [Times: user=0.69 sys=0.00, real=0.11 secs] 
2012-05-23T13:47:54.750+0200: 152396.452: [GC [PSYoungGen: 1468864K->216032K(1916992K)] 5930425K->4695978K(6695680K), 0.2590161 secs] [Times: user=1.95 sys=0.00, real=0.25 secs] 
2012-05-23T13:48:19.507+0200: 152421.220: [GC [PSYoungGen: 1664416K->199893K(1946816K)] 6144362K->4896148K(6725504K), 0.5085349 secs] [Times: user=4.10 sys=0.00, real=0.52 secs] 
2012-05-23T13:48:20.022+0200: 152421.728: [Full GC [PSYoungGen: 199893K->0K(1946816K)] [PSOldGen: 4696255K->1407735K(4778688K)] 4896148K->1407735K(6725504K) [PSPermGen: 113276K->113276K(393216K)], 7.7808960 secs] [Times: user=7.78 sys=0.00, real=7.78 secs] 
2012-05-23T13:54:09.576+0200: 152771.265: [GC [PSYoungGen: 1488000K->46965K(1930496K)] 2895735K->1454701K(6709184K), 0.1228422 secs] [Times: user=0.70 sys=0.00, real=0.11 secs] 
2012-05-23T13:55:27.811+0200: 152849.500: [GC [PSYoungGen: 1534965K->96592K(1971520K)] 2942701K->1540747K(6750208K), 0.1859521 secs] [Times: user=1.33 sys=0.00, real=0.19 secs] 
2012-05-23T13:55:43.739+0200: 152865.424: [GC [PSYoungGen: 1632464K->191256K(1953664K)] 3076619K->1704800K(6732352K), 0.3669671 secs] [Times: user=2.62 sys=0.00, real=0.36 secs] 
2012-05-23T13:58:54.529+0200: 153056.220: [GC [PSYoungGen: 1727089K->33248K(1987712K)] 3240634K->1714219K(6766400K), 0.5362048 secs] [Times: user=4.12 sys=0.00, real=0.55 secs] 
2012-05-23T13:59:56.493+0200: 153118.173: [GC [PSYoungGen: 1614688K->18432K(1983040K)] 3295659K->1728473K(6761728K), 0.0697668 secs] [Times: user=0.50 sys=0.00, real=0.06 secs] 
2012-05-23T14:01:53.760+0200: 153235.442: [GC [PSYoungGen: 1599872K->59520K(2007424K)] 3309913K->1784930K(6786112K), 0.1075542 secs] [Times: user=0.84 sys=0.00, real=0.11 secs] 
2012-05-23T14:02:39.172+0200: 153280.855: [GC [PSYoungGen: 1670272K->249962K(1860736K)] 3395682K->1975372K(6639424K), 0.3041086 secs] [Times: user=2.37 sys=0.00, real=0.31 secs] 
2012-05-23T14:03:14.288+0200: 153315.965: [GC [PSYoungGen: 1860714K->403058K(1725888K)] 3586124K->2285053K(6504576K), 0.7938939 secs] [Times: user=6.15 sys=0.00, real=0.80 secs] 
2012-05-23T14:03:56.424+0200: 153358.107: [GC [PSYoungGen: 1725874K->352844K(1675712K)] 3607869K->2335388K(6454400K), 0.5126866 secs] [Times: user=3.99 sys=0.00, real=0.51 secs] 
2012-05-23T14:06:16.342+0200: 153498.021: [GC [PSYoungGen: 1675660K->428590K(1727616K)] 3658204K->2646614K(6506304K), 0.7471620 secs] [Times: user=5.69 sys=0.00, real=0.75 secs] 
2012-05-23T14:06:19.774+0200: 153501.455: [GC [PSYoungGen: 1593710K->313339K(1777216K)] 3811734K->2531363K(6555904K), 0.3173272 secs] [Times: user=2.45 sys=0.00, real=0.33 secs] 
2012-05-23T14:06:21.022+0200: 153502.701: [GC [PSYoungGen: 1478459K->65796K(1791872K)] 3696483K->2540454K(6570560K), 0.4050935 secs] [Times: user=2.99 sys=0.00, real=0.41 secs] 
2012-05-23T14:06:22.754+0200: 153504.430: [GC [PSYoungGen: 1249924K->16094K(1781568K)] 3724582K->2555424K(6560256K), 0.1344966 secs] [Times: user=1.08 sys=0.00, real=0.14 secs] 
2012-05-23T14:06:37.839+0200: 153519.506: [GC [PSYoungGen: 1200222K->130120K(1826560K)] 3739552K->2682895K(6605248K), 0.1858431 secs] [Times: user=1.26 sys=0.00, real=0.19 secs] 
2012-05-23T14:07:15.717+0200: 153557.383: [GC [PSYoungGen: 1364552K->297664K(1797184K)] 3917327K->2951685K(6575872K), 0.5652987 secs] [Times: user=4.04 sys=0.00, real=0.56 secs] 
2012-05-23T14:07:33.672+0200: 153575.349: [GC [PSYoungGen: 1532096K->425583K(1727744K)] 4186117K->3329877K(6506432K), 0.8863690 secs] [Times: user=6.86 sys=0.00, real=0.89 secs] 
2012-05-23T14:07:36.480+0200: 153578.144: [GC [PSYoungGen: 1586991K->85046K(1775360K)] 4491285K->3415727K(6554048K), 0.6719799 secs] [Times: user=5.15 sys=0.01, real=0.67 secs] 
2012-05-23T14:07:47.494+0200: 153589.164: [GC [PSYoungGen: 1246454K->190273K(1828096K)] 4577135K->3606061K(6606784K), 0.4101878 secs] [Times: user=3.15 sys=0.00, real=0.41 secs] 
2012-05-23T14:08:02.392+0200: 153604.057: [GC [PSYoungGen: 1420865K->469606K(1700224K)] 4836653K->4065555K(6478912K), 0.9709579 secs] [Times: user=7.40 sys=0.00, real=0.97 secs] 
2012-05-23T14:08:16.464+0200: 153618.139: [GC [PSYoungGen: 1700198K->207081K(1800896K)] 5296147K->4242060K(6579584K), 0.9411785 secs] [Times: user=7.55 sys=0.00, real=0.95 secs] 
2012-05-23T14:10:46.366+0200: 153768.026: [GC [PSYoungGen: 1384489K->184656K(1765824K)] 5419468K->4389456K(6544512K), 0.5944964 secs] [Times: user=4.35 sys=0.00, real=0.59 secs] 
2012-05-23T14:11:08.752+0200: 153790.417: [GC [PSYoungGen: 1362064K->208539K(1860096K)] 5566864K->4577838K(6638784K), 0.4193166 secs] [Times: user=3.23 sys=0.00, real=0.42 secs] 
2012-05-23T14:11:09.174+0200: 153790.837: [Full GC [PSYoungGen: 208539K->0K(1860096K)] [PSOldGen: 4369299K->2804169K(4778688K)] 4577838K->2804169K(6638784K) [PSPermGen: 113353K->113353K(393216K)], 18.2221805 secs] [Times: user=18.14 sys=0.01, real=18.22 secs] 
2012-05-23T14:11:46.442+0200: 153828.104: [GC [PSYoungGen: 1300096K->354688K(1829312K)] 4104265K->3158857K(6608000K), 0.5325549 secs] [Times: user=2.48 sys=0.00, real=0.53 secs] 
2012-05-23T14:12:20.404+0200: 153862.065: [GC [PSYoungGen: 1654784K->85176K(1847424K)] 4458953K->3236086K(6626112K), 0.4454383 secs] [Times: user=3.23 sys=0.00, real=0.44 secs] 
2012-05-23T14:14:58.949+0200: 154020.605: [GC [PSYoungGen: 1385272K->28172K(1841984K)] 4536182K->3264125K(6620672K), 0.1926699 secs] [Times: user=1.19 sys=0.00, real=0.19 secs] 
2012-05-23T14:15:36.857+0200: 154058.510: [GC [PSYoungGen: 1328268K->58981K(1856576K)] 4564221K->3303124K(6635264K), 0.0937407 secs] [Times: user=0.72 sys=0.00, real=0.09 secs] 
2012-05-23T14:16:24.329+0200: 154105.978: [GC [PSYoungGen: 1372965K->116187K(1846720K)] 4617108K->3363507K(6625408K), 0.1687641 secs] [Times: user=1.17 sys=0.00, real=0.16 secs] 
2012-05-23T14:17:22.346+0200: 154163.997: [GC [PSYoungGen: 1430171K->81470K(1895168K)] 4677491K->3332519K(6673856K), 0.1163681 secs] [Times: user=0.83 sys=0.00, real=0.11 secs] 
2012-05-23T14:18:31.704+0200: 154233.348: [GC [PSYoungGen: 1466302K->134875K(1878976K)] 4717351K->3388266K(6657664K), 0.2216952 secs] [Times: user=1.64 sys=0.00, real=0.22 secs] 
2012-05-23T14:22:40.356+0200: 154482.000: [GC [PSYoungGen: 1519707K->174702K(1948672K)] 4773098K->3428094K(6727360K), 0.2280618 secs] [Times: user=1.72 sys=0.00, real=0.23 secs] 
2012-05-23T14:29:02.623+0200: 154864.254: [GC [PSYoungGen: 1651106K->208463K(1921472K)] 4904498K->3461855K(6700160K), 0.3138595 secs] [Times: user=2.29 sys=0.00, real=0.31 secs] 
2012-05-23T14:32:58.296+0200: 155099.915: [GC [PSYoungGen: 1689295K->262838K(1944768K)] 4942687K->3516230K(6723456K), 0.2743881 secs] [Times: user=1.98 sys=0.00, real=0.27 secs] 
2012-05-23T14:33:00.339+0200: 155101.957: [GC [PSYoungGen: 1779190K->270167K(1786560K)] 5032582K->3523559K(6565248K), 0.3564806 secs] [Times: user=2.31 sys=0.00, real=0.36 secs] 
2012-05-23T14:35:24.735+0200: 155246.352: [GC [PSYoungGen: 1786519K->232966K(1954816K)] 5039911K->3648018K(6733504K), 0.4954663 secs] [Times: user=3.53 sys=0.00, real=0.50 secs] 
2012-05-23T14:35:43.860+0200: 155265.476: [GC [PSYoungGen: 1743814K->354071K(1864960K)] 5158866K->3864016K(6643648K), 0.6024061 secs] [Times: user=3.93 sys=0.00, real=0.59 secs] 
2012-05-23T14:35:58.478+0200: 155280.098: [GC [PSYoungGen: 1864919K->40251K(1913856K)] 5374864K->3667600K(6692544K), 0.2131214 secs] [Times: user=1.59 sys=0.00, real=0.22 secs] 
2012-05-23T14:36:15.326+0200: 155296.936: [GC [PSYoungGen: 1484411K->219809K(1916736K)] 5111760K->3877550K(6695424K), 0.3590779 secs] [Times: user=2.78 sys=0.00, real=0.36 secs] 
2012-05-23T14:36:41.800+0200: 155323.423: [GC [PSYoungGen: 1663969K->62737K(1938048K)] 5321710K->3900213K(6716736K), 0.6888239 secs] [Times: user=4.82 sys=0.00, real=0.70 secs] 
2012-05-23T14:36:57.712+0200: 155339.321: [GC [PSYoungGen: 1546257K->218614K(1934784K)] 5383733K->4110484K(6713472K), 0.3795093 secs] [Times: user=2.98 sys=0.00, real=0.37 secs] 
2012-05-23T14:37:31.751+0200: 155373.360: [GC [PSYoungGen: 1702134K->141568K(1969152K)] 5594004K->4211042K(6747840K), 0.7767622 secs] [Times: user=5.87 sys=0.00, real=0.77 secs] 
2012-05-23T14:37:47.601+0200: 155389.209: [GC [PSYoungGen: 1672960K->241821K(1951552K)] 5742434K->4446373K(6730240K), 0.4962179 secs] [Times: user=3.78 sys=0.00, real=0.48 secs] 
2012-05-23T14:38:12.094+0200: 155413.706: [GC [PSYoungGen: 1773213K->100990K(1979072K)] 5977765K->4503893K(6757760K), 0.4387158 secs] [Times: user=3.14 sys=0.00, real=0.44 secs] 
2012-05-23T14:38:28.786+0200: 155430.395: [GC [PSYoungGen: 1661502K->158701K(1970752K)] 6064405K->4637274K(6749440K), 0.3657665 secs] [Times: user=2.76 sys=0.00, real=0.36 secs] 
2012-05-23T14:38:29.145+0200: 155430.761: [Full GC [PSYoungGen: 158701K->0K(1970752K)] [PSOldGen: 4478572K->1141525K(4778688K)] 4637274K->1141525K(6749440K) [PSPermGen: 113378K->113378K(393216K)], 5.6841832 secs] [Times: user=5.69 sys=0.00, real=5.69 secs] 
2012-05-23T14:38:53.185+0200: 155454.803: [GC [PSYoungGen: 1560512K->361256K(1905152K)] 2702037K->1502781K(6683840K), 0.5212757 secs] [Times: user=4.21 sys=0.00, real=0.53 secs] 
2012-05-23T14:39:08.332+0200: 155469.949: [GC [PSYoungGen: 1875816K->284080K(1798656K)] 3017341K->1742926K(6577344K), 0.7435448 secs] [Times: user=5.99 sys=0.00, real=0.75 secs] 
2012-05-23T14:39:19.502+0200: 155481.113: [GC [PSYoungGen: 1798640K->154205K(1958976K)] 3257486K->1849677K(6737664K), 0.4297120 secs] [Times: user=3.34 sys=0.00, real=0.42 secs] 
2012-05-23T14:39:26.585+0200: 155488.201: [GC [PSYoungGen: 1667165K->156471K(1943296K)] 3362637K->1974230K(6721984K), 0.4084383 secs] [Times: user=3.23 sys=0.00, real=0.42 secs] 
2012-05-23T14:39:41.358+0200: 155502.971: [GC [PSYoungGen: 1669431K->335929K(1914368K)] 3487190K->2293466K(6693056K), 0.6607684 secs] [Times: user=4.96 sys=0.00, real=0.67 secs] 
2012-05-23T14:40:17.379+0200: 155538.990: [GC [PSYoungGen: 1835769K->165020K(1944576K)] 3793306K->2295226K(6723264K), 0.9221525 secs] [Times: user=7.04 sys=0.00, real=0.92 secs] 
2012-05-23T14:40:36.037+0200: 155557.652: [GC [PSYoungGen: 1659567K->173012K(1977664K)] 3789772K->2457268K(6756352K), 0.4137313 secs] [Times: user=3.31 sys=0.00, real=0.42 secs] 
2012-05-23T14:40:56.691+0200: 155578.299: [GC [PSYoungGen: 1722004K->267580K(1960640K)] 4006260K->2674017K(6739328K), 0.4300996 secs] [Times: user=3.37 sys=0.00, real=0.44 secs] 
2012-05-23T14:44:40.445+0200: 155802.047: [GC [PSYoungGen: 1816572K->56241K(1963904K)] 4223009K->2723710K(6742592K), 0.4173024 secs] [Times: user=3.15 sys=0.00, real=0.42 secs] 
2012-05-23T14:45:28.088+0200: 155849.695: [GC [PSYoungGen: 1605105K->59885K(1969088K)] 4272574K->2770469K(6747776K), 0.1654751 secs] [Times: user=1.09 sys=0.00, real=0.17 secs] 
2012-05-23T14:45:44.593+0200: 155866.194: [GC [PSYoungGen: 1608749K->206040K(1983488K)] 4319333K->2950251K(6762176K), 0.3424628 secs] [Times: user=2.50 sys=0.00, real=0.34 secs] 
2012-05-23T14:46:02.174+0200: 155883.773: [GC [PSYoungGen: 1769432K->97562K(1969216K)] 4513643K->3006145K(6747904K), 0.3707272 secs] [Times: user=2.79 sys=0.00, real=0.38 secs] 
2012-05-23T14:46:22.642+0200: 155904.235: [GC [PSYoungGen: 1660954K->125895K(2005696K)] 4569537K->3088826K(6784384K), 0.2487641 secs] [Times: user=1.86 sys=0.00, real=0.25 secs] 
2012-05-23T14:46:43.811+0200: 155925.405: [GC [PSYoungGen: 1733703K->365685K(1973504K)] 4696634K->3423942K(6752192K), 0.6149463 secs] [Times: user=4.52 sys=0.00, real=0.61 secs] 
2012-05-23T14:47:01.034+0200: 155942.634: [GC [PSYoungGen: 1973493K->229480K(1954304K)] 5031750K->3524851K(6732992K), 0.8868687 secs] [Times: user=6.63 sys=0.00, real=0.89 secs] 
2012-05-23T14:47:24.387+0200: 155965.979: [GC [PSYoungGen: 1767976K->176758K(1963904K)] 5063347K->3677397K(6742592K), 0.4676310 secs] [Times: user=3.64 sys=0.00, real=0.47 secs] 
2012-05-23T14:47:46.134+0200: 155987.738: [GC [PSYoungGen: 1715254K->404852K(1690944K)] 5215893K->4146157K(6469632K), 0.9202305 secs] [Times: user=6.68 sys=0.02, real=0.94 secs] 
2012-05-23T14:48:12.951+0200: 156014.552: [GC [PSYoungGen: 1690932K->111716K(1837696K)] 5432237K->4255988K(6616384K), 0.7064660 secs] [Times: user=5.41 sys=0.00, real=0.72 secs] 
2012-05-23T14:48:21.500+0200: 156023.093: [GC [PSYoungGen: 1397796K->168437K(1870208K)] 5542068K->4421850K(6648896K), 0.3307812 secs] [Times: user=2.62 sys=0.00, real=0.33 secs] 
2012-05-23T14:48:34.994+0200: 156036.582: [GC [PSYoungGen: 1497333K->220200K(1848000K)] 5750746K->4639492K(6626688K), 0.4553294 secs] [Times: user=3.57 sys=0.00, real=0.45 secs] 
2012-05-23T14:48:35.446+0200: 156037.038: [Full GC [PSYoungGen: 220200K->0K(1848000K)] [PSOldGen: 4419292K->2225780K(4778688K)] 4639492K->2225780K(6626688K) [PSPermGen: 113405K->113343K(393216K)], 13.6503791 secs] [Times: user=13.65 sys=0.00, real=13.65 secs] 
2012-05-23T14:48:55.383+0200: 156056.971: [GC [PSYoungGen: 1328896K->489647K(1736320K)] 3554676K->2738396K(6515008K), 0.6682378 secs] [Times: user=5.21 sys=0.00, real=0.66 secs] 
2012-05-23T14:49:06.132+0200: 156067.733: [GC [PSYoungGen: 1736303K->236064K(1817984K)] 3985052K->2910230K(6596672K), 1.3665944 secs] [Times: user=10.92 sys=0.02, real=1.37 secs] 
2012-05-23T14:49:28.924+0200: 156090.513: [GC [PSYoungGen: 1482720K->39585K(1836608K)] 4156886K->2943743K(6615296K), 0.3745031 secs] [Times: user=2.76 sys=0.00, real=0.37 secs] 
2012-05-23T14:49:49.891+0200: 156111.480: [GC [PSYoungGen: 1335137K->30794K(1326400K)] 4239295K->2964098K(6105088K), 0.0948123 secs] [Times: user=0.64 sys=0.00, real=0.09 secs] 
2012-05-23T14:50:24.195+0200: 156145.785: [GC [PSYoungGen: 1326346K->71012K(1852416K)] 4259650K->3018212K(6631104K), 0.1241928 secs] [Times: user=0.86 sys=0.01, real=0.13 secs] 
2012-05-23T14:50:40.030+0200: 156161.618: [GC [PSYoungGen: 1375396K->235573K(1841280K)] 4322596K->3224112K(6619968K), 0.3785622 secs] [Times: user=2.99 sys=0.00, real=0.37 secs] 
2012-05-23T14:50:54.257+0200: 156175.848: [GC [PSYoungGen: 1539957K->172512K(1898944K)] 4528496K->3380672K(6677632K), 0.5476104 secs] [Times: user=4.24 sys=0.00, real=0.55 secs] 
2012-05-23T14:51:09.904+0200: 156191.488: [GC [PSYoungGen: 1553184K->92843K(1871040K)] 4761344K->3466252K(6649728K), 0.3897343 secs] [Times: user=2.76 sys=0.00, real=0.39 secs] 
2012-05-23T14:51:23.851+0200: 156205.436: [GC [PSYoungGen: 1473515K->10591K(1910720K)] 4846924K->3468576K(6689408K), 0.1832545 secs] [Times: user=1.39 sys=0.00, real=0.19 secs] 
2012-05-23T14:51:38.780+0200: 156220.364: [GC [PSYoungGen: 1443103K->8867K(1910912K)] 4901088K->3468867K(6689600K), 0.0860087 secs] [Times: user=0.62 sys=0.00, real=0.08 secs] 
2012-05-23T14:51:53.226+0200: 156234.820: [GC [PSYoungGen: 1441379K->9095K(1923200K)] 4901379K->3470041K(6701888K), 0.0854122 secs] [Times: user=0.75 sys=0.00, real=0.09 secs] 
2012-05-23T14:52:05.363+0200: 156246.943: [GC [PSYoungGen: 1458055K->28985K(1915072K)] 4919001K->3490955K(6693760K), 0.1413225 secs] [Times: user=0.73 sys=0.00, real=0.14 secs] 
2012-05-23T14:52:32.211+0200: 156273.793: [GC [PSYoungGen: 1477945K->306813K(1869184K)] 4939915K->3770274K(6647872K), 0.6032806 secs] [Times: user=4.74 sys=0.00, real=0.59 secs] 
2012-05-23T14:52:41.789+0200: 156283.370: [GC [PSYoungGen: 1724349K->189044K(1903424K)] 5187810K->3929216K(6682112K), 0.5676088 secs] [Times: user=4.48 sys=0.00, real=0.56 secs] 
2012-05-23T14:52:46.204+0200: 156287.795: [GC [PSYoungGen: 1606580K->92008K(1943360K)] 5346752K->3923958K(6722048K), 0.2794005 secs] [Times: user=2.23 sys=0.00, real=0.28 secs] 
2012-05-23T14:52:59.620+0200: 156301.206: [GC [PSYoungGen: 1567144K->105333K(1921088K)] 5399094K->4024677K(6699776K), 0.3206213 secs] [Times: user=2.48 sys=0.00, real=0.33 secs] 
2012-05-23T14:53:26.624+0200: 156328.210: [GC [PSYoungGen: 1580469K->235350K(1952704K)] 5499813K->4246412K(6731392K), 0.4473782 secs] [Times: user=3.62 sys=0.00, real=0.45 secs] 
2012-05-23T14:53:57.559+0200: 156359.148: [GC [PSYoungGen: 1765910K->429362K(1959936K)] 5776972K->4778903K(6738624K), 1.0811314 secs] [Times: user=8.28 sys=0.02, real=1.09 secs] 
2012-05-23T14:54:17.200+0200: 156378.781: [GC [PSYoungGen: 1959922K->207332K(1640704K)] 6309463K->4965032K(6419392K), 0.7831252 secs] [Times: user=5.83 sys=0.00, real=0.78 secs] 
2012-05-23T14:54:17.980+0200: 156379.564: [Full GC [PSYoungGen: 207332K->0K(1640704K)] [PSOldGen: 4757699K->2504268K(4778688K)] 4965032K->2504268K(6419392K) [PSPermGen: 113353K->113353K(393216K)], 13.3448825 secs] [Times: user=13.28 sys=0.01, real=13.35 secs] 
2012-05-23T14:54:39.586+0200: 156401.166: [GC [PSYoungGen: 1211328K->177756K(1800320K)] 3715596K->2682025K(6579008K), 0.4499428 secs] [Times: user=3.29 sys=0.00, real=0.45 secs] 
2012-05-23T14:54:54.360+0200: 156415.941: [GC [PSYoungGen: 1389084K->28624K(1837184K)] 3893353K->2697409K(6615872K), 0.4207921 secs] [Times: user=3.37 sys=0.00, real=0.42 secs] 
2012-05-23T14:55:19.741+0200: 156441.324: [GC [PSYoungGen: 1309136K->18298K(1832640K)] 3977921K->2687340K(6611328K), 0.0560654 secs] [Times: user=0.31 sys=0.00, real=0.06 secs] 
2012-05-23T14:55:31.972+0200: 156453.557: [GC [PSYoungGen: 1298810K->106721K(1870528K)] 3967852K->2783991K(6649216K), 0.1616352 secs] [Times: user=1.34 sys=0.00, real=0.17 secs] 
2012-05-23T14:55:41.129+0200: 156462.709: [GC [PSYoungGen: 1432289K->152609K(1844352K)] 4109559K->2886568K(6623040K), 0.2953562 secs] [Times: user=2.28 sys=0.00, real=0.30 secs] 
2012-05-23T14:55:53.438+0200: 156475.026: [GC [PSYoungGen: 1478177K->102400K(1925184K)] 4212136K->2984724K(6703872K), 0.3156391 secs] [Times: user=2.45 sys=0.00, real=0.33 secs] 
2012-05-23T14:56:06.760+0200: 156488.337: [GC [PSYoungGen: 1541824K->41974K(1903552K)] 4424148K->2977681K(6682240K), 0.2177779 secs] [Times: user=1.18 sys=0.00, real=0.22 secs] 
2012-05-23T14:56:17.103+0200: 156498.685: [GC [PSYoungGen: 1481398K->153870K(1963968K)] 4417105K->3128727K(6742656K), 0.2618971 secs] [Times: user=2.01 sys=0.00, real=0.27 secs] 
2012-05-23T14:56:24.108+0200: 156505.692: [GC [PSYoungGen: 1664526K->154935K(1936000K)] 4639383K->3258769K(6714688K), 0.4012710 secs] [Times: user=3.10 sys=0.00, real=0.40 secs] 
2012-05-23T14:56:33.546+0200: 156515.132: [GC [PSYoungGen: 1665591K->167537K(2006976K)] 4769425K->3419472K(6785664K), 0.4050341 secs] [Times: user=3.23 sys=0.00, real=0.40 secs] 
2012-05-23T14:56:46.494+0200: 156528.070: [GC [PSYoungGen: 1774129K->136613K(1988928K)] 5026064K->3546486K(6767616K), 0.4947577 secs] [Times: user=3.70 sys=0.00, real=0.50 secs] 
2012-05-23T14:56:58.818+0200: 156540.391: [GC [PSYoungGen: 1743205K->231146K(2009472K)] 5153078K->3718007K(6788160K), 0.4363807 secs] [Times: user=3.37 sys=0.00, real=0.44 secs] 
2012-05-23T14:57:05.136+0200: 156546.710: [GC [PSYoungGen: 1879210K->370604K(2018688K)] 5366071K->4176609K(6797376K), 0.9410674 secs] [Times: user=7.21 sys=0.02, real=0.94 secs] 
2012-05-23T14:57:16.680+0200: 156558.252: [GC [PSYoungGen: 2018668K->143815K(1711744K)] 5824673K->4316970K(6490432K), 0.7023215 secs] [Times: user=5.10 sys=0.00, real=0.70 secs] 
2012-05-23T14:57:28.521+0200: 156570.101: [GC [PSYoungGen: 1484935K->115795K(1865216K)] 5658090K->4425630K(6643904K), 0.3339223 secs] [Times: user=2.75 sys=0.00, real=0.34 secs] 
2012-05-23T14:57:48.083+0200: 156589.660: [GC [PSYoungGen: 1456915K->179239K(1910912K)] 5766750K->4574941K(6689600K), 0.3166575 secs] [Times: user=2.43 sys=0.00, real=0.31 secs] 
2012-05-23T14:57:48.395+0200: 156589.977: [Full GC [PSYoungGen: 179239K->0K(1910912K)] [PSOldGen: 4395702K->2228041K(4778688K)] 4574941K->2228041K(6689600K) [PSPermGen: 113361K->113361K(393216K)], 12.0934074 secs] [Times: user=12.03 sys=0.01, real=12.11 secs] 
2012-05-23T14:58:13.184+0200: 156614.765: [GC [PSYoungGen: 1403968K->379440K(1783424K)] 3632009K->2607481K(6562112K), 0.4917646 secs] [Times: user=3.71 sys=0.00, real=0.50 secs] 
2012-05-23T14:58:25.774+0200: 156627.349: [GC [PSYoungGen: 1783408K->96880K(1881664K)] 4011449K->2698421K(6660352K), 0.6963496 secs] [Times: user=5.30 sys=0.00, real=0.70 secs] 
2012-05-23T14:58:48.799+0200: 156650.379: [GC [PSYoungGen: 1459760K->22243K(1870528K)] 4061301K->2692337K(6649216K), 0.1465873 secs] [Times: user=1.06 sys=0.00, real=0.16 secs] 
2012-05-23T14:59:08.362+0200: 156669.933: [GC [PSYoungGen: 1385123K->49068K(1891904K)] 4055217K->2721542K(6670592K), 0.0793748 secs] [Times: user=0.48 sys=0.00, real=0.08 secs] 
2012-05-23T14:59:37.878+0200: 156699.458: [GC [PSYoungGen: 1433772K->48318K(1882112K)] 4106246K->2720793K(6660800K), 0.0745595 secs] [Times: user=0.38 sys=0.02, real=0.08 secs] 
2012-05-23T15:00:27.627+0200: 156749.194: [GC [PSYoungGen: 1433022K->16843K(1913152K)] 4105497K->2689317K(6691840K), 0.0337964 secs] [Times: user=0.17 sys=0.00, real=0.03 secs] 
2012-05-23T15:00:29.280+0200: 156750.849: [GC [PSYoungGen: 1444875K->21362K(1904192K)] 4117349K->2693837K(6682880K), 0.0297231 secs] [Times: user=0.23 sys=0.00, real=0.03 secs] 
2012-05-23T15:01:06.643+0200: 156788.208: [GC [PSYoungGen: 1449394K->126216K(1958208K)] 4121869K->2798690K(6736896K), 0.1844110 secs] [Times: user=1.30 sys=0.02, real=0.17 secs] 
2012-05-23T15:01:47.188+0200: 156828.752: [GC [PSYoungGen: 1620872K->426013K(1920704K)] 4293346K->3098488K(6699392K), 0.4256796 secs] [Times: user=3.18 sys=0.00, real=0.42 secs] 
2012-05-23T15:02:03.849+0200: 156845.411: [GC [PSYoungGen: 1920669K->392343K(1735232K)] 4593144K->3064818K(6513920K), 0.4333906 secs] [Times: user=3.01 sys=0.01, real=0.42 secs] 
2012-05-23T15:02:27.639+0200: 156869.212: [GC [PSYoungGen: 1658967K->561322K(1827968K)] 4331442K->3255470K(6606656K), 0.6057018 secs] [Times: user=4.66 sys=0.00, real=0.61 secs] 
2012-05-23T15:02:49.838+0200: 156891.405: [GC [PSYoungGen: 1827946K->561321K(1357824K)] 4522094K->3677948K(6136512K), 1.3611069 secs] [Times: user=10.41 sys=0.00, real=1.36 secs] 
2012-05-23T15:03:08.714+0200: 156910.279: [GC [PSYoungGen: 1357801K->715746K(1592896K)] 4474428K->3832484K(6371584K), 0.7963980 secs] [Times: user=6.01 sys=0.00, real=0.80 secs] 
2012-05-23T15:03:24.174+0200: 156925.736: [GC [PSYoungGen: 1512226K->759077K(1592896K)] 4628964K->4090604K(6371584K), 1.0874596 secs] [Times: user=8.58 sys=0.02, real=1.08 secs] 
2012-05-23T15:03:30.555+0200: 156932.118: [GC [PSYoungGen: 1555557K->672012K(1592896K)] 4887084K->4105597K(6371584K), 1.0638482 secs] [Times: user=8.07 sys=0.00, real=1.06 secs] 
2012-05-23T15:04:00.679+0200: 156962.248: [GC [PSYoungGen: 1468492K->314673K(1592896K)] 4902077K->4098996K(6371584K), 0.8738739 secs] [Times: user=6.60 sys=0.00, real=0.87 secs] 
2012-05-23T15:04:47.323+0200: 157008.889: [GC [PSYoungGen: 1111153K->119866K(1592896K)] 4895476K->4201437K(6371584K), 0.7663770 secs] [Times: user=5.90 sys=0.00, real=0.77 secs] 
2012-05-23T15:05:18.368+0200: 157039.935: [GC [PSYoungGen: 916346K->74914K(1592896K)] 4997917K->4268108K(6371584K), 0.3366922 secs] [Times: user=2.07 sys=0.00, real=0.34 secs] 
2012-05-23T15:05:26.542+0200: 157048.103: [GC [PSYoungGen: 871394K->79103K(1592896K)] 5064588K->4331076K(6371584K), 0.2158319 secs] [Times: user=1.62 sys=0.00, real=0.22 secs] 
2012-05-23T15:05:31.909+0200: 157053.473: [GC [PSYoungGen: 875583K->81074K(1592896K)] 5127556K->4404179K(6371584K), 0.2860359 secs] [Times: user=2.00 sys=0.00, real=0.28 secs] 
2012-05-23T15:05:37.587+0200: 157059.156: [GC [PSYoungGen: 877554K->79591K(1592896K)] 5200659K->4468302K(6371584K), 0.2172685 secs] [Times: user=1.72 sys=0.00, real=0.22 secs] 
2012-05-23T15:05:37.805+0200: 157059.374: [Full GC [PSYoungGen: 79591K->0K(1592896K)] [PSOldGen: 4388710K->1194297K(4778688K)] 4468302K->1194297K(6371584K) [PSPermGen: 113385K->113385K(393216K)], 6.1501297 secs] [Times: user=6.16 sys=0.00, real=6.16 secs] 
2012-05-23T15:05:48.117+0200: 157069.679: [GC [PSYoungGen: 796480K->143905K(1592896K)] 1990777K->1338202K(6371584K), 0.2091350 secs] [Times: user=1.62 sys=0.00, real=0.20 secs] 
2012-05-23T15:05:53.078+0200: 157074.647: [GC [PSYoungGen: 940385K->204297K(1592896K)] 2134682K->1532538K(6371584K), 0.4313964 secs] [Times: user=3.49 sys=0.00, real=0.44 secs] 
2012-05-23T15:05:57.103+0200: 157078.672: [GC [PSYoungGen: 1000777K->159276K(1592896K)] 2329018K->1680907K(6371584K), 0.4325305 secs] [Times: user=3.50 sys=0.00, real=0.44 secs] 
2012-05-23T15:06:00.020+0200: 157081.576: [GC [PSYoungGen: 955756K->67123K(1592896K)] 2477387K->1736726K(6371584K), 0.3003880 secs] [Times: user=2.37 sys=0.00, real=0.30 secs] 
2012-05-23T15:06:12.142+0200: 157093.703: [GC [PSYoungGen: 863603K->74344K(1639296K)] 2533206K->1806818K(6417984K), 0.2640157 secs] [Times: user=2.03 sys=0.00, real=0.27 secs] 
2012-05-23T15:06:21.502+0200: 157103.060: [GC [PSYoungGen: 934312K->113993K(1609984K)] 2666786K->1907478K(6388672K), 0.2747629 secs] [Times: user=2.08 sys=0.00, real=0.26 secs] 
2012-05-23T15:06:27.882+0200: 157109.445: [GC [PSYoungGen: 973783K->249676K(1709952K)] 2767268K->2122417K(6488640K), 0.4505633 secs] [Times: user=3.62 sys=0.00, real=0.45 secs] 
2012-05-23T15:06:35.323+0200: 157116.886: [GC [PSYoungGen: 1246852K->407892K(1676544K)] 3119592K->2493398K(6455232K), 1.0953013 secs] [Times: user=7.61 sys=0.00, real=1.09 secs] 
2012-05-23T15:06:39.067+0200: 157120.627: [GC [PSYoungGen: 1311882K->211694K(1728128K)] 3397387K->2702228K(6506816K), 0.6970178 secs] [Times: user=5.19 sys=0.00, real=0.70 secs] 
2012-05-23T15:06:45.105+0200: 157126.658: [GC [PSYoungGen: 1233262K->213418K(1682752K)] 3723796K->2831574K(6461440K), 0.3745425 secs] [Times: user=2.87 sys=0.00, real=0.37 secs] 
2012-05-23T15:07:00.830+0200: 157142.396: [GC [PSYoungGen: 1234986K->203433K(1805824K)] 3853142K->3023678K(6584512K), 0.4937640 secs] [Times: user=3.82 sys=0.00, real=0.50 secs] 
2012-05-23T15:07:12.046+0200: 157153.606: [GC [PSYoungGen: 1389673K->94870K(1769728K)] 4209918K->3107914K(6548416K), 0.3762971 secs] [Times: user=2.98 sys=0.00, real=0.38 secs] 
2012-05-23T15:07:27.990+0200: 157169.556: [GC [PSYoungGen: 1281110K->345616K(1791424K)] 4294154K->3450530K(6570112K), 0.5186513 secs] [Times: user=4.13 sys=0.00, real=0.53 secs] 
2012-05-23T15:08:04.260+0200: 157205.821: [GC [PSYoungGen: 1568080K->168690K(1805888K)] 4672994K->3615996K(6584576K), 0.6665585 secs] [Times: user=4.96 sys=0.00, real=0.67 secs] 
2012-05-23T15:09:11.575+0200: 157273.134: [GC [PSYoungGen: 1391154K->19175K(1832896K)] 4838460K->3628288K(6611584K), 0.2352224 secs] [Times: user=1.67 sys=0.00, real=0.23 secs] 
2012-05-23T15:10:12.416+0200: 157333.970: [GC [PSYoungGen: 1292243K->179394K(1832704K)] 4901357K->3789616K(6611392K), 0.1619756 secs] [Times: user=1.14 sys=0.00, real=0.16 secs] 
2012-05-23T15:10:16.144+0200: 157337.691: [GC [PSYoungGen: 1455682K->129056K(1887104K)] 5065904K->3782567K(6665792K), 0.2285036 secs] [Times: user=1.75 sys=0.00, real=0.22 secs] 
2012-05-23T15:10:44.115+0200: 157365.666: [GC [PSYoungGen: 1492512K->200199K(1865664K)] 5146023K->3981497K(6644352K), 0.4503436 secs] [Times: user=3.42 sys=0.00, real=0.45 secs] 
2012-05-23T15:11:02.633+0200: 157384.188: [GC [PSYoungGen: 1563655K->323638K(1872576K)] 5344953K->4239778K(6651264K), 0.6813125 secs] [Times: user=5.38 sys=0.00, real=0.69 secs] 
2012-05-23T15:11:36.766+0200: 157418.319: [GC [PSYoungGen: 1721206K->495842K(1893440K)] 5637346K->4689406K(6672128K), 0.8929163 secs] [Times: user=6.82 sys=0.00, real=0.89 secs] 
2012-05-23T15:11:57.592+0200: 157439.148: [GC [PSYoungGen: 1893410K->326605K(1564864K)] 6086974K->4923204K(6343552K), 0.8981872 secs] [Times: user=7.18 sys=0.00, real=0.90 secs] 
2012-05-23T15:11:58.497+0200: 157440.046: [Full GC [PSYoungGen: 326605K->0K(1564864K)] [PSOldGen: 4596599K->2460664K(4778688K)] 4923204K->2460664K(6343552K) [PSPermGen: 113388K->113356K(393216K)], 15.2618741 secs] [Times: user=15.26 sys=0.00, real=15.26 secs] 
2012-05-23T15:12:50.867+0200: 157492.416: [GC [PSYoungGen: 1068992K->20333K(1089344K)] 3529656K->2480998K(5868032K), 0.1123490 secs] [Times: user=0.50 sys=0.00, real=0.11 secs] 
2012-05-23T15:13:46.919+0200: 157548.464: [GC [PSYoungGen: 1089325K->56961K(1736960K)] 3549990K->2527658K(6515648K), 0.0978950 secs] [Times: user=0.58 sys=0.02, real=0.09 secs] 
2012-05-23T15:14:24.281+0200: 157585.829: [GC [PSYoungGen: 1131073K->226020K(1726464K)] 3601770K->2696718K(6505152K), 0.2825764 secs] [Times: user=2.20 sys=0.00, real=0.28 secs] 
2012-05-23T15:14:49.943+0200: 157611.482: [GC [PSYoungGen: 1300132K->488754K(1660480K)] 3770830K->2959452K(6439168K), 0.6647342 secs] [Times: user=5.23 sys=0.00, real=0.66 secs] 
2012-05-23T15:15:36.073+0200: 157657.622: [GC [PSYoungGen: 1538930K->669555K(1719744K)] 4009628K->3285036K(6498432K), 0.9328372 secs] [Times: user=7.46 sys=0.00, real=0.94 secs] 
2012-05-23T15:15:49.864+0200: 157671.412: [GC [PSYoungGen: 1719731K->669553K(1466048K)] 4335212K->3466408K(6244736K), 0.9709016 secs] [Times: user=7.41 sys=0.00, real=0.98 secs] 
2012-05-23T15:16:05.667+0200: 157687.203: [GC [PSYoungGen: 1466033K->379063K(1592896K)] 4262888K->3625159K(6371584K), 0.9899097 secs] [Times: user=7.66 sys=0.00, real=0.98 secs] 
2012-05-23T15:16:16.790+0200: 157698.326: [GC [PSYoungGen: 1175543K->243040K(1592896K)] 4421639K->3817013K(6371584K), 0.7902997 secs] [Times: user=5.91 sys=0.00, real=0.78 secs] 
2012-05-23T15:16:52.483+0200: 157734.030: [GC [PSYoungGen: 1039520K->40754K(1592896K)] 4613493K->3852312K(6371584K), 0.3859630 secs] [Times: user=3.01 sys=0.00, real=0.39 secs] 
2012-05-23T15:17:12.545+0200: 157754.086: [GC [PSYoungGen: 837234K->25771K(1592896K)] 4648792K->3858938K(6371584K), 0.0966304 secs] [Times: user=0.62 sys=0.00, real=0.09 secs] 
2012-05-23T15:17:30.516+0200: 157772.062: [GC [PSYoungGen: 822251K->22288K(1592896K)] 4655418K->3859599K(6371584K), 0.0466428 secs] [Times: user=0.27 sys=0.00, real=0.05 secs] 
2012-05-23T15:17:48.815+0200: 157790.350: [GC [PSYoungGen: 818768K->21221K(1592896K)] 4656079K->3863892K(6371584K), 0.0440956 secs] [Times: user=0.25 sys=0.02, real=0.05 secs] 
2012-05-23T15:18:08.971+0200: 157810.509: [GC [PSYoungGen: 817701K->19647K(1592896K)] 4660372K->3868375K(6371584K), 0.0438606 secs] [Times: user=0.26 sys=0.00, real=0.05 secs] 
2012-05-23T15:18:32.699+0200: 157834.244: [GC [PSYoungGen: 816127K->23490K(1592896K)] 4664855K->3875258K(6371584K), 0.0469838 secs] [Times: user=0.25 sys=0.01, real=0.05 secs] 
2012-05-23T15:18:53.275+0200: 157854.808: [GC [PSYoungGen: 819970K->17983K(1592896K)] 4671738K->3873184K(6371584K), 0.0405245 secs] [Times: user=0.14 sys=0.00, real=0.03 secs] 
2012-05-23T15:19:13.431+0200: 157874.969: [GC [PSYoungGen: 814463K->26770K(1652352K)] 4669664K->3881971K(6431040K), 0.0485832 secs] [Times: user=0.27 sys=0.00, real=0.05 secs] 
2012-05-23T15:19:44.304+0200: 157905.832: [GC [PSYoungGen: 909266K->20945K(1619456K)] 4764467K->3876145K(6398144K), 0.0463182 secs] [Times: user=0.14 sys=0.00, real=0.03 secs] 
2012-05-23T15:21:37.639+0200: 158019.167: [GC [PSYoungGen: 903441K->198852K(1722560K)] 4758641K->4054053K(6501248K), 0.1735236 secs] [Times: user=1.26 sys=0.00, real=0.17 secs] 
2012-05-23T15:21:40.790+0200: 158022.316: [GC [PSYoungGen: 1217220K->168696K(1685120K)] 5072421K->4023896K(6463808K), 0.1893425 secs] [Times: user=1.48 sys=0.00, real=0.19 secs] 
2012-05-23T15:22:06.515+0200: 158048.045: [GC [PSYoungGen: 1187064K->341673K(1724608K)] 5042264K->4196874K(6503296K), 0.3571298 secs] [Times: user=2.87 sys=0.00, real=0.36 secs] 
2012-05-23T15:22:29.634+0200: 158071.162: [GC [PSYoungGen: 1445737K->595494K(1699584K)] 5300938K->4450695K(6478272K), 0.6889027 secs] [Times: user=5.49 sys=0.00, real=0.69 secs] 
2012-05-23T15:23:00.772+0200: 158102.308: [GC [PSYoungGen: 1699558K->689704K(1486208K)] 5554759K->4876369K(6264896K), 1.1736388 secs] [Times: user=9.35 sys=0.00, real=1.19 secs] 
2012-05-23T15:23:19.103+0200: 158120.635: [GC [PSYoungGen: 1486184K->796385K(1592896K)] 5672849K->5102819K(6371584K), 1.0221154 secs] [Times: user=8.19 sys=0.00, real=1.03 secs] 
2012-05-23T15:23:27.418+0200: 158128.943: [GC [PSYoungGen: 1592865K->796384K(1592896K)] 5899299K->5200869K(6371584K), 1.0642532 secs] [Times: user=8.49 sys=0.00, real=1.06 secs] 
2012-05-23T15:23:28.478+0200: 158130.008: [Full GC [PSYoungGen: 796384K->0K(1592896K)] [PSOldGen: 4404485K->2556079K(4778688K)] 5200869K->2556079K(6371584K) [PSPermGen: 113366K->113366K(393216K)], 14.1399555 secs] [Times: user=14.12 sys=0.02, real=14.13 secs] 
2012-05-23T15:25:18.491+0200: 158240.016: [GC [PSYoungGen: 796480K->55309K(1592896K)] 3352559K->2611388K(6371584K), 0.1879264 secs] [Times: user=1.33 sys=0.00, real=0.19 secs] 
2012-05-23T15:25:31.080+0200: 158252.613: [GC [PSYoungGen: 851789K->165199K(1592896K)] 3407868K->2721279K(6371584K), 0.2026584 secs] [Times: user=1.62 sys=0.00, real=0.20 secs] 
2012-05-23T15:25:43.670+0200: 158265.194: [GC [PSYoungGen: 961679K->263891K(1592896K)] 3517759K->2819971K(6371584K), 0.2970903 secs] [Times: user=2.32 sys=0.00, real=0.30 secs] 
2012-05-23T15:26:00.596+0200: 158282.113: [GC [PSYoungGen: 1060371K->198996K(1592896K)] 3616451K->2849289K(6371584K), 0.3581655 secs] [Times: user=2.75 sys=0.00, real=0.34 secs] 
2012-05-23T15:26:09.332+0200: 158290.854: [GC [PSYoungGen: 995476K->465662K(1592896K)] 3645769K->3256422K(6371584K), 0.7934597 secs] [Times: user=6.35 sys=0.00, real=0.80 secs] 
2012-05-23T15:26:23.403+0200: 158304.934: [GC [PSYoungGen: 1262142K->61131K(1592896K)] 4052902K->3317962K(6371584K), 0.6385864 secs] [Times: user=5.10 sys=0.00, real=0.64 secs] 
2012-05-23T15:26:24.932+0200: 158306.452: [GC [PSYoungGen: 857611K->14263K(1592896K)] 4114442K->3330403K(6371584K), 0.1075706 secs] [Times: user=0.87 sys=0.00, real=0.11 secs] 
2012-05-23T15:26:25.915+0200: 158307.442: [GC [PSYoungGen: 810743K->12326K(1592896K)] 4126883K->3341553K(6371584K), 0.0441944 secs] [Times: user=0.38 sys=0.00, real=0.05 secs] 
2012-05-23T15:26:34.152+0200: 158315.675: [GC [PSYoungGen: 808806K->86560K(1592896K)] 4138033K->3426300K(6371584K), 0.1380017 secs] [Times: user=0.94 sys=0.00, real=0.14 secs] 
2012-05-23T15:26:48.769+0200: 158330.287: [GC [PSYoungGen: 883040K->177273K(1592896K)] 4222780K->3599724K(6371584K), 0.2904769 secs] [Times: user=2.23 sys=0.00, real=0.28 secs] 
2012-05-23T15:27:06.725+0200: 158348.246: [GC [PSYoungGen: 973753K->316919K(1592896K)] 4396204K->3901906K(6371584K), 0.5817561 secs] [Times: user=4.62 sys=0.00, real=0.58 secs] 
2012-05-23T15:27:15.227+0200: 158356.756: [GC [PSYoungGen: 1113399K->263482K(1595520K)] 4698386K->4124225K(6374208K), 0.6981385 secs] [Times: user=5.60 sys=0.00, real=0.70 secs] 
2012-05-23T15:27:51.170+0200: 158392.693: [GC [PSYoungGen: 1062586K->83051K(1592896K)] 4923329K->4178890K(6371584K), 0.4523809 secs] [Times: user=3.15 sys=0.00, real=0.45 secs] 
2012-05-23T15:28:11.092+0200: 158412.619: [GC [PSYoungGen: 882155K->31809K(1642816K)] 4977994K->4199609K(6421504K), 0.2098180 secs] [Times: user=1.51 sys=0.00, real=0.22 secs] 
2012-05-23T15:28:32.792+0200: 158434.315: [GC [PSYoungGen: 908033K->31506K(1622720K)] 5075833K->4209594K(6401408K), 0.0990490 secs] [Times: user=0.42 sys=0.00, real=0.11 secs] 
2012-05-23T15:28:53.883+0200: 158455.397: [GC [PSYoungGen: 907730K->25851K(1691136K)] 5085818K->4212295K(6469824K), 0.0772209 secs] [Times: user=0.37 sys=0.00, real=0.08 secs] 
2012-05-23T15:29:17.627+0200: 158479.147: [GC [PSYoungGen: 993915K->42661K(1666240K)] 5180359K->4229106K(6444928K), 0.0887934 secs] [Times: user=0.44 sys=0.00, real=0.09 secs] 
2012-05-23T15:29:40.184+0200: 158501.698: [GC [PSYoungGen: 1010725K->114502K(1763520K)] 5197170K->4300946K(6542208K), 0.2318571 secs] [Times: user=1.40 sys=0.00, real=0.23 secs] 
2012-05-23T15:30:05.909+0200: 158527.425: [GC [PSYoungGen: 1209606K->162343K(1720896K)] 5396050K->4348787K(6499584K), 0.2206077 secs] [Times: user=1.58 sys=0.00, real=0.22 secs] 
2012-05-23T15:30:31.774+0200: 158553.294: [GC [PSYoungGen: 1257447K->207391K(1832384K)] 5443891K->4393835K(6611072K), 0.2670518 secs] [Times: user=2.03 sys=0.00, real=0.27 secs] 
2012-05-23T15:30:54.285+0200: 158575.798: [GC [PSYoungGen: 1458911K->325012K(1808448K)] 5645355K->4511456K(6587136K), 0.4015183 secs] [Times: user=3.12 sys=0.00, real=0.41 secs] 
2012-05-23T15:31:15.954+0200: 158597.463: [GC [PSYoungGen: 1576532K->322450K(1785216K)] 5762976K->4508895K(6563904K), 0.3480153 secs] [Times: user=2.65 sys=0.00, real=0.34 secs] 
2012-05-23T15:31:29.230+0200: 158610.748: [GC [PSYoungGen: 1530066K->590825K(1798464K)] 5716511K->4812574K(6577152K), 0.7419541 secs] [Times: user=5.96 sys=0.00, real=0.75 secs] 
2012-05-23T15:32:03.566+0200: 158645.086: [GC [PSYoungGen: 1798441K->590831K(1387328K)] 6020190K->4842469K(6166016K), 0.6471351 secs] [Times: user=5.24 sys=0.00, real=0.65 secs] 
2012-05-23T15:32:19.166+0200: 158660.680: [GC [PSYoungGen: 1382916K->792079K(1592896K)] 5634554K->5157401K(6371584K), 0.7927194 secs] [Times: user=6.36 sys=0.00, real=0.80 secs] 
2012-05-23T15:32:21.381+0200: 158662.899: [GC [PSYoungGen: 1561188K->796059K(1592896K)] 5926510K->5211977K(6371584K), 0.7933957 secs] [Times: user=6.16 sys=0.00, real=0.80 secs] 
2012-05-23T15:32:23.534+0200: 158665.042: [GC [PSYoungGen: 1592539K->524030K(1592896K)] 6008457K->5236471K(6371584K), 0.7956715 secs] [Times: user=6.36 sys=0.00, real=0.80 secs] 
2012-05-23T15:32:24.330+0200: 158665.838: [Full GC [PSYoungGen: 524030K->0K(1592896K)] [PSOldGen: 4712441K->1392964K(4778688K)] 5236471K->1392964K(6371584K) [PSPermGen: 113376K->113376K(393216K)], 6.5292505 secs] [Times: user=6.52 sys=0.00, real=6.52 secs] 
2012-05-23T15:32:32.535+0200: 158674.046: [GC [PSYoungGen: 796480K->64334K(1592896K)] 2189444K->1457299K(6371584K), 0.1103681 secs] [Times: user=0.87 sys=0.00, real=0.11 secs] 
2012-05-23T15:32:38.339+0200: 158679.850: [GC [PSYoungGen: 860814K->278143K(1592896K)] 2253779K->1671108K(6371584K), 0.3441001 secs] [Times: user=2.75 sys=0.00, real=0.34 secs] 
2012-05-23T15:32:50.304+0200: 158691.816: [GC [PSYoungGen: 1074623K->163875K(1592896K)] 2467588K->1832645K(6371584K), 0.5574975 secs] [Times: user=4.48 sys=0.00, real=0.56 secs] 
2012-05-23T15:32:56.653+0200: 158698.162: [GC [PSYoungGen: 960355K->64133K(1592896K)] 2629125K->1893146K(6371584K), 0.3195937 secs] [Times: user=2.50 sys=0.00, real=0.31 secs] 
2012-05-23T15:33:07.901+0200: 158709.408: [GC [PSYoungGen: 860613K->108649K(1592896K)] 2689626K->2001787K(6371584K), 0.3090181 secs] [Times: user=2.22 sys=0.00, real=0.31 secs] 
2012-05-23T15:33:16.715+0200: 158718.228: [GC [PSYoungGen: 905129K->453982K(1592896K)] 2798267K->2425783K(6371584K), 0.6830758 secs] [Times: user=5.41 sys=0.00, real=0.69 secs] 
2012-05-23T15:33:46.902+0200: 158748.405: [GC [PSYoungGen: 1250462K->273251K(1592896K)] 3222263K->2695738K(6371584K), 0.8215260 secs] [Times: user=6.21 sys=0.00, real=0.81 secs] 
2012-05-23T15:33:56.230+0200: 158757.737: [GC [PSYoungGen: 1069731K->243320K(1592896K)] 3492218K->2931848K(6371584K), 0.6816576 secs] [Times: user=4.98 sys=0.00, real=0.69 secs] 
2012-05-23T15:35:06.884+0200: 158828.398: [GC [PSYoungGen: 1039800K->15906K(1592896K)] 3728328K->2935377K(6371584K), 0.6250694 secs] [Times: user=3.65 sys=0.00, real=0.64 secs] 
2012-05-23T15:35:28.303+0200: 158849.814: [GC [PSYoungGen: 812386K->98597K(1592896K)] 3731857K->3033411K(6371584K), 0.2370666 secs] [Times: user=1.84 sys=0.00, real=0.23 secs] 
2012-05-23T15:35:41.672+0200: 158863.174: [GC [PSYoungGen: 895077K->86807K(1641792K)] 3829891K->3036041K(6420480K), 0.1613111 secs] [Times: user=1.09 sys=0.00, real=0.16 secs] 
2012-05-23T15:36:12.951+0200: 158894.454: [GC [PSYoungGen: 956119K->166391K(1616832K)] 3905353K->3198041K(6395520K), 0.3529105 secs] [Times: user=2.48 sys=0.00, real=0.34 secs] 
2012-05-23T15:36:27.006+0200: 158908.512: [GC [PSYoungGen: 1035703K->449854K(1612480K)] 4067353K->3594468K(6391168K), 0.7566154 secs] [Times: user=6.11 sys=0.00, real=0.76 secs] 
2012-05-23T15:37:07.770+0200: 158949.273: [GC [PSYoungGen: 1355134K->303638K(1647296K)] 4499748K->3894783K(6425984K), 0.8335547 secs] [Times: user=6.38 sys=0.00, real=0.83 secs] 
2012-05-23T15:37:17.208+0200: 158958.712: [GC [PSYoungGen: 1208918K->371648K(1678400K)] 4800063K->4250856K(6457088K), 0.8038982 secs] [Times: user=6.22 sys=0.01, real=0.81 secs] 
2012-05-23T15:37:55.803+0200: 158997.298: [GC [PSYoungGen: 1336896K->93696K(1676160K)] 5216104K->4341505K(6454848K), 0.6709063 secs] [Times: user=4.70 sys=0.00, real=0.67 secs] 
2012-05-23T15:37:56.474+0200: 158997.969: [Full GC [PSYoungGen: 93696K->0K(1676160K)] [PSOldGen: 4247808K->1449532K(4778688K)] 4341505K->1449532K(6454848K) [PSPermGen: 113379K->113379K(393216K)], 7.3094323 secs] [Times: user=7.30 sys=0.00, real=7.30 secs] 
2012-05-23T15:40:31.462+0200: 159152.953: [GC [PSYoungGen: 965248K->168104K(1724864K)] 2414780K->1617637K(6503552K), 0.1424693 secs] [Times: user=0.90 sys=0.00, real=0.14 secs] 
2012-05-23T15:40:34.831+0200: 159156.324: [GC [PSYoungGen: 1197416K->153728K(1693760K)] 2646949K->1655276K(6472448K), 0.2337054 secs] [Times: user=1.87 sys=0.00, real=0.23 secs] 
2012-05-23T15:40:51.617+0200: 159173.117: [GC [PSYoungGen: 1183040K->153937K(1779904K)] 2684588K->1809423K(6558592K), 0.3883361 secs] [Times: user=3.12 sys=0.00, real=0.39 secs] 
2012-05-23T15:41:13.286+0200: 159194.788: [GC [PSYoungGen: 1297105K->316494K(1752576K)] 2952591K->2080315K(6531264K), 0.6253976 secs] [Times: user=4.99 sys=0.00, real=0.64 secs] 
2012-05-23T15:41:56.888+0200: 159238.386: [GC [PSYoungGen: 1459662K->520514K(1645824K)] 3223483K->2568605K(6424512K), 0.8893257 secs] [Times: user=7.11 sys=0.00, real=0.89 secs] 
2012-05-23T15:42:14.984+0200: 159256.482: [GC [PSYoungGen: 1561218K->285150K(1715008K)] 3609309K->2781599K(6493696K), 0.9094766 secs] [Times: user=7.24 sys=0.00, real=0.92 secs] 
2012-05-23T15:43:55.777+0200: 159357.265: [GC [PSYoungGen: 1325854K->75997K(1753408K)] 3822303K->2845680K(6532096K), 0.5588338 secs] [Times: user=4.49 sys=0.00, real=0.56 secs] 
2012-05-23T15:44:30.347+0200: 159391.833: [GC [PSYoungGen: 1186075K->199802K(1747648K)] 3955758K->3042449K(6526336K), 0.3918841 secs] [Times: user=3.12 sys=0.00, real=0.39 secs] 
2012-05-23T15:44:57.663+0200: 159419.145: [GC [PSYoungGen: 1311546K->551356K(1627648K)] 4154193K->3530708K(6406336K), 0.8812051 secs] [Times: user=6.97 sys=0.00, real=0.87 secs] 
2012-05-23T15:45:28.786+0200: 159450.275: [GC [PSYoungGen: 1574396K->192118K(1706176K)] 4553748K->3723437K(6484864K), 0.8738514 secs] [Times: user=6.97 sys=0.00, real=0.87 secs] 
2012-05-23T15:45:43.731+0200: 159465.216: [GC [PSYoungGen: 1213408K->176879K(1758144K)] 4744728K->3845922K(6536832K), 0.4007303 secs] [Times: user=3.09 sys=0.00, real=0.40 secs] 
2012-05-23T15:46:01.156+0200: 159482.651: [GC [PSYoungGen: 1279471K->322032K(1733760K)] 4948514K->4166300K(6512448K), 0.6269218 secs] [Times: user=4.91 sys=0.00, real=0.64 secs] 
2012-05-23T15:47:56.020+0200: 159597.496: [GC [PSYoungGen: 1424624K->160464K(1789376K)] 5268892K->4327080K(6568064K), 0.5620020 secs] [Times: user=4.40 sys=0.00, real=0.56 secs] 
2012-05-23T15:48:12.479+0200: 159613.966: [GC [PSYoungGen: 1331536K->137605K(1771008K)] 5498152K->4464571K(6549696K), 0.3986588 secs] [Times: user=3.25 sys=0.00, real=0.40 secs] 
2012-05-23T15:48:12.884+0200: 159614.365: [Full GC [PSYoungGen: 137605K->0K(1771008K)] [PSOldGen: 4326965K->1444896K(4778688K)] 4464571K->1444896K(6549696K) [PSPermGen: 113383K->113326K(393216K)], 8.4866524 secs] [Times: user=8.49 sys=0.00, real=8.49 secs] 
2012-05-23T15:48:44.662+0200: 159646.142: [GC [PSYoungGen: 1171072K->308846K(1813888K)] 2615968K->1753742K(6592576K), 0.4449447 secs] [Times: user=3.50 sys=0.00, real=0.44 secs] 
2012-05-23T15:49:15.347+0200: 159676.835: [GC [PSYoungGen: 1538222K->564098K(1793536K)] 2983118K->2278738K(6572224K), 0.9110909 secs] [Times: user=7.36 sys=0.00, real=0.92 secs] 
2012-05-23T15:49:29.871+0200: 159691.351: [GC [PSYoungGen: 1793474K->256609K(1734016K)] 3508114K->2462221K(6512704K), 0.9365148 secs] [Times: user=7.38 sys=0.00, real=0.94 secs] 
2012-05-23T15:51:09.369+0200: 159790.840: [GC [PSYoungGen: 1394849K->114100K(1763776K)] 3600461K->2563856K(6542464K), 0.6136136 secs] [Times: user=4.63 sys=0.00, real=0.61 secs] 
2012-05-23T15:51:11.226+0200: 159792.695: [GC [PSYoungGen: 1252340K->14006K(1758848K)] 3702096K->2576964K(6537536K), 0.1806285 secs] [Times: user=1.36 sys=0.00, real=0.17 secs] 
2012-05-23T15:51:12.661+0200: 159794.132: [GC [PSYoungGen: 1154550K->18525K(1764928K)] 3717508K->2593836K(6543616K), 0.0747597 secs] [Times: user=0.50 sys=0.00, real=0.06 secs] 
2012-05-23T15:51:24.283+0200: 159805.762: [GC [PSYoungGen: 1159069K->196928K(1804800K)] 3734380K->2790498K(6583488K), 0.3043697 secs] [Times: user=2.34 sys=0.00, real=0.31 secs] 
2012-05-23T15:51:44.907+0200: 159826.386: [GC [PSYoungGen: 1379264K->422135K(1604480K)] 3972834K->3179618K(6383168K), 0.7974609 secs] [Times: user=6.21 sys=0.00, real=0.79 secs] 
2012-05-23T15:52:19.071+0200: 159860.543: [GC [PSYoungGen: 1604471K->326280K(1769152K)] 4361954K->3498152K(6547840K), 0.8457252 secs] [Times: user=6.55 sys=0.00, real=0.84 secs] 
2012-05-23T15:52:37.074+0200: 159878.553: [GC [PSYoungGen: 1470472K->421997K(1566208K)] 4642344K->3847321K(6344896K), 0.7516880 secs] [Times: user=5.99 sys=0.00, real=0.76 secs] 
2012-05-23T15:52:56.090+0200: 159897.558: [GC [PSYoungGen: 1566189K->262207K(1778688K)] 4991513K->4065941K(6557376K), 0.8256117 secs] [Times: user=6.29 sys=0.02, real=0.83 secs] 
2012-05-23T15:53:19.740+0200: 159921.207: [GC [PSYoungGen: 1392063K->72010K(1740480K)] 5195797K->4128569K(6519168K), 0.4660955 secs] [Times: user=3.64 sys=0.00, real=0.47 secs] 
2012-05-23T15:53:30.660+0200: 159932.133: [GC [PSYoungGen: 1201866K->45276K(1784768K)] 5258425K->4166222K(6563456K), 0.1824189 secs] [Times: user=1.33 sys=0.00, real=0.19 secs] 
2012-05-23T15:53:44.451+0200: 159945.927: [GC [PSYoungGen: 1222364K->136651K(1781632K)] 5343310K->4292195K(6560320K), 0.2655783 secs] [Times: user=1.81 sys=0.00, real=0.27 secs] 
2012-05-23T15:54:00.597+0200: 159962.075: [GC [PSYoungGen: 1313739K->69710K(1820736K)] 5469283K->4354822K(6599424K), 0.2873000 secs] [Times: user=2.25 sys=0.00, real=0.30 secs] 
2012-05-23T15:54:00.894+0200: 159962.363: [Full GC [PSYoungGen: 69710K->0K(1820736K)] [PSOldGen: 4285111K->1136510K(4778688K)] 4354822K->1136510K(6599424K) [PSPermGen: 113376K->113376K(393216K)], 6.3997201 secs] [Times: user=6.40 sys=0.00, real=6.40 secs] 
2012-05-23T15:54:24.153+0200: 159985.630: [GC [PSYoungGen: 1239872K->81670K(1808448K)] 2376382K->1218181K(6587136K), 0.1416210 secs] [Times: user=1.12 sys=0.00, real=0.14 secs] 
2012-05-23T15:54:42.655+0200: 160004.130: [GC [PSYoungGen: 1321542K->200936K(1869120K)] 2458053K->1409436K(6647808K), 0.2574966 secs] [Times: user=2.09 sys=0.00, real=0.27 secs] 
2012-05-23T15:54:58.614+0200: 160020.086: [GC [PSYoungGen: 1518440K->91797K(1837696K)] 2726940K->1430197K(6616384K), 0.2300288 secs] [Times: user=1.64 sys=0.00, real=0.23 secs] 
2012-05-23T15:55:26.741+0200: 160048.217: [GC [PSYoungGen: 1409301K->139702K(1911488K)] 2747701K->1478103K(6690176K), 0.1357894 secs] [Times: user=0.95 sys=0.00, real=0.14 secs] 
2012-05-23T15:55:39.768+0200: 160061.231: [GC [PSYoungGen: 1547638K->211633K(1885760K)] 2886039K->1550034K(6664448K), 0.2360892 secs] [Times: user=1.53 sys=0.00, real=0.23 secs] 
2012-05-23T15:55:57.942+0200: 160079.403: [GC [PSYoungGen: 1619569K->193499K(1951040K)] 2957970K->1531900K(6729728K), 0.1462975 secs] [Times: user=1.03 sys=0.00, real=0.17 secs] 
2012-05-23T15:56:02.840+0200: 160084.306: [GC [PSYoungGen: 1683483K->308547K(1928256K)] 3021884K->1646947K(6706944K), 0.2945667 secs] [Times: user=2.35 sys=0.00, real=0.30 secs] 
2012-05-23T15:56:15.008+0200: 160096.483: [GC [PSYoungGen: 1798531K->321003K(1888064K)] 3136931K->1764113K(6666752K), 0.4075945 secs] [Times: user=3.17 sys=0.00, real=0.42 secs] 
2012-05-23T15:56:28.534+0200: 160110.009: [GC [PSYoungGen: 1749163K->421908K(1850112K)] 3192273K->1897576K(6628800K), 0.4503068 secs] [Times: user=3.45 sys=0.02, real=0.44 secs] 
2012-05-23T15:56:44.508+0200: 160125.975: [GC [PSYoungGen: 1850068K->372026K(1810368K)] 3325736K->2103457K(6589056K), 0.7881100 secs] [Times: user=6.22 sys=0.00, real=0.78 secs] 
2012-05-23T15:56:59.875+0200: 160141.349: [GC [PSYoungGen: 1649402K->367086K(1644480K)] 3380833K->2442005K(6423168K), 0.8758051 secs] [Times: user=6.77 sys=0.00, real=0.89 secs] 
2012-05-23T15:57:14.554+0200: 160156.024: [GC [PSYoungGen: 1644462K->175533K(1836672K)] 3719381K->2617496K(6615360K), 0.6133479 secs] [Times: user=4.68 sys=0.00, real=0.62 secs] 
2012-05-23T15:57:28.376+0200: 160169.848: [GC [PSYoungGen: 1441389K->408970K(1674880K)] 3883352K->3021604K(6453568K), 0.8495569 secs] [Times: user=6.86 sys=0.00, real=0.86 secs] 
2012-05-23T15:57:35.505+0200: 160176.966: [GC [PSYoungGen: 1674826K->112049K(1813504K)] 4287460K->3029686K(6592192K), 0.7788301 secs] [Times: user=6.24 sys=0.00, real=0.78 secs] 
2012-05-23T15:58:04.787+0200: 160206.245: [GC [PSYoungGen: 1343409K->30112K(1807168K)] 4261046K->3040382K(6585856K), 0.3642582 secs] [Times: user=2.78 sys=0.02, real=0.36 secs] 
2012-05-23T15:59:15.830+0200: 160277.293: [GC [PSYoungGen: 1261472K->118292K(1826368K)] 4271742K->3146400K(6605056K), 0.2036613 secs] [Times: user=1.39 sys=0.02, real=0.22 secs] 
2012-05-23T15:59:48.653+0200: 160310.108: [GC [PSYoungGen: 1364628K->309488K(1809280K)] 4392736K->3419086K(6587968K), 0.5821017 secs] [Times: user=4.38 sys=0.00, real=0.58 secs] 
2012-05-23T16:00:49.510+0200: 160370.974: [GC [PSYoungGen: 1555824K->552137K(1651584K)] 4665422K->3926216K(6430272K), 0.9494850 secs] [Times: user=7.39 sys=0.00, real=0.95 secs] 
2012-05-23T16:01:05.765+0200: 160387.223: [GC [PSYoungGen: 1640713K->414763K(1503360K)] 5014792K->4194074K(6282048K), 1.2886660 secs] [Times: user=10.33 sys=0.00, real=1.29 secs] 
2012-05-23T16:01:52.753+0200: 160434.215: [GC [PSYoungGen: 1503339K->87092K(1728000K)] 5282650K->4269099K(6506688K), 0.7273020 secs] [Times: user=5.62 sys=0.00, real=0.73 secs] 
2012-05-23T16:02:24.858+0200: 160466.316: [GC [PSYoungGen: 1145780K->36906K(1720000K)] 5327787K->4294449K(6498688K), 0.2430712 secs] [Times: user=1.59 sys=0.00, real=0.25 secs] 
2012-05-23T16:02:25.108+0200: 160466.559: [Full GC [PSYoungGen: 36906K->0K(1720000K)] [PSOldGen: 4257543K->1483413K(4778688K)] 4294449K->1483413K(6498688K) [PSPermGen: 113387K->113387K(393216K)], 7.4218601 secs] [Times: user=7.41 sys=0.00, real=7.41 secs] 
2012-05-23T16:03:00.380+0200: 160501.834: [GC [PSYoungGen: 1058688K->30776K(1739840K)] 2542101K->1514189K(6518528K), 0.0539555 secs] [Times: user=0.13 sys=0.00, real=0.05 secs] 
2012-05-23T16:03:31.861+0200: 160533.316: [GC [PSYoungGen: 1112952K->24768K(1731648K)] 2596365K->1520138K(6510336K), 0.0461861 secs] [Times: user=0.23 sys=0.00, real=0.05 secs] 
2012-05-23T16:04:00.550+0200: 160562.007: [GC [PSYoungGen: 1106944K->46125K(1770880K)] 2602314K->1541495K(6549568K), 0.0655480 secs] [Times: user=0.26 sys=0.00, real=0.06 secs] 
2012-05-23T16:04:27.132+0200: 160588.586: [GC [PSYoungGen: 1179309K->57679K(1751616K)] 2674679K->1553049K(6530304K), 0.0719760 secs] [Times: user=0.37 sys=0.00, real=0.08 secs] 
2012-05-23T16:04:54.620+0200: 160616.075: [GC [PSYoungGen: 1190863K->53535K(1817728K)] 2686233K->1548905K(6596416K), 0.0823720 secs] [Times: user=0.38 sys=0.00, real=0.09 secs] 
2012-05-23T16:05:31.312+0200: 160652.762: [GC [PSYoungGen: 1276127K->87760K(1794176K)] 2771497K->1583130K(6572864K), 0.1208731 secs] [Times: user=0.89 sys=0.00, real=0.12 secs] 
2012-05-23T16:05:55.741+0200: 160677.196: [GC [PSYoungGen: 1310352K->218387K(1861312K)] 2805722K->1713757K(6640000K), 0.2181522 secs] [Times: user=1.75 sys=0.00, real=0.22 secs] 
2012-05-23T16:06:12.215+0200: 160693.658: [GC [PSYoungGen: 1538195K->211380K(1847808K)] 3033565K->1706750K(6626496K), 0.2372340 secs] [Times: user=1.87 sys=0.00, real=0.23 secs] 
2012-05-23T16:06:25.288+0200: 160706.738: [GC [PSYoungGen: 1531188K->448539K(1735360K)] 3026558K->1943909K(6514048K), 0.4936083 secs] [Times: user=3.96 sys=0.00, real=0.50 secs] 
2012-05-23T16:06:53.275+0200: 160734.721: [GC [PSYoungGen: 1672539K->64474K(1806656K)] 3167909K->1559845K(6585344K), 0.0671966 secs] [Times: user=0.50 sys=0.00, real=0.06 secs] 
2012-05-23T16:07:07.222+0200: 160748.665: [GC [PSYoungGen: 1288474K->229673K(1844032K)] 2783845K->1725043K(6622720K), 0.2482321 secs] [Times: user=1.78 sys=0.00, real=0.25 secs] 
2012-05-23T16:07:17.159+0200: 160758.609: [GC [PSYoungGen: 1508969K->304200K(1824576K)] 3004339K->1799570K(6603264K), 0.2883516 secs] [Times: user=2.25 sys=0.00, real=0.30 secs] 
2012-05-23T16:07:38.141+0200: 160779.589: [GC [PSYoungGen: 1583496K->455749K(1713984K)] 3078866K->1953471K(6492672K), 0.4332227 secs] [Times: user=3.46 sys=0.00, real=0.44 secs] 
2012-05-23T16:07:55.130+0200: 160796.569: [GC [PSYoungGen: 1615749K->614636K(1774656K)] 3113471K->2163331K(6553344K), 0.7460925 secs] [Times: user=5.86 sys=0.00, real=0.73 secs] 
2012-05-23T16:08:17.157+0200: 160818.606: [GC [PSYoungGen: 1774636K->614646K(1411136K)] 3323331K->2542511K(6189824K), 1.2089420 secs] [Times: user=9.42 sys=0.00, real=1.22 secs] 
2012-05-23T16:08:39.606+0200: 160841.055: [GC [PSYoungGen: 1411126K->638264K(1592896K)] 3338991K->2590561K(6371584K), 0.7678618 secs] [Times: user=5.90 sys=0.00, real=0.78 secs] 
2012-05-23T16:08:58.997+0200: 160860.436: [GC [PSYoungGen: 1432655K->741101K(1592896K)] 3384953K->2701979K(6371584K), 0.8573443 secs] [Times: user=6.15 sys=0.00, real=0.86 secs] 
2012-05-23T16:09:04.098+0200: 160865.535: [GC [PSYoungGen: 1537581K->795168K(1592896K)] 3498459K->2882274K(6371584K), 1.0631888 secs] [Times: user=7.80 sys=0.00, real=1.06 secs] 
2012-05-23T16:09:16.126+0200: 160877.571: [GC [PSYoungGen: 1591648K->690081K(1592896K)] 3678754K->2867810K(6371584K), 0.9268146 secs] [Times: user=7.10 sys=0.00, real=0.92 secs] 
2012-05-23T16:10:10.493+0200: 160931.936: [GC [PSYoungGen: 1486561K->452755K(1592896K)] 3664290K->2895142K(6371584K), 0.8490301 secs] [Times: user=6.72 sys=0.01, real=0.86 secs] 
2012-05-23T16:10:38.230+0200: 160959.677: [GC [PSYoungGen: 1249235K->345337K(1592896K)] 3691622K->3010035K(6371584K), 0.8472525 secs] [Times: user=6.82 sys=0.00, real=0.86 secs] 
2012-05-23T16:10:50.679+0200: 160972.113: [GC [PSYoungGen: 1141817K->221147K(1592896K)] 3806515K->3090005K(6371584K), 0.6012757 secs] [Times: user=4.71 sys=0.00, real=0.59 secs] 
2012-05-23T16:11:01.521+0200: 160982.963: [GC [PSYoungGen: 1017627K->424513K(1592896K)] 3886485K->3375459K(6371584K), 0.6766534 secs] [Times: user=5.24 sys=0.00, real=0.69 secs] 
2012-05-23T16:11:15.608+0200: 160997.043: [GC [PSYoungGen: 1220993K->275021K(1592896K)] 4171939K->3634309K(6371584K), 0.8325983 secs] [Times: user=6.61 sys=0.00, real=0.83 secs] 
2012-05-23T16:11:33.579+0200: 161015.015: [GC [PSYoungGen: 1071501K->200316K(1592896K)] 4430789K->3832094K(6371584K), 0.5890852 secs] [Times: user=4.43 sys=0.00, real=0.59 secs] 
2012-05-23T16:11:38.447+0200: 161019.885: [GC [PSYoungGen: 996796K->284540K(1592896K)] 4628574K->4085394K(6371584K), 0.6428231 secs] [Times: user=5.01 sys=0.00, real=0.64 secs] 
2012-05-23T16:11:46.652+0200: 161028.084: [GC [PSYoungGen: 1081020K->201816K(1592896K)] 4881874K->4287146K(6371584K), 0.6445388 secs] [Times: user=5.12 sys=0.00, real=0.64 secs] 
2012-05-23T16:12:05.092+0200: 161046.534: [GC [PSYoungGen: 998296K->172768K(1592896K)] 5083626K->4437673K(6371584K), 0.5166335 secs] [Times: user=3.88 sys=0.00, real=0.52 secs] 
2012-05-23T16:12:10.474+0200: 161051.913: [GC [PSYoungGen: 969248K->133471K(1592896K)] 5234153K->4534944K(6371584K), 0.3600952 secs] [Times: user=2.87 sys=0.00, real=0.36 secs] 
2012-05-23T16:12:10.833+0200: 161052.274: [Full GC [PSYoungGen: 133471K->0K(1592896K)] [PSOldGen: 4401472K->1701192K(4778688K)] 4534944K->1701192K(6371584K) [PSPermGen: 113414K->113414K(393216K)], 8.5149578 secs] [Times: user=8.52 sys=0.00, real=8.52 secs] 
2012-05-23T16:12:26.807+0200: 161068.249: [GC [PSYoungGen: 796480K->168963K(1592896K)] 2497672K->1870155K(6371584K), 0.3158311 secs] [Times: user=2.23 sys=0.02, real=0.33 secs] 
2012-05-23T16:12:43.047+0200: 161084.484: [GC [PSYoungGen: 965443K->127618K(1592896K)] 2666635K->1970275K(6371584K), 0.3874913 secs] [Times: user=2.96 sys=0.00, real=0.39 secs] 
2012-05-23T16:13:01.268+0200: 161102.706: [GC [PSYoungGen: 924098K->380866K(1592896K)] 2766755K->2317932K(6371584K), 0.5937366 secs] [Times: user=4.74 sys=0.00, real=0.59 secs] 
2012-05-23T16:13:18.491+0200: 161119.924: [GC [PSYoungGen: 1177346K->219337K(1640448K)] 3114412K->2494356K(6419136K), 0.6691845 secs] [Times: user=5.33 sys=0.00, real=0.67 secs] 
2012-05-23T16:14:44.167+0200: 161205.598: [GC [PSYoungGen: 1076233K->158302K(1605760K)] 3351252K->2645049K(6384448K), 0.4582165 secs] [Times: user=3.62 sys=0.00, real=0.45 secs] 
2012-05-23T16:14:47.225+0200: 161208.656: [GC [PSYoungGen: 1015198K->85312K(1675392K)] 3501945K->2622386K(6454080K), 0.1975405 secs] [Times: user=1.62 sys=0.00, real=0.20 secs] 
2012-05-23T16:14:49.846+0200: 161211.279: [GC [PSYoungGen: 1034880K->71397K(1663488K)] 3571954K->2693914K(6442176K), 0.1951848 secs] [Times: user=1.62 sys=0.00, real=0.20 secs] 
2012-05-23T16:14:51.406+0200: 161212.842: [GC [PSYoungGen: 1020965K->59565K(1704256K)] 3643482K->2753631K(6482944K), 0.1584562 secs] [Times: user=1.23 sys=0.02, real=0.16 secs] 
2012-05-23T16:14:58.925+0200: 161220.356: [GC [PSYoungGen: 1063469K->200577K(1688960K)] 3757535K->2954345K(6467648K), 0.3553900 secs] [Times: user=2.87 sys=0.00, real=0.36 secs] 
2012-05-23T16:15:12.232+0200: 161233.661: [GC [PSYoungGen: 1204417K->428927K(1676800K)] 3958185K->3373012K(6455488K), 0.8765024 secs] [Times: user=6.30 sys=0.00, real=0.87 secs] 
2012-05-23T16:15:25.383+0200: 161246.817: [GC [PSYoungGen: 1463231K->134604K(1711808K)] 4407316K->3486030K(6490496K), 0.7447306 secs] [Times: user=5.97 sys=0.00, real=0.75 secs] 
2012-05-23T16:16:12.776+0200: 161294.200: [GC [PSYoungGen: 1168908K->2147K(1740736K)] 4520334K->3467659K(6519424K), 0.1986725 secs] [Times: user=1.50 sys=0.00, real=0.19 secs] 
2012-05-23T16:16:20.030+0200: 161301.466: [GC [PSYoungGen: 1090915K->6706K(1737344K)] 4556427K->3473805K(6516032K), 0.0496651 secs] [Times: user=0.25 sys=0.00, real=0.06 secs] 
2012-05-23T16:16:21.310+0200: 161302.739: [GC [PSYoungGen: 1095474K->7303K(1765184K)] 4562573K->3479902K(6543872K), 0.0555852 secs] [Times: user=0.23 sys=0.00, real=0.06 secs] 
2012-05-23T16:16:52.042+0200: 161333.466: [GC [PSYoungGen: 1133895K->136284K(1750720K)] 4606494K->3613852K(6529408K), 0.2324106 secs] [Times: user=1.56 sys=0.00, real=0.23 secs] 
2012-05-23T16:19:03.146+0200: 161464.578: [GC [PSYoungGen: 1262876K->58841K(1828608K)] 4740444K->3666496K(6607296K), 0.2580126 secs] [Times: user=2.03 sys=0.00, real=0.27 secs] 
2012-05-23T16:20:24.267+0200: 161545.694: [GC [PSYoungGen: 1303129K->156104K(1804992K)] 4910784K->3816794K(6583680K), 0.3267524 secs] [Times: user=2.20 sys=0.00, real=0.33 secs] 
2012-05-23T16:20:37.168+0200: 161558.589: [GC [PSYoungGen: 1400392K->214861K(1883392K)] 5061082K->4009227K(6662080K), 0.4504926 secs] [Times: user=3.60 sys=0.00, real=0.45 secs] 
2012-05-23T16:20:49.009+0200: 161570.426: [GC [PSYoungGen: 1577805K->37776K(1868864K)] 5372171K->4032426K(6647552K), 0.3278470 secs] [Times: user=2.59 sys=0.00, real=0.33 secs] 
2012-05-23T16:21:18.946+0200: 161600.371: [GC [PSYoungGen: 1400720K->202885K(1911232K)] 5395370K->4220388K(6689920K), 0.3247387 secs] [Times: user=2.51 sys=0.00, real=0.33 secs] 
2012-05-23T16:22:01.815+0200: 161643.229: [GC [PSYoungGen: 1621637K->236936K(1896832K)] 5639140K->4424372K(6675520K), 0.5803901 secs] [Times: user=4.57 sys=0.00, real=0.58 secs] 
2012-05-23T16:22:24.186+0200: 161665.603: [GC [PSYoungGen: 1655688K->166783K(1942912K)] 5843124K->4528312K(6721600K), 0.5219920 secs] [Times: user=4.12 sys=0.00, real=0.51 secs] 
2012-05-23T16:23:16.680+0200: 161718.101: [GC [PSYoungGen: 1633471K->20828K(1913088K)] 5995000K->4382845K(6691776K), 0.0993619 secs] [Times: user=0.50 sys=0.00, real=0.11 secs] 
2012-05-23T16:23:32.561+0200: 161733.972: [GC [PSYoungGen: 1487516K->220137K(1950016K)] 5849533K->4582154K(6728704K), 0.2300124 secs] [Times: user=1.75 sys=0.00, real=0.22 secs] 
2012-05-23T16:24:02.841+0200: 161764.262: [GC [PSYoungGen: 1727913K->417304K(1925120K)] 6089930K->4779321K(6703808K), 0.4605194 secs] [Times: user=3.74 sys=0.00, real=0.47 secs] 
2012-05-23T16:25:40.436+0200: 161861.851: [GC [PSYoungGen: 1925080K->464166K(1645440K)] 6287097K->4892589K(6424128K), 0.5576557 secs] [Times: user=4.32 sys=0.00, real=0.56 secs] 
2012-05-23T16:26:57.735+0200: 161939.150: [GC [PSYoungGen: 1645414K->196564K(1785280K)] 6073837K->4825871K(6563968K), 0.4685945 secs] [Times: user=3.68 sys=0.00, real=0.47 secs] 
2012-05-23T16:26:58.203+0200: 161939.619: [Full GC [PSYoungGen: 196564K->0K(1785280K)] [PSOldGen: 4629306K->1633112K(4778688K)] 4825871K->1633112K(6563968K) [PSPermGen: 113440K->113379K(393216K)], 10.4083569 secs] [Times: user=10.42 sys=0.00, real=10.42 secs] 
2012-05-23T16:29:14.705+0200: 162076.117: [GC [PSYoungGen: 1181248K->217138K(1855040K)] 2814360K->1850251K(6633728K), 0.1767645 secs] [Times: user=1.39 sys=0.00, real=0.19 secs] 
2012-05-23T16:29:18.979+0200: 162080.391: [GC [PSYoungGen: 1503346K->244931K(1820480K)] 3136459K->1878043K(6599168K), 0.2683374 secs] [Times: user=2.04 sys=0.00, real=0.28 secs] 
2012-05-23T16:29:21.007+0200: 162082.414: [GC [PSYoungGen: 1531139K->323928K(1856640K)] 3164251K->1957040K(6635328K), 0.2612141 secs] [Times: user=2.12 sys=0.00, real=0.27 secs] 
2012-05-23T16:29:23.114+0200: 162084.523: [GC [PSYoungGen: 1667224K->312591K(1655936K)] 3300336K->2040414K(6434624K), 0.3304065 secs] [Times: user=2.62 sys=0.00, real=0.33 secs] 
2012-05-23T16:29:35.672+0200: 162097.070: [GC [PSYoungGen: 1655887K->418245K(1788160K)] 3383710K->2375344K(6566848K), 0.8460605 secs] [Times: user=6.61 sys=0.00, real=0.84 secs] 
2012-05-23T16:29:49.259+0200: 162110.666: [GC [PSYoungGen: 1681797K->484130K(1747712K)] 3638896K->2845324K(6526400K), 1.1346277 secs] [Times: user=9.11 sys=0.00, real=1.14 secs] 
2012-05-23T16:30:14.079+0200: 162135.482: [GC [PSYoungGen: 1747682K->109540K(1777728K)] 4108876K->2925100K(6556416K), 0.8247904 secs] [Times: user=6.44 sys=0.00, real=0.83 secs] 
2012-05-23T16:31:09.226+0200: 162190.636: [GC [PSYoungGen: 1270436K->23017K(1183936K)] 4085996K->2939113K(5962624K), 0.2279988 secs] [Times: user=1.36 sys=0.02, real=0.23 secs] 
2012-05-23T16:31:33.484+0200: 162214.880: [GC [PSYoungGen: 1183913K->159231K(1796928K)] 4100009K->3079327K(6575616K), 0.2184276 secs] [Times: user=1.51 sys=0.02, real=0.22 secs] 
2012-05-23T16:31:58.975+0200: 162240.374: [GC [PSYoungGen: 1339071K->356514K(1772224K)] 4259167K->3399640K(6550912K), 0.6133894 secs] [Times: user=4.87 sys=0.00, real=0.61 secs] 
2012-05-23T16:32:40.175+0200: 162281.577: [GC [PSYoungGen: 1536354K->22975K(1783808K)] 4579480K->3352758K(6562496K), 0.7397945 secs] [Times: user=5.76 sys=0.00, real=0.75 secs] 
2012-05-23T16:33:10.174+0200: 162311.581: [GC [PSYoungGen: 1203711K->38761K(1785024K)] 4533494K->3386186K(6563712K), 0.1039723 secs] [Times: user=0.59 sys=0.02, real=0.11 secs] 
2012-05-23T16:35:02.043+0200: 162423.444: [GC [PSYoungGen: 1219497K->52718K(1806592K)] 4566922K->3428013K(6585280K), 0.1312721 secs] [Times: user=0.97 sys=0.00, real=0.14 secs] 
2012-05-23T16:35:30.592+0200: 162451.994: [GC [PSYoungGen: 1262510K->78401K(1792512K)] 4637805K->3497416K(6571200K), 0.1748645 secs] [Times: user=1.20 sys=0.00, real=0.19 secs] 
2012-05-23T16:35:56.129+0200: 162477.518: [GC [PSYoungGen: 1288193K->66034K(1847424K)] 4707208K->3538990K(6626112K), 0.1664689 secs] [Times: user=1.19 sys=0.00, real=0.16 secs] 
2012-05-23T16:36:46.144+0200: 162527.539: [GC [PSYoungGen: 1343587K->174504K(1827648K)] 4816543K->3647460K(6606336K), 0.2225917 secs] [Times: user=1.75 sys=0.00, real=0.22 secs] 
2012-05-23T16:37:30.089+0200: 162571.473: [GC [PSYoungGen: 1460264K->213974K(1898112K)] 4933220K->3686931K(6676800K), 0.2367717 secs] [Times: user=1.75 sys=0.00, real=0.23 secs] 
2012-05-23T16:38:27.732+0200: 162629.125: [GC [PSYoungGen: 1604438K->217877K(1881664K)] 5077395K->3690833K(6660352K), 0.2226469 secs] [Times: user=1.65 sys=0.00, real=0.23 secs] 
2012-05-23T16:39:22.473+0200: 162683.866: [GC [PSYoungGen: 1608341K->216564K(1927744K)] 5081297K->3689520K(6706432K), 0.2088836 secs] [Times: user=1.53 sys=0.00, real=0.22 secs] 
2012-05-23T16:40:30.802+0200: 162752.188: [GC [PSYoungGen: 1667828K->212453K(1912832K)] 5140784K->3685409K(6691520K), 0.2055260 secs] [Times: user=1.51 sys=0.00, real=0.20 secs] 
2012-05-23T16:43:49.580+0200: 162950.960: [GC [PSYoungGen: 1663717K->210427K(1960000K)] 5136673K->3683383K(6738688K), 0.2005812 secs] [Times: user=1.51 sys=0.00, real=0.20 secs] 
2012-05-23T16:43:51.467+0200: 162952.853: [GC [PSYoungGen: 1724987K->208447K(1943872K)] 5197943K->3681403K(6722560K), 0.1871988 secs] [Times: user=1.50 sys=0.00, real=0.19 secs] 
2012-05-23T16:44:06.646+0200: 162968.018: [GC [PSYoungGen: 1723007K->134118K(1989312K)] 5195963K->3753550K(6768000K), 0.4457439 secs] [Times: user=3.28 sys=0.00, real=0.44 secs] 
2012-05-23T16:45:24.725+0200: 163046.098: [GC [PSYoungGen: 1710054K->267334K(1975936K)] 5329486K->3933819K(6754624K), 0.4322361 secs] [Times: user=3.14 sys=0.00, real=0.42 secs] 
2012-05-23T16:46:26.175+0200: 163107.550: [GC [PSYoungGen: 1843270K->393461K(1873600K)] 5509755K->4061071K(6652288K), 0.3771629 secs] [Times: user=2.96 sys=0.00, real=0.37 secs] 
2012-05-23T16:46:29.279+0200: 163110.647: [GC [PSYoungGen: 1857461K->447836K(1911872K)] 5525071K->4117122K(6690560K), 0.3857853 secs] [Times: user=3.00 sys=0.00, real=0.37 secs] 
2012-05-23T16:46:31.666+0200: 163113.039: [GC [PSYoungGen: 1911836K->313944K(1816384K)] 5581122K->4208280K(6595072K), 0.4767582 secs] [Times: user=3.74 sys=0.00, real=0.48 secs] 
2012-05-23T16:46:39.123+0200: 163120.492: [GC [PSYoungGen: 1652888K->309990K(1864128K)] 5547224K->4427307K(6642816K), 0.6424289 secs] [Times: user=5.05 sys=0.00, real=0.64 secs] 
2012-05-23T16:46:54.926+0200: 163136.299: [GC [PSYoungGen: 1648934K->521764K(1463936K)] 5766251K->4985882K(6242624K), 1.1940564 secs] [Times: user=9.47 sys=0.02, real=1.20 secs] 
2012-05-23T16:46:56.127+0200: 163137.493: [Full GC [PSYoungGen: 521764K->0K(1463936K)] [PSOldGen: 4464118K->2168012K(4778688K)] 4985882K->2168012K(6242624K) [PSPermGen: 113386K->113386K(393216K)], 13.0074710 secs] [Times: user=12.98 sys=0.01, real=12.99 secs] 
2012-05-23T16:47:17.967+0200: 163159.345: [GC [PSYoungGen: 942144K->160187K(1665728K)] 3110156K->2328199K(6444416K), 0.2692145 secs] [Times: user=2.14 sys=0.00, real=0.28 secs] 
2012-05-23T16:48:23.395+0200: 163224.772: [GC [PSYoungGen: 1102331K->97240K(1688512K)] 3270343K->2398194K(6467200K), 0.3316485 secs] [Times: user=2.75 sys=0.00, real=0.34 secs] 
2012-05-23T16:49:32.441+0200: 163293.814: [GC [PSYoungGen: 1077656K->138171K(1681216K)] 3378610K->2481406K(6459904K), 0.2868059 secs] [Times: user=2.09 sys=0.00, real=0.30 secs] 
2012-05-23T16:49:51.146+0200: 163312.515: [GC [PSYoungGen: 1118587K->140950K(1728640K)] 3461822K->2600856K(6507328K), 0.2895394 secs] [Times: user=2.23 sys=0.00, real=0.30 secs] 
2012-05-23T16:50:07.479+0200: 163328.846: [GC [PSYoungGen: 1187734K->217734K(1707456K)] 3647640K->2747644K(6486144K), 0.4323201 secs] [Times: user=3.25 sys=0.00, real=0.44 secs] 
2012-05-23T16:50:28.274+0200: 163349.636: [GC [PSYoungGen: 1264518K->21320K(1762944K)] 3794428K->2730893K(6541632K), 0.5638415 secs] [Times: user=4.40 sys=0.00, real=0.56 secs] 
2012-05-23T16:50:42.689+0200: 163364.052: [GC [PSYoungGen: 1159048K->27671K(1763520K)] 3868621K->2750644K(6542208K), 0.0840575 secs] [Times: user=0.52 sys=0.00, real=0.08 secs] 
2012-05-23T16:50:56.183+0200: 163377.551: [GC [PSYoungGen: 1165399K->19673K(1780096K)] 3888372K->2757125K(6558784K), 0.0902397 secs] [Times: user=0.50 sys=0.00, real=0.09 secs] 
2012-05-23T16:51:12.766+0200: 163394.132: [GC [PSYoungGen: 1180633K->19296K(1770176K)] 3918085K->2774356K(6548864K), 0.0911152 secs] [Times: user=0.56 sys=0.00, real=0.09 secs] 
2012-05-23T16:51:26.728+0200: 163408.094: [GC [PSYoungGen: 1180256K->16912K(1810560K)] 3935316K->2789964K(6589248K), 0.0916308 secs] [Times: user=0.53 sys=0.00, real=0.09 secs] 
2012-05-23T16:51:48.740+0200: 163430.105: [GC [PSYoungGen: 1232144K->17120K(1793984K)] 4005196K->2806011K(6572672K), 0.1113102 secs] [Times: user=0.62 sys=0.00, real=0.11 secs] 
2012-05-23T16:52:09.582+0200: 163450.938: [GC [PSYoungGen: 1232352K->41816K(1854720K)] 4021243K->2830707K(6633408K), 0.1186393 secs] [Times: user=0.59 sys=0.00, real=0.11 secs] 
2012-05-23T16:52:28.817+0200: 163470.174: [GC [PSYoungGen: 1336856K->57864K(1829632K)] 4125747K->2846755K(6608320K), 0.1306152 secs] [Times: user=0.69 sys=0.00, real=0.13 secs] 
2012-05-23T16:52:48.052+0200: 163489.413: [GC [PSYoungGen: 1352904K->77109K(1913152K)] 4141795K->2866000K(6691840K), 0.1324323 secs] [Times: user=0.78 sys=0.00, real=0.13 secs] 
2012-05-23T16:53:09.658+0200: 163511.016: [GC [PSYoungGen: 1483637K->106706K(1882688K)] 4272528K->2895597K(6661376K), 0.1486808 secs] [Times: user=1.06 sys=0.00, real=0.14 secs] 
2012-05-23T16:53:23.870+0200: 163525.230: [GC [PSYoungGen: 1513234K->162221K(1962816K)] 4302125K->2951112K(6741504K), 0.2312873 secs] [Times: user=1.61 sys=0.00, real=0.23 secs] 
2012-05-23T16:53:44.946+0200: 163546.306: [GC [PSYoungGen: 1682541K->278795K(1799168K)] 4471432K->3067686K(6577856K), 0.3807263 secs] [Times: user=2.85 sys=0.00, real=0.37 secs] 
2012-05-23T16:54:13.260+0200: 163574.613: [GC [PSYoungGen: 1799115K->433362K(1779840K)] 4588006K->3222253K(6558528K), 0.5475198 secs] [Times: user=4.12 sys=0.00, real=0.55 secs] 
2012-05-23T16:54:32.058+0200: 163593.411: [GC [PSYoungGen: 1759122K->531745K(1857536K)] 4548013K->3391550K(6636224K), 0.6655586 secs] [Times: user=5.12 sys=0.00, real=0.66 secs] 
2012-05-23T16:54:56.894+0200: 163618.246: [GC [PSYoungGen: 1857505K->482809K(1496064K)] 4717310K->3372483K(6274752K), 0.5773320 secs] [Times: user=4.32 sys=0.00, real=0.58 secs] 
2012-05-23T16:55:22.962+0200: 163644.317: [GC [PSYoungGen: 1447097K->485451K(1449792K)] 4336771K->3402885K(6228480K), 0.5958220 secs] [Times: user=4.37 sys=0.00, real=0.59 secs] 
2012-05-23T16:55:33.289+0200: 163654.649: [GC [PSYoungGen: 1449739K->418420K(1616320K)] 4367173K->3475751K(6395008K), 0.6714393 secs] [Times: user=5.18 sys=0.00, real=0.67 secs] 
2012-05-23T16:55:46.893+0200: 163668.249: [GC [PSYoungGen: 1278132K->184219K(1624512K)] 4335463K->3538840K(6403200K), 0.6023744 secs] [Times: user=4.51 sys=0.00, real=0.61 secs] 
2012-05-23T16:55:56.409+0200: 163677.769: [GC [PSYoungGen: 1043931K->23378K(1661696K)] 4398552K->3402367K(6440384K), 0.1145582 secs] [Times: user=0.73 sys=0.00, real=0.13 secs] 
2012-05-23T16:56:11.385+0200: 163692.743: [GC [PSYoungGen: 952914K->21233K(1657152K)] 4331903K->3414560K(6435840K), 0.1076018 secs] [Times: user=0.66 sys=0.00, real=0.11 secs] 
2012-05-23T16:56:25.690+0200: 163707.049: [GC [PSYoungGen: 950769K->13484K(1686144K)] 4344096K->3426954K(6464832K), 0.1117797 secs] [Times: user=0.61 sys=0.00, real=0.11 secs] 
2012-05-23T16:56:36.486+0200: 163717.848: [GC [PSYoungGen: 982444K->60871K(1672128K)] 4395914K->3486714K(6450816K), 0.1444938 secs] [Times: user=1.08 sys=0.00, real=0.16 secs] 
2012-05-23T16:57:00.448+0200: 163741.808: [GC [PSYoungGen: 1029831K->53133K(1738688K)] 4455674K->3491292K(6517376K), 0.1077482 secs] [Times: user=0.66 sys=0.00, real=0.11 secs] 
2012-05-23T16:57:18.403+0200: 163759.757: [GC [PSYoungGen: 1115021K->16968K(1712512K)] 4553180K->3474179K(6491200K), 0.1303664 secs] [Times: user=0.62 sys=0.00, real=0.13 secs] 
2012-05-23T16:57:41.991+0200: 163783.347: [GC [PSYoungGen: 1078856K->38808K(1786560K)] 4536067K->3496018K(6565248K), 0.1327866 secs] [Times: user=0.81 sys=0.00, real=0.14 secs] 
2012-05-23T16:58:11.974+0200: 163813.327: [GC [PSYoungGen: 1195736K->53100K(1759680K)] 4652946K->3510311K(6538368K), 0.1270410 secs] [Times: user=0.72 sys=0.00, real=0.13 secs] 
2012-05-23T16:58:28.651+0200: 163830.007: [GC [PSYoungGen: 1210028K->136560K(1859968K)] 4667239K->3593771K(6638656K), 0.2538793 secs] [Times: user=1.92 sys=0.00, real=0.26 secs] 
2012-05-23T16:59:19.835+0200: 163881.187: [GC [PSYoungGen: 1423586K->165869K(1816384K)] 4880797K->3623080K(6595072K), 0.3108700 secs] [Times: user=2.15 sys=0.00, real=0.31 secs] 
2012-05-23T16:59:51.239+0200: 163912.594: [GC [PSYoungGen: 1452909K->184046K(1908160K)] 4910120K->3641257K(6686848K), 0.2692022 secs] [Times: user=2.12 sys=0.00, real=0.28 secs] 
2012-05-23T17:00:45.917+0200: 163967.265: [GC [PSYoungGen: 1591342K->202393K(1888448K)] 5048553K->3659604K(6667136K), 0.2966715 secs] [Times: user=2.04 sys=0.00, real=0.30 secs] 
2012-05-23T17:01:29.691+0200: 164011.043: [GC [PSYoungGen: 1609689K->221056K(1925888K)] 5066900K->3678267K(6704576K), 0.2969131 secs] [Times: user=2.03 sys=0.00, real=0.30 secs] 
2012-05-23T17:02:04.480+0200: 164045.823: [GC [PSYoungGen: 1677952K->239851K(1920320K)] 5135163K->3697062K(6699008K), 0.2919048 secs] [Times: user=2.01 sys=0.00, real=0.30 secs] 
2012-05-23T17:02:17.475+0200: 164058.815: [GC [PSYoungGen: 1696747K->308998K(1879232K)] 5153958K->3766209K(6657920K), 0.3695655 secs] [Times: user=2.64 sys=0.00, real=0.36 secs] 
2012-05-23T17:02:37.427+0200: 164078.765: [GC [PSYoungGen: 1724870K->392668K(1808576K)] 5182081K->3849879K(6587264K), 0.4188568 secs] [Times: user=3.09 sys=0.00, real=0.41 secs] 
2012-05-23T17:02:55.992+0200: 164097.339: [GC [PSYoungGen: 1808540K->378593K(1789824K)] 5265751K->3850500K(6568512K), 0.4473915 secs] [Times: user=3.29 sys=0.00, real=0.45 secs] 
2012-05-23T17:03:14.759+0200: 164116.104: [GC [PSYoungGen: 1633569K->402746K(1657728K)] 5105476K->3906415K(6436416K), 0.4450824 secs] [Times: user=3.46 sys=0.00, real=0.45 secs] 
2012-05-23T17:03:25.851+0200: 164127.200: [GC [PSYoungGen: 1657722K->388109K(1749888K)] 5161391K->3965198K(6528576K), 0.5452676 secs] [Times: user=4.06 sys=0.00, real=0.55 secs] 
2012-05-23T17:03:45.944+0200: 164147.282: [GC [PSYoungGen: 1537613K->551424K(1700992K)] 5114702K->4136697K(6479680K), 0.5630705 secs] [Times: user=4.48 sys=0.00, real=0.56 secs] 
2012-05-23T17:04:25.178+0200: 164186.523: [GC [PSYoungGen: 1691750K->569877K(1559424K)] 5277023K->4164113K(6338112K), 0.5349070 secs] [Times: user=3.92 sys=0.00, real=0.55 secs] 
2012-05-23T17:04:33.353+0200: 164194.697: [GC [PSYoungGen: 1440981K->605559K(1476672K)] 5035217K->4321275K(6255360K), 0.6513739 secs] [Times: user=5.24 sys=0.00, real=0.65 secs] 
2012-05-23T17:04:35.771+0200: 164197.116: [GC [PSYoungGen: 1476663K->629986K(1592896K)] 5192379K->4352131K(6371584K), 0.5657410 secs] [Times: user=4.49 sys=0.00, real=0.58 secs] 
2012-05-23T17:04:37.424+0200: 164198.759: [GC [PSYoungGen: 1426466K->264058K(1592896K)] 5148611K->4400387K(6371584K), 0.7094745 secs] [Times: user=5.58 sys=0.00, real=0.70 secs] 
2012-05-23T17:04:39.125+0200: 164200.459: [GC [PSYoungGen: 1060538K->124781K(1592896K)] 5196867K->4430464K(6371584K), 0.3466227 secs] [Times: user=2.75 sys=0.00, real=0.34 secs] 
2012-05-23T17:04:40.513+0200: 164201.858: [GC [PSYoungGen: 921261K->91650K(1592896K)] 5226944K->4478483K(6371584K), 0.2171937 secs] [Times: user=1.75 sys=0.00, real=0.22 secs] 
2012-05-23T17:04:43.352+0200: 164204.696: [GC [PSYoungGen: 888130K->87313K(1592896K)] 5274963K->4565864K(6371584K), 0.2528702 secs] [Times: user=1.95 sys=0.00, real=0.25 secs] 
2012-05-23T17:04:49.624+0200: 164210.963: [GC [PSYoungGen: 883793K->173193K(1592896K)] 5362344K->4735974K(6371584K), 0.3900558 secs] [Times: user=3.10 sys=0.00, real=0.39 secs] 
2012-05-23T17:04:50.014+0200: 164211.353: [Full GC [PSYoungGen: 173193K->0K(1592896K)] [PSOldGen: 4562781K->2101463K(4778688K)] 4735974K->2101463K(6371584K) [PSPermGen: 113475K->113475K(393216K)], 11.0236478 secs] [Times: user=11.03 sys=0.00, real=11.03 secs] 
2012-05-23T17:05:08.172+0200: 164229.511: [GC [PSYoungGen: 796480K->264058K(1654208K)] 2897943K->2365521K(6432896K), 0.4617938 secs] [Times: user=3.03 sys=0.00, real=0.47 secs] 
2012-05-23T17:05:17.891+0200: 164239.232: [GC [PSYoungGen: 1134714K->326343K(1605760K)] 3236177K->2684239K(6384448K), 0.9508736 secs] [Times: user=5.83 sys=0.00, real=0.95 secs] 
2012-05-23T17:05:24.942+0200: 164246.279: [GC [PSYoungGen: 1196999K->119986K(1696768K)] 3554895K->2803920K(6475456K), 0.6342719 secs] [Times: user=5.01 sys=0.00, real=0.64 secs] 
2012-05-23T17:05:34.693+0200: 164256.028: [GC [PSYoungGen: 1108850K->124495K(1681408K)] 3792784K->2924847K(6460096K), 0.3724992 secs] [Times: user=2.84 sys=0.00, real=0.37 secs] 
2012-05-23T17:06:05.456+0200: 164286.800: [GC [PSYoungGen: 1113359K->132654K(1737920K)] 3913711K->3053632K(6516608K), 0.3507033 secs] [Times: user=2.53 sys=0.00, real=0.36 secs] 
2012-05-23T17:06:50.213+0200: 164331.543: [GC [PSYoungGen: 1196974K->163881K(1715712K)] 4117952K->3204909K(6494400K), 0.4131246 secs] [Times: user=3.04 sys=0.00, real=0.41 secs] 
2012-05-23T17:07:10.431+0200: 164351.760: [GC [PSYoungGen: 1228201K->526227K(1626496K)] 4269229K->3688135K(6405184K), 0.8267032 secs] [Times: user=6.48 sys=0.01, real=0.83 secs] 
2012-05-23T17:07:52.973+0200: 164394.313: [GC [PSYoungGen: 1529811K->175482K(1696448K)] 4691719K->3794269K(6475136K), 0.7795157 secs] [Times: user=5.96 sys=0.01, real=0.78 secs] 
2012-05-23T17:08:07.980+0200: 164409.315: [GC [PSYoungGen: 1179066K->358782K(1726912K)] 4797853K->4133000K(6505600K), 0.6657413 secs] [Times: user=5.23 sys=0.00, real=0.67 secs] 
2012-05-23T17:09:50.161+0200: 164511.488: [GC [PSYoungGen: 1421502K->71486K(1725120K)] 5195720K->4189427K(6503808K), 0.5873137 secs] [Times: user=4.46 sys=0.00, real=0.58 secs] 
2012-05-23T17:10:35.480+0200: 164556.811: [GC [PSYoungGen: 1134206K->21334K(1737600K)] 5252147K->4201509K(6516288K), 0.2050555 secs] [Times: user=1.39 sys=0.00, real=0.20 secs] 
2012-05-23T17:11:09.956+0200: 164591.282: [GC [PSYoungGen: 1103894K->16855K(1734272K)] 5284069K->4214914K(6512960K), 0.1057203 secs] [Times: user=0.55 sys=0.00, real=0.11 secs] 
2012-05-23T17:12:13.808+0200: 164655.133: [GC [PSYoungGen: 1099415K->13999K(1758208K)] 5297474K->4227759K(6536896K), 0.1067417 secs] [Times: user=0.64 sys=0.00, real=0.11 secs] 
2012-05-23T17:12:49.158+0200: 164690.487: [GC [PSYoungGen: 1128687K->116540K(1745792K)] 5342447K->4343351K(6524480K), 0.2389072 secs] [Times: user=1.62 sys=0.00, real=0.25 secs] 
2012-05-23T17:13:35.475+0200: 164736.802: [GC [PSYoungGen: 1231228K->43334K(1811520K)] 5458039K->4384656K(6590208K), 0.2561434 secs] [Times: user=2.00 sys=0.00, real=0.27 secs] 
2012-05-23T17:14:09.546+0200: 164770.863: [GC [PSYoungGen: 1257414K->153688K(1791872K)] 5598736K->4495010K(6570560K), 0.2489315 secs] [Times: user=1.79 sys=0.00, real=0.25 secs] 
2012-05-23T17:14:35.146+0200: 164796.461: [GC [PSYoungGen: 1367768K->410838K(1742336K)] 5709090K->4752160K(6521024K), 0.5768563 secs] [Times: user=4.04 sys=0.00, real=0.58 secs] 
2012-05-23T17:14:56.159+0200: 164817.473: [GC [PSYoungGen: 1615382K->194160K(1796928K)] 5956704K->4576973K(6575616K), 0.3171475 secs] [Times: user=2.47 sys=0.00, real=0.31 secs] 
2012-05-23T17:15:24.411+0200: 164845.725: [GC [PSYoungGen: 1398704K->97531K(1856192K)] 5781517K->4490890K(6634880K), 0.1496838 secs] [Times: user=1.12 sys=0.00, real=0.14 secs] 
2012-05-23T17:15:33.771+0200: 164855.085: [GC [PSYoungGen: 1399099K->174188K(1834688K)] 5792458K->4567547K(6613376K), 0.2451714 secs] [Times: user=1.70 sys=0.00, real=0.23 secs] 
2012-05-23T17:15:51.072+0200: 164872.385: [GC [PSYoungGen: 1475756K->139768K(1916480K)] 5869115K->4574537K(6695168K), 0.2098068 secs] [Times: user=1.51 sys=0.00, real=0.20 secs] 
2012-05-23T17:16:08.591+0200: 164889.910: [GC [PSYoungGen: 1557880K->61322K(1890944K)] 5992649K->4503704K(6669632K), 0.1742875 secs] [Times: user=1.06 sys=0.00, real=0.17 secs] 
2012-05-23T17:16:29.433+0200: 164910.752: [GC [PSYoungGen: 1479434K->68282K(1940992K)] 5921816K->4514130K(6719680K), 0.1443084 secs] [Times: user=0.81 sys=0.00, real=0.14 secs] 
2012-05-23T17:17:17.840+0200: 164959.160: [GC [PSYoungGen: 1547130K->67016K(1927168K)] 5992978K->4512864K(6705856K), 0.1411576 secs] [Times: user=0.83 sys=0.00, real=0.14 secs] 
2012-05-23T17:17:48.604+0200: 164989.916: [GC [PSYoungGen: 1545864K->215152K(1958656K)] 5991712K->4661000K(6737344K), 0.2892307 secs] [Times: user=2.25 sys=0.00, real=0.28 secs] 
2012-05-23T17:18:11.708+0200: 165013.026: [GC [PSYoungGen: 1740272K->430638K(1955776K)] 6186120K->4992578K(6734464K), 0.7534867 secs] [Times: user=5.99 sys=0.00, real=0.76 secs] 
2012-05-23T17:18:12.472+0200: 165013.779: [Full GC [PSYoungGen: 430638K->0K(1955776K)] [PSOldGen: 4561939K->3277107K(4778688K)] 4992578K->3277107K(6734464K) [PSPermGen: 113493K->113493K(393216K)], 19.2469480 secs] [Times: user=19.22 sys=0.02, real=19.24 secs] 
2012-05-23T17:18:50.786+0200: 165052.101: [GC [PSYoungGen: 1525120K->360557K(1671232K)] 4802227K->3637665K(6449920K), 0.4904760 secs] [Times: user=3.87 sys=0.00, real=0.50 secs] 
2012-05-23T17:19:20.255+0200: 165081.566: [GC [PSYoungGen: 1598253K->426949K(1664704K)] 4875361K->3704056K(6443392K), 0.4096666 secs] [Times: user=3.12 sys=0.00, real=0.41 secs] 
2012-05-23T17:19:31.175+0200: 165092.488: [GC [PSYoungGen: 1664645K->464710K(1673728K)] 4941752K->3741818K(6452416K), 0.4494098 secs] [Times: user=3.62 sys=0.00, real=0.45 secs] 
2012-05-23T17:19:45.481+0200: 165106.795: [GC [PSYoungGen: 1518470K->549911K(1603712K)] 4795578K->3827018K(6382400K), 0.4981179 secs] [Times: user=3.81 sys=0.00, real=0.50 secs] 
2012-05-23T17:20:11.720+0200: 165133.024: [GC [PSYoungGen: 1603671K->553099K(1544128K)] 4880778K->3830206K(6322816K), 0.4805403 secs] [Times: user=3.59 sys=0.00, real=0.47 secs] 
2012-05-23T17:20:25.230+0200: 165146.542: [GC [PSYoungGen: 1361227K->157655K(1598720K)] 4638334K->3844412K(6377408K), 0.6546870 secs] [Times: user=4.93 sys=0.00, real=0.65 secs] 
2012-05-23T17:20:36.915+0200: 165158.228: [GC [PSYoungGen: 965783K->39120K(1624704K)] 4652540K->3848879K(6403392K), 0.3314028 secs] [Times: user=2.53 sys=0.02, real=0.34 secs] 
2012-05-23T17:20:48.911+0200: 165170.216: [GC [PSYoungGen: 895312K->32658K(1620800K)] 4705071K->3851409K(6399488K), 0.0725059 secs] [Times: user=0.39 sys=0.00, real=0.06 secs] 
2012-05-23T17:21:00.252+0200: 165181.561: [GC [PSYoungGen: 888850K->21714K(1646848K)] 4707601K->3848506K(6425536K), 0.0688887 secs] [Times: user=0.36 sys=0.00, real=0.06 secs] 
2012-05-23T17:21:13.450+0200: 165194.767: [GC [PSYoungGen: 913234K->28017K(1633984K)] 4740026K->3861281K(6412672K), 0.0763597 secs] [Times: user=0.44 sys=0.00, real=0.08 secs] 
2012-05-23T17:21:28.146+0200: 165209.451: [GC [PSYoungGen: 919537K->18176K(1686016K)] 4752801K->3857935K(6464704K), 0.0566977 secs] [Times: user=0.38 sys=0.00, real=0.05 secs] 
2012-05-23T17:21:57.989+0200: 165239.295: [GC [PSYoungGen: 980480K->208675K(1665600K)] 4820239K->4048434K(6444288K), 0.1907879 secs] [Times: user=1.48 sys=0.00, real=0.19 secs] 
2012-05-23T17:22:00.890+0200: 165242.200: [GC [PSYoungGen: 1170979K->178883K(1774912K)] 5010738K->4018643K(6553600K), 0.1924969 secs] [Times: user=1.50 sys=0.00, real=0.20 secs] 
2012-05-23T17:22:02.950+0200: 165244.264: [GC [PSYoungGen: 1293635K->157631K(1729152K)] 5133395K->4081303K(6507840K), 0.2527586 secs] [Times: user=2.12 sys=0.00, real=0.26 secs] 
2012-05-23T17:22:04.775+0200: 165246.078: [GC [PSYoungGen: 1272383K->67829K(1832320K)] 5196055K->4149447K(6611008K), 0.2815160 secs] [Times: user=2.25 sys=0.00, real=0.28 secs] 
2012-05-23T17:22:08.644+0200: 165249.950: [GC [PSYoungGen: 1323573K->120866K(1812736K)] 5405191K->4270481K(6591424K), 0.2451509 secs] [Times: user=2.00 sys=0.00, real=0.25 secs] 
2012-05-23T17:22:21.015+0200: 165262.319: [GC [PSYoungGen: 1376610K->390977K(1768384K)] 5526225K->4658696K(6547072K), 0.6987877 secs] [Times: user=5.62 sys=0.00, real=0.70 secs] 
2012-05-23T17:22:30.609+0200: 165271.909: [GC [PSYoungGen: 1632129K->414144K(1655360K)] 5899848K->5066175K(6434048K), 1.0625744 secs] [Times: user=8.47 sys=0.00, real=1.06 secs] 
2012-05-23T17:22:31.670+0200: 165272.972: [Full GC [PSYoungGen: 414144K->0K(1655360K)] [PSOldGen: 4652031K->2569613K(4778688K)] 5066175K->2569613K(6434048K) [PSPermGen: 113493K->113457K(393216K)], 16.1928768 secs] [Times: user=16.18 sys=0.02, real=16.19 secs] 
2012-05-23T17:22:57.550+0200: 165298.861: [GC [PSYoungGen: 1241152K->151615K(1800960K)] 3810765K->2721228K(6579648K), 0.2545111 secs] [Times: user=2.12 sys=0.00, real=0.27 secs] 
2012-05-23T17:23:23.181+0200: 165324.494: [GC [PSYoungGen: 1333823K->334735K(1770560K)] 3903436K->3038409K(6549248K), 0.5607624 secs] [Times: user=4.38 sys=0.00, real=0.56 secs] 
2012-05-23T17:23:46.254+0200: 165347.552: [GC [PSYoungGen: 1516943K->298459K(1799936K)] 4220617K->3227025K(6578624K), 0.8847383 secs] [Times: user=6.96 sys=0.00, real=0.87 secs] 
2012-05-23T17:24:15.505+0200: 165376.802: [GC [PSYoungGen: 1500635K->81521K(1791552K)] 4429201K->3303772K(6570240K), 0.5092793 secs] [Times: user=3.87 sys=0.00, real=0.50 secs] 
2012-05-23T17:24:45.083+0200: 165406.383: [GC [PSYoungGen: 1283697K->25211K(1816320K)] 4505948K->3310528K(6595008K), 0.1878490 secs] [Times: user=1.26 sys=0.00, real=0.19 secs] 
2012-05-23T17:25:08.717+0200: 165430.018: [GC [PSYoungGen: 1263739K->29557K(1811520K)] 4549056K->3321611K(6590208K), 0.0830294 secs] [Times: user=0.39 sys=0.00, real=0.08 secs] 
2012-05-23T17:25:26.236+0200: 165447.536: [GC [PSYoungGen: 1268085K->58869K(1844864K)] 4560139K->3350922K(6623552K), 0.0874791 secs] [Times: user=0.53 sys=0.00, real=0.09 secs] 
2012-05-23T17:25:38.560+0200: 165459.867: [GC [PSYoungGen: 1340789K->125234K(1826368K)] 4632842K->3417287K(6605056K), 0.1819883 secs] [Times: user=1.22 sys=0.00, real=0.19 secs] 
2012-05-23T17:26:00.494+0200: 165481.797: [GC [PSYoungGen: 1407154K->137175K(1907072K)] 4699207K->3429229K(6685760K), 0.1517087 secs] [Times: user=1.03 sys=0.00, real=0.16 secs] 
2012-05-23T17:27:20.055+0200: 165561.353: [GC [PSYoungGen: 1530903K->176150K(1875968K)] 4822957K->3468204K(6654656K), 0.2008034 secs] [Times: user=1.51 sys=0.00, real=0.20 secs] 
2012-05-23T17:27:28.448+0200: 165569.743: [GC [PSYoungGen: 1569878K->208301K(1944896K)] 4861932K->3500355K(6723584K), 0.2197127 secs] [Times: user=1.72 sys=0.00, real=0.22 secs] 
2012-05-23T17:27:32.083+0200: 165573.383: [GC [PSYoungGen: 1696877K->229996K(1932992K)] 4988931K->3522049K(6711680K), 0.2329303 secs] [Times: user=1.81 sys=0.02, real=0.23 secs] 
2012-05-23T17:28:00.007+0200: 165601.301: [GC [PSYoungGen: 1718572K->429618K(1811840K)] 5010625K->3726495K(6590528K), 0.5126630 secs] [Times: user=3.90 sys=0.00, real=0.52 secs] 
2012-05-23T17:28:29.835+0200: 165631.132: [GC [PSYoungGen: 1801074K->508902K(1880384K)] 5097951K->4089635K(6659072K), 1.0957062 secs] [Times: user=8.72 sys=0.00, real=1.09 secs] 
2012-05-23T17:28:55.559+0200: 165656.850: [GC [PSYoungGen: 1880358K->508925K(1305408K)] 5461091K->4391304K(6084096K), 1.1065773 secs] [Times: user=8.05 sys=0.00, real=1.11 secs] 
2012-05-23T17:29:02.564+0200: 165663.858: [GC [PSYoungGen: 1305405K->714799K(1592896K)] 5187784K->4619784K(6371584K), 0.9276932 secs] [Times: user=7.03 sys=0.00, real=0.92 secs] 
2012-05-23T17:29:27.665+0200: 165688.957: [GC [PSYoungGen: 1511279K->771534K(1592896K)] 5416264K->4684591K(6371584K), 0.9007830 secs] [Times: user=6.77 sys=0.02, real=0.90 secs] 
2012-05-23T17:29:50.378+0200: 165711.668: [GC [PSYoungGen: 1568014K->532405K(1592896K)] 5481071K->4698104K(6371584K), 1.0025006 secs] [Times: user=7.36 sys=0.00, real=1.00 secs] 
2012-05-23T17:30:07.773+0200: 165729.072: [GC [PSYoungGen: 1328885K->117596K(1592896K)] 5494584K->4711050K(6371584K), 0.7227765 secs] [Times: user=5.76 sys=0.00, real=0.73 secs] 
2012-05-23T17:30:08.506+0200: 165729.795: [Full GC [PSYoungGen: 117596K->0K(1592896K)] [PSOldGen: 4593454K->2667380K(4778688K)] 4711050K->2667380K(6371584K) [PSPermGen: 113493K->113493K(393216K)], 16.3458660 secs] [Times: user=16.35 sys=0.00, real=16.35 secs] 
2012-05-23T17:30:34.371+0200: 165755.658: [GC [PSYoungGen: 796480K->35836K(1592896K)] 3463860K->2703216K(6371584K), 0.0854311 secs] [Times: user=0.40 sys=0.00, real=0.08 secs] 
2012-05-23T17:30:46.758+0200: 165768.053: [GC [PSYoungGen: 832316K->30578K(1592896K)] 3499696K->2719289K(6371584K), 0.0869338 secs] [Times: user=0.51 sys=0.00, real=0.09 secs] 
2012-05-23T17:30:59.363+0200: 165780.651: [GC [PSYoungGen: 827058K->21981K(1592896K)] 3515769K->2717737K(6371584K), 0.0617204 secs] [Times: user=0.23 sys=0.00, real=0.06 secs] 
2012-05-23T17:31:10.236+0200: 165791.529: [GC [PSYoungGen: 818461K->31510K(1592896K)] 3514217K->2734957K(6371584K), 0.0647314 secs] [Times: user=0.44 sys=0.00, real=0.06 secs] 
2012-05-23T17:31:24.947+0200: 165806.241: [GC [PSYoungGen: 827990K->83215K(1592896K)] 3531437K->2808168K(6371584K), 0.1899646 secs] [Times: user=1.25 sys=0.00, real=0.19 secs] 
2012-05-23T17:31:42.591+0200: 165823.884: [GC [PSYoungGen: 879695K->43384K(1592896K)] 3604648K->2837392K(6371584K), 0.1920689 secs] [Times: user=1.11 sys=0.00, real=0.20 secs] 
2012-05-23T17:31:59.751+0200: 165841.041: [GC [PSYoungGen: 839864K->57422K(1592896K)] 3633872K->2871254K(6371584K), 0.1467716 secs] [Times: user=0.72 sys=0.00, real=0.14 secs] 
2012-05-23T17:32:22.434+0200: 165863.724: [GC [PSYoungGen: 853902K->71517K(1592896K)] 3667734K->2919599K(6371584K), 0.1999929 secs] [Times: user=1.17 sys=0.00, real=0.20 secs] 
2012-05-23T17:32:33.962+0200: 165875.248: [GC [PSYoungGen: 867997K->65752K(1592896K)] 3716079K->2973977K(6371584K), 0.2239326 secs] [Times: user=1.67 sys=0.00, real=0.22 secs] 
2012-05-23T17:32:38.315+0200: 165879.609: [GC [PSYoungGen: 862232K->215296K(1671360K)] 3770457K->3123521K(6450048K), 0.2861296 secs] [Times: user=2.37 sys=0.00, real=0.30 secs] 
2012-05-23T17:32:40.483+0200: 165881.776: [GC [PSYoungGen: 1123712K->298928K(1626368K)] 4031937K->3207153K(6405056K), 0.3568093 secs] [Times: user=2.86 sys=0.00, real=0.36 secs] 
2012-05-23T17:32:43.041+0200: 165884.323: [GC [PSYoungGen: 1207344K->106267K(1718208K)] 4115569K->3225333K(6496896K), 0.4049296 secs] [Times: user=3.10 sys=0.00, real=0.41 secs] 
2012-05-23T17:32:46.037+0200: 165887.326: [GC [PSYoungGen: 1117083K->31072K(1681920K)] 4236149K->3251115K(6460608K), 0.2123718 secs] [Times: user=1.75 sys=0.00, real=0.22 secs] 
2012-05-23T17:33:01.851+0200: 165903.139: [GC [PSYoungGen: 1031471K->153867K(1785600K)] 4251514K->3397091K(6564288K), 0.2166449 secs] [Times: user=1.75 sys=0.00, real=0.22 secs] 
2012-05-23T17:33:07.699+0200: 165909.000: [GC [PSYoungGen: 1290635K->195591K(1740480K)] 4533859K->3566586K(6519168K), 0.3624867 secs] [Times: user=2.98 sys=0.00, real=0.38 secs] 
2012-05-23T17:33:23.933+0200: 165925.233: [GC [PSYoungGen: 1332359K->149634K(1855296K)] 4703354K->3711964K(6633984K), 0.4432971 secs] [Times: user=3.46 sys=0.00, real=0.45 secs] 
2012-05-23T17:33:28.954+0200: 165930.253: [GC [PSYoungGen: 1434690K->22194K(1819072K)] 4997020K->3727010K(6597760K), 0.2484640 secs] [Times: user=1.98 sys=0.00, real=0.25 secs] 
2012-05-23T17:33:33.913+0200: 165935.219: [GC [PSYoungGen: 1307250K->670K(1877504K)] 5012066K->3725625K(6656192K), 0.0876772 secs] [Times: user=0.75 sys=0.00, real=0.09 secs] 
2012-05-23T17:33:48.135+0200: 165949.448: [GC [PSYoungGen: 1355647K->15043K(1866816K)] 5080602K->3740179K(6645504K), 0.1356082 secs] [Times: user=0.83 sys=0.00, real=0.14 secs] 
2012-05-23T17:34:51.306+0200: 166012.629: [GC [PSYoungGen: 1370051K->115111K(1928640K)] 5095187K->3854707K(6707328K), 0.2221943 secs] [Times: user=1.64 sys=0.00, real=0.22 secs] 
2012-05-23T17:35:24.241+0200: 166045.587: [GC [PSYoungGen: 1548135K->155445K(1893696K)] 5287731K->3904963K(6672384K), 0.3206602 secs] [Times: user=2.59 sys=0.00, real=0.33 secs] 
2012-05-23T17:36:11.289+0200: 166092.641: [GC [PSYoungGen: 1588469K->185412K(1960960K)] 5337987K->3934930K(6739648K), 0.3708460 secs] [Times: user=2.73 sys=0.00, real=0.36 secs] 
2012-05-23T17:37:10.421+0200: 166151.794: [GC [PSYoungGen: 1708100K->291915K(1814656K)] 5457618K->4041432K(6593344K), 0.2902818 secs] [Times: user=2.14 sys=0.00, real=0.28 secs] 
2012-05-23T17:37:13.104+0200: 166154.483: [GC [PSYoungGen: 1814603K->367563K(1832448K)] 5564120K->4117081K(6611136K), 0.3026807 secs] [Times: user=2.37 sys=0.00, real=0.30 secs] 
2012-05-23T17:37:15.302+0200: 166156.681: [GC [PSYoungGen: 1742731K->337519K(1712704K)] 5492249K->4202983K(6491392K), 0.3644502 secs] [Times: user=2.87 sys=0.00, real=0.36 secs] 
2012-05-23T17:37:28.464+0200: 166169.856: [GC [PSYoungGen: 1712687K->476306K(1710656K)] 5578151K->4593327K(6489344K), 0.9823891 secs] [Times: user=7.80 sys=0.00, real=0.98 secs] 
2012-05-23T17:37:41.672+0200: 166183.061: [GC [PSYoungGen: 1652050K->451466K(1627264K)] 5769071K->5040294K(6405952K), 1.2571412 secs] [Times: user=9.95 sys=0.00, real=1.25 secs] 
2012-05-23T17:37:42.920+0200: 166184.318: [Full GC [PSYoungGen: 451466K->0K(1627264K)] [PSOldGen: 4588827K->2626302K(4778688K)] 5040294K->2626302K(6405952K) [PSPermGen: 113564K->113564K(393216K)], 15.9068813 secs] [Times: user=15.90 sys=0.02, real=15.91 secs] 
2012-05-23T17:39:29.904+0200: 166291.312: [GC [PSYoungGen: 1175744K->95974K(1751552K)] 3802046K->2722276K(6530240K), 0.1928179 secs] [Times: user=1.37 sys=0.02, real=0.20 secs] 
2012-05-23T17:41:35.967+0200: 166417.379: [GC [PSYoungGen: 1192998K->35919K(1734784K)] 3819300K->2752753K(6513472K), 0.1941660 secs] [Times: user=1.50 sys=0.00, real=0.19 secs] 
2012-05-23T17:42:23.104+0200: 166464.525: [GC [PSYoungGen: 1132943K->20270K(1770816K)] 3849777K->2756746K(6549504K), 0.0629481 secs] [Times: user=0.33 sys=0.00, real=0.06 secs] 
2012-05-23T17:42:46.720+0200: 166488.152: [GC [PSYoungGen: 1162158K->123588K(1760384K)] 3898634K->2870960K(6539072K), 0.1830983 secs] [Times: user=1.36 sys=0.00, real=0.19 secs] 
2012-05-23T17:43:00.119+0200: 166501.543: [GC [PSYoungGen: 1265476K->434644K(1696704K)] 4012848K->3182016K(6475392K), 0.5357062 secs] [Times: user=4.23 sys=0.00, real=0.53 secs] 
2012-05-23T17:43:35.124+0200: 166536.547: [GC [PSYoungGen: 1544852K->175545K(1749760K)] 4292224K->2924766K(6528448K), 0.2031765 secs] [Times: user=1.51 sys=0.00, real=0.20 secs] 
2012-05-23T17:43:57.276+0200: 166558.705: [GC [PSYoungGen: 1285753K->290291K(1795456K)] 4034974K->3039512K(6574144K), 0.2693066 secs] [Times: user=2.12 sys=0.00, real=0.26 secs] 
2012-05-23T17:44:19.645+0200: 166581.074: [GC [PSYoungGen: 1484083K->504251K(1698048K)] 4233304K->3253472K(6476736K), 0.5404410 secs] [Times: user=4.12 sys=0.00, real=0.55 secs] 
2012-05-23T17:44:38.895+0200: 166600.320: [GC [PSYoungGen: 1698043K->412140K(1683968K)] 4447264K->3161361K(6462656K), 0.3377402 secs] [Times: user=2.62 sys=0.00, real=0.33 secs] 
2012-05-23T17:45:23.806+0200: 166645.229: [GC [PSYoungGen: 1397678K->235974K(1704832K)] 4146899K->2985195K(6483520K), 0.2623384 secs] [Times: user=1.62 sys=0.02, real=0.25 secs] 
2012-05-23T17:45:29.562+0200: 166650.998: [GC [PSYoungGen: 1256326K->353049K(1746752K)] 4005547K->3102269K(6525440K), 0.3302575 secs] [Times: user=2.60 sys=0.00, real=0.34 secs] 
2012-05-23T17:45:38.080+0200: 166659.509: [GC [PSYoungGen: 1453977K->474615K(1575552K)] 4203197K->3223836K(6354240K), 0.4205694 secs] [Times: user=3.37 sys=0.00, real=0.42 secs] 
2012-05-23T17:45:59.778+0200: 166681.210: [GC [PSYoungGen: 1575543K->484447K(1640192K)] 4324764K->3301132K(6418880K), 0.5221681 secs] [Times: user=4.10 sys=0.00, real=0.53 secs] 
2012-05-23T17:46:14.879+0200: 166696.303: [GC [PSYoungGen: 1442591K->715555K(1673728K)] 4259276K->3658431K(6452416K), 0.9173090 secs] [Times: user=7.24 sys=0.00, real=0.90 secs] 
2012-05-23T17:46:38.715+0200: 166720.151: [GC [PSYoungGen: 1673699K->424697K(1512064K)] 4616575K->3391770K(6290752K), 0.4261921 secs] [Times: user=3.26 sys=0.00, real=0.44 secs] 
2012-05-23T17:47:15.483+0200: 166756.913: [GC [PSYoungGen: 1221177K->545549K(1592896K)] 4188250K->3520377K(6371584K), 0.4562525 secs] [Times: user=3.54 sys=0.00, real=0.45 secs] 
2012-05-23T17:47:18.213+0200: 166759.640: [GC [PSYoungGen: 1342029K->521512K(1592896K)] 4316857K->3516822K(6371584K), 0.4801445 secs] [Times: user=3.74 sys=0.00, real=0.47 secs] 
2012-05-23T17:47:32.673+0200: 166774.102: [GC [PSYoungGen: 1317992K->241329K(1592896K)] 4313302K->3601245K(6371584K), 0.7013876 secs] [Times: user=5.62 sys=0.00, real=0.70 secs] 
2012-05-23T17:47:54.388+0200: 166795.823: [GC [PSYoungGen: 1037809K->342881K(1592896K)] 4397725K->3749827K(6371584K), 0.4560165 secs] [Times: user=3.56 sys=0.00, real=0.45 secs] 
2012-05-23T17:48:06.884+0200: 166808.311: [GC [PSYoungGen: 1139361K->367440K(1592896K)] 4546307K->3943876K(6371584K), 0.7045834 secs] [Times: user=5.62 sys=0.00, real=0.70 secs] 
2012-05-23T17:48:21.735+0200: 166823.161: [GC [PSYoungGen: 1163920K->408371K(1651008K)] 4740356K->4337776K(6429696K), 0.9247170 secs] [Times: user=7.05 sys=0.00, real=0.92 secs] 
2012-05-23T17:48:32.936+0200: 166834.366: [GC [PSYoungGen: 1293683K->169166K(1623616K)] 5223088K->4350267K(6402304K), 0.6175278 secs] [Times: user=4.65 sys=0.00, real=0.62 secs] 
2012-05-23T17:48:51.921+0200: 166853.347: [GC [PSYoungGen: 1054478K->26901K(1613568K)] 5235579K->4328260K(6392256K), 0.3504816 secs] [Times: user=2.75 sys=0.00, real=0.34 secs] 
2012-05-23T17:49:04.728+0200: 166866.155: [GC [PSYoungGen: 901973K->60353K(935488K)] 5203332K->4385103K(5714176K), 0.1862455 secs] [Times: user=1.22 sys=0.00, real=0.19 secs] 
2012-05-23T17:49:25.539+0200: 166886.965: [GC [PSYoungGen: 935425K->266341K(1670400K)] 5260175K->4595392K(6449088K), 0.3840722 secs] [Times: user=2.96 sys=0.00, real=0.37 secs] 
2012-05-23T17:49:28.565+0200: 166889.989: [GC [PSYoungGen: 1177509K->132176K(1630080K)] 5506560K->4597951K(6408768K), 0.2564588 secs] [Times: user=1.97 sys=0.00, real=0.25 secs] 
2012-05-23T17:49:28.815+0200: 166890.246: [Full GC [PSYoungGen: 132176K->0K(1630080K)] [PSOldGen: 4465775K->1666940K(4778688K)] 4597951K->1666940K(6408768K) [PSPermGen: 113572K->113572K(393216K)], 7.3946586 secs] [Times: user=7.39 sys=0.00, real=7.39 secs] 
2012-05-23T17:49:45.538+0200: 166906.966: [GC [PSYoungGen: 911168K->55560K(1689088K)] 2578108K->1722501K(6467776K), 0.0888338 secs] [Times: user=0.62 sys=0.00, real=0.09 secs] 
2012-05-23T17:50:08.158+0200: 166929.593: [GC [PSYoungGen: 1040072K->126050K(1684736K)] 2707013K->1844156K(6463424K), 0.2367876 secs] [Times: user=1.89 sys=0.00, real=0.25 secs] 
2012-05-23T17:50:29.078+0200: 166950.503: [GC [PSYoungGen: 1110562K->134660K(1735744K)] 2828668K->1965822K(6514432K), 0.3320197 secs] [Times: user=2.50 sys=0.00, real=0.33 secs] 
2012-05-23T17:50:41.916+0200: 166963.345: [GC [PSYoungGen: 1192132K->336655K(1711040K)] 3023294K->2260049K(6489728K), 0.6294141 secs] [Times: user=4.99 sys=0.00, real=0.62 secs] 
2012-05-23T17:50:57.002+0200: 166978.423: [GC [PSYoungGen: 1394127K->404374K(1701824K)] 3317521K->2662000K(6480512K), 0.8309589 secs] [Times: user=6.61 sys=0.00, real=0.83 secs] 
2012-05-23T17:51:07.282+0200: 166988.706: [GC [PSYoungGen: 1453039K->236988K(1720704K)] 3710665K->2898457K(6499392K), 0.7796621 secs] [Times: user=5.96 sys=0.00, real=0.78 secs] 
2012-05-23T17:51:10.995+0200: 166992.421: [GC [PSYoungGen: 1289084K->255175K(1794752K)] 3950553K->3033574K(6573440K), 0.8195154 secs] [Times: user=6.29 sys=0.00, real=0.81 secs] 
2012-05-23T17:51:13.787+0200: 166995.223: [GC [PSYoungGen: 1418311K->57868K(1757696K)] 4196710K->2962773K(6536384K), 0.2503077 secs] [Times: user=2.01 sys=0.00, real=0.27 secs] 
2012-05-23T17:51:15.628+0200: 166997.051: [GC [PSYoungGen: 1221004K->79893K(1803584K)] 4125909K->3040635K(6582272K), 0.1689274 secs] [Times: user=1.25 sys=0.00, real=0.16 secs] 
2012-05-23T17:51:17.469+0200: 166998.898: [GC [PSYoungGen: 1288725K->74336K(1794560K)] 4249467K->3113259K(6573248K), 0.1764962 secs] [Times: user=1.37 sys=0.00, real=0.17 secs] 
2012-05-23T17:51:28.061+0200: 167009.482: [GC [PSYoungGen: 1283168K->287820K(1821760K)] 4322091K->3400615K(6600448K), 0.5061987 secs] [Times: user=3.87 sys=0.00, real=0.50 secs] 
2012-05-23T17:51:38.810+0200: 167020.239: [GC [PSYoungGen: 1535244K->411463K(1658944K)] 4648039K->3799043K(6437632K), 0.9204905 secs] [Times: user=7.14 sys=0.00, real=0.92 secs] 
2012-05-23T17:51:50.510+0200: 167031.934: [GC [PSYoungGen: 1658887K->178033K(1811712K)] 5046467K->3945327K(6590400K), 1.0368208 secs] [Times: user=8.19 sys=0.00, real=1.03 secs] 
2012-05-23T17:52:09.994+0200: 167051.424: [GC [PSYoungGen: 1384689K->225539K(1784256K)] 5151983K->4148559K(6562944K), 0.4704899 secs] [Times: user=3.74 sys=0.00, real=0.47 secs] 
2012-05-23T17:52:21.928+0200: 167063.354: [GC [PSYoungGen: 1432195K->70305K(1850560K)] 5355215K->4218899K(6629248K), 0.3989619 secs] [Times: user=2.92 sys=0.00, real=0.41 secs] 
2012-05-23T17:52:48.666+0200: 167090.092: [GC [PSYoungGen: 1377569K->188613K(1846016K)] 5526163K->4402019K(6624704K), 0.3676681 secs] [Times: user=2.73 sys=0.00, real=0.36 secs] 
2012-05-23T17:53:17.464+0200: 167118.890: [GC [PSYoungGen: 1495877K->269641K(1887104K)] 5709283K->4644232K(6665792K), 0.5974526 secs] [Times: user=4.74 sys=0.00, real=0.59 secs] 
2012-05-23T17:53:38.197+0200: 167139.624: [GC-- [PSYoungGen: 1646473K->1646473K(1887104K)] 6021064K->6425158K(6665792K), 5.0831318 secs] [Times: user=11.47 sys=19.91, real=5.09 secs] 
2012-05-23T17:53:43.282+0200: 167144.707: [Full GC [PSYoungGen: 1646473K->0K(1887104K)] [PSOldGen: 4778684K->3615291K(4778688K)] 6425158K->3615291K(6665792K) [PSPermGen: 113578K->113522K(393216K)], 24.9183110 secs] [Times: user=24.88 sys=0.03, real=24.91 secs] 
2012-05-23T17:54:24.966+0200: 167186.395: [GC [PSYoungGen: 1376832K->306046K(1879040K)] 4992123K->3921337K(6657728K), 0.9869340 secs] [Times: user=7.86 sys=0.00, real=1.00 secs] 
2012-05-23T17:54:40.472+0200: 167201.893: [GC [PSYoungGen: 1682878K->23542K(1870208K)] 5298169K->3809553K(6648896K), 0.5387310 secs] [Times: user=3.96 sys=0.00, real=0.53 secs] 
2012-05-23T17:54:42.516+0200: 167203.935: [GC [PSYoungGen: 1386934K->9791K(1373184K)] 5172945K->3815464K(6151872K), 0.0395830 secs] [Times: user=0.25 sys=0.00, real=0.03 secs] 
2012-05-23T17:55:06.571+0200: 167227.995: [GC [PSYoungGen: 1373183K->115413K(1894976K)] 5178856K->3930211K(6673664K), 0.2425060 secs] [Times: user=1.14 sys=0.00, real=0.25 secs] 
2012-05-23T17:55:27.148+0200: 167248.567: [GC [PSYoungGen: 1494997K->336536K(1716160K)] 5309795K->4260843K(6494848K), 0.5187854 secs] [Times: user=4.12 sys=0.00, real=0.52 secs] 
2012-05-23T17:55:30.190+0200: 167251.620: [GC [PSYoungGen: 1716120K->307412K(1849792K)] 5640427K->4231719K(6628480K), 0.2862694 secs] [Times: user=2.37 sys=0.00, real=0.30 secs] 
2012-05-23T17:55:44.760+0200: 167266.179: [GC [PSYoungGen: 1635988K->114560K(1858944K)] 5560295K->4249629K(6637632K), 0.4155314 secs] [Times: user=3.14 sys=0.00, real=0.41 secs] 
2012-05-23T17:56:11.780+0200: 167293.199: [GC [PSYoungGen: 1443136K->210385K(1902464K)] 5578205K->4455612K(6681152K), 0.4397342 secs] [Times: user=3.26 sys=0.00, real=0.44 secs] 
2012-05-23T17:56:34.790+0200: 167316.214: [GC [PSYoungGen: 1599441K->327066K(1875904K)] 5844668K->4743765K(6654592K), 0.7069053 secs] [Times: user=5.62 sys=0.00, real=0.72 secs] 
2012-05-23T17:57:01.528+0200: 167342.946: [GC-- [PSYoungGen: 1716122K->1716122K(1875904K)] 6132821K->6494807K(6654592K), 8.1025142 secs] [Times: user=12.51 sys=40.90, real=8.10 secs] 
2012-05-23T17:57:09.625+0200: 167351.048: [Full GC [PSYoungGen: 1716122K->0K(1875904K)] [PSOldGen: 4778684K->3581512K(4778688K)] 6494807K->3581512K(6654592K) [PSPermGen: 113529K->113529K(393216K)], 24.1167966 secs] [Times: user=24.06 sys=0.06, real=24.12 secs] 
2012-05-23T17:57:45.583+0200: 167387.008: [GC [PSYoungGen: 1389056K->239522K(1902464K)] 4970568K->3821034K(6681152K), 0.4778027 secs] [Times: user=3.74 sys=0.00, real=0.48 secs] 
2012-05-23T17:57:59.545+0200: 167400.964: [GC [PSYoungGen: 1636258K->280072K(1883584K)] 5217770K->4066128K(6662272K), 0.7611092 secs] [Times: user=6.11 sys=0.00, real=0.76 secs] 
2012-05-23T18:00:37.591+0200: 167559.009: [GC [PSYoungGen: 1676790K->189489K(1926336K)] 5462846K->4128671K(6705024K), 0.6173685 secs] [Times: user=4.32 sys=0.00, real=0.62 secs] 
2012-05-23T18:01:16.716+0200: 167598.127: [GC [PSYoungGen: 1631729K->250845K(1905216K)] 5570911K->4190027K(6683904K), 0.3230184 secs] [Times: user=2.23 sys=0.00, real=0.33 secs] 
2012-05-23T18:01:42.550+0200: 167623.962: [GC [PSYoungGen: 1693085K->450805K(1797696K)] 5632267K->4412217K(6576384K), 0.4543218 secs] [Times: user=3.60 sys=0.00, real=0.45 secs] 
2012-05-23T18:01:49.711+0200: 167631.128: [GC [PSYoungGen: 1797685K->333823K(1680704K)] 5759097K->4507099K(6459392K), 0.5770939 secs] [Times: user=4.60 sys=0.00, real=0.58 secs] 
2012-05-23T18:02:24.000+0200: 167665.415: [GC [PSYoungGen: 1680703K->418440K(1796160K)] 5853979K->4591716K(6574848K), 0.4081951 secs] [Times: user=3.18 sys=0.00, real=0.40 secs] 
2012-05-23T18:05:19.705+0200: 167841.107: [GC [PSYoungGen: 1688392K->443021K(1713024K)] 5861668K->4616297K(6491712K), 0.5224410 secs] [Times: user=2.90 sys=0.00, real=0.52 secs] 
2012-05-23T18:06:03.869+0200: 167885.275: [GC [PSYoungGen: 1712973K->594428K(1610944K)] 5886249K->4792727K(6389632K), 0.6574174 secs] [Times: user=5.21 sys=0.00, real=0.65 secs] 
2012-05-23T18:06:18.424+0200: 167899.830: [GC [PSYoungGen: 1610940K->168157K(1702912K)] 5809239K->4671223K(6481600K), 0.5988606 secs] [Times: user=4.73 sys=0.00, real=0.61 secs] 
2012-05-23T18:06:19.032+0200: 167900.429: [Full GC [PSYoungGen: 168157K->0K(1702912K)] [PSOldGen: 4503065K->1988309K(4778688K)] 4671223K->1988309K(6481600K) [PSPermGen: 113535K->113535K(393216K)], 11.2101088 secs] [Times: user=11.20 sys=0.00, real=11.20 secs] 
2012-05-23T18:08:05.582+0200: 168006.983: [GC [PSYoungGen: 1016512K->120164K(1718784K)] 3004821K->2108473K(6497472K), 0.2848931 secs] [Times: user=1.93 sys=0.00, real=0.28 secs] 
2012-05-23T18:08:34.957+0200: 168036.356: [GC [PSYoungGen: 1163044K->268085K(1713408K)] 3151353K->2256394K(6492096K), 0.2449948 secs] [Times: user=1.87 sys=0.00, real=0.25 secs] 
2012-05-23T18:08:37.453+0200: 168038.855: [GC [PSYoungGen: 1310965K->301203K(1782976K)] 3299274K->2289512K(6561664K), 0.2210296 secs] [Times: user=1.75 sys=0.00, real=0.22 secs] 
2012-05-23T18:08:39.247+0200: 168040.641: [GC [PSYoungGen: 1448659K->372067K(1753792K)] 3436968K->2360377K(6532480K), 0.2717529 secs] [Times: user=2.12 sys=0.00, real=0.27 secs] 
2012-05-23T18:08:41.088+0200: 168042.492: [GC [PSYoungGen: 1519523K->443553K(1736000K)] 3507833K->2431862K(6514688K), 0.3173180 secs] [Times: user=2.62 sys=0.00, real=0.33 secs] 
2012-05-23T18:08:55.518+0200: 168056.915: [GC [PSYoungGen: 1573729K->629540K(1759744K)] 3562038K->2718361K(6538432K), 0.7822671 secs] [Times: user=6.15 sys=0.00, real=0.78 secs] 
2012-05-23T18:09:08.451+0200: 168069.850: [GC [PSYoungGen: 1759716K->629555K(1426048K)] 3848537K->3156251K(6204736K), 1.3480501 secs] [Times: user=10.42 sys=0.00, real=1.36 secs] 
2012-05-23T18:09:15.440+0200: 168076.841: [GC [PSYoungGen: 1426035K->647275K(1592896K)] 3952731K->3274578K(6371584K), 0.9259550 secs] [Times: user=7.36 sys=0.00, real=0.94 secs] 
2012-05-23T18:09:46.219+0200: 168107.613: [GC [PSYoungGen: 1443755K->485848K(1592896K)] 4071058K->3329330K(6371584K), 0.8603215 secs] [Times: user=6.85 sys=0.00, real=0.86 secs] 
2012-05-23T18:10:57.558+0200: 168178.958: [GC [PSYoungGen: 1282257K->58777K(1592896K)] 4125740K->3324288K(6371584K), 0.7214105 secs] [Times: user=5.43 sys=0.00, real=0.73 secs] 
2012-05-23T18:11:47.136+0200: 168228.533: [GC [PSYoungGen: 855257K->22073K(1592896K)] 4120768K->3339020K(6371584K), 0.1223492 secs] [Times: user=0.87 sys=0.00, real=0.13 secs] 
2012-05-23T18:13:09.645+0200: 168311.039: [GC [PSYoungGen: 818553K->15798K(1592896K)] 4135500K->3334414K(6371584K), 0.0558473 secs] [Times: user=0.28 sys=0.00, real=0.06 secs] 
2012-05-23T18:14:17.350+0200: 168378.746: [GC [PSYoungGen: 812278K->20340K(1592896K)] 4130894K->3343358K(6371584K), 0.0699332 secs] [Times: user=0.48 sys=0.00, real=0.08 secs] 
2012-05-23T18:15:26.163+0200: 168447.543: [GC [PSYoungGen: 816820K->30307K(1592896K)] 4139838K->3366052K(6371584K), 0.1055318 secs] [Times: user=0.51 sys=0.00, real=0.09 secs] 
2012-05-23T18:15:41.981+0200: 168463.362: [GC [PSYoungGen: 826787K->84898K(1592896K)] 4162532K->3443423K(6371584K), 0.1865000 secs] [Times: user=1.22 sys=0.00, real=0.19 secs] 
2012-05-23T18:17:24.022+0200: 168565.412: [GC [PSYoungGen: 881378K->37655K(1592896K)] 4239903K->3464317K(6371584K), 0.2930445 secs] [Times: user=2.37 sys=0.00, real=0.30 secs] 
2012-05-23T18:18:21.275+0200: 168622.654: [GC [PSYoungGen: 834135K->29424K(1592896K)] 4260797K->3490059K(6371584K), 0.0914204 secs] [Times: user=0.64 sys=0.00, real=0.09 secs] 
2012-05-23T18:19:02.647+0200: 168664.021: [GC [PSYoungGen: 825904K->96271K(1592896K)] 4286539K->3580898K(6371584K), 0.2051215 secs] [Times: user=1.51 sys=0.00, real=0.20 secs] 
2012-05-23T18:20:27.730+0200: 168749.105: [GC [PSYoungGen: 892751K->67352K(1610624K)] 4377378K->3634709K(6389312K), 0.2291016 secs] [Times: user=1.76 sys=0.00, real=0.23 secs] 
2012-05-23T18:22:00.083+0200: 168841.453: [GC [PSYoungGen: 881560K->74502K(1592896K)] 4448917K->3641858K(6371584K), 0.1377954 secs] [Times: user=1.01 sys=0.00, real=0.14 secs] 
2012-05-23T18:22:54.544+0200: 168895.923: [GC [PSYoungGen: 888710K->69704K(1687488K)] 4456066K->3637061K(6466176K), 0.1254984 secs] [Times: user=0.90 sys=0.00, real=0.12 secs] 
2012-05-23T18:25:24.555+0200: 169045.925: [GC [PSYoungGen: 1017736K->98719K(1649856K)] 4585093K->3666076K(6428544K), 0.1530547 secs] [Times: user=1.14 sys=0.00, real=0.16 secs] 
2012-05-23T18:25:48.626+0200: 169069.996: [GC [PSYoungGen: 1046751K->66183K(1763136K)] 4614108K->3633540K(6541824K), 0.1200078 secs] [Times: user=1.00 sys=0.00, real=0.13 secs] 
2012-05-23T18:27:52.539+0200: 169193.901: [GC [PSYoungGen: 1163039K->100038K(1729216K)] 4730396K->3667395K(6507904K), 0.2027910 secs] [Times: user=1.39 sys=0.00, real=0.20 secs] 
2012-05-23T18:28:32.740+0200: 169234.107: [GC [PSYoungGen: 1203078K->185705K(1831360K)] 4770435K->3753061K(6610048K), 0.3823965 secs] [Times: user=2.90 sys=0.00, real=0.39 secs] 
2012-05-23T18:28:34.534+0200: 169235.890: [GC [PSYoungGen: 1429673K->191809K(1801920K)] 4997029K->3759166K(6580608K), 0.3544044 secs] [Times: user=2.59 sys=0.00, real=0.34 secs] 
2012-05-23T18:28:46.547+0200: 169247.902: [GC [PSYoungGen: 1435777K->179553K(1885184K)] 5003134K->3807550K(6663872K), 0.3241735 secs] [Times: user=2.11 sys=0.00, real=0.31 secs] 
2012-05-23T18:30:06.981+0200: 169328.333: [GC [PSYoungGen: 1532129K->393191K(1745792K)] 5160126K->4021876K(6524480K), 0.4092708 secs] [Times: user=3.21 sys=0.00, real=0.41 secs] 
2012-05-23T18:30:09.805+0200: 169331.171: [GC [PSYoungGen: 1745767K->462165K(1699200K)] 5374452K->4090851K(6477888K), 0.3945992 secs] [Times: user=3.24 sys=0.00, real=0.40 secs] 
2012-05-23T18:30:11.770+0200: 169333.131: [GC [PSYoungGen: 1604501K->530533K(1672896K)] 5233187K->4161394K(6451584K), 0.4443529 secs] [Times: user=3.62 sys=0.00, real=0.45 secs] 
2012-05-23T18:30:16.918+0200: 169338.277: [GC [PSYoungGen: 1672869K->658266K(1497600K)] 5303730K->4300373K(6276288K), 0.6015419 secs] [Times: user=4.62 sys=0.02, real=0.61 secs] 
2012-05-23T18:30:28.197+0200: 169349.552: [GC [PSYoungGen: 1454746K->796410K(1592896K)] 5096853K->4604814K(6371584K), 1.0527626 secs] [Times: user=8.28 sys=0.00, real=1.05 secs] 
2012-05-23T18:30:37.511+0200: 169358.874: [GC [PSYoungGen: 1592890K->796413K(1592896K)] 5401294K->4937558K(6371584K), 1.3309225 secs] [Times: user=10.55 sys=0.00, real=1.34 secs] 
2012-05-23T18:30:46.543+0200: 169367.903: [GC [PSYoungGen: 1588402K->750488K(1592896K)] 5729546K->5030836K(6371584K), 1.0486232 secs] [Times: user=8.36 sys=0.00, real=1.05 secs] 
2012-05-23T18:32:44.122+0200: 169485.474: [GC [PSYoungGen: 1546968K->458349K(1592896K)] 5827316K->5092132K(6371584K), 1.0283612 secs] [Times: user=8.07 sys=0.00, real=1.03 secs] 
2012-05-23T18:32:45.152+0200: 169486.502: [Full GC [PSYoungGen: 458349K->0K(1592896K)] [PSOldGen: 4633783K->2409023K(4778688K)] 5092132K->2409023K(6371584K) [PSPermGen: 113551K->113551K(393216K)], 14.0192790 secs] [Times: user=13.99 sys=0.02, real=14.01 secs] 
2012-05-23T18:34:28.362+0200: 169589.716: [GC [PSYoungGen: 796480K->134578K(1592896K)] 3205503K->2543601K(6371584K), 0.2415102 secs] [Times: user=1.53 sys=0.00, real=0.25 secs] 
2012-05-23T18:34:51.950+0200: 169613.296: [GC [PSYoungGen: 931058K->63971K(1592896K)] 3340081K->2597149K(6371584K), 0.2650054 secs] [Times: user=1.89 sys=0.00, real=0.26 secs] 
2012-05-23T18:35:02.465+0200: 169623.821: [GC [PSYoungGen: 860451K->23755K(1592896K)] 3393629K->2607915K(6371584K), 0.1596036 secs] [Times: user=1.03 sys=0.00, real=0.17 secs] 
2012-05-23T18:35:23.884+0200: 169645.240: [GC [PSYoungGen: 820235K->112820K(1592896K)] 3404395K->2716879K(6371584K), 0.1700528 secs] [Times: user=1.26 sys=0.00, real=0.17 secs] 
2012-05-23T18:35:28.798+0200: 169650.141: [GC [PSYoungGen: 909300K->165657K(1592896K)] 3513359K->2870769K(6371584K), 0.3676020 secs] [Times: user=2.87 sys=0.00, real=0.36 secs] 
2012-05-23T18:35:34.008+0200: 169655.352: [GC [PSYoungGen: 962137K->107948K(1592896K)] 3667249K->2968013K(6371584K), 0.3503659 secs] [Times: user=2.75 sys=0.00, real=0.34 secs] 
2012-05-23T18:35:51.746+0200: 169673.096: [GC [PSYoungGen: 904428K->97222K(1592896K)] 3764493K->3047302K(6371584K), 0.2688284 secs] [Times: user=2.12 sys=0.00, real=0.26 secs] 
2012-05-23T18:36:00.482+0200: 169681.823: [GC [PSYoungGen: 893702K->99077K(1592896K)] 3843782K->3130805K(6371584K), 0.2482444 secs] [Times: user=1.87 sys=0.00, real=0.23 secs] 
2012-05-23T18:36:07.689+0200: 169689.031: [GC [PSYoungGen: 895557K->18647K(1592896K)] 3927285K->3139501K(6371584K), 0.1697963 secs] [Times: user=1.37 sys=0.00, real=0.17 secs] 
2012-05-23T18:36:14.959+0200: 169696.313: [GC [PSYoungGen: 815127K->18327K(1592896K)] 3935981K->3139556K(6371584K), 0.1080124 secs] [Times: user=0.87 sys=0.00, real=0.11 secs] 
2012-05-23T18:36:22.275+0200: 169703.623: [GC [PSYoungGen: 814807K->15313K(1592896K)] 3936036K->3136630K(6371584K), 0.1061805 secs] [Times: user=0.87 sys=0.00, real=0.11 secs] 
2012-05-23T18:36:33.429+0200: 169714.775: [GC [PSYoungGen: 811793K->51748K(1592896K)] 3933110K->3173258K(6371584K), 0.1025377 secs] [Times: user=0.58 sys=0.00, real=0.11 secs] 
2012-05-23T18:36:58.265+0200: 169739.618: [GC [PSYoungGen: 848228K->84375K(1592896K)] 3969738K->3256277K(6371584K), 0.1979644 secs] [Times: user=1.40 sys=0.00, real=0.20 secs] 
2012-05-23T18:37:09.856+0200: 169751.201: [GC [PSYoungGen: 880855K->301625K(1641792K)] 4052757K->3473527K(6420480K), 0.3912815 secs] [Times: user=3.10 sys=0.00, real=0.39 secs] 
2012-05-23T18:37:18.841+0200: 169760.180: [GC [PSYoungGen: 1186361K->438158K(1322944K)] 4358263K->3610061K(6101632K), 0.5181280 secs] [Times: user=3.99 sys=0.00, real=0.51 secs] 
2012-05-23T18:38:03.271+0200: 169804.620: [GC [PSYoungGen: 1322894K->507024K(1582400K)] 4494797K->3678926K(6361088K), 0.5639076 secs] [Times: user=4.20 sys=0.00, real=0.56 secs] 
2012-05-23T18:38:41.975+0200: 169843.324: [GC [PSYoungGen: 1303504K->295454K(1592896K)] 4475406K->3707491K(6371584K), 1.1788401 secs] [Times: user=9.49 sys=0.00, real=1.19 secs] 
2012-05-23T18:39:00.789+0200: 169862.137: [GC [PSYoungGen: 1079277K->102579K(1620800K)] 4491314K->3678031K(6399488K), 0.5601127 secs] [Times: user=4.48 sys=0.00, real=0.56 secs] 
2012-05-23T18:39:03.987+0200: 169865.328: [GC [PSYoungGen: 913547K->307495K(1592896K)] 4488999K->3882947K(6371584K), 0.3208456 secs] [Times: user=2.50 sys=0.00, real=0.33 secs] 
2012-05-23T18:39:08.963+0200: 169870.309: [GC [PSYoungGen: 1131879K->301792K(1672384K)] 4707331K->3979046K(6451072K), 0.4129730 secs] [Times: user=3.37 sys=0.00, real=0.42 secs] 
2012-05-23T18:39:33.970+0200: 169895.307: [GC [PSYoungGen: 1230624K->172036K(1645760K)] 4907878K->4150216K(6424448K), 0.5515594 secs] [Times: user=4.34 sys=0.00, real=0.55 secs] 
2012-05-23T18:40:50.380+0200: 169971.712: [GC [PSYoungGen: 1100868K->10284K(1713728K)] 5079048K->4160053K(6492416K), 0.2877715 secs] [Times: user=2.20 sys=0.00, real=0.28 secs] 
2012-05-23T18:44:16.771+0200: 170178.103: [GC [PSYoungGen: 1042284K->22889K(1707584K)] 5192053K->4172657K(6486272K), 0.0657502 secs] [Times: user=0.33 sys=0.00, real=0.06 secs] 
2012-05-23T18:45:28.204+0200: 170249.535: [GC [PSYoungGen: 1054889K->53141K(1750208K)] 5204657K->4202910K(6528896K), 0.1036692 secs] [Times: user=0.58 sys=0.00, real=0.11 secs] 
2012-05-23T18:47:07.016+0200: 170348.342: [GC [PSYoungGen: 1141525K->25062K(1727488K)] 5291294K->4174831K(6506176K), 0.0817335 secs] [Times: user=0.45 sys=0.00, real=0.08 secs] 
2012-05-23T18:48:49.587+0200: 170450.910: [GC [PSYoungGen: 1113446K->91018K(1802560K)] 5263215K->4240786K(6581248K), 0.2473105 secs] [Times: user=1.76 sys=0.00, real=0.25 secs] 
2012-05-23T18:50:47.571+0200: 170568.895: [GC [PSYoungGen: 1273930K->366524K(1549440K)] 5423698K->4516293K(6328128K), 0.3653759 secs] [Times: user=3.00 sys=0.00, real=0.38 secs] 
2012-05-23T18:50:50.723+0200: 170572.046: [GC [PSYoungGen: 1549436K->342396K(1735360K)] 5699205K->4492165K(6514048K), 0.3079327 secs] [Times: user=2.50 sys=0.00, real=0.31 secs] 
2012-05-23T18:50:52.579+0200: 170573.905: [GC [PSYoungGen: 1456572K->413187K(1527424K)] 5606341K->4562956K(6306112K), 0.3414567 secs] [Times: user=2.75 sys=0.00, real=0.34 secs] 
2012-05-23T18:50:55.325+0200: 170576.645: [GC [PSYoungGen: 1527363K->492622K(1602432K)] 5677132K->4653157K(6381120K), 0.4204977 secs] [Times: user=3.37 sys=0.00, real=0.42 secs] 
2012-05-23T18:51:07.540+0200: 170588.858: [GC [PSYoungGen: 1420942K->730470K(1658816K)] 5581477K->5020759K(6437504K), 1.0179314 secs] [Times: user=7.96 sys=0.00, real=1.01 secs] 
2012-05-23T18:51:18.616+0200: 170599.933: [GC [PSYoungGen: 1658790K->730492K(1526976K)] 5949079K->5307871K(6305664K), 1.1973091 secs] [Times: user=9.59 sys=0.00, real=1.20 secs] 
2012-05-23T18:51:19.817+0200: 170601.131: [Full GC [PSYoungGen: 730492K->0K(1526976K)] [PSOldGen: 4577379K->2198948K(4778688K)] 5307871K->2198948K(6305664K) [PSPermGen: 113561K->113321K(393216K)], 13.9072735 secs] [Times: user=13.87 sys=0.03, real=13.90 secs] 
2012-05-23T18:53:03.886+0200: 170705.210: [GC [PSYoungGen: 796480K->48594K(1592896K)] 2995428K->2247543K(6371584K), 0.1357628 secs] [Times: user=1.12 sys=0.00, real=0.14 secs] 
2012-05-23T18:55:17.190+0200: 170838.506: [GC [PSYoungGen: 845074K->57783K(1592896K)] 3044023K->2256732K(6371584K), 0.1037092 secs] [Times: user=0.44 sys=0.00, real=0.11 secs] 
2012-05-23T18:55:29.249+0200: 170850.562: [GC [PSYoungGen: 854263K->95383K(1592896K)] 3053212K->2340385K(6371584K), 0.1631333 secs] [Times: user=1.37 sys=0.00, real=0.17 secs] 
2012-05-23T18:55:40.434+0200: 170861.739: [GC [PSYoungGen: 891863K->113396K(1592896K)] 3136865K->2431166K(6371584K), 0.2344166 secs] [Times: user=1.87 sys=0.00, real=0.23 secs] 
2012-05-23T19:00:06.105+0200: 171127.415: [GC [PSYoungGen: 909876K->52565K(1592896K)] 3227646K->2470216K(6371584K), 0.2133369 secs] [Times: user=1.75 sys=0.00, real=0.22 secs] 
2012-05-23T19:00:14.982+0200: 171136.287: [GC [PSYoungGen: 849045K->34386K(1592896K)] 3266696K->2496566K(6371584K), 0.2061030 secs] [Times: user=1.58 sys=0.00, real=0.20 secs] 
2012-05-23T19:00:52.391+0200: 171173.698: [GC [PSYoungGen: 830866K->99667K(1592896K)] 3293046K->2568489K(6371584K), 0.1305840 secs] [Times: user=1.01 sys=0.00, real=0.14 secs] 
2012-05-23T19:01:41.048+0200: 171222.350: [GC [PSYoungGen: 896147K->10404K(1592896K)] 3364969K->2539722K(6371584K), 0.1669855 secs] [Times: user=1.08 sys=0.00, real=0.17 secs] 
2012-05-23T19:01:42.109+0200: 171223.404: [GC [PSYoungGen: 806884K->5184K(1592896K)] 3336202K->2540446K(6371584K), 0.0238234 secs] [Times: user=0.13 sys=0.00, real=0.02 secs] 
2012-05-23T19:01:43.029+0200: 171224.327: [GC [PSYoungGen: 801664K->5752K(1611008K)] 3336926K->2544865K(6389696K), 0.0231414 secs] [Times: user=0.13 sys=0.00, real=0.02 secs] 
2012-05-23T19:01:47.538+0200: 171228.839: [GC [PSYoungGen: 820344K->33024K(1592896K)] 3359457K->2572136K(6371584K), 0.0482765 secs] [Times: user=0.28 sys=0.00, real=0.05 secs] 
2012-05-23T19:04:05.724+0200: 171367.017: [GC [PSYoungGen: 847616K->166892K(1703104K)] 3386728K->2706005K(6481792K), 0.2316078 secs] [Times: user=1.72 sys=0.00, real=0.23 secs] 
2012-05-23T19:05:01.433+0200: 171422.729: [GC [PSYoungGen: 1131692K->272092K(1651008K)] 3670805K->2811205K(6429696K), 0.3558396 secs] [Times: user=2.37 sys=0.00, real=0.36 secs] 
2012-05-23T19:05:18.125+0200: 171439.422: [GC [PSYoungGen: 1236892K->339425K(1683520K)] 3776005K->2878537K(6462208K), 0.3841592 secs] [Times: user=3.01 sys=0.00, real=0.39 secs] 
2012-05-23T19:05:24.037+0200: 171445.338: [GC [PSYoungGen: 1345185K->457576K(1463360K)] 3884297K->2996689K(6242048K), 0.5681392 secs] [Times: user=3.93 sys=0.01, real=0.56 secs] 
2012-05-23T19:05:37.656+0200: 171458.943: [GC [PSYoungGen: 1463336K->268960K(1676864K)] 4002449K->2811730K(6455552K), 0.2277827 secs] [Times: user=1.75 sys=0.00, real=0.22 secs] 
2012-05-23T19:05:41.557+0200: 171462.856: [GC [PSYoungGen: 1202464K->370274K(1645952K)] 3745234K->2913044K(6424640K), 0.2822584 secs] [Times: user=2.14 sys=0.00, real=0.30 secs] 
2012-05-23T19:05:58.140+0200: 171479.433: [GC [PSYoungGen: 1303778K->400044K(1640832K)] 3846548K->3016031K(6419520K), 0.4703973 secs] [Times: user=3.65 sys=0.00, real=0.47 secs] 
2012-05-23T19:06:10.058+0200: 171491.346: [GC [PSYoungGen: 1320428K->414727K(1335168K)] 3936415K->3081404K(6113856K), 0.4198577 secs] [Times: user=3.37 sys=0.00, real=0.42 secs] 
2012-05-23T19:12:34.665+0200: 171875.938: [GC [PSYoungGen: 1335111K->438447K(1608640K)] 4001788K->3105156K(6387328K), 0.4038580 secs] [Times: user=2.95 sys=0.00, real=0.39 secs] 
2012-05-23T19:15:22.383+0200: 172043.664: [GC [PSYoungGen: 1299183K->390087K(1625024K)] 3965892K->3056796K(6403712K), 0.4697619 secs] [Times: user=2.34 sys=0.00, real=0.48 secs] 
2012-05-23T19:15:37.781+0200: 172059.061: [GC [PSYoungGen: 1250823K->478360K(1587776K)] 3917532K->3145068K(6366464K), 0.4038463 secs] [Times: user=3.24 sys=0.00, real=0.41 secs] 
2012-05-23T19:22:44.337+0200: 172485.597: [GC [PSYoungGen: 1309784K->375142K(1610368K)] 3976492K->3041851K(6389056K), 0.2746564 secs] [Times: user=2.25 sys=0.00, real=0.28 secs] 
2012-05-23T19:24:19.950+0200: 172581.201: [GC [PSYoungGen: 1206566K->378271K(1654528K)] 3873275K->3044980K(6433216K), 0.2776131 secs] [Times: user=2.12 sys=0.00, real=0.27 secs] 
2012-05-23T19:24:21.230+0200: 172582.491: [GC [PSYoungGen: 1276767K->383334K(1633280K)] 3943476K->3050043K(6411968K), 0.2792592 secs] [Times: user=2.25 sys=0.00, real=0.28 secs] 
2012-05-23T19:24:23.070+0200: 172584.321: [GC [PSYoungGen: 1281830K->226260K(1694592K)] 3948539K->3041426K(6473280K), 0.3145865 secs] [Times: user=2.43 sys=0.00, real=0.31 secs] 
2012-05-23T19:25:11.010+0200: 172632.270: [GC [PSYoungGen: 1204884K->251354K(1673344K)] 4020050K->3153738K(6452032K), 0.4616115 secs] [Times: user=3.04 sys=0.00, real=0.47 secs] 
2012-05-23T19:25:31.103+0200: 172652.364: [GC [PSYoungGen: 1229978K->363680K(1737280K)] 4132362K->3315456K(6515968K), 0.4534965 secs] [Times: user=3.60 sys=0.00, real=0.45 secs] 
2012-05-23T19:25:51.227+0200: 172672.477: [GC [PSYoungGen: 1432352K->203981K(1720704K)] 4384128K->3163190K(6499392K), 0.2364256 secs] [Times: user=1.84 sys=0.00, real=0.23 secs] 
2012-05-23T19:26:02.943+0200: 172684.200: [GC [PSYoungGen: 1272653K->270101K(1778560K)] 4231862K->3229333K(6557248K), 0.3159996 secs] [Times: user=2.40 sys=0.00, real=0.31 secs] 
2012-05-23T19:26:21.180+0200: 172702.429: [GC [PSYoungGen: 1410837K->321397K(1751488K)] 4370069K->3350516K(6530176K), 0.4345165 secs] [Times: user=3.49 sys=0.00, real=0.44 secs] 
2012-05-23T19:26:32.786+0200: 172714.033: [GC [PSYoungGen: 1462133K->433305K(1763328K)] 4491252K->3512402K(6542016K), 0.5371403 secs] [Times: user=4.24 sys=0.00, real=0.53 secs] 
2012-05-23T19:27:05.765+0200: 172747.018: [GC [PSYoungGen: 1609689K->31444K(1207872K)] 4688786K->3110617K(5986560K), 0.0842167 secs] [Times: user=0.37 sys=0.00, real=0.08 secs] 
2012-05-23T19:27:30.210+0200: 172771.457: [GC [PSYoungGen: 1207828K->20012K(1739456K)] 4287001K->3099185K(6518144K), 0.0623634 secs] [Times: user=0.41 sys=0.00, real=0.06 secs] 
2012-05-23T19:27:38.167+0200: 172779.424: [GC [PSYoungGen: 1133420K->225544K(1751360K)] 4212593K->3304717K(6530048K), 0.1852072 secs] [Times: user=1.45 sys=0.00, real=0.19 secs] 
2012-05-23T19:27:56.746+0200: 172798.002: [GC [PSYoungGen: 1338952K->412552K(1738240K)] 4418125K->3491726K(6516928K), 0.4543822 secs] [Times: user=3.62 sys=0.00, real=0.45 secs] 
2012-05-23T19:30:04.372+0200: 172925.626: [GC [PSYoungGen: 1544264K->425022K(1556736K)] 4623438K->3504196K(6335424K), 0.3814426 secs] [Times: user=3.00 sys=0.00, real=0.39 secs] 
2012-05-23T19:35:25.892+0200: 173247.126: [GC [PSYoungGen: 1556734K->475176K(1674048K)] 4635908K->3554349K(6452736K), 0.4491743 secs] [Times: user=3.49 sys=0.00, real=0.45 secs] 
2012-05-23T19:35:42.787+0200: 173264.018: [GC [PSYoungGen: 1499880K->483708K(1508416K)] 4579053K->3562881K(6287104K), 0.4371533 secs] [Times: user=3.49 sys=0.00, real=0.44 secs] 
2012-05-23T19:44:43.755+0200: 173804.968: [GC [PSYoungGen: 1508412K->375357K(1699136K)] 4587585K->3454530K(6477824K), 0.2745863 secs] [Times: user=2.12 sys=0.00, real=0.26 secs] 
2012-05-23T19:45:33.878+0200: 173855.089: [GC [PSYoungGen: 1364413K->490010K(1479104K)] 4443586K->3569184K(6257792K), 0.4369316 secs] [Times: user=3.34 sys=0.00, real=0.44 secs] 
2012-05-23T19:46:20.086+0200: 173901.296: [GC [PSYoungGen: 1479066K->377495K(1700992K)] 4558240K->3456669K(6479680K), 0.2829061 secs] [Times: user=2.18 sys=0.00, real=0.28 secs] 
2012-05-23T19:46:21.475+0200: 173902.694: [GC [PSYoungGen: 1365143K->383315K(1675968K)] 4444317K->3462489K(6454656K), 0.2808525 secs] [Times: user=2.25 sys=0.00, real=0.28 secs] 
2012-05-23T19:46:25.468+0200: 173906.689: [GC [PSYoungGen: 1370963K->389161K(1740224K)] 4450137K->3468396K(6518912K), 0.2791240 secs] [Times: user=2.25 sys=0.00, real=0.28 secs] 
2012-05-23T19:50:16.164+0200: 174137.375: [GC [PSYoungGen: 1462377K->150727K(1722304K)] 4541612K->3230046K(6500992K), 0.2264853 secs] [Times: user=1.50 sys=0.00, real=0.23 secs] 
2012-05-23T19:51:33.759+0200: 174214.959: [GC [PSYoungGen: 773637K->244555K(1750976K)] 3852957K->3341994K(6529664K), 0.3199347 secs] [Times: user=2.26 sys=0.00, real=0.31 secs] 
2012-05-23T19:51:34.071+0200: 174215.280: [Full GC (System) [PSYoungGen: 244555K->0K(1750976K)] [PSOldGen: 3097439K->1358988K(4778688K)] 3341994K->1358988K(6529664K) [PSPermGen: 113327K->113327K(393216K)], 5.8902366 secs] [Times: user=5.90 sys=0.00, real=5.90 secs] 
2012-05-23T19:52:00.904+0200: 174242.106: [GC [PSYoungGen: 1096192K->216039K(1734528K)] 2455180K->1575028K(6513216K), 0.3298806 secs] [Times: user=2.47 sys=0.00, real=0.33 secs] 
2012-05-23T19:52:16.504+0200: 174257.709: [GC [PSYoungGen: 1312231K->183054K(1771840K)] 2671220K->1542043K(6550528K), 0.2463971 secs] [Times: user=1.97 sys=0.00, real=0.25 secs] 
2012-05-23T19:52:27.128+0200: 174268.336: [GC [PSYoungGen: 1328910K->195381K(1763328K)] 2687899K->1554370K(6542016K), 0.2053105 secs] [Times: user=1.62 sys=0.00, real=0.20 secs] 
2012-05-23T19:52:43.009+0200: 174284.214: [GC [PSYoungGen: 1341237K->193438K(1799744K)] 2700226K->1552427K(6578432K), 0.2414068 secs] [Times: user=1.89 sys=0.00, real=0.25 secs] 
2012-05-23T19:53:06.237+0200: 174307.447: [GC [PSYoungGen: 1389086K->190252K(1785216K)] 2748075K->1549241K(6563904K), 0.2075571 secs] [Times: user=1.64 sys=0.00, real=0.22 secs] 
2012-05-23T19:53:12.477+0200: 174313.685: [GC [PSYoungGen: 1385900K->374094K(1800256K)] 2744889K->1733082K(6578944K), 0.3598382 secs] [Times: user=2.87 sys=0.00, real=0.36 secs] 
2012-05-23T19:53:37.999+0200: 174339.209: [GC [PSYoungGen: 1600014K->463580K(1689536K)] 2959002K->1822569K(6468224K), 0.4369060 secs] [Times: user=3.49 sys=0.00, real=0.44 secs] 
2012-05-23T19:55:36.935+0200: 174458.142: [GC [PSYoungGen: 1689500K->569602K(1635200K)] 3048489K->1928591K(6413888K), 0.5461963 secs] [Times: user=4.21 sys=0.02, real=0.55 secs] 
2012-05-23T19:59:23.747+0200: 174684.932: [GC [PSYoungGen: 1586114K->480371K(1496896K)] 2945103K->1839360K(6275584K), 0.4844775 secs] [Times: user=3.37 sys=0.00, real=0.48 secs] 
2012-05-23T20:05:19.041+0200: 175040.227: [GC [PSYoungGen: 1496883K->428622K(1687040K)] 2855872K->1787611K(6465728K), 0.3487111 secs] [Times: user=2.86 sys=0.00, real=0.36 secs] 
2012-05-23T20:05:37.184+0200: 175058.371: [GC [PSYoungGen: 1408654K->545435K(1525504K)] 2767643K->1904424K(6304192K), 0.4777592 secs] [Times: user=3.85 sys=0.00, real=0.48 secs] 
2012-05-23T20:12:39.778+0200: 175480.952: [GC [PSYoungGen: 1525467K->418839K(1669440K)] 2884456K->1777828K(6448128K), 0.3120148 secs] [Times: user=2.50 sys=0.00, real=0.31 secs] 
2012-05-23T20:12:46.065+0200: 175487.226: [GC [PSYoungGen: 1349335K->423849K(1650368K)] 2708324K->1782838K(6429056K), 0.3223109 secs] [Times: user=2.50 sys=0.00, real=0.31 secs] 
2012-05-23T20:12:47.438+0200: 175488.601: [GC [PSYoungGen: 1354345K->428996K(1700416K)] 2713334K->1787984K(6479104K), 0.3184295 secs] [Times: user=2.50 sys=0.00, real=0.31 secs] 
2012-05-23T20:12:58.124+0200: 175499.296: [GC [PSYoungGen: 1426116K->69461K(1066624K)] 2785104K->1472638K(5845312K), 0.1416881 secs] [Times: user=0.97 sys=0.00, real=0.14 secs] 
2012-05-23T20:15:24.376+0200: 175645.540: [GC [PSYoungGen: 1066581K->243853K(1694208K)] 2469758K->1647038K(6472896K), 0.3292376 secs] [Times: user=2.28 sys=0.00, real=0.33 secs] 
2012-05-23T20:15:53.361+0200: 175674.522: [GC [PSYoungGen: 1225805K->361567K(1677056K)] 2628990K->1764792K(6455744K), 0.3885419 secs] [Times: user=3.09 sys=0.00, real=0.39 secs] 
2012-05-23T20:16:43.157+0200: 175724.317: [GC [PSYoungGen: 1343519K->295328K(1746304K)] 2746744K->1698585K(6524992K), 0.3149869 secs] [Times: user=2.47 sys=0.00, real=0.31 secs] 
2012-05-23T20:17:01.050+0200: 175742.217: [GC [PSYoungGen: 1374816K->148579K(1722496K)] 2778073K->1551836K(6501184K), 0.2038114 secs] [Times: user=1.14 sys=0.00, real=0.22 secs] 
2012-05-23T20:17:28.163+0200: 175769.325: [GC [PSYoungGen: 1228067K->121757K(1741440K)] 2631324K->1525014K(6520128K), 0.1292390 secs] [Times: user=0.76 sys=0.00, real=0.14 secs] 
2012-05-23T20:17:40.784+0200: 175781.947: [GC [PSYoungGen: 1218013K->251366K(1742784K)] 2621270K->1654623K(6521472K), 0.2979151 secs] [Times: user=2.37 sys=0.00, real=0.30 secs] 
2012-05-23T20:17:57.757+0200: 175798.908: [GC [PSYoungGen: 1347622K->189175K(1783296K)] 2750879K->1592432K(6561984K), 0.1665334 secs] [Times: user=1.22 sys=0.00, real=0.16 secs] 
2012-05-23T20:18:15.978+0200: 175817.138: [GC [PSYoungGen: 1352119K->480124K(1643072K)] 2755376K->1883397K(6421760K), 0.5428674 secs] [Times: user=4.37 sys=0.00, real=0.55 secs] 
2012-05-23T20:18:50.813+0200: 175851.970: [GC [PSYoungGen: 1643068K->572377K(1613312K)] 3046341K->1975698K(6392000K), 0.6334655 secs] [Times: user=5.09 sys=0.00, real=0.64 secs] 
2012-05-23T20:18:58.145+0200: 175859.298: [GC [PSYoungGen: 1453890K->325876K(1678272K)] 2857211K->1729253K(6456960K), 0.2560251 secs] [Times: user=1.98 sys=0.00, real=0.25 secs] 
2012-05-23T20:19:06.398+0200: 175867.550: [GC [PSYoungGen: 1293108K->445156K(1699328K)] 2696485K->1848541K(6478016K), 0.4308496 secs] [Times: user=3.32 sys=0.00, real=0.42 secs] 
2012-05-23T20:19:26.257+0200: 175887.408: [GC [PSYoungGen: 1470500K->523256K(1548608K)] 2873885K->1926649K(6327296K), 0.4755832 secs] [Times: user=3.74 sys=0.00, real=0.47 secs] 
2012-05-23T20:25:01.568+0200: 176222.719: [GC [PSYoungGen: 1548600K->540556K(1611904K)] 2951993K->1943957K(6390592K), 0.4833475 secs] [Times: user=3.78 sys=0.00, real=0.48 secs] 
2012-05-23T20:25:34.141+0200: 176255.285: [GC [PSYoungGen: 1437516K->638347K(1535360K)] 2840917K->2041748K(6314048K), 0.6066029 secs] [Times: user=4.76 sys=0.00, real=0.61 secs] 
2012-05-23T20:27:09.240+0200: 176350.386: [GC [PSYoungGen: 1535307K->397693K(1622720K)] 2938708K->1863482K(6401408K), 0.3722360 secs] [Times: user=3.00 sys=0.00, real=0.37 secs] 
2012-05-23T20:34:44.875+0200: 176805.999: [GC [PSYoungGen: 1223997K->416253K(1592896K)] 2689786K->1882042K(6371584K), 0.2954027 secs] [Times: user=2.37 sys=0.00, real=0.30 secs] 
2012-05-23T20:35:27.682+0200: 176848.806: [GC [PSYoungGen: 1242557K->468886K(1663680K)] 2708346K->1950179K(6442368K), 0.3822843 secs] [Times: user=3.01 sys=0.00, real=0.39 secs] 
2012-05-23T20:37:37.678+0200: 176978.799: [GC [PSYoungGen: 1397590K->375346K(1654336K)] 2878883K->1881807K(6433024K), 0.2952471 secs] [Times: user=2.37 sys=0.00, real=0.30 secs] 
2012-05-23T20:37:39.020+0200: 176980.136: [GC [PSYoungGen: 1304050K->380611K(1713664K)] 2810511K->1887089K(6492352K), 0.2682611 secs] [Times: user=2.12 sys=0.00, real=0.27 secs] 
2012-05-23T20:37:40.424+0200: 176981.538: [GC [PSYoungGen: 1393987K->386280K(1689024K)] 2900465K->1892797K(6467712K), 0.2733007 secs] [Times: user=2.12 sys=0.00, real=0.26 secs] 
2012-05-23T20:37:57.303+0200: 176998.426: [GC [PSYoungGen: 1399656K->111743K(1688192K)] 2906173K->1618284K(6466880K), 0.1264584 secs] [Times: user=0.91 sys=0.00, real=0.13 secs] 
2012-05-23T20:40:29.109+0200: 177150.223: [GC [PSYoungGen: 1148095K->294704K(1712832K)] 2654636K->1801306K(6491520K), 0.3531096 secs] [Times: user=2.87 sys=0.00, real=0.36 secs] 
2012-05-23T20:40:43.804+0200: 177164.922: [GC [PSYoungGen: 1331056K->265580K(1741824K)] 2837658K->1772189K(6520512K), 0.3143059 secs] [Times: user=2.43 sys=0.00, real=0.31 secs] 
2012-05-23T20:40:58.031+0200: 177179.144: [GC [PSYoungGen: 1347692K->343319K(1729600K)] 2854301K->1849976K(6508288K), 0.4054478 secs] [Times: user=3.21 sys=0.00, real=0.41 secs] 
2012-05-23T20:41:13.008+0200: 177194.129: [GC [PSYoungGen: 1388047K->340180K(1792896K)] 2894704K->1846893K(6571584K), 0.2671476 secs] [Times: user=2.04 sys=0.00, real=0.28 secs] 
2012-05-23T20:41:30.979+0200: 177212.093: [GC [PSYoungGen: 1512596K->462820K(1768832K)] 3019309K->1969606K(6547520K), 0.4434615 secs] [Times: user=3.49 sys=0.00, real=0.44 secs] 
2012-05-23T20:42:25.923+0200: 177267.034: [GC [PSYoungGen: 1635236K->540079K(1696320K)] 3142022K->2047039K(6475008K), 0.5011110 secs] [Times: user=3.92 sys=0.00, real=0.50 secs] 
2012-05-23T20:45:27.026+0200: 177448.139: [GC [PSYoungGen: 1623791K->595753K(1679488K)] 3130751K->2102714K(6458176K), 0.5726196 secs] [Times: user=4.10 sys=0.00, real=0.58 secs] 
2012-05-23T20:47:22.576+0200: 177563.676: [GC [PSYoungGen: 1679465K->569552K(1621696K)] 3186426K->2076513K(6400384K), 0.5123333 secs] [Times: user=3.95 sys=0.00, real=0.52 secs] 
2012-05-23T20:51:40.011+0200: 177821.098: [GC [PSYoungGen: 1203891K->494115K(1653056K)] 2710851K->2001076K(6431744K), 0.3781587 secs] [Times: user=3.00 sys=0.00, real=0.37 secs] 
2012-05-23T20:51:40.385+0200: 177821.477: [Full GC (System) [PSYoungGen: 494115K->0K(1653056K)] [PSOldGen: 1506960K->1421710K(4778688K)] 2001076K->1421710K(6431744K) [PSPermGen: 113339K->113339K(393216K)], 5.7410115 secs] [Times: user=5.74 sys=0.00, real=5.74 secs] 
2012-05-23T20:55:25.746+0200: 178046.836: [GC [PSYoungGen: 916681K->38737K(1586048K)] 2338392K->1460447K(6364736K), 0.0582301 secs] [Times: user=0.44 sys=0.00, real=0.06 secs] 
2012-05-23T20:55:42.578+0200: 178063.666: [GC [PSYoungGen: 892689K->130845K(984832K)] 2314399K->1552556K(5763520K), 0.1660485 secs] [Times: user=1.37 sys=0.00, real=0.17 secs] 
2012-05-23T20:58:19.282+0200: 178220.361: [GC [PSYoungGen: 984797K->5122K(1576448K)] 2406508K->1426833K(6355136K), 0.0275660 secs] [Times: user=0.12 sys=0.00, real=0.03 secs] 
2012-05-23T20:58:20.218+0200: 178221.295: [GC [PSYoungGen: 808002K->9778K(812672K)] 2229713K->1431489K(5591360K), 0.0141012 secs] [Times: user=0.13 sys=0.00, real=0.02 secs] 
2012-05-23T20:58:21.154+0200: 178222.237: [GC [PSYoungGen: 812658K->14592K(1592896K)] 2234369K->1436303K(6371584K), 0.0166253 secs] [Times: user=0.13 sys=0.00, real=0.02 secs] 
2012-05-23T20:58:30.624+0200: 178231.699: [GC [PSYoungGen: 811072K->88385K(1592896K)] 2232783K->1510096K(6371584K), 0.1363910 secs] [Times: user=0.98 sys=0.00, real=0.12 secs] 
2012-05-23T21:02:56.966+0200: 178498.046: [GC [PSYoungGen: 884865K->216370K(1661248K)] 2306576K->1638080K(6439936K), 0.2739227 secs] [Times: user=1.95 sys=0.00, real=0.28 secs] 
2012-05-23T21:03:32.410+0200: 178533.484: [GC [PSYoungGen: 1102578K->264428K(1614272K)] 2524288K->1686138K(6392960K), 0.3080586 secs] [Times: user=2.34 sys=0.00, real=0.31 secs] 
2012-05-23T21:03:46.590+0200: 178547.663: [GC [PSYoungGen: 1150636K->362862K(1703936K)] 2572346K->1784572K(6482624K), 0.4324614 secs] [Times: user=3.50 sys=0.00, real=0.44 secs] 
2012-05-23T21:04:05.217+0200: 178566.293: [GC [PSYoungGen: 1380142K->264472K(1702656K)] 2801852K->1686183K(6481344K), 0.2435295 secs] [Times: user=1.90 sys=0.00, real=0.25 secs] 
2012-05-23T21:04:10.131+0200: 178571.203: [GC [PSYoungGen: 1281752K->374248K(1736960K)] 2703463K->1795959K(6515648K), 0.3102438 secs] [Times: user=2.50 sys=0.00, real=0.31 secs] 
2012-05-23T21:04:32.330+0200: 178593.400: [GC [PSYoungGen: 1466536K->535953K(1628288K)] 2888247K->1957663K(6406976K), 0.5268836 secs] [Times: user=4.21 sys=0.00, real=0.53 secs] 
2012-05-23T21:05:23.327+0200: 178644.398: [GC [PSYoungGen: 1628241K->575125K(1557568K)] 3049951K->1996836K(6336256K), 0.5415213 secs] [Times: user=4.07 sys=0.00, real=0.55 secs] 
2012-05-23T21:06:29.924+0200: 178710.997: [GC [PSYoungGen: 1423957K->542293K(1391168K)] 2845668K->1964004K(6169856K), 0.4873907 secs] [Times: user=3.63 sys=0.00, real=0.50 secs] 
2012-05-23T21:12:23.752+0200: 179064.801: [GC [PSYoungGen: 1391125K->567896K(1592896K)] 2812836K->1989661K(6371584K), 0.5396941 secs] [Times: user=3.96 sys=0.00, real=0.53 secs] 
2012-05-23T21:15:25.651+0200: 179246.700: [GC [PSYoungGen: 1364376K->509908K(1592896K)] 2786141K->1931689K(6371584K), 0.4086641 secs] [Times: user=3.25 sys=0.00, real=0.40 secs] 
2012-05-23T21:15:40.237+0200: 179261.289: [GC [PSYoungGen: 1306388K->606397K(1592896K)] 2728169K->2028178K(6371584K), 0.5056401 secs] [Times: user=4.10 sys=0.00, real=0.52 secs] 
2012-05-23T21:20:32.054+0200: 179553.093: [GC [PSYoungGen: 1402877K->393501K(1592896K)] 2824658K->1916734K(6371584K), 0.3828183 secs] [Times: user=3.00 sys=0.00, real=0.38 secs] 
2012-05-23T21:23:58.835+0200: 179759.867: [GC [PSYoungGen: 1189981K->377432K(1592896K)] 2713214K->1917697K(6371584K), 0.2875350 secs] [Times: user=2.23 sys=0.00, real=0.28 secs] 
2012-05-23T21:24:00.021+0200: 179761.049: [GC [PSYoungGen: 1173912K->164698K(1592896K)] 2714177K->1923776K(6371584K), 0.3570729 secs] [Times: user=2.59 sys=0.00, real=0.36 secs] 
2012-05-23T21:24:01.284+0200: 179762.321: [GC [PSYoungGen: 961178K->76006K(1592896K)] 2720256K->1928330K(6371584K), 0.1827036 secs] [Times: user=1.50 sys=0.00, real=0.19 secs] 
2012-05-23T21:24:12.797+0200: 179773.834: [GC [PSYoungGen: 872486K->97399K(1592896K)] 2724810K->1970532K(6371584K), 0.1212351 secs] [Times: user=0.84 sys=0.00, real=0.13 secs] 
2012-05-23T21:24:56.150+0200: 179817.189: [GC [PSYoungGen: 893879K->257784K(1621632K)] 2767012K->2171354K(6400320K), 0.3464389 secs] [Times: user=2.75 sys=0.00, real=0.36 secs] 
2012-05-23T21:25:22.826+0200: 179843.863: [GC [PSYoungGen: 1083000K->325151K(1592896K)] 2996570K->2241137K(6371584K), 0.3370086 secs] [Times: user=2.75 sys=0.00, real=0.34 secs] 
2012-05-23T21:25:33.575+0200: 179854.612: [GC [PSYoungGen: 1150367K->238624K(1691008K)] 3066353K->2154610K(6469696K), 0.2902588 secs] [Times: user=2.08 sys=0.00, real=0.30 secs] 
2012-05-23T21:25:37.771+0200: 179858.801: [GC [PSYoungGen: 1200287K->310552K(1663488K)] 3116273K->2336087K(6442176K), 0.4022130 secs] [Times: user=3.25 sys=0.00, real=0.41 secs] 
2012-05-23T21:25:41.687+0200: 179862.721: [GC [PSYoungGen: 1275736K->327214K(1757888K)] 3301271K->2478062K(6536576K), 0.3754626 secs] [Times: user=2.99 sys=0.00, real=0.37 secs] 
2012-05-23T21:26:01.764+0200: 179882.797: [GC [PSYoungGen: 1425198K->238483K(1729408K)] 3576046K->2620763K(6508096K), 0.5623527 secs] [Times: user=4.29 sys=0.00, real=0.56 secs] 
2012-05-23T21:28:23.882+0200: 180024.910: [GC [PSYoungGen: 1336467K->11240K(1739648K)] 3718747K->2631441K(6518336K), 0.3570627 secs] [Times: user=2.75 sys=0.00, real=0.36 secs] 
2012-05-23T21:34:53.747+0200: 180414.754: [GC [PSYoungGen: 1139112K->62405K(1190336K)] 3759313K->2691744K(5969024K), 0.1097040 secs] [Times: user=0.87 sys=0.00, real=0.11 secs] 
2012-05-23T21:35:33.340+0200: 180454.352: [GC [PSYoungGen: 1190277K->130268K(1774912K)] 3819616K->2821832K(6553600K), 0.2580577 secs] [Times: user=1.95 sys=0.00, real=0.27 secs] 
2012-05-23T21:40:40.040+0200: 180761.046: [GC [PSYoungGen: 1273948K->4646K(1758080K)] 3965512K->2696210K(6536768K), 0.0241854 secs] [Times: user=0.20 sys=0.00, real=0.03 secs] 
2012-05-23T21:43:19.630+0200: 180920.629: [GC [PSYoungGen: 1148326K->10163K(1776768K)] 3839890K->2701728K(6555456K), 0.0231194 secs] [Times: user=0.22 sys=0.00, real=0.03 secs] 
2012-05-23T21:43:20.956+0200: 180921.961: [GC [PSYoungGen: 1169651K->16824K(1772032K)] 3861216K->2708388K(6550720K), 0.0261371 secs] [Times: user=0.25 sys=0.00, real=0.03 secs] 
2012-05-23T21:45:01.141+0200: 181022.129: [GC [PSYoungGen: 1176312K->117900K(1819712K)] 3867876K->2809465K(6598400K), 0.2010082 secs] [Times: user=1.15 sys=0.00, real=0.19 secs] 
2012-05-23T21:45:31.499+0200: 181052.495: [GC [PSYoungGen: 1336076K->260447K(1787776K)] 4027641K->2952012K(6566464K), 0.3336115 secs] [Times: user=2.47 sys=0.00, real=0.34 secs] 
2012-05-23T21:48:43.756+0200: 181244.740: [GC [PSYoungGen: 1478623K->243811K(1841920K)] 4170188K->2935375K(6620608K), 0.3012957 secs] [Times: user=2.14 sys=0.00, real=0.30 secs] 
2012-05-23T21:49:19.901+0200: 181280.884: [GC [PSYoungGen: 1523363K->270624K(1826944K)] 4214927K->2962188K(6605632K), 0.2830034 secs] [Times: user=2.25 sys=0.00, real=0.28 secs] 
2012-05-23T21:49:43.925+0200: 181304.918: [GC [PSYoungGen: 1550176K->252746K(1860800K)] 4241740K->2944310K(6639488K), 0.2642343 secs] [Times: user=1.82 sys=0.00, real=0.27 secs] 
2012-05-23T21:50:00.961+0200: 181321.945: [GC [PSYoungGen: 1571466K->528486K(1847232K)] 4263030K->3261443K(6625920K), 0.7126570 secs] [Times: user=5.51 sys=0.00, real=0.72 secs] 
2012-05-23T21:50:42.052+0200: 181363.030: [GC [PSYoungGen: 1847206K->542076K(1491008K)] 4580163K->3315981K(6269696K), 0.5818672 secs] [Times: user=4.45 sys=0.00, real=0.58 secs] 
2012-05-23T21:50:46.685+0200: 181367.672: [GC [PSYoungGen: 1491004K->620492K(1569472K)] 4264909K->3394413K(6348160K), 0.5520089 secs] [Times: user=4.49 sys=0.00, real=0.56 secs] 
2012-05-23T21:51:06.123+0200: 181387.104: [GC [PSYoungGen: 1569420K->783959K(1592896K)] 4343341K->3603272K(6371584K), 0.8268087 secs] [Times: user=6.61 sys=0.00, real=0.83 secs] 
2012-05-23T21:51:46.169+0200: 181427.144: [GC [PSYoungGen: 1577310K->718912K(1592896K)] 4396622K->3611541K(6371584K), 0.7259006 secs] [Times: user=5.71 sys=0.00, real=0.72 secs] 
2012-05-23T21:51:46.886+0200: 181427.870: [Full GC (System) [PSYoungGen: 718912K->0K(1592896K)] [PSOldGen: 2892628K->1505700K(4778688K)] 3611541K->1505700K(6371584K) [PSPermGen: 113349K->113349K(393216K)], 7.2908081 secs] [Times: user=7.29 sys=0.00, real=7.29 secs] 
2012-05-23T21:55:22.294+0200: 181643.272: [GC [PSYoungGen: 796480K->31057K(1592896K)] 2302180K->1536758K(6371584K), 0.0482888 secs] [Times: user=0.33 sys=0.00, real=0.05 secs] 
2012-05-23T21:55:33.089+0200: 181654.070: [GC [PSYoungGen: 827537K->127050K(1592896K)] 2333238K->1632751K(6371584K), 0.1647849 secs] [Times: user=1.33 sys=0.00, real=0.17 secs] 
2012-05-23T21:59:45.110+0200: 181906.070: [GC [PSYoungGen: 923530K->18439K(1592896K)] 2429231K->1524140K(6371584K), 0.0422274 secs] [Times: user=0.20 sys=0.00, real=0.03 secs] 
2012-05-23T22:04:57.239+0200: 182218.202: [GC [PSYoungGen: 814919K->61765K(1592896K)] 2320620K->1570106K(6371584K), 0.0959581 secs] [Times: user=0.75 sys=0.00, real=0.09 secs] 
2012-05-23T22:05:32.979+0200: 182253.943: [GC [PSYoungGen: 858245K->83153K(1592896K)] 2366586K->1652971K(6371584K), 0.1920469 secs] [Times: user=1.51 sys=0.00, real=0.20 secs] 
2012-05-23T22:06:43.244+0200: 182324.217: [GC [PSYoungGen: 879633K->672K(1592896K)] 2449451K->1574769K(6371584K), 0.0142528 secs] [Times: user=0.13 sys=0.00, real=0.02 secs] 
2012-05-23T22:13:22.081+0200: 182723.172: [GC [PSYoungGen: 797152K->1778K(1592896K)] 2371249K->1576309K(6371584K), 0.0122407 secs] [Times: user=0.09 sys=0.00, real=0.01 secs] 
2012-05-23T22:13:22.985+0200: 182724.072: [GC [PSYoungGen: 798258K->4921K(1592896K)] 2372789K->1580882K(6371584K), 0.0129672 secs] [Times: user=0.00 sys=0.00, real=0.00 secs] 
2012-05-23T22:13:23.890+0200: 182724.986: [GC [PSYoungGen: 801401K->5901K(1592896K)] 2377362K->1585695K(6371584K), 0.0151078 secs] [Times: user=0.13 sys=0.00, real=0.02 secs] 
2012-05-23T22:13:25.871+0200: 182726.970: [GC [PSYoungGen: 802381K->10446K(1592896K)] 2382175K->1594026K(6371584K), 0.0194126 secs] [Times: user=0.25 sys=0.00, real=0.03 secs] 
2012-05-23T22:15:16.709+0200: 182837.810: [GC [PSYoungGen: 806926K->138007K(1684608K)] 2390506K->1721587K(6463296K), 0.2654447 secs] [Times: user=1.30 sys=0.00, real=0.26 secs] 
2012-05-23T22:15:30.856+0200: 182851.972: [GC [PSYoungGen: 1059927K->251392K(1626624K)] 2643507K->1834971K(6405312K), 0.2818990 secs] [Times: user=2.25 sys=0.00, real=0.28 secs] 
2012-05-23T22:16:17.400+0200: 182898.509: [GC [PSYoungGen: 1173312K->248246K(1723968K)] 2756891K->1831826K(6502656K), 0.2982643 secs] [Times: user=2.14 sys=0.00, real=0.30 secs] 
2012-05-23T22:16:44.075+0200: 182925.189: [GC [PSYoungGen: 1286262K->273461K(1703360K)] 2869842K->1857040K(6482048K), 0.2827760 secs] [Times: user=2.20 sys=0.00, real=0.28 secs] 
2012-05-23T22:16:56.149+0200: 182937.270: [GC [PSYoungGen: 1311477K->167975K(1780480K)] 2895056K->1751555K(6559168K), 0.1769416 secs] [Times: user=1.06 sys=0.00, real=0.19 secs] 
2012-05-23T22:17:13.574+0200: 182954.691: [GC [PSYoungGen: 1294695K->398870K(1735552K)] 2878275K->1982449K(6514240K), 0.4880578 secs] [Times: user=3.70 sys=0.00, real=0.48 secs] 
2012-05-23T22:17:35.538+0200: 182976.650: [GC [PSYoungGen: 1525590K->347761K(1723520K)] 3109169K->1931340K(6502208K), 0.2654908 secs] [Times: user=2.11 sys=0.00, real=0.26 secs] 
2012-05-23T22:17:44.975+0200: 182986.100: [GC [PSYoungGen: 1424433K->467388K(1544064K)] 3008012K->2050967K(6322752K), 0.4413424 secs] [Times: user=3.51 sys=0.00, real=0.45 secs] 
2012-05-23T22:18:06.565+0200: 183007.676: [GC [PSYoungGen: 1544060K->539860K(1556160K)] 3127639K->2123439K(6334848K), 0.4798936 secs] [Times: user=3.74 sys=0.00, real=0.47 secs] 
2012-05-23T22:24:22.407+0200: 183383.524: [GC [PSYoungGen: 1390868K->552146K(1403200K)] 2974447K->2135726K(6181888K), 0.4943215 secs] [Times: user=3.65 sys=0.00, real=0.50 secs] 
2012-05-23T22:25:26.570+0200: 183447.686: [GC [PSYoungGen: 1403154K->558723K(1592896K)] 2986734K->2198001K(6371584K), 0.5500014 secs] [Times: user=4.37 sys=0.00, real=0.55 secs] 
2012-05-23T22:25:48.378+0200: 183469.502: [GC [PSYoungGen: 1355203K->443694K(1592896K)] 2994481K->2145356K(6371584K), 0.4322233 secs] [Times: user=3.39 sys=0.00, real=0.44 secs] 
2012-05-23T22:32:02.095+0200: 183843.210: [GC [PSYoungGen: 1240174K->465670K(1592896K)] 2941836K->2174140K(6371584K), 0.4602245 secs] [Times: user=3.65 sys=0.00, real=0.47 secs] 
2012-05-23T22:35:21.824+0200: 184042.922: [GC [PSYoungGen: 1262150K->277735K(1592896K)] 2970620K->2108394K(6371584K), 0.4651668 secs] [Times: user=2.45 sys=0.00, real=0.47 secs] 
2012-05-23T22:35:33.321+0200: 184054.419: [GC [PSYoungGen: 1074215K->194656K(1597120K)] 2904874K->2208757K(6375808K), 0.3949899 secs] [Times: user=3.12 sys=0.00, real=0.39 secs] 
2012-05-23T22:40:11.473+0200: 184332.572: [GC [PSYoungGen: 995360K->72310K(1592896K)] 3009461K->2086411K(6371584K), 0.0719320 secs] [Times: user=0.62 sys=0.00, real=0.08 secs] 
2012-05-23T22:42:40.595+0200: 184481.687: [GC [PSYoungGen: 873014K->74230K(1609920K)] 2887115K->2088332K(6388608K), 0.0707365 secs] [Times: user=0.62 sys=0.00, real=0.08 secs] 
2012-05-23T22:42:41.594+0200: 184482.683: [GC [PSYoungGen: 894902K->79021K(1600064K)] 2909004K->2093122K(6378752K), 0.0765711 secs] [Times: user=0.62 sys=0.00, real=0.08 secs] 
2012-05-23T22:42:42.623+0200: 184483.712: [GC [PSYoungGen: 899693K->84098K(1646336K)] 2913794K->2098200K(6425024K), 0.0759839 secs] [Times: user=0.62 sys=0.00, real=0.08 secs] 
2012-05-23T22:42:56.913+0200: 184498.006: [GC [PSYoungGen: 966914K->147349K(1625792K)] 2981016K->2172699K(6404480K), 0.1735717 secs] [Times: user=1.17 sys=0.00, real=0.17 secs] 
2012-05-23T22:44:25.662+0200: 184586.741: [GC [PSYoungGen: 1030165K->333032K(1690816K)] 3055515K->2358925K(6469504K), 0.4049839 secs] [Times: user=2.96 sys=0.02, real=0.41 secs] 
2012-05-23T22:44:42.963+0200: 184604.043: [GC [PSYoungGen: 1314856K->319501K(1680320K)] 3340749K->2345394K(6459008K), 0.2855009 secs] [Times: user=2.17 sys=0.00, real=0.28 secs] 
2012-05-23T22:44:47.799+0200: 184608.878: [GC [PSYoungGen: 1301325K->420987K(1667776K)] 3327218K->2446880K(6446464K), 0.3366778 secs] [Times: user=2.62 sys=0.00, real=0.33 secs] 
2012-05-23T22:45:10.653+0200: 184631.737: [GC [PSYoungGen: 1407419K->574495K(1560960K)] 3433312K->2615874K(6339648K), 0.8627227 secs] [Times: user=4.38 sys=0.00, real=0.86 secs] 
2012-05-23T22:45:23.258+0200: 184644.343: [GC [PSYoungGen: 1560927K->564576K(1568128K)] 3602306K->2642108K(6346816K), 0.5708056 secs] [Times: user=4.13 sys=0.00, real=0.58 secs] 
2012-05-23T22:45:32.260+0200: 184653.337: [GC [PSYoungGen: 1361056K->663851K(1592896K)] 3438588K->2741415K(6371584K), 0.6254022 secs] [Times: user=4.85 sys=0.00, real=0.62 secs] 
2012-05-23T22:49:32.050+0200: 184893.133: [GC [PSYoungGen: 1460331K->543970K(1592896K)] 3537895K->2621542K(6371584K), 0.4719552 secs] [Times: user=3.78 sys=0.00, real=0.48 secs] 
2012-05-23T22:51:54.184+0200: 185035.248: [GC [PSYoungGen: 824140K->515882K(1592896K)] 2901712K->2623678K(6371584K), 0.5092179 secs] [Times: user=3.65 sys=0.00, real=0.50 secs] 
2012-05-23T22:51:54.683+0200: 185035.758: [Full GC (System) [PSYoungGen: 515882K->0K(1592896K)] [PSOldGen: 2107795K->1272540K(4778688K)] 2623678K->1272540K(6371584K) [PSPermGen: 113360K->113202K(393216K)], 7.1202567 secs] [Times: user=7.13 sys=0.00, real=7.13 secs] 
2012-05-23T22:55:22.665+0200: 185243.731: [GC [PSYoungGen: 796480K->44005K(1592896K)] 2069020K->1316545K(6371584K), 0.0636849 secs] [Times: user=0.48 sys=0.00, real=0.06 secs] 
2012-05-23T22:55:34.303+0200: 185255.368: [GC [PSYoungGen: 840485K->147604K(1592896K)] 2113025K->1420144K(6371584K), 0.1840854 secs] [Times: user=1.48 sys=0.00, real=0.19 secs] 
2012-05-23T22:58:12.161+0200: 185413.218: [GC [PSYoungGen: 944084K->41814K(1592896K)] 2216624K->1314354K(6371584K), 0.0761790 secs] [Times: user=0.62 sys=0.00, real=0.08 secs] 
2012-05-23T23:01:28.864+0200: 185609.913: [GC [PSYoungGen: 838294K->70720K(1592896K)] 2110834K->1343260K(6371584K), 0.0846473 secs] [Times: user=0.62 sys=0.00, real=0.08 secs] 
2012-05-23T23:02:25.898+0200: 185666.947: [GC [PSYoungGen: 867200K->58810K(1592896K)] 2139740K->1349850K(6371584K), 0.0958578 secs] [Times: user=0.64 sys=0.00, real=0.09 secs] 
2012-05-23T23:03:18.424+0200: 185719.475: [GC [PSYoungGen: 855290K->11000K(1592896K)] 2146330K->1347831K(6371584K), 0.0760315 secs] [Times: user=0.52 sys=0.00, real=0.08 secs] 
2012-05-23T23:04:14.741+0200: 185775.785: [GC [PSYoungGen: 807480K->10744K(1592896K)] 2144311K->1348008K(6371584K), 0.0400207 secs] [Times: user=0.13 sys=0.00, real=0.03 secs] 
2012-05-23T23:05:47.968+0200: 185869.008: [GC [PSYoungGen: 807224K->33693K(1592896K)] 2144488K->1372180K(6371584K), 0.0497275 secs] [Times: user=0.38 sys=0.00, real=0.05 secs] 
2012-05-23T23:06:16.064+0200: 185897.107: [GC [PSYoungGen: 830173K->129625K(1653632K)] 2168660K->1468111K(6432320K), 0.1655964 secs] [Times: user=1.37 sys=0.00, real=0.17 secs] 
2012-05-23T23:08:51.941+0200: 186052.982: [GC [PSYoungGen: 999833K->4194K(1605888K)] 2338319K->1342680K(6384576K), 0.0226043 secs] [Times: user=0.11 sys=0.00, real=0.03 secs] 
2012-05-23T23:08:52.955+0200: 186053.997: [GC [PSYoungGen: 874402K->9309K(1703936K)] 2212888K->1347796K(6482624K), 0.0145897 secs] [Times: user=0.11 sys=0.00, real=0.02 secs] 
2012-05-23T23:08:54.109+0200: 186055.151: [GC [PSYoungGen: 1000989K->15098K(1677056K)] 2339476K->1353585K(6455744K), 0.0184542 secs] [Times: user=0.13 sys=0.00, real=0.02 secs] 
2012-05-23T23:11:00.393+0200: 186181.432: [GC [PSYoungGen: 1006778K->111742K(1780288K)] 2345265K->1450229K(6558976K), 0.1536399 secs] [Times: user=1.17 sys=0.00, real=0.16 secs] 
2012-05-23T23:15:36.173+0200: 186457.194: [GC [PSYoungGen: 1236222K->234281K(1733504K)] 2574709K->1572767K(6512192K), 0.2937111 secs] [Times: user=2.01 sys=0.00, real=0.28 secs] 
2012-05-23T23:16:03.754+0200: 186484.774: [GC [PSYoungGen: 1358761K->372257K(1714880K)] 2697247K->1710744K(6493568K), 0.4329764 secs] [Times: user=3.09 sys=0.00, real=0.42 secs] 
2012-05-23T23:16:33.426+0200: 186514.452: [GC [PSYoungGen: 1489377K->267638K(1753216K)] 2827864K->1606125K(6531904K), 0.2821484 secs] [Times: user=2.18 sys=0.00, real=0.28 secs] 
2012-05-23T23:16:50.321+0200: 186531.350: [GC [PSYoungGen: 1384758K->197143K(1801600K)] 2723245K->1535630K(6580288K), 0.1935444 secs] [Times: user=1.28 sys=0.00, real=0.20 secs] 
2012-05-23T23:17:23.908+0200: 186564.936: [GC [PSYoungGen: 1373015K->447334K(1623232K)] 2711502K->1785821K(6401920K), 0.4942350 secs] [Times: user=3.73 sys=0.00, real=0.50 secs] 
2012-05-23T23:17:36.654+0200: 186577.676: [GC [PSYoungGen: 1623206K->625844K(1521792K)] 2961693K->1964330K(6300480K), 0.6710937 secs] [Times: user=5.21 sys=0.00, real=0.67 secs] 
2012-05-23T23:18:16.418+0200: 186617.438: [GC [PSYoungGen: 1502068K->226638K(1632768K)] 2840554K->1565125K(6411456K), 0.2339481 secs] [Times: user=1.84 sys=0.00, real=0.23 secs] 
2012-05-23T23:18:26.793+0200: 186627.820: [GC [PSYoungGen: 1102862K->267323K(1718400K)] 2441349K->1605810K(6497088K), 0.2875370 secs] [Times: user=2.22 sys=0.00, real=0.30 secs] 
2012-05-23T23:18:43.282+0200: 186644.311: [GC [PSYoungGen: 1276027K->356955K(1679616K)] 2614514K->1695442K(6458304K), 0.4337490 secs] [Times: user=3.20 sys=0.00, real=0.44 secs] 
2012-05-23T23:19:03.297+0200: 186664.313: [GC [PSYoungGen: 1365659K->289904K(1750528K)] 2704146K->1628694K(6529216K), 0.3390253 secs] [Times: user=2.57 sys=0.00, real=0.33 secs] 
2012-05-23T23:19:16.963+0200: 186677.981: [GC [PSYoungGen: 1371824K->342484K(1720704K)] 2710614K->1681331K(6499392K), 0.2641826 secs] [Times: user=2.12 sys=0.00, real=0.26 secs] 
2012-05-23T23:19:26.838+0200: 186687.853: [GC [PSYoungGen: 1424404K->461157K(1689792K)] 2763251K->1800060K(6468480K), 0.4375239 secs] [Times: user=3.49 sys=0.00, real=0.44 secs] 
2012-05-23T23:19:52.110+0200: 186713.134: [GC [PSYoungGen: 1520293K->533798K(1592960K)] 2859196K->1872701K(6371648K), 0.5043724 secs] [Times: user=3.73 sys=0.00, real=0.52 secs] 
2012-05-23T23:25:25.502+0200: 187046.509: [GC [PSYoungGen: 1592934K->564294K(1567232K)] 2931837K->1903197K(6345920K), 0.5115884 secs] [Times: user=3.84 sys=0.00, real=0.51 secs] 
2012-05-23T23:25:41.991+0200: 187063.000: [GC [PSYoungGen: 1413766K->640368K(1489856K)] 2752669K->2022652K(6268544K), 0.6494411 secs] [Times: user=5.16 sys=0.00, real=0.66 secs] 
2012-05-23T23:30:19.129+0200: 187340.126: [GC [PSYoungGen: 1489840K->445470K(1592896K)] 2872124K->1896201K(6371584K), 0.4526077 secs] [Times: user=3.57 sys=0.00, real=0.45 secs] 
2012-05-23T23:35:23.083+0200: 187644.067: [GC [PSYoungGen: 1241950K->466053K(1592896K)] 2692681K->1923576K(6371584K), 0.4596199 secs] [Times: user=3.26 sys=0.00, real=0.45 secs] 
2012-05-23T23:35:36.765+0200: 187657.756: [GC [PSYoungGen: 1262533K->578082K(1592896K)] 2720056K->2035605K(6371584K), 0.5355577 secs] [Times: user=4.18 sys=0.00, real=0.53 secs] 
2012-05-23T23:37:28.618+0200: 187769.609: [GC [PSYoungGen: 1374562K->372318K(1592896K)] 2832085K->1829858K(6371584K), 0.2824320 secs] [Times: user=2.25 sys=0.00, real=0.28 secs] 
2012-05-23T23:45:12.350+0200: 188233.315: [GC [PSYoungGen: 1168798K->377470K(1625472K)] 2626338K->1835042K(6404160K), 0.4049235 secs] [Times: user=2.09 sys=0.00, real=0.41 secs] 
2012-05-23T23:45:29.900+0200: 188250.878: [GC [PSYoungGen: 1206526K->461678K(1592896K)] 2664098K->1919250K(6371584K), 0.4431108 secs] [Times: user=3.17 sys=0.00, real=0.45 secs] 
2012-05-23T23:46:38.697+0200: 188319.661: [GC [PSYoungGen: 1290734K->378091K(1668672K)] 2748306K->1835662K(6447360K), 0.2724600 secs] [Times: user=2.12 sys=0.00, real=0.26 secs] 
2012-05-23T23:46:39.992+0200: 188320.961: [GC [PSYoungGen: 1296299K->383508K(1638848K)] 2753870K->1841080K(6417536K), 0.2718942 secs] [Times: user=2.12 sys=0.00, real=0.26 secs] 
2012-05-23T23:46:41.302+0200: 188322.275: [GC [PSYoungGen: 1301716K->106361K(1655168K)] 2759288K->1847629K(6433856K), 0.3661382 secs] [Times: user=2.95 sys=0.00, real=0.37 secs] 
2012-05-23T23:46:49.960+0200: 188330.922: [GC [PSYoungGen: 1069369K->151296K(1114368K)] 2810637K->1907423K(5893056K), 0.2142800 secs] [Times: user=1.36 sys=0.00, real=0.20 secs] 
2012-05-23T23:52:01.855+0200: 188642.807: [GC [PSYoungGen: 787488K->185169K(1681664K)] 2543615K->1947376K(6460352K), 0.2060902 secs] [Times: user=1.34 sys=0.00, real=0.20 secs] 
2012-05-23T23:52:02.058+0200: 188643.013: [Full GC (System) [PSYoungGen: 185169K->0K(1681664K)] [PSOldGen: 1762207K->1206365K(4778688K)] 1947376K->1206365K(6460352K) [PSPermGen: 113230K->113230K(393216K)], 4.6069163 secs] [Times: user=4.59 sys=0.02, real=4.60 secs] 
2012-05-23T23:55:19.915+0200: 188840.875: [GC [PSYoungGen: 965248K->144724K(1672896K)] 2171613K->1351089K(6451584K), 0.2347724 secs] [Times: user=1.78 sys=0.00, real=0.25 secs] 
2012-05-23T23:55:26.249+0200: 188847.209: [GC [PSYoungGen: 1109972K->224301K(1710592K)] 2316337K->1430666K(6489280K), 0.2969648 secs] [Times: user=2.23 sys=0.00, real=0.31 secs] 
2012-05-23T23:55:33.440+0200: 188854.397: [GC [PSYoungGen: 1232685K->317558K(1687104K)] 2439050K->1523923K(6465792K), 0.3263679 secs] [Times: user=2.62 sys=0.00, real=0.33 secs] 
2012-05-23T23:55:49.758+0200: 188870.707: [GC [PSYoungGen: 1325942K->379348K(1750336K)] 2532307K->1585713K(6529024K), 0.4653654 secs] [Times: user=3.34 sys=0.00, real=0.47 secs] 
2012-05-23T23:56:12.628+0200: 188893.582: [GC [PSYoungGen: 1483732K->302027K(1743360K)] 2690097K->1508392K(6522048K), 0.3306404 secs] [Times: user=2.62 sys=0.00, real=0.33 secs] 
2012-05-23T23:56:29.024+0200: 188909.977: [GC [PSYoungGen: 1406411K->147458K(1782400K)] 2612776K->1512405K(6561088K), 0.3140243 secs] [Times: user=2.50 sys=0.00, real=0.31 secs] 
2012-05-23T23:56:34.203+0200: 188915.159: [GC [PSYoungGen: 1321410K->218784K(1780864K)] 2686357K->1583878K(6559552K), 0.1839794 secs] [Times: user=1.50 sys=0.00, real=0.19 secs] 
2012-05-23T23:56:56.839+0200: 188937.791: [GC [PSYoungGen: 1392736K->418698K(1763968K)] 2757830K->1783860K(6542656K), 0.4362020 secs] [Times: user=3.50 sys=0.00, real=0.44 secs] 
2012-05-24T00:01:47.845+0200: 189228.787: [GC [PSYoungGen: 1593674K->428833K(1603840K)] 2958836K->1794027K(6382528K), 0.3966119 secs] [Times: user=2.82 sys=0.00, real=0.39 secs] 
2012-05-24T00:02:48.904+0200: 189289.851: [GC [PSYoungGen: 1603809K->445945K(1729984K)] 2969003K->1811139K(6508672K), 0.3822951 secs] [Times: user=2.89 sys=0.00, real=0.39 secs] 
2012-05-24T00:03:27.967+0200: 189328.905: [GC [PSYoungGen: 1552185K->455788K(1562048K)] 2917379K->1820982K(6340736K), 0.3891726 secs] [Times: user=2.95 sys=0.00, real=0.39 secs] 
2012-05-24T00:04:11.258+0200: 189372.191: [GC [PSYoungGen: 1562028K->460296K(1706176K)] 2927222K->1825490K(6484864K), 0.3959442 secs] [Times: user=2.92 sys=0.00, real=0.39 secs] 
2012-05-24T00:04:46.218+0200: 189407.148: [GC [PSYoungGen: 1508808K->464859K(1513408K)] 2874002K->1830053K(6292096K), 0.3952587 secs] [Times: user=2.96 sys=0.00, real=0.39 secs] 
2012-05-24T00:05:19.696+0200: 189440.632: [GC [PSYoungGen: 1513371K->485790K(1681920K)] 2878565K->1850984K(6460608K), 0.4684041 secs] [Times: user=3.18 sys=0.00, real=0.47 secs] 
2012-05-24T00:05:45.187+0200: 189466.117: [GC [PSYoungGen: 1487454K->469246K(1470912K)] 2852648K->1834440K(6249600K), 0.5873378 secs] [Times: user=2.92 sys=0.00, real=0.58 secs] 
2012-05-24T00:05:56.887+0200: 189477.818: [GC [PSYoungGen: 1470910K->587729K(1604992K)] 2836104K->1952923K(6383680K), 0.5684822 secs] [Times: user=4.49 sys=0.00, real=0.56 secs] 
2012-05-24T00:06:13.579+0200: 189494.507: [GC [PSYoungGen: 1496081K->449182K(1648832K)] 2861275K->1814376K(6427520K), 0.4174391 secs] [Times: user=3.06 sys=0.00, real=0.42 secs] 
2012-05-24T00:06:35.263+0200: 189516.201: [GC [PSYoungGen: 1357534K->474025K(1673664K)] 2722728K->1839219K(6452352K), 0.4014461 secs] [Times: user=3.18 sys=0.00, real=0.41 secs] 
2012-05-24T00:07:01.160+0200: 189542.097: [GC [PSYoungGen: 1424489K->474440K(1666112K)] 2789683K->1839634K(6444800K), 0.4098627 secs] [Times: user=2.98 sys=0.00, real=0.42 secs] 
2012-05-24T00:07:38.007+0200: 189578.943: [GC [PSYoungGen: 1424904K->483552K(1687744K)] 2790098K->1848746K(6466432K), 0.4023932 secs] [Times: user=3.07 sys=0.00, real=0.41 secs] 
2012-05-24T00:08:02.047+0200: 189602.979: [GC [PSYoungGen: 1463968K->447839K(1681984K)] 2829162K->1865097K(6460672K), 0.4136637 secs] [Times: user=3.23 sys=0.00, real=0.42 secs] 
2012-05-24T00:08:32.140+0200: 189633.063: [GC [PSYoungGen: 1428255K->339744K(1717568K)] 2845513K->1904735K(6496256K), 0.4656393 secs] [Times: user=3.60 sys=0.00, real=0.47 secs] 
2012-05-24T00:09:01.484+0200: 189662.407: [GC [PSYoungGen: 1375776K->174504K(1210560K)] 2940767K->1956961K(5989248K), 0.4661739 secs] [Times: user=3.64 sys=0.00, real=0.47 secs] 
2012-05-24T00:09:33.074+0200: 189694.007: [GC [PSYoungGen: 1210536K->110096K(1661824K)] 2992993K->1901526K(6440512K), 0.1025055 secs] [Times: user=0.66 sys=0.00, real=0.11 secs] 
2012-05-24T00:09:57.223+0200: 189718.154: [GC [PSYoungGen: 1083344K->202484K(1681280K)] 2874774K->1994459K(6459968K), 0.2208488 secs] [Times: user=1.62 sys=0.00, real=0.22 secs] 
2012-05-24T00:10:28.689+0200: 189749.608: [GC [PSYoungGen: 1175732K->170195K(1691520K)] 2967707K->1962434K(6470208K), 0.1840619 secs] [Times: user=1.17 sys=0.00, real=0.17 secs] 
2012-05-24T00:10:58.766+0200: 189779.691: [GC [PSYoungGen: 1159635K->115762K(1687232K)] 2951874K->1908257K(6465920K), 0.0953648 secs] [Times: user=0.58 sys=0.00, real=0.09 secs] 
2012-05-24T00:11:17.830+0200: 189798.748: [GC [PSYoungGen: 1105202K->121526K(1697408K)] 2897697K->1914533K(6476096K), 0.1327246 secs] [Times: user=0.92 sys=0.00, real=0.12 secs] 
2012-05-24T00:11:47.205+0200: 189828.124: [GC [PSYoungGen: 1120630K->144790K(1691008K)] 2913637K->1938061K(6469696K), 0.1403041 secs] [Times: user=0.87 sys=0.00, real=0.14 secs] 
2012-05-24T00:12:14.770+0200: 189855.694: [GC [PSYoungGen: 1143894K->224047K(1743104K)] 2937165K->2018218K(6521792K), 0.2483862 secs] [Times: user=1.87 sys=0.00, real=0.25 secs] 
2012-05-24T00:12:49.091+0200: 189890.012: [GC [PSYoungGen: 1290095K->113151K(1712256K)] 3084266K->1907405K(6490944K), 0.1264569 secs] [Times: user=0.67 sys=0.00, real=0.13 secs] 
2012-05-24T00:13:31.508+0200: 189932.420: [GC [PSYoungGen: 1179199K->118597K(1767936K)] 2973453K->1913204K(6546624K), 0.1426455 secs] [Times: user=0.62 sys=0.00, real=0.14 secs] 
2012-05-24T00:14:08.059+0200: 189968.982: [GC [PSYoungGen: 1250629K->60999K(1753408K)] 3045236K->1862461K(6532096K), 0.0881339 secs] [Times: user=0.64 sys=0.00, real=0.09 secs] 
2012-05-24T00:14:45.796+0200: 190006.707: [GC [PSYoungGen: 1193031K->127607K(1797504K)] 2994493K->1929981K(6576192K), 0.1464501 secs] [Times: user=1.01 sys=0.00, real=0.14 secs] 
2012-05-24T00:15:25.436+0200: 190046.359: [GC [PSYoungGen: 1310775K->147935K(1774976K)] 3113149K->1951421K(6553664K), 0.2284729 secs] [Times: user=1.15 sys=0.00, real=0.23 secs] 
2012-05-24T00:15:40.053+0200: 190060.969: [GC [PSYoungGen: 1331103K->183607K(1855424K)] 3134589K->1987781K(6634112K), 0.2465523 secs] [Times: user=1.75 sys=0.00, real=0.25 secs] 
2012-05-24T00:16:12.658+0200: 190093.575: [GC [PSYoungGen: 1473527K->143118K(1823808K)] 3277701K->1947980K(6602496K), 0.1657265 secs] [Times: user=1.26 sys=0.00, real=0.17 secs] 
2012-05-24T00:17:00.020+0200: 190140.938: [GC [PSYoungGen: 1433038K->91655K(1890496K)] 3237900K->1897197K(6669184K), 0.0884918 secs] [Times: user=0.64 sys=0.00, real=0.09 secs] 
2012-05-24T00:17:48.849+0200: 190189.759: [GC [PSYoungGen: 1470471K->95991K(1877632K)] 3276013K->1902461K(6656320K), 0.0982938 secs] [Times: user=0.64 sys=0.00, real=0.09 secs] 
2012-05-24T00:18:30.408+0200: 190231.311: [GC [PSYoungGen: 1474807K->118030K(1925760K)] 3281277K->1931289K(6704448K), 0.1309777 secs] [Times: user=0.89 sys=0.00, real=0.12 secs] 
2012-05-24T00:19:20.859+0200: 190281.761: [GC [PSYoungGen: 1560270K->110154K(1905792K)] 3373529K->1924069K(6684480K), 0.1252486 secs] [Times: user=0.69 sys=0.00, real=0.12 secs] 
2012-05-24T00:20:09.313+0200: 190330.213: [GC [PSYoungGen: 1552394K->104134K(1961280K)] 3366309K->1919025K(6739968K), 0.1040747 secs] [Times: user=0.75 sys=0.00, real=0.09 secs] 
2012-05-24T00:21:07.174+0200: 190388.081: [GC [PSYoungGen: 1620230K->84130K(1944128K)] 3435121K->1899349K(6722816K), 0.0816316 secs] [Times: user=0.45 sys=0.00, real=0.08 secs] 
2012-05-24T00:21:48.858+0200: 190429.756: [GC [PSYoungGen: 1600226K->126714K(1996672K)] 3415445K->1942589K(6775360K), 0.1349876 secs] [Times: user=0.86 sys=0.00, real=0.13 secs] 
2012-05-24T00:22:40.557+0200: 190481.453: [GC [PSYoungGen: 1709050K->145218K(1974976K)] 3524925K->1961749K(6753664K), 0.1652560 secs] [Times: user=1.06 sys=0.00, real=0.16 secs] 
2012-05-24T00:23:32.505+0200: 190533.406: [GC [PSYoungGen: 1727554K->94427K(2032512K)] 3544085K->1912702K(6811200K), 0.0920204 secs] [Times: user=0.53 sys=0.00, real=0.09 secs] 
2012-05-24T00:24:30.881+0200: 190591.783: [GC [PSYoungGen: 1757659K->82314K(2020032K)] 3575934K->1901517K(6798720K), 0.0789135 secs] [Times: user=0.51 sys=0.00, real=0.08 secs] 
2012-05-24T00:25:03.283+0200: 190624.181: [GC [PSYoungGen: 1745546K->48957K(2048896K)] 3564749K->1886706K(6827584K), 0.0694919 secs] [Times: user=0.42 sys=0.00, real=0.06 secs] 
2012-05-24T00:25:05.514+0200: 190626.407: [GC [PSYoungGen: 1751805K->44489K(2043264K)] 3589554K->1890334K(6821952K), 0.0524528 secs] [Times: user=0.33 sys=0.00, real=0.05 secs] 
2012-05-24T00:25:23.314+0200: 190644.209: [GC [PSYoungGen: 1747337K->168464K(2059264K)] 3593182K->2020071K(6837952K), 0.2433523 secs] [Times: user=1.53 sys=0.02, real=0.25 secs] 
2012-05-24T00:26:00.161+0200: 190681.053: [GC [PSYoungGen: 1894032K->136690K(2055616K)] 3745639K->1989953K(6834304K), 0.1516565 secs] [Times: user=0.97 sys=0.00, real=0.14 secs] 
2012-05-24T00:26:52.562+0200: 190733.449: [GC [PSYoungGen: 1862258K->178846K(2074368K)] 3715521K->2035613K(6853056K), 0.2089113 secs] [Times: user=1.23 sys=0.00, real=0.20 secs] 
2012-05-24T00:27:52.155+0200: 190793.050: [GC [PSYoungGen: 1939422K->178706K(2074944K)] 3796189K->2038601K(6853632K), 0.1879617 secs] [Times: user=1.34 sys=0.00, real=0.19 secs] 
2012-05-24T00:28:48.347+0200: 190849.235: [GC [PSYoungGen: 1939282K->189247K(2072256K)] 3799177K->2049142K(6850944K), 0.2176796 secs] [Times: user=1.31 sys=0.00, real=0.22 secs] 
2012-05-24T00:29:50.514+0200: 190911.404: [GC [PSYoungGen: 1948031K->255794K(2014592K)] 3807926K->2115689K(6793280K), 0.3043416 secs] [Times: user=2.22 sys=0.00, real=0.31 secs] 
2012-05-24T00:31:01.136+0200: 190982.020: [GC [PSYoungGen: 2014578K->316183K(1965888K)] 3874473K->2176086K(6744576K), 0.4005142 secs] [Times: user=2.60 sys=0.00, real=0.41 secs] 
2012-05-24T00:31:13.523+0200: 190994.411: [GC [PSYoungGen: 1941975K->329797K(1955648K)] 3801878K->2189700K(6734336K), 0.3537322 secs] [Times: user=2.62 sys=0.00, real=0.36 secs] 
2012-05-24T00:31:28.655+0200: 191009.540: [GC [PSYoungGen: 1955471K->194913K(1989440K)] 3815374K->2054816K(6768128K), 0.1978211 secs] [Times: user=1.19 sys=0.00, real=0.20 secs] 
2012-05-24T00:31:49.309+0200: 191030.199: [GC [PSYoungGen: 1764513K->349454K(1919104K)] 3624416K->2209357K(6697792K), 0.4311015 secs] [Times: user=2.95 sys=0.00, real=0.44 secs] 
2012-05-24T00:32:02.008+0200: 191042.886: [GC [PSYoungGen: 1919054K->438838K(1690240K)] 3778957K->2478198K(6468928K), 0.8836928 secs] [Times: user=6.02 sys=0.00, real=0.87 secs] 
2012-05-24T00:32:44.877+0200: 191085.754: [GC [PSYoungGen: 1690230K->568935K(1820352K)] 3729590K->2622671K(6599040K), 0.8422058 secs] [Times: user=5.76 sys=0.00, real=0.84 secs] 
2012-05-24T00:32:59.089+0200: 191099.965: [GC [PSYoungGen: 1820327K->439728K(1591616K)] 3874063K->2493479K(6370304K), 0.5554828 secs] [Times: user=3.71 sys=0.00, real=0.55 secs] 
2012-05-24T00:33:07.576+0200: 191108.452: [GC [PSYoungGen: 1462384K->625291K(1648000K)] 3516135K->2679043K(6426688K), 0.8957113 secs] [Times: user=6.02 sys=0.00, real=0.89 secs] 
2012-05-24T00:33:29.634+0200: 191130.522: [GC [PSYoungGen: 1647947K->533838K(1537792K)] 3701699K->2630734K(6316480K), 0.6906978 secs] [Times: user=4.59 sys=0.00, real=0.70 secs] 
2012-05-24T00:33:32.364+0200: 191133.253: [GC [PSYoungGen: 1270642K->730016K(1592896K)] 3367538K->2830568K(6371584K), 0.6409626 secs] [Times: user=4.31 sys=0.01, real=0.66 secs] 
2012-05-24T00:33:39.509+0200: 191140.396: [GC [PSYoungGen: 1526496K->634769K(1592896K)] 3627048K->2768530K(6371584K), 0.8472371 secs] [Times: user=5.68 sys=0.01, real=0.86 secs] 
2012-05-24T00:33:57.824+0200: 191158.698: [GC [PSYoungGen: 1431249K->679426K(1592896K)] 3565010K->2852378K(6371584K), 0.8744919 secs] [Times: user=5.66 sys=0.00, real=0.87 secs] 
2012-05-24T00:35:20.396+0200: 191241.271: [GC [PSYoungGen: 1475906K->634054K(1592896K)] 3648858K->2860606K(6371584K), 1.0741627 secs] [Times: user=5.29 sys=0.00, real=1.08 secs] 
2012-05-24T00:38:40.312+0200: 191441.191: [GC [PSYoungGen: 1430534K->427023K(1592896K)] 3657086K->2856209K(6371584K), 0.6411315 secs] [Times: user=5.01 sys=0.00, real=0.66 secs] 
2012-05-24T00:44:40.549+0200: 191801.414: [GC [PSYoungGen: 1223503K->449673K(1592896K)] 3652689K->2878923K(6371584K), 0.4061620 secs] [Times: user=3.09 sys=0.00, real=0.41 secs] 
2012-05-24T00:47:10.374+0200: 191951.233: [GC [PSYoungGen: 1246153K->325235K(1592896K)] 3675403K->2876805K(6371584K), 0.4330952 secs] [Times: user=3.28 sys=0.00, real=0.44 secs] 
2012-05-24T00:52:06.715+0200: 192247.555: [GC [PSYoungGen: 1010933K->74645K(1592896K)] 3562504K->2869470K(6371584K), 0.7377409 secs] [Times: user=5.87 sys=0.00, real=0.73 secs] 
2012-05-24T00:52:07.448+0200: 192248.293: [Full GC (System) [PSYoungGen: 74645K->0K(1592896K)] [PSOldGen: 2794825K->1454031K(4778688K)] 2869470K->1454031K(6371584K) [PSPermGen: 113358K->113358K(393216K)], 6.2337054 secs] [Times: user=6.22 sys=0.00, real=6.23 secs] 
2012-05-24T00:55:28.800+0200: 192449.635: [GC [PSYoungGen: 796480K->58326K(1592896K)] 2250511K->1512358K(6371584K), 0.0843017 secs] [Times: user=0.62 sys=0.00, real=0.08 secs] 
2012-05-24T00:58:05.457+0200: 192606.294: [GC [PSYoungGen: 854806K->5053K(1592896K)] 2308838K->1459085K(6371584K), 0.0226827 secs] [Times: user=0.13 sys=0.00, real=0.03 secs] 
2012-05-24T00:58:06.378+0200: 192607.215: [GC [PSYoungGen: 801533K->8612K(1592896K)] 2255565K->1463612K(6371584K), 0.0150095 secs] [Times: user=0.13 sys=0.00, real=0.01 secs] 
2012-05-24T00:58:07.298+0200: 192608.130: [GC [PSYoungGen: 805092K->5511K(1592896K)] 2260092K->1467987K(6371584K), 0.0166571 secs] [Times: user=0.13 sys=0.00, real=0.02 secs] 
2012-05-24T00:58:20.215+0200: 192621.044: [GC [PSYoungGen: 801991K->66321K(1592896K)] 2264467K->1533415K(6371584K), 0.0922513 secs] [Times: user=0.62 sys=0.00, real=0.09 secs] 
2012-05-24T01:01:56.387+0200: 192837.217: [GC [PSYoungGen: 862801K->128027K(1592896K)] 2329895K->1653649K(6371584K), 0.2502478 secs] [Times: user=1.92 sys=0.00, real=0.25 secs] 
2012-05-24T01:02:51.502+0200: 192892.333: [GC [PSYoungGen: 924507K->143740K(1592896K)] 2450129K->1788137K(6371584K), 0.3306814 secs] [Times: user=2.59 sys=0.00, real=0.33 secs] 
2012-05-24T01:03:01.221+0200: 192902.055: [GC [PSYoungGen: 940220K->282160K(1636416K)] 2584617K->1926557K(6415104K), 0.2653858 secs] [Times: user=2.06 sys=0.00, real=0.27 secs] 
2012-05-24T01:03:05.511+0200: 192906.330: [GC [PSYoungGen: 1129328K->350910K(1600064K)] 2773725K->1995307K(6378752K), 0.2870302 secs] [Times: user=2.22 sys=0.00, real=0.28 secs] 
2012-05-24T01:03:23.966+0200: 192924.791: [GC [PSYoungGen: 1198078K->544888K(1540608K)] 2842475K->2189284K(6319296K), 0.5331826 secs] [Times: user=4.24 sys=0.00, real=0.53 secs] 
2012-05-24T01:03:34.153+0200: 192934.986: [GC [PSYoungGen: 1341368K->301813K(1592896K)] 2985764K->2198106K(6371584K), 0.5541255 secs] [Times: user=4.21 sys=0.00, real=0.56 secs] 
2012-05-24T01:06:10.218+0200: 193091.040: [GC [PSYoungGen: 1098293K->211856K(1664704K)] 2994586K->2202193K(6443392K), 0.3053077 secs] [Times: user=2.50 sys=0.00, real=0.31 secs] 
2012-05-24T01:13:08.225+0200: 193509.031: [GC [PSYoungGen: 1114960K->236760K(1627712K)] 3105297K->2227097K(6406400K), 0.2580336 secs] [Times: user=1.94 sys=0.00, real=0.25 secs] 
2012-05-24T01:15:48.892+0200: 193669.698: [GC [PSYoungGen: 1139864K->198687K(1733824K)] 3130201K->2189024K(6512512K), 0.5349402 secs] [Times: user=4.24 sys=0.00, real=0.55 secs] 
2012-05-24T01:25:08.455+0200: 194229.233: [GC [PSYoungGen: 1247199K->225489K(1704000K)] 3237536K->2215826K(6482688K), 0.4529835 secs] [Times: user=1.97 sys=0.00, real=0.45 secs] 
2012-05-24T01:26:34.412+0200: 194315.202: [GC [PSYoungGen: 1274001K->227583K(1798464K)] 3264338K->2217920K(6577152K), 0.5170508 secs] [Times: user=4.09 sys=0.02, real=0.53 secs] 
2012-05-24T01:26:36.253+0200: 194317.043: [GC [PSYoungGen: 1403903K->234057K(1767168K)] 3394240K->2224394K(6545856K), 0.5259886 secs] [Times: user=4.24 sys=0.00, real=0.53 secs] 
2012-05-24T01:26:42.680+0200: 194323.468: [GC [PSYoungGen: 1410377K->97217K(1832896K)] 3400714K->2236476K(6611584K), 0.5874089 secs] [Times: user=4.51 sys=0.00, real=0.59 secs] 
2012-05-24T01:32:19.395+0200: 194660.163: [GC [PSYoungGen: 1369345K->288326K(1828544K)] 3508604K->2440978K(6607232K), 0.3836124 secs] [Times: user=2.70 sys=0.00, real=0.37 secs] 
2012-05-24T01:32:45.884+0200: 194686.649: [GC [PSYoungGen: 1560454K->256668K(1870656K)] 3713106K->2453840K(6649344K), 0.3010623 secs] [Times: user=2.34 sys=0.00, real=0.30 secs] 
2012-05-24T01:33:00.502+0200: 194701.265: [GC [PSYoungGen: 1583801K->167764K(1845888K)] 3780972K->2365971K(6624576K), 0.1705464 secs] [Times: user=1.12 sys=0.00, real=0.17 secs] 
2012-05-24T01:33:28.566+0200: 194729.331: [GC [PSYoungGen: 1494996K->72852K(1883328K)] 3693203K->2383147K(6662016K), 0.2004107 secs] [Times: user=1.37 sys=0.00, real=0.20 secs] 
2012-05-24T01:33:34.526+0200: 194735.302: [GC [PSYoungGen: 1452116K->243776K(1884288K)] 3762411K->2560887K(6662976K), 0.2450163 secs] [Times: user=2.00 sys=0.00, real=0.25 secs] 
2012-05-24T01:33:57.832+0200: 194758.607: [GC [PSYoungGen: 1623040K->417387K(1812160K)] 3940151K->2734558K(6590848K), 0.4329442 secs] [Times: user=3.48 sys=0.00, real=0.44 secs] 
2012-05-24T01:38:49.213+0200: 195049.968: [GC [PSYoungGen: 1744171K->428803K(1755648K)] 4061342K->2745974K(6534336K), 0.3761502 secs] [Times: user=2.93 sys=0.00, real=0.37 secs] 
2012-05-24T01:45:22.634+0200: 195443.375: [GC [PSYoungGen: 1755587K->393174K(1781760K)] 4072758K->2710345K(6560448K), 0.4500938 secs] [Times: user=2.50 sys=0.00, real=0.44 secs] 
2012-05-24T01:52:13.715+0200: 195854.443: [GC [PSYoungGen: 1365035K->377864K(1588096K)] 3682206K->2695035K(6366784K), 0.2798362 secs] [Times: user=2.12 sys=0.00, real=0.28 secs] 
2012-05-24T01:52:13.996+0200: 195854.723: [Full GC (System) [PSYoungGen: 377864K->0K(1588096K)] [PSOldGen: 2317171K->1482658K(4778688K)] 2695035K->1482658K(6366784K) [PSPermGen: 113371K->113371K(393216K)], 6.2333475 secs] [Times: user=6.23 sys=0.00, real=6.22 secs] 
2012-05-24T01:55:42.212+0200: 196062.935: [GC [PSYoungGen: 1210176K->4282K(1760128K)] 2692834K->1486940K(6538816K), 0.0283202 secs] [Times: user=0.13 sys=0.00, real=0.03 secs] 
2012-05-24T01:55:43.553+0200: 196064.284: [GC [PSYoungGen: 1167866K->10701K(1174336K)] 2650524K->1493359K(5953024K), 0.0149296 secs] [Times: user=0.13 sys=0.00, real=0.02 secs] 
2012-05-24T01:55:51.993+0200: 196072.726: [GC [PSYoungGen: 1174285K->26524K(1774272K)] 2656943K->1509182K(6552960K), 0.0613144 secs] [Times: user=0.25 sys=0.00, real=0.06 secs] 
2012-05-24T01:56:46.453+0200: 196127.174: [GC [PSYoungGen: 1181916K->279648K(1770432K)] 2664574K->1762307K(6549120K), 0.4170582 secs] [Times: user=2.68 sys=0.00, real=0.41 secs] 
2012-05-24T01:57:04.831+0200: 196145.557: [GC [PSYoungGen: 1435040K->293291K(1799616K)] 2917699K->1775950K(6578304K), 0.2702932 secs] [Times: user=2.04 sys=0.00, real=0.26 secs] 
2012-05-24T01:57:13.364+0200: 196154.085: [GC [PSYoungGen: 1492907K->462471K(1662144K)] 2975566K->1945130K(6440832K), 0.4628828 secs] [Times: user=3.62 sys=0.00, real=0.45 secs] 
2012-05-24T01:57:35.313+0200: 196176.045: [GC [PSYoungGen: 1662087K->535240K(1614976K)] 3144746K->2017899K(6393664K), 0.4896087 secs] [Times: user=3.99 sys=0.00, real=0.50 secs] 
2012-05-24T02:04:35.973+0200: 196596.690: [GC [PSYoungGen: 1509256K->558880K(1532928K)] 2991915K->2041539K(6311616K), 0.5083326 secs] [Times: user=3.95 sys=0.00, real=0.51 secs] 
2012-05-24T02:06:43.208+0200: 196723.910: [GC [PSYoungGen: 1532896K->475439K(1587776K)] 3015555K->1958098K(6366464K), 0.3747089 secs] [Times: user=3.00 sys=0.00, real=0.37 secs] 
2012-05-24T02:14:08.219+0200: 197168.911: [GC [PSYoungGen: 1294575K->496367K(1315520K)] 2777234K->1979026K(6094208K), 0.3748313 secs] [Times: user=3.00 sys=0.00, real=0.38 secs] 
2012-05-24T02:15:27.453+0200: 197248.138: [GC [PSYoungGen: 1315503K->555020K(1592896K)] 2798162K->2037678K(6371584K), 0.4358794 secs] [Times: user=3.37 sys=0.01, real=0.44 secs] 
2012-05-24T02:16:01.882+0200: 197282.568: [GC [PSYoungGen: 1351500K->496133K(1592896K)] 2834158K->1978792K(6371584K), 0.3861488 secs] [Times: user=2.82 sys=0.00, real=0.39 secs] 
2012-05-24T02:17:33.658+0200: 197374.338: [GC [PSYoungGen: 1292613K->498541K(1592896K)] 2775272K->1981706K(6371584K), 0.3745077 secs] [Times: user=3.00 sys=0.00, real=0.38 secs] 
2012-05-24T02:17:34.922+0200: 197375.616: [GC [PSYoungGen: 1295021K->487665K(1592896K)] 2778186K->1986294K(6371584K), 0.3724070 secs] [Times: user=3.00 sys=0.00, real=0.37 secs] 
2012-05-24T02:17:36.217+0200: 197376.901: [GC [PSYoungGen: 1284145K->268229K(1592896K)] 2782774K->1992596K(6371584K), 0.4156732 secs] [Times: user=3.24 sys=0.00, real=0.40 secs] 
2012-05-24T02:17:47.277+0200: 197387.971: [GC [PSYoungGen: 1064709K->168850K(1592896K)] 2789076K->2007536K(6371584K), 0.3074719 secs] [Times: user=2.15 sys=0.00, real=0.31 secs] 
2012-05-24T02:18:39.242+0200: 197439.927: [GC [PSYoungGen: 965330K->280012K(1616256K)] 2804016K->2151998K(6394944K), 0.3661664 secs] [Times: user=2.67 sys=0.00, real=0.37 secs] 
2012-05-24T02:18:48.539+0200: 197449.231: [GC [PSYoungGen: 1099852K->267624K(1592896K)] 2971838K->2164618K(6371584K), 0.2779347 secs] [Times: user=2.25 sys=0.00, real=0.28 secs] 
2012-05-24T02:18:57.759+0200: 197458.441: [GC [PSYoungGen: 1087464K->152257K(1650368K)] 2984458K->2049580K(6429056K), 0.1507068 secs] [Times: user=0.91 sys=0.00, real=0.16 secs] 
2012-05-24T02:19:09.974+0200: 197470.658: [GC [PSYoungGen: 1056577K->374081K(1643264K)] 2953900K->2271403K(6421952K), 0.4412666 secs] [Times: user=3.34 sys=0.00, real=0.44 secs] 
2012-05-24T02:19:28.803+0200: 197489.490: [GC [PSYoungGen: 1278401K->265622K(1701248K)] 3175723K->2281847K(6479936K), 0.3853102 secs] [Times: user=3.07 sys=0.00, real=0.39 secs] 
2012-05-24T02:19:33.499+0200: 197494.189: [GC [PSYoungGen: 1251606K->221520K(1674048K)] 3267831K->2238125K(6452736K), 0.1687785 secs] [Times: user=1.37 sys=0.00, real=0.17 secs] 
2012-05-24T02:19:52.750+0200: 197513.426: [GC [PSYoungGen: 1207504K->298385K(1752768K)] 3224109K->2434901K(6531456K), 0.4616166 secs] [Times: user=3.46 sys=0.00, real=0.45 secs] 
2012-05-24T02:23:22.463+0200: 197723.143: [GC [PSYoungGen: 1381841K->10847K(1720000K)] 3518357K->2445631K(6498688K), 0.4119818 secs] [Times: user=3.26 sys=0.00, real=0.42 secs] 
2012-05-24T02:25:26.984+0200: 197847.662: [GC [PSYoungGen: 1094303K->82414K(1737024K)] 3529087K->2517198K(6515712K), 0.1270544 secs] [Times: user=0.80 sys=0.00, real=0.14 secs] 
2012-05-24T02:27:36.575+0200: 197977.244: [GC [PSYoungGen: 1163886K->35414K(1733760K)] 3598670K->2470197K(6512448K), 0.0741499 secs] [Times: user=0.39 sys=0.00, real=0.08 secs] 
2012-05-24T02:35:18.154+0200: 198438.805: [GC [PSYoungGen: 1116886K->78094K(1751040K)] 3551669K->2512878K(6529728K), 0.1477997 secs] [Times: user=0.78 sys=0.00, real=0.14 secs] 
2012-05-24T02:35:32.287+0200: 198452.944: [GC [PSYoungGen: 1177166K->241525K(1737344K)] 3611950K->2676309K(6516032K), 0.3277748 secs] [Times: user=2.42 sys=0.00, real=0.33 secs] 
2012-05-24T02:40:15.538+0200: 198736.213: [GC [PSYoungGen: 1340597K->73544K(1797888K)] 3775381K->2508328K(6576576K), 0.0843278 secs] [Times: user=0.62 sys=0.00, real=0.08 secs] 
2012-05-24T02:40:16.973+0200: 198737.644: [GC [PSYoungGen: 1268040K->80497K(1785920K)] 3702824K->2515281K(6564608K), 0.0893151 secs] [Times: user=0.62 sys=0.00, real=0.08 secs] 
2012-05-24T02:40:21.433+0200: 198742.116: [GC [PSYoungGen: 1274993K->81824K(1832064K)] 3709777K->2516608K(6610752K), 0.1072875 secs] [Times: user=0.64 sys=0.00, real=0.11 secs] 
2012-05-24T02:41:15.402+0200: 198796.109: [GC [PSYoungGen: 1338464K->345138K(1601792K)] 3773248K->2779921K(6380480K), 0.4326093 secs] [Times: user=3.46 sys=0.00, real=0.44 secs] 
2012-05-24T02:41:38.261+0200: 198818.972: [GC [PSYoungGen: 1601778K->282418K(1818112K)] 4036561K->2717201K(6596800K), 0.2454254 secs] [Times: user=2.00 sys=0.00, real=0.25 secs] 
2012-05-24T02:41:43.563+0200: 198824.273: [GC [PSYoungGen: 1521458K->492771K(1731840K)] 3956241K->2927555K(6510528K), 0.3816899 secs] [Times: user=3.00 sys=0.00, real=0.37 secs] 
2012-05-24T02:42:05.004+0200: 198845.731: [GC [PSYoungGen: 1731811K->600202K(1561920K)] 4166595K->3036905K(6340608K), 0.5957426 secs] [Times: user=4.76 sys=0.00, real=0.61 secs] 
2012-05-24T02:45:17.683+0200: 199038.458: [GC [PSYoungGen: 1522378K->611785K(1534016K)] 3959081K->3048489K(6312704K), 0.5490665 secs] [Times: user=4.30 sys=0.00, real=0.55 secs] 
2012-05-24T02:45:32.829+0200: 199053.606: [GC [PSYoungGen: 1533961K->728171K(1592896K)] 3970665K->3184225K(6371584K), 0.7156798 secs] [Times: user=5.71 sys=0.00, real=0.72 secs] 
2012-05-24T02:47:17.600+0200: 199158.389: [GC [PSYoungGen: 1524651K->553140K(1592896K)] 3980705K->3052537K(6371584K), 0.5139671 secs] [Times: user=4.07 sys=0.00, real=0.51 secs] 
2012-05-24T02:51:30.721+0200: 199411.530: [GC [PSYoungGen: 1349620K->492358K(1592896K)] 3849017K->2991772K(6371584K), 0.3859399 secs] [Times: user=3.12 sys=0.00, real=0.39 secs] 
2012-05-24T02:52:20.234+0200: 199461.034: [GC [PSYoungGen: 605028K->379464K(1592896K)] 3104442K->2997700K(6371584K), 0.3947508 secs] [Times: user=3.12 sys=0.00, real=0.39 secs] 
2012-05-24T02:52:20.624+0200: 199461.429: [Full GC (System) [PSYoungGen: 379464K->0K(1592896K)] [PSOldGen: 2618235K->1289709K(4778688K)] 2997700K->1289709K(6371584K) [PSPermGen: 113381K->113216K(393216K)], 6.7267541 secs] [Times: user=6.72 sys=0.00, real=6.72 secs] 
2012-05-24T02:55:23.280+0200: 199644.093: [GC [PSYoungGen: 796480K->43524K(1592896K)] 2086189K->1333233K(6371584K), 0.0684320 secs] [Times: user=0.51 sys=0.00, real=0.08 secs] 
2012-05-24T02:55:31.985+0200: 199652.793: [GC [PSYoungGen: 840004K->169748K(1592896K)] 2129713K->1459457K(6371584K), 0.2218672 secs] [Times: user=1.75 sys=0.00, real=0.22 secs] 
2012-05-24T03:00:23.425+0200: 199944.221: [GC [PSYoungGen: 966228K->8922K(1592896K)] 2255937K->1298631K(6371584K), 0.0160729 secs] [Times: user=0.13 sys=0.00, real=0.02 secs] 
2012-05-24T03:00:33.830+0200: 199954.633: [GC [PSYoungGen: 805402K->14705K(1592896K)] 2095111K->1304414K(6371584K), 0.0188684 secs] [Times: user=0.13 sys=0.00, real=0.02 secs] 
2012-05-24T03:00:34.719+0200: 199955.525: [GC [PSYoungGen: 811185K->18364K(1592896K)] 2100894K->1309369K(6371584K), 0.0200526 secs] [Times: user=0.25 sys=0.00, real=0.03 secs] 
2012-05-24T03:00:35.609+0200: 199956.416: [GC [PSYoungGen: 814844K->10088K(1592896K)] 2105849K->1313740K(6371584K), 0.0243313 secs] [Times: user=0.25 sys=0.00, real=0.03 secs] 
2012-05-24T03:00:40.008+0200: 199960.806: [GC [PSYoungGen: 806568K->31354K(1600000K)] 2110220K->1344370K(6378688K), 0.0542919 secs] [Times: user=0.28 sys=0.00, real=0.05 secs] 
2012-05-24T03:00:54.453+0200: 199975.255: [GC [PSYoungGen: 834938K->133564K(1592896K)] 2147954K->1446580K(6371584K), 0.1807211 secs] [Times: user=1.47 sys=0.00, real=0.19 secs] 
2012-05-24T03:01:19.788+0200: 200000.584: [GC [PSYoungGen: 937148K->232509K(1688000K)] 2250164K->1545525K(6466688K), 0.2871003 secs] [Times: user=1.98 sys=0.00, real=0.28 secs] 
2012-05-24T03:01:37.167+0200: 200017.969: [GC [PSYoungGen: 1178173K->305099K(1646976K)] 2491189K->1618115K(6425664K), 0.3350087 secs] [Times: user=2.71 sys=0.00, real=0.34 secs] 
2012-05-24T03:01:43.875+0200: 200024.672: [GC [PSYoungGen: 1250763K->287053K(1718464K)] 2563779K->1600069K(6497152K), 0.2776649 secs] [Times: user=2.25 sys=0.00, real=0.28 secs] 
2012-05-24T03:01:50.770+0200: 200031.569: [GC [PSYoungGen: 1315213K->293293K(1699008K)] 2628229K->1606309K(6477696K), 0.2832368 secs] [Times: user=2.25 sys=0.00, real=0.28 secs] 
2012-05-24T03:01:57.774+0200: 200038.577: [GC [PSYoungGen: 1321453K->296493K(1752192K)] 2634469K->1609509K(6530880K), 0.2879082 secs] [Times: user=2.36 sys=0.00, real=0.30 secs] 
2012-05-24T03:02:05.247+0200: 200046.046: [GC [PSYoungGen: 1395117K->299533K(1735744K)] 2708133K->1612549K(6514432K), 0.2873804 secs] [Times: user=2.23 sys=0.00, real=0.28 secs] 
2012-05-24T03:02:16.385+0200: 200057.177: [GC [PSYoungGen: 1398157K->220871K(1802944K)] 2711173K->1558871K(6581632K), 0.2329513 secs] [Times: user=1.59 sys=0.00, real=0.22 secs] 
2012-05-24T03:02:28.631+0200: 200069.437: [GC [PSYoungGen: 1402247K->367399K(1767744K)] 2740247K->1705399K(6546432K), 0.3904997 secs] [Times: user=3.14 sys=0.00, real=0.41 secs] 
2012-05-24T03:02:41.439+0200: 200082.231: [GC [PSYoungGen: 1548775K->562807K(1628224K)] 2886775K->1900806K(6406912K), 0.5638482 secs] [Times: user=4.40 sys=0.00, real=0.56 secs] 
2012-05-24T03:02:54.169+0200: 200094.960: [GC [PSYoungGen: 1591351K->563303K(1591872K)] 2929350K->1932605K(6370560K), 0.5926819 secs] [Times: user=4.40 sys=0.00, real=0.59 secs] 
2012-05-24T03:03:06.196+0200: 200106.996: [GC [PSYoungGen: 1591847K->520393K(1575552K)] 2961149K->1945214K(6354240K), 0.5448303 secs] [Times: user=4.15 sys=0.00, real=0.55 secs] 
2012-05-24T03:03:13.123+0200: 200113.928: [GC [PSYoungGen: 1351177K->541832K(1372672K)] 2775998K->1989430K(6151360K), 0.5548505 secs] [Times: user=4.38 sys=0.00, real=0.56 secs] 
2012-05-24T03:03:59.861+0200: 200160.659: [GC [PSYoungGen: 1372616K->307500K(1615296K)] 2820214K->1760506K(6393984K), 0.2647929 secs] [Times: user=2.06 sys=0.00, real=0.26 secs] 
2012-05-24T03:04:09.876+0200: 200170.668: [GC [PSYoungGen: 1126380K->58108K(1592896K)] 2579386K->1517986K(6371584K), 0.1081886 secs] [Times: user=0.75 sys=0.00, real=0.11 secs] 
2012-05-24T03:04:19.922+0200: 200180.713: [GC [PSYoungGen: 876988K->242935K(1642176K)] 2336866K->1715199K(6420864K), 0.3405771 secs] [Times: user=2.54 sys=0.00, real=0.33 secs] 
2012-05-24T03:04:36.443+0200: 200197.238: [GC [PSYoungGen: 1104631K->155606K(1608832K)] 2576895K->1629606K(6387520K), 0.1522376 secs] [Times: user=1.25 sys=0.00, real=0.16 secs] 
2012-05-24T03:04:40.390+0200: 200201.186: [GC [PSYoungGen: 1017302K->308109K(1698112K)] 2491302K->1782109K(6476800K), 0.2059955 secs] [Times: user=1.62 sys=0.00, real=0.20 secs] 
2012-05-24T03:04:57.955+0200: 200218.749: [GC [PSYoungGen: 1276301K->420474K(1659392K)] 2750301K->1897514K(6438080K), 0.4449642 secs] [Times: user=3.46 sys=0.00, real=0.44 secs] 
2012-05-24T03:05:19.858+0200: 200240.655: [GC [PSYoungGen: 1388666K->433970K(1676928K)] 2865706K->1914122K(6455616K), 0.6955432 secs] [Times: user=2.84 sys=0.00, real=0.70 secs] 
2012-05-24T03:05:33.149+0200: 200253.939: [GC [PSYoungGen: 1413362K->560617K(1540032K)] 2893514K->2041025K(6318720K), 0.5799318 secs] [Times: user=4.23 sys=0.00, real=0.58 secs] 
2012-05-24T03:05:42.743+0200: 200263.536: [GC [PSYoungGen: 1540009K->432083K(1643136K)] 3020417K->1912529K(6421824K), 0.3677259 secs] [Times: user=2.75 sys=0.00, real=0.38 secs] 
2012-05-24T03:06:12.181+0200: 200292.967: [GC [PSYoungGen: 1320147K->458972K(1634240K)] 2800593K->1939480K(6412928K), 0.4107658 secs] [Times: user=3.07 sys=0.00, real=0.40 secs] 
2012-05-24T03:06:52.445+0200: 200333.243: [GC [PSYoungGen: 1347036K->446557K(1651328K)] 2827544K->1927066K(6430016K), 0.3967291 secs] [Times: user=2.95 sys=0.00, real=0.40 secs] 
2012-05-24T03:07:17.935+0200: 200358.732: [GC [PSYoungGen: 1352157K->737975K(1643584K)] 2832666K->2238788K(6422272K), 0.7948580 secs] [Times: user=6.01 sys=0.00, real=0.80 secs] 
2012-05-24T03:07:29.370+0200: 200370.158: [GC [PSYoungGen: 1643575K->386754K(1542208K)] 3144388K->2008795K(6320896K), 0.4807953 secs] [Times: user=3.63 sys=0.00, real=0.48 secs] 
2012-05-24T03:07:46.093+0200: 200386.883: [GC [PSYoungGen: 1183234K->363595K(1592896K)] 2805275K->2261479K(6371584K), 0.7926933 secs] [Times: user=6.36 sys=0.00, real=0.80 secs] 
2012-05-24T03:07:59.993+0200: 200400.786: [GC [PSYoungGen: 1160075K->309957K(1637056K)] 3057959K->2216726K(6415744K), 0.3017770 secs] [Times: user=2.37 sys=0.00, real=0.31 secs] 
2012-05-24T03:08:19.337+0200: 200420.133: [GC [PSYoungGen: 1173957K->235311K(1616256K)] 3080726K->2142476K(6394944K), 0.2727052 secs] [Times: user=2.21 sys=0.00, real=0.28 secs] 
2012-05-24T03:08:36.560+0200: 200437.348: [GC [PSYoungGen: 1099311K->478331K(1645120K)] 3006476K->2385496K(6423808K), 0.5046478 secs] [Times: user=3.84 sys=0.00, real=0.50 secs] 
2012-05-24T03:08:55.935+0200: 200456.727: [GC [PSYoungGen: 1379771K->743934K(1645376K)] 3286936K->2656275K(6424064K), 0.7688341 secs] [Times: user=6.11 sys=0.00, real=0.76 secs] 
2012-05-24T03:09:12.066+0200: 200472.855: [GC [PSYoungGen: 1645374K->581549K(1540416K)] 3557715K->2498751K(6319104K), 0.4878515 secs] [Times: user=3.63 sys=0.00, real=0.48 secs] 
2012-05-24T03:09:25.950+0200: 200486.731: [GC [PSYoungGen: 1378029K->796387K(1592896K)] 3295231K->2744813K(6371584K), 0.7693588 secs] [Times: user=6.11 sys=0.00, real=0.76 secs] 
2012-05-24T03:09:50.161+0200: 200510.948: [GC [PSYoungGen: 1592867K->796406K(1592896K)] 3541293K->2983163K(6371584K), 1.0717938 secs] [Times: user=8.39 sys=0.00, real=1.08 secs] 
2012-05-24T03:10:01.721+0200: 200522.502: [GC [PSYoungGen: 1592886K->796387K(1592896K)] 3779643K->3172030K(6371584K), 1.1522601 secs] [Times: user=8.45 sys=0.00, real=1.15 secs] 
2012-05-24T03:10:25.511+0200: 200546.295: [GC [PSYoungGen: 1592867K->593544K(1592896K)] 3968510K->3311779K(6371584K), 1.1308477 secs] [Times: user=8.99 sys=0.00, real=1.12 secs] 
2012-05-24T03:10:32.984+0200: 200553.766: [GC [PSYoungGen: 1390024K->367052K(1592896K)] 4108259K->3350390K(6371584K), 0.9603423 secs] [Times: user=7.14 sys=0.00, real=0.95 secs] 
2012-05-24T03:10:47.242+0200: 200568.022: [GC [PSYoungGen: 1163532K->372126K(1592896K)] 4146870K->3540488K(6371584K), 0.7713556 secs] [Times: user=5.91 sys=0.00, real=0.76 secs] 
2012-05-24T03:10:58.506+0200: 200579.297: [GC [PSYoungGen: 1168606K->459127K(1592896K)] 4336968K->3792008K(6371584K), 0.6484397 secs] [Times: user=5.24 sys=0.00, real=0.65 secs] 
2012-05-24T03:11:23.747+0200: 200604.526: [GC [PSYoungGen: 1255607K->64134K(1592896K)] 4588488K->3772431K(6371584K), 1.1328926 secs] [Times: user=8.99 sys=0.00, real=1.12 secs] 
2012-05-24T03:11:47.163+0200: 200627.944: [GC [PSYoungGen: 860614K->45339K(1592896K)] 4568911K->3762544K(6371584K), 0.0839121 secs] [Times: user=0.62 sys=0.00, real=0.08 secs] 
2012-05-24T03:12:03.855+0200: 200644.644: [GC [PSYoungGen: 841819K->177676K(1592896K)] 4559024K->3899519K(6371584K), 0.1900045 secs] [Times: user=1.61 sys=0.00, real=0.20 secs] 
2012-05-24T03:12:09.830+0200: 200650.610: [GC [PSYoungGen: 974156K->84080K(1592896K)] 4695999K->3889226K(6371584K), 0.2144377 secs] [Times: user=1.75 sys=0.00, real=0.22 secs] 
2012-05-24T03:12:26.475+0200: 200667.256: [GC [PSYoungGen: 880560K->161730K(1592896K)] 4685706K->4046595K(6371584K), 0.3222924 secs] [Times: user=2.62 sys=0.00, real=0.33 secs] 
2012-05-24T03:12:37.614+0200: 200678.394: [GC [PSYoungGen: 958210K->387427K(1592896K)] 4843075K->4393463K(6371584K), 0.6809894 secs] [Times: user=5.15 sys=0.00, real=0.69 secs] 
2012-05-24T03:12:47.972+0200: 200688.754: [GC [PSYoungGen: 1183907K->102535K(1592896K)] 5189943K->4398815K(6371584K), 1.0588158 secs] [Times: user=8.13 sys=0.00, real=1.06 secs] 
2012-05-24T03:13:01.716+0200: 200702.503: [GC [PSYoungGen: 899015K->82873K(1592896K)] 5195295K->4442698K(6371584K), 0.2828042 secs] [Times: user=2.22 sys=0.00, real=0.30 secs] 
2012-05-24T03:13:18.096+0200: 200718.882: [GC [PSYoungGen: 869621K->160515K(1592896K)] 5229447K->4523037K(6371584K), 0.2051430 secs] [Times: user=1.23 sys=0.00, real=0.20 secs] 
2012-05-24T03:13:22.620+0200: 200723.407: [GC [PSYoungGen: 956995K->87370K(1592896K)] 5319517K->4513602K(6371584K), 0.1966589 secs] [Times: user=1.62 sys=0.00, real=0.20 secs] 
2012-05-24T03:13:22.823+0200: 200723.604: [Full GC [PSYoungGen: 87370K->0K(1592896K)] [PSOldGen: 4426231K->1722224K(4778688K)] 4513602K->1722224K(6371584K) [PSPermGen: 113275K->113275K(393216K)], 7.8628067 secs] [Times: user=7.86 sys=0.00, real=7.86 secs] 
2012-05-24T03:13:47.347+0200: 200748.134: [GC [PSYoungGen: 796480K->154274K(1592896K)] 2518704K->1876499K(6371584K), 0.2095922 secs] [Times: user=1.58 sys=0.02, real=0.22 secs] 
2012-05-24T03:14:01.558+0200: 200762.342: [GC [PSYoungGen: 950754K->387831K(1592896K)] 2672979K->2223899K(6371584K), 0.6316935 secs] [Times: user=5.06 sys=0.00, real=0.64 secs] 
2012-05-24T03:14:09.359+0200: 200770.133: [GC [PSYoungGen: 1184311K->91376K(1592896K)] 3020379K->2211752K(6371584K), 0.9744942 secs] [Times: user=7.71 sys=0.00, real=0.97 secs] 
2012-05-24T03:14:21.261+0200: 200782.033: [GC [PSYoungGen: 887856K->14016K(1592896K)] 3008232K->2225673K(6371584K), 0.2960407 secs] [Times: user=2.15 sys=0.00, real=0.30 secs] 
2012-05-24T03:14:33.866+0200: 200794.641: [GC [PSYoungGen: 810496K->162247K(1638272K)] 3022153K->2385465K(6416960K), 0.1644219 secs] [Times: user=1.25 sys=0.00, real=0.16 secs] 
2012-05-24T03:14:38.703+0200: 200799.482: [GC [PSYoungGen: 1005255K->96234K(1594048K)] 3228473K->2392545K(6372736K), 0.2301947 secs] [Times: user=1.64 sys=0.00, real=0.23 secs] 
2012-05-24T03:14:56.736+0200: 200817.513: [GC [PSYoungGen: 939242K->163010K(1710976K)] 3235553K->2554584K(6489664K), 0.3250024 secs] [Times: user=2.62 sys=0.00, real=0.33 secs] 
2012-05-24T03:15:16.923+0200: 200837.694: [GC [PSYoungGen: 1153346K->404768K(1668672K)] 3544920K->2916520K(6447360K), 0.8427234 secs] [Times: user=4.87 sys=0.00, real=0.84 secs] 
2012-05-24T03:15:23.740+0200: 200844.514: [GC [PSYoungGen: 1395104K->73958K(1706688K)] 3906856K->2922889K(6485376K), 1.0560864 secs] [Times: user=7.58 sys=0.00, real=1.05 secs] 
2012-05-24T03:15:33.912+0200: 200854.692: [GC [PSYoungGen: 1076518K->154154K(1685184K)] 3925449K->3059444K(6463872K), 0.3791714 secs] [Times: user=2.75 sys=0.00, real=0.39 secs] 
2012-05-24T03:15:39.028+0200: 200859.811: [GC [PSYoungGen: 1156714K->129088K(1774592K)] 4062004K->3160639K(6553280K), 0.2991259 secs] [Times: user=2.50 sys=0.00, real=0.31 secs] 
2012-05-24T03:16:01.571+0200: 200882.346: [GC [PSYoungGen: 1258176K->199682K(1743808K)] 4289727K->3360365K(6522496K), 0.3949054 secs] [Times: user=3.12 sys=0.00, real=0.39 secs] 
2012-05-24T03:16:16.999+0200: 200897.767: [GC [PSYoungGen: 1328770K->441671K(1711104K)] 4489453K->3738994K(6489792K), 0.7811536 secs] [Times: user=6.08 sys=0.00, real=0.78 secs] 
2012-05-24T03:21:19.347+0200: 201200.109: [GC [PSYoungGen: 1579271K->4182K(1763456K)] 4876594K->3658146K(6542144K), 1.1124954 secs] [Times: user=8.81 sys=0.00, real=1.11 secs] 
2012-05-24T03:21:21.734+0200: 201202.499: [GC [PSYoungGen: 1141782K->7199K(1775680K)] 4795746K->3664790K(6554368K), 0.0294563 secs] [Times: user=0.25 sys=0.00, real=0.03 secs] 
2012-05-24T03:21:25.119+0200: 201205.886: [GC [PSYoungGen: 1158358K->22671K(1766464K)] 4815950K->3687490K(6545152K), 0.0479427 secs] [Times: user=0.38 sys=0.00, real=0.05 secs] 
2012-05-24T03:22:15.601+0200: 201256.365: [GC [PSYoungGen: 1175503K->253438K(1802560K)] 4840322K->3938239K(6581248K), 0.3707748 secs] [Times: user=2.78 sys=0.00, real=0.38 secs] 
2012-05-24T03:22:37.831+0200: 201278.591: [GC [PSYoungGen: 1447629K->280414K(1791808K)] 5132430K->3965215K(6570496K), 0.2791896 secs] [Times: user=2.11 sys=0.00, real=0.28 secs] 
2012-05-24T03:22:46.490+0200: 201287.256: [GC [PSYoungGen: 1485470K->454101K(1685568K)] 5170271K->4138903K(6464256K), 0.4610084 secs] [Times: user=3.74 sys=0.00, real=0.47 secs] 
2012-05-24T03:23:06.973+0200: 201307.735: [GC [PSYoungGen: 1554965K->423659K(1524544K)] 5239767K->4208131K(6303232K), 0.5400796 secs] [Times: user=4.02 sys=0.00, real=0.55 secs] 
2012-05-24T03:25:24.431+0200: 201445.187: [GC [PSYoungGen: 1524523K->359103K(1706176K)] 5308995K->4273056K(6484864K), 0.5903099 secs] [Times: user=3.96 sys=0.00, real=0.59 secs] 
2012-05-24T03:26:30.794+0200: 201511.549: [GC [PSYoungGen: 1385983K->306729K(1708096K)] 5299936K->4220682K(6486784K), 0.3244735 secs] [Times: user=2.29 sys=0.00, real=0.33 secs] 
2012-05-24T03:32:04.467+0200: 201845.219: [GC [PSYoungGen: 1333609K->316019K(1746240K)] 5247562K->4229971K(6524928K), 0.6376730 secs] [Times: user=5.10 sys=0.00, real=0.64 secs] 
2012-05-24T03:35:26.677+0200: 202047.417: [GC [PSYoungGen: 1402035K->379632K(1729088K)] 5315987K->4293585K(6507776K), 0.6429081 secs] [Times: user=5.07 sys=0.00, real=0.64 secs] 
2012-05-24T03:38:31.835+0200: 202232.562: [GC [PSYoungGen: 1465648K->316051K(1760832K)] 5379601K->4230003K(6539520K), 0.6181708 secs] [Times: user=4.87 sys=0.00, real=0.61 secs] 
2012-05-24T03:40:31.817+0200: 202352.554: [GC [PSYoungGen: 1427411K->320142K(1739840K)] 5341363K->4234095K(6518528K), 0.6294638 secs] [Times: user=5.12 sys=0.00, real=0.64 secs] 
2012-05-24T03:40:33.704+0200: 202354.436: [GC [PSYoungGen: 1431502K->326509K(1795136K)] 5345455K->4240462K(6573824K), 0.6213943 secs] [Times: user=4.99 sys=0.00, real=0.62 secs] 
2012-05-24T03:41:04.936+0200: 202385.665: [GC [PSYoungGen: 1511853K->205460K(1779520K)] 5425806K->4359155K(6558208K), 0.8030626 secs] [Times: user=5.97 sys=0.00, real=0.81 secs] 
2012-05-24T03:41:52.095+0200: 202432.818: [GC [PSYoungGen: 1390804K->325544K(1824576K)] 5544499K->4479879K(6603264K), 0.3735948 secs] [Times: user=2.98 sys=0.00, real=0.38 secs] 
2012-05-24T03:42:11.673+0200: 202452.404: [GC [PSYoungGen: 1573544K->345828K(1812736K)] 5727879K->4557954K(6591424K), 0.5070593 secs] [Times: user=3.88 sys=0.00, real=0.51 secs] 
2012-05-24T03:42:31.253+0200: 202471.980: [GC [PSYoungGen: 1593828K->267594K(1852864K)] 5805954K->4479996K(6631552K), 0.3360087 secs] [Times: user=2.50 sys=0.00, real=0.34 secs] 
2012-05-24T03:42:49.427+0200: 202490.155: [GC [PSYoungGen: 1560202K->278224K(1829056K)] 5772604K->4549485K(6607744K), 0.3719217 secs] [Times: user=2.96 sys=0.00, real=0.37 secs] 
2012-05-24T03:43:07.554+0200: 202508.287: [GC [PSYoungGen: 1570832K->395639K(1840320K)] 5842093K->4727221K(6619008K), 0.5434787 secs] [Times: user=4.01 sys=0.02, real=0.55 secs] 
2012-05-24T03:43:21.173+0200: 202521.903: [GC [PSYoungGen: 1723319K->270971K(1858496K)] 6054901K->4603156K(6637184K), 0.2235936 secs] [Times: user=1.87 sys=0.00, real=0.23 secs] 
2012-05-24T03:43:42.093+0200: 202542.825: [GC [PSYoungGen: 1598651K->262982K(1894272K)] 5930836K->4761327K(6672960K), 0.5084125 secs] [Times: user=4.02 sys=0.00, real=0.52 secs] 
2012-05-24T03:45:28.253+0200: 202648.976: [GC [PSYoungGen: 1645638K->63911K(1446592K)] 6143983K->4814400K(6225280K), 0.4381353 secs] [Times: user=3.35 sys=0.00, real=0.44 secs] 
2012-05-24T03:45:28.689+0200: 202649.414: [Full GC [PSYoungGen: 63911K->0K(1446592K)] [PSOldGen: 4750489K->1599045K(4778688K)] 4814400K->1599045K(6225280K) [PSPermGen: 113284K->113284K(393216K)], 8.2189207 secs] [Times: user=8.22 sys=0.00, real=8.22 secs] 
2012-05-24T03:49:35.110+0200: 202895.821: [GC [PSYoungGen: 1382656K->125341K(1876544K)] 2981701K->1724386K(6655232K), 0.4043045 secs] [Times: user=3.10 sys=0.00, real=0.41 secs] 
2012-05-24T03:55:23.199+0200: 203243.895: [GC [PSYoungGen: 1488797K->204528K(1876224K)] 3087842K->1803573K(6654912K), 0.4106609 secs] [Times: user=3.21 sys=0.00, real=0.41 secs] 
2012-05-24T03:57:05.256+0200: 203345.962: [GC [PSYoungGen: 1567984K->185011K(1907968K)] 3167029K->1784056K(6686656K), 0.3494617 secs] [Times: user=2.87 sys=0.00, real=0.36 secs] 
2012-05-24T04:05:23.807+0200: 203844.488: [GC [PSYoungGen: 1597747K->232368K(1894080K)] 3196792K->1831413K(6672768K), 0.3039223 secs] [Times: user=2.35 sys=0.00, real=0.30 secs] 
2012-05-24T04:05:49.516+0200: 203870.200: [GC [PSYoungGen: 1645104K->188787K(1942976K)] 3244149K->1787832K(6721664K), 0.3539626 secs] [Times: user=2.87 sys=0.00, real=0.36 secs] 
2012-05-24T04:05:51.544+0200: 203872.219: [GC [PSYoungGen: 1672627K->197068K(1930176K)] 3271672K->1796113K(6708864K), 0.3485790 secs] [Times: user=2.75 sys=0.00, real=0.34 secs] 
2012-05-24T04:06:22.370+0200: 203903.054: [GC [PSYoungGen: 1680908K->219814K(1975296K)] 3279953K->1942909K(6753984K), 0.4315219 secs] [Times: user=3.12 sys=0.00, real=0.44 secs] 
2012-05-24T04:07:16.222+0200: 203956.903: [GC [PSYoungGen: 1763174K->278715K(1957376K)] 3486269K->2058601K(6736064K), 0.3390053 secs] [Times: user=2.64 sys=0.00, real=0.34 secs] 
2012-05-24T04:07:36.409+0200: 203977.092: [GC [PSYoungGen: 1822075K->413416K(1837376K)] 3601961K->2250834K(6616064K), 0.4856361 secs] [Times: user=3.81 sys=0.00, real=0.48 secs] 
2012-05-24T04:11:23.205+0200: 204203.869: [GC [PSYoungGen: 1837352K->443266K(1867264K)] 3674770K->2331746K(6645952K), 0.4952825 secs] [Times: user=3.74 sys=0.00, real=0.48 secs] 
2012-05-24T04:15:30.842+0200: 204451.499: [GC [PSYoungGen: 1867202K->175417K(1868544K)] 3755682K->2420470K(6647232K), 0.6381400 secs] [Times: user=4.71 sys=0.00, real=0.62 secs] 
2012-05-24T04:17:58.358+0200: 204599.011: [GC [PSYoungGen: 1521913K->118665K(1867264K)] 3766966K->2363717K(6645952K), 0.2837033 secs] [Times: user=2.25 sys=0.00, real=0.28 secs] 
2012-05-24T04:25:23.946+0200: 205044.586: [GC [PSYoungGen: 1465161K->169767K(1881344K)] 3710213K->2414820K(6660032K), 0.1860253 secs] [Times: user=1.36 sys=0.00, real=0.19 secs] 
2012-05-24T04:26:49.108+0200: 205129.754: [GC [PSYoungGen: 1530407K->120272K(1868608K)] 3775460K->2365325K(6647296K), 0.2209200 secs] [Times: user=1.75 sys=0.00, real=0.22 secs] 
2012-05-24T04:26:50.855+0200: 205131.495: [GC [PSYoungGen: 1480912K->127971K(1896064K)] 3725965K->2373024K(6674752K), 0.2114876 secs] [Times: user=1.62 sys=0.00, real=0.20 secs] 
2012-05-24T04:27:00.917+0200: 205141.558: [GC [PSYoungGen: 1521379K->97991K(1886656K)] 3766432K->2402991K(6665344K), 0.2467361 secs] [Times: user=2.00 sys=0.00, real=0.25 secs] 
2012-05-24T04:27:52.756+0200: 205193.404: [GC [PSYoungGen: 1490392K->256255K(1912576K)] 3795392K->2602441K(6691264K), 0.3562031 secs] [Times: user=2.79 sys=0.00, real=0.36 secs] 
2012-05-24T04:28:10.073+0200: 205210.712: [GC [PSYoungGen: 1681791K->339431K(1764992K)] 4027977K->2685921K(6543680K), 0.4228488 secs] [Times: user=3.37 sys=0.00, real=0.42 secs] 
2012-05-24T04:28:29.308+0200: 205229.943: [GC [PSYoungGen: 1764967K->256893K(1908160K)] 4111457K->2722431K(6686848K), 0.3072681 secs] [Times: user=2.34 sys=0.00, real=0.30 secs] 
2012-05-24T04:28:51.429+0200: 205252.072: [GC [PSYoungGen: 1668157K->265932K(1892416K)] 4133695K->2886397K(6671104K), 0.4832211 secs] [Times: user=3.87 sys=0.00, real=0.48 secs] 
2012-05-24T04:34:09.142+0200: 205569.765: [GC [PSYoungGen: 1677196K->41545K(1901952K)] 4297661K->2873960K(6680640K), 0.7111512 secs] [Times: user=5.52 sys=0.00, real=0.70 secs] 
2012-05-24T04:35:32.214+0200: 205652.845: [GC [PSYoungGen: 1474057K->238452K(1910912K)] 4306472K->3070867K(6689600K), 0.3407886 secs] [Times: user=2.45 sys=0.00, real=0.34 secs] 
2012-05-24T04:44:36.957+0200: 206197.571: [GC [PSYoungGen: 1670964K->71619K(1928000K)] 4503379K->2904034K(6706688K), 0.0826710 secs] [Times: user=0.75 sys=0.00, real=0.09 secs] 
2012-05-24T04:44:38.704+0200: 206199.309: [GC [PSYoungGen: 1538563K->80224K(1928128K)] 4370978K->2912640K(6706816K), 0.0841394 secs] [Times: user=0.62 sys=0.00, real=0.08 secs] 
2012-05-24T04:44:45.646+0200: 206206.255: [GC [PSYoungGen: 1547168K->50682K(1936320K)] 4379584K->2919194K(6715008K), 0.0970282 secs] [Times: user=0.75 sys=0.00, real=0.09 secs] 
2012-05-24T04:44:51.309+0200: 206211.911: [GC [PSYoungGen: 1531066K->50169K(1933376K)] 4399578K->2918682K(6712064K), 0.0501852 secs] [Times: user=0.31 sys=0.00, real=0.05 secs] 
2012-05-24T04:44:57.097+0200: 206217.707: [GC [PSYoungGen: 1530553K->51684K(1952064K)] 4399066K->2920197K(6730752K), 0.0501105 secs] [Times: user=0.28 sys=0.00, real=0.05 secs] 
2012-05-24T04:45:02.760+0200: 206223.370: [GC [PSYoungGen: 1557156K->51562K(1942720K)] 4425669K->2920075K(6721408K), 0.0538275 secs] [Times: user=0.41 sys=0.00, real=0.06 secs] 
2012-05-24T04:45:16.020+0200: 206236.630: [GC [PSYoungGen: 1557034K->54173K(1976896K)] 4425547K->2922686K(6755584K), 0.0856344 secs] [Times: user=0.39 sys=0.00, real=0.09 secs] 
2012-05-24T04:45:25.614+0200: 206246.215: [GC [PSYoungGen: 1605213K->158487K(1963456K)] 4473726K->3027000K(6742144K), 0.2017194 secs] [Times: user=1.50 sys=0.00, real=0.19 secs] 
2012-05-24T04:45:36.955+0200: 206257.557: [GC [PSYoungGen: 1048469K->54634K(2007488K)] 3916981K->2923147K(6786176K), 0.0551423 secs] [Times: user=0.36 sys=0.00, real=0.05 secs] 
2012-05-24T04:45:37.002+0200: 206257.613: [Full GC (System) [PSYoungGen: 54634K->0K(2007488K)] [PSOldGen: 2868512K->1548020K(4778688K)] 2923147K->1548020K(6786176K) [PSPermGen: 113294K->113294K(393216K)], 6.4026114 secs] [Times: user=6.41 sys=0.00, real=6.41 secs] 
2012-05-24T04:47:13.599+0200: 206354.200: [GC [PSYoungGen: 1613632K->258648K(1872320K)] 3161652K->1806669K(6651008K), 0.3381759 secs] [Times: user=2.56 sys=0.00, real=0.33 secs] 
2012-05-24T04:47:34.253+0200: 206374.861: [GC [PSYoungGen: 1872280K->260339K(1948736K)] 3420301K->1808359K(6727424K), 0.3175786 secs] [Times: user=2.26 sys=0.00, real=0.33 secs] 
2012-05-24T04:47:58.355+0200: 206398.961: [GC [PSYoungGen: 1804211K->137689K(1966592K)] 3352231K->1685710K(6745280K), 0.1600009 secs] [Times: user=0.80 sys=0.00, real=0.16 secs] 
2012-05-24T04:48:08.355+0200: 206408.960: [GC [PSYoungGen: 1681561K->380832K(1870592K)] 3229582K->1928853K(6649280K), 0.3386515 secs] [Times: user=2.74 sys=0.00, real=0.34 secs] 
2012-05-24T04:48:33.612+0200: 206434.209: [GC [PSYoungGen: 1853152K->458474K(1930816K)] 3401173K->2083811K(6709504K), 0.5424306 secs] [Times: user=4.24 sys=0.00, real=0.53 secs] 
2012-05-24T04:55:23.585+0200: 206844.181: [GC [PSYoungGen: 1930794K->458479K(1559744K)] 3556131K->2147885K(6338432K), 0.5585578 secs] [Times: user=4.23 sys=0.00, real=0.56 secs] 
2012-05-24T04:55:38.390+0200: 206858.980: [GC [PSYoungGen: 1559727K->616958K(1718208K)] 3249133K->2306363K(6496896K), 0.6936519 secs] [Times: user=5.41 sys=0.00, real=0.70 secs] 
2012-05-24T05:02:34.868+0200: 207275.446: [GC [PSYoungGen: 1718206K->573660K(1467584K)] 3407611K->2263066K(6246272K), 0.5685073 secs] [Times: user=4.21 sys=0.00, real=0.58 secs] 
2012-05-24T05:05:24.443+0200: 207445.014: [GC [PSYoungGen: 1370140K->617390K(1592896K)] 3059546K->2306796K(6371584K), 0.6012685 secs] [Times: user=4.65 sys=0.00, real=0.61 secs] 
2012-05-24T05:05:33.272+0200: 207453.838: [GC [PSYoungGen: 1413870K->754872K(1592896K)] 3103276K->2444277K(6371584K), 0.7549356 secs] [Times: user=5.94 sys=0.00, real=0.75 secs] 
2012-05-24T05:06:27.967+0200: 207508.542: [GC [PSYoungGen: 1551352K->458526K(1592896K)] 3240757K->2266794K(6371584K), 0.5661245 secs] [Times: user=4.40 sys=0.00, real=0.58 secs] 
2012-05-24T05:06:29.433+0200: 207509.999: [GC [PSYoungGen: 1255006K->463104K(1592896K)] 3063274K->2271420K(6371584K), 0.4323293 secs] [Times: user=3.26 sys=0.00, real=0.44 secs] 
2012-05-24T05:06:30.759+0200: 207511.324: [GC [PSYoungGen: 1259584K->184679K(1592896K)] 3067900K->2277250K(6371584K), 0.5739948 secs] [Times: user=3.99 sys=0.00, real=0.58 secs] 
2012-05-24T05:06:40.103+0200: 207520.672: [GC [PSYoungGen: 981159K->71827K(1592896K)] 3073730K->2303279K(6371584K), 0.2409470 secs] [Times: user=1.81 sys=0.00, real=0.23 secs] 
2012-05-24T05:08:17.839+0200: 207618.399: [GC [PSYoungGen: 868307K->216033K(1592896K)] 3099759K->2480883K(6371584K), 0.3455143 secs] [Times: user=2.47 sys=0.00, real=0.34 secs] 
2012-05-24T05:09:00.100+0200: 207660.670: [GC [PSYoungGen: 1012513K->137232K(1592896K)] 3277363K->2402402K(6371584K), 0.1740980 secs] [Times: user=1.14 sys=0.00, real=0.19 secs] 
2012-05-24T05:09:09.179+0200: 207669.741: [GC [PSYoungGen: 933712K->261067K(1592896K)] 3198882K->2526236K(6371584K), 0.3150212 secs] [Times: user=2.48 sys=0.00, real=0.31 secs] 
2012-05-24T05:09:16.823+0200: 207677.383: [GC [PSYoungGen: 1057547K->183504K(1618752K)] 3322716K->2533307K(6397440K), 0.2851005 secs] [Times: user=2.22 sys=0.00, real=0.28 secs] 
2012-05-24T05:09:24.576+0200: 207685.145: [GC [PSYoungGen: 1005840K->18847K(1592896K)] 3355643K->2537762K(6371584K), 0.2429361 secs] [Times: user=1.95 sys=0.00, real=0.25 secs] 
2012-05-24T05:09:36.979+0200: 207697.536: [GC [PSYoungGen: 841183K->89060K(1639360K)] 3360098K->2608055K(6418048K), 0.1470225 secs] [Times: user=1.08 sys=0.00, real=0.14 secs] 
2012-05-24T05:09:46.042+0200: 207706.610: [GC [PSYoungGen: 958500K->232873K(1619392K)] 3477495K->2829134K(6398080K), 0.4171816 secs] [Times: user=3.20 sys=0.00, real=0.42 secs] 
2012-05-24T05:10:18.459+0200: 207739.014: [GC [PSYoungGen: 1102313K->160934K(1717312K)] 3698574K->2948792K(6496000K), 0.5423922 secs] [Times: user=4.16 sys=0.00, real=0.53 secs] 
2012-05-24T05:10:30.846+0200: 207751.406: [GC [PSYoungGen: 1175526K->177007K(1686592K)] 3963384K->3002063K(6465280K), 0.2960489 secs] [Times: user=2.37 sys=0.00, real=0.30 secs] 
2012-05-24T05:10:44.964+0200: 207765.529: [GC [PSYoungGen: 1191599K->146912K(1776064K)] 4016655K->2972336K(6554752K), 0.1636278 secs] [Times: user=1.20 sys=0.00, real=0.17 secs] 
2012-05-24T05:10:50.752+0200: 207771.306: [GC [PSYoungGen: 1283680K->172352K(1750016K)] 4109104K->3137164K(6528704K), 0.3259993 secs] [Times: user=2.50 sys=0.00, real=0.31 secs] 
2012-05-24T05:11:11.453+0200: 207792.011: [GC [PSYoungGen: 1309120K->127308K(1826944K)] 4273932K->3263073K(6605632K), 0.3959437 secs] [Times: user=2.95 sys=0.00, real=0.39 secs] 
2012-05-24T05:15:21.634+0200: 208042.191: [GC [PSYoungGen: 1371020K->43237K(1806080K)] 4506785K->3306435K(6584768K), 0.2996891 secs] [Times: user=2.04 sys=0.00, real=0.31 secs] 
2012-05-24T05:15:35.440+0200: 208055.999: [GC [PSYoungGen: 1286949K->154735K(1863488K)] 4550147K->3450757K(6642176K), 0.2505693 secs] [Times: user=1.97 sys=0.02, real=0.26 secs] 
2012-05-24T05:22:52.667+0200: 208493.203: [GC [PSYoungGen: 1462703K->65033K(1833792K)] 4758725K->3498036K(6612480K), 0.4835733 secs] [Times: user=3.87 sys=0.00, real=0.48 secs] 
2012-05-24T05:25:29.386+0200: 208649.917: [GC [PSYoungGen: 1373001K->180433K(1908352K)] 4806004K->3613435K(6687040K), 0.2714682 secs] [Times: user=1.84 sys=0.00, real=0.27 secs] 
2012-05-24T05:31:30.874+0200: 209011.390: [GC [PSYoungGen: 1575441K->67343K(1875968K)] 5008443K->3500346K(6654656K), 0.0753372 secs] [Times: user=0.50 sys=0.00, real=0.06 secs] 
2012-05-24T05:31:40.656+0200: 209021.179: [GC [PSYoungGen: 1462351K->73774K(1934592K)] 4895354K->3506777K(6713280K), 0.0785587 secs] [Times: user=0.62 sys=0.00, real=0.08 secs] 
2012-05-24T05:31:50.452+0200: 209030.978: [GC [PSYoungGen: 1539054K->115647K(1920000K)] 4972057K->3548650K(6698688K), 0.1430223 secs] [Times: user=0.97 sys=0.00, real=0.14 secs] 
2012-05-24T05:32:55.458+0200: 209095.975: [GC [PSYoungGen: 1580927K->379563K(1845312K)] 5013930K->3812565K(6624000K), 0.4525191 secs] [Times: user=3.59 sys=0.00, real=0.45 secs] 
2012-05-24T05:33:07.455+0200: 209107.975: [GC [PSYoungGen: 1792875K->470256K(1883584K)] 5225877K->3903258K(6662272K), 0.3639500 secs] [Times: user=2.87 sys=0.00, real=0.36 secs] 
2012-05-24T05:33:31.760+0200: 209132.277: [GC [PSYoungGen: 1883568K->505717K(1539648K)] 5316570K->4038036K(6318336K), 0.6759775 secs] [Times: user=5.24 sys=0.00, real=0.67 secs] 
2012-05-24T05:35:21.726+0200: 209242.234: [GC [PSYoungGen: 1539637K->480121K(1514048K)] 5071956K->4077014K(6292736K), 0.5491607 secs] [Times: user=4.06 sys=0.00, real=0.55 secs] 
2012-05-24T05:35:32.069+0200: 209252.580: [GC [PSYoungGen: 1514041K->634827K(1517888K)] 5110934K->4231719K(6296576K), 0.6691624 secs] [Times: user=5.18 sys=0.00, real=0.67 secs] 
2012-05-24T05:39:06.837+0200: 209467.343: [GC [PSYoungGen: 1431307K->453756K(1592896K)] 5028199K->4050673K(6371584K), 0.4520726 secs] [Times: user=3.42 sys=0.00, real=0.45 secs] 
2012-05-24T05:42:45.552+0200: 209686.046: [GC [PSYoungGen: 1250236K->358748K(1608640K)] 4847153K->4074655K(6387328K), 0.4904012 secs] [Times: user=3.87 sys=0.00, real=0.48 secs] 
2012-05-24T05:45:23.316+0200: 209843.814: [GC [PSYoungGen: 1170972K->409180K(1592896K)] 4886879K->4125087K(6371584K), 0.3932389 secs] [Times: user=3.09 sys=0.00, real=0.39 secs] 
2012-05-24T05:45:34.549+0200: 209855.044: [GC [PSYoungGen: 1221404K->553267K(1563072K)] 4937311K->4269174K(6341760K), 0.5692067 secs] [Times: user=4.46 sys=0.00, real=0.56 secs] 
2012-05-24T05:45:43.456+0200: 209863.945: [GC [PSYoungGen: 969363K->275765K(1592896K)] 4685270K->4288707K(6371584K), 0.6038894 secs] [Times: user=4.74 sys=0.00, real=0.59 secs] 
2012-05-24T05:45:44.049+0200: 209864.550: [Full GC (System) [PSYoungGen: 275765K->0K(1592896K)] [PSOldGen: 4012942K->1539304K(4778688K)] 4288707K->1539304K(6371584K) [PSPermGen: 113305K->113223K(393216K)], 8.6467373 secs] [Times: user=8.66 sys=0.00, real=8.66 secs] 
2012-05-24T05:48:19.271+0200: 210019.767: [GC [PSYoungGen: 796480K->12768K(1587904K)] 2335784K->1552072K(6366592K), 0.0511258 secs] [Times: user=0.37 sys=0.00, real=0.06 secs] 
2012-05-24T05:48:53.794+0200: 210054.279: [GC [PSYoungGen: 827424K->24834K(839552K)] 2366728K->1564139K(5618240K), 0.0339997 secs] [Times: user=0.25 sys=0.00, real=0.03 secs] 
2012-05-24T05:49:56.882+0200: 210117.374: [GC [PSYoungGen: 839490K->40969K(1609408K)] 2378795K->1580274K(6388096K), 0.0599381 secs] [Times: user=0.50 sys=0.00, real=0.06 secs] 
2012-05-24T05:51:03.151+0200: 210183.639: [GC [PSYoungGen: 861359K->34369K(1600320K)] 2400664K->1573674K(6379008K), 0.0557485 secs] [Times: user=0.37 sys=0.00, real=0.06 secs] 
2012-05-24T05:51:42.635+0200: 210223.118: [GC [PSYoungGen: 854785K->40768K(1642432K)] 2394090K->1580072K(6421120K), 0.0458436 secs] [Times: user=0.37 sys=0.00, real=0.05 secs] 
2012-05-24T05:52:38.749+0200: 210279.232: [GC [PSYoungGen: 916928K->53666K(1623040K)] 2456232K->1592971K(6401728K), 0.0674393 secs] [Times: user=0.50 sys=0.00, real=0.06 secs] 
2012-05-24T05:52:57.173+0200: 210297.660: [GC [PSYoungGen: 929826K->54716K(1694528K)] 2469131K->1594021K(6473216K), 0.0637105 secs] [Times: user=0.50 sys=0.00, real=0.06 secs] 
2012-05-24T05:52:58.343+0200: 210298.821: [GC [PSYoungGen: 1027388K->60083K(1667456K)] 2566693K->1599388K(6446144K), 0.0576628 secs] [Times: user=0.37 sys=0.00, real=0.05 secs] 
2012-05-24T05:53:00.449+0200: 210300.927: [GC [PSYoungGen: 1032755K->52976K(1752384K)] 2572060K->1592281K(6531072K), 0.0548008 secs] [Times: user=0.38 sys=0.00, real=0.05 secs] 
2012-05-24T05:53:31.884+0200: 210332.359: [GC [PSYoungGen: 1139888K->147661K(1723840K)] 2679193K->1686966K(6502528K), 0.1936939 secs] [Times: user=1.44 sys=0.00, real=0.19 secs] 
2012-05-24T05:54:23.910+0200: 210384.387: [GC [PSYoungGen: 1234573K->142657K(1837504K)] 2773878K->1681962K(6616192K), 0.1580661 secs] [Times: user=1.06 sys=0.00, real=0.17 secs] 
2012-05-24T05:55:28.214+0200: 210448.686: [GC [PSYoungGen: 1388289K->226343K(1797440K)] 2927594K->1765648K(6576128K), 0.2941258 secs] [Times: user=1.98 sys=0.00, real=0.30 secs] 
2012-05-24T05:56:14.157+0200: 210494.629: [GC [PSYoungGen: 1471975K->185367K(1881664K)] 3011280K->1724672K(6660352K), 0.1895053 secs] [Times: user=1.33 sys=0.00, real=0.19 secs] 
2012-05-24T05:56:35.545+0200: 210516.023: [GC [PSYoungGen: 1529559K->311913K(1851840K)] 3068864K->1851218K(6630528K), 0.3031466 secs] [Times: user=2.14 sys=0.00, real=0.31 secs] 
2012-05-24T05:57:28.039+0200: 210568.517: [GC [PSYoungGen: 1656105K->288499K(1852416K)] 3195410K->1827804K(6631104K), 0.3115780 secs] [Times: user=2.11 sys=0.00, real=0.31 secs] 
2012-05-24T05:57:58.616+0200: 210599.087: [GC [PSYoungGen: 1613875K->404881K(1730304K)] 3153180K->1948648K(6508992K), 0.3960497 secs] [Times: user=3.12 sys=0.00, real=0.39 secs] 
2012-05-24T05:58:07.461+0200: 210607.940: [GC [PSYoungGen: 1730257K->335915K(1794944K)] 3274024K->1881826K(6573632K), 0.2747040 secs] [Times: user=2.01 sys=0.00, real=0.28 secs] 
2012-05-24T05:58:15.074+0200: 210615.539: [GC [PSYoungGen: 1554283K->568245K(1786624K)] 3100194K->2125136K(6565312K), 0.5579229 secs] [Times: user=4.37 sys=0.00, real=0.55 secs] 
2012-05-24T05:58:27.726+0200: 210628.193: [GC [PSYoungGen: 1786613K->190041K(1698944K)] 3343504K->1752108K(6477632K), 0.2183073 secs] [Times: user=1.19 sys=0.00, real=0.22 secs] 
2012-05-24T05:58:37.710+0200: 210638.180: [GC [PSYoungGen: 1286297K->283873K(1742784K)] 2848364K->1845956K(6521472K), 0.3304833 secs] [Times: user=2.62 sys=0.00, real=0.33 secs] 
2012-05-24T05:58:43.092+0200: 210643.565: [GC [PSYoungGen: 1380129K->325029K(1781568K)] 2942212K->1887512K(6560256K), 0.3073710 secs] [Times: user=2.50 sys=0.00, real=0.31 secs] 
2012-05-24T05:58:48.630+0200: 210649.105: [GC [PSYoungGen: 1488037K->345902K(1770752K)] 3050520K->1953311K(6549440K), 0.3579152 secs] [Times: user=2.87 sys=0.00, real=0.36 secs] 
2012-05-24T05:58:55.588+0200: 210656.056: [GC [PSYoungGen: 1508910K->311115K(1803968K)] 3116319K->1924086K(6582656K), 0.2616309 secs] [Times: user=1.92 sys=0.00, real=0.26 secs] 
2012-05-24T05:59:06.055+0200: 210666.519: [GC [PSYoungGen: 1511179K->185604K(1785408K)] 3124150K->1849184K(6564096K), 0.2501925 secs] [Times: user=1.64 sys=0.00, real=0.25 secs] 
2012-05-24T05:59:13.512+0200: 210673.985: [GC [PSYoungGen: 1385668K->423001K(1764416K)] 3049248K->2105773K(6543104K), 0.5027827 secs] [Times: user=3.99 sys=0.00, real=0.50 secs] 
2012-05-24T05:59:19.518+0200: 210679.982: [GC [PSYoungGen: 1617817K->535519K(1730368K)] 3300589K->2218656K(6509056K), 0.5427527 secs] [Times: user=4.10 sys=0.00, real=0.53 secs] 
2012-05-24T05:59:27.521+0200: 210687.995: [GC [PSYoungGen: 1730335K->640824K(1552960K)] 3413472K->2324129K(6331648K), 0.6170875 secs] [Times: user=4.71 sys=0.00, real=0.62 secs] 
2012-05-24T05:59:36.523+0200: 210696.997: [GC [PSYoungGen: 1534840K->564124K(1458176K)] 3218145K->2287863K(6236864K), 0.5434423 secs] [Times: user=4.37 sys=0.00, real=0.55 secs] 
2012-05-24T05:59:49.549+0200: 210710.025: [GC [PSYoungGen: 1455395K->276111K(1627584K)] 3179133K->2256505K(6406272K), 1.0724937 secs] [Times: user=8.60 sys=0.00, real=1.08 secs] 
2012-05-24T05:59:54.681+0200: 210715.155: [GC [PSYoungGen: 1114063K->250106K(1599680K)] 3094457K->2325870K(6378368K), 0.3104409 secs] [Times: user=2.50 sys=0.00, real=0.31 secs] 
2012-05-24T06:00:15.695+0200: 210736.158: [GC [PSYoungGen: 1088058K->297083K(1682048K)] 3163822K->2527854K(6460736K), 0.4597443 secs] [Times: user=3.62 sys=0.00, real=0.45 secs] 
2012-05-24T06:00:50.000+0200: 210770.466: [GC [PSYoungGen: 1240379K->9924K(1650560K)] 3471150K->2535867K(6429248K), 0.3956309 secs] [Times: user=3.06 sys=0.00, real=0.39 secs] 
2012-05-24T06:05:22.239+0200: 211042.695: [GC [PSYoungGen: 953220K->28468K(1652480K)] 3479163K->2563471K(6431168K), 0.1203729 secs] [Times: user=0.41 sys=0.00, real=0.12 secs] 
2012-05-24T06:05:34.329+0200: 211054.789: [GC [PSYoungGen: 954484K->118394K(1657664K)] 3489487K->2673019K(6436352K), 0.2103966 secs] [Times: user=1.53 sys=0.02, real=0.22 secs] 
2012-05-24T06:06:23.033+0200: 211103.492: [GC [PSYoungGen: 1044410K->84059K(1690496K)] 3599035K->2715807K(6469184K), 0.4569765 secs] [Times: user=3.48 sys=0.00, real=0.45 secs] 
2012-05-24T06:10:42.901+0200: 211363.357: [GC [PSYoungGen: 1060955K->27048K(1675712K)] 3692703K->2741673K(6454400K), 0.1875577 secs] [Times: user=1.20 sys=0.00, real=0.20 secs] 
2012-05-24T06:14:01.070+0200: 211561.517: [GC [PSYoungGen: 1003944K->57422K(1717504K)] 3718569K->2772047K(6496192K), 0.1347793 secs] [Times: user=0.87 sys=0.00, real=0.14 secs] 
2012-05-24T06:14:18.558+0200: 211578.995: [GC [PSYoungGen: 1084494K->68842K(1698880K)] 3799119K->2783467K(6477568K), 0.0887606 secs] [Times: user=0.62 sys=0.00, real=0.08 secs] 
2012-05-24T06:14:55.296+0200: 211615.740: [GC [PSYoungGen: 1095914K->83925K(1767744K)] 3810539K->2798550K(6546432K), 0.1163676 secs] [Times: user=0.87 sys=0.00, real=0.13 secs] 
2012-05-24T06:15:23.361+0200: 211643.797: [GC [PSYoungGen: 1203029K->146324K(1740672K)] 3917654K->2860949K(6519360K), 0.2527013 secs] [Times: user=1.19 sys=0.00, real=0.25 secs] 
2012-05-24T06:15:35.420+0200: 211655.863: [GC [PSYoungGen: 1265428K->227969K(1827840K)] 3980053K->2942595K(6606528K), 0.3055381 secs] [Times: user=2.28 sys=0.00, real=0.31 secs] 
2012-05-24T06:15:53.064+0200: 211673.496: [GC [PSYoungGen: 1472193K->174986K(1805696K)] 4186819K->2889612K(6584384K), 0.2274540 secs] [Times: user=1.73 sys=0.00, real=0.22 secs] 
2012-05-24T06:16:25.372+0200: 211705.813: [GC [PSYoungGen: 1419210K->85719K(1882112K)] 4133836K->2800344K(6660800K), 0.1180152 secs] [Times: user=0.87 sys=0.00, real=0.13 secs] 
2012-05-24T06:16:54.357+0200: 211734.789: [GC [PSYoungGen: 1442775K->352769K(1709888K)] 4157400K->3067394K(6488576K), 0.4305962 secs] [Times: user=3.37 sys=0.00, real=0.42 secs] 
2012-05-24T06:17:19.629+0200: 211760.060: [GC [PSYoungGen: 1709825K->193745K(1882752K)] 4424450K->2908370K(6661440K), 0.2558541 secs] [Times: user=2.00 sys=0.00, real=0.25 secs] 
2012-05-24T06:17:47.429+0200: 211787.860: [GC [PSYoungGen: 1536145K->73827K(1848960K)] 4250770K->2788452K(6627648K), 0.0944288 secs] [Times: user=0.64 sys=0.00, real=0.09 secs] 
2012-05-24T06:24:01.225+0200: 212161.646: [GC [PSYoungGen: 1416227K->78202K(1908800K)] 4130852K->2792827K(6687488K), 0.0998708 secs] [Times: user=0.64 sys=0.00, real=0.09 secs] 
2012-05-24T06:24:09.431+0200: 212169.849: [GC [PSYoungGen: 1492090K->72982K(1894400K)] 4206715K->2787607K(6673088K), 0.0879849 secs] [Times: user=0.61 sys=0.00, real=0.08 secs] 
2012-05-24T06:24:18.276+0200: 212178.693: [GC [PSYoungGen: 1486870K->94406K(1943104K)] 4201495K->2809032K(6721792K), 0.1247622 secs] [Times: user=0.87 sys=0.00, real=0.13 secs] 
2012-05-24T06:25:26.090+0200: 212246.519: [GC [PSYoungGen: 1571782K->339797K(1817216K)] 4286408K->3054422K(6595904K), 0.4204849 secs] [Times: user=3.37 sys=0.00, real=0.42 secs] 
2012-05-24T06:25:51.581+0200: 212271.995: [GC [PSYoungGen: 1817173K->486014K(1688640K)] 4531798K->3261425K(6467328K), 0.6448486 secs] [Times: user=4.93 sys=0.00, real=0.64 secs] 
2012-05-24T06:26:17.478+0200: 212297.895: [GC [PSYoungGen: 1688638K->507806K(1710464K)] 4464049K->3317359K(6489152K), 0.5211354 secs] [Times: user=4.06 sys=0.00, real=0.51 secs] 
2012-05-24T06:26:24.264+0200: 212304.682: [GC [PSYoungGen: 1710430K->665406K(1478400K)] 4519983K->3495547K(6257088K), 0.6568501 secs] [Times: user=5.24 sys=0.00, real=0.65 secs] 
2012-05-24T06:26:44.357+0200: 212324.769: [GC [PSYoungGen: 1478398K->758891K(1571904K)] 4308539K->3597029K(6350592K), 0.7384101 secs] [Times: user=5.83 sys=0.00, real=0.73 secs] 
2012-05-24T06:27:33.778+0200: 212374.188: [GC [PSYoungGen: 1571883K->760659K(1592896K)] 4410021K->3602029K(6371584K), 0.6954818 secs] [Times: user=5.44 sys=0.00, real=0.69 secs] 
2012-05-24T06:32:31.570+0200: 212671.983: [GC [PSYoungGen: 1557139K->769932K(1592896K)] 4398509K->3611534K(6371584K), 0.7087172 secs] [Times: user=5.51 sys=0.00, real=0.72 secs] 
2012-05-24T06:35:21.581+0200: 212841.985: [GC [PSYoungGen: 1566412K->796400K(1592896K)] 4408014K->3644991K(6371584K), 0.8421095 secs] [Times: user=5.83 sys=0.00, real=0.84 secs] 
2012-05-24T06:35:31.706+0200: 212852.103: [GC [PSYoungGen: 1592880K->796399K(1592896K)] 4441471K->3731203K(6371584K), 0.9084357 secs] [Times: user=7.22 sys=0.00, real=0.90 secs] 
2012-05-24T06:35:49.584+0200: 212869.987: [GC [PSYoungGen: 1592879K->724882K(1592896K)] 4527683K->3832010K(6371584K), 0.9364441 secs] [Times: user=7.36 sys=0.00, real=0.94 secs] 
2012-05-24T06:38:24.743+0200: 213025.134: [GC [PSYoungGen: 1521362K->389612K(1592896K)] 4628490K->3777081K(6371584K), 0.7502104 secs] [Times: user=5.54 sys=0.00, real=0.75 secs] 
2012-05-24T06:41:32.086+0200: 213212.478: [GC [PSYoungGen: 1186092K->202202K(1592896K)] 4573561K->3796157K(6371584K), 0.4644694 secs] [Times: user=3.64 sys=0.00, real=0.47 secs] 
2012-05-24T06:45:17.712+0200: 213438.089: [GC [PSYoungGen: 998682K->196949K(1592896K)] 4592637K->3801599K(6371584K), 0.2165927 secs] [Times: user=1.42 sys=0.00, real=0.20 secs] 
2012-05-24T06:45:26.588+0200: 213446.972: [GC [PSYoungGen: 993429K->204738K(1592896K)] 4598079K->3859918K(6371584K), 0.2685284 secs] [Times: user=2.11 sys=0.00, real=0.26 secs] 
2012-05-24T06:45:33.655+0200: 213454.033: [GC [PSYoungGen: 1001218K->224274K(1592896K)] 4656398K->3993636K(6371584K), 0.4104484 secs] [Times: user=3.23 sys=0.00, real=0.41 secs] 
2012-05-24T06:45:52.750+0200: 213473.126: [GC [PSYoungGen: 416828K->2016K(1592896K)] 4186190K->3788585K(6371584K), 0.0516644 secs] [Times: user=0.34 sys=0.00, real=0.05 secs] 
2012-05-24T06:45:52.797+0200: 213473.178: [Full GC (System) [PSYoungGen: 2016K->0K(1592896K)] [PSOldGen: 3786569K->1601083K(4778688K)] 3788585K->1601083K(6371584K) [PSPermGen: 113315K->113315K(393216K)], 6.9494123 secs] [Times: user=6.94 sys=0.00, real=6.94 secs] 
2012-05-24T06:48:50.420+0200: 213650.791: [GC [PSYoungGen: 796480K->9721K(1592896K)] 2397563K->1610804K(6371584K), 0.0275046 secs] [Times: user=0.00 sys=0.00, real=0.02 secs] 
2012-05-24T06:48:51.325+0200: 213651.702: [GC [PSYoungGen: 806201K->4938K(1592896K)] 2407284K->1607447K(6371584K), 0.0241700 secs] [Times: user=0.13 sys=0.00, real=0.03 secs] 
2012-05-24T06:48:52.230+0200: 213652.609: [GC [PSYoungGen: 801418K->5918K(1592896K)] 2403927K->1612284K(6371584K), 0.0152532 secs] [Times: user=0.13 sys=0.00, real=0.02 secs] 
2012-05-24T06:48:53.556+0200: 213653.927: [GC [PSYoungGen: 802398K->6926K(1592896K)] 2408764K->1617135K(6371584K), 0.0379215 secs] [Times: user=0.03 sys=0.00, real=0.03 secs] 
2012-05-24T06:49:15.755+0200: 213676.139: [GC [PSYoungGen: 803406K->132136K(1592896K)] 2413615K->1749192K(6371584K), 0.1802777 secs] [Times: user=1.40 sys=0.00, real=0.19 secs] 
2012-05-24T06:49:57.455+0200: 213717.829: [GC [PSYoungGen: 928616K->144528K(1592896K)] 2545672K->1872315K(6371584K), 0.3113000 secs] [Times: user=2.50 sys=0.00, real=0.31 secs] 
2012-05-24T06:50:12.197+0200: 213732.566: [GC [PSYoungGen: 941008K->77316K(1592896K)] 2668795K->1937412K(6371584K), 0.3801678 secs] [Times: user=2.51 sys=0.00, real=0.37 secs] 
2012-05-24T06:50:21.572+0200: 213741.955: [GC [PSYoungGen: 873796K->215427K(1602752K)] 2733892K->2141951K(6381440K), 0.3742860 secs] [Times: user=3.00 sys=0.00, real=0.38 secs] 
2012-05-24T06:50:40.433+0200: 213760.807: [GC [PSYoungGen: 1021763K->175466K(1592896K)] 2948287K->2276906K(6371584K), 0.5230001 secs] [Times: user=4.10 sys=0.00, real=0.51 secs] 
2012-05-24T06:50:43.148+0200: 213763.517: [GC [PSYoungGen: 980085K->349664K(1653632K)] 3081526K->2525345K(6432320K), 0.3089362 secs] [Times: user=1.79 sys=0.00, real=0.31 secs] 
2012-05-24T06:50:51.416+0200: 213771.794: [GC [PSYoungGen: 1269152K->222987K(1654400K)] 3444833K->2486442K(6433088K), 0.3437126 secs] [Times: user=2.75 sys=0.00, real=0.34 secs] 
2012-05-24T06:51:09.949+0200: 213790.328: [GC [PSYoungGen: 1142475K->78765K(1727168K)] 3405930K->2561637K(6505856K), 0.3714307 secs] [Times: user=2.93 sys=0.00, real=0.37 secs] 
2012-05-24T06:54:09.304+0200: 213969.677: [GC [PSYoungGen: 1121133K->17460K(1704512K)] 3604005K->2578774K(6483200K), 0.1763334 secs] [Times: user=1.23 sys=0.00, real=0.19 secs] 
2012-05-24T06:55:24.310+0200: 214044.669: [GC [PSYoungGen: 1059828K->66909K(1766720K)] 3621142K->2637882K(6545408K), 0.1341638 secs] [Times: user=0.76 sys=0.00, real=0.13 secs] 
2012-05-24T06:55:51.002+0200: 214071.374: [GC [PSYoungGen: 1185181K->2633K(1740864K)] 3756154K->2575034K(6519552K), 0.0331237 secs] [Times: user=0.16 sys=0.00, real=0.05 secs] 
2012-05-24T06:59:23.555+0200: 214283.910: [GC [PSYoungGen: 1120905K->41643K(1807552K)] 3693306K->2614044K(6586240K), 0.0951625 secs] [Times: user=0.59 sys=0.00, real=0.09 secs] 
2012-05-24T07:03:43.750+0200: 214544.094: [GC [PSYoungGen: 1242155K->77739K(1782272K)] 3814556K->2650140K(6560960K), 0.0932339 secs] [Times: user=0.53 sys=0.00, real=0.09 secs] 
2012-05-24T07:05:28.615+0200: 214648.961: [GC [PSYoungGen: 1278251K->141051K(1879872K)] 3850652K->2713452K(6658560K), 0.1587634 secs] [Times: user=1.25 sys=0.00, real=0.16 secs] 
2012-05-24T07:08:12.323+0200: 214812.672: [GC [PSYoungGen: 1471163K->67753K(1839552K)] 4043564K->2640154K(6618240K), 0.0743215 secs] [Times: user=0.62 sys=0.00, real=0.08 secs] 
2012-05-24T07:10:28.778+0200: 214949.111: [GC [PSYoungGen: 1397865K->76667K(1930560K)] 3970266K->2649069K(6709248K), 0.0804367 secs] [Times: user=0.51 sys=0.00, real=0.08 secs] 
2012-05-24T07:10:30.479+0200: 214950.823: [GC [PSYoungGen: 1522683K->77476K(1904768K)] 4095085K->2649877K(6683456K), 0.0741085 secs] [Times: user=0.62 sys=0.00, real=0.08 secs] 
2012-05-24T07:11:07.233+0200: 214987.572: [GC [PSYoungGen: 1523492K->280196K(1900544K)] 4095893K->2852597K(6679232K), 0.3600184 secs] [Times: user=2.56 sys=0.00, real=0.36 secs] 
2012-05-24T07:11:45.438+0200: 215025.768: [GC [PSYoungGen: 1746884K->331984K(1798720K)] 4319285K->2904385K(6577408K), 0.3634498 secs] [Times: user=2.75 sys=0.01, real=0.36 secs] 
2012-05-24T07:12:02.972+0200: 215043.313: [GC [PSYoungGen: 1798672K->332467K(1827264K)] 4371073K->2904869K(6605952K), 0.3633100 secs] [Times: user=2.89 sys=0.00, real=0.38 secs] 
2012-05-24T07:12:16.732+0200: 215057.071: [GC [PSYoungGen: 1658867K->257145K(1857856K)] 4231269K->2829547K(6636544K), 0.2360263 secs] [Times: user=1.62 sys=0.00, real=0.23 secs] 
2012-05-24T07:12:36.326+0200: 215076.655: [GC [PSYoungGen: 1583545K->460762K(1726016K)] 4155947K->3033164K(6504704K), 0.5160673 secs] [Times: user=3.87 sys=0.00, real=0.51 secs] 
2012-05-24T07:12:47.339+0200: 215087.667: [GC [PSYoungGen: 1660442K->594790K(1794496K)] 4232844K->3301943K(6573184K), 0.8522720 secs] [Times: user=6.43 sys=0.00, real=0.84 secs] 
2012-05-24T07:13:21.254+0200: 215121.586: [GC [PSYoungGen: 1794470K->594810K(1391296K)] 4501623K->3389425K(6169984K), 0.8240434 secs] [Times: user=6.41 sys=0.00, real=0.83 secs] 
2012-05-24T07:13:30.131+0200: 215130.468: [GC [PSYoungGen: 1391290K->551691K(1592896K)] 4185905K->3380186K(6371584K), 0.7844989 secs] [Times: user=5.69 sys=0.00, real=0.80 secs] 
2012-05-24T07:13:39.241+0200: 215139.565: [GC [PSYoungGen: 1348171K->634720K(1592896K)] 4176666K->3463598K(6371584K), 0.8599175 secs] [Times: user=6.41 sys=0.00, real=0.86 secs] 
2012-05-24T07:13:47.182+0200: 215147.520: [GC [PSYoungGen: 1431200K->538741K(1592896K)] 4260078K->3464138K(6371584K), 0.7360662 secs] [Times: user=5.76 sys=0.00, real=0.75 secs] 
2012-05-24T07:13:55.091+0200: 215155.426: [GC [PSYoungGen: 1335221K->516085K(1592896K)] 4260618K->3464304K(6371584K), 0.6928056 secs] [Times: user=5.16 sys=0.00, real=0.70 secs] 
2012-05-24T07:14:05.293+0200: 215165.617: [GC [PSYoungGen: 1312565K->466195K(1592896K)] 4260784K->3506519K(6371584K), 0.6980382 secs] [Times: user=5.49 sys=0.00, real=0.69 secs] 
2012-05-24T07:14:16.089+0200: 215176.420: [GC [PSYoungGen: 1260987K->253572K(1592896K)] 4301311K->3568341K(6371584K), 0.7597365 secs] [Times: user=5.80 sys=0.00, real=0.76 secs] 
2012-05-24T07:15:22.327+0200: 215242.661: [GC [PSYoungGen: 1050052K->56600K(1592896K)] 4364821K->3371634K(6371584K), 0.0832700 secs] [Times: user=0.58 sys=0.00, real=0.09 secs] 
2012-05-24T07:15:33.778+0200: 215254.108: [GC [PSYoungGen: 853080K->198556K(1592896K)] 4168114K->3513622K(6371584K), 0.2674522 secs] [Times: user=2.00 sys=0.00, real=0.26 secs] 
2012-05-24T07:16:01.078+0200: 215281.402: [GC [PSYoungGen: 995036K->4512K(1592896K)] 4310102K->3338162K(6371584K), 0.0624597 secs] [Times: user=0.25 sys=0.00, real=0.06 secs] 
2012-05-24T07:19:05.738+0200: 215466.056: [GC [PSYoungGen: 800992K->10656K(1592896K)] 4134642K->3344930K(6371584K), 0.0428269 secs] [Times: user=0.17 sys=0.00, real=0.05 secs] 
2012-05-24T07:21:50.070+0200: 215630.384: [GC [PSYoungGen: 807136K->10688K(1592896K)] 4141410K->3345342K(6371584K), 0.0440828 secs] [Times: user=0.19 sys=0.00, real=0.05 secs] 
2012-05-24T07:24:38.521+0200: 215798.831: [GC [PSYoungGen: 807168K->10710K(1592896K)] 4141822K->3345662K(6371584K), 0.0444929 secs] [Times: user=0.16 sys=0.00, real=0.05 secs] 
2012-05-24T07:25:22.217+0200: 215842.525: [GC [PSYoungGen: 807190K->44385K(1592896K)] 4142142K->3379656K(6371584K), 0.0771502 secs] [Times: user=0.51 sys=0.00, real=0.08 secs] 
2012-05-24T07:25:30.407+0200: 215850.721: [GC [PSYoungGen: 840865K->149476K(1638336K)] 4176136K->3511944K(6417024K), 0.2454484 secs] [Times: user=2.00 sys=0.00, real=0.25 secs] 
2012-05-24T07:26:09.377+0200: 215889.683: [GC [PSYoungGen: 991396K->160363K(1592896K)] 4353864K->3522831K(6371584K), 0.4349235 secs] [Times: user=3.23 sys=0.00, real=0.44 secs] 
2012-05-24T07:29:52.054+0200: 216112.363: [GC [PSYoungGen: 1002283K->166763K(1732224K)] 4364751K->3529231K(6510912K), 0.4199325 secs] [Times: user=3.10 sys=0.00, real=0.42 secs] 
2012-05-24T07:30:45.937+0200: 216166.229: [GC [PSYoungGen: 1196331K->306912K(1686656K)] 4558799K->3669380K(6465344K), 0.3961674 secs] [Times: user=2.89 sys=0.00, real=0.39 secs] 
2012-05-24T07:31:03.628+0200: 216183.922: [GC [PSYoungGen: 1336480K->251903K(1763904K)] 4698948K->3614371K(6542592K), 0.3943990 secs] [Times: user=2.76 sys=0.00, real=0.39 secs] 
2012-05-24T07:32:09.835+0200: 216250.131: [GC [PSYoungGen: 1363071K->206227K(1736576K)] 4725539K->3568695K(6515264K), 0.4620273 secs] [Times: user=3.32 sys=0.00, real=0.47 secs] 
2012-05-24T07:34:04.886+0200: 216365.177: [GC [PSYoungGen: 1317395K->189323K(1839104K)] 4679863K->3551791K(6617792K), 0.4527203 secs] [Times: user=3.23 sys=0.00, real=0.45 secs] 
2012-05-24T07:34:53.840+0200: 216414.126: [GC [PSYoungGen: 1444107K->195163K(1804992K)] 4806575K->3557631K(6583680K), 0.4901985 secs] [Times: user=3.59 sys=0.00, real=0.48 secs] 
2012-05-24T07:35:24.338+0200: 216444.625: [GC [PSYoungGen: 1449947K->249226K(1886592K)] 4812415K->3611694K(6665280K), 0.4162933 secs] [Times: user=3.09 sys=0.00, real=0.41 secs] 
2012-05-24T07:35:36.522+0200: 216456.809: [GC [PSYoungGen: 1617930K->415437K(1784192K)] 4980398K->3777905K(6562880K), 0.4410500 secs] [Times: user=3.50 sys=0.00, real=0.44 secs] 
2012-05-24T07:36:25.460+0200: 216505.746: [GC [PSYoungGen: 1784141K->215736K(1869184K)] 5146609K->3578204K(6647872K), 0.4457265 secs] [Times: user=3.00 sys=0.00, real=0.44 secs] 
2012-05-24T07:37:12.884+0200: 216553.177: [GC [PSYoungGen: 1535480K->230969K(1839872K)] 4897948K->3593437K(6618560K), 0.4736182 secs] [Times: user=3.60 sys=0.00, real=0.48 secs] 
2012-05-24T07:37:37.720+0200: 216578.013: [GC [PSYoungGen: 1550713K->267251K(1909888K)] 4913181K->3629719K(6688576K), 0.4153471 secs] [Times: user=3.31 sys=0.00, real=0.42 secs] 
2012-05-24T07:38:13.600+0200: 216613.890: [GC [PSYoungGen: 1685491K->282920K(1897664K)] 5047959K->3645388K(6676352K), 0.5536058 secs] [Times: user=4.15 sys=0.00, real=0.56 secs] 
2012-05-24T07:38:54.894+0200: 216655.186: [GC [PSYoungGen: 1701160K->259962K(1931584K)] 5063628K->3622430K(6710272K), 0.4709753 secs] [Times: user=3.48 sys=0.00, real=0.48 secs] 
2012-05-24T07:39:10.416+0200: 216670.703: [GC [PSYoungGen: 1718330K->404430K(1862848K)] 5080798K->3885634K(6641536K), 0.6394691 secs] [Times: user=5.09 sys=0.00, real=0.64 secs] 
2012-05-24T07:39:21.711+0200: 216681.994: [GC [PSYoungGen: 1862798K->184017K(1904192K)] 5344002K->3703638K(6682880K), 0.2306381 secs] [Times: user=1.87 sys=0.00, real=0.23 secs] 
2012-05-24T07:39:35.080+0200: 216695.362: [GC [PSYoungGen: 1591505K->257890K(1892608K)] 5111126K->3777616K(6671296K), 0.2984762 secs] [Times: user=2.26 sys=0.00, real=0.30 secs] 
2012-05-24T07:39:46.640+0200: 216706.921: [GC [PSYoungGen: 1665378K->336980K(1903424K)] 5185104K->3875098K(6682112K), 0.4006980 secs] [Times: user=2.90 sys=0.00, real=0.41 secs] 
2012-05-24T07:40:05.329+0200: 216725.616: [GC [PSYoungGen: 1775764K->327537K(1766336K)] 5313882K->3865807K(6545024K), 0.4173925 secs] [Times: user=2.96 sys=0.00, real=0.42 secs] 
2012-05-24T07:40:30.071+0200: 216750.354: [GC [PSYoungGen: 1766321K->140442K(1910272K)] 5304591K->3684196K(6688960K), 0.2123247 secs] [Times: user=1.72 sys=0.00, real=0.22 secs] 
2012-05-24T07:40:52.847+0200: 216773.128: [GC [PSYoungGen: 1571674K->104983K(1536256K)] 5115428K->3651079K(6314944K), 0.1547919 secs] [Times: user=1.19 sys=0.00, real=0.16 secs] 
2012-05-24T07:41:10.990+0200: 216791.268: [GC [PSYoungGen: 1536215K->192601K(1924160K)] 5082311K->3738696K(6702848K), 0.2257614 secs] [Times: user=1.75 sys=0.00, real=0.22 secs] 
2012-05-24T07:41:37.074+0200: 216817.349: [GC [PSYoungGen: 1635097K->68203K(1907648K)] 5181192K->3614298K(6686336K), 0.1131083 secs] [Times: user=0.78 sys=0.00, real=0.11 secs] 
2012-05-24T07:42:00.786+0200: 216841.060: [GC [PSYoungGen: 1510699K->40785K(1909632K)] 5056794K->3587915K(6688320K), 0.0803046 secs] [Times: user=0.50 sys=0.00, real=0.08 secs] 
2012-05-24T07:42:22.704+0200: 216862.983: [GC [PSYoungGen: 1480209K->188441K(1914368K)] 5027339K->3738791K(6693056K), 0.2502524 secs] [Times: user=2.00 sys=0.00, real=0.25 secs] 
2012-05-24T07:45:25.367+0200: 217045.634: [GC [PSYoungGen: 1627865K->55241K(1940736K)] 5178215K->3608776K(6719424K), 0.0988575 secs] [Times: user=0.51 sys=0.00, real=0.09 secs] 
2012-05-24T07:45:46.646+0200: 217066.925: [GC [PSYoungGen: 1546697K->55003K(1940032K)] 5100232K->3610450K(6718720K), 0.0987019 secs] [Times: user=0.67 sys=0.00, real=0.11 secs] 
2012-05-24T07:45:59.781+0200: 217080.045: [GC [PSYoungGen: 1060745K->39630K(1950080K)] 4616192K->3597013K(6728768K), 0.0749072 secs] [Times: user=0.42 sys=0.00, real=0.06 secs] 
2012-05-24T07:45:59.844+0200: 217080.121: [Full GC (System) [PSYoungGen: 39630K->0K(1950080K)] [PSOldGen: 3557383K->1254539K(4778688K)] 3597013K->1254539K(6728768K) [PSPermGen: 113386K->113386K(393216K)], 5.3448707 secs] [Times: user=5.35 sys=0.00, real=5.35 secs] 
2012-05-24T07:46:24.305+0200: 217104.582: [GC [PSYoungGen: 1505920K->152004K(1945152K)] 2760459K->1406543K(6723840K), 0.2513353 secs] [Times: user=1.76 sys=0.00, real=0.26 secs] 
2012-05-24T07:46:50.123+0200: 217130.390: [GC [PSYoungGen: 1657924K->137382K(1999168K)] 2912463K->1391921K(6777856K), 0.2020194 secs] [Times: user=1.42 sys=0.00, real=0.20 secs] 
2012-05-24T07:47:30.153+0200: 217170.418: [GC [PSYoungGen: 1724390K->390113K(1977152K)] 2978929K->1808615K(6755840K), 0.6894787 secs] [Times: user=5.40 sys=0.01, real=0.69 secs] 
2012-05-24T07:47:53.678+0200: 217193.941: [GC [PSYoungGen: 1977121K->412151K(1626304K)] 3395623K->1898437K(6404992K), 0.5702168 secs] [Times: user=4.21 sys=0.00, real=0.56 secs] 
2012-05-24T07:48:17.469+0200: 217217.735: [GC [PSYoungGen: 1626295K->587553K(1801728K)] 3112581K->2268861K(6580416K), 0.9237396 secs] [Times: user=7.36 sys=0.00, real=0.92 secs] 
2012-05-24T07:48:35.066+0200: 217235.325: [GC [PSYoungGen: 1801697K->587568K(1384064K)] 3483005K->2356207K(6162752K), 0.8259004 secs] [Times: user=6.24 sys=0.00, real=0.83 secs] 
2012-05-24T07:48:55.143+0200: 217255.402: [GC [PSYoungGen: 1384048K->796389K(1592896K)] 3152687K->2587029K(6371584K), 0.9497216 secs] [Times: user=7.27 sys=0.00, real=0.94 secs] 
2012-05-24T07:49:04.035+0200: 217264.306: [GC [PSYoungGen: 1592869K->796401K(1592896K)] 3383509K->2744612K(6371584K), 1.0596166 secs] [Times: user=8.49 sys=0.00, real=1.06 secs] 
2012-05-24T07:49:14.877+0200: 217275.142: [GC [PSYoungGen: 1592881K->796384K(1592896K)] 3541092K->2793385K(6371584K), 0.9439550 secs] [Times: user=7.30 sys=0.00, real=0.95 secs] 
2012-05-24T07:49:34.846+0200: 217295.114: [GC [PSYoungGen: 1592864K->796391K(1592896K)] 3589865K->2926419K(6371584K), 1.0504361 secs] [Times: user=8.38 sys=0.00, real=1.06 secs] 
2012-05-24T07:49:57.201+0200: 217317.458: [GC [PSYoungGen: 1592871K->796390K(1592896K)] 3722899K->3204898K(6371584K), 1.3362001 secs] [Times: user=10.28 sys=0.00, real=1.33 secs] 
2012-05-24T07:50:13.440+0200: 217333.710: [GC [PSYoungGen: 1592870K->796386K(1592896K)] 4001378K->3415819K(6371584K), 1.1392541 secs] [Times: user=9.09 sys=0.00, real=1.14 secs] 
2012-05-24T07:50:18.979+0200: 217339.236: [GC [PSYoungGen: 1592866K->584332K(1592896K)] 4212299K->3446139K(6371584K), 0.9440252 secs] [Times: user=7.47 sys=0.00, real=0.94 secs] 
2012-05-24T07:50:30.039+0200: 217350.300: [GC [PSYoungGen: 1380812K->514019K(1592896K)] 4242619K->3443490K(6371584K), 0.6072388 secs] [Times: user=4.54 sys=0.00, real=0.61 secs] 
2012-05-24T07:50:40.273+0200: 217360.537: [GC [PSYoungGen: 1310499K->214547K(1592896K)] 4239970K->3578736K(6371584K), 0.8529816 secs] [Times: user=6.65 sys=0.00, real=0.86 secs] 
2012-05-24T07:50:48.759+0200: 217369.024: [GC [PSYoungGen: 1011027K->389412K(1592896K)] 4375216K->3811393K(6371584K), 0.5921740 secs] [Times: user=4.60 sys=0.00, real=0.59 secs] 
2012-05-24T07:51:01.614+0200: 217381.871: [GC [PSYoungGen: 1185892K->181511K(1592896K)] 4607873K->3986624K(6371584K), 0.7209835 secs] [Times: user=5.49 sys=0.00, real=0.72 secs] 
2012-05-24T07:51:08.790+0200: 217389.050: [GC [PSYoungGen: 977991K->303977K(1592896K)] 4783104K->4264782K(6371584K), 0.6187883 secs] [Times: user=4.98 sys=0.00, real=0.62 secs] 
2012-05-24T07:51:14.578+0200: 217394.841: [GC [PSYoungGen: 1100457K->331060K(1592896K)] 5061262K->4594938K(6371584K), 0.8016465 secs] [Times: user=6.10 sys=0.00, real=0.81 secs] 
2012-05-24T07:51:19.071+0200: 217399.329: [GC [PSYoungGen: 1127540K->51457K(1592896K)] 5391418K->4640946K(6371584K), 0.4992853 secs] [Times: user=3.98 sys=0.00, real=0.50 secs] 
2012-05-24T07:51:19.570+0200: 217399.828: [Full GC [PSYoungGen: 51457K->0K(1592896K)] [PSOldGen: 4589489K->2358432K(4778688K)] 4640946K->2358432K(6371584K) [PSPermGen: 113391K->113391K(393216K)], 12.8586238 secs] [Times: user=12.85 sys=0.00, real=12.85 secs] 
2012-05-24T07:51:38.898+0200: 217419.166: [GC [PSYoungGen: 796480K->223207K(1592896K)] 3154912K->2581639K(6371584K), 0.3122590 secs] [Times: user=2.51 sys=0.00, real=0.33 secs] 
2012-05-24T07:51:48.742+0200: 217428.996: [GC [PSYoungGen: 1019687K->104096K(1592896K)] 3378119K->2665348K(6371584K), 0.3818143 secs] [Times: user=2.98 sys=0.00, real=0.38 secs] 
2012-05-24T07:52:00.754+0200: 217441.020: [GC [PSYoungGen: 900576K->201482K(1592896K)] 3461828K->2865423K(6371584K), 0.3352181 secs] [Times: user=2.74 sys=0.00, real=0.34 secs] 
2012-05-24T07:52:03.593+0200: 217443.857: [GC [PSYoungGen: 997962K->55776K(1592896K)] 3661903K->2859581K(6371584K), 0.2528579 secs] [Times: user=1.87 sys=0.00, real=0.25 secs] 
2012-05-24T07:52:11.690+0200: 217451.943: [GC [PSYoungGen: 852256K->217855K(1592896K)] 3656061K->3074503K(6371584K), 0.3630356 secs] [Times: user=2.87 sys=0.00, real=0.36 secs] 
2012-05-24T07:52:23.297+0200: 217463.563: [GC [PSYoungGen: 1014335K->221352K(1592896K)] 3870983K->3291649K(6371584K), 0.5345378 secs] [Times: user=4.20 sys=0.00, real=0.55 secs] 
2012-05-24T07:52:32.126+0200: 217472.390: [GC [PSYoungGen: 1017832K->191587K(1592896K)] 4088129K->3459416K(6371584K), 0.4468457 secs] [Times: user=3.60 sys=0.00, real=0.45 secs] 
2012-05-24T07:52:35.434+0200: 217475.685: [GC [PSYoungGen: 988067K->317693K(1592896K)] 4255896K->3754613K(6371584K), 0.6633232 secs] [Times: user=5.24 sys=0.00, real=0.65 secs] 
2012-05-24T07:52:38.756+0200: 217479.016: [GC [PSYoungGen: 1114173K->211264K(1592896K)] 4551093K->3961062K(6371584K), 0.6612179 secs] [Times: user=5.24 sys=0.00, real=0.66 secs] 
2012-05-24T07:52:48.163+0200: 217488.422: [GC [PSYoungGen: 1007744K->198067K(1605120K)] 4757542K->4099246K(6383808K), 0.4599424 secs] [Times: user=3.52 sys=0.00, real=0.47 secs] 
2012-05-24T07:52:52.984+0200: 217493.245: [GC [PSYoungGen: 1006771K->171272K(1592896K)] 4907950K->4235549K(6371584K), 0.5782372 secs] [Times: user=4.51 sys=0.00, real=0.58 secs] 
2012-05-24T07:53:00.753+0200: 217501.016: [GC [PSYoungGen: 979976K->191925K(1671296K)] 5044253K->4409865K(6449984K), 0.5174778 secs] [Times: user=3.93 sys=0.00, real=0.53 secs] 
2012-05-24T07:53:13.280+0200: 217513.531: [GC [PSYoungGen: 1110453K->235125K(1636544K)] 5328393K->4600557K(6415232K), 0.4195475 secs] [Times: user=3.25 sys=0.00, real=0.42 secs] 
2012-05-24T07:53:27.959+0200: 217528.209: [GC [PSYoungGen: 1153653K->108360K(1728000K)] 5519085K->4659671K(6506688K), 0.4433975 secs] [Times: user=3.48 sys=0.00, real=0.44 secs] 
2012-05-24T07:53:28.396+0200: 217528.652: [Full GC [PSYoungGen: 108360K->0K(1728000K)] [PSOldGen: 4551311K->1092127K(4778688K)] 4659671K->1092127K(6506688K) [PSPermGen: 113395K->113345K(393216K)], 6.1049881 secs] [Times: user=6.10 sys=0.00, real=6.10 secs] 
2012-05-24T07:54:01.250+0200: 217561.501: [GC [PSYoungGen: 1050752K->146736K(1712064K)] 2142879K->1238863K(6490752K), 0.1991563 secs] [Times: user=1.50 sys=0.00, real=0.19 secs] 
2012-05-24T07:54:19.690+0200: 217579.947: [GC [PSYoungGen: 1197488K->317808K(1762432K)] 2289615K->1511034K(6541120K), 0.6127780 secs] [Times: user=4.84 sys=0.00, real=0.61 secs] 
2012-05-24T07:54:37.833+0200: 217598.082: [GC [PSYoungGen: 1443824K->367680K(1752896K)] 2637050K->1809935K(6531584K), 1.5826485 secs] [Times: user=12.57 sys=0.00, real=1.58 secs] 
2012-05-24T07:54:57.645+0200: 217617.896: [GC [PSYoungGen: 1493696K->118048K(1769280K)] 2935951K->1925191K(6547968K), 0.5793072 secs] [Times: user=4.41 sys=0.00, real=0.58 secs] 
2012-05-24T07:55:22.075+0200: 217642.326: [GC [PSYoungGen: 1252832K->161023K(1754816K)] 3059975K->2085613K(6533504K), 0.3610716 secs] [Times: user=2.57 sys=0.00, real=0.36 secs] 
2012-05-24T07:55:31.170+0200: 217651.415: [GC [PSYoungGen: 1295807K->216587K(1826496K)] 3220397K->2287508K(6605184K), 0.4822857 secs] [Times: user=3.68 sys=0.00, real=0.47 secs] 
2012-05-24T07:55:38.595+0200: 217658.848: [GC [PSYoungGen: 1447051K->286719K(1793280K)] 3517972K->2520749K(6571968K), 0.6129250 secs] [Times: user=4.87 sys=0.00, real=0.61 secs] 
2012-05-24T07:55:53.977+0200: 217674.223: [GC [PSYoungGen: 1517183K->443082K(1749824K)] 3751213K->2930946K(6528512K), 0.8094676 secs] [Times: user=6.36 sys=0.00, real=0.80 secs] 
2012-05-24T07:56:32.042+0200: 217712.287: [GC [PSYoungGen: 1643018K->122065K(1794624K)] 4130882K->2975237K(6573312K), 0.8186537 secs] [Times: user=6.35 sys=0.00, real=0.81 secs] 
2012-05-24T07:57:09.326+0200: 217749.576: [GC [PSYoungGen: 1322001K->190257K(1829824K)] 4175173K->3164109K(6608512K), 0.3443525 secs] [Times: user=2.68 sys=0.00, real=0.34 secs] 
2012-05-24T07:57:34.349+0200: 217774.606: [GC [PSYoungGen: 1435889K->477165K(1722816K)] 4409741K->3571852K(6501504K), 0.8035838 secs] [Times: user=6.43 sys=0.00, real=0.81 secs] 
2012-05-24T07:58:00.074+0200: 217800.325: [GC [PSYoungGen: 1722797K->324320K(1786368K)] 4817484K->3764847K(6565056K), 1.4301922 secs] [Times: user=11.37 sys=0.00, real=1.44 secs] 
2012-05-24T07:58:13.911+0200: 217814.163: [GC [PSYoungGen: 1495200K->119317K(1773824K)] 4935727K->3884627K(6552512K), 0.5902848 secs] [Times: user=4.60 sys=0.00, real=0.59 secs] 
2012-05-24T07:58:33.099+0200: 217833.346: [GC [PSYoungGen: 1290197K->362072K(1782528K)] 5055507K->4203861K(6561216K), 0.6811225 secs] [Times: user=5.27 sys=0.00, real=0.69 secs] 
2012-05-24T07:58:47.186+0200: 217847.438: [GC [PSYoungGen: 1549592K->321305K(1788416K)] 5391381K->4520244K(6567104K), 0.8239492 secs] [Times: user=6.60 sys=0.00, real=0.83 secs] 
2012-05-24T07:59:33.690+0200: 217893.932: [GC [PSYoungGen: 1508825K->123105K(1807872K)] 5707764K->4633789K(6586560K), 0.6892452 secs] [Times: user=5.16 sys=0.00, real=0.69 secs] 
2012-05-24T07:59:34.377+0200: 217894.622: [Full GC [PSYoungGen: 123105K->0K(1807872K)] [PSOldGen: 4510683K->1461280K(4778688K)] 4633789K->1461280K(6586560K) [PSPermGen: 113353K->113353K(393216K)], 5.5784455 secs] [Times: user=5.58 sys=0.00, real=5.58 secs] 
2012-05-24T08:00:12.410+0200: 217932.648: [GC [PSYoungGen: 1219712K->232674K(1801152K)] 2680992K->1693954K(6579840K), 0.3133603 secs] [Times: user=2.37 sys=0.00, real=0.31 secs] 
2012-05-24T08:00:32.846+0200: 217953.092: [GC [PSYoungGen: 1452386K->532785K(1689664K)] 2913666K->2144286K(6468352K), 0.8539657 secs] [Times: user=6.83 sys=0.00, real=0.86 secs] 
2012-05-24T08:00:56.902+0200: 217977.151: [GC [PSYoungGen: 1669617K->207840K(1763072K)] 3281118K->2262934K(6541760K), 1.4141506 secs] [Times: user=10.86 sys=0.00, real=1.42 secs] 
2012-05-24T08:01:15.653+0200: 217995.903: [GC [PSYoungGen: 1344672K->155249K(1797888K)] 3399766K->2418288K(6576576K), 0.4357263 secs] [Times: user=3.37 sys=0.00, real=0.44 secs] 
2012-05-24T08:01:35.044+0200: 218015.292: [GC [PSYoungGen: 1348849K->454711K(1648320K)] 3611888K->2819309K(6427008K), 0.7859043 secs] [Times: user=6.10 sys=0.00, real=0.80 secs] 
2012-05-24T08:01:48.741+0200: 218028.985: [GC [PSYoungGen: 1648311K->319401K(1780352K)] 4012909K->2981224K(6559040K), 0.7895876 secs] [Times: user=6.36 sys=0.00, real=0.80 secs] 
2012-05-24T08:02:35.948+0200: 218076.188: [GC [PSYoungGen: 1469993K->133786K(1759552K)] 4131816K->3040554K(6538240K), 0.6433582 secs] [Times: user=4.91 sys=0.00, real=0.64 secs] 
2012-05-24T08:03:01.345+0200: 218101.578: [GC [PSYoungGen: 1284378K->222388K(1812096K)] 4191146K->3256603K(6590784K), 0.3977418 secs] [Times: user=2.96 sys=0.00, real=0.39 secs] 
2012-05-24T08:03:17.756+0200: 218117.992: [GC [PSYoungGen: 1432116K->555905K(1765696K)] 4466331K->3753706K(6544384K), 0.8686721 secs] [Times: user=6.90 sys=0.00, real=0.87 secs] 
2012-05-24T08:03:44.276+0200: 218144.510: [GC [PSYoungGen: 1765633K->176544K(1737536K)] 4963434K->3828258K(6516224K), 1.0719801 secs] [Times: user=8.33 sys=0.02, real=1.06 secs] 
2012-05-24T08:04:02.420+0200: 218162.652: [GC [PSYoungGen: 1290464K->171665K(1751616K)] 4942178K->3999801K(6530304K), 0.4213558 secs] [Times: user=3.23 sys=0.00, real=0.42 secs] 
2012-05-24T08:04:19.689+0200: 218179.923: [GC [PSYoungGen: 1285585K->454665K(1702592K)] 5113721K->4394809K(6481280K), 0.7884284 secs] [Times: user=6.05 sys=0.00, real=0.78 secs] 
2012-05-24T08:04:31.545+0200: 218191.783: [GC [PSYoungGen: 1536201K->305347K(1735424K)] 5476345K->4538880K(6514112K), 0.8171981 secs] [Times: user=6.43 sys=0.02, real=0.83 secs] 
2012-05-24T08:05:16.957+0200: 218237.190: [GC [PSYoungGen: 1386883K->108950K(1768256K)] 5620416K->4576068K(6546944K), 0.6239215 secs] [Times: user=4.28 sys=0.00, real=0.62 secs] 
2012-05-24T08:05:17.581+0200: 218237.814: [Full GC [PSYoungGen: 108950K->0K(1768256K)] [PSOldGen: 4467118K->1460828K(4778688K)] 4576068K->1460828K(6546944K) [PSPermGen: 113353K->113353K(393216K)], 5.4004840 secs] [Times: user=5.40 sys=0.00, real=5.40 secs] 
2012-05-24T08:05:31.824+0200: 218252.056: [GC [PSYoungGen: 1145024K->130545K(1766080K)] 2605852K->1591373K(6544768K), 0.1703226 secs] [Times: user=1.37 sys=0.00, real=0.17 secs] 
2012-05-24T08:05:40.420+0200: 218260.657: [GC [PSYoungGen: 1275569K->236809K(1810240K)] 2736397K->1802137K(6588928K), 0.4325561 secs] [Times: user=3.49 sys=0.00, real=0.44 secs] 
2012-05-24T08:05:57.658+0200: 218277.893: [GC [PSYoungGen: 1436553K->215775K(1778816K)] 3001881K->1975331K(6557504K), 0.6077974 secs] [Times: user=4.85 sys=0.00, real=0.61 secs] 
2012-05-24T08:06:13.960+0200: 218294.191: [GC [PSYoungGen: 1415519K->531393K(1689472K)] 3175075K->2467427K(6468160K), 0.7987107 secs] [Times: user=6.35 sys=0.00, real=0.80 secs] 
2012-05-24T08:06:38.203+0200: 218318.431: [GC [PSYoungGen: 1667073K->159184K(1762496K)] 3603107K->2539296K(6541184K), 1.0879440 secs] [Times: user=8.30 sys=0.00, real=1.08 secs] 
2012-05-24T08:06:56.705+0200: 218336.933: [GC [PSYoungGen: 1294864K->160765K(1792640K)] 3674976K->2699771K(6571328K), 0.3826089 secs] [Times: user=2.87 sys=0.00, real=0.37 secs] 
2012-05-24T08:07:12.461+0200: 218352.691: [GC [PSYoungGen: 1340605K->416327K(1596224K)] 3879611K->3060188K(6374912K), 0.7331857 secs] [Times: user=5.77 sys=0.00, real=0.73 secs] 
2012-05-24T08:07:26.143+0200: 218366.369: [GC [PSYoungGen: 1596163K->283097K(1799040K)] 4240023K->3296144K(6577728K), 0.8075835 secs] [Times: user=6.36 sys=0.00, real=0.80 secs] 
2012-05-24T08:07:54.441+0200: 218394.666: [GC [PSYoungGen: 1460633K->123766K(1767808K)] 4473680K->3409629K(6546496K), 0.6567308 secs] [Times: user=4.74 sys=0.00, real=0.65 secs] 
2012-05-24T08:10:07.558+0200: 218527.778: [GC [PSYoungGen: 1301302K->24087K(1790016K)] 4587165K->3432160K(6568704K), 0.3211993 secs] [Times: user=2.37 sys=0.00, real=0.31 secs] 
2012-05-24T08:11:46.198+0200: 218626.427: [GC [PSYoungGen: 1229783K->14832K(1220544K)] 4637856K->3428855K(5999232K), 0.0709787 secs] [Times: user=0.31 sys=0.00, real=0.08 secs] 
2012-05-24T08:13:26.991+0200: 218727.213: [GC [PSYoungGen: 1220528K->11544K(1799168K)] 4634551K->3425567K(6577856K), 0.0571949 secs] [Times: user=0.19 sys=0.00, real=0.06 secs] 
2012-05-24T08:15:03.930+0200: 218824.140: [GC [PSYoungGen: 1216920K->11736K(1795520K)] 4630943K->3425759K(6574208K), 0.0532224 secs] [Times: user=0.20 sys=0.00, real=0.05 secs] 
2012-05-24T08:15:31.839+0200: 218852.050: [GC [PSYoungGen: 1217112K->85086K(1833216K)] 4631135K->3499109K(6611904K), 0.1389320 secs] [Times: user=0.86 sys=0.00, real=0.14 secs] 
2012-05-24T08:15:50.840+0200: 218871.059: [GC [PSYoungGen: 1336926K->10312K(1807936K)] 4750949K->3424336K(6586624K), 0.0516480 secs] [Times: user=0.22 sys=0.00, real=0.06 secs] 
2012-05-24T08:17:25.159+0200: 218965.377: [GC [PSYoungGen: 1262152K->17353K(1862272K)] 4676176K->3431376K(6640960K), 0.0577120 secs] [Times: user=0.25 sys=0.00, real=0.06 secs] 
2012-05-24T08:18:51.896+0200: 219052.100: [GC [PSYoungGen: 1335945K->15461K(1845632K)] 4749968K->3429484K(6624320K), 0.0495545 secs] [Times: user=0.19 sys=0.00, real=0.05 secs] 
2012-05-24T08:20:37.884+0200: 219158.083: [GC [PSYoungGen: 1334053K->15241K(1900160K)] 4748076K->3429264K(6678848K), 0.0520678 secs] [Times: user=0.20 sys=0.00, real=0.05 secs] 
2012-05-24T08:22:26.711+0200: 219266.916: [GC [PSYoungGen: 1406601K->15688K(1880512K)] 4820624K->3429712K(6659200K), 0.0581564 secs] [Times: user=0.26 sys=0.00, real=0.06 secs] 
2012-05-24T08:24:54.788+0200: 219414.992: [GC [PSYoungGen: 1407048K->15249K(1942208K)] 4821072K->3429273K(6720896K), 0.0552191 secs] [Times: user=0.25 sys=0.00, real=0.06 secs] 
2012-05-24T08:25:34.584+0200: 219454.788: [GC [PSYoungGen: 1489105K->200601K(1920960K)] 4903129K->3614625K(6699648K), 0.2807854 secs] [Times: user=2.25 sys=0.00, real=0.28 secs] 
2012-05-24T08:27:37.077+0200: 219577.272: [GC [PSYoungGen: 1674457K->15359K(1957504K)] 5088481K->3429382K(6736192K), 0.0595675 secs] [Times: user=0.22 sys=0.00, real=0.06 secs] 
2012-05-24T08:30:49.490+0200: 219769.680: [GC [PSYoungGen: 1521983K->56666K(1938432K)] 4936006K->3470689K(6717120K), 0.0981556 secs] [Times: user=0.50 sys=0.00, real=0.11 secs] 
2012-05-24T08:31:23.093+0200: 219803.272: [GC [PSYoungGen: 1563290K->283421K(1905600K)] 4977313K->3697444K(6684288K), 0.3773375 secs] [Times: user=2.76 sys=0.00, real=0.37 secs] 
2012-05-24T08:31:55.603+0200: 219835.789: [GC [PSYoungGen: 1783901K->444409K(1944896K)] 5197924K->3964682K(6723584K), 0.6999120 secs] [Times: user=5.62 sys=0.00, real=0.70 secs] 
2012-05-24T08:32:14.979+0200: 219855.162: [GC [PSYoungGen: 1944889K->444408K(1240896K)] 5465162K->4673779K(6019584K), 1.6949089 secs] [Times: user=13.35 sys=0.00, real=1.70 secs] 
2012-05-24T08:32:21.827+0200: 219862.014: [GC [PSYoungGen: 1240888K->665248K(1592896K)] 5470259K->4895339K(6371584K), 1.0039346 secs] [Times: user=7.10 sys=0.00, real=1.01 secs] 
2012-05-24T08:32:38.161+0200: 219878.345: [GC [PSYoungGen: 1461728K->767655K(1592896K)] 5691819K->4997887K(6371584K), 0.9535820 secs] [Times: user=6.77 sys=0.00, real=0.95 secs] 
2012-05-24T08:32:41.562+0200: 219881.741: [GC [PSYoungGen: 1564135K->761313K(1592896K)] 5794367K->4992338K(6371584K), 1.0105168 secs] [Times: user=7.38 sys=0.00, real=1.01 secs] 
2012-05-24T08:32:44.245+0200: 219884.429: [GC [PSYoungGen: 1557793K->763569K(1592896K)] 5788818K->4994610K(6371584K), 0.9748362 secs] [Times: user=6.85 sys=0.00, real=0.98 secs] 
2012-05-24T08:32:56.756+0200: 219896.933: [GC [PSYoungGen: 1560049K->796407K(1592896K)] 5791090K->5094628K(6371584K), 1.0609124 secs] [Times: user=8.27 sys=0.00, real=1.06 secs] 
2012-05-24T08:33:11.857+0200: 219912.041: [GC [PSYoungGen: 1592887K->796388K(1592896K)] 5891108K->5207508K(6371584K), 1.1083242 secs] [Times: user=8.81 sys=0.00, real=1.11 secs] 
2012-05-24T08:33:12.965+0200: 219913.150: [Full GC [PSYoungGen: 796388K->0K(1592896K)] [PSOldGen: 4411120K->1602110K(4778688K)] 5207508K->1602110K(6371584K) [PSPermGen: 113389K->113389K(393216K)], 7.5436118 secs] [Times: user=7.53 sys=0.02, real=7.55 secs] 
2012-05-24T08:33:32.278+0200: 219932.458: [GC [PSYoungGen: 796480K->132110K(1592896K)] 2398590K->1734221K(6371584K), 0.2419367 secs] [Times: user=1.64 sys=0.00, real=0.23 secs] 
2012-05-24T08:33:45.132+0200: 219945.321: [GC [PSYoungGen: 928590K->249390K(1592896K)] 2530701K->1851501K(6371584K), 0.3054715 secs] [Times: user=2.26 sys=0.00, real=0.31 secs] 
2012-05-24T08:33:52.698+0200: 219952.882: [GC [PSYoungGen: 1045870K->512133K(1592896K)] 2647981K->2114244K(6371584K), 0.7100643 secs] [Times: user=5.48 sys=0.00, real=0.72 secs] 
2012-05-24T08:34:04.102+0200: 219964.279: [GC [PSYoungGen: 1306607K->796403K(1592896K)] 2908717K->2458248K(6371584K), 0.9701167 secs] [Times: user=7.74 sys=0.00, real=0.97 secs] 
2012-05-24T08:34:08.486+0200: 219968.668: [GC [PSYoungGen: 1592883K->796391K(1592896K)] 3254728K->2719905K(6371584K), 1.2334172 secs] [Times: user=9.53 sys=0.00, real=1.23 secs] 
2012-05-24T08:34:15.740+0200: 219975.926: [GC [PSYoungGen: 1592871K->386179K(1592896K)] 3516385K->2810311K(6371584K), 1.1258041 secs] [Times: user=8.77 sys=0.00, real=1.14 secs] 
2012-05-24T08:34:27.737+0200: 219987.914: [GC [PSYoungGen: 1182659K->57634K(1592896K)] 3606791K->2845211K(6371584K), 0.7049731 secs] [Times: user=5.60 sys=0.00, real=0.70 secs] 
2012-05-24T08:34:42.276+0200: 220002.457: [GC [PSYoungGen: 854114K->106800K(1592896K)] 3641691K->2922113K(6371584K), 0.2839536 secs] [Times: user=1.87 sys=0.00, real=0.28 secs] 
2012-05-24T08:34:57.907+0200: 220018.089: [GC [PSYoungGen: 903280K->129176K(1592896K)] 3718593K->3035294K(6371584K), 0.3776201 secs] [Times: user=3.00 sys=0.00, real=0.38 secs] 
2012-05-24T08:35:16.877+0200: 220037.061: [GC [PSYoungGen: 925656K->194493K(1592896K)] 3831774K->3198696K(6371584K), 0.3940954 secs] [Times: user=2.81 sys=0.00, real=0.41 secs] 
2012-05-24T08:35:23.804+0200: 220043.975: [GC [PSYoungGen: 990973K->172698K(1592896K)] 3995176K->3346074K(6371584K), 0.4764654 secs] [Times: user=3.48 sys=0.00, real=0.47 secs] 
2012-05-24T08:35:27.891+0200: 220048.073: [GC [PSYoungGen: 969178K->87598K(1592896K)] 4142554K->3413164K(6371584K), 0.3223774 secs] [Times: user=2.62 sys=0.00, real=0.33 secs] 
2012-05-24T08:35:34.755+0200: 220054.938: [GC [PSYoungGen: 884078K->197798K(1592896K)] 4209644K->3591317K(6371584K), 0.3776795 secs] [Times: user=2.99 sys=0.00, real=0.37 secs] 
2012-05-24T08:35:38.577+0200: 220058.755: [GC [PSYoungGen: 994278K->107027K(1592896K)] 4387797K->3687692K(6371584K), 0.3877621 secs] [Times: user=3.04 sys=0.00, real=0.39 secs] 
2012-05-24T08:35:48.374+0200: 220068.555: [GC [PSYoungGen: 903507K->201628K(1592896K)] 4484172K->3876552K(6371584K), 0.3938461 secs] [Times: user=3.03 sys=0.00, real=0.39 secs] 
2012-05-24T08:35:58.842+0200: 220079.023: [GC [PSYoungGen: 998108K->205401K(1592896K)] 4673032K->4056876K(6371584K), 0.5189057 secs] [Times: user=4.12 sys=0.00, real=0.53 secs] 
2012-05-24T08:36:09.793+0200: 220089.972: [GC [PSYoungGen: 1001881K->97690K(1592896K)] 4853356K->4111172K(6371584K), 0.5513633 secs] [Times: user=4.24 sys=0.00, real=0.55 secs] 
2012-05-24T08:36:19.824+0200: 220099.995: [GC [PSYoungGen: 894170K->231270K(1592896K)] 4907652K->4317152K(6371584K), 0.4422414 secs] [Times: user=3.49 sys=0.00, real=0.44 secs] 
2012-05-24T08:36:34.348+0200: 220114.528: [GC [PSYoungGen: 1027750K->139847K(1592896K)] 5113632K->4448544K(6371584K), 0.5080961 secs] [Times: user=4.02 sys=0.00, real=0.51 secs] 
2012-05-24T08:36:41.820+0200: 220121.993: [GC [PSYoungGen: 936327K->172571K(1601024K)] 5245024K->4588106K(6379712K), 0.4211044 secs] [Times: user=3.37 sys=0.00, real=0.42 secs] 
2012-05-24T08:36:53.240+0200: 220133.416: [GC [PSYoungGen: 977179K->143341K(1592896K)] 5392714K->4683468K(6371584K), 0.4447599 secs] [Times: user=3.40 sys=0.00, real=0.45 secs] 
2012-05-24T08:36:53.692+0200: 220133.861: [Full GC [PSYoungGen: 143341K->0K(1592896K)] [PSOldGen: 4540127K->1204620K(4778688K)] 4683468K->1204620K(6371584K) [PSPermGen: 113400K->113379K(393216K)], 6.8864652 secs] [Times: user=6.88 sys=0.00, real=6.88 secs] 
2012-05-24T08:37:10.821+0200: 220150.992: [GC [PSYoungGen: 803639K->150412K(1675456K)] 2008260K->1355032K(6454144K), 0.2166961 secs] [Times: user=1.75 sys=0.00, real=0.22 secs] 
2012-05-24T08:37:22.100+0200: 220162.274: [GC [PSYoungGen: 1074700K->20256K(1638144K)] 2279320K->1294010K(6416832K), 0.1757922 secs] [Times: user=1.37 sys=0.00, real=0.17 secs] 
2012-05-24T08:37:37.014+0200: 220177.190: [GC [PSYoungGen: 944544K->192094K(1736384K)] 2218298K->1480646K(6515072K), 0.2962675 secs] [Times: user=2.14 sys=0.00, real=0.30 secs] 
2012-05-24T08:37:48.761+0200: 220188.933: [GC [PSYoungGen: 1228382K->207815K(1689216K)] 2516934K->1627231K(6467904K), 0.6264686 secs] [Times: user=4.99 sys=0.00, real=0.62 secs] 
2012-05-24T08:38:03.596+0200: 220203.774: [GC [PSYoungGen: 1244103K->66688K(1796928K)] 2663519K->1559227K(6575616K), 0.2377793 secs] [Times: user=1.81 sys=0.00, real=0.25 secs] 
2012-05-24T08:38:15.921+0200: 220216.096: [GC [PSYoungGen: 1254208K->283192K(1779904K)] 2746747K->1823588K(6558592K), 0.4397629 secs] [Times: user=3.49 sys=0.00, real=0.44 secs] 
2012-05-24T08:38:26.716+0200: 220226.890: [GC [PSYoungGen: 1470712K->286166K(1809664K)] 3011108K->2032810K(6588352K), 0.7025974 secs] [Times: user=5.62 sys=0.00, real=0.70 secs] 
2012-05-24T08:38:42.831+0200: 220242.998: [GC [PSYoungGen: 1509462K->403783K(1627136K)] 3256106K->2405022K(6405824K), 0.7811571 secs] [Times: user=6.11 sys=0.00, real=0.78 secs] 
2012-05-24T08:38:51.083+0200: 220251.262: [GC [PSYoungGen: 1622624K->349599K(1762048K)] 3623863K->2638780K(6540736K), 0.7752739 secs] [Times: user=6.24 sys=0.00, real=0.78 secs] 
2012-05-24T08:39:05.467+0200: 220265.641: [GC [PSYoungGen: 1496927K->285116K(1768320K)] 3786108K->2869731K(6547008K), 0.7866539 secs] [Times: user=5.99 sys=0.00, real=0.80 secs] 
2012-05-24T08:39:18.618+0200: 220278.794: [GC [PSYoungGen: 1432444K->120855K(1804224K)] 4017059K->2971285K(6582912K), 0.5031068 secs] [Times: user=4.01 sys=0.00, real=0.51 secs] 
2012-05-24T08:39:27.682+0200: 220287.851: [GC [PSYoungGen: 1325591K->153499K(1789824K)] 4176021K->3084580K(6568512K), 0.4526020 secs] [Times: user=3.51 sys=0.00, real=0.45 secs] 
2012-05-24T08:39:40.365+0200: 220300.541: [GC [PSYoungGen: 1358235K->145999K(1846592K)] 4289316K->3217465K(6625280K), 0.3745282 secs] [Times: user=2.89 sys=0.00, real=0.37 secs] 
2012-05-24T08:39:51.612+0200: 220311.783: [GC [PSYoungGen: 1429327K->243010K(1826048K)] 4500793K->3411091K(6604736K), 0.4613366 secs] [Times: user=3.54 sys=0.00, real=0.47 secs] 
2012-05-24T08:40:05.621+0200: 220325.795: [GC [PSYoungGen: 1526338K->250667K(1887872K)] 4694419K->3615701K(6666560K), 0.5825978 secs] [Times: user=4.63 sys=0.00, real=0.59 secs] 
2012-05-24T08:40:17.665+0200: 220337.836: [GC [PSYoungGen: 1618667K->134771K(1869440K)] 4983701K->3686703K(6648128K), 0.7155677 secs] [Times: user=5.52 sys=0.00, real=0.72 secs] 
2012-05-24T08:40:39.536+0200: 220359.708: [GC [PSYoungGen: 1502771K->173883K(1921600K)] 5054703K->3738568K(6700288K), 0.3035014 secs] [Times: user=2.34 sys=0.00, real=0.31 secs] 
2012-05-24T08:41:01.361+0200: 220381.528: [GC [PSYoungGen: 1607035K->274342K(1900864K)] 5171720K->3840176K(6679552K), 0.4076094 secs] [Times: user=3.23 sys=0.00, real=0.40 secs] 
2012-05-24T08:41:16.696+0200: 220396.870: [GC [PSYoungGen: 1707494K->274284K(1926912K)] 5273328K->3840485K(6705600K), 0.3926685 secs] [Times: user=3.04 sys=0.00, real=0.40 secs] 
2012-05-24T08:41:29.706+0200: 220409.877: [GC [PSYoungGen: 1735340K->279832K(1923456K)] 5301541K->3928491K(6702144K), 0.5087402 secs] [Times: user=4.10 sys=0.00, real=0.51 secs] 
2012-05-24T08:41:53.746+0200: 220433.906: [GC [PSYoungGen: 1740888K->382921K(1861184K)] 5389547K->4145894K(6639872K), 0.6127299 secs] [Times: user=4.68 sys=0.00, real=0.61 secs] 
2012-05-24T08:42:29.143+0200: 220469.301: [GC [PSYoungGen: 1784329K->321280K(1722688K)] 5547302K->4352536K(6501376K), 0.9521162 secs] [Times: user=7.44 sys=0.00, real=0.95 secs] 
2012-05-24T08:42:56.334+0200: 220496.501: [GC [PSYoungGen: 1722688K->35128K(1867456K)] 5753944K->4378859K(6646144K), 0.4760158 secs] [Times: user=3.37 sys=0.00, real=0.48 secs] 
2012-05-24T08:43:22.121+0200: 220522.288: [GC [PSYoungGen: 1404792K->34608K(1404288K)] 5748523K->4385004K(6182976K), 0.0984387 secs] [Times: user=0.37 sys=0.00, real=0.11 secs] 
2012-05-24T08:43:49.500+0200: 220549.659: [GC [PSYoungGen: 1404272K->41378K(1876224K)] 5754668K->4398366K(6654912K), 0.1080416 secs] [Times: user=0.34 sys=0.00, real=0.11 secs] 
2012-05-24T08:45:00.746+0200: 220620.911: [GC [PSYoungGen: 1402658K->217695K(1874368K)] 5759646K->4574683K(6653056K), 0.3393125 secs] [Times: user=2.48 sys=0.00, real=0.34 secs] 
2012-05-24T08:45:26.954+0200: 220647.114: [GC [PSYoungGen: 1578975K->490158K(1714176K)] 5935963K->4882068K(6492864K), 0.6484673 secs] [Times: user=4.77 sys=0.00, real=0.65 secs] 
2012-05-24T08:45:36.564+0200: 220656.724: [GC [PSYoungGen: 1714158K->582629K(1806656K)] 6106068K->5162823K(6585344K), 0.8791131 secs] [Times: user=6.99 sys=0.00, real=0.87 secs] 
2012-05-24T08:45:37.437+0200: 220657.603: [Full GC [PSYoungGen: 582629K->0K(1806656K)] [PSOldGen: 4580194K->2028509K(4778688K)] 5162823K->2028509K(6585344K) [PSPermGen: 113406K->113406K(393216K)], 10.3967690 secs] [Times: user=10.41 sys=0.00, real=10.41 secs] 
2012-05-24T08:45:58.451+0200: 220678.605: [GC [PSYoungGen: 1224000K->209087K(1544128K)] 3252509K->2237597K(6322816K), 0.2681669 secs] [Times: user=2.06 sys=0.00, real=0.27 secs] 
2012-05-24T08:46:20.354+0200: 220700.512: [GC [PSYoungGen: 1170559K->35805K(1675392K)] 3199069K->2248454K(6454080K), 0.3393371 secs] [Times: user=2.45 sys=0.00, real=0.34 secs] 
2012-05-24T08:46:39.058+0200: 220719.209: [GC [PSYoungGen: 997277K->26728K(1686208K)] 3209926K->2258094K(6464896K), 0.0617014 secs] [Times: user=0.22 sys=0.00, real=0.06 secs] 
2012-05-24T08:46:54.752+0200: 220734.902: [GC [PSYoungGen: 1002152K->46721K(1678528K)] 3233518K->2283583K(6457216K), 0.0734982 secs] [Times: user=0.33 sys=0.00, real=0.06 secs] 
2012-05-24T08:47:14.252+0200: 220754.408: [GC [PSYoungGen: 1022145K->55427K(1723840K)] 3259007K->2292288K(6502528K), 0.0724788 secs] [Times: user=0.33 sys=0.00, real=0.08 secs] 
2012-05-24T08:47:39.369+0200: 220779.529: [GC [PSYoungGen: 1092611K->32488K(1702656K)] 3329472K->2269350K(6481344K), 0.0601337 secs] [Times: user=0.26 sys=0.00, real=0.06 secs] 
2012-05-24T08:48:17.995+0200: 220818.148: [GC [PSYoungGen: 1069672K->20206K(1762944K)] 3306534K->2257067K(6541632K), 0.0445421 secs] [Times: user=0.22 sys=0.00, real=0.05 secs] 
2012-05-24T08:48:39.601+0200: 220839.760: [GC [PSYoungGen: 1137006K->130256K(1743168K)] 3373867K->2367117K(6521856K), 0.1748547 secs] [Times: user=1.39 sys=0.00, real=0.19 secs] 
2012-05-24T08:48:55.778+0200: 220855.930: [GC [PSYoungGen: 1247056K->317469K(1772160K)] 3483917K->2554330K(6550848K), 0.4196867 secs] [Times: user=3.37 sys=0.00, real=0.42 secs] 
2012-05-24T08:49:20.988+0200: 220881.148: [GC [PSYoungGen: 1503965K->601376K(1787904K)] 3740826K->2925780K(6566592K), 0.7875657 secs] [Times: user=6.26 sys=0.00, real=0.80 secs] 
2012-05-24T08:49:37.322+0200: 220897.476: [GC [PSYoungGen: 1770482K->601393K(1397888K)] 4094887K->3105891K(6176576K), 0.9088525 secs] [Times: user=7.11 sys=0.00, real=0.90 secs] 
2012-05-24T08:50:00.675+0200: 220920.833: [GC [PSYoungGen: 1397873K->619401K(1592896K)] 3902371K->3128515K(6371584K), 0.6583671 secs] [Times: user=4.70 sys=0.00, real=0.67 secs] 
2012-05-24T08:50:19.255+0200: 220939.412: [GC [PSYoungGen: 1415881K->471040K(1592896K)] 3924995K->3092529K(6371584K), 0.6155535 secs] [Times: user=4.62 sys=0.00, real=0.62 secs] 
2012-05-24T08:50:32.172+0200: 220952.316: [GC [PSYoungGen: 1267520K->28264K(1592896K)] 3889009K->3092498K(6371584K), 0.7213608 secs] [Times: user=5.57 sys=0.00, real=0.72 secs] 
2012-05-24T08:50:44.652+0200: 220964.803: [GC [PSYoungGen: 824744K->23616K(1592896K)] 3888978K->3091928K(6371584K), 0.0799554 secs] [Times: user=0.41 sys=0.00, real=0.08 secs] 
2012-05-24T08:50:58.334+0200: 220978.486: [GC [PSYoungGen: 820096K->25348K(1592896K)] 3888408K->3097076K(6371584K), 0.0828021 secs] [Times: user=0.16 sys=0.00, real=0.08 secs] 
2012-05-24T08:51:09.971+0200: 220990.115: [GC [PSYoungGen: 821828K->29175K(1592896K)] 3893556K->3106047K(6371584K), 0.0672913 secs] [Times: user=0.31 sys=0.00, real=0.06 secs] 
2012-05-24T08:51:22.046+0200: 221002.202: [GC [PSYoungGen: 825655K->21524K(1592896K)] 3902527K->3105139K(6371584K), 0.0761866 secs] [Times: user=0.11 sys=0.00, real=0.08 secs] 
2012-05-24T08:51:36.102+0200: 221016.249: [GC [PSYoungGen: 818004K->23266K(1592896K)] 3901619K->3113600K(6371584K), 0.0503368 secs] [Times: user=0.17 sys=0.00, real=0.05 secs] 
2012-05-24T08:51:48.941+0200: 221029.089: [GC [PSYoungGen: 819746K->20641K(1592896K)] 3910080K->3116032K(6371584K), 0.0496758 secs] [Times: user=0.25 sys=0.00, real=0.05 secs] 
2012-05-24T08:52:17.068+0200: 221057.219: [GC [PSYoungGen: 817121K->22158K(1645056K)] 3912512K->3117550K(6423744K), 0.0495606 secs] [Times: user=0.16 sys=0.00, real=0.05 secs] 
2012-05-24T08:52:44.633+0200: 221084.773: [GC [PSYoungGen: 887438K->113571K(1609536K)] 3982830K->3208963K(6388224K), 0.1720736 secs] [Times: user=1.11 sys=0.00, real=0.17 secs] 
2012-05-24T08:53:01.294+0200: 221101.444: [GC [PSYoungGen: 978851K->377406K(1637952K)] 4074243K->3472797K(6416640K), 0.4538462 secs] [Times: user=3.53 sys=0.00, real=0.45 secs] 
2012-05-24T08:53:22.027+0200: 221122.176: [GC [PSYoungGen: 1322622K->35504K(1667264K)] 4418013K->3130895K(6445952K), 0.0837641 secs] [Times: user=0.45 sys=0.00, real=0.11 secs] 
2012-05-24T08:53:38.111+0200: 221138.255: [GC [PSYoungGen: 980720K->60158K(1734336K)] 4076111K->3155549K(6513024K), 0.0887821 secs] [Times: user=0.28 sys=0.00, real=0.09 secs] 
2012-05-24T08:53:53.352+0200: 221153.490: [GC [PSYoungGen: 1103550K->37574K(1698368K)] 4198941K->3132966K(6477056K), 0.0584283 secs] [Times: user=0.26 sys=0.00, real=0.05 secs] 
2012-05-24T08:54:08.235+0200: 221168.372: [GC [PSYoungGen: 1080966K->32086K(1795776K)] 4176358K->3127478K(6574464K), 0.0683266 secs] [Times: user=0.17 sys=0.00, real=0.06 secs] 
2012-05-24T08:54:31.276+0200: 221191.422: [GC [PSYoungGen: 1204118K->30282K(1765568K)] 4299510K->3125674K(6544256K), 0.0995318 secs] [Times: user=0.14 sys=0.00, real=0.11 secs] 
2012-05-24T08:55:20.121+0200: 221240.258: [GC [PSYoungGen: 1202314K->61122K(1860288K)] 4297706K->3156513K(6638976K), 0.1248390 secs] [Times: user=0.62 sys=0.00, real=0.12 secs] 
2012-05-24T08:55:29.278+0200: 221249.424: [GC [PSYoungGen: 1357634K->212175K(1825536K)] 4453025K->3307567K(6604224K), 0.2853468 secs] [Times: user=2.37 sys=0.00, real=0.30 secs] 
2012-05-24T08:55:39.059+0200: 221259.206: [GC [PSYoungGen: 1508687K->407178K(1735104K)] 4604079K->3502570K(6513792K), 0.4568756 secs] [Times: user=3.51 sys=0.00, real=0.47 secs] 
2012-05-24T08:56:02.210+0200: 221282.344: [GC [PSYoungGen: 1618122K->521913K(1732864K)] 4713514K->3618957K(6511552K), 0.6392607 secs] [Times: user=4.79 sys=0.00, real=0.64 secs] 
2012-05-24T08:56:21.351+0200: 221301.490: [GC [PSYoungGen: 1732857K->252208K(1732224K)] 4829901K->3349267K(6510912K), 0.3054557 secs] [Times: user=2.29 sys=0.00, real=0.31 secs] 
2012-05-24T08:56:54.190+0200: 221334.326: [GC [PSYoungGen: 1327984K->84724K(1732544K)] 4425043K->3181816K(6511232K), 0.1331004 secs] [Times: user=0.30 sys=0.00, real=0.13 secs] 
2012-05-24T08:57:10.788+0200: 221350.920: [GC [PSYoungGen: 1160500K->32704K(1778944K)] 4257592K->3129796K(6557632K), 0.0729094 secs] [Times: user=0.14 sys=0.00, real=0.06 secs] 
2012-05-24T08:57:27.699+0200: 221367.838: [GC [PSYoungGen: 1182400K->34303K(1760064K)] 4279492K->3131394K(6538752K), 0.0648384 secs] [Times: user=0.26 sys=0.00, real=0.06 secs] 
2012-05-24T08:57:44.656+0200: 221384.789: [GC [PSYoungGen: 1183999K->33344K(1822912K)] 4281090K->3130436K(6601600K), 0.0718491 secs] [Times: user=0.20 sys=0.00, real=0.06 secs] 
2012-05-24T08:58:04.016+0200: 221404.148: [GC [PSYoungGen: 1267200K->37333K(1800256K)] 4364292K->3134432K(6578944K), 0.0611126 secs] [Times: user=0.25 sys=0.00, real=0.06 secs] 
2012-05-24T08:59:12.766+0200: 221472.893: [GC [PSYoungGen: 1271189K->246199K(1844992K)] 4368288K->3343322K(6623680K), 0.3728473 secs] [Times: user=2.87 sys=0.00, real=0.36 secs] 
2012-05-24T08:59:44.950+0200: 221505.076: [GC [PSYoungGen: 1549175K->202736K(1846144K)] 4646298K->3299931K(6624832K), 0.2815626 secs] [Times: user=1.93 sys=0.00, real=0.28 secs] 
2012-05-24T09:00:24.964+0200: 221545.102: [GC [PSYoungGen: 1505712K->95331K(1892544K)] 4602907K->3192598K(6671232K), 0.1311446 secs] [Times: user=0.42 sys=0.00, real=0.14 secs] 
2012-05-24T09:00:52.717+0200: 221572.842: [GC [PSYoungGen: 1462819K->54360K(1864256K)] 4560086K->3151691K(6642944K), 0.0853313 secs] [Times: user=0.28 sys=0.00, real=0.08 secs] 
2012-05-24T09:01:19.487+0200: 221599.619: [GC [PSYoungGen: 1421848K->51097K(1932352K)] 4519179K->3148460K(6711040K), 0.0777149 secs] [Times: user=0.33 sys=0.00, real=0.08 secs] 
2012-05-24T09:02:54.476+0200: 221694.608: [GC [PSYoungGen: 1506649K->264320K(1912512K)] 4604012K->3362326K(6691200K), 0.3670465 secs] [Times: user=2.76 sys=0.00, real=0.38 secs] 
2012-05-24T09:03:26.550+0200: 221726.678: [GC [PSYoungGen: 1719872K->474793K(1484288K)] 4817878K->3910377K(6262976K), 1.0844353 secs] [Times: user=8.27 sys=0.00, real=1.09 secs] 
2012-05-24T09:03:57.579+0200: 221757.711: [GC [PSYoungGen: 1484265K->460635K(1470144K)] 4919849K->3896342K(6248832K), 0.5632256 secs] [Times: user=3.89 sys=0.00, real=0.58 secs] 
2012-05-24T09:04:25.238+0200: 221785.365: [GC [PSYoungGen: 1470107K->431024K(1608064K)] 4905814K->3866731K(6386752K), 0.5009963 secs] [Times: user=3.46 sys=0.00, real=0.50 secs] 
2012-05-24T09:04:42.570+0200: 221802.697: [GC [PSYoungGen: 1303792K->431025K(1303808K)] 4739499K->3866771K(6082496K), 0.5106525 secs] [Times: user=3.59 sys=0.00, real=0.52 secs] 
2012-05-24T09:04:59.512+0200: 221819.641: [GC [PSYoungGen: 1303793K->436977K(1593216K)] 4739539K->3872723K(6371904K), 0.4939647 secs] [Times: user=3.62 sys=0.00, real=0.50 secs] 
2012-05-24T09:05:21.383+0200: 221841.500: [GC [PSYoungGen: 1256497K->445053K(1264576K)] 4692243K->3880807K(6043264K), 0.7750522 secs] [Times: user=3.81 sys=0.00, real=0.77 secs] 
2012-05-24T09:05:29.433+0200: 221849.550: [GC [PSYoungGen: 1264573K->457597K(1590016K)] 4700327K->3893367K(6368704K), 0.8190746 secs] [Times: user=3.74 sys=0.00, real=0.81 secs] 
2012-05-24T09:05:35.517+0200: 221855.635: [GC [PSYoungGen: 1254077K->506394K(1592896K)] 4689847K->3942228K(6371584K), 0.6928072 secs] [Times: user=4.70 sys=0.00, real=0.69 secs] 
2012-05-24T09:05:42.553+0200: 221862.679: [GC [PSYoungGen: 1302874K->624573K(1592896K)] 4738708K->4062935K(6371584K), 0.8186717 secs] [Times: user=5.52 sys=0.00, real=0.83 secs] 
2012-05-24T09:05:47.186+0200: 221867.305: [GC [PSYoungGen: 1421053K->647247K(1592896K)] 4859415K->4085617K(6371584K), 0.7637623 secs] [Times: user=5.33 sys=0.00, real=0.76 secs] 
2012-05-24T09:06:00.571+0200: 221880.685: [GC [PSYoungGen: 1443727K->46412K(1592896K)] 4882097K->3866191K(6371584K), 0.7514361 secs] [Times: user=5.02 sys=0.00, real=0.75 secs] 
2012-05-24T09:06:14.455+0200: 221894.570: [GC [PSYoungGen: 842892K->35390K(1592896K)] 4662671K->3871957K(6371584K), 0.3480020 secs] [Times: user=1.54 sys=0.00, real=0.34 secs] 
2012-05-24T09:06:53.627+0200: 221933.755: [GC [PSYoungGen: 831870K->93926K(1592896K)] 4668437K->3930501K(6371584K), 0.1724627 secs] [Times: user=1.01 sys=0.00, real=0.19 secs] 
2012-05-24T09:07:09.009+0200: 221949.133: [GC [PSYoungGen: 890406K->199037K(1592896K)] 4726981K->4036318K(6371584K), 0.2903453 secs] [Times: user=2.08 sys=0.00, real=0.30 secs] 
2012-05-24T09:07:24.516+0200: 221964.639: [GC [PSYoungGen: 995517K->343886K(1592896K)] 4832798K->4181618K(6371584K), 0.4126028 secs] [Times: user=3.18 sys=0.00, real=0.42 secs] 
2012-05-24T09:07:35.592+0200: 221975.713: [GC [PSYoungGen: 1140366K->688125K(1592896K)] 4978098K->4526965K(6371584K), 0.8925927 secs] [Times: user=6.75 sys=0.00, real=0.89 secs] 
2012-05-24T09:07:46.341+0200: 221986.466: [GC [PSYoungGen: 1484605K->796385K(1592896K)] 5323445K->4781848K(6371584K), 1.1116568 secs] [Times: user=8.21 sys=0.00, real=1.12 secs] 
2012-05-24T09:08:05.404+0200: 222005.523: [GC [PSYoungGen: 1592865K->702042K(1592896K)] 5578328K->4856862K(6371584K), 0.9155611 secs] [Times: user=6.82 sys=0.00, real=0.92 secs] 
2012-05-24T09:08:08.586+0200: 222008.698: [GC [PSYoungGen: 1498522K->164112K(1592896K)] 5653342K->4844254K(6371584K), 0.8510391 secs] [Times: user=6.40 sys=0.00, real=0.84 secs] 
2012-05-24T09:08:09.429+0200: 222009.549: [Full GC [PSYoungGen: 164112K->0K(1592896K)] [PSOldGen: 4680142K->1399409K(4778688K)] 4844254K->1399409K(6371584K) [PSPermGen: 113432K->113432K(393216K)], 6.0510275 secs] [Times: user=6.05 sys=0.00, real=6.05 secs] 
2012-05-24T09:08:22.907+0200: 222023.017: [GC [PSYoungGen: 796480K->73789K(1592896K)] 2195889K->1473199K(6371584K), 0.0986845 secs] [Times: user=0.73 sys=0.00, real=0.09 secs] 
2012-05-24T09:08:35.996+0200: 222036.120: [GC [PSYoungGen: 870269K->130722K(1592896K)] 2269679K->1593999K(6371584K), 0.2967539 secs] [Times: user=2.01 sys=0.00, real=0.31 secs] 
2012-05-24T09:08:49.631+0200: 222049.746: [GC [PSYoungGen: 927202K->158574K(1592896K)] 2390479K->1745138K(6371584K), 0.3932737 secs] [Times: user=3.00 sys=0.00, real=0.39 secs] 
2012-05-24T09:08:58.398+0200: 222058.513: [GC [PSYoungGen: 955054K->445389K(1592896K)] 2541618K->2156248K(6371584K), 0.7483340 secs] [Times: user=5.55 sys=0.00, real=0.75 secs] 
2012-05-24T09:09:06.494+0200: 222066.606: [GC [PSYoungGen: 1241869K->133039K(1592896K)] 2952728K->2271527K(6371584K), 0.7391514 secs] [Times: user=5.57 sys=0.00, real=0.73 secs] 
2012-05-24T09:09:15.215+0200: 222075.333: [GC [PSYoungGen: 929519K->223117K(1592896K)] 3068007K->2478125K(6371584K), 0.5220468 secs] [Times: user=3.84 sys=0.00, real=0.53 secs] 
2012-05-24T09:09:27.601+0200: 222087.714: [GC [PSYoungGen: 1019597K->36487K(1592896K)] 3274605K->2470054K(6371584K), 0.4969096 secs] [Times: user=3.87 sys=0.00, real=0.50 secs] 
2012-05-24T09:10:28.083+0200: 222148.199: [GC [PSYoungGen: 832967K->128396K(1592896K)] 3266534K->2583801K(6371584K), 0.2871792 secs] [Times: user=1.65 sys=0.00, real=0.30 secs] 
2012-05-24T09:11:01.639+0200: 222181.756: [GC [PSYoungGen: 924876K->108913K(1592896K)] 3380281K->2670049K(6371584K), 0.3204698 secs] [Times: user=2.50 sys=0.01, real=0.33 secs] 
2012-05-24T09:11:12.216+0200: 222192.332: [GC [PSYoungGen: 905393K->265065K(1610048K)] 3466529K->2895765K(6388736K), 0.4528959 secs] [Times: user=3.32 sys=0.00, real=0.45 secs] 
2012-05-24T09:11:20.141+0200: 222200.250: [GC [PSYoungGen: 1078697K->204175K(1592896K)] 3709397K->3037874K(6371584K), 1.1864580 secs] [Times: user=7.63 sys=0.00, real=1.19 secs] 
2012-05-24T09:11:25.196+0200: 222205.308: [GC [PSYoungGen: 1017807K->92280K(1677184K)] 3851506K->3127807K(6455872K), 0.4622976 secs] [Times: user=3.23 sys=0.00, real=0.47 secs] 
2012-05-24T09:11:35.679+0200: 222215.790: [GC [PSYoungGen: 1034872K->186969K(1654720K)] 4070399K->3306856K(6433408K), 0.3834184 secs] [Times: user=2.82 sys=0.00, real=0.39 secs] 
2012-05-24T09:11:43.978+0200: 222224.094: [GC [PSYoungGen: 1129561K->269501K(1746432K)] 4249448K->3548363K(6525120K), 0.5621177 secs] [Times: user=4.23 sys=0.00, real=0.56 secs] 
2012-05-24T09:11:53.292+0200: 222233.399: [GC [PSYoungGen: 1344317K->260021K(1717696K)] 4623179K->3747055K(6496384K), 0.6667377 secs] [Times: user=4.96 sys=0.00, real=0.67 secs] 
2012-05-24T09:12:14.024+0200: 222254.126: [GC [PSYoungGen: 1334837K->190661K(1807360K)] 4821871K->3879467K(6586048K), 0.5056590 secs] [Times: user=3.77 sys=0.00, real=0.50 secs] 
2012-05-24T09:12:42.261+0200: 222282.363: [GC [PSYoungGen: 1385669K->240679K(1776960K)] 5074475K->4108325K(6555648K), 0.6395034 secs] [Times: user=4.49 sys=0.00, real=0.64 secs] 
2012-05-24T09:12:54.429+0200: 222294.531: [GC [PSYoungGen: 1435687K->550688K(1522560K)] 5303333K->4611908K(6301248K), 1.2147582 secs] [Times: user=8.74 sys=0.00, real=1.20 secs] 
2012-05-24T09:13:07.533+0200: 222307.634: [GC [PSYoungGen: 1522528K->590819K(1562688K)] 5583748K->5195943K(6341376K), 1.5245914 secs] [Times: user=10.19 sys=0.00, real=1.51 secs] 
2012-05-24T09:13:09.046+0200: 222309.159: [Full GC [PSYoungGen: 590819K->0K(1562688K)] [PSOldGen: 4605124K->2933125K(4778688K)] 5195943K->2933125K(6341376K) [PSPermGen: 113437K->113437K(393216K)], 16.7694408 secs] [Times: user=16.72 sys=0.03, real=16.77 secs] 
2012-05-24T09:13:29.670+0200: 222329.778: [GC [PSYoungGen: 971840K->405262K(1621696K)] 3904965K->3338387K(6400384K), 0.6141343 secs] [Times: user=3.95 sys=0.00, real=0.61 secs] 
2012-05-24T09:13:46.534+0200: 222346.646: [GC [PSYoungGen: 1246734K->99851K(1609088K)] 4179859K->3439063K(6387776K), 0.7582108 secs] [Times: user=5.29 sys=0.00, real=0.76 secs] 
2012-05-24T09:13:52.727+0200: 222352.839: [GC [PSYoungGen: 941323K->293376K(1673344K)] 4280535K->3730533K(6452032K), 0.3752117 secs] [Times: user=2.90 sys=0.00, real=0.37 secs] 
2012-05-24T09:13:55.332+0200: 222355.440: [GC [PSYoungGen: 1205824K->163168K(1628416K)] 4642981K->3701644K(6407104K), 0.3291162 secs] [Times: user=2.62 sys=0.00, real=0.33 secs] 
2012-05-24T09:13:57.204+0200: 222357.310: [GC [PSYoungGen: 1075616K->67858K(1695936K)] 4614092K->3764301K(6474624K), 0.2853611 secs] [Times: user=2.22 sys=0.00, real=0.28 secs] 
2012-05-24T09:14:00.402+0200: 222360.504: [GC [PSYoungGen: 1066322K->66089K(1691840K)] 4762765K->3812671K(6470528K), 0.1865926 secs] [Times: user=1.23 sys=0.00, real=0.19 secs] 
2012-05-24T09:14:09.154+0200: 222369.255: [GC [PSYoungGen: 1064553K->148424K(1732928K)] 4811135K->3960628K(6511616K), 0.2852679 secs] [Times: user=2.12 sys=0.00, real=0.28 secs] 
2012-05-24T09:14:17.406+0200: 222377.505: [GC [PSYoungGen: 1197256K->262238K(1705216K)] 5009460K->4200501K(6483904K), 0.5297138 secs] [Times: user=3.96 sys=0.00, real=0.53 secs] 
2012-05-24T09:14:28.436+0200: 222388.543: [GC [PSYoungGen: 1311070K->125914K(1784640K)] 5249333K->4282834K(6563328K), 0.4992883 secs] [Times: user=3.67 sys=0.03, real=0.50 secs] 
2012-05-24T09:14:41.462+0200: 222401.568: [GC [PSYoungGen: 1286170K->286325K(1764928K)] 5443090K->4561377K(6543616K), 0.5689174 secs] [Times: user=4.37 sys=0.00, real=0.58 secs] 
2012-05-24T09:14:54.332+0200: 222414.437: [GC [PSYoungGen: 1446581K->259763K(1825728K)] 5721633K->4807069K(6604416K), 0.7717708 secs] [Times: user=5.69 sys=0.01, real=0.78 secs] 
2012-05-24T09:14:55.112+0200: 222415.209: [Full GC [PSYoungGen: 259763K->0K(1825728K)] [PSOldGen: 4547306K->1988135K(4778688K)] 4807069K->1988135K(6604416K) [PSPermGen: 113441K->113406K(393216K)], 12.8028998 secs] [Times: user=12.78 sys=0.02, real=12.79 secs] 
2012-05-24T09:15:26.656+0200: 222446.756: [GC [PSYoungGen: 1236672K->171730K(1800256K)] 3224807K->2159866K(6578944K), 0.3877155 secs] [Times: user=1.84 sys=0.00, real=0.39 secs] 
2012-05-24T09:15:32.880+0200: 222452.990: [GC [PSYoungGen: 1408402K->146841K(1865216K)] 3396538K->2261109K(6643904K), 0.3607239 secs] [Times: user=2.78 sys=0.02, real=0.38 secs] 
2012-05-24T09:15:38.699+0200: 222458.800: [GC [PSYoungGen: 1470617K->255782K(1847872K)] 3584885K->2489809K(6626560K), 0.5207796 secs] [Times: user=4.09 sys=0.00, real=0.52 secs] 
2012-05-24T09:15:48.668+0200: 222468.769: [GC [PSYoungGen: 1579558K->266206K(1895168K)] 3813585K->2740524K(6673856K), 0.6590926 secs] [Times: user=4.95 sys=0.00, real=0.65 secs] 
2012-05-24T09:15:58.449+0200: 222478.559: [GC [PSYoungGen: 1654558K->282199K(1882496K)] 4128876K->2974866K(6661184K), 0.6892836 secs] [Times: user=5.62 sys=0.00, real=0.70 secs] 
2012-05-24T09:16:10.367+0200: 222490.466: [GC [PSYoungGen: 1670551K->256130K(1918848K)] 4363218K->3180669K(6697536K), 0.7899521 secs] [Times: user=6.02 sys=0.00, real=0.78 secs] 
2012-05-24T09:16:21.147+0200: 222501.251: [GC [PSYoungGen: 1687490K->470446K(1901824K)] 4612029K->3873589K(6680512K), 1.3143940 secs] [Times: user=10.48 sys=0.00, real=1.31 secs] 
2012-05-24T09:16:33.050+0200: 222513.148: [GC [PSYoungGen: 1901806K->427301K(1446912K)] 5304949K->4288982K(6225600K), 1.2409485 secs] [Times: user=8.97 sys=0.00, real=1.23 secs] 
2012-05-24T09:16:37.340+0200: 222517.444: [GC [PSYoungGen: 1386725K->271600K(1674368K)] 5248406K->4480888K(6453056K), 0.8796348 secs] [Times: user=6.57 sys=0.00, real=0.89 secs] 
2012-05-24T09:16:42.270+0200: 222522.365: [GC [PSYoungGen: 1231024K->204668K(1724096K)] 5440312K->4683190K(6502784K), 0.7783304 secs] [Times: user=5.74 sys=0.00, real=0.78 secs] 
2012-05-24T09:16:43.050+0200: 222523.144: [Full GC [PSYoungGen: 204668K->0K(1724096K)] [PSOldGen: 4478522K->3321463K(4778688K)] 4683190K->3321463K(6502784K) [PSPermGen: 113414K->113414K(393216K)], 18.7618014 secs] [Times: user=18.74 sys=0.01, real=18.75 secs] 
2012-05-24T09:17:06.996+0200: 222547.097: [GC [PSYoungGen: 1040640K->125442K(1705856K)] 4362103K->3446906K(6484544K), 0.3951511 secs] [Times: user=3.12 sys=0.00, real=0.39 secs] 
2012-05-24T09:17:14.609+0200: 222554.715: [GC [PSYoungGen: 1166082K->238050K(1759232K)] 4487546K->3678116K(6537920K), 0.5289720 secs] [Times: user=4.23 sys=0.00, real=0.53 secs] 
2012-05-24T09:17:25.280+0200: 222565.373: [GC [PSYoungGen: 1337954K->193365K(1729984K)] 4778020K->3788098K(6508672K), 0.4922050 secs] [Times: user=3.56 sys=0.00, real=0.48 secs] 
2012-05-24T09:17:33.282+0200: 222573.379: [GC [PSYoungGen: 1293269K->198159K(1800512K)] 4888002K->3903583K(6579200K), 0.6457108 secs] [Times: user=5.12 sys=0.00, real=0.64 secs] 
2012-05-24T09:17:43.750+0200: 222583.842: [GC [PSYoungGen: 1388623K->223548K(1779264K)] 5094047K->4113370K(6557952K), 0.5174164 secs] [Times: user=3.60 sys=0.00, real=0.52 secs] 
2012-05-24T09:17:55.123+0200: 222595.218: [GC [PSYoungGen: 1414012K->262409K(1855488K)] 5303834K->4242607K(6634176K), 0.6889084 secs] [Times: user=5.04 sys=0.02, real=0.69 secs] 
2012-05-24T09:18:08.477+0200: 222608.570: [GC [PSYoungGen: 1554505K->286376K(1825920K)] 5534703K->4266575K(6604608K), 0.6223471 secs] [Times: user=4.31 sys=0.00, real=0.62 secs] 
2012-05-24T09:18:20.270+0200: 222620.368: [GC [PSYoungGen: 1578472K->515948K(1672000K)] 5558671K->4583981K(6450688K), 0.7131188 secs] [Times: user=5.49 sys=0.00, real=0.72 secs] 
2012-05-24T09:18:31.284+0200: 222631.377: [GC [PSYoungGen: 1671980K->387689K(1543744K)] 5740013K->4702929K(6322432K), 1.0116514 secs] [Times: user=7.25 sys=0.00, real=1.01 secs] 
2012-05-24T09:18:42.033+0200: 222642.123: [GC [PSYoungGen: 1543721K->542146K(1659136K)] 5858961K->4857386K(6437824K), 0.6495507 secs] [Times: user=5.10 sys=0.00, real=0.64 secs] 
2012-05-24T09:18:50.316+0200: 222650.421: [GC [PSYoungGen: 1583106K->544124K(1585088K)] 5898346K->4859364K(6363776K), 1.1535718 secs] [Times: user=9.17 sys=0.00, real=1.15 secs] 
2012-05-24T09:19:03.779+0200: 222663.871: [GC [PSYoungGen: 1585084K->375336K(1698240K)] 5900324K->4913557K(6476928K), 1.2408620 secs] [Times: user=9.84 sys=0.00, real=1.23 secs] 
2012-05-24T09:19:05.012+0200: 222665.112: [Full GC [PSYoungGen: 375336K->0K(1698240K)] [PSOldGen: 4538220K->1547509K(4778688K)] 4913557K->1547509K(6476928K) [PSPermGen: 113424K->113424K(393216K)], 6.5176391 secs] [Times: user=6.52 sys=0.00, real=6.52 secs] 
2012-05-24T09:19:19.395+0200: 222679.486: [GC [PSYoungGen: 979264K->298696K(1670336K)] 2526773K->1846205K(6449024K), 0.3882137 secs] [Times: user=2.98 sys=0.00, real=0.39 secs] 
2012-05-24T09:19:30.300+0200: 222690.394: [GC [PSYoungGen: 1277960K->458935K(1704384K)] 2825469K->2006444K(6483072K), 0.4825954 secs] [Times: user=3.87 sys=0.00, real=0.48 secs] 
2012-05-24T09:19:41.781+0200: 222701.884: [GC [PSYoungGen: 1496567K->587807K(1625472K)] 3044076K->2135317K(6404160K), 0.6678630 secs] [Times: user=5.30 sys=0.00, real=0.67 secs] 
2012-05-24T09:19:50.907+0200: 222711.005: [GC [PSYoungGen: 1625439K->580250K(1583296K)] 3172949K->2127760K(6361984K), 1.0372580 secs] [Times: user=8.17 sys=0.00, real=1.05 secs] 
2012-05-24T09:20:04.012+0200: 222724.100: [GC [PSYoungGen: 1434842K->625933K(1480576K)] 2982352K->2173442K(6259264K), 0.9994322 secs] [Times: user=7.88 sys=0.00, real=1.00 secs] 
2012-05-24T09:20:16.117+0200: 222736.213: [GC [PSYoungGen: 1480525K->574619K(1592896K)] 3028034K->2344867K(6371584K), 0.9928234 secs] [Times: user=7.67 sys=0.00, real=1.00 secs] 
2012-05-24T09:20:24.151+0200: 222744.250: [GC [PSYoungGen: 1371099K->339604K(1592896K)] 3141347K->2379292K(6371584K), 0.6761793 secs] [Times: user=5.29 sys=0.00, real=0.69 secs] 
2012-05-24T09:20:34.541+0200: 222754.635: [GC [PSYoungGen: 1136084K->344235K(1604480K)] 3175772K->2472727K(6383168K), 0.4963746 secs] [Times: user=3.90 sys=0.00, real=0.50 secs] 
2012-05-24T09:20:40.469+0200: 222760.571: [GC [PSYoungGen: 1152299K->362703K(1592896K)] 3280791K->2663043K(6371584K), 0.6757477 secs] [Times: user=5.49 sys=0.00, real=0.69 secs] 
2012-05-24T09:20:46.351+0200: 222766.440: [GC [PSYoungGen: 1170767K->351604K(1654528K)] 3471107K->2763157K(6433216K), 0.7191716 secs] [Times: user=5.68 sys=0.00, real=0.72 secs] 
2012-05-24T09:20:57.161+0200: 222777.251: [GC [PSYoungGen: 1247796K->276098K(1630976K)] 3659349K->3030601K(6409664K), 0.7730349 secs] [Times: user=6.08 sys=0.00, real=0.77 secs] 
2012-05-24T09:21:04.556+0200: 222784.642: [GC [PSYoungGen: 1172290K->240593K(1671168K)] 3926793K->3196725K(6449856K), 0.7545291 secs] [Times: user=5.99 sys=0.00, real=0.75 secs] 
2012-05-24T09:21:16.506+0200: 222796.592: [GC [PSYoungGen: 1187025K->210983K(1664576K)] 4143157K->3400637K(6443264K), 0.5831896 secs] [Times: user=4.56 sys=0.00, real=0.58 secs] 
2012-05-24T09:21:25.335+0200: 222805.430: [GC [PSYoungGen: 1157415K->302664K(1700928K)] 4347069K->3664208K(6479616K), 0.7195535 secs] [Times: user=5.35 sys=0.00, real=0.72 secs] 
2012-05-24T09:21:32.262+0200: 222812.349: [GC [PSYoungGen: 1290504K->231697K(1676224K)] 4652048K->3879673K(6454912K), 0.7465840 secs] [Times: user=5.63 sys=0.00, real=0.75 secs] 
2012-05-24T09:21:38.642+0200: 222818.737: [GC [PSYoungGen: 1219537K->224559K(1725568K)] 4867513K->4041001K(6504256K), 0.5595342 secs] [Times: user=4.48 sys=0.00, real=0.56 secs] 
2012-05-24T09:21:49.703+0200: 222829.788: [GC [PSYoungGen: 1273583K->188164K(1712768K)] 5090025K->4182375K(6491456K), 0.6790510 secs] [Times: user=5.37 sys=0.00, real=0.67 secs] 
2012-05-24T09:21:58.673+0200: 222838.771: [GC [PSYoungGen: 1237188K->320447K(1766976K)] 5231399K->4471462K(6545664K), 0.6327835 secs] [Times: user=5.02 sys=0.00, real=0.64 secs] 
2012-05-24T09:22:09.422+0200: 222849.516: [GC [PSYoungGen: 1432255K->167434K(1734144K)] 5583270K->4612288K(6512832K), 0.7226475 secs] [Times: user=5.76 sys=0.00, real=0.73 secs] 
2012-05-24T09:22:10.155+0200: 222850.239: [Full GC [PSYoungGen: 167434K->0K(1734144K)] [PSOldGen: 4444853K->1600371K(4778688K)] 4612288K->1600371K(6512832K) [PSPermGen: 113428K->113428K(393216K)], 7.8375728 secs] [Times: user=7.83 sys=0.00, real=7.83 secs] 
2012-05-24T09:22:25.349+0200: 222865.433: [GC [PSYoungGen: 1111808K->320217K(1796864K)] 2712179K->1920589K(6575552K), 0.4510179 secs] [Times: user=3.49 sys=0.00, real=0.44 secs] 
2012-05-24T09:22:37.081+0200: 222877.179: [GC [PSYoungGen: 1499481K->260897K(1771712K)] 3099853K->2121727K(6550400K), 0.6843481 secs] [Times: user=5.49 sys=0.00, real=0.69 secs] 
2012-05-24T09:22:46.066+0200: 222886.150: [GC [PSYoungGen: 1440161K->325242K(1836032K)] 3300991K->2385332K(6614720K), 0.7078842 secs] [Times: user=5.60 sys=0.00, real=0.70 secs] 
2012-05-24T09:22:58.344+0200: 222898.429: [GC [PSYoungGen: 1590074K->204905K(1818112K)] 3650164K->2513804K(6596800K), 0.6039268 secs] [Times: user=4.68 sys=0.00, real=0.59 secs] 
2012-05-24T09:23:08.281+0200: 222908.363: [GC [PSYoungGen: 1469737K->329274K(1856192K)] 3778636K->2727713K(6634880K), 0.5922698 secs] [Times: user=4.60 sys=0.00, real=0.58 secs] 
2012-05-24T09:23:18.842+0200: 222918.934: [GC [PSYoungGen: 1640570K->168508K(1844416K)] 4039009K->2751200K(6623104K), 0.6044940 secs] [Times: user=4.87 sys=0.00, real=0.61 secs] 
2012-05-24T09:23:30.184+0200: 222930.269: [GC [PSYoungGen: 1479804K->199180K(1868352K)] 4062496K->2840564K(6647040K), 0.3731085 secs] [Times: user=2.96 sys=0.00, real=0.37 secs] 
2012-05-24T09:23:39.622+0200: 222939.710: [GC [PSYoungGen: 1536268K->282803K(1858048K)] 4177652K->2924188K(6636736K), 0.5383619 secs] [Times: user=4.15 sys=0.00, real=0.53 secs] 
2012-05-24T09:23:50.511+0200: 222950.605: [GC [PSYoungGen: 1619891K->499107K(1704192K)] 4261276K->3229213K(6482880K), 0.7473525 secs] [Times: user=5.98 sys=0.00, real=0.75 secs] 
2012-05-24T09:24:02.429+0200: 222962.519: [GC [PSYoungGen: 1704163K->447065K(1652160K)] 4434269K->3407186K(6430848K), 0.8488555 secs] [Times: user=6.68 sys=0.00, real=0.86 secs] 
2012-05-24T09:24:12.398+0200: 222972.482: [GC [PSYoungGen: 1652121K->285721K(1797312K)] 4612242K->3471321K(6576000K), 0.6978129 secs] [Times: user=5.62 sys=0.00, real=0.70 secs] 
2012-05-24T09:24:22.507+0200: 222982.598: [GC [PSYoungGen: 1467673K->248473K(1773952K)] 4653273K->3503004K(6552640K), 0.6445537 secs] [Times: user=5.13 sys=0.00, real=0.65 secs] 
2012-05-24T09:24:32.772+0200: 222992.865: [GC [PSYoungGen: 1430425K->367581K(1818496K)] 4684956K->3786153K(6597184K), 0.6764916 secs] [Times: user=5.49 sys=0.00, real=0.69 secs] 
2012-05-24T09:24:46.048+0200: 223006.135: [GC [PSYoungGen: 1609693K->308882K(1812928K)] 5028265K->3791211K(6591616K), 0.4348682 secs] [Times: user=3.43 sys=0.00, real=0.44 secs] 
2012-05-24T09:25:08.044+0200: 223028.126: [GC [PSYoungGen: 1550994K->433950K(1801408K)] 5033323K->3916278K(6580096K), 1.1606071 secs] [Times: user=6.88 sys=0.00, real=1.15 secs] 
2012-05-24T09:25:23.254+0200: 223043.340: [GC [PSYoungGen: 1688670K->567269K(1822016K)] 5170998K->4167768K(6600704K), 1.1943226 secs] [Times: user=6.86 sys=0.00, real=1.20 secs] 
2012-05-24T09:25:36.343+0200: 223056.433: [GC [PSYoungGen: 1821989K->567264K(1363776K)] 5422488K->4397044K(6142464K), 0.9432864 secs] [Times: user=7.57 sys=0.00, real=0.95 secs] 
2012-05-24T09:25:41.101+0200: 223061.189: [GC [PSYoungGen: 1363744K->361900K(1592896K)] 5193524K->4547768K(6371584K), 0.9285114 secs] [Times: user=7.49 sys=0.00, real=0.94 secs] 
2012-05-24T09:25:47.325+0200: 223067.415: [GC [PSYoungGen: 1158380K->119617K(1594688K)] 5344248K->4655849K(6373376K), 0.6499961 secs] [Times: user=5.24 sys=0.00, real=0.65 secs] 
2012-05-24T09:25:47.980+0200: 223068.065: [Full GC [PSYoungGen: 119617K->0K(1594688K)] [PSOldGen: 4536231K->1752721K(4778688K)] 4655849K->1752721K(6373376K) [PSPermGen: 113436K->113406K(393216K)], 11.1107045 secs] [Times: user=11.11 sys=0.00, real=11.11 secs] 
2012-05-24T09:26:14.797+0200: 223094.882: [GC [PSYoungGen: 822080K->168518K(1605696K)] 2574801K->1921239K(6384384K), 0.2894278 secs] [Times: user=2.09 sys=0.00, real=0.30 secs] 
2012-05-24T09:26:25.280+0200: 223105.369: [GC [PSYoungGen: 990598K->268098K(1639680K)] 2743319K->2145156K(6418368K), 0.5353580 secs] [Times: user=4.06 sys=0.00, real=0.55 secs] 
2012-05-24T09:26:41.754+0200: 223121.834: [GC [PSYoungGen: 1130178K->282032K(1611712K)] 3007236K->2415244K(6390400K), 0.7172915 secs] [Times: user=5.74 sys=0.00, real=0.72 secs] 
2012-05-24T09:26:53.829+0200: 223133.904: [GC [PSYoungGen: 1144112K->78272K(1657152K)] 3277324K->2438596K(6435840K), 0.7695063 secs] [Times: user=5.99 sys=0.00, real=0.76 secs] 
2012-05-24T09:27:09.803+0200: 223149.891: [GC [PSYoungGen: 1015552K->263344K(1663296K)] 3375876K->2686721K(6441984K), 0.4903777 secs] [Times: user=3.82 sys=0.00, real=0.50 secs] 
2012-05-24T09:27:25.778+0200: 223165.855: [GC [PSYoungGen: 1200624K->262863K(1727232K)] 3624001K->2934767K(6505920K), 0.6925128 secs] [Times: user=5.49 sys=0.00, real=0.69 secs] 
2012-05-24T09:27:45.450+0200: 223185.538: [GC [PSYoungGen: 1297103K->378872K(1696320K)] 3969007K->3050777K(6475008K), 0.5383081 secs] [Times: user=4.21 sys=0.00, real=0.55 secs] 
2012-05-24T09:28:05.340+0200: 223205.425: [GC [PSYoungGen: 1413112K->646239K(1555520K)] 4085017K->3318144K(6334208K), 0.7186248 secs] [Times: user=5.58 sys=0.00, real=0.72 secs] 
2012-05-24T09:28:15.075+0200: 223215.161: [GC [PSYoungGen: 1547551K->733459K(1634816K)] 4219456K->3405364K(6413504K), 0.7913544 secs] [Times: user=6.16 sys=0.00, real=0.79 secs] 
2012-05-24T09:28:31.502+0200: 223231.584: [GC [PSYoungGen: 1634771K->209874K(1550976K)] 4306676K->3098867K(6329664K), 0.5526116 secs] [Times: user=4.37 sys=0.00, real=0.56 secs] 
2012-05-24T09:31:15.975+0200: 223396.052: [GC [PSYoungGen: 1006354K->7232K(1592896K)] 3895347K->2896240K(6371584K), 0.0697397 secs] [Times: user=0.11 sys=0.00, real=0.08 secs] 
2012-05-24T09:35:16.374+0200: 223636.436: [GC [PSYoungGen: 803712K->10802K(1592896K)] 3692720K->2904886K(6371584K), 0.0562590 secs] [Times: user=0.17 sys=0.00, real=0.05 secs] 
2012-05-24T09:35:24.626+0200: 223644.695: [GC [PSYoungGen: 807282K->63809K(1592896K)] 3701366K->2958925K(6371584K), 0.1098361 secs] [Times: user=0.70 sys=0.00, real=0.11 secs] 
2012-05-24T09:35:35.016+0200: 223655.089: [GC [PSYoungGen: 860289K->182624K(1596480K)] 3755405K->3120954K(6375168K), 0.3048618 secs] [Times: user=2.46 sys=0.00, real=0.31 secs] 
2012-05-24T09:36:20.054+0200: 223700.112: [GC [PSYoungGen: 982688K->170231K(1592896K)] 3921018K->3108560K(6371584K), 0.4949328 secs] [Times: user=3.56 sys=0.00, real=0.48 secs] 
2012-05-24T09:38:35.058+0200: 223835.124: [GC [PSYoungGen: 970295K->190443K(1671936K)] 3908624K->3128772K(6450624K), 0.4808736 secs] [Times: user=3.64 sys=0.00, real=0.48 secs] 
2012-05-24T09:40:13.901+0200: 223933.951: [GC [PSYoungGen: 1106091K->190896K(1633024K)] 4044420K->3129225K(6411712K), 0.5232489 secs] [Times: user=3.88 sys=0.00, real=0.51 secs] 
2012-05-24T09:41:15.521+0200: 223995.584: [GC [PSYoungGen: 1106544K->189552K(1743296K)] 4044873K->3127881K(6521984K), 0.4551098 secs] [Times: user=3.64 sys=0.00, real=0.47 secs] 
2012-05-24T09:42:37.906+0200: 224077.953: [GC [PSYoungGen: 1252336K->186832K(1708800K)] 4190665K->3125161K(6487488K), 0.4461279 secs] [Times: user=3.45 sys=0.00, real=0.44 secs] 
2012-05-24T09:43:58.481+0200: 224158.525: [GC [PSYoungGen: 1249616K->188704K(1805952K)] 4187945K->3127033K(6584640K), 0.4891627 secs] [Times: user=3.60 sys=0.00, real=0.48 secs] 
2012-05-24T09:45:20.398+0200: 224240.445: [GC [PSYoungGen: 1380704K->204746K(1775360K)] 4319033K->3143076K(6554048K), 0.6231453 secs] [Times: user=2.53 sys=0.00, real=0.62 secs] 
2012-05-24T09:45:31.162+0200: 224251.212: [GC [PSYoungGen: 1396746K->307706K(1839744K)] 4335076K->3246035K(6618432K), 0.4101432 secs] [Times: user=2.53 sys=0.00, real=0.41 secs] 
2012-05-24T09:45:41.240+0200: 224261.280: [GC [PSYoungGen: 1595514K->496515K(1784384K)] 4533843K->3434844K(6563072K), 0.5188177 secs] [Times: user=4.01 sys=0.00, real=0.52 secs] 
2012-05-24T09:45:56.793+0200: 224276.840: [GC [PSYoungGen: 1784323K->251806K(1808256K)] 4722652K->3190135K(6586944K), 0.3949755 secs] [Times: user=3.10 sys=0.00, real=0.39 secs] 
2012-05-24T09:46:11.504+0200: 224291.546: [GC [PSYoungGen: 1455134K->315173K(1784384K)] 4393463K->3253503K(6563072K), 0.4161699 secs] [Times: user=3.04 sys=0.00, real=0.41 secs] 
2012-05-24T09:46:24.608+0200: 224304.648: [GC [PSYoungGen: 1518501K->569461K(1637056K)] 4456831K->3532719K(6415744K), 0.7178455 secs] [Times: user=5.30 sys=0.00, real=0.72 secs] 
2012-05-24T09:46:43.921+0200: 224323.974: [GC [PSYoungGen: 1637045K->374520K(1728448K)] 4600303K->3505897K(6507136K), 0.6296778 secs] [Times: user=4.85 sys=0.00, real=0.64 secs] 
2012-05-24T09:46:59.849+0200: 224339.902: [GC [PSYoungGen: 1442104K->574526K(1606976K)] 4573481K->3705903K(6385664K), 0.6539323 secs] [Times: user=5.12 sys=0.00, real=0.65 secs] 
2012-05-24T09:47:09.693+0200: 224349.737: [GC [PSYoungGen: 1528702K->259511K(1671744K)] 4660079K->3390889K(6450432K), 0.3055719 secs] [Times: user=2.18 sys=0.00, real=0.31 secs] 
2012-05-24T09:47:23.936+0200: 224363.985: [GC [PSYoungGen: 1213687K->466091K(1666944K)] 4345065K->3597468K(6445632K), 0.5336797 secs] [Times: user=4.24 sys=0.00, real=0.55 secs] 
2012-05-24T09:47:38.366+0200: 224378.409: [GC [PSYoungGen: 1441515K->403240K(1682368K)] 4572892K->3541521K(6461056K), 0.4973223 secs] [Times: user=3.81 sys=0.00, real=0.50 secs] 
2012-05-24T09:47:53.249+0200: 224393.294: [GC [PSYoungGen: 1378664K->591214K(1583488K)] 4516945K->3735862K(6362176K), 0.6561175 secs] [Times: user=5.24 sys=0.00, real=0.65 secs] 
2012-05-24T09:48:02.188+0200: 224402.238: [GC [PSYoungGen: 1480878K->248588K(1639488K)] 4625526K->3393307K(6418176K), 0.2985351 secs] [Times: user=2.18 sys=0.00, real=0.31 secs] 
2012-05-24T09:48:14.496+0200: 224414.542: [GC [PSYoungGen: 1138252K->449739K(1660288K)] 4282971K->3594491K(6438976K), 0.5161968 secs] [Times: user=4.10 sys=0.00, real=0.51 secs] 
2012-05-24T09:49:06.741+0200: 224466.775: [GC [PSYoungGen: 1377419K->219328K(1656704K)] 4522171K->3364087K(6435392K), 0.2536991 secs] [Times: user=1.64 sys=0.00, real=0.25 secs] 
2012-05-24T09:50:11.841+0200: 224531.882: [GC [PSYoungGen: 1147008K->220160K(1685312K)] 4291767K->3365608K(6464000K), 0.2309699 secs] [Times: user=1.72 sys=0.00, real=0.23 secs] 
2012-05-24T09:50:40.264+0200: 224560.298: [GC [PSYoungGen: 1187456K->264732K(1671296K)] 4332904K->3410256K(6449984K), 0.3050609 secs] [Times: user=2.25 sys=0.00, real=0.30 secs] 
2012-05-24T09:50:53.228+0200: 224573.267: [GC [PSYoungGen: 1232028K->364957K(1731712K)] 4377552K->3510697K(6510400K), 0.4383912 secs] [Times: user=3.21 sys=0.00, real=0.44 secs] 
2012-05-24T09:51:20.528+0200: 224600.558: [GC [PSYoungGen: 1416477K->216560K(1709120K)] 4562217K->3362543K(6487808K), 0.2502918 secs] [Times: user=1.65 sys=0.00, real=0.25 secs] 
2012-05-24T09:53:00.354+0200: 224700.385: [GC [PSYoungGen: 1268080K->177553K(1751232K)] 4414063K->3367309K(6529920K), 0.2531917 secs] [Times: user=1.75 sys=0.00, real=0.25 secs] 
2012-05-24T09:55:18.104+0200: 224838.126: [GC [PSYoungGen: 1283281K->38985K(1144768K)] 4473037K->3383797K(5923456K), 0.3327017 secs] [Times: user=2.17 sys=0.00, real=0.33 secs] 
2012-05-24T09:55:28.057+0200: 224848.087: [GC [PSYoungGen: 1144713K->124113K(1748416K)] 4489525K->3476349K(6527104K), 0.2413126 secs] [Times: user=1.54 sys=0.00, real=0.25 secs] 
2012-05-24T09:55:47.588+0200: 224867.624: [GC [PSYoungGen: 1221521K->11171K(1738304K)] 4573757K->3363407K(6516992K), 0.0638636 secs] [Times: user=0.22 sys=0.01, real=0.08 secs] 
2012-05-24T09:58:26.305+0200: 225026.322: [GC [PSYoungGen: 1108579K->15455K(1744960K)] 4460815K->3367699K(6523648K), 0.0719525 secs] [Times: user=0.17 sys=0.00, real=0.06 secs] 
2012-05-24T10:00:38.626+0200: 225158.652: [GC [PSYoungGen: 1113695K->22250K(1742592K)] 4465939K->3374494K(6521280K), 0.0613471 secs] [Times: user=0.20 sys=0.00, real=0.06 secs] 
2012-05-24T10:01:57.859+0200: 225237.880: [GC [PSYoungGen: 1120490K->16143K(1766976K)] 4472734K->3368483K(6545664K), 0.0592290 secs] [Times: user=0.31 sys=0.00, real=0.06 secs] 
2012-05-24T10:03:31.320+0200: 225331.335: [GC [PSYoungGen: 1148111K->14779K(1754304K)] 4500451K->3367119K(6532992K), 0.0600170 secs] [Times: user=0.27 sys=0.00, real=0.06 secs] 
2012-05-24T10:04:44.672+0200: 225404.687: [GC [PSYoungGen: 1146747K->15931K(1802240K)] 4499087K->3368271K(6580928K), 0.0559697 secs] [Times: user=0.26 sys=0.00, real=0.06 secs] 
2012-05-24T10:05:24.624+0200: 225444.639: [GC [PSYoungGen: 1211963K->55723K(1783104K)] 4564303K->3408071K(6561792K), 0.1028035 secs] [Times: user=0.64 sys=0.00, real=0.11 secs] 
2012-05-24T10:05:37.198+0200: 225457.204: [GC [PSYoungGen: 1251755K->217457K(1843328K)] 4604103K->3569806K(6622016K), 0.2927394 secs] [Times: user=2.26 sys=0.00, real=0.30 secs] 
2012-05-24T10:06:01.144+0200: 225481.154: [GC [PSYoungGen: 1501681K->20566K(1830208K)] 4854030K->3373275K(6608896K), 0.0713345 secs] [Times: user=0.30 sys=0.00, real=0.08 secs] 
2012-05-24T10:07:01.860+0200: 225541.873: [GC [PSYoungGen: 1304790K->28670K(1882944K)] 4657499K->3381427K(6661632K), 0.0690142 secs] [Times: user=0.41 sys=0.00, real=0.08 secs] 
2012-05-24T10:08:10.173+0200: 225610.178: [GC [PSYoungGen: 1383934K->33499K(1861632K)] 4736691K->3386263K(6640320K), 0.0899182 secs] [Times: user=0.33 sys=0.00, real=0.09 secs] 
2012-05-24T10:10:02.198+0200: 225722.200: [GC [PSYoungGen: 1388763K->40099K(1929856K)] 4741527K->3397679K(6708544K), 0.0872113 secs] [Times: user=0.55 sys=0.00, real=0.09 secs] 
2012-05-24T10:11:57.843+0200: 225837.835: [GC [PSYoungGen: 1486371K->54908K(1905728K)] 4843951K->3412563K(6684416K), 0.1112564 secs] [Times: user=0.48 sys=0.00, real=0.11 secs] 
2012-05-24T10:13:44.610+0200: 225944.607: [GC [PSYoungGen: 1501180K->68938K(1983552K)] 4858835K->3426610K(6762240K), 0.0910466 secs] [Times: user=0.75 sys=0.00, real=0.09 secs] 
2012-05-24T10:15:24.265+0200: 226044.253: [GC [PSYoungGen: 1619274K->98453K(1956096K)] 4976946K->3456132K(6734784K), 0.1222780 secs] [Times: user=0.80 sys=0.00, real=0.12 secs] 
2012-05-24T10:15:50.208+0200: 226070.194: [GC [PSYoungGen: 1648789K->272434K(1940928K)] 5006468K->3630113K(6719616K), 0.3486881 secs] [Times: user=2.70 sys=0.00, real=0.34 secs] 
2012-05-24T10:16:43.280+0200: 226123.266: [GC [PSYoungGen: 1838194K->92072K(1977536K)] 5195873K->3449863K(6756224K), 0.1450400 secs] [Times: user=0.80 sys=0.00, real=0.14 secs] 
2012-05-24T10:18:14.104+0200: 226214.084: [GC [PSYoungGen: 1657832K->107216K(2029120K)] 5015623K->3465151K(6807808K), 0.1301074 secs] [Times: user=0.83 sys=0.00, real=0.13 secs] 
2012-05-24T10:19:44.179+0200: 226304.162: [GC [PSYoungGen: 1750032K->122708K(2003008K)] 5107967K->3480785K(6781696K), 0.1537244 secs] [Times: user=1.00 sys=0.00, real=0.16 secs] 
2012-05-24T10:21:18.717+0200: 226398.702: [GC [PSYoungGen: 1765524K->136800K(2064384K)] 5123601K->3494954K(6843072K), 0.1641808 secs] [Times: user=1.03 sys=0.00, real=0.17 secs] 
2012-05-24T10:22:50.149+0200: 226490.123: [GC [PSYoungGen: 1862176K->150892K(2050304K)] 5220330K->3510298K(6828992K), 0.1874067 secs] [Times: user=1.09 sys=0.00, real=0.19 secs] 
2012-05-24T10:24:14.001+0200: 226573.969: [GC [PSYoungGen: 1876268K->164747K(2075520K)] 5235674K->3527618K(6854208K), 0.1934569 secs] [Times: user=1.31 sys=0.00, real=0.19 secs] 
2012-05-24T10:25:22.111+0200: 226642.083: [GC [PSYoungGen: 1923403K->212800K(1971520K)] 5286274K->3577062K(6750208K), 0.2381459 secs] [Times: user=1.86 sys=0.00, real=0.23 secs] 
2012-05-24T10:25:35.605+0200: 226655.576: [GC [PSYoungGen: 1971456K->327540K(1886272K)] 5335718K->3787033K(6664960K), 0.5393290 secs] [Times: user=4.24 sys=0.00, real=0.53 secs] 
2012-05-24T10:25:59.130+0200: 226679.095: [GC [PSYoungGen: 913745K->298216K(1856960K)] 4373238K->3772692K(6635648K), 0.3582357 secs] [Times: user=2.65 sys=0.00, real=0.36 secs] 
2012-05-24T10:25:59.489+0200: 226679.454: [Full GC (System) [PSYoungGen: 298216K->0K(1856960K)] [PSOldGen: 3474475K->1246185K(4778688K)] 3772692K->1246185K(6635648K) [PSPermGen: 113423K->113423K(393216K)], 5.7960550 secs] [Times: user=5.79 sys=0.00, real=5.79 secs] 
2012-05-24T10:27:21.811+0200: 226761.774: [GC [PSYoungGen: 1558720K->18580K(1948480K)] 2804905K->1264765K(6727168K), 0.0682672 secs] [Times: user=0.16 sys=0.00, real=0.06 secs] 
2012-05-24T10:29:18.282+0200: 226878.241: [GC [PSYoungGen: 1526740K->31026K(1948736K)] 2772925K->1277212K(6727424K), 0.0742042 secs] [Times: user=0.26 sys=0.00, real=0.06 secs] 
2012-05-24T10:31:01.618+0200: 226981.586: [GC [PSYoungGen: 1539186K->39246K(1965248K)] 2785372K->1285432K(6743936K), 0.0648220 secs] [Times: user=0.51 sys=0.00, real=0.08 secs] 
2012-05-24T10:33:19.196+0200: 227119.155: [GC [PSYoungGen: 1570062K->117547K(1954880K)] 2816248K->1363732K(6733568K), 0.1539763 secs] [Times: user=1.14 sys=0.00, real=0.16 secs] 
2012-05-24T10:33:38.151+0200: 227138.109: [GC [PSYoungGen: 1648363K->265690K(1946432K)] 2894548K->1511875K(6725120K), 0.3276627 secs] [Times: user=2.62 sys=0.00, real=0.33 secs] 
2012-05-24T10:34:01.582+0200: 227161.533: [GC [PSYoungGen: 1813658K->137456K(1968640K)] 3059843K->1383641K(6747328K), 0.1651280 secs] [Times: user=1.15 sys=0.00, real=0.16 secs] 
2012-05-24T10:35:16.869+0200: 227236.821: [GC [PSYoungGen: 1685424K->186810K(2004224K)] 2931609K->1432995K(6782912K), 0.2036542 secs] [Times: user=1.42 sys=0.00, real=0.20 secs] 
2012-05-24T10:35:52.188+0200: 227272.145: [GC [PSYoungGen: 1795962K->277019K(1886208K)] 3042147K->1523204K(6664896K), 0.3036171 secs] [Times: user=2.50 sys=0.00, real=0.31 secs] 
2012-05-24T10:36:20.954+0200: 227300.901: [GC [PSYoungGen: 1886171K->371759K(1875648K)] 3132356K->1617944K(6654336K), 0.4433683 secs] [Times: user=3.23 sys=0.00, real=0.44 secs] 
2012-05-24T10:36:38.005+0200: 227317.961: [GC [PSYoungGen: 1838959K->461039K(1928256K)] 3085144K->1778785K(6706944K), 0.6353245 secs] [Times: user=4.98 sys=0.00, real=0.64 secs] 
2012-05-24T10:36:57.412+0200: 227337.360: [GC [PSYoungGen: 1928239K->369145K(1683264K)] 3245985K->1686890K(6461952K), 0.4063791 secs] [Times: user=3.24 sys=0.00, real=0.41 secs] 
2012-05-24T10:37:15.259+0200: 227355.203: [GC [PSYoungGen: 1591353K->580541K(1802752K)] 2909098K->1898286K(6581440K), 0.5741172 secs] [Times: user=4.24 sys=0.00, real=0.56 secs] 
2012-05-24T10:37:19.689+0200: 227359.641: [GC [PSYoungGen: 1802749K->531225K(1509504K)] 3120494K->1848970K(6288192K), 0.4802607 secs] [Times: user=3.87 sys=0.00, real=0.50 secs] 
2012-05-24T10:38:06.006+0200: 227405.956: [GC [PSYoungGen: 1454169K->662827K(1585792K)] 2771914K->1980572K(6364480K), 0.6496393 secs] [Times: user=5.13 sys=0.00, real=0.65 secs] 
2012-05-24T10:38:15.647+0200: 227415.598: [GC [PSYoungGen: 1585771K->723060K(1592896K)] 2903516K->2053833K(6371584K), 0.7237641 secs] [Times: user=5.54 sys=0.00, real=0.73 secs] 
2012-05-24T10:40:03.663+0200: 227523.604: [GC [PSYoungGen: 1519540K->718349K(1592896K)] 2850313K->2065575K(6371584K), 0.6717654 secs] [Times: user=5.26 sys=0.00, real=0.67 secs] 
2012-05-24T10:43:20.522+0200: 227720.457: [GC [PSYoungGen: 1514829K->666889K(1592896K)] 2862055K->2076313K(6371584K), 0.6890056 secs] [Times: user=5.30 sys=0.00, real=0.69 secs] 
2012-05-24T10:45:21.548+0200: 227841.484: [GC [PSYoungGen: 1463369K->700498K(1592896K)] 2872793K->2109967K(6371584K), 0.6880810 secs] [Times: user=5.18 sys=0.00, real=0.69 secs] 
2012-05-24T10:45:29.972+0200: 227849.909: [GC [PSYoungGen: 1496978K->591708K(1592896K)] 2906447K->2167086K(6371584K), 0.7655251 secs] [Times: user=6.10 sys=0.00, real=0.77 secs] 
2012-05-24T10:45:39.285+0200: 227859.214: [GC [PSYoungGen: 1388188K->737732K(1592896K)] 2963566K->2319181K(6371584K), 0.7250169 secs] [Times: user=5.71 sys=0.00, real=0.72 secs] 
2012-05-24T10:48:44.522+0200: 228044.447: [GC [PSYoungGen: 1534210K->280579K(1592896K)] 3115659K->2094854K(6371584K), 0.5093510 secs] [Times: user=3.92 sys=0.00, real=0.50 secs] 
2012-05-24T10:51:21.382+0200: 228201.307: [GC [PSYoungGen: 1077059K->94595K(1592896K)] 2891334K->2094882K(6371584K), 0.7352281 secs] [Times: user=5.82 sys=0.00, real=0.73 secs] 
2012-05-24T10:52:08.729+0200: 228248.652: [GC [PSYoungGen: 891075K->94315K(1592896K)] 2891362K->2110232K(6371584K), 0.1083145 secs] [Times: user=0.76 sys=0.00, real=0.11 secs] 
2012-05-24T10:53:07.729+0200: 228307.651: [GC [PSYoungGen: 890795K->86739K(1592896K)] 2906712K->2108872K(6371584K), 0.0934023 secs] [Times: user=0.73 sys=0.00, real=0.09 secs] 
2012-05-24T10:54:06.354+0200: 228366.276: [GC [PSYoungGen: 883219K->70577K(1592896K)] 2905352K->2107937K(6371584K), 0.0907594 secs] [Times: user=0.67 sys=0.00, real=0.09 secs] 
2012-05-24T10:55:07.819+0200: 228427.739: [GC [PSYoungGen: 867057K->15284K(1592896K)] 2904417K->2108253K(6371584K), 0.0872779 secs] [Times: user=0.67 sys=0.00, real=0.09 secs] 
2012-05-24T10:55:26.649+0200: 228446.570: [GC [PSYoungGen: 811764K->52090K(1592896K)] 2904733K->2153228K(6371584K), 0.0891937 secs] [Times: user=0.72 sys=0.00, real=0.09 secs] 
2012-05-24T10:55:34.074+0200: 228453.984: [GC [PSYoungGen: 848570K->99535K(1592896K)] 2949708K->2236222K(6371584K), 0.2054666 secs] [Times: user=1.62 sys=0.00, real=0.20 secs] 
2012-05-24T10:55:40.190+0200: 228460.107: [GC [PSYoungGen: 896015K->135340K(1592896K)] 3032702K->2365120K(6371584K), 0.3118023 secs] [Times: user=2.23 sys=0.00, real=0.31 secs] 
2012-05-24T10:56:09.783+0200: 228489.696: [GC [PSYoungGen: 931820K->16515K(1592896K)] 3161600K->2354689K(6371584K), 0.2175957 secs] [Times: user=1.75 sys=0.00, real=0.22 secs] 
2012-05-24T10:57:04.540+0200: 228544.461: [GC [PSYoungGen: 812995K->6828K(1592896K)] 3151169K->2355393K(6371584K), 0.0358347 secs] [Times: user=0.37 sys=0.00, real=0.05 secs] 
2012-05-24T10:57:56.956+0200: 228596.866: [GC [PSYoungGen: 803308K->6134K(1592896K)] 3151873K->2355041K(6371584K), 0.0310030 secs] [Times: user=0.12 sys=0.00, real=0.03 secs] 
2012-05-24T10:58:46.440+0200: 228646.345: [GC [PSYoungGen: 802614K->4932K(1594368K)] 3151521K->2354123K(6373056K), 0.0348629 secs] [Times: user=0.13 sys=0.00, real=0.03 secs] 
2012-05-24T10:59:36.252+0200: 228696.156: [GC [PSYoungGen: 802884K->8160K(1592896K)] 3152075K->2357352K(6371584K), 0.0326363 secs] [Times: user=0.13 sys=0.00, real=0.03 secs] 
2012-05-24T11:00:22.085+0200: 228741.995: [GC [PSYoungGen: 806112K->8379K(1666048K)] 3155304K->2357570K(6444736K), 0.0420697 secs] [Times: user=0.22 sys=0.00, real=0.05 secs] 
2012-05-24T11:01:20.711+0200: 228800.611: [GC [PSYoungGen: 914939K->9083K(1629824K)] 3264130K->2358274K(6408512K), 0.0346448 secs] [Times: user=0.13 sys=0.00, real=0.03 secs] 
2012-05-24T11:02:25.358+0200: 228865.263: [GC [PSYoungGen: 915643K->7812K(1738880K)] 3264834K->2357004K(6517568K), 0.0423856 secs] [Times: user=0.19 sys=0.00, real=0.05 secs] 
2012-05-24T11:03:52.688+0200: 228952.592: [GC [PSYoungGen: 1060036K->6828K(1702656K)] 3409228K->2356020K(6481344K), 0.0272834 secs] [Times: user=0.13 sys=0.00, real=0.03 secs] 
2012-05-24T11:04:09.692+0200: 228969.591: [GC [PSYoungGen: 1059052K->9292K(1809856K)] 3408244K->2358483K(6588544K), 0.0235147 secs] [Times: user=0.13 sys=0.00, real=0.02 secs] 
2012-05-24T11:04:10.987+0200: 228970.882: [GC [PSYoungGen: 1204364K->16532K(1774528K)] 3553555K->2365724K(6553216K), 0.0275282 secs] [Times: user=0.13 sys=0.00, real=0.02 secs] 
2012-05-24T11:04:29.380+0200: 228989.274: [GC [PSYoungGen: 1211604K->33552K(1882368K)] 3560796K->2382744K(6661056K), 0.0930797 secs] [Times: user=0.36 sys=0.00, real=0.09 secs] 
2012-05-24T11:05:25.603+0200: 229045.505: [GC [PSYoungGen: 1371984K->184336K(1845376K)] 3721176K->2533528K(6624064K), 0.3891988 secs] [Times: user=1.65 sys=0.00, real=0.39 secs] 
2012-05-24T11:05:36.445+0200: 229056.338: [GC [PSYoungGen: 1522768K->314521K(1803392K)] 3871960K->2663713K(6582080K), 0.4046127 secs] [Times: user=2.78 sys=0.02, real=0.40 secs] 
2012-05-24T11:05:53.246+0200: 229073.150: [GC [PSYoungGen: 1615193K->412107K(1712832K)] 3964385K->2761298K(6491520K), 0.4568295 secs] [Times: user=3.23 sys=0.00, real=0.47 secs] 
2012-05-24T11:06:12.949+0200: 229092.844: [GC [PSYoungGen: 1712779K->226938K(1793344K)] 4061970K->2576129K(6572032K), 0.2674553 secs] [Times: user=1.84 sys=0.00, real=0.27 secs] 
2012-05-24T11:06:40.608+0200: 229120.505: [GC [PSYoungGen: 1408506K->174941K(1777536K)] 3757697K->2524133K(6556224K), 0.1862767 secs] [Times: user=1.44 sys=0.00, real=0.19 secs] 
2012-05-24T11:07:02.199+0200: 229142.094: [GC [PSYoungGen: 1356509K->322588K(1785472K)] 3705701K->2671780K(6564160K), 0.3560781 secs] [Times: user=2.87 sys=0.00, real=0.36 secs] 
2012-05-24T11:07:19.578+0200: 229159.466: [GC [PSYoungGen: 1547868K->203567K(1807296K)] 3897060K->2552801K(6585984K), 0.2375510 secs] [Times: user=1.44 sys=0.00, real=0.23 secs] 
2012-05-24T11:07:28.875+0200: 229168.768: [GC [PSYoungGen: 1428847K->266155K(1840064K)] 3778081K->2615421K(6618752K), 0.2802617 secs] [Times: user=2.09 sys=0.00, real=0.28 secs] 
2012-05-24T11:07:51.480+0200: 229191.380: [GC [PSYoungGen: 1553195K->549235K(1836288K)] 3902461K->2964455K(6614976K), 0.7821627 secs] [Times: user=5.86 sys=0.00, real=0.80 secs] 
2012-05-24T11:08:11.370+0200: 229211.267: [GC [PSYoungGen: 1836275K->552992K(1349504K)] 4251495K->3114210K(6128192K), 0.8832412 secs] [Times: user=6.74 sys=0.00, real=0.89 secs] 
2012-05-24T11:08:25.723+0200: 229225.615: [GC [PSYoungGen: 1349472K->714330K(1592896K)] 3910690K->3276230K(6371584K), 0.8534644 secs] [Times: user=6.38 sys=0.00, real=0.86 secs] 
2012-05-24T11:08:41.806+0200: 229241.692: [GC [PSYoungGen: 1510810K->796390K(1592896K)] 4072710K->3561401K(6371584K), 1.2501531 secs] [Times: user=9.69 sys=0.00, real=1.25 secs] 
2012-05-24T11:08:49.700+0200: 229249.590: [GC [PSYoungGen: 1592870K->796409K(1592896K)] 4357881K->3708535K(6371584K), 1.3211466 secs] [Times: user=9.75 sys=0.00, real=1.33 secs] 
2012-05-24T11:09:02.867+0200: 229262.757: [GC [PSYoungGen: 1592889K->796404K(1592896K)] 4505015K->3814401K(6371584K), 1.1480813 secs] [Times: user=8.36 sys=0.00, real=1.15 secs] 
2012-05-24T11:09:15.846+0200: 229275.742: [GC [PSYoungGen: 1592884K->796389K(1592896K)] 4610881K->4071736K(6371584K), 1.4381675 secs] [Times: user=10.78 sys=0.00, real=1.45 secs] 
2012-05-24T11:09:38.607+0200: 229298.490: [GC [PSYoungGen: 1592869K->796411K(1592896K)] 4868216K->4167615K(6371584K), 1.1393211 secs] [Times: user=8.89 sys=0.00, real=1.14 secs] 
2012-05-24T11:09:51.196+0200: 229311.082: [GC [PSYoungGen: 1592891K->661473K(1592896K)] 4964095K->4388206K(6371584K), 1.4785819 secs] [Times: user=11.64 sys=0.00, real=1.48 secs] 
2012-05-24T11:10:04.253+0200: 229324.140: [GC [PSYoungGen: 1457953K->612734K(1592896K)] 5184686K->4592025K(6371584K), 1.3287589 secs] [Times: user=9.53 sys=0.02, real=1.33 secs] 
2012-05-24T11:10:10.540+0200: 229330.437: [GC [PSYoungGen: 1409214K->657193K(1592896K)] 5388505K->4707532K(6371584K), 0.8429231 secs] [Times: user=6.55 sys=0.00, real=0.84 secs] 
2012-05-24T11:10:23.488+0200: 229343.382: [GC [PSYoungGen: 1453673K->493242K(1592896K)] 5504012K->4648667K(6371584K), 0.7592747 secs] [Times: user=6.10 sys=0.00, real=0.77 secs] 
2012-05-24T11:10:31.601+0200: 229351.487: [GC [PSYoungGen: 1289722K->295401K(1592896K)] 5445147K->4725029K(6371584K), 0.7402087 secs] [Times: user=5.54 sys=0.00, real=0.73 secs] 
2012-05-24T11:10:32.334+0200: 229352.227: [Full GC [PSYoungGen: 295401K->0K(1592896K)] [PSOldGen: 4429628K->1429001K(4778688K)] 4725029K->1429001K(6371584K) [PSPermGen: 113481K->113481K(393216K)], 7.0333628 secs] [Times: user=7.03 sys=0.00, real=7.03 secs] 
2012-05-24T11:10:42.536+0200: 229362.432: [GC [PSYoungGen: 796480K->106902K(1592896K)] 2225481K->1535904K(6371584K), 0.1605943 secs] [Times: user=0.98 sys=0.00, real=0.17 secs] 
2012-05-24T11:10:48.698+0200: 229368.587: [GC [PSYoungGen: 903379K->229310K(1592896K)] 2332381K->1762972K(6371584K), 0.4031013 secs] [Times: user=3.23 sys=0.00, real=0.41 secs] 
2012-05-24T11:10:56.779+0200: 229376.665: [GC [PSYoungGen: 1025790K->154090K(1592896K)] 2559452K->1887321K(6371584K), 0.5709428 secs] [Times: user=4.49 sys=0.00, real=0.56 secs] 
2012-05-24T11:11:01.974+0200: 229381.862: [GC [PSYoungGen: 950570K->267529K(1592896K)] 2683801K->2134448K(6371584K), 0.5411635 secs] [Times: user=4.35 sys=0.00, real=0.55 secs] 
2012-05-24T11:11:10.679+0200: 229390.569: [GC [PSYoungGen: 1064009K->232672K(1592896K)] 2930928K->2354025K(6371584K), 0.5964563 secs] [Times: user=4.70 sys=0.00, real=0.59 secs] 
2012-05-24T11:11:15.344+0200: 229395.229: [GC [PSYoungGen: 1029152K->194047K(1592896K)] 3150505K->2521672K(6371584K), 0.5560301 secs] [Times: user=4.29 sys=0.00, real=0.56 secs] 
2012-05-24T11:11:24.610+0200: 229404.493: [GC [PSYoungGen: 990527K->23715K(1592896K)] 3318152K->2509405K(6371584K), 0.3524957 secs] [Times: user=2.68 sys=0.00, real=0.34 secs] 
2012-05-24T11:11:31.131+0200: 229411.024: [GC [PSYoungGen: 820195K->190802K(1592896K)] 3305885K->2688146K(6371584K), 0.2959050 secs] [Times: user=2.33 sys=0.00, real=0.30 secs] 
2012-05-24T11:11:39.929+0200: 229419.814: [GC [PSYoungGen: 987282K->89214K(1592896K)] 3484626K->2738401K(6371584K), 0.3380315 secs] [Times: user=2.59 sys=0.00, real=0.34 secs] 
2012-05-24T11:11:53.470+0200: 229433.351: [GC [PSYoungGen: 885694K->206443K(1592896K)] 3534881K->2908036K(6371584K), 0.3765157 secs] [Times: user=2.89 sys=0.00, real=0.38 secs] 
2012-05-24T11:11:59.632+0200: 229439.516: [GC [PSYoungGen: 1002923K->124950K(1592896K)] 3704516K->2847598K(6371584K), 0.1670602 secs] [Times: user=1.25 sys=0.02, real=0.17 secs] 
2012-05-24T11:12:02.550+0200: 229442.435: [GC [PSYoungGen: 921430K->125735K(1592896K)] 3644078K->2972852K(6371584K), 0.3220421 secs] [Times: user=2.62 sys=0.00, real=0.33 secs] 
2012-05-24T11:12:09.804+0200: 229449.682: [GC [PSYoungGen: 922215K->117654K(1592896K)] 3769332K->3083736K(6371584K), 0.3295540 secs] [Times: user=2.59 sys=0.00, real=0.33 secs] 
2012-05-24T11:12:15.498+0200: 229455.377: [GC [PSYoungGen: 914134K->61333K(1592896K)] 3880216K->3135526K(6371584K), 0.2487477 secs] [Times: user=2.00 sys=0.00, real=0.25 secs] 
2012-05-24T11:12:21.083+0200: 229460.964: [GC [PSYoungGen: 857813K->64961K(1598336K)] 3932006K->3182026K(6377024K), 0.1895509 secs] [Times: user=1.47 sys=0.00, real=0.19 secs] 
2012-05-24T11:12:25.903+0200: 229465.783: [GC [PSYoungGen: 866881K->117214K(1592896K)] 3983946K->3283178K(6371584K), 0.2545931 secs] [Times: user=2.00 sys=0.00, real=0.25 secs] 
2012-05-24T11:12:30.521+0200: 229470.409: [GC [PSYoungGen: 919134K->236206K(1682304K)] 4085098K->3490769K(6460992K), 0.4343952 secs] [Times: user=3.49 sys=0.00, real=0.44 secs] 
2012-05-24T11:12:36.699+0200: 229476.583: [GC [PSYoungGen: 1167854K->163265K(1638656K)] 4422417K->3597806K(6417344K), 0.4073959 secs] [Times: user=3.24 sys=0.00, real=0.41 secs] 
2012-05-24T11:12:41.394+0200: 229481.276: [GC [PSYoungGen: 1094913K->75097K(1747840K)] 4529454K->3626309K(6526528K), 0.3542073 secs] [Times: user=2.75 sys=0.00, real=0.36 secs] 
2012-05-24T11:12:48.149+0200: 229488.038: [GC [PSYoungGen: 1157657K->103563K(1724032K)] 4708869K->3706104K(6502720K), 0.3183046 secs] [Times: user=2.59 sys=0.00, real=0.33 secs] 
2012-05-24T11:12:55.060+0200: 229494.949: [GC [PSYoungGen: 1186123K->109360K(1807808K)] 4788664K->3791390K(6586496K), 0.2904185 secs] [Times: user=2.18 sys=0.00, real=0.30 secs] 
2012-05-24T11:13:02.626+0200: 229502.513: [GC [PSYoungGen: 1305456K->105867K(1777600K)] 4987486K->3857306K(6556288K), 0.2728552 secs] [Times: user=2.25 sys=0.00, real=0.28 secs] 
2012-05-24T11:13:14.373+0200: 229514.260: [GC [PSYoungGen: 1301963K->37606K(1852352K)] 5053402K->3792501K(6631040K), 0.1302149 secs] [Times: user=0.76 sys=0.00, real=0.14 secs] 
2012-05-24T11:13:19.131+0200: 229519.022: [GC [PSYoungGen: 1336998K->273804K(1836352K)] 5091893K->4028699K(6615040K), 0.3491801 secs] [Times: user=2.75 sys=0.02, real=0.36 secs] 
2012-05-24T11:13:32.781+0200: 229532.660: [GC [PSYoungGen: 1573196K->317291K(1811136K)] 5328091K->4072522K(6589824K), 0.3458619 secs] [Times: user=2.74 sys=0.00, real=0.34 secs] 
2012-05-24T11:13:41.471+0200: 229541.354: [GC [PSYoungGen: 1585963K->437716K(1706432K)] 5341194K->4302685K(6485120K), 0.6796936 secs] [Times: user=5.49 sys=0.00, real=0.69 secs] 
2012-05-24T11:13:51.221+0200: 229551.096: [GC [PSYoungGen: 1706388K->607118K(1558912K)] 5571357K->4552960K(6337600K), 0.8092633 secs] [Times: user=6.36 sys=0.00, real=0.80 secs] 
2012-05-24T11:13:57.804+0200: 229557.687: [GC [PSYoungGen: 1549134K->153083K(1665664K)] 5494976K->4458215K(6444352K), 1.1491268 secs] [Times: user=8.36 sys=0.00, real=1.15 secs] 
2012-05-24T11:14:11.033+0200: 229570.913: [GC [PSYoungGen: 1095099K->100583K(1718976K)] 5400231K->4484675K(6497664K), 0.3849682 secs] [Times: user=3.00 sys=0.00, real=0.39 secs] 
2012-05-24T11:14:22.874+0200: 229582.751: [GC [PSYoungGen: 1127335K->124350K(1697088K)] 5511427K->4511768K(6475776K), 0.1849814 secs] [Times: user=1.50 sys=0.00, real=0.19 secs] 
2012-05-24T11:14:34.839+0200: 229594.719: [GC [PSYoungGen: 1151084K->157668K(1779584K)] 5538502K->4548446K(6558272K), 0.2352537 secs] [Times: user=1.84 sys=0.00, real=0.23 secs] 
2012-05-24T11:14:49.690+0200: 229609.569: [GC [PSYoungGen: 1294372K->181720K(1746432K)] 5685150K->4575689K(6525120K), 0.2935760 secs] [Times: user=2.22 sys=0.00, real=0.30 secs] 
2012-05-24T11:15:05.025+0200: 229624.903: [GC [PSYoungGen: 1318424K->184981K(1848128K)] 5712393K->4578949K(6626816K), 0.3025051 secs] [Times: user=2.14 sys=0.00, real=0.30 secs] 
2012-05-24T11:15:22.887+0200: 229642.763: [GC [PSYoungGen: 1458773K->64177K(1814976K)] 5852741K->4458146K(6593664K), 0.1423019 secs] [Times: user=0.80 sys=0.00, real=0.14 secs] 
2012-05-24T11:15:30.563+0200: 229650.436: [GC [PSYoungGen: 1337969K->250147K(1869952K)] 5731938K->4644116K(6648640K), 0.3500710 secs] [Times: user=2.71 sys=0.00, real=0.34 secs] 
2012-05-24T11:15:39.143+0200: 229659.029: [GC [PSYoungGen: 1588835K->351542K(1690240K)] 5982804K->4745510K(6468928K), 0.4847104 secs] [Times: user=3.68 sys=0.00, real=0.50 secs] 
2012-05-24T11:15:49.033+0200: 229668.917: [GC [PSYoungGen: 1690230K->318044K(1832640K)] 6084198K->4712013K(6611328K), 0.3758973 secs] [Times: user=2.73 sys=0.00, real=0.38 secs] 
2012-05-24T11:16:08.268+0200: 229688.141: [GC [PSYoungGen: 1606172K->244135K(1838720K)] 6000141K->4638104K(6617408K), 0.3604280 secs] [Times: user=2.87 sys=0.00, real=0.36 secs] 
2012-05-24T11:16:23.884+0200: 229703.766: [GC [PSYoungGen: 1532263K->158176K(1882304K)] 5926232K->4552145K(6660992K), 0.2401534 secs] [Times: user=1.84 sys=0.00, real=0.25 secs] 
2012-05-24T11:16:40.124+0200: 229720.003: [GC [PSYoungGen: 1514656K->203696K(1863488K)] 5908625K->4597665K(6642176K), 0.3053466 secs] [Times: user=2.39 sys=0.00, real=0.31 secs] 
2012-05-24T11:16:59.780+0200: 229739.654: [GC [PSYoungGen: 1560176K->178179K(1928704K)] 5954145K->4572148K(6707392K), 0.2617865 secs] [Times: user=1.89 sys=0.00, real=0.27 secs] 
2012-05-24T11:17:16.348+0200: 229756.231: [GC [PSYoungGen: 1626371K->213036K(1908800K)] 6020340K->4607005K(6687488K), 0.3033616 secs] [Times: user=2.50 sys=0.00, real=0.31 secs] 
2012-05-24T11:17:24.819+0200: 229764.690: [GC [PSYoungGen: 1661228K->228168K(1969984K)] 6055197K->4622137K(6748672K), 0.2604205 secs] [Times: user=2.00 sys=0.00, real=0.25 secs] 
2012-05-24T11:17:35.037+0200: 229774.913: [GC [PSYoungGen: 1762184K->215614K(1953344K)] 6156153K->4609583K(6732032K), 0.2575262 secs] [Times: user=1.89 sys=0.02, real=0.27 secs] 
2012-05-24T11:17:40.653+0200: 229780.521: [GC [PSYoungGen: 1749630K->337177K(1936064K)] 6143599K->4731145K(6714752K), 0.3609943 secs] [Times: user=2.84 sys=0.01, real=0.36 secs] 
2012-05-24T11:17:51.027+0200: 229790.895: [GC [PSYoungGen: 1873881K->425972K(1962688K)] 6267849K->4819941K(6741376K), 0.4226670 secs] [Times: user=3.37 sys=0.00, real=0.42 secs] 
2012-05-24T11:18:01.074+0200: 229800.946: [GC [PSYoungGen: 1962676K->426593K(1685184K)] 6356645K->4934200K(6463872K), 0.6085372 secs] [Times: user=4.87 sys=0.00, real=0.61 secs] 
2012-05-24T11:18:09.139+0200: 229809.013: [GC [PSYoungGen: 1685153K->565344K(1823936K)] 6192760K->5152830K(6602624K), 0.7733421 secs] [Times: user=6.24 sys=0.00, real=0.78 secs] 
2012-05-24T11:18:09.919+0200: 229809.787: [Full GC [PSYoungGen: 565344K->0K(1823936K)] [PSOldGen: 4587485K->1875969K(4778688K)] 5152830K->1875969K(6602624K) [PSPermGen: 113489K->113489K(393216K)], 10.4449652 secs] [Times: user=10.44 sys=0.00, real=10.44 secs] 
2012-05-24T11:18:27.469+0200: 229827.345: [GC [PSYoungGen: 1258560K->185336K(1637184K)] 3134529K->2061305K(6415872K), 0.3457600 secs] [Times: user=2.73 sys=0.00, real=0.34 secs] 
2012-05-24T11:18:33.803+0200: 229833.673: [GC [PSYoungGen: 1257144K->175069K(1730560K)] 3133113K->2051038K(6509248K), 0.3752603 secs] [Times: user=2.31 sys=0.00, real=0.37 secs] 
2012-05-24T11:18:44.068+0200: 229843.937: [GC [PSYoungGen: 1246877K->288070K(1780672K)] 3122846K->2164040K(6559360K), 0.3463867 secs] [Times: user=2.57 sys=0.02, real=0.34 secs] 
2012-05-24T11:18:48.545+0200: 229848.415: [GC [PSYoungGen: 1424582K->307989K(1745152K)] 3300552K->2183959K(6523840K), 0.3802835 secs] [Times: user=2.79 sys=0.00, real=0.37 secs] 
2012-05-24T11:18:57.562+0200: 229857.428: [GC [PSYoungGen: 1444501K->405244K(1778624K)] 3320471K->2281213K(6557312K), 0.4360873 secs]