Application time: 1.5639792 seconds
{Heap before GC invocations=1 (full 0):
 PSYoungGen      total 7168K, used 6144K [0x2d5a0000, 0x2dda0000, 0x38040000)
  eden space 6144K, 100% used [0x2d5a0000,0x2dba0000,0x2dba0000)
  from space 1024K, 0% used [0x2dca0000,0x2dca0000,0x2dda0000)
  to   space 1024K, 0% used [0x2dba0000,0x2dba0000,0x2dca0000)
 PSOldGen        total 16384K, used 0K [0x18040000, 0x19040000, 0x2d5a0000)
  object space 16384K, 0% used [0x18040000,0x18040000,0x19040000)
 PSPermGen       total 65536K, used 5205K [0x10040000, 0x14040000, 0x18040000)
  object space 65536K, 7% used [0x10040000,0x10555660,0x14040000)
1.994: [GC [PSYoungGen: 6144K->1001K(7168K)] 6144K->1001K(23552K), 0.0040346 secs] [Times: user=0.00 sys=0.00, real=0.00 secs] 
Heap after GC invocations=1 (full 0):
 PSYoungGen      total 7168K, used 1001K [0x2d5a0000, 0x2dda0000, 0x38040000)
  eden space 6144K, 0% used [0x2d5a0000,0x2d5a0000,0x2dba0000)
  from space 1024K, 97% used [0x2dba0000,0x2dc9a5f8,0x2dca0000)
  to   space 1024K, 0% used [0x2dca0000,0x2dca0000,0x2dda0000)
 PSOldGen        total 16384K, used 0K [0x18040000, 0x19040000, 0x2d5a0000)
  object space 16384K, 0% used [0x18040000,0x18040000,0x19040000)
 PSPermGen       total 65536K, used 5205K [0x10040000, 0x14040000, 0x18040000)
  object space 65536K, 7% used [0x10040000,0x10555660,0x14040000)
}
Total time for which application threads were stopped: 0.0044726 seconds
Application time: 1.9992100 seconds
Total time for which application threads were stopped: 0.0001344 seconds
Application time: 0.5047558 seconds
Total time for which application threads were stopped: 0.0003378 seconds
Application time: 0.0944723 seconds
Total time for which application threads were stopped: 0.0001212 seconds
Application time: 0.5374809 seconds
{Heap before GC invocations=2 (full 0):
 PSYoungGen      total 7168K, used 7084K [0x2d5a0000, 0x2dda0000, 0x38040000)
  eden space 6144K, 99% used [0x2d5a0000,0x2db90cd8,0x2dba0000)
  from space 1024K, 97% used [0x2dba0000,0x2dc9a5f8,0x2dca0000)
  to   space 1024K, 0% used [0x2dca0000,0x2dca0000,0x2dda0000)
 PSOldGen        total 16384K, used 0K [0x18040000, 0x19040000, 0x2d5a0000)
  object space 16384K, 0% used [0x18040000,0x18040000,0x19040000)
 PSPermGen       total 65536K, used 8788K [0x10040000, 0x14040000, 0x18040000)
  object space 65536K, 13% used [0x10040000,0x108d51b0,0x14040000)
5.135: [GC [PSYoungGen: 7084K->1018K(7168K)] 7084K->1414K(23552K), 0.0080072 secs] [Times: user=0.00 sys=0.00, real=0.00 secs] 
Heap after GC invocations=2 (full 0):
 PSYoungGen      total 7168K, used 1018K [0x2d5a0000, 0x2dda0000, 0x38040000)
  eden space 6144K, 0% used [0x2d5a0000,0x2d5a0000,0x2dba0000)
  from space 1024K, 99% used [0x2dca0000,0x2dd9eb58,0x2dda0000)
  to   space 1024K, 0% used [0x2dba0000,0x2dba0000,0x2dca0000)
 PSOldGen        total 16384K, used 395K [0x18040000, 0x19040000, 0x2d5a0000)
  object space 16384K, 2% used [0x18040000,0x180a2de8,0x19040000)
 PSPermGen       total 65536K, used 8788K [0x10040000, 0x14040000, 0x18040000)
  object space 65536K, 13% used [0x10040000,0x108d51b0,0x14040000)
}
Total time for which application threads were stopped: 0.0084583 seconds
Application time: 0.0001416 seconds
Total time for which application threads were stopped: 0.0001319 seconds
Application time: 0.0000562 seconds
Total time for which application threads were stopped: 0.0001078 seconds
Application time: 0.0000693 seconds
Total time for which application threads were stopped: 0.0000704 seconds
Application time: 0.0000841 seconds
Total time for which application threads were stopped: 0.0000391 seconds
Application time: 0.0000520 seconds
Total time for which application threads were stopped: 0.0000506 seconds
Application time: 0.0000511 seconds
Total time for which application threads were stopped: 0.0000383 seconds
Application time: 0.0000567 seconds
Total time for which application threads were stopped: 0.0000497 seconds
Application time: 0.9994795 seconds
Total time for which application threads were stopped: 0.0001034 seconds
Application time: 1.8490976 seconds
Total time for which application threads were stopped: 0.0006126 seconds
Application time: 0.3609652 seconds
Total time for which application threads were stopped: 0.0001271 seconds
Application time: 0.2884126 seconds
Total time for which application threads were stopped: 0.0001500 seconds
Application time: 0.2163747 seconds
Total time for which application threads were stopped: 0.0000824 seconds
Application time: 0.0001076 seconds
Total time for which application threads were stopped: 0.0000525 seconds
Application time: 0.0575107 seconds
Total time for which application threads were stopped: 0.0001006 seconds
Application time: 0.0000651 seconds
Total time for which application threads were stopped: 0.0000595 seconds
Application time: 0.0031264 seconds
Total time for which application threads were stopped: 0.0000869 seconds
Application time: 0.0003417 seconds
Total time for which application threads were stopped: 0.0001821 seconds
Application time: 0.0391723 seconds
Total time for which application threads were stopped: 0.0000939 seconds
Application time: 0.0019740 seconds
Total time for which application threads were stopped: 0.0000905 seconds
Application time: 0.0006174 seconds
Total time for which application threads were stopped: 0.0000788 seconds
Application time: 0.0006364 seconds
Total time for which application threads were stopped: 0.0000757 seconds
Application time: 0.0185691 seconds
Total time for which application threads were stopped: 0.0000944 seconds
Application time: 0.0012175 seconds
Total time for which application threads were stopped: 0.0000715 seconds
Application time: 0.0004864 seconds
Total time for which application threads were stopped: 0.0000698 seconds
Application time: 0.0006104 seconds
Total time for which application threads were stopped: 0.0000701 seconds
Application time: 0.0784270 seconds
Total time for which application threads were stopped: 0.0002403 seconds
Application time: 0.0001637 seconds
Total time for which application threads were stopped: 0.0001103 seconds
Application time: 0.0055739 seconds
Total time for which application threads were stopped: 0.0000841 seconds
Application time: 0.0000603 seconds
Total time for which application threads were stopped: 0.0000603 seconds
Application time: 0.0355054 seconds
Total time for which application threads were stopped: 0.0000665 seconds
Application time: 0.0750763 seconds
Total time for which application threads were stopped: 0.0001620 seconds
Application time: 0.0506900 seconds
Total time for which application threads were stopped: 0.0001263 seconds
Application time: 0.0000835 seconds
Total time for which application threads were stopped: 0.0000802 seconds
Application time: 0.0030839 seconds
Total time for which application threads were stopped: 0.0004216 seconds
Application time: 0.0000830 seconds
Total time for which application threads were stopped: 0.0000707 seconds
Application time: 0.0002481 seconds
Total time for which application threads were stopped: 0.0000710 seconds
Application time: 0.0383694 seconds
Total time for which application threads were stopped: 0.0001598 seconds
Application time: 0.1128716 seconds
{Heap before GC invocations=3 (full 0):
 PSYoungGen      total 7168K, used 7162K [0x2d5a0000, 0x2dda0000, 0x38040000)
  eden space 6144K, 100% used [0x2d5a0000,0x2dba0000,0x2dba0000)
  from space 1024K, 99% used [0x2dca0000,0x2dd9eb58,0x2dda0000)
  to   space 1024K, 0% used [0x2dba0000,0x2dba0000,0x2dca0000)
 PSOldGen        total 16384K, used 395K [0x18040000, 0x19040000, 0x2d5a0000)
  object space 16384K, 2% used [0x18040000,0x180a2de8,0x19040000)
 PSPermGen       total 65536K, used 10602K [0x10040000, 0x14040000, 0x18040000)
  object space 65536K, 16% used [0x10040000,0x10a9a9c0,0x14040000)
9.393: [GC [PSYoungGen: 7162K->1018K(7168K)] 7558K->4141K(23552K), 0.0125907 secs] [Times: user=0.03 sys=0.00, real=0.02 secs] 
Heap after GC invocations=3 (full 0):
 PSYoungGen      total 7168K, used 1018K [0x2d5a0000, 0x2dda0000, 0x38040000)
  eden space 6144K, 0% used [0x2d5a0000,0x2d5a0000,0x2dba0000)
  from space 1024K, 99% used [0x2dba0000,0x2dc9eb80,0x2dca0000)
  to   space 1024K, 0% used [0x2dca0000,0x2dca0000,0x2dda0000)
 PSOldGen        total 16384K, used 3122K [0x18040000, 0x19040000, 0x2d5a0000)
  object space 16384K, 19% used [0x18040000,0x1834cb50,0x19040000)
 PSPermGen       total 65536K, used 10602K [0x10040000, 0x14040000, 0x18040000)
  object space 65536K, 16% used [0x10040000,0x10a9a9c0,0x14040000)
}
Total time for which application threads were stopped: 0.0170379 seconds
Application time: 0.0011954 seconds
Total time for which application threads were stopped: 0.0001333 seconds
Application time: 0.0013907 seconds
Total time for which application threads were stopped: 0.0000718 seconds
Application time: 0.0000425 seconds
Total time for which application threads were stopped: 0.0000369 seconds
Application time: 0.0000187 seconds
Total time for which application threads were stopped: 0.0000346 seconds
Application time: 0.0000187 seconds
Total time for which application threads were stopped: 0.0000279 seconds
Application time: 0.0000422 seconds
Total time for which application threads were stopped: 0.0000271 seconds
Application time: 0.0000168 seconds
Total time for which application threads were stopped: 0.0000369 seconds
Application time: 0.0000168 seconds
Total time for which application threads were stopped: 0.0000268 seconds
Application time: 0.0000154 seconds
Total time for which application threads were stopped: 0.0000318 seconds
Application time: 0.0000162 seconds
Total time for which application threads were stopped: 0.0000268 seconds
Application time: 0.0000159 seconds
Total time for which application threads were stopped: 0.0000327 seconds
Application time: 0.0000168 seconds
Total time for which application threads were stopped: 0.0000268 seconds
Application time: 0.0001852 seconds
Total time for which application threads were stopped: 0.0000380 seconds
Application time: 0.0000184 seconds
Total time for which application threads were stopped: 0.0000268 seconds
Application time: 0.0000151 seconds
Total time for which application threads were stopped: 0.0000324 seconds
Application time: 0.0000165 seconds
Total time for which application threads were stopped: 0.0000268 seconds
Application time: 0.0000148 seconds
Total time for which application threads were stopped: 0.0000321 seconds
Application time: 0.0000165 seconds
Total time for which application threads were stopped: 0.0000263 seconds
Application time: 0.0000145 seconds
Total time for which application threads were stopped: 0.0000324 seconds
Application time: 0.0000165 seconds
Total time for which application threads were stopped: 0.0000271 seconds
Application time: 0.9990923 seconds
Total time for which application threads were stopped: 0.0001372 seconds
Application time: 0.2188745 seconds
Total time for which application threads were stopped: 0.0001925 seconds
Application time: 0.0212491 seconds
Total time for which application threads were stopped: 0.0001511 seconds
Application time: 0.3373613 seconds
{Heap before GC invocations=4 (full 0):
 PSYoungGen      total 7168K, used 7162K [0x2d5a0000, 0x2dda0000, 0x38040000)
  eden space 6144K, 100% used [0x2d5a0000,0x2dba0000,0x2dba0000)
  from space 1024K, 99% used [0x2dba0000,0x2dc9eb80,0x2dca0000)
  to   space 1024K, 0% used [0x2dca0000,0x2dca0000,0x2dda0000)
 PSOldGen        total 16384K, used 3122K [0x18040000, 0x19040000, 0x2d5a0000)
  object space 16384K, 19% used [0x18040000,0x1834cb50,0x19040000)
 PSPermGen       total 65536K, used 12236K [0x10040000, 0x14040000, 0x18040000)
  object space 65536K, 18% used [0x10040000,0x10c331e0,0x14040000)
10.987: [GC [PSYoungGen: 7162K->1010K(7168K)] 10285K->5357K(23552K), 0.0049911 secs] [Times: user=0.03 sys=0.00, real=0.02 secs] 
Heap after GC invocations=4 (full 0):
 PSYoungGen      total 7168K, used 1010K [0x2d5a0000, 0x2dda0000, 0x38040000)
  eden space 6144K, 0% used [0x2d5a0000,0x2d5a0000,0x2dba0000)
  from space 1024K, 98% used [0x2dca0000,0x2dd9c840,0x2dda0000)
  to   space 1024K, 0% used [0x2dba0000,0x2dba0000,0x2dca0000)
 PSOldGen        total 16384K, used 4347K [0x18040000, 0x19040000, 0x2d5a0000)
  object space 16384K, 26% used [0x18040000,0x1847ee88,0x19040000)
 PSPermGen       total 65536K, used 12236K [0x10040000, 0x14040000, 0x18040000)
  object space 65536K, 18% used [0x10040000,0x10c331e0,0x14040000)
}
Total time for which application threads were stopped: 0.0053593 seconds
Application time: 0.2057532 seconds
Total time for which application threads were stopped: 0.0000696 seconds
Application time: 0.0000134 seconds
Total time for which application threads were stopped: 0.0000352 seconds
Application time: 0.3729561 seconds
Total time for which application threads were stopped: 0.0001562 seconds
Application time: 0.0442688 seconds
Total time for which application threads were stopped: 0.0000919 seconds
Application time: 0.0280734 seconds
Total time for which application threads were stopped: 0.0000651 seconds
Application time: 0.0000355 seconds
Total time for which application threads were stopped: 0.0000268 seconds
Application time: 0.7907539 seconds
{Heap before GC invocations=5 (full 0):
 PSYoungGen      total 7168K, used 7149K [0x2d5a0000, 0x2dda0000, 0x38040000)
  eden space 6144K, 99% used [0x2d5a0000,0x2db9ec98,0x2dba0000)
  from space 1024K, 98% used [0x2dca0000,0x2dd9c840,0x2dda0000)
  to   space 1024K, 0% used [0x2dba0000,0x2dba0000,0x2dca0000)
 PSOldGen        total 16384K, used 4347K [0x18040000, 0x19040000, 0x2d5a0000)
  object space 16384K, 26% used [0x18040000,0x1847ee88,0x19040000)
 PSPermGen       total 65536K, used 13122K [0x10040000, 0x14040000, 0x18040000)
  object space 65536K, 20% used [0x10040000,0x10d10b30,0x14040000)
12.435: [GC [PSYoungGen: 7149K->1017K(7040K)] 11496K->5837K(23424K), 0.0040866 secs] [Times: user=0.00 sys=0.00, real=0.00 secs] 
Heap after GC invocations=5 (full 0):
 PSYoungGen      total 7040K, used 1017K [0x2d5a0000, 0x2e260000, 0x38040000)
  eden space 6016K, 0% used [0x2d5a0000,0x2d5a0000,0x2db80000)
  from space 1024K, 99% used [0x2dba0000,0x2dc9e440,0x2dca0000)
  to   space 3520K, 0% used [0x2def0000,0x2def0000,0x2e260000)
 PSOldGen        total 16384K, used 4820K [0x18040000, 0x19040000, 0x2d5a0000)
  object space 16384K, 29% used [0x18040000,0x184f5330,0x19040000)
 PSPermGen       total 65536K, used 13122K [0x10040000, 0x14040000, 0x18040000)
  object space 65536K, 20% used [0x10040000,0x10d10b30,0x14040000)
}
Total time for which application threads were stopped: 0.0044374 seconds
Application time: 0.0000774 seconds
Total time for which application threads were stopped: 0.0000408 seconds
Application time: 0.0000363 seconds
Total time for which application threads were stopped: 0.0000640 seconds
Application time: 0.3711089 seconds
{Heap before GC invocations=6 (full 0):
 PSYoungGen      total 7040K, used 7033K [0x2d5a0000, 0x2e260000, 0x38040000)
  eden space 6016K, 100% used [0x2d5a0000,0x2db80000,0x2db80000)
  from space 1024K, 99% used [0x2dba0000,0x2dc9e440,0x2dca0000)
  to   space 3520K, 0% used [0x2def0000,0x2def0000,0x2e260000)
 PSOldGen        total 16384K, used 4820K [0x18040000, 0x19040000, 0x2d5a0000)
  object space 16384K, 29% used [0x18040000,0x184f5330,0x19040000)
 PSPermGen       total 65536K, used 13223K [0x10040000, 0x14040000, 0x18040000)
  object space 65536K, 20% used [0x10040000,0x10d29fa8,0x14040000)
12.811: [GC [PSYoungGen: 7033K->1484K(9024K)] 11853K->6304K(25408K), 0.0087832 secs] [Times: user=0.00 sys=0.00, real=0.00 secs] 
Heap after GC invocations=6 (full 0):
 PSYoungGen      total 9024K, used 1484K [0x2d5a0000, 0x2e200000, 0x38040000)
  eden space 5888K, 0% used [0x2d5a0000,0x2d5a0000,0x2db60000)
  from space 3136K, 47% used [0x2def0000,0x2e0630c0,0x2e200000)
  to   space 3392K, 0% used [0x2db60000,0x2db60000,0x2deb0000)
 PSOldGen        total 16384K, used 4820K [0x18040000, 0x19040000, 0x2d5a0000)
  object space 16384K, 29% used [0x18040000,0x184f5330,0x19040000)
 PSPermGen       total 65536K, used 13223K [0x10040000, 0x14040000, 0x18040000)
  object space 65536K, 20% used [0x10040000,0x10d29fa8,0x14040000)
}
Total time for which application threads were stopped: 0.0092246 seconds
Application time: 0.0006713 seconds
Total time for which application threads were stopped: 0.0000536 seconds
Application time: 0.0000413 seconds
Total time for which application threads were stopped: 0.0000360 seconds
Application time: 0.0011820 seconds
Total time for which application threads were stopped: 0.0000338 seconds
Application time: 0.0000302 seconds
Total time for which application threads were stopped: 0.0000279 seconds
Application time: 0.0000170 seconds
Total time for which application threads were stopped: 0.0000341 seconds
Application time: 0.0000154 seconds
Total time for which application threads were stopped: 0.0000263 seconds
Application time: 0.0000207 seconds
Total time for which application threads were stopped: 0.0000282 seconds
Application time: 0.0000140 seconds
Total time for which application threads were stopped: 0.0000332 seconds
Application time: 0.0000137 seconds
Total time for which application threads were stopped: 0.0000553 seconds
Application time: 0.0000215 seconds
Total time for which application threads were stopped: 0.0000344 seconds
Application time: 0.0000229 seconds
Total time for which application threads were stopped: 0.0000352 seconds
Application time: 0.0000226 seconds
Total time for which application threads were stopped: 0.0000338 seconds
Application time: 0.0000229 seconds
Total time for which application threads were stopped: 0.0000341 seconds
Application time: 0.0000229 seconds
Total time for which application threads were stopped: 0.0000346 seconds
Application time: 0.0000229 seconds
Total time for which application threads were stopped: 0.0000341 seconds
Application time: 0.0000223 seconds
Total time for which application threads were stopped: 0.0000338 seconds
Application time: 0.0000226 seconds
Total time for which application threads were stopped: 0.0000581 seconds
Application time: 0.0001020 seconds
Total time for which application threads were stopped: 0.0000344 seconds
Application time: 0.0000550 seconds
Total time for which application threads were stopped: 0.0000366 seconds
Application time: 0.0003358 seconds
Total time for which application threads were stopped: 0.0000341 seconds
Application time: 0.0207638 seconds
Total time for which application threads were stopped: 0.0000740 seconds
Application time: 0.0754702 seconds
Total time for which application threads were stopped: 0.0001492 seconds
Application time: 0.0010814 seconds
Total time for which application threads were stopped: 0.0000489 seconds
Application time: 0.1107275 seconds
{Heap before GC invocations=7 (full 0):
 PSYoungGen      total 9024K, used 7372K [0x2d5a0000, 0x2e200000, 0x38040000)
  eden space 5888K, 100% used [0x2d5a0000,0x2db60000,0x2db60000)
  from space 3136K, 47% used [0x2def0000,0x2e0630c0,0x2e200000)
  to   space 3392K, 0% used [0x2db60000,0x2db60000,0x2deb0000)
 PSOldGen        total 16384K, used 4820K [0x18040000, 0x19040000, 0x2d5a0000)
  object space 16384K, 29% used [0x18040000,0x184f5330,0x19040000)
 PSPermGen       total 65536K, used 13257K [0x10040000, 0x14040000, 0x18040000)
  object space 65536K, 20% used [0x10040000,0x10d327c0,0x14040000)
13.032: [GC [PSYoungGen: 7372K->1442K(9280K)] 12192K->6806K(25664K), 0.0053605 secs] [Times: user=0.00 sys=0.00, real=0.00 secs] 
Heap after GC invocations=7 (full 0):
 PSYoungGen      total 9280K, used 1442K [0x2d5a0000, 0x2e780000, 0x38040000)
  eden space 5888K, 0% used [0x2d5a0000,0x2d5a0000,0x2db60000)
  from space 3392K, 42% used [0x2db60000,0x2dcc8820,0x2deb0000)
  to   space 3264K, 0% used [0x2e450000,0x2e450000,0x2e780000)
 PSOldGen        total 16384K, used 5364K [0x18040000, 0x19040000, 0x2d5a0000)
  object space 16384K, 32% used [0x18040000,0x1857d370,0x19040000)
 PSPermGen       total 65536K, used 13257K [0x10040000, 0x14040000, 0x18040000)
  object space 65536K, 20% used [0x10040000,0x10d327c0,0x14040000)
}
Total time for which application threads were stopped: 0.0057896 seconds
Application time: 0.0002945 seconds
Total time for which application threads were stopped: 0.0000589 seconds
Application time: 0.0006305 seconds
Total time for which application threads were stopped: 0.0000559 seconds
Application time: 0.0000274 seconds
Total time for which application threads were stopped: 0.0000226 seconds
Application time: 0.0000193 seconds
Total time for which application threads were stopped: 0.0000344 seconds
Application time: 0.0000140 seconds
Total time for which application threads were stopped: 0.0000332 seconds
Application time: 0.0000226 seconds
Total time for which application threads were stopped: 0.0000363 seconds
Application time: 0.0000170 seconds
Total time for which application threads were stopped: 0.0000235 seconds
Application time: 0.0000151 seconds
Total time for which application threads were stopped: 0.0000346 seconds
Application time: 0.0000176 seconds
Total time for which application threads were stopped: 0.0000221 seconds
Application time: 0.0000151 seconds
Total time for which application threads were stopped: 0.0000349 seconds
Application time: 0.0000140 seconds
Total time for which application threads were stopped: 0.0000221 seconds
Application time: 0.0000173 seconds
Total time for which application threads were stopped: 0.0000355 seconds
Application time: 0.0000165 seconds
Total time for which application threads were stopped: 0.0000237 seconds
Application time: 0.0000151 seconds
Total time for which application threads were stopped: 0.0000341 seconds
Application time: 0.0000184 seconds
Total time for which application threads were stopped: 0.0000229 seconds
Application time: 0.0000145 seconds
Total time for which application threads were stopped: 0.0000358 seconds
Application time: 0.0000170 seconds
Total time for which application threads were stopped: 0.0000341 seconds
Application time: 0.0000215 seconds
Total time for which application threads were stopped: 0.0000436 seconds
Application time: 0.0000251 seconds
Total time for which application threads were stopped: 0.0000405 seconds
Application time: 0.0001028 seconds
Total time for which application threads were stopped: 0.0000461 seconds
Application time: 0.0000293 seconds
Total time for which application threads were stopped: 0.0000399 seconds
Application time: 0.0000223 seconds
Total time for which application threads were stopped: 0.0000525 seconds
Application time: 0.0000221 seconds
Total time for which application threads were stopped: 0.0000251 seconds
Application time: 0.0000198 seconds
Total time for which application threads were stopped: 0.0000422 seconds
Application time: 0.0000355 seconds
Total time for which application threads were stopped: 0.0000358 seconds
Application time: 0.0000170 seconds
Total time for which application threads were stopped: 0.0000427 seconds
Application time: 0.0000380 seconds
Total time for which application threads were stopped: 0.0000374 seconds
Application time: 0.0000221 seconds
Total time for which application threads were stopped: 0.0000458 seconds
Application time: 0.0000210 seconds
Total time for which application threads were stopped: 0.0000335 seconds
Application time: 0.0000251 seconds
Total time for which application threads were stopped: 0.0000360 seconds
Application time: 0.0000193 seconds
Total time for which application threads were stopped: 0.0000394 seconds
Application time: 0.0000235 seconds
Total time for which application threads were stopped: 0.0000388 seconds
Application time: 0.0000212 seconds
Total time for which application threads were stopped: 0.0000237 seconds
Application time: 0.0000142 seconds
Total time for which application threads were stopped: 0.0000394 seconds
Application time: 0.0000237 seconds
Total time for which application threads were stopped: 0.0000355 seconds
Application time: 0.0000196 seconds
Total time for which application threads were stopped: 0.0000467 seconds
Application time: 0.0000237 seconds
Total time for which application threads were stopped: 0.0000285 seconds
Application time: 0.0000148 seconds
Total time for which application threads were stopped: 0.0000341 seconds
Application time: 0.0000218 seconds
Total time for which application threads were stopped: 0.0000581 seconds
Application time: 0.0000182 seconds
Total time for which application threads were stopped: 0.0000416 seconds
Application time: 0.0000265 seconds
Total time for which application threads were stopped: 0.0000324 seconds
Application time: 0.0000198 seconds
Total time for which application threads were stopped: 0.0000332 seconds
Application time: 0.0000218 seconds
Total time for which application threads were stopped: 0.0000355 seconds
Application time: 0.0000232 seconds
Total time for which application threads were stopped: 0.0000358 seconds
Application time: 0.0000193 seconds
Total time for which application threads were stopped: 0.0000467 seconds
Application time: 0.0000355 seconds
Total time for which application threads were stopped: 0.0000458 seconds
Application time: 0.0000193 seconds
Total time for which application threads were stopped: 0.0000436 seconds
Application time: 0.0000288 seconds
Total time for which application threads were stopped: 0.0000413 seconds
Application time: 0.0000277 seconds
Total time for which application threads were stopped: 0.0000363 seconds
Application time: 0.0000221 seconds
Total time for which application threads were stopped: 0.0000567 seconds
Application time: 0.0000268 seconds
Total time for which application threads were stopped: 0.0000344 seconds
Application time: 0.0000254 seconds
Total time for which application threads were stopped: 0.0000570 seconds
Application time: 0.0000318 seconds
Total time for which application threads were stopped: 0.0000372 seconds
Application time: 0.0000254 seconds
Total time for which application threads were stopped: 0.0000422 seconds
Application time: 0.0000263 seconds
Total time for which application threads were stopped: 0.0000372 seconds
Application time: 0.0000251 seconds
Total time for which application threads were stopped: 0.0000511 seconds
Application time: 0.0000332 seconds
Total time for which application threads were stopped: 0.0000341 seconds
Application time: 0.0000215 seconds
Total time for which application threads were stopped: 0.0000302 seconds
Application time: 0.0000221 seconds
Total time for which application threads were stopped: 0.0000386 seconds
Application time: 0.0000218 seconds
Total time for which application threads were stopped: 0.0000394 seconds
Application time: 0.0000237 seconds
Total time for which application threads were stopped: 0.0000416 seconds
Application time: 0.0000218 seconds
Total time for which application threads were stopped: 0.0000469 seconds
Application time: 0.0000235 seconds
Total time for which application threads were stopped: 0.0000383 seconds
Application time: 0.0000257 seconds
Total time for which application threads were stopped: 0.0000391 seconds
Application time: 0.0000240 seconds
Total time for which application threads were stopped: 0.0000427 seconds
Application time: 0.0000210 seconds
Total time for which application threads were stopped: 0.0000413 seconds
Application time: 0.0000299 seconds
Total time for which application threads were stopped: 0.0000310 seconds
Application time: 0.0000221 seconds
Total time for which application threads were stopped: 0.0000567 seconds
Application time: 0.0000260 seconds
Total time for which application threads were stopped: 0.0000670 seconds
Application time: 0.2012189 seconds
{Heap before GC invocations=8 (full 0):
 PSYoungGen      total 9280K, used 7330K [0x2d5a0000, 0x2e780000, 0x38040000)
  eden space 5888K, 100% used [0x2d5a0000,0x2db60000,0x2db60000)
  from space 3392K, 42% used [0x2db60000,0x2dcc8820,0x2deb0000)
  to   space 3264K, 0% used [0x2e450000,0x2e450000,0x2e780000)
 PSOldGen        total 16384K, used 5364K [0x18040000, 0x19040000, 0x2d5a0000)
  object space 16384K, 32% used [0x18040000,0x1857d370,0x19040000)
 PSPermGen       total 65536K, used 13279K [0x10040000, 0x14040000, 0x18040000)
  object space 65536K, 20% used [0x10040000,0x10d37dc8,0x14040000)
13.245: [GC [PSYoungGen: 7330K->1344K(14912K)] 12694K->7102K(31296K), 0.0047473 secs] [Times: user=0.00 sys=0.00, real=0.00 secs] 
Heap after GC invocations=8 (full 0):
 PSYoungGen      total 14912K, used 1344K [0x2d5a0000, 0x2e760000, 0x38040000)
  eden space 11776K, 0% used [0x2d5a0000,0x2d5a0000,0x2e120000)
  from space 3136K, 42% used [0x2e450000,0x2e5a0020,0x2e760000)
  to   space 3200K, 0% used [0x2e120000,0x2e120000,0x2e440000)
 PSOldGen        total 16384K, used 5758K [0x18040000, 0x19040000, 0x2d5a0000)
  object space 16384K, 35% used [0x18040000,0x185dfba0,0x19040000)
 PSPermGen       total 65536K, used 13279K [0x10040000, 0x14040000, 0x18040000)
  object space 65536K, 20% used [0x10040000,0x10d37dc8,0x14040000)
}
Total time for which application threads were stopped: 0.0050518 seconds
Application time: 0.0001098 seconds
Total time for which application threads were stopped: 0.0000746 seconds
Application time: 0.0000394 seconds
Total time for which application threads were stopped: 0.0000444 seconds
Application time: 0.0000251 seconds
Total time for which application threads were stopped: 0.0000514 seconds
Application time: 0.0000397 seconds
Total time for which application threads were stopped: 0.0000386 seconds
Application time: 0.0000450 seconds
Total time for which application threads were stopped: 0.0000416 seconds
Application time: 0.0000249 seconds
Total time for which application threads were stopped: 0.0000640 seconds
Application time: 0.0000330 seconds
Total time for which application threads were stopped: 0.0000617 seconds
Application time: 0.0000475 seconds
Total time for which application threads were stopped: 0.0000503 seconds
Application time: 0.0000321 seconds
Total time for which application threads were stopped: 0.0000483 seconds
Application time: 0.0000302 seconds
Total time for which application threads were stopped: 0.0000500 seconds
Application time: 0.0000251 seconds
Total time for which application threads were stopped: 0.0000441 seconds
Application time: 0.0000349 seconds
Total time for which application threads were stopped: 0.0000402 seconds
Application time: 0.0000243 seconds
Total time for which application threads were stopped: 0.0000355 seconds
Application time: 0.0000243 seconds
Total time for which application threads were stopped: 0.0000522 seconds
Application time: 0.0000204 seconds
Total time for which application threads were stopped: 0.0000383 seconds
Application time: 0.0000313 seconds
Total time for which application threads were stopped: 0.0000419 seconds
Application time: 0.0000232 seconds
Total time for which application threads were stopped: 0.0000489 seconds
Application time: 0.0000455 seconds
Total time for which application threads were stopped: 0.0000450 seconds
Application time: 0.0000254 seconds
Total time for which application threads were stopped: 0.0000388 seconds
Application time: 0.0000257 seconds
Total time for which application threads were stopped: 0.0000422 seconds
Application time: 0.0000260 seconds
Total time for which application threads were stopped: 0.0000439 seconds
Application time: 0.0000271 seconds
Total time for which application threads were stopped: 0.0000522 seconds
Application time: 0.0000249 seconds
Total time for which application threads were stopped: 0.0000500 seconds
Application time: 0.0000318 seconds
Total time for which application threads were stopped: 0.0000363 seconds
Application time: 0.0000210 seconds
Total time for which application threads were stopped: 0.0000299 seconds
Application time: 0.0000235 seconds
Total time for which application threads were stopped: 0.0000380 seconds
Application time: 0.0000399 seconds
Total time for which application threads were stopped: 0.0000372 seconds
Application time: 0.0000207 seconds
Total time for which application threads were stopped: 0.0000425 seconds
Application time: 0.0000305 seconds
Total time for which application threads were stopped: 0.0000467 seconds
Application time: 0.0000196 seconds
Total time for which application threads were stopped: 0.0000455 seconds
Application time: 0.0000349 seconds
Total time for which application threads were stopped: 0.0000439 seconds
Application time: 0.0000254 seconds
Total time for which application threads were stopped: 0.0000589 seconds
Application time: 0.0000316 seconds
Total time for which application threads were stopped: 0.0000447 seconds
Application time: 0.0000210 seconds
Total time for which application threads were stopped: 0.0000430 seconds
Application time: 0.0000316 seconds
Total time for which application threads were stopped: 0.0000425 seconds
Application time: 0.0000223 seconds
Total time for which application threads were stopped: 0.0000629 seconds
Application time: 0.0000282 seconds
Total time for which application threads were stopped: 0.0000430 seconds
Application time: 0.0000212 seconds
Total time for which application threads were stopped: 0.0000475 seconds
Application time: 0.0000330 seconds
Total time for which application threads were stopped: 0.0000715 seconds
Application time: 0.0000229 seconds
Total time for which application threads were stopped: 0.0000609 seconds
Application time: 0.3142223 seconds
{Heap before GC invocations=9 (full 0):
 PSYoungGen      total 14912K, used 13120K [0x2d5a0000, 0x2e760000, 0x38040000)
  eden space 11776K, 100% used [0x2d5a0000,0x2e120000,0x2e120000)
  from space 3136K, 42% used [0x2e450000,0x2e5a0020,0x2e760000)
  to   space 3200K, 0% used [0x2e120000,0x2e120000,0x2e440000)
 PSOldGen        total 16384K, used 5758K [0x18040000, 0x19040000, 0x2d5a0000)
  object space 16384K, 35% used [0x18040000,0x185dfba0,0x19040000)
 PSPermGen       total 65536K, used 13320K [0x10040000, 0x14040000, 0x18040000)
  object space 65536K, 20% used [0x10040000,0x10d42198,0x14040000)
13.568: [GC [PSYoungGen: 13120K->1640K(14976K)] 18878K->7822K(31360K), 0.0112827 secs] [Times: user=0.03 sys=0.00, real=0.01 secs] 
Heap after GC invocations=9 (full 0):
 PSYoungGen      total 14976K, used 1640K [0x2d5a0000, 0x2ee10000, 0x38040000)
  eden space 11776K, 0% used [0x2d5a0000,0x2d5a0000,0x2e120000)
  from space 3200K, 51% used [0x2e120000,0x2e2ba010,0x2e440000)
  to   space 3072K, 0% used [0x2eb10000,0x2eb10000,0x2ee10000)
 PSOldGen        total 16384K, used 6182K [0x18040000, 0x19040000, 0x2d5a0000)
  object space 16384K, 37% used [0x18040000,0x18649be0,0x19040000)
 PSPermGen       total 65536K, used 13320K [0x10040000, 0x14040000, 0x18040000)
  object space 65536K, 20% used [0x10040000,0x10d42198,0x14040000)
}
Total time for which application threads were stopped: 0.0116465 seconds
Application time: 0.4311084 seconds
{Heap before GC invocations=10 (full 0):
 PSYoungGen      total 14976K, used 13416K [0x2d5a0000, 0x2ee10000, 0x38040000)
  eden space 11776K, 100% used [0x2d5a0000,0x2e120000,0x2e120000)
  from space 3200K, 51% used [0x2e120000,0x2e2ba010,0x2e440000)
  to   space 3072K, 0% used [0x2eb10000,0x2eb10000,0x2ee10000)
 PSOldGen        total 16384K, used 6182K [0x18040000, 0x19040000, 0x2d5a0000)
  object space 16384K, 37% used [0x18040000,0x18649be0,0x19040000)
 PSPermGen       total 65536K, used 13353K [0x10040000, 0x14040000, 0x18040000)
  object space 65536K, 20% used [0x10040000,0x10d4a498,0x14040000)
14.011: [GC [PSYoungGen: 13416K->1472K(21824K)] 19598K->8501K(38208K), 0.0078158 secs] [Times: user=0.00 sys=0.00, real=0.00 secs] 
Heap after GC invocations=10 (full 0):
 PSYoungGen      total 21824K, used 1472K [0x2d5a0000, 0x2edf0000, 0x38040000)
  eden space 18880K, 0% used [0x2d5a0000,0x2d5a0000,0x2e810000)
  from space 2944K, 50% used [0x2eb10000,0x2ec80000,0x2edf0000)
  to   space 3008K, 0% used [0x2e810000,0x2e810000,0x2eb00000)
 PSOldGen        total 16384K, used 7029K [0x18040000, 0x19040000, 0x2d5a0000)
  object space 16384K, 42% used [0x18040000,0x1871d590,0x19040000)
 PSPermGen       total 65536K, used 13353K [0x10040000, 0x14040000, 0x18040000)
  object space 65536K, 20% used [0x10040000,0x10d4a498,0x14040000)
}
Total time for which application threads were stopped: 0.0081312 seconds
Application time: 0.2036764 seconds
Total time for which application threads were stopped: 0.0001875 seconds
Application time: 0.4156221 seconds
{Heap before GC invocations=11 (full 0):
 PSYoungGen      total 21824K, used 20352K [0x2d5a0000, 0x2edf0000, 0x38040000)
  eden space 18880K, 100% used [0x2d5a0000,0x2e810000,0x2e810000)
  from space 2944K, 50% used [0x2eb10000,0x2ec80000,0x2edf0000)
  to   space 3008K, 0% used [0x2e810000,0x2e810000,0x2eb00000)
 PSOldGen        total 16384K, used 7029K [0x18040000, 0x19040000, 0x2d5a0000)
  object space 16384K, 42% used [0x18040000,0x1871d590,0x19040000)
 PSPermGen       total 65536K, used 13393K [0x10040000, 0x14040000, 0x18040000)
  object space 65536K, 20% used [0x10040000,0x10d546a8,0x14040000)
14.639: [GC [PSYoungGen: 20352K->1456K(21888K)] 27381K->9826K(38272K), 0.0195380 secs] [Times: user=0.03 sys=0.00, real=0.02 secs] 
Heap after GC invocations=11 (full 0):
 PSYoungGen      total 21888K, used 1456K [0x2d5a0000, 0x2f8e0000, 0x38040000)
  eden space 18880K, 0% used [0x2d5a0000,0x2d5a0000,0x2e810000)
  from space 3008K, 48% used [0x2e810000,0x2e97c000,0x2eb00000)
  to   space 2944K, 0% used [0x2f600000,0x2f600000,0x2f8e0000)
 PSOldGen        total 16384K, used 8370K [0x18040000, 0x19040000, 0x2d5a0000)
  object space 16384K, 51% used [0x18040000,0x1886c818,0x19040000)
 PSPermGen       total 65536K, used 13393K [0x10040000, 0x14040000, 0x18040000)
  object space 65536K, 20% used [0x10040000,0x10d546a8,0x14040000)
}
Total time for which application threads were stopped: 0.0198279 seconds
Application time: 1.0055884 seconds
Total time for which application threads were stopped: 0.0632016 seconds
Application time: 0.0385108 seconds
{Heap before GC invocations=12 (full 0):
 PSYoungGen      total 21888K, used 20336K [0x2d5a0000, 0x2f8e0000, 0x38040000)
  eden space 18880K, 100% used [0x2d5a0000,0x2e810000,0x2e810000)
  from space 3008K, 48% used [0x2e810000,0x2e97c000,0x2eb00000)
  to   space 2944K, 0% used [0x2f600000,0x2f600000,0x2f8e0000)
 PSOldGen        total 16384K, used 8370K [0x18040000, 0x19040000, 0x2d5a0000)
  object space 16384K, 51% used [0x18040000,0x1886c818,0x19040000)
 PSPermGen       total 65536K, used 13447K [0x10040000, 0x14040000, 0x18040000)
  object space 65536K, 20% used [0x10040000,0x10d61e08,0x14040000)
15.766: [GC [PSYoungGen: 20336K->1736K(32896K)] 28706K->11218K(49280K), 0.0157506 secs] [Times: user=0.03 sys=0.00, real=0.02 secs] 
Heap after GC invocations=12 (full 0):
 PSYoungGen      total 32896K, used 1736K [0x2d5a0000, 0x2f8a0000, 0x38040000)
  eden space 30208K, 0% used [0x2d5a0000,0x2d5a0000,0x2f320000)
  from space 2688K, 64% used [0x2f600000,0x2f7b2010,0x2f8a0000)
  to   space 2816K, 0% used [0x2f320000,0x2f320000,0x2f5e0000)
 PSOldGen        total 16384K, used 9482K [0x18040000, 0x19040000, 0x2d5a0000)
  object space 16384K, 57% used [0x18040000,0x18982880,0x19040000)
 PSPermGen       total 65536K, used 13447K [0x10040000, 0x14040000, 0x18040000)
  object space 65536K, 20% used [0x10040000,0x10d61e08,0x14040000)
}
Total time for which application threads were stopped: 0.0160579 seconds
Application time: 1.9994111 seconds
Total time for which application threads were stopped: 0.0001699 seconds
Application time: 0.1977919 seconds
{Heap before GC invocations=13 (full 0):
 PSYoungGen      total 32896K, used 31944K [0x2d5a0000, 0x2f8a0000, 0x38040000)
  eden space 30208K, 100% used [0x2d5a0000,0x2f320000,0x2f320000)
  from space 2688K, 64% used [0x2f600000,0x2f7b2010,0x2f8a0000)
  to   space 2816K, 0% used [0x2f320000,0x2f320000,0x2f5e0000)
 PSOldGen        total 16384K, used 9482K [0x18040000, 0x19040000, 0x2d5a0000)
  object space 16384K, 57% used [0x18040000,0x18982880,0x19040000)
 PSPermGen       total 65536K, used 13565K [0x10040000, 0x14040000, 0x18040000)
  object space 65536K, 20% used [0x10040000,0x10d7f5e8,0x14040000)
17.979: [GC [PSYoungGen: 31944K->2277K(33024K)] 41426K->12983K(49408K), 0.0117504 secs] [Times: user=0.00 sys=0.00, real=0.00 secs] 
Heap after GC invocations=13 (full 0):
 PSYoungGen      total 33024K, used 2277K [0x2d5a0000, 0x30aa0000, 0x38040000)
  eden space 30208K, 0% used [0x2d5a0000,0x2d5a0000,0x2f320000)
  from space 2816K, 80% used [0x2f320000,0x2f5595d0,0x2f5e0000)
  to   space 2944K, 0% used [0x307c0000,0x307c0000,0x30aa0000)
 PSOldGen        total 16384K, used 10706K [0x18040000, 0x19040000, 0x2d5a0000)
  object space 16384K, 65% used [0x18040000,0x18ab4898,0x19040000)
 PSPermGen       total 65536K, used 13565K [0x10040000, 0x14040000, 0x18040000)
  object space 65536K, 20% used [0x10040000,0x10d7f5e8,0x14040000)
}
Total time for which application threads were stopped: 0.0120756 seconds
Application time: 0.9999025 seconds
Total time for which application threads were stopped: 0.0001587 seconds
Application time: 0.6517571 seconds
Total time for which application threads were stopped: 0.0001766 seconds
Application time: 0.5876878 seconds
Total time for which application threads were stopped: 0.0002224 seconds
Application time: 0.1683060 seconds
{Heap before GC invocations=14 (full 0):
 PSYoungGen      total 33024K, used 32485K [0x2d5a0000, 0x30aa0000, 0x38040000)
  eden space 30208K, 100% used [0x2d5a0000,0x2f320000,0x2f320000)
  from space 2816K, 80% used [0x2f320000,0x2f5595d0,0x2f5e0000)
  to   space 2944K, 0% used [0x307c0000,0x307c0000,0x30aa0000)
 PSOldGen        total 16384K, used 10706K [0x18040000, 0x19040000, 0x2d5a0000)
  object space 16384K, 65% used [0x18040000,0x18ab4898,0x19040000)
 PSPermGen       total 65536K, used 13889K [0x10040000, 0x14040000, 0x18040000)
  object space 65536K, 21% used [0x10040000,0x10dd0788,0x14040000)
20.400: [GC [PSYoungGen: 32485K->2933K(50176K)] 43191K->15981K(66560K), 0.0169371 secs] [Times: user=0.03 sys=0.00, real=0.02 secs] 
Heap after GC invocations=14 (full 0):
 PSYoungGen      total 50176K, used 2933K [0x2d5a0000, 0x30ce0000, 0x38040000)
  eden space 47232K, 0% used [0x2d5a0000,0x2d5a0000,0x303c0000)
  from space 2944K, 99% used [0x307c0000,0x30a9d7d0,0x30aa0000)
  to   space 4096K, 0% used [0x303c0000,0x303c0000,0x307c0000)
 PSOldGen        total 16384K, used 13047K [0x18040000, 0x19040000, 0x2d5a0000)
  object space 16384K, 79% used [0x18040000,0x18cfdd80,0x19040000)
 PSPermGen       total 65536K, used 13889K [0x10040000, 0x14040000, 0x18040000)
  object space 65536K, 21% used [0x10040000,0x10dd0788,0x14040000)
}
Total time for which application threads were stopped: 0.0172248 seconds
Application time: 0.1816150 seconds
Total time for which application threads were stopped: 0.0001615 seconds
Application time: 0.0015089 seconds
Total time for which application threads were stopped: 0.0001226 seconds
Application time: 0.5425801 seconds
Total time for which application threads were stopped: 0.0002377 seconds
Application time: 0.5505993 seconds
Total time for which application threads were stopped: 0.0002495 seconds
Application time: 0.0672946 seconds
Total time for which application threads were stopped: 0.0001942 seconds
Application time: 0.0143127 seconds
Total time for which application threads were stopped: 0.0001810 seconds
Application time: 0.0809879 seconds
Total time for which application threads were stopped: 0.0000989 seconds
Application time: 0.0000511 seconds
Total time for which application threads were stopped: 0.0000338 seconds
Application time: 0.0000168 seconds
Total time for which application threads were stopped: 0.0000327 seconds
Application time: 0.0001022 seconds
Total time for which application threads were stopped: 0.0000341 seconds
Application time: 0.0001151 seconds
Total time for which application threads were stopped: 0.0000338 seconds
Application time: 0.0018500 seconds
Total time for which application threads were stopped: 0.0000816 seconds
Application time: 0.0785125 seconds
Total time for which application threads were stopped: 0.0000900 seconds
Application time: 0.0004375 seconds
Total time for which application threads were stopped: 0.0000416 seconds
Application time: 0.0000536 seconds
Total time for which application threads were stopped: 0.0000355 seconds
Application time: 0.0001006 seconds
Total time for which application threads were stopped: 0.0000360 seconds
Application time: 0.0007269 seconds
Total time for which application threads were stopped: 0.0000740 seconds
Application time: 0.0030875 seconds
Total time for which application threads were stopped: 0.0000643 seconds
Application time: 0.0050970 seconds
Total time for which application threads were stopped: 0.0000651 seconds
Application time: 0.0008903 seconds
Total time for which application threads were stopped: 0.0000511 seconds
Application time: 0.0000221 seconds
Total time for which application threads were stopped: 0.0000335 seconds
Application time: 0.0000218 seconds
Total time for which application threads were stopped: 0.0000352 seconds
Application time: 0.0000193 seconds
Total time for which application threads were stopped: 0.0000346 seconds
Application time: 0.0000182 seconds
Total time for which application threads were stopped: 0.0000553 seconds
Application time: 0.0000190 seconds
Total time for which application threads were stopped: 0.0000346 seconds
Application time: 0.0000176 seconds
Total time for which application threads were stopped: 0.0000346 seconds
Application time: 0.0000176 seconds
Total time for which application threads were stopped: 0.0000346 seconds
Application time: 0.0000176 seconds
Total time for which application threads were stopped: 0.0000335 seconds
Application time: 0.0000176 seconds
Total time for which application threads were stopped: 0.0000344 seconds
Application time: 0.0000179 seconds
Total time for which application threads were stopped: 0.0000344 seconds
Application time: 0.0000179 seconds
Total time for which application threads were stopped: 0.0000344 seconds
Application time: 0.0000198 seconds
Total time for which application threads were stopped: 0.0000352 seconds
Application time: 0.0000184 seconds
Total time for which application threads were stopped: 0.0000341 seconds
Application time: 0.0000176 seconds
Total time for which application threads were stopped: 0.0000346 seconds
Application time: 0.0000176 seconds
Total time for which application threads were stopped: 0.0000338 seconds
Application time: 0.0000173 seconds
Total time for which application threads were stopped: 0.0000341 seconds
Application time: 0.0000182 seconds
Total time for which application threads were stopped: 0.0000640 seconds
Application time: 0.0154042 seconds
Total time for which application threads were stopped: 0.0003514 seconds
Application time: 0.0053549 seconds
Total time for which application threads were stopped: 0.0000620 seconds
Application time: 0.2045869 seconds
Total time for which application threads were stopped: 0.0000941 seconds
Application time: 0.0002769 seconds
Total time for which application threads were stopped: 0.0000394 seconds
Application time: 0.0001062 seconds
Total time for which application threads were stopped: 0.0000352 seconds
Application time: 0.0209152 seconds
Total time for which application threads were stopped: 0.0001486 seconds
Application time: 0.0197972 seconds
Total time for which application threads were stopped: 0.0000869 seconds
Application time: 0.0000226 seconds
Total time for which application threads were stopped: 0.0000346 seconds
Application time: 0.0000140 seconds
Total time for which application threads were stopped: 0.0000344 seconds
Application time: 0.0000601 seconds
Total time for which application threads were stopped: 0.0000363 seconds
Application time: 0.0009954 seconds
Total time for which application threads were stopped: 0.0000670 seconds
Application time: 0.0074741 seconds
Total time for which application threads were stopped: 0.0006660 seconds
Application time: 0.0360940 seconds
Total time for which application threads were stopped: 0.0000721 seconds
Application time: 0.0587038 seconds
Total time for which application threads were stopped: 0.0001036 seconds
Application time: 0.0001235 seconds
Total time for which application threads were stopped: 0.0000397 seconds
Application time: 0.0000883 seconds
Total time for which application threads were stopped: 0.0000372 seconds
Application time: 0.0000791 seconds
Total time for which application threads were stopped: 0.0000372 seconds
Application time: 0.0006453 seconds
Total time for which application threads were stopped: 0.0000749 seconds
Application time: 0.0030442 seconds
Total time for which application threads were stopped: 0.0000693 seconds
Application time: 0.0458463 seconds
Total time for which application threads were stopped: 0.0000830 seconds
Application time: 0.0006699 seconds
Total time for which application threads were stopped: 0.0000528 seconds
Application time: 0.0000341 seconds
Total time for which application threads were stopped: 0.0000355 seconds
Application time: 0.0000142 seconds
Total time for which application threads were stopped: 0.0000346 seconds
Application time: 0.0000145 seconds
Total time for which application threads were stopped: 0.0000341 seconds
Application time: 0.0000506 seconds
Total time for which application threads were stopped: 0.0000925 seconds
Application time: 0.1572580 seconds
Total time for which application threads were stopped: 0.0000721 seconds
Application time: 0.0013789 seconds
Total time for which application threads were stopped: 0.0000397 seconds
Application time: 0.0326759 seconds
Total time for which application threads were stopped: 0.0000872 seconds
Application time: 0.0041801 seconds
Total time for which application threads were stopped: 0.0000631 seconds
Application time: 0.0104483 seconds
Total time for which application threads were stopped: 0.0001087 seconds
Application time: 0.0001263 seconds
Total time for which application threads were stopped: 0.0000386 seconds
Application time: 0.0000120 seconds
Total time for which application threads were stopped: 0.0000318 seconds
Application time: 0.0028249 seconds
Total time for which application threads were stopped: 0.0000665 seconds
Application time: 0.0244626 seconds
Total time for which application threads were stopped: 0.0000869 seconds
Application time: 0.0001618 seconds
Total time for which application threads were stopped: 0.0000363 seconds
Application time: 0.0007671 seconds
Total time for which application threads were stopped: 0.0000439 seconds
Application time: 0.0006085 seconds
Total time for which application threads were stopped: 0.0000458 seconds
Application time: 0.0326620 seconds
Total time for which application threads were stopped: 0.0000874 seconds
Application time: 0.0000369 seconds
Total time for which application threads were stopped: 0.0000338 seconds
Application time: 0.0004146 seconds
Total time for which application threads were stopped: 0.0000399 seconds
Application time: 0.1147598 seconds
Total time for which application threads were stopped: 0.0001687 seconds
Application time: 0.0000497 seconds
Total time for which application threads were stopped: 0.0000352 seconds
Application time: 0.0000170 seconds
Total time for which application threads were stopped: 0.0000324 seconds
Application time: 0.0001034 seconds
Total time for which application threads were stopped: 0.0000397 seconds
Application time: 0.0000986 seconds
Total time for which application threads were stopped: 0.0000349 seconds
Application time: 0.0406828 seconds
Total time for which application threads were stopped: 0.0001185 seconds
Application time: 0.0487445 seconds
Total time for which application threads were stopped: 0.0000802 seconds
Application time: 0.0000341 seconds
Total time for which application threads were stopped: 0.0000341 seconds
Application time: 0.0005487 seconds
Total time for which application threads were stopped: 0.0000405 seconds
Application time: 0.0001891 seconds
Total time for which application threads were stopped: 0.0000366 seconds
Application time: 0.0005487 seconds
Total time for which application threads were stopped: 0.0000433 seconds
Application time: 0.0000279 seconds
Total time for which application threads were stopped: 0.0000332 seconds
Application time: 0.0413337 seconds
Total time for which application threads were stopped: 0.0000729 seconds
Application time: 0.0000257 seconds
Total time for which application threads were stopped: 0.0000813 seconds
Application time: 0.0420618 seconds
Total time for which application threads were stopped: 0.0000916 seconds
Application time: 0.0000372 seconds
Total time for which application threads were stopped: 0.0000240 seconds
Application time: 0.0000223 seconds
Total time for which application threads were stopped: 0.0000232 seconds
Application time: 0.0000215 seconds
Total time for which application threads were stopped: 0.0000229 seconds
Application time: 0.0000215 seconds
Total time for which application threads were stopped: 0.0000229 seconds
Application time: 0.0001165 seconds
Total time for which application threads were stopped: 0.0000232 seconds
Application time: 0.0018433 seconds
Total time for which application threads were stopped: 0.0000394 seconds
Application time: 0.0865314 seconds
Total time for which application threads were stopped: 0.0000659 seconds
Application time: 0.3646195 seconds
Total time for which application threads were stopped: 0.0001444 seconds
Application time: 0.2034440 seconds
Total time for which application threads were stopped: 0.0001612 seconds
Application time: 0.1451514 seconds
Total time for which application threads were stopped: 0.0000690 seconds
Application time: 0.3676733 seconds
{Heap before GC invocations=15 (full 0):
 PSYoungGen      total 50176K, used 50165K [0x2d5a0000, 0x30ce0000, 0x38040000)
  eden space 47232K, 100% used [0x2d5a0000,0x303c0000,0x303c0000)
  from space 2944K, 99% used [0x307c0000,0x30a9d7d0,0x30aa0000)
  to   space 4096K, 0% used [0x303c0000,0x303c0000,0x307c0000)
 PSOldGen        total 16384K, used 13047K [0x18040000, 0x19040000, 0x2d5a0000)
  object space 16384K, 79% used [0x18040000,0x18cfdd80,0x19040000)
 PSPermGen       total 65536K, used 16709K [0x10040000, 0x14040000, 0x18040000)
  object space 65536K, 25% used [0x10040000,0x11091498,0x14040000)
24.104: [GC [PSYoungGen: 50165K->1436K(51328K)] 63213K->17138K(67712K), 0.0136635 secs] [Times: user=0.00 sys=0.02, real=0.02 secs] 
Heap after GC invocations=15 (full 0):
 PSYoungGen      total 51328K, used 1436K [0x2d5a0000, 0x32750000, 0x38040000)
  eden space 47232K, 0% used [0x2d5a0000,0x2d5a0000,0x303c0000)
  from space 4096K, 35% used [0x303c0000,0x30527120,0x307c0000)
  to   space 4032K, 0% used [0x32360000,0x32360000,0x32750000)
 PSOldGen        total 16384K, used 15702K [0x18040000, 0x19040000, 0x2d5a0000)
  object space 16384K, 95% used [0x18040000,0x18f95890,0x19040000)
 PSPermGen       total 65536K, used 16709K [0x10040000, 0x14040000, 0x18040000)
  object space 65536K, 25% used [0x10040000,0x11091498,0x14040000)
}
{Heap before GC invocations=16 (full 1):
 PSYoungGen      total 51328K, used 1436K [0x2d5a0000, 0x32750000, 0x38040000)
  eden space 47232K, 0% used [0x2d5a0000,0x2d5a0000,0x303c0000)
  from space 4096K, 35% used [0x303c0000,0x30527120,0x307c0000)
  to   space 4032K, 0% used [0x32360000,0x32360000,0x32750000)
 PSOldGen        total 16384K, used 15702K [0x18040000, 0x19040000, 0x2d5a0000)
  object space 16384K, 95% used [0x18040000,0x18f95890,0x19040000)
 PSPermGen       total 65536K, used 16709K [0x10040000, 0x14040000, 0x18040000)
  object space 65536K, 25% used [0x10040000,0x11091498,0x14040000)
24.118: [Full GC [PSYoungGen: 1436K->0K(51328K)] [PSOldGen: 15702K->13527K(24512K)] 17138K->13527K(75840K) [PSPermGen: 16709K->16709K(65536K)], 0.1144249 secs] [Times: user=0.11 sys=0.00, real=0.11 secs] 
Heap after GC invocations=16 (full 1):
 PSYoungGen      total 51328K, used 0K [0x2d5a0000, 0x32750000, 0x38040000)
  eden space 47232K, 0% used [0x2d5a0000,0x2d5a0000,0x303c0000)
  from space 4096K, 0% used [0x303c0000,0x303c0000,0x307c0000)
  to   space 4032K, 0% used [0x32360000,0x32360000,0x32750000)
 PSOldGen        total 24512K, used 13527K [0x18040000, 0x19830000, 0x2d5a0000)
  object space 24512K, 55% used [0x18040000,0x18d75d00,0x19830000)
 PSPermGen       total 65536K, used 16709K [0x10040000, 0x14040000, 0x18040000)
  object space 65536K, 25% used [0x10040000,0x11091498,0x14040000)
}
Total time for which application threads were stopped: 0.1286842 seconds
Application time: 0.0069031 seconds
Total time for which application threads were stopped: 0.0000805 seconds
Application time: 0.0005414 seconds
Total time for which application threads were stopped: 0.0000542 seconds
Application time: 0.0006358 seconds
Total time for which application threads were stopped: 0.0001537 seconds
Application time: 0.0000173 seconds
Total time for which application threads were stopped: 0.0000338 seconds
Application time: 0.0051101 seconds
Total time for which application threads were stopped: 0.0000799 seconds
Application time: 0.0000215 seconds
Total time for which application threads were stopped: 0.0000307 seconds
Application time: 0.0000154 seconds
Total time for which application threads were stopped: 0.0000279 seconds
Application time: 0.0000140 seconds
Total time for which application threads were stopped: 0.0000221 seconds
Application time: 0.0000129 seconds
Total time for which application threads were stopped: 0.0000249 seconds
Application time: 0.0000129 seconds
Total time for which application threads were stopped: 0.0000246 seconds
Application time: 0.0000129 seconds
Total time for which application threads were stopped: 0.0000246 seconds
Application time: 0.0000129 seconds
Total time for which application threads were stopped: 0.0000246 seconds
Application time: 0.0000129 seconds
Total time for which application threads were stopped: 0.0000249 seconds
Application time: 0.0000129 seconds
Total time for which application threads were stopped: 0.0000578 seconds
Application time: 0.0000137 seconds
Total time for which application threads were stopped: 0.0000249 seconds
Application time: 0.0000129 seconds
Total time for which application threads were stopped: 0.0000249 seconds
Application time: 0.0000129 seconds
Total time for which application threads were stopped: 0.0000246 seconds
Application time: 0.0000129 seconds
Total time for which application threads were stopped: 0.0000603 seconds
Application time: 0.9997441 seconds
Total time for which application threads were stopped: 0.0001785 seconds
Application time: 0.3903837 seconds
Total time for which application threads were stopped: 0.0001162 seconds
Application time: 0.5173719 seconds
Total time for which application threads were stopped: 0.0002791 seconds
Application time: 0.0469817 seconds
Total time for which application threads were stopped: 0.0000891 seconds
Application time: 0.0003889 seconds
Total time for which application threads were stopped: 0.0000517 seconds
Application time: 0.0600479 seconds
Total time for which application threads were stopped: 0.0000805 seconds
Application time: 0.0649909 seconds
Total time for which application threads were stopped: 0.0004372 seconds
Application time: 0.2392620 seconds
Total time for which application threads were stopped: 0.0000740 seconds
Application time: 0.0616324 seconds
Total time for which application threads were stopped: 0.0001106 seconds
Application time: 0.0002819 seconds
Total time for which application threads were stopped: 0.0000380 seconds
Application time: 0.0005185 seconds
Total time for which application threads were stopped: 0.0000455 seconds
Application time: 0.0030630 seconds
Total time for which application threads were stopped: 0.0001911 seconds
Application time: 0.0015745 seconds
Total time for which application threads were stopped: 0.0000830 seconds
Application time: 0.0116702 seconds
Total time for which application threads were stopped: 0.0001045 seconds
Application time: 0.0003115 seconds
Total time for which application threads were stopped: 0.0000372 seconds
Application time: 0.0980437 seconds
Total time for which application threads were stopped: 0.0002042 seconds
Application time: 0.1584757 seconds
Total time for which application threads were stopped: 0.0002565 seconds
Application time: 0.0047542 seconds
Total time for which application threads were stopped: 0.0000754 seconds
Application time: 0.0036882 seconds
Total time for which application threads were stopped: 0.0000813 seconds
Application time: 0.0013083 seconds
Total time for which application threads were stopped: 0.0000617 seconds
Application time: 0.0182356 seconds
Total time for which application threads were stopped: 0.0001084 seconds
Application time: 0.0293766 seconds
Total time for which application threads were stopped: 0.0000983 seconds
Application time: 0.0003232 seconds
Total time for which application threads were stopped: 0.0000433 seconds
Application time: 0.0001073 seconds
Total time for which application threads were stopped: 0.0000355 seconds
Application time: 0.0048221 seconds
Total time for which application threads were stopped: 0.0000754 seconds
Application time: 0.0182406 seconds
Total time for which application threads were stopped: 0.0000777 seconds
Application time: 0.0039463 seconds
Total time for which application threads were stopped: 0.0000707 seconds
Application time: 0.0048649 seconds
Total time for which application threads were stopped: 0.0000757 seconds
Application time: 0.0067492 seconds
Total time for which application threads were stopped: 0.0001218 seconds
Application time: 0.0266028 seconds
Total time for which application threads were stopped: 0.0001000 seconds
Application time: 0.9054930 seconds
Total time for which application threads were stopped: 0.0001841 seconds
Application time: 0.0000263 seconds
Total time for which application threads were stopped: 0.0000316 seconds
Application time: 0.0259136 seconds
Total time for which application threads were stopped: 0.0000880 seconds
Application time: 0.0000179 seconds
Total time for which application threads were stopped: 0.0000335 seconds
Application time: 0.0000254 seconds
Total time for which application threads were stopped: 0.0000305 seconds
Application time: 0.0000508 seconds
Total time for which application threads were stopped: 0.0000305 seconds
Application time: 0.0503902 seconds
Total time for which application threads were stopped: 0.0000863 seconds
Application time: 0.0000229 seconds
Total time for which application threads were stopped: 0.0000310 seconds
Application time: 0.0752154 seconds
Total time for which application threads were stopped: 0.0000852 seconds
Application time: 0.2766896 seconds
Total time for which application threads were stopped: 0.0000704 seconds
Application time: 0.0111900 seconds
Total time for which application threads were stopped: 0.0001081 seconds
Application time: 0.0453516 seconds
Total time for which application threads were stopped: 0.0002011 seconds
Application time: 0.0156282 seconds
Total time for which application threads were stopped: 0.0001070 seconds
Application time: 0.0000134 seconds
Total time for which application threads were stopped: 0.0000332 seconds
Application time: 0.0051884 seconds
Total time for which application threads were stopped: 0.0000657 seconds
Application time: 0.0000352 seconds
Total time for which application threads were stopped: 0.0000352 seconds
Application time: 0.0481067 seconds
Total time for which application threads were stopped: 0.0001911 seconds
Application time: 0.0000313 seconds
Total time for which application threads were stopped: 0.0000310 seconds
Application time: 0.0001101 seconds
Total time for which application threads were stopped: 0.0000307 seconds
Application time: 0.1330474 seconds
Total time for which application threads were stopped: 0.0001606 seconds
Application time: 0.0004467 seconds
Total time for which application threads were stopped: 0.0000455 seconds
Application time: 0.0000402 seconds
Total time for which application threads were stopped: 0.0000481 seconds
Application time: 0.0001732 seconds
Total time for which application threads were stopped: 0.0000380 seconds
Application time: 0.0008403 seconds
Total time for which application threads were stopped: 0.0000494 seconds
Application time: 0.0011812 seconds
Total time for which application threads were stopped: 0.0000525 seconds
Application time: 0.0031166 seconds
Total time for which application threads were stopped: 0.0000601 seconds
Application time: 0.2095750 seconds
Total time for which application threads were stopped: 0.0000712 seconds
Application time: 0.0483237 seconds
Total time for which application threads were stopped: 0.0001313 seconds
Application time: 0.0006758 seconds
Total time for which application threads were stopped: 0.0000503 seconds
Application time: 0.0001685 seconds
Total time for which application threads were stopped: 0.0000391 seconds
Application time: 0.0016865 seconds
Total time for which application threads were stopped: 0.0000525 seconds
Application time: 0.0909127 seconds
Total time for which application threads were stopped: 0.0000696 seconds
Application time: 0.0000184 seconds
Total time for which application threads were stopped: 0.0000240 seconds
Application time: 0.0000179 seconds
Total time for which application threads were stopped: 0.0000232 seconds
Application time: 0.1214531 seconds
Total time for which application threads were stopped: 0.0002207 seconds
Application time: 0.0366868 seconds
Total time for which application threads were stopped: 0.0000925 seconds
Application time: 0.0000411 seconds
Total time for which application threads were stopped: 0.0000486 seconds
Application time: 0.0205761 seconds
Total time for which application threads were stopped: 0.0000791 seconds
Application time: 0.0000243 seconds
Total time for which application threads were stopped: 0.0000321 seconds
Application time: 0.0000232 seconds
Total time for which application threads were stopped: 0.0000305 seconds
Application time: 0.0002947 seconds
Total time for which application threads were stopped: 0.0000380 seconds
Application time: 0.0002151 seconds
Total time for which application threads were stopped: 0.0000260 seconds
Application time: 0.0000109 seconds
Total time for which application threads were stopped: 0.0000265 seconds
Application time: 0.0002771 seconds
Total time for which application threads were stopped: 0.0000313 seconds
Application time: 0.0000115 seconds
Total time for which application threads were stopped: 0.0000257 seconds
Application time: 0.0000112 seconds
Total time for which application threads were stopped: 0.0000254 seconds
Application time: 0.0002375 seconds
Total time for which application threads were stopped: 0.0000291 seconds
Application time: 0.0000115 seconds
Total time for which application threads were stopped: 0.0000257 seconds
Application time: 0.0000109 seconds
Total time for which application threads were stopped: 0.0000254 seconds
Application time: 0.0002389 seconds
Total time for which application threads were stopped: 0.0000296 seconds
Application time: 0.0000115 seconds
Total time for which application threads were stopped: 0.0000257 seconds
Application time: 0.0000109 seconds
Total time for which application threads were stopped: 0.0000277 seconds
Application time: 0.0962413 seconds
Total time for which application threads were stopped: 0.0001134 seconds
Application time: 0.0001363 seconds
Total time for which application threads were stopped: 0.0000402 seconds
Application time: 0.0084494 seconds
Total time for which application threads were stopped: 0.0000729 seconds
Application time: 0.0006554 seconds
Total time for which application threads were stopped: 0.0000478 seconds
Application time: 0.0088911 seconds
Total time for which application threads were stopped: 0.0000732 seconds
Application time: 0.0002813 seconds
Total time for which application threads were stopped: 0.0000318 seconds
Application time: 0.0074521 seconds
Total time for which application threads were stopped: 0.0000779 seconds
Application time: 0.0000522 seconds
Total time for which application threads were stopped: 0.0000332 seconds
Application time: 0.0003006 seconds
Total time for which application threads were stopped: 0.0000372 seconds
Application time: 0.0003112 seconds
Total time for which application threads were stopped: 0.0000324 seconds
Application time: 0.0000305 seconds
Total time for which application threads were stopped: 0.0000321 seconds
Application time: 0.0058030 seconds
Total time for which application threads were stopped: 0.0000665 seconds
Application time: 0.0004308 seconds
Total time for which application threads were stopped: 0.0000388 seconds
Application time: 0.0068394 seconds
Total time for which application threads were stopped: 0.0000690 seconds
Application time: 0.0002986 seconds
Total time for which application threads were stopped: 0.0000886 seconds
Application time: 0.0133254 seconds
Total time for which application threads were stopped: 0.0000805 seconds
Application time: 0.0001609 seconds
Total time for which application threads were stopped: 0.0000307 seconds
Application time: 0.0007803 seconds
Total time for which application threads were stopped: 0.0000377 seconds
Application time: 0.0001070 seconds
Total time for which application threads were stopped: 0.0000291 seconds
Application time: 0.0536336 seconds
Total time for which application threads were stopped: 0.0000914 seconds
Application time: 0.0049643 seconds
Total time for which application threads were stopped: 0.0000659 seconds
Application time: 0.0001179 seconds
Total time for which application threads were stopped: 0.0000321 seconds
Application time: 0.0318803 seconds
Total time for which application threads were stopped: 0.0000729 seconds
Application time: 0.0001347 seconds
Total time for which application threads were stopped: 0.0000444 seconds
Application time: 0.0248540 seconds
Total time for which application threads were stopped: 0.0002869 seconds
Application time: 0.0435675 seconds
Total time for which application threads were stopped: 0.0000799 seconds
Application time: 0.2288534 seconds
Total time for which application threads were stopped: 0.0002869 seconds
Application time: 0.0024604 seconds
Total time for which application threads were stopped: 0.0000531 seconds
Application time: 0.0021081 seconds
Total time for which application threads were stopped: 0.0000489 seconds
Application time: 0.0000210 seconds
Total time for which application threads were stopped: 0.0000302 seconds
Application time: 0.0004132 seconds
Total time for which application threads were stopped: 0.0000313 seconds
Application time: 0.0000176 seconds
Total time for which application threads were stopped: 0.0000296 seconds
Application time: 0.0002928 seconds
Total time for which application threads were stopped: 0.0000349 seconds
Application time: 0.2486760 seconds
Total time for which application threads were stopped: 0.0000763 seconds
Application time: 0.0017460 seconds
Total time for which application threads were stopped: 0.0000606 seconds
Application time: 0.0003514 seconds
Total time for which application threads were stopped: 0.0000321 seconds
Application time: 0.0000120 seconds
Total time for which application threads were stopped: 0.0000293 seconds
Application time: 0.0068967 seconds
Total time for which application threads were stopped: 0.0000612 seconds
Application time: 0.0000151 seconds
Total time for which application threads were stopped: 0.0000229 seconds
Application time: 0.0000117 seconds
Total time for which application threads were stopped: 0.0000263 seconds
Application time: 0.0010976 seconds
Total time for which application threads were stopped: 0.0001517 seconds
Application time: 0.0099638 seconds
Total time for which application threads were stopped: 0.0000852 seconds
Application time: 0.0002241 seconds
Total time for which application threads were stopped: 0.0000386 seconds
Application time: 0.0040067 seconds
Total time for which application threads were stopped: 0.0000833 seconds
Application time: 0.0775568 seconds
Total time for which application threads were stopped: 0.0000721 seconds
Application time: 0.0247160 seconds
Total time for which application threads were stopped: 0.0000805 seconds
Application time: 0.0000204 seconds
Total time for which application threads were stopped: 0.0000344 seconds
Application time: 0.0000145 seconds
Total time for which application threads were stopped: 0.0000330 seconds
Application time: 0.0000129 seconds
Total time for which application threads were stopped: 0.0000330 seconds
Application time: 0.0603465 seconds
Total time for which application threads were stopped: 0.0003400 seconds
Application time: 0.3893788 seconds
Total time for which application threads were stopped: 0.0002612 seconds
Application time: 0.4918128 seconds
Total time for which application threads were stopped: 0.0001073 seconds
Application time: 0.0010929 seconds
Total time for which application threads were stopped: 0.0000481 seconds
Application time: 0.0049741 seconds
Total time for which application threads were stopped: 0.0001257 seconds
Application time: 0.2241209 seconds
Total time for which application threads were stopped: 0.0004313 seconds
Application time: 0.2231552 seconds
Total time for which application threads were stopped: 0.0001302 seconds
Application time: 0.0384635 seconds
Total time for which application threads were stopped: 0.0000922 seconds
Application time: 0.1051648 seconds
Total time for which application threads were stopped: 0.0000995 seconds
Application time: 0.1287577 seconds
Total time for which application threads were stopped: 0.0001271 seconds
Application time: 0.0002998 seconds
Total time for which application threads were stopped: 0.0000383 seconds
Application time: 0.0177316 seconds
Total time for which application threads were stopped: 0.0000779 seconds
Application time: 0.0020419 seconds
Total time for which application threads were stopped: 0.0001699 seconds
Application time: 0.0000142 seconds
Total time for which application threads were stopped: 0.0000335 seconds
Application time: 0.2069498 seconds
Total time for which application threads were stopped: 0.0001162 seconds
Application time: 0.2890968 seconds
{Heap before GC invocations=17 (full 1):
 PSYoungGen      total 51328K, used 47232K [0x2d5a0000, 0x32750000, 0x38040000)
  eden space 47232K, 100% used [0x2d5a0000,0x303c0000,0x303c0000)
  from space 4096K, 0% used [0x303c0000,0x303c0000,0x307c0000)
  to   space 4032K, 0% used [0x32360000,0x32360000,0x32750000)
 PSOldGen        total 24512K, used 13527K [0x18040000, 0x19830000, 0x2d5a0000)
  object space 24512K, 55% used [0x18040000,0x18d75d00,0x19830000)
 PSPermGen       total 65536K, used 23768K [0x10040000, 0x14040000, 0x18040000)
  object space 65536K, 36% used [0x10040000,0x11776240,0x14040000)
32.272: [GC [PSYoungGen: 47232K->4027K(69952K)] 60759K->20868K(94464K), 0.0242849 secs] [Times: user=0.06 sys=0.00, real=0.03 secs] 
Heap after GC invocations=17 (full 1):
 PSYoungGen      total 69952K, used 4027K [0x2d5a0000, 0x32750000, 0x38040000)
  eden space 65920K, 0% used [0x2d5a0000,0x2d5a0000,0x31600000)
  from space 4032K, 99% used [0x32360000,0x3274ede8,0x32750000)
  to   space 5760K, 0% used [0x31c10000,0x31c10000,0x321b0000)
 PSOldGen        total 24512K, used 16840K [0x18040000, 0x19830000, 0x2d5a0000)
  object space 24512K, 68% used [0x18040000,0x190b2230,0x19830000)
 PSPermGen       total 65536K, used 23768K [0x10040000, 0x14040000, 0x18040000)
  object space 65536K, 36% used [0x10040000,0x11776240,0x14040000)
}
Total time for which application threads were stopped: 0.0246372 seconds
Application time: 0.0008579 seconds
Total time for which application threads were stopped: 0.0002609 seconds
Application time: 0.0000698 seconds
Total time for which application threads were stopped: 0.0007236 seconds
Application time: 0.0000307 seconds
Total time for which application threads were stopped: 0.0000411 seconds
Application time: 0.0000210 seconds
Total time for which application threads were stopped: 0.0000436 seconds
Application time: 0.0000282 seconds
Total time for which application threads were stopped: 0.0000327 seconds
Application time: 0.0000240 seconds
Total time for which application threads were stopped: 0.0000291 seconds
Application time: 0.0000282 seconds
Total time for which application threads were stopped: 0.0000380 seconds
Application time: 0.0020877 seconds
Total time for which application threads were stopped: 0.0000721 seconds
Application time: 0.0000522 seconds
Total time for which application threads were stopped: 0.0000327 seconds
Application time: 0.0000207 seconds
Total time for which application threads were stopped: 0.0000307 seconds
Application time: 0.0000207 seconds
Total time for which application threads were stopped: 0.0000313 seconds
Application time: 0.0001330 seconds
Total time for which application threads were stopped: 0.0000324 seconds
Application time: 0.0001034 seconds
Total time for which application threads were stopped: 0.0000324 seconds
Application time: 0.0000330 seconds
Total time for which application threads were stopped: 0.0000313 seconds
Application time: 0.0000207 seconds
Total time for which application threads were stopped: 0.0000313 seconds
Application time: 0.0000190 seconds
Total time for which application threads were stopped: 0.0000307 seconds
Application time: 0.0001729 seconds
Total time for which application threads were stopped: 0.0000321 seconds
Application time: 0.0000629 seconds
Total time for which application threads were stopped: 0.0000324 seconds
Application time: 0.0001816 seconds
Total time for which application threads were stopped: 0.0000324 seconds
Application time: 0.0001604 seconds
Total time for which application threads were stopped: 0.0000293 seconds
Application time: 0.0002403 seconds
Total time for which application threads were stopped: 0.0000338 seconds
Application time: 0.0002252 seconds
Total time for which application threads were stopped: 0.0000489 seconds
Application time: 0.0000232 seconds
Total time for which application threads were stopped: 0.0000318 seconds
Application time: 0.0012968 seconds
Total time for which application threads were stopped: 0.0000545 seconds
Application time: 0.0001478 seconds
Total time for which application threads were stopped: 0.0000916 seconds
Application time: 0.0007512 seconds
Total time for which application threads were stopped: 0.0000461 seconds
Application time: 0.0000447 seconds
Total time for which application threads were stopped: 0.0000268 seconds
Application time: 0.0000159 seconds
Total time for which application threads were stopped: 0.0000433 seconds
Application time: 0.0026813 seconds
Total time for which application threads were stopped: 0.0000724 seconds
Application time: 0.0052141 seconds
Total time for which application threads were stopped: 0.0000972 seconds
Application time: 0.0004461 seconds
Total time for which application threads were stopped: 0.0000310 seconds
Application time: 0.0042704 seconds
Total time for which application threads were stopped: 0.0000562 seconds
Application time: 0.2384021 seconds
Total time for which application threads were stopped: 0.0000584 seconds
Application time: 0.0456740 seconds
Total time for which application threads were stopped: 0.0000967 seconds
Application time: 0.5378256 seconds
Total time for which application threads were stopped: 0.0003475 seconds
Application time: 0.4696790 seconds
Total time for which application threads were stopped: 0.0000807 seconds
Application time: 0.5486960 seconds
Total time for which application threads were stopped: 0.0002852 seconds
Application time: 0.0498658 seconds
Total time for which application threads were stopped: 0.0000676 seconds
Application time: 0.0000140 seconds
Total time for which application threads were stopped: 0.0000251 seconds
Application time: 0.0042659 seconds
Total time for which application threads were stopped: 0.0000690 seconds
Application time: 0.0003056 seconds
Total time for which application threads were stopped: 0.0000318 seconds
Application time: 0.0655234 seconds
Total time for which application threads were stopped: 0.0001224 seconds
Application time: 0.0246805 seconds
Total time for which application threads were stopped: 0.0000589 seconds
Application time: 0.0006789 seconds
Total time for which application threads were stopped: 0.0001528 seconds
Application time: 0.0761985 seconds
Total time for which application threads were stopped: 0.0001349 seconds
Application time: 0.1733547 seconds
Total time for which application threads were stopped: 0.0000589 seconds
Application time: 0.2302457 seconds
Total time for which application threads were stopped: 0.0002755 seconds
Application time: 0.0454326 seconds
Total time for which application threads were stopped: 0.0001028 seconds
Application time: 3.0000251 seconds
Total time for which application threads were stopped: 0.0004710 seconds
Application time: 0.9995337 seconds
Total time for which application threads were stopped: 0.0002514 seconds
Application time: 11.9999855 seconds
Total time for which application threads were stopped: 0.0003319 seconds
Application time: 1.9996952 seconds
Total time for which application threads were stopped: 0.0003554 seconds
Application time: 4.9996958 seconds
Total time for which application threads were stopped: 0.0003623 seconds
Application time: 2.5544442 seconds
{Heap before GC invocations=18 (full 1):
 PSYoungGen      total 69952K, used 69947K [0x2d5a0000, 0x32750000, 0x38040000)
  eden space 65920K, 100% used [0x2d5a0000,0x31600000,0x31600000)
  from space 4032K, 99% used [0x32360000,0x3274ede8,0x32750000)
  to   space 5760K, 0% used [0x31c10000,0x31c10000,0x321b0000)
 PSOldGen        total 24512K, used 16840K [0x18040000, 0x19830000, 0x2d5a0000)
  object space 24512K, 68% used [0x18040000,0x190b2230,0x19830000)
 PSPermGen       total 65536K, used 29560K [0x10040000, 0x14040000, 0x18040000)
  object space 65536K, 45% used [0x10040000,0x11d1e1d8,0x14040000)
60.387: [GC [PSYoungGen: 69947K->5751K(77888K)] 86788K->28901K(102400K), 0.0619920 secs] [Times: user=0.11 sys=0.00, real=0.06 secs] 
Heap after GC invocations=18 (full 1):
 PSYoungGen      total 77888K, used 5751K [0x2d5a0000, 0x33740000, 0x38040000)
  eden space 72128K, 0% used [0x2d5a0000,0x2d5a0000,0x31c10000)
  from space 5760K, 99% used [0x31c10000,0x321adee0,0x321b0000)
  to   space 8960K, 0% used [0x32e80000,0x32e80000,0x33740000)
 PSOldGen        total 24512K, used 23149K [0x18040000, 0x19830000, 0x2d5a0000)
  object space 24512K, 94% used [0x18040000,0x196db7e0,0x19830000)
 PSPermGen       total 65536K, used 29560K [0x10040000, 0x14040000, 0x18040000)
  object space 65536K, 45% used [0x10040000,0x11d1e1d8,0x14040000)
}
{Heap before GC invocations=19 (full 2):
 PSYoungGen      total 77888K, used 5751K [0x2d5a0000, 0x33740000, 0x38040000)
  eden space 72128K, 0% used [0x2d5a0000,0x2d5a0000,0x31c10000)
  from space 5760K, 99% used [0x31c10000,0x321adee0,0x321b0000)
  to   space 8960K, 0% used [0x32e80000,0x32e80000,0x33740000)
 PSOldGen        total 24512K, used 23149K [0x18040000, 0x19830000, 0x2d5a0000)
  object space 24512K, 94% used [0x18040000,0x196db7e0,0x19830000)
 PSPermGen       total 65536K, used 29560K [0x10040000, 0x14040000, 0x18040000)
  object space 65536K, 45% used [0x10040000,0x11d1e1d8,0x14040000)
60.450: [Full GC [PSYoungGen: 5751K->986K(77888K)] [PSOldGen: 23149K->24511K(41088K)] 28901K->25498K(118976K) [PSPermGen: 29560K->29560K(65536K)], 0.2196327 secs] [Times: user=0.20 sys=0.02, real=0.22 secs] 
Heap after GC invocations=19 (full 2):
 PSYoungGen      total 77888K, used 986K [0x2d5a0000, 0x33740000, 0x38040000)
  eden space 72128K, 1% used [0x2d5a0000,0x2d6969d0,0x31c10000)
  from space 5760K, 0% used [0x31c10000,0x31c10000,0x321b0000)
  to   space 8960K, 0% used [0x32e80000,0x32e80000,0x33740000)
 PSOldGen        total 41088K, used 24511K [0x18040000, 0x1a860000, 0x2d5a0000)
  object space 41088K, 59% used [0x18040000,0x1982fff8,0x1a860000)
 PSPermGen       total 65536K, used 29560K [0x10040000, 0x14040000, 0x18040000)
  object space 65536K, 45% used [0x10040000,0x11d1e1d8,0x14040000)
}
Total time for which application threads were stopped: 0.2826018 seconds
Application time: 0.0089067 seconds
Total time for which application threads were stopped: 0.0001319 seconds
Application time: 0.0000254 seconds
Total time for which application threads were stopped: 0.0000358 seconds
Application time: 0.0000176 seconds
Total time for which application threads were stopped: 0.0000388 seconds
Application time: 0.0000182 seconds
Total time for which application threads were stopped: 0.0000712 seconds
Application time: 0.0000221 seconds
Total time for which application threads were stopped: 0.0000453 seconds
Application time: 0.0000210 seconds
Total time for which application threads were stopped: 0.0000453 seconds
Application time: 0.0000210 seconds
Total time for which application threads were stopped: 0.0000344 seconds
Application time: 0.0000168 seconds
Total time for which application threads were stopped: 0.0000310 seconds
Application time: 0.0000198 seconds
Total time for which application threads were stopped: 0.0000380 seconds
Application time: 0.0000204 seconds
Total time for which application threads were stopped: 0.0000355 seconds
Application time: 0.9995720 seconds
Total time for which application threads were stopped: 0.0002648 seconds
Application time: 1.9997424 seconds
Total time for which application threads were stopped: 0.0002185 seconds
Application time: 0.9997846 seconds
Total time for which application threads were stopped: 0.0002808 seconds
Application time: 0.9997002 seconds
Total time for which application threads were stopped: 0.0002254 seconds
Application time: 0.7857839 seconds
Total time for which application threads were stopped: 0.0004339 seconds
Application time: 1.0030507 seconds
Total time for which application threads were stopped: 0.0003841 seconds
Application time: 1.0010135 seconds
Total time for which application threads were stopped: 0.0008895 seconds
Application time: 0.9669743 seconds
{Heap before GC invocations=20 (full 2):
 PSYoungGen      total 77888K, used 72128K [0x2d5a0000, 0x33740000, 0x38040000)
  eden space 72128K, 100% used [0x2d5a0000,0x31c10000,0x31c10000)
  from space 5760K, 0% used [0x31c10000,0x31c10000,0x321b0000)
  to   space 8960K, 0% used [0x32e80000,0x32e80000,0x33740000)
 PSOldGen        total 41088K, used 24511K [0x18040000, 0x1a860000, 0x2d5a0000)
  object space 41088K, 59% used [0x18040000,0x1982fff8,0x1a860000)
 PSPermGen       total 65536K, used 29835K [0x10040000, 0x14040000, 0x18040000)
  object space 65536K, 45% used [0x10040000,0x11d62ce8,0x14040000)
69.439: [GC [PSYoungGen: 72128K->5399K(90816K)] 96639K->29919K(131904K), 0.0440590 secs] [Times: user=0.09 sys=0.00, real=0.05 secs] 
Heap after GC invocations=20 (full 2):
 PSYoungGen      total 90816K, used 5399K [0x2d5a0000, 0x33db0000, 0x38040000)
  eden space 81856K, 0% used [0x2d5a0000,0x2d5a0000,0x32590000)
  from space 8960K, 60% used [0x32e80000,0x333c5d48,0x33740000)
  to   space 9152K, 0% used [0x32590000,0x32590000,0x32e80000)
 PSOldGen        total 41088K, used 24519K [0x18040000, 0x1a860000, 0x2d5a0000)
  object space 41088K, 59% used [0x18040000,0x19831ff8,0x1a860000)
 PSPermGen       total 65536K, used 29835K [0x10040000, 0x14040000, 0x18040000)
  object space 65536K, 45% used [0x10040000,0x11d62ce8,0x14040000)
}
Total time for which application threads were stopped: 0.0447037 seconds
Application time: 0.9991354 seconds
Total time for which application threads were stopped: 0.0003176 seconds
Application time: 0.9999276 seconds
Total time for which application threads were stopped: 0.0002171 seconds
Application time: 0.8963357 seconds
Total time for which application threads were stopped: 0.0002151 seconds
Application time: 3.2091084 seconds
{Heap before GC invocations=21 (full 2):
 PSYoungGen      total 90816K, used 87255K [0x2d5a0000, 0x33db0000, 0x38040000)
  eden space 81856K, 100% used [0x2d5a0000,0x32590000,0x32590000)
  from space 8960K, 60% used [0x32e80000,0x333c5d48,0x33740000)
  to   space 9152K, 0% used [0x32590000,0x32590000,0x32e80000)
 PSOldGen        total 41088K, used 24519K [0x18040000, 0x1a860000, 0x2d5a0000)
  object space 41088K, 59% used [0x18040000,0x19831ff8,0x1a860000)
 PSPermGen       total 65536K, used 29849K [0x10040000, 0x14040000, 0x18040000)
  object space 65536K, 45% used [0x10040000,0x11d667e8,0x14040000)
75.589: [GC [PSYoungGen: 87255K->6153K(91008K)] 111775K->33421K(132096K), 0.0654293 secs] [Times: user=0.11 sys=0.00, real=0.06 secs] 
Heap after GC invocations=21 (full 2):
 PSYoungGen      total 91008K, used 6153K [0x2d5a0000, 0x34af0000, 0x38040000)
  eden space 81856K, 0% used [0x2d5a0000,0x2d5a0000,0x32590000)
  from space 9152K, 67% used [0x32590000,0x32b92520,0x32e80000)
  to   space 9472K, 0% used [0x341b0000,0x341b0000,0x34af0000)
 PSOldGen        total 41088K, used 27268K [0x18040000, 0x1a860000, 0x2d5a0000)
  object space 41088K, 66% used [0x18040000,0x19ae1170,0x1a860000)
 PSPermGen       total 65536K, used 29849K [0x10040000, 0x14040000, 0x18040000)
  object space 65536K, 45% used [0x10040000,0x11d667e8,0x14040000)
}
Total time for which application threads were stopped: 0.0661240 seconds
Application time: 3.9997078 seconds
Total time for which application threads were stopped: 0.0002769 seconds
Application time: 7.5072592 seconds
{Heap before GC invocations=22 (full 2):
 PSYoungGen      total 91008K, used 88009K [0x2d5a0000, 0x34af0000, 0x38040000)
  eden space 81856K, 100% used [0x2d5a0000,0x32590000,0x32590000)
  from space 9152K, 67% used [0x32590000,0x32b92520,0x32e80000)
  to   space 9472K, 0% used [0x341b0000,0x341b0000,0x34af0000)
 PSOldGen        total 41088K, used 27268K [0x18040000, 0x1a860000, 0x2d5a0000)
  object space 41088K, 66% used [0x18040000,0x19ae1170,0x1a860000)
 PSPermGen       total 65536K, used 29862K [0x10040000, 0x14040000, 0x18040000)
  object space 65536K, 45% used [0x10040000,0x11d69880,0x14040000)
87.163: [GC [PSYoungGen: 88009K->3704K(108608K)] 115277K->34144K(149696K), 0.0671191 secs] [Times: user=0.16 sys=0.00, real=0.08 secs] 
Heap after GC invocations=22 (full 2):
 PSYoungGen      total 108608K, used 3704K [0x2d5a0000, 0x34970000, 0x38040000)
  eden space 100672K, 0% used [0x2d5a0000,0x2d5a0000,0x337f0000)
  from space 7936K, 46% used [0x341b0000,0x3454e010,0x34970000)
  to   space 8960K, 0% used [0x337f0000,0x337f0000,0x340b0000)
 PSOldGen        total 41088K, used 30440K [0x18040000, 0x1a860000, 0x2d5a0000)
  object space 41088K, 74% used [0x18040000,0x19dfa180,0x1a860000)
 PSPermGen       total 65536K, used 29862K [0x10040000, 0x14040000, 0x18040000)
  object space 65536K, 45% used [0x10040000,0x11d69880,0x14040000)
}
Total time for which application threads were stopped: 0.0677544 seconds
Application time: 7.5818938 seconds
Total time for which application threads were stopped: 0.0003411 seconds
Application time: 0.0219631 seconds
Total time for which application threads were stopped: 0.0001260 seconds
Application time: 0.2904626 seconds
{Heap before GC invocations=23 (full 2):
 PSYoungGen      total 108608K, used 104376K [0x2d5a0000, 0x34970000, 0x38040000)
  eden space 100672K, 100% used [0x2d5a0000,0x337f0000,0x337f0000)
  from space 7936K, 46% used [0x341b0000,0x3454e010,0x34970000)
  to   space 8960K, 0% used [0x337f0000,0x337f0000,0x340b0000)
 PSOldGen        total 41088K, used 30440K [0x18040000, 0x1a860000, 0x2d5a0000)
  object space 41088K, 74% used [0x18040000,0x19dfa180,0x1a860000)
 PSPermGen       total 65536K, used 29878K [0x10040000, 0x14040000, 0x18040000)
  object space 65536K, 45% used [0x10040000,0x11d6d978,0x14040000)
95.125: [GC [PSYoungGen: 104376K->4664K(109632K)] 134816K->38744K(150720K), 0.0443386 secs] [Times: user=0.09 sys=0.00, real=0.05 secs] 
Heap after GC invocations=23 (full 2):
 PSYoungGen      total 109632K, used 4664K [0x2d5a0000, 0x35f10000, 0x38040000)
  eden space 100672K, 0% used [0x2d5a0000,0x2d5a0000,0x337f0000)
  from space 8960K, 52% used [0x337f0000,0x33c7e020,0x340b0000)
  to   space 8768K, 0% used [0x35680000,0x35680000,0x35f10000)
 PSOldGen        total 41088K, used 34080K [0x18040000, 0x1a860000, 0x2d5a0000)
  object space 41088K, 82% used [0x18040000,0x1a188180,0x1a860000)
 PSPermGen       total 65536K, used 29878K [0x10040000, 0x14040000, 0x18040000)
  object space 65536K, 45% used [0x10040000,0x11d6d978,0x14040000)
}
Total time for which application threads were stopped: 0.0446752 seconds
Application time: 1.0000712 seconds
Total time for which application threads were stopped: 0.0003330 seconds
Application time: 0.4679760 seconds
Total time for which application threads were stopped: 0.0001173 seconds
Application time: 0.9993044 seconds
Total time for which application threads were stopped: 0.0003389 seconds
Application time: 0.0772252 seconds
Total time for which application threads were stopped: 0.0001514 seconds
Application time: 0.9993963 seconds
Total time for which application threads were stopped: 0.0003294 seconds
Application time: 0.9996653 seconds
Total time for which application threads were stopped: 0.0002604 seconds
Application time: 0.3555365 seconds
Total time for which application threads were stopped: 0.0001875 seconds
Application time: 0.9994323 seconds
Total time for which application threads were stopped: 0.0003461 seconds
Application time: 0.9996430 seconds
Total time for which application threads were stopped: 0.0005992 seconds
Application time: 0.7001577 seconds
Total time for which application threads were stopped: 0.0003897 seconds
Application time: 0.0206551 seconds
Total time for which application threads were stopped: 0.0001366 seconds
Application time: 0.0004163 seconds
Total time for which application threads were stopped: 0.0000721 seconds
Application time: 0.0034834 seconds
Total time for which application threads were stopped: 0.0001685 seconds
Application time: 0.0017879 seconds
Total time for which application threads were stopped: 0.0001564 seconds
Application time: 0.0002073 seconds
Total time for which application threads were stopped: 0.0001425 seconds
Application time: 0.0011080 seconds
Total time for which application threads were stopped: 0.0000911 seconds
Application time: 0.0037276 seconds
Total time for which application threads were stopped: 0.0001288 seconds
Application time: 0.0044215 seconds
Total time for which application threads were stopped: 0.0001349 seconds
Application time: 0.0083770 seconds
Total time for which application threads were stopped: 0.0001391 seconds
Application time: 0.0926291 seconds
Total time for which application threads were stopped: 0.0001268 seconds
Application time: 0.0012108 seconds
Total time for which application threads were stopped: 0.0000967 seconds
Application time: 0.0003579 seconds
Total time for which application threads were stopped: 0.0000877 seconds
Application time: 0.0729006 seconds
Total time for which application threads were stopped: 0.0000863 seconds
Application time: 0.0173455 seconds
Total time for which application threads were stopped: 0.0001109 seconds
Application time: 0.0004484 seconds
Total time for which application threads were stopped: 0.0000643 seconds
Application time: 0.6676639 seconds
Total time for which application threads were stopped: 0.0004766 seconds
Application time: 0.0002654 seconds
Total time for which application threads were stopped: 0.0001017 seconds
Application time: 0.0049895 seconds
Total time for which application threads were stopped: 0.0001103 seconds
Application time: 0.0002693 seconds
Total time for which application threads were stopped: 0.0001123 seconds
Application time: 0.0775526 seconds
Total time for which application threads were stopped: 0.0001196 seconds
Application time: 0.0017114 seconds
Total time for which application threads were stopped: 0.0000880 seconds
Application time: 0.0166342 seconds
Total time for which application threads were stopped: 0.0001193 seconds
Application time: 0.0160305 seconds
Total time for which application threads were stopped: 0.0001215 seconds
Application time: 0.0991484 seconds
Total time for which application threads were stopped: 0.0001548 seconds
Application time: 0.0006839 seconds
Total time for which application threads were stopped: 0.0001187 seconds
Application time: 0.0261824 seconds
Total time for which application threads were stopped: 0.0001556 seconds
Application time: 0.0001050 seconds
Total time for which application threads were stopped: 0.0001092 seconds
Application time: 0.0000260 seconds
Total time for which application threads were stopped: 0.0001070 seconds
Application time: 0.5757751 seconds
Total time for which application threads were stopped: 0.0003232 seconds
Application time: 0.0005219 seconds
Total time for which application threads were stopped: 0.0000469 seconds
Application time: 0.0000341 seconds
Total time for which application threads were stopped: 0.0000503 seconds
Application time: 0.0000422 seconds
Total time for which application threads were stopped: 0.0000439 seconds
Application time: 0.0012228 seconds
Total time for which application threads were stopped: 0.0000486 seconds
Application time: 0.0000402 seconds
Total time for which application threads were stopped: 0.0000439 seconds
Application time: 0.0000598 seconds
Total time for which application threads were stopped: 0.0000453 seconds
Application time: 0.0472524 seconds
Total time for which application threads were stopped: 0.0001402 seconds
Application time: 0.0026529 seconds
Total time for which application threads were stopped: 0.0000782 seconds
Application time: 0.1159798 seconds
Total time for which application threads were stopped: 0.0003959 seconds
Application time: 0.0010979 seconds
Total time for which application threads were stopped: 0.0000983 seconds
Application time: 0.0063597 seconds
Total time for which application threads were stopped: 0.0001659 seconds
Application time: 0.0010666 seconds
Total time for which application threads were stopped: 0.0000900 seconds
Application time: 0.0002651 seconds
Total time for which application threads were stopped: 0.0001045 seconds
Application time: 0.0015605 seconds
Total time for which application threads were stopped: 0.0001416 seconds
Application time: 0.0148790 seconds
Total time for which application threads were stopped: 0.0001176 seconds
Application time: 0.0740924 seconds
Total time for which application threads were stopped: 0.0002687 seconds
Application time: 0.0015161 seconds
Total time for which application threads were stopped: 0.0000846 seconds
Application time: 0.0093928 seconds
Total time for which application threads were stopped: 0.0001076 seconds
Application time: 0.0330819 seconds
Total time for which application threads were stopped: 0.0000791 seconds
Application time: 0.0044657 seconds
Total time for which application threads were stopped: 0.0001022 seconds
Application time: 0.0079979 seconds
Total time for which application threads were stopped: 0.0001050 seconds
Application time: 0.0376160 seconds
Total time for which application threads were stopped: 0.0001369 seconds
Application time: 1.0006037 seconds
Total time for which application threads were stopped: 0.0003347 seconds
Application time: 0.0157185 seconds
Total time for which application threads were stopped: 0.0000844 seconds
Application time: 0.0024078 seconds
Total time for which application threads were stopped: 0.0000643 seconds
Application time: 0.0025193 seconds
Total time for which application threads were stopped: 0.0000687 seconds
Application time: 0.1516126 seconds
{Heap before GC invocations=24 (full 2):
 PSYoungGen      total 109632K, used 105336K [0x2d5a0000, 0x35f10000, 0x38040000)
  eden space 100672K, 100% used [0x2d5a0000,0x337f0000,0x337f0000)
  from space 8960K, 52% used [0x337f0000,0x33c7e020,0x340b0000)
  to   space 8768K, 0% used [0x35680000,0x35680000,0x35f10000)
 PSOldGen        total 41088K, used 34080K [0x18040000, 0x1a860000, 0x2d5a0000)
  object space 41088K, 82% used [0x18040000,0x1a188180,0x1a860000)
 PSPermGen       total 65536K, used 35326K [0x10040000, 0x14040000, 0x18040000)
  object space 65536K, 53% used [0x10040000,0x122bfb58,0x14040000)
106.030: [GC [PSYoungGen: 105336K->3911K(130816K)] 139416K->42428K(171904K), 0.0706263 secs] [Times: user=0.13 sys=0.00, real=0.06 secs] 
Heap after GC invocations=24 (full 2):
 PSYoungGen      total 130816K, used 3911K [0x2d5a0000, 0x35e10000, 0x38040000)
  eden space 123072K, 0% used [0x2d5a0000,0x2d5a0000,0x34dd0000)
  from space 7744K, 50% used [0x35680000,0x35a51fb8,0x35e10000)
  to   space 8320K, 0% used [0x34dd0000,0x34dd0000,0x355f0000)
 PSOldGen        total 41088K, used 38516K [0x18040000, 0x1a860000, 0x2d5a0000)
  object space 41088K, 93% used [0x18040000,0x1a5dd398,0x1a860000)
 PSPermGen       total 65536K, used 35326K [0x10040000, 0x14040000, 0x18040000)
  object space 65536K, 53% used [0x10040000,0x122bfb58,0x14040000)
}
{Heap before GC invocations=25 (full 3):
 PSYoungGen      total 130816K, used 3911K [0x2d5a0000, 0x35e10000, 0x38040000)
  eden space 123072K, 0% used [0x2d5a0000,0x2d5a0000,0x34dd0000)
  from space 7744K, 50% used [0x35680000,0x35a51fb8,0x35e10000)
  to   space 8320K, 0% used [0x34dd0000,0x34dd0000,0x355f0000)
 PSOldGen        total 41088K, used 38516K [0x18040000, 0x1a860000, 0x2d5a0000)
  object space 41088K, 93% used [0x18040000,0x1a5dd398,0x1a860000)
 PSPermGen       total 65536K, used 35326K [0x10040000, 0x14040000, 0x18040000)
  object space 65536K, 53% used [0x10040000,0x122bfb58,0x14040000)
106.101: [Full GC [PSYoungGen: 3911K->0K(130816K)] [PSOldGen: 38516K->36426K(57216K)] 42428K->36426K(188032K) [PSPermGen: 35326K->35326K(65536K)], 0.2926721 secs] [Times: user=0.38 sys=0.00, real=0.30 secs] 
Heap after GC invocations=25 (full 3):
 PSYoungGen      total 130816K, used 0K [0x2d5a0000, 0x35e10000, 0x38040000)
  eden space 123072K, 0% used [0x2d5a0000,0x2d5a0000,0x34dd0000)
  from space 7744K, 0% used [0x35680000,0x35680000,0x35e10000)
  to   space 8320K, 0% used [0x34dd0000,0x34dd0000,0x355f0000)
 PSOldGen        total 57216K, used 36426K [0x18040000, 0x1b820000, 0x2d5a0000)
  object space 57216K, 63% used [0x18040000,0x1a3d2b80,0x1b820000)
 PSPermGen       total 65536K, used 35326K [0x10040000, 0x14040000, 0x18040000)
  object space 65536K, 53% used [0x10040000,0x122bfb58,0x14040000)
}
Total time for which application threads were stopped: 0.3638069 seconds
Application time: 0.0220305 seconds
Total time for which application threads were stopped: 0.0003925 seconds
Application time: 0.0047615 seconds
Total time for which application threads were stopped: 0.0000933 seconds
Application time: 0.0005428 seconds
Total time for which application threads were stopped: 0.0000338 seconds
Application time: 0.0006934 seconds
Total time for which application threads were stopped: 0.0000341 seconds
Application time: 0.0000363 seconds
Total time for which application threads were stopped: 0.0000330 seconds
Application time: 0.0000249 seconds
Total time for which application threads were stopped: 0.0000313 seconds
Application time: 0.0001833 seconds
Total time for which application threads were stopped: 0.0000330 seconds
Application time: 0.0001791 seconds
Total time for which application threads were stopped: 0.0000313 seconds
Application time: 0.0000263 seconds
Total time for which application threads were stopped: 0.0000318 seconds
Application time: 0.0000363 seconds
Total time for which application threads were stopped: 0.0001034 seconds
Application time: 0.1243686 seconds
Total time for which application threads were stopped: 0.0000961 seconds
Application time: 0.0006361 seconds
Total time for which application threads were stopped: 0.0001503 seconds
Application time: 0.0469741 seconds
Total time for which application threads were stopped: 0.0000939 seconds
Application time: 0.0003151 seconds
Total time for which application threads were stopped: 0.0000246 seconds
Application time: 0.0358127 seconds
Total time for which application threads were stopped: 0.0000779 seconds
Application time: 0.0321924 seconds
Total time for which application threads were stopped: 0.0000729 seconds
Application time: 0.0284503 seconds
Total time for which application threads were stopped: 0.0000866 seconds
Application time: 0.0057949 seconds
Total time for which application threads were stopped: 0.0001992 seconds
Application time: 0.0009959 seconds
Total time for which application threads were stopped: 0.0000740 seconds
Application time: 0.1212875 seconds
Total time for which application threads were stopped: 0.0000933 seconds
Application time: 0.0442688 seconds
Total time for which application threads were stopped: 0.0001103 seconds
Application time: 0.1774376 seconds
Total time for which application threads were stopped: 0.0003263 seconds
Application time: 0.0194086 seconds
Total time for which application threads were stopped: 0.0000690 seconds
Application time: 0.0076359 seconds
Total time for which application threads were stopped: 0.0000835 seconds
Application time: 0.0022573 seconds
Total time for which application threads were stopped: 0.0001475 seconds
Application time: 0.5806964 seconds
Total time for which application threads were stopped: 0.0003151 seconds
Application time: 0.0467976 seconds
Total time for which application threads were stopped: 0.0002224 seconds
Application time: 0.0289266 seconds
Total time for which application threads were stopped: 0.0001050 seconds
Application time: 0.3675584 seconds
Total time for which application threads were stopped: 0.0000866 seconds
Application time: 0.0323834 seconds
Total time for which application threads were stopped: 0.0000905 seconds
Application time: 0.3504077 seconds
Total time for which application threads were stopped: 0.0002802 seconds
Application time: 0.0015952 seconds
Total time for which application threads were stopped: 0.0000427 seconds
Application time: 0.0002942 seconds
Total time for which application threads were stopped: 0.0000413 seconds
Application time: 0.0001866 seconds
Total time for which application threads were stopped: 0.0000450 seconds
Application time: 0.0512733 seconds
Total time for which application threads were stopped: 0.0000698 seconds
Application time: 0.0729257 seconds
Total time for which application threads were stopped: 0.0003090 seconds
Application time: 0.0006462 seconds
Total time for which application threads were stopped: 0.0000377 seconds
Application time: 0.0020159 seconds
Total time for which application threads were stopped: 0.0000886 seconds
Application time: 0.0103572 seconds
Total time for which application threads were stopped: 0.0000721 seconds
Application time: 0.0000159 seconds
Total time for which application threads were stopped: 0.0000472 seconds
Application time: 0.0020793 seconds
Total time for which application threads were stopped: 0.0000358 seconds
Application time: 0.0003780 seconds
Total time for which application threads were stopped: 0.0000296 seconds
Application time: 0.0000324 seconds
Total time for which application threads were stopped: 0.0000268 seconds
Application time: 0.0000187 seconds
Total time for which application threads were stopped: 0.0000358 seconds
Application time: 0.0000254 seconds
Total time for which application threads were stopped: 0.0000263 seconds
Application time: 0.0000413 seconds
Total time for which application threads were stopped: 0.0000346 seconds
Application time: 0.0000394 seconds
Total time for which application threads were stopped: 0.0000268 seconds
Application time: 0.0000204 seconds
Total time for which application threads were stopped: 0.0000305 seconds
Application time: 0.0000165 seconds
Total time for which application threads were stopped: 0.0000254 seconds
Application time: 0.0000184 seconds
Total time for which application threads were stopped: 0.0000338 seconds
Application time: 0.0094663 seconds
Total time for which application threads were stopped: 0.0000589 seconds
Application time: 0.0000564 seconds
Total time for which application threads were stopped: 0.0000355 seconds
Application time: 0.0014438 seconds
Total time for which application threads were stopped: 0.0000363 seconds
Application time: 0.0219243 seconds
Total time for which application threads were stopped: 0.0000550 seconds
Application time: 0.0282131 seconds
Total time for which application threads were stopped: 0.0000676 seconds
Application time: 0.0056669 seconds
Total time for which application threads were stopped: 0.0000696 seconds
Application time: 0.0000534 seconds
Total time for which application threads were stopped: 0.0000539 seconds
Application time: 0.0002883 seconds
Total time for which application threads were stopped: 0.0000587 seconds
Application time: 0.0014496 seconds
Total time for which application threads were stopped: 0.0000684 seconds
Application time: 0.0012057 seconds
Total time for which application threads were stopped: 0.0000461 seconds
Application time: 0.0002928 seconds
Total time for which application threads were stopped: 0.0000307 seconds
Application time: 0.0000520 seconds
Total time for which application threads were stopped: 0.0000296 seconds
Application time: 0.0002696 seconds
Total time for which application threads were stopped: 0.0000296 seconds
Application time: 0.0005992 seconds
Total time for which application threads were stopped: 0.0000313 seconds
Application time: 0.0004358 seconds
Total time for which application threads were stopped: 0.0000318 seconds
Application time: 0.0002618 seconds
Total time for which application threads were stopped: 0.0000302 seconds
Application time: 0.0000467 seconds
Total time for which application threads were stopped: 0.0000299 seconds
Application time: 0.0002634 seconds
Total time for which application threads were stopped: 0.0000291 seconds
Application time: 0.0005758 seconds
Total time for which application threads were stopped: 0.0000313 seconds
Application time: 0.0004084 seconds
Total time for which application threads were stopped: 0.0000318 seconds
Application time: 0.0002498 seconds
Total time for which application threads were stopped: 0.0000324 seconds
Application time: 0.0000838 seconds
Total time for which application threads were stopped: 0.0000299 seconds
Application time: 0.0002679 seconds
Total time for which application threads were stopped: 0.0000293 seconds
Application time: 0.0009303 seconds
Total time for which application threads were stopped: 0.0000372 seconds
Application time: 0.0002442 seconds
Total time for which application threads were stopped: 0.0000321 seconds
Application time: 0.0000461 seconds
Total time for which application threads were stopped: 0.0000296 seconds
Application time: 0.0002646 seconds
Total time for which application threads were stopped: 0.0000299 seconds
Application time: 0.0008487 seconds
Total time for which application threads were stopped: 0.0000453 seconds
Application time: 0.0002498 seconds
Total time for which application threads were stopped: 0.0000299 seconds
Application time: 0.0000469 seconds
Total time for which application threads were stopped: 0.0000291 seconds
Application time: 0.0002620 seconds
Total time for which application threads were stopped: 0.0000288 seconds
Application time: 0.0008225 seconds
Total time for which application threads were stopped: 0.0000327 seconds
Application time: 0.0731702 seconds
Total time for which application threads were stopped: 0.0000623 seconds
Application time: 0.0010479 seconds
Total time for which application threads were stopped: 0.0000363 seconds
Application time: 0.0011666 seconds
Total time for which application threads were stopped: 0.0000779 seconds
Application time: 0.0000165 seconds
Total time for which application threads were stopped: 0.0000464 seconds
Application time: 0.0002475 seconds
Total time for which application threads were stopped: 0.0000595 seconds
Application time: 0.0000383 seconds
Total time for which application threads were stopped: 0.0000531 seconds
Application time: 0.0003162 seconds
Total time for which application threads were stopped: 0.0000296 seconds
Application time: 0.0861118 seconds
Total time for which application threads were stopped: 0.0001545 seconds
Application time: 0.0280538 seconds
Total time for which application threads were stopped: 0.0001573 seconds
Application time: 0.0063681 seconds
Total time for which application threads were stopped: 0.0000986 seconds
Application time: 0.0000419 seconds
Total time for which application threads were stopped: 0.0000478 seconds
Application time: 0.0000201 seconds
Total time for which application threads were stopped: 0.0000458 seconds
Application time: 0.2260111 seconds
Total time for which application threads were stopped: 0.0003394 seconds
Application time: 0.0143775 seconds
Total time for which application threads were stopped: 0.0000785 seconds
Application time: 0.0004515 seconds
Total time for which application threads were stopped: 0.0000377 seconds
Application time: 0.0028819 seconds
Total time for which application threads were stopped: 0.0000679 seconds
Application time: 0.0282343 seconds
Total time for which application threads were stopped: 0.0000969 seconds
Application time: 0.0005604 seconds
Total time for which application threads were stopped: 0.0000911 seconds
Application time: 0.1089113 seconds
Total time for which application threads were stopped: 0.0001495 seconds
Application time: 0.0431714 seconds
Total time for which application threads were stopped: 0.0001034 seconds
Application time: 0.1431065 seconds
Total time for which application threads were stopped: 0.0001416 seconds
Application time: 0.0986435 seconds
Total time for which application threads were stopped: 0.0000844 seconds
Application time: 0.0000835 seconds
Total time for which application threads were stopped: 0.0002294 seconds
Application time: 0.0769025 seconds
Total time for which application threads were stopped: 0.0003584 seconds
Application time: 0.0048506 seconds
Total time for which application threads were stopped: 0.0000992 seconds
Application time: 0.0169630 seconds
Total time for which application threads were stopped: 0.0001475 seconds
Application time: 0.0001738 seconds
Total time for which application threads were stopped: 0.0000620 seconds
Application time: 0.0001048 seconds
Total time for which application threads were stopped: 0.0000687 seconds
Application time: 0.0014502 seconds
Total time for which application threads were stopped: 0.0001193 seconds
Application time: 0.0018748 seconds
Total time for which application threads were stopped: 0.0000707 seconds
Application time: 0.0002171 seconds
Total time for which application threads were stopped: 0.0001313 seconds
Application time: 0.0000453 seconds
Total time for which application threads were stopped: 0.0001324 seconds
Application time: 0.0854226 seconds
Total time for which application threads were stopped: 0.0000936 seconds
Application time: 0.0549696 seconds
Total time for which application threads were stopped: 0.0000846 seconds
Application time: 0.0061279 seconds
Total time for which application threads were stopped: 0.0001240 seconds
Application time: 0.1674551 seconds
Total time for which application threads were stopped: 0.0003897 seconds
Application time: 0.0149541 seconds
Total time for which application threads were stopped: 0.0000877 seconds
Application time: 0.0257248 seconds
Total time for which application threads were stopped: 0.0001358 seconds
Application time: 0.0003777 seconds
Total time for which application threads were stopped: 0.0000866 seconds
Application time: 0.0000299 seconds
Total time for which application threads were stopped: 0.0000841 seconds
Application time: 0.0000279 seconds
Total time for which application threads were stopped: 0.0000729 seconds
Application time: 0.0001545 seconds
Total time for which application threads were stopped: 0.0000883 seconds
Application time: 0.0001134 seconds
Total time for which application threads were stopped: 0.0001048 seconds
Application time: 0.0001472 seconds
Total time for which application threads were stopped: 0.0000944 seconds
Application time: 0.0086025 seconds
Total time for which application threads were stopped: 0.0008185 seconds
Application time: 0.0052565 seconds
Total time for which application threads were stopped: 0.0001036 seconds
Application time: 0.0001064 seconds
Total time for which application threads were stopped: 0.0009132 seconds
Application time: 0.0003769 seconds
Total time for which application threads were stopped: 0.0001117 seconds
Application time: 0.0021324 seconds
Total time for which application threads were stopped: 0.0000844 seconds
Application time: 0.0000243 seconds
Total time for which application threads were stopped: 0.0000559 seconds
Application time: 0.0000221 seconds
Total time for which application threads were stopped: 0.0001388 seconds
Application time: 0.0014432 seconds
Total time for which application threads were stopped: 0.0003252 seconds
Application time: 0.0003132 seconds
Total time for which application threads were stopped: 0.0000981 seconds
Application time: 0.0018315 seconds
Total time for which application threads were stopped: 0.0000779 seconds
Application time: 0.0005495 seconds
Total time for which application threads were stopped: 0.0000581 seconds
Application time: 0.5204265 seconds
Total time for which application threads were stopped: 0.0004017 seconds
Application time: 0.0529673 seconds
Total time for which application threads were stopped: 0.0001221 seconds
Application time: 0.0002701 seconds
Total time for which application threads were stopped: 0.0000760 seconds
Application time: 0.0125977 seconds
Total time for which application threads were stopped: 0.0002450 seconds
Application time: 0.0107374 seconds
Total time for which application threads were stopped: 0.0002003 seconds
Application time: 0.0478815 seconds
Total time for which application threads were stopped: 0.0001548 seconds
Application time: 0.0215810 seconds
Total time for which application threads were stopped: 0.0002785 seconds
Application time: 0.0069942 seconds
Total time for which application threads were stopped: 0.0000967 seconds
Application time: 0.0244104 seconds
Total time for which application threads were stopped: 0.0023120 seconds
Application time: 0.0572386 seconds
Total time for which application threads were stopped: 0.0004434 seconds
Application time: 0.0107343 seconds
Total time for which application threads were stopped: 0.0001349 seconds
Application time: 0.0000690 seconds
Total time for which application threads were stopped: 0.0000922 seconds
Application time: 0.0001492 seconds
Total time for which application threads were stopped: 0.0000891 seconds
Application time: 0.0017513 seconds
Total time for which application threads were stopped: 0.0000785 seconds
Application time: 0.0000559 seconds
Total time for which application threads were stopped: 0.0000858 seconds
Application time: 0.0032856 seconds
Total time for which application threads were stopped: 0.0005702 seconds
Application time: 0.0554788 seconds
Total time for which application threads were stopped: 0.0001045 seconds
Application time: 0.0188275 seconds
Total time for which application threads were stopped: 0.0000696 seconds
Application time: 0.0560554 seconds
Total time for which application threads were stopped: 0.0001232 seconds
Application time: 0.0028322 seconds
Total time for which application threads were stopped: 0.0001207 seconds
Application time: 0.0000296 seconds
Total time for which application threads were stopped: 0.0000402 seconds
Application time: 0.0000140 seconds
Total time for which application threads were stopped: 0.0000575 seconds
Application time: 0.0002738 seconds
Total time for which application threads were stopped: 0.0000972 seconds
Application time: 0.0000232 seconds
Total time for which application threads were stopped: 0.0000936 seconds
Application time: 0.0000693 seconds
Total time for which application threads were stopped: 0.0000472 seconds
Application time: 0.0000131 seconds
Total time for which application threads were stopped: 0.0000344 seconds
Application time: 0.0021464 seconds
Total time for which application threads were stopped: 0.0000548 seconds
Application time: 0.0000140 seconds
Total time for which application threads were stopped: 0.0000481 seconds
Application time: 0.0000796 seconds
Total time for which application threads were stopped: 0.0000358 seconds
Application time: 0.0010066 seconds
Total time for which application threads were stopped: 0.0004034 seconds
Application time: 0.0004962 seconds
Total time for which application threads were stopped: 0.0000877 seconds
Application time: 0.0045718 seconds
Total time for which application threads were stopped: 0.0000595 seconds
Application time: 0.0050096 seconds
Total time for which application threads were stopped: 0.0000668 seconds
Application time: 0.0000237 seconds
Total time for which application threads were stopped: 0.0000542 seconds
Application time: 0.0000263 seconds
Total time for which application threads were stopped: 0.0000486 seconds
Application time: 0.0000332 seconds
Total time for which application threads were stopped: 0.0000358 seconds
Application time: 0.0001176 seconds
Total time for which application threads were stopped: 0.0000578 seconds
Application time: 0.0792305 seconds
Total time for which application threads were stopped: 0.0000992 seconds
Application time: 0.0034423 seconds
Total time for which application threads were stopped: 0.0000542 seconds
Application time: 0.0000279 seconds
Total time for which application threads were stopped: 0.0000240 seconds
Application time: 0.0000589 seconds
Total time for which application threads were stopped: 0.0000746 seconds
Application time: 0.0825203 seconds
Total time for which application threads were stopped: 0.0003621 seconds
Application time: 0.0002221 seconds
Total time for which application threads were stopped: 0.0000338 seconds
Application time: 0.0056345 seconds
Total time for which application threads were stopped: 0.0000785 seconds
Application time: 0.0000126 seconds
Total time for which application threads were stopped: 0.0000296 seconds
Application time: 0.0000123 seconds
Total time for which application threads were stopped: 0.0000265 seconds
Application time: 0.0006205 seconds
Total time for which application threads were stopped: 0.0000486 seconds
Application time: 0.0001162 seconds
Total time for which application threads were stopped: 0.0000352 seconds
Application time: 0.0008135 seconds
Total time for which application threads were stopped: 0.0000453 seconds
Application time: 0.0000310 seconds
Total time for which application threads were stopped: 0.0000291 seconds
Application time: 0.0005517 seconds
Total time for which application threads were stopped: 0.0000380 seconds
Application time: 0.0004001 seconds
Total time for which application threads were stopped: 0.0000352 seconds
Application time: 0.0025386 seconds
Total time for which application threads were stopped: 0.0000634 seconds
Application time: 0.0023394 seconds
Total time for which application threads were stopped: 0.0004900 seconds
Application time: 0.0001430 seconds
Total time for which application threads were stopped: 0.0000321 seconds
Application time: 0.0000556 seconds
Total time for which application threads were stopped: 0.0000291 seconds
Application time: 0.0062346 seconds
Total time for which application threads were stopped: 0.0001000 seconds
Application time: 0.0018041 seconds
Total time for which application threads were stopped: 0.0000791 seconds
Application time: 0.0001486 seconds
Total time for which application threads were stopped: 0.0000397 seconds
Application time: 0.0014748 seconds
Total time for which application threads were stopped: 0.0001257 seconds
Application time: 0.0000226 seconds
Total time for which application threads were stopped: 0.0000282 seconds
Application time: 0.0005937 seconds
Total time for which application threads were stopped: 0.0000603 seconds
Application time: 0.0002727 seconds
Total time for which application threads were stopped: 0.0000391 seconds
Application time: 0.0000129 seconds
Total time for which application threads were stopped: 0.0000271 seconds
Application time: 0.0002925 seconds
Total time for which application threads were stopped: 0.0000481 seconds
Application time: 0.0001070 seconds
Total time for which application threads were stopped: 0.0000377 seconds
Application time: 0.0004554 seconds
Total time for which application threads were stopped: 0.0000453 seconds
Application time: 0.0000126 seconds
Total time for which application threads were stopped: 0.0000274 seconds
Application time: 0.0008861 seconds
Total time for which application threads were stopped: 0.0000701 seconds
Application time: 0.0001243 seconds
Total time for which application threads were stopped: 0.0000346 seconds
Application time: 0.0005026 seconds
Total time for which application threads were stopped: 0.0000612 seconds
Application time: 0.0000131 seconds
Total time for which application threads were stopped: 0.0000274 seconds
Application time: 0.0003324 seconds
Total time for which application threads were stopped: 0.0000508 seconds
Application time: 0.0001140 seconds
Total time for which application threads were stopped: 0.0000344 seconds
Application time: 0.0776409 seconds
Total time for which application threads were stopped: 0.0000852 seconds
Application time: 0.2580937 seconds
Total time for which application threads were stopped: 0.0000710 seconds
Application time: 0.0011641 seconds
Total time for which application threads were stopped: 0.0000388 seconds
Application time: 0.0029987 seconds
Total time for which application threads were stopped: 0.0000645 seconds
Application time: 0.1142008 seconds
Total time for which application threads were stopped: 0.0000751 seconds
Application time: 0.0014669 seconds
Total time for which application threads were stopped: 0.0000872 seconds
Application time: 0.0035446 seconds
Total time for which application threads were stopped: 0.0000444 seconds
Application time: 0.0000969 seconds
Total time for which application threads were stopped: 0.0000246 seconds
Application time: 0.0000271 seconds
Total time for which application threads were stopped: 0.0000265 seconds
Application time: 0.0000307 seconds
Total time for which application threads were stopped: 0.0000240 seconds
Application time: 0.0001321 seconds
Total time for which application threads were stopped: 0.0000237 seconds
Application time: 0.0001131 seconds
Total time for which application threads were stopped: 0.0000243 seconds
Application time: 0.0000291 seconds
Total time for which application threads were stopped: 0.0000243 seconds
Application time: 0.0000251 seconds
Total time for which application threads were stopped: 0.0000246 seconds
Application time: 0.0000260 seconds
Total time for which application threads were stopped: 0.0000235 seconds
Application time: 0.0000374 seconds
Total time for which application threads were stopped: 0.0000237 seconds
Application time: 0.0000251 seconds
Total time for which application threads were stopped: 0.0000243 seconds
Application time: 0.0000254 seconds
Total time for which application threads were stopped: 0.0000243 seconds
Application time: 0.0004665 seconds
Total time for which application threads were stopped: 0.0000299 seconds
Application time: 0.0000321 seconds
Total time for which application threads were stopped: 0.0000260 seconds
Application time: 0.0000841 seconds
Total time for which application threads were stopped: 0.0000293 seconds
Application time: 0.0011851 seconds
Total time for which application threads were stopped: 0.0000439 seconds
Application time: 0.0008982 seconds
Total time for which application threads were stopped: 0.0000397 seconds
Application time: 0.0011803 seconds
Total time for which application threads were stopped: 0.0000352 seconds
Application time: 0.0000492 seconds
Total time for which application threads were stopped: 0.0000240 seconds
Application time: 0.0028093 seconds
Total time for which application threads were stopped: 0.0000366 seconds
Application time: 0.0002073 seconds
Total time for which application threads were stopped: 0.0000372 seconds
Application time: 0.0000760 seconds
Total time for which application threads were stopped: 0.0000388 seconds
Application time: 0.0021606 seconds
Total time for which application threads were stopped: 0.0000416 seconds
Application time: 0.0000606 seconds
Total time for which application threads were stopped: 0.0000344 seconds
Application time: 0.0001947 seconds
Total time for which application threads were stopped: 0.0000341 seconds
Application time: 0.0014041 seconds
Total time for which application threads were stopped: 0.0000372 seconds
Application time: 0.0004900 seconds
Total time for which application threads were stopped: 0.0000257 seconds
Application time: 0.0002338 seconds
Total time for which application threads were stopped: 0.0000372 seconds
Application time: 0.0021709 seconds
Total time for which application threads were stopped: 0.0000458 seconds
Application time: 0.0000570 seconds
Total time for which application threads were stopped: 0.0000344 seconds
Application time: 0.0001866 seconds
Total time for which application threads were stopped: 0.0000344 seconds
Application time: 0.0014189 seconds
Total time for which application threads were stopped: 0.0002844 seconds
Application time: 0.0002858 seconds
Total time for which application threads were stopped: 0.0000277 seconds
Application time: 0.0002221 seconds
Total time for which application threads were stopped: 0.0001374 seconds
Application time: 0.0023006 seconds
Total time for which application threads were stopped: 0.0001553 seconds
Application time: 0.0002771 seconds
Total time for which application threads were stopped: 0.0000441 seconds
Application time: 0.0002168 seconds
Total time for which application threads were stopped: 0.0000402 seconds
Application time: 0.0023025 seconds
Total time for which application threads were stopped: 0.0001455 seconds
Application time: 0.0040203 seconds
Total time for which application threads were stopped: 0.0000648 seconds
Application time: 0.0039044 seconds
Total time for which application threads were stopped: 0.0000545 seconds
Application time: 0.0010211 seconds
Total time for which application threads were stopped: 0.0001031 seconds
Application time: 0.0001902 seconds
Total time for which application threads were stopped: 0.0000296 seconds
Application time: 0.0014890 seconds
Total time for which application threads were stopped: 0.0000433 seconds
Application time: 0.0088967 seconds
Total time for which application threads were stopped: 0.0000564 seconds
Application time: 0.0002897 seconds
Total time for which application threads were stopped: 0.0000380 seconds
Application time: 0.0021715 seconds
Total time for which application threads were stopped: 0.0000447 seconds
Application time: 0.0000615 seconds
Total time for which application threads were stopped: 0.0000341 seconds
Application time: 0.0001911 seconds
Total time for which application threads were stopped: 0.0000338 seconds
Application time: 0.0014899 seconds
Total time for which application threads were stopped: 0.0000405 seconds
Application time: 0.0005945 seconds
Total time for which application threads were stopped: 0.0000634 seconds
Application time: 0.0038061 seconds
Total time for which application threads were stopped: 0.0004855 seconds
Application time: 0.3151412 seconds
Total time for which application threads were stopped: 0.0000813 seconds
Application time: 0.0009205 seconds
Total time for which application threads were stopped: 0.0000391 seconds
Application time: 0.0008250 seconds
Total time for which application threads were stopped: 0.0001022 seconds
Application time: 0.0003629 seconds
Total time for which application threads were stopped: 0.0000458 seconds
Application time: 0.0100010 seconds
Total time for which application threads were stopped: 0.0001852 seconds
Application time: 0.0060714 seconds
Total time for which application threads were stopped: 0.0000687 seconds
Application time: 0.0003297 seconds
Total time for which application threads were stopped: 0.0000464 seconds
Application time: 0.0002358 seconds
Total time for which application threads were stopped: 0.0000447 seconds
Application time: 0.0005286 seconds
Total time for which application threads were stopped: 0.0000760 seconds
Application time: 0.0055904 seconds
Total time for which application threads were stopped: 0.0000969 seconds
Application time: 0.0001120 seconds
Total time for which application threads were stopped: 0.0000696 seconds
Application time: 0.0004062 seconds
Total time for which application threads were stopped: 0.0000690 seconds
Application time: 0.0032973 seconds
Total time for which application threads were stopped: 0.0000718 seconds
Application time: 0.0005470 seconds
Total time for which application threads were stopped: 0.0000481 seconds
Application time: 0.0004556 seconds
Total time for which application threads were stopped: 0.0000978 seconds
Application time: 0.0050026 seconds
Total time for which application threads were stopped: 0.0000978 seconds
Application time: 0.0001291 seconds
Total time for which application threads were stopped: 0.0000696 seconds
Application time: 0.0004079 seconds
Total time for which application threads were stopped: 0.0000687 seconds
Application time: 0.0034661 seconds
Total time for which application threads were stopped: 0.0000612 seconds
Application time: 0.0005093 seconds
Total time for which application threads were stopped: 0.0000467 seconds
Application time: 0.0005316 seconds
Total time for which application threads were stopped: 0.0000749 seconds
Application time: 0.0048830 seconds
Total time for which application threads were stopped: 0.0000874 seconds
Application time: 0.0001092 seconds
Total time for which application threads were stopped: 0.0000707 seconds
Application time: 0.0004023 seconds
Total time for which application threads were stopped: 0.0000696 seconds
Application time: 0.0015474 seconds
Total time for which application threads were stopped: 0.0001746 seconds
Application time: 2.8217296 seconds
Total time for which application threads were stopped: 0.0004906 seconds
Application time: 0.9999966 seconds
Total time for which application threads were stopped: 0.0005040 seconds
Application time: 0.2582281 seconds
Total time for which application threads were stopped: 0.0001858 seconds
Application time: 0.9323864 seconds
Total time for which application threads were stopped: 0.0009789 seconds
Application time: 0.6540910 seconds
Total time for which application threads were stopped: 0.0003498 seconds
Application time: 0.5285381 seconds
Total time for which application threads were stopped: 0.0014686 seconds
Application time: 0.0079759 seconds
Total time for which application threads were stopped: 0.0000905 seconds
Application time: 0.0002380 seconds
Total time for which application threads were stopped: 0.0000623 seconds
Application time: 0.0000500 seconds
Total time for which application threads were stopped: 0.0000623 seconds
Application time: 0.0003073 seconds
Total time for which application threads were stopped: 0.0000631 seconds
Application time: 0.0000570 seconds
Total time for which application threads were stopped: 0.0000589 seconds
Application time: 0.0000461 seconds
Total time for which application threads were stopped: 0.0000559 seconds
Application time: 0.0001891 seconds
Total time for which application threads were stopped: 0.0000754 seconds
Application time: 0.0000570 seconds
Total time for which application threads were stopped: 0.0000682 seconds
Application time: 0.0000399 seconds
Total time for which application threads were stopped: 0.0000665 seconds
Application time: 0.0001858 seconds
Total time for which application threads were stopped: 0.0000665 seconds
Application time: 0.0000506 seconds
Total time for which application threads were stopped: 0.0000637 seconds
Application time: 0.0000377 seconds
Total time for which application threads were stopped: 0.0000651 seconds
Application time: 0.0001805 seconds
Total time for which application threads were stopped: 0.0000679 seconds
Application time: 0.0000483 seconds
Total time for which application threads were stopped: 0.0000631 seconds
Application time: 0.0000366 seconds
Total time for which application threads were stopped: 0.0000631 seconds
Application time: 0.0001735 seconds
Total time for which application threads were stopped: 0.0000662 seconds
Application time: 0.0000500 seconds
Total time for which application threads were stopped: 0.0000640 seconds
Application time: 0.0000369 seconds
Total time for which application threads were stopped: 0.0000631 seconds
Application time: 0.0001732 seconds
Total time for which application threads were stopped: 0.0002196 seconds
Application time: 0.0046668 seconds
Total time for which application threads were stopped: 0.0000824 seconds
Application time: 0.0000492 seconds
Total time for which application threads were stopped: 0.0000592 seconds
Application time: 0.0000866 seconds
Total time for which application threads were stopped: 0.0000698 seconds
Application time: 0.0407993 seconds
Total time for which application threads were stopped: 0.0001053 seconds
Application time: 0.0321678 seconds
Total time for which application threads were stopped: 0.0001305 seconds
Application time: 0.0786530 seconds
Total time for which application threads were stopped: 0.0001148 seconds
Application time: 0.0467543 seconds
Total time for which application threads were stopped: 0.0000888 seconds
Application time: 0.0208934 seconds
Total time for which application threads were stopped: 0.0001034 seconds
Application time: 0.0138649 seconds
Total time for which application threads were stopped: 0.0001606 seconds
Application time: 0.0059815 seconds
Total time for which application threads were stopped: 0.0000640 seconds
Application time: 0.0011934 seconds
Total time for which application threads were stopped: 0.0000453 seconds
Application time: 0.0003204 seconds
Total time for which application threads were stopped: 0.0000299 seconds
Application time: 0.7769538 seconds
Total time for which application threads were stopped: 0.0005252 seconds
Application time: 0.4087151 seconds
Total time for which application threads were stopped: 0.0000989 seconds
Application time: 0.0749187 seconds
Total time for which application threads were stopped: 0.0000690 seconds
Application time: 0.0000263 seconds
Total time for which application threads were stopped: 0.0000277 seconds
Application time: 0.0001841 seconds
Total time for which application threads were stopped: 0.0000676 seconds
Application time: 0.0157598 seconds
Total time for which application threads were stopped: 0.0000483 seconds
Application time: 0.0036787 seconds
Total time for which application threads were stopped: 0.0001481 seconds
Application time: 0.0988790 seconds
Total time for which application threads were stopped: 0.0003917 seconds
Application time: 0.0000302 seconds
Total time for which application threads were stopped: 0.0000620 seconds
Application time: 0.0000223 seconds
Total time for which application threads were stopped: 0.0001380 seconds
Application time: 0.0109933 seconds
Total time for which application threads were stopped: 0.0001087 seconds
Application time: 0.0000352 seconds
Total time for which application threads were stopped: 0.0000458 seconds
Application time: 0.0051336 seconds
Total time for which application threads were stopped: 0.0000986 seconds
Application time: 0.0000441 seconds
Total time for which application threads were stopped: 0.0000475 seconds
Application time: 0.0011446 seconds
Total time for which application threads were stopped: 0.0000690 seconds
Application time: 0.0565457 seconds
Total time for which application threads were stopped: 0.0018491 seconds
Application time: 0.0443671 seconds
Total time for which application threads were stopped: 0.0001780 seconds
Application time: 0.0000210 seconds
Total time for which application threads were stopped: 0.0000430 seconds
Application time: 0.0000156 seconds
Total time for which application threads were stopped: 0.0000416 seconds
Application time: 0.0711663 seconds
Total time for which application threads were stopped: 0.0013951 seconds
Application time: 0.0029149 seconds
Total time for which application threads were stopped: 0.0002749 seconds
Application time: 0.0032350 seconds
Total time for which application threads were stopped: 0.0000827 seconds
Application time: 0.0000156 seconds
Total time for which application threads were stopped: 0.0001064 seconds
Application time: 0.0000629 seconds
Total time for which application threads were stopped: 0.0000405 seconds
Application time: 0.0002905 seconds
Total time for which application threads were stopped: 0.0000439 seconds
Application time: 0.0000578 seconds
Total time for which application threads were stopped: 0.0000408 seconds
Application time: 0.0000117 seconds
Total time for which application threads were stopped: 0.0000374 seconds
Application time: 0.0000145 seconds
Total time for which application threads were stopped: 0.0000391 seconds
Application time: 0.0000123 seconds
Total time for which application threads were stopped: 0.0000377 seconds
Application time: 0.0000313 seconds
Total time for which application threads were stopped: 0.0000402 seconds
Application time: 0.0000380 seconds
Total time for which application threads were stopped: 0.0000433 seconds
Application time: 0.0000221 seconds
Total time for which application threads were stopped: 0.0000397 seconds
Application time: 0.0019268 seconds
Total time for which application threads were stopped: 0.0006071 seconds
Application time: 0.0414220 seconds
Total time for which application threads were stopped: 0.0012792 seconds
Application time: 0.0011552 seconds
Total time for which application threads were stopped: 0.0000997 seconds
Application time: 0.0006168 seconds
Total time for which application threads were stopped: 0.0000626 seconds
Application time: 0.0001537 seconds
Total time for which application threads were stopped: 0.0000908 seconds
Application time: 0.0107748 seconds
Total time for which application threads were stopped: 0.0010985 seconds
Application time: 0.0343823 seconds
Total time for which application threads were stopped: 0.0002190 seconds
Application time: 0.0003984 seconds
Total time for which application threads were stopped: 0.0001361 seconds
Application time: 0.0016999 seconds
Total time for which application threads were stopped: 0.0000986 seconds
Application time: 0.1047731 seconds
Total time for which application threads were stopped: 0.0001481 seconds
Application time: 0.0029512 seconds
Total time for which application threads were stopped: 0.0001034 seconds
Application time: 0.0001564 seconds
Total time for which application threads were stopped: 0.0000760 seconds
Application time: 0.0026562 seconds
Total time for which application threads were stopped: 0.0001092 seconds
Application time: 0.0002257 seconds
Total time for which application threads were stopped: 0.0001011 seconds
Application time: 0.0011853 seconds
Total time for which application threads were stopped: 0.0000548 seconds
Application time: 0.0001277 seconds
Total time for which application threads were stopped: 0.0000665 seconds
Application time: 0.0005006 seconds
Total time for which application threads were stopped: 0.0000550 seconds
Application time: 0.0001481 seconds
Total time for which application threads were stopped: 0.0000659 seconds
Application time: 0.0029465 seconds
Total time for which application threads were stopped: 0.0001145 seconds
Application time: 0.0001455 seconds
Total time for which application threads were stopped: 0.0000467 seconds
Application time: 0.0015441 seconds
Total time for which application threads were stopped: 0.0000690 seconds
Application time: 0.0001425 seconds
Total time for which application threads were stopped: 0.0000472 seconds
Application time: 0.3205223 seconds
{Heap before GC invocations=26 (full 3):
 PSYoungGen      total 130816K, used 123072K [0x2d5a0000, 0x35e10000, 0x38040000)
  eden space 123072K, 100% used [0x2d5a0000,0x34dd0000,0x34dd0000)
  from space 7744K, 0% used [0x35680000,0x35680000,0x35e10000)
  to   space 8320K, 0% used [0x34dd0000,0x34dd0000,0x355f0000)
 PSOldGen        total 57216K, used 36426K [0x18040000, 0x1b820000, 0x2d5a0000)
  object space 57216K, 63% used [0x18040000,0x1a3d2b80,0x1b820000)
 PSPermGen       total 65536K, used 42194K [0x10040000, 0x14040000, 0x18040000)
  object space 65536K, 64% used [0x10040000,0x129749f0,0x14040000)
120.630: [GC [PSYoungGen: 123072K->8122K(131392K)] 159498K->44549K(188608K), 0.0298180 secs] [Times: user=0.05 sys=0.00, real=0.03 secs] 
Heap after GC invocations=26 (full 3):
 PSYoungGen      total 131392K, used 8122K [0x2d5a0000, 0x377f0000, 0x38040000)
  eden space 123072K, 0% used [0x2d5a0000,0x2d5a0000,0x34dd0000)
  from space 8320K, 97% used [0x34dd0000,0x355be9f8,0x355f0000)
  to   space 9408K, 0% used [0x36ec0000,0x36ec0000,0x377f0000)
 PSOldGen        total 57216K, used 36426K [0x18040000, 0x1b820000, 0x2d5a0000)
  object space 57216K, 63% used [0x18040000,0x1a3d2b80,0x1b820000)
 PSPermGen       total 65536K, used 42194K [0x10040000, 0x14040000, 0x18040000)
  object space 65536K, 64% used [0x10040000,0x129749f0,0x14040000)
}
Total time for which application threads were stopped: 0.0304709 seconds
Application time: 0.0001749 seconds
Total time for which application threads were stopped: 0.0000950 seconds
Application time: 0.0023729 seconds
Total time for which application threads were stopped: 0.0000629 seconds
Application time: 0.0079356 seconds
Total time for which application threads were stopped: 0.0003724 seconds
Application time: 0.0000335 seconds
Total time for which application threads were stopped: 0.0000481 seconds
Application time: 0.0000316 seconds
Total time for which application threads were stopped: 0.0000623 seconds
Application time: 0.0000251 seconds
Total time for which application threads were stopped: 0.0000497 seconds
Application time: 0.0000416 seconds
Total time for which application threads were stopped: 0.0000712 seconds
Application time: 0.0000229 seconds
Total time for which application threads were stopped: 0.0000631 seconds
Application time: 0.0000237 seconds
Total time for which application threads were stopped: 0.0000643 seconds
Application time: 0.0001659 seconds
Total time for which application threads were stopped: 0.0000880 seconds
Application time: 0.0001523 seconds
Total time for which application threads were stopped: 0.0001025 seconds
Application time: 0.0291791 seconds
Total time for which application threads were stopped: 0.0001939 seconds
Application time: 0.0001690 seconds
Total time for which application threads were stopped: 0.0002470 seconds
Application time: 0.0001671 seconds
Total time for which application threads were stopped: 0.0000433 seconds
Application time: 0.0000165 seconds
Total time for which application threads were stopped: 0.0000377 seconds
Application time: 0.0000156 seconds
Total time for which application threads were stopped: 0.0000377 seconds
Application time: 0.0000156 seconds
Total time for which application threads were stopped: 0.0000369 seconds
Application time: 0.0017033 seconds
Total time for which application threads were stopped: 0.0000791 seconds
Application time: 0.0000668 seconds
Total time for which application threads were stopped: 0.0000564 seconds
Application time: 0.2901288 seconds
Total time for which application threads were stopped: 0.0001190 seconds
Application time: 0.0001894 seconds
Total time for which application threads were stopped: 0.0000469 seconds
Application time: 0.0001109 seconds
Total time for which application threads were stopped: 0.0000458 seconds
Application time: 0.0015013 seconds
Total time for which application threads were stopped: 0.0000506 seconds
Application time: 0.4896064 seconds
Total time for which application threads were stopped: 0.0004646 seconds
Application time: 0.0002816 seconds
Total time for which application threads were stopped: 0.0008937 seconds
Application time: 0.0728232 seconds
Total time for which application threads were stopped: 0.0001299 seconds
Application time: 0.9995013 seconds
Total time for which application threads were stopped: 0.0004724 seconds
Application time: 0.9995321 seconds
Total time for which application threads were stopped: 0.0005316 seconds
Application time: 0.8147913 seconds
Total time for which application threads were stopped: 0.0005238 seconds
Application time: 0.1774994 seconds
Total time for which application threads were stopped: 0.0001791 seconds
Application time: 0.1792217 seconds
Total time for which application threads were stopped: 0.0001794 seconds
Application time: 0.9997908 seconds
Total time for which application threads were stopped: 0.0017231 seconds
Application time: 0.5515112 seconds
Total time for which application threads were stopped: 0.0492585 seconds
Application time: 0.0807298 seconds
Total time for which application threads were stopped: 0.0250912 seconds
Application time: 0.0337062 seconds
Total time for which application threads were stopped: 0.0203752 seconds
Application time: 0.0095428 seconds
Total time for which application threads were stopped: 0.0002062 seconds
Application time: 0.0001833 seconds
Total time for which application threads were stopped: 0.0000447 seconds
Application time: 0.0001347 seconds
Total time for which application threads were stopped: 0.0000349 seconds
Application time: 0.0001299 seconds
Total time for which application threads were stopped: 0.0000341 seconds
Application time: 0.0018203 seconds
Total time for which application threads were stopped: 0.0000472 seconds
Application time: 0.0001648 seconds
Total time for which application threads were stopped: 0.0000360 seconds
Application time: 0.0017667 seconds
Total time for which application threads were stopped: 0.0000481 seconds
Application time: 0.0001503 seconds
Total time for which application threads were stopped: 0.0000349 seconds
Application time: 0.0335604 seconds
Total time for which application threads were stopped: 0.0017871 seconds
Application time: 0.1015498 seconds
Total time for which application threads were stopped: 0.0001802 seconds
Application time: 0.0034080 seconds
Total time for which application threads were stopped: 0.0005654 seconds
Application time: 0.0037390 seconds
Total time for which application threads were stopped: 0.0005107 seconds
Application time: 0.0029615 seconds
Total time for which application threads were stopped: 0.0007345 seconds
Application time: 0.0100806 seconds
Total time for which application threads were stopped: 0.0004682 seconds
Application time: 0.0023324 seconds
Total time for which application threads were stopped: 0.0004006 seconds
Application time: 0.0494068 seconds
Total time for which application threads were stopped: 0.0001157 seconds
Application time: 0.0000279 seconds
Total time for which application threads were stopped: 0.0000313 seconds
Application time: 0.0117384 seconds
Total time for which application threads were stopped: 0.0006403 seconds
Application time: 0.0025076 seconds
Total time for which application threads were stopped: 0.0004922 seconds
Application time: 0.0025059 seconds
Total time for which application threads were stopped: 0.0004232 seconds
Application time: 0.0020475 seconds
Total time for which application threads were stopped: 0.0004177 seconds
Application time: 0.0019455 seconds
Total time for which application threads were stopped: 0.0003730 seconds
Application time: 0.0023405 seconds
Total time for which application threads were stopped: 0.0004143 seconds
Application time: 0.0021355 seconds
Total time for which application threads were stopped: 0.0003355 seconds
Application time: 0.0019827 seconds
Total time for which application threads were stopped: 0.0004244 seconds
Application time: 0.0021098 seconds
Total time for which application threads were stopped: 0.0003621 seconds
Application time: 0.0018502 seconds
Total time for which application threads were stopped: 0.0003383 seconds
Application time: 0.0019209 seconds
Total time for which application threads were stopped: 0.0003112 seconds
Application time: 0.0018910 seconds
Total time for which application threads were stopped: 0.0003601 seconds
Application time: 0.0022430 seconds
Total time for which application threads were stopped: 0.0003453 seconds
Application time: 0.0018142 seconds
Total time for which application threads were stopped: 0.0003017 seconds
Application time: 0.0019271 seconds
Total time for which application threads were stopped: 0.0004101 seconds
Application time: 0.0083178 seconds
Total time for which application threads were stopped: 0.0005129 seconds
Application time: 0.0022835 seconds
Total time for which application threads were stopped: 0.0003690 seconds
Application time: 0.0016203 seconds
Total time for which application threads were stopped: 0.0003391 seconds
Application time: 0.0015745 seconds
Total time for which application threads were stopped: 0.0003059 seconds
Application time: 0.0015063 seconds
Total time for which application threads were stopped: 0.0003316 seconds
Application time: 0.0119895 seconds
Total time for which application threads were stopped: 0.0004171 seconds
Application time: 0.0135688 seconds
Total time for which application threads were stopped: 0.0006361 seconds
Application time: 0.0021402 seconds
Total time for which application threads were stopped: 0.0003978 seconds
Application time: 0.0111131 seconds
Total time for which application threads were stopped: 0.0005006 seconds
Application time: 0.0131318 seconds
Total time for which application threads were stopped: 0.0006037 seconds
Application time: 0.0016594 seconds
Total time for which application threads were stopped: 0.0003070 seconds
Application time: 0.0189116 seconds
Total time for which application threads were stopped: 0.0004928 seconds
Application time: 0.0148723 seconds
Total time for which application threads were stopped: 0.0006358 seconds
Application time: 0.0022774 seconds
Total time for which application threads were stopped: 0.0004707 seconds
Application time: 0.0095208 seconds
Total time for which application threads were stopped: 0.0005738 seconds
Application time: 0.0009510 seconds
Total time for which application threads were stopped: 0.0000548 seconds
Application time: 0.0005992 seconds
Total time for which application threads were stopped: 0.0006741 seconds
Application time: 0.0097714 seconds
Total time for which application threads were stopped: 0.0004450 seconds
Application time: 0.0017726 seconds
Total time for which application threads were stopped: 0.0003034 seconds
Application time: 0.0130768 seconds
Total time for which application threads were stopped: 0.0004601 seconds
Application time: 0.0019773 seconds
Total time for which application threads were stopped: 0.0004149 seconds
Application time: 0.0225104 seconds
Total time for which application threads were stopped: 0.0004347 seconds
Application time: 0.0063631 seconds
Total time for which application threads were stopped: 0.0003243 seconds
Application time: 0.0015840 seconds
Total time for which application threads were stopped: 0.0002981 seconds
Application time: 0.0069866 seconds
Total time for which application threads were stopped: 0.0004889 seconds
Application time: 0.0116026 seconds
Total time for which application threads were stopped: 0.0000807 seconds
Application time: 0.0000589 seconds
Total time for which application threads were stopped: 0.0004308 seconds
Application time: 0.0093330 seconds
Total time for which application threads were stopped: 0.0004688 seconds
Application time: 0.0033373 seconds
Total time for which application threads were stopped: 0.0004137 seconds
Application time: 0.0004702 seconds
Total time for which application threads were stopped: 0.0000575 seconds
Application time: 0.0152450 seconds
Total time for which application threads were stopped: 0.0004906 seconds
Application time: 0.0116828 seconds
Total time for which application threads were stopped: 0.0004853 seconds
Application time: 0.0031546 seconds
Total time for which application threads were stopped: 0.0004095 seconds
Application time: 0.0105566 seconds
Total time for which application threads were stopped: 0.0004710 seconds
Application time: 0.0020416 seconds
Total time for which application threads were stopped: 0.0003710 seconds
Application time: 0.0127022 seconds
Total time for which application threads were stopped: 0.0005693 seconds
Application time: 0.0059795 seconds
Total time for which application threads were stopped: 0.0000751 seconds
Application time: 0.0000386 seconds
Total time for which application threads were stopped: 0.0000316 seconds
Application time: 0.0127821 seconds
Total time for which application threads were stopped: 0.0004542 seconds
Application time: 0.0020849 seconds
Total time for which application threads were stopped: 0.0004260 seconds
Application time: 0.0115498 seconds
Total time for which application threads were stopped: 0.0003523 seconds
Application time: 0.0133017 seconds
Total time for which application threads were stopped: 0.0004283 seconds
Application time: 0.0018243 seconds
Total time for which application threads were stopped: 0.0003121 seconds
Application time: 0.0189038 seconds
Total time for which application threads were stopped: 0.0004034 seconds
Application time: 0.0073814 seconds
Total time for which application threads were stopped: 0.0003210 seconds
Application time: 0.0015519 seconds
Total time for which application threads were stopped: 0.0003020 seconds
Application time: 0.0173335 seconds
Total time for which application threads were stopped: 0.0004369 seconds
Application time: 0.0112880 seconds
Total time for which application threads were stopped: 0.0005179 seconds
Application time: 0.0019466 seconds
Total time for which application threads were stopped: 0.0004221 seconds
Application time: 0.0009607 seconds
Total time for which application threads were stopped: 0.0000763 seconds
Application time: 0.0155743 seconds
Total time for which application threads were stopped: 0.0005132 seconds
Application time: 0.0018203 seconds
Total time for which application threads were stopped: 0.0002978 seconds
Application time: 0.0120591 seconds
Total time for which application threads were stopped: 0.0003827 seconds
Application time: 0.0160948 seconds
Total time for which application threads were stopped: 0.0004984 seconds
Application time: 0.0016793 seconds
Total time for which application threads were stopped: 0.0002984 seconds
Application time: 0.0102236 seconds
Total time for which application threads were stopped: 0.0004179 seconds
Application time: 0.0171072 seconds
Total time for which application threads were stopped: 0.0004434 seconds
Application time: 0.0015508 seconds
Total time for which application threads were stopped: 0.0002922 seconds
Application time: 0.0162487 seconds
Total time for which application threads were stopped: 0.0006107 seconds
Application time: 0.0100898 seconds
Total time for which application threads were stopped: 0.0004503 seconds
Application time: 0.0019827 seconds
Total time for which application threads were stopped: 0.0003330 seconds
Application time: 0.0147901 seconds
Total time for which application threads were stopped: 0.0004478 seconds
Application time: 0.0016097 seconds
Total time for which application threads were stopped: 0.0002919 seconds
Application time: 0.0122611 seconds
Total time for which application threads were stopped: 0.0007079 seconds
Application time: 0.0149002 seconds
Total time for which application threads were stopped: 0.0009208 seconds
Application time: 0.0047908 seconds
Total time for which application threads were stopped: 0.0008487 seconds
Application time: 0.0139261 seconds
Total time for which application threads were stopped: 0.0006509 seconds
Application time: 0.0100080 seconds
Total time for which application threads were stopped: 0.0006277 seconds
Application time: 0.0031174 seconds
Total time for which application threads were stopped: 0.0006219 seconds
Application time: 0.0070481 seconds
Total time for which application threads were stopped: 0.0000914 seconds
Application time: 0.0056348 seconds
Total time for which application threads were stopped: 0.0009554 seconds
Application time: 0.0130600 seconds
Total time for which application threads were stopped: 0.0007155 seconds
Application time: 0.0032792 seconds
Total time for which application threads were stopped: 0.0006252 seconds
Application time: 0.0100024 seconds
Total time for which application threads were stopped: 0.0005587 seconds
Application time: 0.0140314 seconds
Total time for which application threads were stopped: 0.0007277 seconds
Application time: 0.0034985 seconds
Total time for which application threads were stopped: 0.0005923 seconds
Application time: 0.0136646 seconds
Total time for which application threads were stopped: 0.0007096 seconds
Application time: 0.0028336 seconds
Total time for which application threads were stopped: 0.0005679 seconds
Application time: 0.0133355 seconds
Total time for which application threads were stopped: 0.0006476 seconds
Application time: 0.0119985 seconds
Total time for which application threads were stopped: 0.0005632 seconds
Application time: 0.0027788 seconds
Total time for which application threads were stopped: 0.0005464 seconds
Application time: 0.0107111 seconds
Total time for which application threads were stopped: 0.0005830 seconds
Application time: 0.0140725 seconds
Total time for which application threads were stopped: 0.0006241 seconds
Application time: 0.0032535 seconds
Total time for which application threads were stopped: 0.0005867 seconds
Application time: 0.0179878 seconds
Total time for which application threads were stopped: 0.0006216 seconds
Application time: 0.0136730 seconds
Total time for which application threads were stopped: 0.0007534 seconds
Application time: 0.0044894 seconds
Total time for which application threads were stopped: 0.0005842 seconds
Application time: 0.0094604 seconds
Total time for which application threads were stopped: 0.0007009 seconds
Application time: 0.0030920 seconds
Total time for which application threads were stopped: 0.0005612 seconds
Application time: 0.0127782 seconds
Total time for which application threads were stopped: 0.0008247 seconds
Application time: 0.0089137 seconds
Total time for which application threads were stopped: 0.0007104 seconds
Application time: 0.0050043 seconds
Total time for which application threads were stopped: 0.0005844 seconds
Application time: 0.0128748 seconds
Total time for which application threads were stopped: 0.0006878 seconds
Application time: 0.0103119 seconds
Total time for which application threads were stopped: 0.0006481 seconds
Application time: 0.0033256 seconds
Total time for which application threads were stopped: 0.0005445 seconds
Application time: 0.0110601 seconds
Total time for which application threads were stopped: 0.0005786 seconds
Application time: 0.0169751 seconds
Total time for which application threads were stopped: 0.0006034 seconds
Application time: 0.0029046 seconds
Total time for which application threads were stopped: 0.0005101 seconds
Application time: 0.0096328 seconds
Total time for which application threads were stopped: 0.0005434 seconds
Application time: 0.0160319 seconds
Total time for which application threads were stopped: 0.0006118 seconds
Application time: 0.0030353 seconds
Total time for which application threads were stopped: 0.0005671 seconds
Application time: 0.0152723 seconds
Total time for which application threads were stopped: 0.0007512 seconds
Application time: 0.0035560 seconds
Total time for which application threads were stopped: 0.0006755 seconds
Application time: 0.0091012 seconds
Total time for which application threads were stopped: 0.0006805 seconds
Application time: 0.0115314 seconds
Total time for which application threads were stopped: 0.0007493 seconds
Application time: 0.0106131 seconds
Total time for which application threads were stopped: 0.0007060 seconds
Application time: 0.0087536 seconds
Total time for which application threads were stopped: 0.0001106 seconds
Application time: 0.0651136 seconds
Total time for which application threads were stopped: 0.0001545 seconds
Application time: 0.0014868 seconds
Total time for which application threads were stopped: 0.0000972 seconds
Application time: 0.0001821 seconds
Total time for which application threads were stopped: 0.0000729 seconds
Application time: 0.0002877 seconds
Total time for which application threads were stopped: 0.0001198 seconds
Application time: 0.0035471 seconds
Total time for which application threads were stopped: 0.0001212 seconds
Application time: 0.0006087 seconds
Total time for which application threads were stopped: 0.0000712 seconds
Application time: 0.0000735 seconds
Total time for which application threads were stopped: 0.0000690 seconds
Application time: 0.0002914 seconds
Total time for which application threads were stopped: 0.0000827 seconds
Application time: 0.1412274 seconds
Total time for which application threads were stopped: 0.0005800 seconds
Application time: 0.0222785 seconds
Total time for which application threads were stopped: 0.0000983 seconds
Application time: 0.0000573 seconds
Total time for which application threads were stopped: 0.0009049 seconds
Application time: 0.0096593 seconds
Total time for which application threads were stopped: 0.0007479 seconds
Application time: 0.0041754 seconds
Total time for which application threads were stopped: 0.0008278 seconds
Application time: 0.0138029 seconds
Total time for which application threads were stopped: 0.0008278 seconds
Application time: 0.0078356 seconds
Total time for which application threads were stopped: 0.0007280 seconds
Application time: 0.0037320 seconds
Total time for which application threads were stopped: 0.0007110 seconds
Application time: 0.0114009 seconds
Total time for which application threads were stopped: 0.0008085 seconds
Application time: 0.0147896 seconds
Total time for which application threads were stopped: 0.0008582 seconds
Application time: 0.0039706 seconds
Total time for which application threads were stopped: 0.0014033 seconds
Application time: 0.0123158 seconds
Total time for which application threads were stopped: 0.0009616 seconds
Application time: 0.0106363 seconds
Total time for which application threads were stopped: 0.0008551 seconds
Application time: 0.0042603 seconds
Total time for which application threads were stopped: 0.0007903 seconds
Application time: 0.0145658 seconds
Total time for which application threads were stopped: 0.0008431 seconds
Application time: 0.0040913 seconds
Total time for which application threads were stopped: 0.0007127 seconds
Application time: 0.0128564 seconds
Total time for which application threads were stopped: 0.0008504 seconds
Application time: 0.0088676 seconds
Total time for which application threads were stopped: 0.0007775 seconds
Application time: 0.0038005 seconds
Total time for which application threads were stopped: 0.0007143 seconds
Application time: 0.0122926 seconds
Total time for which application threads were stopped: 0.0008803 seconds
Application time: 0.0127226 seconds
Total time for which application threads were stopped: 0.0009828 seconds
Application time: 0.0045196 seconds
Total time for which application threads were stopped: 0.0008079 seconds
Application time: 0.0111925 seconds
Total time for which application threads were stopped: 0.0007937 seconds
Application time: 0.0108843 seconds
Total time for which application threads were stopped: 0.0007691 seconds
Application time: 0.0042461 seconds
Total time for which application threads were stopped: 0.0007588 seconds
Application time: 0.0098105 seconds
Total time for which application threads were stopped: 0.0007152 seconds
Application time: 0.0036094 seconds
Total time for which application threads were stopped: 0.0007101 seconds
Application time: 0.0134701 seconds
Total time for which application threads were stopped: 0.0007610 seconds
Application time: 0.0129019 seconds
Total time for which application threads were stopped: 0.0008627 seconds
Application time: 0.0043673 seconds
Total time for which application threads were stopped: 0.0007613 seconds
Application time: 0.0134601 seconds
Total time for which application threads were stopped: 0.0007845 seconds
Application time: 0.0128695 seconds
Total time for which application threads were stopped: 0.0009538 seconds
Application time: 0.0045975 seconds
Total time for which application threads were stopped: 0.0007973 seconds
Application time: 0.0121518 seconds
Total time for which application threads were stopped: 0.0008956 seconds
Application time: 0.0097797 seconds
Total time for which application threads were stopped: 0.0008308 seconds
Application time: 0.0038477 seconds
Total time for which application threads were stopped: 0.0007442 seconds
Application time: 0.0101667 seconds
Total time for which application threads were stopped: 0.0007990 seconds
Application time: 0.0136450 seconds
Total time for which application threads were stopped: 0.0159328 seconds
Application time: 0.0079720 seconds
Total time for which application threads were stopped: 0.0011367 seconds
Application time: 0.1975933 seconds
Total time for which application threads were stopped: 0.0015097 seconds
Application time: 0.0074375 seconds
Total time for which application threads were stopped: 0.0008875 seconds
Application time: 0.0105122 seconds
Total time for which application threads were stopped: 0.0013803 seconds
Application time: 0.0048132 seconds
Total time for which application threads were stopped: 0.0010384 seconds
Application time: 0.0150198 seconds
Total time for which application threads were stopped: 0.0011194 seconds
Application time: 0.0652013 seconds
Total time for which application threads were stopped: 0.0008641 seconds
Application time: 0.0034731 seconds
Total time for which application threads were stopped: 0.0008141 seconds
Application time: 0.0032920 seconds
Total time for which application threads were stopped: 0.0007833 seconds
Application time: 0.0032015 seconds
Total time for which application threads were stopped: 0.0007104 seconds
Application time: 0.0017935 seconds
Total time for which application threads were stopped: 0.0003760 seconds
Application time: 0.0017036 seconds
Total time for which application threads were stopped: 0.0003783 seconds
Application time: 0.0014379 seconds
Total time for which application threads were stopped: 0.0003204 seconds
Application time: 0.0012605 seconds
Total time for which application threads were stopped: 0.0003104 seconds
Application time: 0.0012387 seconds
Total time for which application threads were stopped: 0.0003095 seconds
Application time: 0.0013722 seconds
Total time for which application threads were stopped: 0.0003313 seconds
Application time: 0.0015200 seconds
Total time for which application threads were stopped: 0.0003914 seconds
Application time: 0.0042883 seconds
Total time for which application threads were stopped: 0.0010384 seconds
Application time: 0.0042952 seconds
Total time for which application threads were stopped: 0.0004445 seconds
Application time: 0.0017935 seconds
Total time for which application threads were stopped: 0.0004095 seconds
Application time: 0.0015706 seconds
Total time for which application threads were stopped: 0.0003690 seconds
Application time: 0.0016645 seconds
Total time for which application threads were stopped: 0.0003961 seconds
Application time: 0.0017709 seconds
Total time for which application threads were stopped: 0.0004570 seconds
Application time: 0.0016670 seconds
Total time for which application threads were stopped: 0.0004651 seconds
Application time: 0.0021492 seconds
Total time for which application threads were stopped: 0.0004766 seconds
Application time: 0.0017368 seconds
Total time for which application threads were stopped: 0.0048679 seconds
Application time: 0.0018634 seconds
Total time for which application threads were stopped: 0.0004073 seconds
Application time: 0.0022939 seconds
Total time for which application threads were stopped: 0.0005601 seconds
Application time: 0.0016304 seconds
Total time for which application threads were stopped: 0.0003939 seconds
Application time: 0.0023992 seconds
Total time for which application threads were stopped: 0.0006465 seconds
Application time: 0.0016421 seconds
Total time for which application threads were stopped: 0.0003961 seconds
Application time: 0.0014661 seconds
Total time for which application threads were stopped: 0.0003822 seconds
Application time: 0.0014438 seconds
Total time for which application threads were stopped: 0.0003850 seconds
Application time: 0.0015058 seconds
Total time for which application threads were stopped: 0.0003852 seconds
Application time: 0.0015083 seconds
Total time for which application threads were stopped: 0.0003710 seconds
Application time: 0.0012909 seconds
Total time for which application threads were stopped: 0.0003411 seconds
Application time: 0.0012990 seconds
Total time for which application threads were stopped: 0.0003188 seconds
Application time: 0.0012817 seconds
Total time for which application threads were stopped: 0.0003297 seconds
Application time: 0.0012719 seconds
Total time for which application threads were stopped: 0.0003269 seconds
Application time: 0.0012658 seconds
Total time for which application threads were stopped: 0.0003160 seconds
Application time: 0.0012773 seconds
Total time for which application threads were stopped: 0.0003229 seconds
Application time: 0.0012753 seconds
Total time for which application threads were stopped: 0.0003305 seconds
Application time: 0.0106131 seconds
Total time for which application threads were stopped: 0.0003707 seconds
Application time: 0.0082921 seconds
Total time for which application threads were stopped: 0.0004520 seconds
Application time: 0.0014843 seconds
Total time for which application threads were stopped: 0.0003327 seconds
Application time: 0.0162635 seconds
Total time for which application threads were stopped: 0.0003950 seconds
Application time: 0.0122694 seconds
Total time for which application threads were stopped: 0.0003235 seconds
Application time: 0.0012739 seconds
Total time for which application threads were stopped: 0.0003266 seconds
Application time: 0.0146586 seconds
Total time for which application threads were stopped: 0.0003827 seconds
Application time: 0.0142487 seconds
Total time for which application threads were stopped: 0.0003813 seconds
Application time: 0.0013658 seconds
Total time for which application threads were stopped: 0.0003185 seconds
Application time: 0.0125653 seconds
Total time for which application threads were stopped: 0.0004109 seconds
Application time: 0.0014317 seconds
Total time for which application threads were stopped: 0.0003202 seconds
Application time: 0.0202959 seconds
Total time for which application threads were stopped: 0.0004855 seconds
Application time: 0.0102549 seconds
Total time for which application threads were stopped: 0.0004333 seconds
Application time: 0.0015410 seconds
Total time for which application threads were stopped: 0.0003445 seconds
Application time: 0.0181825 seconds
Total time for which application threads were stopped: 0.0005467 seconds
Application time: 0.0101309 seconds
Total time for which application threads were stopped: 0.0004948 seconds
Application time: 0.0013759 seconds
Total time for which application threads were stopped: 0.0003375 seconds
Application time: 0.0163233 seconds
Total time for which application threads were stopped: 0.0005825 seconds
Application time: 0.0110919 seconds
Total time for which application threads were stopped: 0.0004604 seconds
Application time: 0.0012644 seconds
Total time for which application threads were stopped: 0.0003087 seconds
Application time: 0.0146058 seconds
Total time for which application threads were stopped: 0.0004788 seconds
Application time: 0.0014066 seconds
Total time for which application threads were stopped: 0.0003257 seconds
Application time: 0.0113676 seconds
Total time for which application threads were stopped: 0.0004447 seconds
Application time: 0.0152170 seconds
Total time for which application threads were stopped: 0.0005392 seconds
Application time: 0.0017955 seconds
Total time for which application threads were stopped: 0.0003925 seconds
Application time: 0.0206328 seconds
Total time for which application threads were stopped: 0.0005191 seconds
Application time: 0.0092252 seconds
Total time for which application threads were stopped: 0.0004791 seconds
Application time: 0.0013812 seconds
Total time for which application threads were stopped: 0.0003162 seconds
Application time: 0.0163306 seconds
Total time for which application threads were stopped: 0.0004875 seconds
Application time: 0.0102588 seconds
Total time for which application threads were stopped: 0.0004297 seconds
Application time: 0.0012502 seconds
Total time for which application threads were stopped: 0.0003065 seconds
Application time: 0.0145493 seconds
Total time for which application threads were stopped: 0.0006881 seconds
Application time: 0.0148432 seconds
Total time for which application threads were stopped: 0.0004752 seconds
Application time: 0.0012996 seconds
Total time for which application threads were stopped: 0.0003126 seconds
Application time: 0.0125379 seconds
Total time for which application threads were stopped: 0.0004827 seconds
Application time: 0.0014088 seconds
Total time for which application threads were stopped: 0.0003151 seconds
Application time: 0.0202199 seconds
Total time for which application threads were stopped: 0.0005551 seconds
Application time: 0.0111620 seconds
Total time for which application threads were stopped: 0.0005833 seconds
Application time: 0.0026202 seconds
Total time for which application threads were stopped: 0.0003973 seconds
Application time: 0.0100105 seconds
Total time for which application threads were stopped: 0.0004833 seconds
Application time: 0.0161325 seconds
Total time for which application threads were stopped: 0.0005973 seconds
Application time: 0.0017388 seconds
Total time for which application threads were stopped: 0.0003405 seconds
Application time: 0.0168217 seconds
Total time for which application threads were stopped: 0.0004825 seconds
Application time: 0.0092439 seconds
Total time for which application threads were stopped: 0.0004383 seconds
Application time: 0.0013136 seconds
Total time for which application threads were stopped: 0.0003204 seconds
Application time: 0.0153911 seconds
Total time for which application threads were stopped: 0.0005797 seconds
Application time: 0.0018785 seconds
Total time for which application threads were stopped: 0.0003989 seconds
Application time: 0.0073428 seconds
Total time for which application threads were stopped: 0.0002626 seconds
Application time: 0.0041754 seconds
Total time for which application threads were stopped: 0.0004682 seconds
Application time: 0.0161386 seconds
Total time for which application threads were stopped: 0.0005400 seconds
Application time: 0.0014988 seconds
Total time for which application threads were stopped: 0.0003067 seconds
Application time: 0.0200542 seconds
Total time for which application threads were stopped: 0.0004330 seconds
Application time: 0.0008110 seconds
{Heap before GC invocations=27 (full 3):
 PSYoungGen      total 131392K, used 131194K [0x2d5a0000, 0x377f0000, 0x38040000)
  eden space 123072K, 100% used [0x2d5a0000,0x34dd0000,0x34dd0000)
  from space 8320K, 97% used [0x34dd0000,0x355be9f8,0x355f0000)
  to   space 9408K, 0% used [0x36ec0000,0x36ec0000,0x377f0000)
 PSOldGen        total 57216K, used 36426K [0x18040000, 0x1b820000, 0x2d5a0000)
  object space 57216K, 63% used [0x18040000,0x1a3d2b80,0x1b820000)
 PSPermGen       total 65536K, used 47106K [0x10040000, 0x14040000, 0x18040000)
  object space 65536K, 71% used [0x10040000,0x12e40b38,0x14040000)
129.242: [GC [PSYoungGen: 131194K->9400K(152128K)] 167621K->54760K(209344K), 0.0518247 secs] [Times: user=0.09 sys=0.00, real=0.05 secs] 
Heap after GC invocations=27 (full 3):
 PSYoungGen      total 152128K, used 9400K [0x2d5a0000, 0x38040000, 0x38040000)
  eden space 142720K, 0% used [0x2d5a0000,0x2d5a0000,0x36100000)
  from space 9408K, 99% used [0x36ec0000,0x377ee220,0x377f0000)
  to   space 14080K, 0% used [0x36100000,0x36100000,0x36ec0000)
 PSOldGen        total 57216K, used 45360K [0x18040000, 0x1b820000, 0x2d5a0000)
  object space 57216K, 79% used [0x18040000,0x1ac8c038,0x1b820000)
 PSPermGen       total 65536K, used 47106K [0x10040000, 0x14040000, 0x18040000)
  object space 65536K, 71% used [0x10040000,0x12e40b38,0x14040000)
}
Total time for which application threads were stopped: 0.0520865 seconds
Application time: 0.0016575 seconds
Total time for which application threads were stopped: 0.0001581 seconds
Application time: 0.0048204 seconds
Total time for which application threads were stopped: 0.0009881 seconds
Application time: 0.0006889 seconds
Total time for which application threads were stopped: 0.0004098 seconds
Application time: 0.0015418 seconds
Total time for which application threads were stopped: 0.0003841 seconds
Application time: 0.0013027 seconds
Total time for which application threads were stopped: 0.0003140 seconds
Application time: 0.0012099 seconds
Total time for which application threads were stopped: 0.0003109 seconds
Application time: 0.0011767 seconds
Total time for which application threads were stopped: 0.0003009 seconds
Application time: 0.0012317 seconds
Total time for which application threads were stopped: 0.0003026 seconds
Application time: 0.0012845 seconds
Total time for which application threads were stopped: 0.0002975 seconds
Application time: 0.0012655 seconds
Total time for which application threads were stopped: 0.0003405 seconds
Application time: 0.0124572 seconds
Total time for which application threads were stopped: 0.0004339 seconds
Application time: 0.0012309 seconds
Total time for which application threads were stopped: 0.0002942 seconds
Application time: 0.0204498 seconds
Total time for which application threads were stopped: 0.0004408 seconds
Application time: 0.0112587 seconds
Total time for which application threads were stopped: 0.0003721 seconds
Application time: 0.0013312 seconds
Total time for which application threads were stopped: 0.0002978 seconds
Application time: 0.0096839 seconds
Total time for which application threads were stopped: 0.0002992 seconds
Application time: 0.0153151 seconds
Total time for which application threads were stopped: 0.0003165 seconds
Application time: 0.0019880 seconds
Total time for which application threads were stopped: 0.0004361 seconds
Application time: 0.0167971 seconds
Total time for which application threads were stopped: 0.0005369 seconds
Application time: 0.0111333 seconds
Total time for which application threads were stopped: 0.0003660 seconds
Application time: 0.0012884 seconds
Total time for which application threads were stopped: 0.0003003 seconds
Application time: 0.0146175 seconds
Total time for which application threads were stopped: 0.0002970 seconds
Application time: 0.0011800 seconds
Total time for which application threads were stopped: 0.0002889 seconds
Application time: 0.0226523 seconds
Total time for which application threads were stopped: 0.0004679 seconds
Application time: 0.0053789 seconds
Total time for which application threads were stopped: 0.0005490 seconds
Application time: 0.0014248 seconds
Total time for which application threads were stopped: 0.0003405 seconds
Application time: 0.0201098 seconds
Total time for which application threads were stopped: 0.0005294 seconds
Application time: 0.0091911 seconds
Total time for which application threads were stopped: 0.0005230 seconds
Application time: 0.0020665 seconds
Total time for which application threads were stopped: 0.0004428 seconds
Application time: 0.0041556 seconds
Total time for which application threads were stopped: 0.0000855 seconds
Application time: 0.0459310 seconds
Total time for which application threads were stopped: 0.0002682 seconds
Application time: 0.0853536 seconds
Total time for which application threads were stopped: 0.0003509 seconds
Application time: 0.1098841 seconds
Total time for which application threads were stopped: 0.0002151 seconds
Application time: 0.0001620 seconds
Total time for which application threads were stopped: 0.0000436 seconds
Application time: 0.0218044 seconds
Total time for which application threads were stopped: 0.0001009 seconds
Application time: 0.0000260 seconds
Total time for which application threads were stopped: 0.0004906 seconds
Application time: 0.0081454 seconds
Total time for which application threads were stopped: 0.0004269 seconds
Application time: 0.0013234 seconds
Total time for which application threads were stopped: 0.0003056 seconds
Application time: 0.0203707 seconds
Total time for which application threads were stopped: 0.0004587 seconds
Application time: 0.0112319 seconds
Total time for which application threads were stopped: 0.0003836 seconds
Application time: 0.0012901 seconds
Total time for which application threads were stopped: 0.0003174 seconds
Application time: 0.0106893 seconds
Total time for which application threads were stopped: 0.0003855 seconds
Application time: 0.0152081 seconds
Total time for which application threads were stopped: 0.0003607 seconds
Application time: 0.0012412 seconds
Total time for which application threads were stopped: 0.0003394 seconds
Application time: 0.0166759 seconds
Total time for which application threads were stopped: 0.0004883 seconds
Application time: 0.0135752 seconds
Total time for which application threads were stopped: 0.0004601 seconds
Application time: 0.0013382 seconds
Total time for which application threads were stopped: 0.0003380 seconds
Application time: 0.0028498 seconds
Total time for which application threads were stopped: 0.0000796 seconds
Application time: 0.0019170 seconds
Total time for which application threads were stopped: 0.0000631 seconds
Application time: 0.0000137 seconds
Total time for which application threads were stopped: 0.0000411 seconds
Application time: 0.0000142 seconds
Total time for which application threads were stopped: 0.0000397 seconds
Application time: 0.0000123 seconds
Total time for which application threads were stopped: 0.0000427 seconds
Application time: 0.0000126 seconds
Total time for which application threads were stopped: 0.0000397 seconds
Application time: 0.0000729 seconds
Total time for which application threads were stopped: 0.0000399 seconds
Application time: 0.0116509 seconds
Total time for which application threads were stopped: 0.0005439 seconds
Application time: 0.0016234 seconds
Total time for which application threads were stopped: 0.0003364 seconds
Application time: 0.0110626 seconds
Total time for which application threads were stopped: 0.0019427 seconds
Application time: 0.0117998 seconds
Total time for which application threads were stopped: 0.0004258 seconds
Application time: 0.0014616 seconds
Total time for which application threads were stopped: 0.0003199 seconds
Application time: 0.0210960 seconds
Total time for which application threads were stopped: 0.0019793 seconds
Application time: 0.0378006 seconds
Total time for which application threads were stopped: 0.0004428 seconds
Application time: 0.0012638 seconds
Total time for which application threads were stopped: 0.0003140 seconds
Application time: 0.0011932 seconds
Total time for which application threads were stopped: 0.0004107 seconds
Application time: 0.0018541 seconds
Total time for which application threads were stopped: 0.0003322 seconds
Application time: 0.0012543 seconds
Total time for which application threads were stopped: 0.0002986 seconds
Application time: 0.0074350 seconds
Total time for which application threads were stopped: 0.0019570 seconds
Application time: 0.0016108 seconds
Total time for which application threads were stopped: 0.0003341 seconds
Application time: 0.0116898 seconds
Total time for which application threads were stopped: 0.0020645 seconds
Application time: 0.0125580 seconds
Total time for which application threads were stopped: 0.0004883 seconds
Application time: 0.0016223 seconds
Total time for which application threads were stopped: 0.0003190 seconds
Application time: 0.0199388 seconds
Total time for which application threads were stopped: 0.0005213 seconds
Application time: 0.0114006 seconds
Total time for which application threads were stopped: 0.0004325 seconds
Application time: 0.0013868 seconds
Total time for which application threads were stopped: 0.0003107 seconds
Application time: 0.0103061 seconds
Total time for which application threads were stopped: 0.0004070 seconds
Application time: 0.0200436 seconds
Total time for which application threads were stopped: 0.0005101 seconds
Application time: 0.0016024 seconds
Total time for which application threads were stopped: 0.0003931 seconds
Application time: 0.0082295 seconds
Total time for which application threads were stopped: 0.0004699 seconds
Application time: 0.0151391 seconds
Total time for which application threads were stopped: 0.0004364 seconds
Application time: 0.0126466 seconds
Total time for which application threads were stopped: 0.0004347 seconds
Application time: 0.0069559 seconds
Total time for which application threads were stopped: 0.0007621 seconds
Application time: 0.0015960 seconds
Total time for which application threads were stopped: 0.0003316 seconds
Application time: 0.0030401 seconds
Total time for which application threads were stopped: 0.0000997 seconds
Application time: 0.0002249 seconds
Total time for which application threads were stopped: 0.0000841 seconds
Application time: 0.0013767 seconds
Total time for which application threads were stopped: 0.0000824 seconds
Application time: 0.0005531 seconds
Total time for which application threads were stopped: 0.0000816 seconds
Application time: 0.0028152 seconds
Total time for which application threads were stopped: 0.0000919 seconds
Application time: 0.0000212 seconds
Total time for which application threads were stopped: 0.0000506 seconds
Application time: 0.0000707 seconds
Total time for which application threads were stopped: 0.0000522 seconds
Application time: 0.0015516 seconds
Total time for which application threads were stopped: 0.0000779 seconds
Application time: 0.0052448 seconds
Total time for which application threads were stopped: 0.0000969 seconds
Application time: 0.0000249 seconds
Total time for which application threads were stopped: 0.0000508 seconds
Application time: 0.0000581 seconds
Total time for which application threads were stopped: 0.0000492 seconds
Application time: 0.0025182 seconds
Total time for which application threads were stopped: 0.0000922 seconds
Application time: 0.0000218 seconds
Total time for which application threads were stopped: 0.0000612 seconds
Application time: 0.0000550 seconds
Total time for which application threads were stopped: 0.0014792 seconds
Application time: 0.0082555 seconds
Total time for which application threads were stopped: 0.0005674 seconds
Application time: 0.0020631 seconds
Total time for which application threads were stopped: 0.0003975 seconds
Application time: 0.0004447 seconds
Total time for which application threads were stopped: 0.0017363 seconds
Application time: 0.0009037 seconds
Total time for which application threads were stopped: 0.0014865 seconds
Application time: 0.0000140 seconds
Total time for which application threads were stopped: 0.0000481 seconds
Application time: 0.0000587 seconds
Total time for which application threads were stopped: 0.0000472 seconds
Application time: 0.0028523 seconds
Total time for which application threads were stopped: 0.0000877 seconds
Application time: 0.0004461 seconds
Total time for which application threads were stopped: 0.0000422 seconds
Application time: 0.0000439 seconds
Total time for which application threads were stopped: 0.0000369 seconds
Application time: 0.0138286 seconds
Total time for which application threads were stopped: 0.0004397 seconds
Application time: 0.0013762 seconds
Total time for which application threads were stopped: 0.0003573 seconds
Application time: 0.0012261 seconds
Total time for which application threads were stopped: 0.0003576 seconds
Application time: 0.0018354 seconds
Total time for which application threads were stopped: 0.0003498 seconds
Application time: 0.0014287 seconds
Total time for which application threads were stopped: 0.0000673 seconds
Application time: 0.1214702 seconds
Total time for which application threads were stopped: 0.0001380 seconds
Application time: 0.0000645 seconds
Total time for which application threads were stopped: 0.0004956 seconds
Application time: 0.0158766 seconds
Total time for which application threads were stopped: 0.0004839 seconds
Application time: 0.0015820 seconds
Total time for which application threads were stopped: 0.0004456 seconds
Application time: 0.0112327 seconds
Total time for which application threads were stopped: 0.0004752 seconds
Application time: 0.0130558 seconds
Total time for which application threads were stopped: 0.0005598 seconds
Application time: 0.0015846 seconds
Total time for which application threads were stopped: 0.0003288 seconds
Application time: 0.0075132 seconds
Total time for which application threads were stopped: 0.0001232 seconds
Application time: 0.0019402 seconds
Total time for which application threads were stopped: 0.0000592 seconds
Application time: 0.0000777 seconds
Total time for which application threads were stopped: 0.0000363 seconds
Application time: 0.0000282 seconds
Total time for which application threads were stopped: 0.0000358 seconds
Application time: 0.0000279 seconds
Total time for which application threads were stopped: 0.0000360 seconds
Application time: 0.0061441 seconds
Total time for which application threads were stopped: 0.0006367 seconds
Application time: 0.0129692 seconds
Total time for which application threads were stopped: 0.0005721 seconds
Application time: 0.0016237 seconds
Total time for which application threads were stopped: 0.0004308 seconds
Application time: 0.0148910 seconds
Total time for which application threads were stopped: 0.0005107 seconds
Application time: 0.0131444 seconds
Total time for which application threads were stopped: 0.0005062 seconds
Application time: 0.0014345 seconds
Total time for which application threads were stopped: 0.0003769 seconds
Application time: 0.0123781 seconds
Total time for which application threads were stopped: 0.0004878 seconds
Application time: 0.0016184 seconds
Total time for which application threads were stopped: 0.0003378 seconds
Application time: 0.0208962 seconds
Total time for which application threads were stopped: 0.0006875 seconds
Application time: 0.0109919 seconds
Total time for which application threads were stopped: 0.0004827 seconds
Application time: 0.0014250 seconds
Total time for which application threads were stopped: 0.0003361 seconds
Application time: 0.0111629 seconds
Total time for which application threads were stopped: 0.0001455 seconds
Application time: 0.0001506 seconds
Total time for which application threads were stopped: 0.0005970 seconds
Application time: 0.0129782 seconds
Total time for which application threads were stopped: 0.0005858 seconds
Application time: 0.0017516 seconds
Total time for which application threads were stopped: 0.0003604 seconds
Application time: 0.0167921 seconds
Total time for which application threads were stopped: 0.0005361 seconds
Application time: 0.0111319 seconds
Total time for which application threads were stopped: 0.0004995 seconds
Application time: 0.0099219 seconds
Total time for which application threads were stopped: 0.0006207 seconds
Application time: 0.0084899 seconds
Total time for which application threads were stopped: 0.0005087 seconds
Application time: 0.0014717 seconds
Total time for which application threads were stopped: 0.0003260 seconds
Application time: 0.0113243 seconds
Total time for which application threads were stopped: 0.0005037 seconds
Application time: 0.0160741 seconds
Total time for which application threads were stopped: 0.0005607 seconds
Application time: 0.0016293 seconds
Total time for which application threads were stopped: 0.0003442 seconds
Application time: 0.0110293 seconds
Total time for which application threads were stopped: 0.0005048 seconds
Application time: 0.0170728 seconds
Total time for which application threads were stopped: 0.0006121 seconds
Application time: 0.0017818 seconds
Total time for which application threads were stopped: 0.0009769 seconds
Application time: 0.0092665 seconds
Total time for which application threads were stopped: 0.0004894 seconds
Application time: 0.0161020 seconds
Total time for which application threads were stopped: 0.0008741 seconds
Application time: 0.0017505 seconds
Total time for which application threads were stopped: 0.0004123 seconds
Application time: 0.0144949 seconds
Total time for which application threads were stopped: 0.0005978 seconds
Application time: 0.0130410 seconds
Total time for which application threads were stopped: 0.0005246 seconds
Application time: 0.0015485 seconds
Total time for which application threads were stopped: 0.0003992 seconds
Application time: 0.0131302 seconds
Total time for which application threads were stopped: 0.0005096 seconds
Application time: 0.0017019 seconds
Total time for which application threads were stopped: 0.0003813 seconds
Application time: 0.0208426 seconds
Total time for which application threads were stopped: 0.0006275 seconds
Application time: 0.0061276 seconds
Total time for which application threads were stopped: 0.0005308 seconds
Application time: 0.0015393 seconds
Total time for which application threads were stopped: 0.0003447 seconds
Application time: 0.0180758 seconds
Total time for which application threads were stopped: 0.0008213 seconds
Application time: 0.0118141 seconds
Total time for which application threads were stopped: 0.0006266 seconds
Application time: 0.0046598 seconds
Total time for which application threads were stopped: 0.0008152 seconds
Application time: 0.0095353 seconds
Total time for which application threads were stopped: 0.0009660 seconds
Application time: 0.0126186 seconds
Total time for which application threads were stopped: 0.0008990 seconds
Application time: 0.0040139 seconds
Total time for which application threads were stopped: 0.0009135 seconds
Application time: 0.0097577 seconds
Total time for which application threads were stopped: 0.0008007 seconds
Application time: 0.0032700 seconds
Total time for which application threads were stopped: 0.0007959 seconds
Application time: 0.0136207 seconds
Total time for which application threads were stopped: 0.0009579 seconds
Application time: 0.0148446 seconds
Total time for which application threads were stopped: 0.0010113 seconds
Application time: 0.0046411 seconds
Total time for which application threads were stopped: 0.0010155 seconds
Application time: 0.0164300 seconds
Total time for which application threads were stopped: 0.0009356 seconds
Application time: 0.0086206 seconds
Total time for which application threads were stopped: 0.0008948 seconds
Application time: 0.0039304 seconds
Total time for which application threads were stopped: 0.0008783 seconds
Application time: 0.0173913 seconds
Total time for which application threads were stopped: 0.0008982 seconds
Application time: 0.0152369 seconds
Total time for which application threads were stopped: 0.0010018 seconds
Application time: 0.0045629 seconds
Total time for which application threads were stopped: 0.0009040 seconds
Application time: 0.0076155 seconds
Total time for which application threads were stopped: 0.0009107 seconds
Application time: 0.0079915 seconds
Total time for which application threads were stopped: 0.0009258 seconds
Application time: 0.0104770 seconds
Total time for which application threads were stopped: 0.0010060 seconds
Application time: 0.0037298 seconds
Total time for which application threads were stopped: 0.0008747 seconds
Application time: 0.0033555 seconds
Total time for which application threads were stopped: 0.0008373 seconds
Application time: 0.0131385 seconds
Total time for which application threads were stopped: 0.0010342 seconds
Application time: 0.0086634 seconds
Total time for which application threads were stopped: 0.0009367 seconds
Application time: 0.0022036 seconds
Total time for which application threads were stopped: 0.0004786 seconds
Application time: 0.0109614 seconds
Total time for which application threads were stopped: 0.0005425 seconds
Application time: 0.0150365 seconds
Total time for which application threads were stopped: 0.0004847 seconds
Application time: 0.0017661 seconds
Total time for which application threads were stopped: 0.0003741 seconds
Application time: 0.0009856 seconds
Total time for which application threads were stopped: 0.0001788 seconds
Application time: 0.0004665 seconds
Total time for which application threads were stopped: 0.0000874 seconds
Application time: 0.0028758 seconds
Total time for which application threads were stopped: 0.0000830 seconds
Application time: 0.0036658 seconds
Total time for which application threads were stopped: 0.0001087 seconds
Application time: 0.0083435 seconds
Total time for which application threads were stopped: 0.0006481 seconds
Application time: 0.0110483 seconds
Total time for which application threads were stopped: 0.0007727 seconds
Application time: 0.0018589 seconds
Total time for which application threads were stopped: 0.0004378 seconds
Application time: 0.0154623 seconds
Total time for which application threads were stopped: 0.0005450 seconds
Application time: 0.0017491 seconds
Total time for which application threads were stopped: 0.0004003 seconds
Application time: 0.0119155 seconds
Total time for which application threads were stopped: 0.0004604 seconds
Application time: 0.0161205 seconds
Total time for which application threads were stopped: 0.0004294 seconds
Application time: 0.0015334 seconds
Total time for which application threads were stopped: 0.0003514 seconds
Application time: 0.0103530 seconds
Total time for which application threads were stopped: 0.0004107 seconds
Application time: 0.0171698 seconds
Total time for which application threads were stopped: 0.0005682 seconds
Application time: 0.0019558 seconds
Total time for which application threads were stopped: 0.0004294 seconds
Application time: 0.0165384 seconds
Total time for which application threads were stopped: 0.0005752 seconds
Application time: 0.0101236 seconds
Total time for which application threads were stopped: 0.0004277 seconds
Application time: 0.0016008 seconds
Total time for which application threads were stopped: 0.0003735 seconds
Application time: 0.0161803 seconds
Total time for which application threads were stopped: 0.0008116 seconds
Application time: 0.0098588 seconds
Total time for which application threads were stopped: 0.0004101 seconds
Application time: 0.0018938 seconds
Total time for which application threads were stopped: 0.0003892 seconds
Application time: 0.0112788 seconds
Total time for which application threads were stopped: 0.0001453 seconds
Application time: 0.0000313 seconds
Total time for which application threads were stopped: 0.0000542 seconds
Application time: 0.0001341 seconds
Total time for which application threads were stopped: 0.0014653 seconds
Application time: 0.0013292 seconds
Total time for which application threads were stopped: 0.0004651 seconds
Application time: 0.0016689 seconds
Total time for which application threads were stopped: 0.0003369 seconds
Application time: 0.0209658 seconds
Total time for which application threads were stopped: 0.0006174 seconds
Application time: 0.0075521 seconds
Total time for which application threads were stopped: 0.0005001 seconds
Application time: 0.0016807 seconds
Total time for which application threads were stopped: 0.0003716 seconds
Application time: 0.0056722 seconds
Total time for which application threads were stopped: 0.0000944 seconds
Application time: 0.0042924 seconds
Total time for which application threads were stopped: 0.0001017 seconds
Application time: 0.0040039 seconds
Total time for which application threads were stopped: 0.0015133 seconds
Application time: 0.0000332 seconds
Total time for which application threads were stopped: 0.0000430 seconds
Application time: 0.0029764 seconds
Total time for which application threads were stopped: 0.0005758 seconds
Application time: 0.0081779 seconds
Total time for which application threads were stopped: 0.0004707 seconds
Application time: 0.0019028 seconds
Total time for which application threads were stopped: 0.0004378 seconds
Application time: 0.0166999 seconds
Total time for which application threads were stopped: 0.0005741 seconds
Application time: 0.0111280 seconds
Total time for which application threads were stopped: 0.0005565 seconds
Application time: 0.0019463 seconds
Total time for which application threads were stopped: 0.0004819 seconds
Application time: 0.0145535 seconds
Total time for which application threads were stopped: 0.0004716 seconds
Application time: 0.0020997 seconds
Total time for which application threads were stopped: 0.0003925 seconds
Application time: 0.0116551 seconds
Total time for which application threads were stopped: 0.0004520 seconds
Application time: 0.0161202 seconds
Total time for which application threads were stopped: 0.0004059 seconds
Application time: 0.0016611 seconds
Total time for which application threads were stopped: 0.0007149 seconds
Application time: 0.0108575 seconds
Total time for which application threads were stopped: 0.0003774 seconds
Application time: 0.0171963 seconds
Total time for which application threads were stopped: 0.0005252 seconds
Application time: 0.0019388 seconds
Total time for which application threads were stopped: 0.0003780 seconds
Application time: 0.0166884 seconds
Total time for which application threads were stopped: 0.0005978 seconds
Application time: 0.0101002 seconds
Total time for which application threads were stopped: 0.0004651 seconds
Application time: 0.0016879 seconds
Total time for which application threads were stopped: 0.0003654 seconds
Application time: 0.0150273 seconds
Total time for which application threads were stopped: 0.0004313 seconds
Application time: 0.0112942 seconds
Total time for which application threads were stopped: 0.0005453 seconds
Application time: 0.0017363 seconds
Total time for which application threads were stopped: 0.0003967 seconds
Application time: 0.0130905 seconds
Total time for which application threads were stopped: 0.0004447 seconds
Application time: 0.0015670 seconds
Total time for which application threads were stopped: 0.0003554 seconds
Application time: 0.0208948 seconds
Total time for which application threads were stopped: 0.0006965 seconds
Application time: 0.0109327 seconds
Total time for which application threads were stopped: 0.0005336 seconds
Application time: 0.0019564 seconds
Total time for which application threads were stopped: 0.0004556 seconds
Application time: 0.0005260 seconds
Total time for which application threads were stopped: 0.0000712 seconds
Application time: 0.0101144 seconds
Total time for which application threads were stopped: 0.0006559 seconds
Application time: 0.0129852 seconds
Total time for which application threads were stopped: 0.0005325 seconds
Application time: 0.0017485 seconds
Total time for which application threads were stopped: 0.0003721 seconds
Application time: 0.0168480 seconds
Total time for which application threads were stopped: 0.0005484 seconds
Application time: 0.0111506 seconds
Total time for which application threads were stopped: 0.0006557 seconds
Application time: 0.0023707 seconds
Total time for which application threads were stopped: 0.0004442 seconds
Application time: 0.0150530 seconds
Total time for which application threads were stopped: 0.0005987 seconds
Application time: 0.0019053 seconds
Total time for which application threads were stopped: 0.0004163 seconds
Application time: 0.0110802 seconds
Total time for which application threads were stopped: 0.0001148 seconds
Application time: 0.0014147 seconds
Total time for which application threads were stopped: 0.0007417 seconds
Application time: 0.0017770 seconds
Total time for which application threads were stopped: 0.0001017 seconds
Application time: 0.0001483 seconds
Total time for which application threads were stopped: 0.0002816 seconds
Application time: 0.0013524 seconds
Total time for which application threads were stopped: 0.0000799 seconds
Application time: 0.0089995 seconds
Total time for which application threads were stopped: 0.0007942 seconds
Application time: 0.0036021 seconds
Total time for which application threads were stopped: 0.0007755 seconds
Application time: 0.0123426 seconds
Total time for which application threads were stopped: 0.0007526 seconds
Application time: 0.0138738 seconds
Total time for which application threads were stopped: 0.0006973 seconds
Application time: 0.0026685 seconds
Total time for which application threads were stopped: 0.0006129 seconds
Application time: 0.0097132 seconds
Total time for which application threads were stopped: 0.0007118 seconds
Application time: 0.0167613 seconds
Total time for which application threads were stopped: 0.0007730 seconds
Application time: 0.0036072 seconds
Total time for which application threads were stopped: 0.0007395 seconds
Application time: 0.0094878 seconds
Total time for which application threads were stopped: 0.0008825 seconds
Application time: 0.0137272 seconds
Total time for which application threads were stopped: 0.0017463 seconds
Application time: 0.0033194 seconds
Total time for which application threads were stopped: 0.0007521 seconds
Application time: 0.0146608 seconds
Total time for which application threads were stopped: 0.0008283 seconds
Application time: 0.0032381 seconds
Total time for which application threads were stopped: 0.0007526 seconds
Application time: 0.0117196 seconds
Total time for which application threads were stopped: 0.0007727 seconds
Application time: 0.0129000 seconds
Total time for which application threads were stopped: 0.0007604 seconds
Application time: 0.0029660 seconds
Total time for which application threads were stopped: 0.0006847 seconds
Application time: 0.0147739 seconds
Total time for which application threads were stopped: 0.0009096 seconds
Application time: 0.0133654 seconds
Total time for which application threads were stopped: 0.0008403 seconds
Application time: 0.0045279 seconds
Total time for which application threads were stopped: 0.0008331 seconds
Application time: 0.0031809 seconds
Total time for which application threads were stopped: 0.0007954 seconds
Application time: 0.0147703 seconds
Total time for which application threads were stopped: 0.0012630 seconds
Application time: 0.0052699 seconds
Total time for which application threads were stopped: 0.0010733 seconds
Application time: 0.0108634 seconds
Total time for which application threads were stopped: 0.0015535 seconds
Application time: 0.0063444 seconds
Total time for which application threads were stopped: 0.0025006 seconds
Application time: 0.0102558 seconds
Total time for which application threads were stopped: 0.0008856 seconds
Application time: 0.0098161 seconds
Total time for which application threads were stopped: 0.0013722 seconds
Application time: 0.0037066 seconds
Total time for which application threads were stopped: 0.0007940 seconds
Application time: 0.0123907 seconds
Total time for which application threads were stopped: 0.0008317 seconds
Application time: 0.0108550 seconds
Total time for which application threads were stopped: 0.0008319 seconds
Application time: 0.0036424 seconds
Total time for which application threads were stopped: 0.0001542 seconds
Application time: 0.0016016 seconds
Total time for which application threads were stopped: 0.0007928 seconds
Application time: 0.0072358 seconds
Total time for which application threads were stopped: 0.0001143 seconds
Application time: 0.0003671 seconds
Total time for which application threads were stopped: 0.0000771 seconds
Application time: 0.0008401 seconds
Total time for which application threads were stopped: 0.0000846 seconds
Application time: 0.0017078 seconds
Total time for which application threads were stopped: 0.0008392 seconds
Application time: 0.0118225 seconds
Total time for which application threads were stopped: 0.0006923 seconds
Application time: 0.0030160 seconds
Total time for which application threads were stopped: 0.0006685 seconds
Application time: 0.0137314 seconds
Total time for which application threads were stopped: 0.0001059 seconds
Application time: 0.0000953 seconds
Total time for which application threads were stopped: 0.0000651 seconds
Application time: 0.0015460 seconds
Total time for which application threads were stopped: 0.0009599 seconds
Application time: 0.0000282 seconds
Total time for which application threads were stopped: 0.0007833 seconds
Application time: 0.0007568 seconds
Total time for which application threads were stopped: 0.0000902 seconds
Application time: 0.0053512 seconds
Total time for which application threads were stopped: 0.0004540 seconds
Application time: 0.0048799 seconds
Total time for which application threads were stopped: 0.0001316 seconds
Application time: 0.0034242 seconds
Total time for which application threads were stopped: 0.0008194 seconds
Application time: 0.0030476 seconds
Total time for which application threads were stopped: 0.0006590 seconds
Application time: 0.0081147 seconds
Total time for which application threads were stopped: 0.0017653 seconds
Application time: 0.0028370 seconds
Total time for which application threads were stopped: 0.0010633 seconds
Application time: 0.0148083 seconds
Total time for which application threads were stopped: 0.0007867 seconds
Application time: 0.0069897 seconds
Total time for which application threads were stopped: 0.0007205 seconds
Application time: 0.0035569 seconds
Total time for which application threads were stopped: 0.0006481 seconds
Application time: 0.0126404 seconds
Total time for which application threads were stopped: 0.0007537 seconds
Application time: 0.0138230 seconds
Total time for which application threads were stopped: 0.0006272 seconds
Application time: 0.0027554 seconds
Total time for which application threads were stopped: 0.0006381 seconds
Application time: 0.0096088 seconds
Total time for which application threads were stopped: 0.0006087 seconds
Application time: 0.0159744 seconds
Total time for which application threads were stopped: 0.0007317 seconds
Application time: 0.0026207 seconds
Total time for which application threads were stopped: 0.0005992 seconds
Application time: 0.0155545 seconds
Total time for which application threads were stopped: 0.0006965 seconds
Application time: 0.0035063 seconds
Total time for which application threads were stopped: 0.0006842 seconds
Application time: 0.0126376 seconds
Total time for which application threads were stopped: 0.0007110 seconds
Application time: 0.0119736 seconds
Total time for which application threads were stopped: 0.0006562 seconds
Application time: 0.0025836 seconds
Total time for which application threads were stopped: 0.0006314 seconds
Application time: 0.0086240 seconds
Total time for which application threads were stopped: 0.0001777 seconds
Application time: 0.0005928 seconds
Total time for which application threads were stopped: 0.0000922 seconds
Application time: 0.0009579 seconds
Total time for which application threads were stopped: 0.0000958 seconds
Application time: 0.0005205 seconds
Total time for which application threads were stopped: 0.0000754 seconds
Application time: 0.0003235 seconds
Total time for which application threads were stopped: 0.0001090 seconds
Application time: 0.0003908 seconds
Total time for which application threads were stopped: 0.0007417 seconds
Application time: 0.0105910 seconds
Total time for which application threads were stopped: 0.0007445 seconds
Application time: 0.0112788 seconds
Total time for which application threads were stopped: 0.0008135 seconds
Application time: 0.0094853 seconds
Total time for which application threads were stopped: 0.0001620 seconds
Application time: 0.0000285 seconds
Total time for which application threads were stopped: 0.0000620 seconds
Application time: 0.0001405 seconds
Total time for which application threads were stopped: 0.0000891 seconds
Application time: 0.0000237 seconds
Total time for which application threads were stopped: 0.0000846 seconds
Application time: 0.0000402 seconds
Total time for which application threads were stopped: 0.0007289 seconds
Application time: 0.0013320 seconds
Total time for which application threads were stopped: 0.0001176 seconds
Application time: 0.0008138 seconds
Total time for which application threads were stopped: 0.0001883 seconds
Application time: 0.0048556 seconds
Total time for which application threads were stopped: 0.0007727 seconds
Application time: 0.0080141 seconds
Total time for which application threads were stopped: 0.0007261 seconds
Application time: 0.0384035 seconds
Total time for which application threads were stopped: 0.0014005 seconds
Application time: 0.0028573 seconds
Total time for which application threads were stopped: 0.0006126 seconds
Application time: 0.0023799 seconds
Total time for which application threads were stopped: 0.0005484 seconds
Application time: 0.0024123 seconds
Total time for which application threads were stopped: 0.0011270 seconds
Application time: 0.0025704 seconds
Total time for which application threads were stopped: 0.0005984 seconds
Application time: 0.0025548 seconds
Total time for which application threads were stopped: 0.0005995 seconds
Application time: 0.0161951 seconds
Total time for which application threads were stopped: 0.0006900 seconds
Application time: 0.0026674 seconds
Total time for which application threads were stopped: 0.0006082 seconds
Application time: 0.0026375 seconds
Total time for which application threads were stopped: 0.0005305 seconds
Application time: 0.0022254 seconds
Total time for which application threads were stopped: 0.0002419 seconds
Application time: 0.0003562 seconds
Total time for which application threads were stopped: 0.0000693 seconds
Application time: 0.0016882 seconds
Total time for which application threads were stopped: 0.0001207 seconds
Application time: 0.0002377 seconds
Total time for which application threads were stopped: 0.0002671 seconds
Application time: 0.0002316 seconds
Total time for which application threads were stopped: 0.0000735 seconds
Application time: 0.0001140 seconds
Total time for which application threads were stopped: 0.0000902 seconds
Application time: 0.0055256 seconds
Total time for which application threads were stopped: 0.0007945 seconds
Application time: 0.0089151 seconds
Total time for which application threads were stopped: 0.0006649 seconds
Application time: 0.0028694 seconds
Total time for which application threads were stopped: 0.0006624 seconds
Application time: 0.0172695 seconds
Total time for which application threads were stopped: 0.0007166 seconds
Application time: 0.0080234 seconds
Total time for which application threads were stopped: 0.0006370 seconds
Application time: 0.0034066 seconds
Total time for which application threads were stopped: 0.0006959 seconds
Application time: 0.0157366 seconds
Total time for which application threads were stopped: 0.0007328 seconds
Application time: 0.0030333 seconds
Total time for which application threads were stopped: 0.0006635 seconds
Application time: 0.0130969 seconds
Total time for which application threads were stopped: 0.0006207 seconds
Application time: 0.0120571 seconds
Total time for which application threads were stopped: 0.0006132 seconds
Application time: 0.0027006 seconds
Total time for which application threads were stopped: 0.0006219 seconds
Application time: 0.0116772 seconds
Total time for which application threads were stopped: 0.0006937 seconds
Application time: 0.0139093 seconds
Total time for which application threads were stopped: 0.0006370 seconds
Application time: 0.0025730 seconds
Total time for which application threads were stopped: 0.0006085 seconds
Application time: 0.0098066 seconds
Total time for which application threads were stopped: 0.0006358 seconds
Application time: 0.0140627 seconds
Total time for which application threads were stopped: 0.0008381 seconds
Application time: 0.0028235 seconds
Total time for which application threads were stopped: 0.0006738 seconds
Application time: 0.0160562 seconds
Total time for which application threads were stopped: 0.0006269 seconds
Application time: 0.0098876 seconds
Total time for which application threads were stopped: 0.0006305 seconds
Application time: 0.0026657 seconds
Total time for which application threads were stopped: 0.0006783 seconds
Application time: 0.0135668 seconds
Total time for which application threads were stopped: 0.0007015 seconds
Application time: 0.0028540 seconds
Total time for which application threads were stopped: 0.0006328 seconds
Application time: 0.0123658 seconds
Total time for which application threads were stopped: 0.0010714 seconds
Application time: 0.0130237 seconds
Total time for which application threads were stopped: 0.0006302 seconds
Application time: 0.0032004 seconds
Total time for which application threads were stopped: 0.0011323 seconds
Application time: 0.0044095 seconds
Total time for which application threads were stopped: 0.0009303 seconds
Application time: 0.0039284 seconds
Total time for which application threads were stopped: 0.0009582 seconds
Application time: 0.0156134 seconds
Total time for which application threads were stopped: 0.0011082 seconds
Application time: 0.0049582 seconds
Total time for which application threads were stopped: 0.0009063 seconds
Application time: 0.0136632 seconds
Total time for which application threads were stopped: 0.0011013 seconds
Application time: 0.0050702 seconds
Total time for which application threads were stopped: 0.0002009 seconds
Application time: 0.0002422 seconds
Total time for which application threads were stopped: 0.0001185 seconds
Application time: 0.0039773 seconds
Total time for which application threads were stopped: 0.0010820 seconds
Application time: 0.0062134 seconds
Total time for which application threads were stopped: 0.0010107 seconds
Application time: 0.0097934 seconds
Total time for which application threads were stopped: 0.0009711 seconds
Application time: 0.0043017 seconds
Total time for which application threads were stopped: 0.0009683 seconds
Application time: 0.0142001 seconds
Total time for which application threads were stopped: 0.0009294 seconds
Application time: 0.0087969 seconds
Total time for which application threads were stopped: 0.0009454 seconds
Application time: 0.0040067 seconds
Total time for which application threads were stopped: 0.0008901 seconds
Application time: 0.0127005 seconds
Total time for which application threads were stopped: 0.0008929 seconds
Application time: 0.0107877 seconds
Total time for which application threads were stopped: 0.0010834 seconds
Application time: 0.0047973 seconds
Total time for which application threads were stopped: 0.0010317 seconds
Application time: 0.0140300 seconds
Total time for which application threads were stopped: 0.0010624 seconds
Application time: 0.0071786 seconds
Total time for which application threads were stopped: 0.0010398 seconds
Application time: 0.0042964 seconds
Total time for which application threads were stopped: 0.0009303 seconds
Application time: 0.0102851 seconds
Total time for which application threads were stopped: 0.0010624 seconds
Application time: 0.0174927 seconds
Total time for which application threads were stopped: 0.0011789 seconds
Application time: 0.0043997 seconds
Total time for which application threads were stopped: 0.0009733 seconds
Application time: 0.0062603 seconds
Total time for which application threads were stopped: 0.0009976 seconds
Application time: 0.0438969 seconds
Total time for which application threads were stopped: 0.0018958 seconds
Application time: 0.0051560 seconds
Total time for which application threads were stopped: 0.0011367 seconds
Application time: 0.0041290 seconds
Total time for which application threads were stopped: 0.0052364 seconds
Application time: 0.0303111 seconds
Total time for which application threads were stopped: 0.0064450 seconds
Application time: 0.0051317 seconds
Total time for which application threads were stopped: 0.0010172 seconds
Application time: 0.0063497 seconds
Total time for which application threads were stopped: 0.0009803 seconds
Application time: 0.0045455 seconds
Total time for which application threads were stopped: 0.0009350 seconds
Application time: 0.0043623 seconds
Total time for which application threads were stopped: 0.0010127 seconds
Application time: 0.0187968 seconds
Total time for which application threads were stopped: 0.0099887 seconds
Application time: 0.0681698 seconds
Total time for which application threads were stopped: 0.0007462 seconds
Application time: 0.0031753 seconds
Total time for which application threads were stopped: 0.0005942 seconds
Application time: 0.0016631 seconds
Total time for which application threads were stopped: 0.0001151 seconds
Application time: 0.0011395 seconds
Total time for which application threads were stopped: 0.0004123 seconds
Application time: 0.0016857 seconds
Total time for which application threads were stopped: 0.0003858 seconds
Application time: 0.0014924 seconds
Total time for which application threads were stopped: 0.0003576 seconds
Application time: 0.0015463 seconds
Total time for which application threads were stopped: 0.0001196 seconds
Application time: 0.0004115 seconds
Total time for which application threads were stopped: 0.0004903 seconds
Application time: 0.0012611 seconds
Total time for which application threads were stopped: 0.0001232 seconds
Application time: 0.0002763 seconds
Total time for which application threads were stopped: 0.0000704 seconds
Application time: 0.0003439 seconds
Total time for which application threads were stopped: 0.0002067 seconds
Application time: 0.0014731 seconds
Total time for which application threads were stopped: 0.0002481 seconds
Application time: 0.0005705 seconds
Total time for which application threads were stopped: 0.0005227 seconds
Application time: 0.0013675 seconds
Total time for which application threads were stopped: 0.0001143 seconds
Application time: 0.0037611 seconds
Total time for which application threads were stopped: 0.0006079 seconds
Application time: 0.0035192 seconds
Total time for which application threads were stopped: 0.0005118 seconds
Application time: 0.0017256 seconds
Total time for which application threads were stopped: 0.0003959 seconds
Application time: 0.0017270 seconds
Total time for which application threads were stopped: 0.0004629 seconds
Application time: 0.0016728 seconds
Total time for which application threads were stopped: 0.0003707 seconds
Application time: 0.0014882 seconds
Total time for which application threads were stopped: 0.0003649 seconds
Application time: 0.0015019 seconds
Total time for which application threads were stopped: 0.0003554 seconds
Application time: 0.0014938 seconds
Total time for which application threads were stopped: 0.0003512 seconds
Application time: 0.0015094 seconds
Total time for which application threads were stopped: 0.0003517 seconds
Application time: 0.0014924 seconds
Total time for which application threads were stopped: 0.0003484 seconds
Application time: 0.0015351 seconds
Total time for which application threads were stopped: 0.0003531 seconds
Application time: 0.0014764 seconds
Total time for which application threads were stopped: 0.0003523 seconds
Application time: 0.0014750 seconds
Total time for which application threads were stopped: 0.0003514 seconds
Application time: 0.0110765 seconds
Total time for which application threads were stopped: 0.0003688 seconds
Application time: 0.0015231 seconds
Total time for which application threads were stopped: 0.0003537 seconds
Application time: 0.0182470 seconds
Total time for which application threads were stopped: 0.0004559 seconds
Application time: 0.0073328 seconds
Total time for which application threads were stopped: 0.0003797 seconds
Application time: 0.0015122 seconds
Total time for which application threads were stopped: 0.0003657 seconds
Application time: 0.0162716 seconds
Total time for which application threads were stopped: 0.0003660 seconds
Application time: 0.0123479 seconds
Total time for which application threads were stopped: 0.0004959 seconds
Application time: 0.0016404 seconds
Total time for which application threads were stopped: 0.0003858 seconds
Application time: 0.0149332 seconds
Total time for which application threads were stopped: 0.0005017 seconds
Application time: 0.0015857 seconds
Total time for which application threads were stopped: 0.0003559 seconds
Application time: 0.0122010 seconds
Total time for which application threads were stopped: 0.0005073 seconds
Application time: 0.0160629 seconds
Total time for which application threads were stopped: 0.0005031 seconds
Application time: 0.0016645 seconds
Total time for which application threads were stopped: 0.0003875 seconds
Application time: 0.0110969 seconds
Total time for which application threads were stopped: 0.0004744 seconds
Application time: 0.0172262 seconds
Total time for which application threads were stopped: 0.0005909 seconds
Application time: 0.0022573 seconds
Total time for which application threads were stopped: 0.0004523 seconds
Application time: 0.0170315 seconds
Total time for which application threads were stopped: 0.0006724 seconds
Application time: 0.0099934 seconds
Total time for which application threads were stopped: 0.0004847 seconds
Application time: 0.0018480 seconds
Total time for which application threads were stopped: 0.0003933 seconds
Application time: 0.0149689 seconds
Total time for which application threads were stopped: 0.0005414 seconds
Application time: 0.0120471 seconds
Total time for which application threads were stopped: 0.0005498 seconds
Application time: 0.0017600 seconds
Total time for which application threads were stopped: 0.0003520 seconds
Application time: 0.0128944 seconds
Total time for which application threads were stopped: 0.0005531 seconds
Application time: 0.0019262 seconds
Total time for which application threads were stopped: 0.0003805 seconds
Application time: 0.0205685 seconds
Total time for which application threads were stopped: 0.0005861 seconds
Application time: 0.0061625 seconds
Total time for which application threads were stopped: 0.0007099 seconds
Application time: 0.0017502 seconds
Total time for which application threads were stopped: 0.0003936 seconds
Application time: 0.0186292 seconds
Total time for which application threads were stopped: 0.0008610 seconds
Application time: 0.0108237 seconds
Total time for which application threads were stopped: 0.0005392 seconds
Application time: 0.0019030 seconds
Total time for which application threads were stopped: 0.0004123 seconds
Application time: 0.0008535 seconds
Total time for which application threads were stopped: 0.0000578 seconds
Application time: 0.0157291 seconds
Total time for which application threads were stopped: 0.0005682 seconds
Application time: 0.0093174 seconds
Total time for which application threads were stopped: 0.0004922 seconds
Application time: 0.0019259 seconds
Total time for which application threads were stopped: 0.0004470 seconds
Application time: 0.0260924 seconds
Total time for which application threads were stopped: 0.0006029 seconds
Application time: 0.0022305 seconds
Total time for which application threads were stopped: 0.0004470 seconds
Application time: 0.0021712 seconds
Total time for which application threads were stopped: 0.0004665 seconds
Application time: 0.0117697 seconds
Total time for which application threads were stopped: 0.0005557 seconds
Application time: 0.0020586 seconds
Total time for which application threads were stopped: 0.0004406 seconds
Application time: 0.0134330 seconds
Total time for which application threads were stopped: 0.0005629 seconds
Application time: 0.0018882 seconds
Total time for which application threads were stopped: 0.0001291 seconds
Application time: 0.0022522 seconds
Total time for which application threads were stopped: 0.0000846 seconds
Application time: 0.0117146 seconds
Total time for which application threads were stopped: 0.0004095 seconds
Application time: 0.0015647 seconds
Total time for which application threads were stopped: 0.0003355 seconds
Application time: 0.0162521 seconds
Total time for which application threads were stopped: 0.0005992 seconds
Application time: 0.0109693 seconds
Total time for which application threads were stopped: 0.0004928 seconds
Application time: 0.0017879 seconds
Total time for which application threads were stopped: 0.0004347 seconds
Application time: 0.0148477 seconds
Total time for which application threads were stopped: 0.0005654 seconds
Application time: 0.0120990 seconds
Total time for which application threads were stopped: 0.0006065 seconds
Application time: 0.0020545 seconds
Total time for which application threads were stopped: 0.0004221 seconds
Application time: 0.0134875 seconds
Total time for which application threads were stopped: 0.0005763 seconds
Application time: 0.0021377 seconds
Total time for which application threads were stopped: 0.0004230 seconds
Application time: 0.0114802 seconds
Total time for which application threads were stopped: 0.0005576 seconds
Application time: 0.0160568 seconds
Total time for which application threads were stopped: 0.0007629 seconds
Application time: 0.0032085 seconds
Total time for which application threads were stopped: 0.0006557 seconds
Application time: 0.0109240 seconds
Total time for which application threads were stopped: 0.0007400 seconds
Application time: 0.0158073 seconds
Total time for which application threads were stopped: 0.0006939 seconds
Application time: 0.0025545 seconds
Total time for which application threads were stopped: 0.0005537 seconds
Application time: 0.0098085 seconds
Total time for which application threads were stopped: 0.0005970 seconds
Application time: 0.0160140 seconds
Total time for which application threads were stopped: 0.0006805 seconds
Application time: 0.0027719 seconds
Total time for which application threads were stopped: 0.0006004 seconds
Application time: 0.0154405 seconds
Total time for which application threads were stopped: 0.0006615 seconds
Application time: 0.0030990 seconds
Total time for which application threads were stopped: 0.0005875 seconds
Application time: 0.0131818 seconds
Total time for which application threads were stopped: 0.0006043 seconds
Application time: 0.0120518 seconds
Total time for which application threads were stopped: 0.0005632 seconds
Application time: 0.0024769 seconds
Total time for which application threads were stopped: 0.0005663 seconds
Application time: 0.0119797 seconds
Total time for which application threads were stopped: 0.0005652 seconds
Application time: 0.0140739 seconds
Total time for which application threads were stopped: 0.0006143 seconds
Application time: 0.0024618 seconds
Total time for which application threads were stopped: 0.0005543 seconds
Application time: 0.0099923 seconds
Total time for which application threads were stopped: 0.0005520 seconds
Application time: 0.0140646 seconds
Total time for which application threads were stopped: 0.0005881 seconds
Application time: 0.0023442 seconds
Total time for which application threads were stopped: 0.0005367 seconds
Application time: 0.0160241 seconds
Total time for which application threads were stopped: 0.0007912 seconds
Application time: 0.0118663 seconds
Total time for which application threads were stopped: 0.0007708 seconds
Application time: 0.0029568 seconds
Total time for which application threads were stopped: 0.0006177 seconds
Application time: 0.0133154 seconds
Total time for which application threads were stopped: 0.0005850 seconds
Application time: 0.0024023 seconds
Total time for which application threads were stopped: 0.0005378 seconds
Application time: 0.0119864 seconds
Total time for which application threads were stopped: 0.0007043 seconds
Application time: 0.0119202 seconds
Total time for which application threads were stopped: 0.0006180 seconds
Application time: 0.0024640 seconds
Total time for which application threads were stopped: 0.0005545 seconds
Application time: 0.0197768 seconds
Total time for which application threads were stopped: 0.0007250 seconds
Application time: 0.0080060 seconds
Total time for which application threads were stopped: 0.0010314 seconds
Application time: 0.0026068 seconds
Total time for which application threads were stopped: 0.0005741 seconds
Application time: 0.0171201 seconds
Total time for which application threads were stopped: 0.0007065 seconds
Application time: 0.0080432 seconds
Total time for which application threads were stopped: 0.0006420 seconds
Application time: 0.0026425 seconds
Total time for which application threads were stopped: 0.0006135 seconds
Application time: 0.0007345 seconds
Total time for which application threads were stopped: 0.0000886 seconds
Application time: 0.0147586 seconds
Total time for which application threads were stopped: 0.0007562 seconds
Application time: 0.0028668 seconds
Total time for which application threads were stopped: 0.0005788 seconds
Application time: 0.0123287 seconds
Total time for which application threads were stopped: 0.0006504 seconds
Application time: 0.0120275 seconds
Total time for which application threads were stopped: 0.0006322 seconds
Application time: 0.0026626 seconds
Total time for which application threads were stopped: 0.0005942 seconds
Application time: 0.0116853 seconds
Total time for which application threads were stopped: 0.0005900 seconds
Application time: 0.0140205 seconds
Total time for which application threads were stopped: 0.0005699 seconds
Application time: 0.0023738 seconds
Total time for which application threads were stopped: 0.0005534 seconds
Application time: 0.0179442 seconds
Total time for which application threads were stopped: 0.0007730 seconds
Application time: 0.0040539 seconds
Total time for which application threads were stopped: 0.0001472 seconds
Application time: 0.0037630 seconds
Total time for which application threads were stopped: 0.0007096 seconds
Application time: 0.0012619 seconds
Total time for which application threads were stopped: 0.0001070 seconds
Application time: 0.0027070 seconds
Total time for which application threads were stopped: 0.0007283 seconds
Application time: 0.0159763 seconds
Total time for which application threads were stopped: 0.0014471 seconds
Application time: 0.0091662 seconds
Total time for which application threads were stopped: 0.0015996 seconds
Application time: 0.0062597 seconds
Total time for which application threads were stopped: 0.0011848 seconds
Application time: 0.0104578 seconds
Total time for which application threads were stopped: 0.0011015 seconds
Application time: 0.0050322 seconds
Total time for which application threads were stopped: 0.0010971 seconds
Application time: 0.0047026 seconds
Total time for which application threads were stopped: 0.0010323 seconds
Application time: 0.0047014 seconds
Total time for which application threads were stopped: 0.0000894 seconds
Application time: 0.0000489 seconds
Total time for which application threads were stopped: 0.0000603 seconds
Application time: 0.0000377 seconds
Total time for which application threads were stopped: 0.0000598 seconds
Application time: 0.0000852 seconds
Total time for which application threads were stopped: 0.0000598 seconds
Application time: 0.0000405 seconds
Total time for which application threads were stopped: 0.0000595 seconds
Application time: 0.0000352 seconds
Total time for which application threads were stopped: 0.0000603 seconds
Application time: 0.0078208 seconds
Total time for which application threads were stopped: 0.0007481 seconds
Application time: 0.0029236 seconds
Total time for which application threads were stopped: 0.0006998 seconds
Application time: 0.0112090 seconds
Total time for which application threads were stopped: 0.0006138 seconds
Application time: 0.0169390 seconds
Total time for which application threads were stopped: 0.0006157 seconds
Application time: 0.0024084 seconds
Total time for which application threads were stopped: 0.0005559 seconds
Application time: 0.0100454 seconds
Total time for which application threads were stopped: 0.0005604 seconds
Application time: 0.0160085 seconds
Total time for which application threads were stopped: 0.0005780 seconds
Application time: 0.0024757 seconds
Total time for which application threads were stopped: 0.0005646 seconds
Application time: 0.0158780 seconds
Total time for which application threads were stopped: 0.0005970 seconds
Application time: 0.0024383 seconds
Total time for which application threads were stopped: 0.0005540 seconds
Application time: 0.0128243 seconds
Total time for which application threads were stopped: 0.0005699 seconds
Application time: 0.0120918 seconds
Total time for which application threads were stopped: 0.0007490 seconds
Application time: 0.0033292 seconds
Total time for which application threads were stopped: 0.0007699 seconds
Application time: 0.0126829 seconds
Total time for which application threads were stopped: 0.0007345 seconds
Application time: 0.0099856 seconds
Total time for which application threads were stopped: 0.0007476 seconds
Application time: 0.0095886 seconds
Total time for which application threads were stopped: 0.0009387 seconds
Application time: 0.0111433 seconds
Total time for which application threads were stopped: 0.0008909 seconds
Application time: 0.0088187 seconds
Total time for which application threads were stopped: 0.0007361 seconds
Application time: 0.0037304 seconds
Total time for which application threads were stopped: 0.0007621 seconds
Application time: 0.0093685 seconds
Total time for which application threads were stopped: 0.0007280 seconds
Application time: 0.0158523 seconds
Total time for which application threads were stopped: 0.0007479 seconds
Application time: 0.0033390 seconds
Total time for which application threads were stopped: 0.0007699 seconds
Application time: 0.0146401 seconds
Total time for which application threads were stopped: 0.0008171 seconds
Application time: 0.0033177 seconds
Total time for which application threads were stopped: 0.0007386 seconds
Application time: 0.0126547 seconds
Total time for which application threads were stopped: 0.0007280 seconds
Application time: 0.0119135 seconds
Total time for which application threads were stopped: 0.0007294 seconds
Application time: 0.0031920 seconds
Total time for which application threads were stopped: 0.0007289 seconds
Application time: 0.0119322 seconds
Total time for which application threads were stopped: 0.0008454 seconds
Application time: 0.0117998 seconds
Total time for which application threads were stopped: 0.0009311 seconds
Application time: 0.0035669 seconds
Total time for which application threads were stopped: 0.0009666 seconds
Application time: 0.0110765 seconds
Total time for which application threads were stopped: 0.0014865 seconds
Application time: 0.0112003 seconds
Total time for which application threads were stopped: 0.0009303 seconds
Application time: 0.0043167 seconds
Total time for which application threads were stopped: 0.0008188 seconds
Application time: 0.0094956 seconds
Total time for which application threads were stopped: 0.0008244 seconds
Application time: 0.0033476 seconds
Total time for which application threads were stopped: 0.0007722 seconds
Application time: 0.0135646 seconds
Total time for which application threads were stopped: 0.0010208 seconds
Application time: 0.0126050 seconds
Total time for which application threads were stopped: 0.0008336 seconds
Application time: 0.0036907 seconds
Total time for which application threads were stopped: 0.0008655 seconds
Application time: 0.0046366 seconds
Total time for which application threads were stopped: 0.0001386 seconds
Application time: 0.0017192 seconds
Total time for which application threads were stopped: 0.0001087 seconds
Application time: 0.0030414 seconds
Total time for which application threads were stopped: 0.0039268 seconds
Application time: 0.0003056 seconds
Total time for which application threads were stopped: 0.0000925 seconds
Application time: 0.0008867 seconds
Total time for which application threads were stopped: 0.0000821 seconds
Application time: 0.0062067 seconds
Total time for which application threads were stopped: 0.0009588 seconds
Application time: 0.0038281 seconds
Total time for which application threads were stopped: 0.0009174 seconds
Application time: 0.0185501 seconds
Total time for which application threads were stopped: 0.0002126 seconds
Application time: 0.0052632 seconds
Total time for which application threads were stopped: 0.0010236 seconds
Application time: 0.0016181 seconds
Total time for which application threads were stopped: 0.0001682 seconds
Application time: 0.0147441 seconds
Total time for which application threads were stopped: 0.0004615 seconds
Application time: 0.0002028 seconds
Total time for which application threads were stopped: 0.0001025 seconds
Application time: 0.0002699 seconds
Total time for which application threads were stopped: 0.0009795 seconds
Application time: 0.0003291 seconds
Total time for which application threads were stopped: 0.0001643 seconds
Application time: 0.0006565 seconds
Total time for which application threads were stopped: 0.0002070 seconds
Application time: 0.0015728 seconds
Total time for which application threads were stopped: 0.0001193 seconds
Application time: 0.0128094 seconds
Total time for which application threads were stopped: 0.0009423 seconds
Application time: 0.0058739 seconds
Total time for which application threads were stopped: 0.0008367 seconds
Application time: 0.0054971 seconds
Total time for which application threads were stopped: 0.0008792 seconds
Application time: 0.0114244 seconds
Total time for which application threads were stopped: 0.0013074 seconds
Application time: 0.0015292 seconds
Total time for which application threads were stopped: 0.0008934 seconds
Application time: 0.0032214 seconds
Total time for which application threads were stopped: 0.0008062 seconds
Application time: 0.0039242 seconds
Total time for which application threads were stopped: 0.0002115 seconds
Application time: 0.0004492 seconds
Total time for which application threads were stopped: 0.0003981 seconds
Application time: 0.0028381 seconds
Total time for which application threads were stopped: 0.0006375 seconds
Application time: 0.0025819 seconds
Total time for which application threads were stopped: 0.0005710 seconds
Application time: 0.0025283 seconds
Total time for which application threads were stopped: 0.0005928 seconds
Application time: 0.0024782 seconds
Total time for which application threads were stopped: 0.0005682 seconds
Application time: 0.0025573 seconds
Total time for which application threads were stopped: 0.0006316 seconds
Application time: 0.0112618 seconds
Total time for which application threads were stopped: 0.0007026 seconds
Application time: 0.0119767 seconds
Total time for which application threads were stopped: 0.0007087 seconds
Application time: 0.0027889 seconds
Total time for which application threads were stopped: 0.0005903 seconds
Application time: 0.0174243 seconds
Total time for which application threads were stopped: 0.0006065 seconds
Application time: 0.0099974 seconds
Total time for which application threads were stopped: 0.0005867 seconds
Application time: 0.0026551 seconds
Total time for which application threads were stopped: 0.0006121 seconds
Application time: 0.0136727 seconds
Total time for which application threads were stopped: 0.0005713 seconds
Application time: 0.0025073 seconds
Total time for which application threads were stopped: 0.0005797 seconds
Application time: 0.0129137 seconds
Total time for which application threads were stopped: 0.0005895 seconds
Application time: 0.0120644 seconds
Total time for which application threads were stopped: 0.0006492 seconds
Application time: 0.0029873 seconds
Total time for which application threads were stopped: 0.0006356 seconds
Application time: 0.0122965 seconds
Total time for which application threads were stopped: 0.0006015 seconds
Application time: 0.0139970 seconds
Total time for which application threads were stopped: 0.0005881 seconds
Application time: 0.0025095 seconds
Total time for which application threads were stopped: 0.0005794 seconds
Application time: 0.0178266 seconds
Total time for which application threads were stopped: 0.0006249 seconds
Application time: 0.0081161 seconds
Total time for which application threads were stopped: 0.0005752 seconds
Application time: 0.0024782 seconds
Total time for which application threads were stopped: 0.0005931 seconds
Application time: 0.0156509 seconds
Total time for which application threads were stopped: 0.0008339 seconds
Application time: 0.0032728 seconds
Total time for which application threads were stopped: 0.0006607 seconds
Application time: 0.0070065 seconds
Total time for which application threads were stopped: 0.0007627 seconds
Application time: 0.0196005 seconds
Total time for which application threads were stopped: 0.0008272 seconds
Application time: 0.0030498 seconds
Total time for which application threads were stopped: 0.0006962 seconds
Application time: 0.0206054 seconds
Total time for which application threads were stopped: 0.0008152 seconds
Application time: 0.0038063 seconds
Total time for which application threads were stopped: 0.0007171 seconds
Application time: 0.0028068 seconds
Total time for which application threads were stopped: 0.0006261 seconds
Application time: 0.0108260 seconds
Total time for which application threads were stopped: 0.0007685 seconds
Application time: 0.0138085 seconds
Total time for which application threads were stopped: 0.0006747 seconds
Application time: 0.0027836 seconds
Total time for which application threads were stopped: 0.0005906 seconds
Application time: 0.0095674 seconds
Total time for which application threads were stopped: 0.0005889 seconds
Application time: 0.0159761 seconds
Total time for which application threads were stopped: 0.0010747 seconds
Application time: 0.0027786 seconds
Total time for which application threads were stopped: 0.0006110 seconds
Application time: 0.0140521 seconds
Total time for which application threads were stopped: 0.0006031 seconds
Application time: 0.0034479 seconds
Total time for which application threads were stopped: 0.0006286 seconds
Application time: 0.0128497 seconds
Total time for which application threads were stopped: 0.0006621 seconds
Application time: 0.0119982 seconds
Total time for which application threads were stopped: 0.0008803 seconds
Application time: 0.0039354 seconds
Total time for which application threads were stopped: 0.0010820 seconds
Application time: 0.0126251 seconds
Total time for which application threads were stopped: 0.0007859 seconds
Application time: 0.0108933 seconds
Total time for which application threads were stopped: 0.0007719 seconds
Application time: 0.0029286 seconds
Total time for which application threads were stopped: 0.0006671 seconds
Application time: 0.0122108 seconds
Total time for which application threads were stopped: 0.0007959 seconds
Application time: 0.0137724 seconds
Total time for which application threads were stopped: 0.0007412 seconds
Application time: 0.0028632 seconds
Total time for which application threads were stopped: 0.0005844 seconds
Application time: 0.0153134 seconds
Total time for which application threads were stopped: 0.0007537 seconds
Application time: 0.0029060 seconds
Total time for which application threads were stopped: 0.0006283 seconds
Application time: 0.0132084 seconds
Total time for which application threads were stopped: 0.0006677 seconds
Application time: 0.0081734 seconds
Total time for which application threads were stopped: 0.0006579 seconds
Application time: 0.0026825 seconds
Total time for which application threads were stopped: 0.0005811 seconds
Application time: 0.0115758 seconds
Total time for which application threads were stopped: 0.0006702 seconds
Application time: 0.0178458 seconds
Total time for which application threads were stopped: 0.0007141 seconds
Application time: 0.0028769 seconds
Total time for which application threads were stopped: 0.0005998 seconds
Application time: 0.0147538 seconds
Total time for which application threads were stopped: 0.0010513 seconds
Application time: 0.0185205 seconds
Total time for which application threads were stopped: 0.0010021 seconds
Application time: 0.0153634 seconds
Total time for which application threads were stopped: 0.0011608 seconds
Application time: 0.0413402 seconds
Total time for which application threads were stopped: 0.0010431 seconds
Application time: 0.0033786 seconds
Total time for which application threads were stopped: 0.0007317 seconds
Application time: 0.0077454 seconds
Total time for which application threads were stopped: 0.0007277 seconds
Application time: 0.0028261 seconds
Total time for which application threads were stopped: 0.0006403 seconds
Application time: 0.0140563 seconds
Total time for which application threads were stopped: 0.0006993 seconds
Application time: 0.0050722 seconds
Total time for which application threads were stopped: 0.0006682 seconds
Application time: 0.0026758 seconds
Total time for which application threads were stopped: 0.0005956 seconds
Application time: 0.0025037 seconds
Total time for which application threads were stopped: 0.0005970 seconds
Application time: 0.0025556 seconds
Total time for which application threads were stopped: 0.0005808 seconds
Application time: 0.0025079 seconds
Total time for which application threads were stopped: 0.0005878 seconds
Application time: 0.0024729 seconds
Total time for which application threads were stopped: 0.0005923 seconds
Application time: 0.0027679 seconds
Total time for which application threads were stopped: 0.0005889 seconds
Application time: 0.0191362 seconds
Total time for which application threads were stopped: 0.0007018 seconds
Application time: 0.0068640 seconds
Total time for which application threads were stopped: 0.0006456 seconds
Application time: 0.0027140 seconds
Total time for which application threads were stopped: 0.0005881 seconds
Application time: 0.0084268 seconds
Total time for which application threads were stopped: 0.0006434 seconds
Application time: 0.0219740 seconds
Total time for which application threads were stopped: 0.0006724 seconds
Application time: 0.0075191 seconds
Total time for which application threads were stopped: 0.0006389 seconds
Application time: 0.0612150 seconds
Total time for which application threads were stopped: 0.0003858 seconds
Application time: 0.0024053 seconds
Total time for which application threads were stopped: 0.0003045 seconds
Application time: 0.0010873 seconds
Total time for which application threads were stopped: 0.0002671 seconds
Application time: 0.0010747 seconds
Total time for which application threads were stopped: 0.0002593 seconds
Application time: 0.0010795 seconds
Total time for which application threads were stopped: 0.0002562 seconds
Application time: 0.0010652 seconds
Total time for which application threads were stopped: 0.0002598 seconds
Application time: 0.0010504 seconds
Total time for which application threads were stopped: 0.0002579 seconds
Application time: 0.0010647 seconds
Total time for which application threads were stopped: 0.0002626 seconds
Application time: 0.0106662 seconds
Total time for which application threads were stopped: 0.0002933 seconds
Application time: 0.0011278 seconds
Total time for which application threads were stopped: 0.0002615 seconds
Application time: 0.0154162 seconds
Total time for which application threads were stopped: 0.0004109 seconds
Application time: 0.0220486 seconds
Total time for which application threads were stopped: 0.0001034 seconds
Application time: 0.0398302 seconds
Total time for which application threads were stopped: 0.0005559 seconds
Application time: 0.0025959 seconds
Total time for which application threads were stopped: 0.0003288 seconds
Application time: 0.0011574 seconds
Total time for which application threads were stopped: 0.0002788 seconds
Application time: 0.0011183 seconds
Total time for which application threads were stopped: 0.0002685 seconds
Application time: 0.0011029 seconds
Total time for which application threads were stopped: 0.0002643 seconds
Application time: 0.0010954 seconds
Total time for which application threads were stopped: 0.0002679 seconds
Application time: 0.0010962 seconds
Total time for which application threads were stopped: 0.0002721 seconds
Application time: 0.0010996 seconds
Total time for which application threads were stopped: 0.0002685 seconds
Application time: 0.0081536 seconds
Total time for which application threads were stopped: 0.0002847 seconds
Application time: 0.0093761 seconds
Total time for which application threads were stopped: 0.0002749 seconds
Application time: 0.0010934 seconds
Total time for which application threads were stopped: 0.0002710 seconds
Application time: 0.0432267 seconds
Total time for which application threads were stopped: 0.0004970 seconds
Application time: 0.0015851 seconds
Total time for which application threads were stopped: 0.0002911 seconds
Application time: 0.0011122 seconds
Total time for which application threads were stopped: 0.0002707 seconds
Application time: 0.0013963 seconds
Total time for which application threads were stopped: 0.0003914 seconds
Application time: 0.0067034 seconds
Total time for which application threads were stopped: 0.0003981 seconds
Application time: 0.0167521 seconds
Total time for which application threads were stopped: 0.0005436 seconds
Application time: 0.0071219 seconds
Total time for which application threads were stopped: 0.0005990 seconds
Application time: 0.0016826 seconds
Total time for which application threads were stopped: 0.0003579 seconds
Application time: 0.0100099 seconds
Total time for which application threads were stopped: 0.0004844 seconds
Application time: 0.0160917 seconds
Total time for which application threads were stopped: 0.0003724 seconds
Application time: 0.0014804 seconds
Total time for which application threads were stopped: 0.0003260 seconds
Application time: 0.0163202 seconds
Total time for which application threads were stopped: 0.0003079 seconds
Application time: 0.0104206 seconds
Total time for which application threads were stopped: 0.0002953 seconds
Application time: 0.0011524 seconds
Total time for which application threads were stopped: 0.0002665 seconds
Application time: 0.0178126 seconds
Total time for which application threads were stopped: 0.0004230 seconds
Application time: 0.0014767 seconds
Total time for which application threads were stopped: 0.0002886 seconds
Application time: 0.0114422 seconds
Total time for which application threads were stopped: 0.0003674 seconds
Application time: 0.0152550 seconds
Total time for which application threads were stopped: 0.0006043 seconds
Application time: 0.0022746 seconds
Total time for which application threads were stopped: 0.0003509 seconds
Application time: 0.0114048 seconds
Total time for which application threads were stopped: 0.0005121 seconds
Application time: 0.0170240 seconds
Total time for which application threads were stopped: 0.0004900 seconds
Application time: 0.0016030 seconds
Total time for which application threads were stopped: 0.0003347 seconds
Application time: 0.0160797 seconds
Total time for which application threads were stopped: 0.0004836 seconds
Application time: 0.0102843 seconds
Total time for which application threads were stopped: 0.0004400 seconds
Application time: 0.0012496 seconds
Total time for which application threads were stopped: 0.0002891 seconds
Application time: 0.0175321 seconds
Total time for which application threads were stopped: 0.0005297 seconds
Application time: 0.0145153 seconds
Total time for which application threads were stopped: 0.0001098 seconds
Application time: 0.0018664 seconds
Total time for which application threads were stopped: 0.0003852 seconds
Application time: 0.0013516 seconds
Total time for which application threads were stopped: 0.0002891 seconds
Application time: 0.0120800 seconds
Total time for which application threads were stopped: 0.0004034 seconds
Application time: 0.0013630 seconds
Total time for which application threads were stopped: 0.0003355 seconds
Application time: 0.0106036 seconds
Total time for which application threads were stopped: 0.0004143 seconds
Application time: 0.0066478 seconds
Total time for which application threads were stopped: 0.0000835 seconds
Application time: 0.0001232 seconds
Total time for which application threads were stopped: 0.0000397 seconds
Application time: 0.0003118 seconds
Total time for which application threads were stopped: 0.0000397 seconds
Application time: 0.0005233 seconds
Total time for which application threads were stopped: 0.0000500 seconds
Application time: 0.0002118 seconds
Total time for which application threads were stopped: 0.0000402 seconds
Application time: 0.0000782 seconds
Total time for which application threads were stopped: 0.0000399 seconds
Application time: 0.0002003 seconds
Total time for which application threads were stopped: 0.0000394 seconds
Application time: 0.0003355 seconds
Total time for which application threads were stopped: 0.0000425 seconds
Application time: 0.0002132 seconds
Total time for which application threads were stopped: 0.0000399 seconds
Application time: 0.0000779 seconds
Total time for which application threads were stopped: 0.0000388 seconds
Application time: 0.0002341 seconds
Total time for which application threads were stopped: 0.0001981 seconds
Application time: 0.0000265 seconds
Total time for which application threads were stopped: 0.0000321 seconds
Application time: 0.0052716 seconds
Total time for which application threads were stopped: 0.0004366 seconds
Application time: 0.0015790 seconds
Total time for which application threads were stopped: 0.0003218 seconds
Application time: 0.0182110 seconds
Total time for which application threads were stopped: 0.0003445 seconds
Application time: 0.0075127 seconds
Total time for which application threads were stopped: 0.0000886 seconds
Application time: 0.0002606 seconds
Total time for which application threads were stopped: 0.0000413 seconds
Application time: 0.0000830 seconds
Total time for which application threads were stopped: 0.0000394 seconds
Application time: 0.0003028 seconds
Total time for which application threads were stopped: 0.0000419 seconds
Application time: 0.0009174 seconds
Total time for which application threads were stopped: 0.0004143 seconds
Application time: 0.0015575 seconds
Total time for which application threads were stopped: 0.0003389 seconds
Application time: 0.0162163 seconds
Total time for which application threads were stopped: 0.0004526 seconds
Application time: 0.0112394 seconds
Total time for which application threads were stopped: 0.0003302 seconds
Application time: 0.0012384 seconds
Total time for which application threads were stopped: 0.0002780 seconds
Application time: 0.0186814 seconds
Total time for which application threads were stopped: 0.0004702 seconds
Application time: 0.0013507 seconds
Total time for which application threads were stopped: 0.0002808 seconds
Application time: 0.0115355 seconds
Total time for which application threads were stopped: 0.0008389 seconds
Application time: 0.0157269 seconds
Total time for which application threads were stopped: 0.0004383 seconds
Application time: 0.0012979 seconds
Total time for which application threads were stopped: 0.0002880 seconds
Application time: 0.0106435 seconds
Total time for which application threads were stopped: 0.0004006 seconds
Application time: 0.0161769 seconds
Total time for which application threads were stopped: 0.0005143 seconds
Application time: 0.0026190 seconds
Total time for which application threads were stopped: 0.0003975 seconds
Application time: 0.0169206 seconds
Total time for which application threads were stopped: 0.0004794 seconds
Application time: 0.0102605 seconds
Total time for which application threads were stopped: 0.0004777 seconds
Application time: 0.0013153 seconds
Total time for which application threads were stopped: 0.0002774 seconds
Application time: 0.0145600 seconds
Total time for which application threads were stopped: 0.0004836 seconds
Application time: 0.0014968 seconds
Total time for which application threads were stopped: 0.0000922 seconds
Application time: 0.0001416 seconds
Total time for which application threads were stopped: 0.0003461 seconds
Application time: 0.0003743 seconds
Total time for which application threads were stopped: 0.0000603 seconds
Application time: 0.0000751 seconds
Total time for which application threads were stopped: 0.0000707 seconds
Application time: 0.0002081 seconds
Total time for which application threads were stopped: 0.0000592 seconds
Application time: 0.0110332 seconds
Total time for which application threads were stopped: 0.0005378 seconds
Application time: 0.0130916 seconds
Total time for which application threads were stopped: 0.0004302 seconds
Application time: 0.0011932 seconds
Total time for which application threads were stopped: 0.0003333 seconds
Application time: 0.0214251 seconds
Total time for which application threads were stopped: 0.0004431 seconds
Application time: 0.0112766 seconds
Total time for which application threads were stopped: 0.0005906 seconds
Application time: 0.0022117 seconds
Total time for which application threads were stopped: 0.0004917 seconds
Application time: 0.0103714 seconds
Total time for which application threads were stopped: 0.0007358 seconds
Application time: 0.0148689 seconds
Total time for which application threads were stopped: 0.0006769 seconds
Application time: 0.0033367 seconds
Total time for which application threads were stopped: 0.0006735 seconds
Application time: 0.0099155 seconds
Total time for which application threads were stopped: 0.0006465 seconds
Application time: 0.0139166 seconds
Total time for which application threads were stopped: 0.0004998 seconds
Application time: 0.0022020 seconds
Total time for which application threads were stopped: 0.0005537 seconds
Application time: 0.0139462 seconds
Total time for which application threads were stopped: 0.0006554 seconds
Application time: 0.0024989 seconds
Total time for which application threads were stopped: 0.0005582 seconds
Application time: 0.0152047 seconds
Total time for which application threads were stopped: 0.0006953 seconds
Application time: 0.0195416 seconds
Total time for which application threads were stopped: 0.0034549 seconds
Application time: 0.0023062 seconds
Total time for which application threads were stopped: 0.0036385 seconds
Application time: 0.0334470 seconds
Total time for which application threads were stopped: 0.0006194 seconds
Application time: 0.0047151 seconds
Total time for which application threads were stopped: 0.0028532 seconds
Application time: 0.1786772 seconds
Total time for which application threads were stopped: 0.0003570 seconds
Application time: 0.0614500 seconds
Total time for which application threads were stopped: 0.0008683 seconds
Application time: 0.0002989 seconds
Total time for which application threads were stopped: 0.0000659 seconds
Application time: 0.0254066 seconds
Total time for which application threads were stopped: 0.0020721 seconds
Application time: 0.0205683 seconds
Total time for which application threads were stopped: 0.0001531 seconds
Application time: 0.0003794 seconds
Total time for which application threads were stopped: 0.0004699 seconds
Application time: 0.0001073 seconds
Total time for which application threads were stopped: 0.0000567 seconds
Application time: 0.0008227 seconds
Total time for which application threads were stopped: 0.0000788 seconds
Application time: 0.0004056 seconds
Total time for which application threads were stopped: 0.0000603 seconds
Application time: 0.0068626 seconds
Total time for which application threads were stopped: 0.0045964 seconds
Application time: 0.0001640 seconds
Total time for which application threads were stopped: 0.0000615 seconds
Application time: 0.0001576 seconds
Total time for which application threads were stopped: 0.0000525 seconds
Application time: 0.0002296 seconds
Total time for which application threads were stopped: 0.0000872 seconds
Application time: 0.0022154 seconds
Total time for which application threads were stopped: 0.0001618 seconds
Application time: 0.0233164 seconds
Total time for which application threads were stopped: 0.0016505 seconds
Application time: 0.0235510 seconds
Total time for which application threads were stopped: 0.0002363 seconds
Application time: 0.0016650 seconds
Total time for which application threads were stopped: 0.0015091 seconds
Application time: 0.0422319 seconds
Total time for which application threads were stopped: 0.0001534 seconds
Application time: 0.0583826 seconds
Total time for which application threads were stopped: 0.0003716 seconds
Application time: 0.0001210 seconds
Total time for which application threads were stopped: 0.0000570 seconds
Application time: 0.0001537 seconds
Total time for which application threads were stopped: 0.0000514 seconds
Application time: 0.0002129 seconds
Total time for which application threads were stopped: 0.0000534 seconds
Application time: 0.0001743 seconds
Total time for which application threads were stopped: 0.0000534 seconds
Application time: 0.0034275 seconds
Total time for which application threads were stopped: 0.0001944 seconds
Application time: 0.0009948 seconds
Total time for which application threads were stopped: 0.0001715 seconds
Application time: 0.0065587 seconds
Total time for which application threads were stopped: 0.0004995 seconds
Application time: 0.0244461 seconds
Total time for which application threads were stopped: 0.0016220 seconds
Application time: 0.0036474 seconds
Total time for which application threads were stopped: 0.0001143 seconds
Application time: 0.0250009 seconds
Total time for which application threads were stopped: 0.0028336 seconds
Application time: 0.0516895 seconds
Total time for which application threads were stopped: 0.0001726 seconds
Application time: 0.0001972 seconds
Total time for which application threads were stopped: 0.0005177 seconds
Application time: 0.7322481 seconds
Total time for which application threads were stopped: 0.0007702 seconds
Application time: 0.0018558 seconds
Total time for which application threads were stopped: 0.0001078 seconds
Application time: 0.0003048 seconds
Total time for which application threads were stopped: 0.0000659 seconds
Application time: 0.0182803 seconds
Total time for which application threads were stopped: 0.0001254 seconds
Application time: 0.0003570 seconds
Total time for which application threads were stopped: 0.0000584 seconds
Application time: 0.0017958 seconds
Total time for which application threads were stopped: 0.0002453 seconds
Application time: 0.1271860 seconds
Total time for which application threads were stopped: 0.0002442 seconds
Application time: 0.0006727 seconds
Total time for which application threads were stopped: 0.0000631 seconds
Application time: 0.0003372 seconds
Total time for which application threads were stopped: 0.0000860 seconds
Application time: 0.0000489 seconds
Total time for which application threads were stopped: 0.0000704 seconds
Application time: 0.0762751 seconds
Total time for which application threads were stopped: 0.0001444 seconds
Application time: 0.0001514 seconds
Total time for which application threads were stopped: 0.0000503 seconds
Application time: 0.0002632 seconds
Total time for which application threads were stopped: 0.0002838 seconds
Application time: 0.0002444 seconds
Total time for which application threads were stopped: 0.0000626 seconds
Application time: 0.0001601 seconds
Total time for which application threads were stopped: 0.0000534 seconds
Application time: 0.0001006 seconds
Total time for which application threads were stopped: 0.0000587 seconds
Application time: 0.0001534 seconds
Total time for which application threads were stopped: 0.0000662 seconds
Application time: 0.0000995 seconds
Total time for which application threads were stopped: 0.0000478 seconds
Application time: 0.0002235 seconds
Total time for which application threads were stopped: 0.0000581 seconds
Application time: 0.0001447 seconds
Total time for which application threads were stopped: 0.0000587 seconds
Application time: 0.0000858 seconds
Total time for which application threads were stopped: 0.0000380 seconds
Application time: 0.0052004 seconds
Total time for which application threads were stopped: 0.0001238 seconds
Application time: 0.0054295 seconds
Total time for which application threads were stopped: 0.0001159 seconds
Application time: 0.0012496 seconds
Total time for which application threads were stopped: 0.0000478 seconds
Application time: 0.0005797 seconds
Total time for which application threads were stopped: 0.0000936 seconds
Application time: 0.0007018 seconds
Total time for which application threads were stopped: 0.0000534 seconds
Application time: 0.0000243 seconds
Total time for which application threads were stopped: 0.0000405 seconds
Application time: 0.0004576 seconds
Total time for which application threads were stopped: 0.0000500 seconds
Application time: 0.0006392 seconds
Total time for which application threads were stopped: 0.0000461 seconds
Application time: 0.0000229 seconds
Total time for which application threads were stopped: 0.0000399 seconds
Application time: 0.0004104 seconds
Total time for which application threads were stopped: 0.0002841 seconds
Application time: 0.0006632 seconds
Total time for which application threads were stopped: 0.0000489 seconds
Application time: 0.0000235 seconds
Total time for which application threads were stopped: 0.0000408 seconds
Application time: 0.6412287 seconds
Total time for which application threads were stopped: 0.0005512 seconds
Application time: 0.0003031 seconds
Total time for which application threads were stopped: 0.0000855 seconds
Application time: 0.0004216 seconds
Total time for which application threads were stopped: 0.0000595 seconds
Application time: 0.0000344 seconds
Total time for which application threads were stopped: 0.0000548 seconds
Application time: 0.2288850 seconds
Total time for which application threads were stopped: 0.0001687 seconds
Application time: 0.0030895 seconds
Total time for which application threads were stopped: 0.0000846 seconds
Application time: 0.0000486 seconds
Total time for which application threads were stopped: 0.0000411 seconds
Application time: 0.0008632 seconds
Total time for which application threads were stopped: 0.0001025 seconds
Application time: 0.0008563 seconds
Total time for which application threads were stopped: 0.0000508 seconds
Application time: 0.0066285 seconds
Total time for which application threads were stopped: 0.0001372 seconds
Application time: 0.2791936 seconds
Total time for which application threads were stopped: 0.0006786 seconds
Application time: 0.0103834 seconds
Total time for which application threads were stopped: 0.0001651 seconds
Application time: 0.0000402 seconds
Total time for which application threads were stopped: 0.0000556 seconds
Application time: 0.0017217 seconds
Total time for which application threads were stopped: 0.0000933 seconds
Application time: 0.0011200 seconds
Total time for which application threads were stopped: 0.0001073 seconds
Application time: 0.0005389 seconds
Total time for which application threads were stopped: 0.0000654 seconds
Application time: 0.0002629 seconds
Total time for which application threads were stopped: 0.0000626 seconds
Application time: 0.0012415 seconds
Total time for which application threads were stopped: 0.0000771 seconds
Application time: 0.0000291 seconds
Total time for which application threads were stopped: 0.0000704 seconds
Application time: 0.0738245 seconds
Total time for which application threads were stopped: 0.0001629 seconds
Application time: 0.0014865 seconds
Total time for which application threads were stopped: 0.0001006 seconds
Application time: 0.0001953 seconds
Total time for which application threads were stopped: 0.0000489 seconds
Application time: 0.0047475 seconds
Total time for which application threads were stopped: 0.0001274 seconds
Application time: 0.0002590 seconds
Total time for which application threads were stopped: 0.0000643 seconds
Application time: 0.0004562 seconds
Total time for which application threads were stopped: 0.0000584 seconds
Application time: 0.0001930 seconds
Total time for which application threads were stopped: 0.0000517 seconds
Application time: 0.0007532 seconds
Total time for which application threads were stopped: 0.0003489 seconds
Application time: 0.0004881 seconds
Total time for which application threads were stopped: 0.0000612 seconds
Application time: 0.0007417 seconds
Total time for which application threads were stopped: 0.0000743 seconds
Application time: 0.0008627 seconds
Total time for which application threads were stopped: 0.0000941 seconds
Application time: 0.0011317 seconds
Total time for which application threads were stopped: 0.0000620 seconds
Application time: 0.0002794 seconds
Total time for which application threads were stopped: 0.0006372 seconds
Application time: 0.0037871 seconds
Total time for which application threads were stopped: 0.0001050 seconds
Application time: 0.0014812 seconds
Total time for which application threads were stopped: 0.0001595 seconds
Application time: 0.0000735 seconds
Total time for which application threads were stopped: 0.0000548 seconds
Application time: 0.0014943 seconds
Total time for which application threads were stopped: 0.0000494 seconds
Application time: 0.0027476 seconds
Total time for which application threads were stopped: 0.0001523 seconds
Application time: 0.0016980 seconds
Total time for which application threads were stopped: 0.0000805 seconds
Application time: 0.0005406 seconds
Total time for which application threads were stopped: 0.0000620 seconds
Application time: 0.0009987 seconds
Total time for which application threads were stopped: 0.0000729 seconds
Application time: 0.0023643 seconds
Total time for which application threads were stopped: 0.0001145 seconds
Application time: 0.0000425 seconds
Total time for which application threads were stopped: 0.0000718 seconds
Application time: 0.0016293 seconds
Total time for which application threads were stopped: 0.0003741 seconds
Application time: 0.0224084 seconds
Total time for which application threads were stopped: 0.0001386 seconds
Application time: 0.0159090 seconds
Total time for which application threads were stopped: 0.0002257 seconds
Application time: 0.0043612 seconds
Total time for which application threads were stopped: 0.0001182 seconds
Application time: 0.0017810 seconds
Total time for which application threads were stopped: 0.0001338 seconds
Application time: 0.0000601 seconds
Total time for which application threads were stopped: 0.0001226 seconds
Application time: 0.0001137 seconds
Total time for which application threads were stopped: 0.0000740 seconds
Application time: 0.0000277 seconds
Total time for which application threads were stopped: 0.0000796 seconds
Application time: 0.0108081 seconds
Total time for which application threads were stopped: 0.0003118 seconds
Application time: 0.0035021 seconds
Total time for which application threads were stopped: 0.0003039 seconds
Application time: 0.0514889 seconds
Total time for which application threads were stopped: 0.0001925 seconds
Application time: 0.7036456 seconds
Total time for which application threads were stopped: 0.0005869 seconds
Application time: 0.0001802 seconds
Total time for which application threads were stopped: 0.0000791 seconds
Application time: 0.0346597 seconds
{Heap before GC invocations=28 (full 3):
 PSYoungGen      total 152128K, used 152120K [0x2d5a0000, 0x38040000, 0x38040000)
  eden space 142720K, 100% used [0x2d5a0000,0x36100000,0x36100000)
  from space 9408K, 99% used [0x36ec0000,0x377ee220,0x377f0000)
  to   space 14080K, 0% used [0x36100000,0x36100000,0x36ec0000)
 PSOldGen        total 57216K, used 45360K [0x18040000, 0x1b820000, 0x2d5a0000)
  object space 57216K, 79% used [0x18040000,0x1ac8c038,0x1b820000)
 PSPermGen       total 65536K, used 53032K [0x10040000, 0x14040000, 0x18040000)
  object space 65536K, 80% used [0x10040000,0x1340a2d8,0x14040000)
139.855: [GC [PSYoungGen: 152120K->14071K(156800K)] 197480K->76545K(219392K), 0.0956021 secs] [Times: user=0.13 sys=0.03, real=0.09 secs] 
Heap after GC invocations=28 (full 3):
 PSYoungGen      total 156800K, used 14071K [0x2d5a0000, 0x38040000, 0x38040000)
  eden space 142720K, 0% used [0x2d5a0000,0x2d5a0000,0x36100000)
  from space 14080K, 99% used [0x36100000,0x36ebdd88,0x36ec0000)
  to   space 17920K, 0% used [0x36ec0000,0x36ec0000,0x38040000)
 PSOldGen        total 62592K, used 62474K [0x18040000, 0x1bd60000, 0x2d5a0000)
  object space 62592K, 99% used [0x18040000,0x1bd42a08,0x1bd60000)
 PSPermGen       total 65536K, used 53032K [0x10040000, 0x14040000, 0x18040000)
  object space 65536K, 80% used [0x10040000,0x1340a2d8,0x14040000)
}
{Heap before GC invocations=29 (full 4):
 PSYoungGen      total 156800K, used 14071K [0x2d5a0000, 0x38040000, 0x38040000)
  eden space 142720K, 0% used [0x2d5a0000,0x2d5a0000,0x36100000)
  from space 14080K, 99% used [0x36100000,0x36ebdd88,0x36ec0000)
  to   space 17920K, 0% used [0x36ec0000,0x36ec0000,0x38040000)
 PSOldGen        total 62592K, used 62474K [0x18040000, 0x1bd60000, 0x2d5a0000)
  object space 62592K, 99% used [0x18040000,0x1bd42a08,0x1bd60000)
 PSPermGen       total 65536K, used 53032K [0x10040000, 0x14040000, 0x18040000)
  object space 65536K, 80% used [0x10040000,0x1340a2d8,0x14040000)
139.951: [Full GC [PSYoungGen: 14071K->7039K(156800K)] [PSOldGen: 62474K->62515K(94912K)] 76545K->69555K(251712K) [PSPermGen: 53032K->52913K(75520K)], 0.5247111 secs] [Times: user=0.53 sys=0.00, real=0.53 secs] 
Heap after GC invocations=29 (full 4):
 PSYoungGen      total 156800K, used 7039K [0x2d5a0000, 0x38040000, 0x38040000)
  eden space 142720K, 4% used [0x2d5a0000,0x2dc7fed8,0x36100000)
  from space 14080K, 0% used [0x36100000,0x36100000,0x36ec0000)
  to   space 17920K, 0% used [0x36ec0000,0x36ec0000,0x38040000)
 PSOldGen        total 94912K, used 62515K [0x18040000, 0x1dcf0000, 0x2d5a0000)
  object space 94912K, 65% used [0x18040000,0x1bd4ce40,0x1dcf0000)
 PSPermGen       total 75520K, used 52913K [0x10040000, 0x14a00000, 0x18040000)
  object space 75520K, 70% used [0x10040000,0x133ec7d0,0x14a00000)
}
Total time for which application threads were stopped: 0.6208683 seconds
Application time: 0.0018639 seconds
Total time for which application threads were stopped: 0.0005244 seconds
Application time: 0.0001221 seconds
Total time for which application threads were stopped: 0.0000914 seconds
Application time: 0.0038578 seconds
Total time for which application threads were stopped: 0.0023185 seconds
Application time: 0.0142205 seconds
Total time for which application threads were stopped: 0.0022008 seconds
Application time: 0.0000226 seconds
Total time for which application threads were stopped: 0.0000416 seconds
Application time: 0.0001268 seconds
Total time for which application threads were stopped: 0.0000422 seconds
Application time: 0.0000383 seconds
Total time for which application threads were stopped: 0.0005288 seconds
Application time: 0.0299066 seconds
Total time for which application threads were stopped: 0.0054887 seconds
Application time: 0.0887853 seconds
Total time for which application threads were stopped: 0.0001439 seconds
Application time: 0.0001212 seconds
Total time for which application threads were stopped: 0.0019265 seconds
Application time: 0.0104809 seconds
Total time for which application threads were stopped: 0.0001324 seconds
Application time: 0.0167949 seconds
Total time for which application threads were stopped: 0.0001601 seconds
Application time: 0.0030867 seconds
Total time for which application threads were stopped: 0.0005473 seconds
Application time: 0.0000888 seconds
Total time for which application threads were stopped: 0.0000483 seconds
Application time: 0.0049990 seconds
Total time for which application threads were stopped: 0.0000978 seconds
Application time: 0.0000539 seconds
Total time for which application threads were stopped: 0.0005529 seconds
Application time: 0.0136350 seconds
Total time for which application threads were stopped: 0.0001464 seconds
Application time: 0.0039318 seconds
Total time for which application threads were stopped: 0.0002148 seconds
Application time: 0.0026341 seconds
Total time for which application threads were stopped: 0.0001062 seconds
Application time: 0.0000285 seconds
Total time for which application threads were stopped: 0.0000539 seconds
Application time: 0.0000251 seconds
Total time for which application threads were stopped: 0.0004783 seconds
Application time: 0.9995678 seconds
Total time for which application threads were stopped: 0.0004970 seconds
Application time: 0.0976926 seconds
Total time for which application threads were stopped: 0.0001165 seconds
Application time: 4.5169657 seconds
Total time for which application threads were stopped: 0.0012002 seconds
Application time: 2.1416493 seconds
Total time for which application threads were stopped: 0.0004663 seconds
Application time: 0.0005495 seconds
Total time for which application threads were stopped: 0.0000659 seconds
Application time: 0.0008579 seconds
Total time for which application threads were stopped: 0.0000743 seconds
Application time: 0.0004193 seconds
Total time for which application threads were stopped: 0.0000411 seconds
Application time: 0.1032891 seconds
Total time for which application threads were stopped: 0.0001137 seconds
Application time: 0.8290920 seconds
Total time for which application threads were stopped: 0.0007722 seconds
Application time: 0.0604756 seconds
Total time for which application threads were stopped: 0.0001648 seconds
Application time: 0.0001048 seconds
Total time for which application threads were stopped: 0.0001081 seconds
Application time: 0.0003830 seconds
Total time for which application threads were stopped: 0.0001095 seconds
Application time: 0.8249208 seconds
Total time for which application threads were stopped: 0.0005783 seconds
Application time: 0.0022866 seconds
Total time for which application threads were stopped: 0.0001134 seconds
Application time: 0.3107948 seconds
Total time for which application threads were stopped: 0.0001869 seconds
Application time: 2.9992153 seconds
Total time for which application threads were stopped: 0.0005498 seconds
Application time: 1.6889845 seconds
Total time for which application threads were stopped: 0.0006079 seconds
Application time: 7.4688635 seconds
Total time for which application threads were stopped: 0.0006339 seconds
Application time: 0.0016902 seconds
Total time for which application threads were stopped: 0.0001210 seconds
Application time: 0.0002430 seconds
Total time for which application threads were stopped: 0.0000528 seconds
Application time: 0.0002520 seconds
Total time for which application threads were stopped: 0.0000584 seconds
Application time: 0.0001835 seconds
Total time for which application threads were stopped: 0.0000492 seconds
Application time: 0.0021852 seconds
Total time for which application threads were stopped: 0.0000969 seconds
Application time: 0.0034977 seconds
Total time for which application threads were stopped: 0.0001073 seconds
Application time: 0.0246922 seconds
Total time for which application threads were stopped: 0.0019192 seconds
Application time: 0.1684566 seconds
Total time for which application threads were stopped: 0.0002048 seconds
Application time: 0.0208728 seconds
Total time for which application threads were stopped: 0.0001238 seconds
Application time: 0.0351816 seconds
Total time for which application threads were stopped: 0.0010230 seconds
Application time: 0.0001794 seconds
Total time for which application threads were stopped: 0.0000670 seconds
Application time: 0.0009015 seconds
Total time for which application threads were stopped: 0.0000696 seconds
Application time: 0.0000419 seconds
Total time for which application threads were stopped: 0.0000617 seconds
Application time: 0.0025945 seconds
Total time for which application threads were stopped: 0.0000791 seconds
Application time: 0.0013247 seconds
Total time for which application threads were stopped: 0.0000637 seconds
Application time: 0.0002729 seconds
Total time for which application threads were stopped: 0.0000637 seconds
Application time: 0.1355320 seconds
Total time for which application threads were stopped: 0.0001299 seconds
Application time: 0.0000321 seconds
Total time for which application threads were stopped: 0.0000366 seconds
Application time: 0.0216268 seconds
Total time for which application threads were stopped: 0.0000927 seconds
Application time: 0.3646681 seconds
Total time for which application threads were stopped: 0.0004537 seconds
Application time: 0.0003235 seconds
Total time for which application threads were stopped: 0.0000765 seconds
Application time: 0.0016902 seconds
Total time for which application threads were stopped: 0.0000698 seconds
Application time: 0.0015170 seconds
Total time for which application threads were stopped: 0.0000562 seconds
Application time: 0.0000285 seconds
Total time for which application threads were stopped: 0.0000358 seconds
Application time: 0.0000629 seconds
Total time for which application threads were stopped: 0.0000662 seconds
Application time: 0.0012616 seconds
Total time for which application threads were stopped: 0.0000603 seconds
Application time: 0.0001257 seconds
Total time for which application threads were stopped: 0.0000500 seconds
Application time: 0.0000444 seconds
Total time for which application threads were stopped: 0.0000436 seconds
Application time: 0.0000282 seconds
Total time for which application threads were stopped: 0.0000419 seconds
Application time: 0.9992865 seconds
Total time for which application threads were stopped: 0.0006951 seconds
Application time: 0.1344364 seconds
Total time for which application threads were stopped: 0.0003243 seconds
Application time: 0.0015491 seconds
Total time for which application threads were stopped: 0.0001145 seconds
Application time: 0.3170889 seconds
Total time for which application threads were stopped: 0.0001324 seconds
Application time: 0.9995307 seconds
Total time for which application threads were stopped: 0.0008180 seconds
Application time: 0.7113027 seconds
Total time for which application threads were stopped: 0.0009881 seconds
Application time: 0.4008903 seconds
Total time for which application threads were stopped: 0.0001983 seconds
Application time: 0.0174179 seconds
Total time for which application threads were stopped: 0.0001478 seconds
Application time: 0.0067891 seconds
Total time for which application threads were stopped: 0.0001319 seconds
Application time: 0.0071154 seconds
Total time for which application threads were stopped: 0.0001240 seconds
Application time: 0.0068693 seconds
Total time for which application threads were stopped: 0.0002146 seconds
Application time: 1.9392512 seconds
Total time for which application threads were stopped: 0.0011940 seconds
Application time: 0.0001983 seconds
Total time for which application threads were stopped: 0.0001335 seconds
Application time: 0.0158967 seconds
Total time for which application threads were stopped: 0.0002713 seconds
Application time: 0.0064567 seconds
Total time for which application threads were stopped: 0.0001796 seconds
Application time: 0.0018896 seconds
Total time for which application threads were stopped: 0.0001690 seconds
Application time: 0.0017715 seconds
Total time for which application threads were stopped: 0.0001559 seconds
Application time: 0.1010422 seconds
Total time for which application threads were stopped: 0.0002204 seconds
Application time: 0.0000204 seconds
Total time for which application threads were stopped: 0.0000427 seconds
Application time: 0.0000207 seconds
Total time for which application threads were stopped: 0.0000486 seconds
Application time: 0.0000221 seconds
Total time for which application threads were stopped: 0.0000492 seconds
Application time: 0.0007224 seconds
Total time for which application threads were stopped: 0.0000872 seconds
Application time: 0.0029185 seconds
Total time for which application threads were stopped: 0.0001064 seconds
Application time: 0.0008331 seconds
Total time for which application threads were stopped: 0.0000866 seconds
Application time: 0.0345198 seconds
Total time for which application threads were stopped: 0.0001455 seconds
Application time: 0.0235427 seconds
Total time for which application threads were stopped: 0.0001179 seconds
Application time: 0.0573059 seconds
Total time for which application threads were stopped: 0.0001321 seconds
Application time: 0.0000316 seconds
Total time for which application threads were stopped: 0.0000486 seconds
Application time: 0.0566622 seconds
Total time for which application threads were stopped: 0.0001911 seconds
Application time: 0.0128011 seconds
Total time for which application threads were stopped: 0.0002531 seconds
Application time: 0.0400076 seconds
Total time for which application threads were stopped: 0.0023791 seconds
Application time: 0.0030387 seconds
Total time for which application threads were stopped: 0.0000958 seconds
Application time: 0.0042226 seconds
Total time for which application threads were stopped: 0.0001715 seconds
Application time: 0.0015767 seconds
Total time for which application threads were stopped: 0.0002366 seconds
Application time: 0.6416422 seconds
Total time for which application threads were stopped: 0.0008375 seconds
Application time: 0.2813522 seconds
Total time for which application threads were stopped: 0.0002310 seconds
Application time: 0.0001215 seconds
Total time for which application threads were stopped: 0.0001274 seconds
Application time: 0.0005177 seconds
Total time for which application threads were stopped: 0.0001126 seconds
Application time: 0.0163948 seconds
Total time for which application threads were stopped: 0.0002037 seconds
Application time: 0.0308953 seconds
Total time for which application threads were stopped: 0.0002031 seconds
Application time: 0.0001232 seconds
Total time for which application threads were stopped: 0.0001380 seconds
Application time: 0.0306924 seconds
Total time for which application threads were stopped: 0.0002785 seconds
Application time: 0.0116364 seconds
Total time for which application threads were stopped: 0.0002037 seconds
Application time: 0.0058661 seconds
Total time for which application threads were stopped: 0.0003048 seconds
Application time: 0.0001458 seconds
Total time for which application threads were stopped: 0.0001838 seconds
Application time: 0.0005587 seconds
Total time for which application threads were stopped: 0.0020821 seconds
Application time: 0.0445294 seconds
Total time for which application threads were stopped: 0.0001713 seconds
Application time: 0.9758405 seconds
Total time for which application threads were stopped: 0.0006370 seconds
Application time: 0.0089344 seconds
Total time for which application threads were stopped: 0.0001794 seconds
Application time: 0.5207430 seconds
Total time for which application threads were stopped: 0.0038139 seconds
Application time: 0.0005383 seconds
Total time for which application threads were stopped: 0.0002333 seconds
Application time: 0.0011362 seconds
Total time for which application threads were stopped: 0.0001145 seconds
Application time: 0.0263265 seconds
Total time for which application threads were stopped: 0.0030143 seconds
Application time: 0.0091227 seconds
Total time for which application threads were stopped: 0.0012245 seconds
Application time: 0.0035474 seconds
Total time for which application threads were stopped: 0.0003369 seconds
Application time: 0.0395802 seconds
Total time for which application threads were stopped: 0.0002187 seconds
Application time: 0.0193807 seconds
Total time for which application threads were stopped: 0.0003012 seconds
Application time: 0.0088469 seconds
Total time for which application threads were stopped: 0.0005151 seconds
Application time: 0.0009021 seconds
Total time for which application threads were stopped: 0.0001187 seconds
Application time: 0.0077560 seconds
Total time for which application threads were stopped: 0.0001542 seconds
Application time: 0.0000263 seconds
Total time for which application threads were stopped: 0.0000894 seconds
Application time: 0.0000215 seconds
Total time for which application threads were stopped: 0.0000673 seconds
Application time: 0.0310143 seconds
Total time for which application threads were stopped: 0.0001573 seconds
Application time: 0.0003984 seconds
Total time for which application threads were stopped: 0.0000704 seconds
Application time: 0.0005847 seconds
Total time for which application threads were stopped: 0.0000846 seconds
Application time: 0.0386504 seconds
Total time for which application threads were stopped: 0.0001813 seconds
Application time: 0.6669166 seconds
Total time for which application threads were stopped: 0.0005353 seconds
Application time: 0.4642450 seconds
Total time for which application threads were stopped: 0.0003291 seconds
Application time: 0.0002514 seconds
Total time for which application threads were stopped: 0.0000687 seconds
Application time: 0.0002132 seconds
Total time for which application threads were stopped: 0.0000874 seconds
Application time: 0.0031465 seconds
Total time for which application threads were stopped: 0.0001277 seconds
Application time: 0.0430426 seconds
Total time for which application threads were stopped: 0.0005696 seconds
Application time: 0.0002780 seconds
Total time for which application threads were stopped: 0.0036033 seconds
Application time: 0.0047607 seconds
Total time for which application threads were stopped: 0.0001425 seconds
Application time: 0.2515434 seconds
Total time for which application threads were stopped: 0.0001534 seconds
Application time: 0.0077457 seconds
Total time for which application threads were stopped: 0.0004744 seconds
Application time: 0.0446643 seconds
Total time for which application threads were stopped: 0.0001852 seconds
Application time: 0.0009627 seconds
Total time for which application threads were stopped: 0.0001193 seconds
Application time: 0.0012602 seconds
Total time for which application threads were stopped: 0.0005666 seconds
Application time: 0.0006537 seconds
Total time for which application threads were stopped: 0.0000930 seconds
Application time: 0.0002606 seconds
Total time for which application threads were stopped: 0.0000626 seconds
Application time: 0.9939624 seconds
Total time for which application threads were stopped: 0.0008750 seconds
Application time: 0.0002721 seconds
Total time for which application threads were stopped: 0.0000793 seconds
Application time: 0.0072180 seconds
Total time for which application threads were stopped: 0.0001321 seconds
Application time: 0.0003866 seconds
Total time for which application threads were stopped: 0.0000799 seconds
Application time: 0.0056060 seconds
Total time for which application threads were stopped: 0.0001014 seconds
Application time: 0.0047118 seconds
Total time for which application threads were stopped: 0.0001274 seconds
Application time: 0.0576674 seconds
Total time for which application threads were stopped: 0.0001598 seconds
Application time: 0.0002584 seconds
Total time for which application threads were stopped: 0.0000883 seconds
Application time: 0.0824281 seconds
Total time for which application threads were stopped: 0.0001928 seconds
Application time: 0.0047383 seconds
Total time for which application threads were stopped: 0.0001556 seconds
Application time: 0.0002914 seconds
Total time for which application threads were stopped: 0.0000531 seconds
Application time: 0.5661504 seconds
Total time for which application threads were stopped: 0.0007434 seconds
Application time: 0.2433502 seconds
Total time for which application threads were stopped: 0.0001564 seconds
Application time: 0.0003855 seconds
Total time for which application threads were stopped: 0.0000447 seconds
Application time: 0.1041269 seconds
Total time for which application threads were stopped: 0.0007009 seconds
Application time: 0.0012946 seconds
Total time for which application threads were stopped: 0.0001347 seconds
Application time: 0.0144449 seconds
Total time for which application threads were stopped: 0.0004640 seconds
Application time: 0.2355942 seconds
Total time for which application threads were stopped: 0.0008166 seconds
Application time: 0.0786617 seconds
{Heap before GC invocations=30 (full 4):
 PSYoungGen      total 156800K, used 142720K [0x2d5a0000, 0x38040000, 0x38040000)
  eden space 142720K, 100% used [0x2d5a0000,0x36100000,0x36100000)
  from space 14080K, 0% used [0x36100000,0x36100000,0x36ec0000)
  to   space 17920K, 0% used [0x36ec0000,0x36ec0000,0x38040000)
 PSOldGen        total 94912K, used 62515K [0x18040000, 0x1dcf0000, 0x2d5a0000)
  object space 94912K, 65% used [0x18040000,0x1bd4ce40,0x1dcf0000)
 PSPermGen       total 75520K, used 54328K [0x10040000, 0x14a00000, 0x18040000)
  object space 75520K, 71% used [0x10040000,0x1354e090,0x14a00000)
176.133: [GC [PSYoungGen: 142720K->15703K(144768K)] 205235K->78274K(239680K), 0.0863685 secs] [Times: user=0.19 sys=0.00, real=0.09 secs] 
Heap after GC invocations=30 (full 4):
 PSYoungGen      total 144768K, used 15703K [0x2d5a0000, 0x38040000, 0x38040000)
  eden space 126848K, 0% used [0x2d5a0000,0x2d5a0000,0x35180000)
  from space 17920K, 87% used [0x36ec0000,0x37e15c88,0x38040000)
  to   space 23936K, 0% used [0x35180000,0x35180000,0x368e0000)
 PSOldGen        total 94912K, used 62571K [0x18040000, 0x1dcf0000, 0x2d5a0000)
  object space 94912K, 65% used [0x18040000,0x1bd5ae40,0x1dcf0000)
 PSPermGen       total 75520K, used 54328K [0x10040000, 0x14a00000, 0x18040000)
  object space 75520K, 71% used [0x10040000,0x1354e090,0x14a00000)
}
Total time for which application threads were stopped: 0.0870030 seconds
Application time: 0.0043061 seconds
Total time for which application threads were stopped: 0.0009909 seconds
Application time: 0.0000556 seconds
Total time for which application threads were stopped: 0.0000556 seconds
Application time: 0.0000268 seconds
Total time for which application threads were stopped: 0.0000483 seconds
Application time: 0.0000254 seconds
Total time for which application threads were stopped: 0.0000514 seconds
Application time: 0.0000235 seconds
Total time for which application threads were stopped: 0.0000427 seconds
Application time: 0.0000221 seconds
Total time for which application threads were stopped: 0.0000483 seconds
Application time: 0.0000251 seconds
Total time for which application threads were stopped: 0.0000478 seconds
Application time: 0.0000402 seconds
Total time for which application threads were stopped: 0.0000665 seconds
Application time: 0.0031348 seconds
Total time for which application threads were stopped: 0.0001268 seconds
Application time: 0.0019047 seconds
Total time for which application threads were stopped: 0.0001481 seconds
Application time: 0.0027682 seconds
Total time for which application threads were stopped: 0.0001148 seconds
Application time: 0.0003900 seconds
Total time for which application threads were stopped: 0.0001358 seconds
Application time: 0.0025517 seconds
Total time for which application threads were stopped: 0.0001313 seconds
Application time: 0.1888687 seconds
Total time for which application threads were stopped: 0.0003447 seconds
Application time: 0.0194427 seconds
Total time for which application threads were stopped: 0.0001528 seconds
Application time: 0.0002422 seconds
Total time for which application threads were stopped: 0.0000754 seconds
Application time: 0.0252549 seconds
Total time for which application threads were stopped: 0.0001629 seconds
Application time: 1.2785681 seconds
Total time for which application threads were stopped: 0.0010093 seconds
Application time: 0.0263156 seconds
Total time for which application threads were stopped: 0.0001816 seconds
Application time: 0.0673094 seconds
Total time for which application threads were stopped: 0.0002486 seconds
Application time: 0.0009015 seconds
Total time for which application threads were stopped: 0.0001645 seconds
Application time: 0.0701192 seconds
Total time for which application threads were stopped: 0.0002274 seconds
Application time: 0.0005540 seconds
Total time for which application threads were stopped: 0.0001752 seconds
Application time: 0.0699215 seconds
Total time for which application threads were stopped: 0.0001997 seconds
Application time: 0.0006512 seconds
Total time for which application threads were stopped: 0.0000880 seconds
Application time: 0.0003850 seconds
Total time for which application threads were stopped: 0.0001676 seconds
Application time: 1.4208948 seconds
Total time for which application threads were stopped: 0.0007761 seconds
Application time: 0.0001900 seconds
Total time for which application threads were stopped: 0.0000888 seconds
Application time: 0.0538546 seconds
Total time for which application threads were stopped: 0.0001858 seconds
Application time: 0.1938126 seconds
Total time for which application threads were stopped: 0.0001947 seconds
Application time: 0.0094931 seconds
Total time for which application threads were stopped: 0.0001841 seconds
Application time: 0.0006247 seconds
Total time for which application threads were stopped: 0.0001036 seconds
Application time: 0.0007403 seconds
Total time for which application threads were stopped: 0.0005526 seconds
Application time: 0.0002271 seconds
Total time for which application threads were stopped: 0.0000802 seconds
Application time: 0.0636620 seconds
Total time for which application threads were stopped: 0.0001654 seconds
Application time: 0.5361986 seconds
Total time for which application threads were stopped: 0.0009068 seconds
Application time: 0.0391838 seconds
Total time for which application threads were stopped: 0.0006087 seconds
Application time: 2.0568324 seconds
Total time for which application threads were stopped: 0.0016703 seconds
Application time: 0.0005238 seconds
Total time for which application threads were stopped: 0.0001685 seconds
Application time: 0.0230817 seconds
Total time for which application threads were stopped: 0.0002218 seconds
Application time: 0.0006129 seconds
Total time for which application threads were stopped: 0.0001595 seconds
Application time: 0.9995279 seconds
Total time for which application threads were stopped: 0.0010381 seconds
Application time: 0.2884115 seconds
Total time for which application threads were stopped: 0.0002674 seconds
Application time: 0.0052613 seconds
Total time for which application threads were stopped: 0.0001606 seconds
Application time: 0.4924386 seconds
Total time for which application threads were stopped: 0.0008300 seconds
Application time: 0.3766423 seconds
Total time for which application threads were stopped: 0.0001894 seconds
Application time: 0.0007434 seconds
Total time for which application threads were stopped: 0.0001064 seconds
Application time: 0.0000925 seconds
Total time for which application threads were stopped: 0.0000556 seconds
Application time: 0.0003749 seconds
Total time for which application threads were stopped: 0.0000846 seconds
Application time: 0.0021844 seconds
Total time for which application threads were stopped: 0.0000997 seconds
Application time: 0.0027526 seconds
Total time for which application threads were stopped: 0.0001713 seconds
Application time: 0.0000598 seconds
Total time for which application threads were stopped: 0.0000665 seconds
Application time: 0.0006501 seconds
Total time for which application threads were stopped: 0.0001338 seconds
Application time: 0.0002891 seconds
Total time for which application threads were stopped: 0.0001218 seconds
Application time: 0.3253844 seconds
Total time for which application threads were stopped: 0.0006730 seconds
Application time: 0.0005179 seconds
Total time for which application threads were stopped: 0.0018326 seconds
Application time: 0.0293702 seconds
Total time for which application threads were stopped: 0.0001682 seconds
Application time: 0.0000589 seconds
Total time for which application threads were stopped: 0.0015133 seconds
Application time: 0.0061242 seconds
Total time for which application threads were stopped: 0.0013644 seconds
Application time: 0.0054700 seconds
Total time for which application threads were stopped: 0.0012175 seconds
Application time: 0.0078722 seconds
Total time for which application threads were stopped: 0.0001777 seconds
Application time: 0.3420569 seconds
Total time for which application threads were stopped: 0.0002405 seconds
Application time: 0.0004093 seconds
Total time for which application threads were stopped: 0.0001243 seconds
Application time: 0.5135007 seconds
Total time for which application threads were stopped: 0.0004894 seconds
Application time: 0.1411755 seconds
Total time for which application threads were stopped: 0.0002129 seconds
Application time: 0.0000411 seconds
Total time for which application threads were stopped: 0.0015474 seconds
Application time: 0.0067056 seconds
Total time for which application threads were stopped: 0.0015443 seconds
Application time: 0.0063243 seconds
Total time for which application threads were stopped: 0.0015292 seconds
Application time: 0.0064246 seconds
Total time for which application threads were stopped: 0.0015086 seconds
Application time: 0.0064438 seconds
Total time for which application threads were stopped: 0.0015698 seconds
Application time: 0.0062379 seconds
Total time for which application threads were stopped: 0.0015223 seconds
Application time: 0.0086810 seconds
Total time for which application threads were stopped: 0.0014921 seconds
Application time: 0.0059044 seconds
Total time for which application threads were stopped: 0.0001626 seconds
Application time: 0.0146689 seconds
Total time for which application threads were stopped: 0.0004012 seconds
Application time: 0.1264345 seconds
Total time for which application threads were stopped: 0.0137414 seconds
Application time: 0.0050881 seconds
Total time for which application threads were stopped: 0.0001506 seconds
Application time: 0.0498030 seconds
{Heap before GC invocations=31 (full 4):
 PSYoungGen      total 144768K, used 142551K [0x2d5a0000, 0x38040000, 0x38040000)
  eden space 126848K, 100% used [0x2d5a0000,0x35180000,0x35180000)
  from space 17920K, 87% used [0x36ec0000,0x37e15c88,0x38040000)
  to   space 23936K, 0% used [0x35180000,0x35180000,0x368e0000)
 PSOldGen        total 94912K, used 62571K [0x18040000, 0x1dcf0000, 0x2d5a0000)
  object space 94912K, 65% used [0x18040000,0x1bd5ae40,0x1dcf0000)
 PSPermGen       total 75520K, used 54411K [0x10040000, 0x14a00000, 0x18040000)
  object space 75520K, 72% used [0x10040000,0x13562cf0,0x14a00000)
186.221: [GC [PSYoungGen: 142551K->15139K(142016K)] 205122K->77710K(236928K), 0.0249546 secs] [Times: user=0.03 sys=0.00, real=0.02 secs] 
Heap after GC invocations=31 (full 4):
 PSYoungGen      total 142016K, used 15139K [0x2d5a0000, 0x38040000, 0x38040000)
  eden space 126848K, 0% used [0x2d5a0000,0x2d5a0000,0x35180000)
  from space 15168K, 99% used [0x35180000,0x36048c10,0x36050000)
  to   space 24704K, 0% used [0x36820000,0x36820000,0x38040000)
 PSOldGen        total 94912K, used 62571K [0x18040000, 0x1dcf0000, 0x2d5a0000)
  object space 94912K, 65% used [0x18040000,0x1bd5ae40,0x1dcf0000)
 PSPermGen       total 75520K, used 54411K [0x10040000, 0x14a00000, 0x18040000)
  object space 75520K, 72% used [0x10040000,0x13562cf0,0x14a00000)
}
Total time for which application threads were stopped: 0.0265696 seconds
Application time: 0.0030015 seconds
Total time for which application threads were stopped: 0.0001601 seconds
Application time: 0.0000346 seconds
Total time for which application threads were stopped: 0.0003090 seconds
Application time: 0.0005272 seconds
Total time for which application threads were stopped: 0.0000508 seconds
Application time: 0.0611949 seconds
Total time for which application threads were stopped: 0.0004987 seconds
Application time: 0.0000282 seconds
Total time for which application threads were stopped: 0.0008403 seconds
Application time: 0.0171723 seconds
Total time for which application threads were stopped: 0.0008029 seconds
Application time: 0.0027540 seconds
Total time for which application threads were stopped: 0.0006632 seconds
Application time: 0.0113607 seconds
Total time for which application threads were stopped: 0.0007208 seconds
Application time: 0.0129340 seconds
Total time for which application threads were stopped: 0.0008060 seconds
Application time: 0.0027395 seconds
Total time for which application threads were stopped: 0.0006836 seconds
Application time: 0.0172424 seconds
Total time for which application threads were stopped: 0.0008456 seconds
Application time: 0.0078926 seconds
Total time for which application threads were stopped: 0.0006805 seconds
Application time: 0.0025819 seconds
Total time for which application threads were stopped: 0.0006378 seconds
Application time: 0.0175640 seconds
Total time for which application threads were stopped: 0.0007895 seconds
Application time: 0.0027274 seconds
Total time for which application threads were stopped: 0.0006663 seconds
Application time: 0.0123801 seconds
Total time for which application threads were stopped: 0.0007833 seconds
Application time: 0.0095241 seconds
Total time for which application threads were stopped: 0.0008090 seconds
Application time: 0.0688856 seconds
Total time for which application threads were stopped: 0.0001489 seconds
Application time: 0.2118177 seconds
Total time for which application threads were stopped: 0.0001651 seconds
Application time: 0.0000539 seconds
Total time for which application threads were stopped: 0.0008445 seconds
Application time: 0.0145197 seconds
Total time for which application threads were stopped: 0.0009350 seconds
Application time: 0.0026864 seconds
Total time for which application threads were stopped: 0.0006311 seconds
Application time: 0.0113285 seconds
Total time for which application threads were stopped: 0.0007375 seconds
Application time: 0.0138822 seconds
Total time for which application threads were stopped: 0.0007529 seconds
Application time: 0.0025037 seconds
Total time for which application threads were stopped: 0.0005959 seconds
Application time: 0.0107799 seconds
Total time for which application threads were stopped: 0.0006925 seconds
Application time: 0.0168700 seconds
Total time for which application threads were stopped: 0.0008825 seconds
Application time: 0.0027825 seconds
Total time for which application threads were stopped: 0.0006708 seconds
Application time: 0.0102630 seconds
Total time for which application threads were stopped: 0.0007512 seconds
Application time: 0.0139129 seconds
Total time for which application threads were stopped: 0.0012784 seconds
Application time: 0.0027098 seconds
Total time for which application threads were stopped: 0.0006087 seconds
Application time: 0.0137942 seconds
Total time for which application threads were stopped: 0.0007180 seconds
Application time: 0.0024928 seconds
Total time for which application threads were stopped: 0.0006462 seconds
Application time: 0.0127332 seconds
Total time for which application threads were stopped: 0.0009389 seconds
Application time: 0.0129223 seconds
Total time for which application threads were stopped: 0.0008836 seconds
Application time: 0.0032043 seconds
Total time for which application threads were stopped: 0.0007057 seconds
Application time: 0.0105628 seconds
Total time for which application threads were stopped: 0.0008741 seconds
Application time: 0.0147608 seconds
Total time for which application threads were stopped: 0.0009085 seconds
Application time: 0.0028057 seconds
Total time for which application threads were stopped: 0.0006244 seconds
Application time: 0.0102396 seconds
Total time for which application threads were stopped: 0.0007177 seconds
Application time: 0.0139018 seconds
Total time for which application threads were stopped: 0.0008303 seconds
Application time: 0.0028772 seconds
Total time for which application threads were stopped: 0.0006839 seconds
Application time: 0.0160691 seconds
Total time for which application threads were stopped: 0.0007624 seconds
Application time: 0.0026305 seconds
Total time for which application threads were stopped: 0.0006059 seconds
Application time: 0.0125812 seconds
Total time for which application threads were stopped: 0.0007185 seconds
Application time: 0.0139216 seconds
Total time for which application threads were stopped: 0.0007736 seconds
Application time: 0.0024905 seconds
Total time for which application threads were stopped: 0.0006018 seconds
Application time: 0.0117166 seconds
Total time for which application threads were stopped: 0.0007118 seconds
Application time: 0.0100088 seconds
Total time for which application threads were stopped: 0.0013348 seconds
Application time: 0.0054278 seconds
Total time for which application threads were stopped: 0.0013136 seconds
Application time: 0.0133626 seconds
Total time for which application threads were stopped: 0.0014586 seconds
Application time: 0.0082740 seconds
Total time for which application threads were stopped: 0.0014703 seconds
Application time: 0.0054666 seconds
Total time for which application threads were stopped: 0.0013549 seconds
Application time: 0.0131321 seconds
Total time for which application threads were stopped: 0.0013569 seconds
Application time: 0.0083790 seconds
Total time for which application threads were stopped: 0.0013270 seconds
Application time: 0.0056770 seconds
Total time for which application threads were stopped: 0.0014139 seconds
Application time: 0.0110598 seconds
Total time for which application threads were stopped: 0.0013672 seconds
Application time: 0.0053998 seconds
Total time for which application threads were stopped: 0.0012901 seconds
Application time: 0.0053529 seconds
Total time for which application threads were stopped: 0.0012828 seconds
Application time: 0.0145127 seconds
Total time for which application threads were stopped: 0.0012870 seconds
Application time: 0.0053864 seconds
Total time for which application threads were stopped: 0.0013094 seconds
Application time: 0.0134727 seconds
Total time for which application threads were stopped: 0.0014209 seconds
Application time: 0.0092699 seconds
Total time for which application threads were stopped: 0.0013440 seconds
Application time: 0.0053479 seconds
Total time for which application threads were stopped: 0.0013342 seconds
Application time: 0.0056985 seconds
Total time for which application threads were stopped: 0.0013253 seconds
Application time: 0.0131958 seconds
Total time for which application threads were stopped: 0.0013968 seconds
Application time: 0.0056379 seconds
Total time for which application threads were stopped: 0.0014357 seconds
Application time: 0.0129653 seconds
Total time for which application threads were stopped: 0.0015091 seconds
Application time: 0.0058994 seconds
Total time for which application threads were stopped: 0.0015041 seconds
Application time: 0.0062927 seconds
Total time for which application threads were stopped: 0.0015376 seconds
Application time: 0.0058007 seconds
Total time for which application threads were stopped: 0.0015454 seconds
Application time: 0.0059421 seconds
Total time for which application threads were stopped: 0.0015603 seconds
Application time: 0.0127667 seconds
Total time for which application threads were stopped: 0.0017195 seconds
Application time: 0.0061603 seconds
Total time for which application threads were stopped: 0.0015779 seconds
Application time: 0.0062097 seconds
Total time for which application threads were stopped: 0.0016832 seconds
Application time: 0.0063896 seconds
Total time for which application threads were stopped: 0.0015189 seconds
Application time: 0.0110643 seconds
Total time for which application threads were stopped: 0.0016424 seconds
Application time: 0.0059351 seconds
Total time for which application threads were stopped: 0.0014918 seconds
Application time: 0.0072059 seconds
Total time for which application threads were stopped: 0.0015401 seconds
Application time: 0.0113788 seconds
Total time for which application threads were stopped: 0.0015457 seconds
Application time: 0.0058066 seconds
Total time for which application threads were stopped: 0.0014988 seconds
Application time: 0.0106282 seconds
Total time for which application threads were stopped: 0.0041880 seconds
Application time: 0.0029378 seconds
Total time for which application threads were stopped: 0.0007685 seconds
Application time: 0.0125644 seconds
Total time for which application threads were stopped: 0.0009482 seconds
Application time: 0.0078186 seconds
Total time for which application threads were stopped: 0.0008839 seconds
Application time: 0.0029534 seconds
Total time for which application threads were stopped: 0.0007342 seconds
Application time: 0.0110173 seconds
Total time for which application threads were stopped: 0.0008909 seconds
Application time: 0.0137182 seconds
Total time for which application threads were stopped: 0.0007981 seconds
Application time: 0.0027573 seconds
Total time for which application threads were stopped: 0.0006202 seconds
Application time: 0.0172712 seconds
Total time for which application threads were stopped: 0.0006316 seconds
Application time: 0.0081298 seconds
Total time for which application threads were stopped: 0.0007124 seconds
Application time: 0.0025973 seconds
Total time for which application threads were stopped: 0.0006104 seconds
Application time: 0.0156112 seconds
Total time for which application threads were stopped: 0.0009127 seconds
Application time: 0.0030434 seconds
Total time for which application threads were stopped: 0.0008110 seconds
Application time: 0.0127664 seconds
Total time for which application threads were stopped: 0.0007856 seconds
Application time: 0.0138381 seconds
Total time for which application threads were stopped: 0.0007258 seconds
Application time: 0.0025576 seconds
Total time for which application threads were stopped: 0.0006104 seconds
Application time: 0.0116970 seconds
Total time for which application threads were stopped: 0.0006504 seconds
Application time: 0.0100901 seconds
Total time for which application threads were stopped: 0.0006026 seconds
Application time: 0.0023682 seconds
Total time for which application threads were stopped: 0.0005772 seconds
Application time: 0.0198841 seconds
Total time for which application threads were stopped: 0.0007903 seconds
Application time: 0.0079588 seconds
Total time for which application threads were stopped: 0.0007498 seconds
Application time: 0.0024417 seconds
Total time for which application threads were stopped: 0.0006378 seconds
Application time: 0.0156844 seconds
Total time for which application threads were stopped: 0.0009225 seconds
Application time: 0.0098292 seconds
Total time for which application threads were stopped: 0.0007610 seconds
Application time: 0.0026034 seconds
Total time for which application threads were stopped: 0.0006065 seconds
Application time: 0.0119758 seconds
Total time for which application threads were stopped: 0.0002065 seconds
Application time: 0.0171139 seconds
Total time for which application threads were stopped: 0.0002000 seconds
Application time: 0.0007928 seconds
Total time for which application threads were stopped: 0.0001796 seconds
Application time: 0.0006492 seconds
Total time for which application threads were stopped: 0.0001034 seconds
Application time: 0.0010594 seconds
Total time for which application threads were stopped: 0.0002014 seconds
Application time: 0.0007937 seconds
Total time for which application threads were stopped: 0.0001489 seconds
Application time: 0.0008739 seconds
Total time for which application threads were stopped: 0.0001095 seconds
Application time: 0.0007900 seconds
Total time for which application threads were stopped: 0.0001285 seconds
Application time: 0.0009362 seconds
Total time for which application threads were stopped: 0.0001481 seconds
Application time: 0.0007375 seconds
Total time for which application threads were stopped: 0.0001151 seconds
Application time: 0.0018497 seconds
Total time for which application threads were stopped: 0.0001257 seconds
Application time: 0.0002254 seconds
Total time for which application threads were stopped: 0.0000905 seconds
Application time: 0.0082787 seconds
Total time for which application threads were stopped: 0.0001469 seconds
Application time: 0.0002542 seconds
Total time for which application threads were stopped: 0.0000475 seconds
Application time: 0.0898706 seconds
Total time for which application threads were stopped: 0.0001659 seconds
Application time: 0.0000581 seconds
Total time for which application threads were stopped: 0.0008495 seconds
Application time: 0.0145175 seconds
Total time for which application threads were stopped: 0.0009096 seconds
Application time: 0.0027400 seconds
Total time for which application threads were stopped: 0.0006451 seconds
Application time: 0.0122717 seconds
Total time for which application threads were stopped: 0.0007456 seconds
Application time: 0.0138716 seconds
Total time for which application threads were stopped: 0.0007512 seconds
Application time: 0.0025953 seconds
Total time for which application threads were stopped: 0.0006207 seconds
Application time: 0.0108288 seconds
Total time for which application threads were stopped: 0.0007479 seconds
Application time: 0.0092403 seconds
Total time for which application threads were stopped: 0.0001615 seconds
Application time: 0.0044810 seconds
Total time for which application threads were stopped: 0.0009912 seconds
Application time: 0.0029683 seconds
Total time for which application threads were stopped: 0.0006990 seconds
Application time: 0.0169438 seconds
Total time for which application threads were stopped: 0.0009239 seconds
Application time: 0.0084374 seconds
Total time for which application threads were stopped: 0.0013940 seconds
Application time: 0.0037125 seconds
Total time for which application threads were stopped: 0.0007252 seconds
Application time: 0.1543163 seconds
Total time for which application threads were stopped: 0.0069229 seconds
Application time: 0.2706621 seconds
Total time for which application threads were stopped: 0.0021000 seconds
Application time: 0.0886230 seconds
Total time for which application threads were stopped: 0.0001746 seconds
Application time: 0.0108765 seconds
Total time for which application threads were stopped: 0.0001813 seconds
Application time: 0.0004710 seconds
Total time for which application threads were stopped: 0.0000841 seconds
Application time: 0.0003294 seconds
Total time for which application threads were stopped: 0.0000595 seconds
Application time: 0.0004556 seconds
Total time for which application threads were stopped: 0.0000617 seconds
Application time: 0.0000422 seconds
Total time for which application threads were stopped: 0.0000520 seconds
Application time: 0.0001740 seconds
Total time for which application threads were stopped: 0.0000612 seconds
Application time: 0.0000461 seconds
Total time for which application threads were stopped: 0.0000701 seconds
Application time: 0.0000237 seconds
Total time for which application threads were stopped: 0.0000467 seconds
Application time: 0.0000763 seconds
Total time for which application threads were stopped: 0.0000573 seconds
Application time: 0.0001514 seconds
Total time for which application threads were stopped: 0.0000528 seconds
Application time: 0.0000196 seconds
Total time for which application threads were stopped: 0.0000486 seconds
Application time: 0.0060510 seconds
Total time for which application threads were stopped: 0.0006261 seconds
Application time: 0.0808399 seconds
Total time for which application threads were stopped: 0.0002313 seconds
Application time: 0.0073026 seconds
Total time for which application threads were stopped: 0.0011074 seconds
Application time: 0.0004470 seconds
Total time for which application threads were stopped: 0.0001042 seconds
Application time: 0.0088109 seconds
Total time for which application threads were stopped: 0.0038667 seconds
Application time: 0.0001631 seconds
Total time for which application threads were stopped: 0.0000846 seconds
Application time: 0.0524804 seconds
Total time for which application threads were stopped: 0.0036840 seconds
Application time: 0.0001939 seconds
Total time for which application threads were stopped: 0.0001212 seconds
Application time: 0.0012901 seconds
Total time for which application threads were stopped: 0.0001162 seconds
Application time: 0.0015005 seconds
Total time for which application threads were stopped: 0.0003956 seconds
Application time: 0.0073448 seconds
Total time for which application threads were stopped: 0.0006593 seconds
Application time: 0.0925822 seconds
Total time for which application threads were stopped: 0.0001704 seconds
Application time: 0.1173311 seconds
Total time for which application threads were stopped: 0.0001847 seconds
Application time: 0.0286768 seconds
Total time for which application threads were stopped: 0.0004098 seconds
Application time: 0.0960116 seconds
Total time for which application threads were stopped: 0.0001830 seconds
Application time: 0.0005182 seconds
Total time for which application threads were stopped: 0.0000643 seconds
Application time: 0.0000992 seconds
Total time for which application threads were stopped: 0.0000439 seconds
Application time: 0.0001738 seconds
Total time for which application threads were stopped: 0.0000542 seconds
Application time: 0.0001045 seconds
Total time for which application threads were stopped: 0.0000422 seconds
Application time: 0.0000682 seconds
Total time for which application threads were stopped: 0.0000564 seconds
Application time: 0.0007926 seconds
Total time for which application threads were stopped: 0.0000584 seconds
Application time: 0.0017986 seconds
Total time for which application threads were stopped: 0.0000564 seconds
Application time: 0.0003470 seconds
Total time for which application threads were stopped: 0.0000556 seconds
Application time: 0.0001333 seconds
Total time for which application threads were stopped: 0.0004774 seconds
Application time: 0.8133442 seconds
{Heap before GC invocations=32 (full 4):
 PSYoungGen      total 142016K, used 141987K [0x2d5a0000, 0x38040000, 0x38040000)
  eden space 126848K, 100% used [0x2d5a0000,0x35180000,0x35180000)
  from space 15168K, 99% used [0x35180000,0x36048c10,0x36050000)
  to   space 24704K, 0% used [0x36820000,0x36820000,0x38040000)
 PSOldGen        total 94912K, used 62571K [0x18040000, 0x1dcf0000, 0x2d5a0000)
  object space 94912K, 65% used [0x18040000,0x1bd5ae40,0x1dcf0000)
 PSPermGen       total 75520K, used 54697K [0x10040000, 0x14a00000, 0x18040000)
  object space 75520K, 72% used [0x10040000,0x135aa458,0x14a00000)
189.702: [GC [PSYoungGen: 141987K->17203K(147456K)] 204558K->79774K(242368K), 0.0285883 secs] [Times: user=0.06 sys=0.00, real=0.03 secs] 
Heap after GC invocations=32 (full 4):
 PSYoungGen      total 147456K, used 17203K [0x2d5a0000, 0x38040000, 0x38040000)
  eden space 122752K, 0% used [0x2d5a0000,0x2d5a0000,0x34d80000)
  from space 24704K, 69% used [0x36820000,0x378eccf0,0x38040000)
  to   space 25984K, 0% used [0x34d80000,0x34d80000,0x366e0000)
 PSOldGen        total 94912K, used 62571K [0x18040000, 0x1dcf0000, 0x2d5a0000)
  object space 94912K, 65% used [0x18040000,0x1bd5ae40,0x1dcf0000)
 PSPermGen       total 75520K, used 54697K [0x10040000, 0x14a00000, 0x18040000)
  object space 75520K, 72% used [0x10040000,0x135aa458,0x14a00000)
}
Total time for which application threads were stopped: 0.0294984 seconds
Application time: 0.0001520 seconds
Total time for which application threads were stopped: 0.0001411 seconds
Application time: 0.0000246 seconds
Total time for which application threads were stopped: 0.0000500 seconds
Application time: 0.0000363 seconds
Total time for which application threads were stopped: 0.0000894 seconds
Application time: 0.0000263 seconds
Total time for which application threads were stopped: 0.0000852 seconds
Application time: 0.0000249 seconds
Total time for which application threads were stopped: 0.0000598 seconds
Application time: 0.0000291 seconds
Total time for which application threads were stopped: 0.0000704 seconds
Application time: 0.0001587 seconds
Total time for which application threads were stopped: 0.0000712 seconds
Application time: 0.0000285 seconds
Total time for which application threads were stopped: 0.0000620 seconds
Application time: 0.0000240 seconds
Total time for which application threads were stopped: 0.0004299 seconds
Application time: 0.0011152 seconds
Total time for which application threads were stopped: 0.0000969 seconds
Application time: 0.1606813 seconds
Total time for which application threads were stopped: 0.0009931 seconds
Application time: 0.0413648 seconds
Total time for which application threads were stopped: 0.0001729 seconds
Application time: 0.0106346 seconds
Total time for which application threads were stopped: 0.0001947 seconds
Application time: 0.0018167 seconds
Total time for which application threads were stopped: 0.0000927 seconds
Application time: 0.0001134 seconds
Total time for which application threads were stopped: 0.0008778 seconds
Application time: 0.0050258 seconds
Total time for which application threads were stopped: 0.0004456 seconds
Application time: 0.0024199 seconds
Total time for which application threads were stopped: 0.0008811 seconds
Application time: 0.0028495 seconds
Total time for which application threads were stopped: 0.0007286 seconds
Application time: 0.0064531 seconds
Total time for which application threads were stopped: 0.0001481 seconds
Application time: 0.0111939 seconds
Total time for which application threads were stopped: 0.0003193 seconds
Application time: 0.0009688 seconds
Total time for which application threads were stopped: 0.0008797 seconds
Application time: 0.0024271 seconds
Total time for which application threads were stopped: 0.0001277 seconds
Application time: 0.0120082 seconds
Total time for which application threads were stopped: 0.0008540 seconds
Application time: 0.0349324 seconds
Total time for which application threads were stopped: 0.0003023 seconds
Application time: 0.0021235 seconds
Total time for which application threads were stopped: 0.0008238 seconds
Application time: 0.0028719 seconds
Total time for which application threads were stopped: 0.0007146 seconds
Application time: 0.0026325 seconds
Total time for which application threads were stopped: 0.0006833 seconds
Application time: 0.0687783 seconds
Total time for which application threads were stopped: 0.0003305 seconds
Application time: 0.0747212 seconds
Total time for which application threads were stopped: 0.0001685 seconds
Application time: 0.0000372 seconds
Total time for which application threads were stopped: 0.0008644 seconds
Application time: 0.0039877 seconds
Total time for which application threads were stopped: 0.0001277 seconds
Application time: 0.0000852 seconds
Total time for which application threads were stopped: 0.0000751 seconds
Application time: 0.0101493 seconds
Total time for which application threads were stopped: 0.0011633 seconds
Application time: 0.0031035 seconds
Total time for which application threads were stopped: 0.0006981 seconds
Application time: 0.0360177 seconds
Total time for which application threads were stopped: 0.0003836 seconds
Application time: 0.0018527 seconds
Total time for which application threads were stopped: 0.0010786 seconds
Application time: 0.0037957 seconds
Total time for which application threads were stopped: 0.0001766 seconds
Application time: 0.0262237 seconds
Total time for which application threads were stopped: 0.0001824 seconds
Application time: 0.0014217 seconds
Total time for which application threads were stopped: 0.0008219 seconds
Application time: 0.0115070 seconds
Total time for which application threads were stopped: 0.0006297 seconds
Application time: 0.0309618 seconds
Total time for which application threads were stopped: 0.0019497 seconds
Application time: 0.0023226 seconds
Total time for which application threads were stopped: 0.0005420 seconds
Application time: 0.0054566 seconds
Total time for which application threads were stopped: 0.0008783 seconds
Application time: 0.0016536 seconds
Total time for which application threads were stopped: 0.0001117 seconds
Application time: 0.0077186 seconds
Total time for which application threads were stopped: 0.0002053 seconds
Application time: 0.0009666 seconds
Total time for which application threads were stopped: 0.0001196 seconds
Application time: 0.0030596 seconds
Total time for which application threads were stopped: 0.0008110 seconds
Application time: 0.0006280 seconds
Total time for which application threads were stopped: 0.0001176 seconds
Application time: 0.0018798 seconds
Total time for which application threads were stopped: 0.0001090 seconds
Application time: 0.0026529 seconds
Total time for which application threads were stopped: 0.0002391 seconds
Application time: 0.1379575 seconds
Total time for which application threads were stopped: 0.0012915 seconds
Application time: 0.0048400 seconds
Total time for which application threads were stopped: 0.0015220 seconds
Application time: 0.0066662 seconds
Total time for which application threads were stopped: 0.0003813 seconds
Application time: 0.0053004 seconds
Total time for which application threads were stopped: 0.0001486 seconds
Application time: 0.0037812 seconds
Total time for which application threads were stopped: 0.0001819 seconds
Application time: 0.0086193 seconds
Total time for which application threads were stopped: 0.0013013 seconds
Application time: 0.0040273 seconds
Total time for which application threads were stopped: 0.0002565 seconds
Application time: 0.0027657 seconds
Total time for which application threads were stopped: 0.0001894 seconds
Application time: 0.0003699 seconds
Total time for which application threads were stopped: 0.0000732 seconds
Application time: 0.0003051 seconds
Total time for which application threads were stopped: 0.0000771 seconds
Application time: 0.0138330 seconds
Total time for which application threads were stopped: 0.0009680 seconds
Application time: 0.0136934 seconds
Total time for which application threads were stopped: 0.0004389 seconds
Application time: 0.1902183 seconds
Total time for which application threads were stopped: 0.0009976 seconds
Application time: 0.0071763 seconds
Total time for which application threads were stopped: 0.0017114 seconds
Application time: 0.0007169 seconds
Total time for which application threads were stopped: 0.0001260 seconds
Application time: 0.0042855 seconds
Total time for which application threads were stopped: 0.0001643 seconds
Application time: 0.0028892 seconds
Total time for which application threads were stopped: 0.0012745 seconds
Application time: 0.0152120 seconds
Total time for which application threads were stopped: 0.0011569 seconds
Application time: 0.0181707 seconds
Total time for which application threads were stopped: 0.0005428 seconds
Application time: 0.0448909 seconds
Total time for which application threads were stopped: 0.0053543 seconds
Application time: 0.0007610 seconds
Total time for which application threads were stopped: 0.0002092 seconds
Application time: 0.0004816 seconds
Total time for which application threads were stopped: 0.0008384 seconds
Application time: 0.0438550 seconds
Total time for which application threads were stopped: 0.0003805 seconds
Application time: 0.0544424 seconds
Total time for which application threads were stopped: 0.0005129 seconds
Application time: 0.2617009 seconds
Total time for which application threads were stopped: 0.0125737 seconds
Application time: 0.0025637 seconds
Total time for which application threads were stopped: 0.0002894 seconds
Application time: 0.0928084 seconds
Total time for which application threads were stopped: 0.0030850 seconds
Application time: 0.0195329 seconds
Total time for which application threads were stopped: 0.0027702 seconds
Application time: 0.0658813 seconds
Total time for which application threads were stopped: 0.0005758 seconds
Application time: 0.0486282 seconds
Total time for which application threads were stopped: 0.0002914 seconds
Application time: 0.1046161 seconds
{Heap before GC invocations=33 (full 4):
 PSYoungGen      total 147456K, used 139955K [0x2d5a0000, 0x38040000, 0x38040000)
  eden space 122752K, 100% used [0x2d5a0000,0x34d80000,0x34d80000)
  from space 24704K, 69% used [0x36820000,0x378eccf0,0x38040000)
  to   space 25984K, 0% used [0x34d80000,0x34d80000,0x366e0000)
 PSOldGen        total 94912K, used 62571K [0x18040000, 0x1dcf0000, 0x2d5a0000)
  object space 94912K, 65% used [0x18040000,0x1bd5ae40,0x1dcf0000)
 PSPermGen       total 75520K, used 54828K [0x10040000, 0x14a00000, 0x18040000)
  object space 75520K, 72% used [0x10040000,0x135cb3e0,0x14a00000)
191.581: [GC [PSYoungGen: 139955K->22838K(145600K)] 202526K->85409K(240512K), 0.0483089 secs] [Times: user=0.09 sys=0.00, real=0.05 secs] 
Heap after GC invocations=33 (full 4):
 PSYoungGen      total 145600K, used 22838K [0x2d5a0000, 0x38040000, 0x38040000)
  eden space 122752K, 0% used [0x2d5a0000,0x2d5a0000,0x34d80000)
  from space 22848K, 99% used [0x34d80000,0x363cd810,0x363d0000)
  to   space 28992K, 0% used [0x363f0000,0x363f0000,0x38040000)
 PSOldGen        total 94912K, used 62571K [0x18040000, 0x1dcf0000, 0x2d5a0000)
  object space 94912K, 65% used [0x18040000,0x1bd5ae40,0x1dcf0000)
 PSPermGen       total 75520K, used 54828K [0x10040000, 0x14a00000, 0x18040000)
  object space 75520K, 72% used [0x10040000,0x135cb3e0,0x14a00000)
}
Total time for which application threads were stopped: 0.0533783 seconds
Application time: 0.0019265 seconds
Total time for which application threads were stopped: 0.0001956 seconds
Application time: 0.0002070 seconds
Total time for which application threads were stopped: 0.0000707 seconds
Application time: 0.0010376 seconds
Total time for which application threads were stopped: 0.0014038 seconds
Application time: 0.0046123 seconds
Total time for which application threads were stopped: 0.0012546 seconds
Application time: 0.0051456 seconds
Total time for which application threads were stopped: 0.0011937 seconds
Application time: 0.0049098 seconds
Total time for which application threads were stopped: 0.0012169 seconds
Application time: 0.0048503 seconds
Total time for which application threads were stopped: 0.0013200 seconds
Application time: 0.0117926 seconds
Total time for which application threads were stopped: 0.0011482 seconds
Application time: 0.0036882 seconds
Total time for which application threads were stopped: 0.0010063 seconds
Application time: 0.0035449 seconds
Total time for which application threads were stopped: 0.0010007 seconds
Application time: 0.0035773 seconds
Total time for which application threads were stopped: 0.0010714 seconds
Application time: 0.0041949 seconds
Total time for which application threads were stopped: 0.0010462 seconds
Application time: 0.0036695 seconds
Total time for which application threads were stopped: 0.0010786 seconds
Application time: 0.0037647 seconds
Total time for which application threads were stopped: 0.0010392 seconds
Application time: 0.0559403 seconds
Total time for which application threads were stopped: 0.0013831 seconds
Application time: 0.0501022 seconds
Total time for which application threads were stopped: 0.0002559 seconds
Application time: 0.0583172 seconds
Total time for which application threads were stopped: 0.0017156 seconds
Application time: 0.0025073 seconds
Total time for which application threads were stopped: 0.0001595 seconds
Application time: 0.0019726 seconds
Total time for which application threads were stopped: 0.0013354 seconds
Application time: 0.0066503 seconds
Total time for which application threads were stopped: 0.0012641 seconds
Application time: 0.0064838 seconds
Total time for which application threads were stopped: 0.0012625 seconds
Application time: 0.0066008 seconds
Total time for which application threads were stopped: 0.0002894 seconds
Application time: 0.0095040 seconds
Total time for which application threads were stopped: 0.0013370 seconds
Application time: 0.0238905 seconds
Total time for which application threads were stopped: 0.0002752 seconds
Application time: 0.0034638 seconds
Total time for which application threads were stopped: 0.0011705 seconds
Application time: 0.0074644 seconds
Total time for which application threads were stopped: 0.0011823 seconds
Application time: 0.0001210 seconds
Total time for which application threads were stopped: 0.0000958 seconds
Application time: 0.0063137 seconds
Total time for which application threads were stopped: 0.0013125 seconds
Application time: 0.0048495 seconds
Total time for which application threads were stopped: 0.0011870 seconds
Application time: 0.0405649 seconds
Total time for which application threads were stopped: 0.0014672 seconds
Application time: 0.0055828 seconds
Total time for which application threads were stopped: 0.0013750 seconds
Application time: 0.0056868 seconds
Total time for which application threads were stopped: 0.0011932 seconds
Application time: 0.0085396 seconds
Total time for which application threads were stopped: 0.0003632 seconds
Application time: 0.0000439 seconds
Total time for which application threads were stopped: 0.0000810 seconds
Application time: 0.0052333 seconds
Total time for which application threads were stopped: 0.0012225 seconds
Application time: 0.0011046 seconds
Total time for which application threads were stopped: 0.0001525 seconds
Application time: 0.0179766 seconds
Total time for which application threads were stopped: 0.0012949 seconds
Application time: 0.0010786 seconds
Total time for which application threads were stopped: 0.0001238 seconds
Application time: 0.0069048 seconds
Total time for which application threads were stopped: 0.0003431 seconds
Application time: 0.1124528 seconds
Total time for which application threads were stopped: 0.0004392 seconds
Application time: 0.0003473 seconds
Total time for which application threads were stopped: 0.0011982 seconds
Application time: 0.0137492 seconds
Total time for which application threads were stopped: 0.0013016 seconds
Application time: 0.0047067 seconds
Total time for which application threads were stopped: 0.0012655 seconds
Application time: 0.0131810 seconds
Total time for which application threads were stopped: 0.0013239 seconds
Application time: 0.0065838 seconds
Total time for which application threads were stopped: 0.0007674 seconds
Application time: 0.0295440 seconds
Total time for which application threads were stopped: 0.0001889 seconds
Application time: 0.0276275 seconds
Total time for which application threads were stopped: 0.0005012 seconds
Application time: 0.0010015 seconds
Total time for which application threads were stopped: 0.0001327 seconds
Application time: 0.0216595 seconds
Total time for which application threads were stopped: 0.0004325 seconds
Application time: 0.0181576 seconds
Total time for which application threads were stopped: 0.0002637 seconds
Application time: 0.0153045 seconds
Total time for which application threads were stopped: 0.0041525 seconds
Application time: 0.0924715 seconds
Total time for which application threads were stopped: 0.0013516 seconds
Application time: 0.0005079 seconds
Total time for which application threads were stopped: 0.0011834 seconds
Application time: 0.0042788 seconds
Total time for which application threads were stopped: 0.0012004 seconds
Application time: 0.0040201 seconds
Total time for which application threads were stopped: 0.0010806 seconds
Application time: 0.0139196 seconds
Total time for which application threads were stopped: 0.0018262 seconds
Application time: 0.0121795 seconds
Total time for which application threads were stopped: 0.0013496 seconds
Application time: 0.0046579 seconds
Total time for which application threads were stopped: 0.0012312 seconds
Application time: 0.0204775 seconds
Total time for which application threads were stopped: 0.0013664 seconds
Application time: 0.0045592 seconds
Total time for which application threads were stopped: 0.0011177 seconds
Application time: 0.0040156 seconds
Total time for which application threads were stopped: 0.0011429 seconds
Application time: 0.0038360 seconds
Total time for which application threads were stopped: 0.0011292 seconds
Application time: 0.0038874 seconds
Total time for which application threads were stopped: 0.0011853 seconds
Application time: 0.0086274 seconds
Total time for which application threads were stopped: 0.0001615 seconds
Application time: 0.0001028 seconds
Total time for which application threads were stopped: 0.0000833 seconds
Application time: 0.0565871 seconds
Total time for which application threads were stopped: 0.0003034 seconds
Application time: 0.0142610 seconds
Total time for which application threads were stopped: 0.0002263 seconds
Application time: 0.0045785 seconds
Total time for which application threads were stopped: 0.0002302 seconds
Application time: 0.1179924 seconds
Total time for which application threads were stopped: 0.0014667 seconds
Application time: 0.0101370 seconds
Total time for which application threads were stopped: 0.0002634 seconds
Application time: 0.0144415 seconds
Total time for which application threads were stopped: 0.0001992 seconds
Application time: 0.0835045 seconds
Total time for which application threads were stopped: 0.0040969 seconds
Application time: 0.0006565 seconds
Total time for which application threads were stopped: 0.0009800 seconds
Application time: 0.1085769 seconds
Total time for which application threads were stopped: 0.0012482 seconds
Application time: 0.0164873 seconds
Total time for which application threads were stopped: 0.0004590 seconds
Application time: 0.0000232 seconds
Total time for which application threads were stopped: 0.0000662 seconds
Application time: 0.0000151 seconds
Total time for which application threads were stopped: 0.0000475 seconds
Application time: 0.0371698 seconds
Total time for which application threads were stopped: 0.0002003 seconds
Application time: 0.0003023 seconds
Total time for which application threads were stopped: 0.0000665 seconds
Application time: 0.0787891 seconds
Total time for which application threads were stopped: 0.0012217 seconds
Application time: 0.0105958 seconds
Total time for which application threads were stopped: 0.0002087 seconds
Application time: 0.0007269 seconds
Total time for which application threads were stopped: 0.0001168 seconds
Application time: 0.0007805 seconds
Total time for which application threads were stopped: 0.0001095 seconds
Application time: 0.0961178 seconds
Total time for which application threads were stopped: 0.0004864 seconds
Application time: 0.0056834 seconds
Total time for which application threads were stopped: 0.0007973 seconds
Application time: 0.0395480 seconds
Total time for which application threads were stopped: 0.0002042 seconds
Application time: 0.0005333 seconds
Total time for which application threads were stopped: 0.0001031 seconds
Application time: 0.0006853 seconds
Total time for which application threads were stopped: 0.0001131 seconds
Application time: 0.0023718 seconds
Total time for which application threads were stopped: 0.0007194 seconds
Application time: 0.0685811 seconds
Total time for which application threads were stopped: 0.0011739 seconds
Application time: 0.0651463 seconds
Total time for which application threads were stopped: 0.0047752 seconds
Application time: 0.0253236 seconds
Total time for which application threads were stopped: 0.0057136 seconds
Application time: 0.0419531 seconds
{Heap before GC invocations=34 (full 4):
 PSYoungGen      total 145600K, used 145590K [0x2d5a0000, 0x38040000, 0x38040000)
  eden space 122752K, 100% used [0x2d5a0000,0x34d80000,0x34d80000)
  from space 22848K, 99% used [0x34d80000,0x363cd810,0x363d0000)
  to   space 28992K, 0% used [0x363f0000,0x363f0000,0x38040000)
 PSOldGen        total 94912K, used 62571K [0x18040000, 0x1dcf0000, 0x2d5a0000)
  object space 94912K, 65% used [0x18040000,0x1bd5ae40,0x1dcf0000)
 PSPermGen       total 75520K, used 54917K [0x10040000, 0x14a00000, 0x18040000)
  object space 75520K, 72% used [0x10040000,0x135e1680,0x14a00000)
193.467: [GC [PSYoungGen: 145590K->17493K(144832K)] 208161K->98087K(239744K), 0.0837827 secs] [Times: user=0.14 sys=0.02, real=0.09 secs] 
Heap after GC invocations=34 (full 4):
 PSYoungGen      total 144832K, used 17493K [0x2d5a0000, 0x38040000, 0x38040000)
  eden space 115840K, 0% used [0x2d5a0000,0x2d5a0000,0x346c0000)
  from space 28992K, 60% used [0x363f0000,0x375055c8,0x38040000)
  to   space 29440K, 0% used [0x346c0000,0x346c0000,0x36380000)
 PSOldGen        total 94912K, used 80593K [0x18040000, 0x1dcf0000, 0x2d5a0000)
  object space 94912K, 84% used [0x18040000,0x1cef47a8,0x1dcf0000)
 PSPermGen       total 75520K, used 54917K [0x10040000, 0x14a00000, 0x18040000)
  object space 75520K, 72% used [0x10040000,0x135e1680,0x14a00000)
}
{Heap before GC invocations=35 (full 5):
 PSYoungGen      total 144832K, used 17493K [0x2d5a0000, 0x38040000, 0x38040000)
  eden space 115840K, 0% used [0x2d5a0000,0x2d5a0000,0x346c0000)
  from space 28992K, 60% used [0x363f0000,0x375055c8,0x38040000)
  to   space 29440K, 0% used [0x346c0000,0x346c0000,0x36380000)
 PSOldGen        total 94912K, used 80593K [0x18040000, 0x1dcf0000, 0x2d5a0000)
  object space 94912K, 84% used [0x18040000,0x1cef47a8,0x1dcf0000)
 PSPermGen       total 75520K, used 54917K [0x10040000, 0x14a00000, 0x18040000)
  object space 75520K, 72% used [0x10040000,0x135e1680,0x14a00000)
193.551: [Full GC [PSYoungGen: 17493K->0K(144832K)] [PSOldGen: 80593K->82569K(120960K)] 98087K->82569K(265792K) [PSPermGen: 54917K->54917K(78848K)], 0.5068359 secs] [Times: user=0.50 sys=0.00, real=0.50 secs] 
Heap after GC invocations=35 (full 5):
 PSYoungGen      total 144832K, used 0K [0x2d5a0000, 0x38040000, 0x38040000)
  eden space 115840K, 0% used [0x2d5a0000,0x2d5a0000,0x346c0000)
  from space 28992K, 0% used [0x363f0000,0x363f0000,0x38040000)
  to   space 29440K, 0% used [0x346c0000,0x346c0000,0x36380000)
 PSOldGen        total 120960K, used 82569K [0x18040000, 0x1f660000, 0x2d5a0000)
  object space 120960K, 68% used [0x18040000,0x1d0e2448,0x1f660000)
 PSPermGen       total 78848K, used 54917K [0x10040000, 0x14d40000, 0x18040000)
  object space 78848K, 69% used [0x10040000,0x135e1680,0x14d40000)
}
Total time for which application threads were stopped: 0.6000006 seconds
Application time: 0.0008987 seconds
Total time for which application threads were stopped: 0.0012577 seconds
Application time: 0.0204638 seconds
Total time for which application threads were stopped: 0.0048392 seconds
Application time: 0.0051110 seconds
Total time for which application threads were stopped: 0.0070610 seconds
Application time: 0.0016541 seconds
Total time for which application threads were stopped: 0.0013144 seconds
Application time: 0.1299671 seconds
Total time for which application threads were stopped: 0.0068037 seconds
Application time: 0.0116140 seconds
Total time for which application threads were stopped: 0.0045439 seconds
Application time: 0.3193688 seconds
Total time for which application threads were stopped: 0.0006280 seconds
Application time: 0.0000927 seconds
Total time for which application threads were stopped: 0.0013750 seconds
Application time: 0.0050979 seconds
Total time for which application threads were stopped: 0.0012035 seconds
Application time: 0.0043626 seconds
Total time for which application threads were stopped: 0.0012923 seconds
Application time: 0.0039287 seconds
Total time for which application threads were stopped: 0.0011566 seconds
Application time: 0.0037502 seconds
Total time for which application threads were stopped: 0.0013586 seconds
Application time: 0.0037960 seconds
Total time for which application threads were stopped: 0.0011647 seconds
Application time: 0.0057689 seconds
Total time for which application threads were stopped: 0.0012443 seconds
Application time: 0.0117252 seconds
Total time for which application threads were stopped: 0.0012879 seconds
Application time: 0.0038388 seconds
Total time for which application threads were stopped: 0.0012259 seconds
Application time: 0.0037206 seconds
Total time for which application threads were stopped: 0.0012630 seconds
Application time: 0.0113961 seconds
Total time for which application threads were stopped: 0.0014125 seconds
Application time: 0.0041600 seconds
Total time for which application threads were stopped: 0.0013211 seconds
Application time: 0.0044830 seconds
Total time for which application threads were stopped: 0.0012214 seconds
Application time: 0.0047246 seconds
Total time for which application threads were stopped: 0.0011647 seconds
Application time: 0.0036767 seconds
Total time for which application threads were stopped: 0.0011314 seconds
Application time: 0.0045067 seconds
Total time for which application threads were stopped: 0.0012518 seconds
Application time: 0.0047095 seconds
Total time for which application threads were stopped: 0.0012851 seconds
Application time: 0.0038413 seconds
Total time for which application threads were stopped: 0.0011552 seconds
Application time: 0.0053213 seconds
Total time for which application threads were stopped: 0.0013180 seconds
Application time: 0.0064329 seconds
Total time for which application threads were stopped: 0.0013284 seconds
Application time: 0.0100312 seconds
Total time for which application threads were stopped: 0.0001863 seconds
Application time: 0.0592366 seconds
Total time for which application threads were stopped: 0.0002637 seconds
Application time: 0.0469666 seconds
Total time for which application threads were stopped: 0.0002453 seconds
Application time: 0.0167985 seconds
Total time for which application threads were stopped: 0.0008389 seconds
Application time: 0.0285324 seconds
Total time for which application threads were stopped: 0.0002542 seconds
Application time: 0.0014521 seconds
Total time for which application threads were stopped: 0.0004017 seconds
Application time: 0.0080689 seconds
Total time for which application threads were stopped: 0.0002031 seconds
Application time: 0.0183398 seconds
Total time for which application threads were stopped: 0.0002338 seconds
Application time: 0.0011278 seconds
Total time for which application threads were stopped: 0.0001612 seconds
Application time: 0.0686311 seconds
Total time for which application threads were stopped: 0.0006347 seconds
Application time: 0.0067282 seconds
Total time for which application threads were stopped: 0.0001967 seconds
Application time: 0.0054887 seconds
Total time for which application threads were stopped: 0.0002319 seconds
Application time: 0.0129924 seconds
Total time for which application threads were stopped: 0.0012750 seconds
Application time: 0.0052255 seconds
Total time for which application threads were stopped: 0.0003196 seconds
Application time: 0.0001095 seconds
Total time for which application threads were stopped: 0.0001886 seconds
Application time: 0.0295071 seconds
Total time for which application threads were stopped: 0.0003769 seconds
Application time: 0.0288288 seconds
Total time for which application threads were stopped: 0.0002567 seconds
Application time: 0.0264978 seconds
Total time for which application threads were stopped: 0.0006448 seconds
Application time: 0.0005383 seconds
Total time for which application threads were stopped: 0.0001204 seconds
Application time: 0.0237896 seconds
Total time for which application threads were stopped: 0.0004875 seconds
Application time: 0.0525961 seconds
Total time for which application threads were stopped: 0.0017513 seconds
Application time: 0.1504501 seconds
Total time for which application threads were stopped: 0.0064919 seconds
Application time: 0.0067944 seconds
Total time for which application threads were stopped: 0.0050043 seconds
Application time: 0.0000489 seconds
Total time for which application threads were stopped: 0.0001168 seconds
Application time: 0.0012781 seconds
Total time for which application threads were stopped: 0.0001556 seconds
Application time: 0.0003623 seconds
Total time for which application threads were stopped: 0.0001221 seconds
Application time: 0.0000735 seconds
Total time for which application threads were stopped: 0.0000763 seconds
Application time: 0.0121633 seconds
Total time for which application threads were stopped: 0.0062838 seconds
Application time: 0.0240687 seconds
Total time for which application threads were stopped: 0.0063069 seconds
Application time: 0.0438223 seconds
Total time for which application threads were stopped: 0.0073163 seconds
Application time: 0.1490499 seconds
Total time for which application threads were stopped: 0.0022564 seconds
Application time: 0.0063779 seconds
Total time for which application threads were stopped: 0.0004132 seconds
Application time: 0.0321513 seconds
Total time for which application threads were stopped: 0.0232789 seconds
Application time: 0.0443020 seconds
Total time for which application threads were stopped: 0.0006920 seconds
Application time: 0.0431753 seconds
Total time for which application threads were stopped: 0.0060938 seconds
Application time: 0.0430828 seconds
Total time for which application threads were stopped: 0.0007906 seconds
Application time: 0.0414483 seconds
Total time for which application threads were stopped: 0.0002679 seconds
Application time: 0.0050702 seconds
Total time for which application threads were stopped: 0.0002729 seconds
Application time: 0.0445029 seconds
Total time for which application threads were stopped: 0.0044022 seconds
Application time: 0.0005724 seconds
Total time for which application threads were stopped: 0.0002520 seconds
Application time: 0.0026333 seconds
Total time for which application threads were stopped: 0.0050437 seconds
Application time: 0.0002274 seconds
Total time for which application threads were stopped: 0.0000947 seconds
Application time: 0.0008102 seconds
Total time for which application threads were stopped: 0.0001285 seconds
Application time: 0.0323569 seconds
Total time for which application threads were stopped: 0.0009406 seconds
Application time: 0.0084148 seconds
Total time for which application threads were stopped: 0.0002157 seconds
Application time: 0.0829622 seconds
Total time for which application threads were stopped: 0.0002978 seconds
Application time: 0.0173514 seconds
Total time for which application threads were stopped: 0.0002743 seconds
Application time: 0.0004501 seconds
Total time for which application threads were stopped: 0.0001291 seconds
Application time: 0.0001676 seconds
Total time for which application threads were stopped: 0.0017463 seconds
Application time: 0.0070610 seconds
Total time for which application threads were stopped: 0.0010772 seconds
Application time: 0.0126368 seconds
Total time for which application threads were stopped: 0.0002545 seconds
Application time: 0.0831164 seconds
Total time for which application threads were stopped: 0.0016351 seconds
Application time: 0.0072867 seconds
Total time for which application threads were stopped: 0.0003160 seconds
Application time: 0.0481536 seconds
Total time for which application threads were stopped: 0.0061631 seconds
Application time: 0.0047861 seconds
Total time for which application threads were stopped: 0.0002400 seconds
Application time: 0.0522203 seconds
Total time for which application threads were stopped: 0.0117442 seconds
Application time: 0.0491914 seconds
Total time for which application threads were stopped: 0.0002037 seconds
Application time: 0.0348366 seconds
Total time for which application threads were stopped: 0.0010904 seconds
Application time: 0.0599741 seconds
Total time for which application threads were stopped: 0.0002637 seconds
Application time: 0.0002919 seconds
Total time for which application threads were stopped: 0.0000819 seconds
Application time: 0.0016354 seconds
Total time for which application threads were stopped: 0.0001408 seconds
Application time: 0.0031121 seconds
Total time for which application threads were stopped: 0.0013750 seconds
Application time: 0.0012845 seconds
Total time for which application threads were stopped: 0.0008638 seconds
Application time: 0.0056097 seconds
Total time for which application threads were stopped: 0.0003959 seconds
Application time: 0.0728735 seconds
Total time for which application threads were stopped: 0.0003562 seconds
Application time: 0.0102100 seconds
Total time for which application threads were stopped: 0.0059468 seconds
Application time: 0.0040307 seconds
Total time for which application threads were stopped: 0.0002196 seconds
Application time: 0.0001718 seconds
Total time for which application threads were stopped: 0.0000841 seconds
Application time: 0.0001439 seconds
Total time for which application threads were stopped: 0.0000961 seconds
Application time: 0.0143138 seconds
Total time for which application threads were stopped: 0.0003517 seconds
Application time: 0.0101893 seconds
Total time for which application threads were stopped: 0.0002766 seconds
Application time: 0.0030811 seconds
Total time for which application threads were stopped: 0.0001416 seconds
Application time: 0.0019352 seconds
Total time for which application threads were stopped: 0.0001453 seconds
Application time: 0.0569785 seconds
{Heap before GC invocations=36 (full 5):
 PSYoungGen      total 144832K, used 115840K [0x2d5a0000, 0x38040000, 0x38040000)
  eden space 115840K, 100% used [0x2d5a0000,0x346c0000,0x346c0000)
  from space 28992K, 0% used [0x363f0000,0x363f0000,0x38040000)
  to   space 29440K, 0% used [0x346c0000,0x346c0000,0x36380000)
 PSOldGen        total 120960K, used 82569K [0x18040000, 0x1f660000, 0x2d5a0000)
  object space 120960K, 68% used [0x18040000,0x1d0e2448,0x1f660000)
 PSPermGen       total 78848K, used 55017K [0x10040000, 0x14d40000, 0x18040000)
  object space 78848K, 69% used [0x10040000,0x135fa7c0,0x14d40000)
196.613: [GC [PSYoungGen: 115840K->9292K(125184K)] 198409K->91861K(246144K), 0.0357677 secs] [Times: user=0.06 sys=0.00, real=0.03 secs] 
Heap after GC invocations=36 (full 5):
 PSYoungGen      total 125184K, used 9292K [0x2d5a0000, 0x37e50000, 0x38040000)
  eden space 115840K, 0% used [0x2d5a0000,0x2d5a0000,0x346c0000)
  from space 9344K, 99% used [0x346c0000,0x34fd3090,0x34fe0000)
  to   space 28224K, 0% used [0x362c0000,0x362c0000,0x37e50000)
 PSOldGen        total 120960K, used 82569K [0x18040000, 0x1f660000, 0x2d5a0000)
  object space 120960K, 68% used [0x18040000,0x1d0e2448,0x1f660000)
 PSPermGen       total 78848K, used 55017K [0x10040000, 0x14d40000, 0x18040000)
  object space 78848K, 69% used [0x10040000,0x135fa7c0,0x14d40000)
}
Total time for which application threads were stopped: 0.0365692 seconds
Application time: 0.0002006 seconds
Total time for which application threads were stopped: 0.0008325 seconds
Application time: 0.0001609 seconds
Total time for which application threads were stopped: 0.0000849 seconds
Application time: 0.0000207 seconds
Total time for which application threads were stopped: 0.0000693 seconds
Application time: 0.0300999 seconds
Total time for which application threads were stopped: 0.0002411 seconds
Application time: 0.0081781 seconds
Total time for which application threads were stopped: 0.0002559 seconds
Application time: 0.0033538 seconds
Total time for which application threads were stopped: 0.0003372 seconds
Application time: 0.0432214 seconds
Total time for which application threads were stopped: 0.0127075 seconds
Application time: 0.0101655 seconds
Total time for which application threads were stopped: 0.0001944 seconds
Application time: 0.0035063 seconds
Total time for which application threads were stopped: 0.0008663 seconds
Application time: 0.0000299 seconds
Total time for which application threads were stopped: 0.0005920 seconds
Application time: 0.0029361 seconds
Total time for which application threads were stopped: 0.0023366 seconds
Application time: 0.0150078 seconds
Total time for which application threads were stopped: 0.0010521 seconds
Application time: 0.0269168 seconds
Total time for which application threads were stopped: 0.0032993 seconds
Application time: 0.0133780 seconds
Total time for which application threads were stopped: 0.0007845 seconds
Application time: 0.0041139 seconds
Total time for which application threads were stopped: 0.0001749 seconds
Application time: 0.0015566 seconds
Total time for which application threads were stopped: 0.0001517 seconds
Application time: 0.0015555 seconds
Total time for which application threads were stopped: 0.0001207 seconds
Application time: 0.0002500 seconds
Total time for which application threads were stopped: 0.0000710 seconds
Application time: 0.0000969 seconds
Total time for which application threads were stopped: 0.0000771 seconds
Application time: 0.0000855 seconds
Total time for which application threads were stopped: 0.0003894 seconds
Application time: 0.0001076 seconds
Total time for which application threads were stopped: 0.0000765 seconds
Application time: 0.0088735 seconds
Total time for which application threads were stopped: 0.0005179 seconds
Application time: 0.0105240 seconds
Total time for which application threads were stopped: 0.0010124 seconds
Application time: 0.0324156 seconds
Total time for which application threads were stopped: 0.0002486 seconds
Application time: 0.0037077 seconds
Total time for which application threads were stopped: 0.0002020 seconds
Application time: 0.0004266 seconds
Total time for which application threads were stopped: 0.0000902 seconds
Application time: 0.0229691 seconds
Total time for which application threads were stopped: 0.0058608 seconds
Application time: 0.0002782 seconds
Total time for which application threads were stopped: 0.0001159 seconds
Application time: 0.0468166 seconds
Total time for which application threads were stopped: 0.0002648 seconds
Application time: 0.0120082 seconds
Total time for which application threads were stopped: 0.0003056 seconds
Application time: 0.0014077 seconds
Total time for which application threads were stopped: 0.0008624 seconds
Application time: 0.0153148 seconds
Total time for which application threads were stopped: 0.0012029 seconds
Application time: 0.0005917 seconds
Total time for which application threads were stopped: 0.0001307 seconds
Application time: 0.0034253 seconds
Total time for which application threads were stopped: 0.0001738 seconds
Application time: 0.0006241 seconds
Total time for which application threads were stopped: 0.0001218 seconds
Application time: 0.0028484 seconds
Total time for which application threads were stopped: 0.0001757 seconds
Application time: 0.0038513 seconds
Total time for which application threads were stopped: 0.0001978 seconds
Application time: 0.0053035 seconds
Total time for which application threads were stopped: 0.0001880 seconds
Application time: 0.0013510 seconds
Total time for which application threads were stopped: 0.0007942 seconds
Application time: 0.0003380 seconds
Total time for which application threads were stopped: 0.0006205 seconds
Application time: 0.0048473 seconds
Total time for which application threads were stopped: 0.0002254 seconds
Application time: 0.0069174 seconds
Total time for which application threads were stopped: 0.0002014 seconds
Application time: 0.0021746 seconds
Total time for which application threads were stopped: 0.0001746 seconds
Application time: 0.0419844 seconds
Total time for which application threads were stopped: 0.0010124 seconds
Application time: 0.0398777 seconds
Total time for which application threads were stopped: 0.0012893 seconds
Application time: 0.0012627 seconds
Total time for which application threads were stopped: 0.0001539 seconds
Application time: 0.0195103 seconds
Total time for which application threads were stopped: 0.0003906 seconds
Application time: 0.0111528 seconds
Total time for which application threads were stopped: 0.0003039 seconds
Application time: 0.0288308 seconds
Total time for which application threads were stopped: 0.0002660 seconds
Application time: 0.0107095 seconds
Total time for which application threads were stopped: 0.0011130 seconds
Application time: 0.0019662 seconds
Total time for which application threads were stopped: 0.0010390 seconds
Application time: 0.0006258 seconds
Total time for which application threads were stopped: 0.0001388 seconds
Application time: 0.0062656 seconds
Total time for which application threads were stopped: 0.0009619 seconds
Application time: 0.0072319 seconds
Total time for which application threads were stopped: 0.0002470 seconds
Application time: 0.0190527 seconds
Total time for which application threads were stopped: 0.0002573 seconds
Application time: 0.0079365 seconds
Total time for which application threads were stopped: 0.0003556 seconds
Application time: 0.0010999 seconds
Total time for which application threads were stopped: 0.0001497 seconds
Application time: 0.0046836 seconds
Total time for which application threads were stopped: 0.0007900 seconds
Application time: 0.0194667 seconds
Total time for which application threads were stopped: 0.0077934 seconds
Application time: 0.0067897 seconds
Total time for which application threads were stopped: 0.0002372 seconds
Application time: 0.0005149 seconds
Total time for which application threads were stopped: 0.0005786 seconds
Application time: 0.0012309 seconds
Total time for which application threads were stopped: 0.0001687 seconds
Application time: 0.0055731 seconds
Total time for which application threads were stopped: 0.0002620 seconds
Application time: 0.0021550 seconds
Total time for which application threads were stopped: 0.0001517 seconds
Application time: 0.0094967 seconds
Total time for which application threads were stopped: 0.0013546 seconds
Application time: 0.0060860 seconds
Total time for which application threads were stopped: 0.0002685 seconds
Application time: 0.0100138 seconds
Total time for which application threads were stopped: 0.0022059 seconds
Application time: 0.0023950 seconds
Total time for which application threads were stopped: 0.0004640 seconds
Application time: 0.0137763 seconds
Total time for which application threads were stopped: 0.0010281 seconds
Application time: 0.0012773 seconds
Total time for which application threads were stopped: 0.0001313 seconds
Application time: 0.0008350 seconds
Total time for which application threads were stopped: 0.0001028 seconds
Application time: 0.0115283 seconds
Total time for which application threads were stopped: 0.0002738 seconds
Application time: 0.0059105 seconds
Total time for which application threads were stopped: 0.0013446 seconds
Application time: 0.0114702 seconds
Total time for which application threads were stopped: 0.0006445 seconds
Application time: 0.0002232 seconds
Total time for which application threads were stopped: 0.0001249 seconds
Application time: 0.0029386 seconds
Total time for which application threads were stopped: 0.0002282 seconds
Application time: 0.0084888 seconds
Total time for which application threads were stopped: 0.0003299 seconds
Application time: 0.0103756 seconds
Total time for which application threads were stopped: 0.0002771 seconds
Application time: 0.0541122 seconds
Total time for which application threads were stopped: 0.0015765 seconds
Application time: 0.0016686 seconds
Total time for which application threads were stopped: 0.0001542 seconds
Application time: 0.0133349 seconds
Total time for which application threads were stopped: 0.0322097 seconds
Application time: 0.0062603 seconds
Total time for which application threads were stopped: 0.0013619 seconds
Application time: 0.0202347 seconds
Total time for which application threads were stopped: 0.0010406 seconds
Application time: 0.0081077 seconds
Total time for which application threads were stopped: 0.0003079 seconds
Application time: 0.0065749 seconds
Total time for which application threads were stopped: 0.0002741 seconds
Application time: 0.0025310 seconds
Total time for which application threads were stopped: 0.0002260 seconds
Application time: 0.0005585 seconds
Total time for which application threads were stopped: 0.0001550 seconds
Application time: 0.0020042 seconds
Total time for which application threads were stopped: 0.0002327 seconds
Application time: 0.0081164 seconds
Total time for which application threads were stopped: 0.0004799 seconds
Application time: 0.0000511 seconds
Total time for which application threads were stopped: 0.0000894 seconds
Application time: 0.0029177 seconds
Total time for which application threads were stopped: 0.0001970 seconds
Application time: 0.0576023 seconds
Total time for which application threads were stopped: 0.0021226 seconds
Application time: 0.0034901 seconds
Total time for which application threads were stopped: 0.0002238 seconds
Application time: 0.0097722 seconds
Total time for which application threads were stopped: 0.0002274 seconds
Application time: 0.0006590 seconds
Total time for which application threads were stopped: 0.0001117 seconds
Application time: 0.0128606 seconds
Total time for which application threads were stopped: 0.0002813 seconds
Application time: 0.0009915 seconds
Total time for which application threads were stopped: 0.0001780 seconds
Application time: 0.0080505 seconds
Total time for which application threads were stopped: 0.0002489 seconds
Application time: 0.0004732 seconds
Total time for which application threads were stopped: 0.0000997 seconds
Application time: 0.0000587 seconds
Total time for which application threads were stopped: 0.0001143 seconds
Application time: 0.0169242 seconds
Total time for which application threads were stopped: 0.0002506 seconds
Application time: 0.0429108 seconds
Total time for which application threads were stopped: 0.0005995 seconds
Application time: 0.0029375 seconds
Total time for which application threads were stopped: 0.0001819 seconds
Application time: 0.0007836 seconds
Total time for which application threads were stopped: 0.0001347 seconds
Application time: 0.0009940 seconds
Total time for which application threads were stopped: 0.0008646 seconds
Application time: 0.0132360 seconds
Total time for which application threads were stopped: 0.0002400 seconds
Application time: 0.0044422 seconds
Total time for which application threads were stopped: 0.0002816 seconds
Application time: 0.0000475 seconds
Total time for which application threads were stopped: 0.0000785 seconds
Application time: 0.0028520 seconds
Total time for which application threads were stopped: 0.0001640 seconds
Application time: 0.0018533 seconds
Total time for which application threads were stopped: 0.0001740 seconds
Application time: 0.0110486 seconds
Total time for which application threads were stopped: 0.0007710 seconds
Application time: 0.0002215 seconds
Total time for which application threads were stopped: 0.0001436 seconds
Application time: 0.0391268 seconds
Total time for which application threads were stopped: 0.0002780 seconds
Application time: 0.0000835 seconds
Total time for which application threads were stopped: 0.0004366 seconds
Application time: 0.0015270 seconds
Total time for which application threads were stopped: 0.0001422 seconds
Application time: 0.0016287 seconds
Total time for which application threads were stopped: 0.0001279 seconds
Application time: 0.0017114 seconds
Total time for which application threads were stopped: 0.0001151 seconds
Application time: 0.0012312 seconds
Total time for which application threads were stopped: 0.0001310 seconds
Application time: 0.0014267 seconds
Total time for which application threads were stopped: 0.0001011 seconds
Application time: 0.0014019 seconds
Total time for which application threads were stopped: 0.0000883 seconds
Application time: 0.0007493 seconds
Total time for which application threads were stopped: 0.0001221 seconds
Application time: 0.0000855 seconds
Total time for which application threads were stopped: 0.0000774 seconds
Application time: 0.0002690 seconds
Total time for which application threads were stopped: 0.0000922 seconds
Application time: 0.1326590 seconds
Total time for which application threads were stopped: 0.0011110 seconds
Application time: 0.0732082 seconds
Total time for which application threads were stopped: 0.0002489 seconds
Application time: 0.0105851 seconds
Total time for which application threads were stopped: 0.0002254 seconds
Application time: 0.0052258 seconds
Total time for which application threads were stopped: 0.0002394 seconds
Application time: 0.2171354 seconds
{Heap before GC invocations=37 (full 5):
 PSYoungGen      total 125184K, used 125132K [0x2d5a0000, 0x37e50000, 0x38040000)
  eden space 115840K, 100% used [0x2d5a0000,0x346c0000,0x346c0000)
  from space 9344K, 99% used [0x346c0000,0x34fd3090,0x34fe0000)
  to   space 28224K, 0% used [0x362c0000,0x362c0000,0x37e50000)
 PSOldGen        total 120960K, used 82569K [0x18040000, 0x1f660000, 0x2d5a0000)
  object space 120960K, 68% used [0x18040000,0x1d0e2448,0x1f660000)
 PSPermGen       total 78848K, used 55078K [0x10040000, 0x14d40000, 0x18040000)
  object space 78848K, 69% used [0x10040000,0x13609b08,0x14d40000)
198.258: [GC [PSYoungGen: 125132K->8180K(145472K)] 207701K->99760K(266432K), 0.0653091 secs] [Times: user=0.11 sys=0.01, real=0.06 secs] 
Heap after GC invocations=37 (full 5):
 PSYoungGen      total 145472K, used 8180K [0x2d5a0000, 0x38040000, 0x38040000)
  eden space 117248K, 0% used [0x2d5a0000,0x2d5a0000,0x34820000)
  from space 28224K, 28% used [0x362c0000,0x36abd368,0x37e50000)
  to   space 27264K, 0% used [0x34820000,0x34820000,0x362c0000)
 PSOldGen        total 120960K, used 91579K [0x18040000, 0x1f660000, 0x2d5a0000)
  object space 120960K, 75% used [0x18040000,0x1d9aede0,0x1f660000)
 PSPermGen       total 78848K, used 55078K [0x10040000, 0x14d40000, 0x18040000)
  object space 78848K, 69% used [0x10040000,0x13609b08,0x14d40000)
}
Total time for which application threads were stopped: 0.0658690 seconds
Application time: 0.1126300 seconds
Total time for which application threads were stopped: 0.0006467 seconds
Application time: 0.1630079 seconds
Total time for which application threads were stopped: 0.0003436 seconds
Application time: 0.0035658 seconds
Total time for which application threads were stopped: 0.0002486 seconds
Application time: 0.0510266 seconds
Total time for which application threads were stopped: 0.0003676 seconds
Application time: 0.0031901 seconds
Total time for which application threads were stopped: 0.0002405 seconds
Application time: 0.9992172 seconds
Total time for which application threads were stopped: 0.0008733 seconds
Application time: 0.1009017 seconds
Total time for which application threads were stopped: 0.0003252 seconds
Application time: 0.2763209 seconds
Total time for which application threads were stopped: 0.0002861 seconds
Application time: 0.1591146 seconds
Total time for which application threads were stopped: 0.0008082 seconds
Application time: 0.0921070 seconds
{Heap before GC invocations=38 (full 5):
 PSYoungGen      total 145472K, used 125428K [0x2d5a0000, 0x38040000, 0x38040000)
  eden space 117248K, 100% used [0x2d5a0000,0x34820000,0x34820000)
  from space 28224K, 28% used [0x362c0000,0x36abd368,0x37e50000)
  to   space 27264K, 0% used [0x34820000,0x34820000,0x362c0000)
 PSOldGen        total 120960K, used 91579K [0x18040000, 0x1f660000, 0x2d5a0000)
  object space 120960K, 75% used [0x18040000,0x1d9aede0,0x1f660000)
 PSPermGen       total 78848K, used 55090K [0x10040000, 0x14d40000, 0x18040000)
  object space 78848K, 69% used [0x10040000,0x1360c830,0x14d40000)
200.289: [GC [PSYoungGen: 125428K->1920K(144512K)] 217008K->101438K(265472K), 0.0413586 secs] [Times: user=0.09 sys=0.00, real=0.05 secs] 
Heap after GC invocations=38 (full 5):
 PSYoungGen      total 144512K, used 1920K [0x2d5a0000, 0x37f70000, 0x38040000)
  eden space 117248K, 0% used [0x2d5a0000,0x2d5a0000,0x34820000)
  from space 27264K, 7% used [0x34820000,0x34a00088,0x362c0000)
  to   space 27328K, 0% used [0x364c0000,0x364c0000,0x37f70000)
 PSOldGen        total 120960K, used 99518K [0x18040000, 0x1f660000, 0x2d5a0000)
  object space 120960K, 82% used [0x18040000,0x1e16fb08,0x1f660000)
 PSPermGen       total 78848K, used 55090K [0x10040000, 0x14d40000, 0x18040000)
  object space 78848K, 69% used [0x10040000,0x1360c830,0x14d40000)
}
Total time for which application threads were stopped: 0.0420900 seconds
Application time: 0.0977602 seconds
Total time for which application threads were stopped: 0.0002682 seconds
Application time: 0.1894545 seconds
Total time for which application threads were stopped: 0.0003660 seconds
Application time: 0.0251957 seconds
Total time for which application threads were stopped: 0.0003081 seconds
Application time: 0.0784010 seconds
Total time for which application threads were stopped: 0.0007384 seconds
Application time: 0.0344259 seconds
Total time for which application threads were stopped: 0.0003492 seconds
Application time: 0.5092401 seconds
Total time for which application threads were stopped: 0.0009091 seconds
Application time: 0.4241042 seconds
Total time for which application threads were stopped: 0.0060010 seconds
Application time: 0.2057236 seconds
Total time for which application threads were stopped: 0.0006803 seconds
Application time: 0.2179216 seconds
Total time for which application threads were stopped: 0.0004922 seconds
Application time: 0.0000430 seconds
Total time for which application threads were stopped: 0.0000805 seconds
Application time: 0.0694504 seconds
{Heap before GC invocations=39 (full 5):
 PSYoungGen      total 144512K, used 119168K [0x2d5a0000, 0x37f70000, 0x38040000)
  eden space 117248K, 100% used [0x2d5a0000,0x34820000,0x34820000)
  from space 27264K, 7% used [0x34820000,0x34a00088,0x362c0000)
  to   space 27328K, 0% used [0x364c0000,0x364c0000,0x37f70000)
 PSOldGen        total 120960K, used 99518K [0x18040000, 0x1f660000, 0x2d5a0000)
  object space 120960K, 82% used [0x18040000,0x1e16fb08,0x1f660000)
 PSPermGen       total 78848K, used 55100K [0x10040000, 0x14d40000, 0x18040000)
  object space 78848K, 69% used [0x10040000,0x1360f178,0x14d40000)
202.194: [GC [PSYoungGen: 119168K->1421K(146688K)] 218686K->102740K(267648K), 0.0188233 secs] [Times: user=0.00 sys=0.02, real=0.01 secs] 
Heap after GC invocations=39 (full 5):
 PSYoungGen      total 146688K, used 1421K [0x2d5a0000, 0x38010000, 0x38040000)
  eden space 119360K, 0% used [0x2d5a0000,0x2d5a0000,0x34a30000)
  from space 27328K, 5% used [0x364c0000,0x366236d0,0x37f70000)
  to   space 27200K, 0% used [0x34a30000,0x34a30000,0x364c0000)
 PSOldGen        total 120960K, used 101318K [0x18040000, 0x1f660000, 0x2d5a0000)
  object space 120960K, 83% used [0x18040000,0x1e331a00,0x1f660000)
 PSPermGen       total 78848K, used 55100K [0x10040000, 0x14d40000, 0x18040000)
  object space 78848K, 69% used [0x10040000,0x1360f178,0x14d40000)
}
Total time for which application threads were stopped: 0.0194167 seconds
Application time: 0.0275068 seconds
Total time for which application threads were stopped: 0.0003481 seconds
Application time: 0.0575020 seconds
Total time for which application threads were stopped: 0.0011521 seconds
Application time: 0.7437839 seconds
Total time for which application threads were stopped: 0.0072713 seconds
Application time: 0.7458914 seconds
Total time for which application threads were stopped: 0.0009239 seconds
Application time: 0.1627651 seconds
Total time for which application threads were stopped: 0.0002330 seconds
Application time: 0.0637869 seconds
{Heap before GC invocations=40 (full 5):
 PSYoungGen      total 146688K, used 120781K [0x2d5a0000, 0x38010000, 0x38040000)
  eden space 119360K, 100% used [0x2d5a0000,0x34a30000,0x34a30000)
  from space 27328K, 5% used [0x364c0000,0x366236d0,0x37f70000)
  to   space 27200K, 0% used [0x34a30000,0x34a30000,0x364c0000)
 PSOldGen        total 120960K, used 101318K [0x18040000, 0x1f660000, 0x2d5a0000)
  object space 120960K, 83% used [0x18040000,0x1e331a00,0x1f660000)
 PSPermGen       total 78848K, used 55112K [0x10040000, 0x14d40000, 0x18040000)
  object space 78848K, 69% used [0x10040000,0x13612168,0x14d40000)
204.024: [GC [PSYoungGen: 120781K->1462K(146560K)] 222100K->103997K(267520K), 0.0140149 secs] [Times: user=0.03 sys=0.00, real=0.02 secs] 
Heap after GC invocations=40 (full 5):
 PSYoungGen      total 146560K, used 1462K [0x2d5a0000, 0x37f80000, 0x38040000)
  eden space 119360K, 0% used [0x2d5a0000,0x2d5a0000,0x34a30000)
  from space 27200K, 5% used [0x34a30000,0x34b9da78,0x364c0000)
  to   space 26880K, 0% used [0x36540000,0x36540000,0x37f80000)
 PSOldGen        total 120960K, used 102534K [0x18040000, 0x1f660000, 0x2d5a0000)
  object space 120960K, 84% used [0x18040000,0x1e461a40,0x1f660000)
 PSPermGen       total 78848K, used 55112K [0x10040000, 0x14d40000, 0x18040000)
  object space 78848K, 69% used [0x10040000,0x13612168,0x14d40000)
}
Total time for which application threads were stopped: 0.0144909 seconds
Application time: 0.2660821 seconds
Total time for which application threads were stopped: 0.0004825 seconds
Application time: 0.0147298 seconds
Total time for which application threads were stopped: 0.0006967 seconds
Application time: 0.6790162 seconds
Total time for which application threads were stopped: 0.0009403 seconds
Application time: 0.0118459 seconds
Total time for which application threads were stopped: 0.0002799 seconds
Application time: 0.2676664 seconds
Total time for which application threads were stopped: 0.0002648 seconds
Application time: 0.0865794 seconds
Total time for which application threads were stopped: 0.0002863 seconds
Application time: 0.0194659 seconds
Total time for which application threads were stopped: 0.0002397 seconds
Application time: 0.0953993 seconds
Total time for which application threads were stopped: 0.0002769 seconds
Application time: 0.0137152 seconds
Total time for which application threads were stopped: 0.0002266 seconds
Application time: 0.1221711 seconds
{Heap before GC invocations=41 (full 5):
 PSYoungGen      total 146560K, used 120822K [0x2d5a0000, 0x37f80000, 0x38040000)
  eden space 119360K, 100% used [0x2d5a0000,0x34a30000,0x34a30000)
  from space 27200K, 5% used [0x34a30000,0x34b9da78,0x364c0000)
  to   space 26880K, 0% used [0x36540000,0x36540000,0x37f80000)
 PSOldGen        total 120960K, used 102534K [0x18040000, 0x1f660000, 0x2d5a0000)
  object space 120960K, 84% used [0x18040000,0x1e461a40,0x1f660000)
 PSPermGen       total 78848K, used 55115K [0x10040000, 0x14d40000, 0x18040000)
  object space 78848K, 69% used [0x10040000,0x13612c80,0x14d40000)
205.620: [GC [PSYoungGen: 120822K->1670K(146816K)] 223357K->105581K(267776K), 0.0154464 secs] [Times: user=0.03 sys=0.00, real=0.01 secs] 
Heap after GC invocations=41 (full 5):
 PSYoungGen      total 146816K, used 1670K [0x2d5a0000, 0x37ed0000, 0x38040000)
  eden space 120640K, 0% used [0x2d5a0000,0x2d5a0000,0x34b70000)
  from space 26176K, 6% used [0x36540000,0x366e1938,0x37ed0000)
  to   space 26304K, 0% used [0x34b70000,0x34b70000,0x36520000)
 PSOldGen        total 120960K, used 103911K [0x18040000, 0x1f660000, 0x2d5a0000)
  object space 120960K, 85% used [0x18040000,0x1e5b9d20,0x1f660000)
 PSPermGen       total 78848K, used 55115K [0x10040000, 0x14d40000, 0x18040000)
  object space 78848K, 69% used [0x10040000,0x13612c80,0x14d40000)
}
Total time for which application threads were stopped: 0.0166527 seconds
Application time: 0.3063736 seconds
Total time for which application threads were stopped: 0.0003140 seconds
Application time: 0.0000458 seconds
Total time for which application threads were stopped: 0.0001050 seconds
Application time: 0.1837653 seconds
Total time for which application threads were stopped: 0.0007724 seconds
Application time: 0.2777395 seconds
Total time for which application threads were stopped: 0.0010694 seconds
Application time: 0.0002296 seconds
Total time for which application threads were stopped: 0.0000997 seconds
Application time: 0.0025355 seconds
Total time for which application threads were stopped: 0.0005761 seconds
Application time: 0.0016368 seconds
Total time for which application threads were stopped: 0.0001179 seconds
Application time: 0.0227135 seconds
Total time for which application threads were stopped: 0.0008473 seconds
Application time: 0.2063885 seconds
Total time for which application threads were stopped: 0.0008336 seconds
Application time: 0.0000835 seconds
Total time for which application threads were stopped: 0.0012622 seconds
Application time: 0.0040578 seconds
Total time for which application threads were stopped: 0.0011814 seconds
Application time: 0.0034784 seconds
Total time for which application threads were stopped: 0.0011066 seconds
Application time: 0.0034493 seconds
Total time for which application threads were stopped: 0.0011096 seconds
Application time: 0.0033926 seconds
Total time for which application threads were stopped: 0.0010635 seconds
Application time: 0.0033434 seconds
Total time for which application threads were stopped: 0.0011105 seconds
Application time: 0.0074225 seconds
Total time for which application threads were stopped: 0.0013273 seconds
Application time: 0.0134327 seconds
Total time for which application threads were stopped: 0.0014041 seconds
Application time: 0.0046556 seconds
Total time for which application threads were stopped: 0.0012437 seconds
Application time: 0.0109634 seconds
Total time for which application threads were stopped: 0.0013801 seconds
Application time: 0.0056077 seconds
Total time for which application threads were stopped: 0.0014080 seconds
Application time: 0.0059449 seconds
Total time for which application threads were stopped: 0.0012608 seconds
Application time: 0.0074155 seconds
Total time for which application threads were stopped: 0.0002059 seconds
Application time: 0.0032666 seconds
Total time for which application threads were stopped: 0.0012750 seconds
Application time: 0.0049780 seconds
Total time for which application threads were stopped: 0.0015223 seconds
Application time: 0.0133081 seconds
Total time for which application threads were stopped: 0.0013261 seconds
Application time: 0.0113500 seconds
Total time for which application threads were stopped: 0.0013488 seconds
Application time: 0.0049051 seconds
Total time for which application threads were stopped: 0.0012381 seconds
Application time: 0.0127248 seconds
Total time for which application threads were stopped: 0.0015594 seconds
Application time: 0.0064899 seconds
Total time for which application threads were stopped: 0.0015063 seconds
Application time: 0.0041997 seconds
Total time for which application threads were stopped: 0.0015706 seconds
Application time: 0.0057664 seconds
Total time for which application threads were stopped: 0.0002185 seconds
Application time: 0.0018159 seconds
Total time for which application threads were stopped: 0.0001799 seconds
Application time: 0.0032135 seconds
Total time for which application threads were stopped: 0.0014804 seconds
Application time: 0.0111123 seconds
Total time for which application threads were stopped: 0.0014778 seconds
Application time: 0.0041134 seconds
Total time for which application threads were stopped: 0.0014211 seconds
Application time: 0.0171963 seconds
Total time for which application threads were stopped: 0.0017647 seconds
Application time: 0.0135028 seconds
Total time for which application threads were stopped: 0.0002620 seconds
Application time: 0.0268104 seconds
Total time for which application threads were stopped: 0.0002794 seconds
Application time: 0.0999412 seconds
{Heap before GC invocations=42 (full 5):
 PSYoungGen      total 146816K, used 122310K [0x2d5a0000, 0x37ed0000, 0x38040000)
  eden space 120640K, 100% used [0x2d5a0000,0x34b70000,0x34b70000)
  from space 26176K, 6% used [0x36540000,0x366e1938,0x37ed0000)
  to   space 26304K, 0% used [0x34b70000,0x34b70000,0x36520000)
 PSOldGen        total 120960K, used 103911K [0x18040000, 0x1f660000, 0x2d5a0000)
  object space 120960K, 85% used [0x18040000,0x1e5b9d20,0x1f660000)
 PSPermGen       total 78848K, used 55338K [0x10040000, 0x14d40000, 0x18040000)
  object space 78848K, 70% used [0x10040000,0x1364abe8,0x14d40000)
206.999: [GC [PSYoungGen: 122310K->2012K(146944K)] 226221K->107395K(267904K), 0.0186546 secs] [Times: user=0.03 sys=0.00, real=0.01 secs] 
Heap after GC invocations=42 (full 5):
 PSYoungGen      total 146944K, used 2012K [0x2d5a0000, 0x37ee0000, 0x38040000)
  eden space 120640K, 0% used [0x2d5a0000,0x2d5a0000,0x34b70000)
  from space 26304K, 7% used [0x34b70000,0x34d673c0,0x36520000)
  to   space 25536K, 0% used [0x365f0000,0x365f0000,0x37ee0000)
 PSOldGen        total 120960K, used 105382K [0x18040000, 0x1f660000, 0x2d5a0000)
  object space 120960K, 87% used [0x18040000,0x1e7299c0,0x1f660000)
 PSPermGen       total 78848K, used 55338K [0x10040000, 0x14d40000, 0x18040000)
  object space 78848K, 70% used [0x10040000,0x1364abe8,0x14d40000)
}
Total time for which application threads were stopped: 0.0238773 seconds
Application time: 0.0379738 seconds
Total time for which application threads were stopped: 0.0023176 seconds
Application time: 0.0002556 seconds
Total time for which application threads were stopped: 0.0001073 seconds
Application time: 0.0000729 seconds
Total time for which application threads were stopped: 0.0012476 seconds
Application time: 0.0172430 seconds
Total time for which application threads were stopped: 0.0014714 seconds
Application time: 0.0190812 seconds
Total time for which application threads were stopped: 0.0006601 seconds
Application time: 0.0106307 seconds
Total time for which application threads were stopped: 0.0007476 seconds
Application time: 0.1350577 seconds
Total time for which application threads were stopped: 0.0047414 seconds
Application time: 0.0203903 seconds
Total time for which application threads were stopped: 0.0003607 seconds
Application time: 0.0022383 seconds
Total time for which application threads were stopped: 0.0001763 seconds
Application time: 0.0000305 seconds
Total time for which application threads were stopped: 0.0000925 seconds
Application time: 0.0679285 seconds
Total time for which application threads were stopped: 0.0003316 seconds
Application time: 0.0180554 seconds
Total time for which application threads were stopped: 0.0005006 seconds
Application time: 0.0044902 seconds
Total time for which application threads were stopped: 0.0001861 seconds
Application time: 0.0003160 seconds
Total time for which application threads were stopped: 0.0000855 seconds
Application time: 0.0278284 seconds
Total time for which application threads were stopped: 0.0002905 seconds
Application time: 0.0130782 seconds
Total time for which application threads were stopped: 0.0002710 seconds
Application time: 0.0150860 seconds
Total time for which application threads were stopped: 0.0002553 seconds
Application time: 0.0083231 seconds
Total time for which application threads were stopped: 0.0002249 seconds
Application time: 0.0065137 seconds
Total time for which application threads were stopped: 0.0002475 seconds
Application time: 0.0167342 seconds
Total time for which application threads were stopped: 0.0004464 seconds
Application time: 0.0212290 seconds
Total time for which application threads were stopped: 0.0007456 seconds
Application time: 0.0007554 seconds
Total time for which application threads were stopped: 0.0001218 seconds
Application time: 0.0198603 seconds
Total time for which application threads were stopped: 0.0002104 seconds
Application time: 0.0053071 seconds
Total time for which application threads were stopped: 0.0002685 seconds
Application time: 0.0128595 seconds
Total time for which application threads were stopped: 0.0002467 seconds
Application time: 0.0110807 seconds
Total time for which application threads were stopped: 0.0042360 seconds
Application time: 0.1008226 seconds
Total time for which application threads were stopped: 0.0002830 seconds
Application time: 0.0732518 seconds
Total time for which application threads were stopped: 0.0002467 seconds
Application time: 0.0066338 seconds
Total time for which application threads were stopped: 0.0001693 seconds
Application time: 0.0193907 seconds
Total time for which application threads were stopped: 0.0002207 seconds
Application time: 0.0114151 seconds
Total time for which application threads were stopped: 0.0007954 seconds
Application time: 0.0216234 seconds
Total time for which application threads were stopped: 0.0005889 seconds
Application time: 0.0602529 seconds
Total time for which application threads were stopped: 0.0019908 seconds
Application time: 0.0027425 seconds
Total time for which application threads were stopped: 0.0001497 seconds
Application time: 0.0242078 seconds
Total time for which application threads were stopped: 0.0002322 seconds
Application time: 0.0039136 seconds
Total time for which application threads were stopped: 0.0002713 seconds
Application time: 0.0162739 seconds
Total time for which application threads were stopped: 0.0002411 seconds
Application time: 0.0132668 seconds
Total time for which application threads were stopped: 0.0018620 seconds
Application time: 0.1206363 seconds
Total time for which application threads were stopped: 0.0003037 seconds
Application time: 0.0408703 seconds
Total time for which application threads were stopped: 0.0009694 seconds
Application time: 0.0042793 seconds
Total time for which application threads were stopped: 0.0002243 seconds
Application time: 0.0446805 seconds
Total time for which application threads were stopped: 0.0056619 seconds
Application time: 0.0769874 seconds
Total time for which application threads were stopped: 0.0002844 seconds
Application time: 0.5674319 seconds
Total time for which application threads were stopped: 0.0012105 seconds
Application time: 0.0003570 seconds
Total time for which application threads were stopped: 0.0001886 seconds
Application time: 0.0976116 seconds
Total time for which application threads were stopped: 0.0004526 seconds
Application time: 0.0090581 seconds
Total time for which application threads were stopped: 0.0009769 seconds
Application time: 0.0104184 seconds
{Heap before GC invocations=43 (full 5):
 PSYoungGen      total 146944K, used 122652K [0x2d5a0000, 0x37ee0000, 0x38040000)
  eden space 120640K, 100% used [0x2d5a0000,0x34b70000,0x34b70000)
  from space 26304K, 7% used [0x34b70000,0x34d673c0,0x36520000)
  to   space 25536K, 0% used [0x365f0000,0x365f0000,0x37ee0000)
 PSOldGen        total 120960K, used 105382K [0x18040000, 0x1f660000, 0x2d5a0000)
  object space 120960K, 87% used [0x18040000,0x1e7299c0,0x1f660000)
 PSPermGen       total 78848K, used 55373K [0x10040000, 0x14d40000, 0x18040000)
  object space 78848K, 70% used [0x10040000,0x136536f0,0x14d40000)
208.876: [GC [PSYoungGen: 122652K->1857K(147392K)] 228035K->108950K(268352K), 0.0214552 secs] [Times: user=0.03 sys=0.00, real=0.01 secs] 
Heap after GC invocations=43 (full 5):
 PSYoungGen      total 147392K, used 1857K [0x2d5a0000, 0x37de0000, 0x38040000)
  eden space 122880K, 0% used [0x2d5a0000,0x2d5a0000,0x34da0000)
  from space 24512K, 7% used [0x365f0000,0x367c0530,0x37de0000)
  to   space 24704K, 0% used [0x34da0000,0x34da0000,0x365c0000)
 PSOldGen        total 120960K, used 107093K [0x18040000, 0x1f660000, 0x2d5a0000)
  object space 120960K, 88% used [0x18040000,0x1e8d54d8,0x1f660000)
 PSPermGen       total 78848K, used 55373K [0x10040000, 0x14d40000, 0x18040000)
  object space 78848K, 70% used [0x10040000,0x136536f0,0x14d40000)
}
Total time for which application threads were stopped: 0.0219419 seconds
Application time: 0.0076940 seconds
Total time for which application threads were stopped: 0.0009325 seconds
Application time: 0.0160722 seconds
Total time for which application threads were stopped: 0.0014644 seconds
Application time: 0.0542047 seconds
Total time for which application threads were stopped: 0.0002908 seconds
Application time: 0.6975261 seconds
Total time for which application threads were stopped: 0.0006962 seconds
Application time: 0.1300263 seconds
Total time for which application threads were stopped: 0.0002886 seconds
Application time: 0.0016220 seconds
Total time for which application threads were stopped: 0.0001467 seconds
Application time: 0.0227940 seconds
Total time for which application threads were stopped: 0.0002310 seconds
Application time: 0.0633969 seconds
Total time for which application threads were stopped: 0.0008278 seconds
Application time: 0.6555112 seconds
{Heap before GC invocations=44 (full 5):
 PSYoungGen      total 147392K, used 124737K [0x2d5a0000, 0x37de0000, 0x38040000)
  eden space 122880K, 100% used [0x2d5a0000,0x34da0000,0x34da0000)
  from space 24512K, 7% used [0x365f0000,0x367c0530,0x37de0000)
  to   space 24704K, 0% used [0x34da0000,0x34da0000,0x365c0000)
 PSOldGen        total 120960K, used 107093K [0x18040000, 0x1f660000, 0x2d5a0000)
  object space 120960K, 88% used [0x18040000,0x1e8d54d8,0x1f660000)
 PSPermGen       total 78848K, used 55400K [0x10040000, 0x14d40000, 0x18040000)
  object space 78848K, 70% used [0x10040000,0x1365a380,0x14d40000)
210.552: [GC [PSYoungGen: 124737K->1766K(147584K)] 231830K->110322K(268544K), 0.0161171 secs] [Times: user=0.03 sys=0.00, real=0.02 secs] 
Heap after GC invocations=44 (full 5):
 PSYoungGen      total 147584K, used 1766K [0x2d5a0000, 0x37eb0000, 0x38040000)
  eden space 122880K, 0% used [0x2d5a0000,0x2d5a0000,0x34da0000)
  from space 24704K, 7% used [0x34da0000,0x34f59a50,0x365c0000)
  to   space 23808K, 0% used [0x36770000,0x36770000,0x37eb0000)
 PSOldGen        total 120960K, used 108555K [0x18040000, 0x1f660000, 0x2d5a0000)
  object space 120960K, 89% used [0x18040000,0x1ea42ef0,0x1f660000)
 PSPermGen       total 78848K, used 55400K [0x10040000, 0x14d40000, 0x18040000)
  object space 78848K, 70% used [0x10040000,0x1365a380,0x14d40000)
}
{Heap before GC invocations=45 (full 6):
 PSYoungGen      total 147584K, used 1766K [0x2d5a0000, 0x37eb0000, 0x38040000)
  eden space 122880K, 0% used [0x2d5a0000,0x2d5a0000,0x34da0000)
  from space 24704K, 7% used [0x34da0000,0x34f59a50,0x365c0000)
  to   space 23808K, 0% used [0x36770000,0x36770000,0x37eb0000)
 PSOldGen        total 120960K, used 108555K [0x18040000, 0x1f660000, 0x2d5a0000)
  object space 120960K, 89% used [0x18040000,0x1ea42ef0,0x1f660000)
 PSPermGen       total 78848K, used 55400K [0x10040000, 0x14d40000, 0x18040000)
  object space 78848K, 70% used [0x10040000,0x1365a380,0x14d40000)
210.569: [Full GC [PSYoungGen: 1766K->0K(147584K)] [PSOldGen: 108555K->94305K(133952K)] 110322K->94305K(281536K) [PSPermGen: 55400K->55400K(79872K)], 0.6202959 secs] [Times: user=0.61 sys=0.00, real=0.63 secs] 
Heap after GC invocations=45 (full 6):
 PSYoungGen      total 147584K, used 0K [0x2d5a0000, 0x37eb0000, 0x38040000)
  eden space 122880K, 0% used [0x2d5a0000,0x2d5a0000,0x34da0000)
  from space 24704K, 0% used [0x34da0000,0x34da0000,0x365c0000)
  to   space 23808K, 0% used [0x36770000,0x36770000,0x37eb0000)
 PSOldGen        total 133952K, used 94305K [0x18040000, 0x20310000, 0x2d5a0000)
  object space 133952K, 70% used [0x18040000,0x1dc58570,0x20310000)
 PSPermGen       total 79872K, used 55400K [0x10040000, 0x14e40000, 0x18040000)
  object space 79872K, 69% used [0x10040000,0x1365a380,0x14e40000)
}
Total time for which application threads were stopped: 0.6376931 seconds
Application time: 0.0017410 seconds
Total time for which application threads were stopped: 0.0006990 seconds
Application time: 0.0026948 seconds
Total time for which application threads were stopped: 0.0006819 seconds
Application time: 0.0025070 seconds
Total time for which application threads were stopped: 0.0001687 seconds
Application time: 0.0021486 seconds
Total time for which application threads were stopped: 0.0001875 seconds
Application time: 0.0100468 seconds
Total time for which application threads were stopped: 0.0002363 seconds
Application time: 0.0000489 seconds
Total time for which application threads were stopped: 0.0001542 seconds
Application time: 0.0007180 seconds
Total time for which application threads were stopped: 0.0007074 seconds
Application time: 0.0081809 seconds
Total time for which application threads were stopped: 0.0002598 seconds
Application time: 0.0000268 seconds
Total time for which application threads were stopped: 0.0000575 seconds
Application time: 0.1266155 seconds
Total time for which application threads were stopped: 0.0003123 seconds
Application time: 0.0003869 seconds
Total time for which application threads were stopped: 0.0001232 seconds
Application time: 0.4358219 seconds
Total time for which application threads were stopped: 0.0009649 seconds
Application time: 0.0572782 seconds
Total time for which application threads were stopped: 0.0003961 seconds
Application time: 0.0012557 seconds
Total time for which application threads were stopped: 0.0001400 seconds
Application time: 0.9996332 seconds
Total time for which application threads were stopped: 0.0008236 seconds
Application time: 0.0600370 seconds
{Heap before GC invocations=46 (full 6):
 PSYoungGen      total 147584K, used 122880K [0x2d5a0000, 0x37eb0000, 0x38040000)
  eden space 122880K, 100% used [0x2d5a0000,0x34da0000,0x34da0000)
  from space 24704K, 0% used [0x34da0000,0x34da0000,0x365c0000)
  to   space 23808K, 0% used [0x36770000,0x36770000,0x37eb0000)
 PSOldGen        total 133952K, used 94305K [0x18040000, 0x20310000, 0x2d5a0000)
  object space 133952K, 70% used [0x18040000,0x1dc58570,0x20310000)
 PSPermGen       total 79872K, used 55432K [0x10040000, 0x14e40000, 0x18040000)
  object space 79872K, 69% used [0x10040000,0x13662228,0x14e40000)
212.905: [GC [PSYoungGen: 122880K->1905K(148800K)] 217185K->96210K(282752K), 0.0122848 secs] [Times: user=0.01 sys=0.00, real=0.01 secs] 
Heap after GC invocations=46 (full 6):
 PSYoungGen      total 148800K, used 1905K [0x2d5a0000, 0x37d80000, 0x38040000)
  eden space 126208K, 0% used [0x2d5a0000,0x2d5a0000,0x350e0000)
  from space 22592K, 8% used [0x36770000,0x3694c538,0x37d80000)
  to   space 22848K, 0% used [0x350e0000,0x350e0000,0x36730000)
 PSOldGen        total 133952K, used 94305K [0x18040000, 0x20310000, 0x2d5a0000)
  object space 133952K, 70% used [0x18040000,0x1dc58570,0x20310000)
 PSPermGen       total 79872K, used 55432K [0x10040000, 0x14e40000, 0x18040000)
  object space 79872K, 69% used [0x10040000,0x13662228,0x14e40000)
}
Total time for which application threads were stopped: 0.0127885 seconds
Application time: 0.6524360 seconds
Total time for which application threads were stopped: 0.0008596 seconds
Application time: 0.9995958 seconds
Total time for which application threads were stopped: 0.0022089 seconds
Application time: 0.7466293 seconds
Total time for which application threads were stopped: 0.0008403 seconds
Application time: 0.0592849 seconds
Total time for which application threads were stopped: 0.0002506 seconds
Application time: 0.0000796 seconds
Total time for which application threads were stopped: 0.0000802 seconds
Application time: 0.2670135 seconds
{Heap before GC invocations=47 (full 6):
 PSYoungGen      total 148800K, used 128113K [0x2d5a0000, 0x37d80000, 0x38040000)
  eden space 126208K, 100% used [0x2d5a0000,0x350e0000,0x350e0000)
  from space 22592K, 8% used [0x36770000,0x3694c538,0x37d80000)
  to   space 22848K, 0% used [0x350e0000,0x350e0000,0x36730000)
 PSOldGen        total 133952K, used 94305K [0x18040000, 0x20310000, 0x2d5a0000)
  object space 133952K, 70% used [0x18040000,0x1dc58570,0x20310000)
 PSPermGen       total 79872K, used 55446K [0x10040000, 0x14e40000, 0x18040000)
  object space 79872K, 69% used [0x10040000,0x13665aa8,0x14e40000)
215.648: [GC [PSYoungGen: 128113K->2881K(149056K)] 222418K->97187K(283008K), 0.0153218 secs] [Times: user=0.03 sys=0.00, real=0.02 secs] 
Heap after GC invocations=47 (full 6):
 PSYoungGen      total 149056K, used 2881K [0x2d5a0000, 0x37e40000, 0x38040000)
  eden space 126208K, 0% used [0x2d5a0000,0x2d5a0000,0x350e0000)
  from space 22848K, 12% used [0x350e0000,0x353b07e0,0x36730000)
  to   space 21696K, 0% used [0x36910000,0x36910000,0x37e40000)
 PSOldGen        total 133952K, used 94305K [0x18040000, 0x20310000, 0x2d5a0000)
  object space 133952K, 70% used [0x18040000,0x1dc58570,0x20310000)
 PSPermGen       total 79872K, used 55446K [0x10040000, 0x14e40000, 0x18040000)
  object space 79872K, 69% used [0x10040000,0x13665aa8,0x14e40000)
}
Total time for which application threads were stopped: 0.0160825 seconds
Application time: 0.3829688 seconds
Total time for which application threads were stopped: 0.0006152 seconds
Application time: 0.0177665 seconds
Total time for which application threads were stopped: 0.0001944 seconds
Application time: 0.0000344 seconds
Total time for which application threads were stopped: 0.0000757 seconds
Application time: 0.6281025 seconds
Total time for which application threads were stopped: 0.0008171 seconds
Application time: 2.3155923 seconds
Total time for which application threads were stopped: 0.0006895 seconds
Application time: 0.0001305 seconds
Total time for which application threads were stopped: 0.0000866 seconds
Application time: 0.8427526 seconds
{Heap before GC invocations=48 (full 6):
 PSYoungGen      total 149056K, used 129089K [0x2d5a0000, 0x37e40000, 0x38040000)
  eden space 126208K, 100% used [0x2d5a0000,0x350e0000,0x350e0000)
  from space 22848K, 12% used [0x350e0000,0x353b07e0,0x36730000)
  to   space 21696K, 0% used [0x36910000,0x36910000,0x37e40000)
 PSOldGen        total 133952K, used 94305K [0x18040000, 0x20310000, 0x2d5a0000)
  object space 133952K, 70% used [0x18040000,0x1dc58570,0x20310000)
 PSPermGen       total 79872K, used 55459K [0x10040000, 0x14e40000, 0x18040000)
  object space 79872K, 69% used [0x10040000,0x13668c40,0x14e40000)
219.854: [GC [PSYoungGen: 129089K->3361K(150336K)] 223395K->97667K(284288K), 0.0169971 secs] [Times: user=0.03 sys=0.00, real=0.01 secs] 
Heap after GC invocations=48 (full 6):
 PSYoungGen      total 150336K, used 3361K [0x2d5a0000, 0x37cc0000, 0x38040000)
  eden space 130176K, 0% used [0x2d5a0000,0x2d5a0000,0x354c0000)
  from space 20160K, 16% used [0x36910000,0x36c587e0,0x37cc0000)
  to   space 20480K, 0% used [0x354c0000,0x354c0000,0x368c0000)
 PSOldGen        total 133952K, used 94305K [0x18040000, 0x20310000, 0x2d5a0000)
  object space 133952K, 70% used [0x18040000,0x1dc58570,0x20310000)
 PSPermGen       total 79872K, used 55459K [0x10040000, 0x14e40000, 0x18040000)
  object space 79872K, 69% used [0x10040000,0x13668c40,0x14e40000)
}
Total time for which application threads were stopped: 0.0181160 seconds
Application time: 0.4832483 seconds
Total time for which application threads were stopped: 0.0005713 seconds
Application time: 0.0017206 seconds
Total time for which application threads were stopped: 0.0001713 seconds
Application time: 0.0375808 seconds
Total time for which application threads were stopped: 0.0015021 seconds
Application time: 0.5073223 seconds
Total time for which application threads were stopped: 0.0002802 seconds
Application time: 0.9214059 seconds
{Heap before GC invocations=49 (full 6):
 PSYoungGen      total 150336K, used 133537K [0x2d5a0000, 0x37cc0000, 0x38040000)
  eden space 130176K, 100% used [0x2d5a0000,0x354c0000,0x354c0000)
  from space 20160K, 16% used [0x36910000,0x36c587e0,0x37cc0000)
  to   space 20480K, 0% used [0x354c0000,0x354c0000,0x368c0000)
 PSOldGen        total 133952K, used 94305K [0x18040000, 0x20310000, 0x2d5a0000)
  object space 133952K, 70% used [0x18040000,0x1dc58570,0x20310000)
 PSPermGen       total 79872K, used 55471K [0x10040000, 0x14e40000, 0x18040000)
  object space 79872K, 69% used [0x10040000,0x1366bc88,0x14e40000)
221.826: [GC [PSYoungGen: 133537K->3618K(150656K)] 227843K->97923K(284608K), 0.0179579 secs] [Times: user=0.06 sys=0.00, real=0.03 secs] 
Heap after GC invocations=49 (full 6):
 PSYoungGen      total 150656K, used 3618K [0x2d5a0000, 0x37e50000, 0x38040000)
  eden space 130176K, 0% used [0x2d5a0000,0x2d5a0000,0x354c0000)
  from space 20480K, 17% used [0x354c0000,0x35848830,0x368c0000)
  to   space 19328K, 0% used [0x36b70000,0x36b70000,0x37e50000)
 PSOldGen        total 133952K, used 94305K [0x18040000, 0x20310000, 0x2d5a0000)
  object space 133952K, 70% used [0x18040000,0x1dc58570,0x20310000)
 PSPermGen       total 79872K, used 55471K [0x10040000, 0x14e40000, 0x18040000)
  object space 79872K, 69% used [0x10040000,0x1366bc88,0x14e40000)
}
Total time for which application threads were stopped: 0.0188837 seconds
Application time: 0.4418659 seconds
Total time for which application threads were stopped: 0.0002590 seconds
Application time: 0.0000332 seconds
Total time for which application threads were stopped: 0.0006255 seconds
Application time: 0.0079016 seconds
Total time for which application threads were stopped: 0.0002324 seconds
Application time: 0.0878072 seconds
Total time for which application threads were stopped: 0.0007152 seconds
Application time: 0.9997170 seconds
Total time for which application threads were stopped: 0.0007683 seconds
Application time: 1.9992315 seconds
Total time for which application threads were stopped: 0.0008060 seconds
Application time: 0.1782964 seconds
Total time for which application threads were stopped: 0.0006453 seconds
Application time: 0.0000335 seconds
Total time for which application threads were stopped: 0.0020254 seconds
Application time: 0.0345251 seconds
Total time for which application threads were stopped: 0.0023964 seconds
Application time: 0.0247596 seconds
Total time for which application threads were stopped: 0.0023981 seconds
Application time: 0.0079767 seconds
Total time for which application threads were stopped: 0.0021802 seconds
Application time: 0.0167915 seconds
Total time for which application threads were stopped: 0.0022377 seconds
Application time: 0.0117769 seconds
Total time for which application threads were stopped: 0.0024355 seconds
Application time: 0.0199481 seconds
Total time for which application threads were stopped: 0.0022964 seconds
Application time: 0.0088637 seconds
Total time for which application threads were stopped: 0.0021804 seconds
Application time: 0.0098744 seconds
Total time for which application threads were stopped: 0.0021313 seconds
Application time: 0.0086989 seconds
Total time for which application threads were stopped: 0.0021011 seconds
Application time: 0.0086883 seconds
Total time for which application threads were stopped: 0.0022332 seconds
Application time: 0.0088763 seconds
Total time for which application threads were stopped: 0.0020972 seconds
Application time: 0.0083511 seconds
Total time for which application threads were stopped: 0.0019838 seconds
Application time: 0.0079384 seconds
Total time for which application threads were stopped: 0.0020075 seconds
Application time: 0.0102901 seconds
Total time for which application threads were stopped: 0.0023324 seconds
Application time: 0.0075021 seconds
Total time for which application threads were stopped: 0.0019676 seconds
Application time: 0.0073576 seconds
Total time for which application threads were stopped: 0.0019433 seconds
Application time: 0.0071744 seconds
Total time for which application threads were stopped: 0.0019785 seconds
Application time: 0.0163644 seconds
Total time for which application threads were stopped: 0.0027858 seconds
Application time: 0.0305614 seconds
Total time for which application threads were stopped: 0.0028054 seconds
Application time: 0.0645493 seconds
Total time for which application threads were stopped: 0.0089327 seconds
Application time: 0.1401997 seconds
Total time for which application threads were stopped: 0.0113009 seconds
Application time: 0.0222310 seconds
{Heap before GC invocations=50 (full 6):
 PSYoungGen      total 150656K, used 133794K [0x2d5a0000, 0x37e50000, 0x38040000)
  eden space 130176K, 100% used [0x2d5a0000,0x354c0000,0x354c0000)
  from space 20480K, 17% used [0x354c0000,0x35848830,0x368c0000)
  to   space 19328K, 0% used [0x36b70000,0x36b70000,0x37e50000)
 PSOldGen        total 133952K, used 94305K [0x18040000, 0x20310000, 0x2d5a0000)
  object space 133952K, 70% used [0x18040000,0x1dc58570,0x20310000)
 PSPermGen       total 79872K, used 55508K [0x10040000, 0x14e40000, 0x18040000)
  object space 79872K, 69% used [0x10040000,0x136750a8,0x14e40000)
226.114: [GC [PSYoungGen: 133794K->12770K(152064K)] 228099K->107075K(286016K), 0.0689389 secs] [Times: user=0.09 sys=0.00, real=0.06 secs] 
Heap after GC invocations=50 (full 6):
 PSYoungGen      total 152064K, used 12770K [0x2d5a0000, 0x38040000, 0x38040000)
  eden space 132736K, 0% used [0x2d5a0000,0x2d5a0000,0x35740000)
  from space 19328K, 66% used [0x36b70000,0x377e8830,0x37e50000)
  to   space 20672K, 0% used [0x35740000,0x35740000,0x36b70000)
 PSOldGen        total 133952K, used 94305K [0x18040000, 0x20310000, 0x2d5a0000)
  object space 133952K, 70% used [0x18040000,0x1dc58570,0x20310000)
 PSPermGen       total 79872K, used 55508K [0x10040000, 0x14e40000, 0x18040000)
  object space 79872K, 69% used [0x10040000,0x136750a8,0x14e40000)
}
Total time for which application threads were stopped: 0.0717619 seconds
Application time: 0.0176612 seconds
Total time for which application threads were stopped: 0.0019676 seconds
Application time: 0.0810762 seconds
Total time for which application threads were stopped: 0.0022008 seconds
Application time: 0.1913073 seconds
Total time for which application threads were stopped: 0.0008057 seconds
Application time: 0.0065623 seconds
Total time for which application threads were stopped: 0.0014317 seconds
Application time: 0.0050501 seconds
Total time for which application threads were stopped: 0.0015242 seconds
Application time: 0.0046956 seconds
Total time for which application threads were stopped: 0.0014245 seconds
Application time: 0.0043028 seconds
Total time for which application threads were stopped: 0.0014365 seconds
Application time: 0.0042687 seconds
Total time for which application threads were stopped: 0.0014426 seconds
Application time: 0.0041321 seconds
Total time for which application threads were stopped: 0.0014385 seconds
Application time: 0.0050233 seconds
Total time for which application threads were stopped: 0.0014049 seconds
Application time: 0.0041153 seconds
Total time for which application threads were stopped: 0.0012672 seconds
Application time: 0.0050465 seconds
Total time for which application threads were stopped: 0.0013404 seconds
Application time: 0.0040955 seconds
Total time for which application threads were stopped: 0.0012443 seconds
Application time: 0.0038835 seconds
Total time for which application threads were stopped: 0.0012722 seconds
Application time: 0.0054286 seconds
Total time for which application threads were stopped: 0.0013812 seconds
Application time: 0.0043670 seconds
Total time for which application threads were stopped: 0.0014334 seconds
Application time: 0.0038997 seconds
Total time for which application threads were stopped: 0.0011812 seconds
Application time: 0.0037502 seconds
Total time for which application threads were stopped: 0.0013027 seconds
Application time: 0.0051917 seconds
Total time for which application threads were stopped: 0.0012909 seconds
Application time: 0.0036628 seconds
Total time for which application threads were stopped: 0.0012217 seconds
Application time: 0.0036016 seconds
Total time for which application threads were stopped: 0.0011493 seconds
Application time: 0.0036027 seconds
Total time for which application threads were stopped: 0.0011169 seconds
Application time: 0.0034222 seconds
Total time for which application threads were stopped: 0.0011052 seconds
Application time: 0.0034354 seconds
Total time for which application threads were stopped: 0.0010797 seconds
Application time: 0.0032999 seconds
Total time for which application threads were stopped: 0.0012007 seconds
Application time: 0.0035119 seconds
Total time for which application threads were stopped: 0.0011258 seconds
Application time: 0.0036918 seconds
Total time for which application threads were stopped: 0.0010876 seconds
Application time: 0.0040058 seconds
Total time for which application threads were stopped: 0.0011295 seconds
Application time: 0.0033588 seconds
Total time for which application threads were stopped: 0.0011784 seconds
Application time: 0.0034041 seconds
Total time for which application threads were stopped: 0.0015192 seconds
Application time: 0.0032884 seconds
Total time for which application threads were stopped: 0.0016706 seconds
Application time: 0.0108517 seconds
Total time for which application threads were stopped: 0.0018486 seconds
Application time: 0.0040444 seconds
Total time for which application threads were stopped: 0.0016474 seconds
Application time: 0.0032535 seconds
Total time for which application threads were stopped: 0.0015326 seconds
Application time: 0.0035398 seconds
Total time for which application threads were stopped: 0.0016471 seconds
Application time: 0.0031563 seconds
Total time for which application threads were stopped: 0.0001841 seconds
Application time: 0.1807087 seconds
Total time for which application threads were stopped: 0.0002173 seconds
Application time: 0.0002076 seconds
Total time for which application threads were stopped: 0.0010758 seconds
Application time: 0.0150575 seconds
Total time for which application threads were stopped: 0.0012842 seconds
Application time: 0.0032440 seconds
Total time for which application threads were stopped: 0.0010342 seconds
Application time: 0.0044575 seconds
Total time for which application threads were stopped: 0.0001735 seconds
Application time: 0.6436609 seconds
Total time for which application threads were stopped: 0.0036655 seconds
Application time: 0.0001307 seconds
Total time for which application threads were stopped: 0.0001020 seconds
Application time: 0.9993829 seconds
Total time for which application threads were stopped: 0.0007697 seconds
Application time: 1.7378206 seconds
Total time for which application threads were stopped: 0.0005909 seconds
Application time: 0.0000595 seconds
Total time for which application threads were stopped: 0.0006490 seconds
Application time: 0.1115960 seconds
Total time for which application threads were stopped: 0.0009345 seconds
Application time: 0.3478911 seconds
Total time for which application threads were stopped: 0.0004959 seconds
Application time: 0.0010445 seconds
Total time for which application threads were stopped: 0.0002322 seconds
Application time: 0.0174229 seconds
Total time for which application threads were stopped: 0.0008582 seconds
Application time: 0.0216410 seconds
Total time for which application threads were stopped: 0.0002238 seconds
Application time: 0.0499477 seconds
Total time for which application threads were stopped: 0.0007018 seconds
Application time: 0.0024794 seconds
Total time for which application threads were stopped: 0.0002285 seconds
Application time: 0.0072534 seconds
{Heap before GC invocations=51 (full 6):
 PSYoungGen      total 152064K, used 145506K [0x2d5a0000, 0x38040000, 0x38040000)
  eden space 132736K, 100% used [0x2d5a0000,0x35740000,0x35740000)
  from space 19328K, 66% used [0x36b70000,0x377e8830,0x37e50000)
  to   space 20672K, 0% used [0x35740000,0x35740000,0x36b70000)
 PSOldGen        total 133952K, used 94305K [0x18040000, 0x20310000, 0x2d5a0000)
  object space 133952K, 70% used [0x18040000,0x1dc58570,0x20310000)
 PSPermGen       total 79872K, used 56437K [0x10040000, 0x14e40000, 0x18040000)
  object space 79872K, 70% used [0x10040000,0x1375d778,0x14e40000)
230.821: [GC [PSYoungGen: 145506K->18833K(151616K)] 239811K->113138K(285568K), 0.0930984 secs] [Times: user=0.13 sys=0.00, real=0.09 secs] 
Heap after GC invocations=51 (full 6):
 PSYoungGen      total 151616K, used 18833K [0x2d5a0000, 0x38040000, 0x38040000)
  eden space 132736K, 0% used [0x2d5a0000,0x2d5a0000,0x35740000)
  from space 18880K, 99% used [0x35740000,0x369a4630,0x369b0000)
  to   space 23104K, 0% used [0x369b0000,0x369b0000,0x38040000)
 PSOldGen        total 133952K, used 94305K [0x18040000, 0x20310000, 0x2d5a0000)
  object space 133952K, 70% used [0x18040000,0x1dc58570,0x20310000)
 PSPermGen       total 79872K, used 56437K [0x10040000, 0x14e40000, 0x18040000)
  object space 79872K, 70% used [0x10040000,0x1375d778,0x14e40000)
}
Total time for which application threads were stopped: 0.0936477 seconds
Application time: 0.0001981 seconds
Total time for which application threads were stopped: 0.0002215 seconds
Application time: 0.0000246 seconds
Total time for which application threads were stopped: 0.0000844 seconds
Application time: 0.0401900 seconds
Total time for which application threads were stopped: 0.0004886 seconds
Application time: 0.0000880 seconds
Total time for which application threads were stopped: 0.0001087 seconds
Application time: 0.0218014 seconds
Total time for which application threads were stopped: 0.0005333 seconds
Application time: 0.0740963 seconds
Total time for which application threads were stopped: 0.0003179 seconds
Application time: 0.0105209 seconds
Total time for which application threads were stopped: 0.0002584 seconds
Application time: 0.0015541 seconds
Total time for which application threads were stopped: 0.0002073 seconds
Application time: 0.0006202 seconds
Total time for which application threads were stopped: 0.0001095 seconds
Application time: 0.0007400 seconds
Total time for which application threads were stopped: 0.0001788 seconds
Application time: 0.0005070 seconds
Total time for which application threads were stopped: 0.0001444 seconds
Application time: 0.0075317 seconds
Total time for which application threads were stopped: 0.0002975 seconds
Application time: 0.1018300 seconds
Total time for which application threads were stopped: 0.0188225 seconds
Application time: 0.0246260 seconds
Total time for which application threads were stopped: 0.0048679 seconds
Application time: 0.0250579 seconds
Total time for which application threads were stopped: 0.0002674 seconds
Application time: 0.0001358 seconds
Total time for which application threads were stopped: 0.0000888 seconds
Application time: 0.0071020 seconds
Total time for which application threads were stopped: 0.0002551 seconds
Application time: 0.0022011 seconds
Total time for which application threads were stopped: 0.0002260 seconds
Application time: 0.0069417 seconds
Total time for which application threads were stopped: 0.0002850 seconds
Application time: 0.0006107 seconds
Total time for which application threads were stopped: 0.0001467 seconds
Application time: 0.0006031 seconds
Total time for which application threads were stopped: 0.0001852 seconds
Application time: 0.0005233 seconds
Total time for which application threads were stopped: 0.0001143 seconds
Application time: 0.0307416 seconds
Total time for which application threads were stopped: 0.0002430 seconds
Application time: 0.0200769 seconds
Total time for which application threads were stopped: 0.0006945 seconds
Application time: 0.0079485 seconds
Total time for which application threads were stopped: 0.0002500 seconds
Application time: 0.0122102 seconds
Total time for which application threads were stopped: 0.0002587 seconds
Application time: 0.0053267 seconds
Total time for which application threads were stopped: 0.0002377 seconds
Application time: 0.0002282 seconds
Total time for which application threads were stopped: 0.0001017 seconds
Application time: 0.0355601 seconds
Total time for which application threads were stopped: 0.0003132 seconds
Application time: 0.0119068 seconds
Total time for which application threads were stopped: 0.0002369 seconds
Application time: 0.0000201 seconds
Total time for which application threads were stopped: 0.0000682 seconds
Application time: 0.0000173 seconds
Total time for which application threads were stopped: 0.0000715 seconds
Application time: 0.0000436 seconds
Total time for which application threads were stopped: 0.0000645 seconds
Application time: 0.0211429 seconds
Total time for which application threads were stopped: 0.0048227 seconds
Application time: 0.0136869 seconds
Total time for which application threads were stopped: 0.0002769 seconds
Application time: 0.0002232 seconds
Total time for which application threads were stopped: 0.0001344 seconds
Application time: 0.0061435 seconds
Total time for which application threads were stopped: 0.0002967 seconds
Application time: 0.0008180 seconds
Total time for which application threads were stopped: 0.0001847 seconds
Application time: 0.0002970 seconds
Total time for which application threads were stopped: 0.0001042 seconds
Application time: 0.0086391 seconds
Total time for which application threads were stopped: 0.0002855 seconds
Application time: 0.0000210 seconds
Total time for which application threads were stopped: 0.0000715 seconds
Application time: 0.0000145 seconds
Total time for which application threads were stopped: 0.0000654 seconds
Application time: 0.0000131 seconds
Total time for which application threads were stopped: 0.0000620 seconds
Application time: 0.0000391 seconds
Total time for which application threads were stopped: 0.0000657 seconds
Application time: 0.0000154 seconds
Total time for which application threads were stopped: 0.0000640 seconds
Application time: 0.0175357 seconds
Total time for which application threads were stopped: 0.0012002 seconds
Application time: 0.0033381 seconds
Total time for which application threads were stopped: 0.0002545 seconds
Application time: 0.0219751 seconds
Total time for which application threads were stopped: 0.0002626 seconds
Application time: 0.0308056 seconds
Total time for which application threads were stopped: 0.0002573 seconds
Application time: 0.0036027 seconds
Total time for which application threads were stopped: 0.0002847 seconds
Application time: 0.0000187 seconds
Total time for which application threads were stopped: 0.0000682 seconds
Application time: 0.0000142 seconds
Total time for which application threads were stopped: 0.0000589 seconds
Application time: 0.0000120 seconds
Total time for which application threads were stopped: 0.0000581 seconds
Application time: 0.0000469 seconds
Total time for which application threads were stopped: 0.0000626 seconds
Application time: 0.0015664 seconds
Total time for which application threads were stopped: 0.0002539 seconds
Application time: 0.0063019 seconds
Total time for which application threads were stopped: 0.0002657 seconds
Application time: 0.0001394 seconds
Total time for which application threads were stopped: 0.0000900 seconds
Application time: 0.0003081 seconds
Total time for which application threads were stopped: 0.0001232 seconds
Application time: 0.0001196 seconds
Total time for which application threads were stopped: 0.0000816 seconds
Application time: 0.0002461 seconds
Total time for which application threads were stopped: 0.0008345 seconds
Application time: 0.0004436 seconds
Total time for which application threads were stopped: 0.0001922 seconds
Application time: 0.0003657 seconds
Total time for which application threads were stopped: 0.0001310 seconds
Application time: 0.0044986 seconds
Total time for which application threads were stopped: 0.0004311 seconds
Application time: 0.0000363 seconds
Total time for which application threads were stopped: 0.0000793 seconds
Application time: 0.0000226 seconds
Total time for which application threads were stopped: 0.0000710 seconds
Application time: 0.0197796 seconds
Total time for which application threads were stopped: 0.0011736 seconds
Application time: 0.0127145 seconds
Total time for which application threads were stopped: 0.0009079 seconds
Application time: 0.0424465 seconds
Total time for which application threads were stopped: 0.0048582 seconds
Application time: 0.0001587 seconds
Total time for which application threads were stopped: 0.0001098 seconds
Application time: 0.0135813 seconds
Total time for which application threads were stopped: 0.0003218 seconds
Application time: 0.0031258 seconds
Total time for which application threads were stopped: 0.0050917 seconds
Application time: 0.0010920 seconds
Total time for which application threads were stopped: 0.0014468 seconds
Application time: 0.0012219 seconds
Total time for which application threads were stopped: 0.0052283 seconds
Application time: 0.0097096 seconds
Total time for which application threads were stopped: 0.0002903 seconds
Application time: 0.0054694 seconds
Total time for which application threads were stopped: 0.0002565 seconds
Application time: 0.0578962 seconds
Total time for which application threads were stopped: 0.0005576 seconds
Application time: 0.0011071 seconds
Total time for which application threads were stopped: 0.0003062 seconds
Application time: 0.0221972 seconds
Total time for which application threads were stopped: 0.0002430 seconds
Application time: 0.0030116 seconds
Total time for which application threads were stopped: 0.0002109 seconds
Application time: 0.0008009 seconds
Total time for which application threads were stopped: 0.0001176 seconds
Application time: 0.0165711 seconds
Total time for which application threads were stopped: 0.0147323 seconds
Application time: 0.0040486 seconds
Total time for which application threads were stopped: 0.0003053 seconds
Application time: 0.1204824 seconds
Total time for which application threads were stopped: 0.0006297 seconds
Application time: 0.0000321 seconds
Total time for which application threads were stopped: 0.0013113 seconds
Application time: 0.0136014 seconds
Total time for which application threads were stopped: 0.0012535 seconds
Application time: 0.0035982 seconds
Total time for which application threads were stopped: 0.0010574 seconds
Application time: 0.0101217 seconds
Total time for which application threads were stopped: 0.0002430 seconds
Application time: 0.1181058 seconds
Total time for which application threads were stopped: 0.0003866 seconds
Application time: 0.1220203 seconds
Total time for which application threads were stopped: 0.0002796 seconds
Application time: 0.0000335 seconds
Total time for which application threads were stopped: 0.0012923 seconds
Application time: 0.0025735 seconds
Total time for which application threads were stopped: 0.0002065 seconds
Application time: 0.0026112 seconds
Total time for which application threads were stopped: 0.0012801 seconds
Application time: 0.0044774 seconds
Total time for which application threads were stopped: 0.0013845 seconds
Application time: 0.0040231 seconds
Total time for which application threads were stopped: 0.0002065 seconds
Application time: 0.0026129 seconds
Total time for which application threads were stopped: 0.0002165 seconds
Application time: 0.0001062 seconds
Total time for which application threads were stopped: 0.0000986 seconds
Application time: 0.0145292 seconds
Total time for which application threads were stopped: 0.0002606 seconds
Application time: 0.0006847 seconds
Total time for which application threads were stopped: 0.0001271 seconds
Application time: 0.0000623 seconds
Total time for which application threads were stopped: 0.0000866 seconds
Application time: 0.0003584 seconds
Total time for which application threads were stopped: 0.0000874 seconds
Application time: 0.0008979 seconds
Total time for which application threads were stopped: 0.0006783 seconds
Application time: 0.0039449 seconds
Total time for which application threads were stopped: 0.0002143 seconds
Application time: 0.0001374 seconds
Total time for which application threads were stopped: 0.0001215 seconds
Application time: 0.0004618 seconds
Total time for which application threads were stopped: 0.0000972 seconds
Application time: 0.0009479 seconds
Total time for which application threads were stopped: 0.0001777 seconds
Application time: 0.0003928 seconds
Total time for which application threads were stopped: 0.0000860 seconds
Application time: 0.0004428 seconds
Total time for which application threads were stopped: 0.0001073 seconds
Application time: 0.0752934 seconds
Total time for which application threads were stopped: 0.0005054 seconds
Application time: 0.0064299 seconds
Total time for which application threads were stopped: 0.0002430 seconds
Application time: 0.0006266 seconds
Total time for which application threads were stopped: 0.0001349 seconds
Application time: 0.0028699 seconds
Total time for which application threads were stopped: 0.0001891 seconds
Application time: 0.0180942 seconds
Total time for which application threads were stopped: 0.0002710 seconds
Application time: 0.0000330 seconds
Total time for which application threads were stopped: 0.0000983 seconds
Application time: 0.0000184 seconds
Total time for which application threads were stopped: 0.0001003 seconds
Application time: 0.0651938 seconds
Total time for which application threads were stopped: 0.0013354 seconds
Application time: 0.0406806 seconds
Total time for which application threads were stopped: 0.0057080 seconds
Application time: 0.0128843 seconds
Total time for which application threads were stopped: 0.0010205 seconds
Application time: 0.0028847 seconds
Total time for which application threads were stopped: 0.0001718 seconds
Application time: 0.0049911 seconds
Total time for which application threads were stopped: 0.0002201 seconds
Application time: 0.0000472 seconds
Total time for which application threads were stopped: 0.0001285 seconds
Application time: 0.0000807 seconds
Total time for which application threads were stopped: 0.0000690 seconds
Application time: 0.0000285 seconds
Total time for which application threads were stopped: 0.0000598 seconds
Application time: 0.0001084 seconds
Total time for which application threads were stopped: 0.0001134 seconds
Application time: 0.0028573 seconds
Total time for which application threads were stopped: 0.0001947 seconds
Application time: 0.0000472 seconds
Total time for which application threads were stopped: 0.0000626 seconds
Application time: 0.0000285 seconds
Total time for which application threads were stopped: 0.0000601 seconds
Application time: 0.0000416 seconds
Total time for which application threads were stopped: 0.0000609 seconds
Application time: 0.0000372 seconds
Total time for which application threads were stopped: 0.0000603 seconds
Application time: 0.0000249 seconds
Total time for which application threads were stopped: 0.0000581 seconds
Application time: 0.0000260 seconds
Total time for which application threads were stopped: 0.0000581 seconds
Application time: 0.0000237 seconds
Total time for which application threads were stopped: 0.0000584 seconds
Application time: 0.0000254 seconds
Total time for which application threads were stopped: 0.0000592 seconds
Application time: 0.0215606 seconds
Total time for which application threads were stopped: 0.0002771 seconds
Application time: 0.0484673 seconds
Total time for which application threads were stopped: 0.0002495 seconds
Application time: 0.0086972 seconds
Total time for which application threads were stopped: 0.0002274 seconds
Application time: 0.0060091 seconds
Total time for which application threads were stopped: 0.0001732 seconds
Application time: 0.0047405 seconds
Total time for which application threads were stopped: 0.0002053 seconds
Application time: 0.0000235 seconds
Total time for which application threads were stopped: 0.0000975 seconds
Application time: 0.0000210 seconds
Total time for which application threads were stopped: 0.0000916 seconds
Application time: 0.0000182 seconds
Total time for which application threads were stopped: 0.0000796 seconds
Application time: 0.0000223 seconds
Total time for which application threads were stopped: 0.0000919 seconds
Application time: 0.0000207 seconds
Total time for which application threads were stopped: 0.0001148 seconds
Application time: 0.0000168 seconds
Total time for which application threads were stopped: 0.0000827 seconds
Application time: 0.0272384 seconds
Total time for which application threads were stopped: 0.0010932 seconds
Application time: 0.0048068 seconds
Total time for which application threads were stopped: 0.0002520 seconds
Application time: 0.0000455 seconds
Total time for which application threads were stopped: 0.0000908 seconds
Application time: 0.0000335 seconds
Total time for which application threads were stopped: 0.0000777 seconds
Application time: 0.0000310 seconds
Total time for which application threads were stopped: 0.0000676 seconds
Application time: 0.0000243 seconds
Total time for which application threads were stopped: 0.0000813 seconds
Application time: 0.0009426 seconds
Total time for which application threads were stopped: 0.0001377 seconds
Application time: 0.0041028 seconds
Total time for which application threads were stopped: 0.0007789 seconds
Application time: 0.0117166 seconds
Total time for which application threads were stopped: 0.0002517 seconds
Application time: 0.0002961 seconds
Total time for which application threads were stopped: 0.0001076 seconds
Application time: 0.0056960 seconds
Total time for which application threads were stopped: 0.0002221 seconds
Application time: 0.0015178 seconds
Total time for which application threads were stopped: 0.0001578 seconds
Application time: 0.0168859 seconds
Total time for which application threads were stopped: 0.0002632 seconds
Application time: 0.0146457 seconds
Total time for which application threads were stopped: 0.0002620 seconds
Application time: 0.0055803 seconds
Total time for which application threads were stopped: 0.0002190 seconds
Application time: 0.0180397 seconds
Total time for which application threads were stopped: 0.0004344 seconds
Application time: 0.0000341 seconds
Total time for which application threads were stopped: 0.0000986 seconds
Application time: 0.0000757 seconds
Total time for which application threads were stopped: 0.0000844 seconds
Application time: 0.0000257 seconds
Total time for which application threads were stopped: 0.0000860 seconds
Application time: 0.0010348 seconds
Total time for which application threads were stopped: 0.0001645 seconds
Application time: 0.0660444 seconds
Total time for which application threads were stopped: 0.0016692 seconds
Application time: 0.0777951 seconds
Total time for which application threads were stopped: 0.0028688 seconds
Application time: 0.1217194 seconds
Total time for which application threads were stopped: 0.0010437 seconds
Application time: 0.0005160 seconds
Total time for which application threads were stopped: 0.0002341 seconds
Application time: 0.0132129 seconds
Total time for which application threads were stopped: 0.0006073 seconds
Application time: 0.0109735 seconds
Total time for which application threads were stopped: 0.0003852 seconds
Application time: 0.0048604 seconds
Total time for which application threads were stopped: 0.0047651 seconds
Application time: 0.1267172 seconds
Total time for which application threads were stopped: 0.0004579 seconds
Application time: 0.0000908 seconds
Total time for which application threads were stopped: 0.0000986 seconds
Application time: 0.0126105 seconds
Total time for which application threads were stopped: 0.0003269 seconds
Application time: 0.0000830 seconds
Total time for which application threads were stopped: 0.0000950 seconds
Application time: 0.0136671 seconds
Total time for which application threads were stopped: 0.0002417 seconds
Application time: 0.0006911 seconds
Total time for which application threads were stopped: 0.0001430 seconds
Application time: 0.0014932 seconds
Total time for which application threads were stopped: 0.0001861 seconds
Application time: 0.0000958 seconds
Total time for which application threads were stopped: 0.0000763 seconds
Application time: 0.0001333 seconds
Total time for which application threads were stopped: 0.0000975 seconds
Application time: 0.0001293 seconds
Total time for which application threads were stopped: 0.0000707 seconds
Application time: 0.0001282 seconds
Total time for which application threads were stopped: 0.0000673 seconds
Application time: 0.0001849 seconds
Total time for which application threads were stopped: 0.0001246 seconds
Application time: 0.0041572 seconds
Total time for which application threads were stopped: 0.0003436 seconds
Application time: 0.0177662 seconds
Total time for which application threads were stopped: 0.0002771 seconds
Application time: 0.0103812 seconds
Total time for which application threads were stopped: 0.0002623 seconds
Application time: 0.0313057 seconds
Total time for which application threads were stopped: 0.0004730 seconds
Application time: 0.0038659 seconds
Total time for which application threads were stopped: 0.0002389 seconds
Application time: 0.0025811 seconds
Total time for which application threads were stopped: 0.0001794 seconds
Application time: 0.0029680 seconds
Total time for which application threads were stopped: 0.0002011 seconds
Application time: 0.0184289 seconds
Total time for which application threads were stopped: 0.0002738 seconds
Application time: 0.0021355 seconds
Total time for which application threads were stopped: 0.0001553 seconds
Application time: 0.0013845 seconds
Total time for which application threads were stopped: 0.0007015 seconds
Application time: 0.0003291 seconds
Total time for which application threads were stopped: 0.0000975 seconds
Application time: 0.0000690 seconds
Total time for which application threads were stopped: 0.0000634 seconds
Application time: 0.0485545 seconds
Total time for which application threads were stopped: 0.0002461 seconds
Application time: 0.0164052 seconds
Total time for which application threads were stopped: 0.0006559 seconds
Application time: 0.0042807 seconds
Total time for which application threads were stopped: 0.0002531 seconds
Application time: 0.0013245 seconds
Total time for which application threads were stopped: 0.0001455 seconds
Application time: 0.0054166 seconds
Total time for which application threads were stopped: 0.0002548 seconds
Application time: 0.0279547 seconds
Total time for which application threads were stopped: 0.0002668 seconds
Application time: 0.0074057 seconds
Total time for which application threads were stopped: 0.0002246 seconds
Application time: 0.0029764 seconds
Total time for which application threads were stopped: 0.0001805 seconds
Application time: 0.0008951 seconds
Total time for which application threads were stopped: 0.0000860 seconds
Application time: 0.0001461 seconds
Total time for which application threads were stopped: 0.0000623 seconds
Application time: 0.0000232 seconds
Total time for which application threads were stopped: 0.0000598 seconds
Application time: 0.0000260 seconds
Total time for which application threads were stopped: 0.0000665 seconds
Application time: 0.0000257 seconds
Total time for which application threads were stopped: 0.0000598 seconds
Application time: 0.1247538 seconds
Total time for which application threads were stopped: 0.0007987 seconds
Application time: 0.0001145 seconds
Total time for which application threads were stopped: 0.0001137 seconds
Application time: 0.0789399 seconds
Total time for which application threads were stopped: 0.0003053 seconds
Application time: 0.0002252 seconds
Total time for which application threads were stopped: 0.0001282 seconds
Application time: 0.0001752 seconds
Total time for which application threads were stopped: 0.0001157 seconds
Application time: 0.0012404 seconds
Total time for which application threads were stopped: 0.0001411 seconds
Application time: 0.0025235 seconds
Total time for which application threads were stopped: 0.0001260 seconds
Application time: 0.0002243 seconds
Total time for which application threads were stopped: 0.0000953 seconds
Application time: 0.0030155 seconds
Total time for which application threads were stopped: 0.0001687 seconds
Application time: 0.0000190 seconds
Total time for which application threads were stopped: 0.0000813 seconds
Application time: 0.0000232 seconds
Total time for which application threads were stopped: 0.0000754 seconds
Application time: 0.0000355 seconds
Total time for which application threads were stopped: 0.0007878 seconds
Application time: 0.0000156 seconds
Total time for which application threads were stopped: 0.0000701 seconds
Application time: 0.0015753 seconds
Total time for which application threads were stopped: 0.0001766 seconds
Application time: 0.0000204 seconds
Total time for which application threads were stopped: 0.0000768 seconds
Application time: 0.0096881 seconds
Total time for which application threads were stopped: 0.0002414 seconds
Application time: 0.0000986 seconds
Total time for which application threads were stopped: 0.0000939 seconds
Application time: 0.0069350 seconds
Total time for which application threads were stopped: 0.0002777 seconds
Application time: 0.0207859 seconds
Total time for which application threads were stopped: 0.0002539 seconds
Application time: 0.0033887 seconds
Total time for which application threads were stopped: 0.0001897 seconds
Application time: 0.0011054 seconds
Total time for which application threads were stopped: 0.0001078 seconds
Application time: 0.0001464 seconds
Total time for which application threads were stopped: 0.0000888 seconds
Application time: 0.0000313 seconds
Total time for which application threads were stopped: 0.0000771 seconds
Application time: 0.0000332 seconds
Total time for which application threads were stopped: 0.0000855 seconds
Application time: 0.0000291 seconds
Total time for which application threads were stopped: 0.0000640 seconds
Application time: 0.0000237 seconds
Total time for which application threads were stopped: 0.0000777 seconds
Application time: 0.0250970 seconds
Total time for which application threads were stopped: 0.0008973 seconds
Application time: 0.0341851 seconds
Total time for which application threads were stopped: 0.0002880 seconds
Application time: 0.0033577 seconds
Total time for which application threads were stopped: 0.0002042 seconds
Application time: 0.0001989 seconds
Total time for which application threads were stopped: 0.0000930 seconds
Application time: 0.0001645 seconds
Total time for which application threads were stopped: 0.0000785 seconds
Application time: 0.0005255 seconds
Total time for which application threads were stopped: 0.0001347 seconds
Application time: 0.0053998 seconds
Total time for which application threads were stopped: 0.0001925 seconds
Application time: 0.0000902 seconds
Total time for which application threads were stopped: 0.0001050 seconds
Application time: 0.0025375 seconds
Total time for which application threads were stopped: 0.0001713 seconds
Application time: 0.0009878 seconds
Total time for which application threads were stopped: 0.0001187 seconds
Application time: 0.0014094 seconds
Total time for which application threads were stopped: 0.0001411 seconds
Application time: 0.0000475 seconds
Total time for which application threads were stopped: 0.0001196 seconds
Application time: 0.0000229 seconds
Total time for which application threads were stopped: 0.0000735 seconds
Application time: 0.0000196 seconds
Total time for which application threads were stopped: 0.0000735 seconds
Application time: 0.0000168 seconds
Total time for which application threads were stopped: 0.0000648 seconds
Application time: 0.0000184 seconds
Total time for which application threads were stopped: 0.0001006 seconds
Application time: 0.0168276 seconds
Total time for which application threads were stopped: 0.0003464 seconds
Application time: 0.1572929 seconds
Total time for which application threads were stopped: 0.0002855 seconds
Application time: 0.0110154 seconds
Total time for which application threads were stopped: 0.0002593 seconds
Application time: 0.0000235 seconds
Total time for which application threads were stopped: 0.0000950 seconds
Application time: 0.0007741 seconds
Total time for which application threads were stopped: 0.0001045 seconds
Application time: 0.0001743 seconds
Total time for which application threads were stopped: 0.0000849 seconds
Application time: 0.0939619 seconds
Total time for which application threads were stopped: 0.0080502 seconds
Application time: 0.0004587 seconds
Total time for which application threads were stopped: 0.0021670 seconds
Application time: 0.0056105 seconds
Total time for which application threads were stopped: 0.0008395 seconds
Application time: 0.0166753 seconds
Total time for which application threads were stopped: 0.0046942 seconds
Application time: 0.0016550 seconds
Total time for which application threads were stopped: 0.0002545 seconds
Application time: 0.0308522 seconds
Total time for which application threads were stopped: 0.0005006 seconds
Application time: 0.0007303 seconds
Total time for which application threads were stopped: 0.0001483 seconds
Application time: 0.0031549 seconds
Total time for which application threads were stopped: 0.0002869 seconds
Application time: 0.0321273 seconds
Total time for which application threads were stopped: 0.0003517 seconds
Application time: 0.0168770 seconds
Total time for which application threads were stopped: 0.0019380 seconds
Application time: 0.1462616 seconds
Total time for which application threads were stopped: 0.0173757 seconds
Application time: 0.0000626 seconds
Total time for which application threads were stopped: 0.0000950 seconds
Application time: 0.0000360 seconds
Total time for which application threads were stopped: 0.0000981 seconds
Application time: 0.0066877 seconds
{Heap before GC invocations=52 (full 6):
 PSYoungGen      total 151616K, used 151569K [0x2d5a0000, 0x38040000, 0x38040000)
  eden space 132736K, 100% used [0x2d5a0000,0x35740000,0x35740000)
  from space 18880K, 99% used [0x35740000,0x369a4630,0x369b0000)
  to   space 23104K, 0% used [0x369b0000,0x369b0000,0x38040000)
 PSOldGen        total 133952K, used 94305K [0x18040000, 0x20310000, 0x2d5a0000)
  object space 133952K, 70% used [0x18040000,0x1dc58570,0x20310000)
 PSPermGen       total 79872K, used 58036K [0x10040000, 0x14e40000, 0x18040000)
  object space 79872K, 72% used [0x10040000,0x138ed188,0x14e40000)
234.302: [GC [PSYoungGen: 151569K->17134K(145984K)] 245874K->111439K(279936K), 0.0456125 secs] [Times: user=0.09 sys=0.00, real=0.05 secs] 
Heap after GC invocations=52 (full 6):
 PSYoungGen      total 145984K, used 17134K [0x2d5a0000, 0x38040000, 0x38040000)
  eden space 122880K, 0% used [0x2d5a0000,0x2d5a0000,0x34da0000)
  from space 23104K, 74% used [0x369b0000,0x37a6b9f8,0x38040000)
  to   space 25920K, 0% used [0x34da0000,0x34da0000,0x366f0000)
 PSOldGen        total 133952K, used 94305K [0x18040000, 0x20310000, 0x2d5a0000)
  object space 133952K, 70% used [0x18040000,0x1dc58570,0x20310000)
 PSPermGen       total 79872K, used 58036K [0x10040000, 0x14e40000, 0x18040000)
  object space 79872K, 72% used [0x10040000,0x138ed188,0x14e40000)
}
Total time for which application threads were stopped: 0.0499376 seconds
Application time: 0.0010610 seconds
Total time for which application threads were stopped: 0.0002352 seconds
Application time: 0.0009881 seconds
Total time for which application threads were stopped: 0.0001238 seconds
Application time: 0.0020064 seconds
Total time for which application threads were stopped: 0.0001983 seconds
Application time: 0.0167530 seconds
Total time for which application threads were stopped: 0.0008406 seconds
Application time: 0.0054267 seconds
Total time for which application threads were stopped: 0.0002724 seconds
Application time: 0.0095512 seconds
Total time for which application threads were stopped: 0.0002271 seconds
Application time: 0.0042276 seconds
Total time for which application threads were stopped: 0.0002274 seconds
Application time: 0.0000534 seconds
Total time for which application threads were stopped: 0.0000821 seconds
Application time: 0.0000291 seconds
Total time for which application threads were stopped: 0.0000849 seconds
Application time: 0.0000285 seconds
Total time for which application threads were stopped: 0.0000785 seconds
Application time: 0.0105120 seconds
Total time for which application threads were stopped: 0.0003252 seconds
Application time: 0.0012398 seconds
Total time for which application threads were stopped: 0.0001740 seconds
Application time: 0.0095018 seconds
Total time for which application threads were stopped: 0.0011278 seconds
Application time: 0.0095912 seconds
Total time for which application threads were stopped: 0.0002914 seconds
Application time: 0.0062276 seconds
Total time for which application threads were stopped: 0.0002863 seconds
Application time: 0.0006487 seconds
Total time for which application threads were stopped: 0.0001654 seconds
Application time: 0.0000634 seconds
Total time for which application threads were stopped: 0.0001006 seconds
Application time: 0.0000243 seconds
Total time for which application threads were stopped: 0.0000830 seconds
Application time: 0.2206817 seconds
Total time for which application threads were stopped: 0.0010786 seconds
Application time: 0.0006562 seconds
Total time for which application threads were stopped: 0.0001623 seconds
Application time: 0.0003903 seconds
Total time for which application threads were stopped: 0.0001207 seconds
Application time: 0.0037728 seconds
Total time for which application threads were stopped: 0.0002615 seconds
Application time: 0.0000469 seconds
Total time for which application threads were stopped: 0.0000936 seconds
Application time: 0.0000332 seconds
Total time for which application threads were stopped: 0.0000841 seconds
Application time: 0.0000578 seconds
Total time for which application threads were stopped: 0.0000972 seconds
Application time: 0.0006777 seconds
Total time for which application threads were stopped: 0.0001263 seconds
Application time: 0.0367195 seconds
Total time for which application threads were stopped: 0.0004674 seconds
Application time: 0.0990335 seconds
Total time for which application threads were stopped: 0.0003540 seconds
Application time: 0.0006361 seconds
Total time for which application threads were stopped: 0.0002025 seconds
Application time: 0.0000422 seconds
Total time for which application threads were stopped: 0.0008423 seconds
Application time: 0.0061519 seconds
Total time for which application threads were stopped: 0.0002503 seconds
Application time: 0.0200537 seconds
Total time for which application threads were stopped: 0.0003288 seconds
Application time: 0.0640889 seconds
Total time for which application threads were stopped: 0.0006627 seconds
Application time: 0.0000263 seconds
Total time for which application threads were stopped: 0.0007836 seconds
Application time: 0.0200084 seconds
Total time for which application threads were stopped: 0.0016396 seconds
Application time: 0.0103921 seconds
Total time for which application threads were stopped: 0.0092702 seconds
Application time: 0.0065891 seconds
Total time for which application threads were stopped: 0.0003732 seconds
Application time: 0.0040111 seconds
Total time for which application threads were stopped: 0.0010959 seconds
Application time: 0.0561208 seconds
Total time for which application threads were stopped: 0.0016449 seconds
Application time: 0.0017198 seconds
Total time for which application threads were stopped: 0.0001729 seconds
Application time: 0.0007576 seconds
Total time for which application threads were stopped: 0.0001514 seconds
Application time: 0.0004844 seconds
Total time for which application threads were stopped: 0.0001062 seconds
Application time: 0.0009828 seconds
Total time for which application threads were stopped: 0.0010825 seconds
Application time: 0.0002816 seconds
Total time for which application threads were stopped: 0.0000916 seconds
Application time: 0.0011636 seconds
Total time for which application threads were stopped: 0.0001333 seconds
Application time: 0.0002542 seconds
Total time for which application threads were stopped: 0.0000933 seconds
Application time: 0.0002495 seconds
Total time for which application threads were stopped: 0.0000860 seconds
Application time: 0.0002735 seconds
Total time for which application threads were stopped: 0.0000802 seconds
Application time: 0.0002545 seconds
Total time for which application threads were stopped: 0.0000866 seconds
Application time: 0.0038494 seconds
Total time for which application threads were stopped: 0.0004199 seconds
Application time: 0.0021654 seconds
Total time for which application threads were stopped: 0.0077515 seconds
Application time: 0.0028998 seconds
Total time for which application threads were stopped: 0.0005369 seconds
Application time: 0.0930576 seconds
Total time for which application threads were stopped: 0.0006565 seconds
Application time: 0.0062307 seconds
Total time for which application threads were stopped: 0.0002886 seconds
Application time: 0.2821744 seconds
Total time for which application threads were stopped: 0.0031314 seconds
Application time: 0.0006635 seconds
Total time for which application threads were stopped: 0.0002408 seconds
Application time: 0.0070428 seconds
Total time for which application threads were stopped: 0.0029937 seconds
Application time: 0.0001014 seconds
Total time for which application threads were stopped: 0.0002674 seconds
Application time: 0.0054001 seconds
Total time for which application threads were stopped: 0.0004956 seconds
Application time: 0.0028705 seconds
Total time for which application threads were stopped: 0.0002701 seconds
Application time: 0.0012267 seconds
Total time for which application threads were stopped: 0.0001961 seconds
Application time: 0.0015429 seconds
Total time for which application threads were stopped: 0.0002794 seconds
Application time: 0.0000380 seconds
Total time for which application threads were stopped: 0.0001316 seconds
Application time: 0.0000352 seconds
Total time for which application threads were stopped: 0.0001182 seconds
Application time: 0.0000679 seconds
Total time for which application threads were stopped: 0.0000961 seconds
Application time: 0.0000263 seconds
Total time for which application threads were stopped: 0.0000897 seconds
Application time: 0.0025196 seconds
Total time for which application threads were stopped: 0.0022807 seconds
Application time: 0.0079625 seconds
Total time for which application threads were stopped: 0.0004084 seconds
Application time: 0.0000729 seconds
Total time for which application threads were stopped: 0.0002115 seconds
Application time: 0.0000313 seconds
Total time for which application threads were stopped: 0.0002347 seconds
Application time: 0.0002123 seconds
Total time for which application threads were stopped: 0.0001207 seconds
Application time: 0.0000391 seconds
Total time for which application threads were stopped: 0.0001296 seconds
Application time: 0.0000592 seconds
Total time for which application threads were stopped: 0.0002065 seconds
Application time: 0.0000321 seconds
Total time for which application threads were stopped: 0.0001076 seconds
Application time: 0.0000327 seconds
Total time for which application threads were stopped: 0.0001492 seconds
Application time: 0.0000475 seconds
Total time for which application threads were stopped: 0.0000969 seconds
Application time: 0.0010183 seconds
Total time for which application threads were stopped: 0.0001810 seconds
Application time: 0.0000355 seconds
Total time for which application threads were stopped: 0.0001743 seconds
Application time: 0.0000288 seconds
Total time for which application threads were stopped: 0.0001425 seconds
Application time: 0.0000313 seconds
Total time for which application threads were stopped: 0.0001126 seconds
Application time: 0.0000372 seconds
Total time for which application threads were stopped: 0.0001358 seconds
Application time: 0.0003352 seconds
Total time for which application threads were stopped: 0.0001369 seconds
Application time: 0.0046791 seconds
Total time for which application threads were stopped: 0.0004657 seconds
Application time: 0.0004643 seconds
Total time for which application threads were stopped: 0.0010177 seconds
Application time: 0.0004056 seconds
Total time for which application threads were stopped: 0.0003087 seconds
Application time: 0.0037809 seconds
Total time for which application threads were stopped: 0.0021642 seconds
Application time: 0.0012049 seconds
Total time for which application threads were stopped: 0.0003707 seconds
Application time: 0.0013298 seconds
Total time for which application threads were stopped: 0.0001768 seconds
Application time: 0.0011630 seconds
Total time for which application threads were stopped: 0.0002157 seconds
Application time: 0.0011792 seconds
Total time for which application threads were stopped: 0.0003475 seconds
Application time: 0.0028459 seconds
Total time for which application threads were stopped: 0.0039586 seconds
Application time: 0.0479444 seconds
Total time for which application threads were stopped: 0.0029878 seconds
Application time: 0.0054842 seconds
Total time for which application threads were stopped: 0.0018310 seconds
Application time: 0.0058994 seconds
Total time for which application threads were stopped: 0.0026372 seconds
Application time: 0.0013625 seconds
Total time for which application threads were stopped: 0.0002414 seconds
Application time: 0.0048199 seconds
Total time for which application threads were stopped: 0.0005948 seconds
Application time: 0.0026037 seconds
Total time for which application threads were stopped: 0.0019329 seconds
Application time: 0.0050160 seconds
Total time for which application threads were stopped: 0.0007132 seconds
Application time: 0.0004090 seconds
Total time for which application threads were stopped: 0.0018025 seconds
Application time: 0.0072241 seconds
Total time for which application threads were stopped: 0.0019123 seconds
Application time: 0.0006073 seconds
Total time for which application threads were stopped: 0.0001978 seconds
Application time: 0.0001782 seconds
Total time for which application threads were stopped: 0.0002039 seconds
Application time: 0.0003685 seconds
Total time for which application threads were stopped: 0.0001584 seconds
Application time: 0.0001134 seconds
Total time for which application threads were stopped: 0.0002869 seconds
Application time: 0.0076722 seconds
Total time for which application threads were stopped: 0.0002646 seconds
Application time: 0.0001556 seconds
Total time for which application threads were stopped: 0.0000936 seconds
Application time: 0.0031814 seconds
Total time for which application threads were stopped: 0.0002400 seconds
Application time: 0.0001277 seconds
Total time for which application threads were stopped: 0.0001171 seconds
Application time: 0.0057155 seconds
Total time for which application threads were stopped: 0.0019477 seconds
Application time: 0.0032040 seconds
Total time for which application threads were stopped: 0.0002347 seconds
Application time: 0.0011074 seconds
Total time for which application threads were stopped: 0.0001307 seconds
Application time: 0.0039203 seconds
Total time for which application threads were stopped: 0.0018952 seconds
Application time: 0.0011610 seconds
Total time for which application threads were stopped: 0.0001816 seconds
Application time: 0.0002746 seconds
Total time for which application threads were stopped: 0.0001238 seconds
Application time: 0.0002422 seconds
Total time for which application threads were stopped: 0.0000989 seconds
Application time: 0.0024430 seconds
Total time for which application threads were stopped: 0.0001922 seconds
Application time: 0.0011211 seconds
Total time for which application threads were stopped: 0.0003593 seconds
Application time: 0.0007222 seconds
Total time for which application threads were stopped: 0.0001567 seconds
Application time: 0.0021737 seconds
Total time for which application threads were stopped: 0.0001537 seconds
Application time: 0.0019134 seconds
Total time for which application threads were stopped: 0.0002173 seconds
Application time: 0.0009121 seconds
Total time for which application threads were stopped: 0.0009627 seconds
Application time: 0.0032174 seconds
Total time for which application threads were stopped: 0.0002861 seconds
Application time: 0.0011325 seconds
Total time for which application threads were stopped: 0.0005216 seconds
Application time: 0.0000372 seconds
Total time for which application threads were stopped: 0.0000788 seconds
Application time: 0.0058209 seconds
Total time for which application threads were stopped: 0.0002749 seconds
Application time: 0.0137174 seconds
Total time for which application threads were stopped: 0.0003347 seconds
Application time: 0.0050864 seconds
Total time for which application threads were stopped: 0.0002146 seconds
Application time: 0.0011289 seconds
Total time for which application threads were stopped: 0.0001419 seconds
Application time: 0.0005470 seconds
Total time for which application threads were stopped: 0.0001243 seconds
Application time: 0.0003900 seconds
Total time for which application threads were stopped: 0.0001226 seconds
Application time: 0.0006671 seconds
Total time for which application threads were stopped: 0.0004534 seconds
Application time: 0.0007761 seconds
Total time for which application threads were stopped: 0.0001651 seconds
Application time: 0.0006979 seconds
Total time for which application threads were stopped: 0.0001185 seconds
Application time: 0.0797920 seconds
Total time for which application threads were stopped: 0.0013253 seconds
Application time: 0.0117649 seconds
Total time for which application threads were stopped: 0.0002947 seconds
Application time: 0.0036326 seconds
Total time for which application threads were stopped: 0.0002358 seconds
Application time: 0.0000321 seconds
Total time for which application threads were stopped: 0.0000849 seconds
Application time: 0.0382956 seconds
Total time for which application threads were stopped: 0.0004475 seconds
Application time: 0.0004355 seconds
Total time for which application threads were stopped: 0.0001542 seconds
Application time: 0.0060765 seconds
Total time for which application threads were stopped: 0.0002972 seconds
Application time: 0.0037038 seconds
Total time for which application threads were stopped: 0.0002531 seconds
Application time: 0.0013309 seconds
Total time for which application threads were stopped: 0.0001905 seconds
Application time: 0.0004084 seconds
Total time for which application threads were stopped: 0.0001562 seconds
Application time: 0.0009470 seconds
Total time for which application threads were stopped: 0.0001416 seconds
Application time: 0.0012826 seconds
Total time for which application threads were stopped: 0.0001805 seconds
Application time: 0.0004808 seconds
Total time for which application threads were stopped: 0.0001229 seconds
Application time: 0.0014588 seconds
Total time for which application threads were stopped: 0.0001553 seconds
Application time: 0.0002612 seconds
Total time for which application threads were stopped: 0.0000947 seconds
Application time: 0.0000237 seconds
Total time for which application threads were stopped: 0.0000914 seconds
Application time: 0.0018251 seconds
Total time for which application threads were stopped: 0.0001428 seconds
Application time: 0.0007032 seconds
Total time for which application threads were stopped: 0.0000897 seconds
Application time: 0.0004774 seconds
Total time for which application threads were stopped: 0.0000869 seconds
Application time: 0.0044372 seconds
Total time for which application threads were stopped: 0.0001880 seconds
Application time: 0.0002855 seconds
Total time for which application threads were stopped: 0.0000955 seconds
Application time: 0.0175902 seconds
Total time for which application threads were stopped: 0.0002950 seconds
Application time: 0.0003375 seconds
Total time for which application threads were stopped: 0.0001185 seconds
Application time: 0.0004104 seconds
Total time for which application threads were stopped: 0.0001235 seconds
Application time: 0.0017038 seconds
Total time for which application threads were stopped: 0.0001422 seconds
Application time: 0.0005300 seconds
Total time for which application threads were stopped: 0.0001341 seconds
Application time: 0.0004707 seconds
Total time for which application threads were stopped: 0.0001229 seconds
Application time: 0.0017726 seconds
Total time for which application threads were stopped: 0.0002201 seconds
Application time: 0.0000645 seconds
Total time for which application threads were stopped: 0.0001017 seconds
Application time: 0.0006641 seconds
Total time for which application threads were stopped: 0.0001218 seconds
Application time: 0.0006755 seconds
Total time for which application threads were stopped: 0.0001321 seconds
Application time: 0.0003841 seconds
Total time for which application threads were stopped: 0.0001190 seconds
Application time: 0.0007277 seconds
Total time for which application threads were stopped: 0.0001509 seconds
Application time: 0.0002889 seconds
Total time for which application threads were stopped: 0.0001117 seconds
Application time: 0.0028174 seconds
Total time for which application threads were stopped: 0.0001134 seconds
Application time: 0.0225889 seconds
Total time for which application threads were stopped: 0.0011124 seconds
Application time: 0.0004291 seconds
Total time for which application threads were stopped: 0.0001671 seconds
Application time: 0.0028830 seconds
Total time for which application threads were stopped: 0.0001908 seconds
Application time: 0.0022863 seconds
Total time for which application threads were stopped: 0.0001735 seconds
Application time: 0.0056236 seconds
Total time for which application threads were stopped: 0.0002699 seconds
Application time: 0.0045584 seconds
Total time for which application threads were stopped: 0.0003461 seconds
Application time: 0.0003696 seconds
Total time for which application threads were stopped: 0.0001103 seconds
Application time: 0.0238290 seconds
Total time for which application threads were stopped: 0.0002830 seconds
Application time: 0.0016276 seconds
Total time for which application threads were stopped: 0.0001187 seconds
Application time: 0.0016586 seconds
Total time for which application threads were stopped: 0.0005973 seconds
Application time: 0.0045422 seconds
Total time for which application threads were stopped: 0.0001813 seconds
Application time: 0.0102611 seconds
Total time for which application threads were stopped: 0.0002919 seconds
Application time: 0.0028199 seconds
Total time for which application threads were stopped: 0.0005031 seconds
Application time: 0.0012890 seconds
Total time for which application threads were stopped: 0.0001394 seconds
Application time: 0.0000173 seconds
Total time for which application threads were stopped: 0.0000690 seconds
Application time: 0.0000145 seconds
Total time for which application threads were stopped: 0.0000682 seconds
Application time: 0.0000486 seconds
Total time for which application threads were stopped: 0.0000701 seconds
Application time: 0.0000232 seconds
Total time for which application threads were stopped: 0.0000645 seconds
Application time: 0.0000142 seconds
Total time for which application threads were stopped: 0.0000643 seconds
Application time: 0.0000201 seconds
Total time for which application threads were stopped: 0.0008663 seconds
Application time: 0.0000444 seconds
Total time for which application threads were stopped: 0.0001358 seconds
Application time: 0.0000360 seconds
Total time for which application threads were stopped: 0.0000824 seconds
Application time: 0.0013848 seconds
Total time for which application threads were stopped: 0.0001495 seconds
Application time: 0.0059379 seconds
Total time for which application threads were stopped: 0.0002877 seconds
Application time: 0.0049900 seconds
Total time for which application threads were stopped: 0.0002875 seconds
Application time: 0.0003503 seconds
Total time for which application threads were stopped: 0.0001067 seconds
Application time: 0.0513733 seconds
Total time for which application threads were stopped: 0.0003607 seconds
Application time: 0.0030484 seconds
Total time for which application threads were stopped: 0.0002671 seconds
Application time: 0.0068187 seconds
Total time for which application threads were stopped: 0.0010912 seconds
Application time: 0.0453046 seconds
Total time for which application threads were stopped: 0.0040075 seconds
Application time: 0.0239184 seconds
Total time for which application threads were stopped: 0.0003456 seconds
Application time: 0.0040022 seconds
Total time for which application threads were stopped: 0.0002643 seconds
Application time: 0.0837699 seconds
Total time for which application threads were stopped: 0.0003157 seconds
Application time: 0.3303666 seconds
Total time for which application threads were stopped: 0.0068472 seconds
Application time: 0.0013764 seconds
Total time for which application threads were stopped: 0.0001690 seconds
Application time: 0.1551194 seconds
Total time for which application threads were stopped: 0.0083301 seconds
Application time: 0.0001564 seconds
Total time for which application threads were stopped: 0.0001383 seconds
Application time: 0.0001598 seconds
Total time for which application threads were stopped: 0.0007859 seconds
Application time: 0.0002746 seconds
Total time for which application threads were stopped: 0.0001215 seconds
Application time: 0.0151715 seconds
Total time for which application threads were stopped: 0.0003514 seconds
Application time: 0.0061363 seconds
Total time for which application threads were stopped: 0.0002847 seconds
Application time: 0.0000486 seconds
Total time for which application threads were stopped: 0.0001444 seconds
Application time: 0.1564422 seconds
Total time for which application threads were stopped: 0.0042545 seconds
Application time: 0.0086321 seconds
Total time for which application threads were stopped: 0.0002721 seconds
Application time: 0.0001386 seconds
Total time for which application threads were stopped: 0.0001129 seconds
Application time: 0.0281240 seconds
Total time for which application threads were stopped: 0.0003344 seconds
Application time: 0.0002880 seconds
Total time for which application threads were stopped: 0.0001218 seconds
Application time: 0.0212703 seconds
Total time for which application threads were stopped: 0.0003489 seconds
Application time: 0.0130860 seconds
Total time for which application threads were stopped: 0.0026738 seconds
Application time: 0.0002492 seconds
Total time for which application threads were stopped: 0.0001919 seconds
Application time: 0.0485643 seconds
Total time for which application threads were stopped: 0.0003241 seconds
Application time: 0.0225973 seconds
Total time for which application threads were stopped: 0.0003115 seconds
Application time: 0.1602751 seconds
Total time for which application threads were stopped: 0.0020821 seconds
Application time: 0.0009574 seconds
Total time for which application threads were stopped: 0.0008856 seconds
Application time: 0.0051557 seconds
{Heap before GC invocations=53 (full 6):
 PSYoungGen      total 145984K, used 140014K [0x2d5a0000, 0x38040000, 0x38040000)
  eden space 122880K, 100% used [0x2d5a0000,0x34da0000,0x34da0000)
  from space 23104K, 74% used [0x369b0000,0x37a6b9f8,0x38040000)
  to   space 25920K, 0% used [0x34da0000,0x34da0000,0x366f0000)
 PSOldGen        total 133952K, used 94305K [0x18040000, 0x20310000, 0x2d5a0000)
  object space 133952K, 70% used [0x18040000,0x1dc58570,0x20310000)
 PSPermGen       total 79872K, used 58113K [0x10040000, 0x14e40000, 0x18040000)
  object space 79872K, 72% used [0x10040000,0x139005b8,0x14e40000)
237.188: [GC [PSYoungGen: 140014K->19281K(142208K)] 234319K->113586K(276160K), 0.0471261 secs] [Times: user=0.08 sys=0.00, real=0.05 secs] 
Heap after GC invocations=53 (full 6):
 PSYoungGen      total 142208K, used 19281K [0x2d5a0000, 0x38040000, 0x38040000)
  eden space 122880K, 0% used [0x2d5a0000,0x2d5a0000,0x34da0000)
  from space 19328K, 99% used [0x34da0000,0x360744e0,0x36080000)
  to   space 28224K, 0% used [0x364b0000,0x364b0000,0x38040000)
 PSOldGen        total 133952K, used 94305K [0x18040000, 0x20310000, 0x2d5a0000)
  object space 133952K, 70% used [0x18040000,0x1dc58570,0x20310000)
 PSPermGen       total 79872K, used 58113K [0x10040000, 0x14e40000, 0x18040000)
  object space 79872K, 72% used [0x10040000,0x139005b8,0x14e40000)
}
Total time for which application threads were stopped: 0.0480609 seconds
Application time: 0.0058583 seconds
Total time for which application threads were stopped: 0.0002872 seconds
Application time: 0.0004665 seconds
Total time for which application threads were stopped: 0.0002118 seconds
Application time: 0.0015938 seconds
Total time for which application threads were stopped: 0.0005258 seconds
Application time: 0.0041237 seconds
Total time for which application threads were stopped: 0.0001707 seconds
Application time: 0.0001151 seconds
Total time for which application threads were stopped: 0.0000927 seconds
Application time: 0.0000612 seconds
Total time for which application threads were stopped: 0.0225579 seconds
Application time: 0.1050955 seconds
Total time for which application threads were stopped: 0.0125094 seconds
Application time: 0.0025202 seconds
Total time for which application threads were stopped: 0.0002539 seconds
Application time: 0.0025475 seconds
Total time for which application threads were stopped: 0.0002436 seconds
Application time: 0.0000341 seconds
Total time for which application threads were stopped: 0.0000763 seconds
Application time: 0.0000408 seconds
Total time for which application threads were stopped: 0.0000732 seconds
Application time: 0.0000204 seconds
Total time for which application threads were stopped: 0.0000670 seconds
Application time: 0.0000168 seconds
Total time for which application threads were stopped: 0.0000696 seconds
Application time: 0.0025146 seconds
Total time for which application threads were stopped: 0.0002165 seconds
Application time: 0.0000282 seconds
Total time for which application threads were stopped: 0.0000771 seconds
Application time: 0.1037836 seconds
Total time for which application threads were stopped: 0.0002741 seconds
Application time: 0.0035320 seconds
Total time for which application threads were stopped: 0.0002154 seconds
Application time: 0.0000254 seconds
Total time for which application threads were stopped: 0.0000684 seconds
Application time: 0.0177411 seconds
Total time for which application threads were stopped: 0.0002389 seconds
Application time: 0.0054677 seconds
Total time for which application threads were stopped: 0.0002419 seconds
Application time: 0.0410083 seconds
Total time for which application threads were stopped: 0.0055778 seconds
Application time: 0.0019617 seconds
Total time for which application threads were stopped: 0.0002327 seconds
Application time: 0.0715443 seconds
Total time for which application threads were stopped: 0.0002936 seconds
Application time: 0.0102376 seconds
Total time for which application threads were stopped: 0.0005640 seconds
Application time: 0.0155576 seconds
Total time for which application threads were stopped: 0.0002425 seconds
Application time: 0.0000958 seconds
Total time for which application threads were stopped: 0.0000710 seconds
Application time: 0.1100710 seconds
Total time for which application threads were stopped: 0.0007752 seconds
Application time: 0.0039611 seconds
Total time for which application threads were stopped: 0.0010845 seconds
Application time: 0.0004182 seconds
Total time for which application threads were stopped: 0.0001749 seconds
Application time: 0.0429772 seconds
Total time for which application threads were stopped: 0.0003989 seconds
Application time: 0.0091690 seconds
Total time for which application threads were stopped: 0.0006322 seconds
Application time: 0.0093065 seconds
Total time for which application threads were stopped: 0.0002302 seconds
Application time: 0.0570148 seconds
Total time for which application threads were stopped: 0.0011504 seconds
Application time: 0.0011493 seconds
Total time for which application threads were stopped: 0.0001682 seconds
Application time: 0.0967687 seconds
Total time for which application threads were stopped: 0.0017187 seconds
Application time: 0.0031909 seconds
Total time for which application threads were stopped: 0.0064265 seconds
Application time: 0.0033253 seconds
Total time for which application threads were stopped: 0.0002556 seconds
Application time: 0.0455077 seconds
Total time for which application threads were stopped: 0.0016117 seconds
Application time: 0.0014376 seconds
Total time for which application threads were stopped: 0.0006258 seconds
Application time: 0.0255267 seconds
Total time for which application threads were stopped: 0.0005883 seconds
Application time: 0.0016270 seconds
Total time for which application threads were stopped: 0.0002165 seconds
Application time: 0.0005867 seconds
Total time for which application threads were stopped: 0.0001148 seconds
Application time: 0.0005836 seconds
Total time for which application threads were stopped: 0.0000967 seconds
Application time: 0.0417425 seconds
Total time for which application threads were stopped: 0.0003179 seconds
Application time: 0.0019374 seconds
Total time for which application threads were stopped: 0.0002274 seconds
Application time: 0.0186222 seconds
Total time for which application threads were stopped: 0.0059826 seconds
Application time: 0.0011337 seconds
Total time for which application threads were stopped: 0.0001679 seconds
Application time: 0.0099842 seconds
Total time for which application threads were stopped: 0.0002760 seconds
Application time: 0.0000316 seconds
Total time for which application threads were stopped: 0.0001154 seconds
Application time: 0.0495988 seconds
Total time for which application threads were stopped: 0.0127430 seconds
Application time: 0.0045872 seconds
Total time for which application threads were stopped: 0.0003433 seconds
Application time: 0.0013996 seconds
Total time for which application threads were stopped: 0.0004830 seconds
Application time: 0.0087005 seconds
Total time for which application threads were stopped: 0.0002400 seconds
Application time: 0.0000740 seconds
Total time for which application threads were stopped: 0.0036577 seconds
Application time: 0.0172826 seconds
Total time for which application threads were stopped: 0.0010848 seconds
Application time: 0.0032026 seconds
Total time for which application threads were stopped: 0.0003009 seconds
Application time: 0.0034083 seconds
Total time for which application threads were stopped: 0.0003883 seconds
Application time: 0.0000534 seconds
Total time for which application threads were stopped: 0.0000955 seconds
Application time: 0.0118741 seconds
Total time for which application threads were stopped: 0.0006811 seconds
Application time: 0.0025989 seconds
Total time for which application threads were stopped: 0.0002232 seconds
Application time: 0.0000631 seconds
Total time for which application threads were stopped: 0.0001447 seconds
Application time: 0.0001109 seconds
Total time for which application threads were stopped: 0.0008982 seconds
Application time: 0.0113333 seconds
Total time for which application threads were stopped: 0.0002640 seconds
Application time: 0.0003271 seconds
Total time for which application threads were stopped: 0.0008543 seconds
Application time: 0.0042254 seconds
Total time for which application threads were stopped: 0.0002207 seconds
Application time: 0.0001000 seconds
Total time for which application threads were stopped: 0.0000729 seconds
Application time: 0.0001548 seconds
Total time for which application threads were stopped: 0.0000698 seconds
Application time: 0.0114118 seconds
Total time for which application threads were stopped: 0.0002732 seconds
Application time: 0.0002866 seconds
Total time for which application threads were stopped: 0.0000869 seconds
Application time: 0.0001539 seconds
Total time for which application threads were stopped: 0.0000846 seconds
Application time: 0.0127840 seconds
Total time for which application threads were stopped: 0.0003688 seconds
Application time: 0.0002349 seconds
Total time for which application threads were stopped: 0.0001254 seconds
Application time: 0.0191027 seconds
Total time for which application threads were stopped: 0.0004568 seconds
Application time: 0.0013823 seconds
Total time for which application threads were stopped: 0.0002171 seconds
Application time: 0.0155025 seconds
Total time for which application threads were stopped: 0.0065486 seconds
Application time: 0.0058158 seconds
Total time for which application threads were stopped: 0.0007962 seconds
Application time: 0.0073769 seconds
Total time for which application threads were stopped: 0.0003014 seconds
Application time: 0.0009088 seconds
Total time for which application threads were stopped: 0.0001168 seconds
Application time: 0.0182026 seconds
Total time for which application threads were stopped: 0.0002942 seconds
Application time: 0.0038047 seconds
Total time for which application threads were stopped: 0.0002889 seconds
Application time: 0.0000352 seconds
Total time for which application threads were stopped: 0.0000807 seconds
Application time: 0.0182984 seconds
Total time for which application threads were stopped: 0.0002911 seconds
Application time: 0.0136537 seconds
Total time for which application threads were stopped: 0.0002556 seconds
Application time: 0.0000182 seconds
Total time for which application threads were stopped: 0.0007635 seconds
Application time: 0.0004028 seconds
Total time for which application threads were stopped: 0.0007238 seconds
Application time: 0.0073294 seconds
Total time for which application threads were stopped: 0.0002615 seconds
Application time: 0.0234507 seconds
Total time for which application threads were stopped: 0.0003531 seconds
Application time: 0.0135375 seconds
Total time for which application threads were stopped: 0.0003428 seconds
Application time: 0.0020648 seconds
Total time for which application threads were stopped: 0.0001986 seconds
Application time: 0.0009451 seconds
Total time for which application threads were stopped: 0.0001469 seconds
Application time: 0.0605675 seconds
Total time for which application threads were stopped: 0.0002579 seconds
Application time: 0.1287655 seconds
Total time for which application threads were stopped: 0.0072459 seconds
Application time: 0.0243419 seconds
Total time for which application threads were stopped: 0.0005598 seconds
Application time: 0.0002528 seconds
Total time for which application threads were stopped: 0.0001953 seconds
Application time: 0.0008641 seconds
Total time for which application threads were stopped: 0.0001419 seconds
Application time: 0.1136770 seconds
Total time for which application threads were stopped: 0.0030579 seconds
Application time: 0.0355676 seconds
Total time for which application threads were stopped: 0.0013281 seconds
Application time: 0.0001062 seconds
Total time for which application threads were stopped: 0.0002129 seconds
Application time: 0.0123119 seconds
Total time for which application threads were stopped: 0.0015217 seconds
Application time: 0.0110268 seconds
Total time for which application threads were stopped: 0.0005043 seconds
Application time: 0.0165705 seconds
Total time for which application threads were stopped: 0.0012083 seconds
Application time: 0.0087978 seconds
Total time for which application threads were stopped: 0.0003799 seconds
Application time: 0.0001204 seconds
Total time for which application threads were stopped: 0.0015122 seconds
Application time: 0.1076958 seconds
Total time for which application threads were stopped: 0.0080228 seconds
Application time: 0.0001391 seconds
Total time for which application threads were stopped: 0.0002229 seconds
Application time: 0.0290428 seconds
Total time for which application threads were stopped: 0.0014818 seconds
Application time: 0.0709769 seconds
Total time for which application threads were stopped: 0.0076507 seconds
Application time: 0.0049068 seconds
Total time for which application threads were stopped: 0.0001699 seconds
Application time: 0.0073512 seconds
Total time for which application threads were stopped: 0.0006780 seconds
Application time: 0.0373631 seconds
Total time for which application threads were stopped: 0.0005015 seconds
Application time: 0.0184672 seconds
Total time for which application threads were stopped: 0.0005037 seconds
Application time: 0.0015874 seconds
Total time for which application threads were stopped: 0.0003475 seconds
Application time: 0.0008289 seconds
Total time for which application threads were stopped: 0.0001495 seconds
Application time: 0.0090852 seconds
Total time for which application threads were stopped: 0.0059237 seconds
Application time: 0.0009842 seconds
Total time for which application threads were stopped: 0.0001827 seconds
Application time: 0.0388885 seconds
Total time for which application threads were stopped: 0.0004241 seconds
Application time: 0.0003067 seconds
Total time for which application threads were stopped: 0.0030241 seconds
Application time: 0.0013683 seconds
Total time for which application threads were stopped: 0.0001528 seconds
Application time: 0.0020653 seconds
Total time for which application threads were stopped: 0.0001925 seconds
Application time: 0.0028107 seconds
Total time for which application threads were stopped: 0.0001950 seconds
Application time: 0.0026610 seconds
Total time for which application threads were stopped: 0.0001738 seconds
Application time: 0.0004244 seconds
Total time for which application threads were stopped: 0.0001036 seconds
Application time: 0.0001467 seconds
Total time for which application threads were stopped: 0.0000827 seconds
Application time: 0.0024123 seconds
Total time for which application threads were stopped: 0.0001321 seconds
Application time: 0.0018310 seconds
Total time for which application threads were stopped: 0.0001511 seconds
Application time: 0.0287889 seconds
Total time for which application threads were stopped: 0.0064612 seconds
Application time: 0.0063894 seconds
Total time for which application threads were stopped: 0.0007828 seconds
Application time: 0.0002771 seconds
Total time for which application threads were stopped: 0.0063416 seconds
Application time: 0.0148868 seconds
Total time for which application threads were stopped: 0.0003227 seconds
Application time: 0.0181364 seconds
Total time for which application threads were stopped: 0.0003341 seconds
Application time: 0.0620350 seconds
Total time for which application threads were stopped: 0.0005987 seconds
Application time: 0.0039463 seconds
Total time for which application threads were stopped: 0.0002511 seconds
Application time: 0.0000279 seconds
Total time for which application threads were stopped: 0.0000841 seconds
Application time: 0.0109654 seconds
Total time for which application threads were stopped: 0.0003093 seconds
Application time: 0.0069573 seconds
Total time for which application threads were stopped: 0.0002727 seconds
Application time: 0.0044953 seconds
Total time for which application threads were stopped: 0.0002344 seconds
Application time: 0.0000567 seconds
Total time for which application threads were stopped: 0.0000749 seconds
Application time: 0.0192809 seconds
Total time for which application threads were stopped: 0.0002687 seconds
Application time: 0.0000179 seconds
Total time for which application threads were stopped: 0.0000726 seconds
Application time: 0.0003587 seconds
Total time for which application threads were stopped: 0.0001126 seconds
Application time: 0.0559730 seconds
Total time for which application threads were stopped: 0.0003693 seconds
Application time: 0.0000349 seconds
Total time for which application threads were stopped: 0.0000958 seconds
Application time: 0.0585178 seconds
Total time for which application threads were stopped: 0.0007448 seconds
Application time: 0.0047897 seconds
Total time for which application threads were stopped: 0.0002889 seconds
Application time: 0.0099510 seconds
Total time for which application threads were stopped: 0.0002749 seconds
Application time: 0.0346052 seconds
Total time for which application threads were stopped: 0.0013789 seconds
Application time: 0.0266095 seconds
Total time for which application threads were stopped: 0.0003637 seconds
Application time: 0.0859159 seconds
Total time for which application threads were stopped: 0.0004637 seconds
Application time: 0.0000154 seconds
Total time for which application threads were stopped: 0.0000902 seconds
Application time: 0.0313562 seconds
Total time for which application threads were stopped: 0.0008912 seconds
Application time: 0.0468350 seconds
Total time for which application threads were stopped: 0.0013382 seconds
Application time: 0.0023478 seconds
Total time for which application threads were stopped: 0.0007833 seconds
Application time: 0.0103686 seconds
Total time for which application threads were stopped: 0.0005487 seconds
Application time: 0.0009973 seconds
Total time for which application threads were stopped: 0.0001380 seconds
Application time: 0.0077474 seconds
Total time for which application threads were stopped: 0.0003115 seconds
Application time: 0.0019617 seconds
Total time for which application threads were stopped: 0.0013890 seconds
Application time: 0.0575718 seconds
Total time for which application threads were stopped: 0.0007769 seconds
Application time: 0.0144644 seconds
Total time for which application threads were stopped: 0.0003950 seconds
Application time: 0.0000556 seconds
Total time for which application threads were stopped: 0.0001293 seconds
Application time: 0.0311933 seconds
Total time for which application threads were stopped: 0.0003305 seconds
Application time: 0.0015153 seconds
Total time for which application threads were stopped: 0.0005459 seconds
Application time: 0.0005059 seconds
Total time for which application threads were stopped: 0.0001472 seconds
Application time: 0.0014019 seconds
Total time for which application threads were stopped: 0.0001436 seconds
Application time: 0.0003417 seconds
Total time for which application threads were stopped: 0.0011468 seconds
Application time: 0.0356372 seconds
Total time for which application threads were stopped: 0.0007593 seconds
Application time: 0.0001106 seconds
Total time for which application threads were stopped: 0.0001344 seconds
Application time: 0.0049096 seconds
Total time for which application threads were stopped: 0.0003299 seconds
Application time: 0.0110087 seconds
Total time for which application threads were stopped: 0.0003372 seconds
Application time: 0.0061371 seconds
Total time for which application threads were stopped: 0.0003129 seconds
Application time: 0.0042301 seconds
Total time for which application threads were stopped: 0.0002249 seconds
Application time: 0.0020595 seconds
Total time for which application threads were stopped: 0.0004646 seconds
Application time: 0.0045799 seconds
Total time for which application threads were stopped: 0.0003115 seconds
Application time: 0.0016572 seconds
Total time for which application threads were stopped: 0.0004411 seconds
Application time: 0.0131441 seconds
Total time for which application threads were stopped: 0.0007657 seconds
Application time: 0.0005246 seconds
Total time for which application threads were stopped: 0.0001827 seconds
Application time: 0.0011823 seconds
Total time for which application threads were stopped: 0.0002056 seconds
Application time: 0.0043637 seconds
Total time for which application threads were stopped: 0.0003498 seconds
Application time: 0.0024690 seconds
Total time for which application threads were stopped: 0.0002249 seconds
Application time: 0.0002919 seconds
Total time for which application threads were stopped: 0.0001313 seconds
Application time: 0.0003453 seconds
Total time for which application threads were stopped: 0.0001226 seconds
Application time: 0.0002724 seconds
Total time for which application threads were stopped: 0.0001198 seconds
Application time: 0.0003338 seconds
Total time for which application threads were stopped: 0.0001045 seconds
Application time: 0.0001402 seconds
Total time for which application threads were stopped: 0.0001081 seconds
Application time: 0.0041597 seconds
Total time for which application threads were stopped: 0.0002417 seconds
Application time: 0.0001053 seconds
Total time for which application threads were stopped: 0.0001148 seconds
Application time: 0.0468939 seconds
Total time for which application threads were stopped: 0.0006344 seconds
Application time: 0.0047615 seconds
Total time for which application threads were stopped: 0.0002810 seconds
Application time: 0.0000467 seconds
Total time for which application threads were stopped: 0.0001478 seconds
Application time: 0.0254133 seconds
Total time for which application threads were stopped: 0.0016075 seconds
Application time: 0.0177148 seconds
Total time for which application threads were stopped: 0.0010560 seconds
Application time: 0.0887621 seconds
Total time for which application threads were stopped: 0.0002883 seconds
Application time: 0.0176517 seconds
Total time for which application threads were stopped: 0.0002609 seconds
Application time: 0.0009691 seconds
Total time for which application threads were stopped: 0.0001101 seconds
Application time: 0.0000226 seconds
Total time for which application threads were stopped: 0.0000735 seconds
Application time: 0.0014491 seconds
Total time for which application threads were stopped: 0.0001637 seconds
Application time: 0.0366354 seconds
Total time for which application threads were stopped: 0.0003626 seconds
Application time: 0.0010035 seconds
Total time for which application threads were stopped: 0.0001936 seconds
Application time: 0.0001117 seconds
Total time for which application threads were stopped: 0.0001070 seconds
Application time: 0.0017513 seconds
Total time for which application threads were stopped: 0.0002813 seconds
Application time: 0.0000422 seconds
Total time for which application threads were stopped: 0.0001185 seconds
Application time: 0.0276865 seconds
Total time for which application threads were stopped: 0.0008143 seconds
Application time: 0.0061525 seconds
Total time for which application threads were stopped: 0.0004171 seconds
Application time: 0.0001992 seconds
Total time for which application threads were stopped: 0.0001369 seconds
Application time: 0.0415011 seconds
Total time for which application threads were stopped: 0.0003470 seconds
Application time: 0.0484802 seconds
Total time for which application threads were stopped: 0.0003425 seconds
Application time: 0.0037463 seconds
Total time for which application threads were stopped: 0.0002562 seconds
Application time: 0.0002671 seconds
Total time for which application threads were stopped: 0.0000877 seconds
Application time: 0.0936594 seconds
Total time for which application threads were stopped: 0.0088374 seconds
Application time: 0.0355769 seconds
Total time for which application threads were stopped: 0.0002917 seconds
Application time: 0.0001171 seconds
Total time for which application threads were stopped: 0.0001291 seconds
Application time: 0.0366848 seconds
Total time for which application threads were stopped: 0.0046715 seconds
Application time: 0.0357727 seconds
Total time for which application threads were stopped: 0.0003623 seconds
Application time: 0.0263332 seconds
Total time for which application threads were stopped: 0.0002961 seconds
Application time: 0.0039033 seconds
Total time for which application threads were stopped: 0.0002221 seconds
Application time: 0.0000274 seconds
Total time for which application threads were stopped: 0.0000662 seconds
Application time: 0.0264821 seconds
Total time for which application threads were stopped: 0.0002889 seconds
Application time: 0.0059541 seconds
Total time for which application threads were stopped: 0.0002056 seconds
Application time: 0.0001849 seconds
Total time for which application threads were stopped: 0.0000849 seconds
Application time: 0.0098795 seconds
Total time for which application threads were stopped: 0.0002788 seconds
Application time: 0.0339716 seconds
Total time for which application threads were stopped: 0.0002609 seconds
Application time: 0.0000841 seconds
Total time for which application threads were stopped: 0.0000746 seconds
Application time: 0.0142183 seconds
Total time for which application threads were stopped: 0.0009529 seconds
Application time: 0.0000880 seconds
Total time for which application threads were stopped: 0.0000916 seconds
Application time: 0.0000908 seconds
Total time for which application threads were stopped: 0.0000704 seconds
Application time: 0.0087673 seconds
Total time for which application threads were stopped: 0.0002769 seconds
Application time: 0.0000883 seconds
Total time for which application threads were stopped: 0.0000852 seconds
Application time: 0.0160758 seconds
Total time for which application threads were stopped: 0.0002866 seconds
Application time: 0.0000793 seconds
Total time for which application threads were stopped: 0.0001067 seconds
Application time: 0.0082773 seconds
Total time for which application threads were stopped: 0.0002626 seconds
Application time: 0.0000785 seconds
Total time for which application threads were stopped: 0.0001036 seconds
Application time: 0.0085603 seconds
Total time for which application threads were stopped: 0.0002813 seconds
Application time: 0.0000782 seconds
Total time for which application threads were stopped: 0.0000961 seconds
Application time: 0.0135243 seconds
Total time for which application threads were stopped: 0.0009370 seconds
Application time: 0.0293353 seconds
Total time for which application threads were stopped: 0.0007487 seconds
Application time: 0.0015748 seconds
Total time for which application threads were stopped: 0.0001902 seconds
Application time: 0.0139627 seconds
Total time for which application threads were stopped: 0.0002777 seconds
Application time: 0.0169184 seconds
Total time for which application threads were stopped: 0.0002852 seconds
Application time: 0.0000799 seconds
Total time for which application threads were stopped: 0.0008577 seconds
Application time: 0.0056094 seconds
Total time for which application threads were stopped: 0.0003079 seconds
Application time: 0.0377822 seconds
Total time for which application threads were stopped: 0.0006613 seconds
Application time: 0.0474437 seconds
Total time for which application threads were stopped: 0.0008940 seconds
Application time: 0.0108477 seconds
Total time for which application threads were stopped: 0.0010233 seconds
Application time: 0.0889278 seconds
Total time for which application threads were stopped: 0.0013767 seconds
Application time: 0.0947405 seconds
Total time for which application threads were stopped: 0.0003852 seconds
Application time: 0.0505880 seconds
Total time for which application threads were stopped: 0.0027057 seconds
Application time: 0.0040050 seconds
Total time for which application threads were stopped: 0.0002606 seconds
Application time: 0.0006428 seconds
Total time for which application threads were stopped: 0.0001411 seconds
Application time: 0.0058628 seconds
Total time for which application threads were stopped: 0.0002668 seconds
Application time: 0.0046771 seconds
Total time for which application threads were stopped: 0.0002450 seconds
Application time: 0.0000799 seconds
{Heap before GC invocations=54 (full 6):
 PSYoungGen      total 142208K, used 142161K [0x2d5a0000, 0x38040000, 0x38040000)
  eden space 122880K, 100% used [0x2d5a0000,0x34da0000,0x34da0000)
  from space 19328K, 99% used [0x34da0000,0x360744e0,0x36080000)
  to   space 28224K, 0% used [0x364b0000,0x364b0000,0x38040000)
 PSOldGen        total 133952K, used 94305K [0x18040000, 0x20310000, 0x2d5a0000)
  object space 133952K, 70% used [0x18040000,0x1dc58570,0x20310000)
 PSPermGen       total 79872K, used 58313K [0x10040000, 0x14e40000, 0x18040000)
  object space 79872K, 73% used [0x10040000,0x13932760,0x14e40000)
241.323: [GC [PSYoungGen: 142161K->25257K(138432K)] 236466K->119562K(272384K), 0.0699835 secs] [Times: user=0.14 sys=0.00, real=0.08 secs] 
Heap after GC invocations=54 (full 6):
 PSYoungGen      total 138432K, used 25257K [0x2d5a0000, 0x38040000, 0x38040000)
  eden space 110208K, 0% used [0x2d5a0000,0x2d5a0000,0x34140000)
  from space 28224K, 89% used [0x364b0000,0x37d5a450,0x38040000)
  to   space 32256K, 0% used [0x34140000,0x34140000,0x360c0000)
 PSOldGen        total 133952K, used 94305K [0x18040000, 0x20310000, 0x2d5a0000)
  object space 133952K, 70% used [0x18040000,0x1dc58570,0x20310000)
 PSPermGen       total 79872K, used 58313K [0x10040000, 0x14e40000, 0x18040000)
  object space 79872K, 73% used [0x10040000,0x13932760,0x14e40000)
}
Total time for which application threads were stopped: 0.0703874 seconds
Application time: 0.0143088 seconds
Total time for which application threads were stopped: 0.0003380 seconds
Application time: 0.0013890 seconds
Total time for which application threads were stopped: 0.0003629 seconds
Application time: 0.0099532 seconds
Total time for which application threads were stopped: 0.0003076 seconds
Application time: 0.0030719 seconds
Total time for which application threads were stopped: 0.0003229 seconds
Application time: 0.0000330 seconds
Total time for which application threads were stopped: 0.0000777 seconds
Application time: 0.0000173 seconds
Total time for which application threads were stopped: 0.0008906 seconds
Application time: 0.0000394 seconds
Total time for which application threads were stopped: 0.0001226 seconds
Application time: 0.0000352 seconds
Total time for which application threads were stopped: 0.0000989 seconds
Application time: 0.0000257 seconds
Total time for which application threads were stopped: 0.0000743 seconds
Application time: 0.0000229 seconds
Total time for which application threads were stopped: 0.0000760 seconds
Application time: 0.0000237 seconds
Total time for which application threads were stopped: 0.0000732 seconds
Application time: 0.0043821 seconds
Total time for which application threads were stopped: 0.0002623 seconds
Application time: 0.0794140 seconds
Total time for which application threads were stopped: 0.0025618 seconds
Application time: 0.0100016 seconds
Total time for which application threads were stopped: 0.0020740 seconds
Application time: 0.0318001 seconds
Total time for which application threads were stopped: 0.0020025 seconds
Application time: 0.0007428 seconds
Total time for which application threads were stopped: 0.0002081 seconds
Application time: 0.0077041 seconds
Total time for which application threads were stopped: 0.0018245 seconds
Application time: 0.1259244 seconds
Total time for which application threads were stopped: 0.0070193 seconds
Application time: 0.0154193 seconds
Total time for which application threads were stopped: 0.0003523 seconds
Application time: 0.0378417 seconds
Total time for which application threads were stopped: 0.0006973 seconds
Application time: 0.0000182 seconds
Total time for which application threads were stopped: 0.0000972 seconds
Application time: 0.0000148 seconds
Total time for which application threads were stopped: 0.0000830 seconds
Application time: 0.0000559 seconds
Total time for which application threads were stopped: 0.0000869 seconds
Application time: 0.0000140 seconds
Total time for which application threads were stopped: 0.0000810 seconds
Application time: 0.0000472 seconds
Total time for which application threads were stopped: 0.0001053 seconds
Application time: 0.0008993 seconds
Total time for which application threads were stopped: 0.0001464 seconds
Application time: 0.0000221 seconds
Total time for which application threads were stopped: 0.0000939 seconds
Application time: 0.0004001 seconds
Total time for which application threads were stopped: 0.0001092 seconds
Application time: 0.0000355 seconds
Total time for which application threads were stopped: 0.0001028 seconds
Application time: 0.0000223 seconds
Total time for which application threads were stopped: 0.0001003 seconds
Application time: 0.1446877 seconds
Total time for which application threads were stopped: 0.0004012 seconds
Application time: 0.0091179 seconds
Total time for which application threads were stopped: 0.0002461 seconds
Application time: 0.0037133 seconds
Total time for which application threads were stopped: 0.0002919 seconds
Application time: 0.1207964 seconds
Total time for which application threads were stopped: 0.0012261 seconds
Application time: 0.0004584 seconds
Total time for which application threads were stopped: 0.0002282 seconds
Application time: 0.0001810 seconds
Total time for which application threads were stopped: 0.0001193 seconds
Application time: 0.0013393 seconds
Total time for which application threads were stopped: 0.0001469 seconds
Application time: 0.0036530 seconds
Total time for which application threads were stopped: 0.0003051 seconds
Application time: 0.0492328 seconds
Total time for which application threads were stopped: 0.0009381 seconds
Application time: 0.0498938 seconds
Total time for which application threads were stopped: 0.0010482 seconds
Application time: 0.0001847 seconds
Total time for which application threads were stopped: 0.0001788 seconds
Application time: 0.0735429 seconds
Total time for which application threads were stopped: 0.0072861 seconds
Application time: 0.0113076 seconds
Total time for which application threads were stopped: 0.0003302 seconds
Application time: 0.0036046 seconds
Total time for which application threads were stopped: 0.0002623 seconds
Application time: 0.0117378 seconds
Total time for which application threads were stopped: 0.0005207 seconds
Application time: 0.0003886 seconds
Total time for which application threads were stopped: 0.0001285 seconds
Application time: 0.0001844 seconds
Total time for which application threads were stopped: 0.0001324 seconds
Application time: 0.0000891 seconds
Total time for which application threads were stopped: 0.0000922 seconds
Application time: 0.0000129 seconds
Total time for which application threads were stopped: 0.0000763 seconds
Application time: 0.0000159 seconds
Total time for which application threads were stopped: 0.0000754 seconds
Application time: 0.0000148 seconds
Total time for which application threads were stopped: 0.0000754 seconds
Application time: 0.0000140 seconds
Total time for which application threads were stopped: 0.0000757 seconds
Application time: 0.0045140 seconds
Total time for which application threads were stopped: 0.0002746 seconds
Application time: 0.0012518 seconds
Total time for which application threads were stopped: 0.0001531 seconds
Application time: 0.0343396 seconds
Total time for which application threads were stopped: 0.0003827 seconds
Application time: 0.0000349 seconds
Total time for which application threads were stopped: 0.0001020 seconds
Application time: 0.0030423 seconds
Total time for which application threads were stopped: 0.0002338 seconds
Application time: 0.0233879 seconds
Total time for which application threads were stopped: 0.0003039 seconds
Application time: 0.0003514 seconds
Total time for which application threads were stopped: 0.0001048 seconds
Application time: 0.0045830 seconds
Total time for which application threads were stopped: 0.0001838 seconds
Application time: 0.0140616 seconds
Total time for which application threads were stopped: 0.0006093 seconds
Application time: 0.0036390 seconds
Total time for which application threads were stopped: 0.0002782 seconds
Application time: 0.0172307 seconds
Total time for which application threads were stopped: 0.0012694 seconds
Application time: 0.0009635 seconds
Total time for which application threads were stopped: 0.0001835 seconds
Application time: 0.0058217 seconds
Total time for which application threads were stopped: 0.0002704 seconds
Application time: 0.0010633 seconds
Total time for which application threads were stopped: 0.0001620 seconds
Application time: 0.0005867 seconds
Total time for which application threads were stopped: 0.0001212 seconds
Application time: 0.0001682 seconds
Total time for which application threads were stopped: 0.0001137 seconds
Application time: 0.0010283 seconds
Total time for which application threads were stopped: 0.0001749 seconds
Application time: 0.0001777 seconds
Total time for which application threads were stopped: 0.0001171 seconds
Application time: 0.0150729 seconds
Total time for which application threads were stopped: 0.0016226 seconds
Application time: 0.0056376 seconds
Total time for which application threads were stopped: 0.0002903 seconds
Application time: 0.0000469 seconds
Total time for which application threads were stopped: 0.0001157 seconds
Application time: 0.0015628 seconds
Total time for which application threads were stopped: 0.0002168 seconds
Application time: 0.0001383 seconds
Total time for which application threads were stopped: 0.0001056 seconds
Application time: 0.0010264 seconds
Total time for which application threads were stopped: 0.0002816 seconds
Application time: 0.0006291 seconds
Total time for which application threads were stopped: 0.0001732 seconds
Application time: 0.0334428 seconds
Total time for which application threads were stopped: 0.0003769 seconds
Application time: 0.0159160 seconds
Total time for which application threads were stopped: 0.0003364 seconds
Application time: 0.0001514 seconds
Total time for which application threads were stopped: 0.0001327 seconds
Application time: 0.0050470 seconds
Total time for which application threads were stopped: 0.0003224 seconds
Application time: 0.0012286 seconds
Total time for which application threads were stopped: 0.0001721 seconds
Application time: 0.0025154 seconds
Total time for which application threads were stopped: 0.0002456 seconds
Application time: 0.0000210 seconds
Total time for which application threads were stopped: 0.0027096 seconds
Application time: 0.0000425 seconds
Total time for which application threads were stopped: 0.0001428 seconds
Application time: 0.0000623 seconds
Total time for which application threads were stopped: 0.0001129 seconds
Application time: 0.0000338 seconds
Total time for which application threads were stopped: 0.0001271 seconds
Application time: 0.0000263 seconds
Total time for which application threads were stopped: 0.0001243 seconds
Application time: 0.0001344 seconds
Total time for which application threads were stopped: 0.0001221 seconds
Application time: 0.0000168 seconds
Total time for which application threads were stopped: 0.0001020 seconds
Application time: 0.0512386 seconds
Total time for which application threads were stopped: 0.0016167 seconds
Application time: 0.0009473 seconds
Total time for which application threads were stopped: 0.0014404 seconds
Application time: 0.0570492 seconds
Total time for which application threads were stopped: 0.0070216 seconds
Application time: 0.0012060 seconds
Total time for which application threads were stopped: 0.0047716 seconds
Application time: 0.0010764 seconds
Total time for which application threads were stopped: 0.0003389 seconds
Application time: 0.0014723 seconds
Total time for which application threads were stopped: 0.0002537 seconds
Application time: 0.0890258 seconds
Total time for which application threads were stopped: 0.0004598 seconds
Application time: 0.0108382 seconds
Total time for which application threads were stopped: 0.0009482 seconds
Application time: 0.0001129 seconds
Total time for which application threads were stopped: 0.0002640 seconds
Application time: 0.0001861 seconds
Total time for which application threads were stopped: 0.0001363 seconds
Application time: 0.0010133 seconds
Total time for which application threads were stopped: 0.0001567 seconds
Application time: 0.0000151 seconds
Total time for which application threads were stopped: 0.0001087 seconds
Application time: 0.0234030 seconds
Total time for which application threads were stopped: 0.0010409 seconds
Application time: 0.0241955 seconds
Total time for which application threads were stopped: 0.0004014 seconds
Application time: 0.0035954 seconds
Total time for which application threads were stopped: 0.0002970 seconds
Application time: 0.0012429 seconds
Total time for which application threads were stopped: 0.0004537 seconds
Application time: 0.0008157 seconds
Total time for which application threads were stopped: 0.0001983 seconds
Application time: 0.0240067 seconds
Total time for which application threads were stopped: 0.0003291 seconds
Application time: 0.0076334 seconds
Total time for which application threads were stopped: 0.0014049 seconds
Application time: 0.0684523 seconds
Total time for which application threads were stopped: 0.0014535 seconds
Application time: 0.0012585 seconds
Total time for which application threads were stopped: 0.0002073 seconds
Application time: 0.0144320 seconds
Total time for which application threads were stopped: 0.0003559 seconds
Application time: 0.0193142 seconds
Total time for which application threads were stopped: 0.0006805 seconds
Application time: 0.0059670 seconds
Total time for which application threads were stopped: 0.0003093 seconds
Application time: 0.0010423 seconds
Total time for which application threads were stopped: 0.0001902 seconds
Application time: 0.0021746 seconds
Total time for which application threads were stopped: 0.0003165 seconds
Application time: 0.0322809 seconds
Total time for which application threads were stopped: 0.0004263 seconds
Application time: 0.0128583 seconds
Total time for which application threads were stopped: 0.0004121 seconds
Application time: 0.0001889 seconds
Total time for which application threads were stopped: 0.0001288 seconds
Application time: 0.0001098 seconds
Total time for which application threads were stopped: 0.0001064 seconds
Application time: 0.0001056 seconds
Total time for which application threads were stopped: 0.0000933 seconds
Application time: 0.0001034 seconds
Total time for which application threads were stopped: 0.0000902 seconds
Application time: 0.0000995 seconds
Total time for which application threads were stopped: 0.0000902 seconds
Application time: 0.0000969 seconds
Total time for which application threads were stopped: 0.0000838 seconds
Application time: 0.0000955 seconds
Total time for which application threads were stopped: 0.0000830 seconds
Application time: 0.0000981 seconds
Total time for which application threads were stopped: 0.0000972 seconds
Application time: 0.0000992 seconds
Total time for which application threads were stopped: 0.0000900 seconds
Application time: 0.0423034 seconds
Total time for which application threads were stopped: 0.0009135 seconds
Application time: 0.0000550 seconds
Total time for which application threads were stopped: 0.0002235 seconds
Application time: 0.0000232 seconds
Total time for which application threads were stopped: 0.0001076 seconds
Application time: 0.0000601 seconds
Total time for which application threads were stopped: 0.0001048 seconds
Application time: 0.0000232 seconds
Total time for which application threads were stopped: 0.0000955 seconds
Application time: 0.0000240 seconds
Total time for which application threads were stopped: 0.0000961 seconds
Application time: 0.0000187 seconds
Total time for which application threads were stopped: 0.0000891 seconds
Application time: 0.0000190 seconds
Total time for which application threads were stopped: 0.0000835 seconds
Application time: 0.0000221 seconds
Total time for which application threads were stopped: 0.0000905 seconds
Application time: 0.0000193 seconds
Total time for which application threads were stopped: 0.0000888 seconds
Application time: 0.0000190 seconds
Total time for which application threads were stopped: 0.0000891 seconds
Application time: 0.0000173 seconds
Total time for which application threads were stopped: 0.0000874 seconds
Application time: 0.0000223 seconds
Total time for which application threads were stopped: 0.0000891 seconds
Application time: 0.0181752 seconds
Total time for which application threads were stopped: 0.0005294 seconds
Application time: 0.0377732 seconds
Total time for which application threads were stopped: 0.0016552 seconds
Application time: 0.0199520 seconds
Total time for which application threads were stopped: 0.0005853 seconds
Application time: 0.0464936 seconds
Total time for which application threads were stopped: 0.0006632 seconds
Application time: 0.0000553 seconds
Total time for which application threads were stopped: 0.0000944 seconds
Application time: 0.0001036 seconds
Total time for which application threads were stopped: 0.0000673 seconds
Application time: 0.0001282 seconds
Total time for which application threads were stopped: 0.0000651 seconds
Application time: 0.0003808 seconds
Total time for which application threads were stopped: 0.0001087 seconds
Application time: 0.0006196 seconds
Total time for which application threads were stopped: 0.0001036 seconds
Application time: 0.0407636 seconds
Total time for which application threads were stopped: 0.0003112 seconds
Application time: 0.0141283 seconds
Total time for which application threads were stopped: 0.0002539 seconds
Application time: 0.0000254 seconds
Total time for which application threads were stopped: 0.0000796 seconds
Application time: 0.0000436 seconds
Total time for which application threads were stopped: 0.0000768 seconds
Application time: 0.0171418 seconds
Total time for which application threads were stopped: 0.0002883 seconds
Application time: 0.0328215 seconds
Total time for which application threads were stopped: 0.0002947 seconds
Application time: 0.0000332 seconds
Total time for which application threads were stopped: 0.0001081 seconds
Application time: 0.0000263 seconds
Total time for which application threads were stopped: 0.0001009 seconds
Application time: 0.0538641 seconds
Total time for which application threads were stopped: 0.0036871 seconds
Application time: 0.0002531 seconds
Total time for which application threads were stopped: 0.0001145 seconds
Application time: 0.0007819 seconds
Total time for which application threads were stopped: 0.0008906 seconds
Application time: 0.0068363 seconds
Total time for which application threads were stopped: 0.0002467 seconds
Application time: 0.0000724 seconds
Total time for which application threads were stopped: 0.0000860 seconds
Application time: 0.0000939 seconds
Total time for which application threads were stopped: 0.0000793 seconds
Application time: 0.0263497 seconds
Total time for which application threads were stopped: 0.0004302 seconds
Application time: 0.0386722 seconds
Total time for which application threads were stopped: 0.0010166 seconds
Application time: 0.0122745 seconds
Total time for which application threads were stopped: 0.0005355 seconds
Application time: 0.3774346 seconds
Total time for which application threads were stopped: 0.0008535 seconds
Application time: 0.0063751 seconds
Total time for which application threads were stopped: 0.0002648 seconds
Application time: 0.0244115 seconds
Total time for which application threads were stopped: 0.0008554 seconds
Application time: 0.0039539 seconds
Total time for which application threads were stopped: 0.0002472 seconds
Application time: 0.0089933 seconds
Total time for which application threads were stopped: 0.0002791 seconds
Application time: 0.0011778 seconds
Total time for which application threads were stopped: 0.0001374 seconds
Application time: 0.0171466 seconds
Total time for which application threads were stopped: 0.0003324 seconds
Application time: 0.0099233 seconds
Total time for which application threads were stopped: 0.0003243 seconds
Application time: 0.0136735 seconds
Total time for which application threads were stopped: 0.0008283 seconds
Application time: 0.0033066 seconds
Total time for which application threads were stopped: 0.0013647 seconds
Application time: 0.0637207 seconds
Total time for which application threads were stopped: 0.0072562 seconds
Application time: 0.0191888 seconds
Total time for which application threads were stopped: 0.0006168 seconds
Application time: 0.0366971 seconds
Total time for which application threads were stopped: 0.0012395 seconds
Application time: 0.0114584 seconds
Total time for which application threads were stopped: 0.0007155 seconds
Application time: 0.2929372 seconds
Total time for which application threads were stopped: 0.0079334 seconds
Application time: 0.0100141 seconds
Total time for which application threads were stopped: 0.0010691 seconds
Application time: 0.0431477 seconds
Total time for which application threads were stopped: 0.0074171 seconds
Application time: 0.0165501 seconds
Total time for which application threads were stopped: 0.0005498 seconds
Application time: 0.0002777 seconds
Total time for which application threads were stopped: 0.0001260 seconds
Application time: 0.0000799 seconds
Total time for which application threads were stopped: 0.0008820 seconds
Application time: 0.0650250 seconds
Total time for which application threads were stopped: 0.0007087 seconds
Application time: 0.1055338 seconds
Total time for which application threads were stopped: 0.0011784 seconds
Application time: 0.0198419 seconds
{Heap before GC invocations=55 (full 6):
 PSYoungGen      total 138432K, used 135465K [0x2d5a0000, 0x38040000, 0x38040000)
  eden space 110208K, 100% used [0x2d5a0000,0x34140000,0x34140000)
  from space 28224K, 89% used [0x364b0000,0x37d5a450,0x38040000)
  to   space 32256K, 0% used [0x34140000,0x34140000,0x360c0000)
 PSOldGen        total 133952K, used 94305K [0x18040000, 0x20310000, 0x2d5a0000)
  object space 133952K, 70% used [0x18040000,0x1dc58570,0x20310000)
 PSPermGen       total 79872K, used 58639K [0x10040000, 0x14e40000, 0x18040000)
  object space 79872K, 73% used [0x10040000,0x13983e48,0x14e40000)
244.568: [GC [PSYoungGen: 135465K->30851K(141120K)] 229770K->126039K(275072K), 0.0891460 secs] [Times: user=0.17 sys=0.00, real=0.09 secs] 
Heap after GC invocations=55 (full 6):
 PSYoungGen      total 141120K, used 30851K [0x2d5a0000, 0x38040000, 0x38040000)
  eden space 110208K, 0% used [0x2d5a0000,0x2d5a0000,0x34140000)
  from space 30912K, 99% used [0x34140000,0x35f60c28,0x35f70000)
  to   space 33600K, 0% used [0x35f70000,0x35f70000,0x38040000)
 PSOldGen        total 133952K, used 95188K [0x18040000, 0x20310000, 0x2d5a0000)
  object space 133952K, 71% used [0x18040000,0x1dd35058,0x20310000)
 PSPermGen       total 79872K, used 58639K [0x10040000, 0x14e40000, 0x18040000)
  object space 79872K, 73% used [0x10040000,0x13983e48,0x14e40000)
}
Total time for which application threads were stopped: 0.0899475 seconds
Application time: 0.0013781 seconds
Total time for which application threads were stopped: 0.0008702 seconds
Application time: 0.0015630 seconds
Total time for which application threads were stopped: 0.0002442 seconds
Application time: 0.7406075 seconds
Total time for which application threads were stopped: 0.0074297 seconds
Application time: 0.0029643 seconds
Total time for which application threads were stopped: 0.0002606 seconds
Application time: 0.0262637 seconds
Total time for which application threads were stopped: 0.0069791 seconds
Application time: 0.0050481 seconds
Total time for which application threads were stopped: 0.0011258 seconds
Application time: 0.0335355 seconds
Total time for which application threads were stopped: 0.0003266 seconds
Application time: 0.0530810 seconds
Total time for which application threads were stopped: 0.0004140 seconds
Application time: 0.0570774 seconds
Total time for which application threads were stopped: 0.0013161 seconds
Application time: 0.0000232 seconds
Total time for which application threads were stopped: 0.0001059 seconds
Application time: 0.0214550 seconds
Total time for which application threads were stopped: 0.0007353 seconds
Application time: 0.0005512 seconds
Total time for which application threads were stopped: 0.0001914 seconds
Application time: 0.0058882 seconds
Total time for which application threads were stopped: 0.0003604 seconds
Application time: 0.0557895 seconds
Total time for which application threads were stopped: 0.0009867 seconds
Application time: 0.0020958 seconds
Total time for which application threads were stopped: 0.0001939 seconds
Application time: 0.1334770 seconds
Total time for which application threads were stopped: 0.0014689 seconds
Application time: 0.0500494 seconds
Total time for which application threads were stopped: 0.0003886 seconds
Application time: 0.0621174 seconds
Total time for which application threads were stopped: 0.0008660 seconds
Application time: 0.0000307 seconds
Total time for which application threads were stopped: 0.0009895 seconds
Application time: 0.0373494 seconds
Total time for which application threads were stopped: 0.0004347 seconds
Application time: 0.0000162 seconds
Total time for which application threads were stopped: 0.0000986 seconds
Application time: 0.0013007 seconds
Total time for which application threads were stopped: 0.0002031 seconds
Application time: 0.0039268 seconds
Total time for which application threads were stopped: 0.0002551 seconds
Application time: 0.0142177 seconds
Total time for which application threads were stopped: 0.0003987 seconds
Application time: 0.0015770 seconds
Total time for which application threads were stopped: 0.0010809 seconds
Application time: 0.0215877 seconds
Total time for which application threads were stopped: 0.0004020 seconds
Application time: 0.0556822 seconds
Total time for which application threads were stopped: 0.0006811 seconds
Application time: 0.0050006 seconds
Total time for which application threads were stopped: 0.0007487 seconds
Application time: 0.0492088 seconds
Total time for which application threads were stopped: 0.0003939 seconds
Application time: 0.0116004 seconds
Total time for which application threads were stopped: 0.0003143 seconds
Application time: 0.0171952 seconds
Total time for which application threads were stopped: 0.0003316 seconds
Application time: 0.0065332 seconds
Total time for which application threads were stopped: 0.0024268 seconds
Application time: 0.0000715 seconds
Total time for which application threads were stopped: 0.0001036 seconds
Application time: 0.0002509 seconds
Total time for which application threads were stopped: 0.0000877 seconds
Application time: 0.0000218 seconds
Total time for which application threads were stopped: 0.0000732 seconds
Application time: 0.1298003 seconds
Total time for which application threads were stopped: 0.0006886 seconds
Application time: 0.0000402 seconds
Total time for which application threads were stopped: 0.0001257 seconds
Application time: 0.0000196 seconds
Total time for which application threads were stopped: 0.0001070 seconds
Application time: 0.0000251 seconds
Total time for which application threads were stopped: 0.0001042 seconds
Application time: 0.0000299 seconds
Total time for which application threads were stopped: 0.0001425 seconds
Application time: 0.0000254 seconds
Total time for which application threads were stopped: 0.0001039 seconds
Application time: 0.0000296 seconds
Total time for which application threads were stopped: 0.0000941 seconds
Application time: 0.0000285 seconds
Total time for which application threads were stopped: 0.0001050 seconds
Application time: 0.0000305 seconds
Total time for which application threads were stopped: 0.0001053 seconds
Application time: 0.0048179 seconds
Total time for which application threads were stopped: 0.0002620 seconds
Application time: 0.0101133 seconds
Total time for which application threads were stopped: 0.0004682 seconds
Application time: 0.0050247 seconds
Total time for which application threads were stopped: 0.0003651 seconds
Application time: 0.0483721 seconds
Total time for which application threads were stopped: 0.0003668 seconds
Application time: 0.0008940 seconds
Total time for which application threads were stopped: 0.0002623 seconds
Application time: 0.0009233 seconds
Total time for which application threads were stopped: 0.0001615 seconds
Application time: 0.0000327 seconds
Total time for which application threads were stopped: 0.0000947 seconds
Application time: 0.1142964 seconds
Total time for which application threads were stopped: 0.0011219 seconds
Application time: 0.0002288 seconds
Total time for which application threads were stopped: 0.0001564 seconds
Application time: 0.1521372 seconds
Total time for which application threads were stopped: 0.0013552 seconds
Application time: 0.0038329 seconds
Total time for which application threads were stopped: 0.0002836 seconds
Application time: 0.0711909 seconds
Total time for which application threads were stopped: 0.0016284 seconds
Application time: 0.1061370 seconds
Total time for which application threads were stopped: 0.0005755 seconds
Application time: 0.0005135 seconds
Total time for which application threads were stopped: 0.0001497 seconds
Application time: 0.0040988 seconds
Total time for which application threads were stopped: 0.0002590 seconds
Application time: 0.0036524 seconds
Total time for which application threads were stopped: 0.0003003 seconds
Application time: 0.0013155 seconds
Total time for which application threads were stopped: 0.0001559 seconds
Application time: 0.0020511 seconds
Total time for which application threads were stopped: 0.0001942 seconds
Application time: 0.0024361 seconds
Total time for which application threads were stopped: 0.0010770 seconds
Application time: 0.0015868 seconds
Total time for which application threads were stopped: 0.0009482 seconds
Application time: 0.0198930 seconds
Total time for which application threads were stopped: 0.0005456 seconds
Application time: 0.1398798 seconds
Total time for which application threads were stopped: 0.0021777 seconds
Application time: 0.2838702 seconds
{Heap before GC invocations=56 (full 6):
 PSYoungGen      total 141120K, used 141059K [0x2d5a0000, 0x38040000, 0x38040000)
  eden space 110208K, 100% used [0x2d5a0000,0x34140000,0x34140000)
  from space 30912K, 99% used [0x34140000,0x35f60c28,0x35f70000)
  to   space 33600K, 0% used [0x35f70000,0x35f70000,0x38040000)
 PSOldGen        total 133952K, used 95188K [0x18040000, 0x20310000, 0x2d5a0000)
  object space 133952K, 71% used [0x18040000,0x1dd35058,0x20310000)
 PSPermGen       total 79872K, used 58844K [0x10040000, 0x14e40000, 0x18040000)
  object space 79872K, 73% used [0x10040000,0x139b7368,0x14e40000)
247.293: [GC [PSYoungGen: 141059K->33588K(115648K)] 236247K->138672K(249600K), 0.1085155 secs] [Times: user=0.22 sys=0.00, real=0.11 secs] 
Heap after GC invocations=56 (full 6):
 PSYoungGen      total 115648K, used 33588K [0x2d5a0000, 0x38040000, 0x38040000)
  eden space 82048K, 0% used [0x2d5a0000,0x2d5a0000,0x325c0000)
  from space 33600K, 99% used [0x35f70000,0x3803d080,0x38040000)
  to   space 46336K, 0% used [0x325c0000,0x325c0000,0x35300000)
 PSOldGen        total 133952K, used 105084K [0x18040000, 0x20310000, 0x2d5a0000)
  object space 133952K, 78% used [0x18040000,0x1e6df010,0x20310000)
 PSPermGen       total 79872K, used 58844K [0x10040000, 0x14e40000, 0x18040000)
  object space 79872K, 73% used [0x10040000,0x139b7368,0x14e40000)
}
Total time for which application threads were stopped: 0.1098008 seconds
Application time: 0.3735835 seconds
Total time for which application threads were stopped: 0.0079887 seconds
Application time: 0.0009417 seconds
Total time for which application threads were stopped: 0.0002341 seconds
Application time: 0.0150304 seconds
Total time for which application threads were stopped: 0.0003688 seconds
Application time: 0.0147888 seconds
Total time for which application threads were stopped: 0.0003378 seconds
Application time: 0.0004294 seconds
Total time for which application threads were stopped: 0.0001196 seconds
Application time: 0.0050755 seconds
Total time for which application threads were stopped: 0.0002383 seconds
Application time: 0.0669588 seconds
Total time for which application threads were stopped: 0.0006004 seconds
Application time: 0.0092749 seconds
Total time for which application threads were stopped: 0.0032630 seconds
Application time: 0.0019639 seconds
Total time for which application threads were stopped: 0.0002905 seconds
Application time: 0.0043492 seconds
Total time for which application threads were stopped: 0.0002456 seconds
Application time: 0.0033515 seconds
Total time for which application threads were stopped: 0.0013949 seconds
Application time: 0.0011292 seconds
Total time for which application threads were stopped: 0.0003883 seconds
Application time: 0.0000251 seconds
Total time for which application threads were stopped: 0.0026760 seconds
Application time: 0.0049369 seconds
Total time for which application threads were stopped: 0.0003690 seconds
Application time: 0.0018949 seconds
Total time for which application threads were stopped: 0.0016703 seconds
Application time: 0.0053680 seconds
Total time for which application threads were stopped: 0.0021880 seconds
Application time: 0.0007663 seconds
Total time for which application threads were stopped: 0.0002159 seconds
Application time: 0.0040829 seconds
Total time for which application threads were stopped: 0.0016013 seconds
Application time: 0.0011457 seconds
Total time for which application threads were stopped: 0.0002221 seconds
Application time: 0.0043355 seconds
Total time for which application threads were stopped: 0.0003364 seconds
Application time: 0.0080114 seconds
Total time for which application threads were stopped: 0.0003492 seconds
Application time: 0.0013918 seconds
Total time for which application threads were stopped: 0.0028057 seconds
Application time: 0.0068883 seconds
Total time for which application threads were stopped: 0.0003906 seconds
Application time: 0.0100446 seconds
Total time for which application threads were stopped: 0.0007208 seconds
Application time: 0.0045442 seconds
Total time for which application threads were stopped: 0.0002604 seconds
Application time: 0.0065891 seconds
Total time for which application threads were stopped: 0.0017326 seconds
Application time: 0.0642576 seconds
Total time for which application threads were stopped: 0.0003679 seconds
Application time: 0.0055247 seconds
Total time for which application threads were stopped: 0.0024025 seconds
Application time: 0.0051171 seconds
Total time for which application threads were stopped: 0.0016675 seconds
Application time: 0.0027325 seconds
Total time for which application threads were stopped: 0.0002556 seconds
Application time: 0.0013298 seconds
Total time for which application threads were stopped: 0.0002045 seconds
Application time: 0.0042740 seconds
Total time for which application threads were stopped: 0.0001914 seconds
Application time: 0.0067190 seconds
Total time for which application threads were stopped: 0.0002989 seconds
Application time: 0.0032253 seconds
Total time for which application threads were stopped: 0.0017198 seconds
Application time: 0.0062550 seconds
Total time for which application threads were stopped: 0.0018790 seconds
Application time: 0.0052889 seconds
Total time for which application threads were stopped: 0.0016994 seconds
Application time: 0.0066735 seconds
Total time for which application threads were stopped: 0.0017826 seconds
Application time: 0.0085064 seconds
Total time for which application threads were stopped: 0.0005568 seconds
Application time: 0.0040933 seconds
Total time for which application threads were stopped: 0.0040388 seconds
Application time: 0.0043517 seconds
Total time for which application threads were stopped: 0.0003640 seconds
Application time: 0.0010655 seconds
Total time for which application threads were stopped: 0.0002324 seconds
Application time: 0.0044598 seconds
Total time for which application threads were stopped: 0.0003134 seconds
Application time: 0.0124871 seconds
Total time for which application threads were stopped: 0.0020422 seconds
Application time: 0.0065578 seconds
Total time for which application threads were stopped: 0.0039441 seconds
Application time: 0.0122557 seconds
Total time for which application threads were stopped: 0.0050766 seconds
Application time: 0.0002101 seconds
Total time for which application threads were stopped: 0.0002335 seconds
Application time: 0.0016533 seconds
Total time for which application threads were stopped: 0.0003283 seconds
Application time: 0.0052353 seconds
Total time for which application threads were stopped: 0.0005691 seconds
Application time: 0.0746911 seconds
Total time for which application threads were stopped: 0.0009739 seconds
Application time: 0.1238372 seconds
Total time for which application threads were stopped: 0.0011124 seconds
Application time: 0.0050481 seconds
Total time for which application threads were stopped: 0.0003243 seconds
Application time: 0.0123351 seconds
Total time for which application threads were stopped: 0.0003344 seconds
Application time: 0.0000657 seconds
Total time for which application threads were stopped: 0.0009403 seconds
Application time: 0.0471943 seconds
Total time for which application threads were stopped: 0.0003676 seconds
Application time: 0.0180892 seconds
Total time for which application threads were stopped: 0.0067930 seconds
Application time: 0.0350762 seconds
Total time for which application threads were stopped: 0.0007987 seconds
Application time: 0.0654966 seconds
Total time for which application threads were stopped: 0.0003185 seconds
Application time: 0.0179073 seconds
Total time for which application threads were stopped: 0.0002919 seconds
Application time: 0.0007451 seconds
Total time for which application threads were stopped: 0.0001056 seconds
Application time: 0.0009437 seconds
Total time for which application threads were stopped: 0.0001333 seconds
Application time: 0.0037122 seconds
Total time for which application threads were stopped: 0.0001880 seconds
Application time: 0.0008127 seconds
Total time for which application threads were stopped: 0.0001506 seconds
Application time: 0.0008680 seconds
Total time for which application threads were stopped: 0.0001497 seconds
Application time: 0.0035960 seconds
Total time for which application threads were stopped: 0.0001419 seconds
Application time: 0.0438050 seconds
Total time for which application threads were stopped: 0.0003391 seconds
Application time: 0.0008962 seconds
Total time for which application threads were stopped: 0.0043265 seconds
Application time: 0.0001081 seconds
Total time for which application threads were stopped: 0.0003545 seconds
Application time: 0.0000159 seconds
Total time for which application threads were stopped: 0.0001414 seconds
Application time: 0.0000207 seconds
Total time for which application threads were stopped: 0.0001098 seconds
Application time: 0.0002757 seconds
Total time for which application threads were stopped: 0.0002584 seconds
Application time: 0.0000162 seconds
Total time for which application threads were stopped: 0.0001123 seconds
Application time: 0.0000151 seconds
Total time for which application threads were stopped: 0.0001028 seconds
Application time: 0.0058189 seconds
Total time for which application threads were stopped: 0.0005383 seconds
Application time: 0.0111305 seconds
Total time for which application threads were stopped: 0.0003959 seconds
Application time: 0.0000240 seconds
Total time for which application threads were stopped: 0.0001358 seconds
Application time: 0.0002017 seconds
Total time for which application threads were stopped: 0.0006487 seconds
Application time: 0.0001813 seconds
Total time for which application threads were stopped: 0.0014379 seconds
Application time: 0.0010392 seconds
Total time for which application threads were stopped: 0.0017156 seconds
Application time: 0.0004850 seconds
Total time for which application threads were stopped: 0.0013795 seconds
Application time: 0.0001249 seconds
Total time for which application threads were stopped: 0.0001252 seconds
Application time: 0.0050856 seconds
Total time for which application threads were stopped: 0.0003808 seconds
Application time: 0.0000176 seconds
Total time for which application threads were stopped: 0.0001115 seconds
Application time: 0.0000123 seconds
Total time for which application threads were stopped: 0.0000947 seconds
Application time: 0.0002808 seconds
Total time for which application threads were stopped: 0.0002003 seconds
Application time: 0.0000165 seconds
Total time for which application threads were stopped: 0.0001087 seconds
Application time: 0.0000142 seconds
Total time for which application threads were stopped: 0.0033286 seconds
Application time: 0.0001690 seconds
Total time for which application threads were stopped: 0.0002193 seconds
Application time: 0.0000156 seconds
Total time for which application threads were stopped: 0.0012094 seconds
Application time: 0.0337618 seconds
Total time for which application threads were stopped: 0.0005492 seconds
Application time: 0.0670608 seconds
Total time for which application threads were stopped: 0.0003341 seconds
Application time: 0.0000346 seconds
Total time for which application threads were stopped: 0.0008875 seconds
Application time: 0.0683693 seconds
Total time for which application threads were stopped: 0.0003995 seconds
Application time: 0.0256776 seconds
Total time for which application threads were stopped: 0.0005034 seconds
Application time: 0.0259100 seconds
Total time for which application threads were stopped: 0.0018259 seconds
Application time: 0.0514420 seconds
Total time for which application threads were stopped: 0.0013206 seconds
Application time: 0.1431450 seconds
Total time for which application threads were stopped: 0.0003486 seconds
Application time: 0.0696703 seconds
Total time for which application threads were stopped: 0.0007596 seconds
Application time: 0.0177092 seconds
Total time for which application threads were stopped: 0.0004188 seconds
Application time: 0.0268431 seconds
Total time for which application threads were stopped: 0.0005699 seconds
Application time: 0.0089296 seconds
Total time for which application threads were stopped: 0.0005171 seconds
Application time: 0.0792327 seconds
Total time for which application threads were stopped: 0.0004861 seconds
Application time: 0.0034569 seconds
Total time for which application threads were stopped: 0.0003956 seconds
Application time: 0.0000282 seconds
Total time for which application threads were stopped: 0.0001335 seconds
Application time: 0.0000288 seconds
Total time for which application threads were stopped: 0.0001126 seconds
Application time: 0.0001293 seconds
Total time for which application threads were stopped: 0.0001140 seconds
Application time: 0.0001472 seconds
Total time for which application threads were stopped: 0.0001687 seconds
Application time: 0.0000134 seconds
Total time for which application threads were stopped: 0.0001050 seconds
Application time: 0.0000151 seconds
Total time for which application threads were stopped: 0.0001112 seconds
Application time: 0.0001497 seconds
Total time for which application threads were stopped: 0.0001416 seconds
Application time: 0.0005073 seconds
Total time for which application threads were stopped: 0.0001902 seconds
Application time: 0.0002766 seconds
Total time for which application threads were stopped: 0.0001497 seconds
Application time: 0.0001285 seconds
Total time for which application threads were stopped: 0.0001218 seconds
Application time: 0.0000791 seconds
Total time for which application threads were stopped: 0.0005216 seconds
Application time: 0.0001279 seconds
Total time for which application threads were stopped: 0.0002771 seconds
Application time: 0.0407521 seconds
Total time for which application threads were stopped: 0.0006906 seconds
Application time: 0.0122334 seconds
Total time for which application threads were stopped: 0.0004970 seconds
Application time: 0.0015214 seconds
Total time for which application threads were stopped: 0.0002595 seconds
Application time: 0.0000279 seconds
Total time for which application threads were stopped: 0.0021894 seconds
Application time: 0.0026137 seconds
Total time for which application threads were stopped: 0.0003408 seconds
Application time: 0.0013116 seconds
Total time for which application threads were stopped: 0.0009842 seconds
Application time: 0.0000218 seconds
Total time for which application threads were stopped: 0.0001467 seconds
Application time: 0.0004207 seconds
Total time for which application threads were stopped: 0.0001335 seconds
Application time: 0.0006495 seconds
Total time for which application threads were stopped: 0.0001861 seconds
Application time: 0.0000151 seconds
Total time for which application threads were stopped: 0.0004213 seconds
Application time: 0.0660631 seconds
Total time for which application threads were stopped: 0.0062893 seconds
Application time: 0.0013194 seconds
Total time for which application threads were stopped: 0.0002118 seconds
Application time: 0.0037885 seconds
Total time for which application threads were stopped: 0.0002556 seconds
Application time: 0.0000268 seconds
Total time for which application threads were stopped: 0.0000981 seconds
Application time: 0.0000218 seconds
Total time for which application threads were stopped: 0.0000914 seconds
Application time: 0.3338366 seconds
Total time for which application threads were stopped: 0.0006925 seconds
Application time: 0.1641438 seconds
Total time for which application threads were stopped: 0.0007873 seconds
Application time: 0.0004802 seconds
Total time for which application threads were stopped: 0.0002235 seconds
Application time: 0.0158693 seconds
Total time for which application threads were stopped: 0.0008602 seconds
Application time: 0.1020415 seconds
Total time for which application threads were stopped: 0.0004934 seconds
Application time: 0.0010803 seconds
Total time for which application threads were stopped: 0.0002872 seconds
Application time: 0.0012784 seconds
Total time for which application threads were stopped: 0.0003000 seconds
Application time: 0.0020444 seconds
Total time for which application threads were stopped: 0.0002458 seconds
Application time: 0.0012018 seconds
Total time for which application threads were stopped: 0.0001768 seconds
Application time: 0.0005355 seconds
Total time for which application threads were stopped: 0.0001388 seconds
Application time: 0.1423360 seconds
Total time for which application threads were stopped: 0.0014069 seconds
Application time: 0.1710053 seconds
Total time for which application threads were stopped: 0.0008638 seconds
Application time: 0.0004864 seconds
Total time for which application threads were stopped: 0.0002302 seconds
Application time: 0.0195167 seconds
Total time for which application threads were stopped: 0.0004520 seconds
Application time: 0.8176562 seconds
{Heap before GC invocations=57 (full 6):
 PSYoungGen      total 115648K, used 115636K [0x2d5a0000, 0x38040000, 0x38040000)
  eden space 82048K, 100% used [0x2d5a0000,0x325c0000,0x325c0000)
  from space 33600K, 99% used [0x35f70000,0x3803d080,0x38040000)
  to   space 46336K, 0% used [0x325c0000,0x325c0000,0x35300000)
 PSOldGen        total 133952K, used 105084K [0x18040000, 0x20310000, 0x2d5a0000)
  object space 133952K, 78% used [0x18040000,0x1e6df010,0x20310000)
 PSPermGen       total 79872K, used 59247K [0x10040000, 0x14e40000, 0x18040000)
  object space 79872K, 74% used [0x10040000,0x13a1bec0,0x14e40000)
251.266: [GC [PSYoungGen: 115636K->40793K(122880K)] 220720K->146829K(256832K), 0.1112446 secs] [Times: user=0.20 sys=0.00, real=0.11 secs] 
Heap after GC invocations=57 (full 6):
 PSYoungGen      total 122880K, used 40793K [0x2d5a0000, 0x38040000, 0x38040000)
  eden space 82048K, 0% used [0x2d5a0000,0x2d5a0000,0x325c0000)
  from space 40832K, 99% used [0x325c0000,0x34d96788,0x34da0000)
  to   space 51840K, 0% used [0x34da0000,0x34da0000,0x38040000)
 PSOldGen        total 133952K, used 106036K [0x18040000, 0x20310000, 0x2d5a0000)
  object space 133952K, 79% used [0x18040000,0x1e7cd070,0x20310000)
 PSPermGen       total 79872K, used 59247K [0x10040000, 0x14e40000, 0x18040000)
  object space 79872K, 74% used [0x10040000,0x13a1bec0,0x14e40000)
}
Total time for which application threads were stopped: 0.1125576 seconds
Application time: 0.0002785 seconds
Total time for which application threads were stopped: 0.0004403 seconds
Application time: 0.0233552 seconds
Total time for which application threads were stopped: 0.0004467 seconds
Application time: 0.0231096 seconds
Total time for which application threads were stopped: 0.0013708 seconds
Application time: 0.1605229 seconds
Total time for which application threads were stopped: 0.0047850 seconds
Application time: 0.0002562 seconds
Total time for which application threads were stopped: 0.0001542 seconds
Application time: 0.0053750 seconds
Total time for which application threads were stopped: 0.0003059 seconds
Application time: 0.0000170 seconds
Total time for which application threads were stopped: 0.0000874 seconds
Application time: 0.0000221 seconds
Total time for which application threads were stopped: 0.0000785 seconds
Application time: 0.0000168 seconds
Total time for which application threads were stopped: 0.0000765 seconds
Application time: 0.2286472 seconds
Total time for which application threads were stopped: 0.0022190 seconds
Application time: 0.0843783 seconds
Total time for which application threads were stopped: 0.0003936 seconds
Application time: 0.0001645 seconds
Total time for which application threads were stopped: 0.0001324 seconds
Application time: 0.0093495 seconds
Total time for which application threads were stopped: 0.0003649 seconds
Application time: 0.0000240 seconds
Total time for which application threads were stopped: 0.0001087 seconds
Application time: 0.0002196 seconds
Total time for which application threads were stopped: 0.0001478 seconds
Application time: 0.0000184 seconds
Total time for which application threads were stopped: 0.0001039 seconds
Application time: 0.1540226 seconds
Total time for which application threads were stopped: 0.0003730 seconds
Application time: 0.0012259 seconds
Total time for which application threads were stopped: 0.0001710 seconds
Application time: 0.0173056 seconds
Total time for which application threads were stopped: 0.0003470 seconds
Application time: 0.0064897 seconds
Total time for which application threads were stopped: 0.0004515 seconds
Application time: 0.0018958 seconds
Total time for which application threads were stopped: 0.0002419 seconds
Application time: 0.0009199 seconds
Total time for which application threads were stopped: 0.0002062 seconds
Application time: 0.0027146 seconds
Total time for which application threads were stopped: 0.0001953 seconds
Application time: 0.0009876 seconds
Total time for which application threads were stopped: 0.0001657 seconds
Application time: 0.0007878 seconds
Total time for which application threads were stopped: 0.0001710 seconds
Application time: 0.0004741 seconds
Total time for which application threads were stopped: 0.0001305 seconds
Application time: 0.0022643 seconds
Total time for which application threads were stopped: 0.0008976 seconds
Application time: 0.0065430 seconds
Total time for which application threads were stopped: 0.0002917 seconds
Application time: 0.0102102 seconds
Total time for which application threads were stopped: 0.0002958 seconds
Application time: 0.0008102 seconds
Total time for which application threads were stopped: 0.0001743 seconds
Application time: 0.0004422 seconds
Total time for which application threads were stopped: 0.0001455 seconds
Application time: 0.0002989 seconds
Total time for which application threads were stopped: 0.0001598 seconds
Application time: 0.0005372 seconds
Total time for which application threads were stopped: 0.0001609 seconds
Application time: 0.0011244 seconds
Total time for which application threads were stopped: 0.0001771 seconds
Application time: 0.0003070 seconds
Total time for which application threads were stopped: 0.0001581 seconds
Application time: 0.0022651 seconds
Total time for which application threads were stopped: 0.0007493 seconds
Application time: 0.0006797 seconds
Total time for which application threads were stopped: 0.0001961 seconds
Application time: 0.0004420 seconds
Total time for which application threads were stopped: 0.0001341 seconds
Application time: 0.0002408 seconds
Total time for which application threads were stopped: 0.0001305 seconds
Application time: 0.0194061 seconds
Total time for which application threads were stopped: 0.0004400 seconds
Application time: 0.0816319 seconds
Total time for which application threads were stopped: 0.0005084 seconds
Application time: 0.0074655 seconds
Total time for which application threads were stopped: 0.0003202 seconds
Application time: 0.0000243 seconds
Total time for which application threads were stopped: 0.0001179 seconds
Application time: 0.0000179 seconds
Total time for which application threads were stopped: 0.0000947 seconds
Application time: 0.0000126 seconds
Total time for which application threads were stopped: 0.0000930 seconds
Application time: 0.0000478 seconds
Total time for which application threads were stopped: 0.0001039 seconds
Application time: 0.0000129 seconds
Total time for which application threads were stopped: 0.0000958 seconds
Application time: 0.0002129 seconds
Total time for which application threads were stopped: 0.0002070 seconds
Application time: 0.0001467 seconds
Total time for which application threads were stopped: 0.0001411 seconds
Application time: 0.0000117 seconds
Total time for which application threads were stopped: 0.0000922 seconds
Application time: 0.0207783 seconds
Total time for which application threads were stopped: 0.0004920 seconds
Application time: 0.0032384 seconds
Total time for which application threads were stopped: 0.0003743 seconds
Application time: 0.0007615 seconds
Total time for which application threads were stopped: 0.0001545 seconds
Application time: 0.0097359 seconds
Total time for which application threads were stopped: 0.0002609 seconds
Application time: 0.0001953 seconds
Total time for which application threads were stopped: 0.0002112 seconds
Application time: 0.0000768 seconds
Total time for which application threads were stopped: 0.0001609 seconds
Application time: 0.0000738 seconds
Total time for which application threads were stopped: 0.0001081 seconds
Application time: 0.0001450 seconds
Total time for which application threads were stopped: 0.0001260 seconds
Application time: 0.0000763 seconds
Total time for which application threads were stopped: 0.0001053 seconds
Application time: 0.0000936 seconds
Total time for which application threads were stopped: 0.0001062 seconds
Application time: 0.0001408 seconds
Total time for which application threads were stopped: 0.0001187 seconds
Application time: 0.0000986 seconds
Total time for which application threads were stopped: 0.0001109 seconds
Application time: 0.0000740 seconds
Total time for which application threads were stopped: 0.0001006 seconds
Application time: 0.0000726 seconds
Total time for which application threads were stopped: 0.0000986 seconds
Application time: 0.0000738 seconds
Total time for which application threads were stopped: 0.0012063 seconds
Application time: 0.0709129 seconds
Total time for which application threads were stopped: 0.0016580 seconds
Application time: 0.0004867 seconds
Total time for which application threads were stopped: 0.0004380 seconds
Application time: 0.0005772 seconds
Total time for which application threads were stopped: 0.0003162 seconds
Application time: 0.0388063 seconds
Total time for which application threads were stopped: 0.0005319 seconds
Application time: 0.0000341 seconds
Total time for which application threads were stopped: 0.0001777 seconds
Application time: 0.0253879 seconds
Total time for which application threads were stopped: 0.0009809 seconds
Application time: 0.0730727 seconds
Total time for which application threads were stopped: 0.0003294 seconds
Application time: 0.0003799 seconds
Total time for which application threads were stopped: 0.0000955 seconds
Application time: 0.0001400 seconds
Total time for which application threads were stopped: 0.0000729 seconds
Application time: 0.0001355 seconds
Total time for which application threads were stopped: 0.0008889 seconds
Application time: 0.0315973 seconds
Total time for which application threads were stopped: 0.0003369 seconds
Application time: 0.0000318 seconds
Total time for which application threads were stopped: 0.0000916 seconds
Application time: 0.0000187 seconds
Total time for which application threads were stopped: 0.0000799 seconds
Application time: 0.0000237 seconds
Total time for which application threads were stopped: 0.0000788 seconds
Application time: 0.0000179 seconds
Total time for which application threads were stopped: 0.0000788 seconds
Application time: 0.0000215 seconds
Total time for which application threads were stopped: 0.0000799 seconds
Application time: 0.0000349 seconds
Total time for which application threads were stopped: 0.0000791 seconds
Application time: 0.0000168 seconds
Total time for which application threads were stopped: 0.0009434 seconds
Application time: 0.0528726 seconds
Total time for which application threads were stopped: 0.0003160 seconds
Application time: 0.0032049 seconds
Total time for which application threads were stopped: 0.0001520 seconds
Application time: 0.0147446 seconds
Total time for which application threads were stopped: 0.0003160 seconds
Application time: 0.0000257 seconds
Total time for which application threads were stopped: 0.0000793 seconds
Application time: 0.0132120 seconds
Total time for which application threads were stopped: 0.0003646 seconds
Application time: 0.0071587 seconds
Total time for which application threads were stopped: 0.0002643 seconds
Application time: 0.0255354 seconds
Total time for which application threads were stopped: 0.0005143 seconds
Application time: 0.0076239 seconds
Total time for which application threads were stopped: 0.0005523 seconds
Application time: 0.0008789 seconds
Total time for which application threads were stopped: 0.0004501 seconds
Application time: 0.0044229 seconds
Total time for which application threads were stopped: 0.0004232 seconds
Application time: 0.0018332 seconds
Total time for which application threads were stopped: 0.0013795 seconds
Application time: 0.0101396 seconds
Total time for which application threads were stopped: 0.0004942 seconds
Application time: 0.0093336 seconds
Total time for which application threads were stopped: 0.0006146 seconds
Application time: 0.0000419 seconds
Total time for which application threads were stopped: 0.0001486 seconds
Application time: 0.0000131 seconds
Total time for which application threads were stopped: 0.0000908 seconds
Application time: 0.0000179 seconds
Total time for which application threads were stopped: 0.0012233 seconds
Application time: 0.0000321 seconds
Total time for which application threads were stopped: 0.0004079 seconds
Application time: 0.0000810 seconds
Total time for which application threads were stopped: 0.0001492 seconds
Application time: 0.0003838 seconds
Total time for which application threads were stopped: 0.0002746 seconds
Application time: 0.0200157 seconds
Total time for which application threads were stopped: 0.0005744 seconds
Application time: 0.0291110 seconds
Total time for which application threads were stopped: 0.0003861 seconds
Application time: 0.0000223 seconds
Total time for which application threads were stopped: 0.0000905 seconds
Application time: 0.0000338 seconds
Total time for which application threads were stopped: 0.0000841 seconds
Application time: 0.0002271 seconds
Total time for which application threads were stopped: 0.0001400 seconds
Application time: 0.0187982 seconds
Total time for which application threads were stopped: 0.0005534 seconds
Application time: 0.0208619 seconds
Total time for which application threads were stopped: 0.0003400 seconds
Application time: 0.0000313 seconds
Total time for which application threads were stopped: 0.0000888 seconds
Application time: 0.0073534 seconds
Total time for which application threads were stopped: 0.0002749 seconds
Application time: 0.0000307 seconds
Total time for which application threads were stopped: 0.0000872 seconds
Application time: 0.0000335 seconds
Total time for which application threads were stopped: 0.0000805 seconds
Application time: 0.0150148 seconds
Total time for which application threads were stopped: 0.0002763 seconds
Application time: 0.0009806 seconds
Total time for which application threads were stopped: 0.0001022 seconds
Application time: 0.0005043 seconds
Total time for which application threads were stopped: 0.0001014 seconds
Application time: 0.0002662 seconds
Total time for which application threads were stopped: 0.0001207 seconds
Application time: 0.0006040 seconds
Total time for which application threads were stopped: 0.0000933 seconds
Application time: 0.0005554 seconds
Total time for which application threads were stopped: 0.0000852 seconds
Application time: 0.0003604 seconds
Total time for which application threads were stopped: 0.0000777 seconds
Application time: 0.0002411 seconds
Total time for which application threads were stopped: 0.0001006 seconds
Application time: 0.0002833 seconds
Total time for which application threads were stopped: 0.0000989 seconds
Application time: 0.0003531 seconds
Total time for which application threads were stopped: 0.0000788 seconds
Application time: 0.0008970 seconds
Total time for which application threads were stopped: 0.0000869 seconds
Application time: 0.0004112 seconds
Total time for which application threads were stopped: 0.0000765 seconds
Application time: 0.0003512 seconds
Total time for which application threads were stopped: 0.0000765 seconds
Application time: 0.0003461 seconds
Total time for which application threads were stopped: 0.0000763 seconds
Application time: 0.0002498 seconds
Total time for which application threads were stopped: 0.0000916 seconds
Application time: 0.0002453 seconds
Total time for which application threads were stopped: 0.0000925 seconds
Application time: 0.0003797 seconds
Total time for which application threads were stopped: 0.0007926 seconds
Application time: 0.0691202 seconds
Total time for which application threads were stopped: 0.0020505 seconds
Application time: 0.0002863 seconds
Total time for which application threads were stopped: 0.0002338 seconds
Application time: 0.2264944 seconds
Total time for which application threads were stopped: 0.0216664 seconds
Application time: 0.0001732 seconds
Total time for which application threads were stopped: 0.0002590 seconds
Application time: 0.0218198 seconds
Total time for which application threads were stopped: 0.0009504 seconds
Application time: 0.0003788 seconds
Total time for which application threads were stopped: 0.0001190 seconds
Application time: 0.0000615 seconds
Total time for which application threads were stopped: 0.0000902 seconds
Application time: 0.0000528 seconds
Total time for which application threads were stopped: 0.0000844 seconds
Application time: 0.0000528 seconds
Total time for which application threads were stopped: 0.0000838 seconds
Application time: 0.0000411 seconds
Total time for which application threads were stopped: 0.0000757 seconds
Application time: 0.0000581 seconds
Total time for which application threads were stopped: 0.0000813 seconds
Application time: 0.0006001 seconds
Total time for which application threads were stopped: 0.0001327 seconds
Application time: 0.0000925 seconds
Total time for which application threads were stopped: 0.0008537 seconds
Application time: 0.0008507 seconds
Total time for which application threads were stopped: 0.0008847 seconds
Application time: 0.1195051 seconds
Total time for which application threads were stopped: 0.0080357 seconds
Application time: 0.0000726 seconds
Total time for which application threads were stopped: 0.0001615 seconds
Application time: 0.1441423 seconds
Total time for which application threads were stopped: 0.0008208 seconds
Application time: 0.0000710 seconds
Total time for which application threads were stopped: 0.0001701 seconds
Application time: 0.0820101 seconds
Total time for which application threads were stopped: 0.0006286 seconds
Application time: 0.0109229 seconds
Total time for which application threads were stopped: 0.0003618 seconds
Application time: 0.0325983 seconds
Total time for which application threads were stopped: 0.0003235 seconds
Application time: 0.0001358 seconds
Total time for which application threads were stopped: 0.0001036 seconds
Application time: 0.0026995 seconds
Total time for which application threads were stopped: 0.0002361 seconds
Application time: 0.0000360 seconds
Total time for which application threads were stopped: 0.0000877 seconds
Application time: 0.0000229 seconds
Total time for which application threads were stopped: 0.0000785 seconds
Application time: 0.0233641 seconds
Total time for which application threads were stopped: 0.0003277 seconds
Application time: 0.0006400 seconds
Total time for which application threads were stopped: 0.0001503 seconds
Application time: 0.0012504 seconds
Total time for which application threads were stopped: 0.0001863 seconds
Application time: 0.0000184 seconds
Total time for which application threads were stopped: 0.0000810 seconds
Application time: 0.0000226 seconds
Total time for which application threads were stopped: 0.0000941 seconds
Application time: 0.3837644 seconds
{Heap before GC invocations=58 (full 6):
 PSYoungGen      total 122880K, used 122841K [0x2d5a0000, 0x38040000, 0x38040000)
  eden space 82048K, 100% used [0x2d5a0000,0x325c0000,0x325c0000)
  from space 40832K, 99% used [0x325c0000,0x34d96788,0x34da0000)
  to   space 51840K, 0% used [0x34da0000,0x34da0000,0x38040000)
 PSOldGen        total 133952K, used 106036K [0x18040000, 0x20310000, 0x2d5a0000)
  object space 133952K, 79% used [0x18040000,0x1e7cd070,0x20310000)
 PSPermGen       total 79872K, used 59268K [0x10040000, 0x14e40000, 0x18040000)
  object space 79872K, 74% used [0x10040000,0x13a210b0,0x14e40000)
253.992: [GC [PSYoungGen: 122841K->41620K(111360K)] 228877K->153945K(245312K), 0.1139201 secs] [Times: user=0.22 sys=0.00, real=0.11 secs] 
Heap after GC invocations=58 (full 6):
 PSYoungGen      total 111360K, used 41620K [0x2d5a0000, 0x38040000, 0x38040000)
  eden space 59520K, 0% used [0x2d5a0000,0x2d5a0000,0x30fc0000)
  from space 51840K, 80% used [0x34da0000,0x37645018,0x38040000)
  to   space 57600K, 0% used [0x30fc0000,0x30fc0000,0x34800000)
 PSOldGen        total 133952K, used 112325K [0x18040000, 0x20310000, 0x2d5a0000)
  object space 133952K, 83% used [0x18040000,0x1edf1618,0x20310000)
 PSPermGen       total 79872K, used 59268K [0x10040000, 0x14e40000, 0x18040000)
  object space 79872K, 74% used [0x10040000,0x13a210b0,0x14e40000)
}
Total time for which application threads were stopped: 0.1155236 seconds
Application time: 0.2083751 seconds
Total time for which application threads were stopped: 0.0006724 seconds
Application time: 0.0004238 seconds
Total time for which application threads were stopped: 0.0001659 seconds
Application time: 0.9998170 seconds
Total time for which application threads were stopped: 0.0009063 seconds
Application time: 0.7772340 seconds
Total time for which application threads were stopped: 0.0009457 seconds
Application time: 5.9993206 seconds
Total time for which application threads were stopped: 0.0006755 seconds
Application time: 0.2156400 seconds
{Heap before GC invocations=59 (full 6):
 PSYoungGen      total 111360K, used 101140K [0x2d5a0000, 0x38040000, 0x38040000)
  eden space 59520K, 100% used [0x2d5a0000,0x30fc0000,0x30fc0000)
  from space 51840K, 80% used [0x34da0000,0x37645018,0x38040000)
  to   space 57600K, 0% used [0x30fc0000,0x30fc0000,0x34800000)
 PSOldGen        total 133952K, used 112325K [0x18040000, 0x20310000, 0x2d5a0000)
  object space 133952K, 83% used [0x18040000,0x1edf1618,0x20310000)
 PSPermGen       total 79872K, used 59272K [0x10040000, 0x14e40000, 0x18040000)
  object space 79872K, 74% used [0x10040000,0x13a22268,0x14e40000)
262.311: [GC [PSYoungGen: 101140K->29017K(117120K)] 213465K->150309K(251072K), 0.0953180 secs] [Times: user=0.19 sys=0.00, real=0.09 secs] 
Heap after GC invocations=59 (full 6):
 PSYoungGen      total 117120K, used 29017K [0x2d5a0000, 0x38040000, 0x38040000)
  eden space 59520K, 0% used [0x2d5a0000,0x2d5a0000,0x30fc0000)
  from space 57600K, 50% used [0x30fc0000,0x32c16708,0x34800000)
  to   space 56960K, 0% used [0x348a0000,0x348a0000,0x38040000)
 PSOldGen        total 133952K, used 121291K [0x18040000, 0x20310000, 0x2d5a0000)
  object space 133952K, 90% used [0x18040000,0x1f6b2d08,0x20310000)
 PSPermGen       total 79872K, used 59272K [0x10040000, 0x14e40000, 0x18040000)
  object space 79872K, 74% used [0x10040000,0x13a22268,0x14e40000)
}
{Heap before GC invocations=60 (full 7):
 PSYoungGen      total 117120K, used 29017K [0x2d5a0000, 0x38040000, 0x38040000)
  eden space 59520K, 0% used [0x2d5a0000,0x2d5a0000,0x30fc0000)
  from space 57600K, 50% used [0x30fc0000,0x32c16708,0x34800000)
  to   space 56960K, 0% used [0x348a0000,0x348a0000,0x38040000)
 PSOldGen        total 133952K, used 121291K [0x18040000, 0x20310000, 0x2d5a0000)
  object space 133952K, 90% used [0x18040000,0x1f6b2d08,0x20310000)
 PSPermGen       total 79872K, used 59272K [0x10040000, 0x14e40000, 0x18040000)
  object space 79872K, 74% used [0x10040000,0x13a22268,0x14e40000)
262.406: [Full GC [PSYoungGen: 29017K->0K(117120K)] [PSOldGen: 121291K->131419K(174976K)] 150309K->131419K(292096K) [PSPermGen: 59272K->59272K(81920K)], 0.7632668 secs] [Times: user=0.77 sys=0.00, real=0.77 secs] 
Heap after GC invocations=60 (full 7):
 PSYoungGen      total 117120K, used 0K [0x2d5a0000, 0x38040000, 0x38040000)
  eden space 59520K, 0% used [0x2d5a0000,0x2d5a0000,0x30fc0000)
  from space 57600K, 0% used [0x30fc0000,0x30fc0000,0x34800000)
  to   space 56960K, 0% used [0x348a0000,0x348a0000,0x38040000)
 PSOldGen        total 174976K, used 131419K [0x18040000, 0x22b20000, 0x2d5a0000)
  object space 174976K, 75% used [0x18040000,0x20096cb8,0x22b20000)
 PSPermGen       total 81920K, used 59272K [0x10040000, 0x15040000, 0x18040000)
  object space 81920K, 72% used [0x10040000,0x13a22268,0x15040000)
}
Total time for which application threads were stopped: 0.8594738 seconds
Application time: 1.0003964 seconds
Total time for which application threads were stopped: 0.0008688 seconds
Application time: 0.9991166 seconds
Total time for which application threads were stopped: 0.0010524 seconds
Application time: 1.9999321 seconds
Total time for which application threads were stopped: 0.0014809 seconds
Application time: 0.1560673 seconds
{Heap before GC invocations=61 (full 7):
 PSYoungGen      total 117120K, used 59520K [0x2d5a0000, 0x38040000, 0x38040000)
  eden space 59520K, 100% used [0x2d5a0000,0x30fc0000,0x30fc0000)
  from space 57600K, 0% used [0x30fc0000,0x30fc0000,0x34800000)
  to   space 56960K, 0% used [0x348a0000,0x348a0000,0x38040000)
 PSOldGen        total 174976K, used 131419K [0x18040000, 0x22b20000, 0x2d5a0000)
  object space 174976K, 75% used [0x18040000,0x20096cb8,0x22b20000)
 PSPermGen       total 81920K, used 59283K [0x10040000, 0x15040000, 0x18040000)
  object space 81920K, 72% used [0x10040000,0x13a24ff8,0x15040000)
267.329: [GC [PSYoungGen: 59520K->432K(116608K)] 190939K->131851K(291584K), 0.0067517 secs] [Times: user=0.00 sys=0.00, real=0.00 secs] 
Heap after GC invocations=61 (full 7):
 PSYoungGen      total 116608K, used 432K [0x2d5a0000, 0x37fc0000, 0x38040000)
  eden space 60160K, 0% used [0x2d5a0000,0x2d5a0000,0x31060000)
  from space 56448K, 0% used [0x348a0000,0x3490c000,0x37fc0000)
  to   space 57024K, 0% used [0x31060000,0x31060000,0x34810000)
 PSOldGen        total 174976K, used 131419K [0x18040000, 0x22b20000, 0x2d5a0000)
  object space 174976K, 75% used [0x18040000,0x20096cb8,0x22b20000)
 PSPermGen       total 81920K, used 59283K [0x10040000, 0x15040000, 0x18040000)
  object space 81920K, 72% used [0x10040000,0x13a24ff8,0x15040000)
}
Total time for which application threads were stopped: 0.0072571 seconds
Application time: 3.2779739 seconds
Total time for which application threads were stopped: 0.0263595 seconds
Application time: 0.0104737 seconds
Total time for which application threads were stopped: 0.0022302 seconds
Application time: 1.0025031 seconds
Total time for which application threads were stopped: 0.0007990 seconds
Application time: 0.9992105 seconds
Total time for which application threads were stopped: 0.0008560 seconds
Application time: 3.3560126 seconds
{Heap before GC invocations=62 (full 7):
 PSYoungGen      total 116608K, used 60592K [0x2d5a0000, 0x37fc0000, 0x38040000)
  eden space 60160K, 100% used [0x2d5a0000,0x31060000,0x31060000)
  from space 56448K, 0% used [0x348a0000,0x3490c000,0x37fc0000)
  to   space 57024K, 0% used [0x31060000,0x31060000,0x34810000)
 PSOldGen        total 174976K, used 131419K [0x18040000, 0x22b20000, 0x2d5a0000)
  object space 174976K, 75% used [0x18040000,0x20096cb8,0x22b20000)
 PSPermGen       total 81920K, used 59286K [0x10040000, 0x15040000, 0x18040000)
  object space 81920K, 72% used [0x10040000,0x13a25a48,0x15040000)
276.014: [GC [PSYoungGen: 60592K->464K(117184K)] 192011K->131883K(292160K), 0.0096970 secs] [Times: user=0.03 sys=0.00, real=0.02 secs] 
Heap after GC invocations=62 (full 7):
 PSYoungGen      total 117184K, used 464K [0x2d5a0000, 0x37fd0000, 0x38040000)
  eden space 60160K, 0% used [0x2d5a0000,0x2d5a0000,0x31060000)
  from space 57024K, 0% used [0x31060000,0x310d4000,0x34810000)
  to   space 56512K, 0% used [0x348a0000,0x348a0000,0x37fd0000)
 PSOldGen        total 174976K, used 131419K [0x18040000, 0x22b20000, 0x2d5a0000)
  object space 174976K, 75% used [0x18040000,0x20096cb8,0x22b20000)
 PSPermGen       total 81920K, used 59286K [0x10040000, 0x15040000, 0x18040000)
  object space 81920K, 72% used [0x10040000,0x13a25a48,0x15040000)
}
Total time for which application threads were stopped: 0.0115537 seconds
Application time: 0.0002579 seconds
Total time for which application threads were stopped: 0.0002877 seconds
Application time: 0.0005057 seconds
Total time for which application threads were stopped: 0.0002282 seconds
Application time: 2.7591607 seconds
Total time for which application threads were stopped: 0.0126726 seconds
Application time: 0.0126770 seconds
Total time for which application threads were stopped: 0.0004691 seconds
Application time: 2.0210887 seconds
Total time for which application threads were stopped: 0.4492071 seconds
Application time: 0.0002430 seconds
Total time for which application threads were stopped: 0.0002861 seconds
Application time: 0.0000654 seconds
Total time for which application threads were stopped: 0.0023699 seconds
Application time: 0.0086017 seconds
Total time for which application threads were stopped: 0.0023254 seconds
Application time: 0.0070196 seconds
Total time for which application threads were stopped: 0.0003126 seconds
Application time: 0.9991488 seconds
Total time for which application threads were stopped: 0.0008549 seconds
Application time: 0.9097005 seconds
{Heap before GC invocations=63 (full 7):
 PSYoungGen      total 117184K, used 60624K [0x2d5a0000, 0x37fd0000, 0x38040000)
  eden space 60160K, 100% used [0x2d5a0000,0x31060000,0x31060000)
  from space 57024K, 0% used [0x31060000,0x310d4000,0x34810000)
  to   space 56512K, 0% used [0x348a0000,0x348a0000,0x37fd0000)
 PSOldGen        total 174976K, used 131419K [0x18040000, 0x22b20000, 0x2d5a0000)
  object space 174976K, 75% used [0x18040000,0x20096cb8,0x22b20000)
 PSPermGen       total 81920K, used 59302K [0x10040000, 0x15040000, 0x18040000)
  object space 81920K, 72% used [0x10040000,0x13a29bd0,0x15040000)
283.213: [GC [PSYoungGen: 60624K->864K(115584K)] 192043K->132283K(290560K), 0.0067391 secs] [Times: user=0.02 sys=0.00, real=0.02 secs] 
Heap after GC invocations=63 (full 7):
 PSYoungGen      total 115584K, used 864K [0x2d5a0000, 0x37dc0000, 0x38040000)
  eden space 61184K, 0% used [0x2d5a0000,0x2d5a0000,0x31160000)
  from space 54400K, 1% used [0x348a0000,0x34978000,0x37dc0000)
  to   space 55488K, 0% used [0x31160000,0x31160000,0x34790000)
 PSOldGen        total 174976K, used 131419K [0x18040000, 0x22b20000, 0x2d5a0000)
  object space 174976K, 75% used [0x18040000,0x20096cb8,0x22b20000)
 PSPermGen       total 81920K, used 59302K [0x10040000, 0x15040000, 0x18040000)
  object space 81920K, 72% used [0x10040000,0x13a29bd0,0x15040000)
}
Total time for which application threads were stopped: 0.0078862 seconds
Application time: 0.0122116 seconds
Total time for which application threads were stopped: 0.0052493 seconds
Application time: 0.0135660 seconds
Total time for which application threads were stopped: 0.0068453 seconds
Application time: 1.0055398 seconds
Total time for which application threads were stopped: 0.0012736 seconds
Application time: 1.9997055 seconds
Total time for which application threads were stopped: 0.0007227 seconds
Application time: 0.8388393 seconds
Total time for which application threads were stopped: 0.0014203 seconds
Application time: 0.0001210 seconds
Total time for which application threads were stopped: 0.0002282 seconds
Application time: 0.0013982 seconds
Total time for which application threads were stopped: 0.0002204 seconds
Application time: 0.0001193 seconds
Total time for which application threads were stopped: 0.0001157 seconds
Application time: 0.0104234 seconds
Total time for which application threads were stopped: 0.0008820 seconds
Application time: 0.0419076 seconds
Total time for which application threads were stopped: 0.0009448 seconds
Application time: 0.1347772 seconds
Total time for which application threads were stopped: 0.0045285 seconds
Application time: 0.0014588 seconds
Total time for which application threads were stopped: 0.0001707 seconds
Application time: 0.9313312 seconds
{Heap before GC invocations=64 (full 7):
 PSYoungGen      total 115584K, used 62048K [0x2d5a0000, 0x37dc0000, 0x38040000)
  eden space 61184K, 100% used [0x2d5a0000,0x31160000,0x31160000)
  from space 54400K, 1% used [0x348a0000,0x34978000,0x37dc0000)
  to   space 55488K, 0% used [0x31160000,0x31160000,0x34790000)
 PSOldGen        total 174976K, used 131419K [0x18040000, 0x22b20000, 0x2d5a0000)
  object space 174976K, 75% used [0x18040000,0x20096cb8,0x22b20000)
 PSPermGen       total 81920K, used 59323K [0x10040000, 0x15040000, 0x18040000)
  object space 81920K, 72% used [0x10040000,0x13a2eeb0,0x15040000)
288.236: [GC [PSYoungGen: 62048K->1907K(116672K)] 193467K->133326K(291648K), 0.0097820 secs] [Times: user=0.00 sys=0.00, real=0.00 secs] 
Heap after GC invocations=64 (full 7):
 PSYoungGen      total 116672K, used 1907K [0x2d5a0000, 0x37e50000, 0x38040000)
  eden space 61184K, 0% used [0x2d5a0000,0x2d5a0000,0x31160000)
  from space 55488K, 3% used [0x31160000,0x3133cca8,0x34790000)
  to   space 53952K, 0% used [0x349a0000,0x349a0000,0x37e50000)
 PSOldGen        total 174976K, used 131419K [0x18040000, 0x22b20000, 0x2d5a0000)
  object space 174976K, 75% used [0x18040000,0x20096cb8,0x22b20000)
 PSPermGen       total 81920K, used 59323K [0x10040000, 0x15040000, 0x18040000)
  object space 81920K, 72% used [0x10040000,0x13a2eeb0,0x15040000)
}
Total time for which application threads were stopped: 0.0115079 seconds
Application time: 0.0171111 seconds
Total time for which application threads were stopped: 0.0011253 seconds
Application time: 0.0041125 seconds
Total time for which application threads were stopped: 0.0003143 seconds
Application time: 0.0063458 seconds
Total time for which application threads were stopped: 0.0002634 seconds
Application time: 0.0000198 seconds
Total time for which application threads were stopped: 0.0001076 seconds
Application time: 0.0731235 seconds
Total time for which application threads were stopped: 0.0003503 seconds
Application time: 0.0000355 seconds
Total time for which application threads were stopped: 0.0001028 seconds
Application time: 0.9996162 seconds
Total time for which application threads were stopped: 0.0009672 seconds
Application time: 0.5982037 seconds
{Heap before GC invocations=65 (full 7):
 PSYoungGen      total 116672K, used 63091K [0x2d5a0000, 0x37e50000, 0x38040000)
  eden space 61184K, 100% used [0x2d5a0000,0x31160000,0x31160000)
  from space 55488K, 3% used [0x31160000,0x3133cca8,0x34790000)
  to   space 53952K, 0% used [0x349a0000,0x349a0000,0x37e50000)
 PSOldGen        total 174976K, used 131419K [0x18040000, 0x22b20000, 0x2d5a0000)
  object space 174976K, 75% used [0x18040000,0x20096cb8,0x22b20000)
 PSPermGen       total 81920K, used 59338K [0x10040000, 0x15040000, 0x18040000)
  object space 81920K, 72% used [0x10040000,0x13a328e8,0x15040000)
289.962: [GC [PSYoungGen: 63091K->10656K(113024K)] 194510K->142075K(288000K), 0.0643822 secs] [Times: user=0.11 sys=0.00, real=0.06 secs] 
Heap after GC invocations=65 (full 7):
 PSYoungGen      total 113024K, used 10656K [0x2d5a0000, 0x37840000, 0x38040000)
  eden space 65280K, 0% used [0x2d5a0000,0x2d5a0000,0x31560000)
  from space 47744K, 22% used [0x349a0000,0x354080f8,0x37840000)
  to   space 50624K, 0% used [0x31560000,0x31560000,0x346d0000)
 PSOldGen        total 174976K, used 131419K [0x18040000, 0x22b20000, 0x2d5a0000)
  object space 174976K, 75% used [0x18040000,0x20096cb8,0x22b20000)
 PSPermGen       total 81920K, used 59338K [0x10040000, 0x15040000, 0x18040000)
  object space 81920K, 72% used [0x10040000,0x13a328e8,0x15040000)
}
Total time for which application threads were stopped: 0.0789299 seconds
Application time: 0.0700061 seconds
Total time for which application threads were stopped: 0.0051602 seconds
Application time: 0.0866641 seconds
Total time for which application threads were stopped: 0.0051417 seconds
Application time: 0.1358061 seconds
Total time for which application threads were stopped: 0.0005668 seconds
Application time: 0.0000380 seconds
Total time for which application threads were stopped: 0.0011689 seconds
Application time: 0.0045028 seconds
Total time for which application threads were stopped: 0.0012655 seconds
Application time: 0.0038245 seconds
Total time for which application threads were stopped: 0.0012116 seconds
Application time: 0.0039863 seconds
Total time for which application threads were stopped: 0.0014270 seconds
Application time: 0.0043835 seconds
Total time for which application threads were stopped: 0.0013641 seconds
Application time: 0.0042190 seconds
Total time for which application threads were stopped: 0.0014239 seconds
Application time: 0.0042355 seconds
Total time for which application threads were stopped: 0.0013574 seconds
Application time: 0.0039290 seconds
Total time for which application threads were stopped: 0.0012851 seconds
Application time: 0.0041204 seconds
Total time for which application threads were stopped: 0.0014479 seconds
Application time: 0.0724070 seconds
Total time for which application threads were stopped: 0.0013837 seconds
Application time: 0.0039192 seconds
Total time for which application threads were stopped: 0.0011957 seconds
Application time: 0.0056555 seconds
Total time for which application threads were stopped: 0.0010230 seconds
Application time: 0.0030708 seconds
Total time for which application threads were stopped: 0.0009468 seconds
Application time: 0.0036859 seconds
Total time for which application threads were stopped: 0.0010529 seconds
Application time: 0.0032395 seconds
Total time for which application threads were stopped: 0.0015449 seconds
Application time: 0.0032423 seconds
Total time for which application threads were stopped: 0.0009744 seconds
Application time: 0.0031725 seconds
Total time for which application threads were stopped: 0.0009434 seconds
Application time: 0.0029526 seconds
Total time for which application threads were stopped: 0.0010485 seconds
Application time: 0.0029722 seconds
Total time for which application threads were stopped: 0.0011348 seconds
Application time: 0.0032848 seconds
Total time for which application threads were stopped: 0.0010133 seconds
Application time: 0.0032448 seconds
Total time for which application threads were stopped: 0.0009110 seconds
Application time: 0.0028126 seconds
Total time for which application threads were stopped: 0.0008979 seconds
Application time: 0.0027453 seconds
Total time for which application threads were stopped: 0.0010057 seconds
Application time: 0.0012200 seconds
{Heap before GC invocations=66 (full 7):
 PSYoungGen      total 113024K, used 75936K [0x2d5a0000, 0x37840000, 0x38040000)
  eden space 65280K, 100% used [0x2d5a0000,0x31560000,0x31560000)
  from space 47744K, 22% used [0x349a0000,0x354080f8,0x37840000)
  to   space 50624K, 0% used [0x31560000,0x31560000,0x346d0000)
 PSOldGen        total 174976K, used 131419K [0x18040000, 0x22b20000, 0x2d5a0000)
  object space 174976K, 75% used [0x18040000,0x20096cb8,0x22b20000)
 PSPermGen       total 81920K, used 59344K [0x10040000, 0x15040000, 0x18040000)
  object space 81920K, 72% used [0x10040000,0x13a34360,0x15040000)
290.509: [GC [PSYoungGen: 75936K->13043K(115904K)] 207355K->144714K(290880K), 0.0721857 secs] [Times: user=0.09 sys=0.00, real=0.08 secs] 
Heap after GC invocations=66 (full 7):
 PSYoungGen      total 115904K, used 13043K [0x2d5a0000, 0x37b00000, 0x38040000)
  eden space 65280K, 0% used [0x2d5a0000,0x2d5a0000,0x31560000)
  from space 50624K, 25% used [0x31560000,0x3221ccc8,0x346d0000)
  to   space 47168K, 0% used [0x34cf0000,0x34cf0000,0x37b00000)
 PSOldGen        total 174976K, used 131671K [0x18040000, 0x22b20000, 0x2d5a0000)
  object space 174976K, 75% used [0x18040000,0x200d5cc8,0x22b20000)
 PSPermGen       total 81920K, used 59344K [0x10040000, 0x15040000, 0x18040000)
  object space 81920K, 72% used [0x10040000,0x13a34360,0x15040000)
}
Total time for which application threads were stopped: 0.0726601 seconds
Application time: 0.0073015 seconds
Total time for which application threads were stopped: 0.0011244 seconds
Application time: 0.0252999 seconds
Total time for which application threads were stopped: 0.0005883 seconds
Application time: 0.0035929 seconds
Total time for which application threads were stopped: 0.0010328 seconds
Application time: 0.0072199 seconds
Total time for which application threads were stopped: 0.0006417 seconds
Application time: 1.9998517 seconds
Total time for which application threads were stopped: 0.0008699 seconds
Application time: 0.6786740 seconds
Total time for which application threads were stopped: 0.0008110 seconds
Application time: 0.0354450 seconds
Total time for which application threads were stopped: 0.0008529 seconds
Application time: 0.0023288 seconds
Total time for which application threads were stopped: 0.0002506 seconds
Application time: 0.0006068 seconds
Total time for which application threads were stopped: 0.0001196 seconds
Application time: 0.0077697 seconds
Total time for which application threads were stopped: 0.0004473 seconds
Application time: 0.0015633 seconds
Total time for which application threads were stopped: 0.0002151 seconds
Application time: 0.0006998 seconds
Total time for which application threads were stopped: 0.0001416 seconds
Application time: 0.0416438 seconds
Total time for which application threads were stopped: 0.0003252 seconds
Application time: 0.0386859 seconds
Total time for which application threads were stopped: 0.0133442 seconds
Application time: 0.0000481 seconds
Total time for which application threads were stopped: 0.0001324 seconds
Application time: 0.0000408 seconds
Total time for which application threads were stopped: 0.0001095 seconds
Application time: 0.1497981 seconds
Total time for which application threads were stopped: 0.0004006 seconds
Application time: 0.0009158 seconds
Total time for which application threads were stopped: 0.0001872 seconds
Application time: 0.0006627 seconds
Total time for which application threads were stopped: 0.0001897 seconds
Application time: 0.0227333 seconds
Total time for which application threads were stopped: 0.0002861 seconds
Application time: 0.0012518 seconds
Total time for which application threads were stopped: 0.0001394 seconds
Application time: 0.0000427 seconds
Total time for which application threads were stopped: 0.0000788 seconds
Application time: 0.0000377 seconds
Total time for which application threads were stopped: 0.0000777 seconds
Application time: 0.0001419 seconds
Total time for which application threads were stopped: 0.0000802 seconds
Application time: 0.0000212 seconds
Total time for which application threads were stopped: 0.0000785 seconds
Application time: 0.0099110 seconds
Total time for which application threads were stopped: 0.0002975 seconds
Application time: 0.0720695 seconds
Total time for which application threads were stopped: 0.0005822 seconds
Application time: 0.0000271 seconds
Total time for which application threads were stopped: 0.0001464 seconds
Application time: 0.0000190 seconds
Total time for which application threads were stopped: 0.0000874 seconds
Application time: 0.0000332 seconds
Total time for which application threads were stopped: 0.0001179 seconds
Application time: 0.0047210 seconds
Total time for which application threads were stopped: 0.0002604 seconds
Application time: 0.0002254 seconds
Total time for which application threads were stopped: 0.0001009 seconds
Application time: 0.0002450 seconds
Total time for which application threads were stopped: 0.0000844 seconds
Application time: 0.0001587 seconds
Total time for which application threads were stopped: 0.0000805 seconds
Application time: 0.0081360 seconds
Total time for which application threads were stopped: 0.0002863 seconds
Application time: 0.0000366 seconds
Total time for which application threads were stopped: 0.0001201 seconds
Application time: 0.0360945 seconds
Total time for which application threads were stopped: 0.0005205 seconds
Application time: 0.0002355 seconds
Total time for which application threads were stopped: 0.0001587 seconds
Application time: 0.0016262 seconds
Total time for which application threads were stopped: 0.0002252 seconds
Application time: 0.0014359 seconds
Total time for which application threads were stopped: 0.0002394 seconds
Application time: 0.0007652 seconds
Total time for which application threads were stopped: 0.0001548 seconds
Application time: 0.0001511 seconds
Total time for which application threads were stopped: 0.0001067 seconds
Application time: 0.0002855 seconds
Total time for which application threads were stopped: 0.0001084 seconds
Application time: 0.0025668 seconds
Total time for which application threads were stopped: 0.0002271 seconds
Application time: 0.0005914 seconds
Total time for which application threads were stopped: 0.0001165 seconds
Application time: 0.0438402 seconds
Total time for which application threads were stopped: 0.0008403 seconds
Application time: 0.0006646 seconds
Total time for which application threads were stopped: 0.0001967 seconds
Application time: 0.1108398 seconds
Total time for which application threads were stopped: 0.0003241 seconds
Application time: 0.0000372 seconds
Total time for which application threads were stopped: 0.0010476 seconds
Application time: 0.0083237 seconds
Total time for which application threads were stopped: 0.0010440 seconds
Application time: 0.0029543 seconds
Total time for which application threads were stopped: 0.0009216 seconds
Application time: 0.0116512 seconds
Total time for which application threads were stopped: 0.0009688 seconds
Application time: 0.0136408 seconds
Total time for which application threads were stopped: 0.0009457 seconds
Application time: 0.0027205 seconds
Total time for which application threads were stopped: 0.0008409 seconds
Application time: 0.0101259 seconds
Total time for which application threads were stopped: 0.0010004 seconds
Application time: 0.0136115 seconds
Total time for which application threads were stopped: 0.0009412 seconds
Application time: 0.0027976 seconds
Total time for which application threads were stopped: 0.0008328 seconds
Application time: 0.0159076 seconds
Total time for which application threads were stopped: 0.0009188 seconds
Application time: 0.0026534 seconds
Total time for which application threads were stopped: 0.0007819 seconds
Application time: 0.0125790 seconds
Total time for which application threads were stopped: 0.0002992 seconds
Application time: 0.0003394 seconds
Total time for which application threads were stopped: 0.0001302 seconds
Application time: 0.0017248 seconds
Total time for which application threads were stopped: 0.0001975 seconds
Application time: 0.0015952 seconds
Total time for which application threads were stopped: 0.0001975 seconds
Application time: 0.0192432 seconds
Total time for which application threads were stopped: 0.0002978 seconds
Application time: 0.0013831 seconds
Total time for which application threads were stopped: 0.0001224 seconds
Application time: 0.0009518 seconds
Total time for which application threads were stopped: 0.0000995 seconds
Application time: 0.0005364 seconds
Total time for which application threads were stopped: 0.0001009 seconds
Application time: 0.1951111 seconds
Total time for which application threads were stopped: 0.0005138 seconds
Application time: 0.0843853 seconds
Total time for which application threads were stopped: 0.0009023 seconds
Application time: 0.0082047 seconds
Total time for which application threads were stopped: 0.0003802 seconds
Application time: 0.0192474 seconds
Total time for which application threads were stopped: 0.0003389 seconds
Application time: 0.0000383 seconds
Total time for which application threads were stopped: 0.0001137 seconds
Application time: 0.1007958 seconds
Total time for which application threads were stopped: 0.0007247 seconds
Application time: 0.0338127 seconds
{Heap before GC invocations=67 (full 7):
 PSYoungGen      total 115904K, used 78323K [0x2d5a0000, 0x37b00000, 0x38040000)
  eden space 65280K, 100% used [0x2d5a0000,0x31560000,0x31560000)
  from space 50624K, 25% used [0x31560000,0x3221ccc8,0x346d0000)
  to   space 47168K, 0% used [0x34cf0000,0x34cf0000,0x37b00000)
 PSOldGen        total 174976K, used 131671K [0x18040000, 0x22b20000, 0x2d5a0000)
  object space 174976K, 75% used [0x18040000,0x200d5cc8,0x22b20000)
 PSPermGen       total 81920K, used 59364K [0x10040000, 0x15040000, 0x18040000)
  object space 81920K, 72% used [0x10040000,0x13a39388,0x15040000)
294.511: [GC [PSYoungGen: 78323K->6705K(116928K)] 209994K->138728K(291904K), 0.0346879 secs] [Times: user=0.06 sys=0.00, real=0.03 secs] 
Heap after GC invocations=67 (full 7):
 PSYoungGen      total 116928K, used 6705K [0x2d5a0000, 0x37670000, 0x38040000)
  eden space 74432K, 0% used [0x2d5a0000,0x2d5a0000,0x31e50000)
  from space 42496K, 15% used [0x34cf0000,0x3537c418,0x37670000)
  to   space 45120K, 0% used [0x31e50000,0x31e50000,0x34a60000)
 PSOldGen        total 174976K, used 132023K [0x18040000, 0x22b20000, 0x2d5a0000)
  object space 174976K, 75% used [0x18040000,0x2012dcc8,0x22b20000)
 PSPermGen       total 81920K, used 59364K [0x10040000, 0x15040000, 0x18040000)
  object space 81920K, 72% used [0x10040000,0x13a39388,0x15040000)
}
Total time for which application threads were stopped: 0.0354358 seconds
Application time: 0.0225970 seconds
Total time for which application threads were stopped: 0.0068243 seconds
Application time: 0.0472845 seconds
Total time for which application threads were stopped: 0.0017837 seconds
Application time: 0.0010364 seconds
Total time for which application threads were stopped: 0.0001746 seconds
Application time: 0.0098803 seconds
Total time for which application threads were stopped: 0.0004221 seconds
Application time: 0.0012052 seconds
Total time for which application threads were stopped: 0.0010018 seconds
Application time: 0.0000670 seconds
Total time for which application threads were stopped: 0.0001157 seconds
Application time: 0.0010166 seconds
Total time for which application threads were stopped: 0.0001841 seconds
Application time: 0.0000218 seconds
Total time for which application threads were stopped: 0.0000813 seconds
Application time: 0.0000179 seconds
Total time for which application threads were stopped: 0.0000740 seconds
Application time: 0.0000159 seconds
Total time for which application threads were stopped: 0.0000777 seconds
Application time: 0.0000156 seconds
Total time for which application threads were stopped: 0.0000738 seconds
Application time: 0.0000154 seconds
Total time for which application threads were stopped: 0.0000777 seconds
Application time: 0.0043911 seconds
Total time for which application threads were stopped: 0.0005070 seconds
Application time: 0.0621051 seconds
Total time for which application threads were stopped: 0.0002958 seconds
Application time: 0.0000316 seconds
Total time for which application threads were stopped: 0.0014231 seconds
Application time: 0.0055300 seconds
Total time for which application threads were stopped: 0.0017701 seconds
Application time: 0.0017958 seconds
Total time for which application threads were stopped: 0.0003266 seconds
Application time: 0.0030780 seconds
Total time for which application threads were stopped: 0.0015105 seconds
Application time: 0.0043299 seconds
Total time for which application threads were stopped: 0.0013437 seconds
Application time: 0.0080608 seconds
Total time for which application threads were stopped: 0.0034951 seconds
Application time: 0.0085519 seconds
Total time for which application threads were stopped: 0.0014502 seconds
Application time: 0.0938586 seconds
Total time for which application threads were stopped: 0.0003514 seconds
Application time: 0.0599640 seconds
Total time for which application threads were stopped: 0.0011337 seconds
Application time: 0.0010985 seconds
Total time for which application threads were stopped: 0.0002989 seconds
Application time: 0.0036460 seconds
Total time for which application threads were stopped: 0.0003034 seconds
Application time: 0.0000246 seconds
Total time for which application threads were stopped: 0.0001330 seconds
Application time: 0.0842811 seconds
Total time for which application threads were stopped: 0.0003995 seconds
Application time: 0.1463021 seconds
Total time for which application threads were stopped: 0.0014167 seconds
Application time: 0.0007568 seconds
Total time for which application threads were stopped: 0.0002003 seconds
Application time: 0.0018712 seconds
Total time for which application threads were stopped: 0.0002464 seconds
Application time: 0.0004763 seconds
Total time for which application threads were stopped: 0.0001995 seconds
Application time: 0.0022743 seconds
Total time for which application threads were stopped: 0.0049428 seconds
Application time: 0.0032012 seconds
Total time for which application threads were stopped: 0.0002897 seconds
Application time: 0.0174992 seconds
Total time for which application threads were stopped: 0.0006755 seconds
Application time: 0.0333886 seconds
Total time for which application threads were stopped: 0.0006504 seconds
Application time: 0.0002073 seconds
Total time for which application threads were stopped: 0.0001791 seconds
Application time: 0.0003456 seconds
Total time for which application threads were stopped: 0.0001877 seconds
Application time: 0.0002028 seconds
Total time for which application threads were stopped: 0.0001615 seconds
Application time: 0.0018743 seconds
Total time for which application threads were stopped: 0.0002433 seconds
Application time: 0.0109961 seconds
Total time for which application threads were stopped: 0.0003517 seconds
Application time: 0.0006020 seconds
Total time for which application threads were stopped: 0.0003031 seconds
Application time: 0.0482039 seconds
Total time for which application threads were stopped: 0.0003757 seconds
Application time: 0.0000240 seconds
Total time for which application threads were stopped: 0.0001478 seconds
Application time: 0.0291604 seconds
Total time for which application threads were stopped: 0.0004098 seconds
Application time: 0.1835052 seconds
Total time for which application threads were stopped: 0.0038857 seconds
Application time: 0.5029025 seconds
{Heap before GC invocations=68 (full 7):
 PSYoungGen      total 116928K, used 81137K [0x2d5a0000, 0x37670000, 0x38040000)
  eden space 74432K, 100% used [0x2d5a0000,0x31e50000,0x31e50000)
  from space 42496K, 15% used [0x34cf0000,0x3537c418,0x37670000)
  to   space 45120K, 0% used [0x31e50000,0x31e50000,0x34a60000)
 PSOldGen        total 174976K, used 132023K [0x18040000, 0x22b20000, 0x2d5a0000)
  object space 174976K, 75% used [0x18040000,0x2012dcc8,0x22b20000)
 PSPermGen       total 81920K, used 59370K [0x10040000, 0x15040000, 0x18040000)
  object space 81920K, 72% used [0x10040000,0x13a3ab78,0x15040000)
296.000: [GC [PSYoungGen: 81137K->7584K(119552K)] 213160K->140247K(294528K), 0.0263092 secs] [Times: user=0.06 sys=0.00, real=0.03 secs] 
Heap after GC invocations=68 (full 7):
 PSYoungGen      total 119552K, used 7584K [0x2d5a0000, 0x37bd0000, 0x38040000)
  eden space 74432K, 0% used [0x2d5a0000,0x2d5a0000,0x31e50000)
  from space 45120K, 16% used [0x31e50000,0x325b8080,0x34a60000)
  to   space 42880K, 0% used [0x351f0000,0x351f0000,0x37bd0000)
 PSOldGen        total 174976K, used 132663K [0x18040000, 0x22b20000, 0x2d5a0000)
  object space 174976K, 75% used [0x18040000,0x201cdcc8,0x22b20000)
 PSPermGen       total 81920K, used 59370K [0x10040000, 0x15040000, 0x18040000)
  object space 81920K, 72% used [0x10040000,0x13a3ab78,0x15040000)
}
Total time for which application threads were stopped: 0.0317303 seconds
Application time: 0.0041285 seconds
Total time for which application threads were stopped: 0.0008442 seconds
Application time: 0.0006624 seconds
Total time for which application threads were stopped: 0.0002185 seconds
Application time: 0.0930828 seconds
Total time for which application threads were stopped: 0.0003995 seconds
Application time: 0.0000436 seconds
Total time for which application threads were stopped: 0.0001212 seconds
Application time: 0.0001861 seconds
Total time for which application threads were stopped: 0.0001238 seconds
Application time: 0.0000198 seconds
Total time for which application threads were stopped: 0.0009138 seconds
Application time: 0.0000659 seconds
Total time for which application threads were stopped: 0.0002254 seconds
Application time: 0.0002660 seconds
Total time for which application threads were stopped: 0.0001685 seconds
Application time: 0.0000240 seconds
Total time for which application threads were stopped: 0.0001020 seconds
Application time: 0.0000461 seconds
Total time for which application threads were stopped: 0.0001092 seconds
Application time: 0.0000738 seconds
Total time for which application threads were stopped: 0.0001098 seconds
Application time: 0.0167591 seconds
Total time for which application threads were stopped: 0.0010630 seconds
Application time: 0.0737585 seconds
Total time for which application threads were stopped: 0.0074406 seconds
Application time: 0.0187032 seconds
Total time for which application threads were stopped: 0.0009736 seconds
Application time: 0.0008040 seconds
Total time for which application threads were stopped: 0.0001732 seconds
Application time: 0.0070489 seconds
Total time for which application threads were stopped: 0.0002595 seconds
Application time: 0.2518225 seconds
Total time for which application threads were stopped: 0.0227526 seconds
Application time: 0.0020167 seconds
Total time for which application threads were stopped: 0.0007599 seconds
Application time: 0.0019078 seconds
Total time for which application threads were stopped: 0.0017882 seconds
Application time: 0.0072361 seconds
Total time for which application threads were stopped: 0.0006029 seconds
Application time: 0.0005420 seconds
Total time for which application threads were stopped: 0.0022447 seconds
Application time: 0.0075895 seconds
Total time for which application threads were stopped: 0.0003872 seconds
Application time: 0.0014130 seconds
Total time for which application threads were stopped: 0.0017441 seconds
Application time: 0.0076800 seconds
Total time for which application threads were stopped: 0.0041793 seconds
Application time: 0.0076306 seconds
Total time for which application threads were stopped: 0.0020707 seconds
Application time: 0.0266274 seconds
Total time for which application threads were stopped: 0.0019765 seconds
Application time: 0.0003459 seconds
Total time for which application threads were stopped: 0.0002280 seconds
Application time: 0.0011381 seconds
Total time for which application threads were stopped: 0.0001503 seconds
Application time: 0.0036276 seconds
Total time for which application threads were stopped: 0.0002472 seconds
Application time: 0.0000506 seconds
Total time for which application threads were stopped: 0.0016661 seconds
Application time: 0.0014236 seconds
Total time for which application threads were stopped: 0.0009898 seconds
Application time: 0.0037829 seconds
Total time for which application threads were stopped: 0.0018343 seconds
Application time: 0.0538180 seconds
Total time for which application threads were stopped: 0.0020871 seconds
Application time: 0.0075691 seconds
Total time for which application threads were stopped: 0.0018748 seconds
Application time: 0.0068003 seconds
Total time for which application threads were stopped: 0.0005177 seconds
Application time: 0.0163236 seconds
Total time for which application threads were stopped: 0.0004953 seconds
Application time: 0.0062209 seconds
Total time for which application threads were stopped: 0.0003439 seconds
Application time: 0.0003791 seconds
Total time for which application threads were stopped: 0.0001464 seconds
Application time: 0.1237803 seconds
Total time for which application threads were stopped: 0.0004082 seconds
Application time: 0.0142499 seconds
Total time for which application threads were stopped: 0.0005227 seconds
Application time: 0.0040785 seconds
Total time for which application threads were stopped: 0.0003607 seconds
Application time: 0.0027688 seconds
Total time for which application threads were stopped: 0.0003436 seconds
Application time: 0.0068704 seconds
Total time for which application threads were stopped: 0.0003992 seconds
Application time: 0.0025355 seconds
Total time for which application threads were stopped: 0.0007945 seconds
Application time: 0.0053563 seconds
Total time for which application threads were stopped: 0.0002802 seconds
Application time: 0.0015072 seconds
Total time for which application threads were stopped: 0.0002084 seconds
Application time: 0.0039782 seconds
Total time for which application threads were stopped: 0.0002942 seconds
Application time: 0.0018567 seconds
Total time for which application threads were stopped: 0.0002092 seconds
Application time: 0.0001076 seconds
Total time for which application threads were stopped: 0.0000941 seconds
Application time: 0.0003713 seconds
Total time for which application threads were stopped: 0.0001112 seconds
Application time: 0.0000654 seconds
Total time for which application threads were stopped: 0.0000858 seconds
Application time: 0.0003020 seconds
Total time for which application threads were stopped: 0.0000922 seconds
Application time: 0.0000665 seconds
Total time for which application threads were stopped: 0.0000874 seconds
Application time: 0.0030445 seconds
Total time for which application threads were stopped: 0.0003724 seconds
Application time: 0.0000986 seconds
Total time for which application threads were stopped: 0.0000874 seconds
Application time: 0.1410998 seconds
Total time for which application threads were stopped: 0.0008009 seconds
Application time: 0.0283360 seconds
Total time for which application threads were stopped: 0.0010149 seconds
Application time: 0.0077784 seconds
Total time for which application threads were stopped: 0.0003755 seconds
Application time: 0.0027146 seconds
Total time for which application threads were stopped: 0.0002542 seconds
Application time: 0.0007062 seconds
Total time for which application threads were stopped: 0.0001450 seconds
Application time: 0.0351019 seconds
Total time for which application threads were stopped: 0.0010370 seconds
Application time: 0.0020762 seconds
Total time for which application threads were stopped: 0.0046148 seconds
Application time: 0.0009624 seconds
Total time for which application threads were stopped: 0.0002204 seconds
Application time: 0.0023894 seconds
Total time for which application threads were stopped: 0.0002970 seconds
Application time: 0.0028724 seconds
Total time for which application threads were stopped: 0.0005260 seconds
Application time: 0.0226976 seconds
Total time for which application threads were stopped: 0.0007361 seconds
Application time: 0.0001679 seconds
Total time for which application threads were stopped: 0.0010155 seconds
Application time: 0.0000388 seconds
Total time for which application threads were stopped: 0.0002095 seconds
Application time: 0.0000299 seconds
Total time for which application threads were stopped: 0.0001266 seconds
Application time: 0.0011513 seconds
Total time for which application threads were stopped: 0.0018466 seconds
Application time: 0.0000335 seconds
Total time for which application threads were stopped: 0.0001355 seconds
Application time: 0.0029635 seconds
Total time for which application threads were stopped: 0.0003500 seconds
Application time: 0.0072537 seconds
Total time for which application threads were stopped: 0.0005238 seconds
Application time: 0.0022724 seconds
Total time for which application threads were stopped: 0.0010381 seconds
Application time: 0.0007730 seconds
Total time for which application threads were stopped: 0.0001464 seconds
Application time: 0.0004903 seconds
Total time for which application threads were stopped: 0.0001425 seconds
Application time: 0.0066170 seconds
Total time for which application threads were stopped: 0.0003459 seconds
Application time: 0.0007339 seconds
Total time for which application threads were stopped: 0.0001785 seconds
Application time: 0.0011772 seconds
{Heap before GC invocations=69 (full 7):
 PSYoungGen      total 119552K, used 82016K [0x2d5a0000, 0x37bd0000, 0x38040000)
  eden space 74432K, 100% used [0x2d5a0000,0x31e50000,0x31e50000)
  from space 45120K, 16% used [0x31e50000,0x325b8080,0x34a60000)
  to   space 42880K, 0% used [0x351f0000,0x351f0000,0x37bd0000)
 PSOldGen        total 174976K, used 132663K [0x18040000, 0x22b20000, 0x2d5a0000)
  object space 174976K, 75% used [0x18040000,0x201cdcc8,0x22b20000)
 PSPermGen       total 81920K, used 59381K [0x10040000, 0x15040000, 0x18040000)
  object space 81920K, 72% used [0x10040000,0x13a3d510,0x15040000)
297.185: [GC [PSYoungGen: 82016K->8401K(122688K)] 214679K->145068K(297664K), 0.0340772 secs] [Times: user=0.05 sys=0.02, real=0.03 secs] 
Heap after GC invocations=69 (full 7):
 PSYoungGen      total 122688K, used 8401K [0x2d5a0000, 0x37760000, 0x38040000)
  eden space 84352K, 0% used [0x2d5a0000,0x2d5a0000,0x32800000)
  from space 38336K, 21% used [0x351f0000,0x35a244f0,0x37760000)
  to   space 40640K, 0% used [0x32800000,0x32800000,0x34fb0000)
 PSOldGen        total 174976K, used 136667K [0x18040000, 0x22b20000, 0x2d5a0000)
  object space 174976K, 78% used [0x18040000,0x205b6da0,0x22b20000)
 PSPermGen       total 81920K, used 59381K [0x10040000, 0x15040000, 0x18040000)
  object space 81920K, 72% used [0x10040000,0x13a3d510,0x15040000)
}
Total time for which application threads were stopped: 0.0345214 seconds
Application time: 0.0061418 seconds
Total time for which application threads were stopped: 0.0004576 seconds
Application time: 0.0026867 seconds
Total time for which application threads were stopped: 0.0002780 seconds
Application time: 0.0015116 seconds
Total time for which application threads were stopped: 0.0002059 seconds
Application time: 0.0023967 seconds
Total time for which application threads were stopped: 0.0002076 seconds
Application time: 0.0011591 seconds
Total time for which application threads were stopped: 0.0001752 seconds
Application time: 0.0002858 seconds
Total time for which application threads were stopped: 0.0001531 seconds
Application time: 0.0106880 seconds
Total time for which application threads were stopped: 0.0004819 seconds
Application time: 0.0090593 seconds
Total time for which application threads were stopped: 0.0003975 seconds
Application time: 0.0004450 seconds
Total time for which application threads were stopped: 0.0001721 seconds
Application time: 0.0017318 seconds
Total time for which application threads were stopped: 0.0002274 seconds
Application time: 0.0005249 seconds
Total time for which application threads were stopped: 0.0001777 seconds
Application time: 0.0004964 seconds
Total time for which application threads were stopped: 0.0001564 seconds
Application time: 0.0002517 seconds
Total time for which application threads were stopped: 0.0001240 seconds
Application time: 0.0005450 seconds
Total time for which application threads were stopped: 0.0001517 seconds
Application time: 0.0006696 seconds
Total time for which application threads were stopped: 0.0010066 seconds
Application time: 0.0012658 seconds
Total time for which application threads were stopped: 0.0002662 seconds
Application time: 0.0036764 seconds
Total time for which application threads were stopped: 0.0002970 seconds
Application time: 0.0763047 seconds
Total time for which application threads were stopped: 0.0070403 seconds
Application time: 0.0006076 seconds
Total time for which application threads were stopped: 0.0001863 seconds
Application time: 0.0002405 seconds
Total time for which application threads were stopped: 0.0000922 seconds
Application time: 0.1234151 seconds
Total time for which application threads were stopped: 0.0004791 seconds
Application time: 0.0001651 seconds
Total time for which application threads were stopped: 0.0001604 seconds
Application time: 0.0453658 seconds
Total time for which application threads were stopped: 0.0003825 seconds
Application time: 0.0237122 seconds
Total time for which application threads were stopped: 0.0004506 seconds
Application time: 0.0033191 seconds
Total time for which application threads were stopped: 0.0003266 seconds
Application time: 0.0024140 seconds
Total time for which application threads were stopped: 0.0001796 seconds
Application time: 0.0061879 seconds
Total time for which application threads were stopped: 0.0003336 seconds
Application time: 0.0055001 seconds
Total time for which application threads were stopped: 0.0003252 seconds
Application time: 0.0003000 seconds
Total time for which application threads were stopped: 0.0006040 seconds
Application time: 0.0038100 seconds
Total time for which application threads were stopped: 0.0003081 seconds
Application time: 0.0136643 seconds
Total time for which application threads were stopped: 0.0009554 seconds
Application time: 0.0018567 seconds
Total time for which application threads were stopped: 0.0003076 seconds
Application time: 0.0018039 seconds
Total time for which application threads were stopped: 0.0002316 seconds
Application time: 0.0045738 seconds
Total time for which application threads were stopped: 0.0003171 seconds
Application time: 0.3111909 seconds
Total time for which application threads were stopped: 0.0012465 seconds
Application time: 0.0037482 seconds
Total time for which application threads were stopped: 0.0003500 seconds
Application time: 0.0025595 seconds
Total time for which application threads were stopped: 0.0003350 seconds
Application time: 0.0051981 seconds
Total time for which application threads were stopped: 0.0003146 seconds
Application time: 0.0042665 seconds
Total time for which application threads were stopped: 0.0001380 seconds
Application time: 0.0002252 seconds
Total time for which application threads were stopped: 0.0000933 seconds
Application time: 0.0166516 seconds
Total time for which application threads were stopped: 0.0002511 seconds
Application time: 0.0015248 seconds
Total time for which application threads were stopped: 0.0001009 seconds
Application time: 0.0015100 seconds
Total time for which application threads were stopped: 0.0009012 seconds
Application time: 0.0913879 seconds
Total time for which application threads were stopped: 0.0003537 seconds
Application time: 0.0584175 seconds
Total time for which application threads were stopped: 0.0072515 seconds
Application time: 0.1100171 seconds
Total time for which application threads were stopped: 0.0004573 seconds
Application time: 0.2386717 seconds
Total time for which application threads were stopped: 0.0078102 seconds
Application time: 0.1912922 seconds
Total time for which application threads were stopped: 0.0013125 seconds
Application time: 0.0915868 seconds
Total time for which application threads were stopped: 0.0003961 seconds
Application time: 0.1126721 seconds
Total time for which application threads were stopped: 0.0007004 seconds
Application time: 0.1478456 seconds
Total time for which application threads were stopped: 0.0006875 seconds
Application time: 0.0178889 seconds
Total time for which application threads were stopped: 0.0242441 seconds
Application time: 0.1028321 seconds
Total time for which application threads were stopped: 0.0078652 seconds
Application time: 0.1116935 seconds
Total time for which application threads were stopped: 0.0039608 seconds
Application time: 0.0421953 seconds
{Heap before GC invocations=70 (full 7):
 PSYoungGen      total 122688K, used 92753K [0x2d5a0000, 0x37760000, 0x38040000)
  eden space 84352K, 100% used [0x2d5a0000,0x32800000,0x32800000)
  from space 38336K, 21% used [0x351f0000,0x35a244f0,0x37760000)
  to   space 40640K, 0% used [0x32800000,0x32800000,0x34fb0000)
 PSOldGen        total 174976K, used 136667K [0x18040000, 0x22b20000, 0x2d5a0000)
  object space 174976K, 78% used [0x18040000,0x205b6da0,0x22b20000)
 PSPermGen       total 81920K, used 59386K [0x10040000, 0x15040000, 0x18040000)
  object space 81920K, 72% used [0x10040000,0x13a3e950,0x15040000)
299.318: [GC [PSYoungGen: 92753K->3320K(124992K)] 229420K->146474K(299968K), 0.0378649 secs] [Times: user=0.06 sys=0.00, real=0.03 secs] 
Heap after GC invocations=70 (full 7):
 PSYoungGen      total 124992K, used 3320K [0x2d5a0000, 0x37f50000, 0x38040000)
  eden space 84352K, 0% used [0x2d5a0000,0x2d5a0000,0x32800000)
  from space 40640K, 8% used [0x32800000,0x32b3e070,0x34fb0000)
  to   space 39296K, 0% used [0x358f0000,0x358f0000,0x37f50000)
 PSOldGen        total 174976K, used 143154K [0x18040000, 0x22b20000, 0x2d5a0000)
  object space 174976K, 81% used [0x18040000,0x20c0c9e0,0x22b20000)
 PSPermGen       total 81920K, used 59386K [0x10040000, 0x15040000, 0x18040000)
  object space 81920K, 72% used [0x10040000,0x13a3e950,0x15040000)
}
Total time for which application threads were stopped: 0.0391106 seconds
Application time: 0.0006065 seconds
Total time for which application threads were stopped: 0.0015429 seconds
Application time: 0.0123510 seconds
Total time for which application threads were stopped: 0.0005118 seconds
Application time: 0.0099560 seconds
Total time for which application threads were stopped: 0.0003615 seconds
Application time: 0.0013767 seconds
Total time for which application threads were stopped: 0.0002375 seconds
Application time: 0.0007127 seconds
Total time for which application threads were stopped: 0.0001875 seconds
Application time: 0.0000210 seconds
Total time for which application threads were stopped: 0.0000941 seconds
Application time: 0.0000182 seconds
Total time for which application threads were stopped: 0.0000835 seconds
Application time: 0.0000159 seconds
Total time for which application threads were stopped: 0.0000874 seconds
Application time: 0.0000162 seconds
Total time for which application threads were stopped: 0.0000835 seconds
Application time: 0.0000159 seconds
Total time for which application threads were stopped: 0.0000874 seconds
Application time: 0.0000159 seconds
Total time for which application threads were stopped: 0.0000855 seconds
Application time: 0.0000165 seconds
Total time for which application threads were stopped: 0.0009040 seconds
Application time: 0.0000291 seconds
Total time for which application threads were stopped: 0.0001710 seconds
Application time: 0.0824761 seconds
Total time for which application threads were stopped: 0.0004596 seconds
Application time: 0.0011697 seconds
Total time for which application threads were stopped: 0.0001671 seconds
Application time: 0.2399934 seconds
Total time for which application threads were stopped: 0.0015033 seconds
Application time: 0.0088198 seconds
Total time for which application threads were stopped: 0.0003718 seconds
Application time: 0.0004540 seconds
Total time for which application threads were stopped: 0.0001740 seconds
Application time: 0.0056672 seconds
Total time for which application threads were stopped: 0.0012638 seconds
Application time: 0.0566614 seconds
Total time for which application threads were stopped: 0.0004529 seconds
Application time: 0.0038117 seconds
Total time for which application threads were stopped: 0.0003755 seconds
Application time: 0.0079491 seconds
Total time for which application threads were stopped: 0.0003833 seconds
Application time: 0.0458667 seconds
Total time for which application threads were stopped: 0.0004230 seconds
Application time: 0.0284377 seconds
Total time for which application threads were stopped: 0.0004978 seconds
Application time: 0.0436958 seconds
Total time for which application threads were stopped: 0.0004221 seconds
Application time: 0.0109025 seconds
Total time for which application threads were stopped: 0.0004112 seconds
Application time: 0.0050101 seconds
Total time for which application threads were stopped: 0.0003352 seconds
Application time: 0.0018025 seconds
Total time for which application threads were stopped: 0.0002609 seconds
Application time: 0.0049154 seconds
Total time for which application threads were stopped: 0.0003537 seconds
Application time: 0.0014843 seconds
Total time for which application threads were stopped: 0.0003162 seconds
Application time: 0.0045064 seconds
Total time for which application threads were stopped: 0.0003053 seconds
Application time: 0.0017547 seconds
Total time for which application threads were stopped: 0.0002799 seconds
Application time: 0.0043693 seconds
Total time for which application threads were stopped: 0.0004199 seconds
Application time: 0.0344725 seconds
Total time for which application threads were stopped: 0.0017879 seconds
Application time: 0.0008057 seconds
Total time for which application threads were stopped: 0.0002246 seconds
Application time: 0.0003534 seconds
Total time for which application threads were stopped: 0.0001310 seconds
Application time: 0.0000687 seconds
Total time for which application threads were stopped: 0.0000880 seconds
Application time: 0.0039832 seconds
Total time for which application threads were stopped: 0.0004115 seconds
Application time: 0.0000986 seconds
Total time for which application threads were stopped: 0.0001182 seconds
Application time: 0.0040639 seconds
Total time for which application threads were stopped: 0.0004308 seconds
Application time: 0.0001366 seconds
Total time for which application threads were stopped: 0.0001483 seconds
Application time: 0.0400087 seconds
Total time for which application threads were stopped: 0.0003774 seconds
Application time: 0.0882635 seconds
Total time for which application threads were stopped: 0.0004755 seconds
Application time: 0.0076940 seconds
Total time for which application threads were stopped: 0.0005283 seconds
Application time: 0.0496678 seconds
Total time for which application threads were stopped: 0.0005858 seconds
Application time: 0.0178637 seconds
Total time for which application threads were stopped: 0.0004950 seconds
Application time: 0.0025690 seconds
Total time for which application threads were stopped: 0.0002900 seconds
Application time: 0.0000288 seconds
Total time for which application threads were stopped: 0.0001598 seconds
Application time: 0.0002595 seconds
Total time for which application threads were stopped: 0.0001634 seconds
Application time: 0.0001975 seconds
Total time for which application threads were stopped: 0.0002257 seconds
Application time: 0.0001970 seconds
Total time for which application threads were stopped: 0.0001497 seconds
Application time: 0.0170485 seconds
Total time for which application threads were stopped: 0.0009915 seconds
Application time: 0.8903525 seconds
Total time for which application threads were stopped: 0.0081969 seconds
Application time: 0.0007236 seconds
Total time for which application threads were stopped: 0.0002802 seconds
Application time: 0.0033404 seconds
Total time for which application threads were stopped: 0.0002891 seconds
Application time: 0.0115590 seconds
Total time for which application threads were stopped: 0.0007065 seconds
Application time: 0.0088481 seconds
Total time for which application threads were stopped: 0.0012384 seconds
Application time: 0.0011826 seconds
Total time for which application threads were stopped: 0.0002316 seconds
Application time: 0.0470783 seconds
Total time for which application threads were stopped: 0.0005568 seconds
Application time: 0.0008375 seconds
Total time for which application threads were stopped: 0.0002461 seconds
Application time: 0.0280119 seconds
Total time for which application threads were stopped: 0.0008401 seconds
Application time: 0.0011390 seconds
Total time for which application threads were stopped: 0.0002579 seconds
Application time: 0.1105920 seconds
Total time for which application threads were stopped: 0.0004643 seconds
Application time: 0.0002998 seconds
Total time for which application threads were stopped: 0.0001570 seconds
Application time: 0.0003009 seconds
Total time for which application threads were stopped: 0.0001425 seconds
Application time: 0.0002294 seconds
Total time for which application threads were stopped: 0.0001246 seconds
Application time: 0.0002308 seconds
Total time for which application threads were stopped: 0.0001352 seconds
Application time: 0.0055074 seconds
Total time for which application threads were stopped: 0.0003685 seconds
Application time: 0.0002492 seconds
Total time for which application threads were stopped: 0.0001285 seconds
Application time: 0.0004646 seconds
Total time for which application threads were stopped: 0.0006316 seconds
Application time: 0.0002701 seconds
Total time for which application threads were stopped: 0.0001849 seconds
Application time: 0.0002950 seconds
Total time for which application threads were stopped: 0.0003291 seconds
Application time: 0.0007786 seconds
Total time for which application threads were stopped: 0.0002514 seconds
Application time: 0.0002559 seconds
Total time for which application threads were stopped: 0.0001838 seconds
Application time: 0.0004151 seconds
Total time for which application threads were stopped: 0.0016189 seconds
Application time: 0.0004805 seconds
Total time for which application threads were stopped: 0.0012133 seconds
Application time: 0.0729207 seconds
Total time for which application threads were stopped: 0.0004702 seconds
Application time: 0.0000285 seconds
Total time for which application threads were stopped: 0.0001430 seconds
Application time: 0.0239489 seconds
Total time for which application threads were stopped: 0.0082963 seconds
Application time: 0.0014055 seconds
Total time for which application threads were stopped: 0.0004224 seconds
Application time: 0.0754797 seconds
Total time for which application threads were stopped: 0.0004327 seconds
Application time: 0.0000251 seconds
Total time for which application threads were stopped: 0.0001341 seconds
Application time: 0.0086525 seconds
Total time for which application threads were stopped: 0.0003210 seconds
Application time: 0.0000182 seconds
Total time for which application threads were stopped: 0.0001268 seconds
Application time: 0.0995970 seconds
Total time for which application threads were stopped: 0.0008367 seconds
Application time: 0.0010526 seconds
Total time for which application threads were stopped: 0.0003274 seconds
Application time: 0.0000207 seconds
Total time for which application threads were stopped: 0.0001819 seconds
Application time: 0.0137171 seconds
Total time for which application threads were stopped: 0.0003925 seconds
Application time: 0.0001408 seconds
Total time for which application threads were stopped: 0.0001106 seconds
Application time: 0.0000955 seconds
Total time for which application threads were stopped: 0.0000958 seconds
Application time: 0.0000919 seconds
Total time for which application threads were stopped: 0.0000930 seconds
Application time: 0.0000908 seconds
Total time for which application threads were stopped: 0.0000939 seconds
Application time: 0.0000908 seconds
Total time for which application threads were stopped: 0.0000922 seconds
Application time: 0.0000911 seconds
Total time for which application threads were stopped: 0.0000930 seconds
Application time: 0.0000908 seconds
Total time for which application threads were stopped: 0.0000922 seconds
Application time: 0.0000908 seconds
Total time for which application threads were stopped: 0.0000927 seconds
Application time: 0.0000922 seconds
Total time for which application threads were stopped: 0.0000947 seconds
Application time: 0.0049540 seconds
Total time for which application threads were stopped: 0.0002419 seconds
Application time: 0.0000335 seconds
Total time for which application threads were stopped: 0.0000992 seconds
Application time: 0.0000240 seconds
Total time for which application threads were stopped: 0.0000922 seconds
Application time: 0.0000235 seconds
Total time for which application threads were stopped: 0.0000914 seconds
Application time: 0.0000237 seconds
Total time for which application threads were stopped: 0.0001014 seconds
Application time: 0.0000249 seconds
Total time for which application threads were stopped: 0.0000916 seconds
Application time: 0.0000235 seconds
Total time for which application threads were stopped: 0.0000911 seconds
Application time: 0.0000246 seconds
Total time for which application threads were stopped: 0.0000914 seconds
Application time: 0.0000260 seconds
Total time for which application threads were stopped: 0.0000914 seconds
Application time: 0.0000249 seconds
Total time for which application threads were stopped: 0.0000972 seconds
Application time: 0.0000235 seconds
Total time for which application threads were stopped: 0.0000916 seconds
Application time: 0.1473285 seconds
{Heap before GC invocations=71 (full 7):
 PSYoungGen      total 124992K, used 87672K [0x2d5a0000, 0x37f50000, 0x38040000)
  eden space 84352K, 100% used [0x2d5a0000,0x32800000,0x32800000)
  from space 40640K, 8% used [0x32800000,0x32b3e070,0x34fb0000)
  to   space 39296K, 0% used [0x358f0000,0x358f0000,0x37f50000)
 PSOldGen        total 174976K, used 143154K [0x18040000, 0x22b20000, 0x2d5a0000)
  object space 174976K, 81% used [0x18040000,0x20c0c9e0,0x22b20000)
 PSPermGen       total 81920K, used 59393K [0x10040000, 0x15040000, 0x18040000)
  object space 81920K, 72% used [0x10040000,0x13a404d0,0x15040000)
301.830: [GC [PSYoungGen: 87672K->6029K(129728K)] 230826K->152104K(304704K), 0.0331615 secs] [Times: user=0.05 sys=0.02, real=0.03 secs] 
Heap after GC invocations=71 (full 7):
 PSYoungGen      total 129728K, used 6029K [0x2d5a0000, 0x37b30000, 0x38040000)
  eden space 94656K, 0% used [0x2d5a0000,0x2d5a0000,0x33210000)
  from space 35072K, 17% used [0x358f0000,0x35ed3688,0x37b30000)
  to   space 37440K, 0% used [0x33210000,0x33210000,0x356a0000)
 PSOldGen        total 174976K, used 146074K [0x18040000, 0x22b20000, 0x2d5a0000)
  object space 174976K, 83% used [0x18040000,0x20ee6bb0,0x22b20000)
 PSPermGen       total 81920K, used 59393K [0x10040000, 0x15040000, 0x18040000)
  object space 81920K, 72% used [0x10040000,0x13a404d0,0x15040000)
}
Total time for which application threads were stopped: 0.0341658 seconds
Application time: 0.0052183 seconds
Total time for which application threads were stopped: 0.0005453 seconds
Application time: 0.0738697 seconds
Total time for which application threads were stopped: 0.0007034 seconds
Application time: 0.0001981 seconds
Total time for which application threads were stopped: 0.0020519 seconds
Application time: 0.0016656 seconds
Total time for which application threads were stopped: 0.0002165 seconds
Application time: 0.0158305 seconds
Total time for which application threads were stopped: 0.0003791 seconds
Application time: 0.0002291 seconds
Total time for which application threads were stopped: 0.0001469 seconds
Application time: 0.0009987 seconds
Total time for which application threads were stopped: 0.0002218 seconds
Application time: 0.0000226 seconds
Total time for which application threads were stopped: 0.0001310 seconds
Application time: 0.0000271 seconds
Total time for which application threads were stopped: 0.0000997 seconds
Application time: 0.0000193 seconds
Total time for which application threads were stopped: 0.0001157 seconds
Application time: 0.0000190 seconds
Total time for which application threads were stopped: 0.0000947 seconds
Application time: 0.0000218 seconds
Total time for which application threads were stopped: 0.0007800 seconds
Application time: 0.0000399 seconds
Total time for which application threads were stopped: 0.0001103 seconds
Application time: 0.0002570 seconds
Total time for which application threads were stopped: 0.0001525 seconds
Application time: 0.1142992 seconds
Total time for which application threads were stopped: 0.0014876 seconds
Application time: 0.0000179 seconds
Total time for which application threads were stopped: 0.0001643 seconds
Application time: 0.2216994 seconds
Total time for which application threads were stopped: 0.0012532 seconds
Application time: 0.0000349 seconds
Total time for which application threads were stopped: 0.0002836 seconds
Application time: 0.0689663 seconds
Total time for which application threads were stopped: 0.0010881 seconds
Application time: 0.0036639 seconds
Total time for which application threads were stopped: 0.0006780 seconds
Application time: 0.0113581 seconds
Total time for which application threads were stopped: 0.0123424 seconds
Application time: 0.0009018 seconds
Total time for which application threads were stopped: 0.0003643 seconds
Application time: 0.0372975 seconds
Total time for which application threads were stopped: 0.0004816 seconds
Application time: 0.0136213 seconds
Total time for which application threads were stopped: 0.0004227 seconds
Application time: 0.0040103 seconds
Total time for which application threads were stopped: 0.0012474 seconds
Application time: 0.0000285 seconds
Total time for which application threads were stopped: 0.0002383 seconds
Application time: 0.0049160 seconds
Total time for which application threads were stopped: 0.0003654 seconds
Application time: 0.0306559 seconds
Total time for which application threads were stopped: 0.0003593 seconds
Application time: 0.0855539 seconds
Total time for which application threads were stopped: 0.0003428 seconds
Application time: 0.0000413 seconds
Total time for which application threads were stopped: 0.0001036 seconds
Application time: 0.0000402 seconds
Total time for which application threads were stopped: 0.0000933 seconds
Application time: 0.0448063 seconds
Total time for which application threads were stopped: 0.0003964 seconds
Application time: 0.0000386 seconds
Total time for which application threads were stopped: 0.0001355 seconds
Application time: 0.0000458 seconds
Total time for which application threads were stopped: 0.0001240 seconds
Application time: 0.0587362 seconds
Total time for which application threads were stopped: 0.0004808 seconds
Application time: 0.0000799 seconds
Total time for which application threads were stopped: 0.0001416 seconds
Application time: 0.0023696 seconds
Total time for which application threads were stopped: 0.0002576 seconds
Application time: 0.0238695 seconds
Total time for which application threads were stopped: 0.0004610 seconds
Application time: 0.0000860 seconds
Total time for which application threads were stopped: 0.0001279 seconds
Application time: 0.0209848 seconds
Total time for which application threads were stopped: 0.0003822 seconds
Application time: 0.0796098 seconds
Total time for which application threads were stopped: 0.0010711 seconds
Application time: 0.2940784 seconds
Total time for which application threads were stopped: 0.0004350 seconds
Application time: 0.2757839 seconds
Total time for which application threads were stopped: 0.0024492 seconds
Application time: 0.1357636 seconds
Total time for which application threads were stopped: 0.0053079 seconds
Application time: 0.1048332 seconds
Total time for which application threads were stopped: 0.0074141 seconds
Application time: 0.0044866 seconds
Total time for which application threads were stopped: 0.0007984 seconds
Application time: 0.0006205 seconds
Total time for which application threads were stopped: 0.0002076 seconds
Application time: 0.0005350 seconds
Total time for which application threads were stopped: 0.0001922 seconds
Application time: 0.1168702 seconds
Total time for which application threads were stopped: 0.0004288 seconds
Application time: 0.0000358 seconds
Total time for which application threads were stopped: 0.0001279 seconds
Application time: 0.0291677 seconds
Total time for which application threads were stopped: 0.0004920 seconds
Application time: 0.1237543 seconds
Total time for which application threads were stopped: 0.0017896 seconds
Application time: 0.0000436 seconds
Total time for which application threads were stopped: 0.0002118 seconds
Application time: 0.0270515 seconds
Total time for which application threads were stopped: 0.0070517 seconds
Application time: 0.1578818 seconds
Total time for which application threads were stopped: 0.0010697 seconds
Application time: 0.0000274 seconds
Total time for which application threads were stopped: 0.0003053 seconds
Application time: 0.0118032 seconds
Total time for which application threads were stopped: 0.0004392 seconds
Application time: 0.0867982 seconds
Total time for which application threads were stopped: 0.0004431 seconds
Application time: 0.0858327 seconds
Total time for which application threads were stopped: 0.0027484 seconds
Application time: 0.0000436 seconds
Total time for which application threads were stopped: 0.0001277 seconds
Application time: 0.2478463 seconds
Total time for which application threads were stopped: 0.0009158 seconds
Application time: 0.0025992 seconds
Total time for which application threads were stopped: 0.0003375 seconds
Application time: 0.0106723 seconds
Total time for which application threads were stopped: 0.0003825 seconds
Application time: 0.0000193 seconds
Total time for which application threads were stopped: 0.0001254 seconds
Application time: 0.0316331 seconds
Total time for which application threads were stopped: 0.0004637 seconds
Application time: 0.0003285 seconds
Total time for which application threads were stopped: 0.0001983 seconds
Application time: 0.0197860 seconds
Total time for which application threads were stopped: 0.0004112 seconds
Application time: 0.0217877 seconds
{Heap before GC invocations=72 (full 7):
 PSYoungGen      total 129728K, used 100685K [0x2d5a0000, 0x37b30000, 0x38040000)
  eden space 94656K, 100% used [0x2d5a0000,0x33210000,0x33210000)
  from space 35072K, 17% used [0x358f0000,0x35ed3688,0x37b30000)
  to   space 37440K, 0% used [0x33210000,0x33210000,0x356a0000)
 PSOldGen        total 174976K, used 146074K [0x18040000, 0x22b20000, 0x2d5a0000)
  object space 174976K, 83% used [0x18040000,0x20ee6bb0,0x22b20000)
 PSPermGen       total 81920K, used 59418K [0x10040000, 0x15040000, 0x18040000)
  object space 81920K, 72% used [0x10040000,0x13a46aa0,0x15040000)
304.647: [GC [PSYoungGen: 100685K->15623K(132096K)] 246760K->167246K(307072K), 0.0532646 secs] [Times: user=0.08 sys=0.00, real=0.05 secs] 
Heap after GC invocations=72 (full 7):
 PSYoungGen      total 132096K, used 15623K [0x2d5a0000, 0x38040000, 0x38040000)
  eden space 94656K, 0% used [0x2d5a0000,0x2d5a0000,0x33210000)
  from space 37440K, 41% used [0x33210000,0x34151d38,0x356a0000)
  to   space 36544K, 0% used [0x35c90000,0x35c90000,0x38040000)
 PSOldGen        total 174976K, used 151623K [0x18040000, 0x22b20000, 0x2d5a0000)
  object space 174976K, 86% used [0x18040000,0x21451e48,0x22b20000)
 PSPermGen       total 81920K, used 59418K [0x10040000, 0x15040000, 0x18040000)
  object space 81920K, 72% used [0x10040000,0x13a46aa0,0x15040000)
}
Total time for which application threads were stopped: 0.0539680 seconds
Application time: 0.0005434 seconds
Total time for which application threads were stopped: 0.0012870 seconds
Application time: 0.0020564 seconds
Total time for which application threads were stopped: 0.0003830 seconds
Application time: 0.0036393 seconds
Total time for which application threads were stopped: 0.0003277 seconds
Application time: 0.0000453 seconds
Total time for which application threads were stopped: 0.0001327 seconds
Application time: 0.0001651 seconds
Total time for which application threads were stopped: 0.0001263 seconds
Application time: 0.0000246 seconds
Total time for which application threads were stopped: 0.0001028 seconds
Application time: 0.0534872 seconds
Total time for which application threads were stopped: 0.0003878 seconds
Application time: 0.0006166 seconds
Total time for which application threads were stopped: 0.0001545 seconds
Application time: 0.0659511 seconds
Total time for which application threads were stopped: 0.0004674 seconds
Application time: 0.0700902 seconds
Total time for which application threads were stopped: 0.0073590 seconds
Application time: 0.0343633 seconds
Total time for which application threads were stopped: 0.0009054 seconds
Application time: 0.0019489 seconds
Total time for which application threads were stopped: 0.0021388 seconds
Application time: 0.0104569 seconds
Total time for which application threads were stopped: 0.0039050 seconds
Application time: 0.0243651 seconds
Total time for which application threads were stopped: 0.0019321 seconds
Application time: 0.0152243 seconds
Total time for which application threads were stopped: 0.0011814 seconds
Application time: 0.0006076 seconds
Total time for which application threads were stopped: 0.0003062 seconds
Application time: 0.0002956 seconds
Total time for which application threads were stopped: 0.0002319 seconds
Application time: 0.0001347 seconds
Total time for which application threads were stopped: 0.0001358 seconds
Application time: 0.0001612 seconds
Total time for which application threads were stopped: 0.0001620 seconds
Application time: 0.0000397 seconds
Total time for which application threads were stopped: 0.0001408 seconds
Application time: 0.0000358 seconds
Total time for which application threads were stopped: 0.0001419 seconds
Application time: 0.0001805 seconds
Total time for which application threads were stopped: 0.0001869 seconds
Application time: 0.0012105 seconds
Total time for which application threads were stopped: 0.0002039 seconds
Application time: 0.0000338 seconds
Total time for which application threads were stopped: 0.0001243 seconds
Application time: 0.0000324 seconds
Total time for which application threads were stopped: 0.0001218 seconds
Application time: 0.0000310 seconds
Total time for which application threads were stopped: 0.0001168 seconds
Application time: 0.0914613 seconds
Total time for which application threads were stopped: 0.0010258 seconds
Application time: 0.1030134 seconds
Total time for which application threads were stopped: 0.0011138 seconds
Application time: 0.0207557 seconds
Total time for which application threads were stopped: 0.0006585 seconds
Application time: 0.1047496 seconds
Total time for which application threads were stopped: 0.0004975 seconds
Application time: 0.1040247 seconds
Total time for which application threads were stopped: 0.0006026 seconds
Application time: 0.0085444 seconds
Total time for which application threads were stopped: 0.0012158 seconds
Application time: 0.0005733 seconds
Total time for which application threads were stopped: 0.0002713 seconds
Application time: 0.0017170 seconds
Total time for which application threads were stopped: 0.0002646 seconds
Application time: 0.0001165 seconds
Total time for which application threads were stopped: 0.0001397 seconds
Application time: 0.0752149 seconds
Total time for which application threads were stopped: 0.0004604 seconds
Application time: 0.0000330 seconds
Total time for which application threads were stopped: 0.0001425 seconds
Application time: 0.0537376 seconds
Total time for which application threads were stopped: 0.0004070 seconds
Application time: 0.0001090 seconds
Total time for which application threads were stopped: 0.0001400 seconds
Application time: 0.0123234 seconds
Total time for which application threads were stopped: 0.0011493 seconds
Application time: 0.0018670 seconds
Total time for which application threads were stopped: 0.0010177 seconds
Application time: 0.0108109 seconds
Total time for which application threads were stopped: 0.0003545 seconds
Application time: 0.3784417 seconds
Total time for which application threads were stopped: 0.0019838 seconds
Application time: 0.0011180 seconds
Total time for which application threads were stopped: 0.0003132 seconds
Application time: 0.4418358 seconds
Total time for which application threads were stopped: 0.0010990 seconds
Application time: 0.0008261 seconds
Total time for which application threads were stopped: 0.0015251 seconds
Application time: 0.0173866 seconds
Total time for which application threads were stopped: 0.0004431 seconds
Application time: 0.0046241 seconds
Total time for which application threads were stopped: 0.0067106 seconds
Application time: 0.0018581 seconds
Total time for which application threads were stopped: 0.0003341 seconds
Application time: 0.0082815 seconds
Total time for which application threads were stopped: 0.0009107 seconds
Application time: 0.0037885 seconds
Total time for which application threads were stopped: 0.0003338 seconds
Application time: 0.0034474 seconds
Total time for which application threads were stopped: 0.0011887 seconds
Application time: 0.0053314 seconds
Total time for which application threads were stopped: 0.0004339 seconds
Application time: 0.0101505 seconds
Total time for which application threads were stopped: 0.0005029 seconds
Application time: 0.0039692 seconds
Total time for which application threads were stopped: 0.0044564 seconds
Application time: 0.0076979 seconds
Total time for which application threads were stopped: 0.0005020 seconds
Application time: 0.0078974 seconds
Total time for which application threads were stopped: 0.0004288 seconds
Application time: 0.0037248 seconds
Total time for which application threads were stopped: 0.0003101 seconds
Application time: 0.0096431 seconds
Total time for which application threads were stopped: 0.0008951 seconds
Application time: 0.0088531 seconds
Total time for which application threads were stopped: 0.0010627 seconds
Application time: 0.0023397 seconds
Total time for which application threads were stopped: 0.0001886 seconds
Application time: 0.0014262 seconds
Total time for which application threads were stopped: 0.0001942 seconds
Application time: 0.0000321 seconds
Total time for which application threads were stopped: 0.0017119 seconds
Application time: 0.0036320 seconds
Total time for which application threads were stopped: 0.0003157 seconds
Application time: 0.0049668 seconds
Total time for which application threads were stopped: 0.0004721 seconds
Application time: 0.0084416 seconds
Total time for which application threads were stopped: 0.0005797 seconds
Application time: 0.0039642 seconds
Total time for which application threads were stopped: 0.0003716 seconds
Application time: 0.0011337 seconds
Total time for which application threads were stopped: 0.0017779 seconds
Application time: 0.0050409 seconds
Total time for which application threads were stopped: 0.0016728 seconds
Application time: 0.0052236 seconds
Total time for which application threads were stopped: 0.0021422 seconds
Application time: 0.0087282 seconds
Total time for which application threads were stopped: 0.0018240 seconds
Application time: 0.0012379 seconds
Total time for which application threads were stopped: 0.0002458 seconds
Application time: 0.0001101 seconds
Total time for which application threads were stopped: 0.0001827 seconds
Application time: 0.0010166 seconds
Total time for which application threads were stopped: 0.0001930 seconds
Application time: 0.0063678 seconds
Total time for which application threads were stopped: 0.0017600 seconds
Application time: 0.0080692 seconds
Total time for which application threads were stopped: 0.0019676 seconds
Application time: 0.0048962 seconds
Total time for which application threads were stopped: 0.0016279 seconds
Application time: 0.0044810 seconds
Total time for which application threads were stopped: 0.0015946 seconds
Application time: 0.0046581 seconds
Total time for which application threads were stopped: 0.0024087 seconds
Application time: 0.0047358 seconds
Total time for which application threads were stopped: 0.0020458 seconds
Application time: 0.0052800 seconds
Total time for which application threads were stopped: 0.0016091 seconds
Application time: 0.0046833 seconds
Total time for which application threads were stopped: 0.0002495 seconds
Application time: 0.2324854 seconds
Total time for which application threads were stopped: 0.0005084 seconds
Application time: 0.0004867 seconds
Total time for which application threads were stopped: 0.0001992 seconds
Application time: 0.0003358 seconds
Total time for which application threads were stopped: 0.0001726 seconds
Application time: 0.0331361 seconds
Total time for which application threads were stopped: 0.0005272 seconds
Application time: 0.0725925 seconds
Total time for which application threads were stopped: 0.0004241 seconds
Application time: 0.0000271 seconds
Total time for which application threads were stopped: 0.0001293 seconds
Application time: 0.0426121 seconds
{Heap before GC invocations=73 (full 7):
 PSYoungGen      total 132096K, used 110279K [0x2d5a0000, 0x38040000, 0x38040000)
  eden space 94656K, 100% used [0x2d5a0000,0x33210000,0x33210000)
  from space 37440K, 41% used [0x33210000,0x34151d38,0x356a0000)
  to   space 36544K, 0% used [0x35c90000,0x35c90000,0x38040000)
 PSOldGen        total 174976K, used 151623K [0x18040000, 0x22b20000, 0x2d5a0000)
  object space 174976K, 86% used [0x18040000,0x21451e48,0x22b20000)
 PSPermGen       total 81920K, used 59438K [0x10040000, 0x15040000, 0x18040000)
  object space 81920K, 72% used [0x10040000,0x13a4b860,0x15040000)
307.051: [GC [PSYoungGen: 110279K->8055K(132416K)] 261902K->171152K(307392K), 0.0619830 secs] [Times: user=0.11 sys=0.00, real=0.06 secs] 
Heap after GC invocations=73 (full 7):
 PSYoungGen      total 132416K, used 8055K [0x2d5a0000, 0x37b80000, 0x38040000)
  eden space 100736K, 0% used [0x2d5a0000,0x2d5a0000,0x33800000)
  from space 31680K, 25% used [0x35c90000,0x3646dfe8,0x37b80000)
  to   space 34560K, 0% used [0x33800000,0x33800000,0x359c0000)
 PSOldGen        total 174976K, used 163096K [0x18040000, 0x22b20000, 0x2d5a0000)
  object space 174976K, 93% used [0x18040000,0x21f86200,0x22b20000)
 PSPermGen       total 81920K, used 59438K [0x10040000, 0x15040000, 0x18040000)
  object space 81920K, 72% used [0x10040000,0x13a4b860,0x15040000)
}
{Heap before GC invocations=74 (full 8):
 PSYoungGen      total 132416K, used 8055K [0x2d5a0000, 0x37b80000, 0x38040000)
  eden space 100736K, 0% used [0x2d5a0000,0x2d5a0000,0x33800000)
  from space 31680K, 25% used [0x35c90000,0x3646dfe8,0x37b80000)
  to   space 34560K, 0% used [0x33800000,0x33800000,0x359c0000)
 PSOldGen        total 174976K, used 163096K [0x18040000, 0x22b20000, 0x2d5a0000)
  object space 174976K, 93% used [0x18040000,0x21f86200,0x22b20000)
 PSPermGen       total 81920K, used 59438K [0x10040000, 0x15040000, 0x18040000)
  object space 81920K, 72% used [0x10040000,0x13a4b860,0x15040000)
307.114: [Full GC [PSYoungGen: 8055K->0K(132416K)] [PSOldGen: 163096K->150599K(197824K)] 171152K->150599K(330240K) [PSPermGen: 59438K->59129K(81152K)], 1.0302918 secs] [Times: user=1.03 sys=0.00, real=1.03 secs] 
Heap after GC invocations=74 (full 8):
 PSYoungGen      total 132416K, used 0K [0x2d5a0000, 0x37b80000, 0x38040000)
  eden space 100736K, 0% used [0x2d5a0000,0x2d5a0000,0x33800000)
  from space 31680K, 0% used [0x35c90000,0x35c90000,0x37b80000)
  to   space 34560K, 0% used [0x33800000,0x33800000,0x359c0000)
 PSOldGen        total 197824K, used 150599K [0x18040000, 0x24170000, 0x2d5a0000)
  object space 197824K, 76% used [0x18040000,0x21351d70,0x24170000)
 PSPermGen       total 81152K, used 59129K [0x10040000, 0x14f80000, 0x18040000)
  object space 81152K, 72% used [0x10040000,0x139fe690,0x14f80000)
}
Total time for which application threads were stopped: 1.0936577 seconds
Application time: 0.0335431 seconds
Total time for which application threads were stopped: 0.0027492 seconds
Application time: 0.0082656 seconds
Total time for which application threads were stopped: 0.0004799 seconds
Application time: 0.4059427 seconds
Total time for which application threads were stopped: 0.0069079 seconds
Application time: 0.0022827 seconds
Total time for which application threads were stopped: 0.0019511 seconds
Application time: 0.0066332 seconds
Total time for which application threads were stopped: 0.0019299 seconds
Application time: 0.0091693 seconds
Total time for which application threads were stopped: 0.0003665 seconds
Application time: 0.2064788 seconds
Total time for which application threads were stopped: 0.0009269 seconds
Application time: 0.4902869 seconds
Total time for which application threads were stopped: 0.0008889 seconds
Application time: 0.0214547 seconds
Total time for which application threads were stopped: 0.0016826 seconds
Application time: 0.0185213 seconds
Total time for which application threads were stopped: 0.0003799 seconds
Application time: 0.0000293 seconds
Total time for which application threads were stopped: 0.0001511 seconds
Application time: 0.0005037 seconds
Total time for which application threads were stopped: 0.0001598 seconds
Application time: 0.0557926 seconds
Total time for which application threads were stopped: 0.0031557 seconds
Application time: 0.0882224 seconds
Total time for which application threads were stopped: 0.0047799 seconds
Application time: 0.0002718 seconds
Total time for which application threads were stopped: 0.0002067 seconds
Application time: 0.0048618 seconds
Total time for which application threads were stopped: 0.0004157 seconds
Application time: 0.0039801 seconds
Total time for which application threads were stopped: 0.0003626 seconds
Application time: 0.0042511 seconds
Total time for which application threads were stopped: 0.0003654 seconds
Application time: 0.0004355 seconds
Total time for which application threads were stopped: 0.0002246 seconds
Application time: 0.0037977 seconds
Total time for which application threads were stopped: 0.0003246 seconds
Application time: 0.2983756 seconds
Total time for which application threads were stopped: 0.0005545 seconds
Application time: 0.0232996 seconds
Total time for which application threads were stopped: 0.0005149 seconds
Application time: 0.0000145 seconds
Total time for which application threads were stopped: 0.0005978 seconds
Application time: 0.0001274 seconds
Total time for which application threads were stopped: 0.0001743 seconds
Application time: 0.0000131 seconds
Total time for which application threads were stopped: 0.0001414 seconds
Application time: 0.0000458 seconds
Total time for which application threads were stopped: 0.0001263 seconds
Application time: 0.0000260 seconds
Total time for which application threads were stopped: 0.0001185 seconds
Application time: 0.4573713 seconds
Total time for which application threads were stopped: 0.0023562 seconds
Application time: 0.9392630 seconds
{Heap before GC invocations=75 (full 8):
 PSYoungGen      total 132416K, used 100736K [0x2d5a0000, 0x37b80000, 0x38040000)
  eden space 100736K, 100% used [0x2d5a0000,0x33800000,0x33800000)
  from space 31680K, 0% used [0x35c90000,0x35c90000,0x37b80000)
  to   space 34560K, 0% used [0x33800000,0x33800000,0x359c0000)
 PSOldGen        total 197824K, used 150599K [0x18040000, 0x24170000, 0x2d5a0000)
  object space 197824K, 76% used [0x18040000,0x21351d70,0x24170000)
 PSPermGen       total 81152K, used 59168K [0x10040000, 0x14f80000, 0x18040000)
  object space 81152K, 72% used [0x10040000,0x13a080a0,0x14f80000)
311.262: [GC [PSYoungGen: 100736K->8582K(135296K)] 251335K->159181K(333120K), 0.0277270 secs] [Times: user=0.06 sys=0.00, real=0.03 secs] 
Heap after GC invocations=75 (full 8):
 PSYoungGen      total 135296K, used 8582K [0x2d5a0000, 0x37f50000, 0x38040000)
  eden space 100736K, 0% used [0x2d5a0000,0x2d5a0000,0x33800000)
  from space 34560K, 24% used [0x33800000,0x34061948,0x359c0000)
  to   space 32640K, 0% used [0x35f70000,0x35f70000,0x37f50000)
 PSOldGen        total 197824K, used 150599K [0x18040000, 0x24170000, 0x2d5a0000)
  object space 197824K, 76% used [0x18040000,0x21351d70,0x24170000)
 PSPermGen       total 81152K, used 59168K [0x10040000, 0x14f80000, 0x18040000)
  object space 81152K, 72% used [0x10040000,0x13a080a0,0x14f80000)
}
Total time for which application threads were stopped: 0.0294247 seconds
Application time: 0.3632221 seconds
Total time for which application threads were stopped: 0.0004883 seconds
Application time: 0.0012242 seconds
Total time for which application threads were stopped: 0.0066120 seconds
Application time: 0.0030632 seconds
Total time for which application threads were stopped: 0.0002883 seconds
Application time: 0.0017379 seconds
Total time for which application threads were stopped: 0.0001942 seconds
Application time: 0.0000229 seconds
Total time for which application threads were stopped: 0.0000936 seconds
Application time: 0.0000165 seconds
Total time for which application threads were stopped: 0.0000944 seconds
Application time: 0.0933242 seconds
Total time for which application threads were stopped: 0.0012778 seconds
Application time: 0.0002011 seconds
Total time for which application threads were stopped: 0.0001671 seconds
Application time: 0.2748933 seconds
Total time for which application threads were stopped: 0.0170505 seconds
Application time: 0.0022768 seconds
Total time for which application threads were stopped: 0.0002922 seconds
Application time: 0.0114936 seconds
Total time for which application threads were stopped: 0.0003945 seconds
Application time: 0.1202499 seconds
Total time for which application threads were stopped: 0.0005442 seconds
Application time: 0.0006546 seconds
Total time for which application threads were stopped: 0.0001777 seconds
Application time: 0.0004956 seconds
Total time for which application threads were stopped: 0.0001587 seconds
Application time: 0.0046495 seconds
Total time for which application threads were stopped: 0.0002964 seconds
Application time: 0.0004464 seconds
Total time for which application threads were stopped: 0.0001604 seconds
Application time: 0.0005844 seconds
Total time for which application threads were stopped: 0.0002006 seconds
Application time: 0.0186012 seconds
Total time for which application threads were stopped: 0.0004140 seconds
Application time: 0.0099312 seconds
Total time for which application threads were stopped: 0.0004207 seconds
Application time: 0.0000302 seconds
Total time for which application threads were stopped: 0.0001352 seconds
Application time: 0.0000268 seconds
Total time for which application threads were stopped: 0.0001137 seconds
Application time: 0.0000232 seconds
Total time for which application threads were stopped: 0.0001036 seconds
Application time: 0.0000221 seconds
Total time for which application threads were stopped: 0.0001095 seconds
Application time: 0.0000358 seconds
Total time for which application threads were stopped: 0.0001436 seconds
Application time: 0.0000226 seconds
Total time for which application threads were stopped: 0.0001095 seconds
Application time: 0.0001489 seconds
Total time for which application threads were stopped: 0.0001271 seconds
Application time: 0.0001277 seconds
Total time for which application threads were stopped: 0.0001190 seconds
Application time: 0.0000129 seconds
Total time for which application threads were stopped: 0.0001048 seconds
Application time: 0.0128268 seconds
Total time for which application threads were stopped: 0.0004509 seconds
Application time: 0.0633667 seconds
Total time for which application threads were stopped: 0.0003654 seconds
Application time: 0.1416255 seconds
Total time for which application threads were stopped: 0.0003939 seconds
Application time: 0.0001117 seconds
Total time for which application threads were stopped: 0.0001523 seconds
Application time: 0.0109134 seconds
Total time for which application threads were stopped: 0.0021528 seconds
Application time: 0.0003065 seconds
Total time for which application threads were stopped: 0.0002201 seconds
Application time: 0.0001078 seconds
Total time for which application threads were stopped: 0.0001240 seconds
Application time: 0.0467942 seconds
Total time for which application threads were stopped: 0.0004640 seconds
Application time: 0.0007900 seconds
Total time for which application threads were stopped: 0.0002118 seconds
Application time: 0.0022330 seconds
Total time for which application threads were stopped: 0.0010286 seconds
Application time: 0.0285114 seconds
Total time for which application threads were stopped: 0.0004677 seconds
Application time: 0.0000665 seconds
Total time for which application threads were stopped: 0.0001693 seconds
Application time: 0.0001316 seconds
Total time for which application threads were stopped: 0.0002238 seconds
Application time: 0.0002277 seconds
Total time for which application threads were stopped: 0.0001922 seconds
Application time: 0.0000581 seconds
Total time for which application threads were stopped: 0.0001450 seconds
Application time: 0.0000503 seconds
Total time for which application threads were stopped: 0.0001252 seconds
Application time: 0.0000277 seconds
Total time for which application threads were stopped: 0.0001123 seconds
Application time: 0.0003797 seconds
Total time for which application threads were stopped: 0.0001595 seconds
Application time: 0.0001173 seconds
Total time for which application threads were stopped: 0.0001120 seconds
Application time: 0.0000154 seconds
Total time for which application threads were stopped: 0.0001048 seconds
Application time: 0.0204238 seconds
Total time for which application threads were stopped: 0.0009448 seconds
Application time: 0.3040065 seconds
Total time for which application threads were stopped: 0.0004126 seconds
Application time: 0.0000578 seconds
Total time for which application threads were stopped: 0.0001243 seconds
Application time: 0.0320851 seconds
Total time for which application threads were stopped: 0.0004906 seconds
Application time: 0.1296363 seconds
Total time for which application threads were stopped: 0.0003612 seconds
Application time: 0.0000285 seconds
Total time for which application threads were stopped: 0.0018008 seconds
Application time: 0.0144222 seconds
Total time for which application threads were stopped: 0.0020531 seconds
Application time: 0.0060038 seconds
Total time for which application threads were stopped: 0.0020877 seconds
Application time: 0.0050230 seconds
Total time for which application threads were stopped: 0.0019206 seconds
Application time: 0.0051588 seconds
Total time for which application threads were stopped: 0.0003000 seconds
Application time: 0.0421109 seconds
Total time for which application threads were stopped: 0.0007755 seconds
Application time: 1.7544182 seconds
Total time for which application threads were stopped: 0.0007724 seconds
Application time: 0.0001559 seconds
Total time for which application threads were stopped: 0.0001523 seconds
Application time: 0.0006481 seconds
Total time for which application threads were stopped: 0.0001891 seconds
Application time: 0.0558747 seconds
Total time for which application threads were stopped: 0.0006791 seconds
Application time: 0.0002299 seconds
Total time for which application threads were stopped: 0.0002254 seconds
Application time: 0.0230711 seconds
Total time for which application threads were stopped: 0.0003825 seconds
Application time: 0.0003632 seconds
Total time for which application threads were stopped: 0.0009149 seconds
Application time: 0.0038566 seconds
Total time for which application threads were stopped: 0.0004311 seconds
Application time: 0.0002802 seconds
Total time for which application threads were stopped: 0.0002039 seconds
Application time: 0.0015253 seconds
Total time for which application threads were stopped: 0.0002612 seconds
Application time: 0.0000548 seconds
Total time for which application threads were stopped: 0.0005786 seconds
Application time: 0.0000249 seconds
Total time for which application threads were stopped: 0.0001464 seconds
Application time: 0.0014985 seconds
Total time for which application threads were stopped: 0.0004998 seconds
Application time: 0.0069892 seconds
Total time for which application threads were stopped: 0.0003973 seconds
Application time: 0.0009007 seconds
Total time for which application threads were stopped: 0.0002173 seconds
Application time: 0.0019394 seconds
Total time for which application threads were stopped: 0.0002595 seconds
Application time: 0.0000595 seconds
Total time for which application threads were stopped: 0.0001268 seconds
Application time: 0.0000201 seconds
Total time for which application threads were stopped: 0.0001098 seconds
Application time: 0.0121557 seconds
Total time for which application threads were stopped: 0.0003878 seconds
Application time: 0.0005308 seconds
Total time for which application threads were stopped: 0.0019053 seconds
Application time: 0.0167197 seconds
Total time for which application threads were stopped: 0.0018955 seconds
Application time: 0.0044388 seconds
Total time for which application threads were stopped: 0.0014686 seconds
Application time: 0.0040743 seconds
Total time for which application threads were stopped: 0.0014340 seconds
Application time: 0.0148605 seconds
Total time for which application threads were stopped: 0.0003246 seconds
Application time: 0.0024274 seconds
Total time for which application threads were stopped: 0.0016854 seconds
Application time: 0.0024475 seconds
Total time for which application threads were stopped: 0.0003266 seconds
Application time: 0.0001419 seconds
Total time for which application threads were stopped: 0.0001419 seconds
Application time: 0.0040399 seconds
Total time for which application threads were stopped: 0.0015966 seconds
Application time: 0.0053680 seconds
Total time for which application threads were stopped: 0.0015443 seconds
Application time: 0.0092366 seconds
Total time for which application threads were stopped: 0.0005699 seconds
Application time: 0.0005221 seconds
Total time for which application threads were stopped: 0.0016055 seconds
Application time: 0.0005964 seconds
Total time for which application threads were stopped: 0.0002305 seconds
Application time: 0.0004003 seconds
Total time for which application threads were stopped: 0.0001802 seconds
Application time: 0.0004565 seconds
Total time for which application threads were stopped: 0.0008604 seconds
Application time: 0.0037301 seconds
Total time for which application threads were stopped: 0.0015072 seconds
Application time: 0.0116495 seconds
Total time for which application threads were stopped: 0.0014600 seconds
Application time: 0.0039086 seconds
Total time for which application threads were stopped: 0.0003000 seconds
Application time: 0.0027179 seconds
Total time for which application threads were stopped: 0.0003981 seconds
Application time: 0.0000805 seconds
Total time for which application threads were stopped: 0.0001531 seconds
Application time: 0.0000226 seconds
Total time for which application threads were stopped: 0.0001307 seconds
Application time: 0.0026618 seconds
Total time for which application threads were stopped: 0.0003484 seconds
Application time: 0.0011328 seconds
Total time for which application threads were stopped: 0.0018720 seconds
Application time: 0.0019402 seconds
Total time for which application threads were stopped: 0.0003713 seconds
Application time: 0.0003897 seconds
Total time for which application threads were stopped: 0.0002120 seconds
Application time: 0.0010895 seconds
Total time for which application threads were stopped: 0.0001956 seconds
Application time: 0.0000514 seconds
Total time for which application threads were stopped: 0.0060371 seconds
Application time: 0.0000251 seconds
Total time for which application threads were stopped: 0.0001179 seconds
Application time: 0.0016203 seconds
Total time for which application threads were stopped: 0.0002836 seconds
Application time: 0.0043285 seconds
Total time for which application threads were stopped: 0.0017969 seconds
Application time: 0.0788821 seconds
Total time for which application threads were stopped: 0.0006006 seconds
Application time: 0.0391709 seconds
Total time for which application threads were stopped: 0.0004881 seconds
Application time: 0.0002268 seconds
Total time for which application threads were stopped: 0.0001489 seconds
Application time: 0.1882460 seconds
Total time for which application threads were stopped: 0.0007912 seconds
Application time: 0.0103021 seconds
Total time for which application threads were stopped: 0.0003623 seconds
Application time: 0.0064039 seconds
Total time for which application threads were stopped: 0.0004227 seconds
Application time: 0.0231932 seconds
Total time for which application threads were stopped: 0.0004040 seconds
Application time: 0.0533450 seconds
{Heap before GC invocations=76 (full 8):
 PSYoungGen      total 135296K, used 109318K [0x2d5a0000, 0x37f50000, 0x38040000)
  eden space 100736K, 100% used [0x2d5a0000,0x33800000,0x33800000)
  from space 34560K, 24% used [0x33800000,0x34061948,0x359c0000)
  to   space 32640K, 0% used [0x35f70000,0x35f70000,0x37f50000)
 PSOldGen        total 197824K, used 150599K [0x18040000, 0x24170000, 0x2d5a0000)
  object space 197824K, 76% used [0x18040000,0x21351d70,0x24170000)
 PSPermGen       total 81152K, used 59200K [0x10040000, 0x14f80000, 0x18040000)
  object space 81152K, 72% used [0x10040000,0x13a10330,0x14f80000)
315.524: [GC [PSYoungGen: 109318K->6324K(136384K)] 259917K->164412K(334208K), 0.0350877 secs] [Times: user=0.06 sys=0.00, real=0.03 secs] 
Heap after GC invocations=76 (full 8):
 PSYoungGen      total 136384K, used 6324K [0x2d5a0000, 0x37ba0000, 0x38040000)
  eden space 107520K, 0% used [0x2d5a0000,0x2d5a0000,0x33ea0000)
  from space 28864K, 21% used [0x35f70000,0x3659d0f0,0x37ba0000)
  to   space 31232K, 0% used [0x33ea0000,0x33ea0000,0x35d20000)
 PSOldGen        total 197824K, used 158088K [0x18040000, 0x24170000, 0x2d5a0000)
  object space 197824K, 79% used [0x18040000,0x21aa22a8,0x24170000)
 PSPermGen       total 81152K, used 59200K [0x10040000, 0x14f80000, 0x18040000)
  object space 81152K, 72% used [0x10040000,0x13a10330,0x14f80000)
}
Total time for which application threads were stopped: 0.0357386 seconds
Application time: 0.0021416 seconds
Total time for which application threads were stopped: 0.0004651 seconds
Application time: 0.0005716 seconds
Total time for which application threads were stopped: 0.0002389 seconds
Application time: 0.1116986 seconds
Total time for which application threads were stopped: 0.0004107 seconds
Application time: 0.1053332 seconds
Total time for which application threads were stopped: 0.0003822 seconds
Application time: 0.1974801 seconds
Total time for which application threads were stopped: 0.0008551 seconds
Application time: 0.0626082 seconds
Total time for which application threads were stopped: 0.0004252 seconds
Application time: 0.0942625 seconds
Total time for which application threads were stopped: 0.0003998 seconds
Application time: 0.0330925 seconds
Total time for which application threads were stopped: 0.0003417 seconds
Application time: 0.7596764 seconds
Total time for which application threads were stopped: 0.0008697 seconds
Application time: 0.0905844 seconds
Total time for which application threads were stopped: 0.0011021 seconds
Application time: 0.0007219 seconds
Total time for which application threads were stopped: 0.0002612 seconds
Application time: 0.1971957 seconds
Total time for which application threads were stopped: 0.0004126 seconds
Application time: 0.0888873 seconds
Total time for which application threads were stopped: 0.0004093 seconds
Application time: 0.0400721 seconds
{Heap before GC invocations=77 (full 8):
 PSYoungGen      total 136384K, used 113844K [0x2d5a0000, 0x37ba0000, 0x38040000)
  eden space 107520K, 100% used [0x2d5a0000,0x33ea0000,0x33ea0000)
  from space 28864K, 21% used [0x35f70000,0x3659d0f0,0x37ba0000)
  to   space 31232K, 0% used [0x33ea0000,0x33ea0000,0x35d20000)
 PSOldGen        total 197824K, used 158088K [0x18040000, 0x24170000, 0x2d5a0000)
  object space 197824K, 79% used [0x18040000,0x21aa22a8,0x24170000)
 PSPermGen       total 81152K, used 59219K [0x10040000, 0x14f80000, 0x18040000)
  object space 81152K, 72% used [0x10040000,0x13a14d08,0x14f80000)
317.351: [GC [PSYoungGen: 113844K->2194K(138752K)] 271932K->166385K(336576K), 0.0191049 secs] [Times: user=0.03 sys=0.00, real=0.02 secs] 
Heap after GC invocations=77 (full 8):
 PSYoungGen      total 138752K, used 2194K [0x2d5a0000, 0x38040000, 0x38040000)
  eden space 107520K, 0% used [0x2d5a0000,0x2d5a0000,0x33ea0000)
  from space 31232K, 7% used [0x33ea0000,0x340c4a30,0x35d20000)
  to   space 30528K, 0% used [0x36270000,0x36270000,0x38040000)
 PSOldGen        total 197824K, used 164190K [0x18040000, 0x24170000, 0x2d5a0000)
  object space 197824K, 82% used [0x18040000,0x22097a78,0x24170000)
 PSPermGen       total 81152K, used 59219K [0x10040000, 0x14f80000, 0x18040000)
  object space 81152K, 72% used [0x10040000,0x13a14d08,0x14f80000)
}
Total time for which application threads were stopped: 0.0197142 seconds
Application time: 0.5332784 seconds
Total time for which application threads were stopped: 0.0008873 seconds
Application time: 0.3993748 seconds
Total time for which application threads were stopped: 0.0007733 seconds
Application time: 0.1852272 seconds
Total time for which application threads were stopped: 0.0016664 seconds
Application time: 0.0001771 seconds
Total time for which application threads were stopped: 0.0002411 seconds
Application time: 0.0000380 seconds
Total time for which application threads were stopped: 0.0001221 seconds
Application time: 0.0000810 seconds
Total time for which application threads were stopped: 0.0001165 seconds
Application time: 0.0169203 seconds
Total time for which application threads were stopped: 0.0011770 seconds
Application time: 0.0013278 seconds
Total time for which application threads were stopped: 0.0002908 seconds
Application time: 0.0576417 seconds
Total time for which application threads were stopped: 0.0007515 seconds
Application time: 0.0180766 seconds
{Heap before GC invocations=78 (full 8):
 PSYoungGen      total 138752K, used 109714K [0x2d5a0000, 0x38040000, 0x38040000)
  eden space 107520K, 100% used [0x2d5a0000,0x33ea0000,0x33ea0000)
  from space 31232K, 7% used [0x33ea0000,0x340c4a30,0x35d20000)
  to   space 30528K, 0% used [0x36270000,0x36270000,0x38040000)
 PSOldGen        total 197824K, used 164190K [0x18040000, 0x24170000, 0x2d5a0000)
  object space 197824K, 82% used [0x18040000,0x22097a78,0x24170000)
 PSPermGen       total 81152K, used 59228K [0x10040000, 0x14f80000, 0x18040000)
  object space 81152K, 72% used [0x10040000,0x13a17050,0x14f80000)
318.589: [GC [PSYoungGen: 109714K->3662K(140608K)] 273905K->167853K(338432K), 0.0160020 secs] [Times: user=0.03 sys=0.00, real=0.02 secs] 
Heap after GC invocations=78 (full 8):
 PSYoungGen      total 140608K, used 3662K [0x2d5a0000, 0x37d70000, 0x38040000)
  eden space 112960K, 0% used [0x2d5a0000,0x2d5a0000,0x343f0000)
  from space 27648K, 13% used [0x36270000,0x366039b0,0x37d70000)
  to   space 29440K, 0% used [0x343f0000,0x343f0000,0x360b0000)
 PSOldGen        total 197824K, used 164190K [0x18040000, 0x24170000, 0x2d5a0000)
  object space 197824K, 82% used [0x18040000,0x22097a78,0x24170000)
 PSPermGen       total 81152K, used 59228K [0x10040000, 0x14f80000, 0x18040000)
  object space 81152K, 72% used [0x10040000,0x13a17050,0x14f80000)
}
Total time for which application threads were stopped: 0.0172891 seconds
Application time: 0.0851818 seconds
Total time for which application threads were stopped: 0.0073124 seconds
Application time: 0.0015728 seconds
Total time for which application threads were stopped: 0.0002780 seconds
Application time: 0.6520734 seconds
Total time for which application threads were stopped: 0.0010906 seconds
Application time: 0.0000511 seconds
Total time for which application threads were stopped: 0.0002134 seconds
Application time: 0.0001221 seconds
Total time for which application threads were stopped: 0.0001388 seconds
Application time: 0.0153533 seconds
Total time for which application threads were stopped: 0.0008956 seconds
Application time: 0.2088162 seconds
Total time for which application threads were stopped: 0.0009822 seconds
Application time: 0.0003612 seconds
Total time for which application threads were stopped: 0.0015359 seconds
Application time: 0.0040215 seconds
Total time for which application threads were stopped: 0.0014169 seconds
Application time: 0.0037594 seconds
Total time for which application threads were stopped: 0.0013345 seconds
Application time: 0.0036516 seconds
Total time for which application threads were stopped: 0.0014468 seconds
Application time: 0.0039008 seconds
Total time for which application threads were stopped: 0.0002570 seconds
Application time: 0.0242712 seconds
Total time for which application threads were stopped: 0.0003861 seconds
Application time: 0.9991144 seconds
Total time for which application threads were stopped: 0.0007864 seconds
Application time: 0.0087212 seconds
Total time for which application threads were stopped: 0.0003738 seconds
Application time: 0.0004520 seconds
Total time for which application threads were stopped: 0.0015413 seconds
Application time: 0.0095680 seconds
Total time for which application threads were stopped: 0.0016483 seconds
Application time: 0.0045436 seconds
Total time for which application threads were stopped: 0.0015209 seconds
Application time: 0.0041961 seconds
Total time for which application threads were stopped: 0.0014829 seconds
Application time: 0.0158688 seconds
Total time for which application threads were stopped: 0.0018701 seconds
Application time: 0.0293079 seconds
Total time for which application threads were stopped: 0.0019148 seconds
Application time: 0.0044310 seconds
Total time for which application threads were stopped: 0.0016876 seconds
Application time: 0.0044145 seconds
Total time for which application threads were stopped: 0.0017351 seconds
Application time: 0.0044461 seconds
Total time for which application threads were stopped: 0.0018257 seconds
Application time: 0.0044911 seconds
Total time for which application threads were stopped: 0.0017871 seconds
Application time: 0.0047160 seconds
Total time for which application threads were stopped: 0.0017810 seconds
Application time: 0.0044201 seconds
Total time for which application threads were stopped: 0.0017715 seconds
Application time: 0.0045687 seconds
Total time for which application threads were stopped: 0.0017673 seconds
Application time: 0.0043592 seconds
Total time for which application threads were stopped: 0.0017784 seconds
Application time: 0.0097898 seconds
Total time for which application threads were stopped: 0.0019843 seconds
Application time: 0.0089824 seconds
Total time for which application threads were stopped: 0.0004808 seconds
Application time: 0.0358582 seconds
{Heap before GC invocations=79 (full 8):
 PSYoungGen      total 140608K, used 116622K [0x2d5a0000, 0x37d70000, 0x38040000)
  eden space 112960K, 100% used [0x2d5a0000,0x343f0000,0x343f0000)
  from space 27648K, 13% used [0x36270000,0x366039b0,0x37d70000)
  to   space 29440K, 0% used [0x343f0000,0x343f0000,0x360b0000)
 PSOldGen        total 197824K, used 164190K [0x18040000, 0x24170000, 0x2d5a0000)
  object space 197824K, 82% used [0x18040000,0x22097a78,0x24170000)
 PSPermGen       total 81152K, used 59456K [0x10040000, 0x14f80000, 0x18040000)
  object space 81152K, 73% used [0x10040000,0x13a50178,0x14f80000)
320.817: [GC [PSYoungGen: 116622K->4796K(142400K)] 280813K->168986K(340224K), 0.0190214 secs] [Times: user=0.03 sys=0.00, real=0.02 secs] 
Heap after GC invocations=79 (full 8):
 PSYoungGen      total 142400K, used 4796K [0x2d5a0000, 0x37f60000, 0x38040000)
  eden space 112960K, 0% used [0x2d5a0000,0x2d5a0000,0x343f0000)
  from space 29440K, 16% used [0x343f0000,0x3489f058,0x360b0000)
  to   space 28096K, 0% used [0x363f0000,0x363f0000,0x37f60000)
 PSOldGen        total 197824K, used 164190K [0x18040000, 0x24170000, 0x2d5a0000)
  object space 197824K, 82% used [0x18040000,0x22097a78,0x24170000)
 PSPermGen       total 81152K, used 59456K [0x10040000, 0x14f80000, 0x18040000)
  object space 81152K, 73% used [0x10040000,0x13a50178,0x14f80000)
}
Total time for which application threads were stopped: 0.0196399 seconds
Application time: 0.0659372 seconds
Total time for which application threads were stopped: 0.0003822 seconds
Application time: 0.0000925 seconds
Total time for which application threads were stopped: 0.0016823 seconds
Application time: 0.0214365 seconds
Total time for which application threads were stopped: 0.0018363 seconds
Application time: 0.0397911 seconds
Total time for which application threads were stopped: 0.0018882 seconds
Application time: 0.0061625 seconds
Total time for which application threads were stopped: 0.0018421 seconds
Application time: 0.0050800 seconds
Total time for which application threads were stopped: 0.0017307 seconds
Application time: 0.2330000 seconds
Total time for which application threads were stopped: 0.0023310 seconds
Application time: 0.0100686 seconds
Total time for which application threads were stopped: 0.0025481 seconds
Application time: 0.0059871 seconds
Total time for which application threads were stopped: 0.0016536 seconds
Application time: 0.0140102 seconds
Total time for which application threads were stopped: 0.0018178 seconds
Application time: 0.0055225 seconds
Total time for which application threads were stopped: 0.0016136 seconds
Application time: 0.0050934 seconds
Total time for which application threads were stopped: 0.0016742 seconds
Application time: 0.0067347 seconds
Total time for which application threads were stopped: 0.0017499 seconds
Application time: 0.0099183 seconds
Total time for which application threads were stopped: 0.0016949 seconds
Application time: 0.0048126 seconds
Total time for which application threads were stopped: 0.0016270 seconds
Application time: 0.0049948 seconds
Total time for which application threads were stopped: 0.0015547 seconds
Application time: 0.0049098 seconds
Total time for which application threads were stopped: 0.0015854 seconds
Application time: 0.0048786 seconds
Total time for which application threads were stopped: 0.0002953 seconds
Application time: 0.2267540 seconds
Total time for which application threads were stopped: 0.0096959 seconds
Application time: 0.0002844 seconds
Total time for which application threads were stopped: 0.0001905 seconds
Application time: 0.1326610 seconds
Total time for which application threads were stopped: 0.0005238 seconds
Application time: 0.0007752 seconds
Total time for which application threads were stopped: 0.0016784 seconds
Application time: 0.0054325 seconds
Total time for which application threads were stopped: 0.0018231 seconds
Application time: 0.0053141 seconds
Total time for which application threads were stopped: 0.0016488 seconds
Application time: 0.0045810 seconds
Total time for which application threads were stopped: 0.0015857 seconds
Application time: 0.0159216 seconds
Total time for which application threads were stopped: 0.0025576 seconds
Application time: 0.0256594 seconds
Total time for which application threads were stopped: 0.0017519 seconds
Application time: 0.0045028 seconds
Total time for which application threads were stopped: 0.0015351 seconds
Application time: 0.0044380 seconds
Total time for which application threads were stopped: 0.0015259 seconds
Application time: 0.0047542 seconds
Total time for which application threads were stopped: 0.0015287 seconds
Application time: 0.0045143 seconds
Total time for which application threads were stopped: 0.0015494 seconds
Application time: 0.0046257 seconds
Total time for which application threads were stopped: 0.0015239 seconds
Application time: 0.0064184 seconds
Total time for which application threads were stopped: 0.0018933 seconds
Application time: 0.0057052 seconds
Total time for which application threads were stopped: 0.0012764 seconds
Application time: 0.2243456 seconds
Total time for which application threads were stopped: 0.0063656 seconds
Application time: 0.0023090 seconds
Total time for which application threads were stopped: 0.0002863 seconds
Application time: 0.0311000 seconds
Total time for which application threads were stopped: 0.0026048 seconds
Application time: 0.0502164 seconds
Total time for which application threads were stopped: 0.0032764 seconds
Application time: 0.0112671 seconds
Total time for which application threads were stopped: 0.0025838 seconds
Application time: 0.0605225 seconds
Total time for which application threads were stopped: 0.0046685 seconds
Application time: 0.0379283 seconds
{Heap before GC invocations=80 (full 8):
 PSYoungGen      total 142400K, used 117756K [0x2d5a0000, 0x37f60000, 0x38040000)
  eden space 112960K, 100% used [0x2d5a0000,0x343f0000,0x343f0000)
  from space 29440K, 16% used [0x343f0000,0x3489f058,0x360b0000)
  to   space 28096K, 0% used [0x363f0000,0x363f0000,0x37f60000)
 PSOldGen        total 197824K, used 164190K [0x18040000, 0x24170000, 0x2d5a0000)
  object space 197824K, 82% used [0x18040000,0x22097a78,0x24170000)
 PSPermGen       total 81152K, used 60005K [0x10040000, 0x14f80000, 0x18040000)
  object space 81152K, 73% used [0x10040000,0x13ad9590,0x14f80000)
322.239: [GC [PSYoungGen: 117756K->15537K(145088K)] 281946K->179728K(342912K), 0.0632424 secs] [Times: user=0.11 sys=0.02, real=0.06 secs] 
Heap after GC invocations=80 (full 8):
 PSYoungGen      total 145088K, used 15537K [0x2d5a0000, 0x38030000, 0x38040000)
  eden space 116992K, 0% used [0x2d5a0000,0x2d5a0000,0x347e0000)
  from space 28096K, 55% used [0x363f0000,0x3731c5a0,0x37f60000)
  to   space 28736K, 0% used [0x347e0000,0x347e0000,0x363f0000)
 PSOldGen        total 197824K, used 164190K [0x18040000, 0x24170000, 0x2d5a0000)
  object space 197824K, 82% used [0x18040000,0x22097a78,0x24170000)
 PSPermGen       total 81152K, used 60005K [0x10040000, 0x14f80000, 0x18040000)
  object space 81152K, 73% used [0x10040000,0x13ad9590,0x14f80000)
}
Total time for which application threads were stopped: 0.0650105 seconds
Application time: 0.0709825 seconds
Total time for which application threads were stopped: 0.0025299 seconds
Application time: 0.0070805 seconds
Total time for which application threads were stopped: 0.0029568 seconds
Application time: 0.0382627 seconds
Total time for which application threads were stopped: 0.0011596 seconds
Application time: 0.0000413 seconds
Total time for which application threads were stopped: 0.0001623 seconds
Application time: 0.0007138 seconds
Total time for which application threads were stopped: 0.0002956 seconds
Application time: 0.0579395 seconds
Total time for which application threads were stopped: 0.0006864 seconds
Application time: 0.0022967 seconds
Total time for which application threads were stopped: 0.0003880 seconds
Application time: 0.0000210 seconds
Total time for which application threads were stopped: 0.0001090 seconds
Application time: 0.0000799 seconds
Total time for which application threads were stopped: 0.0001045 seconds
Application time: 0.0015767 seconds
Total time for which application threads were stopped: 0.0002573 seconds
Application time: 0.0005920 seconds
Total time for which application threads were stopped: 0.0002176 seconds
Application time: 0.0001011 seconds
Total time for which application threads were stopped: 0.0001411 seconds
Application time: 0.0001000 seconds
Total time for which application threads were stopped: 0.0001260 seconds
Application time: 0.0728637 seconds
Total time for which application threads were stopped: 0.0005828 seconds
Application time: 0.0000612 seconds
Total time for which application threads were stopped: 0.0020768 seconds
Application time: 0.0148932 seconds
Total time for which application threads were stopped: 0.0006381 seconds
Application time: 0.1707480 seconds
Total time for which application threads were stopped: 0.0090785 seconds
Application time: 0.1167595 seconds
Total time for which application threads were stopped: 0.0076353 seconds
Application time: 0.0003749 seconds
Total time for which application threads were stopped: 0.0018745 seconds
Application time: 0.0073940 seconds
Total time for which application threads were stopped: 0.0005378 seconds
Application time: 0.0105634 seconds
Total time for which application threads were stopped: 0.0003542 seconds
Application time: 0.0622878 seconds
Total time for which application threads were stopped: 0.0009529 seconds
Application time: 0.0054996 seconds
Total time for which application threads were stopped: 0.0005445 seconds
Application time: 0.0094431 seconds
Total time for which application threads were stopped: 0.0012563 seconds
Application time: 0.0029060 seconds
Total time for which application threads were stopped: 0.0003942 seconds
Application time: 0.0148726 seconds
Total time for which application threads were stopped: 0.0005012 seconds
Application time: 0.1316002 seconds
Total time for which application threads were stopped: 0.0008649 seconds
Application time: 0.0073169 seconds
Total time for which application threads were stopped: 0.0003844 seconds
Application time: 0.0433019 seconds
Total time for which application threads were stopped: 0.0010870 seconds
Application time: 0.0153654 seconds
Total time for which application threads were stopped: 0.0005517 seconds
Application time: 0.0139867 seconds
Total time for which application threads were stopped: 0.0014415 seconds
Application time: 0.0001467 seconds
Total time for which application threads were stopped: 0.0002517 seconds
Application time: 0.0000489 seconds
Total time for which application threads were stopped: 0.0001310 seconds
Application time: 0.0016924 seconds
Total time for which application threads were stopped: 0.0002593 seconds
Application time: 0.0186831 seconds
Total time for which application threads were stopped: 0.0004570 seconds
Application time: 0.2568955 seconds
Total time for which application threads were stopped: 0.0232287 seconds
Application time: 0.0002908 seconds
Total time for which application threads were stopped: 0.0002869 seconds
Application time: 0.0002263 seconds
Total time for which application threads were stopped: 0.0026805 seconds
Application time: 0.0096426 seconds
Total time for which application threads were stopped: 0.0035560 seconds
Application time: 0.0118325 seconds
Total time for which application threads were stopped: 0.0024919 seconds
Application time: 0.0056530 seconds
Total time for which application threads were stopped: 0.0029029 seconds
Application time: 0.0060566 seconds
Total time for which application threads were stopped: 0.0027249 seconds
Application time: 0.0276222 seconds
Total time for which application threads were stopped: 0.0114160 seconds
Application time: 0.0817920 seconds
Total time for which application threads were stopped: 0.0049355 seconds
Application time: 0.0050353 seconds
Total time for which application threads were stopped: 0.0024869 seconds
Application time: 0.0049755 seconds
Total time for which application threads were stopped: 0.0025204 seconds
Application time: 0.0200917 seconds
Total time for which application threads were stopped: 0.0020835 seconds
Application time: 0.0223649 seconds
Total time for which application threads were stopped: 0.0004724 seconds
Application time: 0.0714200 seconds
Total time for which application threads were stopped: 0.0012454 seconds
Application time: 0.0122373 seconds
{Heap before GC invocations=81 (full 8):
 PSYoungGen      total 145088K, used 132529K [0x2d5a0000, 0x38030000, 0x38040000)
  eden space 116992K, 100% used [0x2d5a0000,0x347e0000,0x347e0000)
  from space 28096K, 55% used [0x363f0000,0x3731c5a0,0x37f60000)
  to   space 28736K, 0% used [0x347e0000,0x347e0000,0x363f0000)
 PSOldGen        total 197824K, used 164190K [0x18040000, 0x24170000, 0x2d5a0000)
  object space 197824K, 82% used [0x18040000,0x22097a78,0x24170000)
 PSPermGen       total 81152K, used 60358K [0x10040000, 0x14f80000, 0x18040000)
  object space 81152K, 74% used [0x10040000,0x13b31870,0x14f80000)
323.845: [GC [PSYoungGen: 132529K->25124K(142144K)] 296720K->191464K(339968K), 0.0728735 secs] [Times: user=0.16 sys=0.00, real=0.08 secs] 
Heap after GC invocations=81 (full 8):
 PSYoungGen      total 142144K, used 25124K [0x2d5a0000, 0x38040000, 0x38040000)
  eden space 116992K, 0% used [0x2d5a0000,0x2d5a0000,0x347e0000)
  from space 25152K, 99% used [0x347e0000,0x360692c8,0x36070000)
  to   space 32576K, 0% used [0x36070000,0x36070000,0x38040000)
 PSOldGen        total 197824K, used 166339K [0x18040000, 0x24170000, 0x2d5a0000)
  object space 197824K, 84% used [0x18040000,0x222b0fa0,0x24170000)
 PSPermGen       total 81152K, used 60358K [0x10040000, 0x14f80000, 0x18040000)
  object space 81152K, 74% used [0x10040000,0x13b31870,0x14f80000)
}
Total time for which application threads were stopped: 0.0734607 seconds
Application time: 0.0219626 seconds
Total time for which application threads were stopped: 0.0004115 seconds
Application time: 0.0017804 seconds
Total time for which application threads were stopped: 0.0002190 seconds
Application time: 0.0177109 seconds
Total time for which application threads were stopped: 0.0005210 seconds
Application time: 0.0093344 seconds
Total time for which application threads were stopped: 0.0005749 seconds
Application time: 0.0111050 seconds
Total time for which application threads were stopped: 0.0004934 seconds
Application time: 0.0213231 seconds
Total time for which application threads were stopped: 0.0014491 seconds
Application time: 0.0051020 seconds
Total time for which application threads were stopped: 0.0005165 seconds
Application time: 0.0146812 seconds
Total time for which application threads were stopped: 0.0012602 seconds
Application time: 0.0383691 seconds
Total time for which application threads were stopped: 0.0010904 seconds
Application time: 0.0981306 seconds
Total time for which application threads were stopped: 0.0004263 seconds
Application time: 0.0081605 seconds
Total time for which application threads were stopped: 0.0005842 seconds
Application time: 0.0017374 seconds
Total time for which application threads were stopped: 0.0002453 seconds
Application time: 0.2249037 seconds
Total time for which application threads were stopped: 0.0011244 seconds
Application time: 0.0876740 seconds
Total time for which application threads were stopped: 0.0004559 seconds
Application time: 0.1139044 seconds
Total time for which application threads were stopped: 0.0008685 seconds
Application time: 0.1312829 seconds
Total time for which application threads were stopped: 0.0005693 seconds
Application time: 0.2826083 seconds
Total time for which application threads were stopped: 0.0010038 seconds
Application time: 0.0000305 seconds
Total time for which application threads were stopped: 0.0017930 seconds
Application time: 0.0055518 seconds
Total time for which application threads were stopped: 0.0019885 seconds
Application time: 0.0050386 seconds
Total time for which application threads were stopped: 0.0018187 seconds
Application time: 0.0051741 seconds
Total time for which application threads were stopped: 0.0017723 seconds
Application time: 0.0055253 seconds
Total time for which application threads were stopped: 0.0018215 seconds
Application time: 0.0073766 seconds
Total time for which application threads were stopped: 0.0018460 seconds
Application time: 0.0049964 seconds
Total time for which application threads were stopped: 0.0017661 seconds
Application time: 0.0048836 seconds
Total time for which application threads were stopped: 0.0018938 seconds
Application time: 0.0049978 seconds
Total time for which application threads were stopped: 0.0017891 seconds
Application time: 0.0049724 seconds
Total time for which application threads were stopped: 0.0018583 seconds
Application time: 0.0050012 seconds
Total time for which application threads were stopped: 0.0018307 seconds
Application time: 0.0055937 seconds
Total time for which application threads were stopped: 0.0018444 seconds
Application time: 0.0050811 seconds
Total time for which application threads were stopped: 0.0020595 seconds
Application time: 0.0058172 seconds
Total time for which application threads were stopped: 0.0022869 seconds
Application time: 0.0053093 seconds
Total time for which application threads were stopped: 0.0018016 seconds
Application time: 0.0049026 seconds
Total time for which application threads were stopped: 0.0016061 seconds
Application time: 0.0047199 seconds
Total time for which application threads were stopped: 0.0016131 seconds
Application time: 0.0047682 seconds
Total time for which application threads were stopped: 0.0016077 seconds
Application time: 0.0046936 seconds
Total time for which application threads were stopped: 0.0016072 seconds
Application time: 0.0047484 seconds
Total time for which application threads were stopped: 0.0015779 seconds
Application time: 0.0046570 seconds
Total time for which application threads were stopped: 0.0015851 seconds
Application time: 0.0045701 seconds
Total time for which application threads were stopped: 0.0015586 seconds
Application time: 0.0045844 seconds
Total time for which application threads were stopped: 0.0016293 seconds
Application time: 0.0048635 seconds
Total time for which application threads were stopped: 0.0016429 seconds
Application time: 0.0047257 seconds
Total time for which application threads were stopped: 0.0016192 seconds
Application time: 0.0046081 seconds
Total time for which application threads were stopped: 0.0015681 seconds
Application time: 0.0051582 seconds
Total time for which application threads were stopped: 0.0017011 seconds
Application time: 0.0047601 seconds
Total time for which application threads were stopped: 0.0015656 seconds
Application time: 0.0047344 seconds
Total time for which application threads were stopped: 0.0016080 seconds
Application time: 0.0047433 seconds
Total time for which application threads were stopped: 0.0015860 seconds
Application time: 0.0049445 seconds
Total time for which application threads were stopped: 0.0016781 seconds
Application time: 0.0047987 seconds
Total time for which application threads were stopped: 0.0015941 seconds
Application time: 0.0046970 seconds
Total time for which application threads were stopped: 0.0015832 seconds
Application time: 0.0047246 seconds
Total time for which application threads were stopped: 0.0015809 seconds
Application time: 0.0046668 seconds
Total time for which application threads were stopped: 0.0016136 seconds
Application time: 0.0048193 seconds
Total time for which application threads were stopped: 0.0017111 seconds
Application time: 0.0046858 seconds
Total time for which application threads were stopped: 0.0016633 seconds
Application time: 0.0048660 seconds
Total time for which application threads were stopped: 0.0018120 seconds
Application time: 0.0048995 seconds
Total time for which application threads were stopped: 0.0016642 seconds
Application time: 0.0046576 seconds
Total time for which application threads were stopped: 0.0016063 seconds
Application time: 0.0045724 seconds
Total time for which application threads were stopped: 0.0015910 seconds
Application time: 0.0046525 seconds
Total time for which application threads were stopped: 0.0016273 seconds
Application time: 0.0055096 seconds
Total time for which application threads were stopped: 0.0018622 seconds
Application time: 0.0105156 seconds
Total time for which application threads were stopped: 0.0016988 seconds
Application time: 0.0046897 seconds
Total time for which application threads were stopped: 0.0015927 seconds
Application time: 0.0125231 seconds
Total time for which application threads were stopped: 0.0017729 seconds
Application time: 0.0099088 seconds
Total time for which application threads were stopped: 0.0016692 seconds
Application time: 0.0046732 seconds
Total time for which application threads were stopped: 0.0015502 seconds
Application time: 0.0096697 seconds
Total time for which application threads were stopped: 0.0018497 seconds
Application time: 0.0048696 seconds
Total time for which application threads were stopped: 0.0018539 seconds
Application time: 0.0049476 seconds
Total time for which application threads were stopped: 0.0016404 seconds
Application time: 0.0140683 seconds
Total time for which application threads were stopped: 0.0018005 seconds
Application time: 0.0048098 seconds
Total time for which application threads were stopped: 0.0016441 seconds
Application time: 0.0130955 seconds
Total time for which application threads were stopped: 0.0026258 seconds
Application time: 0.0143560 seconds
Total time for which application threads were stopped: 0.0008300 seconds
Application time: 0.0004012 seconds
Total time for which application threads were stopped: 0.0020843 seconds
Application time: 0.0055722 seconds
Total time for which application threads were stopped: 0.0018497 seconds
Application time: 0.0036756 seconds
Total time for which application threads were stopped: 0.0003121 seconds
Application time: 0.0014745 seconds
Total time for which application threads were stopped: 0.0017052 seconds
Application time: 0.0084905 seconds
Total time for which application threads were stopped: 0.0003517 seconds
Application time: 0.0358026 seconds
Total time for which application threads were stopped: 0.0014021 seconds
Application time: 0.0049389 seconds
Total time for which application threads were stopped: 0.0005280 seconds
Application time: 0.0120797 seconds
Total time for which application threads were stopped: 0.0005537 seconds
Application time: 0.0170538 seconds
Total time for which application threads were stopped: 0.0004677 seconds
Application time: 0.0100915 seconds
Total time for which application threads were stopped: 0.0004749 seconds
Application time: 0.0231895 seconds
Total time for which application threads were stopped: 0.0018541 seconds
Application time: 0.0176793 seconds
Total time for which application threads were stopped: 0.0007060 seconds
Application time: 0.0089950 seconds
Total time for which application threads were stopped: 0.0004610 seconds
Application time: 0.0141186 seconds
Total time for which application threads were stopped: 0.0085349 seconds
Application time: 0.0359308 seconds
{Heap before GC invocations=82 (full 8):
 PSYoungGen      total 142144K, used 142116K [0x2d5a0000, 0x38040000, 0x38040000)
  eden space 116992K, 100% used [0x2d5a0000,0x347e0000,0x347e0000)
  from space 25152K, 99% used [0x347e0000,0x360692c8,0x36070000)
  to   space 32576K, 0% used [0x36070000,0x36070000,0x38040000)
 PSOldGen        total 197824K, used 166339K [0x18040000, 0x24170000, 0x2d5a0000)
  object space 197824K, 84% used [0x18040000,0x222b0fa0,0x24170000)
 PSPermGen       total 81152K, used 60652K [0x10040000, 0x14f80000, 0x18040000)
  object space 81152K, 74% used [0x10040000,0x13b7b2a0,0x14f80000)
325.654: [GC [PSYoungGen: 142116K->18081K(140992K)] 308456K->196307K(338816K), 0.0996350 secs] [Times: user=0.19 sys=0.01, real=0.11 secs] 
Heap after GC invocations=82 (full 8):
 PSYoungGen      total 140992K, used 18081K [0x2d5a0000, 0x38040000, 0x38040000)
  eden space 108416K, 0% used [0x2d5a0000,0x2d5a0000,0x33f80000)
  from space 32576K, 55% used [0x36070000,0x37218450,0x38040000)
  to   space 33152K, 0% used [0x33f80000,0x33f80000,0x35fe0000)
 PSOldGen        total 197824K, used 178226K [0x18040000, 0x24170000, 0x2d5a0000)
  object space 197824K, 90% used [0x18040000,0x22e4c970,0x24170000)
 PSPermGen       total 81152K, used 60652K [0x10040000, 0x14f80000, 0x18040000)
  object space 81152K, 74% used [0x10040000,0x13b7b2a0,0x14f80000)
}
Total time for which application threads were stopped: 0.1007419 seconds
Application time: 0.0069794 seconds
Total time for which application threads were stopped: 0.0005467 seconds
Application time: 0.0011493 seconds
Total time for which application threads were stopped: 0.0002741 seconds
Application time: 0.0000223 seconds
Total time for which application threads were stopped: 0.0001511 seconds
Application time: 0.0000416 seconds
Total time for which application threads were stopped: 0.0001819 seconds
Application time: 0.0000218 seconds
Total time for which application threads were stopped: 0.0001140 seconds
Application time: 0.0000215 seconds
Total time for which application threads were stopped: 0.0001084 seconds
Application time: 0.0398822 seconds
Total time for which application threads were stopped: 0.0005286 seconds
Application time: 0.0000855 seconds
Total time for which application threads were stopped: 0.0030789 seconds
Application time: 0.0117501 seconds
Total time for which application threads were stopped: 0.0020709 seconds
Application time: 0.0047989 seconds
Total time for which application threads were stopped: 0.0018595 seconds
Application time: 0.0047643 seconds
Total time for which application threads were stopped: 0.0020025 seconds
Application time: 0.0129723 seconds
Total time for which application threads were stopped: 0.0022204 seconds
Application time: 0.0054658 seconds
Total time for which application threads were stopped: 0.0017287 seconds
Application time: 0.0047911 seconds
Total time for which application threads were stopped: 0.0016245 seconds
Application time: 0.0136604 seconds
Total time for which application threads were stopped: 0.0017988 seconds
Application time: 0.0052808 seconds
Total time for which application threads were stopped: 0.0018505 seconds
Application time: 0.0115973 seconds
Total time for which application threads were stopped: 0.0019846 seconds
Application time: 0.0050177 seconds
Total time for which application threads were stopped: 0.0016745 seconds
Application time: 0.0048596 seconds
Total time for which application threads were stopped: 0.0016754 seconds
Application time: 0.0110344 seconds
Total time for which application threads were stopped: 0.0018209 seconds
Application time: 0.0055337 seconds
Total time for which application threads were stopped: 0.0016943 seconds
Application time: 0.0144256 seconds
Total time for which application threads were stopped: 0.0018639 seconds
Application time: 0.0094867 seconds
Total time for which application threads were stopped: 0.0018969 seconds
Application time: 0.0052445 seconds
Total time for which application threads were stopped: 0.0016807 seconds
Application time: 0.0056340 seconds
Total time for which application threads were stopped: 0.0017008 seconds
Application time: 0.0104172 seconds
Total time for which application threads were stopped: 0.0019617 seconds
Application time: 0.0050487 seconds
Total time for which application threads were stopped: 0.0017167 seconds
Application time: 0.0117409 seconds
Total time for which application threads were stopped: 0.0017790 seconds
Application time: 0.0100035 seconds
Total time for which application threads were stopped: 0.0018081 seconds
Application time: 0.0050034 seconds
Total time for which application threads were stopped: 0.0018106 seconds
Application time: 0.0098730 seconds
Total time for which application threads were stopped: 0.0018234 seconds
Application time: 0.0049705 seconds
Total time for which application threads were stopped: 0.0016650 seconds
Application time: 0.0046254 seconds
Total time for which application threads were stopped: 0.0017119 seconds
Application time: 0.0148279 seconds
Total time for which application threads were stopped: 0.0019128 seconds
Application time: 0.0048794 seconds
Total time for which application threads were stopped: 0.0017544 seconds
Application time: 0.0049531 seconds
Total time for which application threads were stopped: 0.0019896 seconds
Application time: 0.0161646 seconds
Total time for which application threads were stopped: 0.0020246 seconds
Application time: 0.0050277 seconds
Total time for which application threads were stopped: 0.0017709 seconds
Application time: 0.0046875 seconds
Total time for which application threads were stopped: 0.0017290 seconds
Application time: 0.0130726 seconds
Total time for which application threads were stopped: 0.0023595 seconds
Application time: 0.0134950 seconds
Total time for which application threads were stopped: 0.0018170 seconds
Application time: 0.0048210 seconds
Total time for which application threads were stopped: 0.0016402 seconds
Application time: 0.0054230 seconds
Total time for which application threads were stopped: 0.0016818 seconds
Application time: 0.0046266 seconds
Total time for which application threads were stopped: 0.0023092 seconds
Application time: 0.0104731 seconds
Total time for which application threads were stopped: 0.0019142 seconds
Application time: 0.0048816 seconds
Total time for which application threads were stopped: 0.0019748 seconds
Application time: 0.0057795 seconds
Total time for which application threads were stopped: 0.0017742 seconds
Application time: 0.0168217 seconds
Total time for which application threads were stopped: 0.0018933 seconds
Application time: 0.0055367 seconds
Total time for which application threads were stopped: 0.0016985 seconds
Application time: 0.0210538 seconds
Total time for which application threads were stopped: 0.0019472 seconds
Application time: 0.0052585 seconds
Total time for which application threads were stopped: 0.0017737 seconds
Application time: 0.0058644 seconds
Total time for which application threads were stopped: 0.0016904 seconds
Application time: 0.0170374 seconds
Total time for which application threads were stopped: 0.0019215 seconds
Application time: 0.0059304 seconds
Total time for which application threads were stopped: 0.0017368 seconds
Application time: 0.0067143 seconds
Total time for which application threads were stopped: 0.0019857 seconds
Application time: 0.0055873 seconds
Total time for which application threads were stopped: 0.0017793 seconds
Application time: 0.0046699 seconds
Total time for which application threads were stopped: 0.0021338 seconds
Application time: 0.0062343 seconds
Total time for which application threads were stopped: 0.0018217 seconds
Application time: 0.0046405 seconds
Total time for which application threads were stopped: 0.0018480 seconds
Application time: 0.0050568 seconds
Total time for which application threads were stopped: 0.0017388 seconds
Application time: 0.0054244 seconds
Total time for which application threads were stopped: 0.0018301 seconds
Application time: 0.0125974 seconds
Total time for which application threads were stopped: 0.0019427 seconds
Application time: 0.0055331 seconds
Total time for which application threads were stopped: 0.0018106 seconds
Application time: 0.0122488 seconds
Total time for which application threads were stopped: 0.0019463 seconds
Application time: 0.0077258 seconds
Total time for which application threads were stopped: 0.0019223 seconds
Application time: 0.0049238 seconds
Total time for which application threads were stopped: 0.0018933 seconds
Application time: 0.0130427 seconds
Total time for which application threads were stopped: 0.0021019 seconds
Application time: 0.0051110 seconds
Total time for which application threads were stopped: 0.0018206 seconds
Application time: 0.0052222 seconds
Total time for which application threads were stopped: 0.0018067 seconds
Application time: 0.0336585 seconds
Total time for which application threads were stopped: 0.0012057 seconds
Application time: 0.0013220 seconds
Total time for which application threads were stopped: 0.0021360 seconds
Application time: 0.0078571 seconds
Total time for which application threads were stopped: 0.0019695 seconds
Application time: 0.0052401 seconds
Total time for which application threads were stopped: 0.0018248 seconds
Application time: 0.0059295 seconds
Total time for which application threads were stopped: 0.0019075 seconds
Application time: 0.0053839 seconds
Total time for which application threads were stopped: 0.0017203 seconds
Application time: 0.0056826 seconds
Total time for which application threads were stopped: 0.0020067 seconds
Application time: 0.0048573 seconds
Total time for which application threads were stopped: 0.0018008 seconds
Application time: 0.0066545 seconds
Total time for which application threads were stopped: 0.0019659 seconds
Application time: 0.0118956 seconds
Total time for which application threads were stopped: 0.0031202 seconds
Application time: 0.0216150 seconds
Total time for which application threads were stopped: 0.0023821 seconds
Application time: 0.0078929 seconds
Total time for which application threads were stopped: 0.0021271 seconds
Application time: 0.0052761 seconds
Total time for which application threads were stopped: 0.0019290 seconds
Application time: 0.0046280 seconds
Total time for which application threads were stopped: 0.0019081 seconds
Application time: 0.0529601 seconds
Total time for which application threads were stopped: 0.0023461 seconds
Application time: 0.0048054 seconds
Total time for which application threads were stopped: 0.0017600 seconds
Application time: 0.0048872 seconds
Total time for which application threads were stopped: 0.0016913 seconds
Application time: 0.0050506 seconds
Total time for which application threads were stopped: 0.0017631 seconds
Application time: 0.0048031 seconds
Total time for which application threads were stopped: 0.0016952 seconds
Application time: 0.0100896 seconds
Total time for which application threads were stopped: 0.0005121 seconds
Application time: 0.0537172 seconds
Total time for which application threads were stopped: 0.0015921 seconds
Application time: 0.0025461 seconds
Total time for which application threads were stopped: 0.0007180 seconds
Application time: 0.0007582 seconds
Total time for which application threads were stopped: 0.0002537 seconds
Application time: 0.1122573 seconds
Total time for which application threads were stopped: 0.0010286 seconds
Application time: 0.0040270 seconds
Total time for which application threads were stopped: 0.0006724 seconds
Application time: 0.0010113 seconds
Total time for which application threads were stopped: 0.0003235 seconds
Application time: 0.1066289 seconds
Total time for which application threads were stopped: 0.0018444 seconds
Application time: 0.0001618 seconds
Total time for which application threads were stopped: 0.0003450 seconds
Application time: 0.4818702 seconds
{Heap before GC invocations=83 (full 8):
 PSYoungGen      total 140992K, used 126496K [0x2d5a0000, 0x38040000, 0x38040000)
  eden space 108416K, 99% used [0x2d5a0000,0x33f7fea8,0x33f80000)
  from space 32576K, 55% used [0x36070000,0x37218450,0x38040000)
  to   space 33152K, 0% used [0x33f80000,0x33f80000,0x35fe0000)
 PSOldGen        total 197824K, used 178226K [0x18040000, 0x24170000, 0x2d5a0000)
  object space 197824K, 90% used [0x18040000,0x22e4c970,0x24170000)
 PSPermGen       total 81152K, used 60664K [0x10040000, 0x14f80000, 0x18040000)
  object space 81152K, 74% used [0x10040000,0x13b7e1a8,0x14f80000)
327.437: [GC [PSYoungGen: 126496K->4915K(113344K)] 304723K->200611K(311168K), 0.0721617 secs] [Times: user=0.13 sys=0.03, real=0.08 secs] 
Heap after GC invocations=83 (full 8):
 PSYoungGen      total 113344K, used 4915K [0x2d5a0000, 0x37ed0000, 0x38040000)
  eden space 108416K, 0% used [0x2d5a0000,0x2d5a0000,0x33f80000)
  from space 4928K, 99% used [0x33f80000,0x3444cce8,0x34450000)
  to   space 32128K, 0% used [0x35f70000,0x35f70000,0x37ed0000)
 PSOldGen        total 197824K, used 195696K [0x18040000, 0x24170000, 0x2d5a0000)
  object space 197824K, 98% used [0x18040000,0x23f5c2f0,0x24170000)
 PSPermGen       total 81152K, used 60664K [0x10040000, 0x14f80000, 0x18040000)
  object space 81152K, 74% used [0x10040000,0x13b7e1a8,0x14f80000)
}
{Heap before GC invocations=84 (full 9):
 PSYoungGen      total 113344K, used 4915K [0x2d5a0000, 0x37ed0000, 0x38040000)
  eden space 108416K, 0% used [0x2d5a0000,0x2d5a0000,0x33f80000)
  from space 4928K, 99% used [0x33f80000,0x3444cce8,0x34450000)
  to   space 32128K, 0% used [0x35f70000,0x35f70000,0x37ed0000)
 PSOldGen        total 197824K, used 195696K [0x18040000, 0x24170000, 0x2d5a0000)
  object space 197824K, 98% used [0x18040000,0x23f5c2f0,0x24170000)
 PSPermGen       total 81152K, used 60664K [0x10040000, 0x14f80000, 0x18040000)
  object space 81152K, 74% used [0x10040000,0x13b7e1a8,0x14f80000)
327.509: [Full GC [PSYoungGen: 4915K->4883K(113344K)] [PSOldGen: 195696K->194986K(250688K)] 200611K->199870K(364032K) [PSPermGen: 60664K->60664K(80896K)], 1.0188284 secs] [Times: user=0.99 sys=0.02, real=1.02 secs] 
Heap after GC invocations=84 (full 9):
 PSYoungGen      total 113344K, used 4883K [0x2d5a0000, 0x37ed0000, 0x38040000)
  eden space 108416K, 4% used [0x2d5a0000,0x2da64ea0,0x33f80000)
  from space 4928K, 0% used [0x33f80000,0x33f80000,0x34450000)
  to   space 32128K, 0% used [0x35f70000,0x35f70000,0x37ed0000)
 PSOldGen        total 250688K, used 194986K [0x18040000, 0x27510000, 0x2d5a0000)
  object space 250688K, 77% used [0x18040000,0x23eaabc8,0x27510000)
 PSPermGen       total 80896K, used 60664K [0x10040000, 0x14f40000, 0x18040000)
  object space 80896K, 74% used [0x10040000,0x13b7e1a8,0x14f40000)
}
Total time for which application threads were stopped: 1.0923992 seconds
Application time: 0.2930012 seconds
Total time for which application threads were stopped: 0.0011859 seconds
Application time: 0.0000536 seconds
Total time for which application threads were stopped: 0.0002294 seconds
Application time: 0.0001165 seconds
Total time for which application threads were stopped: 0.0001562 seconds
Application time: 0.3257464 seconds
Total time for which application threads were stopped: 0.0068816 seconds
Application time: 0.0003590 seconds
Total time for which application threads were stopped: 0.0002288 seconds
Application time: 0.4570751 seconds
{Heap before GC invocations=85 (full 9):
 PSYoungGen      total 113344K, used 108416K [0x2d5a0000, 0x37ed0000, 0x38040000)
  eden space 108416K, 100% used [0x2d5a0000,0x33f80000,0x33f80000)
  from space 4928K, 0% used [0x33f80000,0x33f80000,0x34450000)
  to   space 32128K, 0% used [0x35f70000,0x35f70000,0x37ed0000)
 PSOldGen        total 250688K, used 194986K [0x18040000, 0x27510000, 0x2d5a0000)
  object space 250688K, 77% used [0x18040000,0x23eaabc8,0x27510000)
 PSPermGen       total 80896K, used 60677K [0x10040000, 0x14f40000, 0x18040000)
  object space 80896K, 75% used [0x10040000,0x13b815a0,0x14f40000)
329.614: [GC [PSYoungGen: 108416K->12445K(142656K)] 303402K->207440K(393344K), 0.1349719 secs] [Times: user=0.25 sys=0.00, real=0.13 secs] 
Heap after GC invocations=85 (full 9):
 PSYoungGen      total 142656K, used 12445K [0x2d5a0000, 0x38040000, 0x38040000)
  eden space 110528K, 0% used [0x2d5a0000,0x2d5a0000,0x34190000)
  from space 32128K, 38% used [0x35f70000,0x36b97758,0x37ed0000)
  to   space 30592K, 0% used [0x34190000,0x34190000,0x35f70000)
 PSOldGen        total 250688K, used 194994K [0x18040000, 0x27510000, 0x2d5a0000)
  object space 250688K, 77% used [0x18040000,0x23eacbc8,0x27510000)
 PSPermGen       total 80896K, used 60677K [0x10040000, 0x14f40000, 0x18040000)
  object space 80896K, 75% used [0x10040000,0x13b815a0,0x14f40000)
}
Total time for which application threads were stopped: 0.1360924 seconds
Application time: 1.6517937 seconds
{Heap before GC invocations=86 (full 9):
 PSYoungGen      total 142656K, used 122973K [0x2d5a0000, 0x38040000, 0x38040000)
  eden space 110528K, 100% used [0x2d5a0000,0x34190000,0x34190000)
  from space 32128K, 38% used [0x35f70000,0x36b97758,0x37ed0000)
  to   space 30592K, 0% used [0x34190000,0x34190000,0x35f70000)
 PSOldGen        total 250688K, used 194994K [0x18040000, 0x27510000, 0x2d5a0000)
  object space 250688K, 77% used [0x18040000,0x23eacbc8,0x27510000)
 PSPermGen       total 80896K, used 60679K [0x10040000, 0x14f40000, 0x18040000)
  object space 80896K, 75% used [0x10040000,0x13b81c60,0x14f40000)
331.402: [GC [PSYoungGen: 122973K->11366K(121920K)] 317968K->218584K(372608K), 0.0369025 secs] [Times: user=0.06 sys=0.00, real=0.03 secs] 
Heap after GC invocations=86 (full 9):
 PSYoungGen      total 121920K, used 11366K [0x2d5a0000, 0x37b20000, 0x38040000)
  eden space 110528K, 0% used [0x2d5a0000,0x2d5a0000,0x34190000)
  from space 11392K, 99% used [0x34190000,0x34ca99f8,0x34cb0000)
  to   space 28736K, 0% used [0x35f10000,0x35f10000,0x37b20000)
 PSOldGen        total 250688K, used 207218K [0x18040000, 0x27510000, 0x2d5a0000)
  object space 250688K, 82% used [0x18040000,0x24a9c870,0x27510000)
 PSPermGen       total 80896K, used 60679K [0x10040000, 0x14f40000, 0x18040000)
  object space 80896K, 75% used [0x10040000,0x13b81c60,0x14f40000)
}
Total time for which application threads were stopped: 0.0380881 seconds
Application time: 1.6857338 seconds
{Heap before GC invocations=87 (full 9):
 PSYoungGen      total 121920K, used 121894K [0x2d5a0000, 0x37b20000, 0x38040000)
  eden space 110528K, 100% used [0x2d5a0000,0x34190000,0x34190000)
  from space 11392K, 99% used [0x34190000,0x34ca99f8,0x34cb0000)
  to   space 28736K, 0% used [0x35f10000,0x35f10000,0x37b20000)
 PSOldGen        total 250688K, used 207218K [0x18040000, 0x27510000, 0x2d5a0000)
  object space 250688K, 82% used [0x18040000,0x24a9c870,0x27510000)
 PSPermGen       total 80896K, used 60680K [0x10040000, 0x14f40000, 0x18040000)
  object space 80896K, 75% used [0x10040000,0x13b82290,0x14f40000)
333.126: [GC [PSYoungGen: 121894K->1115K(140800K)] 329112K->215862K(391488K), 0.0196667 secs] [Times: user=0.06 sys=0.00, real=0.03 secs] 
Heap after GC invocations=87 (full 9):
 PSYoungGen      total 140800K, used 1115K [0x2d5a0000, 0x38040000, 0x38040000)
  eden space 112064K, 0% used [0x2d5a0000,0x2d5a0000,0x34310000)
  from space 28736K, 3% used [0x35f10000,0x36026ef8,0x37b20000)
  to   space 28672K, 0% used [0x34310000,0x34310000,0x35f10000)
 PSOldGen        total 250688K, used 214747K [0x18040000, 0x27510000, 0x2d5a0000)
  object space 250688K, 85% used [0x18040000,0x251f6d00,0x27510000)
 PSPermGen       total 80896K, used 60680K [0x10040000, 0x14f40000, 0x18040000)
  object space 80896K, 75% used [0x10040000,0x13b82290,0x14f40000)
}
Total time for which application threads were stopped: 0.0207666 seconds
Application time: 0.9995432 seconds
Total time for which application threads were stopped: 0.0077046 seconds
Application time: 0.0011068 seconds
Total time for which application threads were stopped: 0.0003255 seconds
Application time: 0.0000291 seconds
Total time for which application threads were stopped: 0.0037915 seconds
Application time: 0.0166625 seconds
Total time for which application threads were stopped: 0.0042721 seconds
Application time: 0.0162423 seconds
Total time for which application threads were stopped: 0.0041841 seconds
Application time: 0.0286190 seconds
Total time for which application threads were stopped: 0.0101720 seconds
Application time: 0.0922388 seconds
Total time for which application threads were stopped: 0.0036513 seconds
Application time: 0.0135067 seconds
Total time for which application threads were stopped: 0.0034594 seconds
Application time: 0.0131718 seconds
Total time for which application threads were stopped: 0.0036144 seconds
Application time: 0.0132765 seconds
{Heap before GC invocations=88 (full 9):
 PSYoungGen      total 140800K, used 113179K [0x2d5a0000, 0x38040000, 0x38040000)
  eden space 112064K, 100% used [0x2d5a0000,0x34310000,0x34310000)
  from space 28736K, 3% used [0x35f10000,0x36026ef8,0x37b20000)
  to   space 28672K, 0% used [0x34310000,0x34310000,0x35f10000)
 PSOldGen        total 250688K, used 214747K [0x18040000, 0x27510000, 0x2d5a0000)
  object space 250688K, 85% used [0x18040000,0x251f6d00,0x27510000)
 PSPermGen       total 80896K, used 60694K [0x10040000, 0x14f40000, 0x18040000)
  object space 80896K, 75% used [0x10040000,0x13b858d8,0x14f40000)
334.382: [GC [PSYoungGen: 113179K->13499K(140736K)] 327926K->229254K(391424K), 0.0750391 secs] [Times: user=0.09 sys=0.00, real=0.08 secs] 
Heap after GC invocations=88 (full 9):
 PSYoungGen      total 140736K, used 13499K [0x2d5a0000, 0x37f10000, 0x38040000)
  eden space 112064K, 0% used [0x2d5a0000,0x2d5a0000,0x34310000)
  from space 28672K, 47% used [0x34310000,0x3503ecd0,0x35f10000)
  to   space 28096K, 0% used [0x363a0000,0x363a0000,0x37f10000)
 PSOldGen        total 250688K, used 215755K [0x18040000, 0x27510000, 0x2d5a0000)
  object space 250688K, 86% used [0x18040000,0x252f2dd0,0x27510000)
 PSPermGen       total 80896K, used 60694K [0x10040000, 0x14f40000, 0x18040000)
  object space 80896K, 75% used [0x10040000,0x13b858d8,0x14f40000)
}
Total time for which application threads were stopped: 0.0757026 seconds
Application time: 0.0802689 seconds
Total time for which application threads were stopped: 0.0046782 seconds
Application time: 0.0358040 seconds
Total time for which application threads were stopped: 0.0045958 seconds
Application time: 0.0571045 seconds
Total time for which application threads were stopped: 0.0068020 seconds
Application time: 0.0406387 seconds
Total time for which application threads were stopped: 0.0041123 seconds
Application time: 0.0574573 seconds
Total time for which application threads were stopped: 0.0043679 seconds
Application time: 0.1055679 seconds
Total time for which application threads were stopped: 0.0068185 seconds
Application time: 0.1786314 seconds
Total time for which application threads were stopped: 0.0114232 seconds
Application time: 0.0242508 seconds
{Heap before GC invocations=89 (full 9):
 PSYoungGen      total 140736K, used 125563K [0x2d5a0000, 0x37f10000, 0x38040000)
  eden space 112064K, 100% used [0x2d5a0000,0x34310000,0x34310000)
  from space 28672K, 47% used [0x34310000,0x3503ecd0,0x35f10000)
  to   space 28096K, 0% used [0x363a0000,0x363a0000,0x37f10000)
 PSOldGen        total 250688K, used 215755K [0x18040000, 0x27510000, 0x2d5a0000)
  object space 250688K, 86% used [0x18040000,0x252f2dd0,0x27510000)
 PSPermGen       total 80896K, used 60696K [0x10040000, 0x14f40000, 0x18040000)
  object space 80896K, 75% used [0x10040000,0x13b863b8,0x14f40000)
335.080: [GC [PSYoungGen: 125563K->24251K(139968K)] 341318K->241086K(390656K), 0.1466410 secs] [Times: user=0.20 sys=0.00, real=0.14 secs] 
Heap after GC invocations=89 (full 9):
 PSYoungGen      total 139968K, used 24251K [0x2d5a0000, 0x38040000, 0x38040000)
  eden space 111872K, 0% used [0x2d5a0000,0x2d5a0000,0x342e0000)
  from space 28096K, 86% used [0x363a0000,0x37b4eee0,0x37f10000)
  to   space 31424K, 0% used [0x342e0000,0x342e0000,0x36190000)
 PSOldGen        total 250688K, used 216834K [0x18040000, 0x27510000, 0x2d5a0000)
  object space 250688K, 86% used [0x18040000,0x25400a00,0x27510000)
 PSPermGen       total 80896K, used 60696K [0x10040000, 0x14f40000, 0x18040000)
  object space 80896K, 75% used [0x10040000,0x13b863b8,0x14f40000)
}
Total time for which application threads were stopped: 0.1474291 seconds
Application time: 0.1117737 seconds
Total time for which application threads were stopped: 0.0035356 seconds
Application time: 0.0950216 seconds
Total time for which application threads were stopped: 0.0103061 seconds
Application time: 0.0955255 seconds
Total time for which application threads were stopped: 0.0115286 seconds
Application time: 0.0182305 seconds
Total time for which application threads were stopped: 0.0035021 seconds
Application time: 0.0284626 seconds
Total time for which application threads were stopped: 0.0028157 seconds
Application time: 0.0429594 seconds
Total time for which application threads were stopped: 0.0095224 seconds
Application time: 0.0762197 seconds
Total time for which application threads were stopped: 0.0033180 seconds
Application time: 0.0081312 seconds
Total time for which application threads were stopped: 0.0048325 seconds
Application time: 0.0501175 seconds
Total time for which application threads were stopped: 0.0048336 seconds
Application time: 0.0229331 seconds
{Heap before GC invocations=90 (full 9):
 PSYoungGen      total 139968K, used 136123K [0x2d5a0000, 0x38040000, 0x38040000)
  eden space 111872K, 100% used [0x2d5a0000,0x342e0000,0x342e0000)
  from space 28096K, 86% used [0x363a0000,0x37b4eee0,0x37f10000)
  to   space 31424K, 0% used [0x342e0000,0x342e0000,0x36190000)
 PSOldGen        total 250688K, used 216834K [0x18040000, 0x27510000, 0x2d5a0000)
  object space 250688K, 86% used [0x18040000,0x25400a00,0x27510000)
 PSPermGen       total 80896K, used 60701K [0x10040000, 0x14f40000, 0x18040000)
  object space 80896K, 75% used [0x10040000,0x13b87778,0x14f40000)
335.832: [GC [PSYoungGen: 136123K->24816K(136704K)] 352958K->241984K(387392K), 0.1248958 secs] [Times: user=0.11 sys=0.00, real=0.13 secs] 
Heap after GC invocations=90 (full 9):
 PSYoungGen      total 136704K, used 24816K [0x2d5a0000, 0x38040000, 0x38040000)
  eden space 111872K, 0% used [0x2d5a0000,0x2d5a0000,0x342e0000)
  from space 24832K, 99% used [0x342e0000,0x35b1c000,0x35b20000)
  to   space 34304K, 0% used [0x35ec0000,0x35ec0000,0x38040000)
 PSOldGen        total 250688K, used 217168K [0x18040000, 0x27510000, 0x2d5a0000)
  object space 250688K, 86% used [0x18040000,0x25454250,0x27510000)
 PSPermGen       total 80896K, used 60701K [0x10040000, 0x14f40000, 0x18040000)
  object space 80896K, 75% used [0x10040000,0x13b87778,0x14f40000)
}
Total time for which application threads were stopped: 0.1256506 seconds
Application time: 0.0064531 seconds
Total time for which application threads were stopped: 0.0027048 seconds
Application time: 0.0905922 seconds
Total time for which application threads were stopped: 0.0024428 seconds
Application time: 0.0440900 seconds
Total time for which application threads were stopped: 0.0025635 seconds
Application time: 0.0336272 seconds
Total time for which application threads were stopped: 0.0007004 seconds
Application time: 1.1153518 seconds
{Heap before GC invocations=91 (full 9):
 PSYoungGen      total 136704K, used 136688K [0x2d5a0000, 0x38040000, 0x38040000)
  eden space 111872K, 100% used [0x2d5a0000,0x342e0000,0x342e0000)
  from space 24832K, 99% used [0x342e0000,0x35b1c000,0x35b20000)
  to   space 34304K, 0% used [0x35ec0000,0x35ec0000,0x38040000)
 PSOldGen        total 250688K, used 217168K [0x18040000, 0x27510000, 0x2d5a0000)
  object space 250688K, 86% used [0x18040000,0x25454250,0x27510000)
 PSPermGen       total 80896K, used 60702K [0x10040000, 0x14f40000, 0x18040000)
  object space 80896K, 75% used [0x10040000,0x13b87a88,0x14f40000)
337.256: [GC [PSYoungGen: 136688K->8158K(141696K)] 353856K->225662K(392384K), 0.0470412 secs] [Times: user=0.06 sys=0.00, real=0.05 secs] 
Heap after GC invocations=91 (full 9):
 PSYoungGen      total 141696K, used 8158K [0x2d5a0000, 0x38040000, 0x38040000)
  eden space 107392K, 0% used [0x2d5a0000,0x2d5a0000,0x33e80000)
  from space 34304K, 23% used [0x35ec0000,0x366b7b70,0x38040000)
  to   space 33024K, 0% used [0x33e80000,0x33e80000,0x35ec0000)
 PSOldGen        total 250688K, used 217503K [0x18040000, 0x27510000, 0x2d5a0000)
  object space 250688K, 86% used [0x18040000,0x254a7cc8,0x27510000)
 PSPermGen       total 80896K, used 60702K [0x10040000, 0x14f40000, 0x18040000)
  object space 80896K, 75% used [0x10040000,0x13b87a88,0x14f40000)
}
Total time for which application threads were stopped: 0.0482329 seconds
Application time: 1.6611958 seconds
{Heap before GC invocations=92 (full 9):
 PSYoungGen      total 141696K, used 115550K [0x2d5a0000, 0x38040000, 0x38040000)
  eden space 107392K, 100% used [0x2d5a0000,0x33e80000,0x33e80000)
  from space 34304K, 23% used [0x35ec0000,0x366b7b70,0x38040000)
  to   space 33024K, 0% used [0x33e80000,0x33e80000,0x35ec0000)
 PSOldGen        total 250688K, used 217503K [0x18040000, 0x27510000, 0x2d5a0000)
  object space 250688K, 86% used [0x18040000,0x254a7cc8,0x27510000)
 PSPermGen       total 80896K, used 60702K [0x10040000, 0x14f40000, 0x18040000)
  object space 80896K, 75% used [0x10040000,0x13b87b00,0x14f40000)
338.966: [GC [PSYoungGen: 115550K->1094K(108544K)] 333054K->219443K(359232K), 0.0136584 secs] [Times: user=0.03 sys=0.00, real=0.02 secs] 
Heap after GC invocations=92 (full 9):
 PSYoungGen      total 108544K, used 1094K [0x2d5a0000, 0x37ee0000, 0x38040000)
  eden space 107392K, 0% used [0x2d5a0000,0x2d5a0000,0x33e80000)
  from space 1152K, 95% used [0x33e80000,0x33f919d0,0x33fa0000)
  to   space 32960K, 0% used [0x35eb0000,0x35eb0000,0x37ee0000)
 PSOldGen        total 250688K, used 218348K [0x18040000, 0x27510000, 0x2d5a0000)
  object space 250688K, 87% used [0x18040000,0x2557b298,0x27510000)
 PSPermGen       total 80896K, used 60702K [0x10040000, 0x14f40000, 0x18040000)
  object space 80896K, 75% used [0x10040000,0x13b87b00,0x14f40000)
}
Total time for which application threads were stopped: 0.0147988 seconds
Application time: 0.9842941 seconds
Total time for which application threads were stopped: 0.0009579 seconds
Application time: 0.0003551 seconds
Total time for which application threads were stopped: 0.0002442 seconds
Application time: 0.3852484 seconds
{Heap before GC invocations=93 (full 9):
 PSYoungGen      total 108544K, used 108486K [0x2d5a0000, 0x37ee0000, 0x38040000)
  eden space 107392K, 100% used [0x2d5a0000,0x33e80000,0x33e80000)
  from space 1152K, 95% used [0x33e80000,0x33f919d0,0x33fa0000)
  to   space 32960K, 0% used [0x35eb0000,0x35eb0000,0x37ee0000)
 PSOldGen        total 250688K, used 218348K [0x18040000, 0x27510000, 0x2d5a0000)
  object space 250688K, 87% used [0x18040000,0x2557b298,0x27510000)
 PSPermGen       total 80896K, used 60705K [0x10040000, 0x14f40000, 0x18040000)
  object space 80896K, 75% used [0x10040000,0x13b88728,0x14f40000)
340.351: [GC [PSYoungGen: 108486K->1220K(140800K)] 326835K->220556K(391488K), 0.0149893 secs] [Times: user=0.03 sys=0.00, real=0.02 secs] 
Heap after GC invocations=93 (full 9):
 PSYoungGen      total 140800K, used 1220K [0x2d5a0000, 0x38040000, 0x38040000)
  eden space 107840K, 0% used [0x2d5a0000,0x2d5a0000,0x33ef0000)
  from space 32960K, 3% used [0x35eb0000,0x35fe1338,0x37ee0000)
  to   space 32512K, 0% used [0x33ef0000,0x33ef0000,0x35eb0000)
 PSOldGen        total 250688K, used 219335K [0x18040000, 0x27510000, 0x2d5a0000)
  object space 250688K, 87% used [0x18040000,0x25671ec0,0x27510000)
 PSPermGen       total 80896K, used 60705K [0x10040000, 0x14f40000, 0x18040000)
  object space 80896K, 75% used [0x10040000,0x13b88728,0x14f40000)
}
Total time for which application threads were stopped: 0.0156844 seconds
Application time: 0.1442315 seconds
Total time for which application threads were stopped: 0.0009694 seconds
Application time: 0.0018315 seconds
Total time for which application threads were stopped: 0.0003051 seconds
Application time: 0.9995455 seconds
Total time for which application threads were stopped: 0.0009686 seconds
Application time: 0.0156953 seconds
{Heap before GC invocations=94 (full 9):
 PSYoungGen      total 140800K, used 105778K [0x2d5a0000, 0x38040000, 0x38040000)
  eden space 107840K, 96% used [0x2d5a0000,0x33bbb778,0x33ef0000)
  from space 32960K, 3% used [0x35eb0000,0x35fe1338,0x37ee0000)
  to   space 32512K, 0% used [0x33ef0000,0x33ef0000,0x35eb0000)
 PSOldGen        total 250688K, used 219335K [0x18040000, 0x27510000, 0x2d5a0000)
  object space 250688K, 87% used [0x18040000,0x25671ec0,0x27510000)
 PSPermGen       total 80896K, used 60708K [0x10040000, 0x14f40000, 0x18040000)
  object space 80896K, 75% used [0x10040000,0x13b89148,0x14f40000)
341.531: [GC [PSYoungGen: 105778K->1326K(140352K)] 325114K->221746K(391040K), 0.0170321 secs] [Times: user=0.03 sys=0.00, real=0.02 secs] 
Heap after GC invocations=94 (full 9):
 PSYoungGen      total 140352K, used 1326K [0x2d5a0000, 0x37e90000, 0x38040000)
  eden space 107840K, 0% used [0x2d5a0000,0x2d5a0000,0x33ef0000)
  from space 32512K, 4% used [0x33ef0000,0x3403ba60,0x35eb0000)
  to   space 31872K, 0% used [0x35f70000,0x35f70000,0x37e90000)
 PSOldGen        total 250688K, used 220420K [0x18040000, 0x27510000, 0x2d5a0000)
  object space 250688K, 87% used [0x18040000,0x25781198,0x27510000)
 PSPermGen       total 80896K, used 60708K [0x10040000, 0x14f40000, 0x18040000)
  object space 80896K, 75% used [0x10040000,0x13b89148,0x14f40000)
}
Total time for which application threads were stopped: 0.0176397 seconds
Application time: 0.1040839 seconds
Total time for which application threads were stopped: 0.0074266 seconds
Application time: 0.0127765 seconds
Total time for which application threads were stopped: 0.0003749 seconds
Application time: 0.1083730 seconds
Total time for which application threads were stopped: 0.0004280 seconds
Application time: 0.0000883 seconds
Total time for which application threads were stopped: 0.0001327 seconds
Application time: 0.0000603 seconds
Total time for which application threads were stopped: 0.0001369 seconds
Application time: 0.4381582 seconds
Total time for which application threads were stopped: 0.0008476 seconds
Application time: 0.0008507 seconds
Total time for which application threads were stopped: 0.0002850 seconds
Application time: 0.3985347 seconds
{Heap before GC invocations=95 (full 9):
 PSYoungGen      total 140352K, used 109166K [0x2d5a0000, 0x37e90000, 0x38040000)
  eden space 107840K, 100% used [0x2d5a0000,0x33ef0000,0x33ef0000)
  from space 32512K, 4% used [0x33ef0000,0x3403ba60,0x35eb0000)
  to   space 31872K, 0% used [0x35f70000,0x35f70000,0x37e90000)
 PSOldGen        total 250688K, used 220420K [0x18040000, 0x27510000, 0x2d5a0000)
  object space 250688K, 87% used [0x18040000,0x25781198,0x27510000)
 PSPermGen       total 80896K, used 60712K [0x10040000, 0x14f40000, 0x18040000)
  object space 80896K, 75% used [0x10040000,0x13b8a1c0,0x14f40000)
342.621: [GC [PSYoungGen: 109166K->11244K(140096K)] 329586K->232933K(390784K), 0.0260745 secs] [Times: user=0.06 sys=0.00, real=0.03 secs] 
Heap after GC invocations=95 (full 9):
 PSYoungGen      total 140096K, used 11244K [0x2d5a0000, 0x37c80000, 0x38040000)
  eden space 110336K, 0% used [0x2d5a0000,0x2d5a0000,0x34160000)
  from space 29760K, 37% used [0x35f70000,0x36a6b278,0x37c80000)
  to   space 30272K, 0% used [0x34160000,0x34160000,0x35ef0000)
 PSOldGen        total 250688K, used 221688K [0x18040000, 0x27510000, 0x2d5a0000)
  object space 250688K, 88% used [0x18040000,0x258be1f8,0x27510000)
 PSPermGen       total 80896K, used 60712K [0x10040000, 0x14f40000, 0x18040000)
  object space 80896K, 75% used [0x10040000,0x13b8a1c0,0x14f40000)
}
Total time for which application threads were stopped: 0.0267207 seconds
Application time: 0.4201833 seconds
Total time for which application threads were stopped: 0.0010594 seconds
Application time: 0.0006272 seconds
Total time for which application threads were stopped: 0.0003252 seconds
Application time: 0.0006526 seconds
Total time for which application threads were stopped: 0.0002313 seconds
Application time: 0.0003302 seconds
Total time for which application threads were stopped: 0.0001682 seconds
Application time: 0.0052577 seconds
Total time for which application threads were stopped: 0.0003095 seconds
Application time: 0.0003196 seconds
Total time for which application threads were stopped: 0.0001805 seconds
Application time: 0.3607422 seconds
{Heap before GC invocations=96 (full 9):
 PSYoungGen      total 140096K, used 121580K [0x2d5a0000, 0x37c80000, 0x38040000)
  eden space 110336K, 100% used [0x2d5a0000,0x34160000,0x34160000)
  from space 29760K, 37% used [0x35f70000,0x36a6b278,0x37c80000)
  to   space 30272K, 0% used [0x34160000,0x34160000,0x35ef0000)
 PSOldGen        total 250688K, used 221688K [0x18040000, 0x27510000, 0x2d5a0000)
  object space 250688K, 88% used [0x18040000,0x258be1f8,0x27510000)
 PSPermGen       total 80896K, used 60725K [0x10040000, 0x14f40000, 0x18040000)
  object space 80896K, 75% used [0x10040000,0x13b8d7a8,0x14f40000)
343.440: [GC [PSYoungGen: 121580K->8544K(140608K)] 343269K->237655K(391296K), 0.0692909 secs] [Times: user=0.08 sys=0.00, real=0.06 secs] 
Heap after GC invocations=96 (full 9):
 PSYoungGen      total 140608K, used 8544K [0x2d5a0000, 0x37d20000, 0x38040000)
  eden space 110336K, 0% used [0x2d5a0000,0x2d5a0000,0x34160000)
  from space 30272K, 28% used [0x34160000,0x349b8020,0x35ef0000)
  to   space 28416K, 0% used [0x36160000,0x36160000,0x37d20000)
 PSOldGen        total 250688K, used 229111K [0x18040000, 0x27510000, 0x2d5a0000)
  object space 250688K, 91% used [0x18040000,0x25ffdc98,0x27510000)
 PSPermGen       total 80896K, used 60725K [0x10040000, 0x14f40000, 0x18040000)
  object space 80896K, 75% used [0x10040000,0x13b8d7a8,0x14f40000)
}
Total time for which application threads were stopped: 0.0716136 seconds
Application time: 0.1029977 seconds
Total time for which application threads were stopped: 0.0026034 seconds
Application time: 0.0903475 seconds
Total time for which application threads were stopped: 0.0035222 seconds
Application time: 0.0814087 seconds
Total time for which application threads were stopped: 0.0037217 seconds
Application time: 0.0135372 seconds
Total time for which application threads were stopped: 0.0040519 seconds
Application time: 0.0260743 seconds
Total time for which application threads were stopped: 0.0019759 seconds
Application time: 0.0111673 seconds
Total time for which application threads were stopped: 0.0018301 seconds
Application time: 0.0292752 seconds
Total time for which application threads were stopped: 0.0020924 seconds
Application time: 0.0499544 seconds
Total time for which application threads were stopped: 0.0005476 seconds
Application time: 0.0445565 seconds
{Heap before GC invocations=97 (full 9):
 PSYoungGen      total 140608K, used 118880K [0x2d5a0000, 0x37d20000, 0x38040000)
  eden space 110336K, 100% used [0x2d5a0000,0x34160000,0x34160000)
  from space 30272K, 28% used [0x34160000,0x349b8020,0x35ef0000)
  to   space 28416K, 0% used [0x36160000,0x36160000,0x37d20000)
 PSOldGen        total 250688K, used 229111K [0x18040000, 0x27510000, 0x2d5a0000)
  object space 250688K, 91% used [0x18040000,0x25ffdc98,0x27510000)
 PSPermGen       total 80896K, used 60731K [0x10040000, 0x14f40000, 0x18040000)
  object space 80896K, 75% used [0x10040000,0x13b8ee38,0x14f40000)
343.980: [GC [PSYoungGen: 118880K->14320K(143232K)] 347991K->244329K(393920K), 0.0897164 secs] [Times: user=0.09 sys=0.02, real=0.09 secs] 
Heap after GC invocations=97 (full 9):
 PSYoungGen      total 143232K, used 14320K [0x2d5a0000, 0x37e30000, 0x38040000)
  eden space 114816K, 0% used [0x2d5a0000,0x2d5a0000,0x345c0000)
  from space 28416K, 50% used [0x36160000,0x36f5c000,0x37d20000)
  to   space 28288K, 0% used [0x345c0000,0x345c0000,0x36160000)
 PSOldGen        total 250688K, used 230009K [0x18040000, 0x27510000, 0x2d5a0000)
  object space 250688K, 91% used [0x18040000,0x260de4a8,0x27510000)
 PSPermGen       total 80896K, used 60731K [0x10040000, 0x14f40000, 0x18040000)
  object space 80896K, 75% used [0x10040000,0x13b8ee38,0x14f40000)
}
Total time for which application threads were stopped: 0.0907878 seconds
Application time: 0.4231962 seconds
Total time for which application threads were stopped: 0.0009387 seconds
Application time: 0.0001570 seconds
Total time for which application threads were stopped: 0.0002137 seconds
Application time: 0.0001173 seconds
Total time for which application threads were stopped: 0.0001268 seconds
Application time: 0.3261490 seconds
Total time for which application threads were stopped: 0.0004825 seconds
Application time: 0.3365112 seconds
{Heap before GC invocations=98 (full 9):
 PSYoungGen      total 143232K, used 129136K [0x2d5a0000, 0x37e30000, 0x38040000)
  eden space 114816K, 100% used [0x2d5a0000,0x345c0000,0x345c0000)
  from space 28416K, 50% used [0x36160000,0x36f5c000,0x37d20000)
  to   space 28288K, 0% used [0x345c0000,0x345c0000,0x36160000)
 PSOldGen        total 250688K, used 230009K [0x18040000, 0x27510000, 0x2d5a0000)
  object space 250688K, 91% used [0x18040000,0x260de4a8,0x27510000)
 PSPermGen       total 80896K, used 60747K [0x10040000, 0x14f40000, 0x18040000)
  object space 80896K, 75% used [0x10040000,0x13b92ce8,0x14f40000)
345.159: [GC [PSYoungGen: 129136K->1296K(143104K)] 359145K->231729K(393792K), 0.0162674 secs] [Times: user=0.03 sys=0.00, real=0.02 secs] 
Heap after GC invocations=98 (full 9):
 PSYoungGen      total 143104K, used 1296K [0x2d5a0000, 0x37f80000, 0x38040000)
  eden space 114816K, 0% used [0x2d5a0000,0x2d5a0000,0x345c0000)
  from space 28288K, 4% used [0x345c0000,0x34704010,0x36160000)
  to   space 27968K, 0% used [0x36430000,0x36430000,0x37f80000)
 PSOldGen        total 250688K, used 230433K [0x18040000, 0x27510000, 0x2d5a0000)
  object space 250688K, 91% used [0x18040000,0x261484a8,0x27510000)
 PSPermGen       total 80896K, used 60747K [0x10040000, 0x14f40000, 0x18040000)
  object space 80896K, 75% used [0x10040000,0x13b92ce8,0x14f40000)
}
Total time for which application threads were stopped: 0.0175310 seconds
Application time: 0.0541840 seconds
Total time for which application threads were stopped: 0.0004202 seconds
Application time: 1.0998035 seconds
Total time for which application threads were stopped: 0.0009856 seconds
Application time: 0.0000425 seconds
Total time for which application threads were stopped: 0.0014831 seconds
Application time: 0.0130857 seconds
Total time for which application threads were stopped: 0.0016935 seconds
Application time: 0.0033337 seconds
Total time for which application threads were stopped: 0.0011610 seconds
Application time: 0.0113358 seconds
Total time for which application threads were stopped: 0.0013639 seconds
Application time: 0.0142694 seconds
Total time for which application threads were stopped: 0.0011806 seconds
Application time: 0.0030859 seconds
Total time for which application threads were stopped: 0.0010971 seconds
Application time: 0.0101910 seconds
Total time for which application threads were stopped: 0.0015435 seconds
Application time: 0.0121060 seconds
Total time for which application threads were stopped: 0.0012792 seconds
Application time: 0.0034029 seconds
Total time for which application threads were stopped: 0.0012242 seconds
Application time: 0.0097842 seconds
Total time for which application threads were stopped: 0.0012915 seconds
Application time: 0.0036999 seconds
Total time for which application threads were stopped: 0.0012306 seconds
Application time: 0.0030808 seconds
Total time for which application threads were stopped: 0.0002366 seconds
Application time: 1.2559289 seconds
Total time for which application threads were stopped: 0.0021073 seconds
Application time: 0.0000715 seconds
Total time for which application threads were stopped: 0.0022805 seconds
Application time: 0.0111492 seconds
Total time for which application threads were stopped: 0.0023313 seconds
Application time: 0.0065858 seconds
Total time for which application threads were stopped: 0.0021634 seconds
Application time: 0.0065682 seconds
Total time for which application threads were stopped: 0.0021165 seconds
Application time: 0.0134257 seconds
Total time for which application threads were stopped: 0.0023400 seconds
Application time: 0.0065972 seconds
Total time for which application threads were stopped: 0.0021877 seconds
Application time: 0.0066617 seconds
Total time for which application threads were stopped: 0.0021737 seconds
Application time: 0.0091341 seconds
Total time for which application threads were stopped: 0.0020952 seconds
Application time: 0.0070408 seconds
Total time for which application threads were stopped: 0.0022738 seconds
Application time: 0.0069721 seconds
Total time for which application threads were stopped: 0.0023076 seconds
Application time: 0.0104720 seconds
Total time for which application threads were stopped: 0.0021070 seconds
Application time: 0.0064329 seconds
Total time for which application threads were stopped: 0.0020746 seconds
Application time: 0.0064279 seconds
Total time for which application threads were stopped: 0.0022299 seconds
Application time: 0.0065341 seconds
Total time for which application threads were stopped: 0.0021438 seconds
Application time: 0.0064586 seconds
Total time for which application threads were stopped: 0.0022042 seconds
Application time: 0.0111064 seconds
Total time for which application threads were stopped: 0.0023436 seconds
Application time: 0.0064938 seconds
Total time for which application threads were stopped: 0.0022721 seconds
Application time: 0.0065005 seconds
Total time for which application threads were stopped: 0.0020737 seconds
Application time: 0.0097409 seconds
Total time for which application threads were stopped: 0.0020757 seconds
Application time: 0.0062977 seconds
Total time for which application threads were stopped: 0.0020056 seconds
Application time: 0.0062078 seconds
Total time for which application threads were stopped: 0.0019687 seconds
Application time: 0.0136065 seconds
Total time for which application threads were stopped: 0.0022366 seconds
Application time: 0.0064885 seconds
Total time for which application threads were stopped: 0.0020701 seconds
Application time: 0.0064137 seconds
Total time for which application threads were stopped: 0.0022640 seconds
Application time: 0.0010457 seconds
Total time for which application threads were stopped: 0.0003294 seconds
Application time: 0.0104228 seconds
Total time for which application threads were stopped: 0.0024014 seconds
Application time: 0.0070350 seconds
Total time for which application threads were stopped: 0.0023545 seconds
Application time: 0.0072534 seconds
Total time for which application threads were stopped: 0.0004392 seconds
Application time: 0.1274067 seconds
Total time for which application threads were stopped: 0.0004422 seconds
Application time: 0.0000916 seconds
Total time for which application threads were stopped: 0.0012144 seconds
Application time: 0.0250577 seconds
Total time for which application threads were stopped: 0.0004344 seconds
Application time: 0.0001444 seconds
Total time for which application threads were stopped: 0.0002646 seconds
Application time: 0.1551884 seconds
Total time for which application threads were stopped: 0.0014611 seconds
Application time: 0.0000657 seconds
Total time for which application threads were stopped: 0.0024207 seconds
Application time: 0.0147862 seconds
Total time for which application threads were stopped: 0.0004992 seconds
Application time: 0.0302564 seconds
Total time for which application threads were stopped: 0.0006677 seconds
Application time: 0.2080044 seconds
{Heap before GC invocations=99 (full 9):
 PSYoungGen      total 143104K, used 116112K [0x2d5a0000, 0x37f80000, 0x38040000)
  eden space 114816K, 100% used [0x2d5a0000,0x345c0000,0x345c0000)
  from space 28288K, 4% used [0x345c0000,0x34704010,0x36160000)
  to   space 27968K, 0% used [0x36430000,0x36430000,0x37f80000)
 PSOldGen        total 250688K, used 230433K [0x18040000, 0x27510000, 0x2d5a0000)
  object space 250688K, 91% used [0x18040000,0x261484a8,0x27510000)
 PSPermGen       total 80896K, used 60755K [0x10040000, 0x14f40000, 0x18040000)
  object space 80896K, 75% used [0x10040000,0x13b94d50,0x14f40000)
348.545: [GC [PSYoungGen: 116112K->1304K(145856K)] 346545K->232881K(396544K), 0.0350304 secs] [Times: user=0.08 sys=0.00, real=0.05 secs] 
Heap after GC invocations=99 (full 9):
 PSYoungGen      total 145856K, used 1304K [0x2d5a0000, 0x37ef0000, 0x38040000)
  eden space 118464K, 0% used [0x2d5a0000,0x2d5a0000,0x34950000)
  from space 27392K, 4% used [0x36430000,0x365762a8,0x37ef0000)
  to   space 27456K, 0% used [0x34950000,0x34950000,0x36420000)
 PSOldGen        total 250688K, used 231577K [0x18040000, 0x27510000, 0x2d5a0000)
  object space 250688K, 92% used [0x18040000,0x262664e8,0x27510000)
 PSPermGen       total 80896K, used 60755K [0x10040000, 0x14f40000, 0x18040000)
  object space 80896K, 75% used [0x10040000,0x13b94d50,0x14f40000)
}
Total time for which application threads were stopped: 0.0519337 seconds
Application time: 0.0009644 seconds
Total time for which application threads were stopped: 0.0004886 seconds
Application time: 0.0012652 seconds
Total time for which application threads were stopped: 0.0003308 seconds
Application time: 0.0000522 seconds
Total time for which application threads were stopped: 0.0026718 seconds
Application time: 0.0085125 seconds
Total time for which application threads were stopped: 0.0026101 seconds
Application time: 0.0982753 seconds
Total time for which application threads were stopped: 0.0081466 seconds
Application time: 0.0789857 seconds
Total time for which application threads were stopped: 0.0024995 seconds
Application time: 0.0053269 seconds
Total time for which application threads were stopped: 0.0015362 seconds
Application time: 0.0218167 seconds
Total time for which application threads were stopped: 0.0011574 seconds
Application time: 0.9427930 seconds
{Heap before GC invocations=100 (full 9):
 PSYoungGen      total 145856K, used 119768K [0x2d5a0000, 0x37ef0000, 0x38040000)
  eden space 118464K, 100% used [0x2d5a0000,0x34950000,0x34950000)
  from space 27392K, 4% used [0x36430000,0x365762a8,0x37ef0000)
  to   space 27456K, 0% used [0x34950000,0x34950000,0x36420000)
 PSOldGen        total 250688K, used 231577K [0x18040000, 0x27510000, 0x2d5a0000)
  object space 250688K, 92% used [0x18040000,0x262664e8,0x27510000)
 PSPermGen       total 80896K, used 60759K [0x10040000, 0x14f40000, 0x18040000)
  object space 80896K, 75% used [0x10040000,0x13b95f28,0x14f40000)
349.760: [GC [PSYoungGen: 119768K->2464K(145920K)] 351345K->235113K(396608K), 0.0244302 secs] [Times: user=0.05 sys=0.00, real=0.03 secs] 
Heap after GC invocations=100 (full 9):
 PSYoungGen      total 145920K, used 2464K [0x2d5a0000, 0x37e90000, 0x38040000)
  eden space 118464K, 0% used [0x2d5a0000,0x2d5a0000,0x34950000)
  from space 27456K, 8% used [0x34950000,0x34bb8000,0x36420000)
  to   space 26560K, 0% used [0x364a0000,0x364a0000,0x37e90000)
 PSOldGen        total 250688K, used 232649K [0x18040000, 0x27510000, 0x2d5a0000)
  object space 250688K, 92% used [0x18040000,0x26372780,0x27510000)
 PSPermGen       total 80896K, used 60759K [0x10040000, 0x14f40000, 0x18040000)
  object space 80896K, 75% used [0x10040000,0x13b95f28,0x14f40000)
}
Total time for which application threads were stopped: 0.0266648 seconds
Application time: 0.4870563 seconds
{Heap before GC invocations=101 (full 9):
 PSYoungGen      total 145920K, used 120928K [0x2d5a0000, 0x37e90000, 0x38040000)
  eden space 118464K, 100% used [0x2d5a0000,0x34950000,0x34950000)
  from space 27456K, 8% used [0x34950000,0x34bb8000,0x36420000)
  to   space 26560K, 0% used [0x364a0000,0x364a0000,0x37e90000)
 PSOldGen        total 250688K, used 232649K [0x18040000, 0x27510000, 0x2d5a0000)
  object space 250688K, 92% used [0x18040000,0x26372780,0x27510000)
 PSPermGen       total 80896K, used 60760K [0x10040000, 0x14f40000, 0x18040000)
  object space 80896K, 75% used [0x10040000,0x13b96010,0x14f40000)
350.304: [GC [PSYoungGen: 120928K->22240K(141248K)] 353577K->256047K(391936K), 0.1169112 secs] [Times: user=0.13 sys=0.00, real=0.11 secs] 
Heap after GC invocations=101 (full 9):
 PSYoungGen      total 141248K, used 22240K [0x2d5a0000, 0x38040000, 0x38040000)
  eden space 114688K, 0% used [0x2d5a0000,0x2d5a0000,0x345a0000)
  from space 26560K, 83% used [0x364a0000,0x37a58020,0x37e90000)
  to   space 30016K, 0% used [0x345a0000,0x345a0000,0x362f0000)
 PSOldGen        total 250688K, used 233807K [0x18040000, 0x27510000, 0x2d5a0000)
  object space 250688K, 93% used [0x18040000,0x26493f90,0x27510000)
 PSPermGen       total 80896K, used 60760K [0x10040000, 0x14f40000, 0x18040000)
  object space 80896K, 75% used [0x10040000,0x13b96010,0x14f40000)
}
Total time for which application threads were stopped: 0.1494693 seconds
Application time: 0.0348704 seconds
Total time for which application threads were stopped: 0.0007124 seconds
Application time: 0.0939483 seconds
Total time for which application threads were stopped: 0.0043352 seconds
Application time: 0.0103265 seconds
Total time for which application threads were stopped: 0.0044372 seconds
Application time: 0.0995548 seconds
Total time for which application threads were stopped: 0.0076691 seconds
Application time: 0.1015383 seconds
Total time for which application threads were stopped: 0.0040357 seconds
Application time: 0.0511956 seconds
{Heap before GC invocations=102 (full 9):
 PSYoungGen      total 141248K, used 136928K [0x2d5a0000, 0x38040000, 0x38040000)
  eden space 114688K, 100% used [0x2d5a0000,0x345a0000,0x345a0000)
  from space 26560K, 83% used [0x364a0000,0x37a58020,0x37e90000)
  to   space 30016K, 0% used [0x345a0000,0x345a0000,0x362f0000)
 PSOldGen        total 250688K, used 233807K [0x18040000, 0x27510000, 0x2d5a0000)
  object space 250688K, 93% used [0x18040000,0x26493f90,0x27510000)
 PSPermGen       total 80896K, used 60760K [0x10040000, 0x14f40000, 0x18040000)
  object space 80896K, 75% used [0x10040000,0x13b961e8,0x14f40000)
350.837: [GC [PSYoungGen: 136928K->21329K(136064K)] 370735K->255659K(386752K), 0.1092728 secs] [Times: user=0.13 sys=0.00, real=0.11 secs] 
Heap after GC invocations=102 (full 9):
 PSYoungGen      total 136064K, used 21329K [0x2d5a0000, 0x38040000, 0x38040000)
  eden space 114688K, 0% used [0x2d5a0000,0x2d5a0000,0x345a0000)
  from space 21376K, 99% used [0x345a0000,0x35a745e0,0x35a80000)
  to   space 32384K, 0% used [0x360a0000,0x360a0000,0x38040000)
 PSOldGen        total 250688K, used 234330K [0x18040000, 0x27510000, 0x2d5a0000)
  object space 250688K, 93% used [0x18040000,0x26516800,0x27510000)
 PSPermGen       total 80896K, used 60760K [0x10040000, 0x14f40000, 0x18040000)
  object space 80896K, 75% used [0x10040000,0x13b961e8,0x14f40000)
}
Total time for which application threads were stopped: 0.1117064 seconds
Application time: 0.0341082 seconds
Total time for which application threads were stopped: 0.0027445 seconds
Application time: 0.0933607 seconds
Total time for which application threads were stopped: 0.0029057 seconds
Application time: 0.7617535 seconds
{Heap before GC invocations=103 (full 9):
 PSYoungGen      total 136064K, used 136017K [0x2d5a0000, 0x38040000, 0x38040000)
  eden space 114688K, 100% used [0x2d5a0000,0x345a0000,0x345a0000)
  from space 21376K, 99% used [0x345a0000,0x35a745e0,0x35a80000)
  to   space 32384K, 0% used [0x360a0000,0x360a0000,0x38040000)
 PSOldGen        total 250688K, used 234330K [0x18040000, 0x27510000, 0x2d5a0000)
  object space 250688K, 93% used [0x18040000,0x26516800,0x27510000)
 PSPermGen       total 80896K, used 60761K [0x10040000, 0x14f40000, 0x18040000)
  object space 80896K, 75% used [0x10040000,0x13b965c8,0x14f40000)
351.878: [GC [PSYoungGen: 136017K->19248K(140160K)] 370347K->254079K(390848K), 0.1196451 secs] [Times: user=0.16 sys=0.02, real=0.11 secs] 
Heap after GC invocations=103 (full 9):
 PSYoungGen      total 140160K, used 19248K [0x2d5a0000, 0x38040000, 0x38040000)
  eden space 107776K, 0% used [0x2d5a0000,0x2d5a0000,0x33ee0000)
  from space 32384K, 59% used [0x360a0000,0x3736c000,0x38040000)
  to   space 33472K, 0% used [0x33ee0000,0x33ee0000,0x35f90000)
 PSOldGen        total 250688K, used 234831K [0x18040000, 0x27510000, 0x2d5a0000)
  object space 250688K, 93% used [0x18040000,0x26593de0,0x27510000)
 PSPermGen       total 80896K, used 60761K [0x10040000, 0x14f40000, 0x18040000)
  object space 80896K, 75% used [0x10040000,0x13b965c8,0x14f40000)
}
Total time for which application threads were stopped: 0.1571108 seconds
Application time: 0.4315909 seconds
Total time for which application threads were stopped: 0.0023296 seconds
Application time: 0.0036192 seconds
Total time for which application threads were stopped: 0.0015013 seconds
Application time: 0.0034566 seconds
Total time for which application threads were stopped: 0.0014385 seconds
Application time: 0.0050755 seconds
Total time for which application threads were stopped: 0.0015642 seconds
Application time: 0.0035384 seconds
Total time for which application threads were stopped: 0.0013988 seconds
Application time: 0.0042885 seconds
Total time for which application threads were stopped: 0.0014792 seconds
Application time: 0.0050140 seconds
Total time for which application threads were stopped: 0.0013806 seconds
Application time: 0.1107236 seconds
Total time for which application threads were stopped: 0.0004464 seconds
Application time: 0.4034080 seconds
{Heap before GC invocations=104 (full 9):
 PSYoungGen      total 140160K, used 127024K [0x2d5a0000, 0x38040000, 0x38040000)
  eden space 107776K, 100% used [0x2d5a0000,0x33ee0000,0x33ee0000)
  from space 32384K, 59% used [0x360a0000,0x3736c000,0x38040000)
  to   space 33472K, 0% used [0x33ee0000,0x33ee0000,0x35f90000)
 PSOldGen        total 250688K, used 234831K [0x18040000, 0x27510000, 0x2d5a0000)
  object space 250688K, 93% used [0x18040000,0x26593de0,0x27510000)
 PSPermGen       total 80896K, used 60765K [0x10040000, 0x14f40000, 0x18040000)
  object space 80896K, 75% used [0x10040000,0x13b97490,0x14f40000)
352.982: [GC [PSYoungGen: 127024K->6448K(114240K)] 361855K->241882K(364928K), 0.0414539 secs] [Times: user=0.06 sys=0.00, real=0.05 secs] 
Heap after GC invocations=104 (full 9):
 PSYoungGen      total 114240K, used 6448K [0x2d5a0000, 0x37e90000, 0x38040000)
  eden space 107776K, 0% used [0x2d5a0000,0x2d5a0000,0x33ee0000)
  from space 6464K, 99% used [0x33ee0000,0x3452c010,0x34530000)
  to   space 32064K, 0% used [0x35f40000,0x35f40000,0x37e90000)
 PSOldGen        total 250688K, used 235434K [0x18040000, 0x27510000, 0x2d5a0000)
  object space 250688K, 93% used [0x18040000,0x2662a848,0x27510000)
 PSPermGen       total 80896K, used 60765K [0x10040000, 0x14f40000, 0x18040000)
  object space 80896K, 75% used [0x10040000,0x13b97490,0x14f40000)
}
Total time for which application threads were stopped: 0.0426054 seconds
Application time: 0.0140060 seconds
Total time for which application threads were stopped: 0.0007222 seconds
Application time: 0.9991608 seconds
Total time for which application threads were stopped: 0.0015664 seconds
Application time: 0.0978770 seconds
{Heap before GC invocations=105 (full 9):
 PSYoungGen      total 114240K, used 114224K [0x2d5a0000, 0x37e90000, 0x38040000)
  eden space 107776K, 100% used [0x2d5a0000,0x33ee0000,0x33ee0000)
  from space 6464K, 99% used [0x33ee0000,0x3452c010,0x34530000)
  to   space 32064K, 0% used [0x35f40000,0x35f40000,0x37e90000)
 PSOldGen        total 250688K, used 235434K [0x18040000, 0x27510000, 0x2d5a0000)
  object space 250688K, 93% used [0x18040000,0x2662a848,0x27510000)
 PSPermGen       total 80896K, used 60766K [0x10040000, 0x14f40000, 0x18040000)
  object space 80896K, 75% used [0x10040000,0x13b97bc8,0x14f40000)
354.140: [GC [PSYoungGen: 114224K->1417K(141440K)] 349658K->237716K(392128K), 0.0172994 secs] [Times: user=0.03 sys=0.00, real=0.01 secs] 
Heap after GC invocations=105 (full 9):
 PSYoungGen      total 141440K, used 1417K [0x2d5a0000, 0x38040000, 0x38040000)
  eden space 109376K, 0% used [0x2d5a0000,0x2d5a0000,0x34070000)
  from space 32064K, 4% used [0x35f40000,0x360a2530,0x37e90000)
  to   space 31552K, 0% used [0x34070000,0x34070000,0x35f40000)
 PSOldGen        total 250688K, used 236298K [0x18040000, 0x27510000, 0x2d5a0000)
  object space 250688K, 94% used [0x18040000,0x26702ae0,0x27510000)
 PSPermGen       total 80896K, used 60766K [0x10040000, 0x14f40000, 0x18040000)
  object space 80896K, 75% used [0x10040000,0x13b97bc8,0x14f40000)
}
Total time for which application threads were stopped: 0.0208370 seconds
Application time: 0.0920028 seconds
Total time for which application threads were stopped: 0.0004445 seconds
Application time: 0.9991482 seconds
Total time for which application threads were stopped: 0.0008803 seconds
Application time: 0.0063424 seconds
{Heap before GC invocations=106 (full 9):
 PSYoungGen      total 141440K, used 110793K [0x2d5a0000, 0x38040000, 0x38040000)
  eden space 109376K, 100% used [0x2d5a0000,0x34070000,0x34070000)
  from space 32064K, 4% used [0x35f40000,0x360a2530,0x37e90000)
  to   space 31552K, 0% used [0x34070000,0x34070000,0x35f40000)
 PSOldGen        total 250688K, used 236298K [0x18040000, 0x27510000, 0x2d5a0000)
  object space 250688K, 94% used [0x18040000,0x26702ae0,0x27510000)
 PSPermGen       total 80896K, used 60769K [0x10040000, 0x14f40000, 0x18040000)
  object space 80896K, 75% used [0x10040000,0x13b98738,0x14f40000)
355.257: [GC [PSYoungGen: 110793K->7567K(140928K)] 347092K->244957K(391616K), 0.0210122 secs] [Times: user=0.03 sys=0.00, real=0.01 secs] 
Heap after GC invocations=106 (full 9):
 PSYoungGen      total 140928K, used 7567K [0x2d5a0000, 0x37c60000, 0x38040000)
  eden space 109376K, 0% used [0x2d5a0000,0x2d5a0000,0x34070000)
  from space 31552K, 23% used [0x34070000,0x347d3e18,0x35f40000)
  to   space 29824K, 0% used [0x35f40000,0x35f40000,0x37c60000)
 PSOldGen        total 250688K, used 237389K [0x18040000, 0x27510000, 0x2d5a0000)
  object space 250688K, 94% used [0x18040000,0x268136d8,0x27510000)
 PSPermGen       total 80896K, used 60769K [0x10040000, 0x14f40000, 0x18040000)
  object space 80896K, 75% used [0x10040000,0x13b98738,0x14f40000)
}
Total time for which application threads were stopped: 0.0214882 seconds
Application time: 0.4418528 seconds
Total time for which application threads were stopped: 0.0006641 seconds
Application time: 0.0000386 seconds
Total time for which application threads were stopped: 0.0001690 seconds
Application time: 0.9699641 seconds
Total time for which application threads were stopped: 0.0010750 seconds
Application time: 0.0000724 seconds
Total time for which application threads were stopped: 0.0026288 seconds
Application time: 0.0137501 seconds
Total time for which application threads were stopped: 0.0025858 seconds
Application time: 0.0076823 seconds
Total time for which application threads were stopped: 0.0023402 seconds
Application time: 0.0075630 seconds
Total time for which application threads were stopped: 0.0024257 seconds
Application time: 0.0074691 seconds
Total time for which application threads were stopped: 0.0023967 seconds
Application time: 0.0074465 seconds
Total time for which application threads were stopped: 0.0023444 seconds
Application time: 0.0074434 seconds
Total time for which application threads were stopped: 0.0023081 seconds
Application time: 0.0074845 seconds
Total time for which application threads were stopped: 0.0025168 seconds
Application time: 0.0076370 seconds
Total time for which application threads were stopped: 0.0024822 seconds
Application time: 0.0081756 seconds
Total time for which application threads were stopped: 0.0026643 seconds
Application time: 0.0085089 seconds
Total time for which application threads were stopped: 0.0027308 seconds
Application time: 0.0082692 seconds
Total time for which application threads were stopped: 0.0026786 seconds
Application time: 0.1356614 seconds
Total time for which application threads were stopped: 0.0004274 seconds
Application time: 0.0613885 seconds
Total time for which application threads were stopped: 0.0004657 seconds
Application time: 0.0091978 seconds
Total time for which application threads were stopped: 0.0004350 seconds
Application time: 0.0235424 seconds
Total time for which application threads were stopped: 0.0005476 seconds
Application time: 0.0105935 seconds
Total time for which application threads were stopped: 0.0003844 seconds
Application time: 0.1385170 seconds
Total time for which application threads were stopped: 0.0014357 seconds
Application time: 0.0208175 seconds
Total time for which application threads were stopped: 0.0010501 seconds
Application time: 0.0624792 seconds
Total time for which application threads were stopped: 0.0004347 seconds
Application time: 0.0614620 seconds
Total time for which application threads were stopped: 0.0004481 seconds
Application time: 0.0000338 seconds
Total time for which application threads were stopped: 0.0001316 seconds
Application time: 0.0117621 seconds
Total time for which application threads were stopped: 0.0003280 seconds
Application time: 0.0000285 seconds
Total time for which application threads were stopped: 0.0001092 seconds
Application time: 0.0212141 seconds
Total time for which application threads were stopped: 0.0004135 seconds
Application time: 0.0661889 seconds
Total time for which application threads were stopped: 0.0004766 seconds
Application time: 0.0396302 seconds
Total time for which application threads were stopped: 0.0004422 seconds
Application time: 0.4433108 seconds
{Heap before GC invocations=107 (full 9):
 PSYoungGen      total 140928K, used 116943K [0x2d5a0000, 0x37c60000, 0x38040000)
  eden space 109376K, 100% used [0x2d5a0000,0x34070000,0x34070000)
  from space 31552K, 23% used [0x34070000,0x347d3e18,0x35f40000)
  to   space 29824K, 0% used [0x35f40000,0x35f40000,0x37c60000)
 PSOldGen        total 250688K, used 237389K [0x18040000, 0x27510000, 0x2d5a0000)
  object space 250688K, 94% used [0x18040000,0x268136d8,0x27510000)
 PSPermGen       total 80896K, used 60813K [0x10040000, 0x14f40000, 0x18040000)
  object space 80896K, 75% used [0x10040000,0x13ba3590,0x14f40000)
357.929: [GC [PSYoungGen: 116943K->5785K(141824K)] 354333K->250584K(392512K), 0.0336518 secs] [Times: user=0.06 sys=0.00, real=0.03 secs] 
Heap after GC invocations=107 (full 9):
 PSYoungGen      total 141824K, used 5785K [0x2d5a0000, 0x37bf0000, 0x38040000)
  eden space 112448K, 0% used [0x2d5a0000,0x2d5a0000,0x34370000)
  from space 29376K, 19% used [0x35f40000,0x364e6540,0x37bf0000)
  to   space 28480K, 0% used [0x34370000,0x34370000,0x35f40000)
 PSOldGen        total 250688K, used 244799K [0x18040000, 0x27510000, 0x2d5a0000)
  object space 250688K, 97% used [0x18040000,0x26f4fd50,0x27510000)
 PSPermGen       total 80896K, used 60813K [0x10040000, 0x14f40000, 0x18040000)
  object space 80896K, 75% used [0x10040000,0x13ba3590,0x14f40000)
}
{Heap before GC invocations=108 (full 10):
 PSYoungGen      total 141824K, used 5785K [0x2d5a0000, 0x37bf0000, 0x38040000)
  eden space 112448K, 0% used [0x2d5a0000,0x2d5a0000,0x34370000)
  from space 29376K, 19% used [0x35f40000,0x364e6540,0x37bf0000)
  to   space 28480K, 0% used [0x34370000,0x34370000,0x35f40000)
 PSOldGen        total 250688K, used 244799K [0x18040000, 0x27510000, 0x2d5a0000)
  object space 250688K, 97% used [0x18040000,0x26f4fd50,0x27510000)
 PSPermGen       total 80896K, used 60813K [0x10040000, 0x14f40000, 0x18040000)
  object space 80896K, 75% used [0x10040000,0x13ba3590,0x14f40000)
357.962: [Full GC [PSYoungGen: 5785K->0K(141824K)] [PSOldGen: 244799K->206770K(257216K)] 250584K->206770K(399040K) [PSPermGen: 60813K->60813K(79616K)], 1.0542354 secs] [Times: user=1.05 sys=0.00, real=1.05 secs] 
Heap after GC invocations=108 (full 10):
 PSYoungGen      total 141824K, used 0K [0x2d5a0000, 0x37bf0000, 0x38040000)
  eden space 112448K, 0% used [0x2d5a0000,0x2d5a0000,0x34370000)
  from space 29376K, 0% used [0x35f40000,0x35f40000,0x37bf0000)
  to   space 28480K, 0% used [0x34370000,0x34370000,0x35f40000)
 PSOldGen        total 257216K, used 206770K [0x18040000, 0x27b70000, 0x2d5a0000)
  object space 257216K, 80% used [0x18040000,0x24a2c928,0x27b70000)
 PSPermGen       total 79616K, used 60813K [0x10040000, 0x14e00000, 0x18040000)
  object space 79616K, 76% used [0x10040000,0x13ba3590,0x14e00000)
}
Total time for which application threads were stopped: 1.0894594 seconds
Application time: 0.0218765 seconds
Total time for which application threads were stopped: 0.0012381 seconds
Application time: 0.0000413 seconds
Total time for which application threads were stopped: 0.0022274 seconds
Application time: 0.0087014 seconds
Total time for which application threads were stopped: 0.0023604 seconds
Application time: 0.0116233 seconds
Total time for which application threads were stopped: 0.0023598 seconds
Application time: 0.0074387 seconds
Total time for which application threads were stopped: 0.0005140 seconds
Application time: 0.6369460 seconds
Total time for which application threads were stopped: 0.0013854 seconds
Application time: 0.1755304 seconds
Total time for which application threads were stopped: 0.0005286 seconds
Application time: 0.1414252 seconds
Total time for which application threads were stopped: 0.0019167 seconds
Application time: 0.0018293 seconds
Total time for which application threads were stopped: 0.0005146 seconds
Application time: 0.0106352 seconds
Total time for which application threads were stopped: 0.0005909 seconds
Application time: 0.1087401 seconds
Total time for which application threads were stopped: 0.0007015 seconds
Application time: 0.5315712 seconds
{Heap before GC invocations=109 (full 10):
 PSYoungGen      total 141824K, used 112448K [0x2d5a0000, 0x37bf0000, 0x38040000)
  eden space 112448K, 100% used [0x2d5a0000,0x34370000,0x34370000)
  from space 29376K, 0% used [0x35f40000,0x35f40000,0x37bf0000)
  to   space 28480K, 0% used [0x34370000,0x34370000,0x35f40000)
 PSOldGen        total 257216K, used 206770K [0x18040000, 0x27b70000, 0x2d5a0000)
  object space 257216K, 80% used [0x18040000,0x24a2c928,0x27b70000)
 PSPermGen       total 79616K, used 60895K [0x10040000, 0x14e00000, 0x18040000)
  object space 79616K, 76% used [0x10040000,0x13bb7f60,0x14e00000)
360.689: [GC [PSYoungGen: 112448K->4998K(140928K)] 319218K->211768K(398144K), 0.0218855 secs] [Times: user=0.06 sys=0.00, real=0.03 secs] 
Heap after GC invocations=109 (full 10):
 PSYoungGen      total 140928K, used 4998K [0x2d5a0000, 0x37d00000, 0x38040000)
  eden space 112448K, 0% used [0x2d5a0000,0x2d5a0000,0x34370000)
  from space 28480K, 17% used [0x34370000,0x348518e0,0x35f40000)
  to   space 27264K, 0% used [0x36260000,0x36260000,0x37d00000)
 PSOldGen        total 257216K, used 206770K [0x18040000, 0x27b70000, 0x2d5a0000)
  object space 257216K, 80% used [0x18040000,0x24a2c928,0x27b70000)
 PSPermGen       total 79616K, used 60895K [0x10040000, 0x14e00000, 0x18040000)
  object space 79616K, 76% used [0x10040000,0x13bb7f60,0x14e00000)
}
Total time for which application threads were stopped: 0.0232077 seconds
Application time: 0.0016415 seconds
Total time for which application threads were stopped: 0.0004288 seconds
Application time: 0.0054811 seconds
Total time for which application threads were stopped: 0.0004249 seconds
Application time: 0.0000402 seconds
Total time for which application threads were stopped: 0.0001835 seconds
Application time: 0.0001821 seconds
Total time for which application threads were stopped: 0.0001634 seconds
Application time: 0.0006643 seconds
Total time for which application threads were stopped: 0.0002190 seconds
Application time: 0.0000235 seconds
Total time for which application threads were stopped: 0.0001352 seconds
Application time: 0.0004671 seconds
Total time for which application threads were stopped: 0.0002171 seconds
Application time: 0.0000237 seconds
Total time for which application threads were stopped: 0.0001207 seconds
Application time: 0.1205871 seconds
Total time for which application threads were stopped: 0.0005341 seconds
Application time: 0.0001559 seconds
Total time for which application threads were stopped: 0.0002168 seconds
Application time: 0.0001710 seconds
Total time for which application threads were stopped: 0.0001782 seconds
Application time: 0.0960424 seconds
Total time for which application threads were stopped: 0.0005624 seconds
Application time: 0.0000246 seconds
Total time for which application threads were stopped: 0.0001590 seconds
Application time: 0.0000338 seconds
Total time for which application threads were stopped: 0.0001355 seconds
Application time: 0.0000179 seconds
Total time for which application threads were stopped: 0.0001162 seconds
Application time: 0.0000201 seconds
Total time for which application threads were stopped: 0.0001321 seconds
Application time: 0.0114478 seconds
Total time for which application threads were stopped: 0.0013762 seconds
Application time: 0.0123024 seconds
Total time for which application threads were stopped: 0.0004897 seconds
Application time: 0.0077236 seconds
Total time for which application threads were stopped: 0.0004822 seconds
Application time: 0.0000240 seconds
Total time for which application threads were stopped: 0.0001595 seconds
Application time: 0.0005554 seconds
Total time for which application threads were stopped: 0.0001981 seconds
Application time: 0.0000263 seconds
Total time for which application threads were stopped: 0.0009669 seconds
Application time: 0.0723260 seconds
Total time for which application threads were stopped: 0.0006945 seconds
Application time: 0.0034225 seconds
Total time for which application threads were stopped: 0.0004772 seconds
Application time: 0.0139945 seconds
Total time for which application threads were stopped: 0.0004744 seconds
Application time: 0.0005476 seconds
Total time for which application threads were stopped: 0.0002741 seconds
Application time: 0.0130450 seconds
Total time for which application threads were stopped: 0.0004383 seconds
Application time: 0.0872301 seconds
Total time for which application threads were stopped: 0.0008635 seconds
Application time: 0.0003894 seconds
Total time for which application threads were stopped: 0.0002774 seconds
Application time: 0.6039209 seconds
Total time for which application threads were stopped: 0.0011264 seconds
Application time: 0.1549094 seconds
Total time for which application threads were stopped: 0.0025285 seconds
Application time: 0.0325625 seconds
Total time for which application threads were stopped: 0.0077462 seconds
Application time: 0.0000296 seconds
Total time for which application threads were stopped: 0.0001847 seconds
Application time: 0.0823658 seconds
Total time for which application threads were stopped: 0.0006546 seconds
Application time: 0.0118490 seconds
Total time for which application threads were stopped: 0.0013756 seconds
Application time: 0.0748330 seconds
Total time for which application threads were stopped: 0.0078879 seconds
Application time: 0.0041072 seconds
Total time for which application threads were stopped: 0.0003813 seconds
Application time: 0.1124336 seconds
{Heap before GC invocations=110 (full 10):
 PSYoungGen      total 140928K, used 117446K [0x2d5a0000, 0x37d00000, 0x38040000)
  eden space 112448K, 100% used [0x2d5a0000,0x34370000,0x34370000)
  from space 28480K, 17% used [0x34370000,0x348518e0,0x35f40000)
  to   space 27264K, 0% used [0x36260000,0x36260000,0x37d00000)
 PSOldGen        total 257216K, used 206770K [0x18040000, 0x27b70000, 0x2d5a0000)
  object space 257216K, 80% used [0x18040000,0x24a2c928,0x27b70000)
 PSPermGen       total 79616K, used 60896K [0x10040000, 0x14e00000, 0x18040000)
  object space 79616K, 76% used [0x10040000,0x13bb8290,0x14e00000)
362.274: [GC [PSYoungGen: 117446K->5536K(144960K)] 324216K->216866K(402176K), 0.0378313 secs] [Times: user=0.06 sys=0.00, real=0.03 secs] 
Heap after GC invocations=110 (full 10):
 PSYoungGen      total 144960K, used 5536K [0x2d5a0000, 0x37c90000, 0x38040000)
  eden space 118144K, 0% used [0x2d5a0000,0x2d5a0000,0x34900000)
  from space 26816K, 20% used [0x36260000,0x367c8278,0x37c90000)
  to   space 25984K, 0% used [0x34900000,0x34900000,0x36260000)
 PSOldGen        total 257216K, used 211330K [0x18040000, 0x27b70000, 0x2d5a0000)
  object space 257216K, 82% used [0x18040000,0x24ea0918,0x27b70000)
 PSPermGen       total 79616K, used 60896K [0x10040000, 0x14e00000, 0x18040000)
  object space 79616K, 76% used [0x10040000,0x13bb8290,0x14e00000)
}
Total time for which application threads were stopped: 0.0415042 seconds
Application time: 0.0003283 seconds
Total time for which application threads were stopped: 0.0011362 seconds
Application time: 0.0344021 seconds
Total time for which application threads were stopped: 0.0008579 seconds
Application time: 0.0077717 seconds
Total time for which application threads were stopped: 0.0005925 seconds
Application time: 0.0061647 seconds
Total time for which application threads were stopped: 0.0017329 seconds
Application time: 0.0056599 seconds
Total time for which application threads were stopped: 0.0005409 seconds
Application time: 0.0034661 seconds
Total time for which application threads were stopped: 0.0004517 seconds
Application time: 0.0020402 seconds
Total time for which application threads were stopped: 0.0003081 seconds
Application time: 0.0003665 seconds
Total time for which application threads were stopped: 0.0002137 seconds
Application time: 0.0110939 seconds
Total time for which application threads were stopped: 0.0006878 seconds
Application time: 0.7431168 seconds
Total time for which application threads were stopped: 0.0138814 seconds
Application time: 0.0226643 seconds
Total time for which application threads were stopped: 0.0005886 seconds
Application time: 0.0293688 seconds
Total time for which application threads were stopped: 0.0006878 seconds
Application time: 0.0000251 seconds
Total time for which application threads were stopped: 0.0012032 seconds
Application time: 0.0362432 seconds
Total time for which application threads were stopped: 0.0080725 seconds
Application time: 0.0019935 seconds
Total time for which application threads were stopped: 0.0012496 seconds
Application time: 0.0089556 seconds
Total time for which application threads were stopped: 0.0005336 seconds
Application time: 0.0000508 seconds
Total time for which application threads were stopped: 0.0002009 seconds
Application time: 0.0723000 seconds
Total time for which application threads were stopped: 0.0006467 seconds
Application time: 0.2379177 seconds
Total time for which application threads were stopped: 0.0079940 seconds
Application time: 0.0002738 seconds
Total time for which application threads were stopped: 0.0002009 seconds
Application time: 0.1357097 seconds
Total time for which application threads were stopped: 0.0014100 seconds
Application time: 0.0024439 seconds
Total time for which application threads were stopped: 0.0003925 seconds
Application time: 0.2941416 seconds
{Heap before GC invocations=111 (full 10):
 PSYoungGen      total 144960K, used 123680K [0x2d5a0000, 0x37c90000, 0x38040000)
  eden space 118144K, 100% used [0x2d5a0000,0x34900000,0x34900000)
  from space 26816K, 20% used [0x36260000,0x367c8278,0x37c90000)
  to   space 25984K, 0% used [0x34900000,0x34900000,0x36260000)
 PSOldGen        total 257216K, used 211330K [0x18040000, 0x27b70000, 0x2d5a0000)
  object space 257216K, 82% used [0x18040000,0x24ea0918,0x27b70000)
 PSPermGen       total 79616K, used 60896K [0x10040000, 0x14e00000, 0x18040000)
  object space 79616K, 76% used [0x10040000,0x13bb8330,0x14e00000)
364.014: [GC [PSYoungGen: 123680K->6328K(144128K)] 335010K->220555K(401344K), 0.0362820 secs] [Times: user=0.09 sys=0.00, real=0.05 secs] 
Heap after GC invocations=111 (full 10):
 PSYoungGen      total 144128K, used 6328K [0x2d5a0000, 0x37cd0000, 0x38040000)
  eden space 118144K, 0% used [0x2d5a0000,0x2d5a0000,0x34900000)
  from space 25984K, 24% used [0x34900000,0x34f2e090,0x36260000)
  to   space 24640K, 0% used [0x364c0000,0x364c0000,0x37cd0000)
 PSOldGen        total 257216K, used 214226K [0x18040000, 0x27b70000, 0x2d5a0000)
  object space 257216K, 83% used [0x18040000,0x25174b90,0x27b70000)
 PSPermGen       total 79616K, used 60896K [0x10040000, 0x14e00000, 0x18040000)
  object space 79616K, 76% used [0x10040000,0x13bb8330,0x14e00000)
}
Total time for which application threads were stopped: 0.0382652 seconds
Application time: 0.0134056 seconds
Total time for which application threads were stopped: 0.0006487 seconds
Application time: 0.0044908 seconds
Total time for which application threads were stopped: 0.0004042 seconds
Application time: 0.0041578 seconds
Total time for which application threads were stopped: 0.0024453 seconds
Application time: 0.0116395 seconds
Total time for which application threads were stopped: 0.0023679 seconds
Application time: 0.0000464 seconds
Total time for which application threads were stopped: 0.0002266 seconds
Application time: 0.0099677 seconds
Total time for which application threads were stopped: 0.0024456 seconds
Application time: 0.0628158 seconds
Total time for which application threads were stopped: 0.0004970 seconds
Application time: 0.1246784 seconds
Total time for which application threads were stopped: 0.0088324 seconds
Application time: 0.0072895 seconds
Total time for which application threads were stopped: 0.0005015 seconds
Application time: 0.0407610 seconds
Total time for which application threads were stopped: 0.0005531 seconds
Application time: 0.1761540 seconds
Total time for which application threads were stopped: 0.0006534 seconds
Application time: 0.1197437 seconds
Total time for which application threads were stopped: 0.0005707 seconds
Application time: 0.0450839 seconds
Total time for which application threads were stopped: 0.0006322 seconds
Application time: 0.2140602 seconds
Total time for which application threads were stopped: 0.0008998 seconds
Application time: 0.0043310 seconds
Total time for which application threads were stopped: 0.0002810 seconds
Application time: 0.0906073 seconds
Total time for which application threads were stopped: 0.0005529 seconds
Application time: 0.0024749 seconds
Total time for which application threads were stopped: 0.0002886 seconds
Application time: 0.0126957 seconds
Total time for which application threads were stopped: 0.0003880 seconds
Application time: 0.0082022 seconds
Total time for which application threads were stopped: 0.0003542 seconds
Application time: 0.0034882 seconds
Total time for which application threads were stopped: 0.0003179 seconds
Application time: 0.0386815 seconds
Total time for which application threads were stopped: 0.0005140 seconds
Application time: 0.0015237 seconds
Total time for which application threads were stopped: 0.0002514 seconds
Application time: 0.0069009 seconds
Total time for which application threads were stopped: 0.0004143 seconds
Application time: 0.0641897 seconds
Total time for which application threads were stopped: 0.0017952 seconds
Application time: 0.0068917 seconds
Total time for which application threads were stopped: 0.0004447 seconds
Application time: 0.0046266 seconds
Total time for which application threads were stopped: 0.0004129 seconds
Application time: 0.0130762 seconds
Total time for which application threads were stopped: 0.0004763 seconds
Application time: 0.0314844 seconds
Total time for which application threads were stopped: 0.0004291 seconds
Application time: 0.0851371 seconds
Total time for which application threads were stopped: 0.0007699 seconds
Application time: 0.0020899 seconds
Total time for which application threads were stopped: 0.0002970 seconds
Application time: 0.0232602 seconds
Total time for which application threads were stopped: 0.0004707 seconds
Application time: 0.0153134 seconds
Total time for which application threads were stopped: 0.0004819 seconds
Application time: 0.0041050 seconds
Total time for which application threads were stopped: 0.0003249 seconds
Application time: 0.0090799 seconds
Total time for which application threads were stopped: 0.0004076 seconds
Application time: 0.0100024 seconds
Total time for which application threads were stopped: 0.0003528 seconds
Application time: 0.0331995 seconds
Total time for which application threads were stopped: 0.0011954 seconds
Application time: 0.0024539 seconds
Total time for which application threads were stopped: 0.0016748 seconds
Application time: 0.9995497 seconds
Total time for which application threads were stopped: 0.0013636 seconds
Application time: 0.1860016 seconds
Total time for which application threads were stopped: 0.0005585 seconds
Application time: 0.0004769 seconds
{Heap before GC invocations=112 (full 10):
 PSYoungGen      total 144128K, used 124472K [0x2d5a0000, 0x37cd0000, 0x38040000)
  eden space 118144K, 100% used [0x2d5a0000,0x34900000,0x34900000)
  from space 25984K, 24% used [0x34900000,0x34f2e090,0x36260000)
  to   space 24640K, 0% used [0x364c0000,0x364c0000,0x37cd0000)
 PSOldGen        total 257216K, used 214226K [0x18040000, 0x27b70000, 0x2d5a0000)
  object space 257216K, 83% used [0x18040000,0x25174b90,0x27b70000)
 PSPermGen       total 79616K, used 60916K [0x10040000, 0x14e00000, 0x18040000)
  object space 79616K, 76% used [0x10040000,0x13bbd3c8,0x14e00000)
366.583: [GC [PSYoungGen: 124472K->11783K(146944K)] 338699K->228606K(404160K), 0.0403333 secs] [Times: user=0.06 sys=0.00, real=0.03 secs] 
Heap after GC invocations=112 (full 10):
 PSYoungGen      total 146944K, used 11783K [0x2d5a0000, 0x37e30000, 0x38040000)
  eden space 122304K, 0% used [0x2d5a0000,0x2d5a0000,0x34d10000)
  from space 24640K, 47% used [0x364c0000,0x37041d68,0x37cd0000)
  to   space 24256K, 0% used [0x34d10000,0x34d10000,0x364c0000)
 PSOldGen        total 257216K, used 216823K [0x18040000, 0x27b70000, 0x2d5a0000)
  object space 257216K, 84% used [0x18040000,0x253fdc30,0x27b70000)
 PSPermGen       total 79616K, used 60916K [0x10040000, 0x14e00000, 0x18040000)
  object space 79616K, 76% used [0x10040000,0x13bbd3c8,0x14e00000)
}
Total time for which application threads were stopped: 0.0408650 seconds
Application time: 0.0062407 seconds
Total time for which application threads were stopped: 0.0015373 seconds
Application time: 0.0222735 seconds
Total time for which application threads were stopped: 0.0006741 seconds
Application time: 0.0561789 seconds
Total time for which application threads were stopped: 0.0009317 seconds
Application time: 0.1623466 seconds
Total time for which application threads were stopped: 0.0014616 seconds
Application time: 0.0009591 seconds
Total time for which application threads were stopped: 0.0003045 seconds
Application time: 0.1371160 seconds
Total time for which application threads were stopped: 0.0012317 seconds
Application time: 0.0031937 seconds
Total time for which application threads were stopped: 0.0003883 seconds
Application time: 0.0077200 seconds
Total time for which application threads were stopped: 0.0005098 seconds
Application time: 0.0268752 seconds
Total time for which application threads were stopped: 0.0004526 seconds
Application time: 0.0000285 seconds
Total time for which application threads were stopped: 0.0001592 seconds
Application time: 0.0735873 seconds
Total time for which application threads were stopped: 0.0005138 seconds
Application time: 0.0001215 seconds
Total time for which application threads were stopped: 0.0001757 seconds
Application time: 0.0152352 seconds
Total time for which application threads were stopped: 0.0081762 seconds
Application time: 0.0000240 seconds
Total time for which application threads were stopped: 0.0001634 seconds
Application time: 0.0015474 seconds
Total time for which application threads were stopped: 0.0094892 seconds
Application time: 0.0000307 seconds
Total time for which application threads were stopped: 0.0001830 seconds
Application time: 0.0461439 seconds
Total time for which application threads were stopped: 0.0005280 seconds
Application time: 0.0000279 seconds
Total time for which application threads were stopped: 0.0002000 seconds
Application time: 0.0136942 seconds
Total time for which application threads were stopped: 0.0004621 seconds
Application time: 0.0000316 seconds
Total time for which application threads were stopped: 0.0001495 seconds
Application time: 0.0912258 seconds
Total time for which application threads were stopped: 0.0005579 seconds
Application time: 0.0000374 seconds
Total time for which application threads were stopped: 0.0002023 seconds
Application time: 0.0539203 seconds
Total time for which application threads were stopped: 0.0004867 seconds
Application time: 0.0000310 seconds
Total time for which application threads were stopped: 0.0001838 seconds
Application time: 0.0004987 seconds
Total time for which application threads were stopped: 0.0002310 seconds
Application time: 0.0000299 seconds
Total time for which application threads were stopped: 0.0001520 seconds
Application time: 0.5340534 seconds
Total time for which application threads were stopped: 0.0036108 seconds
Application time: 0.0029702 seconds
Total time for which application threads were stopped: 0.0003928 seconds
Application time: 0.0575403 seconds
Total time for which application threads were stopped: 0.0013613 seconds
Application time: 0.0000330 seconds
Total time for which application threads were stopped: 0.0002288 seconds
Application time: 0.0278086 seconds
Total time for which application threads were stopped: 0.0005568 seconds
Application time: 0.0120222 seconds
Total time for which application threads were stopped: 0.0007998 seconds
Application time: 0.0054060 seconds
Total time for which application threads were stopped: 0.0003931 seconds
Application time: 0.1462124 seconds
Total time for which application threads were stopped: 0.0006898 seconds
Application time: 0.1765504 seconds
Total time for which application threads were stopped: 0.0083522 seconds
Application time: 0.0000497 seconds
Total time for which application threads were stopped: 0.0024168 seconds
Application time: 0.0171826 seconds
Total time for which application threads were stopped: 0.0026065 seconds
Application time: 0.0062838 seconds
Total time for which application threads were stopped: 0.0026752 seconds
Application time: 0.0072054 seconds
Total time for which application threads were stopped: 0.0026034 seconds
Application time: 0.0862861 seconds
Total time for which application threads were stopped: 0.0033345 seconds
Application time: 0.0075610 seconds
Total time for which application threads were stopped: 0.0023338 seconds
Application time: 0.0080890 seconds
Total time for which application threads were stopped: 0.0025635 seconds
Application time: 0.0064296 seconds
Total time for which application threads were stopped: 0.0022193 seconds
Application time: 0.0085645 seconds
Total time for which application threads were stopped: 0.0007104 seconds
Application time: 0.1227019 seconds
Total time for which application threads were stopped: 0.0010272 seconds
Application time: 0.0423808 seconds
Total time for which application threads were stopped: 0.0005819 seconds
Application time: 0.0044165 seconds
Total time for which application threads were stopped: 0.0016566 seconds
Application time: 0.0176117 seconds
Total time for which application threads were stopped: 0.0007794 seconds
Application time: 0.2558515 seconds
Total time for which application threads were stopped: 0.0010152 seconds
Application time: 0.0000450 seconds
Total time for which application threads were stopped: 0.0003051 seconds
Application time: 0.0486838 seconds
Total time for which application threads were stopped: 0.0010641 seconds
Application time: 0.0272470 seconds
Total time for which application threads were stopped: 0.0007523 seconds
Application time: 0.0316691 seconds
Total time for which application threads were stopped: 0.0005244 seconds
Application time: 0.0098392 seconds
Total time for which application threads were stopped: 0.0006149 seconds
Application time: 0.0121334 seconds
Total time for which application threads were stopped: 0.0006043 seconds
Application time: 0.0018371 seconds
Total time for which application threads were stopped: 0.0004900 seconds
Application time: 0.0031144 seconds
Total time for which application threads were stopped: 0.0004847 seconds
Application time: 0.0003308 seconds
Total time for which application threads were stopped: 0.0002464 seconds
Application time: 0.0015770 seconds
Total time for which application threads were stopped: 0.0005073 seconds
Application time: 0.0029931 seconds
Total time for which application threads were stopped: 0.0003805 seconds
Application time: 0.0026185 seconds
Total time for which application threads were stopped: 0.0002687 seconds
Application time: 0.0020072 seconds
Total time for which application threads were stopped: 0.0003095 seconds
Application time: 0.0002805 seconds
Total time for which application threads were stopped: 0.0001919 seconds
Application time: 0.0004174 seconds
Total time for which application threads were stopped: 0.0001897 seconds
Application time: 0.0021827 seconds
Total time for which application threads were stopped: 0.0002604 seconds
Application time: 0.0015214 seconds
Total time for which application threads were stopped: 0.0004447 seconds
Application time: 0.0002972 seconds
Total time for which application threads were stopped: 0.0001956 seconds
Application time: 0.0008671 seconds
Total time for which application threads were stopped: 0.0002363 seconds
Application time: 0.0052853 seconds
Total time for which application threads were stopped: 0.0004316 seconds
Application time: 0.0006951 seconds
Total time for which application threads were stopped: 0.0002389 seconds
Application time: 0.0002780 seconds
Total time for which application threads were stopped: 0.0001626 seconds
Application time: 0.0005308 seconds
Total time for which application threads were stopped: 0.0001956 seconds
Application time: 0.0003542 seconds
Total time for which application threads were stopped: 0.0001528 seconds
Application time: 0.0033460 seconds
Total time for which application threads were stopped: 0.0003048 seconds
Application time: 0.0018058 seconds
Total time for which application threads were stopped: 0.0002880 seconds
Application time: 0.0043656 seconds
Total time for which application threads were stopped: 0.0003679 seconds
Application time: 0.0005839 seconds
Total time for which application threads were stopped: 0.0010093 seconds
Application time: 0.0127072 seconds
{Heap before GC invocations=113 (full 10):
 PSYoungGen      total 146944K, used 134087K [0x2d5a0000, 0x37e30000, 0x38040000)
  eden space 122304K, 100% used [0x2d5a0000,0x34d10000,0x34d10000)
  from space 24640K, 47% used [0x364c0000,0x37041d68,0x37cd0000)
  to   space 24256K, 0% used [0x34d10000,0x34d10000,0x364c0000)
 PSOldGen        total 257216K, used 216823K [0x18040000, 0x27b70000, 0x2d5a0000)
  object space 257216K, 84% used [0x18040000,0x253fdc30,0x27b70000)
 PSPermGen       total 79616K, used 60970K [0x10040000, 0x14e00000, 0x18040000)
  object space 79616K, 76% used [0x10040000,0x13bcab98,0x14e00000)
369.162: [GC [PSYoungGen: 134087K->4168K(146560K)] 350910K->232310K(403776K), 0.0419780 secs] [Times: user=0.06 sys=0.00, real=0.03 secs] 
Heap after GC invocations=113 (full 10):
 PSYoungGen      total 146560K, used 4168K [0x2d5a0000, 0x37e60000, 0x38040000)
  eden space 122304K, 0% used [0x2d5a0000,0x2d5a0000,0x34d10000)
  from space 24256K, 17% used [0x34d10000,0x351223e8,0x364c0000)
  to   space 23488K, 0% used [0x36770000,0x36770000,0x37e60000)
 PSOldGen        total 257216K, used 228141K [0x18040000, 0x27b70000, 0x2d5a0000)
  object space 257216K, 88% used [0x18040000,0x25f0b4c0,0x27b70000)
 PSPermGen       total 79616K, used 60970K [0x10040000, 0x14e00000, 0x18040000)
  object space 79616K, 76% used [0x10040000,0x13bcab98,0x14e00000)
}
Total time for which application threads were stopped: 0.0433061 seconds
Application time: 0.0044846 seconds
Total time for which application threads were stopped: 0.0005654 seconds
Application time: 0.0193488 seconds
Total time for which application threads were stopped: 0.0012513 seconds
Application time: 0.0046746 seconds
Total time for which application threads were stopped: 0.0012597 seconds
Application time: 0.0004755 seconds
Total time for which application threads were stopped: 0.0002011 seconds
Application time: 0.0095247 seconds
Total time for which application threads were stopped: 0.0012446 seconds
Application time: 0.0236611 seconds
Total time for which application threads were stopped: 0.0005235 seconds
Application time: 0.0065874 seconds
Total time for which application threads were stopped: 0.0004777 seconds
Application time: 0.0209968 seconds
Total time for which application threads were stopped: 0.0007803 seconds
Application time: 0.0011907 seconds
Total time for which application threads were stopped: 0.0003067 seconds
Application time: 0.0000455 seconds
Total time for which application threads were stopped: 0.0001964 seconds
Application time: 0.0003886 seconds
Total time for which application threads were stopped: 0.0001880 seconds
Application time: 0.0000268 seconds
Total time for which application threads were stopped: 0.0001542 seconds
Application time: 0.0000360 seconds
Total time for which application threads were stopped: 0.0001324 seconds
Application time: 0.0023268 seconds
Total time for which application threads were stopped: 0.0003235 seconds
Application time: 0.0000550 seconds
Total time for which application threads were stopped: 0.0001433 seconds
Application time: 0.0008266 seconds
Total time for which application threads were stopped: 0.0002545 seconds
Application time: 0.0058630 seconds
Total time for which application threads were stopped: 0.0003741 seconds
Application time: 0.0064327 seconds
Total time for which application threads were stopped: 0.0002914 seconds
Application time: 0.0022662 seconds
Total time for which application threads were stopped: 0.0002187 seconds
Application time: 0.0003012 seconds
Total time for which application threads were stopped: 0.0001766 seconds
Application time: 0.0000335 seconds
Total time for which application threads were stopped: 0.0001288 seconds
Application time: 0.0000316 seconds
Total time for which application threads were stopped: 0.0001274 seconds
Application time: 0.0000341 seconds
Total time for which application threads were stopped: 0.0001198 seconds
Application time: 0.0000282 seconds
Total time for which application threads were stopped: 0.0009848 seconds
Application time: 0.0159484 seconds
Total time for which application threads were stopped: 0.0004741 seconds
Application time: 0.0097786 seconds
Total time for which application threads were stopped: 0.0004724 seconds
Application time: 0.0004565 seconds
Total time for which application threads were stopped: 0.0002436 seconds
Application time: 0.0003727 seconds
Total time for which application threads were stopped: 0.0001861 seconds
Application time: 0.0001355 seconds
Total time for which application threads were stopped: 0.0001347 seconds
Application time: 0.0008842 seconds
Total time for which application threads were stopped: 0.0002006 seconds
Application time: 0.0001335 seconds
Total time for which application threads were stopped: 0.0001539 seconds
Application time: 0.0003593 seconds
Total time for which application threads were stopped: 0.0001743 seconds
Application time: 0.0003467 seconds
Total time for which application threads were stopped: 0.0001615 seconds
Application time: 0.0003514 seconds
Total time for which application threads were stopped: 0.0001645 seconds
Application time: 0.0004858 seconds
Total time for which application threads were stopped: 0.0001735 seconds
Application time: 0.0001916 seconds
Total time for which application threads were stopped: 0.0001425 seconds
Application time: 0.0003816 seconds
Total time for which application threads were stopped: 0.0001514 seconds
Application time: 0.0002341 seconds
Total time for which application threads were stopped: 0.0009982 seconds
Application time: 1.0042863 seconds
Total time for which application threads were stopped: 0.0013259 seconds
Application time: 0.7434342 seconds
Total time for which application threads were stopped: 0.0013505 seconds
Application time: 0.0004467 seconds
Total time for which application threads were stopped: 0.0002601 seconds
Application time: 0.0077314 seconds
Total time for which application threads were stopped: 0.0004154 seconds
Application time: 0.0111207 seconds
Total time for which application threads were stopped: 0.0022223 seconds
Application time: 0.0165624 seconds
Total time for which application threads were stopped: 0.0004922 seconds
Application time: 0.1692819 seconds
Total time for which application threads were stopped: 0.0005336 seconds
Application time: 0.0000279 seconds
Total time for which application threads were stopped: 0.0001629 seconds
Application time: 0.0000360 seconds
Total time for which application threads were stopped: 0.0001439 seconds
Application time: 0.0000179 seconds
Total time for which application threads were stopped: 0.0001380 seconds
Application time: 0.1217834 seconds
Total time for which application threads were stopped: 0.0004841 seconds
Application time: 0.0000321 seconds
Total time for which application threads were stopped: 0.0001626 seconds
Application time: 0.0449504 seconds
Total time for which application threads were stopped: 0.0004660 seconds
Application time: 0.0000330 seconds
Total time for which application threads were stopped: 0.0010395 seconds
Application time: 0.0182026 seconds
Total time for which application threads were stopped: 0.0005221 seconds
Application time: 0.0473309 seconds
Total time for which application threads were stopped: 0.0093473 seconds
Application time: 0.9998684 seconds
Total time for which application threads were stopped: 0.0009633 seconds
Application time: 0.1011559 seconds
Total time for which application threads were stopped: 0.0008205 seconds
Application time: 0.5830386 seconds
Total time for which application threads were stopped: 0.0014038 seconds
Application time: 0.0208085 seconds
Total time for which application threads were stopped: 0.0004911 seconds
Application time: 0.0557688 seconds
Total time for which application threads were stopped: 0.0005350 seconds
Application time: 0.1072511 seconds
Total time for which application threads were stopped: 0.0007269 seconds
Application time: 0.0000338 seconds
Total time for which application threads were stopped: 0.0001531 seconds
Application time: 0.0394578 seconds
Total time for which application threads were stopped: 0.0005747 seconds
Application time: 0.0442160 seconds
Total time for which application threads were stopped: 0.0004953 seconds
Application time: 0.0539096 seconds
Total time for which application threads were stopped: 0.0004794 seconds
Application time: 0.0289115 seconds
{Heap before GC invocations=114 (full 10):
 PSYoungGen      total 146560K, used 126472K [0x2d5a0000, 0x37e60000, 0x38040000)
  eden space 122304K, 100% used [0x2d5a0000,0x34d10000,0x34d10000)
  from space 24256K, 17% used [0x34d10000,0x351223e8,0x364c0000)
  to   space 23488K, 0% used [0x36770000,0x36770000,0x37e60000)
 PSOldGen        total 257216K, used 228141K [0x18040000, 0x27b70000, 0x2d5a0000)
  object space 257216K, 88% used [0x18040000,0x25f0b4c0,0x27b70000)
 PSPermGen       total 79616K, used 60979K [0x10040000, 0x14e00000, 0x18040000)
  object space 79616K, 76% used [0x10040000,0x13bccf78,0x14e00000)
373.605: [GC [PSYoungGen: 126472K->9977K(149568K)] 354614K->238118K(406784K), 0.0377763 secs] [Times: user=0.06 sys=0.00, real=0.03 secs] 
Heap after GC invocations=114 (full 10):
 PSYoungGen      total 149568K, used 9977K [0x2d5a0000, 0x37dc0000, 0x38040000)
  eden space 126720K, 0% used [0x2d5a0000,0x2d5a0000,0x35160000)
  from space 22848K, 43% used [0x36770000,0x3712e438,0x37dc0000)
  to   space 22592K, 0% used [0x35160000,0x35160000,0x36770000)
 PSOldGen        total 257216K, used 228141K [0x18040000, 0x27b70000, 0x2d5a0000)
  object space 257216K, 88% used [0x18040000,0x25f0b4c0,0x27b70000)
 PSPermGen       total 79616K, used 60979K [0x10040000, 0x14e00000, 0x18040000)
  object space 79616K, 76% used [0x10040000,0x13bccf78,0x14e00000)
}
Total time for which application threads were stopped: 0.0385714 seconds
Application time: 0.0768042 seconds
Total time for which application threads were stopped: 0.0004696 seconds
Application time: 0.0063924 seconds
Total time for which application threads were stopped: 0.0003771 seconds
Application time: 0.0746458 seconds
Total time for which application threads were stopped: 0.0009403 seconds
Application time: 0.0018726 seconds
Total time for which application threads were stopped: 0.0003067 seconds
Application time: 0.0948975 seconds
Total time for which application threads were stopped: 0.0004827 seconds
Application time: 0.0310830 seconds
Total time for which application threads were stopped: 0.0004900 seconds
Application time: 0.3798326 seconds
Total time for which application threads were stopped: 0.0009364 seconds
Application time: 0.1066884 seconds
Total time for which application threads were stopped: 0.0020377 seconds
Application time: 0.0663928 seconds
Total time for which application threads were stopped: 0.0009560 seconds
Application time: 0.1418591 seconds
Total time for which application threads were stopped: 0.0004886 seconds
Application time: 0.0332104 seconds
Total time for which application threads were stopped: 0.0004679 seconds
Application time: 0.0758334 seconds
Total time for which application threads were stopped: 0.0008401 seconds
Application time: 0.0686719 seconds
Total time for which application threads were stopped: 0.0005177 seconds
Application time: 0.0570757 seconds
Total time for which application threads were stopped: 0.0006004 seconds
Application time: 0.0257823 seconds
Total time for which application threads were stopped: 0.0013594 seconds
Application time: 0.0502944 seconds
Total time for which application threads were stopped: 0.0015639 seconds
Application time: 0.1079249 seconds
Total time for which application threads were stopped: 0.0005171 seconds
Application time: 0.0622353 seconds
Total time for which application threads were stopped: 0.0016709 seconds
Application time: 0.0728964 seconds
Total time for which application threads were stopped: 0.0015698 seconds
Application time: 0.4924148 seconds
Total time for which application threads were stopped: 0.0010792 seconds
Application time: 0.3595546 seconds
Total time for which application threads were stopped: 0.0013577 seconds
Application time: 0.6084265 seconds
{Heap before GC invocations=115 (full 10):
 PSYoungGen      total 149568K, used 136697K [0x2d5a0000, 0x37dc0000, 0x38040000)
  eden space 126720K, 100% used [0x2d5a0000,0x35160000,0x35160000)
  from space 22848K, 43% used [0x36770000,0x3712e438,0x37dc0000)
  to   space 22592K, 0% used [0x35160000,0x35160000,0x36770000)
 PSOldGen        total 257216K, used 228141K [0x18040000, 0x27b70000, 0x2d5a0000)
  object space 257216K, 88% used [0x18040000,0x25f0b4c0,0x27b70000)
 PSPermGen       total 79616K, used 60999K [0x10040000, 0x14e00000, 0x18040000)
  object space 79616K, 76% used [0x10040000,0x13bd1de8,0x14e00000)
376.658: [GC [PSYoungGen: 136697K->22584K(149312K)] 364838K->254528K(406528K), 0.0887610 secs] [Times: user=0.17 sys=0.00, real=0.09 secs] 
Heap after GC invocations=115 (full 10):
 PSYoungGen      total 149312K, used 22584K [0x2d5a0000, 0x38040000, 0x38040000)
  eden space 126720K, 0% used [0x2d5a0000,0x2d5a0000,0x35160000)
  from space 22592K, 99% used [0x35160000,0x3676e080,0x36770000)
  to   space 25408K, 0% used [0x36770000,0x36770000,0x38040000)
 PSOldGen        total 257216K, used 231944K [0x18040000, 0x27b70000, 0x2d5a0000)
  object space 257216K, 90% used [0x18040000,0x262c2310,0x27b70000)
 PSPermGen       total 79616K, used 60999K [0x10040000, 0x14e00000, 0x18040000)
  object space 79616K, 76% used [0x10040000,0x13bd1de8,0x14e00000)
}
Total time for which application threads were stopped: 0.0903403 seconds
Application time: 0.0193832 seconds
Total time for which application threads were stopped: 0.0005612 seconds
Application time: 0.0004473 seconds
Total time for which application threads were stopped: 0.0002551 seconds
Application time: 0.0051034 seconds
Total time for which application threads were stopped: 0.0003998 seconds
Application time: 0.0038066 seconds
Total time for which application threads were stopped: 0.0010761 seconds
Application time: 0.0006383 seconds
Total time for which application threads were stopped: 0.0002403 seconds
Application time: 0.0050322 seconds
Total time for which application threads were stopped: 0.0005110 seconds
Application time: 0.0010853 seconds
Total time for which application threads were stopped: 0.0002612 seconds
Application time: 0.0059516 seconds
Total time for which application threads were stopped: 0.0043816 seconds
Application time: 0.0004967 seconds
Total time for which application threads were stopped: 0.0002444 seconds
Application time: 0.0014401 seconds
Total time for which application threads were stopped: 0.0003417 seconds
Application time: 0.0004076 seconds
Total time for which application threads were stopped: 0.0002861 seconds
Application time: 0.0070297 seconds
Total time for which application threads were stopped: 0.0005699 seconds
Application time: 0.0008498 seconds
Total time for which application threads were stopped: 0.0003213 seconds
Application time: 0.0181858 seconds
Total time for which application threads were stopped: 0.0078328 seconds
Application time: 0.0052043 seconds
Total time for which application threads were stopped: 0.0003872 seconds
Application time: 0.0088374 seconds
Total time for which application threads were stopped: 0.0101264 seconds
Application time: 0.0490965 seconds
Total time for which application threads were stopped: 0.0016617 seconds
Application time: 0.0004626 seconds
Total time for which application threads were stopped: 0.0002254 seconds
Application time: 0.0065452 seconds
Total time for which application threads were stopped: 0.0004207 seconds
Application time: 0.0017539 seconds
Total time for which application threads were stopped: 0.0002836 seconds
Application time: 0.0004749 seconds
Total time for which application threads were stopped: 0.0001774 seconds
Application time: 0.0004632 seconds
Total time for which application threads were stopped: 0.0001914 seconds
Application time: 0.0043176 seconds
Total time for which application threads were stopped: 0.0003632 seconds
Application time: 0.0009996 seconds
Total time for which application threads were stopped: 0.0002159 seconds
Application time: 0.0007065 seconds
Total time for which application threads were stopped: 0.0002201 seconds
Application time: 0.0262089 seconds
Total time for which application threads were stopped: 0.0004361 seconds
Application time: 0.0026327 seconds
Total time for which application threads were stopped: 0.0008549 seconds
Application time: 0.0003210 seconds
Total time for which application threads were stopped: 0.0001961 seconds
Application time: 0.0052009 seconds
Total time for which application threads were stopped: 0.0012747 seconds
Application time: 0.6279653 seconds
Total time for which application threads were stopped: 0.0118574 seconds
Application time: 0.0007493 seconds
Total time for which application threads were stopped: 0.0004635 seconds
Application time: 0.0038047 seconds
Total time for which application threads were stopped: 0.0003718 seconds
Application time: 0.0029389 seconds
Total time for which application threads were stopped: 0.0082899 seconds
Application time: 0.0069626 seconds
Total time for which application threads were stopped: 0.0003911 seconds
Application time: 0.0048366 seconds
Total time for which application threads were stopped: 0.0003771 seconds
Application time: 0.0003732 seconds
Total time for which application threads were stopped: 0.0002721 seconds
Application time: 0.0400657 seconds
Total time for which application threads were stopped: 0.0006467 seconds
Application time: 0.0017899 seconds
Total time for which application threads were stopped: 0.0003028 seconds
Application time: 0.0016597 seconds
Total time for which application threads were stopped: 0.0002755 seconds
Application time: 0.0043793 seconds
Total time for which application threads were stopped: 0.0003931 seconds
Application time: 0.0367918 seconds
Total time for which application threads were stopped: 0.0052152 seconds
Application time: 0.2542692 seconds
Total time for which application threads were stopped: 0.0021469 seconds
Application time: 0.2425392 seconds
Total time for which application threads were stopped: 0.0035331 seconds
Application time: 0.0072738 seconds
Total time for which application threads were stopped: 0.0014220 seconds
Application time: 0.0127083 seconds
Total time for which application threads were stopped: 0.0006685 seconds
Application time: 0.0017675 seconds
Total time for which application threads were stopped: 0.0002889 seconds
Application time: 0.0000204 seconds
Total time for which application threads were stopped: 0.0001436 seconds
Application time: 0.0006308 seconds
Total time for which application threads were stopped: 0.0002671 seconds
Application time: 0.0021413 seconds
Total time for which application threads were stopped: 0.0004487 seconds
Application time: 0.0021919 seconds
Total time for which application threads were stopped: 0.0003548 seconds
Application time: 0.0003107 seconds
Total time for which application threads were stopped: 0.0001659 seconds
Application time: 0.0001651 seconds
Total time for which application threads were stopped: 0.0010325 seconds
Application time: 0.0003903 seconds
Total time for which application threads were stopped: 0.0003012 seconds
Application time: 0.0145910 seconds
Total time for which application threads were stopped: 0.0011569 seconds
Application time: 0.0437321 seconds
Total time for which application threads were stopped: 0.0010518 seconds
Application time: 0.0154743 seconds
Total time for which application threads were stopped: 0.0006146 seconds
Application time: 0.0172793 seconds
Total time for which application threads were stopped: 0.0016943 seconds
Application time: 0.0026783 seconds
Total time for which application threads were stopped: 0.0013971 seconds
Application time: 0.0063413 seconds
Total time for which application threads were stopped: 0.0004417 seconds
Application time: 0.0212320 seconds
Total time for which application threads were stopped: 0.0006423 seconds
Application time: 0.0176693 seconds
Total time for which application threads were stopped: 0.0054331 seconds
Application time: 0.0116185 seconds
Total time for which application threads were stopped: 0.0004735 seconds
Application time: 0.0217586 seconds
Total time for which application threads were stopped: 0.0005336 seconds
Application time: 0.0172170 seconds
Total time for which application threads were stopped: 0.0004565 seconds
Application time: 0.0209647 seconds
Total time for which application threads were stopped: 0.0006668 seconds
Application time: 0.0224665 seconds
Total time for which application threads were stopped: 0.0007230 seconds
Application time: 0.0029688 seconds
Total time for which application threads were stopped: 0.0005076 seconds
Application time: 0.0194382 seconds
Total time for which application threads were stopped: 0.0006534 seconds
Application time: 0.0284413 seconds
Total time for which application threads were stopped: 0.0007236 seconds
Application time: 0.0042547 seconds
Total time for which application threads were stopped: 0.0005001 seconds
Application time: 0.0050414 seconds
Total time for which application threads were stopped: 0.0004311 seconds
Application time: 0.0004439 seconds
Total time for which application threads were stopped: 0.0003045 seconds
Application time: 0.0009543 seconds
Total time for which application threads were stopped: 0.0002908 seconds
Application time: 0.0009124 seconds
Total time for which application threads were stopped: 0.0002917 seconds
Application time: 0.0061444 seconds
Total time for which application threads were stopped: 0.0005364 seconds
Application time: 0.0020103 seconds
Total time for which application threads were stopped: 0.0004428 seconds
Application time: 0.0013851 seconds
Total time for which application threads were stopped: 0.0003327 seconds
Application time: 0.0011292 seconds
Total time for which application threads were stopped: 0.0003059 seconds
Application time: 0.0008406 seconds
Total time for which application threads were stopped: 0.0003886 seconds
Application time: 0.0002777 seconds
Total time for which application threads were stopped: 0.0002634 seconds
Application time: 0.0016564 seconds
Total time for which application threads were stopped: 0.0003730 seconds
Application time: 0.0291780 seconds
Total time for which application threads were stopped: 0.0006959 seconds
Application time: 0.0000363 seconds
Total time for which application threads were stopped: 0.0001956 seconds
Application time: 0.0709383 seconds
Total time for which application threads were stopped: 0.0010926 seconds
Application time: 0.0000511 seconds
Total time for which application threads were stopped: 0.0002822 seconds
Application time: 0.0000478 seconds
Total time for which application threads were stopped: 0.0006473 seconds
Application time: 0.0000740 seconds
Total time for which application threads were stopped: 0.0002682 seconds
Application time: 0.0000562 seconds
Total time for which application threads were stopped: 0.0002168 seconds
Application time: 0.0000645 seconds
Total time for which application threads were stopped: 0.0005545 seconds
Application time: 0.0000299 seconds
Total time for which application threads were stopped: 0.0017206 seconds
Application time: 0.0648990 seconds
Total time for which application threads were stopped: 0.0010180 seconds
Application time: 0.0005191 seconds
Total time for which application threads were stopped: 0.0003419 seconds
Application time: 0.0012245 seconds
Total time for which application threads were stopped: 0.0003003 seconds
Application time: 0.0005207 seconds
Total time for which application threads were stopped: 0.0014114 seconds
Application time: 0.0246056 seconds
Total time for which application threads were stopped: 0.0030007 seconds
Application time: 0.0460707 seconds
Total time for which application threads were stopped: 0.0007493 seconds
Application time: 0.0017748 seconds
Total time for which application threads were stopped: 0.0013088 seconds
Application time: 0.1005184 seconds
Total time for which application threads were stopped: 0.0005973 seconds
Application time: 0.0007459 seconds
Total time for which application threads were stopped: 0.0003375 seconds
Application time: 0.0054459 seconds
Total time for which application threads were stopped: 0.0004453 seconds
Application time: 0.0001810 seconds
Total time for which application threads were stopped: 0.0001967 seconds
Application time: 0.0015667 seconds
Total time for which application threads were stopped: 0.0003450 seconds
Application time: 0.2675611 seconds
Total time for which application threads were stopped: 0.0026696 seconds
Application time: 0.0037080 seconds
Total time for which application threads were stopped: 0.0004246 seconds
Application time: 0.0065737 seconds
Total time for which application threads were stopped: 0.0006093 seconds
Application time: 0.0141585 seconds
Total time for which application threads were stopped: 0.0012166 seconds
Application time: 0.0071392 seconds
Total time for which application threads were stopped: 0.0005048 seconds
Application time: 0.0060555 seconds
Total time for which application threads were stopped: 0.0010057 seconds
Application time: 0.0249535 seconds
Total time for which application threads were stopped: 0.0006124 seconds
Application time: 0.0016966 seconds
Total time for which application threads were stopped: 0.0003182 seconds
Application time: 0.0021969 seconds
Total time for which application threads were stopped: 0.0007900 seconds
Application time: 0.0048082 seconds
Total time for which application threads were stopped: 0.0021472 seconds
Application time: 0.2014935 seconds
Total time for which application threads were stopped: 0.0089447 seconds
Application time: 0.0031292 seconds
Total time for which application threads were stopped: 0.0005163 seconds
Application time: 0.0024333 seconds
Total time for which application threads were stopped: 0.0003950 seconds
Application time: 0.0058295 seconds
Total time for which application threads were stopped: 0.0013731 seconds
Application time: 0.0047157 seconds
Total time for which application threads were stopped: 0.0004408 seconds
Application time: 0.0003473 seconds
Total time for which application threads were stopped: 0.0002355 seconds
Application time: 0.0056868 seconds
{Heap before GC invocations=116 (full 10):
 PSYoungGen      total 149312K, used 149304K [0x2d5a0000, 0x38040000, 0x38040000)
  eden space 126720K, 100% used [0x2d5a0000,0x35160000,0x35160000)
  from space 22592K, 99% used [0x35160000,0x3676e080,0x36770000)
  to   space 25408K, 0% used [0x36770000,0x36770000,0x38040000)
 PSOldGen        total 257216K, used 231944K [0x18040000, 0x27b70000, 0x2d5a0000)
  object space 257216K, 90% used [0x18040000,0x262c2310,0x27b70000)
 PSPermGen       total 79616K, used 61219K [0x10040000, 0x14e00000, 0x18040000)
  object space 79616K, 76% used [0x10040000,0x13c08df0,0x14e00000)
379.545: [GC [PSYoungGen: 149304K->22933K(138560K)] 381248K->263543K(395776K), 0.1008639 secs] [Times: user=0.20 sys=0.00, real=0.11 secs] 
Heap after GC invocations=116 (full 10):
 PSYoungGen      total 138560K, used 22933K [0x2d5a0000, 0x38040000, 0x38040000)
  eden space 113152K, 0% used [0x2d5a0000,0x2d5a0000,0x34420000)
  from space 25408K, 90% used [0x36770000,0x37dd5530,0x38040000)
  to   space 30784K, 0% used [0x34420000,0x34420000,0x36230000)
 PSOldGen        total 257216K, used 240610K [0x18040000, 0x27b70000, 0x2d5a0000)
  object space 257216K, 93% used [0x18040000,0x26b38978,0x27b70000)
 PSPermGen       total 79616K, used 61219K [0x10040000, 0x14e00000, 0x18040000)
  object space 79616K, 76% used [0x10040000,0x13c08df0,0x14e00000)
}
Total time for which application threads were stopped: 0.1023454 seconds
Application time: 0.0019014 seconds
Total time for which application threads were stopped: 0.0013471 seconds
Application time: 0.1333971 seconds
Total time for which application threads were stopped: 0.0021483 seconds
Application time: 0.0019759 seconds
Total time for which application threads were stopped: 0.0006135 seconds
Application time: 0.0069481 seconds
Total time for which application threads were stopped: 0.0007920 seconds
Application time: 0.0450270 seconds
Total time for which application threads were stopped: 0.0006856 seconds
Application time: 0.0002017 seconds
Total time for which application threads were stopped: 0.0003917 seconds
Application time: 0.0056594 seconds
Total time for which application threads were stopped: 0.0079200 seconds
Application time: 0.0014996 seconds
Total time for which application threads were stopped: 0.0007825 seconds
Application time: 0.0162026 seconds
Total time for which application threads were stopped: 0.0006252 seconds
Application time: 0.1536477 seconds
Total time for which application threads were stopped: 0.0018681 seconds
Application time: 0.0499739 seconds
Total time for which application threads were stopped: 0.0006641 seconds
Application time: 0.0000344 seconds
Total time for which application threads were stopped: 0.0017460 seconds
Application time: 0.0000436 seconds
Total time for which application threads were stopped: 0.0007582 seconds
Application time: 0.0000391 seconds
Total time for which application threads were stopped: 0.0001961 seconds
Application time: 0.0000447 seconds
Total time for which application threads were stopped: 0.0001439 seconds
Application time: 0.0000179 seconds
Total time for which application threads were stopped: 0.0001293 seconds
Application time: 0.0000193 seconds
Total time for which application threads were stopped: 0.0001464 seconds
Application time: 0.0409127 seconds
Total time for which application threads were stopped: 0.0005774 seconds
Application time: 0.0002070 seconds
Total time for which application threads were stopped: 0.0003498 seconds
Application time: 0.0005934 seconds
Total time for which application threads were stopped: 0.0002707 seconds
Application time: 0.0000201 seconds
Total time for which application threads were stopped: 0.0001916 seconds
Application time: 0.0000274 seconds
Total time for which application threads were stopped: 0.0001713 seconds
Application time: 0.0000235 seconds
Total time for which application threads were stopped: 0.0001665 seconds
Application time: 0.0970559 seconds
Total time for which application threads were stopped: 0.0050126 seconds
Application time: 0.0117568 seconds
Total time for which application threads were stopped: 0.0005559 seconds
Application time: 0.1692106 seconds
Total time for which application threads were stopped: 0.0013767 seconds
Application time: 0.0208540 seconds
Total time for which application threads were stopped: 0.0005610 seconds
Application time: 0.0000453 seconds
Total time for which application threads were stopped: 0.0002000 seconds
Application time: 0.0000288 seconds
Total time for which application threads were stopped: 0.0001576 seconds
Application time: 0.0000271 seconds
Total time for which application threads were stopped: 0.0001489 seconds
Application time: 0.0000344 seconds
Total time for which application threads were stopped: 0.0001363 seconds
Application time: 0.0662986 seconds
Total time for which application threads were stopped: 0.0005054 seconds
Application time: 0.0775618 seconds
Total time for which application threads were stopped: 0.0087045 seconds
Application time: 0.0004121 seconds
Total time for which application threads were stopped: 0.0002537 seconds
Application time: 0.0033999 seconds
Total time for which application threads were stopped: 0.0003931 seconds
Application time: 0.0000307 seconds
Total time for which application threads were stopped: 0.0001606 seconds
Application time: 0.0001883 seconds
Total time for which application threads were stopped: 0.0001983 seconds
Application time: 0.2982787 seconds
Total time for which application threads were stopped: 0.0012895 seconds
Application time: 0.0028199 seconds
Total time for which application threads were stopped: 0.0003808 seconds
Application time: 0.0107352 seconds
Total time for which application threads were stopped: 0.0010418 seconds
Application time: 0.0003802 seconds
Total time for which application threads were stopped: 0.0003352 seconds
Application time: 0.0197402 seconds
Total time for which application threads were stopped: 0.0014368 seconds
Application time: 0.0017826 seconds
Total time for which application threads were stopped: 0.0018547 seconds
Application time: 0.0107391 seconds
Total time for which application threads were stopped: 0.0012859 seconds
Application time: 0.2427479 seconds
Total time for which application threads were stopped: 0.0009655 seconds
Application time: 0.1262286 seconds
Total time for which application threads were stopped: 0.0025950 seconds
Application time: 0.4813978 seconds
Total time for which application threads were stopped: 0.0013493 seconds
Application time: 0.0000397 seconds
Total time for which application threads were stopped: 0.0002335 seconds
Application time: 0.0023889 seconds
Total time for which application threads were stopped: 0.0003260 seconds
Application time: 0.0000517 seconds
Total time for which application threads were stopped: 0.0001581 seconds
Application time: 0.0007032 seconds
Total time for which application threads were stopped: 0.0001880 seconds
Application time: 0.0001193 seconds
Total time for which application threads were stopped: 0.0001344 seconds
Application time: 0.0298119 seconds
Total time for which application threads were stopped: 0.0004956 seconds
Application time: 0.0352207 seconds
Total time for which application threads were stopped: 0.0020930 seconds
Application time: 0.0004353 seconds
Total time for which application threads were stopped: 0.0002006 seconds
Application time: 0.0148952 seconds
Total time for which application threads were stopped: 0.0005193 seconds
Application time: 0.0183400 seconds
Total time for which application threads were stopped: 0.0005652 seconds
Application time: 0.0243782 seconds
Total time for which application threads were stopped: 0.0005833 seconds
Application time: 0.0000237 seconds
Total time for which application threads were stopped: 0.0001900 seconds
Application time: 0.0000282 seconds
Total time for which application threads were stopped: 0.0074454 seconds
Application time: 0.0013354 seconds
Total time for which application threads were stopped: 0.0003034 seconds
Application time: 0.0004755 seconds
Total time for which application threads were stopped: 0.0001916 seconds
Application time: 0.0000182 seconds
Total time for which application threads were stopped: 0.0001509 seconds
Application time: 0.1332063 seconds
Total time for which application threads were stopped: 0.0008892 seconds
Application time: 0.0000411 seconds
Total time for which application threads were stopped: 0.0002081 seconds
Application time: 0.0005766 seconds
Total time for which application threads were stopped: 0.0018011 seconds
Application time: 0.0000344 seconds
Total time for which application threads were stopped: 0.0001662 seconds
Application time: 0.0000335 seconds
Total time for which application threads were stopped: 0.0010946 seconds
Application time: 0.0288380 seconds
Total time for which application threads were stopped: 0.0014946 seconds
Application time: 0.0962363 seconds
Total time for which application threads were stopped: 0.0004998 seconds
Application time: 0.0344575 seconds
Total time for which application threads were stopped: 0.0093124 seconds
Application time: 0.0000190 seconds
Total time for which application threads were stopped: 0.0002053 seconds
Application time: 0.0000346 seconds
Total time for which application threads were stopped: 0.0001601 seconds
Application time: 0.0000129 seconds
Total time for which application threads were stopped: 0.0001414 seconds
Application time: 0.0000341 seconds
Total time for which application threads were stopped: 0.0001386 seconds
Application time: 0.0000117 seconds
Total time for which application threads were stopped: 0.0001254 seconds
Application time: 0.0761801 seconds
Total time for which application threads were stopped: 0.0010202 seconds
Application time: 0.0910244 seconds
Total time for which application threads were stopped: 0.0004696 seconds
Application time: 0.0000316 seconds
Total time for which application threads were stopped: 0.0001307 seconds
Application time: 0.0000237 seconds
Total time for which application threads were stopped: 0.0001078 seconds
Application time: 0.0000377 seconds
Total time for which application threads were stopped: 0.0001067 seconds
Application time: 0.0001447 seconds
Total time for which application threads were stopped: 0.0001246 seconds
Application time: 0.0001137 seconds
Total time for which application threads were stopped: 0.0001196 seconds
Application time: 0.0122549 seconds
Total time for which application threads were stopped: 0.0005316 seconds
Application time: 0.0224526 seconds
Total time for which application threads were stopped: 0.0005615 seconds
Application time: 0.0000341 seconds
Total time for which application threads were stopped: 0.0001807 seconds
Application time: 0.0000330 seconds
Total time for which application threads were stopped: 0.0001450 seconds
Application time: 0.0265352 seconds
Total time for which application threads were stopped: 0.0004911 seconds
Application time: 0.0000279 seconds
Total time for which application threads were stopped: 0.0001442 seconds
Application time: 0.0676726 seconds
Total time for which application threads were stopped: 0.0005967 seconds
Application time: 0.0000313 seconds
Total time for which application threads were stopped: 0.0001807 seconds
Application time: 0.0733540 seconds
Total time for which application threads were stopped: 0.0014994 seconds
Application time: 0.0000391 seconds
Total time for which application threads were stopped: 0.0002349 seconds
Application time: 0.0000279 seconds
Total time for which application threads were stopped: 0.0001411 seconds
Application time: 0.0000536 seconds
Total time for which application threads were stopped: 0.0001355 seconds
Application time: 0.0002715 seconds
Total time for which application threads were stopped: 0.0001827 seconds
Application time: 0.0117219 seconds
Total time for which application threads were stopped: 0.0004350 seconds
Application time: 0.0409094 seconds
Total time for which application threads were stopped: 0.0005140 seconds
Application time: 0.0000302 seconds
Total time for which application threads were stopped: 0.0001648 seconds
Application time: 0.0000223 seconds
Total time for which application threads were stopped: 0.0001374 seconds
Application time: 0.0862355 seconds
Total time for which application threads were stopped: 0.0005241 seconds
Application time: 0.0511079 seconds
Total time for which application threads were stopped: 0.0005540 seconds
Application time: 0.1312843 seconds
Total time for which application threads were stopped: 0.0011007 seconds
Application time: 0.0035862 seconds
{Heap before GC invocations=117 (full 10):
 PSYoungGen      total 138560K, used 136085K [0x2d5a0000, 0x38040000, 0x38040000)
  eden space 113152K, 100% used [0x2d5a0000,0x34420000,0x34420000)
  from space 25408K, 90% used [0x36770000,0x37dd5530,0x38040000)
  to   space 30784K, 0% used [0x34420000,0x34420000,0x36230000)
 PSOldGen        total 257216K, used 240610K [0x18040000, 0x27b70000, 0x2d5a0000)
  object space 257216K, 93% used [0x18040000,0x26b38978,0x27b70000)
 PSPermGen       total 79616K, used 61264K [0x10040000, 0x14e00000, 0x18040000)
  object space 79616K, 76% used [0x10040000,0x13c143e8,0x14e00000)
382.960: [GC [PSYoungGen: 136085K->16066K(143936K)] 376695K->270153K(401152K), 0.1060476 secs] [Times: user=0.20 sys=0.00, real=0.11 secs] 
Heap after GC invocations=117 (full 10):
 PSYoungGen      total 143936K, used 16066K [0x2d5a0000, 0x38040000, 0x38040000)
  eden space 113152K, 0% used [0x2d5a0000,0x2d5a0000,0x34420000)
  from space 30784K, 52% used [0x34420000,0x353d0940,0x36230000)
  to   space 30592K, 0% used [0x36260000,0x36260000,0x38040000)
 PSOldGen        total 257216K, used 254086K [0x18040000, 0x27b70000, 0x2d5a0000)
  object space 257216K, 98% used [0x18040000,0x27861ad8,0x27b70000)
 PSPermGen       total 79616K, used 61264K [0x10040000, 0x14e00000, 0x18040000)
  object space 79616K, 76% used [0x10040000,0x13c143e8,0x14e00000)
}
{Heap before GC invocations=118 (full 11):
 PSYoungGen      total 143936K, used 16066K [0x2d5a0000, 0x38040000, 0x38040000)
  eden space 113152K, 0% used [0x2d5a0000,0x2d5a0000,0x34420000)
  from space 30784K, 52% used [0x34420000,0x353d0940,0x36230000)
  to   space 30592K, 0% used [0x36260000,0x36260000,0x38040000)
 PSOldGen        total 257216K, used 254086K [0x18040000, 0x27b70000, 0x2d5a0000)
  object space 257216K, 98% used [0x18040000,0x27861ad8,0x27b70000)
 PSPermGen       total 79616K, used 61264K [0x10040000, 0x14e00000, 0x18040000)
  object space 79616K, 76% used [0x10040000,0x13c143e8,0x14e00000)
383.066: [Full GC [PSYoungGen: 16066K->0K(143936K)] [PSOldGen: 254086K->251461K(312000K)] 270153K->251461K(455936K) [PSPermGen: 61264K->61264K(78336K)], 1.3142047 secs] [Times: user=1.31 sys=0.00, real=1.31 secs] 
Heap after GC invocations=118 (full 11):
 PSYoungGen      total 143936K, used 0K [0x2d5a0000, 0x38040000, 0x38040000)
  eden space 113152K, 0% used [0x2d5a0000,0x2d5a0000,0x34420000)
  from space 30784K, 0% used [0x34420000,0x34420000,0x36230000)
  to   space 30592K, 0% used [0x36260000,0x36260000,0x38040000)
 PSOldGen        total 312000K, used 251461K [0x18040000, 0x2b0f0000, 0x2d5a0000)
  object space 312000K, 80% used [0x18040000,0x275d1678,0x2b0f0000)
 PSPermGen       total 78336K, used 61264K [0x10040000, 0x14cc0000, 0x18040000)
  object space 78336K, 78% used [0x10040000,0x13c143e8,0x14cc0000)
}
Total time for which application threads were stopped: 1.4214304 seconds
Application time: 1.0018206 seconds
Total time for which application threads were stopped: 0.0033798 seconds
Application time: 0.6566958 seconds
Total time for which application threads were stopped: 0.0012231 seconds
Application time: 0.0022905 seconds
Total time for which application threads were stopped: 0.0003411 seconds
Application time: 0.1360120 seconds
Total time for which application threads were stopped: 0.0006733 seconds
Application time: 0.0978434 seconds
Total time for which application threads were stopped: 0.0005400 seconds
Application time: 0.0028557 seconds
Total time for which application threads were stopped: 0.0004288 seconds
Application time: 0.1013755 seconds
Total time for which application threads were stopped: 0.0007241 seconds
Application time: 0.0023182 seconds
{Heap before GC invocations=119 (full 11):
 PSYoungGen      total 143936K, used 113152K [0x2d5a0000, 0x38040000, 0x38040000)
  eden space 113152K, 100% used [0x2d5a0000,0x34420000,0x34420000)
  from space 30784K, 0% used [0x34420000,0x34420000,0x36230000)
  to   space 30592K, 0% used [0x36260000,0x36260000,0x38040000)
 PSOldGen        total 312000K, used 251461K [0x18040000, 0x2b0f0000, 0x2d5a0000)
  object space 312000K, 80% used [0x18040000,0x275d1678,0x2b0f0000)
 PSPermGen       total 78336K, used 61282K [0x10040000, 0x14cc0000, 0x18040000)
  object space 78336K, 78% used [0x10040000,0x13c18b38,0x14cc0000)
386.390: [GC [PSYoungGen: 113152K->7440K(141568K)] 364613K->258901K(453568K), 0.0322359 secs] [Times: user=0.06 sys=0.00, real=0.03 secs] 
Heap after GC invocations=119 (full 11):
 PSYoungGen      total 141568K, used 7440K [0x2d5a0000, 0x37df0000, 0x38040000)
  eden space 113344K, 0% used [0x2d5a0000,0x2d5a0000,0x34450000)
  from space 28224K, 26% used [0x36260000,0x369a4030,0x37df0000)
  to   space 29504K, 0% used [0x34450000,0x34450000,0x36120000)
 PSOldGen        total 312000K, used 251461K [0x18040000, 0x2b0f0000, 0x2d5a0000)
  object space 312000K, 80% used [0x18040000,0x275d1678,0x2b0f0000)
 PSPermGen       total 78336K, used 61282K [0x10040000, 0x14cc0000, 0x18040000)
  object space 78336K, 78% used [0x10040000,0x13c18b38,0x14cc0000)
}
Total time for which application threads were stopped: 0.0328754 seconds
Application time: 0.0293057 seconds
Total time for which application threads were stopped: 0.0084731 seconds
Application time: 0.0000447 seconds
Total time for which application threads were stopped: 0.0002190 seconds
Application time: 0.0000461 seconds
Total time for which application threads were stopped: 0.0002743 seconds
Application time: 0.0002774 seconds
Total time for which application threads were stopped: 0.0011141 seconds
Application time: 0.0117227 seconds
Total time for which application threads were stopped: 0.0004635 seconds
Application time: 0.2905897 seconds
Total time for which application threads were stopped: 0.0013172 seconds
Application time: 0.1315628 seconds
Total time for which application threads were stopped: 0.0005791 seconds
Application time: 0.9997955 seconds
Total time for which application threads were stopped: 0.0113581 seconds
Application time: 0.6162535 seconds
{Heap before GC invocations=120 (full 11):
 PSYoungGen      total 141568K, used 120784K [0x2d5a0000, 0x37df0000, 0x38040000)
  eden space 113344K, 100% used [0x2d5a0000,0x34450000,0x34450000)
  from space 28224K, 26% used [0x36260000,0x369a4030,0x37df0000)
  to   space 29504K, 0% used [0x34450000,0x34450000,0x36120000)
 PSOldGen        total 312000K, used 251461K [0x18040000, 0x2b0f0000, 0x2d5a0000)
  object space 312000K, 80% used [0x18040000,0x275d1678,0x2b0f0000)
 PSPermGen       total 78336K, used 61296K [0x10040000, 0x14cc0000, 0x18040000)
  object space 78336K, 78% used [0x10040000,0x13c1c140,0x14cc0000)
388.527: [GC [PSYoungGen: 120784K->18448K(142848K)] 372245K->269909K(454848K), 0.0620045 secs] [Times: user=0.13 sys=0.00, real=0.06 secs] 
Heap after GC invocations=120 (full 11):
 PSYoungGen      total 142848K, used 18448K [0x2d5a0000, 0x38040000, 0x38040000)
  eden space 113344K, 0% used [0x2d5a0000,0x2d5a0000,0x34450000)
  from space 29504K, 62% used [0x34450000,0x35654070,0x36120000)
  to   space 30272K, 0% used [0x362b0000,0x362b0000,0x38040000)
 PSOldGen        total 312000K, used 251461K [0x18040000, 0x2b0f0000, 0x2d5a0000)
  object space 312000K, 80% used [0x18040000,0x275d1678,0x2b0f0000)
 PSPermGen       total 78336K, used 61296K [0x10040000, 0x14cc0000, 0x18040000)
  object space 78336K, 78% used [0x10040000,0x13c1c140,0x14cc0000)
}
Total time for which application threads were stopped: 0.0638550 seconds
Application time: 0.4658849 seconds
Total time for which application threads were stopped: 0.0019924 seconds
Application time: 0.0000771 seconds
Total time for which application threads were stopped: 0.0011454 seconds
Application time: 0.9995396 seconds
Total time for which application threads were stopped: 0.0018969 seconds
Application time: 0.9990747 seconds
Total time for which application threads were stopped: 0.0008906 seconds
Application time: 1.1270147 seconds
Total time for which application threads were stopped: 0.0011501 seconds
Application time: 0.0035675 seconds
Total time for which application threads were stopped: 0.0094758 seconds
Application time: 0.0055722 seconds
Total time for which application threads were stopped: 0.0012692 seconds
Application time: 0.0088846 seconds
Total time for which application threads were stopped: 0.0004570 seconds
Application time: 0.0007384 seconds
Total time for which application threads were stopped: 0.0002749 seconds
Application time: 0.0013295 seconds
Total time for which application threads were stopped: 0.0002280 seconds
Application time: 0.0027462 seconds
Total time for which application threads were stopped: 0.0002869 seconds
Application time: 0.0005836 seconds
Total time for which application threads were stopped: 0.0002011 seconds
Application time: 0.0012180 seconds
Total time for which application threads were stopped: 0.0002503 seconds
Application time: 0.0005881 seconds
Total time for which application threads were stopped: 0.0002263 seconds
Application time: 0.0004246 seconds
Total time for which application threads were stopped: 0.0002020 seconds
Application time: 0.0004590 seconds
Total time for which application threads were stopped: 0.0002034 seconds
Application time: 0.0007842 seconds
Total time for which application threads were stopped: 0.0002227 seconds
Application time: 0.0028188 seconds
Total time for which application threads were stopped: 0.0002668 seconds
Application time: 0.0617534 seconds
{Heap before GC invocations=121 (full 11):
 PSYoungGen      total 142848K, used 131792K [0x2d5a0000, 0x38040000, 0x38040000)
  eden space 113344K, 100% used [0x2d5a0000,0x34450000,0x34450000)
  from space 29504K, 62% used [0x34450000,0x35654070,0x36120000)
  to   space 30272K, 0% used [0x362b0000,0x362b0000,0x38040000)
 PSOldGen        total 312000K, used 251461K [0x18040000, 0x2b0f0000, 0x2d5a0000)
  object space 312000K, 80% used [0x18040000,0x275d1678,0x2b0f0000)
 PSPermGen       total 78336K, used 61304K [0x10040000, 0x14cc0000, 0x18040000)
  object space 78336K, 78% used [0x10040000,0x13c1e168,0x14cc0000)
392.294: [GC [PSYoungGen: 131792K->23144K(139968K)] 383253K->274605K(451968K), 0.0739647 secs] [Times: user=0.16 sys=0.00, real=0.08 secs] 
Heap after GC invocations=121 (full 11):
 PSYoungGen      total 139968K, used 23144K [0x2d5a0000, 0x38040000, 0x38040000)
  eden space 109696K, 0% used [0x2d5a0000,0x2d5a0000,0x340c0000)
  from space 30272K, 76% used [0x362b0000,0x3794a100,0x38040000)
  to   space 32512K, 0% used [0x340c0000,0x340c0000,0x36080000)
 PSOldGen        total 312000K, used 251461K [0x18040000, 0x2b0f0000, 0x2d5a0000)
  object space 312000K, 80% used [0x18040000,0x275d1678,0x2b0f0000)
 PSPermGen       total 78336K, used 61304K [0x10040000, 0x14cc0000, 0x18040000)
  object space 78336K, 78% used [0x10040000,0x13c1e168,0x14cc0000)
}
Total time for which application threads were stopped: 0.0748134 seconds
Application time: 0.0190276 seconds
Total time for which application threads were stopped: 0.0005450 seconds
Application time: 0.1751622 seconds
Total time for which application threads were stopped: 0.0142610 seconds
Application time: 0.1167051 seconds
Total time for which application threads were stopped: 0.0013273 seconds
Application time: 0.1261554 seconds
Total time for which application threads were stopped: 0.0009677 seconds
Application time: 0.0004190 seconds
Total time for which application threads were stopped: 0.0003014 seconds
Application time: 0.0026948 seconds
Total time for which application threads were stopped: 0.0002950 seconds
Application time: 0.0005221 seconds
Total time for which application threads were stopped: 0.0002548 seconds
Application time: 0.0003355 seconds
Total time for which application threads were stopped: 0.0011580 seconds
Application time: 0.2008442 seconds
Total time for which application threads were stopped: 0.0008775 seconds
Application time: 0.2147167 seconds
Total time for which application threads were stopped: 0.0012024 seconds
Application time: 0.2400146 seconds
Total time for which application threads were stopped: 0.0011228 seconds
Application time: 0.0005886 seconds
Total time for which application threads were stopped: 0.0002844 seconds
Application time: 0.0036329 seconds
Total time for which application threads were stopped: 0.0017776 seconds
Application time: 0.0000824 seconds
Total time for which application threads were stopped: 0.0002400 seconds
Application time: 0.0000548 seconds
Total time for which application threads were stopped: 0.0001760 seconds
Application time: 0.0013910 seconds
Total time for which application threads were stopped: 0.0005618 seconds
Application time: 0.0101178 seconds
Total time for which application threads were stopped: 0.0005990 seconds
Application time: 0.0000506 seconds
Total time for which application threads were stopped: 0.0002537 seconds
Application time: 0.0576288 seconds
Total time for which application threads were stopped: 0.0006085 seconds
Application time: 0.0330036 seconds
Total time for which application threads were stopped: 0.0004780 seconds
Application time: 0.0350491 seconds
Total time for which application threads were stopped: 0.0005090 seconds
Application time: 0.0000751 seconds
Total time for which application threads were stopped: 0.0001531 seconds
Application time: 0.0273063 seconds
Total time for which application threads were stopped: 0.0004855 seconds
Application time: 0.0299985 seconds
Total time for which application threads were stopped: 0.0004875 seconds
Application time: 0.0357534 seconds
Total time for which application threads were stopped: 0.0004922 seconds
Application time: 0.0401794 seconds
Total time for which application threads were stopped: 0.0009850 seconds
Application time: 0.0008850 seconds
Total time for which application threads were stopped: 0.0004101 seconds
Application time: 0.0878969 seconds
Total time for which application threads were stopped: 0.0005808 seconds
Application time: 0.0009610 seconds
Total time for which application threads were stopped: 0.0003235 seconds
Application time: 0.0005294 seconds
Total time for which application threads were stopped: 0.0002486 seconds
Application time: 0.0000271 seconds
Total time for which application threads were stopped: 0.0001500 seconds
Application time: 0.0791732 seconds
Total time for which application threads were stopped: 0.0014035 seconds
Application time: 0.0008138 seconds
Total time for which application threads were stopped: 0.0002889 seconds
Application time: 0.0000296 seconds
Total time for which application threads were stopped: 0.0001492 seconds
Application time: 0.0000168 seconds
Total time for which application threads were stopped: 0.0001341 seconds
Application time: 0.0000332 seconds
Total time for which application threads were stopped: 0.0001316 seconds
Application time: 0.0000587 seconds
Total time for which application threads were stopped: 0.0001361 seconds
Application time: 0.0000366 seconds
Total time for which application threads were stopped: 0.0001274 seconds
Application time: 0.0571321 seconds
Total time for which application threads were stopped: 0.0007093 seconds
Application time: 0.0417877 seconds
Total time for which application threads were stopped: 0.0006221 seconds
Application time: 0.0572265 seconds
Total time for which application threads were stopped: 0.0005495 seconds
Application time: 0.0003911 seconds
Total time for which application threads were stopped: 0.0002640 seconds
Application time: 0.0002137 seconds
Total time for which application threads were stopped: 0.0002011 seconds
Application time: 0.0000223 seconds
Total time for which application threads were stopped: 0.0001509 seconds
Application time: 0.0000318 seconds
Total time for which application threads were stopped: 0.0001450 seconds
Application time: 0.0000207 seconds
Total time for which application threads were stopped: 0.0001349 seconds
Application time: 0.0702603 seconds
Total time for which application threads were stopped: 0.0004875 seconds
Application time: 0.0000617 seconds
Total time for which application threads were stopped: 0.0001503 seconds
Application time: 0.0000478 seconds
Total time for which application threads were stopped: 0.0001282 seconds
Application time: 0.0000467 seconds
Total time for which application threads were stopped: 0.0001182 seconds
Application time: 0.0000447 seconds
Total time for which application threads were stopped: 0.0001157 seconds
Application time: 0.0000444 seconds
Total time for which application threads were stopped: 0.0001159 seconds
Application time: 0.0000455 seconds
Total time for which application threads were stopped: 0.0011183 seconds
Application time: 0.0857226 seconds
Total time for which application threads were stopped: 0.0005252 seconds
Application time: 0.0000453 seconds
Total time for which application threads were stopped: 0.0001495 seconds
Application time: 0.0000257 seconds
Total time for which application threads were stopped: 0.0001229 seconds
Application time: 0.0000274 seconds
Total time for which application threads were stopped: 0.0011211 seconds
Application time: 0.0526302 seconds
Total time for which application threads were stopped: 0.0009417 seconds
Application time: 0.0271604 seconds
Total time for which application threads were stopped: 0.0005090 seconds
Application time: 0.1123573 seconds
Total time for which application threads were stopped: 0.0004956 seconds
Application time: 0.2002894 seconds
Total time for which application threads were stopped: 0.0005529 seconds
Application time: 0.0005632 seconds
Total time for which application threads were stopped: 0.0002252 seconds
Application time: 0.0000159 seconds
Total time for which application threads were stopped: 0.0001640 seconds
Application time: 0.0017371 seconds
Total time for which application threads were stopped: 0.0003051 seconds
Application time: 0.0007766 seconds
Total time for which application threads were stopped: 0.0001953 seconds
Application time: 0.0478245 seconds
Total time for which application threads were stopped: 0.0004889 seconds
Application time: 0.0010783 seconds
Total time for which application threads were stopped: 0.0002458 seconds
Application time: 0.0000243 seconds
Total time for which application threads were stopped: 0.0001288 seconds
Application time: 0.0054851 seconds
Total time for which application threads were stopped: 0.0003540 seconds
Application time: 0.0051789 seconds
Total time for which application threads were stopped: 0.0003288 seconds
Application time: 0.0479030 seconds
Total time for which application threads were stopped: 0.0004861 seconds
Application time: 0.0001699 seconds
Total time for which application threads were stopped: 0.0001872 seconds
Application time: 0.0041463 seconds
Total time for which application threads were stopped: 0.0012180 seconds
Application time: 0.0000305 seconds
Total time for which application threads were stopped: 0.0002011 seconds
Application time: 0.1080584 seconds
Total time for which application threads were stopped: 0.0010169 seconds
Application time: 0.0010230 seconds
Total time for which application threads were stopped: 0.0003347 seconds
Application time: 0.0020813 seconds
Total time for which application threads were stopped: 0.0003414 seconds
Application time: 0.0027956 seconds
Total time for which application threads were stopped: 0.0003503 seconds
Application time: 0.0011147 seconds
Total time for which application threads were stopped: 0.0002439 seconds
Application time: 0.0026012 seconds
Total time for which application threads were stopped: 0.0003523 seconds
Application time: 0.0927311 seconds
Total time for which application threads were stopped: 0.0013144 seconds
Application time: 0.0079010 seconds
Total time for which application threads were stopped: 0.0018628 seconds
Application time: 0.1052145 seconds
Total time for which application threads were stopped: 0.0004830 seconds
Application time: 0.0000598 seconds
Total time for which application threads were stopped: 0.0001612 seconds
Application time: 0.0415679 seconds
Total time for which application threads were stopped: 0.0004956 seconds
Application time: 0.1224625 seconds
{Heap before GC invocations=122 (full 11):
 PSYoungGen      total 139968K, used 132840K [0x2d5a0000, 0x38040000, 0x38040000)
  eden space 109696K, 100% used [0x2d5a0000,0x340c0000,0x340c0000)
  from space 30272K, 76% used [0x362b0000,0x3794a100,0x38040000)
  to   space 32512K, 0% used [0x340c0000,0x340c0000,0x36080000)
 PSOldGen        total 312000K, used 251461K [0x18040000, 0x2b0f0000, 0x2d5a0000)
  object space 312000K, 80% used [0x18040000,0x275d1678,0x2b0f0000)
 PSPermGen       total 78336K, used 61323K [0x10040000, 0x14cc0000, 0x18040000)
  object space 78336K, 78% used [0x10040000,0x13c22e48,0x14cc0000)
395.276: [GC [PSYoungGen: 132840K->30942K(140672K)] 384301K->289310K(452672K), 0.0977878 secs] [Times: user=0.19 sys=0.00, real=0.09 secs] 
Heap after GC invocations=122 (full 11):
 PSYoungGen      total 140672K, used 30942K [0x2d5a0000, 0x38040000, 0x38040000)
  eden space 109696K, 0% used [0x2d5a0000,0x2d5a0000,0x340c0000)
  from space 30976K, 99% used [0x340c0000,0x35ef7890,0x35f00000)
  to   space 34048K, 0% used [0x35f00000,0x35f00000,0x38040000)
 PSOldGen        total 312000K, used 258367K [0x18040000, 0x2b0f0000, 0x2d5a0000)
  object space 312000K, 82% used [0x18040000,0x27c8ff88,0x2b0f0000)
 PSPermGen       total 78336K, used 61323K [0x10040000, 0x14cc0000, 0x18040000)
  object space 78336K, 78% used [0x10040000,0x13c22e48,0x14cc0000)
}
Total time for which application threads were stopped: 0.0987014 seconds
Application time: 0.0233049 seconds
Total time for which application threads were stopped: 0.0009186 seconds
Application time: 0.0000634 seconds
Total time for which application threads were stopped: 0.0002159 seconds
Application time: 0.5757033 seconds
Total time for which application threads were stopped: 0.0012767 seconds
Application time: 0.0337384 seconds
Total time for which application threads were stopped: 0.0005819 seconds
Application time: 1.2716736 seconds
{Heap before GC invocations=123 (full 11):
 PSYoungGen      total 140672K, used 140638K [0x2d5a0000, 0x38040000, 0x38040000)
  eden space 109696K, 100% used [0x2d5a0000,0x340c0000,0x340c0000)
  from space 30976K, 99% used [0x340c0000,0x35ef7890,0x35f00000)
  to   space 34048K, 0% used [0x35f00000,0x35f00000,0x38040000)
 PSOldGen        total 312000K, used 258367K [0x18040000, 0x2b0f0000, 0x2d5a0000)
  object space 312000K, 82% used [0x18040000,0x27c8ff88,0x2b0f0000)
 PSPermGen       total 78336K, used 61342K [0x10040000, 0x14cc0000, 0x18040000)
  object space 78336K, 78% used [0x10040000,0x13c278a0,0x14cc0000)
397.292: [GC [PSYoungGen: 140638K->34040K(115712K)] 399006K->304685K(427712K), 0.1484390 secs] [Times: user=0.30 sys=0.00, real=0.16 secs] 
Heap after GC invocations=123 (full 11):
 PSYoungGen      total 115712K, used 34040K [0x2d5a0000, 0x38040000, 0x38040000)
  eden space 81664K, 0% used [0x2d5a0000,0x2d5a0000,0x32560000)
  from space 34048K, 99% used [0x35f00000,0x3803e0e0,0x38040000)
  to   space 46528K, 0% used [0x32560000,0x32560000,0x352d0000)
 PSOldGen        total 312000K, used 270645K [0x18040000, 0x2b0f0000, 0x2d5a0000)
  object space 312000K, 86% used [0x18040000,0x2888d710,0x2b0f0000)
 PSPermGen       total 78336K, used 61342K [0x10040000, 0x14cc0000, 0x18040000)
  object space 78336K, 78% used [0x10040000,0x13c278a0,0x14cc0000)
}
Total time for which application threads were stopped: 0.1587020 seconds
Application time: 0.4832128 seconds
Total time for which application threads were stopped: 0.0108204 seconds
Application time: 0.8469115 seconds
{Heap before GC invocations=124 (full 11):
 PSYoungGen      total 115712K, used 115704K [0x2d5a0000, 0x38040000, 0x38040000)
  eden space 81664K, 100% used [0x2d5a0000,0x32560000,0x32560000)
  from space 34048K, 99% used [0x35f00000,0x3803e0e0,0x38040000)
  to   space 46528K, 0% used [0x32560000,0x32560000,0x352d0000)
 PSOldGen        total 312000K, used 270645K [0x18040000, 0x2b0f0000, 0x2d5a0000)
  object space 312000K, 86% used [0x18040000,0x2888d710,0x2b0f0000)
 PSPermGen       total 78336K, used 61342K [0x10040000, 0x14cc0000, 0x18040000)
  object space 78336K, 78% used [0x10040000,0x13c27b88,0x14cc0000)
398.785: [GC [PSYoungGen: 115704K->32400K(114112K)] 386349K->309686K(426112K), 0.1244865 secs] [Times: user=0.20 sys=0.03, real=0.13 secs] 
Heap after GC invocations=124 (full 11):
 PSYoungGen      total 114112K, used 32400K [0x2d5a0000, 0x38040000, 0x38040000)
  eden space 81664K, 0% used [0x2d5a0000,0x2d5a0000,0x32560000)
  from space 32448K, 99% used [0x32560000,0x34504140,0x34510000)
  to   space 48960K, 0% used [0x35070000,0x35070000,0x38040000)
 PSOldGen        total 312000K, used 277286K [0x18040000, 0x2b0f0000, 0x2d5a0000)
  object space 312000K, 88% used [0x18040000,0x28f09800,0x2b0f0000)
 PSPermGen       total 78336K, used 61342K [0x10040000, 0x14cc0000, 0x18040000)
  object space 78336K, 78% used [0x10040000,0x13c27b88,0x14cc0000)
}
Total time for which application threads were stopped: 0.1282062 seconds
Application time: 0.9991896 seconds
Total time for which application threads were stopped: 0.0011284 seconds
Application time: 1.9998637 seconds
Total time for which application threads were stopped: 0.0009761 seconds
Application time: 0.2316398 seconds
{Heap before GC invocations=125 (full 11):
 PSYoungGen      total 114112K, used 114064K [0x2d5a0000, 0x38040000, 0x38040000)
  eden space 81664K, 100% used [0x2d5a0000,0x32560000,0x32560000)
  from space 32448K, 99% used [0x32560000,0x34504140,0x34510000)
  to   space 48960K, 0% used [0x35070000,0x35070000,0x38040000)
 PSOldGen        total 312000K, used 277286K [0x18040000, 0x2b0f0000, 0x2d5a0000)
  object space 312000K, 88% used [0x18040000,0x28f09800,0x2b0f0000)
 PSPermGen       total 78336K, used 61344K [0x10040000, 0x14cc0000, 0x18040000)
  object space 78336K, 78% used [0x10040000,0x13c283b8,0x14cc0000)
402.143: [GC [PSYoungGen: 114064K->17752K(128384K)] 391350K->311051K(440384K), 0.1294262 secs] [Times: user=0.23 sys=0.02, real=0.14 secs] 
Heap after GC invocations=125 (full 11):
 PSYoungGen      total 128384K, used 17752K [0x2d5a0000, 0x38040000, 0x38040000)
  eden space 79424K, 0% used [0x2d5a0000,0x2d5a0000,0x32330000)
  from space 48960K, 36% used [0x35070000,0x361c6050,0x38040000)
  to   space 46336K, 0% used [0x32330000,0x32330000,0x35070000)
 PSOldGen        total 312000K, used 293298K [0x18040000, 0x2b0f0000, 0x2d5a0000)
  object space 312000K, 94% used [0x18040000,0x29eacbe8,0x2b0f0000)
 PSPermGen       total 78336K, used 61344K [0x10040000, 0x14cc0000, 0x18040000)
  object space 78336K, 78% used [0x10040000,0x13c283b8,0x14cc0000)
}
Total time for which application threads were stopped: 0.1302752 seconds
Application time: 0.4643040 seconds
Total time for which application threads were stopped: 0.0013558 seconds
Application time: 0.2112782 seconds
Total time for which application threads were stopped: 0.0090514 seconds
Application time: 0.0568438 seconds
Total time for which application threads were stopped: 0.0006870 seconds
Application time: 0.1434875 seconds
Total time for which application threads were stopped: 0.0015427 seconds
Application time: 0.0281723 seconds
Total time for which application threads were stopped: 0.0005995 seconds
Application time: 0.0008286 seconds
Total time for which application threads were stopped: 0.0003109 seconds
Application time: 0.0005635 seconds
Total time for which application threads were stopped: 0.0002031 seconds
Application time: 0.0023411 seconds
Total time for which application threads were stopped: 0.0003165 seconds
Application time: 0.0000212 seconds
Total time for which application threads were stopped: 0.0001922 seconds
Application time: 0.0672136 seconds
Total time for which application threads were stopped: 0.0020374 seconds
Application time: 0.0439064 seconds
Total time for which application threads were stopped: 0.0006981 seconds
Application time: 0.1699498 seconds
Total time for which application threads were stopped: 0.0006867 seconds
Application time: 0.0004012 seconds
Total time for which application threads were stopped: 0.0003126 seconds
Application time: 0.0102066 seconds
Total time for which application threads were stopped: 0.0004998 seconds
Application time: 0.7537148 seconds
Total time for which application threads were stopped: 0.0010686 seconds
Application time: 0.2122692 seconds
Total time for which application threads were stopped: 0.0005939 seconds
Application time: 0.0972383 seconds
Total time for which application threads were stopped: 0.0011814 seconds
Application time: 0.0007146 seconds
Total time for which application threads were stopped: 0.0012451 seconds
Application time: 0.0019625 seconds
Total time for which application threads were stopped: 0.0089749 seconds
Application time: 0.1065873 seconds
Total time for which application threads were stopped: 0.0005450 seconds
Application time: 0.1083925 seconds
Total time for which application threads were stopped: 0.0014362 seconds
Application time: 0.0383811 seconds
Total time for which application threads were stopped: 0.0011239 seconds
Application time: 0.1993066 seconds
{Heap before GC invocations=126 (full 11):
 PSYoungGen      total 128384K, used 97176K [0x2d5a0000, 0x38040000, 0x38040000)
  eden space 79424K, 100% used [0x2d5a0000,0x32330000,0x32330000)
  from space 48960K, 36% used [0x35070000,0x361c6050,0x38040000)
  to   space 46336K, 0% used [0x32330000,0x32330000,0x35070000)
 PSOldGen        total 312000K, used 293298K [0x18040000, 0x2b0f0000, 0x2d5a0000)
  object space 312000K, 94% used [0x18040000,0x29eacbe8,0x2b0f0000)
 PSPermGen       total 78336K, used 61354K [0x10040000, 0x14cc0000, 0x18040000)
  object space 78336K, 78% used [0x10040000,0x13c2a9a0,0x14cc0000)
405.027: [GC [PSYoungGen: 97176K->10674K(90112K)] 390475K->315267K(402112K), 0.0876505 secs] [Times: user=0.16 sys=0.00, real=0.09 secs] 
Heap after GC invocations=126 (full 11):
 PSYoungGen      total 90112K, used 10674K [0x2d5a0000, 0x37b50000, 0x38040000)
  eden space 79424K, 0% used [0x2d5a0000,0x2d5a0000,0x32330000)
  from space 10688K, 99% used [0x32330000,0x32d9cbd0,0x32da0000)
  to   space 45120K, 0% used [0x34f40000,0x34f40000,0x37b50000)
 PSOldGen        total 312000K, used 304593K [0x18040000, 0x2b0f0000, 0x2d5a0000)
  object space 312000K, 97% used [0x18040000,0x2a9b4420,0x2b0f0000)
 PSPermGen       total 78336K, used 61354K [0x10040000, 0x14cc0000, 0x18040000)
  object space 78336K, 78% used [0x10040000,0x13c2a9a0,0x14cc0000)
}
{Heap before GC invocations=127 (full 12):
 PSYoungGen      total 90112K, used 10674K [0x2d5a0000, 0x37b50000, 0x38040000)
  eden space 79424K, 0% used [0x2d5a0000,0x2d5a0000,0x32330000)
  from space 10688K, 99% used [0x32330000,0x32d9cbd0,0x32da0000)
  to   space 45120K, 0% used [0x34f40000,0x34f40000,0x37b50000)
 PSOldGen        total 312000K, used 304593K [0x18040000, 0x2b0f0000, 0x2d5a0000)
  object space 312000K, 97% used [0x18040000,0x2a9b4420,0x2b0f0000)
 PSPermGen       total 78336K, used 61354K [0x10040000, 0x14cc0000, 0x18040000)
  object space 78336K, 78% used [0x10040000,0x13c2a9a0,0x14cc0000)
405.115: [Full GC [PSYoungGen: 10674K->0K(90112K)] [PSOldGen: 304593K->292458K(349568K)] 315267K->292458K(439680K) [PSPermGen: 61354K->61002K(76288K)], 1.8608561 secs] [Times: user=1.83 sys=0.00, real=1.86 secs] 
Heap after GC invocations=127 (full 12):
 PSYoungGen      total 90112K, used 0K [0x2d5a0000, 0x37b50000, 0x38040000)
  eden space 79424K, 0% used [0x2d5a0000,0x2d5a0000,0x32330000)
  from space 10688K, 0% used [0x32330000,0x32330000,0x32da0000)
  to   space 45120K, 0% used [0x34f40000,0x34f40000,0x37b50000)
 PSOldGen        total 349568K, used 292458K [0x18040000, 0x2d5a0000, 0x2d5a0000)
  object space 349568K, 83% used [0x18040000,0x29ddaa60,0x2d5a0000)
 PSPermGen       total 76288K, used 61002K [0x10040000, 0x14ac0000, 0x18040000)
  object space 76288K, 79% used [0x10040000,0x13bd2bf0,0x14ac0000)
}
Total time for which application threads were stopped: 1.9496696 seconds
Application time: 0.1618661 seconds
Total time for which application threads were stopped: 0.0010803 seconds
Application time: 0.0000503 seconds
Total time for which application threads were stopped: 0.0025274 seconds
Application time: 0.0073451 seconds
Total time for which application threads were stopped: 0.0025565 seconds
Application time: 0.0063279 seconds
Total time for which application threads were stopped: 0.0024573 seconds
Application time: 0.0061765 seconds
Total time for which application threads were stopped: 0.0025098 seconds
Application time: 0.0065366 seconds
Total time for which application threads were stopped: 0.0025727 seconds
Application time: 0.0069162 seconds
Total time for which application threads were stopped: 0.0025947 seconds
Application time: 0.0063500 seconds
Total time for which application threads were stopped: 0.0024880 seconds
Application time: 0.0116174 seconds
Total time for which application threads were stopped: 0.0025866 seconds
Application time: 0.0063776 seconds
Total time for which application threads were stopped: 0.0025294 seconds
Application time: 0.0068011 seconds
Total time for which application threads were stopped: 0.0026621 seconds
Application time: 0.0065645 seconds
Total time for which application threads were stopped: 0.0027428 seconds
Application time: 0.0101898 seconds
Total time for which application threads were stopped: 0.0030269 seconds
Application time: 0.0084374 seconds
Total time for which application threads were stopped: 0.0005213 seconds
Application time: 0.8376883 seconds
Total time for which application threads were stopped: 0.0057259 seconds
Application time: 0.1392828 seconds
{Heap before GC invocations=128 (full 12):
 PSYoungGen      total 90112K, used 79424K [0x2d5a0000, 0x37b50000, 0x38040000)
  eden space 79424K, 100% used [0x2d5a0000,0x32330000,0x32330000)
  from space 10688K, 0% used [0x32330000,0x32330000,0x32da0000)
  to   space 45120K, 0% used [0x34f40000,0x34f40000,0x37b50000)
 PSOldGen        total 349568K, used 292458K [0x18040000, 0x2d5a0000, 0x2d5a0000)
  object space 349568K, 83% used [0x18040000,0x29ddaa60,0x2d5a0000)
 PSPermGen       total 76288K, used 61039K [0x10040000, 0x14ac0000, 0x18040000)
  object space 76288K, 80% used [0x10040000,0x13bdbf38,0x14ac0000)
408.244: [GC [PSYoungGen: 79424K->8048K(125440K)] 371882K->300506K(475008K), 0.0316244 secs] [Times: user=0.06 sys=0.00, real=0.03 secs] 
Heap after GC invocations=128 (full 12):
 PSYoungGen      total 125440K, used 8048K [0x2d5a0000, 0x38040000, 0x38040000)
  eden space 80320K, 0% used [0x2d5a0000,0x2d5a0000,0x32410000)
  from space 45120K, 17% used [0x34f40000,0x3571c000,0x37b50000)
  to   space 44224K, 0% used [0x32410000,0x32410000,0x34f40000)
 PSOldGen        total 349568K, used 292458K [0x18040000, 0x2d5a0000, 0x2d5a0000)
  object space 349568K, 83% used [0x18040000,0x29ddaa60,0x2d5a0000)
 PSPermGen       total 76288K, used 61039K [0x10040000, 0x14ac0000, 0x18040000)
  object space 76288K, 80% used [0x10040000,0x13bdbf38,0x14ac0000)
}
Total time for which application threads were stopped: 0.0325838 seconds
Application time: 0.0173868 seconds
Total time for which application threads were stopped: 0.0005663 seconds
Application time: 0.9990963 seconds
Total time for which application threads were stopped: 0.0014396 seconds
Application time: 0.5965445 seconds
Total time for which application threads were stopped: 0.0016519 seconds
Application time: 0.0009462 seconds
Total time for which application threads were stopped: 0.0003464 seconds
Application time: 0.1493223 seconds
{Heap before GC invocations=129 (full 12):
 PSYoungGen      total 125440K, used 88368K [0x2d5a0000, 0x38040000, 0x38040000)
  eden space 80320K, 100% used [0x2d5a0000,0x32410000,0x32410000)
  from space 45120K, 17% used [0x34f40000,0x3571c000,0x37b50000)
  to   space 44224K, 0% used [0x32410000,0x32410000,0x34f40000)
 PSOldGen        total 349568K, used 292458K [0x18040000, 0x2d5a0000, 0x2d5a0000)
  object space 349568K, 83% used [0x18040000,0x29ddaa60,0x2d5a0000)
 PSPermGen       total 76288K, used 61052K [0x10040000, 0x14ac0000, 0x18040000)
  object space 76288K, 80% used [0x10040000,0x13bdf1b8,0x14ac0000)
410.044: [GC [PSYoungGen: 88368K->18328K(124544K)] 380826K->310786K(474112K), 0.0594645 secs] [Times: user=0.13 sys=0.00, real=0.06 secs] 
Heap after GC invocations=129 (full 12):
 PSYoungGen      total 124544K, used 18328K [0x2d5a0000, 0x37ac0000, 0x38040000)
  eden space 80320K, 0% used [0x2d5a0000,0x2d5a0000,0x32410000)
  from space 44224K, 41% used [0x32410000,0x335f6010,0x34f40000)
  to   space 41856K, 0% used [0x351e0000,0x351e0000,0x37ac0000)
 PSOldGen        total 349568K, used 292458K [0x18040000, 0x2d5a0000, 0x2d5a0000)
  object space 349568K, 83% used [0x18040000,0x29ddaa60,0x2d5a0000)
 PSPermGen       total 76288K, used 61052K [0x10040000, 0x14ac0000, 0x18040000)
  object space 76288K, 80% used [0x10040000,0x13bdf1b8,0x14ac0000)
}
Total time for which application threads were stopped: 0.0603686 seconds
Application time: 0.5467684 seconds
Total time for which application threads were stopped: 0.0103102 seconds
Application time: 0.0466526 seconds
Total time for which application threads were stopped: 0.0007439 seconds
Application time: 0.1539838 seconds
Total time for which application threads were stopped: 0.0099021 seconds
Application time: 0.0083050 seconds
Total time for which application threads were stopped: 0.0004908 seconds
Application time: 0.8193368 seconds
{Heap before GC invocations=130 (full 12):
 PSYoungGen      total 124544K, used 98648K [0x2d5a0000, 0x37ac0000, 0x38040000)
  eden space 80320K, 100% used [0x2d5a0000,0x32410000,0x32410000)
  from space 44224K, 41% used [0x32410000,0x335f6010,0x34f40000)
  to   space 41856K, 0% used [0x351e0000,0x351e0000,0x37ac0000)
 PSOldGen        total 349568K, used 292458K [0x18040000, 0x2d5a0000, 0x2d5a0000)
  object space 349568K, 83% used [0x18040000,0x29ddaa60,0x2d5a0000)
 PSPermGen       total 76288K, used 61057K [0x10040000, 0x14ac0000, 0x18040000)
  object space 76288K, 80% used [0x10040000,0x13be0470,0x14ac0000)
411.702: [GC [PSYoungGen: 98648K->29688K(125120K)] 391106K->322147K(474688K), 0.0745324 secs] [Times: user=0.16 sys=0.00, real=0.08 secs] 
Heap after GC invocations=130 (full 12):
 PSYoungGen      total 125120K, used 29688K [0x2d5a0000, 0x38040000, 0x38040000)
  eden space 83264K, 0% used [0x2d5a0000,0x2d5a0000,0x326f0000)
  from space 41856K, 70% used [0x351e0000,0x36ede3e0,0x37ac0000)
  to   space 43968K, 0% used [0x326f0000,0x326f0000,0x351e0000)
 PSOldGen        total 349568K, used 292458K [0x18040000, 0x2d5a0000, 0x2d5a0000)
  object space 349568K, 83% used [0x18040000,0x29ddaa60,0x2d5a0000)
 PSPermGen       total 76288K, used 61057K [0x10040000, 0x14ac0000, 0x18040000)
  object space 76288K, 80% used [0x10040000,0x13be0470,0x14ac0000)
}
Total time for which application threads were stopped: 0.0764519 seconds
Application time: 2.4732227 seconds
Total time for which application threads were stopped: 0.0013868 seconds
Application time: 0.1833521 seconds
Total time for which application threads were stopped: 0.0014063 seconds
Application time: 0.1943465 seconds
Total time for which application threads were stopped: 0.0009286 seconds
Application time: 0.1032779 seconds
Total time for which application threads were stopped: 0.0058491 seconds
Application time: 0.0006163 seconds
Total time for which application threads were stopped: 0.0003587 seconds
Application time: 0.3554379 seconds
{Heap before GC invocations=131 (full 12):
 PSYoungGen      total 125120K, used 112952K [0x2d5a0000, 0x38040000, 0x38040000)
  eden space 83264K, 100% used [0x2d5a0000,0x326f0000,0x326f0000)
  from space 41856K, 70% used [0x351e0000,0x36ede3e0,0x37ac0000)
  to   space 43968K, 0% used [0x326f0000,0x326f0000,0x351e0000)
 PSOldGen        total 349568K, used 292458K [0x18040000, 0x2d5a0000, 0x2d5a0000)
  object space 349568K, 83% used [0x18040000,0x29ddaa60,0x2d5a0000)
 PSPermGen       total 76288K, used 61060K [0x10040000, 0x14ac0000, 0x18040000)
  object space 76288K, 80% used [0x10040000,0x13be1320,0x14ac0000)
415.099: [GC [PSYoungGen: 112952K->34023K(127232K)] 405411K->326482K(476800K), 0.0945841 secs] [Times: user=0.17 sys=0.00, real=0.09 secs] 
Heap after GC invocations=131 (full 12):
 PSYoungGen      total 127232K, used 34023K [0x2d5a0000, 0x38040000, 0x38040000)
  eden space 83264K, 0% used [0x2d5a0000,0x2d5a0000,0x326f0000)
  from space 43968K, 77% used [0x326f0000,0x34829e28,0x351e0000)
  to   space 47040K, 0% used [0x35250000,0x35250000,0x38040000)
 PSOldGen        total 349568K, used 292458K [0x18040000, 0x2d5a0000, 0x2d5a0000)
  object space 349568K, 83% used [0x18040000,0x29ddaa60,0x2d5a0000)
 PSPermGen       total 76288K, used 61060K [0x10040000, 0x14ac0000, 0x18040000)
  object space 76288K, 80% used [0x10040000,0x13be1320,0x14ac0000)
}
Total time for which application threads were stopped: 0.0962879 seconds
Application time: 0.7472369 seconds
Total time for which application threads were stopped: 0.0010485 seconds
Application time: 0.4702095 seconds
Total time for which application threads were stopped: 0.0012814 seconds
Application time: 0.0398799 seconds
Total time for which application threads were stopped: 0.0008926 seconds
Application time: 0.8464271 seconds
Total time for which application threads were stopped: 0.0015276 seconds
Application time: 0.2114501 seconds
Total time for which application threads were stopped: 0.0071462 seconds
Application time: 0.3613339 seconds
Total time for which application threads were stopped: 0.0094210 seconds
Application time: 0.1861393 seconds
{Heap before GC invocations=132 (full 12):
 PSYoungGen      total 127232K, used 117287K [0x2d5a0000, 0x38040000, 0x38040000)
  eden space 83264K, 100% used [0x2d5a0000,0x326f0000,0x326f0000)
  from space 43968K, 77% used [0x326f0000,0x34829e28,0x351e0000)
  to   space 47040K, 0% used [0x35250000,0x35250000,0x38040000)
 PSOldGen        total 349568K, used 292458K [0x18040000, 0x2d5a0000, 0x2d5a0000)
  object space 349568K, 83% used [0x18040000,0x29ddaa60,0x2d5a0000)
 PSPermGen       total 76288K, used 61064K [0x10040000, 0x14ac0000, 0x18040000)
  object space 76288K, 80% used [0x10040000,0x13be20f8,0x14ac0000)
418.105: [GC [PSYoungGen: 117287K->41010K(117696K)] 409746K->333468K(467264K), 0.1109406 secs] [Times: user=0.22 sys=0.00, real=0.11 secs] 
Heap after GC invocations=132 (full 12):
 PSYoungGen      total 117696K, used 41010K [0x2d5a0000, 0x38040000, 0x38040000)
  eden space 70656K, 0% used [0x2d5a0000,0x2d5a0000,0x31aa0000)
  from space 47040K, 87% used [0x35250000,0x37a5c948,0x38040000)
  to   space 52032K, 0% used [0x31aa0000,0x31aa0000,0x34d70000)
 PSOldGen        total 349568K, used 292458K [0x18040000, 0x2d5a0000, 0x2d5a0000)
  object space 349568K, 83% used [0x18040000,0x29ddaa60,0x2d5a0000)
 PSPermGen       total 76288K, used 61064K [0x10040000, 0x14ac0000, 0x18040000)
  object space 76288K, 80% used [0x10040000,0x13be20f8,0x14ac0000)
}
Total time for which application threads were stopped: 0.1385251 seconds
Application time: 0.0498203 seconds
Total time for which application threads were stopped: 0.0779328 seconds
Application time: 0.0189764 seconds
Total time for which application threads were stopped: 0.0259768 seconds
Application time: 0.0014594 seconds
Total time for which application threads were stopped: 0.0004059 seconds
Application time: 0.3957749 seconds
Total time for which application threads were stopped: 0.0105857 seconds
Application time: 0.3168143 seconds
Total time for which application threads were stopped: 0.0012588 seconds
Application time: 0.0506497 seconds
Total time for which application threads were stopped: 0.0005948 seconds
Application time: 0.0000358 seconds
Total time for which application threads were stopped: 0.0002430 seconds
Application time: 0.0837942 seconds
Total time for which application threads were stopped: 0.0021827 seconds
Application time: 0.0502416 seconds
Total time for which application threads were stopped: 0.0095004 seconds
Application time: 0.1129238 seconds
Total time for which application threads were stopped: 0.0032675 seconds
Application time: 0.0016452 seconds
Total time for which application threads were stopped: 0.0003442 seconds
Application time: 0.2008230 seconds
Total time for which application threads were stopped: 0.0011912 seconds
Application time: 0.0000307 seconds
Total time for which application threads were stopped: 0.0002327 seconds
Application time: 0.0000313 seconds
Total time for which application threads were stopped: 0.0001777 seconds
Application time: 0.0774847 seconds
Total time for which application threads were stopped: 0.0006875 seconds
Application time: 0.4457938 seconds
Total time for which application threads were stopped: 0.0095842 seconds
Application time: 0.1253346 seconds
Total time for which application threads were stopped: 0.0016142 seconds
Application time: 0.0000346 seconds
Total time for which application threads were stopped: 0.0002254 seconds
Application time: 0.0007300 seconds
Total time for which application threads were stopped: 0.0003386 seconds
Application time: 0.0307168 seconds
{Heap before GC invocations=133 (full 12):
 PSYoungGen      total 117696K, used 111666K [0x2d5a0000, 0x38040000, 0x38040000)
  eden space 70656K, 100% used [0x2d5a0000,0x31aa0000,0x31aa0000)
  from space 47040K, 87% used [0x35250000,0x37a5c948,0x38040000)
  to   space 52032K, 0% used [0x31aa0000,0x31aa0000,0x34d70000)
 PSOldGen        total 349568K, used 292458K [0x18040000, 0x2d5a0000, 0x2d5a0000)
  object space 349568K, 83% used [0x18040000,0x29ddaa60,0x2d5a0000)
 PSPermGen       total 76288K, used 61071K [0x10040000, 0x14ac0000, 0x18040000)
  object space 76288K, 80% used [0x10040000,0x13be3e58,0x14ac0000)
420.330: [GC [PSYoungGen: 111666K->35941K(106624K)] 404124K->328399K(456192K), 0.1025734 secs] [Times: user=0.22 sys=0.00, real=0.11 secs] 
Heap after GC invocations=133 (full 12):
 PSYoungGen      total 106624K, used 35941K [0x2d5a0000, 0x38040000, 0x38040000)
  eden space 70656K, 0% used [0x2d5a0000,0x2d5a0000,0x31aa0000)
  from space 35968K, 99% used [0x31aa0000,0x33db9458,0x33dc0000)
  to   space 54144K, 0% used [0x34b60000,0x34b60000,0x38040000)
 PSOldGen        total 349568K, used 292458K [0x18040000, 0x2d5a0000, 0x2d5a0000)
  object space 349568K, 83% used [0x18040000,0x29ddaa60,0x2d5a0000)
 PSPermGen       total 76288K, used 61071K [0x10040000, 0x14ac0000, 0x18040000)
  object space 76288K, 80% used [0x10040000,0x13be3e58,0x14ac0000)
}
Total time for which application threads were stopped: 0.1067127 seconds
Application time: 0.0863504 seconds
Total time for which application threads were stopped: 0.0011440 seconds
Application time: 0.0294359 seconds
Total time for which application threads were stopped: 0.0007641 seconds
Application time: 0.2323399 seconds
Total time for which application threads were stopped: 0.0101625 seconds
Application time: 0.0353615 seconds
Total time for which application threads were stopped: 0.0095071 seconds
Application time: 0.1880605 seconds
Total time for which application threads were stopped: 0.0017946 seconds
Application time: 0.0174578 seconds
Total time for which application threads were stopped: 0.0012164 seconds
Application time: 0.0093632 seconds
Total time for which application threads were stopped: 0.0007828 seconds
Application time: 0.0228364 seconds
Total time for which application threads were stopped: 0.0008294 seconds
Application time: 0.0077119 seconds
Total time for which application threads were stopped: 0.0007465 seconds
Application time: 0.0353503 seconds
Total time for which application threads were stopped: 0.0009007 seconds
Application time: 0.1367855 seconds
Total time for which application threads were stopped: 0.0009292 seconds
Application time: 0.3574885 seconds
Total time for which application threads were stopped: 0.0094057 seconds
Application time: 0.1543481 seconds
Total time for which application threads were stopped: 0.0088735 seconds
Application time: 0.8137233 seconds
{Heap before GC invocations=134 (full 12):
 PSYoungGen      total 106624K, used 106597K [0x2d5a0000, 0x38040000, 0x38040000)
  eden space 70656K, 100% used [0x2d5a0000,0x31aa0000,0x31aa0000)
  from space 35968K, 99% used [0x31aa0000,0x33db9458,0x33dc0000)
  to   space 54144K, 0% used [0x34b60000,0x34b60000,0x38040000)
 PSOldGen        total 349568K, used 292458K [0x18040000, 0x2d5a0000, 0x2d5a0000)
  object space 349568K, 83% used [0x18040000,0x29ddaa60,0x2d5a0000)
 PSPermGen       total 76288K, used 61077K [0x10040000, 0x14ac0000, 0x18040000)
  object space 76288K, 80% used [0x10040000,0x13be55f0,0x14ac0000)
422.612: [GC [PSYoungGen: 106597K->43066K(112384K)] 399055K->335525K(461952K), 0.1237643 secs] [Times: user=0.23 sys=0.00, real=0.13 secs] 
Heap after GC invocations=134 (full 12):
 PSYoungGen      total 112384K, used 43066K [0x2d5a0000, 0x38040000, 0x38040000)
  eden space 58240K, 0% used [0x2d5a0000,0x2d5a0000,0x30e80000)
  from space 54144K, 79% used [0x34b60000,0x3756eb90,0x38040000)
  to   space 58240K, 0% used [0x30e80000,0x30e80000,0x34760000)
 PSOldGen        total 349568K, used 292458K [0x18040000, 0x2d5a0000, 0x2d5a0000)
  object space 349568K, 83% used [0x18040000,0x29ddaa60,0x2d5a0000)
 PSPermGen       total 76288K, used 61077K [0x10040000, 0x14ac0000, 0x18040000)
  object space 76288K, 80% used [0x10040000,0x13be55f0,0x14ac0000)
}
Total time for which application threads were stopped: 0.1288387 seconds
Application time: 1.0000886 seconds
Total time for which application threads were stopped: 0.0090053 seconds
Application time: 0.3785772 seconds
{Heap before GC invocations=135 (full 12):
 PSYoungGen      total 112384K, used 100275K [0x2d5a0000, 0x38040000, 0x38040000)
  eden space 58240K, 98% used [0x2d5a0000,0x30d7e288,0x30e80000)
  from space 54144K, 79% used [0x34b60000,0x3756eb90,0x38040000)
  to   space 58240K, 0% used [0x30e80000,0x30e80000,0x34760000)
 PSOldGen        total 349568K, used 292458K [0x18040000, 0x2d5a0000, 0x2d5a0000)
  object space 349568K, 83% used [0x18040000,0x29ddaa60,0x2d5a0000)
 PSPermGen       total 76288K, used 61079K [0x10040000, 0x14ac0000, 0x18040000)
  object space 76288K, 80% used [0x10040000,0x13be5c38,0x14ac0000)
424.124: [GC [PSYoungGen: 100275K->45292K(116480K)] 392734K->337750K(466048K), 0.1238576 secs] [Times: user=0.25 sys=0.00, real=0.13 secs] 
Heap after GC invocations=135 (full 12):
 PSYoungGen      total 116480K, used 45292K [0x2d5a0000, 0x38040000, 0x38040000)
  eden space 58240K, 0% used [0x2d5a0000,0x2d5a0000,0x30e80000)
  from space 58240K, 77% used [0x30e80000,0x33abb0f8,0x34760000)
  to   space 58240K, 0% used [0x34760000,0x34760000,0x38040000)
 PSOldGen        total 349568K, used 292458K [0x18040000, 0x2d5a0000, 0x2d5a0000)
  object space 349568K, 83% used [0x18040000,0x29ddaa60,0x2d5a0000)
 PSPermGen       total 76288K, used 61079K [0x10040000, 0x14ac0000, 0x18040000)
  object space 76288K, 80% used [0x10040000,0x13be5c38,0x14ac0000)
}
Total time for which application threads were stopped: 0.1248402 seconds
Application time: 4.0003137 seconds
Total time for which application threads were stopped: 0.0010490 seconds
Application time: 0.2089319 seconds
Total time for which application threads were stopped: 0.0005436 seconds
Application time: 0.0000277 seconds
Total time for which application threads were stopped: 0.0019285 seconds
Application time: 0.0140454 seconds
Total time for which application threads were stopped: 0.0019813 seconds
Application time: 0.0052420 seconds
Total time for which application threads were stopped: 0.0019723 seconds
Application time: 0.0060114 seconds
Total time for which application threads were stopped: 0.0019173 seconds
Application time: 0.0121270 seconds
Total time for which application threads were stopped: 0.0018709 seconds
Application time: 0.0047964 seconds
Total time for which application threads were stopped: 0.0018284 seconds
Application time: 0.0119923 seconds
Total time for which application threads were stopped: 0.0019354 seconds
Application time: 0.0097213 seconds
Total time for which application threads were stopped: 0.0018564 seconds
Application time: 0.0048274 seconds
Total time for which application threads were stopped: 0.0018511 seconds
Application time: 0.0109612 seconds
Total time for which application threads were stopped: 0.0019461 seconds
Application time: 0.0047148 seconds
Total time for which application threads were stopped: 0.0018519 seconds
Application time: 0.0047107 seconds
Total time for which application threads were stopped: 0.0018287 seconds
Application time: 0.0102829 seconds
Total time for which application threads were stopped: 0.0018175 seconds
Application time: 0.0048165 seconds
Total time for which application threads were stopped: 0.0018446 seconds
Application time: 0.0350237 seconds
Total time for which application threads were stopped: 0.0094297 seconds
Application time: 0.3126889 seconds
{Heap before GC invocations=136 (full 12):
 PSYoungGen      total 116480K, used 103532K [0x2d5a0000, 0x38040000, 0x38040000)
  eden space 58240K, 100% used [0x2d5a0000,0x30e80000,0x30e80000)
  from space 58240K, 77% used [0x30e80000,0x33abb0f8,0x34760000)
  to   space 58240K, 0% used [0x34760000,0x34760000,0x38040000)
 PSOldGen        total 349568K, used 292458K [0x18040000, 0x2d5a0000, 0x2d5a0000)
  object space 349568K, 83% used [0x18040000,0x29ddaa60,0x2d5a0000)
 PSPermGen       total 76288K, used 61082K [0x10040000, 0x14ac0000, 0x18040000)
  object space 76288K, 80% used [0x10040000,0x13be6960,0x14ac0000)
428.948: [GC [PSYoungGen: 103532K->41793K(116480K)] 395990K->341495K(466048K), 0.1260074 secs] [Times: user=0.25 sys=0.00, real=0.13 secs] 
Heap after GC invocations=136 (full 12):
 PSYoungGen      total 116480K, used 41793K [0x2d5a0000, 0x38040000, 0x38040000)
  eden space 58240K, 0% used [0x2d5a0000,0x2d5a0000,0x30e80000)
  from space 58240K, 71% used [0x34760000,0x37030578,0x38040000)
  to   space 58240K, 0% used [0x30e80000,0x30e80000,0x34760000)
 PSOldGen        total 349568K, used 299702K [0x18040000, 0x2d5a0000, 0x2d5a0000)
  object space 349568K, 85% used [0x18040000,0x2a4eda60,0x2d5a0000)
 PSPermGen       total 76288K, used 61082K [0x10040000, 0x14ac0000, 0x18040000)
  object space 76288K, 80% used [0x10040000,0x13be6960,0x14ac0000)
}
Total time for which application threads were stopped: 0.1272307 seconds
Application time: 0.2890325 seconds
Total time for which application threads were stopped: 0.0055725 seconds
Application time: 0.2143728 seconds
Total time for which application threads were stopped: 0.0012569 seconds
Application time: 0.0408879 seconds
Total time for which application threads were stopped: 0.0007794 seconds
Application time: 0.0340186 seconds
Total time for which application threads were stopped: 0.0073389 seconds
Application time: 0.1531686 seconds
Total time for which application threads were stopped: 0.0007526 seconds
Application time: 0.1913218 seconds
Total time for which application threads were stopped: 0.0009403 seconds
Application time: 0.0000386 seconds
Total time for which application threads were stopped: 0.0002414 seconds
Application time: 0.0002338 seconds
Total time for which application threads were stopped: 0.0002031 seconds
Application time: 0.0805113 seconds
Total time for which application threads were stopped: 0.0005950 seconds
Application time: 0.0224070 seconds
Total time for which application threads were stopped: 0.0010976 seconds
Application time: 0.1253844 seconds
Total time for which application threads were stopped: 0.0006392 seconds
Application time: 0.0868549 seconds
Total time for which application threads were stopped: 0.0006216 seconds
Application time: 0.0000288 seconds
Total time for which application threads were stopped: 0.0002274 seconds
Application time: 0.0350472 seconds
Total time for which application threads were stopped: 0.0005967 seconds
Application time: 0.1669528 seconds
Total time for which application threads were stopped: 0.0006465 seconds
Application time: 0.0262561 seconds
Total time for which application threads were stopped: 0.0007076 seconds
Application time: 0.1567719 seconds
{Heap before GC invocations=137 (full 12):
 PSYoungGen      total 116480K, used 100033K [0x2d5a0000, 0x38040000, 0x38040000)
  eden space 58240K, 100% used [0x2d5a0000,0x30e80000,0x30e80000)
  from space 58240K, 71% used [0x34760000,0x37030578,0x38040000)
  to   space 58240K, 0% used [0x30e80000,0x30e80000,0x34760000)
 PSOldGen        total 349568K, used 299702K [0x18040000, 0x2d5a0000, 0x2d5a0000)
  object space 349568K, 85% used [0x18040000,0x2a4eda60,0x2d5a0000)
 PSPermGen       total 76288K, used 61085K [0x10040000, 0x14ac0000, 0x18040000)
  object space 76288K, 80% used [0x10040000,0x13be7568,0x14ac0000)
430.739: [GC [PSYoungGen: 100033K->25431K(116480K)] 399735K->339690K(466048K), 0.1667198 secs] [Times: user=0.22 sys=0.01, real=0.16 secs] 
Heap after GC invocations=137 (full 12):
 PSYoungGen      total 116480K, used 25431K [0x2d5a0000, 0x38040000, 0x38040000)
  eden space 58240K, 0% used [0x2d5a0000,0x2d5a0000,0x30e80000)
  from space 58240K, 43% used [0x30e80000,0x32755d70,0x34760000)
  to   space 58240K, 0% used [0x34760000,0x34760000,0x38040000)
 PSOldGen        total 349568K, used 314259K [0x18040000, 0x2d5a0000, 0x2d5a0000)
  object space 349568K, 89% used [0x18040000,0x2b324d00,0x2d5a0000)
 PSPermGen       total 76288K, used 61085K [0x10040000, 0x14ac0000, 0x18040000)
  object space 76288K, 80% used [0x10040000,0x13be7568,0x14ac0000)
}
Total time for which application threads were stopped: 0.1850956 seconds
Application time: 0.0185800 seconds
Total time for which application threads were stopped: 0.0012395 seconds
Application time: 0.0000277 seconds
Total time for which application threads were stopped: 0.0002341 seconds
Application time: 0.0176508 seconds
Total time for which application threads were stopped: 0.0006554 seconds
Application time: 1.0000101 seconds
Total time for which application threads were stopped: 0.0013650 seconds
Application time: 0.0911848 seconds
Total time for which application threads were stopped: 0.0101331 seconds
Application time: 0.7322417 seconds
Total time for which application threads were stopped: 0.0009973 seconds
Application time: 0.0000534 seconds
Total time for which application threads were stopped: 0.0020165 seconds
Application time: 0.0050275 seconds
Total time for which application threads were stopped: 0.0019371 seconds
Application time: 0.0048434 seconds
Total time for which application threads were stopped: 0.0018826 seconds
Application time: 0.0049531 seconds
Total time for which application threads were stopped: 0.0018564 seconds
Application time: 0.0163923 seconds
Total time for which application threads were stopped: 0.0018298 seconds
Application time: 0.0045883 seconds
Total time for which application threads were stopped: 0.0018067 seconds
Application time: 0.0046472 seconds
Total time for which application threads were stopped: 0.0018212 seconds
Application time: 0.0135668 seconds
Total time for which application threads were stopped: 0.0019022 seconds
Application time: 0.0046950 seconds
Total time for which application threads were stopped: 0.0018312 seconds
Application time: 0.0110676 seconds
Total time for which application threads were stopped: 0.0018338 seconds
Application time: 0.0046581 seconds
Total time for which application threads were stopped: 0.0018229 seconds
Application time: 0.0736230 seconds
Total time for which application threads were stopped: 0.0089796 seconds
Application time: 0.1707508 seconds
Total time for which application threads were stopped: 0.0182766 seconds
Application time: 0.0035926 seconds
Total time for which application threads were stopped: 0.0021953 seconds
Application time: 0.0077253 seconds
Total time for which application threads were stopped: 0.0024676 seconds
Application time: 0.0073705 seconds
Total time for which application threads were stopped: 0.0025612 seconds
Application time: 0.0147879 seconds
Total time for which application threads were stopped: 0.0008065 seconds
Application time: 0.8025743 seconds
{Heap before GC invocations=138 (full 12):
 PSYoungGen      total 116480K, used 83671K [0x2d5a0000, 0x38040000, 0x38040000)
  eden space 58240K, 100% used [0x2d5a0000,0x30e80000,0x30e80000)
  from space 58240K, 43% used [0x30e80000,0x32755d70,0x34760000)
  to   space 58240K, 0% used [0x34760000,0x34760000,0x38040000)
 PSOldGen        total 349568K, used 314259K [0x18040000, 0x2d5a0000, 0x2d5a0000)
  object space 349568K, 89% used [0x18040000,0x2b324d00,0x2d5a0000)
 PSPermGen       total 76288K, used 61088K [0x10040000, 0x14ac0000, 0x18040000)
  object space 76288K, 80% used [0x10040000,0x13be8120,0x14ac0000)
433.992: [GC [PSYoungGen: 83671K->22596K(116480K)] 397930K->344584K(466048K), 0.0886951 secs] [Times: user=0.13 sys=0.02, real=0.08 secs] 
Heap after GC invocations=138 (full 12):
 PSYoungGen      total 116480K, used 22596K [0x2d5a0000, 0x38040000, 0x38040000)
  eden space 58240K, 0% used [0x2d5a0000,0x2d5a0000,0x30e80000)
  from space 58240K, 38% used [0x34760000,0x35d713c8,0x38040000)
  to   space 58240K, 0% used [0x30e80000,0x30e80000,0x34760000)
 PSOldGen        total 349568K, used 321987K [0x18040000, 0x2d5a0000, 0x2d5a0000)
  object space 349568K, 92% used [0x18040000,0x2bab0ff0,0x2d5a0000)
 PSPermGen       total 76288K, used 61088K [0x10040000, 0x14ac0000, 0x18040000)
  object space 76288K, 80% used [0x10040000,0x13be8120,0x14ac0000)
}
Total time for which application threads were stopped: 0.0901427 seconds
Application time: 0.2446378 seconds
Total time for which application threads were stopped: 0.0006900 seconds
Application time: 1.8779457 seconds
Total time for which application threads were stopped: 0.0013030 seconds
Application time: 0.9999296 seconds
Total time for which application threads were stopped: 0.0009873 seconds
Application time: 0.1487343 seconds
Total time for which application threads were stopped: 0.0008306 seconds
Application time: 1.5869724 seconds
Total time for which application threads were stopped: 0.0010476 seconds
Application time: 0.0858849 seconds
Total time for which application threads were stopped: 0.0085966 seconds
Application time: 0.0577515 seconds
{Heap before GC invocations=139 (full 12):
 PSYoungGen      total 116480K, used 80836K [0x2d5a0000, 0x38040000, 0x38040000)
  eden space 58240K, 100% used [0x2d5a0000,0x30e80000,0x30e80000)
  from space 58240K, 38% used [0x34760000,0x35d713c8,0x38040000)
  to   space 58240K, 0% used [0x30e80000,0x30e80000,0x34760000)
 PSOldGen        total 349568K, used 321987K [0x18040000, 0x2d5a0000, 0x2d5a0000)
  object space 349568K, 92% used [0x18040000,0x2bab0ff0,0x2d5a0000)
 PSPermGen       total 76288K, used 61094K [0x10040000, 0x14ac0000, 0x18040000)
  object space 76288K, 80% used [0x10040000,0x13be9858,0x14ac0000)
439.103: [GC [PSYoungGen: 80836K->10189K(116480K)] 402824K->340422K(466048K), 0.0602127 secs] [Times: user=0.13 sys=0.00, real=0.06 secs] 
Heap after GC invocations=139 (full 12):
 PSYoungGen      total 116480K, used 10189K [0x2d5a0000, 0x38040000, 0x38040000)
  eden space 58240K, 0% used [0x2d5a0000,0x2d5a0000,0x30e80000)
  from space 58240K, 17% used [0x30e80000,0x318737c8,0x34760000)
  to   space 58240K, 0% used [0x34760000,0x34760000,0x38040000)
 PSOldGen        total 349568K, used 330232K [0x18040000, 0x2d5a0000, 0x2d5a0000)
  object space 349568K, 94% used [0x18040000,0x2c2be308,0x2d5a0000)
 PSPermGen       total 76288K, used 61094K [0x10040000, 0x14ac0000, 0x18040000)
  object space 76288K, 80% used [0x10040000,0x13be9858,0x14ac0000)
}
Total time for which application threads were stopped: 0.0672647 seconds
Application time: 0.1867251 seconds
Total time for which application threads were stopped: 0.0007814 seconds
Application time: 0.0819518 seconds
Total time for which application threads were stopped: 0.0006967 seconds
Application time: 0.1674375 seconds
Total time for which application threads were stopped: 0.0051741 seconds
Application time: 0.0000589 seconds
Total time for which application threads were stopped: 0.0003157 seconds
Application time: 0.1382609 seconds
Total time for which application threads were stopped: 0.0011144 seconds
Application time: 0.0537403 seconds
Total time for which application threads were stopped: 0.0007339 seconds
Application time: 0.1274922 seconds
Total time for which application threads were stopped: 0.0006417 seconds
Application time: 0.0528595 seconds
Total time for which application threads were stopped: 0.0007303 seconds
Application time: 0.0075596 seconds
Total time for which application threads were stopped: 0.0008333 seconds
Application time: 0.0797805 seconds
Total time for which application threads were stopped: 0.0074537 seconds
Application time: 0.1519822 seconds
Total time for which application threads were stopped: 0.0032538 seconds
Application time: 0.0006973 seconds
Total time for which application threads were stopped: 0.0008694 seconds
Application time: 0.0098647 seconds
Total time for which application threads were stopped: 0.0012736 seconds
Application time: 0.0108779 seconds
Total time for which application threads were stopped: 0.0006568 seconds
Application time: 0.0030431 seconds
Total time for which application threads were stopped: 0.0004389 seconds
Application time: 0.0029364 seconds
Total time for which application threads were stopped: 0.0005347 seconds
Application time: 0.0012432 seconds
Total time for which application threads were stopped: 0.0003411 seconds
Application time: 0.0039527 seconds
Total time for which application threads were stopped: 0.0004330 seconds
Application time: 0.0012901 seconds
Total time for which application threads were stopped: 0.0004224 seconds
Application time: 0.0078094 seconds
Total time for which application threads were stopped: 0.0005073 seconds
Application time: 0.0023891 seconds
Total time for which application threads were stopped: 0.0005392 seconds
Application time: 0.0014510 seconds
Total time for which application threads were stopped: 0.0004808 seconds
Application time: 0.0006847 seconds
Total time for which application threads were stopped: 0.0003366 seconds
Application time: 0.0024358 seconds
Total time for which application threads were stopped: 0.0005001 seconds
Application time: 0.0091671 seconds
Total time for which application threads were stopped: 0.0006059 seconds
Application time: 0.0015122 seconds
Total time for which application threads were stopped: 0.0005716 seconds
Application time: 0.0009001 seconds
Total time for which application threads were stopped: 0.0003246 seconds
Application time: 0.0315571 seconds
Total time for which application threads were stopped: 0.0072981 seconds
Application time: 0.0013991 seconds
Total time for which application threads were stopped: 0.0003277 seconds
Application time: 0.0093364 seconds
Total time for which application threads were stopped: 0.0005174 seconds
Application time: 0.0012029 seconds
Total time for which application threads were stopped: 0.0012309 seconds
Application time: 0.0093830 seconds
Total time for which application threads were stopped: 0.0006174 seconds
Application time: 0.0633435 seconds
{Heap before GC invocations=140 (full 12):
 PSYoungGen      total 116480K, used 68429K [0x2d5a0000, 0x38040000, 0x38040000)
  eden space 58240K, 100% used [0x2d5a0000,0x30e80000,0x30e80000)
  from space 58240K, 17% used [0x30e80000,0x318737c8,0x34760000)
  to   space 58240K, 0% used [0x34760000,0x34760000,0x38040000)
 PSOldGen        total 349568K, used 330232K [0x18040000, 0x2d5a0000, 0x2d5a0000)
  object space 349568K, 94% used [0x18040000,0x2c2be308,0x2d5a0000)
 PSPermGen       total 76288K, used 61094K [0x10040000, 0x14ac0000, 0x18040000)
  object space 76288K, 80% used [0x10040000,0x13be9a78,0x14ac0000)
440.431: [GC [PSYoungGen: 68429K->15617K(114944K)] 398662K->348842K(464512K), 0.0496753 secs] [Times: user=0.09 sys=0.00, real=0.05 secs] 
Heap after GC invocations=140 (full 12):
 PSYoungGen      total 114944K, used 15617K [0x2d5a0000, 0x37ec0000, 0x38040000)
  eden space 58240K, 0% used [0x2d5a0000,0x2d5a0000,0x30e80000)
  from space 56704K, 27% used [0x34760000,0x356a0510,0x37ec0000)
  to   space 57472K, 0% used [0x30e80000,0x30e80000,0x346a0000)
 PSOldGen        total 349568K, used 333225K [0x18040000, 0x2d5a0000, 0x2d5a0000)
  object space 349568K, 95% used [0x18040000,0x2c5aa488,0x2d5a0000)
 PSPermGen       total 76288K, used 61094K [0x10040000, 0x14ac0000, 0x18040000)
  object space 76288K, 80% used [0x10040000,0x13be9a78,0x14ac0000)
}
{Heap before GC invocations=141 (full 13):
 PSYoungGen      total 114944K, used 15617K [0x2d5a0000, 0x37ec0000, 0x38040000)
  eden space 58240K, 0% used [0x2d5a0000,0x2d5a0000,0x30e80000)
  from space 56704K, 27% used [0x34760000,0x356a0510,0x37ec0000)
  to   space 57472K, 0% used [0x30e80000,0x30e80000,0x346a0000)
 PSOldGen        total 349568K, used 333225K [0x18040000, 0x2d5a0000, 0x2d5a0000)
  object space 349568K, 95% used [0x18040000,0x2c5aa488,0x2d5a0000)
 PSPermGen       total 76288K, used 61094K [0x10040000, 0x14ac0000, 0x18040000)
  object space 76288K, 80% used [0x10040000,0x13be9a78,0x14ac0000)
440.481: [Full GC [PSYoungGen: 15617K->0K(114944K)] [PSOldGen: 333225K->348432K(349568K)] 348842K->348432K(464512K) [PSPermGen: 61094K->61094K(74752K)], 1.7742498 secs] [Times: user=1.75 sys=0.00, real=1.78 secs] 
Heap after GC invocations=141 (full 13):
 PSYoungGen      total 114944K, used 0K [0x2d5a0000, 0x37ec0000, 0x38040000)
  eden space 58240K, 0% used [0x2d5a0000,0x2d5a0000,0x30e80000)
  from space 56704K, 0% used [0x34760000,0x34760000,0x37ec0000)
  to   space 57472K, 0% used [0x30e80000,0x30e80000,0x346a0000)
 PSOldGen        total 349568K, used 348432K [0x18040000, 0x2d5a0000, 0x2d5a0000)
  object space 349568K, 99% used [0x18040000,0x2d4840a0,0x2d5a0000)
 PSPermGen       total 74752K, used 61094K [0x10040000, 0x14940000, 0x18040000)
  object space 74752K, 81% used [0x10040000,0x13be9a78,0x14940000)
}
Total time for which application threads were stopped: 1.8257290 seconds
Application time: 0.3053821 seconds
Total time for which application threads were stopped: 0.0031795 seconds
Application time: 0.3169014 seconds
Total time for which application threads were stopped: 0.0008266 seconds
Application time: 0.1372051 seconds
Total time for which application threads were stopped: 0.0037887 seconds
Application time: 0.0263251 seconds
Total time for which application threads were stopped: 0.0096306 seconds
Application time: 0.0201285 seconds
Total time for which application threads were stopped: 0.0012057 seconds
Application time: 0.0899391 seconds
Total time for which application threads were stopped: 0.0008755 seconds
Application time: 0.1382313 seconds
Total time for which application threads were stopped: 0.0009155 seconds
Application time: 0.0076865 seconds
Total time for which application threads were stopped: 0.0008577 seconds
Application time: 0.0059921 seconds
{Heap before GC invocations=142 (full 14):
 PSYoungGen      total 114944K, used 58240K [0x2d5a0000, 0x37ec0000, 0x38040000)
  eden space 58240K, 100% used [0x2d5a0000,0x30e80000,0x30e80000)
  from space 56704K, 0% used [0x34760000,0x34760000,0x37ec0000)
  to   space 57472K, 0% used [0x30e80000,0x30e80000,0x346a0000)
 PSOldGen        total 349568K, used 348432K [0x18040000, 0x2d5a0000, 0x2d5a0000)
  object space 349568K, 99% used [0x18040000,0x2d4840a0,0x2d5a0000)
 PSPermGen       total 74752K, used 61110K [0x10040000, 0x14940000, 0x18040000)
  object space 74752K, 81% used [0x10040000,0x13bed990,0x14940000)
443.325: [Full GC [PSYoungGen: 58240K->795K(114944K)] [PSOldGen: 348432K->349567K(349568K)] 406672K->350363K(464512K) [PSPermGen: 61110K->61110K(73216K)], 1.6969548 secs] [Times: user=1.70 sys=0.00, real=1.70 secs] 
Heap after GC invocations=142 (full 14):
 PSYoungGen      total 114944K, used 795K [0x2d5a0000, 0x37ec0000, 0x38040000)
  eden space 58240K, 1% used [0x2d5a0000,0x2d666eb8,0x30e80000)
  from space 56704K, 0% used [0x34760000,0x34760000,0x37ec0000)
  to   space 57472K, 0% used [0x30e80000,0x30e80000,0x346a0000)
 PSOldGen        total 349568K, used 349567K [0x18040000, 0x2d5a0000, 0x2d5a0000)
  object space 349568K, 99% used [0x18040000,0x2d59ff90,0x2d5a0000)
 PSPermGen       total 73216K, used 61110K [0x10040000, 0x147c0000, 0x18040000)
  object space 73216K, 83% used [0x10040000,0x13bed990,0x147c0000)
}
Total time for which application threads were stopped: 1.6978342 seconds
Application time: 0.0124982 seconds
Total time for which application threads were stopped: 0.0046528 seconds
Application time: 0.0001729 seconds
Total time for which application threads were stopped: 0.0004098 seconds
Application time: 0.7647316 seconds
Total time for which application threads were stopped: 0.0021992 seconds
Application time: 0.9992773 seconds
Total time for which application threads were stopped: 0.0065008 seconds
Application time: 1.2681397 seconds
Total time for which application threads were stopped: 0.0013348 seconds
Application time: 0.1351295 seconds
{Heap before GC invocations=143 (full 15):
 PSYoungGen      total 114944K, used 58240K [0x2d5a0000, 0x37ec0000, 0x38040000)
  eden space 58240K, 100% used [0x2d5a0000,0x30e80000,0x30e80000)
  from space 56704K, 0% used [0x34760000,0x34760000,0x37ec0000)
  to   space 57472K, 0% used [0x30e80000,0x30e80000,0x346a0000)
 PSOldGen        total 349568K, used 349567K [0x18040000, 0x2d5a0000, 0x2d5a0000)
  object space 349568K, 99% used [0x18040000,0x2d59ff90,0x2d5a0000)
 PSPermGen       total 73216K, used 61121K [0x10040000, 0x147c0000, 0x18040000)
  object space 73216K, 83% used [0x10040000,0x13bf07c0,0x147c0000)
448.218: [Full GC [PSYoungGen: 58240K->4570K(114944K)] [PSOldGen: 349567K->349567K(349568K)] 407807K->354138K(464512K) [PSPermGen: 61121K->61121K(71680K)], 1.6895807 secs] [Times: user=1.69 sys=0.00, real=1.69 secs] 
Heap after GC invocations=143 (full 15):
 PSYoungGen      total 114944K, used 4570K [0x2d5a0000, 0x37ec0000, 0x38040000)
  eden space 58240K, 7% used [0x2d5a0000,0x2da16938,0x30e80000)
  from space 56704K, 0% used [0x34760000,0x34760000,0x37ec0000)
  to   space 57472K, 0% used [0x30e80000,0x30e80000,0x346a0000)
 PSOldGen        total 349568K, used 349567K [0x18040000, 0x2d5a0000, 0x2d5a0000)
  object space 349568K, 99% used [0x18040000,0x2d59ff90,0x2d5a0000)
 PSPermGen       total 71680K, used 61121K [0x10040000, 0x14640000, 0x18040000)
  object space 71680K, 85% used [0x10040000,0x13bf07c0,0x14640000)
}
Total time for which application threads were stopped: 1.6904967 seconds
Application time: 0.0310802 seconds
Total time for which application threads were stopped: 0.0012351 seconds
Application time: 0.0122354 seconds
Total time for which application threads were stopped: 0.0006219 seconds
Application time: 1.8439642 seconds
{Heap before GC invocations=144 (full 16):
 PSYoungGen      total 114944K, used 58240K [0x2d5a0000, 0x37ec0000, 0x38040000)
  eden space 58240K, 100% used [0x2d5a0000,0x30e80000,0x30e80000)
  from space 56704K, 0% used [0x34760000,0x34760000,0x37ec0000)
  to   space 57472K, 0% used [0x30e80000,0x30e80000,0x346a0000)
 PSOldGen        total 349568K, used 349567K [0x18040000, 0x2d5a0000, 0x2d5a0000)
  object space 349568K, 99% used [0x18040000,0x2d59ff90,0x2d5a0000)
 PSPermGen       total 71680K, used 61131K [0x10040000, 0x14640000, 0x18040000)
  object space 71680K, 85% used [0x10040000,0x13bf2e88,0x14640000)
451.799: [Full GC [PSYoungGen: 58240K->0K(114944K)] [PSOldGen: 349567K->337282K(349568K)] 407807K->337282K(464512K) [PSPermGen: 61131K->60951K(70144K)], 2.0871535 secs] [Times: user=2.09 sys=0.00, real=2.09 secs] 
Heap after GC invocations=144 (full 16):
 PSYoungGen      total 114944K, used 0K [0x2d5a0000, 0x37ec0000, 0x38040000)
  eden space 58240K, 0% used [0x2d5a0000,0x2d5a0000,0x30e80000)
  from space 56704K, 0% used [0x34760000,0x34760000,0x37ec0000)
  to   space 57472K, 0% used [0x30e80000,0x30e80000,0x346a0000)
 PSOldGen        total 349568K, used 337282K [0x18040000, 0x2d5a0000, 0x2d5a0000)
  object space 349568K, 96% used [0x18040000,0x2c9a0b18,0x2d5a0000)
 PSPermGen       total 70144K, used 60951K [0x10040000, 0x144c0000, 0x18040000)
  object space 70144K, 86% used [0x10040000,0x13bc5ff0,0x144c0000)
}
Total time for which application threads were stopped: 2.0888976 seconds
Application time: 0.9994801 seconds
Total time for which application threads were stopped: 0.0009317 seconds
Application time: 0.9625539 seconds
Total time for which application threads were stopped: 0.0010362 seconds
Application time: 0.1446215 seconds
{Heap before GC invocations=145 (full 17):
 PSYoungGen      total 114944K, used 58240K [0x2d5a0000, 0x37ec0000, 0x38040000)
  eden space 58240K, 100% used [0x2d5a0000,0x30e80000,0x30e80000)
  from space 56704K, 0% used [0x34760000,0x34760000,0x37ec0000)
  to   space 57472K, 0% used [0x30e80000,0x30e80000,0x346a0000)
 PSOldGen        total 349568K, used 337282K [0x18040000, 0x2d5a0000, 0x2d5a0000)
  object space 349568K, 96% used [0x18040000,0x2c9a0b18,0x2d5a0000)
 PSPermGen       total 70144K, used 61016K [0x10040000, 0x144c0000, 0x18040000)
  object space 70144K, 86% used [0x10040000,0x13bd6218,0x144c0000)
455.996: [Full GC [PSYoungGen: 58240K->0K(114944K)] [PSOldGen: 337282K->339416K(349568K)] 395522K->339416K(464512K) [PSPermGen: 61016K->61016K(68864K)], 1.7085853 secs] [Times: user=1.70 sys=0.00, real=1.70 secs] 
Heap after GC invocations=145 (full 17):
 PSYoungGen      total 114944K, used 0K [0x2d5a0000, 0x37ec0000, 0x38040000)
  eden space 58240K, 0% used [0x2d5a0000,0x2d5a0000,0x30e80000)
  from space 56704K, 0% used [0x34760000,0x34760000,0x37ec0000)
  to   space 57472K, 0% used [0x30e80000,0x30e80000,0x346a0000)
 PSOldGen        total 349568K, used 339416K [0x18040000, 0x2d5a0000, 0x2d5a0000)
  object space 349568K, 97% used [0x18040000,0x2cbb6088,0x2d5a0000)
 PSPermGen       total 68864K, used 61016K [0x10040000, 0x14380000, 0x18040000)
  object space 68864K, 88% used [0x10040000,0x13bd6218,0x14380000)
}
Total time for which application threads were stopped: 1.7096176 seconds
Application time: 0.0220305 seconds
Total time for which application threads were stopped: 0.0078245 seconds
Application time: 0.0225054 seconds
Total time for which application threads were stopped: 0.0015351 seconds
Application time: 1.7902412 seconds
{Heap before GC invocations=146 (full 18):
 PSYoungGen      total 114944K, used 58240K [0x2d5a0000, 0x37ec0000, 0x38040000)
  eden space 58240K, 100% used [0x2d5a0000,0x30e80000,0x30e80000)
  from space 56704K, 0% used [0x34760000,0x34760000,0x37ec0000)
  to   space 57472K, 0% used [0x30e80000,0x30e80000,0x346a0000)
 PSOldGen        total 349568K, used 339416K [0x18040000, 0x2d5a0000, 0x2d5a0000)
  object space 349568K, 97% used [0x18040000,0x2cbb6088,0x2d5a0000)
 PSPermGen       total 68864K, used 61023K [0x10040000, 0x14380000, 0x18040000)
  object space 68864K, 88% used [0x10040000,0x13bd7ee0,0x14380000)
459.550: [Full GC [PSYoungGen: 58240K->0K(114944K)] [PSOldGen: 339416K->341965K(349568K)] 397656K->341965K(464512K) [PSPermGen: 61023K->61023K(67840K)], 1.7290706 secs] [Times: user=1.72 sys=0.00, real=1.74 secs] 
Heap after GC invocations=146 (full 18):
 PSYoungGen      total 114944K, used 0K [0x2d5a0000, 0x37ec0000, 0x38040000)
  eden space 58240K, 0% used [0x2d5a0000,0x2d5a0000,0x30e80000)
  from space 56704K, 0% used [0x34760000,0x34760000,0x37ec0000)
  to   space 57472K, 0% used [0x30e80000,0x30e80000,0x346a0000)
 PSOldGen        total 349568K, used 341965K [0x18040000, 0x2d5a0000, 0x2d5a0000)
  object space 349568K, 97% used [0x18040000,0x2ce33578,0x2d5a0000)
 PSPermGen       total 67840K, used 61023K [0x10040000, 0x14280000, 0x18040000)
  object space 67840K, 89% used [0x10040000,0x13bd7ee0,0x14280000)
}
Total time for which application threads were stopped: 1.7303649 seconds
Application time: 0.1199639 seconds
Total time for which application threads were stopped: 0.0012421 seconds
Application time: 0.3392825 seconds
Total time for which application threads were stopped: 0.0012940 seconds
Application time: 0.2329145 seconds
Total time for which application threads were stopped: 0.0010728 seconds
Application time: 0.0064816 seconds
Total time for which application threads were stopped: 0.0004925 seconds
Application time: 0.0011205 seconds
Total time for which application threads were stopped: 0.0002640 seconds
Application time: 0.0000355 seconds
Total time for which application threads were stopped: 0.0001724 seconds
Application time: 0.0147457 seconds
Total time for which application threads were stopped: 0.0005227 seconds
Application time: 2.9713371 seconds
{Heap before GC invocations=147 (full 19):
 PSYoungGen      total 114944K, used 58240K [0x2d5a0000, 0x37ec0000, 0x38040000)
  eden space 58240K, 100% used [0x2d5a0000,0x30e80000,0x30e80000)
  from space 56704K, 0% used [0x34760000,0x34760000,0x37ec0000)
  to   space 57472K, 0% used [0x30e80000,0x30e80000,0x346a0000)
 PSOldGen        total 349568K, used 341965K [0x18040000, 0x2d5a0000, 0x2d5a0000)
  object space 349568K, 97% used [0x18040000,0x2ce33578,0x2d5a0000)
 PSPermGen       total 67840K, used 61043K [0x10040000, 0x14280000, 0x18040000)
  object space 67840K, 89% used [0x10040000,0x13bdcee0,0x14280000)
464.971: [Full GC [PSYoungGen: 58240K->0K(114944K)] [PSOldGen: 341965K->345370K(349568K)] 400205K->345370K(464512K) [PSPermGen: 61043K->61043K(66816K)], 1.7206637 secs] [Times: user=1.72 sys=0.01, real=1.73 secs] 
Heap after GC invocations=147 (full 19):
 PSYoungGen      total 114944K, used 0K [0x2d5a0000, 0x37ec0000, 0x38040000)
  eden space 58240K, 0% used [0x2d5a0000,0x2d5a0000,0x30e80000)
  from space 56704K, 0% used [0x34760000,0x34760000,0x37ec0000)
  to   space 57472K, 0% used [0x30e80000,0x30e80000,0x346a0000)
 PSOldGen        total 349568K, used 345370K [0x18040000, 0x2d5a0000, 0x2d5a0000)
  object space 349568K, 98% used [0x18040000,0x2d186b60,0x2d5a0000)
 PSPermGen       total 66816K, used 61043K [0x10040000, 0x14180000, 0x18040000)
  object space 66816K, 91% used [0x10040000,0x13bdcee0,0x14180000)
}
Total time for which application threads were stopped: 1.7220409 seconds
Application time: 1.4675457 seconds
Total time for which application threads were stopped: 0.0009873 seconds
Application time: 0.6336920 seconds
Total time for which application threads were stopped: 0.0010275 seconds
Application time: 0.3155588 seconds
{Heap before GC invocations=148 (full 20):
 PSYoungGen      total 114944K, used 55476K [0x2d5a0000, 0x37ec0000, 0x38040000)
  eden space 58240K, 95% used [0x2d5a0000,0x30bcd398,0x30e80000)
  from space 56704K, 0% used [0x34760000,0x34760000,0x37ec0000)
  to   space 57472K, 0% used [0x30e80000,0x30e80000,0x346a0000)
 PSOldGen        total 349568K, used 345370K [0x18040000, 0x2d5a0000, 0x2d5a0000)
  object space 349568K, 98% used [0x18040000,0x2d186b60,0x2d5a0000)
 PSPermGen       total 66816K, used 61057K [0x10040000, 0x14180000, 0x18040000)
  object space 66816K, 91% used [0x10040000,0x13be0778,0x14180000)
469.112: [Full GC [PSYoungGen: 55476K->0K(114944K)] [PSOldGen: 345370K->338969K(349568K)] 400847K->338969K(464512K) [PSPermGen: 61057K->61017K(66048K)], 2.1207799 secs] [Times: user=2.11 sys=0.00, real=2.13 secs] 
Heap after GC invocations=148 (full 20):
 PSYoungGen      total 114944K, used 0K [0x2d5a0000, 0x37ec0000, 0x38040000)
  eden space 58240K, 0% used [0x2d5a0000,0x2d5a0000,0x30e80000)
  from space 56704K, 0% used [0x34760000,0x34760000,0x37ec0000)
  to   space 57472K, 0% used [0x30e80000,0x30e80000,0x346a0000)
 PSOldGen        total 349568K, used 338969K [0x18040000, 0x2d5a0000, 0x2d5a0000)
  object space 349568K, 96% used [0x18040000,0x2cb46760,0x2d5a0000)
 PSPermGen       total 66048K, used 61017K [0x10040000, 0x140c0000, 0x18040000)
  object space 66048K, 92% used [0x10040000,0x13bd6670,0x140c0000)
}
Total time for which application threads were stopped: 2.1217236 seconds
Application time: 0.0510707 seconds
Total time for which application threads were stopped: 0.0089090 seconds
Application time: 0.0137747 seconds
Total time for which application threads were stopped: 0.0006649 seconds
Application time: 0.1798318 seconds
Total time for which application threads were stopped: 0.0006154 seconds
Application time: 0.0000464 seconds
Total time for which application threads were stopped: 0.0020285 seconds
Application time: 0.0056166 seconds
Total time for which application threads were stopped: 0.0021377 seconds
Application time: 0.0051194 seconds
Total time for which application threads were stopped: 0.0021402 seconds
Application time: 0.0048688 seconds
Total time for which application threads were stopped: 0.0021324 seconds
Application time: 0.0048649 seconds
Total time for which application threads were stopped: 0.0021274 seconds
Application time: 0.0046620 seconds
Total time for which application threads were stopped: 0.0022296 seconds
Application time: 0.0049339 seconds
Total time for which application threads were stopped: 0.0022925 seconds
Application time: 0.0047039 seconds
Total time for which application threads were stopped: 0.0154595 seconds
Application time: 0.1174093 seconds
Total time for which application threads were stopped: 0.0006065 seconds
Application time: 1.9998036 seconds
Total time for which application threads were stopped: 0.0011024 seconds
Application time: 0.6457681 seconds
{Heap before GC invocations=149 (full 21):
 PSYoungGen      total 114944K, used 58240K [0x2d5a0000, 0x37ec0000, 0x38040000)
  eden space 58240K, 100% used [0x2d5a0000,0x30e80000,0x30e80000)
  from space 56704K, 0% used [0x34760000,0x34760000,0x37ec0000)
  to   space 57472K, 0% used [0x30e80000,0x30e80000,0x346a0000)
 PSOldGen        total 349568K, used 338969K [0x18040000, 0x2d5a0000, 0x2d5a0000)
  object space 349568K, 96% used [0x18040000,0x2cb46760,0x2d5a0000)
 PSPermGen       total 66048K, used 61041K [0x10040000, 0x140c0000, 0x18040000)
  object space 66048K, 92% used [0x10040000,0x13bdc4f8,0x140c0000)
474.320: [Full GC [PSYoungGen: 58240K->0K(114944K)] [PSOldGen: 338969K->344521K(349568K)] 397209K->344521K(464512K) [PSPermGen: 61041K->61041K(65536K)], 1.8285701 secs] [Times: user=1.83 sys=0.00, real=1.83 secs] 
Heap after GC invocations=149 (full 21):
 PSYoungGen      total 114944K, used 0K [0x2d5a0000, 0x37ec0000, 0x38040000)
  eden space 58240K, 0% used [0x2d5a0000,0x2d5a0000,0x30e80000)
  from space 56704K, 0% used [0x34760000,0x34760000,0x37ec0000)
  to   space 57472K, 0% used [0x30e80000,0x30e80000,0x346a0000)
 PSOldGen        total 349568K, used 344521K [0x18040000, 0x2d5a0000, 0x2d5a0000)
  object space 349568K, 98% used [0x18040000,0x2d0b2538,0x2d5a0000)
 PSPermGen       total 65536K, used 61041K [0x10040000, 0x14040000, 0x18040000)
  object space 65536K, 93% used [0x10040000,0x13bdc4f8,0x14040000)
}
Total time for which application threads were stopped: 1.8302893 seconds
Application time: 3.0004327 seconds
Total time for which application threads were stopped: 0.0019463 seconds
Application time: 1.4110042 seconds
{Heap before GC invocations=150 (full 22):
 PSYoungGen      total 114944K, used 58240K [0x2d5a0000, 0x37ec0000, 0x38040000)
  eden space 58240K, 100% used [0x2d5a0000,0x30e80000,0x30e80000)
  from space 56704K, 0% used [0x34760000,0x34760000,0x37ec0000)
  to   space 57472K, 0% used [0x30e80000,0x30e80000,0x346a0000)
 PSOldGen        total 349568K, used 344521K [0x18040000, 0x2d5a0000, 0x2d5a0000)
  object space 349568K, 98% used [0x18040000,0x2d0b2538,0x2d5a0000)
 PSPermGen       total 65536K, used 61051K [0x10040000, 0x14040000, 0x18040000)
  object space 65536K, 93% used [0x10040000,0x13bded58,0x14040000)
480.564: [Full GC [PSYoungGen: 58240K->0K(114944K)] [PSOldGen: 344521K->344870K(349568K)] 402761K->344870K(464512K) [PSPermGen: 61051K->61051K(65536K)], 1.7315237 secs] [Times: user=1.70 sys=0.00, real=1.73 secs] 
Heap after GC invocations=150 (full 22):
 PSYoungGen      total 114944K, used 0K [0x2d5a0000, 0x37ec0000, 0x38040000)
  eden space 58240K, 0% used [0x2d5a0000,0x2d5a0000,0x30e80000)
  from space 56704K, 0% used [0x34760000,0x34760000,0x37ec0000)
  to   space 57472K, 0% used [0x30e80000,0x30e80000,0x346a0000)
 PSOldGen        total 349568K, used 344870K [0x18040000, 0x2d5a0000, 0x2d5a0000)
  object space 349568K, 98% used [0x18040000,0x2d109950,0x2d5a0000)
 PSPermGen       total 65536K, used 61051K [0x10040000, 0x14040000, 0x18040000)
  object space 65536K, 93% used [0x10040000,0x13bded58,0x14040000)
}
Total time for which application threads were stopped: 1.7335603 seconds
Application time: 1.0000056 seconds
Total time for which application threads were stopped: 0.0010521 seconds
Application time: 4.6765201 seconds
{Heap before GC invocations=151 (full 23):
 PSYoungGen      total 114944K, used 58240K [0x2d5a0000, 0x37ec0000, 0x38040000)
  eden space 58240K, 100% used [0x2d5a0000,0x30e80000,0x30e80000)
  from space 56704K, 0% used [0x34760000,0x34760000,0x37ec0000)
  to   space 57472K, 0% used [0x30e80000,0x30e80000,0x346a0000)
 PSOldGen        total 349568K, used 344870K [0x18040000, 0x2d5a0000, 0x2d5a0000)
  object space 349568K, 98% used [0x18040000,0x2d109950,0x2d5a0000)
 PSPermGen       total 65536K, used 61062K [0x10040000, 0x14040000, 0x18040000)
  object space 65536K, 93% used [0x10040000,0x13be18d0,0x14040000)
487.975: [Full GC [PSYoungGen: 58240K->0K(114944K)] [PSOldGen: 344870K->345258K(349568K)] 403110K->345258K(464512K) [PSPermGen: 61062K->61062K(65536K)], 1.7715609 secs] [Times: user=1.77 sys=0.00, real=1.77 secs] 
Heap after GC invocations=151 (full 23):
 PSYoungGen      total 114944K, used 0K [0x2d5a0000, 0x37ec0000, 0x38040000)
  eden space 58240K, 0% used [0x2d5a0000,0x2d5a0000,0x30e80000)
  from space 56704K, 0% used [0x34760000,0x34760000,0x37ec0000)
  to   space 57472K, 0% used [0x30e80000,0x30e80000,0x346a0000)
 PSOldGen        total 349568K, used 345258K [0x18040000, 0x2d5a0000, 0x2d5a0000)
  object space 349568K, 98% used [0x18040000,0x2d16a970,0x2d5a0000)
 PSPermGen       total 65536K, used 61062K [0x10040000, 0x14040000, 0x18040000)
  object space 65536K, 93% used [0x10040000,0x13be18d0,0x14040000)
}
Total time for which application threads were stopped: 1.7733441 seconds
Application time: 0.0040198 seconds
Total time for which application threads were stopped: 0.0017748 seconds
Application time: 0.0120348 seconds
Total time for which application threads were stopped: 0.0005126 seconds
Application time: 4.9995930 seconds
Total time for which application threads were stopped: 0.0012169 seconds
Application time: 1.4610963 seconds
{Heap before GC invocations=152 (full 24):
 PSYoungGen      total 114944K, used 58240K [0x2d5a0000, 0x37ec0000, 0x38040000)
  eden space 58240K, 100% used [0x2d5a0000,0x30e80000,0x30e80000)
  from space 56704K, 0% used [0x34760000,0x34760000,0x37ec0000)
  to   space 57472K, 0% used [0x30e80000,0x30e80000,0x346a0000)
 PSOldGen        total 349568K, used 345258K [0x18040000, 0x2d5a0000, 0x2d5a0000)
  object space 349568K, 98% used [0x18040000,0x2d16a970,0x2d5a0000)
 PSPermGen       total 65536K, used 61070K [0x10040000, 0x14040000, 0x18040000)
  object space 65536K, 93% used [0x10040000,0x13be3a48,0x14040000)
496.228: [Full GC [PSYoungGen: 58240K->0K(114944K)] [PSOldGen: 345258K->340601K(349568K)] 403498K->340601K(464512K) [PSPermGen: 61070K->61013K(65536K)], 2.1286513 secs] [Times: user=2.13 sys=0.00, real=2.13 secs] 
Heap after GC invocations=152 (full 24):
 PSYoungGen      total 114944K, used 0K [0x2d5a0000, 0x37ec0000, 0x38040000)
  eden space 58240K, 0% used [0x2d5a0000,0x2d5a0000,0x30e80000)
  from space 56704K, 0% used [0x34760000,0x34760000,0x37ec0000)
  to   space 57472K, 0% used [0x30e80000,0x30e80000,0x346a0000)
 PSOldGen        total 349568K, used 340601K [0x18040000, 0x2d5a0000, 0x2d5a0000)
  object space 349568K, 97% used [0x18040000,0x2ccde6e8,0x2d5a0000)
 PSPermGen       total 65536K, used 61013K [0x10040000, 0x14040000, 0x18040000)
  object space 65536K, 93% used [0x10040000,0x13bd5528,0x14040000)
}
Total time for which application threads were stopped: 2.1303054 seconds
Application time: 0.9991834 seconds
Total time for which application threads were stopped: 0.0011842 seconds
Application time: 0.6105307 seconds
{Heap before GC invocations=153 (full 25):
 PSYoungGen      total 114944K, used 58240K [0x2d5a0000, 0x37ec0000, 0x38040000)
  eden space 58240K, 100% used [0x2d5a0000,0x30e80000,0x30e80000)
  from space 56704K, 0% used [0x34760000,0x34760000,0x37ec0000)
  to   space 57472K, 0% used [0x30e80000,0x30e80000,0x346a0000)
 PSOldGen        total 349568K, used 340601K [0x18040000, 0x2d5a0000, 0x2d5a0000)
  object space 349568K, 97% used [0x18040000,0x2ccde6e8,0x2d5a0000)
 PSPermGen       total 65536K, used 61021K [0x10040000, 0x14040000, 0x18040000)
  object space 65536K, 93% used [0x10040000,0x13bd76f8,0x14040000)
499.969: [Full GC [PSYoungGen: 58240K->0K(114944K)] [PSOldGen: 340601K->341020K(349568K)] 398841K->341020K(464512K) [PSPermGen: 61021K->61021K(65536K)], 1.8296026 secs] [Times: user=1.83 sys=0.00, real=1.83 secs] 
Heap after GC invocations=153 (full 25):
 PSYoungGen      total 114944K, used 0K [0x2d5a0000, 0x37ec0000, 0x38040000)
  eden space 58240K, 0% used [0x2d5a0000,0x2d5a0000,0x30e80000)
  from space 56704K, 0% used [0x34760000,0x34760000,0x37ec0000)
  to   space 57472K, 0% used [0x30e80000,0x30e80000,0x346a0000)
 PSOldGen        total 349568K, used 341020K [0x18040000, 0x2d5a0000, 0x2d5a0000)
  object space 349568K, 97% used [0x18040000,0x2cd47350,0x2d5a0000)
 PSPermGen       total 65536K, used 61021K [0x10040000, 0x14040000, 0x18040000)
  object space 65536K, 93% used [0x10040000,0x13bd76f8,0x14040000)
}
Total time for which application threads were stopped: 1.8312967 seconds
Application time: 0.9994008 seconds
Total time for which application threads were stopped: 0.0012395 seconds
Application time: 3.6384918 seconds
{Heap before GC invocations=154 (full 26):
 PSYoungGen      total 114944K, used 58240K [0x2d5a0000, 0x37ec0000, 0x38040000)
  eden space 58240K, 100% used [0x2d5a0000,0x30e80000,0x30e80000)
  from space 56704K, 0% used [0x34760000,0x34760000,0x37ec0000)
  to   space 57472K, 0% used [0x30e80000,0x30e80000,0x346a0000)
 PSOldGen        total 349568K, used 341020K [0x18040000, 0x2d5a0000, 0x2d5a0000)
  object space 349568K, 97% used [0x18040000,0x2cd47350,0x2d5a0000)
 PSPermGen       total 65536K, used 61031K [0x10040000, 0x14040000, 0x18040000)
  object space 65536K, 93% used [0x10040000,0x13bd9e50,0x14040000)
506.440: [Full GC [PSYoungGen: 58240K->0K(114944K)] [PSOldGen: 341020K->341267K(349568K)] 399260K->341267K(464512K) [PSPermGen: 61031K->61031K(65536K)], 1.7553415 secs] [Times: user=1.77 sys=0.00, real=1.77 secs] 
Heap after GC invocations=154 (full 26):
 PSYoungGen      total 114944K, used 0K [0x2d5a0000, 0x37ec0000, 0x38040000)
  eden space 58240K, 0% used [0x2d5a0000,0x2d5a0000,0x30e80000)
  from space 56704K, 0% used [0x34760000,0x34760000,0x37ec0000)
  to   space 57472K, 0% used [0x30e80000,0x30e80000,0x346a0000)
 PSOldGen        total 349568K, used 341267K [0x18040000, 0x2d5a0000, 0x2d5a0000)
  object space 349568K, 97% used [0x18040000,0x2cd84d38,0x2d5a0000)
 PSPermGen       total 65536K, used 61031K [0x10040000, 0x14040000, 0x18040000)
  object space 65536K, 93% used [0x10040000,0x13bd9e50,0x14040000)
}
Total time for which application threads were stopped: 1.7570331 seconds
Application time: 0.0354537 seconds
Total time for which application threads were stopped: 0.0019164 seconds
Application time: 0.0412156 seconds
Total time for which application threads were stopped: 0.0011504 seconds
Application time: 1.0000606 seconds
Total time for which application threads were stopped: 0.0012764 seconds
Application time: 1.9997014 seconds
Total time for which application threads were stopped: 0.0012731 seconds
Application time: 0.4674452 seconds
{Heap before GC invocations=155 (full 27):
 PSYoungGen      total 114944K, used 58240K [0x2d5a0000, 0x37ec0000, 0x38040000)
  eden space 58240K, 100% used [0x2d5a0000,0x30e80000,0x30e80000)
  from space 56704K, 0% used [0x34760000,0x34760000,0x37ec0000)
  to   space 57472K, 0% used [0x30e80000,0x30e80000,0x346a0000)
 PSOldGen        total 349568K, used 341267K [0x18040000, 0x2d5a0000, 0x2d5a0000)
  object space 349568K, 97% used [0x18040000,0x2cd84d38,0x2d5a0000)
 PSPermGen       total 65536K, used 61043K [0x10040000, 0x14040000, 0x18040000)
  object space 65536K, 93% used [0x10040000,0x13bdce10,0x14040000)
511.746: [Full GC [PSYoungGen: 58240K->0K(114944K)] [PSOldGen: 341267K->341654K(349568K)] 399507K->341654K(464512K) [PSPermGen: 61043K->61043K(65536K)], 1.8161358 secs] [Times: user=1.70 sys=0.02, real=1.81 secs] 
Heap after GC invocations=155 (full 27):
 PSYoungGen      total 114944K, used 0K [0x2d5a0000, 0x37ec0000, 0x38040000)
  eden space 58240K, 0% used [0x2d5a0000,0x2d5a0000,0x30e80000)
  from space 56704K, 0% used [0x34760000,0x34760000,0x37ec0000)
  to   space 57472K, 0% used [0x30e80000,0x30e80000,0x346a0000)
 PSOldGen        total 349568K, used 341654K [0x18040000, 0x2d5a0000, 0x2d5a0000)
  object space 349568K, 97% used [0x18040000,0x2cde5808,0x2d5a0000)
 PSPermGen       total 65536K, used 61043K [0x10040000, 0x14040000, 0x18040000)
  object space 65536K, 93% used [0x10040000,0x13bdce10,0x14040000)
}
Total time for which application threads were stopped: 1.8169128 seconds
Application time: 5.2571832 seconds
{Heap before GC invocations=156 (full 28):
 PSYoungGen      total 114944K, used 58240K [0x2d5a0000, 0x37ec0000, 0x38040000)
  eden space 58240K, 100% used [0x2d5a0000,0x30e80000,0x30e80000)
  from space 56704K, 0% used [0x34760000,0x34760000,0x37ec0000)
  to   space 57472K, 0% used [0x30e80000,0x30e80000,0x346a0000)
 PSOldGen        total 349568K, used 341654K [0x18040000, 0x2d5a0000, 0x2d5a0000)
  object space 349568K, 97% used [0x18040000,0x2cde5808,0x2d5a0000)
 PSPermGen       total 65536K, used 61050K [0x10040000, 0x14040000, 0x18040000)
  object space 65536K, 93% used [0x10040000,0x13bdeba0,0x14040000)
518.821: [Full GC [PSYoungGen: 58240K->0K(114944K)] [PSOldGen: 341654K->340430K(349568K)] 399894K->340430K(464512K) [PSPermGen: 61050K->60954K(65536K)], 2.0880693 secs] [Times: user=2.06 sys=0.00, real=2.08 secs] 
Heap after GC invocations=156 (full 28):
 PSYoungGen      total 114944K, used 0K [0x2d5a0000, 0x37ec0000, 0x38040000)
  eden space 58240K, 0% used [0x2d5a0000,0x2d5a0000,0x30e80000)
  from space 56704K, 0% used [0x34760000,0x34760000,0x37ec0000)
  to   space 57472K, 0% used [0x30e80000,0x30e80000,0x346a0000)
 PSOldGen        total 349568K, used 340430K [0x18040000, 0x2d5a0000, 0x2d5a0000)
  object space 349568K, 97% used [0x18040000,0x2ccb3938,0x2d5a0000)
 PSPermGen       total 65536K, used 60954K [0x10040000, 0x14040000, 0x18040000)
  object space 65536K, 93% used [0x10040000,0x13bc6a70,0x14040000)
}
Total time for which application threads were stopped: 2.0896963 seconds
Application time: 3.7702384 seconds
{Heap before GC invocations=157 (full 29):
 PSYoungGen      total 114944K, used 58240K [0x2d5a0000, 0x37ec0000, 0x38040000)
  eden space 58240K, 100% used [0x2d5a0000,0x30e80000,0x30e80000)
  from space 56704K, 0% used [0x34760000,0x34760000,0x37ec0000)
  to   space 57472K, 0% used [0x30e80000,0x30e80000,0x346a0000)
 PSOldGen        total 349568K, used 340430K [0x18040000, 0x2d5a0000, 0x2d5a0000)
  object space 349568K, 97% used [0x18040000,0x2ccb3938,0x2d5a0000)
 PSPermGen       total 65536K, used 60964K [0x10040000, 0x14040000, 0x18040000)
  object space 65536K, 93% used [0x10040000,0x13bc9228,0x14040000)
524.681: [Full GC [PSYoungGen: 58240K->0K(114944K)] [PSOldGen: 340430K->340645K(349568K)] 398670K->340645K(464512K) [PSPermGen: 60964K->60964K(65536K)], 1.7285121 secs] [Times: user=1.72 sys=0.00, real=1.72 secs] 
Heap after GC invocations=157 (full 29):
 PSYoungGen      total 114944K, used 0K [0x2d5a0000, 0x37ec0000, 0x38040000)
  eden space 58240K, 0% used [0x2d5a0000,0x2d5a0000,0x30e80000)
  from space 56704K, 0% used [0x34760000,0x34760000,0x37ec0000)
  to   space 57472K, 0% used [0x30e80000,0x30e80000,0x346a0000)
 PSOldGen        total 349568K, used 340645K [0x18040000, 0x2d5a0000, 0x2d5a0000)
  object space 349568K, 97% used [0x18040000,0x2cce9748,0x2d5a0000)
 PSPermGen       total 65536K, used 60964K [0x10040000, 0x14040000, 0x18040000)
  object space 65536K, 93% used [0x10040000,0x13bc9228,0x14040000)
}
Total time for which application threads were stopped: 1.7301573 seconds
Application time: 0.3830073 seconds
Total time for which application threads were stopped: 0.0010635 seconds
Application time: 3.5225024 seconds
{Heap before GC invocations=158 (full 30):
 PSYoungGen      total 114944K, used 58240K [0x2d5a0000, 0x37ec0000, 0x38040000)
  eden space 58240K, 100% used [0x2d5a0000,0x30e80000,0x30e80000)
  from space 56704K, 0% used [0x34760000,0x34760000,0x37ec0000)
  to   space 57472K, 0% used [0x30e80000,0x30e80000,0x346a0000)
 PSOldGen        total 349568K, used 340645K [0x18040000, 0x2d5a0000, 0x2d5a0000)
  object space 349568K, 97% used [0x18040000,0x2cce9748,0x2d5a0000)
 PSPermGen       total 65536K, used 60978K [0x10040000, 0x14040000, 0x18040000)
  object space 65536K, 93% used [0x10040000,0x13bcc918,0x14040000)
530.317: [Full GC [PSYoungGen: 58240K->0K(114944K)] [PSOldGen: 340645K->341114K(349568K)] 398885K->341114K(464512K) [PSPermGen: 60978K->60978K(65536K)], 1.7554795 secs] [Times: user=1.75 sys=0.02, real=1.77 secs] 
Heap after GC invocations=158 (full 30):
 PSYoungGen      total 114944K, used 0K [0x2d5a0000, 0x37ec0000, 0x38040000)
  eden space 58240K, 0% used [0x2d5a0000,0x2d5a0000,0x30e80000)
  from space 56704K, 0% used [0x34760000,0x34760000,0x37ec0000)
  to   space 57472K, 0% used [0x30e80000,0x30e80000,0x346a0000)
 PSOldGen        total 349568K, used 341114K [0x18040000, 0x2d5a0000, 0x2d5a0000)
  object space 349568K, 97% used [0x18040000,0x2cd5e940,0x2d5a0000)
 PSPermGen       total 65536K, used 60978K [0x10040000, 0x14040000, 0x18040000)
  object space 65536K, 93% used [0x10040000,0x13bcc918,0x14040000)
}
Total time for which application threads were stopped: 1.7570289 seconds
Application time: 0.9996433 seconds
Total time for which application threads were stopped: 0.0015320 seconds
Application time: 2.0639321 seconds
{Heap before GC invocations=159 (full 31):
 PSYoungGen      total 114944K, used 58240K [0x2d5a0000, 0x37ec0000, 0x38040000)
  eden space 58240K, 100% used [0x2d5a0000,0x30e80000,0x30e80000)
  from space 56704K, 0% used [0x34760000,0x34760000,0x37ec0000)
  to   space 57472K, 0% used [0x30e80000,0x30e80000,0x346a0000)
 PSOldGen        total 349568K, used 341114K [0x18040000, 0x2d5a0000, 0x2d5a0000)
  object space 349568K, 97% used [0x18040000,0x2cd5e940,0x2d5a0000)
 PSPermGen       total 65536K, used 60988K [0x10040000, 0x14040000, 0x18040000)
  object space 65536K, 93% used [0x10040000,0x13bcf328,0x14040000)
535.139: [Full GC [PSYoungGen: 58240K->0K(114944K)] [PSOldGen: 341114K->341736K(349568K)] 399354K->341736K(464512K) [PSPermGen: 60988K->60988K(65536K)], 1.7848000 secs] [Times: user=1.77 sys=0.00, real=1.78 secs] 
Heap after GC invocations=159 (full 31):
 PSYoungGen      total 114944K, used 0K [0x2d5a0000, 0x37ec0000, 0x38040000)
  eden space 58240K, 0% used [0x2d5a0000,0x2d5a0000,0x30e80000)
  from space 56704K, 0% used [0x34760000,0x34760000,0x37ec0000)
  to   space 57472K, 0% used [0x30e80000,0x30e80000,0x346a0000)
 PSOldGen        total 349568K, used 341736K [0x18040000, 0x2d5a0000, 0x2d5a0000)
  object space 349568K, 97% used [0x18040000,0x2cdfa290,0x2d5a0000)
 PSPermGen       total 65536K, used 60988K [0x10040000, 0x14040000, 0x18040000)
  object space 65536K, 93% used [0x10040000,0x13bcf328,0x14040000)
}
Total time for which application threads were stopped: 1.7860474 seconds
Application time: 6.4626244 seconds
{Heap before GC invocations=160 (full 32):
 PSYoungGen      total 114944K, used 58240K [0x2d5a0000, 0x37ec0000, 0x38040000)
  eden space 58240K, 100% used [0x2d5a0000,0x30e80000,0x30e80000)
  from space 56704K, 0% used [0x34760000,0x34760000,0x37ec0000)
  to   space 57472K, 0% used [0x30e80000,0x30e80000,0x346a0000)
 PSOldGen        total 349568K, used 341736K [0x18040000, 0x2d5a0000, 0x2d5a0000)
  object space 349568K, 97% used [0x18040000,0x2cdfa290,0x2d5a0000)
 PSPermGen       total 65536K, used 60998K [0x10040000, 0x14040000, 0x18040000)
  object space 65536K, 93% used [0x10040000,0x13bd1bf8,0x14040000)
543.388: [Full GC [PSYoungGen: 58240K->0K(114944K)] [PSOldGen: 341736K->340471K(349568K)] 399976K->340471K(464512K) [PSPermGen: 60998K->60943K(65536K)], 2.0986030 secs] [Times: user=2.08 sys=0.00, real=2.09 secs] 
Heap after GC invocations=160 (full 32):
 PSYoungGen      total 114944K, used 0K [0x2d5a0000, 0x37ec0000, 0x38040000)
  eden space 58240K, 0% used [0x2d5a0000,0x2d5a0000,0x30e80000)
  from space 56704K, 0% used [0x34760000,0x34760000,0x37ec0000)
  to   space 57472K, 0% used [0x30e80000,0x30e80000,0x346a0000)
 PSOldGen        total 349568K, used 340471K [0x18040000, 0x2d5a0000, 0x2d5a0000)
  object space 349568K, 97% used [0x18040000,0x2ccbde78,0x2d5a0000)
 PSPermGen       total 65536K, used 60943K [0x10040000, 0x14040000, 0x18040000)
  object space 65536K, 92% used [0x10040000,0x13bc3c80,0x14040000)
}
Total time for which application threads were stopped: 2.1001164 seconds
Application time: 5.3591973 seconds
{Heap before GC invocations=161 (full 33):
 PSYoungGen      total 114944K, used 58240K [0x2d5a0000, 0x37ec0000, 0x38040000)
  eden space 58240K, 100% used [0x2d5a0000,0x30e80000,0x30e80000)
  from space 56704K, 0% used [0x34760000,0x34760000,0x37ec0000)
  to   space 57472K, 0% used [0x30e80000,0x30e80000,0x346a0000)
 PSOldGen        total 349568K, used 340471K [0x18040000, 0x2d5a0000, 0x2d5a0000)
  object space 349568K, 97% used [0x18040000,0x2ccbde78,0x2d5a0000)
 PSPermGen       total 65536K, used 60952K [0x10040000, 0x14040000, 0x18040000)
  object space 65536K, 93% used [0x10040000,0x13bc63f0,0x14040000)
550.848: [Full GC [PSYoungGen: 58240K->0K(114944K)] [PSOldGen: 340471K->340587K(349568K)] 398711K->340587K(464512K) [PSPermGen: 60952K->60952K(65536K)], 1.7767772 secs] [Times: user=1.77 sys=0.00, real=1.78 secs] 
Heap after GC invocations=161 (full 33):
 PSYoungGen      total 114944K, used 0K [0x2d5a0000, 0x37ec0000, 0x38040000)
  eden space 58240K, 0% used [0x2d5a0000,0x2d5a0000,0x30e80000)
  from space 56704K, 0% used [0x34760000,0x34760000,0x37ec0000)
  to   space 57472K, 0% used [0x30e80000,0x30e80000,0x346a0000)
 PSOldGen        total 349568K, used 340587K [0x18040000, 0x2d5a0000, 0x2d5a0000)
  object space 349568K, 97% used [0x18040000,0x2ccdad88,0x2d5a0000)
 PSPermGen       total 65536K, used 60952K [0x10040000, 0x14040000, 0x18040000)
  object space 65536K, 93% used [0x10040000,0x13bc63f0,0x14040000)
}
Total time for which application threads were stopped: 1.7783431 seconds
Application time: 0.2492778 seconds
Total time for which application threads were stopped: 0.0012650 seconds
Application time: 0.0000405 seconds
Total time for which application threads were stopped: 0.0013275 seconds
Application time: 0.0102580 seconds
Total time for which application threads were stopped: 0.0015982 seconds
Application time: 0.0032649 seconds
Total time for which application threads were stopped: 0.0014393 seconds
Application time: 0.0255692 seconds
Total time for which application threads were stopped: 0.0016737 seconds
Application time: 0.0032180 seconds
Total time for which application threads were stopped: 0.0013555 seconds
Application time: 0.0040374 seconds
Total time for which application threads were stopped: 0.0015421 seconds
Application time: 0.0085882 seconds
Total time for which application threads were stopped: 0.0022332 seconds
Application time: 0.0032222 seconds
Total time for which application threads were stopped: 0.0014605 seconds
Application time: 0.0034024 seconds
Total time for which application threads were stopped: 0.0013613 seconds
Application time: 0.0098736 seconds
Total time for which application threads were stopped: 0.0015211 seconds
Application time: 0.0121222 seconds
Total time for which application threads were stopped: 0.0015577 seconds
Application time: 0.0037139 seconds
Total time for which application threads were stopped: 0.0013197 seconds
Application time: 0.0100013 seconds
Total time for which application threads were stopped: 0.0015868 seconds
Application time: 0.0030638 seconds
Total time for which application threads were stopped: 0.0012759 seconds
Application time: 0.0134802 seconds
Total time for which application threads were stopped: 0.0018008 seconds
Application time: 0.1661854 seconds
Total time for which application threads were stopped: 0.0017173 seconds
Application time: 0.0074171 seconds
Total time for which application threads were stopped: 0.0015879 seconds
Application time: 0.0089388 seconds
Total time for which application threads were stopped: 0.0016117 seconds
Application time: 0.0074322 seconds
Total time for which application threads were stopped: 0.0015242 seconds
Application time: 0.0066623 seconds
Total time for which application threads were stopped: 0.0018092 seconds
Application time: 0.0052417 seconds
Total time for which application threads were stopped: 0.0015454 seconds
Application time: 0.0048258 seconds
Total time for which application threads were stopped: 0.0017142 seconds
Application time: 0.0063681 seconds
Total time for which application threads were stopped: 0.0015767 seconds
Application time: 0.0071515 seconds
Total time for which application threads were stopped: 0.0017050 seconds
Application time: 0.0044237 seconds
Total time for which application threads were stopped: 0.0018455 seconds
Application time: 0.0056113 seconds
Total time for which application threads were stopped: 0.0017332 seconds
Application time: 0.0029518 seconds
Total time for which application threads were stopped: 0.0013429 seconds
Application time: 0.0052356 seconds
Total time for which application threads were stopped: 0.0015516 seconds
Application time: 0.0033172 seconds
Total time for which application threads were stopped: 0.0017924 seconds
Application time: 0.0034099 seconds
Total time for which application threads were stopped: 0.0015832 seconds
Application time: 0.0031842 seconds
Total time for which application threads were stopped: 0.0019178 seconds
Application time: 0.0034530 seconds
Total time for which application threads were stopped: 0.0018924 seconds
Application time: 0.0038673 seconds
Total time for which application threads were stopped: 0.0017938 seconds
Application time: 0.0039452 seconds
Total time for which application threads were stopped: 0.0013775 seconds
Application time: 0.0043626 seconds
Total time for which application threads were stopped: 0.0016829 seconds
Application time: 0.0039796 seconds
Total time for which application threads were stopped: 0.0017033 seconds
Application time: 0.0038063 seconds
Total time for which application threads were stopped: 0.0016248 seconds
Application time: 0.0038388 seconds
Total time for which application threads were stopped: 0.0017966 seconds
Application time: 0.0076021 seconds
Total time for which application threads were stopped: 0.0016089 seconds
Application time: 0.0041888 seconds
Total time for which application threads were stopped: 0.0017136 seconds
Application time: 0.0052593 seconds
Total time for which application threads were stopped: 0.0017083 seconds
Application time: 0.0034178 seconds
Total time for which application threads were stopped: 0.0013764 seconds
Application time: 0.0029381 seconds
Total time for which application threads were stopped: 0.0012661 seconds
Application time: 0.0037996 seconds
Total time for which application threads were stopped: 0.0015242 seconds
Application time: 0.0043321 seconds
Total time for which application threads were stopped: 0.0025788 seconds
Application time: 0.0046707 seconds
Total time for which application threads were stopped: 0.0016209 seconds
Application time: 0.0031987 seconds
Total time for which application threads were stopped: 0.0018460 seconds
Application time: 0.0038622 seconds
Total time for which application threads were stopped: 0.0017466 seconds
Application time: 0.0041396 seconds
Total time for which application threads were stopped: 0.0014164 seconds
Application time: 0.0035027 seconds
Total time for which application threads were stopped: 0.0013661 seconds
Application time: 0.0028607 seconds
Total time for which application threads were stopped: 0.0012144 seconds
Application time: 0.0036463 seconds
Total time for which application threads were stopped: 0.0012932 seconds
Application time: 0.0027476 seconds
Total time for which application threads were stopped: 0.0012460 seconds
Application time: 0.1016434 seconds
Total time for which application threads were stopped: 0.0017399 seconds
Application time: 0.0064271 seconds
Total time for which application threads were stopped: 0.0016128 seconds
Application time: 0.0040206 seconds
Total time for which application threads were stopped: 0.0014102 seconds
Application time: 0.0094976 seconds
Total time for which application threads were stopped: 0.0019262 seconds
Application time: 0.0033359 seconds
Total time for which application threads were stopped: 0.0014323 seconds
Application time: 0.0044729 seconds
Total time for which application threads were stopped: 0.0016142 seconds
Application time: 0.0049241 seconds
Total time for which application threads were stopped: 0.0016019 seconds
Application time: 0.0043665 seconds
Total time for which application threads were stopped: 0.0017145 seconds
Application time: 0.0033275 seconds
Total time for which application threads were stopped: 0.0019033 seconds
Application time: 0.0047433 seconds
Total time for which application threads were stopped: 0.0015776 seconds
Application time: 0.0043704 seconds
Total time for which application threads were stopped: 0.0019279 seconds
Application time: 0.0096697 seconds
Total time for which application threads were stopped: 0.0034412 seconds
Application time: 0.0030026 seconds
Total time for which application threads were stopped: 0.0020712 seconds
Application time: 0.0060125 seconds
Total time for which application threads were stopped: 0.0028297 seconds
Application time: 0.0106949 seconds
Total time for which application threads were stopped: 0.0015332 seconds
Application time: 0.0033102 seconds
Total time for which application threads were stopped: 0.0014820 seconds
Application time: 0.0035454 seconds
Total time for which application threads were stopped: 0.0014580 seconds
Application time: 0.0042341 seconds
Total time for which application threads were stopped: 0.0014426 seconds
Application time: 0.0031856 seconds
Total time for which application threads were stopped: 0.0014382 seconds
Application time: 0.0039086 seconds
Total time for which application threads were stopped: 0.0013574 seconds
Application time: 0.0035136 seconds
Total time for which application threads were stopped: 0.0021735 seconds
Application time: 0.0032423 seconds
Total time for which application threads were stopped: 0.0015636 seconds
Application time: 0.0036717 seconds
Total time for which application threads were stopped: 0.0016321 seconds
Application time: 0.0035429 seconds
Total time for which application threads were stopped: 0.0016010 seconds
Application time: 0.0034904 seconds
Total time for which application threads were stopped: 0.0014359 seconds
Application time: 0.0032680 seconds
Total time for which application threads were stopped: 0.0014331 seconds
Application time: 0.0036418 seconds
Total time for which application threads were stopped: 0.0013689 seconds
Application time: 0.0029736 seconds
Total time for which application threads were stopped: 0.0015013 seconds
Application time: 0.0033895 seconds
Total time for which application threads were stopped: 0.0017340 seconds
Application time: 0.0040743 seconds
Total time for which application threads were stopped: 0.0014597 seconds
Application time: 0.0029582 seconds
Total time for which application threads were stopped: 0.0012680 seconds
Application time: 0.0106243 seconds
Total time for which application threads were stopped: 0.0016938 seconds
Application time: 0.0104762 seconds
Total time for which application threads were stopped: 0.0023162 seconds
Application time: 0.0034449 seconds
Total time for which application threads were stopped: 0.0019259 seconds
Application time: 0.0994557 seconds
Total time for which application threads were stopped: 0.0017385 seconds
Application time: 0.0032901 seconds
Total time for which application threads were stopped: 0.0013722 seconds
Application time: 0.0039069 seconds
Total time for which application threads were stopped: 0.0016374 seconds
Application time: 0.0113500 seconds
Total time for which application threads were stopped: 0.0022969 seconds
Application time: 0.0043712 seconds
Total time for which application threads were stopped: 0.0015502 seconds
Application time: 0.0111950 seconds
Total time for which application threads were stopped: 0.0016494 seconds
Application time: 0.0059055 seconds
Total time for which application threads were stopped: 0.0022467 seconds
Application time: 0.0030345 seconds
Total time for which application threads were stopped: 0.0017416 seconds
Application time: 0.0043221 seconds
Total time for which application threads were stopped: 0.0016128 seconds
Application time: 0.0033613 seconds
Total time for which application threads were stopped: 0.0017354 seconds
Application time: 0.0032647 seconds
Total time for which application threads were stopped: 0.0014829 seconds
Application time: 0.0035418 seconds
Total time for which application threads were stopped: 0.0018427 seconds
Application time: 0.0033856 seconds
Total time for which application threads were stopped: 0.0018036 seconds
Application time: 0.0034569 seconds
Total time for which application threads were stopped: 0.0014555 seconds
Application time: 0.0104329 seconds
Total time for which application threads were stopped: 0.0022277 seconds
Application time: 0.0036798 seconds
Total time for which application threads were stopped: 0.0015893 seconds
Application time: 0.0033865 seconds
Total time for which application threads were stopped: 0.0015544 seconds
Application time: 0.0058471 seconds
Total time for which application threads were stopped: 0.0017016 seconds
Application time: 0.0032250 seconds
Total time for which application threads were stopped: 0.0016008 seconds
Application time: 0.0038005 seconds
Total time for which application threads were stopped: 0.0017603 seconds
Application time: 0.0023087 seconds
{Heap before GC invocations=162 (full 34):
 PSYoungGen      total 114944K, used 58240K [0x2d5a0000, 0x37ec0000, 0x38040000)
  eden space 58240K, 100% used [0x2d5a0000,0x30e80000,0x30e80000)
  from space 56704K, 0% used [0x34760000,0x34760000,0x37ec0000)
  to   space 57472K, 0% used [0x30e80000,0x30e80000,0x346a0000)
 PSOldGen        total 349568K, used 340587K [0x18040000, 0x2d5a0000, 0x2d5a0000)
  object space 349568K, 97% used [0x18040000,0x2ccdad88,0x2d5a0000)
 PSPermGen       total 65536K, used 60977K [0x10040000, 0x14040000, 0x18040000)
  object space 65536K, 93% used [0x10040000,0x13bcc638,0x14040000)
553.965: [Full GC [PSYoungGen: 58240K->0K(114944K)] [PSOldGen: 340587K->343132K(349568K)] 398827K->343132K(464512K) [PSPermGen: 60977K->60977K(65536K)], 1.7873459 secs] [Times: user=1.75 sys=0.00, real=1.78 secs] 
Heap after GC invocations=162 (full 34):
 PSYoungGen      total 114944K, used 0K [0x2d5a0000, 0x37ec0000, 0x38040000)
  eden space 58240K, 0% used [0x2d5a0000,0x2d5a0000,0x30e80000)
  from space 56704K, 0% used [0x34760000,0x34760000,0x37ec0000)
  to   space 57472K, 0% used [0x30e80000,0x30e80000,0x346a0000)
 PSOldGen        total 349568K, used 343132K [0x18040000, 0x2d5a0000, 0x2d5a0000)
  object space 349568K, 98% used [0x18040000,0x2cf572d8,0x2d5a0000)
 PSPermGen       total 65536K, used 60977K [0x10040000, 0x14040000, 0x18040000)
  object space 65536K, 93% used [0x10040000,0x13bcc638,0x14040000)
}
Total time for which application threads were stopped: 1.7881597 seconds
Application time: 0.0088740 seconds
Total time for which application threads were stopped: 0.0065589 seconds
Application time: 0.0453697 seconds
Total time for which application threads were stopped: 0.0019287 seconds
Application time: 0.0048623 seconds
Total time for which application threads were stopped: 0.0016684 seconds
Application time: 0.0058706 seconds
Total time for which application threads were stopped: 0.0016930 seconds
Application time: 0.0037075 seconds
Total time for which application threads were stopped: 0.0017142 seconds
Application time: 0.0040695 seconds
Total time for which application threads were stopped: 0.0016019 seconds
Application time: 0.0035027 seconds
Total time for which application threads were stopped: 0.0015586 seconds
Application time: 0.0034599 seconds
Total time for which application threads were stopped: 0.0016494 seconds
Application time: 0.0045687 seconds
Total time for which application threads were stopped: 0.0016854 seconds
Application time: 0.0034530 seconds
Total time for which application threads were stopped: 0.0015435 seconds
Application time: 0.0037407 seconds
Total time for which application threads were stopped: 0.0015829 seconds
Application time: 0.0057722 seconds
Total time for which application threads were stopped: 0.0017396 seconds
Application time: 0.1441043 seconds
Total time for which application threads were stopped: 0.0016879 seconds
Application time: 0.0044506 seconds
Total time for which application threads were stopped: 0.0016985 seconds
Application time: 0.0314585 seconds
Total time for which application threads were stopped: 0.0018452 seconds
Application time: 0.0030068 seconds
Total time for which application threads were stopped: 0.0011800 seconds
Application time: 0.0026956 seconds
Total time for which application threads were stopped: 0.0015843 seconds
Application time: 0.0039198 seconds
Total time for which application threads were stopped: 0.0015770 seconds
Application time: 0.0038974 seconds
Total time for which application threads were stopped: 0.0015580 seconds
Application time: 0.0029652 seconds
Total time for which application threads were stopped: 0.0013060 seconds
Application time: 0.0028269 seconds
Total time for which application threads were stopped: 0.0012200 seconds
Application time: 0.0036267 seconds
Total time for which application threads were stopped: 0.0014770 seconds
Application time: 0.0029233 seconds
Total time for which application threads were stopped: 0.0012164 seconds
Application time: 0.0030319 seconds
Total time for which application threads were stopped: 0.0016955 seconds
Application time: 0.0037887 seconds
Total time for which application threads were stopped: 0.0016642 seconds
Application time: 0.0037982 seconds
Total time for which application threads were stopped: 0.0017114 seconds
Application time: 0.0041310 seconds
Total time for which application threads were stopped: 0.0016265 seconds
Application time: 0.0032518 seconds
Total time for which application threads were stopped: 0.0016759 seconds
Application time: 0.0074359 seconds
Total time for which application threads were stopped: 0.0018257 seconds
Application time: 0.0034275 seconds
Total time for which application threads were stopped: 0.0014893 seconds
Application time: 0.0030029 seconds
Total time for which application threads were stopped: 0.0014910 seconds
Application time: 0.0028909 seconds
Total time for which application threads were stopped: 0.0014044 seconds
Application time: 0.0030984 seconds
Total time for which application threads were stopped: 0.0016703 seconds
Application time: 0.0031409 seconds
Total time for which application threads were stopped: 0.0018544 seconds
Application time: 0.0033513 seconds
Total time for which application threads were stopped: 0.0017133 seconds
Application time: 0.0031546 seconds
Total time for which application threads were stopped: 0.0015393 seconds
Application time: 0.0031761 seconds
Total time for which application threads were stopped: 0.0017301 seconds
Application time: 0.0029942 seconds
Total time for which application threads were stopped: 0.0014524 seconds
Application time: 0.0028425 seconds
Total time for which application threads were stopped: 0.0012722 seconds
Application time: 0.0042070 seconds
Total time for which application threads were stopped: 0.0014868 seconds
Application time: 0.0044402 seconds
Total time for which application threads were stopped: 0.0014728 seconds
Application time: 0.0039511 seconds
Total time for which application threads were stopped: 0.0016376 seconds
Application time: 0.0032814 seconds
Total time for which application threads were stopped: 0.0015002 seconds
Application time: 0.0036111 seconds
Total time for which application threads were stopped: 0.0015197 seconds
Application time: 0.0035619 seconds
Total time for which application threads were stopped: 0.0014533 seconds
Application time: 0.0034831 seconds
Total time for which application threads were stopped: 0.0014630 seconds
Application time: 0.0036563 seconds
Total time for which application threads were stopped: 0.0013521 seconds
Application time: 0.0033507 seconds
Total time for which application threads were stopped: 0.0014228 seconds
Application time: 0.0058818 seconds
Total time for which application threads were stopped: 0.0017670 seconds
Application time: 0.0046327 seconds
Total time for which application threads were stopped: 0.0015413 seconds
Application time: 0.1645223 seconds
Total time for which application threads were stopped: 0.0019958 seconds
Application time: 0.0034630 seconds
Total time for which application threads were stopped: 0.0027286 seconds
Application time: 0.0054946 seconds
Total time for which application threads were stopped: 0.0015413 seconds
Application time: 0.0029046 seconds
Total time for which application threads were stopped: 0.0013435 seconds
Application time: 0.0028090 seconds
Total time for which application threads were stopped: 0.0012264 seconds
Application time: 0.0027540 seconds
Total time for which application threads were stopped: 0.0012781 seconds
Application time: 0.0038930 seconds
Total time for which application threads were stopped: 0.0014966 seconds
Application time: 0.0035264 seconds
Total time for which application threads were stopped: 0.0015007 seconds
Application time: 0.0029543 seconds
Total time for which application threads were stopped: 0.0014572 seconds
Application time: 0.0037044 seconds
Total time for which application threads were stopped: 0.0014932 seconds
Application time: 0.0030546 seconds
Total time for which application threads were stopped: 0.0014776 seconds
Application time: 0.0029367 seconds
Total time for which application threads were stopped: 0.0012002 seconds
Application time: 0.0032683 seconds
Total time for which application threads were stopped: 0.0015351 seconds
Application time: 0.0032789 seconds
Total time for which application threads were stopped: 0.0015290 seconds
Application time: 0.0029467 seconds
Total time for which application threads were stopped: 0.0013572 seconds
Application time: 0.0027937 seconds
Total time for which application threads were stopped: 0.0012217 seconds
Application time: 0.0028437 seconds
Total time for which application threads were stopped: 0.0012535 seconds
Application time: 0.0038312 seconds
Total time for which application threads were stopped: 0.0015007 seconds
Application time: 0.0033032 seconds
Total time for which application threads were stopped: 0.0012152 seconds
Application time: 0.0052009 seconds
Total time for which application threads were stopped: 0.0016675 seconds
Application time: 0.0032487 seconds
Total time for which application threads were stopped: 0.0016080 seconds
Application time: 0.0029599 seconds
Total time for which application threads were stopped: 0.0012683 seconds
Application time: 0.0027434 seconds
Total time for which application threads were stopped: 0.0011831 seconds
Application time: 0.0027252 seconds
Total time for which application threads were stopped: 0.0011337 seconds
Application time: 0.0026953 seconds
Total time for which application threads were stopped: 0.0011630 seconds
Application time: 0.0033605 seconds
Total time for which application threads were stopped: 0.0014561 seconds
Application time: 0.0030381 seconds
Total time for which application threads were stopped: 0.0013683 seconds
Application time: 0.0029962 seconds
Total time for which application threads were stopped: 0.0013887 seconds
Application time: 0.0034683 seconds
Total time for which application threads were stopped: 0.0012809 seconds
Application time: 0.0030311 seconds
Total time for which application threads were stopped: 0.0013963 seconds
Application time: 0.0030275 seconds
Total time for which application threads were stopped: 0.0014432 seconds
Application time: 0.0030571 seconds
Total time for which application threads were stopped: 0.0016251 seconds
Application time: 0.0033242 seconds
Total time for which application threads were stopped: 0.0015438 seconds
Application time: 0.0031881 seconds
Total time for which application threads were stopped: 0.0014331 seconds
Application time: 0.0034164 seconds
Total time for which application threads were stopped: 0.0013546 seconds
Application time: 0.0029101 seconds
Total time for which application threads were stopped: 0.0018405 seconds
Application time: 0.0033555 seconds
Total time for which application threads were stopped: 0.0015614 seconds
Application time: 0.0029733 seconds
Total time for which application threads were stopped: 0.0013454 seconds
Application time: 0.0028917 seconds
Total time for which application threads were stopped: 0.0012538 seconds
Application time: 0.0028289 seconds
Total time for which application threads were stopped: 0.0013267 seconds
Application time: 0.0029185 seconds
Total time for which application threads were stopped: 0.0013315 seconds
Application time: 0.0030068 seconds
Total time for which application threads were stopped: 0.0015077 seconds
Application time: 0.0031021 seconds
Total time for which application threads were stopped: 0.0015167 seconds
Application time: 0.0048143 seconds
Total time for which application threads were stopped: 0.0017773 seconds
Application time: 0.0029618 seconds
Total time for which application threads were stopped: 0.0013890 seconds
Application time: 0.0030051 seconds
Total time for which application threads were stopped: 0.0014220 seconds
Application time: 0.0029934 seconds
Total time for which application threads were stopped: 0.0016857 seconds
Application time: 0.0031767 seconds
Total time for which application threads were stopped: 0.0013971 seconds
Application time: 0.0096694 seconds
Total time for which application threads were stopped: 0.0016153 seconds
Application time: 0.0033588 seconds
Total time for which application threads were stopped: 0.0014125 seconds
Application time: 0.0028632 seconds
Total time for which application threads were stopped: 0.0012217 seconds
Application time: 0.0030669 seconds
Total time for which application threads were stopped: 0.0013965 seconds
Application time: 0.0051389 seconds
Total time for which application threads were stopped: 0.0015904 seconds
Application time: 0.0029814 seconds
Total time for which application threads were stopped: 0.0018296 seconds
Application time: 0.0031546 seconds
Total time for which application threads were stopped: 0.0013960 seconds
Application time: 0.0030292 seconds
Total time for which application threads were stopped: 0.0013382 seconds
Application time: 0.0027911 seconds
Total time for which application threads were stopped: 0.0013926 seconds
Application time: 0.0028319 seconds
Total time for which application threads were stopped: 0.0012706 seconds
Application time: 0.0027140 seconds
Total time for which application threads were stopped: 0.0011602 seconds
Application time: 0.0029104 seconds
Total time for which application threads were stopped: 0.0014211 seconds
Application time: 0.0039293 seconds
Total time for which application threads were stopped: 0.0013619 seconds
Application time: 0.0153595 seconds
Total time for which application threads were stopped: 0.0020064 seconds
Application time: 0.0063849 seconds
Total time for which application threads were stopped: 0.0016851 seconds
Application time: 0.0115984 seconds
Total time for which application threads were stopped: 0.0023391 seconds
Application time: 0.0051741 seconds
Total time for which application threads were stopped: 0.0017147 seconds
Application time: 0.0085056 seconds
Total time for which application threads were stopped: 0.0016566 seconds
Application time: 0.0050744 seconds
Total time for which application threads were stopped: 0.0014491 seconds
Application time: 0.0033163 seconds
Total time for which application threads were stopped: 0.0013496 seconds
Application time: 0.0072071 seconds
Total time for which application threads were stopped: 0.0018170 seconds
Application time: 0.0075663 seconds
Total time for which application threads were stopped: 0.0021039 seconds
Application time: 0.0069785 seconds
Total time for which application threads were stopped: 0.0017600 seconds
Application time: 0.0107139 seconds
Total time for which application threads were stopped: 0.0018245 seconds
Application time: 0.0067416 seconds
Total time for which application threads were stopped: 0.0016105 seconds
Application time: 0.0079535 seconds
Total time for which application threads were stopped: 0.0058876 seconds
Application time: 0.0093735 seconds
Total time for which application threads were stopped: 0.0016913 seconds
Application time: 0.0030314 seconds
Total time for which application threads were stopped: 0.0014963 seconds
Application time: 0.0030230 seconds
Total time for which application threads were stopped: 0.0013407 seconds
Application time: 0.0030859 seconds
Total time for which application threads were stopped: 0.0013558 seconds
Application time: 0.0038125 seconds
Total time for which application threads were stopped: 0.0014315 seconds
Application time: 0.0030250 seconds
Total time for which application threads were stopped: 0.0013655 seconds
Application time: 0.0029976 seconds
Total time for which application threads were stopped: 0.0014474 seconds
Application time: 0.0031747 seconds
Total time for which application threads were stopped: 0.0013965 seconds
Application time: 0.0035750 seconds
Total time for which application threads were stopped: 0.0013862 seconds
Application time: 0.0029884 seconds
Total time for which application threads were stopped: 0.0013217 seconds
Application time: 0.0033686 seconds
Total time for which application threads were stopped: 0.0013968 seconds
Application time: 0.0035817 seconds
Total time for which application threads were stopped: 0.0013960 seconds
Application time: 0.0030549 seconds
Total time for which application threads were stopped: 0.0013748 seconds
Application time: 0.0041888 seconds
Total time for which application threads were stopped: 0.0014926 seconds
Application time: 0.0030462 seconds
Total time for which application threads were stopped: 0.0013572 seconds
Application time: 0.0030339 seconds
Total time for which application threads were stopped: 0.0016938 seconds
Application time: 0.0038217 seconds
Total time for which application threads were stopped: 0.0019508 seconds
Application time: 0.0035267 seconds
Total time for which application threads were stopped: 0.0014742 seconds
Application time: 0.0036203 seconds
Total time for which application threads were stopped: 0.0015044 seconds
Application time: 0.5629654 seconds
{Heap before GC invocations=163 (full 35):
 PSYoungGen      total 114944K, used 57825K [0x2d5a0000, 0x37ec0000, 0x38040000)
  eden space 58240K, 99% used [0x2d5a0000,0x30e18608,0x30e80000)
  from space 56704K, 0% used [0x34760000,0x34760000,0x37ec0000)
  to   space 57472K, 0% used [0x30e80000,0x30e80000,0x346a0000)
 PSOldGen        total 349568K, used 343132K [0x18040000, 0x2d5a0000, 0x2d5a0000)
  object space 349568K, 98% used [0x18040000,0x2cf572d8,0x2d5a0000)
 PSPermGen       total 65536K, used 60992K [0x10040000, 0x14040000, 0x18040000)
  object space 65536K, 93% used [0x10040000,0x13bd0330,0x14040000)
557.489: [Full GC [PSYoungGen: 57825K->0K(114944K)] [PSOldGen: 343132K->348160K(349568K)] 400958K->348160K(464512K) [PSPermGen: 60992K->60992K(65536K)], 1.7935612 secs] [Times: user=1.77 sys=0.00, real=1.80 secs] 
Heap after GC invocations=163 (full 35):
 PSYoungGen      total 114944K, used 0K [0x2d5a0000, 0x37ec0000, 0x38040000)
  eden space 58240K, 0% used [0x2d5a0000,0x2d5a0000,0x30e80000)
  from space 56704K, 0% used [0x34760000,0x34760000,0x37ec0000)
  to   space 57472K, 0% used [0x30e80000,0x30e80000,0x346a0000)
 PSOldGen        total 349568K, used 348160K [0x18040000, 0x2d5a0000, 0x2d5a0000)
  object space 349568K, 99% used [0x18040000,0x2d440050,0x2d5a0000)
 PSPermGen       total 65536K, used 60992K [0x10040000, 0x14040000, 0x18040000)
  object space 65536K, 93% used [0x10040000,0x13bd0330,0x14040000)
}
Total time for which application threads were stopped: 1.7955992 seconds
Application time: 1.0017715 seconds
Total time for which application threads were stopped: 0.0013851 seconds
Application time: 0.9995776 seconds
Total time for which application threads were stopped: 0.0010320 seconds
Application time: 0.3842455 seconds
{Heap before GC invocations=164 (full 36):
 PSYoungGen      total 114944K, used 58240K [0x2d5a0000, 0x37ec0000, 0x38040000)
  eden space 58240K, 100% used [0x2d5a0000,0x30e80000,0x30e80000)
  from space 56704K, 0% used [0x34760000,0x34760000,0x37ec0000)
  to   space 57472K, 0% used [0x30e80000,0x30e80000,0x346a0000)
 PSOldGen        total 349568K, used 348160K [0x18040000, 0x2d5a0000, 0x2d5a0000)
  object space 349568K, 99% used [0x18040000,0x2d440050,0x2d5a0000)
 PSPermGen       total 65536K, used 61004K [0x10040000, 0x14040000, 0x18040000)
  object space 65536K, 93% used [0x10040000,0x13bd3230,0x14040000)
561.671: [Full GC [PSYoungGen: 58240K->0K(114944K)] [PSOldGen: 348160K->332103K(349568K)] 406400K->332103K(464512K) [PSPermGen: 61004K->60916K(65536K)], 2.0889652 secs] [Times: user=2.08 sys=0.02, real=2.09 secs] 
Heap after GC invocations=164 (full 36):
 PSYoungGen      total 114944K, used 0K [0x2d5a0000, 0x37ec0000, 0x38040000)
  eden space 58240K, 0% used [0x2d5a0000,0x2d5a0000,0x30e80000)
  from space 56704K, 0% used [0x34760000,0x34760000,0x37ec0000)
  to   space 57472K, 0% used [0x30e80000,0x30e80000,0x346a0000)
 PSOldGen        total 349568K, used 332103K [0x18040000, 0x2d5a0000, 0x2d5a0000)
  object space 349568K, 95% used [0x18040000,0x2c491d30,0x2d5a0000)
 PSPermGen       total 65536K, used 60916K [0x10040000, 0x14040000, 0x18040000)
  object space 65536K, 92% used [0x10040000,0x13bbd1c0,0x14040000)
}
Total time for which application threads were stopped: 2.0901204 seconds
Application time: 1.0011881 seconds
Total time for which application threads were stopped: 0.0009490 seconds
Application time: 0.6450876 seconds
Total time for which application threads were stopped: 0.0012775 seconds
Application time: 0.0248976 seconds
{Heap before GC invocations=165 (full 37):
 PSYoungGen      total 114944K, used 58240K [0x2d5a0000, 0x37ec0000, 0x38040000)
  eden space 58240K, 100% used [0x2d5a0000,0x30e80000,0x30e80000)
  from space 56704K, 0% used [0x34760000,0x34760000,0x37ec0000)
  to   space 57472K, 0% used [0x30e80000,0x30e80000,0x346a0000)
 PSOldGen        total 349568K, used 332103K [0x18040000, 0x2d5a0000, 0x2d5a0000)
  object space 349568K, 95% used [0x18040000,0x2c491f10,0x2d5a0000)
 PSPermGen       total 65536K, used 60928K [0x10040000, 0x14040000, 0x18040000)
  object space 65536K, 92% used [0x10040000,0x13bc0138,0x14040000)
565.435: [Full GC [PSYoungGen: 58240K->0K(114944K)] [PSOldGen: 332103K->338909K(349568K)] 390343K->338909K(464512K) [PSPermGen: 60928K->60928K(65536K)], 1.7791398 secs] [Times: user=1.78 sys=0.00, real=1.78 secs] 
Heap after GC invocations=165 (full 37):
 PSYoungGen      total 114944K, used 0K [0x2d5a0000, 0x37ec0000, 0x38040000)
  eden space 58240K, 0% used [0x2d5a0000,0x2d5a0000,0x30e80000)
  from space 56704K, 0% used [0x34760000,0x34760000,0x37ec0000)
  to   space 57472K, 0% used [0x30e80000,0x30e80000,0x346a0000)
 PSOldGen        total 349568K, used 338909K [0x18040000, 0x2d5a0000, 0x2d5a0000)
  object space 349568K, 96% used [0x18040000,0x2cb377a0,0x2d5a0000)
 PSPermGen       total 65536K, used 60928K [0x10040000, 0x14040000, 0x18040000)
  object space 65536K, 92% used [0x10040000,0x13bc0138,0x14040000)
}
Total time for which application threads were stopped: 1.7799433 seconds
Application time: 3.0000254 seconds
Total time for which application threads were stopped: 0.0009996 seconds
Application time: 0.9999545 seconds
Total time for which application threads were stopped: 0.0013013 seconds
Application time: 0.9996790 seconds
Total time for which application threads were stopped: 0.0012298 seconds
Application time: 0.9997368 seconds
Total time for which application threads were stopped: 0.0012700 seconds
Application time: 0.9996866 seconds
Total time for which application threads were stopped: 0.0013183 seconds
Application time: 0.6963636 seconds
{Heap before GC invocations=166 (full 38):
 PSYoungGen      total 114944K, used 58240K [0x2d5a0000, 0x37ec0000, 0x38040000)
  eden space 58240K, 100% used [0x2d5a0000,0x30e80000,0x30e80000)
  from space 56704K, 0% used [0x34760000,0x34760000,0x37ec0000)
  to   space 57472K, 0% used [0x30e80000,0x30e80000,0x346a0000)
 PSOldGen        total 349568K, used 338909K [0x18040000, 0x2d5a0000, 0x2d5a0000)
  object space 349568K, 96% used [0x18040000,0x2cb377a0,0x2d5a0000)
 PSPermGen       total 65536K, used 60948K [0x10040000, 0x14040000, 0x18040000)
  object space 65536K, 92% used [0x10040000,0x13bc5088,0x14040000)
574.936: [Full GC [PSYoungGen: 58240K->0K(114944K)] [PSOldGen: 338909K->339643K(349568K)] 397149K->339643K(464512K) [PSPermGen: 60948K->60948K(65536K)], 1.7566428 secs] [Times: user=1.74 sys=0.02, real=1.75 secs] 
Heap after GC invocations=166 (full 38):
 PSYoungGen      total 114944K, used 0K [0x2d5a0000, 0x37ec0000, 0x38040000)
  eden space 58240K, 0% used [0x2d5a0000,0x2d5a0000,0x30e80000)
  from space 56704K, 0% used [0x34760000,0x34760000,0x37ec0000)
  to   space 57472K, 0% used [0x30e80000,0x30e80000,0x346a0000)
 PSOldGen        total 349568K, used 339643K [0x18040000, 0x2d5a0000, 0x2d5a0000)
  object space 349568K, 97% used [0x18040000,0x2cbeed40,0x2d5a0000)
 PSPermGen       total 65536K, used 60948K [0x10040000, 0x14040000, 0x18040000)
  object space 65536K, 92% used [0x10040000,0x13bc5088,0x14040000)
}
Total time for which application threads were stopped: 1.7766951 seconds
Application time: 0.9992686 seconds
Total time for which application threads were stopped: 0.0010233 seconds
Application time: 0.9999374 seconds
Total time for which application threads were stopped: 0.0013513 seconds
Application time: 0.5323568 seconds
{Heap before GC invocations=167 (full 39):
 PSYoungGen      total 114944K, used 58240K [0x2d5a0000, 0x37ec0000, 0x38040000)
  eden space 58240K, 100% used [0x2d5a0000,0x30e80000,0x30e80000)
  from space 56704K, 0% used [0x34760000,0x34760000,0x37ec0000)
  to   space 57472K, 0% used [0x30e80000,0x30e80000,0x346a0000)
 PSOldGen        total 349568K, used 339643K [0x18040000, 0x2d5a0000, 0x2d5a0000)
  object space 349568K, 97% used [0x18040000,0x2cbeed40,0x2d5a0000)
 PSPermGen       total 65536K, used 60978K [0x10040000, 0x14040000, 0x18040000)
  object space 65536K, 93% used [0x10040000,0x13bccbd0,0x14040000)
579.228: [Full GC [PSYoungGen: 58240K->0K(114944K)] [PSOldGen: 339643K->346641K(349568K)] 397883K->346641K(464512K) [PSPermGen: 60978K->60978K(65536K)], 1.7575739 secs] [Times: user=1.75 sys=0.00, real=1.75 secs] 
Heap after GC invocations=167 (full 39):
 PSYoungGen      total 114944K, used 0K [0x2d5a0000, 0x37ec0000, 0x38040000)
  eden space 58240K, 0% used [0x2d5a0000,0x2d5a0000,0x30e80000)
  from space 56704K, 0% used [0x34760000,0x34760000,0x37ec0000)
  to   space 57472K, 0% used [0x30e80000,0x30e80000,0x346a0000)
 PSOldGen        total 349568K, used 346641K [0x18040000, 0x2d5a0000, 0x2d5a0000)
  object space 349568K, 99% used [0x18040000,0x2d2c46c0,0x2d5a0000)
 PSPermGen       total 65536K, used 60978K [0x10040000, 0x14040000, 0x18040000)
  object space 65536K, 93% used [0x10040000,0x13bccbd0,0x14040000)
}
Total time for which application threads were stopped: 1.7588085 seconds
Application time: 0.2511618 seconds
Total time for which application threads were stopped: 0.0013940 seconds
Application time: 0.9998380 seconds
Total time for which application threads were stopped: 0.0016505 seconds
Application time: 1.4112380 seconds
{Heap before GC invocations=168 (full 40):
 PSYoungGen      total 114944K, used 58240K [0x2d5a0000, 0x37ec0000, 0x38040000)
  eden space 58240K, 100% used [0x2d5a0000,0x30e80000,0x30e80000)
  from space 56704K, 0% used [0x34760000,0x34760000,0x37ec0000)
  to   space 57472K, 0% used [0x30e80000,0x30e80000,0x346a0000)
 PSOldGen        total 349568K, used 346641K [0x18040000, 0x2d5a0000, 0x2d5a0000)
  object space 349568K, 99% used [0x18040000,0x2d2c46c0,0x2d5a0000)
 PSPermGen       total 65536K, used 60992K [0x10040000, 0x14040000, 0x18040000)
  object space 65536K, 93% used [0x10040000,0x13bd0008,0x14040000)
583.652: [Full GC [PSYoungGen: 58240K->0K(114944K)] [PSOldGen: 346641K->336570K(349568K)] 404881K->336570K(464512K) [PSPermGen: 60992K->60958K(65536K)], 2.1005002 secs] [Times: user=2.09 sys=0.00, real=2.09 secs] 
Heap after GC invocations=168 (full 40):
 PSYoungGen      total 114944K, used 0K [0x2d5a0000, 0x37ec0000, 0x38040000)
  eden space 58240K, 0% used [0x2d5a0000,0x2d5a0000,0x30e80000)
  from space 56704K, 0% used [0x34760000,0x34760000,0x37ec0000)
  to   space 57472K, 0% used [0x30e80000,0x30e80000,0x346a0000)
 PSOldGen        total 349568K, used 336570K [0x18040000, 0x2d5a0000, 0x2d5a0000)
  object space 349568K, 96% used [0x18040000,0x2c8ee8f0,0x2d5a0000)
 PSPermGen       total 65536K, used 60958K [0x10040000, 0x14040000, 0x18040000)
  object space 65536K, 93% used [0x10040000,0x13bc7838,0x14040000)
}
Total time for which application threads were stopped: 2.1024250 seconds
Application time: 0.1607523 seconds
Total time for which application threads were stopped: 0.0123982 seconds
Application time: 0.0065349 seconds
Total time for which application threads were stopped: 0.0020796 seconds
Application time: 1.9870193 seconds
Total time for which application threads were stopped: 0.0015413 seconds
Application time: 0.0000939 seconds
Total time for which application threads were stopped: 0.0019449 seconds
Application time: 0.0048350 seconds
Total time for which application threads were stopped: 0.0005344 seconds
Application time: 0.9992614 seconds
Total time for which application threads were stopped: 0.0013172 seconds
Application time: 0.2320898 seconds
Total time for which application threads were stopped: 0.0005341 seconds
Application time: 0.0000358 seconds
Total time for which application threads were stopped: 0.0014493 seconds
Application time: 0.0137062 seconds
Total time for which application threads were stopped: 0.0017242 seconds
Application time: 0.0052574 seconds
Total time for which application threads were stopped: 0.0016885 seconds
Application time: 0.0088707 seconds
Total time for which application threads were stopped: 0.0016290 seconds
Application time: 0.0111067 seconds
Total time for which application threads were stopped: 0.0018153 seconds
Application time: 0.0093956 seconds
Total time for which application threads were stopped: 0.0017382 seconds
Application time: 0.0218218 seconds
Total time for which application threads were stopped: 0.0016955 seconds
Application time: 0.0035722 seconds
Total time for which application threads were stopped: 0.0017835 seconds
Application time: 0.0035393 seconds
Total time for which application threads were stopped: 0.0014552 seconds
Application time: 0.0032795 seconds
Total time for which application threads were stopped: 0.0012851 seconds
Application time: 0.0034963 seconds
Total time for which application threads were stopped: 0.0014021 seconds
Application time: 0.0136830 seconds
Total time for which application threads were stopped: 0.0014742 seconds
Application time: 0.0092948 seconds
Total time for which application threads were stopped: 0.0015427 seconds
Application time: 0.0034440 seconds
Total time for which application threads were stopped: 0.0014035 seconds
Application time: 0.0130642 seconds
Total time for which application threads were stopped: 0.0014885 seconds
Application time: 0.0072794 seconds
Total time for which application threads were stopped: 0.0014382 seconds
Application time: 0.0033437 seconds
Total time for which application threads were stopped: 0.0014167 seconds
Application time: 0.0123203 seconds
Total time for which application threads were stopped: 0.0016267 seconds
Application time: 0.0120837 seconds
Total time for which application threads were stopped: 0.0015359 seconds
Application time: 0.0035781 seconds
Total time for which application threads were stopped: 0.0014058 seconds
Application time: 0.0109885 seconds
Total time for which application threads were stopped: 0.0015323 seconds
Application time: 0.0111433 seconds
Total time for which application threads were stopped: 0.0015955 seconds
Application time: 0.0036236 seconds
Total time for which application threads were stopped: 0.0014516 seconds
Application time: 0.0088955 seconds
Total time for which application threads were stopped: 0.0014957 seconds
Application time: 0.0036013 seconds
Total time for which application threads were stopped: 0.0015586 seconds
Application time: 0.0137353 seconds
Total time for which application threads were stopped: 0.0019153 seconds
Application time: 0.0126952 seconds
Total time for which application threads were stopped: 0.0016276 seconds
Application time: 0.0038030 seconds
Total time for which application threads were stopped: 0.0013633 seconds
Application time: 0.0119202 seconds
Total time for which application threads were stopped: 0.0018759 seconds
Application time: 0.0066975 seconds
Total time for which application threads were stopped: 0.0014507 seconds
Application time: 0.0034929 seconds
Total time for which application threads were stopped: 0.0013440 seconds
Application time: 0.0102695 seconds
Total time for which application threads were stopped: 0.0014653 seconds
Application time: 0.0142049 seconds
Total time for which application threads were stopped: 0.0014385 seconds
Application time: 0.0045654 seconds
Total time for which application threads were stopped: 0.0019553 seconds
Application time: 0.0096021 seconds
Total time for which application threads were stopped: 0.0014784 seconds
Application time: 0.0033258 seconds
Total time for which application threads were stopped: 0.0013236 seconds
Application time: 0.0132587 seconds
Total time for which application threads were stopped: 0.0014521 seconds
Application time: 0.0092590 seconds
Total time for which application threads were stopped: 0.0016854 seconds
Application time: 0.0036739 seconds
Total time for which application threads were stopped: 0.0016840 seconds
Application time: 0.0013898 seconds
{Heap before GC invocations=169 (full 41):
 PSYoungGen      total 114944K, used 58240K [0x2d5a0000, 0x37ec0000, 0x38040000)
  eden space 58240K, 100% used [0x2d5a0000,0x30e80000,0x30e80000)
  from space 56704K, 0% used [0x34760000,0x34760000,0x37ec0000)
  to   space 57472K, 0% used [0x30e80000,0x30e80000,0x346a0000)
 PSOldGen        total 349568K, used 336570K [0x18040000, 0x2d5a0000, 0x2d5a0000)
  object space 349568K, 96% used [0x18040000,0x2c8ee8f0,0x2d5a0000)
 PSPermGen       total 65536K, used 60983K [0x10040000, 0x14040000, 0x18040000)
  object space 65536K, 93% used [0x10040000,0x13bcddf0,0x14040000)
589.549: [Full GC [PSYoungGen: 58240K->0K(114944K)] [PSOldGen: 336570K->343813K(349568K)] 394810K->343813K(464512K) [PSPermGen: 60983K->60983K(65536K)], 1.7448941 secs] [Times: user=1.75 sys=0.00, real=1.75 secs] 
Heap after GC invocations=169 (full 41):
 PSYoungGen      total 114944K, used 0K [0x2d5a0000, 0x37ec0000, 0x38040000)
  eden space 58240K, 0% used [0x2d5a0000,0x2d5a0000,0x30e80000)
  from space 56704K, 0% used [0x34760000,0x34760000,0x37ec0000)
  to   space 57472K, 0% used [0x30e80000,0x30e80000,0x346a0000)
 PSOldGen        total 349568K, used 343813K [0x18040000, 0x2d5a0000, 0x2d5a0000)
  object space 349568K, 98% used [0x18040000,0x2d001600,0x2d5a0000)
 PSPermGen       total 65536K, used 60983K [0x10040000, 0x14040000, 0x18040000)
  object space 65536K, 93% used [0x10040000,0x13bcddf0,0x14040000)
}
Total time for which application threads were stopped: 1.7456191 seconds
Application time: 0.0066489 seconds
Total time for which application threads were stopped: 0.0027249 seconds
Application time: 0.0042531 seconds
Total time for which application threads were stopped: 0.0020760 seconds
Application time: 0.0046009 seconds
Total time for which application threads were stopped: 0.0020924 seconds
Application time: 0.0064693 seconds
Total time for which application threads were stopped: 0.0022441 seconds
Application time: 0.0048710 seconds
Total time for which application threads were stopped: 0.0021360 seconds
Application time: 0.0600470 seconds
Total time for which application threads were stopped: 0.0008828 seconds
Application time: 0.0029018 seconds
Total time for which application threads were stopped: 0.0020500 seconds
Application time: 0.0061438 seconds
Total time for which application threads were stopped: 0.0021254 seconds
Application time: 0.0085575 seconds
Total time for which application threads were stopped: 0.0022031 seconds
Application time: 0.0044427 seconds
Total time for which application threads were stopped: 0.0023333 seconds
Application time: 0.0058312 seconds
Total time for which application threads were stopped: 0.0021595 seconds
Application time: 0.0055256 seconds
Total time for which application threads were stopped: 0.0021343 seconds
Application time: 0.9995131 seconds
Total time for which application threads were stopped: 0.0015049 seconds
Application time: 0.8354517 seconds
Total time for which application threads were stopped: 0.0017578 seconds
Application time: 0.0276136 seconds
Total time for which application threads were stopped: 0.0007423 seconds
Application time: 0.0574277 seconds
Total time for which application threads were stopped: 0.0005682 seconds
Application time: 0.0044008 seconds
Total time for which application threads were stopped: 0.0004691 seconds
Application time: 0.9996757 seconds
Total time for which application threads were stopped: 0.0013485 seconds
Application time: 0.0050878 seconds
Total time for which application threads were stopped: 0.0016312 seconds
Application time: 0.5954681 seconds
{Heap before GC invocations=170 (full 42):
 PSYoungGen      total 114944K, used 58239K [0x2d5a0000, 0x37ec0000, 0x38040000)
  eden space 58240K, 99% used [0x2d5a0000,0x30e7ffc0,0x30e80000)
  from space 56704K, 0% used [0x34760000,0x34760000,0x37ec0000)
  to   space 57472K, 0% used [0x30e80000,0x30e80000,0x346a0000)
 PSOldGen        total 349568K, used 343813K [0x18040000, 0x2d5a0000, 0x2d5a0000)
  object space 349568K, 98% used [0x18040000,0x2d001600,0x2d5a0000)
 PSPermGen       total 65536K, used 61188K [0x10040000, 0x14040000, 0x18040000)
  object space 65536K, 93% used [0x10040000,0x13c01340,0x14040000)
594.974: [Full GC [PSYoungGen: 58239K->0K(114944K)] [PSOldGen: 343813K->345028K(349568K)] 402053K->345028K(464512K) [PSPermGen: 61188K->61188K(65536K)], 1.7605819 secs] [Times: user=1.77 sys=0.00, real=1.77 secs] 
Heap after GC invocations=170 (full 42):
 PSYoungGen      total 114944K, used 0K [0x2d5a0000, 0x37ec0000, 0x38040000)
  eden space 58240K, 0% used [0x2d5a0000,0x2d5a0000,0x30e80000)
  from space 56704K, 0% used [0x34760000,0x34760000,0x37ec0000)
  to   space 57472K, 0% used [0x30e80000,0x30e80000,0x346a0000)
 PSOldGen        total 349568K, used 345028K [0x18040000, 0x2d5a0000, 0x2d5a0000)
  object space 349568K, 98% used [0x18040000,0x2d1310e0,0x2d5a0000)
 PSPermGen       total 65536K, used 61188K [0x10040000, 0x14040000, 0x18040000)
  object space 65536K, 93% used [0x10040000,0x13c01340,0x14040000)
}
Total time for which application threads were stopped: 1.7623927 seconds
Application time: 0.9992703 seconds
Total time for which application threads were stopped: 0.0015969 seconds
Application time: 0.0298611 seconds
{Heap before GC invocations=171 (full 43):
 PSYoungGen      total 114944K, used 58240K [0x2d5a0000, 0x37ec0000, 0x38040000)
  eden space 58240K, 100% used [0x2d5a0000,0x30e80000,0x30e80000)
  from space 56704K, 0% used [0x34760000,0x34760000,0x37ec0000)
  to   space 57472K, 0% used [0x30e80000,0x30e80000,0x346a0000)
 PSOldGen        total 349568K, used 345028K [0x18040000, 0x2d5a0000, 0x2d5a0000)
  object space 349568K, 98% used [0x18040000,0x2d1310e0,0x2d5a0000)
 PSPermGen       total 65536K, used 61214K [0x10040000, 0x14040000, 0x18040000)
  object space 65536K, 93% used [0x10040000,0x13c07958,0x14040000)
597.766: [Full GC [PSYoungGen: 58240K->1942K(114944K)] [PSOldGen: 345028K->349567K(349568K)] 403268K->351510K(464512K) [PSPermGen: 61214K->61214K(65536K)], 1.8157774 secs] [Times: user=1.77 sys=0.00, real=1.81 secs] 
Heap after GC invocations=171 (full 43):
 PSYoungGen      total 114944K, used 1942K [0x2d5a0000, 0x37ec0000, 0x38040000)
  eden space 58240K, 3% used [0x2d5a0000,0x2d7858c0,0x30e80000)
  from space 56704K, 0% used [0x34760000,0x34760000,0x37ec0000)
  to   space 57472K, 0% used [0x30e80000,0x30e80000,0x346a0000)
 PSOldGen        total 349568K, used 349567K [0x18040000, 0x2d5a0000, 0x2d5a0000)
  object space 349568K, 99% used [0x18040000,0x2d59ffe0,0x2d5a0000)
 PSPermGen       total 65536K, used 61214K [0x10040000, 0x14040000, 0x18040000)
  object space 65536K, 93% used [0x10040000,0x13c07958,0x14040000)
}
Total time for which application threads were stopped: 1.8168918 seconds
Application time: 0.7317039 seconds
{Heap before GC invocations=172 (full 44):
 PSYoungGen      total 114944K, used 58240K [0x2d5a0000, 0x37ec0000, 0x38040000)
  eden space 58240K, 100% used [0x2d5a0000,0x30e80000,0x30e80000)
  from space 56704K, 0% used [0x34760000,0x34760000,0x37ec0000)
  to   space 57472K, 0% used [0x30e80000,0x30e80000,0x346a0000)
 PSOldGen        total 349568K, used 349567K [0x18040000, 0x2d5a0000, 0x2d5a0000)
  object space 349568K, 99% used [0x18040000,0x2d59ffe0,0x2d5a0000)
 PSPermGen       total 65536K, used 61224K [0x10040000, 0x14040000, 0x18040000)
  object space 65536K, 93% used [0x10040000,0x13c0a2e8,0x14040000)
600.316: [Full GC [PSYoungGen: 58240K->0K(114944K)] [PSOldGen: 349567K->344278K(349568K)] 407807K->344278K(464512K) [PSPermGen: 61224K->61168K(65536K)], 2.1777142 secs] [Times: user=2.14 sys=0.00, real=2.19 secs] 
Heap after GC invocations=172 (full 44):
 PSYoungGen      total 114944K, used 0K [0x2d5a0000, 0x37ec0000, 0x38040000)
  eden space 58240K, 0% used [0x2d5a0000,0x2d5a0000,0x30e80000)
  from space 56704K, 0% used [0x34760000,0x34760000,0x37ec0000)
  to   space 57472K, 0% used [0x30e80000,0x30e80000,0x346a0000)
 PSOldGen        total 349568K, used 344278K [0x18040000, 0x2d5a0000, 0x2d5a0000)
  object space 349568K, 98% used [0x18040000,0x2d075af8,0x2d5a0000)
 PSPermGen       total 65536K, used 61168K [0x10040000, 0x14040000, 0x18040000)
  object space 65536K, 93% used [0x10040000,0x13bfc1d0,0x14040000)
}
Total time for which application threads were stopped: 2.1792502 seconds
Application time: 0.0386809 seconds
Total time for which application threads were stopped: 0.0010990 seconds
Application time: 0.0103536 seconds
Total time for which application threads were stopped: 0.0005696 seconds
Application time: 0.6863956 seconds
Total time for which application threads were stopped: 0.0014574 seconds
Application time: 0.0005685 seconds
Total time for which application threads were stopped: 0.0004031 seconds
Application time: 0.0218067 seconds
Total time for which application threads were stopped: 0.0006601 seconds
Application time: 0.1602268 seconds
{Heap before GC invocations=173 (full 45):
 PSYoungGen      total 114944K, used 58240K [0x2d5a0000, 0x37ec0000, 0x38040000)
  eden space 58240K, 100% used [0x2d5a0000,0x30e80000,0x30e80000)
  from space 56704K, 0% used [0x34760000,0x34760000,0x37ec0000)
  to   space 57472K, 0% used [0x30e80000,0x30e80000,0x346a0000)
 PSOldGen        total 349568K, used 344278K [0x18040000, 0x2d5a0000, 0x2d5a0000)
  object space 349568K, 98% used [0x18040000,0x2d075af8,0x2d5a0000)
 PSPermGen       total 65536K, used 61202K [0x10040000, 0x14040000, 0x18040000)
  object space 65536K, 93% used [0x10040000,0x13c049e8,0x14040000)
603.417: [Full GC [PSYoungGen: 58240K->2344K(114944K)] [PSOldGen: 344278K->349567K(349568K)] 402518K->351912K(464512K) [PSPermGen: 61202K->61202K(65536K)], 1.8013602 secs] [Times: user=1.80 sys=0.00, real=1.80 secs] 
Heap after GC invocations=173 (full 45):
 PSYoungGen      total 114944K, used 2344K [0x2d5a0000, 0x37ec0000, 0x38040000)
  eden space 58240K, 4% used [0x2d5a0000,0x2d7ea0d8,0x30e80000)
  from space 56704K, 0% used [0x34760000,0x34760000,0x37ec0000)
  to   space 57472K, 0% used [0x30e80000,0x30e80000,0x346a0000)
 PSOldGen        total 349568K, used 349567K [0x18040000, 0x2d5a0000, 0x2d5a0000)
  object space 349568K, 99% used [0x18040000,0x2d59fff0,0x2d5a0000)
 PSPermGen       total 65536K, used 61202K [0x10040000, 0x14040000, 0x18040000)
  object space 65536K, 93% used [0x10040000,0x13c049e8,0x14040000)
}
Total time for which application threads were stopped: 1.8024847 seconds
Application time: 0.0577962 seconds
Total time for which application threads were stopped: 0.0012993 seconds
Application time: 0.0519563 seconds
Total time for which application threads were stopped: 0.0012018 seconds
Application time: 0.0000715 seconds
Total time for which application threads were stopped: 0.0003746 seconds
Application time: 0.0000293 seconds
Total time for which application threads were stopped: 0.0002274 seconds
Application time: 0.1614485 seconds
Total time for which application threads were stopped: 0.0016519 seconds
Application time: 0.0724190 seconds
{Heap before GC invocations=174 (full 46):
 PSYoungGen      total 114944K, used 58240K [0x2d5a0000, 0x37ec0000, 0x38040000)
  eden space 58240K, 100% used [0x2d5a0000,0x30e80000,0x30e80000)
  from space 56704K, 0% used [0x34760000,0x34760000,0x37ec0000)
  to   space 57472K, 0% used [0x30e80000,0x30e80000,0x346a0000)
 PSOldGen        total 349568K, used 349567K [0x18040000, 0x2d5a0000, 0x2d5a0000)
  object space 349568K, 99% used [0x18040000,0x2d59fff0,0x2d5a0000)
 PSPermGen       total 65536K, used 61225K [0x10040000, 0x14040000, 0x18040000)
  object space 65536K, 93% used [0x10040000,0x13c0a7e0,0x14040000)
605.568: [Full GC [PSYoungGen: 58240K->11127K(114944K)] [PSOldGen: 349567K->349567K(349568K)] 407807K->360695K(464512K) [PSPermGen: 61225K->61225K(65536K)], 1.7766224 secs] [Times: user=1.78 sys=0.00, real=1.78 secs] 
Heap after GC invocations=174 (full 46):
 PSYoungGen      total 114944K, used 11127K [0x2d5a0000, 0x37ec0000, 0x38040000)
  eden space 58240K, 19% used [0x2d5a0000,0x2e07dc70,0x30e80000)
  from space 56704K, 0% used [0x34760000,0x34760000,0x37ec0000)
  to   space 57472K, 0% used [0x30e80000,0x30e80000,0x346a0000)
 PSOldGen        total 349568K, used 349567K [0x18040000, 0x2d5a0000, 0x2d5a0000)
  object space 349568K, 99% used [0x18040000,0x2d59fff8,0x2d5a0000)
 PSPermGen       total 65536K, used 61225K [0x10040000, 0x14040000, 0x18040000)
  object space 65536K, 93% used [0x10040000,0x13c0a7e0,0x14040000)
}
Total time for which application threads were stopped: 1.7778489 seconds
Application time: 0.1621564 seconds
Total time for which application threads were stopped: 0.0075962 seconds
Application time: 0.1252419 seconds
{Heap before GC invocations=175 (full 47):
 PSYoungGen      total 114944K, used 58240K [0x2d5a0000, 0x37ec0000, 0x38040000)
  eden space 58240K, 100% used [0x2d5a0000,0x30e80000,0x30e80000)
  from space 56704K, 0% used [0x34760000,0x34760000,0x37ec0000)
  to   space 57472K, 0% used [0x30e80000,0x30e80000,0x346a0000)
 PSOldGen        total 349568K, used 349567K [0x18040000, 0x2d5a0000, 0x2d5a0000)
  object space 349568K, 99% used [0x18040000,0x2d59fff8,0x2d5a0000)
 PSPermGen       total 65536K, used 61225K [0x10040000, 0x14040000, 0x18040000)
  object space 65536K, 93% used [0x10040000,0x13c0a7f0,0x14040000)
607.643: [Full GC [PSYoungGen: 58240K->26890K(114944K)] [PSOldGen: 349567K->349567K(349568K)] 407807K->376458K(464512K) [PSPermGen: 61225K->61225K(65536K)], 1.8435002 secs] [Times: user=1.84 sys=0.00, real=1.84 secs] 
Heap after GC invocations=175 (full 47):
 PSYoungGen      total 114944K, used 26890K [0x2d5a0000, 0x37ec0000, 0x38040000)
  eden space 58240K, 46% used [0x2d5a0000,0x2efe2b78,0x30e80000)
  from space 56704K, 0% used [0x34760000,0x34760000,0x37ec0000)
  to   space 57472K, 0% used [0x30e80000,0x30e80000,0x346a0000)
 PSOldGen        total 349568K, used 349567K [0x18040000, 0x2d5a0000, 0x2d5a0000)
  object space 349568K, 99% used [0x18040000,0x2d59ffe0,0x2d5a0000)
 PSPermGen       total 65536K, used 61225K [0x10040000, 0x14040000, 0x18040000)
  object space 65536K, 93% used [0x10040000,0x13c0a7f0,0x14040000)
}
Total time for which application threads were stopped: 1.8468495 seconds
Application time: 0.5044641 seconds
{Heap before GC invocations=176 (full 48):
 PSYoungGen      total 114944K, used 58240K [0x2d5a0000, 0x37ec0000, 0x38040000)
  eden space 58240K, 100% used [0x2d5a0000,0x30e80000,0x30e80000)
  from space 56704K, 0% used [0x34760000,0x34760000,0x37ec0000)
  to   space 57472K, 0% used [0x30e80000,0x30e80000,0x346a0000)
 PSOldGen        total 349568K, used 349567K [0x18040000, 0x2d5a0000, 0x2d5a0000)
  object space 349568K, 99% used [0x18040000,0x2d59ffe0,0x2d5a0000)
 PSPermGen       total 65536K, used 61228K [0x10040000, 0x14040000, 0x18040000)
  object space 65536K, 93% used [0x10040000,0x13c0b300,0x14040000)
609.993: [Full GC [PSYoungGen: 58240K->3814K(114944K)] [PSOldGen: 349567K->349567K(349568K)] 407807K->353382K(464512K) [PSPermGen: 61228K->61184K(65536K)], 2.2641554 secs] [Times: user=2.25 sys=0.00, real=2.25 secs] 
Heap after GC invocations=176 (full 48):
 PSYoungGen      total 114944K, used 3814K [0x2d5a0000, 0x37ec0000, 0x38040000)
  eden space 58240K, 6% used [0x2d5a0000,0x2d959918,0x30e80000)
  from space 56704K, 0% used [0x34760000,0x34760000,0x37ec0000)
  to   space 57472K, 0% used [0x30e80000,0x30e80000,0x346a0000)
 PSOldGen        total 349568K, used 349567K [0x18040000, 0x2d5a0000, 0x2d5a0000)
  object space 349568K, 99% used [0x18040000,0x2d59ffd0,0x2d5a0000)
 PSPermGen       total 65536K, used 61184K [0x10040000, 0x14040000, 0x18040000)
  object space 65536K, 93% used [0x10040000,0x13c00388,0x14040000)
}
Total time for which application threads were stopped: 2.2657081 seconds
Application time: 0.2371896 seconds
Total time for which application threads were stopped: 0.0028629 seconds
Application time: 0.0928258 seconds
{Heap before GC invocations=177 (full 49):
 PSYoungGen      total 114944K, used 58240K [0x2d5a0000, 0x37ec0000, 0x38040000)
  eden space 58240K, 100% used [0x2d5a0000,0x30e80000,0x30e80000)
  from space 56704K, 0% used [0x34760000,0x34760000,0x37ec0000)
  to   space 57472K, 0% used [0x30e80000,0x30e80000,0x346a0000)
 PSOldGen        total 349568K, used 349567K [0x18040000, 0x2d5a0000, 0x2d5a0000)
  object space 349568K, 99% used [0x18040000,0x2d59ffd0,0x2d5a0000)
 PSPermGen       total 65536K, used 61189K [0x10040000, 0x14040000, 0x18040000)
  object space 65536K, 93% used [0x10040000,0x13c014b0,0x14040000)
612.591: [Full GC [PSYoungGen: 58240K->27772K(114944K)] [PSOldGen: 349567K->349567K(349568K)] 407807K->377340K(464512K) [PSPermGen: 61189K->61189K(65536K)], 1.8955753 secs] [Times: user=1.86 sys=0.02, real=1.89 secs] 
Heap after GC invocations=177 (full 49):
 PSYoungGen      total 114944K, used 27772K [0x2d5a0000, 0x37ec0000, 0x38040000)
  eden space 58240K, 47% used [0x2d5a0000,0x2f0bf198,0x30e80000)
  from space 56704K, 0% used [0x34760000,0x34760000,0x37ec0000)
  to   space 57472K, 0% used [0x30e80000,0x30e80000,0x346a0000)
 PSOldGen        total 349568K, used 349567K [0x18040000, 0x2d5a0000, 0x2d5a0000)
  object space 349568K, 99% used [0x18040000,0x2d59ffd0,0x2d5a0000)
 PSPermGen       total 65536K, used 61189K [0x10040000, 0x14040000, 0x18040000)
  object space 65536K, 93% used [0x10040000,0x13c014b0,0x14040000)
}
Total time for which application threads were stopped: 1.8967380 seconds
Application time: 0.2783452 seconds
{Heap before GC invocations=178 (full 50):
 PSYoungGen      total 114944K, used 58240K [0x2d5a0000, 0x37ec0000, 0x38040000)
  eden space 58240K, 100% used [0x2d5a0000,0x30e80000,0x30e80000)
  from space 56704K, 0% used [0x34760000,0x34760000,0x37ec0000)
  to   space 57472K, 0% used [0x30e80000,0x30e80000,0x346a0000)
 PSOldGen        total 349568K, used 349567K [0x18040000, 0x2d5a0000, 0x2d5a0000)
  object space 349568K, 99% used [0x18040000,0x2d59ffd0,0x2d5a0000)
 PSPermGen       total 65536K, used 61193K [0x10040000, 0x14040000, 0x18040000)
  object space 65536K, 93% used [0x10040000,0x13c02548,0x14040000)
614.768: [Full GC [PSYoungGen: 58240K->37817K(114944K)] [PSOldGen: 349567K->349567K(349568K)] 407807K->387385K(464512K) [PSPermGen: 61193K->61193K(65536K)], 1.9317254 secs] [Times: user=1.92 sys=0.00, real=1.94 secs] 
Heap after GC invocations=178 (full 50):
 PSYoungGen      total 114944K, used 37817K [0x2d5a0000, 0x37ec0000, 0x38040000)
  eden space 58240K, 64% used [0x2d5a0000,0x2fa8e690,0x30e80000)
  from space 56704K, 0% used [0x34760000,0x34760000,0x37ec0000)
  to   space 57472K, 0% used [0x30e80000,0x30e80000,0x346a0000)
 PSOldGen        total 349568K, used 349567K [0x18040000, 0x2d5a0000, 0x2d5a0000)
  object space 349568K, 99% used [0x18040000,0x2d59ffd0,0x2d5a0000)
 PSPermGen       total 65536K, used 61193K [0x10040000, 0x14040000, 0x18040000)
  object space 65536K, 93% used [0x10040000,0x13c02548,0x14040000)
}
Total time for which application threads were stopped: 1.9353923 seconds
Application time: 0.1075181 seconds
{Heap before GC invocations=179 (full 51):
 PSYoungGen      total 114944K, used 58240K [0x2d5a0000, 0x37ec0000, 0x38040000)
  eden space 58240K, 100% used [0x2d5a0000,0x30e80000,0x30e80000)
  from space 56704K, 0% used [0x34760000,0x34760000,0x37ec0000)
  to   space 57472K, 0% used [0x30e80000,0x30e80000,0x346a0000)
 PSOldGen        total 349568K, used 349567K [0x18040000, 0x2d5a0000, 0x2d5a0000)
  object space 349568K, 99% used [0x18040000,0x2d59ffd0,0x2d5a0000)
 PSPermGen       total 65536K, used 61201K [0x10040000, 0x14040000, 0x18040000)
  object space 65536K, 93% used [0x10040000,0x13c046b0,0x14040000)
616.816: [Full GC [PSYoungGen: 58240K->47842K(114944K)] [PSOldGen: 349567K->349567K(349568K)] 407807K->397410K(464512K) [PSPermGen: 61201K->61201K(65536K)], 1.9547278 secs] [Times: user=1.95 sys=0.00, real=1.95 secs] 
Heap after GC invocations=179 (full 51):
 PSYoungGen      total 114944K, used 47842K [0x2d5a0000, 0x37ec0000, 0x38040000)
  eden space 58240K, 82% used [0x2d5a0000,0x30458970,0x30e80000)
  from space 56704K, 0% used [0x34760000,0x34760000,0x37ec0000)
  to   space 57472K, 0% used [0x30e80000,0x30e80000,0x346a0000)
 PSOldGen        total 349568K, used 349567K [0x18040000, 0x2d5a0000, 0x2d5a0000)
  object space 349568K, 99% used [0x18040000,0x2d59ffd0,0x2d5a0000)
 PSPermGen       total 65536K, used 61201K [0x10040000, 0x14040000, 0x18040000)
  object space 65536K, 93% used [0x10040000,0x13c046b0,0x14040000)
}
Total time for which application threads were stopped: 1.9627366 seconds
Application time: 0.0548804 seconds
{Heap before GC invocations=180 (full 52):
 PSYoungGen      total 114944K, used 58240K [0x2d5a0000, 0x37ec0000, 0x38040000)
  eden space 58240K, 100% used [0x2d5a0000,0x30e80000,0x30e80000)
  from space 56704K, 0% used [0x34760000,0x34760000,0x37ec0000)
  to   space 57472K, 0% used [0x30e80000,0x30e80000,0x346a0000)
 PSOldGen        total 349568K, used 349567K [0x18040000, 0x2d5a0000, 0x2d5a0000)
  object space 349568K, 99% used [0x18040000,0x2d59ffd0,0x2d5a0000)
 PSPermGen       total 65536K, used 61203K [0x10040000, 0x14040000, 0x18040000)
  object space 65536K, 93% used [0x10040000,0x13c04e58,0x14040000)
618.827: [Full GC [PSYoungGen: 58240K->45518K(114944K)] [PSOldGen: 349567K->349567K(349568K)] 407807K->395086K(464512K) [PSPermGen: 61203K->61195K(65536K)], 2.3632523 secs] [Times: user=2.36 sys=0.00, real=2.36 secs] 
Heap after GC invocations=180 (full 52):
 PSYoungGen      total 114944K, used 45518K [0x2d5a0000, 0x37ec0000, 0x38040000)
  eden space 58240K, 78% used [0x2d5a0000,0x30213b50,0x30e80000)
  from space 56704K, 0% used [0x34760000,0x34760000,0x37ec0000)
  to   space 57472K, 0% used [0x30e80000,0x30e80000,0x346a0000)
 PSOldGen        total 349568K, used 349567K [0x18040000, 0x2d5a0000, 0x2d5a0000)
  object space 349568K, 99% used [0x18040000,0x2d59fff8,0x2d5a0000)
 PSPermGen       total 65536K, used 61195K [0x10040000, 0x14040000, 0x18040000)
  object space 65536K, 93% used [0x10040000,0x13c02d48,0x14040000)
}
Total time for which application threads were stopped: 2.3652193 seconds
Application time: 0.0960720 seconds
{Heap before GC invocations=181 (full 53):
 PSYoungGen      total 114944K, used 58240K [0x2d5a0000, 0x37ec0000, 0x38040000)
  eden space 58240K, 100% used [0x2d5a0000,0x30e80000,0x30e80000)
  from space 56704K, 0% used [0x34760000,0x34760000,0x37ec0000)
  to   space 57472K, 0% used [0x30e80000,0x30e80000,0x346a0000)
 PSOldGen        total 349568K, used 349567K [0x18040000, 0x2d5a0000, 0x2d5a0000)
  object space 349568K, 99% used [0x18040000,0x2d59fff8,0x2d5a0000)
 PSPermGen       total 65536K, used 61217K [0x10040000, 0x14040000, 0x18040000)
  object space 65536K, 93% used [0x10040000,0x13c08778,0x14040000)
621.288: [Full GC [PSYoungGen: 58240K->55226K(114944K)] [PSOldGen: 349567K->349567K(349568K)] 407807K->404794K(464512K) [PSPermGen: 61217K->61217K(65536K)], 1.9181918 secs] [Times: user=1.91 sys=0.00, real=1.91 secs] 
Heap after GC invocations=181 (full 53):
 PSYoungGen      total 114944K, used 55226K [0x2d5a0000, 0x37ec0000, 0x38040000)
  eden space 58240K, 94% used [0x2d5a0000,0x30b8ebf8,0x30e80000)
  from space 56704K, 0% used [0x34760000,0x34760000,0x37ec0000)
  to   space 57472K, 0% used [0x30e80000,0x30e80000,0x346a0000)
 PSOldGen        total 349568K, used 349567K [0x18040000, 0x2d5a0000, 0x2d5a0000)
  object space 349568K, 99% used [0x18040000,0x2d59fff8,0x2d5a0000)
 PSPermGen       total 65536K, used 61217K [0x10040000, 0x14040000, 0x18040000)
  object space 65536K, 93% used [0x10040000,0x13c08778,0x14040000)
}
Total time for which application threads were stopped: 1.9199585 seconds
Application time: 0.0170471 seconds
{Heap before GC invocations=182 (full 54):
 PSYoungGen      total 114944K, used 58240K [0x2d5a0000, 0x37ec0000, 0x38040000)
  eden space 58240K, 100% used [0x2d5a0000,0x30e80000,0x30e80000)
  from space 56704K, 0% used [0x34760000,0x34760000,0x37ec0000)
  to   space 57472K, 0% used [0x30e80000,0x30e80000,0x346a0000)
 PSOldGen        total 349568K, used 349567K [0x18040000, 0x2d5a0000, 0x2d5a0000)
  object space 349568K, 99% used [0x18040000,0x2d59fff8,0x2d5a0000)
 PSPermGen       total 65536K, used 61217K [0x10040000, 0x14040000, 0x18040000)
  object space 65536K, 93% used [0x10040000,0x13c08778,0x14040000)
623.226: [Full GC [PSYoungGen: 58240K->56287K(114944K)] [PSOldGen: 349567K->349567K(349568K)] 407807K->405855K(464512K) [PSPermGen: 61217K->61217K(65536K)], 1.9462622 secs] [Times: user=1.92 sys=0.00, real=1.94 secs] 
Heap after GC invocations=182 (full 54):
 PSYoungGen      total 114944K, used 56287K [0x2d5a0000, 0x37ec0000, 0x38040000)
  eden space 58240K, 96% used [0x2d5a0000,0x30c97fd8,0x30e80000)
  from space 56704K, 0% used [0x34760000,0x34760000,0x37ec0000)
  to   space 57472K, 0% used [0x30e80000,0x30e80000,0x346a0000)
 PSOldGen        total 349568K, used 349567K [0x18040000, 0x2d5a0000, 0x2d5a0000)
  object space 349568K, 99% used [0x18040000,0x2d59fff8,0x2d5a0000)
 PSPermGen       total 65536K, used 61217K [0x10040000, 0x14040000, 0x18040000)
  object space 65536K, 93% used [0x10040000,0x13c08778,0x14040000)
}
Total time for which application threads were stopped: 1.9485513 seconds
Application time: 0.0166641 seconds
{Heap before GC invocations=183 (full 55):
 PSYoungGen      total 114944K, used 58240K [0x2d5a0000, 0x37ec0000, 0x38040000)
  eden space 58240K, 100% used [0x2d5a0000,0x30e80000,0x30e80000)
  from space 56704K, 0% used [0x34760000,0x34760000,0x37ec0000)
  to   space 57472K, 0% used [0x30e80000,0x30e80000,0x346a0000)
 PSOldGen        total 349568K, used 349567K [0x18040000, 0x2d5a0000, 0x2d5a0000)
  object space 349568K, 99% used [0x18040000,0x2d59fff8,0x2d5a0000)
 PSPermGen       total 65536K, used 61218K [0x10040000, 0x14040000, 0x18040000)
  object space 65536K, 93% used [0x10040000,0x13c088c0,0x14040000)
625.192: [Full GC [PSYoungGen: 58240K->56961K(114944K)] [PSOldGen: 349567K->349567K(349568K)] 407807K->406529K(464512K) [PSPermGen: 61218K->61218K(65536K)], 1.9456439 secs] [Times: user=1.94 sys=0.00, real=1.95 secs] 
Heap after GC invocations=183 (full 55):
 PSYoungGen      total 114944K, used 56961K [0x2d5a0000, 0x37ec0000, 0x38040000)
  eden space 58240K, 97% used [0x2d5a0000,0x30d407a8,0x30e80000)
  from space 56704K, 0% used [0x34760000,0x34760000,0x37ec0000)
  to   space 57472K, 0% used [0x30e80000,0x30e80000,0x346a0000)
 PSOldGen        total 349568K, used 349567K [0x18040000, 0x2d5a0000, 0x2d5a0000)
  object space 349568K, 99% used [0x18040000,0x2d59fff8,0x2d5a0000)
 PSPermGen       total 65536K, used 61218K [0x10040000, 0x14040000, 0x18040000)
  object space 65536K, 93% used [0x10040000,0x13c088c0,0x14040000)
}
Total time for which application threads were stopped: 1.9486108 seconds
Application time: 0.0112780 seconds
{Heap before GC invocations=184 (full 56):
 PSYoungGen      total 114944K, used 58240K [0x2d5a0000, 0x37ec0000, 0x38040000)
  eden space 58240K, 100% used [0x2d5a0000,0x30e80000,0x30e80000)
  from space 56704K, 0% used [0x34760000,0x34760000,0x37ec0000)
  to   space 57472K, 0% used [0x30e80000,0x30e80000,0x346a0000)
 PSOldGen        total 349568K, used 349567K [0x18040000, 0x2d5a0000, 0x2d5a0000)
  object space 349568K, 99% used [0x18040000,0x2d59fff8,0x2d5a0000)
 PSPermGen       total 65536K, used 61218K [0x10040000, 0x14040000, 0x18040000)
  object space 65536K, 93% used [0x10040000,0x13c08928,0x14040000)
627.150: [Full GC [PSYoungGen: 58240K->53997K(114944K)] [PSOldGen: 349567K->349567K(349568K)] 407807K->403565K(464512K) [PSPermGen: 61218K->61218K(65536K)], 2.3321626 secs] [Times: user=2.31 sys=0.00, real=2.33 secs] 
Heap after GC invocations=184 (full 56):
 PSYoungGen      total 114944K, used 53997K [0x2d5a0000, 0x37ec0000, 0x38040000)
  eden space 58240K, 92% used [0x2d5a0000,0x30a5b460,0x30e80000)
  from space 56704K, 0% used [0x34760000,0x34760000,0x37ec0000)
  to   space 57472K, 0% used [0x30e80000,0x30e80000,0x346a0000)
 PSOldGen        total 349568K, used 349567K [0x18040000, 0x2d5a0000, 0x2d5a0000)
  object space 349568K, 99% used [0x18040000,0x2d59fff8,0x2d5a0000)
 PSPermGen       total 65536K, used 61218K [0x10040000, 0x14040000, 0x18040000)
  object space 65536K, 93% used [0x10040000,0x13c088e8,0x14040000)
}
Total time for which application threads were stopped: 2.3336374 seconds
Application time: 0.0313431 seconds
{Heap before GC invocations=185 (full 57):
 PSYoungGen      total 114944K, used 58240K [0x2d5a0000, 0x37ec0000, 0x38040000)
  eden space 58240K, 100% used [0x2d5a0000,0x30e80000,0x30e80000)
  from space 56704K, 0% used [0x34760000,0x34760000,0x37ec0000)
  to   space 57472K, 0% used [0x30e80000,0x30e80000,0x346a0000)
 PSOldGen        total 349568K, used 349567K [0x18040000, 0x2d5a0000, 0x2d5a0000)
  object space 349568K, 99% used [0x18040000,0x2d59fff8,0x2d5a0000)
 PSPermGen       total 65536K, used 61218K [0x10040000, 0x14040000, 0x18040000)
  object space 65536K, 93% used [0x10040000,0x13c088e8,0x14040000)
629.517: [Full GC [PSYoungGen: 58240K->58240K(114944K)] [PSOldGen: 349567K->349567K(349568K)] 407807K->407807K(464512K) [PSPermGen: 61218K->61218K(65536K)], 1.9181661 secs] [Times: user=1.92 sys=0.00, real=1.92 secs] 
Heap after GC invocations=185 (full 57):
 PSYoungGen      total 114944K, used 58240K [0x2d5a0000, 0x37ec0000, 0x38040000)
  eden space 58240K, 100% used [0x2d5a0000,0x30e80000,0x30e80000)
  from space 56704K, 0% used [0x34760000,0x34760000,0x37ec0000)
  to   space 57472K, 0% used [0x30e80000,0x30e80000,0x346a0000)
 PSOldGen        total 349568K, used 349567K [0x18040000, 0x2d5a0000, 0x2d5a0000)
  object space 349568K, 99% used [0x18040000,0x2d59fff8,0x2d5a0000)
 PSPermGen       total 65536K, used 61218K [0x10040000, 0x14040000, 0x18040000)
  object space 65536K, 93% used [0x10040000,0x13c088e8,0x14040000)
}
{Heap before GC invocations=186 (full 58):
 PSYoungGen      total 114944K, used 58240K [0x2d5a0000, 0x37ec0000, 0x38040000)
  eden space 58240K, 100% used [0x2d5a0000,0x30e80000,0x30e80000)
  from space 56704K, 0% used [0x34760000,0x34760000,0x37ec0000)
  to   space 57472K, 0% used [0x30e80000,0x30e80000,0x346a0000)
 PSOldGen        total 349568K, used 349567K [0x18040000, 0x2d5a0000, 0x2d5a0000)
  object space 349568K, 99% used [0x18040000,0x2d59fff8,0x2d5a0000)
 PSPermGen       total 65536K, used 61218K [0x10040000, 0x14040000, 0x18040000)
  object space 65536K, 93% used [0x10040000,0x13c088e8,0x14040000)
631.435: [Full GC [PSYoungGen: 58240K->47913K(114944K)] [PSOldGen: 349567K->349567K(349568K)] 407807K->397481K(464512K) [PSPermGen: 61218K->61156K(65536K)], 2.4571226 secs] [Times: user=2.36 sys=0.00, real=2.45 secs] 
Heap after GC invocations=186 (full 58):
 PSYoungGen      total 114944K, used 47913K [0x2d5a0000, 0x37ec0000, 0x38040000)
  eden space 58240K, 82% used [0x2d5a0000,0x3046a470,0x30e80000)
  from space 56704K, 0% used [0x34760000,0x34760000,0x37ec0000)
  to   space 57472K, 0% used [0x30e80000,0x30e80000,0x346a0000)
 PSOldGen        total 349568K, used 349567K [0x18040000, 0x2d5a0000, 0x2d5a0000)
  object space 349568K, 99% used [0x18040000,0x2d59ffb8,0x2d5a0000)
 PSPermGen       total 65536K, used 61156K [0x10040000, 0x14040000, 0x18040000)
  object space 65536K, 93% used [0x10040000,0x13bf9138,0x14040000)
}
Total time for which application threads were stopped: 4.3784501 seconds
Application time: 0.1227377 seconds
{Heap before GC invocations=187 (full 59):
 PSYoungGen      total 114944K, used 58240K [0x2d5a0000, 0x37ec0000, 0x38040000)
  eden space 58240K, 100% used [0x2d5a0000,0x30e80000,0x30e80000)
  from space 56704K, 0% used [0x34760000,0x34760000,0x37ec0000)
  to   space 57472K, 0% used [0x30e80000,0x30e80000,0x346a0000)
 PSOldGen        total 349568K, used 349567K [0x18040000, 0x2d5a0000, 0x2d5a0000)
  object space 349568K, 99% used [0x18040000,0x2d59ffb8,0x2d5a0000)
 PSPermGen       total 65536K, used 61156K [0x10040000, 0x14040000, 0x18040000)
  object space 65536K, 93% used [0x10040000,0x13bf9230,0x14040000)
634.051: [Full GC [PSYoungGen: 58240K->53432K(114944K)] [PSOldGen: 349567K->349567K(349568K)] 407807K->403000K(464512K) [PSPermGen: 61156K->61156K(65536K)], 2.0297940 secs] [Times: user=2.03 sys=0.00, real=2.03 secs] 
Heap after GC invocations=187 (full 59):
 PSYoungGen      total 114944K, used 53432K [0x2d5a0000, 0x37ec0000, 0x38040000)
  eden space 58240K, 91% used [0x2d5a0000,0x309ce258,0x30e80000)
  from space 56704K, 0% used [0x34760000,0x34760000,0x37ec0000)
  to   space 57472K, 0% used [0x30e80000,0x30e80000,0x346a0000)
 PSOldGen        total 349568K, used 349567K [0x18040000, 0x2d5a0000, 0x2d5a0000)
  object space 349568K, 99% used [0x18040000,0x2d59ffb8,0x2d5a0000)
 PSPermGen       total 65536K, used 61156K [0x10040000, 0x14040000, 0x18040000)
  object space 65536K, 93% used [0x10040000,0x13bf9230,0x14040000)
}
Total time for which application threads were stopped: 2.0657827 seconds
Application time: 0.0418894 seconds
{Heap before GC invocations=188 (full 60):
 PSYoungGen      total 114944K, used 58240K [0x2d5a0000, 0x37ec0000, 0x38040000)
  eden space 58240K, 100% used [0x2d5a0000,0x30e80000,0x30e80000)
  from space 56704K, 0% used [0x34760000,0x34760000,0x37ec0000)
  to   space 57472K, 0% used [0x30e80000,0x30e80000,0x346a0000)
 PSOldGen        total 349568K, used 349567K [0x18040000, 0x2d5a0000, 0x2d5a0000)
  object space 349568K, 99% used [0x18040000,0x2d59ffb8,0x2d5a0000)
 PSPermGen       total 65536K, used 61156K [0x10040000, 0x14040000, 0x18040000)
  object space 65536K, 93% used [0x10040000,0x13bf9230,0x14040000)
636.124: [Full GC [PSYoungGen: 58240K->51901K(114944K)] [PSOldGen: 349567K->349567K(349568K)] 407807K->401469K(464512K) [PSPermGen: 61156K->61153K(65536K)], 2.4047151 secs] [Times: user=2.41 sys=0.00, real=2.41 secs] 
Heap after GC invocations=188 (full 60):
 PSYoungGen      total 114944K, used 51901K [0x2d5a0000, 0x37ec0000, 0x38040000)
  eden space 58240K, 89% used [0x2d5a0000,0x3084f798,0x30e80000)
  from space 56704K, 0% used [0x34760000,0x34760000,0x37ec0000)
  to   space 57472K, 0% used [0x30e80000,0x30e80000,0x346a0000)
 PSOldGen        total 349568K, used 349567K [0x18040000, 0x2d5a0000, 0x2d5a0000)
  object space 349568K, 99% used [0x18040000,0x2d59ff78,0x2d5a0000)
 PSPermGen       total 65536K, used 61153K [0x10040000, 0x14040000, 0x18040000)
  object space 65536K, 93% used [0x10040000,0x13bf8590,0x14040000)
}
Total time for which application threads were stopped: 2.4064095 seconds
Application time: 0.0550997 seconds
{Heap before GC invocations=189 (full 61):
 PSYoungGen      total 114944K, used 58240K [0x2d5a0000, 0x37ec0000, 0x38040000)
  eden space 58240K, 100% used [0x2d5a0000,0x30e80000,0x30e80000)
  from space 56704K, 0% used [0x34760000,0x34760000,0x37ec0000)
  to   space 57472K, 0% used [0x30e80000,0x30e80000,0x346a0000)
 PSOldGen        total 349568K, used 349567K [0x18040000, 0x2d5a0000, 0x2d5a0000)
  object space 349568K, 99% used [0x18040000,0x2d59ff78,0x2d5a0000)
 PSPermGen       total 65536K, used 61153K [0x10040000, 0x14040000, 0x18040000)
  object space 65536K, 93% used [0x10040000,0x13bf8620,0x14040000)
638.586: [Full GC [PSYoungGen: 58240K->55015K(114944K)] [PSOldGen: 349567K->349567K(349568K)] 407807K->404583K(464512K) [PSPermGen: 61153K->61153K(65536K)], 1.9535935 secs] [Times: user=1.95 sys=0.00, real=1.95 secs] 
Heap after GC invocations=189 (full 61):
 PSYoungGen      total 114944K, used 55015K [0x2d5a0000, 0x37ec0000, 0x38040000)
  eden space 58240K, 94% used [0x2d5a0000,0x30b59fd0,0x30e80000)
  from space 56704K, 0% used [0x34760000,0x34760000,0x37ec0000)
  to   space 57472K, 0% used [0x30e80000,0x30e80000,0x346a0000)
 PSOldGen        total 349568K, used 349567K [0x18040000, 0x2d5a0000, 0x2d5a0000)
  object space 349568K, 99% used [0x18040000,0x2d59ff78,0x2d5a0000)
 PSPermGen       total 65536K, used 61153K [0x10040000, 0x14040000, 0x18040000)
  object space 65536K, 93% used [0x10040000,0x13bf8620,0x14040000)
}
Total time for which application threads were stopped: 1.9551552 seconds
Application time: 0.0244514 seconds
{Heap before GC invocations=190 (full 62):
 PSYoungGen      total 114944K, used 58240K [0x2d5a0000, 0x37ec0000, 0x38040000)
  eden space 58240K, 100% used [0x2d5a0000,0x30e80000,0x30e80000)
  from space 56704K, 0% used [0x34760000,0x34760000,0x37ec0000)
  to   space 57472K, 0% used [0x30e80000,0x30e80000,0x346a0000)
 PSOldGen        total 349568K, used 349567K [0x18040000, 0x2d5a0000, 0x2d5a0000)
  object space 349568K, 99% used [0x18040000,0x2d59ff78,0x2d5a0000)
 PSPermGen       total 65536K, used 61153K [0x10040000, 0x14040000, 0x18040000)
  object space 65536K, 93% used [0x10040000,0x13bf8620,0x14040000)
640.592: [Full GC [PSYoungGen: 58240K->55028K(114944K)] [PSOldGen: 349567K->349567K(349568K)] 407807K->404595K(464512K) [PSPermGen: 61153K->61153K(65536K)], 1.9771912 secs] [Times: user=1.94 sys=0.02, real=1.97 secs] 
Heap after GC invocations=190 (full 62):
 PSYoungGen      total 114944K, used 55028K [0x2d5a0000, 0x37ec0000, 0x38040000)
  eden space 58240K, 94% used [0x2d5a0000,0x30b5d018,0x30e80000)
  from space 56704K, 0% used [0x34760000,0x34760000,0x37ec0000)
  to   space 57472K, 0% used [0x30e80000,0x30e80000,0x346a0000)
 PSOldGen        total 349568K, used 349567K [0x18040000, 0x2d5a0000, 0x2d5a0000)
  object space 349568K, 99% used [0x18040000,0x2d59ff78,0x2d5a0000)
 PSPermGen       total 65536K, used 61153K [0x10040000, 0x14040000, 0x18040000)
  object space 65536K, 93% used [0x10040000,0x13bf8620,0x14040000)
}
Total time for which application threads were stopped: 2.0056130 seconds
Application time: 0.0455142 seconds
{Heap before GC invocations=191 (full 63):
 PSYoungGen      total 114944K, used 58240K [0x2d5a0000, 0x37ec0000, 0x38040000)
  eden space 58240K, 100% used [0x2d5a0000,0x30e80000,0x30e80000)
  from space 56704K, 0% used [0x34760000,0x34760000,0x37ec0000)
  to   space 57472K, 0% used [0x30e80000,0x30e80000,0x346a0000)
 PSOldGen        total 349568K, used 349567K [0x18040000, 0x2d5a0000, 0x2d5a0000)
  object space 349568K, 99% used [0x18040000,0x2d59ff78,0x2d5a0000)
 PSPermGen       total 65536K, used 61153K [0x10040000, 0x14040000, 0x18040000)
  object space 65536K, 93% used [0x10040000,0x13bf8620,0x14040000)
642.617: [Full GC [PSYoungGen: 58240K->54885K(114944K)] [PSOldGen: 349567K->349567K(349568K)] 407807K->404453K(464512K) [PSPermGen: 61153K->61153K(65536K)], 1.9980771 secs] [Times: user=1.99 sys=0.00, real=2.00 secs] 
Heap after GC invocations=191 (full 63):
 PSYoungGen      total 114944K, used 54885K [0x2d5a0000, 0x37ec0000, 0x38040000)
  eden space 58240K, 94% used [0x2d5a0000,0x30b39608,0x30e80000)
  from space 56704K, 0% used [0x34760000,0x34760000,0x37ec0000)
  to   space 57472K, 0% used [0x30e80000,0x30e80000,0x346a0000)
 PSOldGen        total 349568K, used 349567K [0x18040000, 0x2d5a0000, 0x2d5a0000)
  object space 349568K, 99% used [0x18040000,0x2d59ff78,0x2d5a0000)
 PSPermGen       total 65536K, used 61153K [0x10040000, 0x14040000, 0x18040000)
  object space 65536K, 93% used [0x10040000,0x13bf8620,0x14040000)
}
Total time for which application threads were stopped: 1.9998877 seconds
Application time: 0.0155827 seconds
{Heap before GC invocations=192 (full 64):
 PSYoungGen      total 114944K, used 58240K [0x2d5a0000, 0x37ec0000, 0x38040000)
  eden space 58240K, 100% used [0x2d5a0000,0x30e80000,0x30e80000)
  from space 56704K, 0% used [0x34760000,0x34760000,0x37ec0000)
  to   space 57472K, 0% used [0x30e80000,0x30e80000,0x346a0000)
 PSOldGen        total 349568K, used 349567K [0x18040000, 0x2d5a0000, 0x2d5a0000)
  object space 349568K, 99% used [0x18040000,0x2d59ff78,0x2d5a0000)
 PSPermGen       total 65536K, used 61153K [0x10040000, 0x14040000, 0x18040000)
  object space 65536K, 93% used [0x10040000,0x13bf8620,0x14040000)
644.632: [Full GC [PSYoungGen: 58240K->51893K(114944K)] [PSOldGen: 349567K->349567K(349568K)] 407807K->401461K(464512K) [PSPermGen: 61153K->61153K(65536K)], 2.3412305 secs] [Times: user=2.31 sys=0.00, real=2.34 secs] 
Heap after GC invocations=192 (full 64):
 PSYoungGen      total 114944K, used 51893K [0x2d5a0000, 0x37ec0000, 0x38040000)
  eden space 58240K, 89% used [0x2d5a0000,0x3084d660,0x30e80000)
  from space 56704K, 0% used [0x34760000,0x34760000,0x37ec0000)
  to   space 57472K, 0% used [0x30e80000,0x30e80000,0x346a0000)
 PSOldGen        total 349568K, used 349567K [0x18040000, 0x2d5a0000, 0x2d5a0000)
  object space 349568K, 99% used [0x18040000,0x2d59ffe8,0x2d5a0000)
 PSPermGen       total 65536K, used 61153K [0x10040000, 0x14040000, 0x18040000)
  object space 65536K, 93% used [0x10040000,0x13bf8620,0x14040000)
}
Total time for which application threads were stopped: 2.3427852 seconds
Application time: 0.0343837 seconds
{Heap before GC invocations=193 (full 65):
 PSYoungGen      total 114944K, used 58240K [0x2d5a0000, 0x37ec0000, 0x38040000)
  eden space 58240K, 100% used [0x2d5a0000,0x30e80000,0x30e80000)
  from space 56704K, 0% used [0x34760000,0x34760000,0x37ec0000)
  to   space 57472K, 0% used [0x30e80000,0x30e80000,0x346a0000)
 PSOldGen        total 349568K, used 349567K [0x18040000, 0x2d5a0000, 0x2d5a0000)
  object space 349568K, 99% used [0x18040000,0x2d59ffe8,0x2d5a0000)
 PSPermGen       total 65536K, used 61153K [0x10040000, 0x14040000, 0x18040000)
  object space 65536K, 93% used [0x10040000,0x13bf8620,0x14040000)
647.010: [Full GC [PSYoungGen: 58240K->56217K(114944K)] [PSOldGen: 349567K->349567K(349568K)] 407807K->405785K(464512K) [PSPermGen: 61153K->61153K(65536K)], 1.9611632 secs] [Times: user=1.95 sys=0.00, real=1.95 secs] 
Heap after GC invocations=193 (full 65):
 PSYoungGen      total 114944K, used 56217K [0x2d5a0000, 0x37ec0000, 0x38040000)
  eden space 58240K, 96% used [0x2d5a0000,0x30c865c0,0x30e80000)
  from space 56704K, 0% used [0x34760000,0x34760000,0x37ec0000)
  to   space 57472K, 0% used [0x30e80000,0x30e80000,0x346a0000)
 PSOldGen        total 349568K, used 349567K [0x18040000, 0x2d5a0000, 0x2d5a0000)
  object space 349568K, 99% used [0x18040000,0x2d59ffe8,0x2d5a0000)
 PSPermGen       total 65536K, used 61153K [0x10040000, 0x14040000, 0x18040000)
  object space 65536K, 93% used [0x10040000,0x13bf8620,0x14040000)
}
Total time for which application threads were stopped: 1.9630897 seconds
Application time: 0.0157361 seconds
{Heap before GC invocations=194 (full 66):
 PSYoungGen      total 114944K, used 58240K [0x2d5a0000, 0x37ec0000, 0x38040000)
  eden space 58240K, 100% used [0x2d5a0000,0x30e80000,0x30e80000)
  from space 56704K, 0% used [0x34760000,0x34760000,0x37ec0000)
  to   space 57472K, 0% used [0x30e80000,0x30e80000,0x346a0000)
 PSOldGen        total 349568K, used 349567K [0x18040000, 0x2d5a0000, 0x2d5a0000)
  object space 349568K, 99% used [0x18040000,0x2d59ffe8,0x2d5a0000)
 PSPermGen       total 65536K, used 61153K [0x10040000, 0x14040000, 0x18040000)
  object space 65536K, 93% used [0x10040000,0x13bf8620,0x14040000)
648.988: [Full GC [PSYoungGen: 58240K->56665K(114944K)] [PSOldGen: 349567K->349567K(349568K)] 407807K->406233K(464512K) [PSPermGen: 61153K->61153K(65536K)], 1.9789479 secs] [Times: user=1.98 sys=0.00, real=1.98 secs] 
Heap after GC invocations=194 (full 66):
 PSYoungGen      total 114944K, used 56665K [0x2d5a0000, 0x37ec0000, 0x38040000)
  eden space 58240K, 97% used [0x2d5a0000,0x30cf65d0,0x30e80000)
  from space 56704K, 0% used [0x34760000,0x34760000,0x37ec0000)
  to   space 57472K, 0% used [0x30e80000,0x30e80000,0x346a0000)
 PSOldGen        total 349568K, used 349567K [0x18040000, 0x2d5a0000, 0x2d5a0000)
  object space 349568K, 99% used [0x18040000,0x2d59ffe8,0x2d5a0000)
 PSPermGen       total 65536K, used 61153K [0x10040000, 0x14040000, 0x18040000)
  object space 65536K, 93% used [0x10040000,0x13bf8620,0x14040000)
}
Total time for which application threads were stopped: 1.9808420 seconds
Application time: 0.0125737 seconds
{Heap before GC invocations=195 (full 67):
 PSYoungGen      total 114944K, used 58240K [0x2d5a0000, 0x37ec0000, 0x38040000)
  eden space 58240K, 100% used [0x2d5a0000,0x30e80000,0x30e80000)
  from space 56704K, 0% used [0x34760000,0x34760000,0x37ec0000)
  to   space 57472K, 0% used [0x30e80000,0x30e80000,0x346a0000)
 PSOldGen        total 349568K, used 349567K [0x18040000, 0x2d5a0000, 0x2d5a0000)
  object space 349568K, 99% used [0x18040000,0x2d59ffe8,0x2d5a0000)
 PSPermGen       total 65536K, used 61154K [0x10040000, 0x14040000, 0x18040000)
  object space 65536K, 93% used [0x10040000,0x13bf8a30,0x14040000)
650.982: [Full GC [PSYoungGen: 58240K->56810K(114944K)] [PSOldGen: 349567K->349567K(349568K)] 407807K->406378K(464512K) [PSPermGen: 61154K->61154K(65536K)], 2.0021251 secs] [Times: user=1.98 sys=0.00, real=2.00 secs] 
Heap after GC invocations=195 (full 67):
 PSYoungGen      total 114944K, used 56810K [0x2d5a0000, 0x37ec0000, 0x38040000)
  eden space 58240K, 97% used [0x2d5a0000,0x30d1abc8,0x30e80000)
  from space 56704K, 0% used [0x34760000,0x34760000,0x37ec0000)
  to   space 57472K, 0% used [0x30e80000,0x30e80000,0x346a0000)
 PSOldGen        total 349568K, used 349567K [0x18040000, 0x2d5a0000, 0x2d5a0000)
  object space 349568K, 99% used [0x18040000,0x2d59ffe8,0x2d5a0000)
 PSPermGen       total 65536K, used 61154K [0x10040000, 0x14040000, 0x18040000)
  object space 65536K, 93% used [0x10040000,0x13bf8a30,0x14040000)
}
Total time for which application threads were stopped: 2.0040525 seconds
Application time: 0.0076591 seconds
{Heap before GC invocations=196 (full 68):
 PSYoungGen      total 114944K, used 58240K [0x2d5a0000, 0x37ec0000, 0x38040000)
  eden space 58240K, 100% used [0x2d5a0000,0x30e80000,0x30e80000)
  from space 56704K, 0% used [0x34760000,0x34760000,0x37ec0000)
  to   space 57472K, 0% used [0x30e80000,0x30e80000,0x346a0000)
 PSOldGen        total 349568K, used 349567K [0x18040000, 0x2d5a0000, 0x2d5a0000)
  object space 349568K, 99% used [0x18040000,0x2d59ffe8,0x2d5a0000)
 PSPermGen       total 65536K, used 61154K [0x10040000, 0x14040000, 0x18040000)
  object space 65536K, 93% used [0x10040000,0x13bf8a30,0x14040000)
652.994: [Full GC [PSYoungGen: 58240K->53271K(114944K)] [PSOldGen: 349567K->349567K(349568K)] 407807K->402839K(464512K) [PSPermGen: 61154K->61150K(65536K)], 2.4532179 secs] [Times: user=2.42 sys=0.00, real=2.45 secs] 
Heap after GC invocations=196 (full 68):
 PSYoungGen      total 114944K, used 53271K [0x2d5a0000, 0x37ec0000, 0x38040000)
  eden space 58240K, 91% used [0x2d5a0000,0x309a5d18,0x30e80000)
  from space 56704K, 0% used [0x34760000,0x34760000,0x37ec0000)
  to   space 57472K, 0% used [0x30e80000,0x30e80000,0x346a0000)
 PSOldGen        total 349568K, used 349567K [0x18040000, 0x2d5a0000, 0x2d5a0000)
  object space 349568K, 99% used [0x18040000,0x2d59fff8,0x2d5a0000)
 PSPermGen       total 65536K, used 61150K [0x10040000, 0x14040000, 0x18040000)
  object space 65536K, 93% used [0x10040000,0x13bf7be0,0x14040000)
}
Total time for which application threads were stopped: 2.4553897 seconds
Application time: 0.0233250 seconds
{Heap before GC invocations=197 (full 69):
 PSYoungGen      total 114944K, used 58240K [0x2d5a0000, 0x37ec0000, 0x38040000)
  eden space 58240K, 100% used [0x2d5a0000,0x30e80000,0x30e80000)
  from space 56704K, 0% used [0x34760000,0x34760000,0x37ec0000)
  to   space 57472K, 0% used [0x30e80000,0x30e80000,0x346a0000)
 PSOldGen        total 349568K, used 349567K [0x18040000, 0x2d5a0000, 0x2d5a0000)
  object space 349568K, 99% used [0x18040000,0x2d59fff8,0x2d5a0000)
 PSPermGen       total 65536K, used 61154K [0x10040000, 0x14040000, 0x18040000)
  object space 65536K, 93% used [0x10040000,0x13bf8b20,0x14040000)
655.475: [Full GC [PSYoungGen: 58240K->56916K(114944K)] [PSOldGen: 349567K->349567K(349568K)] 407807K->406484K(464512K) [PSPermGen: 61154K->61154K(65536K)], 1.9589462 secs] [Times: user=1.97 sys=0.00, real=1.97 secs] 
Heap after GC invocations=197 (full 69):
 PSYoungGen      total 114944K, used 56916K [0x2d5a0000, 0x37ec0000, 0x38040000)
  eden space 58240K, 97% used [0x2d5a0000,0x30d35048,0x30e80000)
  from space 56704K, 0% used [0x34760000,0x34760000,0x37ec0000)
  to   space 57472K, 0% used [0x30e80000,0x30e80000,0x346a0000)
 PSOldGen        total 349568K, used 349567K [0x18040000, 0x2d5a0000, 0x2d5a0000)
  object space 349568K, 99% used [0x18040000,0x2d59fff8,0x2d5a0000)
 PSPermGen       total 65536K, used 61154K [0x10040000, 0x14040000, 0x18040000)
  object space 65536K, 93% used [0x10040000,0x13bf8b20,0x14040000)
}
Total time for which application threads were stopped: 1.9634247 seconds
Application time: 0.0229803 seconds
{Heap before GC invocations=198 (full 70):
 PSYoungGen      total 114944K, used 58240K [0x2d5a0000, 0x37ec0000, 0x38040000)
  eden space 58240K, 100% used [0x2d5a0000,0x30e80000,0x30e80000)
  from space 56704K, 0% used [0x34760000,0x34760000,0x37ec0000)
  to   space 57472K, 0% used [0x30e80000,0x30e80000,0x346a0000)
 PSOldGen        total 349568K, used 349567K [0x18040000, 0x2d5a0000, 0x2d5a0000)
  object space 349568K, 99% used [0x18040000,0x2d59fff8,0x2d5a0000)
 PSPermGen       total 65536K, used 61154K [0x10040000, 0x14040000, 0x18040000)
  object space 65536K, 93% used [0x10040000,0x13bf8b20,0x14040000)
657.458: [Full GC [PSYoungGen: 58240K->57448K(114944K)] [PSOldGen: 349567K->349567K(349568K)] 407807K->407016K(464512K) [PSPermGen: 61154K->61154K(65536K)], 2.0396162 secs] [Times: user=2.05 sys=0.00, real=2.05 secs] 
Heap after GC invocations=198 (full 70):
 PSYoungGen      total 114944K, used 57448K [0x2d5a0000, 0x37ec0000, 0x38040000)
  eden space 58240K, 98% used [0x2d5a0000,0x30dba150,0x30e80000)
  from space 56704K, 0% used [0x34760000,0x34760000,0x37ec0000)
  to   space 57472K, 0% used [0x30e80000,0x30e80000,0x346a0000)
 PSOldGen        total 349568K, used 349567K [0x18040000, 0x2d5a0000, 0x2d5a0000)
  object space 349568K, 99% used [0x18040000,0x2d59fff8,0x2d5a0000)
 PSPermGen       total 65536K, used 61154K [0x10040000, 0x14040000, 0x18040000)
  object space 65536K, 93% used [0x10040000,0x13bf8b20,0x14040000)
}
Total time for which application threads were stopped: 2.0412597 seconds
Application time: 0.0045509 seconds
{Heap before GC invocations=199 (full 71):
 PSYoungGen      total 114944K, used 58240K [0x2d5a0000, 0x37ec0000, 0x38040000)
  eden space 58240K, 100% used [0x2d5a0000,0x30e80000,0x30e80000)
  from space 56704K, 0% used [0x34760000,0x34760000,0x37ec0000)
  to   space 57472K, 0% used [0x30e80000,0x30e80000,0x346a0000)
 PSOldGen        total 349568K, used 349567K [0x18040000, 0x2d5a0000, 0x2d5a0000)
  object space 349568K, 99% used [0x18040000,0x2d59fff8,0x2d5a0000)
 PSPermGen       total 65536K, used 61154K [0x10040000, 0x14040000, 0x18040000)
  object space 65536K, 93% used [0x10040000,0x13bf8b20,0x14040000)
659.504: [Full GC [PSYoungGen: 58240K->57550K(114944K)] [PSOldGen: 349567K->349567K(349568K)] 407807K->407118K(464512K) [PSPermGen: 61154K->61154K(65536K)], 1.9892246 secs] [Times: user=1.95 sys=0.01, real=2.00 secs] 
Heap after GC invocations=199 (full 71):
 PSYoungGen      total 114944K, used 57550K [0x2d5a0000, 0x37ec0000, 0x38040000)
  eden space 58240K, 98% used [0x2d5a0000,0x30dd3a58,0x30e80000)
  from space 56704K, 0% used [0x34760000,0x34760000,0x37ec0000)
  to   space 57472K, 0% used [0x30e80000,0x30e80000,0x346a0000)
 PSOldGen        total 349568K, used 349567K [0x18040000, 0x2d5a0000, 0x2d5a0000)
  object space 349568K, 99% used [0x18040000,0x2d59fff8,0x2d5a0000)
 PSPermGen       total 65536K, used 61154K [0x10040000, 0x14040000, 0x18040000)
  object space 65536K, 93% used [0x10040000,0x13bf8b20,0x14040000)
}
Total time for which application threads were stopped: 1.9908712 seconds
Application time: 0.0220640 seconds
{Heap before GC invocations=200 (full 72):
 PSYoungGen      total 114944K, used 58240K [0x2d5a0000, 0x37ec0000, 0x38040000)
  eden space 58240K, 100% used [0x2d5a0000,0x30e80000,0x30e80000)
  from space 56704K, 0% used [0x34760000,0x34760000,0x37ec0000)
  to   space 57472K, 0% used [0x30e80000,0x30e80000,0x346a0000)
 PSOldGen        total 349568K, used 349567K [0x18040000, 0x2d5a0000, 0x2d5a0000)
  object space 349568K, 99% used [0x18040000,0x2d59fff8,0x2d5a0000)
 PSPermGen       total 65536K, used 61154K [0x10040000, 0x14040000, 0x18040000)
  object space 65536K, 93% used [0x10040000,0x13bf8ba8,0x14040000)
661.517: [Full GC [PSYoungGen: 58240K->54540K(114944K)] [PSOldGen: 349567K->349567K(349568K)] 407807K->404108K(464512K) [PSPermGen: 61154K->61154K(65536K)], 2.3506664 secs] [Times: user=2.36 sys=0.00, real=2.36 secs] 
Heap after GC invocations=200 (full 72):
 PSYoungGen      total 114944K, used 54540K [0x2d5a0000, 0x37ec0000, 0x38040000)
  eden space 58240K, 93% used [0x2d5a0000,0x30ae33d8,0x30e80000)
  from space 56704K, 0% used [0x34760000,0x34760000,0x37ec0000)
  to   space 57472K, 0% used [0x30e80000,0x30e80000,0x346a0000)
 PSOldGen        total 349568K, used 349567K [0x18040000, 0x2d5a0000, 0x2d5a0000)
  object space 349568K, 99% used [0x18040000,0x2d59fff0,0x2d5a0000)
 PSPermGen       total 65536K, used 61154K [0x10040000, 0x14040000, 0x18040000)
  object space 65536K, 93% used [0x10040000,0x13bf8b80,0x14040000)
}
Total time for which application threads were stopped: 2.3522663 seconds
Application time: 0.0286922 seconds
{Heap before GC invocations=201 (full 73):
 PSYoungGen      total 114944K, used 58240K [0x2d5a0000, 0x37ec0000, 0x38040000)
  eden space 58240K, 100% used [0x2d5a0000,0x30e80000,0x30e80000)
  from space 56704K, 0% used [0x34760000,0x34760000,0x37ec0000)
  to   space 57472K, 0% used [0x30e80000,0x30e80000,0x346a0000)
 PSOldGen        total 349568K, used 349567K [0x18040000, 0x2d5a0000, 0x2d5a0000)
  object space 349568K, 99% used [0x18040000,0x2d59fff0,0x2d5a0000)
 PSPermGen       total 65536K, used 61155K [0x10040000, 0x14040000, 0x18040000)
  object space 65536K, 93% used [0x10040000,0x13bf8c70,0x14040000)
663.906: [Full GC [PSYoungGen: 58240K->58240K(114944K)] [PSOldGen: 349567K->349567K(349568K)] 407807K->407807K(464512K) [PSPermGen: 61155K->61155K(65536K)], 1.9945214 secs] [Times: user=1.98 sys=0.00, real=2.00 secs] 
Heap after GC invocations=201 (full 73):
 PSYoungGen      total 114944K, used 58240K [0x2d5a0000, 0x37ec0000, 0x38040000)
  eden space 58240K, 100% used [0x2d5a0000,0x30e80000,0x30e80000)
  from space 56704K, 0% used [0x34760000,0x34760000,0x37ec0000)
  to   space 57472K, 0% used [0x30e80000,0x30e80000,0x346a0000)
 PSOldGen        total 349568K, used 349567K [0x18040000, 0x2d5a0000, 0x2d5a0000)
  object space 349568K, 99% used [0x18040000,0x2d59fff0,0x2d5a0000)
 PSPermGen       total 65536K, used 61155K [0x10040000, 0x14040000, 0x18040000)
  object space 65536K, 93% used [0x10040000,0x13bf8c70,0x14040000)
}
{Heap before GC invocations=202 (full 74):
 PSYoungGen      total 114944K, used 58240K [0x2d5a0000, 0x37ec0000, 0x38040000)
  eden space 58240K, 100% used [0x2d5a0000,0x30e80000,0x30e80000)
  from space 56704K, 0% used [0x34760000,0x34760000,0x37ec0000)
  to   space 57472K, 0% used [0x30e80000,0x30e80000,0x346a0000)
 PSOldGen        total 349568K, used 349567K [0x18040000, 0x2d5a0000, 0x2d5a0000)
  object space 349568K, 99% used [0x18040000,0x2d59fff0,0x2d5a0000)
 PSPermGen       total 65536K, used 61155K [0x10040000, 0x14040000, 0x18040000)
  object space 65536K, 93% used [0x10040000,0x13bf8c70,0x14040000)
665.901: [Full GC [PSYoungGen: 58240K->55345K(114944K)] [PSOldGen: 349567K->349567K(349568K)] 407807K->404913K(464512K) [PSPermGen: 61155K->61151K(65536K)], 2.3709773 secs] [Times: user=2.34 sys=0.00, real=2.36 secs] 
Heap after GC invocations=202 (full 74):
 PSYoungGen      total 114944K, used 55345K [0x2d5a0000, 0x37ec0000, 0x38040000)
  eden space 58240K, 95% used [0x2d5a0000,0x30bac618,0x30e80000)
  from space 56704K, 0% used [0x34760000,0x34760000,0x37ec0000)
  to   space 57472K, 0% used [0x30e80000,0x30e80000,0x346a0000)
 PSOldGen        total 349568K, used 349567K [0x18040000, 0x2d5a0000, 0x2d5a0000)
  object space 349568K, 99% used [0x18040000,0x2d59ffd0,0x2d5a0000)
 PSPermGen       total 65536K, used 61151K [0x10040000, 0x14040000, 0x18040000)
  object space 65536K, 93% used [0x10040000,0x13bf7cc8,0x14040000)
}
Total time for which application threads were stopped: 4.3753078 seconds
Application time: 0.0885375 seconds
{Heap before GC invocations=203 (full 75):
 PSYoungGen      total 114944K, used 58240K [0x2d5a0000, 0x37ec0000, 0x38040000)
  eden space 58240K, 100% used [0x2d5a0000,0x30e80000,0x30e80000)
  from space 56704K, 0% used [0x34760000,0x34760000,0x37ec0000)
  to   space 57472K, 0% used [0x30e80000,0x30e80000,0x346a0000)
 PSOldGen        total 349568K, used 349567K [0x18040000, 0x2d5a0000, 0x2d5a0000)
  object space 349568K, 99% used [0x18040000,0x2d59ffd0,0x2d5a0000)
 PSPermGen       total 65536K, used 61155K [0x10040000, 0x14040000, 0x18040000)
  object space 65536K, 93% used [0x10040000,0x13bf8ea8,0x14040000)
668.363: [Full GC [PSYoungGen: 58240K->58240K(114944K)] [PSOldGen: 349567K->349567K(349568K)] 407807K->407807K(464512K) [PSPermGen: 61155K->61155K(65536K)], 1.9690332 secs] [Times: user=1.99 sys=0.00, real=1.97 secs] 
Heap after GC invocations=203 (full 75):
 PSYoungGen      total 114944K, used 58240K [0x2d5a0000, 0x37ec0000, 0x38040000)
  eden space 58240K, 100% used [0x2d5a0000,0x30e80000,0x30e80000)
  from space 56704K, 0% used [0x34760000,0x34760000,0x37ec0000)
  to   space 57472K, 0% used [0x30e80000,0x30e80000,0x346a0000)
 PSOldGen        total 349568K, used 349567K [0x18040000, 0x2d5a0000, 0x2d5a0000)
  object space 349568K, 99% used [0x18040000,0x2d59ffd0,0x2d5a0000)
 PSPermGen       total 65536K, used 61155K [0x10040000, 0x14040000, 0x18040000)
  object space 65536K, 93% used [0x10040000,0x13bf8ea8,0x14040000)
}
Total time for which application threads were stopped: 1.9716646 seconds
Application time: 0.0000450 seconds
{Heap before GC invocations=204 (full 76):
 PSYoungGen      total 114944K, used 58240K [0x2d5a0000, 0x37ec0000, 0x38040000)
  eden space 58240K, 100% used [0x2d5a0000,0x30e80000,0x30e80000)
  from space 56704K, 0% used [0x34760000,0x34760000,0x37ec0000)
  to   space 57472K, 0% used [0x30e80000,0x30e80000,0x346a0000)
 PSOldGen        total 349568K, used 349568K [0x18040000, 0x2d5a0000, 0x2d5a0000)
  object space 349568K, 100% used [0x18040000,0x2d5a0000,0x2d5a0000)
 PSPermGen       total 65536K, used 61155K [0x10040000, 0x14040000, 0x18040000)
  object space 65536K, 93% used [0x10040000,0x13bf8ea8,0x14040000)
670.333: [Full GC [PSYoungGen: 58240K->55311K(114944K)] [PSOldGen: 349568K->349567K(349568K)] 407808K->404879K(464512K) [PSPermGen: 61155K->61155K(65536K)], 2.3605397 secs] [Times: user=2.34 sys=0.00, real=2.36 secs] 
Heap after GC invocations=204 (full 76):
 PSYoungGen      total 114944K, used 55311K [0x2d5a0000, 0x37ec0000, 0x38040000)
  eden space 58240K, 94% used [0x2d5a0000,0x30ba3ca0,0x30e80000)
  from space 56704K, 0% used [0x34760000,0x34760000,0x37ec0000)
  to   space 57472K, 0% used [0x30e80000,0x30e80000,0x346a0000)
 PSOldGen        total 349568K, used 349567K [0x18040000, 0x2d5a0000, 0x2d5a0000)
  object space 349568K, 99% used [0x18040000,0x2d59ffc8,0x2d5a0000)
 PSPermGen       total 65536K, used 61155K [0x10040000, 0x14040000, 0x18040000)
  object space 65536K, 93% used [0x10040000,0x13bf8ea8,0x14040000)
}
Total time for which application threads were stopped: 2.3618097 seconds
Application time: 0.0574512 seconds
{Heap before GC invocations=205 (full 77):
 PSYoungGen      total 114944K, used 58240K [0x2d5a0000, 0x37ec0000, 0x38040000)
  eden space 58240K, 100% used [0x2d5a0000,0x30e80000,0x30e80000)
  from space 56704K, 0% used [0x34760000,0x34760000,0x37ec0000)
  to   space 57472K, 0% used [0x30e80000,0x30e80000,0x346a0000)
 PSOldGen        total 349568K, used 349567K [0x18040000, 0x2d5a0000, 0x2d5a0000)
  object space 349568K, 99% used [0x18040000,0x2d59ffc8,0x2d5a0000)
 PSPermGen       total 65536K, used 61156K [0x10040000, 0x14040000, 0x18040000)
  object space 65536K, 93% used [0x10040000,0x13bf90c8,0x14040000)
672.761: [Full GC [PSYoungGen: 58240K->58240K(114944K)] [PSOldGen: 349567K->349567K(349568K)] 407807K->407807K(464512K) [PSPermGen: 61156K->61156K(65536K)], 1.9905751 secs] [Times: user=2.06 sys=0.00, real=1.98 secs] 
Heap after GC invocations=205 (full 77):
 PSYoungGen      total 114944K, used 58240K [0x2d5a0000, 0x37ec0000, 0x38040000)
  eden space 58240K, 100% used [0x2d5a0000,0x30e80000,0x30e80000)
  from space 56704K, 0% used [0x34760000,0x34760000,0x37ec0000)
  to   space 57472K, 0% used [0x30e80000,0x30e80000,0x346a0000)
 PSOldGen        total 349568K, used 349567K [0x18040000, 0x2d5a0000, 0x2d5a0000)
  object space 349568K, 99% used [0x18040000,0x2d59ffc8,0x2d5a0000)
 PSPermGen       total 65536K, used 61156K [0x10040000, 0x14040000, 0x18040000)
  object space 65536K, 93% used [0x10040000,0x13bf90c8,0x14040000)
}
{Heap before GC invocations=206 (full 78):
 PSYoungGen      total 114944K, used 58240K [0x2d5a0000, 0x37ec0000, 0x38040000)
  eden space 58240K, 100% used [0x2d5a0000,0x30e80000,0x30e80000)
  from space 56704K, 0% used [0x34760000,0x34760000,0x37ec0000)
  to   space 57472K, 0% used [0x30e80000,0x30e80000,0x346a0000)
 PSOldGen        total 349568K, used 349567K [0x18040000, 0x2d5a0000, 0x2d5a0000)
  object space 349568K, 99% used [0x18040000,0x2d59ffc8,0x2d5a0000)
 PSPermGen       total 65536K, used 61156K [0x10040000, 0x14040000, 0x18040000)
  object space 65536K, 93% used [0x10040000,0x13bf90c8,0x14040000)
674.752: [Full GC [PSYoungGen: 58240K->55388K(114944K)] [PSOldGen: 349567K->349567K(349568K)] 407807K->404956K(464512K) [PSPermGen: 61156K->61156K(65536K)], 2.3187156 secs] [Times: user=2.33 sys=0.00, real=2.33 secs] 
Heap after GC invocations=206 (full 78):
 PSYoungGen      total 114944K, used 55388K [0x2d5a0000, 0x37ec0000, 0x38040000)
  eden space 58240K, 95% used [0x2d5a0000,0x30bb72a0,0x30e80000)
  from space 56704K, 0% used [0x34760000,0x34760000,0x37ec0000)
  to   space 57472K, 0% used [0x30e80000,0x30e80000,0x346a0000)
 PSOldGen        total 349568K, used 349567K [0x18040000, 0x2d5a0000, 0x2d5a0000)
  object space 349568K, 99% used [0x18040000,0x2d59ffc8,0x2d5a0000)
 PSPermGen       total 65536K, used 61156K [0x10040000, 0x14040000, 0x18040000)
  object space 65536K, 93% used [0x10040000,0x13bf9038,0x14040000)
}
Total time for which application threads were stopped: 4.3192992 seconds
Application time: 0.0242467 seconds
{Heap before GC invocations=207 (full 79):
 PSYoungGen      total 114944K, used 58240K [0x2d5a0000, 0x37ec0000, 0x38040000)
  eden space 58240K, 100% used [0x2d5a0000,0x30e80000,0x30e80000)
  from space 56704K, 0% used [0x34760000,0x34760000,0x37ec0000)
  to   space 57472K, 0% used [0x30e80000,0x30e80000,0x346a0000)
 PSOldGen        total 349568K, used 349567K [0x18040000, 0x2d5a0000, 0x2d5a0000)
  object space 349568K, 99% used [0x18040000,0x2d59ffc8,0x2d5a0000)
 PSPermGen       total 65536K, used 61156K [0x10040000, 0x14040000, 0x18040000)
  object space 65536K, 93% used [0x10040000,0x13bf9038,0x14040000)
677.097: [Full GC [PSYoungGen: 58240K->58240K(114944K)] [PSOldGen: 349567K->349567K(349568K)] 407807K->407807K(464512K) [PSPermGen: 61156K->61156K(65536K)], 1.9528893 secs] [Times: user=1.95 sys=0.00, real=1.95 secs] 
Heap after GC invocations=207 (full 79):
 PSYoungGen      total 114944K, used 58240K [0x2d5a0000, 0x37ec0000, 0x38040000)
  eden space 58240K, 100% used [0x2d5a0000,0x30e80000,0x30e80000)
  from space 56704K, 0% used [0x34760000,0x34760000,0x37ec0000)
  to   space 57472K, 0% used [0x30e80000,0x30e80000,0x346a0000)
 PSOldGen        total 349568K, used 349567K [0x18040000, 0x2d5a0000, 0x2d5a0000)
  object space 349568K, 99% used [0x18040000,0x2d59ffc8,0x2d5a0000)
 PSPermGen       total 65536K, used 61156K [0x10040000, 0x14040000, 0x18040000)
  object space 65536K, 93% used [0x10040000,0x13bf9038,0x14040000)
}
{Heap before GC invocations=208 (full 80):
 PSYoungGen      total 114944K, used 58240K [0x2d5a0000, 0x37ec0000, 0x38040000)
  eden space 58240K, 100% used [0x2d5a0000,0x30e80000,0x30e80000)
  from space 56704K, 0% used [0x34760000,0x34760000,0x37ec0000)
  to   space 57472K, 0% used [0x30e80000,0x30e80000,0x346a0000)
 PSOldGen        total 349568K, used 349567K [0x18040000, 0x2d5a0000, 0x2d5a0000)
  object space 349568K, 99% used [0x18040000,0x2d59ffc8,0x2d5a0000)
 PSPermGen       total 65536K, used 61156K [0x10040000, 0x14040000, 0x18040000)
  object space 65536K, 93% used [0x10040000,0x13bf9038,0x14040000)
679.050: [Full GC [PSYoungGen: 58240K->56016K(114944K)] [PSOldGen: 349567K->349567K(349568K)] 407807K->405584K(464512K) [PSPermGen: 61156K->61155K(65536K)], 2.3461242 secs] [Times: user=2.31 sys=0.00, real=2.34 secs] 
Heap after GC invocations=208 (full 80):
 PSYoungGen      total 114944K, used 56016K [0x2d5a0000, 0x37ec0000, 0x38040000)
  eden space 58240K, 96% used [0x2d5a0000,0x30c54348,0x30e80000)
  from space 56704K, 0% used [0x34760000,0x34760000,0x37ec0000)
  to   space 57472K, 0% used [0x30e80000,0x30e80000,0x346a0000)
 PSOldGen        total 349568K, used 349567K [0x18040000, 0x2d5a0000, 0x2d5a0000)
  object space 349568K, 99% used [0x18040000,0x2d59fff0,0x2d5a0000)
 PSPermGen       total 65536K, used 61155K [0x10040000, 0x14040000, 0x18040000)
  object space 65536K, 93% used [0x10040000,0x13bf8fd0,0x14040000)
}
Total time for which application threads were stopped: 4.3010598 seconds
Application time: 0.0135914 seconds
{Heap before GC invocations=209 (full 81):
 PSYoungGen      total 114944K, used 58240K [0x2d5a0000, 0x37ec0000, 0x38040000)
  eden space 58240K, 100% used [0x2d5a0000,0x30e80000,0x30e80000)
  from space 56704K, 0% used [0x34760000,0x34760000,0x37ec0000)
  to   space 57472K, 0% used [0x30e80000,0x30e80000,0x346a0000)
 PSOldGen        total 349568K, used 349567K [0x18040000, 0x2d5a0000, 0x2d5a0000)
  object space 349568K, 99% used [0x18040000,0x2d59fff0,0x2d5a0000)
 PSPermGen       total 65536K, used 61155K [0x10040000, 0x14040000, 0x18040000)
  object space 65536K, 93% used [0x10040000,0x13bf8fd0,0x14040000)
681.416: [Full GC [PSYoungGen: 58240K->58240K(114944K)] [PSOldGen: 349567K->349567K(349568K)] 407807K->407807K(464512K) [PSPermGen: 61155K->61155K(65536K)], 1.9643284 secs] [Times: user=1.95 sys=0.00, real=1.95 secs] 
Heap after GC invocations=209 (full 81):
 PSYoungGen      total 114944K, used 58240K [0x2d5a0000, 0x37ec0000, 0x38040000)
  eden space 58240K, 100% used [0x2d5a0000,0x30e80000,0x30e80000)
  from space 56704K, 0% used [0x34760000,0x34760000,0x37ec0000)
  to   space 57472K, 0% used [0x30e80000,0x30e80000,0x346a0000)
 PSOldGen        total 349568K, used 349567K [0x18040000, 0x2d5a0000, 0x2d5a0000)
  object space 349568K, 99% used [0x18040000,0x2d59fff0,0x2d5a0000)
 PSPermGen       total 65536K, used 61155K [0x10040000, 0x14040000, 0x18040000)
  object space 65536K, 93% used [0x10040000,0x13bf8fd0,0x14040000)
}
{Heap before GC invocations=210 (full 82):
 PSYoungGen      total 114944K, used 58240K [0x2d5a0000, 0x37ec0000, 0x38040000)
  eden space 58240K, 100% used [0x2d5a0000,0x30e80000,0x30e80000)
  from space 56704K, 0% used [0x34760000,0x34760000,0x37ec0000)
  to   space 57472K, 0% used [0x30e80000,0x30e80000,0x346a0000)
 PSOldGen        total 349568K, used 349567K [0x18040000, 0x2d5a0000, 0x2d5a0000)
  object space 349568K, 99% used [0x18040000,0x2d59fff0,0x2d5a0000)
 PSPermGen       total 65536K, used 61155K [0x10040000, 0x14040000, 0x18040000)
  object space 65536K, 93% used [0x10040000,0x13bf8fd0,0x14040000)
683.381: [Full GC [PSYoungGen: 58240K->57027K(114944K)] [PSOldGen: 349567K->349567K(349568K)] 407807K->406595K(464512K) [PSPermGen: 61155K->61155K(65536K)], 2.2216525 secs] [Times: user=2.22 sys=0.01, real=2.24 secs] 
Heap after GC invocations=210 (full 82):
 PSYoungGen      total 114944K, used 57027K [0x2d5a0000, 0x37ec0000, 0x38040000)
  eden space 58240K, 97% used [0x2d5a0000,0x30d50fb8,0x30e80000)
  from space 56704K, 0% used [0x34760000,0x34760000,0x37ec0000)
  to   space 57472K, 0% used [0x30e80000,0x30e80000,0x346a0000)
 PSOldGen        total 349568K, used 349567K [0x18040000, 0x2d5a0000, 0x2d5a0000)
  object space 349568K, 99% used [0x18040000,0x2d59ffd8,0x2d5a0000)
 PSPermGen       total 65536K, used 61155K [0x10040000, 0x14040000, 0x18040000)
  object space 65536K, 93% used [0x10040000,0x13bf8fd0,0x14040000)
}
Total time for which application threads were stopped: 4.1926298 seconds
Application time: 0.0068056 seconds
{Heap before GC invocations=211 (full 83):
 PSYoungGen      total 114944K, used 58240K [0x2d5a0000, 0x37ec0000, 0x38040000)
  eden space 58240K, 100% used [0x2d5a0000,0x30e80000,0x30e80000)
  from space 56704K, 0% used [0x34760000,0x34760000,0x37ec0000)
  to   space 57472K, 0% used [0x30e80000,0x30e80000,0x346a0000)
 PSOldGen        total 349568K, used 349567K [0x18040000, 0x2d5a0000, 0x2d5a0000)
  object space 349568K, 99% used [0x18040000,0x2d59ffd8,0x2d5a0000)
 PSPermGen       total 65536K, used 61157K [0x10040000, 0x14040000, 0x18040000)
  object space 65536K, 93% used [0x10040000,0x13bf97d8,0x14040000)
685.611: [Full GC [PSYoungGen: 58240K->58240K(114944K)] [PSOldGen: 349567K->349567K(349568K)] 407807K->407807K(464512K) [PSPermGen: 61157K->61157K(65536K)], 1.9577304 secs] [Times: user=1.95 sys=0.00, real=1.95 secs] 
Heap after GC invocations=211 (full 83):
 PSYoungGen      total 114944K, used 58240K [0x2d5a0000, 0x37ec0000, 0x38040000)
  eden space 58240K, 100% used [0x2d5a0000,0x30e80000,0x30e80000)
  from space 56704K, 0% used [0x34760000,0x34760000,0x37ec0000)
  to   space 57472K, 0% used [0x30e80000,0x30e80000,0x346a0000)
 PSOldGen        total 349568K, used 349567K [0x18040000, 0x2d5a0000, 0x2d5a0000)
  object space 349568K, 99% used [0x18040000,0x2d59ffd8,0x2d5a0000)
 PSPermGen       total 65536K, used 61157K [0x10040000, 0x14040000, 0x18040000)
  object space 65536K, 93% used [0x10040000,0x13bf97d8,0x14040000)
}
Total time for which application threads were stopped: 1.9591440 seconds
Application time: 0.0011186 seconds
{Heap before GC invocations=212 (full 84):
 PSYoungGen      total 114944K, used 58240K [0x2d5a0000, 0x37ec0000, 0x38040000)
  eden space 58240K, 100% used [0x2d5a0000,0x30e80000,0x30e80000)
  from space 56704K, 0% used [0x34760000,0x34760000,0x37ec0000)
  to   space 57472K, 0% used [0x30e80000,0x30e80000,0x346a0000)
 PSOldGen        total 349568K, used 349567K [0x18040000, 0x2d5a0000, 0x2d5a0000)
  object space 349568K, 99% used [0x18040000,0x2d59ffe8,0x2d5a0000)
 PSPermGen       total 65536K, used 61157K [0x10040000, 0x14040000, 0x18040000)
  object space 65536K, 93% used [0x10040000,0x13bf97d8,0x14040000)
687.571: [Full GC [PSYoungGen: 58240K->57461K(114944K)] [PSOldGen: 349567K->349567K(349568K)] 407807K->407029K(464512K) [PSPermGen: 61157K->61157K(65536K)], 2.0352866 secs] [Times: user=2.03 sys=0.00, real=2.03 secs] 
Heap after GC invocations=212 (full 84):
 PSYoungGen      total 114944K, used 57461K [0x2d5a0000, 0x37ec0000, 0x38040000)
  eden space 58240K, 98% used [0x2d5a0000,0x30dbd6a0,0x30e80000)
  from space 56704K, 0% used [0x34760000,0x34760000,0x37ec0000)
  to   space 57472K, 0% used [0x30e80000,0x30e80000,0x346a0000)
 PSOldGen        total 349568K, used 349567K [0x18040000, 0x2d5a0000, 0x2d5a0000)
  object space 349568K, 99% used [0x18040000,0x2d59ff90,0x2d5a0000)
 PSPermGen       total 65536K, used 61157K [0x10040000, 0x14040000, 0x18040000)
  object space 65536K, 93% used [0x10040000,0x13bf97d8,0x14040000)
}
Total time for which application threads were stopped: 2.0367033 seconds
Application time: 0.0066198 seconds
{Heap before GC invocations=213 (full 85):
 PSYoungGen      total 114944K, used 58240K [0x2d5a0000, 0x37ec0000, 0x38040000)
  eden space 58240K, 100% used [0x2d5a0000,0x30e80000,0x30e80000)
  from space 56704K, 0% used [0x34760000,0x34760000,0x37ec0000)
  to   space 57472K, 0% used [0x30e80000,0x30e80000,0x346a0000)
 PSOldGen        total 349568K, used 349567K [0x18040000, 0x2d5a0000, 0x2d5a0000)
  object space 349568K, 99% used [0x18040000,0x2d59ff90,0x2d5a0000)
 PSPermGen       total 65536K, used 61157K [0x10040000, 0x14040000, 0x18040000)
  object space 65536K, 93% used [0x10040000,0x13bf97d8,0x14040000)
689.614: [Full GC [PSYoungGen: 58240K->58240K(114944K)] [PSOldGen: 349567K->349567K(349568K)] 407807K->407807K(464512K) [PSPermGen: 61157K->61157K(65536K)], 1.9675213 secs] [Times: user=1.97 sys=0.00, real=1.97 secs] 
Heap after GC invocations=213 (full 85):
 PSYoungGen      total 114944K, used 58240K [0x2d5a0000, 0x37ec0000, 0x38040000)
  eden space 58240K, 100% used [0x2d5a0000,0x30e80000,0x30e80000)
  from space 56704K, 0% used [0x34760000,0x34760000,0x37ec0000)
  to   space 57472K, 0% used [0x30e80000,0x30e80000,0x346a0000)
 PSOldGen        total 349568K, used 349567K [0x18040000, 0x2d5a0000, 0x2d5a0000)
  object space 349568K, 99% used [0x18040000,0x2d59ff90,0x2d5a0000)
 PSPermGen       total 65536K, used 61157K [0x10040000, 0x14040000, 0x18040000)
  object space 65536K, 93% used [0x10040000,0x13bf97d8,0x14040000)
}
Total time for which application threads were stopped: 1.9688782 seconds
Application time: 0.0000623 seconds
{Heap before GC invocations=214 (full 86):
 PSYoungGen      total 114944K, used 58240K [0x2d5a0000, 0x37ec0000, 0x38040000)
  eden space 58240K, 100% used [0x2d5a0000,0x30e80000,0x30e80000)
  from space 56704K, 0% used [0x34760000,0x34760000,0x37ec0000)
  to   space 57472K, 0% used [0x30e80000,0x30e80000,0x346a0000)
 PSOldGen        total 349568K, used 349567K [0x18040000, 0x2d5a0000, 0x2d5a0000)
  object space 349568K, 99% used [0x18040000,0x2d59ffc8,0x2d5a0000)
 PSPermGen       total 65536K, used 61157K [0x10040000, 0x14040000, 0x18040000)
  object space 65536K, 93% used [0x10040000,0x13bf97d8,0x14040000)
691.583: [Full GC [PSYoungGen: 58240K->58240K(114944K)] [PSOldGen: 349567K->349567K(349568K)] 407807K->407807K(464512K) [PSPermGen: 61157K->61157K(65536K)], 1.9806422 secs] [Times: user=1.98 sys=0.00, real=1.98 secs] 
Heap after GC invocations=214 (full 86):
 PSYoungGen      total 114944K, used 58240K [0x2d5a0000, 0x37ec0000, 0x38040000)
  eden space 58240K, 100% used [0x2d5a0000,0x30e80000,0x30e80000)
  from space 56704K, 0% used [0x34760000,0x34760000,0x37ec0000)
  to   space 57472K, 0% used [0x30e80000,0x30e80000,0x346a0000)
 PSOldGen        total 349568K, used 349567K [0x18040000, 0x2d5a0000, 0x2d5a0000)
  object space 349568K, 99% used [0x18040000,0x2d59ffc8,0x2d5a0000)
 PSPermGen       total 65536K, used 61157K [0x10040000, 0x14040000, 0x18040000)
  object space 65536K, 93% used [0x10040000,0x13bf97d8,0x14040000)
}
Total time for which application threads were stopped: 1.9818904 seconds
Application time: 0.0000444 seconds
{Heap before GC invocations=215 (full 87):
 PSYoungGen      total 114944K, used 58240K [0x2d5a0000, 0x37ec0000, 0x38040000)
  eden space 58240K, 100% used [0x2d5a0000,0x30e80000,0x30e80000)
  from space 56704K, 0% used [0x34760000,0x34760000,0x37ec0000)
  to   space 57472K, 0% used [0x30e80000,0x30e80000,0x346a0000)
 PSOldGen        total 349568K, used 349567K [0x18040000, 0x2d5a0000, 0x2d5a0000)
  object space 349568K, 99% used [0x18040000,0x2d59ffe0,0x2d5a0000)
 PSPermGen       total 65536K, used 61157K [0x10040000, 0x14040000, 0x18040000)
  object space 65536K, 93% used [0x10040000,0x13bf97d8,0x14040000)
693.565: [Full GC [PSYoungGen: 58240K->58240K(114944K)] [PSOldGen: 349567K->349567K(349568K)] 407807K->407807K(464512K) [PSPermGen: 61157K->61157K(65536K)], 1.9751968 secs] [Times: user=1.95 sys=0.00, real=1.99 secs] 
Heap after GC invocations=215 (full 87):
 PSYoungGen      total 114944K, used 58240K [0x2d5a0000, 0x37ec0000, 0x38040000)
  eden space 58240K, 100% used [0x2d5a0000,0x30e80000,0x30e80000)
  from space 56704K, 0% used [0x34760000,0x34760000,0x37ec0000)
  to   space 57472K, 0% used [0x30e80000,0x30e80000,0x346a0000)
 PSOldGen        total 349568K, used 349567K [0x18040000, 0x2d5a0000, 0x2d5a0000)
  object space 349568K, 99% used [0x18040000,0x2d59ffe0,0x2d5a0000)
 PSPermGen       total 65536K, used 61157K [0x10040000, 0x14040000, 0x18040000)
  object space 65536K, 93% used [0x10040000,0x13bf97d8,0x14040000)
}
{Heap before GC invocations=216 (full 88):
 PSYoungGen      total 114944K, used 58240K [0x2d5a0000, 0x37ec0000, 0x38040000)
  eden space 58240K, 100% used [0x2d5a0000,0x30e80000,0x30e80000)
  from space 56704K, 0% used [0x34760000,0x34760000,0x37ec0000)
  to   space 57472K, 0% used [0x30e80000,0x30e80000,0x346a0000)
 PSOldGen        total 349568K, used 349567K [0x18040000, 0x2d5a0000, 0x2d5a0000)
  object space 349568K, 99% used [0x18040000,0x2d59ffe0,0x2d5a0000)
 PSPermGen       total 65536K, used 61157K [0x10040000, 0x14040000, 0x18040000)
  object space 65536K, 93% used [0x10040000,0x13bf97d8,0x14040000)
695.540: [Full GC [PSYoungGen: 58240K->57482K(114944K)] [PSOldGen: 349567K->349567K(349568K)] 407807K->407050K(464512K) [PSPermGen: 61157K->61157K(65536K)], 2.0290193 secs] [Times: user=2.00 sys=0.00, real=2.01 secs] 
Heap after GC invocations=216 (full 88):
 PSYoungGen      total 114944K, used 57482K [0x2d5a0000, 0x37ec0000, 0x38040000)
  eden space 58240K, 98% used [0x2d5a0000,0x30dc2900,0x30e80000)
  from space 56704K, 0% used [0x34760000,0x34760000,0x37ec0000)
  to   space 57472K, 0% used [0x30e80000,0x30e80000,0x346a0000)
 PSOldGen        total 349568K, used 349567K [0x18040000, 0x2d5a0000, 0x2d5a0000)
  object space 349568K, 99% used [0x18040000,0x2d59ffd0,0x2d5a0000)
 PSPermGen       total 65536K, used 61157K [0x10040000, 0x14040000, 0x18040000)
  object space 65536K, 93% used [0x10040000,0x13bf97d8,0x14040000)
}
Total time for which application threads were stopped: 4.0056563 seconds
Application time: 0.0068782 seconds
{Heap before GC invocations=217 (full 89):
 PSYoungGen      total 114944K, used 58240K [0x2d5a0000, 0x37ec0000, 0x38040000)
  eden space 58240K, 100% used [0x2d5a0000,0x30e80000,0x30e80000)
  from space 56704K, 0% used [0x34760000,0x34760000,0x37ec0000)
  to   space 57472K, 0% used [0x30e80000,0x30e80000,0x346a0000)
 PSOldGen        total 349568K, used 349567K [0x18040000, 0x2d5a0000, 0x2d5a0000)
  object space 349568K, 99% used [0x18040000,0x2d59ffd0,0x2d5a0000)
 PSPermGen       total 65536K, used 61157K [0x10040000, 0x14040000, 0x18040000)
  object space 65536K, 93% used [0x10040000,0x13bf97d8,0x14040000)
697.579: [Full GC [PSYoungGen: 58240K->58240K(114944K)] [PSOldGen: 349567K->349567K(349568K)] 407807K->407807K(464512K) [PSPermGen: 61157K->61157K(65536K)], 1.9682996 secs] [Times: user=1.97 sys=0.00, real=1.97 secs] 
Heap after GC invocations=217 (full 89):
 PSYoungGen      total 114944K, used 58240K [0x2d5a0000, 0x37ec0000, 0x38040000)
  eden space 58240K, 100% used [0x2d5a0000,0x30e80000,0x30e80000)
  from space 56704K, 0% used [0x34760000,0x34760000,0x37ec0000)
  to   space 57472K, 0% used [0x30e80000,0x30e80000,0x346a0000)
 PSOldGen        total 349568K, used 349567K [0x18040000, 0x2d5a0000, 0x2d5a0000)
  object space 349568K, 99% used [0x18040000,0x2d59ffd0,0x2d5a0000)
 PSPermGen       total 65536K, used 61157K [0x10040000, 0x14040000, 0x18040000)
  object space 65536K, 93% used [0x10040000,0x13bf97d8,0x14040000)
}
Total time for which application threads were stopped: 1.9706066 seconds
Application time: 0.0012018 seconds
{Heap before GC invocations=218 (full 90):
 PSYoungGen      total 114944K, used 58240K [0x2d5a0000, 0x37ec0000, 0x38040000)
  eden space 58240K, 100% used [0x2d5a0000,0x30e80000,0x30e80000)
  from space 56704K, 0% used [0x34760000,0x34760000,0x37ec0000)
  to   space 57472K, 0% used [0x30e80000,0x30e80000,0x346a0000)
 PSOldGen        total 349568K, used 349567K [0x18040000, 0x2d5a0000, 0x2d5a0000)
  object space 349568K, 99% used [0x18040000,0x2d59ffe0,0x2d5a0000)
 PSPermGen       total 65536K, used 61157K [0x10040000, 0x14040000, 0x18040000)
  object space 65536K, 93% used [0x10040000,0x13bf97d8,0x14040000)
699.549: [Full GC [PSYoungGen: 58240K->58240K(114944K)] [PSOldGen: 349567K->349567K(349568K)] 407807K->407807K(464512K) [PSPermGen: 61157K->61157K(65536K)], 1.9893922 secs] [Times: user=1.99 sys=0.00, real=1.98 secs] 
Heap after GC invocations=218 (full 90):
 PSYoungGen      total 114944K, used 58240K [0x2d5a0000, 0x37ec0000, 0x38040000)
  eden space 58240K, 100% used [0x2d5a0000,0x30e80000,0x30e80000)
  from space 56704K, 0% used [0x34760000,0x34760000,0x37ec0000)
  to   space 57472K, 0% used [0x30e80000,0x30e80000,0x346a0000)
 PSOldGen        total 349568K, used 349567K [0x18040000, 0x2d5a0000, 0x2d5a0000)
  object space 349568K, 99% used [0x18040000,0x2d59ffe0,0x2d5a0000)
 PSPermGen       total 65536K, used 61157K [0x10040000, 0x14040000, 0x18040000)
  object space 65536K, 93% used [0x10040000,0x13bf97d8,0x14040000)
}
{Heap before GC invocations=219 (full 91):
 PSYoungGen      total 114944K, used 58240K [0x2d5a0000, 0x37ec0000, 0x38040000)
  eden space 58240K, 100% used [0x2d5a0000,0x30e80000,0x30e80000)
  from space 56704K, 0% used [0x34760000,0x34760000,0x37ec0000)
  to   space 57472K, 0% used [0x30e80000,0x30e80000,0x346a0000)
 PSOldGen        total 349568K, used 349567K [0x18040000, 0x2d5a0000, 0x2d5a0000)
  object space 349568K, 99% used [0x18040000,0x2d59ffe0,0x2d5a0000)
 PSPermGen       total 65536K, used 61157K [0x10040000, 0x14040000, 0x18040000)
  object space 65536K, 93% used [0x10040000,0x13bf97d8,0x14040000)
701.539: [Full GC [PSYoungGen: 58240K->57879K(114944K)] [PSOldGen: 349567K->349567K(349568K)] 407807K->407447K(464512K) [PSPermGen: 61157K->61157K(65536K)], 2.0390390 secs] [Times: user=2.01 sys=0.00, real=2.05 secs] 
Heap after GC invocations=219 (full 91):
 PSYoungGen      total 114944K, used 57879K [0x2d5a0000, 0x37ec0000, 0x38040000)
  eden space 58240K, 99% used [0x2d5a0000,0x30e25ed0,0x30e80000)
  from space 56704K, 0% used [0x34760000,0x34760000,0x37ec0000)
  to   space 57472K, 0% used [0x30e80000,0x30e80000,0x346a0000)
 PSOldGen        total 349568K, used 349567K [0x18040000, 0x2d5a0000, 0x2d5a0000)
  object space 349568K, 99% used [0x18040000,0x2d59ffb0,0x2d5a0000)
 PSPermGen       total 65536K, used 61157K [0x10040000, 0x14040000, 0x18040000)
  object space 65536K, 93% used [0x10040000,0x13bf97d8,0x14040000)
}
Total time for which application threads were stopped: 4.0298608 seconds
Application time: 0.0021425 seconds
{Heap before GC invocations=220 (full 92):
 PSYoungGen      total 114944K, used 58240K [0x2d5a0000, 0x37ec0000, 0x38040000)
  eden space 58240K, 100% used [0x2d5a0000,0x30e80000,0x30e80000)
  from space 56704K, 0% used [0x34760000,0x34760000,0x37ec0000)
  to   space 57472K, 0% used [0x30e80000,0x30e80000,0x346a0000)
 PSOldGen        total 349568K, used 349567K [0x18040000, 0x2d5a0000, 0x2d5a0000)
  object space 349568K, 99% used [0x18040000,0x2d59ffb0,0x2d5a0000)
 PSPermGen       total 65536K, used 61158K [0x10040000, 0x14040000, 0x18040000)
  object space 65536K, 93% used [0x10040000,0x13bf9878,0x14040000)
703.582: [Full GC [PSYoungGen: 58240K->57947K(114944K)] [PSOldGen: 349567K->349568K(349568K)] 407807K->407515K(464512K) [PSPermGen: 61158K->61158K(65536K)], 2.0518700 secs] [Times: user=2.06 sys=0.00, real=2.06 secs] 
Heap after GC invocations=220 (full 92):
 PSYoungGen      total 114944K, used 57947K [0x2d5a0000, 0x37ec0000, 0x38040000)
  eden space 58240K, 99% used [0x2d5a0000,0x30e36e28,0x30e80000)
  from space 56704K, 0% used [0x34760000,0x34760000,0x37ec0000)
  to   space 57472K, 0% used [0x30e80000,0x30e80000,0x346a0000)
 PSOldGen        total 349568K, used 349568K [0x18040000, 0x2d5a0000, 0x2d5a0000)
  object space 349568K, 100% used [0x18040000,0x2d5a0000,0x2d5a0000)
 PSPermGen       total 65536K, used 61158K [0x10040000, 0x14040000, 0x18040000)
  object space 65536K, 93% used [0x10040000,0x13bf9878,0x14040000)
}
Total time for which application threads were stopped: 2.0535417 seconds
Application time: 0.0026059 seconds
{Heap before GC invocations=221 (full 93):
 PSYoungGen      total 114944K, used 58240K [0x2d5a0000, 0x37ec0000, 0x38040000)
  eden space 58240K, 100% used [0x2d5a0000,0x30e80000,0x30e80000)
  from space 56704K, 0% used [0x34760000,0x34760000,0x37ec0000)
  to   space 57472K, 0% used [0x30e80000,0x30e80000,0x346a0000)
 PSOldGen        total 349568K, used 349568K [0x18040000, 0x2d5a0000, 0x2d5a0000)
  object space 349568K, 100% used [0x18040000,0x2d5a0000,0x2d5a0000)
 PSPermGen       total 65536K, used 61158K [0x10040000, 0x14040000, 0x18040000)
  object space 65536K, 93% used [0x10040000,0x13bf9878,0x14040000)
705.638: [Full GC [PSYoungGen: 58240K->58240K(114944K)] [PSOldGen: 349568K->349568K(349568K)] 407808K->407808K(464512K) [PSPermGen: 61158K->61158K(65536K)], 1.9659060 secs] [Times: user=1.97 sys=0.00, real=1.97 secs] 
Heap after GC invocations=221 (full 93):
 PSYoungGen      total 114944K, used 58240K [0x2d5a0000, 0x37ec0000, 0x38040000)
  eden space 58240K, 100% used [0x2d5a0000,0x30e80000,0x30e80000)
  from space 56704K, 0% used [0x34760000,0x34760000,0x37ec0000)
  to   space 57472K, 0% used [0x30e80000,0x30e80000,0x346a0000)
 PSOldGen        total 349568K, used 349568K [0x18040000, 0x2d5a0000, 0x2d5a0000)
  object space 349568K, 100% used [0x18040000,0x2d5a0000,0x2d5a0000)
 PSPermGen       total 65536K, used 61158K [0x10040000, 0x14040000, 0x18040000)
  object space 65536K, 93% used [0x10040000,0x13bf9878,0x14040000)
}
{Heap before GC invocations=222 (full 94):
 PSYoungGen      total 114944K, used 58240K [0x2d5a0000, 0x37ec0000, 0x38040000)
  eden space 58240K, 100% used [0x2d5a0000,0x30e80000,0x30e80000)
  from space 56704K, 0% used [0x34760000,0x34760000,0x37ec0000)
  to   space 57472K, 0% used [0x30e80000,0x30e80000,0x346a0000)
 PSOldGen        total 349568K, used 349568K [0x18040000, 0x2d5a0000, 0x2d5a0000)
  object space 349568K, 100% used [0x18040000,0x2d5a0000,0x2d5a0000)
 PSPermGen       total 65536K, used 61158K [0x10040000, 0x14040000, 0x18040000)
  object space 65536K, 93% used [0x10040000,0x13bf9878,0x14040000)
707.604: [Full GC [PSYoungGen: 58240K->58069K(114944K)] [PSOldGen: 349568K->349568K(349568K)] 407808K->407637K(464512K) [PSPermGen: 61158K->61157K(65536K)], 2.0352302 secs] [Times: user=2.01 sys=0.00, real=2.03 secs] 
Heap after GC invocations=222 (full 94):
 PSYoungGen      total 114944K, used 58069K [0x2d5a0000, 0x37ec0000, 0x38040000)
  eden space 58240K, 99% used [0x2d5a0000,0x30e554b0,0x30e80000)
  from space 56704K, 0% used [0x34760000,0x34760000,0x37ec0000)
  to   space 57472K, 0% used [0x30e80000,0x30e80000,0x346a0000)
 PSOldGen        total 349568K, used 349568K [0x18040000, 0x2d5a0000, 0x2d5a0000)
  object space 349568K, 100% used [0x18040000,0x2d5a0000,0x2d5a0000)
 PSPermGen       total 65536K, used 61157K [0x10040000, 0x14040000, 0x18040000)
  object space 65536K, 93% used [0x10040000,0x13bf97e8,0x14040000)
}
Total time for which application threads were stopped: 4.0028180 seconds
Application time: 0.0014798 seconds
{Heap before GC invocations=223 (full 95):
 PSYoungGen      total 114944K, used 58240K [0x2d5a0000, 0x37ec0000, 0x38040000)
  eden space 58240K, 100% used [0x2d5a0000,0x30e80000,0x30e80000)
  from space 56704K, 0% used [0x34760000,0x34760000,0x37ec0000)
  to   space 57472K, 0% used [0x30e80000,0x30e80000,0x346a0000)
 PSOldGen        total 349568K, used 349568K [0x18040000, 0x2d5a0000, 0x2d5a0000)
  object space 349568K, 100% used [0x18040000,0x2d5a0000,0x2d5a0000)
 PSPermGen       total 65536K, used 61158K [0x10040000, 0x14040000, 0x18040000)
  object space 65536K, 93% used [0x10040000,0x13bf9878,0x14040000)
709.642: [Full GC [PSYoungGen: 58240K->58240K(114944K)] [PSOldGen: 349568K->349568K(349568K)] 407808K->407808K(464512K) [PSPermGen: 61158K->61158K(65536K)], 2.0247445 secs] [Times: user=2.02 sys=0.00, real=2.03 secs] 
Heap after GC invocations=223 (full 95):
 PSYoungGen      total 114944K, used 58240K [0x2d5a0000, 0x37ec0000, 0x38040000)
  eden space 58240K, 100% used [0x2d5a0000,0x30e80000,0x30e80000)
  from space 56704K, 0% used [0x34760000,0x34760000,0x37ec0000)
  to   space 57472K, 0% used [0x30e80000,0x30e80000,0x346a0000)
 PSOldGen        total 349568K, used 349568K [0x18040000, 0x2d5a0000, 0x2d5a0000)
  object space 349568K, 100% used [0x18040000,0x2d5a0000,0x2d5a0000)
 PSPermGen       total 65536K, used 61158K [0x10040000, 0x14040000, 0x18040000)
  object space 65536K, 93% used [0x10040000,0x13bf9878,0x14040000)
}
{Heap before GC invocations=224 (full 96):
 PSYoungGen      total 114944K, used 58240K [0x2d5a0000, 0x37ec0000, 0x38040000)
  eden space 58240K, 100% used [0x2d5a0000,0x30e80000,0x30e80000)
  from space 56704K, 0% used [0x34760000,0x34760000,0x37ec0000)
  to   space 57472K, 0% used [0x30e80000,0x30e80000,0x346a0000)
 PSOldGen        total 349568K, used 349568K [0x18040000, 0x2d5a0000, 0x2d5a0000)
  object space 349568K, 100% used [0x18040000,0x2d5a0000,0x2d5a0000)
 PSPermGen       total 65536K, used 61158K [0x10040000, 0x14040000, 0x18040000)
  object space 65536K, 93% used [0x10040000,0x13bf9878,0x14040000)
711.667: [Full GC [PSYoungGen: 58240K->58084K(114944K)] [PSOldGen: 349568K->349567K(349568K)] 407808K->407652K(464512K) [PSPermGen: 61158K->61157K(65536K)], 2.0713630 secs] [Times: user=2.03 sys=0.00, real=2.06 secs] 
Heap after GC invocations=224 (full 96):
 PSYoungGen      total 114944K, used 58084K [0x2d5a0000, 0x37ec0000, 0x38040000)
  eden space 58240K, 99% used [0x2d5a0000,0x30e590d8,0x30e80000)
  from space 56704K, 0% used [0x34760000,0x34760000,0x37ec0000)
  to   space 57472K, 0% used [0x30e80000,0x30e80000,0x346a0000)
 PSOldGen        total 349568K, used 349567K [0x18040000, 0x2d5a0000, 0x2d5a0000)
  object space 349568K, 99% used [0x18040000,0x2d59ffd8,0x2d5a0000)
 PSPermGen       total 65536K, used 61157K [0x10040000, 0x14040000, 0x18040000)
  object space 65536K, 93% used [0x10040000,0x13bf97e8,0x14040000)
}
Total time for which application threads were stopped: 4.0976616 seconds
Application time: 0.0008306 seconds
{Heap before GC invocations=225 (full 97):
 PSYoungGen      total 114944K, used 58240K [0x2d5a0000, 0x37ec0000, 0x38040000)
  eden space 58240K, 100% used [0x2d5a0000,0x30e80000,0x30e80000)
  from space 56704K, 0% used [0x34760000,0x34760000,0x37ec0000)
  to   space 57472K, 0% used [0x30e80000,0x30e80000,0x346a0000)
 PSOldGen        total 349568K, used 349567K [0x18040000, 0x2d5a0000, 0x2d5a0000)
  object space 349568K, 99% used [0x18040000,0x2d59ffd8,0x2d5a0000)
 PSPermGen       total 65536K, used 61157K [0x10040000, 0x14040000, 0x18040000)
  object space 65536K, 93% used [0x10040000,0x13bf97e8,0x14040000)
713.741: [Full GC [PSYoungGen: 58240K->58240K(114944K)] [PSOldGen: 349567K->349567K(349568K)] 407807K->407807K(464512K) [PSPermGen: 61157K->61157K(65536K)], 1.9850693 secs] [Times: user=1.98 sys=0.00, real=1.98 secs] 
Heap after GC invocations=225 (full 97):
 PSYoungGen      total 114944K, used 58240K [0x2d5a0000, 0x37ec0000, 0x38040000)
  eden space 58240K, 100% used [0x2d5a0000,0x30e80000,0x30e80000)
  from space 56704K, 0% used [0x34760000,0x34760000,0x37ec0000)
  to   space 57472K, 0% used [0x30e80000,0x30e80000,0x346a0000)
 PSOldGen        total 349568K, used 349567K [0x18040000, 0x2d5a0000, 0x2d5a0000)
  object space 349568K, 99% used [0x18040000,0x2d59ffd8,0x2d5a0000)
 PSPermGen       total 65536K, used 61157K [0x10040000, 0x14040000, 0x18040000)
  object space 65536K, 93% used [0x10040000,0x13bf97e8,0x14040000)
}
Total time for which application threads were stopped: 1.9865039 seconds
Application time: 0.0000453 seconds
{Heap before GC invocations=226 (full 98):
 PSYoungGen      total 114944K, used 58240K [0x2d5a0000, 0x37ec0000, 0x38040000)
  eden space 58240K, 100% used [0x2d5a0000,0x30e80000,0x30e80000)
  from space 56704K, 0% used [0x34760000,0x34760000,0x37ec0000)
  to   space 57472K, 0% used [0x30e80000,0x30e80000,0x346a0000)
 PSOldGen        total 349568K, used 349567K [0x18040000, 0x2d5a0000, 0x2d5a0000)
  object space 349568K, 99% used [0x18040000,0x2d59fff0,0x2d5a0000)
 PSPermGen       total 65536K, used 61157K [0x10040000, 0x14040000, 0x18040000)
  object space 65536K, 93% used [0x10040000,0x13bf97e8,0x14040000)
715.727: [Full GC [PSYoungGen: 58240K->58240K(114944K)] [PSOldGen: 349567K->349567K(349568K)] 407807K->407807K(464512K) [PSPermGen: 61157K->61157K(65536K)], 1.9585087 secs] [Times: user=1.97 sys=0.00, real=1.97 secs] 
Heap after GC invocations=226 (full 98):
 PSYoungGen      total 114944K, used 58240K [0x2d5a0000, 0x37ec0000, 0x38040000)
  eden space 58240K, 100% used [0x2d5a0000,0x30e80000,0x30e80000)
  from space 56704K, 0% used [0x34760000,0x34760000,0x37ec0000)
  to   space 57472K, 0% used [0x30e80000,0x30e80000,0x346a0000)
 PSOldGen        total 349568K, used 349567K [0x18040000, 0x2d5a0000, 0x2d5a0000)
  object space 349568K, 99% used [0x18040000,0x2d59fff0,0x2d5a0000)
 PSPermGen       total 65536K, used 61157K [0x10040000, 0x14040000, 0x18040000)
  object space 65536K, 93% used [0x10040000,0x13bf97e8,0x14040000)
}
{Heap before GC invocations=227 (full 99):
 PSYoungGen      total 114944K, used 58240K [0x2d5a0000, 0x37ec0000, 0x38040000)
  eden space 58240K, 100% used [0x2d5a0000,0x30e80000,0x30e80000)
  from space 56704K, 0% used [0x34760000,0x34760000,0x37ec0000)
  to   space 57472K, 0% used [0x30e80000,0x30e80000,0x346a0000)
 PSOldGen        total 349568K, used 349567K [0x18040000, 0x2d5a0000, 0x2d5a0000)
  object space 349568K, 99% used [0x18040000,0x2d59fff0,0x2d5a0000)
 PSPermGen       total 65536K, used 61157K [0x10040000, 0x14040000, 0x18040000)
  object space 65536K, 93% used [0x10040000,0x13bf97e8,0x14040000)
717.686: [Full GC [PSYoungGen: 58240K->58086K(114944K)] [PSOldGen: 349567K->349567K(349568K)] 407807K->407654K(464512K) [PSPermGen: 61157K->61157K(65536K)], 1.9470329 secs] [Times: user=1.94 sys=0.00, real=1.94 secs] 
Heap after GC invocations=227 (full 99):
 PSYoungGen      total 114944K, used 58086K [0x2d5a0000, 0x37ec0000, 0x38040000)
  eden space 58240K, 99% used [0x2d5a0000,0x30e59828,0x30e80000)
  from space 56704K, 0% used [0x34760000,0x34760000,0x37ec0000)
  to   space 57472K, 0% used [0x30e80000,0x30e80000,0x346a0000)
 PSOldGen        total 349568K, used 349567K [0x18040000, 0x2d5a0000, 0x2d5a0000)
  object space 349568K, 99% used [0x18040000,0x2d59fff0,0x2d5a0000)
 PSPermGen       total 65536K, used 61157K [0x10040000, 0x14040000, 0x18040000)
  object space 65536K, 93% used [0x10040000,0x13bf97e8,0x14040000)
}
Total time for which application threads were stopped: 3.9069583 seconds
Application time: 0.0014829 seconds
{Heap before GC invocations=228 (full 100):
 PSYoungGen      total 114944K, used 58240K [0x2d5a0000, 0x37ec0000, 0x38040000)
  eden space 58240K, 100% used [0x2d5a0000,0x30e80000,0x30e80000)
  from space 56704K, 0% used [0x34760000,0x34760000,0x37ec0000)
  to   space 57472K, 0% used [0x30e80000,0x30e80000,0x346a0000)
 PSOldGen        total 349568K, used 349567K [0x18040000, 0x2d5a0000, 0x2d5a0000)
  object space 349568K, 99% used [0x18040000,0x2d59fff0,0x2d5a0000)
 PSPermGen       total 65536K, used 61157K [0x10040000, 0x14040000, 0x18040000)
  object space 65536K, 93% used [0x10040000,0x13bf97e8,0x14040000)
719.635: [Full GC [PSYoungGen: 58240K->58085K(114944K)] [PSOldGen: 349567K->349567K(349568K)] 407807K->407653K(464512K) [PSPermGen: 61157K->61157K(65536K)], 2.0498192 secs] [Times: user=2.03 sys=0.00, real=2.05 secs] 
Heap after GC invocations=228 (full 100):
 PSYoungGen      total 114944K, used 58085K [0x2d5a0000, 0x37ec0000, 0x38040000)
  eden space 58240K, 99% used [0x2d5a0000,0x30e597c8,0x30e80000)
  from space 56704K, 0% used [0x34760000,0x34760000,0x37ec0000)
  to   space 57472K, 0% used [0x30e80000,0x30e80000,0x346a0000)
 PSOldGen        total 349568K, used 349567K [0x18040000, 0x2d5a0000, 0x2d5a0000)
  object space 349568K, 99% used [0x18040000,0x2d59ffd8,0x2d5a0000)
 PSPermGen       total 65536K, used 61157K [0x10040000, 0x14040000, 0x18040000)
  object space 65536K, 93% used [0x10040000,0x13bf97e8,0x14040000)
}
Total time for which application threads were stopped: 2.0511786 seconds
Application time: 0.0002819 seconds
{Heap before GC invocations=229 (full 101):
 PSYoungGen      total 114944K, used 58240K [0x2d5a0000, 0x37ec0000, 0x38040000)
  eden space 58240K, 100% used [0x2d5a0000,0x30e80000,0x30e80000)
  from space 56704K, 0% used [0x34760000,0x34760000,0x37ec0000)
  to   space 57472K, 0% used [0x30e80000,0x30e80000,0x346a0000)
 PSOldGen        total 349568K, used 349567K [0x18040000, 0x2d5a0000, 0x2d5a0000)
  object space 349568K, 99% used [0x18040000,0x2d59ffd8,0x2d5a0000)
 PSPermGen       total 65536K, used 61157K [0x10040000, 0x14040000, 0x18040000)
  object space 65536K, 93% used [0x10040000,0x13bf97e8,0x14040000)
721.687: [Full GC [PSYoungGen: 58240K->58240K(114944K)] [PSOldGen: 349567K->349567K(349568K)] 407807K->407807K(464512K) [PSPermGen: 61157K->61157K(65536K)], 1.9776500 secs] [Times: user=1.95 sys=0.00, real=1.97 secs] 
Heap after GC invocations=229 (full 101):
 PSYoungGen      total 114944K, used 58240K [0x2d5a0000, 0x37ec0000, 0x38040000)
  eden space 58240K, 100% used [0x2d5a0000,0x30e80000,0x30e80000)
  from space 56704K, 0% used [0x34760000,0x34760000,0x37ec0000)
  to   space 57472K, 0% used [0x30e80000,0x30e80000,0x346a0000)
 PSOldGen        total 349568K, used 349567K [0x18040000, 0x2d5a0000, 0x2d5a0000)
  object space 349568K, 99% used [0x18040000,0x2d59ffd8,0x2d5a0000)
 PSPermGen       total 65536K, used 61157K [0x10040000, 0x14040000, 0x18040000)
  object space 65536K, 93% used [0x10040000,0x13bf97e8,0x14040000)
}
Total time for which application threads were stopped: 1.9790102 seconds
Application time: 0.0001713 seconds
{Heap before GC invocations=230 (full 102):
 PSYoungGen      total 114944K, used 58240K [0x2d5a0000, 0x37ec0000, 0x38040000)
  eden space 58240K, 100% used [0x2d5a0000,0x30e80000,0x30e80000)
  from space 56704K, 0% used [0x34760000,0x34760000,0x37ec0000)
  to   space 57472K, 0% used [0x30e80000,0x30e80000,0x346a0000)
 PSOldGen        total 349568K, used 349567K [0x18040000, 0x2d5a0000, 0x2d5a0000)
  object space 349568K, 99% used [0x18040000,0x2d59fff8,0x2d5a0000)
 PSPermGen       total 65536K, used 61157K [0x10040000, 0x14040000, 0x18040000)
  object space 65536K, 93% used [0x10040000,0x13bf97e8,0x14040000)
723.666: [Full GC [PSYoungGen: 58240K->58240K(114944K)] [PSOldGen: 349567K->349567K(349568K)] 407807K->407807K(464512K) [PSPermGen: 61157K->61157K(65536K)], 1.9935721 secs] [Times: user=1.97 sys=0.00, real=1.98 secs] 
Heap after GC invocations=230 (full 102):
 PSYoungGen      total 114944K, used 58240K [0x2d5a0000, 0x37ec0000, 0x38040000)
  eden space 58240K, 100% used [0x2d5a0000,0x30e80000,0x30e80000)
  from space 56704K, 0% used [0x34760000,0x34760000,0x37ec0000)
  to   space 57472K, 0% used [0x30e80000,0x30e80000,0x346a0000)
 PSOldGen        total 349568K, used 349567K [0x18040000, 0x2d5a0000, 0x2d5a0000)
  object space 349568K, 99% used [0x18040000,0x2d59fff8,0x2d5a0000)
 PSPermGen       total 65536K, used 61157K [0x10040000, 0x14040000, 0x18040000)
  object space 65536K, 93% used [0x10040000,0x13bf97e8,0x14040000)
}
{Heap before GC invocations=231 (full 103):
 PSYoungGen      total 114944K, used 58240K [0x2d5a0000, 0x37ec0000, 0x38040000)
  eden space 58240K, 100% used [0x2d5a0000,0x30e80000,0x30e80000)
  from space 56704K, 0% used [0x34760000,0x34760000,0x37ec0000)
  to   space 57472K, 0% used [0x30e80000,0x30e80000,0x346a0000)
 PSOldGen        total 349568K, used 349567K [0x18040000, 0x2d5a0000, 0x2d5a0000)
  object space 349568K, 99% used [0x18040000,0x2d59fff8,0x2d5a0000)
 PSPermGen       total 65536K, used 61157K [0x10040000, 0x14040000, 0x18040000)
  object space 65536K, 93% used [0x10040000,0x13bf97e8,0x14040000)
725.660: [Full GC [PSYoungGen: 58240K->58086K(114944K)] [PSOldGen: 349567K->349567K(349568K)] 407807K->407654K(464512K) [PSPermGen: 61157K->61157K(65536K)], 1.9740660 secs] [Times: user=1.97 sys=0.01, real=1.99 secs] 
Heap after GC invocations=231 (full 103):
 PSYoungGen      total 114944K, used 58086K [0x2d5a0000, 0x37ec0000, 0x38040000)
  eden space 58240K, 99% used [0x2d5a0000,0x30e59970,0x30e80000)
  from space 56704K, 0% used [0x34760000,0x34760000,0x37ec0000)
  to   space 57472K, 0% used [0x30e80000,0x30e80000,0x346a0000)
 PSOldGen        total 349568K, used 349567K [0x18040000, 0x2d5a0000, 0x2d5a0000)
  object space 349568K, 99% used [0x18040000,0x2d59ffe0,0x2d5a0000)
 PSPermGen       total 65536K, used 61157K [0x10040000, 0x14040000, 0x18040000)
  object space 65536K, 93% used [0x10040000,0x13bf97e8,0x14040000)
}
Total time for which application threads were stopped: 3.9691237 seconds
Application time: 0.0007040 seconds
{Heap before GC invocations=232 (full 104):
 PSYoungGen      total 114944K, used 58240K [0x2d5a0000, 0x37ec0000, 0x38040000)
  eden space 58240K, 100% used [0x2d5a0000,0x30e80000,0x30e80000)
  from space 56704K, 0% used [0x34760000,0x34760000,0x37ec0000)
  to   space 57472K, 0% used [0x30e80000,0x30e80000,0x346a0000)
 PSOldGen        total 349568K, used 349567K [0x18040000, 0x2d5a0000, 0x2d5a0000)
  object space 349568K, 99% used [0x18040000,0x2d59ffe0,0x2d5a0000)
 PSPermGen       total 65536K, used 61157K [0x10040000, 0x14040000, 0x18040000)
  object space 65536K, 93% used [0x10040000,0x13bf97e8,0x14040000)
727.636: [Full GC [PSYoungGen: 58240K->58084K(114944K)] [PSOldGen: 349567K->349567K(349568K)] 407807K->407652K(464512K) [PSPermGen: 61157K->61157K(65536K)], 2.0431848 secs] [Times: user=2.03 sys=0.00, real=2.03 secs] 
Heap after GC invocations=232 (full 104):
 PSYoungGen      total 114944K, used 58084K [0x2d5a0000, 0x37ec0000, 0x38040000)
  eden space 58240K, 99% used [0x2d5a0000,0x30e59120,0x30e80000)
  from space 56704K, 0% used [0x34760000,0x34760000,0x37ec0000)
  to   space 57472K, 0% used [0x30e80000,0x30e80000,0x346a0000)
 PSOldGen        total 349568K, used 349567K [0x18040000, 0x2d5a0000, 0x2d5a0000)
  object space 349568K, 99% used [0x18040000,0x2d59ffd0,0x2d5a0000)
 PSPermGen       total 65536K, used 61157K [0x10040000, 0x14040000, 0x18040000)
  object space 65536K, 93% used [0x10040000,0x13bf97e8,0x14040000)
}
Total time for which application threads were stopped: 2.0450635 seconds
Application time: 0.0004797 seconds
{Heap before GC invocations=233 (full 105):
 PSYoungGen      total 114944K, used 58240K [0x2d5a0000, 0x37ec0000, 0x38040000)
  eden space 58240K, 100% used [0x2d5a0000,0x30e80000,0x30e80000)
  from space 56704K, 0% used [0x34760000,0x34760000,0x37ec0000)
  to   space 57472K, 0% used [0x30e80000,0x30e80000,0x346a0000)
 PSOldGen        total 349568K, used 349567K [0x18040000, 0x2d5a0000, 0x2d5a0000)
  object space 349568K, 99% used [0x18040000,0x2d59ffd0,0x2d5a0000)
 PSPermGen       total 65536K, used 61157K [0x10040000, 0x14040000, 0x18040000)
  object space 65536K, 93% used [0x10040000,0x13bf97e8,0x14040000)
729.681: [Full GC [PSYoungGen: 58240K->58240K(114944K)] [PSOldGen: 349567K->349567K(349568K)] 407807K->407807K(464512K) [PSPermGen: 61157K->61157K(65536K)], 1.9737151 secs] [Times: user=1.97 sys=0.00, real=1.97 secs] 
Heap after GC invocations=233 (full 105):
 PSYoungGen      total 114944K, used 58240K [0x2d5a0000, 0x37ec0000, 0x38040000)
  eden space 58240K, 100% used [0x2d5a0000,0x30e80000,0x30e80000)
  from space 56704K, 0% used [0x34760000,0x34760000,0x37ec0000)
  to   space 57472K, 0% used [0x30e80000,0x30e80000,0x346a0000)
 PSOldGen        total 349568K, used 349567K [0x18040000, 0x2d5a0000, 0x2d5a0000)
  object space 349568K, 99% used [0x18040000,0x2d59ffd0,0x2d5a0000)
 PSPermGen       total 65536K, used 61157K [0x10040000, 0x14040000, 0x18040000)
  object space 65536K, 93% used [0x10040000,0x13bf97e8,0x14040000)
}
{Heap before GC invocations=234 (full 106):
 PSYoungGen      total 114944K, used 58240K [0x2d5a0000, 0x37ec0000, 0x38040000)
  eden space 58240K, 100% used [0x2d5a0000,0x30e80000,0x30e80000)
  from space 56704K, 0% used [0x34760000,0x34760000,0x37ec0000)
  to   space 57472K, 0% used [0x30e80000,0x30e80000,0x346a0000)
 PSOldGen        total 349568K, used 349567K [0x18040000, 0x2d5a0000, 0x2d5a0000)
  object space 349568K, 99% used [0x18040000,0x2d59ffd0,0x2d5a0000)
 PSPermGen       total 65536K, used 61157K [0x10040000, 0x14040000, 0x18040000)
  object space 65536K, 93% used [0x10040000,0x13bf97e8,0x14040000)
731.655: [Full GC [PSYoungGen: 58240K->58083K(114944K)] [PSOldGen: 349567K->349567K(349568K)] 407807K->407651K(464512K) [PSPermGen: 61157K->61157K(65536K)], 2.0390578 secs] [Times: user=2.03 sys=0.00, real=2.03 secs] 
Heap after GC invocations=234 (full 106):
 PSYoungGen      total 114944K, used 58083K [0x2d5a0000, 0x37ec0000, 0x38040000)
  eden space 58240K, 99% used [0x2d5a0000,0x30e58e38,0x30e80000)
  from space 56704K, 0% used [0x34760000,0x34760000,0x37ec0000)
  to   space 57472K, 0% used [0x30e80000,0x30e80000,0x346a0000)
 PSOldGen        total 349568K, used 349567K [0x18040000, 0x2d5a0000, 0x2d5a0000)
  object space 349568K, 99% used [0x18040000,0x2d59ffa0,0x2d5a0000)
 PSPermGen       total 65536K, used 61157K [0x10040000, 0x14040000, 0x18040000)
  object space 65536K, 93% used [0x10040000,0x13bf97e8,0x14040000)
}
Total time for which application threads were stopped: 4.0142568 seconds
Application time: 0.0010325 seconds
{Heap before GC invocations=235 (full 107):
 PSYoungGen      total 114944K, used 58240K [0x2d5a0000, 0x37ec0000, 0x38040000)
  eden space 58240K, 100% used [0x2d5a0000,0x30e80000,0x30e80000)
  from space 56704K, 0% used [0x34760000,0x34760000,0x37ec0000)
  to   space 57472K, 0% used [0x30e80000,0x30e80000,0x346a0000)
 PSOldGen        total 349568K, used 349567K [0x18040000, 0x2d5a0000, 0x2d5a0000)
  object space 349568K, 99% used [0x18040000,0x2d59ffa0,0x2d5a0000)
 PSPermGen       total 65536K, used 61157K [0x10040000, 0x14040000, 0x18040000)
  object space 65536K, 93% used [0x10040000,0x13bf97e8,0x14040000)
733.697: [Full GC [PSYoungGen: 58240K->58240K(114944K)] [PSOldGen: 349567K->349567K(349568K)] 407807K->407807K(464512K) [PSPermGen: 61157K->61157K(65536K)], 1.9522515 secs] [Times: user=1.94 sys=0.00, real=1.94 secs] 
Heap after GC invocations=235 (full 107):
 PSYoungGen      total 114944K, used 58240K [0x2d5a0000, 0x37ec0000, 0x38040000)
  eden space 58240K, 100% used [0x2d5a0000,0x30e80000,0x30e80000)
  from space 56704K, 0% used [0x34760000,0x34760000,0x37ec0000)
  to   space 57472K, 0% used [0x30e80000,0x30e80000,0x346a0000)
 PSOldGen        total 349568K, used 349567K [0x18040000, 0x2d5a0000, 0x2d5a0000)
  object space 349568K, 99% used [0x18040000,0x2d59ffa0,0x2d5a0000)
 PSPermGen       total 65536K, used 61157K [0x10040000, 0x14040000, 0x18040000)
  object space 65536K, 93% used [0x10040000,0x13bf97e8,0x14040000)
}
Total time for which application threads were stopped: 1.9535547 seconds
Application time: 0.0000441 seconds
{Heap before GC invocations=236 (full 108):
 PSYoungGen      total 114944K, used 58240K [0x2d5a0000, 0x37ec0000, 0x38040000)
  eden space 58240K, 100% used [0x2d5a0000,0x30e80000,0x30e80000)
  from space 56704K, 0% used [0x34760000,0x34760000,0x37ec0000)
  to   space 57472K, 0% used [0x30e80000,0x30e80000,0x346a0000)
 PSOldGen        total 349568K, used 349567K [0x18040000, 0x2d5a0000, 0x2d5a0000)
  object space 349568K, 99% used [0x18040000,0x2d59ffb8,0x2d5a0000)
 PSPermGen       total 65536K, used 61157K [0x10040000, 0x14040000, 0x18040000)
  object space 65536K, 93% used [0x10040000,0x13bf97e8,0x14040000)
735.650: [Full GC [PSYoungGen: 58240K->58082K(114944K)] [PSOldGen: 349567K->349567K(349568K)] 407807K->407650K(464512K) [PSPermGen: 61157K->61157K(65536K)], 1.9942610 secs] [Times: user=1.95 sys=0.00, real=1.98 secs] 
Heap after GC invocations=236 (full 108):
 PSYoungGen      total 114944K, used 58082K [0x2d5a0000, 0x37ec0000, 0x38040000)
  eden space 58240K, 99% used [0x2d5a0000,0x30e58a48,0x30e80000)
  from space 56704K, 0% used [0x34760000,0x34760000,0x37ec0000)
  to   space 57472K, 0% used [0x30e80000,0x30e80000,0x346a0000)
 PSOldGen        total 349568K, used 349567K [0x18040000, 0x2d5a0000, 0x2d5a0000)
  object space 349568K, 99% used [0x18040000,0x2d59ff98,0x2d5a0000)
 PSPermGen       total 65536K, used 61157K [0x10040000, 0x14040000, 0x18040000)
  object space 65536K, 93% used [0x10040000,0x13bf97e8,0x14040000)
}
Total time for which application threads were stopped: 1.9954536 seconds
Application time: 0.0003249 seconds
{Heap before GC invocations=237 (full 109):
 PSYoungGen      total 114944K, used 58240K [0x2d5a0000, 0x37ec0000, 0x38040000)
  eden space 58240K, 100% used [0x2d5a0000,0x30e80000,0x30e80000)
  from space 56704K, 0% used [0x34760000,0x34760000,0x37ec0000)
  to   space 57472K, 0% used [0x30e80000,0x30e80000,0x346a0000)
 PSOldGen        total 349568K, used 349567K [0x18040000, 0x2d5a0000, 0x2d5a0000)
  object space 349568K, 99% used [0x18040000,0x2d59ff98,0x2d5a0000)
 PSPermGen       total 65536K, used 61157K [0x10040000, 0x14040000, 0x18040000)
  object space 65536K, 93% used [0x10040000,0x13bf97e8,0x14040000)
737.646: [Full GC [PSYoungGen: 58240K->58240K(114944K)] [PSOldGen: 349567K->349567K(349568K)] 407807K->407807K(464512K) [PSPermGen: 61157K->61157K(65536K)], 1.9854660 secs] [Times: user=1.97 sys=0.00, real=1.98 secs] 
Heap after GC invocations=237 (full 109):
 PSYoungGen      total 114944K, used 58240K [0x2d5a0000, 0x37ec0000, 0x38040000)
  eden space 58240K, 100% used [0x2d5a0000,0x30e80000,0x30e80000)
  from space 56704K, 0% used [0x34760000,0x34760000,0x37ec0000)
  to   space 57472K, 0% used [0x30e80000,0x30e80000,0x346a0000)
 PSOldGen        total 349568K, used 349567K [0x18040000, 0x2d5a0000, 0x2d5a0000)
  object space 349568K, 99% used [0x18040000,0x2d59ff98,0x2d5a0000)
 PSPermGen       total 65536K, used 61157K [0x10040000, 0x14040000, 0x18040000)
  object space 65536K, 93% used [0x10040000,0x13bf97e8,0x14040000)
}
Total time for which application threads were stopped: 1.9866891 seconds
Application time: 0.0000821 seconds
{Heap before GC invocations=238 (full 110):
 PSYoungGen      total 114944K, used 58240K [0x2d5a0000, 0x37ec0000, 0x38040000)
  eden space 58240K, 100% used [0x2d5a0000,0x30e80000,0x30e80000)
  from space 56704K, 0% used [0x34760000,0x34760000,0x37ec0000)
  to   space 57472K, 0% used [0x30e80000,0x30e80000,0x346a0000)
 PSOldGen        total 349568K, used 349567K [0x18040000, 0x2d5a0000, 0x2d5a0000)
  object space 349568K, 99% used [0x18040000,0x2d59ffb0,0x2d5a0000)
 PSPermGen       total 65536K, used 61157K [0x10040000, 0x14040000, 0x18040000)
  object space 65536K, 93% used [0x10040000,0x13bf97e8,0x14040000)
739.633: [Full GC [PSYoungGen: 58240K->58240K(114944K)] [PSOldGen: 349567K->349567K(349568K)] 407807K->407807K(464512K) [PSPermGen: 61157K->61157K(65536K)], 1.9748714 secs] [Times: user=1.95 sys=0.02, real=1.98 secs] 
Heap after GC invocations=238 (full 110):
 PSYoungGen      total 114944K, used 58240K [0x2d5a0000, 0x37ec0000, 0x38040000)
  eden space 58240K, 100% used [0x2d5a0000,0x30e80000,0x30e80000)
  from space 56704K, 0% used [0x34760000,0x34760000,0x37ec0000)
  to   space 57472K, 0% used [0x30e80000,0x30e80000,0x346a0000)
 PSOldGen        total 349568K, used 349567K [0x18040000, 0x2d5a0000, 0x2d5a0000)
  object space 349568K, 99% used [0x18040000,0x2d59ffb0,0x2d5a0000)
 PSPermGen       total 65536K, used 61157K [0x10040000, 0x14040000, 0x18040000)
  object space 65536K, 93% used [0x10040000,0x13bf97e8,0x14040000)
}
Total time for which application threads were stopped: 1.9760972 seconds
Application time: 0.0001637 seconds
{Heap before GC invocations=239 (full 111):
 PSYoungGen      total 114944K, used 58240K [0x2d5a0000, 0x37ec0000, 0x38040000)
  eden space 58240K, 100% used [0x2d5a0000,0x30e80000,0x30e80000)
  from space 56704K, 0% used [0x34760000,0x34760000,0x37ec0000)
  to   space 57472K, 0% used [0x30e80000,0x30e80000,0x346a0000)
 PSOldGen        total 349568K, used 349567K [0x18040000, 0x2d5a0000, 0x2d5a0000)
  object space 349568K, 99% used [0x18040000,0x2d59ffe0,0x2d5a0000)
 PSPermGen       total 65536K, used 61157K [0x10040000, 0x14040000, 0x18040000)
  object space 65536K, 93% used [0x10040000,0x13bf97e8,0x14040000)
741.609: [Full GC [PSYoungGen: 58240K->58240K(114944K)] [PSOldGen: 349567K->349567K(349568K)] 407807K->407807K(464512K) [PSPermGen: 61157K->61157K(65536K)], 1.9545233 secs] [Times: user=1.94 sys=0.00, real=1.95 secs] 
Heap after GC invocations=239 (full 111):
 PSYoungGen      total 114944K, used 58240K [0x2d5a0000, 0x37ec0000, 0x38040000)
  eden space 58240K, 100% used [0x2d5a0000,0x30e80000,0x30e80000)
  from space 56704K, 0% used [0x34760000,0x34760000,0x37ec0000)
  to   space 57472K, 0% used [0x30e80000,0x30e80000,0x346a0000)
 PSOldGen        total 349568K, used 349567K [0x18040000, 0x2d5a0000, 0x2d5a0000)
  object space 349568K, 99% used [0x18040000,0x2d59ffe0,0x2d5a0000)
 PSPermGen       total 65536K, used 61157K [0x10040000, 0x14040000, 0x18040000)
  object space 65536K, 93% used [0x10040000,0x13bf97e8,0x14040000)
}
Total time for which application threads were stopped: 1.9558246 seconds
Application time: 0.0000419 seconds
{Heap before GC invocations=240 (full 112):
 PSYoungGen      total 114944K, used 58240K [0x2d5a0000, 0x37ec0000, 0x38040000)
  eden space 58240K, 100% used [0x2d5a0000,0x30e80000,0x30e80000)
  from space 56704K, 0% used [0x34760000,0x34760000,0x37ec0000)
  to   space 57472K, 0% used [0x30e80000,0x30e80000,0x346a0000)
 PSOldGen        total 349568K, used 349567K [0x18040000, 0x2d5a0000, 0x2d5a0000)
  object space 349568K, 99% used [0x18040000,0x2d59fff8,0x2d5a0000)
 PSPermGen       total 65536K, used 61157K [0x10040000, 0x14040000, 0x18040000)
  object space 65536K, 93% used [0x10040000,0x13bf97e8,0x14040000)
743.565: [Full GC [PSYoungGen: 58240K->58081K(114944K)] [PSOldGen: 349567K->349567K(349568K)] 407807K->407649K(464512K) [PSPermGen: 61157K->61157K(65536K)], 2.0184694 secs] [Times: user=2.00 sys=0.00, real=2.02 secs] 
Heap after GC invocations=240 (full 112):
 PSYoungGen      total 114944K, used 58081K [0x2d5a0000, 0x37ec0000, 0x38040000)
  eden space 58240K, 99% used [0x2d5a0000,0x30e58780,0x30e80000)
  from space 56704K, 0% used [0x34760000,0x34760000,0x37ec0000)
  to   space 57472K, 0% used [0x30e80000,0x30e80000,0x346a0000)
 PSOldGen        total 349568K, used 349567K [0x18040000, 0x2d5a0000, 0x2d5a0000)
  object space 349568K, 99% used [0x18040000,0x2d59ffc0,0x2d5a0000)
 PSPermGen       total 65536K, used 61157K [0x10040000, 0x14040000, 0x18040000)
  object space 65536K, 93% used [0x10040000,0x13bf97e8,0x14040000)
}
Total time for which application threads were stopped: 2.0197402 seconds
Application time: 0.0010982 seconds
{Heap before GC invocations=241 (full 113):
 PSYoungGen      total 114944K, used 58239K [0x2d5a0000, 0x37ec0000, 0x38040000)
  eden space 58240K, 99% used [0x2d5a0000,0x30e7ffc8,0x30e80000)
  from space 56704K, 0% used [0x34760000,0x34760000,0x37ec0000)
  to   space 57472K, 0% used [0x30e80000,0x30e80000,0x346a0000)
 PSOldGen        total 349568K, used 349567K [0x18040000, 0x2d5a0000, 0x2d5a0000)
  object space 349568K, 99% used [0x18040000,0x2d59ffc0,0x2d5a0000)
 PSPermGen       total 65536K, used 61157K [0x10040000, 0x14040000, 0x18040000)
  object space 65536K, 93% used [0x10040000,0x13bf97e8,0x14040000)
745.586: [Full GC [PSYoungGen: 58239K->58239K(114944K)] [PSOldGen: 349567K->349567K(349568K)] 407807K->407807K(464512K) [PSPermGen: 61157K->61157K(65536K)], 1.9771306 secs] [Times: user=1.98 sys=0.00, real=1.98 secs] 
Heap after GC invocations=241 (full 113):
 PSYoungGen      total 114944K, used 58239K [0x2d5a0000, 0x37ec0000, 0x38040000)
  eden space 58240K, 99% used [0x2d5a0000,0x30e7ffc8,0x30e80000)
  from space 56704K, 0% used [0x34760000,0x34760000,0x37ec0000)
  to   space 57472K, 0% used [0x30e80000,0x30e80000,0x346a0000)
 PSOldGen        total 349568K, used 349567K [0x18040000, 0x2d5a0000, 0x2d5a0000)
  object space 349568K, 99% used [0x18040000,0x2d59ffc0,0x2d5a0000)
 PSPermGen       total 65536K, used 61157K [0x10040000, 0x14040000, 0x18040000)
  object space 65536K, 93% used [0x10040000,0x13bf97e8,0x14040000)
}
{Heap before GC invocations=242 (full 114):
 PSYoungGen      total 114944K, used 58239K [0x2d5a0000, 0x37ec0000, 0x38040000)
  eden space 58240K, 99% used [0x2d5a0000,0x30e7ffc8,0x30e80000)
  from space 56704K, 0% used [0x34760000,0x34760000,0x37ec0000)
  to   space 57472K, 0% used [0x30e80000,0x30e80000,0x346a0000)
 PSOldGen        total 349568K, used 349567K [0x18040000, 0x2d5a0000, 0x2d5a0000)
  object space 349568K, 99% used [0x18040000,0x2d59ffc0,0x2d5a0000)
 PSPermGen       total 65536K, used 61157K [0x10040000, 0x14040000, 0x18040000)
  object space 65536K, 93% used [0x10040000,0x13bf97e8,0x14040000)
747.563: [Full GC [PSYoungGen: 58239K->58094K(114944K)] [PSOldGen: 349567K->349567K(349568K)] 407807K->407662K(464512K) [PSPermGen: 61157K->61157K(65536K)], 2.0359909 secs] [Times: user=2.03 sys=0.00, real=2.03 secs] 
Heap after GC invocations=242 (full 114):
 PSYoungGen      total 114944K, used 58094K [0x2d5a0000, 0x37ec0000, 0x38040000)
  eden space 58240K, 99% used [0x2d5a0000,0x30e5b8d0,0x30e80000)
  from space 56704K, 0% used [0x34760000,0x34760000,0x37ec0000)
  to   space 57472K, 0% used [0x30e80000,0x30e80000,0x346a0000)
 PSOldGen        total 349568K, used 349567K [0x18040000, 0x2d5a0000, 0x2d5a0000)
  object space 349568K, 99% used [0x18040000,0x2d59ffd8,0x2d5a0000)
 PSPermGen       total 65536K, used 61157K [0x10040000, 0x14040000, 0x18040000)
  object space 65536K, 93% used [0x10040000,0x13bf97e8,0x14040000)
}
Total time for which application threads were stopped: 4.0146681 seconds
Application time: 0.0015513 seconds
{Heap before GC invocations=243 (full 115):
 PSYoungGen      total 114944K, used 58240K [0x2d5a0000, 0x37ec0000, 0x38040000)
  eden space 58240K, 100% used [0x2d5a0000,0x30e80000,0x30e80000)
  from space 56704K, 0% used [0x34760000,0x34760000,0x37ec0000)
  to   space 57472K, 0% used [0x30e80000,0x30e80000,0x346a0000)
 PSOldGen        total 349568K, used 349567K [0x18040000, 0x2d5a0000, 0x2d5a0000)
  object space 349568K, 99% used [0x18040000,0x2d59ffd8,0x2d5a0000)
 PSPermGen       total 65536K, used 61157K [0x10040000, 0x14040000, 0x18040000)
  object space 65536K, 93% used [0x10040000,0x13bf97e8,0x14040000)
749.602: [Full GC [PSYoungGen: 58240K->58240K(114944K)] [PSOldGen: 349567K->349567K(349568K)] 407807K->407807K(464512K) [PSPermGen: 61157K->61157K(65536K)], 1.9554326 secs] [Times: user=1.97 sys=0.00, real=1.97 secs] 
Heap after GC invocations=243 (full 115):
 PSYoungGen      total 114944K, used 58240K [0x2d5a0000, 0x37ec0000, 0x38040000)
  eden space 58240K, 100% used [0x2d5a0000,0x30e80000,0x30e80000)
  from space 56704K, 0% used [0x34760000,0x34760000,0x37ec0000)
  to   space 57472K, 0% used [0x30e80000,0x30e80000,0x346a0000)
 PSOldGen        total 349568K, used 349567K [0x18040000, 0x2d5a0000, 0x2d5a0000)
  object space 349568K, 99% used [0x18040000,0x2d59ffd8,0x2d5a0000)
 PSPermGen       total 65536K, used 61157K [0x10040000, 0x14040000, 0x18040000)
  object space 65536K, 93% used [0x10040000,0x13bf97e8,0x14040000)
}
{Heap before GC invocations=244 (full 116):
 PSYoungGen      total 114944K, used 58240K [0x2d5a0000, 0x37ec0000, 0x38040000)
  eden space 58240K, 100% used [0x2d5a0000,0x30e80000,0x30e80000)
  from space 56704K, 0% used [0x34760000,0x34760000,0x37ec0000)
  to   space 57472K, 0% used [0x30e80000,0x30e80000,0x346a0000)
 PSOldGen        total 349568K, used 349567K [0x18040000, 0x2d5a0000, 0x2d5a0000)
  object space 349568K, 99% used [0x18040000,0x2d59ffd8,0x2d5a0000)
 PSPermGen       total 65536K, used 61157K [0x10040000, 0x14040000, 0x18040000)
  object space 65536K, 93% used [0x10040000,0x13bf97e8,0x14040000)
751.558: [Full GC [PSYoungGen: 58240K->58120K(114944K)] [PSOldGen: 349567K->349567K(349568K)] 407807K->407688K(464512K) [PSPermGen: 61157K->61157K(65536K)], 2.0252191 secs] [Times: user=2.02 sys=0.00, real=2.02 secs] 
Heap after GC invocations=244 (full 116):
 PSYoungGen      total 114944K, used 58120K [0x2d5a0000, 0x37ec0000, 0x38040000)
  eden space 58240K, 99% used [0x2d5a0000,0x30e62150,0x30e80000)
  from space 56704K, 0% used [0x34760000,0x34760000,0x37ec0000)
  to   space 57472K, 0% used [0x30e80000,0x30e80000,0x346a0000)
 PSOldGen        total 349568K, used 349567K [0x18040000, 0x2d5a0000, 0x2d5a0000)
  object space 349568K, 99% used [0x18040000,0x2d59fff0,0x2d5a0000)
 PSPermGen       total 65536K, used 61157K [0x10040000, 0x14040000, 0x18040000)
  object space 65536K, 93% used [0x10040000,0x13bf97e8,0x14040000)
}
Total time for which application threads were stopped: 3.9822461 seconds
Application time: 0.0011018 seconds
{Heap before GC invocations=245 (full 117):
 PSYoungGen      total 114944K, used 58240K [0x2d5a0000, 0x37ec0000, 0x38040000)
  eden space 58240K, 100% used [0x2d5a0000,0x30e80000,0x30e80000)
  from space 56704K, 0% used [0x34760000,0x34760000,0x37ec0000)
  to   space 57472K, 0% used [0x30e80000,0x30e80000,0x346a0000)
 PSOldGen        total 349568K, used 349567K [0x18040000, 0x2d5a0000, 0x2d5a0000)
  object space 349568K, 99% used [0x18040000,0x2d59fff0,0x2d5a0000)
 PSPermGen       total 65536K, used 61157K [0x10040000, 0x14040000, 0x18040000)
  object space 65536K, 93% used [0x10040000,0x13bf97e8,0x14040000)
753.586: [Full GC [PSYoungGen: 58240K->58240K(114944K)] [PSOldGen: 349567K->349567K(349568K)] 407807K->407807K(464512K) [PSPermGen: 61157K->61157K(65536K)], 1.9650699 secs] [Times: user=1.97 sys=0.00, real=1.97 secs] 
Heap after GC invocations=245 (full 117):
 PSYoungGen      total 114944K, used 58240K [0x2d5a0000, 0x37ec0000, 0x38040000)
  eden space 58240K, 100% used [0x2d5a0000,0x30e80000,0x30e80000)
  from space 56704K, 0% used [0x34760000,0x34760000,0x37ec0000)
  to   space 57472K, 0% used [0x30e80000,0x30e80000,0x346a0000)
 PSOldGen        total 349568K, used 349567K [0x18040000, 0x2d5a0000, 0x2d5a0000)
  object space 349568K, 99% used [0x18040000,0x2d59fff0,0x2d5a0000)
 PSPermGen       total 65536K, used 61157K [0x10040000, 0x14040000, 0x18040000)
  object space 65536K, 93% used [0x10040000,0x13bf97e8,0x14040000)
}
{Heap before GC invocations=246 (full 118):
 PSYoungGen      total 114944K, used 58240K [0x2d5a0000, 0x37ec0000, 0x38040000)
  eden space 58240K, 100% used [0x2d5a0000,0x30e80000,0x30e80000)
  from space 56704K, 0% used [0x34760000,0x34760000,0x37ec0000)
  to   space 57472K, 0% used [0x30e80000,0x30e80000,0x346a0000)
 PSOldGen        total 349568K, used 349567K [0x18040000, 0x2d5a0000, 0x2d5a0000)
  object space 349568K, 99% used [0x18040000,0x2d59fff0,0x2d5a0000)
 PSPermGen       total 65536K, used 61157K [0x10040000, 0x14040000, 0x18040000)
  object space 65536K, 93% used [0x10040000,0x13bf97e8,0x14040000)
755.551: [Full GC [PSYoungGen: 58240K->58142K(114944K)] [PSOldGen: 349567K->349567K(349568K)] 407807K->407710K(464512K) [PSPermGen: 61157K->61157K(65536K)], 2.0308400 secs] [Times: user=2.03 sys=0.00, real=2.03 secs] 
Heap after GC invocations=246 (full 118):
 PSYoungGen      total 114944K, used 58142K [0x2d5a0000, 0x37ec0000, 0x38040000)
  eden space 58240K, 99% used [0x2d5a0000,0x30e67b58,0x30e80000)
  from space 56704K, 0% used [0x34760000,0x34760000,0x37ec0000)
  to   space 57472K, 0% used [0x30e80000,0x30e80000,0x346a0000)
 PSOldGen        total 349568K, used 349567K [0x18040000, 0x2d5a0000, 0x2d5a0000)
  object space 349568K, 99% used [0x18040000,0x2d59fff8,0x2d5a0000)
 PSPermGen       total 65536K, used 61157K [0x10040000, 0x14040000, 0x18040000)
  object space 65536K, 93% used [0x10040000,0x13bf97e8,0x14040000)
}
Total time for which application threads were stopped: 3.9975567 seconds
Application time: 0.0006353 seconds
{Heap before GC invocations=247 (full 119):
 PSYoungGen      total 114944K, used 58240K [0x2d5a0000, 0x37ec0000, 0x38040000)
  eden space 58240K, 100% used [0x2d5a0000,0x30e80000,0x30e80000)
  from space 56704K, 0% used [0x34760000,0x34760000,0x37ec0000)
  to   space 57472K, 0% used [0x30e80000,0x30e80000,0x346a0000)
 PSOldGen        total 349568K, used 349567K [0x18040000, 0x2d5a0000, 0x2d5a0000)
  object space 349568K, 99% used [0x18040000,0x2d59fff8,0x2d5a0000)
 PSPermGen       total 65536K, used 61157K [0x10040000, 0x14040000, 0x18040000)
  object space 65536K, 93% used [0x10040000,0x13bf97e8,0x14040000)
757.584: [Full GC [PSYoungGen: 58240K->58240K(114944K)] [PSOldGen: 349567K->349567K(349568K)] 407807K->407807K(464512K) [PSPermGen: 61157K->61157K(65536K)], 1.9634303 secs] [Times: user=1.97 sys=0.00, real=1.97 secs] 
Heap after GC invocations=247 (full 119):
 PSYoungGen      total 114944K, used 58240K [0x2d5a0000, 0x37ec0000, 0x38040000)
  eden space 58240K, 100% used [0x2d5a0000,0x30e80000,0x30e80000)
  from space 56704K, 0% used [0x34760000,0x34760000,0x37ec0000)
  to   space 57472K, 0% used [0x30e80000,0x30e80000,0x346a0000)
 PSOldGen        total 349568K, used 349567K [0x18040000, 0x2d5a0000, 0x2d5a0000)
  object space 349568K, 99% used [0x18040000,0x2d59fff8,0x2d5a0000)
 PSPermGen       total 65536K, used 61157K [0x10040000, 0x14040000, 0x18040000)
  object space 65536K, 93% used [0x10040000,0x13bf97e8,0x14040000)
}
{Heap before GC invocations=248 (full 120):
 PSYoungGen      total 114944K, used 58240K [0x2d5a0000, 0x37ec0000, 0x38040000)
  eden space 58240K, 100% used [0x2d5a0000,0x30e80000,0x30e80000)
  from space 56704K, 0% used [0x34760000,0x34760000,0x37ec0000)
  to   space 57472K, 0% used [0x30e80000,0x30e80000,0x346a0000)
 PSOldGen        total 349568K, used 349567K [0x18040000, 0x2d5a0000, 0x2d5a0000)
  object space 349568K, 99% used [0x18040000,0x2d59fff8,0x2d5a0000)
 PSPermGen       total 65536K, used 61157K [0x10040000, 0x14040000, 0x18040000)
  object space 65536K, 93% used [0x10040000,0x13bf97e8,0x14040000)
759.548: [Full GC [PSYoungGen: 58240K->58152K(114944K)] [PSOldGen: 349567K->349567K(349568K)] 407807K->407720K(464512K) [PSPermGen: 61157K->61157K(65536K)], 2.0333523 secs] [Times: user=2.03 sys=0.00, real=2.03 secs] 
Heap after GC invocations=248 (full 120):
 PSYoungGen      total 114944K, used 58152K [0x2d5a0000, 0x37ec0000, 0x38040000)
  eden space 58240K, 99% used [0x2d5a0000,0x30e6a390,0x30e80000)
  from space 56704K, 0% used [0x34760000,0x34760000,0x37ec0000)
  to   space 57472K, 0% used [0x30e80000,0x30e80000,0x346a0000)
 PSOldGen        total 349568K, used 349567K [0x18040000, 0x2d5a0000, 0x2d5a0000)
  object space 349568K, 99% used [0x18040000,0x2d59ffa0,0x2d5a0000)
 PSPermGen       total 65536K, used 61157K [0x10040000, 0x14040000, 0x18040000)
  object space 65536K, 93% used [0x10040000,0x13bf97e8,0x14040000)
}
Total time for which application threads were stopped: 3.9984275 seconds
Application time: 0.0010124 seconds
{Heap before GC invocations=249 (full 121):
 PSYoungGen      total 114944K, used 58240K [0x2d5a0000, 0x37ec0000, 0x38040000)
  eden space 58240K, 100% used [0x2d5a0000,0x30e80000,0x30e80000)
  from space 56704K, 0% used [0x34760000,0x34760000,0x37ec0000)
  to   space 57472K, 0% used [0x30e80000,0x30e80000,0x346a0000)
 PSOldGen        total 349568K, used 349567K [0x18040000, 0x2d5a0000, 0x2d5a0000)
  object space 349568K, 99% used [0x18040000,0x2d59ffa0,0x2d5a0000)
 PSPermGen       total 65536K, used 61158K [0x10040000, 0x14040000, 0x18040000)
  object space 65536K, 93% used [0x10040000,0x13bf9878,0x14040000)
761.583: [Full GC [PSYoungGen: 58240K->58240K(114944K)] [PSOldGen: 349567K->349567K(349568K)] 407807K->407807K(464512K) [PSPermGen: 61158K->61158K(65536K)], 1.9808353 secs] [Times: user=1.95 sys=0.00, real=1.98 secs] 
Heap after GC invocations=249 (full 121):
 PSYoungGen      total 114944K, used 58240K [0x2d5a0000, 0x37ec0000, 0x38040000)
  eden space 58240K, 100% used [0x2d5a0000,0x30e80000,0x30e80000)
  from space 56704K, 0% used [0x34760000,0x34760000,0x37ec0000)
  to   space 57472K, 0% used [0x30e80000,0x30e80000,0x346a0000)
 PSOldGen        total 349568K, used 349567K [0x18040000, 0x2d5a0000, 0x2d5a0000)
  object space 349568K, 99% used [0x18040000,0x2d59ffa0,0x2d5a0000)
 PSPermGen       total 65536K, used 61158K [0x10040000, 0x14040000, 0x18040000)
  object space 65536K, 93% used [0x10040000,0x13bf9878,0x14040000)
}
Total time for which application threads were stopped: 1.9823846 seconds
Application time: 0.0000469 seconds
{Heap before GC invocations=250 (full 122):
 PSYoungGen      total 114944K, used 58240K [0x2d5a0000, 0x37ec0000, 0x38040000)
  eden space 58240K, 100% used [0x2d5a0000,0x30e80000,0x30e80000)
  from space 56704K, 0% used [0x34760000,0x34760000,0x37ec0000)
  to   space 57472K, 0% used [0x30e80000,0x30e80000,0x346a0000)
 PSOldGen        total 349568K, used 349567K [0x18040000, 0x2d5a0000, 0x2d5a0000)
  object space 349568K, 99% used [0x18040000,0x2d59ffb0,0x2d5a0000)
 PSPermGen       total 65536K, used 61158K [0x10040000, 0x14040000, 0x18040000)
  object space 65536K, 93% used [0x10040000,0x13bf9878,0x14040000)
763.566: [Full GC [PSYoungGen: 58240K->58240K(114944K)] [PSOldGen: 349567K->349567K(349568K)] 407807K->407807K(464512K) [PSPermGen: 61158K->61158K(65536K)], 1.9840175 secs] [Times: user=1.97 sys=0.00, real=1.99 secs] 
Heap after GC invocations=250 (full 122):
 PSYoungGen      total 114944K, used 58240K [0x2d5a0000, 0x37ec0000, 0x38040000)
  eden space 58240K, 100% used [0x2d5a0000,0x30e80000,0x30e80000)
  from space 56704K, 0% used [0x34760000,0x34760000,0x37ec0000)
  to   space 57472K, 0% used [0x30e80000,0x30e80000,0x346a0000)
 PSOldGen        total 349568K, used 349567K [0x18040000, 0x2d5a0000, 0x2d5a0000)
  object space 349568K, 99% used [0x18040000,0x2d59ffb0,0x2d5a0000)
 PSPermGen       total 65536K, used 61158K [0x10040000, 0x14040000, 0x18040000)
  object space 65536K, 93% used [0x10040000,0x13bf9878,0x14040000)
}
Total time for which application threads were stopped: 1.9852590 seconds
Application time: 0.0000427 seconds
{Heap before GC invocations=251 (full 123):
 PSYoungGen      total 114944K, used 58240K [0x2d5a0000, 0x37ec0000, 0x38040000)
  eden space 58240K, 100% used [0x2d5a0000,0x30e80000,0x30e80000)
  from space 56704K, 0% used [0x34760000,0x34760000,0x37ec0000)
  to   space 57472K, 0% used [0x30e80000,0x30e80000,0x346a0000)
 PSOldGen        total 349568K, used 349567K [0x18040000, 0x2d5a0000, 0x2d5a0000)
  object space 349568K, 99% used [0x18040000,0x2d59ffc8,0x2d5a0000)
 PSPermGen       total 65536K, used 61158K [0x10040000, 0x14040000, 0x18040000)
  object space 65536K, 93% used [0x10040000,0x13bf9878,0x14040000)
765.551: [Full GC [PSYoungGen: 58240K->58240K(114944K)] [PSOldGen: 349567K->349567K(349568K)] 407807K->407807K(464512K) [PSPermGen: 61158K->61158K(65536K)], 1.9711069 secs] [Times: user=1.94 sys=0.00, real=1.97 secs] 
Heap after GC invocations=251 (full 123):
 PSYoungGen      total 114944K, used 58240K [0x2d5a0000, 0x37ec0000, 0x38040000)
  eden space 58240K, 100% used [0x2d5a0000,0x30e80000,0x30e80000)
  from space 56704K, 0% used [0x34760000,0x34760000,0x37ec0000)
  to   space 57472K, 0% used [0x30e80000,0x30e80000,0x346a0000)
 PSOldGen        total 349568K, used 349567K [0x18040000, 0x2d5a0000, 0x2d5a0000)
  object space 349568K, 99% used [0x18040000,0x2d59ffc8,0x2d5a0000)
 PSPermGen       total 65536K, used 61158K [0x10040000, 0x14040000, 0x18040000)
  object space 65536K, 93% used [0x10040000,0x13bf9878,0x14040000)
}
Total time for which application threads were stopped: 1.9723973 seconds
Application time: 0.0002634 seconds
{Heap before GC invocations=252 (full 124):
 PSYoungGen      total 114944K, used 58240K [0x2d5a0000, 0x37ec0000, 0x38040000)
  eden space 58240K, 100% used [0x2d5a0000,0x30e80000,0x30e80000)
  from space 56704K, 0% used [0x34760000,0x34760000,0x37ec0000)
  to   space 57472K, 0% used [0x30e80000,0x30e80000,0x346a0000)
 PSOldGen        total 349568K, used 349567K [0x18040000, 0x2d5a0000, 0x2d5a0000)
  object space 349568K, 99% used [0x18040000,0x2d59ffe0,0x2d5a0000)
 PSPermGen       total 65536K, used 61158K [0x10040000, 0x14040000, 0x18040000)
  object space 65536K, 93% used [0x10040000,0x13bf9878,0x14040000)
767.524: [Full GC [PSYoungGen: 58240K->58179K(114944K)] [PSOldGen: 349567K->349567K(349568K)] 407807K->407747K(464512K) [PSPermGen: 61158K->61158K(65536K)], 2.0343139 secs] [Times: user=2.05 sys=0.00, real=2.05 secs] 
Heap after GC invocations=252 (full 124):
 PSYoungGen      total 114944K, used 58179K [0x2d5a0000, 0x37ec0000, 0x38040000)
  eden space 58240K, 99% used [0x2d5a0000,0x30e70d70,0x30e80000)
  from space 56704K, 0% used [0x34760000,0x34760000,0x37ec0000)
  to   space 57472K, 0% used [0x30e80000,0x30e80000,0x346a0000)
 PSOldGen        total 349568K, used 349567K [0x18040000, 0x2d5a0000, 0x2d5a0000)
  object space 349568K, 99% used [0x18040000,0x2d59ffe0,0x2d5a0000)
 PSPermGen       total 65536K, used 61158K [0x10040000, 0x14040000, 0x18040000)
  object space 65536K, 93% used [0x10040000,0x13bf9878,0x14040000)
}
Total time for which application threads were stopped: 2.0355168 seconds
Application time: 0.0001042 seconds
{Heap before GC invocations=253 (full 125):
 PSYoungGen      total 114944K, used 58240K [0x2d5a0000, 0x37ec0000, 0x38040000)
  eden space 58240K, 100% used [0x2d5a0000,0x30e80000,0x30e80000)
  from space 56704K, 0% used [0x34760000,0x34760000,0x37ec0000)
  to   space 57472K, 0% used [0x30e80000,0x30e80000,0x346a0000)
 PSOldGen        total 349568K, used 349567K [0x18040000, 0x2d5a0000, 0x2d5a0000)
  object space 349568K, 99% used [0x18040000,0x2d59ffe0,0x2d5a0000)
 PSPermGen       total 65536K, used 61158K [0x10040000, 0x14040000, 0x18040000)
  object space 65536K, 93% used [0x10040000,0x13bf9878,0x14040000)
769.559: [Full GC [PSYoungGen: 58240K->58240K(114944K)] [PSOldGen: 349567K->349567K(349568K)] 407807K->407807K(464512K) [PSPermGen: 61158K->61158K(65536K)], 1.9742917 secs] [Times: user=1.95 sys=0.00, real=1.97 secs] 
Heap after GC invocations=253 (full 125):
 PSYoungGen      total 114944K, used 58240K [0x2d5a0000, 0x37ec0000, 0x38040000)
  eden space 58240K, 100% used [0x2d5a0000,0x30e80000,0x30e80000)
  from space 56704K, 0% used [0x34760000,0x34760000,0x37ec0000)
  to   space 57472K, 0% used [0x30e80000,0x30e80000,0x346a0000)
 PSOldGen        total 349568K, used 349567K [0x18040000, 0x2d5a0000, 0x2d5a0000)
  object space 349568K, 99% used [0x18040000,0x2d59ffe0,0x2d5a0000)
 PSPermGen       total 65536K, used 61158K [0x10040000, 0x14040000, 0x18040000)
  object space 65536K, 93% used [0x10040000,0x13bf9878,0x14040000)
}
Total time for which application threads were stopped: 1.9755578 seconds
Application time: 0.0001313 seconds
{Heap before GC invocations=254 (full 126):
 PSYoungGen      total 114944K, used 58240K [0x2d5a0000, 0x37ec0000, 0x38040000)
  eden space 58240K, 100% used [0x2d5a0000,0x30e80000,0x30e80000)
  from space 56704K, 0% used [0x34760000,0x34760000,0x37ec0000)
  to   space 57472K, 0% used [0x30e80000,0x30e80000,0x346a0000)
 PSOldGen        total 349568K, used 349567K [0x18040000, 0x2d5a0000, 0x2d5a0000)
  object space 349568K, 99% used [0x18040000,0x2d59fff8,0x2d5a0000)
 PSPermGen       total 65536K, used 61158K [0x10040000, 0x14040000, 0x18040000)
  object space 65536K, 93% used [0x10040000,0x13bf9878,0x14040000)
771.535: [Full GC [PSYoungGen: 58240K->58240K(114944K)] [PSOldGen: 349567K->349567K(349568K)] 407807K->407807K(464512K) [PSPermGen: 61158K->61158K(65536K)], 1.9637926 secs] [Times: user=1.97 sys=0.00, real=1.97 secs] 
Heap after GC invocations=254 (full 126):
 PSYoungGen      total 114944K, used 58240K [0x2d5a0000, 0x37ec0000, 0x38040000)
  eden space 58240K, 100% used [0x2d5a0000,0x30e80000,0x30e80000)
  from space 56704K, 0% used [0x34760000,0x34760000,0x37ec0000)
  to   space 57472K, 0% used [0x30e80000,0x30e80000,0x346a0000)
 PSOldGen        total 349568K, used 349567K [0x18040000, 0x2d5a0000, 0x2d5a0000)
  object space 349568K, 99% used [0x18040000,0x2d59fff8,0x2d5a0000)
 PSPermGen       total 65536K, used 61158K [0x10040000, 0x14040000, 0x18040000)
  object space 65536K, 93% used [0x10040000,0x13bf9878,0x14040000)
}
{Heap before GC invocations=255 (full 127):
 PSYoungGen      total 114944K, used 58240K [0x2d5a0000, 0x37ec0000, 0x38040000)
  eden space 58240K, 100% used [0x2d5a0000,0x30e80000,0x30e80000)
  from space 56704K, 0% used [0x34760000,0x34760000,0x37ec0000)
  to   space 57472K, 0% used [0x30e80000,0x30e80000,0x346a0000)
 PSOldGen        total 349568K, used 349567K [0x18040000, 0x2d5a0000, 0x2d5a0000)
  object space 349568K, 99% used [0x18040000,0x2d59fff8,0x2d5a0000)
 PSPermGen       total 65536K, used 61158K [0x10040000, 0x14040000, 0x18040000)
  object space 65536K, 93% used [0x10040000,0x13bf9878,0x14040000)
773.499: [Full GC [PSYoungGen: 58240K->58179K(114944K)] [PSOldGen: 349567K->349567K(349568K)] 407807K->407747K(464512K) [PSPermGen: 61158K->61157K(65536K)], 1.9446539 secs] [Times: user=1.94 sys=0.00, real=1.94 secs] 
Heap after GC invocations=255 (full 127):
 PSYoungGen      total 114944K, used 58179K [0x2d5a0000, 0x37ec0000, 0x38040000)
  eden space 58240K, 99% used [0x2d5a0000,0x30e70c38,0x30e80000)
  from space 56704K, 0% used [0x34760000,0x34760000,0x37ec0000)
  to   space 57472K, 0% used [0x30e80000,0x30e80000,0x346a0000)
 PSOldGen        total 349568K, used 349567K [0x18040000, 0x2d5a0000, 0x2d5a0000)
  object space 349568K, 99% used [0x18040000,0x2d59fff8,0x2d5a0000)
 PSPermGen       total 65536K, used 61157K [0x10040000, 0x14040000, 0x18040000)
  object space 65536K, 93% used [0x10040000,0x13bf97e8,0x14040000)
}
Total time for which application threads were stopped: 3.9099576 seconds
Application time: 0.0002126 seconds
{Heap before GC invocations=256 (full 128):
 PSYoungGen      total 114944K, used 58240K [0x2d5a0000, 0x37ec0000, 0x38040000)
  eden space 58240K, 100% used [0x2d5a0000,0x30e80000,0x30e80000)
  from space 56704K, 0% used [0x34760000,0x34760000,0x37ec0000)
  to   space 57472K, 0% used [0x30e80000,0x30e80000,0x346a0000)
 PSOldGen        total 349568K, used 349567K [0x18040000, 0x2d5a0000, 0x2d5a0000)
  object space 349568K, 99% used [0x18040000,0x2d59fff8,0x2d5a0000)
 PSPermGen       total 65536K, used 61157K [0x10040000, 0x14040000, 0x18040000)
  object space 65536K, 93% used [0x10040000,0x13bf97e8,0x14040000)
775.445: [Full GC [PSYoungGen: 58240K->58179K(114944K)] [PSOldGen: 349567K->349567K(349568K)] 407807K->407747K(464512K) [PSPermGen: 61157K->61157K(65536K)], 2.0170913 secs] [Times: user=1.97 sys=0.00, real=2.01 secs] 
Heap after GC invocations=256 (full 128):
 PSYoungGen      total 114944K, used 58179K [0x2d5a0000, 0x37ec0000, 0x38040000)
  eden space 58240K, 99% used [0x2d5a0000,0x30e70d60,0x30e80000)
  from space 56704K, 0% used [0x34760000,0x34760000,0x37ec0000)
  to   space 57472K, 0% used [0x30e80000,0x30e80000,0x346a0000)
 PSOldGen        total 349568K, used 349567K [0x18040000, 0x2d5a0000, 0x2d5a0000)
  object space 349568K, 99% used [0x18040000,0x2d59ffe0,0x2d5a0000)
 PSPermGen       total 65536K, used 61157K [0x10040000, 0x14040000, 0x18040000)
  object space 65536K, 93% used [0x10040000,0x13bf97e8,0x14040000)
}
Total time for which application threads were stopped: 2.0183487 seconds
Application time: 0.0002651 seconds
{Heap before GC invocations=257 (full 129):
 PSYoungGen      total 114944K, used 58240K [0x2d5a0000, 0x37ec0000, 0x38040000)
  eden space 58240K, 100% used [0x2d5a0000,0x30e80000,0x30e80000)
  from space 56704K, 0% used [0x34760000,0x34760000,0x37ec0000)
  to   space 57472K, 0% used [0x30e80000,0x30e80000,0x346a0000)
 PSOldGen        total 349568K, used 349567K [0x18040000, 0x2d5a0000, 0x2d5a0000)
  object space 349568K, 99% used [0x18040000,0x2d59ffe0,0x2d5a0000)
 PSPermGen       total 65536K, used 61157K [0x10040000, 0x14040000, 0x18040000)
  object space 65536K, 93% used [0x10040000,0x13bf97e8,0x14040000)
777.464: [Full GC [PSYoungGen: 58240K->58240K(114944K)] [PSOldGen: 349567K->349567K(349568K)] 407807K->407807K(464512K) [PSPermGen: 61157K->61157K(65536K)], 2.0667046 secs] [Times: user=2.06 sys=0.00, real=2.06 secs] 
Heap after GC invocations=257 (full 129):
 PSYoungGen      total 114944K, used 58240K [0x2d5a0000, 0x37ec0000, 0x38040000)
  eden space 58240K, 100% used [0x2d5a0000,0x30e80000,0x30e80000)
  from space 56704K, 0% used [0x34760000,0x34760000,0x37ec0000)
  to   space 57472K, 0% used [0x30e80000,0x30e80000,0x346a0000)
 PSOldGen        total 349568K, used 349567K [0x18040000, 0x2d5a0000, 0x2d5a0000)
  object space 349568K, 99% used [0x18040000,0x2d59ffe0,0x2d5a0000)
 PSPermGen       total 65536K, used 61157K [0x10040000, 0x14040000, 0x18040000)
  object space 65536K, 93% used [0x10040000,0x13bf97e8,0x14040000)
}
Total time for which application threads were stopped: 2.0681176 seconds
Application time: 0.0000746 seconds
{Heap before GC invocations=258 (full 130):
 PSYoungGen      total 114944K, used 58240K [0x2d5a0000, 0x37ec0000, 0x38040000)
  eden space 58240K, 100% used [0x2d5a0000,0x30e80000,0x30e80000)
  from space 56704K, 0% used [0x34760000,0x34760000,0x37ec0000)
  to   space 57472K, 0% used [0x30e80000,0x30e80000,0x346a0000)
 PSOldGen        total 349568K, used 349567K [0x18040000, 0x2d5a0000, 0x2d5a0000)
  object space 349568K, 99% used [0x18040000,0x2d59fff0,0x2d5a0000)
 PSPermGen       total 65536K, used 61157K [0x10040000, 0x14040000, 0x18040000)
  object space 65536K, 93% used [0x10040000,0x13bf97e8,0x14040000)
779.532: [Full GC [PSYoungGen: 58240K->58240K(114944K)] [PSOldGen: 349567K->349567K(349568K)] 407807K->407807K(464512K) [PSPermGen: 61157K->61157K(65536K)], 2.1316128 secs] [Times: user=2.11 sys=0.00, real=2.13 secs] 
Heap after GC invocations=258 (full 130):
 PSYoungGen      total 114944K, used 58240K [0x2d5a0000, 0x37ec0000, 0x38040000)
  eden space 58240K, 100% used [0x2d5a0000,0x30e80000,0x30e80000)
  from space 56704K, 0% used [0x34760000,0x34760000,0x37ec0000)
  to   space 57472K, 0% used [0x30e80000,0x30e80000,0x346a0000)
 PSOldGen        total 349568K, used 349567K [0x18040000, 0x2d5a0000, 0x2d5a0000)
  object space 349568K, 99% used [0x18040000,0x2d59fff0,0x2d5a0000)
 PSPermGen       total 65536K, used 61157K [0x10040000, 0x14040000, 0x18040000)
  object space 65536K, 93% used [0x10040000,0x13bf97e8,0x14040000)
}
{Heap before GC invocations=259 (full 131):
 PSYoungGen      total 114944K, used 58240K [0x2d5a0000, 0x37ec0000, 0x38040000)
  eden space 58240K, 100% used [0x2d5a0000,0x30e80000,0x30e80000)
  from space 56704K, 0% used [0x34760000,0x34760000,0x37ec0000)
  to   space 57472K, 0% used [0x30e80000,0x30e80000,0x346a0000)
 PSOldGen        total 349568K, used 349567K [0x18040000, 0x2d5a0000, 0x2d5a0000)
  object space 349568K, 99% used [0x18040000,0x2d59fff0,0x2d5a0000)
 PSPermGen       total 65536K, used 61157K [0x10040000, 0x14040000, 0x18040000)
  object space 65536K, 93% used [0x10040000,0x13bf97e8,0x14040000)
781.664: [Full GC [PSYoungGen: 58240K->58186K(114944K)] [PSOldGen: 349567K->349567K(349568K)] 407807K->407754K(464512K) [PSPermGen: 61157K->61157K(65536K)], 2.0441604 secs] [Times: user=2.05 sys=0.00, real=2.05 secs] 
Heap after GC invocations=259 (full 131):
 PSYoungGen      total 114944K, used 58186K [0x2d5a0000, 0x37ec0000, 0x38040000)
  eden space 58240K, 99% used [0x2d5a0000,0x30e72be8,0x30e80000)
  from space 56704K, 0% used [0x34760000,0x34760000,0x37ec0000)
  to   space 57472K, 0% used [0x30e80000,0x30e80000,0x346a0000)
 PSOldGen        total 349568K, used 349567K [0x18040000, 0x2d5a0000, 0x2d5a0000)
  object space 349568K, 99% used [0x18040000,0x2d59fff0,0x2d5a0000)
 PSPermGen       total 65536K, used 61157K [0x10040000, 0x14040000, 0x18040000)
  object space 65536K, 93% used [0x10040000,0x13bf97e8,0x14040000)
}
Total time for which application threads were stopped: 4.1773505 seconds
Application time: 0.0002640 seconds
{Heap before GC invocations=260 (full 132):
 PSYoungGen      total 114944K, used 58240K [0x2d5a0000, 0x37ec0000, 0x38040000)
  eden space 58240K, 100% used [0x2d5a0000,0x30e80000,0x30e80000)
  from space 56704K, 0% used [0x34760000,0x34760000,0x37ec0000)
  to   space 57472K, 0% used [0x30e80000,0x30e80000,0x346a0000)
 PSOldGen        total 349568K, used 349567K [0x18040000, 0x2d5a0000, 0x2d5a0000)
  object space 349568K, 99% used [0x18040000,0x2d59fff0,0x2d5a0000)
 PSPermGen       total 65536K, used 61157K [0x10040000, 0x14040000, 0x18040000)
  object space 65536K, 93% used [0x10040000,0x13bf97e8,0x14040000)
783.710: [Full GC [PSYoungGen: 58240K->58186K(114944K)] [PSOldGen: 349567K->349567K(349568K)] 407807K->407754K(464512K) [PSPermGen: 61157K->61157K(65536K)], 2.0740974 secs] [Times: user=2.08 sys=0.00, real=2.08 secs] 
Heap after GC invocations=260 (full 132):
 PSYoungGen      total 114944K, used 58186K [0x2d5a0000, 0x37ec0000, 0x38040000)
  eden space 58240K, 99% used [0x2d5a0000,0x30e72ba8,0x30e80000)
  from space 56704K, 0% used [0x34760000,0x34760000,0x37ec0000)
  to   space 57472K, 0% used [0x30e80000,0x30e80000,0x346a0000)
 PSOldGen        total 349568K, used 349567K [0x18040000, 0x2d5a0000, 0x2d5a0000)
  object space 349568K, 99% used [0x18040000,0x2d59fff0,0x2d5a0000)
 PSPermGen       total 65536K, used 61157K [0x10040000, 0x14040000, 0x18040000)
  object space 65536K, 93% used [0x10040000,0x13bf97e8,0x14040000)
}
Total time for which application threads were stopped: 2.0753462 seconds
Application time: 0.0011348 seconds
{Heap before GC invocations=261 (full 133):
 PSYoungGen      total 114944K, used 58240K [0x2d5a0000, 0x37ec0000, 0x38040000)
  eden space 58240K, 100% used [0x2d5a0000,0x30e80000,0x30e80000)
  from space 56704K, 0% used [0x34760000,0x34760000,0x37ec0000)
  to   space 57472K, 0% used [0x30e80000,0x30e80000,0x346a0000)
 PSOldGen        total 349568K, used 349567K [0x18040000, 0x2d5a0000, 0x2d5a0000)
  object space 349568K, 99% used [0x18040000,0x2d59fff0,0x2d5a0000)
 PSPermGen       total 65536K, used 61158K [0x10040000, 0x14040000, 0x18040000)
  object space 65536K, 93% used [0x10040000,0x13bf9840,0x14040000)
785.786: [Full GC [PSYoungGen: 58240K->58240K(114944K)] [PSOldGen: 349567K->349567K(349568K)] 407807K->407807K(464512K) [PSPermGen: 61158K->61158K(65536K)], 1.9648556 secs] [Times: user=1.95 sys=0.00, real=1.97 secs] 
Heap after GC invocations=261 (full 133):
 PSYoungGen      total 114944K, used 58240K [0x2d5a0000, 0x37ec0000, 0x38040000)
  eden space 58240K, 100% used [0x2d5a0000,0x30e80000,0x30e80000)
  from space 56704K, 0% used [0x34760000,0x34760000,0x37ec0000)
  to   space 57472K, 0% used [0x30e80000,0x30e80000,0x346a0000)
 PSOldGen        total 349568K, used 349567K [0x18040000, 0x2d5a0000, 0x2d5a0000)
  object space 349568K, 99% used [0x18040000,0x2d59fff0,0x2d5a0000)
 PSPermGen       total 65536K, used 61158K [0x10040000, 0x14040000, 0x18040000)
  object space 65536K, 93% used [0x10040000,0x13bf9840,0x14040000)
}
{Heap before GC invocations=262 (full 134):
 PSYoungGen      total 114944K, used 58240K [0x2d5a0000, 0x37ec0000, 0x38040000)
  eden space 58240K, 100% used [0x2d5a0000,0x30e80000,0x30e80000)
  from space 56704K, 0% used [0x34760000,0x34760000,0x37ec0000)
  to   space 57472K, 0% used [0x30e80000,0x30e80000,0x346a0000)
 PSOldGen        total 349568K, used 349567K [0x18040000, 0x2d5a0000, 0x2d5a0000)
  object space 349568K, 99% used [0x18040000,0x2d59fff0,0x2d5a0000)
 PSPermGen       total 65536K, used 61158K [0x10040000, 0x14040000, 0x18040000)
  object space 65536K, 93% used [0x10040000,0x13bf9840,0x14040000)
787.751: [Full GC [PSYoungGen: 58240K->58201K(114944K)] [PSOldGen: 349567K->349568K(349568K)] 407807K->407769K(464512K) [PSPermGen: 61158K->61158K(65536K)], 2.1327549 secs] [Times: user=2.13 sys=0.00, real=2.13 secs] 
Heap after GC invocations=262 (full 134):
 PSYoungGen      total 114944K, used 58201K [0x2d5a0000, 0x37ec0000, 0x38040000)
  eden space 58240K, 99% used [0x2d5a0000,0x30e76588,0x30e80000)
  from space 56704K, 0% used [0x34760000,0x34760000,0x37ec0000)
  to   space 57472K, 0% used [0x30e80000,0x30e80000,0x346a0000)
 PSOldGen        total 349568K, used 349568K [0x18040000, 0x2d5a0000, 0x2d5a0000)
  object space 349568K, 100% used [0x18040000,0x2d5a0000,0x2d5a0000)
 PSPermGen       total 65536K, used 61158K [0x10040000, 0x14040000, 0x18040000)
  object space 65536K, 93% used [0x10040000,0x13bf9840,0x14040000)
}
Total time for which application threads were stopped: 4.0992087 seconds
Application time: 0.0002755 seconds
{Heap before GC invocations=263 (full 135):
 PSYoungGen      total 114944K, used 58240K [0x2d5a0000, 0x37ec0000, 0x38040000)
  eden space 58240K, 100% used [0x2d5a0000,0x30e80000,0x30e80000)
  from space 56704K, 0% used [0x34760000,0x34760000,0x37ec0000)
  to   space 57472K, 0% used [0x30e80000,0x30e80000,0x346a0000)
 PSOldGen        total 349568K, used 349568K [0x18040000, 0x2d5a0000, 0x2d5a0000)
  object space 349568K, 100% used [0x18040000,0x2d5a0000,0x2d5a0000)
 PSPermGen       total 65536K, used 61158K [0x10040000, 0x14040000, 0x18040000)
  object space 65536K, 93% used [0x10040000,0x13bf9840,0x14040000)
789.886: [Full GC [PSYoungGen: 58240K->58240K(114944K)] [PSOldGen: 349568K->349568K(349568K)] 407808K->407808K(464512K) [PSPermGen: 61158K->61158K(65536K)], 2.0307936 secs] [Times: user=2.01 sys=0.00, real=2.03 secs] 
Heap after GC invocations=263 (full 135):
 PSYoungGen      total 114944K, used 58240K [0x2d5a0000, 0x37ec0000, 0x38040000)
  eden space 58240K, 100% used [0x2d5a0000,0x30e80000,0x30e80000)
  from space 56704K, 0% used [0x34760000,0x34760000,0x37ec0000)
  to   space 57472K, 0% used [0x30e80000,0x30e80000,0x346a0000)
 PSOldGen        total 349568K, used 349568K [0x18040000, 0x2d5a0000, 0x2d5a0000)
  object space 349568K, 100% used [0x18040000,0x2d5a0000,0x2d5a0000)
 PSPermGen       total 65536K, used 61158K [0x10040000, 0x14040000, 0x18040000)
  object space 65536K, 93% used [0x10040000,0x13bf9840,0x14040000)
}
{Heap before GC invocations=264 (full 136):
 PSYoungGen      total 114944K, used 58240K [0x2d5a0000, 0x37ec0000, 0x38040000)
  eden space 58240K, 100% used [0x2d5a0000,0x30e80000,0x30e80000)
  from space 56704K, 0% used [0x34760000,0x34760000,0x37ec0000)
  to   space 57472K, 0% used [0x30e80000,0x30e80000,0x346a0000)
 PSOldGen        total 349568K, used 349568K [0x18040000, 0x2d5a0000, 0x2d5a0000)
  object space 349568K, 100% used [0x18040000,0x2d5a0000,0x2d5a0000)
 PSPermGen       total 65536K, used 61158K [0x10040000, 0x14040000, 0x18040000)
  object space 65536K, 93% used [0x10040000,0x13bf9840,0x14040000)
791.917: [Full GC [PSYoungGen: 58240K->58210K(114944K)] [PSOldGen: 349568K->349568K(349568K)] 407808K->407778K(464512K) [PSPermGen: 61158K->61158K(65536K)], 1.9902233 secs] [Times: user=1.99 sys=0.00, real=1.98 secs] 
Heap after GC invocations=264 (full 136):
 PSYoungGen      total 114944K, used 58210K [0x2d5a0000, 0x37ec0000, 0x38040000)
  eden space 58240K, 99% used [0x2d5a0000,0x30e78a58,0x30e80000)
  from space 56704K, 0% used [0x34760000,0x34760000,0x37ec0000)
  to   space 57472K, 0% used [0x30e80000,0x30e80000,0x346a0000)
 PSOldGen        total 349568K, used 349568K [0x18040000, 0x2d5a0000, 0x2d5a0000)
  object space 349568K, 100% used [0x18040000,0x2d5a0000,0x2d5a0000)
 PSPermGen       total 65536K, used 61158K [0x10040000, 0x14040000, 0x18040000)
  object space 65536K, 93% used [0x10040000,0x13bf9840,0x14040000)
}
Total time for which application threads were stopped: 4.0224389 seconds
Application time: 0.0002486 seconds
{Heap before GC invocations=265 (full 137):
 PSYoungGen      total 114944K, used 58240K [0x2d5a0000, 0x37ec0000, 0x38040000)
  eden space 58240K, 100% used [0x2d5a0000,0x30e80000,0x30e80000)
  from space 56704K, 0% used [0x34760000,0x34760000,0x37ec0000)
  to   space 57472K, 0% used [0x30e80000,0x30e80000,0x346a0000)
 PSOldGen        total 349568K, used 349568K [0x18040000, 0x2d5a0000, 0x2d5a0000)
  object space 349568K, 100% used [0x18040000,0x2d5a0000,0x2d5a0000)
 PSPermGen       total 65536K, used 61158K [0x10040000, 0x14040000, 0x18040000)
  object space 65536K, 93% used [0x10040000,0x13bf9840,0x14040000)
793.908: [Full GC [PSYoungGen: 58240K->58240K(114944K)] [PSOldGen: 349568K->349568K(349568K)] 407808K->407808K(464512K) [PSPermGen: 61158K->61158K(65536K)], 2.0010728 secs] [Times: user=2.00 sys=0.00, real=2.00 secs] 
Heap after GC invocations=265 (full 137):
 PSYoungGen      total 114944K, used 58240K [0x2d5a0000, 0x37ec0000, 0x38040000)
  eden space 58240K, 100% used [0x2d5a0000,0x30e80000,0x30e80000)
  from space 56704K, 0% used [0x34760000,0x34760000,0x37ec0000)
  to   space 57472K, 0% used [0x30e80000,0x30e80000,0x346a0000)
 PSOldGen        total 349568K, used 349568K [0x18040000, 0x2d5a0000, 0x2d5a0000)
  object space 349568K, 100% used [0x18040000,0x2d5a0000,0x2d5a0000)
 PSPermGen       total 65536K, used 61158K [0x10040000, 0x14040000, 0x18040000)
  object space 65536K, 93% used [0x10040000,0x13bf9840,0x14040000)
}
{Heap before GC invocations=266 (full 138):
 PSYoungGen      total 114944K, used 58240K [0x2d5a0000, 0x37ec0000, 0x38040000)
  eden space 58240K, 100% used [0x2d5a0000,0x30e80000,0x30e80000)
  from space 56704K, 0% used [0x34760000,0x34760000,0x37ec0000)
  to   space 57472K, 0% used [0x30e80000,0x30e80000,0x346a0000)
 PSOldGen        total 349568K, used 349568K [0x18040000, 0x2d5a0000, 0x2d5a0000)
  object space 349568K, 100% used [0x18040000,0x2d5a0000,0x2d5a0000)
 PSPermGen       total 65536K, used 61158K [0x10040000, 0x14040000, 0x18040000)
  object space 65536K, 93% used [0x10040000,0x13bf9840,0x14040000)
795.910: [Full GC [PSYoungGen: 58240K->58215K(114944K)] [PSOldGen: 349568K->349568K(349568K)] 407808K->407783K(464512K) [PSPermGen: 61158K->61158K(65536K)], 2.0190390 secs] [Times: user=1.97 sys=0.00, real=2.02 secs] 
Heap after GC invocations=266 (full 138):
 PSYoungGen      total 114944K, used 58215K [0x2d5a0000, 0x37ec0000, 0x38040000)
  eden space 58240K, 99% used [0x2d5a0000,0x30e79d80,0x30e80000)
  from space 56704K, 0% used [0x34760000,0x34760000,0x37ec0000)
  to   space 57472K, 0% used [0x30e80000,0x30e80000,0x346a0000)
 PSOldGen        total 349568K, used 349568K [0x18040000, 0x2d5a0000, 0x2d5a0000)
  object space 349568K, 100% used [0x18040000,0x2d5a0000,0x2d5a0000)
 PSPermGen       total 65536K, used 61158K [0x10040000, 0x14040000, 0x18040000)
  object space 65536K, 93% used [0x10040000,0x13bf9840,0x14040000)
}
Total time for which application threads were stopped: 4.0215421 seconds
Application time: 0.0009496 seconds
{Heap before GC invocations=267 (full 139):
 PSYoungGen      total 114944K, used 58240K [0x2d5a0000, 0x37ec0000, 0x38040000)
  eden space 58240K, 100% used [0x2d5a0000,0x30e80000,0x30e80000)
  from space 56704K, 0% used [0x34760000,0x34760000,0x37ec0000)
  to   space 57472K, 0% used [0x30e80000,0x30e80000,0x346a0000)
 PSOldGen        total 349568K, used 349568K [0x18040000, 0x2d5a0000, 0x2d5a0000)
  object space 349568K, 100% used [0x18040000,0x2d5a0000,0x2d5a0000)
 PSPermGen       total 65536K, used 61161K [0x10040000, 0x14040000, 0x18040000)
  object space 65536K, 93% used [0x10040000,0x13bfa730,0x14040000)
797.935: [Full GC [PSYoungGen: 58240K->58240K(114944K)] [PSOldGen: 349568K->349568K(349568K)] 407808K->407808K(464512K) [PSPermGen: 61161K->61161K(65536K)], 2.0051495 secs] [Times: user=2.00 sys=0.00, real=2.00 secs] 
Heap after GC invocations=267 (full 139):
 PSYoungGen      total 114944K, used 58240K [0x2d5a0000, 0x37ec0000, 0x38040000)
  eden space 58240K, 100% used [0x2d5a0000,0x30e80000,0x30e80000)
  from space 56704K, 0% used [0x34760000,0x34760000,0x37ec0000)
  to   space 57472K, 0% used [0x30e80000,0x30e80000,0x346a0000)
 PSOldGen        total 349568K, used 349568K [0x18040000, 0x2d5a0000, 0x2d5a0000)
  object space 349568K, 100% used [0x18040000,0x2d5a0000,0x2d5a0000)
 PSPermGen       total 65536K, used 61161K [0x10040000, 0x14040000, 0x18040000)
  object space 65536K, 93% used [0x10040000,0x13bfa730,0x14040000)
}
{Heap before GC invocations=268 (full 140):
 PSYoungGen      total 114944K, used 58240K [0x2d5a0000, 0x37ec0000, 0x38040000)
  eden space 58240K, 100% used [0x2d5a0000,0x30e80000,0x30e80000)
  from space 56704K, 0% used [0x34760000,0x34760000,0x37ec0000)
  to   space 57472K, 0% used [0x30e80000,0x30e80000,0x346a0000)
 PSOldGen        total 349568K, used 349568K [0x18040000, 0x2d5a0000, 0x2d5a0000)
  object space 349568K, 100% used [0x18040000,0x2d5a0000,0x2d5a0000)
 PSPermGen       total 65536K, used 61161K [0x10040000, 0x14040000, 0x18040000)
  object space 65536K, 93% used [0x10040000,0x13bfa730,0x14040000)
799.941: [Full GC [PSYoungGen: 58240K->58207K(114944K)] [PSOldGen: 349568K->349567K(349568K)] 407808K->407775K(464512K) [PSPermGen: 61161K->61161K(65536K)], 2.1971829 secs] [Times: user=2.14 sys=0.00, real=2.20 secs] 
Heap after GC invocations=268 (full 140):
 PSYoungGen      total 114944K, used 58207K [0x2d5a0000, 0x37ec0000, 0x38040000)
  eden space 58240K, 99% used [0x2d5a0000,0x30e77d88,0x30e80000)
  from space 56704K, 0% used [0x34760000,0x34760000,0x37ec0000)
  to   space 57472K, 0% used [0x30e80000,0x30e80000,0x346a0000)
 PSOldGen        total 349568K, used 349567K [0x18040000, 0x2d5a0000, 0x2d5a0000)
  object space 349568K, 99% used [0x18040000,0x2d59ff98,0x2d5a0000)
 PSPermGen       total 65536K, used 61161K [0x10040000, 0x14040000, 0x18040000)
  object space 65536K, 93% used [0x10040000,0x13bfa730,0x14040000)
}
Total time for which application threads were stopped: 4.2084930 seconds
Application time: 0.0008926 seconds
{Heap before GC invocations=269 (full 141):
 PSYoungGen      total 114944K, used 58240K [0x2d5a0000, 0x37ec0000, 0x38040000)
  eden space 58240K, 100% used [0x2d5a0000,0x30e80000,0x30e80000)
  from space 56704K, 0% used [0x34760000,0x34760000,0x37ec0000)
  to   space 57472K, 0% used [0x30e80000,0x30e80000,0x346a0000)
 PSOldGen        total 349568K, used 349567K [0x18040000, 0x2d5a0000, 0x2d5a0000)
  object space 349568K, 99% used [0x18040000,0x2d59ff98,0x2d5a0000)
 PSPermGen       total 65536K, used 61161K [0x10040000, 0x14040000, 0x18040000)
  object space 65536K, 93% used [0x10040000,0x13bfa730,0x14040000)
802.141: [Full GC [PSYoungGen: 58240K->58240K(114944K)] [PSOldGen: 349567K->349567K(349568K)] 407807K->407807K(464512K) [PSPermGen: 61161K->61161K(65536K)], 2.0029501 secs] [Times: user=1.98 sys=0.01, real=2.00 secs] 
Heap after GC invocations=269 (full 141):
 PSYoungGen      total 114944K, used 58240K [0x2d5a0000, 0x37ec0000, 0x38040000)
  eden space 58240K, 100% used [0x2d5a0000,0x30e80000,0x30e80000)
  from space 56704K, 0% used [0x34760000,0x34760000,0x37ec0000)
  to   space 57472K, 0% used [0x30e80000,0x30e80000,0x346a0000)
 PSOldGen        total 349568K, used 349567K [0x18040000, 0x2d5a0000, 0x2d5a0000)
  object space 349568K, 99% used [0x18040000,0x2d59ff98,0x2d5a0000)
 PSPermGen       total 65536K, used 61161K [0x10040000, 0x14040000, 0x18040000)
  object space 65536K, 93% used [0x10040000,0x13bfa730,0x14040000)
}
Total time for which application threads were stopped: 2.0047341 seconds
Application time: 0.0000481 seconds
{Heap before GC invocations=270 (full 142):
 PSYoungGen      total 114944K, used 58240K [0x2d5a0000, 0x37ec0000, 0x38040000)
  eden space 58240K, 100% used [0x2d5a0000,0x30e80000,0x30e80000)
  from space 56704K, 0% used [0x34760000,0x34760000,0x37ec0000)
  to   space 57472K, 0% used [0x30e80000,0x30e80000,0x346a0000)
 PSOldGen        total 349568K, used 349567K [0x18040000, 0x2d5a0000, 0x2d5a0000)
  object space 349568K, 99% used [0x18040000,0x2d59ffb0,0x2d5a0000)
 PSPermGen       total 65536K, used 61161K [0x10040000, 0x14040000, 0x18040000)
  object space 65536K, 93% used [0x10040000,0x13bfa730,0x14040000)
804.145: [Full GC [PSYoungGen: 58240K->58240K(114944K)] [PSOldGen: 349567K->349567K(349568K)] 407807K->407807K(464512K) [PSPermGen: 61161K->61161K(65536K)], 1.9653015 secs] [Times: user=1.97 sys=0.00, real=1.97 secs] 
Heap after GC invocations=270 (full 142):
 PSYoungGen      total 114944K, used 58240K [0x2d5a0000, 0x37ec0000, 0x38040000)
  eden space 58240K, 100% used [0x2d5a0000,0x30e80000,0x30e80000)
  from space 56704K, 0% used [0x34760000,0x34760000,0x37ec0000)
  to   space 57472K, 0% used [0x30e80000,0x30e80000,0x346a0000)
 PSOldGen        total 349568K, used 349567K [0x18040000, 0x2d5a0000, 0x2d5a0000)
  object space 349568K, 99% used [0x18040000,0x2d59ffb0,0x2d5a0000)
 PSPermGen       total 65536K, used 61161K [0x10040000, 0x14040000, 0x18040000)
  object space 65536K, 93% used [0x10040000,0x13bfa730,0x14040000)
}
Total time for which application threads were stopped: 1.9665390 seconds
Application time: 0.0000467 seconds
{Heap before GC invocations=271 (full 143):
 PSYoungGen      total 114944K, used 58240K [0x2d5a0000, 0x37ec0000, 0x38040000)
  eden space 58240K, 100% used [0x2d5a0000,0x30e80000,0x30e80000)
  from space 56704K, 0% used [0x34760000,0x34760000,0x37ec0000)
  to   space 57472K, 0% used [0x30e80000,0x30e80000,0x346a0000)
 PSOldGen        total 349568K, used 349567K [0x18040000, 0x2d5a0000, 0x2d5a0000)
  object space 349568K, 99% used [0x18040000,0x2d59ffe8,0x2d5a0000)
 PSPermGen       total 65536K, used 61161K [0x10040000, 0x14040000, 0x18040000)
  object space 65536K, 93% used [0x10040000,0x13bfa730,0x14040000)
806.112: [Full GC [PSYoungGen: 58240K->58240K(114944K)] [PSOldGen: 349567K->349567K(349568K)] 407807K->407807K(464512K) [PSPermGen: 61161K->61161K(65536K)], 2.0399313 secs] [Times: user=2.00 sys=0.00, real=2.05 secs] 
Heap after GC invocations=271 (full 143):
 PSYoungGen      total 114944K, used 58240K [0x2d5a0000, 0x37ec0000, 0x38040000)
  eden space 58240K, 100% used [0x2d5a0000,0x30e80000,0x30e80000)
  from space 56704K, 0% used [0x34760000,0x34760000,0x37ec0000)
  to   space 57472K, 0% used [0x30e80000,0x30e80000,0x346a0000)
 PSOldGen        total 349568K, used 349567K [0x18040000, 0x2d5a0000, 0x2d5a0000)
  object space 349568K, 99% used [0x18040000,0x2d59ffe8,0x2d5a0000)
 PSPermGen       total 65536K, used 61161K [0x10040000, 0x14040000, 0x18040000)
  object space 65536K, 93% used [0x10040000,0x13bfa730,0x14040000)
}
Total time for which application threads were stopped: 2.0411742 seconds
Application time: 0.0001975 seconds
{Heap before GC invocations=272 (full 144):
 PSYoungGen      total 114944K, used 58240K [0x2d5a0000, 0x37ec0000, 0x38040000)
  eden space 58240K, 100% used [0x2d5a0000,0x30e80000,0x30e80000)
  from space 56704K, 0% used [0x34760000,0x34760000,0x37ec0000)
  to   space 57472K, 0% used [0x30e80000,0x30e80000,0x346a0000)
 PSOldGen        total 349568K, used 349567K [0x18040000, 0x2d5a0000, 0x2d5a0000)
  object space 349568K, 99% used [0x18040000,0x2d59fff8,0x2d5a0000)
 PSPermGen       total 65536K, used 61161K [0x10040000, 0x14040000, 0x18040000)
  object space 65536K, 93% used [0x10040000,0x13bfa730,0x14040000)
808.153: [Full GC [PSYoungGen: 58240K->58211K(114944K)] [PSOldGen: 349567K->349567K(349568K)] 407807K->407779K(464512K) [PSPermGen: 61161K->61161K(65536K)], 2.0577559 secs] [Times: user=2.01 sys=0.00, real=2.05 secs] 
Heap after GC invocations=272 (full 144):
 PSYoungGen      total 114944K, used 58211K [0x2d5a0000, 0x37ec0000, 0x38040000)
  eden space 58240K, 99% used [0x2d5a0000,0x30e78f90,0x30e80000)
  from space 56704K, 0% used [0x34760000,0x34760000,0x37ec0000)
  to   space 57472K, 0% used [0x30e80000,0x30e80000,0x346a0000)
 PSOldGen        total 349568K, used 349567K [0x18040000, 0x2d5a0000, 0x2d5a0000)
  object space 349568K, 99% used [0x18040000,0x2d59ffd8,0x2d5a0000)
 PSPermGen       total 65536K, used 61161K [0x10040000, 0x14040000, 0x18040000)
  object space 65536K, 93% used [0x10040000,0x13bfa730,0x14040000)
}
Total time for which application threads were stopped: 2.0589907 seconds
Application time: 0.0001126 seconds
{Heap before GC invocations=273 (full 145):
 PSYoungGen      total 114944K, used 58240K [0x2d5a0000, 0x37ec0000, 0x38040000)
  eden space 58240K, 100% used [0x2d5a0000,0x30e80000,0x30e80000)
  from space 56704K, 0% used [0x34760000,0x34760000,0x37ec0000)
  to   space 57472K, 0% used [0x30e80000,0x30e80000,0x346a0000)
 PSOldGen        total 349568K, used 349567K [0x18040000, 0x2d5a0000, 0x2d5a0000)
  object space 349568K, 99% used [0x18040000,0x2d59ffd8,0x2d5a0000)
 PSPermGen       total 65536K, used 61161K [0x10040000, 0x14040000, 0x18040000)
  object space 65536K, 93% used [0x10040000,0x13bfa730,0x14040000)
810.212: [Full GC [PSYoungGen: 58240K->58240K(114944K)] [PSOldGen: 349567K->349567K(349568K)] 407807K->407807K(464512K) [PSPermGen: 61161K->61161K(65536K)], 2.0615659 secs] [Times: user=2.06 sys=0.00, real=2.06 secs] 
Heap after GC invocations=273 (full 145):
 PSYoungGen      total 114944K, used 58240K [0x2d5a0000, 0x37ec0000, 0x38040000)
  eden space 58240K, 100% used [0x2d5a0000,0x30e80000,0x30e80000)
  from space 56704K, 0% used [0x34760000,0x34760000,0x37ec0000)
  to   space 57472K, 0% used [0x30e80000,0x30e80000,0x346a0000)
 PSOldGen        total 349568K, used 349567K [0x18040000, 0x2d5a0000, 0x2d5a0000)
  object space 349568K, 99% used [0x18040000,0x2d59ffd8,0x2d5a0000)
 PSPermGen       total 65536K, used 61161K [0x10040000, 0x14040000, 0x18040000)
  object space 65536K, 93% used [0x10040000,0x13bfa730,0x14040000)
}
{Heap before GC invocations=274 (full 146):
 PSYoungGen      total 114944K, used 58240K [0x2d5a0000, 0x37ec0000, 0x38040000)
  eden space 58240K, 100% used [0x2d5a0000,0x30e80000,0x30e80000)
  from space 56704K, 0% used [0x34760000,0x34760000,0x37ec0000)
  to   space 57472K, 0% used [0x30e80000,0x30e80000,0x346a0000)
 PSOldGen        total 349568K, used 349567K [0x18040000, 0x2d5a0000, 0x2d5a0000)
  object space 349568K, 99% used [0x18040000,0x2d59ffd8,0x2d5a0000)
 PSPermGen       total 65536K, used 61161K [0x10040000, 0x14040000, 0x18040000)
  object space 65536K, 93% used [0x10040000,0x13bfa730,0x14040000)
812.274: [Full GC [PSYoungGen: 58240K->58208K(114944K)] [PSOldGen: 349567K->349567K(349568K)] 407807K->407775K(464512K) [PSPermGen: 61161K->61161K(65536K)], 1.9909237 secs] [Times: user=2.00 sys=0.00, real=2.00 secs] 
Heap after GC invocations=274 (full 146):
 PSYoungGen      total 114944K, used 58208K [0x2d5a0000, 0x37ec0000, 0x38040000)
  eden space 58240K, 99% used [0x2d5a0000,0x30e78078,0x30e80000)
  from space 56704K, 0% used [0x34760000,0x34760000,0x37ec0000)
  to   space 57472K, 0% used [0x30e80000,0x30e80000,0x346a0000)
 PSOldGen        total 349568K, used 349567K [0x18040000, 0x2d5a0000, 0x2d5a0000)
  object space 349568K, 99% used [0x18040000,0x2d59ff78,0x2d5a0000)
 PSPermGen       total 65536K, used 61161K [0x10040000, 0x14040000, 0x18040000)
  object space 65536K, 93% used [0x10040000,0x13bfa730,0x14040000)
}
Total time for which application threads were stopped: 4.0539490 seconds
Application time: 0.0018857 seconds
{Heap before GC invocations=275 (full 147):
 PSYoungGen      total 114944K, used 58240K [0x2d5a0000, 0x37ec0000, 0x38040000)
  eden space 58240K, 100% used [0x2d5a0000,0x30e80000,0x30e80000)
  from space 56704K, 0% used [0x34760000,0x34760000,0x37ec0000)
  to   space 57472K, 0% used [0x30e80000,0x30e80000,0x346a0000)
 PSOldGen        total 349568K, used 349567K [0x18040000, 0x2d5a0000, 0x2d5a0000)
  object space 349568K, 99% used [0x18040000,0x2d59ff78,0x2d5a0000)
 PSPermGen       total 65536K, used 61161K [0x10040000, 0x14040000, 0x18040000)
  object space 65536K, 93% used [0x10040000,0x13bfa730,0x14040000)
814.268: [Full GC [PSYoungGen: 58240K->58240K(114944K)] [PSOldGen: 349567K->349567K(349568K)] 407807K->407807K(464512K) [PSPermGen: 61161K->61161K(65536K)], 2.1415356 secs] [Times: user=2.13 sys=0.00, real=2.14 secs] 
Heap after GC invocations=275 (full 147):
 PSYoungGen      total 114944K, used 58240K [0x2d5a0000, 0x37ec0000, 0x38040000)
  eden space 58240K, 100% used [0x2d5a0000,0x30e80000,0x30e80000)
  from space 56704K, 0% used [0x34760000,0x34760000,0x37ec0000)
  to   space 57472K, 0% used [0x30e80000,0x30e80000,0x346a0000)
 PSOldGen        total 349568K, used 349567K [0x18040000, 0x2d5a0000, 0x2d5a0000)
  object space 349568K, 99% used [0x18040000,0x2d59ff78,0x2d5a0000)
 PSPermGen       total 65536K, used 61161K [0x10040000, 0x14040000, 0x18040000)
  object space 65536K, 93% used [0x10040000,0x13bfa730,0x14040000)
}
Total time for which application threads were stopped: 2.1428542 seconds
Application time: 0.0001483 seconds
{Heap before GC invocations=276 (full 148):
 PSYoungGen      total 114944K, used 58240K [0x2d5a0000, 0x37ec0000, 0x38040000)
  eden space 58240K, 100% used [0x2d5a0000,0x30e80000,0x30e80000)
  from space 56704K, 0% used [0x34760000,0x34760000,0x37ec0000)
  to   space 57472K, 0% used [0x30e80000,0x30e80000,0x346a0000)
 PSOldGen        total 349568K, used 349567K [0x18040000, 0x2d5a0000, 0x2d5a0000)
  object space 349568K, 99% used [0x18040000,0x2d59ffb0,0x2d5a0000)
 PSPermGen       total 65536K, used 61161K [0x10040000, 0x14040000, 0x18040000)
  object space 65536K, 93% used [0x10040000,0x13bfa730,0x14040000)
816.411: [Full GC [PSYoungGen: 58240K->58185K(114944K)] [PSOldGen: 349567K->349567K(349568K)] 407807K->407753K(464512K) [PSPermGen: 61161K->61161K(65536K)], 2.1097883 secs] [Times: user=2.05 sys=0.00, real=2.11 secs] 
Heap after GC invocations=276 (full 148):
 PSYoungGen      total 114944K, used 58185K [0x2d5a0000, 0x37ec0000, 0x38040000)
  eden space 58240K, 99% used [0x2d5a0000,0x30e727a0,0x30e80000)
  from space 56704K, 0% used [0x34760000,0x34760000,0x37ec0000)
  to   space 57472K, 0% used [0x30e80000,0x30e80000,0x346a0000)
 PSOldGen        total 349568K, used 349567K [0x18040000, 0x2d5a0000, 0x2d5a0000)
  object space 349568K, 99% used [0x18040000,0x2d59ffb0,0x2d5a0000)
 PSPermGen       total 65536K, used 61161K [0x10040000, 0x14040000, 0x18040000)
  object space 65536K, 93% used [0x10040000,0x13bfa730,0x14040000)
}
Total time for which application threads were stopped: 2.1110211 seconds
Application time: 0.0003995 seconds
{Heap before GC invocations=277 (full 149):
 PSYoungGen      total 114944K, used 58240K [0x2d5a0000, 0x37ec0000, 0x38040000)
  eden space 58240K, 100% used [0x2d5a0000,0x30e80000,0x30e80000)
  from space 56704K, 0% used [0x34760000,0x34760000,0x37ec0000)
  to   space 57472K, 0% used [0x30e80000,0x30e80000,0x346a0000)
 PSOldGen        total 349568K, used 349567K [0x18040000, 0x2d5a0000, 0x2d5a0000)
  object space 349568K, 99% used [0x18040000,0x2d59ffb0,0x2d5a0000)
 PSPermGen       total 65536K, used 61161K [0x10040000, 0x14040000, 0x18040000)
  object space 65536K, 93% used [0x10040000,0x13bfa730,0x14040000)
818.522: [Full GC [PSYoungGen: 58240K->58240K(114944K)] [PSOldGen: 349567K->349567K(349568K)] 407807K->407807K(464512K) [PSPermGen: 61161K->61161K(65536K)], 2.0679486 secs] [Times: user=2.08 sys=0.00, real=2.08 secs] 
Heap after GC invocations=277 (full 149):
 PSYoungGen      total 114944K, used 58240K [0x2d5a0000, 0x37ec0000, 0x38040000)
  eden space 58240K, 100% used [0x2d5a0000,0x30e80000,0x30e80000)
  from space 56704K, 0% used [0x34760000,0x34760000,0x37ec0000)
  to   space 57472K, 0% used [0x30e80000,0x30e80000,0x346a0000)
 PSOldGen        total 349568K, used 349567K [0x18040000, 0x2d5a0000, 0x2d5a0000)
  object space 349568K, 99% used [0x18040000,0x2d59ffb0,0x2d5a0000)
 PSPermGen       total 65536K, used 61161K [0x10040000, 0x14040000, 0x18040000)
  object space 65536K, 93% used [0x10040000,0x13bfa730,0x14040000)
}
Total time for which application threads were stopped: 2.0691675 seconds
Application time: 0.0001472 seconds
{Heap before GC invocations=278 (full 150):
 PSYoungGen      total 114944K, used 58240K [0x2d5a0000, 0x37ec0000, 0x38040000)
  eden space 58240K, 100% used [0x2d5a0000,0x30e80000,0x30e80000)
  from space 56704K, 0% used [0x34760000,0x34760000,0x37ec0000)
  to   space 57472K, 0% used [0x30e80000,0x30e80000,0x346a0000)
 PSOldGen        total 349568K, used 349567K [0x18040000, 0x2d5a0000, 0x2d5a0000)
  object space 349568K, 99% used [0x18040000,0x2d59ffc0,0x2d5a0000)
 PSPermGen       total 65536K, used 61161K [0x10040000, 0x14040000, 0x18040000)
  object space 65536K, 93% used [0x10040000,0x13bfa730,0x14040000)
820.592: [Full GC [PSYoungGen: 58240K->58240K(114944K)] [PSOldGen: 349567K->349567K(349568K)] 407807K->407807K(464512K) [PSPermGen: 61161K->61161K(65536K)], 1.9715319 secs] [Times: user=1.97 sys=0.00, real=1.97 secs] 
Heap after GC invocations=278 (full 150):
 PSYoungGen      total 114944K, used 58240K [0x2d5a0000, 0x37ec0000, 0x38040000)
  eden space 58240K, 100% used [0x2d5a0000,0x30e80000,0x30e80000)
  from space 56704K, 0% used [0x34760000,0x34760000,0x37ec0000)
  to   space 57472K, 0% used [0x30e80000,0x30e80000,0x346a0000)
 PSOldGen        total 349568K, used 349567K [0x18040000, 0x2d5a0000, 0x2d5a0000)
  object space 349568K, 99% used [0x18040000,0x2d59ffc0,0x2d5a0000)
 PSPermGen       total 65536K, used 61161K [0x10040000, 0x14040000, 0x18040000)
  object space 65536K, 93% used [0x10040000,0x13bfa730,0x14040000)
}
Total time for which application threads were stopped: 1.9726767 seconds
Application time: 0.0002565 seconds
{Heap before GC invocations=279 (full 151):
 PSYoungGen      total 114944K, used 58240K [0x2d5a0000, 0x37ec0000, 0x38040000)
  eden space 58240K, 100% used [0x2d5a0000,0x30e80000,0x30e80000)
  from space 56704K, 0% used [0x34760000,0x34760000,0x37ec0000)
  to   space 57472K, 0% used [0x30e80000,0x30e80000,0x346a0000)
 PSOldGen        total 349568K, used 349567K [0x18040000, 0x2d5a0000, 0x2d5a0000)
  object space 349568K, 99% used [0x18040000,0x2d59ffd0,0x2d5a0000)
 PSPermGen       total 65536K, used 61161K [0x10040000, 0x14040000, 0x18040000)
  object space 65536K, 93% used [0x10040000,0x13bfa730,0x14040000)
822.565: [Full GC [PSYoungGen: 58240K->58240K(114944K)] [PSOldGen: 349567K->349567K(349568K)] 407807K->407807K(464512K) [PSPermGen: 61161K->61161K(65536K)], 2.0087086 secs] [Times: user=2.01 sys=0.00, real=2.02 secs] 
Heap after GC invocations=279 (full 151):
 PSYoungGen      total 114944K, used 58240K [0x2d5a0000, 0x37ec0000, 0x38040000)
  eden space 58240K, 100% used [0x2d5a0000,0x30e80000,0x30e80000)
  from space 56704K, 0% used [0x34760000,0x34760000,0x37ec0000)
  to   space 57472K, 0% used [0x30e80000,0x30e80000,0x346a0000)
 PSOldGen        total 349568K, used 349567K [0x18040000, 0x2d5a0000, 0x2d5a0000)
  object space 349568K, 99% used [0x18040000,0x2d59ffd0,0x2d5a0000)
 PSPermGen       total 65536K, used 61161K [0x10040000, 0x14040000, 0x18040000)
  object space 65536K, 93% used [0x10040000,0x13bfa730,0x14040000)
}
Total time for which application threads were stopped: 2.0101007 seconds
Application time: 0.0001103 seconds
{Heap before GC invocations=280 (full 152):
 PSYoungGen      total 114944K, used 58240K [0x2d5a0000, 0x37ec0000, 0x38040000)
  eden space 58240K, 100% used [0x2d5a0000,0x30e80000,0x30e80000)
  from space 56704K, 0% used [0x34760000,0x34760000,0x37ec0000)
  to   space 57472K, 0% used [0x30e80000,0x30e80000,0x346a0000)
 PSOldGen        total 349568K, used 349567K [0x18040000, 0x2d5a0000, 0x2d5a0000)
  object space 349568K, 99% used [0x18040000,0x2d59ffe0,0x2d5a0000)
 PSPermGen       total 65536K, used 61161K [0x10040000, 0x14040000, 0x18040000)
  object space 65536K, 93% used [0x10040000,0x13bfa730,0x14040000)
824.575: [Full GC [PSYoungGen: 58240K->58197K(114944K)] [PSOldGen: 349567K->349567K(349568K)] 407807K->407765K(464512K) [PSPermGen: 61161K->61161K(65536K)], 1.9751686 secs] [Times: user=1.97 sys=0.00, real=1.97 secs] 
Heap after GC invocations=280 (full 152):
 PSYoungGen      total 114944K, used 58197K [0x2d5a0000, 0x37ec0000, 0x38040000)
  eden space 58240K, 99% used [0x2d5a0000,0x30e75430,0x30e80000)
  from space 56704K, 0% used [0x34760000,0x34760000,0x37ec0000)
  to   space 57472K, 0% used [0x30e80000,0x30e80000,0x346a0000)
 PSOldGen        total 349568K, used 349567K [0x18040000, 0x2d5a0000, 0x2d5a0000)
  object space 349568K, 99% used [0x18040000,0x2d59ffe0,0x2d5a0000)
 PSPermGen       total 65536K, used 61161K [0x10040000, 0x14040000, 0x18040000)
  object space 65536K, 93% used [0x10040000,0x13bfa730,0x14040000)
}
Total time for which application threads were stopped: 1.9763336 seconds
Application time: 0.0003947 seconds
{Heap before GC invocations=281 (full 153):
 PSYoungGen      total 114944K, used 58240K [0x2d5a0000, 0x37ec0000, 0x38040000)
  eden space 58240K, 100% used [0x2d5a0000,0x30e80000,0x30e80000)
  from space 56704K, 0% used [0x34760000,0x34760000,0x37ec0000)
  to   space 57472K, 0% used [0x30e80000,0x30e80000,0x346a0000)
 PSOldGen        total 349568K, used 349567K [0x18040000, 0x2d5a0000, 0x2d5a0000)
  object space 349568K, 99% used [0x18040000,0x2d59ffe0,0x2d5a0000)
 PSPermGen       total 65536K, used 61161K [0x10040000, 0x14040000, 0x18040000)
  object space 65536K, 93% used [0x10040000,0x13bfa730,0x14040000)
826.552: [Full GC [PSYoungGen: 58240K->58240K(114944K)] [PSOldGen: 349567K->349567K(349568K)] 407807K->407807K(464512K) [PSPermGen: 61161K->61161K(65536K)], 2.0085832 secs] [Times: user=2.02 sys=0.00, real=2.02 secs] 
Heap after GC invocations=281 (full 153):
 PSYoungGen      total 114944K, used 58240K [0x2d5a0000, 0x37ec0000, 0x38040000)
  eden space 58240K, 100% used [0x2d5a0000,0x30e80000,0x30e80000)
  from space 56704K, 0% used [0x34760000,0x34760000,0x37ec0000)
  to   space 57472K, 0% used [0x30e80000,0x30e80000,0x346a0000)
 PSOldGen        total 349568K, used 349567K [0x18040000, 0x2d5a0000, 0x2d5a0000)
  object space 349568K, 99% used [0x18040000,0x2d59ffe0,0x2d5a0000)
 PSPermGen       total 65536K, used 61161K [0x10040000, 0x14040000, 0x18040000)
  object space 65536K, 93% used [0x10040000,0x13bfa730,0x14040000)
}
{Heap before GC invocations=282 (full 154):
 PSYoungGen      total 114944K, used 58240K [0x2d5a0000, 0x37ec0000, 0x38040000)
  eden space 58240K, 100% used [0x2d5a0000,0x30e80000,0x30e80000)
  from space 56704K, 0% used [0x34760000,0x34760000,0x37ec0000)
  to   space 57472K, 0% used [0x30e80000,0x30e80000,0x346a0000)
 PSOldGen        total 349568K, used 349567K [0x18040000, 0x2d5a0000, 0x2d5a0000)
  object space 349568K, 99% used [0x18040000,0x2d59ffe0,0x2d5a0000)
 PSPermGen       total 65536K, used 61161K [0x10040000, 0x14040000, 0x18040000)
  object space 65536K, 93% used [0x10040000,0x13bfa730,0x14040000)
828.561: [Full GC [PSYoungGen: 58240K->58201K(114944K)] [PSOldGen: 349567K->349567K(349568K)] 407807K->407769K(464512K) [PSPermGen: 61161K->61161K(65536K)], 1.9488245 secs] [Times: user=1.94 sys=0.00, real=1.94 secs] 
Heap after GC invocations=282 (full 154):
 PSYoungGen      total 114944K, used 58201K [0x2d5a0000, 0x37ec0000, 0x38040000)
  eden space 58240K, 99% used [0x2d5a0000,0x30e76650,0x30e80000)
  from space 56704K, 0% used [0x34760000,0x34760000,0x37ec0000)
  to   space 57472K, 0% used [0x30e80000,0x30e80000,0x346a0000)
 PSOldGen        total 349568K, used 349567K [0x18040000, 0x2d5a0000, 0x2d5a0000)
  object space 349568K, 99% used [0x18040000,0x2d59ffb0,0x2d5a0000)
 PSPermGen       total 65536K, used 61161K [0x10040000, 0x14040000, 0x18040000)
  object space 65536K, 93% used [0x10040000,0x13bfa730,0x14040000)
}
Total time for which application threads were stopped: 3.9589875 seconds
Application time: 0.0003730 seconds
{Heap before GC invocations=283 (full 155):
 PSYoungGen      total 114944K, used 58240K [0x2d5a0000, 0x37ec0000, 0x38040000)
  eden space 58240K, 100% used [0x2d5a0000,0x30e80000,0x30e80000)
  from space 56704K, 0% used [0x34760000,0x34760000,0x37ec0000)
  to   space 57472K, 0% used [0x30e80000,0x30e80000,0x346a0000)
 PSOldGen        total 349568K, used 349567K [0x18040000, 0x2d5a0000, 0x2d5a0000)
  object space 349568K, 99% used [0x18040000,0x2d59ffb0,0x2d5a0000)
 PSPermGen       total 65536K, used 61161K [0x10040000, 0x14040000, 0x18040000)
  object space 65536K, 93% used [0x10040000,0x13bfa730,0x14040000)
830.511: [Full GC [PSYoungGen: 58240K->58240K(114944K)] [PSOldGen: 349567K->349567K(349568K)] 407807K->407807K(464512K) [PSPermGen: 61161K->61161K(65536K)], 2.1493123 secs] [Times: user=2.11 sys=0.00, real=2.14 secs] 
Heap after GC invocations=283 (full 155):
 PSYoungGen      total 114944K, used 58240K [0x2d5a0000, 0x37ec0000, 0x38040000)
  eden space 58240K, 100% used [0x2d5a0000,0x30e80000,0x30e80000)
  from space 56704K, 0% used [0x34760000,0x34760000,0x37ec0000)
  to   space 57472K, 0% used [0x30e80000,0x30e80000,0x346a0000)
 PSOldGen        total 349568K, used 349567K [0x18040000, 0x2d5a0000, 0x2d5a0000)
  object space 349568K, 99% used [0x18040000,0x2d59ffb0,0x2d5a0000)
 PSPermGen       total 65536K, used 61161K [0x10040000, 0x14040000, 0x18040000)
  object space 65536K, 93% used [0x10040000,0x13bfa730,0x14040000)
}
Total time for which application threads were stopped: 2.1506314 seconds
Application time: 0.0000397 seconds
{Heap before GC invocations=284 (full 156):
 PSYoungGen      total 114944K, used 58240K [0x2d5a0000, 0x37ec0000, 0x38040000)
  eden space 58240K, 100% used [0x2d5a0000,0x30e80000,0x30e80000)
  from space 56704K, 0% used [0x34760000,0x34760000,0x37ec0000)
  to   space 57472K, 0% used [0x30e80000,0x30e80000,0x346a0000)
 PSOldGen        total 349568K, used 349567K [0x18040000, 0x2d5a0000, 0x2d5a0000)
  object space 349568K, 99% used [0x18040000,0x2d59ffc8,0x2d5a0000)
 PSPermGen       total 65536K, used 61161K [0x10040000, 0x14040000, 0x18040000)
  object space 65536K, 93% used [0x10040000,0x13bfa730,0x14040000)
832.662: [Full GC [PSYoungGen: 58240K->58204K(114944K)] [PSOldGen: 349567K->349567K(349568K)] 407807K->407772K(464512K) [PSPermGen: 61161K->61161K(65536K)], 1.9586749 secs] [Times: user=1.95 sys=0.00, real=1.97 secs] 
Heap after GC invocations=284 (full 156):
 PSYoungGen      total 114944K, used 58204K [0x2d5a0000, 0x37ec0000, 0x38040000)
  eden space 58240K, 99% used [0x2d5a0000,0x30e77228,0x30e80000)
  from space 56704K, 0% used [0x34760000,0x34760000,0x37ec0000)
  to   space 57472K, 0% used [0x30e80000,0x30e80000,0x346a0000)
 PSOldGen        total 349568K, used 349567K [0x18040000, 0x2d5a0000, 0x2d5a0000)
  object space 349568K, 99% used [0x18040000,0x2d59ffc8,0x2d5a0000)
 PSPermGen       total 65536K, used 61161K [0x10040000, 0x14040000, 0x18040000)
  object space 65536K, 93% used [0x10040000,0x13bfa730,0x14040000)
}
Total time for which application threads were stopped: 1.9598787 seconds
Application time: 0.0002525 seconds
{Heap before GC invocations=285 (full 157):
 PSYoungGen      total 114944K, used 58240K [0x2d5a0000, 0x37ec0000, 0x38040000)
  eden space 58240K, 100% used [0x2d5a0000,0x30e80000,0x30e80000)
  from space 56704K, 0% used [0x34760000,0x34760000,0x37ec0000)
  to   space 57472K, 0% used [0x30e80000,0x30e80000,0x346a0000)
 PSOldGen        total 349568K, used 349567K [0x18040000, 0x2d5a0000, 0x2d5a0000)
  object space 349568K, 99% used [0x18040000,0x2d59ffc8,0x2d5a0000)
 PSPermGen       total 65536K, used 61161K [0x10040000, 0x14040000, 0x18040000)
  object space 65536K, 93% used [0x10040000,0x13bfa730,0x14040000)
834.622: [Full GC [PSYoungGen: 58240K->58240K(114944K)] [PSOldGen: 349567K->349567K(349568K)] 407807K->407807K(464512K) [PSPermGen: 61161K->61161K(65536K)], 1.9942697 secs] [Times: user=1.97 sys=0.00, real=1.98 secs] 
Heap after GC invocations=285 (full 157):
 PSYoungGen      total 114944K, used 58240K [0x2d5a0000, 0x37ec0000, 0x38040000)
  eden space 58240K, 100% used [0x2d5a0000,0x30e80000,0x30e80000)
  from space 56704K, 0% used [0x34760000,0x34760000,0x37ec0000)
  to   space 57472K, 0% used [0x30e80000,0x30e80000,0x346a0000)
 PSOldGen        total 349568K, used 349567K [0x18040000, 0x2d5a0000, 0x2d5a0000)
  object space 349568K, 99% used [0x18040000,0x2d59ffc8,0x2d5a0000)
 PSPermGen       total 65536K, used 61161K [0x10040000, 0x14040000, 0x18040000)
  object space 65536K, 93% used [0x10040000,0x13bfa730,0x14040000)
}
{Heap before GC invocations=286 (full 158):
 PSYoungGen      total 114944K, used 58240K [0x2d5a0000, 0x37ec0000, 0x38040000)
  eden space 58240K, 100% used [0x2d5a0000,0x30e80000,0x30e80000)
  from space 56704K, 0% used [0x34760000,0x34760000,0x37ec0000)
  to   space 57472K, 0% used [0x30e80000,0x30e80000,0x346a0000)
 PSOldGen        total 349568K, used 349567K [0x18040000, 0x2d5a0000, 0x2d5a0000)
  object space 349568K, 99% used [0x18040000,0x2d59ffc8,0x2d5a0000)
 PSPermGen       total 65536K, used 61161K [0x10040000, 0x14040000, 0x18040000)
  object space 65536K, 93% used [0x10040000,0x13bfa730,0x14040000)
836.616: [Full GC [PSYoungGen: 58240K->58206K(114944K)] [PSOldGen: 349567K->349567K(349568K)] 407807K->407774K(464512K) [PSPermGen: 61161K->61161K(65536K)], 1.9539279 secs] [Times: user=1.95 sys=0.00, real=1.95 secs] 
Heap after GC invocations=286 (full 158):
 PSYoungGen      total 114944K, used 58206K [0x2d5a0000, 0x37ec0000, 0x38040000)
  eden space 58240K, 99% used [0x2d5a0000,0x30e779d0,0x30e80000)
  from space 56704K, 0% used [0x34760000,0x34760000,0x37ec0000)
  to   space 57472K, 0% used [0x30e80000,0x30e80000,0x346a0000)
 PSOldGen        total 349568K, used 349567K [0x18040000, 0x2d5a0000, 0x2d5a0000)
  object space 349568K, 99% used [0x18040000,0x2d59ffb0,0x2d5a0000)
 PSPermGen       total 65536K, used 61161K [0x10040000, 0x14040000, 0x18040000)
  object space 65536K, 93% used [0x10040000,0x13bfa730,0x14040000)
}
Total time for which application threads were stopped: 3.9496154 seconds
Application time: 0.0003489 seconds
{Heap before GC invocations=287 (full 159):
 PSYoungGen      total 114944K, used 58240K [0x2d5a0000, 0x37ec0000, 0x38040000)
  eden space 58240K, 100% used [0x2d5a0000,0x30e80000,0x30e80000)
  from space 56704K, 0% used [0x34760000,0x34760000,0x37ec0000)
  to   space 57472K, 0% used [0x30e80000,0x30e80000,0x346a0000)
 PSOldGen        total 349568K, used 349567K [0x18040000, 0x2d5a0000, 0x2d5a0000)
  object space 349568K, 99% used [0x18040000,0x2d59ffb0,0x2d5a0000)
 PSPermGen       total 65536K, used 61161K [0x10040000, 0x14040000, 0x18040000)
  object space 65536K, 93% used [0x10040000,0x13bfa730,0x14040000)
838.572: [Full GC [PSYoungGen: 58240K->58240K(114944K)] [PSOldGen: 349567K->349567K(349568K)] 407807K->407807K(464512K) [PSPermGen: 61161K->61161K(65536K)], 1.9928379 secs] [Times: user=1.98 sys=0.00, real=2.00 secs] 
Heap after GC invocations=287 (full 159):
 PSYoungGen      total 114944K, used 58240K [0x2d5a0000, 0x37ec0000, 0x38040000)
  eden space 58240K, 100% used [0x2d5a0000,0x30e80000,0x30e80000)
  from space 56704K, 0% used [0x34760000,0x34760000,0x37ec0000)
  to   space 57472K, 0% used [0x30e80000,0x30e80000,0x346a0000)
 PSOldGen        total 349568K, used 349567K [0x18040000, 0x2d5a0000, 0x2d5a0000)
  object space 349568K, 99% used [0x18040000,0x2d59ffb0,0x2d5a0000)
 PSPermGen       total 65536K, used 61161K [0x10040000, 0x14040000, 0x18040000)
  object space 65536K, 93% used [0x10040000,0x13bfa730,0x14040000)
}
{Heap before GC invocations=288 (full 160):
 PSYoungGen      total 114944K, used 58240K [0x2d5a0000, 0x37ec0000, 0x38040000)
  eden space 58240K, 100% used [0x2d5a0000,0x30e80000,0x30e80000)
  from space 56704K, 0% used [0x34760000,0x34760000,0x37ec0000)
  to   space 57472K, 0% used [0x30e80000,0x30e80000,0x346a0000)
 PSOldGen        total 349568K, used 349567K [0x18040000, 0x2d5a0000, 0x2d5a0000)
  object space 349568K, 99% used [0x18040000,0x2d59ffb0,0x2d5a0000)
 PSPermGen       total 65536K, used 61161K [0x10040000, 0x14040000, 0x18040000)
  object space 65536K, 93% used [0x10040000,0x13bfa730,0x14040000)
840.565: [Full GC [PSYoungGen: 58240K->58212K(114944K)] [PSOldGen: 349567K->349567K(349568K)] 407807K->407780K(464512K) [PSPermGen: 61161K->61161K(65536K)], 2.0451652 secs] [Times: user=2.03 sys=0.02, real=2.05 secs] 
Heap after GC invocations=288 (full 160):
 PSYoungGen      total 114944K, used 58212K [0x2d5a0000, 0x37ec0000, 0x38040000)
  eden space 58240K, 99% used [0x2d5a0000,0x30e79250,0x30e80000)
  from space 56704K, 0% used [0x34760000,0x34760000,0x37ec0000)
  to   space 57472K, 0% used [0x30e80000,0x30e80000,0x346a0000)
 PSOldGen        total 349568K, used 349567K [0x18040000, 0x2d5a0000, 0x2d5a0000)
  object space 349568K, 99% used [0x18040000,0x2d59ffb0,0x2d5a0000)
 PSPermGen       total 65536K, used 61161K [0x10040000, 0x14040000, 0x18040000)
  object space 65536K, 93% used [0x10040000,0x13bfa730,0x14040000)
}
Total time for which application threads were stopped: 4.0395475 seconds
Application time: 0.0016865 seconds
{Heap before GC invocations=289 (full 161):
 PSYoungGen      total 114944K, used 58240K [0x2d5a0000, 0x37ec0000, 0x38040000)
  eden space 58240K, 100% used [0x2d5a0000,0x30e80000,0x30e80000)
  from space 56704K, 0% used [0x34760000,0x34760000,0x37ec0000)
  to   space 57472K, 0% used [0x30e80000,0x30e80000,0x346a0000)
 PSOldGen        total 349568K, used 349567K [0x18040000, 0x2d5a0000, 0x2d5a0000)
  object space 349568K, 99% used [0x18040000,0x2d59ffb0,0x2d5a0000)
 PSPermGen       total 65536K, used 61161K [0x10040000, 0x14040000, 0x18040000)
  object space 65536K, 93% used [0x10040000,0x13bfa730,0x14040000)
842.613: [Full GC [PSYoungGen: 58240K->58240K(114944K)] [PSOldGen: 349567K->349567K(349568K)] 407807K->407807K(464512K) [PSPermGen: 61161K->61161K(65536K)], 2.0200498 secs] [Times: user=2.00 sys=0.00, real=2.02 secs] 
Heap after GC invocations=289 (full 161):
 PSYoungGen      total 114944K, used 58240K [0x2d5a0000, 0x37ec0000, 0x38040000)
  eden space 58240K, 100% used [0x2d5a0000,0x30e80000,0x30e80000)
  from space 56704K, 0% used [0x34760000,0x34760000,0x37ec0000)
  to   space 57472K, 0% used [0x30e80000,0x30e80000,0x346a0000)
 PSOldGen        total 349568K, used 349567K [0x18040000, 0x2d5a0000, 0x2d5a0000)
  object space 349568K, 99% used [0x18040000,0x2d59ffb0,0x2d5a0000)
 PSPermGen       total 65536K, used 61161K [0x10040000, 0x14040000, 0x18040000)
  object space 65536K, 93% used [0x10040000,0x13bfa730,0x14040000)
}
{Heap before GC invocations=290 (full 162):
 PSYoungGen      total 114944K, used 58240K [0x2d5a0000, 0x37ec0000, 0x38040000)
  eden space 58240K, 100% used [0x2d5a0000,0x30e80000,0x30e80000)
  from space 56704K, 0% used [0x34760000,0x34760000,0x37ec0000)
  to   space 57472K, 0% used [0x30e80000,0x30e80000,0x346a0000)
 PSOldGen        total 349568K, used 349567K [0x18040000, 0x2d5a0000, 0x2d5a0000)
  object space 349568K, 99% used [0x18040000,0x2d59ffb0,0x2d5a0000)
 PSPermGen       total 65536K, used 61161K [0x10040000, 0x14040000, 0x18040000)
  object space 65536K, 93% used [0x10040000,0x13bfa730,0x14040000)
844.633: [Full GC [PSYoungGen: 58240K->58179K(114944K)] [PSOldGen: 349567K->349567K(349568K)] 407807K->407747K(464512K) [PSPermGen: 61161K->61161K(65536K)], 2.0175363 secs] [Times: user=2.01 sys=0.00, real=2.02 secs] 
Heap after GC invocations=290 (full 162):
 PSYoungGen      total 114944K, used 58179K [0x2d5a0000, 0x37ec0000, 0x38040000)
  eden space 58240K, 99% used [0x2d5a0000,0x30e70ea8,0x30e80000)
  from space 56704K, 0% used [0x34760000,0x34760000,0x37ec0000)
  to   space 57472K, 0% used [0x30e80000,0x30e80000,0x346a0000)
 PSOldGen        total 349568K, used 349567K [0x18040000, 0x2d5a0000, 0x2d5a0000)
  object space 349568K, 99% used [0x18040000,0x2d59ffb0,0x2d5a0000)
 PSPermGen       total 65536K, used 61161K [0x10040000, 0x14040000, 0x18040000)
  object space 65536K, 93% used [0x10040000,0x13bfa730,0x14040000)
}
Total time for which application threads were stopped: 4.0389276 seconds
Application time: 0.0005914 seconds
{Heap before GC invocations=291 (full 163):
 PSYoungGen      total 114944K, used 58240K [0x2d5a0000, 0x37ec0000, 0x38040000)
  eden space 58240K, 100% used [0x2d5a0000,0x30e80000,0x30e80000)
  from space 56704K, 0% used [0x34760000,0x34760000,0x37ec0000)
  to   space 57472K, 0% used [0x30e80000,0x30e80000,0x346a0000)
 PSOldGen        total 349568K, used 349567K [0x18040000, 0x2d5a0000, 0x2d5a0000)
  object space 349568K, 99% used [0x18040000,0x2d59ffb0,0x2d5a0000)
 PSPermGen       total 65536K, used 61161K [0x10040000, 0x14040000, 0x18040000)
  object space 65536K, 93% used [0x10040000,0x13bfa730,0x14040000)
846.653: [Full GC [PSYoungGen: 58240K->58240K(114944K)] [PSOldGen: 349567K->349567K(349568K)] 407807K->407807K(464512K) [PSPermGen: 61161K->61161K(65536K)], 2.0167840 secs] [Times: user=2.00 sys=0.00, real=2.02 secs] 
Heap after GC invocations=291 (full 163):
 PSYoungGen      total 114944K, used 58240K [0x2d5a0000, 0x37ec0000, 0x38040000)
  eden space 58240K, 100% used [0x2d5a0000,0x30e80000,0x30e80000)
  from space 56704K, 0% used [0x34760000,0x34760000,0x37ec0000)
  to   space 57472K, 0% used [0x30e80000,0x30e80000,0x346a0000)
 PSOldGen        total 349568K, used 349567K [0x18040000, 0x2d5a0000, 0x2d5a0000)
  object space 349568K, 99% used [0x18040000,0x2d59ffb0,0x2d5a0000)
 PSPermGen       total 65536K, used 61161K [0x10040000, 0x14040000, 0x18040000)
  object space 65536K, 93% used [0x10040000,0x13bfa730,0x14040000)
}
Total time for which application threads were stopped: 2.0180112 seconds
Application time: 0.0000380 seconds
{Heap before GC invocations=292 (full 164):
 PSYoungGen      total 114944K, used 58240K [0x2d5a0000, 0x37ec0000, 0x38040000)
  eden space 58240K, 100% used [0x2d5a0000,0x30e80000,0x30e80000)
  from space 56704K, 0% used [0x34760000,0x34760000,0x37ec0000)
  to   space 57472K, 0% used [0x30e80000,0x30e80000,0x346a0000)
 PSOldGen        total 349568K, used 349567K [0x18040000, 0x2d5a0000, 0x2d5a0000)
  object space 349568K, 99% used [0x18040000,0x2d59fff0,0x2d5a0000)
 PSPermGen       total 65536K, used 61161K [0x10040000, 0x14040000, 0x18040000)
  object space 65536K, 93% used [0x10040000,0x13bfa730,0x14040000)
848.671: [Full GC [PSYoungGen: 58240K->58194K(114944K)] [PSOldGen: 349567K->349567K(349568K)] 407807K->407762K(464512K) [PSPermGen: 61161K->61161K(65536K)], 2.0474806 secs] [Times: user=2.05 sys=0.00, real=2.05 secs] 
Heap after GC invocations=292 (full 164):
 PSYoungGen      total 114944K, used 58194K [0x2d5a0000, 0x37ec0000, 0x38040000)
  eden space 58240K, 99% used [0x2d5a0000,0x30e74b80,0x30e80000)
  from space 56704K, 0% used [0x34760000,0x34760000,0x37ec0000)
  to   space 57472K, 0% used [0x30e80000,0x30e80000,0x346a0000)
 PSOldGen        total 349568K, used 349567K [0x18040000, 0x2d5a0000, 0x2d5a0000)
  object space 349568K, 99% used [0x18040000,0x2d59fff0,0x2d5a0000)
 PSPermGen       total 65536K, used 61161K [0x10040000, 0x14040000, 0x18040000)
  object space 65536K, 93% used [0x10040000,0x13bfa730,0x14040000)
}
Total time for which application threads were stopped: 2.0488570 seconds
Application time: 0.0008523 seconds
{Heap before GC invocations=293 (full 165):
 PSYoungGen      total 114944K, used 58240K [0x2d5a0000, 0x37ec0000, 0x38040000)
  eden space 58240K, 100% used [0x2d5a0000,0x30e80000,0x30e80000)
  from space 56704K, 0% used [0x34760000,0x34760000,0x37ec0000)
  to   space 57472K, 0% used [0x30e80000,0x30e80000,0x346a0000)
 PSOldGen        total 349568K, used 349567K [0x18040000, 0x2d5a0000, 0x2d5a0000)
  object space 349568K, 99% used [0x18040000,0x2d59fff0,0x2d5a0000)
 PSPermGen       total 65536K, used 61161K [0x10040000, 0x14040000, 0x18040000)
  object space 65536K, 93% used [0x10040000,0x13bfa730,0x14040000)
850.720: [Full GC [PSYoungGen: 58240K->58240K(114944K)] [PSOldGen: 349567K->349567K(349568K)] 407807K->407807K(464512K) [PSPermGen: 61161K->61161K(65536K)], 2.0372698 secs] [Times: user=2.01 sys=0.02, real=2.03 secs] 
Heap after GC invocations=293 (full 165):
 PSYoungGen      total 114944K, used 58240K [0x2d5a0000, 0x37ec0000, 0x38040000)
  eden space 58240K, 100% used [0x2d5a0000,0x30e80000,0x30e80000)
  from space 56704K, 0% used [0x34760000,0x34760000,0x37ec0000)
  to   space 57472K, 0% used [0x30e80000,0x30e80000,0x346a0000)
 PSOldGen        total 349568K, used 349567K [0x18040000, 0x2d5a0000, 0x2d5a0000)
  object space 349568K, 99% used [0x18040000,0x2d59fff0,0x2d5a0000)
 PSPermGen       total 65536K, used 61161K [0x10040000, 0x14040000, 0x18040000)
  object space 65536K, 93% used [0x10040000,0x13bfa730,0x14040000)
}
{Heap before GC invocations=294 (full 166):
 PSYoungGen      total 114944K, used 58240K [0x2d5a0000, 0x37ec0000, 0x38040000)
  eden space 58240K, 100% used [0x2d5a0000,0x30e80000,0x30e80000)
  from space 56704K, 0% used [0x34760000,0x34760000,0x37ec0000)
  to   space 57472K, 0% used [0x30e80000,0x30e80000,0x346a0000)
 PSOldGen        total 349568K, used 349567K [0x18040000, 0x2d5a0000, 0x2d5a0000)
  object space 349568K, 99% used [0x18040000,0x2d59fff0,0x2d5a0000)
 PSPermGen       total 65536K, used 61161K [0x10040000, 0x14040000, 0x18040000)
  object space 65536K, 93% used [0x10040000,0x13bfa730,0x14040000)
852.758: [Full GC [PSYoungGen: 58240K->58201K(114944K)] [PSOldGen: 349567K->349567K(349568K)] 407807K->407769K(464512K) [PSPermGen: 61161K->61161K(65536K)], 2.0358504 secs] [Times: user=2.00 sys=0.00, real=2.05 secs] 
Heap after GC invocations=294 (full 166):
 PSYoungGen      total 114944K, used 58201K [0x2d5a0000, 0x37ec0000, 0x38040000)
  eden space 58240K, 99% used [0x2d5a0000,0x30e76630,0x30e80000)
  from space 56704K, 0% used [0x34760000,0x34760000,0x37ec0000)
  to   space 57472K, 0% used [0x30e80000,0x30e80000,0x346a0000)
 PSOldGen        total 349568K, used 349567K [0x18040000, 0x2d5a0000, 0x2d5a0000)
  object space 349568K, 99% used [0x18040000,0x2d59ffb0,0x2d5a0000)
 PSPermGen       total 65536K, used 61161K [0x10040000, 0x14040000, 0x18040000)
  object space 65536K, 93% used [0x10040000,0x13bfa730,0x14040000)
}
Total time for which application threads were stopped: 4.0746366 seconds
Application time: 0.0081815 seconds
{Heap before GC invocations=295 (full 167):
 PSYoungGen      total 114944K, used 58240K [0x2d5a0000, 0x37ec0000, 0x38040000)
  eden space 58240K, 100% used [0x2d5a0000,0x30e80000,0x30e80000)
  from space 56704K, 0% used [0x34760000,0x34760000,0x37ec0000)
  to   space 57472K, 0% used [0x30e80000,0x30e80000,0x346a0000)
 PSOldGen        total 349568K, used 349567K [0x18040000, 0x2d5a0000, 0x2d5a0000)
  object space 349568K, 99% used [0x18040000,0x2d59ffb0,0x2d5a0000)
 PSPermGen       total 65536K, used 61161K [0x10040000, 0x14040000, 0x18040000)
  object space 65536K, 93% used [0x10040000,0x13bfa730,0x14040000)
854.803: [Full GC [PSYoungGen: 58240K->58240K(114944K)] [PSOldGen: 349567K->349567K(349568K)] 407807K->407807K(464512K) [PSPermGen: 61161K->61161K(65536K)], 2.0298521 secs] [Times: user=2.03 sys=0.00, real=2.03 secs] 
Heap after GC invocations=295 (full 167):
 PSYoungGen      total 114944K, used 58240K [0x2d5a0000, 0x37ec0000, 0x38040000)
  eden space 58240K, 100% used [0x2d5a0000,0x30e80000,0x30e80000)
  from space 56704K, 0% used [0x34760000,0x34760000,0x37ec0000)
  to   space 57472K, 0% used [0x30e80000,0x30e80000,0x346a0000)
 PSOldGen        total 349568K, used 349567K [0x18040000, 0x2d5a0000, 0x2d5a0000)
  object space 349568K, 99% used [0x18040000,0x2d59ffb0,0x2d5a0000)
 PSPermGen       total 65536K, used 61161K [0x10040000, 0x14040000, 0x18040000)
  object space 65536K, 93% used [0x10040000,0x13bfa730,0x14040000)
}
Total time for which application threads were stopped: 2.0312495 seconds
Application time: 0.0000472 seconds
{Heap before GC invocations=296 (full 168):
 PSYoungGen      total 114944K, used 58240K [0x2d5a0000, 0x37ec0000, 0x38040000)
  eden space 58240K, 100% used [0x2d5a0000,0x30e80000,0x30e80000)
  from space 56704K, 0% used [0x34760000,0x34760000,0x37ec0000)
  to   space 57472K, 0% used [0x30e80000,0x30e80000,0x346a0000)
 PSOldGen        total 349568K, used 349567K [0x18040000, 0x2d5a0000, 0x2d5a0000)
  object space 349568K, 99% used [0x18040000,0x2d59ffc8,0x2d5a0000)
 PSPermGen       total 65536K, used 61161K [0x10040000, 0x14040000, 0x18040000)
  object space 65536K, 93% used [0x10040000,0x13bfa730,0x14040000)
856.835: [Full GC [PSYoungGen: 58240K->58201K(114944K)] [PSOldGen: 349567K->349567K(349568K)] 407807K->407769K(464512K) [PSPermGen: 61161K->61161K(65536K)], 1.9814627 secs] [Times: user=1.98 sys=0.00, real=1.98 secs] 
Heap after GC invocations=296 (full 168):
 PSYoungGen      total 114944K, used 58201K [0x2d5a0000, 0x37ec0000, 0x38040000)
  eden space 58240K, 99% used [0x2d5a0000,0x30e766d0,0x30e80000)
  from space 56704K, 0% used [0x34760000,0x34760000,0x37ec0000)
  to   space 57472K, 0% used [0x30e80000,0x30e80000,0x346a0000)
 PSOldGen        total 349568K, used 349567K [0x18040000, 0x2d5a0000, 0x2d5a0000)
  object space 349568K, 99% used [0x18040000,0x2d59ffc8,0x2d5a0000)
 PSPermGen       total 65536K, used 61161K [0x10040000, 0x14040000, 0x18040000)
  object space 65536K, 93% used [0x10040000,0x13bfa730,0x14040000)
}
Total time for which application threads were stopped: 1.9827090 seconds
Application time: 0.0000478 seconds
{Heap before GC invocations=297 (full 169):
 PSYoungGen      total 114944K, used 58240K [0x2d5a0000, 0x37ec0000, 0x38040000)
  eden space 58240K, 100% used [0x2d5a0000,0x30e80000,0x30e80000)
  from space 56704K, 0% used [0x34760000,0x34760000,0x37ec0000)
  to   space 57472K, 0% used [0x30e80000,0x30e80000,0x346a0000)
 PSOldGen        total 349568K, used 349567K [0x18040000, 0x2d5a0000, 0x2d5a0000)
  object space 349568K, 99% used [0x18040000,0x2d59ffc8,0x2d5a0000)
 PSPermGen       total 65536K, used 61161K [0x10040000, 0x14040000, 0x18040000)
  object space 65536K, 93% used [0x10040000,0x13bfa730,0x14040000)
858.817: [Full GC [PSYoungGen: 58240K->58240K(114944K)] [PSOldGen: 349567K->349567K(349568K)] 407807K->407807K(464512K) [PSPermGen: 61161K->61161K(65536K)], 2.0207817 secs] [Times: user=2.02 sys=0.00, real=2.02 secs] 
Heap after GC invocations=297 (full 169):
 PSYoungGen      total 114944K, used 58240K [0x2d5a0000, 0x37ec0000, 0x38040000)
  eden space 58240K, 100% used [0x2d5a0000,0x30e80000,0x30e80000)
  from space 56704K, 0% used [0x34760000,0x34760000,0x37ec0000)
  to   space 57472K, 0% used [0x30e80000,0x30e80000,0x346a0000)
 PSOldGen        total 349568K, used 349567K [0x18040000, 0x2d5a0000, 0x2d5a0000)
  object space 349568K, 99% used [0x18040000,0x2d59ffc8,0x2d5a0000)
 PSPermGen       total 65536K, used 61161K [0x10040000, 0x14040000, 0x18040000)
  object space 65536K, 93% used [0x10040000,0x13bfa730,0x14040000)
}
{Heap before GC invocations=298 (full 170):
 PSYoungGen      total 114944K, used 58240K [0x2d5a0000, 0x37ec0000, 0x38040000)
  eden space 58240K, 100% used [0x2d5a0000,0x30e80000,0x30e80000)
  from space 56704K, 0% used [0x34760000,0x34760000,0x37ec0000)
  to   space 57472K, 0% used [0x30e80000,0x30e80000,0x346a0000)
 PSOldGen        total 349568K, used 349567K [0x18040000, 0x2d5a0000, 0x2d5a0000)
  object space 349568K, 99% used [0x18040000,0x2d59ffc8,0x2d5a0000)
 PSPermGen       total 65536K, used 61161K [0x10040000, 0x14040000, 0x18040000)
  object space 65536K, 93% used [0x10040000,0x13bfa730,0x14040000)
860.838: [Full GC [PSYoungGen: 58240K->58201K(114944K)] [PSOldGen: 349567K->349567K(349568K)] 407807K->407769K(464512K) [PSPermGen: 61161K->61161K(65536K)], 1.9643770 secs] [Times: user=1.94 sys=0.00, real=1.97 secs] 
Heap after GC invocations=298 (full 170):
 PSYoungGen      total 114944K, used 58201K [0x2d5a0000, 0x37ec0000, 0x38040000)
  eden space 58240K, 99% used [0x2d5a0000,0x30e767b0,0x30e80000)
  from space 56704K, 0% used [0x34760000,0x34760000,0x37ec0000)
  to   space 57472K, 0% used [0x30e80000,0x30e80000,0x346a0000)
 PSOldGen        total 349568K, used 349567K [0x18040000, 0x2d5a0000, 0x2d5a0000)
  object space 349568K, 99% used [0x18040000,0x2d59ffc8,0x2d5a0000)
 PSPermGen       total 65536K, used 61161K [0x10040000, 0x14040000, 0x18040000)
  object space 65536K, 93% used [0x10040000,0x13bfa730,0x14040000)
}
Total time for which application threads were stopped: 3.9866679 seconds
Application time: 0.0002419 seconds
{Heap before GC invocations=299 (full 171):
 PSYoungGen      total 114944K, used 58240K [0x2d5a0000, 0x37ec0000, 0x38040000)
  eden space 58240K, 100% used [0x2d5a0000,0x30e80000,0x30e80000)
  from space 56704K, 0% used [0x34760000,0x34760000,0x37ec0000)
  to   space 57472K, 0% used [0x30e80000,0x30e80000,0x346a0000)
 PSOldGen        total 349568K, used 349567K [0x18040000, 0x2d5a0000, 0x2d5a0000)
  object space 349568K, 99% used [0x18040000,0x2d59ffc8,0x2d5a0000)
 PSPermGen       total 65536K, used 61161K [0x10040000, 0x14040000, 0x18040000)
  object space 65536K, 93% used [0x10040000,0x13bfa788,0x14040000)
862.804: [Full GC [PSYoungGen: 58240K->58240K(114944K)] [PSOldGen: 349567K->349567K(349568K)] 407807K->407807K(464512K) [PSPermGen: 61161K->61161K(65536K)], 1.9612540 secs] [Times: user=1.97 sys=0.00, real=1.97 secs] 
Heap after GC invocations=299 (full 171):
 PSYoungGen      total 114944K, used 58240K [0x2d5a0000, 0x37ec0000, 0x38040000)
  eden space 58240K, 100% used [0x2d5a0000,0x30e80000,0x30e80000)
  from space 56704K, 0% used [0x34760000,0x34760000,0x37ec0000)
  to   space 57472K, 0% used [0x30e80000,0x30e80000,0x346a0000)
 PSOldGen        total 349568K, used 349567K [0x18040000, 0x2d5a0000, 0x2d5a0000)
  object space 349568K, 99% used [0x18040000,0x2d59ffc8,0x2d5a0000)
 PSPermGen       total 65536K, used 61161K [0x10040000, 0x14040000, 0x18040000)
  object space 65536K, 93% used [0x10040000,0x13bfa788,0x14040000)
}
Total time for which application threads were stopped: 1.9625137 seconds
Application time: 0.0001911 seconds
{Heap before GC invocations=300 (full 172):
 PSYoungGen      total 114944K, used 58240K [0x2d5a0000, 0x37ec0000, 0x38040000)
  eden space 58240K, 100% used [0x2d5a0000,0x30e80000,0x30e80000)
  from space 56704K, 0% used [0x34760000,0x34760000,0x37ec0000)
  to   space 57472K, 0% used [0x30e80000,0x30e80000,0x346a0000)
 PSOldGen        total 349568K, used 349567K [0x18040000, 0x2d5a0000, 0x2d5a0000)
  object space 349568K, 99% used [0x18040000,0x2d59ffe0,0x2d5a0000)
 PSPermGen       total 65536K, used 61161K [0x10040000, 0x14040000, 0x18040000)
  object space 65536K, 93% used [0x10040000,0x13bfa788,0x14040000)
864.767: [Full GC [PSYoungGen: 58240K->58187K(114944K)] [PSOldGen: 349567K->349567K(349568K)] 407807K->407755K(464512K) [PSPermGen: 61161K->61161K(65536K)], 1.9659099 secs] [Times: user=1.92 sys=0.01, real=1.97 secs] 
Heap after GC invocations=300 (full 172):
 PSYoungGen      total 114944K, used 58187K [0x2d5a0000, 0x37ec0000, 0x38040000)
  eden space 58240K, 99% used [0x2d5a0000,0x30e72e60,0x30e80000)
  from space 56704K, 0% used [0x34760000,0x34760000,0x37ec0000)
  to   space 57472K, 0% used [0x30e80000,0x30e80000,0x346a0000)
 PSOldGen        total 349568K, used 349567K [0x18040000, 0x2d5a0000, 0x2d5a0000)
  object space 349568K, 99% used [0x18040000,0x2d59ffc8,0x2d5a0000)
 PSPermGen       total 65536K, used 61161K [0x10040000, 0x14040000, 0x18040000)
  object space 65536K, 93% used [0x10040000,0x13bfa788,0x14040000)
}
Total time for which application threads were stopped: 1.9671366 seconds
Application time: 0.0002791 seconds
{Heap before GC invocations=301 (full 173):
 PSYoungGen      total 114944K, used 58240K [0x2d5a0000, 0x37ec0000, 0x38040000)
  eden space 58240K, 100% used [0x2d5a0000,0x30e80000,0x30e80000)
  from space 56704K, 0% used [0x34760000,0x34760000,0x37ec0000)
  to   space 57472K, 0% used [0x30e80000,0x30e80000,0x346a0000)
 PSOldGen        total 349568K, used 349567K [0x18040000, 0x2d5a0000, 0x2d5a0000)
  object space 349568K, 99% used [0x18040000,0x2d59ffc8,0x2d5a0000)
 PSPermGen       total 65536K, used 61161K [0x10040000, 0x14040000, 0x18040000)
  object space 65536K, 93% used [0x10040000,0x13bfa788,0x14040000)
866.734: [Full GC [PSYoungGen: 58240K->58240K(114944K)] [PSOldGen: 349567K->349567K(349568K)] 407807K->407807K(464512K) [PSPermGen: 61161K->61161K(65536K)], 1.9591107 secs] [Times: user=1.95 sys=0.00, real=1.95 secs] 
Heap after GC invocations=301 (full 173):
 PSYoungGen      total 114944K, used 58240K [0x2d5a0000, 0x37ec0000, 0x38040000)
  eden space 58240K, 100% used [0x2d5a0000,0x30e80000,0x30e80000)
  from space 56704K, 0% used [0x34760000,0x34760000,0x37ec0000)
  to   space 57472K, 0% used [0x30e80000,0x30e80000,0x346a0000)
 PSOldGen        total 349568K, used 349567K [0x18040000, 0x2d5a0000, 0x2d5a0000)
  object space 349568K, 99% used [0x18040000,0x2d59ffc8,0x2d5a0000)
 PSPermGen       total 65536K, used 61161K [0x10040000, 0x14040000, 0x18040000)
  object space 65536K, 93% used [0x10040000,0x13bfa788,0x14040000)
}
Total time for which application threads were stopped: 1.9603427 seconds
Application time: 0.0000430 seconds
{Heap before GC invocations=302 (full 174):
 PSYoungGen      total 114944K, used 58240K [0x2d5a0000, 0x37ec0000, 0x38040000)
  eden space 58240K, 100% used [0x2d5a0000,0x30e80000,0x30e80000)
  from space 56704K, 0% used [0x34760000,0x34760000,0x37ec0000)
  to   space 57472K, 0% used [0x30e80000,0x30e80000,0x346a0000)
 PSOldGen        total 349568K, used 349567K [0x18040000, 0x2d5a0000, 0x2d5a0000)
  object space 349568K, 99% used [0x18040000,0x2d59ffe8,0x2d5a0000)
 PSPermGen       total 65536K, used 61161K [0x10040000, 0x14040000, 0x18040000)
  object space 65536K, 93% used [0x10040000,0x13bfa788,0x14040000)
868.695: [Full GC [PSYoungGen: 58240K->58240K(114944K)] [PSOldGen: 349567K->349567K(349568K)] 407807K->407807K(464512K) [PSPermGen: 61161K->61161K(65536K)], 1.9518386 secs] [Times: user=1.94 sys=0.00, real=1.95 secs] 
Heap after GC invocations=302 (full 174):
 PSYoungGen      total 114944K, used 58240K [0x2d5a0000, 0x37ec0000, 0x38040000)
  eden space 58240K, 100% used [0x2d5a0000,0x30e80000,0x30e80000)
  from space 56704K, 0% used [0x34760000,0x34760000,0x37ec0000)
  to   space 57472K, 0% used [0x30e80000,0x30e80000,0x346a0000)
 PSOldGen        total 349568K, used 349567K [0x18040000, 0x2d5a0000, 0x2d5a0000)
  object space 349568K, 99% used [0x18040000,0x2d59ffe8,0x2d5a0000)
 PSPermGen       total 65536K, used 61161K [0x10040000, 0x14040000, 0x18040000)
  object space 65536K, 93% used [0x10040000,0x13bfa788,0x14040000)
}
Total time for which application threads were stopped: 1.9530597 seconds
Application time: 0.0000592 seconds
{Heap before GC invocations=303 (full 175):
 PSYoungGen      total 114944K, used 58240K [0x2d5a0000, 0x37ec0000, 0x38040000)
  eden space 58240K, 100% used [0x2d5a0000,0x30e80000,0x30e80000)
  from space 56704K, 0% used [0x34760000,0x34760000,0x37ec0000)
  to   space 57472K, 0% used [0x30e80000,0x30e80000,0x346a0000)
 PSOldGen        total 349568K, used 349568K [0x18040000, 0x2d5a0000, 0x2d5a0000)
  object space 349568K, 100% used [0x18040000,0x2d5a0000,0x2d5a0000)
 PSPermGen       total 65536K, used 61161K [0x10040000, 0x14040000, 0x18040000)
  object space 65536K, 93% used [0x10040000,0x13bfa788,0x14040000)
870.648: [Full GC [PSYoungGen: 58240K->58240K(114944K)] [PSOldGen: 349568K->349568K(349568K)] 407808K->407808K(464512K) [PSPermGen: 61161K->61161K(65536K)], 1.9551024 secs] [Times: user=1.95 sys=0.00, real=1.95 secs] 
Heap after GC invocations=303 (full 175):
 PSYoungGen      total 114944K, used 58240K [0x2d5a0000, 0x37ec0000, 0x38040000)
  eden space 58240K, 100% used [0x2d5a0000,0x30e80000,0x30e80000)
  from space 56704K, 0% used [0x34760000,0x34760000,0x37ec0000)
  to   space 57472K, 0% used [0x30e80000,0x30e80000,0x346a0000)
 PSOldGen        total 349568K, used 349568K [0x18040000, 0x2d5a0000, 0x2d5a0000)
  object space 349568K, 100% used [0x18040000,0x2d5a0000,0x2d5a0000)
 PSPermGen       total 65536K, used 61161K [0x10040000, 0x14040000, 0x18040000)
  object space 65536K, 93% used [0x10040000,0x13bfa788,0x14040000)
}
{Heap before GC invocations=304 (full 176):
 PSYoungGen      total 114944K, used 58240K [0x2d5a0000, 0x37ec0000, 0x38040000)
  eden space 58240K, 100% used [0x2d5a0000,0x30e80000,0x30e80000)
  from space 56704K, 0% used [0x34760000,0x34760000,0x37ec0000)
  to   space 57472K, 0% used [0x30e80000,0x30e80000,0x346a0000)
 PSOldGen        total 349568K, used 349568K [0x18040000, 0x2d5a0000, 0x2d5a0000)
  object space 349568K, 100% used [0x18040000,0x2d5a0000,0x2d5a0000)
 PSPermGen       total 65536K, used 61161K [0x10040000, 0x14040000, 0x18040000)
  object space 65536K, 93% used [0x10040000,0x13bfa788,0x14040000)
872.603: [Full GC [PSYoungGen: 58240K->58189K(114944K)] [PSOldGen: 349568K->349568K(349568K)] 407808K->407757K(464512K) [PSPermGen: 61161K->61161K(65536K)], 2.0306855 secs] [Times: user=2.03 sys=0.00, real=2.03 secs] 
Heap after GC invocations=304 (full 176):
 PSYoungGen      total 114944K, used 58189K [0x2d5a0000, 0x37ec0000, 0x38040000)
  eden space 58240K, 99% used [0x2d5a0000,0x30e73598,0x30e80000)
  from space 56704K, 0% used [0x34760000,0x34760000,0x37ec0000)
  to   space 57472K, 0% used [0x30e80000,0x30e80000,0x346a0000)
 PSOldGen        total 349568K, used 349568K [0x18040000, 0x2d5a0000, 0x2d5a0000)
  object space 349568K, 100% used [0x18040000,0x2d5a0000,0x2d5a0000)
 PSPermGen       total 65536K, used 61161K [0x10040000, 0x14040000, 0x18040000)
  object space 65536K, 93% used [0x10040000,0x13bfa788,0x14040000)
}
Total time for which application threads were stopped: 3.9873414 seconds
Application time: 0.0002461 seconds
{Heap before GC invocations=305 (full 177):
 PSYoungGen      total 114944K, used 58240K [0x2d5a0000, 0x37ec0000, 0x38040000)
  eden space 58240K, 100% used [0x2d5a0000,0x30e80000,0x30e80000)
  from space 56704K, 0% used [0x34760000,0x34760000,0x37ec0000)
  to   space 57472K, 0% used [0x30e80000,0x30e80000,0x346a0000)
 PSOldGen        total 349568K, used 349568K [0x18040000, 0x2d5a0000, 0x2d5a0000)
  object space 349568K, 100% used [0x18040000,0x2d5a0000,0x2d5a0000)
 PSPermGen       total 65536K, used 61161K [0x10040000, 0x14040000, 0x18040000)
  object space 65536K, 93% used [0x10040000,0x13bfa788,0x14040000)
874.636: [Full GC [PSYoungGen: 58240K->58240K(114944K)] [PSOldGen: 349568K->349568K(349568K)] 407808K->407808K(464512K) [PSPermGen: 61161K->61161K(65536K)], 2.0030931 secs] [Times: user=2.00 sys=0.00, real=2.02 secs] 
Heap after GC invocations=305 (full 177):
 PSYoungGen      total 114944K, used 58240K [0x2d5a0000, 0x37ec0000, 0x38040000)
  eden space 58240K, 100% used [0x2d5a0000,0x30e80000,0x30e80000)
  from space 56704K, 0% used [0x34760000,0x34760000,0x37ec0000)
  to   space 57472K, 0% used [0x30e80000,0x30e80000,0x346a0000)
 PSOldGen        total 349568K, used 349568K [0x18040000, 0x2d5a0000, 0x2d5a0000)
  object space 349568K, 100% used [0x18040000,0x2d5a0000,0x2d5a0000)
 PSPermGen       total 65536K, used 61161K [0x10040000, 0x14040000, 0x18040000)
  object space 65536K, 93% used [0x10040000,0x13bfa788,0x14040000)
}
{Heap before GC invocations=306 (full 178):
 PSYoungGen      total 114944K, used 58240K [0x2d5a0000, 0x37ec0000, 0x38040000)
  eden space 58240K, 100% used [0x2d5a0000,0x30e80000,0x30e80000)
  from space 56704K, 0% used [0x34760000,0x34760000,0x37ec0000)
  to   space 57472K, 0% used [0x30e80000,0x30e80000,0x346a0000)
 PSOldGen        total 349568K, used 349568K [0x18040000, 0x2d5a0000, 0x2d5a0000)
  object space 349568K, 100% used [0x18040000,0x2d5a0000,0x2d5a0000)
 PSPermGen       total 65536K, used 61161K [0x10040000, 0x14040000, 0x18040000)
  object space 65536K, 93% used [0x10040000,0x13bfa788,0x14040000)
876.639: [Full GC [PSYoungGen: 58240K->58190K(114944K)] [PSOldGen: 349568K->349567K(349568K)] 407808K->407757K(464512K) [PSPermGen: 61161K->61161K(65536K)], 2.0107896 secs] [Times: user=1.97 sys=0.00, real=2.00 secs] 
Heap after GC invocations=306 (full 178):
 PSYoungGen      total 114944K, used 58190K [0x2d5a0000, 0x37ec0000, 0x38040000)
  eden space 58240K, 99% used [0x2d5a0000,0x30e73808,0x30e80000)
  from space 56704K, 0% used [0x34760000,0x34760000,0x37ec0000)
  to   space 57472K, 0% used [0x30e80000,0x30e80000,0x346a0000)
 PSOldGen        total 349568K, used 349567K [0x18040000, 0x2d5a0000, 0x2d5a0000)
  object space 349568K, 99% used [0x18040000,0x2d59ffe8,0x2d5a0000)
 PSPermGen       total 65536K, used 61161K [0x10040000, 0x14040000, 0x18040000)
  object space 65536K, 93% used [0x10040000,0x13bfa788,0x14040000)
}
Total time for which application threads were stopped: 4.0153802 seconds
Application time: 0.0003174 seconds
{Heap before GC invocations=307 (full 179):
 PSYoungGen      total 114944K, used 58240K [0x2d5a0000, 0x37ec0000, 0x38040000)
  eden space 58240K, 100% used [0x2d5a0000,0x30e80000,0x30e80000)
  from space 56704K, 0% used [0x34760000,0x34760000,0x37ec0000)
  to   space 57472K, 0% used [0x30e80000,0x30e80000,0x346a0000)
 PSOldGen        total 349568K, used 349567K [0x18040000, 0x2d5a0000, 0x2d5a0000)
  object space 349568K, 99% used [0x18040000,0x2d59ffe8,0x2d5a0000)
 PSPermGen       total 65536K, used 61161K [0x10040000, 0x14040000, 0x18040000)
  object space 65536K, 93% used [0x10040000,0x13bfa788,0x14040000)
878.651: [Full GC [PSYoungGen: 58240K->58240K(114944K)] [PSOldGen: 349567K->349567K(349568K)] 407807K->407807K(464512K) [PSPermGen: 61161K->61161K(65536K)], 1.9907242 secs] [Times: user=1.98 sys=0.00, real=2.00 secs] 
Heap after GC invocations=307 (full 179):
 PSYoungGen      total 114944K, used 58240K [0x2d5a0000, 0x37ec0000, 0x38040000)
  eden space 58240K, 100% used [0x2d5a0000,0x30e80000,0x30e80000)
  from space 56704K, 0% used [0x34760000,0x34760000,0x37ec0000)
  to   space 57472K, 0% used [0x30e80000,0x30e80000,0x346a0000)
 PSOldGen        total 349568K, used 349567K [0x18040000, 0x2d5a0000, 0x2d5a0000)
  object space 349568K, 99% used [0x18040000,0x2d59ffe8,0x2d5a0000)
 PSPermGen       total 65536K, used 61161K [0x10040000, 0x14040000, 0x18040000)
  object space 65536K, 93% used [0x10040000,0x13bfa788,0x14040000)
}
Total time for which application threads were stopped: 1.9919314 seconds
Application time: 0.0000366 seconds
{Heap before GC invocations=308 (full 180):
 PSYoungGen      total 114944K, used 58240K [0x2d5a0000, 0x37ec0000, 0x38040000)
  eden space 58240K, 100% used [0x2d5a0000,0x30e80000,0x30e80000)
  from space 56704K, 0% used [0x34760000,0x34760000,0x37ec0000)
  to   space 57472K, 0% used [0x30e80000,0x30e80000,0x346a0000)
 PSOldGen        total 349568K, used 349567K [0x18040000, 0x2d5a0000, 0x2d5a0000)
  object space 349568K, 99% used [0x18040000,0x2d59fff8,0x2d5a0000)
 PSPermGen       total 65536K, used 61161K [0x10040000, 0x14040000, 0x18040000)
  object space 65536K, 93% used [0x10040000,0x13bfa788,0x14040000)
880.643: [Full GC [PSYoungGen: 58240K->58193K(114944K)] [PSOldGen: 349567K->349567K(349568K)] 407807K->407761K(464512K) [PSPermGen: 61161K->61161K(65536K)], 1.9785121 secs] [Times: user=1.98 sys=0.00, real=1.99 secs] 
Heap after GC invocations=308 (full 180):
 PSYoungGen      total 114944K, used 58193K [0x2d5a0000, 0x37ec0000, 0x38040000)
  eden space 58240K, 99% used [0x2d5a0000,0x30e74718,0x30e80000)
  from space 56704K, 0% used [0x34760000,0x34760000,0x37ec0000)
  to   space 57472K, 0% used [0x30e80000,0x30e80000,0x346a0000)
 PSOldGen        total 349568K, used 349567K [0x18040000, 0x2d5a0000, 0x2d5a0000)
  object space 349568K, 99% used [0x18040000,0x2d59fff8,0x2d5a0000)
 PSPermGen       total 65536K, used 61161K [0x10040000, 0x14040000, 0x18040000)
  object space 65536K, 93% used [0x10040000,0x13bfa788,0x14040000)
}
Total time for which application threads were stopped: 1.9796846 seconds
Application time: 0.0001721 seconds
{Heap before GC invocations=309 (full 181):
 PSYoungGen      total 114944K, used 58240K [0x2d5a0000, 0x37ec0000, 0x38040000)
  eden space 58240K, 100% used [0x2d5a0000,0x30e80000,0x30e80000)
  from space 56704K, 0% used [0x34760000,0x34760000,0x37ec0000)
  to   space 57472K, 0% used [0x30e80000,0x30e80000,0x346a0000)
 PSOldGen        total 349568K, used 349567K [0x18040000, 0x2d5a0000, 0x2d5a0000)
  object space 349568K, 99% used [0x18040000,0x2d59fff8,0x2d5a0000)
 PSPermGen       total 65536K, used 61161K [0x10040000, 0x14040000, 0x18040000)
  object space 65536K, 93% used [0x10040000,0x13bfa788,0x14040000)
882.623: [Full GC [PSYoungGen: 58240K->58240K(114944K)] [PSOldGen: 349567K->349567K(349568K)] 407807K->407807K(464512K) [PSPermGen: 61161K->61161K(65536K)], 1.9576661 secs] [Times: user=1.95 sys=0.00, real=1.95 secs] 
Heap after GC invocations=309 (full 181):
 PSYoungGen      total 114944K, used 58240K [0x2d5a0000, 0x37ec0000, 0x38040000)
  eden space 58240K, 100% used [0x2d5a0000,0x30e80000,0x30e80000)
  from space 56704K, 0% used [0x34760000,0x34760000,0x37ec0000)
  to   space 57472K, 0% used [0x30e80000,0x30e80000,0x346a0000)
 PSOldGen        total 349568K, used 349567K [0x18040000, 0x2d5a0000, 0x2d5a0000)
  object space 349568K, 99% used [0x18040000,0x2d59fff8,0x2d5a0000)
 PSPermGen       total 65536K, used 61161K [0x10040000, 0x14040000, 0x18040000)
  object space 65536K, 93% used [0x10040000,0x13bfa788,0x14040000)
}
{Heap before GC invocations=310 (full 182):
 PSYoungGen      total 114944K, used 58240K [0x2d5a0000, 0x37ec0000, 0x38040000)
  eden space 58240K, 100% used [0x2d5a0000,0x30e80000,0x30e80000)
  from space 56704K, 0% used [0x34760000,0x34760000,0x37ec0000)
  to   space 57472K, 0% used [0x30e80000,0x30e80000,0x346a0000)
 PSOldGen        total 349568K, used 349567K [0x18040000, 0x2d5a0000, 0x2d5a0000)
  object space 349568K, 99% used [0x18040000,0x2d59fff8,0x2d5a0000)
 PSPermGen       total 65536K, used 61161K [0x10040000, 0x14040000, 0x18040000)
  object space 65536K, 93% used [0x10040000,0x13bfa788,0x14040000)
884.581: [Full GC [PSYoungGen: 58240K->58192K(114944K)] [PSOldGen: 349567K->349567K(349568K)] 407807K->407760K(464512K) [PSPermGen: 61161K->61161K(65536K)], 2.0038932 secs] [Times: user=2.00 sys=0.00, real=2.00 secs] 
Heap after GC invocations=310 (full 182):
 PSYoungGen      total 114944K, used 58192K [0x2d5a0000, 0x37ec0000, 0x38040000)
  eden space 58240K, 99% used [0x2d5a0000,0x30e74328,0x30e80000)
  from space 56704K, 0% used [0x34760000,0x34760000,0x37ec0000)
  to   space 57472K, 0% used [0x30e80000,0x30e80000,0x346a0000)
 PSOldGen        total 349568K, used 349567K [0x18040000, 0x2d5a0000, 0x2d5a0000)
  object space 349568K, 99% used [0x18040000,0x2d59fff8,0x2d5a0000)
 PSPermGen       total 65536K, used 61161K [0x10040000, 0x14040000, 0x18040000)
  object space 65536K, 93% used [0x10040000,0x13bfa788,0x14040000)
}
Total time for which application threads were stopped: 3.9629551 seconds
Application time: 0.0001349 seconds
{Heap before GC invocations=311 (full 183):
 PSYoungGen      total 114944K, used 58240K [0x2d5a0000, 0x37ec0000, 0x38040000)
  eden space 58240K, 100% used [0x2d5a0000,0x30e80000,0x30e80000)
  from space 56704K, 0% used [0x34760000,0x34760000,0x37ec0000)
  to   space 57472K, 0% used [0x30e80000,0x30e80000,0x346a0000)
 PSOldGen        total 349568K, used 349567K [0x18040000, 0x2d5a0000, 0x2d5a0000)
  object space 349568K, 99% used [0x18040000,0x2d59fff8,0x2d5a0000)
 PSPermGen       total 65536K, used 61161K [0x10040000, 0x14040000, 0x18040000)
  object space 65536K, 93% used [0x10040000,0x13bfa788,0x14040000)
886.586: [Full GC [PSYoungGen: 58240K->58240K(114944K)] [PSOldGen: 349567K->349567K(349568K)] 407807K->407807K(464512K) [PSPermGen: 61161K->61161K(65536K)], 1.9485764 secs] [Times: user=1.95 sys=0.00, real=1.95 secs] 
Heap after GC invocations=311 (full 183):
 PSYoungGen      total 114944K, used 58240K [0x2d5a0000, 0x37ec0000, 0x38040000)
  eden space 58240K, 100% used [0x2d5a0000,0x30e80000,0x30e80000)
  from space 56704K, 0% used [0x34760000,0x34760000,0x37ec0000)
  to   space 57472K, 0% used [0x30e80000,0x30e80000,0x346a0000)
 PSOldGen        total 349568K, used 349567K [0x18040000, 0x2d5a0000, 0x2d5a0000)
  object space 349568K, 99% used [0x18040000,0x2d59fff8,0x2d5a0000)
 PSPermGen       total 65536K, used 61161K [0x10040000, 0x14040000, 0x18040000)
  object space 65536K, 93% used [0x10040000,0x13bfa788,0x14040000)
}
{Heap before GC invocations=312 (full 184):
 PSYoungGen      total 114944K, used 58240K [0x2d5a0000, 0x37ec0000, 0x38040000)
  eden space 58240K, 100% used [0x2d5a0000,0x30e80000,0x30e80000)
  from space 56704K, 0% used [0x34760000,0x34760000,0x37ec0000)
  to   space 57472K, 0% used [0x30e80000,0x30e80000,0x346a0000)
 PSOldGen        total 349568K, used 349567K [0x18040000, 0x2d5a0000, 0x2d5a0000)
  object space 349568K, 99% used [0x18040000,0x2d59fff8,0x2d5a0000)
 PSPermGen       total 65536K, used 61161K [0x10040000, 0x14040000, 0x18040000)
  object space 65536K, 93% used [0x10040000,0x13bfa788,0x14040000)
888.535: [Full GC [PSYoungGen: 58240K->58192K(114944K)] [PSOldGen: 349567K->349567K(349568K)] 407807K->407760K(464512K) [PSPermGen: 61161K->61161K(65536K)], 1.9498210 secs] [Times: user=1.94 sys=0.02, real=1.95 secs] 
Heap after GC invocations=312 (full 184):
 PSYoungGen      total 114944K, used 58192K [0x2d5a0000, 0x37ec0000, 0x38040000)
  eden space 58240K, 99% used [0x2d5a0000,0x30e74350,0x30e80000)
  from space 56704K, 0% used [0x34760000,0x34760000,0x37ec0000)
  to   space 57472K, 0% used [0x30e80000,0x30e80000,0x346a0000)
 PSOldGen        total 349568K, used 349567K [0x18040000, 0x2d5a0000, 0x2d5a0000)
  object space 349568K, 99% used [0x18040000,0x2d59fff8,0x2d5a0000)
 PSPermGen       total 65536K, used 61161K [0x10040000, 0x14040000, 0x18040000)
  object space 65536K, 93% used [0x10040000,0x13bfa788,0x14040000)
}
Total time for which application threads were stopped: 3.8998825 seconds
Application time: 0.0010607 seconds
{Heap before GC invocations=313 (full 185):
 PSYoungGen      total 114944K, used 58240K [0x2d5a0000, 0x37ec0000, 0x38040000)
  eden space 58240K, 100% used [0x2d5a0000,0x30e80000,0x30e80000)
  from space 56704K, 0% used [0x34760000,0x34760000,0x37ec0000)
  to   space 57472K, 0% used [0x30e80000,0x30e80000,0x346a0000)
 PSOldGen        total 349568K, used 349567K [0x18040000, 0x2d5a0000, 0x2d5a0000)
  object space 349568K, 99% used [0x18040000,0x2d59fff8,0x2d5a0000)
 PSPermGen       total 65536K, used 61161K [0x10040000, 0x14040000, 0x18040000)
  object space 65536K, 93% used [0x10040000,0x13bfa788,0x14040000)
890.487: [Full GC [PSYoungGen: 58240K->58240K(114944K)] [PSOldGen: 349567K->349567K(349568K)] 407807K->407807K(464512K) [PSPermGen: 61161K->61161K(65536K)], 1.9641505 secs] [Times: user=1.95 sys=0.00, real=1.97 secs] 
Heap after GC invocations=313 (full 185):
 PSYoungGen      total 114944K, used 58240K [0x2d5a0000, 0x37ec0000, 0x38040000)
  eden space 58240K, 100% used [0x2d5a0000,0x30e80000,0x30e80000)
  from space 56704K, 0% used [0x34760000,0x34760000,0x37ec0000)
  to   space 57472K, 0% used [0x30e80000,0x30e80000,0x346a0000)
 PSOldGen        total 349568K, used 349567K [0x18040000, 0x2d5a0000, 0x2d5a0000)
  object space 349568K, 99% used [0x18040000,0x2d59fff8,0x2d5a0000)
 PSPermGen       total 65536K, used 61161K [0x10040000, 0x14040000, 0x18040000)
  object space 65536K, 93% used [0x10040000,0x13bfa788,0x14040000)
}
{Heap before GC invocations=314 (full 186):
 PSYoungGen      total 114944K, used 58240K [0x2d5a0000, 0x37ec0000, 0x38040000)
  eden space 58240K, 100% used [0x2d5a0000,0x30e80000,0x30e80000)
  from space 56704K, 0% used [0x34760000,0x34760000,0x37ec0000)
  to   space 57472K, 0% used [0x30e80000,0x30e80000,0x346a0000)
 PSOldGen        total 349568K, used 349567K [0x18040000, 0x2d5a0000, 0x2d5a0000)
  object space 349568K, 99% used [0x18040000,0x2d59fff8,0x2d5a0000)
 PSPermGen       total 65536K, used 61161K [0x10040000, 0x14040000, 0x18040000)
  object space 65536K, 93% used [0x10040000,0x13bfa788,0x14040000)
892.452: [Full GC [PSYoungGen: 58240K->58198K(114944K)] [PSOldGen: 349567K->349567K(349568K)] 407807K->407766K(464512K) [PSPermGen: 61161K->61161K(65536K)], 2.2950104 secs] [Times: user=2.30 sys=0.00, real=2.30 secs] 
Heap after GC invocations=314 (full 186):
 PSYoungGen      total 114944K, used 58198K [0x2d5a0000, 0x37ec0000, 0x38040000)
  eden space 58240K, 99% used [0x2d5a0000,0x30e75960,0x30e80000)
  from space 56704K, 0% used [0x34760000,0x34760000,0x37ec0000)
  to   space 57472K, 0% used [0x30e80000,0x30e80000,0x346a0000)
 PSOldGen        total 349568K, used 349567K [0x18040000, 0x2d5a0000, 0x2d5a0000)
  object space 349568K, 99% used [0x18040000,0x2d59ffb8,0x2d5a0000)
 PSPermGen       total 65536K, used 61161K [0x10040000, 0x14040000, 0x18040000)
  object space 65536K, 93% used [0x10040000,0x13bfa788,0x14040000)
}
Total time for which application threads were stopped: 4.2608510 seconds
Application time: 0.0010275 seconds
{Heap before GC invocations=315 (full 187):
 PSYoungGen      total 114944K, used 58240K [0x2d5a0000, 0x37ec0000, 0x38040000)
  eden space 58240K, 100% used [0x2d5a0000,0x30e80000,0x30e80000)
  from space 56704K, 0% used [0x34760000,0x34760000,0x37ec0000)
  to   space 57472K, 0% used [0x30e80000,0x30e80000,0x346a0000)
 PSOldGen        total 349568K, used 349567K [0x18040000, 0x2d5a0000, 0x2d5a0000)
  object space 349568K, 99% used [0x18040000,0x2d59ffb8,0x2d5a0000)
 PSPermGen       total 65536K, used 61161K [0x10040000, 0x14040000, 0x18040000)
  object space 65536K, 93% used [0x10040000,0x13bfa788,0x14040000)
894.749: [Full GC [PSYoungGen: 58240K->58240K(114944K)] [PSOldGen: 349567K->349567K(349568K)] 407807K->407807K(464512K) [PSPermGen: 61161K->61161K(65536K)], 1.9650721 secs] [Times: user=1.95 sys=0.00, real=1.95 secs] 
Heap after GC invocations=315 (full 187):
 PSYoungGen      total 114944K, used 58240K [0x2d5a0000, 0x37ec0000, 0x38040000)
  eden space 58240K, 100% used [0x2d5a0000,0x30e80000,0x30e80000)
  from space 56704K, 0% used [0x34760000,0x34760000,0x37ec0000)
  to   space 57472K, 0% used [0x30e80000,0x30e80000,0x346a0000)
 PSOldGen        total 349568K, used 349567K [0x18040000, 0x2d5a0000, 0x2d5a0000)
  object space 349568K, 99% used [0x18040000,0x2d59ffb8,0x2d5a0000)
 PSPermGen       total 65536K, used 61161K [0x10040000, 0x14040000, 0x18040000)
  object space 65536K, 93% used [0x10040000,0x13bfa788,0x14040000)
}
Total time for which application threads were stopped: 1.9664010 seconds
Application time: 0.0000506 seconds
{Heap before GC invocations=316 (full 188):
 PSYoungGen      total 114944K, used 58240K [0x2d5a0000, 0x37ec0000, 0x38040000)
  eden space 58240K, 100% used [0x2d5a0000,0x30e80000,0x30e80000)
  from space 56704K, 0% used [0x34760000,0x34760000,0x37ec0000)
  to   space 57472K, 0% used [0x30e80000,0x30e80000,0x346a0000)
 PSOldGen        total 349568K, used 349567K [0x18040000, 0x2d5a0000, 0x2d5a0000)
  object space 349568K, 99% used [0x18040000,0x2d59ffe8,0x2d5a0000)
 PSPermGen       total 65536K, used 61161K [0x10040000, 0x14040000, 0x18040000)
  object space 65536K, 93% used [0x10040000,0x13bfa788,0x14040000)
896.716: [Full GC [PSYoungGen: 58240K->58205K(114944K)] [PSOldGen: 349567K->349567K(349568K)] 407807K->407773K(464512K) [PSPermGen: 61161K->61161K(65536K)], 1.9682292 secs] [Times: user=1.97 sys=0.00, real=1.97 secs] 
Heap after GC invocations=316 (full 188):
 PSYoungGen      total 114944K, used 58205K [0x2d5a0000, 0x37ec0000, 0x38040000)
  eden space 58240K, 99% used [0x2d5a0000,0x30e77788,0x30e80000)
  from space 56704K, 0% used [0x34760000,0x34760000,0x37ec0000)
  to   space 57472K, 0% used [0x30e80000,0x30e80000,0x346a0000)
 PSOldGen        total 349568K, used 349567K [0x18040000, 0x2d5a0000, 0x2d5a0000)
  object space 349568K, 99% used [0x18040000,0x2d59ffe8,0x2d5a0000)
 PSPermGen       total 65536K, used 61161K [0x10040000, 0x14040000, 0x18040000)
  object space 65536K, 93% used [0x10040000,0x13bfa788,0x14040000)
}
Total time for which application threads were stopped: 1.9696593 seconds
Application time: 0.0002861 seconds
{Heap before GC invocations=317 (full 189):
 PSYoungGen      total 114944K, used 58240K [0x2d5a0000, 0x37ec0000, 0x38040000)
  eden space 58240K, 100% used [0x2d5a0000,0x30e80000,0x30e80000)
  from space 56704K, 0% used [0x34760000,0x34760000,0x37ec0000)
  to   space 57472K, 0% used [0x30e80000,0x30e80000,0x346a0000)
 PSOldGen        total 349568K, used 349567K [0x18040000, 0x2d5a0000, 0x2d5a0000)
  object space 349568K, 99% used [0x18040000,0x2d59ffe8,0x2d5a0000)
 PSPermGen       total 65536K, used 61161K [0x10040000, 0x14040000, 0x18040000)
  object space 65536K, 93% used [0x10040000,0x13bfa788,0x14040000)
898.685: [Full GC [PSYoungGen: 58240K->58240K(114944K)] [PSOldGen: 349567K->349567K(349568K)] 407807K->407807K(464512K) [PSPermGen: 61161K->61161K(65536K)], 1.9764375 secs] [Times: user=1.95 sys=0.00, real=1.97 secs] 
Heap after GC invocations=317 (full 189):
 PSYoungGen      total 114944K, used 58240K [0x2d5a0000, 0x37ec0000, 0x38040000)
  eden space 58240K, 100% used [0x2d5a0000,0x30e80000,0x30e80000)
  from space 56704K, 0% used [0x34760000,0x34760000,0x37ec0000)
  to   space 57472K, 0% used [0x30e80000,0x30e80000,0x346a0000)
 PSOldGen        total 349568K, used 349567K [0x18040000, 0x2d5a0000, 0x2d5a0000)
  object space 349568K, 99% used [0x18040000,0x2d59ffe8,0x2d5a0000)
 PSPermGen       total 65536K, used 61161K [0x10040000, 0x14040000, 0x18040000)
  object space 65536K, 93% used [0x10040000,0x13bfa788,0x14040000)
}
{Heap before GC invocations=318 (full 190):
 PSYoungGen      total 114944K, used 58240K [0x2d5a0000, 0x37ec0000, 0x38040000)
  eden space 58240K, 100% used [0x2d5a0000,0x30e80000,0x30e80000)
  from space 56704K, 0% used [0x34760000,0x34760000,0x37ec0000)
  to   space 57472K, 0% used [0x30e80000,0x30e80000,0x346a0000)
 PSOldGen        total 349568K, used 349567K [0x18040000, 0x2d5a0000, 0x2d5a0000)
  object space 349568K, 99% used [0x18040000,0x2d59ffe8,0x2d5a0000)
 PSPermGen       total 65536K, used 61161K [0x10040000, 0x14040000, 0x18040000)
  object space 65536K, 93% used [0x10040000,0x13bfa788,0x14040000)
900.662: [Full GC [PSYoungGen: 58240K->58209K(114944K)] [PSOldGen: 349567K->349567K(349568K)] 407807K->407777K(464512K) [PSPermGen: 61161K->61161K(65536K)], 1.9511281 secs] [Times: user=1.95 sys=0.00, real=1.95 secs] 
Heap after GC invocations=318 (full 190):
 PSYoungGen      total 114944K, used 58209K [0x2d5a0000, 0x37ec0000, 0x38040000)
  eden space 58240K, 99% used [0x2d5a0000,0x30e78520,0x30e80000)
  from space 56704K, 0% used [0x34760000,0x34760000,0x37ec0000)
  to   space 57472K, 0% used [0x30e80000,0x30e80000,0x346a0000)
 PSOldGen        total 349568K, used 349567K [0x18040000, 0x2d5a0000, 0x2d5a0000)
  object space 349568K, 99% used [0x18040000,0x2d59ffb8,0x2d5a0000)
 PSPermGen       total 65536K, used 61161K [0x10040000, 0x14040000, 0x18040000)
  object space 65536K, 93% used [0x10040000,0x13bfa788,0x14040000)
}
Total time for which application threads were stopped: 3.9290633 seconds
Application time: 0.0003224 seconds
{Heap before GC invocations=319 (full 191):
 PSYoungGen      total 114944K, used 58239K [0x2d5a0000, 0x37ec0000, 0x38040000)
  eden space 58240K, 99% used [0x2d5a0000,0x30e7ffc8,0x30e80000)
  from space 56704K, 0% used [0x34760000,0x34760000,0x37ec0000)
  to   space 57472K, 0% used [0x30e80000,0x30e80000,0x346a0000)
 PSOldGen        total 349568K, used 349567K [0x18040000, 0x2d5a0000, 0x2d5a0000)
  object space 349568K, 99% used [0x18040000,0x2d59ffb8,0x2d5a0000)
 PSPermGen       total 65536K, used 61161K [0x10040000, 0x14040000, 0x18040000)
  object space 65536K, 93% used [0x10040000,0x13bfa788,0x14040000)
902.615: [Full GC [PSYoungGen: 58239K->58239K(114944K)] [PSOldGen: 349567K->349567K(349568K)] 407807K->407807K(464512K) [PSPermGen: 61161K->61161K(65536K)], 1.9749035 secs] [Times: user=1.95 sys=0.00, real=1.97 secs] 
Heap after GC invocations=319 (full 191):
 PSYoungGen      total 114944K, used 58239K [0x2d5a0000, 0x37ec0000, 0x38040000)
  eden space 58240K, 99% used [0x2d5a0000,0x30e7ffc8,0x30e80000)
  from space 56704K, 0% used [0x34760000,0x34760000,0x37ec0000)
  to   space 57472K, 0% used [0x30e80000,0x30e80000,0x346a0000)
 PSOldGen        total 349568K, used 349567K [0x18040000, 0x2d5a0000, 0x2d5a0000)
  object space 349568K, 99% used [0x18040000,0x2d59ffb8,0x2d5a0000)
 PSPermGen       total 65536K, used 61161K [0x10040000, 0x14040000, 0x18040000)
  object space 65536K, 93% used [0x10040000,0x13bfa788,0x14040000)
}
{Heap before GC invocations=320 (full 192):
 PSYoungGen      total 114944K, used 58239K [0x2d5a0000, 0x37ec0000, 0x38040000)
  eden space 58240K, 99% used [0x2d5a0000,0x30e7ffc8,0x30e80000)
  from space 56704K, 0% used [0x34760000,0x34760000,0x37ec0000)
  to   space 57472K, 0% used [0x30e80000,0x30e80000,0x346a0000)
 PSOldGen        total 349568K, used 349567K [0x18040000, 0x2d5a0000, 0x2d5a0000)
  object space 349568K, 99% used [0x18040000,0x2d59ffb8,0x2d5a0000)
 PSPermGen       total 65536K, used 61161K [0x10040000, 0x14040000, 0x18040000)
  object space 65536K, 93% used [0x10040000,0x13bfa788,0x14040000)
904.590: [Full GC [PSYoungGen: 58239K->58211K(114944K)] [PSOldGen: 349567K->349567K(349568K)] 407807K->407779K(464512K) [PSPermGen: 61161K->61161K(65536K)], 1.9472601 secs] [Times: user=1.95 sys=0.00, real=1.95 secs] 
Heap after GC invocations=320 (full 192):
 PSYoungGen      total 114944K, used 58211K [0x2d5a0000, 0x37ec0000, 0x38040000)
  eden space 58240K, 99% used [0x2d5a0000,0x30e78d30,0x30e80000)
  from space 56704K, 0% used [0x34760000,0x34760000,0x37ec0000)
  to   space 57472K, 0% used [0x30e80000,0x30e80000,0x346a0000)
 PSOldGen        total 349568K, used 349567K [0x18040000, 0x2d5a0000, 0x2d5a0000)
  object space 349568K, 99% used [0x18040000,0x2d59ffb8,0x2d5a0000)
 PSPermGen       total 65536K, used 61161K [0x10040000, 0x14040000, 0x18040000)
  object space 65536K, 93% used [0x10040000,0x13bfa788,0x14040000)
}
Total time for which application threads were stopped: 3.9235489 seconds
Application time: 0.0007579 seconds
{Heap before GC invocations=321 (full 193):
 PSYoungGen      total 114944K, used 58240K [0x2d5a0000, 0x37ec0000, 0x38040000)
  eden space 58240K, 100% used [0x2d5a0000,0x30e80000,0x30e80000)
  from space 56704K, 0% used [0x34760000,0x34760000,0x37ec0000)
  to   space 57472K, 0% used [0x30e80000,0x30e80000,0x346a0000)
 PSOldGen        total 349568K, used 349567K [0x18040000, 0x2d5a0000, 0x2d5a0000)
  object space 349568K, 99% used [0x18040000,0x2d59ffb8,0x2d5a0000)
 PSPermGen       total 65536K, used 61162K [0x10040000, 0x14040000, 0x18040000)
  object space 65536K, 93% used [0x10040000,0x13bfa818,0x14040000)
906.539: [Full GC [PSYoungGen: 58240K->58240K(114944K)] [PSOldGen: 349567K->349567K(349568K)] 407807K->407807K(464512K) [PSPermGen: 61162K->61162K(65536K)], 1.9517254 secs] [Times: user=1.94 sys=0.00, real=1.95 secs] 
Heap after GC invocations=321 (full 193):
 PSYoungGen      total 114944K, used 58240K [0x2d5a0000, 0x37ec0000, 0x38040000)
  eden space 58240K, 100% used [0x2d5a0000,0x30e80000,0x30e80000)
  from space 56704K, 0% used [0x34760000,0x34760000,0x37ec0000)
  to   space 57472K, 0% used [0x30e80000,0x30e80000,0x346a0000)
 PSOldGen        total 349568K, used 349567K [0x18040000, 0x2d5a0000, 0x2d5a0000)
  object space 349568K, 99% used [0x18040000,0x2d59ffb8,0x2d5a0000)
 PSPermGen       total 65536K, used 61162K [0x10040000, 0x14040000, 0x18040000)
  object space 65536K, 93% used [0x10040000,0x13bfa818,0x14040000)
}
Total time for which application threads were stopped: 1.9531340 seconds
Application time: 0.0001000 seconds
{Heap before GC invocations=322 (full 194):
 PSYoungGen      total 114944K, used 58240K [0x2d5a0000, 0x37ec0000, 0x38040000)
  eden space 58240K, 100% used [0x2d5a0000,0x30e80000,0x30e80000)
  from space 56704K, 0% used [0x34760000,0x34760000,0x37ec0000)
  to   space 57472K, 0% used [0x30e80000,0x30e80000,0x346a0000)
 PSOldGen        total 349568K, used 349567K [0x18040000, 0x2d5a0000, 0x2d5a0000)
  object space 349568K, 99% used [0x18040000,0x2d59ffd8,0x2d5a0000)
 PSPermGen       total 65536K, used 61162K [0x10040000, 0x14040000, 0x18040000)
  object space 65536K, 93% used [0x10040000,0x13bfa818,0x14040000)
908.492: [Full GC [PSYoungGen: 58240K->58240K(114944K)] [PSOldGen: 349567K->349567K(349568K)] 407807K->407807K(464512K) [PSPermGen: 61162K->61162K(65536K)], 1.9811546 secs] [Times: user=1.98 sys=0.00, real=1.98 secs] 
Heap after GC invocations=322 (full 194):
 PSYoungGen      total 114944K, used 58240K [0x2d5a0000, 0x37ec0000, 0x38040000)
  eden space 58240K, 100% used [0x2d5a0000,0x30e80000,0x30e80000)
  from space 56704K, 0% used [0x34760000,0x34760000,0x37ec0000)
  to   space 57472K, 0% used [0x30e80000,0x30e80000,0x346a0000)
 PSOldGen        total 349568K, used 349567K [0x18040000, 0x2d5a0000, 0x2d5a0000)
  object space 349568K, 99% used [0x18040000,0x2d59ffd8,0x2d5a0000)
 PSPermGen       total 65536K, used 61162K [0x10040000, 0x14040000, 0x18040000)
  object space 65536K, 93% used [0x10040000,0x13bfa818,0x14040000)
}
{Heap before GC invocations=323 (full 195):
 PSYoungGen      total 114944K, used 58240K [0x2d5a0000, 0x37ec0000, 0x38040000)
  eden space 58240K, 100% used [0x2d5a0000,0x30e80000,0x30e80000)
  from space 56704K, 0% used [0x34760000,0x34760000,0x37ec0000)
  to   space 57472K, 0% used [0x30e80000,0x30e80000,0x346a0000)
 PSOldGen        total 349568K, used 349567K [0x18040000, 0x2d5a0000, 0x2d5a0000)
  object space 349568K, 99% used [0x18040000,0x2d59ffd8,0x2d5a0000)
 PSPermGen       total 65536K, used 61162K [0x10040000, 0x14040000, 0x18040000)
  object space 65536K, 93% used [0x10040000,0x13bfa818,0x14040000)
910.474: [Full GC [PSYoungGen: 58240K->58209K(114944K)] [PSOldGen: 349567K->349567K(349568K)] 407807K->407777K(464512K) [PSPermGen: 61162K->61161K(65536K)], 2.0212091 secs] [Times: user=2.02 sys=0.00, real=2.02 secs] 
Heap after GC invocations=323 (full 195):
 PSYoungGen      total 114944K, used 58209K [0x2d5a0000, 0x37ec0000, 0x38040000)
  eden space 58240K, 99% used [0x2d5a0000,0x30e78508,0x30e80000)
  from space 56704K, 0% used [0x34760000,0x34760000,0x37ec0000)
  to   space 57472K, 0% used [0x30e80000,0x30e80000,0x346a0000)
 PSOldGen        total 349568K, used 349567K [0x18040000, 0x2d5a0000, 0x2d5a0000)
  object space 349568K, 99% used [0x18040000,0x2d59ff78,0x2d5a0000)
 PSPermGen       total 65536K, used 61161K [0x10040000, 0x14040000, 0x18040000)
  object space 65536K, 93% used [0x10040000,0x13bfa788,0x14040000)
}
Total time for which application threads were stopped: 4.0038449 seconds
Application time: 0.0002104 seconds
{Heap before GC invocations=324 (full 196):
 PSYoungGen      total 114944K, used 58240K [0x2d5a0000, 0x37ec0000, 0x38040000)
  eden space 58240K, 100% used [0x2d5a0000,0x30e80000,0x30e80000)
  from space 56704K, 0% used [0x34760000,0x34760000,0x37ec0000)
  to   space 57472K, 0% used [0x30e80000,0x30e80000,0x346a0000)
 PSOldGen        total 349568K, used 349567K [0x18040000, 0x2d5a0000, 0x2d5a0000)
  object space 349568K, 99% used [0x18040000,0x2d59ff78,0x2d5a0000)
 PSPermGen       total 65536K, used 61161K [0x10040000, 0x14040000, 0x18040000)
  object space 65536K, 93% used [0x10040000,0x13bfa788,0x14040000)
912.496: [Full GC [PSYoungGen: 58240K->58210K(114944K)] [PSOldGen: 349567K->349567K(349568K)] 407807K->407778K(464512K) [PSPermGen: 61161K->61161K(65536K)], 2.0097303 secs] [Times: user=2.01 sys=0.00, real=2.02 secs] 
Heap after GC invocations=324 (full 196):
 PSYoungGen      total 114944K, used 58210K [0x2d5a0000, 0x37ec0000, 0x38040000)
  eden space 58240K, 99% used [0x2d5a0000,0x30e78968,0x30e80000)
  from space 56704K, 0% used [0x34760000,0x34760000,0x37ec0000)
  to   space 57472K, 0% used [0x30e80000,0x30e80000,0x346a0000)
 PSOldGen        total 349568K, used 349567K [0x18040000, 0x2d5a0000, 0x2d5a0000)
  object space 349568K, 99% used [0x18040000,0x2d59fff0,0x2d5a0000)
 PSPermGen       total 65536K, used 61161K [0x10040000, 0x14040000, 0x18040000)
  object space 65536K, 93% used [0x10040000,0x13bfa788,0x14040000)
}
Total time for which application threads were stopped: 2.0109570 seconds
Application time: 0.0009364 seconds
{Heap before GC invocations=325 (full 197):
 PSYoungGen      total 114944K, used 58240K [0x2d5a0000, 0x37ec0000, 0x38040000)
  eden space 58240K, 100% used [0x2d5a0000,0x30e80000,0x30e80000)
  from space 56704K, 0% used [0x34760000,0x34760000,0x37ec0000)
  to   space 57472K, 0% used [0x30e80000,0x30e80000,0x346a0000)
 PSOldGen        total 349568K, used 349567K [0x18040000, 0x2d5a0000, 0x2d5a0000)
  object space 349568K, 99% used [0x18040000,0x2d59fff0,0x2d5a0000)
 PSPermGen       total 65536K, used 61161K [0x10040000, 0x14040000, 0x18040000)
  object space 65536K, 93% used [0x10040000,0x13bfa788,0x14040000)
914.508: [Full GC [PSYoungGen: 58240K->58240K(114944K)] [PSOldGen: 349567K->349567K(349568K)] 407807K->407807K(464512K) [PSPermGen: 61161K->61161K(65536K)], 1.9594856 secs] [Times: user=1.97 sys=0.00, real=1.97 secs] 
Heap after GC invocations=325 (full 197):
 PSYoungGen      total 114944K, used 58240K [0x2d5a0000, 0x37ec0000, 0x38040000)
  eden space 58240K, 100% used [0x2d5a0000,0x30e80000,0x30e80000)
  from space 56704K, 0% used [0x34760000,0x34760000,0x37ec0000)
  to   space 57472K, 0% used [0x30e80000,0x30e80000,0x346a0000)
 PSOldGen        total 349568K, used 349567K [0x18040000, 0x2d5a0000, 0x2d5a0000)
  object space 349568K, 99% used [0x18040000,0x2d59fff0,0x2d5a0000)
 PSPermGen       total 65536K, used 61161K [0x10040000, 0x14040000, 0x18040000)
  object space 65536K, 93% used [0x10040000,0x13bfa788,0x14040000)
}
{Heap before GC invocations=326 (full 198):
 PSYoungGen      total 114944K, used 58240K [0x2d5a0000, 0x37ec0000, 0x38040000)
  eden space 58240K, 100% used [0x2d5a0000,0x30e80000,0x30e80000)
  from space 56704K, 0% used [0x34760000,0x34760000,0x37ec0000)
  to   space 57472K, 0% used [0x30e80000,0x30e80000,0x346a0000)
 PSOldGen        total 349568K, used 349567K [0x18040000, 0x2d5a0000, 0x2d5a0000)
  object space 349568K, 99% used [0x18040000,0x2d59fff0,0x2d5a0000)
 PSPermGen       total 65536K, used 61161K [0x10040000, 0x14040000, 0x18040000)
  object space 65536K, 93% used [0x10040000,0x13bfa788,0x14040000)
916.468: [Full GC [PSYoungGen: 58240K->58210K(114944K)] [PSOldGen: 349567K->349567K(349568K)] 407807K->407778K(464512K) [PSPermGen: 61161K->61161K(65536K)], 2.0381152 secs] [Times: user=2.03 sys=0.00, real=2.03 secs] 
Heap after GC invocations=326 (full 198):
 PSYoungGen      total 114944K, used 58210K [0x2d5a0000, 0x37ec0000, 0x38040000)
  eden space 58240K, 99% used [0x2d5a0000,0x30e78958,0x30e80000)
  from space 56704K, 0% used [0x34760000,0x34760000,0x37ec0000)
  to   space 57472K, 0% used [0x30e80000,0x30e80000,0x346a0000)
 PSOldGen        total 349568K, used 349567K [0x18040000, 0x2d5a0000, 0x2d5a0000)
  object space 349568K, 99% used [0x18040000,0x2d59fff8,0x2d5a0000)
 PSPermGen       total 65536K, used 61161K [0x10040000, 0x14040000, 0x18040000)
  object space 65536K, 93% used [0x10040000,0x13bfa788,0x14040000)
}
Total time for which application threads were stopped: 3.9990876 seconds
Application time: 0.0003855 seconds
{Heap before GC invocations=327 (full 199):
 PSYoungGen      total 114944K, used 58240K [0x2d5a0000, 0x37ec0000, 0x38040000)
  eden space 58240K, 100% used [0x2d5a0000,0x30e80000,0x30e80000)
  from space 56704K, 0% used [0x34760000,0x34760000,0x37ec0000)
  to   space 57472K, 0% used [0x30e80000,0x30e80000,0x346a0000)
 PSOldGen        total 349568K, used 349567K [0x18040000, 0x2d5a0000, 0x2d5a0000)
  object space 349568K, 99% used [0x18040000,0x2d59fff8,0x2d5a0000)
 PSPermGen       total 65536K, used 61161K [0x10040000, 0x14040000, 0x18040000)
  object space 65536K, 93% used [0x10040000,0x13bfa788,0x14040000)
918.508: [Full GC [PSYoungGen: 58240K->58240K(114944K)] [PSOldGen: 349567K->349567K(349568K)] 407807K->407807K(464512K) [PSPermGen: 61161K->61161K(65536K)], 1.9509706 secs] [Times: user=1.94 sys=0.00, real=1.95 secs] 
Heap after GC invocations=327 (full 199):
 PSYoungGen      total 114944K, used 58240K [0x2d5a0000, 0x37ec0000, 0x38040000)
  eden space 58240K, 100% used [0x2d5a0000,0x30e80000,0x30e80000)
  from space 56704K, 0% used [0x34760000,0x34760000,0x37ec0000)
  to   space 57472K, 0% used [0x30e80000,0x30e80000,0x346a0000)
 PSOldGen        total 349568K, used 349567K [0x18040000, 0x2d5a0000, 0x2d5a0000)
  object space 349568K, 99% used [0x18040000,0x2d59fff8,0x2d5a0000)
 PSPermGen       total 65536K, used 61161K [0x10040000, 0x14040000, 0x18040000)
  object space 65536K, 93% used [0x10040000,0x13bfa788,0x14040000)
}
{Heap before GC invocations=328 (full 200):
 PSYoungGen      total 114944K, used 58240K [0x2d5a0000, 0x37ec0000, 0x38040000)
  eden space 58240K, 100% used [0x2d5a0000,0x30e80000,0x30e80000)
  from space 56704K, 0% used [0x34760000,0x34760000,0x37ec0000)
  to   space 57472K, 0% used [0x30e80000,0x30e80000,0x346a0000)
 PSOldGen        total 349568K, used 349567K [0x18040000, 0x2d5a0000, 0x2d5a0000)
  object space 349568K, 99% used [0x18040000,0x2d59fff8,0x2d5a0000)
 PSPermGen       total 65536K, used 61161K [0x10040000, 0x14040000, 0x18040000)
  object space 65536K, 93% used [0x10040000,0x13bfa788,0x14040000)
920.459: [Full GC [PSYoungGen: 58240K->58204K(114944K)] [PSOldGen: 349567K->349567K(349568K)] 407807K->407772K(464512K) [PSPermGen: 61161K->61161K(65536K)], 2.0241894 secs] [Times: user=2.03 sys=0.00, real=2.03 secs] 
Heap after GC invocations=328 (full 200):
 PSYoungGen      total 114944K, used 58204K [0x2d5a0000, 0x37ec0000, 0x38040000)
  eden space 58240K, 99% used [0x2d5a0000,0x30e77388,0x30e80000)
  from space 56704K, 0% used [0x34760000,0x34760000,0x37ec0000)
  to   space 57472K, 0% used [0x30e80000,0x30e80000,0x346a0000)
 PSOldGen        total 349568K, used 349567K [0x18040000, 0x2d5a0000, 0x2d5a0000)
  object space 349568K, 99% used [0x18040000,0x2d59ffc8,0x2d5a0000)
 PSPermGen       total 65536K, used 61161K [0x10040000, 0x14040000, 0x18040000)
  object space 65536K, 93% used [0x10040000,0x13bfa788,0x14040000)
}
Total time for which application threads were stopped: 3.9766280 seconds
Application time: 0.0002344 seconds
{Heap before GC invocations=329 (full 201):
 PSYoungGen      total 114944K, used 58240K [0x2d5a0000, 0x37ec0000, 0x38040000)
  eden space 58240K, 100% used [0x2d5a0000,0x30e80000,0x30e80000)
  from space 56704K, 0% used [0x34760000,0x34760000,0x37ec0000)
  to   space 57472K, 0% used [0x30e80000,0x30e80000,0x346a0000)
 PSOldGen        total 349568K, used 349567K [0x18040000, 0x2d5a0000, 0x2d5a0000)
  object space 349568K, 99% used [0x18040000,0x2d59ffc8,0x2d5a0000)
 PSPermGen       total 65536K, used 61161K [0x10040000, 0x14040000, 0x18040000)
  object space 65536K, 93% used [0x10040000,0x13bfa788,0x14040000)
922.485: [Full GC [PSYoungGen: 58240K->58240K(114944K)] [PSOldGen: 349567K->349567K(349568K)] 407807K->407807K(464512K) [PSPermGen: 61161K->61161K(65536K)], 1.9617440 secs] [Times: user=1.95 sys=0.00, real=1.95 secs] 
Heap after GC invocations=329 (full 201):
 PSYoungGen      total 114944K, used 58240K [0x2d5a0000, 0x37ec0000, 0x38040000)
  eden space 58240K, 100% used [0x2d5a0000,0x30e80000,0x30e80000)
  from space 56704K, 0% used [0x34760000,0x34760000,0x37ec0000)
  to   space 57472K, 0% used [0x30e80000,0x30e80000,0x346a0000)
 PSOldGen        total 349568K, used 349567K [0x18040000, 0x2d5a0000, 0x2d5a0000)
  object space 349568K, 99% used [0x18040000,0x2d59ffc8,0x2d5a0000)
 PSPermGen       total 65536K, used 61161K [0x10040000, 0x14040000, 0x18040000)
  object space 65536K, 93% used [0x10040000,0x13bfa788,0x14040000)
}
Total time for which application threads were stopped: 1.9629939 seconds
Application time: 0.0005367 seconds
{Heap before GC invocations=330 (full 202):
 PSYoungGen      total 114944K, used 58240K [0x2d5a0000, 0x37ec0000, 0x38040000)
  eden space 58240K, 100% used [0x2d5a0000,0x30e80000,0x30e80000)
  from space 56704K, 0% used [0x34760000,0x34760000,0x37ec0000)
  to   space 57472K, 0% used [0x30e80000,0x30e80000,0x346a0000)
 PSOldGen        total 349568K, used 349567K [0x18040000, 0x2d5a0000, 0x2d5a0000)
  object space 349568K, 99% used [0x18040000,0x2d59fff8,0x2d5a0000)
 PSPermGen       total 65536K, used 61161K [0x10040000, 0x14040000, 0x18040000)
  object space 65536K, 93% used [0x10040000,0x13bfa788,0x14040000)
924.448: [Full GC [PSYoungGen: 58240K->58240K(114944K)] [PSOldGen: 349567K->349567K(349568K)] 407807K->407807K(464512K) [PSPermGen: 61161K->61161K(65536K)], 1.9527189 secs] [Times: user=1.95 sys=0.00, real=1.95 secs] 
Heap after GC invocations=330 (full 202):
 PSYoungGen      total 114944K, used 58240K [0x2d5a0000, 0x37ec0000, 0x38040000)
  eden space 58240K, 100% used [0x2d5a0000,0x30e80000,0x30e80000)
  from space 56704K, 0% used [0x34760000,0x34760000,0x37ec0000)
  to   space 57472K, 0% used [0x30e80000,0x30e80000,0x346a0000)
 PSOldGen        total 349568K, used 349567K [0x18040000, 0x2d5a0000, 0x2d5a0000)
  object space 349568K, 99% used [0x18040000,0x2d59fff8,0x2d5a0000)
 PSPermGen       total 65536K, used 61161K [0x10040000, 0x14040000, 0x18040000)
  object space 65536K, 93% used [0x10040000,0x13bfa788,0x14040000)
}
{Heap before GC invocations=331 (full 203):
 PSYoungGen      total 114944K, used 58240K [0x2d5a0000, 0x37ec0000, 0x38040000)
  eden space 58240K, 100% used [0x2d5a0000,0x30e80000,0x30e80000)
  from space 56704K, 0% used [0x34760000,0x34760000,0x37ec0000)
  to   space 57472K, 0% used [0x30e80000,0x30e80000,0x346a0000)
 PSOldGen        total 349568K, used 349567K [0x18040000, 0x2d5a0000, 0x2d5a0000)
  object space 349568K, 99% used [0x18040000,0x2d59fff8,0x2d5a0000)
 PSPermGen       total 65536K, used 61161K [0x10040000, 0x14040000, 0x18040000)
  object space 65536K, 93% used [0x10040000,0x13bfa788,0x14040000)
926.401: [Full GC [PSYoungGen: 58240K->58208K(114944K)] [PSOldGen: 349567K->349567K(349568K)] 407807K->407776K(464512K) [PSPermGen: 61161K->61161K(65536K)], 1.9497911 secs] [Times: user=1.95 sys=0.00, real=1.95 secs] 
Heap after GC invocations=331 (full 203):
 PSYoungGen      total 114944K, used 58208K [0x2d5a0000, 0x37ec0000, 0x38040000)
  eden space 58240K, 99% used [0x2d5a0000,0x30e783c8,0x30e80000)
  from space 56704K, 0% used [0x34760000,0x34760000,0x37ec0000)
  to   space 57472K, 0% used [0x30e80000,0x30e80000,0x346a0000)
 PSOldGen        total 349568K, used 349567K [0x18040000, 0x2d5a0000, 0x2d5a0000)
  object space 349568K, 99% used [0x18040000,0x2d59ffd8,0x2d5a0000)
 PSPermGen       total 65536K, used 61161K [0x10040000, 0x14040000, 0x18040000)
  object space 65536K, 93% used [0x10040000,0x13bfa788,0x14040000)
}
Total time for which application threads were stopped: 3.9039325 seconds
Application time: 0.0002249 seconds
{Heap before GC invocations=332 (full 204):
 PSYoungGen      total 114944K, used 58240K [0x2d5a0000, 0x37ec0000, 0x38040000)
  eden space 58240K, 100% used [0x2d5a0000,0x30e80000,0x30e80000)
  from space 56704K, 0% used [0x34760000,0x34760000,0x37ec0000)
  to   space 57472K, 0% used [0x30e80000,0x30e80000,0x346a0000)
 PSOldGen        total 349568K, used 349567K [0x18040000, 0x2d5a0000, 0x2d5a0000)
  object space 349568K, 99% used [0x18040000,0x2d59ffd8,0x2d5a0000)
 PSPermGen       total 65536K, used 61161K [0x10040000, 0x14040000, 0x18040000)
  object space 65536K, 93% used [0x10040000,0x13bfa788,0x14040000)
928.353: [Full GC [PSYoungGen: 58240K->58208K(114944K)] [PSOldGen: 349567K->349567K(349568K)] 407807K->407776K(464512K) [PSPermGen: 61161K->61161K(65536K)], 1.9513539 secs] [Times: user=1.95 sys=0.00, real=1.95 secs] 
Heap after GC invocations=332 (full 204):
 PSYoungGen      total 114944K, used 58208K [0x2d5a0000, 0x37ec0000, 0x38040000)
  eden space 58240K, 99% used [0x2d5a0000,0x30e781c0,0x30e80000)
  from space 56704K, 0% used [0x34760000,0x34760000,0x37ec0000)
  to   space 57472K, 0% used [0x30e80000,0x30e80000,0x346a0000)
 PSOldGen        total 349568K, used 349567K [0x18040000, 0x2d5a0000, 0x2d5a0000)
  object space 349568K, 99% used [0x18040000,0x2d59ffd8,0x2d5a0000)
 PSPermGen       total 65536K, used 61161K [0x10040000, 0x14040000, 0x18040000)
  object space 65536K, 93% used [0x10040000,0x13bfa788,0x14040000)
}
Total time for which application threads were stopped: 1.9527655 seconds
Application time: 0.0001483 seconds
{Heap before GC invocations=333 (full 205):
 PSYoungGen      total 114944K, used 58240K [0x2d5a0000, 0x37ec0000, 0x38040000)
  eden space 58240K, 100% used [0x2d5a0000,0x30e80000,0x30e80000)
  from space 56704K, 0% used [0x34760000,0x34760000,0x37ec0000)
  to   space 57472K, 0% used [0x30e80000,0x30e80000,0x346a0000)
 PSOldGen        total 349568K, used 349567K [0x18040000, 0x2d5a0000, 0x2d5a0000)
  object space 349568K, 99% used [0x18040000,0x2d59ffd8,0x2d5a0000)
 PSPermGen       total 65536K, used 61161K [0x10040000, 0x14040000, 0x18040000)
  object space 65536K, 93% used [0x10040000,0x13bfa788,0x14040000)
930.305: [Full GC [PSYoungGen: 58240K->58240K(114944K)] [PSOldGen: 349567K->349567K(349568K)] 407807K->407807K(464512K) [PSPermGen: 61161K->61161K(65536K)], 1.9521928 secs] [Times: user=1.95 sys=0.00, real=1.95 secs] 
Heap after GC invocations=333 (full 205):
 PSYoungGen      total 114944K, used 58240K [0x2d5a0000, 0x37ec0000, 0x38040000)
  eden space 58240K, 100% used [0x2d5a0000,0x30e80000,0x30e80000)
  from space 56704K, 0% used [0x34760000,0x34760000,0x37ec0000)
  to   space 57472K, 0% used [0x30e80000,0x30e80000,0x346a0000)
 PSOldGen        total 349568K, used 349567K [0x18040000, 0x2d5a0000, 0x2d5a0000)
  object space 349568K, 99% used [0x18040000,0x2d59ffd8,0x2d5a0000)
 PSPermGen       total 65536K, used 61161K [0x10040000, 0x14040000, 0x18040000)
  object space 65536K, 93% used [0x10040000,0x13bfa788,0x14040000)
}
{Heap before GC invocations=334 (full 206):
 PSYoungGen      total 114944K, used 58240K [0x2d5a0000, 0x37ec0000, 0x38040000)
  eden space 58240K, 100% used [0x2d5a0000,0x30e80000,0x30e80000)
  from space 56704K, 0% used [0x34760000,0x34760000,0x37ec0000)
  to   space 57472K, 0% used [0x30e80000,0x30e80000,0x346a0000)
 PSOldGen        total 349568K, used 349567K [0x18040000, 0x2d5a0000, 0x2d5a0000)
  object space 349568K, 99% used [0x18040000,0x2d59ffd8,0x2d5a0000)
 PSPermGen       total 65536K, used 61161K [0x10040000, 0x14040000, 0x18040000)
  object space 65536K, 93% used [0x10040000,0x13bfa788,0x14040000)
932.258: [Full GC [PSYoungGen: 58240K->58208K(114944K)] [PSOldGen: 349567K->349567K(349568K)] 407807K->407776K(464512K) [PSPermGen: 61161K->61161K(65536K)], 1.9465331 secs] [Times: user=1.95 sys=0.00, real=1.95 secs] 
Heap after GC invocations=334 (full 206):
 PSYoungGen      total 114944K, used 58208K [0x2d5a0000, 0x37ec0000, 0x38040000)
  eden space 58240K, 99% used [0x2d5a0000,0x30e781d8,0x30e80000)
  from space 56704K, 0% used [0x34760000,0x34760000,0x37ec0000)
  to   space 57472K, 0% used [0x30e80000,0x30e80000,0x346a0000)
 PSOldGen        total 349568K, used 349567K [0x18040000, 0x2d5a0000, 0x2d5a0000)
  object space 349568K, 99% used [0x18040000,0x2d59ffd8,0x2d5a0000)
 PSPermGen       total 65536K, used 61161K [0x10040000, 0x14040000, 0x18040000)
  object space 65536K, 93% used [0x10040000,0x13bfa788,0x14040000)
}
Total time for which application threads were stopped: 3.9002588 seconds
Application time: 0.0002942 seconds
{Heap before GC invocations=335 (full 207):
 PSYoungGen      total 114944K, used 58240K [0x2d5a0000, 0x37ec0000, 0x38040000)
  eden space 58240K, 100% used [0x2d5a0000,0x30e80000,0x30e80000)
  from space 56704K, 0% used [0x34760000,0x34760000,0x37ec0000)
  to   space 57472K, 0% used [0x30e80000,0x30e80000,0x346a0000)
 PSOldGen        total 349568K, used 349567K [0x18040000, 0x2d5a0000, 0x2d5a0000)
  object space 349568K, 99% used [0x18040000,0x2d59ffd8,0x2d5a0000)
 PSPermGen       total 65536K, used 61161K [0x10040000, 0x14040000, 0x18040000)
  object space 65536K, 93% used [0x10040000,0x13bfa788,0x14040000)
934.206: [Full GC [PSYoungGen: 58240K->58240K(114944K)] [PSOldGen: 349567K->349567K(349568K)] 407807K->407807K(464512K) [PSPermGen: 61161K->61161K(65536K)], 1.9543780 secs] [Times: user=1.95 sys=0.00, real=1.95 secs] 
Heap after GC invocations=335 (full 207):
 PSYoungGen      total 114944K, used 58240K [0x2d5a0000, 0x37ec0000, 0x38040000)
  eden space 58240K, 100% used [0x2d5a0000,0x30e80000,0x30e80000)
  from space 56704K, 0% used [0x34760000,0x34760000,0x37ec0000)
  to   space 57472K, 0% used [0x30e80000,0x30e80000,0x346a0000)
 PSOldGen        total 349568K, used 349567K [0x18040000, 0x2d5a0000, 0x2d5a0000)
  object space 349568K, 99% used [0x18040000,0x2d59ffd8,0x2d5a0000)
 PSPermGen       total 65536K, used 61161K [0x10040000, 0x14040000, 0x18040000)
  object space 65536K, 93% used [0x10040000,0x13bfa788,0x14040000)
}
Total time for which application threads were stopped: 1.9556949 seconds
Application time: 0.0001430 seconds
{Heap before GC invocations=336 (full 208):
 PSYoungGen      total 114944K, used 58240K [0x2d5a0000, 0x37ec0000, 0x38040000)
  eden space 58240K, 100% used [0x2d5a0000,0x30e80000,0x30e80000)
  from space 56704K, 0% used [0x34760000,0x34760000,0x37ec0000)
  to   space 57472K, 0% used [0x30e80000,0x30e80000,0x346a0000)
 PSOldGen        total 349568K, used 349567K [0x18040000, 0x2d5a0000, 0x2d5a0000)
  object space 349568K, 99% used [0x18040000,0x2d59ffe8,0x2d5a0000)
 PSPermGen       total 65536K, used 61161K [0x10040000, 0x14040000, 0x18040000)
  object space 65536K, 93% used [0x10040000,0x13bfa788,0x14040000)
936.162: [Full GC [PSYoungGen: 58240K->58208K(114944K)] [PSOldGen: 349567K->349567K(349568K)] 407807K->407776K(464512K) [PSPermGen: 61161K->61161K(65536K)], 1.9464594 secs] [Times: user=1.94 sys=0.00, real=1.95 secs] 
Heap after GC invocations=336 (full 208):
 PSYoungGen      total 114944K, used 58208K [0x2d5a0000, 0x37ec0000, 0x38040000)
  eden space 58240K, 99% used [0x2d5a0000,0x30e78200,0x30e80000)
  from space 56704K, 0% used [0x34760000,0x34760000,0x37ec0000)
  to   space 57472K, 0% used [0x30e80000,0x30e80000,0x346a0000)
 PSOldGen        total 349568K, used 349567K [0x18040000, 0x2d5a0000, 0x2d5a0000)
  object space 349568K, 99% used [0x18040000,0x2d59ffe8,0x2d5a0000)
 PSPermGen       total 65536K, used 61161K [0x10040000, 0x14040000, 0x18040000)
  object space 65536K, 93% used [0x10040000,0x13bfa788,0x14040000)
}
Total time for which application threads were stopped: 1.9477453 seconds
Application time: 0.0000933 seconds
{Heap before GC invocations=337 (full 209):
 PSYoungGen      total 114944K, used 58240K [0x2d5a0000, 0x37ec0000, 0x38040000)
  eden space 58240K, 100% used [0x2d5a0000,0x30e80000,0x30e80000)
  from space 56704K, 0% used [0x34760000,0x34760000,0x37ec0000)
  to   space 57472K, 0% used [0x30e80000,0x30e80000,0x346a0000)
 PSOldGen        total 349568K, used 349567K [0x18040000, 0x2d5a0000, 0x2d5a0000)
  object space 349568K, 99% used [0x18040000,0x2d59ffe8,0x2d5a0000)
 PSPermGen       total 65536K, used 61161K [0x10040000, 0x14040000, 0x18040000)
  object space 65536K, 93% used [0x10040000,0x13bfa788,0x14040000)
938.110: [Full GC [PSYoungGen: 58240K->58240K(114944K)] [PSOldGen: 349567K->349567K(349568K)] 407807K->407807K(464512K) [PSPermGen: 61161K->61161K(65536K)], 1.9760249 secs] [Times: user=1.97 sys=0.00, real=1.97 secs] 
Heap after GC invocations=337 (full 209):
 PSYoungGen      total 114944K, used 58240K [0x2d5a0000, 0x37ec0000, 0x38040000)
  eden space 58240K, 100% used [0x2d5a0000,0x30e80000,0x30e80000)
  from space 56704K, 0% used [0x34760000,0x34760000,0x37ec0000)
  to   space 57472K, 0% used [0x30e80000,0x30e80000,0x346a0000)
 PSOldGen        total 349568K, used 349567K [0x18040000, 0x2d5a0000, 0x2d5a0000)
  object space 349568K, 99% used [0x18040000,0x2d59ffe8,0x2d5a0000)
 PSPermGen       total 65536K, used 61161K [0x10040000, 0x14040000, 0x18040000)
  object space 65536K, 93% used [0x10040000,0x13bfa788,0x14040000)
}
Total time for which application threads were stopped: 1.9772742 seconds
Application time: 0.0001696 seconds
{Heap before GC invocations=338 (full 210):
 PSYoungGen      total 114944K, used 58240K [0x2d5a0000, 0x37ec0000, 0x38040000)
  eden space 58240K, 100% used [0x2d5a0000,0x30e80000,0x30e80000)
  from space 56704K, 0% used [0x34760000,0x34760000,0x37ec0000)
  to   space 57472K, 0% used [0x30e80000,0x30e80000,0x346a0000)
 PSOldGen        total 349568K, used 349568K [0x18040000, 0x2d5a0000, 0x2d5a0000)
  object space 349568K, 100% used [0x18040000,0x2d5a0000,0x2d5a0000)
 PSPermGen       total 65536K, used 61161K [0x10040000, 0x14040000, 0x18040000)
  object space 65536K, 93% used [0x10040000,0x13bfa788,0x14040000)
940.087: [Full GC [PSYoungGen: 58240K->58240K(114944K)] [PSOldGen: 349568K->349568K(349568K)] 407808K->407808K(464512K) [PSPermGen: 61161K->61161K(65536K)], 1.9566518 secs] [Times: user=1.95 sys=0.00, real=1.95 secs] 
Heap after GC invocations=338 (full 210):
 PSYoungGen      total 114944K, used 58240K [0x2d5a0000, 0x37ec0000, 0x38040000)
  eden space 58240K, 100% used [0x2d5a0000,0x30e80000,0x30e80000)
  from space 56704K, 0% used [0x34760000,0x34760000,0x37ec0000)
  to   space 57472K, 0% used [0x30e80000,0x30e80000,0x346a0000)
 PSOldGen        total 349568K, used 349568K [0x18040000, 0x2d5a0000, 0x2d5a0000)
  object space 349568K, 100% used [0x18040000,0x2d5a0000,0x2d5a0000)
 PSPermGen       total 65536K, used 61161K [0x10040000, 0x14040000, 0x18040000)
  object space 65536K, 93% used [0x10040000,0x13bfa788,0x14040000)
}
{Heap before GC invocations=339 (full 211):
 PSYoungGen      total 114944K, used 58240K [0x2d5a0000, 0x37ec0000, 0x38040000)
  eden space 58240K, 100% used [0x2d5a0000,0x30e80000,0x30e80000)
  from space 56704K, 0% used [0x34760000,0x34760000,0x37ec0000)
  to   space 57472K, 0% used [0x30e80000,0x30e80000,0x346a0000)
 PSOldGen        total 349568K, used 349568K [0x18040000, 0x2d5a0000, 0x2d5a0000)
  object space 349568K, 100% used [0x18040000,0x2d5a0000,0x2d5a0000)
 PSPermGen       total 65536K, used 61161K [0x10040000, 0x14040000, 0x18040000)
  object space 65536K, 93% used [0x10040000,0x13bfa788,0x14040000)
942.044: [Full GC [PSYoungGen: 58240K->58208K(114944K)] [PSOldGen: 349568K->349568K(349568K)] 407808K->407776K(464512K) [PSPermGen: 61161K->61161K(65536K)], 1.9485295 secs] [Times: user=1.94 sys=0.01, real=1.95 secs] 
Heap after GC invocations=339 (full 211):
 PSYoungGen      total 114944K, used 58208K [0x2d5a0000, 0x37ec0000, 0x38040000)
  eden space 58240K, 99% used [0x2d5a0000,0x30e78200,0x30e80000)
  from space 56704K, 0% used [0x34760000,0x34760000,0x37ec0000)
  to   space 57472K, 0% used [0x30e80000,0x30e80000,0x346a0000)
 PSOldGen        total 349568K, used 349568K [0x18040000, 0x2d5a0000, 0x2d5a0000)
  object space 349568K, 100% used [0x18040000,0x2d5a0000,0x2d5a0000)
 PSPermGen       total 65536K, used 61161K [0x10040000, 0x14040000, 0x18040000)
  object space 65536K, 93% used [0x10040000,0x13bfa788,0x14040000)
}
Total time for which application threads were stopped: 3.9067161 seconds
Application time: 0.0001972 seconds
{Heap before GC invocations=340 (full 212):
 PSYoungGen      total 114944K, used 58240K [0x2d5a0000, 0x37ec0000, 0x38040000)
  eden space 58240K, 100% used [0x2d5a0000,0x30e80000,0x30e80000)
  from space 56704K, 0% used [0x34760000,0x34760000,0x37ec0000)
  to   space 57472K, 0% used [0x30e80000,0x30e80000,0x346a0000)
 PSOldGen        total 349568K, used 349568K [0x18040000, 0x2d5a0000, 0x2d5a0000)
  object space 349568K, 100% used [0x18040000,0x2d5a0000,0x2d5a0000)
 PSPermGen       total 65536K, used 61161K [0x10040000, 0x14040000, 0x18040000)
  object space 65536K, 93% used [0x10040000,0x13bfa788,0x14040000)
943.994: [Full GC [PSYoungGen: 58240K->58209K(114944K)] [PSOldGen: 349568K->349567K(349568K)] 407808K->407777K(464512K) [PSPermGen: 61161K->61161K(65536K)], 1.9535461 secs] [Times: user=1.95 sys=0.00, real=1.95 secs] 
Heap after GC invocations=340 (full 212):
 PSYoungGen      total 114944K, used 58209K [0x2d5a0000, 0x37ec0000, 0x38040000)
  eden space 58240K, 99% used [0x2d5a0000,0x30e78640,0x30e80000)
  from space 56704K, 0% used [0x34760000,0x34760000,0x37ec0000)
  to   space 57472K, 0% used [0x30e80000,0x30e80000,0x346a0000)
 PSOldGen        total 349568K, used 349567K [0x18040000, 0x2d5a0000, 0x2d5a0000)
  object space 349568K, 99% used [0x18040000,0x2d59ffe8,0x2d5a0000)
 PSPermGen       total 65536K, used 61161K [0x10040000, 0x14040000, 0x18040000)
  object space 65536K, 93% used [0x10040000,0x13bfa788,0x14040000)
}
Total time for which application threads were stopped: 1.9548026 seconds
Application time: 0.0004006 seconds
{Heap before GC invocations=341 (full 213):
 PSYoungGen      total 114944K, used 58240K [0x2d5a0000, 0x37ec0000, 0x38040000)
  eden space 58240K, 100% used [0x2d5a0000,0x30e80000,0x30e80000)
  from space 56704K, 0% used [0x34760000,0x34760000,0x37ec0000)
  to   space 57472K, 0% used [0x30e80000,0x30e80000,0x346a0000)
 PSOldGen        total 349568K, used 349567K [0x18040000, 0x2d5a0000, 0x2d5a0000)
  object space 349568K, 99% used [0x18040000,0x2d59ffe8,0x2d5a0000)
 PSPermGen       total 65536K, used 61161K [0x10040000, 0x14040000, 0x18040000)
  object space 65536K, 93% used [0x10040000,0x13bfa788,0x14040000)
945.949: [Full GC [PSYoungGen: 58240K->58240K(114944K)] [PSOldGen: 349567K->349567K(349568K)] 407807K->407807K(464512K) [PSPermGen: 61161K->61161K(65536K)], 1.9477191 secs] [Times: user=1.94 sys=0.00, real=1.95 secs] 
Heap after GC invocations=341 (full 213):
 PSYoungGen      total 114944K, used 58240K [0x2d5a0000, 0x37ec0000, 0x38040000)
  eden space 58240K, 100% used [0x2d5a0000,0x30e80000,0x30e80000)
  from space 56704K, 0% used [0x34760000,0x34760000,0x37ec0000)
  to   space 57472K, 0% used [0x30e80000,0x30e80000,0x346a0000)
 PSOldGen        total 349568K, used 349567K [0x18040000, 0x2d5a0000, 0x2d5a0000)
  object space 349568K, 99% used [0x18040000,0x2d59ffe8,0x2d5a0000)
 PSPermGen       total 65536K, used 61161K [0x10040000, 0x14040000, 0x18040000)
  object space 65536K, 93% used [0x10040000,0x13bfa788,0x14040000)
}
{Heap before GC invocations=342 (full 214):
 PSYoungGen      total 114944K, used 58240K [0x2d5a0000, 0x37ec0000, 0x38040000)
  eden space 58240K, 100% used [0x2d5a0000,0x30e80000,0x30e80000)
  from space 56704K, 0% used [0x34760000,0x34760000,0x37ec0000)
  to   space 57472K, 0% used [0x30e80000,0x30e80000,0x346a0000)
 PSOldGen        total 349568K, used 349567K [0x18040000, 0x2d5a0000, 0x2d5a0000)
  object space 349568K, 99% used [0x18040000,0x2d59ffe8,0x2d5a0000)
 PSPermGen       total 65536K, used 61161K [0x10040000, 0x14040000, 0x18040000)
  object space 65536K, 93% used [0x10040000,0x13bfa788,0x14040000)
947.897: [Full GC [PSYoungGen: 58240K->58215K(114944K)] [PSOldGen: 349567K->349567K(349568K)] 407807K->407783K(464512K) [PSPermGen: 61161K->61161K(65536K)], 1.9531245 secs] [Times: user=1.95 sys=0.00, real=1.95 secs] 
Heap after GC invocations=342 (full 214):
 PSYoungGen      total 114944K, used 58215K [0x2d5a0000, 0x37ec0000, 0x38040000)
  eden space 58240K, 99% used [0x2d5a0000,0x30e79d18,0x30e80000)
  from space 56704K, 0% used [0x34760000,0x34760000,0x37ec0000)
  to   space 57472K, 0% used [0x30e80000,0x30e80000,0x346a0000)
 PSOldGen        total 349568K, used 349567K [0x18040000, 0x2d5a0000, 0x2d5a0000)
  object space 349568K, 99% used [0x18040000,0x2d59ffa8,0x2d5a0000)
 PSPermGen       total 65536K, used 61161K [0x10040000, 0x14040000, 0x18040000)
  object space 65536K, 93% used [0x10040000,0x13bfa788,0x14040000)
}
Total time for which application threads were stopped: 3.9022306 seconds
Application time: 0.0001905 seconds
{Heap before GC invocations=343 (full 215):
 PSYoungGen      total 114944K, used 58240K [0x2d5a0000, 0x37ec0000, 0x38040000)
  eden space 58240K, 100% used [0x2d5a0000,0x30e80000,0x30e80000)
  from space 56704K, 0% used [0x34760000,0x34760000,0x37ec0000)
  to   space 57472K, 0% used [0x30e80000,0x30e80000,0x346a0000)
 PSOldGen        total 349568K, used 349567K [0x18040000, 0x2d5a0000, 0x2d5a0000)
  object space 349568K, 99% used [0x18040000,0x2d59ffa8,0x2d5a0000)
 PSPermGen       total 65536K, used 61161K [0x10040000, 0x14040000, 0x18040000)
  object space 65536K, 93% used [0x10040000,0x13bfa788,0x14040000)
949.852: [Full GC [PSYoungGen: 58240K->58240K(114944K)] [PSOldGen: 349567K->349567K(349568K)] 407807K->407807K(464512K) [PSPermGen: 61161K->61161K(65536K)], 2.0116560 secs] [Times: user=2.02 sys=0.00, real=2.01 secs] 
Heap after GC invocations=343 (full 215):
 PSYoungGen      total 114944K, used 58240K [0x2d5a0000, 0x37ec0000, 0x38040000)
  eden space 58240K, 100% used [0x2d5a0000,0x30e80000,0x30e80000)
  from space 56704K, 0% used [0x34760000,0x34760000,0x37ec0000)
  to   space 57472K, 0% used [0x30e80000,0x30e80000,0x346a0000)
 PSOldGen        total 349568K, used 349567K [0x18040000, 0x2d5a0000, 0x2d5a0000)
  object space 349568K, 99% used [0x18040000,0x2d59ffa8,0x2d5a0000)
 PSPermGen       total 65536K, used 61161K [0x10040000, 0x14040000, 0x18040000)
  object space 65536K, 93% used [0x10040000,0x13bfa788,0x14040000)
}
Total time for which application threads were stopped: 2.0129550 seconds
Application time: 0.0000721 seconds
{Heap before GC invocations=344 (full 216):
 PSYoungGen      total 114944K, used 58240K [0x2d5a0000, 0x37ec0000, 0x38040000)
  eden space 58240K, 100% used [0x2d5a0000,0x30e80000,0x30e80000)
  from space 56704K, 0% used [0x34760000,0x34760000,0x37ec0000)
  to   space 57472K, 0% used [0x30e80000,0x30e80000,0x346a0000)
 PSOldGen        total 349568K, used 349567K [0x18040000, 0x2d5a0000, 0x2d5a0000)
  object space 349568K, 99% used [0x18040000,0x2d59ffd0,0x2d5a0000)
 PSPermGen       total 65536K, used 61161K [0x10040000, 0x14040000, 0x18040000)
  object space 65536K, 93% used [0x10040000,0x13bfa788,0x14040000)
951.865: [Full GC [PSYoungGen: 58240K->58217K(114944K)] [PSOldGen: 349567K->349567K(349568K)] 407807K->407785K(464512K) [PSPermGen: 61161K->61161K(65536K)], 1.9690436 secs] [Times: user=1.95 sys=0.00, real=1.97 secs] 
Heap after GC invocations=344 (full 216):
 PSYoungGen      total 114944K, used 58217K [0x2d5a0000, 0x37ec0000, 0x38040000)
  eden space 58240K, 99% used [0x2d5a0000,0x30e7a6e0,0x30e80000)
  from space 56704K, 0% used [0x34760000,0x34760000,0x37ec0000)
  to   space 57472K, 0% used [0x30e80000,0x30e80000,0x346a0000)
 PSOldGen        total 349568K, used 349567K [0x18040000, 0x2d5a0000, 0x2d5a0000)
  object space 349568K, 99% used [0x18040000,0x2d59ffa8,0x2d5a0000)
 PSPermGen       total 65536K, used 61161K [0x10040000, 0x14040000, 0x18040000)
  object space 65536K, 93% used [0x10040000,0x13bfa788,0x14040000)
}
Total time for which application threads were stopped: 1.9702250 seconds
Application time: 0.0003017 seconds
{Heap before GC invocations=345 (full 217):
 PSYoungGen      total 114944K, used 58240K [0x2d5a0000, 0x37ec0000, 0x38040000)
  eden space 58240K, 100% used [0x2d5a0000,0x30e80000,0x30e80000)
  from space 56704K, 0% used [0x34760000,0x34760000,0x37ec0000)
  to   space 57472K, 0% used [0x30e80000,0x30e80000,0x346a0000)
 PSOldGen        total 349568K, used 349567K [0x18040000, 0x2d5a0000, 0x2d5a0000)
  object space 349568K, 99% used [0x18040000,0x2d59ffa8,0x2d5a0000)
 PSPermGen       total 65536K, used 61161K [0x10040000, 0x14040000, 0x18040000)
  object space 65536K, 93% used [0x10040000,0x13bfa788,0x14040000)
953.835: [Full GC [PSYoungGen: 58240K->58240K(114944K)] [PSOldGen: 349567K->349567K(349568K)] 407807K->407807K(464512K) [PSPermGen: 61161K->61161K(65536K)], 1.9445340 secs] [Times: user=1.95 sys=0.00, real=1.95 secs] 
Heap after GC invocations=345 (full 217):
 PSYoungGen      total 114944K, used 58240K [0x2d5a0000, 0x37ec0000, 0x38040000)
  eden space 58240K, 100% used [0x2d5a0000,0x30e80000,0x30e80000)
  from space 56704K, 0% used [0x34760000,0x34760000,0x37ec0000)
  to   space 57472K, 0% used [0x30e80000,0x30e80000,0x346a0000)
 PSOldGen        total 349568K, used 349567K [0x18040000, 0x2d5a0000, 0x2d5a0000)
  object space 349568K, 99% used [0x18040000,0x2d59ffa8,0x2d5a0000)
 PSPermGen       total 65536K, used 61161K [0x10040000, 0x14040000, 0x18040000)
  object space 65536K, 93% used [0x10040000,0x13bfa788,0x14040000)
}
Total time for which application threads were stopped: 1.9458060 seconds
Application time: 0.0005339 seconds
{Heap before GC invocations=346 (full 218):
 PSYoungGen      total 114944K, used 58240K [0x2d5a0000, 0x37ec0000, 0x38040000)
  eden space 58240K, 100% used [0x2d5a0000,0x30e80000,0x30e80000)
  from space 56704K, 0% used [0x34760000,0x34760000,0x37ec0000)
  to   space 57472K, 0% used [0x30e80000,0x30e80000,0x346a0000)
 PSOldGen        total 349568K, used 349567K [0x18040000, 0x2d5a0000, 0x2d5a0000)
  object space 349568K, 99% used [0x18040000,0x2d59ffb8,0x2d5a0000)
 PSPermGen       total 65536K, used 61161K [0x10040000, 0x14040000, 0x18040000)
  object space 65536K, 93% used [0x10040000,0x13bfa788,0x14040000)
955.782: [Full GC [PSYoungGen: 58240K->58240K(114944K)] [PSOldGen: 349567K->349567K(349568K)] 407807K->407807K(464512K) [PSPermGen: 61161K->61161K(65536K)], 1.9510530 secs] [Times: user=1.95 sys=0.00, real=1.95 secs] 
Heap after GC invocations=346 (full 218):
 PSYoungGen      total 114944K, used 58240K [0x2d5a0000, 0x37ec0000, 0x38040000)
  eden space 58240K, 100% used [0x2d5a0000,0x30e80000,0x30e80000)
  from space 56704K, 0% used [0x34760000,0x34760000,0x37ec0000)
  to   space 57472K, 0% used [0x30e80000,0x30e80000,0x346a0000)
 PSOldGen        total 349568K, used 349567K [0x18040000, 0x2d5a0000, 0x2d5a0000)
  object space 349568K, 99% used [0x18040000,0x2d59ffb8,0x2d5a0000)
 PSPermGen       total 65536K, used 61161K [0x10040000, 0x14040000, 0x18040000)
  object space 65536K, 93% used [0x10040000,0x13bfa788,0x14040000)
}
Total time for which application threads were stopped: 1.9522906 seconds
Application time: 0.0000684 seconds
{Heap before GC invocations=347 (full 219):
 PSYoungGen      total 114944K, used 58240K [0x2d5a0000, 0x37ec0000, 0x38040000)
  eden space 58240K, 100% used [0x2d5a0000,0x30e80000,0x30e80000)
  from space 56704K, 0% used [0x34760000,0x34760000,0x37ec0000)
  to   space 57472K, 0% used [0x30e80000,0x30e80000,0x346a0000)
 PSOldGen        total 349568K, used 349567K [0x18040000, 0x2d5a0000, 0x2d5a0000)
  object space 349568K, 99% used [0x18040000,0x2d59ffd0,0x2d5a0000)
 PSPermGen       total 65536K, used 61161K [0x10040000, 0x14040000, 0x18040000)
  object space 65536K, 93% used [0x10040000,0x13bfa788,0x14040000)
957.734: [Full GC [PSYoungGen: 58240K->58240K(114944K)] [PSOldGen: 349567K->349567K(349568K)] 407807K->407807K(464512K) [PSPermGen: 61161K->61161K(65536K)], 1.9469625 secs] [Times: user=1.94 sys=0.00, real=1.94 secs] 
Heap after GC invocations=347 (full 219):
 PSYoungGen      total 114944K, used 58240K [0x2d5a0000, 0x37ec0000, 0x38040000)
  eden space 58240K, 100% used [0x2d5a0000,0x30e80000,0x30e80000)
  from space 56704K, 0% used [0x34760000,0x34760000,0x37ec0000)
  to   space 57472K, 0% used [0x30e80000,0x30e80000,0x346a0000)
 PSOldGen        total 349568K, used 349567K [0x18040000, 0x2d5a0000, 0x2d5a0000)
  object space 349568K, 99% used [0x18040000,0x2d59ffd0,0x2d5a0000)
 PSPermGen       total 65536K, used 61161K [0x10040000, 0x14040000, 0x18040000)
  object space 65536K, 93% used [0x10040000,0x13bfa788,0x14040000)
}
Total time for which application threads were stopped: 1.9482334 seconds
Application time: 0.0000531 seconds
{Heap before GC invocations=348 (full 220):
 PSYoungGen      total 114944K, used 58240K [0x2d5a0000, 0x37ec0000, 0x38040000)
  eden space 58240K, 100% used [0x2d5a0000,0x30e80000,0x30e80000)
  from space 56704K, 0% used [0x34760000,0x34760000,0x37ec0000)
  to   space 57472K, 0% used [0x30e80000,0x30e80000,0x346a0000)
 PSOldGen        total 349568K, used 349568K [0x18040000, 0x2d5a0000, 0x2d5a0000)
  object space 349568K, 100% used [0x18040000,0x2d5a0000,0x2d5a0000)
 PSPermGen       total 65536K, used 61161K [0x10040000, 0x14040000, 0x18040000)
  object space 65536K, 93% used [0x10040000,0x13bfa788,0x14040000)
959.682: [Full GC [PSYoungGen: 58240K->58217K(114944K)] [PSOldGen: 349568K->349567K(349568K)] 407808K->407785K(464512K) [PSPermGen: 61161K->61161K(65536K)], 2.0263075 secs] [Times: user=2.03 sys=0.00, real=2.03 secs] 
Heap after GC invocations=348 (full 220):
 PSYoungGen      total 114944K, used 58217K [0x2d5a0000, 0x37ec0000, 0x38040000)
  eden space 58240K, 99% used [0x2d5a0000,0x30e7a670,0x30e80000)
  from space 56704K, 0% used [0x34760000,0x34760000,0x37ec0000)
  to   space 57472K, 0% used [0x30e80000,0x30e80000,0x346a0000)
 PSOldGen        total 349568K, used 349567K [0x18040000, 0x2d5a0000, 0x2d5a0000)
  object space 349568K, 99% used [0x18040000,0x2d59fff0,0x2d5a0000)
 PSPermGen       total 65536K, used 61161K [0x10040000, 0x14040000, 0x18040000)
  object space 65536K, 93% used [0x10040000,0x13bfa788,0x14040000)
}
Total time for which application threads were stopped: 2.0275217 seconds
Application time: 0.0003157 seconds
{Heap before GC invocations=349 (full 221):
 PSYoungGen      total 114944K, used 58240K [0x2d5a0000, 0x37ec0000, 0x38040000)
  eden space 58240K, 100% used [0x2d5a0000,0x30e80000,0x30e80000)
  from space 56704K, 0% used [0x34760000,0x34760000,0x37ec0000)
  to   space 57472K, 0% used [0x30e80000,0x30e80000,0x346a0000)
 PSOldGen        total 349568K, used 349567K [0x18040000, 0x2d5a0000, 0x2d5a0000)
  object space 349568K, 99% used [0x18040000,0x2d59fff0,0x2d5a0000)
 PSPermGen       total 65536K, used 61162K [0x10040000, 0x14040000, 0x18040000)
  object space 65536K, 93% used [0x10040000,0x13bfa818,0x14040000)
961.710: [Full GC [PSYoungGen: 58240K->58240K(114944K)] [PSOldGen: 349567K->349567K(349568K)] 407807K->407807K(464512K) [PSPermGen: 61162K->61162K(65536K)], 1.9456509 secs] [Times: user=1.95 sys=0.00, real=1.95 secs] 
Heap after GC invocations=349 (full 221):
 PSYoungGen      total 114944K, used 58240K [0x2d5a0000, 0x37ec0000, 0x38040000)
  eden space 58240K, 100% used [0x2d5a0000,0x30e80000,0x30e80000)
  from space 56704K, 0% used [0x34760000,0x34760000,0x37ec0000)
  to   space 57472K, 0% used [0x30e80000,0x30e80000,0x346a0000)
 PSOldGen        total 349568K, used 349567K [0x18040000, 0x2d5a0000, 0x2d5a0000)
  object space 349568K, 99% used [0x18040000,0x2d59fff0,0x2d5a0000)
 PSPermGen       total 65536K, used 61162K [0x10040000, 0x14040000, 0x18040000)
  object space 65536K, 93% used [0x10040000,0x13bfa818,0x14040000)
}
{Heap before GC invocations=350 (full 222):
 PSYoungGen      total 114944K, used 58240K [0x2d5a0000, 0x37ec0000, 0x38040000)
  eden space 58240K, 100% used [0x2d5a0000,0x30e80000,0x30e80000)
  from space 56704K, 0% used [0x34760000,0x34760000,0x37ec0000)
  to   space 57472K, 0% used [0x30e80000,0x30e80000,0x346a0000)
 PSOldGen        total 349568K, used 349567K [0x18040000, 0x2d5a0000, 0x2d5a0000)
  object space 349568K, 99% used [0x18040000,0x2d59fff0,0x2d5a0000)
 PSPermGen       total 65536K, used 61162K [0x10040000, 0x14040000, 0x18040000)
  object space 65536K, 93% used [0x10040000,0x13bfa818,0x14040000)
963.656: [Full GC [PSYoungGen: 58240K->58216K(114944K)] [PSOldGen: 349567K->349567K(349568K)] 407807K->407784K(464512K) [PSPermGen: 61162K->61161K(65536K)], 2.0269300 secs] [Times: user=2.00 sys=0.00, real=2.01 secs] 
Heap after GC invocations=350 (full 222):
 PSYoungGen      total 114944K, used 58216K [0x2d5a0000, 0x37ec0000, 0x38040000)
  eden space 58240K, 99% used [0x2d5a0000,0x30e7a3f8,0x30e80000)
  from space 56704K, 0% used [0x34760000,0x34760000,0x37ec0000)
  to   space 57472K, 0% used [0x30e80000,0x30e80000,0x346a0000)
 PSOldGen        total 349568K, used 349567K [0x18040000, 0x2d5a0000, 0x2d5a0000)
  object space 349568K, 99% used [0x18040000,0x2d59ffe8,0x2d5a0000)
 PSPermGen       total 65536K, used 61161K [0x10040000, 0x14040000, 0x18040000)
  object space 65536K, 93% used [0x10040000,0x13bfa788,0x14040000)
}
Total time for which application threads were stopped: 3.9740297 seconds
Application time: 0.0007526 seconds
{Heap before GC invocations=351 (full 223):
 PSYoungGen      total 114944K, used 58240K [0x2d5a0000, 0x37ec0000, 0x38040000)
  eden space 58240K, 100% used [0x2d5a0000,0x30e80000,0x30e80000)
  from space 56704K, 0% used [0x34760000,0x34760000,0x37ec0000)
  to   space 57472K, 0% used [0x30e80000,0x30e80000,0x346a0000)
 PSOldGen        total 349568K, used 349567K [0x18040000, 0x2d5a0000, 0x2d5a0000)
  object space 349568K, 99% used [0x18040000,0x2d59ffe8,0x2d5a0000)
 PSPermGen       total 65536K, used 61162K [0x10040000, 0x14040000, 0x18040000)
  object space 65536K, 93% used [0x10040000,0x13bfa818,0x14040000)
965.685: [Full GC [PSYoungGen: 58240K->58240K(114944K)] [PSOldGen: 349567K->349567K(349568K)] 407807K->407807K(464512K) [PSPermGen: 61162K->61162K(65536K)], 1.9840231 secs] [Times: user=1.95 sys=0.00, real=1.97 secs] 
Heap after GC invocations=351 (full 223):
 PSYoungGen      total 114944K, used 58240K [0x2d5a0000, 0x37ec0000, 0x38040000)
  eden space 58240K, 100% used [0x2d5a0000,0x30e80000,0x30e80000)
  from space 56704K, 0% used [0x34760000,0x34760000,0x37ec0000)
  to   space 57472K, 0% used [0x30e80000,0x30e80000,0x346a0000)
 PSOldGen        total 349568K, used 349567K [0x18040000, 0x2d5a0000, 0x2d5a0000)
  object space 349568K, 99% used [0x18040000,0x2d59ffe8,0x2d5a0000)
 PSPermGen       total 65536K, used 61162K [0x10040000, 0x14040000, 0x18040000)
  object space 65536K, 93% used [0x10040000,0x13bfa818,0x14040000)
}
Total time for which application threads were stopped: 1.9855767 seconds
Application time: 0.0003095 seconds
{Heap before GC invocations=352 (full 224):
 PSYoungGen      total 114944K, used 58240K [0x2d5a0000, 0x37ec0000, 0x38040000)
  eden space 58240K, 100% used [0x2d5a0000,0x30e80000,0x30e80000)
  from space 56704K, 0% used [0x34760000,0x34760000,0x37ec0000)
  to   space 57472K, 0% used [0x30e80000,0x30e80000,0x346a0000)
 PSOldGen        total 349568K, used 349568K [0x18040000, 0x2d5a0000, 0x2d5a0000)
  object space 349568K, 100% used [0x18040000,0x2d5a0000,0x2d5a0000)
 PSPermGen       total 65536K, used 61162K [0x10040000, 0x14040000, 0x18040000)
  object space 65536K, 93% used [0x10040000,0x13bfa818,0x14040000)
967.673: [Full GC [PSYoungGen: 58240K->58220K(114944K)] [PSOldGen: 349568K->349568K(349568K)] 407808K->407788K(464512K) [PSPermGen: 61162K->61162K(65536K)], 1.9933726 secs] [Times: user=1.94 sys=0.00, real=1.99 secs] 
Heap after GC invocations=352 (full 224):
 PSYoungGen      total 114944K, used 58220K [0x2d5a0000, 0x37ec0000, 0x38040000)
  eden space 58240K, 99% used [0x2d5a0000,0x30e7b060,0x30e80000)
  from space 56704K, 0% used [0x34760000,0x34760000,0x37ec0000)
  to   space 57472K, 0% used [0x30e80000,0x30e80000,0x346a0000)
 PSOldGen        total 349568K, used 349568K [0x18040000, 0x2d5a0000, 0x2d5a0000)
  object space 349568K, 100% used [0x18040000,0x2d5a0000,0x2d5a0000)
 PSPermGen       total 65536K, used 61162K [0x10040000, 0x14040000, 0x18040000)
  object space 65536K, 93% used [0x10040000,0x13bfa818,0x14040000)
}
Total time for which application threads were stopped: 1.9963643 seconds
Application time: 0.0002514 seconds
{Heap before GC invocations=353 (full 225):
 PSYoungGen      total 114944K, used 58240K [0x2d5a0000, 0x37ec0000, 0x38040000)
  eden space 58240K, 100% used [0x2d5a0000,0x30e80000,0x30e80000)
  from space 56704K, 0% used [0x34760000,0x34760000,0x37ec0000)
  to   space 57472K, 0% used [0x30e80000,0x30e80000,0x346a0000)
 PSOldGen        total 349568K, used 349568K [0x18040000, 0x2d5a0000, 0x2d5a0000)
  object space 349568K, 100% used [0x18040000,0x2d5a0000,0x2d5a0000)
 PSPermGen       total 65536K, used 61162K [0x10040000, 0x14040000, 0x18040000)
  object space 65536K, 93% used [0x10040000,0x13bfa818,0x14040000)
969.667: [Full GC [PSYoungGen: 58240K->58240K(114944K)] [PSOldGen: 349568K->349568K(349568K)] 407808K->407808K(464512K) [PSPermGen: 61162K->61162K(65536K)], 1.9563213 secs] [Times: user=1.95 sys=0.00, real=1.97 secs] 
Heap after GC invocations=353 (full 225):
 PSYoungGen      total 114944K, used 58240K [0x2d5a0000, 0x37ec0000, 0x38040000)
  eden space 58240K, 100% used [0x2d5a0000,0x30e80000,0x30e80000)
  from space 56704K, 0% used [0x34760000,0x34760000,0x37ec0000)
  to   space 57472K, 0% used [0x30e80000,0x30e80000,0x346a0000)
 PSOldGen        total 349568K, used 349568K [0x18040000, 0x2d5a0000, 0x2d5a0000)
  object space 349568K, 100% used [0x18040000,0x2d5a0000,0x2d5a0000)
 PSPermGen       total 65536K, used 61162K [0x10040000, 0x14040000, 0x18040000)
  object space 65536K, 93% used [0x10040000,0x13bfa818,0x14040000)
}
{Heap before GC invocations=354 (full 226):
 PSYoungGen      total 114944K, used 58240K [0x2d5a0000, 0x37ec0000, 0x38040000)
  eden space 58240K, 100% used [0x2d5a0000,0x30e80000,0x30e80000)
  from space 56704K, 0% used [0x34760000,0x34760000,0x37ec0000)
  to   space 57472K, 0% used [0x30e80000,0x30e80000,0x346a0000)
 PSOldGen        total 349568K, used 349568K [0x18040000, 0x2d5a0000, 0x2d5a0000)
  object space 349568K, 100% used [0x18040000,0x2d5a0000,0x2d5a0000)
 PSPermGen       total 65536K, used 61162K [0x10040000, 0x14040000, 0x18040000)
  object space 65536K, 93% used [0x10040000,0x13bfa818,0x14040000)
971.624: [Full GC [PSYoungGen: 58240K->58219K(114944K)] [PSOldGen: 349568K->349568K(349568K)] 407808K->407787K(464512K) [PSPermGen: 61162K->61161K(65536K)], 2.0427471 secs] [Times: user=2.02 sys=0.00, real=2.03 secs] 
Heap after GC invocations=354 (full 226):
 PSYoungGen      total 114944K, used 58219K [0x2d5a0000, 0x37ec0000, 0x38040000)
  eden space 58240K, 99% used [0x2d5a0000,0x30e7afb0,0x30e80000)
  from space 56704K, 0% used [0x34760000,0x34760000,0x37ec0000)
  to   space 57472K, 0% used [0x30e80000,0x30e80000,0x346a0000)
 PSOldGen        total 349568K, used 349568K [0x18040000, 0x2d5a0000, 0x2d5a0000)
  object space 349568K, 100% used [0x18040000,0x2d5a0000,0x2d5a0000)
 PSPermGen       total 65536K, used 61161K [0x10040000, 0x14040000, 0x18040000)
  object space 65536K, 93% used [0x10040000,0x13bfa788,0x14040000)
}
Total time for which application threads were stopped: 4.0005009 seconds
Application time: 0.0006970 seconds
{Heap before GC invocations=355 (full 227):
 PSYoungGen      total 114944K, used 58240K [0x2d5a0000, 0x37ec0000, 0x38040000)
  eden space 58240K, 100% used [0x2d5a0000,0x30e80000,0x30e80000)
  from space 56704K, 0% used [0x34760000,0x34760000,0x37ec0000)
  to   space 57472K, 0% used [0x30e80000,0x30e80000,0x346a0000)
 PSOldGen        total 349568K, used 349568K [0x18040000, 0x2d5a0000, 0x2d5a0000)
  object space 349568K, 100% used [0x18040000,0x2d5a0000,0x2d5a0000)
 PSPermGen       total 65536K, used 61161K [0x10040000, 0x14040000, 0x18040000)
  object space 65536K, 93% used [0x10040000,0x13bfa788,0x14040000)
973.669: [Full GC [PSYoungGen: 58240K->58240K(114944K)] [PSOldGen: 349568K->349568K(349568K)] 407808K->407808K(464512K) [PSPermGen: 61161K->61161K(65536K)], 1.9861373 secs] [Times: user=1.98 sys=0.00, real=2.00 secs] 
Heap after GC invocations=355 (full 227):
 PSYoungGen      total 114944K, used 58240K [0x2d5a0000, 0x37ec0000, 0x38040000)
  eden space 58240K, 100% used [0x2d5a0000,0x30e80000,0x30e80000)
  from space 56704K, 0% used [0x34760000,0x34760000,0x37ec0000)
  to   space 57472K, 0% used [0x30e80000,0x30e80000,0x346a0000)
 PSOldGen        total 349568K, used 349568K [0x18040000, 0x2d5a0000, 0x2d5a0000)
  object space 349568K, 100% used [0x18040000,0x2d5a0000,0x2d5a0000)
 PSPermGen       total 65536K, used 61161K [0x10040000, 0x14040000, 0x18040000)
  object space 65536K, 93% used [0x10040000,0x13bfa788,0x14040000)
}
{Heap before GC invocations=356 (full 228):
 PSYoungGen      total 114944K, used 58240K [0x2d5a0000, 0x37ec0000, 0x38040000)
  eden space 58240K, 100% used [0x2d5a0000,0x30e80000,0x30e80000)
  from space 56704K, 0% used [0x34760000,0x34760000,0x37ec0000)
  to   space 57472K, 0% used [0x30e80000,0x30e80000,0x346a0000)
 PSOldGen        total 349568K, used 349568K [0x18040000, 0x2d5a0000, 0x2d5a0000)
  object space 349568K, 100% used [0x18040000,0x2d5a0000,0x2d5a0000)
 PSPermGen       total 65536K, used 61161K [0x10040000, 0x14040000, 0x18040000)
  object space 65536K, 93% used [0x10040000,0x13bfa788,0x14040000)
975.655: [Full GC [PSYoungGen: 58240K->58220K(114944K)] [PSOldGen: 349568K->349568K(349568K)] 407808K->407788K(464512K) [PSPermGen: 61161K->61161K(65536K)], 2.0233002 secs] [Times: user=2.00 sys=0.00, real=2.02 secs] 
Heap after GC invocations=356 (full 228):
 PSYoungGen      total 114944K, used 58220K [0x2d5a0000, 0x37ec0000, 0x38040000)
  eden space 58240K, 99% used [0x2d5a0000,0x30e7b0f8,0x30e80000)
  from space 56704K, 0% used [0x34760000,0x34760000,0x37ec0000)
  to   space 57472K, 0% used [0x30e80000,0x30e80000,0x346a0000)
 PSOldGen        total 349568K, used 349568K [0x18040000, 0x2d5a0000, 0x2d5a0000)
  object space 349568K, 100% used [0x18040000,0x2d5a0000,0x2d5a0000)
 PSPermGen       total 65536K, used 61161K [0x10040000, 0x14040000, 0x18040000)
  object space 65536K, 93% used [0x10040000,0x13bfa788,0x14040000)
}
Total time for which application threads were stopped: 4.0109978 seconds
Application time: 0.0002506 seconds
{Heap before GC invocations=357 (full 229):
 PSYoungGen      total 114944K, used 58240K [0x2d5a0000, 0x37ec0000, 0x38040000)
  eden space 58240K, 100% used [0x2d5a0000,0x30e80000,0x30e80000)
  from space 56704K, 0% used [0x34760000,0x34760000,0x37ec0000)
  to   space 57472K, 0% used [0x30e80000,0x30e80000,0x346a0000)
 PSOldGen        total 349568K, used 349568K [0x18040000, 0x2d5a0000, 0x2d5a0000)
  object space 349568K, 100% used [0x18040000,0x2d5a0000,0x2d5a0000)
 PSPermGen       total 65536K, used 61161K [0x10040000, 0x14040000, 0x18040000)
  object space 65536K, 93% used [0x10040000,0x13bfa788,0x14040000)
977.680: [Full GC [PSYoungGen: 58240K->58240K(114944K)] [PSOldGen: 349568K->349568K(349568K)] 407808K->407808K(464512K) [PSPermGen: 61161K->61161K(65536K)], 1.9740316 secs] [Times: user=1.95 sys=0.00, real=1.97 secs] 
Heap after GC invocations=357 (full 229):
 PSYoungGen      total 114944K, used 58240K [0x2d5a0000, 0x37ec0000, 0x38040000)
  eden space 58240K, 100% used [0x2d5a0000,0x30e80000,0x30e80000)
  from space 56704K, 0% used [0x34760000,0x34760000,0x37ec0000)
  to   space 57472K, 0% used [0x30e80000,0x30e80000,0x346a0000)
 PSOldGen        total 349568K, used 349568K [0x18040000, 0x2d5a0000, 0x2d5a0000)
  object space 349568K, 100% used [0x18040000,0x2d5a0000,0x2d5a0000)
 PSPermGen       total 65536K, used 61161K [0x10040000, 0x14040000, 0x18040000)
  object space 65536K, 93% used [0x10040000,0x13bfa788,0x14040000)
}
{Heap before GC invocations=358 (full 230):
 PSYoungGen      total 114944K, used 58240K [0x2d5a0000, 0x37ec0000, 0x38040000)
  eden space 58240K, 100% used [0x2d5a0000,0x30e80000,0x30e80000)
  from space 56704K, 0% used [0x34760000,0x34760000,0x37ec0000)
  to   space 57472K, 0% used [0x30e80000,0x30e80000,0x346a0000)
 PSOldGen        total 349568K, used 349568K [0x18040000, 0x2d5a0000, 0x2d5a0000)
  object space 349568K, 100% used [0x18040000,0x2d5a0000,0x2d5a0000)
 PSPermGen       total 65536K, used 61161K [0x10040000, 0x14040000, 0x18040000)
  object space 65536K, 93% used [0x10040000,0x13bfa788,0x14040000)
979.654: [Full GC [PSYoungGen: 58240K->58220K(114944K)] [PSOldGen: 349568K->349568K(349568K)] 407808K->407788K(464512K) [PSPermGen: 61161K->61161K(65536K)], 1.9667002 secs] [Times: user=1.95 sys=0.00, real=1.95 secs] 
Heap after GC invocations=358 (full 230):
 PSYoungGen      total 114944K, used 58220K [0x2d5a0000, 0x37ec0000, 0x38040000)
  eden space 58240K, 99% used [0x2d5a0000,0x30e7b170,0x30e80000)
  from space 56704K, 0% used [0x34760000,0x34760000,0x37ec0000)
  to   space 57472K, 0% used [0x30e80000,0x30e80000,0x346a0000)
 PSOldGen        total 349568K, used 349568K [0x18040000, 0x2d5a0000, 0x2d5a0000)
  object space 349568K, 100% used [0x18040000,0x2d5a0000,0x2d5a0000)
 PSPermGen       total 65536K, used 61161K [0x10040000, 0x14040000, 0x18040000)
  object space 65536K, 93% used [0x10040000,0x13bfa788,0x14040000)
}
Total time for which application threads were stopped: 3.9421988 seconds
Heap
 PSYoungGen      total 114944K, used 58232K [0x2d5a0000, 0x37ec0000, 0x38040000)
  eden space 58240K, 99% used [0x2d5a0000,0x30e7e030,0x30e80000)
  from space 56704K, 0% used [0x34760000,0x34760000,0x37ec0000)
  to  Application time: 0.0006573 seconds
 space 57472K, 0% used [0x30e80000,0x30e80000,0x346a0000)
 PSOldGen        total 349568K, used 349568K [0x18040000, 0x2d5a0000, 0x2d5a0000)
  object space 349568K, 100% used [0x18040000,0x2d5a0000,0x2d5a0000)
 PSPermGen       total 65536K, used 61161K [0x10040000, 0x14040000, 0x18040000)
  object space 65536K, 93% used [0x10040000,0x13bfa788,0x14040000)
{Heap before GC invocations=359 (full 231):
 PSYoungGen      total 114944K, used 58240K [0x2d5a0000, 0x37ec0000, 0x38040000)
  eden space 58240K, 100% used [0x2d5a0000,0x30e80000,0x30e80000)
  from space 56704K, 0% used [0x34760000,0x34760000,0x37ec0000)
  to   space 57472K, 0% used [0x30e80000,0x30e80000,0x346a0000)
 PSOldGen        total 349568K, used 349568K [0x18040000, 0x2d5a0000, 0x2d5a0000)
  object space 349568K, 100% used [0x18040000,0x2d5a0000,0x2d5a0000)
 PSPermGen       total 65536K, used 61161K [0x10040000, 0x14040000, 0x18040000)
  object space 65536K, 93% used [0x10040000,0x13bfa788,0x14040000)
981.623: [Full GC [PSYoungGen: 58240K->58240K(114944K)] [PSOldGen: 349568K->349568K(349568K)] 407808K->407808K(464512K) [PSPermGen: 61161K->61161K(65536K)], 1.9854694 secs] [Times: user=1.97 sys=0.00, real=1.98 secs] 
Heap after GC invocations=359 (full 231):
 PSYoungGen      total 114944K, used 58240K [0x2d5a0000, 0x37ec0000, 0x38040000)
  eden space 58240K, 100% used [0x2d5a0000,0x30e80000,0x30e80000)
  from space 56704K, 0% used [0x34760000,0x34760000,0x37ec0000)
  to   space 57472K, 0% used [0x30e80000,0x30e80000,0x346a0000)
 PSOldGen        total 349568K, used 349568K [0x18040000, 0x2d5a0000, 0x2d5a0000)
  object space 349568K, 100% used [0x18040000,0x2d5a0000,0x2d5a0000)
 PSPermGen       total 65536K, used 61161K [0x10040000, 0x14040000, 0x18040000)
  object space 65536K, 93% used [0x10040000,0x13bfa788,0x14040000)
}
{Heap before GC invocations=360 (full 232):
 PSYoungGen      total 114944K, used 58240K [0x2d5a0000, 0x37ec0000, 0x38040000)
  eden space 58240K, 100% used [0x2d5a0000,0x30e80000,0x30e80000)
  from space 56704K, 0% used [0x34760000,0x34760000,0x37ec0000)
  to   space 57472K, 0% used [0x30e80000,0x30e80000,0x346a0000)
 PSOldGen        total 349568K, used 349568K [0x18040000, 0x2d5a0000, 0x2d5a0000)
  object space 349568K, 100% used [0x18040000,0x2d5a0000,0x2d5a0000)
 PSPermGen       total 65536K, used 61161K [0x10040000, 0x14040000, 0x18040000)
  object space 65536K, 93% used [0x10040000,0x13bfa788,0x14040000)
983.609: [Full GC [PSYoungGen: 58240K->58219K(114944K)] [PSOldGen: 349568K->349568K(349568K)] 407808K->407787K(464512K) [PSPermGen: 61161K->61161K(65536K)], 2.4071640 secs] [Times: user=2.38 sys=0.00, real=2.41 secs] 
Heap after GC invocations=360 (full 232):
 PSYoungGen      total 114944K, used 58219K [0x2d5a0000, 0x37ec0000, 0x38040000)
  eden space 58240K, 99% used [0x2d5a0000,0x30e7ad60,0x30e80000)
  from space 56704K, 0% used [0x34760000,0x34760000,0x37ec0000)
  to   space 57472K, 0% used [0x30e80000,0x30e80000,0x346a0000)
 PSOldGen        total 349568K, used 349568K [0x18040000, 0x2d5a0000, 0x2d5a0000)
  object space 349568K, 100% used [0x18040000,0x2d5a0000,0x2d5a0000)
 PSPermGen       total 65536K, used 61161K [0x10040000, 0x14040000, 0x18040000)
  object space 65536K, 93% used [0x10040000,0x13bfa788,0x14040000)
}
Total time for which application threads were stopped: 4.3942834 seconds
Application time: 0.0002185 seconds
{Heap before GC invocations=361 (full 233):
 PSYoungGen      total 114944K, used 58240K [0x2d5a0000, 0x37ec0000, 0x38040000)
  eden space 58240K, 100% used [0x2d5a0000,0x30e80000,0x30e80000)
  from space 56704K, 0% used [0x34760000,0x34760000,0x37ec0000)
  to   space 57472K, 0% used [0x30e80000,0x30e80000,0x346a0000)
 PSOldGen        total 349568K, used 349568K [0x18040000, 0x2d5a0000, 0x2d5a0000)
  object space 349568K, 100% used [0x18040000,0x2d5a0000,0x2d5a0000)
 PSPermGen       total 65536K, used 61161K [0x10040000, 0x14040000, 0x18040000)
  object space 65536K, 93% used [0x10040000,0x13bfa788,0x14040000)
986.017: [Full GC [PSYoungGen: 58240K->58240K(114944K)] [PSOldGen: 349568K->349568K(349568K)] 407808K->407808K(464512K) [PSPermGen: 61161K->61161K(65536K)], 1.9635870 secs] [Times: user=1.94 sys=0.00, real=1.95 secs] 
Heap after GC invocations=361 (full 233):
 PSYoungGen      total 114944K, used 58240K [0x2d5a0000, 0x37ec0000, 0x38040000)
  eden space 58240K, 100% used [0x2d5a0000,0x30e80000,0x30e80000)
  from space 56704K, 0% used [0x34760000,0x34760000,0x37ec0000)
  to   space 57472K, 0% used [0x30e80000,0x30e80000,0x346a0000)
 PSOldGen        total 349568K, used 349568K [0x18040000, 0x2d5a0000, 0x2d5a0000)
  object space 349568K, 100% used [0x18040000,0x2d5a0000,0x2d5a0000)
 PSPermGen       total 65536K, used 61161K [0x10040000, 0x14040000, 0x18040000)
  object space 65536K, 93% used [0x10040000,0x13bfa788,0x14040000)
}
{Heap before GC invocations=362 (full 234):
 PSYoungGen      total 114944K, used 58240K [0x2d5a0000, 0x37ec0000, 0x38040000)
  eden space 58240K, 100% used [0x2d5a0000,0x30e80000,0x30e80000)
  from space 56704K, 0% used [0x34760000,0x34760000,0x37ec0000)
  to   space 57472K, 0% used [0x30e80000,0x30e80000,0x346a0000)
 PSOldGen        total 349568K, used 349568K [0x18040000, 0x2d5a0000, 0x2d5a0000)
  object space 349568K, 100% used [0x18040000,0x2d5a0000,0x2d5a0000)
 PSPermGen       total 65536K, used 61161K [0x10040000, 0x14040000, 0x18040000)
  object space 65536K, 93% used [0x10040000,0x13bfa788,0x14040000)
987.981: [Full GC [PSYoungGen: 58240K->58219K(114944K)] [PSOldGen: 349568K->349568K(349568K)] 407808K->407787K(464512K) [PSPermGen: 61161K->61161K(65536K)], 1.9660669 secs] [Times: user=1.95 sys=0.00, real=1.97 secs] 
Heap after GC invocations=362 (full 234):
 PSYoungGen      total 114944K, used 58219K [0x2d5a0000, 0x37ec0000, 0x38040000)
  eden space 58240K, 99% used [0x2d5a0000,0x30e7afb0,0x30e80000)
  from space 56704K, 0% used [0x34760000,0x34760000,0x37ec0000)
  to   space 57472K, 0% used [0x30e80000,0x30e80000,0x346a0000)
 PSOldGen        total 349568K, used 349568K [0x18040000, 0x2d5a0000, 0x2d5a0000)
  object space 349568K, 100% used [0x18040000,0x2d5a0000,0x2d5a0000)
 PSPermGen       total 65536K, used 61161K [0x10040000, 0x14040000, 0x18040000)
  object space 65536K, 93% used [0x10040000,0x13bfa788,0x14040000)
}
Total time for which application threads were stopped: 3.9311521 seconds
Application time: 0.0001928 seconds
{Heap before GC invocations=363 (full 235):
 PSYoungGen      total 114944K, used 58240K [0x2d5a0000, 0x37ec0000, 0x38040000)
  eden space 58240K, 100% used [0x2d5a0000,0x30e80000,0x30e80000)
  from space 56704K, 0% used [0x34760000,0x34760000,0x37ec0000)
  to   space 57472K, 0% used [0x30e80000,0x30e80000,0x346a0000)
 PSOldGen        total 349568K, used 349568K [0x18040000, 0x2d5a0000, 0x2d5a0000)
  object space 349568K, 100% used [0x18040000,0x2d5a0000,0x2d5a0000)
 PSPermGen       total 65536K, used 61161K [0x10040000, 0x14040000, 0x18040000)
  object space 65536K, 93% used [0x10040000,0x13bfa788,0x14040000)
989.949: [Full GC [PSYoungGen: 58240K->58240K(114944K)] [PSOldGen: 349568K->349568K(349568K)] 407808K->407808K(464512K) [PSPermGen: 61161K->61161K(65536K)], 1.9513466 secs] [Times: user=1.95 sys=0.00, real=1.95 secs] 
Heap after GC invocations=363 (full 235):
 PSYoungGen      total 114944K, used 58240K [0x2d5a0000, 0x37ec0000, 0x38040000)
  eden space 58240K, 100% used [0x2d5a0000,0x30e80000,0x30e80000)
  from space 56704K, 0% used [0x34760000,0x34760000,0x37ec0000)
  to   space 57472K, 0% used [0x30e80000,0x30e80000,0x346a0000)
 PSOldGen        total 349568K, used 349568K [0x18040000, 0x2d5a0000, 0x2d5a0000)
  object space 349568K, 100% used [0x18040000,0x2d5a0000,0x2d5a0000)
 PSPermGen       total 65536K, used 61161K [0x10040000, 0x14040000, 0x18040000)
  object space 65536K, 93% used [0x10040000,0x13bfa788,0x14040000)
}
{Heap before GC invocations=364 (full 236):
 PSYoungGen      total 114944K, used 58240K [0x2d5a0000, 0x37ec0000, 0x38040000)
  eden space 58240K, 100% used [0x2d5a0000,0x30e80000,0x30e80000)
  from space 56704K, 0% used [0x34760000,0x34760000,0x37ec0000)
  to   space 57472K, 0% used [0x30e80000,0x30e80000,0x346a0000)
 PSOldGen        total 349568K, used 349568K [0x18040000, 0x2d5a0000, 0x2d5a0000)
  object space 349568K, 100% used [0x18040000,0x2d5a0000,0x2d5a0000)
 PSPermGen       total 65536K, used 61161K [0x10040000, 0x14040000, 0x18040000)
  object space 65536K, 93% used [0x10040000,0x13bfa788,0x14040000)
991.901: [Full GC [PSYoungGen: 58240K->58219K(114944K)] [PSOldGen: 349568K->349568K(349568K)] 407808K->407787K(464512K) [PSPermGen: 61161K->61161K(65536K)], 1.9708097 secs] [Times: user=1.95 sys=0.00, real=1.97 secs] 
Heap after GC invocations=364 (full 236):
 PSYoungGen      total 114944K, used 58219K [0x2d5a0000, 0x37ec0000, 0x38040000)
  eden space 58240K, 99% used [0x2d5a0000,0x30e7afb0,0x30e80000)
  from space 56704K, 0% used [0x34760000,0x34760000,0x37ec0000)
  to   space 57472K, 0% used [0x30e80000,0x30e80000,0x346a0000)
 PSOldGen        total 349568K, used 349568K [0x18040000, 0x2d5a0000, 0x2d5a0000)
  object space 349568K, 100% used [0x18040000,0x2d5a0000,0x2d5a0000)
 PSPermGen       total 65536K, used 61161K [0x10040000, 0x14040000, 0x18040000)
  object space 65536K, 93% used [0x10040000,0x13bfa788,0x14040000)
}
Total time for which application threads were stopped: 3.9246762 seconds
Application time: 0.0001028 seconds
{Heap before GC invocations=365 (full 237):
 PSYoungGen      total 114944K, used 58240K [0x2d5a0000, 0x37ec0000, 0x38040000)
  eden space 58240K, 100% used [0x2d5a0000,0x30e80000,0x30e80000)
  from space 56704K, 0% used [0x34760000,0x34760000,0x37ec0000)
  to   space 57472K, 0% used [0x30e80000,0x30e80000,0x346a0000)
 PSOldGen        total 349568K, used 349568K [0x18040000, 0x2d5a0000, 0x2d5a0000)
  object space 349568K, 100% used [0x18040000,0x2d5a0000,0x2d5a0000)
 PSPermGen       total 65536K, used 61161K [0x10040000, 0x14040000, 0x18040000)
  object space 65536K, 93% used [0x10040000,0x13bfa788,0x14040000)
993.873: [Full GC [PSYoungGen: 58240K->58240K(114944K)] [PSOldGen: 349568K->349568K(349568K)] 407808K->407808K(464512K) [PSPermGen: 61161K->61161K(65536K)], 1.9407112 secs] [Times: user=1.94 sys=0.00, real=1.94 secs] 
Heap after GC invocations=365 (full 237):
 PSYoungGen      total 114944K, used 58240K [0x2d5a0000, 0x37ec0000, 0x38040000)
  eden space 58240K, 100% used [0x2d5a0000,0x30e80000,0x30e80000)
  from space 56704K, 0% used [0x34760000,0x34760000,0x37ec0000)
  to   space 57472K, 0% used [0x30e80000,0x30e80000,0x346a0000)
 PSOldGen        total 349568K, used 349568K [0x18040000, 0x2d5a0000, 0x2d5a0000)
  object space 349568K, 100% used [0x18040000,0x2d5a0000,0x2d5a0000)
 PSPermGen       total 65536K, used 61161K [0x10040000, 0x14040000, 0x18040000)
  object space 65536K, 93% used [0x10040000,0x13bfa788,0x14040000)
}
{Heap before GC invocations=366 (full 238):
 PSYoungGen      total 114944K, used 58240K [0x2d5a0000, 0x37ec0000, 0x38040000)
  eden space 58240K, 100% used [0x2d5a0000,0x30e80000,0x30e80000)
  from space 56704K, 0% used [0x34760000,0x34760000,0x37ec0000)
  to   space 57472K, 0% used [0x30e80000,0x30e80000,0x346a0000)
 PSOldGen        total 349568K, used 349568K [0x18040000, 0x2d5a0000, 0x2d5a0000)
  object space 349568K, 100% used [0x18040000,0x2d5a0000,0x2d5a0000)
 PSPermGen       total 65536K, used 61161K [0x10040000, 0x14040000, 0x18040000)
  object space 65536K, 93% used [0x10040000,0x13bfa788,0x14040000)
995.814: [Full GC [PSYoungGen: 58240K->58219K(114944K)] [PSOldGen: 349568K->349568K(349568K)] 407808K->407787K(464512K) [PSPermGen: 61161K->61161K(65536K)], 2.1186528 secs] [Times: user=2.09 sys=0.00, real=2.11 secs] 
Heap after GC invocations=366 (full 238):
 PSYoungGen      total 114944K, used 58219K [0x2d5a0000, 0x37ec0000, 0x38040000)
  eden space 58240K, 99% used [0x2d5a0000,0x30e7af08,0x30e80000)
  from space 56704K, 0% used [0x34760000,0x34760000,0x37ec0000)
  to   space 57472K, 0% used [0x30e80000,0x30e80000,0x346a0000)
 PSOldGen        total 349568K, used 349568K [0x18040000, 0x2d5a0000, 0x2d5a0000)
  object space 349568K, 100% used [0x18040000,0x2d5a0000,0x2d5a0000)
 PSPermGen       total 65536K, used 61161K [0x10040000, 0x14040000, 0x18040000)
  object space 65536K, 93% used [0x10040000,0x13bfa788,0x14040000)
}
Total time for which application threads were stopped: 4.0607390 seconds
Application time: 0.0001369 seconds
{Heap before GC invocations=367 (full 239):
 PSYoungGen      total 114944K, used 58240K [0x2d5a0000, 0x37ec0000, 0x38040000)
  eden space 58240K, 100% used [0x2d5a0000,0x30e80000,0x30e80000)
  from space 56704K, 0% used [0x34760000,0x34760000,0x37ec0000)
  to   space 57472K, 0% used [0x30e80000,0x30e80000,0x346a0000)
 PSOldGen        total 349568K, used 349568K [0x18040000, 0x2d5a0000, 0x2d5a0000)
  object space 349568K, 100% used [0x18040000,0x2d5a0000,0x2d5a0000)
 PSPermGen       total 65536K, used 61161K [0x10040000, 0x14040000, 0x18040000)
  object space 65536K, 93% used [0x10040000,0x13bfa788,0x14040000)
997.934: [Full GC [PSYoungGen: 58240K->58240K(114944K)] [PSOldGen: 349568K->349568K(349568K)] 407808K->407808K(464512K) [PSPermGen: 61161K->61161K(65536K)], 1.9911218 secs] [Times: user=1.97 sys=0.00, real=2.00 secs] 
Heap after GC invocations=367 (full 239):
 PSYoungGen      total 114944K, used 58240K [0x2d5a0000, 0x37ec0000, 0x38040000)
  eden space 58240K, 100% used [0x2d5a0000,0x30e80000,0x30e80000)
  from space 56704K, 0% used [0x34760000,0x34760000,0x37ec0000)
  to   space 57472K, 0% used [0x30e80000,0x30e80000,0x346a0000)
 PSOldGen        total 349568K, used 349568K [0x18040000, 0x2d5a0000, 0x2d5a0000)
  object space 349568K, 100% used [0x18040000,0x2d5a0000,0x2d5a0000)
 PSPermGen       total 65536K, used 61161K [0x10040000, 0x14040000, 0x18040000)
  object space 65536K, 93% used [0x10040000,0x13bfa788,0x14040000)
}
{Heap before GC invocations=368 (full 240):
 PSYoungGen      total 114944K, used 58240K [0x2d5a0000, 0x37ec0000, 0x38040000)
  eden space 58240K, 100% used [0x2d5a0000,0x30e80000,0x30e80000)
  from space 56704K, 0% used [0x34760000,0x34760000,0x37ec0000)
  to   space 57472K, 0% used [0x30e80000,0x30e80000,0x346a0000)
 PSOldGen        total 349568K, used 349568K [0x18040000, 0x2d5a0000, 0x2d5a0000)
  object space 349568K, 100% used [0x18040000,0x2d5a0000,0x2d5a0000)
 PSPermGen       total 65536K, used 61161K [0x10040000, 0x14040000, 0x18040000)
  object space 65536K, 93% used [0x10040000,0x13bfa788,0x14040000)
999.926: [Full GC [PSYoungGen: 58240K->58220K(114944K)] [PSOldGen: 349568K->349567K(349568K)] 407808K->407788K(464512K) [PSPermGen: 61161K->61161K(65536K)], 1.9618736 secs] [Times: user=1.95 sys=0.00, real=1.95 secs] 
Heap after GC invocations=368 (full 240):
 PSYoungGen      total 114944K, used 58220K [0x2d5a0000, 0x37ec0000, 0x38040000)
  eden space 58240K, 99% used [0x2d5a0000,0x30e7b1b0,0x30e80000)
  from space 56704K, 0% used [0x34760000,0x34760000,0x37ec0000)
  to   space 57472K, 0% used [0x30e80000,0x30e80000,0x346a0000)
 PSOldGen        total 349568K, used 349567K [0x18040000, 0x2d5a0000, 0x2d5a0000)
  object space 349568K, 99% used [0x18040000,0x2d59ffe8,0x2d5a0000)
 PSPermGen       total 65536K, used 61161K [0x10040000, 0x14040000, 0x18040000)
  object space 65536K, 93% used [0x10040000,0x13bfa788,0x14040000)
}
Total time for which application threads were stopped: 3.9545233 seconds
Application time: 0.0001970 seconds
{Heap before GC invocations=369 (full 241):
 PSYoungGen      total 114944K, used 58240K [0x2d5a0000, 0x37ec0000, 0x38040000)
  eden space 58240K, 100% used [0x2d5a0000,0x30e80000,0x30e80000)
  from space 56704K, 0% used [0x34760000,0x34760000,0x37ec0000)
  to   space 57472K, 0% used [0x30e80000,0x30e80000,0x346a0000)
 PSOldGen        total 349568K, used 349567K [0x18040000, 0x2d5a0000, 0x2d5a0000)
  object space 349568K, 99% used [0x18040000,0x2d59ffe8,0x2d5a0000)
 PSPermGen       total 65536K, used 61161K [0x10040000, 0x14040000, 0x18040000)
  object space 65536K, 93% used [0x10040000,0x13bfa788,0x14040000)
1001.889: [Full GC [PSYoungGen: 58240K->58240K(114944K)] [PSOldGen: 349567K->349567K(349568K)] 407807K->407807K(464512K) [PSPermGen: 61161K->61161K(65536K)], 1.9520841 secs] [Times: user=1.94 sys=0.00, real=1.94 secs] 
Heap after GC invocations=369 (full 241):
 PSYoungGen      total 114944K, used 58240K [0x2d5a0000, 0x37ec0000, 0x38040000)
  eden space 58240K, 100% used [0x2d5a0000,0x30e80000,0x30e80000)
  from space 56704K, 0% used [0x34760000,0x34760000,0x37ec0000)
  to   space 57472K, 0% used [0x30e80000,0x30e80000,0x346a0000)
 PSOldGen        total 349568K, used 349567K [0x18040000, 0x2d5a0000, 0x2d5a0000)
  object space 349568K, 99% used [0x18040000,0x2d59ffe8,0x2d5a0000)
 PSPermGen       total 65536K, used 61161K [0x10040000, 0x14040000, 0x18040000)
  object space 65536K, 93% used [0x10040000,0x13bfa788,0x14040000)
}
